[2026-06-17T10:06:20.353+0800][0.004s][info][gc,init] CardTable entry size: 512
[2026-06-17T10:06:20.354+0800][0.004s][info][gc     ] Using G1
[2026-06-17T10:06:20.355+0800][0.005s][info][gc,init] Version: 25.0.3+9-LTS (release)
[2026-06-17T10:06:20.355+0800][0.005s][info][gc,init] CPUs: 24 total, 24 available
[2026-06-17T10:06:20.355+0800][0.005s][info][gc,init] Memory: 15856M
[2026-06-17T10:06:20.355+0800][0.006s][info][gc,init] Large Page Support: Disabled
[2026-06-17T10:06:20.355+0800][0.006s][info][gc,init] NUMA Support: Disabled
[2026-06-17T10:06:20.355+0800][0.006s][info][gc,init] Compressed Oops: Enabled (32-bit)
[2026-06-17T10:06:20.355+0800][0.006s][info][gc,init] Heap Region Size: 1M
[2026-06-17T10:06:20.355+0800][0.006s][info][gc,init] Heap Min Capacity: 64M
[2026-06-17T10:06:20.357+0800][0.007s][info][gc,init] Heap Initial Capacity: 64M
[2026-06-17T10:06:20.357+0800][0.007s][info][gc,init] Heap Max Capacity: 64M
[2026-06-17T10:06:20.357+0800][0.007s][info][gc,init] Pre-touch: Disabled
[2026-06-17T10:06:20.357+0800][0.007s][info][gc,init] Parallel Workers: 18
[2026-06-17T10:06:20.357+0800][0.008s][info][gc,init] Concurrent Workers: 5
[2026-06-17T10:06:20.357+0800][0.008s][info][gc,init] Concurrent Refinement Workers: 18
[2026-06-17T10:06:20.357+0800][0.008s][info][gc,init] Periodic GC: Disabled
[2026-06-17T10:06:20.359+0800][0.010s][info][gc,metaspace] CDS archive(s) mapped at: [0x0000000008000000-0x0000000008c95000-0x0000000008c95000), size 13193216, SharedBaseAddress: 0x0000000008000000, ArchiveRelocationMode: 1.
[2026-06-17T10:06:20.359+0800][0.010s][info][gc,metaspace] Compressed class space mapped at: 0x0000000009000000-0x0000000049000000, reserved size: 1073741824
[2026-06-17T10:06:20.360+0800][0.010s][info][gc,metaspace] UseCompressedClassPointers 1, UseCompactObjectHeaders 0
[2026-06-17T10:06:20.360+0800][0.010s][info][gc,metaspace] Narrow klass pointer bits 32, Max shift 3
[2026-06-17T10:06:20.360+0800][0.010s][info][gc,metaspace] Narrow klass base: 0x0000000008000000, Narrow klass shift: 0
[2026-06-17T10:06:20.360+0800][0.010s][info][gc,metaspace] Encoding Range: [0x0000000008000000 - 0x0000000108000000), (4294967296 bytes)
[2026-06-17T10:06:20.360+0800][0.010s][info][gc,metaspace] Klass Range:    [0x0000000008001000 - 0x0000000049000000), (1090514944 bytes)
[2026-06-17T10:06:20.360+0800][0.010s][info][gc,metaspace] Klass ID Range:  [4096 - 1090519033) (1090514937)
[2026-06-17T10:06:20.360+0800][0.011s][info][gc,metaspace] Protection zone: [0x0000000008000000 - 0x0000000008001000), (4096 bytes)
[2026-06-17T10:06:20.470+0800][0.121s][info][gc,start    ] GC(0) Pause Young (Normal) (G1 Evacuation Pause)
[2026-06-17T10:06:20.472+0800][0.122s][info][gc,task     ] GC(0) Using 2 workers of 18 for evacuation
[2026-06-17T10:06:20.478+0800][0.129s][info][gc,phases   ] GC(0)   Pre Evacuate Collection Set: 0.49ms
[2026-06-17T10:06:20.479+0800][0.129s][info][gc,phases   ] GC(0)   Merge Heap Roots: 0.25ms
[2026-06-17T10:06:20.479+0800][0.130s][info][gc,phases   ] GC(0)   Evacuate Collection Set: 4.64ms
[2026-06-17T10:06:20.480+0800][0.130s][info][gc,phases   ] GC(0)   Post Evacuate Collection Set: 0.57ms
[2026-06-17T10:06:20.480+0800][0.131s][info][gc,phases   ] GC(0)   Other: 1.29ms
[2026-06-17T10:06:20.480+0800][0.131s][info][gc,heap     ] GC(0) Eden regions: 34->0(19)
[2026-06-17T10:06:20.481+0800][0.131s][info][gc,heap     ] GC(0) Survivor regions: 0->5(5)
[2026-06-17T10:06:20.481+0800][0.131s][info][gc,heap     ] GC(0) Old regions: 2->8
[2026-06-17T10:06:20.481+0800][0.132s][info][gc,heap     ] GC(0) Humongous regions: 2->2
[2026-06-17T10:06:20.481+0800][0.132s][info][gc,metaspace] GC(0) Metaspace: 104K(320K)->104K(320K) NonClass: 97K(192K)->97K(192K) Class: 7K(128K)->7K(128K)
[2026-06-17T10:06:20.481+0800][0.132s][info][gc          ] GC(0) Pause Young (Normal) (G1 Evacuation Pause) 37M->13M(64M) 11.117ms
[2026-06-17T10:06:20.482+0800][0.132s][info][gc,cpu      ] GC(0) User=0.00s Sys=0.01s Real=0.01s
[2026-06-17T10:06:20.537+0800][0.188s][info][gc,start    ] GC(1) Pause Young (Normal) (G1 Evacuation Pause)
[2026-06-17T10:06:20.539+0800][0.189s][info][gc,task     ] GC(1) Using 2 workers of 18 for evacuation
[2026-06-17T10:06:20.543+0800][0.194s][info][gc,phases   ] GC(1)   Pre Evacuate Collection Set: 0.37ms
[2026-06-17T10:06:20.544+0800][0.194s][info][gc,phases   ] GC(1)   Merge Heap Roots: 0.24ms
[2026-06-17T10:06:20.544+0800][0.195s][info][gc,phases   ] GC(1)   Evacuate Collection Set: 2.29ms
[2026-06-17T10:06:20.545+0800][0.195s][info][gc,phases   ] GC(1)   Post Evacuate Collection Set: 0.74ms
[2026-06-17T10:06:20.545+0800][0.195s][info][gc,phases   ] GC(1)   Other: 0.84ms
[2026-06-17T10:06:20.545+0800][0.196s][info][gc,heap     ] GC(1) Eden regions: 19->0(24)
[2026-06-17T10:06:20.546+0800][0.196s][info][gc,heap     ] GC(1) Survivor regions: 5->3(3)
[2026-06-17T10:06:20.546+0800][0.197s][info][gc,heap     ] GC(1) Old regions: 8->11
[2026-06-17T10:06:20.547+0800][0.198s][info][gc,heap     ] GC(1) Humongous regions: 2->2
[2026-06-17T10:06:20.547+0800][0.198s][info][gc,metaspace] GC(1) Metaspace: 104K(320K)->104K(320K) NonClass: 97K(192K)->97K(192K) Class: 7K(128K)->7K(128K)
[2026-06-17T10:06:20.548+0800][0.198s][info][gc          ] GC(1) Pause Young (Normal) (G1 Evacuation Pause) 32M->13M(64M) 10.628ms
[2026-06-17T10:06:20.548+0800][0.199s][info][gc,cpu      ] GC(1) User=0.00s Sys=0.00s Real=0.01s
[2026-06-17T10:06:20.615+0800][0.266s][info][gc,start    ] GC(2) Pause Young (Normal) (G1 Evacuation Pause)
[2026-06-17T10:06:20.616+0800][0.267s][info][gc,task     ] GC(2) Using 2 workers of 18 for evacuation
[2026-06-17T10:06:20.620+0800][0.271s][info][gc,phases   ] GC(2)   Pre Evacuate Collection Set: 0.56ms
[2026-06-17T10:06:20.621+0800][0.272s][info][gc,phases   ] GC(2)   Merge Heap Roots: 0.15ms
[2026-06-17T10:06:20.622+0800][0.272s][info][gc,phases   ] GC(2)   Evacuate Collection Set: 1.68ms
[2026-06-17T10:06:20.622+0800][0.273s][info][gc,phases   ] GC(2)   Post Evacuate Collection Set: 0.69ms
[2026-06-17T10:06:20.623+0800][0.273s][info][gc,phases   ] GC(2)   Other: 0.87ms
[2026-06-17T10:06:20.623+0800][0.273s][info][gc,heap     ] GC(2) Eden regions: 24->0(23)
[2026-06-17T10:06:20.623+0800][0.274s][info][gc,heap     ] GC(2) Survivor regions: 3->4(4)
[2026-06-17T10:06:20.623+0800][0.274s][info][gc,heap     ] GC(2) Old regions: 11->13
[2026-06-17T10:06:20.624+0800][0.274s][info][gc,heap     ] GC(2) Humongous regions: 4->4
[2026-06-17T10:06:20.624+0800][0.275s][info][gc,metaspace] GC(2) Metaspace: 104K(320K)->104K(320K) NonClass: 97K(192K)->97K(192K) Class: 7K(128K)->7K(128K)
[2026-06-17T10:06:20.624+0800][0.275s][info][gc          ] GC(2) Pause Young (Normal) (G1 Evacuation Pause) 39M->19M(64M) 9.037ms
[2026-06-17T10:06:20.625+0800][0.275s][info][gc,cpu      ] GC(2) User=0.00s Sys=0.00s Real=0.01s
[2026-06-17T10:06:20.691+0800][0.341s][info][gc,start    ] GC(3) Pause Young (Normal) (G1 Evacuation Pause)
[2026-06-17T10:06:20.692+0800][0.342s][info][gc,task     ] GC(3) Using 2 workers of 18 for evacuation
[2026-06-17T10:06:20.698+0800][0.349s][info][gc,phases   ] GC(3)   Pre Evacuate Collection Set: 0.53ms
[2026-06-17T10:06:20.701+0800][0.351s][info][gc,phases   ] GC(3)   Merge Heap Roots: 0.27ms
[2026-06-17T10:06:20.703+0800][0.354s][info][gc,phases   ] GC(3)   Evacuate Collection Set: 3.66ms
[2026-06-17T10:06:20.705+0800][0.356s][info][gc,phases   ] GC(3)   Post Evacuate Collection Set: 0.76ms
[2026-06-17T10:06:20.707+0800][0.358s][info][gc,phases   ] GC(3)   Other: 1.16ms
[2026-06-17T10:06:20.710+0800][0.360s][info][gc,heap     ] GC(3) Eden regions: 23->0(20)
[2026-06-17T10:06:20.713+0800][0.364s][info][gc,heap     ] GC(3) Survivor regions: 4->4(4)
[2026-06-17T10:06:20.715+0800][0.366s][info][gc,heap     ] GC(3) Old regions: 13->20
[2026-06-17T10:06:20.717+0800][0.367s][info][gc,heap     ] GC(3) Humongous regions: 4->4
[2026-06-17T10:06:20.719+0800][0.370s][info][gc,metaspace] GC(3) Metaspace: 104K(320K)->104K(320K) NonClass: 97K(192K)->97K(192K) Class: 7K(128K)->7K(128K)
[2026-06-17T10:06:20.721+0800][0.372s][info][gc          ] GC(3) Pause Young (Normal) (G1 Evacuation Pause) 42M->26M(64M) 30.288ms
[2026-06-17T10:06:20.722+0800][0.372s][info][gc,cpu      ] GC(3) User=0.01s Sys=0.01s Real=0.02s
[2026-06-17T10:06:20.777+0800][0.427s][info][gc,start    ] GC(4) Pause Young (Normal) (G1 Evacuation Pause)
[2026-06-17T10:06:20.777+0800][0.428s][info][gc,task     ] GC(4) Using 2 workers of 18 for evacuation
[2026-06-17T10:06:20.779+0800][0.430s][info][gc,phases   ] GC(4)   Pre Evacuate Collection Set: 0.18ms
[2026-06-17T10:06:20.780+0800][0.430s][info][gc,phases   ] GC(4)   Merge Heap Roots: 0.06ms
[2026-06-17T10:06:20.780+0800][0.431s][info][gc,phases   ] GC(4)   Evacuate Collection Set: 1.00ms
[2026-06-17T10:06:20.780+0800][0.431s][info][gc,phases   ] GC(4)   Post Evacuate Collection Set: 0.49ms
[2026-06-17T10:06:20.781+0800][0.431s][info][gc,phases   ] GC(4)   Other: 0.45ms
[2026-06-17T10:06:20.781+0800][0.431s][info][gc,heap     ] GC(4) Eden regions: 20->0(17)
[2026-06-17T10:06:20.781+0800][0.431s][info][gc,heap     ] GC(4) Survivor regions: 4->3(3)
[2026-06-17T10:06:20.781+0800][0.432s][info][gc,heap     ] GC(4) Old regions: 20->25
[2026-06-17T10:06:20.782+0800][0.432s][info][gc,heap     ] GC(4) Humongous regions: 4->4
[2026-06-17T10:06:20.782+0800][0.432s][info][gc,metaspace] GC(4) Metaspace: 104K(320K)->104K(320K) NonClass: 97K(192K)->97K(192K) Class: 7K(128K)->7K(128K)
[2026-06-17T10:06:20.782+0800][0.433s][info][gc          ] GC(4) Pause Young (Normal) (G1 Evacuation Pause) 46M->30M(64M) 5.466ms
[2026-06-17T10:06:20.782+0800][0.433s][info][gc,cpu      ] GC(4) User=0.00s Sys=0.00s Real=0.00s
[2026-06-17T10:06:20.825+0800][0.476s][info][gc,start    ] GC(5) Pause Young (Concurrent Start) (G1 Evacuation Pause)
[2026-06-17T10:06:20.825+0800][0.476s][info][gc,task     ] GC(5) Using 2 workers of 18 for evacuation
[2026-06-17T10:06:20.827+0800][0.477s][info][gc,phases   ] GC(5)   Pre Evacuate Collection Set: 0.20ms
[2026-06-17T10:06:20.827+0800][0.478s][info][gc,phases   ] GC(5)   Merge Heap Roots: 0.05ms
[2026-06-17T10:06:20.827+0800][0.478s][info][gc,phases   ] GC(5)   Evacuate Collection Set: 0.55ms
[2026-06-17T10:06:20.827+0800][0.478s][info][gc,phases   ] GC(5)   Post Evacuate Collection Set: 0.21ms
[2026-06-17T10:06:20.827+0800][0.478s][info][gc,phases   ] GC(5)   Other: 0.31ms
[2026-06-17T10:06:20.828+0800][0.478s][info][gc,heap     ] GC(5) Eden regions: 17->0(16)
[2026-06-17T10:06:20.828+0800][0.478s][info][gc,heap     ] GC(5) Survivor regions: 3->3(3)
[2026-06-17T10:06:20.828+0800][0.478s][info][gc,heap     ] GC(5) Old regions: 25->28
[2026-06-17T10:06:20.828+0800][0.479s][info][gc,heap     ] GC(5) Humongous regions: 4->4
[2026-06-17T10:06:20.828+0800][0.479s][info][gc,metaspace] GC(5) Metaspace: 105K(320K)->105K(320K) NonClass: 98K(192K)->98K(192K) Class: 7K(128K)->7K(128K)
[2026-06-17T10:06:20.828+0800][0.479s][info][gc          ] GC(5) Pause Young (Concurrent Start) (G1 Evacuation Pause) 47M->33M(64M) 3.325ms
[2026-06-17T10:06:20.828+0800][0.479s][info][gc,cpu      ] GC(5) User=0.00s Sys=0.00s Real=0.00s
[2026-06-17T10:06:20.828+0800][0.479s][info][gc          ] GC(6) Concurrent Mark Cycle
[2026-06-17T10:06:20.829+0800][0.479s][info][gc,marking  ] GC(6) Concurrent Scan Root Regions
[2026-06-17T10:06:20.830+0800][0.480s][info][gc,marking  ] GC(6) Concurrent Scan Root Regions 0.810ms
[2026-06-17T10:06:20.830+0800][0.480s][info][gc,marking  ] GC(6) Concurrent Mark
[2026-06-17T10:06:20.830+0800][0.480s][info][gc,marking  ] GC(6) Concurrent Mark From Roots
[2026-06-17T10:06:20.830+0800][0.481s][info][gc,task     ] GC(6) Using 5 workers of 5 for marking
[2026-06-17T10:06:20.833+0800][0.483s][info][gc,marking  ] GC(6) Concurrent Mark From Roots 2.992ms
[2026-06-17T10:06:20.833+0800][0.484s][info][gc,marking  ] GC(6) Concurrent Preclean
[2026-06-17T10:06:20.833+0800][0.484s][info][gc,marking  ] GC(6) Concurrent Preclean 0.113ms
[2026-06-17T10:06:20.833+0800][0.484s][info][gc,start    ] GC(6) Pause Remark
[2026-06-17T10:06:20.834+0800][0.484s][info][gc          ] GC(6) Pause Remark 37M->28M(64M) 0.423ms
[2026-06-17T10:06:20.834+0800][0.484s][info][gc,cpu      ] GC(6) User=0.00s Sys=0.00s Real=0.00s
[2026-06-17T10:06:20.834+0800][0.485s][info][gc,marking  ] GC(6) Concurrent Mark 4.231ms
[2026-06-17T10:06:20.834+0800][0.485s][info][gc,marking  ] GC(6) Concurrent Rebuild Remembered Sets and Scrub Regions
[2026-06-17T10:06:20.835+0800][0.485s][info][gc,marking  ] GC(6) Concurrent Rebuild Remembered Sets and Scrub Regions 0.691ms
[2026-06-17T10:06:20.835+0800][0.486s][info][gc,start    ] GC(6) Pause Cleanup
[2026-06-17T10:06:20.835+0800][0.486s][info][gc          ] GC(6) Pause Cleanup 28M->28M(64M) 0.088ms
[2026-06-17T10:06:20.835+0800][0.486s][info][gc,cpu      ] GC(6) User=0.00s Sys=0.00s Real=0.00s
[2026-06-17T10:06:20.835+0800][0.486s][info][gc,marking  ] GC(6) Concurrent Clear Claimed Marks
[2026-06-17T10:06:20.835+0800][0.486s][info][gc,marking  ] GC(6) Concurrent Clear Claimed Marks 0.070ms
[2026-06-17T10:06:20.836+0800][0.486s][info][gc,marking  ] GC(6) Concurrent Cleanup for Next Mark
[2026-06-17T10:06:20.836+0800][0.487s][info][gc,marking  ] GC(6) Concurrent Cleanup for Next Mark 0.531ms
[2026-06-17T10:06:20.836+0800][0.487s][info][gc          ] GC(6) Concurrent Mark Cycle 7.860ms
[2026-06-17T10:06:20.871+0800][0.521s][info][gc,start    ] GC(7) Pause Young (Prepare Mixed) (G1 Evacuation Pause)
[2026-06-17T10:06:20.871+0800][0.522s][info][gc,task     ] GC(7) Using 2 workers of 18 for evacuation
[2026-06-17T10:06:20.872+0800][0.523s][info][gc,phases   ] GC(7)   Pre Evacuate Collection Set: 0.16ms
[2026-06-17T10:06:20.873+0800][0.523s][info][gc,phases   ] GC(7)   Merge Heap Roots: 0.08ms
[2026-06-17T10:06:20.873+0800][0.524s][info][gc,phases   ] GC(7)   Evacuate Collection Set: 0.58ms
[2026-06-17T10:06:20.873+0800][0.524s][info][gc,phases   ] GC(7)   Post Evacuate Collection Set: 0.27ms
[2026-06-17T10:06:20.874+0800][0.524s][info][gc,phases   ] GC(7)   Other: 0.28ms
[2026-06-17T10:06:20.874+0800][0.524s][info][gc,heap     ] GC(7) Eden regions: 16->0(17)
[2026-06-17T10:06:20.874+0800][0.524s][info][gc,heap     ] GC(7) Survivor regions: 3->3(3)
[2026-06-17T10:06:20.874+0800][0.525s][info][gc,heap     ] GC(7) Old regions: 19->22
[2026-06-17T10:06:20.874+0800][0.525s][info][gc,heap     ] GC(7) Humongous regions: 6->6
[2026-06-17T10:06:20.874+0800][0.525s][info][gc,metaspace] GC(7) Metaspace: 105K(320K)->105K(320K) NonClass: 98K(192K)->98K(192K) Class: 7K(128K)->7K(128K)
[2026-06-17T10:06:20.875+0800][0.525s][info][gc          ] GC(7) Pause Young (Prepare Mixed) (G1 Evacuation Pause) 42M->29M(64M) 3.898ms
[2026-06-17T10:06:20.875+0800][0.525s][info][gc,cpu      ] GC(7) User=0.00s Sys=0.00s Real=0.00s
[2026-06-17T10:06:20.917+0800][0.568s][info][gc,start    ] GC(8) Pause Young (Mixed) (G1 Evacuation Pause)
[2026-06-17T10:06:20.918+0800][0.568s][info][gc,task     ] GC(8) Using 2 workers of 18 for evacuation
[2026-06-17T10:06:20.920+0800][0.570s][info][gc,phases   ] GC(8)   Pre Evacuate Collection Set: 0.21ms
[2026-06-17T10:06:20.920+0800][0.570s][info][gc,phases   ] GC(8)   Merge Heap Roots: 0.09ms
[2026-06-17T10:06:20.920+0800][0.571s][info][gc,phases   ] GC(8)   Evacuate Collection Set: 1.01ms
[2026-06-17T10:06:20.920+0800][0.571s][info][gc,phases   ] GC(8)   Post Evacuate Collection Set: 0.27ms
[2026-06-17T10:06:20.921+0800][0.571s][info][gc,phases   ] GC(8)   Other: 0.36ms
[2026-06-17T10:06:20.921+0800][0.572s][info][gc,heap     ] GC(8) Eden regions: 17->0(17)
[2026-06-17T10:06:20.921+0800][0.572s][info][gc,heap     ] GC(8) Survivor regions: 3->3(3)
[2026-06-17T10:06:20.922+0800][0.572s][info][gc,heap     ] GC(8) Old regions: 22->23
[2026-06-17T10:06:20.922+0800][0.572s][info][gc,heap     ] GC(8) Humongous regions: 6->6
[2026-06-17T10:06:20.922+0800][0.572s][info][gc,metaspace] GC(8) Metaspace: 105K(320K)->105K(320K) NonClass: 98K(192K)->98K(192K) Class: 7K(128K)->7K(128K)
[2026-06-17T10:06:20.922+0800][0.573s][info][gc          ] GC(8) Pause Young (Mixed) (G1 Evacuation Pause) 46M->31M(64M) 4.975ms
[2026-06-17T10:06:20.922+0800][0.573s][info][gc,cpu      ] GC(8) User=0.00s Sys=0.00s Real=0.00s
[2026-06-17T10:06:20.966+0800][0.617s][info][gc,start    ] GC(9) Pause Young (Concurrent Start) (G1 Evacuation Pause)
[2026-06-17T10:06:20.967+0800][0.618s][info][gc,task     ] GC(9) Using 2 workers of 18 for evacuation
[2026-06-17T10:06:20.970+0800][0.620s][info][gc,phases   ] GC(9)   Pre Evacuate Collection Set: 0.63ms
[2026-06-17T10:06:20.970+0800][0.621s][info][gc,phases   ] GC(9)   Merge Heap Roots: 0.16ms
[2026-06-17T10:06:20.971+0800][0.621s][info][gc,phases   ] GC(9)   Evacuate Collection Set: 0.77ms
[2026-06-17T10:06:20.971+0800][0.622s][info][gc,phases   ] GC(9)   Post Evacuate Collection Set: 0.65ms
[2026-06-17T10:06:20.972+0800][0.622s][info][gc,phases   ] GC(9)   Other: 0.66ms
[2026-06-17T10:06:20.972+0800][0.623s][info][gc,heap     ] GC(9) Eden regions: 17->0(16)
[2026-06-17T10:06:20.973+0800][0.623s][info][gc,heap     ] GC(9) Survivor regions: 3->3(3)
[2026-06-17T10:06:20.973+0800][0.624s][info][gc,heap     ] GC(9) Old regions: 23->25
[2026-06-17T10:06:20.973+0800][0.624s][info][gc,heap     ] GC(9) Humongous regions: 6->6
[2026-06-17T10:06:20.974+0800][0.624s][info][gc,metaspace] GC(9) Metaspace: 105K(320K)->105K(320K) NonClass: 98K(192K)->98K(192K) Class: 7K(128K)->7K(128K)
[2026-06-17T10:06:20.974+0800][0.624s][info][gc          ] GC(9) Pause Young (Concurrent Start) (G1 Evacuation Pause) 48M->32M(64M) 7.760ms
[2026-06-17T10:06:20.974+0800][0.625s][info][gc,cpu      ] GC(9) User=0.00s Sys=0.00s Real=0.01s
[2026-06-17T10:06:20.974+0800][0.625s][info][gc          ] GC(10) Concurrent Mark Cycle
[2026-06-17T10:06:20.975+0800][0.626s][info][gc,marking  ] GC(10) Concurrent Scan Root Regions
[2026-06-17T10:06:20.976+0800][0.626s][info][gc,marking  ] GC(10) Concurrent Scan Root Regions 0.521ms
[2026-06-17T10:06:20.976+0800][0.626s][info][gc,marking  ] GC(10) Concurrent Mark
[2026-06-17T10:06:20.976+0800][0.627s][info][gc,marking  ] GC(10) Concurrent Mark From Roots
[2026-06-17T10:06:20.976+0800][0.627s][info][gc,task     ] GC(10) Using 5 workers of 5 for marking
[2026-06-17T10:06:20.978+0800][0.629s][info][gc,marking  ] GC(10) Concurrent Mark From Roots 2.323ms
[2026-06-17T10:06:20.979+0800][0.629s][info][gc,marking  ] GC(10) Concurrent Preclean
[2026-06-17T10:06:20.979+0800][0.629s][info][gc,marking  ] GC(10) Concurrent Preclean 0.196ms
[2026-06-17T10:06:20.979+0800][0.630s][info][gc,start    ] GC(10) Pause Remark
[2026-06-17T10:06:20.980+0800][0.630s][info][gc          ] GC(10) Pause Remark 34M->34M(64M) 0.609ms
[2026-06-17T10:06:20.980+0800][0.631s][info][gc,cpu      ] GC(10) User=0.00s Sys=0.00s Real=0.00s
[2026-06-17T10:06:20.980+0800][0.631s][info][gc,marking  ] GC(10) Concurrent Mark 4.348ms
[2026-06-17T10:06:20.980+0800][0.631s][info][gc,marking  ] GC(10) Concurrent Rebuild Remembered Sets and Scrub Regions
[2026-06-17T10:06:20.981+0800][0.632s][info][gc,marking  ] GC(10) Concurrent Rebuild Remembered Sets and Scrub Regions 0.676ms
[2026-06-17T10:06:20.981+0800][0.632s][info][gc,start    ] GC(10) Pause Cleanup
[2026-06-17T10:06:20.981+0800][0.632s][info][gc          ] GC(10) Pause Cleanup 34M->34M(64M) 0.147ms
[2026-06-17T10:06:20.981+0800][0.632s][info][gc,cpu      ] GC(10) User=0.00s Sys=0.00s Real=0.00s
[2026-06-17T10:06:20.982+0800][0.632s][info][gc,marking  ] GC(10) Concurrent Clear Claimed Marks
[2026-06-17T10:06:20.982+0800][0.632s][info][gc,marking  ] GC(10) Concurrent Clear Claimed Marks 0.118ms
[2026-06-17T10:06:20.982+0800][0.632s][info][gc,marking  ] GC(10) Concurrent Cleanup for Next Mark
[2026-06-17T10:06:20.982+0800][0.633s][info][gc,marking  ] GC(10) Concurrent Cleanup for Next Mark 0.182ms
[2026-06-17T10:06:20.982+0800][0.633s][info][gc          ] GC(10) Concurrent Mark Cycle 7.890ms
[2026-06-17T10:06:21.017+0800][0.668s][info][gc,start    ] GC(11) Pause Young (Prepare Mixed) (G1 Evacuation Pause)
[2026-06-17T10:06:21.019+0800][0.669s][info][gc,task     ] GC(11) Using 2 workers of 18 for evacuation
[2026-06-17T10:06:21.021+0800][0.671s][info][gc,phases   ] GC(11)   Pre Evacuate Collection Set: 0.35ms
[2026-06-17T10:06:21.022+0800][0.672s][info][gc,phases   ] GC(11)   Merge Heap Roots: 0.13ms
[2026-06-17T10:06:21.022+0800][0.673s][info][gc,phases   ] GC(11)   Evacuate Collection Set: 0.59ms
[2026-06-17T10:06:21.024+0800][0.675s][info][gc,phases   ] GC(11)   Post Evacuate Collection Set: 0.21ms
[2026-06-17T10:06:21.025+0800][0.676s][info][gc,phases   ] GC(11)   Other: 0.94ms
[2026-06-17T10:06:21.027+0800][0.678s][info][gc,heap     ] GC(11) Eden regions: 16->0(12)
[2026-06-17T10:06:21.029+0800][0.680s][info][gc,heap     ] GC(11) Survivor regions: 3->3(3)
[2026-06-17T10:06:21.032+0800][0.683s][info][gc,heap     ] GC(11) Old regions: 25->31
[2026-06-17T10:06:21.033+0800][0.684s][info][gc,heap     ] GC(11) Humongous regions: 6->6
[2026-06-17T10:06:21.035+0800][0.685s][info][gc,metaspace] GC(11) Metaspace: 105K(320K)->105K(320K) NonClass: 98K(192K)->98K(192K) Class: 7K(128K)->7K(128K)
[2026-06-17T10:06:21.036+0800][0.686s][info][gc          ] GC(11) Pause Young (Prepare Mixed) (G1 Evacuation Pause) 48M->39M(64M) 18.208ms
[2026-06-17T10:06:21.036+0800][0.687s][info][gc,cpu      ] GC(11) User=0.00s Sys=0.00s Real=0.02s
[2026-06-17T10:06:21.070+0800][0.721s][info][gc,start    ] GC(12) Pause Young (Mixed) (G1 Evacuation Pause)
[2026-06-17T10:06:21.071+0800][0.721s][info][gc,task     ] GC(12) Using 2 workers of 18 for evacuation
[2026-06-17T10:06:21.072+0800][0.723s][info][gc,phases   ] GC(12)   Pre Evacuate Collection Set: 0.15ms
[2026-06-17T10:06:21.073+0800][0.723s][info][gc,phases   ] GC(12)   Merge Heap Roots: 0.07ms
[2026-06-17T10:06:21.073+0800][0.724s][info][gc,phases   ] GC(12)   Evacuate Collection Set: 0.83ms
[2026-06-17T10:06:21.073+0800][0.724s][info][gc,phases   ] GC(12)   Post Evacuate Collection Set: 0.51ms
[2026-06-17T10:06:21.074+0800][0.724s][info][gc,phases   ] GC(12)   Other: 0.24ms
[2026-06-17T10:06:21.074+0800][0.724s][info][gc,heap     ] GC(12) Eden regions: 12->0(11)
[2026-06-17T10:06:21.074+0800][0.725s][info][gc,heap     ] GC(12) Survivor regions: 3->2(2)
[2026-06-17T10:06:21.074+0800][0.725s][info][gc,heap     ] GC(12) Old regions: 31->33
[2026-06-17T10:06:21.074+0800][0.725s][info][gc,heap     ] GC(12) Humongous regions: 7->7
[2026-06-17T10:06:21.075+0800][0.725s][info][gc,metaspace] GC(12) Metaspace: 105K(320K)->105K(320K) NonClass: 98K(192K)->98K(192K) Class: 7K(128K)->7K(128K)
[2026-06-17T10:06:21.075+0800][0.725s][info][gc          ] GC(12) Pause Young (Mixed) (G1 Evacuation Pause) 52M->41M(64M) 4.718ms
[2026-06-17T10:06:21.075+0800][0.726s][info][gc,cpu      ] GC(12) User=0.00s Sys=0.00s Real=0.01s
[2026-06-17T10:06:21.107+0800][0.757s][info][gc,start    ] GC(13) Pause Young (Concurrent Start) (G1 Evacuation Pause)
[2026-06-17T10:06:21.107+0800][0.758s][info][gc,task     ] GC(13) Using 2 workers of 18 for evacuation
[2026-06-17T10:06:21.108+0800][0.759s][info][gc,phases   ] GC(13)   Pre Evacuate Collection Set: 0.30ms
[2026-06-17T10:06:21.108+0800][0.759s][info][gc,phases   ] GC(13)   Merge Heap Roots: 0.08ms
[2026-06-17T10:06:21.109+0800][0.759s][info][gc,phases   ] GC(13)   Evacuate Collection Set: 0.31ms
[2026-06-17T10:06:21.109+0800][0.759s][info][gc,phases   ] GC(13)   Post Evacuate Collection Set: 0.27ms
[2026-06-17T10:06:21.109+0800][0.760s][info][gc,phases   ] GC(13)   Other: 0.20ms
[2026-06-17T10:06:21.109+0800][0.760s][info][gc,heap     ] GC(13) Eden regions: 11->0(10)
[2026-06-17T10:06:21.109+0800][0.760s][info][gc,heap     ] GC(13) Survivor regions: 2->2(2)
[2026-06-17T10:06:21.109+0800][0.760s][info][gc,heap     ] GC(13) Old regions: 33->35
[2026-06-17T10:06:21.109+0800][0.760s][info][gc,heap     ] GC(13) Humongous regions: 7->7
[2026-06-17T10:06:21.110+0800][0.760s][info][gc,metaspace] GC(13) Metaspace: 105K(320K)->105K(320K) NonClass: 98K(192K)->98K(192K) Class: 7K(128K)->7K(128K)
[2026-06-17T10:06:21.110+0800][0.760s][info][gc          ] GC(13) Pause Young (Concurrent Start) (G1 Evacuation Pause) 52M->43M(64M) 2.753ms
[2026-06-17T10:06:21.110+0800][0.760s][info][gc,cpu      ] GC(13) User=0.00s Sys=0.00s Real=0.00s
[2026-06-17T10:06:21.110+0800][0.760s][info][gc          ] GC(14) Concurrent Mark Cycle
[2026-06-17T10:06:21.110+0800][0.761s][info][gc,marking  ] GC(14) Concurrent Scan Root Regions
[2026-06-17T10:06:21.110+0800][0.761s][info][gc,marking  ] GC(14) Concurrent Scan Root Regions 0.239ms
[2026-06-17T10:06:21.110+0800][0.761s][info][gc,marking  ] GC(14) Concurrent Mark
[2026-06-17T10:06:21.111+0800][0.761s][info][gc,marking  ] GC(14) Concurrent Mark From Roots
[2026-06-17T10:06:21.111+0800][0.761s][info][gc,task     ] GC(14) Using 5 workers of 5 for marking
[2026-06-17T10:06:21.112+0800][0.762s][info][gc,marking  ] GC(14) Concurrent Mark From Roots 1.360ms
[2026-06-17T10:06:21.112+0800][0.763s][info][gc,marking  ] GC(14) Concurrent Preclean
[2026-06-17T10:06:21.112+0800][0.763s][info][gc,marking  ] GC(14) Concurrent Preclean 0.105ms
[2026-06-17T10:06:21.112+0800][0.763s][info][gc,start    ] GC(14) Pause Remark
[2026-06-17T10:06:21.113+0800][0.763s][info][gc          ] GC(14) Pause Remark 46M->35M(64M) 0.474ms
[2026-06-17T10:06:21.113+0800][0.763s][info][gc,cpu      ] GC(14) User=0.00s Sys=0.00s Real=0.00s
[2026-06-17T10:06:21.113+0800][0.764s][info][gc,marking  ] GC(14) Concurrent Mark 2.556ms
[2026-06-17T10:06:21.113+0800][0.764s][info][gc,marking  ] GC(14) Concurrent Rebuild Remembered Sets and Scrub Regions
[2026-06-17T10:06:21.113+0800][0.764s][info][gc,marking  ] GC(14) Concurrent Rebuild Remembered Sets and Scrub Regions 0.444ms
[2026-06-17T10:06:21.114+0800][0.764s][info][gc,start    ] GC(14) Pause Cleanup
[2026-06-17T10:06:21.114+0800][0.764s][info][gc          ] GC(14) Pause Cleanup 35M->35M(64M) 0.113ms
[2026-06-17T10:06:21.114+0800][0.764s][info][gc,cpu      ] GC(14) User=0.00s Sys=0.00s Real=0.00s
[2026-06-17T10:06:21.114+0800][0.764s][info][gc,marking  ] GC(14) Concurrent Clear Claimed Marks
[2026-06-17T10:06:21.114+0800][0.765s][info][gc,marking  ] GC(14) Concurrent Clear Claimed Marks 0.074ms
[2026-06-17T10:06:21.114+0800][0.765s][info][gc,marking  ] GC(14) Concurrent Cleanup for Next Mark
[2026-06-17T10:06:21.114+0800][0.765s][info][gc,marking  ] GC(14) Concurrent Cleanup for Next Mark 0.144ms
[2026-06-17T10:06:21.114+0800][0.765s][info][gc          ] GC(14) Concurrent Mark Cycle 4.569ms
[2026-06-17T10:06:21.131+0800][0.782s][info][gc,start    ] GC(15) Pause Young (Prepare Mixed) (G1 Evacuation Pause)
[2026-06-17T10:06:21.132+0800][0.782s][info][gc,task     ] GC(15) Using 2 workers of 18 for evacuation
[2026-06-17T10:06:21.134+0800][0.784s][info][gc,phases   ] GC(15)   Pre Evacuate Collection Set: 0.21ms
[2026-06-17T10:06:21.134+0800][0.784s][info][gc,phases   ] GC(15)   Merge Heap Roots: 0.04ms
[2026-06-17T10:06:21.134+0800][0.785s][info][gc,phases   ] GC(15)   Evacuate Collection Set: 0.62ms
[2026-06-17T10:06:21.134+0800][0.785s][info][gc,phases   ] GC(15)   Post Evacuate Collection Set: 0.56ms
[2026-06-17T10:06:21.135+0800][0.785s][info][gc,phases   ] GC(15)   Other: 0.42ms
[2026-06-17T10:06:21.135+0800][0.786s][info][gc,heap     ] GC(15) Eden regions: 10->0(16)
[2026-06-17T10:06:21.135+0800][0.786s][info][gc,heap     ] GC(15) Survivor regions: 2->2(2)
[2026-06-17T10:06:21.135+0800][0.786s][info][gc,heap     ] GC(15) Old regions: 24->27
[2026-06-17T10:06:21.136+0800][0.786s][info][gc,heap     ] GC(15) Humongous regions: 7->7
[2026-06-17T10:06:21.136+0800][0.786s][info][gc,metaspace] GC(15) Metaspace: 105K(320K)->105K(320K) NonClass: 98K(192K)->98K(192K) Class: 7K(128K)->7K(128K)
[2026-06-17T10:06:21.136+0800][0.787s][info][gc          ] GC(15) Pause Young (Prepare Mixed) (G1 Evacuation Pause) 42M->35M(64M) 4.813ms
[2026-06-17T10:06:21.136+0800][0.787s][info][gc,cpu      ] GC(15) User=0.00s Sys=0.00s Real=0.00s
[2026-06-17T10:06:21.179+0800][0.830s][info][gc,start    ] GC(16) Pause Young (Mixed) (G1 Evacuation Pause)
[2026-06-17T10:06:21.180+0800][0.831s][info][gc,task     ] GC(16) Using 2 workers of 18 for evacuation
[2026-06-17T10:06:21.184+0800][0.835s][info][gc,phases   ] GC(16)   Pre Evacuate Collection Set: 0.41ms
[2026-06-17T10:06:21.185+0800][0.835s][info][gc,phases   ] GC(16)   Merge Heap Roots: 0.16ms
[2026-06-17T10:06:21.185+0800][0.836s][info][gc,phases   ] GC(16)   Evacuate Collection Set: 1.54ms
[2026-06-17T10:06:21.189+0800][0.839s][info][gc,phases   ] GC(16)   Post Evacuate Collection Set: 0.90ms
[2026-06-17T10:06:21.190+0800][0.841s][info][gc,phases   ] GC(16)   Other: 0.87ms
[2026-06-17T10:06:21.193+0800][0.843s][info][gc,heap     ] GC(16) Eden regions: 16->0(15)
[2026-06-17T10:06:21.194+0800][0.845s][info][gc,heap     ] GC(16) Survivor regions: 2->3(3)
[2026-06-17T10:06:21.196+0800][0.847s][info][gc,heap     ] GC(16) Old regions: 27->27
[2026-06-17T10:06:21.197+0800][0.847s][info][gc,heap     ] GC(16) Humongous regions: 7->7
[2026-06-17T10:06:21.197+0800][0.848s][info][gc,metaspace] GC(16) Metaspace: 105K(320K)->105K(320K) NonClass: 98K(192K)->98K(192K) Class: 7K(128K)->7K(128K)
[2026-06-17T10:06:21.198+0800][0.848s][info][gc          ] GC(16) Pause Young (Mixed) (G1 Evacuation Pause) 51M->36M(64M) 18.121ms
[2026-06-17T10:06:21.198+0800][0.848s][info][gc,cpu      ] GC(16) User=0.01s Sys=0.00s Real=0.02s
[2026-06-17T10:06:21.242+0800][0.893s][info][gc,start    ] GC(17) Pause Young (Concurrent Start) (G1 Evacuation Pause)
[2026-06-17T10:06:21.243+0800][0.893s][info][gc,task     ] GC(17) Using 2 workers of 18 for evacuation
[2026-06-17T10:06:21.247+0800][0.898s][info][gc,phases   ] GC(17)   Pre Evacuate Collection Set: 0.87ms
[2026-06-17T10:06:21.248+0800][0.898s][info][gc,phases   ] GC(17)   Merge Heap Roots: 0.19ms
[2026-06-17T10:06:21.248+0800][0.899s][info][gc,phases   ] GC(17)   Evacuate Collection Set: 1.35ms
[2026-06-17T10:06:21.249+0800][0.900s][info][gc,phases   ] GC(17)   Post Evacuate Collection Set: 1.05ms
[2026-06-17T10:06:21.250+0800][0.900s][info][gc,phases   ] GC(17)   Other: 0.92ms
[2026-06-17T10:06:21.250+0800][0.901s][info][gc,heap     ] GC(17) Eden regions: 15->0(13)
[2026-06-17T10:06:21.251+0800][0.901s][info][gc,heap     ] GC(17) Survivor regions: 3->3(3)
[2026-06-17T10:06:21.251+0800][0.902s][info][gc,heap     ] GC(17) Old regions: 27->30
[2026-06-17T10:06:21.252+0800][0.902s][info][gc,heap     ] GC(17) Humongous regions: 7->7
[2026-06-17T10:06:21.252+0800][0.903s][info][gc,metaspace] GC(17) Metaspace: 105K(320K)->105K(320K) NonClass: 98K(192K)->98K(192K) Class: 7K(128K)->7K(128K)
[2026-06-17T10:06:21.252+0800][0.903s][info][gc          ] GC(17) Pause Young (Concurrent Start) (G1 Evacuation Pause) 51M->39M(64M) 10.389ms
[2026-06-17T10:06:21.253+0800][0.903s][info][gc,cpu      ] GC(17) User=0.00s Sys=0.01s Real=0.02s
[2026-06-17T10:06:21.253+0800][0.903s][info][gc          ] GC(18) Concurrent Mark Cycle
[2026-06-17T10:06:21.253+0800][0.904s][info][gc,marking  ] GC(18) Concurrent Scan Root Regions
[2026-06-17T10:06:21.254+0800][0.905s][info][gc,marking  ] GC(18) Concurrent Scan Root Regions 0.585ms
[2026-06-17T10:06:21.255+0800][0.905s][info][gc,marking  ] GC(18) Concurrent Mark
[2026-06-17T10:06:21.255+0800][0.905s][info][gc,marking  ] GC(18) Concurrent Mark From Roots
[2026-06-17T10:06:21.255+0800][0.906s][info][gc,task     ] GC(18) Using 5 workers of 5 for marking
[2026-06-17T10:06:21.257+0800][0.908s][info][gc,marking  ] GC(18) Concurrent Mark From Roots 2.424ms
[2026-06-17T10:06:21.260+0800][0.911s][info][gc,marking  ] GC(18) Concurrent Preclean
[2026-06-17T10:06:21.261+0800][0.911s][info][gc,marking  ] GC(18) Concurrent Preclean 0.805ms
[2026-06-17T10:06:21.264+0800][0.914s][info][gc,start    ] GC(18) Pause Remark
[2026-06-17T10:06:21.267+0800][0.917s][info][gc          ] GC(18) Pause Remark 41M->34M(64M) 3.141ms
[2026-06-17T10:06:21.269+0800][0.920s][info][gc,cpu      ] GC(18) User=0.00s Sys=0.00s Real=0.00s
[2026-06-17T10:06:21.271+0800][0.922s][info][gc,marking  ] GC(18) Concurrent Mark 16.840ms
[2026-06-17T10:06:21.273+0800][0.924s][info][gc,marking  ] GC(18) Concurrent Rebuild Remembered Sets and Scrub Regions
[2026-06-17T10:06:21.277+0800][0.928s][info][gc,marking  ] GC(18) Concurrent Rebuild Remembered Sets and Scrub Regions 3.746ms
[2026-06-17T10:06:21.277+0800][0.928s][info][gc,start    ] GC(18) Pause Cleanup
[2026-06-17T10:06:21.278+0800][0.928s][info][gc          ] GC(18) Pause Cleanup 40M->40M(64M) 0.269ms
[2026-06-17T10:06:21.278+0800][0.928s][info][gc,cpu      ] GC(18) User=0.00s Sys=0.00s Real=0.00s
[2026-06-17T10:06:21.279+0800][0.930s][info][gc,marking  ] GC(18) Concurrent Clear Claimed Marks
[2026-06-17T10:06:21.280+0800][0.930s][info][gc,marking  ] GC(18) Concurrent Clear Claimed Marks 0.412ms
[2026-06-17T10:06:21.280+0800][0.931s][info][gc,marking  ] GC(18) Concurrent Cleanup for Next Mark
[2026-06-17T10:06:21.281+0800][0.931s][info][gc,marking  ] GC(18) Concurrent Cleanup for Next Mark 0.529ms
[2026-06-17T10:06:21.281+0800][0.932s][info][gc          ] GC(18) Concurrent Mark Cycle 28.195ms
[2026-06-17T10:06:21.293+0800][0.943s][info][gc,start    ] GC(19) Pause Young (Prepare Mixed) (G1 Evacuation Pause)
[2026-06-17T10:06:21.293+0800][0.943s][info][gc,task     ] GC(19) Using 2 workers of 18 for evacuation
[2026-06-17T10:06:21.294+0800][0.944s][info][gc,phases   ] GC(19)   Pre Evacuate Collection Set: 0.17ms
[2026-06-17T10:06:21.294+0800][0.945s][info][gc,phases   ] GC(19)   Merge Heap Roots: 0.04ms
[2026-06-17T10:06:21.294+0800][0.945s][info][gc,phases   ] GC(19)   Evacuate Collection Set: 0.39ms
[2026-06-17T10:06:21.294+0800][0.945s][info][gc,phases   ] GC(19)   Post Evacuate Collection Set: 0.17ms
[2026-06-17T10:06:21.295+0800][0.945s][info][gc,phases   ] GC(19)   Other: 0.22ms
[2026-06-17T10:06:21.295+0800][0.945s][info][gc,heap     ] GC(19) Eden regions: 13->0(16)
[2026-06-17T10:06:21.295+0800][0.945s][info][gc,heap     ] GC(19) Survivor regions: 3->2(2)
[2026-06-17T10:06:21.295+0800][0.946s][info][gc,heap     ] GC(19) Old regions: 23->26
[2026-06-17T10:06:21.295+0800][0.946s][info][gc,heap     ] GC(19) Humongous regions: 7->7
[2026-06-17T10:06:21.295+0800][0.946s][info][gc,metaspace] GC(19) Metaspace: 105K(320K)->105K(320K) NonClass: 98K(192K)->98K(192K) Class: 7K(128K)->7K(128K)
[2026-06-17T10:06:21.295+0800][0.946s][info][gc          ] GC(19) Pause Young (Prepare Mixed) (G1 Evacuation Pause) 45M->34M(64M) 2.874ms
[2026-06-17T10:06:21.296+0800][0.946s][info][gc,cpu      ] GC(19) User=0.00s Sys=0.00s Real=0.00s
[2026-06-17T10:06:21.338+0800][0.988s][info][gc,start    ] GC(20) Pause Young (Mixed) (G1 Evacuation Pause)
[2026-06-17T10:06:21.338+0800][0.989s][info][gc,task     ] GC(20) Using 2 workers of 18 for evacuation
[2026-06-17T10:06:21.340+0800][0.990s][info][gc,phases   ] GC(20)   Pre Evacuate Collection Set: 0.11ms
[2026-06-17T10:06:21.340+0800][0.990s][info][gc,phases   ] GC(20)   Merge Heap Roots: 0.05ms
[2026-06-17T10:06:21.340+0800][0.991s][info][gc,phases   ] GC(20)   Evacuate Collection Set: 0.49ms
[2026-06-17T10:06:21.340+0800][0.991s][info][gc,phases   ] GC(20)   Post Evacuate Collection Set: 0.26ms
[2026-06-17T10:06:21.340+0800][0.991s][info][gc,phases   ] GC(20)   Other: 0.36ms
[2026-06-17T10:06:21.340+0800][0.991s][info][gc,heap     ] GC(20) Eden regions: 16->0(17)
[2026-06-17T10:06:21.341+0800][0.991s][info][gc,heap     ] GC(20) Survivor regions: 2->3(3)
[2026-06-17T10:06:21.341+0800][0.991s][info][gc,heap     ] GC(20) Old regions: 26->23
[2026-06-17T10:06:21.341+0800][0.991s][info][gc,heap     ] GC(20) Humongous regions: 8->8
[2026-06-17T10:06:21.341+0800][0.991s][info][gc,metaspace] GC(20) Metaspace: 105K(320K)->105K(320K) NonClass: 98K(192K)->98K(192K) Class: 7K(128K)->7K(128K)
[2026-06-17T10:06:21.341+0800][0.992s][info][gc          ] GC(20) Pause Young (Mixed) (G1 Evacuation Pause) 51M->33M(64M) 3.278ms
[2026-06-17T10:06:21.341+0800][0.992s][info][gc,cpu      ] GC(20) User=0.00s Sys=0.00s Real=0.00s
[2026-06-17T10:06:21.384+0800][1.034s][info][gc,start    ] GC(21) Pause Young (Concurrent Start) (G1 Evacuation Pause)
[2026-06-17T10:06:21.384+0800][1.035s][info][gc,task     ] GC(21) Using 2 workers of 18 for evacuation
[2026-06-17T10:06:21.386+0800][1.036s][info][gc,phases   ] GC(21)   Pre Evacuate Collection Set: 0.31ms
[2026-06-17T10:06:21.386+0800][1.037s][info][gc,phases   ] GC(21)   Merge Heap Roots: 0.10ms
[2026-06-17T10:06:21.386+0800][1.037s][info][gc,phases   ] GC(21)   Evacuate Collection Set: 0.67ms
[2026-06-17T10:06:21.387+0800][1.038s][info][gc,phases   ] GC(21)   Post Evacuate Collection Set: 0.26ms
[2026-06-17T10:06:21.388+0800][1.038s][info][gc,phases   ] GC(21)   Other: 0.40ms
[2026-06-17T10:06:21.388+0800][1.039s][info][gc,heap     ] GC(21) Eden regions: 17->0(13)
[2026-06-17T10:06:21.388+0800][1.039s][info][gc,heap     ] GC(21) Survivor regions: 3->3(3)
[2026-06-17T10:06:21.389+0800][1.039s][info][gc,heap     ] GC(21) Old regions: 23->28
[2026-06-17T10:06:21.389+0800][1.040s][info][gc,heap     ] GC(21) Humongous regions: 8->8
[2026-06-17T10:06:21.389+0800][1.040s][info][gc,metaspace] GC(21) Metaspace: 105K(320K)->105K(320K) NonClass: 98K(192K)->98K(192K) Class: 7K(128K)->7K(128K)
[2026-06-17T10:06:21.390+0800][1.040s][info][gc          ] GC(21) Pause Young (Concurrent Start) (G1 Evacuation Pause) 50M->38M(64M) 6.005ms
[2026-06-17T10:06:21.390+0800][1.040s][info][gc,cpu      ] GC(21) User=0.01s Sys=0.00s Real=0.00s
[2026-06-17T10:06:21.390+0800][1.040s][info][gc          ] GC(22) Concurrent Mark Cycle
[2026-06-17T10:06:21.390+0800][1.041s][info][gc,marking  ] GC(22) Concurrent Scan Root Regions
[2026-06-17T10:06:21.391+0800][1.041s][info][gc,marking  ] GC(22) Concurrent Scan Root Regions 0.317ms
[2026-06-17T10:06:21.391+0800][1.041s][info][gc,marking  ] GC(22) Concurrent Mark
[2026-06-17T10:06:21.391+0800][1.041s][info][gc,marking  ] GC(22) Concurrent Mark From Roots
[2026-06-17T10:06:21.391+0800][1.042s][info][gc,task     ] GC(22) Using 5 workers of 5 for marking
[2026-06-17T10:06:21.392+0800][1.043s][info][gc,marking  ] GC(22) Concurrent Mark From Roots 1.508ms
[2026-06-17T10:06:21.393+0800][1.043s][info][gc,marking  ] GC(22) Concurrent Preclean
[2026-06-17T10:06:21.393+0800][1.043s][info][gc,marking  ] GC(22) Concurrent Preclean 0.152ms
[2026-06-17T10:06:21.393+0800][1.043s][info][gc,start    ] GC(22) Pause Remark
[2026-06-17T10:06:21.393+0800][1.044s][info][gc          ] GC(22) Pause Remark 41M->31M(64M) 0.649ms
[2026-06-17T10:06:21.394+0800][1.044s][info][gc,cpu      ] GC(22) User=0.00s Sys=0.00s Real=0.00s
[2026-06-17T10:06:21.394+0800][1.044s][info][gc,marking  ] GC(22) Concurrent Mark 3.227ms
[2026-06-17T10:06:21.394+0800][1.045s][info][gc,marking  ] GC(22) Concurrent Rebuild Remembered Sets and Scrub Regions
[2026-06-17T10:06:21.395+0800][1.045s][info][gc,marking  ] GC(22) Concurrent Rebuild Remembered Sets and Scrub Regions 0.546ms
[2026-06-17T10:06:21.395+0800][1.045s][info][gc,start    ] GC(22) Pause Cleanup
[2026-06-17T10:06:21.395+0800][1.045s][info][gc          ] GC(22) Pause Cleanup 31M->31M(64M) 0.110ms
[2026-06-17T10:06:21.395+0800][1.046s][info][gc,cpu      ] GC(22) User=0.00s Sys=0.00s Real=0.00s
[2026-06-17T10:06:21.395+0800][1.046s][info][gc,marking  ] GC(22) Concurrent Clear Claimed Marks
[2026-06-17T10:06:21.395+0800][1.046s][info][gc,marking  ] GC(22) Concurrent Clear Claimed Marks 0.081ms
[2026-06-17T10:06:21.395+0800][1.046s][info][gc,marking  ] GC(22) Concurrent Cleanup for Next Mark
[2026-06-17T10:06:21.395+0800][1.046s][info][gc,marking  ] GC(22) Concurrent Cleanup for Next Mark 0.171ms
[2026-06-17T10:06:21.396+0800][1.046s][info][gc          ] GC(22) Concurrent Mark Cycle 5.740ms
[2026-06-17T10:06:21.422+0800][1.072s][info][gc,start    ] GC(23) Pause Young (Prepare Mixed) (G1 Evacuation Pause)
[2026-06-17T10:06:21.422+0800][1.073s][info][gc,task     ] GC(23) Using 2 workers of 18 for evacuation
[2026-06-17T10:06:21.424+0800][1.074s][info][gc,phases   ] GC(23)   Pre Evacuate Collection Set: 0.18ms
[2026-06-17T10:06:21.424+0800][1.075s][info][gc,phases   ] GC(23)   Merge Heap Roots: 0.08ms
[2026-06-17T10:06:21.424+0800][1.075s][info][gc,phases   ] GC(23)   Evacuate Collection Set: 0.51ms
[2026-06-17T10:06:21.425+0800][1.075s][info][gc,phases   ] GC(23)   Post Evacuate Collection Set: 0.27ms
[2026-06-17T10:06:21.425+0800][1.075s][info][gc,phases   ] GC(23)   Other: 0.65ms
[2026-06-17T10:06:21.425+0800][1.076s][info][gc,heap     ] GC(23) Eden regions: 13->0(18)
[2026-06-17T10:06:21.425+0800][1.076s][info][gc,heap     ] GC(23) Survivor regions: 3->2(2)
[2026-06-17T10:06:21.426+0800][1.076s][info][gc,heap     ] GC(23) Old regions: 18->22
[2026-06-17T10:06:21.426+0800][1.076s][info][gc,heap     ] GC(23) Humongous regions: 8->8
[2026-06-17T10:06:21.426+0800][1.077s][info][gc,metaspace] GC(23) Metaspace: 105K(320K)->105K(320K) NonClass: 98K(192K)->98K(192K) Class: 7K(128K)->7K(128K)
[2026-06-17T10:06:21.426+0800][1.077s][info][gc          ] GC(23) Pause Young (Prepare Mixed) (G1 Evacuation Pause) 41M->31M(64M) 4.480ms
[2026-06-17T10:06:21.427+0800][1.077s][info][gc,cpu      ] GC(23) User=0.00s Sys=0.00s Real=0.01s
[2026-06-17T10:06:21.480+0800][1.130s][info][gc,start    ] GC(24) Pause Young (Mixed) (G1 Evacuation Pause)
[2026-06-17T10:06:21.481+0800][1.132s][info][gc,task     ] GC(24) Using 2 workers of 18 for evacuation
[2026-06-17T10:06:21.484+0800][1.134s][info][gc,phases   ] GC(24)   Pre Evacuate Collection Set: 0.37ms
[2026-06-17T10:06:21.485+0800][1.135s][info][gc,phases   ] GC(24)   Merge Heap Roots: 0.10ms
[2026-06-17T10:06:21.486+0800][1.136s][info][gc,phases   ] GC(24)   Evacuate Collection Set: 0.56ms
[2026-06-17T10:06:21.487+0800][1.137s][info][gc,phases   ] GC(24)   Post Evacuate Collection Set: 0.48ms
[2026-06-17T10:06:21.489+0800][1.139s][info][gc,phases   ] GC(24)   Other: 1.05ms
[2026-06-17T10:06:21.491+0800][1.141s][info][gc,heap     ] GC(24) Eden regions: 18->0(19)
[2026-06-17T10:06:21.491+0800][1.142s][info][gc,heap     ] GC(24) Survivor regions: 2->3(3)
[2026-06-17T10:06:21.492+0800][1.143s][info][gc,heap     ] GC(24) Old regions: 22->21
[2026-06-17T10:06:21.494+0800][1.145s][info][gc,heap     ] GC(24) Humongous regions: 8->8
[2026-06-17T10:06:21.496+0800][1.147s][info][gc,metaspace] GC(24) Metaspace: 105K(320K)->105K(320K) NonClass: 98K(192K)->98K(192K) Class: 7K(128K)->7K(128K)
[2026-06-17T10:06:21.498+0800][1.149s][info][gc          ] GC(24) Pause Young (Mixed) (G1 Evacuation Pause) 49M->30M(64M) 18.205ms
[2026-06-17T10:06:21.499+0800][1.149s][info][gc,cpu      ] GC(24) User=0.00s Sys=0.01s Real=0.02s
[2026-06-17T10:06:21.512+0800][1.163s][info][gc,start    ] GC(25) Pause Young (Concurrent Start) (G1 Humongous Allocation)
[2026-06-17T10:06:21.513+0800][1.163s][info][gc,task     ] GC(25) Using 2 workers of 18 for evacuation
[2026-06-17T10:06:21.514+0800][1.165s][info][gc,phases   ] GC(25)   Pre Evacuate Collection Set: 0.25ms
[2026-06-17T10:06:21.515+0800][1.165s][info][gc,phases   ] GC(25)   Merge Heap Roots: 0.06ms
[2026-06-17T10:06:21.515+0800][1.166s][info][gc,phases   ] GC(25)   Evacuate Collection Set: 0.48ms
[2026-06-17T10:06:21.515+0800][1.166s][info][gc,phases   ] GC(25)   Post Evacuate Collection Set: 0.24ms
[2026-06-17T10:06:21.516+0800][1.166s][info][gc,phases   ] GC(25)   Other: 0.29ms
[2026-06-17T10:06:21.516+0800][1.167s][info][gc,heap     ] GC(25) Eden regions: 9->0(18)
[2026-06-17T10:06:21.516+0800][1.167s][info][gc,heap     ] GC(25) Survivor regions: 3->2(3)
[2026-06-17T10:06:21.516+0800][1.167s][info][gc,heap     ] GC(25) Old regions: 21->24
[2026-06-17T10:06:21.516+0800][1.167s][info][gc,heap     ] GC(25) Humongous regions: 8->8
[2026-06-17T10:06:21.517+0800][1.167s][info][gc,metaspace] GC(25) Metaspace: 105K(320K)->105K(320K) NonClass: 98K(192K)->98K(192K) Class: 7K(128K)->7K(128K)
[2026-06-17T10:06:21.517+0800][1.167s][info][gc          ] GC(25) Pause Young (Concurrent Start) (G1 Humongous Allocation) 39M->33M(64M) 4.406ms
[2026-06-17T10:06:21.517+0800][1.167s][info][gc,cpu      ] GC(25) User=0.01s Sys=0.00s Real=0.00s
[2026-06-17T10:06:21.517+0800][1.167s][info][gc          ] GC(26) Concurrent Mark Cycle
[2026-06-17T10:06:21.517+0800][1.168s][info][gc,marking  ] GC(26) Concurrent Scan Root Regions
[2026-06-17T10:06:21.517+0800][1.168s][info][gc,marking  ] GC(26) Concurrent Scan Root Regions 0.240ms
[2026-06-17T10:06:21.517+0800][1.168s][info][gc,marking  ] GC(26) Concurrent Mark
[2026-06-17T10:06:21.518+0800][1.168s][info][gc,marking  ] GC(26) Concurrent Mark From Roots
[2026-06-17T10:06:21.518+0800][1.168s][info][gc,task     ] GC(26) Using 5 workers of 5 for marking
[2026-06-17T10:06:21.519+0800][1.169s][info][gc,marking  ] GC(26) Concurrent Mark From Roots 1.150ms
[2026-06-17T10:06:21.519+0800][1.169s][info][gc,marking  ] GC(26) Concurrent Preclean
[2026-06-17T10:06:21.519+0800][1.170s][info][gc,marking  ] GC(26) Concurrent Preclean 0.102ms
[2026-06-17T10:06:21.519+0800][1.170s][info][gc,start    ] GC(26) Pause Remark
[2026-06-17T10:06:21.519+0800][1.170s][info][gc          ] GC(26) Pause Remark 34M->34M(64M) 0.340ms
[2026-06-17T10:06:21.520+0800][1.170s][info][gc,cpu      ] GC(26) User=0.00s Sys=0.00s Real=0.00s
[2026-06-17T10:06:21.520+0800][1.170s][info][gc,marking  ] GC(26) Concurrent Mark 2.224ms
[2026-06-17T10:06:21.520+0800][1.170s][info][gc,marking  ] GC(26) Concurrent Rebuild Remembered Sets and Scrub Regions
[2026-06-17T10:06:21.520+0800][1.171s][info][gc,marking  ] GC(26) Concurrent Rebuild Remembered Sets and Scrub Regions 0.503ms
[2026-06-17T10:06:21.520+0800][1.171s][info][gc,start    ] GC(26) Pause Cleanup
[2026-06-17T10:06:21.521+0800][1.171s][info][gc          ] GC(26) Pause Cleanup 34M->34M(64M) 0.102ms
[2026-06-17T10:06:21.521+0800][1.171s][info][gc,cpu      ] GC(26) User=0.00s Sys=0.00s Real=0.00s
[2026-06-17T10:06:21.521+0800][1.171s][info][gc,marking  ] GC(26) Concurrent Clear Claimed Marks
[2026-06-17T10:06:21.521+0800][1.172s][info][gc,marking  ] GC(26) Concurrent Clear Claimed Marks 0.092ms
[2026-06-17T10:06:21.521+0800][1.172s][info][gc,marking  ] GC(26) Concurrent Cleanup for Next Mark
[2026-06-17T10:06:21.521+0800][1.172s][info][gc,marking  ] GC(26) Concurrent Cleanup for Next Mark 0.201ms
[2026-06-17T10:06:21.522+0800][1.172s][info][gc          ] GC(26) Concurrent Mark Cycle 4.664ms
[2026-06-17T10:06:21.570+0800][1.220s][info][gc,start    ] GC(27) Pause Young (Prepare Mixed) (G1 Evacuation Pause)
[2026-06-17T10:06:21.570+0800][1.221s][info][gc,task     ] GC(27) Using 2 workers of 18 for evacuation
[2026-06-17T10:06:21.572+0800][1.223s][info][gc,phases   ] GC(27)   Pre Evacuate Collection Set: 0.22ms
[2026-06-17T10:06:21.573+0800][1.223s][info][gc,phases   ] GC(27)   Merge Heap Roots: 0.09ms
[2026-06-17T10:06:21.573+0800][1.223s][info][gc,phases   ] GC(27)   Evacuate Collection Set: 0.69ms
[2026-06-17T10:06:21.573+0800][1.224s][info][gc,phases   ] GC(27)   Post Evacuate Collection Set: 0.36ms
[2026-06-17T10:06:21.573+0800][1.224s][info][gc,phases   ] GC(27)   Other: 0.56ms
[2026-06-17T10:06:21.574+0800][1.224s][info][gc,heap     ] GC(27) Eden regions: 18->0(12)
[2026-06-17T10:06:21.574+0800][1.224s][info][gc,heap     ] GC(27) Survivor regions: 2->3(3)
[2026-06-17T10:06:21.574+0800][1.225s][info][gc,heap     ] GC(27) Old regions: 24->28
[2026-06-17T10:06:21.574+0800][1.225s][info][gc,heap     ] GC(27) Humongous regions: 9->9
[2026-06-17T10:06:21.575+0800][1.225s][info][gc,metaspace] GC(27) Metaspace: 105K(320K)->105K(320K) NonClass: 98K(192K)->98K(192K) Class: 7K(128K)->7K(128K)
[2026-06-17T10:06:21.575+0800][1.225s][info][gc          ] GC(27) Pause Young (Prepare Mixed) (G1 Evacuation Pause) 52M->39M(64M) 5.074ms
[2026-06-17T10:06:21.575+0800][1.226s][info][gc,cpu      ] GC(27) User=0.00s Sys=0.00s Real=0.01s
[2026-06-17T10:06:21.608+0800][1.258s][info][gc,start    ] GC(28) Pause Young (Mixed) (G1 Evacuation Pause)
[2026-06-17T10:06:21.609+0800][1.259s][info][gc,task     ] GC(28) Using 2 workers of 18 for evacuation
[2026-06-17T10:06:21.614+0800][1.265s][info][gc,phases   ] GC(28)   Pre Evacuate Collection Set: 0.37ms
[2026-06-17T10:06:21.616+0800][1.266s][info][gc,phases   ] GC(28)   Merge Heap Roots: 0.11ms
[2026-06-17T10:06:21.618+0800][1.268s][info][gc,phases   ] GC(28)   Evacuate Collection Set: 0.99ms
[2026-06-17T10:06:21.619+0800][1.269s][info][gc,phases   ] GC(28)   Post Evacuate Collection Set: 0.44ms
[2026-06-17T10:06:21.620+0800][1.271s][info][gc,phases   ] GC(28)   Other: 3.56ms
[2026-06-17T10:06:21.622+0800][1.273s][info][gc,heap     ] GC(28) Eden regions: 12->0(11)
[2026-06-17T10:06:21.622+0800][1.273s][info][gc,heap     ] GC(28) Survivor regions: 3->2(2)
[2026-06-17T10:06:21.623+0800][1.274s][info][gc,heap     ] GC(28) Old regions: 28->30
[2026-06-17T10:06:21.624+0800][1.275s][info][gc,heap     ] GC(28) Humongous regions: 9->9
[2026-06-17T10:06:21.628+0800][1.279s][info][gc,metaspace] GC(28) Metaspace: 105K(320K)->105K(320K) NonClass: 98K(192K)->98K(192K) Class: 7K(128K)->7K(128K)
[2026-06-17T10:06:21.630+0800][1.281s][info][gc          ] GC(28) Pause Young (Mixed) (G1 Evacuation Pause) 51M->40M(64M) 22.769ms
[2026-06-17T10:06:21.631+0800][1.282s][info][gc,cpu      ] GC(28) User=0.00s Sys=0.00s Real=0.03s
[2026-06-17T10:06:21.664+0800][1.315s][info][gc,start    ] GC(29) Pause Young (Concurrent Start) (G1 Evacuation Pause)
[2026-06-17T10:06:21.665+0800][1.315s][info][gc,task     ] GC(29) Using 2 workers of 18 for evacuation
[2026-06-17T10:06:21.668+0800][1.319s][info][gc,phases   ] GC(29)   Pre Evacuate Collection Set: 0.94ms
[2026-06-17T10:06:21.669+0800][1.320s][info][gc,phases   ] GC(29)   Merge Heap Roots: 0.24ms
[2026-06-17T10:06:21.670+0800][1.320s][info][gc,phases   ] GC(29)   Evacuate Collection Set: 0.74ms
[2026-06-17T10:06:21.670+0800][1.321s][info][gc,phases   ] GC(29)   Post Evacuate Collection Set: 0.90ms
[2026-06-17T10:06:21.671+0800][1.321s][info][gc,phases   ] GC(29)   Other: 0.75ms
[2026-06-17T10:06:21.671+0800][1.322s][info][gc,heap     ] GC(29) Eden regions: 11->0(11)
[2026-06-17T10:06:21.672+0800][1.322s][info][gc,heap     ] GC(29) Survivor regions: 2->2(2)
[2026-06-17T10:06:21.672+0800][1.323s][info][gc,heap     ] GC(29) Old regions: 30->31
[2026-06-17T10:06:21.673+0800][1.323s][info][gc,heap     ] GC(29) Humongous regions: 9->9
[2026-06-17T10:06:21.673+0800][1.324s][info][gc,metaspace] GC(29) Metaspace: 105K(320K)->105K(320K) NonClass: 98K(192K)->98K(192K) Class: 7K(128K)->7K(128K)
[2026-06-17T10:06:21.674+0800][1.324s][info][gc          ] GC(29) Pause Young (Concurrent Start) (G1 Evacuation Pause) 51M->41M(64M) 9.857ms
[2026-06-17T10:06:21.674+0800][1.325s][info][gc,cpu      ] GC(29) User=0.00s Sys=0.00s Real=0.01s
[2026-06-17T10:06:21.674+0800][1.325s][info][gc          ] GC(30) Concurrent Mark Cycle
[2026-06-17T10:06:21.675+0800][1.326s][info][gc,marking  ] GC(30) Concurrent Scan Root Regions
[2026-06-17T10:06:21.676+0800][1.326s][info][gc,marking  ] GC(30) Concurrent Scan Root Regions 0.549ms
[2026-06-17T10:06:21.676+0800][1.327s][info][gc,marking  ] GC(30) Concurrent Mark
[2026-06-17T10:06:21.676+0800][1.327s][info][gc,marking  ] GC(30) Concurrent Mark From Roots
[2026-06-17T10:06:21.677+0800][1.327s][info][gc,task     ] GC(30) Using 5 workers of 5 for marking
[2026-06-17T10:06:21.679+0800][1.330s][info][gc,marking  ] GC(30) Concurrent Mark From Roots 3.001ms
[2026-06-17T10:06:21.680+0800][1.330s][info][gc,marking  ] GC(30) Concurrent Preclean
[2026-06-17T10:06:21.680+0800][1.331s][info][gc,marking  ] GC(30) Concurrent Preclean 0.283ms
[2026-06-17T10:06:21.680+0800][1.331s][info][gc,start    ] GC(30) Pause Remark
[2026-06-17T10:06:21.681+0800][1.332s][info][gc          ] GC(30) Pause Remark 46M->36M(64M) 0.854ms
[2026-06-17T10:06:21.682+0800][1.332s][info][gc,cpu      ] GC(30) User=0.00s Sys=0.00s Real=0.00s
[2026-06-17T10:06:21.682+0800][1.332s][info][gc,marking  ] GC(30) Concurrent Mark 5.702ms
[2026-06-17T10:06:21.682+0800][1.333s][info][gc,marking  ] GC(30) Concurrent Rebuild Remembered Sets and Scrub Regions
[2026-06-17T10:06:21.683+0800][1.334s][info][gc,marking  ] GC(30) Concurrent Rebuild Remembered Sets and Scrub Regions 1.029ms
[2026-06-17T10:06:21.683+0800][1.334s][info][gc,start    ] GC(30) Pause Cleanup
[2026-06-17T10:06:21.684+0800][1.334s][info][gc          ] GC(30) Pause Cleanup 36M->36M(64M) 0.232ms
[2026-06-17T10:06:21.684+0800][1.334s][info][gc,cpu      ] GC(30) User=0.00s Sys=0.00s Real=0.00s
[2026-06-17T10:06:21.684+0800][1.335s][info][gc,marking  ] GC(30) Concurrent Clear Claimed Marks
[2026-06-17T10:06:21.684+0800][1.335s][info][gc,marking  ] GC(30) Concurrent Clear Claimed Marks 0.279ms
[2026-06-17T10:06:21.685+0800][1.335s][info][gc,marking  ] GC(30) Concurrent Cleanup for Next Mark
[2026-06-17T10:06:21.685+0800][1.336s][info][gc,marking  ] GC(30) Concurrent Cleanup for Next Mark 0.357ms
[2026-06-17T10:06:21.685+0800][1.336s][info][gc          ] GC(30) Concurrent Mark Cycle 10.980ms
[2026-06-17T10:06:21.696+0800][1.347s][info][gc,start    ] GC(31) Pause Young (Prepare Mixed) (G1 Evacuation Pause)
[2026-06-17T10:06:21.697+0800][1.347s][info][gc,task     ] GC(31) Using 2 workers of 18 for evacuation
[2026-06-17T10:06:21.699+0800][1.350s][info][gc,phases   ] GC(31)   Pre Evacuate Collection Set: 0.25ms
[2026-06-17T10:06:21.699+0800][1.350s][info][gc,phases   ] GC(31)   Merge Heap Roots: 0.15ms
[2026-06-17T10:06:21.700+0800][1.350s][info][gc,phases   ] GC(31)   Evacuate Collection Set: 0.87ms
[2026-06-17T10:06:21.700+0800][1.351s][info][gc,phases   ] GC(31)   Post Evacuate Collection Set: 0.48ms
[2026-06-17T10:06:21.700+0800][1.351s][info][gc,phases   ] GC(31)   Other: 0.52ms
[2026-06-17T10:06:21.701+0800][1.351s][info][gc,heap     ] GC(31) Eden regions: 11->0(15)
[2026-06-17T10:06:21.701+0800][1.352s][info][gc,heap     ] GC(31) Survivor regions: 2->2(2)
[2026-06-17T10:06:21.701+0800][1.352s][info][gc,heap     ] GC(31) Old regions: 21->25
[2026-06-17T10:06:21.702+0800][1.352s][info][gc,heap     ] GC(31) Humongous regions: 9->9
[2026-06-17T10:06:21.702+0800][1.352s][info][gc,metaspace] GC(31) Metaspace: 105K(320K)->105K(320K) NonClass: 98K(192K)->98K(192K) Class: 7K(128K)->7K(128K)
[2026-06-17T10:06:21.702+0800][1.353s][info][gc          ] GC(31) Pause Young (Prepare Mixed) (G1 Evacuation Pause) 42M->35M(64M) 5.757ms
[2026-06-17T10:06:21.702+0800][1.353s][info][gc,cpu      ] GC(31) User=0.00s Sys=0.01s Real=0.00s
[2026-06-17T10:06:21.746+0800][1.396s][info][gc,start    ] GC(32) Pause Young (Mixed) (G1 Evacuation Pause)
[2026-06-17T10:06:21.747+0800][1.397s][info][gc,task     ] GC(32) Using 2 workers of 18 for evacuation
[2026-06-17T10:06:21.749+0800][1.400s][info][gc,phases   ] GC(32)   Pre Evacuate Collection Set: 0.30ms
[2026-06-17T10:06:21.750+0800][1.400s][info][gc,phases   ] GC(32)   Merge Heap Roots: 0.18ms
[2026-06-17T10:06:21.750+0800][1.401s][info][gc,phases   ] GC(32)   Evacuate Collection Set: 1.08ms
[2026-06-17T10:06:21.751+0800][1.401s][info][gc,phases   ] GC(32)   Post Evacuate Collection Set: 0.58ms
[2026-06-17T10:06:21.751+0800][1.402s][info][gc,phases   ] GC(32)   Other: 0.63ms
[2026-06-17T10:06:21.751+0800][1.402s][info][gc,heap     ] GC(32) Eden regions: 15->0(13)
[2026-06-17T10:06:21.752+0800][1.402s][info][gc,heap     ] GC(32) Survivor regions: 2->3(3)
[2026-06-17T10:06:21.752+0800][1.403s][info][gc,heap     ] GC(32) Old regions: 25->26
[2026-06-17T10:06:21.752+0800][1.403s][info][gc,heap     ] GC(32) Humongous regions: 9->9
[2026-06-17T10:06:21.753+0800][1.403s][info][gc,metaspace] GC(32) Metaspace: 105K(320K)->105K(320K) NonClass: 98K(192K)->98K(192K) Class: 7K(128K)->7K(128K)
[2026-06-17T10:06:21.753+0800][1.403s][info][gc          ] GC(32) Pause Young (Mixed) (G1 Evacuation Pause) 50M->37M(64M) 6.978ms
[2026-06-17T10:06:21.753+0800][1.404s][info][gc,cpu      ] GC(32) User=0.01s Sys=0.00s Real=0.01s
[2026-06-17T10:06:21.754+0800][1.404s][info][gc,start    ] GC(33) Pause Young (Concurrent Start) (G1 Humongous Allocation)
[2026-06-17T10:06:21.754+0800][1.405s][info][gc,task     ] GC(33) Using 2 workers of 18 for evacuation
[2026-06-17T10:06:21.756+0800][1.406s][info][gc,phases   ] GC(33)   Pre Evacuate Collection Set: 0.31ms
[2026-06-17T10:06:21.756+0800][1.407s][info][gc,phases   ] GC(33)   Merge Heap Roots: 0.10ms
[2026-06-17T10:06:21.756+0800][1.407s][info][gc,phases   ] GC(33)   Evacuate Collection Set: 0.39ms
[2026-06-17T10:06:21.757+0800][1.407s][info][gc,phases   ] GC(33)   Post Evacuate Collection Set: 0.32ms
[2026-06-17T10:06:21.757+0800][1.407s][info][gc,phases   ] GC(33)   Other: 0.37ms
[2026-06-17T10:06:21.757+0800][1.408s][info][gc,heap     ] GC(33) Eden regions: 3->0(13)
[2026-06-17T10:06:21.758+0800][1.408s][info][gc,heap     ] GC(33) Survivor regions: 3->2(2)
[2026-06-17T10:06:21.758+0800][1.408s][info][gc,heap     ] GC(33) Old regions: 26->27
[2026-06-17T10:06:21.758+0800][1.409s][info][gc,heap     ] GC(33) Humongous regions: 9->9
[2026-06-17T10:06:21.758+0800][1.409s][info][gc,metaspace] GC(33) Metaspace: 105K(320K)->105K(320K) NonClass: 98K(192K)->98K(192K) Class: 7K(128K)->7K(128K)
[2026-06-17T10:06:21.759+0800][1.409s][info][gc          ] GC(33) Pause Young (Concurrent Start) (G1 Humongous Allocation) 39M->37M(64M) 4.858ms
[2026-06-17T10:06:21.759+0800][1.410s][info][gc,cpu      ] GC(33) User=0.00s Sys=0.00s Real=0.00s
[2026-06-17T10:06:21.759+0800][1.410s][info][gc          ] GC(34) Concurrent Mark Cycle
[2026-06-17T10:06:21.760+0800][1.410s][info][gc,marking  ] GC(34) Concurrent Scan Root Regions
[2026-06-17T10:06:21.760+0800][1.410s][info][gc,marking  ] GC(34) Concurrent Scan Root Regions 0.370ms
[2026-06-17T10:06:21.760+0800][1.411s][info][gc,marking  ] GC(34) Concurrent Mark
[2026-06-17T10:06:21.761+0800][1.411s][info][gc,marking  ] GC(34) Concurrent Mark From Roots
[2026-06-17T10:06:21.761+0800][1.412s][info][gc,task     ] GC(34) Using 5 workers of 5 for marking
[2026-06-17T10:06:21.763+0800][1.414s][info][gc,marking  ] GC(34) Concurrent Mark From Roots 2.559ms
[2026-06-17T10:06:21.764+0800][1.414s][info][gc,marking  ] GC(34) Concurrent Preclean
[2026-06-17T10:06:21.764+0800][1.414s][info][gc,marking  ] GC(34) Concurrent Preclean 0.223ms
[2026-06-17T10:06:21.764+0800][1.415s][info][gc,start    ] GC(34) Pause Remark
[2026-06-17T10:06:21.765+0800][1.415s][info][gc          ] GC(34) Pause Remark 38M->38M(64M) 0.713ms
[2026-06-17T10:06:21.765+0800][1.415s][info][gc,cpu      ] GC(34) User=0.00s Sys=0.00s Real=0.00s
[2026-06-17T10:06:21.765+0800][1.416s][info][gc,marking  ] GC(34) Concurrent Mark 4.707ms
[2026-06-17T10:06:21.765+0800][1.416s][info][gc,marking  ] GC(34) Concurrent Rebuild Remembered Sets and Scrub Regions
[2026-06-17T10:06:21.766+0800][1.417s][info][gc,marking  ] GC(34) Concurrent Rebuild Remembered Sets and Scrub Regions 0.764ms
[2026-06-17T10:06:21.766+0800][1.417s][info][gc,start    ] GC(34) Pause Cleanup
[2026-06-17T10:06:21.767+0800][1.417s][info][gc          ] GC(34) Pause Cleanup 38M->38M(64M) 0.224ms
[2026-06-17T10:06:21.767+0800][1.417s][info][gc,cpu      ] GC(34) User=0.00s Sys=0.00s Real=0.00s
[2026-06-17T10:06:21.767+0800][1.417s][info][gc,marking  ] GC(34) Concurrent Clear Claimed Marks
[2026-06-17T10:06:21.767+0800][1.418s][info][gc,marking  ] GC(34) Concurrent Clear Claimed Marks 0.130ms
[2026-06-17T10:06:21.767+0800][1.418s][info][gc,marking  ] GC(34) Concurrent Cleanup for Next Mark
[2026-06-17T10:06:21.767+0800][1.418s][info][gc,marking  ] GC(34) Concurrent Cleanup for Next Mark 0.262ms
[2026-06-17T10:06:21.767+0800][1.418s][info][gc          ] GC(34) Concurrent Mark Cycle 8.515ms
[2026-06-17T10:06:21.801+0800][1.452s][info][gc,start    ] GC(35) Pause Young (Prepare Mixed) (G1 Evacuation Pause)
[2026-06-17T10:06:21.802+0800][1.453s][info][gc,task     ] GC(35) Using 2 workers of 18 for evacuation
[2026-06-17T10:06:21.804+0800][1.454s][info][gc,phases   ] GC(35)   Pre Evacuate Collection Set: 0.23ms
[2026-06-17T10:06:21.804+0800][1.455s][info][gc,phases   ] GC(35)   Merge Heap Roots: 0.10ms
[2026-06-17T10:06:21.805+0800][1.455s][info][gc,phases   ] GC(35)   Evacuate Collection Set: 0.57ms
[2026-06-17T10:06:21.805+0800][1.455s][info][gc,phases   ] GC(35)   Post Evacuate Collection Set: 0.35ms
[2026-06-17T10:06:21.805+0800][1.456s][info][gc,phases   ] GC(35)   Other: 0.55ms
[2026-06-17T10:06:21.806+0800][1.456s][info][gc,heap     ] GC(35) Eden regions: 13->0(11)
[2026-06-17T10:06:21.806+0800][1.456s][info][gc,heap     ] GC(35) Survivor regions: 2->2(2)
[2026-06-17T10:06:21.806+0800][1.457s][info][gc,heap     ] GC(35) Old regions: 27->30
[2026-06-17T10:06:21.806+0800][1.457s][info][gc,heap     ] GC(35) Humongous regions: 10->10
[2026-06-17T10:06:21.807+0800][1.457s][info][gc,metaspace] GC(35) Metaspace: 106K(320K)->106K(320K) NonClass: 99K(192K)->99K(192K) Class: 7K(128K)->7K(128K)
[2026-06-17T10:06:21.807+0800][1.457s][info][gc          ] GC(35) Pause Young (Prepare Mixed) (G1 Evacuation Pause) 51M->41M(64M) 5.316ms
[2026-06-17T10:06:21.807+0800][1.458s][info][gc,cpu      ] GC(35) User=0.00s Sys=0.00s Real=0.01s
[2026-06-17T10:06:21.830+0800][1.480s][info][gc,start    ] GC(36) Pause Young (Mixed) (G1 Evacuation Pause)
[2026-06-17T10:06:21.831+0800][1.481s][info][gc,task     ] GC(36) Using 2 workers of 18 for evacuation
[2026-06-17T10:06:21.834+0800][1.485s][info][gc,phases   ] GC(36)   Pre Evacuate Collection Set: 0.40ms
[2026-06-17T10:06:21.835+0800][1.485s][info][gc,phases   ] GC(36)   Merge Heap Roots: 0.22ms
[2026-06-17T10:06:21.835+0800][1.486s][info][gc,phases   ] GC(36)   Evacuate Collection Set: 1.01ms
[2026-06-17T10:06:21.835+0800][1.486s][info][gc,phases   ] GC(36)   Post Evacuate Collection Set: 0.87ms
[2026-06-17T10:06:21.836+0800][1.486s][info][gc,phases   ] GC(36)   Other: 0.84ms
[2026-06-17T10:06:21.836+0800][1.487s][info][gc,heap     ] GC(36) Eden regions: 11->0(13)
[2026-06-17T10:06:21.836+0800][1.487s][info][gc,heap     ] GC(36) Survivor regions: 2->2(2)
[2026-06-17T10:06:21.837+0800][1.487s][info][gc,heap     ] GC(36) Old regions: 30->28
[2026-06-17T10:06:21.837+0800][1.488s][info][gc,heap     ] GC(36) Humongous regions: 10->10
[2026-06-17T10:06:21.837+0800][1.488s][info][gc,metaspace] GC(36) Metaspace: 107K(320K)->107K(320K) NonClass: 100K(192K)->100K(192K) Class: 7K(128K)->7K(128K)
[2026-06-17T10:06:21.838+0800][1.488s][info][gc          ] GC(36) Pause Young (Mixed) (G1 Evacuation Pause) 52M->39M(64M) 7.705ms
[2026-06-17T10:06:21.838+0800][1.488s][info][gc,cpu      ] GC(36) User=0.00s Sys=0.00s Real=0.01s
[2026-06-17T10:06:21.881+0800][1.532s][info][gc,start    ] GC(37) Pause Young (Concurrent Start) (G1 Evacuation Pause)
[2026-06-17T10:06:21.883+0800][1.533s][info][gc,task     ] GC(37) Using 2 workers of 18 for evacuation
[2026-06-17T10:06:21.886+0800][1.537s][info][gc,phases   ] GC(37)   Pre Evacuate Collection Set: 0.74ms
[2026-06-17T10:06:21.887+0800][1.537s][info][gc,phases   ] GC(37)   Merge Heap Roots: 0.20ms
[2026-06-17T10:06:21.888+0800][1.538s][info][gc,phases   ] GC(37)   Evacuate Collection Set: 0.81ms
[2026-06-17T10:06:21.888+0800][1.539s][info][gc,phases   ] GC(37)   Post Evacuate Collection Set: 0.85ms
[2026-06-17T10:06:21.889+0800][1.539s][info][gc,phases   ] GC(37)   Other: 0.84ms
[2026-06-17T10:06:21.889+0800][1.540s][info][gc,heap     ] GC(37) Eden regions: 13->0(11)
[2026-06-17T10:06:21.890+0800][1.541s][info][gc,heap     ] GC(37) Survivor regions: 2->2(2)
[2026-06-17T10:06:21.890+0800][1.541s][info][gc,heap     ] GC(37) Old regions: 28->32
[2026-06-17T10:06:21.891+0800][1.542s][info][gc,heap     ] GC(37) Humongous regions: 10->10
[2026-06-17T10:06:21.892+0800][1.542s][info][gc,metaspace] GC(37) Metaspace: 107K(320K)->107K(320K) NonClass: 100K(192K)->100K(192K) Class: 7K(128K)->7K(128K)
[2026-06-17T10:06:21.892+0800][1.543s][info][gc          ] GC(37) Pause Young (Concurrent Start) (G1 Evacuation Pause) 52M->43M(64M) 10.520ms
[2026-06-17T10:06:21.893+0800][1.543s][info][gc,cpu      ] GC(37) User=0.00s Sys=0.00s Real=0.02s
[2026-06-17T10:06:21.893+0800][1.543s][info][gc          ] GC(38) Concurrent Mark Cycle
[2026-06-17T10:06:21.893+0800][1.544s][info][gc,marking  ] GC(38) Concurrent Scan Root Regions
[2026-06-17T10:06:21.894+0800][1.545s][info][gc,marking  ] GC(38) Concurrent Scan Root Regions 0.525ms
[2026-06-17T10:06:21.894+0800][1.545s][info][gc,marking  ] GC(38) Concurrent Mark
[2026-06-17T10:06:21.895+0800][1.545s][info][gc,marking  ] GC(38) Concurrent Mark From Roots
[2026-06-17T10:06:21.895+0800][1.545s][info][gc,task     ] GC(38) Using 5 workers of 5 for marking
[2026-06-17T10:06:21.897+0800][1.548s][info][gc,marking  ] GC(38) Concurrent Mark From Roots 2.572ms
[2026-06-17T10:06:21.898+0800][1.548s][info][gc,marking  ] GC(38) Concurrent Preclean
[2026-06-17T10:06:21.898+0800][1.548s][info][gc,marking  ] GC(38) Concurrent Preclean 0.216ms
[2026-06-17T10:06:21.898+0800][1.549s][info][gc,start    ] GC(38) Pause Remark
[2026-06-17T10:06:21.899+0800][1.549s][info][gc          ] GC(38) Pause Remark 46M->39M(64M) 0.744ms
[2026-06-17T10:06:21.899+0800][1.550s][info][gc,cpu      ] GC(38) User=0.00s Sys=0.00s Real=0.00s
[2026-06-17T10:06:21.899+0800][1.550s][info][gc,marking  ] GC(38) Concurrent Mark 4.992ms
[2026-06-17T10:06:21.899+0800][1.550s][info][gc,marking  ] GC(38) Concurrent Rebuild Remembered Sets and Scrub Regions
[2026-06-17T10:06:21.900+0800][1.551s][info][gc,marking  ] GC(38) Concurrent Rebuild Remembered Sets and Scrub Regions 0.822ms
[2026-06-17T10:06:21.901+0800][1.551s][info][gc,start    ] GC(38) Pause Cleanup
[2026-06-17T10:06:21.901+0800][1.551s][info][gc          ] GC(38) Pause Cleanup 39M->39M(64M) 0.227ms
[2026-06-17T10:06:21.901+0800][1.551s][info][gc,cpu      ] GC(38) User=0.00s Sys=0.00s Real=0.00s
[2026-06-17T10:06:21.901+0800][1.552s][info][gc,marking  ] GC(38) Concurrent Clear Claimed Marks
[2026-06-17T10:06:21.901+0800][1.552s][info][gc,marking  ] GC(38) Concurrent Clear Claimed Marks 0.162ms
[2026-06-17T10:06:21.901+0800][1.552s][info][gc,marking  ] GC(38) Concurrent Cleanup for Next Mark
[2026-06-17T10:06:21.902+0800][1.552s][info][gc,marking  ] GC(38) Concurrent Cleanup for Next Mark 0.252ms
[2026-06-17T10:06:21.903+0800][1.553s][info][gc          ] GC(38) Concurrent Mark Cycle 10.091ms
[2026-06-17T10:06:21.915+0800][1.565s][info][gc,start    ] GC(39) Pause Young (Prepare Mixed) (G1 Evacuation Pause)
[2026-06-17T10:06:21.915+0800][1.566s][info][gc,task     ] GC(39) Using 2 workers of 18 for evacuation
[2026-06-17T10:06:21.916+0800][1.567s][info][gc,phases   ] GC(39)   Pre Evacuate Collection Set: 0.18ms
[2026-06-17T10:06:21.917+0800][1.567s][info][gc,phases   ] GC(39)   Merge Heap Roots: 0.09ms
[2026-06-17T10:06:21.917+0800][1.568s][info][gc,phases   ] GC(39)   Evacuate Collection Set: 0.29ms
[2026-06-17T10:06:21.917+0800][1.568s][info][gc,phases   ] GC(39)   Post Evacuate Collection Set: 0.37ms
[2026-06-17T10:06:21.918+0800][1.568s][info][gc,phases   ] GC(39)   Other: 0.46ms
[2026-06-17T10:06:21.919+0800][1.569s][info][gc,heap     ] GC(39) Eden regions: 11->0(16)
[2026-06-17T10:06:21.919+0800][1.569s][info][gc,heap     ] GC(39) Survivor regions: 2->2(2)
[2026-06-17T10:06:21.919+0800][1.570s][info][gc,heap     ] GC(39) Old regions: 25->26
[2026-06-17T10:06:21.919+0800][1.570s][info][gc,heap     ] GC(39) Humongous regions: 10->10
[2026-06-17T10:06:21.920+0800][1.570s][info][gc,metaspace] GC(39) Metaspace: 107K(320K)->107K(320K) NonClass: 100K(192K)->100K(192K) Class: 7K(128K)->7K(128K)
[2026-06-17T10:06:21.920+0800][1.571s][info][gc          ] GC(39) Pause Young (Prepare Mixed) (G1 Evacuation Pause) 47M->36M(64M) 5.463ms
[2026-06-17T10:06:21.920+0800][1.571s][info][gc,cpu      ] GC(39) User=0.00s Sys=0.00s Real=0.00s
[2026-06-17T10:06:21.975+0800][1.625s][info][gc,start    ] GC(40) Pause Young (Mixed) (G1 Evacuation Pause)
[2026-06-17T10:06:21.975+0800][1.626s][info][gc,task     ] GC(40) Using 2 workers of 18 for evacuation
[2026-06-17T10:06:21.978+0800][1.629s][info][gc,phases   ] GC(40)   Pre Evacuate Collection Set: 0.52ms
[2026-06-17T10:06:21.979+0800][1.630s][info][gc,phases   ] GC(40)   Merge Heap Roots: 0.21ms
[2026-06-17T10:06:21.980+0800][1.630s][info][gc,phases   ] GC(40)   Evacuate Collection Set: 0.98ms
[2026-06-17T10:06:21.980+0800][1.631s][info][gc,phases   ] GC(40)   Post Evacuate Collection Set: 0.59ms
[2026-06-17T10:06:21.980+0800][1.631s][info][gc,phases   ] GC(40)   Other: 0.80ms
[2026-06-17T10:06:21.981+0800][1.631s][info][gc,heap     ] GC(40) Eden regions: 16->0(18)
[2026-06-17T10:06:21.981+0800][1.632s][info][gc,heap     ] GC(40) Survivor regions: 2->3(3)
[2026-06-17T10:06:21.982+0800][1.632s][info][gc,heap     ] GC(40) Old regions: 26->22
[2026-06-17T10:06:21.982+0800][1.633s][info][gc,heap     ] GC(40) Humongous regions: 10->10
[2026-06-17T10:06:21.982+0800][1.633s][info][gc,metaspace] GC(40) Metaspace: 107K(320K)->107K(320K) NonClass: 100K(192K)->100K(192K) Class: 7K(128K)->7K(128K)
[2026-06-17T10:06:21.983+0800][1.633s][info][gc          ] GC(40) Pause Young (Mixed) (G1 Evacuation Pause) 52M->34M(64M) 8.017ms
[2026-06-17T10:06:21.983+0800][1.634s][info][gc,cpu      ] GC(40) User=0.00s Sys=0.00s Real=0.01s
[2026-06-17T10:06:21.984+0800][1.634s][info][gc,start    ] GC(41) Pause Young (Concurrent Start) (G1 Humongous Allocation)
[2026-06-17T10:06:21.984+0800][1.635s][info][gc,task     ] GC(41) Using 2 workers of 18 for evacuation
[2026-06-17T10:06:21.986+0800][1.636s][info][gc,phases   ] GC(41)   Pre Evacuate Collection Set: 0.31ms
[2026-06-17T10:06:21.986+0800][1.636s][info][gc,phases   ] GC(41)   Merge Heap Roots: 0.06ms
[2026-06-17T10:06:21.986+0800][1.637s][info][gc,phases   ] GC(41)   Evacuate Collection Set: 0.40ms
[2026-06-17T10:06:21.986+0800][1.637s][info][gc,phases   ] GC(41)   Post Evacuate Collection Set: 0.33ms
[2026-06-17T10:06:21.987+0800][1.637s][info][gc,phases   ] GC(41)   Other: 0.32ms
[2026-06-17T10:06:21.987+0800][1.637s][info][gc,heap     ] GC(41) Eden regions: 4->0(19)
[2026-06-17T10:06:21.987+0800][1.638s][info][gc,heap     ] GC(41) Survivor regions: 3->0(3)
[2026-06-17T10:06:21.987+0800][1.638s][info][gc,heap     ] GC(41) Old regions: 22->26
[2026-06-17T10:06:21.988+0800][1.638s][info][gc,heap     ] GC(41) Humongous regions: 10->10
[2026-06-17T10:06:21.988+0800][1.639s][info][gc,metaspace] GC(41) Metaspace: 107K(320K)->107K(320K) NonClass: 100K(192K)->100K(192K) Class: 7K(128K)->7K(128K)
[2026-06-17T10:06:21.988+0800][1.639s][info][gc          ] GC(41) Pause Young (Concurrent Start) (G1 Humongous Allocation) 38M->35M(64M) 4.324ms
[2026-06-17T10:06:21.988+0800][1.639s][info][gc,cpu      ] GC(41) User=0.01s Sys=0.00s Real=0.00s
[2026-06-17T10:06:21.988+0800][1.639s][info][gc          ] GC(42) Concurrent Mark Cycle
[2026-06-17T10:06:21.989+0800][1.639s][info][gc,marking  ] GC(42) Concurrent Scan Root Regions
[2026-06-17T10:06:21.989+0800][1.640s][info][gc,marking  ] GC(42) Concurrent Scan Root Regions 0.244ms
[2026-06-17T10:06:21.989+0800][1.640s][info][gc,marking  ] GC(42) Concurrent Mark
[2026-06-17T10:06:21.989+0800][1.640s][info][gc,marking  ] GC(42) Concurrent Mark From Roots
[2026-06-17T10:06:21.990+0800][1.640s][info][gc,task     ] GC(42) Using 5 workers of 5 for marking
[2026-06-17T10:06:21.991+0800][1.642s][info][gc,marking  ] GC(42) Concurrent Mark From Roots 1.688ms
[2026-06-17T10:06:21.991+0800][1.642s][info][gc,marking  ] GC(42) Concurrent Preclean
[2026-06-17T10:06:21.991+0800][1.642s][info][gc,marking  ] GC(42) Concurrent Preclean 0.099ms
[2026-06-17T10:06:21.992+0800][1.642s][info][gc,start    ] GC(42) Pause Remark
[2026-06-17T10:06:21.992+0800][1.642s][info][gc          ] GC(42) Pause Remark 37M->37M(64M) 0.394ms
[2026-06-17T10:06:21.992+0800][1.643s][info][gc,cpu      ] GC(42) User=0.00s Sys=0.00s Real=0.00s
[2026-06-17T10:06:21.992+0800][1.643s][info][gc,marking  ] GC(42) Concurrent Mark 2.888ms
[2026-06-17T10:06:21.992+0800][1.643s][info][gc,marking  ] GC(42) Concurrent Rebuild Remembered Sets and Scrub Regions
[2026-06-17T10:06:21.993+0800][1.643s][info][gc,marking  ] GC(42) Concurrent Rebuild Remembered Sets and Scrub Regions 0.516ms
[2026-06-17T10:06:21.993+0800][1.643s][info][gc,start    ] GC(42) Pause Cleanup
[2026-06-17T10:06:21.993+0800][1.644s][info][gc          ] GC(42) Pause Cleanup 37M->37M(64M) 0.127ms
[2026-06-17T10:06:21.993+0800][1.644s][info][gc,cpu      ] GC(42) User=0.00s Sys=0.00s Real=0.00s
[2026-06-17T10:06:21.993+0800][1.644s][info][gc,marking  ] GC(42) Concurrent Clear Claimed Marks
[2026-06-17T10:06:21.993+0800][1.644s][info][gc,marking  ] GC(42) Concurrent Clear Claimed Marks 0.084ms
[2026-06-17T10:06:21.993+0800][1.644s][info][gc,marking  ] GC(42) Concurrent Cleanup for Next Mark
[2026-06-17T10:06:21.994+0800][1.644s][info][gc,marking  ] GC(42) Concurrent Cleanup for Next Mark 0.175ms
[2026-06-17T10:06:21.994+0800][1.644s][info][gc          ] GC(42) Concurrent Mark Cycle 5.318ms
[2026-06-17T10:06:22.042+0800][1.693s][info][gc,start    ] GC(43) Pause Young (Prepare Mixed) (G1 Evacuation Pause)
[2026-06-17T10:06:22.044+0800][1.694s][info][gc,task     ] GC(43) Using 2 workers of 18 for evacuation
[2026-06-17T10:06:22.047+0800][1.697s][info][gc,phases   ] GC(43)   Pre Evacuate Collection Set: 0.46ms
[2026-06-17T10:06:22.047+0800][1.698s][info][gc,phases   ] GC(43)   Merge Heap Roots: 0.23ms
[2026-06-17T10:06:22.048+0800][1.698s][info][gc,phases   ] GC(43)   Evacuate Collection Set: 0.89ms
[2026-06-17T10:06:22.048+0800][1.699s][info][gc,phases   ] GC(43)   Post Evacuate Collection Set: 0.71ms
[2026-06-17T10:06:22.049+0800][1.699s][info][gc,phases   ] GC(43)   Other: 0.82ms
[2026-06-17T10:06:22.049+0800][1.700s][info][gc,heap     ] GC(43) Eden regions: 19->0(13)
[2026-06-17T10:06:22.050+0800][1.701s][info][gc,heap     ] GC(43) Survivor regions: 0->3(3)
[2026-06-17T10:06:22.051+0800][1.701s][info][gc,heap     ] GC(43) Old regions: 26->28
[2026-06-17T10:06:22.051+0800][1.702s][info][gc,heap     ] GC(43) Humongous regions: 12->12
[2026-06-17T10:06:22.052+0800][1.702s][info][gc,metaspace] GC(43) Metaspace: 107K(320K)->107K(320K) NonClass: 100K(192K)->100K(192K) Class: 7K(128K)->7K(128K)
[2026-06-17T10:06:22.052+0800][1.702s][info][gc          ] GC(43) Pause Young (Prepare Mixed) (G1 Evacuation Pause) 56M->42M(64M) 9.588ms
[2026-06-17T10:06:22.052+0800][1.703s][info][gc,cpu      ] GC(43) User=0.01s Sys=0.00s Real=0.02s
[2026-06-17T10:06:22.086+0800][1.736s][info][gc,start    ] GC(44) Pause Young (Mixed) (G1 Evacuation Pause)
[2026-06-17T10:06:22.087+0800][1.737s][info][gc,task     ] GC(44) Using 2 workers of 18 for evacuation
[2026-06-17T10:06:22.091+0800][1.741s][info][gc,phases   ] GC(44)   Pre Evacuate Collection Set: 0.62ms
[2026-06-17T10:06:22.094+0800][1.744s][info][gc,phases   ] GC(44)   Merge Heap Roots: 0.16ms
[2026-06-17T10:06:22.098+0800][1.748s][info][gc,phases   ] GC(44)   Evacuate Collection Set: 1.07ms
[2026-06-17T10:06:22.100+0800][1.750s][info][gc,phases   ] GC(44)   Post Evacuate Collection Set: 1.34ms
[2026-06-17T10:06:22.100+0800][1.751s][info][gc,phases   ] GC(44)   Other: 0.89ms
[2026-06-17T10:06:22.101+0800][1.751s][info][gc,heap     ] GC(44) Eden regions: 13->0(10)
[2026-06-17T10:06:22.101+0800][1.752s][info][gc,heap     ] GC(44) Survivor regions: 3->2(2)
[2026-06-17T10:06:22.102+0800][1.752s][info][gc,heap     ] GC(44) Old regions: 28->32
[2026-06-17T10:06:22.102+0800][1.753s][info][gc,heap     ] GC(44) Humongous regions: 12->12
[2026-06-17T10:06:22.103+0800][1.753s][info][gc,metaspace] GC(44) Metaspace: 107K(320K)->107K(320K) NonClass: 100K(192K)->100K(192K) Class: 7K(128K)->7K(128K)
[2026-06-17T10:06:22.103+0800][1.754s][info][gc          ] GC(44) Pause Young (Mixed) (G1 Evacuation Pause) 55M->45M(64M) 17.325ms
[2026-06-17T10:06:22.103+0800][1.754s][info][gc,cpu      ] GC(44) User=0.00s Sys=0.00s Real=0.02s
[2026-06-17T10:06:22.126+0800][1.776s][info][gc,start    ] GC(45) Pause Young (Concurrent Start) (G1 Evacuation Pause)
[2026-06-17T10:06:22.127+0800][1.778s][info][gc,task     ] GC(45) Using 2 workers of 18 for evacuation
[2026-06-17T10:06:22.129+0800][1.780s][info][gc,phases   ] GC(45)   Pre Evacuate Collection Set: 0.51ms
[2026-06-17T10:06:22.130+0800][1.780s][info][gc,phases   ] GC(45)   Merge Heap Roots: 0.11ms
[2026-06-17T10:06:22.130+0800][1.781s][info][gc,phases   ] GC(45)   Evacuate Collection Set: 0.42ms
[2026-06-17T10:06:22.130+0800][1.781s][info][gc,phases   ] GC(45)   Post Evacuate Collection Set: 0.51ms
[2026-06-17T10:06:22.131+0800][1.781s][info][gc,phases   ] GC(45)   Other: 0.58ms
[2026-06-17T10:06:22.131+0800][1.781s][info][gc,heap     ] GC(45) Eden regions: 10->0(10)
[2026-06-17T10:06:22.131+0800][1.782s][info][gc,heap     ] GC(45) Survivor regions: 2->2(2)
[2026-06-17T10:06:22.131+0800][1.782s][info][gc,heap     ] GC(45) Old regions: 32->33
[2026-06-17T10:06:22.132+0800][1.782s][info][gc,heap     ] GC(45) Humongous regions: 12->12
[2026-06-17T10:06:22.132+0800][1.782s][info][gc,metaspace] GC(45) Metaspace: 107K(320K)->107K(320K) NonClass: 100K(192K)->100K(192K) Class: 7K(128K)->7K(128K)
[2026-06-17T10:06:22.132+0800][1.783s][info][gc          ] GC(45) Pause Young (Concurrent Start) (G1 Evacuation Pause) 55M->45M(64M) 6.228ms
[2026-06-17T10:06:22.132+0800][1.783s][info][gc,cpu      ] GC(45) User=0.00s Sys=0.00s Real=0.01s
[2026-06-17T10:06:22.132+0800][1.783s][info][gc          ] GC(46) Concurrent Mark Cycle
[2026-06-17T10:06:22.133+0800][1.784s][info][gc,marking  ] GC(46) Concurrent Scan Root Regions
[2026-06-17T10:06:22.134+0800][1.784s][info][gc,marking  ] GC(46) Concurrent Scan Root Regions 0.427ms
[2026-06-17T10:06:22.134+0800][1.785s][info][gc,marking  ] GC(46) Concurrent Mark
[2026-06-17T10:06:22.134+0800][1.785s][info][gc,marking  ] GC(46) Concurrent Mark From Roots
[2026-06-17T10:06:22.135+0800][1.785s][info][gc,task     ] GC(46) Using 5 workers of 5 for marking
[2026-06-17T10:06:22.137+0800][1.788s][info][gc,marking  ] GC(46) Concurrent Mark From Roots 2.802ms
[2026-06-17T10:06:22.138+0800][1.788s][info][gc,marking  ] GC(46) Concurrent Preclean
[2026-06-17T10:06:22.138+0800][1.789s][info][gc,marking  ] GC(46) Concurrent Preclean 0.630ms
[2026-06-17T10:06:22.139+0800][1.789s][info][gc,start    ] GC(46) Pause Remark
[2026-06-17T10:06:22.140+0800][1.791s][info][gc          ] GC(46) Pause Remark 47M->40M(64M) 1.282ms
[2026-06-17T10:06:22.141+0800][1.791s][info][gc,cpu      ] GC(46) User=0.00s Sys=0.00s Real=0.00s
[2026-06-17T10:06:22.141+0800][1.792s][info][gc,marking  ] GC(46) Concurrent Mark 7.263ms
[2026-06-17T10:06:22.142+0800][1.793s][info][gc,marking  ] GC(46) Concurrent Rebuild Remembered Sets and Scrub Regions
[2026-06-17T10:06:22.143+0800][1.794s][info][gc,marking  ] GC(46) Concurrent Rebuild Remembered Sets and Scrub Regions 1.352ms
[2026-06-17T10:06:22.144+0800][1.795s][info][gc,start    ] GC(46) Pause Cleanup
[2026-06-17T10:06:22.145+0800][1.795s][info][gc          ] GC(46) Pause Cleanup 43M->43M(64M) 0.619ms
[2026-06-17T10:06:22.145+0800][1.796s][info][gc,cpu      ] GC(46) User=0.00s Sys=0.00s Real=0.00s
[2026-06-17T10:06:22.146+0800][1.797s][info][gc,marking  ] GC(46) Concurrent Clear Claimed Marks
[2026-06-17T10:06:22.147+0800][1.797s][info][gc,marking  ] GC(46) Concurrent Clear Claimed Marks 0.529ms
[2026-06-17T10:06:22.147+0800][1.798s][info][gc,marking  ] GC(46) Concurrent Cleanup for Next Mark
[2026-06-17T10:06:22.148+0800][1.798s][info][gc,marking  ] GC(46) Concurrent Cleanup for Next Mark 0.777ms
[2026-06-17T10:06:22.149+0800][1.799s][info][gc          ] GC(46) Concurrent Mark Cycle 16.102ms
[2026-06-17T10:06:22.165+0800][1.815s][info][gc,start    ] GC(47) Pause Young (Prepare Mixed) (G1 Evacuation Pause)
[2026-06-17T10:06:22.166+0800][1.816s][info][gc,task     ] GC(47) Using 2 workers of 18 for evacuation
[2026-06-17T10:06:22.168+0800][1.819s][info][gc,phases   ] GC(47)   Pre Evacuate Collection Set: 0.37ms
[2026-06-17T10:06:22.169+0800][1.819s][info][gc,phases   ] GC(47)   Merge Heap Roots: 0.17ms
[2026-06-17T10:06:22.169+0800][1.820s][info][gc,phases   ] GC(47)   Evacuate Collection Set: 0.85ms
[2026-06-17T10:06:22.170+0800][1.820s][info][gc,phases   ] GC(47)   Post Evacuate Collection Set: 0.56ms
[2026-06-17T10:06:22.170+0800][1.820s][info][gc,phases   ] GC(47)   Other: 0.66ms
[2026-06-17T10:06:22.170+0800][1.821s][info][gc,heap     ] GC(47) Eden regions: 10->0(12)
[2026-06-17T10:06:22.170+0800][1.821s][info][gc,heap     ] GC(47) Survivor regions: 2->2(2)
[2026-06-17T10:06:22.171+0800][1.821s][info][gc,heap     ] GC(47) Old regions: 26->29
[2026-06-17T10:06:22.171+0800][1.822s][info][gc,heap     ] GC(47) Humongous regions: 12->12
[2026-06-17T10:06:22.171+0800][1.822s][info][gc,metaspace] GC(47) Metaspace: 107K(320K)->107K(320K) NonClass: 100K(192K)->100K(192K) Class: 7K(128K)->7K(128K)
[2026-06-17T10:06:22.172+0800][1.822s][info][gc          ] GC(47) Pause Young (Prepare Mixed) (G1 Evacuation Pause) 48M->42M(64M) 6.610ms
[2026-06-17T10:06:22.172+0800][1.822s][info][gc,cpu      ] GC(47) User=0.01s Sys=0.00s Real=0.01s
[2026-06-17T10:06:22.205+0800][1.856s][info][gc,start    ] GC(48) Pause Young (Mixed) (G1 Evacuation Pause)
[2026-06-17T10:06:22.206+0800][1.856s][info][gc,task     ] GC(48) Using 2 workers of 18 for evacuation
[2026-06-17T10:06:22.209+0800][1.860s][info][gc,phases   ] GC(48)   Pre Evacuate Collection Set: 0.40ms
[2026-06-17T10:06:22.210+0800][1.860s][info][gc,phases   ] GC(48)   Merge Heap Roots: 0.21ms
[2026-06-17T10:06:22.210+0800][1.861s][info][gc,phases   ] GC(48)   Evacuate Collection Set: 1.33ms
[2026-06-17T10:06:22.211+0800][1.861s][info][gc,phases   ] GC(48)   Post Evacuate Collection Set: 0.54ms
[2026-06-17T10:06:22.211+0800][1.862s][info][gc,phases   ] GC(48)   Other: 1.00ms
[2026-06-17T10:06:22.211+0800][1.862s][info][gc,heap     ] GC(48) Eden regions: 12->0(13)
[2026-06-17T10:06:22.212+0800][1.862s][info][gc,heap     ] GC(48) Survivor regions: 2->2(2)
[2026-06-17T10:06:22.212+0800][1.863s][info][gc,heap     ] GC(48) Old regions: 29->26
[2026-06-17T10:06:22.213+0800][1.863s][info][gc,heap     ] GC(48) Humongous regions: 12->12
[2026-06-17T10:06:22.213+0800][1.864s][info][gc,metaspace] GC(48) Metaspace: 107K(320K)->107K(320K) NonClass: 100K(192K)->100K(192K) Class: 7K(128K)->7K(128K)
[2026-06-17T10:06:22.213+0800][1.864s][info][gc          ] GC(48) Pause Young (Mixed) (G1 Evacuation Pause) 54M->39M(64M) 8.320ms
[2026-06-17T10:06:22.214+0800][1.864s][info][gc,cpu      ] GC(48) User=0.00s Sys=0.00s Real=0.01s
[2026-06-17T10:06:22.226+0800][1.876s][info][gc,start    ] GC(49) Pause Young (Concurrent Start) (G1 Humongous Allocation)
[2026-06-17T10:06:22.226+0800][1.877s][info][gc,task     ] GC(49) Using 2 workers of 18 for evacuation
[2026-06-17T10:06:22.229+0800][1.880s][info][gc,phases   ] GC(49)   Pre Evacuate Collection Set: 0.79ms
[2026-06-17T10:06:22.231+0800][1.881s][info][gc,phases   ] GC(49)   Merge Heap Roots: 0.10ms
[2026-06-17T10:06:22.232+0800][1.882s][info][gc,phases   ] GC(49)   Evacuate Collection Set: 0.60ms
[2026-06-17T10:06:22.232+0800][1.883s][info][gc,phases   ] GC(49)   Post Evacuate Collection Set: 0.74ms
[2026-06-17T10:06:22.233+0800][1.884s][info][gc,phases   ] GC(49)   Other: 0.61ms
[2026-06-17T10:06:22.236+0800][1.886s][info][gc,heap     ] GC(49) Eden regions: 8->0(13)
[2026-06-17T10:06:22.237+0800][1.888s][info][gc,heap     ] GC(49) Survivor regions: 2->2(2)
[2026-06-17T10:06:22.241+0800][1.892s][info][gc,heap     ] GC(49) Old regions: 26->27
[2026-06-17T10:06:22.243+0800][1.894s][info][gc,heap     ] GC(49) Humongous regions: 12->12
[2026-06-17T10:06:22.244+0800][1.895s][info][gc,metaspace] GC(49) Metaspace: 107K(320K)->107K(320K) NonClass: 100K(192K)->100K(192K) Class: 7K(128K)->7K(128K)
[2026-06-17T10:06:22.247+0800][1.897s][info][gc          ] GC(49) Pause Young (Concurrent Start) (G1 Humongous Allocation) 46M->40M(64M) 21.214ms
[2026-06-17T10:06:22.248+0800][1.898s][info][gc,cpu      ] GC(49) User=0.01s Sys=0.00s Real=0.02s
[2026-06-17T10:06:22.248+0800][1.898s][info][gc          ] GC(50) Concurrent Mark Cycle
[2026-06-17T10:06:22.253+0800][1.903s][info][gc,marking  ] GC(50) Concurrent Scan Root Regions
[2026-06-17T10:06:22.257+0800][1.908s][info][gc,marking  ] GC(50) Concurrent Scan Root Regions 4.295ms
[2026-06-17T10:06:22.258+0800][1.909s][info][gc,marking  ] GC(50) Concurrent Mark
[2026-06-17T10:06:22.260+0800][1.910s][info][gc,marking  ] GC(50) Concurrent Mark From Roots
[2026-06-17T10:06:22.261+0800][1.912s][info][gc,task     ] GC(50) Using 5 workers of 5 for marking
[2026-06-17T10:06:22.265+0800][1.915s][info][gc,marking  ] GC(50) Concurrent Mark From Roots 5.073ms
[2026-06-17T10:06:22.268+0800][1.918s][info][gc,marking  ] GC(50) Concurrent Preclean
[2026-06-17T10:06:22.271+0800][1.921s][info][gc,marking  ] GC(50) Concurrent Preclean 3.018ms
[2026-06-17T10:06:22.273+0800][1.924s][info][gc,start    ] GC(50) Pause Remark
[2026-06-17T10:06:22.274+0800][1.925s][info][gc          ] GC(50) Pause Remark 51M->43M(64M) 1.182ms
[2026-06-17T10:06:22.289+0800][1.939s][info][gc,cpu      ] GC(50) User=0.00s Sys=0.00s Real=0.01s
[2026-06-17T10:06:22.291+0800][1.942s][info][gc,marking  ] GC(50) Concurrent Mark 33.418ms
[2026-06-17T10:06:22.292+0800][1.942s][info][gc,marking  ] GC(50) Concurrent Rebuild Remembered Sets and Scrub Regions
[2026-06-17T10:06:22.293+0800][1.944s][info][gc,marking  ] GC(50) Concurrent Rebuild Remembered Sets and Scrub Regions 1.214ms
[2026-06-17T10:06:22.294+0800][1.944s][info][gc,start    ] GC(50) Pause Cleanup
[2026-06-17T10:06:22.294+0800][1.944s][info][gc          ] GC(50) Pause Cleanup 46M->46M(64M) 0.336ms
[2026-06-17T10:06:22.294+0800][1.945s][info][gc,cpu      ] GC(50) User=0.00s Sys=0.00s Real=0.00s
[2026-06-17T10:06:22.294+0800][1.945s][info][gc,marking  ] GC(50) Concurrent Clear Claimed Marks
[2026-06-17T10:06:22.295+0800][1.945s][info][gc,marking  ] GC(50) Concurrent Clear Claimed Marks 0.212ms
[2026-06-17T10:06:22.295+0800][1.945s][info][gc,marking  ] GC(50) Concurrent Cleanup for Next Mark
[2026-06-17T10:06:22.295+0800][1.946s][info][gc,marking  ] GC(50) Concurrent Cleanup for Next Mark 0.269ms
[2026-06-17T10:06:22.295+0800][1.946s][info][gc          ] GC(50) Concurrent Mark Cycle 47.533ms
[2026-06-17T10:06:22.302+0800][1.953s][info][gc,start    ] GC(51) Pause Young (Prepare Mixed) (G1 Evacuation Pause)
[2026-06-17T10:06:22.303+0800][1.953s][info][gc,task     ] GC(51) Using 2 workers of 18 for evacuation
[2026-06-17T10:06:22.304+0800][1.955s][info][gc,phases   ] GC(51)   Pre Evacuate Collection Set: 0.12ms
[2026-06-17T10:06:22.307+0800][1.957s][info][gc,phases   ] GC(51)   Merge Heap Roots: 0.05ms
[2026-06-17T10:06:22.307+0800][1.958s][info][gc,phases   ] GC(51)   Evacuate Collection Set: 0.41ms
[2026-06-17T10:06:22.324+0800][1.975s][info][gc,phases   ] GC(51)   Post Evacuate Collection Set: 0.18ms
[2026-06-17T10:06:22.325+0800][1.976s][info][gc,phases   ] GC(51)   Other: 0.60ms
[2026-06-17T10:06:22.326+0800][1.976s][info][gc,heap     ] GC(51) Eden regions: 13->0(14)
[2026-06-17T10:06:22.326+0800][1.977s][info][gc,heap     ] GC(51) Survivor regions: 2->2(2)
[2026-06-17T10:06:22.326+0800][1.977s][info][gc,heap     ] GC(51) Old regions: 19->22
[2026-06-17T10:06:22.327+0800][1.977s][info][gc,heap     ] GC(51) Humongous regions: 14->14
[2026-06-17T10:06:22.338+0800][1.989s][info][gc,metaspace] GC(51) Metaspace: 107K(320K)->107K(320K) NonClass: 100K(192K)->100K(192K) Class: 7K(128K)->7K(128K)
[2026-06-17T10:06:22.339+0800][1.990s][info][gc          ] GC(51) Pause Young (Prepare Mixed) (G1 Evacuation Pause) 47M->37M(64M) 36.958ms
[2026-06-17T10:06:22.341+0800][1.992s][info][gc,cpu      ] GC(51) User=0.00s Sys=0.01s Real=0.04s
[2026-06-17T10:06:22.388+0800][2.038s][info][gc,start    ] GC(52) Pause Young (Mixed) (G1 Evacuation Pause)
[2026-06-17T10:06:22.388+0800][2.039s][info][gc,task     ] GC(52) Using 2 workers of 18 for evacuation
[2026-06-17T10:06:22.393+0800][2.043s][info][gc,phases   ] GC(52)   Pre Evacuate Collection Set: 0.11ms
[2026-06-17T10:06:22.400+0800][2.051s][info][gc,phases   ] GC(52)   Merge Heap Roots: 0.04ms
[2026-06-17T10:06:22.403+0800][2.053s][info][gc,phases   ] GC(52)   Evacuate Collection Set: 0.51ms
[2026-06-17T10:06:22.403+0800][2.054s][info][gc,phases   ] GC(52)   Post Evacuate Collection Set: 0.17ms
[2026-06-17T10:06:22.404+0800][2.055s][info][gc,phases   ] GC(52)   Other: 3.48ms
[2026-06-17T10:06:22.406+0800][2.057s][info][gc,heap     ] GC(52) Eden regions: 14->0(13)
[2026-06-17T10:06:22.410+0800][2.060s][info][gc,heap     ] GC(52) Survivor regions: 2->2(2)
[2026-06-17T10:06:22.412+0800][2.063s][info][gc,heap     ] GC(52) Old regions: 22->23
[2026-06-17T10:06:22.413+0800][2.063s][info][gc,heap     ] GC(52) Humongous regions: 14->14
[2026-06-17T10:06:22.414+0800][2.064s][info][gc,metaspace] GC(52) Metaspace: 107K(320K)->107K(320K) NonClass: 100K(192K)->100K(192K) Class: 7K(128K)->7K(128K)
[2026-06-17T10:06:22.416+0800][2.066s][info][gc          ] GC(52) Pause Young (Mixed) (G1 Evacuation Pause) 51M->38M(64M) 27.790ms
[2026-06-17T10:06:22.416+0800][2.067s][info][gc,cpu      ] GC(52) User=0.00s Sys=0.00s Real=0.03s
[2026-06-17T10:06:22.462+0800][2.113s][info][gc,start    ] GC(53) Pause Young (Concurrent Start) (G1 Evacuation Pause)
[2026-06-17T10:06:22.463+0800][2.113s][info][gc,task     ] GC(53) Using 2 workers of 18 for evacuation
[2026-06-17T10:06:22.465+0800][2.116s][info][gc,phases   ] GC(53)   Pre Evacuate Collection Set: 0.46ms
[2026-06-17T10:06:22.466+0800][2.116s][info][gc,phases   ] GC(53)   Merge Heap Roots: 0.12ms
[2026-06-17T10:06:22.467+0800][2.118s][info][gc,phases   ] GC(53)   Evacuate Collection Set: 0.60ms
[2026-06-17T10:06:22.468+0800][2.119s][info][gc,phases   ] GC(53)   Post Evacuate Collection Set: 0.68ms
[2026-06-17T10:06:22.470+0800][2.120s][info][gc,phases   ] GC(53)   Other: 0.69ms
[2026-06-17T10:06:22.471+0800][2.122s][info][gc,heap     ] GC(53) Eden regions: 13->0(11)
[2026-06-17T10:06:22.473+0800][2.124s][info][gc,heap     ] GC(53) Survivor regions: 2->2(2)
[2026-06-17T10:06:22.475+0800][2.125s][info][gc,heap     ] GC(53) Old regions: 23->26
[2026-06-17T10:06:22.477+0800][2.128s][info][gc,heap     ] GC(53) Humongous regions: 14->14
[2026-06-17T10:06:22.479+0800][2.130s][info][gc,metaspace] GC(53) Metaspace: 107K(320K)->107K(320K) NonClass: 100K(192K)->100K(192K) Class: 7K(128K)->7K(128K)
[2026-06-17T10:06:22.481+0800][2.131s][info][gc          ] GC(53) Pause Young (Concurrent Start) (G1 Evacuation Pause) 51M->41M(64M) 18.496ms
[2026-06-17T10:06:22.483+0800][2.134s][info][gc,cpu      ] GC(53) User=0.00s Sys=0.00s Real=0.03s
[2026-06-17T10:06:22.483+0800][2.134s][info][gc          ] GC(54) Concurrent Mark Cycle
[2026-06-17T10:06:22.487+0800][2.137s][info][gc,marking  ] GC(54) Concurrent Scan Root Regions
[2026-06-17T10:06:22.491+0800][2.141s][info][gc,marking  ] GC(54) Concurrent Scan Root Regions 4.111ms
[2026-06-17T10:06:22.492+0800][2.142s][info][gc,marking  ] GC(54) Concurrent Mark
[2026-06-17T10:06:22.494+0800][2.144s][info][gc,marking  ] GC(54) Concurrent Mark From Roots
[2026-06-17T10:06:22.497+0800][2.148s][info][gc,task     ] GC(54) Using 5 workers of 5 for marking
[2026-06-17T10:06:22.503+0800][2.154s][info][gc,marking  ] GC(54) Concurrent Mark From Roots 9.383ms
[2026-06-17T10:06:22.504+0800][2.154s][info][gc,marking  ] GC(54) Concurrent Preclean
[2026-06-17T10:06:22.505+0800][2.155s][info][gc,marking  ] GC(54) Concurrent Preclean 0.835ms
[2026-06-17T10:06:22.506+0800][2.156s][info][gc,start    ] GC(54) Pause Remark
[2026-06-17T10:06:22.508+0800][2.159s][info][gc          ] GC(54) Pause Remark 48M->48M(64M) 2.639ms
[2026-06-17T10:06:22.509+0800][2.160s][info][gc,cpu      ] GC(54) User=0.00s Sys=0.00s Real=0.00s
[2026-06-17T10:06:22.510+0800][2.160s][info][gc,marking  ] GC(54) Concurrent Mark 18.200ms
[2026-06-17T10:06:22.510+0800][2.161s][info][gc,marking  ] GC(54) Concurrent Rebuild Remembered Sets and Scrub Regions
[2026-06-17T10:06:22.512+0800][2.163s][info][gc,marking  ] GC(54) Concurrent Rebuild Remembered Sets and Scrub Regions 1.925ms
[2026-06-17T10:06:22.515+0800][2.165s][info][gc,start    ] GC(54) Pause Cleanup
[2026-06-17T10:06:22.517+0800][2.168s][info][gc          ] GC(54) Pause Cleanup 52M->52M(64M) 2.482ms
[2026-06-17T10:06:22.518+0800][2.168s][info][gc,cpu      ] GC(54) User=0.00s Sys=0.00s Real=0.00s
[2026-06-17T10:06:22.518+0800][2.169s][info][gc,marking  ] GC(54) Concurrent Clear Claimed Marks
[2026-06-17T10:06:22.519+0800][2.169s][info][gc,marking  ] GC(54) Concurrent Clear Claimed Marks 0.563ms
[2026-06-17T10:06:22.520+0800][2.170s][info][gc,marking  ] GC(54) Concurrent Cleanup for Next Mark
[2026-06-17T10:06:22.520+0800][2.171s][info][gc,marking  ] GC(54) Concurrent Cleanup for Next Mark 0.635ms
[2026-06-17T10:06:22.520+0800][2.171s][info][gc,start    ] GC(55) Pause Young (Prepare Mixed) (G1 Evacuation Pause)
[2026-06-17T10:06:22.521+0800][2.172s][info][gc,task     ] GC(55) Using 2 workers of 18 for evacuation
[2026-06-17T10:06:22.523+0800][2.174s][info][gc,phases   ] GC(55)   Pre Evacuate Collection Set: 0.10ms
[2026-06-17T10:06:22.524+0800][2.174s][info][gc,phases   ] GC(55)   Merge Heap Roots: 0.04ms
[2026-06-17T10:06:22.525+0800][2.175s][info][gc,phases   ] GC(55)   Evacuate Collection Set: 0.46ms
[2026-06-17T10:06:22.525+0800][2.176s][info][gc,phases   ] GC(55)   Post Evacuate Collection Set: 0.66ms
[2026-06-17T10:06:22.526+0800][2.177s][info][gc,phases   ] GC(55)   Other: 0.63ms
[2026-06-17T10:06:22.527+0800][2.177s][info][gc,heap     ] GC(55) Eden regions: 11->0(11)
[2026-06-17T10:06:22.528+0800][2.178s][info][gc,heap     ] GC(55) Survivor regions: 2->2(2)
[2026-06-17T10:06:22.528+0800][2.179s][info][gc,heap     ] GC(55) Old regions: 26->27
[2026-06-17T10:06:22.529+0800][2.180s][info][gc,heap     ] GC(55) Humongous regions: 14->14
[2026-06-17T10:06:22.530+0800][2.180s][info][gc,metaspace] GC(55) Metaspace: 107K(320K)->107K(320K) NonClass: 100K(192K)->100K(192K) Class: 7K(128K)->7K(128K)
[2026-06-17T10:06:22.531+0800][2.181s][info][gc          ] GC(55) Pause Young (Prepare Mixed) (G1 Evacuation Pause) 52M->42M(64M) 10.156ms
[2026-06-17T10:06:22.531+0800][2.182s][info][gc,cpu      ] GC(55) User=0.00s Sys=0.00s Real=0.02s
[2026-06-17T10:06:22.532+0800][2.183s][info][gc          ] GC(54) Concurrent Mark Cycle 49.139ms
[2026-06-17T10:06:22.555+0800][2.206s][info][gc,start    ] GC(56) Pause Young (Mixed) (G1 Evacuation Pause)
[2026-06-17T10:06:22.556+0800][2.207s][info][gc,task     ] GC(56) Using 2 workers of 18 for evacuation
[2026-06-17T10:06:22.561+0800][2.211s][info][gc,phases   ] GC(56)   Pre Evacuate Collection Set: 0.49ms
[2026-06-17T10:06:22.562+0800][2.212s][info][gc,phases   ] GC(56)   Merge Heap Roots: 0.31ms
[2026-06-17T10:06:22.563+0800][2.213s][info][gc,phases   ] GC(56)   Evacuate Collection Set: 1.17ms
[2026-06-17T10:06:22.563+0800][2.214s][info][gc,phases   ] GC(56)   Post Evacuate Collection Set: 0.98ms
[2026-06-17T10:06:22.564+0800][2.215s][info][gc,phases   ] GC(56)   Other: 1.29ms
[2026-06-17T10:06:22.565+0800][2.216s][info][gc,heap     ] GC(56) Eden regions: 11->0(8)
[2026-06-17T10:06:22.566+0800][2.217s][info][gc,heap     ] GC(56) Survivor regions: 2->2(2)
[2026-06-17T10:06:22.567+0800][2.218s][info][gc,heap     ] GC(56) Old regions: 27->29
[2026-06-17T10:06:22.568+0800][2.218s][info][gc,heap     ] GC(56) Humongous regions: 14->14
[2026-06-17T10:06:22.569+0800][2.219s][info][gc,metaspace] GC(56) Metaspace: 107K(320K)->107K(320K) NonClass: 100K(192K)->100K(192K) Class: 7K(128K)->7K(128K)
[2026-06-17T10:06:22.570+0800][2.220s][info][gc          ] GC(56) Pause Young (Mixed) (G1 Evacuation Pause) 53M->44M(64M) 14.949ms
[2026-06-17T10:06:22.571+0800][2.221s][info][gc,cpu      ] GC(56) User=0.00s Sys=0.00s Real=0.02s
[2026-06-17T10:06:22.583+0800][2.234s][info][gc,start    ] GC(57) Pause Young (Concurrent Start) (G1 Humongous Allocation)
[2026-06-17T10:06:22.584+0800][2.235s][info][gc,task     ] GC(57) Using 2 workers of 18 for evacuation
[2026-06-17T10:06:22.588+0800][2.238s][info][gc,phases   ] GC(57)   Pre Evacuate Collection Set: 0.89ms
[2026-06-17T10:06:22.588+0800][2.239s][info][gc,phases   ] GC(57)   Merge Heap Roots: 0.19ms
[2026-06-17T10:06:22.589+0800][2.240s][info][gc,phases   ] GC(57)   Evacuate Collection Set: 0.54ms
[2026-06-17T10:06:22.590+0800][2.241s][info][gc,phases   ] GC(57)   Post Evacuate Collection Set: 0.87ms
[2026-06-17T10:06:22.591+0800][2.242s][info][gc,phases   ] GC(57)   Other: 1.15ms
[2026-06-17T10:06:22.592+0800][2.243s][info][gc,heap     ] GC(57) Eden regions: 6->0(9)
[2026-06-17T10:06:22.593+0800][2.244s][info][gc,heap     ] GC(57) Survivor regions: 2->2(2)
[2026-06-17T10:06:22.594+0800][2.245s][info][gc,heap     ] GC(57) Old regions: 29->29
[2026-06-17T10:06:22.595+0800][2.246s][info][gc,heap     ] GC(57) Humongous regions: 14->14
[2026-06-17T10:06:22.596+0800][2.247s][info][gc,metaspace] GC(57) Metaspace: 107K(320K)->107K(320K) NonClass: 100K(192K)->100K(192K) Class: 7K(128K)->7K(128K)
[2026-06-17T10:06:22.597+0800][2.247s][info][gc          ] GC(57) Pause Young (Concurrent Start) (G1 Humongous Allocation) 49M->44M(64M) 13.915ms
[2026-06-17T10:06:22.598+0800][2.248s][info][gc,cpu      ] GC(57) User=0.00s Sys=0.00s Real=0.01s
[2026-06-17T10:06:22.598+0800][2.248s][info][gc          ] GC(58) Concurrent Mark Cycle
[2026-06-17T10:06:22.600+0800][2.250s][info][gc,marking  ] GC(58) Concurrent Scan Root Regions
[2026-06-17T10:06:22.601+0800][2.251s][info][gc,marking  ] GC(58) Concurrent Scan Root Regions 0.905ms
[2026-06-17T10:06:22.601+0800][2.252s][info][gc,marking  ] GC(58) Concurrent Mark
[2026-06-17T10:06:22.602+0800][2.253s][info][gc,marking  ] GC(58) Concurrent Mark From Roots
[2026-06-17T10:06:22.603+0800][2.253s][info][gc,task     ] GC(58) Using 5 workers of 5 for marking
[2026-06-17T10:06:22.606+0800][2.257s][info][gc,marking  ] GC(58) Concurrent Mark From Roots 4.038ms
[2026-06-17T10:06:22.607+0800][2.257s][info][gc,marking  ] GC(58) Concurrent Preclean
[2026-06-17T10:06:22.607+0800][2.258s][info][gc,marking  ] GC(58) Concurrent Preclean 0.331ms
[2026-06-17T10:06:22.608+0800][2.258s][info][gc,start    ] GC(58) Pause Remark
[2026-06-17T10:06:22.609+0800][2.259s][info][gc          ] GC(58) Pause Remark 46M->37M(64M) 1.162ms
[2026-06-17T10:06:22.609+0800][2.260s][info][gc,cpu      ] GC(58) User=0.00s Sys=0.00s Real=0.00s
[2026-06-17T10:06:22.609+0800][2.260s][info][gc,marking  ] GC(58) Concurrent Mark 7.995ms
[2026-06-17T10:06:22.610+0800][2.260s][info][gc,marking  ] GC(58) Concurrent Rebuild Remembered Sets and Scrub Regions
[2026-06-17T10:06:22.611+0800][2.261s][info][gc,marking  ] GC(58) Concurrent Rebuild Remembered Sets and Scrub Regions 1.120ms
[2026-06-17T10:06:22.611+0800][2.262s][info][gc,start    ] GC(58) Pause Cleanup
[2026-06-17T10:06:22.612+0800][2.262s][info][gc          ] GC(58) Pause Cleanup 41M->41M(64M) 0.267ms
[2026-06-17T10:06:22.612+0800][2.262s][info][gc,cpu      ] GC(58) User=0.00s Sys=0.00s Real=0.00s
[2026-06-17T10:06:22.612+0800][2.263s][info][gc,marking  ] GC(58) Concurrent Clear Claimed Marks
[2026-06-17T10:06:22.612+0800][2.263s][info][gc,marking  ] GC(58) Concurrent Clear Claimed Marks 0.249ms
[2026-06-17T10:06:22.613+0800][2.263s][info][gc,marking  ] GC(58) Concurrent Cleanup for Next Mark
[2026-06-17T10:06:22.613+0800][2.263s][info][gc,marking  ] GC(58) Concurrent Cleanup for Next Mark 0.318ms
[2026-06-17T10:06:22.613+0800][2.264s][info][gc          ] GC(58) Concurrent Mark Cycle 15.195ms
[2026-06-17T10:06:22.631+0800][2.281s][info][gc,start    ] GC(59) Pause Young (Prepare Mixed) (G1 Evacuation Pause)
[2026-06-17T10:06:22.632+0800][2.282s][info][gc,task     ] GC(59) Using 2 workers of 18 for evacuation
[2026-06-17T10:06:22.634+0800][2.285s][info][gc,phases   ] GC(59)   Pre Evacuate Collection Set: 0.46ms
[2026-06-17T10:06:22.635+0800][2.285s][info][gc,phases   ] GC(59)   Merge Heap Roots: 0.24ms
[2026-06-17T10:06:22.635+0800][2.286s][info][gc,phases   ] GC(59)   Evacuate Collection Set: 0.61ms
[2026-06-17T10:06:22.636+0800][2.286s][info][gc,phases   ] GC(59)   Post Evacuate Collection Set: 0.68ms
[2026-06-17T10:06:22.636+0800][2.287s][info][gc,phases   ] GC(59)   Other: 0.64ms
[2026-06-17T10:06:22.636+0800][2.287s][info][gc,heap     ] GC(59) Eden regions: 9->0(14)
[2026-06-17T10:06:22.637+0800][2.287s][info][gc,heap     ] GC(59) Survivor regions: 2->2(2)
[2026-06-17T10:06:22.637+0800][2.288s][info][gc,heap     ] GC(59) Old regions: 20->22
[2026-06-17T10:06:22.638+0800][2.288s][info][gc,heap     ] GC(59) Humongous regions: 16->16
[2026-06-17T10:06:22.638+0800][2.289s][info][gc,metaspace] GC(59) Metaspace: 107K(320K)->107K(320K) NonClass: 100K(192K)->100K(192K) Class: 7K(128K)->7K(128K)
[2026-06-17T10:06:22.638+0800][2.289s][info][gc          ] GC(59) Pause Young (Prepare Mixed) (G1 Evacuation Pause) 46M->39M(64M) 7.439ms
[2026-06-17T10:06:22.639+0800][2.289s][info][gc,cpu      ] GC(59) User=0.01s Sys=0.01s Real=0.00s
[2026-06-17T10:06:22.672+0800][2.323s][info][gc,start    ] GC(60) Pause Young (Mixed) (G1 Evacuation Pause)
[2026-06-17T10:06:22.675+0800][2.325s][info][gc,task     ] GC(60) Using 2 workers of 18 for evacuation
[2026-06-17T10:06:22.678+0800][2.329s][info][gc,phases   ] GC(60)   Pre Evacuate Collection Set: 0.47ms
[2026-06-17T10:06:22.679+0800][2.330s][info][gc,phases   ] GC(60)   Merge Heap Roots: 0.31ms
[2026-06-17T10:06:22.680+0800][2.330s][info][gc,phases   ] GC(60)   Evacuate Collection Set: 1.28ms
[2026-06-17T10:06:22.680+0800][2.331s][info][gc,phases   ] GC(60)   Post Evacuate Collection Set: 0.89ms
[2026-06-17T10:06:22.681+0800][2.331s][info][gc,phases   ] GC(60)   Other: 0.77ms
[2026-06-17T10:06:22.681+0800][2.332s][info][gc,heap     ] GC(60) Eden regions: 14->0(14)
[2026-06-17T10:06:22.682+0800][2.332s][info][gc,heap     ] GC(60) Survivor regions: 2->2(2)
[2026-06-17T10:06:22.682+0800][2.333s][info][gc,heap     ] GC(60) Old regions: 22->21
[2026-06-17T10:06:22.682+0800][2.333s][info][gc,heap     ] GC(60) Humongous regions: 16->16
[2026-06-17T10:06:22.683+0800][2.333s][info][gc,metaspace] GC(60) Metaspace: 107K(320K)->107K(320K) NonClass: 100K(192K)->100K(192K) Class: 7K(128K)->7K(128K)
[2026-06-17T10:06:22.683+0800][2.334s][info][gc          ] GC(60) Pause Young (Mixed) (G1 Evacuation Pause) 53M->38M(64M) 10.955ms
[2026-06-17T10:06:22.683+0800][2.334s][info][gc,cpu      ] GC(60) User=0.00s Sys=0.00s Real=0.01s
[2026-06-17T10:06:22.717+0800][2.368s][info][gc,start    ] GC(61) Pause Young (Mixed) (G1 Evacuation Pause)
[2026-06-17T10:06:22.718+0800][2.369s][info][gc,task     ] GC(61) Using 2 workers of 18 for evacuation
[2026-06-17T10:06:22.721+0800][2.372s][info][gc,phases   ] GC(61)   Pre Evacuate Collection Set: 0.44ms
[2026-06-17T10:06:22.722+0800][2.372s][info][gc,phases   ] GC(61)   Merge Heap Roots: 0.29ms
[2026-06-17T10:06:22.723+0800][2.373s][info][gc,phases   ] GC(61)   Evacuate Collection Set: 0.79ms
[2026-06-17T10:06:22.723+0800][2.374s][info][gc,phases   ] GC(61)   Post Evacuate Collection Set: 0.67ms
[2026-06-17T10:06:22.724+0800][2.374s][info][gc,phases   ] GC(61)   Other: 0.96ms
[2026-06-17T10:06:22.724+0800][2.375s][info][gc,heap     ] GC(61) Eden regions: 14->0(12)
[2026-06-17T10:06:22.725+0800][2.375s][info][gc,heap     ] GC(61) Survivor regions: 2->2(2)
[2026-06-17T10:06:22.725+0800][2.376s][info][gc,heap     ] GC(61) Old regions: 21->24
[2026-06-17T10:06:22.726+0800][2.376s][info][gc,heap     ] GC(61) Humongous regions: 16->16
[2026-06-17T10:06:22.726+0800][2.377s][info][gc,metaspace] GC(61) Metaspace: 107K(320K)->107K(320K) NonClass: 100K(192K)->100K(192K) Class: 7K(128K)->7K(128K)
[2026-06-17T10:06:22.727+0800][2.377s][info][gc          ] GC(61) Pause Young (Mixed) (G1 Evacuation Pause) 52M->41M(64M) 9.234ms
[2026-06-17T10:06:22.727+0800][2.378s][info][gc,cpu      ] GC(61) User=0.01s Sys=0.00s Real=0.01s
[2026-06-17T10:06:22.761+0800][2.411s][info][gc,start    ] GC(62) Pause Young (Concurrent Start) (G1 Evacuation Pause)
[2026-06-17T10:06:22.761+0800][2.412s][info][gc,task     ] GC(62) Using 2 workers of 18 for evacuation
[2026-06-17T10:06:22.764+0800][2.415s][info][gc,phases   ] GC(62)   Pre Evacuate Collection Set: 0.79ms
[2026-06-17T10:06:22.765+0800][2.416s][info][gc,phases   ] GC(62)   Merge Heap Roots: 0.15ms
[2026-06-17T10:06:22.766+0800][2.417s][info][gc,phases   ] GC(62)   Evacuate Collection Set: 0.63ms
[2026-06-17T10:06:22.767+0800][2.417s][info][gc,phases   ] GC(62)   Post Evacuate Collection Set: 0.78ms
[2026-06-17T10:06:22.767+0800][2.418s][info][gc,phases   ] GC(62)   Other: 0.76ms
[2026-06-17T10:06:22.768+0800][2.418s][info][gc,heap     ] GC(62) Eden regions: 12->0(11)
[2026-06-17T10:06:22.768+0800][2.419s][info][gc,heap     ] GC(62) Survivor regions: 2->2(2)
[2026-06-17T10:06:22.769+0800][2.419s][info][gc,heap     ] GC(62) Old regions: 24->26
[2026-06-17T10:06:22.769+0800][2.419s][info][gc,heap     ] GC(62) Humongous regions: 16->16
[2026-06-17T10:06:22.769+0800][2.420s][info][gc,metaspace] GC(62) Metaspace: 107K(320K)->107K(320K) NonClass: 100K(192K)->100K(192K) Class: 7K(128K)->7K(128K)
[2026-06-17T10:06:22.770+0800][2.420s][info][gc          ] GC(62) Pause Young (Concurrent Start) (G1 Evacuation Pause) 53M->42M(64M) 9.115ms
[2026-06-17T10:06:22.770+0800][2.421s][info][gc,cpu      ] GC(62) User=0.00s Sys=0.00s Real=0.01s
[2026-06-17T10:06:22.770+0800][2.421s][info][gc          ] GC(63) Concurrent Mark Cycle
[2026-06-17T10:06:22.771+0800][2.421s][info][gc,marking  ] GC(63) Concurrent Scan Root Regions
[2026-06-17T10:06:22.771+0800][2.422s][info][gc,marking  ] GC(63) Concurrent Scan Root Regions 0.398ms
[2026-06-17T10:06:22.771+0800][2.422s][info][gc,marking  ] GC(63) Concurrent Mark
[2026-06-17T10:06:22.772+0800][2.422s][info][gc,marking  ] GC(63) Concurrent Mark From Roots
[2026-06-17T10:06:22.772+0800][2.422s][info][gc,task     ] GC(63) Using 5 workers of 5 for marking
[2026-06-17T10:06:22.774+0800][2.425s][info][gc,marking  ] GC(63) Concurrent Mark From Roots 2.318ms
[2026-06-17T10:06:22.774+0800][2.425s][info][gc,marking  ] GC(63) Concurrent Preclean
[2026-06-17T10:06:22.775+0800][2.425s][info][gc,marking  ] GC(63) Concurrent Preclean 0.251ms
[2026-06-17T10:06:22.775+0800][2.425s][info][gc,start    ] GC(63) Pause Remark
[2026-06-17T10:06:22.776+0800][2.426s][info][gc          ] GC(63) Pause Remark 44M->44M(64M) 0.965ms
[2026-06-17T10:06:22.776+0800][2.427s][info][gc,cpu      ] GC(63) User=0.00s Sys=0.00s Real=0.00s
[2026-06-17T10:06:22.776+0800][2.427s][info][gc,marking  ] GC(63) Concurrent Mark 4.770ms
[2026-06-17T10:06:22.776+0800][2.427s][info][gc,marking  ] GC(63) Concurrent Rebuild Remembered Sets and Scrub Regions
[2026-06-17T10:06:22.777+0800][2.428s][info][gc,marking  ] GC(63) Concurrent Rebuild Remembered Sets and Scrub Regions 0.803ms
[2026-06-17T10:06:22.777+0800][2.428s][info][gc,start    ] GC(63) Pause Cleanup
[2026-06-17T10:06:22.778+0800][2.428s][info][gc          ] GC(63) Pause Cleanup 44M->44M(64M) 0.172ms
[2026-06-17T10:06:22.778+0800][2.428s][info][gc,cpu      ] GC(63) User=0.00s Sys=0.00s Real=0.00s
[2026-06-17T10:06:22.778+0800][2.429s][info][gc,marking  ] GC(63) Concurrent Clear Claimed Marks
[2026-06-17T10:06:22.778+0800][2.429s][info][gc,marking  ] GC(63) Concurrent Clear Claimed Marks 0.153ms
[2026-06-17T10:06:22.778+0800][2.429s][info][gc,marking  ] GC(63) Concurrent Cleanup for Next Mark
[2026-06-17T10:06:22.779+0800][2.429s][info][gc,marking  ] GC(63) Concurrent Cleanup for Next Mark 0.280ms
[2026-06-17T10:06:22.779+0800][2.429s][info][gc          ] GC(63) Concurrent Mark Cycle 8.650ms
[2026-06-17T10:06:22.803+0800][2.453s][info][gc,start    ] GC(64) Pause Young (Prepare Mixed) (G1 Evacuation Pause)
[2026-06-17T10:06:22.803+0800][2.454s][info][gc,task     ] GC(64) Using 2 workers of 18 for evacuation
[2026-06-17T10:06:22.806+0800][2.456s][info][gc,phases   ] GC(64)   Pre Evacuate Collection Set: 0.29ms
[2026-06-17T10:06:22.806+0800][2.457s][info][gc,phases   ] GC(64)   Merge Heap Roots: 0.10ms
[2026-06-17T10:06:22.807+0800][2.457s][info][gc,phases   ] GC(64)   Evacuate Collection Set: 0.75ms
[2026-06-17T10:06:22.807+0800][2.457s][info][gc,phases   ] GC(64)   Post Evacuate Collection Set: 0.57ms
[2026-06-17T10:06:22.807+0800][2.458s][info][gc,phases   ] GC(64)   Other: 0.62ms
[2026-06-17T10:06:22.807+0800][2.458s][info][gc,heap     ] GC(64) Eden regions: 11->0(9)
[2026-06-17T10:06:22.808+0800][2.458s][info][gc,heap     ] GC(64) Survivor regions: 2->2(2)
[2026-06-17T10:06:22.808+0800][2.459s][info][gc,heap     ] GC(64) Old regions: 26->30
[2026-06-17T10:06:22.809+0800][2.459s][info][gc,heap     ] GC(64) Humongous regions: 16->16
[2026-06-17T10:06:22.809+0800][2.459s][info][gc,metaspace] GC(64) Metaspace: 107K(320K)->107K(320K) NonClass: 100K(192K)->100K(192K) Class: 7K(128K)->7K(128K)
[2026-06-17T10:06:22.809+0800][2.460s][info][gc          ] GC(64) Pause Young (Prepare Mixed) (G1 Evacuation Pause) 53M->47M(64M) 6.556ms
[2026-06-17T10:06:22.809+0800][2.460s][info][gc,cpu      ] GC(64) User=0.01s Sys=0.00s Real=0.00s
[2026-06-17T10:06:22.842+0800][2.493s][info][gc,start    ] GC(65) Pause Young (Mixed) (G1 Evacuation Pause)
[2026-06-17T10:06:22.844+0800][2.494s][info][gc,task     ] GC(65) Using 2 workers of 18 for evacuation
[2026-06-17T10:06:22.852+0800][2.502s][info][gc,phases   ] GC(65)   Pre Evacuate Collection Set: 0.51ms
[2026-06-17T10:06:22.854+0800][2.504s][info][gc,phases   ] GC(65)   Merge Heap Roots: 0.23ms
[2026-06-17T10:06:22.856+0800][2.506s][info][gc,phases   ] GC(65)   Evacuate Collection Set: 0.87ms
[2026-06-17T10:06:22.857+0800][2.508s][info][gc,phases   ] GC(65)   Post Evacuate Collection Set: 0.78ms
[2026-06-17T10:06:22.858+0800][2.509s][info][gc,phases   ] GC(65)   Other: 5.63ms
[2026-06-17T10:06:22.860+0800][2.510s][info][gc,heap     ] GC(65) Eden regions: 9->0(9)
[2026-06-17T10:06:22.863+0800][2.513s][info][gc,heap     ] GC(65) Survivor regions: 2->2(2)
[2026-06-17T10:06:22.864+0800][2.515s][info][gc,heap     ] GC(65) Old regions: 30->28
[2026-06-17T10:06:22.865+0800][2.516s][info][gc,heap     ] GC(65) Humongous regions: 17->17
[2026-06-17T10:06:22.866+0800][2.517s][info][gc,metaspace] GC(65) Metaspace: 107K(320K)->107K(320K) NonClass: 100K(192K)->100K(192K) Class: 7K(128K)->7K(128K)
[2026-06-17T10:06:22.867+0800][2.518s][info][gc          ] GC(65) Pause Young (Mixed) (G1 Evacuation Pause) 57M->46M(64M) 24.951ms
[2026-06-17T10:06:22.868+0800][2.518s][info][gc,cpu      ] GC(65) User=0.00s Sys=0.00s Real=0.03s
[2026-06-17T10:06:22.891+0800][2.541s][info][gc,start    ] GC(66) Pause Young (Concurrent Start) (G1 Evacuation Pause)
[2026-06-17T10:06:22.892+0800][2.543s][info][gc,task     ] GC(66) Using 2 workers of 18 for evacuation
[2026-06-17T10:06:22.896+0800][2.547s][info][gc,phases   ] GC(66)   Pre Evacuate Collection Set: 0.76ms
[2026-06-17T10:06:22.902+0800][2.553s][info][gc,phases   ] GC(66)   Merge Heap Roots: 0.19ms
[2026-06-17T10:06:22.905+0800][2.556s][info][gc,phases   ] GC(66)   Evacuate Collection Set: 0.77ms
[2026-06-17T10:06:22.906+0800][2.556s][info][gc,phases   ] GC(66)   Post Evacuate Collection Set: 0.85ms
[2026-06-17T10:06:22.906+0800][2.557s][info][gc,phases   ] GC(66)   Other: 1.58ms
[2026-06-17T10:06:22.907+0800][2.557s][info][gc,heap     ] GC(66) Eden regions: 9->0(7)
[2026-06-17T10:06:22.907+0800][2.558s][info][gc,heap     ] GC(66) Survivor regions: 2->2(2)
[2026-06-17T10:06:22.908+0800][2.558s][info][gc,heap     ] GC(66) Old regions: 28->31
[2026-06-17T10:06:22.908+0800][2.558s][info][gc,heap     ] GC(66) Humongous regions: 17->17
[2026-06-17T10:06:22.908+0800][2.559s][info][gc,metaspace] GC(66) Metaspace: 107K(320K)->107K(320K) NonClass: 100K(192K)->100K(192K) Class: 7K(128K)->7K(128K)
[2026-06-17T10:06:22.909+0800][2.560s][info][gc          ] GC(66) Pause Young (Concurrent Start) (G1 Evacuation Pause) 55M->49M(64M) 18.414ms
[2026-06-17T10:06:22.910+0800][2.560s][info][gc,cpu      ] GC(66) User=0.00s Sys=0.00s Real=0.01s
[2026-06-17T10:06:22.910+0800][2.560s][info][gc          ] GC(67) Concurrent Mark Cycle
[2026-06-17T10:06:22.911+0800][2.561s][info][gc,marking  ] GC(67) Concurrent Scan Root Regions
[2026-06-17T10:06:22.911+0800][2.562s][info][gc,marking  ] GC(67) Concurrent Scan Root Regions 0.571ms
[2026-06-17T10:06:22.912+0800][2.562s][info][gc,marking  ] GC(67) Concurrent Mark
[2026-06-17T10:06:22.912+0800][2.562s][info][gc,marking  ] GC(67) Concurrent Mark From Roots
[2026-06-17T10:06:22.912+0800][2.563s][info][gc,task     ] GC(67) Using 5 workers of 5 for marking
[2026-06-17T10:06:22.915+0800][2.565s][info][gc,marking  ] GC(67) Concurrent Mark From Roots 2.933ms
[2026-06-17T10:06:22.915+0800][2.566s][info][gc,marking  ] GC(67) Concurrent Preclean
[2026-06-17T10:06:22.915+0800][2.566s][info][gc,marking  ] GC(67) Concurrent Preclean 0.208ms
[2026-06-17T10:06:22.916+0800][2.566s][info][gc,start    ] GC(67) Pause Remark
[2026-06-17T10:06:22.916+0800][2.567s][info][gc          ] GC(67) Pause Remark 52M->39M(64M) 0.854ms
[2026-06-17T10:06:22.917+0800][2.567s][info][gc,cpu      ] GC(67) User=0.00s Sys=0.00s Real=0.00s
[2026-06-17T10:06:22.917+0800][2.567s][info][gc,marking  ] GC(67) Concurrent Mark 5.327ms
[2026-06-17T10:06:22.917+0800][2.568s][info][gc,marking  ] GC(67) Concurrent Rebuild Remembered Sets and Scrub Regions
[2026-06-17T10:06:22.918+0800][2.569s][info][gc,marking  ] GC(67) Concurrent Rebuild Remembered Sets and Scrub Regions 1.055ms
[2026-06-17T10:06:22.918+0800][2.569s][info][gc,start    ] GC(67) Pause Cleanup
[2026-06-17T10:06:22.919+0800][2.569s][info][gc          ] GC(67) Pause Cleanup 39M->39M(64M) 0.229ms
[2026-06-17T10:06:22.919+0800][2.569s][info][gc,cpu      ] GC(67) User=0.00s Sys=0.00s Real=0.00s
[2026-06-17T10:06:22.919+0800][2.570s][info][gc,marking  ] GC(67) Concurrent Clear Claimed Marks
[2026-06-17T10:06:22.919+0800][2.570s][info][gc,marking  ] GC(67) Concurrent Clear Claimed Marks 0.197ms
[2026-06-17T10:06:22.919+0800][2.570s][info][gc,marking  ] GC(67) Concurrent Cleanup for Next Mark
[2026-06-17T10:06:22.920+0800][2.570s][info][gc,marking  ] GC(67) Concurrent Cleanup for Next Mark 0.269ms
[2026-06-17T10:06:22.920+0800][2.570s][info][gc          ] GC(67) Concurrent Mark Cycle 10.187ms
[2026-06-17T10:06:22.921+0800][2.572s][info][gc,start    ] GC(68) Pause Young (Prepare Mixed) (G1 Evacuation Pause)
[2026-06-17T10:06:22.922+0800][2.572s][info][gc,task     ] GC(68) Using 2 workers of 18 for evacuation
[2026-06-17T10:06:22.922+0800][2.573s][info][gc,phases   ] GC(68)   Pre Evacuate Collection Set: 0.14ms
[2026-06-17T10:06:22.923+0800][2.573s][info][gc,phases   ] GC(68)   Merge Heap Roots: 0.07ms
[2026-06-17T10:06:22.923+0800][2.573s][info][gc,phases   ] GC(68)   Evacuate Collection Set: 0.24ms
[2026-06-17T10:06:22.923+0800][2.573s][info][gc,phases   ] GC(68)   Post Evacuate Collection Set: 0.26ms
[2026-06-17T10:06:22.923+0800][2.574s][info][gc,phases   ] GC(68)   Other: 0.21ms
[2026-06-17T10:06:22.923+0800][2.574s][info][gc,heap     ] GC(68) Eden regions: 7->0(15)
[2026-06-17T10:06:22.923+0800][2.574s][info][gc,heap     ] GC(68) Survivor regions: 2->1(2)
[2026-06-17T10:06:22.923+0800][2.574s][info][gc,heap     ] GC(68) Old regions: 26->27
[2026-06-17T10:06:22.923+0800][2.574s][info][gc,heap     ] GC(68) Humongous regions: 9->9
[2026-06-17T10:06:22.924+0800][2.574s][info][gc,metaspace] GC(68) Metaspace: 107K(320K)->107K(320K) NonClass: 100K(192K)->100K(192K) Class: 7K(128K)->7K(128K)
[2026-06-17T10:06:22.924+0800][2.574s][info][gc          ] GC(68) Pause Young (Prepare Mixed) (G1 Evacuation Pause) 43M->36M(64M) 2.456ms
[2026-06-17T10:06:22.924+0800][2.574s][info][gc,cpu      ] GC(68) User=0.00s Sys=0.00s Real=0.01s
[2026-06-17T10:06:22.968+0800][2.619s][info][gc,start    ] GC(69) Pause Young (Mixed) (G1 Evacuation Pause)
[2026-06-17T10:06:22.969+0800][2.619s][info][gc,task     ] GC(69) Using 2 workers of 18 for evacuation
[2026-06-17T10:06:22.973+0800][2.623s][info][gc,phases   ] GC(69)   Pre Evacuate Collection Set: 0.39ms
[2026-06-17T10:06:22.973+0800][2.624s][info][gc,phases   ] GC(69)   Merge Heap Roots: 0.26ms
[2026-06-17T10:06:22.974+0800][2.624s][info][gc,phases   ] GC(69)   Evacuate Collection Set: 1.69ms
[2026-06-17T10:06:22.974+0800][2.625s][info][gc,phases   ] GC(69)   Post Evacuate Collection Set: 0.56ms
[2026-06-17T10:06:22.975+0800][2.625s][info][gc,phases   ] GC(69)   Other: 0.83ms
[2026-06-17T10:06:22.975+0800][2.626s][info][gc,heap     ] GC(69) Eden regions: 15->0(15)
[2026-06-17T10:06:22.976+0800][2.626s][info][gc,heap     ] GC(69) Survivor regions: 1->2(2)
[2026-06-17T10:06:22.976+0800][2.627s][info][gc,heap     ] GC(69) Old regions: 27->25
[2026-06-17T10:06:22.977+0800][2.627s][info][gc,heap     ] GC(69) Humongous regions: 9->9
[2026-06-17T10:06:22.977+0800][2.628s][info][gc,metaspace] GC(69) Metaspace: 107K(320K)->107K(320K) NonClass: 100K(192K)->100K(192K) Class: 7K(128K)->7K(128K)
[2026-06-17T10:06:22.977+0800][2.628s][info][gc          ] GC(69) Pause Young (Mixed) (G1 Evacuation Pause) 51M->35M(64M) 9.427ms
[2026-06-17T10:06:22.978+0800][2.628s][info][gc,cpu      ] GC(69) User=0.00s Sys=0.00s Real=0.01s
[2026-06-17T10:06:23.022+0800][2.672s][info][gc,start    ] GC(70) Pause Young (Mixed) (G1 Evacuation Pause)
[2026-06-17T10:06:23.022+0800][2.673s][info][gc,task     ] GC(70) Using 2 workers of 18 for evacuation
[2026-06-17T10:06:23.024+0800][2.674s][info][gc,phases   ] GC(70)   Pre Evacuate Collection Set: 0.13ms
[2026-06-17T10:06:23.025+0800][2.675s][info][gc,phases   ] GC(70)   Merge Heap Roots: 0.06ms
[2026-06-17T10:06:23.025+0800][2.676s][info][gc,phases   ] GC(70)   Evacuate Collection Set: 0.95ms
[2026-06-17T10:06:23.025+0800][2.676s][info][gc,phases   ] GC(70)   Post Evacuate Collection Set: 0.17ms
[2026-06-17T10:06:23.026+0800][2.676s][info][gc,phases   ] GC(70)   Other: 0.41ms
[2026-06-17T10:06:23.026+0800][2.676s][info][gc,heap     ] GC(70) Eden regions: 15->0(14)
[2026-06-17T10:06:23.026+0800][2.677s][info][gc,heap     ] GC(70) Survivor regions: 2->3(3)
[2026-06-17T10:06:23.026+0800][2.677s][info][gc,heap     ] GC(70) Old regions: 25->26
[2026-06-17T10:06:23.026+0800][2.677s][info][gc,heap     ] GC(70) Humongous regions: 9->9
[2026-06-17T10:06:23.026+0800][2.677s][info][gc,metaspace] GC(70) Metaspace: 108K(320K)->108K(320K) NonClass: 101K(192K)->101K(192K) Class: 7K(128K)->7K(128K)
[2026-06-17T10:06:23.027+0800][2.677s][info][gc          ] GC(70) Pause Young (Mixed) (G1 Evacuation Pause) 50M->37M(64M) 4.885ms
[2026-06-17T10:06:23.027+0800][2.677s][info][gc,cpu      ] GC(70) User=0.01s Sys=0.00s Real=0.01s
[2026-06-17T10:06:23.058+0800][2.709s][info][gc,start    ] GC(71) Pause Young (Concurrent Start) (G1 Evacuation Pause)
[2026-06-17T10:06:23.059+0800][2.709s][info][gc,task     ] GC(71) Using 2 workers of 18 for evacuation
[2026-06-17T10:06:23.060+0800][2.711s][info][gc,phases   ] GC(71)   Pre Evacuate Collection Set: 0.20ms
[2026-06-17T10:06:23.061+0800][2.711s][info][gc,phases   ] GC(71)   Merge Heap Roots: 0.04ms
[2026-06-17T10:06:23.061+0800][2.712s][info][gc,phases   ] GC(71)   Evacuate Collection Set: 0.75ms
[2026-06-17T10:06:23.061+0800][2.712s][info][gc,phases   ] GC(71)   Post Evacuate Collection Set: 0.28ms
[2026-06-17T10:06:23.061+0800][2.712s][info][gc,phases   ] GC(71)   Other: 0.24ms
[2026-06-17T10:06:23.061+0800][2.712s][info][gc,heap     ] GC(71) Eden regions: 14->0(11)
[2026-06-17T10:06:23.062+0800][2.712s][info][gc,heap     ] GC(71) Survivor regions: 3->3(3)
[2026-06-17T10:06:23.062+0800][2.712s][info][gc,heap     ] GC(71) Old regions: 26->30
[2026-06-17T10:06:23.062+0800][2.712s][info][gc,heap     ] GC(71) Humongous regions: 9->9
[2026-06-17T10:06:23.062+0800][2.712s][info][gc,metaspace] GC(71) Metaspace: 108K(320K)->108K(320K) NonClass: 101K(192K)->101K(192K) Class: 7K(128K)->7K(128K)
[2026-06-17T10:06:23.062+0800][2.712s][info][gc          ] GC(71) Pause Young (Concurrent Start) (G1 Evacuation Pause) 51M->41M(64M) 3.491ms
[2026-06-17T10:06:23.062+0800][2.713s][info][gc,cpu      ] GC(71) User=0.00s Sys=0.00s Real=0.00s
[2026-06-17T10:06:23.062+0800][2.713s][info][gc          ] GC(72) Concurrent Mark Cycle
[2026-06-17T10:06:23.063+0800][2.713s][info][gc,marking  ] GC(72) Concurrent Scan Root Regions
[2026-06-17T10:06:23.063+0800][2.713s][info][gc,marking  ] GC(72) Concurrent Scan Root Regions 0.187ms
[2026-06-17T10:06:23.063+0800][2.713s][info][gc,marking  ] GC(72) Concurrent Mark
[2026-06-17T10:06:23.063+0800][2.714s][info][gc,marking  ] GC(72) Concurrent Mark From Roots
[2026-06-17T10:06:23.063+0800][2.714s][info][gc,task     ] GC(72) Using 5 workers of 5 for marking
[2026-06-17T10:06:23.064+0800][2.715s][info][gc,marking  ] GC(72) Concurrent Mark From Roots 1.149ms
[2026-06-17T10:06:23.064+0800][2.715s][info][gc,marking  ] GC(72) Concurrent Preclean
[2026-06-17T10:06:23.064+0800][2.715s][info][gc,marking  ] GC(72) Concurrent Preclean 0.106ms
[2026-06-17T10:06:23.065+0800][2.715s][info][gc,start    ] GC(72) Pause Remark
[2026-06-17T10:06:23.065+0800][2.715s][info][gc          ] GC(72) Pause Remark 42M->33M(64M) 0.393ms
[2026-06-17T10:06:23.065+0800][2.716s][info][gc,cpu      ] GC(72) User=0.00s Sys=0.00s Real=0.00s
[2026-06-17T10:06:23.065+0800][2.716s][info][gc,marking  ] GC(72) Concurrent Mark 2.299ms
[2026-06-17T10:06:23.065+0800][2.716s][info][gc,marking  ] GC(72) Concurrent Rebuild Remembered Sets and Scrub Regions
[2026-06-17T10:06:23.066+0800][2.716s][info][gc,marking  ] GC(72) Concurrent Rebuild Remembered Sets and Scrub Regions 0.427ms
[2026-06-17T10:06:23.066+0800][2.716s][info][gc,start    ] GC(72) Pause Cleanup
[2026-06-17T10:06:23.066+0800][2.717s][info][gc          ] GC(72) Pause Cleanup 33M->33M(64M) 0.437ms
[2026-06-17T10:06:23.066+0800][2.717s][info][gc,cpu      ] GC(72) User=0.00s Sys=0.00s Real=0.00s
[2026-06-17T10:06:23.067+0800][2.717s][info][gc,marking  ] GC(72) Concurrent Clear Claimed Marks
[2026-06-17T10:06:23.067+0800][2.717s][info][gc,marking  ] GC(72) Concurrent Clear Claimed Marks 0.108ms
[2026-06-17T10:06:23.067+0800][2.717s][info][gc,marking  ] GC(72) Concurrent Cleanup for Next Mark
[2026-06-17T10:06:23.067+0800][2.718s][info][gc,marking  ] GC(72) Concurrent Cleanup for Next Mark 0.182ms
[2026-06-17T10:06:23.067+0800][2.718s][info][gc          ] GC(72) Concurrent Mark Cycle 5.155ms
[2026-06-17T10:06:23.094+0800][2.744s][info][gc,start    ] GC(73) Pause Young (Prepare Mixed) (G1 Evacuation Pause)
[2026-06-17T10:06:23.094+0800][2.744s][info][gc,task     ] GC(73) Using 2 workers of 18 for evacuation
[2026-06-17T10:06:23.095+0800][2.745s][info][gc,phases   ] GC(73)   Pre Evacuate Collection Set: 0.09ms
[2026-06-17T10:06:23.095+0800][2.746s][info][gc,phases   ] GC(73)   Merge Heap Roots: 0.04ms
[2026-06-17T10:06:23.095+0800][2.746s][info][gc,phases   ] GC(73)   Evacuate Collection Set: 0.36ms
[2026-06-17T10:06:23.095+0800][2.746s][info][gc,phases   ] GC(73)   Post Evacuate Collection Set: 0.17ms
[2026-06-17T10:06:23.095+0800][2.746s][info][gc,phases   ] GC(73)   Other: 0.22ms
[2026-06-17T10:06:23.096+0800][2.746s][info][gc,heap     ] GC(73) Eden regions: 11->0(16)
[2026-06-17T10:06:23.096+0800][2.746s][info][gc,heap     ] GC(73) Survivor regions: 3->2(2)
[2026-06-17T10:06:23.096+0800][2.746s][info][gc,heap     ] GC(73) Old regions: 21->24
[2026-06-17T10:06:23.096+0800][2.746s][info][gc,heap     ] GC(73) Humongous regions: 10->10
[2026-06-17T10:06:23.096+0800][2.747s][info][gc,metaspace] GC(73) Metaspace: 108K(320K)->108K(320K) NonClass: 101K(192K)->101K(192K) Class: 7K(128K)->7K(128K)
[2026-06-17T10:06:23.096+0800][2.747s][info][gc          ] GC(73) Pause Young (Prepare Mixed) (G1 Evacuation Pause) 44M->35M(64M) 2.628ms
[2026-06-17T10:06:23.097+0800][2.747s][info][gc,cpu      ] GC(73) User=0.00s Sys=0.00s Real=0.00s
[2026-06-17T10:06:23.139+0800][2.789s][info][gc,start    ] GC(74) Pause Young (Mixed) (G1 Evacuation Pause)
[2026-06-17T10:06:23.140+0800][2.790s][info][gc,task     ] GC(74) Using 2 workers of 18 for evacuation
[2026-06-17T10:06:23.141+0800][2.792s][info][gc,phases   ] GC(74)   Pre Evacuate Collection Set: 0.10ms
[2026-06-17T10:06:23.141+0800][2.792s][info][gc,phases   ] GC(74)   Merge Heap Roots: 0.04ms
[2026-06-17T10:06:23.142+0800][2.793s][info][gc,phases   ] GC(74)   Evacuate Collection Set: 0.37ms
[2026-06-17T10:06:23.143+0800][2.793s][info][gc,phases   ] GC(74)   Post Evacuate Collection Set: 0.33ms
[2026-06-17T10:06:23.143+0800][2.794s][info][gc,phases   ] GC(74)   Other: 0.61ms
[2026-06-17T10:06:23.144+0800][2.794s][info][gc,heap     ] GC(74) Eden regions: 16->0(15)
[2026-06-17T10:06:23.144+0800][2.795s][info][gc,heap     ] GC(74) Survivor regions: 2->3(3)
[2026-06-17T10:06:23.145+0800][2.796s][info][gc,heap     ] GC(74) Old regions: 24->23
[2026-06-17T10:06:23.145+0800][2.796s][info][gc,heap     ] GC(74) Humongous regions: 10->10
[2026-06-17T10:06:23.146+0800][2.796s][info][gc,metaspace] GC(74) Metaspace: 108K(320K)->108K(320K) NonClass: 101K(192K)->101K(192K) Class: 7K(128K)->7K(128K)
[2026-06-17T10:06:23.146+0800][2.797s][info][gc          ] GC(74) Pause Young (Mixed) (G1 Evacuation Pause) 51M->35M(64M) 7.188ms
[2026-06-17T10:06:23.146+0800][2.797s][info][gc,cpu      ] GC(74) User=0.00s Sys=0.00s Real=0.01s
[2026-06-17T10:06:23.179+0800][2.830s][info][gc,start    ] GC(75) Pause Young (Concurrent Start) (G1 Evacuation Pause)
[2026-06-17T10:06:23.180+0800][2.831s][info][gc,task     ] GC(75) Using 2 workers of 18 for evacuation
[2026-06-17T10:06:23.183+0800][2.833s][info][gc,phases   ] GC(75)   Pre Evacuate Collection Set: 0.53ms
[2026-06-17T10:06:23.183+0800][2.834s][info][gc,phases   ] GC(75)   Merge Heap Roots: 0.04ms
[2026-06-17T10:06:23.184+0800][2.834s][info][gc,phases   ] GC(75)   Evacuate Collection Set: 0.68ms
[2026-06-17T10:06:23.184+0800][2.835s][info][gc,phases   ] GC(75)   Post Evacuate Collection Set: 0.72ms
[2026-06-17T10:06:23.184+0800][2.835s][info][gc,phases   ] GC(75)   Other: 0.59ms
[2026-06-17T10:06:23.185+0800][2.835s][info][gc,heap     ] GC(75) Eden regions: 15->0(15)
[2026-06-17T10:06:23.185+0800][2.836s][info][gc,heap     ] GC(75) Survivor regions: 3->3(3)
[2026-06-17T10:06:23.186+0800][2.836s][info][gc,heap     ] GC(75) Old regions: 23->24
[2026-06-17T10:06:23.186+0800][2.837s][info][gc,heap     ] GC(75) Humongous regions: 10->10
[2026-06-17T10:06:23.186+0800][2.837s][info][gc,metaspace] GC(75) Metaspace: 108K(320K)->108K(320K) NonClass: 101K(192K)->101K(192K) Class: 7K(128K)->7K(128K)
[2026-06-17T10:06:23.187+0800][2.837s][info][gc          ] GC(75) Pause Young (Concurrent Start) (G1 Evacuation Pause) 50M->36M(64M) 7.301ms
[2026-06-17T10:06:23.187+0800][2.838s][info][gc,cpu      ] GC(75) User=0.00s Sys=0.01s Real=0.01s
[2026-06-17T10:06:23.187+0800][2.838s][info][gc          ] GC(76) Concurrent Mark Cycle
[2026-06-17T10:06:23.188+0800][2.839s][info][gc,marking  ] GC(76) Concurrent Scan Root Regions
[2026-06-17T10:06:23.188+0800][2.839s][info][gc,marking  ] GC(76) Concurrent Scan Root Regions 0.470ms
[2026-06-17T10:06:23.189+0800][2.839s][info][gc,marking  ] GC(76) Concurrent Mark
[2026-06-17T10:06:23.189+0800][2.840s][info][gc,marking  ] GC(76) Concurrent Mark From Roots
[2026-06-17T10:06:23.189+0800][2.840s][info][gc,task     ] GC(76) Using 5 workers of 5 for marking
[2026-06-17T10:06:23.192+0800][2.842s][info][gc,marking  ] GC(76) Concurrent Mark From Roots 2.572ms
[2026-06-17T10:06:23.192+0800][2.842s][info][gc,marking  ] GC(76) Concurrent Preclean
[2026-06-17T10:06:23.192+0800][2.843s][info][gc,marking  ] GC(76) Concurrent Preclean 0.251ms
[2026-06-17T10:06:23.192+0800][2.843s][info][gc,start    ] GC(76) Pause Remark
[2026-06-17T10:06:23.193+0800][2.844s][info][gc          ] GC(76) Pause Remark 37M->37M(64M) 0.753ms
[2026-06-17T10:06:23.193+0800][2.844s][info][gc,cpu      ] GC(76) User=0.00s Sys=0.00s Real=0.00s
[2026-06-17T10:06:23.194+0800][2.844s][info][gc,marking  ] GC(76) Concurrent Mark 4.941ms
[2026-06-17T10:06:23.194+0800][2.844s][info][gc,marking  ] GC(76) Concurrent Rebuild Remembered Sets and Scrub Regions
[2026-06-17T10:06:23.195+0800][2.845s][info][gc,marking  ] GC(76) Concurrent Rebuild Remembered Sets and Scrub Regions 0.799ms
[2026-06-17T10:06:23.195+0800][2.846s][info][gc,start    ] GC(76) Pause Cleanup
[2026-06-17T10:06:23.195+0800][2.846s][info][gc          ] GC(76) Pause Cleanup 37M->37M(64M) 0.205ms
[2026-06-17T10:06:23.195+0800][2.846s][info][gc,cpu      ] GC(76) User=0.00s Sys=0.00s Real=0.00s
[2026-06-17T10:06:23.196+0800][2.846s][info][gc,marking  ] GC(76) Concurrent Clear Claimed Marks
[2026-06-17T10:06:23.196+0800][2.846s][info][gc,marking  ] GC(76) Concurrent Clear Claimed Marks 0.158ms
[2026-06-17T10:06:23.196+0800][2.846s][info][gc,marking  ] GC(76) Concurrent Cleanup for Next Mark
[2026-06-17T10:06:23.196+0800][2.847s][info][gc,marking  ] GC(76) Concurrent Cleanup for Next Mark 0.212ms
[2026-06-17T10:06:23.196+0800][2.847s][info][gc          ] GC(76) Concurrent Mark Cycle 9.126ms
[2026-06-17T10:06:23.231+0800][2.881s][info][gc,start    ] GC(77) Pause Young (Prepare Mixed) (G1 Evacuation Pause)
[2026-06-17T10:06:23.231+0800][2.882s][info][gc,task     ] GC(77) Using 2 workers of 18 for evacuation
[2026-06-17T10:06:23.235+0800][2.885s][info][gc,phases   ] GC(77)   Pre Evacuate Collection Set: 0.40ms
[2026-06-17T10:06:23.235+0800][2.886s][info][gc,phases   ] GC(77)   Merge Heap Roots: 0.18ms
[2026-06-17T10:06:23.236+0800][2.886s][info][gc,phases   ] GC(77)   Evacuate Collection Set: 1.16ms
[2026-06-17T10:06:23.236+0800][2.887s][info][gc,phases   ] GC(77)   Post Evacuate Collection Set: 0.76ms
[2026-06-17T10:06:23.237+0800][2.887s][info][gc,phases   ] GC(77)   Other: 0.66ms
[2026-06-17T10:06:23.237+0800][2.888s][info][gc,heap     ] GC(77) Eden regions: 15->0(11)
[2026-06-17T10:06:23.237+0800][2.888s][info][gc,heap     ] GC(77) Survivor regions: 3->3(3)
[2026-06-17T10:06:23.237+0800][2.888s][info][gc,heap     ] GC(77) Old regions: 24->30
[2026-06-17T10:06:23.238+0800][2.888s][info][gc,heap     ] GC(77) Humongous regions: 10->10
[2026-06-17T10:06:23.238+0800][2.889s][info][gc,metaspace] GC(77) Metaspace: 108K(320K)->108K(320K) NonClass: 101K(192K)->101K(192K) Class: 7K(128K)->7K(128K)
[2026-06-17T10:06:23.238+0800][2.889s][info][gc          ] GC(77) Pause Young (Prepare Mixed) (G1 Evacuation Pause) 51M->42M(64M) 7.599ms
[2026-06-17T10:06:23.239+0800][2.889s][info][gc,cpu      ] GC(77) User=0.00s Sys=0.01s Real=0.00s
[2026-06-17T10:06:23.272+0800][2.922s][info][gc,start    ] GC(78) Pause Young (Mixed) (G1 Evacuation Pause)
[2026-06-17T10:06:23.274+0800][2.924s][info][gc,task     ] GC(78) Using 2 workers of 18 for evacuation
[2026-06-17T10:06:23.277+0800][2.927s][info][gc,phases   ] GC(78)   Pre Evacuate Collection Set: 0.46ms
[2026-06-17T10:06:23.277+0800][2.928s][info][gc,phases   ] GC(78)   Merge Heap Roots: 0.19ms
[2026-06-17T10:06:23.278+0800][2.929s][info][gc,phases   ] GC(78)   Evacuate Collection Set: 0.80ms
[2026-06-17T10:06:23.279+0800][2.929s][info][gc,phases   ] GC(78)   Post Evacuate Collection Set: 0.65ms
[2026-06-17T10:06:23.279+0800][2.929s][info][gc,phases   ] GC(78)   Other: 0.83ms
[2026-06-17T10:06:23.280+0800][2.930s][info][gc,heap     ] GC(78) Eden regions: 11->0(11)
[2026-06-17T10:06:23.280+0800][2.931s][info][gc,heap     ] GC(78) Survivor regions: 3->2(2)
[2026-06-17T10:06:23.281+0800][2.931s][info][gc,heap     ] GC(78) Old regions: 30->31
[2026-06-17T10:06:23.281+0800][2.932s][info][gc,heap     ] GC(78) Humongous regions: 10->10
[2026-06-17T10:06:23.282+0800][2.932s][info][gc,metaspace] GC(78) Metaspace: 108K(320K)->108K(320K) NonClass: 101K(192K)->101K(192K) Class: 7K(128K)->7K(128K)
[2026-06-17T10:06:23.282+0800][2.933s][info][gc          ] GC(78) Pause Young (Mixed) (G1 Evacuation Pause) 53M->42M(64M) 10.417ms
[2026-06-17T10:06:23.282+0800][2.933s][info][gc,cpu      ] GC(78) User=0.00s Sys=0.00s Real=0.00s
[2026-06-17T10:06:23.305+0800][2.955s][info][gc,start    ] GC(79) Pause Young (Concurrent Start) (G1 Evacuation Pause)
[2026-06-17T10:06:23.306+0800][2.956s][info][gc,task     ] GC(79) Using 2 workers of 18 for evacuation
[2026-06-17T10:06:23.309+0800][2.959s][info][gc,phases   ] GC(79)   Pre Evacuate Collection Set: 0.71ms
[2026-06-17T10:06:23.309+0800][2.960s][info][gc,phases   ] GC(79)   Merge Heap Roots: 0.22ms
[2026-06-17T10:06:23.309+0800][2.960s][info][gc,phases   ] GC(79)   Evacuate Collection Set: 0.57ms
[2026-06-17T10:06:23.310+0800][2.960s][info][gc,phases   ] GC(79)   Post Evacuate Collection Set: 0.61ms
[2026-06-17T10:06:23.310+0800][2.961s][info][gc,phases   ] GC(79)   Other: 0.82ms
[2026-06-17T10:06:23.310+0800][2.961s][info][gc,heap     ] GC(79) Eden regions: 11->0(11)
[2026-06-17T10:06:23.311+0800][2.961s][info][gc,heap     ] GC(79) Survivor regions: 2->2(2)
[2026-06-17T10:06:23.311+0800][2.962s][info][gc,heap     ] GC(79) Old regions: 31->32
[2026-06-17T10:06:23.311+0800][2.962s][info][gc,heap     ] GC(79) Humongous regions: 10->10
[2026-06-17T10:06:23.312+0800][2.962s][info][gc,metaspace] GC(79) Metaspace: 111K(320K)->111K(320K) NonClass: 104K(192K)->104K(192K) Class: 7K(128K)->7K(128K)
[2026-06-17T10:06:23.312+0800][2.962s][info][gc          ] GC(79) Pause Young (Concurrent Start) (G1 Evacuation Pause) 53M->42M(64M) 7.115ms
[2026-06-17T10:06:23.312+0800][2.963s][info][gc,cpu      ] GC(79) User=0.01s Sys=0.00s Real=0.01s
[2026-06-17T10:06:23.312+0800][2.963s][info][gc          ] GC(80) Concurrent Mark Cycle
[2026-06-17T10:06:23.313+0800][2.963s][info][gc,marking  ] GC(80) Concurrent Scan Root Regions
[2026-06-17T10:06:23.313+0800][2.964s][info][gc,marking  ] GC(80) Concurrent Scan Root Regions 0.408ms
[2026-06-17T10:06:23.314+0800][2.964s][info][gc,marking  ] GC(80) Concurrent Mark
[2026-06-17T10:06:23.314+0800][2.964s][info][gc,marking  ] GC(80) Concurrent Mark From Roots
[2026-06-17T10:06:23.314+0800][2.965s][info][gc,task     ] GC(80) Using 5 workers of 5 for marking
[2026-06-17T10:06:23.317+0800][2.967s][info][gc,marking  ] GC(80) Concurrent Mark From Roots 2.690ms
[2026-06-17T10:06:23.319+0800][2.969s][info][gc,marking  ] GC(80) Concurrent Preclean
[2026-06-17T10:06:23.319+0800][2.969s][info][gc,marking  ] GC(80) Concurrent Preclean 0.414ms
[2026-06-17T10:06:23.320+0800][2.970s][info][gc,start    ] GC(80) Pause Remark
[2026-06-17T10:06:23.321+0800][2.971s][info][gc          ] GC(80) Pause Remark 44M->36M(64M) 0.752ms
[2026-06-17T10:06:23.321+0800][2.972s][info][gc,cpu      ] GC(80) User=0.00s Sys=0.00s Real=0.00s
[2026-06-17T10:06:23.321+0800][2.972s][info][gc,marking  ] GC(80) Concurrent Mark 7.729ms
[2026-06-17T10:06:23.322+0800][2.972s][info][gc,marking  ] GC(80) Concurrent Rebuild Remembered Sets and Scrub Regions
[2026-06-17T10:06:23.322+0800][2.973s][info][gc,marking  ] GC(80) Concurrent Rebuild Remembered Sets and Scrub Regions 0.561ms
[2026-06-17T10:06:23.322+0800][2.973s][info][gc,start    ] GC(80) Pause Cleanup
[2026-06-17T10:06:23.323+0800][2.973s][info][gc          ] GC(80) Pause Cleanup 36M->36M(64M) 0.147ms
[2026-06-17T10:06:23.323+0800][2.973s][info][gc,cpu      ] GC(80) User=0.00s Sys=0.00s Real=0.01s
[2026-06-17T10:06:23.323+0800][2.973s][info][gc,marking  ] GC(80) Concurrent Clear Claimed Marks
[2026-06-17T10:06:23.323+0800][2.974s][info][gc,marking  ] GC(80) Concurrent Clear Claimed Marks 0.479ms
[2026-06-17T10:06:23.324+0800][2.974s][info][gc,marking  ] GC(80) Concurrent Cleanup for Next Mark
[2026-06-17T10:06:23.324+0800][2.974s][info][gc,marking  ] GC(80) Concurrent Cleanup for Next Mark 0.246ms
[2026-06-17T10:06:23.324+0800][2.975s][info][gc          ] GC(80) Concurrent Mark Cycle 11.724ms
[2026-06-17T10:06:23.344+0800][2.995s][info][gc,start    ] GC(81) Pause Young (Prepare Mixed) (G1 Evacuation Pause)
[2026-06-17T10:06:23.347+0800][2.998s][info][gc,task     ] GC(81) Using 2 workers of 18 for evacuation
[2026-06-17T10:06:23.353+0800][3.003s][info][gc,phases   ] GC(81)   Pre Evacuate Collection Set: 0.11ms
[2026-06-17T10:06:23.353+0800][3.004s][info][gc,phases   ] GC(81)   Merge Heap Roots: 0.05ms
[2026-06-17T10:06:23.354+0800][3.004s][info][gc,phases   ] GC(81)   Evacuate Collection Set: 0.47ms
[2026-06-17T10:06:23.354+0800][3.005s][info][gc,phases   ] GC(81)   Post Evacuate Collection Set: 0.15ms
[2026-06-17T10:06:23.354+0800][3.005s][info][gc,phases   ] GC(81)   Other: 4.71ms
[2026-06-17T10:06:23.354+0800][3.005s][info][gc,heap     ] GC(81) Eden regions: 11->0(16)
[2026-06-17T10:06:23.355+0800][3.005s][info][gc,heap     ] GC(81) Survivor regions: 2->1(2)
[2026-06-17T10:06:23.355+0800][3.005s][info][gc,heap     ] GC(81) Old regions: 24->25
[2026-06-17T10:06:23.355+0800][3.005s][info][gc,heap     ] GC(81) Humongous regions: 11->11
[2026-06-17T10:06:23.355+0800][3.006s][info][gc,metaspace] GC(81) Metaspace: 111K(320K)->111K(320K) NonClass: 104K(192K)->104K(192K) Class: 7K(128K)->7K(128K)
[2026-06-17T10:06:23.355+0800][3.006s][info][gc          ] GC(81) Pause Young (Prepare Mixed) (G1 Evacuation Pause) 46M->36M(64M) 11.048ms
[2026-06-17T10:06:23.355+0800][3.006s][info][gc,cpu      ] GC(81) User=0.00s Sys=0.00s Real=0.01s
[2026-06-17T10:06:23.398+0800][3.049s][info][gc,start    ] GC(82) Pause Young (Mixed) (G1 Evacuation Pause)
[2026-06-17T10:06:23.399+0800][3.050s][info][gc,task     ] GC(82) Using 2 workers of 18 for evacuation
[2026-06-17T10:06:23.402+0800][3.053s][info][gc,phases   ] GC(82)   Pre Evacuate Collection Set: 0.31ms
[2026-06-17T10:06:23.403+0800][3.053s][info][gc,phases   ] GC(82)   Merge Heap Roots: 0.12ms
[2026-06-17T10:06:23.403+0800][3.054s][info][gc,phases   ] GC(82)   Evacuate Collection Set: 0.97ms
[2026-06-17T10:06:23.404+0800][3.054s][info][gc,phases   ] GC(82)   Post Evacuate Collection Set: 0.46ms
[2026-06-17T10:06:23.404+0800][3.054s][info][gc,phases   ] GC(82)   Other: 1.47ms
[2026-06-17T10:06:23.404+0800][3.055s][info][gc,heap     ] GC(82) Eden regions: 16->0(14)
[2026-06-17T10:06:23.404+0800][3.055s][info][gc,heap     ] GC(82) Survivor regions: 1->3(3)
[2026-06-17T10:06:23.405+0800][3.055s][info][gc,heap     ] GC(82) Old regions: 25->26
[2026-06-17T10:06:23.405+0800][3.055s][info][gc,heap     ] GC(82) Humongous regions: 11->11
[2026-06-17T10:06:23.405+0800][3.056s][info][gc,metaspace] GC(82) Metaspace: 111K(320K)->111K(320K) NonClass: 104K(192K)->104K(192K) Class: 7K(128K)->7K(128K)
[2026-06-17T10:06:23.406+0800][3.056s][info][gc          ] GC(82) Pause Young (Mixed) (G1 Evacuation Pause) 52M->39M(64M) 7.364ms
[2026-06-17T10:06:23.406+0800][3.057s][info][gc,cpu      ] GC(82) User=0.01s Sys=0.00s Real=0.01s
[2026-06-17T10:06:23.450+0800][3.100s][info][gc,start    ] GC(83) Pause Young (Concurrent Start) (G1 Evacuation Pause)
[2026-06-17T10:06:23.450+0800][3.101s][info][gc,task     ] GC(83) Using 2 workers of 18 for evacuation
[2026-06-17T10:06:23.452+0800][3.103s][info][gc,phases   ] GC(83)   Pre Evacuate Collection Set: 0.44ms
[2026-06-17T10:06:23.453+0800][3.103s][info][gc,phases   ] GC(83)   Merge Heap Roots: 0.12ms
[2026-06-17T10:06:23.453+0800][3.104s][info][gc,phases   ] GC(83)   Evacuate Collection Set: 0.87ms
[2026-06-17T10:06:23.453+0800][3.104s][info][gc,phases   ] GC(83)   Post Evacuate Collection Set: 0.40ms
[2026-06-17T10:06:23.454+0800][3.104s][info][gc,phases   ] GC(83)   Other: 0.48ms
[2026-06-17T10:06:23.454+0800][3.105s][info][gc,heap     ] GC(83) Eden regions: 14->0(12)
[2026-06-17T10:06:23.454+0800][3.105s][info][gc,heap     ] GC(83) Survivor regions: 3->3(3)
[2026-06-17T10:06:23.455+0800][3.105s][info][gc,heap     ] GC(83) Old regions: 26->28
[2026-06-17T10:06:23.455+0800][3.105s][info][gc,heap     ] GC(83) Humongous regions: 11->11
[2026-06-17T10:06:23.455+0800][3.106s][info][gc,metaspace] GC(83) Metaspace: 111K(320K)->111K(320K) NonClass: 104K(192K)->104K(192K) Class: 7K(128K)->7K(128K)
[2026-06-17T10:06:23.455+0800][3.106s][info][gc          ] GC(83) Pause Young (Concurrent Start) (G1 Evacuation Pause) 53M->41M(64M) 5.892ms
[2026-06-17T10:06:23.456+0800][3.106s][info][gc,cpu      ] GC(83) User=0.00s Sys=0.00s Real=0.01s
[2026-06-17T10:06:23.456+0800][3.106s][info][gc          ] GC(84) Concurrent Mark Cycle
[2026-06-17T10:06:23.456+0800][3.107s][info][gc,marking  ] GC(84) Concurrent Scan Root Regions
[2026-06-17T10:06:23.457+0800][3.107s][info][gc,marking  ] GC(84) Concurrent Scan Root Regions 0.425ms
[2026-06-17T10:06:23.457+0800][3.108s][info][gc,marking  ] GC(84) Concurrent Mark
[2026-06-17T10:06:23.457+0800][3.108s][info][gc,marking  ] GC(84) Concurrent Mark From Roots
[2026-06-17T10:06:23.458+0800][3.108s][info][gc,task     ] GC(84) Using 5 workers of 5 for marking
[2026-06-17T10:06:23.460+0800][3.110s][info][gc,marking  ] GC(84) Concurrent Mark From Roots 2.492ms
[2026-06-17T10:06:23.460+0800][3.111s][info][gc,marking  ] GC(84) Concurrent Preclean
[2026-06-17T10:06:23.460+0800][3.111s][info][gc,marking  ] GC(84) Concurrent Preclean 0.276ms
[2026-06-17T10:06:23.461+0800][3.111s][info][gc,start    ] GC(84) Pause Remark
[2026-06-17T10:06:23.461+0800][3.112s][info][gc          ] GC(84) Pause Remark 44M->37M(64M) 0.646ms
[2026-06-17T10:06:23.461+0800][3.112s][info][gc,cpu      ] GC(84) User=0.00s Sys=0.00s Real=0.00s
[2026-06-17T10:06:23.462+0800][3.112s][info][gc,marking  ] GC(84) Concurrent Mark 4.572ms
[2026-06-17T10:06:23.462+0800][3.113s][info][gc,marking  ] GC(84) Concurrent Rebuild Remembered Sets and Scrub Regions
[2026-06-17T10:06:23.463+0800][3.114s][info][gc,marking  ] GC(84) Concurrent Rebuild Remembered Sets and Scrub Regions 0.753ms
[2026-06-17T10:06:23.463+0800][3.114s][info][gc,start    ] GC(84) Pause Cleanup
[2026-06-17T10:06:23.464+0800][3.114s][info][gc          ] GC(84) Pause Cleanup 37M->37M(64M) 0.197ms
[2026-06-17T10:06:23.464+0800][3.114s][info][gc,cpu      ] GC(84) User=0.00s Sys=0.00s Real=0.00s
[2026-06-17T10:06:23.464+0800][3.114s][info][gc,marking  ] GC(84) Concurrent Clear Claimed Marks
[2026-06-17T10:06:23.464+0800][3.115s][info][gc,marking  ] GC(84) Concurrent Clear Claimed Marks 0.119ms
[2026-06-17T10:06:23.464+0800][3.115s][info][gc,marking  ] GC(84) Concurrent Cleanup for Next Mark
[2026-06-17T10:06:23.464+0800][3.115s][info][gc,marking  ] GC(84) Concurrent Cleanup for Next Mark 0.234ms
[2026-06-17T10:06:23.465+0800][3.115s][info][gc          ] GC(84) Concurrent Mark Cycle 8.768ms
[2026-06-17T10:06:23.488+0800][3.138s][info][gc,start    ] GC(85) Pause Young (Prepare Mixed) (G1 Evacuation Pause)
[2026-06-17T10:06:23.489+0800][3.139s][info][gc,task     ] GC(85) Using 2 workers of 18 for evacuation
[2026-06-17T10:06:23.492+0800][3.142s][info][gc,phases   ] GC(85)   Pre Evacuate Collection Set: 0.39ms
[2026-06-17T10:06:23.492+0800][3.143s][info][gc,phases   ] GC(85)   Merge Heap Roots: 0.26ms
[2026-06-17T10:06:23.492+0800][3.143s][info][gc,phases   ] GC(85)   Evacuate Collection Set: 0.82ms
[2026-06-17T10:06:23.493+0800][3.143s][info][gc,phases   ] GC(85)   Post Evacuate Collection Set: 0.73ms
[2026-06-17T10:06:23.494+0800][3.144s][info][gc,phases   ] GC(85)   Other: 0.65ms
[2026-06-17T10:06:23.494+0800][3.145s][info][gc,heap     ] GC(85) Eden regions: 12->0(16)
[2026-06-17T10:06:23.494+0800][3.145s][info][gc,heap     ] GC(85) Survivor regions: 3->2(2)
[2026-06-17T10:06:23.495+0800][3.145s][info][gc,heap     ] GC(85) Old regions: 21->24
[2026-06-17T10:06:23.495+0800][3.146s][info][gc,heap     ] GC(85) Humongous regions: 11->11
[2026-06-17T10:06:23.495+0800][3.146s][info][gc,metaspace] GC(85) Metaspace: 111K(320K)->111K(320K) NonClass: 104K(192K)->104K(192K) Class: 7K(128K)->7K(128K)
[2026-06-17T10:06:23.496+0800][3.146s][info][gc          ] GC(85) Pause Young (Prepare Mixed) (G1 Evacuation Pause) 46M->36M(64M) 7.742ms
[2026-06-17T10:06:23.496+0800][3.147s][info][gc,cpu      ] GC(85) User=0.00s Sys=0.00s Real=0.01s
[2026-06-17T10:06:23.529+0800][3.180s][info][gc,start    ] GC(86) Pause Young (Mixed) (G1 Evacuation Pause)
[2026-06-17T10:06:23.530+0800][3.180s][info][gc,task     ] GC(86) Using 2 workers of 18 for evacuation
[2026-06-17T10:06:23.533+0800][3.183s][info][gc,phases   ] GC(86)   Pre Evacuate Collection Set: 0.39ms
[2026-06-17T10:06:23.533+0800][3.184s][info][gc,phases   ] GC(86)   Merge Heap Roots: 0.19ms
[2026-06-17T10:06:23.534+0800][3.184s][info][gc,phases   ] GC(86)   Evacuate Collection Set: 1.15ms
[2026-06-17T10:06:23.534+0800][3.185s][info][gc,phases   ] GC(86)   Post Evacuate Collection Set: 0.45ms
[2026-06-17T10:06:23.535+0800][3.185s][info][gc,phases   ] GC(86)   Other: 0.77ms
[2026-06-17T10:06:23.535+0800][3.186s][info][gc,heap     ] GC(86) Eden regions: 16->0(13)
[2026-06-17T10:06:23.535+0800][3.186s][info][gc,heap     ] GC(86) Survivor regions: 2->3(3)
[2026-06-17T10:06:23.536+0800][3.186s][info][gc,heap     ] GC(86) Old regions: 24->25
[2026-06-17T10:06:23.536+0800][3.187s][info][gc,heap     ] GC(86) Humongous regions: 11->11
[2026-06-17T10:06:23.537+0800][3.187s][info][gc,metaspace] GC(86) Metaspace: 111K(320K)->111K(320K) NonClass: 104K(192K)->104K(192K) Class: 7K(128K)->7K(128K)
[2026-06-17T10:06:23.537+0800][3.188s][info][gc          ] GC(86) Pause Young (Mixed) (G1 Evacuation Pause) 51M->38M(64M) 7.833ms
[2026-06-17T10:06:23.537+0800][3.188s][info][gc,cpu      ] GC(86) User=0.00s Sys=0.00s Real=0.01s
[2026-06-17T10:06:23.538+0800][3.188s][info][gc,start    ] GC(87) Pause Young (Concurrent Start) (G1 Humongous Allocation)
[2026-06-17T10:06:23.538+0800][3.188s][info][gc,task     ] GC(87) Using 2 workers of 18 for evacuation
[2026-06-17T10:06:23.539+0800][3.190s][info][gc,phases   ] GC(87)   Pre Evacuate Collection Set: 0.33ms
[2026-06-17T10:06:23.540+0800][3.190s][info][gc,phases   ] GC(87)   Merge Heap Roots: 0.10ms
[2026-06-17T10:06:23.540+0800][3.191s][info][gc,phases   ] GC(87)   Evacuate Collection Set: 0.31ms
[2026-06-17T10:06:23.540+0800][3.191s][info][gc,phases   ] GC(87)   Post Evacuate Collection Set: 0.29ms
[2026-06-17T10:06:23.541+0800][3.191s][info][gc,phases   ] GC(87)   Other: 0.28ms
[2026-06-17T10:06:23.541+0800][3.191s][info][gc,heap     ] GC(87) Eden regions: 1->0(15)
[2026-06-17T10:06:23.541+0800][3.192s][info][gc,heap     ] GC(87) Survivor regions: 3->0(2)
[2026-06-17T10:06:23.541+0800][3.192s][info][gc,heap     ] GC(87) Old regions: 25->27
[2026-06-17T10:06:23.541+0800][3.192s][info][gc,heap     ] GC(87) Humongous regions: 11->11
[2026-06-17T10:06:23.542+0800][3.192s][info][gc,metaspace] GC(87) Metaspace: 111K(320K)->111K(320K) NonClass: 104K(192K)->104K(192K) Class: 7K(128K)->7K(128K)
[2026-06-17T10:06:23.542+0800][3.192s][info][gc          ] GC(87) Pause Young (Concurrent Start) (G1 Humongous Allocation) 38M->37M(64M) 4.136ms
[2026-06-17T10:06:23.542+0800][3.192s][info][gc,cpu      ] GC(87) User=0.00s Sys=0.01s Real=0.00s
[2026-06-17T10:06:23.542+0800][3.192s][info][gc          ] GC(88) Concurrent Mark Cycle
[2026-06-17T10:06:23.543+0800][3.193s][info][gc,marking  ] GC(88) Concurrent Scan Root Regions
[2026-06-17T10:06:23.543+0800][3.193s][info][gc,marking  ] GC(88) Concurrent Scan Root Regions 0.302ms
[2026-06-17T10:06:23.543+0800][3.194s][info][gc,marking  ] GC(88) Concurrent Mark
[2026-06-17T10:06:23.543+0800][3.194s][info][gc,marking  ] GC(88) Concurrent Mark From Roots
[2026-06-17T10:06:23.543+0800][3.194s][info][gc,task     ] GC(88) Using 5 workers of 5 for marking
[2026-06-17T10:06:23.545+0800][3.195s][info][gc,marking  ] GC(88) Concurrent Mark From Roots 1.590ms
[2026-06-17T10:06:23.545+0800][3.196s][info][gc,marking  ] GC(88) Concurrent Preclean
[2026-06-17T10:06:23.547+0800][3.198s][info][gc,marking  ] GC(88) Concurrent Preclean 2.057ms
[2026-06-17T10:06:23.547+0800][3.198s][info][gc,start    ] GC(88) Pause Remark
[2026-06-17T10:06:23.551+0800][3.201s][info][gc          ] GC(88) Pause Remark 39M->39M(64M) 3.448ms
[2026-06-17T10:06:23.553+0800][3.203s][info][gc,cpu      ] GC(88) User=0.00s Sys=0.00s Real=0.01s
[2026-06-17T10:06:23.555+0800][3.205s][info][gc,marking  ] GC(88) Concurrent Mark 11.790ms
[2026-06-17T10:06:23.557+0800][3.208s][info][gc,marking  ] GC(88) Concurrent Rebuild Remembered Sets and Scrub Regions
[2026-06-17T10:06:23.558+0800][3.209s][info][gc,marking  ] GC(88) Concurrent Rebuild Remembered Sets and Scrub Regions 1.423ms
[2026-06-17T10:06:23.561+0800][3.211s][info][gc,start    ] GC(88) Pause Cleanup
[2026-06-17T10:06:23.561+0800][3.212s][info][gc          ] GC(88) Pause Cleanup 44M->44M(64M) 0.569ms
[2026-06-17T10:06:23.562+0800][3.212s][info][gc,cpu      ] GC(88) User=0.01s Sys=0.00s Real=0.00s
[2026-06-17T10:06:23.562+0800][3.213s][info][gc,marking  ] GC(88) Concurrent Clear Claimed Marks
[2026-06-17T10:06:23.562+0800][3.213s][info][gc,marking  ] GC(88) Concurrent Clear Claimed Marks 0.256ms
[2026-06-17T10:06:23.563+0800][3.213s][info][gc,marking  ] GC(88) Concurrent Cleanup for Next Mark
[2026-06-17T10:06:23.563+0800][3.214s][info][gc,marking  ] GC(88) Concurrent Cleanup for Next Mark 0.527ms
[2026-06-17T10:06:23.564+0800][3.214s][info][gc          ] GC(88) Concurrent Mark Cycle 21.613ms
[2026-06-17T10:06:23.587+0800][3.238s][info][gc,start    ] GC(89) Pause Young (Prepare Mixed) (G1 Evacuation Pause)
[2026-06-17T10:06:23.589+0800][3.239s][info][gc,task     ] GC(89) Using 2 workers of 18 for evacuation
[2026-06-17T10:06:23.592+0800][3.242s][info][gc,phases   ] GC(89)   Pre Evacuate Collection Set: 0.39ms
[2026-06-17T10:06:23.592+0800][3.243s][info][gc,phases   ] GC(89)   Merge Heap Roots: 0.17ms
[2026-06-17T10:06:23.593+0800][3.243s][info][gc,phases   ] GC(89)   Evacuate Collection Set: 0.95ms
[2026-06-17T10:06:23.593+0800][3.244s][info][gc,phases   ] GC(89)   Post Evacuate Collection Set: 0.73ms
[2026-06-17T10:06:23.593+0800][3.244s][info][gc,phases   ] GC(89)   Other: 0.71ms
[2026-06-17T10:06:23.594+0800][3.244s][info][gc,heap     ] GC(89) Eden regions: 15->0(10)
[2026-06-17T10:06:23.594+0800][3.245s][info][gc,heap     ] GC(89) Survivor regions: 0->2(2)
[2026-06-17T10:06:23.595+0800][3.245s][info][gc,heap     ] GC(89) Old regions: 27->30
[2026-06-17T10:06:23.595+0800][3.245s][info][gc,heap     ] GC(89) Humongous regions: 13->13
[2026-06-17T10:06:23.595+0800][3.246s][info][gc,metaspace] GC(89) Metaspace: 111K(320K)->111K(320K) NonClass: 104K(192K)->104K(192K) Class: 7K(128K)->7K(128K)
[2026-06-17T10:06:23.595+0800][3.246s][info][gc          ] GC(89) Pause Young (Prepare Mixed) (G1 Evacuation Pause) 54M->44M(64M) 8.115ms
[2026-06-17T10:06:23.596+0800][3.246s][info][gc,cpu      ] GC(89) User=0.00s Sys=0.00s Real=0.01s
[2026-06-17T10:06:23.629+0800][3.280s][info][gc,start    ] GC(90) Pause Young (Mixed) (G1 Evacuation Pause)
[2026-06-17T10:06:23.630+0800][3.281s][info][gc,task     ] GC(90) Using 2 workers of 18 for evacuation
[2026-06-17T10:06:23.634+0800][3.284s][info][gc,phases   ] GC(90)   Pre Evacuate Collection Set: 0.53ms
[2026-06-17T10:06:23.636+0800][3.287s][info][gc,phases   ] GC(90)   Merge Heap Roots: 0.38ms
[2026-06-17T10:06:23.637+0800][3.287s][info][gc,phases   ] GC(90)   Evacuate Collection Set: 0.85ms
[2026-06-17T10:06:23.638+0800][3.288s][info][gc,phases   ] GC(90)   Post Evacuate Collection Set: 0.90ms
[2026-06-17T10:06:23.638+0800][3.289s][info][gc,phases   ] GC(90)   Other: 0.79ms
[2026-06-17T10:06:23.639+0800][3.289s][info][gc,heap     ] GC(90) Eden regions: 10->0(11)
[2026-06-17T10:06:23.640+0800][3.290s][info][gc,heap     ] GC(90) Survivor regions: 2->2(2)
[2026-06-17T10:06:23.640+0800][3.291s][info][gc,heap     ] GC(90) Old regions: 30->26
[2026-06-17T10:06:23.641+0800][3.291s][info][gc,heap     ] GC(90) Humongous regions: 13->13
[2026-06-17T10:06:23.641+0800][3.292s][info][gc,metaspace] GC(90) Metaspace: 111K(320K)->111K(320K) NonClass: 104K(192K)->104K(192K) Class: 7K(128K)->7K(128K)
[2026-06-17T10:06:23.642+0800][3.292s][info][gc          ] GC(90) Pause Young (Mixed) (G1 Evacuation Pause) 54M->40M(64M) 12.858ms
[2026-06-17T10:06:23.643+0800][3.293s][info][gc,cpu      ] GC(90) User=0.01s Sys=0.00s Real=0.02s
[2026-06-17T10:06:23.665+0800][3.316s][info][gc,start    ] GC(91) Pause Young (Concurrent Start) (G1 Evacuation Pause)
[2026-06-17T10:06:23.666+0800][3.317s][info][gc,task     ] GC(91) Using 2 workers of 18 for evacuation
[2026-06-17T10:06:23.669+0800][3.320s][info][gc,phases   ] GC(91)   Pre Evacuate Collection Set: 0.45ms
[2026-06-17T10:06:23.670+0800][3.320s][info][gc,phases   ] GC(91)   Merge Heap Roots: 0.12ms
[2026-06-17T10:06:23.670+0800][3.321s][info][gc,phases   ] GC(91)   Evacuate Collection Set: 0.92ms
[2026-06-17T10:06:23.671+0800][3.321s][info][gc,phases   ] GC(91)   Post Evacuate Collection Set: 0.54ms
[2026-06-17T10:06:23.671+0800][3.322s][info][gc,phases   ] GC(91)   Other: 0.88ms
[2026-06-17T10:06:23.671+0800][3.322s][info][gc,heap     ] GC(91) Eden regions: 11->0(8)
[2026-06-17T10:06:23.672+0800][3.323s][info][gc,heap     ] GC(91) Survivor regions: 2->2(2)
[2026-06-17T10:06:23.673+0800][3.323s][info][gc,heap     ] GC(91) Old regions: 26->31
[2026-06-17T10:06:23.673+0800][3.324s][info][gc,heap     ] GC(91) Humongous regions: 13->13
[2026-06-17T10:06:23.673+0800][3.324s][info][gc,metaspace] GC(91) Metaspace: 111K(320K)->111K(320K) NonClass: 104K(192K)->104K(192K) Class: 7K(128K)->7K(128K)
[2026-06-17T10:06:23.674+0800][3.324s][info][gc          ] GC(91) Pause Young (Concurrent Start) (G1 Evacuation Pause) 51M->45M(64M) 8.461ms
[2026-06-17T10:06:23.674+0800][3.324s][info][gc,cpu      ] GC(91) User=0.00s Sys=0.00s Real=0.01s
[2026-06-17T10:06:23.674+0800][3.324s][info][gc          ] GC(92) Concurrent Mark Cycle
[2026-06-17T10:06:23.675+0800][3.325s][info][gc,marking  ] GC(92) Concurrent Scan Root Regions
[2026-06-17T10:06:23.675+0800][3.326s][info][gc,marking  ] GC(92) Concurrent Scan Root Regions 0.460ms
[2026-06-17T10:06:23.675+0800][3.326s][info][gc,marking  ] GC(92) Concurrent Mark
[2026-06-17T10:06:23.676+0800][3.326s][info][gc,marking  ] GC(92) Concurrent Mark From Roots
[2026-06-17T10:06:23.676+0800][3.326s][info][gc,task     ] GC(92) Using 5 workers of 5 for marking
[2026-06-17T10:06:23.679+0800][3.329s][info][gc,marking  ] GC(92) Concurrent Mark From Roots 3.018ms
[2026-06-17T10:06:23.679+0800][3.330s][info][gc,marking  ] GC(92) Concurrent Preclean
[2026-06-17T10:06:23.679+0800][3.330s][info][gc,marking  ] GC(92) Concurrent Preclean 0.342ms
[2026-06-17T10:06:23.680+0800][3.330s][info][gc,start    ] GC(92) Pause Remark
[2026-06-17T10:06:23.681+0800][3.332s][info][gc          ] GC(92) Pause Remark 45M->38M(64M) 1.485ms
[2026-06-17T10:06:23.681+0800][3.332s][info][gc,cpu      ] GC(92) User=0.00s Sys=0.00s Real=0.00s
[2026-06-17T10:06:23.682+0800][3.332s][info][gc,marking  ] GC(92) Concurrent Mark 6.366ms
[2026-06-17T10:06:23.682+0800][3.332s][info][gc,marking  ] GC(92) Concurrent Rebuild Remembered Sets and Scrub Regions
[2026-06-17T10:06:23.683+0800][3.334s][info][gc,marking  ] GC(92) Concurrent Rebuild Remembered Sets and Scrub Regions 1.038ms
[2026-06-17T10:06:23.683+0800][3.334s][info][gc,start    ] GC(92) Pause Cleanup
[2026-06-17T10:06:23.683+0800][3.334s][info][gc          ] GC(92) Pause Cleanup 38M->38M(64M) 0.212ms
[2026-06-17T10:06:23.684+0800][3.334s][info][gc,cpu      ] GC(92) User=0.00s Sys=0.00s Real=0.00s
[2026-06-17T10:06:23.684+0800][3.335s][info][gc,marking  ] GC(92) Concurrent Clear Claimed Marks
[2026-06-17T10:06:23.684+0800][3.335s][info][gc,marking  ] GC(92) Concurrent Clear Claimed Marks 0.269ms
[2026-06-17T10:06:23.685+0800][3.335s][info][gc,marking  ] GC(92) Concurrent Cleanup for Next Mark
[2026-06-17T10:06:23.685+0800][3.335s][info][gc,marking  ] GC(92) Concurrent Cleanup for Next Mark 0.348ms
[2026-06-17T10:06:23.685+0800][3.336s][info][gc          ] GC(92) Concurrent Mark Cycle 11.303ms
[2026-06-17T10:06:23.695+0800][3.346s][info][gc,start    ] GC(93) Pause Young (Prepare Mixed) (G1 Evacuation Pause)
[2026-06-17T10:06:23.696+0800][3.346s][info][gc,task     ] GC(93) Using 2 workers of 18 for evacuation
[2026-06-17T10:06:23.698+0800][3.348s][info][gc,phases   ] GC(93)   Pre Evacuate Collection Set: 0.30ms
[2026-06-17T10:06:23.698+0800][3.349s][info][gc,phases   ] GC(93)   Merge Heap Roots: 0.16ms
[2026-06-17T10:06:23.699+0800][3.349s][info][gc,phases   ] GC(93)   Evacuate Collection Set: 0.67ms
[2026-06-17T10:06:23.699+0800][3.349s][info][gc,phases   ] GC(93)   Post Evacuate Collection Set: 0.39ms
[2026-06-17T10:06:23.699+0800][3.350s][info][gc,phases   ] GC(93)   Other: 0.46ms
[2026-06-17T10:06:23.699+0800][3.350s][info][gc,heap     ] GC(93) Eden regions: 8->0(10)
[2026-06-17T10:06:23.700+0800][3.350s][info][gc,heap     ] GC(93) Survivor regions: 2->2(2)
[2026-06-17T10:06:23.700+0800][3.350s][info][gc,heap     ] GC(93) Old regions: 24->27
[2026-06-17T10:06:23.700+0800][3.351s][info][gc,heap     ] GC(93) Humongous regions: 13->13
[2026-06-17T10:06:23.700+0800][3.351s][info][gc,metaspace] GC(93) Metaspace: 111K(320K)->111K(320K) NonClass: 104K(192K)->104K(192K) Class: 7K(128K)->7K(128K)
[2026-06-17T10:06:23.701+0800][3.351s][info][gc          ] GC(93) Pause Young (Prepare Mixed) (G1 Evacuation Pause) 46M->41M(64M) 5.125ms
[2026-06-17T10:06:23.701+0800][3.351s][info][gc,cpu      ] GC(93) User=0.00s Sys=0.00s Real=0.00s
[2026-06-17T10:06:23.733+0800][3.384s][info][gc,start    ] GC(94) Pause Young (Mixed) (G1 Evacuation Pause)
[2026-06-17T10:06:23.734+0800][3.385s][info][gc,task     ] GC(94) Using 2 workers of 18 for evacuation
[2026-06-17T10:06:23.737+0800][3.387s][info][gc,phases   ] GC(94)   Pre Evacuate Collection Set: 0.40ms
[2026-06-17T10:06:23.737+0800][3.388s][info][gc,phases   ] GC(94)   Merge Heap Roots: 0.15ms
[2026-06-17T10:06:23.738+0800][3.388s][info][gc,phases   ] GC(94)   Evacuate Collection Set: 0.71ms
[2026-06-17T10:06:23.738+0800][3.389s][info][gc,phases   ] GC(94)   Post Evacuate Collection Set: 0.51ms
[2026-06-17T10:06:23.739+0800][3.389s][info][gc,phases   ] GC(94)   Other: 0.79ms
[2026-06-17T10:06:23.739+0800][3.390s][info][gc,heap     ] GC(94) Eden regions: 10->0(13)
[2026-06-17T10:06:23.740+0800][3.390s][info][gc,heap     ] GC(94) Survivor regions: 2->2(2)
[2026-06-17T10:06:23.740+0800][3.391s][info][gc,heap     ] GC(94) Old regions: 27->24
[2026-06-17T10:06:23.740+0800][3.391s][info][gc,heap     ] GC(94) Humongous regions: 13->13
[2026-06-17T10:06:23.741+0800][3.391s][info][gc,metaspace] GC(94) Metaspace: 111K(320K)->111K(320K) NonClass: 104K(192K)->104K(192K) Class: 7K(128K)->7K(128K)
[2026-06-17T10:06:23.741+0800][3.392s][info][gc          ] GC(94) Pause Young (Mixed) (G1 Evacuation Pause) 51M->38M(64M) 7.768ms
[2026-06-17T10:06:23.741+0800][3.392s][info][gc,cpu      ] GC(94) User=0.00s Sys=0.00s Real=0.00s
[2026-06-17T10:06:23.774+0800][3.424s][info][gc,start    ] GC(95) Pause Young (Concurrent Start) (G1 Evacuation Pause)
[2026-06-17T10:06:23.774+0800][3.425s][info][gc,task     ] GC(95) Using 2 workers of 18 for evacuation
[2026-06-17T10:06:23.776+0800][3.426s][info][gc,phases   ] GC(95)   Pre Evacuate Collection Set: 0.22ms
[2026-06-17T10:06:23.776+0800][3.427s][info][gc,phases   ] GC(95)   Merge Heap Roots: 0.11ms
[2026-06-17T10:06:23.778+0800][3.428s][info][gc,phases   ] GC(95)   Evacuate Collection Set: 0.62ms
[2026-06-17T10:06:23.778+0800][3.429s][info][gc,phases   ] GC(95)   Post Evacuate Collection Set: 0.56ms
[2026-06-17T10:06:23.780+0800][3.431s][info][gc,phases   ] GC(95)   Other: 0.32ms
[2026-06-17T10:06:23.781+0800][3.432s][info][gc,heap     ] GC(95) Eden regions: 13->0(10)
[2026-06-17T10:06:23.782+0800][3.432s][info][gc,heap     ] GC(95) Survivor regions: 2->2(2)
[2026-06-17T10:06:23.783+0800][3.433s][info][gc,heap     ] GC(95) Old regions: 24->28
[2026-06-17T10:06:23.785+0800][3.436s][info][gc,heap     ] GC(95) Humongous regions: 13->13
[2026-06-17T10:06:23.786+0800][3.436s][info][gc,metaspace] GC(95) Metaspace: 111K(320K)->111K(320K) NonClass: 104K(192K)->104K(192K) Class: 7K(128K)->7K(128K)
[2026-06-17T10:06:23.787+0800][3.438s][info][gc          ] GC(95) Pause Young (Concurrent Start) (G1 Evacuation Pause) 51M->42M(64M) 13.818ms
[2026-06-17T10:06:23.788+0800][3.439s][info][gc,cpu      ] GC(95) User=0.01s Sys=0.00s Real=0.01s
[2026-06-17T10:06:23.788+0800][3.439s][info][gc          ] GC(96) Concurrent Mark Cycle
[2026-06-17T10:06:23.790+0800][3.441s][info][gc,marking  ] GC(96) Concurrent Scan Root Regions
[2026-06-17T10:06:23.793+0800][3.443s][info][gc,marking  ] GC(96) Concurrent Scan Root Regions 2.155ms
[2026-06-17T10:06:23.794+0800][3.444s][info][gc,marking  ] GC(96) Concurrent Mark
[2026-06-17T10:06:23.794+0800][3.445s][info][gc,marking  ] GC(96) Concurrent Mark From Roots
[2026-06-17T10:06:23.795+0800][3.445s][info][gc,task     ] GC(96) Using 5 workers of 5 for marking
[2026-06-17T10:06:23.798+0800][3.448s][info][gc,marking  ] GC(96) Concurrent Mark From Roots 3.648ms
[2026-06-17T10:06:23.798+0800][3.449s][info][gc,marking  ] GC(96) Concurrent Preclean
[2026-06-17T10:06:23.800+0800][3.450s][info][gc,marking  ] GC(96) Concurrent Preclean 1.430ms
[2026-06-17T10:06:23.803+0800][3.454s][info][gc,start    ] GC(96) Pause Remark
[2026-06-17T10:06:23.804+0800][3.455s][info][gc          ] GC(96) Pause Remark 48M->48M(64M) 1.007ms
[2026-06-17T10:06:23.806+0800][3.457s][info][gc,cpu      ] GC(96) User=0.00s Sys=0.00s Real=0.00s
[2026-06-17T10:06:23.807+0800][3.457s][info][gc,marking  ] GC(96) Concurrent Mark 12.826ms
[2026-06-17T10:06:23.807+0800][3.457s][info][gc,marking  ] GC(96) Concurrent Rebuild Remembered Sets and Scrub Regions
[2026-06-17T10:06:23.807+0800][3.458s][info][gc,marking  ] GC(96) Concurrent Rebuild Remembered Sets and Scrub Regions 0.580ms
[2026-06-17T10:06:23.808+0800][3.459s][info][gc,start    ] GC(96) Pause Cleanup
[2026-06-17T10:06:23.808+0800][3.459s][info][gc          ] GC(96) Pause Cleanup 48M->48M(64M) 0.535ms
[2026-06-17T10:06:23.809+0800][3.459s][info][gc,cpu      ] GC(96) User=0.00s Sys=0.00s Real=0.00s
[2026-06-17T10:06:23.810+0800][3.460s][info][gc,marking  ] GC(96) Concurrent Clear Claimed Marks
[2026-06-17T10:06:23.810+0800][3.461s][info][gc,marking  ] GC(96) Concurrent Clear Claimed Marks 0.434ms
[2026-06-17T10:06:23.811+0800][3.462s][info][gc,marking  ] GC(96) Concurrent Cleanup for Next Mark
[2026-06-17T10:06:23.811+0800][3.462s][info][gc,start    ] GC(97) Pause Young (Prepare Mixed) (G1 Evacuation Pause)
[2026-06-17T10:06:23.812+0800][3.462s][info][gc,task     ] GC(97) Using 2 workers of 18 for evacuation
[2026-06-17T10:06:23.813+0800][3.463s][info][gc,phases   ] GC(97)   Pre Evacuate Collection Set: 0.17ms
[2026-06-17T10:06:23.813+0800][3.463s][info][gc,phases   ] GC(97)   Merge Heap Roots: 0.05ms
[2026-06-17T10:06:23.813+0800][3.463s][info][gc,phases   ] GC(97)   Evacuate Collection Set: 0.41ms
[2026-06-17T10:06:23.813+0800][3.464s][info][gc,phases   ] GC(97)   Post Evacuate Collection Set: 0.21ms
[2026-06-17T10:06:23.813+0800][3.464s][info][gc,phases   ] GC(97)   Other: 0.18ms
[2026-06-17T10:06:23.813+0800][3.464s][info][gc,heap     ] GC(97) Eden regions: 10->0(8)
[2026-06-17T10:06:23.813+0800][3.464s][info][gc,heap     ] GC(97) Survivor regions: 2->2(2)
[2026-06-17T10:06:23.814+0800][3.464s][info][gc,heap     ] GC(97) Old regions: 28->31
[2026-06-17T10:06:23.814+0800][3.464s][info][gc,heap     ] GC(97) Humongous regions: 14->14
[2026-06-17T10:06:23.814+0800][3.464s][info][gc,metaspace] GC(97) Metaspace: 111K(320K)->111K(320K) NonClass: 104K(192K)->104K(192K) Class: 7K(128K)->7K(128K)
[2026-06-17T10:06:23.814+0800][3.465s][info][gc          ] GC(97) Pause Young (Prepare Mixed) (G1 Evacuation Pause) 53M->46M(64M) 2.899ms
[2026-06-17T10:06:23.814+0800][3.465s][info][gc,cpu      ] GC(97) User=0.00s Sys=0.00s Real=0.00s
[2026-06-17T10:06:23.814+0800][3.465s][info][gc,marking  ] GC(96) Concurrent Cleanup for Next Mark 3.160ms
[2026-06-17T10:06:23.814+0800][3.465s][info][gc          ] GC(96) Concurrent Mark Cycle 26.423ms
[2026-06-17T10:06:23.845+0800][3.496s][info][gc,start    ] GC(98) Pause Young (Mixed) (G1 Evacuation Pause)
[2026-06-17T10:06:23.846+0800][3.496s][info][gc,task     ] GC(98) Using 2 workers of 18 for evacuation
[2026-06-17T10:06:23.847+0800][3.497s][info][gc,phases   ] GC(98)   Pre Evacuate Collection Set: 0.12ms
[2026-06-17T10:06:23.847+0800][3.497s][info][gc,phases   ] GC(98)   Merge Heap Roots: 0.04ms
[2026-06-17T10:06:23.847+0800][3.498s][info][gc,phases   ] GC(98)   Evacuate Collection Set: 0.48ms
[2026-06-17T10:06:23.847+0800][3.498s][info][gc,phases   ] GC(98)   Post Evacuate Collection Set: 0.19ms
[2026-06-17T10:06:23.847+0800][3.498s][info][gc,phases   ] GC(98)   Other: 0.25ms
[2026-06-17T10:06:23.847+0800][3.498s][info][gc,heap     ] GC(98) Eden regions: 8->0(9)
[2026-06-17T10:06:23.848+0800][3.498s][info][gc,heap     ] GC(98) Survivor regions: 2->2(2)
[2026-06-17T10:06:23.848+0800][3.498s][info][gc,heap     ] GC(98) Old regions: 31->29
[2026-06-17T10:06:23.848+0800][3.498s][info][gc,heap     ] GC(98) Humongous regions: 14->14
[2026-06-17T10:06:23.848+0800][3.499s][info][gc,metaspace] GC(98) Metaspace: 111K(320K)->111K(320K) NonClass: 104K(192K)->104K(192K) Class: 7K(128K)->7K(128K)
[2026-06-17T10:06:23.848+0800][3.499s][info][gc          ] GC(98) Pause Young (Mixed) (G1 Evacuation Pause) 54M->44M(64M) 2.872ms
[2026-06-17T10:06:23.848+0800][3.499s][info][gc,cpu      ] GC(98) User=0.00s Sys=0.00s Real=0.00s
[2026-06-17T10:06:23.869+0800][3.520s][info][gc,start    ] GC(99) Pause Young (Concurrent Start) (G1 Evacuation Pause)
[2026-06-17T10:06:23.870+0800][3.520s][info][gc,task     ] GC(99) Using 2 workers of 18 for evacuation
[2026-06-17T10:06:23.871+0800][3.521s][info][gc,phases   ] GC(99)   Pre Evacuate Collection Set: 0.20ms
[2026-06-17T10:06:23.871+0800][3.521s][info][gc,phases   ] GC(99)   Merge Heap Roots: 0.04ms
[2026-06-17T10:06:23.871+0800][3.521s][info][gc,phases   ] GC(99)   Evacuate Collection Set: 0.28ms
[2026-06-17T10:06:23.871+0800][3.522s][info][gc,phases   ] GC(99)   Post Evacuate Collection Set: 0.17ms
[2026-06-17T10:06:23.871+0800][3.522s][info][gc,phases   ] GC(99)   Other: 0.20ms
[2026-06-17T10:06:23.871+0800][3.522s][info][gc,heap     ] GC(99) Eden regions: 9->0(8)
[2026-06-17T10:06:23.871+0800][3.522s][info][gc,heap     ] GC(99) Survivor regions: 2->2(2)
[2026-06-17T10:06:23.871+0800][3.522s][info][gc,heap     ] GC(99) Old regions: 29->31
[2026-06-17T10:06:23.871+0800][3.522s][info][gc,heap     ] GC(99) Humongous regions: 14->14
[2026-06-17T10:06:23.872+0800][3.522s][info][gc,metaspace] GC(99) Metaspace: 111K(320K)->111K(320K) NonClass: 104K(192K)->104K(192K) Class: 7K(128K)->7K(128K)
[2026-06-17T10:06:23.872+0800][3.522s][info][gc          ] GC(99) Pause Young (Concurrent Start) (G1 Evacuation Pause) 53M->46M(64M) 2.294ms
[2026-06-17T10:06:23.872+0800][3.522s][info][gc,cpu      ] GC(99) User=0.00s Sys=0.00s Real=0.01s
[2026-06-17T10:06:23.872+0800][3.523s][info][gc          ] GC(100) Concurrent Mark Cycle
[2026-06-17T10:06:23.872+0800][3.523s][info][gc,marking  ] GC(100) Concurrent Scan Root Regions
[2026-06-17T10:06:23.872+0800][3.523s][info][gc,marking  ] GC(100) Concurrent Scan Root Regions 0.215ms
[2026-06-17T10:06:23.873+0800][3.523s][info][gc,marking  ] GC(100) Concurrent Mark
[2026-06-17T10:06:23.873+0800][3.523s][info][gc,marking  ] GC(100) Concurrent Mark From Roots
[2026-06-17T10:06:23.873+0800][3.523s][info][gc,task     ] GC(100) Using 5 workers of 5 for marking
[2026-06-17T10:06:23.874+0800][3.524s][info][gc,marking  ] GC(100) Concurrent Mark From Roots 1.237ms
[2026-06-17T10:06:23.874+0800][3.525s][info][gc,marking  ] GC(100) Concurrent Preclean
[2026-06-17T10:06:23.874+0800][3.525s][info][gc,marking  ] GC(100) Concurrent Preclean 0.113ms
[2026-06-17T10:06:23.874+0800][3.525s][info][gc,start    ] GC(100) Pause Remark
[2026-06-17T10:06:23.875+0800][3.525s][info][gc          ] GC(100) Pause Remark 49M->40M(64M) 0.433ms
[2026-06-17T10:06:23.875+0800][3.525s][info][gc,cpu      ] GC(100) User=0.00s Sys=0.00s Real=0.00s
[2026-06-17T10:06:23.875+0800][3.526s][info][gc,marking  ] GC(100) Concurrent Mark 2.377ms
[2026-06-17T10:06:23.875+0800][3.526s][info][gc,marking  ] GC(100) Concurrent Rebuild Remembered Sets and Scrub Regions
[2026-06-17T10:06:23.876+0800][3.526s][info][gc,marking  ] GC(100) Concurrent Rebuild Remembered Sets and Scrub Regions 0.446ms
[2026-06-17T10:06:23.876+0800][3.526s][info][gc,start    ] GC(100) Pause Cleanup
[2026-06-17T10:06:23.876+0800][3.526s][info][gc          ] GC(100) Pause Cleanup 40M->40M(64M) 0.122ms
[2026-06-17T10:06:23.876+0800][3.527s][info][gc,cpu      ] GC(100) User=0.00s Sys=0.00s Real=0.00s
[2026-06-17T10:06:23.876+0800][3.527s][info][gc,marking  ] GC(100) Concurrent Clear Claimed Marks
[2026-06-17T10:06:23.876+0800][3.527s][info][gc,marking  ] GC(100) Concurrent Clear Claimed Marks 0.091ms
[2026-06-17T10:06:23.876+0800][3.527s][info][gc,marking  ] GC(100) Concurrent Cleanup for Next Mark
[2026-06-17T10:06:23.876+0800][3.527s][info][gc,marking  ] GC(100) Concurrent Cleanup for Next Mark 0.167ms
[2026-06-17T10:06:23.877+0800][3.527s][info][gc          ] GC(100) Concurrent Mark Cycle 4.636ms
[2026-06-17T10:06:23.893+0800][3.544s][info][gc,start    ] GC(101) Pause Young (Prepare Mixed) (G1 Evacuation Pause)
[2026-06-17T10:06:23.893+0800][3.544s][info][gc,task     ] GC(101) Using 2 workers of 18 for evacuation
[2026-06-17T10:06:23.894+0800][3.545s][info][gc,phases   ] GC(101)   Pre Evacuate Collection Set: 0.15ms
[2026-06-17T10:06:23.894+0800][3.545s][info][gc,phases   ] GC(101)   Merge Heap Roots: 0.07ms
[2026-06-17T10:06:23.895+0800][3.545s][info][gc,phases   ] GC(101)   Evacuate Collection Set: 0.26ms
[2026-06-17T10:06:23.895+0800][3.545s][info][gc,phases   ] GC(101)   Post Evacuate Collection Set: 0.16ms
[2026-06-17T10:06:23.895+0800][3.545s][info][gc,phases   ] GC(101)   Other: 0.24ms
[2026-06-17T10:06:23.895+0800][3.545s][info][gc,heap     ] GC(101) Eden regions: 8->0(13)
[2026-06-17T10:06:23.895+0800][3.546s][info][gc,heap     ] GC(101) Survivor regions: 2->2(2)
[2026-06-17T10:06:23.895+0800][3.546s][info][gc,heap     ] GC(101) Old regions: 22->23
[2026-06-17T10:06:23.895+0800][3.546s][info][gc,heap     ] GC(101) Humongous regions: 14->14
[2026-06-17T10:06:23.895+0800][3.546s][info][gc,metaspace] GC(101) Metaspace: 111K(320K)->111K(320K) NonClass: 104K(192K)->104K(192K) Class: 7K(128K)->7K(128K)
[2026-06-17T10:06:23.895+0800][3.546s][info][gc          ] GC(101) Pause Young (Prepare Mixed) (G1 Evacuation Pause) 45M->38M(64M) 2.353ms
[2026-06-17T10:06:23.895+0800][3.546s][info][gc,cpu      ] GC(101) User=0.00s Sys=0.00s Real=0.00s
[2026-06-17T10:06:23.927+0800][3.577s][info][gc,start    ] GC(102) Pause Young (Mixed) (G1 Evacuation Pause)
[2026-06-17T10:06:23.927+0800][3.578s][info][gc,task     ] GC(102) Using 2 workers of 18 for evacuation
[2026-06-17T10:06:23.928+0800][3.579s][info][gc,phases   ] GC(102)   Pre Evacuate Collection Set: 0.11ms
[2026-06-17T10:06:23.928+0800][3.579s][info][gc,phases   ] GC(102)   Merge Heap Roots: 0.04ms
[2026-06-17T10:06:23.929+0800][3.579s][info][gc,phases   ] GC(102)   Evacuate Collection Set: 0.54ms
[2026-06-17T10:06:23.929+0800][3.579s][info][gc,phases   ] GC(102)   Post Evacuate Collection Set: 0.21ms
[2026-06-17T10:06:23.929+0800][3.579s][info][gc,phases   ] GC(102)   Other: 0.20ms
[2026-06-17T10:06:23.929+0800][3.579s][info][gc,heap     ] GC(102) Eden regions: 13->0(14)
[2026-06-17T10:06:23.929+0800][3.579s][info][gc,heap     ] GC(102) Survivor regions: 2->2(2)
[2026-06-17T10:06:23.929+0800][3.580s][info][gc,heap     ] GC(102) Old regions: 23->22
[2026-06-17T10:06:23.929+0800][3.580s][info][gc,heap     ] GC(102) Humongous regions: 14->14
[2026-06-17T10:06:23.929+0800][3.580s][info][gc,metaspace] GC(102) Metaspace: 111K(320K)->111K(320K) NonClass: 104K(192K)->104K(192K) Class: 7K(128K)->7K(128K)
[2026-06-17T10:06:23.929+0800][3.580s][info][gc          ] GC(102) Pause Young (Mixed) (G1 Evacuation Pause) 51M->37M(64M) 2.364ms
[2026-06-17T10:06:23.929+0800][3.580s][info][gc,cpu      ] GC(102) User=0.00s Sys=0.00s Real=0.00s
[2026-06-17T10:06:23.961+0800][3.611s][info][gc,start    ] GC(103) Pause Young (Concurrent Start) (G1 Evacuation Pause)
[2026-06-17T10:06:23.961+0800][3.612s][info][gc,task     ] GC(103) Using 2 workers of 18 for evacuation
[2026-06-17T10:06:23.962+0800][3.613s][info][gc,phases   ] GC(103)   Pre Evacuate Collection Set: 0.18ms
[2026-06-17T10:06:23.962+0800][3.613s][info][gc,phases   ] GC(103)   Merge Heap Roots: 0.05ms
[2026-06-17T10:06:23.963+0800][3.613s][info][gc,phases   ] GC(103)   Evacuate Collection Set: 0.44ms
[2026-06-17T10:06:23.963+0800][3.613s][info][gc,phases   ] GC(103)   Post Evacuate Collection Set: 0.16ms
[2026-06-17T10:06:23.963+0800][3.613s][info][gc,phases   ] GC(103)   Other: 0.17ms
[2026-06-17T10:06:23.963+0800][3.614s][info][gc,heap     ] GC(103) Eden regions: 14->0(11)
[2026-06-17T10:06:23.963+0800][3.614s][info][gc,heap     ] GC(103) Survivor regions: 2->2(2)
[2026-06-17T10:06:23.963+0800][3.614s][info][gc,heap     ] GC(103) Old regions: 22->26
[2026-06-17T10:06:23.963+0800][3.614s][info][gc,heap     ] GC(103) Humongous regions: 14->14
[2026-06-17T10:06:23.964+0800][3.614s][info][gc,metaspace] GC(103) Metaspace: 111K(320K)->111K(320K) NonClass: 104K(192K)->104K(192K) Class: 7K(128K)->7K(128K)
[2026-06-17T10:06:23.964+0800][3.614s][info][gc          ] GC(103) Pause Young (Concurrent Start) (G1 Evacuation Pause) 51M->41M(64M) 2.752ms
[2026-06-17T10:06:23.964+0800][3.614s][info][gc,cpu      ] GC(103) User=0.00s Sys=0.00s Real=0.01s
[2026-06-17T10:06:23.964+0800][3.614s][info][gc          ] GC(104) Concurrent Mark Cycle
[2026-06-17T10:06:23.964+0800][3.614s][info][gc,marking  ] GC(104) Concurrent Scan Root Regions
[2026-06-17T10:06:23.964+0800][3.615s][info][gc,marking  ] GC(104) Concurrent Scan Root Regions 0.170ms
[2026-06-17T10:06:23.964+0800][3.615s][info][gc,marking  ] GC(104) Concurrent Mark
[2026-06-17T10:06:23.964+0800][3.615s][info][gc,marking  ] GC(104) Concurrent Mark From Roots
[2026-06-17T10:06:23.964+0800][3.615s][info][gc,task     ] GC(104) Using 5 workers of 5 for marking
[2026-06-17T10:06:23.966+0800][3.616s][info][gc,marking  ] GC(104) Concurrent Mark From Roots 1.189ms
[2026-06-17T10:06:23.966+0800][3.616s][info][gc,marking  ] GC(104) Concurrent Preclean
[2026-06-17T10:06:23.966+0800][3.616s][info][gc,marking  ] GC(104) Concurrent Preclean 0.137ms
[2026-06-17T10:06:23.966+0800][3.616s][info][gc,start    ] GC(104) Pause Remark
[2026-06-17T10:06:23.966+0800][3.617s][info][gc          ] GC(104) Pause Remark 42M->42M(64M) 0.451ms
[2026-06-17T10:06:23.966+0800][3.617s][info][gc,cpu      ] GC(104) User=0.00s Sys=0.00s Real=0.00s
[2026-06-17T10:06:23.967+0800][3.617s][info][gc,marking  ] GC(104) Concurrent Mark 2.412ms
[2026-06-17T10:06:23.967+0800][3.617s][info][gc,marking  ] GC(104) Concurrent Rebuild Remembered Sets and Scrub Regions
[2026-06-17T10:06:23.967+0800][3.618s][info][gc,marking  ] GC(104) Concurrent Rebuild Remembered Sets and Scrub Regions 0.480ms
[2026-06-17T10:06:23.967+0800][3.618s][info][gc,start    ] GC(104) Pause Cleanup
[2026-06-17T10:06:23.968+0800][3.618s][info][gc          ] GC(104) Pause Cleanup 42M->42M(64M) 0.163ms
[2026-06-17T10:06:23.968+0800][3.618s][info][gc,cpu      ] GC(104) User=0.00s Sys=0.00s Real=0.00s
[2026-06-17T10:06:23.968+0800][3.618s][info][gc,marking  ] GC(104) Concurrent Clear Claimed Marks
[2026-06-17T10:06:23.968+0800][3.618s][info][gc,marking  ] GC(104) Concurrent Clear Claimed Marks 0.095ms
[2026-06-17T10:06:23.968+0800][3.619s][info][gc,marking  ] GC(104) Concurrent Cleanup for Next Mark
[2026-06-17T10:06:23.968+0800][3.619s][info][gc,marking  ] GC(104) Concurrent Cleanup for Next Mark 0.194ms
[2026-06-17T10:06:23.968+0800][3.619s][info][gc          ] GC(104) Concurrent Mark Cycle 4.446ms
[2026-06-17T10:06:23.995+0800][3.646s][info][gc,start    ] GC(105) Pause Young (Prepare Mixed) (G1 Evacuation Pause)
[2026-06-17T10:06:23.996+0800][3.646s][info][gc,task     ] GC(105) Using 2 workers of 18 for evacuation
[2026-06-17T10:06:23.997+0800][3.647s][info][gc,phases   ] GC(105)   Pre Evacuate Collection Set: 0.10ms
[2026-06-17T10:06:23.997+0800][3.648s][info][gc,phases   ] GC(105)   Merge Heap Roots: 0.05ms
[2026-06-17T10:06:23.997+0800][3.648s][info][gc,phases   ] GC(105)   Evacuate Collection Set: 0.30ms
[2026-06-17T10:06:23.997+0800][3.648s][info][gc,phases   ] GC(105)   Post Evacuate Collection Set: 0.20ms
[2026-06-17T10:06:23.997+0800][3.648s][info][gc,phases   ] GC(105)   Other: 0.25ms
[2026-06-17T10:06:23.997+0800][3.648s][info][gc,heap     ] GC(105) Eden regions: 11->0(14)
[2026-06-17T10:06:23.998+0800][3.648s][info][gc,heap     ] GC(105) Survivor regions: 2->2(2)
[2026-06-17T10:06:23.998+0800][3.648s][info][gc,heap     ] GC(105) Old regions: 26->28
[2026-06-17T10:06:23.998+0800][3.648s][info][gc,heap     ] GC(105) Humongous regions: 16->8
[2026-06-17T10:06:23.998+0800][3.648s][info][gc,metaspace] GC(105) Metaspace: 114K(320K)->114K(320K) NonClass: 107K(192K)->107K(192K) Class: 7K(128K)->7K(128K)
[2026-06-17T10:06:23.998+0800][3.649s][info][gc          ] GC(105) Pause Young (Prepare Mixed) (G1 Evacuation Pause) 54M->37M(64M) 2.645ms
[2026-06-17T10:06:23.998+0800][3.649s][info][gc,cpu      ] GC(105) User=0.00s Sys=0.00s Real=0.00s
[2026-06-17T10:06:24.040+0800][3.691s][info][gc,start    ] GC(106) Pause Young (Mixed) (G1 Evacuation Pause)
[2026-06-17T10:06:24.041+0800][3.691s][info][gc,task     ] GC(106) Using 2 workers of 18 for evacuation
[2026-06-17T10:06:24.041+0800][3.692s][info][gc,phases   ] GC(106)   Pre Evacuate Collection Set: 0.12ms
[2026-06-17T10:06:24.042+0800][3.693s][info][gc,phases   ] GC(106)   Merge Heap Roots: 0.05ms
[2026-06-17T10:06:24.042+0800][3.693s][info][gc,phases   ] GC(106)   Evacuate Collection Set: 0.34ms
[2026-06-17T10:06:24.043+0800][3.693s][info][gc,phases   ] GC(106)   Post Evacuate Collection Set: 0.19ms
[2026-06-17T10:06:24.043+0800][3.693s][info][gc,phases   ] GC(106)   Other: 0.24ms
[2026-06-17T10:06:24.043+0800][3.693s][info][gc,heap     ] GC(106) Eden regions: 14->0(15)
[2026-06-17T10:06:24.043+0800][3.693s][info][gc,heap     ] GC(106) Survivor regions: 2->2(2)
[2026-06-17T10:06:24.043+0800][3.694s][info][gc,heap     ] GC(106) Old regions: 28->28
[2026-06-17T10:06:24.043+0800][3.694s][info][gc,heap     ] GC(106) Humongous regions: 8->8
[2026-06-17T10:06:24.043+0800][3.694s][info][gc,metaspace] GC(106) Metaspace: 114K(320K)->114K(320K) NonClass: 107K(192K)->107K(192K) Class: 7K(128K)->7K(128K)
[2026-06-17T10:06:24.043+0800][3.694s][info][gc          ] GC(106) Pause Young (Mixed) (G1 Evacuation Pause) 51M->37M(64M) 3.265ms
[2026-06-17T10:06:24.044+0800][3.694s][info][gc,cpu      ] GC(106) User=0.00s Sys=0.00s Real=0.01s
[2026-06-17T10:06:24.075+0800][3.726s][info][gc,start    ] GC(107) Pause Young (Concurrent Start) (G1 Evacuation Pause)
[2026-06-17T10:06:24.076+0800][3.726s][info][gc,task     ] GC(107) Using 2 workers of 18 for evacuation
[2026-06-17T10:06:24.077+0800][3.728s][info][gc,phases   ] GC(107)   Pre Evacuate Collection Set: 0.19ms
[2026-06-17T10:06:24.077+0800][3.728s][info][gc,phases   ] GC(107)   Merge Heap Roots: 0.05ms
[2026-06-17T10:06:24.078+0800][3.728s][info][gc,phases   ] GC(107)   Evacuate Collection Set: 0.58ms
[2026-06-17T10:06:24.078+0800][3.728s][info][gc,phases   ] GC(107)   Post Evacuate Collection Set: 0.18ms
[2026-06-17T10:06:24.078+0800][3.729s][info][gc,phases   ] GC(107)   Other: 0.24ms
[2026-06-17T10:06:24.078+0800][3.729s][info][gc,heap     ] GC(107) Eden regions: 15->0(11)
[2026-06-17T10:06:24.078+0800][3.729s][info][gc,heap     ] GC(107) Survivor regions: 2->3(3)
[2026-06-17T10:06:24.079+0800][3.729s][info][gc,heap     ] GC(107) Old regions: 28->31
[2026-06-17T10:06:24.079+0800][3.729s][info][gc,heap     ] GC(107) Humongous regions: 8->8
[2026-06-17T10:06:24.079+0800][3.729s][info][gc,metaspace] GC(107) Metaspace: 114K(320K)->114K(320K) NonClass: 107K(192K)->107K(192K) Class: 7K(128K)->7K(128K)
[2026-06-17T10:06:24.079+0800][3.730s][info][gc          ] GC(107) Pause Young (Concurrent Start) (G1 Evacuation Pause) 52M->41M(64M) 3.627ms
[2026-06-17T10:06:24.079+0800][3.730s][info][gc,cpu      ] GC(107) User=0.00s Sys=0.00s Real=0.00s
[2026-06-17T10:06:24.079+0800][3.730s][info][gc          ] GC(108) Concurrent Mark Cycle
[2026-06-17T10:06:24.080+0800][3.730s][info][gc,marking  ] GC(108) Concurrent Scan Root Regions
[2026-06-17T10:06:24.080+0800][3.731s][info][gc,marking  ] GC(108) Concurrent Scan Root Regions 0.224ms
[2026-06-17T10:06:24.080+0800][3.731s][info][gc,marking  ] GC(108) Concurrent Mark
[2026-06-17T10:06:24.080+0800][3.731s][info][gc,marking  ] GC(108) Concurrent Mark From Roots
[2026-06-17T10:06:24.080+0800][3.731s][info][gc,task     ] GC(108) Using 5 workers of 5 for marking
[2026-06-17T10:06:24.081+0800][3.732s][info][gc,marking  ] GC(108) Concurrent Mark From Roots 1.104ms
[2026-06-17T10:06:24.081+0800][3.732s][info][gc,marking  ] GC(108) Concurrent Preclean
[2026-06-17T10:06:24.081+0800][3.732s][info][gc,marking  ] GC(108) Concurrent Preclean 0.109ms
[2026-06-17T10:06:24.082+0800][3.732s][info][gc,start    ] GC(108) Pause Remark
[2026-06-17T10:06:24.082+0800][3.733s][info][gc          ] GC(108) Pause Remark 42M->35M(64M) 0.417ms
[2026-06-17T10:06:24.082+0800][3.733s][info][gc,cpu      ] GC(108) User=0.00s Sys=0.00s Real=0.00s
[2026-06-17T10:06:24.082+0800][3.733s][info][gc,marking  ] GC(108) Concurrent Mark 2.185ms
[2026-06-17T10:06:24.082+0800][3.733s][info][gc,marking  ] GC(108) Concurrent Rebuild Remembered Sets and Scrub Regions
[2026-06-17T10:06:24.083+0800][3.733s][info][gc,marking  ] GC(108) Concurrent Rebuild Remembered Sets and Scrub Regions 0.473ms
[2026-06-17T10:06:24.083+0800][3.734s][info][gc,start    ] GC(108) Pause Cleanup
[2026-06-17T10:06:24.083+0800][3.734s][info][gc          ] GC(108) Pause Cleanup 35M->35M(64M) 0.086ms
[2026-06-17T10:06:24.083+0800][3.734s][info][gc,cpu      ] GC(108) User=0.00s Sys=0.00s Real=0.00s
[2026-06-17T10:06:24.083+0800][3.734s][info][gc,marking  ] GC(108) Concurrent Clear Claimed Marks
[2026-06-17T10:06:24.083+0800][3.734s][info][gc,marking  ] GC(108) Concurrent Clear Claimed Marks 0.105ms
[2026-06-17T10:06:24.083+0800][3.734s][info][gc,marking  ] GC(108) Concurrent Cleanup for Next Mark
[2026-06-17T10:06:24.084+0800][3.734s][info][gc,marking  ] GC(108) Concurrent Cleanup for Next Mark 0.192ms
[2026-06-17T10:06:24.084+0800][3.735s][info][gc          ] GC(108) Concurrent Mark Cycle 4.817ms
[2026-06-17T10:06:24.111+0800][3.761s][info][gc,start    ] GC(109) Pause Young (Prepare Mixed) (G1 Evacuation Pause)
[2026-06-17T10:06:24.111+0800][3.762s][info][gc,task     ] GC(109) Using 2 workers of 18 for evacuation
[2026-06-17T10:06:24.112+0800][3.763s][info][gc,phases   ] GC(109)   Pre Evacuate Collection Set: 0.12ms
[2026-06-17T10:06:24.112+0800][3.763s][info][gc,phases   ] GC(109)   Merge Heap Roots: 0.05ms
[2026-06-17T10:06:24.112+0800][3.763s][info][gc,phases   ] GC(109)   Evacuate Collection Set: 0.37ms
[2026-06-17T10:06:24.113+0800][3.763s][info][gc,phases   ] GC(109)   Post Evacuate Collection Set: 0.15ms
[2026-06-17T10:06:24.113+0800][3.763s][info][gc,phases   ] GC(109)   Other: 0.27ms
[2026-06-17T10:06:24.113+0800][3.764s][info][gc,heap     ] GC(109) Eden regions: 11->0(14)
[2026-06-17T10:06:24.113+0800][3.764s][info][gc,heap     ] GC(109) Survivor regions: 3->2(2)
[2026-06-17T10:06:24.113+0800][3.764s][info][gc,heap     ] GC(109) Old regions: 24->28
[2026-06-17T10:06:24.113+0800][3.764s][info][gc,heap     ] GC(109) Humongous regions: 8->8
[2026-06-17T10:06:24.113+0800][3.764s][info][gc,metaspace] GC(109) Metaspace: 114K(320K)->114K(320K) NonClass: 107K(192K)->107K(192K) Class: 7K(128K)->7K(128K)
[2026-06-17T10:06:24.114+0800][3.764s][info][gc          ] GC(109) Pause Young (Prepare Mixed) (G1 Evacuation Pause) 45M->37M(64M) 2.888ms
[2026-06-17T10:06:24.114+0800][3.764s][info][gc,cpu      ] GC(109) User=0.00s Sys=0.01s Real=0.00s
[2026-06-17T10:06:24.145+0800][3.796s][info][gc,start    ] GC(110) Pause Young (Mixed) (G1 Evacuation Pause)
[2026-06-17T10:06:24.146+0800][3.797s][info][gc,task     ] GC(110) Using 2 workers of 18 for evacuation
[2026-06-17T10:06:24.147+0800][3.798s][info][gc,phases   ] GC(110)   Pre Evacuate Collection Set: 0.12ms
[2026-06-17T10:06:24.148+0800][3.799s][info][gc,phases   ] GC(110)   Merge Heap Roots: 0.05ms
[2026-06-17T10:06:24.148+0800][3.799s][info][gc,phases   ] GC(110)   Evacuate Collection Set: 0.71ms
[2026-06-17T10:06:24.149+0800][3.800s][info][gc,phases   ] GC(110)   Post Evacuate Collection Set: 0.17ms
[2026-06-17T10:06:24.150+0800][3.800s][info][gc,phases   ] GC(110)   Other: 0.41ms
[2026-06-17T10:06:24.150+0800][3.801s][info][gc,heap     ] GC(110) Eden regions: 14->0(14)
[2026-06-17T10:06:24.151+0800][3.801s][info][gc,heap     ] GC(110) Survivor regions: 2->2(2)
[2026-06-17T10:06:24.151+0800][3.802s][info][gc,heap     ] GC(110) Old regions: 28->27
[2026-06-17T10:06:24.152+0800][3.802s][info][gc,heap     ] GC(110) Humongous regions: 8->8
[2026-06-17T10:06:24.152+0800][3.803s][info][gc,metaspace] GC(110) Metaspace: 114K(320K)->114K(320K) NonClass: 107K(192K)->107K(192K) Class: 7K(128K)->7K(128K)
[2026-06-17T10:06:24.153+0800][3.804s][info][gc          ] GC(110) Pause Young (Mixed) (G1 Evacuation Pause) 51M->36M(64M) 7.715ms
[2026-06-17T10:06:24.154+0800][3.804s][info][gc,cpu      ] GC(110) User=0.00s Sys=0.00s Real=0.01s
[2026-06-17T10:06:24.186+0800][3.836s][info][gc,start    ] GC(111) Pause Young (Concurrent Start) (G1 Humongous Allocation)
[2026-06-17T10:06:24.186+0800][3.837s][info][gc,task     ] GC(111) Using 2 workers of 18 for evacuation
[2026-06-17T10:06:24.188+0800][3.838s][info][gc,phases   ] GC(111)   Pre Evacuate Collection Set: 0.25ms
[2026-06-17T10:06:24.188+0800][3.838s][info][gc,phases   ] GC(111)   Merge Heap Roots: 0.07ms
[2026-06-17T10:06:24.188+0800][3.839s][info][gc,phases   ] GC(111)   Evacuate Collection Set: 0.33ms
[2026-06-17T10:06:24.188+0800][3.839s][info][gc,phases   ] GC(111)   Post Evacuate Collection Set: 0.21ms
[2026-06-17T10:06:24.188+0800][3.839s][info][gc,phases   ] GC(111)   Other: 0.33ms
[2026-06-17T10:06:24.189+0800][3.839s][info][gc,heap     ] GC(111) Eden regions: 13->0(13)
[2026-06-17T10:06:24.189+0800][3.839s][info][gc,heap     ] GC(111) Survivor regions: 2->2(2)
[2026-06-17T10:06:24.189+0800][3.839s][info][gc,heap     ] GC(111) Old regions: 27->29
[2026-06-17T10:06:24.189+0800][3.840s][info][gc,heap     ] GC(111) Humongous regions: 8->8
[2026-06-17T10:06:24.189+0800][3.840s][info][gc,metaspace] GC(111) Metaspace: 114K(320K)->114K(320K) NonClass: 107K(192K)->107K(192K) Class: 7K(128K)->7K(128K)
[2026-06-17T10:06:24.189+0800][3.840s][info][gc          ] GC(111) Pause Young (Concurrent Start) (G1 Humongous Allocation) 49M->38M(64M) 3.479ms
[2026-06-17T10:06:24.189+0800][3.840s][info][gc,cpu      ] GC(111) User=0.00s Sys=0.00s Real=0.00s
[2026-06-17T10:06:24.190+0800][3.840s][info][gc          ] GC(112) Concurrent Mark Cycle
[2026-06-17T10:06:24.190+0800][3.841s][info][gc,marking  ] GC(112) Concurrent Scan Root Regions
[2026-06-17T10:06:24.190+0800][3.841s][info][gc,marking  ] GC(112) Concurrent Scan Root Regions 0.281ms
[2026-06-17T10:06:24.190+0800][3.841s][info][gc,marking  ] GC(112) Concurrent Mark
[2026-06-17T10:06:24.191+0800][3.841s][info][gc,marking  ] GC(112) Concurrent Mark From Roots
[2026-06-17T10:06:24.191+0800][3.841s][info][gc,task     ] GC(112) Using 5 workers of 5 for marking
[2026-06-17T10:06:24.192+0800][3.842s][info][gc,marking  ] GC(112) Concurrent Mark From Roots 1.309ms
[2026-06-17T10:06:24.192+0800][3.843s][info][gc,marking  ] GC(112) Concurrent Preclean
[2026-06-17T10:06:24.192+0800][3.843s][info][gc,marking  ] GC(112) Concurrent Preclean 0.108ms
[2026-06-17T10:06:24.192+0800][3.843s][info][gc,start    ] GC(112) Pause Remark
[2026-06-17T10:06:24.193+0800][3.843s][info][gc          ] GC(112) Pause Remark 39M->30M(64M) 0.432ms
[2026-06-17T10:06:24.193+0800][3.843s][info][gc,cpu      ] GC(112) User=0.00s Sys=0.00s Real=0.00s
[2026-06-17T10:06:24.193+0800][3.844s][info][gc,marking  ] GC(112) Concurrent Mark 2.524ms
[2026-06-17T10:06:24.193+0800][3.844s][info][gc,marking  ] GC(112) Concurrent Rebuild Remembered Sets and Scrub Regions
[2026-06-17T10:06:24.194+0800][3.844s][info][gc,marking  ] GC(112) Concurrent Rebuild Remembered Sets and Scrub Regions 0.455ms
[2026-06-17T10:06:24.194+0800][3.844s][info][gc,start    ] GC(112) Pause Cleanup
[2026-06-17T10:06:24.194+0800][3.844s][info][gc          ] GC(112) Pause Cleanup 30M->30M(64M) 0.148ms
[2026-06-17T10:06:24.194+0800][3.845s][info][gc,cpu      ] GC(112) User=0.00s Sys=0.00s Real=0.00s
[2026-06-17T10:06:24.194+0800][3.845s][info][gc,marking  ] GC(112) Concurrent Clear Claimed Marks
[2026-06-17T10:06:24.194+0800][3.845s][info][gc,marking  ] GC(112) Concurrent Clear Claimed Marks 0.073ms
[2026-06-17T10:06:24.194+0800][3.845s][info][gc,marking  ] GC(112) Concurrent Cleanup for Next Mark
[2026-06-17T10:06:24.194+0800][3.845s][info][gc,marking  ] GC(112) Concurrent Cleanup for Next Mark 0.162ms
[2026-06-17T10:06:24.194+0800][3.845s][info][gc          ] GC(112) Concurrent Mark Cycle 4.943ms
[2026-06-17T10:06:24.232+0800][3.882s][info][gc,start    ] GC(113) Pause Young (Prepare Mixed) (G1 Evacuation Pause)
[2026-06-17T10:06:24.232+0800][3.883s][info][gc,task     ] GC(113) Using 2 workers of 18 for evacuation
[2026-06-17T10:06:24.233+0800][3.884s][info][gc,phases   ] GC(113)   Pre Evacuate Collection Set: 0.18ms
[2026-06-17T10:06:24.234+0800][3.884s][info][gc,phases   ] GC(113)   Merge Heap Roots: 0.08ms
[2026-06-17T10:06:24.234+0800][3.885s][info][gc,phases   ] GC(113)   Evacuate Collection Set: 0.42ms
[2026-06-17T10:06:24.234+0800][3.885s][info][gc,phases   ] GC(113)   Post Evacuate Collection Set: 0.27ms
[2026-06-17T10:06:24.234+0800][3.885s][info][gc,phases   ] GC(113)   Other: 0.41ms
[2026-06-17T10:06:24.235+0800][3.885s][info][gc,heap     ] GC(113) Eden regions: 13->0(18)
[2026-06-17T10:06:24.235+0800][3.885s][info][gc,heap     ] GC(113) Survivor regions: 2->2(2)
[2026-06-17T10:06:24.235+0800][3.886s][info][gc,heap     ] GC(113) Old regions: 20->23
[2026-06-17T10:06:24.235+0800][3.886s][info][gc,heap     ] GC(113) Humongous regions: 9->9
[2026-06-17T10:06:24.235+0800][3.886s][info][gc,metaspace] GC(113) Metaspace: 114K(320K)->114K(320K) NonClass: 107K(192K)->107K(192K) Class: 7K(128K)->7K(128K)
[2026-06-17T10:06:24.236+0800][3.886s][info][gc          ] GC(113) Pause Young (Prepare Mixed) (G1 Evacuation Pause) 43M->33M(64M) 4.075ms
[2026-06-17T10:06:24.236+0800][3.887s][info][gc,cpu      ] GC(113) User=0.00s Sys=0.01s Real=0.00s
[2026-06-17T10:06:24.279+0800][3.929s][info][gc,start    ] GC(114) Pause Young (Mixed) (G1 Evacuation Pause)
[2026-06-17T10:06:24.279+0800][3.930s][info][gc,task     ] GC(114) Using 2 workers of 18 for evacuation
[2026-06-17T10:06:24.281+0800][3.932s][info][gc,phases   ] GC(114)   Pre Evacuate Collection Set: 0.22ms
[2026-06-17T10:06:24.281+0800][3.932s][info][gc,phases   ] GC(114)   Merge Heap Roots: 0.10ms
[2026-06-17T10:06:24.282+0800][3.932s][info][gc,phases   ] GC(114)   Evacuate Collection Set: 0.81ms
[2026-06-17T10:06:24.282+0800][3.932s][info][gc,phases   ] GC(114)   Post Evacuate Collection Set: 0.31ms
[2026-06-17T10:06:24.282+0800][3.933s][info][gc,phases   ] GC(114)   Other: 0.37ms
[2026-06-17T10:06:24.282+0800][3.933s][info][gc,heap     ] GC(114) Eden regions: 18->0(16)
[2026-06-17T10:06:24.283+0800][3.933s][info][gc,heap     ] GC(114) Survivor regions: 2->3(3)
[2026-06-17T10:06:24.283+0800][3.933s][info][gc,heap     ] GC(114) Old regions: 23->22
[2026-06-17T10:06:24.283+0800][3.933s][info][gc,heap     ] GC(114) Humongous regions: 9->9
[2026-06-17T10:06:24.283+0800][3.934s][info][gc,metaspace] GC(114) Metaspace: 114K(320K)->114K(320K) NonClass: 107K(192K)->107K(192K) Class: 7K(128K)->7K(128K)
[2026-06-17T10:06:24.283+0800][3.934s][info][gc          ] GC(114) Pause Young (Mixed) (G1 Evacuation Pause) 51M->33M(64M) 4.511ms
[2026-06-17T10:06:24.283+0800][3.934s][info][gc,cpu      ] GC(114) User=0.00s Sys=0.00s Real=0.01s
[2026-06-17T10:06:24.326+0800][3.977s][info][gc,start    ] GC(115) Pause Young (Mixed) (G1 Evacuation Pause)
[2026-06-17T10:06:24.327+0800][3.977s][info][gc,task     ] GC(115) Using 2 workers of 18 for evacuation
[2026-06-17T10:06:24.328+0800][3.978s][info][gc,phases   ] GC(115)   Pre Evacuate Collection Set: 0.13ms
[2026-06-17T10:06:24.328+0800][3.979s][info][gc,phases   ] GC(115)   Merge Heap Roots: 0.05ms
[2026-06-17T10:06:24.328+0800][3.979s][info][gc,phases   ] GC(115)   Evacuate Collection Set: 0.43ms
[2026-06-17T10:06:24.328+0800][3.979s][info][gc,phases   ] GC(115)   Post Evacuate Collection Set: 0.17ms
[2026-06-17T10:06:24.329+0800][3.979s][info][gc,phases   ] GC(115)   Other: 0.33ms
[2026-06-17T10:06:24.329+0800][3.979s][info][gc,heap     ] GC(115) Eden regions: 16->0(15)
[2026-06-17T10:06:24.329+0800][3.979s][info][gc,heap     ] GC(115) Survivor regions: 3->3(3)
[2026-06-17T10:06:24.329+0800][3.980s][info][gc,heap     ] GC(115) Old regions: 22->24
[2026-06-17T10:06:24.329+0800][3.980s][info][gc,heap     ] GC(115) Humongous regions: 9->9
[2026-06-17T10:06:24.329+0800][3.980s][info][gc,metaspace] GC(115) Metaspace: 114K(320K)->114K(320K) NonClass: 107K(192K)->107K(192K) Class: 7K(128K)->7K(128K)
[2026-06-17T10:06:24.329+0800][3.980s][info][gc          ] GC(115) Pause Young (Mixed) (G1 Evacuation Pause) 49M->35M(64M) 3.084ms
[2026-06-17T10:06:24.329+0800][3.980s][info][gc,cpu      ] GC(115) User=0.00s Sys=0.00s Real=0.00s
[2026-06-17T10:06:24.372+0800][4.022s][info][gc,start    ] GC(116) Pause Young (Concurrent Start) (G1 Evacuation Pause)
[2026-06-17T10:06:24.372+0800][4.023s][info][gc,task     ] GC(116) Using 2 workers of 18 for evacuation
[2026-06-17T10:06:24.374+0800][4.024s][info][gc,phases   ] GC(116)   Pre Evacuate Collection Set: 0.30ms
[2026-06-17T10:06:24.374+0800][4.025s][info][gc,phases   ] GC(116)   Merge Heap Roots: 0.07ms
[2026-06-17T10:06:24.374+0800][4.025s][info][gc,phases   ] GC(116)   Evacuate Collection Set: 0.54ms
[2026-06-17T10:06:24.374+0800][4.025s][info][gc,phases   ] GC(116)   Post Evacuate Collection Set: 0.28ms
[2026-06-17T10:06:24.375+0800][4.025s][info][gc,phases   ] GC(116)   Other: 0.42ms
[2026-06-17T10:06:24.375+0800][4.026s][info][gc,heap     ] GC(116) Eden regions: 15->0(14)
[2026-06-17T10:06:24.375+0800][4.026s][info][gc,heap     ] GC(116) Survivor regions: 3->3(3)
[2026-06-17T10:06:24.376+0800][4.026s][info][gc,heap     ] GC(116) Old regions: 24->26
[2026-06-17T10:06:24.376+0800][4.027s][info][gc,heap     ] GC(116) Humongous regions: 9->9
[2026-06-17T10:06:24.376+0800][4.027s][info][gc,metaspace] GC(116) Metaspace: 114K(320K)->114K(320K) NonClass: 107K(192K)->107K(192K) Class: 7K(128K)->7K(128K)
[2026-06-17T10:06:24.376+0800][4.027s][info][gc          ] GC(116) Pause Young (Concurrent Start) (G1 Evacuation Pause) 50M->37M(64M) 4.834ms
[2026-06-17T10:06:24.377+0800][4.027s][info][gc,cpu      ] GC(116) User=0.00s Sys=0.00s Real=0.00s
[2026-06-17T10:06:24.377+0800][4.027s][info][gc          ] GC(117) Concurrent Mark Cycle
[2026-06-17T10:06:24.377+0800][4.028s][info][gc,marking  ] GC(117) Concurrent Scan Root Regions
[2026-06-17T10:06:24.377+0800][4.028s][info][gc,marking  ] GC(117) Concurrent Scan Root Regions 0.282ms
[2026-06-17T10:06:24.378+0800][4.028s][info][gc,marking  ] GC(117) Concurrent Mark
[2026-06-17T10:06:24.378+0800][4.028s][info][gc,marking  ] GC(117) Concurrent Mark From Roots
[2026-06-17T10:06:24.378+0800][4.028s][info][gc,task     ] GC(117) Using 5 workers of 5 for marking
[2026-06-17T10:06:24.379+0800][4.030s][info][gc,marking  ] GC(117) Concurrent Mark From Roots 1.557ms
[2026-06-17T10:06:24.379+0800][4.030s][info][gc,marking  ] GC(117) Concurrent Preclean
[2026-06-17T10:06:24.380+0800][4.030s][info][gc,marking  ] GC(117) Concurrent Preclean 0.173ms
[2026-06-17T10:06:24.380+0800][4.030s][info][gc,start    ] GC(117) Pause Remark
[2026-06-17T10:06:24.380+0800][4.031s][info][gc          ] GC(117) Pause Remark 41M->33M(64M) 0.482ms
[2026-06-17T10:06:24.381+0800][4.031s][info][gc,cpu      ] GC(117) User=0.00s Sys=0.00s Real=0.00s
[2026-06-17T10:06:24.381+0800][4.031s][info][gc,marking  ] GC(117) Concurrent Mark 3.058ms
[2026-06-17T10:06:24.381+0800][4.031s][info][gc,marking  ] GC(117) Concurrent Rebuild Remembered Sets and Scrub Regions
[2026-06-17T10:06:24.381+0800][4.032s][info][gc,marking  ] GC(117) Concurrent Rebuild Remembered Sets and Scrub Regions 0.591ms
[2026-06-17T10:06:24.382+0800][4.032s][info][gc,start    ] GC(117) Pause Cleanup
[2026-06-17T10:06:24.382+0800][4.032s][info][gc          ] GC(117) Pause Cleanup 33M->33M(64M) 0.144ms
[2026-06-17T10:06:24.382+0800][4.032s][info][gc,cpu      ] GC(117) User=0.00s Sys=0.00s Real=0.00s
[2026-06-17T10:06:24.382+0800][4.033s][info][gc,marking  ] GC(117) Concurrent Clear Claimed Marks
[2026-06-17T10:06:24.382+0800][4.033s][info][gc,marking  ] GC(117) Concurrent Clear Claimed Marks 0.071ms
[2026-06-17T10:06:24.382+0800][4.033s][info][gc,marking  ] GC(117) Concurrent Cleanup for Next Mark
[2026-06-17T10:06:24.382+0800][4.033s][info][gc,marking  ] GC(117) Concurrent Cleanup for Next Mark 0.182ms
[2026-06-17T10:06:24.382+0800][4.033s][info][gc          ] GC(117) Concurrent Mark Cycle 5.666ms
[2026-06-17T10:06:24.409+0800][4.059s][info][gc,start    ] GC(118) Pause Young (Prepare Mixed) (G1 Evacuation Pause)
[2026-06-17T10:06:24.409+0800][4.060s][info][gc,task     ] GC(118) Using 2 workers of 18 for evacuation
[2026-06-17T10:06:24.411+0800][4.061s][info][gc,phases   ] GC(118)   Pre Evacuate Collection Set: 0.21ms
[2026-06-17T10:06:24.411+0800][4.062s][info][gc,phases   ] GC(118)   Merge Heap Roots: 0.09ms
[2026-06-17T10:06:24.412+0800][4.062s][info][gc,phases   ] GC(118)   Evacuate Collection Set: 0.44ms
[2026-06-17T10:06:24.413+0800][4.063s][info][gc,phases   ] GC(118)   Post Evacuate Collection Set: 0.46ms
[2026-06-17T10:06:24.413+0800][4.064s][info][gc,phases   ] GC(118)   Other: 0.41ms
[2026-06-17T10:06:24.413+0800][4.064s][info][gc,heap     ] GC(118) Eden regions: 14->0(18)
[2026-06-17T10:06:24.414+0800][4.064s][info][gc,heap     ] GC(118) Survivor regions: 3->3(3)
[2026-06-17T10:06:24.414+0800][4.064s][info][gc,heap     ] GC(118) Old regions: 18->20
[2026-06-17T10:06:24.414+0800][4.064s][info][gc,heap     ] GC(118) Humongous regions: 11->11
[2026-06-17T10:06:24.414+0800][4.065s][info][gc,metaspace] GC(118) Metaspace: 114K(320K)->114K(320K) NonClass: 107K(192K)->107K(192K) Class: 7K(128K)->7K(128K)
[2026-06-17T10:06:24.414+0800][4.065s][info][gc          ] GC(118) Pause Young (Prepare Mixed) (G1 Evacuation Pause) 45M->32M(64M) 5.548ms
[2026-06-17T10:06:24.415+0800][4.065s][info][gc,cpu      ] GC(118) User=0.00s Sys=0.00s Real=0.01s
[2026-06-17T10:06:24.468+0800][4.119s][info][gc,start    ] GC(119) Pause Young (Mixed) (G1 Evacuation Pause)
[2026-06-17T10:06:24.469+0800][4.119s][info][gc,task     ] GC(119) Using 2 workers of 18 for evacuation
[2026-06-17T10:06:24.471+0800][4.122s][info][gc,phases   ] GC(119)   Pre Evacuate Collection Set: 0.26ms
[2026-06-17T10:06:24.472+0800][4.122s][info][gc,phases   ] GC(119)   Merge Heap Roots: 0.13ms
[2026-06-17T10:06:24.472+0800][4.123s][info][gc,phases   ] GC(119)   Evacuate Collection Set: 1.07ms
[2026-06-17T10:06:24.473+0800][4.123s][info][gc,phases   ] GC(119)   Post Evacuate Collection Set: 0.42ms
[2026-06-17T10:06:24.473+0800][4.124s][info][gc,phases   ] GC(119)   Other: 0.58ms
[2026-06-17T10:06:24.473+0800][4.124s][info][gc,heap     ] GC(119) Eden regions: 18->0(16)
[2026-06-17T10:06:24.474+0800][4.124s][info][gc,heap     ] GC(119) Survivor regions: 3->3(3)
[2026-06-17T10:06:24.474+0800][4.124s][info][gc,heap     ] GC(119) Old regions: 20->21
[2026-06-17T10:06:24.474+0800][4.125s][info][gc,heap     ] GC(119) Humongous regions: 11->11
[2026-06-17T10:06:24.474+0800][4.125s][info][gc,metaspace] GC(119) Metaspace: 114K(320K)->114K(320K) NonClass: 107K(192K)->107K(192K) Class: 7K(128K)->7K(128K)
[2026-06-17T10:06:24.475+0800][4.125s][info][gc          ] GC(119) Pause Young (Mixed) (G1 Evacuation Pause) 50M->34M(64M) 6.668ms
[2026-06-17T10:06:24.475+0800][4.125s][info][gc,cpu      ] GC(119) User=0.00s Sys=0.00s Real=0.01s
[2026-06-17T10:06:24.518+0800][4.169s][info][gc,start    ] GC(120) Pause Young (Concurrent Start) (G1 Evacuation Pause)
[2026-06-17T10:06:24.519+0800][4.169s][info][gc,task     ] GC(120) Using 2 workers of 18 for evacuation
[2026-06-17T10:06:24.521+0800][4.171s][info][gc,phases   ] GC(120)   Pre Evacuate Collection Set: 0.34ms
[2026-06-17T10:06:24.521+0800][4.172s][info][gc,phases   ] GC(120)   Merge Heap Roots: 0.10ms
[2026-06-17T10:06:24.522+0800][4.172s][info][gc,phases   ] GC(120)   Evacuate Collection Set: 0.68ms
[2026-06-17T10:06:24.522+0800][4.172s][info][gc,phases   ] GC(120)   Post Evacuate Collection Set: 0.35ms
[2026-06-17T10:06:24.522+0800][4.173s][info][gc,phases   ] GC(120)   Other: 0.40ms
[2026-06-17T10:06:24.522+0800][4.173s][info][gc,heap     ] GC(120) Eden regions: 16->0(15)
[2026-06-17T10:06:24.523+0800][4.173s][info][gc,heap     ] GC(120) Survivor regions: 3->3(3)
[2026-06-17T10:06:24.523+0800][4.173s][info][gc,heap     ] GC(120) Old regions: 21->23
[2026-06-17T10:06:24.523+0800][4.174s][info][gc,heap     ] GC(120) Humongous regions: 11->11
[2026-06-17T10:06:24.523+0800][4.174s][info][gc,metaspace] GC(120) Metaspace: 114K(320K)->114K(320K) NonClass: 107K(192K)->107K(192K) Class: 7K(128K)->7K(128K)
[2026-06-17T10:06:24.524+0800][4.174s][info][gc          ] GC(120) Pause Young (Concurrent Start) (G1 Evacuation Pause) 50M->36M(64M) 5.343ms
[2026-06-17T10:06:24.524+0800][4.174s][info][gc,cpu      ] GC(120) User=0.00s Sys=0.00s Real=0.01s
[2026-06-17T10:06:24.524+0800][4.174s][info][gc          ] GC(121) Concurrent Mark Cycle
[2026-06-17T10:06:24.524+0800][4.175s][info][gc,marking  ] GC(121) Concurrent Scan Root Regions
[2026-06-17T10:06:24.525+0800][4.175s][info][gc,marking  ] GC(121) Concurrent Scan Root Regions 0.285ms
[2026-06-17T10:06:24.525+0800][4.175s][info][gc,marking  ] GC(121) Concurrent Mark
[2026-06-17T10:06:24.525+0800][4.176s][info][gc,marking  ] GC(121) Concurrent Mark From Roots
[2026-06-17T10:06:24.525+0800][4.176s][info][gc,task     ] GC(121) Using 5 workers of 5 for marking
[2026-06-17T10:06:24.527+0800][4.178s][info][gc,marking  ] GC(121) Concurrent Mark From Roots 1.867ms
[2026-06-17T10:06:24.527+0800][4.178s][info][gc,marking  ] GC(121) Concurrent Preclean
[2026-06-17T10:06:24.527+0800][4.178s][info][gc,marking  ] GC(121) Concurrent Preclean 0.191ms
[2026-06-17T10:06:24.528+0800][4.178s][info][gc,start    ] GC(121) Pause Remark
[2026-06-17T10:06:24.528+0800][4.179s][info][gc          ] GC(121) Pause Remark 40M->40M(64M) 0.541ms
[2026-06-17T10:06:24.528+0800][4.179s][info][gc,cpu      ] GC(121) User=0.00s Sys=0.00s Real=0.00s
[2026-06-17T10:06:24.529+0800][4.179s][info][gc,marking  ] GC(121) Concurrent Mark 3.675ms
[2026-06-17T10:06:24.529+0800][4.179s][info][gc,marking  ] GC(121) Concurrent Rebuild Remembered Sets and Scrub Regions
[2026-06-17T10:06:24.529+0800][4.180s][info][gc,marking  ] GC(121) Concurrent Rebuild Remembered Sets and Scrub Regions 0.599ms
[2026-06-17T10:06:24.530+0800][4.180s][info][gc,start    ] GC(121) Pause Cleanup
[2026-06-17T10:06:24.530+0800][4.180s][info][gc          ] GC(121) Pause Cleanup 40M->40M(64M) 0.131ms
[2026-06-17T10:06:24.530+0800][4.180s][info][gc,cpu      ] GC(121) User=0.00s Sys=0.00s Real=0.00s
[2026-06-17T10:06:24.530+0800][4.180s][info][gc,marking  ] GC(121) Concurrent Clear Claimed Marks
[2026-06-17T10:06:24.530+0800][4.181s][info][gc,marking  ] GC(121) Concurrent Clear Claimed Marks 0.085ms
[2026-06-17T10:06:24.530+0800][4.181s][info][gc,marking  ] GC(121) Concurrent Cleanup for Next Mark
[2026-06-17T10:06:24.530+0800][4.181s][info][gc,marking  ] GC(121) Concurrent Cleanup for Next Mark 0.203ms
[2026-06-17T10:06:24.530+0800][4.181s][info][gc          ] GC(121) Concurrent Mark Cycle 6.407ms
[2026-06-17T10:06:24.556+0800][4.207s][info][gc,start    ] GC(122) Pause Young (Prepare Mixed) (G1 Evacuation Pause)
[2026-06-17T10:06:24.556+0800][4.207s][info][gc,task     ] GC(122) Using 2 workers of 18 for evacuation
[2026-06-17T10:06:24.559+0800][4.209s][info][gc,phases   ] GC(122)   Pre Evacuate Collection Set: 0.13ms
[2026-06-17T10:06:24.559+0800][4.209s][info][gc,phases   ] GC(122)   Merge Heap Roots: 0.06ms
[2026-06-17T10:06:24.559+0800][4.210s][info][gc,phases   ] GC(122)   Evacuate Collection Set: 0.46ms
[2026-06-17T10:06:24.559+0800][4.210s][info][gc,phases   ] GC(122)   Post Evacuate Collection Set: 0.20ms
[2026-06-17T10:06:24.559+0800][4.210s][info][gc,phases   ] GC(122)   Other: 1.17ms
[2026-06-17T10:06:24.559+0800][4.210s][info][gc,heap     ] GC(122) Eden regions: 15->0(13)
[2026-06-17T10:06:24.559+0800][4.210s][info][gc,heap     ] GC(122) Survivor regions: 3->3(3)
[2026-06-17T10:06:24.560+0800][4.210s][info][gc,heap     ] GC(122) Old regions: 23->26
[2026-06-17T10:06:24.560+0800][4.210s][info][gc,heap     ] GC(122) Humongous regions: 11->11
[2026-06-17T10:06:24.560+0800][4.210s][info][gc,metaspace] GC(122) Metaspace: 114K(320K)->114K(320K) NonClass: 107K(192K)->107K(192K) Class: 7K(128K)->7K(128K)
[2026-06-17T10:06:24.560+0800][4.211s][info][gc          ] GC(122) Pause Young (Prepare Mixed) (G1 Evacuation Pause) 51M->39M(64M) 3.815ms
[2026-06-17T10:06:24.560+0800][4.211s][info][gc,cpu      ] GC(122) User=0.00s Sys=0.00s Real=0.00s
[2026-06-17T10:06:24.602+0800][4.253s][info][gc,start    ] GC(123) Pause Young (Mixed) (G1 Evacuation Pause)
[2026-06-17T10:06:24.649+0800][4.300s][info][gc,task     ] GC(123) Using 2 workers of 18 for evacuation
[2026-06-17T10:06:24.651+0800][4.301s][info][gc,phases   ] GC(123)   Pre Evacuate Collection Set: 0.18ms
[2026-06-17T10:06:24.654+0800][4.305s][info][gc,phases   ] GC(123)   Merge Heap Roots: 0.06ms
[2026-06-17T10:06:24.655+0800][4.305s][info][gc,phases   ] GC(123)   Evacuate Collection Set: 0.44ms
[2026-06-17T10:06:24.656+0800][4.307s][info][gc,phases   ] GC(123)   Post Evacuate Collection Set: 0.18ms
[2026-06-17T10:06:24.660+0800][4.311s][info][gc,phases   ] GC(123)   Other: 0.49ms
[2026-06-17T10:06:24.662+0800][4.313s][info][gc,heap     ] GC(123) Eden regions: 13->0(12)
[2026-06-17T10:06:24.665+0800][4.316s][info][gc,heap     ] GC(123) Survivor regions: 3->2(2)
[2026-06-17T10:06:24.670+0800][4.321s][info][gc,heap     ] GC(123) Old regions: 26->28
[2026-06-17T10:06:24.672+0800][4.323s][info][gc,heap     ] GC(123) Humongous regions: 13->13
[2026-06-17T10:06:24.674+0800][4.325s][info][gc,metaspace] GC(123) Metaspace: 114K(320K)->114K(320K) NonClass: 107K(192K)->107K(192K) Class: 7K(128K)->7K(128K)
[2026-06-17T10:06:24.676+0800][4.327s][info][gc          ] GC(123) Pause Young (Mixed) (G1 Evacuation Pause) 54M->42M(64M) 73.644ms
[2026-06-17T10:06:24.678+0800][4.329s][info][gc,cpu      ] GC(123) User=0.00s Sys=0.00s Real=0.07s
[2026-06-17T10:06:24.700+0800][4.351s][info][gc,start    ] GC(124) Pause Young (Concurrent Start) (G1 Evacuation Pause)
[2026-06-17T10:06:24.702+0800][4.353s][info][gc,task     ] GC(124) Using 2 workers of 18 for evacuation
[2026-06-17T10:06:24.704+0800][4.354s][info][gc,phases   ] GC(124)   Pre Evacuate Collection Set: 0.17ms
[2026-06-17T10:06:24.705+0800][4.355s][info][gc,phases   ] GC(124)   Merge Heap Roots: 0.03ms
[2026-06-17T10:06:24.706+0800][4.357s][info][gc,phases   ] GC(124)   Evacuate Collection Set: 0.26ms
[2026-06-17T10:06:24.709+0800][4.360s][info][gc,phases   ] GC(124)   Post Evacuate Collection Set: 0.15ms
[2026-06-17T10:06:24.710+0800][4.361s][info][gc,phases   ] GC(124)   Other: 0.92ms
[2026-06-17T10:06:24.711+0800][4.361s][info][gc,heap     ] GC(124) Eden regions: 12->0(11)
[2026-06-17T10:06:24.714+0800][4.364s][info][gc,heap     ] GC(124) Survivor regions: 2->2(2)
[2026-06-17T10:06:24.714+0800][4.365s][info][gc,heap     ] GC(124) Old regions: 28->30
[2026-06-17T10:06:24.715+0800][4.365s][info][gc,heap     ] GC(124) Humongous regions: 13->13
[2026-06-17T10:06:24.716+0800][4.367s][info][gc,metaspace] GC(124) Metaspace: 114K(320K)->114K(320K) NonClass: 107K(192K)->107K(192K) Class: 7K(128K)->7K(128K)
[2026-06-17T10:06:24.718+0800][4.369s][info][gc          ] GC(124) Pause Young (Concurrent Start) (G1 Evacuation Pause) 54M->44M(64M) 17.633ms
[2026-06-17T10:06:24.719+0800][4.370s][info][gc,cpu      ] GC(124) User=0.00s Sys=0.00s Real=0.02s
[2026-06-17T10:06:24.719+0800][4.370s][info][gc          ] GC(125) Concurrent Mark Cycle
[2026-06-17T10:06:24.722+0800][4.373s][info][gc,marking  ] GC(125) Concurrent Scan Root Regions
[2026-06-17T10:06:24.723+0800][4.373s][info][gc,marking  ] GC(125) Concurrent Scan Root Regions 0.595ms
[2026-06-17T10:06:24.724+0800][4.375s][info][gc,marking  ] GC(125) Concurrent Mark
[2026-06-17T10:06:24.725+0800][4.375s][info][gc,marking  ] GC(125) Concurrent Mark From Roots
[2026-06-17T10:06:24.725+0800][4.376s][info][gc,task     ] GC(125) Using 5 workers of 5 for marking
[2026-06-17T10:06:24.728+0800][4.379s][info][gc,marking  ] GC(125) Concurrent Mark From Roots 3.420ms
[2026-06-17T10:06:24.730+0800][4.380s][info][gc,marking  ] GC(125) Concurrent Preclean
[2026-06-17T10:06:24.731+0800][4.382s][info][gc,marking  ] GC(125) Concurrent Preclean 1.157ms
[2026-06-17T10:06:24.738+0800][4.389s][info][gc,start    ] GC(125) Pause Remark
[2026-06-17T10:06:24.740+0800][4.391s][info][gc          ] GC(125) Pause Remark 47M->40M(64M) 1.817ms
[2026-06-17T10:06:24.742+0800][4.393s][info][gc,cpu      ] GC(125) User=0.00s Sys=0.00s Real=0.00s
[2026-06-17T10:06:24.751+0800][4.401s][info][gc,marking  ] GC(125) Concurrent Mark 26.550ms
[2026-06-17T10:06:24.752+0800][4.403s][info][gc,marking  ] GC(125) Concurrent Rebuild Remembered Sets and Scrub Regions
[2026-06-17T10:06:24.754+0800][4.405s][info][gc,marking  ] GC(125) Concurrent Rebuild Remembered Sets and Scrub Regions 1.945ms
[2026-06-17T10:06:24.754+0800][4.405s][info][gc,start    ] GC(125) Pause Cleanup
[2026-06-17T10:06:24.760+0800][4.411s][info][gc          ] GC(125) Pause Cleanup 44M->44M(64M) 6.061ms
[2026-06-17T10:06:24.764+0800][4.415s][info][gc,cpu      ] GC(125) User=0.00s Sys=0.00s Real=0.01s
[2026-06-17T10:06:24.765+0800][4.416s][info][gc,marking  ] GC(125) Concurrent Clear Claimed Marks
[2026-06-17T10:06:24.766+0800][4.417s][info][gc,marking  ] GC(125) Concurrent Clear Claimed Marks 0.883ms
[2026-06-17T10:06:24.767+0800][4.418s][info][gc,marking  ] GC(125) Concurrent Cleanup for Next Mark
[2026-06-17T10:06:24.766+0800][4.416s][info][gc,start    ] GC(126) Pause Young (Prepare Mixed) (G1 Evacuation Pause)
[2026-06-17T10:06:24.771+0800][4.421s][info][gc,task     ] GC(126) Using 2 workers of 18 for evacuation
[2026-06-17T10:06:24.772+0800][4.423s][info][gc,phases   ] GC(126)   Pre Evacuate Collection Set: 0.19ms
[2026-06-17T10:06:24.773+0800][4.423s][info][gc,phases   ] GC(126)   Merge Heap Roots: 0.07ms
[2026-06-17T10:06:24.773+0800][4.424s][info][gc,phases   ] GC(126)   Evacuate Collection Set: 0.32ms
[2026-06-17T10:06:24.774+0800][4.424s][info][gc,phases   ] GC(126)   Post Evacuate Collection Set: 0.44ms
[2026-06-17T10:06:24.774+0800][4.425s][info][gc,phases   ] GC(126)   Other: 0.51ms
[2026-06-17T10:06:24.775+0800][4.425s][info][gc,heap     ] GC(126) Eden regions: 11->0(15)
[2026-06-17T10:06:24.776+0800][4.427s][info][gc,heap     ] GC(126) Survivor regions: 2->1(2)
[2026-06-17T10:06:24.779+0800][4.429s][info][gc,heap     ] GC(126) Old regions: 23->25
[2026-06-17T10:06:24.779+0800][4.430s][info][gc,heap     ] GC(126) Humongous regions: 13->13
[2026-06-17T10:06:24.780+0800][4.431s][info][gc,metaspace] GC(126) Metaspace: 114K(320K)->114K(320K) NonClass: 107K(192K)->107K(192K) Class: 7K(128K)->7K(128K)
[2026-06-17T10:06:24.781+0800][4.432s][info][gc          ] GC(126) Pause Young (Prepare Mixed) (G1 Evacuation Pause) 48M->37M(64M) 15.387ms
[2026-06-17T10:06:24.782+0800][4.432s][info][gc,cpu      ] GC(126) User=0.00s Sys=0.00s Real=0.01s
[2026-06-17T10:06:24.784+0800][4.434s][info][gc,marking  ] GC(125) Concurrent Cleanup for Next Mark 16.384ms
[2026-06-17T10:06:24.784+0800][4.435s][info][gc          ] GC(125) Concurrent Mark Cycle 65.001ms
[2026-06-17T10:06:24.826+0800][4.477s][info][gc,start    ] GC(127) Pause Young (Mixed) (G1 Evacuation Pause)
[2026-06-17T10:06:24.827+0800][4.477s][info][gc,task     ] GC(127) Using 2 workers of 18 for evacuation
[2026-06-17T10:06:24.829+0800][4.480s][info][gc,phases   ] GC(127)   Pre Evacuate Collection Set: 0.32ms
[2026-06-17T10:06:24.830+0800][4.480s][info][gc,phases   ] GC(127)   Merge Heap Roots: 0.12ms
[2026-06-17T10:06:24.830+0800][4.480s][info][gc,phases   ] GC(127)   Evacuate Collection Set: 0.89ms
[2026-06-17T10:06:24.830+0800][4.481s][info][gc,phases   ] GC(127)   Post Evacuate Collection Set: 0.44ms
[2026-06-17T10:06:24.830+0800][4.481s][info][gc,phases   ] GC(127)   Other: 0.58ms
[2026-06-17T10:06:24.831+0800][4.481s][info][gc,heap     ] GC(127) Eden regions: 15->0(14)
[2026-06-17T10:06:24.831+0800][4.481s][info][gc,heap     ] GC(127) Survivor regions: 1->2(2)
[2026-06-17T10:06:24.831+0800][4.482s][info][gc,heap     ] GC(127) Old regions: 25->24
[2026-06-17T10:06:24.831+0800][4.482s][info][gc,heap     ] GC(127) Humongous regions: 13->13
[2026-06-17T10:06:24.832+0800][4.482s][info][gc,metaspace] GC(127) Metaspace: 114K(320K)->114K(320K) NonClass: 107K(192K)->107K(192K) Class: 7K(128K)->7K(128K)
[2026-06-17T10:06:24.832+0800][4.483s][info][gc          ] GC(127) Pause Young (Mixed) (G1 Evacuation Pause) 52M->38M(64M) 6.077ms
[2026-06-17T10:06:24.833+0800][4.483s][info][gc,cpu      ] GC(127) User=0.00s Sys=0.00s Real=0.01s
[2026-06-17T10:06:24.865+0800][4.516s][info][gc,start    ] GC(128) Pause Young (Concurrent Start) (G1 Evacuation Pause)
[2026-06-17T10:06:24.866+0800][4.516s][info][gc,task     ] GC(128) Using 2 workers of 18 for evacuation
[2026-06-17T10:06:24.868+0800][4.519s][info][gc,phases   ] GC(128)   Pre Evacuate Collection Set: 0.47ms
[2026-06-17T10:06:24.869+0800][4.519s][info][gc,phases   ] GC(128)   Merge Heap Roots: 0.12ms
[2026-06-17T10:06:24.869+0800][4.520s][info][gc,phases   ] GC(128)   Evacuate Collection Set: 0.83ms
[2026-06-17T10:06:24.870+0800][4.520s][info][gc,phases   ] GC(128)   Post Evacuate Collection Set: 0.39ms
[2026-06-17T10:06:24.870+0800][4.520s][info][gc,phases   ] GC(128)   Other: 0.74ms
[2026-06-17T10:06:24.870+0800][4.520s][info][gc,heap     ] GC(128) Eden regions: 14->0(10)
[2026-06-17T10:06:24.870+0800][4.521s][info][gc,heap     ] GC(128) Survivor regions: 2->2(2)
[2026-06-17T10:06:24.870+0800][4.521s][info][gc,heap     ] GC(128) Old regions: 24->29
[2026-06-17T10:06:24.870+0800][4.521s][info][gc,heap     ] GC(128) Humongous regions: 13->13
[2026-06-17T10:06:24.871+0800][4.521s][info][gc,metaspace] GC(128) Metaspace: 114K(320K)->114K(320K) NonClass: 107K(192K)->107K(192K) Class: 7K(128K)->7K(128K)
[2026-06-17T10:06:24.871+0800][4.521s][info][gc          ] GC(128) Pause Young (Concurrent Start) (G1 Evacuation Pause) 52M->43M(64M) 5.558ms
[2026-06-17T10:06:24.871+0800][4.522s][info][gc,cpu      ] GC(128) User=0.00s Sys=0.00s Real=0.01s
[2026-06-17T10:06:24.871+0800][4.522s][info][gc          ] GC(129) Concurrent Mark Cycle
[2026-06-17T10:06:24.872+0800][4.522s][info][gc,marking  ] GC(129) Concurrent Scan Root Regions
[2026-06-17T10:06:24.872+0800][4.523s][info][gc,marking  ] GC(129) Concurrent Scan Root Regions 0.400ms
[2026-06-17T10:06:24.872+0800][4.523s][info][gc,marking  ] GC(129) Concurrent Mark
[2026-06-17T10:06:24.872+0800][4.523s][info][gc,marking  ] GC(129) Concurrent Mark From Roots
[2026-06-17T10:06:24.873+0800][4.523s][info][gc,task     ] GC(129) Using 5 workers of 5 for marking
[2026-06-17T10:06:24.874+0800][4.525s][info][gc,marking  ] GC(129) Concurrent Mark From Roots 1.978ms
[2026-06-17T10:06:24.875+0800][4.525s][info][gc,marking  ] GC(129) Concurrent Preclean
[2026-06-17T10:06:24.875+0800][4.525s][info][gc,marking  ] GC(129) Concurrent Preclean 0.193ms
[2026-06-17T10:06:24.875+0800][4.526s][info][gc,start    ] GC(129) Pause Remark
[2026-06-17T10:06:24.876+0800][4.526s][info][gc          ] GC(129) Pause Remark 43M->35M(64M) 0.574ms
[2026-06-17T10:06:24.876+0800][4.526s][info][gc,cpu      ] GC(129) User=0.00s Sys=0.00s Real=0.00s
[2026-06-17T10:06:24.876+0800][4.526s][info][gc,marking  ] GC(129) Concurrent Mark 3.638ms
[2026-06-17T10:06:24.876+0800][4.527s][info][gc,marking  ] GC(129) Concurrent Rebuild Remembered Sets and Scrub Regions
[2026-06-17T10:06:24.877+0800][4.527s][info][gc,marking  ] GC(129) Concurrent Rebuild Remembered Sets and Scrub Regions 0.596ms
[2026-06-17T10:06:24.877+0800][4.527s][info][gc,start    ] GC(129) Pause Cleanup
[2026-06-17T10:06:24.877+0800][4.527s][info][gc          ] GC(129) Pause Cleanup 35M->35M(64M) 0.112ms
[2026-06-17T10:06:24.877+0800][4.528s][info][gc,cpu      ] GC(129) User=0.00s Sys=0.00s Real=0.00s
[2026-06-17T10:06:24.877+0800][4.528s][info][gc,marking  ] GC(129) Concurrent Clear Claimed Marks
[2026-06-17T10:06:24.877+0800][4.528s][info][gc,marking  ] GC(129) Concurrent Clear Claimed Marks 0.112ms
[2026-06-17T10:06:24.877+0800][4.528s][info][gc,marking  ] GC(129) Concurrent Cleanup for Next Mark
[2026-06-17T10:06:24.878+0800][4.528s][info][gc,marking  ] GC(129) Concurrent Cleanup for Next Mark 0.192ms
[2026-06-17T10:06:24.878+0800][4.528s][info][gc          ] GC(129) Concurrent Mark Cycle 6.646ms
[2026-06-17T10:06:24.903+0800][4.553s][info][gc,start    ] GC(130) Pause Young (Prepare Mixed) (G1 Evacuation Pause)
[2026-06-17T10:06:24.903+0800][4.554s][info][gc,task     ] GC(130) Using 2 workers of 18 for evacuation
[2026-06-17T10:06:24.905+0800][4.555s][info][gc,phases   ] GC(130)   Pre Evacuate Collection Set: 0.18ms
[2026-06-17T10:06:24.905+0800][4.556s][info][gc,phases   ] GC(130)   Merge Heap Roots: 0.08ms
[2026-06-17T10:06:24.905+0800][4.556s][info][gc,phases   ] GC(130)   Evacuate Collection Set: 0.48ms
[2026-06-17T10:06:24.906+0800][4.556s][info][gc,phases   ] GC(130)   Post Evacuate Collection Set: 0.33ms
[2026-06-17T10:06:24.906+0800][4.556s][info][gc,phases   ] GC(130)   Other: 0.52ms
[2026-06-17T10:06:24.906+0800][4.557s][info][gc,heap     ] GC(130) Eden regions: 10->0(14)
[2026-06-17T10:06:24.906+0800][4.557s][info][gc,heap     ] GC(130) Survivor regions: 2->2(2)
[2026-06-17T10:06:24.906+0800][4.557s][info][gc,heap     ] GC(130) Old regions: 21->23
[2026-06-17T10:06:24.907+0800][4.557s][info][gc,heap     ] GC(130) Humongous regions: 13->13
[2026-06-17T10:06:24.907+0800][4.557s][info][gc,metaspace] GC(130) Metaspace: 114K(320K)->114K(320K) NonClass: 107K(192K)->107K(192K) Class: 7K(128K)->7K(128K)
[2026-06-17T10:06:24.907+0800][4.558s][info][gc          ] GC(130) Pause Young (Prepare Mixed) (G1 Evacuation Pause) 45M->37M(64M) 4.317ms
[2026-06-17T10:06:24.907+0800][4.558s][info][gc,cpu      ] GC(130) User=0.00s Sys=0.01s Real=0.00s
[2026-06-17T10:06:24.941+0800][4.591s][info][gc,start    ] GC(131) Pause Young (Mixed) (G1 Evacuation Pause)
[2026-06-17T10:06:24.942+0800][4.592s][info][gc,task     ] GC(131) Using 2 workers of 18 for evacuation
[2026-06-17T10:06:24.945+0800][4.595s][info][gc,phases   ] GC(131)   Pre Evacuate Collection Set: 0.45ms
[2026-06-17T10:06:24.945+0800][4.596s][info][gc,phases   ] GC(131)   Merge Heap Roots: 0.18ms
[2026-06-17T10:06:24.946+0800][4.596s][info][gc,phases   ] GC(131)   Evacuate Collection Set: 0.90ms
[2026-06-17T10:06:24.946+0800][4.597s][info][gc,phases   ] GC(131)   Post Evacuate Collection Set: 0.68ms
[2026-06-17T10:06:24.947+0800][4.598s][info][gc,phases   ] GC(131)   Other: 0.80ms
[2026-06-17T10:06:24.947+0800][4.598s][info][gc,heap     ] GC(131) Eden regions: 14->0(10)
[2026-06-17T10:06:24.948+0800][4.599s][info][gc,heap     ] GC(131) Survivor regions: 2->2(2)
[2026-06-17T10:06:24.949+0800][4.599s][info][gc,heap     ] GC(131) Old regions: 23->26
[2026-06-17T10:06:24.949+0800][4.600s][info][gc,heap     ] GC(131) Humongous regions: 15->15
[2026-06-17T10:06:24.950+0800][4.600s][info][gc,metaspace] GC(131) Metaspace: 114K(320K)->114K(320K) NonClass: 107K(192K)->107K(192K) Class: 7K(128K)->7K(128K)
[2026-06-17T10:06:24.950+0800][4.601s][info][gc          ] GC(131) Pause Young (Mixed) (G1 Evacuation Pause) 53M->42M(64M) 9.747ms
[2026-06-17T10:06:24.951+0800][4.602s][info][gc,cpu      ] GC(131) User=0.00s Sys=0.00s Real=0.02s
[2026-06-17T10:06:24.985+0800][4.635s][info][gc,start    ] GC(132) Pause Young (Concurrent Start) (G1 Evacuation Pause)
[2026-06-17T10:06:24.986+0800][4.636s][info][gc,task     ] GC(132) Using 2 workers of 18 for evacuation
[2026-06-17T10:06:24.990+0800][4.640s][info][gc,phases   ] GC(132)   Pre Evacuate Collection Set: 0.95ms
[2026-06-17T10:06:24.990+0800][4.641s][info][gc,phases   ] GC(132)   Merge Heap Roots: 0.11ms
[2026-06-17T10:06:24.991+0800][4.641s][info][gc,phases   ] GC(132)   Evacuate Collection Set: 0.94ms
[2026-06-17T10:06:24.991+0800][4.642s][info][gc,phases   ] GC(132)   Post Evacuate Collection Set: 1.00ms
[2026-06-17T10:06:24.992+0800][4.643s][info][gc,phases   ] GC(132)   Other: 0.95ms
[2026-06-17T10:06:24.993+0800][4.643s][info][gc,heap     ] GC(132) Eden regions: 10->0(8)
[2026-06-17T10:06:24.993+0800][4.644s][info][gc,heap     ] GC(132) Survivor regions: 2->2(2)
[2026-06-17T10:06:24.994+0800][4.644s][info][gc,heap     ] GC(132) Old regions: 26->29
[2026-06-17T10:06:24.994+0800][4.645s][info][gc,heap     ] GC(132) Humongous regions: 15->15
[2026-06-17T10:06:24.995+0800][4.645s][info][gc,metaspace] GC(132) Metaspace: 114K(320K)->114K(320K) NonClass: 107K(192K)->107K(192K) Class: 7K(128K)->7K(128K)
[2026-06-17T10:06:24.995+0800][4.646s][info][gc          ] GC(132) Pause Young (Concurrent Start) (G1 Evacuation Pause) 52M->45M(64M) 10.567ms
[2026-06-17T10:06:24.995+0800][4.646s][info][gc,cpu      ] GC(132) User=0.00s Sys=0.01s Real=0.01s
[2026-06-17T10:06:24.995+0800][4.646s][info][gc          ] GC(133) Concurrent Mark Cycle
[2026-06-17T10:06:24.996+0800][4.647s][info][gc,marking  ] GC(133) Concurrent Scan Root Regions
[2026-06-17T10:06:24.996+0800][4.647s][info][gc,marking  ] GC(133) Concurrent Scan Root Regions 0.509ms
[2026-06-17T10:06:24.997+0800][4.647s][info][gc,marking  ] GC(133) Concurrent Mark
[2026-06-17T10:06:24.997+0800][4.647s][info][gc,marking  ] GC(133) Concurrent Mark From Roots
[2026-06-17T10:06:24.997+0800][4.648s][info][gc,task     ] GC(133) Using 5 workers of 5 for marking
[2026-06-17T10:06:24.999+0800][4.650s][info][gc,marking  ] GC(133) Concurrent Mark From Roots 2.081ms
[2026-06-17T10:06:24.999+0800][4.650s][info][gc,marking  ] GC(133) Concurrent Preclean
[2026-06-17T10:06:25.000+0800][4.650s][info][gc,marking  ] GC(133) Concurrent Preclean 0.247ms
[2026-06-17T10:06:25.000+0800][4.650s][info][gc,start    ] GC(133) Pause Remark
[2026-06-17T10:06:25.001+0800][4.651s][info][gc          ] GC(133) Pause Remark 47M->47M(64M) 0.692ms
[2026-06-17T10:06:25.001+0800][4.651s][info][gc,cpu      ] GC(133) User=0.00s Sys=0.00s Real=0.00s
[2026-06-17T10:06:25.001+0800][4.652s][info][gc,marking  ] GC(133) Concurrent Mark 4.304ms
[2026-06-17T10:06:25.001+0800][4.652s][info][gc,marking  ] GC(133) Concurrent Rebuild Remembered Sets and Scrub Regions
[2026-06-17T10:06:25.002+0800][4.653s][info][gc,marking  ] GC(133) Concurrent Rebuild Remembered Sets and Scrub Regions 0.750ms
[2026-06-17T10:06:25.003+0800][4.653s][info][gc,start    ] GC(133) Pause Cleanup
[2026-06-17T10:06:25.003+0800][4.654s][info][gc          ] GC(133) Pause Cleanup 47M->47M(64M) 0.229ms
[2026-06-17T10:06:25.003+0800][4.654s][info][gc,cpu      ] GC(133) User=0.00s Sys=0.00s Real=0.00s
[2026-06-17T10:06:25.003+0800][4.654s][info][gc,marking  ] GC(133) Concurrent Clear Claimed Marks
[2026-06-17T10:06:25.004+0800][4.654s][info][gc,marking  ] GC(133) Concurrent Clear Claimed Marks 0.140ms
[2026-06-17T10:06:25.004+0800][4.654s][info][gc,marking  ] GC(133) Concurrent Cleanup for Next Mark
[2026-06-17T10:06:25.004+0800][4.655s][info][gc,marking  ] GC(133) Concurrent Cleanup for Next Mark 0.246ms
[2026-06-17T10:06:25.004+0800][4.655s][info][gc          ] GC(133) Concurrent Mark Cycle 8.699ms
[2026-06-17T10:06:25.017+0800][4.668s][info][gc,start    ] GC(134) Pause Young (Prepare Mixed) (G1 Evacuation Pause)
[2026-06-17T10:06:25.017+0800][4.668s][info][gc,task     ] GC(134) Using 2 workers of 18 for evacuation
[2026-06-17T10:06:25.019+0800][4.670s][info][gc,phases   ] GC(134)   Pre Evacuate Collection Set: 0.26ms
[2026-06-17T10:06:25.020+0800][4.670s][info][gc,phases   ] GC(134)   Merge Heap Roots: 0.13ms
[2026-06-17T10:06:25.020+0800][4.671s][info][gc,phases   ] GC(134)   Evacuate Collection Set: 0.40ms
[2026-06-17T10:06:25.020+0800][4.671s][info][gc,phases   ] GC(134)   Post Evacuate Collection Set: 0.45ms
[2026-06-17T10:06:25.020+0800][4.671s][info][gc,phases   ] GC(134)   Other: 0.73ms
[2026-06-17T10:06:25.021+0800][4.671s][info][gc,heap     ] GC(134) Eden regions: 8->0(8)
[2026-06-17T10:06:25.021+0800][4.671s][info][gc,heap     ] GC(134) Survivor regions: 2->2(2)
[2026-06-17T10:06:25.021+0800][4.672s][info][gc,heap     ] GC(134) Old regions: 29->30
[2026-06-17T10:06:25.021+0800][4.672s][info][gc,heap     ] GC(134) Humongous regions: 15->15
[2026-06-17T10:06:25.022+0800][4.672s][info][gc,metaspace] GC(134) Metaspace: 114K(320K)->114K(320K) NonClass: 107K(192K)->107K(192K) Class: 7K(128K)->7K(128K)
[2026-06-17T10:06:25.022+0800][4.672s][info][gc          ] GC(134) Pause Young (Prepare Mixed) (G1 Evacuation Pause) 53M->46M(64M) 4.754ms
[2026-06-17T10:06:25.022+0800][4.672s][info][gc,cpu      ] GC(134) User=0.00s Sys=0.01s Real=0.00s
[2026-06-17T10:06:25.044+0800][4.694s][info][gc,start    ] GC(135) Pause Young (Mixed) (G1 Evacuation Pause)
[2026-06-17T10:06:25.044+0800][4.695s][info][gc,task     ] GC(135) Using 2 workers of 18 for evacuation
[2026-06-17T10:06:25.046+0800][4.697s][info][gc,phases   ] GC(135)   Pre Evacuate Collection Set: 0.26ms
[2026-06-17T10:06:25.047+0800][4.697s][info][gc,phases   ] GC(135)   Merge Heap Roots: 0.11ms
[2026-06-17T10:06:25.047+0800][4.698s][info][gc,phases   ] GC(135)   Evacuate Collection Set: 0.86ms
[2026-06-17T10:06:25.047+0800][4.698s][info][gc,phases   ] GC(135)   Post Evacuate Collection Set: 0.44ms
[2026-06-17T10:06:25.047+0800][4.698s][info][gc,phases   ] GC(135)   Other: 0.46ms
[2026-06-17T10:06:25.048+0800][4.698s][info][gc,heap     ] GC(135) Eden regions: 8->0(10)
[2026-06-17T10:06:25.048+0800][4.699s][info][gc,heap     ] GC(135) Survivor regions: 2->2(2)
[2026-06-17T10:06:25.049+0800][4.699s][info][gc,heap     ] GC(135) Old regions: 30->27
[2026-06-17T10:06:25.049+0800][4.700s][info][gc,heap     ] GC(135) Humongous regions: 15->15
[2026-06-17T10:06:25.049+0800][4.700s][info][gc,metaspace] GC(135) Metaspace: 114K(320K)->114K(320K) NonClass: 107K(192K)->107K(192K) Class: 7K(128K)->7K(128K)
[2026-06-17T10:06:25.050+0800][4.700s][info][gc          ] GC(135) Pause Young (Mixed) (G1 Evacuation Pause) 54M->43M(64M) 6.177ms
[2026-06-17T10:06:25.050+0800][4.701s][info][gc,cpu      ] GC(135) User=0.00s Sys=0.00s Real=0.00s
[2026-06-17T10:06:25.072+0800][4.723s][info][gc,start    ] GC(136) Pause Young (Concurrent Start) (G1 Evacuation Pause)
[2026-06-17T10:06:25.073+0800][4.723s][info][gc,task     ] GC(136) Using 2 workers of 18 for evacuation
[2026-06-17T10:06:25.075+0800][4.726s][info][gc,phases   ] GC(136)   Pre Evacuate Collection Set: 0.49ms
[2026-06-17T10:06:25.076+0800][4.726s][info][gc,phases   ] GC(136)   Merge Heap Roots: 0.16ms
[2026-06-17T10:06:25.076+0800][4.727s][info][gc,phases   ] GC(136)   Evacuate Collection Set: 0.82ms
[2026-06-17T10:06:25.076+0800][4.727s][info][gc,phases   ] GC(136)   Post Evacuate Collection Set: 0.40ms
[2026-06-17T10:06:25.077+0800][4.727s][info][gc,phases   ] GC(136)   Other: 0.54ms
[2026-06-17T10:06:25.077+0800][4.727s][info][gc,heap     ] GC(136) Eden regions: 10->0(6)
[2026-06-17T10:06:25.077+0800][4.728s][info][gc,heap     ] GC(136) Survivor regions: 2->2(2)
[2026-06-17T10:06:25.077+0800][4.728s][info][gc,heap     ] GC(136) Old regions: 27->31
[2026-06-17T10:06:25.078+0800][4.728s][info][gc,heap     ] GC(136) Humongous regions: 15->15
[2026-06-17T10:06:25.079+0800][4.729s][info][gc,metaspace] GC(136) Metaspace: 114K(320K)->114K(320K) NonClass: 107K(192K)->107K(192K) Class: 7K(128K)->7K(128K)
[2026-06-17T10:06:25.079+0800][4.729s][info][gc          ] GC(136) Pause Young (Concurrent Start) (G1 Evacuation Pause) 53M->47M(64M) 6.791ms
[2026-06-17T10:06:25.079+0800][4.730s][info][gc,cpu      ] GC(136) User=0.00s Sys=0.00s Real=0.00s
[2026-06-17T10:06:25.079+0800][4.730s][info][gc          ] GC(137) Concurrent Mark Cycle
[2026-06-17T10:06:25.080+0800][4.730s][info][gc,marking  ] GC(137) Concurrent Scan Root Regions
[2026-06-17T10:06:25.080+0800][4.730s][info][gc,marking  ] GC(137) Concurrent Scan Root Regions 0.293ms
[2026-06-17T10:06:25.080+0800][4.731s][info][gc,marking  ] GC(137) Concurrent Mark
[2026-06-17T10:06:25.080+0800][4.731s][info][gc,marking  ] GC(137) Concurrent Mark From Roots
[2026-06-17T10:06:25.080+0800][4.731s][info][gc,task     ] GC(137) Using 5 workers of 5 for marking
[2026-06-17T10:06:25.082+0800][4.733s][info][gc,marking  ] GC(137) Concurrent Mark From Roots 1.842ms
[2026-06-17T10:06:25.083+0800][4.733s][info][gc,marking  ] GC(137) Concurrent Preclean
[2026-06-17T10:06:25.083+0800][4.733s][info][gc,marking  ] GC(137) Concurrent Preclean 0.225ms
[2026-06-17T10:06:25.083+0800][4.733s][info][gc,start    ] GC(137) Pause Remark
[2026-06-17T10:06:25.084+0800][4.734s][info][gc          ] GC(137) Pause Remark 47M->38M(64M) 0.565ms
[2026-06-17T10:06:25.084+0800][4.734s][info][gc,cpu      ] GC(137) User=0.00s Sys=0.00s Real=0.00s
[2026-06-17T10:06:25.084+0800][4.735s][info][gc,marking  ] GC(137) Concurrent Mark 4.080ms
[2026-06-17T10:06:25.084+0800][4.735s][info][gc,marking  ] GC(137) Concurrent Rebuild Remembered Sets and Scrub Regions
[2026-06-17T10:06:25.085+0800][4.735s][info][gc,marking  ] GC(137) Concurrent Rebuild Remembered Sets and Scrub Regions 0.589ms
[2026-06-17T10:06:25.085+0800][4.736s][info][gc,start    ] GC(137) Pause Cleanup
[2026-06-17T10:06:25.085+0800][4.736s][info][gc          ] GC(137) Pause Cleanup 38M->38M(64M) 0.113ms
[2026-06-17T10:06:25.085+0800][4.736s][info][gc,cpu      ] GC(137) User=0.00s Sys=0.00s Real=0.00s
[2026-06-17T10:06:25.085+0800][4.736s][info][gc,marking  ] GC(137) Concurrent Clear Claimed Marks
[2026-06-17T10:06:25.086+0800][4.736s][info][gc,marking  ] GC(137) Concurrent Clear Claimed Marks 0.102ms
[2026-06-17T10:06:25.086+0800][4.736s][info][gc,marking  ] GC(137) Concurrent Cleanup for Next Mark
[2026-06-17T10:06:25.086+0800][4.736s][info][gc,marking  ] GC(137) Concurrent Cleanup for Next Mark 0.277ms
[2026-06-17T10:06:25.086+0800][4.737s][info][gc          ] GC(137) Concurrent Mark Cycle 7.076ms
[2026-06-17T10:06:25.100+0800][4.751s][info][gc,start    ] GC(138) Pause Young (Prepare Mixed) (G1 Evacuation Pause)
[2026-06-17T10:06:25.101+0800][4.751s][info][gc,task     ] GC(138) Using 2 workers of 18 for evacuation
[2026-06-17T10:06:25.102+0800][4.753s][info][gc,phases   ] GC(138)   Pre Evacuate Collection Set: 0.19ms
[2026-06-17T10:06:25.103+0800][4.754s][info][gc,phases   ] GC(138)   Merge Heap Roots: 0.08ms
[2026-06-17T10:06:25.103+0800][4.754s][info][gc,phases   ] GC(138)   Evacuate Collection Set: 0.42ms
[2026-06-17T10:06:25.104+0800][4.754s][info][gc,phases   ] GC(138)   Post Evacuate Collection Set: 0.37ms
[2026-06-17T10:06:25.104+0800][4.754s][info][gc,phases   ] GC(138)   Other: 0.52ms
[2026-06-17T10:06:25.104+0800][4.755s][info][gc,heap     ] GC(138) Eden regions: 6->0(13)
[2026-06-17T10:06:25.104+0800][4.755s][info][gc,heap     ] GC(138) Survivor regions: 2->1(1)
[2026-06-17T10:06:25.104+0800][4.755s][info][gc,heap     ] GC(138) Old regions: 22->25
[2026-06-17T10:06:25.105+0800][4.755s][info][gc,heap     ] GC(138) Humongous regions: 15->15
[2026-06-17T10:06:25.105+0800][4.755s][info][gc,metaspace] GC(138) Metaspace: 114K(320K)->114K(320K) NonClass: 107K(192K)->107K(192K) Class: 7K(128K)->7K(128K)
[2026-06-17T10:06:25.105+0800][4.755s][info][gc          ] GC(138) Pause Young (Prepare Mixed) (G1 Evacuation Pause) 44M->40M(64M) 4.637ms
[2026-06-17T10:06:25.105+0800][4.756s][info][gc,cpu      ] GC(138) User=0.00s Sys=0.00s Real=0.01s
[2026-06-17T10:06:25.137+0800][4.788s][info][gc,start    ] GC(139) Pause Young (Mixed) (G1 Evacuation Pause)
[2026-06-17T10:06:25.138+0800][4.789s][info][gc,task     ] GC(139) Using 2 workers of 18 for evacuation
[2026-06-17T10:06:25.140+0800][4.790s][info][gc,phases   ] GC(139)   Pre Evacuate Collection Set: 0.23ms
[2026-06-17T10:06:25.140+0800][4.791s][info][gc,phases   ] GC(139)   Merge Heap Roots: 0.08ms
[2026-06-17T10:06:25.140+0800][4.791s][info][gc,phases   ] GC(139)   Evacuate Collection Set: 0.67ms
[2026-06-17T10:06:25.140+0800][4.791s][info][gc,phases   ] GC(139)   Post Evacuate Collection Set: 0.27ms
[2026-06-17T10:06:25.141+0800][4.791s][info][gc,phases   ] GC(139)   Other: 0.41ms
[2026-06-17T10:06:25.141+0800][4.792s][info][gc,heap     ] GC(139) Eden regions: 13->0(13)
[2026-06-17T10:06:25.141+0800][4.792s][info][gc,heap     ] GC(139) Survivor regions: 1->2(2)
[2026-06-17T10:06:25.141+0800][4.792s][info][gc,heap     ] GC(139) Old regions: 25->23
[2026-06-17T10:06:25.142+0800][4.792s][info][gc,heap     ] GC(139) Humongous regions: 15->15
[2026-06-17T10:06:25.142+0800][4.792s][info][gc,metaspace] GC(139) Metaspace: 114K(320K)->114K(320K) NonClass: 107K(192K)->107K(192K) Class: 7K(128K)->7K(128K)
[2026-06-17T10:06:25.142+0800][4.793s][info][gc          ] GC(139) Pause Young (Mixed) (G1 Evacuation Pause) 53M->39M(64M) 4.540ms
[2026-06-17T10:06:25.142+0800][4.793s][info][gc,cpu      ] GC(139) User=0.00s Sys=0.00s Real=0.00s
[2026-06-17T10:06:25.153+0800][4.804s][info][gc,start    ] GC(140) Pause Young (Concurrent Start) (G1 Humongous Allocation)
[2026-06-17T10:06:25.153+0800][4.804s][info][gc,task     ] GC(140) Using 2 workers of 18 for evacuation
[2026-06-17T10:06:25.155+0800][4.805s][info][gc,phases   ] GC(140)   Pre Evacuate Collection Set: 0.28ms
[2026-06-17T10:06:25.155+0800][4.806s][info][gc,phases   ] GC(140)   Merge Heap Roots: 0.08ms
[2026-06-17T10:06:25.155+0800][4.806s][info][gc,phases   ] GC(140)   Evacuate Collection Set: 0.37ms
[2026-06-17T10:06:25.156+0800][4.806s][info][gc,phases   ] GC(140)   Post Evacuate Collection Set: 0.30ms
[2026-06-17T10:06:25.156+0800][4.806s][info][gc,phases   ] GC(140)   Other: 0.35ms
[2026-06-17T10:06:25.156+0800][4.807s][info][gc,heap     ] GC(140) Eden regions: 5->0(11)
[2026-06-17T10:06:25.156+0800][4.807s][info][gc,heap     ] GC(140) Survivor regions: 2->1(2)
[2026-06-17T10:06:25.156+0800][4.807s][info][gc,heap     ] GC(140) Old regions: 23->25
[2026-06-17T10:06:25.157+0800][4.807s][info][gc,heap     ] GC(140) Humongous regions: 15->15
[2026-06-17T10:06:25.157+0800][4.808s][info][gc,metaspace] GC(140) Metaspace: 114K(320K)->114K(320K) NonClass: 107K(192K)->107K(192K) Class: 7K(128K)->7K(128K)
[2026-06-17T10:06:25.157+0800][4.808s][info][gc          ] GC(140) Pause Young (Concurrent Start) (G1 Humongous Allocation) 43M->40M(64M) 4.119ms
[2026-06-17T10:06:25.157+0800][4.808s][info][gc,cpu      ] GC(140) User=0.01s Sys=0.00s Real=0.00s
[2026-06-17T10:06:25.157+0800][4.808s][info][gc          ] GC(141) Concurrent Mark Cycle
[2026-06-17T10:06:25.158+0800][4.808s][info][gc,marking  ] GC(141) Concurrent Scan Root Regions
[2026-06-17T10:06:25.158+0800][4.809s][info][gc,marking  ] GC(141) Concurrent Scan Root Regions 0.310ms
[2026-06-17T10:06:25.158+0800][4.809s][info][gc,marking  ] GC(141) Concurrent Mark
[2026-06-17T10:06:25.159+0800][4.809s][info][gc,marking  ] GC(141) Concurrent Mark From Roots
[2026-06-17T10:06:25.159+0800][4.809s][info][gc,task     ] GC(141) Using 5 workers of 5 for marking
[2026-06-17T10:06:25.161+0800][4.811s][info][gc,marking  ] GC(141) Concurrent Mark From Roots 2.007ms
[2026-06-17T10:06:25.161+0800][4.811s][info][gc,marking  ] GC(141) Concurrent Preclean
[2026-06-17T10:06:25.161+0800][4.812s][info][gc,marking  ] GC(141) Concurrent Preclean 0.212ms
[2026-06-17T10:06:25.161+0800][4.812s][info][gc,start    ] GC(141) Pause Remark
[2026-06-17T10:06:25.162+0800][4.812s][info][gc          ] GC(141) Pause Remark 41M->40M(64M) 0.501ms
[2026-06-17T10:06:25.162+0800][4.812s][info][gc,cpu      ] GC(141) User=0.00s Sys=0.00s Real=0.00s
[2026-06-17T10:06:25.162+0800][4.813s][info][gc,marking  ] GC(141) Concurrent Mark 3.550ms
[2026-06-17T10:06:25.162+0800][4.813s][info][gc,marking  ] GC(141) Concurrent Rebuild Remembered Sets and Scrub Regions
[2026-06-17T10:06:25.163+0800][4.813s][info][gc,marking  ] GC(141) Concurrent Rebuild Remembered Sets and Scrub Regions 0.613ms
[2026-06-17T10:06:25.163+0800][4.813s][info][gc,start    ] GC(141) Pause Cleanup
[2026-06-17T10:06:25.163+0800][4.814s][info][gc          ] GC(141) Pause Cleanup 40M->40M(64M) 0.199ms
[2026-06-17T10:06:25.163+0800][4.814s][info][gc,cpu      ] GC(141) User=0.00s Sys=0.00s Real=0.00s
[2026-06-17T10:06:25.163+0800][4.814s][info][gc,marking  ] GC(141) Concurrent Clear Claimed Marks
[2026-06-17T10:06:25.164+0800][4.814s][info][gc,marking  ] GC(141) Concurrent Clear Claimed Marks 0.173ms
[2026-06-17T10:06:25.164+0800][4.814s][info][gc,marking  ] GC(141) Concurrent Cleanup for Next Mark
[2026-06-17T10:06:25.164+0800][4.814s][info][gc,marking  ] GC(141) Concurrent Cleanup for Next Mark 0.200ms
[2026-06-17T10:06:25.164+0800][4.815s][info][gc          ] GC(141) Concurrent Mark Cycle 6.567ms
[2026-06-17T10:06:25.189+0800][4.840s][info][gc,start    ] GC(142) Pause Young (Prepare Mixed) (G1 Evacuation Pause)
[2026-06-17T10:06:25.190+0800][4.840s][info][gc,task     ] GC(142) Using 2 workers of 18 for evacuation
[2026-06-17T10:06:25.192+0800][4.842s][info][gc,phases   ] GC(142)   Pre Evacuate Collection Set: 0.25ms
[2026-06-17T10:06:25.192+0800][4.843s][info][gc,phases   ] GC(142)   Merge Heap Roots: 0.18ms
[2026-06-17T10:06:25.192+0800][4.843s][info][gc,phases   ] GC(142)   Evacuate Collection Set: 0.55ms
[2026-06-17T10:06:25.193+0800][4.843s][info][gc,phases   ] GC(142)   Post Evacuate Collection Set: 0.45ms
[2026-06-17T10:06:25.193+0800][4.844s][info][gc,phases   ] GC(142)   Other: 0.44ms
[2026-06-17T10:06:25.193+0800][4.844s][info][gc,heap     ] GC(142) Eden regions: 11->0(12)
[2026-06-17T10:06:25.194+0800][4.844s][info][gc,heap     ] GC(142) Survivor regions: 1->2(2)
[2026-06-17T10:06:25.194+0800][4.844s][info][gc,heap     ] GC(142) Old regions: 24->27
[2026-06-17T10:06:25.194+0800][4.845s][info][gc,heap     ] GC(142) Humongous regions: 16->10
[2026-06-17T10:06:25.194+0800][4.845s][info][gc,metaspace] GC(142) Metaspace: 114K(320K)->114K(320K) NonClass: 107K(192K)->107K(192K) Class: 7K(128K)->7K(128K)
[2026-06-17T10:06:25.195+0800][4.845s][info][gc          ] GC(142) Pause Young (Prepare Mixed) (G1 Evacuation Pause) 51M->38M(64M) 5.138ms
[2026-06-17T10:06:25.195+0800][4.845s][info][gc,cpu      ] GC(142) User=0.00s Sys=0.00s Real=0.01s
[2026-06-17T10:06:25.228+0800][4.878s][info][gc,start    ] GC(143) Pause Young (Mixed) (G1 Evacuation Pause)
[2026-06-17T10:06:25.228+0800][4.879s][info][gc,task     ] GC(143) Using 2 workers of 18 for evacuation
[2026-06-17T10:06:25.232+0800][4.883s][info][gc,phases   ] GC(143)   Pre Evacuate Collection Set: 0.62ms
[2026-06-17T10:06:25.233+0800][4.884s][info][gc,phases   ] GC(143)   Merge Heap Roots: 0.28ms
[2026-06-17T10:06:25.234+0800][4.884s][info][gc,phases   ] GC(143)   Evacuate Collection Set: 1.38ms
[2026-06-17T10:06:25.234+0800][4.885s][info][gc,phases   ] GC(143)   Post Evacuate Collection Set: 0.88ms
[2026-06-17T10:06:25.235+0800][4.885s][info][gc,phases   ] GC(143)   Other: 0.75ms
[2026-06-17T10:06:25.235+0800][4.886s][info][gc,heap     ] GC(143) Eden regions: 12->0(11)
[2026-06-17T10:06:25.236+0800][4.886s][info][gc,heap     ] GC(143) Survivor regions: 2->2(2)
[2026-06-17T10:06:25.236+0800][4.887s][info][gc,heap     ] GC(143) Old regions: 27->28
[2026-06-17T10:06:25.237+0800][4.887s][info][gc,heap     ] GC(143) Humongous regions: 10->10
[2026-06-17T10:06:25.237+0800][4.887s][info][gc,metaspace] GC(143) Metaspace: 114K(320K)->114K(320K) NonClass: 107K(192K)->107K(192K) Class: 7K(128K)->7K(128K)
[2026-06-17T10:06:25.238+0800][4.889s][info][gc          ] GC(143) Pause Young (Mixed) (G1 Evacuation Pause) 50M->39M(64M) 10.494ms
[2026-06-17T10:06:25.238+0800][4.889s][info][gc,cpu      ] GC(143) User=0.00s Sys=0.00s Real=0.01s
[2026-06-17T10:06:25.271+0800][4.922s][info][gc,start    ] GC(144) Pause Young (Concurrent Start) (G1 Evacuation Pause)
[2026-06-17T10:06:25.272+0800][4.923s][info][gc,task     ] GC(144) Using 2 workers of 18 for evacuation
[2026-06-17T10:06:25.275+0800][4.926s][info][gc,phases   ] GC(144)   Pre Evacuate Collection Set: 0.68ms
[2026-06-17T10:06:25.276+0800][4.926s][info][gc,phases   ] GC(144)   Merge Heap Roots: 0.24ms
[2026-06-17T10:06:25.276+0800][4.927s][info][gc,phases   ] GC(144)   Evacuate Collection Set: 0.98ms
[2026-06-17T10:06:25.277+0800][4.927s][info][gc,phases   ] GC(144)   Post Evacuate Collection Set: 0.48ms
[2026-06-17T10:06:25.277+0800][4.927s][info][gc,phases   ] GC(144)   Other: 0.79ms
[2026-06-17T10:06:25.277+0800][4.928s][info][gc,heap     ] GC(144) Eden regions: 11->0(10)
[2026-06-17T10:06:25.277+0800][4.928s][info][gc,heap     ] GC(144) Survivor regions: 2->2(2)
[2026-06-17T10:06:25.278+0800][4.928s][info][gc,heap     ] GC(144) Old regions: 28->31
[2026-06-17T10:06:25.278+0800][4.929s][info][gc,heap     ] GC(144) Humongous regions: 10->10
[2026-06-17T10:06:25.279+0800][4.929s][info][gc,metaspace] GC(144) Metaspace: 114K(320K)->114K(320K) NonClass: 107K(192K)->107K(192K) Class: 7K(128K)->7K(128K)
[2026-06-17T10:06:25.279+0800][4.930s][info][gc          ] GC(144) Pause Young (Concurrent Start) (G1 Evacuation Pause) 50M->42M(64M) 7.859ms
[2026-06-17T10:06:25.279+0800][4.930s][info][gc,cpu      ] GC(144) User=0.01s Sys=0.00s Real=0.00s
[2026-06-17T10:06:25.279+0800][4.930s][info][gc          ] GC(145) Concurrent Mark Cycle
[2026-06-17T10:06:25.280+0800][4.930s][info][gc,marking  ] GC(145) Concurrent Scan Root Regions
[2026-06-17T10:06:25.280+0800][4.931s][info][gc,marking  ] GC(145) Concurrent Scan Root Regions 0.401ms
[2026-06-17T10:06:25.281+0800][4.931s][info][gc,marking  ] GC(145) Concurrent Mark
[2026-06-17T10:06:25.281+0800][4.931s][info][gc,marking  ] GC(145) Concurrent Mark From Roots
[2026-06-17T10:06:25.281+0800][4.932s][info][gc,task     ] GC(145) Using 5 workers of 5 for marking
[2026-06-17T10:06:25.283+0800][4.934s][info][gc,marking  ] GC(145) Concurrent Mark From Roots 2.511ms
[2026-06-17T10:06:25.284+0800][4.934s][info][gc,marking  ] GC(145) Concurrent Preclean
[2026-06-17T10:06:25.285+0800][4.936s][info][gc,marking  ] GC(145) Concurrent Preclean 1.445ms
[2026-06-17T10:06:25.285+0800][4.936s][info][gc,start    ] GC(145) Pause Remark
[2026-06-17T10:06:25.287+0800][4.937s][info][gc          ] GC(145) Pause Remark 44M->35M(64M) 1.116ms
[2026-06-17T10:06:25.287+0800][4.937s][info][gc,cpu      ] GC(145) User=0.00s Sys=0.00s Real=0.00s
[2026-06-17T10:06:25.287+0800][4.938s][info][gc,marking  ] GC(145) Concurrent Mark 6.645ms
[2026-06-17T10:06:25.287+0800][4.938s][info][gc,marking  ] GC(145) Concurrent Rebuild Remembered Sets and Scrub Regions
[2026-06-17T10:06:25.288+0800][4.939s][info][gc,marking  ] GC(145) Concurrent Rebuild Remembered Sets and Scrub Regions 0.912ms
[2026-06-17T10:06:25.289+0800][4.939s][info][gc,start    ] GC(145) Pause Cleanup
[2026-06-17T10:06:25.289+0800][4.939s][info][gc          ] GC(145) Pause Cleanup 35M->35M(64M) 0.201ms
[2026-06-17T10:06:25.289+0800][4.940s][info][gc,cpu      ] GC(145) User=0.00s Sys=0.00s Real=0.00s
[2026-06-17T10:06:25.289+0800][4.940s][info][gc,marking  ] GC(145) Concurrent Clear Claimed Marks
[2026-06-17T10:06:25.289+0800][4.940s][info][gc,marking  ] GC(145) Concurrent Clear Claimed Marks 0.202ms
[2026-06-17T10:06:25.290+0800][4.940s][info][gc,marking  ] GC(145) Concurrent Cleanup for Next Mark
[2026-06-17T10:06:25.290+0800][4.940s][info][gc,marking  ] GC(145) Concurrent Cleanup for Next Mark 0.284ms
[2026-06-17T10:06:25.290+0800][4.941s][info][gc          ] GC(145) Concurrent Mark Cycle 10.925ms
[2026-06-17T10:06:25.301+0800][4.952s][info][gc,start    ] GC(146) Pause Young (Prepare Mixed) (G1 Evacuation Pause)
[2026-06-17T10:06:25.303+0800][4.953s][info][gc,task     ] GC(146) Using 2 workers of 18 for evacuation
[2026-06-17T10:06:25.305+0800][4.955s][info][gc,phases   ] GC(146)   Pre Evacuate Collection Set: 0.25ms
[2026-06-17T10:06:25.305+0800][4.955s][info][gc,phases   ] GC(146)   Merge Heap Roots: 0.11ms
[2026-06-17T10:06:25.305+0800][4.956s][info][gc,phases   ] GC(146)   Evacuate Collection Set: 0.45ms
[2026-06-17T10:06:25.306+0800][4.956s][info][gc,phases   ] GC(146)   Post Evacuate Collection Set: 0.37ms
[2026-06-17T10:06:25.306+0800][4.957s][info][gc,phases   ] GC(146)   Other: 0.48ms
[2026-06-17T10:06:25.306+0800][4.957s][info][gc,heap     ] GC(146) Eden regions: 10->0(18)
[2026-06-17T10:06:25.307+0800][4.957s][info][gc,heap     ] GC(146) Survivor regions: 2->1(2)
[2026-06-17T10:06:25.307+0800][4.958s][info][gc,heap     ] GC(146) Old regions: 22->23
[2026-06-17T10:06:25.307+0800][4.958s][info][gc,heap     ] GC(146) Humongous regions: 10->10
[2026-06-17T10:06:25.308+0800][4.958s][info][gc,metaspace] GC(146) Metaspace: 114K(320K)->114K(320K) NonClass: 107K(192K)->107K(192K) Class: 7K(128K)->7K(128K)
[2026-06-17T10:06:25.308+0800][4.959s][info][gc          ] GC(146) Pause Young (Prepare Mixed) (G1 Evacuation Pause) 43M->33M(64M) 6.879ms
[2026-06-17T10:06:25.308+0800][4.959s][info][gc,cpu      ] GC(146) User=0.00s Sys=0.00s Real=0.01s
[2026-06-17T10:06:25.362+0800][5.012s][info][gc,start    ] GC(147) Pause Young (Mixed) (G1 Evacuation Pause)
[2026-06-17T10:06:25.364+0800][5.015s][info][gc,task     ] GC(147) Using 2 workers of 18 for evacuation
[2026-06-17T10:06:25.368+0800][5.018s][info][gc,phases   ] GC(147)   Pre Evacuate Collection Set: 0.33ms
[2026-06-17T10:06:25.371+0800][5.022s][info][gc,phases   ] GC(147)   Merge Heap Roots: 0.23ms
[2026-06-17T10:06:25.372+0800][5.023s][info][gc,phases   ] GC(147)   Evacuate Collection Set: 0.97ms
[2026-06-17T10:06:25.373+0800][5.024s][info][gc,phases   ] GC(147)   Post Evacuate Collection Set: 0.50ms
[2026-06-17T10:06:25.374+0800][5.024s][info][gc,phases   ] GC(147)   Other: 1.73ms
[2026-06-17T10:06:25.375+0800][5.025s][info][gc,heap     ] GC(147) Eden regions: 18->0(17)
[2026-06-17T10:06:25.375+0800][5.026s][info][gc,heap     ] GC(147) Survivor regions: 1->3(3)
[2026-06-17T10:06:25.376+0800][5.026s][info][gc,heap     ] GC(147) Old regions: 23->21
[2026-06-17T10:06:25.376+0800][5.027s][info][gc,heap     ] GC(147) Humongous regions: 10->10
[2026-06-17T10:06:25.377+0800][5.028s][info][gc,metaspace] GC(147) Metaspace: 114K(320K)->114K(320K) NonClass: 107K(192K)->107K(192K) Class: 7K(128K)->7K(128K)
[2026-06-17T10:06:25.378+0800][5.028s][info][gc          ] GC(147) Pause Young (Mixed) (G1 Evacuation Pause) 51M->33M(64M) 15.900ms
[2026-06-17T10:06:25.381+0800][5.031s][info][gc,cpu      ] GC(147) User=0.00s Sys=0.00s Real=0.02s
[2026-06-17T10:06:25.425+0800][5.076s][info][gc,start    ] GC(148) Pause Young (Mixed) (G1 Evacuation Pause)
[2026-06-17T10:06:25.426+0800][5.077s][info][gc,task     ] GC(148) Using 2 workers of 18 for evacuation
[2026-06-17T10:06:25.428+0800][5.078s][info][gc,phases   ] GC(148)   Pre Evacuate Collection Set: 0.15ms
[2026-06-17T10:06:25.428+0800][5.079s][info][gc,phases   ] GC(148)   Merge Heap Roots: 0.05ms
[2026-06-17T10:06:25.429+0800][5.079s][info][gc,phases   ] GC(148)   Evacuate Collection Set: 0.49ms
[2026-06-17T10:06:25.429+0800][5.080s][info][gc,phases   ] GC(148)   Post Evacuate Collection Set: 0.26ms
[2026-06-17T10:06:25.430+0800][5.080s][info][gc,phases   ] GC(148)   Other: 0.61ms
[2026-06-17T10:06:25.430+0800][5.081s][info][gc,heap     ] GC(148) Eden regions: 17->0(14)
[2026-06-17T10:06:25.431+0800][5.081s][info][gc,heap     ] GC(148) Survivor regions: 3->3(3)
[2026-06-17T10:06:25.431+0800][5.082s][info][gc,heap     ] GC(148) Old regions: 21->24
[2026-06-17T10:06:25.431+0800][5.082s][info][gc,heap     ] GC(148) Humongous regions: 11->11
[2026-06-17T10:06:25.432+0800][5.082s][info][gc,metaspace] GC(148) Metaspace: 114K(320K)->114K(320K) NonClass: 107K(192K)->107K(192K) Class: 7K(128K)->7K(128K)
[2026-06-17T10:06:25.432+0800][5.083s][info][gc          ] GC(148) Pause Young (Mixed) (G1 Evacuation Pause) 51M->37M(64M) 6.990ms
[2026-06-17T10:06:25.433+0800][5.083s][info][gc,cpu      ] GC(148) User=0.00s Sys=0.00s Real=0.01s
[2026-06-17T10:06:25.465+0800][5.116s][info][gc,start    ] GC(149) Pause Young (Concurrent Start) (G1 Evacuation Pause)
[2026-06-17T10:06:25.466+0800][5.116s][info][gc,task     ] GC(149) Using 2 workers of 18 for evacuation
[2026-06-17T10:06:25.470+0800][5.121s][info][gc,phases   ] GC(149)   Pre Evacuate Collection Set: 0.46ms
[2026-06-17T10:06:25.473+0800][5.123s][info][gc,phases   ] GC(149)   Merge Heap Roots: 0.11ms
[2026-06-17T10:06:25.474+0800][5.124s][info][gc,phases   ] GC(149)   Evacuate Collection Set: 0.66ms
[2026-06-17T10:06:25.474+0800][5.125s][info][gc,phases   ] GC(149)   Post Evacuate Collection Set: 0.47ms
[2026-06-17T10:06:25.475+0800][5.125s][info][gc,phases   ] GC(149)   Other: 2.37ms
[2026-06-17T10:06:25.476+0800][5.126s][info][gc,heap     ] GC(149) Eden regions: 14->0(12)
[2026-06-17T10:06:25.476+0800][5.126s][info][gc,heap     ] GC(149) Survivor regions: 3->3(3)
[2026-06-17T10:06:25.476+0800][5.127s][info][gc,heap     ] GC(149) Old regions: 24->27
[2026-06-17T10:06:25.476+0800][5.127s][info][gc,heap     ] GC(149) Humongous regions: 11->11
[2026-06-17T10:06:25.477+0800][5.127s][info][gc,metaspace] GC(149) Metaspace: 114K(320K)->114K(320K) NonClass: 107K(192K)->107K(192K) Class: 7K(128K)->7K(128K)
[2026-06-17T10:06:25.477+0800][5.128s][info][gc          ] GC(149) Pause Young (Concurrent Start) (G1 Evacuation Pause) 51M->40M(64M) 12.032ms
[2026-06-17T10:06:25.478+0800][5.129s][info][gc,cpu      ] GC(149) User=0.00s Sys=0.00s Real=0.01s
[2026-06-17T10:06:25.478+0800][5.129s][info][gc          ] GC(150) Concurrent Mark Cycle
[2026-06-17T10:06:25.479+0800][5.130s][info][gc,marking  ] GC(150) Concurrent Scan Root Regions
[2026-06-17T10:06:25.480+0800][5.131s][info][gc,marking  ] GC(150) Concurrent Scan Root Regions 0.881ms
[2026-06-17T10:06:25.482+0800][5.133s][info][gc,marking  ] GC(150) Concurrent Mark
[2026-06-17T10:06:25.483+0800][5.133s][info][gc,marking  ] GC(150) Concurrent Mark From Roots
[2026-06-17T10:06:25.485+0800][5.136s][info][gc,task     ] GC(150) Using 5 workers of 5 for marking
[2026-06-17T10:06:25.491+0800][5.142s][info][gc,marking  ] GC(150) Concurrent Mark From Roots 8.045ms
[2026-06-17T10:06:25.504+0800][5.154s][info][gc,marking  ] GC(150) Concurrent Preclean
[2026-06-17T10:06:25.504+0800][5.155s][info][gc,marking  ] GC(150) Concurrent Preclean 0.429ms
[2026-06-17T10:06:25.511+0800][5.162s][info][gc,start    ] GC(151) Pause Young (Normal) (G1 Evacuation Pause)
[2026-06-17T10:06:25.531+0800][5.181s][info][gc,task     ] GC(151) Using 2 workers of 18 for evacuation
[2026-06-17T10:06:25.533+0800][5.184s][info][gc,phases   ] GC(151)   Pre Evacuate Collection Set: 0.42ms
[2026-06-17T10:06:25.534+0800][5.184s][info][gc,phases   ] GC(151)   Merge Heap Roots: 0.18ms
[2026-06-17T10:06:25.534+0800][5.185s][info][gc,phases   ] GC(151)   Evacuate Collection Set: 0.59ms
[2026-06-17T10:06:25.535+0800][5.185s][info][gc,phases   ] GC(151)   Post Evacuate Collection Set: 0.61ms
[2026-06-17T10:06:25.536+0800][5.186s][info][gc,phases   ] GC(151)   Other: 0.62ms
[2026-06-17T10:06:25.536+0800][5.186s][info][gc,heap     ] GC(151) Eden regions: 12->0(12)
[2026-06-17T10:06:25.536+0800][5.187s][info][gc,heap     ] GC(151) Survivor regions: 3->2(2)
[2026-06-17T10:06:25.537+0800][5.187s][info][gc,heap     ] GC(151) Old regions: 27->29
[2026-06-17T10:06:25.537+0800][5.187s][info][gc,heap     ] GC(151) Humongous regions: 11->11
[2026-06-17T10:06:25.537+0800][5.188s][info][gc,metaspace] GC(151) Metaspace: 114K(320K)->114K(320K) NonClass: 107K(192K)->107K(192K) Class: 7K(128K)->7K(128K)
[2026-06-17T10:06:25.537+0800][5.188s][info][gc          ] GC(151) Pause Young (Normal) (G1 Evacuation Pause) 52M->41M(64M) 26.292ms
[2026-06-17T10:06:25.538+0800][5.188s][info][gc,cpu      ] GC(151) User=0.01s Sys=0.00s Real=0.02s
[2026-06-17T10:06:25.538+0800][5.189s][info][gc,start    ] GC(150) Pause Remark
[2026-06-17T10:06:25.540+0800][5.190s][info][gc          ] GC(150) Pause Remark 43M->37M(64M) 1.076ms
[2026-06-17T10:06:25.540+0800][5.190s][info][gc,cpu      ] GC(150) User=0.00s Sys=0.00s Real=0.00s
[2026-06-17T10:06:25.540+0800][5.191s][info][gc,marking  ] GC(150) Concurrent Mark 57.950ms
[2026-06-17T10:06:25.541+0800][5.191s][info][gc,marking  ] GC(150) Concurrent Rebuild Remembered Sets and Scrub Regions
[2026-06-17T10:06:25.542+0800][5.192s][info][gc,marking  ] GC(150) Concurrent Rebuild Remembered Sets and Scrub Regions 1.285ms
[2026-06-17T10:06:25.542+0800][5.193s][info][gc,start    ] GC(150) Pause Cleanup
[2026-06-17T10:06:25.543+0800][5.193s][info][gc          ] GC(150) Pause Cleanup 37M->37M(64M) 0.333ms
[2026-06-17T10:06:25.543+0800][5.193s][info][gc,cpu      ] GC(150) User=0.00s Sys=0.00s Real=0.01s
[2026-06-17T10:06:25.543+0800][5.194s][info][gc,marking  ] GC(150) Concurrent Clear Claimed Marks
[2026-06-17T10:06:25.544+0800][5.194s][info][gc,marking  ] GC(150) Concurrent Clear Claimed Marks 0.260ms
[2026-06-17T10:06:25.544+0800][5.194s][info][gc,marking  ] GC(150) Concurrent Cleanup for Next Mark
[2026-06-17T10:06:25.544+0800][5.195s][info][gc,marking  ] GC(150) Concurrent Cleanup for Next Mark 0.415ms
[2026-06-17T10:06:25.545+0800][5.195s][info][gc          ] GC(150) Concurrent Mark Cycle 66.025ms
[2026-06-17T10:06:25.573+0800][5.223s][info][gc,start    ] GC(152) Pause Young (Prepare Mixed) (G1 Evacuation Pause)
[2026-06-17T10:06:25.574+0800][5.224s][info][gc,task     ] GC(152) Using 2 workers of 18 for evacuation
[2026-06-17T10:06:25.577+0800][5.228s][info][gc,phases   ] GC(152)   Pre Evacuate Collection Set: 0.48ms
[2026-06-17T10:06:25.578+0800][5.228s][info][gc,phases   ] GC(152)   Merge Heap Roots: 0.27ms
[2026-06-17T10:06:25.578+0800][5.229s][info][gc,phases   ] GC(152)   Evacuate Collection Set: 0.77ms
[2026-06-17T10:06:25.579+0800][5.230s][info][gc,phases   ] GC(152)   Post Evacuate Collection Set: 0.85ms
[2026-06-17T10:06:25.580+0800][5.230s][info][gc,phases   ] GC(152)   Other: 0.87ms
[2026-06-17T10:06:25.580+0800][5.231s][info][gc,heap     ] GC(152) Eden regions: 12->0(14)
[2026-06-17T10:06:25.581+0800][5.231s][info][gc,heap     ] GC(152) Survivor regions: 2->2(2)
[2026-06-17T10:06:25.582+0800][5.232s][info][gc,heap     ] GC(152) Old regions: 23->25
[2026-06-17T10:06:25.582+0800][5.233s][info][gc,heap     ] GC(152) Humongous regions: 11->11
[2026-06-17T10:06:25.583+0800][5.233s][info][gc,metaspace] GC(152) Metaspace: 114K(320K)->114K(320K) NonClass: 107K(192K)->107K(192K) Class: 7K(128K)->7K(128K)
[2026-06-17T10:06:25.583+0800][5.234s][info][gc          ] GC(152) Pause Young (Prepare Mixed) (G1 Evacuation Pause) 47M->37M(64M) 10.058ms
[2026-06-17T10:06:25.583+0800][5.234s][info][gc,cpu      ] GC(152) User=0.00s Sys=0.00s Real=0.01s
[2026-06-17T10:06:25.626+0800][5.276s][info][gc,start    ] GC(153) Pause Young (Mixed) (G1 Evacuation Pause)
[2026-06-17T10:06:25.627+0800][5.277s][info][gc,task     ] GC(153) Using 2 workers of 18 for evacuation
[2026-06-17T10:06:25.629+0800][5.280s][info][gc,phases   ] GC(153)   Pre Evacuate Collection Set: 0.32ms
[2026-06-17T10:06:25.629+0800][5.280s][info][gc,phases   ] GC(153)   Merge Heap Roots: 0.10ms
[2026-06-17T10:06:25.630+0800][5.280s][info][gc,phases   ] GC(153)   Evacuate Collection Set: 0.82ms
[2026-06-17T10:06:25.631+0800][5.281s][info][gc,phases   ] GC(153)   Post Evacuate Collection Set: 0.34ms
[2026-06-17T10:06:25.631+0800][5.281s][info][gc,phases   ] GC(153)   Other: 0.88ms
[2026-06-17T10:06:25.631+0800][5.282s][info][gc,heap     ] GC(153) Eden regions: 14->0(14)
[2026-06-17T10:06:25.631+0800][5.282s][info][gc,heap     ] GC(153) Survivor regions: 2->2(2)
[2026-06-17T10:06:25.632+0800][5.282s][info][gc,heap     ] GC(153) Old regions: 25->25
[2026-06-17T10:06:25.632+0800][5.282s][info][gc,heap     ] GC(153) Humongous regions: 11->11
[2026-06-17T10:06:25.632+0800][5.283s][info][gc,metaspace] GC(153) Metaspace: 114K(320K)->114K(320K) NonClass: 107K(192K)->107K(192K) Class: 7K(128K)->7K(128K)
[2026-06-17T10:06:25.632+0800][5.283s][info][gc          ] GC(153) Pause Young (Mixed) (G1 Evacuation Pause) 51M->37M(64M) 6.566ms
[2026-06-17T10:06:25.633+0800][5.283s][info][gc,cpu      ] GC(153) User=0.00s Sys=0.00s Real=0.01s
[2026-06-17T10:06:25.665+0800][5.316s][info][gc,start    ] GC(154) Pause Young (Mixed) (G1 Evacuation Pause)
[2026-06-17T10:06:25.671+0800][5.322s][info][gc,task     ] GC(154) Using 2 workers of 18 for evacuation
[2026-06-17T10:06:25.677+0800][5.328s][info][gc,phases   ] GC(154)   Pre Evacuate Collection Set: 0.13ms
[2026-06-17T10:06:25.680+0800][5.330s][info][gc,phases   ] GC(154)   Merge Heap Roots: 0.04ms
[2026-06-17T10:06:25.681+0800][5.331s][info][gc,phases   ] GC(154)   Evacuate Collection Set: 0.72ms
[2026-06-17T10:06:25.685+0800][5.336s][info][gc,phases   ] GC(154)   Post Evacuate Collection Set: 0.19ms
[2026-06-17T10:06:25.702+0800][5.352s][info][gc,phases   ] GC(154)   Other: 5.25ms
[2026-06-17T10:06:25.703+0800][5.354s][info][gc,heap     ] GC(154) Eden regions: 14->0(9)
[2026-06-17T10:06:25.732+0800][5.382s][info][gc,heap     ] GC(154) Survivor regions: 2->2(2)
[2026-06-17T10:06:25.732+0800][5.383s][info][gc,heap     ] GC(154) Old regions: 25->31
[2026-06-17T10:06:25.748+0800][5.399s][info][gc,heap     ] GC(154) Humongous regions: 13->13
[2026-06-17T10:06:25.749+0800][5.400s][info][gc,metaspace] GC(154) Metaspace: 114K(320K)->114K(320K) NonClass: 107K(192K)->107K(192K) Class: 7K(128K)->7K(128K)
[2026-06-17T10:06:25.750+0800][5.401s][info][gc          ] GC(154) Pause Young (Mixed) (G1 Evacuation Pause) 53M->45M(64M) 84.659ms
[2026-06-17T10:06:25.926+0800][5.577s][info][gc,cpu      ] GC(154) User=0.00s Sys=0.00s Real=0.26s
[2026-06-17T10:06:25.954+0800][5.605s][info][gc,start    ] GC(155) Pause Young (Concurrent Start) (G1 Evacuation Pause)
[2026-06-17T10:06:26.089+0800][5.740s][info][gc,task     ] GC(155) Using 2 workers of 18 for evacuation
[2026-06-17T10:06:26.101+0800][5.752s][info][gc,phases   ] GC(155)   Pre Evacuate Collection Set: 1.03ms
[2026-06-17T10:06:26.101+0800][5.752s][info][gc,phases   ] GC(155)   Merge Heap Roots: 0.24ms
[2026-06-17T10:06:26.102+0800][5.752s][info][gc,phases   ] GC(155)   Evacuate Collection Set: 0.32ms
[2026-06-17T10:06:26.102+0800][5.753s][info][gc,phases   ] GC(155)   Post Evacuate Collection Set: 0.30ms
[2026-06-17T10:06:26.102+0800][5.753s][info][gc,phases   ] GC(155)   Other: 9.66ms
[2026-06-17T10:06:26.165+0800][5.816s][info][gc,heap     ] GC(155) Eden regions: 9->0(9)
[2026-06-17T10:06:26.173+0800][5.823s][info][gc,heap     ] GC(155) Survivor regions: 2->2(2)
[2026-06-17T10:06:26.176+0800][5.826s][info][gc,heap     ] GC(155) Old regions: 31->33
[2026-06-17T10:06:26.177+0800][5.827s][info][gc,heap     ] GC(155) Humongous regions: 13->13
[2026-06-17T10:06:26.177+0800][5.828s][info][gc,metaspace] GC(155) Metaspace: 114K(320K)->114K(320K) NonClass: 107K(192K)->107K(192K) Class: 7K(128K)->7K(128K)
[2026-06-17T10:06:26.178+0800][5.828s][info][gc          ] GC(155) Pause Young (Concurrent Start) (G1 Evacuation Pause) 54M->47M(64M) 223.464ms
[2026-06-17T10:06:26.178+0800][5.829s][info][gc,cpu      ] GC(155) User=0.00s Sys=0.00s Real=0.22s
[2026-06-17T10:06:26.178+0800][5.829s][info][gc          ] GC(156) Concurrent Mark Cycle
[2026-06-17T10:06:26.179+0800][5.829s][info][gc,marking  ] GC(156) Concurrent Scan Root Regions
[2026-06-17T10:06:26.179+0800][5.830s][info][gc,marking  ] GC(156) Concurrent Scan Root Regions 0.438ms
[2026-06-17T10:06:26.179+0800][5.830s][info][gc,marking  ] GC(156) Concurrent Mark
[2026-06-17T10:06:26.179+0800][5.830s][info][gc,marking  ] GC(156) Concurrent Mark From Roots
[2026-06-17T10:06:26.180+0800][5.830s][info][gc,task     ] GC(156) Using 5 workers of 5 for marking
[2026-06-17T10:06:26.181+0800][5.831s][info][gc,marking  ] GC(156) Concurrent Mark From Roots 1.494ms
[2026-06-17T10:06:26.181+0800][5.832s][info][gc,marking  ] GC(156) Concurrent Preclean
[2026-06-17T10:06:26.181+0800][5.832s][info][gc,marking  ] GC(156) Concurrent Preclean 0.224ms
[2026-06-17T10:06:26.182+0800][5.832s][info][gc,start    ] GC(156) Pause Remark
[2026-06-17T10:06:26.183+0800][5.833s][info][gc          ] GC(156) Pause Remark 48M->39M(64M) 1.027ms
[2026-06-17T10:06:26.183+0800][5.833s][info][gc,cpu      ] GC(156) User=0.00s Sys=0.00s Real=0.01s
[2026-06-17T10:06:26.183+0800][5.834s][info][gc,marking  ] GC(156) Concurrent Mark 3.713ms
[2026-06-17T10:06:26.183+0800][5.834s][info][gc,marking  ] GC(156) Concurrent Rebuild Remembered Sets and Scrub Regions
[2026-06-17T10:06:26.184+0800][5.834s][info][gc,marking  ] GC(156) Concurrent Rebuild Remembered Sets and Scrub Regions 0.576ms
[2026-06-17T10:06:26.184+0800][5.834s][info][gc,start    ] GC(156) Pause Cleanup
[2026-06-17T10:06:26.184+0800][5.835s][info][gc          ] GC(156) Pause Cleanup 39M->39M(64M) 0.135ms
[2026-06-17T10:06:26.184+0800][5.835s][info][gc,cpu      ] GC(156) User=0.00s Sys=0.00s Real=0.00s
[2026-06-17T10:06:26.184+0800][5.835s][info][gc,marking  ] GC(156) Concurrent Clear Claimed Marks
[2026-06-17T10:06:26.184+0800][5.835s][info][gc,marking  ] GC(156) Concurrent Clear Claimed Marks 0.117ms
[2026-06-17T10:06:26.185+0800][5.835s][info][gc,marking  ] GC(156) Concurrent Cleanup for Next Mark
[2026-06-17T10:06:26.185+0800][5.835s][info][gc,marking  ] GC(156) Concurrent Cleanup for Next Mark 0.209ms
[2026-06-17T10:06:26.185+0800][5.835s][info][gc          ] GC(156) Concurrent Mark Cycle 6.831ms
[2026-06-17T10:06:26.210+0800][5.860s][info][gc,start    ] GC(157) Pause Young (Prepare Mixed) (G1 Evacuation Pause)
[2026-06-17T10:06:26.210+0800][5.860s][info][gc,task     ] GC(157) Using 2 workers of 18 for evacuation
[2026-06-17T10:06:26.211+0800][5.861s][info][gc,phases   ] GC(157)   Pre Evacuate Collection Set: 0.10ms
[2026-06-17T10:06:26.211+0800][5.862s][info][gc,phases   ] GC(157)   Merge Heap Roots: 0.05ms
[2026-06-17T10:06:26.211+0800][5.862s][info][gc,phases   ] GC(157)   Evacuate Collection Set: 0.30ms
[2026-06-17T10:06:26.211+0800][5.862s][info][gc,phases   ] GC(157)   Post Evacuate Collection Set: 0.15ms
[2026-06-17T10:06:26.211+0800][5.862s][info][gc,phases   ] GC(157)   Other: 0.27ms
[2026-06-17T10:06:26.212+0800][5.862s][info][gc,heap     ] GC(157) Eden regions: 9->0(12)
[2026-06-17T10:06:26.212+0800][5.862s][info][gc,heap     ] GC(157) Survivor regions: 2->2(2)
[2026-06-17T10:06:26.212+0800][5.863s][info][gc,heap     ] GC(157) Old regions: 24->26
[2026-06-17T10:06:26.212+0800][5.863s][info][gc,heap     ] GC(157) Humongous regions: 13->13
[2026-06-17T10:06:26.212+0800][5.863s][info][gc,metaspace] GC(157) Metaspace: 114K(320K)->114K(320K) NonClass: 107K(192K)->107K(192K) Class: 7K(128K)->7K(128K)
[2026-06-17T10:06:26.213+0800][5.863s][info][gc          ] GC(157) Pause Young (Prepare Mixed) (G1 Evacuation Pause) 47M->40M(64M) 3.090ms
[2026-06-17T10:06:26.213+0800][5.863s][info][gc,cpu      ] GC(157) User=0.00s Sys=0.00s Real=0.01s
[2026-06-17T10:06:26.245+0800][5.895s][info][gc,start    ] GC(158) Pause Young (Mixed) (G1 Evacuation Pause)
[2026-06-17T10:06:26.245+0800][5.896s][info][gc,task     ] GC(158) Using 2 workers of 18 for evacuation
[2026-06-17T10:06:26.246+0800][5.897s][info][gc,phases   ] GC(158)   Pre Evacuate Collection Set: 0.11ms
[2026-06-17T10:06:26.246+0800][5.897s][info][gc,phases   ] GC(158)   Merge Heap Roots: 0.05ms
[2026-06-17T10:06:26.247+0800][5.897s][info][gc,phases   ] GC(158)   Evacuate Collection Set: 0.46ms
[2026-06-17T10:06:26.247+0800][5.897s][info][gc,phases   ] GC(158)   Post Evacuate Collection Set: 0.24ms
[2026-06-17T10:06:26.247+0800][5.898s][info][gc,phases   ] GC(158)   Other: 0.20ms
[2026-06-17T10:06:26.247+0800][5.898s][info][gc,heap     ] GC(158) Eden regions: 12->0(12)
[2026-06-17T10:06:26.248+0800][5.898s][info][gc,heap     ] GC(158) Survivor regions: 2->2(2)
[2026-06-17T10:06:26.248+0800][5.898s][info][gc,heap     ] GC(158) Old regions: 26->24
[2026-06-17T10:06:26.248+0800][5.899s][info][gc,heap     ] GC(158) Humongous regions: 13->13
[2026-06-17T10:06:26.248+0800][5.899s][info][gc,metaspace] GC(158) Metaspace: 114K(320K)->114K(320K) NonClass: 107K(192K)->107K(192K) Class: 7K(128K)->7K(128K)
[2026-06-17T10:06:26.249+0800][5.899s][info][gc          ] GC(158) Pause Young (Mixed) (G1 Evacuation Pause) 52M->38M(64M) 4.187ms
[2026-06-17T10:06:26.249+0800][5.900s][info][gc,cpu      ] GC(158) User=0.01s Sys=0.00s Real=0.00s
[2026-06-17T10:06:26.281+0800][5.932s][info][gc,start    ] GC(159) Pause Young (Mixed) (G1 Evacuation Pause)
[2026-06-17T10:06:26.282+0800][5.932s][info][gc,task     ] GC(159) Using 2 workers of 18 for evacuation
[2026-06-17T10:06:26.283+0800][5.934s][info][gc,phases   ] GC(159)   Pre Evacuate Collection Set: 0.19ms
[2026-06-17T10:06:26.283+0800][5.934s][info][gc,phases   ] GC(159)   Merge Heap Roots: 0.05ms
[2026-06-17T10:06:26.284+0800][5.934s][info][gc,phases   ] GC(159)   Evacuate Collection Set: 0.69ms
[2026-06-17T10:06:26.284+0800][5.935s][info][gc,phases   ] GC(159)   Post Evacuate Collection Set: 0.17ms
[2026-06-17T10:06:26.284+0800][5.935s][info][gc,phases   ] GC(159)   Other: 0.40ms
[2026-06-17T10:06:26.286+0800][5.936s][info][gc,heap     ] GC(159) Eden regions: 12->0(12)
[2026-06-17T10:06:26.286+0800][5.937s][info][gc,heap     ] GC(159) Survivor regions: 2->2(2)
[2026-06-17T10:06:26.287+0800][5.937s][info][gc,heap     ] GC(159) Old regions: 24->26
[2026-06-17T10:06:26.287+0800][5.937s][info][gc,heap     ] GC(159) Humongous regions: 13->13
[2026-06-17T10:06:26.287+0800][5.938s][info][gc,metaspace] GC(159) Metaspace: 114K(320K)->114K(320K) NonClass: 107K(192K)->107K(192K) Class: 7K(128K)->7K(128K)
[2026-06-17T10:06:26.288+0800][5.938s][info][gc          ] GC(159) Pause Young (Mixed) (G1 Evacuation Pause) 50M->40M(64M) 6.618ms
[2026-06-17T10:06:26.288+0800][5.939s][info][gc,cpu      ] GC(159) User=0.00s Sys=0.00s Real=0.01s
[2026-06-17T10:06:26.320+0800][5.970s][info][gc,start    ] GC(160) Pause Young (Concurrent Start) (G1 Evacuation Pause)
[2026-06-17T10:06:26.321+0800][5.971s][info][gc,task     ] GC(160) Using 2 workers of 18 for evacuation
[2026-06-17T10:06:26.322+0800][5.973s][info][gc,phases   ] GC(160)   Pre Evacuate Collection Set: 0.27ms
[2026-06-17T10:06:26.323+0800][5.973s][info][gc,phases   ] GC(160)   Merge Heap Roots: 0.05ms
[2026-06-17T10:06:26.323+0800][5.974s][info][gc,phases   ] GC(160)   Evacuate Collection Set: 0.35ms
[2026-06-17T10:06:26.323+0800][5.974s][info][gc,phases   ] GC(160)   Post Evacuate Collection Set: 0.24ms
[2026-06-17T10:06:26.324+0800][5.974s][info][gc,phases   ] GC(160)   Other: 0.47ms
[2026-06-17T10:06:26.324+0800][5.975s][info][gc,heap     ] GC(160) Eden regions: 12->0(11)
[2026-06-17T10:06:26.325+0800][5.975s][info][gc,heap     ] GC(160) Survivor regions: 2->2(2)
[2026-06-17T10:06:26.326+0800][5.976s][info][gc,heap     ] GC(160) Old regions: 26->28
[2026-06-17T10:06:26.326+0800][5.977s][info][gc,heap     ] GC(160) Humongous regions: 13->13
[2026-06-17T10:06:26.326+0800][5.977s][info][gc,metaspace] GC(160) Metaspace: 114K(320K)->114K(320K) NonClass: 107K(192K)->107K(192K) Class: 7K(128K)->7K(128K)
[2026-06-17T10:06:26.327+0800][5.977s][info][gc          ] GC(160) Pause Young (Concurrent Start) (G1 Evacuation Pause) 52M->42M(64M) 6.819ms
[2026-06-17T10:06:26.327+0800][5.978s][info][gc,cpu      ] GC(160) User=0.00s Sys=0.00s Real=0.01s
[2026-06-17T10:06:26.327+0800][5.978s][info][gc          ] GC(161) Concurrent Mark Cycle
[2026-06-17T10:06:26.328+0800][5.978s][info][gc,marking  ] GC(161) Concurrent Scan Root Regions
[2026-06-17T10:06:26.328+0800][5.979s][info][gc,marking  ] GC(161) Concurrent Scan Root Regions 0.235ms
[2026-06-17T10:06:26.328+0800][5.979s][info][gc,marking  ] GC(161) Concurrent Mark
[2026-06-17T10:06:26.329+0800][5.979s][info][gc,marking  ] GC(161) Concurrent Mark From Roots
[2026-06-17T10:06:26.329+0800][5.979s][info][gc,task     ] GC(161) Using 5 workers of 5 for marking
[2026-06-17T10:06:26.330+0800][5.981s][info][gc,marking  ] GC(161) Concurrent Mark From Roots 1.424ms
[2026-06-17T10:06:26.330+0800][5.981s][info][gc,marking  ] GC(161) Concurrent Preclean
[2026-06-17T10:06:26.331+0800][5.981s][info][gc,marking  ] GC(161) Concurrent Preclean 0.263ms
[2026-06-17T10:06:26.331+0800][5.981s][info][gc,start    ] GC(161) Pause Remark
[2026-06-17T10:06:26.331+0800][5.982s][info][gc          ] GC(161) Pause Remark 46M->45M(64M) 0.494ms
[2026-06-17T10:06:26.332+0800][5.982s][info][gc,cpu      ] GC(161) User=0.00s Sys=0.00s Real=0.00s
[2026-06-17T10:06:26.332+0800][5.982s][info][gc,marking  ] GC(161) Concurrent Mark 3.406ms
[2026-06-17T10:06:26.332+0800][5.983s][info][gc,marking  ] GC(161) Concurrent Rebuild Remembered Sets and Scrub Regions
[2026-06-17T10:06:26.333+0800][5.983s][info][gc,marking  ] GC(161) Concurrent Rebuild Remembered Sets and Scrub Regions 0.598ms
[2026-06-17T10:06:26.333+0800][5.983s][info][gc,start    ] GC(161) Pause Cleanup
[2026-06-17T10:06:26.333+0800][5.984s][info][gc          ] GC(161) Pause Cleanup 45M->45M(64M) 0.180ms
[2026-06-17T10:06:26.333+0800][5.984s][info][gc,cpu      ] GC(161) User=0.00s Sys=0.00s Real=0.00s
[2026-06-17T10:06:26.333+0800][5.984s][info][gc,marking  ] GC(161) Concurrent Clear Claimed Marks
[2026-06-17T10:06:26.334+0800][5.984s][info][gc,marking  ] GC(161) Concurrent Clear Claimed Marks 0.158ms
[2026-06-17T10:06:26.334+0800][5.984s][info][gc,marking  ] GC(161) Concurrent Cleanup for Next Mark
[2026-06-17T10:06:26.334+0800][5.985s][info][gc,marking  ] GC(161) Concurrent Cleanup for Next Mark 0.241ms
[2026-06-17T10:06:26.334+0800][5.985s][info][gc          ] GC(161) Concurrent Mark Cycle 6.854ms
[2026-06-17T10:06:26.359+0800][6.010s][info][gc,start    ] GC(162) Pause Young (Prepare Mixed) (G1 Evacuation Pause)
[2026-06-17T10:06:26.359+0800][6.010s][info][gc,task     ] GC(162) Using 2 workers of 18 for evacuation
[2026-06-17T10:06:26.360+0800][6.011s][info][gc,phases   ] GC(162)   Pre Evacuate Collection Set: 0.11ms
[2026-06-17T10:06:26.360+0800][6.011s][info][gc,phases   ] GC(162)   Merge Heap Roots: 0.05ms
[2026-06-17T10:06:26.361+0800][6.011s][info][gc,phases   ] GC(162)   Evacuate Collection Set: 0.26ms
[2026-06-17T10:06:26.361+0800][6.011s][info][gc,phases   ] GC(162)   Post Evacuate Collection Set: 0.20ms
[2026-06-17T10:06:26.361+0800][6.011s][info][gc,phases   ] GC(162)   Other: 0.25ms
[2026-06-17T10:06:26.361+0800][6.011s][info][gc,heap     ] GC(162) Eden regions: 11->0(9)
[2026-06-17T10:06:26.361+0800][6.012s][info][gc,heap     ] GC(162) Survivor regions: 2->2(2)
[2026-06-17T10:06:26.361+0800][6.012s][info][gc,heap     ] GC(162) Old regions: 27->29
[2026-06-17T10:06:26.361+0800][6.012s][info][gc,heap     ] GC(162) Humongous regions: 15->15
[2026-06-17T10:06:26.361+0800][6.012s][info][gc,metaspace] GC(162) Metaspace: 114K(320K)->114K(320K) NonClass: 107K(192K)->107K(192K) Class: 7K(128K)->7K(128K)
[2026-06-17T10:06:26.362+0800][6.012s][info][gc          ] GC(162) Pause Young (Prepare Mixed) (G1 Evacuation Pause) 54M->45M(64M) 2.528ms
[2026-06-17T10:06:26.362+0800][6.012s][info][gc,cpu      ] GC(162) User=0.00s Sys=0.00s Real=0.00s
[2026-06-17T10:06:26.383+0800][6.034s][info][gc,start    ] GC(163) Pause Young (Mixed) (G1 Evacuation Pause)
[2026-06-17T10:06:26.384+0800][6.035s][info][gc,task     ] GC(163) Using 2 workers of 18 for evacuation
[2026-06-17T10:06:26.386+0800][6.037s][info][gc,phases   ] GC(163)   Pre Evacuate Collection Set: 0.12ms
[2026-06-17T10:06:26.386+0800][6.037s][info][gc,phases   ] GC(163)   Merge Heap Roots: 0.05ms
[2026-06-17T10:06:26.387+0800][6.037s][info][gc,phases   ] GC(163)   Evacuate Collection Set: 0.45ms
[2026-06-17T10:06:26.387+0800][6.037s][info][gc,phases   ] GC(163)   Post Evacuate Collection Set: 0.21ms
[2026-06-17T10:06:26.387+0800][6.037s][info][gc,phases   ] GC(163)   Other: 0.80ms
[2026-06-17T10:06:26.387+0800][6.038s][info][gc,heap     ] GC(163) Eden regions: 9->0(9)
[2026-06-17T10:06:26.387+0800][6.038s][info][gc,heap     ] GC(163) Survivor regions: 2->2(2)
[2026-06-17T10:06:26.387+0800][6.038s][info][gc,heap     ] GC(163) Old regions: 29->28
[2026-06-17T10:06:26.387+0800][6.038s][info][gc,heap     ] GC(163) Humongous regions: 15->15
[2026-06-17T10:06:26.388+0800][6.038s][info][gc,metaspace] GC(163) Metaspace: 114K(320K)->114K(320K) NonClass: 107K(192K)->107K(192K) Class: 7K(128K)->7K(128K)
[2026-06-17T10:06:26.388+0800][6.038s][info][gc          ] GC(163) Pause Young (Mixed) (G1 Evacuation Pause) 54M->44M(64M) 4.669ms
[2026-06-17T10:06:26.388+0800][6.038s][info][gc,cpu      ] GC(163) User=0.00s Sys=0.00s Real=0.00s
[2026-06-17T10:06:26.409+0800][6.060s][info][gc,start    ] GC(164) Pause Young (Concurrent Start) (G1 Evacuation Pause)
[2026-06-17T10:06:26.410+0800][6.060s][info][gc,task     ] GC(164) Using 2 workers of 18 for evacuation
[2026-06-17T10:06:26.411+0800][6.062s][info][gc,phases   ] GC(164)   Pre Evacuate Collection Set: 0.56ms
[2026-06-17T10:06:26.412+0800][6.062s][info][gc,phases   ] GC(164)   Merge Heap Roots: 0.05ms
[2026-06-17T10:06:26.412+0800][6.062s][info][gc,phases   ] GC(164)   Evacuate Collection Set: 0.54ms
[2026-06-17T10:06:26.412+0800][6.063s][info][gc,phases   ] GC(164)   Post Evacuate Collection Set: 0.33ms
[2026-06-17T10:06:26.412+0800][6.063s][info][gc,phases   ] GC(164)   Other: 0.45ms
[2026-06-17T10:06:26.412+0800][6.063s][info][gc,heap     ] GC(164) Eden regions: 9->0(8)
[2026-06-17T10:06:26.413+0800][6.063s][info][gc,heap     ] GC(164) Survivor regions: 2->2(2)
[2026-06-17T10:06:26.413+0800][6.064s][info][gc,heap     ] GC(164) Old regions: 28->31
[2026-06-17T10:06:26.414+0800][6.064s][info][gc,heap     ] GC(164) Humongous regions: 15->15
[2026-06-17T10:06:26.414+0800][6.064s][info][gc,metaspace] GC(164) Metaspace: 114K(320K)->114K(320K) NonClass: 107K(192K)->107K(192K) Class: 7K(128K)->7K(128K)
[2026-06-17T10:06:26.414+0800][6.065s][info][gc          ] GC(164) Pause Young (Concurrent Start) (G1 Evacuation Pause) 53M->47M(64M) 5.186ms
[2026-06-17T10:06:26.414+0800][6.065s][info][gc,cpu      ] GC(164) User=0.00s Sys=0.00s Real=0.01s
[2026-06-17T10:06:26.415+0800][6.065s][info][gc          ] GC(165) Concurrent Mark Cycle
[2026-06-17T10:06:26.415+0800][6.065s][info][gc,marking  ] GC(165) Concurrent Scan Root Regions
[2026-06-17T10:06:26.415+0800][6.066s][info][gc,marking  ] GC(165) Concurrent Scan Root Regions 0.181ms
[2026-06-17T10:06:26.415+0800][6.066s][info][gc,marking  ] GC(165) Concurrent Mark
[2026-06-17T10:06:26.415+0800][6.066s][info][gc,marking  ] GC(165) Concurrent Mark From Roots
[2026-06-17T10:06:26.415+0800][6.066s][info][gc,task     ] GC(165) Using 5 workers of 5 for marking
[2026-06-17T10:06:26.417+0800][6.067s][info][gc,marking  ] GC(165) Concurrent Mark From Roots 1.465ms
[2026-06-17T10:06:26.417+0800][6.067s][info][gc,marking  ] GC(165) Concurrent Preclean
[2026-06-17T10:06:26.417+0800][6.067s][info][gc,marking  ] GC(165) Concurrent Preclean 0.097ms
[2026-06-17T10:06:26.417+0800][6.068s][info][gc,start    ] GC(165) Pause Remark
[2026-06-17T10:06:26.418+0800][6.068s][info][gc          ] GC(165) Pause Remark 50M->42M(64M) 0.505ms
[2026-06-17T10:06:26.418+0800][6.068s][info][gc,cpu      ] GC(165) User=0.00s Sys=0.00s Real=0.00s
[2026-06-17T10:06:26.418+0800][6.068s][info][gc,marking  ] GC(165) Concurrent Mark 2.764ms
[2026-06-17T10:06:26.418+0800][6.069s][info][gc,marking  ] GC(165) Concurrent Rebuild Remembered Sets and Scrub Regions
[2026-06-17T10:06:26.419+0800][6.069s][info][gc,marking  ] GC(165) Concurrent Rebuild Remembered Sets and Scrub Regions 0.574ms
[2026-06-17T10:06:26.419+0800][6.069s][info][gc,start    ] GC(165) Pause Cleanup
[2026-06-17T10:06:26.419+0800][6.069s][info][gc          ] GC(165) Pause Cleanup 42M->42M(64M) 0.184ms
[2026-06-17T10:06:26.419+0800][6.070s][info][gc,cpu      ] GC(165) User=0.00s Sys=0.00s Real=0.00s
[2026-06-17T10:06:26.419+0800][6.070s][info][gc,marking  ] GC(165) Concurrent Clear Claimed Marks
[2026-06-17T10:06:26.419+0800][6.070s][info][gc,marking  ] GC(165) Concurrent Clear Claimed Marks 0.129ms
[2026-06-17T10:06:26.419+0800][6.070s][info][gc,marking  ] GC(165) Concurrent Cleanup for Next Mark
[2026-06-17T10:06:26.420+0800][6.070s][info][gc,marking  ] GC(165) Concurrent Cleanup for Next Mark 0.206ms
[2026-06-17T10:06:26.420+0800][6.070s][info][gc          ] GC(165) Concurrent Mark Cycle 5.264ms
[2026-06-17T10:06:26.436+0800][6.086s][info][gc,start    ] GC(166) Pause Young (Prepare Mixed) (G1 Evacuation Pause)
[2026-06-17T10:06:26.436+0800][6.086s][info][gc,task     ] GC(166) Using 2 workers of 18 for evacuation
[2026-06-17T10:06:26.437+0800][6.087s][info][gc,phases   ] GC(166)   Pre Evacuate Collection Set: 0.13ms
[2026-06-17T10:06:26.437+0800][6.087s][info][gc,phases   ] GC(166)   Merge Heap Roots: 0.04ms
[2026-06-17T10:06:26.437+0800][6.087s][info][gc,phases   ] GC(166)   Evacuate Collection Set: 0.19ms
[2026-06-17T10:06:26.437+0800][6.088s][info][gc,phases   ] GC(166)   Post Evacuate Collection Set: 0.14ms
[2026-06-17T10:06:26.437+0800][6.088s][info][gc,phases   ] GC(166)   Other: 0.23ms
[2026-06-17T10:06:26.437+0800][6.088s][info][gc,heap     ] GC(166) Eden regions: 8->0(13)
[2026-06-17T10:06:26.438+0800][6.088s][info][gc,heap     ] GC(166) Survivor regions: 2->2(2)
[2026-06-17T10:06:26.438+0800][6.088s][info][gc,heap     ] GC(166) Old regions: 23->24
[2026-06-17T10:06:26.438+0800][6.088s][info][gc,heap     ] GC(166) Humongous regions: 15->15
[2026-06-17T10:06:26.438+0800][6.088s][info][gc,metaspace] GC(166) Metaspace: 114K(320K)->114K(320K) NonClass: 107K(192K)->107K(192K) Class: 7K(128K)->7K(128K)
[2026-06-17T10:06:26.438+0800][6.089s][info][gc          ] GC(166) Pause Young (Prepare Mixed) (G1 Evacuation Pause) 47M->40M(64M) 2.513ms
[2026-06-17T10:06:26.438+0800][6.089s][info][gc,cpu      ] GC(166) User=0.00s Sys=0.00s Real=0.00s
[2026-06-17T10:06:26.470+0800][6.120s][info][gc,start    ] GC(167) Pause Young (Mixed) (G1 Evacuation Pause)
[2026-06-17T10:06:26.470+0800][6.121s][info][gc,task     ] GC(167) Using 2 workers of 18 for evacuation
[2026-06-17T10:06:26.472+0800][6.123s][info][gc,phases   ] GC(167)   Pre Evacuate Collection Set: 0.20ms
[2026-06-17T10:06:26.472+0800][6.123s][info][gc,phases   ] GC(167)   Merge Heap Roots: 0.07ms
[2026-06-17T10:06:26.473+0800][6.123s][info][gc,phases   ] GC(167)   Evacuate Collection Set: 0.58ms
[2026-06-17T10:06:26.473+0800][6.124s][info][gc,phases   ] GC(167)   Post Evacuate Collection Set: 0.62ms
[2026-06-17T10:06:26.473+0800][6.124s][info][gc,phases   ] GC(167)   Other: 0.37ms
[2026-06-17T10:06:26.473+0800][6.124s][info][gc,heap     ] GC(167) Eden regions: 13->0(12)
[2026-06-17T10:06:26.474+0800][6.124s][info][gc,heap     ] GC(167) Survivor regions: 2->2(2)
[2026-06-17T10:06:26.474+0800][6.124s][info][gc,heap     ] GC(167) Old regions: 24->24
[2026-06-17T10:06:26.474+0800][6.124s][info][gc,heap     ] GC(167) Humongous regions: 15->15
[2026-06-17T10:06:26.474+0800][6.125s][info][gc,metaspace] GC(167) Metaspace: 114K(320K)->114K(320K) NonClass: 107K(192K)->107K(192K) Class: 7K(128K)->7K(128K)
[2026-06-17T10:06:26.474+0800][6.125s][info][gc          ] GC(167) Pause Young (Mixed) (G1 Evacuation Pause) 53M->40M(64M) 4.294ms
[2026-06-17T10:06:26.474+0800][6.125s][info][gc,cpu      ] GC(167) User=0.00s Sys=0.00s Real=0.01s
[2026-06-17T10:06:26.506+0800][6.157s][info][gc,start    ] GC(168) Pause Young (Concurrent Start) (G1 Evacuation Pause)
[2026-06-17T10:06:26.507+0800][6.157s][info][gc,task     ] GC(168) Using 2 workers of 18 for evacuation
[2026-06-17T10:06:26.508+0800][6.159s][info][gc,phases   ] GC(168)   Pre Evacuate Collection Set: 0.25ms
[2026-06-17T10:06:26.508+0800][6.159s][info][gc,phases   ] GC(168)   Merge Heap Roots: 0.05ms
[2026-06-17T10:06:26.508+0800][6.159s][info][gc,phases   ] GC(168)   Evacuate Collection Set: 0.38ms
[2026-06-17T10:06:26.509+0800][6.159s][info][gc,phases   ] GC(168)   Post Evacuate Collection Set: 0.38ms
[2026-06-17T10:06:26.509+0800][6.159s][info][gc,phases   ] GC(168)   Other: 0.34ms
[2026-06-17T10:06:26.509+0800][6.160s][info][gc,heap     ] GC(168) Eden regions: 12->0(10)
[2026-06-17T10:06:26.509+0800][6.160s][info][gc,heap     ] GC(168) Survivor regions: 2->2(2)
[2026-06-17T10:06:26.509+0800][6.160s][info][gc,heap     ] GC(168) Old regions: 24->27
[2026-06-17T10:06:26.509+0800][6.160s][info][gc,heap     ] GC(168) Humongous regions: 15->15
[2026-06-17T10:06:26.509+0800][6.160s][info][gc,metaspace] GC(168) Metaspace: 114K(320K)->114K(320K) NonClass: 107K(192K)->107K(192K) Class: 7K(128K)->7K(128K)
[2026-06-17T10:06:26.510+0800][6.160s][info][gc          ] GC(168) Pause Young (Concurrent Start) (G1 Evacuation Pause) 52M->43M(64M) 3.331ms
[2026-06-17T10:06:26.510+0800][6.160s][info][gc,cpu      ] GC(168) User=0.01s Sys=0.00s Real=0.00s
[2026-06-17T10:06:26.510+0800][6.160s][info][gc          ] GC(169) Concurrent Mark Cycle
[2026-06-17T10:06:26.510+0800][6.160s][info][gc,marking  ] GC(169) Concurrent Scan Root Regions
[2026-06-17T10:06:26.510+0800][6.161s][info][gc,marking  ] GC(169) Concurrent Scan Root Regions 0.202ms
[2026-06-17T10:06:26.510+0800][6.161s][info][gc,marking  ] GC(169) Concurrent Mark
[2026-06-17T10:06:26.510+0800][6.161s][info][gc,marking  ] GC(169) Concurrent Mark From Roots
[2026-06-17T10:06:26.510+0800][6.161s][info][gc,task     ] GC(169) Using 5 workers of 5 for marking
[2026-06-17T10:06:26.511+0800][6.162s][info][gc,marking  ] GC(169) Concurrent Mark From Roots 1.085ms
[2026-06-17T10:06:26.511+0800][6.162s][info][gc,marking  ] GC(169) Concurrent Preclean
[2026-06-17T10:06:26.512+0800][6.162s][info][gc,marking  ] GC(169) Concurrent Preclean 0.097ms
[2026-06-17T10:06:26.512+0800][6.162s][info][gc,start    ] GC(169) Pause Remark
[2026-06-17T10:06:26.512+0800][6.163s][info][gc          ] GC(169) Pause Remark 47M->47M(64M) 0.364ms
[2026-06-17T10:06:26.512+0800][6.163s][info][gc,cpu      ] GC(169) User=0.00s Sys=0.00s Real=0.00s
[2026-06-17T10:06:26.512+0800][6.163s][info][gc,marking  ] GC(169) Concurrent Mark 2.068ms
[2026-06-17T10:06:26.512+0800][6.163s][info][gc,marking  ] GC(169) Concurrent Rebuild Remembered Sets and Scrub Regions
[2026-06-17T10:06:26.513+0800][6.163s][info][gc,marking  ] GC(169) Concurrent Rebuild Remembered Sets and Scrub Regions 0.435ms
[2026-06-17T10:06:26.513+0800][6.164s][info][gc,start    ] GC(169) Pause Cleanup
[2026-06-17T10:06:26.513+0800][6.164s][info][gc          ] GC(169) Pause Cleanup 47M->47M(64M) 0.127ms
[2026-06-17T10:06:26.513+0800][6.164s][info][gc,cpu      ] GC(169) User=0.00s Sys=0.00s Real=0.00s
[2026-06-17T10:06:26.513+0800][6.164s][info][gc,marking  ] GC(169) Concurrent Clear Claimed Marks
[2026-06-17T10:06:26.513+0800][6.164s][info][gc,marking  ] GC(169) Concurrent Clear Claimed Marks 0.097ms
[2026-06-17T10:06:26.513+0800][6.164s][info][gc,marking  ] GC(169) Concurrent Cleanup for Next Mark
[2026-06-17T10:06:26.514+0800][6.164s][info][gc,marking  ] GC(169) Concurrent Cleanup for Next Mark 0.151ms
[2026-06-17T10:06:26.514+0800][6.164s][info][gc          ] GC(169) Concurrent Mark Cycle 4.029ms
[2026-06-17T10:06:26.531+0800][6.181s][info][gc,start    ] GC(170) Pause Young (Prepare Mixed) (G1 Evacuation Pause)
[2026-06-17T10:06:26.531+0800][6.182s][info][gc,task     ] GC(170) Using 2 workers of 18 for evacuation
[2026-06-17T10:06:26.532+0800][6.183s][info][gc,phases   ] GC(170)   Pre Evacuate Collection Set: 0.13ms
[2026-06-17T10:06:26.533+0800][6.183s][info][gc,phases   ] GC(170)   Merge Heap Roots: 0.06ms
[2026-06-17T10:06:26.533+0800][6.183s][info][gc,phases   ] GC(170)   Evacuate Collection Set: 0.41ms
[2026-06-17T10:06:26.533+0800][6.183s][info][gc,phases   ] GC(170)   Post Evacuate Collection Set: 0.27ms
[2026-06-17T10:06:26.533+0800][6.184s][info][gc,phases   ] GC(170)   Other: 0.25ms
[2026-06-17T10:06:26.533+0800][6.184s][info][gc,heap     ] GC(170) Eden regions: 10->0(8)
[2026-06-17T10:06:26.533+0800][6.184s][info][gc,heap     ] GC(170) Survivor regions: 2->2(2)
[2026-06-17T10:06:26.533+0800][6.184s][info][gc,heap     ] GC(170) Old regions: 27->30
[2026-06-17T10:06:26.534+0800][6.184s][info][gc,heap     ] GC(170) Humongous regions: 15->15
[2026-06-17T10:06:26.534+0800][6.184s][info][gc,metaspace] GC(170) Metaspace: 114K(320K)->114K(320K) NonClass: 107K(192K)->107K(192K) Class: 7K(128K)->7K(128K)
[2026-06-17T10:06:26.534+0800][6.184s][info][gc          ] GC(170) Pause Young (Prepare Mixed) (G1 Evacuation Pause) 53M->46M(64M) 2.932ms
[2026-06-17T10:06:26.534+0800][6.184s][info][gc,cpu      ] GC(170) User=0.00s Sys=0.00s Real=0.00s
[2026-06-17T10:06:26.555+0800][6.206s][info][gc,start    ] GC(171) Pause Young (Mixed) (G1 Evacuation Pause)
[2026-06-17T10:06:26.556+0800][6.206s][info][gc,task     ] GC(171) Using 2 workers of 18 for evacuation
[2026-06-17T10:06:26.558+0800][6.208s][info][gc,phases   ] GC(171)   Pre Evacuate Collection Set: 0.41ms
[2026-06-17T10:06:26.558+0800][6.208s][info][gc,phases   ] GC(171)   Merge Heap Roots: 0.10ms
[2026-06-17T10:06:26.558+0800][6.209s][info][gc,phases   ] GC(171)   Evacuate Collection Set: 0.73ms
[2026-06-17T10:06:26.559+0800][6.209s][info][gc,phases   ] GC(171)   Post Evacuate Collection Set: 0.44ms
[2026-06-17T10:06:26.559+0800][6.209s][info][gc,phases   ] GC(171)   Other: 0.33ms
[2026-06-17T10:06:26.559+0800][6.210s][info][gc,heap     ] GC(171) Eden regions: 8->0(6)
[2026-06-17T10:06:26.559+0800][6.210s][info][gc,heap     ] GC(171) Survivor regions: 2->2(2)
[2026-06-17T10:06:26.559+0800][6.210s][info][gc,heap     ] GC(171) Old regions: 30->31
[2026-06-17T10:06:26.559+0800][6.210s][info][gc,heap     ] GC(171) Humongous regions: 17->17
[2026-06-17T10:06:26.560+0800][6.210s][info][gc,metaspace] GC(171) Metaspace: 114K(320K)->114K(320K) NonClass: 107K(192K)->107K(192K) Class: 7K(128K)->7K(128K)
[2026-06-17T10:06:26.560+0800][6.210s][info][gc          ] GC(171) Pause Young (Mixed) (G1 Evacuation Pause) 56M->49M(64M) 4.444ms
[2026-06-17T10:06:26.560+0800][6.210s][info][gc,cpu      ] GC(171) User=0.00s Sys=0.01s Real=0.00s
[2026-06-17T10:06:26.581+0800][6.232s][info][gc,start    ] GC(172) Pause Young (Concurrent Start) (G1 Evacuation Pause)
[2026-06-17T10:06:26.581+0800][6.232s][info][gc,task     ] GC(172) Using 2 workers of 18 for evacuation
[2026-06-17T10:06:26.583+0800][6.234s][info][gc,phases   ] GC(172)   Pre Evacuate Collection Set: 0.46ms
[2026-06-17T10:06:26.584+0800][6.234s][info][gc,phases   ] GC(172)   Merge Heap Roots: 0.09ms
[2026-06-17T10:06:26.584+0800][6.235s][info][gc,phases   ] GC(172)   Evacuate Collection Set: 0.43ms
[2026-06-17T10:06:26.585+0800][6.235s][info][gc,phases   ] GC(172)   Post Evacuate Collection Set: 0.46ms
[2026-06-17T10:06:26.586+0800][6.236s][info][gc,phases   ] GC(172)   Other: 0.45ms
[2026-06-17T10:06:26.587+0800][6.237s][info][gc,heap     ] GC(172) Eden regions: 6->0(6)
[2026-06-17T10:06:26.587+0800][6.238s][info][gc,heap     ] GC(172) Survivor regions: 2->1(1)
[2026-06-17T10:06:26.589+0800][6.239s][info][gc,heap     ] GC(172) Old regions: 31->33
[2026-06-17T10:06:26.590+0800][6.240s][info][gc,heap     ] GC(172) Humongous regions: 17->17
[2026-06-17T10:06:26.590+0800][6.241s][info][gc,metaspace] GC(172) Metaspace: 114K(320K)->114K(320K) NonClass: 107K(192K)->107K(192K) Class: 7K(128K)->7K(128K)
[2026-06-17T10:06:26.590+0800][6.241s][info][gc          ] GC(172) Pause Young (Concurrent Start) (G1 Evacuation Pause) 55M->50M(64M) 9.260ms
[2026-06-17T10:06:26.591+0800][6.241s][info][gc,cpu      ] GC(172) User=0.00s Sys=0.00s Real=0.02s
[2026-06-17T10:06:26.591+0800][6.241s][info][gc          ] GC(173) Concurrent Mark Cycle
[2026-06-17T10:06:26.591+0800][6.242s][info][gc,marking  ] GC(173) Concurrent Scan Root Regions
[2026-06-17T10:06:26.591+0800][6.242s][info][gc,marking  ] GC(173) Concurrent Scan Root Regions 0.254ms
[2026-06-17T10:06:26.591+0800][6.242s][info][gc,marking  ] GC(173) Concurrent Mark
[2026-06-17T10:06:26.592+0800][6.242s][info][gc,marking  ] GC(173) Concurrent Mark From Roots
[2026-06-17T10:06:26.592+0800][6.242s][info][gc,task     ] GC(173) Using 5 workers of 5 for marking
[2026-06-17T10:06:26.593+0800][6.244s][info][gc,marking  ] GC(173) Concurrent Mark From Roots 1.732ms
[2026-06-17T10:06:26.594+0800][6.244s][info][gc,marking  ] GC(173) Concurrent Preclean
[2026-06-17T10:06:26.594+0800][6.244s][info][gc,marking  ] GC(173) Concurrent Preclean 0.174ms
[2026-06-17T10:06:26.594+0800][6.245s][info][gc,start    ] GC(173) Pause Remark
[2026-06-17T10:06:26.595+0800][6.245s][info][gc          ] GC(173) Pause Remark 54M->48M(64M) 0.626ms
[2026-06-17T10:06:26.595+0800][6.245s][info][gc,cpu      ] GC(173) User=0.00s Sys=0.00s Real=0.00s
[2026-06-17T10:06:26.595+0800][6.246s][info][gc,marking  ] GC(173) Concurrent Mark 3.693ms
[2026-06-17T10:06:26.595+0800][6.246s][info][gc,marking  ] GC(173) Concurrent Rebuild Remembered Sets and Scrub Regions
[2026-06-17T10:06:26.596+0800][6.247s][info][gc,marking  ] GC(173) Concurrent Rebuild Remembered Sets and Scrub Regions 0.738ms
[2026-06-17T10:06:26.596+0800][6.247s][info][gc,start    ] GC(173) Pause Cleanup
[2026-06-17T10:06:26.596+0800][6.247s][info][gc          ] GC(173) Pause Cleanup 48M->48M(64M) 0.118ms
[2026-06-17T10:06:26.596+0800][6.247s][info][gc,cpu      ] GC(173) User=0.00s Sys=0.00s Real=0.00s
[2026-06-17T10:06:26.596+0800][6.247s][info][gc,marking  ] GC(173) Concurrent Clear Claimed Marks
[2026-06-17T10:06:26.597+0800][6.247s][info][gc,marking  ] GC(173) Concurrent Clear Claimed Marks 0.120ms
[2026-06-17T10:06:26.597+0800][6.247s][info][gc,marking  ] GC(173) Concurrent Cleanup for Next Mark
[2026-06-17T10:06:26.597+0800][6.247s][info][gc,marking  ] GC(173) Concurrent Cleanup for Next Mark 0.165ms
[2026-06-17T10:06:26.597+0800][6.247s][info][gc          ] GC(173) Concurrent Mark Cycle 6.375ms
[2026-06-17T10:06:26.602+0800][6.252s][info][gc,start    ] GC(174) Pause Young (Prepare Mixed) (G1 Evacuation Pause)
[2026-06-17T10:06:26.602+0800][6.252s][info][gc,task     ] GC(174) Using 2 workers of 18 for evacuation
[2026-06-17T10:06:26.603+0800][6.253s][info][gc,phases   ] GC(174)   Pre Evacuate Collection Set: 0.12ms
[2026-06-17T10:06:26.603+0800][6.253s][info][gc,phases   ] GC(174)   Merge Heap Roots: 0.06ms
[2026-06-17T10:06:26.603+0800][6.253s][info][gc,phases   ] GC(174)   Evacuate Collection Set: 0.32ms
[2026-06-17T10:06:26.603+0800][6.254s][info][gc,phases   ] GC(174)   Post Evacuate Collection Set: 0.18ms
[2026-06-17T10:06:26.603+0800][6.254s][info][gc,phases   ] GC(174)   Other: 0.21ms
[2026-06-17T10:06:26.603+0800][6.254s][info][gc,heap     ] GC(174) Eden regions: 6->0(7)
[2026-06-17T10:06:26.603+0800][6.254s][info][gc,heap     ] GC(174) Survivor regions: 1->1(1)
[2026-06-17T10:06:26.603+0800][6.254s][info][gc,heap     ] GC(174) Old regions: 27->30
[2026-06-17T10:06:26.603+0800][6.254s][info][gc,heap     ] GC(174) Humongous regions: 17->17
[2026-06-17T10:06:26.604+0800][6.254s][info][gc,metaspace] GC(174) Metaspace: 114K(320K)->114K(320K) NonClass: 107K(192K)->107K(192K) Class: 7K(128K)->7K(128K)
[2026-06-17T10:06:26.604+0800][6.254s][info][gc          ] GC(174) Pause Young (Prepare Mixed) (G1 Evacuation Pause) 50M->47M(64M) 2.214ms
[2026-06-17T10:06:26.604+0800][6.254s][info][gc,cpu      ] GC(174) User=0.00s Sys=0.00s Real=0.01s
[2026-06-17T10:06:26.625+0800][6.276s][info][gc,start    ] GC(175) Pause Young (Mixed) (G1 Evacuation Pause)
[2026-06-17T10:06:26.625+0800][6.276s][info][gc,task     ] GC(175) Using 2 workers of 18 for evacuation
[2026-06-17T10:06:26.627+0800][6.277s][info][gc,phases   ] GC(175)   Pre Evacuate Collection Set: 0.19ms
[2026-06-17T10:06:26.627+0800][6.278s][info][gc,phases   ] GC(175)   Merge Heap Roots: 0.09ms
[2026-06-17T10:06:26.627+0800][6.278s][info][gc,phases   ] GC(175)   Evacuate Collection Set: 0.48ms
[2026-06-17T10:06:26.627+0800][6.278s][info][gc,phases   ] GC(175)   Post Evacuate Collection Set: 0.25ms
[2026-06-17T10:06:26.628+0800][6.278s][info][gc,phases   ] GC(175)   Other: 0.39ms
[2026-06-17T10:06:26.628+0800][6.278s][info][gc,heap     ] GC(175) Eden regions: 7->0(9)
[2026-06-17T10:06:26.628+0800][6.278s][info][gc,heap     ] GC(175) Survivor regions: 1->1(1)
[2026-06-17T10:06:26.628+0800][6.279s][info][gc,heap     ] GC(175) Old regions: 30->27
[2026-06-17T10:06:26.628+0800][6.279s][info][gc,heap     ] GC(175) Humongous regions: 17->17
[2026-06-17T10:06:26.628+0800][6.279s][info][gc,metaspace] GC(175) Metaspace: 114K(320K)->114K(320K) NonClass: 107K(192K)->107K(192K) Class: 7K(128K)->7K(128K)
[2026-06-17T10:06:26.628+0800][6.279s][info][gc          ] GC(175) Pause Young (Mixed) (G1 Evacuation Pause) 54M->44M(64M) 3.355ms
[2026-06-17T10:06:26.628+0800][6.279s][info][gc,cpu      ] GC(175) User=0.00s Sys=0.00s Real=0.00s
[2026-06-17T10:06:26.650+0800][6.300s][info][gc,start    ] GC(176) Pause Young (Mixed) (G1 Evacuation Pause)
[2026-06-17T10:06:26.652+0800][6.302s][info][gc,task     ] GC(176) Using 2 workers of 18 for evacuation
[2026-06-17T10:06:26.655+0800][6.306s][info][gc,phases   ] GC(176)   Pre Evacuate Collection Set: 0.18ms
[2026-06-17T10:06:26.655+0800][6.306s][info][gc,phases   ] GC(176)   Merge Heap Roots: 0.08ms
[2026-06-17T10:06:26.656+0800][6.306s][info][gc,phases   ] GC(176)   Evacuate Collection Set: 0.58ms
[2026-06-17T10:06:26.656+0800][6.306s][info][gc,phases   ] GC(176)   Post Evacuate Collection Set: 0.25ms
[2026-06-17T10:06:26.656+0800][6.307s][info][gc,phases   ] GC(176)   Other: 2.02ms
[2026-06-17T10:06:26.656+0800][6.307s][info][gc,heap     ] GC(176) Eden regions: 9->0(8)
[2026-06-17T10:06:26.657+0800][6.307s][info][gc,heap     ] GC(176) Survivor regions: 1->2(2)
[2026-06-17T10:06:26.657+0800][6.307s][info][gc,heap     ] GC(176) Old regions: 27->27
[2026-06-17T10:06:26.657+0800][6.308s][info][gc,heap     ] GC(176) Humongous regions: 17->17
[2026-06-17T10:06:26.658+0800][6.308s][info][gc,metaspace] GC(176) Metaspace: 114K(320K)->114K(320K) NonClass: 107K(192K)->107K(192K) Class: 7K(128K)->7K(128K)
[2026-06-17T10:06:26.658+0800][6.308s][info][gc          ] GC(176) Pause Young (Mixed) (G1 Evacuation Pause) 53M->45M(64M) 8.049ms
[2026-06-17T10:06:26.658+0800][6.309s][info][gc,cpu      ] GC(176) User=0.00s Sys=0.00s Real=0.01s
[2026-06-17T10:06:26.679+0800][6.330s][info][gc,start    ] GC(177) Pause Young (Concurrent Start) (G1 Evacuation Pause)
[2026-06-17T10:06:26.680+0800][6.330s][info][gc,task     ] GC(177) Using 2 workers of 18 for evacuation
[2026-06-17T10:06:26.681+0800][6.332s][info][gc,phases   ] GC(177)   Pre Evacuate Collection Set: 0.32ms
[2026-06-17T10:06:26.682+0800][6.332s][info][gc,phases   ] GC(177)   Merge Heap Roots: 0.08ms
[2026-06-17T10:06:26.682+0800][6.333s][info][gc,phases   ] GC(177)   Evacuate Collection Set: 0.57ms
[2026-06-17T10:06:26.682+0800][6.333s][info][gc,phases   ] GC(177)   Post Evacuate Collection Set: 0.32ms
[2026-06-17T10:06:26.682+0800][6.333s][info][gc,phases   ] GC(177)   Other: 0.39ms
[2026-06-17T10:06:26.683+0800][6.333s][info][gc,heap     ] GC(177) Eden regions: 8->0(6)
[2026-06-17T10:06:26.683+0800][6.333s][info][gc,heap     ] GC(177) Survivor regions: 2->2(2)
[2026-06-17T10:06:26.683+0800][6.334s][info][gc,heap     ] GC(177) Old regions: 27->31
[2026-06-17T10:06:26.683+0800][6.334s][info][gc,heap     ] GC(177) Humongous regions: 17->17
[2026-06-17T10:06:26.683+0800][6.334s][info][gc,metaspace] GC(177) Metaspace: 114K(320K)->114K(320K) NonClass: 107K(192K)->107K(192K) Class: 7K(128K)->7K(128K)
[2026-06-17T10:06:26.684+0800][6.334s][info][gc          ] GC(177) Pause Young (Concurrent Start) (G1 Evacuation Pause) 53M->49M(64M) 4.458ms
[2026-06-17T10:06:26.684+0800][6.335s][info][gc,cpu      ] GC(177) User=0.00s Sys=0.00s Real=0.01s
[2026-06-17T10:06:26.684+0800][6.335s][info][gc          ] GC(178) Concurrent Mark Cycle
[2026-06-17T10:06:26.685+0800][6.335s][info][gc,marking  ] GC(178) Concurrent Scan Root Regions
[2026-06-17T10:06:26.685+0800][6.336s][info][gc,marking  ] GC(178) Concurrent Scan Root Regions 0.328ms
[2026-06-17T10:06:26.685+0800][6.336s][info][gc,marking  ] GC(178) Concurrent Mark
[2026-06-17T10:06:26.685+0800][6.336s][info][gc,marking  ] GC(178) Concurrent Mark From Roots
[2026-06-17T10:06:26.686+0800][6.336s][info][gc,task     ] GC(178) Using 5 workers of 5 for marking
[2026-06-17T10:06:26.687+0800][6.338s][info][gc,marking  ] GC(178) Concurrent Mark From Roots 1.556ms
[2026-06-17T10:06:26.687+0800][6.338s][info][gc,marking  ] GC(178) Concurrent Preclean
[2026-06-17T10:06:26.687+0800][6.338s][info][gc,marking  ] GC(178) Concurrent Preclean 0.101ms
[2026-06-17T10:06:26.687+0800][6.338s][info][gc,start    ] GC(178) Pause Remark
[2026-06-17T10:06:26.688+0800][6.338s][info][gc          ] GC(178) Pause Remark 51M->49M(64M) 0.394ms
[2026-06-17T10:06:26.688+0800][6.338s][info][gc,cpu      ] GC(178) User=0.00s Sys=0.00s Real=0.00s
[2026-06-17T10:06:26.688+0800][6.339s][info][gc,marking  ] GC(178) Concurrent Mark 2.835ms
[2026-06-17T10:06:26.688+0800][6.339s][info][gc,marking  ] GC(178) Concurrent Rebuild Remembered Sets and Scrub Regions
[2026-06-17T10:06:26.689+0800][6.339s][info][gc,marking  ] GC(178) Concurrent Rebuild Remembered Sets and Scrub Regions 0.460ms
[2026-06-17T10:06:26.689+0800][6.339s][info][gc,start    ] GC(178) Pause Cleanup
[2026-06-17T10:06:26.689+0800][6.340s][info][gc          ] GC(178) Pause Cleanup 49M->49M(64M) 0.101ms
[2026-06-17T10:06:26.689+0800][6.340s][info][gc,cpu      ] GC(178) User=0.00s Sys=0.00s Real=0.00s
[2026-06-17T10:06:26.689+0800][6.340s][info][gc,marking  ] GC(178) Concurrent Clear Claimed Marks
[2026-06-17T10:06:26.689+0800][6.340s][info][gc,marking  ] GC(178) Concurrent Clear Claimed Marks 0.083ms
[2026-06-17T10:06:26.689+0800][6.340s][info][gc,marking  ] GC(178) Concurrent Cleanup for Next Mark
[2026-06-17T10:06:26.690+0800][6.340s][info][gc,marking  ] GC(178) Concurrent Cleanup for Next Mark 0.204ms
[2026-06-17T10:06:26.690+0800][6.340s][info][gc          ] GC(178) Concurrent Mark Cycle 5.529ms
[2026-06-17T10:06:26.705+0800][6.356s][info][gc,start    ] GC(179) Pause Young (Prepare Mixed) (G1 Evacuation Pause)
[2026-06-17T10:06:26.706+0800][6.356s][info][gc,task     ] GC(179) Using 2 workers of 18 for evacuation
[2026-06-17T10:06:26.707+0800][6.357s][info][gc,phases   ] GC(179)   Pre Evacuate Collection Set: 0.14ms
[2026-06-17T10:06:26.707+0800][6.357s][info][gc,phases   ] GC(179)   Merge Heap Roots: 0.07ms
[2026-06-17T10:06:26.707+0800][6.358s][info][gc,phases   ] GC(179)   Evacuate Collection Set: 0.19ms
[2026-06-17T10:06:26.707+0800][6.358s][info][gc,phases   ] GC(179)   Post Evacuate Collection Set: 0.29ms
[2026-06-17T10:06:26.708+0800][6.358s][info][gc,phases   ] GC(179)   Other: 0.33ms
[2026-06-17T10:06:26.708+0800][6.358s][info][gc,heap     ] GC(179) Eden regions: 6->0(8)
[2026-06-17T10:06:26.708+0800][6.359s][info][gc,heap     ] GC(179) Survivor regions: 2->1(1)
[2026-06-17T10:06:26.709+0800][6.360s][info][gc,heap     ] GC(179) Old regions: 29->30
[2026-06-17T10:06:26.710+0800][6.361s][info][gc,heap     ] GC(179) Humongous regions: 17->17
[2026-06-17T10:06:26.710+0800][6.361s][info][gc,metaspace] GC(179) Metaspace: 114K(320K)->114K(320K) NonClass: 107K(192K)->107K(192K) Class: 7K(128K)->7K(128K)
[2026-06-17T10:06:26.710+0800][6.361s][info][gc          ] GC(179) Pause Young (Prepare Mixed) (G1 Evacuation Pause) 53M->47M(64M) 5.230ms
[2026-06-17T10:06:26.711+0800][6.361s][info][gc,cpu      ] GC(179) User=0.00s Sys=0.00s Real=0.01s
[2026-06-17T10:06:26.722+0800][6.372s][info][gc,start    ] GC(180) Pause Young (Mixed) (G1 Evacuation Pause)
[2026-06-17T10:06:26.722+0800][6.372s][info][gc,task     ] GC(180) Using 2 workers of 18 for evacuation
[2026-06-17T10:06:26.723+0800][6.374s][info][gc,phases   ] GC(180)   Pre Evacuate Collection Set: 0.10ms
[2026-06-17T10:06:26.723+0800][6.374s][info][gc,phases   ] GC(180)   Merge Heap Roots: 0.06ms
[2026-06-17T10:06:26.724+0800][6.374s][info][gc,phases   ] GC(180)   Evacuate Collection Set: 0.61ms
[2026-06-17T10:06:26.724+0800][6.374s][info][gc,phases   ] GC(180)   Post Evacuate Collection Set: 0.19ms
[2026-06-17T10:06:26.724+0800][6.375s][info][gc,phases   ] GC(180)   Other: 0.24ms
[2026-06-17T10:06:26.724+0800][6.375s][info][gc,heap     ] GC(180) Eden regions: 8->0(7)
[2026-06-17T10:06:26.724+0800][6.375s][info][gc,heap     ] GC(180) Survivor regions: 1->2(2)
[2026-06-17T10:06:26.724+0800][6.375s][info][gc,heap     ] GC(180) Old regions: 30->28
[2026-06-17T10:06:26.725+0800][6.375s][info][gc,heap     ] GC(180) Humongous regions: 17->17
[2026-06-17T10:06:26.725+0800][6.375s][info][gc,metaspace] GC(180) Metaspace: 114K(320K)->114K(320K) NonClass: 107K(192K)->107K(192K) Class: 7K(128K)->7K(128K)
[2026-06-17T10:06:26.725+0800][6.375s][info][gc          ] GC(180) Pause Young (Mixed) (G1 Evacuation Pause) 55M->46M(64M) 3.377ms
[2026-06-17T10:06:26.725+0800][6.376s][info][gc,cpu      ] GC(180) User=0.00s Sys=0.00s Real=0.01s
[2026-06-17T10:06:26.746+0800][6.397s][info][gc,start    ] GC(181) Pause Young (Concurrent Start) (G1 Evacuation Pause)
[2026-06-17T10:06:26.747+0800][6.397s][info][gc,task     ] GC(181) Using 2 workers of 18 for evacuation
[2026-06-17T10:06:26.747+0800][6.398s][info][gc,phases   ] GC(181)   Pre Evacuate Collection Set: 0.20ms
[2026-06-17T10:06:26.748+0800][6.398s][info][gc,phases   ] GC(181)   Merge Heap Roots: 0.04ms
[2026-06-17T10:06:26.748+0800][6.399s][info][gc,phases   ] GC(181)   Evacuate Collection Set: 0.19ms
[2026-06-17T10:06:26.749+0800][6.399s][info][gc,phases   ] GC(181)   Post Evacuate Collection Set: 0.16ms
[2026-06-17T10:06:26.749+0800][6.399s][info][gc,phases   ] GC(181)   Other: 0.27ms
[2026-06-17T10:06:26.749+0800][6.400s][info][gc,heap     ] GC(181) Eden regions: 7->0(7)
[2026-06-17T10:06:26.749+0800][6.400s][info][gc,heap     ] GC(181) Survivor regions: 2->1(2)
[2026-06-17T10:06:26.750+0800][6.400s][info][gc,heap     ] GC(181) Old regions: 28->30
[2026-06-17T10:06:26.750+0800][6.400s][info][gc,heap     ] GC(181) Humongous regions: 17->17
[2026-06-17T10:06:26.750+0800][6.400s][info][gc,metaspace] GC(181) Metaspace: 114K(320K)->114K(320K) NonClass: 107K(192K)->107K(192K) Class: 7K(128K)->7K(128K)
[2026-06-17T10:06:26.750+0800][6.401s][info][gc          ] GC(181) Pause Young (Concurrent Start) (G1 Evacuation Pause) 53M->46M(64M) 3.900ms
[2026-06-17T10:06:26.750+0800][6.401s][info][gc,cpu      ] GC(181) User=0.01s Sys=0.00s Real=0.00s
[2026-06-17T10:06:26.750+0800][6.401s][info][gc          ] GC(182) Concurrent Mark Cycle
[2026-06-17T10:06:26.751+0800][6.401s][info][gc,marking  ] GC(182) Concurrent Scan Root Regions
[2026-06-17T10:06:26.751+0800][6.401s][info][gc,marking  ] GC(182) Concurrent Scan Root Regions 0.213ms
[2026-06-17T10:06:26.751+0800][6.402s][info][gc,marking  ] GC(182) Concurrent Mark
[2026-06-17T10:06:26.751+0800][6.402s][info][gc,marking  ] GC(182) Concurrent Mark From Roots
[2026-06-17T10:06:26.751+0800][6.402s][info][gc,task     ] GC(182) Using 5 workers of 5 for marking
[2026-06-17T10:06:26.752+0800][6.403s][info][gc,marking  ] GC(182) Concurrent Mark From Roots 1.129ms
[2026-06-17T10:06:26.752+0800][6.403s][info][gc,marking  ] GC(182) Concurrent Preclean
[2026-06-17T10:06:26.753+0800][6.403s][info][gc,marking  ] GC(182) Concurrent Preclean 0.175ms
[2026-06-17T10:06:26.753+0800][6.403s][info][gc,start    ] GC(182) Pause Remark
[2026-06-17T10:06:26.753+0800][6.404s][info][gc          ] GC(182) Pause Remark 48M->39M(64M) 0.360ms
[2026-06-17T10:06:26.753+0800][6.404s][info][gc,cpu      ] GC(182) User=0.00s Sys=0.00s Real=0.00s
[2026-06-17T10:06:26.753+0800][6.404s][info][gc,marking  ] GC(182) Concurrent Mark 2.349ms
[2026-06-17T10:06:26.753+0800][6.404s][info][gc,marking  ] GC(182) Concurrent Rebuild Remembered Sets and Scrub Regions
[2026-06-17T10:06:26.754+0800][6.404s][info][gc,marking  ] GC(182) Concurrent Rebuild Remembered Sets and Scrub Regions 0.441ms
[2026-06-17T10:06:26.754+0800][6.405s][info][gc,start    ] GC(182) Pause Cleanup
[2026-06-17T10:06:26.754+0800][6.405s][info][gc          ] GC(182) Pause Cleanup 39M->39M(64M) 0.131ms
[2026-06-17T10:06:26.754+0800][6.405s][info][gc,cpu      ] GC(182) User=0.00s Sys=0.00s Real=0.00s
[2026-06-17T10:06:26.755+0800][6.405s][info][gc,marking  ] GC(182) Concurrent Clear Claimed Marks
[2026-06-17T10:06:26.755+0800][6.405s][info][gc,marking  ] GC(182) Concurrent Clear Claimed Marks 0.112ms
[2026-06-17T10:06:26.755+0800][6.405s][info][gc,marking  ] GC(182) Concurrent Cleanup for Next Mark
[2026-06-17T10:06:26.755+0800][6.406s][info][gc,marking  ] GC(182) Concurrent Cleanup for Next Mark 0.179ms
[2026-06-17T10:06:26.755+0800][6.406s][info][gc          ] GC(182) Concurrent Mark Cycle 4.801ms
[2026-06-17T10:06:26.771+0800][6.422s][info][gc,start    ] GC(183) Pause Young (Prepare Mixed) (G1 Evacuation Pause)
[2026-06-17T10:06:26.772+0800][6.422s][info][gc,task     ] GC(183) Using 2 workers of 18 for evacuation
[2026-06-17T10:06:26.773+0800][6.423s][info][gc,phases   ] GC(183)   Pre Evacuate Collection Set: 0.11ms
[2026-06-17T10:06:26.773+0800][6.424s][info][gc,phases   ] GC(183)   Merge Heap Roots: 0.06ms
[2026-06-17T10:06:26.773+0800][6.424s][info][gc,phases   ] GC(183)   Evacuate Collection Set: 0.32ms
[2026-06-17T10:06:26.773+0800][6.424s][info][gc,phases   ] GC(183)   Post Evacuate Collection Set: 0.21ms
[2026-06-17T10:06:26.774+0800][6.424s][info][gc,phases   ] GC(183)   Other: 0.26ms
[2026-06-17T10:06:26.774+0800][6.424s][info][gc,heap     ] GC(183) Eden regions: 7->0(9)
[2026-06-17T10:06:26.774+0800][6.425s][info][gc,heap     ] GC(183) Survivor regions: 1->1(1)
[2026-06-17T10:06:26.774+0800][6.425s][info][gc,heap     ] GC(183) Old regions: 21->24
[2026-06-17T10:06:26.774+0800][6.425s][info][gc,heap     ] GC(183) Humongous regions: 17->17
[2026-06-17T10:06:26.774+0800][6.425s][info][gc,metaspace] GC(183) Metaspace: 114K(320K)->114K(320K) NonClass: 107K(192K)->107K(192K) Class: 7K(128K)->7K(128K)
[2026-06-17T10:06:26.775+0800][6.425s][info][gc          ] GC(183) Pause Young (Prepare Mixed) (G1 Evacuation Pause) 44M->41M(64M) 3.355ms
[2026-06-17T10:06:26.775+0800][6.425s][info][gc,cpu      ] GC(183) User=0.00s Sys=0.00s Real=0.00s
[2026-06-17T10:06:26.796+0800][6.447s][info][gc,start    ] GC(184) Pause Young (Mixed) (G1 Evacuation Pause)
[2026-06-17T10:06:26.797+0800][6.447s][info][gc,task     ] GC(184) Using 2 workers of 18 for evacuation
[2026-06-17T10:06:26.799+0800][6.449s][info][gc,phases   ] GC(184)   Pre Evacuate Collection Set: 0.18ms
[2026-06-17T10:06:26.799+0800][6.449s][info][gc,phases   ] GC(184)   Merge Heap Roots: 0.06ms
[2026-06-17T10:06:26.799+0800][6.450s][info][gc,phases   ] GC(184)   Evacuate Collection Set: 0.52ms
[2026-06-17T10:06:26.799+0800][6.450s][info][gc,phases   ] GC(184)   Post Evacuate Collection Set: 0.22ms
[2026-06-17T10:06:26.800+0800][6.450s][info][gc,phases   ] GC(184)   Other: 0.75ms
[2026-06-17T10:06:26.800+0800][6.450s][info][gc,heap     ] GC(184) Eden regions: 9->0(13)
[2026-06-17T10:06:26.800+0800][6.450s][info][gc,heap     ] GC(184) Survivor regions: 1->2(2)
[2026-06-17T10:06:26.800+0800][6.451s][info][gc,heap     ] GC(184) Old regions: 24->22
[2026-06-17T10:06:26.800+0800][6.451s][info][gc,heap     ] GC(184) Humongous regions: 19->10
[2026-06-17T10:06:26.800+0800][6.451s][info][gc,metaspace] GC(184) Metaspace: 114K(320K)->114K(320K) NonClass: 107K(192K)->107K(192K) Class: 7K(128K)->7K(128K)
[2026-06-17T10:06:26.801+0800][6.451s][info][gc          ] GC(184) Pause Young (Mixed) (G1 Evacuation Pause) 52M->33M(64M) 4.285ms
[2026-06-17T10:06:26.801+0800][6.451s][info][gc,cpu      ] GC(184) User=0.00s Sys=0.00s Real=0.00s
[2026-06-17T10:06:26.843+0800][6.493s][info][gc,start    ] GC(185) Pause Young (Normal) (G1 Evacuation Pause)
[2026-06-17T10:06:26.853+0800][6.504s][info][gc,task     ] GC(185) Using 2 workers of 18 for evacuation
[2026-06-17T10:06:26.859+0800][6.509s][info][gc,phases   ] GC(185)   Pre Evacuate Collection Set: 0.17ms
[2026-06-17T10:06:26.860+0800][6.510s][info][gc,phases   ] GC(185)   Merge Heap Roots: 0.05ms
[2026-06-17T10:06:26.862+0800][6.512s][info][gc,phases   ] GC(185)   Evacuate Collection Set: 0.33ms
[2026-06-17T10:06:26.863+0800][6.513s][info][gc,phases   ] GC(185)   Post Evacuate Collection Set: 0.22ms
[2026-06-17T10:06:26.863+0800][6.514s][info][gc,phases   ] GC(185)   Other: 4.79ms
[2026-06-17T10:06:26.865+0800][6.516s][info][gc,heap     ] GC(185) Eden regions: 13->0(14)
[2026-06-17T10:06:26.866+0800][6.516s][info][gc,heap     ] GC(185) Survivor regions: 2->2(2)
[2026-06-17T10:06:26.867+0800][6.518s][info][gc,heap     ] GC(185) Old regions: 22->23
[2026-06-17T10:06:26.867+0800][6.518s][info][gc,heap     ] GC(185) Humongous regions: 10->10
[2026-06-17T10:06:26.868+0800][6.519s][info][gc,metaspace] GC(185) Metaspace: 114K(320K)->114K(320K) NonClass: 107K(192K)->107K(192K) Class: 7K(128K)->7K(128K)
[2026-06-17T10:06:26.870+0800][6.521s][info][gc          ] GC(185) Pause Young (Normal) (G1 Evacuation Pause) 46M->34M(64M) 27.857ms
[2026-06-17T10:06:26.874+0800][6.525s][info][gc,cpu      ] GC(185) User=0.00s Sys=0.00s Real=0.03s
[2026-06-17T10:06:26.910+0800][6.561s][info][gc,start    ] GC(186) Pause Young (Normal) (G1 Evacuation Pause)
[2026-06-17T10:06:26.911+0800][6.562s][info][gc,task     ] GC(186) Using 2 workers of 18 for evacuation
[2026-06-17T10:06:26.914+0800][6.564s][info][gc,phases   ] GC(186)   Pre Evacuate Collection Set: 0.28ms
[2026-06-17T10:06:26.915+0800][6.565s][info][gc,phases   ] GC(186)   Merge Heap Roots: 0.25ms
[2026-06-17T10:06:26.916+0800][6.566s][info][gc,phases   ] GC(186)   Evacuate Collection Set: 0.84ms
[2026-06-17T10:06:26.927+0800][6.577s][info][gc,phases   ] GC(186)   Post Evacuate Collection Set: 0.46ms
[2026-06-17T10:06:26.927+0800][6.578s][info][gc,phases   ] GC(186)   Other: 0.81ms
[2026-06-17T10:06:26.928+0800][6.579s][info][gc,heap     ] GC(186) Eden regions: 14->0(12)
[2026-06-17T10:06:26.929+0800][6.580s][info][gc,heap     ] GC(186) Survivor regions: 2->2(2)
[2026-06-17T10:06:26.930+0800][6.580s][info][gc,heap     ] GC(186) Old regions: 23->27
[2026-06-17T10:06:26.930+0800][6.581s][info][gc,heap     ] GC(186) Humongous regions: 10->10
[2026-06-17T10:06:26.931+0800][6.581s][info][gc,metaspace] GC(186) Metaspace: 114K(320K)->114K(320K) NonClass: 107K(192K)->107K(192K) Class: 7K(128K)->7K(128K)
[2026-06-17T10:06:26.931+0800][6.582s][info][gc          ] GC(186) Pause Young (Normal) (G1 Evacuation Pause) 48M->38M(64M) 20.965ms
[2026-06-17T10:06:26.932+0800][6.582s][info][gc,cpu      ] GC(186) User=0.00s Sys=0.00s Real=0.03s
[2026-06-17T10:06:26.964+0800][6.614s][info][gc,start    ] GC(187) Pause Young (Concurrent Start) (G1 Evacuation Pause)
[2026-06-17T10:06:26.964+0800][6.615s][info][gc,task     ] GC(187) Using 2 workers of 18 for evacuation
[2026-06-17T10:06:26.966+0800][6.616s][info][gc,phases   ] GC(187)   Pre Evacuate Collection Set: 0.19ms
[2026-06-17T10:06:26.966+0800][6.617s][info][gc,phases   ] GC(187)   Merge Heap Roots: 0.04ms
[2026-06-17T10:06:26.967+0800][6.617s][info][gc,phases   ] GC(187)   Evacuate Collection Set: 0.39ms
[2026-06-17T10:06:26.967+0800][6.618s][info][gc,phases   ] GC(187)   Post Evacuate Collection Set: 0.17ms
[2026-06-17T10:06:26.968+0800][6.619s][info][gc,phases   ] GC(187)   Other: 0.58ms
[2026-06-17T10:06:26.969+0800][6.619s][info][gc,heap     ] GC(187) Eden regions: 12->0(10)
[2026-06-17T10:06:26.969+0800][6.620s][info][gc,heap     ] GC(187) Survivor regions: 2->2(2)
[2026-06-17T10:06:26.970+0800][6.620s][info][gc,heap     ] GC(187) Old regions: 27->30
[2026-06-17T10:06:26.970+0800][6.621s][info][gc,heap     ] GC(187) Humongous regions: 10->10
[2026-06-17T10:06:26.971+0800][6.621s][info][gc,metaspace] GC(187) Metaspace: 114K(320K)->114K(320K) NonClass: 107K(192K)->107K(192K) Class: 7K(128K)->7K(128K)
[2026-06-17T10:06:26.971+0800][6.622s][info][gc          ] GC(187) Pause Young (Concurrent Start) (G1 Evacuation Pause) 50M->41M(64M) 7.251ms
[2026-06-17T10:06:26.972+0800][6.622s][info][gc,cpu      ] GC(187) User=0.01s Sys=0.00s Real=0.01s
[2026-06-17T10:06:26.972+0800][6.622s][info][gc          ] GC(188) Concurrent Mark Cycle
[2026-06-17T10:06:26.972+0800][6.623s][info][gc,marking  ] GC(188) Concurrent Scan Root Regions
[2026-06-17T10:06:26.973+0800][6.623s][info][gc,marking  ] GC(188) Concurrent Scan Root Regions 0.403ms
[2026-06-17T10:06:26.973+0800][6.624s][info][gc,marking  ] GC(188) Concurrent Mark
[2026-06-17T10:06:26.974+0800][6.624s][info][gc,marking  ] GC(188) Concurrent Mark From Roots
[2026-06-17T10:06:26.974+0800][6.625s][info][gc,task     ] GC(188) Using 5 workers of 5 for marking
[2026-06-17T10:06:26.976+0800][6.626s][info][gc,marking  ] GC(188) Concurrent Mark From Roots 1.981ms
[2026-06-17T10:06:26.976+0800][6.626s][info][gc,marking  ] GC(188) Concurrent Preclean
[2026-06-17T10:06:26.976+0800][6.627s][info][gc,marking  ] GC(188) Concurrent Preclean 0.376ms
[2026-06-17T10:06:26.977+0800][6.627s][info][gc,start    ] GC(188) Pause Remark
[2026-06-17T10:06:26.977+0800][6.628s][info][gc          ] GC(188) Pause Remark 43M->34M(64M) 0.511ms
[2026-06-17T10:06:26.977+0800][6.628s][info][gc,cpu      ] GC(188) User=0.00s Sys=0.00s Real=0.00s
[2026-06-17T10:06:26.978+0800][6.628s][info][gc,marking  ] GC(188) Concurrent Mark 4.528ms
[2026-06-17T10:06:26.978+0800][6.629s][info][gc,marking  ] GC(188) Concurrent Rebuild Remembered Sets and Scrub Regions
[2026-06-17T10:06:26.979+0800][6.629s][info][gc,marking  ] GC(188) Concurrent Rebuild Remembered Sets and Scrub Regions 0.730ms
[2026-06-17T10:06:26.979+0800][6.630s][info][gc,start    ] GC(188) Pause Cleanup
[2026-06-17T10:06:26.980+0800][6.630s][info][gc          ] GC(188) Pause Cleanup 34M->34M(64M) 0.373ms
[2026-06-17T10:06:26.980+0800][6.630s][info][gc,cpu      ] GC(188) User=0.00s Sys=0.00s Real=0.00s
[2026-06-17T10:06:26.980+0800][6.631s][info][gc,marking  ] GC(188) Concurrent Clear Claimed Marks
[2026-06-17T10:06:26.981+0800][6.631s][info][gc,marking  ] GC(188) Concurrent Clear Claimed Marks 0.405ms
[2026-06-17T10:06:26.981+0800][6.632s][info][gc,marking  ] GC(188) Concurrent Cleanup for Next Mark
[2026-06-17T10:06:26.982+0800][6.632s][info][gc,marking  ] GC(188) Concurrent Cleanup for Next Mark 0.545ms
[2026-06-17T10:06:26.982+0800][6.633s][info][gc          ] GC(188) Concurrent Mark Cycle 10.586ms
[2026-06-17T10:06:26.993+0800][6.644s][info][gc,start    ] GC(189) Pause Young (Prepare Mixed) (G1 Evacuation Pause)
[2026-06-17T10:06:26.994+0800][6.644s][info][gc,task     ] GC(189) Using 2 workers of 18 for evacuation
[2026-06-17T10:06:26.995+0800][6.645s][info][gc,phases   ] GC(189)   Pre Evacuate Collection Set: 0.11ms
[2026-06-17T10:06:26.995+0800][6.646s][info][gc,phases   ] GC(189)   Merge Heap Roots: 0.05ms
[2026-06-17T10:06:26.996+0800][6.646s][info][gc,phases   ] GC(189)   Evacuate Collection Set: 0.39ms
[2026-06-17T10:06:26.996+0800][6.647s][info][gc,phases   ] GC(189)   Post Evacuate Collection Set: 0.15ms
[2026-06-17T10:06:26.997+0800][6.647s][info][gc,phases   ] GC(189)   Other: 0.48ms
[2026-06-17T10:06:26.997+0800][6.648s][info][gc,heap     ] GC(189) Eden regions: 10->0(13)
[2026-06-17T10:06:26.998+0800][6.648s][info][gc,heap     ] GC(189) Survivor regions: 2->2(2)
[2026-06-17T10:06:26.998+0800][6.649s][info][gc,heap     ] GC(189) Old regions: 21->25
[2026-06-17T10:06:26.999+0800][6.649s][info][gc,heap     ] GC(189) Humongous regions: 10->10
[2026-06-17T10:06:26.999+0800][6.650s][info][gc,metaspace] GC(189) Metaspace: 114K(320K)->114K(320K) NonClass: 107K(192K)->107K(192K) Class: 7K(128K)->7K(128K)
[2026-06-17T10:06:27.000+0800][6.650s][info][gc          ] GC(189) Pause Young (Prepare Mixed) (G1 Evacuation Pause) 42M->36M(64M) 6.821ms
[2026-06-17T10:06:27.000+0800][6.651s][info][gc,cpu      ] GC(189) User=0.00s Sys=0.00s Real=0.00s
[2026-06-17T10:06:27.043+0800][6.693s][info][gc,start    ] GC(190) Pause Young (Mixed) (G1 Evacuation Pause)
[2026-06-17T10:06:27.043+0800][6.694s][info][gc,task     ] GC(190) Using 2 workers of 18 for evacuation
[2026-06-17T10:06:27.044+0800][6.695s][info][gc,phases   ] GC(190)   Pre Evacuate Collection Set: 0.13ms
[2026-06-17T10:06:27.045+0800][6.695s][info][gc,phases   ] GC(190)   Merge Heap Roots: 0.05ms
[2026-06-17T10:06:27.045+0800][6.695s][info][gc,phases   ] GC(190)   Evacuate Collection Set: 0.50ms
[2026-06-17T10:06:27.045+0800][6.696s][info][gc,phases   ] GC(190)   Post Evacuate Collection Set: 0.39ms
[2026-06-17T10:06:27.045+0800][6.696s][info][gc,phases   ] GC(190)   Other: 0.31ms
[2026-06-17T10:06:27.045+0800][6.696s][info][gc,heap     ] GC(190) Eden regions: 13->0(15)
[2026-06-17T10:06:27.045+0800][6.696s][info][gc,heap     ] GC(190) Survivor regions: 2->2(2)
[2026-06-17T10:06:27.045+0800][6.696s][info][gc,heap     ] GC(190) Old regions: 25->22
[2026-06-17T10:06:27.046+0800][6.696s][info][gc,heap     ] GC(190) Humongous regions: 12->12
[2026-06-17T10:06:27.046+0800][6.696s][info][gc,metaspace] GC(190) Metaspace: 114K(320K)->114K(320K) NonClass: 107K(192K)->107K(192K) Class: 7K(128K)->7K(128K)
[2026-06-17T10:06:27.046+0800][6.696s][info][gc          ] GC(190) Pause Young (Mixed) (G1 Evacuation Pause) 51M->35M(64M) 3.211ms
[2026-06-17T10:06:27.046+0800][6.697s][info][gc,cpu      ] GC(190) User=0.01s Sys=0.00s Real=0.00s
[2026-06-17T10:06:27.078+0800][6.728s][info][gc,start    ] GC(191) Pause Young (Mixed) (G1 Evacuation Pause)
[2026-06-17T10:06:27.078+0800][6.729s][info][gc,task     ] GC(191) Using 2 workers of 18 for evacuation
[2026-06-17T10:06:27.080+0800][6.730s][info][gc,phases   ] GC(191)   Pre Evacuate Collection Set: 0.13ms
[2026-06-17T10:06:27.080+0800][6.730s][info][gc,phases   ] GC(191)   Merge Heap Roots: 0.05ms
[2026-06-17T10:06:27.080+0800][6.731s][info][gc,phases   ] GC(191)   Evacuate Collection Set: 0.57ms
[2026-06-17T10:06:27.080+0800][6.731s][info][gc,phases   ] GC(191)   Post Evacuate Collection Set: 0.19ms
[2026-06-17T10:06:27.080+0800][6.731s][info][gc,phases   ] GC(191)   Other: 0.31ms
[2026-06-17T10:06:27.081+0800][6.731s][info][gc,heap     ] GC(191) Eden regions: 15->0(11)
[2026-06-17T10:06:27.081+0800][6.731s][info][gc,heap     ] GC(191) Survivor regions: 2->3(3)
[2026-06-17T10:06:27.081+0800][6.731s][info][gc,heap     ] GC(191) Old regions: 22->25
[2026-06-17T10:06:27.081+0800][6.731s][info][gc,heap     ] GC(191) Humongous regions: 12->12
[2026-06-17T10:06:27.081+0800][6.732s][info][gc,metaspace] GC(191) Metaspace: 114K(320K)->114K(320K) NonClass: 107K(192K)->107K(192K) Class: 7K(128K)->7K(128K)
[2026-06-17T10:06:27.081+0800][6.732s][info][gc          ] GC(191) Pause Young (Mixed) (G1 Evacuation Pause) 50M->39M(64M) 3.196ms
[2026-06-17T10:06:27.081+0800][6.732s][info][gc,cpu      ] GC(191) User=0.00s Sys=0.00s Real=0.00s
[2026-06-17T10:06:27.113+0800][6.763s][info][gc,start    ] GC(192) Pause Young (Concurrent Start) (G1 Evacuation Pause)
[2026-06-17T10:06:27.113+0800][6.764s][info][gc,task     ] GC(192) Using 2 workers of 18 for evacuation
[2026-06-17T10:06:27.114+0800][6.765s][info][gc,phases   ] GC(192)   Pre Evacuate Collection Set: 0.21ms
[2026-06-17T10:06:27.114+0800][6.765s][info][gc,phases   ] GC(192)   Merge Heap Roots: 0.05ms
[2026-06-17T10:06:27.115+0800][6.765s][info][gc,phases   ] GC(192)   Evacuate Collection Set: 0.46ms
[2026-06-17T10:06:27.115+0800][6.765s][info][gc,phases   ] GC(192)   Post Evacuate Collection Set: 0.20ms
[2026-06-17T10:06:27.115+0800][6.766s][info][gc,phases   ] GC(192)   Other: 0.22ms
[2026-06-17T10:06:27.115+0800][6.766s][info][gc,heap     ] GC(192) Eden regions: 11->0(9)
[2026-06-17T10:06:27.115+0800][6.766s][info][gc,heap     ] GC(192) Survivor regions: 3->2(2)
[2026-06-17T10:06:27.115+0800][6.766s][info][gc,heap     ] GC(192) Old regions: 25->29
[2026-06-17T10:06:27.115+0800][6.766s][info][gc,heap     ] GC(192) Humongous regions: 12->12
[2026-06-17T10:06:27.116+0800][6.766s][info][gc,metaspace] GC(192) Metaspace: 114K(320K)->114K(320K) NonClass: 107K(192K)->107K(192K) Class: 7K(128K)->7K(128K)
[2026-06-17T10:06:27.116+0800][6.766s][info][gc          ] GC(192) Pause Young (Concurrent Start) (G1 Evacuation Pause) 50M->42M(64M) 3.081ms
[2026-06-17T10:06:27.116+0800][6.767s][info][gc,cpu      ] GC(192) User=0.00s Sys=0.00s Real=0.00s
[2026-06-17T10:06:27.116+0800][6.767s][info][gc          ] GC(193) Concurrent Mark Cycle
[2026-06-17T10:06:27.116+0800][6.767s][info][gc,marking  ] GC(193) Concurrent Scan Root Regions
[2026-06-17T10:06:27.117+0800][6.767s][info][gc,marking  ] GC(193) Concurrent Scan Root Regions 0.210ms
[2026-06-17T10:06:27.117+0800][6.767s][info][gc,marking  ] GC(193) Concurrent Mark
[2026-06-17T10:06:27.117+0800][6.767s][info][gc,marking  ] GC(193) Concurrent Mark From Roots
[2026-06-17T10:06:27.117+0800][6.768s][info][gc,task     ] GC(193) Using 5 workers of 5 for marking
[2026-06-17T10:06:27.118+0800][6.769s][info][gc,marking  ] GC(193) Concurrent Mark From Roots 1.303ms
[2026-06-17T10:06:27.118+0800][6.769s][info][gc,marking  ] GC(193) Concurrent Preclean
[2026-06-17T10:06:27.118+0800][6.769s][info][gc,marking  ] GC(193) Concurrent Preclean 0.116ms
[2026-06-17T10:06:27.119+0800][6.769s][info][gc,start    ] GC(193) Pause Remark
[2026-06-17T10:06:27.119+0800][6.770s][info][gc          ] GC(193) Pause Remark 44M->44M(64M) 0.540ms
[2026-06-17T10:06:27.119+0800][6.770s][info][gc,cpu      ] GC(193) User=0.00s Sys=0.00s Real=0.00s
[2026-06-17T10:06:27.120+0800][6.770s][info][gc,marking  ] GC(193) Concurrent Mark 2.926ms
[2026-06-17T10:06:27.120+0800][6.770s][info][gc,marking  ] GC(193) Concurrent Rebuild Remembered Sets and Scrub Regions
[2026-06-17T10:06:27.120+0800][6.771s][info][gc,marking  ] GC(193) Concurrent Rebuild Remembered Sets and Scrub Regions 0.456ms
[2026-06-17T10:06:27.120+0800][6.771s][info][gc,start    ] GC(193) Pause Cleanup
[2026-06-17T10:06:27.120+0800][6.771s][info][gc          ] GC(193) Pause Cleanup 44M->44M(64M) 0.100ms
[2026-06-17T10:06:27.121+0800][6.771s][info][gc,cpu      ] GC(193) User=0.00s Sys=0.00s Real=0.00s
[2026-06-17T10:06:27.121+0800][6.771s][info][gc,marking  ] GC(193) Concurrent Clear Claimed Marks
[2026-06-17T10:06:27.121+0800][6.771s][info][gc,marking  ] GC(193) Concurrent Clear Claimed Marks 0.087ms
[2026-06-17T10:06:27.121+0800][6.771s][info][gc,marking  ] GC(193) Concurrent Cleanup for Next Mark
[2026-06-17T10:06:27.121+0800][6.772s][info][gc,marking  ] GC(193) Concurrent Cleanup for Next Mark 0.214ms
[2026-06-17T10:06:27.121+0800][6.772s][info][gc          ] GC(193) Concurrent Mark Cycle 5.030ms
[2026-06-17T10:06:27.137+0800][6.788s][info][gc,start    ] GC(194) Pause Young (Prepare Mixed) (G1 Evacuation Pause)
[2026-06-17T10:06:27.138+0800][6.788s][info][gc,task     ] GC(194) Using 2 workers of 18 for evacuation
[2026-06-17T10:06:27.139+0800][6.789s][info][gc,phases   ] GC(194)   Pre Evacuate Collection Set: 0.13ms
[2026-06-17T10:06:27.139+0800][6.790s][info][gc,phases   ] GC(194)   Merge Heap Roots: 0.06ms
[2026-06-17T10:06:27.139+0800][6.790s][info][gc,phases   ] GC(194)   Evacuate Collection Set: 0.41ms
[2026-06-17T10:06:27.140+0800][6.790s][info][gc,phases   ] GC(194)   Post Evacuate Collection Set: 0.16ms
[2026-06-17T10:06:27.140+0800][6.790s][info][gc,phases   ] GC(194)   Other: 0.36ms
[2026-06-17T10:06:27.140+0800][6.790s][info][gc,heap     ] GC(194) Eden regions: 9->0(7)
[2026-06-17T10:06:27.140+0800][6.791s][info][gc,heap     ] GC(194) Survivor regions: 2->2(2)
[2026-06-17T10:06:27.140+0800][6.791s][info][gc,heap     ] GC(194) Old regions: 29->32
[2026-06-17T10:06:27.140+0800][6.791s][info][gc,heap     ] GC(194) Humongous regions: 12->12
[2026-06-17T10:06:27.141+0800][6.791s][info][gc,metaspace] GC(194) Metaspace: 114K(320K)->114K(320K) NonClass: 107K(192K)->107K(192K) Class: 7K(128K)->7K(128K)
[2026-06-17T10:06:27.141+0800][6.792s][info][gc          ] GC(194) Pause Young (Prepare Mixed) (G1 Evacuation Pause) 51M->45M(64M) 3.920ms
[2026-06-17T10:06:27.141+0800][6.792s][info][gc,cpu      ] GC(194) User=0.00s Sys=0.00s Real=0.00s
[2026-06-17T10:06:27.163+0800][6.813s][info][gc,start    ] GC(195) Pause Young (Mixed) (G1 Evacuation Pause)
[2026-06-17T10:06:27.163+0800][6.814s][info][gc,task     ] GC(195) Using 2 workers of 18 for evacuation
[2026-06-17T10:06:27.164+0800][6.815s][info][gc,phases   ] GC(195)   Pre Evacuate Collection Set: 0.13ms
[2026-06-17T10:06:27.165+0800][6.815s][info][gc,phases   ] GC(195)   Merge Heap Roots: 0.05ms
[2026-06-17T10:06:27.165+0800][6.815s][info][gc,phases   ] GC(195)   Evacuate Collection Set: 0.52ms
[2026-06-17T10:06:27.165+0800][6.815s][info][gc,phases   ] GC(195)   Post Evacuate Collection Set: 0.19ms
[2026-06-17T10:06:27.165+0800][6.816s][info][gc,phases   ] GC(195)   Other: 0.33ms
[2026-06-17T10:06:27.165+0800][6.816s][info][gc,heap     ] GC(195) Eden regions: 7->0(10)
[2026-06-17T10:06:27.165+0800][6.816s][info][gc,heap     ] GC(195) Survivor regions: 2->2(2)
[2026-06-17T10:06:27.166+0800][6.816s][info][gc,heap     ] GC(195) Old regions: 32->29
[2026-06-17T10:06:27.166+0800][6.816s][info][gc,heap     ] GC(195) Humongous regions: 12->12
[2026-06-17T10:06:27.166+0800][6.817s][info][gc,metaspace] GC(195) Metaspace: 114K(320K)->114K(320K) NonClass: 107K(192K)->107K(192K) Class: 7K(128K)->7K(128K)
[2026-06-17T10:06:27.166+0800][6.817s][info][gc          ] GC(195) Pause Young (Mixed) (G1 Evacuation Pause) 52M->42M(64M) 3.803ms
[2026-06-17T10:06:27.167+0800][6.817s][info][gc,cpu      ] GC(195) User=0.00s Sys=0.00s Real=0.00s
[2026-06-17T10:06:27.198+0800][6.849s][info][gc,start    ] GC(196) Pause Young (Concurrent Start) (G1 Evacuation Pause)
[2026-06-17T10:06:27.199+0800][6.849s][info][gc,task     ] GC(196) Using 2 workers of 18 for evacuation
[2026-06-17T10:06:27.200+0800][6.851s][info][gc,phases   ] GC(196)   Pre Evacuate Collection Set: 0.22ms
[2026-06-17T10:06:27.200+0800][6.851s][info][gc,phases   ] GC(196)   Merge Heap Roots: 0.06ms
[2026-06-17T10:06:27.201+0800][6.851s][info][gc,phases   ] GC(196)   Evacuate Collection Set: 0.23ms
[2026-06-17T10:06:27.201+0800][6.851s][info][gc,phases   ] GC(196)   Post Evacuate Collection Set: 0.18ms
[2026-06-17T10:06:27.201+0800][6.852s][info][gc,phases   ] GC(196)   Other: 0.85ms
[2026-06-17T10:06:27.201+0800][6.852s][info][gc,heap     ] GC(196) Eden regions: 10->0(10)
[2026-06-17T10:06:27.201+0800][6.852s][info][gc,heap     ] GC(196) Survivor regions: 2->2(2)
[2026-06-17T10:06:27.201+0800][6.852s][info][gc,heap     ] GC(196) Old regions: 29->29
[2026-06-17T10:06:27.202+0800][6.852s][info][gc,heap     ] GC(196) Humongous regions: 12->12
[2026-06-17T10:06:27.202+0800][6.852s][info][gc,metaspace] GC(196) Metaspace: 114K(320K)->114K(320K) NonClass: 107K(192K)->107K(192K) Class: 7K(128K)->7K(128K)
[2026-06-17T10:06:27.202+0800][6.852s][info][gc          ] GC(196) Pause Young (Concurrent Start) (G1 Evacuation Pause) 52M->42M(64M) 3.546ms
[2026-06-17T10:06:27.202+0800][6.853s][info][gc,cpu      ] GC(196) User=0.00s Sys=0.00s Real=0.00s
[2026-06-17T10:06:27.202+0800][6.853s][info][gc          ] GC(197) Concurrent Mark Cycle
[2026-06-17T10:06:27.202+0800][6.853s][info][gc,marking  ] GC(197) Concurrent Scan Root Regions
[2026-06-17T10:06:27.203+0800][6.853s][info][gc,marking  ] GC(197) Concurrent Scan Root Regions 0.200ms
[2026-06-17T10:06:27.203+0800][6.853s][info][gc,marking  ] GC(197) Concurrent Mark
[2026-06-17T10:06:27.203+0800][6.853s][info][gc,marking  ] GC(197) Concurrent Mark From Roots
[2026-06-17T10:06:27.203+0800][6.854s][info][gc,task     ] GC(197) Using 5 workers of 5 for marking
[2026-06-17T10:06:27.204+0800][6.855s][info][gc,marking  ] GC(197) Concurrent Mark From Roots 1.276ms
[2026-06-17T10:06:27.204+0800][6.855s][info][gc,marking  ] GC(197) Concurrent Preclean
[2026-06-17T10:06:27.205+0800][6.855s][info][gc,marking  ] GC(197) Concurrent Preclean 0.174ms
[2026-06-17T10:06:27.205+0800][6.855s][info][gc,start    ] GC(197) Pause Remark
[2026-06-17T10:06:27.205+0800][6.856s][info][gc          ] GC(197) Pause Remark 47M->40M(64M) 0.403ms
[2026-06-17T10:06:27.205+0800][6.856s][info][gc,cpu      ] GC(197) User=0.00s Sys=0.00s Real=0.00s
[2026-06-17T10:06:27.206+0800][6.856s][info][gc,marking  ] GC(197) Concurrent Mark 3.219ms
[2026-06-17T10:06:27.206+0800][6.857s][info][gc,marking  ] GC(197) Concurrent Rebuild Remembered Sets and Scrub Regions
[2026-06-17T10:06:27.207+0800][6.857s][info][gc,marking  ] GC(197) Concurrent Rebuild Remembered Sets and Scrub Regions 0.595ms
[2026-06-17T10:06:27.207+0800][6.857s][info][gc,start    ] GC(197) Pause Cleanup
[2026-06-17T10:06:27.207+0800][6.858s][info][gc          ] GC(197) Pause Cleanup 40M->40M(64M) 0.146ms
[2026-06-17T10:06:27.207+0800][6.858s][info][gc,cpu      ] GC(197) User=0.00s Sys=0.00s Real=0.00s
[2026-06-17T10:06:27.207+0800][6.858s][info][gc,marking  ] GC(197) Concurrent Clear Claimed Marks
[2026-06-17T10:06:27.207+0800][6.858s][info][gc,marking  ] GC(197) Concurrent Clear Claimed Marks 0.091ms
[2026-06-17T10:06:27.207+0800][6.858s][info][gc,marking  ] GC(197) Concurrent Cleanup for Next Mark
[2026-06-17T10:06:27.208+0800][6.858s][info][gc,marking  ] GC(197) Concurrent Cleanup for Next Mark 0.283ms
[2026-06-17T10:06:27.208+0800][6.858s][info][gc          ] GC(197) Concurrent Mark Cycle 5.860ms
[2026-06-17T10:06:27.223+0800][6.874s][info][gc,start    ] GC(198) Pause Young (Prepare Mixed) (G1 Evacuation Pause)
[2026-06-17T10:06:27.224+0800][6.875s][info][gc,task     ] GC(198) Using 2 workers of 18 for evacuation
[2026-06-17T10:06:27.225+0800][6.876s][info][gc,phases   ] GC(198)   Pre Evacuate Collection Set: 0.16ms
[2026-06-17T10:06:27.226+0800][6.876s][info][gc,phases   ] GC(198)   Merge Heap Roots: 0.06ms
[2026-06-17T10:06:27.226+0800][6.876s][info][gc,phases   ] GC(198)   Evacuate Collection Set: 0.38ms
[2026-06-17T10:06:27.226+0800][6.876s][info][gc,phases   ] GC(198)   Post Evacuate Collection Set: 0.18ms
[2026-06-17T10:06:27.226+0800][6.877s][info][gc,phases   ] GC(198)   Other: 0.36ms
[2026-06-17T10:06:27.226+0800][6.877s][info][gc,heap     ] GC(198) Eden regions: 10->0(13)
[2026-06-17T10:06:27.226+0800][6.877s][info][gc,heap     ] GC(198) Survivor regions: 2->2(2)
[2026-06-17T10:06:27.226+0800][6.877s][info][gc,heap     ] GC(198) Old regions: 22->26
[2026-06-17T10:06:27.227+0800][6.877s][info][gc,heap     ] GC(198) Humongous regions: 12->12
[2026-06-17T10:06:27.227+0800][6.877s][info][gc,metaspace] GC(198) Metaspace: 114K(320K)->114K(320K) NonClass: 107K(192K)->107K(192K) Class: 7K(128K)->7K(128K)
[2026-06-17T10:06:27.227+0800][6.877s][info][gc          ] GC(198) Pause Young (Prepare Mixed) (G1 Evacuation Pause) 45M->39M(64M) 3.557ms
[2026-06-17T10:06:27.227+0800][6.877s][info][gc,cpu      ] GC(198) User=0.00s Sys=0.00s Real=0.00s
[2026-06-17T10:06:27.259+0800][6.910s][info][gc,start    ] GC(199) Pause Young (Mixed) (G1 Evacuation Pause)
[2026-06-17T10:06:27.260+0800][6.910s][info][gc,task     ] GC(199) Using 2 workers of 18 for evacuation
[2026-06-17T10:06:27.262+0800][6.913s][info][gc,phases   ] GC(199)   Pre Evacuate Collection Set: 0.36ms
[2026-06-17T10:06:27.263+0800][6.913s][info][gc,phases   ] GC(199)   Merge Heap Roots: 0.12ms
[2026-06-17T10:06:27.263+0800][6.914s][info][gc,phases   ] GC(199)   Evacuate Collection Set: 1.02ms
[2026-06-17T10:06:27.264+0800][6.914s][info][gc,phases   ] GC(199)   Post Evacuate Collection Set: 0.43ms
[2026-06-17T10:06:27.264+0800][6.915s][info][gc,phases   ] GC(199)   Other: 0.71ms
[2026-06-17T10:06:27.264+0800][6.915s][info][gc,heap     ] GC(199) Eden regions: 13->0(11)
[2026-06-17T10:06:27.265+0800][6.915s][info][gc,heap     ] GC(199) Survivor regions: 2->2(2)
[2026-06-17T10:06:27.265+0800][6.915s][info][gc,heap     ] GC(199) Old regions: 26->25
[2026-06-17T10:06:27.265+0800][6.916s][info][gc,heap     ] GC(199) Humongous regions: 14->14
[2026-06-17T10:06:27.265+0800][6.916s][info][gc,metaspace] GC(199) Metaspace: 114K(320K)->114K(320K) NonClass: 107K(192K)->107K(192K) Class: 7K(128K)->7K(128K)
[2026-06-17T10:06:27.266+0800][6.916s][info][gc          ] GC(199) Pause Young (Mixed) (G1 Evacuation Pause) 54M->40M(64M) 6.660ms
[2026-06-17T10:06:27.266+0800][6.917s][info][gc,cpu      ] GC(199) User=0.01s Sys=0.00s Real=0.01s
[2026-06-17T10:06:27.299+0800][6.949s][info][gc,start    ] GC(200) Pause Young (Mixed) (G1 Evacuation Pause)
[2026-06-17T10:06:27.300+0800][6.950s][info][gc,task     ] GC(200) Using 2 workers of 18 for evacuation
[2026-06-17T10:06:27.302+0800][6.953s][info][gc,phases   ] GC(200)   Pre Evacuate Collection Set: 0.37ms
[2026-06-17T10:06:27.303+0800][6.954s][info][gc,phases   ] GC(200)   Merge Heap Roots: 0.17ms
[2026-06-17T10:06:27.304+0800][6.954s][info][gc,phases   ] GC(200)   Evacuate Collection Set: 1.03ms
[2026-06-17T10:06:27.304+0800][6.955s][info][gc,phases   ] GC(200)   Post Evacuate Collection Set: 0.63ms
[2026-06-17T10:06:27.305+0800][6.955s][info][gc,phases   ] GC(200)   Other: 0.58ms
[2026-06-17T10:06:27.305+0800][6.955s][info][gc,heap     ] GC(200) Eden regions: 11->0(10)
[2026-06-17T10:06:27.305+0800][6.956s][info][gc,heap     ] GC(200) Survivor regions: 2->2(2)
[2026-06-17T10:06:27.306+0800][6.956s][info][gc,heap     ] GC(200) Old regions: 25->27
[2026-06-17T10:06:27.306+0800][6.956s][info][gc,heap     ] GC(200) Humongous regions: 14->14
[2026-06-17T10:06:27.306+0800][6.957s][info][gc,metaspace] GC(200) Metaspace: 114K(320K)->114K(320K) NonClass: 107K(192K)->107K(192K) Class: 7K(128K)->7K(128K)
[2026-06-17T10:06:27.306+0800][6.957s][info][gc          ] GC(200) Pause Young (Mixed) (G1 Evacuation Pause) 51M->42M(64M) 7.606ms
[2026-06-17T10:06:27.307+0800][6.957s][info][gc,cpu      ] GC(200) User=0.00s Sys=0.00s Real=0.01s
[2026-06-17T10:06:27.329+0800][6.980s][info][gc,start    ] GC(201) Pause Young (Concurrent Start) (G1 Evacuation Pause)
[2026-06-17T10:06:27.330+0800][6.980s][info][gc,task     ] GC(201) Using 2 workers of 18 for evacuation
[2026-06-17T10:06:27.331+0800][6.982s][info][gc,phases   ] GC(201)   Pre Evacuate Collection Set: 0.28ms
[2026-06-17T10:06:27.331+0800][6.982s][info][gc,phases   ] GC(201)   Merge Heap Roots: 0.06ms
[2026-06-17T10:06:27.332+0800][6.982s][info][gc,phases   ] GC(201)   Evacuate Collection Set: 0.57ms
[2026-06-17T10:06:27.332+0800][6.983s][info][gc,phases   ] GC(201)   Post Evacuate Collection Set: 0.24ms
[2026-06-17T10:06:27.332+0800][6.983s][info][gc,phases   ] GC(201)   Other: 0.42ms
[2026-06-17T10:06:27.333+0800][6.983s][info][gc,heap     ] GC(201) Eden regions: 10->0(6)
[2026-06-17T10:06:27.333+0800][6.984s][info][gc,heap     ] GC(201) Survivor regions: 2->2(2)
[2026-06-17T10:06:27.333+0800][6.984s][info][gc,heap     ] GC(201) Old regions: 27->32
[2026-06-17T10:06:27.334+0800][6.984s][info][gc,heap     ] GC(201) Humongous regions: 14->14
[2026-06-17T10:06:27.334+0800][6.984s][info][gc,metaspace] GC(201) Metaspace: 114K(320K)->114K(320K) NonClass: 107K(192K)->107K(192K) Class: 7K(128K)->7K(128K)
[2026-06-17T10:06:27.334+0800][6.984s][info][gc          ] GC(201) Pause Young (Concurrent Start) (G1 Evacuation Pause) 52M->47M(64M) 4.827ms
[2026-06-17T10:06:27.334+0800][6.985s][info][gc,cpu      ] GC(201) User=0.01s Sys=0.00s Real=0.01s
[2026-06-17T10:06:27.334+0800][6.985s][info][gc          ] GC(202) Concurrent Mark Cycle
[2026-06-17T10:06:27.334+0800][6.985s][info][gc,marking  ] GC(202) Concurrent Scan Root Regions
[2026-06-17T10:06:27.335+0800][6.985s][info][gc,marking  ] GC(202) Concurrent Scan Root Regions 0.316ms
[2026-06-17T10:06:27.335+0800][6.986s][info][gc,marking  ] GC(202) Concurrent Mark
[2026-06-17T10:06:27.335+0800][6.986s][info][gc,marking  ] GC(202) Concurrent Mark From Roots
[2026-06-17T10:06:27.335+0800][6.986s][info][gc,task     ] GC(202) Using 5 workers of 5 for marking
[2026-06-17T10:06:27.336+0800][6.987s][info][gc,marking  ] GC(202) Concurrent Mark From Roots 1.258ms
[2026-06-17T10:06:27.336+0800][6.987s][info][gc,marking  ] GC(202) Concurrent Preclean
[2026-06-17T10:06:27.337+0800][6.987s][info][gc,marking  ] GC(202) Concurrent Preclean 0.158ms
[2026-06-17T10:06:27.337+0800][6.987s][info][gc,start    ] GC(202) Pause Remark
[2026-06-17T10:06:27.337+0800][6.988s][info][gc          ] GC(202) Pause Remark 48M->41M(64M) 0.370ms
[2026-06-17T10:06:27.337+0800][6.988s][info][gc,cpu      ] GC(202) User=0.00s Sys=0.00s Real=0.00s
[2026-06-17T10:06:27.337+0800][6.988s][info][gc,marking  ] GC(202) Concurrent Mark 2.453ms
[2026-06-17T10:06:27.338+0800][6.988s][info][gc,marking  ] GC(202) Concurrent Rebuild Remembered Sets and Scrub Regions
[2026-06-17T10:06:27.338+0800][6.988s][info][gc,marking  ] GC(202) Concurrent Rebuild Remembered Sets and Scrub Regions 0.392ms
[2026-06-17T10:06:27.338+0800][6.989s][info][gc,start    ] GC(202) Pause Cleanup
[2026-06-17T10:06:27.339+0800][6.989s][info][gc          ] GC(202) Pause Cleanup 41M->41M(64M) 0.457ms
[2026-06-17T10:06:27.339+0800][6.989s][info][gc,cpu      ] GC(202) User=0.00s Sys=0.00s Real=0.00s
[2026-06-17T10:06:27.339+0800][6.989s][info][gc,marking  ] GC(202) Concurrent Clear Claimed Marks
[2026-06-17T10:06:27.339+0800][6.989s][info][gc,marking  ] GC(202) Concurrent Clear Claimed Marks 0.075ms
[2026-06-17T10:06:27.339+0800][6.989s][info][gc,marking  ] GC(202) Concurrent Cleanup for Next Mark
[2026-06-17T10:06:27.339+0800][6.990s][info][gc,marking  ] GC(202) Concurrent Cleanup for Next Mark 0.140ms
[2026-06-17T10:06:27.339+0800][6.990s][info][gc          ] GC(202) Concurrent Mark Cycle 4.925ms
[2026-06-17T10:06:27.355+0800][7.006s][info][gc,start    ] GC(203) Pause Young (Prepare Mixed) (G1 Evacuation Pause)
[2026-06-17T10:06:27.355+0800][7.006s][info][gc,task     ] GC(203) Using 2 workers of 18 for evacuation
[2026-06-17T10:06:27.357+0800][7.007s][info][gc,phases   ] GC(203)   Pre Evacuate Collection Set: 0.18ms
[2026-06-17T10:06:27.357+0800][7.008s][info][gc,phases   ] GC(203)   Merge Heap Roots: 0.07ms
[2026-06-17T10:06:27.357+0800][7.008s][info][gc,phases   ] GC(203)   Evacuate Collection Set: 0.35ms
[2026-06-17T10:06:27.358+0800][7.008s][info][gc,phases   ] GC(203)   Post Evacuate Collection Set: 0.36ms
[2026-06-17T10:06:27.358+0800][7.008s][info][gc,phases   ] GC(203)   Other: 0.36ms
[2026-06-17T10:06:27.358+0800][7.009s][info][gc,heap     ] GC(203) Eden regions: 6->0(10)
[2026-06-17T10:06:27.358+0800][7.009s][info][gc,heap     ] GC(203) Survivor regions: 2->1(1)
[2026-06-17T10:06:27.359+0800][7.009s][info][gc,heap     ] GC(203) Old regions: 25->28
[2026-06-17T10:06:27.359+0800][7.010s][info][gc,heap     ] GC(203) Humongous regions: 14->14
[2026-06-17T10:06:27.359+0800][7.010s][info][gc,metaspace] GC(203) Metaspace: 114K(320K)->114K(320K) NonClass: 107K(192K)->107K(192K) Class: 7K(128K)->7K(128K)
[2026-06-17T10:06:27.359+0800][7.010s][info][gc          ] GC(203) Pause Young (Prepare Mixed) (G1 Evacuation Pause) 46M->42M(64M) 4.374ms
[2026-06-17T10:06:27.360+0800][7.010s][info][gc,cpu      ] GC(203) User=0.00s Sys=0.00s Real=0.00s
[2026-06-17T10:06:27.381+0800][7.032s][info][gc,start    ] GC(204) Pause Young (Mixed) (G1 Evacuation Pause)
[2026-06-17T10:06:27.382+0800][7.032s][info][gc,task     ] GC(204) Using 2 workers of 18 for evacuation
[2026-06-17T10:06:27.383+0800][7.034s][info][gc,phases   ] GC(204)   Pre Evacuate Collection Set: 0.17ms
[2026-06-17T10:06:27.383+0800][7.034s][info][gc,phases   ] GC(204)   Merge Heap Roots: 0.07ms
[2026-06-17T10:06:27.384+0800][7.034s][info][gc,phases   ] GC(204)   Evacuate Collection Set: 0.62ms
[2026-06-17T10:06:27.384+0800][7.034s][info][gc,phases   ] GC(204)   Post Evacuate Collection Set: 0.22ms
[2026-06-17T10:06:27.384+0800][7.035s][info][gc,phases   ] GC(204)   Other: 0.35ms
[2026-06-17T10:06:27.384+0800][7.035s][info][gc,heap     ] GC(204) Eden regions: 10->0(9)
[2026-06-17T10:06:27.385+0800][7.035s][info][gc,heap     ] GC(204) Survivor regions: 1->2(2)
[2026-06-17T10:06:27.385+0800][7.035s][info][gc,heap     ] GC(204) Old regions: 28->26
[2026-06-17T10:06:27.385+0800][7.036s][info][gc,heap     ] GC(204) Humongous regions: 14->14
[2026-06-17T10:06:27.385+0800][7.036s][info][gc,metaspace] GC(204) Metaspace: 114K(320K)->114K(320K) NonClass: 107K(192K)->107K(192K) Class: 7K(128K)->7K(128K)
[2026-06-17T10:06:27.385+0800][7.036s][info][gc          ] GC(204) Pause Young (Mixed) (G1 Evacuation Pause) 52M->41M(64M) 4.281ms
[2026-06-17T10:06:27.386+0800][7.036s][info][gc,cpu      ] GC(204) User=0.00s Sys=0.00s Real=0.01s
[2026-06-17T10:06:27.417+0800][7.068s][info][gc,start    ] GC(205) Pause Young (Mixed) (G1 Evacuation Pause)
[2026-06-17T10:06:27.418+0800][7.068s][info][gc,task     ] GC(205) Using 2 workers of 18 for evacuation
[2026-06-17T10:06:27.419+0800][7.069s][info][gc,phases   ] GC(205)   Pre Evacuate Collection Set: 0.11ms
[2026-06-17T10:06:27.419+0800][7.070s][info][gc,phases   ] GC(205)   Merge Heap Roots: 0.05ms
[2026-06-17T10:06:27.419+0800][7.070s][info][gc,phases   ] GC(205)   Evacuate Collection Set: 0.38ms
[2026-06-17T10:06:27.419+0800][7.070s][info][gc,phases   ] GC(205)   Post Evacuate Collection Set: 0.15ms
[2026-06-17T10:06:27.420+0800][7.070s][info][gc,phases   ] GC(205)   Other: 0.39ms
[2026-06-17T10:06:27.420+0800][7.070s][info][gc,heap     ] GC(205) Eden regions: 9->0(12)
[2026-06-17T10:06:27.420+0800][7.071s][info][gc,heap     ] GC(205) Survivor regions: 2->2(2)
[2026-06-17T10:06:27.420+0800][7.071s][info][gc,heap     ] GC(205) Old regions: 26->24
[2026-06-17T10:06:27.420+0800][7.071s][info][gc,heap     ] GC(205) Humongous regions: 14->14
[2026-06-17T10:06:27.421+0800][7.071s][info][gc,metaspace] GC(205) Metaspace: 114K(320K)->114K(320K) NonClass: 107K(192K)->107K(192K) Class: 7K(128K)->7K(128K)
[2026-06-17T10:06:27.421+0800][7.071s][info][gc          ] GC(205) Pause Young (Mixed) (G1 Evacuation Pause) 50M->39M(64M) 3.702ms
[2026-06-17T10:06:27.421+0800][7.072s][info][gc,cpu      ] GC(205) User=0.01s Sys=0.00s Real=0.00s
[2026-06-17T10:06:27.442+0800][7.093s][info][gc,start    ] GC(206) Pause Young (Concurrent Start) (G1 Evacuation Pause)
[2026-06-17T10:06:27.443+0800][7.094s][info][gc,task     ] GC(206) Using 2 workers of 18 for evacuation
[2026-06-17T10:06:27.444+0800][7.095s][info][gc,phases   ] GC(206)   Pre Evacuate Collection Set: 0.18ms
[2026-06-17T10:06:27.445+0800][7.095s][info][gc,phases   ] GC(206)   Merge Heap Roots: 0.04ms
[2026-06-17T10:06:27.445+0800][7.096s][info][gc,phases   ] GC(206)   Evacuate Collection Set: 0.50ms
[2026-06-17T10:06:27.445+0800][7.096s][info][gc,phases   ] GC(206)   Post Evacuate Collection Set: 0.20ms
[2026-06-17T10:06:27.445+0800][7.096s][info][gc,phases   ] GC(206)   Other: 0.41ms
[2026-06-17T10:06:27.446+0800][7.096s][info][gc,heap     ] GC(206) Eden regions: 12->0(7)
[2026-06-17T10:06:27.446+0800][7.096s][info][gc,heap     ] GC(206) Survivor regions: 2->2(2)
[2026-06-17T10:06:27.446+0800][7.097s][info][gc,heap     ] GC(206) Old regions: 24->29
[2026-06-17T10:06:27.446+0800][7.097s][info][gc,heap     ] GC(206) Humongous regions: 14->14
[2026-06-17T10:06:27.447+0800][7.097s][info][gc,metaspace] GC(206) Metaspace: 114K(320K)->114K(320K) NonClass: 107K(192K)->107K(192K) Class: 7K(128K)->7K(128K)
[2026-06-17T10:06:27.447+0800][7.097s][info][gc          ] GC(206) Pause Young (Concurrent Start) (G1 Evacuation Pause) 51M->44M(64M) 4.481ms
[2026-06-17T10:06:27.447+0800][7.098s][info][gc,cpu      ] GC(206) User=0.00s Sys=0.00s Real=0.01s
[2026-06-17T10:06:27.447+0800][7.098s][info][gc          ] GC(207) Concurrent Mark Cycle
[2026-06-17T10:06:27.447+0800][7.098s][info][gc,marking  ] GC(207) Concurrent Scan Root Regions
[2026-06-17T10:06:27.448+0800][7.098s][info][gc,marking  ] GC(207) Concurrent Scan Root Regions 0.379ms
[2026-06-17T10:06:27.448+0800][7.099s][info][gc,marking  ] GC(207) Concurrent Mark
[2026-06-17T10:06:27.448+0800][7.099s][info][gc,marking  ] GC(207) Concurrent Mark From Roots
[2026-06-17T10:06:27.448+0800][7.099s][info][gc,task     ] GC(207) Using 5 workers of 5 for marking
[2026-06-17T10:06:27.449+0800][7.100s][info][gc,marking  ] GC(207) Concurrent Mark From Roots 1.130ms
[2026-06-17T10:06:27.449+0800][7.100s][info][gc,marking  ] GC(207) Concurrent Preclean
[2026-06-17T10:06:27.449+0800][7.100s][info][gc,marking  ] GC(207) Concurrent Preclean 0.093ms
[2026-06-17T10:06:27.450+0800][7.100s][info][gc,start    ] GC(207) Pause Remark
[2026-06-17T10:06:27.450+0800][7.100s][info][gc          ] GC(207) Pause Remark 44M->44M(64M) 0.346ms
[2026-06-17T10:06:27.450+0800][7.101s][info][gc,cpu      ] GC(207) User=0.00s Sys=0.00s Real=0.00s
[2026-06-17T10:06:27.450+0800][7.101s][info][gc,marking  ] GC(207) Concurrent Mark 2.110ms
[2026-06-17T10:06:27.450+0800][7.101s][info][gc,marking  ] GC(207) Concurrent Rebuild Remembered Sets and Scrub Regions
[2026-06-17T10:06:27.451+0800][7.101s][info][gc,marking  ] GC(207) Concurrent Rebuild Remembered Sets and Scrub Regions 0.480ms
[2026-06-17T10:06:27.451+0800][7.101s][info][gc,start    ] GC(207) Pause Cleanup
[2026-06-17T10:06:27.451+0800][7.102s][info][gc          ] GC(207) Pause Cleanup 44M->44M(64M) 0.157ms
[2026-06-17T10:06:27.451+0800][7.102s][info][gc,cpu      ] GC(207) User=0.00s Sys=0.00s Real=0.00s
[2026-06-17T10:06:27.451+0800][7.102s][info][gc,marking  ] GC(207) Concurrent Clear Claimed Marks
[2026-06-17T10:06:27.451+0800][7.102s][info][gc,marking  ] GC(207) Concurrent Clear Claimed Marks 0.077ms
[2026-06-17T10:06:27.451+0800][7.102s][info][gc,marking  ] GC(207) Concurrent Cleanup for Next Mark
[2026-06-17T10:06:27.452+0800][7.102s][info][gc,marking  ] GC(207) Concurrent Cleanup for Next Mark 0.166ms
[2026-06-17T10:06:27.452+0800][7.102s][info][gc          ] GC(207) Concurrent Mark Cycle 4.664ms
[2026-06-17T10:06:27.468+0800][7.119s][info][gc,start    ] GC(208) Pause Young (Prepare Mixed) (G1 Evacuation Pause)
[2026-06-17T10:06:27.469+0800][7.119s][info][gc,task     ] GC(208) Using 2 workers of 18 for evacuation
[2026-06-17T10:06:27.469+0800][7.120s][info][gc,phases   ] GC(208)   Pre Evacuate Collection Set: 0.10ms
[2026-06-17T10:06:27.470+0800][7.120s][info][gc,phases   ] GC(208)   Merge Heap Roots: 0.05ms
[2026-06-17T10:06:27.470+0800][7.120s][info][gc,phases   ] GC(208)   Evacuate Collection Set: 0.22ms
[2026-06-17T10:06:27.470+0800][7.120s][info][gc,phases   ] GC(208)   Post Evacuate Collection Set: 0.18ms
[2026-06-17T10:06:27.470+0800][7.121s][info][gc,phases   ] GC(208)   Other: 0.22ms
[2026-06-17T10:06:27.470+0800][7.121s][info][gc,heap     ] GC(208) Eden regions: 7->0(7)
[2026-06-17T10:06:27.470+0800][7.121s][info][gc,heap     ] GC(208) Survivor regions: 2->1(2)
[2026-06-17T10:06:27.471+0800][7.121s][info][gc,heap     ] GC(208) Old regions: 29->31
[2026-06-17T10:06:27.471+0800][7.121s][info][gc,heap     ] GC(208) Humongous regions: 16->16
[2026-06-17T10:06:27.471+0800][7.121s][info][gc,metaspace] GC(208) Metaspace: 114K(320K)->114K(320K) NonClass: 107K(192K)->107K(192K) Class: 7K(128K)->7K(128K)
[2026-06-17T10:06:27.471+0800][7.122s][info][gc          ] GC(208) Pause Young (Prepare Mixed) (G1 Evacuation Pause) 53M->46M(64M) 2.806ms
[2026-06-17T10:06:27.471+0800][7.122s][info][gc,cpu      ] GC(208) User=0.00s Sys=0.00s Real=0.01s
[2026-06-17T10:06:27.492+0800][7.143s][info][gc,start    ] GC(209) Pause Young (Mixed) (G1 Evacuation Pause)
[2026-06-17T10:06:27.493+0800][7.144s][info][gc,task     ] GC(209) Using 2 workers of 18 for evacuation
[2026-06-17T10:06:27.495+0800][7.146s][info][gc,phases   ] GC(209)   Pre Evacuate Collection Set: 0.42ms
[2026-06-17T10:06:27.496+0800][7.146s][info][gc,phases   ] GC(209)   Merge Heap Roots: 0.11ms
[2026-06-17T10:06:27.496+0800][7.147s][info][gc,phases   ] GC(209)   Evacuate Collection Set: 0.74ms
[2026-06-17T10:06:27.497+0800][7.147s][info][gc,phases   ] GC(209)   Post Evacuate Collection Set: 0.40ms
[2026-06-17T10:06:27.497+0800][7.147s][info][gc,phases   ] GC(209)   Other: 0.60ms
[2026-06-17T10:06:27.497+0800][7.148s][info][gc,heap     ] GC(209) Eden regions: 7->0(8)
[2026-06-17T10:06:27.498+0800][7.148s][info][gc,heap     ] GC(209) Survivor regions: 1->1(1)
[2026-06-17T10:06:27.498+0800][7.149s][info][gc,heap     ] GC(209) Old regions: 31->29
[2026-06-17T10:06:27.498+0800][7.149s][info][gc,heap     ] GC(209) Humongous regions: 16->16
[2026-06-17T10:06:27.499+0800][7.149s][info][gc,metaspace] GC(209) Metaspace: 114K(320K)->114K(320K) NonClass: 107K(192K)->107K(192K) Class: 7K(128K)->7K(128K)
[2026-06-17T10:06:27.499+0800][7.149s][info][gc          ] GC(209) Pause Young (Mixed) (G1 Evacuation Pause) 53M->45M(64M) 6.327ms
[2026-06-17T10:06:27.499+0800][7.149s][info][gc,cpu      ] GC(209) User=0.00s Sys=0.00s Real=0.00s
[2026-06-17T10:06:27.520+0800][7.171s][info][gc,start    ] GC(210) Pause Young (Mixed) (G1 Evacuation Pause)
[2026-06-17T10:06:27.521+0800][7.172s][info][gc,task     ] GC(210) Using 2 workers of 18 for evacuation
[2026-06-17T10:06:27.523+0800][7.174s][info][gc,phases   ] GC(210)   Pre Evacuate Collection Set: 0.34ms
[2026-06-17T10:06:27.524+0800][7.174s][info][gc,phases   ] GC(210)   Merge Heap Roots: 0.13ms
[2026-06-17T10:06:27.524+0800][7.175s][info][gc,phases   ] GC(210)   Evacuate Collection Set: 0.67ms
[2026-06-17T10:06:27.525+0800][7.175s][info][gc,phases   ] GC(210)   Post Evacuate Collection Set: 0.45ms
[2026-06-17T10:06:27.525+0800][7.176s][info][gc,phases   ] GC(210)   Other: 0.62ms
[2026-06-17T10:06:27.525+0800][7.176s][info][gc,heap     ] GC(210) Eden regions: 8->0(7)
[2026-06-17T10:06:27.526+0800][7.176s][info][gc,heap     ] GC(210) Survivor regions: 1->2(2)
[2026-06-17T10:06:27.526+0800][7.176s][info][gc,heap     ] GC(210) Old regions: 29->29
[2026-06-17T10:06:27.526+0800][7.177s][info][gc,heap     ] GC(210) Humongous regions: 16->16
[2026-06-17T10:06:27.526+0800][7.177s][info][gc,metaspace] GC(210) Metaspace: 114K(320K)->114K(320K) NonClass: 107K(192K)->107K(192K) Class: 7K(128K)->7K(128K)
[2026-06-17T10:06:27.527+0800][7.177s][info][gc          ] GC(210) Pause Young (Mixed) (G1 Evacuation Pause) 53M->46M(64M) 6.093ms
[2026-06-17T10:06:27.527+0800][7.177s][info][gc,cpu      ] GC(210) User=0.00s Sys=0.00s Real=0.01s
[2026-06-17T10:06:27.549+0800][7.199s][info][gc,start    ] GC(211) Pause Young (Concurrent Start) (G1 Evacuation Pause)
[2026-06-17T10:06:27.549+0800][7.200s][info][gc,task     ] GC(211) Using 2 workers of 18 for evacuation
[2026-06-17T10:06:27.553+0800][7.204s][info][gc,phases   ] GC(211)   Pre Evacuate Collection Set: 1.02ms
[2026-06-17T10:06:27.554+0800][7.204s][info][gc,phases   ] GC(211)   Merge Heap Roots: 0.22ms
[2026-06-17T10:06:27.555+0800][7.205s][info][gc,phases   ] GC(211)   Evacuate Collection Set: 0.63ms
[2026-06-17T10:06:27.555+0800][7.206s][info][gc,phases   ] GC(211)   Post Evacuate Collection Set: 1.15ms
[2026-06-17T10:06:27.556+0800][7.206s][info][gc,phases   ] GC(211)   Other: 0.85ms
[2026-06-17T10:06:27.556+0800][7.207s][info][gc,heap     ] GC(211) Eden regions: 7->0(8)
[2026-06-17T10:06:27.557+0800][7.207s][info][gc,heap     ] GC(211) Survivor regions: 2->1(2)
[2026-06-17T10:06:27.557+0800][7.208s][info][gc,heap     ] GC(211) Old regions: 29->30
[2026-06-17T10:06:27.558+0800][7.208s][info][gc,heap     ] GC(211) Humongous regions: 16->16
[2026-06-17T10:06:27.558+0800][7.208s][info][gc,metaspace] GC(211) Metaspace: 114K(320K)->114K(320K) NonClass: 107K(192K)->107K(192K) Class: 7K(128K)->7K(128K)
[2026-06-17T10:06:27.558+0800][7.209s][info][gc          ] GC(211) Pause Young (Concurrent Start) (G1 Evacuation Pause) 53M->46M(64M) 9.633ms
[2026-06-17T10:06:27.558+0800][7.209s][info][gc,cpu      ] GC(211) User=0.00s Sys=0.01s Real=0.01s
[2026-06-17T10:06:27.558+0800][7.209s][info][gc          ] GC(212) Concurrent Mark Cycle
[2026-06-17T10:06:27.559+0800][7.210s][info][gc,marking  ] GC(212) Concurrent Scan Root Regions
[2026-06-17T10:06:27.560+0800][7.210s][info][gc,marking  ] GC(212) Concurrent Scan Root Regions 0.378ms
[2026-06-17T10:06:27.560+0800][7.210s][info][gc,marking  ] GC(212) Concurrent Mark
[2026-06-17T10:06:27.560+0800][7.211s][info][gc,marking  ] GC(212) Concurrent Mark From Roots
[2026-06-17T10:06:27.560+0800][7.211s][info][gc,task     ] GC(212) Using 5 workers of 5 for marking
[2026-06-17T10:06:27.562+0800][7.213s][info][gc,marking  ] GC(212) Concurrent Mark From Roots 2.299ms
[2026-06-17T10:06:27.563+0800][7.213s][info][gc,marking  ] GC(212) Concurrent Preclean
[2026-06-17T10:06:27.563+0800][7.213s][info][gc,marking  ] GC(212) Concurrent Preclean 0.255ms
[2026-06-17T10:06:27.563+0800][7.214s][info][gc,start    ] GC(212) Pause Remark
[2026-06-17T10:06:27.564+0800][7.214s][info][gc          ] GC(212) Pause Remark 50M->45M(64M) 0.709ms
[2026-06-17T10:06:27.564+0800][7.215s][info][gc,cpu      ] GC(212) User=0.00s Sys=0.00s Real=0.00s
[2026-06-17T10:06:27.564+0800][7.215s][info][gc,marking  ] GC(212) Concurrent Mark 4.511ms
[2026-06-17T10:06:27.565+0800][7.215s][info][gc,marking  ] GC(212) Concurrent Rebuild Remembered Sets and Scrub Regions
[2026-06-17T10:06:27.565+0800][7.216s][info][gc,marking  ] GC(212) Concurrent Rebuild Remembered Sets and Scrub Regions 0.732ms
[2026-06-17T10:06:27.566+0800][7.216s][info][gc,start    ] GC(212) Pause Cleanup
[2026-06-17T10:06:27.566+0800][7.216s][info][gc          ] GC(212) Pause Cleanup 45M->45M(64M) 0.242ms
[2026-06-17T10:06:27.566+0800][7.217s][info][gc,cpu      ] GC(212) User=0.00s Sys=0.00s Real=0.00s
[2026-06-17T10:06:27.566+0800][7.217s][info][gc,marking  ] GC(212) Concurrent Clear Claimed Marks
[2026-06-17T10:06:27.566+0800][7.217s][info][gc,marking  ] GC(212) Concurrent Clear Claimed Marks 0.183ms
[2026-06-17T10:06:27.567+0800][7.217s][info][gc,marking  ] GC(212) Concurrent Cleanup for Next Mark
[2026-06-17T10:06:27.567+0800][7.217s][info][gc,marking  ] GC(212) Concurrent Cleanup for Next Mark 0.246ms
[2026-06-17T10:06:27.567+0800][7.217s][info][gc          ] GC(212) Concurrent Mark Cycle 8.456ms
[2026-06-17T10:06:27.580+0800][7.231s][info][gc,start    ] GC(213) Pause Young (Prepare Mixed) (G1 Evacuation Pause)
[2026-06-17T10:06:27.581+0800][7.231s][info][gc,task     ] GC(213) Using 2 workers of 18 for evacuation
[2026-06-17T10:06:27.583+0800][7.234s][info][gc,phases   ] GC(213)   Pre Evacuate Collection Set: 0.32ms
[2026-06-17T10:06:27.584+0800][7.234s][info][gc,phases   ] GC(213)   Merge Heap Roots: 0.10ms
[2026-06-17T10:06:27.584+0800][7.235s][info][gc,phases   ] GC(213)   Evacuate Collection Set: 0.32ms
[2026-06-17T10:06:27.584+0800][7.235s][info][gc,phases   ] GC(213)   Post Evacuate Collection Set: 0.33ms
[2026-06-17T10:06:27.585+0800][7.235s][info][gc,phases   ] GC(213)   Other: 1.81ms
[2026-06-17T10:06:27.585+0800][7.235s][info][gc,heap     ] GC(213) Eden regions: 8->0(12)
[2026-06-17T10:06:27.585+0800][7.236s][info][gc,heap     ] GC(213) Survivor regions: 1->2(2)
[2026-06-17T10:06:27.585+0800][7.236s][info][gc,heap     ] GC(213) Old regions: 25->25
[2026-06-17T10:06:27.585+0800][7.236s][info][gc,heap     ] GC(213) Humongous regions: 16->16
[2026-06-17T10:06:27.586+0800][7.236s][info][gc,metaspace] GC(213) Metaspace: 114K(320K)->114K(320K) NonClass: 107K(192K)->107K(192K) Class: 7K(128K)->7K(128K)
[2026-06-17T10:06:27.586+0800][7.236s][info][gc          ] GC(213) Pause Young (Prepare Mixed) (G1 Evacuation Pause) 49M->42M(64M) 5.809ms
[2026-06-17T10:06:27.586+0800][7.237s][info][gc,cpu      ] GC(213) User=0.00s Sys=0.00s Real=0.01s
[2026-06-17T10:06:27.618+0800][7.269s][info][gc,start    ] GC(214) Pause Young (Mixed) (G1 Evacuation Pause)
[2026-06-17T10:06:27.632+0800][7.283s][info][gc,task     ] GC(214) Using 2 workers of 18 for evacuation
[2026-06-17T10:06:27.635+0800][7.285s][info][gc,phases   ] GC(214)   Pre Evacuate Collection Set: 0.36ms
[2026-06-17T10:06:27.635+0800][7.286s][info][gc,phases   ] GC(214)   Merge Heap Roots: 0.27ms
[2026-06-17T10:06:27.644+0800][7.295s][info][gc,phases   ] GC(214)   Evacuate Collection Set: 0.72ms
[2026-06-17T10:06:27.645+0800][7.295s][info][gc,phases   ] GC(214)   Post Evacuate Collection Set: 0.55ms
[2026-06-17T10:06:27.645+0800][7.296s][info][gc,phases   ] GC(214)   Other: 0.69ms
[2026-06-17T10:06:27.646+0800][7.296s][info][gc,heap     ] GC(214) Eden regions: 12->0(15)
[2026-06-17T10:06:27.646+0800][7.297s][info][gc,heap     ] GC(214) Survivor regions: 2->2(2)
[2026-06-17T10:06:27.647+0800][7.297s][info][gc,heap     ] GC(214) Old regions: 25->23
[2026-06-17T10:06:27.647+0800][7.298s][info][gc,heap     ] GC(214) Humongous regions: 16->16
[2026-06-17T10:06:27.647+0800][7.298s][info][gc,metaspace] GC(214) Metaspace: 114K(320K)->114K(320K) NonClass: 107K(192K)->107K(192K) Class: 7K(128K)->7K(128K)
[2026-06-17T10:06:27.648+0800][7.298s][info][gc          ] GC(214) Pause Young (Mixed) (G1 Evacuation Pause) 54M->40M(64M) 29.511ms
[2026-06-17T10:06:27.648+0800][7.299s][info][gc,cpu      ] GC(214) User=0.00s Sys=0.00s Real=0.03s
[2026-06-17T10:06:27.682+0800][7.333s][info][gc,start    ] GC(215) Pause Young (Mixed) (G1 Evacuation Pause)
[2026-06-17T10:06:27.684+0800][7.335s][info][gc,task     ] GC(215) Using 2 workers of 18 for evacuation
[2026-06-17T10:06:27.687+0800][7.338s][info][gc,phases   ] GC(215)   Pre Evacuate Collection Set: 0.34ms
[2026-06-17T10:06:27.688+0800][7.339s][info][gc,phases   ] GC(215)   Merge Heap Roots: 0.18ms
[2026-06-17T10:06:27.690+0800][7.340s][info][gc,phases   ] GC(215)   Evacuate Collection Set: 0.86ms
[2026-06-17T10:06:27.691+0800][7.341s][info][gc,phases   ] GC(215)   Post Evacuate Collection Set: 0.61ms
[2026-06-17T10:06:27.691+0800][7.342s][info][gc,phases   ] GC(215)   Other: 1.16ms
[2026-06-17T10:06:27.693+0800][7.344s][info][gc,heap     ] GC(215) Eden regions: 15->0(11)
[2026-06-17T10:06:27.694+0800][7.345s][info][gc,heap     ] GC(215) Survivor regions: 2->3(3)
[2026-06-17T10:06:27.695+0800][7.345s][info][gc,heap     ] GC(215) Old regions: 23->24
[2026-06-17T10:06:27.695+0800][7.346s][info][gc,heap     ] GC(215) Humongous regions: 16->16
[2026-06-17T10:06:27.696+0800][7.346s][info][gc,metaspace] GC(215) Metaspace: 114K(320K)->114K(320K) NonClass: 107K(192K)->107K(192K) Class: 7K(128K)->7K(128K)
[2026-06-17T10:06:27.697+0800][7.347s][info][gc          ] GC(215) Pause Young (Mixed) (G1 Evacuation Pause) (Evacuation Failure: Allocation) 55M->43M(64M) 14.284ms
[2026-06-17T10:06:27.699+0800][7.350s][info][gc,cpu      ] GC(215) User=0.00s Sys=0.00s Real=0.02s
[2026-06-17T10:06:27.722+0800][7.373s][info][gc,start    ] GC(216) Pause Young (Concurrent Start) (G1 Humongous Allocation)
[2026-06-17T10:06:27.723+0800][7.373s][info][gc,task     ] GC(216) Using 2 workers of 18 for evacuation
[2026-06-17T10:06:27.724+0800][7.375s][info][gc,phases   ] GC(216)   Pre Evacuate Collection Set: 0.25ms
[2026-06-17T10:06:27.728+0800][7.378s][info][gc,phases   ] GC(216)   Merge Heap Roots: 0.06ms
[2026-06-17T10:06:27.728+0800][7.379s][info][gc,phases   ] GC(216)   Evacuate Collection Set: 0.46ms
[2026-06-17T10:06:27.731+0800][7.381s][info][gc,phases   ] GC(216)   Post Evacuate Collection Set: 0.26ms
[2026-06-17T10:06:27.735+0800][7.386s][info][gc,phases   ] GC(216)   Other: 0.74ms
[2026-06-17T10:06:27.736+0800][7.386s][info][gc,heap     ] GC(216) Eden regions: 10->0(12)
[2026-06-17T10:06:27.737+0800][7.387s][info][gc,heap     ] GC(216) Survivor regions: 3->2(2)
[2026-06-17T10:06:27.738+0800][7.389s][info][gc,heap     ] GC(216) Old regions: 24->25
[2026-06-17T10:06:27.743+0800][7.393s][info][gc,heap     ] GC(216) Humongous regions: 16->16
[2026-06-17T10:06:27.747+0800][7.397s][info][gc,metaspace] GC(216) Metaspace: 114K(320K)->114K(320K) NonClass: 107K(192K)->107K(192K) Class: 7K(128K)->7K(128K)
[2026-06-17T10:06:27.751+0800][7.402s][info][gc          ] GC(216) Pause Young (Concurrent Start) (G1 Humongous Allocation) 52M->42M(64M) 29.045ms
[2026-06-17T10:06:27.755+0800][7.405s][info][gc,cpu      ] GC(216) User=0.00s Sys=0.00s Real=0.04s
[2026-06-17T10:06:27.755+0800][7.405s][info][gc          ] GC(217) Concurrent Mark Cycle
[2026-06-17T10:06:27.760+0800][7.411s][info][gc,marking  ] GC(217) Concurrent Scan Root Regions
[2026-06-17T10:06:27.761+0800][7.412s][info][gc,marking  ] GC(217) Concurrent Scan Root Regions 0.963ms
[2026-06-17T10:06:27.762+0800][7.412s][info][gc,marking  ] GC(217) Concurrent Mark
[2026-06-17T10:06:27.762+0800][7.413s][info][gc,marking  ] GC(217) Concurrent Mark From Roots
[2026-06-17T10:06:27.766+0800][7.417s][info][gc,task     ] GC(217) Using 5 workers of 5 for marking
[2026-06-17T10:06:27.772+0800][7.422s][info][gc,marking  ] GC(217) Concurrent Mark From Roots 9.670ms
[2026-06-17T10:06:27.773+0800][7.424s][info][gc,marking  ] GC(217) Concurrent Preclean
[2026-06-17T10:06:27.774+0800][7.425s][info][gc,marking  ] GC(217) Concurrent Preclean 1.170ms
[2026-06-17T10:06:27.775+0800][7.425s][info][gc,start    ] GC(217) Pause Remark
[2026-06-17T10:06:27.776+0800][7.427s][info][gc          ] GC(217) Pause Remark 47M->47M(64M) 1.415ms
[2026-06-17T10:06:27.778+0800][7.428s][info][gc,cpu      ] GC(217) User=0.00s Sys=0.00s Real=0.00s
[2026-06-17T10:06:27.782+0800][7.433s][info][gc,marking  ] GC(217) Concurrent Mark 20.472ms
[2026-06-17T10:06:27.784+0800][7.434s][info][gc,marking  ] GC(217) Concurrent Rebuild Remembered Sets and Scrub Regions
[2026-06-17T10:06:27.785+0800][7.435s][info][gc,marking  ] GC(217) Concurrent Rebuild Remembered Sets and Scrub Regions 1.277ms
[2026-06-17T10:06:27.788+0800][7.438s][info][gc,start    ] GC(217) Pause Cleanup
[2026-06-17T10:06:27.789+0800][7.440s][info][gc          ] GC(217) Pause Cleanup 52M->52M(64M) 1.369ms
[2026-06-17T10:06:27.790+0800][7.441s][info][gc,cpu      ] GC(217) User=0.00s Sys=0.00s Real=0.00s
[2026-06-17T10:06:27.791+0800][7.441s][info][gc,marking  ] GC(217) Concurrent Clear Claimed Marks
[2026-06-17T10:06:27.793+0800][7.444s][info][gc,marking  ] GC(217) Concurrent Clear Claimed Marks 2.754ms
[2026-06-17T10:06:27.794+0800][7.445s][info][gc,marking  ] GC(217) Concurrent Cleanup for Next Mark
[2026-06-17T10:06:27.795+0800][7.445s][info][gc,marking  ] GC(217) Concurrent Cleanup for Next Mark 0.400ms
[2026-06-17T10:06:27.795+0800][7.445s][info][gc          ] GC(217) Concurrent Mark Cycle 39.936ms
[2026-06-17T10:06:27.803+0800][7.453s][info][gc,start    ] GC(218) Pause Young (Prepare Mixed) (G1 Evacuation Pause)
[2026-06-17T10:06:27.803+0800][7.454s][info][gc,task     ] GC(218) Using 2 workers of 18 for evacuation
[2026-06-17T10:06:27.804+0800][7.455s][info][gc,phases   ] GC(218)   Pre Evacuate Collection Set: 0.19ms
[2026-06-17T10:06:27.805+0800][7.455s][info][gc,phases   ] GC(218)   Merge Heap Roots: 0.05ms
[2026-06-17T10:06:27.805+0800][7.455s][info][gc,phases   ] GC(218)   Evacuate Collection Set: 0.30ms
[2026-06-17T10:06:27.805+0800][7.456s][info][gc,phases   ] GC(218)   Post Evacuate Collection Set: 0.25ms
[2026-06-17T10:06:27.805+0800][7.456s][info][gc,phases   ] GC(218)   Other: 0.30ms
[2026-06-17T10:06:27.805+0800][7.456s][info][gc,heap     ] GC(218) Eden regions: 12->0(10)
[2026-06-17T10:06:27.805+0800][7.456s][info][gc,heap     ] GC(218) Survivor regions: 2->2(2)
[2026-06-17T10:06:27.805+0800][7.456s][info][gc,heap     ] GC(218) Old regions: 25->26
[2026-06-17T10:06:27.806+0800][7.456s][info][gc,heap     ] GC(218) Humongous regions: 18->18
[2026-06-17T10:06:27.806+0800][7.456s][info][gc,metaspace] GC(218) Metaspace: 114K(320K)->114K(320K) NonClass: 107K(192K)->107K(192K) Class: 7K(128K)->7K(128K)
[2026-06-17T10:06:27.806+0800][7.456s][info][gc          ] GC(218) Pause Young (Prepare Mixed) (G1 Evacuation Pause) 56M->45M(64M) 2.799ms
[2026-06-17T10:06:27.806+0800][7.456s][info][gc,cpu      ] GC(218) User=0.00s Sys=0.00s Real=0.00s
[2026-06-17T10:06:27.827+0800][7.478s][info][gc,start    ] GC(219) Pause Young (Mixed) (G1 Evacuation Pause)
[2026-06-17T10:06:27.827+0800][7.478s][info][gc,task     ] GC(219) Using 2 workers of 18 for evacuation
[2026-06-17T10:06:27.828+0800][7.479s][info][gc,phases   ] GC(219)   Pre Evacuate Collection Set: 0.11ms
[2026-06-17T10:06:27.830+0800][7.480s][info][gc,phases   ] GC(219)   Merge Heap Roots: 0.02ms
[2026-06-17T10:06:27.830+0800][7.481s][info][gc,phases   ] GC(219)   Evacuate Collection Set: 0.43ms
[2026-06-17T10:06:27.830+0800][7.481s][info][gc,phases   ] GC(219)   Post Evacuate Collection Set: 0.18ms
[2026-06-17T10:06:27.830+0800][7.481s][info][gc,phases   ] GC(219)   Other: 0.28ms
[2026-06-17T10:06:27.831+0800][7.481s][info][gc,heap     ] GC(219) Eden regions: 10->0(8)
[2026-06-17T10:06:27.831+0800][7.481s][info][gc,heap     ] GC(219) Survivor regions: 2->2(2)
[2026-06-17T10:06:27.831+0800][7.481s][info][gc,heap     ] GC(219) Old regions: 26->27
[2026-06-17T10:06:27.831+0800][7.481s][info][gc,heap     ] GC(219) Humongous regions: 18->18
[2026-06-17T10:06:27.831+0800][7.482s][info][gc,metaspace] GC(219) Metaspace: 114K(320K)->114K(320K) NonClass: 107K(192K)->107K(192K) Class: 7K(128K)->7K(128K)
[2026-06-17T10:06:27.831+0800][7.482s][info][gc          ] GC(219) Pause Young (Mixed) (G1 Evacuation Pause) 55M->46M(64M) 4.113ms
[2026-06-17T10:06:27.831+0800][7.482s][info][gc,cpu      ] GC(219) User=0.01s Sys=0.00s Real=0.01s
[2026-06-17T10:06:27.852+0800][7.503s][info][gc,start    ] GC(220) Pause Young (Concurrent Start) (G1 Evacuation Pause)
[2026-06-17T10:06:27.853+0800][7.503s][info][gc,task     ] GC(220) Using 2 workers of 18 for evacuation
[2026-06-17T10:06:27.854+0800][7.504s][info][gc,phases   ] GC(220)   Pre Evacuate Collection Set: 0.25ms
[2026-06-17T10:06:27.854+0800][7.505s][info][gc,phases   ] GC(220)   Merge Heap Roots: 0.05ms
[2026-06-17T10:06:27.854+0800][7.505s][info][gc,phases   ] GC(220)   Evacuate Collection Set: 0.29ms
[2026-06-17T10:06:27.854+0800][7.505s][info][gc,phases   ] GC(220)   Post Evacuate Collection Set: 0.17ms
[2026-06-17T10:06:27.854+0800][7.505s][info][gc,phases   ] GC(220)   Other: 0.29ms
[2026-06-17T10:06:27.855+0800][7.505s][info][gc,heap     ] GC(220) Eden regions: 8->0(7)
[2026-06-17T10:06:27.855+0800][7.505s][info][gc,heap     ] GC(220) Survivor regions: 2->2(2)
[2026-06-17T10:06:27.855+0800][7.505s][info][gc,heap     ] GC(220) Old regions: 27->28
[2026-06-17T10:06:27.855+0800][7.505s][info][gc,heap     ] GC(220) Humongous regions: 18->18
[2026-06-17T10:06:27.855+0800][7.506s][info][gc,metaspace] GC(220) Metaspace: 114K(320K)->114K(320K) NonClass: 107K(192K)->107K(192K) Class: 7K(128K)->7K(128K)
[2026-06-17T10:06:27.855+0800][7.506s][info][gc          ] GC(220) Pause Young (Concurrent Start) (G1 Evacuation Pause) 54M->47M(64M) 2.854ms
[2026-06-17T10:06:27.855+0800][7.506s][info][gc,cpu      ] GC(220) User=0.00s Sys=0.00s Real=0.00s
[2026-06-17T10:06:27.855+0800][7.506s][info][gc          ] GC(221) Concurrent Mark Cycle
[2026-06-17T10:06:27.856+0800][7.506s][info][gc,marking  ] GC(221) Concurrent Scan Root Regions
[2026-06-17T10:06:27.856+0800][7.506s][info][gc,marking  ] GC(221) Concurrent Scan Root Regions 0.149ms
[2026-06-17T10:06:27.856+0800][7.506s][info][gc,marking  ] GC(221) Concurrent Mark
[2026-06-17T10:06:27.856+0800][7.507s][info][gc,marking  ] GC(221) Concurrent Mark From Roots
[2026-06-17T10:06:27.856+0800][7.507s][info][gc,task     ] GC(221) Using 5 workers of 5 for marking
[2026-06-17T10:06:27.857+0800][7.508s][info][gc,marking  ] GC(221) Concurrent Mark From Roots 1.232ms
[2026-06-17T10:06:27.857+0800][7.508s][info][gc,marking  ] GC(221) Concurrent Preclean
[2026-06-17T10:06:27.857+0800][7.508s][info][gc,marking  ] GC(221) Concurrent Preclean 0.116ms
[2026-06-17T10:06:27.858+0800][7.508s][info][gc,start    ] GC(221) Pause Remark
[2026-06-17T10:06:27.858+0800][7.509s][info][gc          ] GC(221) Pause Remark 50M->43M(64M) 0.456ms
[2026-06-17T10:06:27.858+0800][7.509s][info][gc,cpu      ] GC(221) User=0.00s Sys=0.00s Real=0.00s
[2026-06-17T10:06:27.858+0800][7.509s][info][gc,marking  ] GC(221) Concurrent Mark 2.504ms
[2026-06-17T10:06:27.858+0800][7.509s][info][gc,marking  ] GC(221) Concurrent Rebuild Remembered Sets and Scrub Regions
[2026-06-17T10:06:27.859+0800][7.510s][info][gc,marking  ] GC(221) Concurrent Rebuild Remembered Sets and Scrub Regions 0.589ms
[2026-06-17T10:06:27.859+0800][7.510s][info][gc,start    ] GC(221) Pause Cleanup
[2026-06-17T10:06:27.860+0800][7.510s][info][gc          ] GC(221) Pause Cleanup 43M->43M(64M) 0.186ms
[2026-06-17T10:06:27.860+0800][7.510s][info][gc,cpu      ] GC(221) User=0.00s Sys=0.00s Real=0.00s
[2026-06-17T10:06:27.860+0800][7.510s][info][gc,marking  ] GC(221) Concurrent Clear Claimed Marks
[2026-06-17T10:06:27.860+0800][7.511s][info][gc,marking  ] GC(221) Concurrent Clear Claimed Marks 0.184ms
[2026-06-17T10:06:27.860+0800][7.511s][info][gc,marking  ] GC(221) Concurrent Cleanup for Next Mark
[2026-06-17T10:06:27.860+0800][7.511s][info][gc,marking  ] GC(221) Concurrent Cleanup for Next Mark 0.163ms
[2026-06-17T10:06:27.860+0800][7.511s][info][gc          ] GC(221) Concurrent Mark Cycle 5.027ms
[2026-06-17T10:06:27.876+0800][7.527s][info][gc,start    ] GC(222) Pause Young (Prepare Mixed) (G1 Evacuation Pause)
[2026-06-17T10:06:27.876+0800][7.527s][info][gc,task     ] GC(222) Using 2 workers of 18 for evacuation
[2026-06-17T10:06:27.878+0800][7.528s][info][gc,phases   ] GC(222)   Pre Evacuate Collection Set: 0.12ms
[2026-06-17T10:06:27.878+0800][7.529s][info][gc,phases   ] GC(222)   Merge Heap Roots: 0.06ms
[2026-06-17T10:06:27.879+0800][7.529s][info][gc,phases   ] GC(222)   Evacuate Collection Set: 0.23ms
[2026-06-17T10:06:27.879+0800][7.529s][info][gc,phases   ] GC(222)   Post Evacuate Collection Set: 0.37ms
[2026-06-17T10:06:27.879+0800][7.530s][info][gc,phases   ] GC(222)   Other: 0.62ms
[2026-06-17T10:06:27.879+0800][7.530s][info][gc,heap     ] GC(222) Eden regions: 7->0(13)
[2026-06-17T10:06:27.880+0800][7.530s][info][gc,heap     ] GC(222) Survivor regions: 2->2(2)
[2026-06-17T10:06:27.880+0800][7.530s][info][gc,heap     ] GC(222) Old regions: 21->22
[2026-06-17T10:06:27.880+0800][7.530s][info][gc,heap     ] GC(222) Humongous regions: 18->18
[2026-06-17T10:06:27.880+0800][7.530s][info][gc,metaspace] GC(222) Metaspace: 114K(320K)->114K(320K) NonClass: 107K(192K)->107K(192K) Class: 7K(128K)->7K(128K)
[2026-06-17T10:06:27.880+0800][7.530s][info][gc          ] GC(222) Pause Young (Prepare Mixed) (G1 Evacuation Pause) 47M->41M(64M) 3.719ms
[2026-06-17T10:06:27.880+0800][7.531s][info][gc,cpu      ] GC(222) User=0.00s Sys=0.00s Real=0.00s
[2026-06-17T10:06:27.912+0800][7.562s][info][gc,start    ] GC(223) Pause Young (Mixed) (G1 Evacuation Pause)
[2026-06-17T10:06:27.912+0800][7.562s][info][gc,task     ] GC(223) Using 2 workers of 18 for evacuation
[2026-06-17T10:06:27.913+0800][7.563s][info][gc,phases   ] GC(223)   Pre Evacuate Collection Set: 0.13ms
[2026-06-17T10:06:27.913+0800][7.564s][info][gc,phases   ] GC(223)   Merge Heap Roots: 0.06ms
[2026-06-17T10:06:27.913+0800][7.564s][info][gc,phases   ] GC(223)   Evacuate Collection Set: 0.47ms
[2026-06-17T10:06:27.913+0800][7.564s][info][gc,phases   ] GC(223)   Post Evacuate Collection Set: 0.16ms
[2026-06-17T10:06:27.913+0800][7.564s][info][gc,phases   ] GC(223)   Other: 0.16ms
[2026-06-17T10:06:27.913+0800][7.564s][info][gc,heap     ] GC(223) Eden regions: 13->0(12)
[2026-06-17T10:06:27.914+0800][7.564s][info][gc,heap     ] GC(223) Survivor regions: 2->2(2)
[2026-06-17T10:06:27.914+0800][7.564s][info][gc,heap     ] GC(223) Old regions: 22->22
[2026-06-17T10:06:27.914+0800][7.564s][info][gc,heap     ] GC(223) Humongous regions: 18->18
[2026-06-17T10:06:27.914+0800][7.564s][info][gc,metaspace] GC(223) Metaspace: 114K(320K)->114K(320K) NonClass: 107K(192K)->107K(192K) Class: 7K(128K)->7K(128K)
[2026-06-17T10:06:27.914+0800][7.564s][info][gc          ] GC(223) Pause Young (Mixed) (G1 Evacuation Pause) 54M->41M(64M) 2.299ms
[2026-06-17T10:06:27.914+0800][7.565s][info][gc,cpu      ] GC(223) User=0.00s Sys=0.00s Real=0.00s
[2026-06-17T10:06:27.946+0800][7.596s][info][gc,start    ] GC(224) Pause Young (Concurrent Start) (G1 Evacuation Pause)
[2026-06-17T10:06:27.946+0800][7.597s][info][gc,task     ] GC(224) Using 2 workers of 18 for evacuation
[2026-06-17T10:06:27.947+0800][7.598s][info][gc,phases   ] GC(224)   Pre Evacuate Collection Set: 0.25ms
[2026-06-17T10:06:27.948+0800][7.598s][info][gc,phases   ] GC(224)   Merge Heap Roots: 0.03ms
[2026-06-17T10:06:27.948+0800][7.599s][info][gc,phases   ] GC(224)   Evacuate Collection Set: 0.34ms
[2026-06-17T10:06:27.948+0800][7.599s][info][gc,phases   ] GC(224)   Post Evacuate Collection Set: 0.17ms
[2026-06-17T10:06:27.948+0800][7.599s][info][gc,phases   ] GC(224)   Other: 0.46ms
[2026-06-17T10:06:27.949+0800][7.599s][info][gc,heap     ] GC(224) Eden regions: 12->0(9)
[2026-06-17T10:06:27.949+0800][7.599s][info][gc,heap     ] GC(224) Survivor regions: 2->2(2)
[2026-06-17T10:06:27.949+0800][7.599s][info][gc,heap     ] GC(224) Old regions: 22->25
[2026-06-17T10:06:27.949+0800][7.599s][info][gc,heap     ] GC(224) Humongous regions: 18->18
[2026-06-17T10:06:27.949+0800][7.600s][info][gc,metaspace] GC(224) Metaspace: 114K(320K)->114K(320K) NonClass: 107K(192K)->107K(192K) Class: 7K(128K)->7K(128K)
[2026-06-17T10:06:27.949+0800][7.600s][info][gc          ] GC(224) Pause Young (Concurrent Start) (G1 Evacuation Pause) 53M->44M(64M) 3.306ms
[2026-06-17T10:06:27.949+0800][7.600s][info][gc,cpu      ] GC(224) User=0.01s Sys=0.00s Real=0.00s
[2026-06-17T10:06:27.949+0800][7.600s][info][gc          ] GC(225) Concurrent Mark Cycle
[2026-06-17T10:06:27.949+0800][7.600s][info][gc,marking  ] GC(225) Concurrent Scan Root Regions
[2026-06-17T10:06:27.950+0800][7.600s][info][gc,marking  ] GC(225) Concurrent Scan Root Regions 0.155ms
[2026-06-17T10:06:27.950+0800][7.601s][info][gc,marking  ] GC(225) Concurrent Mark
[2026-06-17T10:06:27.951+0800][7.601s][info][gc,marking  ] GC(225) Concurrent Mark From Roots
[2026-06-17T10:06:27.951+0800][7.601s][info][gc,task     ] GC(225) Using 5 workers of 5 for marking
[2026-06-17T10:06:27.952+0800][7.603s][info][gc,marking  ] GC(225) Concurrent Mark From Roots 1.282ms
[2026-06-17T10:06:27.952+0800][7.603s][info][gc,marking  ] GC(225) Concurrent Preclean
[2026-06-17T10:06:27.952+0800][7.603s][info][gc,marking  ] GC(225) Concurrent Preclean 0.188ms
[2026-06-17T10:06:27.952+0800][7.603s][info][gc,start    ] GC(225) Pause Remark
[2026-06-17T10:06:27.953+0800][7.603s][info][gc          ] GC(225) Pause Remark 46M->46M(64M) 0.404ms
[2026-06-17T10:06:27.953+0800][7.604s][info][gc,cpu      ] GC(225) User=0.00s Sys=0.00s Real=0.00s
[2026-06-17T10:06:27.953+0800][7.604s][info][gc,marking  ] GC(225) Concurrent Mark 2.842ms
[2026-06-17T10:06:27.953+0800][7.604s][info][gc,marking  ] GC(225) Concurrent Rebuild Remembered Sets and Scrub Regions
[2026-06-17T10:06:27.954+0800][7.604s][info][gc,marking  ] GC(225) Concurrent Rebuild Remembered Sets and Scrub Regions 0.523ms
[2026-06-17T10:06:27.954+0800][7.604s][info][gc,start    ] GC(225) Pause Cleanup
[2026-06-17T10:06:27.954+0800][7.605s][info][gc          ] GC(225) Pause Cleanup 46M->46M(64M) 0.131ms
[2026-06-17T10:06:27.954+0800][7.605s][info][gc,cpu      ] GC(225) User=0.00s Sys=0.00s Real=0.00s
[2026-06-17T10:06:27.954+0800][7.605s][info][gc,marking  ] GC(225) Concurrent Clear Claimed Marks
[2026-06-17T10:06:27.954+0800][7.605s][info][gc,marking  ] GC(225) Concurrent Clear Claimed Marks 0.077ms
[2026-06-17T10:06:27.954+0800][7.605s][info][gc,marking  ] GC(225) Concurrent Cleanup for Next Mark
[2026-06-17T10:06:27.955+0800][7.605s][info][gc,marking  ] GC(225) Concurrent Cleanup for Next Mark 0.206ms
[2026-06-17T10:06:27.955+0800][7.605s][info][gc          ] GC(225) Concurrent Mark Cycle 5.462ms
[2026-06-17T10:06:27.971+0800][7.621s][info][gc,start    ] GC(226) Pause Young (Prepare Mixed) (G1 Evacuation Pause)
[2026-06-17T10:06:27.972+0800][7.623s][info][gc,task     ] GC(226) Using 2 workers of 18 for evacuation
[2026-06-17T10:06:27.974+0800][7.624s][info][gc,phases   ] GC(226)   Pre Evacuate Collection Set: 0.10ms
[2026-06-17T10:06:27.975+0800][7.626s][info][gc,phases   ] GC(226)   Merge Heap Roots: 0.04ms
[2026-06-17T10:06:27.979+0800][7.630s][info][gc,phases   ] GC(226)   Evacuate Collection Set: 0.39ms
[2026-06-17T10:06:27.981+0800][7.631s][info][gc,phases   ] GC(226)   Post Evacuate Collection Set: 0.16ms
[2026-06-17T10:06:27.985+0800][7.635s][info][gc,phases   ] GC(226)   Other: 0.59ms
[2026-06-17T10:06:27.986+0800][7.636s][info][gc,heap     ] GC(226) Eden regions: 9->0(11)
[2026-06-17T10:06:27.989+0800][7.640s][info][gc,heap     ] GC(226) Survivor regions: 2->2(2)
[2026-06-17T10:06:27.995+0800][7.646s][info][gc,heap     ] GC(226) Old regions: 25->28
[2026-06-17T10:06:27.996+0800][7.647s][info][gc,heap     ] GC(226) Humongous regions: 20->12
[2026-06-17T10:06:27.998+0800][7.648s][info][gc,metaspace] GC(226) Metaspace: 114K(320K)->114K(320K) NonClass: 107K(192K)->107K(192K) Class: 7K(128K)->7K(128K)
[2026-06-17T10:06:27.998+0800][7.649s][info][gc          ] GC(226) Pause Young (Prepare Mixed) (G1 Evacuation Pause) 55M->41M(64M) 27.968ms
[2026-06-17T10:06:27.999+0800][7.650s][info][gc,cpu      ] GC(226) User=0.00s Sys=0.00s Real=0.02s
[2026-06-17T10:06:28.034+0800][7.685s][info][gc,start    ] GC(227) Pause Young (Mixed) (G1 Evacuation Pause)
[2026-06-17T10:06:28.035+0800][7.685s][info][gc,task     ] GC(227) Using 2 workers of 18 for evacuation
[2026-06-17T10:06:28.036+0800][7.687s][info][gc,phases   ] GC(227)   Pre Evacuate Collection Set: 0.26ms
[2026-06-17T10:06:28.037+0800][7.687s][info][gc,phases   ] GC(227)   Merge Heap Roots: 0.04ms
[2026-06-17T10:06:28.037+0800][7.687s][info][gc,phases   ] GC(227)   Evacuate Collection Set: 0.43ms
[2026-06-17T10:06:28.037+0800][7.688s][info][gc,phases   ] GC(227)   Post Evacuate Collection Set: 0.24ms
[2026-06-17T10:06:28.037+0800][7.688s][info][gc,phases   ] GC(227)   Other: 0.70ms
[2026-06-17T10:06:28.037+0800][7.688s][info][gc,heap     ] GC(227) Eden regions: 11->0(9)
[2026-06-17T10:06:28.037+0800][7.688s][info][gc,heap     ] GC(227) Survivor regions: 2->2(2)
[2026-06-17T10:06:28.038+0800][7.688s][info][gc,heap     ] GC(227) Old regions: 28->30
[2026-06-17T10:06:28.038+0800][7.688s][info][gc,heap     ] GC(227) Humongous regions: 12->12
[2026-06-17T10:06:28.038+0800][7.688s][info][gc,metaspace] GC(227) Metaspace: 114K(320K)->114K(320K) NonClass: 107K(192K)->107K(192K) Class: 7K(128K)->7K(128K)
[2026-06-17T10:06:28.038+0800][7.689s][info][gc          ] GC(227) Pause Young (Mixed) (G1 Evacuation Pause) 52M->43M(64M) 3.862ms
[2026-06-17T10:06:28.038+0800][7.689s][info][gc,cpu      ] GC(227) User=0.00s Sys=0.01s Real=0.00s
[2026-06-17T10:06:28.059+0800][7.710s][info][gc,start    ] GC(228) Pause Young (Concurrent Start) (G1 Evacuation Pause)
[2026-06-17T10:06:28.060+0800][7.711s][info][gc,task     ] GC(228) Using 2 workers of 18 for evacuation
[2026-06-17T10:06:28.061+0800][7.712s][info][gc,phases   ] GC(228)   Pre Evacuate Collection Set: 0.27ms
[2026-06-17T10:06:28.061+0800][7.712s][info][gc,phases   ] GC(228)   Merge Heap Roots: 0.05ms
[2026-06-17T10:06:28.061+0800][7.712s][info][gc,phases   ] GC(228)   Evacuate Collection Set: 0.19ms
[2026-06-17T10:06:28.061+0800][7.712s][info][gc,phases   ] GC(228)   Post Evacuate Collection Set: 0.22ms
[2026-06-17T10:06:28.062+0800][7.712s][info][gc,phases   ] GC(228)   Other: 0.20ms
[2026-06-17T10:06:28.062+0800][7.712s][info][gc,heap     ] GC(228) Eden regions: 9->0(11)
[2026-06-17T10:06:28.062+0800][7.712s][info][gc,heap     ] GC(228) Survivor regions: 2->1(2)
[2026-06-17T10:06:28.062+0800][7.712s][info][gc,heap     ] GC(228) Old regions: 30->31
[2026-06-17T10:06:28.062+0800][7.712s][info][gc,heap     ] GC(228) Humongous regions: 12->12
[2026-06-17T10:06:28.062+0800][7.713s][info][gc,metaspace] GC(228) Metaspace: 114K(320K)->114K(320K) NonClass: 107K(192K)->107K(192K) Class: 7K(128K)->7K(128K)
[2026-06-17T10:06:28.062+0800][7.713s][info][gc          ] GC(228) Pause Young (Concurrent Start) (G1 Evacuation Pause) 52M->42M(64M) 2.710ms
[2026-06-17T10:06:28.062+0800][7.713s][info][gc,cpu      ] GC(228) User=0.00s Sys=0.00s Real=0.00s
[2026-06-17T10:06:28.062+0800][7.713s][info][gc          ] GC(229) Concurrent Mark Cycle
[2026-06-17T10:06:28.063+0800][7.713s][info][gc,marking  ] GC(229) Concurrent Scan Root Regions
[2026-06-17T10:06:28.063+0800][7.713s][info][gc,marking  ] GC(229) Concurrent Scan Root Regions 0.236ms
[2026-06-17T10:06:28.063+0800][7.713s][info][gc,marking  ] GC(229) Concurrent Mark
[2026-06-17T10:06:28.063+0800][7.714s][info][gc,marking  ] GC(229) Concurrent Mark From Roots
[2026-06-17T10:06:28.063+0800][7.714s][info][gc,task     ] GC(229) Using 5 workers of 5 for marking
[2026-06-17T10:06:28.064+0800][7.715s][info][gc,marking  ] GC(229) Concurrent Mark From Roots 1.169ms
[2026-06-17T10:06:28.064+0800][7.715s][info][gc,marking  ] GC(229) Concurrent Preclean
[2026-06-17T10:06:28.064+0800][7.715s][info][gc,marking  ] GC(229) Concurrent Preclean 0.078ms
[2026-06-17T10:06:28.064+0800][7.715s][info][gc,start    ] GC(229) Pause Remark
[2026-06-17T10:06:28.065+0800][7.715s][info][gc          ] GC(229) Pause Remark 44M->35M(64M) 0.356ms
[2026-06-17T10:06:28.065+0800][7.715s][info][gc,cpu      ] GC(229) User=0.00s Sys=0.00s Real=0.00s
[2026-06-17T10:06:28.065+0800][7.716s][info][gc,marking  ] GC(229) Concurrent Mark 2.164ms
[2026-06-17T10:06:28.065+0800][7.716s][info][gc,marking  ] GC(229) Concurrent Rebuild Remembered Sets and Scrub Regions
[2026-06-17T10:06:28.066+0800][7.716s][info][gc,marking  ] GC(229) Concurrent Rebuild Remembered Sets and Scrub Regions 0.572ms
[2026-06-17T10:06:28.066+0800][7.716s][info][gc,start    ] GC(229) Pause Cleanup
[2026-06-17T10:06:28.066+0800][7.717s][info][gc          ] GC(229) Pause Cleanup 35M->35M(64M) 0.100ms
[2026-06-17T10:06:28.066+0800][7.717s][info][gc,cpu      ] GC(229) User=0.00s Sys=0.00s Real=0.00s
[2026-06-17T10:06:28.066+0800][7.717s][info][gc,marking  ] GC(229) Concurrent Clear Claimed Marks
[2026-06-17T10:06:28.066+0800][7.717s][info][gc,marking  ] GC(229) Concurrent Clear Claimed Marks 0.107ms
[2026-06-17T10:06:28.067+0800][7.717s][info][gc,marking  ] GC(229) Concurrent Cleanup for Next Mark
[2026-06-17T10:06:28.067+0800][7.717s][info][gc,marking  ] GC(229) Concurrent Cleanup for Next Mark 0.252ms
[2026-06-17T10:06:28.067+0800][7.718s][info][gc          ] GC(229) Concurrent Mark Cycle 4.820ms
[2026-06-17T10:06:28.094+0800][7.744s][info][gc,start    ] GC(230) Pause Young (Prepare Mixed) (G1 Evacuation Pause)
[2026-06-17T10:06:28.094+0800][7.745s][info][gc,task     ] GC(230) Using 2 workers of 18 for evacuation
[2026-06-17T10:06:28.096+0800][7.746s][info][gc,phases   ] GC(230)   Pre Evacuate Collection Set: 0.13ms
[2026-06-17T10:06:28.096+0800][7.747s][info][gc,phases   ] GC(230)   Merge Heap Roots: 0.04ms
[2026-06-17T10:06:28.097+0800][7.747s][info][gc,phases   ] GC(230)   Evacuate Collection Set: 0.33ms
[2026-06-17T10:06:28.097+0800][7.748s][info][gc,phases   ] GC(230)   Post Evacuate Collection Set: 0.28ms
[2026-06-17T10:06:28.097+0800][7.748s][info][gc,phases   ] GC(230)   Other: 0.84ms
[2026-06-17T10:06:28.098+0800][7.748s][info][gc,heap     ] GC(230) Eden regions: 11->0(12)
[2026-06-17T10:06:28.098+0800][7.749s][info][gc,heap     ] GC(230) Survivor regions: 1->2(2)
[2026-06-17T10:06:28.099+0800][7.749s][info][gc,heap     ] GC(230) Old regions: 22->25
[2026-06-17T10:06:28.099+0800][7.749s][info][gc,heap     ] GC(230) Humongous regions: 12->12
[2026-06-17T10:06:28.099+0800][7.750s][info][gc,metaspace] GC(230) Metaspace: 114K(320K)->114K(320K) NonClass: 107K(192K)->107K(192K) Class: 7K(128K)->7K(128K)
[2026-06-17T10:06:28.099+0800][7.750s][info][gc          ] GC(230) Pause Young (Prepare Mixed) (G1 Evacuation Pause) 44M->38M(64M) 5.569ms
[2026-06-17T10:06:28.099+0800][7.750s][info][gc,cpu      ] GC(230) User=0.00s Sys=0.00s Real=0.00s
[2026-06-17T10:06:28.131+0800][7.781s][info][gc,start    ] GC(231) Pause Young (Mixed) (G1 Evacuation Pause)
[2026-06-17T10:06:28.131+0800][7.782s][info][gc,task     ] GC(231) Using 2 workers of 18 for evacuation
[2026-06-17T10:06:28.132+0800][7.783s][info][gc,phases   ] GC(231)   Pre Evacuate Collection Set: 0.12ms
[2026-06-17T10:06:28.133+0800][7.783s][info][gc,phases   ] GC(231)   Merge Heap Roots: 0.06ms
[2026-06-17T10:06:28.133+0800][7.784s][info][gc,phases   ] GC(231)   Evacuate Collection Set: 0.49ms
[2026-06-17T10:06:28.133+0800][7.784s][info][gc,phases   ] GC(231)   Post Evacuate Collection Set: 0.20ms
[2026-06-17T10:06:28.134+0800][7.784s][info][gc,phases   ] GC(231)   Other: 0.26ms
[2026-06-17T10:06:28.134+0800][7.785s][info][gc,heap     ] GC(231) Eden regions: 12->0(12)
[2026-06-17T10:06:28.135+0800][7.785s][info][gc,heap     ] GC(231) Survivor regions: 2->2(2)
[2026-06-17T10:06:28.135+0800][7.786s][info][gc,heap     ] GC(231) Old regions: 25->25
[2026-06-17T10:06:28.136+0800][7.786s][info][gc,heap     ] GC(231) Humongous regions: 12->12
[2026-06-17T10:06:28.136+0800][7.787s][info][gc,metaspace] GC(231) Metaspace: 114K(320K)->114K(320K) NonClass: 107K(192K)->107K(192K) Class: 7K(128K)->7K(128K)
[2026-06-17T10:06:28.137+0800][7.787s][info][gc          ] GC(231) Pause Young (Mixed) (G1 Evacuation Pause) 50M->38M(64M) 5.921ms
[2026-06-17T10:06:28.137+0800][7.788s][info][gc,cpu      ] GC(231) User=0.00s Sys=0.00s Real=0.00s
[2026-06-17T10:06:28.169+0800][7.819s][info][gc,start    ] GC(232) Pause Young (Concurrent Start) (G1 Evacuation Pause)
[2026-06-17T10:06:28.169+0800][7.820s][info][gc,task     ] GC(232) Using 2 workers of 18 for evacuation
[2026-06-17T10:06:28.170+0800][7.821s][info][gc,phases   ] GC(232)   Pre Evacuate Collection Set: 0.24ms
[2026-06-17T10:06:28.171+0800][7.821s][info][gc,phases   ] GC(232)   Merge Heap Roots: 0.06ms
[2026-06-17T10:06:28.171+0800][7.821s][info][gc,phases   ] GC(232)   Evacuate Collection Set: 0.44ms
[2026-06-17T10:06:28.171+0800][7.821s][info][gc,phases   ] GC(232)   Post Evacuate Collection Set: 0.17ms
[2026-06-17T10:06:28.171+0800][7.821s][info][gc,phases   ] GC(232)   Other: 0.31ms
[2026-06-17T10:06:28.171+0800][7.822s][info][gc,heap     ] GC(232) Eden regions: 12->0(10)
[2026-06-17T10:06:28.171+0800][7.822s][info][gc,heap     ] GC(232) Survivor regions: 2->2(2)
[2026-06-17T10:06:28.171+0800][7.822s][info][gc,heap     ] GC(232) Old regions: 25->29
[2026-06-17T10:06:28.171+0800][7.822s][info][gc,heap     ] GC(232) Humongous regions: 12->12
[2026-06-17T10:06:28.171+0800][7.822s][info][gc,metaspace] GC(232) Metaspace: 114K(320K)->114K(320K) NonClass: 107K(192K)->107K(192K) Class: 7K(128K)->7K(128K)
[2026-06-17T10:06:28.171+0800][7.822s][info][gc          ] GC(232) Pause Young (Concurrent Start) (G1 Evacuation Pause) 50M->42M(64M) 2.725ms
[2026-06-17T10:06:28.172+0800][7.822s][info][gc,cpu      ] GC(232) User=0.00s Sys=0.00s Real=0.01s
[2026-06-17T10:06:28.172+0800][7.822s][info][gc          ] GC(233) Concurrent Mark Cycle
[2026-06-17T10:06:28.172+0800][7.822s][info][gc,marking  ] GC(233) Concurrent Scan Root Regions
[2026-06-17T10:06:28.172+0800][7.823s][info][gc,marking  ] GC(233) Concurrent Scan Root Regions 0.285ms
[2026-06-17T10:06:28.172+0800][7.823s][info][gc,marking  ] GC(233) Concurrent Mark
[2026-06-17T10:06:28.173+0800][7.823s][info][gc,marking  ] GC(233) Concurrent Mark From Roots
[2026-06-17T10:06:28.173+0800][7.823s][info][gc,task     ] GC(233) Using 5 workers of 5 for marking
[2026-06-17T10:06:28.174+0800][7.824s][info][gc,marking  ] GC(233) Concurrent Mark From Roots 1.310ms
[2026-06-17T10:06:28.174+0800][7.825s][info][gc,marking  ] GC(233) Concurrent Preclean
[2026-06-17T10:06:28.174+0800][7.825s][info][gc,marking  ] GC(233) Concurrent Preclean 0.177ms
[2026-06-17T10:06:28.174+0800][7.825s][info][gc,start    ] GC(233) Pause Remark
[2026-06-17T10:06:28.175+0800][7.825s][info][gc          ] GC(233) Pause Remark 45M->45M(64M) 0.375ms
[2026-06-17T10:06:28.175+0800][7.825s][info][gc,cpu      ] GC(233) User=0.00s Sys=0.00s Real=0.00s
[2026-06-17T10:06:28.175+0800][7.825s][info][gc,marking  ] GC(233) Concurrent Mark 2.490ms
[2026-06-17T10:06:28.175+0800][7.825s][info][gc,marking  ] GC(233) Concurrent Rebuild Remembered Sets and Scrub Regions
[2026-06-17T10:06:28.175+0800][7.826s][info][gc,marking  ] GC(233) Concurrent Rebuild Remembered Sets and Scrub Regions 0.402ms
[2026-06-17T10:06:28.176+0800][7.826s][info][gc,start    ] GC(233) Pause Cleanup
[2026-06-17T10:06:28.176+0800][7.826s][info][gc          ] GC(233) Pause Cleanup 45M->45M(64M) 0.102ms
[2026-06-17T10:06:28.176+0800][7.826s][info][gc,cpu      ] GC(233) User=0.00s Sys=0.00s Real=0.00s
[2026-06-17T10:06:28.176+0800][7.826s][info][gc,marking  ] GC(233) Concurrent Clear Claimed Marks
[2026-06-17T10:06:28.176+0800][7.826s][info][gc,marking  ] GC(233) Concurrent Clear Claimed Marks 0.110ms
[2026-06-17T10:06:28.176+0800][7.827s][info][gc,marking  ] GC(233) Concurrent Cleanup for Next Mark
[2026-06-17T10:06:28.176+0800][7.827s][info][gc,marking  ] GC(233) Concurrent Cleanup for Next Mark 0.200ms
[2026-06-17T10:06:28.176+0800][7.827s][info][gc          ] GC(233) Concurrent Mark Cycle 4.686ms
[2026-06-17T10:06:28.193+0800][7.843s][info][gc,start    ] GC(234) Pause Young (Prepare Mixed) (G1 Evacuation Pause)
[2026-06-17T10:06:28.193+0800][7.844s][info][gc,task     ] GC(234) Using 2 workers of 18 for evacuation
[2026-06-17T10:06:28.195+0800][7.845s][info][gc,phases   ] GC(234)   Pre Evacuate Collection Set: 0.18ms
[2026-06-17T10:06:28.195+0800][7.846s][info][gc,phases   ] GC(234)   Merge Heap Roots: 0.06ms
[2026-06-17T10:06:28.195+0800][7.846s][info][gc,phases   ] GC(234)   Evacuate Collection Set: 0.60ms
[2026-06-17T10:06:28.195+0800][7.846s][info][gc,phases   ] GC(234)   Post Evacuate Collection Set: 0.34ms
[2026-06-17T10:06:28.196+0800][7.846s][info][gc,phases   ] GC(234)   Other: 0.43ms
[2026-06-17T10:06:28.196+0800][7.846s][info][gc,heap     ] GC(234) Eden regions: 10->0(8)
[2026-06-17T10:06:28.196+0800][7.846s][info][gc,heap     ] GC(234) Survivor regions: 2->2(2)
[2026-06-17T10:06:28.196+0800][7.846s][info][gc,heap     ] GC(234) Old regions: 29->33
[2026-06-17T10:06:28.196+0800][7.846s][info][gc,heap     ] GC(234) Humongous regions: 12->12
[2026-06-17T10:06:28.196+0800][7.847s][info][gc,metaspace] GC(234) Metaspace: 114K(320K)->114K(320K) NonClass: 107K(192K)->107K(192K) Class: 7K(128K)->7K(128K)
[2026-06-17T10:06:28.196+0800][7.847s][info][gc          ] GC(234) Pause Young (Prepare Mixed) (G1 Evacuation Pause) 52M->46M(64M) 3.422ms
[2026-06-17T10:06:28.196+0800][7.847s][info][gc,cpu      ] GC(234) User=0.00s Sys=0.00s Real=0.00s
[2026-06-17T10:06:28.218+0800][7.868s][info][gc,start    ] GC(235) Pause Young (Mixed) (G1 Evacuation Pause)
[2026-06-17T10:06:28.218+0800][7.868s][info][gc,task     ] GC(235) Using 2 workers of 18 for evacuation
[2026-06-17T10:06:28.219+0800][7.870s][info][gc,phases   ] GC(235)   Pre Evacuate Collection Set: 0.11ms
[2026-06-17T10:06:28.219+0800][7.870s][info][gc,phases   ] GC(235)   Merge Heap Roots: 0.04ms
[2026-06-17T10:06:28.219+0800][7.870s][info][gc,phases   ] GC(235)   Evacuate Collection Set: 0.51ms
[2026-06-17T10:06:28.219+0800][7.870s][info][gc,phases   ] GC(235)   Post Evacuate Collection Set: 0.18ms
[2026-06-17T10:06:28.219+0800][7.870s][info][gc,phases   ] GC(235)   Other: 0.20ms
[2026-06-17T10:06:28.220+0800][7.870s][info][gc,heap     ] GC(235) Eden regions: 8->0(7)
[2026-06-17T10:06:28.220+0800][7.870s][info][gc,heap     ] GC(235) Survivor regions: 2->2(2)
[2026-06-17T10:06:28.220+0800][7.870s][info][gc,heap     ] GC(235) Old regions: 33->33
[2026-06-17T10:06:28.220+0800][7.871s][info][gc,heap     ] GC(235) Humongous regions: 13->13
[2026-06-17T10:06:28.220+0800][7.871s][info][gc,metaspace] GC(235) Metaspace: 114K(320K)->114K(320K) NonClass: 107K(192K)->107K(192K) Class: 7K(128K)->7K(128K)
[2026-06-17T10:06:28.220+0800][7.871s][info][gc          ] GC(235) Pause Young (Mixed) (G1 Evacuation Pause) (Evacuation Failure: Allocation) 55M->48M(64M) 2.616ms
[2026-06-17T10:06:28.220+0800][7.871s][info][gc,cpu      ] GC(235) User=0.00s Sys=0.00s Real=0.00s
[2026-06-17T10:06:28.241+0800][7.892s][info][gc,start    ] GC(236) Pause Young (Concurrent Start) (G1 Evacuation Pause)
[2026-06-17T10:06:28.242+0800][7.892s][info][gc,task     ] GC(236) Using 2 workers of 18 for evacuation
[2026-06-17T10:06:28.243+0800][7.893s][info][gc,phases   ] GC(236)   Pre Evacuate Collection Set: 0.19ms
[2026-06-17T10:06:28.243+0800][7.893s][info][gc,phases   ] GC(236)   Merge Heap Roots: 0.05ms
[2026-06-17T10:06:28.243+0800][7.893s][info][gc,phases   ] GC(236)   Evacuate Collection Set: 0.20ms
[2026-06-17T10:06:28.243+0800][7.893s][info][gc,phases   ] GC(236)   Post Evacuate Collection Set: 0.25ms
[2026-06-17T10:06:28.243+0800][7.894s][info][gc,phases   ] GC(236)   Other: 0.27ms
[2026-06-17T10:06:28.243+0800][7.894s][info][gc,heap     ] GC(236) Eden regions: 7->0(8)
[2026-06-17T10:06:28.243+0800][7.894s][info][gc,heap     ] GC(236) Survivor regions: 2->2(2)
[2026-06-17T10:06:28.243+0800][7.894s][info][gc,heap     ] GC(236) Old regions: 33->33
[2026-06-17T10:06:28.244+0800][7.894s][info][gc,heap     ] GC(236) Humongous regions: 13->13
[2026-06-17T10:06:28.244+0800][7.894s][info][gc,metaspace] GC(236) Metaspace: 114K(320K)->114K(320K) NonClass: 107K(192K)->107K(192K) Class: 7K(128K)->7K(128K)
[2026-06-17T10:06:28.244+0800][7.894s][info][gc          ] GC(236) Pause Young (Concurrent Start) (G1 Evacuation Pause) 54M->47M(64M) 2.389ms
[2026-06-17T10:06:28.244+0800][7.894s][info][gc,cpu      ] GC(236) User=0.00s Sys=0.00s Real=0.01s
[2026-06-17T10:06:28.244+0800][7.894s][info][gc          ] GC(237) Concurrent Mark Cycle
[2026-06-17T10:06:28.244+0800][7.895s][info][gc,marking  ] GC(237) Concurrent Scan Root Regions
[2026-06-17T10:06:28.244+0800][7.895s][info][gc,marking  ] GC(237) Concurrent Scan Root Regions 0.184ms
[2026-06-17T10:06:28.244+0800][7.895s][info][gc,marking  ] GC(237) Concurrent Mark
[2026-06-17T10:06:28.245+0800][7.895s][info][gc,marking  ] GC(237) Concurrent Mark From Roots
[2026-06-17T10:06:28.245+0800][7.895s][info][gc,task     ] GC(237) Using 5 workers of 5 for marking
[2026-06-17T10:06:28.246+0800][7.896s][info][gc,marking  ] GC(237) Concurrent Mark From Roots 1.236ms
[2026-06-17T10:06:28.246+0800][7.896s][info][gc,marking  ] GC(237) Concurrent Preclean
[2026-06-17T10:06:28.246+0800][7.897s][info][gc,marking  ] GC(237) Concurrent Preclean 0.128ms
[2026-06-17T10:06:28.246+0800][7.897s][info][gc,start    ] GC(237) Pause Remark
[2026-06-17T10:06:28.247+0800][7.897s][info][gc          ] GC(237) Pause Remark 50M->42M(64M) 0.392ms
[2026-06-17T10:06:28.247+0800][7.897s][info][gc,cpu      ] GC(237) User=0.00s Sys=0.00s Real=0.00s
[2026-06-17T10:06:28.247+0800][7.897s][info][gc,marking  ] GC(237) Concurrent Mark 2.304ms
[2026-06-17T10:06:28.247+0800][7.897s][info][gc,marking  ] GC(237) Concurrent Rebuild Remembered Sets and Scrub Regions
[2026-06-17T10:06:28.247+0800][7.898s][info][gc,marking  ] GC(237) Concurrent Rebuild Remembered Sets and Scrub Regions 0.491ms
[2026-06-17T10:06:28.247+0800][7.898s][info][gc,start    ] GC(237) Pause Cleanup
[2026-06-17T10:06:28.248+0800][7.898s][info][gc          ] GC(237) Pause Cleanup 42M->42M(64M) 0.113ms
[2026-06-17T10:06:28.248+0800][7.898s][info][gc,cpu      ] GC(237) User=0.00s Sys=0.00s Real=0.00s
[2026-06-17T10:06:28.248+0800][7.898s][info][gc,marking  ] GC(237) Concurrent Clear Claimed Marks
[2026-06-17T10:06:28.248+0800][7.898s][info][gc,marking  ] GC(237) Concurrent Clear Claimed Marks 0.080ms
[2026-06-17T10:06:28.248+0800][7.899s][info][gc,marking  ] GC(237) Concurrent Cleanup for Next Mark
[2026-06-17T10:06:28.248+0800][7.899s][info][gc,marking  ] GC(237) Concurrent Cleanup for Next Mark 0.150ms
[2026-06-17T10:06:28.248+0800][7.899s][info][gc          ] GC(237) Concurrent Mark Cycle 4.300ms
[2026-06-17T10:06:28.265+0800][7.916s][info][gc,start    ] GC(238) Pause Young (Prepare Mixed) (G1 Evacuation Pause)
[2026-06-17T10:06:28.265+0800][7.916s][info][gc,task     ] GC(238) Using 2 workers of 18 for evacuation
[2026-06-17T10:06:28.267+0800][7.917s][info][gc,phases   ] GC(238)   Pre Evacuate Collection Set: 0.23ms
[2026-06-17T10:06:28.267+0800][7.918s][info][gc,phases   ] GC(238)   Merge Heap Roots: 0.10ms
[2026-06-17T10:06:28.267+0800][7.918s][info][gc,phases   ] GC(238)   Evacuate Collection Set: 0.44ms
[2026-06-17T10:06:28.268+0800][7.918s][info][gc,phases   ] GC(238)   Post Evacuate Collection Set: 0.47ms
[2026-06-17T10:06:28.268+0800][7.918s][info][gc,phases   ] GC(238)   Other: 0.36ms
[2026-06-17T10:06:28.268+0800][7.919s][info][gc,heap     ] GC(238) Eden regions: 8->0(11)
[2026-06-17T10:06:28.268+0800][7.919s][info][gc,heap     ] GC(238) Survivor regions: 2->2(2)
[2026-06-17T10:06:28.268+0800][7.919s][info][gc,heap     ] GC(238) Old regions: 25->27
[2026-06-17T10:06:28.269+0800][7.919s][info][gc,heap     ] GC(238) Humongous regions: 13->13
[2026-06-17T10:06:28.269+0800][7.919s][info][gc,metaspace] GC(238) Metaspace: 114K(320K)->114K(320K) NonClass: 107K(192K)->107K(192K) Class: 7K(128K)->7K(128K)
[2026-06-17T10:06:28.269+0800][7.919s][info][gc          ] GC(238) Pause Young (Prepare Mixed) (G1 Evacuation Pause) 47M->41M(64M) 3.915ms
[2026-06-17T10:06:28.269+0800][7.920s][info][gc,cpu      ] GC(238) User=0.00s Sys=0.00s Real=0.00s
[2026-06-17T10:06:28.291+0800][7.941s][info][gc,start    ] GC(239) Pause Young (Mixed) (G1 Evacuation Pause)
[2026-06-17T10:06:28.292+0800][7.943s][info][gc,task     ] GC(239) Using 2 workers of 18 for evacuation
[2026-06-17T10:06:28.295+0800][7.945s][info][gc,phases   ] GC(239)   Pre Evacuate Collection Set: 0.24ms
[2026-06-17T10:06:28.295+0800][7.946s][info][gc,phases   ] GC(239)   Merge Heap Roots: 0.10ms
[2026-06-17T10:06:28.295+0800][7.946s][info][gc,phases   ] GC(239)   Evacuate Collection Set: 0.96ms
[2026-06-17T10:06:28.296+0800][7.946s][info][gc,phases   ] GC(239)   Post Evacuate Collection Set: 0.43ms
[2026-06-17T10:06:28.296+0800][7.946s][info][gc,phases   ] GC(239)   Other: 0.69ms
[2026-06-17T10:06:28.296+0800][7.947s][info][gc,heap     ] GC(239) Eden regions: 11->0(10)
[2026-06-17T10:06:28.297+0800][7.947s][info][gc,heap     ] GC(239) Survivor regions: 2->2(2)
[2026-06-17T10:06:28.297+0800][7.947s][info][gc,heap     ] GC(239) Old regions: 27->26
[2026-06-17T10:06:28.297+0800][7.948s][info][gc,heap     ] GC(239) Humongous regions: 13->13
[2026-06-17T10:06:28.297+0800][7.948s][info][gc,metaspace] GC(239) Metaspace: 114K(320K)->114K(320K) NonClass: 107K(192K)->107K(192K) Class: 7K(128K)->7K(128K)
[2026-06-17T10:06:28.298+0800][7.948s][info][gc          ] GC(239) Pause Young (Mixed) (G1 Evacuation Pause) 52M->40M(64M) 7.015ms
[2026-06-17T10:06:28.298+0800][7.948s][info][gc,cpu      ] GC(239) User=0.00s Sys=0.00s Real=0.00s
[2026-06-17T10:06:28.330+0800][7.980s][info][gc,start    ] GC(240) Pause Young (Mixed) (G1 Evacuation Pause)
[2026-06-17T10:06:28.330+0800][7.981s][info][gc,task     ] GC(240) Using 2 workers of 18 for evacuation
[2026-06-17T10:06:28.331+0800][7.982s][info][gc,phases   ] GC(240)   Pre Evacuate Collection Set: 0.10ms
[2026-06-17T10:06:28.332+0800][7.982s][info][gc,phases   ] GC(240)   Merge Heap Roots: 0.05ms
[2026-06-17T10:06:28.332+0800][7.982s][info][gc,phases   ] GC(240)   Evacuate Collection Set: 0.45ms
[2026-06-17T10:06:28.332+0800][7.982s][info][gc,phases   ] GC(240)   Post Evacuate Collection Set: 0.15ms
[2026-06-17T10:06:28.332+0800][7.983s][info][gc,phases   ] GC(240)   Other: 0.23ms
[2026-06-17T10:06:28.332+0800][7.983s][info][gc,heap     ] GC(240) Eden regions: 10->0(9)
[2026-06-17T10:06:28.332+0800][7.983s][info][gc,heap     ] GC(240) Survivor regions: 2->2(2)
[2026-06-17T10:06:28.333+0800][7.983s][info][gc,heap     ] GC(240) Old regions: 26->28
[2026-06-17T10:06:28.333+0800][7.983s][info][gc,heap     ] GC(240) Humongous regions: 13->13
[2026-06-17T10:06:28.333+0800][7.983s][info][gc,metaspace] GC(240) Metaspace: 114K(320K)->114K(320K) NonClass: 107K(192K)->107K(192K) Class: 7K(128K)->7K(128K)
[2026-06-17T10:06:28.333+0800][7.984s][info][gc          ] GC(240) Pause Young (Mixed) (G1 Evacuation Pause) 50M->42M(64M) 3.081ms
[2026-06-17T10:06:28.334+0800][7.984s][info][gc,cpu      ] GC(240) User=0.00s Sys=0.00s Real=0.01s
[2026-06-17T10:06:28.363+0800][8.014s][info][gc,start    ] GC(241) Pause Young (Concurrent Start) (G1 Evacuation Pause)
[2026-06-17T10:06:28.364+0800][8.015s][info][gc,task     ] GC(241) Using 2 workers of 18 for evacuation
[2026-06-17T10:06:28.368+0800][8.019s][info][gc,phases   ] GC(241)   Pre Evacuate Collection Set: 0.65ms
[2026-06-17T10:06:28.369+0800][8.019s][info][gc,phases   ] GC(241)   Merge Heap Roots: 0.25ms
[2026-06-17T10:06:28.369+0800][8.020s][info][gc,phases   ] GC(241)   Evacuate Collection Set: 0.64ms
[2026-06-17T10:06:28.370+0800][8.020s][info][gc,phases   ] GC(241)   Post Evacuate Collection Set: 0.91ms
[2026-06-17T10:06:28.370+0800][8.021s][info][gc,phases   ] GC(241)   Other: 1.38ms
[2026-06-17T10:06:28.371+0800][8.021s][info][gc,heap     ] GC(241) Eden regions: 9->0(11)
[2026-06-17T10:06:28.371+0800][8.022s][info][gc,heap     ] GC(241) Survivor regions: 2->1(2)
[2026-06-17T10:06:28.372+0800][8.022s][info][gc,heap     ] GC(241) Old regions: 28->29
[2026-06-17T10:06:28.372+0800][8.023s][info][gc,heap     ] GC(241) Humongous regions: 13->13
[2026-06-17T10:06:28.373+0800][8.023s][info][gc,metaspace] GC(241) Metaspace: 114K(320K)->114K(320K) NonClass: 107K(192K)->107K(192K) Class: 7K(128K)->7K(128K)
[2026-06-17T10:06:28.373+0800][8.024s][info][gc          ] GC(241) Pause Young (Concurrent Start) (G1 Evacuation Pause) 51M->42M(64M) 10.101ms
[2026-06-17T10:06:28.373+0800][8.024s][info][gc,cpu      ] GC(241) User=0.00s Sys=0.00s Real=0.01s
[2026-06-17T10:06:28.373+0800][8.024s][info][gc          ] GC(242) Concurrent Mark Cycle
[2026-06-17T10:06:28.375+0800][8.025s][info][gc,marking  ] GC(242) Concurrent Scan Root Regions
[2026-06-17T10:06:28.375+0800][8.026s][info][gc,marking  ] GC(242) Concurrent Scan Root Regions 0.598ms
[2026-06-17T10:06:28.376+0800][8.026s][info][gc,marking  ] GC(242) Concurrent Mark
[2026-06-17T10:06:28.376+0800][8.027s][info][gc,marking  ] GC(242) Concurrent Mark From Roots
[2026-06-17T10:06:28.376+0800][8.027s][info][gc,task     ] GC(242) Using 5 workers of 5 for marking
[2026-06-17T10:06:28.378+0800][8.028s][info][gc,marking  ] GC(242) Concurrent Mark From Roots 1.811ms
[2026-06-17T10:06:28.379+0800][8.029s][info][gc,marking  ] GC(242) Concurrent Preclean
[2026-06-17T10:06:28.381+0800][8.032s][info][gc,marking  ] GC(242) Concurrent Preclean 2.803ms
[2026-06-17T10:06:28.386+0800][8.036s][info][gc,start    ] GC(242) Pause Remark
[2026-06-17T10:06:28.387+0800][8.037s][info][gc          ] GC(242) Pause Remark 47M->46M(64M) 0.764ms
[2026-06-17T10:06:28.387+0800][8.037s][info][gc,cpu      ] GC(242) User=0.00s Sys=0.00s Real=0.00s
[2026-06-17T10:06:28.387+0800][8.038s][info][gc,marking  ] GC(242) Concurrent Mark 11.326ms
[2026-06-17T10:06:28.387+0800][8.038s][info][gc,marking  ] GC(242) Concurrent Rebuild Remembered Sets and Scrub Regions
[2026-06-17T10:06:28.388+0800][8.038s][info][gc,marking  ] GC(242) Concurrent Rebuild Remembered Sets and Scrub Regions 0.466ms
[2026-06-17T10:06:28.388+0800][8.038s][info][gc,start    ] GC(242) Pause Cleanup
[2026-06-17T10:06:28.388+0800][8.039s][info][gc          ] GC(242) Pause Cleanup 46M->46M(64M) 0.131ms
[2026-06-17T10:06:28.388+0800][8.039s][info][gc,cpu      ] GC(242) User=0.00s Sys=0.00s Real=0.00s
[2026-06-17T10:06:28.388+0800][8.039s][info][gc,marking  ] GC(242) Concurrent Clear Claimed Marks
[2026-06-17T10:06:28.388+0800][8.039s][info][gc,marking  ] GC(242) Concurrent Clear Claimed Marks 0.109ms
[2026-06-17T10:06:28.388+0800][8.039s][info][gc,marking  ] GC(242) Concurrent Cleanup for Next Mark
[2026-06-17T10:06:28.389+0800][8.039s][info][gc,marking  ] GC(242) Concurrent Cleanup for Next Mark 0.196ms
[2026-06-17T10:06:28.389+0800][8.039s][info][gc          ] GC(242) Concurrent Mark Cycle 15.311ms
[2026-06-17T10:06:28.405+0800][8.056s][info][gc,start    ] GC(243) Pause Young (Prepare Mixed) (G1 Evacuation Pause)
[2026-06-17T10:06:28.406+0800][8.057s][info][gc,task     ] GC(243) Using 2 workers of 18 for evacuation
[2026-06-17T10:06:28.408+0800][8.058s][info][gc,phases   ] GC(243)   Pre Evacuate Collection Set: 0.30ms
[2026-06-17T10:06:28.408+0800][8.059s][info][gc,phases   ] GC(243)   Merge Heap Roots: 0.09ms
[2026-06-17T10:06:28.408+0800][8.059s][info][gc,phases   ] GC(243)   Evacuate Collection Set: 0.54ms
[2026-06-17T10:06:28.409+0800][8.059s][info][gc,phases   ] GC(243)   Post Evacuate Collection Set: 0.61ms
[2026-06-17T10:06:28.409+0800][8.060s][info][gc,phases   ] GC(243)   Other: 0.46ms
[2026-06-17T10:06:28.410+0800][8.061s][info][gc,heap     ] GC(243) Eden regions: 11->0(9)
[2026-06-17T10:06:28.413+0800][8.063s][info][gc,heap     ] GC(243) Survivor regions: 1->2(2)
[2026-06-17T10:06:28.417+0800][8.067s][info][gc,heap     ] GC(243) Old regions: 28->31
[2026-06-17T10:06:28.420+0800][8.071s][info][gc,heap     ] GC(243) Humongous regions: 13->13
[2026-06-17T10:06:28.424+0800][8.075s][info][gc,metaspace] GC(243) Metaspace: 114K(320K)->114K(320K) NonClass: 107K(192K)->107K(192K) Class: 7K(128K)->7K(128K)
[2026-06-17T10:06:28.426+0800][8.077s][info][gc          ] GC(243) Pause Young (Prepare Mixed) (G1 Evacuation Pause) 52M->45M(64M) 20.654ms
[2026-06-17T10:06:28.427+0800][8.078s][info][gc,cpu      ] GC(243) User=0.00s Sys=0.01s Real=0.02s
[2026-06-17T10:06:28.452+0800][8.102s][info][gc,start    ] GC(244) Pause Young (Mixed) (G1 Evacuation Pause)
[2026-06-17T10:06:28.452+0800][8.103s][info][gc,task     ] GC(244) Using 2 workers of 18 for evacuation
[2026-06-17T10:06:28.456+0800][8.107s][info][gc,phases   ] GC(244)   Pre Evacuate Collection Set: 0.75ms
[2026-06-17T10:06:28.457+0800][8.107s][info][gc,phases   ] GC(244)   Merge Heap Roots: 0.22ms
[2026-06-17T10:06:28.457+0800][8.108s][info][gc,phases   ] GC(244)   Evacuate Collection Set: 1.15ms
[2026-06-17T10:06:28.458+0800][8.108s][info][gc,phases   ] GC(244)   Post Evacuate Collection Set: 0.81ms
[2026-06-17T10:06:28.458+0800][8.109s][info][gc,phases   ] GC(244)   Other: 0.79ms
[2026-06-17T10:06:28.459+0800][8.109s][info][gc,heap     ] GC(244) Eden regions: 9->0(6)
[2026-06-17T10:06:28.459+0800][8.110s][info][gc,heap     ] GC(244) Survivor regions: 2->2(2)
[2026-06-17T10:06:28.460+0800][8.110s][info][gc,heap     ] GC(244) Old regions: 31->33
[2026-06-17T10:06:28.460+0800][8.111s][info][gc,heap     ] GC(244) Humongous regions: 15->15
[2026-06-17T10:06:28.461+0800][8.111s][info][gc,metaspace] GC(244) Metaspace: 114K(320K)->114K(320K) NonClass: 107K(192K)->107K(192K) Class: 7K(128K)->7K(128K)
[2026-06-17T10:06:28.461+0800][8.112s][info][gc          ] GC(244) Pause Young (Mixed) (G1 Evacuation Pause) (Evacuation Failure: Allocation) 56M->50M(64M) 9.543ms
[2026-06-17T10:06:28.461+0800][8.112s][info][gc,cpu      ] GC(244) User=0.00s Sys=0.00s Real=0.00s
[2026-06-17T10:06:28.473+0800][8.123s][info][gc,start    ] GC(245) Pause Young (Concurrent Start) (G1 Evacuation Pause)
[2026-06-17T10:06:28.474+0800][8.124s][info][gc,task     ] GC(245) Using 2 workers of 18 for evacuation
[2026-06-17T10:06:28.477+0800][8.127s][info][gc,phases   ] GC(245)   Pre Evacuate Collection Set: 0.73ms
[2026-06-17T10:06:28.477+0800][8.128s][info][gc,phases   ] GC(245)   Merge Heap Roots: 0.17ms
[2026-06-17T10:06:28.478+0800][8.128s][info][gc,phases   ] GC(245)   Evacuate Collection Set: 0.71ms
[2026-06-17T10:06:28.478+0800][8.129s][info][gc,phases   ] GC(245)   Post Evacuate Collection Set: 0.67ms
[2026-06-17T10:06:28.479+0800][8.129s][info][gc,phases   ] GC(245)   Other: 0.78ms
[2026-06-17T10:06:28.479+0800][8.130s][info][gc,heap     ] GC(245) Eden regions: 6->0(7)
[2026-06-17T10:06:28.479+0800][8.130s][info][gc,heap     ] GC(245) Survivor regions: 2->1(1)
[2026-06-17T10:06:28.480+0800][8.130s][info][gc,heap     ] GC(245) Old regions: 33->33
[2026-06-17T10:06:28.480+0800][8.130s][info][gc,heap     ] GC(245) Humongous regions: 15->15
[2026-06-17T10:06:28.480+0800][8.131s][info][gc,metaspace] GC(245) Metaspace: 114K(320K)->114K(320K) NonClass: 107K(192K)->107K(192K) Class: 7K(128K)->7K(128K)
[2026-06-17T10:06:28.480+0800][8.131s][info][gc          ] GC(245) Pause Young (Concurrent Start) (G1 Evacuation Pause) 55M->48M(64M) 7.652ms
[2026-06-17T10:06:28.481+0800][8.131s][info][gc,cpu      ] GC(245) User=0.00s Sys=0.00s Real=0.00s
[2026-06-17T10:06:28.481+0800][8.131s][info][gc          ] GC(246) Concurrent Mark Cycle
[2026-06-17T10:06:28.481+0800][8.132s][info][gc,marking  ] GC(246) Concurrent Scan Root Regions
[2026-06-17T10:06:28.482+0800][8.132s][info][gc,marking  ] GC(246) Concurrent Scan Root Regions 0.420ms
[2026-06-17T10:06:28.482+0800][8.133s][info][gc,marking  ] GC(246) Concurrent Mark
[2026-06-17T10:06:28.482+0800][8.133s][info][gc,marking  ] GC(246) Concurrent Mark From Roots
[2026-06-17T10:06:28.483+0800][8.133s][info][gc,task     ] GC(246) Using 5 workers of 5 for marking
[2026-06-17T10:06:28.485+0800][8.135s][info][gc,marking  ] GC(246) Concurrent Mark From Roots 2.364ms
[2026-06-17T10:06:28.485+0800][8.135s][info][gc,marking  ] GC(246) Concurrent Preclean
[2026-06-17T10:06:28.485+0800][8.136s][info][gc,marking  ] GC(246) Concurrent Preclean 0.228ms
[2026-06-17T10:06:28.485+0800][8.136s][info][gc,start    ] GC(246) Pause Remark
[2026-06-17T10:06:28.486+0800][8.137s][info][gc          ] GC(246) Pause Remark 49M->43M(64M) 0.853ms
[2026-06-17T10:06:28.487+0800][8.138s][info][gc,cpu      ] GC(246) User=0.00s Sys=0.00s Real=0.00s
[2026-06-17T10:06:28.487+0800][8.138s][info][gc,marking  ] GC(246) Concurrent Mark 5.221ms
[2026-06-17T10:06:28.487+0800][8.138s][info][gc,marking  ] GC(246) Concurrent Rebuild Remembered Sets and Scrub Regions
[2026-06-17T10:06:28.488+0800][8.139s][info][gc,marking  ] GC(246) Concurrent Rebuild Remembered Sets and Scrub Regions 0.799ms
[2026-06-17T10:06:28.488+0800][8.139s][info][gc,start    ] GC(246) Pause Cleanup
[2026-06-17T10:06:28.489+0800][8.139s][info][gc          ] GC(246) Pause Cleanup 43M->43M(64M) 0.226ms
[2026-06-17T10:06:28.489+0800][8.139s][info][gc,cpu      ] GC(246) User=0.00s Sys=0.00s Real=0.00s
[2026-06-17T10:06:28.489+0800][8.140s][info][gc,marking  ] GC(246) Concurrent Clear Claimed Marks
[2026-06-17T10:06:28.489+0800][8.140s][info][gc,marking  ] GC(246) Concurrent Clear Claimed Marks 0.184ms
[2026-06-17T10:06:28.489+0800][8.140s][info][gc,marking  ] GC(246) Concurrent Cleanup for Next Mark
[2026-06-17T10:06:28.490+0800][8.140s][info][gc,marking  ] GC(246) Concurrent Cleanup for Next Mark 0.252ms
[2026-06-17T10:06:28.490+0800][8.140s][info][gc          ] GC(246) Concurrent Mark Cycle 8.963ms
[2026-06-17T10:06:28.502+0800][8.153s][info][gc,start    ] GC(247) Pause Young (Prepare Mixed) (G1 Evacuation Pause)
[2026-06-17T10:06:28.504+0800][8.154s][info][gc,task     ] GC(247) Using 2 workers of 18 for evacuation
[2026-06-17T10:06:28.506+0800][8.156s][info][gc,phases   ] GC(247)   Pre Evacuate Collection Set: 0.25ms
[2026-06-17T10:06:28.506+0800][8.157s][info][gc,phases   ] GC(247)   Merge Heap Roots: 0.13ms
[2026-06-17T10:06:28.507+0800][8.157s][info][gc,phases   ] GC(247)   Evacuate Collection Set: 0.61ms
[2026-06-17T10:06:28.507+0800][8.157s][info][gc,phases   ] GC(247)   Post Evacuate Collection Set: 0.69ms
[2026-06-17T10:06:28.507+0800][8.158s][info][gc,phases   ] GC(247)   Other: 0.52ms
[2026-06-17T10:06:28.507+0800][8.158s][info][gc,heap     ] GC(247) Eden regions: 7->0(8)
[2026-06-17T10:06:28.508+0800][8.158s][info][gc,heap     ] GC(247) Survivor regions: 1->1(1)
[2026-06-17T10:06:28.508+0800][8.158s][info][gc,heap     ] GC(247) Old regions: 27->31
[2026-06-17T10:06:28.508+0800][8.158s][info][gc,heap     ] GC(247) Humongous regions: 15->15
[2026-06-17T10:06:28.508+0800][8.159s][info][gc,metaspace] GC(247) Metaspace: 114K(320K)->114K(320K) NonClass: 107K(192K)->107K(192K) Class: 7K(128K)->7K(128K)
[2026-06-17T10:06:28.509+0800][8.159s][info][gc          ] GC(247) Pause Young (Prepare Mixed) (G1 Evacuation Pause) 49M->46M(64M) 6.230ms
[2026-06-17T10:06:28.509+0800][8.159s][info][gc,cpu      ] GC(247) User=0.00s Sys=0.00s Real=0.01s
[2026-06-17T10:06:28.531+0800][8.181s][info][gc,start    ] GC(248) Pause Young (Mixed) (G1 Evacuation Pause)
[2026-06-17T10:06:28.531+0800][8.182s][info][gc,task     ] GC(248) Using 2 workers of 18 for evacuation
[2026-06-17T10:06:28.533+0800][8.184s][info][gc,phases   ] GC(248)   Pre Evacuate Collection Set: 0.22ms
[2026-06-17T10:06:28.533+0800][8.184s][info][gc,phases   ] GC(248)   Merge Heap Roots: 0.13ms
[2026-06-17T10:06:28.534+0800][8.184s][info][gc,phases   ] GC(248)   Evacuate Collection Set: 0.72ms
[2026-06-17T10:06:28.534+0800][8.185s][info][gc,phases   ] GC(248)   Post Evacuate Collection Set: 0.46ms
[2026-06-17T10:06:28.534+0800][8.185s][info][gc,phases   ] GC(248)   Other: 0.42ms
[2026-06-17T10:06:28.535+0800][8.185s][info][gc,heap     ] GC(248) Eden regions: 8->0(8)
[2026-06-17T10:06:28.535+0800][8.185s][info][gc,heap     ] GC(248) Survivor regions: 1->2(2)
[2026-06-17T10:06:28.535+0800][8.186s][info][gc,heap     ] GC(248) Old regions: 31->29
[2026-06-17T10:06:28.535+0800][8.186s][info][gc,heap     ] GC(248) Humongous regions: 15->15
[2026-06-17T10:06:28.536+0800][8.186s][info][gc,metaspace] GC(248) Metaspace: 114K(320K)->114K(320K) NonClass: 107K(192K)->107K(192K) Class: 7K(128K)->7K(128K)
[2026-06-17T10:06:28.536+0800][8.186s][info][gc          ] GC(248) Pause Young (Mixed) (G1 Evacuation Pause) 54M->45M(64M) 5.239ms
[2026-06-17T10:06:28.536+0800][8.187s][info][gc,cpu      ] GC(248) User=0.00s Sys=0.00s Real=0.00s
[2026-06-17T10:06:28.558+0800][8.208s][info][gc,start    ] GC(249) Pause Young (Mixed) (G1 Evacuation Pause)
[2026-06-17T10:06:28.558+0800][8.209s][info][gc,task     ] GC(249) Using 2 workers of 18 for evacuation
[2026-06-17T10:06:28.560+0800][8.211s][info][gc,phases   ] GC(249)   Pre Evacuate Collection Set: 0.29ms
[2026-06-17T10:06:28.561+0800][8.211s][info][gc,phases   ] GC(249)   Merge Heap Roots: 0.12ms
[2026-06-17T10:06:28.561+0800][8.212s][info][gc,phases   ] GC(249)   Evacuate Collection Set: 0.52ms
[2026-06-17T10:06:28.561+0800][8.212s][info][gc,phases   ] GC(249)   Post Evacuate Collection Set: 0.48ms
[2026-06-17T10:06:28.562+0800][8.212s][info][gc,phases   ] GC(249)   Other: 0.66ms
[2026-06-17T10:06:28.562+0800][8.212s][info][gc,heap     ] GC(249) Eden regions: 8->0(10)
[2026-06-17T10:06:28.562+0800][8.213s][info][gc,heap     ] GC(249) Survivor regions: 2->1(2)
[2026-06-17T10:06:28.562+0800][8.213s][info][gc,heap     ] GC(249) Old regions: 29->27
[2026-06-17T10:06:28.563+0800][8.213s][info][gc,heap     ] GC(249) Humongous regions: 15->15
[2026-06-17T10:06:28.563+0800][8.214s][info][gc,metaspace] GC(249) Metaspace: 114K(320K)->114K(320K) NonClass: 107K(192K)->107K(192K) Class: 7K(128K)->7K(128K)
[2026-06-17T10:06:28.563+0800][8.214s][info][gc          ] GC(249) Pause Young (Mixed) (G1 Evacuation Pause) 53M->41M(64M) 5.717ms
[2026-06-17T10:06:28.564+0800][8.214s][info][gc,cpu      ] GC(249) User=0.00s Sys=0.00s Real=0.01s
[2026-06-17T10:06:28.597+0800][8.247s][info][gc,start    ] GC(250) Pause Young (Concurrent Start) (G1 Evacuation Pause)
[2026-06-17T10:06:28.599+0800][8.249s][info][gc,task     ] GC(250) Using 2 workers of 18 for evacuation
[2026-06-17T10:06:28.602+0800][8.253s][info][gc,phases   ] GC(250)   Pre Evacuate Collection Set: 0.95ms
[2026-06-17T10:06:28.603+0800][8.254s][info][gc,phases   ] GC(250)   Merge Heap Roots: 0.20ms
[2026-06-17T10:06:28.604+0800][8.254s][info][gc,phases   ] GC(250)   Evacuate Collection Set: 0.70ms
[2026-06-17T10:06:28.604+0800][8.255s][info][gc,phases   ] GC(250)   Post Evacuate Collection Set: 0.92ms
[2026-06-17T10:06:28.605+0800][8.255s][info][gc,phases   ] GC(250)   Other: 0.89ms
[2026-06-17T10:06:28.605+0800][8.256s][info][gc,heap     ] GC(250) Eden regions: 10->0(9)
[2026-06-17T10:06:28.606+0800][8.256s][info][gc,heap     ] GC(250) Survivor regions: 1->2(2)
[2026-06-17T10:06:28.606+0800][8.257s][info][gc,heap     ] GC(250) Old regions: 27->29
[2026-06-17T10:06:28.607+0800][8.257s][info][gc,heap     ] GC(250) Humongous regions: 15->15
[2026-06-17T10:06:28.607+0800][8.258s][info][gc,metaspace] GC(250) Metaspace: 114K(320K)->114K(320K) NonClass: 107K(192K)->107K(192K) Class: 7K(128K)->7K(128K)
[2026-06-17T10:06:28.608+0800][8.258s][info][gc          ] GC(250) Pause Young (Concurrent Start) (G1 Evacuation Pause) 51M->45M(64M) 11.151ms
[2026-06-17T10:06:28.608+0800][8.259s][info][gc,cpu      ] GC(250) User=0.01s Sys=0.01s Real=0.01s
[2026-06-17T10:06:28.608+0800][8.259s][info][gc          ] GC(251) Concurrent Mark Cycle
[2026-06-17T10:06:28.609+0800][8.259s][info][gc,marking  ] GC(251) Concurrent Scan Root Regions
[2026-06-17T10:06:28.609+0800][8.260s][info][gc,marking  ] GC(251) Concurrent Scan Root Regions 0.642ms
[2026-06-17T10:06:28.610+0800][8.260s][info][gc,marking  ] GC(251) Concurrent Mark
[2026-06-17T10:06:28.610+0800][8.261s][info][gc,marking  ] GC(251) Concurrent Mark From Roots
[2026-06-17T10:06:28.610+0800][8.261s][info][gc,task     ] GC(251) Using 5 workers of 5 for marking
[2026-06-17T10:06:28.613+0800][8.264s][info][gc,marking  ] GC(251) Concurrent Mark From Roots 3.078ms
[2026-06-17T10:06:28.614+0800][8.264s][info][gc,marking  ] GC(251) Concurrent Preclean
[2026-06-17T10:06:28.614+0800][8.264s][info][gc,marking  ] GC(251) Concurrent Preclean 0.312ms
[2026-06-17T10:06:28.614+0800][8.265s][info][gc,start    ] GC(251) Pause Remark
[2026-06-17T10:06:28.615+0800][8.266s][info][gc          ] GC(251) Pause Remark 48M->46M(64M) 0.789ms
[2026-06-17T10:06:28.615+0800][8.266s][info][gc,cpu      ] GC(251) User=0.00s Sys=0.00s Real=0.00s
[2026-06-17T10:06:28.616+0800][8.266s][info][gc,marking  ] GC(251) Concurrent Mark 5.786ms
[2026-06-17T10:06:28.616+0800][8.266s][info][gc,marking  ] GC(251) Concurrent Rebuild Remembered Sets and Scrub Regions
[2026-06-17T10:06:28.617+0800][8.267s][info][gc,marking  ] GC(251) Concurrent Rebuild Remembered Sets and Scrub Regions 0.883ms
[2026-06-17T10:06:28.617+0800][8.268s][info][gc,start    ] GC(251) Pause Cleanup
[2026-06-17T10:06:28.617+0800][8.268s][info][gc          ] GC(251) Pause Cleanup 46M->46M(64M) 0.261ms
[2026-06-17T10:06:28.618+0800][8.268s][info][gc,cpu      ] GC(251) User=0.00s Sys=0.00s Real=0.00s
[2026-06-17T10:06:28.618+0800][8.268s][info][gc,marking  ] GC(251) Concurrent Clear Claimed Marks
[2026-06-17T10:06:28.618+0800][8.269s][info][gc,marking  ] GC(251) Concurrent Clear Claimed Marks 0.205ms
[2026-06-17T10:06:28.618+0800][8.269s][info][gc,marking  ] GC(251) Concurrent Cleanup for Next Mark
[2026-06-17T10:06:28.619+0800][8.269s][info][gc,marking  ] GC(251) Concurrent Cleanup for Next Mark 0.303ms
[2026-06-17T10:06:28.619+0800][8.269s][info][gc          ] GC(251) Concurrent Mark Cycle 10.601ms
[2026-06-17T10:06:28.630+0800][8.280s][info][gc,start    ] GC(252) Pause Young (Prepare Mixed) (G1 Evacuation Pause)
[2026-06-17T10:06:28.630+0800][8.281s][info][gc,task     ] GC(252) Using 2 workers of 18 for evacuation
[2026-06-17T10:06:28.632+0800][8.283s][info][gc,phases   ] GC(252)   Pre Evacuate Collection Set: 0.22ms
[2026-06-17T10:06:28.632+0800][8.283s][info][gc,phases   ] GC(252)   Merge Heap Roots: 0.10ms
[2026-06-17T10:06:28.633+0800][8.283s][info][gc,phases   ] GC(252)   Evacuate Collection Set: 0.58ms
[2026-06-17T10:06:28.633+0800][8.283s][info][gc,phases   ] GC(252)   Post Evacuate Collection Set: 0.38ms
[2026-06-17T10:06:28.633+0800][8.284s][info][gc,phases   ] GC(252)   Other: 0.47ms
[2026-06-17T10:06:28.633+0800][8.284s][info][gc,heap     ] GC(252) Eden regions: 9->0(8)
[2026-06-17T10:06:28.634+0800][8.284s][info][gc,heap     ] GC(252) Survivor regions: 2->2(2)
[2026-06-17T10:06:28.634+0800][8.285s][info][gc,heap     ] GC(252) Old regions: 27->30
[2026-06-17T10:06:28.634+0800][8.285s][info][gc,heap     ] GC(252) Humongous regions: 15->15
[2026-06-17T10:06:28.635+0800][8.285s][info][gc,metaspace] GC(252) Metaspace: 114K(320K)->114K(320K) NonClass: 107K(192K)->107K(192K) Class: 7K(128K)->7K(128K)
[2026-06-17T10:06:28.635+0800][8.285s][info][gc          ] GC(252) Pause Young (Prepare Mixed) (G1 Evacuation Pause) 52M->46M(64M) 5.033ms
[2026-06-17T10:06:28.635+0800][8.286s][info][gc,cpu      ] GC(252) User=0.00s Sys=0.00s Real=0.01s
[2026-06-17T10:06:28.657+0800][8.308s][info][gc,start    ] GC(253) Pause Young (Mixed) (G1 Evacuation Pause)
[2026-06-17T10:06:28.658+0800][8.309s][info][gc,task     ] GC(253) Using 2 workers of 18 for evacuation
[2026-06-17T10:06:28.661+0800][8.312s][info][gc,phases   ] GC(253)   Pre Evacuate Collection Set: 0.36ms
[2026-06-17T10:06:28.662+0800][8.312s][info][gc,phases   ] GC(253)   Merge Heap Roots: 0.25ms
[2026-06-17T10:06:28.662+0800][8.313s][info][gc,phases   ] GC(253)   Evacuate Collection Set: 1.10ms
[2026-06-17T10:06:28.663+0800][8.313s][info][gc,phases   ] GC(253)   Post Evacuate Collection Set: 0.65ms
[2026-06-17T10:06:28.663+0800][8.314s][info][gc,phases   ] GC(253)   Other: 1.04ms
[2026-06-17T10:06:28.663+0800][8.314s][info][gc,heap     ] GC(253) Eden regions: 8->0(8)
[2026-06-17T10:06:28.664+0800][8.314s][info][gc,heap     ] GC(253) Survivor regions: 2->2(2)
[2026-06-17T10:06:28.664+0800][8.314s][info][gc,heap     ] GC(253) Old regions: 30->30
[2026-06-17T10:06:28.664+0800][8.315s][info][gc,heap     ] GC(253) Humongous regions: 15->15
[2026-06-17T10:06:28.664+0800][8.315s][info][gc,metaspace] GC(253) Metaspace: 114K(320K)->114K(320K) NonClass: 107K(192K)->107K(192K) Class: 7K(128K)->7K(128K)
[2026-06-17T10:06:28.665+0800][8.315s][info][gc          ] GC(253) Pause Young (Mixed) (G1 Evacuation Pause) 54M->46M(64M) 7.572ms
[2026-06-17T10:06:28.665+0800][8.316s][info][gc,cpu      ] GC(253) User=0.01s Sys=0.00s Real=0.01s
[2026-06-17T10:06:28.687+0800][8.338s][info][gc,start    ] GC(254) Pause Young (Concurrent Start) (G1 Evacuation Pause)
[2026-06-17T10:06:28.688+0800][8.339s][info][gc,task     ] GC(254) Using 2 workers of 18 for evacuation
[2026-06-17T10:06:28.692+0800][8.342s][info][gc,phases   ] GC(254)   Pre Evacuate Collection Set: 0.95ms
[2026-06-17T10:06:28.693+0800][8.343s][info][gc,phases   ] GC(254)   Merge Heap Roots: 0.21ms
[2026-06-17T10:06:28.696+0800][8.346s][info][gc,phases   ] GC(254)   Evacuate Collection Set: 0.74ms
[2026-06-17T10:06:28.697+0800][8.348s][info][gc,phases   ] GC(254)   Post Evacuate Collection Set: 0.96ms
[2026-06-17T10:06:28.699+0800][8.350s][info][gc,phases   ] GC(254)   Other: 0.87ms
[2026-06-17T10:06:28.702+0800][8.352s][info][gc,heap     ] GC(254) Eden regions: 8->0(8)
[2026-06-17T10:06:28.702+0800][8.353s][info][gc,heap     ] GC(254) Survivor regions: 2->2(2)
[2026-06-17T10:06:28.704+0800][8.354s][info][gc,heap     ] GC(254) Old regions: 30->31
[2026-06-17T10:06:28.704+0800][8.355s][info][gc,heap     ] GC(254) Humongous regions: 15->15
[2026-06-17T10:06:28.706+0800][8.356s][info][gc,metaspace] GC(254) Metaspace: 114K(320K)->114K(320K) NonClass: 107K(192K)->107K(192K) Class: 7K(128K)->7K(128K)
[2026-06-17T10:06:28.707+0800][8.357s][info][gc          ] GC(254) Pause Young (Concurrent Start) (G1 Evacuation Pause) 54M->47M(64M) 19.449ms
[2026-06-17T10:06:28.709+0800][8.360s][info][gc,cpu      ] GC(254) User=0.00s Sys=0.00s Real=0.02s
[2026-06-17T10:06:28.709+0800][8.360s][info][gc          ] GC(255) Concurrent Mark Cycle
[2026-06-17T10:06:28.715+0800][8.365s][info][gc,marking  ] GC(255) Concurrent Scan Root Regions
[2026-06-17T10:06:28.715+0800][8.366s][info][gc,marking  ] GC(255) Concurrent Scan Root Regions 0.697ms
[2026-06-17T10:06:28.716+0800][8.367s][info][gc,marking  ] GC(255) Concurrent Mark
[2026-06-17T10:06:28.717+0800][8.367s][info][gc,marking  ] GC(255) Concurrent Mark From Roots
[2026-06-17T10:06:28.717+0800][8.368s][info][gc,task     ] GC(255) Using 5 workers of 5 for marking
[2026-06-17T10:06:28.720+0800][8.370s][info][gc,marking  ] GC(255) Concurrent Mark From Roots 3.289ms
[2026-06-17T10:06:28.720+0800][8.371s][info][gc,marking  ] GC(255) Concurrent Preclean
[2026-06-17T10:06:28.722+0800][8.373s][info][gc,marking  ] GC(255) Concurrent Preclean 1.693ms
[2026-06-17T10:06:28.723+0800][8.373s][info][gc,start    ] GC(255) Pause Remark
[2026-06-17T10:06:28.724+0800][8.374s][info][gc          ] GC(255) Pause Remark 52M->44M(64M) 1.017ms
[2026-06-17T10:06:28.724+0800][8.374s][info][gc,cpu      ] GC(255) User=0.00s Sys=0.00s Real=0.00s
[2026-06-17T10:06:28.724+0800][8.375s][info][gc,marking  ] GC(255) Concurrent Mark 8.261ms
[2026-06-17T10:06:28.725+0800][8.375s][info][gc,marking  ] GC(255) Concurrent Rebuild Remembered Sets and Scrub Regions
[2026-06-17T10:06:28.725+0800][8.376s][info][gc,marking  ] GC(255) Concurrent Rebuild Remembered Sets and Scrub Regions 0.807ms
[2026-06-17T10:06:28.726+0800][8.376s][info][gc,start    ] GC(255) Pause Cleanup
[2026-06-17T10:06:28.726+0800][8.376s][info][gc          ] GC(255) Pause Cleanup 47M->47M(64M) 0.253ms
[2026-06-17T10:06:28.726+0800][8.377s][info][gc,cpu      ] GC(255) User=0.00s Sys=0.00s Real=0.00s
[2026-06-17T10:06:28.726+0800][8.377s][info][gc,marking  ] GC(255) Concurrent Clear Claimed Marks
[2026-06-17T10:06:28.727+0800][8.377s][info][gc,marking  ] GC(255) Concurrent Clear Claimed Marks 0.356ms
[2026-06-17T10:06:28.727+0800][8.377s][info][gc,marking  ] GC(255) Concurrent Cleanup for Next Mark
[2026-06-17T10:06:28.727+0800][8.378s][info][gc,marking  ] GC(255) Concurrent Cleanup for Next Mark 0.296ms
[2026-06-17T10:06:28.727+0800][8.378s][info][gc          ] GC(255) Concurrent Mark Cycle 18.213ms
[2026-06-17T10:06:28.735+0800][8.385s][info][gc,start    ] GC(256) Pause Young (Prepare Mixed) (G1 Evacuation Pause)
[2026-06-17T10:06:28.735+0800][8.386s][info][gc,task     ] GC(256) Using 2 workers of 18 for evacuation
[2026-06-17T10:06:28.737+0800][8.387s][info][gc,phases   ] GC(256)   Pre Evacuate Collection Set: 0.21ms
[2026-06-17T10:06:28.737+0800][8.387s][info][gc,phases   ] GC(256)   Merge Heap Roots: 0.09ms
[2026-06-17T10:06:28.737+0800][8.388s][info][gc,phases   ] GC(256)   Evacuate Collection Set: 0.36ms
[2026-06-17T10:06:28.737+0800][8.388s][info][gc,phases   ] GC(256)   Post Evacuate Collection Set: 0.30ms
[2026-06-17T10:06:28.737+0800][8.388s][info][gc,phases   ] GC(256)   Other: 0.28ms
[2026-06-17T10:06:28.737+0800][8.388s][info][gc,heap     ] GC(256) Eden regions: 8->0(10)
[2026-06-17T10:06:28.738+0800][8.388s][info][gc,heap     ] GC(256) Survivor regions: 2->2(2)
[2026-06-17T10:06:28.738+0800][8.388s][info][gc,heap     ] GC(256) Old regions: 23->25
[2026-06-17T10:06:28.738+0800][8.388s][info][gc,heap     ] GC(256) Humongous regions: 16->16
[2026-06-17T10:06:28.738+0800][8.389s][info][gc,metaspace] GC(256) Metaspace: 114K(320K)->114K(320K) NonClass: 107K(192K)->107K(192K) Class: 7K(128K)->7K(128K)
[2026-06-17T10:06:28.738+0800][8.389s][info][gc          ] GC(256) Pause Young (Prepare Mixed) (G1 Evacuation Pause) 48M->42M(64M) 3.450ms
[2026-06-17T10:06:28.739+0800][8.389s][info][gc,cpu      ] GC(256) User=0.00s Sys=0.00s Real=0.00s
[2026-06-17T10:06:28.761+0800][8.411s][info][gc,start    ] GC(257) Pause Young (Mixed) (G1 Evacuation Pause)
[2026-06-17T10:06:28.762+0800][8.412s][info][gc,task     ] GC(257) Using 2 workers of 18 for evacuation
[2026-06-17T10:06:28.766+0800][8.416s][info][gc,phases   ] GC(257)   Pre Evacuate Collection Set: 0.49ms
[2026-06-17T10:06:28.766+0800][8.417s][info][gc,phases   ] GC(257)   Merge Heap Roots: 0.28ms
[2026-06-17T10:06:28.767+0800][8.417s][info][gc,phases   ] GC(257)   Evacuate Collection Set: 1.23ms
[2026-06-17T10:06:28.768+0800][8.418s][info][gc,phases   ] GC(257)   Post Evacuate Collection Set: 0.97ms
[2026-06-17T10:06:28.768+0800][8.419s][info][gc,phases   ] GC(257)   Other: 1.17ms
[2026-06-17T10:06:28.769+0800][8.419s][info][gc,heap     ] GC(257) Eden regions: 10->0(10)
[2026-06-17T10:06:28.770+0800][8.420s][info][gc,heap     ] GC(257) Survivor regions: 2->2(2)
[2026-06-17T10:06:28.770+0800][8.420s][info][gc,heap     ] GC(257) Old regions: 25->24
[2026-06-17T10:06:28.770+0800][8.421s][info][gc,heap     ] GC(257) Humongous regions: 16->16
[2026-06-17T10:06:28.771+0800][8.421s][info][gc,metaspace] GC(257) Metaspace: 114K(320K)->114K(320K) NonClass: 107K(192K)->107K(192K) Class: 7K(128K)->7K(128K)
[2026-06-17T10:06:28.771+0800][8.422s][info][gc          ] GC(257) Pause Young (Mixed) (G1 Evacuation Pause) 52M->41M(64M) 10.530ms
[2026-06-17T10:06:28.771+0800][8.422s][info][gc,cpu      ] GC(257) User=0.00s Sys=0.00s Real=0.02s
[2026-06-17T10:06:28.805+0800][8.456s][info][gc,start    ] GC(258) Pause Young (Mixed) (G1 Evacuation Pause)
[2026-06-17T10:06:28.806+0800][8.457s][info][gc,task     ] GC(258) Using 2 workers of 18 for evacuation
[2026-06-17T10:06:28.810+0800][8.461s][info][gc,phases   ] GC(258)   Pre Evacuate Collection Set: 0.50ms
[2026-06-17T10:06:28.811+0800][8.461s][info][gc,phases   ] GC(258)   Merge Heap Roots: 0.20ms
[2026-06-17T10:06:28.811+0800][8.462s][info][gc,phases   ] GC(258)   Evacuate Collection Set: 0.94ms
[2026-06-17T10:06:28.812+0800][8.462s][info][gc,phases   ] GC(258)   Post Evacuate Collection Set: 1.18ms
[2026-06-17T10:06:28.812+0800][8.463s][info][gc,phases   ] GC(258)   Other: 1.02ms
[2026-06-17T10:06:28.813+0800][8.463s][info][gc,heap     ] GC(258) Eden regions: 10->0(10)
[2026-06-17T10:06:28.813+0800][8.464s][info][gc,heap     ] GC(258) Survivor regions: 2->2(2)
[2026-06-17T10:06:28.814+0800][8.464s][info][gc,heap     ] GC(258) Old regions: 24->26
[2026-06-17T10:06:28.814+0800][8.465s][info][gc,heap     ] GC(258) Humongous regions: 16->16
[2026-06-17T10:06:28.814+0800][8.465s][info][gc,metaspace] GC(258) Metaspace: 114K(320K)->114K(320K) NonClass: 107K(192K)->107K(192K) Class: 7K(128K)->7K(128K)
[2026-06-17T10:06:28.816+0800][8.466s][info][gc          ] GC(258) Pause Young (Mixed) (G1 Evacuation Pause) 51M->43M(64M) 10.569ms
[2026-06-17T10:06:28.816+0800][8.466s][info][gc,cpu      ] GC(258) User=0.00s Sys=0.00s Real=0.01s
[2026-06-17T10:06:28.839+0800][8.489s][info][gc,start    ] GC(259) Pause Young (Concurrent Start) (G1 Evacuation Pause)
[2026-06-17T10:06:28.839+0800][8.490s][info][gc,task     ] GC(259) Using 2 workers of 18 for evacuation
[2026-06-17T10:06:28.843+0800][8.493s][info][gc,phases   ] GC(259)   Pre Evacuate Collection Set: 0.98ms
[2026-06-17T10:06:28.843+0800][8.494s][info][gc,phases   ] GC(259)   Merge Heap Roots: 0.21ms
[2026-06-17T10:06:28.844+0800][8.495s][info][gc,phases   ] GC(259)   Evacuate Collection Set: 0.51ms
[2026-06-17T10:06:28.845+0800][8.495s][info][gc,phases   ] GC(259)   Post Evacuate Collection Set: 0.91ms
[2026-06-17T10:06:28.845+0800][8.496s][info][gc,phases   ] GC(259)   Other: 0.83ms
[2026-06-17T10:06:28.845+0800][8.496s][info][gc,heap     ] GC(259) Eden regions: 10->0(11)
[2026-06-17T10:06:28.846+0800][8.496s][info][gc,heap     ] GC(259) Survivor regions: 2->1(2)
[2026-06-17T10:06:28.846+0800][8.497s][info][gc,heap     ] GC(259) Old regions: 26->27
[2026-06-17T10:06:28.847+0800][8.497s][info][gc,heap     ] GC(259) Humongous regions: 16->16
[2026-06-17T10:06:28.847+0800][8.498s][info][gc,metaspace] GC(259) Metaspace: 114K(320K)->114K(320K) NonClass: 107K(192K)->107K(192K) Class: 7K(128K)->7K(128K)
[2026-06-17T10:06:28.847+0800][8.498s][info][gc          ] GC(259) Pause Young (Concurrent Start) (G1 Evacuation Pause) 53M->43M(64M) 8.746ms
[2026-06-17T10:06:28.848+0800][8.499s][info][gc,cpu      ] GC(259) User=0.00s Sys=0.00s Real=0.01s
[2026-06-17T10:06:28.848+0800][8.499s][info][gc          ] GC(260) Concurrent Mark Cycle
[2026-06-17T10:06:28.849+0800][8.499s][info][gc,marking  ] GC(260) Concurrent Scan Root Regions
[2026-06-17T10:06:28.849+0800][8.499s][info][gc,marking  ] GC(260) Concurrent Scan Root Regions 0.295ms
[2026-06-17T10:06:28.849+0800][8.500s][info][gc,marking  ] GC(260) Concurrent Mark
[2026-06-17T10:06:28.849+0800][8.500s][info][gc,marking  ] GC(260) Concurrent Mark From Roots
[2026-06-17T10:06:28.849+0800][8.500s][info][gc,task     ] GC(260) Using 5 workers of 5 for marking
[2026-06-17T10:06:28.851+0800][8.502s][info][gc,marking  ] GC(260) Concurrent Mark From Roots 1.931ms
[2026-06-17T10:06:28.851+0800][8.502s][info][gc,marking  ] GC(260) Concurrent Preclean
[2026-06-17T10:06:28.852+0800][8.502s][info][gc,marking  ] GC(260) Concurrent Preclean 0.174ms
[2026-06-17T10:06:28.852+0800][8.502s][info][gc,start    ] GC(260) Pause Remark
[2026-06-17T10:06:28.852+0800][8.503s][info][gc          ] GC(260) Pause Remark 44M->44M(64M) 0.561ms
[2026-06-17T10:06:28.853+0800][8.503s][info][gc,cpu      ] GC(260) User=0.00s Sys=0.00s Real=0.00s
[2026-06-17T10:06:28.853+0800][8.503s][info][gc,marking  ] GC(260) Concurrent Mark 3.801ms
[2026-06-17T10:06:28.853+0800][8.504s][info][gc,marking  ] GC(260) Concurrent Rebuild Remembered Sets and Scrub Regions
[2026-06-17T10:06:28.854+0800][8.504s][info][gc,marking  ] GC(260) Concurrent Rebuild Remembered Sets and Scrub Regions 0.715ms
[2026-06-17T10:06:28.854+0800][8.505s][info][gc,start    ] GC(260) Pause Cleanup
[2026-06-17T10:06:28.854+0800][8.505s][info][gc          ] GC(260) Pause Cleanup 44M->44M(64M) 0.148ms
[2026-06-17T10:06:28.854+0800][8.505s][info][gc,cpu      ] GC(260) User=0.00s Sys=0.00s Real=0.00s
[2026-06-17T10:06:28.854+0800][8.505s][info][gc,marking  ] GC(260) Concurrent Clear Claimed Marks
[2026-06-17T10:06:28.854+0800][8.505s][info][gc,marking  ] GC(260) Concurrent Clear Claimed Marks 0.147ms
[2026-06-17T10:06:28.855+0800][8.505s][info][gc,marking  ] GC(260) Concurrent Cleanup for Next Mark
[2026-06-17T10:06:28.855+0800][8.505s][info][gc,marking  ] GC(260) Concurrent Cleanup for Next Mark 0.170ms
[2026-06-17T10:06:28.855+0800][8.505s][info][gc          ] GC(260) Concurrent Mark Cycle 6.859ms
[2026-06-17T10:06:28.880+0800][8.531s][info][gc,start    ] GC(261) Pause Young (Prepare Mixed) (G1 Evacuation Pause)
[2026-06-17T10:06:28.881+0800][8.531s][info][gc,task     ] GC(261) Using 2 workers of 18 for evacuation
[2026-06-17T10:06:28.883+0800][8.534s][info][gc,phases   ] GC(261)   Pre Evacuate Collection Set: 0.34ms
[2026-06-17T10:06:28.884+0800][8.535s][info][gc,phases   ] GC(261)   Merge Heap Roots: 0.13ms
[2026-06-17T10:06:28.885+0800][8.535s][info][gc,phases   ] GC(261)   Evacuate Collection Set: 0.77ms
[2026-06-17T10:06:28.885+0800][8.536s][info][gc,phases   ] GC(261)   Post Evacuate Collection Set: 0.49ms
[2026-06-17T10:06:28.886+0800][8.536s][info][gc,phases   ] GC(261)   Other: 0.69ms
[2026-06-17T10:06:28.886+0800][8.537s][info][gc,heap     ] GC(261) Eden regions: 11->0(8)
[2026-06-17T10:06:28.886+0800][8.537s][info][gc,heap     ] GC(261) Survivor regions: 1->2(2)
[2026-06-17T10:06:28.887+0800][8.537s][info][gc,heap     ] GC(261) Old regions: 27->30
[2026-06-17T10:06:28.887+0800][8.538s][info][gc,heap     ] GC(261) Humongous regions: 16->16
[2026-06-17T10:06:28.888+0800][8.538s][info][gc,metaspace] GC(261) Metaspace: 114K(320K)->114K(320K) NonClass: 107K(192K)->107K(192K) Class: 7K(128K)->7K(128K)
[2026-06-17T10:06:28.888+0800][8.539s][info][gc          ] GC(261) Pause Young (Prepare Mixed) (G1 Evacuation Pause) 54M->47M(64M) 7.879ms
[2026-06-17T10:06:28.889+0800][8.539s][info][gc,cpu      ] GC(261) User=0.00s Sys=0.00s Real=0.01s
[2026-06-17T10:06:28.911+0800][8.561s][info][gc,start    ] GC(262) Pause Young (Mixed) (G1 Evacuation Pause)
[2026-06-17T10:06:28.911+0800][8.562s][info][gc,task     ] GC(262) Using 2 workers of 18 for evacuation
[2026-06-17T10:06:28.914+0800][8.564s][info][gc,phases   ] GC(262)   Pre Evacuate Collection Set: 0.37ms
[2026-06-17T10:06:28.914+0800][8.565s][info][gc,phases   ] GC(262)   Merge Heap Roots: 0.14ms
[2026-06-17T10:06:28.915+0800][8.565s][info][gc,phases   ] GC(262)   Evacuate Collection Set: 1.05ms
[2026-06-17T10:06:28.915+0800][8.566s][info][gc,phases   ] GC(262)   Post Evacuate Collection Set: 0.53ms
[2026-06-17T10:06:28.916+0800][8.566s][info][gc,phases   ] GC(262)   Other: 0.56ms
[2026-06-17T10:06:28.916+0800][8.566s][info][gc,heap     ] GC(262) Eden regions: 8->0(8)
[2026-06-17T10:06:28.916+0800][8.567s][info][gc,heap     ] GC(262) Survivor regions: 2->2(2)
[2026-06-17T10:06:28.916+0800][8.567s][info][gc,heap     ] GC(262) Old regions: 30->29
[2026-06-17T10:06:28.917+0800][8.567s][info][gc,heap     ] GC(262) Humongous regions: 16->16
[2026-06-17T10:06:28.917+0800][8.568s][info][gc,metaspace] GC(262) Metaspace: 114K(320K)->114K(320K) NonClass: 107K(192K)->107K(192K) Class: 7K(128K)->7K(128K)
[2026-06-17T10:06:28.917+0800][8.568s][info][gc          ] GC(262) Pause Young (Mixed) (G1 Evacuation Pause) 55M->46M(64M) 6.658ms
[2026-06-17T10:06:28.918+0800][8.568s][info][gc,cpu      ] GC(262) User=0.00s Sys=0.00s Real=0.00s
[2026-06-17T10:06:28.939+0800][8.590s][info][gc,start    ] GC(263) Pause Young (Mixed) (G1 Evacuation Pause)
[2026-06-17T10:06:28.941+0800][8.592s][info][gc,task     ] GC(263) Using 2 workers of 18 for evacuation
[2026-06-17T10:06:28.944+0800][8.594s][info][gc,phases   ] GC(263)   Pre Evacuate Collection Set: 0.33ms
[2026-06-17T10:06:28.944+0800][8.595s][info][gc,phases   ] GC(263)   Merge Heap Roots: 0.16ms
[2026-06-17T10:06:28.944+0800][8.595s][info][gc,phases   ] GC(263)   Evacuate Collection Set: 0.94ms
[2026-06-17T10:06:28.945+0800][8.595s][info][gc,phases   ] GC(263)   Post Evacuate Collection Set: 0.61ms
[2026-06-17T10:06:28.945+0800][8.596s][info][gc,phases   ] GC(263)   Other: 0.70ms
[2026-06-17T10:06:28.946+0800][8.596s][info][gc,heap     ] GC(263) Eden regions: 8->0(6)
[2026-06-17T10:06:28.946+0800][8.597s][info][gc,heap     ] GC(263) Survivor regions: 2->2(2)
[2026-06-17T10:06:28.947+0800][8.597s][info][gc,heap     ] GC(263) Old regions: 29->31
[2026-06-17T10:06:28.947+0800][8.597s][info][gc,heap     ] GC(263) Humongous regions: 16->16
[2026-06-17T10:06:28.947+0800][8.598s][info][gc,metaspace] GC(263) Metaspace: 114K(320K)->114K(320K) NonClass: 107K(192K)->107K(192K) Class: 7K(128K)->7K(128K)
[2026-06-17T10:06:28.948+0800][8.599s][info][gc          ] GC(263) Pause Young (Mixed) (G1 Evacuation Pause) 54M->48M(64M) 8.509ms
[2026-06-17T10:06:28.948+0800][8.599s][info][gc,cpu      ] GC(263) User=0.01s Sys=0.00s Real=0.01s
[2026-06-17T10:06:28.960+0800][8.610s][info][gc,start    ] GC(264) Pause Young (Concurrent Start) (G1 Evacuation Pause)
[2026-06-17T10:06:28.960+0800][8.611s][info][gc,task     ] GC(264) Using 2 workers of 18 for evacuation
[2026-06-17T10:06:28.963+0800][8.613s][info][gc,phases   ] GC(264)   Pre Evacuate Collection Set: 0.44ms
[2026-06-17T10:06:28.964+0800][8.614s][info][gc,phases   ] GC(264)   Merge Heap Roots: 0.13ms
[2026-06-17T10:06:28.964+0800][8.615s][info][gc,phases   ] GC(264)   Evacuate Collection Set: 0.73ms
[2026-06-17T10:06:28.965+0800][8.615s][info][gc,phases   ] GC(264)   Post Evacuate Collection Set: 0.58ms
[2026-06-17T10:06:28.965+0800][8.616s][info][gc,phases   ] GC(264)   Other: 0.58ms
[2026-06-17T10:06:28.965+0800][8.616s][info][gc,heap     ] GC(264) Eden regions: 6->0(5)
[2026-06-17T10:06:28.966+0800][8.616s][info][gc,heap     ] GC(264) Survivor regions: 2->1(1)
[2026-06-17T10:06:28.966+0800][8.617s][info][gc,heap     ] GC(264) Old regions: 31->35
[2026-06-17T10:06:28.967+0800][8.617s][info][gc,heap     ] GC(264) Humongous regions: 16->16
[2026-06-17T10:06:28.967+0800][8.618s][info][gc,metaspace] GC(264) Metaspace: 114K(320K)->114K(320K) NonClass: 107K(192K)->107K(192K) Class: 7K(128K)->7K(128K)
[2026-06-17T10:06:28.967+0800][8.618s][info][gc          ] GC(264) Pause Young (Concurrent Start) (G1 Evacuation Pause) 54M->51M(64M) 7.587ms
[2026-06-17T10:06:28.968+0800][8.618s][info][gc,cpu      ] GC(264) User=0.00s Sys=0.00s Real=0.01s
[2026-06-17T10:06:28.968+0800][8.618s][info][gc          ] GC(265) Concurrent Mark Cycle
[2026-06-17T10:06:28.968+0800][8.619s][info][gc,marking  ] GC(265) Concurrent Scan Root Regions
[2026-06-17T10:06:28.969+0800][8.619s][info][gc,marking  ] GC(265) Concurrent Scan Root Regions 0.438ms
[2026-06-17T10:06:28.969+0800][8.620s][info][gc,marking  ] GC(265) Concurrent Mark
[2026-06-17T10:06:28.969+0800][8.620s][info][gc,marking  ] GC(265) Concurrent Mark From Roots
[2026-06-17T10:06:28.970+0800][8.621s][info][gc,task     ] GC(265) Using 5 workers of 5 for marking
[2026-06-17T10:06:28.972+0800][8.623s][info][gc,marking  ] GC(265) Concurrent Mark From Roots 2.811ms
[2026-06-17T10:06:28.972+0800][8.623s][info][gc,marking  ] GC(265) Concurrent Preclean
[2026-06-17T10:06:28.973+0800][8.623s][info][gc,marking  ] GC(265) Concurrent Preclean 0.209ms
[2026-06-17T10:06:28.973+0800][8.624s][info][gc,start    ] GC(265) Pause Remark
[2026-06-17T10:06:28.974+0800][8.624s][info][gc          ] GC(265) Pause Remark 53M->46M(64M) 0.730ms
[2026-06-17T10:06:28.974+0800][8.625s][info][gc,cpu      ] GC(265) User=0.01s Sys=0.00s Real=0.00s
[2026-06-17T10:06:28.974+0800][8.625s][info][gc,marking  ] GC(265) Concurrent Mark 5.045ms
[2026-06-17T10:06:28.974+0800][8.625s][info][gc,marking  ] GC(265) Concurrent Rebuild Remembered Sets and Scrub Regions
[2026-06-17T10:06:28.975+0800][8.626s][info][gc,marking  ] GC(265) Concurrent Rebuild Remembered Sets and Scrub Regions 1.028ms
[2026-06-17T10:06:28.976+0800][8.626s][info][gc,start    ] GC(265) Pause Cleanup
[2026-06-17T10:06:28.976+0800][8.627s][info][gc          ] GC(265) Pause Cleanup 46M->46M(64M) 0.299ms
[2026-06-17T10:06:28.976+0800][8.627s][info][gc,cpu      ] GC(265) User=0.00s Sys=0.00s Real=0.00s
[2026-06-17T10:06:28.976+0800][8.627s][info][gc,marking  ] GC(265) Concurrent Clear Claimed Marks
[2026-06-17T10:06:28.977+0800][8.627s][info][gc,marking  ] GC(265) Concurrent Clear Claimed Marks 0.171ms
[2026-06-17T10:06:28.977+0800][8.627s][info][gc,marking  ] GC(265) Concurrent Cleanup for Next Mark
[2026-06-17T10:06:28.977+0800][8.628s][info][gc,marking  ] GC(265) Concurrent Cleanup for Next Mark 0.250ms
[2026-06-17T10:06:28.977+0800][8.628s][info][gc          ] GC(265) Concurrent Mark Cycle 9.355ms
[2026-06-17T10:06:28.979+0800][8.629s][info][gc,start    ] GC(266) Pause Young (Prepare Mixed) (G1 Evacuation Pause)
[2026-06-17T10:06:28.979+0800][8.630s][info][gc,task     ] GC(266) Using 2 workers of 18 for evacuation
[2026-06-17T10:06:28.980+0800][8.630s][info][gc,phases   ] GC(266)   Pre Evacuate Collection Set: 0.12ms
[2026-06-17T10:06:28.980+0800][8.631s][info][gc,phases   ] GC(266)   Merge Heap Roots: 0.07ms
[2026-06-17T10:06:28.980+0800][8.631s][info][gc,phases   ] GC(266)   Evacuate Collection Set: 0.12ms
[2026-06-17T10:06:28.980+0800][8.631s][info][gc,phases   ] GC(266)   Post Evacuate Collection Set: 0.20ms
[2026-06-17T10:06:28.981+0800][8.631s][info][gc,phases   ] GC(266)   Other: 0.20ms
[2026-06-17T10:06:28.981+0800][8.631s][info][gc,heap     ] GC(266) Eden regions: 5->0(9)
[2026-06-17T10:06:28.981+0800][8.632s][info][gc,heap     ] GC(266) Survivor regions: 1->1(1)
[2026-06-17T10:06:28.981+0800][8.632s][info][gc,heap     ] GC(266) Old regions: 28->28
[2026-06-17T10:06:28.981+0800][8.632s][info][gc,heap     ] GC(266) Humongous regions: 18->18
[2026-06-17T10:06:28.981+0800][8.632s][info][gc,metaspace] GC(266) Metaspace: 114K(320K)->114K(320K) NonClass: 107K(192K)->107K(192K) Class: 7K(128K)->7K(128K)
[2026-06-17T10:06:28.981+0800][8.632s][info][gc          ] GC(266) Pause Young (Prepare Mixed) (G1 Evacuation Pause) 51M->46M(64M) 2.571ms
[2026-06-17T10:06:28.982+0800][8.632s][info][gc,cpu      ] GC(266) User=0.00s Sys=0.00s Real=0.00s
[2026-06-17T10:06:29.013+0800][8.664s][info][gc,start    ] GC(267) Pause Young (Mixed) (G1 Evacuation Pause)
[2026-06-17T10:06:29.014+0800][8.664s][info][gc,task     ] GC(267) Using 2 workers of 18 for evacuation
[2026-06-17T10:06:29.016+0800][8.666s][info][gc,phases   ] GC(267)   Pre Evacuate Collection Set: 0.36ms
[2026-06-17T10:06:29.016+0800][8.667s][info][gc,phases   ] GC(267)   Merge Heap Roots: 0.07ms
[2026-06-17T10:06:29.017+0800][8.667s][info][gc,phases   ] GC(267)   Evacuate Collection Set: 0.61ms
[2026-06-17T10:06:29.017+0800][8.667s][info][gc,phases   ] GC(267)   Post Evacuate Collection Set: 0.43ms
[2026-06-17T10:06:29.017+0800][8.668s][info][gc,phases   ] GC(267)   Other: 0.58ms
[2026-06-17T10:06:29.017+0800][8.668s][info][gc,heap     ] GC(267) Eden regions: 9->0(11)
[2026-06-17T10:06:29.018+0800][8.668s][info][gc,heap     ] GC(267) Survivor regions: 1->2(2)
[2026-06-17T10:06:29.018+0800][8.668s][info][gc,heap     ] GC(267) Old regions: 28->24
[2026-06-17T10:06:29.018+0800][8.669s][info][gc,heap     ] GC(267) Humongous regions: 18->18
[2026-06-17T10:06:29.018+0800][8.669s][info][gc,metaspace] GC(267) Metaspace: 114K(320K)->114K(320K) NonClass: 107K(192K)->107K(192K) Class: 7K(128K)->7K(128K)
[2026-06-17T10:06:29.018+0800][8.669s][info][gc          ] GC(267) Pause Young (Mixed) (G1 Evacuation Pause) 55M->43M(64M) 5.144ms
[2026-06-17T10:06:29.019+0800][8.669s][info][gc,cpu      ] GC(267) User=0.00s Sys=0.00s Real=0.00s
[2026-06-17T10:06:29.040+0800][8.691s][info][gc,start    ] GC(268) Pause Young (Concurrent Start) (G1 Evacuation Pause)
[2026-06-17T10:06:29.041+0800][8.692s][info][gc,task     ] GC(268) Using 2 workers of 18 for evacuation
[2026-06-17T10:06:29.044+0800][8.694s][info][gc,phases   ] GC(268)   Pre Evacuate Collection Set: 0.65ms
[2026-06-17T10:06:29.044+0800][8.695s][info][gc,phases   ] GC(268)   Merge Heap Roots: 0.13ms
[2026-06-17T10:06:29.045+0800][8.695s][info][gc,phases   ] GC(268)   Evacuate Collection Set: 0.76ms
[2026-06-17T10:06:29.045+0800][8.696s][info][gc,phases   ] GC(268)   Post Evacuate Collection Set: 0.47ms
[2026-06-17T10:06:29.046+0800][8.696s][info][gc,phases   ] GC(268)   Other: 0.59ms
[2026-06-17T10:06:29.046+0800][8.696s][info][gc,heap     ] GC(268) Eden regions: 11->0(8)
[2026-06-17T10:06:29.046+0800][8.697s][info][gc,heap     ] GC(268) Survivor regions: 2->2(2)
[2026-06-17T10:06:29.047+0800][8.697s][info][gc,heap     ] GC(268) Old regions: 24->28
[2026-06-17T10:06:29.048+0800][8.698s][info][gc,heap     ] GC(268) Humongous regions: 18->18
[2026-06-17T10:06:29.048+0800][8.699s][info][gc,metaspace] GC(268) Metaspace: 114K(320K)->114K(320K) NonClass: 107K(192K)->107K(192K) Class: 7K(128K)->7K(128K)
[2026-06-17T10:06:29.048+0800][8.699s][info][gc          ] GC(268) Pause Young (Concurrent Start) (G1 Evacuation Pause) 54M->47M(64M) 8.094ms
[2026-06-17T10:06:29.049+0800][8.699s][info][gc,cpu      ] GC(268) User=0.01s Sys=0.00s Real=0.01s
[2026-06-17T10:06:29.049+0800][8.699s][info][gc          ] GC(269) Concurrent Mark Cycle
[2026-06-17T10:06:29.049+0800][8.700s][info][gc,marking  ] GC(269) Concurrent Scan Root Regions
[2026-06-17T10:06:29.050+0800][8.700s][info][gc,marking  ] GC(269) Concurrent Scan Root Regions 0.357ms
[2026-06-17T10:06:29.050+0800][8.700s][info][gc,marking  ] GC(269) Concurrent Mark
[2026-06-17T10:06:29.050+0800][8.701s][info][gc,marking  ] GC(269) Concurrent Mark From Roots
[2026-06-17T10:06:29.050+0800][8.701s][info][gc,task     ] GC(269) Using 5 workers of 5 for marking
[2026-06-17T10:06:29.052+0800][8.703s][info][gc,marking  ] GC(269) Concurrent Mark From Roots 2.214ms
[2026-06-17T10:06:29.053+0800][8.703s][info][gc,marking  ] GC(269) Concurrent Preclean
[2026-06-17T10:06:29.053+0800][8.703s][info][gc,marking  ] GC(269) Concurrent Preclean 0.200ms
[2026-06-17T10:06:29.053+0800][8.704s][info][gc,start    ] GC(269) Pause Remark
[2026-06-17T10:06:29.054+0800][8.704s][info][gc          ] GC(269) Pause Remark 49M->48M(64M) 0.739ms
[2026-06-17T10:06:29.054+0800][8.705s][info][gc,cpu      ] GC(269) User=0.00s Sys=0.00s Real=0.00s
[2026-06-17T10:06:29.054+0800][8.705s][info][gc,marking  ] GC(269) Concurrent Mark 4.340ms
[2026-06-17T10:06:29.054+0800][8.705s][info][gc,marking  ] GC(269) Concurrent Rebuild Remembered Sets and Scrub Regions
[2026-06-17T10:06:29.055+0800][8.706s][info][gc,marking  ] GC(269) Concurrent Rebuild Remembered Sets and Scrub Regions 0.756ms
[2026-06-17T10:06:29.055+0800][8.706s][info][gc,start    ] GC(269) Pause Cleanup
[2026-06-17T10:06:29.056+0800][8.706s][info][gc          ] GC(269) Pause Cleanup 48M->48M(64M) 0.176ms
[2026-06-17T10:06:29.056+0800][8.706s][info][gc,cpu      ] GC(269) User=0.00s Sys=0.00s Real=0.00s
[2026-06-17T10:06:29.056+0800][8.707s][info][gc,marking  ] GC(269) Concurrent Clear Claimed Marks
[2026-06-17T10:06:29.056+0800][8.707s][info][gc,marking  ] GC(269) Concurrent Clear Claimed Marks 0.175ms
[2026-06-17T10:06:29.056+0800][8.707s][info][gc,marking  ] GC(269) Concurrent Cleanup for Next Mark
[2026-06-17T10:06:29.057+0800][8.707s][info][gc,marking  ] GC(269) Concurrent Cleanup for Next Mark 0.252ms
[2026-06-17T10:06:29.057+0800][8.707s][info][gc          ] GC(269) Concurrent Mark Cycle 7.987ms
[2026-06-17T10:06:29.070+0800][8.721s][info][gc,start    ] GC(270) Pause Young (Prepare Mixed) (G1 Evacuation Pause)
[2026-06-17T10:06:29.071+0800][8.722s][info][gc,task     ] GC(270) Using 2 workers of 18 for evacuation
[2026-06-17T10:06:29.073+0800][8.723s][info][gc,phases   ] GC(270)   Pre Evacuate Collection Set: 0.24ms
[2026-06-17T10:06:29.073+0800][8.724s][info][gc,phases   ] GC(270)   Merge Heap Roots: 0.11ms
[2026-06-17T10:06:29.074+0800][8.724s][info][gc,phases   ] GC(270)   Evacuate Collection Set: 0.48ms
[2026-06-17T10:06:29.074+0800][8.724s][info][gc,phases   ] GC(270)   Post Evacuate Collection Set: 0.47ms
[2026-06-17T10:06:29.074+0800][8.725s][info][gc,phases   ] GC(270)   Other: 0.45ms
[2026-06-17T10:06:29.074+0800][8.725s][info][gc,heap     ] GC(270) Eden regions: 8->0(7)
[2026-06-17T10:06:29.075+0800][8.725s][info][gc,heap     ] GC(270) Survivor regions: 2->2(2)
[2026-06-17T10:06:29.075+0800][8.725s][info][gc,heap     ] GC(270) Old regions: 27->29
[2026-06-17T10:06:29.075+0800][8.726s][info][gc,heap     ] GC(270) Humongous regions: 18->18
[2026-06-17T10:06:29.075+0800][8.726s][info][gc,metaspace] GC(270) Metaspace: 114K(320K)->114K(320K) NonClass: 107K(192K)->107K(192K) Class: 7K(128K)->7K(128K)
[2026-06-17T10:06:29.075+0800][8.726s][info][gc          ] GC(270) Pause Young (Prepare Mixed) (G1 Evacuation Pause) 54M->48M(64M) 5.146ms
[2026-06-17T10:06:29.076+0800][8.726s][info][gc,cpu      ] GC(270) User=0.00s Sys=0.00s Real=0.01s
[2026-06-17T10:06:29.097+0800][8.748s][info][gc,start    ] GC(271) Pause Young (Mixed) (G1 Evacuation Pause)
[2026-06-17T10:06:29.098+0800][8.749s][info][gc,task     ] GC(271) Using 2 workers of 18 for evacuation
[2026-06-17T10:06:29.100+0800][8.750s][info][gc,phases   ] GC(271)   Pre Evacuate Collection Set: 0.20ms
[2026-06-17T10:06:29.100+0800][8.751s][info][gc,phases   ] GC(271)   Merge Heap Roots: 0.09ms
[2026-06-17T10:06:29.100+0800][8.751s][info][gc,phases   ] GC(271)   Evacuate Collection Set: 0.40ms
[2026-06-17T10:06:29.101+0800][8.751s][info][gc,phases   ] GC(271)   Post Evacuate Collection Set: 0.44ms
[2026-06-17T10:06:29.101+0800][8.751s][info][gc,phases   ] GC(271)   Other: 0.45ms
[2026-06-17T10:06:29.101+0800][8.751s][info][gc,heap     ] GC(271) Eden regions: 7->0(8)
[2026-06-17T10:06:29.101+0800][8.752s][info][gc,heap     ] GC(271) Survivor regions: 2->2(2)
[2026-06-17T10:06:29.101+0800][8.752s][info][gc,heap     ] GC(271) Old regions: 29->28
[2026-06-17T10:06:29.101+0800][8.752s][info][gc,heap     ] GC(271) Humongous regions: 18->18
[2026-06-17T10:06:29.102+0800][8.752s][info][gc,metaspace] GC(271) Metaspace: 114K(320K)->114K(320K) NonClass: 107K(192K)->107K(192K) Class: 7K(128K)->7K(128K)
[2026-06-17T10:06:29.103+0800][8.753s][info][gc          ] GC(271) Pause Young (Mixed) (G1 Evacuation Pause) 55M->46M(64M) 5.223ms
[2026-06-17T10:06:29.103+0800][8.753s][info][gc,cpu      ] GC(271) User=0.01s Sys=0.00s Real=0.01s
[2026-06-17T10:06:29.124+0800][8.775s][info][gc,start    ] GC(272) Pause Young (Concurrent Start) (G1 Evacuation Pause)
[2026-06-17T10:06:29.161+0800][8.811s][info][gc,task     ] GC(272) Using 2 workers of 18 for evacuation
[2026-06-17T10:06:29.192+0800][8.843s][info][gc,phases   ] GC(272)   Pre Evacuate Collection Set: 0.21ms
[2026-06-17T10:06:29.201+0800][8.852s][info][gc,phases   ] GC(272)   Merge Heap Roots: 0.04ms
[2026-06-17T10:06:29.207+0800][8.857s][info][gc,phases   ] GC(272)   Evacuate Collection Set: 0.31ms
[2026-06-17T10:06:29.207+0800][8.858s][info][gc,phases   ] GC(272)   Post Evacuate Collection Set: 0.18ms
[2026-06-17T10:06:29.207+0800][8.858s][info][gc,phases   ] GC(272)   Other: 30.47ms
[2026-06-17T10:06:29.208+0800][8.858s][info][gc,heap     ] GC(272) Eden regions: 8->0(8)
[2026-06-17T10:06:29.212+0800][8.862s][info][gc,heap     ] GC(272) Survivor regions: 2->2(2)
[2026-06-17T10:06:29.213+0800][8.863s][info][gc,heap     ] GC(272) Old regions: 28->28
[2026-06-17T10:06:29.215+0800][8.866s][info][gc,heap     ] GC(272) Humongous regions: 18->18
[2026-06-17T10:06:29.219+0800][8.869s][info][gc,metaspace] GC(272) Metaspace: 114K(320K)->114K(320K) NonClass: 107K(192K)->107K(192K) Class: 7K(128K)->7K(128K)
[2026-06-17T10:06:29.222+0800][8.872s][info][gc          ] GC(272) Pause Young (Concurrent Start) (G1 Evacuation Pause) 54M->47M(64M) 97.453ms
[2026-06-17T10:06:29.231+0800][8.882s][info][gc,cpu      ] GC(272) User=0.00s Sys=0.00s Real=0.11s
[2026-06-17T10:06:29.231+0800][8.882s][info][gc          ] GC(273) Concurrent Mark Cycle
[2026-06-17T10:06:29.242+0800][8.893s][info][gc,marking  ] GC(273) Concurrent Scan Root Regions
[2026-06-17T10:06:29.246+0800][8.897s][info][gc,marking  ] GC(273) Concurrent Scan Root Regions 4.298ms
[2026-06-17T10:06:29.247+0800][8.897s][info][gc,marking  ] GC(273) Concurrent Mark
[2026-06-17T10:06:29.249+0800][8.899s][info][gc,marking  ] GC(273) Concurrent Mark From Roots
[2026-06-17T10:06:29.250+0800][8.900s][info][gc,task     ] GC(273) Using 5 workers of 5 for marking
[2026-06-17T10:06:29.247+0800][8.898s][info][gc,start    ] GC(274) Pause Young (Normal) (G1 Evacuation Pause)
[2026-06-17T10:06:29.254+0800][8.905s][info][gc,task     ] GC(274) Using 2 workers of 18 for evacuation
[2026-06-17T10:06:29.258+0800][8.909s][info][gc,phases   ] GC(274)   Pre Evacuate Collection Set: 0.34ms
[2026-06-17T10:06:29.261+0800][8.911s][info][gc,phases   ] GC(274)   Merge Heap Roots: 0.14ms
[2026-06-17T10:06:29.264+0800][8.915s][info][gc,phases   ] GC(274)   Evacuate Collection Set: 0.52ms
[2026-06-17T10:06:29.268+0800][8.918s][info][gc,phases   ] GC(274)   Post Evacuate Collection Set: 0.67ms
[2026-06-17T10:06:29.269+0800][8.920s][info][gc,phases   ] GC(274)   Other: 2.63ms
[2026-06-17T10:06:29.270+0800][8.921s][info][gc,heap     ] GC(274) Eden regions: 8->0(7)
[2026-06-17T10:06:29.272+0800][8.923s][info][gc,heap     ] GC(274) Survivor regions: 2->2(2)
[2026-06-17T10:06:29.274+0800][8.925s][info][gc,heap     ] GC(274) Old regions: 28->30
[2026-06-17T10:06:29.279+0800][8.929s][info][gc,heap     ] GC(274) Humongous regions: 18->18
[2026-06-17T10:06:29.280+0800][8.931s][info][gc,metaspace] GC(274) Metaspace: 114K(320K)->114K(320K) NonClass: 107K(192K)->107K(192K) Class: 7K(128K)->7K(128K)
[2026-06-17T10:06:29.282+0800][8.932s][info][gc          ] GC(274) Pause Young (Normal) (G1 Evacuation Pause) 55M->49M(64M) 34.744ms
[2026-06-17T10:06:29.283+0800][8.933s][info][gc,cpu      ] GC(274) User=0.00s Sys=0.00s Real=0.04s
[2026-06-17T10:06:29.286+0800][8.937s][info][gc,marking  ] GC(273) Concurrent Mark From Roots 37.345ms
[2026-06-17T10:06:29.288+0800][8.939s][info][gc,marking  ] GC(273) Concurrent Preclean
[2026-06-17T10:06:29.290+0800][8.941s][info][gc,marking  ] GC(273) Concurrent Preclean 1.623ms
[2026-06-17T10:06:29.292+0800][8.943s][info][gc,start    ] GC(273) Pause Remark
[2026-06-17T10:06:29.297+0800][8.948s][info][gc          ] GC(273) Pause Remark 49M->41M(64M) 4.819ms
[2026-06-17T10:06:29.300+0800][8.951s][info][gc,cpu      ] GC(273) User=0.00s Sys=0.00s Real=0.00s
[2026-06-17T10:06:29.303+0800][8.953s][info][gc,marking  ] GC(273) Concurrent Mark 55.653ms
[2026-06-17T10:06:29.303+0800][8.954s][info][gc,marking  ] GC(273) Concurrent Rebuild Remembered Sets and Scrub Regions
[2026-06-17T10:06:29.306+0800][8.957s][info][gc,marking  ] GC(273) Concurrent Rebuild Remembered Sets and Scrub Regions 3.403ms
[2026-06-17T10:06:29.309+0800][8.960s][info][gc,start    ] GC(273) Pause Cleanup
[2026-06-17T10:06:29.311+0800][8.962s][info][gc          ] GC(273) Pause Cleanup 44M->44M(64M) 1.941ms
[2026-06-17T10:06:29.313+0800][8.964s][info][gc,cpu      ] GC(273) User=0.00s Sys=0.00s Real=0.01s
[2026-06-17T10:06:29.315+0800][8.966s][info][gc,marking  ] GC(273) Concurrent Clear Claimed Marks
[2026-06-17T10:06:29.317+0800][8.967s][info][gc,marking  ] GC(273) Concurrent Clear Claimed Marks 1.660ms
[2026-06-17T10:06:29.319+0800][8.970s][info][gc,marking  ] GC(273) Concurrent Cleanup for Next Mark
[2026-06-17T10:06:29.321+0800][8.971s][info][gc,marking  ] GC(273) Concurrent Cleanup for Next Mark 1.801ms
[2026-06-17T10:06:29.322+0800][8.972s][info][gc          ] GC(273) Concurrent Mark Cycle 90.403ms
[2026-06-17T10:06:29.326+0800][8.977s][info][gc,start    ] GC(275) Pause Young (Prepare Mixed) (G1 Evacuation Pause)
[2026-06-17T10:06:29.327+0800][8.977s][info][gc,task     ] GC(275) Using 2 workers of 18 for evacuation
[2026-06-17T10:06:29.330+0800][8.980s][info][gc,phases   ] GC(275)   Pre Evacuate Collection Set: 0.34ms
[2026-06-17T10:06:29.331+0800][8.982s][info][gc,phases   ] GC(275)   Merge Heap Roots: 0.14ms
[2026-06-17T10:06:29.332+0800][8.982s][info][gc,phases   ] GC(275)   Evacuate Collection Set: 0.37ms
[2026-06-17T10:06:29.332+0800][8.983s][info][gc,phases   ] GC(275)   Post Evacuate Collection Set: 0.39ms
[2026-06-17T10:06:29.333+0800][8.983s][info][gc,phases   ] GC(275)   Other: 1.38ms
[2026-06-17T10:06:29.333+0800][8.984s][info][gc,heap     ] GC(275) Eden regions: 7->0(12)
[2026-06-17T10:06:29.334+0800][8.984s][info][gc,heap     ] GC(275) Survivor regions: 2->1(2)
[2026-06-17T10:06:29.335+0800][8.986s][info][gc,heap     ] GC(275) Old regions: 22->24
[2026-06-17T10:06:29.336+0800][8.987s][info][gc,heap     ] GC(275) Humongous regions: 18->18
[2026-06-17T10:06:29.337+0800][8.987s][info][gc,metaspace] GC(275) Metaspace: 114K(320K)->114K(320K) NonClass: 107K(192K)->107K(192K) Class: 7K(128K)->7K(128K)
[2026-06-17T10:06:29.338+0800][8.989s][info][gc          ] GC(275) Pause Young (Prepare Mixed) (G1 Evacuation Pause) 48M->41M(64M) 11.924ms
[2026-06-17T10:06:29.338+0800][8.989s][info][gc,cpu      ] GC(275) User=0.00s Sys=0.00s Real=0.01s
[2026-06-17T10:06:29.361+0800][9.011s][info][gc,start    ] GC(276) Pause Young (Mixed) (G1 Evacuation Pause)
[2026-06-17T10:06:29.363+0800][9.014s][info][gc,task     ] GC(276) Using 2 workers of 18 for evacuation
[2026-06-17T10:06:29.365+0800][9.016s][info][gc,phases   ] GC(276)   Pre Evacuate Collection Set: 0.34ms
[2026-06-17T10:06:29.367+0800][9.017s][info][gc,phases   ] GC(276)   Merge Heap Roots: 0.09ms
[2026-06-17T10:06:29.369+0800][9.020s][info][gc,phases   ] GC(276)   Evacuate Collection Set: 0.71ms
[2026-06-17T10:06:29.370+0800][9.020s][info][gc,phases   ] GC(276)   Post Evacuate Collection Set: 0.34ms
[2026-06-17T10:06:29.371+0800][9.022s][info][gc,phases   ] GC(276)   Other: 0.61ms
[2026-06-17T10:06:29.373+0800][9.024s][info][gc,heap     ] GC(276) Eden regions: 12->0(16)
[2026-06-17T10:06:29.376+0800][9.026s][info][gc,heap     ] GC(276) Survivor regions: 1->2(2)
[2026-06-17T10:06:29.377+0800][9.027s][info][gc,heap     ] GC(276) Old regions: 24->24
[2026-06-17T10:06:29.379+0800][9.029s][info][gc,heap     ] GC(276) Humongous regions: 19->9
[2026-06-17T10:06:29.380+0800][9.030s][info][gc,metaspace] GC(276) Metaspace: 114K(320K)->114K(320K) NonClass: 107K(192K)->107K(192K) Class: 7K(128K)->7K(128K)
[2026-06-17T10:06:29.381+0800][9.031s][info][gc          ] GC(276) Pause Young (Mixed) (G1 Evacuation Pause) 54M->34M(64M) 19.920ms
[2026-06-17T10:06:29.382+0800][9.032s][info][gc,cpu      ] GC(276) User=0.01s Sys=0.00s Real=0.02s
[2026-06-17T10:06:29.426+0800][9.077s][info][gc,start    ] GC(277) Pause Young (Normal) (G1 Evacuation Pause)
[2026-06-17T10:06:29.427+0800][9.078s][info][gc,task     ] GC(277) Using 2 workers of 18 for evacuation
[2026-06-17T10:06:29.430+0800][9.080s][info][gc,phases   ] GC(277)   Pre Evacuate Collection Set: 0.20ms
[2026-06-17T10:06:29.433+0800][9.083s][info][gc,phases   ] GC(277)   Merge Heap Roots: 0.20ms
[2026-06-17T10:06:29.433+0800][9.084s][info][gc,phases   ] GC(277)   Evacuate Collection Set: 0.31ms
[2026-06-17T10:06:29.434+0800][9.084s][info][gc,phases   ] GC(277)   Post Evacuate Collection Set: 0.28ms
[2026-06-17T10:06:29.434+0800][9.084s][info][gc,phases   ] GC(277)   Other: 1.96ms
[2026-06-17T10:06:29.434+0800][9.085s][info][gc,heap     ] GC(277) Eden regions: 16->0(15)
[2026-06-17T10:06:29.434+0800][9.085s][info][gc,heap     ] GC(277) Survivor regions: 2->3(3)
[2026-06-17T10:06:29.435+0800][9.085s][info][gc,heap     ] GC(277) Old regions: 24->25
[2026-06-17T10:06:29.435+0800][9.086s][info][gc,heap     ] GC(277) Humongous regions: 9->9
[2026-06-17T10:06:29.435+0800][9.086s][info][gc,metaspace] GC(277) Metaspace: 114K(320K)->114K(320K) NonClass: 107K(192K)->107K(192K) Class: 7K(128K)->7K(128K)
[2026-06-17T10:06:29.436+0800][9.086s][info][gc          ] GC(277) Pause Young (Normal) (G1 Evacuation Pause) 50M->36M(64M) 9.600ms
[2026-06-17T10:06:29.436+0800][9.087s][info][gc,cpu      ] GC(277) User=0.00s Sys=0.00s Real=0.01s
[2026-06-17T10:06:29.480+0800][9.130s][info][gc,start    ] GC(278) Pause Young (Concurrent Start) (G1 Evacuation Pause)
[2026-06-17T10:06:29.481+0800][9.131s][info][gc,task     ] GC(278) Using 2 workers of 18 for evacuation
[2026-06-17T10:06:29.485+0800][9.135s][info][gc,phases   ] GC(278)   Pre Evacuate Collection Set: 0.70ms
[2026-06-17T10:06:29.486+0800][9.136s][info][gc,phases   ] GC(278)   Merge Heap Roots: 0.15ms
[2026-06-17T10:06:29.487+0800][9.137s][info][gc,phases   ] GC(278)   Evacuate Collection Set: 1.23ms
[2026-06-17T10:06:29.487+0800][9.138s][info][gc,phases   ] GC(278)   Post Evacuate Collection Set: 1.07ms
[2026-06-17T10:06:29.487+0800][9.138s][info][gc,phases   ] GC(278)   Other: 0.84ms
[2026-06-17T10:06:29.488+0800][9.138s][info][gc,heap     ] GC(278) Eden regions: 15->0(12)
[2026-06-17T10:06:29.488+0800][9.139s][info][gc,heap     ] GC(278) Survivor regions: 3->3(3)
[2026-06-17T10:06:29.489+0800][9.139s][info][gc,heap     ] GC(278) Old regions: 25->30
[2026-06-17T10:06:29.489+0800][9.140s][info][gc,heap     ] GC(278) Humongous regions: 9->9
[2026-06-17T10:06:29.489+0800][9.140s][info][gc,metaspace] GC(278) Metaspace: 114K(320K)->114K(320K) NonClass: 107K(192K)->107K(192K) Class: 7K(128K)->7K(128K)
[2026-06-17T10:06:29.490+0800][9.140s][info][gc          ] GC(278) Pause Young (Concurrent Start) (G1 Evacuation Pause) 51M->41M(64M) 9.954ms
[2026-06-17T10:06:29.490+0800][9.141s][info][gc,cpu      ] GC(278) User=0.01s Sys=0.00s Real=0.01s
[2026-06-17T10:06:29.490+0800][9.141s][info][gc          ] GC(279) Concurrent Mark Cycle
[2026-06-17T10:06:29.491+0800][9.142s][info][gc,marking  ] GC(279) Concurrent Scan Root Regions
[2026-06-17T10:06:29.492+0800][9.142s][info][gc,marking  ] GC(279) Concurrent Scan Root Regions 0.487ms
[2026-06-17T10:06:29.492+0800][9.143s][info][gc,marking  ] GC(279) Concurrent Mark
[2026-06-17T10:06:29.493+0800][9.143s][info][gc,marking  ] GC(279) Concurrent Mark From Roots
[2026-06-17T10:06:29.493+0800][9.143s][info][gc,task     ] GC(279) Using 5 workers of 5 for marking
[2026-06-17T10:06:29.495+0800][9.146s][info][gc,marking  ] GC(279) Concurrent Mark From Roots 2.889ms
[2026-06-17T10:06:29.496+0800][9.146s][info][gc,marking  ] GC(279) Concurrent Preclean
[2026-06-17T10:06:29.496+0800][9.147s][info][gc,marking  ] GC(279) Concurrent Preclean 0.332ms
[2026-06-17T10:06:29.496+0800][9.147s][info][gc,start    ] GC(279) Pause Remark
[2026-06-17T10:06:29.497+0800][9.148s][info][gc          ] GC(279) Pause Remark 44M->34M(64M) 0.832ms
[2026-06-17T10:06:29.498+0800][9.148s][info][gc,cpu      ] GC(279) User=0.00s Sys=0.00s Real=0.00s
[2026-06-17T10:06:29.498+0800][9.148s][info][gc,marking  ] GC(279) Concurrent Mark 5.566ms
[2026-06-17T10:06:29.498+0800][9.149s][info][gc,marking  ] GC(279) Concurrent Rebuild Remembered Sets and Scrub Regions
[2026-06-17T10:06:29.499+0800][9.149s][info][gc,marking  ] GC(279) Concurrent Rebuild Remembered Sets and Scrub Regions 0.923ms
[2026-06-17T10:06:29.499+0800][9.150s][info][gc,start    ] GC(279) Pause Cleanup
[2026-06-17T10:06:29.500+0800][9.150s][info][gc          ] GC(279) Pause Cleanup 34M->34M(64M) 0.324ms
[2026-06-17T10:06:29.500+0800][9.151s][info][gc,cpu      ] GC(279) User=0.00s Sys=0.00s Real=0.00s
[2026-06-17T10:06:29.501+0800][9.151s][info][gc,marking  ] GC(279) Concurrent Clear Claimed Marks
[2026-06-17T10:06:29.501+0800][9.151s][info][gc,marking  ] GC(279) Concurrent Clear Claimed Marks 0.226ms
[2026-06-17T10:06:29.501+0800][9.152s][info][gc,marking  ] GC(279) Concurrent Cleanup for Next Mark
[2026-06-17T10:06:29.501+0800][9.152s][info][gc,marking  ] GC(279) Concurrent Cleanup for Next Mark 0.322ms
[2026-06-17T10:06:29.502+0800][9.152s][info][gc          ] GC(279) Concurrent Mark Cycle 11.291ms
[2026-06-17T10:06:29.523+0800][9.173s][info][gc,start    ] GC(280) Pause Young (Prepare Mixed) (G1 Evacuation Pause)
[2026-06-17T10:06:29.523+0800][9.174s][info][gc,task     ] GC(280) Using 2 workers of 18 for evacuation
[2026-06-17T10:06:29.525+0800][9.176s][info][gc,phases   ] GC(280)   Pre Evacuate Collection Set: 0.26ms
[2026-06-17T10:06:29.525+0800][9.176s][info][gc,phases   ] GC(280)   Merge Heap Roots: 0.10ms
[2026-06-17T10:06:29.526+0800][9.176s][info][gc,phases   ] GC(280)   Evacuate Collection Set: 0.59ms
[2026-06-17T10:06:29.526+0800][9.177s][info][gc,phases   ] GC(280)   Post Evacuate Collection Set: 0.38ms
[2026-06-17T10:06:29.527+0800][9.178s][info][gc,phases   ] GC(280)   Other: 0.54ms
[2026-06-17T10:06:29.527+0800][9.178s][info][gc,heap     ] GC(280) Eden regions: 12->0(17)
[2026-06-17T10:06:29.528+0800][9.178s][info][gc,heap     ] GC(280) Survivor regions: 3->2(2)
[2026-06-17T10:06:29.528+0800][9.179s][info][gc,heap     ] GC(280) Old regions: 20->23
[2026-06-17T10:06:29.528+0800][9.179s][info][gc,heap     ] GC(280) Humongous regions: 9->9
[2026-06-17T10:06:29.529+0800][9.179s][info][gc,metaspace] GC(280) Metaspace: 114K(320K)->114K(320K) NonClass: 107K(192K)->107K(192K) Class: 7K(128K)->7K(128K)
[2026-06-17T10:06:29.529+0800][9.179s][info][gc          ] GC(280) Pause Young (Prepare Mixed) (G1 Evacuation Pause) 43M->33M(64M) 6.216ms
[2026-06-17T10:06:29.529+0800][9.180s][info][gc,cpu      ] GC(280) User=0.00s Sys=0.00s Real=0.00s
[2026-06-17T10:06:29.573+0800][9.223s][info][gc,start    ] GC(281) Pause Young (Mixed) (G1 Evacuation Pause)
[2026-06-17T10:06:29.574+0800][9.224s][info][gc,task     ] GC(281) Using 2 workers of 18 for evacuation
[2026-06-17T10:06:29.578+0800][9.228s][info][gc,phases   ] GC(281)   Pre Evacuate Collection Set: 0.52ms
[2026-06-17T10:06:29.578+0800][9.229s][info][gc,phases   ] GC(281)   Merge Heap Roots: 0.22ms
[2026-06-17T10:06:29.579+0800][9.229s][info][gc,phases   ] GC(281)   Evacuate Collection Set: 1.08ms
[2026-06-17T10:06:29.580+0800][9.230s][info][gc,phases   ] GC(281)   Post Evacuate Collection Set: 0.99ms
[2026-06-17T10:06:29.580+0800][9.231s][info][gc,phases   ] GC(281)   Other: 0.96ms
[2026-06-17T10:06:29.581+0800][9.231s][info][gc,heap     ] GC(281) Eden regions: 17->0(16)
[2026-06-17T10:06:29.581+0800][9.232s][info][gc,heap     ] GC(281) Survivor regions: 2->3(3)
[2026-06-17T10:06:29.582+0800][9.232s][info][gc,heap     ] GC(281) Old regions: 23->23
[2026-06-17T10:06:29.582+0800][9.233s][info][gc,heap     ] GC(281) Humongous regions: 9->9
[2026-06-17T10:06:29.583+0800][9.233s][info][gc,metaspace] GC(281) Metaspace: 114K(320K)->114K(320K) NonClass: 107K(192K)->107K(192K) Class: 7K(128K)->7K(128K)
[2026-06-17T10:06:29.583+0800][9.233s][info][gc          ] GC(281) Pause Young (Mixed) (G1 Evacuation Pause) 50M->34M(64M) 10.076ms
[2026-06-17T10:06:29.583+0800][9.234s][info][gc,cpu      ] GC(281) User=0.00s Sys=0.00s Real=0.01s
[2026-06-17T10:06:29.595+0800][9.245s][info][gc,start    ] GC(282) Pause Young (Concurrent Start) (G1 Humongous Allocation)
[2026-06-17T10:06:29.597+0800][9.248s][info][gc,task     ] GC(282) Using 2 workers of 18 for evacuation
[2026-06-17T10:06:29.600+0800][9.250s][info][gc,phases   ] GC(282)   Pre Evacuate Collection Set: 0.52ms
[2026-06-17T10:06:29.600+0800][9.251s][info][gc,phases   ] GC(282)   Merge Heap Roots: 0.13ms
[2026-06-17T10:06:29.600+0800][9.251s][info][gc,phases   ] GC(282)   Evacuate Collection Set: 0.45ms
[2026-06-17T10:06:29.601+0800][9.251s][info][gc,phases   ] GC(282)   Post Evacuate Collection Set: 0.52ms
[2026-06-17T10:06:29.601+0800][9.252s][info][gc,phases   ] GC(282)   Other: 0.64ms
[2026-06-17T10:06:29.601+0800][9.252s][info][gc,heap     ] GC(282) Eden regions: 7->0(17)
[2026-06-17T10:06:29.602+0800][9.252s][info][gc,heap     ] GC(282) Survivor regions: 3->2(3)
[2026-06-17T10:06:29.602+0800][9.252s][info][gc,heap     ] GC(282) Old regions: 23->24
[2026-06-17T10:06:29.602+0800][9.253s][info][gc,heap     ] GC(282) Humongous regions: 9->9
[2026-06-17T10:06:29.603+0800][9.253s][info][gc,metaspace] GC(282) Metaspace: 114K(320K)->114K(320K) NonClass: 107K(192K)->107K(192K) Class: 7K(128K)->7K(128K)
[2026-06-17T10:06:29.603+0800][9.253s][info][gc          ] GC(282) Pause Young (Concurrent Start) (G1 Humongous Allocation) 40M->34M(64M) 8.265ms
[2026-06-17T10:06:29.603+0800][9.254s][info][gc,cpu      ] GC(282) User=0.01s Sys=0.00s Real=0.01s
[2026-06-17T10:06:29.603+0800][9.254s][info][gc          ] GC(283) Concurrent Mark Cycle
[2026-06-17T10:06:29.604+0800][9.254s][info][gc,marking  ] GC(283) Concurrent Scan Root Regions
[2026-06-17T10:06:29.604+0800][9.255s][info][gc,marking  ] GC(283) Concurrent Scan Root Regions 0.456ms
[2026-06-17T10:06:29.605+0800][9.255s][info][gc,marking  ] GC(283) Concurrent Mark
[2026-06-17T10:06:29.605+0800][9.255s][info][gc,marking  ] GC(283) Concurrent Mark From Roots
[2026-06-17T10:06:29.605+0800][9.256s][info][gc,task     ] GC(283) Using 5 workers of 5 for marking
[2026-06-17T10:06:29.607+0800][9.258s][info][gc,marking  ] GC(283) Concurrent Mark From Roots 2.356ms
[2026-06-17T10:06:29.607+0800][9.258s][info][gc,marking  ] GC(283) Concurrent Preclean
[2026-06-17T10:06:29.608+0800][9.258s][info][gc,marking  ] GC(283) Concurrent Preclean 0.266ms
[2026-06-17T10:06:29.608+0800][9.259s][info][gc,start    ] GC(283) Pause Remark
[2026-06-17T10:06:29.609+0800][9.259s][info][gc          ] GC(283) Pause Remark 36M->36M(64M) 0.646ms
[2026-06-17T10:06:29.609+0800][9.259s][info][gc,cpu      ] GC(283) User=0.00s Sys=0.00s Real=0.00s
[2026-06-17T10:06:29.609+0800][9.260s][info][gc,marking  ] GC(283) Concurrent Mark 4.536ms
[2026-06-17T10:06:29.609+0800][9.260s][info][gc,marking  ] GC(283) Concurrent Rebuild Remembered Sets and Scrub Regions
[2026-06-17T10:06:29.610+0800][9.261s][info][gc,marking  ] GC(283) Concurrent Rebuild Remembered Sets and Scrub Regions 0.743ms
[2026-06-17T10:06:29.610+0800][9.261s][info][gc,start    ] GC(283) Pause Cleanup
[2026-06-17T10:06:29.611+0800][9.261s][info][gc          ] GC(283) Pause Cleanup 36M->36M(64M) 0.189ms
[2026-06-17T10:06:29.611+0800][9.261s][info][gc,cpu      ] GC(283) User=0.00s Sys=0.00s Real=0.01s
[2026-06-17T10:06:29.611+0800][9.261s][info][gc,marking  ] GC(283) Concurrent Clear Claimed Marks
[2026-06-17T10:06:29.611+0800][9.262s][info][gc,marking  ] GC(283) Concurrent Clear Claimed Marks 0.291ms
[2026-06-17T10:06:29.611+0800][9.262s][info][gc,marking  ] GC(283) Concurrent Cleanup for Next Mark
[2026-06-17T10:06:29.612+0800][9.262s][info][gc,marking  ] GC(283) Concurrent Cleanup for Next Mark 0.221ms
[2026-06-17T10:06:29.612+0800][9.262s][info][gc          ] GC(283) Concurrent Mark Cycle 8.462ms
[2026-06-17T10:06:29.657+0800][9.308s][info][gc,start    ] GC(284) Pause Young (Prepare Mixed) (G1 Evacuation Pause)
[2026-06-17T10:06:29.658+0800][9.309s][info][gc,task     ] GC(284) Using 2 workers of 18 for evacuation
[2026-06-17T10:06:29.661+0800][9.312s][info][gc,phases   ] GC(284)   Pre Evacuate Collection Set: 0.42ms
[2026-06-17T10:06:29.662+0800][9.313s][info][gc,phases   ] GC(284)   Merge Heap Roots: 0.27ms
[2026-06-17T10:06:29.662+0800][9.313s][info][gc,phases   ] GC(284)   Evacuate Collection Set: 1.05ms
[2026-06-17T10:06:29.663+0800][9.313s][info][gc,phases   ] GC(284)   Post Evacuate Collection Set: 0.68ms
[2026-06-17T10:06:29.663+0800][9.314s][info][gc,phases   ] GC(284)   Other: 0.81ms
[2026-06-17T10:06:29.664+0800][9.314s][info][gc,heap     ] GC(284) Eden regions: 17->0(13)
[2026-06-17T10:06:29.664+0800][9.315s][info][gc,heap     ] GC(284) Survivor regions: 2->3(3)
[2026-06-17T10:06:29.665+0800][9.315s][info][gc,heap     ] GC(284) Old regions: 24->27
[2026-06-17T10:06:29.665+0800][9.316s][info][gc,heap     ] GC(284) Humongous regions: 11->11
[2026-06-17T10:06:29.666+0800][9.316s][info][gc,metaspace] GC(284) Metaspace: 114K(320K)->114K(320K) NonClass: 107K(192K)->107K(192K) Class: 7K(128K)->7K(128K)
[2026-06-17T10:06:29.666+0800][9.317s][info][gc          ] GC(284) Pause Young (Prepare Mixed) (G1 Evacuation Pause) 53M->40M(64M) 8.699ms
[2026-06-17T10:06:29.666+0800][9.317s][info][gc,cpu      ] GC(284) User=0.01s Sys=0.00s Real=0.01s
[2026-06-17T10:06:29.699+0800][9.350s][info][gc,start    ] GC(285) Pause Young (Mixed) (G1 Evacuation Pause)
[2026-06-17T10:06:29.700+0800][9.351s][info][gc,task     ] GC(285) Using 2 workers of 18 for evacuation
[2026-06-17T10:06:29.703+0800][9.354s][info][gc,phases   ] GC(285)   Pre Evacuate Collection Set: 0.46ms
[2026-06-17T10:06:29.703+0800][9.354s][info][gc,phases   ] GC(285)   Merge Heap Roots: 0.14ms
[2026-06-17T10:06:29.704+0800][9.354s][info][gc,phases   ] GC(285)   Evacuate Collection Set: 0.89ms
[2026-06-17T10:06:29.705+0800][9.355s][info][gc,phases   ] GC(285)   Post Evacuate Collection Set: 0.33ms
[2026-06-17T10:06:29.705+0800][9.355s][info][gc,phases   ] GC(285)   Other: 0.94ms
[2026-06-17T10:06:29.705+0800][9.356s][info][gc,heap     ] GC(285) Eden regions: 13->0(11)
[2026-06-17T10:06:29.705+0800][9.356s][info][gc,heap     ] GC(285) Survivor regions: 3->2(2)
[2026-06-17T10:06:29.706+0800][9.356s][info][gc,heap     ] GC(285) Old regions: 27->30
[2026-06-17T10:06:29.706+0800][9.356s][info][gc,heap     ] GC(285) Humongous regions: 11->11
[2026-06-17T10:06:29.706+0800][9.357s][info][gc,metaspace] GC(285) Metaspace: 114K(320K)->114K(320K) NonClass: 107K(192K)->107K(192K) Class: 7K(128K)->7K(128K)
[2026-06-17T10:06:29.706+0800][9.357s][info][gc          ] GC(285) Pause Young (Mixed) (G1 Evacuation Pause) 53M->42M(64M) 7.018ms
[2026-06-17T10:06:29.706+0800][9.357s][info][gc,cpu      ] GC(285) User=0.00s Sys=0.00s Real=0.01s
[2026-06-17T10:06:29.739+0800][9.389s][info][gc,start    ] GC(286) Pause Young (Concurrent Start) (G1 Evacuation Pause)
[2026-06-17T10:06:29.739+0800][9.390s][info][gc,task     ] GC(286) Using 2 workers of 18 for evacuation
[2026-06-17T10:06:29.742+0800][9.393s][info][gc,phases   ] GC(286)   Pre Evacuate Collection Set: 0.56ms
[2026-06-17T10:06:29.743+0800][9.393s][info][gc,phases   ] GC(286)   Merge Heap Roots: 0.12ms
[2026-06-17T10:06:29.743+0800][9.393s][info][gc,phases   ] GC(286)   Evacuate Collection Set: 0.73ms
[2026-06-17T10:06:29.743+0800][9.394s][info][gc,phases   ] GC(286)   Post Evacuate Collection Set: 0.52ms
[2026-06-17T10:06:29.743+0800][9.394s][info][gc,phases   ] GC(286)   Other: 0.78ms
[2026-06-17T10:06:29.744+0800][9.394s][info][gc,heap     ] GC(286) Eden regions: 11->0(7)
[2026-06-17T10:06:29.744+0800][9.394s][info][gc,heap     ] GC(286) Survivor regions: 2->2(2)
[2026-06-17T10:06:29.744+0800][9.395s][info][gc,heap     ] GC(286) Old regions: 30->35
[2026-06-17T10:06:29.744+0800][9.395s][info][gc,heap     ] GC(286) Humongous regions: 11->11
[2026-06-17T10:06:29.745+0800][9.395s][info][gc,metaspace] GC(286) Metaspace: 114K(320K)->114K(320K) NonClass: 107K(192K)->107K(192K) Class: 7K(128K)->7K(128K)
[2026-06-17T10:06:29.745+0800][9.396s][info][gc          ] GC(286) Pause Young (Concurrent Start) (G1 Evacuation Pause) 53M->47M(64M) 6.447ms
[2026-06-17T10:06:29.745+0800][9.396s][info][gc,cpu      ] GC(286) User=0.00s Sys=0.00s Real=0.01s
[2026-06-17T10:06:29.745+0800][9.396s][info][gc          ] GC(287) Concurrent Mark Cycle
[2026-06-17T10:06:29.746+0800][9.396s][info][gc,marking  ] GC(287) Concurrent Scan Root Regions
[2026-06-17T10:06:29.746+0800][9.397s][info][gc,marking  ] GC(287) Concurrent Scan Root Regions 0.421ms
[2026-06-17T10:06:29.747+0800][9.397s][info][gc,marking  ] GC(287) Concurrent Mark
[2026-06-17T10:06:29.747+0800][9.398s][info][gc,marking  ] GC(287) Concurrent Mark From Roots
[2026-06-17T10:06:29.747+0800][9.398s][info][gc,task     ] GC(287) Using 5 workers of 5 for marking
[2026-06-17T10:06:29.749+0800][9.399s][info][gc,marking  ] GC(287) Concurrent Mark From Roots 1.915ms
[2026-06-17T10:06:29.749+0800][9.400s][info][gc,marking  ] GC(287) Concurrent Preclean
[2026-06-17T10:06:29.749+0800][9.400s][info][gc,marking  ] GC(287) Concurrent Preclean 0.241ms
[2026-06-17T10:06:29.750+0800][9.400s][info][gc,start    ] GC(287) Pause Remark
[2026-06-17T10:06:29.750+0800][9.401s][info][gc          ] GC(287) Pause Remark 50M->43M(64M) 0.540ms
[2026-06-17T10:06:29.751+0800][9.401s][info][gc,cpu      ] GC(287) User=0.00s Sys=0.00s Real=0.01s
[2026-06-17T10:06:29.751+0800][9.402s][info][gc,marking  ] GC(287) Concurrent Mark 4.257ms
[2026-06-17T10:06:29.751+0800][9.402s][info][gc,marking  ] GC(287) Concurrent Rebuild Remembered Sets and Scrub Regions
[2026-06-17T10:06:29.752+0800][9.402s][info][gc,marking  ] GC(287) Concurrent Rebuild Remembered Sets and Scrub Regions 0.652ms
[2026-06-17T10:06:29.752+0800][9.403s][info][gc,start    ] GC(287) Pause Cleanup
[2026-06-17T10:06:29.752+0800][9.403s][info][gc          ] GC(287) Pause Cleanup 43M->43M(64M) 0.165ms
[2026-06-17T10:06:29.752+0800][9.403s][info][gc,cpu      ] GC(287) User=0.00s Sys=0.00s Real=0.00s
[2026-06-17T10:06:29.752+0800][9.403s][info][gc,marking  ] GC(287) Concurrent Clear Claimed Marks
[2026-06-17T10:06:29.753+0800][9.403s][info][gc,marking  ] GC(287) Concurrent Clear Claimed Marks 0.084ms
[2026-06-17T10:06:29.753+0800][9.403s][info][gc,marking  ] GC(287) Concurrent Cleanup for Next Mark
[2026-06-17T10:06:29.753+0800][9.403s][info][gc,marking  ] GC(287) Concurrent Cleanup for Next Mark 0.177ms
[2026-06-17T10:06:29.753+0800][9.403s][info][gc          ] GC(287) Concurrent Mark Cycle 7.523ms
[2026-06-17T10:06:29.756+0800][9.407s][info][gc,start    ] GC(288) Pause Young (Prepare Mixed) (G1 Evacuation Pause)
[2026-06-17T10:06:29.757+0800][9.407s][info][gc,task     ] GC(288) Using 2 workers of 18 for evacuation
[2026-06-17T10:06:29.758+0800][9.408s][info][gc,phases   ] GC(288)   Pre Evacuate Collection Set: 0.11ms
[2026-06-17T10:06:29.758+0800][9.408s][info][gc,phases   ] GC(288)   Merge Heap Roots: 0.05ms
[2026-06-17T10:06:29.758+0800][9.408s][info][gc,phases   ] GC(288)   Evacuate Collection Set: 0.20ms
[2026-06-17T10:06:29.758+0800][9.409s][info][gc,phases   ] GC(288)   Post Evacuate Collection Set: 0.18ms
[2026-06-17T10:06:29.758+0800][9.409s][info][gc,phases   ] GC(288)   Other: 0.23ms
[2026-06-17T10:06:29.758+0800][9.409s][info][gc,heap     ] GC(288) Eden regions: 7->0(12)
[2026-06-17T10:06:29.758+0800][9.409s][info][gc,heap     ] GC(288) Survivor regions: 2->1(2)
[2026-06-17T10:06:29.758+0800][9.409s][info][gc,heap     ] GC(288) Old regions: 28->29
[2026-06-17T10:06:29.758+0800][9.409s][info][gc,heap     ] GC(288) Humongous regions: 11->11
[2026-06-17T10:06:29.759+0800][9.409s][info][gc,metaspace] GC(288) Metaspace: 114K(320K)->114K(320K) NonClass: 107K(192K)->107K(192K) Class: 7K(128K)->7K(128K)
[2026-06-17T10:06:29.759+0800][9.409s][info][gc          ] GC(288) Pause Young (Prepare Mixed) (G1 Evacuation Pause) 47M->40M(64M) 2.358ms
[2026-06-17T10:06:29.759+0800][9.409s][info][gc,cpu      ] GC(288) User=0.00s Sys=0.00s Real=0.00s
[2026-06-17T10:06:29.791+0800][9.442s][info][gc,start    ] GC(289) Pause Young (Mixed) (G1 Evacuation Pause)
[2026-06-17T10:06:29.792+0800][9.442s][info][gc,task     ] GC(289) Using 2 workers of 18 for evacuation
[2026-06-17T10:06:29.795+0800][9.446s][info][gc,phases   ] GC(289)   Pre Evacuate Collection Set: 0.43ms
[2026-06-17T10:06:29.796+0800][9.446s][info][gc,phases   ] GC(289)   Merge Heap Roots: 0.23ms
[2026-06-17T10:06:29.796+0800][9.447s][info][gc,phases   ] GC(289)   Evacuate Collection Set: 0.88ms
[2026-06-17T10:06:29.796+0800][9.447s][info][gc,phases   ] GC(289)   Post Evacuate Collection Set: 0.78ms
[2026-06-17T10:06:29.797+0800][9.447s][info][gc,phases   ] GC(289)   Other: 0.78ms
[2026-06-17T10:06:29.798+0800][9.448s][info][gc,heap     ] GC(289) Eden regions: 12->0(14)
[2026-06-17T10:06:29.798+0800][9.448s][info][gc,heap     ] GC(289) Survivor regions: 1->2(2)
[2026-06-17T10:06:29.798+0800][9.449s][info][gc,heap     ] GC(289) Old regions: 29->25
[2026-06-17T10:06:29.799+0800][9.449s][info][gc,heap     ] GC(289) Humongous regions: 11->11
[2026-06-17T10:06:29.799+0800][9.449s][info][gc,metaspace] GC(289) Metaspace: 114K(320K)->114K(320K) NonClass: 107K(192K)->107K(192K) Class: 7K(128K)->7K(128K)
[2026-06-17T10:06:29.799+0800][9.450s][info][gc          ] GC(289) Pause Young (Mixed) (G1 Evacuation Pause) 52M->37M(64M) 8.211ms
[2026-06-17T10:06:29.800+0800][9.450s][info][gc,cpu      ] GC(289) User=0.00s Sys=0.00s Real=0.00s
[2026-06-17T10:06:29.844+0800][9.494s][info][gc,start    ] GC(290) Pause Young (Mixed) (G1 Evacuation Pause)
[2026-06-17T10:06:29.845+0800][9.495s][info][gc,task     ] GC(290) Using 2 workers of 18 for evacuation
[2026-06-17T10:06:29.848+0800][9.498s][info][gc,phases   ] GC(290)   Pre Evacuate Collection Set: 0.38ms
[2026-06-17T10:06:29.848+0800][9.499s][info][gc,phases   ] GC(290)   Merge Heap Roots: 0.16ms
[2026-06-17T10:06:29.849+0800][9.499s][info][gc,phases   ] GC(290)   Evacuate Collection Set: 0.96ms
[2026-06-17T10:06:29.849+0800][9.500s][info][gc,phases   ] GC(290)   Post Evacuate Collection Set: 0.62ms
[2026-06-17T10:06:29.850+0800][9.500s][info][gc,phases   ] GC(290)   Other: 0.72ms
[2026-06-17T10:06:29.850+0800][9.501s][info][gc,heap     ] GC(290) Eden regions: 14->0(13)
[2026-06-17T10:06:29.851+0800][9.501s][info][gc,heap     ] GC(290) Survivor regions: 2->2(2)
[2026-06-17T10:06:29.851+0800][9.502s][info][gc,heap     ] GC(290) Old regions: 25->26
[2026-06-17T10:06:29.852+0800][9.502s][info][gc,heap     ] GC(290) Humongous regions: 13->13
[2026-06-17T10:06:29.852+0800][9.503s][info][gc,metaspace] GC(290) Metaspace: 114K(320K)->114K(320K) NonClass: 107K(192K)->107K(192K) Class: 7K(128K)->7K(128K)
[2026-06-17T10:06:29.853+0800][9.503s][info][gc          ] GC(290) Pause Young (Mixed) (G1 Evacuation Pause) 53M->40M(64M) 8.897ms
[2026-06-17T10:06:29.853+0800][9.503s][info][gc,cpu      ] GC(290) User=0.01s Sys=0.00s Real=0.01s
[2026-06-17T10:06:29.886+0800][9.537s][info][gc,start    ] GC(291) Pause Young (Concurrent Start) (G1 Evacuation Pause)
[2026-06-17T10:06:29.887+0800][9.537s][info][gc,task     ] GC(291) Using 2 workers of 18 for evacuation
[2026-06-17T10:06:29.889+0800][9.540s][info][gc,phases   ] GC(291)   Pre Evacuate Collection Set: 0.46ms
[2026-06-17T10:06:29.890+0800][9.540s][info][gc,phases   ] GC(291)   Merge Heap Roots: 0.18ms
[2026-06-17T10:06:29.890+0800][9.541s][info][gc,phases   ] GC(291)   Evacuate Collection Set: 0.81ms
[2026-06-17T10:06:29.891+0800][9.541s][info][gc,phases   ] GC(291)   Post Evacuate Collection Set: 0.51ms
[2026-06-17T10:06:29.894+0800][9.545s][info][gc,phases   ] GC(291)   Other: 0.61ms
[2026-06-17T10:06:29.902+0800][9.552s][info][gc,heap     ] GC(291) Eden regions: 13->0(11)
[2026-06-17T10:06:29.907+0800][9.557s][info][gc,heap     ] GC(291) Survivor regions: 2->2(2)
[2026-06-17T10:06:29.907+0800][9.558s][info][gc,heap     ] GC(291) Old regions: 26->29
[2026-06-17T10:06:29.908+0800][9.558s][info][gc,heap     ] GC(291) Humongous regions: 13->13
[2026-06-17T10:06:29.908+0800][9.559s][info][gc,metaspace] GC(291) Metaspace: 114K(320K)->114K(320K) NonClass: 107K(192K)->107K(192K) Class: 7K(128K)->7K(128K)
[2026-06-17T10:06:29.911+0800][9.561s][info][gc          ] GC(291) Pause Young (Concurrent Start) (G1 Evacuation Pause) 53M->43M(64M) 24.606ms
[2026-06-17T10:06:29.917+0800][9.567s][info][gc,cpu      ] GC(291) User=0.00s Sys=0.00s Real=0.03s
[2026-06-17T10:06:29.917+0800][9.567s][info][gc          ] GC(292) Concurrent Mark Cycle
[2026-06-17T10:06:29.923+0800][9.574s][info][gc,marking  ] GC(292) Concurrent Scan Root Regions
[2026-06-17T10:06:29.924+0800][9.574s][info][gc,marking  ] GC(292) Concurrent Scan Root Regions 0.223ms
[2026-06-17T10:06:29.924+0800][9.574s][info][gc,marking  ] GC(292) Concurrent Mark
[2026-06-17T10:06:29.930+0800][9.581s][info][gc,marking  ] GC(292) Concurrent Mark From Roots
[2026-06-17T10:06:29.933+0800][9.583s][info][gc,task     ] GC(292) Using 5 workers of 5 for marking
[2026-06-17T10:06:29.935+0800][9.585s][info][gc,marking  ] GC(292) Concurrent Mark From Roots 4.317ms
[2026-06-17T10:06:29.937+0800][9.588s][info][gc,marking  ] GC(292) Concurrent Preclean
[2026-06-17T10:06:29.939+0800][9.590s][info][gc,marking  ] GC(292) Concurrent Preclean 2.187ms
[2026-06-17T10:06:29.943+0800][9.594s][info][gc,start    ] GC(292) Pause Remark
[2026-06-17T10:06:29.946+0800][9.597s][info][gc          ] GC(292) Pause Remark 48M->41M(64M) 2.973ms
[2026-06-17T10:06:29.947+0800][9.598s][info][gc,cpu      ] GC(292) User=0.00s Sys=0.00s Real=0.00s
[2026-06-17T10:06:29.949+0800][9.600s][info][gc,marking  ] GC(292) Concurrent Mark 25.542ms
[2026-06-17T10:06:29.951+0800][9.601s][info][gc,marking  ] GC(292) Concurrent Rebuild Remembered Sets and Scrub Regions
[2026-06-17T10:06:29.952+0800][9.602s][info][gc,marking  ] GC(292) Concurrent Rebuild Remembered Sets and Scrub Regions 0.651ms
[2026-06-17T10:06:29.952+0800][9.603s][info][gc,start    ] GC(292) Pause Cleanup
[2026-06-17T10:06:29.954+0800][9.605s][info][gc          ] GC(292) Pause Cleanup 47M->47M(64M) 1.883ms
[2026-06-17T10:06:29.956+0800][9.607s][info][gc,cpu      ] GC(292) User=0.00s Sys=0.00s Real=0.00s
[2026-06-17T10:06:29.957+0800][9.608s][info][gc,marking  ] GC(292) Concurrent Clear Claimed Marks
[2026-06-17T10:06:29.960+0800][9.611s][info][gc,marking  ] GC(292) Concurrent Clear Claimed Marks 2.654ms
[2026-06-17T10:06:29.962+0800][9.613s][info][gc,marking  ] GC(292) Concurrent Cleanup for Next Mark
[2026-06-17T10:06:29.960+0800][9.610s][info][gc,start    ] GC(293) Pause Young (Prepare Mixed) (G1 Evacuation Pause)
[2026-06-17T10:06:29.965+0800][9.616s][info][gc,task     ] GC(293) Using 2 workers of 18 for evacuation
[2026-06-17T10:06:29.969+0800][9.620s][info][gc,phases   ] GC(293)   Pre Evacuate Collection Set: 0.32ms
[2026-06-17T10:06:29.972+0800][9.623s][info][gc,phases   ] GC(293)   Merge Heap Roots: 0.13ms
[2026-06-17T10:06:29.974+0800][9.625s][info][gc,phases   ] GC(293)   Evacuate Collection Set: 0.51ms
[2026-06-17T10:06:29.975+0800][9.626s][info][gc,phases   ] GC(293)   Post Evacuate Collection Set: 0.18ms
[2026-06-17T10:06:29.981+0800][9.631s][info][gc,phases   ] GC(293)   Other: 2.87ms
[2026-06-17T10:06:29.983+0800][9.633s][info][gc,heap     ] GC(293) Eden regions: 11->0(14)
[2026-06-17T10:06:29.983+0800][9.634s][info][gc,heap     ] GC(293) Survivor regions: 2->2(2)
[2026-06-17T10:06:29.988+0800][9.639s][info][gc,heap     ] GC(293) Old regions: 22->24
[2026-06-17T10:06:29.993+0800][9.643s][info][gc,heap     ] GC(293) Humongous regions: 13->13
[2026-06-17T10:06:30.000+0800][9.650s][info][gc,metaspace] GC(293) Metaspace: 114K(320K)->114K(320K) NonClass: 107K(192K)->107K(192K) Class: 7K(128K)->7K(128K)
[2026-06-17T10:06:30.003+0800][9.653s][info][gc          ] GC(293) Pause Young (Prepare Mixed) (G1 Evacuation Pause) 47M->38M(64M) 42.833ms
[2026-06-17T10:06:30.006+0800][9.656s][info][gc,cpu      ] GC(293) User=0.00s Sys=0.00s Real=0.05s
[2026-06-17T10:06:30.007+0800][9.657s][info][gc,marking  ] GC(292) Concurrent Cleanup for Next Mark 44.435ms
[2026-06-17T10:06:30.008+0800][9.659s][info][gc          ] GC(292) Concurrent Mark Cycle 91.819ms
[2026-06-17T10:06:30.039+0800][9.689s][info][gc,start    ] GC(294) Pause Young (Mixed) (G1 Evacuation Pause)
[2026-06-17T10:06:30.044+0800][9.695s][info][gc,task     ] GC(294) Using 2 workers of 18 for evacuation
[2026-06-17T10:06:30.053+0800][9.703s][info][gc,phases   ] GC(294)   Pre Evacuate Collection Set: 0.25ms
[2026-06-17T10:06:30.057+0800][9.708s][info][gc,phases   ] GC(294)   Merge Heap Roots: 0.09ms
[2026-06-17T10:06:30.060+0800][9.711s][info][gc,phases   ] GC(294)   Evacuate Collection Set: 0.86ms
[2026-06-17T10:06:30.061+0800][9.711s][info][gc,phases   ] GC(294)   Post Evacuate Collection Set: 0.46ms
[2026-06-17T10:06:30.062+0800][9.713s][info][gc,phases   ] GC(294)   Other: 6.79ms
[2026-06-17T10:06:30.065+0800][9.715s][info][gc,heap     ] GC(294) Eden regions: 14->0(13)
[2026-06-17T10:06:30.067+0800][9.717s][info][gc,heap     ] GC(294) Survivor regions: 2->2(2)
[2026-06-17T10:06:30.067+0800][9.718s][info][gc,heap     ] GC(294) Old regions: 24->24
[2026-06-17T10:06:30.070+0800][9.721s][info][gc,heap     ] GC(294) Humongous regions: 13->13
[2026-06-17T10:06:30.072+0800][9.723s][info][gc,metaspace] GC(294) Metaspace: 114K(320K)->114K(320K) NonClass: 107K(192K)->107K(192K) Class: 7K(128K)->7K(128K)
[2026-06-17T10:06:30.074+0800][9.725s][info][gc          ] GC(294) Pause Young (Mixed) (G1 Evacuation Pause) 52M->38M(64M) 35.668ms
[2026-06-17T10:06:30.075+0800][9.725s][info][gc,cpu      ] GC(294) User=0.00s Sys=0.00s Real=0.04s
[2026-06-17T10:06:30.108+0800][9.759s][info][gc,start    ] GC(295) Pause Young (Concurrent Start) (G1 Evacuation Pause)
[2026-06-17T10:06:30.109+0800][9.760s][info][gc,task     ] GC(295) Using 2 workers of 18 for evacuation
[2026-06-17T10:06:30.112+0800][9.762s][info][gc,phases   ] GC(295)   Pre Evacuate Collection Set: 0.46ms
[2026-06-17T10:06:30.112+0800][9.763s][info][gc,phases   ] GC(295)   Merge Heap Roots: 0.12ms
[2026-06-17T10:06:30.113+0800][9.763s][info][gc,phases   ] GC(295)   Evacuate Collection Set: 0.95ms
[2026-06-17T10:06:30.113+0800][9.763s][info][gc,phases   ] GC(295)   Post Evacuate Collection Set: 0.54ms
[2026-06-17T10:06:30.113+0800][9.764s][info][gc,phases   ] GC(295)   Other: 0.55ms
[2026-06-17T10:06:30.114+0800][9.764s][info][gc,heap     ] GC(295) Eden regions: 13->0(9)
[2026-06-17T10:06:30.114+0800][9.764s][info][gc,heap     ] GC(295) Survivor regions: 2->2(2)
[2026-06-17T10:06:30.114+0800][9.765s][info][gc,heap     ] GC(295) Old regions: 24->29
[2026-06-17T10:06:30.115+0800][9.765s][info][gc,heap     ] GC(295) Humongous regions: 13->13
[2026-06-17T10:06:30.115+0800][9.765s][info][gc,metaspace] GC(295) Metaspace: 114K(320K)->114K(320K) NonClass: 107K(192K)->107K(192K) Class: 7K(128K)->7K(128K)
[2026-06-17T10:06:30.115+0800][9.766s][info][gc          ] GC(295) Pause Young (Concurrent Start) (G1 Evacuation Pause) 51M->43M(64M) 6.853ms
[2026-06-17T10:06:30.116+0800][9.766s][info][gc,cpu      ] GC(295) User=0.00s Sys=0.00s Real=0.01s
[2026-06-17T10:06:30.116+0800][9.766s][info][gc          ] GC(296) Concurrent Mark Cycle
[2026-06-17T10:06:30.116+0800][9.767s][info][gc,marking  ] GC(296) Concurrent Scan Root Regions
[2026-06-17T10:06:30.117+0800][9.767s][info][gc,marking  ] GC(296) Concurrent Scan Root Regions 0.436ms
[2026-06-17T10:06:30.117+0800][9.767s][info][gc,marking  ] GC(296) Concurrent Mark
[2026-06-17T10:06:30.117+0800][9.768s][info][gc,marking  ] GC(296) Concurrent Mark From Roots
[2026-06-17T10:06:30.117+0800][9.768s][info][gc,task     ] GC(296) Using 5 workers of 5 for marking
[2026-06-17T10:06:30.120+0800][9.770s][info][gc,marking  ] GC(296) Concurrent Mark From Roots 2.456ms
[2026-06-17T10:06:30.120+0800][9.770s][info][gc,marking  ] GC(296) Concurrent Preclean
[2026-06-17T10:06:30.120+0800][9.771s][info][gc,marking  ] GC(296) Concurrent Preclean 0.258ms
[2026-06-17T10:06:30.120+0800][9.771s][info][gc,start    ] GC(296) Pause Remark
[2026-06-17T10:06:30.121+0800][9.772s][info][gc          ] GC(296) Pause Remark 43M->43M(64M) 0.783ms
[2026-06-17T10:06:30.121+0800][9.772s][info][gc,cpu      ] GC(296) User=0.00s Sys=0.00s Real=0.00s
[2026-06-17T10:06:30.122+0800][9.772s][info][gc,marking  ] GC(296) Concurrent Mark 4.837ms
[2026-06-17T10:06:30.122+0800][9.772s][info][gc,marking  ] GC(296) Concurrent Rebuild Remembered Sets and Scrub Regions
[2026-06-17T10:06:30.123+0800][9.773s][info][gc,marking  ] GC(296) Concurrent Rebuild Remembered Sets and Scrub Regions 0.781ms
[2026-06-17T10:06:30.123+0800][9.774s][info][gc,start    ] GC(296) Pause Cleanup
[2026-06-17T10:06:30.123+0800][9.774s][info][gc          ] GC(296) Pause Cleanup 43M->43M(64M) 0.248ms
[2026-06-17T10:06:30.123+0800][9.774s][info][gc,cpu      ] GC(296) User=0.00s Sys=0.00s Real=0.00s
[2026-06-17T10:06:30.124+0800][9.774s][info][gc,marking  ] GC(296) Concurrent Clear Claimed Marks
[2026-06-17T10:06:30.124+0800][9.774s][info][gc,marking  ] GC(296) Concurrent Clear Claimed Marks 0.119ms
[2026-06-17T10:06:30.124+0800][9.774s][info][gc,marking  ] GC(296) Concurrent Cleanup for Next Mark
[2026-06-17T10:06:30.124+0800][9.775s][info][gc,marking  ] GC(296) Concurrent Cleanup for Next Mark 0.231ms
[2026-06-17T10:06:30.124+0800][9.775s][info][gc          ] GC(296) Concurrent Mark Cycle 8.696ms
[2026-06-17T10:06:30.148+0800][9.798s][info][gc,start    ] GC(297) Pause Young (Prepare Mixed) (G1 Evacuation Pause)
[2026-06-17T10:06:30.148+0800][9.799s][info][gc,task     ] GC(297) Using 2 workers of 18 for evacuation
[2026-06-17T10:06:30.150+0800][9.800s][info][gc,phases   ] GC(297)   Pre Evacuate Collection Set: 0.24ms
[2026-06-17T10:06:30.150+0800][9.801s][info][gc,phases   ] GC(297)   Merge Heap Roots: 0.10ms
[2026-06-17T10:06:30.151+0800][9.801s][info][gc,phases   ] GC(297)   Evacuate Collection Set: 0.44ms
[2026-06-17T10:06:30.151+0800][9.801s][info][gc,phases   ] GC(297)   Post Evacuate Collection Set: 0.35ms
[2026-06-17T10:06:30.151+0800][9.802s][info][gc,phases   ] GC(297)   Other: 0.50ms
[2026-06-17T10:06:30.152+0800][9.802s][info][gc,heap     ] GC(297) Eden regions: 9->0(9)
[2026-06-17T10:06:30.152+0800][9.802s][info][gc,heap     ] GC(297) Survivor regions: 2->2(2)
[2026-06-17T10:06:30.152+0800][9.803s][info][gc,heap     ] GC(297) Old regions: 29->30
[2026-06-17T10:06:30.152+0800][9.803s][info][gc,heap     ] GC(297) Humongous regions: 13->13
[2026-06-17T10:06:30.153+0800][9.803s][info][gc,metaspace] GC(297) Metaspace: 114K(320K)->114K(320K) NonClass: 107K(192K)->107K(192K) Class: 7K(128K)->7K(128K)
[2026-06-17T10:06:30.153+0800][9.803s][info][gc          ] GC(297) Pause Young (Prepare Mixed) (G1 Evacuation Pause) 52M->44M(64M) 5.354ms
[2026-06-17T10:06:30.153+0800][9.804s][info][gc,cpu      ] GC(297) User=0.00s Sys=0.00s Real=0.01s
[2026-06-17T10:06:30.175+0800][9.825s][info][gc,start    ] GC(298) Pause Young (Mixed) (G1 Evacuation Pause)
[2026-06-17T10:06:30.176+0800][9.826s][info][gc,task     ] GC(298) Using 2 workers of 18 for evacuation
[2026-06-17T10:06:30.178+0800][9.828s][info][gc,phases   ] GC(298)   Pre Evacuate Collection Set: 0.24ms
[2026-06-17T10:06:30.178+0800][9.829s][info][gc,phases   ] GC(298)   Merge Heap Roots: 0.11ms
[2026-06-17T10:06:30.179+0800][9.829s][info][gc,phases   ] GC(298)   Evacuate Collection Set: 0.79ms
[2026-06-17T10:06:30.179+0800][9.830s][info][gc,phases   ] GC(298)   Post Evacuate Collection Set: 0.39ms
[2026-06-17T10:06:30.179+0800][9.830s][info][gc,phases   ] GC(298)   Other: 0.57ms
[2026-06-17T10:06:30.179+0800][9.830s][info][gc,heap     ] GC(298) Eden regions: 9->0(9)
[2026-06-17T10:06:30.180+0800][9.830s][info][gc,heap     ] GC(298) Survivor regions: 2->2(2)
[2026-06-17T10:06:30.180+0800][9.831s][info][gc,heap     ] GC(298) Old regions: 30->29
[2026-06-17T10:06:30.180+0800][9.831s][info][gc,heap     ] GC(298) Humongous regions: 15->15
[2026-06-17T10:06:30.180+0800][9.831s][info][gc,metaspace] GC(298) Metaspace: 114K(320K)->114K(320K) NonClass: 107K(192K)->107K(192K) Class: 7K(128K)->7K(128K)
[2026-06-17T10:06:30.181+0800][9.832s][info][gc          ] GC(298) Pause Young (Mixed) (G1 Evacuation Pause) 55M->45M(64M) 6.315ms
[2026-06-17T10:06:30.182+0800][9.832s][info][gc,cpu      ] GC(298) User=0.01s Sys=0.00s Real=0.00s
[2026-06-17T10:06:30.203+0800][9.854s][info][gc,start    ] GC(299) Pause Young (Concurrent Start) (G1 Evacuation Pause)
[2026-06-17T10:06:30.204+0800][9.854s][info][gc,task     ] GC(299) Using 2 workers of 18 for evacuation
[2026-06-17T10:06:30.206+0800][9.857s][info][gc,phases   ] GC(299)   Pre Evacuate Collection Set: 0.36ms
[2026-06-17T10:06:30.207+0800][9.857s][info][gc,phases   ] GC(299)   Merge Heap Roots: 0.10ms
[2026-06-17T10:06:30.207+0800][9.858s][info][gc,phases   ] GC(299)   Evacuate Collection Set: 0.66ms
[2026-06-17T10:06:30.208+0800][9.858s][info][gc,phases   ] GC(299)   Post Evacuate Collection Set: 0.52ms
[2026-06-17T10:06:30.208+0800][9.859s][info][gc,phases   ] GC(299)   Other: 0.53ms
[2026-06-17T10:06:30.209+0800][9.859s][info][gc,heap     ] GC(299) Eden regions: 9->0(6)
[2026-06-17T10:06:30.209+0800][9.860s][info][gc,heap     ] GC(299) Survivor regions: 2->2(2)
[2026-06-17T10:06:30.210+0800][9.860s][info][gc,heap     ] GC(299) Old regions: 29->32
[2026-06-17T10:06:30.210+0800][9.860s][info][gc,heap     ] GC(299) Humongous regions: 15->15
[2026-06-17T10:06:30.210+0800][9.861s][info][gc,metaspace] GC(299) Metaspace: 114K(320K)->114K(320K) NonClass: 107K(192K)->107K(192K) Class: 7K(128K)->7K(128K)
[2026-06-17T10:06:30.211+0800][9.861s][info][gc          ] GC(299) Pause Young (Concurrent Start) (G1 Evacuation Pause) 54M->48M(64M) 7.267ms
[2026-06-17T10:06:30.211+0800][9.861s][info][gc,cpu      ] GC(299) User=0.00s Sys=0.00s Real=0.01s
[2026-06-17T10:06:30.211+0800][9.861s][info][gc          ] GC(300) Concurrent Mark Cycle
[2026-06-17T10:06:30.212+0800][9.863s][info][gc,marking  ] GC(300) Concurrent Scan Root Regions
[2026-06-17T10:06:30.213+0800][9.863s][info][gc,marking  ] GC(300) Concurrent Scan Root Regions 0.323ms
[2026-06-17T10:06:30.213+0800][9.863s][info][gc,marking  ] GC(300) Concurrent Mark
[2026-06-17T10:06:30.213+0800][9.864s][info][gc,marking  ] GC(300) Concurrent Mark From Roots
[2026-06-17T10:06:30.213+0800][9.864s][info][gc,task     ] GC(300) Using 5 workers of 5 for marking
[2026-06-17T10:06:30.214+0800][9.865s][info][gc,marking  ] GC(300) Concurrent Mark From Roots 1.354ms
[2026-06-17T10:06:30.214+0800][9.865s][info][gc,marking  ] GC(300) Concurrent Preclean
[2026-06-17T10:06:30.215+0800][9.865s][info][gc,marking  ] GC(300) Concurrent Preclean 0.102ms
[2026-06-17T10:06:30.215+0800][9.865s][info][gc,start    ] GC(300) Pause Remark
[2026-06-17T10:06:30.215+0800][9.866s][info][gc          ] GC(300) Pause Remark 49M->43M(64M) 0.379ms
[2026-06-17T10:06:30.216+0800][9.867s][info][gc,cpu      ] GC(300) User=0.00s Sys=0.00s Real=0.00s
[2026-06-17T10:06:30.217+0800][9.867s][info][gc,marking  ] GC(300) Concurrent Mark 3.984ms
[2026-06-17T10:06:30.218+0800][9.869s][info][gc,marking  ] GC(300) Concurrent Rebuild Remembered Sets and Scrub Regions
[2026-06-17T10:06:30.219+0800][9.870s][info][gc,marking  ] GC(300) Concurrent Rebuild Remembered Sets and Scrub Regions 0.647ms
[2026-06-17T10:06:30.219+0800][9.870s][info][gc,start    ] GC(300) Pause Cleanup
[2026-06-17T10:06:30.220+0800][9.870s][info][gc          ] GC(300) Pause Cleanup 43M->43M(64M) 0.301ms
[2026-06-17T10:06:30.220+0800][9.870s][info][gc,cpu      ] GC(300) User=0.00s Sys=0.00s Real=0.00s
[2026-06-17T10:06:30.220+0800][9.870s][info][gc,marking  ] GC(300) Concurrent Clear Claimed Marks
[2026-06-17T10:06:30.220+0800][9.871s][info][gc,marking  ] GC(300) Concurrent Clear Claimed Marks 0.102ms
[2026-06-17T10:06:30.220+0800][9.871s][info][gc,marking  ] GC(300) Concurrent Cleanup for Next Mark
[2026-06-17T10:06:30.220+0800][9.871s][info][gc,marking  ] GC(300) Concurrent Cleanup for Next Mark 0.158ms
[2026-06-17T10:06:30.220+0800][9.871s][info][gc          ] GC(300) Concurrent Mark Cycle 9.365ms
[2026-06-17T10:06:30.233+0800][9.884s][info][gc,start    ] GC(301) Pause Young (Prepare Mixed) (G1 Evacuation Pause)
[2026-06-17T10:06:30.233+0800][9.884s][info][gc,task     ] GC(301) Using 2 workers of 18 for evacuation
[2026-06-17T10:06:30.234+0800][9.885s][info][gc,phases   ] GC(301)   Pre Evacuate Collection Set: 0.08ms
[2026-06-17T10:06:30.234+0800][9.885s][info][gc,phases   ] GC(301)   Merge Heap Roots: 0.06ms
[2026-06-17T10:06:30.234+0800][9.885s][info][gc,phases   ] GC(301)   Evacuate Collection Set: 0.26ms
[2026-06-17T10:06:30.234+0800][9.885s][info][gc,phases   ] GC(301)   Post Evacuate Collection Set: 0.16ms
[2026-06-17T10:06:30.235+0800][9.885s][info][gc,phases   ] GC(301)   Other: 0.19ms
[2026-06-17T10:06:30.235+0800][9.885s][info][gc,heap     ] GC(301) Eden regions: 6->0(9)
[2026-06-17T10:06:30.235+0800][9.885s][info][gc,heap     ] GC(301) Survivor regions: 2->1(1)
[2026-06-17T10:06:30.235+0800][9.885s][info][gc,heap     ] GC(301) Old regions: 26->29
[2026-06-17T10:06:30.236+0800][9.886s][info][gc,heap     ] GC(301) Humongous regions: 15->15
[2026-06-17T10:06:30.236+0800][9.886s][info][gc,metaspace] GC(301) Metaspace: 114K(320K)->114K(320K) NonClass: 107K(192K)->107K(192K) Class: 7K(128K)->7K(128K)
[2026-06-17T10:06:30.236+0800][9.887s][info][gc          ] GC(301) Pause Young (Prepare Mixed) (G1 Evacuation Pause) 48M->44M(64M) 3.024ms
[2026-06-17T10:06:30.236+0800][9.887s][info][gc,cpu      ] GC(301) User=0.00s Sys=0.00s Real=0.00s
[2026-06-17T10:06:30.258+0800][9.908s][info][gc,start    ] GC(302) Pause Young (Mixed) (G1 Evacuation Pause)
[2026-06-17T10:06:30.258+0800][9.909s][info][gc,task     ] GC(302) Using 2 workers of 18 for evacuation
[2026-06-17T10:06:30.259+0800][9.910s][info][gc,phases   ] GC(302)   Pre Evacuate Collection Set: 0.10ms
[2026-06-17T10:06:30.259+0800][9.910s][info][gc,phases   ] GC(302)   Merge Heap Roots: 0.04ms
[2026-06-17T10:06:30.259+0800][9.910s][info][gc,phases   ] GC(302)   Evacuate Collection Set: 0.38ms
[2026-06-17T10:06:30.260+0800][9.910s][info][gc,phases   ] GC(302)   Post Evacuate Collection Set: 0.15ms
[2026-06-17T10:06:30.260+0800][9.911s][info][gc,phases   ] GC(302)   Other: 0.24ms
[2026-06-17T10:06:30.260+0800][9.911s][info][gc,heap     ] GC(302) Eden regions: 9->0(12)
[2026-06-17T10:06:30.260+0800][9.911s][info][gc,heap     ] GC(302) Survivor regions: 1->2(2)
[2026-06-17T10:06:30.261+0800][9.911s][info][gc,heap     ] GC(302) Old regions: 29->26
[2026-06-17T10:06:30.261+0800][9.911s][info][gc,heap     ] GC(302) Humongous regions: 15->15
[2026-06-17T10:06:30.261+0800][9.912s][info][gc,metaspace] GC(302) Metaspace: 114K(320K)->114K(320K) NonClass: 107K(192K)->107K(192K) Class: 7K(128K)->7K(128K)
[2026-06-17T10:06:30.261+0800][9.912s][info][gc          ] GC(302) Pause Young (Mixed) (G1 Evacuation Pause) 53M->42M(64M) 3.513ms
[2026-06-17T10:06:30.262+0800][9.912s][info][gc,cpu      ] GC(302) User=0.01s Sys=0.00s Real=0.00s
[2026-06-17T10:06:30.293+0800][9.944s][info][gc,start    ] GC(303) Pause Young (Mixed) (G1 Evacuation Pause)
[2026-06-17T10:06:30.294+0800][9.944s][info][gc,task     ] GC(303) Using 2 workers of 18 for evacuation
[2026-06-17T10:06:30.295+0800][9.946s][info][gc,phases   ] GC(303)   Pre Evacuate Collection Set: 0.12ms
[2026-06-17T10:06:30.295+0800][9.946s][info][gc,phases   ] GC(303)   Merge Heap Roots: 0.05ms
[2026-06-17T10:06:30.296+0800][9.946s][info][gc,phases   ] GC(303)   Evacuate Collection Set: 0.53ms
[2026-06-17T10:06:30.296+0800][9.946s][info][gc,phases   ] GC(303)   Post Evacuate Collection Set: 0.19ms
[2026-06-17T10:06:30.297+0800][9.947s][info][gc,phases   ] GC(303)   Other: 0.50ms
[2026-06-17T10:06:30.297+0800][9.947s][info][gc,heap     ] GC(303) Eden regions: 12->0(10)
[2026-06-17T10:06:30.297+0800][9.948s][info][gc,heap     ] GC(303) Survivor regions: 2->2(2)
[2026-06-17T10:06:30.297+0800][9.948s][info][gc,heap     ] GC(303) Old regions: 26->27
[2026-06-17T10:06:30.297+0800][9.948s][info][gc,heap     ] GC(303) Humongous regions: 15->15
[2026-06-17T10:06:30.298+0800][9.948s][info][gc,metaspace] GC(303) Metaspace: 114K(320K)->114K(320K) NonClass: 107K(192K)->107K(192K) Class: 7K(128K)->7K(128K)
[2026-06-17T10:06:30.298+0800][9.948s][info][gc          ] GC(303) Pause Young (Mixed) (G1 Evacuation Pause) 54M->43M(64M) 4.406ms
[2026-06-17T10:06:30.298+0800][9.948s][info][gc,cpu      ] GC(303) User=0.00s Sys=0.00s Real=0.00s
[2026-06-17T10:06:30.329+0800][9.980s][info][gc,start    ] GC(304) Pause Young (Concurrent Start) (G1 Evacuation Pause)
[2026-06-17T10:06:30.330+0800][9.980s][info][gc,task     ] GC(304) Using 2 workers of 18 for evacuation
[2026-06-17T10:06:30.331+0800][9.981s][info][gc,phases   ] GC(304)   Pre Evacuate Collection Set: 0.19ms
[2026-06-17T10:06:30.331+0800][9.982s][info][gc,phases   ] GC(304)   Merge Heap Roots: 0.04ms
[2026-06-17T10:06:30.331+0800][9.982s][info][gc,phases   ] GC(304)   Evacuate Collection Set: 0.40ms
[2026-06-17T10:06:30.331+0800][9.982s][info][gc,phases   ] GC(304)   Post Evacuate Collection Set: 0.16ms
[2026-06-17T10:06:30.331+0800][9.982s][info][gc,phases   ] GC(304)   Other: 0.24ms
[2026-06-17T10:06:30.332+0800][9.982s][info][gc,heap     ] GC(304) Eden regions: 10->0(8)
[2026-06-17T10:06:30.332+0800][9.982s][info][gc,heap     ] GC(304) Survivor regions: 2->2(2)
[2026-06-17T10:06:30.332+0800][9.982s][info][gc,heap     ] GC(304) Old regions: 27->30
[2026-06-17T10:06:30.332+0800][9.983s][info][gc,heap     ] GC(304) Humongous regions: 15->15
[2026-06-17T10:06:30.332+0800][9.983s][info][gc,metaspace] GC(304) Metaspace: 114K(320K)->114K(320K) NonClass: 107K(192K)->107K(192K) Class: 7K(128K)->7K(128K)
[2026-06-17T10:06:30.332+0800][9.983s][info][gc          ] GC(304) Pause Young (Concurrent Start) (G1 Evacuation Pause) 53M->46M(64M) 2.925ms
[2026-06-17T10:06:30.333+0800][9.983s][info][gc,cpu      ] GC(304) User=0.00s Sys=0.00s Real=0.01s
[2026-06-17T10:06:30.333+0800][9.983s][info][gc          ] GC(305) Concurrent Mark Cycle
[2026-06-17T10:06:30.333+0800][9.983s][info][gc,marking  ] GC(305) Concurrent Scan Root Regions
[2026-06-17T10:06:30.333+0800][9.984s][info][gc,marking  ] GC(305) Concurrent Scan Root Regions 0.176ms
[2026-06-17T10:06:30.333+0800][9.984s][info][gc,marking  ] GC(305) Concurrent Mark
[2026-06-17T10:06:30.333+0800][9.984s][info][gc,marking  ] GC(305) Concurrent Mark From Roots
[2026-06-17T10:06:30.334+0800][9.984s][info][gc,task     ] GC(305) Using 5 workers of 5 for marking
[2026-06-17T10:06:30.335+0800][9.985s][info][gc,marking  ] GC(305) Concurrent Mark From Roots 1.386ms
[2026-06-17T10:06:30.335+0800][9.986s][info][gc,marking  ] GC(305) Concurrent Preclean
[2026-06-17T10:06:30.335+0800][9.986s][info][gc,marking  ] GC(305) Concurrent Preclean 0.151ms
[2026-06-17T10:06:30.335+0800][9.986s][info][gc,start    ] GC(305) Pause Remark
[2026-06-17T10:06:30.336+0800][9.986s][info][gc          ] GC(305) Pause Remark 50M->49M(64M) 0.357ms
[2026-06-17T10:06:30.336+0800][9.986s][info][gc,cpu      ] GC(305) User=0.01s Sys=0.00s Real=0.00s
[2026-06-17T10:06:30.336+0800][9.987s][info][gc,marking  ] GC(305) Concurrent Mark 2.834ms
[2026-06-17T10:06:30.336+0800][9.987s][info][gc,marking  ] GC(305) Concurrent Rebuild Remembered Sets and Scrub Regions
[2026-06-17T10:06:30.337+0800][9.987s][info][gc,marking  ] GC(305) Concurrent Rebuild Remembered Sets and Scrub Regions 0.474ms
[2026-06-17T10:06:30.337+0800][9.987s][info][gc,start    ] GC(305) Pause Cleanup
[2026-06-17T10:06:30.337+0800][9.987s][info][gc          ] GC(305) Pause Cleanup 49M->49M(64M) 0.104ms
[2026-06-17T10:06:30.337+0800][9.987s][info][gc,cpu      ] GC(305) User=0.00s Sys=0.00s Real=0.00s
[2026-06-17T10:06:30.337+0800][9.988s][info][gc,marking  ] GC(305) Concurrent Clear Claimed Marks
[2026-06-17T10:06:30.337+0800][9.988s][info][gc,marking  ] GC(305) Concurrent Clear Claimed Marks 0.071ms
[2026-06-17T10:06:30.337+0800][9.988s][info][gc,marking  ] GC(305) Concurrent Cleanup for Next Mark
[2026-06-17T10:06:30.337+0800][9.988s][info][gc,marking  ] GC(305) Concurrent Cleanup for Next Mark 0.157ms
[2026-06-17T10:06:30.337+0800][9.988s][info][gc          ] GC(305) Concurrent Mark Cycle 4.921ms
[2026-06-17T10:06:30.354+0800][10.004s][info][gc,start    ] GC(306) Pause Young (Prepare Mixed) (G1 Evacuation Pause)
[2026-06-17T10:06:30.354+0800][10.005s][info][gc,task     ] GC(306) Using 2 workers of 18 for evacuation
[2026-06-17T10:06:30.355+0800][10.005s][info][gc,phases   ] GC(306)   Pre Evacuate Collection Set: 0.11ms
[2026-06-17T10:06:30.355+0800][10.006s][info][gc,phases   ] GC(306)   Merge Heap Roots: 0.05ms
[2026-06-17T10:06:30.355+0800][10.006s][info][gc,phases   ] GC(306)   Evacuate Collection Set: 0.28ms
[2026-06-17T10:06:30.355+0800][10.006s][info][gc,phases   ] GC(306)   Post Evacuate Collection Set: 0.15ms
[2026-06-17T10:06:30.355+0800][10.006s][info][gc,phases   ] GC(306)   Other: 0.23ms
[2026-06-17T10:06:30.356+0800][10.006s][info][gc,heap     ] GC(306) Eden regions: 8->0(8)
[2026-06-17T10:06:30.356+0800][10.006s][info][gc,heap     ] GC(306) Survivor regions: 2->2(2)
[2026-06-17T10:06:30.356+0800][10.006s][info][gc,heap     ] GC(306) Old regions: 29->30
[2026-06-17T10:06:30.357+0800][10.007s][info][gc,heap     ] GC(306) Humongous regions: 15->15
[2026-06-17T10:06:30.358+0800][10.008s][info][gc,metaspace] GC(306) Metaspace: 114K(320K)->114K(320K) NonClass: 107K(192K)->107K(192K) Class: 7K(128K)->7K(128K)
[2026-06-17T10:06:30.358+0800][10.009s][info][gc          ] GC(306) Pause Young (Prepare Mixed) (G1 Evacuation Pause) 53M->46M(64M) 4.312ms
[2026-06-17T10:06:30.358+0800][10.009s][info][gc,cpu      ] GC(306) User=0.00s Sys=0.00s Real=0.00s
[2026-06-17T10:06:30.369+0800][10.020s][info][gc,start    ] GC(307) Pause Young (Mixed) (G1 Evacuation Pause)
[2026-06-17T10:06:30.369+0800][10.020s][info][gc,task     ] GC(307) Using 2 workers of 18 for evacuation
[2026-06-17T10:06:30.371+0800][10.021s][info][gc,phases   ] GC(307)   Pre Evacuate Collection Set: 0.11ms
[2026-06-17T10:06:30.371+0800][10.022s][info][gc,phases   ] GC(307)   Merge Heap Roots: 0.05ms
[2026-06-17T10:06:30.371+0800][10.022s][info][gc,phases   ] GC(307)   Evacuate Collection Set: 0.41ms
[2026-06-17T10:06:30.371+0800][10.022s][info][gc,phases   ] GC(307)   Post Evacuate Collection Set: 0.16ms
[2026-06-17T10:06:30.372+0800][10.022s][info][gc,phases   ] GC(307)   Other: 0.57ms
[2026-06-17T10:06:30.372+0800][10.022s][info][gc,heap     ] GC(307) Eden regions: 8->0(10)
[2026-06-17T10:06:30.372+0800][10.022s][info][gc,heap     ] GC(307) Survivor regions: 2->2(2)
[2026-06-17T10:06:30.372+0800][10.022s][info][gc,heap     ] GC(307) Old regions: 30->28
[2026-06-17T10:06:30.372+0800][10.023s][info][gc,heap     ] GC(307) Humongous regions: 15->15
[2026-06-17T10:06:30.372+0800][10.023s][info][gc,metaspace] GC(307) Metaspace: 114K(320K)->114K(320K) NonClass: 107K(192K)->107K(192K) Class: 7K(128K)->7K(128K)
[2026-06-17T10:06:30.372+0800][10.023s][info][gc          ] GC(307) Pause Young (Mixed) (G1 Evacuation Pause) 54M->43M(64M) 3.188ms
[2026-06-17T10:06:30.373+0800][10.023s][info][gc,cpu      ] GC(307) User=0.00s Sys=0.00s Real=0.01s
[2026-06-17T10:06:30.404+0800][10.055s][info][gc,start    ] GC(308) Pause Young (Mixed) (G1 Evacuation Pause)
[2026-06-17T10:06:30.405+0800][10.055s][info][gc,task     ] GC(308) Using 2 workers of 18 for evacuation
[2026-06-17T10:06:30.406+0800][10.057s][info][gc,phases   ] GC(308)   Pre Evacuate Collection Set: 0.13ms
[2026-06-17T10:06:30.406+0800][10.057s][info][gc,phases   ] GC(308)   Merge Heap Roots: 0.04ms
[2026-06-17T10:06:30.407+0800][10.057s][info][gc,phases   ] GC(308)   Evacuate Collection Set: 0.49ms
[2026-06-17T10:06:30.407+0800][10.057s][info][gc,phases   ] GC(308)   Post Evacuate Collection Set: 0.21ms
[2026-06-17T10:06:30.407+0800][10.058s][info][gc,phases   ] GC(308)   Other: 0.26ms
[2026-06-17T10:06:30.408+0800][10.058s][info][gc,heap     ] GC(308) Eden regions: 10->0(9)
[2026-06-17T10:06:30.408+0800][10.058s][info][gc,heap     ] GC(308) Survivor regions: 2->2(2)
[2026-06-17T10:06:30.408+0800][10.058s][info][gc,heap     ] GC(308) Old regions: 28->29
[2026-06-17T10:06:30.408+0800][10.059s][info][gc,heap     ] GC(308) Humongous regions: 16->16
[2026-06-17T10:06:30.408+0800][10.059s][info][gc,metaspace] GC(308) Metaspace: 114K(320K)->114K(320K) NonClass: 107K(192K)->107K(192K) Class: 7K(128K)->7K(128K)
[2026-06-17T10:06:30.408+0800][10.059s][info][gc          ] GC(308) Pause Young (Mixed) (G1 Evacuation Pause) 54M->46M(64M) 3.817ms
[2026-06-17T10:06:30.408+0800][10.059s][info][gc,cpu      ] GC(308) User=0.00s Sys=0.00s Real=0.00s
[2026-06-17T10:06:30.430+0800][10.080s][info][gc,start    ] GC(309) Pause Young (Concurrent Start) (G1 Evacuation Pause)
[2026-06-17T10:06:30.430+0800][10.080s][info][gc,task     ] GC(309) Using 2 workers of 18 for evacuation
[2026-06-17T10:06:30.431+0800][10.082s][info][gc,phases   ] GC(309)   Pre Evacuate Collection Set: 0.26ms
[2026-06-17T10:06:30.432+0800][10.082s][info][gc,phases   ] GC(309)   Merge Heap Roots: 0.05ms
[2026-06-17T10:06:30.432+0800][10.083s][info][gc,phases   ] GC(309)   Evacuate Collection Set: 0.55ms
[2026-06-17T10:06:30.432+0800][10.083s][info][gc,phases   ] GC(309)   Post Evacuate Collection Set: 0.20ms
[2026-06-17T10:06:30.432+0800][10.083s][info][gc,phases   ] GC(309)   Other: 0.43ms
[2026-06-17T10:06:30.433+0800][10.083s][info][gc,heap     ] GC(309) Eden regions: 9->0(5)
[2026-06-17T10:06:30.433+0800][10.083s][info][gc,heap     ] GC(309) Survivor regions: 2->2(2)
[2026-06-17T10:06:30.433+0800][10.083s][info][gc,heap     ] GC(309) Old regions: 29->33
[2026-06-17T10:06:30.433+0800][10.084s][info][gc,heap     ] GC(309) Humongous regions: 16->16
[2026-06-17T10:06:30.433+0800][10.084s][info][gc,metaspace] GC(309) Metaspace: 114K(320K)->114K(320K) NonClass: 107K(192K)->107K(192K) Class: 7K(128K)->7K(128K)
[2026-06-17T10:06:30.433+0800][10.084s][info][gc          ] GC(309) Pause Young (Concurrent Start) (G1 Evacuation Pause) 55M->50M(64M) 3.852ms
[2026-06-17T10:06:30.434+0800][10.084s][info][gc,cpu      ] GC(309) User=0.00s Sys=0.00s Real=0.01s
[2026-06-17T10:06:30.434+0800][10.084s][info][gc          ] GC(310) Concurrent Mark Cycle
[2026-06-17T10:06:30.434+0800][10.085s][info][gc,marking  ] GC(310) Concurrent Scan Root Regions
[2026-06-17T10:06:30.434+0800][10.085s][info][gc,marking  ] GC(310) Concurrent Scan Root Regions 0.197ms
[2026-06-17T10:06:30.434+0800][10.085s][info][gc,marking  ] GC(310) Concurrent Mark
[2026-06-17T10:06:30.434+0800][10.085s][info][gc,marking  ] GC(310) Concurrent Mark From Roots
[2026-06-17T10:06:30.434+0800][10.085s][info][gc,task     ] GC(310) Using 5 workers of 5 for marking
[2026-06-17T10:06:30.436+0800][10.086s][info][gc,marking  ] GC(310) Concurrent Mark From Roots 1.196ms
[2026-06-17T10:06:30.436+0800][10.086s][info][gc,marking  ] GC(310) Concurrent Preclean
[2026-06-17T10:06:30.436+0800][10.086s][info][gc,marking  ] GC(310) Concurrent Preclean 0.116ms
[2026-06-17T10:06:30.436+0800][10.086s][info][gc,start    ] GC(310) Pause Remark
[2026-06-17T10:06:30.436+0800][10.087s][info][gc          ] GC(310) Pause Remark 51M->45M(64M) 0.451ms
[2026-06-17T10:06:30.437+0800][10.087s][info][gc,cpu      ] GC(310) User=0.00s Sys=0.00s Real=0.00s
[2026-06-17T10:06:30.437+0800][10.087s][info][gc,marking  ] GC(310) Concurrent Mark 2.423ms
[2026-06-17T10:06:30.437+0800][10.087s][info][gc,marking  ] GC(310) Concurrent Rebuild Remembered Sets and Scrub Regions
[2026-06-17T10:06:30.437+0800][10.088s][info][gc,marking  ] GC(310) Concurrent Rebuild Remembered Sets and Scrub Regions 0.414ms
[2026-06-17T10:06:30.437+0800][10.088s][info][gc,start    ] GC(310) Pause Cleanup
[2026-06-17T10:06:30.437+0800][10.088s][info][gc          ] GC(310) Pause Cleanup 45M->45M(64M) 0.122ms
[2026-06-17T10:06:30.438+0800][10.088s][info][gc,cpu      ] GC(310) User=0.00s Sys=0.00s Real=0.00s
[2026-06-17T10:06:30.438+0800][10.088s][info][gc,marking  ] GC(310) Concurrent Clear Claimed Marks
[2026-06-17T10:06:30.438+0800][10.088s][info][gc,marking  ] GC(310) Concurrent Clear Claimed Marks 0.108ms
[2026-06-17T10:06:30.438+0800][10.088s][info][gc,marking  ] GC(310) Concurrent Cleanup for Next Mark
[2026-06-17T10:06:30.438+0800][10.089s][info][gc,marking  ] GC(310) Concurrent Cleanup for Next Mark 0.174ms
[2026-06-17T10:06:30.438+0800][10.089s][info][gc          ] GC(310) Concurrent Mark Cycle 4.621ms
[2026-06-17T10:06:30.444+0800][10.095s][info][gc,start    ] GC(311) Pause Young (Prepare Mixed) (G1 Evacuation Pause)
[2026-06-17T10:06:30.445+0800][10.095s][info][gc,task     ] GC(311) Using 2 workers of 18 for evacuation
[2026-06-17T10:06:30.445+0800][10.096s][info][gc,phases   ] GC(311)   Pre Evacuate Collection Set: 0.10ms
[2026-06-17T10:06:30.445+0800][10.096s][info][gc,phases   ] GC(311)   Merge Heap Roots: 0.05ms
[2026-06-17T10:06:30.446+0800][10.096s][info][gc,phases   ] GC(311)   Evacuate Collection Set: 0.15ms
[2026-06-17T10:06:30.446+0800][10.096s][info][gc,phases   ] GC(311)   Post Evacuate Collection Set: 0.13ms
[2026-06-17T10:06:30.446+0800][10.096s][info][gc,phases   ] GC(311)   Other: 0.25ms
[2026-06-17T10:06:30.446+0800][10.097s][info][gc,heap     ] GC(311) Eden regions: 5->0(10)
[2026-06-17T10:06:30.446+0800][10.097s][info][gc,heap     ] GC(311) Survivor regions: 2->1(1)
[2026-06-17T10:06:30.446+0800][10.097s][info][gc,heap     ] GC(311) Old regions: 27->28
[2026-06-17T10:06:30.446+0800][10.097s][info][gc,heap     ] GC(311) Humongous regions: 16->16
[2026-06-17T10:06:30.446+0800][10.097s][info][gc,metaspace] GC(311) Metaspace: 114K(320K)->114K(320K) NonClass: 107K(192K)->107K(192K) Class: 7K(128K)->7K(128K)
[2026-06-17T10:06:30.446+0800][10.097s][info][gc          ] GC(311) Pause Young (Prepare Mixed) (G1 Evacuation Pause) 49M->44M(64M) 2.169ms
[2026-06-17T10:06:30.448+0800][10.098s][info][gc,cpu      ] GC(311) User=0.01s Sys=0.00s Real=0.00s
[2026-06-17T10:06:30.479+0800][10.130s][info][gc,start    ] GC(312) Pause Young (Mixed) (G1 Evacuation Pause)
[2026-06-17T10:06:30.480+0800][10.130s][info][gc,task     ] GC(312) Using 2 workers of 18 for evacuation
[2026-06-17T10:06:30.481+0800][10.132s][info][gc,phases   ] GC(312)   Pre Evacuate Collection Set: 0.17ms
[2026-06-17T10:06:30.482+0800][10.132s][info][gc,phases   ] GC(312)   Merge Heap Roots: 0.07ms
[2026-06-17T10:06:30.482+0800][10.132s][info][gc,phases   ] GC(312)   Evacuate Collection Set: 0.61ms
[2026-06-17T10:06:30.482+0800][10.133s][info][gc,phases   ] GC(312)   Post Evacuate Collection Set: 0.28ms
[2026-06-17T10:06:30.482+0800][10.133s][info][gc,phases   ] GC(312)   Other: 0.46ms
[2026-06-17T10:06:30.482+0800][10.133s][info][gc,heap     ] GC(312) Eden regions: 10->0(10)
[2026-06-17T10:06:30.483+0800][10.133s][info][gc,heap     ] GC(312) Survivor regions: 1->2(2)
[2026-06-17T10:06:30.483+0800][10.133s][info][gc,heap     ] GC(312) Old regions: 28->26
[2026-06-17T10:06:30.483+0800][10.133s][info][gc,heap     ] GC(312) Humongous regions: 16->16
[2026-06-17T10:06:30.483+0800][10.134s][info][gc,metaspace] GC(312) Metaspace: 114K(320K)->114K(320K) NonClass: 107K(192K)->107K(192K) Class: 7K(128K)->7K(128K)
[2026-06-17T10:06:30.483+0800][10.134s][info][gc          ] GC(312) Pause Young (Mixed) (G1 Evacuation Pause) 54M->43M(64M) 4.257ms
[2026-06-17T10:06:30.484+0800][10.134s][info][gc,cpu      ] GC(312) User=0.00s Sys=0.00s Real=0.01s
[2026-06-17T10:06:30.505+0800][10.156s][info][gc,start    ] GC(313) Pause Young (Mixed) (G1 Evacuation Pause)
[2026-06-17T10:06:30.506+0800][10.156s][info][gc,task     ] GC(313) Using 2 workers of 18 for evacuation
[2026-06-17T10:06:30.507+0800][10.158s][info][gc,phases   ] GC(313)   Pre Evacuate Collection Set: 0.19ms
[2026-06-17T10:06:30.507+0800][10.158s][info][gc,phases   ] GC(313)   Merge Heap Roots: 0.04ms
[2026-06-17T10:06:30.508+0800][10.158s][info][gc,phases   ] GC(313)   Evacuate Collection Set: 0.62ms
[2026-06-17T10:06:30.508+0800][10.158s][info][gc,phases   ] GC(313)   Post Evacuate Collection Set: 0.25ms
[2026-06-17T10:06:30.508+0800][10.159s][info][gc,phases   ] GC(313)   Other: 0.34ms
[2026-06-17T10:06:30.508+0800][10.159s][info][gc,heap     ] GC(313) Eden regions: 10->0(7)
[2026-06-17T10:06:30.509+0800][10.159s][info][gc,heap     ] GC(313) Survivor regions: 2->2(2)
[2026-06-17T10:06:30.509+0800][10.159s][info][gc,heap     ] GC(313) Old regions: 26->30
[2026-06-17T10:06:30.509+0800][10.159s][info][gc,heap     ] GC(313) Humongous regions: 16->16
[2026-06-17T10:06:30.509+0800][10.160s][info][gc,metaspace] GC(313) Metaspace: 114K(320K)->114K(320K) NonClass: 107K(192K)->107K(192K) Class: 7K(128K)->7K(128K)
[2026-06-17T10:06:30.509+0800][10.160s][info][gc          ] GC(313) Pause Young (Mixed) (G1 Evacuation Pause) 53M->47M(64M) 4.144ms
[2026-06-17T10:06:30.510+0800][10.160s][info][gc,cpu      ] GC(313) User=0.00s Sys=0.00s Real=0.00s
[2026-06-17T10:06:30.531+0800][10.181s][info][gc,start    ] GC(314) Pause Young (Concurrent Start) (G1 Evacuation Pause)
[2026-06-17T10:06:30.532+0800][10.182s][info][gc,task     ] GC(314) Using 2 workers of 18 for evacuation
[2026-06-17T10:06:30.534+0800][10.184s][info][gc,phases   ] GC(314)   Pre Evacuate Collection Set: 0.50ms
[2026-06-17T10:06:30.534+0800][10.185s][info][gc,phases   ] GC(314)   Merge Heap Roots: 0.13ms
[2026-06-17T10:06:30.535+0800][10.185s][info][gc,phases   ] GC(314)   Evacuate Collection Set: 0.67ms
[2026-06-17T10:06:30.535+0800][10.186s][info][gc,phases   ] GC(314)   Post Evacuate Collection Set: 0.40ms
[2026-06-17T10:06:30.535+0800][10.186s][info][gc,phases   ] GC(314)   Other: 0.54ms
[2026-06-17T10:06:30.536+0800][10.186s][info][gc,heap     ] GC(314) Eden regions: 7->0(6)
[2026-06-17T10:06:30.536+0800][10.186s][info][gc,heap     ] GC(314) Survivor regions: 2->2(2)
[2026-06-17T10:06:30.536+0800][10.187s][info][gc,heap     ] GC(314) Old regions: 30->33
[2026-06-17T10:06:30.537+0800][10.187s][info][gc,heap     ] GC(314) Humongous regions: 16->16
[2026-06-17T10:06:30.537+0800][10.188s][info][gc,metaspace] GC(314) Metaspace: 114K(320K)->114K(320K) NonClass: 107K(192K)->107K(192K) Class: 7K(128K)->7K(128K)
[2026-06-17T10:06:30.537+0800][10.188s][info][gc          ] GC(314) Pause Young (Concurrent Start) (G1 Evacuation Pause) 54M->50M(64M) 6.347ms
[2026-06-17T10:06:30.538+0800][10.188s][info][gc,cpu      ] GC(314) User=0.00s Sys=0.00s Real=0.00s
[2026-06-17T10:06:30.538+0800][10.188s][info][gc          ] GC(315) Concurrent Mark Cycle
[2026-06-17T10:06:30.538+0800][10.189s][info][gc,marking  ] GC(315) Concurrent Scan Root Regions
[2026-06-17T10:06:30.539+0800][10.189s][info][gc,marking  ] GC(315) Concurrent Scan Root Regions 0.519ms
[2026-06-17T10:06:30.539+0800][10.190s][info][gc,marking  ] GC(315) Concurrent Mark
[2026-06-17T10:06:30.539+0800][10.190s][info][gc,marking  ] GC(315) Concurrent Mark From Roots
[2026-06-17T10:06:30.540+0800][10.190s][info][gc,task     ] GC(315) Using 5 workers of 5 for marking
[2026-06-17T10:06:30.542+0800][10.193s][info][gc,marking  ] GC(315) Concurrent Mark From Roots 2.553ms
[2026-06-17T10:06:30.542+0800][10.193s][info][gc,marking  ] GC(315) Concurrent Preclean
[2026-06-17T10:06:30.543+0800][10.193s][info][gc,marking  ] GC(315) Concurrent Preclean 0.257ms
[2026-06-17T10:06:30.543+0800][10.193s][info][gc,start    ] GC(315) Pause Remark
[2026-06-17T10:06:30.544+0800][10.194s][info][gc          ] GC(315) Pause Remark 52M->44M(64M) 0.768ms
[2026-06-17T10:06:30.544+0800][10.195s][info][gc,cpu      ] GC(315) User=0.00s Sys=0.00s Real=0.00s
[2026-06-17T10:06:30.544+0800][10.195s][info][gc,marking  ] GC(315) Concurrent Mark 5.064ms
[2026-06-17T10:06:30.545+0800][10.195s][info][gc,marking  ] GC(315) Concurrent Rebuild Remembered Sets and Scrub Regions
[2026-06-17T10:06:30.545+0800][10.196s][info][gc,marking  ] GC(315) Concurrent Rebuild Remembered Sets and Scrub Regions 0.894ms
[2026-06-17T10:06:30.546+0800][10.196s][info][gc,start    ] GC(315) Pause Cleanup
[2026-06-17T10:06:30.546+0800][10.196s][info][gc          ] GC(315) Pause Cleanup 44M->44M(64M) 0.198ms
[2026-06-17T10:06:30.546+0800][10.197s][info][gc,cpu      ] GC(315) User=0.00s Sys=0.00s Real=0.00s
[2026-06-17T10:06:30.546+0800][10.197s][info][gc,marking  ] GC(315) Concurrent Clear Claimed Marks
[2026-06-17T10:06:30.547+0800][10.197s][info][gc,marking  ] GC(315) Concurrent Clear Claimed Marks 0.309ms
[2026-06-17T10:06:30.547+0800][10.197s][info][gc,marking  ] GC(315) Concurrent Cleanup for Next Mark
[2026-06-17T10:06:30.547+0800][10.198s][info][gc,marking  ] GC(315) Concurrent Cleanup for Next Mark 0.322ms
[2026-06-17T10:06:30.547+0800][10.198s][info][gc          ] GC(315) Concurrent Mark Cycle 9.722ms
[2026-06-17T10:06:30.559+0800][10.210s][info][gc,start    ] GC(316) Pause Young (Prepare Mixed) (G1 Evacuation Pause)
[2026-06-17T10:06:30.559+0800][10.210s][info][gc,task     ] GC(316) Using 2 workers of 18 for evacuation
[2026-06-17T10:06:30.560+0800][10.211s][info][gc,phases   ] GC(316)   Pre Evacuate Collection Set: 0.14ms
[2026-06-17T10:06:30.561+0800][10.211s][info][gc,phases   ] GC(316)   Merge Heap Roots: 0.07ms
[2026-06-17T10:06:30.561+0800][10.212s][info][gc,phases   ] GC(316)   Evacuate Collection Set: 0.22ms
[2026-06-17T10:06:30.561+0800][10.212s][info][gc,phases   ] GC(316)   Post Evacuate Collection Set: 0.26ms
[2026-06-17T10:06:30.561+0800][10.212s][info][gc,phases   ] GC(316)   Other: 0.40ms
[2026-06-17T10:06:30.562+0800][10.212s][info][gc,heap     ] GC(316) Eden regions: 6->0(11)
[2026-06-17T10:06:30.562+0800][10.212s][info][gc,heap     ] GC(316) Survivor regions: 2->1(1)
[2026-06-17T10:06:30.562+0800][10.212s][info][gc,heap     ] GC(316) Old regions: 25->26
[2026-06-17T10:06:30.562+0800][10.213s][info][gc,heap     ] GC(316) Humongous regions: 16->16
[2026-06-17T10:06:30.562+0800][10.213s][info][gc,metaspace] GC(316) Metaspace: 114K(320K)->114K(320K) NonClass: 107K(192K)->107K(192K) Class: 7K(128K)->7K(128K)
[2026-06-17T10:06:30.562+0800][10.213s][info][gc          ] GC(316) Pause Young (Prepare Mixed) (G1 Evacuation Pause) 48M->41M(64M) 3.482ms
[2026-06-17T10:06:30.563+0800][10.213s][info][gc,cpu      ] GC(316) User=0.00s Sys=0.00s Real=0.01s
[2026-06-17T10:06:30.595+0800][10.245s][info][gc,start    ] GC(317) Pause Young (Mixed) (G1 Evacuation Pause)
[2026-06-17T10:06:30.596+0800][10.246s][info][gc,task     ] GC(317) Using 2 workers of 18 for evacuation
[2026-06-17T10:06:30.598+0800][10.248s][info][gc,phases   ] GC(317)   Pre Evacuate Collection Set: 0.36ms
[2026-06-17T10:06:30.598+0800][10.249s][info][gc,phases   ] GC(317)   Merge Heap Roots: 0.11ms
[2026-06-17T10:06:30.599+0800][10.249s][info][gc,phases   ] GC(317)   Evacuate Collection Set: 0.62ms
[2026-06-17T10:06:30.599+0800][10.250s][info][gc,phases   ] GC(317)   Post Evacuate Collection Set: 0.58ms
[2026-06-17T10:06:30.599+0800][10.250s][info][gc,phases   ] GC(317)   Other: 0.61ms
[2026-06-17T10:06:30.600+0800][10.250s][info][gc,heap     ] GC(317) Eden regions: 11->0(20)
[2026-06-17T10:06:30.600+0800][10.251s][info][gc,heap     ] GC(317) Survivor regions: 1->2(2)
[2026-06-17T10:06:30.601+0800][10.251s][info][gc,heap     ] GC(317) Old regions: 26->21
[2026-06-17T10:06:30.601+0800][10.251s][info][gc,heap     ] GC(317) Humongous regions: 18->10
[2026-06-17T10:06:30.601+0800][10.252s][info][gc,metaspace] GC(317) Metaspace: 114K(320K)->114K(320K) NonClass: 107K(192K)->107K(192K) Class: 7K(128K)->7K(128K)
[2026-06-17T10:06:30.602+0800][10.252s][info][gc          ] GC(317) Pause Young (Mixed) (G1 Evacuation Pause) 54M->32M(64M) 6.808ms
[2026-06-17T10:06:30.602+0800][10.253s][info][gc,cpu      ] GC(317) User=0.01s Sys=0.00s Real=0.00s
[2026-06-17T10:06:30.646+0800][10.297s][info][gc,start    ] GC(318) Pause Young (Mixed) (G1 Evacuation Pause)
[2026-06-17T10:06:30.647+0800][10.297s][info][gc,task     ] GC(318) Using 2 workers of 18 for evacuation
[2026-06-17T10:06:30.651+0800][10.302s][info][gc,phases   ] GC(318)   Pre Evacuate Collection Set: 0.38ms
[2026-06-17T10:06:30.652+0800][10.302s][info][gc,phases   ] GC(318)   Merge Heap Roots: 0.15ms
[2026-06-17T10:06:30.652+0800][10.303s][info][gc,phases   ] GC(318)   Evacuate Collection Set: 1.40ms
[2026-06-17T10:06:30.653+0800][10.303s][info][gc,phases   ] GC(318)   Post Evacuate Collection Set: 0.81ms
[2026-06-17T10:06:30.653+0800][10.303s][info][gc,phases   ] GC(318)   Other: 1.45ms
[2026-06-17T10:06:30.653+0800][10.304s][info][gc,heap     ] GC(318) Eden regions: 20->0(15)
[2026-06-17T10:06:30.654+0800][10.304s][info][gc,heap     ] GC(318) Survivor regions: 2->3(3)
[2026-06-17T10:06:30.654+0800][10.305s][info][gc,heap     ] GC(318) Old regions: 21->24
[2026-06-17T10:06:30.655+0800][10.305s][info][gc,heap     ] GC(318) Humongous regions: 10->10
[2026-06-17T10:06:30.655+0800][10.306s][info][gc,metaspace] GC(318) Metaspace: 114K(320K)->114K(320K) NonClass: 107K(192K)->107K(192K) Class: 7K(128K)->7K(128K)
[2026-06-17T10:06:30.655+0800][10.306s][info][gc          ] GC(318) Pause Young (Mixed) (G1 Evacuation Pause) (Evacuation Failure: Allocation) 52M->37M(64M) 9.317ms
[2026-06-17T10:06:30.656+0800][10.306s][info][gc,cpu      ] GC(318) User=0.00s Sys=0.00s Real=0.01s
[2026-06-17T10:06:30.700+0800][10.351s][info][gc,start    ] GC(319) Pause Young (Normal) (G1 Evacuation Pause)
[2026-06-17T10:06:30.701+0800][10.352s][info][gc,task     ] GC(319) Using 2 workers of 18 for evacuation
[2026-06-17T10:06:30.705+0800][10.356s][info][gc,phases   ] GC(319)   Pre Evacuate Collection Set: 0.49ms
[2026-06-17T10:06:30.706+0800][10.357s][info][gc,phases   ] GC(319)   Merge Heap Roots: 0.21ms
[2026-06-17T10:06:30.707+0800][10.357s][info][gc,phases   ] GC(319)   Evacuate Collection Set: 1.10ms
[2026-06-17T10:06:30.707+0800][10.358s][info][gc,phases   ] GC(319)   Post Evacuate Collection Set: 0.94ms
[2026-06-17T10:06:30.708+0800][10.359s][info][gc,phases   ] GC(319)   Other: 1.45ms
[2026-06-17T10:06:30.709+0800][10.359s][info][gc,heap     ] GC(319) Eden regions: 15->0(12)
[2026-06-17T10:06:30.709+0800][10.360s][info][gc,heap     ] GC(319) Survivor regions: 3->3(3)
[2026-06-17T10:06:30.710+0800][10.360s][info][gc,heap     ] GC(319) Old regions: 24->27
[2026-06-17T10:06:30.710+0800][10.361s][info][gc,heap     ] GC(319) Humongous regions: 10->10
[2026-06-17T10:06:30.711+0800][10.361s][info][gc,metaspace] GC(319) Metaspace: 114K(320K)->114K(320K) NonClass: 107K(192K)->107K(192K) Class: 7K(128K)->7K(128K)
[2026-06-17T10:06:30.711+0800][10.361s][info][gc          ] GC(319) Pause Young (Normal) (G1 Evacuation Pause) 51M->39M(64M) 10.569ms
[2026-06-17T10:06:30.711+0800][10.362s][info][gc,cpu      ] GC(319) User=0.00s Sys=0.00s Real=0.02s
[2026-06-17T10:06:30.744+0800][10.394s][info][gc,start    ] GC(320) Pause Young (Concurrent Start) (G1 Evacuation Pause)
[2026-06-17T10:06:30.745+0800][10.395s][info][gc,task     ] GC(320) Using 2 workers of 18 for evacuation
[2026-06-17T10:06:30.748+0800][10.399s][info][gc,phases   ] GC(320)   Pre Evacuate Collection Set: 0.43ms
[2026-06-17T10:06:30.750+0800][10.401s][info][gc,phases   ] GC(320)   Merge Heap Roots: 0.11ms
[2026-06-17T10:06:30.752+0800][10.402s][info][gc,phases   ] GC(320)   Evacuate Collection Set: 0.70ms
[2026-06-17T10:06:30.755+0800][10.406s][info][gc,phases   ] GC(320)   Post Evacuate Collection Set: 0.38ms
[2026-06-17T10:06:30.757+0800][10.407s][info][gc,phases   ] GC(320)   Other: 1.71ms
[2026-06-17T10:06:30.758+0800][10.408s][info][gc,heap     ] GC(320) Eden regions: 12->0(11)
[2026-06-17T10:06:30.758+0800][10.409s][info][gc,heap     ] GC(320) Survivor regions: 3->2(2)
[2026-06-17T10:06:30.759+0800][10.410s][info][gc,heap     ] GC(320) Old regions: 27->30
[2026-06-17T10:06:30.762+0800][10.413s][info][gc,heap     ] GC(320) Humongous regions: 10->10
[2026-06-17T10:06:30.763+0800][10.414s][info][gc,metaspace] GC(320) Metaspace: 114K(320K)->114K(320K) NonClass: 107K(192K)->107K(192K) Class: 7K(128K)->7K(128K)
[2026-06-17T10:06:30.766+0800][10.416s][info][gc          ] GC(320) Pause Young (Concurrent Start) (G1 Evacuation Pause) 51M->41M(64M) 21.881ms
[2026-06-17T10:06:30.767+0800][10.417s][info][gc,cpu      ] GC(320) User=0.00s Sys=0.00s Real=0.02s
[2026-06-17T10:06:30.767+0800][10.417s][info][gc          ] GC(321) Concurrent Mark Cycle
[2026-06-17T10:06:30.767+0800][10.418s][info][gc,marking  ] GC(321) Concurrent Scan Root Regions
[2026-06-17T10:06:30.768+0800][10.419s][info][gc,marking  ] GC(321) Concurrent Scan Root Regions 0.604ms
[2026-06-17T10:06:30.768+0800][10.419s][info][gc,marking  ] GC(321) Concurrent Mark
[2026-06-17T10:06:30.769+0800][10.419s][info][gc,marking  ] GC(321) Concurrent Mark From Roots
[2026-06-17T10:06:30.769+0800][10.420s][info][gc,task     ] GC(321) Using 5 workers of 5 for marking
[2026-06-17T10:06:30.772+0800][10.422s][info][gc,marking  ] GC(321) Concurrent Mark From Roots 2.807ms
[2026-06-17T10:06:30.772+0800][10.423s][info][gc,marking  ] GC(321) Concurrent Preclean
[2026-06-17T10:06:30.772+0800][10.423s][info][gc,marking  ] GC(321) Concurrent Preclean 0.239ms
[2026-06-17T10:06:30.773+0800][10.423s][info][gc,start    ] GC(321) Pause Remark
[2026-06-17T10:06:30.773+0800][10.424s][info][gc          ] GC(321) Pause Remark 43M->35M(64M) 0.763ms
[2026-06-17T10:06:30.774+0800][10.424s][info][gc,cpu      ] GC(321) User=0.00s Sys=0.00s Real=0.00s
[2026-06-17T10:06:30.774+0800][10.424s][info][gc,marking  ] GC(321) Concurrent Mark 5.465ms
[2026-06-17T10:06:30.774+0800][10.425s][info][gc,marking  ] GC(321) Concurrent Rebuild Remembered Sets and Scrub Regions
[2026-06-17T10:06:30.775+0800][10.426s][info][gc,marking  ] GC(321) Concurrent Rebuild Remembered Sets and Scrub Regions 0.918ms
[2026-06-17T10:06:30.775+0800][10.426s][info][gc,start    ] GC(321) Pause Cleanup
[2026-06-17T10:06:30.776+0800][10.426s][info][gc          ] GC(321) Pause Cleanup 35M->35M(64M) 0.221ms
[2026-06-17T10:06:30.776+0800][10.426s][info][gc,cpu      ] GC(321) User=0.00s Sys=0.00s Real=0.00s
[2026-06-17T10:06:30.776+0800][10.427s][info][gc,marking  ] GC(321) Concurrent Clear Claimed Marks
[2026-06-17T10:06:30.776+0800][10.427s][info][gc,marking  ] GC(321) Concurrent Clear Claimed Marks 0.201ms
[2026-06-17T10:06:30.777+0800][10.427s][info][gc,marking  ] GC(321) Concurrent Cleanup for Next Mark
[2026-06-17T10:06:30.777+0800][10.427s][info][gc,marking  ] GC(321) Concurrent Cleanup for Next Mark 0.315ms
[2026-06-17T10:06:30.777+0800][10.428s][info][gc          ] GC(321) Concurrent Mark Cycle 10.445ms
[2026-06-17T10:06:30.799+0800][10.449s][info][gc,start    ] GC(322) Pause Young (Prepare Mixed) (G1 Evacuation Pause)
[2026-06-17T10:06:30.799+0800][10.450s][info][gc,task     ] GC(322) Using 2 workers of 18 for evacuation
[2026-06-17T10:06:30.801+0800][10.452s][info][gc,phases   ] GC(322)   Pre Evacuate Collection Set: 0.25ms
[2026-06-17T10:06:30.801+0800][10.452s][info][gc,phases   ] GC(322)   Merge Heap Roots: 0.11ms
[2026-06-17T10:06:30.802+0800][10.452s][info][gc,phases   ] GC(322)   Evacuate Collection Set: 0.46ms
[2026-06-17T10:06:30.802+0800][10.452s][info][gc,phases   ] GC(322)   Post Evacuate Collection Set: 0.41ms
[2026-06-17T10:06:30.802+0800][10.453s][info][gc,phases   ] GC(322)   Other: 0.55ms
[2026-06-17T10:06:30.802+0800][10.453s][info][gc,heap     ] GC(322) Eden regions: 11->0(15)
[2026-06-17T10:06:30.803+0800][10.453s][info][gc,heap     ] GC(322) Survivor regions: 2->2(2)
[2026-06-17T10:06:30.803+0800][10.453s][info][gc,heap     ] GC(322) Old regions: 22->25
[2026-06-17T10:06:30.803+0800][10.454s][info][gc,heap     ] GC(322) Humongous regions: 10->10
[2026-06-17T10:06:30.803+0800][10.454s][info][gc,metaspace] GC(322) Metaspace: 114K(320K)->114K(320K) NonClass: 107K(192K)->107K(192K) Class: 7K(128K)->7K(128K)
[2026-06-17T10:06:30.803+0800][10.454s][info][gc          ] GC(322) Pause Young (Prepare Mixed) (G1 Evacuation Pause) 44M->36M(64M) 4.762ms
[2026-06-17T10:06:30.804+0800][10.454s][info][gc,cpu      ] GC(322) User=0.00s Sys=0.00s Real=0.01s
[2026-06-17T10:06:30.836+0800][10.487s][info][gc,start    ] GC(323) Pause Young (Mixed) (G1 Evacuation Pause)
[2026-06-17T10:06:30.837+0800][10.488s][info][gc,task     ] GC(323) Using 2 workers of 18 for evacuation
[2026-06-17T10:06:30.840+0800][10.490s][info][gc,phases   ] GC(323)   Pre Evacuate Collection Set: 0.32ms
[2026-06-17T10:06:30.840+0800][10.491s][info][gc,phases   ] GC(323)   Merge Heap Roots: 0.12ms
[2026-06-17T10:06:30.840+0800][10.491s][info][gc,phases   ] GC(323)   Evacuate Collection Set: 1.12ms
[2026-06-17T10:06:30.841+0800][10.491s][info][gc,phases   ] GC(323)   Post Evacuate Collection Set: 0.43ms
[2026-06-17T10:06:30.841+0800][10.492s][info][gc,phases   ] GC(323)   Other: 0.68ms
[2026-06-17T10:06:30.841+0800][10.492s][info][gc,heap     ] GC(323) Eden regions: 15->0(14)
[2026-06-17T10:06:30.842+0800][10.492s][info][gc,heap     ] GC(323) Survivor regions: 2->3(3)
[2026-06-17T10:06:30.842+0800][10.492s][info][gc,heap     ] GC(323) Old regions: 25->24
[2026-06-17T10:06:30.842+0800][10.493s][info][gc,heap     ] GC(323) Humongous regions: 11->11
[2026-06-17T10:06:30.843+0800][10.493s][info][gc,metaspace] GC(323) Metaspace: 114K(320K)->114K(320K) NonClass: 107K(192K)->107K(192K) Class: 7K(128K)->7K(128K)
[2026-06-17T10:06:30.843+0800][10.493s][info][gc          ] GC(323) Pause Young (Mixed) (G1 Evacuation Pause) 52M->37M(64M) 6.556ms
[2026-06-17T10:06:30.843+0800][10.494s][info][gc,cpu      ] GC(323) User=0.01s Sys=0.00s Real=0.01s
[2026-06-17T10:06:30.886+0800][10.537s][info][gc,start    ] GC(324) Pause Young (Mixed) (G1 Evacuation Pause)
[2026-06-17T10:06:30.887+0800][10.537s][info][gc,task     ] GC(324) Using 2 workers of 18 for evacuation
[2026-06-17T10:06:30.889+0800][10.540s][info][gc,phases   ] GC(324)   Pre Evacuate Collection Set: 0.34ms
[2026-06-17T10:06:30.890+0800][10.540s][info][gc,phases   ] GC(324)   Merge Heap Roots: 0.18ms
[2026-06-17T10:06:30.890+0800][10.541s][info][gc,phases   ] GC(324)   Evacuate Collection Set: 0.86ms
[2026-06-17T10:06:30.890+0800][10.541s][info][gc,phases   ] GC(324)   Post Evacuate Collection Set: 0.42ms
[2026-06-17T10:06:30.891+0800][10.541s][info][gc,phases   ] GC(324)   Other: 0.58ms
[2026-06-17T10:06:30.891+0800][10.542s][info][gc,heap     ] GC(324) Eden regions: 14->0(13)
[2026-06-17T10:06:30.891+0800][10.542s][info][gc,heap     ] GC(324) Survivor regions: 3->3(3)
[2026-06-17T10:06:30.892+0800][10.542s][info][gc,heap     ] GC(324) Old regions: 24->25
[2026-06-17T10:06:30.892+0800][10.542s][info][gc,heap     ] GC(324) Humongous regions: 11->11
[2026-06-17T10:06:30.892+0800][10.543s][info][gc,metaspace] GC(324) Metaspace: 114K(320K)->114K(320K) NonClass: 107K(192K)->107K(192K) Class: 7K(128K)->7K(128K)
[2026-06-17T10:06:30.893+0800][10.543s][info][gc          ] GC(324) Pause Young (Mixed) (G1 Evacuation Pause) 51M->38M(64M) 6.533ms
[2026-06-17T10:06:30.893+0800][10.543s][info][gc,cpu      ] GC(324) User=0.00s Sys=0.00s Real=0.01s
[2026-06-17T10:06:30.925+0800][10.576s][info][gc,start    ] GC(325) Pause Young (Concurrent Start) (G1 Evacuation Pause)
[2026-06-17T10:06:30.926+0800][10.576s][info][gc,task     ] GC(325) Using 2 workers of 18 for evacuation
[2026-06-17T10:06:30.929+0800][10.579s][info][gc,phases   ] GC(325)   Pre Evacuate Collection Set: 0.65ms
[2026-06-17T10:06:30.929+0800][10.580s][info][gc,phases   ] GC(325)   Merge Heap Roots: 0.14ms
[2026-06-17T10:06:30.929+0800][10.580s][info][gc,phases   ] GC(325)   Evacuate Collection Set: 1.01ms
[2026-06-17T10:06:30.930+0800][10.580s][info][gc,phases   ] GC(325)   Post Evacuate Collection Set: 0.40ms
[2026-06-17T10:06:30.930+0800][10.581s][info][gc,phases   ] GC(325)   Other: 0.61ms
[2026-06-17T10:06:30.930+0800][10.581s][info][gc,heap     ] GC(325) Eden regions: 13->0(10)
[2026-06-17T10:06:30.931+0800][10.581s][info][gc,heap     ] GC(325) Survivor regions: 3->2(2)
[2026-06-17T10:06:30.931+0800][10.581s][info][gc,heap     ] GC(325) Old regions: 25->29
[2026-06-17T10:06:30.931+0800][10.582s][info][gc,heap     ] GC(325) Humongous regions: 11->11
[2026-06-17T10:06:30.931+0800][10.582s][info][gc,metaspace] GC(325) Metaspace: 114K(320K)->114K(320K) NonClass: 107K(192K)->107K(192K) Class: 7K(128K)->7K(128K)
[2026-06-17T10:06:30.932+0800][10.582s][info][gc          ] GC(325) Pause Young (Concurrent Start) (G1 Evacuation Pause) 51M->41M(64M) 6.584ms
[2026-06-17T10:06:30.933+0800][10.584s][info][gc,cpu      ] GC(325) User=0.00s Sys=0.00s Real=0.01s
[2026-06-17T10:06:30.933+0800][10.584s][info][gc          ] GC(326) Concurrent Mark Cycle
[2026-06-17T10:06:30.934+0800][10.585s][info][gc,marking  ] GC(326) Concurrent Scan Root Regions
[2026-06-17T10:06:30.934+0800][10.585s][info][gc,marking  ] GC(326) Concurrent Scan Root Regions 0.309ms
[2026-06-17T10:06:30.934+0800][10.585s][info][gc,marking  ] GC(326) Concurrent Mark
[2026-06-17T10:06:30.935+0800][10.585s][info][gc,marking  ] GC(326) Concurrent Mark From Roots
[2026-06-17T10:06:30.935+0800][10.585s][info][gc,task     ] GC(326) Using 5 workers of 5 for marking
[2026-06-17T10:06:30.937+0800][10.587s][info][gc,marking  ] GC(326) Concurrent Mark From Roots 1.957ms
[2026-06-17T10:06:30.937+0800][10.587s][info][gc,marking  ] GC(326) Concurrent Preclean
[2026-06-17T10:06:30.937+0800][10.588s][info][gc,marking  ] GC(326) Concurrent Preclean 0.150ms
[2026-06-17T10:06:30.937+0800][10.588s][info][gc,start    ] GC(326) Pause Remark
[2026-06-17T10:06:30.938+0800][10.588s][info][gc          ] GC(326) Pause Remark 44M->44M(64M) 0.497ms
[2026-06-17T10:06:30.938+0800][10.588s][info][gc,cpu      ] GC(326) User=0.00s Sys=0.00s Real=0.00s
[2026-06-17T10:06:30.939+0800][10.589s][info][gc,marking  ] GC(326) Concurrent Mark 4.326ms
[2026-06-17T10:06:30.939+0800][10.590s][info][gc,marking  ] GC(326) Concurrent Rebuild Remembered Sets and Scrub Regions
[2026-06-17T10:06:30.939+0800][10.590s][info][gc,marking  ] GC(326) Concurrent Rebuild Remembered Sets and Scrub Regions 0.535ms
[2026-06-17T10:06:30.940+0800][10.590s][info][gc,start    ] GC(326) Pause Cleanup
[2026-06-17T10:06:30.940+0800][10.590s][info][gc          ] GC(326) Pause Cleanup 44M->44M(64M) 0.119ms
[2026-06-17T10:06:30.940+0800][10.590s][info][gc,cpu      ] GC(326) User=0.00s Sys=0.00s Real=0.00s
[2026-06-17T10:06:30.940+0800][10.591s][info][gc,marking  ] GC(326) Concurrent Clear Claimed Marks
[2026-06-17T10:06:30.940+0800][10.591s][info][gc,marking  ] GC(326) Concurrent Clear Claimed Marks 0.121ms
[2026-06-17T10:06:30.940+0800][10.591s][info][gc,marking  ] GC(326) Concurrent Cleanup for Next Mark
[2026-06-17T10:06:30.941+0800][10.591s][info][gc,marking  ] GC(326) Concurrent Cleanup for Next Mark 0.247ms
[2026-06-17T10:06:30.941+0800][10.591s][info][gc          ] GC(326) Concurrent Mark Cycle 7.238ms
[2026-06-17T10:06:30.965+0800][10.616s][info][gc,start    ] GC(327) Pause Young (Prepare Mixed) (G1 Evacuation Pause)
[2026-06-17T10:06:30.965+0800][10.616s][info][gc,task     ] GC(327) Using 2 workers of 18 for evacuation
[2026-06-17T10:06:30.966+0800][10.617s][info][gc,phases   ] GC(327)   Pre Evacuate Collection Set: 0.09ms
[2026-06-17T10:06:30.966+0800][10.617s][info][gc,phases   ] GC(327)   Merge Heap Roots: 0.04ms
[2026-06-17T10:06:30.967+0800][10.617s][info][gc,phases   ] GC(327)   Evacuate Collection Set: 0.27ms
[2026-06-17T10:06:30.967+0800][10.617s][info][gc,phases   ] GC(327)   Post Evacuate Collection Set: 0.19ms
[2026-06-17T10:06:30.967+0800][10.618s][info][gc,phases   ] GC(327)   Other: 0.25ms
[2026-06-17T10:06:30.967+0800][10.618s][info][gc,heap     ] GC(327) Eden regions: 10->0(10)
[2026-06-17T10:06:30.967+0800][10.618s][info][gc,heap     ] GC(327) Survivor regions: 2->2(2)
[2026-06-17T10:06:30.968+0800][10.618s][info][gc,heap     ] GC(327) Old regions: 29->30
[2026-06-17T10:06:30.968+0800][10.618s][info][gc,heap     ] GC(327) Humongous regions: 11->11
[2026-06-17T10:06:30.968+0800][10.618s][info][gc,metaspace] GC(327) Metaspace: 114K(320K)->114K(320K) NonClass: 107K(192K)->107K(192K) Class: 7K(128K)->7K(128K)
[2026-06-17T10:06:30.968+0800][10.619s][info][gc          ] GC(327) Pause Young (Prepare Mixed) (G1 Evacuation Pause) 51M->42M(64M) 2.921ms
[2026-06-17T10:06:30.968+0800][10.619s][info][gc,cpu      ] GC(327) User=0.01s Sys=0.00s Real=0.00s
[2026-06-17T10:06:30.989+0800][10.640s][info][gc,start    ] GC(328) Pause Young (Mixed) (G1 Evacuation Pause)
[2026-06-17T10:06:30.990+0800][10.640s][info][gc,task     ] GC(328) Using 2 workers of 18 for evacuation
[2026-06-17T10:06:30.991+0800][10.641s][info][gc,phases   ] GC(328)   Pre Evacuate Collection Set: 0.10ms
[2026-06-17T10:06:30.991+0800][10.641s][info][gc,phases   ] GC(328)   Merge Heap Roots: 0.05ms
[2026-06-17T10:06:30.991+0800][10.641s][info][gc,phases   ] GC(328)   Evacuate Collection Set: 0.41ms
[2026-06-17T10:06:30.991+0800][10.642s][info][gc,phases   ] GC(328)   Post Evacuate Collection Set: 0.17ms
[2026-06-17T10:06:30.991+0800][10.642s][info][gc,phases   ] GC(328)   Other: 0.24ms
[2026-06-17T10:06:30.991+0800][10.642s][info][gc,heap     ] GC(328) Eden regions: 10->0(12)
[2026-06-17T10:06:30.992+0800][10.642s][info][gc,heap     ] GC(328) Survivor regions: 2->2(2)
[2026-06-17T10:06:30.992+0800][10.642s][info][gc,heap     ] GC(328) Old regions: 30->28
[2026-06-17T10:06:30.992+0800][10.642s][info][gc,heap     ] GC(328) Humongous regions: 11->11
[2026-06-17T10:06:30.992+0800][10.642s][info][gc,metaspace] GC(328) Metaspace: 114K(320K)->114K(320K) NonClass: 107K(192K)->107K(192K) Class: 7K(128K)->7K(128K)
[2026-06-17T10:06:30.992+0800][10.643s][info][gc          ] GC(328) Pause Young (Mixed) (G1 Evacuation Pause) 52M->40M(64M) 2.803ms
[2026-06-17T10:06:30.992+0800][10.643s][info][gc,cpu      ] GC(328) User=0.00s Sys=0.00s Real=0.01s
[2026-06-17T10:06:31.024+0800][10.674s][info][gc,start    ] GC(329) Pause Young (Concurrent Start) (G1 Evacuation Pause)
[2026-06-17T10:06:31.024+0800][10.675s][info][gc,task     ] GC(329) Using 2 workers of 18 for evacuation
[2026-06-17T10:06:31.026+0800][10.676s][info][gc,phases   ] GC(329)   Pre Evacuate Collection Set: 0.25ms
[2026-06-17T10:06:31.028+0800][10.679s][info][gc,phases   ] GC(329)   Merge Heap Roots: 0.04ms
[2026-06-17T10:06:31.030+0800][10.681s][info][gc,phases   ] GC(329)   Evacuate Collection Set: 0.84ms
[2026-06-17T10:06:31.031+0800][10.681s][info][gc,phases   ] GC(329)   Post Evacuate Collection Set: 0.25ms
[2026-06-17T10:06:31.032+0800][10.682s][info][gc,phases   ] GC(329)   Other: 0.34ms
[2026-06-17T10:06:31.036+0800][10.687s][info][gc,heap     ] GC(329) Eden regions: 12->0(9)
[2026-06-17T10:06:31.037+0800][10.687s][info][gc,heap     ] GC(329) Survivor regions: 2->2(2)
[2026-06-17T10:06:31.038+0800][10.689s][info][gc,heap     ] GC(329) Old regions: 28->31
[2026-06-17T10:06:31.040+0800][10.690s][info][gc,heap     ] GC(329) Humongous regions: 11->11
[2026-06-17T10:06:31.041+0800][10.692s][info][gc,metaspace] GC(329) Metaspace: 114K(320K)->114K(320K) NonClass: 107K(192K)->107K(192K) Class: 7K(128K)->7K(128K)
[2026-06-17T10:06:31.041+0800][10.692s][info][gc          ] GC(329) Pause Young (Concurrent Start) (G1 Evacuation Pause) 52M->43M(64M) 17.883ms
[2026-06-17T10:06:31.042+0800][10.692s][info][gc,cpu      ] GC(329) User=0.00s Sys=0.00s Real=0.01s
[2026-06-17T10:06:31.042+0800][10.692s][info][gc          ] GC(330) Concurrent Mark Cycle
[2026-06-17T10:06:31.042+0800][10.693s][info][gc,marking  ] GC(330) Concurrent Scan Root Regions
[2026-06-17T10:06:31.043+0800][10.693s][info][gc,marking  ] GC(330) Concurrent Scan Root Regions 0.329ms
[2026-06-17T10:06:31.043+0800][10.694s][info][gc,marking  ] GC(330) Concurrent Mark
[2026-06-17T10:06:31.043+0800][10.694s][info][gc,marking  ] GC(330) Concurrent Mark From Roots
[2026-06-17T10:06:31.044+0800][10.694s][info][gc,task     ] GC(330) Using 5 workers of 5 for marking
[2026-06-17T10:06:31.045+0800][10.695s][info][gc,marking  ] GC(330) Concurrent Mark From Roots 1.576ms
[2026-06-17T10:06:31.047+0800][10.698s][info][gc,marking  ] GC(330) Concurrent Preclean
[2026-06-17T10:06:31.048+0800][10.699s][info][gc,marking  ] GC(330) Concurrent Preclean 0.826ms
[2026-06-17T10:06:31.049+0800][10.699s][info][gc,start    ] GC(330) Pause Remark
[2026-06-17T10:06:31.049+0800][10.700s][info][gc          ] GC(330) Pause Remark 45M->40M(64M) 0.686ms
[2026-06-17T10:06:31.050+0800][10.700s][info][gc,cpu      ] GC(330) User=0.00s Sys=0.00s Real=0.00s
[2026-06-17T10:06:31.050+0800][10.700s][info][gc,marking  ] GC(330) Concurrent Mark 6.727ms
[2026-06-17T10:06:31.050+0800][10.700s][info][gc,marking  ] GC(330) Concurrent Rebuild Remembered Sets and Scrub Regions
[2026-06-17T10:06:31.050+0800][10.701s][info][gc,marking  ] GC(330) Concurrent Rebuild Remembered Sets and Scrub Regions 0.514ms
[2026-06-17T10:06:31.051+0800][10.701s][info][gc,start    ] GC(330) Pause Cleanup
[2026-06-17T10:06:31.051+0800][10.701s][info][gc          ] GC(330) Pause Cleanup 40M->40M(64M) 0.140ms
[2026-06-17T10:06:31.051+0800][10.702s][info][gc,cpu      ] GC(330) User=0.00s Sys=0.00s Real=0.00s
[2026-06-17T10:06:31.051+0800][10.702s][info][gc,marking  ] GC(330) Concurrent Clear Claimed Marks
[2026-06-17T10:06:31.051+0800][10.702s][info][gc,marking  ] GC(330) Concurrent Clear Claimed Marks 0.123ms
[2026-06-17T10:06:31.051+0800][10.702s][info][gc,marking  ] GC(330) Concurrent Cleanup for Next Mark
[2026-06-17T10:06:31.052+0800][10.702s][info][gc,marking  ] GC(330) Concurrent Cleanup for Next Mark 0.194ms
[2026-06-17T10:06:31.052+0800][10.702s][info][gc          ] GC(330) Concurrent Mark Cycle 9.725ms
[2026-06-17T10:06:31.063+0800][10.714s][info][gc,start    ] GC(331) Pause Young (Prepare Mixed) (G1 Evacuation Pause)
[2026-06-17T10:06:31.064+0800][10.714s][info][gc,task     ] GC(331) Using 2 workers of 18 for evacuation
[2026-06-17T10:06:31.065+0800][10.715s][info][gc,phases   ] GC(331)   Pre Evacuate Collection Set: 0.10ms
[2026-06-17T10:06:31.065+0800][10.715s][info][gc,phases   ] GC(331)   Merge Heap Roots: 0.05ms
[2026-06-17T10:06:31.065+0800][10.716s][info][gc,phases   ] GC(331)   Evacuate Collection Set: 0.35ms
[2026-06-17T10:06:31.065+0800][10.716s][info][gc,phases   ] GC(331)   Post Evacuate Collection Set: 0.20ms
[2026-06-17T10:06:31.065+0800][10.716s][info][gc,phases   ] GC(331)   Other: 0.23ms
[2026-06-17T10:06:31.065+0800][10.716s][info][gc,heap     ] GC(331) Eden regions: 9->0(9)
[2026-06-17T10:06:31.066+0800][10.716s][info][gc,heap     ] GC(331) Survivor regions: 2->2(2)
[2026-06-17T10:06:31.066+0800][10.716s][info][gc,heap     ] GC(331) Old regions: 26->29
[2026-06-17T10:06:31.066+0800][10.717s][info][gc,heap     ] GC(331) Humongous regions: 13->13
[2026-06-17T10:06:31.066+0800][10.717s][info][gc,metaspace] GC(331) Metaspace: 114K(320K)->114K(320K) NonClass: 107K(192K)->107K(192K) Class: 7K(128K)->7K(128K)
[2026-06-17T10:06:31.067+0800][10.717s][info][gc          ] GC(331) Pause Young (Prepare Mixed) (G1 Evacuation Pause) 49M->43M(64M) 3.181ms
[2026-06-17T10:06:31.067+0800][10.717s][info][gc,cpu      ] GC(331) User=0.00s Sys=0.00s Real=0.00s
[2026-06-17T10:06:31.088+0800][10.739s][info][gc,start    ] GC(332) Pause Young (Mixed) (G1 Evacuation Pause)
[2026-06-17T10:06:31.088+0800][10.739s][info][gc,task     ] GC(332) Using 2 workers of 18 for evacuation
[2026-06-17T10:06:31.090+0800][10.740s][info][gc,phases   ] GC(332)   Pre Evacuate Collection Set: 0.10ms
[2026-06-17T10:06:31.090+0800][10.740s][info][gc,phases   ] GC(332)   Merge Heap Roots: 0.06ms
[2026-06-17T10:06:31.090+0800][10.741s][info][gc,phases   ] GC(332)   Evacuate Collection Set: 0.45ms
[2026-06-17T10:06:31.090+0800][10.741s][info][gc,phases   ] GC(332)   Post Evacuate Collection Set: 0.23ms
[2026-06-17T10:06:31.090+0800][10.741s][info][gc,phases   ] GC(332)   Other: 0.33ms
[2026-06-17T10:06:31.091+0800][10.741s][info][gc,heap     ] GC(332) Eden regions: 9->0(13)
[2026-06-17T10:06:31.091+0800][10.741s][info][gc,heap     ] GC(332) Survivor regions: 2->2(2)
[2026-06-17T10:06:31.091+0800][10.742s][info][gc,heap     ] GC(332) Old regions: 29->25
[2026-06-17T10:06:31.091+0800][10.742s][info][gc,heap     ] GC(332) Humongous regions: 13->13
[2026-06-17T10:06:31.092+0800][10.742s][info][gc,metaspace] GC(332) Metaspace: 114K(320K)->114K(320K) NonClass: 107K(192K)->107K(192K) Class: 7K(128K)->7K(128K)
[2026-06-17T10:06:31.092+0800][10.743s][info][gc          ] GC(332) Pause Young (Mixed) (G1 Evacuation Pause) 52M->39M(64M) 3.869ms
[2026-06-17T10:06:31.092+0800][10.743s][info][gc,cpu      ] GC(332) User=0.00s Sys=0.00s Real=0.01s
[2026-06-17T10:06:31.124+0800][10.774s][info][gc,start    ] GC(333) Pause Young (Concurrent Start) (G1 Evacuation Pause)
[2026-06-17T10:06:31.124+0800][10.775s][info][gc,task     ] GC(333) Using 2 workers of 18 for evacuation
[2026-06-17T10:06:31.125+0800][10.776s][info][gc,phases   ] GC(333)   Pre Evacuate Collection Set: 0.21ms
[2026-06-17T10:06:31.125+0800][10.776s][info][gc,phases   ] GC(333)   Merge Heap Roots: 0.05ms
[2026-06-17T10:06:31.126+0800][10.776s][info][gc,phases   ] GC(333)   Evacuate Collection Set: 0.24ms
[2026-06-17T10:06:31.126+0800][10.776s][info][gc,phases   ] GC(333)   Post Evacuate Collection Set: 0.19ms
[2026-06-17T10:06:31.126+0800][10.777s][info][gc,phases   ] GC(333)   Other: 0.28ms
[2026-06-17T10:06:31.126+0800][10.777s][info][gc,heap     ] GC(333) Eden regions: 13->0(12)
[2026-06-17T10:06:31.126+0800][10.777s][info][gc,heap     ] GC(333) Survivor regions: 2->2(2)
[2026-06-17T10:06:31.127+0800][10.777s][info][gc,heap     ] GC(333) Old regions: 25->26
[2026-06-17T10:06:31.127+0800][10.777s][info][gc,heap     ] GC(333) Humongous regions: 13->13
[2026-06-17T10:06:31.127+0800][10.778s][info][gc,metaspace] GC(333) Metaspace: 114K(320K)->114K(320K) NonClass: 107K(192K)->107K(192K) Class: 7K(128K)->7K(128K)
[2026-06-17T10:06:31.127+0800][10.778s][info][gc          ] GC(333) Pause Young (Concurrent Start) (G1 Evacuation Pause) 52M->40M(64M) 3.710ms
[2026-06-17T10:06:31.127+0800][10.778s][info][gc,cpu      ] GC(333) User=0.00s Sys=0.00s Real=0.00s
[2026-06-17T10:06:31.127+0800][10.778s][info][gc          ] GC(334) Concurrent Mark Cycle
[2026-06-17T10:06:31.128+0800][10.778s][info][gc,marking  ] GC(334) Concurrent Scan Root Regions
[2026-06-17T10:06:31.128+0800][10.779s][info][gc,marking  ] GC(334) Concurrent Scan Root Regions 0.274ms
[2026-06-17T10:06:31.128+0800][10.779s][info][gc,marking  ] GC(334) Concurrent Mark
[2026-06-17T10:06:31.128+0800][10.779s][info][gc,marking  ] GC(334) Concurrent Mark From Roots
[2026-06-17T10:06:31.128+0800][10.779s][info][gc,task     ] GC(334) Using 5 workers of 5 for marking
[2026-06-17T10:06:31.130+0800][10.780s][info][gc,marking  ] GC(334) Concurrent Mark From Roots 1.219ms
[2026-06-17T10:06:31.130+0800][10.780s][info][gc,marking  ] GC(334) Concurrent Preclean
[2026-06-17T10:06:31.130+0800][10.780s][info][gc,marking  ] GC(334) Concurrent Preclean 0.139ms
[2026-06-17T10:06:31.130+0800][10.780s][info][gc,start    ] GC(334) Pause Remark
[2026-06-17T10:06:31.130+0800][10.781s][info][gc          ] GC(334) Pause Remark 41M->41M(64M) 0.379ms
[2026-06-17T10:06:31.130+0800][10.781s][info][gc,cpu      ] GC(334) User=0.00s Sys=0.00s Real=0.00s
[2026-06-17T10:06:31.131+0800][10.781s][info][gc,marking  ] GC(334) Concurrent Mark 2.341ms
[2026-06-17T10:06:31.131+0800][10.781s][info][gc,marking  ] GC(334) Concurrent Rebuild Remembered Sets and Scrub Regions
[2026-06-17T10:06:31.131+0800][10.782s][info][gc,marking  ] GC(334) Concurrent Rebuild Remembered Sets and Scrub Regions 0.429ms
[2026-06-17T10:06:31.131+0800][10.782s][info][gc,start    ] GC(334) Pause Cleanup
[2026-06-17T10:06:31.131+0800][10.782s][info][gc          ] GC(334) Pause Cleanup 41M->41M(64M) 0.101ms
[2026-06-17T10:06:31.131+0800][10.782s][info][gc,cpu      ] GC(334) User=0.00s Sys=0.00s Real=0.00s
[2026-06-17T10:06:31.131+0800][10.782s][info][gc,marking  ] GC(334) Concurrent Clear Claimed Marks
[2026-06-17T10:06:31.132+0800][10.782s][info][gc,marking  ] GC(334) Concurrent Clear Claimed Marks 0.067ms
[2026-06-17T10:06:31.132+0800][10.782s][info][gc,marking  ] GC(334) Concurrent Cleanup for Next Mark
[2026-06-17T10:06:31.132+0800][10.782s][info][gc,marking  ] GC(334) Concurrent Cleanup for Next Mark 0.168ms
[2026-06-17T10:06:31.132+0800][10.782s][info][gc          ] GC(334) Concurrent Mark Cycle 4.478ms
[2026-06-17T10:06:31.159+0800][10.810s][info][gc,start    ] GC(335) Pause Young (Prepare Mixed) (G1 Evacuation Pause)
[2026-06-17T10:06:31.160+0800][10.810s][info][gc,task     ] GC(335) Using 2 workers of 18 for evacuation
[2026-06-17T10:06:31.161+0800][10.811s][info][gc,phases   ] GC(335)   Pre Evacuate Collection Set: 0.16ms
[2026-06-17T10:06:31.161+0800][10.812s][info][gc,phases   ] GC(335)   Merge Heap Roots: 0.07ms
[2026-06-17T10:06:31.161+0800][10.812s][info][gc,phases   ] GC(335)   Evacuate Collection Set: 0.37ms
[2026-06-17T10:06:31.161+0800][10.812s][info][gc,phases   ] GC(335)   Post Evacuate Collection Set: 0.23ms
[2026-06-17T10:06:31.162+0800][10.812s][info][gc,phases   ] GC(335)   Other: 0.34ms
[2026-06-17T10:06:31.162+0800][10.813s][info][gc,heap     ] GC(335) Eden regions: 12->0(11)
[2026-06-17T10:06:31.162+0800][10.813s][info][gc,heap     ] GC(335) Survivor regions: 2->2(2)
[2026-06-17T10:06:31.162+0800][10.813s][info][gc,heap     ] GC(335) Old regions: 26->28
[2026-06-17T10:06:31.163+0800][10.813s][info][gc,heap     ] GC(335) Humongous regions: 13->13
[2026-06-17T10:06:31.163+0800][10.813s][info][gc,metaspace] GC(335) Metaspace: 114K(320K)->114K(320K) NonClass: 107K(192K)->107K(192K) Class: 7K(128K)->7K(128K)
[2026-06-17T10:06:31.163+0800][10.814s][info][gc          ] GC(335) Pause Young (Prepare Mixed) (G1 Evacuation Pause) 52M->42M(64M) 4.018ms
[2026-06-17T10:06:31.163+0800][10.814s][info][gc,cpu      ] GC(335) User=0.00s Sys=0.00s Real=0.01s
[2026-06-17T10:06:31.195+0800][10.846s][info][gc,start    ] GC(336) Pause Young (Mixed) (G1 Evacuation Pause)
[2026-06-17T10:06:31.196+0800][10.846s][info][gc,task     ] GC(336) Using 2 workers of 18 for evacuation
[2026-06-17T10:06:31.198+0800][10.848s][info][gc,phases   ] GC(336)   Pre Evacuate Collection Set: 0.24ms
[2026-06-17T10:06:31.198+0800][10.849s][info][gc,phases   ] GC(336)   Merge Heap Roots: 0.09ms
[2026-06-17T10:06:31.199+0800][10.849s][info][gc,phases   ] GC(336)   Evacuate Collection Set: 0.97ms
[2026-06-17T10:06:31.199+0800][10.850s][info][gc,phases   ] GC(336)   Post Evacuate Collection Set: 0.46ms
[2026-06-17T10:06:31.200+0800][10.850s][info][gc,phases   ] GC(336)   Other: 0.45ms
[2026-06-17T10:06:31.200+0800][10.850s][info][gc,heap     ] GC(336) Eden regions: 11->0(9)
[2026-06-17T10:06:31.200+0800][10.851s][info][gc,heap     ] GC(336) Survivor regions: 2->2(2)
[2026-06-17T10:06:31.200+0800][10.851s][info][gc,heap     ] GC(336) Old regions: 28->31
[2026-06-17T10:06:31.201+0800][10.851s][info][gc,heap     ] GC(336) Humongous regions: 13->13
[2026-06-17T10:06:31.201+0800][10.851s][info][gc,metaspace] GC(336) Metaspace: 114K(320K)->114K(320K) NonClass: 107K(192K)->107K(192K) Class: 7K(128K)->7K(128K)
[2026-06-17T10:06:31.201+0800][10.852s][info][gc          ] GC(336) Pause Young (Mixed) (G1 Evacuation Pause) 53M->45M(64M) 5.944ms
[2026-06-17T10:06:31.201+0800][10.852s][info][gc,cpu      ] GC(336) User=0.01s Sys=0.00s Real=0.00s
[2026-06-17T10:06:31.233+0800][10.884s][info][gc,start    ] GC(337) Pause Young (Concurrent Start) (G1 Evacuation Pause)
[2026-06-17T10:06:31.234+0800][10.884s][info][gc,task     ] GC(337) Using 2 workers of 18 for evacuation
[2026-06-17T10:06:31.235+0800][10.886s][info][gc,phases   ] GC(337)   Pre Evacuate Collection Set: 0.29ms
[2026-06-17T10:06:31.236+0800][10.887s][info][gc,phases   ] GC(337)   Merge Heap Roots: 0.07ms
[2026-06-17T10:06:31.236+0800][10.887s][info][gc,phases   ] GC(337)   Evacuate Collection Set: 0.54ms
[2026-06-17T10:06:31.237+0800][10.887s][info][gc,phases   ] GC(337)   Post Evacuate Collection Set: 0.61ms
[2026-06-17T10:06:31.237+0800][10.887s][info][gc,phases   ] GC(337)   Other: 0.41ms
[2026-06-17T10:06:31.237+0800][10.888s][info][gc,heap     ] GC(337) Eden regions: 9->0(8)
[2026-06-17T10:06:31.237+0800][10.888s][info][gc,heap     ] GC(337) Survivor regions: 2->2(2)
[2026-06-17T10:06:31.237+0800][10.888s][info][gc,heap     ] GC(337) Old regions: 31->33
[2026-06-17T10:06:31.238+0800][10.888s][info][gc,heap     ] GC(337) Humongous regions: 13->13
[2026-06-17T10:06:31.238+0800][10.888s][info][gc,metaspace] GC(337) Metaspace: 114K(320K)->114K(320K) NonClass: 107K(192K)->107K(192K) Class: 7K(128K)->7K(128K)
[2026-06-17T10:06:31.238+0800][10.889s][info][gc          ] GC(337) Pause Young (Concurrent Start) (G1 Evacuation Pause) 54M->47M(64M) 5.004ms
[2026-06-17T10:06:31.238+0800][10.889s][info][gc,cpu      ] GC(337) User=0.00s Sys=0.00s Real=0.00s
[2026-06-17T10:06:31.238+0800][10.889s][info][gc          ] GC(338) Concurrent Mark Cycle
[2026-06-17T10:06:31.239+0800][10.889s][info][gc,marking  ] GC(338) Concurrent Scan Root Regions
[2026-06-17T10:06:31.239+0800][10.890s][info][gc,marking  ] GC(338) Concurrent Scan Root Regions 0.284ms
[2026-06-17T10:06:31.239+0800][10.890s][info][gc,marking  ] GC(338) Concurrent Mark
[2026-06-17T10:06:31.240+0800][10.890s][info][gc,marking  ] GC(338) Concurrent Mark From Roots
[2026-06-17T10:06:31.240+0800][10.890s][info][gc,task     ] GC(338) Using 5 workers of 5 for marking
[2026-06-17T10:06:31.241+0800][10.892s][info][gc,marking  ] GC(338) Concurrent Mark From Roots 1.597ms
[2026-06-17T10:06:31.241+0800][10.892s][info][gc,marking  ] GC(338) Concurrent Preclean
[2026-06-17T10:06:31.242+0800][10.892s][info][gc,marking  ] GC(338) Concurrent Preclean 0.176ms
[2026-06-17T10:06:31.242+0800][10.892s][info][gc,start    ] GC(338) Pause Remark
[2026-06-17T10:06:31.242+0800][10.893s][info][gc          ] GC(338) Pause Remark 52M->43M(64M) 0.533ms
[2026-06-17T10:06:31.242+0800][10.893s][info][gc,cpu      ] GC(338) User=0.00s Sys=0.00s Real=0.00s
[2026-06-17T10:06:31.243+0800][10.893s][info][gc,marking  ] GC(338) Concurrent Mark 3.577ms
[2026-06-17T10:06:31.243+0800][10.894s][info][gc,marking  ] GC(338) Concurrent Rebuild Remembered Sets and Scrub Regions
[2026-06-17T10:06:31.244+0800][10.894s][info][gc,marking  ] GC(338) Concurrent Rebuild Remembered Sets and Scrub Regions 0.557ms
[2026-06-17T10:06:31.244+0800][10.894s][info][gc,start    ] GC(338) Pause Cleanup
[2026-06-17T10:06:31.244+0800][10.894s][info][gc          ] GC(338) Pause Cleanup 43M->43M(64M) 0.096ms
[2026-06-17T10:06:31.244+0800][10.894s][info][gc,cpu      ] GC(338) User=0.00s Sys=0.00s Real=0.00s
[2026-06-17T10:06:31.244+0800][10.895s][info][gc,marking  ] GC(338) Concurrent Clear Claimed Marks
[2026-06-17T10:06:31.244+0800][10.895s][info][gc,marking  ] GC(338) Concurrent Clear Claimed Marks 0.084ms
[2026-06-17T10:06:31.244+0800][10.895s][info][gc,marking  ] GC(338) Concurrent Cleanup for Next Mark
[2026-06-17T10:06:31.244+0800][10.895s][info][gc,marking  ] GC(338) Concurrent Cleanup for Next Mark 0.188ms
[2026-06-17T10:06:31.244+0800][10.895s][info][gc          ] GC(338) Concurrent Mark Cycle 6.139ms
[2026-06-17T10:06:31.249+0800][10.900s][info][gc,start    ] GC(339) Pause Young (Prepare Mixed) (G1 Evacuation Pause)
[2026-06-17T10:06:31.250+0800][10.900s][info][gc,task     ] GC(339) Using 2 workers of 18 for evacuation
[2026-06-17T10:06:31.251+0800][10.901s][info][gc,phases   ] GC(339)   Pre Evacuate Collection Set: 0.09ms
[2026-06-17T10:06:31.251+0800][10.901s][info][gc,phases   ] GC(339)   Merge Heap Roots: 0.05ms
[2026-06-17T10:06:31.251+0800][10.901s][info][gc,phases   ] GC(339)   Evacuate Collection Set: 0.43ms
[2026-06-17T10:06:31.251+0800][10.902s][info][gc,phases   ] GC(339)   Post Evacuate Collection Set: 0.21ms
[2026-06-17T10:06:31.251+0800][10.902s][info][gc,phases   ] GC(339)   Other: 0.16ms
[2026-06-17T10:06:31.251+0800][10.902s][info][gc,heap     ] GC(339) Eden regions: 8->0(9)
[2026-06-17T10:06:31.251+0800][10.902s][info][gc,heap     ] GC(339) Survivor regions: 2->2(2)
[2026-06-17T10:06:31.251+0800][10.902s][info][gc,heap     ] GC(339) Old regions: 24->29
[2026-06-17T10:06:31.252+0800][10.902s][info][gc,heap     ] GC(339) Humongous regions: 13->13
[2026-06-17T10:06:31.252+0800][10.902s][info][gc,metaspace] GC(339) Metaspace: 114K(320K)->114K(320K) NonClass: 107K(192K)->107K(192K) Class: 7K(128K)->7K(128K)
[2026-06-17T10:06:31.252+0800][10.902s][info][gc          ] GC(339) Pause Young (Prepare Mixed) (G1 Evacuation Pause) 46M->43M(64M) 2.358ms
[2026-06-17T10:06:31.252+0800][10.902s][info][gc,cpu      ] GC(339) User=0.00s Sys=0.00s Real=0.01s
[2026-06-17T10:06:31.273+0800][10.924s][info][gc,start    ] GC(340) Pause Young (Mixed) (G1 Evacuation Pause)
[2026-06-17T10:06:31.274+0800][10.924s][info][gc,task     ] GC(340) Using 2 workers of 18 for evacuation
[2026-06-17T10:06:31.276+0800][10.927s][info][gc,phases   ] GC(340)   Pre Evacuate Collection Set: 0.34ms
[2026-06-17T10:06:31.276+0800][10.927s][info][gc,phases   ] GC(340)   Merge Heap Roots: 0.11ms
[2026-06-17T10:06:31.277+0800][10.927s][info][gc,phases   ] GC(340)   Evacuate Collection Set: 0.69ms
[2026-06-17T10:06:31.277+0800][10.928s][info][gc,phases   ] GC(340)   Post Evacuate Collection Set: 0.40ms
[2026-06-17T10:06:31.277+0800][10.928s][info][gc,phases   ] GC(340)   Other: 0.53ms
[2026-06-17T10:06:31.278+0800][10.928s][info][gc,heap     ] GC(340) Eden regions: 9->0(11)
[2026-06-17T10:06:31.278+0800][10.929s][info][gc,heap     ] GC(340) Survivor regions: 2->2(2)
[2026-06-17T10:06:31.278+0800][10.929s][info][gc,heap     ] GC(340) Old regions: 29->25
[2026-06-17T10:06:31.279+0800][10.929s][info][gc,heap     ] GC(340) Humongous regions: 14->14
[2026-06-17T10:06:31.279+0800][10.929s][info][gc,metaspace] GC(340) Metaspace: 114K(320K)->114K(320K) NonClass: 107K(192K)->107K(192K) Class: 7K(128K)->7K(128K)
[2026-06-17T10:06:31.279+0800][10.930s][info][gc          ] GC(340) Pause Young (Mixed) (G1 Evacuation Pause) 53M->40M(64M) 5.851ms
[2026-06-17T10:06:31.280+0800][10.930s][info][gc,cpu      ] GC(340) User=0.00s Sys=0.00s Real=0.00s
[2026-06-17T10:06:31.312+0800][10.963s][info][gc,start    ] GC(341) Pause Young (Concurrent Start) (G1 Evacuation Pause)
[2026-06-17T10:06:31.313+0800][10.964s][info][gc,task     ] GC(341) Using 2 workers of 18 for evacuation
[2026-06-17T10:06:31.317+0800][10.967s][info][gc,phases   ] GC(341)   Pre Evacuate Collection Set: 0.79ms
[2026-06-17T10:06:31.317+0800][10.968s][info][gc,phases   ] GC(341)   Merge Heap Roots: 0.13ms
[2026-06-17T10:06:31.321+0800][10.972s][info][gc,phases   ] GC(341)   Evacuate Collection Set: 0.97ms
[2026-06-17T10:06:31.322+0800][10.973s][info][gc,phases   ] GC(341)   Post Evacuate Collection Set: 0.73ms
[2026-06-17T10:06:31.322+0800][10.973s][info][gc,phases   ] GC(341)   Other: 0.88ms
[2026-06-17T10:06:31.323+0800][10.973s][info][gc,heap     ] GC(341) Eden regions: 11->0(11)
[2026-06-17T10:06:31.323+0800][10.973s][info][gc,heap     ] GC(341) Survivor regions: 2->1(2)
[2026-06-17T10:06:31.323+0800][10.973s][info][gc,heap     ] GC(341) Old regions: 25->27
[2026-06-17T10:06:31.323+0800][10.974s][info][gc,heap     ] GC(341) Humongous regions: 14->14
[2026-06-17T10:06:31.324+0800][10.974s][info][gc,metaspace] GC(341) Metaspace: 114K(320K)->114K(320K) NonClass: 107K(192K)->107K(192K) Class: 7K(128K)->7K(128K)
[2026-06-17T10:06:31.325+0800][10.975s][info][gc          ] GC(341) Pause Young (Concurrent Start) (G1 Evacuation Pause) 50M->41M(64M) 12.207ms
[2026-06-17T10:06:31.325+0800][10.975s][info][gc,cpu      ] GC(341) User=0.00s Sys=0.00s Real=0.01s
[2026-06-17T10:06:31.325+0800][10.975s][info][gc          ] GC(342) Concurrent Mark Cycle
[2026-06-17T10:06:31.325+0800][10.976s][info][gc,marking  ] GC(342) Concurrent Scan Root Regions
[2026-06-17T10:06:31.326+0800][10.976s][info][gc,marking  ] GC(342) Concurrent Scan Root Regions 0.216ms
[2026-06-17T10:06:31.326+0800][10.977s][info][gc,marking  ] GC(342) Concurrent Mark
[2026-06-17T10:06:31.327+0800][10.977s][info][gc,marking  ] GC(342) Concurrent Mark From Roots
[2026-06-17T10:06:31.327+0800][10.977s][info][gc,task     ] GC(342) Using 5 workers of 5 for marking
[2026-06-17T10:06:31.328+0800][10.979s][info][gc,marking  ] GC(342) Concurrent Mark From Roots 1.466ms
[2026-06-17T10:06:31.329+0800][10.979s][info][gc,marking  ] GC(342) Concurrent Preclean
[2026-06-17T10:06:31.329+0800][10.980s][info][gc,marking  ] GC(342) Concurrent Preclean 0.498ms
[2026-06-17T10:06:31.330+0800][10.980s][info][gc,start    ] GC(342) Pause Remark
[2026-06-17T10:06:31.330+0800][10.981s][info][gc          ] GC(342) Pause Remark 42M->42M(64M) 0.635ms
[2026-06-17T10:06:31.330+0800][10.981s][info][gc,cpu      ] GC(342) User=0.00s Sys=0.00s Real=0.00s
[2026-06-17T10:06:31.331+0800][10.981s][info][gc,marking  ] GC(342) Concurrent Mark 4.206ms
[2026-06-17T10:06:31.331+0800][10.981s][info][gc,marking  ] GC(342) Concurrent Rebuild Remembered Sets and Scrub Regions
[2026-06-17T10:06:31.332+0800][10.982s][info][gc,marking  ] GC(342) Concurrent Rebuild Remembered Sets and Scrub Regions 0.769ms
[2026-06-17T10:06:31.332+0800][10.982s][info][gc,start    ] GC(342) Pause Cleanup
[2026-06-17T10:06:31.332+0800][10.983s][info][gc          ] GC(342) Pause Cleanup 42M->42M(64M) 0.539ms
[2026-06-17T10:06:31.333+0800][10.983s][info][gc,cpu      ] GC(342) User=0.00s Sys=0.00s Real=0.00s
[2026-06-17T10:06:31.333+0800][10.983s][info][gc,marking  ] GC(342) Concurrent Clear Claimed Marks
[2026-06-17T10:06:31.333+0800][10.984s][info][gc,marking  ] GC(342) Concurrent Clear Claimed Marks 0.272ms
[2026-06-17T10:06:31.333+0800][10.984s][info][gc,marking  ] GC(342) Concurrent Cleanup for Next Mark
[2026-06-17T10:06:31.334+0800][10.984s][info][gc,marking  ] GC(342) Concurrent Cleanup for Next Mark 0.223ms
[2026-06-17T10:06:31.334+0800][10.984s][info][gc          ] GC(342) Concurrent Mark Cycle 8.811ms
[2026-06-17T10:06:31.357+0800][11.007s][info][gc,start    ] GC(343) Pause Young (Prepare Mixed) (G1 Evacuation Pause)
[2026-06-17T10:06:31.357+0800][11.008s][info][gc,task     ] GC(343) Using 2 workers of 18 for evacuation
[2026-06-17T10:06:31.359+0800][11.009s][info][gc,phases   ] GC(343)   Pre Evacuate Collection Set: 0.17ms
[2026-06-17T10:06:31.359+0800][11.010s][info][gc,phases   ] GC(343)   Merge Heap Roots: 0.07ms
[2026-06-17T10:06:31.360+0800][11.010s][info][gc,phases   ] GC(343)   Evacuate Collection Set: 0.47ms
[2026-06-17T10:06:31.360+0800][11.010s][info][gc,phases   ] GC(343)   Post Evacuate Collection Set: 0.22ms
[2026-06-17T10:06:31.360+0800][11.011s][info][gc,phases   ] GC(343)   Other: 0.43ms
[2026-06-17T10:06:31.360+0800][11.011s][info][gc,heap     ] GC(343) Eden regions: 11->0(10)
[2026-06-17T10:06:31.360+0800][11.011s][info][gc,heap     ] GC(343) Survivor regions: 1->2(2)
[2026-06-17T10:06:31.360+0800][11.011s][info][gc,heap     ] GC(343) Old regions: 27->30
[2026-06-17T10:06:31.361+0800][11.011s][info][gc,heap     ] GC(343) Humongous regions: 14->14
[2026-06-17T10:06:31.361+0800][11.011s][info][gc,metaspace] GC(343) Metaspace: 114K(320K)->114K(320K) NonClass: 107K(192K)->107K(192K) Class: 7K(128K)->7K(128K)
[2026-06-17T10:06:31.361+0800][11.011s][info][gc          ] GC(343) Pause Young (Prepare Mixed) (G1 Evacuation Pause) 52M->45M(64M) 4.406ms
[2026-06-17T10:06:31.361+0800][11.012s][info][gc,cpu      ] GC(343) User=0.00s Sys=0.00s Real=0.00s
[2026-06-17T10:06:31.392+0800][11.043s][info][gc,start    ] GC(344) Pause Young (Mixed) (G1 Evacuation Pause)
[2026-06-17T10:06:31.394+0800][11.045s][info][gc,task     ] GC(344) Using 2 workers of 18 for evacuation
[2026-06-17T10:06:31.396+0800][11.047s][info][gc,phases   ] GC(344)   Pre Evacuate Collection Set: 0.13ms
[2026-06-17T10:06:31.396+0800][11.047s][info][gc,phases   ] GC(344)   Merge Heap Roots: 0.04ms
[2026-06-17T10:06:31.396+0800][11.047s][info][gc,phases   ] GC(344)   Evacuate Collection Set: 0.96ms
[2026-06-17T10:06:31.397+0800][11.047s][info][gc,phases   ] GC(344)   Post Evacuate Collection Set: 0.35ms
[2026-06-17T10:06:31.397+0800][11.047s][info][gc,phases   ] GC(344)   Other: 0.29ms
[2026-06-17T10:06:31.397+0800][11.048s][info][gc,heap     ] GC(344) Eden regions: 10->0(9)
[2026-06-17T10:06:31.397+0800][11.048s][info][gc,heap     ] GC(344) Survivor regions: 2->2(2)
[2026-06-17T10:06:31.397+0800][11.048s][info][gc,heap     ] GC(344) Old regions: 30->31
[2026-06-17T10:06:31.398+0800][11.048s][info][gc,heap     ] GC(344) Humongous regions: 14->14
[2026-06-17T10:06:31.398+0800][11.048s][info][gc,metaspace] GC(344) Metaspace: 114K(320K)->114K(320K) NonClass: 107K(192K)->107K(192K) Class: 7K(128K)->7K(128K)
[2026-06-17T10:06:31.398+0800][11.048s][info][gc          ] GC(344) Pause Young (Mixed) (G1 Evacuation Pause) (Evacuation Failure: Allocation) 55M->47M(64M) 5.500ms
[2026-06-17T10:06:31.398+0800][11.049s][info][gc,cpu      ] GC(344) User=0.00s Sys=0.00s Real=0.00s
[2026-06-17T10:06:31.419+0800][11.070s][info][gc,start    ] GC(345) Pause Young (Concurrent Start) (G1 Evacuation Pause)
[2026-06-17T10:06:31.479+0800][11.129s][info][gc,task     ] GC(345) Using 2 workers of 18 for evacuation
[2026-06-17T10:06:31.481+0800][11.131s][info][gc,phases   ] GC(345)   Pre Evacuate Collection Set: 0.20ms
[2026-06-17T10:06:31.481+0800][11.132s][info][gc,phases   ] GC(345)   Merge Heap Roots: 0.04ms
[2026-06-17T10:06:31.483+0800][11.134s][info][gc,phases   ] GC(345)   Evacuate Collection Set: 0.39ms
[2026-06-17T10:06:31.485+0800][11.136s][info][gc,phases   ] GC(345)   Post Evacuate Collection Set: 0.19ms
[2026-06-17T10:06:31.486+0800][11.136s][info][gc,phases   ] GC(345)   Other: 1.41ms
[2026-06-17T10:06:31.486+0800][11.137s][info][gc,heap     ] GC(345) Eden regions: 9->0(7)
[2026-06-17T10:06:31.489+0800][11.139s][info][gc,heap     ] GC(345) Survivor regions: 2->2(2)
[2026-06-17T10:06:31.490+0800][11.141s][info][gc,heap     ] GC(345) Old regions: 31->34
[2026-06-17T10:06:31.492+0800][11.143s][info][gc,heap     ] GC(345) Humongous regions: 14->14
[2026-06-17T10:06:31.495+0800][11.146s][info][gc,metaspace] GC(345) Metaspace: 114K(320K)->114K(320K) NonClass: 107K(192K)->107K(192K) Class: 7K(128K)->7K(128K)
[2026-06-17T10:06:31.497+0800][11.148s][info][gc          ] GC(345) Pause Young (Concurrent Start) (G1 Evacuation Pause) 55M->49M(64M) 77.805ms
[2026-06-17T10:06:31.498+0800][11.149s][info][gc,cpu      ] GC(345) User=0.00s Sys=0.00s Real=0.08s
[2026-06-17T10:06:31.498+0800][11.149s][info][gc          ] GC(346) Concurrent Mark Cycle
[2026-06-17T10:06:31.502+0800][11.153s][info][gc,marking  ] GC(346) Concurrent Scan Root Regions
[2026-06-17T10:06:31.503+0800][11.154s][info][gc,marking  ] GC(346) Concurrent Scan Root Regions 1.087ms
[2026-06-17T10:06:31.503+0800][11.154s][info][gc,marking  ] GC(346) Concurrent Mark
[2026-06-17T10:06:31.504+0800][11.154s][info][gc,marking  ] GC(346) Concurrent Mark From Roots
[2026-06-17T10:06:31.506+0800][11.156s][info][gc,task     ] GC(346) Using 5 workers of 5 for marking
[2026-06-17T10:06:31.507+0800][11.158s][info][gc,marking  ] GC(346) Concurrent Mark From Roots 3.317ms
[2026-06-17T10:06:31.508+0800][11.159s][info][gc,marking  ] GC(346) Concurrent Preclean
[2026-06-17T10:06:31.509+0800][11.160s][info][gc,marking  ] GC(346) Concurrent Preclean 1.025ms
[2026-06-17T10:06:31.510+0800][11.161s][info][gc,start    ] GC(346) Pause Remark
[2026-06-17T10:06:31.511+0800][11.161s][info][gc          ] GC(346) Pause Remark 51M->43M(64M) 0.856ms
[2026-06-17T10:06:31.513+0800][11.164s][info][gc,cpu      ] GC(346) User=0.00s Sys=0.00s Real=0.01s
[2026-06-17T10:06:31.514+0800][11.164s][info][gc,marking  ] GC(346) Concurrent Mark 10.513ms
[2026-06-17T10:06:31.514+0800][11.165s][info][gc,marking  ] GC(346) Concurrent Rebuild Remembered Sets and Scrub Regions
[2026-06-17T10:06:31.514+0800][11.165s][info][gc,start    ] GC(347) Pause Young (Normal) (G1 Evacuation Pause)
[2026-06-17T10:06:31.515+0800][11.165s][info][gc,task     ] GC(347) Using 2 workers of 18 for evacuation
[2026-06-17T10:06:31.519+0800][11.169s][info][gc,phases   ] GC(347)   Pre Evacuate Collection Set: 0.11ms
[2026-06-17T10:06:31.531+0800][11.181s][info][gc,phases   ] GC(347)   Merge Heap Roots: 0.05ms
[2026-06-17T10:06:31.531+0800][11.181s][info][gc,phases   ] GC(347)   Evacuate Collection Set: 0.18ms
[2026-06-17T10:06:31.531+0800][11.182s][info][gc,phases   ] GC(347)   Post Evacuate Collection Set: 0.16ms
[2026-06-17T10:06:31.532+0800][11.183s][info][gc,phases   ] GC(347)   Other: 3.23ms
[2026-06-17T10:06:31.548+0800][11.198s][info][gc,heap     ] GC(347) Eden regions: 7->0(11)
[2026-06-17T10:06:31.549+0800][11.199s][info][gc,heap     ] GC(347) Survivor regions: 2->2(2)
[2026-06-17T10:06:31.549+0800][11.200s][info][gc,heap     ] GC(347) Old regions: 26->27
[2026-06-17T10:06:31.550+0800][11.201s][info][gc,heap     ] GC(347) Humongous regions: 14->14
[2026-06-17T10:06:31.551+0800][11.202s][info][gc,metaspace] GC(347) Metaspace: 114K(320K)->114K(320K) NonClass: 107K(192K)->107K(192K) Class: 7K(128K)->7K(128K)
[2026-06-17T10:06:31.553+0800][11.204s][info][gc          ] GC(347) Pause Young (Normal) (G1 Evacuation Pause) 48M->42M(64M) 38.743ms
[2026-06-17T10:06:31.556+0800][11.206s][info][gc,cpu      ] GC(347) User=0.00s Sys=0.00s Real=0.04s
[2026-06-17T10:06:31.556+0800][11.207s][info][gc,marking  ] GC(346) Concurrent Rebuild Remembered Sets and Scrub Regions 42.408ms
[2026-06-17T10:06:31.557+0800][11.207s][info][gc,start    ] GC(346) Pause Cleanup
[2026-06-17T10:06:31.558+0800][11.208s][info][gc          ] GC(346) Pause Cleanup 43M->43M(64M) 0.790ms
[2026-06-17T10:06:31.558+0800][11.208s][info][gc,cpu      ] GC(346) User=0.00s Sys=0.00s Real=0.00s
[2026-06-17T10:06:31.558+0800][11.209s][info][gc,marking  ] GC(346) Concurrent Clear Claimed Marks
[2026-06-17T10:06:31.559+0800][11.210s][info][gc,marking  ] GC(346) Concurrent Clear Claimed Marks 0.865ms
[2026-06-17T10:06:31.559+0800][11.210s][info][gc,marking  ] GC(346) Concurrent Cleanup for Next Mark
[2026-06-17T10:06:31.560+0800][11.210s][info][gc,marking  ] GC(346) Concurrent Cleanup for Next Mark 0.255ms
[2026-06-17T10:06:31.560+0800][11.210s][info][gc          ] GC(346) Concurrent Mark Cycle 61.578ms
[2026-06-17T10:06:31.588+0800][11.238s][info][gc,start    ] GC(348) Pause Young (Prepare Mixed) (G1 Evacuation Pause)
[2026-06-17T10:06:31.595+0800][11.246s][info][gc,task     ] GC(348) Using 2 workers of 18 for evacuation
[2026-06-17T10:06:31.599+0800][11.250s][info][gc,phases   ] GC(348)   Pre Evacuate Collection Set: 0.32ms
[2026-06-17T10:06:31.604+0800][11.255s][info][gc,phases   ] GC(348)   Merge Heap Roots: 0.10ms
[2026-06-17T10:06:31.606+0800][11.256s][info][gc,phases   ] GC(348)   Evacuate Collection Set: 0.72ms
[2026-06-17T10:06:31.609+0800][11.259s][info][gc,phases   ] GC(348)   Post Evacuate Collection Set: 0.39ms
[2026-06-17T10:06:31.610+0800][11.260s][info][gc,phases   ] GC(348)   Other: 2.66ms
[2026-06-17T10:06:31.611+0800][11.261s][info][gc,heap     ] GC(348) Eden regions: 11->0(8)
[2026-06-17T10:06:31.611+0800][11.262s][info][gc,heap     ] GC(348) Survivor regions: 2->2(2)
[2026-06-17T10:06:31.612+0800][11.263s][info][gc,heap     ] GC(348) Old regions: 27->31
[2026-06-17T10:06:31.613+0800][11.264s][info][gc,heap     ] GC(348) Humongous regions: 14->14
[2026-06-17T10:06:31.614+0800][11.264s][info][gc,metaspace] GC(348) Metaspace: 114K(320K)->114K(320K) NonClass: 107K(192K)->107K(192K) Class: 7K(128K)->7K(128K)
[2026-06-17T10:06:31.616+0800][11.266s][info][gc          ] GC(348) Pause Young (Prepare Mixed) (G1 Evacuation Pause) 53M->46M(64M) 28.184ms
[2026-06-17T10:06:31.617+0800][11.268s][info][gc,cpu      ] GC(348) User=0.00s Sys=0.00s Real=0.03s
[2026-06-17T10:06:31.640+0800][11.291s][info][gc,start    ] GC(349) Pause Young (Mixed) (G1 Evacuation Pause)
[2026-06-17T10:06:31.642+0800][11.293s][info][gc,task     ] GC(349) Using 2 workers of 18 for evacuation
[2026-06-17T10:06:31.648+0800][11.299s][info][gc,phases   ] GC(349)   Pre Evacuate Collection Set: 0.33ms
[2026-06-17T10:06:31.649+0800][11.300s][info][gc,phases   ] GC(349)   Merge Heap Roots: 0.19ms
[2026-06-17T10:06:31.651+0800][11.301s][info][gc,phases   ] GC(349)   Evacuate Collection Set: 0.97ms
[2026-06-17T10:06:31.653+0800][11.303s][info][gc,phases   ] GC(349)   Post Evacuate Collection Set: 0.81ms
[2026-06-17T10:06:31.654+0800][11.305s][info][gc,phases   ] GC(349)   Other: 3.62ms
[2026-06-17T10:06:31.656+0800][11.307s][info][gc,heap     ] GC(349) Eden regions: 8->0(7)
[2026-06-17T10:06:31.659+0800][11.309s][info][gc,heap     ] GC(349) Survivor regions: 2->2(2)
[2026-06-17T10:06:31.660+0800][11.311s][info][gc,heap     ] GC(349) Old regions: 31->30
[2026-06-17T10:06:31.662+0800][11.313s][info][gc,heap     ] GC(349) Humongous regions: 16->16
[2026-06-17T10:06:31.664+0800][11.314s][info][gc,metaspace] GC(349) Metaspace: 114K(320K)->114K(320K) NonClass: 107K(192K)->107K(192K) Class: 7K(128K)->7K(128K)
[2026-06-17T10:06:31.666+0800][11.317s][info][gc          ] GC(349) Pause Young (Mixed) (G1 Evacuation Pause) (Evacuation Failure: Allocation) 56M->48M(64M) 25.861ms
[2026-06-17T10:06:31.670+0800][11.320s][info][gc,cpu      ] GC(349) User=0.00s Sys=0.00s Real=0.03s
[2026-06-17T10:06:31.693+0800][11.343s][info][gc,start    ] GC(350) Pause Young (Concurrent Start) (G1 Evacuation Pause)
[2026-06-17T10:06:31.693+0800][11.343s][info][gc,task     ] GC(350) Using 2 workers of 18 for evacuation
[2026-06-17T10:06:31.694+0800][11.344s][info][gc,phases   ] GC(350)   Pre Evacuate Collection Set: 0.18ms
[2026-06-17T10:06:31.694+0800][11.345s][info][gc,phases   ] GC(350)   Merge Heap Roots: 0.04ms
[2026-06-17T10:06:31.694+0800][11.345s][info][gc,phases   ] GC(350)   Evacuate Collection Set: 0.34ms
[2026-06-17T10:06:31.694+0800][11.345s][info][gc,phases   ] GC(350)   Post Evacuate Collection Set: 0.16ms
[2026-06-17T10:06:31.694+0800][11.345s][info][gc,phases   ] GC(350)   Other: 0.23ms
[2026-06-17T10:06:31.694+0800][11.345s][info][gc,heap     ] GC(350) Eden regions: 7->0(7)
[2026-06-17T10:06:31.694+0800][11.345s][info][gc,heap     ] GC(350) Survivor regions: 2->2(2)
[2026-06-17T10:06:31.695+0800][11.345s][info][gc,heap     ] GC(350) Old regions: 30->30
[2026-06-17T10:06:31.695+0800][11.345s][info][gc,heap     ] GC(350) Humongous regions: 16->16
[2026-06-17T10:06:31.695+0800][11.345s][info][gc,metaspace] GC(350) Metaspace: 114K(320K)->114K(320K) NonClass: 107K(192K)->107K(192K) Class: 7K(128K)->7K(128K)
[2026-06-17T10:06:31.695+0800][11.345s][info][gc          ] GC(350) Pause Young (Concurrent Start) (G1 Evacuation Pause) 54M->47M(64M) 2.268ms
[2026-06-17T10:06:31.695+0800][11.346s][info][gc,cpu      ] GC(350) User=0.01s Sys=0.00s Real=0.00s
[2026-06-17T10:06:31.695+0800][11.346s][info][gc          ] GC(351) Concurrent Mark Cycle
[2026-06-17T10:06:31.695+0800][11.346s][info][gc,marking  ] GC(351) Concurrent Scan Root Regions
[2026-06-17T10:06:31.695+0800][11.346s][info][gc,marking  ] GC(351) Concurrent Scan Root Regions 0.150ms
[2026-06-17T10:06:31.695+0800][11.346s][info][gc,marking  ] GC(351) Concurrent Mark
[2026-06-17T10:06:31.696+0800][11.346s][info][gc,marking  ] GC(351) Concurrent Mark From Roots
[2026-06-17T10:06:31.696+0800][11.346s][info][gc,task     ] GC(351) Using 5 workers of 5 for marking
[2026-06-17T10:06:31.697+0800][11.347s][info][gc,marking  ] GC(351) Concurrent Mark From Roots 1.222ms
[2026-06-17T10:06:31.697+0800][11.348s][info][gc,marking  ] GC(351) Concurrent Preclean
[2026-06-17T10:06:31.697+0800][11.348s][info][gc,marking  ] GC(351) Concurrent Preclean 0.129ms
[2026-06-17T10:06:31.697+0800][11.348s][info][gc,start    ] GC(351) Pause Remark
[2026-06-17T10:06:31.698+0800][11.348s][info][gc          ] GC(351) Pause Remark 50M->42M(64M) 0.393ms
[2026-06-17T10:06:31.698+0800][11.348s][info][gc,cpu      ] GC(351) User=0.00s Sys=0.00s Real=0.00s
[2026-06-17T10:06:31.698+0800][11.348s][info][gc,marking  ] GC(351) Concurrent Mark 2.416ms
[2026-06-17T10:06:31.698+0800][11.349s][info][gc,marking  ] GC(351) Concurrent Rebuild Remembered Sets and Scrub Regions
[2026-06-17T10:06:31.698+0800][11.349s][info][gc,marking  ] GC(351) Concurrent Rebuild Remembered Sets and Scrub Regions 0.442ms
[2026-06-17T10:06:31.699+0800][11.349s][info][gc,start    ] GC(351) Pause Cleanup
[2026-06-17T10:06:31.699+0800][11.349s][info][gc          ] GC(351) Pause Cleanup 42M->42M(64M) 0.083ms
[2026-06-17T10:06:31.699+0800][11.349s][info][gc,cpu      ] GC(351) User=0.00s Sys=0.00s Real=0.00s
[2026-06-17T10:06:31.699+0800][11.349s][info][gc,marking  ] GC(351) Concurrent Clear Claimed Marks
[2026-06-17T10:06:31.699+0800][11.349s][info][gc,marking  ] GC(351) Concurrent Clear Claimed Marks 0.070ms
[2026-06-17T10:06:31.699+0800][11.350s][info][gc,marking  ] GC(351) Concurrent Cleanup for Next Mark
[2026-06-17T10:06:31.699+0800][11.350s][info][gc,marking  ] GC(351) Concurrent Cleanup for Next Mark 0.165ms
[2026-06-17T10:06:31.699+0800][11.350s][info][gc          ] GC(351) Concurrent Mark Cycle 4.277ms
[2026-06-17T10:06:31.716+0800][11.367s][info][gc,start    ] GC(352) Pause Young (Prepare Mixed) (G1 Evacuation Pause)
[2026-06-17T10:06:31.716+0800][11.367s][info][gc,task     ] GC(352) Using 2 workers of 18 for evacuation
[2026-06-17T10:06:31.717+0800][11.368s][info][gc,phases   ] GC(352)   Pre Evacuate Collection Set: 0.10ms
[2026-06-17T10:06:31.717+0800][11.368s][info][gc,phases   ] GC(352)   Merge Heap Roots: 0.04ms
[2026-06-17T10:06:31.717+0800][11.368s][info][gc,phases   ] GC(352)   Evacuate Collection Set: 0.18ms
[2026-06-17T10:06:31.717+0800][11.368s][info][gc,phases   ] GC(352)   Post Evacuate Collection Set: 0.20ms
[2026-06-17T10:06:31.718+0800][11.368s][info][gc,phases   ] GC(352)   Other: 0.18ms
[2026-06-17T10:06:31.718+0800][11.368s][info][gc,heap     ] GC(352) Eden regions: 7->0(12)
[2026-06-17T10:06:31.718+0800][11.369s][info][gc,heap     ] GC(352) Survivor regions: 2->1(2)
[2026-06-17T10:06:31.718+0800][11.369s][info][gc,heap     ] GC(352) Old regions: 22->24
[2026-06-17T10:06:31.718+0800][11.369s][info][gc,heap     ] GC(352) Humongous regions: 16->16
[2026-06-17T10:06:31.718+0800][11.369s][info][gc,metaspace] GC(352) Metaspace: 114K(320K)->114K(320K) NonClass: 107K(192K)->107K(192K) Class: 7K(128K)->7K(128K)
[2026-06-17T10:06:31.719+0800][11.369s][info][gc          ] GC(352) Pause Young (Prepare Mixed) (G1 Evacuation Pause) 46M->39M(64M) 2.542ms
[2026-06-17T10:06:31.719+0800][11.369s][info][gc,cpu      ] GC(352) User=0.00s Sys=0.00s Real=0.00s
[2026-06-17T10:06:31.740+0800][11.391s][info][gc,start    ] GC(353) Pause Young (Mixed) (G1 Evacuation Pause)
[2026-06-17T10:06:31.741+0800][11.391s][info][gc,task     ] GC(353) Using 2 workers of 18 for evacuation
[2026-06-17T10:06:31.742+0800][11.393s][info][gc,phases   ] GC(353)   Pre Evacuate Collection Set: 0.17ms
[2026-06-17T10:06:31.743+0800][11.393s][info][gc,phases   ] GC(353)   Merge Heap Roots: 0.08ms
[2026-06-17T10:06:31.743+0800][11.393s][info][gc,phases   ] GC(353)   Evacuate Collection Set: 0.53ms
[2026-06-17T10:06:31.743+0800][11.393s][info][gc,phases   ] GC(353)   Post Evacuate Collection Set: 0.24ms
[2026-06-17T10:06:31.743+0800][11.394s][info][gc,phases   ] GC(353)   Other: 0.51ms
[2026-06-17T10:06:31.743+0800][11.394s][info][gc,heap     ] GC(353) Eden regions: 12->0(10)
[2026-06-17T10:06:31.743+0800][11.394s][info][gc,heap     ] GC(353) Survivor regions: 1->2(2)
[2026-06-17T10:06:31.743+0800][11.394s][info][gc,heap     ] GC(353) Old regions: 24->24
[2026-06-17T10:06:31.744+0800][11.394s][info][gc,heap     ] GC(353) Humongous regions: 16->16
[2026-06-17T10:06:31.744+0800][11.394s][info][gc,metaspace] GC(353) Metaspace: 114K(320K)->114K(320K) NonClass: 107K(192K)->107K(192K) Class: 7K(128K)->7K(128K)
[2026-06-17T10:06:31.744+0800][11.394s][info][gc          ] GC(353) Pause Young (Mixed) (G1 Evacuation Pause) 51M->41M(64M) 3.885ms
[2026-06-17T10:06:31.744+0800][11.394s][info][gc,cpu      ] GC(353) User=0.00s Sys=0.00s Real=0.01s
[2026-06-17T10:06:31.775+0800][11.426s][info][gc,start    ] GC(354) Pause Young (Mixed) (G1 Evacuation Pause)
[2026-06-17T10:06:31.776+0800][11.427s][info][gc,task     ] GC(354) Using 2 workers of 18 for evacuation
[2026-06-17T10:06:31.777+0800][11.428s][info][gc,phases   ] GC(354)   Pre Evacuate Collection Set: 0.16ms
[2026-06-17T10:06:31.778+0800][11.428s][info][gc,phases   ] GC(354)   Merge Heap Roots: 0.05ms
[2026-06-17T10:06:31.778+0800][11.428s][info][gc,phases   ] GC(354)   Evacuate Collection Set: 0.46ms
[2026-06-17T10:06:31.778+0800][11.429s][info][gc,phases   ] GC(354)   Post Evacuate Collection Set: 0.22ms
[2026-06-17T10:06:31.778+0800][11.429s][info][gc,phases   ] GC(354)   Other: 0.38ms
[2026-06-17T10:06:31.779+0800][11.429s][info][gc,heap     ] GC(354) Eden regions: 10->0(10)
[2026-06-17T10:06:31.779+0800][11.430s][info][gc,heap     ] GC(354) Survivor regions: 2->2(2)
[2026-06-17T10:06:31.779+0800][11.430s][info][gc,heap     ] GC(354) Old regions: 24->24
[2026-06-17T10:06:31.779+0800][11.430s][info][gc,heap     ] GC(354) Humongous regions: 16->16
[2026-06-17T10:06:31.780+0800][11.430s][info][gc,metaspace] GC(354) Metaspace: 114K(320K)->114K(320K) NonClass: 107K(192K)->107K(192K) Class: 7K(128K)->7K(128K)
[2026-06-17T10:06:31.780+0800][11.431s][info][gc          ] GC(354) Pause Young (Mixed) (G1 Evacuation Pause) 51M->41M(64M) 4.627ms
[2026-06-17T10:06:31.780+0800][11.431s][info][gc,cpu      ] GC(354) User=0.00s Sys=0.00s Real=0.00s
[2026-06-17T10:06:31.802+0800][11.452s][info][gc,start    ] GC(355) Pause Young (Concurrent Start) (G1 Evacuation Pause)
[2026-06-17T10:06:31.802+0800][11.453s][info][gc,task     ] GC(355) Using 2 workers of 18 for evacuation
[2026-06-17T10:06:31.804+0800][11.454s][info][gc,phases   ] GC(355)   Pre Evacuate Collection Set: 0.23ms
[2026-06-17T10:06:31.804+0800][11.455s][info][gc,phases   ] GC(355)   Merge Heap Roots: 0.07ms
[2026-06-17T10:06:31.805+0800][11.455s][info][gc,phases   ] GC(355)   Evacuate Collection Set: 0.45ms
[2026-06-17T10:06:31.805+0800][11.456s][info][gc,phases   ] GC(355)   Post Evacuate Collection Set: 0.19ms
[2026-06-17T10:06:31.806+0800][11.456s][info][gc,phases   ] GC(355)   Other: 0.62ms
[2026-06-17T10:06:31.806+0800][11.456s][info][gc,heap     ] GC(355) Eden regions: 10->0(7)
[2026-06-17T10:06:31.807+0800][11.457s][info][gc,heap     ] GC(355) Survivor regions: 2->2(2)
[2026-06-17T10:06:31.807+0800][11.457s][info][gc,heap     ] GC(355) Old regions: 24->29
[2026-06-17T10:06:31.807+0800][11.458s][info][gc,heap     ] GC(355) Humongous regions: 16->16
[2026-06-17T10:06:31.808+0800][11.458s][info][gc,metaspace] GC(355) Metaspace: 114K(320K)->114K(320K) NonClass: 107K(192K)->107K(192K) Class: 7K(128K)->7K(128K)
[2026-06-17T10:06:31.808+0800][11.459s][info][gc          ] GC(355) Pause Young (Concurrent Start) (G1 Evacuation Pause) 51M->46M(64M) 6.547ms
[2026-06-17T10:06:31.809+0800][11.459s][info][gc,cpu      ] GC(355) User=0.00s Sys=0.00s Real=0.01s
[2026-06-17T10:06:31.809+0800][11.459s][info][gc          ] GC(356) Concurrent Mark Cycle
[2026-06-17T10:06:31.809+0800][11.460s][info][gc,marking  ] GC(356) Concurrent Scan Root Regions
[2026-06-17T10:06:31.810+0800][11.460s][info][gc,marking  ] GC(356) Concurrent Scan Root Regions 0.420ms
[2026-06-17T10:06:31.810+0800][11.461s][info][gc,marking  ] GC(356) Concurrent Mark
[2026-06-17T10:06:31.810+0800][11.461s][info][gc,marking  ] GC(356) Concurrent Mark From Roots
[2026-06-17T10:06:31.811+0800][11.461s][info][gc,task     ] GC(356) Using 5 workers of 5 for marking
[2026-06-17T10:06:31.812+0800][11.463s][info][gc,marking  ] GC(356) Concurrent Mark From Roots 1.503ms
[2026-06-17T10:06:31.815+0800][11.465s][info][gc,marking  ] GC(356) Concurrent Preclean
[2026-06-17T10:06:31.815+0800][11.465s][info][gc,marking  ] GC(356) Concurrent Preclean 0.409ms
[2026-06-17T10:06:31.816+0800][11.466s][info][gc,start    ] GC(356) Pause Remark
[2026-06-17T10:06:31.817+0800][11.467s][info][gc          ] GC(356) Pause Remark 47M->46M(64M) 1.057ms
[2026-06-17T10:06:31.817+0800][11.467s][info][gc,cpu      ] GC(356) User=0.00s Sys=0.00s Real=0.00s
[2026-06-17T10:06:31.817+0800][11.468s][info][gc,marking  ] GC(356) Concurrent Mark 6.900ms
[2026-06-17T10:06:31.817+0800][11.468s][info][gc,marking  ] GC(356) Concurrent Rebuild Remembered Sets and Scrub Regions
[2026-06-17T10:06:31.818+0800][11.469s][info][gc,marking  ] GC(356) Concurrent Rebuild Remembered Sets and Scrub Regions 0.790ms
[2026-06-17T10:06:31.819+0800][11.469s][info][gc,start    ] GC(356) Pause Cleanup
[2026-06-17T10:06:31.819+0800][11.470s][info][gc          ] GC(356) Pause Cleanup 46M->46M(64M) 0.415ms
[2026-06-17T10:06:31.819+0800][11.470s][info][gc,cpu      ] GC(356) User=0.00s Sys=0.00s Real=0.00s
[2026-06-17T10:06:31.820+0800][11.470s][info][gc,marking  ] GC(356) Concurrent Clear Claimed Marks
[2026-06-17T10:06:31.820+0800][11.471s][info][gc,marking  ] GC(356) Concurrent Clear Claimed Marks 0.334ms
[2026-06-17T10:06:31.820+0800][11.471s][info][gc,marking  ] GC(356) Concurrent Cleanup for Next Mark
[2026-06-17T10:06:31.821+0800][11.471s][info][gc,marking  ] GC(356) Concurrent Cleanup for Next Mark 0.495ms
[2026-06-17T10:06:31.821+0800][11.472s][info][gc          ] GC(356) Concurrent Mark Cycle 12.408ms
[2026-06-17T10:06:31.830+0800][11.481s][info][gc,start    ] GC(357) Pause Young (Prepare Mixed) (G1 Evacuation Pause)
[2026-06-17T10:06:31.831+0800][11.482s][info][gc,task     ] GC(357) Using 2 workers of 18 for evacuation
[2026-06-17T10:06:31.832+0800][11.483s][info][gc,phases   ] GC(357)   Pre Evacuate Collection Set: 0.18ms
[2026-06-17T10:06:31.833+0800][11.483s][info][gc,phases   ] GC(357)   Merge Heap Roots: 0.07ms
[2026-06-17T10:06:31.833+0800][11.484s][info][gc,phases   ] GC(357)   Evacuate Collection Set: 0.29ms
[2026-06-17T10:06:31.833+0800][11.484s][info][gc,phases   ] GC(357)   Post Evacuate Collection Set: 0.22ms
[2026-06-17T10:06:31.834+0800][11.484s][info][gc,phases   ] GC(357)   Other: 0.52ms
[2026-06-17T10:06:31.834+0800][11.485s][info][gc,heap     ] GC(357) Eden regions: 7->0(7)
[2026-06-17T10:06:31.834+0800][11.485s][info][gc,heap     ] GC(357) Survivor regions: 2->2(2)
[2026-06-17T10:06:31.835+0800][11.485s][info][gc,heap     ] GC(357) Old regions: 28->29
[2026-06-17T10:06:31.835+0800][11.486s][info][gc,heap     ] GC(357) Humongous regions: 16->16
[2026-06-17T10:06:31.836+0800][11.486s][info][gc,metaspace] GC(357) Metaspace: 114K(320K)->114K(320K) NonClass: 107K(192K)->107K(192K) Class: 7K(128K)->7K(128K)
[2026-06-17T10:06:31.836+0800][11.487s][info][gc          ] GC(357) Pause Young (Prepare Mixed) (G1 Evacuation Pause) 52M->46M(64M) 5.719ms
[2026-06-17T10:06:31.837+0800][11.487s][info][gc,cpu      ] GC(357) User=0.00s Sys=0.00s Real=0.01s
[2026-06-17T10:06:31.859+0800][11.509s][info][gc,start    ] GC(358) Pause Young (Mixed) (G1 Evacuation Pause)
[2026-06-17T10:06:31.859+0800][11.510s][info][gc,task     ] GC(358) Using 2 workers of 18 for evacuation
[2026-06-17T10:06:31.860+0800][11.511s][info][gc,phases   ] GC(358)   Pre Evacuate Collection Set: 0.23ms
[2026-06-17T10:06:31.861+0800][11.511s][info][gc,phases   ] GC(358)   Merge Heap Roots: 0.08ms
[2026-06-17T10:06:31.861+0800][11.512s][info][gc,phases   ] GC(358)   Evacuate Collection Set: 0.53ms
[2026-06-17T10:06:31.861+0800][11.512s][info][gc,phases   ] GC(358)   Post Evacuate Collection Set: 0.32ms
[2026-06-17T10:06:31.861+0800][11.512s][info][gc,phases   ] GC(358)   Other: 0.29ms
[2026-06-17T10:06:31.862+0800][11.512s][info][gc,heap     ] GC(358) Eden regions: 7->0(10)
[2026-06-17T10:06:31.862+0800][11.512s][info][gc,heap     ] GC(358) Survivor regions: 2->2(2)
[2026-06-17T10:06:31.862+0800][11.512s][info][gc,heap     ] GC(358) Old regions: 29->25
[2026-06-17T10:06:31.862+0800][11.513s][info][gc,heap     ] GC(358) Humongous regions: 16->16
[2026-06-17T10:06:31.862+0800][11.513s][info][gc,metaspace] GC(358) Metaspace: 114K(320K)->114K(320K) NonClass: 107K(192K)->107K(192K) Class: 7K(128K)->7K(128K)
[2026-06-17T10:06:31.862+0800][11.513s][info][gc          ] GC(358) Pause Young (Mixed) (G1 Evacuation Pause) 53M->42M(64M) 3.743ms
[2026-06-17T10:06:31.863+0800][11.513s][info][gc,cpu      ] GC(358) User=0.00s Sys=0.00s Real=0.01s
[2026-06-17T10:06:31.873+0800][11.524s][info][gc,start    ] GC(359) Pause Young (Concurrent Start) (G1 Humongous Allocation)
[2026-06-17T10:06:31.874+0800][11.524s][info][gc,task     ] GC(359) Using 2 workers of 18 for evacuation
[2026-06-17T10:06:31.875+0800][11.525s][info][gc,phases   ] GC(359)   Pre Evacuate Collection Set: 0.20ms
[2026-06-17T10:06:31.875+0800][11.526s][info][gc,phases   ] GC(359)   Merge Heap Roots: 0.04ms
[2026-06-17T10:06:31.875+0800][11.526s][info][gc,phases   ] GC(359)   Evacuate Collection Set: 0.28ms
[2026-06-17T10:06:31.875+0800][11.526s][info][gc,phases   ] GC(359)   Post Evacuate Collection Set: 0.15ms
[2026-06-17T10:06:31.875+0800][11.526s][info][gc,phases   ] GC(359)   Other: 0.25ms
[2026-06-17T10:06:31.875+0800][11.526s][info][gc,heap     ] GC(359) Eden regions: 8->0(10)
[2026-06-17T10:06:31.875+0800][11.526s][info][gc,heap     ] GC(359) Survivor regions: 2->2(2)
[2026-06-17T10:06:31.875+0800][11.526s][info][gc,heap     ] GC(359) Old regions: 25->27
[2026-06-17T10:06:31.876+0800][11.526s][info][gc,heap     ] GC(359) Humongous regions: 16->16
[2026-06-17T10:06:31.876+0800][11.526s][info][gc,metaspace] GC(359) Metaspace: 115K(320K)->115K(320K) NonClass: 108K(192K)->108K(192K) Class: 7K(128K)->7K(128K)
[2026-06-17T10:06:31.876+0800][11.526s][info][gc          ] GC(359) Pause Young (Concurrent Start) (G1 Humongous Allocation) 50M->44M(64M) 2.342ms
[2026-06-17T10:06:31.876+0800][11.527s][info][gc,cpu      ] GC(359) User=0.00s Sys=0.00s Real=0.00s
[2026-06-17T10:06:31.876+0800][11.527s][info][gc          ] GC(360) Concurrent Mark Cycle
[2026-06-17T10:06:31.877+0800][11.527s][info][gc,marking  ] GC(360) Concurrent Scan Root Regions
[2026-06-17T10:06:31.877+0800][11.527s][info][gc,marking  ] GC(360) Concurrent Scan Root Regions 0.169ms
[2026-06-17T10:06:31.877+0800][11.527s][info][gc,marking  ] GC(360) Concurrent Mark
[2026-06-17T10:06:31.877+0800][11.528s][info][gc,marking  ] GC(360) Concurrent Mark From Roots
[2026-06-17T10:06:31.877+0800][11.528s][info][gc,task     ] GC(360) Using 5 workers of 5 for marking
[2026-06-17T10:06:31.878+0800][11.529s][info][gc,marking  ] GC(360) Concurrent Mark From Roots 1.346ms
[2026-06-17T10:06:31.886+0800][11.536s][info][gc,marking  ] GC(360) Concurrent Preclean
[2026-06-17T10:06:31.893+0800][11.543s][info][gc,marking  ] GC(360) Concurrent Preclean 6.990ms
[2026-06-17T10:06:31.894+0800][11.544s][info][gc,start    ] GC(360) Pause Remark
[2026-06-17T10:06:31.895+0800][11.546s][info][gc          ] GC(360) Pause Remark 49M->49M(64M) 1.487ms
[2026-06-17T10:06:31.896+0800][11.546s][info][gc,cpu      ] GC(360) User=0.00s Sys=0.00s Real=0.00s
[2026-06-17T10:06:31.896+0800][11.546s][info][gc,marking  ] GC(360) Concurrent Mark 18.802ms
[2026-06-17T10:06:31.896+0800][11.546s][info][gc,marking  ] GC(360) Concurrent Rebuild Remembered Sets and Scrub Regions
[2026-06-17T10:06:31.896+0800][11.547s][info][gc,marking  ] GC(360) Concurrent Rebuild Remembered Sets and Scrub Regions 0.645ms
[2026-06-17T10:06:31.897+0800][11.547s][info][gc,start    ] GC(360) Pause Cleanup
[2026-06-17T10:06:31.897+0800][11.548s][info][gc          ] GC(360) Pause Cleanup 49M->49M(64M) 0.198ms
[2026-06-17T10:06:31.897+0800][11.548s][info][gc,cpu      ] GC(360) User=0.00s Sys=0.00s Real=0.00s
[2026-06-17T10:06:31.898+0800][11.548s][info][gc,marking  ] GC(360) Concurrent Clear Claimed Marks
[2026-06-17T10:06:31.898+0800][11.548s][info][gc,marking  ] GC(360) Concurrent Clear Claimed Marks 0.256ms
[2026-06-17T10:06:31.898+0800][11.548s][info][gc,marking  ] GC(360) Concurrent Cleanup for Next Mark
[2026-06-17T10:06:31.898+0800][11.549s][info][gc,marking  ] GC(360) Concurrent Cleanup for Next Mark 0.206ms
[2026-06-17T10:06:31.898+0800][11.549s][info][gc          ] GC(360) Concurrent Mark Cycle 21.910ms
[2026-06-17T10:06:31.908+0800][11.559s][info][gc,start    ] GC(361) Pause Young (Prepare Mixed) (G1 Evacuation Pause)
[2026-06-17T10:06:31.909+0800][11.559s][info][gc,task     ] GC(361) Using 2 workers of 18 for evacuation
[2026-06-17T10:06:31.915+0800][11.565s][info][gc,phases   ] GC(361)   Pre Evacuate Collection Set: 0.21ms
[2026-06-17T10:06:31.917+0800][11.568s][info][gc,phases   ] GC(361)   Merge Heap Roots: 0.05ms
[2026-06-17T10:06:31.918+0800][11.568s][info][gc,phases   ] GC(361)   Evacuate Collection Set: 0.42ms
[2026-06-17T10:06:31.918+0800][11.568s][info][gc,phases   ] GC(361)   Post Evacuate Collection Set: 0.21ms
[2026-06-17T10:06:31.918+0800][11.569s][info][gc,phases   ] GC(361)   Other: 5.14ms
[2026-06-17T10:06:31.918+0800][11.569s][info][gc,heap     ] GC(361) Eden regions: 10->0(12)
[2026-06-17T10:06:31.918+0800][11.569s][info][gc,heap     ] GC(361) Survivor regions: 2->2(2)
[2026-06-17T10:06:31.918+0800][11.569s][info][gc,heap     ] GC(361) Old regions: 27->30
[2026-06-17T10:06:31.919+0800][11.569s][info][gc,heap     ] GC(361) Humongous regions: 18->10
[2026-06-17T10:06:31.919+0800][11.569s][info][gc,metaspace] GC(361) Metaspace: 115K(320K)->115K(320K) NonClass: 108K(192K)->108K(192K) Class: 7K(128K)->7K(128K)
[2026-06-17T10:06:31.919+0800][11.569s][info][gc          ] GC(361) Pause Young (Prepare Mixed) (G1 Evacuation Pause) 56M->41M(64M) 10.610ms
[2026-06-17T10:06:31.919+0800][11.570s][info][gc,cpu      ] GC(361) User=0.00s Sys=0.00s Real=0.01s
[2026-06-17T10:06:31.950+0800][11.601s][info][gc,start    ] GC(362) Pause Young (Mixed) (G1 Evacuation Pause)
[2026-06-17T10:06:31.951+0800][11.601s][info][gc,task     ] GC(362) Using 2 workers of 18 for evacuation
[2026-06-17T10:06:31.952+0800][11.602s][info][gc,phases   ] GC(362)   Pre Evacuate Collection Set: 0.14ms
[2026-06-17T10:06:31.952+0800][11.603s][info][gc,phases   ] GC(362)   Merge Heap Roots: 0.06ms
[2026-06-17T10:06:31.952+0800][11.603s][info][gc,phases   ] GC(362)   Evacuate Collection Set: 0.48ms
[2026-06-17T10:06:31.952+0800][11.603s][info][gc,phases   ] GC(362)   Post Evacuate Collection Set: 0.16ms
[2026-06-17T10:06:31.953+0800][11.603s][info][gc,phases   ] GC(362)   Other: 0.19ms
[2026-06-17T10:06:31.953+0800][11.603s][info][gc,heap     ] GC(362) Eden regions: 12->0(11)
[2026-06-17T10:06:31.953+0800][11.603s][info][gc,heap     ] GC(362) Survivor regions: 2->2(2)
[2026-06-17T10:06:31.953+0800][11.604s][info][gc,heap     ] GC(362) Old regions: 30->30
[2026-06-17T10:06:31.953+0800][11.604s][info][gc,heap     ] GC(362) Humongous regions: 10->10
[2026-06-17T10:06:31.954+0800][11.604s][info][gc,metaspace] GC(362) Metaspace: 115K(320K)->115K(320K) NonClass: 108K(192K)->108K(192K) Class: 7K(128K)->7K(128K)
[2026-06-17T10:06:31.954+0800][11.604s][info][gc          ] GC(362) Pause Young (Mixed) (G1 Evacuation Pause) 53M->41M(64M) 3.246ms
[2026-06-17T10:06:31.954+0800][11.604s][info][gc,cpu      ] GC(362) User=0.00s Sys=0.00s Real=0.00s
[2026-06-17T10:06:31.985+0800][11.636s][info][gc,start    ] GC(363) Pause Young (Concurrent Start) (G1 Evacuation Pause)
[2026-06-17T10:06:31.985+0800][11.636s][info][gc,task     ] GC(363) Using 2 workers of 18 for evacuation
[2026-06-17T10:06:31.987+0800][11.637s][info][gc,phases   ] GC(363)   Pre Evacuate Collection Set: 0.18ms
[2026-06-17T10:06:31.987+0800][11.638s][info][gc,phases   ] GC(363)   Merge Heap Roots: 0.06ms
[2026-06-17T10:06:31.987+0800][11.638s][info][gc,phases   ] GC(363)   Evacuate Collection Set: 0.46ms
[2026-06-17T10:06:31.987+0800][11.638s][info][gc,phases   ] GC(363)   Post Evacuate Collection Set: 0.23ms
[2026-06-17T10:06:31.988+0800][11.638s][info][gc,phases   ] GC(363)   Other: 0.28ms
[2026-06-17T10:06:31.988+0800][11.638s][info][gc,heap     ] GC(363) Eden regions: 11->0(9)
[2026-06-17T10:06:31.988+0800][11.639s][info][gc,heap     ] GC(363) Survivor regions: 2->2(2)
[2026-06-17T10:06:31.988+0800][11.639s][info][gc,heap     ] GC(363) Old regions: 30->34
[2026-06-17T10:06:31.988+0800][11.639s][info][gc,heap     ] GC(363) Humongous regions: 10->10
[2026-06-17T10:06:31.988+0800][11.639s][info][gc,metaspace] GC(363) Metaspace: 115K(320K)->115K(320K) NonClass: 108K(192K)->108K(192K) Class: 7K(128K)->7K(128K)
[2026-06-17T10:06:31.989+0800][11.639s][info][gc          ] GC(363) Pause Young (Concurrent Start) (G1 Evacuation Pause) 52M->45M(64M) 3.516ms
[2026-06-17T10:06:31.989+0800][11.639s][info][gc,cpu      ] GC(363) User=0.00s Sys=0.00s Real=0.00s
[2026-06-17T10:06:31.989+0800][11.639s][info][gc          ] GC(364) Concurrent Mark Cycle
[2026-06-17T10:06:31.989+0800][11.640s][info][gc,marking  ] GC(364) Concurrent Scan Root Regions
[2026-06-17T10:06:31.989+0800][11.640s][info][gc,marking  ] GC(364) Concurrent Scan Root Regions 0.235ms
[2026-06-17T10:06:31.990+0800][11.640s][info][gc,marking  ] GC(364) Concurrent Mark
[2026-06-17T10:06:31.990+0800][11.640s][info][gc,marking  ] GC(364) Concurrent Mark From Roots
[2026-06-17T10:06:31.990+0800][11.641s][info][gc,task     ] GC(364) Using 5 workers of 5 for marking
[2026-06-17T10:06:31.991+0800][11.642s][info][gc,marking  ] GC(364) Concurrent Mark From Roots 1.504ms
[2026-06-17T10:06:31.992+0800][11.642s][info][gc,marking  ] GC(364) Concurrent Preclean
[2026-06-17T10:06:31.992+0800][11.642s][info][gc,marking  ] GC(364) Concurrent Preclean 0.186ms
[2026-06-17T10:06:31.992+0800][11.643s][info][gc,start    ] GC(364) Pause Remark
[2026-06-17T10:06:31.993+0800][11.643s][info][gc          ] GC(364) Pause Remark 48M->39M(64M) 0.853ms
[2026-06-17T10:06:31.993+0800][11.644s][info][gc,cpu      ] GC(364) User=0.00s Sys=0.00s Real=0.00s
[2026-06-17T10:06:31.993+0800][11.644s][info][gc,marking  ] GC(364) Concurrent Mark 3.692ms
[2026-06-17T10:06:31.994+0800][11.644s][info][gc,marking  ] GC(364) Concurrent Rebuild Remembered Sets and Scrub Regions
[2026-06-17T10:06:31.994+0800][11.645s][info][gc,marking  ] GC(364) Concurrent Rebuild Remembered Sets and Scrub Regions 0.501ms
[2026-06-17T10:06:31.994+0800][11.645s][info][gc,start    ] GC(364) Pause Cleanup
[2026-06-17T10:06:31.994+0800][11.645s][info][gc          ] GC(364) Pause Cleanup 39M->39M(64M) 0.185ms
[2026-06-17T10:06:31.995+0800][11.645s][info][gc,cpu      ] GC(364) User=0.00s Sys=0.00s Real=0.00s
[2026-06-17T10:06:31.995+0800][11.645s][info][gc,marking  ] GC(364) Concurrent Clear Claimed Marks
[2026-06-17T10:06:31.995+0800][11.645s][info][gc,marking  ] GC(364) Concurrent Clear Claimed Marks 0.078ms
[2026-06-17T10:06:31.995+0800][11.645s][info][gc,marking  ] GC(364) Concurrent Cleanup for Next Mark
[2026-06-17T10:06:31.995+0800][11.646s][info][gc,marking  ] GC(364) Concurrent Cleanup for Next Mark 0.166ms
[2026-06-17T10:06:31.995+0800][11.646s][info][gc          ] GC(364) Concurrent Mark Cycle 6.434ms
[2026-06-17T10:06:32.010+0800][11.660s][info][gc,start    ] GC(365) Pause Young (Prepare Mixed) (G1 Evacuation Pause)
[2026-06-17T10:06:32.010+0800][11.661s][info][gc,task     ] GC(365) Using 2 workers of 18 for evacuation
[2026-06-17T10:06:32.011+0800][11.662s][info][gc,phases   ] GC(365)   Pre Evacuate Collection Set: 0.09ms
[2026-06-17T10:06:32.012+0800][11.662s][info][gc,phases   ] GC(365)   Merge Heap Roots: 0.05ms
[2026-06-17T10:06:32.012+0800][11.662s][info][gc,phases   ] GC(365)   Evacuate Collection Set: 0.45ms
[2026-06-17T10:06:32.012+0800][11.663s][info][gc,phases   ] GC(365)   Post Evacuate Collection Set: 0.35ms
[2026-06-17T10:06:32.013+0800][11.663s][info][gc,phases   ] GC(365)   Other: 0.27ms
[2026-06-17T10:06:32.013+0800][11.664s][info][gc,heap     ] GC(365) Eden regions: 9->0(12)
[2026-06-17T10:06:32.013+0800][11.664s][info][gc,heap     ] GC(365) Survivor regions: 2->2(2)
[2026-06-17T10:06:32.013+0800][11.664s][info][gc,heap     ] GC(365) Old regions: 25->28
[2026-06-17T10:06:32.014+0800][11.664s][info][gc,heap     ] GC(365) Humongous regions: 10->10
[2026-06-17T10:06:32.014+0800][11.664s][info][gc,metaspace] GC(365) Metaspace: 115K(320K)->115K(320K) NonClass: 108K(192K)->108K(192K) Class: 7K(128K)->7K(128K)
[2026-06-17T10:06:32.014+0800][11.664s][info][gc          ] GC(365) Pause Young (Prepare Mixed) (G1 Evacuation Pause) 45M->39M(64M) 4.099ms
[2026-06-17T10:06:32.014+0800][11.665s][info][gc,cpu      ] GC(365) User=0.00s Sys=0.00s Real=0.01s
[2026-06-17T10:06:32.046+0800][11.696s][info][gc,start    ] GC(366) Pause Young (Mixed) (G1 Evacuation Pause)
[2026-06-17T10:06:32.046+0800][11.697s][info][gc,task     ] GC(366) Using 2 workers of 18 for evacuation
[2026-06-17T10:06:32.048+0800][11.699s][info][gc,phases   ] GC(366)   Pre Evacuate Collection Set: 0.14ms
[2026-06-17T10:06:32.049+0800][11.699s][info][gc,phases   ] GC(366)   Merge Heap Roots: 0.08ms
[2026-06-17T10:06:32.050+0800][11.701s][info][gc,phases   ] GC(366)   Evacuate Collection Set: 0.72ms
[2026-06-17T10:06:32.052+0800][11.703s][info][gc,phases   ] GC(366)   Post Evacuate Collection Set: 0.32ms
[2026-06-17T10:06:32.054+0800][11.705s][info][gc,phases   ] GC(366)   Other: 0.65ms
[2026-06-17T10:06:32.055+0800][11.706s][info][gc,heap     ] GC(366) Eden regions: 12->0(12)
[2026-06-17T10:06:32.055+0800][11.706s][info][gc,heap     ] GC(366) Survivor regions: 2->2(2)
[2026-06-17T10:06:32.057+0800][11.708s][info][gc,heap     ] GC(366) Old regions: 28->27
[2026-06-17T10:06:32.059+0800][11.710s][info][gc,heap     ] GC(366) Humongous regions: 10->10
[2026-06-17T10:06:32.061+0800][11.711s][info][gc,metaspace] GC(366) Metaspace: 115K(320K)->115K(320K) NonClass: 108K(192K)->108K(192K) Class: 7K(128K)->7K(128K)
[2026-06-17T10:06:32.063+0800][11.714s][info][gc          ] GC(366) Pause Young (Mixed) (G1 Evacuation Pause) 51M->38M(64M) 17.276ms
[2026-06-17T10:06:32.064+0800][11.714s][info][gc,cpu      ] GC(366) User=0.00s Sys=0.00s Real=0.02s
[2026-06-17T10:06:32.096+0800][11.746s][info][gc,start    ] GC(367) Pause Young (Concurrent Start) (G1 Evacuation Pause)
[2026-06-17T10:06:32.096+0800][11.747s][info][gc,task     ] GC(367) Using 2 workers of 18 for evacuation
[2026-06-17T10:06:32.098+0800][11.748s][info][gc,phases   ] GC(367)   Pre Evacuate Collection Set: 0.36ms
[2026-06-17T10:06:32.098+0800][11.749s][info][gc,phases   ] GC(367)   Merge Heap Roots: 0.13ms
[2026-06-17T10:06:32.099+0800][11.749s][info][gc,phases   ] GC(367)   Evacuate Collection Set: 0.57ms
[2026-06-17T10:06:32.099+0800][11.749s][info][gc,phases   ] GC(367)   Post Evacuate Collection Set: 0.32ms
[2026-06-17T10:06:32.099+0800][11.750s][info][gc,phases   ] GC(367)   Other: 0.35ms
[2026-06-17T10:06:32.099+0800][11.750s][info][gc,heap     ] GC(367) Eden regions: 12->0(10)
[2026-06-17T10:06:32.099+0800][11.750s][info][gc,heap     ] GC(367) Survivor regions: 2->2(2)
[2026-06-17T10:06:32.100+0800][11.750s][info][gc,heap     ] GC(367) Old regions: 27->30
[2026-06-17T10:06:32.100+0800][11.750s][info][gc,heap     ] GC(367) Humongous regions: 10->10
[2026-06-17T10:06:32.100+0800][11.750s][info][gc,metaspace] GC(367) Metaspace: 115K(320K)->115K(320K) NonClass: 108K(192K)->108K(192K) Class: 7K(128K)->7K(128K)
[2026-06-17T10:06:32.100+0800][11.751s][info][gc          ] GC(367) Pause Young (Concurrent Start) (G1 Evacuation Pause) 50M->41M(64M) 4.348ms
[2026-06-17T10:06:32.100+0800][11.751s][info][gc,cpu      ] GC(367) User=0.00s Sys=0.00s Real=0.00s
[2026-06-17T10:06:32.100+0800][11.751s][info][gc          ] GC(368) Concurrent Mark Cycle
[2026-06-17T10:06:32.101+0800][11.751s][info][gc,marking  ] GC(368) Concurrent Scan Root Regions
[2026-06-17T10:06:32.101+0800][11.751s][info][gc,marking  ] GC(368) Concurrent Scan Root Regions 0.305ms
[2026-06-17T10:06:32.101+0800][11.752s][info][gc,marking  ] GC(368) Concurrent Mark
[2026-06-17T10:06:32.101+0800][11.752s][info][gc,marking  ] GC(368) Concurrent Mark From Roots
[2026-06-17T10:06:32.101+0800][11.752s][info][gc,task     ] GC(368) Using 5 workers of 5 for marking
[2026-06-17T10:06:32.103+0800][11.753s][info][gc,marking  ] GC(368) Concurrent Mark From Roots 1.697ms
[2026-06-17T10:06:32.103+0800][11.754s][info][gc,marking  ] GC(368) Concurrent Preclean
[2026-06-17T10:06:32.103+0800][11.754s][info][gc,marking  ] GC(368) Concurrent Preclean 0.127ms
[2026-06-17T10:06:32.103+0800][11.754s][info][gc,start    ] GC(368) Pause Remark
[2026-06-17T10:06:32.104+0800][11.754s][info][gc          ] GC(368) Pause Remark 46M->37M(64M) 0.507ms
[2026-06-17T10:06:32.104+0800][11.755s][info][gc,cpu      ] GC(368) User=0.00s Sys=0.00s Real=0.00s
[2026-06-17T10:06:32.104+0800][11.755s][info][gc,marking  ] GC(368) Concurrent Mark 3.170ms
[2026-06-17T10:06:32.104+0800][11.755s][info][gc,marking  ] GC(368) Concurrent Rebuild Remembered Sets and Scrub Regions
[2026-06-17T10:06:32.105+0800][11.755s][info][gc,marking  ] GC(368) Concurrent Rebuild Remembered Sets and Scrub Regions 0.575ms
[2026-06-17T10:06:32.105+0800][11.756s][info][gc,start    ] GC(368) Pause Cleanup
[2026-06-17T10:06:32.105+0800][11.756s][info][gc          ] GC(368) Pause Cleanup 37M->37M(64M) 0.112ms
[2026-06-17T10:06:32.105+0800][11.756s][info][gc,cpu      ] GC(368) User=0.00s Sys=0.00s Real=0.00s
[2026-06-17T10:06:32.105+0800][11.756s][info][gc,marking  ] GC(368) Concurrent Clear Claimed Marks
[2026-06-17T10:06:32.106+0800][11.756s][info][gc,marking  ] GC(368) Concurrent Clear Claimed Marks 0.103ms
[2026-06-17T10:06:32.106+0800][11.756s][info][gc,marking  ] GC(368) Concurrent Cleanup for Next Mark
[2026-06-17T10:06:32.106+0800][11.756s][info][gc,marking  ] GC(368) Concurrent Cleanup for Next Mark 0.223ms
[2026-06-17T10:06:32.106+0800][11.756s][info][gc          ] GC(368) Concurrent Mark Cycle 5.752ms
[2026-06-17T10:06:32.122+0800][11.772s][info][gc,start    ] GC(369) Pause Young (Prepare Mixed) (G1 Evacuation Pause)
[2026-06-17T10:06:32.122+0800][11.772s][info][gc,task     ] GC(369) Using 2 workers of 18 for evacuation
[2026-06-17T10:06:32.123+0800][11.774s][info][gc,phases   ] GC(369)   Pre Evacuate Collection Set: 0.17ms
[2026-06-17T10:06:32.123+0800][11.774s][info][gc,phases   ] GC(369)   Merge Heap Roots: 0.07ms
[2026-06-17T10:06:32.124+0800][11.774s][info][gc,phases   ] GC(369)   Evacuate Collection Set: 0.54ms
[2026-06-17T10:06:32.124+0800][11.774s][info][gc,phases   ] GC(369)   Post Evacuate Collection Set: 0.24ms
[2026-06-17T10:06:32.124+0800][11.774s][info][gc,phases   ] GC(369)   Other: 0.25ms
[2026-06-17T10:06:32.124+0800][11.775s][info][gc,heap     ] GC(369) Eden regions: 10->0(11)
[2026-06-17T10:06:32.124+0800][11.775s][info][gc,heap     ] GC(369) Survivor regions: 2->2(2)
[2026-06-17T10:06:32.124+0800][11.775s][info][gc,heap     ] GC(369) Old regions: 21->26
[2026-06-17T10:06:32.124+0800][11.775s][info][gc,heap     ] GC(369) Humongous regions: 12->12
[2026-06-17T10:06:32.124+0800][11.775s][info][gc,metaspace] GC(369) Metaspace: 115K(320K)->115K(320K) NonClass: 108K(192K)->108K(192K) Class: 7K(128K)->7K(128K)
[2026-06-17T10:06:32.125+0800][11.775s][info][gc          ] GC(369) Pause Young (Prepare Mixed) (G1 Evacuation Pause) 44M->39M(64M) 3.012ms
[2026-06-17T10:06:32.125+0800][11.775s][info][gc,cpu      ] GC(369) User=0.00s Sys=0.00s Real=0.01s
[2026-06-17T10:06:32.157+0800][11.807s][info][gc,start    ] GC(370) Pause Young (Mixed) (G1 Evacuation Pause)
[2026-06-17T10:06:32.157+0800][11.808s][info][gc,task     ] GC(370) Using 2 workers of 18 for evacuation
[2026-06-17T10:06:32.160+0800][11.811s][info][gc,phases   ] GC(370)   Pre Evacuate Collection Set: 0.54ms
[2026-06-17T10:06:32.161+0800][11.811s][info][gc,phases   ] GC(370)   Merge Heap Roots: 0.22ms
[2026-06-17T10:06:32.161+0800][11.812s][info][gc,phases   ] GC(370)   Evacuate Collection Set: 0.98ms
[2026-06-17T10:06:32.162+0800][11.812s][info][gc,phases   ] GC(370)   Post Evacuate Collection Set: 0.51ms
[2026-06-17T10:06:32.162+0800][11.813s][info][gc,phases   ] GC(370)   Other: 0.68ms
[2026-06-17T10:06:32.163+0800][11.813s][info][gc,heap     ] GC(370) Eden regions: 11->0(13)
[2026-06-17T10:06:32.163+0800][11.814s][info][gc,heap     ] GC(370) Survivor regions: 2->2(2)
[2026-06-17T10:06:32.164+0800][11.814s][info][gc,heap     ] GC(370) Old regions: 26->24
[2026-06-17T10:06:32.164+0800][11.815s][info][gc,heap     ] GC(370) Humongous regions: 12->12
[2026-06-17T10:06:32.164+0800][11.815s][info][gc,metaspace] GC(370) Metaspace: 115K(320K)->115K(320K) NonClass: 108K(192K)->108K(192K) Class: 7K(128K)->7K(128K)
[2026-06-17T10:06:32.165+0800][11.815s][info][gc          ] GC(370) Pause Young (Mixed) (G1 Evacuation Pause) 50M->37M(64M) 7.896ms
[2026-06-17T10:06:32.165+0800][11.815s][info][gc,cpu      ] GC(370) User=0.01s Sys=0.00s Real=0.01s
[2026-06-17T10:06:32.197+0800][11.848s][info][gc,start    ] GC(371) Pause Young (Mixed) (G1 Evacuation Pause)
[2026-06-17T10:06:32.198+0800][11.848s][info][gc,task     ] GC(371) Using 2 workers of 18 for evacuation
[2026-06-17T10:06:32.200+0800][11.851s][info][gc,phases   ] GC(371)   Pre Evacuate Collection Set: 0.41ms
[2026-06-17T10:06:32.201+0800][11.852s][info][gc,phases   ] GC(371)   Merge Heap Roots: 0.16ms
[2026-06-17T10:06:32.201+0800][11.852s][info][gc,phases   ] GC(371)   Evacuate Collection Set: 0.85ms
[2026-06-17T10:06:32.202+0800][11.852s][info][gc,phases   ] GC(371)   Post Evacuate Collection Set: 0.62ms
[2026-06-17T10:06:32.202+0800][11.853s][info][gc,phases   ] GC(371)   Other: 0.64ms
[2026-06-17T10:06:32.202+0800][11.853s][info][gc,heap     ] GC(371) Eden regions: 13->0(11)
[2026-06-17T10:06:32.203+0800][11.853s][info][gc,heap     ] GC(371) Survivor regions: 2->2(2)
[2026-06-17T10:06:32.203+0800][11.854s][info][gc,heap     ] GC(371) Old regions: 24->27
[2026-06-17T10:06:32.203+0800][11.854s][info][gc,heap     ] GC(371) Humongous regions: 12->12
[2026-06-17T10:06:32.204+0800][11.854s][info][gc,metaspace] GC(371) Metaspace: 115K(320K)->115K(320K) NonClass: 108K(192K)->108K(192K) Class: 7K(128K)->7K(128K)
[2026-06-17T10:06:32.204+0800][11.854s][info][gc          ] GC(371) Pause Young (Mixed) (G1 Evacuation Pause) 50M->40M(64M) 6.889ms
[2026-06-17T10:06:32.204+0800][11.855s][info][gc,cpu      ] GC(371) User=0.00s Sys=0.00s Real=0.01s
[2026-06-17T10:06:32.236+0800][11.887s][info][gc,start    ] GC(372) Pause Young (Concurrent Start) (G1 Evacuation Pause)
[2026-06-17T10:06:32.238+0800][11.888s][info][gc,task     ] GC(372) Using 2 workers of 18 for evacuation
[2026-06-17T10:06:32.241+0800][11.892s][info][gc,phases   ] GC(372)   Pre Evacuate Collection Set: 0.58ms
[2026-06-17T10:06:32.242+0800][11.892s][info][gc,phases   ] GC(372)   Merge Heap Roots: 0.12ms
[2026-06-17T10:06:32.242+0800][11.893s][info][gc,phases   ] GC(372)   Evacuate Collection Set: 0.75ms
[2026-06-17T10:06:32.243+0800][11.893s][info][gc,phases   ] GC(372)   Post Evacuate Collection Set: 0.53ms
[2026-06-17T10:06:32.243+0800][11.893s][info][gc,phases   ] GC(372)   Other: 1.42ms
[2026-06-17T10:06:32.243+0800][11.894s][info][gc,heap     ] GC(372) Eden regions: 11->0(7)
[2026-06-17T10:06:32.244+0800][11.894s][info][gc,heap     ] GC(372) Survivor regions: 2->2(2)
[2026-06-17T10:06:32.244+0800][11.895s][info][gc,heap     ] GC(372) Old regions: 27->31
[2026-06-17T10:06:32.244+0800][11.895s][info][gc,heap     ] GC(372) Humongous regions: 12->12
[2026-06-17T10:06:32.245+0800][11.895s][info][gc,metaspace] GC(372) Metaspace: 115K(320K)->115K(320K) NonClass: 108K(192K)->108K(192K) Class: 7K(128K)->7K(128K)
[2026-06-17T10:06:32.245+0800][11.895s][info][gc          ] GC(372) Pause Young (Concurrent Start) (G1 Evacuation Pause) 51M->44M(64M) 8.349ms
[2026-06-17T10:06:32.245+0800][11.896s][info][gc,cpu      ] GC(372) User=0.00s Sys=0.00s Real=0.01s
[2026-06-17T10:06:32.245+0800][11.896s][info][gc          ] GC(373) Concurrent Mark Cycle
[2026-06-17T10:06:32.246+0800][11.896s][info][gc,marking  ] GC(373) Concurrent Scan Root Regions
[2026-06-17T10:06:32.246+0800][11.896s][info][gc,marking  ] GC(373) Concurrent Scan Root Regions 0.331ms
[2026-06-17T10:06:32.246+0800][11.897s][info][gc,marking  ] GC(373) Concurrent Mark
[2026-06-17T10:06:32.246+0800][11.897s][info][gc,marking  ] GC(373) Concurrent Mark From Roots
[2026-06-17T10:06:32.247+0800][11.897s][info][gc,task     ] GC(373) Using 5 workers of 5 for marking
[2026-06-17T10:06:32.248+0800][11.899s][info][gc,marking  ] GC(373) Concurrent Mark From Roots 2.018ms
[2026-06-17T10:06:32.249+0800][11.899s][info][gc,marking  ] GC(373) Concurrent Preclean
[2026-06-17T10:06:32.249+0800][11.900s][info][gc,marking  ] GC(373) Concurrent Preclean 0.200ms
[2026-06-17T10:06:32.249+0800][11.900s][info][gc,start    ] GC(373) Pause Remark
[2026-06-17T10:06:32.250+0800][11.900s][info][gc          ] GC(373) Pause Remark 45M->45M(64M) 0.619ms
[2026-06-17T10:06:32.250+0800][11.901s][info][gc,cpu      ] GC(373) User=0.00s Sys=0.00s Real=0.00s
[2026-06-17T10:06:32.250+0800][11.901s][info][gc,marking  ] GC(373) Concurrent Mark 4.064ms
[2026-06-17T10:06:32.250+0800][11.901s][info][gc,marking  ] GC(373) Concurrent Rebuild Remembered Sets and Scrub Regions
[2026-06-17T10:06:32.251+0800][11.902s][info][gc,marking  ] GC(373) Concurrent Rebuild Remembered Sets and Scrub Regions 0.713ms
[2026-06-17T10:06:32.252+0800][11.903s][info][gc,start    ] GC(373) Pause Cleanup
[2026-06-17T10:06:32.252+0800][11.903s][info][gc          ] GC(373) Pause Cleanup 45M->45M(64M) 0.239ms
[2026-06-17T10:06:32.253+0800][11.903s][info][gc,cpu      ] GC(373) User=0.00s Sys=0.00s Real=0.00s
[2026-06-17T10:06:32.253+0800][11.903s][info][gc,marking  ] GC(373) Concurrent Clear Claimed Marks
[2026-06-17T10:06:32.253+0800][11.904s][info][gc,marking  ] GC(373) Concurrent Clear Claimed Marks 0.291ms
[2026-06-17T10:06:32.253+0800][11.904s][info][gc,marking  ] GC(373) Concurrent Cleanup for Next Mark
[2026-06-17T10:06:32.254+0800][11.904s][info][gc,marking  ] GC(373) Concurrent Cleanup for Next Mark 0.297ms
[2026-06-17T10:06:32.254+0800][11.904s][info][gc          ] GC(373) Concurrent Mark Cycle 8.722ms
[2026-06-17T10:06:32.267+0800][11.917s][info][gc,start    ] GC(374) Pause Young (Prepare Mixed) (G1 Evacuation Pause)
[2026-06-17T10:06:32.267+0800][11.918s][info][gc,task     ] GC(374) Using 2 workers of 18 for evacuation
[2026-06-17T10:06:32.269+0800][11.919s][info][gc,phases   ] GC(374)   Pre Evacuate Collection Set: 0.19ms
[2026-06-17T10:06:32.269+0800][11.920s][info][gc,phases   ] GC(374)   Merge Heap Roots: 0.12ms
[2026-06-17T10:06:32.269+0800][11.920s][info][gc,phases   ] GC(374)   Evacuate Collection Set: 0.39ms
[2026-06-17T10:06:32.269+0800][11.920s][info][gc,phases   ] GC(374)   Post Evacuate Collection Set: 0.18ms
[2026-06-17T10:06:32.270+0800][11.920s][info][gc,phases   ] GC(374)   Other: 0.75ms
[2026-06-17T10:06:32.270+0800][11.920s][info][gc,heap     ] GC(374) Eden regions: 7->0(6)
[2026-06-17T10:06:32.270+0800][11.921s][info][gc,heap     ] GC(374) Survivor regions: 2->2(2)
[2026-06-17T10:06:32.270+0800][11.921s][info][gc,heap     ] GC(374) Old regions: 31->33
[2026-06-17T10:06:32.270+0800][11.921s][info][gc,heap     ] GC(374) Humongous regions: 12->12
[2026-06-17T10:06:32.271+0800][11.921s][info][gc,metaspace] GC(374) Metaspace: 115K(320K)->115K(320K) NonClass: 108K(192K)->108K(192K) Class: 7K(128K)->7K(128K)
[2026-06-17T10:06:32.271+0800][11.921s][info][gc          ] GC(374) Pause Young (Prepare Mixed) (G1 Evacuation Pause) 51M->46M(64M) 4.200ms
[2026-06-17T10:06:32.271+0800][11.922s][info][gc,cpu      ] GC(374) User=0.00s Sys=0.00s Real=0.01s
[2026-06-17T10:06:32.292+0800][11.943s][info][gc,start    ] GC(375) Pause Young (Mixed) (G1 Evacuation Pause)
[2026-06-17T10:06:32.293+0800][11.944s][info][gc,task     ] GC(375) Using 2 workers of 18 for evacuation
[2026-06-17T10:06:32.294+0800][11.945s][info][gc,phases   ] GC(375)   Pre Evacuate Collection Set: 0.15ms
[2026-06-17T10:06:32.295+0800][11.945s][info][gc,phases   ] GC(375)   Merge Heap Roots: 0.06ms
[2026-06-17T10:06:32.295+0800][11.946s][info][gc,phases   ] GC(375)   Evacuate Collection Set: 0.42ms
[2026-06-17T10:06:32.295+0800][11.946s][info][gc,phases   ] GC(375)   Post Evacuate Collection Set: 0.23ms
[2026-06-17T10:06:32.296+0800][11.946s][info][gc,phases   ] GC(375)   Other: 0.53ms
[2026-06-17T10:06:32.296+0800][11.947s][info][gc,heap     ] GC(375) Eden regions: 6->0(10)
[2026-06-17T10:06:32.297+0800][11.947s][info][gc,heap     ] GC(375) Survivor regions: 2->1(1)
[2026-06-17T10:06:32.297+0800][11.947s][info][gc,heap     ] GC(375) Old regions: 33->30
[2026-06-17T10:06:32.297+0800][11.948s][info][gc,heap     ] GC(375) Humongous regions: 12->12
[2026-06-17T10:06:32.297+0800][11.948s][info][gc,metaspace] GC(375) Metaspace: 116K(320K)->116K(320K) NonClass: 109K(192K)->109K(192K) Class: 7K(128K)->7K(128K)
[2026-06-17T10:06:32.298+0800][11.948s][info][gc          ] GC(375) Pause Young (Mixed) (G1 Evacuation Pause) 52M->42M(64M) 5.172ms
[2026-06-17T10:06:32.298+0800][11.949s][info][gc,cpu      ] GC(375) User=0.00s Sys=0.00s Real=0.00s
[2026-06-17T10:06:32.319+0800][11.970s][info][gc,start    ] GC(376) Pause Young (Mixed) (G1 Evacuation Pause)
[2026-06-17T10:06:32.320+0800][11.970s][info][gc,task     ] GC(376) Using 2 workers of 18 for evacuation
[2026-06-17T10:06:32.321+0800][11.972s][info][gc,phases   ] GC(376)   Pre Evacuate Collection Set: 0.14ms
[2026-06-17T10:06:32.322+0800][11.972s][info][gc,phases   ] GC(376)   Merge Heap Roots: 0.05ms
[2026-06-17T10:06:32.322+0800][11.972s][info][gc,phases   ] GC(376)   Evacuate Collection Set: 0.61ms
[2026-06-17T10:06:32.322+0800][11.973s][info][gc,phases   ] GC(376)   Post Evacuate Collection Set: 0.35ms
[2026-06-17T10:06:32.322+0800][11.973s][info][gc,phases   ] GC(376)   Other: 0.37ms
[2026-06-17T10:06:32.322+0800][11.973s][info][gc,heap     ] GC(376) Eden regions: 10->0(8)
[2026-06-17T10:06:32.323+0800][11.973s][info][gc,heap     ] GC(376) Survivor regions: 1->2(2)
[2026-06-17T10:06:32.323+0800][11.973s][info][gc,heap     ] GC(376) Old regions: 30->31
[2026-06-17T10:06:32.323+0800][11.973s][info][gc,heap     ] GC(376) Humongous regions: 12->12
[2026-06-17T10:06:32.323+0800][11.973s][info][gc,metaspace] GC(376) Metaspace: 116K(320K)->116K(320K) NonClass: 109K(192K)->109K(192K) Class: 7K(128K)->7K(128K)
[2026-06-17T10:06:32.323+0800][11.974s][info][gc          ] GC(376) Pause Young (Mixed) (G1 Evacuation Pause) 52M->44M(64M) 3.587ms
[2026-06-17T10:06:32.323+0800][11.974s][info][gc,cpu      ] GC(376) User=0.00s Sys=0.00s Real=0.01s
[2026-06-17T10:06:32.324+0800][11.974s][info][gc,start    ] GC(377) Pause Young (Concurrent Start) (G1 Humongous Allocation)
[2026-06-17T10:06:32.324+0800][11.974s][info][gc,task     ] GC(377) Using 2 workers of 18 for evacuation
[2026-06-17T10:06:32.324+0800][11.975s][info][gc,phases   ] GC(377)   Pre Evacuate Collection Set: 0.16ms
[2026-06-17T10:06:32.324+0800][11.975s][info][gc,phases   ] GC(377)   Merge Heap Roots: 0.04ms
[2026-06-17T10:06:32.325+0800][11.975s][info][gc,phases   ] GC(377)   Evacuate Collection Set: 0.12ms
[2026-06-17T10:06:32.325+0800][11.975s][info][gc,phases   ] GC(377)   Post Evacuate Collection Set: 0.11ms
[2026-06-17T10:06:32.325+0800][11.975s][info][gc,phases   ] GC(377)   Other: 0.26ms
[2026-06-17T10:06:32.325+0800][11.975s][info][gc,heap     ] GC(377) Eden regions: 3->0(11)
[2026-06-17T10:06:32.325+0800][11.976s][info][gc,heap     ] GC(377) Survivor regions: 2->0(2)
[2026-06-17T10:06:32.325+0800][11.976s][info][gc,heap     ] GC(377) Old regions: 31->32
[2026-06-17T10:06:32.325+0800][11.976s][info][gc,heap     ] GC(377) Humongous regions: 12->12
[2026-06-17T10:06:32.325+0800][11.976s][info][gc,metaspace] GC(377) Metaspace: 116K(320K)->116K(320K) NonClass: 109K(192K)->109K(192K) Class: 7K(128K)->7K(128K)
[2026-06-17T10:06:32.325+0800][11.976s][info][gc          ] GC(377) Pause Young (Concurrent Start) (G1 Humongous Allocation) 46M->43M(64M) 1.933ms
[2026-06-17T10:06:32.326+0800][11.976s][info][gc,cpu      ] GC(377) User=0.00s Sys=0.00s Real=0.00s
[2026-06-17T10:06:32.326+0800][11.976s][info][gc          ] GC(378) Concurrent Mark Cycle
[2026-06-17T10:06:32.326+0800][11.976s][info][gc,marking  ] GC(378) Concurrent Scan Root Regions
[2026-06-17T10:06:32.326+0800][11.976s][info][gc,marking  ] GC(378) Concurrent Scan Root Regions 0.153ms
[2026-06-17T10:06:32.326+0800][11.976s][info][gc,marking  ] GC(378) Concurrent Mark
[2026-06-17T10:06:32.326+0800][11.977s][info][gc,marking  ] GC(378) Concurrent Mark From Roots
[2026-06-17T10:06:32.326+0800][11.977s][info][gc,task     ] GC(378) Using 5 workers of 5 for marking
[2026-06-17T10:06:32.327+0800][11.978s][info][gc,marking  ] GC(378) Concurrent Mark From Roots 1.174ms
[2026-06-17T10:06:32.327+0800][11.978s][info][gc,marking  ] GC(378) Concurrent Preclean
[2026-06-17T10:06:32.327+0800][11.978s][info][gc,marking  ] GC(378) Concurrent Preclean 0.114ms
[2026-06-17T10:06:32.328+0800][11.978s][info][gc,start    ] GC(378) Pause Remark
[2026-06-17T10:06:32.328+0800][11.979s][info][gc          ] GC(378) Pause Remark 44M->36M(64M) 0.389ms
[2026-06-17T10:06:32.328+0800][11.979s][info][gc,cpu      ] GC(378) User=0.00s Sys=0.00s Real=0.00s
[2026-06-17T10:06:32.328+0800][11.979s][info][gc,marking  ] GC(378) Concurrent Mark 2.361ms
[2026-06-17T10:06:32.328+0800][11.979s][info][gc,marking  ] GC(378) Concurrent Rebuild Remembered Sets and Scrub Regions
[2026-06-17T10:06:32.329+0800][11.979s][info][gc,marking  ] GC(378) Concurrent Rebuild Remembered Sets and Scrub Regions 0.433ms
[2026-06-17T10:06:32.329+0800][11.980s][info][gc,start    ] GC(378) Pause Cleanup
[2026-06-17T10:06:32.329+0800][11.980s][info][gc          ] GC(378) Pause Cleanup 36M->36M(64M) 0.096ms
[2026-06-17T10:06:32.329+0800][11.980s][info][gc,cpu      ] GC(378) User=0.00s Sys=0.00s Real=0.00s
[2026-06-17T10:06:32.329+0800][11.980s][info][gc,marking  ] GC(378) Concurrent Clear Claimed Marks
[2026-06-17T10:06:32.329+0800][11.980s][info][gc,marking  ] GC(378) Concurrent Clear Claimed Marks 0.075ms
[2026-06-17T10:06:32.329+0800][11.980s][info][gc,marking  ] GC(378) Concurrent Cleanup for Next Mark
[2026-06-17T10:06:32.330+0800][11.980s][info][gc,marking  ] GC(378) Concurrent Cleanup for Next Mark 0.186ms
[2026-06-17T10:06:32.330+0800][11.980s][info][gc          ] GC(378) Concurrent Mark Cycle 4.209ms
[2026-06-17T10:06:32.357+0800][12.007s][info][gc,start    ] GC(379) Pause Young (Prepare Mixed) (G1 Evacuation Pause)
[2026-06-17T10:06:32.357+0800][12.008s][info][gc,task     ] GC(379) Using 2 workers of 18 for evacuation
[2026-06-17T10:06:32.358+0800][12.009s][info][gc,phases   ] GC(379)   Pre Evacuate Collection Set: 0.13ms
[2026-06-17T10:06:32.359+0800][12.009s][info][gc,phases   ] GC(379)   Merge Heap Roots: 0.10ms
[2026-06-17T10:06:32.359+0800][12.009s][info][gc,phases   ] GC(379)   Evacuate Collection Set: 0.35ms
[2026-06-17T10:06:32.359+0800][12.010s][info][gc,phases   ] GC(379)   Post Evacuate Collection Set: 0.24ms
[2026-06-17T10:06:32.359+0800][12.010s][info][gc,phases   ] GC(379)   Other: 0.21ms
[2026-06-17T10:06:32.359+0800][12.010s][info][gc,heap     ] GC(379) Eden regions: 11->0(13)
[2026-06-17T10:06:32.360+0800][12.010s][info][gc,heap     ] GC(379) Survivor regions: 0->2(2)
[2026-06-17T10:06:32.360+0800][12.010s][info][gc,heap     ] GC(379) Old regions: 24->26
[2026-06-17T10:06:32.360+0800][12.010s][info][gc,heap     ] GC(379) Humongous regions: 13->13
[2026-06-17T10:06:32.360+0800][12.011s][info][gc,metaspace] GC(379) Metaspace: 116K(320K)->116K(320K) NonClass: 109K(192K)->109K(192K) Class: 7K(128K)->7K(128K)
[2026-06-17T10:06:32.360+0800][12.011s][info][gc          ] GC(379) Pause Young (Prepare Mixed) (G1 Evacuation Pause) 47M->40M(64M) 3.299ms
[2026-06-17T10:06:32.360+0800][12.011s][info][gc,cpu      ] GC(379) User=0.00s Sys=0.00s Real=0.00s
[2026-06-17T10:06:32.392+0800][12.043s][info][gc,start    ] GC(380) Pause Young (Mixed) (G1 Evacuation Pause)
[2026-06-17T10:06:32.393+0800][12.044s][info][gc,task     ] GC(380) Using 2 workers of 18 for evacuation
[2026-06-17T10:06:32.395+0800][12.046s][info][gc,phases   ] GC(380)   Pre Evacuate Collection Set: 0.23ms
[2026-06-17T10:06:32.395+0800][12.046s][info][gc,phases   ] GC(380)   Merge Heap Roots: 0.05ms
[2026-06-17T10:06:32.396+0800][12.046s][info][gc,phases   ] GC(380)   Evacuate Collection Set: 0.58ms
[2026-06-17T10:06:32.396+0800][12.046s][info][gc,phases   ] GC(380)   Post Evacuate Collection Set: 0.17ms
[2026-06-17T10:06:32.396+0800][12.047s][info][gc,phases   ] GC(380)   Other: 0.91ms
[2026-06-17T10:06:32.396+0800][12.047s][info][gc,heap     ] GC(380) Eden regions: 13->0(13)
[2026-06-17T10:06:32.396+0800][12.047s][info][gc,heap     ] GC(380) Survivor regions: 2->2(2)
[2026-06-17T10:06:32.396+0800][12.047s][info][gc,heap     ] GC(380) Old regions: 26->25
[2026-06-17T10:06:32.397+0800][12.047s][info][gc,heap     ] GC(380) Humongous regions: 13->13
[2026-06-17T10:06:32.397+0800][12.047s][info][gc,metaspace] GC(380) Metaspace: 116K(320K)->116K(320K) NonClass: 109K(192K)->109K(192K) Class: 7K(128K)->7K(128K)
[2026-06-17T10:06:32.397+0800][12.047s][info][gc          ] GC(380) Pause Young (Mixed) (G1 Evacuation Pause) 53M->39M(64M) 4.411ms
[2026-06-17T10:06:32.397+0800][12.047s][info][gc,cpu      ] GC(380) User=0.00s Sys=0.00s Real=0.00s
[2026-06-17T10:06:32.429+0800][12.079s][info][gc,start    ] GC(381) Pause Young (Concurrent Start) (G1 Evacuation Pause)
[2026-06-17T10:06:32.429+0800][12.080s][info][gc,task     ] GC(381) Using 2 workers of 18 for evacuation
[2026-06-17T10:06:32.431+0800][12.082s][info][gc,phases   ] GC(381)   Pre Evacuate Collection Set: 0.45ms
[2026-06-17T10:06:32.432+0800][12.082s][info][gc,phases   ] GC(381)   Merge Heap Roots: 0.14ms
[2026-06-17T10:06:32.432+0800][12.082s][info][gc,phases   ] GC(381)   Evacuate Collection Set: 0.81ms
[2026-06-17T10:06:32.432+0800][12.083s][info][gc,phases   ] GC(381)   Post Evacuate Collection Set: 0.26ms
[2026-06-17T10:06:32.432+0800][12.083s][info][gc,phases   ] GC(381)   Other: 0.44ms
[2026-06-17T10:06:32.433+0800][12.083s][info][gc,heap     ] GC(381) Eden regions: 13->0(6)
[2026-06-17T10:06:32.433+0800][12.083s][info][gc,heap     ] GC(381) Survivor regions: 2->2(2)
[2026-06-17T10:06:32.433+0800][12.084s][info][gc,heap     ] GC(381) Old regions: 25->31
[2026-06-17T10:06:32.433+0800][12.084s][info][gc,heap     ] GC(381) Humongous regions: 13->13
[2026-06-17T10:06:32.433+0800][12.084s][info][gc,metaspace] GC(381) Metaspace: 116K(320K)->116K(320K) NonClass: 109K(192K)->109K(192K) Class: 7K(128K)->7K(128K)
[2026-06-17T10:06:32.434+0800][12.084s][info][gc          ] GC(381) Pause Young (Concurrent Start) (G1 Evacuation Pause) 52M->45M(64M) 4.978ms
[2026-06-17T10:06:32.434+0800][12.084s][info][gc,cpu      ] GC(381) User=0.00s Sys=0.00s Real=0.01s
[2026-06-17T10:06:32.434+0800][12.084s][info][gc          ] GC(382) Concurrent Mark Cycle
[2026-06-17T10:06:32.434+0800][12.085s][info][gc,marking  ] GC(382) Concurrent Scan Root Regions
[2026-06-17T10:06:32.435+0800][12.085s][info][gc,marking  ] GC(382) Concurrent Scan Root Regions 0.347ms
[2026-06-17T10:06:32.435+0800][12.085s][info][gc,marking  ] GC(382) Concurrent Mark
[2026-06-17T10:06:32.435+0800][12.086s][info][gc,marking  ] GC(382) Concurrent Mark From Roots
[2026-06-17T10:06:32.435+0800][12.086s][info][gc,task     ] GC(382) Using 5 workers of 5 for marking
[2026-06-17T10:06:32.437+0800][12.088s][info][gc,marking  ] GC(382) Concurrent Mark From Roots 1.884ms
[2026-06-17T10:06:32.437+0800][12.088s][info][gc,marking  ] GC(382) Concurrent Preclean
[2026-06-17T10:06:32.437+0800][12.088s][info][gc,marking  ] GC(382) Concurrent Preclean 0.191ms
[2026-06-17T10:06:32.438+0800][12.088s][info][gc,start    ] GC(382) Pause Remark
[2026-06-17T10:06:32.438+0800][12.089s][info][gc          ] GC(382) Pause Remark 45M->45M(64M) 0.518ms
[2026-06-17T10:06:32.438+0800][12.089s][info][gc,cpu      ] GC(382) User=0.00s Sys=0.00s Real=0.00s
[2026-06-17T10:06:32.438+0800][12.089s][info][gc,marking  ] GC(382) Concurrent Mark 3.533ms
[2026-06-17T10:06:32.439+0800][12.089s][info][gc,marking  ] GC(382) Concurrent Rebuild Remembered Sets and Scrub Regions
[2026-06-17T10:06:32.439+0800][12.090s][info][gc,marking  ] GC(382) Concurrent Rebuild Remembered Sets and Scrub Regions 0.660ms
[2026-06-17T10:06:32.439+0800][12.090s][info][gc,start    ] GC(382) Pause Cleanup
[2026-06-17T10:06:32.440+0800][12.090s][info][gc          ] GC(382) Pause Cleanup 45M->45M(64M) 0.340ms
[2026-06-17T10:06:32.440+0800][12.091s][info][gc,cpu      ] GC(382) User=0.00s Sys=0.00s Real=0.00s
[2026-06-17T10:06:32.440+0800][12.091s][info][gc,marking  ] GC(382) Concurrent Clear Claimed Marks
[2026-06-17T10:06:32.440+0800][12.091s][info][gc,marking  ] GC(382) Concurrent Clear Claimed Marks 0.111ms
[2026-06-17T10:06:32.440+0800][12.091s][info][gc,marking  ] GC(382) Concurrent Cleanup for Next Mark
[2026-06-17T10:06:32.441+0800][12.091s][info][gc,marking  ] GC(382) Concurrent Cleanup for Next Mark 0.232ms
[2026-06-17T10:06:32.441+0800][12.091s][info][gc          ] GC(382) Concurrent Mark Cycle 6.824ms
[2026-06-17T10:06:32.455+0800][12.106s][info][gc,start    ] GC(383) Pause Young (Prepare Mixed) (G1 Evacuation Pause)
[2026-06-17T10:06:32.456+0800][12.106s][info][gc,task     ] GC(383) Using 2 workers of 18 for evacuation
[2026-06-17T10:06:32.457+0800][12.108s][info][gc,phases   ] GC(383)   Pre Evacuate Collection Set: 0.16ms
[2026-06-17T10:06:32.457+0800][12.108s][info][gc,phases   ] GC(383)   Merge Heap Roots: 0.08ms
[2026-06-17T10:06:32.458+0800][12.108s][info][gc,phases   ] GC(383)   Evacuate Collection Set: 0.40ms
[2026-06-17T10:06:32.458+0800][12.109s][info][gc,phases   ] GC(383)   Post Evacuate Collection Set: 0.33ms
[2026-06-17T10:06:32.458+0800][12.109s][info][gc,phases   ] GC(383)   Other: 0.48ms
[2026-06-17T10:06:32.458+0800][12.109s][info][gc,heap     ] GC(383) Eden regions: 6->0(5)
[2026-06-17T10:06:32.459+0800][12.109s][info][gc,heap     ] GC(383) Survivor regions: 2->1(1)
[2026-06-17T10:06:32.459+0800][12.109s][info][gc,heap     ] GC(383) Old regions: 31->34
[2026-06-17T10:06:32.459+0800][12.110s][info][gc,heap     ] GC(383) Humongous regions: 13->13
[2026-06-17T10:06:32.459+0800][12.110s][info][gc,metaspace] GC(383) Metaspace: 116K(320K)->116K(320K) NonClass: 109K(192K)->109K(192K) Class: 7K(128K)->7K(128K)
[2026-06-17T10:06:32.459+0800][12.110s][info][gc          ] GC(383) Pause Young (Prepare Mixed) (G1 Evacuation Pause) 51M->47M(64M) 4.376ms
[2026-06-17T10:06:32.460+0800][12.110s][info][gc,cpu      ] GC(383) User=0.01s Sys=0.00s Real=0.00s
[2026-06-17T10:06:32.471+0800][12.121s][info][gc,start    ] GC(384) Pause Young (Mixed) (G1 Evacuation Pause)
[2026-06-17T10:06:32.472+0800][12.122s][info][gc,task     ] GC(384) Using 2 workers of 18 for evacuation
[2026-06-17T10:06:32.473+0800][12.124s][info][gc,phases   ] GC(384)   Pre Evacuate Collection Set: 0.25ms
[2026-06-17T10:06:32.474+0800][12.124s][info][gc,phases   ] GC(384)   Merge Heap Roots: 0.10ms
[2026-06-17T10:06:32.474+0800][12.124s][info][gc,phases   ] GC(384)   Evacuate Collection Set: 0.59ms
[2026-06-17T10:06:32.474+0800][12.125s][info][gc,phases   ] GC(384)   Post Evacuate Collection Set: 0.29ms
[2026-06-17T10:06:32.474+0800][12.125s][info][gc,phases   ] GC(384)   Other: 0.37ms
[2026-06-17T10:06:32.475+0800][12.125s][info][gc,heap     ] GC(384) Eden regions: 5->0(7)
[2026-06-17T10:06:32.475+0800][12.125s][info][gc,heap     ] GC(384) Survivor regions: 1->1(1)
[2026-06-17T10:06:32.475+0800][12.125s][info][gc,heap     ] GC(384) Old regions: 34->32
[2026-06-17T10:06:32.475+0800][12.126s][info][gc,heap     ] GC(384) Humongous regions: 13->13
[2026-06-17T10:06:32.475+0800][12.126s][info][gc,metaspace] GC(384) Metaspace: 116K(320K)->116K(320K) NonClass: 109K(192K)->109K(192K) Class: 7K(128K)->7K(128K)
[2026-06-17T10:06:32.476+0800][12.126s][info][gc          ] GC(384) Pause Young (Mixed) (G1 Evacuation Pause) 52M->45M(64M) 4.895ms
[2026-06-17T10:06:32.476+0800][12.126s][info][gc,cpu      ] GC(384) User=0.00s Sys=0.00s Real=0.00s
[2026-06-17T10:06:32.497+0800][12.148s][info][gc,start    ] GC(385) Pause Young (Mixed) (G1 Evacuation Pause)
[2026-06-17T10:06:32.498+0800][12.148s][info][gc,task     ] GC(385) Using 2 workers of 18 for evacuation
[2026-06-17T10:06:32.500+0800][12.150s][info][gc,phases   ] GC(385)   Pre Evacuate Collection Set: 0.39ms
[2026-06-17T10:06:32.500+0800][12.151s][info][gc,phases   ] GC(385)   Merge Heap Roots: 0.13ms
[2026-06-17T10:06:32.501+0800][12.151s][info][gc,phases   ] GC(385)   Evacuate Collection Set: 0.53ms
[2026-06-17T10:06:32.501+0800][12.151s][info][gc,phases   ] GC(385)   Post Evacuate Collection Set: 0.42ms
[2026-06-17T10:06:32.501+0800][12.152s][info][gc,phases   ] GC(385)   Other: 0.52ms
[2026-06-17T10:06:32.501+0800][12.152s][info][gc,heap     ] GC(385) Eden regions: 7->0(7)
[2026-06-17T10:06:32.504+0800][12.154s][info][gc,heap     ] GC(385) Survivor regions: 1->1(1)
[2026-06-17T10:06:32.504+0800][12.155s][info][gc,heap     ] GC(385) Old regions: 32->33
[2026-06-17T10:06:32.505+0800][12.155s][info][gc,heap     ] GC(385) Humongous regions: 13->13
[2026-06-17T10:06:32.505+0800][12.156s][info][gc,metaspace] GC(385) Metaspace: 116K(320K)->116K(320K) NonClass: 109K(192K)->109K(192K) Class: 7K(128K)->7K(128K)
[2026-06-17T10:06:32.505+0800][12.156s][info][gc          ] GC(385) Pause Young (Mixed) (G1 Evacuation Pause) 52M->46M(64M) 7.982ms
[2026-06-17T10:06:32.506+0800][12.156s][info][gc,cpu      ] GC(385) User=0.00s Sys=0.00s Real=0.01s
[2026-06-17T10:06:32.527+0800][12.178s][info][gc,start    ] GC(386) Pause Young (Concurrent Start) (G1 Evacuation Pause)
[2026-06-17T10:06:32.528+0800][12.178s][info][gc,task     ] GC(386) Using 2 workers of 18 for evacuation
[2026-06-17T10:06:32.530+0800][12.180s][info][gc,phases   ] GC(386)   Pre Evacuate Collection Set: 0.48ms
[2026-06-17T10:06:32.530+0800][12.181s][info][gc,phases   ] GC(386)   Merge Heap Roots: 0.11ms
[2026-06-17T10:06:32.530+0800][12.181s][info][gc,phases   ] GC(386)   Evacuate Collection Set: 0.44ms
[2026-06-17T10:06:32.531+0800][12.181s][info][gc,phases   ] GC(386)   Post Evacuate Collection Set: 0.34ms
[2026-06-17T10:06:32.531+0800][12.182s][info][gc,phases   ] GC(386)   Other: 0.56ms
[2026-06-17T10:06:32.531+0800][12.182s][info][gc,heap     ] GC(386) Eden regions: 7->0(6)
[2026-06-17T10:06:32.532+0800][12.182s][info][gc,heap     ] GC(386) Survivor regions: 1->1(1)
[2026-06-17T10:06:32.532+0800][12.182s][info][gc,heap     ] GC(386) Old regions: 33->34
[2026-06-17T10:06:32.532+0800][12.183s][info][gc,heap     ] GC(386) Humongous regions: 13->13
[2026-06-17T10:06:32.532+0800][12.183s][info][gc,metaspace] GC(386) Metaspace: 116K(320K)->116K(320K) NonClass: 109K(192K)->109K(192K) Class: 7K(128K)->7K(128K)
[2026-06-17T10:06:32.533+0800][12.183s][info][gc          ] GC(386) Pause Young (Concurrent Start) (G1 Evacuation Pause) 53M->47M(64M) 5.722ms
[2026-06-17T10:06:32.533+0800][12.184s][info][gc,cpu      ] GC(386) User=0.00s Sys=0.00s Real=0.01s
[2026-06-17T10:06:32.533+0800][12.184s][info][gc          ] GC(387) Concurrent Mark Cycle
[2026-06-17T10:06:32.534+0800][12.184s][info][gc,marking  ] GC(387) Concurrent Scan Root Regions
[2026-06-17T10:06:32.535+0800][12.185s][info][gc,marking  ] GC(387) Concurrent Scan Root Regions 1.106ms
[2026-06-17T10:06:32.535+0800][12.186s][info][gc,marking  ] GC(387) Concurrent Mark
[2026-06-17T10:06:32.535+0800][12.186s][info][gc,marking  ] GC(387) Concurrent Mark From Roots
[2026-06-17T10:06:32.536+0800][12.186s][info][gc,task     ] GC(387) Using 5 workers of 5 for marking
[2026-06-17T10:06:32.537+0800][12.188s][info][gc,marking  ] GC(387) Concurrent Mark From Roots 2.026ms
[2026-06-17T10:06:32.538+0800][12.188s][info][gc,marking  ] GC(387) Concurrent Preclean
[2026-06-17T10:06:32.538+0800][12.189s][info][gc,marking  ] GC(387) Concurrent Preclean 0.219ms
[2026-06-17T10:06:32.538+0800][12.189s][info][gc,start    ] GC(387) Pause Remark
[2026-06-17T10:06:32.539+0800][12.190s][info][gc          ] GC(387) Pause Remark 50M->43M(64M) 0.700ms
[2026-06-17T10:06:32.539+0800][12.190s][info][gc,cpu      ] GC(387) User=0.00s Sys=0.00s Real=0.00s
[2026-06-17T10:06:32.540+0800][12.190s][info][gc,marking  ] GC(387) Concurrent Mark 4.305ms
[2026-06-17T10:06:32.540+0800][12.190s][info][gc,marking  ] GC(387) Concurrent Rebuild Remembered Sets and Scrub Regions
[2026-06-17T10:06:32.540+0800][12.191s][info][gc,marking  ] GC(387) Concurrent Rebuild Remembered Sets and Scrub Regions 0.709ms
[2026-06-17T10:06:32.541+0800][12.191s][info][gc,start    ] GC(387) Pause Cleanup
[2026-06-17T10:06:32.541+0800][12.191s][info][gc          ] GC(387) Pause Cleanup 43M->43M(64M) 0.172ms
[2026-06-17T10:06:32.541+0800][12.192s][info][gc,cpu      ] GC(387) User=0.00s Sys=0.00s Real=0.00s
[2026-06-17T10:06:32.541+0800][12.192s][info][gc,marking  ] GC(387) Concurrent Clear Claimed Marks
[2026-06-17T10:06:32.541+0800][12.192s][info][gc,marking  ] GC(387) Concurrent Clear Claimed Marks 0.155ms
[2026-06-17T10:06:32.541+0800][12.192s][info][gc,marking  ] GC(387) Concurrent Cleanup for Next Mark
[2026-06-17T10:06:32.542+0800][12.192s][info][gc,marking  ] GC(387) Concurrent Cleanup for Next Mark 0.203ms
[2026-06-17T10:06:32.542+0800][12.192s][info][gc          ] GC(387) Concurrent Mark Cycle 8.622ms
[2026-06-17T10:06:32.544+0800][12.195s][info][gc,start    ] GC(388) Pause Young (Prepare Mixed) (G1 Evacuation Pause)
[2026-06-17T10:06:32.544+0800][12.195s][info][gc,task     ] GC(388) Using 2 workers of 18 for evacuation
[2026-06-17T10:06:32.545+0800][12.196s][info][gc,phases   ] GC(388)   Pre Evacuate Collection Set: 0.12ms
[2026-06-17T10:06:32.545+0800][12.196s][info][gc,phases   ] GC(388)   Merge Heap Roots: 0.06ms
[2026-06-17T10:06:32.546+0800][12.196s][info][gc,phases   ] GC(388)   Evacuate Collection Set: 0.17ms
[2026-06-17T10:06:32.546+0800][12.196s][info][gc,phases   ] GC(388)   Post Evacuate Collection Set: 0.22ms
[2026-06-17T10:06:32.546+0800][12.196s][info][gc,phases   ] GC(388)   Other: 0.24ms
[2026-06-17T10:06:32.546+0800][12.197s][info][gc,heap     ] GC(388) Eden regions: 6->0(14)
[2026-06-17T10:06:32.546+0800][12.197s][info][gc,heap     ] GC(388) Survivor regions: 1->1(1)
[2026-06-17T10:06:32.546+0800][12.197s][info][gc,heap     ] GC(388) Old regions: 27->28
[2026-06-17T10:06:32.546+0800][12.197s][info][gc,heap     ] GC(388) Humongous regions: 13->13
[2026-06-17T10:06:32.547+0800][12.197s][info][gc,metaspace] GC(388) Metaspace: 116K(320K)->116K(320K) NonClass: 109K(192K)->109K(192K) Class: 7K(128K)->7K(128K)
[2026-06-17T10:06:32.547+0800][12.197s][info][gc          ] GC(388) Pause Young (Prepare Mixed) (G1 Evacuation Pause) 46M->40M(64M) 2.579ms
[2026-06-17T10:06:32.547+0800][12.197s][info][gc,cpu      ] GC(388) User=0.00s Sys=0.00s Real=0.00s
[2026-06-17T10:06:32.590+0800][12.241s][info][gc,start    ] GC(389) Pause Young (Mixed) (G1 Evacuation Pause)
[2026-06-17T10:06:32.591+0800][12.242s][info][gc,task     ] GC(389) Using 2 workers of 18 for evacuation
[2026-06-17T10:06:32.595+0800][12.245s][info][gc,phases   ] GC(389)   Pre Evacuate Collection Set: 0.58ms
[2026-06-17T10:06:32.595+0800][12.246s][info][gc,phases   ] GC(389)   Merge Heap Roots: 0.26ms
[2026-06-17T10:06:32.596+0800][12.247s][info][gc,phases   ] GC(389)   Evacuate Collection Set: 0.97ms
[2026-06-17T10:06:32.597+0800][12.247s][info][gc,phases   ] GC(389)   Post Evacuate Collection Set: 0.81ms
[2026-06-17T10:06:32.597+0800][12.248s][info][gc,phases   ] GC(389)   Other: 1.08ms
[2026-06-17T10:06:32.598+0800][12.248s][info][gc,heap     ] GC(389) Eden regions: 14->0(12)
[2026-06-17T10:06:32.599+0800][12.249s][info][gc,heap     ] GC(389) Survivor regions: 1->2(2)
[2026-06-17T10:06:32.599+0800][12.250s][info][gc,heap     ] GC(389) Old regions: 28->26
[2026-06-17T10:06:32.600+0800][12.250s][info][gc,heap     ] GC(389) Humongous regions: 15->15
[2026-06-17T10:06:32.600+0800][12.251s][info][gc,metaspace] GC(389) Metaspace: 116K(320K)->116K(320K) NonClass: 109K(192K)->109K(192K) Class: 7K(128K)->7K(128K)
[2026-06-17T10:06:32.601+0800][12.251s][info][gc          ] GC(389) Pause Young (Mixed) (G1 Evacuation Pause) (Evacuation Failure: Allocation) 56M->43M(64M) 10.592ms
[2026-06-17T10:06:32.601+0800][12.251s][info][gc,cpu      ] GC(389) User=0.00s Sys=0.01s Real=0.01s
[2026-06-17T10:06:32.634+0800][12.285s][info][gc,start    ] GC(390) Pause Young (Mixed) (G1 Evacuation Pause)
[2026-06-17T10:06:32.635+0800][12.285s][info][gc,task     ] GC(390) Using 2 workers of 18 for evacuation
[2026-06-17T10:06:32.637+0800][12.288s][info][gc,phases   ] GC(390)   Pre Evacuate Collection Set: 0.32ms
[2026-06-17T10:06:32.638+0800][12.288s][info][gc,phases   ] GC(390)   Merge Heap Roots: 0.13ms
[2026-06-17T10:06:32.639+0800][12.289s][info][gc,phases   ] GC(390)   Evacuate Collection Set: 0.91ms
[2026-06-17T10:06:32.639+0800][12.290s][info][gc,phases   ] GC(390)   Post Evacuate Collection Set: 0.49ms
[2026-06-17T10:06:32.640+0800][12.290s][info][gc,phases   ] GC(390)   Other: 0.92ms
[2026-06-17T10:06:32.640+0800][12.291s][info][gc,heap     ] GC(390) Eden regions: 12->0(13)
[2026-06-17T10:06:32.643+0800][12.293s][info][gc,heap     ] GC(390) Survivor regions: 2->2(2)
[2026-06-17T10:06:32.643+0800][12.294s][info][gc,heap     ] GC(390) Old regions: 26->25
[2026-06-17T10:06:32.644+0800][12.294s][info][gc,heap     ] GC(390) Humongous regions: 15->15
[2026-06-17T10:06:32.647+0800][12.298s][info][gc,metaspace] GC(390) Metaspace: 116K(320K)->116K(320K) NonClass: 109K(192K)->109K(192K) Class: 7K(128K)->7K(128K)
[2026-06-17T10:06:32.648+0800][12.299s][info][gc          ] GC(390) Pause Young (Mixed) (G1 Evacuation Pause) 54M->41M(64M) 13.927ms
[2026-06-17T10:06:32.648+0800][12.299s][info][gc,cpu      ] GC(390) User=0.01s Sys=0.00s Real=0.01s
[2026-06-17T10:06:32.682+0800][12.332s][info][gc,start    ] GC(391) Pause Young (Concurrent Start) (G1 Evacuation Pause)
[2026-06-17T10:06:32.683+0800][12.333s][info][gc,task     ] GC(391) Using 2 workers of 18 for evacuation
[2026-06-17T10:06:32.687+0800][12.337s][info][gc,phases   ] GC(391)   Pre Evacuate Collection Set: 1.09ms
[2026-06-17T10:06:32.687+0800][12.338s][info][gc,phases   ] GC(391)   Merge Heap Roots: 0.27ms
[2026-06-17T10:06:32.688+0800][12.338s][info][gc,phases   ] GC(391)   Evacuate Collection Set: 0.96ms
[2026-06-17T10:06:32.688+0800][12.339s][info][gc,phases   ] GC(391)   Post Evacuate Collection Set: 0.81ms
[2026-06-17T10:06:32.688+0800][12.339s][info][gc,phases   ] GC(391)   Other: 0.88ms
[2026-06-17T10:06:32.689+0800][12.339s][info][gc,heap     ] GC(391) Eden regions: 13->0(11)
[2026-06-17T10:06:32.689+0800][12.340s][info][gc,heap     ] GC(391) Survivor regions: 2->2(2)
[2026-06-17T10:06:32.690+0800][12.340s][info][gc,heap     ] GC(391) Old regions: 25->28
[2026-06-17T10:06:32.690+0800][12.340s][info][gc,heap     ] GC(391) Humongous regions: 15->15
[2026-06-17T10:06:32.690+0800][12.341s][info][gc,metaspace] GC(391) Metaspace: 116K(320K)->116K(320K) NonClass: 109K(192K)->109K(192K) Class: 7K(128K)->7K(128K)
[2026-06-17T10:06:32.691+0800][12.341s][info][gc          ] GC(391) Pause Young (Concurrent Start) (G1 Evacuation Pause) 54M->44M(64M) 9.134ms
[2026-06-17T10:06:32.691+0800][12.342s][info][gc,cpu      ] GC(391) User=0.00s Sys=0.00s Real=0.02s
[2026-06-17T10:06:32.691+0800][12.342s][info][gc          ] GC(392) Concurrent Mark Cycle
[2026-06-17T10:06:32.693+0800][12.344s][info][gc,marking  ] GC(392) Concurrent Scan Root Regions
[2026-06-17T10:06:32.693+0800][12.344s][info][gc,marking  ] GC(392) Concurrent Scan Root Regions 0.475ms
[2026-06-17T10:06:32.694+0800][12.344s][info][gc,marking  ] GC(392) Concurrent Mark
[2026-06-17T10:06:32.694+0800][12.345s][info][gc,marking  ] GC(392) Concurrent Mark From Roots
[2026-06-17T10:06:32.694+0800][12.345s][info][gc,task     ] GC(392) Using 5 workers of 5 for marking
[2026-06-17T10:06:32.697+0800][12.347s][info][gc,marking  ] GC(392) Concurrent Mark From Roots 2.623ms
[2026-06-17T10:06:32.697+0800][12.347s][info][gc,marking  ] GC(392) Concurrent Preclean
[2026-06-17T10:06:32.697+0800][12.348s][info][gc,marking  ] GC(392) Concurrent Preclean 0.198ms
[2026-06-17T10:06:32.697+0800][12.348s][info][gc,start    ] GC(392) Pause Remark
[2026-06-17T10:06:32.698+0800][12.349s][info][gc          ] GC(392) Pause Remark 46M->37M(64M) 0.726ms
[2026-06-17T10:06:32.698+0800][12.349s][info][gc,cpu      ] GC(392) User=0.00s Sys=0.00s Real=0.00s
[2026-06-17T10:06:32.699+0800][12.349s][info][gc,marking  ] GC(392) Concurrent Mark 4.819ms
[2026-06-17T10:06:32.699+0800][12.349s][info][gc,marking  ] GC(392) Concurrent Rebuild Remembered Sets and Scrub Regions
[2026-06-17T10:06:32.700+0800][12.350s][info][gc,marking  ] GC(392) Concurrent Rebuild Remembered Sets and Scrub Regions 0.810ms
[2026-06-17T10:06:32.700+0800][12.350s][info][gc,start    ] GC(392) Pause Cleanup
[2026-06-17T10:06:32.700+0800][12.351s][info][gc          ] GC(392) Pause Cleanup 37M->37M(64M) 0.183ms
[2026-06-17T10:06:32.700+0800][12.351s][info][gc,cpu      ] GC(392) User=0.00s Sys=0.00s Real=0.00s
[2026-06-17T10:06:32.700+0800][12.351s][info][gc,marking  ] GC(392) Concurrent Clear Claimed Marks
[2026-06-17T10:06:32.701+0800][12.351s][info][gc,marking  ] GC(392) Concurrent Clear Claimed Marks 0.161ms
[2026-06-17T10:06:32.701+0800][12.351s][info][gc,marking  ] GC(392) Concurrent Cleanup for Next Mark
[2026-06-17T10:06:32.701+0800][12.351s][info][gc,marking  ] GC(392) Concurrent Cleanup for Next Mark 0.212ms
[2026-06-17T10:06:32.701+0800][12.352s][info][gc          ] GC(392) Concurrent Mark Cycle 9.669ms
[2026-06-17T10:06:32.713+0800][12.364s][info][gc,start    ] GC(393) Pause Young (Prepare Mixed) (G1 Evacuation Pause)
[2026-06-17T10:06:32.714+0800][12.364s][info][gc,task     ] GC(393) Using 2 workers of 18 for evacuation
[2026-06-17T10:06:32.715+0800][12.366s][info][gc,phases   ] GC(393)   Pre Evacuate Collection Set: 0.22ms
[2026-06-17T10:06:32.715+0800][12.366s][info][gc,phases   ] GC(393)   Merge Heap Roots: 0.09ms
[2026-06-17T10:06:32.716+0800][12.366s][info][gc,phases   ] GC(393)   Evacuate Collection Set: 0.47ms
[2026-06-17T10:06:32.716+0800][12.367s][info][gc,phases   ] GC(393)   Post Evacuate Collection Set: 0.34ms
[2026-06-17T10:06:32.716+0800][12.367s][info][gc,phases   ] GC(393)   Other: 0.35ms
[2026-06-17T10:06:32.717+0800][12.367s][info][gc,heap     ] GC(393) Eden regions: 11->0(18)
[2026-06-17T10:06:32.717+0800][12.367s][info][gc,heap     ] GC(393) Survivor regions: 2->2(2)
[2026-06-17T10:06:32.717+0800][12.367s][info][gc,heap     ] GC(393) Old regions: 19->20
[2026-06-17T10:06:32.717+0800][12.368s][info][gc,heap     ] GC(393) Humongous regions: 15->15
[2026-06-17T10:06:32.717+0800][12.368s][info][gc,metaspace] GC(393) Metaspace: 116K(320K)->116K(320K) NonClass: 109K(192K)->109K(192K) Class: 7K(128K)->7K(128K)
[2026-06-17T10:06:32.718+0800][12.368s][info][gc          ] GC(393) Pause Young (Prepare Mixed) (G1 Evacuation Pause) 46M->36M(64M) 4.485ms
[2026-06-17T10:06:32.718+0800][12.368s][info][gc,cpu      ] GC(393) User=0.00s Sys=0.00s Real=0.00s
[2026-06-17T10:06:32.772+0800][12.423s][info][gc,start    ] GC(394) Pause Young (Mixed) (G1 Evacuation Pause)
[2026-06-17T10:06:32.773+0800][12.424s][info][gc,task     ] GC(394) Using 2 workers of 18 for evacuation
[2026-06-17T10:06:32.776+0800][12.427s][info][gc,phases   ] GC(394)   Pre Evacuate Collection Set: 0.43ms
[2026-06-17T10:06:32.777+0800][12.427s][info][gc,phases   ] GC(394)   Merge Heap Roots: 0.12ms
[2026-06-17T10:06:32.777+0800][12.428s][info][gc,phases   ] GC(394)   Evacuate Collection Set: 0.88ms
[2026-06-17T10:06:32.778+0800][12.428s][info][gc,phases   ] GC(394)   Post Evacuate Collection Set: 0.39ms
[2026-06-17T10:06:32.778+0800][12.429s][info][gc,phases   ] GC(394)   Other: 0.99ms
[2026-06-17T10:06:32.779+0800][12.430s][info][gc,heap     ] GC(394) Eden regions: 18->0(15)
[2026-06-17T10:06:32.780+0800][12.430s][info][gc,heap     ] GC(394) Survivor regions: 2->3(3)
[2026-06-17T10:06:32.780+0800][12.431s][info][gc,heap     ] GC(394) Old regions: 20->21
[2026-06-17T10:06:32.781+0800][12.432s][info][gc,heap     ] GC(394) Humongous regions: 15->15
[2026-06-17T10:06:32.782+0800][12.433s][info][gc,metaspace] GC(394) Metaspace: 116K(320K)->116K(320K) NonClass: 109K(192K)->109K(192K) Class: 7K(128K)->7K(128K)
[2026-06-17T10:06:32.783+0800][12.433s][info][gc          ] GC(394) Pause Young (Mixed) (G1 Evacuation Pause) 54M->38M(64M) 10.108ms
[2026-06-17T10:06:32.783+0800][12.434s][info][gc,cpu      ] GC(394) User=0.01s Sys=0.00s Real=0.01s
[2026-06-17T10:06:32.784+0800][12.434s][info][gc,start    ] GC(395) Pause Young (Concurrent Start) (G1 Humongous Allocation)
[2026-06-17T10:06:32.784+0800][12.435s][info][gc,task     ] GC(395) Using 2 workers of 18 for evacuation
[2026-06-17T10:06:32.785+0800][12.436s][info][gc,phases   ] GC(395)   Pre Evacuate Collection Set: 0.19ms
[2026-06-17T10:06:32.786+0800][12.436s][info][gc,phases   ] GC(395)   Merge Heap Roots: 0.04ms
[2026-06-17T10:06:32.786+0800][12.437s][info][gc,phases   ] GC(395)   Evacuate Collection Set: 0.20ms
[2026-06-17T10:06:32.787+0800][12.438s][info][gc,phases   ] GC(395)   Post Evacuate Collection Set: 0.21ms
[2026-06-17T10:06:32.788+0800][12.438s][info][gc,phases   ] GC(395)   Other: 0.41ms
[2026-06-17T10:06:32.788+0800][12.439s][info][gc,heap     ] GC(395) Eden regions: 1->0(17)
[2026-06-17T10:06:32.789+0800][12.439s][info][gc,heap     ] GC(395) Survivor regions: 3->0(3)
[2026-06-17T10:06:32.789+0800][12.439s][info][gc,heap     ] GC(395) Old regions: 21->23
[2026-06-17T10:06:32.789+0800][12.440s][info][gc,heap     ] GC(395) Humongous regions: 15->15
[2026-06-17T10:06:32.790+0800][12.440s][info][gc,metaspace] GC(395) Metaspace: 116K(320K)->116K(320K) NonClass: 109K(192K)->109K(192K) Class: 7K(128K)->7K(128K)
[2026-06-17T10:06:32.790+0800][12.441s][info][gc          ] GC(395) Pause Young (Concurrent Start) (G1 Humongous Allocation) 39M->37M(64M) 6.284ms
[2026-06-17T10:06:32.790+0800][12.441s][info][gc,cpu      ] GC(395) User=0.00s Sys=0.00s Real=0.01s
[2026-06-17T10:06:32.791+0800][12.441s][info][gc          ] GC(396) Concurrent Mark Cycle
[2026-06-17T10:06:32.792+0800][12.442s][info][gc,marking  ] GC(396) Concurrent Scan Root Regions
[2026-06-17T10:06:32.792+0800][12.443s][info][gc,marking  ] GC(396) Concurrent Scan Root Regions 0.479ms
[2026-06-17T10:06:32.794+0800][12.445s][info][gc,marking  ] GC(396) Concurrent Mark
[2026-06-17T10:06:32.795+0800][12.445s][info][gc,marking  ] GC(396) Concurrent Mark From Roots
[2026-06-17T10:06:32.796+0800][12.446s][info][gc,task     ] GC(396) Using 5 workers of 5 for marking
[2026-06-17T10:06:32.797+0800][12.448s][info][gc,marking  ] GC(396) Concurrent Mark From Roots 2.584ms
[2026-06-17T10:06:32.798+0800][12.448s][info][gc,marking  ] GC(396) Concurrent Preclean
[2026-06-17T10:06:32.798+0800][12.449s][info][gc,marking  ] GC(396) Concurrent Preclean 0.438ms
[2026-06-17T10:06:32.799+0800][12.449s][info][gc,start    ] GC(396) Pause Remark
[2026-06-17T10:06:32.800+0800][12.450s][info][gc          ] GC(396) Pause Remark 38M->38M(64M) 1.013ms
[2026-06-17T10:06:32.800+0800][12.451s][info][gc,cpu      ] GC(396) User=0.00s Sys=0.00s Real=0.00s
[2026-06-17T10:06:32.801+0800][12.451s][info][gc,marking  ] GC(396) Concurrent Mark 6.475ms
[2026-06-17T10:06:32.802+0800][12.452s][info][gc,marking  ] GC(396) Concurrent Rebuild Remembered Sets and Scrub Regions
[2026-06-17T10:06:32.806+0800][12.456s][info][gc,marking  ] GC(396) Concurrent Rebuild Remembered Sets and Scrub Regions 3.879ms
[2026-06-17T10:06:32.807+0800][12.457s][info][gc,start    ] GC(396) Pause Cleanup
[2026-06-17T10:06:32.807+0800][12.458s][info][gc          ] GC(396) Pause Cleanup 43M->43M(64M) 0.531ms
[2026-06-17T10:06:32.808+0800][12.458s][info][gc,cpu      ] GC(396) User=0.00s Sys=0.00s Real=0.00s
[2026-06-17T10:06:32.808+0800][12.459s][info][gc,marking  ] GC(396) Concurrent Clear Claimed Marks
[2026-06-17T10:06:32.809+0800][12.459s][info][gc,marking  ] GC(396) Concurrent Clear Claimed Marks 0.431ms
[2026-06-17T10:06:32.809+0800][12.460s][info][gc,marking  ] GC(396) Concurrent Cleanup for Next Mark
[2026-06-17T10:06:32.810+0800][12.460s][info][gc,marking  ] GC(396) Concurrent Cleanup for Next Mark 0.467ms
[2026-06-17T10:06:32.810+0800][12.461s][info][gc          ] GC(396) Concurrent Mark Cycle 19.443ms
[2026-06-17T10:06:32.833+0800][12.484s][info][gc,start    ] GC(397) Pause Young (Prepare Mixed) (G1 Evacuation Pause)
[2026-06-17T10:06:32.833+0800][12.484s][info][gc,task     ] GC(397) Using 2 workers of 18 for evacuation
[2026-06-17T10:06:32.835+0800][12.485s][info][gc,phases   ] GC(397)   Pre Evacuate Collection Set: 0.17ms
[2026-06-17T10:06:32.835+0800][12.486s][info][gc,phases   ] GC(397)   Merge Heap Roots: 0.07ms
[2026-06-17T10:06:32.835+0800][12.486s][info][gc,phases   ] GC(397)   Evacuate Collection Set: 0.33ms
[2026-06-17T10:06:32.835+0800][12.486s][info][gc,phases   ] GC(397)   Post Evacuate Collection Set: 0.29ms
[2026-06-17T10:06:32.836+0800][12.486s][info][gc,phases   ] GC(397)   Other: 0.29ms
[2026-06-17T10:06:32.836+0800][12.486s][info][gc,heap     ] GC(397) Eden regions: 17->0(13)
[2026-06-17T10:06:32.836+0800][12.486s][info][gc,heap     ] GC(397) Survivor regions: 0->3(3)
[2026-06-17T10:06:32.836+0800][12.487s][info][gc,heap     ] GC(397) Old regions: 23->23
[2026-06-17T10:06:32.836+0800][12.487s][info][gc,heap     ] GC(397) Humongous regions: 16->16
[2026-06-17T10:06:32.837+0800][12.487s][info][gc,metaspace] GC(397) Metaspace: 116K(320K)->116K(320K) NonClass: 109K(192K)->109K(192K) Class: 7K(128K)->7K(128K)
[2026-06-17T10:06:32.837+0800][12.487s][info][gc          ] GC(397) Pause Young (Prepare Mixed) (G1 Evacuation Pause) 55M->41M(64M) 3.728ms
[2026-06-17T10:06:32.837+0800][12.488s][info][gc,cpu      ] GC(397) User=0.00s Sys=0.01s Real=0.00s
[2026-06-17T10:06:32.869+0800][12.520s][info][gc,start    ] GC(398) Pause Young (Mixed) (G1 Evacuation Pause)
[2026-06-17T10:06:32.870+0800][12.520s][info][gc,task     ] GC(398) Using 2 workers of 18 for evacuation
[2026-06-17T10:06:32.871+0800][12.522s][info][gc,phases   ] GC(398)   Pre Evacuate Collection Set: 0.10ms
[2026-06-17T10:06:32.872+0800][12.522s][info][gc,phases   ] GC(398)   Merge Heap Roots: 0.04ms
[2026-06-17T10:06:32.872+0800][12.522s][info][gc,phases   ] GC(398)   Evacuate Collection Set: 0.52ms
[2026-06-17T10:06:32.873+0800][12.523s][info][gc,phases   ] GC(398)   Post Evacuate Collection Set: 0.16ms
[2026-06-17T10:06:32.873+0800][12.524s][info][gc,phases   ] GC(398)   Other: 0.48ms
[2026-06-17T10:06:32.873+0800][12.524s][info][gc,heap     ] GC(398) Eden regions: 13->0(13)
[2026-06-17T10:06:32.874+0800][12.524s][info][gc,heap     ] GC(398) Survivor regions: 3->2(2)
[2026-06-17T10:06:32.874+0800][12.525s][info][gc,heap     ] GC(398) Old regions: 23->25
[2026-06-17T10:06:32.874+0800][12.525s][info][gc,heap     ] GC(398) Humongous regions: 16->16
[2026-06-17T10:06:32.875+0800][12.525s][info][gc,metaspace] GC(398) Metaspace: 116K(320K)->116K(320K) NonClass: 109K(192K)->109K(192K) Class: 7K(128K)->7K(128K)
[2026-06-17T10:06:32.875+0800][12.526s][info][gc          ] GC(398) Pause Young (Mixed) (G1 Evacuation Pause) 54M->42M(64M) 6.054ms
[2026-06-17T10:06:32.876+0800][12.526s][info][gc,cpu      ] GC(398) User=0.00s Sys=0.00s Real=0.01s
[2026-06-17T10:06:32.918+0800][12.568s][info][gc,start    ] GC(399) Pause Young (Concurrent Start) (G1 Evacuation Pause)
[2026-06-17T10:06:32.919+0800][12.569s][info][gc,task     ] GC(399) Using 2 workers of 18 for evacuation
[2026-06-17T10:06:32.921+0800][12.572s][info][gc,phases   ] GC(399)   Pre Evacuate Collection Set: 0.44ms
[2026-06-17T10:06:32.922+0800][12.573s][info][gc,phases   ] GC(399)   Merge Heap Roots: 0.19ms
[2026-06-17T10:06:32.923+0800][12.573s][info][gc,phases   ] GC(399)   Evacuate Collection Set: 0.60ms
[2026-06-17T10:06:32.923+0800][12.574s][info][gc,phases   ] GC(399)   Post Evacuate Collection Set: 0.83ms
[2026-06-17T10:06:32.924+0800][12.574s][info][gc,phases   ] GC(399)   Other: 0.73ms
[2026-06-17T10:06:32.924+0800][12.575s][info][gc,heap     ] GC(399) Eden regions: 13->0(11)
[2026-06-17T10:06:32.925+0800][12.575s][info][gc,heap     ] GC(399) Survivor regions: 2->2(2)
[2026-06-17T10:06:32.925+0800][12.576s][info][gc,heap     ] GC(399) Old regions: 25->28
[2026-06-17T10:06:32.926+0800][12.576s][info][gc,heap     ] GC(399) Humongous regions: 16->16
[2026-06-17T10:06:32.926+0800][12.577s][info][gc,metaspace] GC(399) Metaspace: 116K(320K)->116K(320K) NonClass: 109K(192K)->109K(192K) Class: 7K(128K)->7K(128K)
[2026-06-17T10:06:32.927+0800][12.577s][info][gc          ] GC(399) Pause Young (Concurrent Start) (G1 Evacuation Pause) 55M->45M(64M) 9.041ms
[2026-06-17T10:06:32.927+0800][12.578s][info][gc,cpu      ] GC(399) User=0.01s Sys=0.00s Real=0.01s
[2026-06-17T10:06:32.927+0800][12.578s][info][gc          ] GC(400) Concurrent Mark Cycle
[2026-06-17T10:06:32.928+0800][12.579s][info][gc,marking  ] GC(400) Concurrent Scan Root Regions
[2026-06-17T10:06:32.929+0800][12.579s][info][gc,marking  ] GC(400) Concurrent Scan Root Regions 0.522ms
[2026-06-17T10:06:32.929+0800][12.580s][info][gc,marking  ] GC(400) Concurrent Mark
[2026-06-17T10:06:32.929+0800][12.580s][info][gc,marking  ] GC(400) Concurrent Mark From Roots
[2026-06-17T10:06:32.930+0800][12.580s][info][gc,task     ] GC(400) Using 5 workers of 5 for marking
[2026-06-17T10:06:32.932+0800][12.583s][info][gc,marking  ] GC(400) Concurrent Mark From Roots 2.556ms
[2026-06-17T10:06:32.932+0800][12.583s][info][gc,marking  ] GC(400) Concurrent Preclean
[2026-06-17T10:06:32.933+0800][12.583s][info][gc,marking  ] GC(400) Concurrent Preclean 0.255ms
[2026-06-17T10:06:32.933+0800][12.584s][info][gc,start    ] GC(400) Pause Remark
[2026-06-17T10:06:32.934+0800][12.584s][info][gc          ] GC(400) Pause Remark 49M->42M(64M) 0.805ms
[2026-06-17T10:06:32.934+0800][12.585s][info][gc,cpu      ] GC(400) User=0.00s Sys=0.00s Real=0.00s
[2026-06-17T10:06:32.934+0800][12.585s][info][gc,marking  ] GC(400) Concurrent Mark 5.338ms
[2026-06-17T10:06:32.935+0800][12.585s][info][gc,marking  ] GC(400) Concurrent Rebuild Remembered Sets and Scrub Regions
[2026-06-17T10:06:32.936+0800][12.586s][info][gc,marking  ] GC(400) Concurrent Rebuild Remembered Sets and Scrub Regions 0.857ms
[2026-06-17T10:06:32.936+0800][12.586s][info][gc,start    ] GC(400) Pause Cleanup
[2026-06-17T10:06:32.936+0800][12.587s][info][gc          ] GC(400) Pause Cleanup 42M->42M(64M) 0.310ms
[2026-06-17T10:06:32.936+0800][12.587s][info][gc,cpu      ] GC(400) User=0.00s Sys=0.00s Real=0.00s
[2026-06-17T10:06:32.937+0800][12.587s][info][gc,marking  ] GC(400) Concurrent Clear Claimed Marks
[2026-06-17T10:06:32.937+0800][12.588s][info][gc,marking  ] GC(400) Concurrent Clear Claimed Marks 0.244ms
[2026-06-17T10:06:32.937+0800][12.588s][info][gc,marking  ] GC(400) Concurrent Cleanup for Next Mark
[2026-06-17T10:06:32.938+0800][12.588s][info][gc,marking  ] GC(400) Concurrent Cleanup for Next Mark 0.367ms
[2026-06-17T10:06:32.938+0800][12.588s][info][gc          ] GC(400) Concurrent Mark Cycle 10.705ms
[2026-06-17T10:06:32.949+0800][12.599s][info][gc,start    ] GC(401) Pause Young (Prepare Mixed) (G1 Evacuation Pause)
[2026-06-17T10:06:32.949+0800][12.600s][info][gc,task     ] GC(401) Using 2 workers of 18 for evacuation
[2026-06-17T10:06:32.951+0800][12.601s][info][gc,phases   ] GC(401)   Pre Evacuate Collection Set: 0.14ms
[2026-06-17T10:06:32.951+0800][12.601s][info][gc,phases   ] GC(401)   Merge Heap Roots: 0.08ms
[2026-06-17T10:06:32.951+0800][12.602s][info][gc,phases   ] GC(401)   Evacuate Collection Set: 0.27ms
[2026-06-17T10:06:32.952+0800][12.602s][info][gc,phases   ] GC(401)   Post Evacuate Collection Set: 0.34ms
[2026-06-17T10:06:32.952+0800][12.603s][info][gc,phases   ] GC(401)   Other: 0.36ms
[2026-06-17T10:06:32.952+0800][12.603s][info][gc,heap     ] GC(401) Eden regions: 11->0(16)
[2026-06-17T10:06:32.953+0800][12.603s][info][gc,heap     ] GC(401) Survivor regions: 2->1(2)
[2026-06-17T10:06:32.953+0800][12.604s][info][gc,heap     ] GC(401) Old regions: 21->23
[2026-06-17T10:06:32.954+0800][12.604s][info][gc,heap     ] GC(401) Humongous regions: 16->16
[2026-06-17T10:06:32.954+0800][12.604s][info][gc,metaspace] GC(401) Metaspace: 116K(320K)->116K(320K) NonClass: 109K(192K)->109K(192K) Class: 7K(128K)->7K(128K)
[2026-06-17T10:06:32.954+0800][12.605s][info][gc          ] GC(401) Pause Young (Prepare Mixed) (G1 Evacuation Pause) 49M->39M(64M) 5.406ms
[2026-06-17T10:06:32.955+0800][12.605s][info][gc,cpu      ] GC(401) User=0.00s Sys=0.00s Real=0.01s
[2026-06-17T10:06:32.998+0800][12.648s][info][gc,start    ] GC(402) Pause Young (Mixed) (G1 Evacuation Pause)
[2026-06-17T10:06:32.998+0800][12.649s][info][gc,task     ] GC(402) Using 2 workers of 18 for evacuation
[2026-06-17T10:06:33.000+0800][12.650s][info][gc,phases   ] GC(402)   Pre Evacuate Collection Set: 0.16ms
[2026-06-17T10:06:33.000+0800][12.651s][info][gc,phases   ] GC(402)   Merge Heap Roots: 0.08ms
[2026-06-17T10:06:33.000+0800][12.651s][info][gc,phases   ] GC(402)   Evacuate Collection Set: 0.70ms
[2026-06-17T10:06:33.001+0800][12.651s][info][gc,phases   ] GC(402)   Post Evacuate Collection Set: 0.36ms
[2026-06-17T10:06:33.001+0800][12.651s][info][gc,phases   ] GC(402)   Other: 0.39ms
[2026-06-17T10:06:33.001+0800][12.652s][info][gc,heap     ] GC(402) Eden regions: 16->0(13)
[2026-06-17T10:06:33.001+0800][12.652s][info][gc,heap     ] GC(402) Survivor regions: 1->3(3)
[2026-06-17T10:06:33.001+0800][12.652s][info][gc,heap     ] GC(402) Old regions: 23->23
[2026-06-17T10:06:33.001+0800][12.652s][info][gc,heap     ] GC(402) Humongous regions: 16->16
[2026-06-17T10:06:33.002+0800][12.652s][info][gc,metaspace] GC(402) Metaspace: 116K(320K)->116K(320K) NonClass: 109K(192K)->109K(192K) Class: 7K(128K)->7K(128K)
[2026-06-17T10:06:33.002+0800][12.652s][info][gc          ] GC(402) Pause Young (Mixed) (G1 Evacuation Pause) 55M->41M(64M) 3.919ms
[2026-06-17T10:06:33.002+0800][12.652s][info][gc,cpu      ] GC(402) User=0.00s Sys=0.00s Real=0.00s
[2026-06-17T10:06:33.002+0800][12.653s][info][gc,start    ] GC(403) Pause Young (Concurrent Start) (G1 Humongous Allocation)
[2026-06-17T10:06:33.002+0800][12.653s][info][gc,task     ] GC(403) Using 2 workers of 18 for evacuation
[2026-06-17T10:06:33.003+0800][12.654s][info][gc,phases   ] GC(403)   Pre Evacuate Collection Set: 0.29ms
[2026-06-17T10:06:33.003+0800][12.654s][info][gc,phases   ] GC(403)   Merge Heap Roots: 0.03ms
[2026-06-17T10:06:33.003+0800][12.654s][info][gc,phases   ] GC(403)   Evacuate Collection Set: 0.18ms
[2026-06-17T10:06:33.003+0800][12.654s][info][gc,phases   ] GC(403)   Post Evacuate Collection Set: 0.20ms
[2026-06-17T10:06:33.004+0800][12.654s][info][gc,phases   ] GC(403)   Other: 0.18ms
[2026-06-17T10:06:33.004+0800][12.654s][info][gc,heap     ] GC(403) Eden regions: 1->0(15)
[2026-06-17T10:06:33.004+0800][12.654s][info][gc,heap     ] GC(403) Survivor regions: 3->0(2)
[2026-06-17T10:06:33.004+0800][12.655s][info][gc,heap     ] GC(403) Old regions: 23->24
[2026-06-17T10:06:33.004+0800][12.655s][info][gc,heap     ] GC(403) Humongous regions: 16->16
[2026-06-17T10:06:33.004+0800][12.655s][info][gc,metaspace] GC(403) Metaspace: 116K(320K)->116K(320K) NonClass: 109K(192K)->109K(192K) Class: 7K(128K)->7K(128K)
[2026-06-17T10:06:33.004+0800][12.655s][info][gc          ] GC(403) Pause Young (Concurrent Start) (G1 Humongous Allocation) 41M->39M(64M) 2.278ms
[2026-06-17T10:06:33.004+0800][12.655s][info][gc,cpu      ] GC(403) User=0.01s Sys=0.00s Real=0.01s
[2026-06-17T10:06:33.004+0800][12.655s][info][gc          ] GC(404) Concurrent Mark Cycle
[2026-06-17T10:06:33.005+0800][12.655s][info][gc,marking  ] GC(404) Concurrent Scan Root Regions
[2026-06-17T10:06:33.005+0800][12.655s][info][gc,marking  ] GC(404) Concurrent Scan Root Regions 0.189ms
[2026-06-17T10:06:33.005+0800][12.656s][info][gc,marking  ] GC(404) Concurrent Mark
[2026-06-17T10:06:33.005+0800][12.656s][info][gc,marking  ] GC(404) Concurrent Mark From Roots
[2026-06-17T10:06:33.005+0800][12.656s][info][gc,task     ] GC(404) Using 5 workers of 5 for marking
[2026-06-17T10:06:33.006+0800][12.657s][info][gc,marking  ] GC(404) Concurrent Mark From Roots 1.295ms
[2026-06-17T10:06:33.007+0800][12.657s][info][gc,marking  ] GC(404) Concurrent Preclean
[2026-06-17T10:06:33.007+0800][12.657s][info][gc,marking  ] GC(404) Concurrent Preclean 0.149ms
[2026-06-17T10:06:33.007+0800][12.657s][info][gc,start    ] GC(404) Pause Remark
[2026-06-17T10:06:33.007+0800][12.658s][info][gc          ] GC(404) Pause Remark 41M->41M(64M) 0.408ms
[2026-06-17T10:06:33.007+0800][12.658s][info][gc,cpu      ] GC(404) User=0.00s Sys=0.00s Real=0.00s
[2026-06-17T10:06:33.008+0800][12.658s][info][gc,marking  ] GC(404) Concurrent Mark 2.528ms
[2026-06-17T10:06:33.008+0800][12.658s][info][gc,marking  ] GC(404) Concurrent Rebuild Remembered Sets and Scrub Regions
[2026-06-17T10:06:33.008+0800][12.659s][info][gc,marking  ] GC(404) Concurrent Rebuild Remembered Sets and Scrub Regions 0.416ms
[2026-06-17T10:06:33.008+0800][12.659s][info][gc,start    ] GC(404) Pause Cleanup
[2026-06-17T10:06:33.008+0800][12.659s][info][gc          ] GC(404) Pause Cleanup 41M->41M(64M) 0.144ms
[2026-06-17T10:06:33.008+0800][12.659s][info][gc,cpu      ] GC(404) User=0.00s Sys=0.00s Real=0.00s
[2026-06-17T10:06:33.009+0800][12.659s][info][gc,marking  ] GC(404) Concurrent Clear Claimed Marks
[2026-06-17T10:06:33.009+0800][12.659s][info][gc,marking  ] GC(404) Concurrent Clear Claimed Marks 0.069ms
[2026-06-17T10:06:33.009+0800][12.659s][info][gc,marking  ] GC(404) Concurrent Cleanup for Next Mark
[2026-06-17T10:06:33.009+0800][12.659s][info][gc,marking  ] GC(404) Concurrent Cleanup for Next Mark 0.146ms
[2026-06-17T10:06:33.009+0800][12.659s][info][gc          ] GC(404) Concurrent Mark Cycle 4.550ms
[2026-06-17T10:06:33.047+0800][12.697s][info][gc,start    ] GC(405) Pause Young (Prepare Mixed) (G1 Evacuation Pause)
[2026-06-17T10:06:33.047+0800][12.698s][info][gc,task     ] GC(405) Using 2 workers of 18 for evacuation
[2026-06-17T10:06:33.049+0800][12.700s][info][gc,phases   ] GC(405)   Pre Evacuate Collection Set: 0.20ms
[2026-06-17T10:06:33.049+0800][12.700s][info][gc,phases   ] GC(405)   Merge Heap Roots: 0.20ms
[2026-06-17T10:06:33.050+0800][12.700s][info][gc,phases   ] GC(405)   Evacuate Collection Set: 0.59ms
[2026-06-17T10:06:33.051+0800][12.701s][info][gc,phases   ] GC(405)   Post Evacuate Collection Set: 0.49ms
[2026-06-17T10:06:33.051+0800][12.702s][info][gc,phases   ] GC(405)   Other: 0.35ms
[2026-06-17T10:06:33.051+0800][12.702s][info][gc,heap     ] GC(405) Eden regions: 15->0(15)
[2026-06-17T10:06:33.051+0800][12.702s][info][gc,heap     ] GC(405) Survivor regions: 0->2(2)
[2026-06-17T10:06:33.052+0800][12.702s][info][gc,heap     ] GC(405) Old regions: 24->27
[2026-06-17T10:06:33.052+0800][12.702s][info][gc,heap     ] GC(405) Humongous regions: 17->9
[2026-06-17T10:06:33.052+0800][12.703s][info][gc,metaspace] GC(405) Metaspace: 116K(320K)->116K(320K) NonClass: 109K(192K)->109K(192K) Class: 7K(128K)->7K(128K)
[2026-06-17T10:06:33.052+0800][12.703s][info][gc          ] GC(405) Pause Young (Prepare Mixed) (G1 Evacuation Pause) 55M->37M(64M) 5.687ms
[2026-06-17T10:06:33.052+0800][12.703s][info][gc,cpu      ] GC(405) User=0.00s Sys=0.00s Real=0.01s
[2026-06-17T10:06:33.095+0800][12.745s][info][gc,start    ] GC(406) Pause Young (Mixed) (G1 Evacuation Pause)
[2026-06-17T10:06:33.095+0800][12.746s][info][gc,task     ] GC(406) Using 2 workers of 18 for evacuation
[2026-06-17T10:06:33.098+0800][12.748s][info][gc,phases   ] GC(406)   Pre Evacuate Collection Set: 0.24ms
[2026-06-17T10:06:33.098+0800][12.749s][info][gc,phases   ] GC(406)   Merge Heap Roots: 0.09ms
[2026-06-17T10:06:33.099+0800][12.749s][info][gc,phases   ] GC(406)   Evacuate Collection Set: 0.78ms
[2026-06-17T10:06:33.099+0800][12.750s][info][gc,phases   ] GC(406)   Post Evacuate Collection Set: 0.50ms
[2026-06-17T10:06:33.099+0800][12.750s][info][gc,phases   ] GC(406)   Other: 0.51ms
[2026-06-17T10:06:33.099+0800][12.750s][info][gc,heap     ] GC(406) Eden regions: 15->0(13)
[2026-06-17T10:06:33.100+0800][12.750s][info][gc,heap     ] GC(406) Survivor regions: 2->3(3)
[2026-06-17T10:06:33.100+0800][12.750s][info][gc,heap     ] GC(406) Old regions: 27->27
[2026-06-17T10:06:33.100+0800][12.751s][info][gc,heap     ] GC(406) Humongous regions: 9->9
[2026-06-17T10:06:33.100+0800][12.751s][info][gc,metaspace] GC(406) Metaspace: 116K(320K)->116K(320K) NonClass: 109K(192K)->109K(192K) Class: 7K(128K)->7K(128K)
[2026-06-17T10:06:33.100+0800][12.751s][info][gc          ] GC(406) Pause Young (Mixed) (G1 Evacuation Pause) 52M->38M(64M) 5.496ms
[2026-06-17T10:06:33.101+0800][12.751s][info][gc,cpu      ] GC(406) User=0.01s Sys=0.00s Real=0.00s
[2026-06-17T10:06:33.133+0800][12.783s][info][gc,start    ] GC(407) Pause Young (Concurrent Start) (G1 Evacuation Pause)
[2026-06-17T10:06:33.134+0800][12.784s][info][gc,task     ] GC(407) Using 2 workers of 18 for evacuation
[2026-06-17T10:06:33.136+0800][12.786s][info][gc,phases   ] GC(407)   Pre Evacuate Collection Set: 0.28ms
[2026-06-17T10:06:33.136+0800][12.786s][info][gc,phases   ] GC(407)   Merge Heap Roots: 0.07ms
[2026-06-17T10:06:33.136+0800][12.787s][info][gc,phases   ] GC(407)   Evacuate Collection Set: 0.56ms
[2026-06-17T10:06:33.136+0800][12.787s][info][gc,phases   ] GC(407)   Post Evacuate Collection Set: 0.19ms
[2026-06-17T10:06:33.136+0800][12.787s][info][gc,phases   ] GC(407)   Other: 0.83ms
[2026-06-17T10:06:33.137+0800][12.787s][info][gc,heap     ] GC(407) Eden regions: 13->0(10)
[2026-06-17T10:06:33.137+0800][12.787s][info][gc,heap     ] GC(407) Survivor regions: 3->2(2)
[2026-06-17T10:06:33.137+0800][12.788s][info][gc,heap     ] GC(407) Old regions: 27->33
[2026-06-17T10:06:33.137+0800][12.788s][info][gc,heap     ] GC(407) Humongous regions: 9->9
[2026-06-17T10:06:33.137+0800][12.788s][info][gc,metaspace] GC(407) Metaspace: 116K(320K)->116K(320K) NonClass: 109K(192K)->109K(192K) Class: 7K(128K)->7K(128K)
[2026-06-17T10:06:33.138+0800][12.788s][info][gc          ] GC(407) Pause Young (Concurrent Start) (G1 Evacuation Pause) 51M->43M(64M) 4.674ms
[2026-06-17T10:06:33.138+0800][12.788s][info][gc,cpu      ] GC(407) User=0.00s Sys=0.01s Real=0.00s
[2026-06-17T10:06:33.138+0800][12.788s][info][gc          ] GC(408) Concurrent Mark Cycle
[2026-06-17T10:06:33.138+0800][12.789s][info][gc,marking  ] GC(408) Concurrent Scan Root Regions
[2026-06-17T10:06:33.138+0800][12.789s][info][gc,marking  ] GC(408) Concurrent Scan Root Regions 0.301ms
[2026-06-17T10:06:33.139+0800][12.789s][info][gc,marking  ] GC(408) Concurrent Mark
[2026-06-17T10:06:33.139+0800][12.789s][info][gc,marking  ] GC(408) Concurrent Mark From Roots
[2026-06-17T10:06:33.139+0800][12.789s][info][gc,task     ] GC(408) Using 5 workers of 5 for marking
[2026-06-17T10:06:33.140+0800][12.791s][info][gc,marking  ] GC(408) Concurrent Mark From Roots 1.405ms
[2026-06-17T10:06:33.140+0800][12.791s][info][gc,marking  ] GC(408) Concurrent Preclean
[2026-06-17T10:06:33.141+0800][12.791s][info][gc,marking  ] GC(408) Concurrent Preclean 0.209ms
[2026-06-17T10:06:33.141+0800][12.792s][info][gc,start    ] GC(408) Pause Remark
[2026-06-17T10:06:33.142+0800][12.793s][info][gc          ] GC(408) Pause Remark 46M->39M(64M) 1.271ms
[2026-06-17T10:06:33.143+0800][12.793s][info][gc,cpu      ] GC(408) User=0.00s Sys=0.00s Real=0.01s
[2026-06-17T10:06:33.143+0800][12.793s][info][gc,marking  ] GC(408) Concurrent Mark 4.255ms
[2026-06-17T10:06:33.143+0800][12.794s][info][gc,marking  ] GC(408) Concurrent Rebuild Remembered Sets and Scrub Regions
[2026-06-17T10:06:33.144+0800][12.794s][info][gc,marking  ] GC(408) Concurrent Rebuild Remembered Sets and Scrub Regions 0.814ms
[2026-06-17T10:06:33.146+0800][12.797s][info][gc,start    ] GC(408) Pause Cleanup
[2026-06-17T10:06:33.146+0800][12.797s][info][gc          ] GC(408) Pause Cleanup 39M->39M(64M) 0.388ms
[2026-06-17T10:06:33.147+0800][12.797s][info][gc,cpu      ] GC(408) User=0.00s Sys=0.00s Real=0.00s
[2026-06-17T10:06:33.147+0800][12.798s][info][gc,marking  ] GC(408) Concurrent Clear Claimed Marks
[2026-06-17T10:06:33.147+0800][12.798s][info][gc,marking  ] GC(408) Concurrent Clear Claimed Marks 0.490ms
[2026-06-17T10:06:33.148+0800][12.798s][info][gc,marking  ] GC(408) Concurrent Cleanup for Next Mark
[2026-06-17T10:06:33.148+0800][12.799s][info][gc,marking  ] GC(408) Concurrent Cleanup for Next Mark 0.285ms
[2026-06-17T10:06:33.148+0800][12.799s][info][gc          ] GC(408) Concurrent Mark Cycle 10.336ms
[2026-06-17T10:06:33.169+0800][12.820s][info][gc,start    ] GC(409) Pause Young (Prepare Mixed) (G1 Evacuation Pause)
[2026-06-17T10:06:33.170+0800][12.821s][info][gc,task     ] GC(409) Using 2 workers of 18 for evacuation
[2026-06-17T10:06:33.172+0800][12.822s][info][gc,phases   ] GC(409)   Pre Evacuate Collection Set: 0.27ms
[2026-06-17T10:06:33.172+0800][12.823s][info][gc,phases   ] GC(409)   Merge Heap Roots: 0.08ms
[2026-06-17T10:06:33.173+0800][12.823s][info][gc,phases   ] GC(409)   Evacuate Collection Set: 0.30ms
[2026-06-17T10:06:33.174+0800][12.824s][info][gc,phases   ] GC(409)   Post Evacuate Collection Set: 0.29ms
[2026-06-17T10:06:33.174+0800][12.825s][info][gc,phases   ] GC(409)   Other: 0.64ms
[2026-06-17T10:06:33.175+0800][12.825s][info][gc,heap     ] GC(409) Eden regions: 10->0(12)
[2026-06-17T10:06:33.176+0800][12.827s][info][gc,heap     ] GC(409) Survivor regions: 2->2(2)
[2026-06-17T10:06:33.176+0800][12.827s][info][gc,heap     ] GC(409) Old regions: 26->28
[2026-06-17T10:06:33.177+0800][12.827s][info][gc,heap     ] GC(409) Humongous regions: 9->9
[2026-06-17T10:06:33.177+0800][12.827s][info][gc,metaspace] GC(409) Metaspace: 116K(320K)->116K(320K) NonClass: 109K(192K)->109K(192K) Class: 7K(128K)->7K(128K)
[2026-06-17T10:06:33.177+0800][12.828s][info][gc          ] GC(409) Pause Young (Prepare Mixed) (G1 Evacuation Pause) 46M->38M(64M) 7.929ms
[2026-06-17T10:06:33.177+0800][12.828s][info][gc,cpu      ] GC(409) User=0.00s Sys=0.00s Real=0.01s
[2026-06-17T10:06:33.209+0800][12.860s][info][gc,start    ] GC(410) Pause Young (Mixed) (G1 Evacuation Pause)
[2026-06-17T10:06:33.210+0800][12.861s][info][gc,task     ] GC(410) Using 2 workers of 18 for evacuation
[2026-06-17T10:06:33.212+0800][12.862s][info][gc,phases   ] GC(410)   Pre Evacuate Collection Set: 0.14ms
[2026-06-17T10:06:33.212+0800][12.863s][info][gc,phases   ] GC(410)   Merge Heap Roots: 0.06ms
[2026-06-17T10:06:33.213+0800][12.863s][info][gc,phases   ] GC(410)   Evacuate Collection Set: 0.61ms
[2026-06-17T10:06:33.213+0800][12.864s][info][gc,phases   ] GC(410)   Post Evacuate Collection Set: 0.31ms
[2026-06-17T10:06:33.214+0800][12.864s][info][gc,phases   ] GC(410)   Other: 0.67ms
[2026-06-17T10:06:33.214+0800][12.865s][info][gc,heap     ] GC(410) Eden regions: 12->0(15)
[2026-06-17T10:06:33.214+0800][12.865s][info][gc,heap     ] GC(410) Survivor regions: 2->2(2)
[2026-06-17T10:06:33.215+0800][12.865s][info][gc,heap     ] GC(410) Old regions: 28->25
[2026-06-17T10:06:33.215+0800][12.866s][info][gc,heap     ] GC(410) Humongous regions: 9->9
[2026-06-17T10:06:33.216+0800][12.866s][info][gc,metaspace] GC(410) Metaspace: 116K(320K)->116K(320K) NonClass: 109K(192K)->109K(192K) Class: 7K(128K)->7K(128K)
[2026-06-17T10:06:33.216+0800][12.866s][info][gc          ] GC(410) Pause Young (Mixed) (G1 Evacuation Pause) 50M->35M(64M) 6.477ms
[2026-06-17T10:06:33.216+0800][12.867s][info][gc,cpu      ] GC(410) User=0.00s Sys=0.00s Real=0.01s
[2026-06-17T10:06:33.217+0800][12.867s][info][gc,start    ] GC(411) Pause Young (Concurrent Start) (G1 Humongous Allocation)
[2026-06-17T10:06:33.217+0800][12.868s][info][gc,task     ] GC(411) Using 2 workers of 18 for evacuation
[2026-06-17T10:06:33.219+0800][12.869s][info][gc,phases   ] GC(411)   Pre Evacuate Collection Set: 0.18ms
[2026-06-17T10:06:33.219+0800][12.870s][info][gc,phases   ] GC(411)   Merge Heap Roots: 0.04ms
[2026-06-17T10:06:33.219+0800][12.870s][info][gc,phases   ] GC(411)   Evacuate Collection Set: 0.27ms
[2026-06-17T10:06:33.220+0800][12.870s][info][gc,phases   ] GC(411)   Post Evacuate Collection Set: 0.23ms
[2026-06-17T10:06:33.220+0800][12.871s][info][gc,phases   ] GC(411)   Other: 0.80ms
[2026-06-17T10:06:33.220+0800][12.871s][info][gc,heap     ] GC(411) Eden regions: 5->0(15)
[2026-06-17T10:06:33.221+0800][12.871s][info][gc,heap     ] GC(411) Survivor regions: 2->2(3)
[2026-06-17T10:06:33.221+0800][12.872s][info][gc,heap     ] GC(411) Old regions: 25->27
[2026-06-17T10:06:33.221+0800][12.872s][info][gc,heap     ] GC(411) Humongous regions: 9->9
[2026-06-17T10:06:33.222+0800][12.872s][info][gc,metaspace] GC(411) Metaspace: 116K(320K)->116K(320K) NonClass: 109K(192K)->109K(192K) Class: 7K(128K)->7K(128K)
[2026-06-17T10:06:33.222+0800][12.873s][info][gc          ] GC(411) Pause Young (Concurrent Start) (G1 Humongous Allocation) 40M->37M(64M) 5.370ms
[2026-06-17T10:06:33.223+0800][12.873s][info][gc,cpu      ] GC(411) User=0.00s Sys=0.00s Real=0.01s
[2026-06-17T10:06:33.223+0800][12.873s][info][gc          ] GC(412) Concurrent Mark Cycle
[2026-06-17T10:06:33.224+0800][12.874s][info][gc,marking  ] GC(412) Concurrent Scan Root Regions
[2026-06-17T10:06:33.224+0800][12.875s][info][gc,marking  ] GC(412) Concurrent Scan Root Regions 0.874ms
[2026-06-17T10:06:33.225+0800][12.875s][info][gc,marking  ] GC(412) Concurrent Mark
[2026-06-17T10:06:33.225+0800][12.876s][info][gc,marking  ] GC(412) Concurrent Mark From Roots
[2026-06-17T10:06:33.225+0800][12.876s][info][gc,task     ] GC(412) Using 5 workers of 5 for marking
[2026-06-17T10:06:33.227+0800][12.877s][info][gc,marking  ] GC(412) Concurrent Mark From Roots 1.808ms
[2026-06-17T10:06:33.227+0800][12.878s][info][gc,marking  ] GC(412) Concurrent Preclean
[2026-06-17T10:06:33.228+0800][12.878s][info][gc,marking  ] GC(412) Concurrent Preclean 0.269ms
[2026-06-17T10:06:33.228+0800][12.878s][info][gc,start    ] GC(412) Pause Remark
[2026-06-17T10:06:33.229+0800][12.879s][info][gc          ] GC(412) Pause Remark 39M->39M(64M) 0.813ms
[2026-06-17T10:06:33.229+0800][12.880s][info][gc,cpu      ] GC(412) User=0.00s Sys=0.00s Real=0.00s
[2026-06-17T10:06:33.230+0800][12.881s][info][gc,marking  ] GC(412) Concurrent Mark 5.222ms
[2026-06-17T10:06:33.230+0800][12.881s][info][gc,marking  ] GC(412) Concurrent Rebuild Remembered Sets and Scrub Regions
[2026-06-17T10:06:33.231+0800][12.882s][info][gc,marking  ] GC(412) Concurrent Rebuild Remembered Sets and Scrub Regions 0.691ms
[2026-06-17T10:06:33.231+0800][12.882s][info][gc,start    ] GC(412) Pause Cleanup
[2026-06-17T10:06:33.232+0800][12.882s][info][gc          ] GC(412) Pause Cleanup 39M->39M(64M) 0.331ms
[2026-06-17T10:06:33.232+0800][12.883s][info][gc,cpu      ] GC(412) User=0.00s Sys=0.00s Real=0.00s
[2026-06-17T10:06:33.232+0800][12.883s][info][gc,marking  ] GC(412) Concurrent Clear Claimed Marks
[2026-06-17T10:06:33.233+0800][12.883s][info][gc,marking  ] GC(412) Concurrent Clear Claimed Marks 0.271ms
[2026-06-17T10:06:33.233+0800][12.884s][info][gc,marking  ] GC(412) Concurrent Cleanup for Next Mark
[2026-06-17T10:06:33.233+0800][12.884s][info][gc,marking  ] GC(412) Concurrent Cleanup for Next Mark 0.485ms
[2026-06-17T10:06:33.234+0800][12.884s][info][gc          ] GC(412) Concurrent Mark Cycle 10.877ms
[2026-06-17T10:06:33.265+0800][12.916s][info][gc,start    ] GC(413) Pause Young (Prepare Mixed) (G1 Evacuation Pause)
[2026-06-17T10:06:33.269+0800][12.920s][info][gc,task     ] GC(413) Using 2 workers of 18 for evacuation
[2026-06-17T10:06:33.271+0800][12.921s][info][gc,phases   ] GC(413)   Pre Evacuate Collection Set: 0.11ms
[2026-06-17T10:06:33.275+0800][12.925s][info][gc,phases   ] GC(413)   Merge Heap Roots: 0.06ms
[2026-06-17T10:06:33.279+0800][12.929s][info][gc,phases   ] GC(413)   Evacuate Collection Set: 0.54ms
[2026-06-17T10:06:33.279+0800][12.930s][info][gc,phases   ] GC(413)   Post Evacuate Collection Set: 0.18ms
[2026-06-17T10:06:33.284+0800][12.934s][info][gc,phases   ] GC(413)   Other: 0.43ms
[2026-06-17T10:06:33.288+0800][12.939s][info][gc,heap     ] GC(413) Eden regions: 15->0(9)
[2026-06-17T10:06:33.291+0800][12.941s][info][gc,heap     ] GC(413) Survivor regions: 2->3(3)
[2026-06-17T10:06:33.296+0800][12.946s][info][gc,heap     ] GC(413) Old regions: 27->31
[2026-06-17T10:06:33.298+0800][12.949s][info][gc,heap     ] GC(413) Humongous regions: 11->11
[2026-06-17T10:06:33.299+0800][12.949s][info][gc,metaspace] GC(413) Metaspace: 116K(320K)->116K(320K) NonClass: 109K(192K)->109K(192K) Class: 7K(128K)->7K(128K)
[2026-06-17T10:06:33.300+0800][12.950s][info][gc          ] GC(413) Pause Young (Prepare Mixed) (G1 Evacuation Pause) 54M->44M(64M) 34.583ms
[2026-06-17T10:06:33.300+0800][12.951s][info][gc,cpu      ] GC(413) User=0.00s Sys=0.00s Real=0.03s
[2026-06-17T10:06:33.322+0800][12.972s][info][gc,start    ] GC(414) Pause Young (Mixed) (G1 Evacuation Pause)
[2026-06-17T10:06:33.322+0800][12.973s][info][gc,task     ] GC(414) Using 2 workers of 18 for evacuation
[2026-06-17T10:06:33.323+0800][12.974s][info][gc,phases   ] GC(414)   Pre Evacuate Collection Set: 0.21ms
[2026-06-17T10:06:33.324+0800][12.974s][info][gc,phases   ] GC(414)   Merge Heap Roots: 0.05ms
[2026-06-17T10:06:33.324+0800][12.975s][info][gc,phases   ] GC(414)   Evacuate Collection Set: 0.49ms
[2026-06-17T10:06:33.325+0800][12.975s][info][gc,phases   ] GC(414)   Post Evacuate Collection Set: 0.23ms
[2026-06-17T10:06:33.325+0800][12.975s][info][gc,phases   ] GC(414)   Other: 0.32ms
[2026-06-17T10:06:33.325+0800][12.976s][info][gc,heap     ] GC(414) Eden regions: 9->0(12)
[2026-06-17T10:06:33.325+0800][12.976s][info][gc,heap     ] GC(414) Survivor regions: 3->2(2)
[2026-06-17T10:06:33.325+0800][12.976s][info][gc,heap     ] GC(414) Old regions: 31->29
[2026-06-17T10:06:33.326+0800][12.976s][info][gc,heap     ] GC(414) Humongous regions: 11->11
[2026-06-17T10:06:33.326+0800][12.976s][info][gc,metaspace] GC(414) Metaspace: 116K(320K)->116K(320K) NonClass: 109K(192K)->109K(192K) Class: 7K(128K)->7K(128K)
[2026-06-17T10:06:33.326+0800][12.977s][info][gc          ] GC(414) Pause Young (Mixed) (G1 Evacuation Pause) 53M->40M(64M) 4.403ms
[2026-06-17T10:06:33.326+0800][12.977s][info][gc,cpu      ] GC(414) User=0.00s Sys=0.00s Real=0.01s
[2026-06-17T10:06:33.358+0800][13.009s][info][gc,start    ] GC(415) Pause Young (Concurrent Start) (G1 Evacuation Pause)
[2026-06-17T10:06:33.359+0800][13.009s][info][gc,task     ] GC(415) Using 2 workers of 18 for evacuation
[2026-06-17T10:06:33.360+0800][13.010s][info][gc,phases   ] GC(415)   Pre Evacuate Collection Set: 0.24ms
[2026-06-17T10:06:33.360+0800][13.011s][info][gc,phases   ] GC(415)   Merge Heap Roots: 0.07ms
[2026-06-17T10:06:33.361+0800][13.011s][info][gc,phases   ] GC(415)   Evacuate Collection Set: 0.30ms
[2026-06-17T10:06:33.361+0800][13.011s][info][gc,phases   ] GC(415)   Post Evacuate Collection Set: 0.21ms
[2026-06-17T10:06:33.361+0800][13.012s][info][gc,phases   ] GC(415)   Other: 0.38ms
[2026-06-17T10:06:33.362+0800][13.012s][info][gc,heap     ] GC(415) Eden regions: 12->0(12)
[2026-06-17T10:06:33.362+0800][13.012s][info][gc,heap     ] GC(415) Survivor regions: 2->2(2)
[2026-06-17T10:06:33.362+0800][13.013s][info][gc,heap     ] GC(415) Old regions: 29->30
[2026-06-17T10:06:33.362+0800][13.013s][info][gc,heap     ] GC(415) Humongous regions: 11->11
[2026-06-17T10:06:33.363+0800][13.013s][info][gc,metaspace] GC(415) Metaspace: 116K(320K)->116K(320K) NonClass: 109K(192K)->109K(192K) Class: 7K(128K)->7K(128K)
[2026-06-17T10:06:33.363+0800][13.014s][info][gc          ] GC(415) Pause Young (Concurrent Start) (G1 Evacuation Pause) 52M->42M(64M) 4.990ms
[2026-06-17T10:06:33.363+0800][13.014s][info][gc,cpu      ] GC(415) User=0.00s Sys=0.00s Real=0.01s
[2026-06-17T10:06:33.363+0800][13.014s][info][gc          ] GC(416) Concurrent Mark Cycle
[2026-06-17T10:06:33.364+0800][13.014s][info][gc,marking  ] GC(416) Concurrent Scan Root Regions
[2026-06-17T10:06:33.364+0800][13.014s][info][gc,marking  ] GC(416) Concurrent Scan Root Regions 0.273ms
[2026-06-17T10:06:33.364+0800][13.015s][info][gc,marking  ] GC(416) Concurrent Mark
[2026-06-17T10:06:33.364+0800][13.015s][info][gc,marking  ] GC(416) Concurrent Mark From Roots
[2026-06-17T10:06:33.364+0800][13.015s][info][gc,task     ] GC(416) Using 5 workers of 5 for marking
[2026-06-17T10:06:33.366+0800][13.016s][info][gc,marking  ] GC(416) Concurrent Mark From Roots 1.354ms
[2026-06-17T10:06:33.366+0800][13.017s][info][gc,marking  ] GC(416) Concurrent Preclean
[2026-06-17T10:06:33.366+0800][13.017s][info][gc,marking  ] GC(416) Concurrent Preclean 0.369ms
[2026-06-17T10:06:33.367+0800][13.017s][info][gc,start    ] GC(416) Pause Remark
[2026-06-17T10:06:33.367+0800][13.018s][info][gc          ] GC(416) Pause Remark 43M->35M(64M) 0.741ms
[2026-06-17T10:06:33.368+0800][13.018s][info][gc,cpu      ] GC(416) User=0.00s Sys=0.00s Real=0.00s
[2026-06-17T10:06:33.368+0800][13.019s][info][gc,marking  ] GC(416) Concurrent Mark 4.208ms
[2026-06-17T10:06:33.369+0800][13.019s][info][gc,marking  ] GC(416) Concurrent Rebuild Remembered Sets and Scrub Regions
[2026-06-17T10:06:33.369+0800][13.020s][info][gc,marking  ] GC(416) Concurrent Rebuild Remembered Sets and Scrub Regions 0.737ms
[2026-06-17T10:06:33.370+0800][13.020s][info][gc,start    ] GC(416) Pause Cleanup
[2026-06-17T10:06:33.370+0800][13.021s][info][gc          ] GC(416) Pause Cleanup 35M->35M(64M) 0.399ms
[2026-06-17T10:06:33.370+0800][13.021s][info][gc,cpu      ] GC(416) User=0.00s Sys=0.00s Real=0.01s
[2026-06-17T10:06:33.371+0800][13.021s][info][gc,marking  ] GC(416) Concurrent Clear Claimed Marks
[2026-06-17T10:06:33.371+0800][13.022s][info][gc,marking  ] GC(416) Concurrent Clear Claimed Marks 0.386ms
[2026-06-17T10:06:33.371+0800][13.022s][info][gc,marking  ] GC(416) Concurrent Cleanup for Next Mark
[2026-06-17T10:06:33.372+0800][13.022s][info][gc,marking  ] GC(416) Concurrent Cleanup for Next Mark 0.424ms
[2026-06-17T10:06:33.372+0800][13.023s][info][gc          ] GC(416) Concurrent Mark Cycle 8.901ms
[2026-06-17T10:06:33.395+0800][13.045s][info][gc,start    ] GC(417) Pause Young (Prepare Mixed) (G1 Evacuation Pause)
[2026-06-17T10:06:33.395+0800][13.046s][info][gc,task     ] GC(417) Using 2 workers of 18 for evacuation
[2026-06-17T10:06:33.396+0800][13.047s][info][gc,phases   ] GC(417)   Pre Evacuate Collection Set: 0.10ms
[2026-06-17T10:06:33.397+0800][13.047s][info][gc,phases   ] GC(417)   Merge Heap Roots: 0.04ms
[2026-06-17T10:06:33.397+0800][13.048s][info][gc,phases   ] GC(417)   Evacuate Collection Set: 0.28ms
[2026-06-17T10:06:33.398+0800][13.048s][info][gc,phases   ] GC(417)   Post Evacuate Collection Set: 0.17ms
[2026-06-17T10:06:33.398+0800][13.049s][info][gc,phases   ] GC(417)   Other: 0.48ms
[2026-06-17T10:06:33.398+0800][13.049s][info][gc,heap     ] GC(417) Eden regions: 12->0(14)
[2026-06-17T10:06:33.399+0800][13.049s][info][gc,heap     ] GC(417) Survivor regions: 2->2(2)
[2026-06-17T10:06:33.399+0800][13.049s][info][gc,heap     ] GC(417) Old regions: 22->24
[2026-06-17T10:06:33.399+0800][13.050s][info][gc,heap     ] GC(417) Humongous regions: 11->11
[2026-06-17T10:06:33.399+0800][13.050s][info][gc,metaspace] GC(417) Metaspace: 116K(320K)->116K(320K) NonClass: 109K(192K)->109K(192K) Class: 7K(128K)->7K(128K)
[2026-06-17T10:06:33.399+0800][13.050s][info][gc          ] GC(417) Pause Young (Prepare Mixed) (G1 Evacuation Pause) 46M->36M(64M) 4.624ms
[2026-06-17T10:06:33.400+0800][13.050s][info][gc,cpu      ] GC(417) User=0.00s Sys=0.00s Real=0.00s
[2026-06-17T10:06:33.442+0800][13.093s][info][gc,start    ] GC(418) Pause Young (Mixed) (G1 Evacuation Pause)
[2026-06-17T10:06:33.443+0800][13.093s][info][gc,task     ] GC(418) Using 2 workers of 18 for evacuation
[2026-06-17T10:06:33.444+0800][13.094s][info][gc,phases   ] GC(418)   Pre Evacuate Collection Set: 0.12ms
[2026-06-17T10:06:33.444+0800][13.095s][info][gc,phases   ] GC(418)   Merge Heap Roots: 0.03ms
[2026-06-17T10:06:33.445+0800][13.095s][info][gc,phases   ] GC(418)   Evacuate Collection Set: 0.51ms
[2026-06-17T10:06:33.445+0800][13.096s][info][gc,phases   ] GC(418)   Post Evacuate Collection Set: 0.19ms
[2026-06-17T10:06:33.445+0800][13.096s][info][gc,phases   ] GC(418)   Other: 0.35ms
[2026-06-17T10:06:33.446+0800][13.096s][info][gc,heap     ] GC(418) Eden regions: 14->0(14)
[2026-06-17T10:06:33.446+0800][13.097s][info][gc,heap     ] GC(418) Survivor regions: 2->2(2)
[2026-06-17T10:06:33.447+0800][13.097s][info][gc,heap     ] GC(418) Old regions: 24->24
[2026-06-17T10:06:33.447+0800][13.097s][info][gc,heap     ] GC(418) Humongous regions: 11->11
[2026-06-17T10:06:33.448+0800][13.098s][info][gc,metaspace] GC(418) Metaspace: 116K(320K)->116K(320K) NonClass: 109K(192K)->109K(192K) Class: 7K(128K)->7K(128K)
[2026-06-17T10:06:33.448+0800][13.098s][info][gc          ] GC(418) Pause Young (Mixed) (G1 Evacuation Pause) 50M->36M(64M) 5.744ms
[2026-06-17T10:06:33.448+0800][13.099s][info][gc,cpu      ] GC(418) User=0.00s Sys=0.00s Real=0.01s
[2026-06-17T10:06:33.460+0800][13.110s][info][gc,start    ] GC(419) Pause Young (Concurrent Start) (G1 Humongous Allocation)
[2026-06-17T10:06:33.460+0800][13.111s][info][gc,task     ] GC(419) Using 2 workers of 18 for evacuation
[2026-06-17T10:06:33.461+0800][13.112s][info][gc,phases   ] GC(419)   Pre Evacuate Collection Set: 0.20ms
[2026-06-17T10:06:33.462+0800][13.112s][info][gc,phases   ] GC(419)   Merge Heap Roots: 0.03ms
[2026-06-17T10:06:33.462+0800][13.113s][info][gc,phases   ] GC(419)   Evacuate Collection Set: 0.18ms
[2026-06-17T10:06:33.463+0800][13.113s][info][gc,phases   ] GC(419)   Post Evacuate Collection Set: 0.15ms
[2026-06-17T10:06:33.463+0800][13.114s][info][gc,phases   ] GC(419)   Other: 0.65ms
[2026-06-17T10:06:33.463+0800][13.114s][info][gc,heap     ] GC(419) Eden regions: 7->0(16)
[2026-06-17T10:06:33.464+0800][13.114s][info][gc,heap     ] GC(419) Survivor regions: 2->0(2)
[2026-06-17T10:06:33.464+0800][13.115s][info][gc,heap     ] GC(419) Old regions: 24->25
[2026-06-17T10:06:33.464+0800][13.115s][info][gc,heap     ] GC(419) Humongous regions: 11->11
[2026-06-17T10:06:33.465+0800][13.115s][info][gc,metaspace] GC(419) Metaspace: 116K(320K)->116K(320K) NonClass: 109K(192K)->109K(192K) Class: 7K(128K)->7K(128K)
[2026-06-17T10:06:33.465+0800][13.115s][info][gc          ] GC(419) Pause Young (Concurrent Start) (G1 Humongous Allocation) 43M->35M(64M) 5.340ms
[2026-06-17T10:06:33.465+0800][13.116s][info][gc,cpu      ] GC(419) User=0.00s Sys=0.00s Real=0.01s
[2026-06-17T10:06:33.465+0800][13.116s][info][gc          ] GC(420) Concurrent Mark Cycle
[2026-06-17T10:06:33.467+0800][13.117s][info][gc,marking  ] GC(420) Concurrent Scan Root Regions
[2026-06-17T10:06:33.467+0800][13.118s][info][gc,marking  ] GC(420) Concurrent Scan Root Regions 0.462ms
[2026-06-17T10:06:33.468+0800][13.118s][info][gc,marking  ] GC(420) Concurrent Mark
[2026-06-17T10:06:33.468+0800][13.118s][info][gc,marking  ] GC(420) Concurrent Mark From Roots
[2026-06-17T10:06:33.468+0800][13.119s][info][gc,task     ] GC(420) Using 5 workers of 5 for marking
[2026-06-17T10:06:33.470+0800][13.120s][info][gc,marking  ] GC(420) Concurrent Mark From Roots 1.723ms
[2026-06-17T10:06:33.470+0800][13.121s][info][gc,marking  ] GC(420) Concurrent Preclean
[2026-06-17T10:06:33.470+0800][13.121s][info][gc,marking  ] GC(420) Concurrent Preclean 0.327ms
[2026-06-17T10:06:33.471+0800][13.121s][info][gc,start    ] GC(420) Pause Remark
[2026-06-17T10:06:33.471+0800][13.122s][info][gc          ] GC(420) Pause Remark 38M->38M(64M) 0.656ms
[2026-06-17T10:06:33.472+0800][13.123s][info][gc,cpu      ] GC(420) User=0.00s Sys=0.00s Real=0.00s
[2026-06-17T10:06:33.473+0800][13.124s][info][gc,marking  ] GC(420) Concurrent Mark 5.923ms
[2026-06-17T10:06:33.474+0800][13.124s][info][gc,marking  ] GC(420) Concurrent Rebuild Remembered Sets and Scrub Regions
[2026-06-17T10:06:33.474+0800][13.125s][info][gc,marking  ] GC(420) Concurrent Rebuild Remembered Sets and Scrub Regions 0.713ms
[2026-06-17T10:06:33.475+0800][13.125s][info][gc,start    ] GC(420) Pause Cleanup
[2026-06-17T10:06:33.477+0800][13.128s][info][gc          ] GC(420) Pause Cleanup 38M->38M(64M) 2.060ms
[2026-06-17T10:06:33.480+0800][13.131s][info][gc,cpu      ] GC(420) User=0.00s Sys=0.00s Real=0.00s
[2026-06-17T10:06:33.481+0800][13.131s][info][gc,marking  ] GC(420) Concurrent Clear Claimed Marks
[2026-06-17T10:06:33.482+0800][13.133s][info][gc,marking  ] GC(420) Concurrent Clear Claimed Marks 1.656ms
[2026-06-17T10:06:33.483+0800][13.133s][info][gc,marking  ] GC(420) Concurrent Cleanup for Next Mark
[2026-06-17T10:06:33.485+0800][13.136s][info][gc,marking  ] GC(420) Concurrent Cleanup for Next Mark 2.209ms
[2026-06-17T10:06:33.488+0800][13.138s][info][gc          ] GC(420) Concurrent Mark Cycle 22.504ms
[2026-06-17T10:06:33.513+0800][13.163s][info][gc,start    ] GC(421) Pause Young (Prepare Mixed) (G1 Evacuation Pause)
[2026-06-17T10:06:33.513+0800][13.163s][info][gc,task     ] GC(421) Using 2 workers of 18 for evacuation
[2026-06-17T10:06:33.514+0800][13.164s][info][gc,phases   ] GC(421)   Pre Evacuate Collection Set: 0.15ms
[2026-06-17T10:06:33.514+0800][13.165s][info][gc,phases   ] GC(421)   Merge Heap Roots: 0.05ms
[2026-06-17T10:06:33.514+0800][13.165s][info][gc,phases   ] GC(421)   Evacuate Collection Set: 0.20ms
[2026-06-17T10:06:33.514+0800][13.165s][info][gc,phases   ] GC(421)   Post Evacuate Collection Set: 0.21ms
[2026-06-17T10:06:33.515+0800][13.165s][info][gc,phases   ] GC(421)   Other: 0.29ms
[2026-06-17T10:06:33.515+0800][13.165s][info][gc,heap     ] GC(421) Eden regions: 16->0(14)
[2026-06-17T10:06:33.515+0800][13.166s][info][gc,heap     ] GC(421) Survivor regions: 0->2(2)
[2026-06-17T10:06:33.515+0800][13.166s][info][gc,heap     ] GC(421) Old regions: 25->25
[2026-06-17T10:06:33.515+0800][13.166s][info][gc,heap     ] GC(421) Humongous regions: 13->13
[2026-06-17T10:06:33.516+0800][13.166s][info][gc,metaspace] GC(421) Metaspace: 116K(320K)->116K(320K) NonClass: 109K(192K)->109K(192K) Class: 7K(128K)->7K(128K)
[2026-06-17T10:06:33.516+0800][13.166s][info][gc          ] GC(421) Pause Young (Prepare Mixed) (G1 Evacuation Pause) 53M->39M(64M) 3.084ms
[2026-06-17T10:06:33.516+0800][13.166s][info][gc,cpu      ] GC(421) User=0.00s Sys=0.00s Real=0.00s
[2026-06-17T10:06:33.548+0800][13.198s][info][gc,start    ] GC(422) Pause Young (Mixed) (G1 Evacuation Pause)
[2026-06-17T10:06:33.548+0800][13.199s][info][gc,task     ] GC(422) Using 2 workers of 18 for evacuation
[2026-06-17T10:06:33.549+0800][13.200s][info][gc,phases   ] GC(422)   Pre Evacuate Collection Set: 0.12ms
[2026-06-17T10:06:33.550+0800][13.200s][info][gc,phases   ] GC(422)   Merge Heap Roots: 0.07ms
[2026-06-17T10:06:33.550+0800][13.201s][info][gc,phases   ] GC(422)   Evacuate Collection Set: 0.48ms
[2026-06-17T10:06:33.550+0800][13.201s][info][gc,phases   ] GC(422)   Post Evacuate Collection Set: 0.19ms
[2026-06-17T10:06:33.551+0800][13.201s][info][gc,phases   ] GC(422)   Other: 0.34ms
[2026-06-17T10:06:33.551+0800][13.201s][info][gc,heap     ] GC(422) Eden regions: 14->0(12)
[2026-06-17T10:06:33.551+0800][13.202s][info][gc,heap     ] GC(422) Survivor regions: 2->2(2)
[2026-06-17T10:06:33.551+0800][13.202s][info][gc,heap     ] GC(422) Old regions: 25->29
[2026-06-17T10:06:33.551+0800][13.202s][info][gc,heap     ] GC(422) Humongous regions: 13->13
[2026-06-17T10:06:33.551+0800][13.202s][info][gc,metaspace] GC(422) Metaspace: 116K(320K)->116K(320K) NonClass: 109K(192K)->109K(192K) Class: 7K(128K)->7K(128K)
[2026-06-17T10:06:33.552+0800][13.202s][info][gc          ] GC(422) Pause Young (Mixed) (G1 Evacuation Pause) 53M->43M(64M) 3.973ms
[2026-06-17T10:06:33.552+0800][13.202s][info][gc,cpu      ] GC(422) User=0.00s Sys=0.00s Real=0.01s
[2026-06-17T10:06:33.584+0800][13.234s][info][gc,start    ] GC(423) Pause Young (Concurrent Start) (G1 Evacuation Pause)
[2026-06-17T10:06:33.584+0800][13.235s][info][gc,task     ] GC(423) Using 2 workers of 18 for evacuation
[2026-06-17T10:06:33.585+0800][13.236s][info][gc,phases   ] GC(423)   Pre Evacuate Collection Set: 0.18ms
[2026-06-17T10:06:33.585+0800][13.236s][info][gc,phases   ] GC(423)   Merge Heap Roots: 0.04ms
[2026-06-17T10:06:33.586+0800][13.236s][info][gc,phases   ] GC(423)   Evacuate Collection Set: 0.27ms
[2026-06-17T10:06:33.586+0800][13.237s][info][gc,phases   ] GC(423)   Post Evacuate Collection Set: 0.18ms
[2026-06-17T10:06:33.587+0800][13.238s][info][gc,phases   ] GC(423)   Other: 0.40ms
[2026-06-17T10:06:33.587+0800][13.238s][info][gc,heap     ] GC(423) Eden regions: 12->0(12)
[2026-06-17T10:06:33.588+0800][13.238s][info][gc,heap     ] GC(423) Survivor regions: 2->2(2)
[2026-06-17T10:06:33.588+0800][13.238s][info][gc,heap     ] GC(423) Old regions: 29->31
[2026-06-17T10:06:33.588+0800][13.239s][info][gc,heap     ] GC(423) Humongous regions: 13->13
[2026-06-17T10:06:33.589+0800][13.239s][info][gc,metaspace] GC(423) Metaspace: 116K(320K)->116K(320K) NonClass: 109K(192K)->109K(192K) Class: 7K(128K)->7K(128K)
[2026-06-17T10:06:33.589+0800][13.240s][info][gc          ] GC(423) Pause Young (Concurrent Start) (G1 Evacuation Pause) 55M->45M(64M) 5.499ms
[2026-06-17T10:06:33.589+0800][13.240s][info][gc,cpu      ] GC(423) User=0.01s Sys=0.00s Real=0.00s
[2026-06-17T10:06:33.589+0800][13.240s][info][gc          ] GC(424) Concurrent Mark Cycle
[2026-06-17T10:06:33.590+0800][13.241s][info][gc,marking  ] GC(424) Concurrent Scan Root Regions
[2026-06-17T10:06:33.591+0800][13.241s][info][gc,marking  ] GC(424) Concurrent Scan Root Regions 0.447ms
[2026-06-17T10:06:33.591+0800][13.241s][info][gc,marking  ] GC(424) Concurrent Mark
[2026-06-17T10:06:33.591+0800][13.242s][info][gc,marking  ] GC(424) Concurrent Mark From Roots
[2026-06-17T10:06:33.592+0800][13.242s][info][gc,task     ] GC(424) Using 5 workers of 5 for marking
[2026-06-17T10:06:33.594+0800][13.245s][info][gc,marking  ] GC(424) Concurrent Mark From Roots 2.778ms
[2026-06-17T10:06:33.594+0800][13.245s][info][gc,marking  ] GC(424) Concurrent Preclean
[2026-06-17T10:06:33.595+0800][13.245s][info][gc,marking  ] GC(424) Concurrent Preclean 0.355ms
[2026-06-17T10:06:33.595+0800][13.246s][info][gc,start    ] GC(424) Pause Remark
[2026-06-17T10:06:33.596+0800][13.247s][info][gc          ] GC(424) Pause Remark 45M->39M(64M) 0.735ms
[2026-06-17T10:06:33.597+0800][13.247s][info][gc,cpu      ] GC(424) User=0.00s Sys=0.00s Real=0.00s
[2026-06-17T10:06:33.597+0800][13.248s][info][gc,marking  ] GC(424) Concurrent Mark 6.314ms
[2026-06-17T10:06:33.598+0800][13.248s][info][gc,marking  ] GC(424) Concurrent Rebuild Remembered Sets and Scrub Regions
[2026-06-17T10:06:33.604+0800][13.254s][info][gc,marking  ] GC(424) Concurrent Rebuild Remembered Sets and Scrub Regions 5.732ms
[2026-06-17T10:06:33.607+0800][13.257s][info][gc,start    ] GC(424) Pause Cleanup
[2026-06-17T10:06:33.607+0800][13.258s][info][gc          ] GC(424) Pause Cleanup 42M->42M(64M) 0.482ms
[2026-06-17T10:06:33.608+0800][13.258s][info][gc,cpu      ] GC(424) User=0.00s Sys=0.00s Real=0.00s
[2026-06-17T10:06:33.610+0800][13.260s][info][gc,marking  ] GC(424) Concurrent Clear Claimed Marks
[2026-06-17T10:06:33.610+0800][13.261s][info][gc,marking  ] GC(424) Concurrent Clear Claimed Marks 0.403ms
[2026-06-17T10:06:33.611+0800][13.262s][info][gc,marking  ] GC(424) Concurrent Cleanup for Next Mark
[2026-06-17T10:06:33.612+0800][13.262s][info][gc,marking  ] GC(424) Concurrent Cleanup for Next Mark 0.482ms
[2026-06-17T10:06:33.612+0800][13.263s][info][gc          ] GC(424) Concurrent Mark Cycle 22.611ms
[2026-06-17T10:06:33.621+0800][13.272s][info][gc,start    ] GC(425) Pause Young (Prepare Mixed) (G1 Evacuation Pause)
[2026-06-17T10:06:33.622+0800][13.272s][info][gc,task     ] GC(425) Using 2 workers of 18 for evacuation
[2026-06-17T10:06:33.623+0800][13.274s][info][gc,phases   ] GC(425)   Pre Evacuate Collection Set: 0.14ms
[2026-06-17T10:06:33.624+0800][13.274s][info][gc,phases   ] GC(425)   Merge Heap Roots: 0.05ms
[2026-06-17T10:06:33.624+0800][13.275s][info][gc,phases   ] GC(425)   Evacuate Collection Set: 0.67ms
[2026-06-17T10:06:33.624+0800][13.275s][info][gc,phases   ] GC(425)   Post Evacuate Collection Set: 0.28ms
[2026-06-17T10:06:33.624+0800][13.275s][info][gc,phases   ] GC(425)   Other: 0.45ms
[2026-06-17T10:06:33.625+0800][13.275s][info][gc,heap     ] GC(425) Eden regions: 12->0(13)
[2026-06-17T10:06:33.625+0800][13.276s][info][gc,heap     ] GC(425) Survivor regions: 2->2(2)
[2026-06-17T10:06:33.626+0800][13.276s][info][gc,heap     ] GC(425) Old regions: 25->27
[2026-06-17T10:06:33.626+0800][13.277s][info][gc,heap     ] GC(425) Humongous regions: 13->13
[2026-06-17T10:06:33.626+0800][13.277s][info][gc,metaspace] GC(425) Metaspace: 116K(320K)->116K(320K) NonClass: 109K(192K)->109K(192K) Class: 7K(128K)->7K(128K)
[2026-06-17T10:06:33.627+0800][13.277s][info][gc          ] GC(425) Pause Young (Prepare Mixed) (G1 Evacuation Pause) 50M->41M(64M) 5.613ms
[2026-06-17T10:06:33.627+0800][13.278s][info][gc,cpu      ] GC(425) User=0.00s Sys=0.00s Real=0.01s
[2026-06-17T10:06:33.670+0800][13.320s][info][gc,start    ] GC(426) Pause Young (Mixed) (G1 Evacuation Pause)
[2026-06-17T10:06:33.671+0800][13.321s][info][gc,task     ] GC(426) Using 2 workers of 18 for evacuation
[2026-06-17T10:06:33.672+0800][13.323s][info][gc,phases   ] GC(426)   Pre Evacuate Collection Set: 0.13ms
[2026-06-17T10:06:33.673+0800][13.323s][info][gc,phases   ] GC(426)   Merge Heap Roots: 0.07ms
[2026-06-17T10:06:33.673+0800][13.324s][info][gc,phases   ] GC(426)   Evacuate Collection Set: 0.55ms
[2026-06-17T10:06:33.673+0800][13.324s][info][gc,phases   ] GC(426)   Post Evacuate Collection Set: 0.24ms
[2026-06-17T10:06:33.674+0800][13.324s][info][gc,phases   ] GC(426)   Other: 0.47ms
[2026-06-17T10:06:33.674+0800][13.324s][info][gc,heap     ] GC(426) Eden regions: 13->0(14)
[2026-06-17T10:06:33.674+0800][13.325s][info][gc,heap     ] GC(426) Survivor regions: 2->2(2)
[2026-06-17T10:06:33.675+0800][13.326s][info][gc,heap     ] GC(426) Old regions: 27->25
[2026-06-17T10:06:33.675+0800][13.326s][info][gc,heap     ] GC(426) Humongous regions: 13->13
[2026-06-17T10:06:33.676+0800][13.326s][info][gc,metaspace] GC(426) Metaspace: 116K(320K)->116K(320K) NonClass: 109K(192K)->109K(192K) Class: 7K(128K)->7K(128K)
[2026-06-17T10:06:33.676+0800][13.327s][info][gc          ] GC(426) Pause Young (Mixed) (G1 Evacuation Pause) 54M->39M(64M) 6.571ms
[2026-06-17T10:06:33.677+0800][13.327s][info][gc,cpu      ] GC(426) User=0.01s Sys=0.00s Real=0.01s
[2026-06-17T10:06:33.677+0800][13.328s][info][gc,start    ] GC(427) Pause Young (Concurrent Start) (G1 Humongous Allocation)
[2026-06-17T10:06:33.679+0800][13.329s][info][gc,task     ] GC(427) Using 2 workers of 18 for evacuation
[2026-06-17T10:06:33.682+0800][13.333s][info][gc,phases   ] GC(427)   Pre Evacuate Collection Set: 0.18ms
[2026-06-17T10:06:33.685+0800][13.335s][info][gc,phases   ] GC(427)   Merge Heap Roots: 0.03ms
[2026-06-17T10:06:33.686+0800][13.336s][info][gc,phases   ] GC(427)   Evacuate Collection Set: 0.18ms
[2026-06-17T10:06:33.687+0800][13.337s][info][gc,phases   ] GC(427)   Post Evacuate Collection Set: 0.16ms
[2026-06-17T10:06:33.689+0800][13.339s][info][gc,phases   ] GC(427)   Other: 3.20ms
[2026-06-17T10:06:33.691+0800][13.342s][info][gc,heap     ] GC(427) Eden regions: 3->0(15)
[2026-06-17T10:06:33.695+0800][13.345s][info][gc,heap     ] GC(427) Survivor regions: 2->0(2)
[2026-06-17T10:06:33.696+0800][13.346s][info][gc,heap     ] GC(427) Old regions: 25->26
[2026-06-17T10:06:33.703+0800][13.353s][info][gc,heap     ] GC(427) Humongous regions: 13->13
[2026-06-17T10:06:33.703+0800][13.354s][info][gc,metaspace] GC(427) Metaspace: 116K(320K)->116K(320K) NonClass: 109K(192K)->109K(192K) Class: 7K(128K)->7K(128K)
[2026-06-17T10:06:33.704+0800][13.354s][info][gc          ] GC(427) Pause Young (Concurrent Start) (G1 Humongous Allocation) 42M->38M(64M) 26.426ms
[2026-06-17T10:06:33.704+0800][13.355s][info][gc,cpu      ] GC(427) User=0.00s Sys=0.00s Real=0.03s
[2026-06-17T10:06:33.704+0800][13.355s][info][gc          ] GC(428) Concurrent Mark Cycle
[2026-06-17T10:06:33.705+0800][13.356s][info][gc,marking  ] GC(428) Concurrent Scan Root Regions
[2026-06-17T10:06:33.705+0800][13.356s][info][gc,marking  ] GC(428) Concurrent Scan Root Regions 0.309ms
[2026-06-17T10:06:33.706+0800][13.356s][info][gc,marking  ] GC(428) Concurrent Mark
[2026-06-17T10:06:33.706+0800][13.357s][info][gc,marking  ] GC(428) Concurrent Mark From Roots
[2026-06-17T10:06:33.706+0800][13.357s][info][gc,task     ] GC(428) Using 5 workers of 5 for marking
[2026-06-17T10:06:33.708+0800][13.358s][info][gc,marking  ] GC(428) Concurrent Mark From Roots 1.687ms
[2026-06-17T10:06:33.708+0800][13.359s][info][gc,marking  ] GC(428) Concurrent Preclean
[2026-06-17T10:06:33.709+0800][13.359s][info][gc,marking  ] GC(428) Concurrent Preclean 0.423ms
[2026-06-17T10:06:33.710+0800][13.360s][info][gc,start    ] GC(428) Pause Remark
[2026-06-17T10:06:33.710+0800][13.361s][info][gc          ] GC(428) Pause Remark 40M->34M(64M) 0.750ms
[2026-06-17T10:06:33.714+0800][13.364s][info][gc,cpu      ] GC(428) User=0.00s Sys=0.00s Real=0.01s
[2026-06-17T10:06:33.717+0800][13.367s][info][gc,marking  ] GC(428) Concurrent Mark 10.834ms
[2026-06-17T10:06:33.722+0800][13.372s][info][gc,marking  ] GC(428) Concurrent Rebuild Remembered Sets and Scrub Regions
[2026-06-17T10:06:33.723+0800][13.373s][info][gc,marking  ] GC(428) Concurrent Rebuild Remembered Sets and Scrub Regions 0.821ms
[2026-06-17T10:06:33.737+0800][13.388s][info][gc,start    ] GC(428) Pause Cleanup
[2026-06-17T10:06:33.738+0800][13.389s][info][gc          ] GC(428) Pause Cleanup 43M->43M(64M) 1.050ms
[2026-06-17T10:06:33.739+0800][13.389s][info][gc,cpu      ] GC(428) User=0.00s Sys=0.00s Real=0.00s
[2026-06-17T10:06:33.739+0800][13.390s][info][gc,marking  ] GC(428) Concurrent Clear Claimed Marks
[2026-06-17T10:06:33.744+0800][13.395s][info][gc,marking  ] GC(428) Concurrent Clear Claimed Marks 5.200ms
[2026-06-17T10:06:33.746+0800][13.397s][info][gc,marking  ] GC(428) Concurrent Cleanup for Next Mark
[2026-06-17T10:06:33.750+0800][13.401s][info][gc,start    ] GC(429) Pause Young (Prepare Mixed) (G1 Evacuation Pause)
[2026-06-17T10:06:33.755+0800][13.405s][info][gc,task     ] GC(429) Using 2 workers of 18 for evacuation
[2026-06-17T10:06:33.758+0800][13.408s][info][gc,phases   ] GC(429)   Pre Evacuate Collection Set: 0.17ms
[2026-06-17T10:06:33.780+0800][13.431s][info][gc,phases   ] GC(429)   Merge Heap Roots: 0.06ms
[2026-06-17T10:06:33.781+0800][13.431s][info][gc,phases   ] GC(429)   Evacuate Collection Set: 0.40ms
[2026-06-17T10:06:33.781+0800][13.432s][info][gc,phases   ] GC(429)   Post Evacuate Collection Set: 0.18ms
[2026-06-17T10:06:33.784+0800][13.434s][info][gc,phases   ] GC(429)   Other: 2.58ms
[2026-06-17T10:06:33.784+0800][13.435s][info][gc,heap     ] GC(429) Eden regions: 15->0(14)
[2026-06-17T10:06:33.785+0800][13.435s][info][gc,heap     ] GC(429) Survivor regions: 0->2(2)
[2026-06-17T10:06:33.785+0800][13.436s][info][gc,heap     ] GC(429) Old regions: 20->23
[2026-06-17T10:06:33.793+0800][13.444s][info][gc,heap     ] GC(429) Humongous regions: 15->15
[2026-06-17T10:06:33.794+0800][13.444s][info][gc,metaspace] GC(429) Metaspace: 116K(320K)->116K(320K) NonClass: 109K(192K)->109K(192K) Class: 7K(128K)->7K(128K)
[2026-06-17T10:06:33.794+0800][13.445s][info][gc          ] GC(429) Pause Young (Prepare Mixed) (G1 Evacuation Pause) 49M->39M(64M) 44.092ms
[2026-06-17T10:06:33.796+0800][13.446s][info][gc,cpu      ] GC(429) User=0.01s Sys=0.00s Real=0.05s
[2026-06-17T10:06:33.808+0800][13.459s][info][gc,marking  ] GC(428) Concurrent Cleanup for Next Mark 61.616ms
[2026-06-17T10:06:33.809+0800][13.459s][info][gc          ] GC(428) Concurrent Mark Cycle 104.250ms
[2026-06-17T10:06:33.850+0800][13.500s][info][gc,start    ] GC(430) Pause Young (Mixed) (G1 Evacuation Pause)
[2026-06-17T10:06:33.853+0800][13.503s][info][gc,task     ] GC(430) Using 2 workers of 18 for evacuation
[2026-06-17T10:06:33.855+0800][13.506s][info][gc,phases   ] GC(430)   Pre Evacuate Collection Set: 0.14ms
[2026-06-17T10:06:33.859+0800][13.509s][info][gc,phases   ] GC(430)   Merge Heap Roots: 0.06ms
[2026-06-17T10:06:33.859+0800][13.510s][info][gc,phases   ] GC(430)   Evacuate Collection Set: 0.34ms
[2026-06-17T10:06:33.862+0800][13.512s][info][gc,phases   ] GC(430)   Post Evacuate Collection Set: 0.31ms
[2026-06-17T10:06:33.862+0800][13.513s][info][gc,phases   ] GC(430)   Other: 2.02ms
[2026-06-17T10:06:33.862+0800][13.513s][info][gc,heap     ] GC(430) Eden regions: 14->0(15)
[2026-06-17T10:06:33.863+0800][13.513s][info][gc,heap     ] GC(430) Survivor regions: 2->2(2)
[2026-06-17T10:06:33.863+0800][13.513s][info][gc,heap     ] GC(430) Old regions: 23->20
[2026-06-17T10:06:33.863+0800][13.514s][info][gc,heap     ] GC(430) Humongous regions: 15->15
[2026-06-17T10:06:33.863+0800][13.514s][info][gc,metaspace] GC(430) Metaspace: 116K(320K)->116K(320K) NonClass: 109K(192K)->109K(192K) Class: 7K(128K)->7K(128K)
[2026-06-17T10:06:33.863+0800][13.514s][info][gc          ] GC(430) Pause Young (Mixed) (G1 Evacuation Pause) 53M->36M(64M) 13.645ms
[2026-06-17T10:06:33.864+0800][13.514s][info][gc,cpu      ] GC(430) User=0.00s Sys=0.00s Real=0.02s
[2026-06-17T10:06:33.895+0800][13.546s][info][gc,start    ] GC(431) Pause Young (Concurrent Start) (G1 Evacuation Pause)
[2026-06-17T10:06:33.896+0800][13.547s][info][gc,task     ] GC(431) Using 2 workers of 18 for evacuation
[2026-06-17T10:06:33.898+0800][13.548s][info][gc,phases   ] GC(431)   Pre Evacuate Collection Set: 0.22ms
[2026-06-17T10:06:33.898+0800][13.549s][info][gc,phases   ] GC(431)   Merge Heap Roots: 0.06ms
[2026-06-17T10:06:33.899+0800][13.549s][info][gc,phases   ] GC(431)   Evacuate Collection Set: 0.31ms
[2026-06-17T10:06:33.899+0800][13.550s][info][gc,phases   ] GC(431)   Post Evacuate Collection Set: 0.39ms
[2026-06-17T10:06:33.900+0800][13.551s][info][gc,phases   ] GC(431)   Other: 0.60ms
[2026-06-17T10:06:33.900+0800][13.551s][info][gc,heap     ] GC(431) Eden regions: 15->0(14)
[2026-06-17T10:06:33.901+0800][13.551s][info][gc,heap     ] GC(431) Survivor regions: 2->2(3)
[2026-06-17T10:06:33.901+0800][13.552s][info][gc,heap     ] GC(431) Old regions: 20->22
[2026-06-17T10:06:33.902+0800][13.552s][info][gc,heap     ] GC(431) Humongous regions: 15->15
[2026-06-17T10:06:33.902+0800][13.553s][info][gc,metaspace] GC(431) Metaspace: 116K(320K)->116K(320K) NonClass: 109K(192K)->109K(192K) Class: 7K(128K)->7K(128K)
[2026-06-17T10:06:33.903+0800][13.553s][info][gc          ] GC(431) Pause Young (Concurrent Start) (G1 Evacuation Pause) 51M->38M(64M) 7.571ms
[2026-06-17T10:06:33.903+0800][13.554s][info][gc,cpu      ] GC(431) User=0.00s Sys=0.00s Real=0.01s
[2026-06-17T10:06:33.903+0800][13.554s][info][gc          ] GC(432) Concurrent Mark Cycle
[2026-06-17T10:06:33.904+0800][13.555s][info][gc,marking  ] GC(432) Concurrent Scan Root Regions
[2026-06-17T10:06:33.905+0800][13.555s][info][gc,marking  ] GC(432) Concurrent Scan Root Regions 0.540ms
[2026-06-17T10:06:33.905+0800][13.556s][info][gc,marking  ] GC(432) Concurrent Mark
[2026-06-17T10:06:33.905+0800][13.556s][info][gc,marking  ] GC(432) Concurrent Mark From Roots
[2026-06-17T10:06:33.906+0800][13.556s][info][gc,task     ] GC(432) Using 5 workers of 5 for marking
[2026-06-17T10:06:33.907+0800][13.558s][info][gc,marking  ] GC(432) Concurrent Mark From Roots 1.707ms
[2026-06-17T10:06:33.908+0800][13.558s][info][gc,marking  ] GC(432) Concurrent Preclean
[2026-06-17T10:06:33.908+0800][13.558s][info][gc,marking  ] GC(432) Concurrent Preclean 0.331ms
[2026-06-17T10:06:33.908+0800][13.559s][info][gc,start    ] GC(432) Pause Remark
[2026-06-17T10:06:33.909+0800][13.559s][info][gc          ] GC(432) Pause Remark 39M->39M(64M) 0.781ms
[2026-06-17T10:06:33.909+0800][13.560s][info][gc,cpu      ] GC(432) User=0.00s Sys=0.00s Real=0.00s
[2026-06-17T10:06:33.909+0800][13.560s][info][gc,marking  ] GC(432) Concurrent Mark 4.205ms
[2026-06-17T10:06:33.910+0800][13.560s][info][gc,marking  ] GC(432) Concurrent Rebuild Remembered Sets and Scrub Regions
[2026-06-17T10:06:33.910+0800][13.561s][info][gc,marking  ] GC(432) Concurrent Rebuild Remembered Sets and Scrub Regions 0.594ms
[2026-06-17T10:06:33.910+0800][13.561s][info][gc,start    ] GC(432) Pause Cleanup
[2026-06-17T10:06:33.911+0800][13.561s][info][gc          ] GC(432) Pause Cleanup 39M->39M(64M) 0.192ms
[2026-06-17T10:06:33.911+0800][13.561s][info][gc,cpu      ] GC(432) User=0.00s Sys=0.00s Real=0.01s
[2026-06-17T10:06:33.911+0800][13.562s][info][gc,marking  ] GC(432) Concurrent Clear Claimed Marks
[2026-06-17T10:06:33.911+0800][13.562s][info][gc,marking  ] GC(432) Concurrent Clear Claimed Marks 0.167ms
[2026-06-17T10:06:33.911+0800][13.562s][info][gc,marking  ] GC(432) Concurrent Cleanup for Next Mark
[2026-06-17T10:06:33.912+0800][13.562s][info][gc,marking  ] GC(432) Concurrent Cleanup for Next Mark 0.243ms
[2026-06-17T10:06:33.912+0800][13.562s][info][gc          ] GC(432) Concurrent Mark Cycle 8.384ms
[2026-06-17T10:06:33.935+0800][13.586s][info][gc,start    ] GC(433) Pause Young (Prepare Mixed) (G1 Evacuation Pause)
[2026-06-17T10:06:33.936+0800][13.586s][info][gc,task     ] GC(433) Using 2 workers of 18 for evacuation
[2026-06-17T10:06:33.937+0800][13.588s][info][gc,phases   ] GC(433)   Pre Evacuate Collection Set: 0.10ms
[2026-06-17T10:06:33.938+0800][13.588s][info][gc,phases   ] GC(433)   Merge Heap Roots: 0.04ms
[2026-06-17T10:06:33.939+0800][13.589s][info][gc,phases   ] GC(433)   Evacuate Collection Set: 0.35ms
[2026-06-17T10:06:33.939+0800][13.590s][info][gc,phases   ] GC(433)   Post Evacuate Collection Set: 0.16ms
[2026-06-17T10:06:33.939+0800][13.590s][info][gc,phases   ] GC(433)   Other: 0.67ms
[2026-06-17T10:06:33.940+0800][13.591s][info][gc,heap     ] GC(433) Eden regions: 14->0(13)
[2026-06-17T10:06:33.941+0800][13.591s][info][gc,heap     ] GC(433) Survivor regions: 2->2(2)
[2026-06-17T10:06:33.941+0800][13.592s][info][gc,heap     ] GC(433) Old regions: 22->25
[2026-06-17T10:06:33.942+0800][13.592s][info][gc,heap     ] GC(433) Humongous regions: 15->15
[2026-06-17T10:06:33.942+0800][13.593s][info][gc,metaspace] GC(433) Metaspace: 116K(320K)->116K(320K) NonClass: 109K(192K)->109K(192K) Class: 7K(128K)->7K(128K)
[2026-06-17T10:06:33.943+0800][13.593s][info][gc          ] GC(433) Pause Young (Prepare Mixed) (G1 Evacuation Pause) 51M->41M(64M) 7.524ms
[2026-06-17T10:06:33.943+0800][13.594s][info][gc,cpu      ] GC(433) User=0.00s Sys=0.00s Real=0.01s
[2026-06-17T10:06:33.986+0800][13.636s][info][gc,start    ] GC(434) Pause Young (Mixed) (G1 Evacuation Pause)
[2026-06-17T10:06:33.986+0800][13.637s][info][gc,task     ] GC(434) Using 2 workers of 18 for evacuation
[2026-06-17T10:06:33.988+0800][13.639s][info][gc,phases   ] GC(434)   Pre Evacuate Collection Set: 0.23ms
[2026-06-17T10:06:33.989+0800][13.639s][info][gc,phases   ] GC(434)   Merge Heap Roots: 0.08ms
[2026-06-17T10:06:33.989+0800][13.640s][info][gc,phases   ] GC(434)   Evacuate Collection Set: 0.61ms
[2026-06-17T10:06:33.990+0800][13.640s][info][gc,phases   ] GC(434)   Post Evacuate Collection Set: 0.42ms
[2026-06-17T10:06:33.990+0800][13.641s][info][gc,phases   ] GC(434)   Other: 0.69ms
[2026-06-17T10:06:33.990+0800][13.641s][info][gc,heap     ] GC(434) Eden regions: 13->0(11)
[2026-06-17T10:06:33.991+0800][13.641s][info][gc,heap     ] GC(434) Survivor regions: 2->2(2)
[2026-06-17T10:06:33.991+0800][13.642s][info][gc,heap     ] GC(434) Old regions: 25->27
[2026-06-17T10:06:33.991+0800][13.642s][info][gc,heap     ] GC(434) Humongous regions: 16->16
[2026-06-17T10:06:33.992+0800][13.642s][info][gc,metaspace] GC(434) Metaspace: 116K(320K)->116K(320K) NonClass: 109K(192K)->109K(192K) Class: 7K(128K)->7K(128K)
[2026-06-17T10:06:33.992+0800][13.642s][info][gc          ] GC(434) Pause Young (Mixed) (G1 Evacuation Pause) 55M->44M(64M) 6.041ms
[2026-06-17T10:06:33.992+0800][13.642s][info][gc,cpu      ] GC(434) User=0.00s Sys=0.01s Real=0.01s
[2026-06-17T10:06:34.013+0800][13.664s][info][gc,start    ] GC(435) Pause Young (Concurrent Start) (G1 Evacuation Pause)
[2026-06-17T10:06:34.014+0800][13.664s][info][gc,task     ] GC(435) Using 2 workers of 18 for evacuation
[2026-06-17T10:06:34.015+0800][13.666s][info][gc,phases   ] GC(435)   Pre Evacuate Collection Set: 0.35ms
[2026-06-17T10:06:34.016+0800][13.666s][info][gc,phases   ] GC(435)   Merge Heap Roots: 0.07ms
[2026-06-17T10:06:34.016+0800][13.666s][info][gc,phases   ] GC(435)   Evacuate Collection Set: 0.31ms
[2026-06-17T10:06:34.016+0800][13.666s][info][gc,phases   ] GC(435)   Post Evacuate Collection Set: 0.32ms
[2026-06-17T10:06:34.016+0800][13.667s][info][gc,phases   ] GC(435)   Other: 0.43ms
[2026-06-17T10:06:34.016+0800][13.667s][info][gc,heap     ] GC(435) Eden regions: 11->0(11)
[2026-06-17T10:06:34.016+0800][13.667s][info][gc,heap     ] GC(435) Survivor regions: 2->2(2)
[2026-06-17T10:06:34.016+0800][13.667s][info][gc,heap     ] GC(435) Old regions: 27->29
[2026-06-17T10:06:34.017+0800][13.667s][info][gc,heap     ] GC(435) Humongous regions: 16->16
[2026-06-17T10:06:34.017+0800][13.667s][info][gc,metaspace] GC(435) Metaspace: 116K(320K)->116K(320K) NonClass: 109K(192K)->109K(192K) Class: 7K(128K)->7K(128K)
[2026-06-17T10:06:34.017+0800][13.668s][info][gc          ] GC(435) Pause Young (Concurrent Start) (G1 Evacuation Pause) 55M->45M(64M) 3.976ms
[2026-06-17T10:06:34.018+0800][13.668s][info][gc,cpu      ] GC(435) User=0.00s Sys=0.00s Real=0.00s
[2026-06-17T10:06:34.018+0800][13.668s][info][gc          ] GC(436) Concurrent Mark Cycle
[2026-06-17T10:06:34.018+0800][13.668s][info][gc,marking  ] GC(436) Concurrent Scan Root Regions
[2026-06-17T10:06:34.018+0800][13.669s][info][gc,marking  ] GC(436) Concurrent Scan Root Regions 0.190ms
[2026-06-17T10:06:34.018+0800][13.669s][info][gc,marking  ] GC(436) Concurrent Mark
[2026-06-17T10:06:34.018+0800][13.669s][info][gc,marking  ] GC(436) Concurrent Mark From Roots
[2026-06-17T10:06:34.018+0800][13.669s][info][gc,task     ] GC(436) Using 5 workers of 5 for marking
[2026-06-17T10:06:34.020+0800][13.670s][info][gc,marking  ] GC(436) Concurrent Mark From Roots 1.193ms
[2026-06-17T10:06:34.020+0800][13.670s][info][gc,marking  ] GC(436) Concurrent Preclean
[2026-06-17T10:06:34.020+0800][13.670s][info][gc,marking  ] GC(436) Concurrent Preclean 0.146ms
[2026-06-17T10:06:34.020+0800][13.671s][info][gc,start    ] GC(436) Pause Remark
[2026-06-17T10:06:34.020+0800][13.671s][info][gc          ] GC(436) Pause Remark 47M->38M(64M) 0.386ms
[2026-06-17T10:06:34.020+0800][13.671s][info][gc,cpu      ] GC(436) User=0.00s Sys=0.00s Real=0.00s
[2026-06-17T10:06:34.021+0800][13.671s][info][gc,marking  ] GC(436) Concurrent Mark 2.404ms
[2026-06-17T10:06:34.021+0800][13.671s][info][gc,marking  ] GC(436) Concurrent Rebuild Remembered Sets and Scrub Regions
[2026-06-17T10:06:34.021+0800][13.672s][info][gc,marking  ] GC(436) Concurrent Rebuild Remembered Sets and Scrub Regions 0.419ms
[2026-06-17T10:06:34.021+0800][13.672s][info][gc,start    ] GC(436) Pause Cleanup
[2026-06-17T10:06:34.021+0800][13.672s][info][gc          ] GC(436) Pause Cleanup 38M->38M(64M) 0.085ms
[2026-06-17T10:06:34.021+0800][13.672s][info][gc,cpu      ] GC(436) User=0.00s Sys=0.00s Real=0.00s
[2026-06-17T10:06:34.022+0800][13.672s][info][gc,marking  ] GC(436) Concurrent Clear Claimed Marks
[2026-06-17T10:06:34.022+0800][13.672s][info][gc,marking  ] GC(436) Concurrent Clear Claimed Marks 0.074ms
[2026-06-17T10:06:34.022+0800][13.672s][info][gc,marking  ] GC(436) Concurrent Cleanup for Next Mark
[2026-06-17T10:06:34.022+0800][13.672s][info][gc,marking  ] GC(436) Concurrent Cleanup for Next Mark 0.140ms
[2026-06-17T10:06:34.022+0800][13.672s][info][gc          ] GC(436) Concurrent Mark Cycle 4.246ms
[2026-06-17T10:06:34.049+0800][13.700s][info][gc,start    ] GC(437) Pause Young (Prepare Mixed) (G1 Evacuation Pause)
[2026-06-17T10:06:34.050+0800][13.700s][info][gc,task     ] GC(437) Using 2 workers of 18 for evacuation
[2026-06-17T10:06:34.051+0800][13.701s][info][gc,phases   ] GC(437)   Pre Evacuate Collection Set: 0.16ms
[2026-06-17T10:06:34.051+0800][13.702s][info][gc,phases   ] GC(437)   Merge Heap Roots: 0.06ms
[2026-06-17T10:06:34.051+0800][13.702s][info][gc,phases   ] GC(437)   Evacuate Collection Set: 0.39ms
[2026-06-17T10:06:34.051+0800][13.702s][info][gc,phases   ] GC(437)   Post Evacuate Collection Set: 0.20ms
[2026-06-17T10:06:34.052+0800][13.702s][info][gc,phases   ] GC(437)   Other: 0.28ms
[2026-06-17T10:06:34.052+0800][13.702s][info][gc,heap     ] GC(437) Eden regions: 11->0(13)
[2026-06-17T10:06:34.052+0800][13.702s][info][gc,heap     ] GC(437) Survivor regions: 2->2(2)
[2026-06-17T10:06:34.052+0800][13.703s][info][gc,heap     ] GC(437) Old regions: 20->23
[2026-06-17T10:06:34.052+0800][13.703s][info][gc,heap     ] GC(437) Humongous regions: 16->16
[2026-06-17T10:06:34.052+0800][13.703s][info][gc,metaspace] GC(437) Metaspace: 116K(320K)->116K(320K) NonClass: 109K(192K)->109K(192K) Class: 7K(128K)->7K(128K)
[2026-06-17T10:06:34.052+0800][13.703s][info][gc          ] GC(437) Pause Young (Prepare Mixed) (G1 Evacuation Pause) 47M->40M(64M) 3.303ms
[2026-06-17T10:06:34.053+0800][13.703s][info][gc,cpu      ] GC(437) User=0.00s Sys=0.00s Real=0.01s
[2026-06-17T10:06:34.085+0800][13.735s][info][gc,start    ] GC(438) Pause Young (Mixed) (G1 Evacuation Pause)
[2026-06-17T10:06:34.086+0800][13.737s][info][gc,task     ] GC(438) Using 2 workers of 18 for evacuation
[2026-06-17T10:06:34.087+0800][13.738s][info][gc,phases   ] GC(438)   Pre Evacuate Collection Set: 0.15ms
[2026-06-17T10:06:34.087+0800][13.738s][info][gc,phases   ] GC(438)   Merge Heap Roots: 0.07ms
[2026-06-17T10:06:34.088+0800][13.738s][info][gc,phases   ] GC(438)   Evacuate Collection Set: 0.33ms
[2026-06-17T10:06:34.088+0800][13.739s][info][gc,phases   ] GC(438)   Post Evacuate Collection Set: 0.20ms
[2026-06-17T10:06:34.088+0800][13.739s][info][gc,phases   ] GC(438)   Other: 0.39ms
[2026-06-17T10:06:34.088+0800][13.739s][info][gc,heap     ] GC(438) Eden regions: 13->0(13)
[2026-06-17T10:06:34.089+0800][13.739s][info][gc,heap     ] GC(438) Survivor regions: 2->2(2)
[2026-06-17T10:06:34.089+0800][13.739s][info][gc,heap     ] GC(438) Old regions: 23->23
[2026-06-17T10:06:34.089+0800][13.739s][info][gc,heap     ] GC(438) Humongous regions: 16->16
[2026-06-17T10:06:34.089+0800][13.739s][info][gc,metaspace] GC(438) Metaspace: 116K(320K)->116K(320K) NonClass: 109K(192K)->109K(192K) Class: 7K(128K)->7K(128K)
[2026-06-17T10:06:34.089+0800][13.740s][info][gc          ] GC(438) Pause Young (Mixed) (G1 Evacuation Pause) 53M->40M(64M) 4.417ms
[2026-06-17T10:06:34.089+0800][13.740s][info][gc,cpu      ] GC(438) User=0.00s Sys=0.00s Real=0.00s
[2026-06-17T10:06:34.121+0800][13.771s][info][gc,start    ] GC(439) Pause Young (Concurrent Start) (G1 Evacuation Pause)
[2026-06-17T10:06:34.121+0800][13.772s][info][gc,task     ] GC(439) Using 2 workers of 18 for evacuation
[2026-06-17T10:06:34.122+0800][13.773s][info][gc,phases   ] GC(439)   Pre Evacuate Collection Set: 0.18ms
[2026-06-17T10:06:34.123+0800][13.773s][info][gc,phases   ] GC(439)   Merge Heap Roots: 0.04ms
[2026-06-17T10:06:34.123+0800][13.773s][info][gc,phases   ] GC(439)   Evacuate Collection Set: 0.34ms
[2026-06-17T10:06:34.123+0800][13.774s][info][gc,phases   ] GC(439)   Post Evacuate Collection Set: 0.16ms
[2026-06-17T10:06:34.123+0800][13.774s][info][gc,phases   ] GC(439)   Other: 0.33ms
[2026-06-17T10:06:34.123+0800][13.774s][info][gc,heap     ] GC(439) Eden regions: 13->0(12)
[2026-06-17T10:06:34.124+0800][13.774s][info][gc,heap     ] GC(439) Survivor regions: 2->2(2)
[2026-06-17T10:06:34.124+0800][13.774s][info][gc,heap     ] GC(439) Old regions: 23->25
[2026-06-17T10:06:34.124+0800][13.774s][info][gc,heap     ] GC(439) Humongous regions: 16->16
[2026-06-17T10:06:34.124+0800][13.774s][info][gc,metaspace] GC(439) Metaspace: 116K(320K)->116K(320K) NonClass: 109K(192K)->109K(192K) Class: 7K(128K)->7K(128K)
[2026-06-17T10:06:34.124+0800][13.775s][info][gc          ] GC(439) Pause Young (Concurrent Start) (G1 Evacuation Pause) 53M->42M(64M) 3.381ms
[2026-06-17T10:06:34.124+0800][13.775s][info][gc,cpu      ] GC(439) User=0.00s Sys=0.00s Real=0.01s
[2026-06-17T10:06:34.124+0800][13.775s][info][gc          ] GC(440) Concurrent Mark Cycle
[2026-06-17T10:06:34.124+0800][13.775s][info][gc,marking  ] GC(440) Concurrent Scan Root Regions
[2026-06-17T10:06:34.125+0800][13.775s][info][gc,marking  ] GC(440) Concurrent Scan Root Regions 0.140ms
[2026-06-17T10:06:34.125+0800][13.775s][info][gc,marking  ] GC(440) Concurrent Mark
[2026-06-17T10:06:34.125+0800][13.775s][info][gc,marking  ] GC(440) Concurrent Mark From Roots
[2026-06-17T10:06:34.125+0800][13.775s][info][gc,task     ] GC(440) Using 5 workers of 5 for marking
[2026-06-17T10:06:34.126+0800][13.777s][info][gc,marking  ] GC(440) Concurrent Mark From Roots 1.421ms
[2026-06-17T10:06:34.127+0800][13.777s][info][gc,marking  ] GC(440) Concurrent Preclean
[2026-06-17T10:06:34.127+0800][13.777s][info][gc,marking  ] GC(440) Concurrent Preclean 0.251ms
[2026-06-17T10:06:34.127+0800][13.778s][info][gc,start    ] GC(440) Pause Remark
[2026-06-17T10:06:34.128+0800][13.778s][info][gc          ] GC(440) Pause Remark 44M->44M(64M) 0.569ms
[2026-06-17T10:06:34.128+0800][13.778s][info][gc,cpu      ] GC(440) User=0.00s Sys=0.00s Real=0.00s
[2026-06-17T10:06:34.128+0800][13.779s][info][gc,marking  ] GC(440) Concurrent Mark 3.262ms
[2026-06-17T10:06:34.128+0800][13.779s][info][gc,marking  ] GC(440) Concurrent Rebuild Remembered Sets and Scrub Regions
[2026-06-17T10:06:34.129+0800][13.779s][info][gc,marking  ] GC(440) Concurrent Rebuild Remembered Sets and Scrub Regions 0.463ms
[2026-06-17T10:06:34.129+0800][13.779s][info][gc,start    ] GC(440) Pause Cleanup
[2026-06-17T10:06:34.129+0800][13.779s][info][gc          ] GC(440) Pause Cleanup 44M->44M(64M) 0.121ms
[2026-06-17T10:06:34.129+0800][13.780s][info][gc,cpu      ] GC(440) User=0.00s Sys=0.00s Real=0.00s
[2026-06-17T10:06:34.129+0800][13.780s][info][gc,marking  ] GC(440) Concurrent Clear Claimed Marks
[2026-06-17T10:06:34.129+0800][13.780s][info][gc,marking  ] GC(440) Concurrent Clear Claimed Marks 0.130ms
[2026-06-17T10:06:34.129+0800][13.780s][info][gc,marking  ] GC(440) Concurrent Cleanup for Next Mark
[2026-06-17T10:06:34.130+0800][13.780s][info][gc,marking  ] GC(440) Concurrent Cleanup for Next Mark 0.169ms
[2026-06-17T10:06:34.130+0800][13.780s][info][gc          ] GC(440) Concurrent Mark Cycle 5.509ms
[2026-06-17T10:06:34.156+0800][13.806s][info][gc,start    ] GC(441) Pause Young (Prepare Mixed) (G1 Evacuation Pause)
[2026-06-17T10:06:34.157+0800][13.807s][info][gc,task     ] GC(441) Using 2 workers of 18 for evacuation
[2026-06-17T10:06:34.158+0800][13.809s][info][gc,phases   ] GC(441)   Pre Evacuate Collection Set: 0.18ms
[2026-06-17T10:06:34.158+0800][13.809s][info][gc,phases   ] GC(441)   Merge Heap Roots: 0.07ms
[2026-06-17T10:06:34.158+0800][13.809s][info][gc,phases   ] GC(441)   Evacuate Collection Set: 0.50ms
[2026-06-17T10:06:34.159+0800][13.809s][info][gc,phases   ] GC(441)   Post Evacuate Collection Set: 0.19ms
[2026-06-17T10:06:34.159+0800][13.809s][info][gc,phases   ] GC(441)   Other: 0.40ms
[2026-06-17T10:06:34.159+0800][13.809s][info][gc,heap     ] GC(441) Eden regions: 12->0(10)
[2026-06-17T10:06:34.159+0800][13.810s][info][gc,heap     ] GC(441) Survivor regions: 2->2(2)
[2026-06-17T10:06:34.159+0800][13.810s][info][gc,heap     ] GC(441) Old regions: 25->30
[2026-06-17T10:06:34.159+0800][13.810s][info][gc,heap     ] GC(441) Humongous regions: 16->16
[2026-06-17T10:06:34.159+0800][13.810s][info][gc,metaspace] GC(441) Metaspace: 116K(320K)->116K(320K) NonClass: 109K(192K)->109K(192K) Class: 7K(128K)->7K(128K)
[2026-06-17T10:06:34.160+0800][13.810s][info][gc          ] GC(441) Pause Young (Prepare Mixed) (G1 Evacuation Pause) 54M->47M(64M) 3.805ms
[2026-06-17T10:06:34.160+0800][13.810s][info][gc,cpu      ] GC(441) User=0.00s Sys=0.00s Real=0.00s
[2026-06-17T10:06:34.191+0800][13.842s][info][gc,start    ] GC(442) Pause Young (Mixed) (G1 Evacuation Pause)
[2026-06-17T10:06:34.192+0800][13.842s][info][gc,task     ] GC(442) Using 2 workers of 18 for evacuation
[2026-06-17T10:06:34.193+0800][13.844s][info][gc,phases   ] GC(442)   Pre Evacuate Collection Set: 0.14ms
[2026-06-17T10:06:34.194+0800][13.844s][info][gc,phases   ] GC(442)   Merge Heap Roots: 0.07ms
[2026-06-17T10:06:34.194+0800][13.844s][info][gc,phases   ] GC(442)   Evacuate Collection Set: 0.38ms
[2026-06-17T10:06:34.194+0800][13.845s][info][gc,phases   ] GC(442)   Post Evacuate Collection Set: 0.66ms
[2026-06-17T10:06:34.194+0800][13.845s][info][gc,phases   ] GC(442)   Other: 0.27ms
[2026-06-17T10:06:34.194+0800][13.845s][info][gc,heap     ] GC(442) Eden regions: 10->0(10)
[2026-06-17T10:06:34.195+0800][13.845s][info][gc,heap     ] GC(442) Survivor regions: 2->1(2)
[2026-06-17T10:06:34.195+0800][13.845s][info][gc,heap     ] GC(442) Old regions: 30->36
[2026-06-17T10:06:34.195+0800][13.845s][info][gc,heap     ] GC(442) Humongous regions: 18->10
[2026-06-17T10:06:34.195+0800][13.845s][info][gc,metaspace] GC(442) Metaspace: 116K(320K)->116K(320K) NonClass: 109K(192K)->109K(192K) Class: 7K(128K)->7K(128K)
[2026-06-17T10:06:34.195+0800][13.846s][info][gc          ] GC(442) Pause Young (Mixed) (G1 Evacuation Pause) (Evacuation Failure: Allocation) 59M->46M(64M) 3.583ms
[2026-06-17T10:06:34.195+0800][13.846s][info][gc,cpu      ] GC(442) User=0.00s Sys=0.00s Real=0.00s
[2026-06-17T10:06:34.217+0800][13.867s][info][gc,start    ] GC(443) Pause Young (Concurrent Start) (G1 Evacuation Pause)
[2026-06-17T10:06:34.217+0800][13.868s][info][gc,task     ] GC(443) Using 2 workers of 18 for evacuation
[2026-06-17T10:06:34.219+0800][13.870s][info][gc,phases   ] GC(443)   Pre Evacuate Collection Set: 0.55ms
[2026-06-17T10:06:34.220+0800][13.870s][info][gc,phases   ] GC(443)   Merge Heap Roots: 0.08ms
[2026-06-17T10:06:34.220+0800][13.870s][info][gc,phases   ] GC(443)   Evacuate Collection Set: 0.64ms
[2026-06-17T10:06:34.220+0800][13.870s][info][gc,phases   ] GC(443)   Post Evacuate Collection Set: 0.29ms
[2026-06-17T10:06:34.220+0800][13.870s][info][gc,phases   ] GC(443)   Other: 0.58ms
[2026-06-17T10:06:34.220+0800][13.871s][info][gc,heap     ] GC(443) Eden regions: 10->0(9)
[2026-06-17T10:06:34.220+0800][13.871s][info][gc,heap     ] GC(443) Survivor regions: 1->2(2)
[2026-06-17T10:06:34.220+0800][13.871s][info][gc,heap     ] GC(443) Old regions: 36->35
[2026-06-17T10:06:34.220+0800][13.871s][info][gc,heap     ] GC(443) Humongous regions: 10->10
[2026-06-17T10:06:34.221+0800][13.871s][info][gc,metaspace] GC(443) Metaspace: 116K(320K)->116K(320K) NonClass: 109K(192K)->109K(192K) Class: 7K(128K)->7K(128K)
[2026-06-17T10:06:34.221+0800][13.871s][info][gc          ] GC(443) Pause Young (Concurrent Start) (G1 Evacuation Pause) (Evacuation Failure: Allocation) 56M->47M(64M) 4.223ms
[2026-06-17T10:06:34.221+0800][13.871s][info][gc,cpu      ] GC(443) User=0.00s Sys=0.00s Real=0.00s
[2026-06-17T10:06:34.221+0800][13.871s][info][gc          ] GC(444) Concurrent Mark Cycle
[2026-06-17T10:06:34.221+0800][13.872s][info][gc,marking  ] GC(444) Concurrent Scan Root Regions
[2026-06-17T10:06:34.222+0800][13.872s][info][gc,marking  ] GC(444) Concurrent Scan Root Regions 0.266ms
[2026-06-17T10:06:34.222+0800][13.872s][info][gc,marking  ] GC(444) Concurrent Mark
[2026-06-17T10:06:34.222+0800][13.872s][info][gc,marking  ] GC(444) Concurrent Mark From Roots
[2026-06-17T10:06:34.222+0800][13.872s][info][gc,task     ] GC(444) Using 5 workers of 5 for marking
[2026-06-17T10:06:34.223+0800][13.874s][info][gc,marking  ] GC(444) Concurrent Mark From Roots 1.281ms
[2026-06-17T10:06:34.223+0800][13.874s][info][gc,marking  ] GC(444) Concurrent Preclean
[2026-06-17T10:06:34.223+0800][13.874s][info][gc,marking  ] GC(444) Concurrent Preclean 0.155ms
[2026-06-17T10:06:34.223+0800][13.874s][info][gc,start    ] GC(444) Pause Remark
[2026-06-17T10:06:34.224+0800][13.875s][info][gc          ] GC(444) Pause Remark 48M->39M(64M) 0.561ms
[2026-06-17T10:06:34.224+0800][13.875s][info][gc,cpu      ] GC(444) User=0.00s Sys=0.00s Real=0.00s
[2026-06-17T10:06:34.224+0800][13.875s][info][gc,marking  ] GC(444) Concurrent Mark 2.799ms
[2026-06-17T10:06:34.225+0800][13.875s][info][gc,marking  ] GC(444) Concurrent Rebuild Remembered Sets and Scrub Regions
[2026-06-17T10:06:34.225+0800][13.876s][info][gc,marking  ] GC(444) Concurrent Rebuild Remembered Sets and Scrub Regions 0.452ms
[2026-06-17T10:06:34.225+0800][13.876s][info][gc,start    ] GC(444) Pause Cleanup
[2026-06-17T10:06:34.225+0800][13.876s][info][gc          ] GC(444) Pause Cleanup 39M->39M(64M) 0.130ms
[2026-06-17T10:06:34.225+0800][13.876s][info][gc,cpu      ] GC(444) User=0.00s Sys=0.00s Real=0.00s
[2026-06-17T10:06:34.226+0800][13.876s][info][gc,marking  ] GC(444) Concurrent Clear Claimed Marks
[2026-06-17T10:06:34.226+0800][13.876s][info][gc,marking  ] GC(444) Concurrent Clear Claimed Marks 0.097ms
[2026-06-17T10:06:34.226+0800][13.876s][info][gc,marking  ] GC(444) Concurrent Cleanup for Next Mark
[2026-06-17T10:06:34.226+0800][13.877s][info][gc,marking  ] GC(444) Concurrent Cleanup for Next Mark 0.180ms
[2026-06-17T10:06:34.226+0800][13.877s][info][gc          ] GC(444) Concurrent Mark Cycle 5.114ms
[2026-06-17T10:06:34.242+0800][13.893s][info][gc,start    ] GC(445) Pause Young (Prepare Mixed) (G1 Evacuation Pause)
[2026-06-17T10:06:34.242+0800][13.893s][info][gc,task     ] GC(445) Using 2 workers of 18 for evacuation
[2026-06-17T10:06:34.243+0800][13.894s][info][gc,phases   ] GC(445)   Pre Evacuate Collection Set: 0.13ms
[2026-06-17T10:06:34.244+0800][13.894s][info][gc,phases   ] GC(445)   Merge Heap Roots: 0.06ms
[2026-06-17T10:06:34.244+0800][13.894s][info][gc,phases   ] GC(445)   Evacuate Collection Set: 0.40ms
[2026-06-17T10:06:34.244+0800][13.894s][info][gc,phases   ] GC(445)   Post Evacuate Collection Set: 0.16ms
[2026-06-17T10:06:34.244+0800][13.895s][info][gc,phases   ] GC(445)   Other: 0.23ms
[2026-06-17T10:06:34.244+0800][13.895s][info][gc,heap     ] GC(445) Eden regions: 9->0(11)
[2026-06-17T10:06:34.244+0800][13.895s][info][gc,heap     ] GC(445) Survivor regions: 2->2(2)
[2026-06-17T10:06:34.244+0800][13.895s][info][gc,heap     ] GC(445) Old regions: 26->30
[2026-06-17T10:06:34.244+0800][13.895s][info][gc,heap     ] GC(445) Humongous regions: 10->10
[2026-06-17T10:06:34.244+0800][13.895s][info][gc,metaspace] GC(445) Metaspace: 116K(320K)->116K(320K) NonClass: 109K(192K)->109K(192K) Class: 7K(128K)->7K(128K)
[2026-06-17T10:06:34.244+0800][13.895s][info][gc          ] GC(445) Pause Young (Prepare Mixed) (G1 Evacuation Pause) 46M->41M(64M) 2.448ms
[2026-06-17T10:06:34.245+0800][13.895s][info][gc,cpu      ] GC(445) User=0.00s Sys=0.00s Real=0.01s
[2026-06-17T10:06:34.276+0800][13.927s][info][gc,start    ] GC(446) Pause Young (Mixed) (G1 Evacuation Pause)
[2026-06-17T10:06:34.277+0800][13.927s][info][gc,task     ] GC(446) Using 2 workers of 18 for evacuation
[2026-06-17T10:06:34.278+0800][13.929s][info][gc,phases   ] GC(446)   Pre Evacuate Collection Set: 0.16ms
[2026-06-17T10:06:34.279+0800][13.929s][info][gc,phases   ] GC(446)   Merge Heap Roots: 0.16ms
[2026-06-17T10:06:34.279+0800][13.929s][info][gc,phases   ] GC(446)   Evacuate Collection Set: 0.62ms
[2026-06-17T10:06:34.279+0800][13.929s][info][gc,phases   ] GC(446)   Post Evacuate Collection Set: 0.27ms
[2026-06-17T10:06:34.279+0800][13.930s][info][gc,phases   ] GC(446)   Other: 0.33ms
[2026-06-17T10:06:34.279+0800][13.930s][info][gc,heap     ] GC(446) Eden regions: 11->0(11)
[2026-06-17T10:06:34.279+0800][13.930s][info][gc,heap     ] GC(446) Survivor regions: 2->2(2)
[2026-06-17T10:06:34.279+0800][13.930s][info][gc,heap     ] GC(446) Old regions: 30->29
[2026-06-17T10:06:34.280+0800][13.930s][info][gc,heap     ] GC(446) Humongous regions: 10->10
[2026-06-17T10:06:34.280+0800][13.930s][info][gc,metaspace] GC(446) Metaspace: 116K(320K)->116K(320K) NonClass: 109K(192K)->109K(192K) Class: 7K(128K)->7K(128K)
[2026-06-17T10:06:34.280+0800][13.930s][info][gc          ] GC(446) Pause Young (Mixed) (G1 Evacuation Pause) 52M->40M(64M) 3.501ms
[2026-06-17T10:06:34.280+0800][13.930s][info][gc,cpu      ] GC(446) User=0.00s Sys=0.00s Real=0.00s
[2026-06-17T10:06:34.311+0800][13.962s][info][gc,start    ] GC(447) Pause Young (Concurrent Start) (G1 Evacuation Pause)
[2026-06-17T10:06:34.312+0800][13.962s][info][gc,task     ] GC(447) Using 2 workers of 18 for evacuation
[2026-06-17T10:06:34.313+0800][13.964s][info][gc,phases   ] GC(447)   Pre Evacuate Collection Set: 0.25ms
[2026-06-17T10:06:34.314+0800][13.964s][info][gc,phases   ] GC(447)   Merge Heap Roots: 0.05ms
[2026-06-17T10:06:34.314+0800][13.965s][info][gc,phases   ] GC(447)   Evacuate Collection Set: 0.31ms
[2026-06-17T10:06:34.314+0800][13.965s][info][gc,phases   ] GC(447)   Post Evacuate Collection Set: 0.33ms
[2026-06-17T10:06:34.315+0800][13.965s][info][gc,phases   ] GC(447)   Other: 0.48ms
[2026-06-17T10:06:34.315+0800][13.965s][info][gc,heap     ] GC(447) Eden regions: 11->0(12)
[2026-06-17T10:06:34.315+0800][13.965s][info][gc,heap     ] GC(447) Survivor regions: 2->2(2)
[2026-06-17T10:06:34.315+0800][13.966s][info][gc,heap     ] GC(447) Old regions: 29->30
[2026-06-17T10:06:34.315+0800][13.966s][info][gc,heap     ] GC(447) Humongous regions: 10->10
[2026-06-17T10:06:34.316+0800][13.966s][info][gc,metaspace] GC(447) Metaspace: 116K(320K)->116K(320K) NonClass: 109K(192K)->109K(192K) Class: 7K(128K)->7K(128K)
[2026-06-17T10:06:34.316+0800][13.966s][info][gc          ] GC(447) Pause Young (Concurrent Start) (G1 Evacuation Pause) 51M->41M(64M) 4.456ms
[2026-06-17T10:06:34.316+0800][13.967s][info][gc,cpu      ] GC(447) User=0.00s Sys=0.00s Real=0.00s
[2026-06-17T10:06:34.316+0800][13.967s][info][gc          ] GC(448) Concurrent Mark Cycle
[2026-06-17T10:06:34.316+0800][13.967s][info][gc,marking  ] GC(448) Concurrent Scan Root Regions
[2026-06-17T10:06:34.317+0800][13.967s][info][gc,marking  ] GC(448) Concurrent Scan Root Regions 0.319ms
[2026-06-17T10:06:34.317+0800][13.967s][info][gc,marking  ] GC(448) Concurrent Mark
[2026-06-17T10:06:34.317+0800][13.968s][info][gc,marking  ] GC(448) Concurrent Mark From Roots
[2026-06-17T10:06:34.317+0800][13.968s][info][gc,task     ] GC(448) Using 5 workers of 5 for marking
[2026-06-17T10:06:34.318+0800][13.969s][info][gc,marking  ] GC(448) Concurrent Mark From Roots 1.145ms
[2026-06-17T10:06:34.318+0800][13.969s][info][gc,marking  ] GC(448) Concurrent Preclean
[2026-06-17T10:06:34.318+0800][13.969s][info][gc,marking  ] GC(448) Concurrent Preclean 0.167ms
[2026-06-17T10:06:34.319+0800][13.969s][info][gc,start    ] GC(448) Pause Remark
[2026-06-17T10:06:34.319+0800][13.969s][info][gc          ] GC(448) Pause Remark 45M->37M(64M) 0.349ms
[2026-06-17T10:06:34.319+0800][13.970s][info][gc,cpu      ] GC(448) User=0.00s Sys=0.00s Real=0.00s
[2026-06-17T10:06:34.319+0800][13.970s][info][gc,marking  ] GC(448) Concurrent Mark 2.284ms
[2026-06-17T10:06:34.319+0800][13.970s][info][gc,marking  ] GC(448) Concurrent Rebuild Remembered Sets and Scrub Regions
[2026-06-17T10:06:34.320+0800][13.970s][info][gc,marking  ] GC(448) Concurrent Rebuild Remembered Sets and Scrub Regions 0.464ms
[2026-06-17T10:06:34.321+0800][13.972s][info][gc,start    ] GC(448) Pause Cleanup
[2026-06-17T10:06:34.323+0800][13.974s][info][gc          ] GC(448) Pause Cleanup 37M->37M(64M) 1.863ms
[2026-06-17T10:06:34.325+0800][13.976s][info][gc,cpu      ] GC(448) User=0.00s Sys=0.00s Real=0.01s
[2026-06-17T10:06:34.326+0800][13.977s][info][gc,marking  ] GC(448) Concurrent Clear Claimed Marks
[2026-06-17T10:06:34.327+0800][13.977s][info][gc,marking  ] GC(448) Concurrent Clear Claimed Marks 0.538ms
[2026-06-17T10:06:34.328+0800][13.978s][info][gc,marking  ] GC(448) Concurrent Cleanup for Next Mark
[2026-06-17T10:06:34.328+0800][13.979s][info][gc,marking  ] GC(448) Concurrent Cleanup for Next Mark 0.296ms
[2026-06-17T10:06:34.328+0800][13.979s][info][gc          ] GC(448) Concurrent Mark Cycle 12.039ms
[2026-06-17T10:06:34.348+0800][13.998s][info][gc,start    ] GC(449) Pause Young (Prepare Mixed) (G1 Evacuation Pause)
[2026-06-17T10:06:34.348+0800][13.999s][info][gc,task     ] GC(449) Using 2 workers of 18 for evacuation
[2026-06-17T10:06:34.349+0800][14.000s][info][gc,phases   ] GC(449)   Pre Evacuate Collection Set: 0.11ms
[2026-06-17T10:06:34.349+0800][14.000s][info][gc,phases   ] GC(449)   Merge Heap Roots: 0.04ms
[2026-06-17T10:06:34.349+0800][14.000s][info][gc,phases   ] GC(449)   Evacuate Collection Set: 0.25ms
[2026-06-17T10:06:34.350+0800][14.000s][info][gc,phases   ] GC(449)   Post Evacuate Collection Set: 0.15ms
[2026-06-17T10:06:34.350+0800][14.000s][info][gc,phases   ] GC(449)   Other: 0.22ms
[2026-06-17T10:06:34.350+0800][14.001s][info][gc,heap     ] GC(449) Eden regions: 12->0(16)
[2026-06-17T10:06:34.350+0800][14.001s][info][gc,heap     ] GC(449) Survivor regions: 2->2(2)
[2026-06-17T10:06:34.351+0800][14.001s][info][gc,heap     ] GC(449) Old regions: 22->24
[2026-06-17T10:06:34.351+0800][14.002s][info][gc,heap     ] GC(449) Humongous regions: 10->10
[2026-06-17T10:06:34.351+0800][14.002s][info][gc,metaspace] GC(449) Metaspace: 116K(320K)->116K(320K) NonClass: 109K(192K)->109K(192K) Class: 7K(128K)->7K(128K)
[2026-06-17T10:06:34.351+0800][14.002s][info][gc          ] GC(449) Pause Young (Prepare Mixed) (G1 Evacuation Pause) 45M->35M(64M) 3.675ms
[2026-06-17T10:06:34.352+0800][14.002s][info][gc,cpu      ] GC(449) User=0.00s Sys=0.00s Real=0.01s
[2026-06-17T10:06:34.394+0800][14.044s][info][gc,start    ] GC(450) Pause Young (Mixed) (G1 Evacuation Pause)
[2026-06-17T10:06:34.395+0800][14.045s][info][gc,task     ] GC(450) Using 2 workers of 18 for evacuation
[2026-06-17T10:06:34.396+0800][14.046s][info][gc,phases   ] GC(450)   Pre Evacuate Collection Set: 0.16ms
[2026-06-17T10:06:34.396+0800][14.047s][info][gc,phases   ] GC(450)   Merge Heap Roots: 0.06ms
[2026-06-17T10:06:34.396+0800][14.047s][info][gc,phases   ] GC(450)   Evacuate Collection Set: 0.49ms
[2026-06-17T10:06:34.396+0800][14.047s][info][gc,phases   ] GC(450)   Post Evacuate Collection Set: 0.25ms
[2026-06-17T10:06:34.397+0800][14.047s][info][gc,phases   ] GC(450)   Other: 0.46ms
[2026-06-17T10:06:34.397+0800][14.047s][info][gc,heap     ] GC(450) Eden regions: 16->0(16)
[2026-06-17T10:06:34.397+0800][14.047s][info][gc,heap     ] GC(450) Survivor regions: 2->3(3)
[2026-06-17T10:06:34.397+0800][14.047s][info][gc,heap     ] GC(450) Old regions: 24->21
[2026-06-17T10:06:34.397+0800][14.048s][info][gc,heap     ] GC(450) Humongous regions: 12->12
[2026-06-17T10:06:34.397+0800][14.048s][info][gc,metaspace] GC(450) Metaspace: 116K(320K)->116K(320K) NonClass: 109K(192K)->109K(192K) Class: 7K(128K)->7K(128K)
[2026-06-17T10:06:34.397+0800][14.048s][info][gc          ] GC(450) Pause Young (Mixed) (G1 Evacuation Pause) 53M->35M(64M) 3.355ms
[2026-06-17T10:06:34.397+0800][14.048s][info][gc,cpu      ] GC(450) User=0.00s Sys=0.00s Real=0.00s
[2026-06-17T10:06:34.440+0800][14.090s][info][gc,start    ] GC(451) Pause Young (Mixed) (G1 Evacuation Pause)
[2026-06-17T10:06:34.440+0800][14.091s][info][gc,task     ] GC(451) Using 2 workers of 18 for evacuation
[2026-06-17T10:06:34.442+0800][14.092s][info][gc,phases   ] GC(451)   Pre Evacuate Collection Set: 0.17ms
[2026-06-17T10:06:34.442+0800][14.093s][info][gc,phases   ] GC(451)   Merge Heap Roots: 0.07ms
[2026-06-17T10:06:34.443+0800][14.093s][info][gc,phases   ] GC(451)   Evacuate Collection Set: 0.69ms
[2026-06-17T10:06:34.443+0800][14.093s][info][gc,phases   ] GC(451)   Post Evacuate Collection Set: 0.27ms
[2026-06-17T10:06:34.443+0800][14.093s][info][gc,phases   ] GC(451)   Other: 0.27ms
[2026-06-17T10:06:34.443+0800][14.094s][info][gc,heap     ] GC(451) Eden regions: 16->0(15)
[2026-06-17T10:06:34.443+0800][14.094s][info][gc,heap     ] GC(451) Survivor regions: 3->3(3)
[2026-06-17T10:06:34.443+0800][14.094s][info][gc,heap     ] GC(451) Old regions: 21->22
[2026-06-17T10:06:34.443+0800][14.094s][info][gc,heap     ] GC(451) Humongous regions: 12->12
[2026-06-17T10:06:34.444+0800][14.094s][info][gc,metaspace] GC(451) Metaspace: 116K(320K)->116K(320K) NonClass: 109K(192K)->109K(192K) Class: 7K(128K)->7K(128K)
[2026-06-17T10:06:34.444+0800][14.094s][info][gc          ] GC(451) Pause Young (Mixed) (G1 Evacuation Pause) 51M->36M(64M) 4.050ms
[2026-06-17T10:06:34.444+0800][14.094s][info][gc,cpu      ] GC(451) User=0.00s Sys=0.00s Real=0.01s
[2026-06-17T10:06:34.476+0800][14.126s][info][gc,start    ] GC(452) Pause Young (Concurrent Start) (G1 Evacuation Pause)
[2026-06-17T10:06:34.476+0800][14.127s][info][gc,task     ] GC(452) Using 2 workers of 18 for evacuation
[2026-06-17T10:06:34.477+0800][14.128s][info][gc,phases   ] GC(452)   Pre Evacuate Collection Set: 0.17ms
[2026-06-17T10:06:34.478+0800][14.128s][info][gc,phases   ] GC(452)   Merge Heap Roots: 0.04ms
[2026-06-17T10:06:34.478+0800][14.129s][info][gc,phases   ] GC(452)   Evacuate Collection Set: 0.37ms
[2026-06-17T10:06:34.478+0800][14.129s][info][gc,phases   ] GC(452)   Post Evacuate Collection Set: 0.16ms
[2026-06-17T10:06:34.478+0800][14.129s][info][gc,phases   ] GC(452)   Other: 0.31ms
[2026-06-17T10:06:34.479+0800][14.129s][info][gc,heap     ] GC(452) Eden regions: 15->0(13)
[2026-06-17T10:06:34.479+0800][14.129s][info][gc,heap     ] GC(452) Survivor regions: 3->3(3)
[2026-06-17T10:06:34.479+0800][14.130s][info][gc,heap     ] GC(452) Old regions: 22->25
[2026-06-17T10:06:34.479+0800][14.130s][info][gc,heap     ] GC(452) Humongous regions: 12->12
[2026-06-17T10:06:34.479+0800][14.130s][info][gc,metaspace] GC(452) Metaspace: 116K(320K)->116K(320K) NonClass: 109K(192K)->109K(192K) Class: 7K(128K)->7K(128K)
[2026-06-17T10:06:34.479+0800][14.130s][info][gc          ] GC(452) Pause Young (Concurrent Start) (G1 Evacuation Pause) 51M->39M(64M) 3.850ms
[2026-06-17T10:06:34.480+0800][14.130s][info][gc,cpu      ] GC(452) User=0.00s Sys=0.00s Real=0.00s
[2026-06-17T10:06:34.480+0800][14.130s][info][gc          ] GC(453) Concurrent Mark Cycle
[2026-06-17T10:06:34.480+0800][14.131s][info][gc,marking  ] GC(453) Concurrent Scan Root Regions
[2026-06-17T10:06:34.480+0800][14.131s][info][gc,marking  ] GC(453) Concurrent Scan Root Regions 0.329ms
[2026-06-17T10:06:34.481+0800][14.131s][info][gc,marking  ] GC(453) Concurrent Mark
[2026-06-17T10:06:34.481+0800][14.131s][info][gc,marking  ] GC(453) Concurrent Mark From Roots
[2026-06-17T10:06:34.481+0800][14.132s][info][gc,task     ] GC(453) Using 5 workers of 5 for marking
[2026-06-17T10:06:34.482+0800][14.133s][info][gc,marking  ] GC(453) Concurrent Mark From Roots 1.218ms
[2026-06-17T10:06:34.482+0800][14.133s][info][gc,marking  ] GC(453) Concurrent Preclean
[2026-06-17T10:06:34.482+0800][14.133s][info][gc,marking  ] GC(453) Concurrent Preclean 0.114ms
[2026-06-17T10:06:34.482+0800][14.133s][info][gc,start    ] GC(453) Pause Remark
[2026-06-17T10:06:34.483+0800][14.133s][info][gc          ] GC(453) Pause Remark 40M->40M(64M) 0.451ms
[2026-06-17T10:06:34.483+0800][14.134s][info][gc,cpu      ] GC(453) User=0.00s Sys=0.00s Real=0.00s
[2026-06-17T10:06:34.483+0800][14.134s][info][gc,marking  ] GC(453) Concurrent Mark 2.555ms
[2026-06-17T10:06:34.483+0800][14.134s][info][gc,marking  ] GC(453) Concurrent Rebuild Remembered Sets and Scrub Regions
[2026-06-17T10:06:34.484+0800][14.135s][info][gc,marking  ] GC(453) Concurrent Rebuild Remembered Sets and Scrub Regions 1.011ms
[2026-06-17T10:06:34.485+0800][14.135s][info][gc,start    ] GC(453) Pause Cleanup
[2026-06-17T10:06:34.485+0800][14.135s][info][gc          ] GC(453) Pause Cleanup 40M->40M(64M) 0.193ms
[2026-06-17T10:06:34.485+0800][14.135s][info][gc,cpu      ] GC(453) User=0.00s Sys=0.00s Real=0.00s
[2026-06-17T10:06:34.485+0800][14.135s][info][gc,marking  ] GC(453) Concurrent Clear Claimed Marks
[2026-06-17T10:06:34.485+0800][14.136s][info][gc,marking  ] GC(453) Concurrent Clear Claimed Marks 0.085ms
[2026-06-17T10:06:34.485+0800][14.136s][info][gc,marking  ] GC(453) Concurrent Cleanup for Next Mark
[2026-06-17T10:06:34.485+0800][14.136s][info][gc,marking  ] GC(453) Concurrent Cleanup for Next Mark 0.190ms
[2026-06-17T10:06:34.485+0800][14.136s][info][gc          ] GC(453) Concurrent Mark Cycle 5.655ms
[2026-06-17T10:06:34.522+0800][14.172s][info][gc,start    ] GC(454) Pause Young (Prepare Mixed) (G1 Evacuation Pause)
[2026-06-17T10:06:34.522+0800][14.173s][info][gc,task     ] GC(454) Using 2 workers of 18 for evacuation
[2026-06-17T10:06:34.523+0800][14.174s][info][gc,phases   ] GC(454)   Pre Evacuate Collection Set: 0.12ms
[2026-06-17T10:06:34.523+0800][14.174s][info][gc,phases   ] GC(454)   Merge Heap Roots: 0.04ms
[2026-06-17T10:06:34.524+0800][14.174s][info][gc,phases   ] GC(454)   Evacuate Collection Set: 0.43ms
[2026-06-17T10:06:34.524+0800][14.174s][info][gc,phases   ] GC(454)   Post Evacuate Collection Set: 0.15ms
[2026-06-17T10:06:34.524+0800][14.174s][info][gc,phases   ] GC(454)   Other: 0.24ms
[2026-06-17T10:06:34.524+0800][14.175s][info][gc,heap     ] GC(454) Eden regions: 13->0(12)
[2026-06-17T10:06:34.524+0800][14.175s][info][gc,heap     ] GC(454) Survivor regions: 3->2(2)
[2026-06-17T10:06:34.524+0800][14.175s][info][gc,heap     ] GC(454) Old regions: 25->29
[2026-06-17T10:06:34.524+0800][14.175s][info][gc,heap     ] GC(454) Humongous regions: 12->12
[2026-06-17T10:06:34.525+0800][14.175s][info][gc,metaspace] GC(454) Metaspace: 116K(320K)->116K(320K) NonClass: 109K(192K)->109K(192K) Class: 7K(128K)->7K(128K)
[2026-06-17T10:06:34.525+0800][14.175s][info][gc          ] GC(454) Pause Young (Prepare Mixed) (G1 Evacuation Pause) 52M->42M(64M) 3.168ms
[2026-06-17T10:06:34.525+0800][14.175s][info][gc,cpu      ] GC(454) User=0.00s Sys=0.00s Real=0.01s
[2026-06-17T10:06:34.556+0800][14.207s][info][gc,start    ] GC(455) Pause Young (Mixed) (G1 Evacuation Pause)
[2026-06-17T10:06:34.557+0800][14.208s][info][gc,task     ] GC(455) Using 2 workers of 18 for evacuation
[2026-06-17T10:06:34.560+0800][14.210s][info][gc,phases   ] GC(455)   Pre Evacuate Collection Set: 0.14ms
[2026-06-17T10:06:34.563+0800][14.214s][info][gc,phases   ] GC(455)   Merge Heap Roots: 0.07ms
[2026-06-17T10:06:34.564+0800][14.214s][info][gc,phases   ] GC(455)   Evacuate Collection Set: 0.47ms
[2026-06-17T10:06:34.564+0800][14.215s][info][gc,phases   ] GC(455)   Post Evacuate Collection Set: 0.24ms
[2026-06-17T10:06:34.566+0800][14.216s][info][gc,phases   ] GC(455)   Other: 1.48ms
[2026-06-17T10:06:34.566+0800][14.217s][info][gc,heap     ] GC(455) Eden regions: 12->0(12)
[2026-06-17T10:06:34.566+0800][14.217s][info][gc,heap     ] GC(455) Survivor regions: 2->2(2)
[2026-06-17T10:06:34.567+0800][14.217s][info][gc,heap     ] GC(455) Old regions: 29->29
[2026-06-17T10:06:34.567+0800][14.217s][info][gc,heap     ] GC(455) Humongous regions: 12->12
[2026-06-17T10:06:34.567+0800][14.218s][info][gc,metaspace] GC(455) Metaspace: 116K(320K)->116K(320K) NonClass: 109K(192K)->109K(192K) Class: 7K(128K)->7K(128K)
[2026-06-17T10:06:34.567+0800][14.218s][info][gc          ] GC(455) Pause Young (Mixed) (G1 Evacuation Pause) 54M->42M(64M) 10.644ms
[2026-06-17T10:06:34.567+0800][14.218s][info][gc,cpu      ] GC(455) User=0.00s Sys=0.00s Real=0.01s
[2026-06-17T10:06:34.589+0800][14.239s][info][gc,start    ] GC(456) Pause Young (Concurrent Start) (G1 Humongous Allocation)
[2026-06-17T10:06:34.589+0800][14.240s][info][gc,task     ] GC(456) Using 2 workers of 18 for evacuation
[2026-06-17T10:06:34.590+0800][14.241s][info][gc,phases   ] GC(456)   Pre Evacuate Collection Set: 0.33ms
[2026-06-17T10:06:34.591+0800][14.241s][info][gc,phases   ] GC(456)   Merge Heap Roots: 0.08ms
[2026-06-17T10:06:34.591+0800][14.242s][info][gc,phases   ] GC(456)   Evacuate Collection Set: 0.37ms
[2026-06-17T10:06:34.591+0800][14.242s][info][gc,phases   ] GC(456)   Post Evacuate Collection Set: 0.18ms
[2026-06-17T10:06:34.592+0800][14.242s][info][gc,phases   ] GC(456)   Other: 0.31ms
[2026-06-17T10:06:34.592+0800][14.242s][info][gc,heap     ] GC(456) Eden regions: 12->0(11)
[2026-06-17T10:06:34.592+0800][14.242s][info][gc,heap     ] GC(456) Survivor regions: 2->2(2)
[2026-06-17T10:06:34.592+0800][14.242s][info][gc,heap     ] GC(456) Old regions: 29->31
[2026-06-17T10:06:34.592+0800][14.243s][info][gc,heap     ] GC(456) Humongous regions: 12->12
[2026-06-17T10:06:34.592+0800][14.243s][info][gc,metaspace] GC(456) Metaspace: 116K(320K)->116K(320K) NonClass: 109K(192K)->109K(192K) Class: 7K(128K)->7K(128K)
[2026-06-17T10:06:34.592+0800][14.243s][info][gc          ] GC(456) Pause Young (Concurrent Start) (G1 Humongous Allocation) 53M->44M(64M) 3.511ms
[2026-06-17T10:06:34.592+0800][14.243s][info][gc,cpu      ] GC(456) User=0.00s Sys=0.00s Real=0.01s
[2026-06-17T10:06:34.592+0800][14.243s][info][gc          ] GC(457) Concurrent Mark Cycle
[2026-06-17T10:06:34.593+0800][14.243s][info][gc,marking  ] GC(457) Concurrent Scan Root Regions
[2026-06-17T10:06:34.593+0800][14.244s][info][gc,marking  ] GC(457) Concurrent Scan Root Regions 0.260ms
[2026-06-17T10:06:34.593+0800][14.244s][info][gc,marking  ] GC(457) Concurrent Mark
[2026-06-17T10:06:34.593+0800][14.244s][info][gc,marking  ] GC(457) Concurrent Mark From Roots
[2026-06-17T10:06:34.593+0800][14.244s][info][gc,task     ] GC(457) Using 5 workers of 5 for marking
[2026-06-17T10:06:34.595+0800][14.245s][info][gc,marking  ] GC(457) Concurrent Mark From Roots 1.333ms
[2026-06-17T10:06:34.595+0800][14.245s][info][gc,marking  ] GC(457) Concurrent Preclean
[2026-06-17T10:06:34.595+0800][14.245s][info][gc,marking  ] GC(457) Concurrent Preclean 0.185ms
[2026-06-17T10:06:34.595+0800][14.246s][info][gc,start    ] GC(457) Pause Remark
[2026-06-17T10:06:34.596+0800][14.246s][info][gc          ] GC(457) Pause Remark 45M->37M(64M) 0.472ms
[2026-06-17T10:06:34.596+0800][14.246s][info][gc,cpu      ] GC(457) User=0.00s Sys=0.00s Real=0.00s
[2026-06-17T10:06:34.596+0800][14.246s][info][gc,marking  ] GC(457) Concurrent Mark 2.681ms
[2026-06-17T10:06:34.596+0800][14.246s][info][gc,marking  ] GC(457) Concurrent Rebuild Remembered Sets and Scrub Regions
[2026-06-17T10:06:34.596+0800][14.247s][info][gc,marking  ] GC(457) Concurrent Rebuild Remembered Sets and Scrub Regions 0.466ms
[2026-06-17T10:06:34.597+0800][14.247s][info][gc,start    ] GC(457) Pause Cleanup
[2026-06-17T10:06:34.597+0800][14.247s][info][gc          ] GC(457) Pause Cleanup 37M->37M(64M) 0.116ms
[2026-06-17T10:06:34.597+0800][14.247s][info][gc,cpu      ] GC(457) User=0.00s Sys=0.00s Real=0.00s
[2026-06-17T10:06:34.597+0800][14.247s][info][gc,marking  ] GC(457) Concurrent Clear Claimed Marks
[2026-06-17T10:06:34.597+0800][14.248s][info][gc,marking  ] GC(457) Concurrent Clear Claimed Marks 0.073ms
[2026-06-17T10:06:34.597+0800][14.248s][info][gc,marking  ] GC(457) Concurrent Cleanup for Next Mark
[2026-06-17T10:06:34.597+0800][14.248s][info][gc,marking  ] GC(457) Concurrent Cleanup for Next Mark 0.177ms
[2026-06-17T10:06:34.597+0800][14.248s][info][gc          ] GC(457) Concurrent Mark Cycle 4.925ms
[2026-06-17T10:06:34.624+0800][14.274s][info][gc,start    ] GC(458) Pause Young (Prepare Mixed) (G1 Evacuation Pause)
[2026-06-17T10:06:34.624+0800][14.275s][info][gc,task     ] GC(458) Using 2 workers of 18 for evacuation
[2026-06-17T10:06:34.625+0800][14.276s][info][gc,phases   ] GC(458)   Pre Evacuate Collection Set: 0.17ms
[2026-06-17T10:06:34.626+0800][14.276s][info][gc,phases   ] GC(458)   Merge Heap Roots: 0.16ms
[2026-06-17T10:06:34.626+0800][14.276s][info][gc,phases   ] GC(458)   Evacuate Collection Set: 0.29ms
[2026-06-17T10:06:34.626+0800][14.277s][info][gc,phases   ] GC(458)   Post Evacuate Collection Set: 0.23ms
[2026-06-17T10:06:34.626+0800][14.277s][info][gc,phases   ] GC(458)   Other: 0.32ms
[2026-06-17T10:06:34.626+0800][14.277s][info][gc,heap     ] GC(458) Eden regions: 11->0(15)
[2026-06-17T10:06:34.626+0800][14.277s][info][gc,heap     ] GC(458) Survivor regions: 2->2(2)
[2026-06-17T10:06:34.627+0800][14.277s][info][gc,heap     ] GC(458) Old regions: 23->25
[2026-06-17T10:06:34.627+0800][14.277s][info][gc,heap     ] GC(458) Humongous regions: 13->13
[2026-06-17T10:06:34.627+0800][14.277s][info][gc,metaspace] GC(458) Metaspace: 116K(320K)->116K(320K) NonClass: 109K(192K)->109K(192K) Class: 7K(128K)->7K(128K)
[2026-06-17T10:06:34.627+0800][14.277s][info][gc          ] GC(458) Pause Young (Prepare Mixed) (G1 Evacuation Pause) 48M->39M(64M) 2.955ms
[2026-06-17T10:06:34.627+0800][14.278s][info][gc,cpu      ] GC(458) User=0.00s Sys=0.00s Real=0.00s
[2026-06-17T10:06:34.669+0800][14.319s][info][gc,start    ] GC(459) Pause Young (Mixed) (G1 Evacuation Pause)
[2026-06-17T10:06:34.669+0800][14.320s][info][gc,task     ] GC(459) Using 2 workers of 18 for evacuation
[2026-06-17T10:06:34.671+0800][14.321s][info][gc,phases   ] GC(459)   Pre Evacuate Collection Set: 0.20ms
[2026-06-17T10:06:34.671+0800][14.321s][info][gc,phases   ] GC(459)   Merge Heap Roots: 0.05ms
[2026-06-17T10:06:34.671+0800][14.322s][info][gc,phases   ] GC(459)   Evacuate Collection Set: 0.50ms
[2026-06-17T10:06:34.672+0800][14.323s][info][gc,phases   ] GC(459)   Post Evacuate Collection Set: 0.21ms
[2026-06-17T10:06:34.672+0800][14.323s][info][gc,phases   ] GC(459)   Other: 0.25ms
[2026-06-17T10:06:34.672+0800][14.323s][info][gc,heap     ] GC(459) Eden regions: 15->0(13)
[2026-06-17T10:06:34.673+0800][14.323s][info][gc,heap     ] GC(459) Survivor regions: 2->3(3)
[2026-06-17T10:06:34.673+0800][14.323s][info][gc,heap     ] GC(459) Old regions: 25->25
[2026-06-17T10:06:34.673+0800][14.324s][info][gc,heap     ] GC(459) Humongous regions: 13->13
[2026-06-17T10:06:34.673+0800][14.324s][info][gc,metaspace] GC(459) Metaspace: 116K(320K)->116K(320K) NonClass: 109K(192K)->109K(192K) Class: 7K(128K)->7K(128K)
[2026-06-17T10:06:34.673+0800][14.324s][info][gc          ] GC(459) Pause Young (Mixed) (G1 Evacuation Pause) 54M->40M(64M) 4.478ms
[2026-06-17T10:06:34.674+0800][14.324s][info][gc,cpu      ] GC(459) User=0.00s Sys=0.00s Real=0.01s
[2026-06-17T10:06:34.705+0800][14.356s][info][gc,start    ] GC(460) Pause Young (Concurrent Start) (G1 Evacuation Pause)
[2026-06-17T10:06:34.706+0800][14.356s][info][gc,task     ] GC(460) Using 2 workers of 18 for evacuation
[2026-06-17T10:06:34.707+0800][14.358s][info][gc,phases   ] GC(460)   Pre Evacuate Collection Set: 0.28ms
[2026-06-17T10:06:34.708+0800][14.358s][info][gc,phases   ] GC(460)   Merge Heap Roots: 0.07ms
[2026-06-17T10:06:34.710+0800][14.361s][info][gc,phases   ] GC(460)   Evacuate Collection Set: 0.53ms
[2026-06-17T10:06:34.711+0800][14.361s][info][gc,phases   ] GC(460)   Post Evacuate Collection Set: 0.28ms
[2026-06-17T10:06:34.711+0800][14.362s][info][gc,phases   ] GC(460)   Other: 0.31ms
[2026-06-17T10:06:34.712+0800][14.362s][info][gc,heap     ] GC(460) Eden regions: 13->0(10)
[2026-06-17T10:06:34.712+0800][14.362s][info][gc,heap     ] GC(460) Survivor regions: 3->2(2)
[2026-06-17T10:06:34.712+0800][14.363s][info][gc,heap     ] GC(460) Old regions: 25->29
[2026-06-17T10:06:34.712+0800][14.363s][info][gc,heap     ] GC(460) Humongous regions: 13->13
[2026-06-17T10:06:34.713+0800][14.363s][info][gc,metaspace] GC(460) Metaspace: 116K(320K)->116K(320K) NonClass: 109K(192K)->109K(192K) Class: 7K(128K)->7K(128K)
[2026-06-17T10:06:34.713+0800][14.364s][info][gc          ] GC(460) Pause Young (Concurrent Start) (G1 Evacuation Pause) 53M->43M(64M) 7.601ms
[2026-06-17T10:06:34.713+0800][14.364s][info][gc,cpu      ] GC(460) User=0.00s Sys=0.01s Real=0.01s
[2026-06-17T10:06:34.713+0800][14.364s][info][gc          ] GC(461) Concurrent Mark Cycle
[2026-06-17T10:06:34.714+0800][14.364s][info][gc,marking  ] GC(461) Concurrent Scan Root Regions
[2026-06-17T10:06:34.714+0800][14.364s][info][gc,marking  ] GC(461) Concurrent Scan Root Regions 0.346ms
[2026-06-17T10:06:34.714+0800][14.365s][info][gc,marking  ] GC(461) Concurrent Mark
[2026-06-17T10:06:34.714+0800][14.365s][info][gc,marking  ] GC(461) Concurrent Mark From Roots
[2026-06-17T10:06:34.715+0800][14.365s][info][gc,task     ] GC(461) Using 5 workers of 5 for marking
[2026-06-17T10:06:34.716+0800][14.367s][info][gc,marking  ] GC(461) Concurrent Mark From Roots 1.539ms
[2026-06-17T10:06:34.716+0800][14.367s][info][gc,marking  ] GC(461) Concurrent Preclean
[2026-06-17T10:06:34.716+0800][14.367s][info][gc,marking  ] GC(461) Concurrent Preclean 0.180ms
[2026-06-17T10:06:34.717+0800][14.367s][info][gc,start    ] GC(461) Pause Remark
[2026-06-17T10:06:34.717+0800][14.368s][info][gc          ] GC(461) Pause Remark 44M->35M(64M) 0.466ms
[2026-06-17T10:06:34.717+0800][14.368s][info][gc,cpu      ] GC(461) User=0.00s Sys=0.00s Real=0.00s
[2026-06-17T10:06:34.717+0800][14.368s][info][gc,marking  ] GC(461) Concurrent Mark 3.120ms
[2026-06-17T10:06:34.717+0800][14.368s][info][gc,marking  ] GC(461) Concurrent Rebuild Remembered Sets and Scrub Regions
[2026-06-17T10:06:34.718+0800][14.368s][info][gc,marking  ] GC(461) Concurrent Rebuild Remembered Sets and Scrub Regions 0.404ms
[2026-06-17T10:06:34.718+0800][14.368s][info][gc,start    ] GC(461) Pause Cleanup
[2026-06-17T10:06:34.718+0800][14.369s][info][gc          ] GC(461) Pause Cleanup 35M->35M(64M) 0.089ms
[2026-06-17T10:06:34.718+0800][14.369s][info][gc,cpu      ] GC(461) User=0.00s Sys=0.00s Real=0.00s
[2026-06-17T10:06:34.718+0800][14.369s][info][gc,marking  ] GC(461) Concurrent Clear Claimed Marks
[2026-06-17T10:06:34.718+0800][14.369s][info][gc,marking  ] GC(461) Concurrent Clear Claimed Marks 0.075ms
[2026-06-17T10:06:34.718+0800][14.369s][info][gc,marking  ] GC(461) Concurrent Cleanup for Next Mark
[2026-06-17T10:06:34.718+0800][14.369s][info][gc,marking  ] GC(461) Concurrent Cleanup for Next Mark 0.161ms
[2026-06-17T10:06:34.719+0800][14.369s][info][gc          ] GC(461) Concurrent Mark Cycle 5.452ms
[2026-06-17T10:06:34.745+0800][14.395s][info][gc,start    ] GC(462) Pause Young (Prepare Mixed) (G1 Evacuation Pause)
[2026-06-17T10:06:34.745+0800][14.396s][info][gc,task     ] GC(462) Using 2 workers of 18 for evacuation
[2026-06-17T10:06:34.746+0800][14.397s][info][gc,phases   ] GC(462)   Pre Evacuate Collection Set: 0.15ms
[2026-06-17T10:06:34.747+0800][14.397s][info][gc,phases   ] GC(462)   Merge Heap Roots: 0.05ms
[2026-06-17T10:06:34.747+0800][14.397s][info][gc,phases   ] GC(462)   Evacuate Collection Set: 0.28ms
[2026-06-17T10:06:34.747+0800][14.397s][info][gc,phases   ] GC(462)   Post Evacuate Collection Set: 0.16ms
[2026-06-17T10:06:34.747+0800][14.397s][info][gc,phases   ] GC(462)   Other: 0.42ms
[2026-06-17T10:06:34.747+0800][14.398s][info][gc,heap     ] GC(462) Eden regions: 10->0(16)
[2026-06-17T10:06:34.747+0800][14.398s][info][gc,heap     ] GC(462) Survivor regions: 2->2(2)
[2026-06-17T10:06:34.747+0800][14.398s][info][gc,heap     ] GC(462) Old regions: 20->22
[2026-06-17T10:06:34.747+0800][14.398s][info][gc,heap     ] GC(462) Humongous regions: 13->13
[2026-06-17T10:06:34.748+0800][14.398s][info][gc,metaspace] GC(462) Metaspace: 116K(320K)->116K(320K) NonClass: 109K(192K)->109K(192K) Class: 7K(128K)->7K(128K)
[2026-06-17T10:06:34.748+0800][14.398s][info][gc          ] GC(462) Pause Young (Prepare Mixed) (G1 Evacuation Pause) 44M->36M(64M) 2.873ms
[2026-06-17T10:06:34.748+0800][14.398s][info][gc,cpu      ] GC(462) User=0.00s Sys=0.00s Real=0.00s
[2026-06-17T10:06:34.790+0800][14.440s][info][gc,start    ] GC(463) Pause Young (Mixed) (G1 Evacuation Pause)
[2026-06-17T10:06:34.790+0800][14.441s][info][gc,task     ] GC(463) Using 2 workers of 18 for evacuation
[2026-06-17T10:06:34.791+0800][14.442s][info][gc,phases   ] GC(463)   Pre Evacuate Collection Set: 0.10ms
[2026-06-17T10:06:34.791+0800][14.442s][info][gc,phases   ] GC(463)   Merge Heap Roots: 0.04ms
[2026-06-17T10:06:34.792+0800][14.442s][info][gc,phases   ] GC(463)   Evacuate Collection Set: 0.38ms
[2026-06-17T10:06:34.792+0800][14.442s][info][gc,phases   ] GC(463)   Post Evacuate Collection Set: 0.16ms
[2026-06-17T10:06:34.792+0800][14.442s][info][gc,phases   ] GC(463)   Other: 0.40ms
[2026-06-17T10:06:34.792+0800][14.442s][info][gc,heap     ] GC(463) Eden regions: 16->0(14)
[2026-06-17T10:06:34.792+0800][14.443s][info][gc,heap     ] GC(463) Survivor regions: 2->3(3)
[2026-06-17T10:06:34.792+0800][14.443s][info][gc,heap     ] GC(463) Old regions: 22->23
[2026-06-17T10:06:34.792+0800][14.443s][info][gc,heap     ] GC(463) Humongous regions: 13->13
[2026-06-17T10:06:34.792+0800][14.443s][info][gc,metaspace] GC(463) Metaspace: 116K(320K)->116K(320K) NonClass: 109K(192K)->109K(192K) Class: 7K(128K)->7K(128K)
[2026-06-17T10:06:34.792+0800][14.443s][info][gc          ] GC(463) Pause Young (Mixed) (G1 Evacuation Pause) 52M->38M(64M) 2.751ms
[2026-06-17T10:06:34.793+0800][14.443s][info][gc,cpu      ] GC(463) User=0.00s Sys=0.00s Real=0.01s
[2026-06-17T10:06:34.793+0800][14.444s][info][gc,start    ] GC(464) Pause Young (Concurrent Start) (G1 Humongous Allocation)
[2026-06-17T10:06:34.793+0800][14.444s][info][gc,task     ] GC(464) Using 2 workers of 18 for evacuation
[2026-06-17T10:06:34.794+0800][14.445s][info][gc,phases   ] GC(464)   Pre Evacuate Collection Set: 0.19ms
[2026-06-17T10:06:34.794+0800][14.445s][info][gc,phases   ] GC(464)   Merge Heap Roots: 0.04ms
[2026-06-17T10:06:34.794+0800][14.445s][info][gc,phases   ] GC(464)   Evacuate Collection Set: 0.16ms
[2026-06-17T10:06:34.795+0800][14.445s][info][gc,phases   ] GC(464)   Post Evacuate Collection Set: 0.14ms
[2026-06-17T10:06:34.795+0800][14.445s][info][gc,phases   ] GC(464)   Other: 0.17ms
[2026-06-17T10:06:34.795+0800][14.445s][info][gc,heap     ] GC(464) Eden regions: 3->0(18)
[2026-06-17T10:06:34.795+0800][14.445s][info][gc,heap     ] GC(464) Survivor regions: 3->0(3)
[2026-06-17T10:06:34.795+0800][14.445s][info][gc,heap     ] GC(464) Old regions: 23->24
[2026-06-17T10:06:34.795+0800][14.445s][info][gc,heap     ] GC(464) Humongous regions: 13->13
[2026-06-17T10:06:34.795+0800][14.446s][info][gc,metaspace] GC(464) Metaspace: 116K(320K)->116K(320K) NonClass: 109K(192K)->109K(192K) Class: 7K(128K)->7K(128K)
[2026-06-17T10:06:34.795+0800][14.446s][info][gc          ] GC(464) Pause Young (Concurrent Start) (G1 Humongous Allocation) 40M->36M(64M) 1.808ms
[2026-06-17T10:06:34.795+0800][14.446s][info][gc,cpu      ] GC(464) User=0.00s Sys=0.00s Real=0.00s
[2026-06-17T10:06:34.795+0800][14.446s][info][gc          ] GC(465) Concurrent Mark Cycle
[2026-06-17T10:06:34.795+0800][14.446s][info][gc,marking  ] GC(465) Concurrent Scan Root Regions
[2026-06-17T10:06:34.795+0800][14.446s][info][gc,marking  ] GC(465) Concurrent Scan Root Regions 0.123ms
[2026-06-17T10:06:34.796+0800][14.446s][info][gc,marking  ] GC(465) Concurrent Mark
[2026-06-17T10:06:34.796+0800][14.446s][info][gc,marking  ] GC(465) Concurrent Mark From Roots
[2026-06-17T10:06:34.796+0800][14.446s][info][gc,task     ] GC(465) Using 5 workers of 5 for marking
[2026-06-17T10:06:34.797+0800][14.447s][info][gc,marking  ] GC(465) Concurrent Mark From Roots 1.103ms
[2026-06-17T10:06:34.797+0800][14.447s][info][gc,marking  ] GC(465) Concurrent Preclean
[2026-06-17T10:06:34.797+0800][14.447s][info][gc,marking  ] GC(465) Concurrent Preclean 0.139ms
[2026-06-17T10:06:34.797+0800][14.448s][info][gc,start    ] GC(465) Pause Remark
[2026-06-17T10:06:34.797+0800][14.448s][info][gc          ] GC(465) Pause Remark 39M->39M(64M) 0.356ms
[2026-06-17T10:06:34.797+0800][14.448s][info][gc,cpu      ] GC(465) User=0.00s Sys=0.00s Real=0.00s
[2026-06-17T10:06:34.798+0800][14.448s][info][gc,marking  ] GC(465) Concurrent Mark 2.117ms
[2026-06-17T10:06:34.798+0800][14.448s][info][gc,marking  ] GC(465) Concurrent Rebuild Remembered Sets and Scrub Regions
[2026-06-17T10:06:34.798+0800][14.449s][info][gc,marking  ] GC(465) Concurrent Rebuild Remembered Sets and Scrub Regions 0.413ms
[2026-06-17T10:06:34.798+0800][14.449s][info][gc,start    ] GC(465) Pause Cleanup
[2026-06-17T10:06:34.798+0800][14.449s][info][gc          ] GC(465) Pause Cleanup 39M->39M(64M) 0.087ms
[2026-06-17T10:06:34.798+0800][14.449s][info][gc,cpu      ] GC(465) User=0.00s Sys=0.00s Real=0.00s
[2026-06-17T10:06:34.799+0800][14.449s][info][gc,marking  ] GC(465) Concurrent Clear Claimed Marks
[2026-06-17T10:06:34.799+0800][14.450s][info][gc,marking  ] GC(465) Concurrent Clear Claimed Marks 0.691ms
[2026-06-17T10:06:34.799+0800][14.450s][info][gc,marking  ] GC(465) Concurrent Cleanup for Next Mark
[2026-06-17T10:06:34.800+0800][14.450s][info][gc,marking  ] GC(465) Concurrent Cleanup for Next Mark 0.190ms
[2026-06-17T10:06:34.800+0800][14.451s][info][gc          ] GC(465) Concurrent Mark Cycle 4.881ms
[2026-06-17T10:06:34.848+0800][14.498s][info][gc,start    ] GC(466) Pause Young (Prepare Mixed) (G1 Evacuation Pause)
[2026-06-17T10:06:34.849+0800][14.499s][info][gc,task     ] GC(466) Using 2 workers of 18 for evacuation
[2026-06-17T10:06:34.850+0800][14.501s][info][gc,phases   ] GC(466)   Pre Evacuate Collection Set: 0.21ms
[2026-06-17T10:06:34.851+0800][14.501s][info][gc,phases   ] GC(466)   Merge Heap Roots: 0.22ms
[2026-06-17T10:06:34.851+0800][14.502s][info][gc,phases   ] GC(466)   Evacuate Collection Set: 0.43ms
[2026-06-17T10:06:34.851+0800][14.502s][info][gc,phases   ] GC(466)   Post Evacuate Collection Set: 0.33ms
[2026-06-17T10:06:34.852+0800][14.502s][info][gc,phases   ] GC(466)   Other: 0.55ms
[2026-06-17T10:06:34.852+0800][14.502s][info][gc,heap     ] GC(466) Eden regions: 18->0(12)
[2026-06-17T10:06:34.852+0800][14.503s][info][gc,heap     ] GC(466) Survivor regions: 0->3(3)
[2026-06-17T10:06:34.852+0800][14.503s][info][gc,heap     ] GC(466) Old regions: 24->26
[2026-06-17T10:06:34.852+0800][14.503s][info][gc,heap     ] GC(466) Humongous regions: 15->15
[2026-06-17T10:06:34.852+0800][14.503s][info][gc,metaspace] GC(466) Metaspace: 116K(320K)->116K(320K) NonClass: 109K(192K)->109K(192K) Class: 7K(128K)->7K(128K)
[2026-06-17T10:06:34.853+0800][14.503s][info][gc          ] GC(466) Pause Young (Prepare Mixed) (G1 Evacuation Pause) 56M->43M(64M) 5.043ms
[2026-06-17T10:06:34.853+0800][14.503s][info][gc,cpu      ] GC(466) User=0.00s Sys=0.00s Real=0.01s
[2026-06-17T10:06:34.885+0800][14.535s][info][gc,start    ] GC(467) Pause Young (Mixed) (G1 Evacuation Pause)
[2026-06-17T10:06:34.887+0800][14.538s][info][gc,task     ] GC(467) Using 2 workers of 18 for evacuation
[2026-06-17T10:06:34.888+0800][14.539s][info][gc,phases   ] GC(467)   Pre Evacuate Collection Set: 0.12ms
[2026-06-17T10:06:34.889+0800][14.539s][info][gc,phases   ] GC(467)   Merge Heap Roots: 0.07ms
[2026-06-17T10:06:34.889+0800][14.540s][info][gc,phases   ] GC(467)   Evacuate Collection Set: 0.45ms
[2026-06-17T10:06:34.889+0800][14.540s][info][gc,phases   ] GC(467)   Post Evacuate Collection Set: 0.24ms
[2026-06-17T10:06:34.889+0800][14.540s][info][gc,phases   ] GC(467)   Other: 0.64ms
[2026-06-17T10:06:34.890+0800][14.540s][info][gc,heap     ] GC(467) Eden regions: 12->0(12)
[2026-06-17T10:06:34.890+0800][14.541s][info][gc,heap     ] GC(467) Survivor regions: 3->2(2)
[2026-06-17T10:06:34.890+0800][14.541s][info][gc,heap     ] GC(467) Old regions: 26->26
[2026-06-17T10:06:34.891+0800][14.541s][info][gc,heap     ] GC(467) Humongous regions: 15->15
[2026-06-17T10:06:34.891+0800][14.541s][info][gc,metaspace] GC(467) Metaspace: 116K(320K)->116K(320K) NonClass: 109K(192K)->109K(192K) Class: 7K(128K)->7K(128K)
[2026-06-17T10:06:34.891+0800][14.542s][info][gc          ] GC(467) Pause Young (Mixed) (G1 Evacuation Pause) 55M->42M(64M) 6.100ms
[2026-06-17T10:06:34.891+0800][14.542s][info][gc,cpu      ] GC(467) User=0.00s Sys=0.00s Real=0.01s
[2026-06-17T10:06:34.923+0800][14.574s][info][gc,start    ] GC(468) Pause Young (Concurrent Start) (G1 Evacuation Pause)
[2026-06-17T10:06:34.923+0800][14.574s][info][gc,task     ] GC(468) Using 2 workers of 18 for evacuation
[2026-06-17T10:06:34.925+0800][14.575s][info][gc,phases   ] GC(468)   Pre Evacuate Collection Set: 0.20ms
[2026-06-17T10:06:34.925+0800][14.575s][info][gc,phases   ] GC(468)   Merge Heap Roots: 0.06ms
[2026-06-17T10:06:34.925+0800][14.575s][info][gc,phases   ] GC(468)   Evacuate Collection Set: 0.37ms
[2026-06-17T10:06:34.925+0800][14.575s][info][gc,phases   ] GC(468)   Post Evacuate Collection Set: 0.20ms
[2026-06-17T10:06:34.925+0800][14.576s][info][gc,phases   ] GC(468)   Other: 0.25ms
[2026-06-17T10:06:34.925+0800][14.576s][info][gc,heap     ] GC(468) Eden regions: 12->0(11)
[2026-06-17T10:06:34.925+0800][14.576s][info][gc,heap     ] GC(468) Survivor regions: 2->2(2)
[2026-06-17T10:06:34.925+0800][14.576s][info][gc,heap     ] GC(468) Old regions: 26->28
[2026-06-17T10:06:34.925+0800][14.576s][info][gc,heap     ] GC(468) Humongous regions: 15->15
[2026-06-17T10:06:34.925+0800][14.576s][info][gc,metaspace] GC(468) Metaspace: 116K(320K)->116K(320K) NonClass: 109K(192K)->109K(192K) Class: 7K(128K)->7K(128K)
[2026-06-17T10:06:34.926+0800][14.576s][info][gc          ] GC(468) Pause Young (Concurrent Start) (G1 Evacuation Pause) 54M->44M(64M) 2.587ms
[2026-06-17T10:06:34.926+0800][14.576s][info][gc,cpu      ] GC(468) User=0.00s Sys=0.00s Real=0.00s
[2026-06-17T10:06:34.926+0800][14.576s][info][gc          ] GC(469) Concurrent Mark Cycle
[2026-06-17T10:06:34.927+0800][14.578s][info][gc,marking  ] GC(469) Concurrent Scan Root Regions
[2026-06-17T10:06:34.928+0800][14.578s][info][gc,marking  ] GC(469) Concurrent Scan Root Regions 0.429ms
[2026-06-17T10:06:34.928+0800][14.579s][info][gc,marking  ] GC(469) Concurrent Mark
[2026-06-17T10:06:34.928+0800][14.579s][info][gc,marking  ] GC(469) Concurrent Mark From Roots
[2026-06-17T10:06:34.928+0800][14.579s][info][gc,task     ] GC(469) Using 5 workers of 5 for marking
[2026-06-17T10:06:34.930+0800][14.580s][info][gc,marking  ] GC(469) Concurrent Mark From Roots 1.395ms
[2026-06-17T10:06:34.930+0800][14.580s][info][gc,marking  ] GC(469) Concurrent Preclean
[2026-06-17T10:06:34.930+0800][14.580s][info][gc,marking  ] GC(469) Concurrent Preclean 0.134ms
[2026-06-17T10:06:34.930+0800][14.581s][info][gc,start    ] GC(469) Pause Remark
[2026-06-17T10:06:34.931+0800][14.581s][info][gc          ] GC(469) Pause Remark 46M->39M(64M) 0.488ms
[2026-06-17T10:06:34.931+0800][14.581s][info][gc,cpu      ] GC(469) User=0.00s Sys=0.00s Real=0.01s
[2026-06-17T10:06:34.931+0800][14.581s][info][gc,marking  ] GC(469) Concurrent Mark 2.805ms
[2026-06-17T10:06:34.931+0800][14.581s][info][gc,marking  ] GC(469) Concurrent Rebuild Remembered Sets and Scrub Regions
[2026-06-17T10:06:34.931+0800][14.582s][info][gc,marking  ] GC(469) Concurrent Rebuild Remembered Sets and Scrub Regions 0.516ms
[2026-06-17T10:06:34.932+0800][14.582s][info][gc,start    ] GC(469) Pause Cleanup
[2026-06-17T10:06:34.932+0800][14.582s][info][gc          ] GC(469) Pause Cleanup 39M->39M(64M) 0.096ms
[2026-06-17T10:06:34.932+0800][14.582s][info][gc,cpu      ] GC(469) User=0.00s Sys=0.00s Real=0.00s
[2026-06-17T10:06:34.932+0800][14.583s][info][gc,marking  ] GC(469) Concurrent Clear Claimed Marks
[2026-06-17T10:06:34.932+0800][14.583s][info][gc,marking  ] GC(469) Concurrent Clear Claimed Marks 0.250ms
[2026-06-17T10:06:34.933+0800][14.583s][info][gc,marking  ] GC(469) Concurrent Cleanup for Next Mark
[2026-06-17T10:06:34.933+0800][14.584s][info][gc,marking  ] GC(469) Concurrent Cleanup for Next Mark 0.363ms
[2026-06-17T10:06:34.933+0800][14.584s][info][gc          ] GC(469) Concurrent Mark Cycle 7.580ms
[2026-06-17T10:06:34.957+0800][14.608s][info][gc,start    ] GC(470) Pause Young (Prepare Mixed) (G1 Evacuation Pause)
[2026-06-17T10:06:34.957+0800][14.608s][info][gc,task     ] GC(470) Using 2 workers of 18 for evacuation
[2026-06-17T10:06:34.958+0800][14.609s][info][gc,phases   ] GC(470)   Pre Evacuate Collection Set: 0.13ms
[2026-06-17T10:06:34.958+0800][14.609s][info][gc,phases   ] GC(470)   Merge Heap Roots: 0.06ms
[2026-06-17T10:06:34.959+0800][14.609s][info][gc,phases   ] GC(470)   Evacuate Collection Set: 0.26ms
[2026-06-17T10:06:34.959+0800][14.609s][info][gc,phases   ] GC(470)   Post Evacuate Collection Set: 0.19ms
[2026-06-17T10:06:34.959+0800][14.609s][info][gc,phases   ] GC(470)   Other: 0.22ms
[2026-06-17T10:06:34.959+0800][14.610s][info][gc,heap     ] GC(470) Eden regions: 11->0(15)
[2026-06-17T10:06:34.959+0800][14.610s][info][gc,heap     ] GC(470) Survivor regions: 2->2(2)
[2026-06-17T10:06:34.959+0800][14.610s][info][gc,heap     ] GC(470) Old regions: 21->23
[2026-06-17T10:06:34.959+0800][14.610s][info][gc,heap     ] GC(470) Humongous regions: 15->15
[2026-06-17T10:06:34.960+0800][14.610s][info][gc,metaspace] GC(470) Metaspace: 116K(320K)->116K(320K) NonClass: 109K(192K)->109K(192K) Class: 7K(128K)->7K(128K)
[2026-06-17T10:06:34.960+0800][14.610s][info][gc          ] GC(470) Pause Young (Prepare Mixed) (G1 Evacuation Pause) 48M->39M(64M) 2.541ms
[2026-06-17T10:06:34.960+0800][14.610s][info][gc,cpu      ] GC(470) User=0.00s Sys=0.00s Real=0.00s
[2026-06-17T10:06:34.991+0800][14.642s][info][gc,start    ] GC(471) Pause Young (Mixed) (G1 Evacuation Pause)
[2026-06-17T10:06:34.992+0800][14.643s][info][gc,task     ] GC(471) Using 2 workers of 18 for evacuation
[2026-06-17T10:06:34.993+0800][14.644s][info][gc,phases   ] GC(471)   Pre Evacuate Collection Set: 0.18ms
[2026-06-17T10:06:34.994+0800][14.644s][info][gc,phases   ] GC(471)   Merge Heap Roots: 0.05ms
[2026-06-17T10:06:34.994+0800][14.644s][info][gc,phases   ] GC(471)   Evacuate Collection Set: 0.60ms
[2026-06-17T10:06:34.994+0800][14.645s][info][gc,phases   ] GC(471)   Post Evacuate Collection Set: 0.24ms
[2026-06-17T10:06:34.994+0800][14.645s][info][gc,phases   ] GC(471)   Other: 0.29ms
[2026-06-17T10:06:34.994+0800][14.645s][info][gc,heap     ] GC(471) Eden regions: 15->0(12)
[2026-06-17T10:06:34.995+0800][14.645s][info][gc,heap     ] GC(471) Survivor regions: 2->3(3)
[2026-06-17T10:06:34.995+0800][14.645s][info][gc,heap     ] GC(471) Old regions: 23->24
[2026-06-17T10:06:34.995+0800][14.645s][info][gc,heap     ] GC(471) Humongous regions: 15->15
[2026-06-17T10:06:34.995+0800][14.646s][info][gc,metaspace] GC(471) Metaspace: 116K(320K)->116K(320K) NonClass: 109K(192K)->109K(192K) Class: 7K(128K)->7K(128K)
[2026-06-17T10:06:34.995+0800][14.646s][info][gc          ] GC(471) Pause Young (Mixed) (G1 Evacuation Pause) 54M->41M(64M) 3.752ms
[2026-06-17T10:06:34.995+0800][14.646s][info][gc,cpu      ] GC(471) User=0.00s Sys=0.00s Real=0.00s
[2026-06-17T10:06:34.996+0800][14.646s][info][gc,start    ] GC(472) Pause Young (Concurrent Start) (G1 Humongous Allocation)
[2026-06-17T10:06:34.996+0800][14.646s][info][gc,task     ] GC(472) Using 2 workers of 18 for evacuation
[2026-06-17T10:06:34.996+0800][14.647s][info][gc,phases   ] GC(472)   Pre Evacuate Collection Set: 0.16ms
[2026-06-17T10:06:34.997+0800][14.647s][info][gc,phases   ] GC(472)   Merge Heap Roots: 0.03ms
[2026-06-17T10:06:34.997+0800][14.647s][info][gc,phases   ] GC(472)   Evacuate Collection Set: 0.17ms
[2026-06-17T10:06:34.997+0800][14.647s][info][gc,phases   ] GC(472)   Post Evacuate Collection Set: 0.13ms
[2026-06-17T10:06:34.997+0800][14.647s][info][gc,phases   ] GC(472)   Other: 0.13ms
[2026-06-17T10:06:34.997+0800][14.648s][info][gc,heap     ] GC(472) Eden regions: 1->0(14)
[2026-06-17T10:06:34.997+0800][14.648s][info][gc,heap     ] GC(472) Survivor regions: 3->0(2)
[2026-06-17T10:06:34.997+0800][14.648s][info][gc,heap     ] GC(472) Old regions: 24->26
[2026-06-17T10:06:34.997+0800][14.648s][info][gc,heap     ] GC(472) Humongous regions: 15->15
[2026-06-17T10:06:34.997+0800][14.648s][info][gc,metaspace] GC(472) Metaspace: 116K(320K)->116K(320K) NonClass: 109K(192K)->109K(192K) Class: 7K(128K)->7K(128K)
[2026-06-17T10:06:34.997+0800][14.648s][info][gc          ] GC(472) Pause Young (Concurrent Start) (G1 Humongous Allocation) 42M->40M(64M) 1.784ms
[2026-06-17T10:06:34.997+0800][14.648s][info][gc,cpu      ] GC(472) User=0.00s Sys=0.00s Real=0.00s
[2026-06-17T10:06:34.998+0800][14.648s][info][gc          ] GC(473) Concurrent Mark Cycle
[2026-06-17T10:06:34.998+0800][14.648s][info][gc,marking  ] GC(473) Concurrent Scan Root Regions
[2026-06-17T10:06:34.998+0800][14.648s][info][gc,marking  ] GC(473) Concurrent Scan Root Regions 0.154ms
[2026-06-17T10:06:34.998+0800][14.648s][info][gc,marking  ] GC(473) Concurrent Mark
[2026-06-17T10:06:34.998+0800][14.649s][info][gc,marking  ] GC(473) Concurrent Mark From Roots
[2026-06-17T10:06:34.998+0800][14.649s][info][gc,task     ] GC(473) Using 5 workers of 5 for marking
[2026-06-17T10:06:34.999+0800][14.650s][info][gc,marking  ] GC(473) Concurrent Mark From Roots 1.237ms
[2026-06-17T10:06:35.000+0800][14.650s][info][gc,marking  ] GC(473) Concurrent Preclean
[2026-06-17T10:06:35.000+0800][14.650s][info][gc,marking  ] GC(473) Concurrent Preclean 0.144ms
[2026-06-17T10:06:35.000+0800][14.650s][info][gc,start    ] GC(473) Pause Remark
[2026-06-17T10:06:35.000+0800][14.651s][info][gc          ] GC(473) Pause Remark 42M->42M(64M) 0.504ms
[2026-06-17T10:06:35.000+0800][14.651s][info][gc,cpu      ] GC(473) User=0.00s Sys=0.00s Real=0.00s
[2026-06-17T10:06:35.001+0800][14.651s][info][gc,marking  ] GC(473) Concurrent Mark 2.686ms
[2026-06-17T10:06:35.001+0800][14.651s][info][gc,marking  ] GC(473) Concurrent Rebuild Remembered Sets and Scrub Regions
[2026-06-17T10:06:35.001+0800][14.652s][info][gc,marking  ] GC(473) Concurrent Rebuild Remembered Sets and Scrub Regions 0.430ms
[2026-06-17T10:06:35.001+0800][14.652s][info][gc,start    ] GC(473) Pause Cleanup
[2026-06-17T10:06:35.001+0800][14.652s][info][gc          ] GC(473) Pause Cleanup 42M->42M(64M) 0.086ms
[2026-06-17T10:06:35.001+0800][14.652s][info][gc,cpu      ] GC(473) User=0.00s Sys=0.00s Real=0.00s
[2026-06-17T10:06:35.002+0800][14.652s][info][gc,marking  ] GC(473) Concurrent Clear Claimed Marks
[2026-06-17T10:06:35.002+0800][14.652s][info][gc,marking  ] GC(473) Concurrent Clear Claimed Marks 0.132ms
[2026-06-17T10:06:35.002+0800][14.652s][info][gc,marking  ] GC(473) Concurrent Cleanup for Next Mark
[2026-06-17T10:06:35.002+0800][14.653s][info][gc,marking  ] GC(473) Concurrent Cleanup for Next Mark 0.226ms
[2026-06-17T10:06:35.002+0800][14.653s][info][gc          ] GC(473) Concurrent Mark Cycle 4.629ms
[2026-06-17T10:06:35.039+0800][14.690s][info][gc,start    ] GC(474) Pause Young (Prepare Mixed) (G1 Evacuation Pause)
[2026-06-17T10:06:35.040+0800][14.691s][info][gc,task     ] GC(474) Using 2 workers of 18 for evacuation
[2026-06-17T10:06:35.041+0800][14.691s][info][gc,phases   ] GC(474)   Pre Evacuate Collection Set: 0.11ms
[2026-06-17T10:06:35.041+0800][14.692s][info][gc,phases   ] GC(474)   Merge Heap Roots: 0.05ms
[2026-06-17T10:06:35.041+0800][14.692s][info][gc,phases   ] GC(474)   Evacuate Collection Set: 0.28ms
[2026-06-17T10:06:35.041+0800][14.692s][info][gc,phases   ] GC(474)   Post Evacuate Collection Set: 0.15ms
[2026-06-17T10:06:35.042+0800][14.692s][info][gc,phases   ] GC(474)   Other: 0.27ms
[2026-06-17T10:06:35.042+0800][14.692s][info][gc,heap     ] GC(474) Eden regions: 14->0(8)
[2026-06-17T10:06:35.042+0800][14.693s][info][gc,heap     ] GC(474) Survivor regions: 0->2(2)
[2026-06-17T10:06:35.042+0800][14.693s][info][gc,heap     ] GC(474) Old regions: 26->28
[2026-06-17T10:06:35.042+0800][14.693s][info][gc,heap     ] GC(474) Humongous regions: 17->17
[2026-06-17T10:06:35.042+0800][14.693s][info][gc,metaspace] GC(474) Metaspace: 116K(320K)->116K(320K) NonClass: 109K(192K)->109K(192K) Class: 7K(128K)->7K(128K)
[2026-06-17T10:06:35.042+0800][14.693s][info][gc          ] GC(474) Pause Young (Prepare Mixed) (G1 Evacuation Pause) 56M->46M(64M) 2.925ms
[2026-06-17T10:06:35.043+0800][14.693s][info][gc,cpu      ] GC(474) User=0.00s Sys=0.00s Real=0.01s
[2026-06-17T10:06:35.064+0800][14.714s][info][gc,start    ] GC(475) Pause Young (Mixed) (G1 Evacuation Pause)
[2026-06-17T10:06:35.064+0800][14.715s][info][gc,task     ] GC(475) Using 2 workers of 18 for evacuation
[2026-06-17T10:06:35.065+0800][14.716s][info][gc,phases   ] GC(475)   Pre Evacuate Collection Set: 0.09ms
[2026-06-17T10:06:35.066+0800][14.716s][info][gc,phases   ] GC(475)   Merge Heap Roots: 0.03ms
[2026-06-17T10:06:35.066+0800][14.716s][info][gc,phases   ] GC(475)   Evacuate Collection Set: 0.39ms
[2026-06-17T10:06:35.066+0800][14.717s][info][gc,phases   ] GC(475)   Post Evacuate Collection Set: 0.29ms
[2026-06-17T10:06:35.066+0800][14.717s][info][gc,phases   ] GC(475)   Other: 0.23ms
[2026-06-17T10:06:35.066+0800][14.717s][info][gc,heap     ] GC(475) Eden regions: 8->0(8)
[2026-06-17T10:06:35.067+0800][14.717s][info][gc,heap     ] GC(475) Survivor regions: 2->2(2)
[2026-06-17T10:06:35.067+0800][14.717s][info][gc,heap     ] GC(475) Old regions: 28->28
[2026-06-17T10:06:35.067+0800][14.717s][info][gc,heap     ] GC(475) Humongous regions: 17->17
[2026-06-17T10:06:35.067+0800][14.718s][info][gc,metaspace] GC(475) Metaspace: 116K(320K)->116K(320K) NonClass: 109K(192K)->109K(192K) Class: 7K(128K)->7K(128K)
[2026-06-17T10:06:35.067+0800][14.718s][info][gc          ] GC(475) Pause Young (Mixed) (G1 Evacuation Pause) 54M->46M(64M) 3.433ms
[2026-06-17T10:06:35.067+0800][14.718s][info][gc,cpu      ] GC(475) User=0.00s Sys=0.00s Real=0.00s
[2026-06-17T10:06:35.089+0800][14.739s][info][gc,start    ] GC(476) Pause Young (Concurrent Start) (G1 Evacuation Pause)
[2026-06-17T10:06:35.089+0800][14.740s][info][gc,task     ] GC(476) Using 2 workers of 18 for evacuation
[2026-06-17T10:06:35.091+0800][14.741s][info][gc,phases   ] GC(476)   Pre Evacuate Collection Set: 0.33ms
[2026-06-17T10:06:35.091+0800][14.742s][info][gc,phases   ] GC(476)   Merge Heap Roots: 0.12ms
[2026-06-17T10:06:35.091+0800][14.742s][info][gc,phases   ] GC(476)   Evacuate Collection Set: 0.40ms
[2026-06-17T10:06:35.092+0800][14.742s][info][gc,phases   ] GC(476)   Post Evacuate Collection Set: 0.29ms
[2026-06-17T10:06:35.092+0800][14.743s][info][gc,phases   ] GC(476)   Other: 0.38ms
[2026-06-17T10:06:35.093+0800][14.743s][info][gc,heap     ] GC(476) Eden regions: 8->0(6)
[2026-06-17T10:06:35.093+0800][14.744s][info][gc,heap     ] GC(476) Survivor regions: 2->2(2)
[2026-06-17T10:06:35.094+0800][14.744s][info][gc,heap     ] GC(476) Old regions: 28->30
[2026-06-17T10:06:35.094+0800][14.745s][info][gc,heap     ] GC(476) Humongous regions: 17->17
[2026-06-17T10:06:35.095+0800][14.745s][info][gc,metaspace] GC(476) Metaspace: 116K(320K)->116K(320K) NonClass: 109K(192K)->109K(192K) Class: 7K(128K)->7K(128K)
[2026-06-17T10:06:35.095+0800][14.746s][info][gc          ] GC(476) Pause Young (Concurrent Start) (G1 Evacuation Pause) 54M->48M(64M) 6.554ms
[2026-06-17T10:06:35.096+0800][14.746s][info][gc,cpu      ] GC(476) User=0.00s Sys=0.01s Real=0.01s
[2026-06-17T10:06:35.096+0800][14.746s][info][gc          ] GC(477) Concurrent Mark Cycle
[2026-06-17T10:06:35.096+0800][14.747s][info][gc,marking  ] GC(477) Concurrent Scan Root Regions
[2026-06-17T10:06:35.097+0800][14.747s][info][gc,marking  ] GC(477) Concurrent Scan Root Regions 0.468ms
[2026-06-17T10:06:35.097+0800][14.748s][info][gc,marking  ] GC(477) Concurrent Mark
[2026-06-17T10:06:35.097+0800][14.748s][info][gc,marking  ] GC(477) Concurrent Mark From Roots
[2026-06-17T10:06:35.097+0800][14.748s][info][gc,task     ] GC(477) Using 5 workers of 5 for marking
[2026-06-17T10:06:35.099+0800][14.750s][info][gc,marking  ] GC(477) Concurrent Mark From Roots 2.002ms
[2026-06-17T10:06:35.100+0800][14.750s][info][gc,marking  ] GC(477) Concurrent Preclean
[2026-06-17T10:06:35.100+0800][14.750s][info][gc,marking  ] GC(477) Concurrent Preclean 0.416ms
[2026-06-17T10:06:35.100+0800][14.751s][info][gc,start    ] GC(477) Pause Remark
[2026-06-17T10:06:35.101+0800][14.752s][info][gc          ] GC(477) Pause Remark 50M->43M(64M) 1.233ms
[2026-06-17T10:06:35.102+0800][14.753s][info][gc,cpu      ] GC(477) User=0.00s Sys=0.00s Real=0.00s
[2026-06-17T10:06:35.103+0800][14.753s][info][gc,marking  ] GC(477) Concurrent Mark 5.650ms
[2026-06-17T10:06:35.103+0800][14.754s][info][gc,marking  ] GC(477) Concurrent Rebuild Remembered Sets and Scrub Regions
[2026-06-17T10:06:35.104+0800][14.755s][info][gc,marking  ] GC(477) Concurrent Rebuild Remembered Sets and Scrub Regions 1.099ms
[2026-06-17T10:06:35.105+0800][14.756s][info][gc,start    ] GC(477) Pause Cleanup
[2026-06-17T10:06:35.105+0800][14.756s][info][gc          ] GC(477) Pause Cleanup 43M->43M(64M) 0.449ms
[2026-06-17T10:06:35.106+0800][14.757s][info][gc,cpu      ] GC(477) User=0.00s Sys=0.00s Real=0.00s
[2026-06-17T10:06:35.107+0800][14.757s][info][gc,marking  ] GC(477) Concurrent Clear Claimed Marks
[2026-06-17T10:06:35.107+0800][14.758s][info][gc,marking  ] GC(477) Concurrent Clear Claimed Marks 0.552ms
[2026-06-17T10:06:35.107+0800][14.758s][info][gc,marking  ] GC(477) Concurrent Cleanup for Next Mark
[2026-06-17T10:06:35.107+0800][14.757s][info][gc,start    ] GC(478) Pause Young (Prepare Mixed) (G1 Evacuation Pause)
[2026-06-17T10:06:35.108+0800][14.759s][info][gc,task     ] GC(478) Using 2 workers of 18 for evacuation
[2026-06-17T10:06:35.110+0800][14.761s][info][gc,phases   ] GC(478)   Pre Evacuate Collection Set: 0.20ms
[2026-06-17T10:06:35.110+0800][14.761s][info][gc,phases   ] GC(478)   Merge Heap Roots: 0.13ms
[2026-06-17T10:06:35.111+0800][14.761s][info][gc,phases   ] GC(478)   Evacuate Collection Set: 0.50ms
[2026-06-17T10:06:35.111+0800][14.762s][info][gc,phases   ] GC(478)   Post Evacuate Collection Set: 0.18ms
[2026-06-17T10:06:35.112+0800][14.762s][info][gc,phases   ] GC(478)   Other: 0.53ms
[2026-06-17T10:06:35.112+0800][14.763s][info][gc,heap     ] GC(478) Eden regions: 6->0(8)
[2026-06-17T10:06:35.112+0800][14.763s][info][gc,heap     ] GC(478) Survivor regions: 2->1(1)
[2026-06-17T10:06:35.113+0800][14.763s][info][gc,heap     ] GC(478) Old regions: 23->27
[2026-06-17T10:06:35.113+0800][14.764s][info][gc,heap     ] GC(478) Humongous regions: 17->17
[2026-06-17T10:06:35.114+0800][14.764s][info][gc,metaspace] GC(478) Metaspace: 116K(320K)->116K(320K) NonClass: 109K(192K)->109K(192K) Class: 7K(128K)->7K(128K)
[2026-06-17T10:06:35.114+0800][14.765s][info][gc          ] GC(478) Pause Young (Prepare Mixed) (G1 Evacuation Pause) 47M->44M(64M) 7.270ms
[2026-06-17T10:06:35.115+0800][14.765s][info][gc,cpu      ] GC(478) User=0.00s Sys=0.00s Real=0.01s
[2026-06-17T10:06:35.115+0800][14.766s][info][gc,marking  ] GC(477) Concurrent Cleanup for Next Mark 7.725ms
[2026-06-17T10:06:35.116+0800][14.766s][info][gc          ] GC(477) Concurrent Mark Cycle 19.942ms
[2026-06-17T10:06:35.136+0800][14.787s][info][gc,start    ] GC(479) Pause Young (Mixed) (G1 Evacuation Pause)
[2026-06-17T10:06:35.137+0800][14.788s][info][gc,task     ] GC(479) Using 2 workers of 18 for evacuation
[2026-06-17T10:06:35.139+0800][14.789s][info][gc,phases   ] GC(479)   Pre Evacuate Collection Set: 0.19ms
[2026-06-17T10:06:35.140+0800][14.790s][info][gc,phases   ] GC(479)   Merge Heap Roots: 0.05ms
[2026-06-17T10:06:35.140+0800][14.791s][info][gc,phases   ] GC(479)   Evacuate Collection Set: 0.38ms
[2026-06-17T10:06:35.141+0800][14.791s][info][gc,phases   ] GC(479)   Post Evacuate Collection Set: 0.33ms
[2026-06-17T10:06:35.141+0800][14.792s][info][gc,phases   ] GC(479)   Other: 0.76ms
[2026-06-17T10:06:35.142+0800][14.792s][info][gc,heap     ] GC(479) Eden regions: 8->0(12)
[2026-06-17T10:06:35.142+0800][14.793s][info][gc,heap     ] GC(479) Survivor regions: 1->2(2)
[2026-06-17T10:06:35.143+0800][14.793s][info][gc,heap     ] GC(479) Old regions: 27->23
[2026-06-17T10:06:35.143+0800][14.794s][info][gc,heap     ] GC(479) Humongous regions: 17->17
[2026-06-17T10:06:35.144+0800][14.794s][info][gc,metaspace] GC(479) Metaspace: 116K(320K)->116K(320K) NonClass: 109K(192K)->109K(192K) Class: 7K(128K)->7K(128K)
[2026-06-17T10:06:35.144+0800][14.795s][info][gc          ] GC(479) Pause Young (Mixed) (G1 Evacuation Pause) 52M->41M(64M) 7.866ms
[2026-06-17T10:06:35.145+0800][14.795s][info][gc,cpu      ] GC(479) User=0.00s Sys=0.00s Real=0.01s
[2026-06-17T10:06:35.177+0800][14.827s][info][gc,start    ] GC(480) Pause Young (Concurrent Start) (G1 Evacuation Pause)
[2026-06-17T10:06:35.177+0800][14.828s][info][gc,task     ] GC(480) Using 2 workers of 18 for evacuation
[2026-06-17T10:06:35.179+0800][14.829s][info][gc,phases   ] GC(480)   Pre Evacuate Collection Set: 0.26ms
[2026-06-17T10:06:35.179+0800][14.830s][info][gc,phases   ] GC(480)   Merge Heap Roots: 0.08ms
[2026-06-17T10:06:35.180+0800][14.830s][info][gc,phases   ] GC(480)   Evacuate Collection Set: 0.34ms
[2026-06-17T10:06:35.180+0800][14.831s][info][gc,phases   ] GC(480)   Post Evacuate Collection Set: 0.23ms
[2026-06-17T10:06:35.181+0800][14.831s][info][gc,phases   ] GC(480)   Other: 0.63ms
[2026-06-17T10:06:35.181+0800][14.832s][info][gc,heap     ] GC(480) Eden regions: 12->0(11)
[2026-06-17T10:06:35.182+0800][14.832s][info][gc,heap     ] GC(480) Survivor regions: 2->2(2)
[2026-06-17T10:06:35.182+0800][14.833s][info][gc,heap     ] GC(480) Old regions: 23->25
[2026-06-17T10:06:35.183+0800][14.833s][info][gc,heap     ] GC(480) Humongous regions: 17->17
[2026-06-17T10:06:35.183+0800][14.834s][info][gc,metaspace] GC(480) Metaspace: 116K(320K)->116K(320K) NonClass: 109K(192K)->109K(192K) Class: 7K(128K)->7K(128K)
[2026-06-17T10:06:35.183+0800][14.834s][info][gc          ] GC(480) Pause Young (Concurrent Start) (G1 Evacuation Pause) 53M->43M(64M) 6.895ms
[2026-06-17T10:06:35.184+0800][14.834s][info][gc,cpu      ] GC(480) User=0.00s Sys=0.00s Real=0.01s
[2026-06-17T10:06:35.184+0800][14.834s][info][gc          ] GC(481) Concurrent Mark Cycle
[2026-06-17T10:06:35.185+0800][14.835s][info][gc,marking  ] GC(481) Concurrent Scan Root Regions
[2026-06-17T10:06:35.185+0800][14.836s][info][gc,marking  ] GC(481) Concurrent Scan Root Regions 0.481ms
[2026-06-17T10:06:35.186+0800][14.836s][info][gc,marking  ] GC(481) Concurrent Mark
[2026-06-17T10:06:35.186+0800][14.836s][info][gc,marking  ] GC(481) Concurrent Mark From Roots
[2026-06-17T10:06:35.186+0800][14.837s][info][gc,task     ] GC(481) Using 5 workers of 5 for marking
[2026-06-17T10:06:35.188+0800][14.838s][info][gc,marking  ] GC(481) Concurrent Mark From Roots 1.774ms
[2026-06-17T10:06:35.188+0800][14.839s][info][gc,marking  ] GC(481) Concurrent Preclean
[2026-06-17T10:06:35.189+0800][14.839s][info][gc,marking  ] GC(481) Concurrent Preclean 0.456ms
[2026-06-17T10:06:35.189+0800][14.840s][info][gc,start    ] GC(481) Pause Remark
[2026-06-17T10:06:35.190+0800][14.840s][info][gc          ] GC(481) Pause Remark 44M->43M(64M) 0.731ms
[2026-06-17T10:06:35.190+0800][14.841s][info][gc,cpu      ] GC(481) User=0.00s Sys=0.00s Real=0.00s
[2026-06-17T10:06:35.191+0800][14.841s][info][gc,marking  ] GC(481) Concurrent Mark 5.056ms
[2026-06-17T10:06:35.191+0800][14.842s][info][gc,marking  ] GC(481) Concurrent Rebuild Remembered Sets and Scrub Regions
[2026-06-17T10:06:35.192+0800][14.842s][info][gc,marking  ] GC(481) Concurrent Rebuild Remembered Sets and Scrub Regions 0.740ms
[2026-06-17T10:06:35.192+0800][14.843s][info][gc,start    ] GC(481) Pause Cleanup
[2026-06-17T10:06:35.193+0800][14.843s][info][gc          ] GC(481) Pause Cleanup 43M->43M(64M) 0.567ms
[2026-06-17T10:06:35.193+0800][14.844s][info][gc,cpu      ] GC(481) User=0.00s Sys=0.00s Real=0.00s
[2026-06-17T10:06:35.193+0800][14.844s][info][gc,marking  ] GC(481) Concurrent Clear Claimed Marks
[2026-06-17T10:06:35.194+0800][14.844s][info][gc,marking  ] GC(481) Concurrent Clear Claimed Marks 0.352ms
[2026-06-17T10:06:35.194+0800][14.845s][info][gc,marking  ] GC(481) Concurrent Cleanup for Next Mark
[2026-06-17T10:06:35.195+0800][14.845s][info][gc,marking  ] GC(481) Concurrent Cleanup for Next Mark 0.482ms
[2026-06-17T10:06:35.195+0800][14.846s][info][gc          ] GC(481) Concurrent Mark Cycle 11.237ms
[2026-06-17T10:06:35.216+0800][14.866s][info][gc,start    ] GC(482) Pause Young (Prepare Mixed) (G1 Evacuation Pause)
[2026-06-17T10:06:35.216+0800][14.867s][info][gc,task     ] GC(482) Using 2 workers of 18 for evacuation
[2026-06-17T10:06:35.218+0800][14.868s][info][gc,phases   ] GC(482)   Pre Evacuate Collection Set: 0.15ms
[2026-06-17T10:06:35.218+0800][14.868s][info][gc,phases   ] GC(482)   Merge Heap Roots: 0.48ms
[2026-06-17T10:06:35.218+0800][14.869s][info][gc,phases   ] GC(482)   Evacuate Collection Set: 0.49ms
[2026-06-17T10:06:35.218+0800][14.869s][info][gc,phases   ] GC(482)   Post Evacuate Collection Set: 0.19ms
[2026-06-17T10:06:35.218+0800][14.869s][info][gc,phases   ] GC(482)   Other: 0.23ms
[2026-06-17T10:06:35.219+0800][14.869s][info][gc,heap     ] GC(482) Eden regions: 11->0(9)
[2026-06-17T10:06:35.219+0800][14.869s][info][gc,heap     ] GC(482) Survivor regions: 2->2(2)
[2026-06-17T10:06:35.219+0800][14.869s][info][gc,heap     ] GC(482) Old regions: 24->28
[2026-06-17T10:06:35.219+0800][14.869s][info][gc,heap     ] GC(482) Humongous regions: 17->17
[2026-06-17T10:06:35.219+0800][14.870s][info][gc,metaspace] GC(482) Metaspace: 116K(320K)->116K(320K) NonClass: 109K(192K)->109K(192K) Class: 7K(128K)->7K(128K)
[2026-06-17T10:06:35.219+0800][14.870s][info][gc          ] GC(482) Pause Young (Prepare Mixed) (G1 Evacuation Pause) 53M->46M(64M) 3.587ms
[2026-06-17T10:06:35.219+0800][14.870s][info][gc,cpu      ] GC(482) User=0.00s Sys=0.00s Real=0.00s
[2026-06-17T10:06:35.240+0800][14.891s][info][gc,start    ] GC(483) Pause Young (Mixed) (G1 Evacuation Pause)
[2026-06-17T10:06:35.241+0800][14.891s][info][gc,task     ] GC(483) Using 2 workers of 18 for evacuation
[2026-06-17T10:06:35.242+0800][14.893s][info][gc,phases   ] GC(483)   Pre Evacuate Collection Set: 0.18ms
[2026-06-17T10:06:35.243+0800][14.893s][info][gc,phases   ] GC(483)   Merge Heap Roots: 0.06ms
[2026-06-17T10:06:35.243+0800][14.893s][info][gc,phases   ] GC(483)   Evacuate Collection Set: 0.49ms
[2026-06-17T10:06:35.243+0800][14.894s][info][gc,phases   ] GC(483)   Post Evacuate Collection Set: 0.47ms
[2026-06-17T10:06:35.243+0800][14.894s][info][gc,phases   ] GC(483)   Other: 0.35ms
[2026-06-17T10:06:35.243+0800][14.894s][info][gc,heap     ] GC(483) Eden regions: 9->0(9)
[2026-06-17T10:06:35.243+0800][14.894s][info][gc,heap     ] GC(483) Survivor regions: 2->2(2)
[2026-06-17T10:06:35.244+0800][14.894s][info][gc,heap     ] GC(483) Old regions: 28->32
[2026-06-17T10:06:35.244+0800][14.894s][info][gc,heap     ] GC(483) Humongous regions: 19->11
[2026-06-17T10:06:35.244+0800][14.894s][info][gc,metaspace] GC(483) Metaspace: 116K(320K)->116K(320K) NonClass: 109K(192K)->109K(192K) Class: 7K(128K)->7K(128K)
[2026-06-17T10:06:35.244+0800][14.895s][info][gc          ] GC(483) Pause Young (Mixed) (G1 Evacuation Pause) (Evacuation Failure: Allocation) 57M->44M(64M) 3.532ms
[2026-06-17T10:06:35.244+0800][14.895s][info][gc,cpu      ] GC(483) User=0.00s Sys=0.00s Real=0.01s
[2026-06-17T10:06:35.265+0800][14.916s][info][gc,start    ] GC(484) Pause Young (Concurrent Start) (G1 Evacuation Pause)
[2026-06-17T10:06:35.266+0800][14.917s][info][gc,task     ] GC(484) Using 2 workers of 18 for evacuation
[2026-06-17T10:06:35.267+0800][14.918s][info][gc,phases   ] GC(484)   Pre Evacuate Collection Set: 0.22ms
[2026-06-17T10:06:35.268+0800][14.918s][info][gc,phases   ] GC(484)   Merge Heap Roots: 0.05ms
[2026-06-17T10:06:35.268+0800][14.919s][info][gc,phases   ] GC(484)   Evacuate Collection Set: 0.54ms
[2026-06-17T10:06:35.268+0800][14.919s][info][gc,phases   ] GC(484)   Post Evacuate Collection Set: 0.17ms
[2026-06-17T10:06:35.269+0800][14.919s][info][gc,phases   ] GC(484)   Other: 0.37ms
[2026-06-17T10:06:35.269+0800][14.919s][info][gc,heap     ] GC(484) Eden regions: 9->0(7)
[2026-06-17T10:06:35.269+0800][14.920s][info][gc,heap     ] GC(484) Survivor regions: 2->2(2)
[2026-06-17T10:06:35.269+0800][14.920s][info][gc,heap     ] GC(484) Old regions: 32->33
[2026-06-17T10:06:35.269+0800][14.920s][info][gc,heap     ] GC(484) Humongous regions: 11->11
[2026-06-17T10:06:35.269+0800][14.920s][info][gc,metaspace] GC(484) Metaspace: 116K(320K)->116K(320K) NonClass: 109K(192K)->109K(192K) Class: 7K(128K)->7K(128K)
[2026-06-17T10:06:35.269+0800][14.920s][info][gc          ] GC(484) Pause Young (Concurrent Start) (G1 Evacuation Pause) 53M->45M(64M) 3.898ms
[2026-06-17T10:06:35.270+0800][14.920s][info][gc,cpu      ] GC(484) User=0.00s Sys=0.00s Real=0.00s
[2026-06-17T10:06:35.270+0800][14.920s][info][gc          ] GC(485) Concurrent Mark Cycle
[2026-06-17T10:06:35.270+0800][14.920s][info][gc,marking  ] GC(485) Concurrent Scan Root Regions
[2026-06-17T10:06:35.270+0800][14.921s][info][gc,marking  ] GC(485) Concurrent Scan Root Regions 0.239ms
[2026-06-17T10:06:35.270+0800][14.921s][info][gc,marking  ] GC(485) Concurrent Mark
[2026-06-17T10:06:35.270+0800][14.921s][info][gc,marking  ] GC(485) Concurrent Mark From Roots
[2026-06-17T10:06:35.270+0800][14.921s][info][gc,task     ] GC(485) Using 5 workers of 5 for marking
[2026-06-17T10:06:35.272+0800][14.922s][info][gc,marking  ] GC(485) Concurrent Mark From Roots 1.434ms
[2026-06-17T10:06:35.272+0800][14.923s][info][gc,marking  ] GC(485) Concurrent Preclean
[2026-06-17T10:06:35.272+0800][14.923s][info][gc,marking  ] GC(485) Concurrent Preclean 0.261ms
[2026-06-17T10:06:35.272+0800][14.923s][info][gc,start    ] GC(485) Pause Remark
[2026-06-17T10:06:35.273+0800][14.924s][info][gc          ] GC(485) Pause Remark 45M->37M(64M) 0.569ms
[2026-06-17T10:06:35.273+0800][14.924s][info][gc,cpu      ] GC(485) User=0.00s Sys=0.00s Real=0.00s
[2026-06-17T10:06:35.273+0800][14.924s][info][gc,marking  ] GC(485) Concurrent Mark 3.139ms
[2026-06-17T10:06:35.273+0800][14.924s][info][gc,marking  ] GC(485) Concurrent Rebuild Remembered Sets and Scrub Regions
[2026-06-17T10:06:35.274+0800][14.924s][info][gc,marking  ] GC(485) Concurrent Rebuild Remembered Sets and Scrub Regions 0.485ms
[2026-06-17T10:06:35.274+0800][14.925s][info][gc,start    ] GC(485) Pause Cleanup
[2026-06-17T10:06:35.274+0800][14.925s][info][gc          ] GC(485) Pause Cleanup 37M->37M(64M) 0.178ms
[2026-06-17T10:06:35.274+0800][14.925s][info][gc,cpu      ] GC(485) User=0.00s Sys=0.00s Real=0.00s
[2026-06-17T10:06:35.274+0800][14.925s][info][gc,marking  ] GC(485) Concurrent Clear Claimed Marks
[2026-06-17T10:06:35.274+0800][14.925s][info][gc,marking  ] GC(485) Concurrent Clear Claimed Marks 0.124ms
[2026-06-17T10:06:35.275+0800][14.925s][info][gc,marking  ] GC(485) Concurrent Cleanup for Next Mark
[2026-06-17T10:06:35.275+0800][14.925s][info][gc,marking  ] GC(485) Concurrent Cleanup for Next Mark 0.191ms
[2026-06-17T10:06:35.275+0800][14.925s][info][gc          ] GC(485) Concurrent Mark Cycle 5.314ms
[2026-06-17T10:06:35.291+0800][14.941s][info][gc,start    ] GC(486) Pause Young (Prepare Mixed) (G1 Evacuation Pause)
[2026-06-17T10:06:35.291+0800][14.941s][info][gc,task     ] GC(486) Using 2 workers of 18 for evacuation
[2026-06-17T10:06:35.292+0800][14.942s][info][gc,phases   ] GC(486)   Pre Evacuate Collection Set: 0.12ms
[2026-06-17T10:06:35.292+0800][14.942s][info][gc,phases   ] GC(486)   Merge Heap Roots: 0.05ms
[2026-06-17T10:06:35.292+0800][14.943s][info][gc,phases   ] GC(486)   Evacuate Collection Set: 0.28ms
[2026-06-17T10:06:35.292+0800][14.943s][info][gc,phases   ] GC(486)   Post Evacuate Collection Set: 0.15ms
[2026-06-17T10:06:35.292+0800][14.943s][info][gc,phases   ] GC(486)   Other: 0.28ms
[2026-06-17T10:06:35.292+0800][14.943s][info][gc,heap     ] GC(486) Eden regions: 7->0(11)
[2026-06-17T10:06:35.293+0800][14.943s][info][gc,heap     ] GC(486) Survivor regions: 2->2(2)
[2026-06-17T10:06:35.293+0800][14.943s][info][gc,heap     ] GC(486) Old regions: 25->28
[2026-06-17T10:06:35.293+0800][14.943s][info][gc,heap     ] GC(486) Humongous regions: 11->11
[2026-06-17T10:06:35.293+0800][14.943s][info][gc,metaspace] GC(486) Metaspace: 116K(320K)->116K(320K) NonClass: 109K(192K)->109K(192K) Class: 7K(128K)->7K(128K)
[2026-06-17T10:06:35.293+0800][14.943s][info][gc          ] GC(486) Pause Young (Prepare Mixed) (G1 Evacuation Pause) 44M->40M(64M) 2.281ms
[2026-06-17T10:06:35.293+0800][14.943s][info][gc,cpu      ] GC(486) User=0.00s Sys=0.00s Real=0.00s
[2026-06-17T10:06:35.324+0800][14.975s][info][gc,start    ] GC(487) Pause Young (Mixed) (G1 Evacuation Pause)
[2026-06-17T10:06:35.325+0800][14.975s][info][gc,task     ] GC(487) Using 2 workers of 18 for evacuation
[2026-06-17T10:06:35.326+0800][14.976s][info][gc,phases   ] GC(487)   Pre Evacuate Collection Set: 0.13ms
[2026-06-17T10:06:35.326+0800][14.977s][info][gc,phases   ] GC(487)   Merge Heap Roots: 0.06ms
[2026-06-17T10:06:35.326+0800][14.977s][info][gc,phases   ] GC(487)   Evacuate Collection Set: 0.46ms
[2026-06-17T10:06:35.327+0800][14.977s][info][gc,phases   ] GC(487)   Post Evacuate Collection Set: 0.16ms
[2026-06-17T10:06:35.327+0800][14.977s][info][gc,phases   ] GC(487)   Other: 0.29ms
[2026-06-17T10:06:35.327+0800][14.977s][info][gc,heap     ] GC(487) Eden regions: 11->0(13)
[2026-06-17T10:06:35.327+0800][14.978s][info][gc,heap     ] GC(487) Survivor regions: 2->2(2)
[2026-06-17T10:06:35.327+0800][14.978s][info][gc,heap     ] GC(487) Old regions: 28->24
[2026-06-17T10:06:35.327+0800][14.978s][info][gc,heap     ] GC(487) Humongous regions: 11->11
[2026-06-17T10:06:35.327+0800][14.978s][info][gc,metaspace] GC(487) Metaspace: 116K(320K)->116K(320K) NonClass: 109K(192K)->109K(192K) Class: 7K(128K)->7K(128K)
[2026-06-17T10:06:35.327+0800][14.978s][info][gc          ] GC(487) Pause Young (Mixed) (G1 Evacuation Pause) 51M->36M(64M) 2.943ms
[2026-06-17T10:06:35.327+0800][14.978s][info][gc,cpu      ] GC(487) User=0.00s Sys=0.00s Real=0.00s
[2026-06-17T10:06:35.359+0800][15.010s][info][gc,start    ] GC(488) Pause Young (Concurrent Start) (G1 Evacuation Pause)
[2026-06-17T10:06:35.360+0800][15.010s][info][gc,task     ] GC(488) Using 2 workers of 18 for evacuation
[2026-06-17T10:06:35.361+0800][15.011s][info][gc,phases   ] GC(488)   Pre Evacuate Collection Set: 0.18ms
[2026-06-17T10:06:35.361+0800][15.011s][info][gc,phases   ] GC(488)   Merge Heap Roots: 0.03ms
[2026-06-17T10:06:35.361+0800][15.012s][info][gc,phases   ] GC(488)   Evacuate Collection Set: 0.48ms
[2026-06-17T10:06:35.361+0800][15.012s][info][gc,phases   ] GC(488)   Post Evacuate Collection Set: 0.17ms
[2026-06-17T10:06:35.361+0800][15.012s][info][gc,phases   ] GC(488)   Other: 0.27ms
[2026-06-17T10:06:35.362+0800][15.012s][info][gc,heap     ] GC(488) Eden regions: 13->0(10)
[2026-06-17T10:06:35.362+0800][15.012s][info][gc,heap     ] GC(488) Survivor regions: 2->2(2)
[2026-06-17T10:06:35.362+0800][15.012s][info][gc,heap     ] GC(488) Old regions: 24->29
[2026-06-17T10:06:35.362+0800][15.012s][info][gc,heap     ] GC(488) Humongous regions: 11->11
[2026-06-17T10:06:35.362+0800][15.012s][info][gc,metaspace] GC(488) Metaspace: 116K(320K)->116K(320K) NonClass: 109K(192K)->109K(192K) Class: 7K(128K)->7K(128K)
[2026-06-17T10:06:35.362+0800][15.013s][info][gc          ] GC(488) Pause Young (Concurrent Start) (G1 Evacuation Pause) 49M->41M(64M) 2.894ms
[2026-06-17T10:06:35.362+0800][15.013s][info][gc,cpu      ] GC(488) User=0.00s Sys=0.00s Real=0.00s
[2026-06-17T10:06:35.362+0800][15.013s][info][gc          ] GC(489) Concurrent Mark Cycle
[2026-06-17T10:06:35.363+0800][15.013s][info][gc,marking  ] GC(489) Concurrent Scan Root Regions
[2026-06-17T10:06:35.363+0800][15.014s][info][gc,marking  ] GC(489) Concurrent Scan Root Regions 0.296ms
[2026-06-17T10:06:35.363+0800][15.014s][info][gc,marking  ] GC(489) Concurrent Mark
[2026-06-17T10:06:35.363+0800][15.014s][info][gc,marking  ] GC(489) Concurrent Mark From Roots
[2026-06-17T10:06:35.364+0800][15.014s][info][gc,task     ] GC(489) Using 5 workers of 5 for marking
[2026-06-17T10:06:35.365+0800][15.015s][info][gc,marking  ] GC(489) Concurrent Mark From Roots 1.281ms
[2026-06-17T10:06:35.365+0800][15.015s][info][gc,marking  ] GC(489) Concurrent Preclean
[2026-06-17T10:06:35.365+0800][15.016s][info][gc,marking  ] GC(489) Concurrent Preclean 0.155ms
[2026-06-17T10:06:35.365+0800][15.016s][info][gc,start    ] GC(489) Pause Remark
[2026-06-17T10:06:35.366+0800][15.016s][info][gc          ] GC(489) Pause Remark 43M->42M(64M) 0.457ms
[2026-06-17T10:06:35.366+0800][15.016s][info][gc,cpu      ] GC(489) User=0.00s Sys=0.00s Real=0.00s
[2026-06-17T10:06:35.366+0800][15.016s][info][gc,marking  ] GC(489) Concurrent Mark 2.583ms
[2026-06-17T10:06:35.366+0800][15.017s][info][gc,marking  ] GC(489) Concurrent Rebuild Remembered Sets and Scrub Regions
[2026-06-17T10:06:35.366+0800][15.017s][info][gc,marking  ] GC(489) Concurrent Rebuild Remembered Sets and Scrub Regions 0.465ms
[2026-06-17T10:06:35.367+0800][15.017s][info][gc,start    ] GC(489) Pause Cleanup
[2026-06-17T10:06:35.367+0800][15.017s][info][gc          ] GC(489) Pause Cleanup 42M->42M(64M) 0.143ms
[2026-06-17T10:06:35.367+0800][15.017s][info][gc,cpu      ] GC(489) User=0.00s Sys=0.00s Real=0.00s
[2026-06-17T10:06:35.367+0800][15.017s][info][gc,marking  ] GC(489) Concurrent Clear Claimed Marks
[2026-06-17T10:06:35.367+0800][15.018s][info][gc,marking  ] GC(489) Concurrent Clear Claimed Marks 0.071ms
[2026-06-17T10:06:35.367+0800][15.018s][info][gc,marking  ] GC(489) Concurrent Cleanup for Next Mark
[2026-06-17T10:06:35.367+0800][15.018s][info][gc,marking  ] GC(489) Concurrent Cleanup for Next Mark 0.138ms
[2026-06-17T10:06:35.367+0800][15.018s][info][gc          ] GC(489) Concurrent Mark Cycle 5.008ms
[2026-06-17T10:06:35.394+0800][15.045s][info][gc,start    ] GC(490) Pause Young (Prepare Mixed) (G1 Evacuation Pause)
[2026-06-17T10:06:35.395+0800][15.046s][info][gc,task     ] GC(490) Using 2 workers of 18 for evacuation
[2026-06-17T10:06:35.396+0800][15.047s][info][gc,phases   ] GC(490)   Pre Evacuate Collection Set: 0.19ms
[2026-06-17T10:06:35.396+0800][15.047s][info][gc,phases   ] GC(490)   Merge Heap Roots: 0.08ms
[2026-06-17T10:06:35.396+0800][15.047s][info][gc,phases   ] GC(490)   Evacuate Collection Set: 0.36ms
[2026-06-17T10:06:35.397+0800][15.047s][info][gc,phases   ] GC(490)   Post Evacuate Collection Set: 0.20ms
[2026-06-17T10:06:35.397+0800][15.047s][info][gc,phases   ] GC(490)   Other: 0.24ms
[2026-06-17T10:06:35.397+0800][15.047s][info][gc,heap     ] GC(490) Eden regions: 10->0(9)
[2026-06-17T10:06:35.397+0800][15.047s][info][gc,heap     ] GC(490) Survivor regions: 2->2(2)
[2026-06-17T10:06:35.397+0800][15.048s][info][gc,heap     ] GC(490) Old regions: 28->31
[2026-06-17T10:06:35.397+0800][15.048s][info][gc,heap     ] GC(490) Humongous regions: 11->11
[2026-06-17T10:06:35.397+0800][15.048s][info][gc,metaspace] GC(490) Metaspace: 116K(320K)->116K(320K) NonClass: 109K(192K)->109K(192K) Class: 7K(128K)->7K(128K)
[2026-06-17T10:06:35.397+0800][15.048s][info][gc          ] GC(490) Pause Young (Prepare Mixed) (G1 Evacuation Pause) 50M->43M(64M) 2.989ms
[2026-06-17T10:06:35.398+0800][15.048s][info][gc,cpu      ] GC(490) User=0.00s Sys=0.01s Real=0.00s
[2026-06-17T10:06:35.419+0800][15.069s][info][gc,start    ] GC(491) Pause Young (Mixed) (G1 Evacuation Pause)
[2026-06-17T10:06:35.419+0800][15.070s][info][gc,task     ] GC(491) Using 2 workers of 18 for evacuation
[2026-06-17T10:06:35.420+0800][15.071s][info][gc,phases   ] GC(491)   Pre Evacuate Collection Set: 0.16ms
[2026-06-17T10:06:35.421+0800][15.071s][info][gc,phases   ] GC(491)   Merge Heap Roots: 0.04ms
[2026-06-17T10:06:35.421+0800][15.071s][info][gc,phases   ] GC(491)   Evacuate Collection Set: 0.50ms
[2026-06-17T10:06:35.421+0800][15.071s][info][gc,phases   ] GC(491)   Post Evacuate Collection Set: 0.24ms
[2026-06-17T10:06:35.421+0800][15.071s][info][gc,phases   ] GC(491)   Other: 0.29ms
[2026-06-17T10:06:35.421+0800][15.072s][info][gc,heap     ] GC(491) Eden regions: 9->0(9)
[2026-06-17T10:06:35.421+0800][15.072s][info][gc,heap     ] GC(491) Survivor regions: 2->2(2)
[2026-06-17T10:06:35.421+0800][15.072s][info][gc,heap     ] GC(491) Old regions: 31->31
[2026-06-17T10:06:35.421+0800][15.072s][info][gc,heap     ] GC(491) Humongous regions: 11->11
[2026-06-17T10:06:35.421+0800][15.072s][info][gc,metaspace] GC(491) Metaspace: 116K(320K)->116K(320K) NonClass: 109K(192K)->109K(192K) Class: 7K(128K)->7K(128K)
[2026-06-17T10:06:35.421+0800][15.072s][info][gc          ] GC(491) Pause Young (Mixed) (G1 Evacuation Pause) 52M->43M(64M) 2.665ms
[2026-06-17T10:06:35.422+0800][15.072s][info][gc,cpu      ] GC(491) User=0.00s Sys=0.00s Real=0.00s
[2026-06-17T10:06:35.443+0800][15.093s][info][gc,start    ] GC(492) Pause Young (Mixed) (G1 Evacuation Pause)
[2026-06-17T10:06:35.443+0800][15.094s][info][gc,task     ] GC(492) Using 2 workers of 18 for evacuation
[2026-06-17T10:06:35.444+0800][15.095s][info][gc,phases   ] GC(492)   Pre Evacuate Collection Set: 0.12ms
[2026-06-17T10:06:35.444+0800][15.095s][info][gc,phases   ] GC(492)   Merge Heap Roots: 0.04ms
[2026-06-17T10:06:35.444+0800][15.095s][info][gc,phases   ] GC(492)   Evacuate Collection Set: 0.38ms
[2026-06-17T10:06:35.444+0800][15.095s][info][gc,phases   ] GC(492)   Post Evacuate Collection Set: 0.19ms
[2026-06-17T10:06:35.444+0800][15.095s][info][gc,phases   ] GC(492)   Other: 0.24ms
[2026-06-17T10:06:35.445+0800][15.095s][info][gc,heap     ] GC(492) Eden regions: 9->0(7)
[2026-06-17T10:06:35.445+0800][15.095s][info][gc,heap     ] GC(492) Survivor regions: 2->2(2)
[2026-06-17T10:06:35.445+0800][15.095s][info][gc,heap     ] GC(492) Old regions: 31->32
[2026-06-17T10:06:35.445+0800][15.095s][info][gc,heap     ] GC(492) Humongous regions: 13->13
[2026-06-17T10:06:35.445+0800][15.095s][info][gc,metaspace] GC(492) Metaspace: 116K(320K)->116K(320K) NonClass: 109K(192K)->109K(192K) Class: 7K(128K)->7K(128K)
[2026-06-17T10:06:35.445+0800][15.096s][info][gc          ] GC(492) Pause Young (Mixed) (G1 Evacuation Pause) 54M->46M(64M) 2.267ms
[2026-06-17T10:06:35.445+0800][15.096s][info][gc,cpu      ] GC(492) User=0.00s Sys=0.00s Real=0.00s
[2026-06-17T10:06:35.466+0800][15.117s][info][gc,start    ] GC(493) Pause Young (Concurrent Start) (G1 Evacuation Pause)
[2026-06-17T10:06:35.466+0800][15.117s][info][gc,task     ] GC(493) Using 2 workers of 18 for evacuation
[2026-06-17T10:06:35.467+0800][15.118s][info][gc,phases   ] GC(493)   Pre Evacuate Collection Set: 0.18ms
[2026-06-17T10:06:35.467+0800][15.118s][info][gc,phases   ] GC(493)   Merge Heap Roots: 0.04ms
[2026-06-17T10:06:35.467+0800][15.118s][info][gc,phases   ] GC(493)   Evacuate Collection Set: 0.29ms
[2026-06-17T10:06:35.468+0800][15.118s][info][gc,phases   ] GC(493)   Post Evacuate Collection Set: 0.15ms
[2026-06-17T10:06:35.468+0800][15.118s][info][gc,phases   ] GC(493)   Other: 0.18ms
[2026-06-17T10:06:35.468+0800][15.118s][info][gc,heap     ] GC(493) Eden regions: 7->0(6)
[2026-06-17T10:06:35.468+0800][15.119s][info][gc,heap     ] GC(493) Survivor regions: 2->2(2)
[2026-06-17T10:06:35.468+0800][15.119s][info][gc,heap     ] GC(493) Old regions: 32->34
[2026-06-17T10:06:35.468+0800][15.119s][info][gc,heap     ] GC(493) Humongous regions: 13->13
[2026-06-17T10:06:35.468+0800][15.119s][info][gc,metaspace] GC(493) Metaspace: 116K(320K)->116K(320K) NonClass: 109K(192K)->109K(192K) Class: 7K(128K)->7K(128K)
[2026-06-17T10:06:35.468+0800][15.119s][info][gc          ] GC(493) Pause Young (Concurrent Start) (G1 Evacuation Pause) 53M->48M(64M) 2.306ms
[2026-06-17T10:06:35.468+0800][15.119s][info][gc,cpu      ] GC(493) User=0.00s Sys=0.00s Real=0.00s
[2026-06-17T10:06:35.468+0800][15.119s][info][gc          ] GC(494) Concurrent Mark Cycle
[2026-06-17T10:06:35.469+0800][15.119s][info][gc,marking  ] GC(494) Concurrent Scan Root Regions
[2026-06-17T10:06:35.469+0800][15.119s][info][gc,marking  ] GC(494) Concurrent Scan Root Regions 0.155ms
[2026-06-17T10:06:35.469+0800][15.119s][info][gc,marking  ] GC(494) Concurrent Mark
[2026-06-17T10:06:35.469+0800][15.120s][info][gc,marking  ] GC(494) Concurrent Mark From Roots
[2026-06-17T10:06:35.469+0800][15.120s][info][gc,task     ] GC(494) Using 5 workers of 5 for marking
[2026-06-17T10:06:35.470+0800][15.121s][info][gc,marking  ] GC(494) Concurrent Mark From Roots 1.165ms
[2026-06-17T10:06:35.470+0800][15.121s][info][gc,marking  ] GC(494) Concurrent Preclean
[2026-06-17T10:06:35.470+0800][15.121s][info][gc,marking  ] GC(494) Concurrent Preclean 0.142ms
[2026-06-17T10:06:35.471+0800][15.121s][info][gc,start    ] GC(494) Pause Remark
[2026-06-17T10:06:35.471+0800][15.121s][info][gc          ] GC(494) Pause Remark 51M->44M(64M) 0.398ms
[2026-06-17T10:06:35.471+0800][15.122s][info][gc,cpu      ] GC(494) User=0.00s Sys=0.00s Real=0.00s
[2026-06-17T10:06:35.471+0800][15.122s][info][gc,marking  ] GC(494) Concurrent Mark 2.349ms
[2026-06-17T10:06:35.471+0800][15.122s][info][gc,marking  ] GC(494) Concurrent Rebuild Remembered Sets and Scrub Regions
[2026-06-17T10:06:35.472+0800][15.123s][info][gc,marking  ] GC(494) Concurrent Rebuild Remembered Sets and Scrub Regions 0.764ms
[2026-06-17T10:06:35.472+0800][15.123s][info][gc,start    ] GC(494) Pause Cleanup
[2026-06-17T10:06:35.473+0800][15.123s][info][gc          ] GC(494) Pause Cleanup 44M->44M(64M) 0.161ms
[2026-06-17T10:06:35.473+0800][15.123s][info][gc,cpu      ] GC(494) User=0.00s Sys=0.00s Real=0.00s
[2026-06-17T10:06:35.473+0800][15.123s][info][gc,marking  ] GC(494) Concurrent Clear Claimed Marks
[2026-06-17T10:06:35.473+0800][15.123s][info][gc,marking  ] GC(494) Concurrent Clear Claimed Marks 0.090ms
[2026-06-17T10:06:35.473+0800][15.123s][info][gc,marking  ] GC(494) Concurrent Cleanup for Next Mark
[2026-06-17T10:06:35.473+0800][15.124s][info][gc,marking  ] GC(494) Concurrent Cleanup for Next Mark 0.149ms
[2026-06-17T10:06:35.473+0800][15.124s][info][gc          ] GC(494) Concurrent Mark Cycle 4.750ms
[2026-06-17T10:06:35.479+0800][15.130s][info][gc,start    ] GC(495) Pause Young (Prepare Mixed) (G1 Evacuation Pause)
[2026-06-17T10:06:35.479+0800][15.130s][info][gc,task     ] GC(495) Using 2 workers of 18 for evacuation
[2026-06-17T10:06:35.480+0800][15.131s][info][gc,phases   ] GC(495)   Pre Evacuate Collection Set: 0.12ms
[2026-06-17T10:06:35.480+0800][15.131s][info][gc,phases   ] GC(495)   Merge Heap Roots: 0.06ms
[2026-06-17T10:06:35.481+0800][15.131s][info][gc,phases   ] GC(495)   Evacuate Collection Set: 0.35ms
[2026-06-17T10:06:35.481+0800][15.131s][info][gc,phases   ] GC(495)   Post Evacuate Collection Set: 0.16ms
[2026-06-17T10:06:35.481+0800][15.131s][info][gc,phases   ] GC(495)   Other: 0.16ms
[2026-06-17T10:06:35.481+0800][15.131s][info][gc,heap     ] GC(495) Eden regions: 6->0(8)
[2026-06-17T10:06:35.481+0800][15.132s][info][gc,heap     ] GC(495) Survivor regions: 2->1(1)
[2026-06-17T10:06:35.481+0800][15.132s][info][gc,heap     ] GC(495) Old regions: 27->31
[2026-06-17T10:06:35.481+0800][15.132s][info][gc,heap     ] GC(495) Humongous regions: 13->13
[2026-06-17T10:06:35.481+0800][15.132s][info][gc,metaspace] GC(495) Metaspace: 116K(320K)->116K(320K) NonClass: 109K(192K)->109K(192K) Class: 7K(128K)->7K(128K)
[2026-06-17T10:06:35.481+0800][15.132s][info][gc          ] GC(495) Pause Young (Prepare Mixed) (G1 Evacuation Pause) 47M->44M(64M) 2.066ms
[2026-06-17T10:06:35.481+0800][15.132s][info][gc,cpu      ] GC(495) User=0.01s Sys=0.00s Real=0.00s
[2026-06-17T10:06:35.502+0800][15.153s][info][gc,start    ] GC(496) Pause Young (Mixed) (G1 Evacuation Pause)
[2026-06-17T10:06:35.503+0800][15.153s][info][gc,task     ] GC(496) Using 2 workers of 18 for evacuation
[2026-06-17T10:06:35.504+0800][15.154s][info][gc,phases   ] GC(496)   Pre Evacuate Collection Set: 0.15ms
[2026-06-17T10:06:35.504+0800][15.154s][info][gc,phases   ] GC(496)   Merge Heap Roots: 0.04ms
[2026-06-17T10:06:35.504+0800][15.155s][info][gc,phases   ] GC(496)   Evacuate Collection Set: 0.29ms
[2026-06-17T10:06:35.504+0800][15.155s][info][gc,phases   ] GC(496)   Post Evacuate Collection Set: 0.23ms
[2026-06-17T10:06:35.504+0800][15.155s][info][gc,phases   ] GC(496)   Other: 0.31ms
[2026-06-17T10:06:35.505+0800][15.155s][info][gc,heap     ] GC(496) Eden regions: 8->0(12)
[2026-06-17T10:06:35.505+0800][15.155s][info][gc,heap     ] GC(496) Survivor regions: 1->1(2)
[2026-06-17T10:06:35.505+0800][15.155s][info][gc,heap     ] GC(496) Old regions: 31->25
[2026-06-17T10:06:35.505+0800][15.155s][info][gc,heap     ] GC(496) Humongous regions: 13->13
[2026-06-17T10:06:35.505+0800][15.155s][info][gc,metaspace] GC(496) Metaspace: 116K(320K)->116K(320K) NonClass: 109K(192K)->109K(192K) Class: 7K(128K)->7K(128K)
[2026-06-17T10:06:35.505+0800][15.155s][info][gc          ] GC(496) Pause Young (Mixed) (G1 Evacuation Pause) 52M->38M(64M) 2.574ms
[2026-06-17T10:06:35.505+0800][15.156s][info][gc,cpu      ] GC(496) User=0.00s Sys=0.00s Real=0.01s
[2026-06-17T10:06:35.537+0800][15.187s][info][gc,start    ] GC(497) Pause Young (Mixed) (G1 Evacuation Pause)
[2026-06-17T10:06:35.537+0800][15.188s][info][gc,task     ] GC(497) Using 2 workers of 18 for evacuation
[2026-06-17T10:06:35.539+0800][15.189s][info][gc,phases   ] GC(497)   Pre Evacuate Collection Set: 0.13ms
[2026-06-17T10:06:35.539+0800][15.190s][info][gc,phases   ] GC(497)   Merge Heap Roots: 0.07ms
[2026-06-17T10:06:35.539+0800][15.190s][info][gc,phases   ] GC(497)   Evacuate Collection Set: 0.96ms
[2026-06-17T10:06:35.540+0800][15.190s][info][gc,phases   ] GC(497)   Post Evacuate Collection Set: 0.26ms
[2026-06-17T10:06:35.540+0800][15.191s][info][gc,phases   ] GC(497)   Other: 0.31ms
[2026-06-17T10:06:35.540+0800][15.191s][info][gc,heap     ] GC(497) Eden regions: 12->0(14)
[2026-06-17T10:06:35.541+0800][15.191s][info][gc,heap     ] GC(497) Survivor regions: 1->2(2)
[2026-06-17T10:06:35.541+0800][15.191s][info][gc,heap     ] GC(497) Old regions: 25->23
[2026-06-17T10:06:35.541+0800][15.191s][info][gc,heap     ] GC(497) Humongous regions: 13->13
[2026-06-17T10:06:35.541+0800][15.191s][info][gc,metaspace] GC(497) Metaspace: 116K(320K)->116K(320K) NonClass: 109K(192K)->109K(192K) Class: 7K(128K)->7K(128K)
[2026-06-17T10:06:35.541+0800][15.192s][info][gc          ] GC(497) Pause Young (Mixed) (G1 Evacuation Pause) 50M->37M(64M) 4.185ms
[2026-06-17T10:06:35.541+0800][15.192s][info][gc,cpu      ] GC(497) User=0.00s Sys=0.00s Real=0.00s
[2026-06-17T10:06:35.583+0800][15.234s][info][gc,start    ] GC(498) Pause Young (Concurrent Start) (G1 Evacuation Pause)
[2026-06-17T10:06:35.584+0800][15.234s][info][gc,task     ] GC(498) Using 2 workers of 18 for evacuation
[2026-06-17T10:06:35.585+0800][15.236s][info][gc,phases   ] GC(498)   Pre Evacuate Collection Set: 0.22ms
[2026-06-17T10:06:35.585+0800][15.236s][info][gc,phases   ] GC(498)   Merge Heap Roots: 0.06ms
[2026-06-17T10:06:35.586+0800][15.236s][info][gc,phases   ] GC(498)   Evacuate Collection Set: 0.44ms
[2026-06-17T10:06:35.586+0800][15.237s][info][gc,phases   ] GC(498)   Post Evacuate Collection Set: 0.21ms
[2026-06-17T10:06:35.586+0800][15.237s][info][gc,phases   ] GC(498)   Other: 0.42ms
[2026-06-17T10:06:35.586+0800][15.237s][info][gc,heap     ] GC(498) Eden regions: 14->0(12)
[2026-06-17T10:06:35.587+0800][15.237s][info][gc,heap     ] GC(498) Survivor regions: 2->2(2)
[2026-06-17T10:06:35.587+0800][15.237s][info][gc,heap     ] GC(498) Old regions: 23->27
[2026-06-17T10:06:35.587+0800][15.238s][info][gc,heap     ] GC(498) Humongous regions: 13->13
[2026-06-17T10:06:35.587+0800][15.238s][info][gc,metaspace] GC(498) Metaspace: 116K(320K)->116K(320K) NonClass: 109K(192K)->109K(192K) Class: 7K(128K)->7K(128K)
[2026-06-17T10:06:35.587+0800][15.238s][info][gc          ] GC(498) Pause Young (Concurrent Start) (G1 Evacuation Pause) 51M->41M(64M) 3.827ms
[2026-06-17T10:06:35.587+0800][15.238s][info][gc,cpu      ] GC(498) User=0.00s Sys=0.00s Real=0.00s
[2026-06-17T10:06:35.587+0800][15.238s][info][gc          ] GC(499) Concurrent Mark Cycle
[2026-06-17T10:06:35.588+0800][15.238s][info][gc,marking  ] GC(499) Concurrent Scan Root Regions
[2026-06-17T10:06:35.588+0800][15.238s][info][gc,marking  ] GC(499) Concurrent Scan Root Regions 0.189ms
[2026-06-17T10:06:35.588+0800][15.239s][info][gc,marking  ] GC(499) Concurrent Mark
[2026-06-17T10:06:35.588+0800][15.239s][info][gc,marking  ] GC(499) Concurrent Mark From Roots
[2026-06-17T10:06:35.588+0800][15.239s][info][gc,task     ] GC(499) Using 5 workers of 5 for marking
[2026-06-17T10:06:35.589+0800][15.240s][info][gc,marking  ] GC(499) Concurrent Mark From Roots 1.091ms
[2026-06-17T10:06:35.589+0800][15.240s][info][gc,marking  ] GC(499) Concurrent Preclean
[2026-06-17T10:06:35.589+0800][15.240s][info][gc,marking  ] GC(499) Concurrent Preclean 0.116ms
[2026-06-17T10:06:35.590+0800][15.240s][info][gc,start    ] GC(499) Pause Remark
[2026-06-17T10:06:35.590+0800][15.241s][info][gc          ] GC(499) Pause Remark 44M->35M(64M) 0.409ms
[2026-06-17T10:06:35.590+0800][15.241s][info][gc,cpu      ] GC(499) User=0.00s Sys=0.00s Real=0.00s
[2026-06-17T10:06:35.590+0800][15.241s][info][gc,marking  ] GC(499) Concurrent Mark 2.320ms
[2026-06-17T10:06:35.590+0800][15.241s][info][gc,marking  ] GC(499) Concurrent Rebuild Remembered Sets and Scrub Regions
[2026-06-17T10:06:35.591+0800][15.241s][info][gc,marking  ] GC(499) Concurrent Rebuild Remembered Sets and Scrub Regions 0.445ms
[2026-06-17T10:06:35.591+0800][15.241s][info][gc,start    ] GC(499) Pause Cleanup
[2026-06-17T10:06:35.591+0800][15.242s][info][gc          ] GC(499) Pause Cleanup 35M->35M(64M) 0.148ms
[2026-06-17T10:06:35.591+0800][15.242s][info][gc,cpu      ] GC(499) User=0.00s Sys=0.00s Real=0.00s
[2026-06-17T10:06:35.591+0800][15.242s][info][gc,marking  ] GC(499) Concurrent Clear Claimed Marks
[2026-06-17T10:06:35.591+0800][15.242s][info][gc,marking  ] GC(499) Concurrent Clear Claimed Marks 0.076ms
[2026-06-17T10:06:35.591+0800][15.242s][info][gc,marking  ] GC(499) Concurrent Cleanup for Next Mark
[2026-06-17T10:06:35.592+0800][15.242s][info][gc,marking  ] GC(499) Concurrent Cleanup for Next Mark 0.162ms
[2026-06-17T10:06:35.592+0800][15.242s][info][gc          ] GC(499) Concurrent Mark Cycle 4.244ms
[2026-06-17T10:06:35.609+0800][15.259s][info][gc,start    ] GC(500) Pause Young (Prepare Mixed) (G1 Evacuation Pause)
[2026-06-17T10:06:35.609+0800][15.260s][info][gc,task     ] GC(500) Using 2 workers of 18 for evacuation
[2026-06-17T10:06:35.610+0800][15.261s][info][gc,phases   ] GC(500)   Pre Evacuate Collection Set: 0.10ms
[2026-06-17T10:06:35.610+0800][15.261s][info][gc,phases   ] GC(500)   Merge Heap Roots: 0.05ms
[2026-06-17T10:06:35.611+0800][15.261s][info][gc,phases   ] GC(500)   Evacuate Collection Set: 0.24ms
[2026-06-17T10:06:35.611+0800][15.262s][info][gc,phases   ] GC(500)   Post Evacuate Collection Set: 0.17ms
[2026-06-17T10:06:35.612+0800][15.262s][info][gc,phases   ] GC(500)   Other: 0.25ms
[2026-06-17T10:06:35.612+0800][15.262s][info][gc,heap     ] GC(500) Eden regions: 12->0(16)
[2026-06-17T10:06:35.612+0800][15.262s][info][gc,heap     ] GC(500) Survivor regions: 2->2(2)
[2026-06-17T10:06:35.612+0800][15.263s][info][gc,heap     ] GC(500) Old regions: 18->20
[2026-06-17T10:06:35.612+0800][15.263s][info][gc,heap     ] GC(500) Humongous regions: 13->13
[2026-06-17T10:06:35.612+0800][15.263s][info][gc,metaspace] GC(500) Metaspace: 116K(320K)->116K(320K) NonClass: 109K(192K)->109K(192K) Class: 7K(128K)->7K(128K)
[2026-06-17T10:06:35.612+0800][15.263s][info][gc          ] GC(500) Pause Young (Prepare Mixed) (G1 Evacuation Pause) 44M->34M(64M) 3.580ms
[2026-06-17T10:06:35.613+0800][15.263s][info][gc,cpu      ] GC(500) User=0.01s Sys=0.00s Real=0.01s
[2026-06-17T10:06:35.655+0800][15.306s][info][gc,start    ] GC(501) Pause Young (Mixed) (G1 Evacuation Pause)
[2026-06-17T10:06:35.656+0800][15.306s][info][gc,task     ] GC(501) Using 2 workers of 18 for evacuation
[2026-06-17T10:06:35.657+0800][15.308s][info][gc,phases   ] GC(501)   Pre Evacuate Collection Set: 0.13ms
[2026-06-17T10:06:35.657+0800][15.308s][info][gc,phases   ] GC(501)   Merge Heap Roots: 0.06ms
[2026-06-17T10:06:35.658+0800][15.308s][info][gc,phases   ] GC(501)   Evacuate Collection Set: 0.63ms
[2026-06-17T10:06:35.658+0800][15.308s][info][gc,phases   ] GC(501)   Post Evacuate Collection Set: 0.22ms
[2026-06-17T10:06:35.658+0800][15.308s][info][gc,phases   ] GC(501)   Other: 0.31ms
[2026-06-17T10:06:35.658+0800][15.309s][info][gc,heap     ] GC(501) Eden regions: 16->0(14)
[2026-06-17T10:06:35.658+0800][15.309s][info][gc,heap     ] GC(501) Survivor regions: 2->3(3)
[2026-06-17T10:06:35.658+0800][15.309s][info][gc,heap     ] GC(501) Old regions: 20->20
[2026-06-17T10:06:35.658+0800][15.309s][info][gc,heap     ] GC(501) Humongous regions: 15->15
[2026-06-17T10:06:35.659+0800][15.309s][info][gc,metaspace] GC(501) Metaspace: 116K(320K)->116K(320K) NonClass: 109K(192K)->109K(192K) Class: 7K(128K)->7K(128K)
[2026-06-17T10:06:35.659+0800][15.309s][info][gc          ] GC(501) Pause Young (Mixed) (G1 Evacuation Pause) 51M->37M(64M) 3.505ms
[2026-06-17T10:06:35.659+0800][15.309s][info][gc,cpu      ] GC(501) User=0.00s Sys=0.00s Real=0.00s
[2026-06-17T10:06:35.701+0800][15.351s][info][gc,start    ] GC(502) Pause Young (Concurrent Start) (G1 Evacuation Pause)
[2026-06-17T10:06:35.701+0800][15.352s][info][gc,task     ] GC(502) Using 2 workers of 18 for evacuation
[2026-06-17T10:06:35.704+0800][15.354s][info][gc,phases   ] GC(502)   Pre Evacuate Collection Set: 0.33ms
[2026-06-17T10:06:35.704+0800][15.355s][info][gc,phases   ] GC(502)   Merge Heap Roots: 0.07ms
[2026-06-17T10:06:35.704+0800][15.355s][info][gc,phases   ] GC(502)   Evacuate Collection Set: 0.70ms
[2026-06-17T10:06:35.705+0800][15.355s][info][gc,phases   ] GC(502)   Post Evacuate Collection Set: 0.42ms
[2026-06-17T10:06:35.705+0800][15.355s][info][gc,phases   ] GC(502)   Other: 0.60ms
[2026-06-17T10:06:35.705+0800][15.356s][info][gc,heap     ] GC(502) Eden regions: 14->0(12)
[2026-06-17T10:06:35.705+0800][15.356s][info][gc,heap     ] GC(502) Survivor regions: 3->3(3)
[2026-06-17T10:06:35.706+0800][15.356s][info][gc,heap     ] GC(502) Old regions: 20->23
[2026-06-17T10:06:35.706+0800][15.356s][info][gc,heap     ] GC(502) Humongous regions: 15->15
[2026-06-17T10:06:35.706+0800][15.356s][info][gc,metaspace] GC(502) Metaspace: 116K(320K)->116K(320K) NonClass: 109K(192K)->109K(192K) Class: 7K(128K)->7K(128K)
[2026-06-17T10:06:35.706+0800][15.357s][info][gc          ] GC(502) Pause Young (Concurrent Start) (G1 Evacuation Pause) 51M->40M(64M) 5.201ms
[2026-06-17T10:06:35.706+0800][15.357s][info][gc,cpu      ] GC(502) User=0.00s Sys=0.01s Real=0.01s
[2026-06-17T10:06:35.706+0800][15.357s][info][gc          ] GC(503) Concurrent Mark Cycle
[2026-06-17T10:06:35.707+0800][15.357s][info][gc,marking  ] GC(503) Concurrent Scan Root Regions
[2026-06-17T10:06:35.707+0800][15.357s][info][gc,marking  ] GC(503) Concurrent Scan Root Regions 0.225ms
[2026-06-17T10:06:35.707+0800][15.358s][info][gc,marking  ] GC(503) Concurrent Mark
[2026-06-17T10:06:35.707+0800][15.358s][info][gc,marking  ] GC(503) Concurrent Mark From Roots
[2026-06-17T10:06:35.707+0800][15.358s][info][gc,task     ] GC(503) Using 5 workers of 5 for marking
[2026-06-17T10:06:35.709+0800][15.359s][info][gc,marking  ] GC(503) Concurrent Mark From Roots 1.574ms
[2026-06-17T10:06:35.709+0800][15.360s][info][gc,marking  ] GC(503) Concurrent Preclean
[2026-06-17T10:06:35.709+0800][15.360s][info][gc,marking  ] GC(503) Concurrent Preclean 0.173ms
[2026-06-17T10:06:35.709+0800][15.360s][info][gc,start    ] GC(503) Pause Remark
[2026-06-17T10:06:35.710+0800][15.360s][info][gc          ] GC(503) Pause Remark 42M->41M(64M) 0.406ms
[2026-06-17T10:06:35.710+0800][15.360s][info][gc,cpu      ] GC(503) User=0.00s Sys=0.00s Real=0.00s
[2026-06-17T10:06:35.710+0800][15.360s][info][gc,marking  ] GC(503) Concurrent Mark 2.910ms
[2026-06-17T10:06:35.710+0800][15.361s][info][gc,marking  ] GC(503) Concurrent Rebuild Remembered Sets and Scrub Regions
[2026-06-17T10:06:35.711+0800][15.361s][info][gc,marking  ] GC(503) Concurrent Rebuild Remembered Sets and Scrub Regions 0.512ms
[2026-06-17T10:06:35.711+0800][15.361s][info][gc,start    ] GC(503) Pause Cleanup
[2026-06-17T10:06:35.711+0800][15.362s][info][gc          ] GC(503) Pause Cleanup 41M->41M(64M) 0.154ms
[2026-06-17T10:06:35.711+0800][15.362s][info][gc,cpu      ] GC(503) User=0.00s Sys=0.00s Real=0.00s
[2026-06-17T10:06:35.711+0800][15.362s][info][gc,marking  ] GC(503) Concurrent Clear Claimed Marks
[2026-06-17T10:06:35.711+0800][15.362s][info][gc,marking  ] GC(503) Concurrent Clear Claimed Marks 0.077ms
[2026-06-17T10:06:35.711+0800][15.362s][info][gc,marking  ] GC(503) Concurrent Cleanup for Next Mark
[2026-06-17T10:06:35.712+0800][15.362s][info][gc,marking  ] GC(503) Concurrent Cleanup for Next Mark 0.169ms
[2026-06-17T10:06:35.712+0800][15.362s][info][gc          ] GC(503) Concurrent Mark Cycle 5.468ms
[2026-06-17T10:06:35.738+0800][15.388s][info][gc,start    ] GC(504) Pause Young (Prepare Mixed) (G1 Evacuation Pause)
[2026-06-17T10:06:35.739+0800][15.389s][info][gc,task     ] GC(504) Using 2 workers of 18 for evacuation
[2026-06-17T10:06:35.740+0800][15.390s][info][gc,phases   ] GC(504)   Pre Evacuate Collection Set: 0.14ms
[2026-06-17T10:06:35.740+0800][15.391s][info][gc,phases   ] GC(504)   Merge Heap Roots: 0.18ms
[2026-06-17T10:06:35.740+0800][15.391s][info][gc,phases   ] GC(504)   Evacuate Collection Set: 0.35ms
[2026-06-17T10:06:35.740+0800][15.391s][info][gc,phases   ] GC(504)   Post Evacuate Collection Set: 0.17ms
[2026-06-17T10:06:35.741+0800][15.391s][info][gc,phases   ] GC(504)   Other: 0.31ms
[2026-06-17T10:06:35.741+0800][15.391s][info][gc,heap     ] GC(504) Eden regions: 12->0(11)
[2026-06-17T10:06:35.741+0800][15.391s][info][gc,heap     ] GC(504) Survivor regions: 3->2(2)
[2026-06-17T10:06:35.741+0800][15.392s][info][gc,heap     ] GC(504) Old regions: 22->25
[2026-06-17T10:06:35.741+0800][15.392s][info][gc,heap     ] GC(504) Humongous regions: 15->15
[2026-06-17T10:06:35.741+0800][15.392s][info][gc,metaspace] GC(504) Metaspace: 116K(320K)->116K(320K) NonClass: 109K(192K)->109K(192K) Class: 7K(128K)->7K(128K)
[2026-06-17T10:06:35.741+0800][15.392s][info][gc          ] GC(504) Pause Young (Prepare Mixed) (G1 Evacuation Pause) 51M->41M(64M) 3.581ms
[2026-06-17T10:06:35.741+0800][15.392s][info][gc,cpu      ] GC(504) User=0.00s Sys=0.00s Real=0.00s
[2026-06-17T10:06:35.763+0800][15.413s][info][gc,start    ] GC(505) Pause Young (Mixed) (G1 Evacuation Pause)
[2026-06-17T10:06:35.763+0800][15.414s][info][gc,task     ] GC(505) Using 2 workers of 18 for evacuation
[2026-06-17T10:06:35.765+0800][15.415s][info][gc,phases   ] GC(505)   Pre Evacuate Collection Set: 0.19ms
[2026-06-17T10:06:35.768+0800][15.418s][info][gc,phases   ] GC(505)   Merge Heap Roots: 0.06ms
[2026-06-17T10:06:35.769+0800][15.419s][info][gc,phases   ] GC(505)   Evacuate Collection Set: 0.82ms
[2026-06-17T10:06:35.769+0800][15.420s][info][gc,phases   ] GC(505)   Post Evacuate Collection Set: 0.36ms
[2026-06-17T10:06:35.769+0800][15.420s][info][gc,phases   ] GC(505)   Other: 0.26ms
[2026-06-17T10:06:35.770+0800][15.421s][info][gc,heap     ] GC(505) Eden regions: 11->0(8)
[2026-06-17T10:06:35.773+0800][15.424s][info][gc,heap     ] GC(505) Survivor regions: 2->2(2)
[2026-06-17T10:06:35.775+0800][15.426s][info][gc,heap     ] GC(505) Old regions: 25->28
[2026-06-17T10:06:35.776+0800][15.426s][info][gc,heap     ] GC(505) Humongous regions: 15->15
[2026-06-17T10:06:35.778+0800][15.429s][info][gc,metaspace] GC(505) Metaspace: 116K(320K)->116K(320K) NonClass: 109K(192K)->109K(192K) Class: 7K(128K)->7K(128K)
[2026-06-17T10:06:35.780+0800][15.431s][info][gc          ] GC(505) Pause Young (Mixed) (G1 Evacuation Pause) 52M->44M(64M) 17.324ms
[2026-06-17T10:06:35.781+0800][15.431s][info][gc,cpu      ] GC(505) User=0.00s Sys=0.00s Real=0.01s
[2026-06-17T10:06:35.802+0800][15.452s][info][gc,start    ] GC(506) Pause Young (Concurrent Start) (G1 Evacuation Pause)
[2026-06-17T10:06:35.802+0800][15.453s][info][gc,task     ] GC(506) Using 2 workers of 18 for evacuation
[2026-06-17T10:06:35.803+0800][15.454s][info][gc,phases   ] GC(506)   Pre Evacuate Collection Set: 0.20ms
[2026-06-17T10:06:35.803+0800][15.454s][info][gc,phases   ] GC(506)   Merge Heap Roots: 0.04ms
[2026-06-17T10:06:35.804+0800][15.454s][info][gc,phases   ] GC(506)   Evacuate Collection Set: 0.24ms
[2026-06-17T10:06:35.804+0800][15.454s][info][gc,phases   ] GC(506)   Post Evacuate Collection Set: 0.18ms
[2026-06-17T10:06:35.804+0800][15.454s][info][gc,phases   ] GC(506)   Other: 0.29ms
[2026-06-17T10:06:35.804+0800][15.454s][info][gc,heap     ] GC(506) Eden regions: 8->0(8)
[2026-06-17T10:06:35.804+0800][15.455s][info][gc,heap     ] GC(506) Survivor regions: 2->2(2)
[2026-06-17T10:06:35.804+0800][15.455s][info][gc,heap     ] GC(506) Old regions: 28->29
[2026-06-17T10:06:35.804+0800][15.455s][info][gc,heap     ] GC(506) Humongous regions: 15->15
[2026-06-17T10:06:35.805+0800][15.455s][info][gc,metaspace] GC(506) Metaspace: 116K(320K)->116K(320K) NonClass: 109K(192K)->109K(192K) Class: 7K(128K)->7K(128K)
[2026-06-17T10:06:35.805+0800][15.455s][info][gc          ] GC(506) Pause Young (Concurrent Start) (G1 Evacuation Pause) 52M->44M(64M) 2.846ms
[2026-06-17T10:06:35.805+0800][15.456s][info][gc,cpu      ] GC(506) User=0.00s Sys=0.00s Real=0.01s
[2026-06-17T10:06:35.805+0800][15.456s][info][gc          ] GC(507) Concurrent Mark Cycle
[2026-06-17T10:06:35.805+0800][15.456s][info][gc,marking  ] GC(507) Concurrent Scan Root Regions
[2026-06-17T10:06:35.805+0800][15.456s][info][gc,marking  ] GC(507) Concurrent Scan Root Regions 0.182ms
[2026-06-17T10:06:35.806+0800][15.456s][info][gc,marking  ] GC(507) Concurrent Mark
[2026-06-17T10:06:35.806+0800][15.456s][info][gc,marking  ] GC(507) Concurrent Mark From Roots
[2026-06-17T10:06:35.806+0800][15.456s][info][gc,task     ] GC(507) Using 5 workers of 5 for marking
[2026-06-17T10:06:35.807+0800][15.457s][info][gc,marking  ] GC(507) Concurrent Mark From Roots 1.281ms
[2026-06-17T10:06:35.807+0800][15.458s][info][gc,marking  ] GC(507) Concurrent Preclean
[2026-06-17T10:06:35.807+0800][15.458s][info][gc,marking  ] GC(507) Concurrent Preclean 0.138ms
[2026-06-17T10:06:35.807+0800][15.458s][info][gc,start    ] GC(507) Pause Remark
[2026-06-17T10:06:35.808+0800][15.458s][info][gc          ] GC(507) Pause Remark 45M->40M(64M) 0.410ms
[2026-06-17T10:06:35.808+0800][15.458s][info][gc,cpu      ] GC(507) User=0.00s Sys=0.00s Real=0.00s
[2026-06-17T10:06:35.808+0800][15.459s][info][gc,marking  ] GC(507) Concurrent Mark 2.481ms
[2026-06-17T10:06:35.808+0800][15.459s][info][gc,marking  ] GC(507) Concurrent Rebuild Remembered Sets and Scrub Regions
[2026-06-17T10:06:35.809+0800][15.459s][info][gc,marking  ] GC(507) Concurrent Rebuild Remembered Sets and Scrub Regions 0.448ms
[2026-06-17T10:06:35.809+0800][15.459s][info][gc,start    ] GC(507) Pause Cleanup
[2026-06-17T10:06:35.809+0800][15.459s][info][gc          ] GC(507) Pause Cleanup 40M->40M(64M) 0.083ms
[2026-06-17T10:06:35.809+0800][15.459s][info][gc,cpu      ] GC(507) User=0.00s Sys=0.00s Real=0.00s
[2026-06-17T10:06:35.809+0800][15.460s][info][gc,marking  ] GC(507) Concurrent Clear Claimed Marks
[2026-06-17T10:06:35.809+0800][15.460s][info][gc,marking  ] GC(507) Concurrent Clear Claimed Marks 0.071ms
[2026-06-17T10:06:35.809+0800][15.460s][info][gc,marking  ] GC(507) Concurrent Cleanup for Next Mark
[2026-06-17T10:06:35.809+0800][15.460s][info][gc,marking  ] GC(507) Concurrent Cleanup for Next Mark 0.190ms
[2026-06-17T10:06:35.809+0800][15.460s][info][gc          ] GC(507) Concurrent Mark Cycle 4.427ms
[2026-06-17T10:06:35.836+0800][15.487s][info][gc,start    ] GC(508) Pause Young (Prepare Mixed) (G1 Evacuation Pause)
[2026-06-17T10:06:35.837+0800][15.487s][info][gc,task     ] GC(508) Using 2 workers of 18 for evacuation
[2026-06-17T10:06:35.838+0800][15.488s][info][gc,phases   ] GC(508)   Pre Evacuate Collection Set: 0.14ms
[2026-06-17T10:06:35.838+0800][15.489s][info][gc,phases   ] GC(508)   Merge Heap Roots: 0.08ms
[2026-06-17T10:06:35.838+0800][15.489s][info][gc,phases   ] GC(508)   Evacuate Collection Set: 0.23ms
[2026-06-17T10:06:35.838+0800][15.489s][info][gc,phases   ] GC(508)   Post Evacuate Collection Set: 0.18ms
[2026-06-17T10:06:35.839+0800][15.489s][info][gc,phases   ] GC(508)   Other: 0.43ms
[2026-06-17T10:06:35.839+0800][15.489s][info][gc,heap     ] GC(508) Eden regions: 8->0(11)
[2026-06-17T10:06:35.839+0800][15.489s][info][gc,heap     ] GC(508) Survivor regions: 2->2(2)
[2026-06-17T10:06:35.839+0800][15.490s][info][gc,heap     ] GC(508) Old regions: 24->25
[2026-06-17T10:06:35.839+0800][15.490s][info][gc,heap     ] GC(508) Humongous regions: 15->15
[2026-06-17T10:06:35.839+0800][15.490s][info][gc,metaspace] GC(508) Metaspace: 116K(320K)->116K(320K) NonClass: 109K(192K)->109K(192K) Class: 7K(128K)->7K(128K)
[2026-06-17T10:06:35.839+0800][15.490s][info][gc          ] GC(508) Pause Young (Prepare Mixed) (G1 Evacuation Pause) 47M->41M(64M) 3.073ms
[2026-06-17T10:06:35.840+0800][15.490s][info][gc,cpu      ] GC(508) User=0.00s Sys=0.00s Real=0.00s
[2026-06-17T10:06:35.871+0800][15.522s][info][gc,start    ] GC(509) Pause Young (Mixed) (G1 Evacuation Pause)
[2026-06-17T10:06:35.872+0800][15.522s][info][gc,task     ] GC(509) Using 2 workers of 18 for evacuation
[2026-06-17T10:06:35.873+0800][15.523s][info][gc,phases   ] GC(509)   Pre Evacuate Collection Set: 0.18ms
[2026-06-17T10:06:35.873+0800][15.524s][info][gc,phases   ] GC(509)   Merge Heap Roots: 0.05ms
[2026-06-17T10:06:35.874+0800][15.524s][info][gc,phases   ] GC(509)   Evacuate Collection Set: 0.38ms
[2026-06-17T10:06:35.874+0800][15.524s][info][gc,phases   ] GC(509)   Post Evacuate Collection Set: 0.25ms
[2026-06-17T10:06:35.874+0800][15.525s][info][gc,phases   ] GC(509)   Other: 0.37ms
[2026-06-17T10:06:35.874+0800][15.525s][info][gc,heap     ] GC(509) Eden regions: 11->0(13)
[2026-06-17T10:06:35.875+0800][15.525s][info][gc,heap     ] GC(509) Survivor regions: 2->2(2)
[2026-06-17T10:06:35.875+0800][15.525s][info][gc,heap     ] GC(509) Old regions: 25->21
[2026-06-17T10:06:35.875+0800][15.525s][info][gc,heap     ] GC(509) Humongous regions: 16->16
[2026-06-17T10:06:35.875+0800][15.526s][info][gc,metaspace] GC(509) Metaspace: 116K(320K)->116K(320K) NonClass: 109K(192K)->109K(192K) Class: 7K(128K)->7K(128K)
[2026-06-17T10:06:35.875+0800][15.526s][info][gc          ] GC(509) Pause Young (Mixed) (G1 Evacuation Pause) 53M->38M(64M) 4.015ms
[2026-06-17T10:06:35.875+0800][15.526s][info][gc,cpu      ] GC(509) User=0.00s Sys=0.00s Real=0.00s
[2026-06-17T10:06:35.907+0800][15.557s][info][gc,start    ] GC(510) Pause Young (Mixed) (G1 Evacuation Pause)
[2026-06-17T10:06:35.909+0800][15.559s][info][gc,task     ] GC(510) Using 2 workers of 18 for evacuation
[2026-06-17T10:06:35.913+0800][15.564s][info][gc,phases   ] GC(510)   Pre Evacuate Collection Set: 0.12ms
[2026-06-17T10:06:35.916+0800][15.567s][info][gc,phases   ] GC(510)   Merge Heap Roots: 0.05ms
[2026-06-17T10:06:35.918+0800][15.568s][info][gc,phases   ] GC(510)   Evacuate Collection Set: 0.50ms
[2026-06-17T10:06:35.918+0800][15.569s][info][gc,phases   ] GC(510)   Post Evacuate Collection Set: 0.19ms
[2026-06-17T10:06:35.918+0800][15.569s][info][gc,phases   ] GC(510)   Other: 3.47ms
[2026-06-17T10:06:35.918+0800][15.569s][info][gc,heap     ] GC(510) Eden regions: 13->0(13)
[2026-06-17T10:06:35.918+0800][15.569s][info][gc,heap     ] GC(510) Survivor regions: 2->2(2)
[2026-06-17T10:06:35.919+0800][15.569s][info][gc,heap     ] GC(510) Old regions: 21->21
[2026-06-17T10:06:35.919+0800][15.569s][info][gc,heap     ] GC(510) Humongous regions: 16->16
[2026-06-17T10:06:35.919+0800][15.569s][info][gc,metaspace] GC(510) Metaspace: 116K(320K)->116K(320K) NonClass: 109K(192K)->109K(192K) Class: 7K(128K)->7K(128K)
[2026-06-17T10:06:35.919+0800][15.570s][info][gc          ] GC(510) Pause Young (Mixed) (G1 Evacuation Pause) 51M->38M(64M) 12.112ms
[2026-06-17T10:06:35.919+0800][15.570s][info][gc,cpu      ] GC(510) User=0.00s Sys=0.00s Real=0.01s
[2026-06-17T10:06:35.951+0800][15.601s][info][gc,start    ] GC(511) Pause Young (Concurrent Start) (G1 Evacuation Pause)
[2026-06-17T10:06:35.951+0800][15.602s][info][gc,task     ] GC(511) Using 2 workers of 18 for evacuation
[2026-06-17T10:06:35.952+0800][15.603s][info][gc,phases   ] GC(511)   Pre Evacuate Collection Set: 0.29ms
[2026-06-17T10:06:35.952+0800][15.603s][info][gc,phases   ] GC(511)   Merge Heap Roots: 0.05ms
[2026-06-17T10:06:35.953+0800][15.603s][info][gc,phases   ] GC(511)   Evacuate Collection Set: 0.36ms
[2026-06-17T10:06:35.953+0800][15.603s][info][gc,phases   ] GC(511)   Post Evacuate Collection Set: 0.17ms
[2026-06-17T10:06:35.953+0800][15.603s][info][gc,phases   ] GC(511)   Other: 0.31ms
[2026-06-17T10:06:35.953+0800][15.603s][info][gc,heap     ] GC(511) Eden regions: 13->0(11)
[2026-06-17T10:06:35.953+0800][15.604s][info][gc,heap     ] GC(511) Survivor regions: 2->2(2)
[2026-06-17T10:06:35.953+0800][15.604s][info][gc,heap     ] GC(511) Old regions: 21->24
[2026-06-17T10:06:35.953+0800][15.604s][info][gc,heap     ] GC(511) Humongous regions: 16->16
[2026-06-17T10:06:35.953+0800][15.604s][info][gc,metaspace] GC(511) Metaspace: 116K(320K)->116K(320K) NonClass: 109K(192K)->109K(192K) Class: 7K(128K)->7K(128K)
[2026-06-17T10:06:35.954+0800][15.604s][info][gc          ] GC(511) Pause Young (Concurrent Start) (G1 Evacuation Pause) 51M->41M(64M) 2.842ms
[2026-06-17T10:06:35.954+0800][15.604s][info][gc,cpu      ] GC(511) User=0.00s Sys=0.00s Real=0.00s
[2026-06-17T10:06:35.954+0800][15.604s][info][gc          ] GC(512) Concurrent Mark Cycle
[2026-06-17T10:06:35.954+0800][15.604s][info][gc,marking  ] GC(512) Concurrent Scan Root Regions
[2026-06-17T10:06:35.954+0800][15.605s][info][gc,marking  ] GC(512) Concurrent Scan Root Regions 0.213ms
[2026-06-17T10:06:35.954+0800][15.605s][info][gc,marking  ] GC(512) Concurrent Mark
[2026-06-17T10:06:35.954+0800][15.605s][info][gc,marking  ] GC(512) Concurrent Mark From Roots
[2026-06-17T10:06:35.954+0800][15.605s][info][gc,task     ] GC(512) Using 5 workers of 5 for marking
[2026-06-17T10:06:35.955+0800][15.606s][info][gc,marking  ] GC(512) Concurrent Mark From Roots 1.236ms
[2026-06-17T10:06:35.956+0800][15.606s][info][gc,marking  ] GC(512) Concurrent Preclean
[2026-06-17T10:06:35.956+0800][15.606s][info][gc,marking  ] GC(512) Concurrent Preclean 0.098ms
[2026-06-17T10:06:35.956+0800][15.606s][info][gc,start    ] GC(512) Pause Remark
[2026-06-17T10:06:35.957+0800][15.607s][info][gc          ] GC(512) Pause Remark 45M->45M(64M) 0.736ms
[2026-06-17T10:06:35.957+0800][15.607s][info][gc,cpu      ] GC(512) User=0.00s Sys=0.00s Real=0.00s
[2026-06-17T10:06:35.957+0800][15.608s][info][gc,marking  ] GC(512) Concurrent Mark 2.771ms
[2026-06-17T10:06:35.957+0800][15.608s][info][gc,marking  ] GC(512) Concurrent Rebuild Remembered Sets and Scrub Regions
[2026-06-17T10:06:35.958+0800][15.608s][info][gc,marking  ] GC(512) Concurrent Rebuild Remembered Sets and Scrub Regions 0.462ms
[2026-06-17T10:06:35.958+0800][15.608s][info][gc,start    ] GC(512) Pause Cleanup
[2026-06-17T10:06:35.958+0800][15.608s][info][gc          ] GC(512) Pause Cleanup 45M->45M(64M) 0.096ms
[2026-06-17T10:06:35.958+0800][15.609s][info][gc,cpu      ] GC(512) User=0.00s Sys=0.00s Real=0.00s
[2026-06-17T10:06:35.958+0800][15.609s][info][gc,marking  ] GC(512) Concurrent Clear Claimed Marks
[2026-06-17T10:06:35.958+0800][15.609s][info][gc,marking  ] GC(512) Concurrent Clear Claimed Marks 0.077ms
[2026-06-17T10:06:35.958+0800][15.609s][info][gc,marking  ] GC(512) Concurrent Cleanup for Next Mark
[2026-06-17T10:06:35.959+0800][15.609s][info][gc,marking  ] GC(512) Concurrent Cleanup for Next Mark 0.205ms
[2026-06-17T10:06:35.959+0800][15.609s][info][gc          ] GC(512) Concurrent Mark Cycle 5.027ms
[2026-06-17T10:06:35.985+0800][15.636s][info][gc,start    ] GC(513) Pause Young (Prepare Mixed) (G1 Evacuation Pause)
[2026-06-17T10:06:35.986+0800][15.636s][info][gc,task     ] GC(513) Using 2 workers of 18 for evacuation
[2026-06-17T10:06:35.987+0800][15.637s][info][gc,phases   ] GC(513)   Pre Evacuate Collection Set: 0.14ms
[2026-06-17T10:06:35.987+0800][15.637s][info][gc,phases   ] GC(513)   Merge Heap Roots: 0.05ms
[2026-06-17T10:06:35.987+0800][15.638s][info][gc,phases   ] GC(513)   Evacuate Collection Set: 0.37ms
[2026-06-17T10:06:35.987+0800][15.638s][info][gc,phases   ] GC(513)   Post Evacuate Collection Set: 0.26ms
[2026-06-17T10:06:35.987+0800][15.638s][info][gc,phases   ] GC(513)   Other: 0.24ms
[2026-06-17T10:06:35.988+0800][15.638s][info][gc,heap     ] GC(513) Eden regions: 11->0(10)
[2026-06-17T10:06:35.988+0800][15.638s][info][gc,heap     ] GC(513) Survivor regions: 2->2(2)
[2026-06-17T10:06:35.988+0800][15.639s][info][gc,heap     ] GC(513) Old regions: 24->27
[2026-06-17T10:06:35.988+0800][15.639s][info][gc,heap     ] GC(513) Humongous regions: 16->16
[2026-06-17T10:06:35.989+0800][15.639s][info][gc,metaspace] GC(513) Metaspace: 116K(320K)->116K(320K) NonClass: 109K(192K)->109K(192K) Class: 7K(128K)->7K(128K)
[2026-06-17T10:06:35.989+0800][15.639s][info][gc          ] GC(513) Pause Young (Prepare Mixed) (G1 Evacuation Pause) 52M->44M(64M) 3.421ms
[2026-06-17T10:06:35.989+0800][15.639s][info][gc,cpu      ] GC(513) User=0.00s Sys=0.00s Real=0.00s
[2026-06-17T10:06:36.010+0800][15.661s][info][gc,start    ] GC(514) Pause Young (Mixed) (G1 Evacuation Pause)
[2026-06-17T10:06:36.011+0800][15.662s][info][gc,task     ] GC(514) Using 2 workers of 18 for evacuation
[2026-06-17T10:06:36.032+0800][15.682s][info][gc,phases   ] GC(514)   Pre Evacuate Collection Set: 0.15ms
[2026-06-17T10:06:36.075+0800][15.725s][info][gc,phases   ] GC(514)   Merge Heap Roots: 0.16ms
[2026-06-17T10:06:36.077+0800][15.728s][info][gc,phases   ] GC(514)   Evacuate Collection Set: 0.47ms
[2026-06-17T10:06:36.078+0800][15.728s][info][gc,phases   ] GC(514)   Post Evacuate Collection Set: 0.32ms
[2026-06-17T10:06:36.078+0800][15.728s][info][gc,phases   ] GC(514)   Other: 19.62ms
[2026-06-17T10:06:36.078+0800][15.729s][info][gc,heap     ] GC(514) Eden regions: 10->0(8)
[2026-06-17T10:06:36.079+0800][15.729s][info][gc,heap     ] GC(514) Survivor regions: 2->2(2)
[2026-06-17T10:06:36.080+0800][15.731s][info][gc,heap     ] GC(514) Old regions: 27->30
[2026-06-17T10:06:36.082+0800][15.733s][info][gc,heap     ] GC(514) Humongous regions: 16->16
[2026-06-17T10:06:36.085+0800][15.735s][info][gc,metaspace] GC(514) Metaspace: 116K(320K)->116K(320K) NonClass: 109K(192K)->109K(192K) Class: 7K(128K)->7K(128K)
[2026-06-17T10:06:36.085+0800][15.735s][info][gc          ] GC(514) Pause Young (Mixed) (G1 Evacuation Pause) 54M->47M(64M) 74.518ms
[2026-06-17T10:06:36.086+0800][15.737s][info][gc,cpu      ] GC(514) User=0.00s Sys=0.00s Real=0.08s
[2026-06-17T10:06:36.109+0800][15.760s][info][gc,start    ] GC(515) Pause Young (Concurrent Start) (G1 Evacuation Pause)
[2026-06-17T10:06:36.110+0800][15.761s][info][gc,task     ] GC(515) Using 2 workers of 18 for evacuation
[2026-06-17T10:06:36.111+0800][15.762s][info][gc,phases   ] GC(515)   Pre Evacuate Collection Set: 0.19ms
[2026-06-17T10:06:36.114+0800][15.764s][info][gc,phases   ] GC(515)   Merge Heap Roots: 0.05ms
[2026-06-17T10:06:36.114+0800][15.765s][info][gc,phases   ] GC(515)   Evacuate Collection Set: 0.35ms
[2026-06-17T10:06:36.114+0800][15.765s][info][gc,phases   ] GC(515)   Post Evacuate Collection Set: 0.16ms
[2026-06-17T10:06:36.115+0800][15.765s][info][gc,phases   ] GC(515)   Other: 0.45ms
[2026-06-17T10:06:36.118+0800][15.768s][info][gc,heap     ] GC(515) Eden regions: 8->0(6)
[2026-06-17T10:06:36.121+0800][15.772s][info][gc,heap     ] GC(515) Survivor regions: 2->2(2)
[2026-06-17T10:06:36.123+0800][15.774s][info][gc,heap     ] GC(515) Old regions: 30->32
[2026-06-17T10:06:36.125+0800][15.776s][info][gc,heap     ] GC(515) Humongous regions: 16->16
[2026-06-17T10:06:36.132+0800][15.782s][info][gc,metaspace] GC(515) Metaspace: 116K(320K)->116K(320K) NonClass: 109K(192K)->109K(192K) Class: 7K(128K)->7K(128K)
[2026-06-17T10:06:36.133+0800][15.783s][info][gc          ] GC(515) Pause Young (Concurrent Start) (G1 Evacuation Pause) 55M->49M(64M) 23.541ms
[2026-06-17T10:06:36.133+0800][15.784s][info][gc,cpu      ] GC(515) User=0.00s Sys=0.00s Real=0.03s
[2026-06-17T10:06:36.133+0800][15.784s][info][gc          ] GC(516) Concurrent Mark Cycle
[2026-06-17T10:06:36.144+0800][15.795s][info][gc,marking  ] GC(516) Concurrent Scan Root Regions
[2026-06-17T10:06:36.148+0800][15.799s][info][gc,marking  ] GC(516) Concurrent Scan Root Regions 3.825ms
[2026-06-17T10:06:36.150+0800][15.801s][info][gc,marking  ] GC(516) Concurrent Mark
[2026-06-17T10:06:36.151+0800][15.801s][info][gc,marking  ] GC(516) Concurrent Mark From Roots
[2026-06-17T10:06:36.151+0800][15.802s][info][gc,task     ] GC(516) Using 5 workers of 5 for marking
[2026-06-17T10:06:36.154+0800][15.805s][info][gc,marking  ] GC(516) Concurrent Mark From Roots 3.502ms
[2026-06-17T10:06:36.157+0800][15.807s][info][gc,marking  ] GC(516) Concurrent Preclean
[2026-06-17T10:06:36.157+0800][15.808s][info][gc,marking  ] GC(516) Concurrent Preclean 0.659ms
[2026-06-17T10:06:36.159+0800][15.809s][info][gc,start    ] GC(516) Pause Remark
[2026-06-17T10:06:36.161+0800][15.811s][info][gc          ] GC(516) Pause Remark 57M->50M(64M) 2.073ms
[2026-06-17T10:06:36.163+0800][15.813s][info][gc,cpu      ] GC(516) User=0.00s Sys=0.00s Real=0.01s
[2026-06-17T10:06:36.163+0800][15.814s][info][gc,marking  ] GC(516) Concurrent Mark 13.291ms
[2026-06-17T10:06:36.165+0800][15.816s][info][gc,marking  ] GC(516) Concurrent Rebuild Remembered Sets and Scrub Regions
[2026-06-17T10:06:36.164+0800][15.814s][info][gc,start    ] GC(517) Pause Young (Normal) (G1 Evacuation Pause)
[2026-06-17T10:06:36.168+0800][15.819s][info][gc,task     ] GC(517) Using 2 workers of 18 for evacuation
[2026-06-17T10:06:36.171+0800][15.821s][info][gc,phases   ] GC(517)   Pre Evacuate Collection Set: 0.22ms
[2026-06-17T10:06:36.171+0800][15.821s][info][gc,phases   ] GC(517)   Merge Heap Roots: 0.17ms
[2026-06-17T10:06:36.171+0800][15.822s][info][gc,phases   ] GC(517)   Evacuate Collection Set: 0.53ms
[2026-06-17T10:06:36.171+0800][15.822s][info][gc,phases   ] GC(517)   Post Evacuate Collection Set: 0.30ms
[2026-06-17T10:06:36.172+0800][15.822s][info][gc,phases   ] GC(517)   Other: 1.32ms
[2026-06-17T10:06:36.172+0800][15.822s][info][gc,heap     ] GC(517) Eden regions: 6->0(9)
[2026-06-17T10:06:36.172+0800][15.823s][info][gc,heap     ] GC(517) Survivor regions: 2->1(1)
[2026-06-17T10:06:36.172+0800][15.823s][info][gc,heap     ] GC(517) Old regions: 25->27
[2026-06-17T10:06:36.172+0800][15.823s][info][gc,heap     ] GC(517) Humongous regions: 18->18
[2026-06-17T10:06:36.172+0800][15.823s][info][gc,metaspace] GC(517) Metaspace: 116K(320K)->116K(320K) NonClass: 109K(192K)->109K(192K) Class: 7K(128K)->7K(128K)
[2026-06-17T10:06:36.173+0800][15.823s][info][gc          ] GC(517) Pause Young (Normal) (G1 Evacuation Pause) 50M->45M(64M) 8.960ms
[2026-06-17T10:06:36.173+0800][15.823s][info][gc,cpu      ] GC(517) User=0.00s Sys=0.01s Real=0.01s
[2026-06-17T10:06:36.173+0800][15.824s][info][gc,marking  ] GC(516) Concurrent Rebuild Remembered Sets and Scrub Regions 7.946ms
[2026-06-17T10:06:36.173+0800][15.824s][info][gc,start    ] GC(516) Pause Cleanup
[2026-06-17T10:06:36.174+0800][15.824s][info][gc          ] GC(516) Pause Cleanup 49M->49M(64M) 0.186ms
[2026-06-17T10:06:36.174+0800][15.824s][info][gc,cpu      ] GC(516) User=0.00s Sys=0.00s Real=0.00s
[2026-06-17T10:06:36.174+0800][15.824s][info][gc,marking  ] GC(516) Concurrent Clear Claimed Marks
[2026-06-17T10:06:36.174+0800][15.824s][info][gc,marking  ] GC(516) Concurrent Clear Claimed Marks 0.077ms
[2026-06-17T10:06:36.174+0800][15.824s][info][gc,marking  ] GC(516) Concurrent Cleanup for Next Mark
[2026-06-17T10:06:36.174+0800][15.825s][info][gc,marking  ] GC(516) Concurrent Cleanup for Next Mark 0.164ms
[2026-06-17T10:06:36.174+0800][15.825s][info][gc          ] GC(516) Concurrent Mark Cycle 40.990ms
[2026-06-17T10:06:36.194+0800][15.845s][info][gc,start    ] GC(518) Pause Young (Prepare Mixed) (G1 Evacuation Pause)
[2026-06-17T10:06:36.195+0800][15.845s][info][gc,task     ] GC(518) Using 2 workers of 18 for evacuation
[2026-06-17T10:06:36.197+0800][15.848s][info][gc,phases   ] GC(518)   Pre Evacuate Collection Set: 0.10ms
[2026-06-17T10:06:36.199+0800][15.849s][info][gc,phases   ] GC(518)   Merge Heap Roots: 0.04ms
[2026-06-17T10:06:36.201+0800][15.851s][info][gc,phases   ] GC(518)   Evacuate Collection Set: 0.23ms
[2026-06-17T10:06:36.201+0800][15.852s][info][gc,phases   ] GC(518)   Post Evacuate Collection Set: 0.13ms
[2026-06-17T10:06:36.203+0800][15.853s][info][gc,phases   ] GC(518)   Other: 1.65ms
[2026-06-17T10:06:36.205+0800][15.855s][info][gc,heap     ] GC(518) Eden regions: 9->0(8)
[2026-06-17T10:06:36.206+0800][15.856s][info][gc,heap     ] GC(518) Survivor regions: 1->2(2)
[2026-06-17T10:06:36.207+0800][15.858s][info][gc,heap     ] GC(518) Old regions: 27->28
[2026-06-17T10:06:36.210+0800][15.860s][info][gc,heap     ] GC(518) Humongous regions: 18->18
[2026-06-17T10:06:36.212+0800][15.863s][info][gc,metaspace] GC(518) Metaspace: 116K(320K)->116K(320K) NonClass: 109K(192K)->109K(192K) Class: 7K(128K)->7K(128K)
[2026-06-17T10:06:36.213+0800][15.864s][info][gc          ] GC(518) Pause Young (Prepare Mixed) (G1 Evacuation Pause) 54M->47M(64M) 19.473ms
[2026-06-17T10:06:36.216+0800][15.866s][info][gc,cpu      ] GC(518) User=0.01s Sys=0.00s Real=0.02s
[2026-06-17T10:06:36.240+0800][15.891s][info][gc,start    ] GC(519) Pause Young (Mixed) (G1 Evacuation Pause)
[2026-06-17T10:06:36.242+0800][15.893s][info][gc,task     ] GC(519) Using 2 workers of 18 for evacuation
[2026-06-17T10:06:36.244+0800][15.895s][info][gc,phases   ] GC(519)   Pre Evacuate Collection Set: 0.10ms
[2026-06-17T10:06:36.246+0800][15.896s][info][gc,phases   ] GC(519)   Merge Heap Roots: 0.04ms
[2026-06-17T10:06:36.248+0800][15.899s][info][gc,phases   ] GC(519)   Evacuate Collection Set: 0.46ms
[2026-06-17T10:06:36.252+0800][15.902s][info][gc,phases   ] GC(519)   Post Evacuate Collection Set: 0.15ms
[2026-06-17T10:06:36.254+0800][15.904s][info][gc,phases   ] GC(519)   Other: 1.53ms
[2026-06-17T10:06:36.254+0800][15.905s][info][gc,heap     ] GC(519) Eden regions: 8->0(9)
[2026-06-17T10:06:36.257+0800][15.907s][info][gc,heap     ] GC(519) Survivor regions: 2->2(2)
[2026-06-17T10:06:36.259+0800][15.909s][info][gc,heap     ] GC(519) Old regions: 28->25
[2026-06-17T10:06:36.260+0800][15.911s][info][gc,heap     ] GC(519) Humongous regions: 18->18
[2026-06-17T10:06:36.263+0800][15.913s][info][gc,metaspace] GC(519) Metaspace: 116K(320K)->116K(320K) NonClass: 109K(192K)->109K(192K) Class: 7K(128K)->7K(128K)
[2026-06-17T10:06:36.263+0800][15.913s][info][gc          ] GC(519) Pause Young (Mixed) (G1 Evacuation Pause) 55M->44M(64M) 22.964ms
[2026-06-17T10:06:36.263+0800][15.914s][info][gc,cpu      ] GC(519) User=0.00s Sys=0.00s Real=0.03s
[2026-06-17T10:06:36.285+0800][15.935s][info][gc,start    ] GC(520) Pause Young (Mixed) (G1 Evacuation Pause)
[2026-06-17T10:06:36.285+0800][15.936s][info][gc,task     ] GC(520) Using 2 workers of 18 for evacuation
[2026-06-17T10:06:36.286+0800][15.937s][info][gc,phases   ] GC(520)   Pre Evacuate Collection Set: 0.14ms
[2026-06-17T10:06:36.286+0800][15.937s][info][gc,phases   ] GC(520)   Merge Heap Roots: 0.07ms
[2026-06-17T10:06:36.287+0800][15.937s][info][gc,phases   ] GC(520)   Evacuate Collection Set: 0.46ms
[2026-06-17T10:06:36.287+0800][15.937s][info][gc,phases   ] GC(520)   Post Evacuate Collection Set: 0.18ms
[2026-06-17T10:06:36.287+0800][15.937s][info][gc,phases   ] GC(520)   Other: 0.35ms
[2026-06-17T10:06:36.287+0800][15.937s][info][gc,heap     ] GC(520) Eden regions: 9->0(9)
[2026-06-17T10:06:36.287+0800][15.938s][info][gc,heap     ] GC(520) Survivor regions: 2->2(2)
[2026-06-17T10:06:36.287+0800][15.938s][info][gc,heap     ] GC(520) Old regions: 25->26
[2026-06-17T10:06:36.287+0800][15.938s][info][gc,heap     ] GC(520) Humongous regions: 18->18
[2026-06-17T10:06:36.287+0800][15.938s][info][gc,metaspace] GC(520) Metaspace: 116K(320K)->116K(320K) NonClass: 109K(192K)->109K(192K) Class: 7K(128K)->7K(128K)
[2026-06-17T10:06:36.287+0800][15.938s][info][gc          ] GC(520) Pause Young (Mixed) (G1 Evacuation Pause) 53M->45M(64M) 2.721ms
[2026-06-17T10:06:36.287+0800][15.938s][info][gc,cpu      ] GC(520) User=0.00s Sys=0.00s Real=0.00s
[2026-06-17T10:06:36.309+0800][15.959s][info][gc,start    ] GC(521) Pause Young (Concurrent Start) (G1 Evacuation Pause)
[2026-06-17T10:06:36.309+0800][15.960s][info][gc,task     ] GC(521) Using 2 workers of 18 for evacuation
[2026-06-17T10:06:36.310+0800][15.961s][info][gc,phases   ] GC(521)   Pre Evacuate Collection Set: 0.22ms
[2026-06-17T10:06:36.311+0800][15.961s][info][gc,phases   ] GC(521)   Merge Heap Roots: 0.05ms
[2026-06-17T10:06:36.311+0800][15.961s][info][gc,phases   ] GC(521)   Evacuate Collection Set: 0.44ms
[2026-06-17T10:06:36.311+0800][15.962s][info][gc,phases   ] GC(521)   Post Evacuate Collection Set: 0.21ms
[2026-06-17T10:06:36.311+0800][15.962s][info][gc,phases   ] GC(521)   Other: 0.29ms
[2026-06-17T10:06:36.312+0800][15.962s][info][gc,heap     ] GC(521) Eden regions: 9->0(6)
[2026-06-17T10:06:36.312+0800][15.962s][info][gc,heap     ] GC(521) Survivor regions: 2->2(2)
[2026-06-17T10:06:36.312+0800][15.962s][info][gc,heap     ] GC(521) Old regions: 26->30
[2026-06-17T10:06:36.312+0800][15.962s][info][gc,heap     ] GC(521) Humongous regions: 18->18
[2026-06-17T10:06:36.312+0800][15.962s][info][gc,metaspace] GC(521) Metaspace: 116K(320K)->116K(320K) NonClass: 109K(192K)->109K(192K) Class: 7K(128K)->7K(128K)
[2026-06-17T10:06:36.312+0800][15.963s][info][gc          ] GC(521) Pause Young (Concurrent Start) (G1 Evacuation Pause) 54M->49M(64M) 3.524ms
[2026-06-17T10:06:36.312+0800][15.963s][info][gc,cpu      ] GC(521) User=0.00s Sys=0.00s Real=0.01s
[2026-06-17T10:06:36.312+0800][15.963s][info][gc          ] GC(522) Concurrent Mark Cycle
[2026-06-17T10:06:36.312+0800][15.963s][info][gc,marking  ] GC(522) Concurrent Scan Root Regions
[2026-06-17T10:06:36.313+0800][15.963s][info][gc,marking  ] GC(522) Concurrent Scan Root Regions 0.180ms
[2026-06-17T10:06:36.313+0800][15.963s][info][gc,marking  ] GC(522) Concurrent Mark
[2026-06-17T10:06:36.313+0800][15.963s][info][gc,marking  ] GC(522) Concurrent Mark From Roots
[2026-06-17T10:06:36.313+0800][15.963s][info][gc,task     ] GC(522) Using 5 workers of 5 for marking
[2026-06-17T10:06:36.314+0800][15.964s][info][gc,marking  ] GC(522) Concurrent Mark From Roots 1.192ms
[2026-06-17T10:06:36.315+0800][15.965s][info][gc,marking  ] GC(522) Concurrent Preclean
[2026-06-17T10:06:36.315+0800][15.965s][info][gc,marking  ] GC(522) Concurrent Preclean 0.177ms
[2026-06-17T10:06:36.315+0800][15.965s][info][gc,start    ] GC(522) Pause Remark
[2026-06-17T10:06:36.315+0800][15.966s][info][gc          ] GC(522) Pause Remark 49M->44M(64M) 0.550ms
[2026-06-17T10:06:36.316+0800][15.966s][info][gc,cpu      ] GC(522) User=0.00s Sys=0.00s Real=0.00s
[2026-06-17T10:06:36.316+0800][15.966s][info][gc,marking  ] GC(522) Concurrent Mark 3.154ms
[2026-06-17T10:06:36.316+0800][15.966s][info][gc,marking  ] GC(522) Concurrent Rebuild Remembered Sets and Scrub Regions
[2026-06-17T10:06:36.316+0800][15.967s][info][gc,marking  ] GC(522) Concurrent Rebuild Remembered Sets and Scrub Regions 0.489ms
[2026-06-17T10:06:36.316+0800][15.967s][info][gc,start    ] GC(522) Pause Cleanup
[2026-06-17T10:06:36.317+0800][15.967s][info][gc          ] GC(522) Pause Cleanup 44M->44M(64M) 0.129ms
[2026-06-17T10:06:36.317+0800][15.967s][info][gc,cpu      ] GC(522) User=0.00s Sys=0.00s Real=0.00s
[2026-06-17T10:06:36.317+0800][15.967s][info][gc,marking  ] GC(522) Concurrent Clear Claimed Marks
[2026-06-17T10:06:36.317+0800][15.968s][info][gc,marking  ] GC(522) Concurrent Clear Claimed Marks 0.125ms
[2026-06-17T10:06:36.317+0800][15.968s][info][gc,marking  ] GC(522) Concurrent Cleanup for Next Mark
[2026-06-17T10:06:36.317+0800][15.968s][info][gc,marking  ] GC(522) Concurrent Cleanup for Next Mark 0.309ms
[2026-06-17T10:06:36.318+0800][15.968s][info][gc          ] GC(522) Concurrent Mark Cycle 5.439ms
[2026-06-17T10:06:36.323+0800][15.973s][info][gc,start    ] GC(523) Pause Young (Prepare Mixed) (G1 Evacuation Pause)
[2026-06-17T10:06:36.323+0800][15.974s][info][gc,task     ] GC(523) Using 2 workers of 18 for evacuation
[2026-06-17T10:06:36.324+0800][15.975s][info][gc,phases   ] GC(523)   Pre Evacuate Collection Set: 0.12ms
[2026-06-17T10:06:36.324+0800][15.975s][info][gc,phases   ] GC(523)   Merge Heap Roots: 0.05ms
[2026-06-17T10:06:36.324+0800][15.975s][info][gc,phases   ] GC(523)   Evacuate Collection Set: 0.29ms
[2026-06-17T10:06:36.324+0800][15.975s][info][gc,phases   ] GC(523)   Post Evacuate Collection Set: 0.18ms
[2026-06-17T10:06:36.324+0800][15.975s][info][gc,phases   ] GC(523)   Other: 0.18ms
[2026-06-17T10:06:36.325+0800][15.975s][info][gc,heap     ] GC(523) Eden regions: 6->0(9)
[2026-06-17T10:06:36.325+0800][15.975s][info][gc,heap     ] GC(523) Survivor regions: 2->1(1)
[2026-06-17T10:06:36.325+0800][15.975s][info][gc,heap     ] GC(523) Old regions: 25->26
[2026-06-17T10:06:36.325+0800][15.976s][info][gc,heap     ] GC(523) Humongous regions: 18->18
[2026-06-17T10:06:36.325+0800][15.976s][info][gc,metaspace] GC(523) Metaspace: 116K(320K)->116K(320K) NonClass: 109K(192K)->109K(192K) Class: 7K(128K)->7K(128K)
[2026-06-17T10:06:36.325+0800][15.976s][info][gc          ] GC(523) Pause Young (Prepare Mixed) (G1 Evacuation Pause) 49M->44M(64M) 2.299ms
[2026-06-17T10:06:36.325+0800][15.976s][info][gc,cpu      ] GC(523) User=0.01s Sys=0.00s Real=0.00s
[2026-06-17T10:06:36.357+0800][16.007s][info][gc,start    ] GC(524) Pause Young (Mixed) (G1 Evacuation Pause)
[2026-06-17T10:06:36.357+0800][16.008s][info][gc,task     ] GC(524) Using 2 workers of 18 for evacuation
[2026-06-17T10:06:36.358+0800][16.009s][info][gc,phases   ] GC(524)   Pre Evacuate Collection Set: 0.13ms
[2026-06-17T10:06:36.358+0800][16.009s][info][gc,phases   ] GC(524)   Merge Heap Roots: 0.06ms
[2026-06-17T10:06:36.358+0800][16.009s][info][gc,phases   ] GC(524)   Evacuate Collection Set: 0.35ms
[2026-06-17T10:06:36.358+0800][16.009s][info][gc,phases   ] GC(524)   Post Evacuate Collection Set: 0.20ms
[2026-06-17T10:06:36.359+0800][16.009s][info][gc,phases   ] GC(524)   Other: 0.31ms
[2026-06-17T10:06:36.359+0800][16.009s][info][gc,heap     ] GC(524) Eden regions: 9->0(12)
[2026-06-17T10:06:36.359+0800][16.009s][info][gc,heap     ] GC(524) Survivor regions: 1->2(2)
[2026-06-17T10:06:36.359+0800][16.009s][info][gc,heap     ] GC(524) Old regions: 26->22
[2026-06-17T10:06:36.359+0800][16.009s][info][gc,heap     ] GC(524) Humongous regions: 18->18
[2026-06-17T10:06:36.359+0800][16.010s][info][gc,metaspace] GC(524) Metaspace: 116K(320K)->116K(320K) NonClass: 109K(192K)->109K(192K) Class: 7K(128K)->7K(128K)
[2026-06-17T10:06:36.359+0800][16.010s][info][gc          ] GC(524) Pause Young (Mixed) (G1 Evacuation Pause) 53M->41M(64M) 2.647ms
[2026-06-17T10:06:36.359+0800][16.010s][info][gc,cpu      ] GC(524) User=0.00s Sys=0.00s Real=0.00s
[2026-06-17T10:06:36.391+0800][16.041s][info][gc,start    ] GC(525) Pause Young (Mixed) (G1 Evacuation Pause)
[2026-06-17T10:06:36.391+0800][16.042s][info][gc,task     ] GC(525) Using 2 workers of 18 for evacuation
[2026-06-17T10:06:36.392+0800][16.043s][info][gc,phases   ] GC(525)   Pre Evacuate Collection Set: 0.13ms
[2026-06-17T10:06:36.393+0800][16.044s][info][gc,phases   ] GC(525)   Merge Heap Roots: 0.06ms
[2026-06-17T10:06:36.393+0800][16.044s][info][gc,phases   ] GC(525)   Evacuate Collection Set: 0.42ms
[2026-06-17T10:06:36.394+0800][16.044s][info][gc,phases   ] GC(525)   Post Evacuate Collection Set: 0.17ms
[2026-06-17T10:06:36.394+0800][16.045s][info][gc,phases   ] GC(525)   Other: 0.38ms
[2026-06-17T10:06:36.394+0800][16.045s][info][gc,heap     ] GC(525) Eden regions: 12->0(10)
[2026-06-17T10:06:36.394+0800][16.045s][info][gc,heap     ] GC(525) Survivor regions: 2->2(2)
[2026-06-17T10:06:36.395+0800][16.045s][info][gc,heap     ] GC(525) Old regions: 22->24
[2026-06-17T10:06:36.395+0800][16.045s][info][gc,heap     ] GC(525) Humongous regions: 18->18
[2026-06-17T10:06:36.395+0800][16.046s][info][gc,metaspace] GC(525) Metaspace: 116K(320K)->116K(320K) NonClass: 109K(192K)->109K(192K) Class: 7K(128K)->7K(128K)
[2026-06-17T10:06:36.395+0800][16.046s][info][gc          ] GC(525) Pause Young (Mixed) (G1 Evacuation Pause) 53M->43M(64M) 4.613ms
[2026-06-17T10:06:36.395+0800][16.046s][info][gc,cpu      ] GC(525) User=0.00s Sys=0.00s Real=0.00s
[2026-06-17T10:06:36.406+0800][16.057s][info][gc,start    ] GC(526) Pause Young (Concurrent Start) (G1 Humongous Allocation)
[2026-06-17T10:06:36.407+0800][16.057s][info][gc,task     ] GC(526) Using 2 workers of 18 for evacuation
[2026-06-17T10:06:36.408+0800][16.058s][info][gc,phases   ] GC(526)   Pre Evacuate Collection Set: 0.22ms
[2026-06-17T10:06:36.408+0800][16.059s][info][gc,phases   ] GC(526)   Merge Heap Roots: 0.05ms
[2026-06-17T10:06:36.408+0800][16.059s][info][gc,phases   ] GC(526)   Evacuate Collection Set: 0.28ms
[2026-06-17T10:06:36.408+0800][16.059s][info][gc,phases   ] GC(526)   Post Evacuate Collection Set: 0.15ms
[2026-06-17T10:06:36.409+0800][16.059s][info][gc,phases   ] GC(526)   Other: 0.34ms
[2026-06-17T10:06:36.409+0800][16.059s][info][gc,heap     ] GC(526) Eden regions: 9->0(9)
[2026-06-17T10:06:36.409+0800][16.059s][info][gc,heap     ] GC(526) Survivor regions: 2->2(2)
[2026-06-17T10:06:36.409+0800][16.060s][info][gc,heap     ] GC(526) Old regions: 24->26
[2026-06-17T10:06:36.409+0800][16.060s][info][gc,heap     ] GC(526) Humongous regions: 18->18
[2026-06-17T10:06:36.409+0800][16.060s][info][gc,metaspace] GC(526) Metaspace: 116K(320K)->116K(320K) NonClass: 109K(192K)->109K(192K) Class: 7K(128K)->7K(128K)
[2026-06-17T10:06:36.410+0800][16.060s][info][gc          ] GC(526) Pause Young (Concurrent Start) (G1 Humongous Allocation) 51M->45M(64M) 3.122ms
[2026-06-17T10:06:36.410+0800][16.060s][info][gc,cpu      ] GC(526) User=0.00s Sys=0.00s Real=0.00s
[2026-06-17T10:06:36.410+0800][16.060s][info][gc          ] GC(527) Concurrent Mark Cycle
[2026-06-17T10:06:36.410+0800][16.061s][info][gc,marking  ] GC(527) Concurrent Scan Root Regions
[2026-06-17T10:06:36.410+0800][16.061s][info][gc,marking  ] GC(527) Concurrent Scan Root Regions 0.174ms
[2026-06-17T10:06:36.410+0800][16.061s][info][gc,marking  ] GC(527) Concurrent Mark
[2026-06-17T10:06:36.411+0800][16.061s][info][gc,marking  ] GC(527) Concurrent Mark From Roots
[2026-06-17T10:06:36.411+0800][16.062s][info][gc,task     ] GC(527) Using 5 workers of 5 for marking
[2026-06-17T10:06:36.413+0800][16.063s][info][gc,marking  ] GC(527) Concurrent Mark From Roots 1.692ms
[2026-06-17T10:06:36.413+0800][16.063s][info][gc,marking  ] GC(527) Concurrent Preclean
[2026-06-17T10:06:36.413+0800][16.063s][info][gc,marking  ] GC(527) Concurrent Preclean 0.117ms
[2026-06-17T10:06:36.413+0800][16.064s][info][gc,start    ] GC(527) Pause Remark
[2026-06-17T10:06:36.413+0800][16.064s][info][gc          ] GC(527) Pause Remark 47M->46M(64M) 0.421ms
[2026-06-17T10:06:36.414+0800][16.064s][info][gc,cpu      ] GC(527) User=0.00s Sys=0.00s Real=0.00s
[2026-06-17T10:06:36.414+0800][16.064s][info][gc,marking  ] GC(527) Concurrent Mark 3.518ms
[2026-06-17T10:06:36.414+0800][16.064s][info][gc,marking  ] GC(527) Concurrent Rebuild Remembered Sets and Scrub Regions
[2026-06-17T10:06:36.414+0800][16.065s][info][gc,marking  ] GC(527) Concurrent Rebuild Remembered Sets and Scrub Regions 0.501ms
[2026-06-17T10:06:36.415+0800][16.065s][info][gc,start    ] GC(527) Pause Cleanup
[2026-06-17T10:06:36.415+0800][16.065s][info][gc          ] GC(527) Pause Cleanup 46M->46M(64M) 0.097ms
[2026-06-17T10:06:36.415+0800][16.065s][info][gc,cpu      ] GC(527) User=0.00s Sys=0.00s Real=0.00s
[2026-06-17T10:06:36.415+0800][16.065s][info][gc,marking  ] GC(527) Concurrent Clear Claimed Marks
[2026-06-17T10:06:36.415+0800][16.065s][info][gc,marking  ] GC(527) Concurrent Clear Claimed Marks 0.075ms
[2026-06-17T10:06:36.415+0800][16.065s][info][gc,marking  ] GC(527) Concurrent Cleanup for Next Mark
[2026-06-17T10:06:36.415+0800][16.066s][info][gc,marking  ] GC(527) Concurrent Cleanup for Next Mark 0.160ms
[2026-06-17T10:06:36.415+0800][16.066s][info][gc          ] GC(527) Concurrent Mark Cycle 5.446ms
[2026-06-17T10:06:36.441+0800][16.092s][info][gc,start    ] GC(528) Pause Young (Prepare Mixed) (G1 Evacuation Pause)
[2026-06-17T10:06:36.441+0800][16.092s][info][gc,task     ] GC(528) Using 2 workers of 18 for evacuation
[2026-06-17T10:06:36.443+0800][16.093s][info][gc,phases   ] GC(528)   Pre Evacuate Collection Set: 0.18ms
[2026-06-17T10:06:36.443+0800][16.093s][info][gc,phases   ] GC(528)   Merge Heap Roots: 0.05ms
[2026-06-17T10:06:36.443+0800][16.094s][info][gc,phases   ] GC(528)   Evacuate Collection Set: 0.27ms
[2026-06-17T10:06:36.443+0800][16.094s][info][gc,phases   ] GC(528)   Post Evacuate Collection Set: 0.17ms
[2026-06-17T10:06:36.443+0800][16.094s][info][gc,phases   ] GC(528)   Other: 0.39ms
[2026-06-17T10:06:36.444+0800][16.094s][info][gc,heap     ] GC(528) Eden regions: 9->0(14)
[2026-06-17T10:06:36.444+0800][16.094s][info][gc,heap     ] GC(528) Survivor regions: 2->2(2)
[2026-06-17T10:06:36.444+0800][16.095s][info][gc,heap     ] GC(528) Old regions: 25->27
[2026-06-17T10:06:36.444+0800][16.095s][info][gc,heap     ] GC(528) Humongous regions: 20->11
[2026-06-17T10:06:36.444+0800][16.095s][info][gc,metaspace] GC(528) Metaspace: 116K(320K)->116K(320K) NonClass: 109K(192K)->109K(192K) Class: 7K(128K)->7K(128K)
[2026-06-17T10:06:36.445+0800][16.095s][info][gc          ] GC(528) Pause Young (Prepare Mixed) (G1 Evacuation Pause) 55M->39M(64M) 3.502ms
[2026-06-17T10:06:36.445+0800][16.095s][info][gc,cpu      ] GC(528) User=0.00s Sys=0.00s Real=0.01s
[2026-06-17T10:06:36.477+0800][16.127s][info][gc,start    ] GC(529) Pause Young (Mixed) (G1 Evacuation Pause)
[2026-06-17T10:06:36.477+0800][16.128s][info][gc,task     ] GC(529) Using 2 workers of 18 for evacuation
[2026-06-17T10:06:36.479+0800][16.129s][info][gc,phases   ] GC(529)   Pre Evacuate Collection Set: 0.13ms
[2026-06-17T10:06:36.479+0800][16.129s][info][gc,phases   ] GC(529)   Merge Heap Roots: 0.05ms
[2026-06-17T10:06:36.479+0800][16.130s][info][gc,phases   ] GC(529)   Evacuate Collection Set: 0.67ms
[2026-06-17T10:06:36.479+0800][16.130s][info][gc,phases   ] GC(529)   Post Evacuate Collection Set: 0.28ms
[2026-06-17T10:06:36.480+0800][16.130s][info][gc,phases   ] GC(529)   Other: 0.30ms
[2026-06-17T10:06:36.480+0800][16.130s][info][gc,heap     ] GC(529) Eden regions: 14->0(12)
[2026-06-17T10:06:36.480+0800][16.130s][info][gc,heap     ] GC(529) Survivor regions: 2->2(2)
[2026-06-17T10:06:36.480+0800][16.131s][info][gc,heap     ] GC(529) Old regions: 27->28
[2026-06-17T10:06:36.480+0800][16.131s][info][gc,heap     ] GC(529) Humongous regions: 11->11
[2026-06-17T10:06:36.480+0800][16.131s][info][gc,metaspace] GC(529) Metaspace: 116K(320K)->116K(320K) NonClass: 109K(192K)->109K(192K) Class: 7K(128K)->7K(128K)
[2026-06-17T10:06:36.481+0800][16.131s][info][gc          ] GC(529) Pause Young (Mixed) (G1 Evacuation Pause) 53M->40M(64M) 3.993ms
[2026-06-17T10:06:36.481+0800][16.131s][info][gc,cpu      ] GC(529) User=0.00s Sys=0.00s Real=0.00s
[2026-06-17T10:06:36.512+0800][16.163s][info][gc,start    ] GC(530) Pause Young (Concurrent Start) (G1 Evacuation Pause)
[2026-06-17T10:06:36.513+0800][16.163s][info][gc,task     ] GC(530) Using 2 workers of 18 for evacuation
[2026-06-17T10:06:36.515+0800][16.165s][info][gc,phases   ] GC(530)   Pre Evacuate Collection Set: 0.28ms
[2026-06-17T10:06:36.515+0800][16.165s][info][gc,phases   ] GC(530)   Merge Heap Roots: 0.12ms
[2026-06-17T10:06:36.515+0800][16.166s][info][gc,phases   ] GC(530)   Evacuate Collection Set: 0.51ms
[2026-06-17T10:06:36.515+0800][16.166s][info][gc,phases   ] GC(530)   Post Evacuate Collection Set: 0.41ms
[2026-06-17T10:06:36.515+0800][16.166s][info][gc,phases   ] GC(530)   Other: 0.38ms
[2026-06-17T10:06:36.516+0800][16.166s][info][gc,heap     ] GC(530) Eden regions: 12->0(9)
[2026-06-17T10:06:36.516+0800][16.166s][info][gc,heap     ] GC(530) Survivor regions: 2->2(2)
[2026-06-17T10:06:36.516+0800][16.166s][info][gc,heap     ] GC(530) Old regions: 28->32
[2026-06-17T10:06:36.516+0800][16.167s][info][gc,heap     ] GC(530) Humongous regions: 11->11
[2026-06-17T10:06:36.516+0800][16.167s][info][gc,metaspace] GC(530) Metaspace: 116K(320K)->116K(320K) NonClass: 109K(192K)->109K(192K) Class: 7K(128K)->7K(128K)
[2026-06-17T10:06:36.516+0800][16.167s][info][gc          ] GC(530) Pause Young (Concurrent Start) (G1 Evacuation Pause) 52M->44M(64M) 4.132ms
[2026-06-17T10:06:36.517+0800][16.167s][info][gc,cpu      ] GC(530) User=0.00s Sys=0.00s Real=0.00s
[2026-06-17T10:06:36.517+0800][16.167s][info][gc          ] GC(531) Concurrent Mark Cycle
[2026-06-17T10:06:36.517+0800][16.168s][info][gc,marking  ] GC(531) Concurrent Scan Root Regions
[2026-06-17T10:06:36.517+0800][16.168s][info][gc,marking  ] GC(531) Concurrent Scan Root Regions 0.199ms
[2026-06-17T10:06:36.517+0800][16.168s][info][gc,marking  ] GC(531) Concurrent Mark
[2026-06-17T10:06:36.517+0800][16.168s][info][gc,marking  ] GC(531) Concurrent Mark From Roots
[2026-06-17T10:06:36.517+0800][16.168s][info][gc,task     ] GC(531) Using 5 workers of 5 for marking
[2026-06-17T10:06:36.519+0800][16.169s][info][gc,marking  ] GC(531) Concurrent Mark From Roots 1.169ms
[2026-06-17T10:06:36.519+0800][16.169s][info][gc,marking  ] GC(531) Concurrent Preclean
[2026-06-17T10:06:36.519+0800][16.169s][info][gc,marking  ] GC(531) Concurrent Preclean 0.126ms
[2026-06-17T10:06:36.519+0800][16.169s][info][gc,start    ] GC(531) Pause Remark
[2026-06-17T10:06:36.519+0800][16.170s][info][gc          ] GC(531) Pause Remark 46M->39M(64M) 0.399ms
[2026-06-17T10:06:36.519+0800][16.170s][info][gc,cpu      ] GC(531) User=0.00s Sys=0.00s Real=0.00s
[2026-06-17T10:06:36.520+0800][16.170s][info][gc,marking  ] GC(531) Concurrent Mark 2.292ms
[2026-06-17T10:06:36.520+0800][16.171s][info][gc,marking  ] GC(531) Concurrent Rebuild Remembered Sets and Scrub Regions
[2026-06-17T10:06:36.521+0800][16.171s][info][gc,marking  ] GC(531) Concurrent Rebuild Remembered Sets and Scrub Regions 0.590ms
[2026-06-17T10:06:36.521+0800][16.171s][info][gc,start    ] GC(531) Pause Cleanup
[2026-06-17T10:06:36.521+0800][16.172s][info][gc          ] GC(531) Pause Cleanup 39M->39M(64M) 0.107ms
[2026-06-17T10:06:36.521+0800][16.172s][info][gc,cpu      ] GC(531) User=0.00s Sys=0.00s Real=0.00s
[2026-06-17T10:06:36.521+0800][16.172s][info][gc,marking  ] GC(531) Concurrent Clear Claimed Marks
[2026-06-17T10:06:36.521+0800][16.172s][info][gc,marking  ] GC(531) Concurrent Clear Claimed Marks 0.069ms
[2026-06-17T10:06:36.521+0800][16.172s][info][gc,marking  ] GC(531) Concurrent Cleanup for Next Mark
[2026-06-17T10:06:36.522+0800][16.172s][info][gc,marking  ] GC(531) Concurrent Cleanup for Next Mark 0.228ms
[2026-06-17T10:06:36.522+0800][16.172s][info][gc          ] GC(531) Concurrent Mark Cycle 5.100ms
[2026-06-17T10:06:36.538+0800][16.188s][info][gc,start    ] GC(532) Pause Young (Prepare Mixed) (G1 Evacuation Pause)
[2026-06-17T10:06:36.538+0800][16.189s][info][gc,task     ] GC(532) Using 2 workers of 18 for evacuation
[2026-06-17T10:06:36.539+0800][16.190s][info][gc,phases   ] GC(532)   Pre Evacuate Collection Set: 0.12ms
[2026-06-17T10:06:36.540+0800][16.190s][info][gc,phases   ] GC(532)   Merge Heap Roots: 0.10ms
[2026-06-17T10:06:36.540+0800][16.190s][info][gc,phases   ] GC(532)   Evacuate Collection Set: 0.20ms
[2026-06-17T10:06:36.540+0800][16.191s][info][gc,phases   ] GC(532)   Post Evacuate Collection Set: 0.23ms
[2026-06-17T10:06:36.540+0800][16.191s][info][gc,phases   ] GC(532)   Other: 0.64ms
[2026-06-17T10:06:36.540+0800][16.191s][info][gc,heap     ] GC(532) Eden regions: 9->0(16)
[2026-06-17T10:06:36.540+0800][16.191s][info][gc,heap     ] GC(532) Survivor regions: 2->1(2)
[2026-06-17T10:06:36.541+0800][16.191s][info][gc,heap     ] GC(532) Old regions: 25->26
[2026-06-17T10:06:36.541+0800][16.191s][info][gc,heap     ] GC(532) Humongous regions: 11->11
[2026-06-17T10:06:36.541+0800][16.191s][info][gc,metaspace] GC(532) Metaspace: 116K(320K)->116K(320K) NonClass: 109K(192K)->109K(192K) Class: 7K(128K)->7K(128K)
[2026-06-17T10:06:36.541+0800][16.191s][info][gc          ] GC(532) Pause Young (Prepare Mixed) (G1 Evacuation Pause) 46M->37M(64M) 3.093ms
[2026-06-17T10:06:36.541+0800][16.192s][info][gc,cpu      ] GC(532) User=0.00s Sys=0.00s Real=0.00s
[2026-06-17T10:06:36.583+0800][16.233s][info][gc,start    ] GC(533) Pause Young (Mixed) (G1 Evacuation Pause)
[2026-06-17T10:06:36.583+0800][16.234s][info][gc,task     ] GC(533) Using 2 workers of 18 for evacuation
[2026-06-17T10:06:36.585+0800][16.235s][info][gc,phases   ] GC(533)   Pre Evacuate Collection Set: 0.13ms
[2026-06-17T10:06:36.585+0800][16.235s][info][gc,phases   ] GC(533)   Merge Heap Roots: 0.05ms
[2026-06-17T10:06:36.585+0800][16.236s][info][gc,phases   ] GC(533)   Evacuate Collection Set: 0.55ms
[2026-06-17T10:06:36.585+0800][16.236s][info][gc,phases   ] GC(533)   Post Evacuate Collection Set: 0.17ms
[2026-06-17T10:06:36.585+0800][16.236s][info][gc,phases   ] GC(533)   Other: 0.32ms
[2026-06-17T10:06:36.585+0800][16.236s][info][gc,heap     ] GC(533) Eden regions: 16->0(15)
[2026-06-17T10:06:36.586+0800][16.236s][info][gc,heap     ] GC(533) Survivor regions: 1->3(3)
[2026-06-17T10:06:36.586+0800][16.236s][info][gc,heap     ] GC(533) Old regions: 26->24
[2026-06-17T10:06:36.586+0800][16.236s][info][gc,heap     ] GC(533) Humongous regions: 11->11
[2026-06-17T10:06:36.586+0800][16.236s][info][gc,metaspace] GC(533) Metaspace: 116K(320K)->116K(320K) NonClass: 109K(192K)->109K(192K) Class: 7K(128K)->7K(128K)
[2026-06-17T10:06:36.586+0800][16.237s][info][gc          ] GC(533) Pause Young (Mixed) (G1 Evacuation Pause) 53M->37M(64M) 3.142ms
[2026-06-17T10:06:36.586+0800][16.237s][info][gc,cpu      ] GC(533) User=0.00s Sys=0.00s Real=0.00s
[2026-06-17T10:06:36.608+0800][16.258s][info][gc,start    ] GC(534) Pause Young (Concurrent Start) (G1 Humongous Allocation)
[2026-06-17T10:06:36.608+0800][16.259s][info][gc,task     ] GC(534) Using 2 workers of 18 for evacuation
[2026-06-17T10:06:36.609+0800][16.260s][info][gc,phases   ] GC(534)   Pre Evacuate Collection Set: 0.16ms
[2026-06-17T10:06:36.609+0800][16.260s][info][gc,phases   ] GC(534)   Merge Heap Roots: 0.03ms
[2026-06-17T10:06:36.609+0800][16.260s][info][gc,phases   ] GC(534)   Evacuate Collection Set: 0.24ms
[2026-06-17T10:06:36.610+0800][16.260s][info][gc,phases   ] GC(534)   Post Evacuate Collection Set: 0.13ms
[2026-06-17T10:06:36.610+0800][16.260s][info][gc,phases   ] GC(534)   Other: 0.23ms
[2026-06-17T10:06:36.610+0800][16.260s][info][gc,heap     ] GC(534) Eden regions: 10->0(15)
[2026-06-17T10:06:36.610+0800][16.261s][info][gc,heap     ] GC(534) Survivor regions: 3->2(3)
[2026-06-17T10:06:36.610+0800][16.261s][info][gc,heap     ] GC(534) Old regions: 24->26
[2026-06-17T10:06:36.610+0800][16.261s][info][gc,heap     ] GC(534) Humongous regions: 11->11
[2026-06-17T10:06:36.610+0800][16.261s][info][gc,metaspace] GC(534) Metaspace: 116K(320K)->116K(320K) NonClass: 109K(192K)->109K(192K) Class: 7K(128K)->7K(128K)
[2026-06-17T10:06:36.611+0800][16.261s][info][gc          ] GC(534) Pause Young (Concurrent Start) (G1 Humongous Allocation) 47M->38M(64M) 3.074ms
[2026-06-17T10:06:36.611+0800][16.262s][info][gc,cpu      ] GC(534) User=0.00s Sys=0.01s Real=0.01s
[2026-06-17T10:06:36.611+0800][16.262s][info][gc          ] GC(535) Concurrent Mark Cycle
[2026-06-17T10:06:36.612+0800][16.262s][info][gc,marking  ] GC(535) Concurrent Scan Root Regions
[2026-06-17T10:06:36.612+0800][16.263s][info][gc,marking  ] GC(535) Concurrent Scan Root Regions 0.312ms
[2026-06-17T10:06:36.612+0800][16.263s][info][gc,marking  ] GC(535) Concurrent Mark
[2026-06-17T10:06:36.612+0800][16.263s][info][gc,marking  ] GC(535) Concurrent Mark From Roots
[2026-06-17T10:06:36.612+0800][16.263s][info][gc,task     ] GC(535) Using 5 workers of 5 for marking
[2026-06-17T10:06:36.613+0800][16.264s][info][gc,marking  ] GC(535) Concurrent Mark From Roots 1.190ms
[2026-06-17T10:06:36.614+0800][16.264s][info][gc,marking  ] GC(535) Concurrent Preclean
[2026-06-17T10:06:36.614+0800][16.264s][info][gc,marking  ] GC(535) Concurrent Preclean 0.104ms
[2026-06-17T10:06:36.614+0800][16.264s][info][gc,start    ] GC(535) Pause Remark
[2026-06-17T10:06:36.614+0800][16.265s][info][gc          ] GC(535) Pause Remark 40M->40M(64M) 0.368ms
[2026-06-17T10:06:36.614+0800][16.265s][info][gc,cpu      ] GC(535) User=0.00s Sys=0.00s Real=0.00s
[2026-06-17T10:06:36.614+0800][16.265s][info][gc,marking  ] GC(535) Concurrent Mark 2.377ms
[2026-06-17T10:06:36.615+0800][16.265s][info][gc,marking  ] GC(535) Concurrent Rebuild Remembered Sets and Scrub Regions
[2026-06-17T10:06:36.615+0800][16.266s][info][gc,marking  ] GC(535) Concurrent Rebuild Remembered Sets and Scrub Regions 0.438ms
[2026-06-17T10:06:36.615+0800][16.266s][info][gc,start    ] GC(535) Pause Cleanup
[2026-06-17T10:06:36.615+0800][16.266s][info][gc          ] GC(535) Pause Cleanup 40M->40M(64M) 0.091ms
[2026-06-17T10:06:36.615+0800][16.266s][info][gc,cpu      ] GC(535) User=0.00s Sys=0.00s Real=0.00s
[2026-06-17T10:06:36.615+0800][16.266s][info][gc,marking  ] GC(535) Concurrent Clear Claimed Marks
[2026-06-17T10:06:36.616+0800][16.266s][info][gc,marking  ] GC(535) Concurrent Clear Claimed Marks 0.077ms
[2026-06-17T10:06:36.616+0800][16.266s][info][gc,marking  ] GC(535) Concurrent Cleanup for Next Mark
[2026-06-17T10:06:36.616+0800][16.266s][info][gc,marking  ] GC(535) Concurrent Cleanup for Next Mark 0.181ms
[2026-06-17T10:06:36.616+0800][16.266s][info][gc          ] GC(535) Concurrent Mark Cycle 4.644ms
[2026-06-17T10:06:36.653+0800][16.304s][info][gc,start    ] GC(536) Pause Young (Prepare Mixed) (G1 Evacuation Pause)
[2026-06-17T10:06:36.654+0800][16.304s][info][gc,task     ] GC(536) Using 2 workers of 18 for evacuation
[2026-06-17T10:06:36.655+0800][16.306s][info][gc,phases   ] GC(536)   Pre Evacuate Collection Set: 0.16ms
[2026-06-17T10:06:36.656+0800][16.306s][info][gc,phases   ] GC(536)   Merge Heap Roots: 0.07ms
[2026-06-17T10:06:36.656+0800][16.306s][info][gc,phases   ] GC(536)   Evacuate Collection Set: 0.50ms
[2026-06-17T10:06:36.656+0800][16.307s][info][gc,phases   ] GC(536)   Post Evacuate Collection Set: 0.21ms
[2026-06-17T10:06:36.656+0800][16.307s][info][gc,phases   ] GC(536)   Other: 0.39ms
[2026-06-17T10:06:36.656+0800][16.307s][info][gc,heap     ] GC(536) Eden regions: 15->0(8)
[2026-06-17T10:06:36.657+0800][16.307s][info][gc,heap     ] GC(536) Survivor regions: 2->3(3)
[2026-06-17T10:06:36.657+0800][16.307s][info][gc,heap     ] GC(536) Old regions: 26->30
[2026-06-17T10:06:36.657+0800][16.307s][info][gc,heap     ] GC(536) Humongous regions: 13->13
[2026-06-17T10:06:36.657+0800][16.308s][info][gc,metaspace] GC(536) Metaspace: 116K(320K)->116K(320K) NonClass: 109K(192K)->109K(192K) Class: 7K(128K)->7K(128K)
[2026-06-17T10:06:36.657+0800][16.308s][info][gc          ] GC(536) Pause Young (Prepare Mixed) (G1 Evacuation Pause) 55M->45M(64M) 3.900ms
[2026-06-17T10:06:36.657+0800][16.308s][info][gc,cpu      ] GC(536) User=0.00s Sys=0.00s Real=0.00s
[2026-06-17T10:06:36.679+0800][16.329s][info][gc,start    ] GC(537) Pause Young (Mixed) (G1 Evacuation Pause)
[2026-06-17T10:06:36.679+0800][16.329s][info][gc,task     ] GC(537) Using 2 workers of 18 for evacuation
[2026-06-17T10:06:36.680+0800][16.331s][info][gc,phases   ] GC(537)   Pre Evacuate Collection Set: 0.20ms
[2026-06-17T10:06:36.680+0800][16.331s][info][gc,phases   ] GC(537)   Merge Heap Roots: 0.05ms
[2026-06-17T10:06:36.680+0800][16.331s][info][gc,phases   ] GC(537)   Evacuate Collection Set: 0.32ms
[2026-06-17T10:06:36.680+0800][16.331s][info][gc,phases   ] GC(537)   Post Evacuate Collection Set: 0.18ms
[2026-06-17T10:06:36.681+0800][16.331s][info][gc,phases   ] GC(537)   Other: 0.29ms
[2026-06-17T10:06:36.681+0800][16.331s][info][gc,heap     ] GC(537) Eden regions: 8->0(13)
[2026-06-17T10:06:36.681+0800][16.331s][info][gc,heap     ] GC(537) Survivor regions: 3->1(2)
[2026-06-17T10:06:36.681+0800][16.331s][info][gc,heap     ] GC(537) Old regions: 30->28
[2026-06-17T10:06:36.681+0800][16.331s][info][gc,heap     ] GC(537) Humongous regions: 13->13
[2026-06-17T10:06:36.681+0800][16.332s][info][gc,metaspace] GC(537) Metaspace: 116K(320K)->116K(320K) NonClass: 109K(192K)->109K(192K) Class: 7K(128K)->7K(128K)
[2026-06-17T10:06:36.681+0800][16.332s][info][gc          ] GC(537) Pause Young (Mixed) (G1 Evacuation Pause) 53M->40M(64M) 2.571ms
[2026-06-17T10:06:36.681+0800][16.332s][info][gc,cpu      ] GC(537) User=0.00s Sys=0.00s Real=0.00s
[2026-06-17T10:06:36.713+0800][16.363s][info][gc,start    ] GC(538) Pause Young (Concurrent Start) (G1 Evacuation Pause)
[2026-06-17T10:06:36.713+0800][16.364s][info][gc,task     ] GC(538) Using 2 workers of 18 for evacuation
[2026-06-17T10:06:36.715+0800][16.365s][info][gc,phases   ] GC(538)   Pre Evacuate Collection Set: 0.32ms
[2026-06-17T10:06:36.715+0800][16.365s][info][gc,phases   ] GC(538)   Merge Heap Roots: 0.08ms
[2026-06-17T10:06:36.715+0800][16.366s][info][gc,phases   ] GC(538)   Evacuate Collection Set: 0.31ms
[2026-06-17T10:06:36.715+0800][16.366s][info][gc,phases   ] GC(538)   Post Evacuate Collection Set: 0.29ms
[2026-06-17T10:06:36.715+0800][16.366s][info][gc,phases   ] GC(538)   Other: 0.41ms
[2026-06-17T10:06:36.716+0800][16.366s][info][gc,heap     ] GC(538) Eden regions: 13->0(11)
[2026-06-17T10:06:36.716+0800][16.366s][info][gc,heap     ] GC(538) Survivor regions: 1->2(2)
[2026-06-17T10:06:36.716+0800][16.366s][info][gc,heap     ] GC(538) Old regions: 28->29
[2026-06-17T10:06:36.716+0800][16.366s][info][gc,heap     ] GC(538) Humongous regions: 13->13
[2026-06-17T10:06:36.716+0800][16.367s][info][gc,metaspace] GC(538) Metaspace: 116K(320K)->116K(320K) NonClass: 109K(192K)->109K(192K) Class: 7K(128K)->7K(128K)
[2026-06-17T10:06:36.716+0800][16.367s][info][gc          ] GC(538) Pause Young (Concurrent Start) (G1 Evacuation Pause) 53M->43M(64M) 3.398ms
[2026-06-17T10:06:36.716+0800][16.367s][info][gc,cpu      ] GC(538) User=0.00s Sys=0.00s Real=0.00s
[2026-06-17T10:06:36.716+0800][16.367s][info][gc          ] GC(539) Concurrent Mark Cycle
[2026-06-17T10:06:36.717+0800][16.367s][info][gc,marking  ] GC(539) Concurrent Scan Root Regions
[2026-06-17T10:06:36.717+0800][16.367s][info][gc,marking  ] GC(539) Concurrent Scan Root Regions 0.226ms
[2026-06-17T10:06:36.717+0800][16.367s][info][gc,marking  ] GC(539) Concurrent Mark
[2026-06-17T10:06:36.717+0800][16.367s][info][gc,marking  ] GC(539) Concurrent Mark From Roots
[2026-06-17T10:06:36.717+0800][16.368s][info][gc,task     ] GC(539) Using 5 workers of 5 for marking
[2026-06-17T10:06:36.718+0800][16.369s][info][gc,marking  ] GC(539) Concurrent Mark From Roots 1.145ms
[2026-06-17T10:06:36.718+0800][16.369s][info][gc,marking  ] GC(539) Concurrent Preclean
[2026-06-17T10:06:36.718+0800][16.369s][info][gc,marking  ] GC(539) Concurrent Preclean 0.126ms
[2026-06-17T10:06:36.718+0800][16.369s][info][gc,start    ] GC(539) Pause Remark
[2026-06-17T10:06:36.719+0800][16.369s][info][gc          ] GC(539) Pause Remark 45M->37M(64M) 0.366ms
[2026-06-17T10:06:36.719+0800][16.369s][info][gc,cpu      ] GC(539) User=0.00s Sys=0.00s Real=0.00s
[2026-06-17T10:06:36.719+0800][16.370s][info][gc,marking  ] GC(539) Concurrent Mark 2.225ms
[2026-06-17T10:06:36.719+0800][16.370s][info][gc,marking  ] GC(539) Concurrent Rebuild Remembered Sets and Scrub Regions
[2026-06-17T10:06:36.720+0800][16.370s][info][gc,marking  ] GC(539) Concurrent Rebuild Remembered Sets and Scrub Regions 0.441ms
[2026-06-17T10:06:36.720+0800][16.370s][info][gc,start    ] GC(539) Pause Cleanup
[2026-06-17T10:06:36.720+0800][16.371s][info][gc          ] GC(539) Pause Cleanup 37M->37M(64M) 0.150ms
[2026-06-17T10:06:36.720+0800][16.371s][info][gc,cpu      ] GC(539) User=0.00s Sys=0.00s Real=0.00s
[2026-06-17T10:06:36.720+0800][16.371s][info][gc,marking  ] GC(539) Concurrent Clear Claimed Marks
[2026-06-17T10:06:36.720+0800][16.371s][info][gc,marking  ] GC(539) Concurrent Clear Claimed Marks 0.151ms
[2026-06-17T10:06:36.720+0800][16.371s][info][gc,marking  ] GC(539) Concurrent Cleanup for Next Mark
[2026-06-17T10:06:36.721+0800][16.371s][info][gc,marking  ] GC(539) Concurrent Cleanup for Next Mark 0.169ms
[2026-06-17T10:06:36.721+0800][16.371s][info][gc          ] GC(539) Concurrent Mark Cycle 4.504ms
[2026-06-17T10:06:36.748+0800][16.398s][info][gc,start    ] GC(540) Pause Young (Prepare Mixed) (G1 Evacuation Pause)
[2026-06-17T10:06:36.748+0800][16.398s][info][gc,task     ] GC(540) Using 2 workers of 18 for evacuation
[2026-06-17T10:06:36.749+0800][16.400s][info][gc,phases   ] GC(540)   Pre Evacuate Collection Set: 0.14ms
[2026-06-17T10:06:36.749+0800][16.400s][info][gc,phases   ] GC(540)   Merge Heap Roots: 0.05ms
[2026-06-17T10:06:36.750+0800][16.400s][info][gc,phases   ] GC(540)   Evacuate Collection Set: 0.46ms
[2026-06-17T10:06:36.750+0800][16.400s][info][gc,phases   ] GC(540)   Post Evacuate Collection Set: 0.19ms
[2026-06-17T10:06:36.750+0800][16.401s][info][gc,phases   ] GC(540)   Other: 0.36ms
[2026-06-17T10:06:36.751+0800][16.401s][info][gc,heap     ] GC(540) Eden regions: 11->0(12)
[2026-06-17T10:06:36.751+0800][16.401s][info][gc,heap     ] GC(540) Survivor regions: 2->2(2)
[2026-06-17T10:06:36.751+0800][16.402s][info][gc,heap     ] GC(540) Old regions: 21->26
[2026-06-17T10:06:36.751+0800][16.402s][info][gc,heap     ] GC(540) Humongous regions: 13->13
[2026-06-17T10:06:36.751+0800][16.402s][info][gc,metaspace] GC(540) Metaspace: 116K(320K)->116K(320K) NonClass: 109K(192K)->109K(192K) Class: 7K(128K)->7K(128K)
[2026-06-17T10:06:36.751+0800][16.402s][info][gc          ] GC(540) Pause Young (Prepare Mixed) (G1 Evacuation Pause) 46M->40M(64M) 3.817ms
[2026-06-17T10:06:36.752+0800][16.402s][info][gc,cpu      ] GC(540) User=0.00s Sys=0.00s Real=0.01s
[2026-06-17T10:06:36.783+0800][16.434s][info][gc,start    ] GC(541) Pause Young (Mixed) (G1 Evacuation Pause)
[2026-06-17T10:06:36.784+0800][16.434s][info][gc,task     ] GC(541) Using 2 workers of 18 for evacuation
[2026-06-17T10:06:36.785+0800][16.436s][info][gc,phases   ] GC(541)   Pre Evacuate Collection Set: 0.16ms
[2026-06-17T10:06:36.785+0800][16.436s][info][gc,phases   ] GC(541)   Merge Heap Roots: 0.06ms
[2026-06-17T10:06:36.785+0800][16.436s][info][gc,phases   ] GC(541)   Evacuate Collection Set: 0.49ms
[2026-06-17T10:06:36.786+0800][16.436s][info][gc,phases   ] GC(541)   Post Evacuate Collection Set: 0.22ms
[2026-06-17T10:06:36.786+0800][16.436s][info][gc,phases   ] GC(541)   Other: 0.31ms
[2026-06-17T10:06:36.786+0800][16.437s][info][gc,heap     ] GC(541) Eden regions: 12->0(12)
[2026-06-17T10:06:36.786+0800][16.437s][info][gc,heap     ] GC(541) Survivor regions: 2->2(2)
[2026-06-17T10:06:36.787+0800][16.438s][info][gc,heap     ] GC(541) Old regions: 26->26
[2026-06-17T10:06:36.787+0800][16.438s][info][gc,heap     ] GC(541) Humongous regions: 13->13
[2026-06-17T10:06:36.788+0800][16.438s][info][gc,metaspace] GC(541) Metaspace: 116K(320K)->116K(320K) NonClass: 109K(192K)->109K(192K) Class: 7K(128K)->7K(128K)
[2026-06-17T10:06:36.788+0800][16.438s][info][gc          ] GC(541) Pause Young (Mixed) (G1 Evacuation Pause) 52M->40M(64M) 4.496ms
[2026-06-17T10:06:36.788+0800][16.438s][info][gc,cpu      ] GC(541) User=0.01s Sys=0.00s Real=0.00s
[2026-06-17T10:06:36.809+0800][16.460s][info][gc,start    ] GC(542) Pause Young (Concurrent Start) (G1 Humongous Allocation)
[2026-06-17T10:06:36.812+0800][16.462s][info][gc,task     ] GC(542) Using 2 workers of 18 for evacuation
[2026-06-17T10:06:36.815+0800][16.466s][info][gc,phases   ] GC(542)   Pre Evacuate Collection Set: 0.16ms
[2026-06-17T10:06:36.816+0800][16.467s][info][gc,phases   ] GC(542)   Merge Heap Roots: 0.03ms
[2026-06-17T10:06:36.817+0800][16.468s][info][gc,phases   ] GC(542)   Evacuate Collection Set: 0.30ms
[2026-06-17T10:06:36.817+0800][16.468s][info][gc,phases   ] GC(542)   Post Evacuate Collection Set: 0.16ms
[2026-06-17T10:06:36.818+0800][16.468s][info][gc,phases   ] GC(542)   Other: 2.79ms
[2026-06-17T10:06:36.818+0800][16.468s][info][gc,heap     ] GC(542) Eden regions: 10->0(11)
[2026-06-17T10:06:36.818+0800][16.469s][info][gc,heap     ] GC(542) Survivor regions: 2->2(2)
[2026-06-17T10:06:36.818+0800][16.469s][info][gc,heap     ] GC(542) Old regions: 26->28
[2026-06-17T10:06:36.818+0800][16.469s][info][gc,heap     ] GC(542) Humongous regions: 13->13
[2026-06-17T10:06:36.819+0800][16.469s][info][gc,metaspace] GC(542) Metaspace: 116K(320K)->116K(320K) NonClass: 109K(192K)->109K(192K) Class: 7K(128K)->7K(128K)
[2026-06-17T10:06:36.819+0800][16.469s][info][gc          ] GC(542) Pause Young (Concurrent Start) (G1 Humongous Allocation) 50M->42M(64M) 9.572ms
[2026-06-17T10:06:36.819+0800][16.470s][info][gc,cpu      ] GC(542) User=0.00s Sys=0.00s Real=0.01s
[2026-06-17T10:06:36.819+0800][16.470s][info][gc          ] GC(543) Concurrent Mark Cycle
[2026-06-17T10:06:36.819+0800][16.470s][info][gc,marking  ] GC(543) Concurrent Scan Root Regions
[2026-06-17T10:06:36.820+0800][16.470s][info][gc,marking  ] GC(543) Concurrent Scan Root Regions 0.268ms
[2026-06-17T10:06:36.820+0800][16.470s][info][gc,marking  ] GC(543) Concurrent Mark
[2026-06-17T10:06:36.820+0800][16.471s][info][gc,marking  ] GC(543) Concurrent Mark From Roots
[2026-06-17T10:06:36.820+0800][16.471s][info][gc,task     ] GC(543) Using 5 workers of 5 for marking
[2026-06-17T10:06:36.821+0800][16.472s][info][gc,marking  ] GC(543) Concurrent Mark From Roots 1.317ms
[2026-06-17T10:06:36.822+0800][16.472s][info][gc,marking  ] GC(543) Concurrent Preclean
[2026-06-17T10:06:36.822+0800][16.472s][info][gc,marking  ] GC(543) Concurrent Preclean 0.179ms
[2026-06-17T10:06:36.822+0800][16.472s][info][gc,start    ] GC(543) Pause Remark
[2026-06-17T10:06:36.822+0800][16.473s][info][gc          ] GC(543) Pause Remark 44M->43M(64M) 0.373ms
[2026-06-17T10:06:36.822+0800][16.473s][info][gc,cpu      ] GC(543) User=0.00s Sys=0.00s Real=0.01s
[2026-06-17T10:06:36.823+0800][16.473s][info][gc,marking  ] GC(543) Concurrent Mark 2.741ms
[2026-06-17T10:06:36.823+0800][16.473s][info][gc,marking  ] GC(543) Concurrent Rebuild Remembered Sets and Scrub Regions
[2026-06-17T10:06:36.823+0800][16.474s][info][gc,marking  ] GC(543) Concurrent Rebuild Remembered Sets and Scrub Regions 0.628ms
[2026-06-17T10:06:36.824+0800][16.474s][info][gc,start    ] GC(543) Pause Cleanup
[2026-06-17T10:06:36.824+0800][16.474s][info][gc          ] GC(543) Pause Cleanup 43M->43M(64M) 0.162ms
[2026-06-17T10:06:36.824+0800][16.474s][info][gc,cpu      ] GC(543) User=0.00s Sys=0.00s Real=0.00s
[2026-06-17T10:06:36.824+0800][16.475s][info][gc,marking  ] GC(543) Concurrent Clear Claimed Marks
[2026-06-17T10:06:36.824+0800][16.475s][info][gc,marking  ] GC(543) Concurrent Clear Claimed Marks 0.083ms
[2026-06-17T10:06:36.824+0800][16.475s][info][gc,marking  ] GC(543) Concurrent Cleanup for Next Mark
[2026-06-17T10:06:36.824+0800][16.475s][info][gc,marking  ] GC(543) Concurrent Cleanup for Next Mark 0.194ms
[2026-06-17T10:06:36.824+0800][16.475s][info][gc          ] GC(543) Concurrent Mark Cycle 5.366ms
[2026-06-17T10:06:36.851+0800][16.501s][info][gc,start    ] GC(544) Pause Young (Prepare Mixed) (G1 Evacuation Pause)
[2026-06-17T10:06:36.851+0800][16.502s][info][gc,task     ] GC(544) Using 2 workers of 18 for evacuation
[2026-06-17T10:06:36.852+0800][16.503s][info][gc,phases   ] GC(544)   Pre Evacuate Collection Set: 0.13ms
[2026-06-17T10:06:36.853+0800][16.503s][info][gc,phases   ] GC(544)   Merge Heap Roots: 0.05ms
[2026-06-17T10:06:36.853+0800][16.504s][info][gc,phases   ] GC(544)   Evacuate Collection Set: 0.47ms
[2026-06-17T10:06:36.854+0800][16.504s][info][gc,phases   ] GC(544)   Post Evacuate Collection Set: 0.20ms
[2026-06-17T10:06:36.854+0800][16.505s][info][gc,phases   ] GC(544)   Other: 0.35ms
[2026-06-17T10:06:36.854+0800][16.505s][info][gc,heap     ] GC(544) Eden regions: 11->0(7)
[2026-06-17T10:06:36.855+0800][16.505s][info][gc,heap     ] GC(544) Survivor regions: 2->2(2)
[2026-06-17T10:06:36.855+0800][16.505s][info][gc,heap     ] GC(544) Old regions: 27->32
[2026-06-17T10:06:36.855+0800][16.505s][info][gc,heap     ] GC(544) Humongous regions: 15->15
[2026-06-17T10:06:36.855+0800][16.506s][info][gc,metaspace] GC(544) Metaspace: 116K(320K)->116K(320K) NonClass: 109K(192K)->109K(192K) Class: 7K(128K)->7K(128K)
[2026-06-17T10:06:36.855+0800][16.506s][info][gc          ] GC(544) Pause Young (Prepare Mixed) (G1 Evacuation Pause) 54M->48M(64M) 4.464ms
[2026-06-17T10:06:36.855+0800][16.506s][info][gc,cpu      ] GC(544) User=0.00s Sys=0.00s Real=0.00s
[2026-06-17T10:06:36.877+0800][16.527s][info][gc,start    ] GC(545) Pause Young (Mixed) (G1 Evacuation Pause)
[2026-06-17T10:06:36.877+0800][16.528s][info][gc,task     ] GC(545) Using 2 workers of 18 for evacuation
[2026-06-17T10:06:36.880+0800][16.530s][info][gc,phases   ] GC(545)   Pre Evacuate Collection Set: 0.14ms
[2026-06-17T10:06:36.880+0800][16.530s][info][gc,phases   ] GC(545)   Merge Heap Roots: 0.05ms
[2026-06-17T10:06:36.880+0800][16.531s][info][gc,phases   ] GC(545)   Evacuate Collection Set: 0.51ms
[2026-06-17T10:06:36.880+0800][16.531s][info][gc,phases   ] GC(545)   Post Evacuate Collection Set: 0.18ms
[2026-06-17T10:06:36.881+0800][16.531s][info][gc,phases   ] GC(545)   Other: 1.68ms
[2026-06-17T10:06:36.881+0800][16.531s][info][gc,heap     ] GC(545) Eden regions: 7->0(8)
[2026-06-17T10:06:36.881+0800][16.531s][info][gc,heap     ] GC(545) Survivor regions: 2->2(2)
[2026-06-17T10:06:36.881+0800][16.532s][info][gc,heap     ] GC(545) Old regions: 32->30
[2026-06-17T10:06:36.881+0800][16.532s][info][gc,heap     ] GC(545) Humongous regions: 15->15
[2026-06-17T10:06:36.881+0800][16.532s][info][gc,metaspace] GC(545) Metaspace: 116K(320K)->116K(320K) NonClass: 109K(192K)->109K(192K) Class: 7K(128K)->7K(128K)
[2026-06-17T10:06:36.882+0800][16.532s][info][gc          ] GC(545) Pause Young (Mixed) (G1 Evacuation Pause) 55M->46M(64M) 5.017ms
[2026-06-17T10:06:36.882+0800][16.532s][info][gc,cpu      ] GC(545) User=0.01s Sys=0.00s Real=0.00s
[2026-06-17T10:06:36.903+0800][16.553s][info][gc,start    ] GC(546) Pause Young (Concurrent Start) (G1 Evacuation Pause)
[2026-06-17T10:06:36.903+0800][16.554s][info][gc,task     ] GC(546) Using 2 workers of 18 for evacuation
[2026-06-17T10:06:36.904+0800][16.555s][info][gc,phases   ] GC(546)   Pre Evacuate Collection Set: 0.27ms
[2026-06-17T10:06:36.905+0800][16.555s][info][gc,phases   ] GC(546)   Merge Heap Roots: 0.06ms
[2026-06-17T10:06:36.905+0800][16.555s][info][gc,phases   ] GC(546)   Evacuate Collection Set: 0.29ms
[2026-06-17T10:06:36.905+0800][16.556s][info][gc,phases   ] GC(546)   Post Evacuate Collection Set: 0.21ms
[2026-06-17T10:06:36.905+0800][16.556s][info][gc,phases   ] GC(546)   Other: 0.27ms
[2026-06-17T10:06:36.905+0800][16.556s][info][gc,heap     ] GC(546) Eden regions: 8->0(7)
[2026-06-17T10:06:36.905+0800][16.556s][info][gc,heap     ] GC(546) Survivor regions: 2->2(2)
[2026-06-17T10:06:36.906+0800][16.556s][info][gc,heap     ] GC(546) Old regions: 30->32
[2026-06-17T10:06:36.906+0800][16.556s][info][gc,heap     ] GC(546) Humongous regions: 15->15
[2026-06-17T10:06:36.906+0800][16.557s][info][gc,metaspace] GC(546) Metaspace: 116K(320K)->116K(320K) NonClass: 109K(192K)->109K(192K) Class: 7K(128K)->7K(128K)
[2026-06-17T10:06:36.906+0800][16.557s][info][gc          ] GC(546) Pause Young (Concurrent Start) (G1 Evacuation Pause) 54M->47M(64M) 3.393ms
[2026-06-17T10:06:36.906+0800][16.557s][info][gc,cpu      ] GC(546) User=0.00s Sys=0.00s Real=0.00s
[2026-06-17T10:06:36.906+0800][16.557s][info][gc          ] GC(547) Concurrent Mark Cycle
[2026-06-17T10:06:36.907+0800][16.557s][info][gc,marking  ] GC(547) Concurrent Scan Root Regions
[2026-06-17T10:06:36.907+0800][16.557s][info][gc,marking  ] GC(547) Concurrent Scan Root Regions 0.229ms
[2026-06-17T10:06:36.907+0800][16.558s][info][gc,marking  ] GC(547) Concurrent Mark
[2026-06-17T10:06:36.907+0800][16.558s][info][gc,marking  ] GC(547) Concurrent Mark From Roots
[2026-06-17T10:06:36.907+0800][16.558s][info][gc,task     ] GC(547) Using 5 workers of 5 for marking
[2026-06-17T10:06:36.908+0800][16.559s][info][gc,marking  ] GC(547) Concurrent Mark From Roots 1.369ms
[2026-06-17T10:06:36.909+0800][16.559s][info][gc,marking  ] GC(547) Concurrent Preclean
[2026-06-17T10:06:36.909+0800][16.560s][info][gc,marking  ] GC(547) Concurrent Preclean 0.270ms
[2026-06-17T10:06:36.909+0800][16.560s][info][gc,start    ] GC(547) Pause Remark
[2026-06-17T10:06:36.910+0800][16.561s][info][gc          ] GC(547) Pause Remark 51M->45M(64M) 0.889ms
[2026-06-17T10:06:36.911+0800][16.561s][info][gc,cpu      ] GC(547) User=0.00s Sys=0.00s Real=0.01s
[2026-06-17T10:06:36.911+0800][16.561s][info][gc,marking  ] GC(547) Concurrent Mark 3.694ms
[2026-06-17T10:06:36.911+0800][16.561s][info][gc,marking  ] GC(547) Concurrent Rebuild Remembered Sets and Scrub Regions
[2026-06-17T10:06:36.911+0800][16.562s][info][gc,marking  ] GC(547) Concurrent Rebuild Remembered Sets and Scrub Regions 0.461ms
[2026-06-17T10:06:36.911+0800][16.562s][info][gc,start    ] GC(547) Pause Cleanup
[2026-06-17T10:06:36.912+0800][16.562s][info][gc          ] GC(547) Pause Cleanup 45M->45M(64M) 0.135ms
[2026-06-17T10:06:36.912+0800][16.562s][info][gc,cpu      ] GC(547) User=0.00s Sys=0.00s Real=0.00s
[2026-06-17T10:06:36.912+0800][16.562s][info][gc,marking  ] GC(547) Concurrent Clear Claimed Marks
[2026-06-17T10:06:36.912+0800][16.562s][info][gc,marking  ] GC(547) Concurrent Clear Claimed Marks 0.079ms
[2026-06-17T10:06:36.912+0800][16.563s][info][gc,marking  ] GC(547) Concurrent Cleanup for Next Mark
[2026-06-17T10:06:36.912+0800][16.563s][info][gc,marking  ] GC(547) Concurrent Cleanup for Next Mark 0.162ms
[2026-06-17T10:06:36.912+0800][16.563s][info][gc          ] GC(547) Concurrent Mark Cycle 5.919ms
[2026-06-17T10:06:36.927+0800][16.578s][info][gc,start    ] GC(548) Pause Young (Prepare Mixed) (G1 Evacuation Pause)
[2026-06-17T10:06:36.930+0800][16.580s][info][gc,task     ] GC(548) Using 2 workers of 18 for evacuation
[2026-06-17T10:06:36.933+0800][16.583s][info][gc,phases   ] GC(548)   Pre Evacuate Collection Set: 0.18ms
[2026-06-17T10:06:36.935+0800][16.586s][info][gc,phases   ] GC(548)   Merge Heap Roots: 0.19ms
[2026-06-17T10:06:36.938+0800][16.588s][info][gc,phases   ] GC(548)   Evacuate Collection Set: 0.27ms
[2026-06-17T10:06:36.939+0800][16.590s][info][gc,phases   ] GC(548)   Post Evacuate Collection Set: 0.27ms
[2026-06-17T10:06:36.941+0800][16.591s][info][gc,phases   ] GC(548)   Other: 2.11ms
[2026-06-17T10:06:36.943+0800][16.593s][info][gc,heap     ] GC(548) Eden regions: 7->0(11)
[2026-06-17T10:06:36.944+0800][16.595s][info][gc,heap     ] GC(548) Survivor regions: 2->2(2)
[2026-06-17T10:06:36.945+0800][16.595s][info][gc,heap     ] GC(548) Old regions: 26->26
[2026-06-17T10:06:36.947+0800][16.597s][info][gc,heap     ] GC(548) Humongous regions: 15->15
[2026-06-17T10:06:36.950+0800][16.600s][info][gc,metaspace] GC(548) Metaspace: 116K(320K)->116K(320K) NonClass: 109K(192K)->109K(192K) Class: 7K(128K)->7K(128K)
[2026-06-17T10:06:36.950+0800][16.601s][info][gc          ] GC(548) Pause Young (Prepare Mixed) (G1 Evacuation Pause) 48M->42M(64M) 22.872ms
[2026-06-17T10:06:36.951+0800][16.601s][info][gc,cpu      ] GC(548) User=0.00s Sys=0.00s Real=0.03s
[2026-06-17T10:06:36.972+0800][16.623s][info][gc,start    ] GC(549) Pause Young (Mixed) (G1 Evacuation Pause)
[2026-06-17T10:06:36.973+0800][16.623s][info][gc,task     ] GC(549) Using 2 workers of 18 for evacuation
[2026-06-17T10:06:36.974+0800][16.624s][info][gc,phases   ] GC(549)   Pre Evacuate Collection Set: 0.14ms
[2026-06-17T10:06:36.974+0800][16.625s][info][gc,phases   ] GC(549)   Merge Heap Roots: 0.05ms
[2026-06-17T10:06:36.975+0800][16.625s][info][gc,phases   ] GC(549)   Evacuate Collection Set: 0.58ms
[2026-06-17T10:06:36.975+0800][16.625s][info][gc,phases   ] GC(549)   Post Evacuate Collection Set: 0.20ms
[2026-06-17T10:06:36.975+0800][16.625s][info][gc,phases   ] GC(549)   Other: 0.32ms
[2026-06-17T10:06:36.975+0800][16.626s][info][gc,heap     ] GC(549) Eden regions: 11->0(10)
[2026-06-17T10:06:36.975+0800][16.626s][info][gc,heap     ] GC(549) Survivor regions: 2->2(2)
[2026-06-17T10:06:36.975+0800][16.626s][info][gc,heap     ] GC(549) Old regions: 26->26
[2026-06-17T10:06:36.975+0800][16.626s][info][gc,heap     ] GC(549) Humongous regions: 15->15
[2026-06-17T10:06:36.976+0800][16.626s][info][gc,metaspace] GC(549) Metaspace: 116K(320K)->116K(320K) NonClass: 109K(192K)->109K(192K) Class: 7K(128K)->7K(128K)
[2026-06-17T10:06:36.976+0800][16.626s][info][gc          ] GC(549) Pause Young (Mixed) (G1 Evacuation Pause) 53M->42M(64M) 3.409ms
[2026-06-17T10:06:36.976+0800][16.626s][info][gc,cpu      ] GC(549) User=0.01s Sys=0.00s Real=0.00s
[2026-06-17T10:06:37.007+0800][16.658s][info][gc,start    ] GC(550) Pause Young (Mixed) (G1 Evacuation Pause)
[2026-06-17T10:06:37.008+0800][16.658s][info][gc,task     ] GC(550) Using 2 workers of 18 for evacuation
[2026-06-17T10:06:37.009+0800][16.659s][info][gc,phases   ] GC(550)   Pre Evacuate Collection Set: 0.23ms
[2026-06-17T10:06:37.009+0800][16.660s][info][gc,phases   ] GC(550)   Merge Heap Roots: 0.07ms
[2026-06-17T10:06:37.009+0800][16.660s][info][gc,phases   ] GC(550)   Evacuate Collection Set: 0.46ms
[2026-06-17T10:06:37.010+0800][16.660s][info][gc,phases   ] GC(550)   Post Evacuate Collection Set: 0.21ms
[2026-06-17T10:06:37.010+0800][16.660s][info][gc,phases   ] GC(550)   Other: 0.34ms
[2026-06-17T10:06:37.010+0800][16.660s][info][gc,heap     ] GC(550) Eden regions: 10->0(10)
[2026-06-17T10:06:37.010+0800][16.660s][info][gc,heap     ] GC(550) Survivor regions: 2->2(2)
[2026-06-17T10:06:37.010+0800][16.661s][info][gc,heap     ] GC(550) Old regions: 26->27
[2026-06-17T10:06:37.010+0800][16.661s][info][gc,heap     ] GC(550) Humongous regions: 15->15
[2026-06-17T10:06:37.010+0800][16.661s][info][gc,metaspace] GC(550) Metaspace: 116K(320K)->116K(320K) NonClass: 109K(192K)->109K(192K) Class: 7K(128K)->7K(128K)
[2026-06-17T10:06:37.010+0800][16.661s][info][gc          ] GC(550) Pause Young (Mixed) (G1 Evacuation Pause) 52M->43M(64M) 3.013ms
[2026-06-17T10:06:37.010+0800][16.661s][info][gc,cpu      ] GC(550) User=0.00s Sys=0.00s Real=0.00s
[2026-06-17T10:06:37.032+0800][16.682s][info][gc,start    ] GC(551) Pause Young (Concurrent Start) (G1 Evacuation Pause)
[2026-06-17T10:06:37.032+0800][16.683s][info][gc,task     ] GC(551) Using 2 workers of 18 for evacuation
[2026-06-17T10:06:37.033+0800][16.683s][info][gc,phases   ] GC(551)   Pre Evacuate Collection Set: 0.27ms
[2026-06-17T10:06:37.033+0800][16.683s][info][gc,phases   ] GC(551)   Merge Heap Roots: 0.05ms
[2026-06-17T10:06:37.033+0800][16.684s][info][gc,phases   ] GC(551)   Evacuate Collection Set: 0.21ms
[2026-06-17T10:06:37.033+0800][16.684s][info][gc,phases   ] GC(551)   Post Evacuate Collection Set: 0.16ms
[2026-06-17T10:06:37.033+0800][16.684s][info][gc,phases   ] GC(551)   Other: 0.14ms
[2026-06-17T10:06:37.033+0800][16.684s][info][gc,heap     ] GC(551) Eden regions: 10->0(11)
[2026-06-17T10:06:37.033+0800][16.684s][info][gc,heap     ] GC(551) Survivor regions: 2->1(2)
[2026-06-17T10:06:37.033+0800][16.684s][info][gc,heap     ] GC(551) Old regions: 27->28
[2026-06-17T10:06:37.034+0800][16.684s][info][gc,heap     ] GC(551) Humongous regions: 15->15
[2026-06-17T10:06:37.034+0800][16.684s][info][gc,metaspace] GC(551) Metaspace: 116K(320K)->116K(320K) NonClass: 109K(192K)->109K(192K) Class: 7K(128K)->7K(128K)
[2026-06-17T10:06:37.034+0800][16.684s][info][gc          ] GC(551) Pause Young (Concurrent Start) (G1 Evacuation Pause) 53M->43M(64M) 2.145ms
[2026-06-17T10:06:37.034+0800][16.684s][info][gc,cpu      ] GC(551) User=0.00s Sys=0.00s Real=0.00s
[2026-06-17T10:06:37.034+0800][16.684s][info][gc          ] GC(552) Concurrent Mark Cycle
[2026-06-17T10:06:37.034+0800][16.685s][info][gc,marking  ] GC(552) Concurrent Scan Root Regions
[2026-06-17T10:06:37.034+0800][16.685s][info][gc,marking  ] GC(552) Concurrent Scan Root Regions 0.166ms
[2026-06-17T10:06:37.034+0800][16.685s][info][gc,marking  ] GC(552) Concurrent Mark
[2026-06-17T10:06:37.034+0800][16.685s][info][gc,marking  ] GC(552) Concurrent Mark From Roots
[2026-06-17T10:06:37.034+0800][16.685s][info][gc,task     ] GC(552) Using 5 workers of 5 for marking
[2026-06-17T10:06:37.036+0800][16.686s][info][gc,marking  ] GC(552) Concurrent Mark From Roots 1.359ms
[2026-06-17T10:06:37.036+0800][16.686s][info][gc,marking  ] GC(552) Concurrent Preclean
[2026-06-17T10:06:37.036+0800][16.687s][info][gc,marking  ] GC(552) Concurrent Preclean 0.120ms
[2026-06-17T10:06:37.036+0800][16.687s][info][gc,start    ] GC(552) Pause Remark
[2026-06-17T10:06:37.037+0800][16.687s][info][gc          ] GC(552) Pause Remark 44M->44M(64M) 0.391ms
[2026-06-17T10:06:37.037+0800][16.687s][info][gc,cpu      ] GC(552) User=0.00s Sys=0.00s Real=0.00s
[2026-06-17T10:06:37.037+0800][16.687s][info][gc,marking  ] GC(552) Concurrent Mark 2.534ms
[2026-06-17T10:06:37.037+0800][16.688s][info][gc,marking  ] GC(552) Concurrent Rebuild Remembered Sets and Scrub Regions
[2026-06-17T10:06:37.037+0800][16.688s][info][gc,marking  ] GC(552) Concurrent Rebuild Remembered Sets and Scrub Regions 0.451ms
[2026-06-17T10:06:37.038+0800][16.688s][info][gc,start    ] GC(552) Pause Cleanup
[2026-06-17T10:06:37.038+0800][16.688s][info][gc          ] GC(552) Pause Cleanup 44M->44M(64M) 0.115ms
[2026-06-17T10:06:37.038+0800][16.688s][info][gc,cpu      ] GC(552) User=0.00s Sys=0.00s Real=0.00s
[2026-06-17T10:06:37.038+0800][16.689s][info][gc,marking  ] GC(552) Concurrent Clear Claimed Marks
[2026-06-17T10:06:37.038+0800][16.689s][info][gc,marking  ] GC(552) Concurrent Clear Claimed Marks 0.093ms
[2026-06-17T10:06:37.038+0800][16.689s][info][gc,marking  ] GC(552) Concurrent Cleanup for Next Mark
[2026-06-17T10:06:37.038+0800][16.689s][info][gc,marking  ] GC(552) Concurrent Cleanup for Next Mark 0.149ms
[2026-06-17T10:06:37.038+0800][16.689s][info][gc          ] GC(552) Concurrent Mark Cycle 4.566ms
[2026-06-17T10:06:37.065+0800][16.716s][info][gc,start    ] GC(553) Pause Young (Prepare Mixed) (G1 Evacuation Pause)
[2026-06-17T10:06:37.066+0800][16.717s][info][gc,task     ] GC(553) Using 2 workers of 18 for evacuation
[2026-06-17T10:06:37.067+0800][16.718s][info][gc,phases   ] GC(553)   Pre Evacuate Collection Set: 0.11ms
[2026-06-17T10:06:37.068+0800][16.718s][info][gc,phases   ] GC(553)   Merge Heap Roots: 0.06ms
[2026-06-17T10:06:37.068+0800][16.718s][info][gc,phases   ] GC(553)   Evacuate Collection Set: 0.35ms
[2026-06-17T10:06:37.068+0800][16.718s][info][gc,phases   ] GC(553)   Post Evacuate Collection Set: 0.19ms
[2026-06-17T10:06:37.068+0800][16.719s][info][gc,phases   ] GC(553)   Other: 0.48ms
[2026-06-17T10:06:37.068+0800][16.719s][info][gc,heap     ] GC(553) Eden regions: 11->0(6)
[2026-06-17T10:06:37.068+0800][16.719s][info][gc,heap     ] GC(553) Survivor regions: 1->2(2)
[2026-06-17T10:06:37.069+0800][16.719s][info][gc,heap     ] GC(553) Old regions: 28->31
[2026-06-17T10:06:37.069+0800][16.719s][info][gc,heap     ] GC(553) Humongous regions: 17->17
[2026-06-17T10:06:37.069+0800][16.720s][info][gc,metaspace] GC(553) Metaspace: 116K(320K)->116K(320K) NonClass: 109K(192K)->109K(192K) Class: 7K(128K)->7K(128K)
[2026-06-17T10:06:37.069+0800][16.720s][info][gc          ] GC(553) Pause Young (Prepare Mixed) (G1 Evacuation Pause) 56M->49M(64M) 3.762ms
[2026-06-17T10:06:37.069+0800][16.720s][info][gc,cpu      ] GC(553) User=0.00s Sys=0.00s Real=0.00s
[2026-06-17T10:06:37.080+0800][16.731s][info][gc,start    ] GC(554) Pause Young (Mixed) (G1 Evacuation Pause)
[2026-06-17T10:06:37.081+0800][16.731s][info][gc,task     ] GC(554) Using 2 workers of 18 for evacuation
[2026-06-17T10:06:37.082+0800][16.732s][info][gc,phases   ] GC(554)   Pre Evacuate Collection Set: 0.10ms
[2026-06-17T10:06:37.082+0800][16.732s][info][gc,phases   ] GC(554)   Merge Heap Roots: 0.04ms
[2026-06-17T10:06:37.082+0800][16.733s][info][gc,phases   ] GC(554)   Evacuate Collection Set: 0.50ms
[2026-06-17T10:06:37.082+0800][16.733s][info][gc,phases   ] GC(554)   Post Evacuate Collection Set: 0.14ms
[2026-06-17T10:06:37.082+0800][16.733s][info][gc,phases   ] GC(554)   Other: 0.29ms
[2026-06-17T10:06:37.082+0800][16.733s][info][gc,heap     ] GC(554) Eden regions: 6->0(5)
[2026-06-17T10:06:37.083+0800][16.733s][info][gc,heap     ] GC(554) Survivor regions: 2->1(1)
[2026-06-17T10:06:37.083+0800][16.733s][info][gc,heap     ] GC(554) Old regions: 31->32
[2026-06-17T10:06:37.083+0800][16.733s][info][gc,heap     ] GC(554) Humongous regions: 17->17
[2026-06-17T10:06:37.083+0800][16.733s][info][gc,metaspace] GC(554) Metaspace: 116K(320K)->116K(320K) NonClass: 109K(192K)->109K(192K) Class: 7K(128K)->7K(128K)
[2026-06-17T10:06:37.083+0800][16.734s][info][gc          ] GC(554) Pause Young (Mixed) (G1 Evacuation Pause) 55M->49M(64M) 2.804ms
[2026-06-17T10:06:37.083+0800][16.734s][info][gc,cpu      ] GC(554) User=0.01s Sys=0.00s Real=0.01s
[2026-06-17T10:06:37.105+0800][16.755s][info][gc,start    ] GC(555) Pause Young (Concurrent Start) (G1 Evacuation Pause)
[2026-06-17T10:06:37.105+0800][16.756s][info][gc,task     ] GC(555) Using 2 workers of 18 for evacuation
[2026-06-17T10:06:37.106+0800][16.757s][info][gc,phases   ] GC(555)   Pre Evacuate Collection Set: 0.19ms
[2026-06-17T10:06:37.107+0800][16.757s][info][gc,phases   ] GC(555)   Merge Heap Roots: 0.06ms
[2026-06-17T10:06:37.107+0800][16.758s][info][gc,phases   ] GC(555)   Evacuate Collection Set: 0.23ms
[2026-06-17T10:06:37.107+0800][16.758s][info][gc,phases   ] GC(555)   Post Evacuate Collection Set: 0.21ms
[2026-06-17T10:06:37.108+0800][16.758s][info][gc,phases   ] GC(555)   Other: 0.41ms
[2026-06-17T10:06:37.108+0800][16.758s][info][gc,heap     ] GC(555) Eden regions: 5->0(4)
[2026-06-17T10:06:37.108+0800][16.759s][info][gc,heap     ] GC(555) Survivor regions: 1->1(1)
[2026-06-17T10:06:37.108+0800][16.759s][info][gc,heap     ] GC(555) Old regions: 32->34
[2026-06-17T10:06:37.109+0800][16.759s][info][gc,heap     ] GC(555) Humongous regions: 17->17
[2026-06-17T10:06:37.109+0800][16.759s][info][gc,metaspace] GC(555) Metaspace: 116K(320K)->116K(320K) NonClass: 109K(192K)->109K(192K) Class: 7K(128K)->7K(128K)
[2026-06-17T10:06:37.109+0800][16.759s][info][gc          ] GC(555) Pause Young (Concurrent Start) (G1 Evacuation Pause) 54M->51M(64M) 4.079ms
[2026-06-17T10:06:37.109+0800][16.760s][info][gc,cpu      ] GC(555) User=0.00s Sys=0.00s Real=0.00s
[2026-06-17T10:06:37.109+0800][16.760s][info][gc          ] GC(556) Concurrent Mark Cycle
[2026-06-17T10:06:37.109+0800][16.760s][info][gc,marking  ] GC(556) Concurrent Scan Root Regions
[2026-06-17T10:06:37.110+0800][16.760s][info][gc,start    ] GC(557) Pause Young (Normal) (G1 Evacuation Pause)
[2026-06-17T10:06:37.110+0800][16.760s][info][gc,marking  ] GC(556) Concurrent Scan Root Regions 0.290ms
[2026-06-17T10:06:37.110+0800][16.761s][info][gc,marking  ] GC(556) Concurrent Mark
[2026-06-17T10:06:37.110+0800][16.761s][info][gc,marking  ] GC(556) Concurrent Mark From Roots
[2026-06-17T10:06:37.111+0800][16.761s][info][gc,task     ] GC(556) Using 5 workers of 5 for marking
[2026-06-17T10:06:37.110+0800][16.761s][info][gc,task     ] GC(557) Using 2 workers of 18 for evacuation
[2026-06-17T10:06:37.111+0800][16.762s][info][gc,phases   ] GC(557)   Pre Evacuate Collection Set: 0.08ms
[2026-06-17T10:06:37.111+0800][16.762s][info][gc,phases   ] GC(557)   Merge Heap Roots: 0.03ms
[2026-06-17T10:06:37.111+0800][16.762s][info][gc,phases   ] GC(557)   Evacuate Collection Set: 0.14ms
[2026-06-17T10:06:37.111+0800][16.762s][info][gc,phases   ] GC(557)   Post Evacuate Collection Set: 0.13ms
[2026-06-17T10:06:37.112+0800][16.762s][info][gc,phases   ] GC(557)   Other: 0.64ms
[2026-06-17T10:06:37.112+0800][16.762s][info][gc,heap     ] GC(557) Eden regions: 4->0(4)
[2026-06-17T10:06:37.112+0800][16.762s][info][gc,heap     ] GC(557) Survivor regions: 1->1(1)
[2026-06-17T10:06:37.112+0800][16.762s][info][gc,heap     ] GC(557) Old regions: 34->34
[2026-06-17T10:06:37.112+0800][16.762s][info][gc,heap     ] GC(557) Humongous regions: 17->17
[2026-06-17T10:06:37.112+0800][16.763s][info][gc,metaspace] GC(557) Metaspace: 116K(320K)->116K(320K) NonClass: 109K(192K)->109K(192K) Class: 7K(128K)->7K(128K)
[2026-06-17T10:06:37.112+0800][16.763s][info][gc          ] GC(557) Pause Young (Normal) (G1 Evacuation Pause) 55M->51M(64M) 2.527ms
[2026-06-17T10:06:37.112+0800][16.763s][info][gc,cpu      ] GC(557) User=0.00s Sys=0.00s Real=0.01s
[2026-06-17T10:06:37.114+0800][16.764s][info][gc,marking  ] GC(556) Concurrent Mark From Roots 3.172ms
[2026-06-17T10:06:37.114+0800][16.764s][info][gc,marking  ] GC(556) Concurrent Preclean
[2026-06-17T10:06:37.114+0800][16.765s][info][gc,marking  ] GC(556) Concurrent Preclean 0.225ms
[2026-06-17T10:06:37.114+0800][16.765s][info][gc,start    ] GC(556) Pause Remark
[2026-06-17T10:06:37.115+0800][16.765s][info][gc          ] GC(556) Pause Remark 52M->48M(64M) 0.543ms
[2026-06-17T10:06:37.115+0800][16.766s][info][gc,cpu      ] GC(556) User=0.00s Sys=0.00s Real=0.00s
[2026-06-17T10:06:37.115+0800][16.766s][info][gc,marking  ] GC(556) Concurrent Mark 4.977ms
[2026-06-17T10:06:37.115+0800][16.766s][info][gc,marking  ] GC(556) Concurrent Rebuild Remembered Sets and Scrub Regions
[2026-06-17T10:06:37.116+0800][16.766s][info][gc,marking  ] GC(556) Concurrent Rebuild Remembered Sets and Scrub Regions 0.480ms
[2026-06-17T10:06:37.116+0800][16.767s][info][gc,start    ] GC(556) Pause Cleanup
[2026-06-17T10:06:37.116+0800][16.767s][info][gc          ] GC(556) Pause Cleanup 48M->48M(64M) 0.137ms
[2026-06-17T10:06:37.116+0800][16.767s][info][gc,cpu      ] GC(556) User=0.00s Sys=0.00s Real=0.00s
[2026-06-17T10:06:37.116+0800][16.767s][info][gc,marking  ] GC(556) Concurrent Clear Claimed Marks
[2026-06-17T10:06:37.116+0800][16.767s][info][gc,marking  ] GC(556) Concurrent Clear Claimed Marks 0.087ms
[2026-06-17T10:06:37.117+0800][16.767s][info][gc,marking  ] GC(556) Concurrent Cleanup for Next Mark
[2026-06-17T10:06:37.117+0800][16.767s][info][gc,marking  ] GC(556) Concurrent Cleanup for Next Mark 0.272ms
[2026-06-17T10:06:37.117+0800][16.767s][info][gc          ] GC(556) Concurrent Mark Cycle 7.783ms
[2026-06-17T10:06:37.123+0800][16.773s][info][gc,start    ] GC(558) Pause Young (Prepare Mixed) (G1 Evacuation Pause)
[2026-06-17T10:06:37.123+0800][16.774s][info][gc,task     ] GC(558) Using 2 workers of 18 for evacuation
[2026-06-17T10:06:37.124+0800][16.774s][info][gc,phases   ] GC(558)   Pre Evacuate Collection Set: 0.10ms
[2026-06-17T10:06:37.124+0800][16.775s][info][gc,phases   ] GC(558)   Merge Heap Roots: 0.04ms
[2026-06-17T10:06:37.124+0800][16.775s][info][gc,phases   ] GC(558)   Evacuate Collection Set: 0.37ms
[2026-06-17T10:06:37.124+0800][16.775s][info][gc,phases   ] GC(558)   Post Evacuate Collection Set: 0.14ms
[2026-06-17T10:06:37.124+0800][16.775s][info][gc,phases   ] GC(558)   Other: 0.15ms
[2026-06-17T10:06:37.124+0800][16.775s][info][gc,heap     ] GC(558) Eden regions: 4->0(3)
[2026-06-17T10:06:37.124+0800][16.775s][info][gc,heap     ] GC(558) Survivor regions: 1->1(1)
[2026-06-17T10:06:37.125+0800][16.775s][info][gc,heap     ] GC(558) Old regions: 30->35
[2026-06-17T10:06:37.125+0800][16.775s][info][gc,heap     ] GC(558) Humongous regions: 17->17
[2026-06-17T10:06:37.125+0800][16.775s][info][gc,metaspace] GC(558) Metaspace: 116K(320K)->116K(320K) NonClass: 109K(192K)->109K(192K) Class: 7K(128K)->7K(128K)
[2026-06-17T10:06:37.125+0800][16.775s][info][gc          ] GC(558) Pause Young (Prepare Mixed) (G1 Evacuation Pause) 51M->52M(64M) 1.954ms
[2026-06-17T10:06:37.125+0800][16.775s][info][gc,cpu      ] GC(558) User=0.00s Sys=0.00s Real=0.00s
[2026-06-17T10:06:37.135+0800][16.786s][info][gc,start    ] GC(559) Pause Young (Mixed) (G1 Evacuation Pause)
[2026-06-17T10:06:37.136+0800][16.786s][info][gc,task     ] GC(559) Using 2 workers of 18 for evacuation
[2026-06-17T10:06:37.137+0800][16.787s][info][gc,phases   ] GC(559)   Pre Evacuate Collection Set: 0.13ms
[2026-06-17T10:06:37.137+0800][16.788s][info][gc,phases   ] GC(559)   Merge Heap Roots: 0.05ms
[2026-06-17T10:06:37.137+0800][16.788s][info][gc,phases   ] GC(559)   Evacuate Collection Set: 0.38ms
[2026-06-17T10:06:37.137+0800][16.788s][info][gc,phases   ] GC(559)   Post Evacuate Collection Set: 0.18ms
[2026-06-17T10:06:37.138+0800][16.788s][info][gc,phases   ] GC(559)   Other: 0.27ms
[2026-06-17T10:06:37.138+0800][16.788s][info][gc,heap     ] GC(559) Eden regions: 3->0(5)
[2026-06-17T10:06:37.138+0800][16.789s][info][gc,heap     ] GC(559) Survivor regions: 1->1(1)
[2026-06-17T10:06:37.138+0800][16.789s][info][gc,heap     ] GC(559) Old regions: 35->31
[2026-06-17T10:06:37.139+0800][16.789s][info][gc,heap     ] GC(559) Humongous regions: 17->17
[2026-06-17T10:06:37.139+0800][16.789s][info][gc,metaspace] GC(559) Metaspace: 116K(320K)->116K(320K) NonClass: 109K(192K)->109K(192K) Class: 7K(128K)->7K(128K)
[2026-06-17T10:06:37.139+0800][16.790s][info][gc          ] GC(559) Pause Young (Mixed) (G1 Evacuation Pause) 55M->48M(64M) 3.601ms
[2026-06-17T10:06:37.139+0800][16.790s][info][gc,cpu      ] GC(559) User=0.00s Sys=0.00s Real=0.00s
[2026-06-17T10:06:37.150+0800][16.801s][info][gc,start    ] GC(560) Pause Young (Mixed) (G1 Evacuation Pause)
[2026-06-17T10:06:37.151+0800][16.802s][info][gc,task     ] GC(560) Using 2 workers of 18 for evacuation
[2026-06-17T10:06:37.152+0800][16.803s][info][gc,phases   ] GC(560)   Pre Evacuate Collection Set: 0.10ms
[2026-06-17T10:06:37.153+0800][16.803s][info][gc,phases   ] GC(560)   Merge Heap Roots: 0.05ms
[2026-06-17T10:06:37.153+0800][16.803s][info][gc,phases   ] GC(560)   Evacuate Collection Set: 0.44ms
[2026-06-17T10:06:37.153+0800][16.804s][info][gc,phases   ] GC(560)   Post Evacuate Collection Set: 0.19ms
[2026-06-17T10:06:37.153+0800][16.804s][info][gc,phases   ] GC(560)   Other: 0.51ms
[2026-06-17T10:06:37.154+0800][16.804s][info][gc,heap     ] GC(560) Eden regions: 5->0(7)
[2026-06-17T10:06:37.154+0800][16.804s][info][gc,heap     ] GC(560) Survivor regions: 1->1(1)
[2026-06-17T10:06:37.154+0800][16.804s][info][gc,heap     ] GC(560) Old regions: 31->27
[2026-06-17T10:06:37.154+0800][16.805s][info][gc,heap     ] GC(560) Humongous regions: 17->17
[2026-06-17T10:06:37.154+0800][16.805s][info][gc,metaspace] GC(560) Metaspace: 116K(320K)->116K(320K) NonClass: 109K(192K)->109K(192K) Class: 7K(128K)->7K(128K)
[2026-06-17T10:06:37.154+0800][16.805s][info][gc          ] GC(560) Pause Young (Mixed) (G1 Evacuation Pause) 53M->44M(64M) 4.058ms
[2026-06-17T10:06:37.155+0800][16.805s][info][gc,cpu      ] GC(560) User=0.01s Sys=0.00s Real=0.01s
[2026-06-17T10:06:37.176+0800][16.826s][info][gc,start    ] GC(561) Pause Young (Concurrent Start) (G1 Evacuation Pause)
[2026-06-17T10:06:37.176+0800][16.827s][info][gc,task     ] GC(561) Using 2 workers of 18 for evacuation
[2026-06-17T10:06:37.177+0800][16.828s][info][gc,phases   ] GC(561)   Pre Evacuate Collection Set: 0.27ms
[2026-06-17T10:06:37.177+0800][16.828s][info][gc,phases   ] GC(561)   Merge Heap Roots: 0.05ms
[2026-06-17T10:06:37.177+0800][16.828s][info][gc,phases   ] GC(561)   Evacuate Collection Set: 0.36ms
[2026-06-17T10:06:37.178+0800][16.828s][info][gc,phases   ] GC(561)   Post Evacuate Collection Set: 0.15ms
[2026-06-17T10:06:37.178+0800][16.828s][info][gc,phases   ] GC(561)   Other: 0.28ms
[2026-06-17T10:06:37.178+0800][16.828s][info][gc,heap     ] GC(561) Eden regions: 7->0(5)
[2026-06-17T10:06:37.178+0800][16.828s][info][gc,heap     ] GC(561) Survivor regions: 1->1(1)
[2026-06-17T10:06:37.178+0800][16.828s][info][gc,heap     ] GC(561) Old regions: 27->31
[2026-06-17T10:06:37.178+0800][16.829s][info][gc,heap     ] GC(561) Humongous regions: 17->17
[2026-06-17T10:06:37.178+0800][16.829s][info][gc,metaspace] GC(561) Metaspace: 116K(320K)->116K(320K) NonClass: 109K(192K)->109K(192K) Class: 7K(128K)->7K(128K)
[2026-06-17T10:06:37.178+0800][16.829s][info][gc          ] GC(561) Pause Young (Concurrent Start) (G1 Evacuation Pause) 51M->48M(64M) 2.643ms
[2026-06-17T10:06:37.178+0800][16.829s][info][gc,cpu      ] GC(561) User=0.00s Sys=0.00s Real=0.00s
[2026-06-17T10:06:37.178+0800][16.829s][info][gc          ] GC(562) Concurrent Mark Cycle
[2026-06-17T10:06:37.179+0800][16.829s][info][gc,marking  ] GC(562) Concurrent Scan Root Regions
[2026-06-17T10:06:37.179+0800][16.829s][info][gc,marking  ] GC(562) Concurrent Scan Root Regions 0.208ms
[2026-06-17T10:06:37.179+0800][16.829s][info][gc,marking  ] GC(562) Concurrent Mark
[2026-06-17T10:06:37.179+0800][16.830s][info][gc,marking  ] GC(562) Concurrent Mark From Roots
[2026-06-17T10:06:37.179+0800][16.830s][info][gc,task     ] GC(562) Using 5 workers of 5 for marking
[2026-06-17T10:06:37.181+0800][16.831s][info][gc,marking  ] GC(562) Concurrent Mark From Roots 1.583ms
[2026-06-17T10:06:37.181+0800][16.832s][info][gc,marking  ] GC(562) Concurrent Preclean
[2026-06-17T10:06:37.182+0800][16.832s][info][gc,marking  ] GC(562) Concurrent Preclean 0.476ms
[2026-06-17T10:06:37.184+0800][16.834s][info][gc,start    ] GC(562) Pause Remark
[2026-06-17T10:06:37.185+0800][16.836s][info][gc          ] GC(562) Pause Remark 49M->46M(64M) 1.697ms
[2026-06-17T10:06:37.187+0800][16.838s][info][gc,cpu      ] GC(562) User=0.00s Sys=0.00s Real=0.00s
[2026-06-17T10:06:37.189+0800][16.839s][info][gc,marking  ] GC(562) Concurrent Mark 9.862ms
[2026-06-17T10:06:37.189+0800][16.840s][info][gc,marking  ] GC(562) Concurrent Rebuild Remembered Sets and Scrub Regions
[2026-06-17T10:06:37.189+0800][16.840s][info][gc,start    ] GC(563) Pause Young (Normal) (G1 Evacuation Pause)
[2026-06-17T10:06:37.193+0800][16.844s][info][gc,task     ] GC(563) Using 2 workers of 18 for evacuation
[2026-06-17T10:06:37.194+0800][16.845s][info][gc,phases   ] GC(563)   Pre Evacuate Collection Set: 0.13ms
[2026-06-17T10:06:37.194+0800][16.845s][info][gc,phases   ] GC(563)   Merge Heap Roots: 0.07ms
[2026-06-17T10:06:37.194+0800][16.845s][info][gc,phases   ] GC(563)   Evacuate Collection Set: 0.23ms
[2026-06-17T10:06:37.195+0800][16.845s][info][gc,phases   ] GC(563)   Post Evacuate Collection Set: 0.17ms
[2026-06-17T10:06:37.195+0800][16.845s][info][gc,phases   ] GC(563)   Other: 0.34ms
[2026-06-17T10:06:37.195+0800][16.845s][info][gc,heap     ] GC(563) Eden regions: 5->0(7)
[2026-06-17T10:06:37.195+0800][16.845s][info][gc,heap     ] GC(563) Survivor regions: 1->1(1)
[2026-06-17T10:06:37.195+0800][16.845s][info][gc,heap     ] GC(563) Old regions: 28->29
[2026-06-17T10:06:37.195+0800][16.846s][info][gc,heap     ] GC(563) Humongous regions: 17->17
[2026-06-17T10:06:37.195+0800][16.846s][info][gc,metaspace] GC(563) Metaspace: 116K(320K)->116K(320K) NonClass: 109K(192K)->109K(192K) Class: 7K(128K)->7K(128K)
[2026-06-17T10:06:37.195+0800][16.846s][info][gc          ] GC(563) Pause Young (Normal) (G1 Evacuation Pause) 50M->46M(64M) 5.987ms
[2026-06-17T10:06:37.195+0800][16.846s][info][gc,cpu      ] GC(563) User=0.00s Sys=0.00s Real=0.01s
[2026-06-17T10:06:37.196+0800][16.846s][info][gc,marking  ] GC(562) Concurrent Rebuild Remembered Sets and Scrub Regions 6.573ms
[2026-06-17T10:06:37.196+0800][16.846s][info][gc,start    ] GC(562) Pause Cleanup
[2026-06-17T10:06:37.196+0800][16.847s][info][gc          ] GC(562) Pause Cleanup 47M->47M(64M) 0.087ms
[2026-06-17T10:06:37.196+0800][16.847s][info][gc,cpu      ] GC(562) User=0.00s Sys=0.00s Real=0.00s
[2026-06-17T10:06:37.196+0800][16.847s][info][gc,marking  ] GC(562) Concurrent Clear Claimed Marks
[2026-06-17T10:06:37.196+0800][16.847s][info][gc,marking  ] GC(562) Concurrent Clear Claimed Marks 0.078ms
[2026-06-17T10:06:37.196+0800][16.847s][info][gc,marking  ] GC(562) Concurrent Cleanup for Next Mark
[2026-06-17T10:06:37.197+0800][16.847s][info][gc,marking  ] GC(562) Concurrent Cleanup for Next Mark 0.171ms
[2026-06-17T10:06:37.197+0800][16.847s][info][gc          ] GC(562) Concurrent Mark Cycle 18.258ms
[2026-06-17T10:06:37.216+0800][16.867s][info][gc,start    ] GC(564) Pause Young (Prepare Mixed) (G1 Evacuation Pause)
[2026-06-17T10:06:37.217+0800][16.867s][info][gc,task     ] GC(564) Using 2 workers of 18 for evacuation
[2026-06-17T10:06:37.218+0800][16.868s][info][gc,phases   ] GC(564)   Pre Evacuate Collection Set: 0.10ms
[2026-06-17T10:06:37.218+0800][16.868s][info][gc,phases   ] GC(564)   Merge Heap Roots: 0.04ms
[2026-06-17T10:06:37.218+0800][16.869s][info][gc,phases   ] GC(564)   Evacuate Collection Set: 0.36ms
[2026-06-17T10:06:37.218+0800][16.869s][info][gc,phases   ] GC(564)   Post Evacuate Collection Set: 0.22ms
[2026-06-17T10:06:37.218+0800][16.869s][info][gc,phases   ] GC(564)   Other: 0.20ms
[2026-06-17T10:06:37.218+0800][16.869s][info][gc,heap     ] GC(564) Eden regions: 7->0(5)
[2026-06-17T10:06:37.218+0800][16.869s][info][gc,heap     ] GC(564) Survivor regions: 1->1(1)
[2026-06-17T10:06:37.219+0800][16.869s][info][gc,heap     ] GC(564) Old regions: 29->33
[2026-06-17T10:06:37.219+0800][16.869s][info][gc,heap     ] GC(564) Humongous regions: 17->17
[2026-06-17T10:06:37.219+0800][16.869s][info][gc,metaspace] GC(564) Metaspace: 116K(320K)->116K(320K) NonClass: 109K(192K)->109K(192K) Class: 7K(128K)->7K(128K)
[2026-06-17T10:06:37.219+0800][16.869s][info][gc          ] GC(564) Pause Young (Prepare Mixed) (G1 Evacuation Pause) 53M->50M(64M) 2.357ms
[2026-06-17T10:06:37.219+0800][16.869s][info][gc,cpu      ] GC(564) User=0.00s Sys=0.00s Real=0.00s
[2026-06-17T10:06:37.230+0800][16.880s][info][gc,start    ] GC(565) Pause Young (Mixed) (G1 Evacuation Pause)
[2026-06-17T10:06:37.230+0800][16.880s][info][gc,task     ] GC(565) Using 2 workers of 18 for evacuation
[2026-06-17T10:06:37.231+0800][16.881s][info][gc,phases   ] GC(565)   Pre Evacuate Collection Set: 0.13ms
[2026-06-17T10:06:37.231+0800][16.882s][info][gc,phases   ] GC(565)   Merge Heap Roots: 0.04ms
[2026-06-17T10:06:37.231+0800][16.882s][info][gc,phases   ] GC(565)   Evacuate Collection Set: 0.40ms
[2026-06-17T10:06:37.231+0800][16.882s][info][gc,phases   ] GC(565)   Post Evacuate Collection Set: 0.16ms
[2026-06-17T10:06:37.231+0800][16.882s][info][gc,phases   ] GC(565)   Other: 0.21ms
[2026-06-17T10:06:37.231+0800][16.882s][info][gc,heap     ] GC(565) Eden regions: 5->0(7)
[2026-06-17T10:06:37.232+0800][16.882s][info][gc,heap     ] GC(565) Survivor regions: 1->1(1)
[2026-06-17T10:06:37.232+0800][16.882s][info][gc,heap     ] GC(565) Old regions: 33->30
[2026-06-17T10:06:37.232+0800][16.883s][info][gc,heap     ] GC(565) Humongous regions: 17->17
[2026-06-17T10:06:37.232+0800][16.883s][info][gc,metaspace] GC(565) Metaspace: 116K(320K)->116K(320K) NonClass: 109K(192K)->109K(192K) Class: 7K(128K)->7K(128K)
[2026-06-17T10:06:37.232+0800][16.883s][info][gc          ] GC(565) Pause Young (Mixed) (G1 Evacuation Pause) 55M->47M(64M) 2.640ms
[2026-06-17T10:06:37.232+0800][16.883s][info][gc,cpu      ] GC(565) User=0.01s Sys=0.00s Real=0.01s
[2026-06-17T10:06:37.253+0800][16.904s][info][gc,start    ] GC(566) Pause Young (Concurrent Start) (G1 Evacuation Pause)
[2026-06-17T10:06:37.254+0800][16.904s][info][gc,task     ] GC(566) Using 2 workers of 18 for evacuation
[2026-06-17T10:06:37.255+0800][16.906s][info][gc,phases   ] GC(566)   Pre Evacuate Collection Set: 0.19ms
[2026-06-17T10:06:37.255+0800][16.906s][info][gc,phases   ] GC(566)   Merge Heap Roots: 0.04ms
[2026-06-17T10:06:37.256+0800][16.906s][info][gc,phases   ] GC(566)   Evacuate Collection Set: 0.38ms
[2026-06-17T10:06:37.256+0800][16.906s][info][gc,phases   ] GC(566)   Post Evacuate Collection Set: 0.16ms
[2026-06-17T10:06:37.256+0800][16.906s][info][gc,phases   ] GC(566)   Other: 0.56ms
[2026-06-17T10:06:37.256+0800][16.907s][info][gc,heap     ] GC(566) Eden regions: 7->0(5)
[2026-06-17T10:06:37.256+0800][16.907s][info][gc,heap     ] GC(566) Survivor regions: 1->1(1)
[2026-06-17T10:06:37.256+0800][16.907s][info][gc,heap     ] GC(566) Old regions: 30->34
[2026-06-17T10:06:37.256+0800][16.907s][info][gc,heap     ] GC(566) Humongous regions: 17->17
[2026-06-17T10:06:37.256+0800][16.907s][info][gc,metaspace] GC(566) Metaspace: 116K(320K)->116K(320K) NonClass: 109K(192K)->109K(192K) Class: 7K(128K)->7K(128K)
[2026-06-17T10:06:37.257+0800][16.907s][info][gc          ] GC(566) Pause Young (Concurrent Start) (G1 Evacuation Pause) 54M->51M(64M) 3.305ms
[2026-06-17T10:06:37.257+0800][16.907s][info][gc,cpu      ] GC(566) User=0.00s Sys=0.00s Real=0.00s
[2026-06-17T10:06:37.257+0800][16.907s][info][gc          ] GC(567) Concurrent Mark Cycle
[2026-06-17T10:06:37.257+0800][16.908s][info][gc,marking  ] GC(567) Concurrent Scan Root Regions
[2026-06-17T10:06:37.257+0800][16.908s][info][gc,marking  ] GC(567) Concurrent Scan Root Regions 0.130ms
[2026-06-17T10:06:37.257+0800][16.908s][info][gc,marking  ] GC(567) Concurrent Mark
[2026-06-17T10:06:37.257+0800][16.908s][info][gc,marking  ] GC(567) Concurrent Mark From Roots
[2026-06-17T10:06:37.257+0800][16.908s][info][gc,task     ] GC(567) Using 5 workers of 5 for marking
[2026-06-17T10:06:37.258+0800][16.909s][info][gc,marking  ] GC(567) Concurrent Mark From Roots 1.085ms
[2026-06-17T10:06:37.258+0800][16.909s][info][gc,marking  ] GC(567) Concurrent Preclean
[2026-06-17T10:06:37.259+0800][16.909s][info][gc,marking  ] GC(567) Concurrent Preclean 0.104ms
[2026-06-17T10:06:37.259+0800][16.909s][info][gc,start    ] GC(567) Pause Remark
[2026-06-17T10:06:37.259+0800][16.910s][info][gc          ] GC(567) Pause Remark 52M->44M(64M) 0.433ms
[2026-06-17T10:06:37.259+0800][16.910s][info][gc,cpu      ] GC(567) User=0.00s Sys=0.00s Real=0.00s
[2026-06-17T10:06:37.260+0800][16.910s][info][gc,marking  ] GC(567) Concurrent Mark 2.402ms
[2026-06-17T10:06:37.260+0800][16.910s][info][gc,marking  ] GC(567) Concurrent Rebuild Remembered Sets and Scrub Regions
[2026-06-17T10:06:37.260+0800][16.911s][info][gc,marking  ] GC(567) Concurrent Rebuild Remembered Sets and Scrub Regions 0.496ms
[2026-06-17T10:06:37.260+0800][16.911s][info][gc,start    ] GC(567) Pause Cleanup
[2026-06-17T10:06:37.261+0800][16.911s][info][gc          ] GC(567) Pause Cleanup 44M->44M(64M) 0.164ms
[2026-06-17T10:06:37.261+0800][16.911s][info][gc,cpu      ] GC(567) User=0.00s Sys=0.00s Real=0.00s
[2026-06-17T10:06:37.261+0800][16.911s][info][gc,marking  ] GC(567) Concurrent Clear Claimed Marks
[2026-06-17T10:06:37.261+0800][16.911s][info][gc,marking  ] GC(567) Concurrent Clear Claimed Marks 0.114ms
[2026-06-17T10:06:37.261+0800][16.912s][info][gc,marking  ] GC(567) Concurrent Cleanup for Next Mark
[2026-06-17T10:06:37.261+0800][16.912s][info][gc,marking  ] GC(567) Concurrent Cleanup for Next Mark 0.237ms
[2026-06-17T10:06:37.261+0800][16.912s][info][gc          ] GC(567) Concurrent Mark Cycle 4.552ms
[2026-06-17T10:06:37.267+0800][16.918s][info][gc,start    ] GC(568) Pause Young (Prepare Mixed) (G1 Evacuation Pause)
[2026-06-17T10:06:37.268+0800][16.918s][info][gc,task     ] GC(568) Using 2 workers of 18 for evacuation
[2026-06-17T10:06:37.269+0800][16.919s][info][gc,phases   ] GC(568)   Pre Evacuate Collection Set: 0.12ms
[2026-06-17T10:06:37.269+0800][16.919s][info][gc,phases   ] GC(568)   Merge Heap Roots: 0.04ms
[2026-06-17T10:06:37.269+0800][16.920s][info][gc,phases   ] GC(568)   Evacuate Collection Set: 0.14ms
[2026-06-17T10:06:37.269+0800][16.920s][info][gc,phases   ] GC(568)   Post Evacuate Collection Set: 0.16ms
[2026-06-17T10:06:37.269+0800][16.920s][info][gc,phases   ] GC(568)   Other: 0.26ms
[2026-06-17T10:06:37.270+0800][16.920s][info][gc,heap     ] GC(568) Eden regions: 5->0(8)
[2026-06-17T10:06:37.270+0800][16.920s][info][gc,heap     ] GC(568) Survivor regions: 1->1(1)
[2026-06-17T10:06:37.270+0800][16.921s][info][gc,heap     ] GC(568) Old regions: 26->27
[2026-06-17T10:06:37.270+0800][16.921s][info][gc,heap     ] GC(568) Humongous regions: 17->17
[2026-06-17T10:06:37.270+0800][16.921s][info][gc,metaspace] GC(568) Metaspace: 116K(320K)->116K(320K) NonClass: 109K(192K)->109K(192K) Class: 7K(128K)->7K(128K)
[2026-06-17T10:06:37.270+0800][16.921s][info][gc          ] GC(568) Pause Young (Prepare Mixed) (G1 Evacuation Pause) 48M->44M(64M) 2.749ms
[2026-06-17T10:06:37.270+0800][16.921s][info][gc,cpu      ] GC(568) User=0.00s Sys=0.00s Real=0.00s
[2026-06-17T10:06:37.291+0800][16.942s][info][gc,start    ] GC(569) Pause Young (Mixed) (G1 Evacuation Pause)
[2026-06-17T10:06:37.292+0800][16.942s][info][gc,task     ] GC(569) Using 2 workers of 18 for evacuation
[2026-06-17T10:06:37.293+0800][16.944s][info][gc,phases   ] GC(569)   Pre Evacuate Collection Set: 0.13ms
[2026-06-17T10:06:37.293+0800][16.944s][info][gc,phases   ] GC(569)   Merge Heap Roots: 0.05ms
[2026-06-17T10:06:37.293+0800][16.944s][info][gc,phases   ] GC(569)   Evacuate Collection Set: 0.46ms
[2026-06-17T10:06:37.294+0800][16.944s][info][gc,phases   ] GC(569)   Post Evacuate Collection Set: 0.18ms
[2026-06-17T10:06:37.294+0800][16.944s][info][gc,phases   ] GC(569)   Other: 0.30ms
[2026-06-17T10:06:37.294+0800][16.944s][info][gc,heap     ] GC(569) Eden regions: 8->0(8)
[2026-06-17T10:06:37.294+0800][16.945s][info][gc,heap     ] GC(569) Survivor regions: 1->2(2)
[2026-06-17T10:06:37.294+0800][16.945s][info][gc,heap     ] GC(569) Old regions: 27->26
[2026-06-17T10:06:37.294+0800][16.945s][info][gc,heap     ] GC(569) Humongous regions: 18->18
[2026-06-17T10:06:37.295+0800][16.945s][info][gc,metaspace] GC(569) Metaspace: 116K(320K)->116K(320K) NonClass: 109K(192K)->109K(192K) Class: 7K(128K)->7K(128K)
[2026-06-17T10:06:37.295+0800][16.945s][info][gc          ] GC(569) Pause Young (Mixed) (G1 Evacuation Pause) 53M->45M(64M) 3.291ms
[2026-06-17T10:06:37.295+0800][16.945s][info][gc,cpu      ] GC(569) User=0.00s Sys=0.00s Real=0.00s
[2026-06-17T10:06:37.316+0800][16.966s][info][gc,start    ] GC(570) Pause Young (Mixed) (G1 Evacuation Pause)
[2026-06-17T10:06:37.316+0800][16.967s][info][gc,task     ] GC(570) Using 2 workers of 18 for evacuation
[2026-06-17T10:06:37.317+0800][16.968s][info][gc,phases   ] GC(570)   Pre Evacuate Collection Set: 0.11ms
[2026-06-17T10:06:37.318+0800][16.968s][info][gc,phases   ] GC(570)   Merge Heap Roots: 0.05ms
[2026-06-17T10:06:37.318+0800][16.968s][info][gc,phases   ] GC(570)   Evacuate Collection Set: 0.60ms
[2026-06-17T10:06:37.318+0800][16.969s][info][gc,phases   ] GC(570)   Post Evacuate Collection Set: 0.17ms
[2026-06-17T10:06:37.318+0800][16.969s][info][gc,phases   ] GC(570)   Other: 0.24ms
[2026-06-17T10:06:37.318+0800][16.969s][info][gc,heap     ] GC(570) Eden regions: 8->0(7)
[2026-06-17T10:06:37.319+0800][16.969s][info][gc,heap     ] GC(570) Survivor regions: 2->2(2)
[2026-06-17T10:06:37.319+0800][16.969s][info][gc,heap     ] GC(570) Old regions: 26->26
[2026-06-17T10:06:37.319+0800][16.969s][info][gc,heap     ] GC(570) Humongous regions: 18->18
[2026-06-17T10:06:37.319+0800][16.970s][info][gc,metaspace] GC(570) Metaspace: 116K(320K)->116K(320K) NonClass: 109K(192K)->109K(192K) Class: 7K(128K)->7K(128K)
[2026-06-17T10:06:37.319+0800][16.970s][info][gc          ] GC(570) Pause Young (Mixed) (G1 Evacuation Pause) 53M->45M(64M) 3.303ms
[2026-06-17T10:06:37.320+0800][16.970s][info][gc,cpu      ] GC(570) User=0.01s Sys=0.00s Real=0.00s
[2026-06-17T10:06:37.341+0800][16.992s][info][gc,start    ] GC(571) Pause Young (Concurrent Start) (G1 Evacuation Pause)
[2026-06-17T10:06:37.341+0800][16.992s][info][gc,task     ] GC(571) Using 2 workers of 18 for evacuation
[2026-06-17T10:06:37.342+0800][16.993s][info][gc,phases   ] GC(571)   Pre Evacuate Collection Set: 0.17ms
[2026-06-17T10:06:37.342+0800][16.993s][info][gc,phases   ] GC(571)   Merge Heap Roots: 0.04ms
[2026-06-17T10:06:37.343+0800][16.993s][info][gc,phases   ] GC(571)   Evacuate Collection Set: 0.27ms
[2026-06-17T10:06:37.343+0800][16.993s][info][gc,phases   ] GC(571)   Post Evacuate Collection Set: 0.13ms
[2026-06-17T10:06:37.343+0800][16.993s][info][gc,phases   ] GC(571)   Other: 0.27ms
[2026-06-17T10:06:37.343+0800][16.993s][info][gc,heap     ] GC(571) Eden regions: 7->0(7)
[2026-06-17T10:06:37.343+0800][16.993s][info][gc,heap     ] GC(571) Survivor regions: 2->2(2)
[2026-06-17T10:06:37.343+0800][16.994s][info][gc,heap     ] GC(571) Old regions: 26->28
[2026-06-17T10:06:37.343+0800][16.994s][info][gc,heap     ] GC(571) Humongous regions: 18->18
[2026-06-17T10:06:37.343+0800][16.994s][info][gc,metaspace] GC(571) Metaspace: 116K(320K)->116K(320K) NonClass: 109K(192K)->109K(192K) Class: 7K(128K)->7K(128K)
[2026-06-17T10:06:37.343+0800][16.994s][info][gc          ] GC(571) Pause Young (Concurrent Start) (G1 Evacuation Pause) 52M->47M(64M) 2.253ms
[2026-06-17T10:06:37.343+0800][16.994s][info][gc,cpu      ] GC(571) User=0.00s Sys=0.01s Real=0.01s
[2026-06-17T10:06:37.343+0800][16.994s][info][gc          ] GC(572) Concurrent Mark Cycle
[2026-06-17T10:06:37.344+0800][16.994s][info][gc,marking  ] GC(572) Concurrent Scan Root Regions
[2026-06-17T10:06:37.344+0800][16.995s][info][gc,marking  ] GC(572) Concurrent Scan Root Regions 0.248ms
[2026-06-17T10:06:37.344+0800][16.995s][info][gc,marking  ] GC(572) Concurrent Mark
[2026-06-17T10:06:37.344+0800][16.995s][info][gc,marking  ] GC(572) Concurrent Mark From Roots
[2026-06-17T10:06:37.345+0800][16.995s][info][gc,task     ] GC(572) Using 5 workers of 5 for marking
[2026-06-17T10:06:37.346+0800][16.996s][info][gc,marking  ] GC(572) Concurrent Mark From Roots 1.509ms
[2026-06-17T10:06:37.346+0800][16.997s][info][gc,marking  ] GC(572) Concurrent Preclean
[2026-06-17T10:06:37.346+0800][16.997s][info][gc,marking  ] GC(572) Concurrent Preclean 0.154ms
[2026-06-17T10:06:37.346+0800][16.997s][info][gc,start    ] GC(572) Pause Remark
[2026-06-17T10:06:37.347+0800][16.997s][info][gc          ] GC(572) Pause Remark 50M->48M(64M) 0.491ms
[2026-06-17T10:06:37.347+0800][16.997s][info][gc,cpu      ] GC(572) User=0.00s Sys=0.00s Real=0.00s
[2026-06-17T10:06:37.347+0800][16.998s][info][gc,marking  ] GC(572) Concurrent Mark 2.814ms
[2026-06-17T10:06:37.347+0800][16.998s][info][gc,marking  ] GC(572) Concurrent Rebuild Remembered Sets and Scrub Regions
[2026-06-17T10:06:37.348+0800][16.998s][info][gc,marking  ] GC(572) Concurrent Rebuild Remembered Sets and Scrub Regions 0.440ms
[2026-06-17T10:06:37.348+0800][16.998s][info][gc,start    ] GC(572) Pause Cleanup
[2026-06-17T10:06:37.348+0800][16.998s][info][gc          ] GC(572) Pause Cleanup 48M->48M(64M) 0.084ms
[2026-06-17T10:06:37.348+0800][16.998s][info][gc,cpu      ] GC(572) User=0.00s Sys=0.00s Real=0.00s
[2026-06-17T10:06:37.348+0800][16.999s][info][gc,marking  ] GC(572) Concurrent Clear Claimed Marks
[2026-06-17T10:06:37.348+0800][16.999s][info][gc,marking  ] GC(572) Concurrent Clear Claimed Marks 0.095ms
[2026-06-17T10:06:37.348+0800][16.999s][info][gc,marking  ] GC(572) Concurrent Cleanup for Next Mark
[2026-06-17T10:06:37.348+0800][16.999s][info][gc,marking  ] GC(572) Concurrent Cleanup for Next Mark 0.143ms
[2026-06-17T10:06:37.348+0800][16.999s][info][gc          ] GC(572) Concurrent Mark Cycle 5.014ms
[2026-06-17T10:06:37.364+0800][17.015s][info][gc,start    ] GC(573) Pause Young (Prepare Mixed) (G1 Evacuation Pause)
[2026-06-17T10:06:37.365+0800][17.015s][info][gc,task     ] GC(573) Using 2 workers of 18 for evacuation
[2026-06-17T10:06:37.365+0800][17.016s][info][gc,phases   ] GC(573)   Pre Evacuate Collection Set: 0.10ms
[2026-06-17T10:06:37.366+0800][17.016s][info][gc,phases   ] GC(573)   Merge Heap Roots: 0.05ms
[2026-06-17T10:06:37.366+0800][17.016s][info][gc,phases   ] GC(573)   Evacuate Collection Set: 0.23ms
[2026-06-17T10:06:37.366+0800][17.016s][info][gc,phases   ] GC(573)   Post Evacuate Collection Set: 0.14ms
[2026-06-17T10:06:37.366+0800][17.016s][info][gc,phases   ] GC(573)   Other: 0.29ms
[2026-06-17T10:06:37.366+0800][17.017s][info][gc,heap     ] GC(573) Eden regions: 7->0(7)
[2026-06-17T10:06:37.366+0800][17.017s][info][gc,heap     ] GC(573) Survivor regions: 2->2(2)
[2026-06-17T10:06:37.366+0800][17.017s][info][gc,heap     ] GC(573) Old regions: 26->27
[2026-06-17T10:06:37.366+0800][17.017s][info][gc,heap     ] GC(573) Humongous regions: 18->18
[2026-06-17T10:06:37.366+0800][17.017s][info][gc,metaspace] GC(573) Metaspace: 116K(320K)->116K(320K) NonClass: 109K(192K)->109K(192K) Class: 7K(128K)->7K(128K)
[2026-06-17T10:06:37.366+0800][17.017s][info][gc          ] GC(573) Pause Young (Prepare Mixed) (G1 Evacuation Pause) 52M->46M(64M) 2.051ms
[2026-06-17T10:06:37.367+0800][17.017s][info][gc,cpu      ] GC(573) User=0.00s Sys=0.00s Real=0.00s
[2026-06-17T10:06:37.377+0800][17.028s][info][gc,start    ] GC(574) Pause Young (Mixed) (G1 Evacuation Pause)
[2026-06-17T10:06:37.377+0800][17.028s][info][gc,task     ] GC(574) Using 2 workers of 18 for evacuation
[2026-06-17T10:06:37.378+0800][17.029s][info][gc,phases   ] GC(574)   Pre Evacuate Collection Set: 0.09ms
[2026-06-17T10:06:37.378+0800][17.029s][info][gc,phases   ] GC(574)   Merge Heap Roots: 0.04ms
[2026-06-17T10:06:37.378+0800][17.029s][info][gc,phases   ] GC(574)   Evacuate Collection Set: 0.35ms
[2026-06-17T10:06:37.379+0800][17.029s][info][gc,phases   ] GC(574)   Post Evacuate Collection Set: 0.16ms
[2026-06-17T10:06:37.379+0800][17.029s][info][gc,phases   ] GC(574)   Other: 0.14ms
[2026-06-17T10:06:37.379+0800][17.029s][info][gc,heap     ] GC(574) Eden regions: 7->0(10)
[2026-06-17T10:06:37.379+0800][17.029s][info][gc,heap     ] GC(574) Survivor regions: 2->1(2)
[2026-06-17T10:06:37.379+0800][17.029s][info][gc,heap     ] GC(574) Old regions: 27->24
[2026-06-17T10:06:37.379+0800][17.029s][info][gc,heap     ] GC(574) Humongous regions: 18->18
[2026-06-17T10:06:37.379+0800][17.030s][info][gc,metaspace] GC(574) Metaspace: 116K(320K)->116K(320K) NonClass: 109K(192K)->109K(192K) Class: 7K(128K)->7K(128K)
[2026-06-17T10:06:37.379+0800][17.030s][info][gc          ] GC(574) Pause Young (Mixed) (G1 Evacuation Pause) 53M->42M(64M) 1.891ms
[2026-06-17T10:06:37.379+0800][17.030s][info][gc,cpu      ] GC(574) User=0.00s Sys=0.00s Real=0.00s
[2026-06-17T10:06:37.411+0800][17.061s][info][gc,start    ] GC(575) Pause Young (Mixed) (G1 Evacuation Pause)
[2026-06-17T10:06:37.411+0800][17.062s][info][gc,task     ] GC(575) Using 2 workers of 18 for evacuation
[2026-06-17T10:06:37.412+0800][17.063s][info][gc,phases   ] GC(575)   Pre Evacuate Collection Set: 0.19ms
[2026-06-17T10:06:37.412+0800][17.063s][info][gc,phases   ] GC(575)   Merge Heap Roots: 0.09ms
[2026-06-17T10:06:37.413+0800][17.063s][info][gc,phases   ] GC(575)   Evacuate Collection Set: 0.59ms
[2026-06-17T10:06:37.413+0800][17.063s][info][gc,phases   ] GC(575)   Post Evacuate Collection Set: 0.20ms
[2026-06-17T10:06:37.413+0800][17.063s][info][gc,phases   ] GC(575)   Other: 0.28ms
[2026-06-17T10:06:37.413+0800][17.064s][info][gc,heap     ] GC(575) Eden regions: 10->0(10)
[2026-06-17T10:06:37.413+0800][17.064s][info][gc,heap     ] GC(575) Survivor regions: 1->2(2)
[2026-06-17T10:06:37.413+0800][17.064s][info][gc,heap     ] GC(575) Old regions: 24->24
[2026-06-17T10:06:37.414+0800][17.064s][info][gc,heap     ] GC(575) Humongous regions: 18->18
[2026-06-17T10:06:37.414+0800][17.064s][info][gc,metaspace] GC(575) Metaspace: 116K(320K)->116K(320K) NonClass: 109K(192K)->109K(192K) Class: 7K(128K)->7K(128K)
[2026-06-17T10:06:37.414+0800][17.064s][info][gc          ] GC(575) Pause Young (Mixed) (G1 Evacuation Pause) 52M->43M(64M) 3.089ms
[2026-06-17T10:06:37.414+0800][17.064s][info][gc,cpu      ] GC(575) User=0.00s Sys=0.00s Real=0.00s
[2026-06-17T10:06:37.435+0800][17.085s][info][gc,start    ] GC(576) Pause Young (Concurrent Start) (G1 Evacuation Pause)
[2026-06-17T10:06:37.435+0800][17.086s][info][gc,task     ] GC(576) Using 2 workers of 18 for evacuation
[2026-06-17T10:06:37.437+0800][17.088s][info][gc,phases   ] GC(576)   Pre Evacuate Collection Set: 0.24ms
[2026-06-17T10:06:37.437+0800][17.088s][info][gc,phases   ] GC(576)   Merge Heap Roots: 0.07ms
[2026-06-17T10:06:37.438+0800][17.088s][info][gc,phases   ] GC(576)   Evacuate Collection Set: 0.49ms
[2026-06-17T10:06:37.438+0800][17.089s][info][gc,phases   ] GC(576)   Post Evacuate Collection Set: 0.31ms
[2026-06-17T10:06:37.438+0800][17.089s][info][gc,phases   ] GC(576)   Other: 0.48ms
[2026-06-17T10:06:37.438+0800][17.089s][info][gc,heap     ] GC(576) Eden regions: 10->0(7)
[2026-06-17T10:06:37.438+0800][17.089s][info][gc,heap     ] GC(576) Survivor regions: 2->2(2)
[2026-06-17T10:06:37.439+0800][17.089s][info][gc,heap     ] GC(576) Old regions: 24->28
[2026-06-17T10:06:37.439+0800][17.089s][info][gc,heap     ] GC(576) Humongous regions: 18->18
[2026-06-17T10:06:37.439+0800][17.089s][info][gc,metaspace] GC(576) Metaspace: 116K(320K)->116K(320K) NonClass: 109K(192K)->109K(192K) Class: 7K(128K)->7K(128K)
[2026-06-17T10:06:37.439+0800][17.090s][info][gc          ] GC(576) Pause Young (Concurrent Start) (G1 Evacuation Pause) 53M->47M(64M) 4.093ms
[2026-06-17T10:06:37.439+0800][17.090s][info][gc,cpu      ] GC(576) User=0.01s Sys=0.00s Real=0.00s
[2026-06-17T10:06:37.439+0800][17.090s][info][gc          ] GC(577) Concurrent Mark Cycle
[2026-06-17T10:06:37.439+0800][17.090s][info][gc,marking  ] GC(577) Concurrent Scan Root Regions
[2026-06-17T10:06:37.440+0800][17.090s][info][gc,marking  ] GC(577) Concurrent Scan Root Regions 0.161ms
[2026-06-17T10:06:37.440+0800][17.090s][info][gc,marking  ] GC(577) Concurrent Mark
[2026-06-17T10:06:37.440+0800][17.090s][info][gc,marking  ] GC(577) Concurrent Mark From Roots
[2026-06-17T10:06:37.440+0800][17.091s][info][gc,task     ] GC(577) Using 5 workers of 5 for marking
[2026-06-17T10:06:37.441+0800][17.092s][info][gc,marking  ] GC(577) Concurrent Mark From Roots 1.204ms
[2026-06-17T10:06:37.442+0800][17.092s][info][gc,marking  ] GC(577) Concurrent Preclean
[2026-06-17T10:06:37.442+0800][17.092s][info][gc,marking  ] GC(577) Concurrent Preclean 0.147ms
[2026-06-17T10:06:37.442+0800][17.092s][info][gc,start    ] GC(577) Pause Remark
[2026-06-17T10:06:37.442+0800][17.093s][info][gc          ] GC(577) Pause Remark 48M->41M(64M) 0.452ms
[2026-06-17T10:06:37.442+0800][17.093s][info][gc,cpu      ] GC(577) User=0.00s Sys=0.00s Real=0.01s
[2026-06-17T10:06:37.443+0800][17.093s][info][gc,marking  ] GC(577) Concurrent Mark 2.836ms
[2026-06-17T10:06:37.443+0800][17.093s][info][gc,marking  ] GC(577) Concurrent Rebuild Remembered Sets and Scrub Regions
[2026-06-17T10:06:37.443+0800][17.094s][info][gc,marking  ] GC(577) Concurrent Rebuild Remembered Sets and Scrub Regions 0.449ms
[2026-06-17T10:06:37.443+0800][17.094s][info][gc,start    ] GC(577) Pause Cleanup
[2026-06-17T10:06:37.443+0800][17.094s][info][gc          ] GC(577) Pause Cleanup 41M->41M(64M) 0.099ms
[2026-06-17T10:06:37.444+0800][17.094s][info][gc,cpu      ] GC(577) User=0.00s Sys=0.00s Real=0.00s
[2026-06-17T10:06:37.444+0800][17.094s][info][gc,marking  ] GC(577) Concurrent Clear Claimed Marks
[2026-06-17T10:06:37.444+0800][17.094s][info][gc,marking  ] GC(577) Concurrent Clear Claimed Marks 0.143ms
[2026-06-17T10:06:37.444+0800][17.094s][info][gc,marking  ] GC(577) Concurrent Cleanup for Next Mark
[2026-06-17T10:06:37.444+0800][17.095s][info][gc,marking  ] GC(577) Concurrent Cleanup for Next Mark 0.190ms
[2026-06-17T10:06:37.444+0800][17.095s][info][gc          ] GC(577) Concurrent Mark Cycle 5.031ms
[2026-06-17T10:06:37.460+0800][17.111s][info][gc,start    ] GC(578) Pause Young (Prepare Mixed) (G1 Evacuation Pause)
[2026-06-17T10:06:37.461+0800][17.111s][info][gc,task     ] GC(578) Using 2 workers of 18 for evacuation
[2026-06-17T10:06:37.461+0800][17.112s][info][gc,phases   ] GC(578)   Pre Evacuate Collection Set: 0.10ms
[2026-06-17T10:06:37.462+0800][17.112s][info][gc,phases   ] GC(578)   Merge Heap Roots: 0.05ms
[2026-06-17T10:06:37.462+0800][17.112s][info][gc,phases   ] GC(578)   Evacuate Collection Set: 0.26ms
[2026-06-17T10:06:37.462+0800][17.113s][info][gc,phases   ] GC(578)   Post Evacuate Collection Set: 0.14ms
[2026-06-17T10:06:37.462+0800][17.113s][info][gc,phases   ] GC(578)   Other: 0.23ms
[2026-06-17T10:06:37.462+0800][17.113s][info][gc,heap     ] GC(578) Eden regions: 7->0(11)
[2026-06-17T10:06:37.463+0800][17.113s][info][gc,heap     ] GC(578) Survivor regions: 2->2(2)
[2026-06-17T10:06:37.463+0800][17.113s][info][gc,heap     ] GC(578) Old regions: 21->22
[2026-06-17T10:06:37.463+0800][17.114s][info][gc,heap     ] GC(578) Humongous regions: 18->18
[2026-06-17T10:06:37.463+0800][17.114s][info][gc,metaspace] GC(578) Metaspace: 116K(320K)->116K(320K) NonClass: 109K(192K)->109K(192K) Class: 7K(128K)->7K(128K)
[2026-06-17T10:06:37.463+0800][17.114s][info][gc          ] GC(578) Pause Young (Prepare Mixed) (G1 Evacuation Pause) 47M->41M(64M) 3.042ms
[2026-06-17T10:06:37.464+0800][17.114s][info][gc,cpu      ] GC(578) User=0.00s Sys=0.00s Real=0.01s
[2026-06-17T10:06:37.485+0800][17.136s][info][gc,start    ] GC(579) Pause Young (Mixed) (G1 Evacuation Pause)
[2026-06-17T10:06:37.485+0800][17.136s][info][gc,task     ] GC(579) Using 2 workers of 18 for evacuation
[2026-06-17T10:06:37.486+0800][17.137s][info][gc,phases   ] GC(579)   Pre Evacuate Collection Set: 0.11ms
[2026-06-17T10:06:37.487+0800][17.137s][info][gc,phases   ] GC(579)   Merge Heap Roots: 0.05ms
[2026-06-17T10:06:37.487+0800][17.137s][info][gc,phases   ] GC(579)   Evacuate Collection Set: 0.32ms
[2026-06-17T10:06:37.487+0800][17.138s][info][gc,phases   ] GC(579)   Post Evacuate Collection Set: 0.17ms
[2026-06-17T10:06:37.487+0800][17.138s][info][gc,phases   ] GC(579)   Other: 0.38ms
[2026-06-17T10:06:37.487+0800][17.138s][info][gc,heap     ] GC(579) Eden regions: 11->0(18)
[2026-06-17T10:06:37.488+0800][17.138s][info][gc,heap     ] GC(579) Survivor regions: 2->2(2)
[2026-06-17T10:06:37.488+0800][17.138s][info][gc,heap     ] GC(579) Old regions: 22->19
[2026-06-17T10:06:37.488+0800][17.139s][info][gc,heap     ] GC(579) Humongous regions: 20->11
[2026-06-17T10:06:37.488+0800][17.139s][info][gc,metaspace] GC(579) Metaspace: 116K(320K)->116K(320K) NonClass: 109K(192K)->109K(192K) Class: 7K(128K)->7K(128K)
[2026-06-17T10:06:37.488+0800][17.139s][info][gc          ] GC(579) Pause Young (Mixed) (G1 Evacuation Pause) 54M->31M(64M) 3.321ms
[2026-06-17T10:06:37.488+0800][17.139s][info][gc,cpu      ] GC(579) User=0.00s Sys=0.00s Real=0.00s
[2026-06-17T10:06:37.541+0800][17.192s][info][gc,start    ] GC(580) Pause Young (Normal) (G1 Evacuation Pause)
[2026-06-17T10:06:37.542+0800][17.192s][info][gc,task     ] GC(580) Using 2 workers of 18 for evacuation
[2026-06-17T10:06:37.543+0800][17.193s][info][gc,phases   ] GC(580)   Pre Evacuate Collection Set: 0.14ms
[2026-06-17T10:06:37.543+0800][17.194s][info][gc,phases   ] GC(580)   Merge Heap Roots: 0.06ms
[2026-06-17T10:06:37.543+0800][17.194s][info][gc,phases   ] GC(580)   Evacuate Collection Set: 0.45ms
[2026-06-17T10:06:37.544+0800][17.194s][info][gc,phases   ] GC(580)   Post Evacuate Collection Set: 0.21ms
[2026-06-17T10:06:37.544+0800][17.195s][info][gc,phases   ] GC(580)   Other: 0.37ms
[2026-06-17T10:06:37.545+0800][17.195s][info][gc,heap     ] GC(580) Eden regions: 18->0(15)
[2026-06-17T10:06:37.545+0800][17.195s][info][gc,heap     ] GC(580) Survivor regions: 2->3(3)
[2026-06-17T10:06:37.545+0800][17.196s][info][gc,heap     ] GC(580) Old regions: 19->23
[2026-06-17T10:06:37.546+0800][17.196s][info][gc,heap     ] GC(580) Humongous regions: 11->11
[2026-06-17T10:06:37.546+0800][17.196s][info][gc,metaspace] GC(580) Metaspace: 116K(320K)->116K(320K) NonClass: 109K(192K)->109K(192K) Class: 7K(128K)->7K(128K)
[2026-06-17T10:06:37.546+0800][17.197s][info][gc          ] GC(580) Pause Young (Normal) (G1 Evacuation Pause) 49M->36M(64M) 5.123ms
[2026-06-17T10:06:37.547+0800][17.197s][info][gc,cpu      ] GC(580) User=0.01s Sys=0.00s Real=0.01s
[2026-06-17T10:06:37.589+0800][17.240s][info][gc,start    ] GC(581) Pause Young (Concurrent Start) (G1 Evacuation Pause)
[2026-06-17T10:06:37.590+0800][17.240s][info][gc,task     ] GC(581) Using 2 workers of 18 for evacuation
[2026-06-17T10:06:37.591+0800][17.242s][info][gc,phases   ] GC(581)   Pre Evacuate Collection Set: 0.29ms
[2026-06-17T10:06:37.591+0800][17.242s][info][gc,phases   ] GC(581)   Merge Heap Roots: 0.06ms
[2026-06-17T10:06:37.592+0800][17.242s][info][gc,phases   ] GC(581)   Evacuate Collection Set: 0.45ms
[2026-06-17T10:06:37.592+0800][17.243s][info][gc,phases   ] GC(581)   Post Evacuate Collection Set: 0.29ms
[2026-06-17T10:06:37.593+0800][17.243s][info][gc,phases   ] GC(581)   Other: 0.40ms
[2026-06-17T10:06:37.593+0800][17.244s][info][gc,heap     ] GC(581) Eden regions: 15->0(13)
[2026-06-17T10:06:37.594+0800][17.244s][info][gc,heap     ] GC(581) Survivor regions: 3->3(3)
[2026-06-17T10:06:37.594+0800][17.244s][info][gc,heap     ] GC(581) Old regions: 23->26
[2026-06-17T10:06:37.594+0800][17.245s][info][gc,heap     ] GC(581) Humongous regions: 11->11
[2026-06-17T10:06:37.594+0800][17.245s][info][gc,metaspace] GC(581) Metaspace: 116K(320K)->116K(320K) NonClass: 109K(192K)->109K(192K) Class: 7K(128K)->7K(128K)
[2026-06-17T10:06:37.595+0800][17.245s][info][gc          ] GC(581) Pause Young (Concurrent Start) (G1 Evacuation Pause) 51M->39M(64M) 5.465ms
[2026-06-17T10:06:37.595+0800][17.245s][info][gc,cpu      ] GC(581) User=0.00s Sys=0.00s Real=0.01s
[2026-06-17T10:06:37.595+0800][17.245s][info][gc          ] GC(582) Concurrent Mark Cycle
[2026-06-17T10:06:37.595+0800][17.246s][info][gc,marking  ] GC(582) Concurrent Scan Root Regions
[2026-06-17T10:06:37.595+0800][17.246s][info][gc,marking  ] GC(582) Concurrent Scan Root Regions 0.302ms
[2026-06-17T10:06:37.596+0800][17.246s][info][gc,marking  ] GC(582) Concurrent Mark
[2026-06-17T10:06:37.596+0800][17.246s][info][gc,marking  ] GC(582) Concurrent Mark From Roots
[2026-06-17T10:06:37.596+0800][17.246s][info][gc,task     ] GC(582) Using 5 workers of 5 for marking
[2026-06-17T10:06:37.597+0800][17.248s][info][gc,marking  ] GC(582) Concurrent Mark From Roots 1.276ms
[2026-06-17T10:06:37.597+0800][17.248s][info][gc,marking  ] GC(582) Concurrent Preclean
[2026-06-17T10:06:37.597+0800][17.248s][info][gc,marking  ] GC(582) Concurrent Preclean 0.152ms
[2026-06-17T10:06:37.597+0800][17.248s][info][gc,start    ] GC(582) Pause Remark
[2026-06-17T10:06:37.598+0800][17.248s][info][gc          ] GC(582) Pause Remark 41M->41M(64M) 0.363ms
[2026-06-17T10:06:37.598+0800][17.248s][info][gc,cpu      ] GC(582) User=0.00s Sys=0.00s Real=0.00s
[2026-06-17T10:06:37.598+0800][17.249s][info][gc,marking  ] GC(582) Concurrent Mark 2.489ms
[2026-06-17T10:06:37.598+0800][17.249s][info][gc,marking  ] GC(582) Concurrent Rebuild Remembered Sets and Scrub Regions
[2026-06-17T10:06:37.599+0800][17.249s][info][gc,marking  ] GC(582) Concurrent Rebuild Remembered Sets and Scrub Regions 0.519ms
[2026-06-17T10:06:37.599+0800][17.250s][info][gc,start    ] GC(582) Pause Cleanup
[2026-06-17T10:06:37.599+0800][17.250s][info][gc          ] GC(582) Pause Cleanup 41M->41M(64M) 0.211ms
[2026-06-17T10:06:37.599+0800][17.250s][info][gc,cpu      ] GC(582) User=0.00s Sys=0.00s Real=0.00s
[2026-06-17T10:06:37.600+0800][17.250s][info][gc,marking  ] GC(582) Concurrent Clear Claimed Marks
[2026-06-17T10:06:37.600+0800][17.250s][info][gc,marking  ] GC(582) Concurrent Clear Claimed Marks 0.146ms
[2026-06-17T10:06:37.600+0800][17.250s][info][gc,marking  ] GC(582) Concurrent Cleanup for Next Mark
[2026-06-17T10:06:37.600+0800][17.250s][info][gc,marking  ] GC(582) Concurrent Cleanup for Next Mark 0.161ms
[2026-06-17T10:06:37.600+0800][17.251s][info][gc          ] GC(582) Concurrent Mark Cycle 5.255ms
[2026-06-17T10:06:37.626+0800][17.277s][info][gc,start    ] GC(583) Pause Young (Prepare Mixed) (G1 Evacuation Pause)
[2026-06-17T10:06:37.627+0800][17.277s][info][gc,task     ] GC(583) Using 2 workers of 18 for evacuation
[2026-06-17T10:06:37.628+0800][17.278s][info][gc,phases   ] GC(583)   Pre Evacuate Collection Set: 0.12ms
[2026-06-17T10:06:37.628+0800][17.278s][info][gc,phases   ] GC(583)   Merge Heap Roots: 0.06ms
[2026-06-17T10:06:37.628+0800][17.279s][info][gc,phases   ] GC(583)   Evacuate Collection Set: 0.33ms
[2026-06-17T10:06:37.628+0800][17.279s][info][gc,phases   ] GC(583)   Post Evacuate Collection Set: 0.20ms
[2026-06-17T10:06:37.628+0800][17.279s][info][gc,phases   ] GC(583)   Other: 0.17ms
[2026-06-17T10:06:37.628+0800][17.279s][info][gc,heap     ] GC(583) Eden regions: 13->0(12)
[2026-06-17T10:06:37.628+0800][17.279s][info][gc,heap     ] GC(583) Survivor regions: 3->2(2)
[2026-06-17T10:06:37.628+0800][17.279s][info][gc,heap     ] GC(583) Old regions: 26->28
[2026-06-17T10:06:37.629+0800][17.279s][info][gc,heap     ] GC(583) Humongous regions: 11->11
[2026-06-17T10:06:37.629+0800][17.280s][info][gc,metaspace] GC(583) Metaspace: 116K(320K)->116K(320K) NonClass: 109K(192K)->109K(192K) Class: 7K(128K)->7K(128K)
[2026-06-17T10:06:37.630+0800][17.280s][info][gc          ] GC(583) Pause Young (Prepare Mixed) (G1 Evacuation Pause) 52M->39M(64M) 3.247ms
[2026-06-17T10:06:37.630+0800][17.280s][info][gc,cpu      ] GC(583) User=0.01s Sys=0.00s Real=0.00s
[2026-06-17T10:06:37.661+0800][17.312s][info][gc,start    ] GC(584) Pause Young (Mixed) (G1 Evacuation Pause)
[2026-06-17T10:06:37.662+0800][17.312s][info][gc,task     ] GC(584) Using 2 workers of 18 for evacuation
[2026-06-17T10:06:37.663+0800][17.314s][info][gc,phases   ] GC(584)   Pre Evacuate Collection Set: 0.20ms
[2026-06-17T10:06:37.664+0800][17.314s][info][gc,phases   ] GC(584)   Merge Heap Roots: 0.11ms
[2026-06-17T10:06:37.664+0800][17.314s][info][gc,phases   ] GC(584)   Evacuate Collection Set: 0.47ms
[2026-06-17T10:06:37.664+0800][17.314s][info][gc,phases   ] GC(584)   Post Evacuate Collection Set: 0.21ms
[2026-06-17T10:06:37.664+0800][17.315s][info][gc,phases   ] GC(584)   Other: 0.31ms
[2026-06-17T10:06:37.664+0800][17.315s][info][gc,heap     ] GC(584) Eden regions: 12->0(14)
[2026-06-17T10:06:37.664+0800][17.315s][info][gc,heap     ] GC(584) Survivor regions: 2->2(2)
[2026-06-17T10:06:37.665+0800][17.315s][info][gc,heap     ] GC(584) Old regions: 28->27
[2026-06-17T10:06:37.665+0800][17.315s][info][gc,heap     ] GC(584) Humongous regions: 11->11
[2026-06-17T10:06:37.665+0800][17.316s][info][gc,metaspace] GC(584) Metaspace: 116K(320K)->116K(320K) NonClass: 109K(192K)->109K(192K) Class: 7K(128K)->7K(128K)
[2026-06-17T10:06:37.665+0800][17.316s][info][gc          ] GC(584) Pause Young (Mixed) (G1 Evacuation Pause) 51M->39M(64M) 4.050ms
[2026-06-17T10:06:37.666+0800][17.316s][info][gc,cpu      ] GC(584) User=0.00s Sys=0.00s Real=0.01s
[2026-06-17T10:06:37.677+0800][17.327s][info][gc,start    ] GC(585) Pause Young (Concurrent Start) (G1 Humongous Allocation)
[2026-06-17T10:06:37.677+0800][17.328s][info][gc,task     ] GC(585) Using 2 workers of 18 for evacuation
[2026-06-17T10:06:37.682+0800][17.332s][info][gc,phases   ] GC(585)   Pre Evacuate Collection Set: 0.19ms
[2026-06-17T10:06:37.690+0800][17.341s][info][gc,phases   ] GC(585)   Merge Heap Roots: 0.04ms
[2026-06-17T10:06:37.692+0800][17.342s][info][gc,phases   ] GC(585)   Evacuate Collection Set: 0.27ms
[2026-06-17T10:06:37.692+0800][17.343s][info][gc,phases   ] GC(585)   Post Evacuate Collection Set: 0.15ms
[2026-06-17T10:06:37.693+0800][17.344s][info][gc,phases   ] GC(585)   Other: 3.84ms
[2026-06-17T10:06:37.694+0800][17.344s][info][gc,heap     ] GC(585) Eden regions: 5->0(10)
[2026-06-17T10:06:37.694+0800][17.345s][info][gc,heap     ] GC(585) Survivor regions: 2->2(2)
[2026-06-17T10:06:37.694+0800][17.345s][info][gc,heap     ] GC(585) Old regions: 27->29
[2026-06-17T10:06:37.695+0800][17.346s][info][gc,heap     ] GC(585) Humongous regions: 11->11
[2026-06-17T10:06:37.696+0800][17.346s][info][gc,metaspace] GC(585) Metaspace: 116K(320K)->116K(320K) NonClass: 109K(192K)->109K(192K) Class: 7K(128K)->7K(128K)
[2026-06-17T10:06:37.696+0800][17.347s][info][gc          ] GC(585) Pause Young (Concurrent Start) (G1 Humongous Allocation) 44M->40M(64M) 19.600ms
[2026-06-17T10:06:37.697+0800][17.347s][info][gc,cpu      ] GC(585) User=0.00s Sys=0.00s Real=0.02s
[2026-06-17T10:06:37.697+0800][17.347s][info][gc          ] GC(586) Concurrent Mark Cycle
[2026-06-17T10:06:37.698+0800][17.349s][info][gc,marking  ] GC(586) Concurrent Scan Root Regions
[2026-06-17T10:06:37.699+0800][17.349s][info][gc,marking  ] GC(586) Concurrent Scan Root Regions 0.684ms
[2026-06-17T10:06:37.700+0800][17.350s][info][gc,marking  ] GC(586) Concurrent Mark
[2026-06-17T10:06:37.700+0800][17.351s][info][gc,marking  ] GC(586) Concurrent Mark From Roots
[2026-06-17T10:06:37.701+0800][17.351s][info][gc,task     ] GC(586) Using 5 workers of 5 for marking
[2026-06-17T10:06:37.703+0800][17.353s][info][gc,marking  ] GC(586) Concurrent Mark From Roots 2.251ms
[2026-06-17T10:06:37.707+0800][17.357s][info][gc,marking  ] GC(586) Concurrent Preclean
[2026-06-17T10:06:37.708+0800][17.359s][info][gc,marking  ] GC(586) Concurrent Preclean 1.591ms
[2026-06-17T10:06:37.709+0800][17.359s][info][gc,start    ] GC(586) Pause Remark
[2026-06-17T10:06:37.709+0800][17.360s][info][gc          ] GC(586) Pause Remark 44M->36M(64M) 0.818ms
[2026-06-17T10:06:37.710+0800][17.360s][info][gc,cpu      ] GC(586) User=0.00s Sys=0.00s Real=0.00s
[2026-06-17T10:06:37.714+0800][17.365s][info][gc,marking  ] GC(586) Concurrent Mark 14.246ms
[2026-06-17T10:06:37.720+0800][17.370s][info][gc,marking  ] GC(586) Concurrent Rebuild Remembered Sets and Scrub Regions
[2026-06-17T10:06:37.727+0800][17.378s][info][gc,marking  ] GC(586) Concurrent Rebuild Remembered Sets and Scrub Regions 7.501ms
[2026-06-17T10:06:37.728+0800][17.378s][info][gc,start    ] GC(586) Pause Cleanup
[2026-06-17T10:06:37.729+0800][17.379s][info][gc          ] GC(586) Pause Cleanup 42M->42M(64M) 1.069ms
[2026-06-17T10:06:37.729+0800][17.380s][info][gc,cpu      ] GC(586) User=0.00s Sys=0.00s Real=0.00s
[2026-06-17T10:06:37.730+0800][17.380s][info][gc,marking  ] GC(586) Concurrent Clear Claimed Marks
[2026-06-17T10:06:37.730+0800][17.381s][info][gc,marking  ] GC(586) Concurrent Clear Claimed Marks 0.602ms
[2026-06-17T10:06:37.731+0800][17.381s][info][gc,marking  ] GC(586) Concurrent Cleanup for Next Mark
[2026-06-17T10:06:37.730+0800][17.381s][info][gc,start    ] GC(587) Pause Young (Prepare Mixed) (G1 Evacuation Pause)
[2026-06-17T10:06:37.732+0800][17.382s][info][gc,task     ] GC(587) Using 2 workers of 18 for evacuation
[2026-06-17T10:06:37.733+0800][17.384s][info][gc,phases   ] GC(587)   Pre Evacuate Collection Set: 0.14ms
[2026-06-17T10:06:37.734+0800][17.385s][info][gc,phases   ] GC(587)   Merge Heap Roots: 0.07ms
[2026-06-17T10:06:37.734+0800][17.385s][info][gc,phases   ] GC(587)   Evacuate Collection Set: 0.38ms
[2026-06-17T10:06:37.735+0800][17.386s][info][gc,phases   ] GC(587)   Post Evacuate Collection Set: 0.24ms
[2026-06-17T10:06:37.735+0800][17.386s][info][gc,phases   ] GC(587)   Other: 0.67ms
[2026-06-17T10:06:37.736+0800][17.386s][info][gc,heap     ] GC(587) Eden regions: 10->0(12)
[2026-06-17T10:06:37.736+0800][17.387s][info][gc,heap     ] GC(587) Survivor regions: 2->2(2)
[2026-06-17T10:06:37.737+0800][17.387s][info][gc,heap     ] GC(587) Old regions: 21->24
[2026-06-17T10:06:37.737+0800][17.387s][info][gc,heap     ] GC(587) Humongous regions: 12->12
[2026-06-17T10:06:37.737+0800][17.388s][info][gc,metaspace] GC(587) Metaspace: 116K(320K)->116K(320K) NonClass: 109K(192K)->109K(192K) Class: 7K(128K)->7K(128K)
[2026-06-17T10:06:37.738+0800][17.388s][info][gc          ] GC(587) Pause Young (Prepare Mixed) (G1 Evacuation Pause) 43M->37M(64M) 7.812ms
[2026-06-17T10:06:37.739+0800][17.390s][info][gc,cpu      ] GC(587) User=0.00s Sys=0.00s Real=0.01s
[2026-06-17T10:06:37.740+0800][17.390s][info][gc,marking  ] GC(586) Concurrent Cleanup for Next Mark 9.170ms
[2026-06-17T10:06:37.740+0800][17.391s][info][gc          ] GC(586) Concurrent Mark Cycle 43.323ms
[2026-06-17T10:06:37.772+0800][17.422s][info][gc,start    ] GC(588) Pause Young (Mixed) (G1 Evacuation Pause)
[2026-06-17T10:06:37.774+0800][17.425s][info][gc,task     ] GC(588) Using 2 workers of 18 for evacuation
[2026-06-17T10:06:37.776+0800][17.426s][info][gc,phases   ] GC(588)   Pre Evacuate Collection Set: 0.16ms
[2026-06-17T10:06:37.776+0800][17.427s][info][gc,phases   ] GC(588)   Merge Heap Roots: 0.09ms
[2026-06-17T10:06:37.777+0800][17.428s][info][gc,phases   ] GC(588)   Evacuate Collection Set: 0.61ms
[2026-06-17T10:06:37.778+0800][17.428s][info][gc,phases   ] GC(588)   Post Evacuate Collection Set: 0.29ms
[2026-06-17T10:06:37.778+0800][17.429s][info][gc,phases   ] GC(588)   Other: 0.71ms
[2026-06-17T10:06:37.779+0800][17.429s][info][gc,heap     ] GC(588) Eden regions: 12->0(12)
[2026-06-17T10:06:37.779+0800][17.430s][info][gc,heap     ] GC(588) Survivor regions: 2->2(2)
[2026-06-17T10:06:37.780+0800][17.430s][info][gc,heap     ] GC(588) Old regions: 24->24
[2026-06-17T10:06:37.780+0800][17.430s][info][gc,heap     ] GC(588) Humongous regions: 12->12
[2026-06-17T10:06:37.780+0800][17.431s][info][gc,metaspace] GC(588) Metaspace: 116K(320K)->116K(320K) NonClass: 109K(192K)->109K(192K) Class: 7K(128K)->7K(128K)
[2026-06-17T10:06:37.781+0800][17.432s][info][gc          ] GC(588) Pause Young (Mixed) (G1 Evacuation Pause) 49M->37M(64M) 9.516ms
[2026-06-17T10:06:37.782+0800][17.433s][info][gc,cpu      ] GC(588) User=0.00s Sys=0.00s Real=0.00s
[2026-06-17T10:06:37.814+0800][17.465s][info][gc,start    ] GC(589) Pause Young (Concurrent Start) (G1 Evacuation Pause)
[2026-06-17T10:06:37.815+0800][17.465s][info][gc,task     ] GC(589) Using 2 workers of 18 for evacuation
[2026-06-17T10:06:37.816+0800][17.467s][info][gc,phases   ] GC(589)   Pre Evacuate Collection Set: 0.21ms
[2026-06-17T10:06:37.817+0800][17.467s][info][gc,phases   ] GC(589)   Merge Heap Roots: 0.05ms
[2026-06-17T10:06:37.817+0800][17.468s][info][gc,phases   ] GC(589)   Evacuate Collection Set: 0.40ms
[2026-06-17T10:06:37.817+0800][17.468s][info][gc,phases   ] GC(589)   Post Evacuate Collection Set: 0.20ms
[2026-06-17T10:06:37.818+0800][17.468s][info][gc,phases   ] GC(589)   Other: 0.56ms
[2026-06-17T10:06:37.818+0800][17.468s][info][gc,heap     ] GC(589) Eden regions: 12->0(11)
[2026-06-17T10:06:37.818+0800][17.468s][info][gc,heap     ] GC(589) Survivor regions: 2->2(2)
[2026-06-17T10:06:37.818+0800][17.469s][info][gc,heap     ] GC(589) Old regions: 24->28
[2026-06-17T10:06:37.818+0800][17.469s][info][gc,heap     ] GC(589) Humongous regions: 12->12
[2026-06-17T10:06:37.818+0800][17.469s][info][gc,metaspace] GC(589) Metaspace: 116K(320K)->116K(320K) NonClass: 109K(192K)->109K(192K) Class: 7K(128K)->7K(128K)
[2026-06-17T10:06:37.819+0800][17.469s][info][gc          ] GC(589) Pause Young (Concurrent Start) (G1 Evacuation Pause) 49M->41M(64M) 4.458ms
[2026-06-17T10:06:37.819+0800][17.469s][info][gc,cpu      ] GC(589) User=0.00s Sys=0.00s Real=0.00s
[2026-06-17T10:06:37.819+0800][17.469s][info][gc          ] GC(590) Concurrent Mark Cycle
[2026-06-17T10:06:37.819+0800][17.470s][info][gc,marking  ] GC(590) Concurrent Scan Root Regions
[2026-06-17T10:06:37.819+0800][17.470s][info][gc,marking  ] GC(590) Concurrent Scan Root Regions 0.226ms
[2026-06-17T10:06:37.820+0800][17.470s][info][gc,marking  ] GC(590) Concurrent Mark
[2026-06-17T10:06:37.820+0800][17.470s][info][gc,marking  ] GC(590) Concurrent Mark From Roots
[2026-06-17T10:06:37.820+0800][17.470s][info][gc,task     ] GC(590) Using 5 workers of 5 for marking
[2026-06-17T10:06:37.821+0800][17.471s][info][gc,marking  ] GC(590) Concurrent Mark From Roots 1.233ms
[2026-06-17T10:06:37.821+0800][17.472s][info][gc,marking  ] GC(590) Concurrent Preclean
[2026-06-17T10:06:37.821+0800][17.472s][info][gc,marking  ] GC(590) Concurrent Preclean 0.133ms
[2026-06-17T10:06:37.821+0800][17.472s][info][gc,start    ] GC(590) Pause Remark
[2026-06-17T10:06:37.822+0800][17.472s][info][gc          ] GC(590) Pause Remark 43M->34M(64M) 0.398ms
[2026-06-17T10:06:37.822+0800][17.472s][info][gc,cpu      ] GC(590) User=0.00s Sys=0.00s Real=0.00s
[2026-06-17T10:06:37.822+0800][17.472s][info][gc,marking  ] GC(590) Concurrent Mark 2.277ms
[2026-06-17T10:06:37.822+0800][17.472s][info][gc,marking  ] GC(590) Concurrent Rebuild Remembered Sets and Scrub Regions
[2026-06-17T10:06:37.823+0800][17.473s][info][gc,marking  ] GC(590) Concurrent Rebuild Remembered Sets and Scrub Regions 0.583ms
[2026-06-17T10:06:37.823+0800][17.473s][info][gc,start    ] GC(590) Pause Cleanup
[2026-06-17T10:06:37.823+0800][17.474s][info][gc          ] GC(590) Pause Cleanup 34M->34M(64M) 0.275ms
[2026-06-17T10:06:37.823+0800][17.474s][info][gc,cpu      ] GC(590) User=0.00s Sys=0.00s Real=0.00s
[2026-06-17T10:06:37.823+0800][17.474s][info][gc,marking  ] GC(590) Concurrent Clear Claimed Marks
[2026-06-17T10:06:37.823+0800][17.474s][info][gc,marking  ] GC(590) Concurrent Clear Claimed Marks 0.104ms
[2026-06-17T10:06:37.823+0800][17.474s][info][gc,marking  ] GC(590) Concurrent Cleanup for Next Mark
[2026-06-17T10:06:37.824+0800][17.474s][info][gc,marking  ] GC(590) Concurrent Cleanup for Next Mark 0.261ms
[2026-06-17T10:06:37.824+0800][17.474s][info][gc          ] GC(590) Concurrent Mark Cycle 5.122ms
[2026-06-17T10:06:37.840+0800][17.491s][info][gc,start    ] GC(591) Pause Young (Prepare Mixed) (G1 Evacuation Pause)
[2026-06-17T10:06:37.840+0800][17.491s][info][gc,task     ] GC(591) Using 2 workers of 18 for evacuation
[2026-06-17T10:06:37.842+0800][17.492s][info][gc,phases   ] GC(591)   Pre Evacuate Collection Set: 0.17ms
[2026-06-17T10:06:37.900+0800][17.551s][info][gc,phases   ] GC(591)   Merge Heap Roots: 0.06ms
[2026-06-17T10:06:37.900+0800][17.551s][info][gc,phases   ] GC(591)   Evacuate Collection Set: 0.27ms
[2026-06-17T10:06:37.901+0800][17.551s][info][gc,phases   ] GC(591)   Post Evacuate Collection Set: 0.21ms
[2026-06-17T10:06:37.901+0800][17.552s][info][gc,phases   ] GC(591)   Other: 0.40ms
[2026-06-17T10:06:37.902+0800][17.552s][info][gc,heap     ] GC(591) Eden regions: 11->0(17)
[2026-06-17T10:06:37.902+0800][17.553s][info][gc,heap     ] GC(591) Survivor regions: 2->2(2)
[2026-06-17T10:06:37.902+0800][17.553s][info][gc,heap     ] GC(591) Old regions: 19->20
[2026-06-17T10:06:37.903+0800][17.554s][info][gc,heap     ] GC(591) Humongous regions: 12->12
[2026-06-17T10:06:37.904+0800][17.554s][info][gc,metaspace] GC(591) Metaspace: 116K(320K)->116K(320K) NonClass: 109K(192K)->109K(192K) Class: 7K(128K)->7K(128K)
[2026-06-17T10:06:37.904+0800][17.555s][info][gc          ] GC(591) Pause Young (Prepare Mixed) (G1 Evacuation Pause) 43M->32M(64M) 63.943ms
[2026-06-17T10:06:37.904+0800][17.555s][info][gc,cpu      ] GC(591) User=0.00s Sys=0.00s Real=0.07s
[2026-06-17T10:06:37.957+0800][17.608s][info][gc,start    ] GC(592) Pause Young (Mixed) (G1 Evacuation Pause)
[2026-06-17T10:06:37.958+0800][17.608s][info][gc,task     ] GC(592) Using 2 workers of 18 for evacuation
[2026-06-17T10:06:37.959+0800][17.610s][info][gc,phases   ] GC(592)   Pre Evacuate Collection Set: 0.12ms
[2026-06-17T10:06:37.960+0800][17.610s][info][gc,phases   ] GC(592)   Merge Heap Roots: 0.04ms
[2026-06-17T10:06:37.960+0800][17.610s][info][gc,phases   ] GC(592)   Evacuate Collection Set: 0.51ms
[2026-06-17T10:06:37.960+0800][17.611s][info][gc,phases   ] GC(592)   Post Evacuate Collection Set: 0.23ms
[2026-06-17T10:06:37.960+0800][17.611s][info][gc,phases   ] GC(592)   Other: 0.45ms
[2026-06-17T10:06:37.961+0800][17.611s][info][gc,heap     ] GC(592) Eden regions: 17->0(18)
[2026-06-17T10:06:37.961+0800][17.611s][info][gc,heap     ] GC(592) Survivor regions: 2->3(3)
[2026-06-17T10:06:37.961+0800][17.612s][info][gc,heap     ] GC(592) Old regions: 20->18
[2026-06-17T10:06:37.961+0800][17.612s][info][gc,heap     ] GC(592) Humongous regions: 12->12
[2026-06-17T10:06:37.962+0800][17.612s][info][gc,metaspace] GC(592) Metaspace: 116K(320K)->116K(320K) NonClass: 109K(192K)->109K(192K) Class: 7K(128K)->7K(128K)
[2026-06-17T10:06:37.962+0800][17.613s][info][gc          ] GC(592) Pause Young (Mixed) (G1 Evacuation Pause) 49M->32M(64M) 4.806ms
[2026-06-17T10:06:37.962+0800][17.613s][info][gc,cpu      ] GC(592) User=0.01s Sys=0.00s Real=0.00s
[2026-06-17T10:06:37.973+0800][17.624s][info][gc,start    ] GC(593) Pause Young (Concurrent Start) (G1 Humongous Allocation)
[2026-06-17T10:06:37.974+0800][17.625s][info][gc,task     ] GC(593) Using 2 workers of 18 for evacuation
[2026-06-17T10:06:37.975+0800][17.626s][info][gc,phases   ] GC(593)   Pre Evacuate Collection Set: 0.28ms
[2026-06-17T10:06:37.976+0800][17.626s][info][gc,phases   ] GC(593)   Merge Heap Roots: 0.06ms
[2026-06-17T10:06:37.976+0800][17.627s][info][gc,phases   ] GC(593)   Evacuate Collection Set: 0.41ms
[2026-06-17T10:06:37.977+0800][17.627s][info][gc,phases   ] GC(593)   Post Evacuate Collection Set: 0.25ms
[2026-06-17T10:06:37.977+0800][17.627s][info][gc,phases   ] GC(593)   Other: 0.44ms
[2026-06-17T10:06:37.977+0800][17.628s][info][gc,heap     ] GC(593) Eden regions: 9->0(17)
[2026-06-17T10:06:37.978+0800][17.628s][info][gc,heap     ] GC(593) Survivor regions: 3->3(3)
[2026-06-17T10:06:37.978+0800][17.629s][info][gc,heap     ] GC(593) Old regions: 18->21
[2026-06-17T10:06:37.978+0800][17.629s][info][gc,heap     ] GC(593) Humongous regions: 12->12
[2026-06-17T10:06:37.979+0800][17.629s][info][gc,metaspace] GC(593) Metaspace: 116K(320K)->116K(320K) NonClass: 109K(192K)->109K(192K) Class: 7K(128K)->7K(128K)
[2026-06-17T10:06:37.979+0800][17.630s][info][gc          ] GC(593) Pause Young (Concurrent Start) (G1 Humongous Allocation) 40M->34M(64M) 5.709ms
[2026-06-17T10:06:37.979+0800][17.630s][info][gc,cpu      ] GC(593) User=0.00s Sys=0.00s Real=0.00s
[2026-06-17T10:06:37.979+0800][17.630s][info][gc          ] GC(594) Concurrent Mark Cycle
[2026-06-17T10:06:37.980+0800][17.631s][info][gc,marking  ] GC(594) Concurrent Scan Root Regions
[2026-06-17T10:06:37.980+0800][17.631s][info][gc,marking  ] GC(594) Concurrent Scan Root Regions 0.306ms
[2026-06-17T10:06:37.987+0800][17.638s][info][gc,marking  ] GC(594) Concurrent Mark
[2026-06-17T10:06:37.988+0800][17.638s][info][gc,marking  ] GC(594) Concurrent Mark From Roots
[2026-06-17T10:06:37.988+0800][17.638s][info][gc,task     ] GC(594) Using 5 workers of 5 for marking
[2026-06-17T10:06:37.989+0800][17.640s][info][gc,marking  ] GC(594) Concurrent Mark From Roots 1.544ms
[2026-06-17T10:06:37.990+0800][17.640s][info][gc,marking  ] GC(594) Concurrent Preclean
[2026-06-17T10:06:37.990+0800][17.640s][info][gc,marking  ] GC(594) Concurrent Preclean 0.226ms
[2026-06-17T10:06:37.990+0800][17.641s][info][gc,start    ] GC(594) Pause Remark
[2026-06-17T10:06:37.991+0800][17.641s][info][gc          ] GC(594) Pause Remark 38M->38M(64M) 0.558ms
[2026-06-17T10:06:37.991+0800][17.642s][info][gc,cpu      ] GC(594) User=0.00s Sys=0.00s Real=0.01s
[2026-06-17T10:06:37.991+0800][17.642s][info][gc,marking  ] GC(594) Concurrent Mark 3.975ms
[2026-06-17T10:06:37.992+0800][17.642s][info][gc,marking  ] GC(594) Concurrent Rebuild Remembered Sets and Scrub Regions
[2026-06-17T10:06:37.992+0800][17.643s][info][gc,marking  ] GC(594) Concurrent Rebuild Remembered Sets and Scrub Regions 0.582ms
[2026-06-17T10:06:37.992+0800][17.643s][info][gc,start    ] GC(594) Pause Cleanup
[2026-06-17T10:06:37.993+0800][17.643s][info][gc          ] GC(594) Pause Cleanup 39M->39M(64M) 0.145ms
[2026-06-17T10:06:37.993+0800][17.643s][info][gc,cpu      ] GC(594) User=0.00s Sys=0.00s Real=0.00s
[2026-06-17T10:06:37.993+0800][17.643s][info][gc,marking  ] GC(594) Concurrent Clear Claimed Marks
[2026-06-17T10:06:37.993+0800][17.644s][info][gc,marking  ] GC(594) Concurrent Clear Claimed Marks 0.203ms
[2026-06-17T10:06:37.993+0800][17.644s][info][gc,marking  ] GC(594) Concurrent Cleanup for Next Mark
[2026-06-17T10:06:37.994+0800][17.644s][info][gc,marking  ] GC(594) Concurrent Cleanup for Next Mark 0.414ms
[2026-06-17T10:06:37.994+0800][17.644s][info][gc          ] GC(594) Concurrent Mark Cycle 14.441ms
[2026-06-17T10:06:38.033+0800][17.684s][info][gc,start    ] GC(595) Pause Young (Prepare Mixed) (G1 Evacuation Pause)
[2026-06-17T10:06:38.038+0800][17.688s][info][gc,task     ] GC(595) Using 2 workers of 18 for evacuation
[2026-06-17T10:06:38.040+0800][17.690s][info][gc,phases   ] GC(595)   Pre Evacuate Collection Set: 0.12ms
[2026-06-17T10:06:38.040+0800][17.691s][info][gc,phases   ] GC(595)   Merge Heap Roots: 0.05ms
[2026-06-17T10:06:38.041+0800][17.691s][info][gc,phases   ] GC(595)   Evacuate Collection Set: 0.54ms
[2026-06-17T10:06:38.041+0800][17.692s][info][gc,phases   ] GC(595)   Post Evacuate Collection Set: 0.17ms
[2026-06-17T10:06:38.042+0800][17.692s][info][gc,phases   ] GC(595)   Other: 1.25ms
[2026-06-17T10:06:38.044+0800][17.695s][info][gc,heap     ] GC(595) Eden regions: 17->0(13)
[2026-06-17T10:06:38.072+0800][17.722s][info][gc,heap     ] GC(595) Survivor regions: 3->3(3)
[2026-06-17T10:06:38.072+0800][17.723s][info][gc,heap     ] GC(595) Old regions: 21->24
[2026-06-17T10:06:38.072+0800][17.723s][info][gc,heap     ] GC(595) Humongous regions: 14->14
[2026-06-17T10:06:38.073+0800][17.723s][info][gc,metaspace] GC(595) Metaspace: 116K(320K)->116K(320K) NonClass: 109K(192K)->109K(192K) Class: 7K(128K)->7K(128K)
[2026-06-17T10:06:38.073+0800][17.724s][info][gc          ] GC(595) Pause Young (Prepare Mixed) (G1 Evacuation Pause) 53M->40M(64M) 39.997ms
[2026-06-17T10:06:38.074+0800][17.724s][info][gc,cpu      ] GC(595) User=0.01s Sys=0.00s Real=0.04s
[2026-06-17T10:06:38.106+0800][17.756s][info][gc,start    ] GC(596) Pause Young (Mixed) (G1 Evacuation Pause)
[2026-06-17T10:06:38.115+0800][17.766s][info][gc,task     ] GC(596) Using 2 workers of 18 for evacuation
[2026-06-17T10:06:38.117+0800][17.767s][info][gc,phases   ] GC(596)   Pre Evacuate Collection Set: 0.19ms
[2026-06-17T10:06:38.117+0800][17.768s][info][gc,phases   ] GC(596)   Merge Heap Roots: 0.05ms
[2026-06-17T10:06:38.118+0800][17.768s][info][gc,phases   ] GC(596)   Evacuate Collection Set: 0.54ms
[2026-06-17T10:06:38.118+0800][17.768s][info][gc,phases   ] GC(596)   Post Evacuate Collection Set: 0.15ms
[2026-06-17T10:06:38.118+0800][17.769s][info][gc,phases   ] GC(596)   Other: 0.78ms
[2026-06-17T10:06:38.119+0800][17.769s][info][gc,heap     ] GC(596) Eden regions: 13->0(10)
[2026-06-17T10:06:38.119+0800][17.769s][info][gc,heap     ] GC(596) Survivor regions: 3->2(2)
[2026-06-17T10:06:38.119+0800][17.770s][info][gc,heap     ] GC(596) Old regions: 24->27
[2026-06-17T10:06:38.119+0800][17.770s][info][gc,heap     ] GC(596) Humongous regions: 14->14
[2026-06-17T10:06:38.120+0800][17.770s][info][gc,metaspace] GC(596) Metaspace: 116K(320K)->116K(320K) NonClass: 109K(192K)->109K(192K) Class: 7K(128K)->7K(128K)
[2026-06-17T10:06:38.120+0800][17.771s][info][gc          ] GC(596) Pause Young (Mixed) (G1 Evacuation Pause) 53M->42M(64M) 14.159ms
[2026-06-17T10:06:38.120+0800][17.771s][info][gc,cpu      ] GC(596) User=0.00s Sys=0.00s Real=0.01s
[2026-06-17T10:06:38.142+0800][17.792s][info][gc,start    ] GC(597) Pause Young (Concurrent Start) (G1 Evacuation Pause)
[2026-06-17T10:06:38.142+0800][17.793s][info][gc,task     ] GC(597) Using 2 workers of 18 for evacuation
[2026-06-17T10:06:38.143+0800][17.794s][info][gc,phases   ] GC(597)   Pre Evacuate Collection Set: 0.28ms
[2026-06-17T10:06:38.143+0800][17.794s][info][gc,phases   ] GC(597)   Merge Heap Roots: 0.04ms
[2026-06-17T10:06:38.144+0800][17.794s][info][gc,phases   ] GC(597)   Evacuate Collection Set: 0.43ms
[2026-06-17T10:06:38.144+0800][17.794s][info][gc,phases   ] GC(597)   Post Evacuate Collection Set: 0.19ms
[2026-06-17T10:06:38.144+0800][17.795s][info][gc,phases   ] GC(597)   Other: 0.19ms
[2026-06-17T10:06:38.144+0800][17.795s][info][gc,heap     ] GC(597) Eden regions: 10->0(6)
[2026-06-17T10:06:38.145+0800][17.795s][info][gc,heap     ] GC(597) Survivor regions: 2->2(2)
[2026-06-17T10:06:38.145+0800][17.796s][info][gc,heap     ] GC(597) Old regions: 27->32
[2026-06-17T10:06:38.145+0800][17.796s][info][gc,heap     ] GC(597) Humongous regions: 14->14
[2026-06-17T10:06:38.145+0800][17.796s][info][gc,metaspace] GC(597) Metaspace: 116K(320K)->116K(320K) NonClass: 109K(192K)->109K(192K) Class: 7K(128K)->7K(128K)
[2026-06-17T10:06:38.146+0800][17.796s][info][gc          ] GC(597) Pause Young (Concurrent Start) (G1 Evacuation Pause) 52M->47M(64M) 3.946ms
[2026-06-17T10:06:38.146+0800][17.797s][info][gc,cpu      ] GC(597) User=0.00s Sys=0.00s Real=0.01s
[2026-06-17T10:06:38.146+0800][17.797s][info][gc          ] GC(598) Concurrent Mark Cycle
[2026-06-17T10:06:38.146+0800][17.797s][info][gc,marking  ] GC(598) Concurrent Scan Root Regions
[2026-06-17T10:06:38.147+0800][17.797s][info][gc,marking  ] GC(598) Concurrent Scan Root Regions 0.320ms
[2026-06-17T10:06:38.147+0800][17.797s][info][gc,marking  ] GC(598) Concurrent Mark
[2026-06-17T10:06:38.147+0800][17.798s][info][gc,marking  ] GC(598) Concurrent Mark From Roots
[2026-06-17T10:06:38.147+0800][17.798s][info][gc,task     ] GC(598) Using 5 workers of 5 for marking
[2026-06-17T10:06:38.148+0800][17.799s][info][gc,marking  ] GC(598) Concurrent Mark From Roots 1.351ms
[2026-06-17T10:06:38.149+0800][17.799s][info][gc,marking  ] GC(598) Concurrent Preclean
[2026-06-17T10:06:38.149+0800][17.799s][info][gc,marking  ] GC(598) Concurrent Preclean 0.157ms
[2026-06-17T10:06:38.149+0800][17.800s][info][gc,start    ] GC(598) Pause Remark
[2026-06-17T10:06:38.150+0800][17.800s][info][gc          ] GC(598) Pause Remark 48M->40M(64M) 0.519ms
[2026-06-17T10:06:38.150+0800][17.801s][info][gc,cpu      ] GC(598) User=0.00s Sys=0.00s Real=0.00s
[2026-06-17T10:06:38.150+0800][17.801s][info][gc,marking  ] GC(598) Concurrent Mark 3.338ms
[2026-06-17T10:06:38.150+0800][17.801s][info][gc,marking  ] GC(598) Concurrent Rebuild Remembered Sets and Scrub Regions
[2026-06-17T10:06:38.151+0800][17.802s][info][gc,marking  ] GC(598) Concurrent Rebuild Remembered Sets and Scrub Regions 0.529ms
[2026-06-17T10:06:38.151+0800][17.802s][info][gc,start    ] GC(598) Pause Cleanup
[2026-06-17T10:06:38.151+0800][17.802s][info][gc          ] GC(598) Pause Cleanup 40M->40M(64M) 0.160ms
[2026-06-17T10:06:38.152+0800][17.802s][info][gc,cpu      ] GC(598) User=0.00s Sys=0.00s Real=0.00s
[2026-06-17T10:06:38.152+0800][17.802s][info][gc,marking  ] GC(598) Concurrent Clear Claimed Marks
[2026-06-17T10:06:38.152+0800][17.802s][info][gc,marking  ] GC(598) Concurrent Clear Claimed Marks 0.118ms
[2026-06-17T10:06:38.152+0800][17.803s][info][gc,marking  ] GC(598) Concurrent Cleanup for Next Mark
[2026-06-17T10:06:38.152+0800][17.803s][info][gc,marking  ] GC(598) Concurrent Cleanup for Next Mark 0.195ms
[2026-06-17T10:06:38.152+0800][17.803s][info][gc          ] GC(598) Concurrent Mark Cycle 6.272ms
[2026-06-17T10:06:38.167+0800][17.818s][info][gc,start    ] GC(599) Pause Young (Prepare Mixed) (G1 Evacuation Pause)
[2026-06-17T10:06:38.168+0800][17.818s][info][gc,task     ] GC(599) Using 2 workers of 18 for evacuation
[2026-06-17T10:06:38.169+0800][17.819s][info][gc,phases   ] GC(599)   Pre Evacuate Collection Set: 0.15ms
[2026-06-17T10:06:38.169+0800][17.820s][info][gc,phases   ] GC(599)   Merge Heap Roots: 0.07ms
[2026-06-17T10:06:38.169+0800][17.820s][info][gc,phases   ] GC(599)   Evacuate Collection Set: 0.30ms
[2026-06-17T10:06:38.169+0800][17.820s][info][gc,phases   ] GC(599)   Post Evacuate Collection Set: 0.21ms
[2026-06-17T10:06:38.170+0800][17.820s][info][gc,phases   ] GC(599)   Other: 0.30ms
[2026-06-17T10:06:38.170+0800][17.820s][info][gc,heap     ] GC(599) Eden regions: 6->0(12)
[2026-06-17T10:06:38.170+0800][17.821s][info][gc,heap     ] GC(599) Survivor regions: 2->1(1)
[2026-06-17T10:06:38.170+0800][17.821s][info][gc,heap     ] GC(599) Old regions: 24->26
[2026-06-17T10:06:38.171+0800][17.821s][info][gc,heap     ] GC(599) Humongous regions: 14->14
[2026-06-17T10:06:38.171+0800][17.821s][info][gc,metaspace] GC(599) Metaspace: 116K(320K)->116K(320K) NonClass: 109K(192K)->109K(192K) Class: 7K(128K)->7K(128K)
[2026-06-17T10:06:38.171+0800][17.822s][info][gc          ] GC(599) Pause Young (Prepare Mixed) (G1 Evacuation Pause) 45M->40M(64M) 3.872ms
[2026-06-17T10:06:38.171+0800][17.822s][info][gc,cpu      ] GC(599) User=0.01s Sys=0.00s Real=0.01s
[2026-06-17T10:06:38.203+0800][17.854s][info][gc,start    ] GC(600) Pause Young (Mixed) (G1 Evacuation Pause)
[2026-06-17T10:06:38.203+0800][17.854s][info][gc,task     ] GC(600) Using 2 workers of 18 for evacuation
[2026-06-17T10:06:38.205+0800][17.855s][info][gc,phases   ] GC(600)   Pre Evacuate Collection Set: 0.12ms
[2026-06-17T10:06:38.205+0800][17.856s][info][gc,phases   ] GC(600)   Merge Heap Roots: 0.05ms
[2026-06-17T10:06:38.206+0800][17.856s][info][gc,phases   ] GC(600)   Evacuate Collection Set: 0.53ms
[2026-06-17T10:06:38.206+0800][17.856s][info][gc,phases   ] GC(600)   Post Evacuate Collection Set: 0.29ms
[2026-06-17T10:06:38.206+0800][17.857s][info][gc,phases   ] GC(600)   Other: 0.22ms
[2026-06-17T10:06:38.207+0800][17.857s][info][gc,heap     ] GC(600) Eden regions: 12->0(12)
[2026-06-17T10:06:38.207+0800][17.857s][info][gc,heap     ] GC(600) Survivor regions: 1->2(2)
[2026-06-17T10:06:38.207+0800][17.858s][info][gc,heap     ] GC(600) Old regions: 26->25
[2026-06-17T10:06:38.207+0800][17.858s][info][gc,heap     ] GC(600) Humongous regions: 14->14
[2026-06-17T10:06:38.207+0800][17.858s][info][gc,metaspace] GC(600) Metaspace: 116K(320K)->116K(320K) NonClass: 109K(192K)->109K(192K) Class: 7K(128K)->7K(128K)
[2026-06-17T10:06:38.208+0800][17.858s][info][gc          ] GC(600) Pause Young (Mixed) (G1 Evacuation Pause) 52M->40M(64M) 4.572ms
[2026-06-17T10:06:38.208+0800][17.858s][info][gc,cpu      ] GC(600) User=0.00s Sys=0.00s Real=0.00s
[2026-06-17T10:06:38.229+0800][17.880s][info][gc,start    ] GC(601) Pause Young (Concurrent Start) (G1 Humongous Allocation)
[2026-06-17T10:06:38.230+0800][17.880s][info][gc,task     ] GC(601) Using 2 workers of 18 for evacuation
[2026-06-17T10:06:38.231+0800][17.882s][info][gc,phases   ] GC(601)   Pre Evacuate Collection Set: 0.28ms
[2026-06-17T10:06:38.231+0800][17.882s][info][gc,phases   ] GC(601)   Merge Heap Roots: 0.04ms
[2026-06-17T10:06:38.232+0800][17.882s][info][gc,phases   ] GC(601)   Evacuate Collection Set: 0.39ms
[2026-06-17T10:06:38.232+0800][17.882s][info][gc,phases   ] GC(601)   Post Evacuate Collection Set: 0.21ms
[2026-06-17T10:06:38.232+0800][17.882s][info][gc,phases   ] GC(601)   Other: 0.38ms
[2026-06-17T10:06:38.232+0800][17.882s][info][gc,heap     ] GC(601) Eden regions: 10->0(11)
[2026-06-17T10:06:38.232+0800][17.883s][info][gc,heap     ] GC(601) Survivor regions: 2->2(2)
[2026-06-17T10:06:38.232+0800][17.883s][info][gc,heap     ] GC(601) Old regions: 25->26
[2026-06-17T10:06:38.232+0800][17.883s][info][gc,heap     ] GC(601) Humongous regions: 14->14
[2026-06-17T10:06:38.232+0800][17.883s][info][gc,metaspace] GC(601) Metaspace: 116K(320K)->116K(320K) NonClass: 109K(192K)->109K(192K) Class: 7K(128K)->7K(128K)
[2026-06-17T10:06:38.233+0800][17.883s][info][gc          ] GC(601) Pause Young (Concurrent Start) (G1 Humongous Allocation) 50M->41M(64M) 3.485ms
[2026-06-17T10:06:38.233+0800][17.883s][info][gc,cpu      ] GC(601) User=0.00s Sys=0.00s Real=0.01s
[2026-06-17T10:06:38.233+0800][17.883s][info][gc          ] GC(602) Concurrent Mark Cycle
[2026-06-17T10:06:38.233+0800][17.883s][info][gc,marking  ] GC(602) Concurrent Scan Root Regions
[2026-06-17T10:06:38.233+0800][17.884s][info][gc,marking  ] GC(602) Concurrent Scan Root Regions 0.209ms
[2026-06-17T10:06:38.233+0800][17.884s][info][gc,marking  ] GC(602) Concurrent Mark
[2026-06-17T10:06:38.233+0800][17.884s][info][gc,marking  ] GC(602) Concurrent Mark From Roots
[2026-06-17T10:06:38.233+0800][17.884s][info][gc,task     ] GC(602) Using 5 workers of 5 for marking
[2026-06-17T10:06:38.235+0800][17.885s][info][gc,marking  ] GC(602) Concurrent Mark From Roots 1.307ms
[2026-06-17T10:06:38.235+0800][17.885s][info][gc,marking  ] GC(602) Concurrent Preclean
[2026-06-17T10:06:38.235+0800][17.885s][info][gc,marking  ] GC(602) Concurrent Preclean 0.137ms
[2026-06-17T10:06:38.235+0800][17.886s][info][gc,start    ] GC(602) Pause Remark
[2026-06-17T10:06:38.236+0800][17.886s][info][gc          ] GC(602) Pause Remark 44M->44M(64M) 0.454ms
[2026-06-17T10:06:38.236+0800][17.886s][info][gc,cpu      ] GC(602) User=0.00s Sys=0.00s Real=0.00s
[2026-06-17T10:06:38.236+0800][17.886s][info][gc,marking  ] GC(602) Concurrent Mark 2.693ms
[2026-06-17T10:06:38.236+0800][17.887s][info][gc,marking  ] GC(602) Concurrent Rebuild Remembered Sets and Scrub Regions
[2026-06-17T10:06:38.237+0800][17.887s][info][gc,marking  ] GC(602) Concurrent Rebuild Remembered Sets and Scrub Regions 0.496ms
[2026-06-17T10:06:38.237+0800][17.887s][info][gc,start    ] GC(602) Pause Cleanup
[2026-06-17T10:06:38.237+0800][17.887s][info][gc          ] GC(602) Pause Cleanup 44M->44M(64M) 0.094ms
[2026-06-17T10:06:38.237+0800][17.888s][info][gc,cpu      ] GC(602) User=0.00s Sys=0.00s Real=0.00s
[2026-06-17T10:06:38.237+0800][17.888s][info][gc,marking  ] GC(602) Concurrent Clear Claimed Marks
[2026-06-17T10:06:38.237+0800][17.888s][info][gc,marking  ] GC(602) Concurrent Clear Claimed Marks 0.119ms
[2026-06-17T10:06:38.237+0800][17.888s][info][gc,marking  ] GC(602) Concurrent Cleanup for Next Mark
[2026-06-17T10:06:38.238+0800][17.888s][info][gc,marking  ] GC(602) Concurrent Cleanup for Next Mark 0.179ms
[2026-06-17T10:06:38.238+0800][17.888s][info][gc          ] GC(602) Concurrent Mark Cycle 4.999ms
[2026-06-17T10:06:38.264+0800][17.915s][info][gc,start    ] GC(603) Pause Young (Prepare Mixed) (G1 Evacuation Pause)
[2026-06-17T10:06:38.265+0800][17.915s][info][gc,task     ] GC(603) Using 2 workers of 18 for evacuation
[2026-06-17T10:06:38.266+0800][17.916s][info][gc,phases   ] GC(603)   Pre Evacuate Collection Set: 0.15ms
[2026-06-17T10:06:38.266+0800][17.917s][info][gc,phases   ] GC(603)   Merge Heap Roots: 0.22ms
[2026-06-17T10:06:38.290+0800][17.940s][info][gc,phases   ] GC(603)   Evacuate Collection Set: 0.48ms
[2026-06-17T10:06:38.291+0800][17.941s][info][gc,phases   ] GC(603)   Post Evacuate Collection Set: 0.19ms
[2026-06-17T10:06:38.292+0800][17.942s][info][gc,phases   ] GC(603)   Other: 0.16ms
[2026-06-17T10:06:38.294+0800][17.944s][info][gc,heap     ] GC(603) Eden regions: 11->0(7)
[2026-06-17T10:06:38.323+0800][17.973s][info][gc,heap     ] GC(603) Survivor regions: 2->2(2)
[2026-06-17T10:06:38.323+0800][17.974s][info][gc,heap     ] GC(603) Old regions: 26->30
[2026-06-17T10:06:38.324+0800][17.974s][info][gc,heap     ] GC(603) Humongous regions: 16->16
[2026-06-17T10:06:38.324+0800][17.975s][info][gc,metaspace] GC(603) Metaspace: 116K(320K)->116K(320K) NonClass: 109K(192K)->109K(192K) Class: 7K(128K)->7K(128K)
[2026-06-17T10:06:38.324+0800][17.975s][info][gc          ] GC(603) Pause Young (Prepare Mixed) (G1 Evacuation Pause) 54M->47M(64M) 60.274ms
[2026-06-17T10:06:38.326+0800][17.977s][info][gc,cpu      ] GC(603) User=0.00s Sys=0.00s Real=0.06s
[2026-06-17T10:06:38.349+0800][17.999s][info][gc,start    ] GC(604) Pause Young (Mixed) (G1 Evacuation Pause)
[2026-06-17T10:06:38.352+0800][18.002s][info][gc,task     ] GC(604) Using 2 workers of 18 for evacuation
[2026-06-17T10:06:38.353+0800][18.003s][info][gc,phases   ] GC(604)   Pre Evacuate Collection Set: 0.14ms
[2026-06-17T10:06:38.377+0800][18.027s][info][gc,phases   ] GC(604)   Merge Heap Roots: 0.05ms
[2026-06-17T10:06:38.377+0800][18.027s][info][gc,phases   ] GC(604)   Evacuate Collection Set: 0.49ms
[2026-06-17T10:06:38.377+0800][18.028s][info][gc,phases   ] GC(604)   Post Evacuate Collection Set: 0.20ms
[2026-06-17T10:06:38.378+0800][18.028s][info][gc,phases   ] GC(604)   Other: 0.36ms
[2026-06-17T10:06:38.393+0800][18.044s][info][gc,heap     ] GC(604) Eden regions: 7->0(8)
[2026-06-17T10:06:38.393+0800][18.044s][info][gc,heap     ] GC(604) Survivor regions: 2->2(2)
[2026-06-17T10:06:38.394+0800][18.044s][info][gc,heap     ] GC(604) Old regions: 30->28
[2026-06-17T10:06:38.394+0800][18.044s][info][gc,heap     ] GC(604) Humongous regions: 16->16
[2026-06-17T10:06:38.394+0800][18.045s][info][gc,metaspace] GC(604) Metaspace: 116K(320K)->116K(320K) NonClass: 109K(192K)->109K(192K) Class: 7K(128K)->7K(128K)
[2026-06-17T10:06:38.406+0800][18.057s][info][gc          ] GC(604) Pause Young (Mixed) (G1 Evacuation Pause) 54M->45M(64M) 57.587ms
[2026-06-17T10:06:38.412+0800][18.062s][info][gc,cpu      ] GC(604) User=0.00s Sys=0.00s Real=0.07s
[2026-06-17T10:06:38.438+0800][18.089s][info][gc,start    ] GC(605) Pause Young (Mixed) (G1 Evacuation Pause)
[2026-06-17T10:06:38.440+0800][18.090s][info][gc,task     ] GC(605) Using 2 workers of 18 for evacuation
[2026-06-17T10:06:38.441+0800][18.091s][info][gc,phases   ] GC(605)   Pre Evacuate Collection Set: 0.10ms
[2026-06-17T10:06:38.444+0800][18.094s][info][gc,phases   ] GC(605)   Merge Heap Roots: 0.04ms
[2026-06-17T10:06:38.446+0800][18.097s][info][gc,phases   ] GC(605)   Evacuate Collection Set: 0.33ms
[2026-06-17T10:06:38.449+0800][18.099s][info][gc,phases   ] GC(605)   Post Evacuate Collection Set: 0.14ms
[2026-06-17T10:06:38.449+0800][18.100s][info][gc,phases   ] GC(605)   Other: 0.42ms
[2026-06-17T10:06:38.452+0800][18.102s][info][gc,heap     ] GC(605) Eden regions: 8->0(9)
[2026-06-17T10:06:38.454+0800][18.105s][info][gc,heap     ] GC(605) Survivor regions: 2->2(2)
[2026-06-17T10:06:38.456+0800][18.107s][info][gc,heap     ] GC(605) Old regions: 28->27
[2026-06-17T10:06:38.458+0800][18.109s][info][gc,heap     ] GC(605) Humongous regions: 16->16
[2026-06-17T10:06:38.460+0800][18.111s][info][gc,metaspace] GC(605) Metaspace: 116K(320K)->116K(320K) NonClass: 109K(192K)->109K(192K) Class: 7K(128K)->7K(128K)
[2026-06-17T10:06:38.466+0800][18.117s][info][gc          ] GC(605) Pause Young (Mixed) (G1 Evacuation Pause) 53M->44M(64M) 27.912ms
[2026-06-17T10:06:38.466+0800][18.117s][info][gc,cpu      ] GC(605) User=0.00s Sys=0.00s Real=0.03s
[2026-06-17T10:06:38.488+0800][18.139s][info][gc,start    ] GC(606) Pause Young (Concurrent Start) (G1 Evacuation Pause)
[2026-06-17T10:06:38.491+0800][18.141s][info][gc,task     ] GC(606) Using 2 workers of 18 for evacuation
[2026-06-17T10:06:38.497+0800][18.148s][info][gc,phases   ] GC(606)   Pre Evacuate Collection Set: 0.20ms
[2026-06-17T10:06:38.502+0800][18.152s][info][gc,phases   ] GC(606)   Merge Heap Roots: 0.04ms
[2026-06-17T10:06:38.502+0800][18.152s][info][gc,phases   ] GC(606)   Evacuate Collection Set: 0.33ms
[2026-06-17T10:06:38.502+0800][18.153s][info][gc,phases   ] GC(606)   Post Evacuate Collection Set: 0.19ms
[2026-06-17T10:06:38.509+0800][18.160s][info][gc,phases   ] GC(606)   Other: 6.09ms
[2026-06-17T10:06:38.513+0800][18.163s][info][gc,heap     ] GC(606) Eden regions: 9->0(8)
[2026-06-17T10:06:38.524+0800][18.174s][info][gc,heap     ] GC(606) Survivor regions: 2->2(2)
[2026-06-17T10:06:38.526+0800][18.176s][info][gc,heap     ] GC(606) Old regions: 27->29
[2026-06-17T10:06:38.528+0800][18.178s][info][gc,heap     ] GC(606) Humongous regions: 16->16
[2026-06-17T10:06:38.531+0800][18.182s][info][gc,metaspace] GC(606) Metaspace: 116K(320K)->116K(320K) NonClass: 109K(192K)->109K(192K) Class: 7K(128K)->7K(128K)
[2026-06-17T10:06:38.533+0800][18.183s][info][gc          ] GC(606) Pause Young (Concurrent Start) (G1 Evacuation Pause) 53M->46M(64M) 44.825ms
[2026-06-17T10:06:38.535+0800][18.185s][info][gc,cpu      ] GC(606) User=0.00s Sys=0.00s Real=0.05s
[2026-06-17T10:06:38.535+0800][18.185s][info][gc          ] GC(607) Concurrent Mark Cycle
[2026-06-17T10:06:38.539+0800][18.190s][info][gc,marking  ] GC(607) Concurrent Scan Root Regions
[2026-06-17T10:06:38.540+0800][18.190s][info][gc,marking  ] GC(607) Concurrent Scan Root Regions 0.513ms
[2026-06-17T10:06:38.540+0800][18.191s][info][gc,marking  ] GC(607) Concurrent Mark
[2026-06-17T10:06:38.541+0800][18.191s][info][gc,marking  ] GC(607) Concurrent Mark From Roots
[2026-06-17T10:06:38.543+0800][18.193s][info][gc,task     ] GC(607) Using 5 workers of 5 for marking
[2026-06-17T10:06:38.546+0800][18.197s][info][gc,marking  ] GC(607) Concurrent Mark From Roots 5.881ms
[2026-06-17T10:06:38.549+0800][18.199s][info][gc,marking  ] GC(607) Concurrent Preclean
[2026-06-17T10:06:38.551+0800][18.202s][info][gc,marking  ] GC(607) Concurrent Preclean 2.436ms
[2026-06-17T10:06:38.552+0800][18.202s][info][gc,start    ] GC(607) Pause Remark
[2026-06-17T10:06:38.554+0800][18.204s][info][gc          ] GC(607) Pause Remark 53M->45M(64M) 2.239ms
[2026-06-17T10:06:38.556+0800][18.206s][info][gc,cpu      ] GC(607) User=0.00s Sys=0.00s Real=0.00s
[2026-06-17T10:06:38.557+0800][18.208s][info][gc,marking  ] GC(607) Concurrent Mark 17.289ms
[2026-06-17T10:06:38.559+0800][18.210s][info][gc,marking  ] GC(607) Concurrent Rebuild Remembered Sets and Scrub Regions
[2026-06-17T10:06:38.558+0800][18.208s][info][gc,start    ] GC(608) Pause Young (Normal) (G1 Evacuation Pause)
[2026-06-17T10:06:38.563+0800][18.214s][info][gc,task     ] GC(608) Using 2 workers of 18 for evacuation
[2026-06-17T10:06:38.566+0800][18.216s][info][gc,phases   ] GC(608)   Pre Evacuate Collection Set: 0.11ms
[2026-06-17T10:06:38.567+0800][18.217s][info][gc,phases   ] GC(608)   Merge Heap Roots: 0.03ms
[2026-06-17T10:06:38.569+0800][18.219s][info][gc,phases   ] GC(608)   Evacuate Collection Set: 0.33ms
[2026-06-17T10:06:38.569+0800][18.220s][info][gc,phases   ] GC(608)   Post Evacuate Collection Set: 0.17ms
[2026-06-17T10:06:38.572+0800][18.222s][info][gc,phases   ] GC(608)   Other: 1.71ms
[2026-06-17T10:06:38.574+0800][18.225s][info][gc,heap     ] GC(608) Eden regions: 8->0(11)
[2026-06-17T10:06:38.575+0800][18.225s][info][gc,heap     ] GC(608) Survivor regions: 2->2(2)
[2026-06-17T10:06:38.575+0800][18.226s][info][gc,heap     ] GC(608) Old regions: 21->24
[2026-06-17T10:06:38.577+0800][18.227s][info][gc,heap     ] GC(608) Humongous regions: 16->16
[2026-06-17T10:06:38.579+0800][18.229s][info][gc,metaspace] GC(608) Metaspace: 116K(320K)->116K(320K) NonClass: 109K(192K)->109K(192K) Class: 7K(128K)->7K(128K)
[2026-06-17T10:06:38.581+0800][18.232s][info][gc          ] GC(608) Pause Young (Normal) (G1 Evacuation Pause) 46M->41M(64M) 23.443ms
[2026-06-17T10:06:38.585+0800][18.236s][info][gc,cpu      ] GC(608) User=0.01s Sys=0.00s Real=0.03s
[2026-06-17T10:06:38.588+0800][18.239s][info][gc,marking  ] GC(607) Concurrent Rebuild Remembered Sets and Scrub Regions 29.094ms
[2026-06-17T10:06:38.591+0800][18.241s][info][gc,start    ] GC(607) Pause Cleanup
[2026-06-17T10:06:38.593+0800][18.243s][info][gc          ] GC(607) Pause Cleanup 43M->43M(64M) 2.013ms
[2026-06-17T10:06:38.593+0800][18.244s][info][gc,cpu      ] GC(607) User=0.00s Sys=0.00s Real=0.00s
[2026-06-17T10:06:38.597+0800][18.248s][info][gc,marking  ] GC(607) Concurrent Clear Claimed Marks
[2026-06-17T10:06:38.598+0800][18.249s][info][gc,marking  ] GC(607) Concurrent Clear Claimed Marks 1.025ms
[2026-06-17T10:06:38.598+0800][18.249s][info][gc,marking  ] GC(607) Concurrent Cleanup for Next Mark
[2026-06-17T10:06:38.599+0800][18.249s][info][gc,marking  ] GC(607) Concurrent Cleanup for Next Mark 0.500ms
[2026-06-17T10:06:38.600+0800][18.251s][info][gc          ] GC(607) Concurrent Mark Cycle 65.690ms
[2026-06-17T10:06:38.619+0800][18.270s][info][gc,start    ] GC(609) Pause Young (Prepare Mixed) (G1 Evacuation Pause)
[2026-06-17T10:06:38.619+0800][18.270s][info][gc,task     ] GC(609) Using 2 workers of 18 for evacuation
[2026-06-17T10:06:38.620+0800][18.271s][info][gc,phases   ] GC(609)   Pre Evacuate Collection Set: 0.11ms
[2026-06-17T10:06:38.620+0800][18.271s][info][gc,phases   ] GC(609)   Merge Heap Roots: 0.05ms
[2026-06-17T10:06:38.620+0800][18.271s][info][gc,phases   ] GC(609)   Evacuate Collection Set: 0.25ms
[2026-06-17T10:06:38.621+0800][18.271s][info][gc,phases   ] GC(609)   Post Evacuate Collection Set: 0.17ms
[2026-06-17T10:06:38.621+0800][18.271s][info][gc,phases   ] GC(609)   Other: 0.18ms
[2026-06-17T10:06:38.621+0800][18.271s][info][gc,heap     ] GC(609) Eden regions: 11->0(10)
[2026-06-17T10:06:38.621+0800][18.271s][info][gc,heap     ] GC(609) Survivor regions: 2->2(2)
[2026-06-17T10:06:38.621+0800][18.271s][info][gc,heap     ] GC(609) Old regions: 24->26
[2026-06-17T10:06:38.621+0800][18.272s][info][gc,heap     ] GC(609) Humongous regions: 16->16
[2026-06-17T10:06:38.621+0800][18.272s][info][gc,metaspace] GC(609) Metaspace: 116K(320K)->116K(320K) NonClass: 109K(192K)->109K(192K) Class: 7K(128K)->7K(128K)
[2026-06-17T10:06:38.621+0800][18.272s][info][gc          ] GC(609) Pause Young (Prepare Mixed) (G1 Evacuation Pause) 52M->43M(64M) 2.075ms
[2026-06-17T10:06:38.621+0800][18.272s][info][gc,cpu      ] GC(609) User=0.00s Sys=0.00s Real=0.00s
[2026-06-17T10:06:38.642+0800][18.293s][info][gc,start    ] GC(610) Pause Young (Mixed) (G1 Evacuation Pause)
[2026-06-17T10:06:38.643+0800][18.293s][info][gc,task     ] GC(610) Using 2 workers of 18 for evacuation
[2026-06-17T10:06:38.644+0800][18.295s][info][gc,phases   ] GC(610)   Pre Evacuate Collection Set: 0.19ms
[2026-06-17T10:06:38.644+0800][18.295s][info][gc,phases   ] GC(610)   Merge Heap Roots: 0.07ms
[2026-06-17T10:06:38.644+0800][18.295s][info][gc,phases   ] GC(610)   Evacuate Collection Set: 0.33ms
[2026-06-17T10:06:38.645+0800][18.295s][info][gc,phases   ] GC(610)   Post Evacuate Collection Set: 0.23ms
[2026-06-17T10:06:38.645+0800][18.295s][info][gc,phases   ] GC(610)   Other: 0.33ms
[2026-06-17T10:06:38.645+0800][18.295s][info][gc,heap     ] GC(610) Eden regions: 10->0(14)
[2026-06-17T10:06:38.645+0800][18.296s][info][gc,heap     ] GC(610) Survivor regions: 2->1(2)
[2026-06-17T10:06:38.645+0800][18.296s][info][gc,heap     ] GC(610) Old regions: 26->25
[2026-06-17T10:06:38.645+0800][18.296s][info][gc,heap     ] GC(610) Humongous regions: 16->16
[2026-06-17T10:06:38.645+0800][18.296s][info][gc,metaspace] GC(610) Metaspace: 116K(320K)->116K(320K) NonClass: 109K(192K)->109K(192K) Class: 7K(128K)->7K(128K)
[2026-06-17T10:06:38.645+0800][18.296s][info][gc          ] GC(610) Pause Young (Mixed) (G1 Evacuation Pause) 53M->40M(64M) 2.917ms
[2026-06-17T10:06:38.645+0800][18.296s][info][gc,cpu      ] GC(610) User=0.00s Sys=0.00s Real=0.01s
[2026-06-17T10:06:38.656+0800][18.307s][info][gc,start    ] GC(611) Pause Young (Concurrent Start) (G1 Humongous Allocation)
[2026-06-17T10:06:38.657+0800][18.307s][info][gc,task     ] GC(611) Using 2 workers of 18 for evacuation
[2026-06-17T10:06:38.657+0800][18.308s][info][gc,phases   ] GC(611)   Pre Evacuate Collection Set: 0.16ms
[2026-06-17T10:06:38.658+0800][18.308s][info][gc,phases   ] GC(611)   Merge Heap Roots: 0.03ms
[2026-06-17T10:06:38.658+0800][18.308s][info][gc,phases   ] GC(611)   Evacuate Collection Set: 0.21ms
[2026-06-17T10:06:38.658+0800][18.309s][info][gc,phases   ] GC(611)   Post Evacuate Collection Set: 0.16ms
[2026-06-17T10:06:38.658+0800][18.309s][info][gc,phases   ] GC(611)   Other: 0.28ms
[2026-06-17T10:06:38.658+0800][18.309s][info][gc,heap     ] GC(611) Eden regions: 6->0(10)
[2026-06-17T10:06:38.658+0800][18.309s][info][gc,heap     ] GC(611) Survivor regions: 1->2(2)
[2026-06-17T10:06:38.659+0800][18.309s][info][gc,heap     ] GC(611) Old regions: 25->25
[2026-06-17T10:06:38.659+0800][18.310s][info][gc,heap     ] GC(611) Humongous regions: 16->16
[2026-06-17T10:06:38.659+0800][18.310s][info][gc,metaspace] GC(611) Metaspace: 116K(320K)->116K(320K) NonClass: 109K(192K)->109K(192K) Class: 7K(128K)->7K(128K)
[2026-06-17T10:06:38.660+0800][18.310s][info][gc          ] GC(611) Pause Young (Concurrent Start) (G1 Humongous Allocation) 45M->42M(64M) 3.527ms
[2026-06-17T10:06:38.660+0800][18.311s][info][gc,cpu      ] GC(611) User=0.00s Sys=0.00s Real=0.00s
[2026-06-17T10:06:38.660+0800][18.311s][info][gc          ] GC(612) Concurrent Mark Cycle
[2026-06-17T10:06:38.660+0800][18.311s][info][gc,marking  ] GC(612) Concurrent Scan Root Regions
[2026-06-17T10:06:38.661+0800][18.311s][info][gc,marking  ] GC(612) Concurrent Scan Root Regions 0.197ms
[2026-06-17T10:06:38.661+0800][18.311s][info][gc,marking  ] GC(612) Concurrent Mark
[2026-06-17T10:06:38.661+0800][18.311s][info][gc,marking  ] GC(612) Concurrent Mark From Roots
[2026-06-17T10:06:38.661+0800][18.311s][info][gc,task     ] GC(612) Using 5 workers of 5 for marking
[2026-06-17T10:06:38.662+0800][18.312s][info][gc,marking  ] GC(612) Concurrent Mark From Roots 1.117ms
[2026-06-17T10:06:38.662+0800][18.313s][info][gc,marking  ] GC(612) Concurrent Preclean
[2026-06-17T10:06:38.662+0800][18.313s][info][gc,marking  ] GC(612) Concurrent Preclean 0.135ms
[2026-06-17T10:06:38.662+0800][18.313s][info][gc,start    ] GC(612) Pause Remark
[2026-06-17T10:06:38.663+0800][18.313s][info][gc          ] GC(612) Pause Remark 44M->44M(64M) 0.377ms
[2026-06-17T10:06:38.663+0800][18.313s][info][gc,cpu      ] GC(612) User=0.00s Sys=0.00s Real=0.01s
[2026-06-17T10:06:38.663+0800][18.313s][info][gc,marking  ] GC(612) Concurrent Mark 2.229ms
[2026-06-17T10:06:38.663+0800][18.314s][info][gc,marking  ] GC(612) Concurrent Rebuild Remembered Sets and Scrub Regions
[2026-06-17T10:06:38.663+0800][18.314s][info][gc,marking  ] GC(612) Concurrent Rebuild Remembered Sets and Scrub Regions 0.489ms
[2026-06-17T10:06:38.664+0800][18.314s][info][gc,start    ] GC(612) Pause Cleanup
[2026-06-17T10:06:38.664+0800][18.314s][info][gc          ] GC(612) Pause Cleanup 44M->44M(64M) 0.140ms
[2026-06-17T10:06:38.664+0800][18.314s][info][gc,cpu      ] GC(612) User=0.00s Sys=0.00s Real=0.00s
[2026-06-17T10:06:38.664+0800][18.315s][info][gc,marking  ] GC(612) Concurrent Clear Claimed Marks
[2026-06-17T10:06:38.664+0800][18.315s][info][gc,marking  ] GC(612) Concurrent Clear Claimed Marks 0.084ms
[2026-06-17T10:06:38.664+0800][18.315s][info][gc,marking  ] GC(612) Concurrent Cleanup for Next Mark
[2026-06-17T10:06:38.664+0800][18.315s][info][gc,marking  ] GC(612) Concurrent Cleanup for Next Mark 0.190ms
[2026-06-17T10:06:38.665+0800][18.315s][info][gc          ] GC(612) Concurrent Mark Cycle 4.483ms
[2026-06-17T10:06:38.692+0800][18.342s][info][gc,start    ] GC(613) Pause Young (Prepare Mixed) (G1 Evacuation Pause)
[2026-06-17T10:06:38.692+0800][18.343s][info][gc,task     ] GC(613) Using 2 workers of 18 for evacuation
[2026-06-17T10:06:38.693+0800][18.344s][info][gc,phases   ] GC(613)   Pre Evacuate Collection Set: 0.10ms
[2026-06-17T10:06:38.693+0800][18.344s][info][gc,phases   ] GC(613)   Merge Heap Roots: 0.04ms
[2026-06-17T10:06:38.693+0800][18.344s][info][gc,phases   ] GC(613)   Evacuate Collection Set: 0.36ms
[2026-06-17T10:06:38.693+0800][18.344s][info][gc,phases   ] GC(613)   Post Evacuate Collection Set: 0.15ms
[2026-06-17T10:06:38.694+0800][18.344s][info][gc,phases   ] GC(613)   Other: 0.23ms
[2026-06-17T10:06:38.694+0800][18.344s][info][gc,heap     ] GC(613) Eden regions: 10->0(7)
[2026-06-17T10:06:38.694+0800][18.344s][info][gc,heap     ] GC(613) Survivor regions: 2->2(2)
[2026-06-17T10:06:38.694+0800][18.344s][info][gc,heap     ] GC(613) Old regions: 25->28
[2026-06-17T10:06:38.694+0800][18.344s][info][gc,heap     ] GC(613) Humongous regions: 18->18
[2026-06-17T10:06:38.694+0800][18.345s][info][gc,metaspace] GC(613) Metaspace: 116K(320K)->116K(320K) NonClass: 109K(192K)->109K(192K) Class: 7K(128K)->7K(128K)
[2026-06-17T10:06:38.694+0800][18.345s][info][gc          ] GC(613) Pause Young (Prepare Mixed) (G1 Evacuation Pause) 54M->47M(64M) 2.389ms
[2026-06-17T10:06:38.694+0800][18.345s][info][gc,cpu      ] GC(613) User=0.00s Sys=0.00s Real=0.00s
[2026-06-17T10:06:38.715+0800][18.366s][info][gc,start    ] GC(614) Pause Young (Mixed) (G1 Evacuation Pause)
[2026-06-17T10:06:38.716+0800][18.366s][info][gc,task     ] GC(614) Using 2 workers of 18 for evacuation
[2026-06-17T10:06:38.717+0800][18.367s][info][gc,phases   ] GC(614)   Pre Evacuate Collection Set: 0.12ms
[2026-06-17T10:06:38.717+0800][18.368s][info][gc,phases   ] GC(614)   Merge Heap Roots: 0.05ms
[2026-06-17T10:06:38.717+0800][18.368s][info][gc,phases   ] GC(614)   Evacuate Collection Set: 0.37ms
[2026-06-17T10:06:38.717+0800][18.368s][info][gc,phases   ] GC(614)   Post Evacuate Collection Set: 0.19ms
[2026-06-17T10:06:38.718+0800][18.368s][info][gc,phases   ] GC(614)   Other: 0.25ms
[2026-06-17T10:06:38.718+0800][18.368s][info][gc,heap     ] GC(614) Eden regions: 7->0(8)
[2026-06-17T10:06:38.718+0800][18.368s][info][gc,heap     ] GC(614) Survivor regions: 2->2(2)
[2026-06-17T10:06:38.718+0800][18.369s][info][gc,heap     ] GC(614) Old regions: 28->27
[2026-06-17T10:06:38.718+0800][18.369s][info][gc,heap     ] GC(614) Humongous regions: 18->18
[2026-06-17T10:06:38.718+0800][18.369s][info][gc,metaspace] GC(614) Metaspace: 116K(320K)->116K(320K) NonClass: 109K(192K)->109K(192K) Class: 7K(128K)->7K(128K)
[2026-06-17T10:06:38.718+0800][18.369s][info][gc          ] GC(614) Pause Young (Mixed) (G1 Evacuation Pause) 54M->46M(64M) 2.947ms
[2026-06-17T10:06:38.718+0800][18.369s][info][gc,cpu      ] GC(614) User=0.00s Sys=0.00s Real=0.00s
[2026-06-17T10:06:38.739+0800][18.390s][info][gc,start    ] GC(615) Pause Young (Concurrent Start) (G1 Evacuation Pause)
[2026-06-17T10:06:38.740+0800][18.390s][info][gc,task     ] GC(615) Using 2 workers of 18 for evacuation
[2026-06-17T10:06:38.741+0800][18.391s][info][gc,phases   ] GC(615)   Pre Evacuate Collection Set: 0.21ms
[2026-06-17T10:06:38.741+0800][18.392s][info][gc,phases   ] GC(615)   Merge Heap Roots: 0.04ms
[2026-06-17T10:06:38.741+0800][18.392s][info][gc,phases   ] GC(615)   Evacuate Collection Set: 0.28ms
[2026-06-17T10:06:38.742+0800][18.392s][info][gc,phases   ] GC(615)   Post Evacuate Collection Set: 0.21ms
[2026-06-17T10:06:38.742+0800][18.392s][info][gc,phases   ] GC(615)   Other: 0.29ms
[2026-06-17T10:06:38.742+0800][18.392s][info][gc,heap     ] GC(615) Eden regions: 8->0(7)
[2026-06-17T10:06:38.742+0800][18.392s][info][gc,heap     ] GC(615) Survivor regions: 2->2(2)
[2026-06-17T10:06:38.742+0800][18.393s][info][gc,heap     ] GC(615) Old regions: 27->28
[2026-06-17T10:06:38.742+0800][18.393s][info][gc,heap     ] GC(615) Humongous regions: 18->18
[2026-06-17T10:06:38.742+0800][18.393s][info][gc,metaspace] GC(615) Metaspace: 116K(320K)->116K(320K) NonClass: 109K(192K)->109K(192K) Class: 7K(128K)->7K(128K)
[2026-06-17T10:06:38.742+0800][18.393s][info][gc          ] GC(615) Pause Young (Concurrent Start) (G1 Evacuation Pause) 54M->47M(64M) 2.916ms
[2026-06-17T10:06:38.743+0800][18.393s][info][gc,cpu      ] GC(615) User=0.00s Sys=0.00s Real=0.01s
[2026-06-17T10:06:38.743+0800][18.393s][info][gc          ] GC(616) Concurrent Mark Cycle
[2026-06-17T10:06:38.743+0800][18.393s][info][gc,marking  ] GC(616) Concurrent Scan Root Regions
[2026-06-17T10:06:38.743+0800][18.394s][info][gc,marking  ] GC(616) Concurrent Scan Root Regions 0.130ms
[2026-06-17T10:06:38.743+0800][18.394s][info][gc,marking  ] GC(616) Concurrent Mark
[2026-06-17T10:06:38.743+0800][18.394s][info][gc,marking  ] GC(616) Concurrent Mark From Roots
[2026-06-17T10:06:38.743+0800][18.394s][info][gc,task     ] GC(616) Using 5 workers of 5 for marking
[2026-06-17T10:06:38.744+0800][18.395s][info][gc,marking  ] GC(616) Concurrent Mark From Roots 1.183ms
[2026-06-17T10:06:38.745+0800][18.395s][info][gc,marking  ] GC(616) Concurrent Preclean
[2026-06-17T10:06:38.745+0800][18.395s][info][gc,marking  ] GC(616) Concurrent Preclean 0.146ms
[2026-06-17T10:06:38.745+0800][18.395s][info][gc,start    ] GC(616) Pause Remark
[2026-06-17T10:06:38.745+0800][18.396s][info][gc          ] GC(616) Pause Remark 50M->46M(64M) 0.515ms
[2026-06-17T10:06:38.745+0800][18.396s][info][gc,cpu      ] GC(616) User=0.00s Sys=0.00s Real=0.00s
[2026-06-17T10:06:38.746+0800][18.396s][info][gc,marking  ] GC(616) Concurrent Mark 2.545ms
[2026-06-17T10:06:38.746+0800][18.396s][info][gc,marking  ] GC(616) Concurrent Rebuild Remembered Sets and Scrub Regions
[2026-06-17T10:06:38.746+0800][18.397s][info][gc,marking  ] GC(616) Concurrent Rebuild Remembered Sets and Scrub Regions 0.424ms
[2026-06-17T10:06:38.746+0800][18.397s][info][gc,start    ] GC(616) Pause Cleanup
[2026-06-17T10:06:38.746+0800][18.397s][info][gc          ] GC(616) Pause Cleanup 46M->46M(64M) 0.130ms
[2026-06-17T10:06:38.747+0800][18.397s][info][gc,cpu      ] GC(616) User=0.00s Sys=0.00s Real=0.00s
[2026-06-17T10:06:38.747+0800][18.397s][info][gc,marking  ] GC(616) Concurrent Clear Claimed Marks
[2026-06-17T10:06:38.747+0800][18.397s][info][gc,marking  ] GC(616) Concurrent Clear Claimed Marks 0.127ms
[2026-06-17T10:06:38.747+0800][18.397s][info][gc,marking  ] GC(616) Concurrent Cleanup for Next Mark
[2026-06-17T10:06:38.747+0800][18.398s][info][gc,marking  ] GC(616) Concurrent Cleanup for Next Mark 0.176ms
[2026-06-17T10:06:38.747+0800][18.398s][info][gc          ] GC(616) Concurrent Mark Cycle 4.596ms
[2026-06-17T10:06:38.753+0800][18.404s][info][gc,start    ] GC(617) Pause Young (Prepare Mixed) (G1 Evacuation Pause)
[2026-06-17T10:06:38.754+0800][18.404s][info][gc,task     ] GC(617) Using 2 workers of 18 for evacuation
[2026-06-17T10:06:38.754+0800][18.405s][info][gc,phases   ] GC(617)   Pre Evacuate Collection Set: 0.09ms
[2026-06-17T10:06:38.755+0800][18.405s][info][gc,phases   ] GC(617)   Merge Heap Roots: 0.05ms
[2026-06-17T10:06:38.755+0800][18.405s][info][gc,phases   ] GC(617)   Evacuate Collection Set: 0.17ms
[2026-06-17T10:06:38.755+0800][18.405s][info][gc,phases   ] GC(617)   Post Evacuate Collection Set: 0.14ms
[2026-06-17T10:06:38.755+0800][18.405s][info][gc,phases   ] GC(617)   Other: 0.18ms
[2026-06-17T10:06:38.755+0800][18.405s][info][gc,heap     ] GC(617) Eden regions: 7->0(10)
[2026-06-17T10:06:38.755+0800][18.406s][info][gc,heap     ] GC(617) Survivor regions: 2->1(2)
[2026-06-17T10:06:38.755+0800][18.406s][info][gc,heap     ] GC(617) Old regions: 24->26
[2026-06-17T10:06:38.755+0800][18.406s][info][gc,heap     ] GC(617) Humongous regions: 18->18
[2026-06-17T10:06:38.755+0800][18.406s][info][gc,metaspace] GC(617) Metaspace: 116K(320K)->116K(320K) NonClass: 109K(192K)->109K(192K) Class: 7K(128K)->7K(128K)
[2026-06-17T10:06:38.755+0800][18.406s][info][gc          ] GC(617) Pause Young (Prepare Mixed) (G1 Evacuation Pause) 50M->43M(64M) 1.854ms
[2026-06-17T10:06:38.755+0800][18.406s][info][gc,cpu      ] GC(617) User=0.00s Sys=0.01s Real=0.00s
[2026-06-17T10:06:38.787+0800][18.437s][info][gc,start    ] GC(618) Pause Young (Mixed) (G1 Evacuation Pause)
[2026-06-17T10:06:38.788+0800][18.438s][info][gc,task     ] GC(618) Using 2 workers of 18 for evacuation
[2026-06-17T10:06:38.789+0800][18.439s][info][gc,phases   ] GC(618)   Pre Evacuate Collection Set: 0.15ms
[2026-06-17T10:06:38.789+0800][18.440s][info][gc,phases   ] GC(618)   Merge Heap Roots: 0.05ms
[2026-06-17T10:06:38.789+0800][18.440s][info][gc,phases   ] GC(618)   Evacuate Collection Set: 0.48ms
[2026-06-17T10:06:38.790+0800][18.440s][info][gc,phases   ] GC(618)   Post Evacuate Collection Set: 0.23ms
[2026-06-17T10:06:38.790+0800][18.440s][info][gc,phases   ] GC(618)   Other: 0.38ms
[2026-06-17T10:06:38.790+0800][18.440s][info][gc,heap     ] GC(618) Eden regions: 10->0(11)
[2026-06-17T10:06:38.790+0800][18.441s][info][gc,heap     ] GC(618) Survivor regions: 1->2(2)
[2026-06-17T10:06:38.790+0800][18.441s][info][gc,heap     ] GC(618) Old regions: 26->23
[2026-06-17T10:06:38.790+0800][18.441s][info][gc,heap     ] GC(618) Humongous regions: 18->18
[2026-06-17T10:06:38.791+0800][18.441s][info][gc,metaspace] GC(618) Metaspace: 116K(320K)->116K(320K) NonClass: 109K(192K)->109K(192K) Class: 7K(128K)->7K(128K)
[2026-06-17T10:06:38.791+0800][18.441s][info][gc          ] GC(618) Pause Young (Mixed) (G1 Evacuation Pause) 53M->42M(64M) 3.939ms
[2026-06-17T10:06:38.791+0800][18.442s][info][gc,cpu      ] GC(618) User=0.00s Sys=0.00s Real=0.01s
[2026-06-17T10:06:38.823+0800][18.473s][info][gc,start    ] GC(619) Pause Young (Concurrent Start) (G1 Evacuation Pause)
[2026-06-17T10:06:38.823+0800][18.474s][info][gc,task     ] GC(619) Using 2 workers of 18 for evacuation
[2026-06-17T10:06:38.825+0800][18.475s][info][gc,phases   ] GC(619)   Pre Evacuate Collection Set: 0.26ms
[2026-06-17T10:06:38.825+0800][18.476s][info][gc,phases   ] GC(619)   Merge Heap Roots: 0.07ms
[2026-06-17T10:06:38.825+0800][18.476s][info][gc,phases   ] GC(619)   Evacuate Collection Set: 0.42ms
[2026-06-17T10:06:38.826+0800][18.476s][info][gc,phases   ] GC(619)   Post Evacuate Collection Set: 0.27ms
[2026-06-17T10:06:38.826+0800][18.477s][info][gc,phases   ] GC(619)   Other: 0.35ms
[2026-06-17T10:06:38.826+0800][18.477s][info][gc,heap     ] GC(619) Eden regions: 11->0(9)
[2026-06-17T10:06:38.827+0800][18.477s][info][gc,heap     ] GC(619) Survivor regions: 2->2(2)
[2026-06-17T10:06:38.827+0800][18.477s][info][gc,heap     ] GC(619) Old regions: 23->26
[2026-06-17T10:06:38.827+0800][18.478s][info][gc,heap     ] GC(619) Humongous regions: 18->18
[2026-06-17T10:06:38.827+0800][18.478s][info][gc,metaspace] GC(619) Metaspace: 116K(320K)->116K(320K) NonClass: 109K(192K)->109K(192K) Class: 7K(128K)->7K(128K)
[2026-06-17T10:06:38.827+0800][18.478s][info][gc          ] GC(619) Pause Young (Concurrent Start) (G1 Evacuation Pause) 53M->45M(64M) 4.633ms
[2026-06-17T10:06:38.828+0800][18.478s][info][gc,cpu      ] GC(619) User=0.00s Sys=0.00s Real=0.00s
[2026-06-17T10:06:38.828+0800][18.478s][info][gc          ] GC(620) Concurrent Mark Cycle
[2026-06-17T10:06:38.828+0800][18.478s][info][gc,marking  ] GC(620) Concurrent Scan Root Regions
[2026-06-17T10:06:38.828+0800][18.479s][info][gc,marking  ] GC(620) Concurrent Scan Root Regions 0.227ms
[2026-06-17T10:06:38.828+0800][18.479s][info][gc,marking  ] GC(620) Concurrent Mark
[2026-06-17T10:06:38.828+0800][18.479s][info][gc,marking  ] GC(620) Concurrent Mark From Roots
[2026-06-17T10:06:38.828+0800][18.479s][info][gc,task     ] GC(620) Using 5 workers of 5 for marking
[2026-06-17T10:06:38.831+0800][18.481s][info][gc,marking  ] GC(620) Concurrent Mark From Roots 2.194ms
[2026-06-17T10:06:38.831+0800][18.481s][info][gc,marking  ] GC(620) Concurrent Preclean
[2026-06-17T10:06:38.831+0800][18.481s][info][gc,marking  ] GC(620) Concurrent Preclean 0.275ms
[2026-06-17T10:06:38.831+0800][18.482s][info][gc,start    ] GC(620) Pause Remark
[2026-06-17T10:06:38.832+0800][18.482s][info][gc          ] GC(620) Pause Remark 49M->48M(64M) 0.430ms
[2026-06-17T10:06:38.832+0800][18.482s][info][gc,cpu      ] GC(620) User=0.00s Sys=0.00s Real=0.00s
[2026-06-17T10:06:38.832+0800][18.482s][info][gc,marking  ] GC(620) Concurrent Mark 3.516ms
[2026-06-17T10:06:38.832+0800][18.482s][info][gc,marking  ] GC(620) Concurrent Rebuild Remembered Sets and Scrub Regions
[2026-06-17T10:06:38.832+0800][18.483s][info][gc,marking  ] GC(620) Concurrent Rebuild Remembered Sets and Scrub Regions 0.432ms
[2026-06-17T10:06:38.832+0800][18.483s][info][gc,start    ] GC(620) Pause Cleanup
[2026-06-17T10:06:38.833+0800][18.483s][info][gc          ] GC(620) Pause Cleanup 48M->48M(64M) 0.094ms
[2026-06-17T10:06:38.833+0800][18.483s][info][gc,cpu      ] GC(620) User=0.00s Sys=0.00s Real=0.00s
[2026-06-17T10:06:38.833+0800][18.483s][info][gc,marking  ] GC(620) Concurrent Clear Claimed Marks
[2026-06-17T10:06:38.833+0800][18.483s][info][gc,marking  ] GC(620) Concurrent Clear Claimed Marks 0.076ms
[2026-06-17T10:06:38.833+0800][18.483s][info][gc,marking  ] GC(620) Concurrent Cleanup for Next Mark
[2026-06-17T10:06:38.833+0800][18.484s][info][gc,marking  ] GC(620) Concurrent Cleanup for Next Mark 0.152ms
[2026-06-17T10:06:38.833+0800][18.484s][info][gc          ] GC(620) Concurrent Mark Cycle 5.599ms
[2026-06-17T10:06:38.849+0800][18.499s][info][gc,start    ] GC(621) Pause Young (Prepare Mixed) (G1 Evacuation Pause)
[2026-06-17T10:06:38.849+0800][18.500s][info][gc,task     ] GC(621) Using 2 workers of 18 for evacuation
[2026-06-17T10:06:38.850+0800][18.501s][info][gc,phases   ] GC(621)   Pre Evacuate Collection Set: 0.10ms
[2026-06-17T10:06:38.850+0800][18.501s][info][gc,phases   ] GC(621)   Merge Heap Roots: 0.05ms
[2026-06-17T10:06:38.851+0800][18.501s][info][gc,phases   ] GC(621)   Evacuate Collection Set: 0.32ms
[2026-06-17T10:06:38.851+0800][18.501s][info][gc,phases   ] GC(621)   Post Evacuate Collection Set: 0.23ms
[2026-06-17T10:06:38.851+0800][18.502s][info][gc,phases   ] GC(621)   Other: 0.30ms
[2026-06-17T10:06:38.851+0800][18.502s][info][gc,heap     ] GC(621) Eden regions: 9->0(8)
[2026-06-17T10:06:38.852+0800][18.502s][info][gc,heap     ] GC(621) Survivor regions: 2->2(2)
[2026-06-17T10:06:38.852+0800][18.502s][info][gc,heap     ] GC(621) Old regions: 25->27
[2026-06-17T10:06:38.852+0800][18.502s][info][gc,heap     ] GC(621) Humongous regions: 18->18
[2026-06-17T10:06:38.852+0800][18.503s][info][gc,metaspace] GC(621) Metaspace: 116K(320K)->116K(320K) NonClass: 109K(192K)->109K(192K) Class: 7K(128K)->7K(128K)
[2026-06-17T10:06:38.852+0800][18.503s][info][gc          ] GC(621) Pause Young (Prepare Mixed) (G1 Evacuation Pause) 53M->46M(64M) 3.554ms
[2026-06-17T10:06:38.852+0800][18.503s][info][gc,cpu      ] GC(621) User=0.00s Sys=0.00s Real=0.01s
[2026-06-17T10:06:38.874+0800][18.524s][info][gc,start    ] GC(622) Pause Young (Mixed) (G1 Evacuation Pause)
[2026-06-17T10:06:38.874+0800][18.525s][info][gc,task     ] GC(622) Using 2 workers of 18 for evacuation
[2026-06-17T10:06:38.875+0800][18.526s][info][gc,phases   ] GC(622)   Pre Evacuate Collection Set: 0.12ms
[2026-06-17T10:06:38.876+0800][18.526s][info][gc,phases   ] GC(622)   Merge Heap Roots: 0.04ms
[2026-06-17T10:06:38.876+0800][18.526s][info][gc,phases   ] GC(622)   Evacuate Collection Set: 0.37ms
[2026-06-17T10:06:38.876+0800][18.526s][info][gc,phases   ] GC(622)   Post Evacuate Collection Set: 0.14ms
[2026-06-17T10:06:38.876+0800][18.527s][info][gc,phases   ] GC(622)   Other: 0.37ms
[2026-06-17T10:06:38.876+0800][18.527s][info][gc,heap     ] GC(622) Eden regions: 8->0(13)
[2026-06-17T10:06:38.876+0800][18.527s][info][gc,heap     ] GC(622) Survivor regions: 2->2(2)
[2026-06-17T10:06:38.876+0800][18.527s][info][gc,heap     ] GC(622) Old regions: 27->27
[2026-06-17T10:06:38.877+0800][18.527s][info][gc,heap     ] GC(622) Humongous regions: 19->10
[2026-06-17T10:06:38.877+0800][18.527s][info][gc,metaspace] GC(622) Metaspace: 116K(320K)->116K(320K) NonClass: 109K(192K)->109K(192K) Class: 7K(128K)->7K(128K)
[2026-06-17T10:06:38.877+0800][18.527s][info][gc          ] GC(622) Pause Young (Mixed) (G1 Evacuation Pause) 55M->38M(64M) 3.124ms
[2026-06-17T10:06:38.877+0800][18.528s][info][gc,cpu      ] GC(622) User=0.00s Sys=0.00s Real=0.00s
[2026-06-17T10:06:38.909+0800][18.559s][info][gc,start    ] GC(623) Pause Young (Concurrent Start) (G1 Evacuation Pause)
[2026-06-17T10:06:38.909+0800][18.560s][info][gc,task     ] GC(623) Using 2 workers of 18 for evacuation
[2026-06-17T10:06:38.910+0800][18.561s][info][gc,phases   ] GC(623)   Pre Evacuate Collection Set: 0.26ms
[2026-06-17T10:06:38.911+0800][18.561s][info][gc,phases   ] GC(623)   Merge Heap Roots: 0.07ms
[2026-06-17T10:06:38.911+0800][18.561s][info][gc,phases   ] GC(623)   Evacuate Collection Set: 0.36ms
[2026-06-17T10:06:38.911+0800][18.561s][info][gc,phases   ] GC(623)   Post Evacuate Collection Set: 0.24ms
[2026-06-17T10:06:38.911+0800][18.562s][info][gc,phases   ] GC(623)   Other: 0.28ms
[2026-06-17T10:06:38.911+0800][18.562s][info][gc,heap     ] GC(623) Eden regions: 13->0(11)
[2026-06-17T10:06:38.911+0800][18.562s][info][gc,heap     ] GC(623) Survivor regions: 2->2(2)
[2026-06-17T10:06:38.911+0800][18.562s][info][gc,heap     ] GC(623) Old regions: 27->30
[2026-06-17T10:06:38.912+0800][18.562s][info][gc,heap     ] GC(623) Humongous regions: 10->10
[2026-06-17T10:06:38.912+0800][18.562s][info][gc,metaspace] GC(623) Metaspace: 116K(320K)->116K(320K) NonClass: 109K(192K)->109K(192K) Class: 7K(128K)->7K(128K)
[2026-06-17T10:06:38.912+0800][18.562s][info][gc          ] GC(623) Pause Young (Concurrent Start) (G1 Evacuation Pause) 51M->41M(64M) 3.088ms
[2026-06-17T10:06:38.912+0800][18.562s][info][gc,cpu      ] GC(623) User=0.00s Sys=0.00s Real=0.01s
[2026-06-17T10:06:38.912+0800][18.563s][info][gc          ] GC(624) Concurrent Mark Cycle
[2026-06-17T10:06:38.912+0800][18.563s][info][gc,marking  ] GC(624) Concurrent Scan Root Regions
[2026-06-17T10:06:38.912+0800][18.563s][info][gc,marking  ] GC(624) Concurrent Scan Root Regions 0.220ms
[2026-06-17T10:06:38.912+0800][18.563s][info][gc,marking  ] GC(624) Concurrent Mark
[2026-06-17T10:06:38.913+0800][18.563s][info][gc,marking  ] GC(624) Concurrent Mark From Roots
[2026-06-17T10:06:38.913+0800][18.563s][info][gc,task     ] GC(624) Using 5 workers of 5 for marking
[2026-06-17T10:06:38.914+0800][18.564s][info][gc,marking  ] GC(624) Concurrent Mark From Roots 1.216ms
[2026-06-17T10:06:38.914+0800][18.565s][info][gc,marking  ] GC(624) Concurrent Preclean
[2026-06-17T10:06:38.915+0800][18.565s][info][gc,marking  ] GC(624) Concurrent Preclean 0.178ms
[2026-06-17T10:06:38.915+0800][18.565s][info][gc,start    ] GC(624) Pause Remark
[2026-06-17T10:06:38.915+0800][18.566s][info][gc          ] GC(624) Pause Remark 43M->37M(64M) 0.453ms
[2026-06-17T10:06:38.915+0800][18.566s][info][gc,cpu      ] GC(624) User=0.00s Sys=0.00s Real=0.00s
[2026-06-17T10:06:38.915+0800][18.566s][info][gc,marking  ] GC(624) Concurrent Mark 2.925ms
[2026-06-17T10:06:38.915+0800][18.566s][info][gc,marking  ] GC(624) Concurrent Rebuild Remembered Sets and Scrub Regions
[2026-06-17T10:06:38.916+0800][18.566s][info][gc,marking  ] GC(624) Concurrent Rebuild Remembered Sets and Scrub Regions 0.474ms
[2026-06-17T10:06:38.916+0800][18.567s][info][gc,start    ] GC(624) Pause Cleanup
[2026-06-17T10:06:38.916+0800][18.567s][info][gc          ] GC(624) Pause Cleanup 37M->37M(64M) 0.104ms
[2026-06-17T10:06:38.916+0800][18.567s][info][gc,cpu      ] GC(624) User=0.00s Sys=0.00s Real=0.00s
[2026-06-17T10:06:38.916+0800][18.567s][info][gc,marking  ] GC(624) Concurrent Clear Claimed Marks
[2026-06-17T10:06:38.917+0800][18.567s][info][gc,marking  ] GC(624) Concurrent Clear Claimed Marks 0.084ms
[2026-06-17T10:06:38.917+0800][18.567s][info][gc,marking  ] GC(624) Concurrent Cleanup for Next Mark
[2026-06-17T10:06:38.917+0800][18.567s][info][gc,marking  ] GC(624) Concurrent Cleanup for Next Mark 0.164ms
[2026-06-17T10:06:38.917+0800][18.567s][info][gc          ] GC(624) Concurrent Mark Cycle 4.904ms
[2026-06-17T10:06:38.933+0800][18.584s][info][gc,start    ] GC(625) Pause Young (Prepare Mixed) (G1 Evacuation Pause)
[2026-06-17T10:06:38.934+0800][18.584s][info][gc,task     ] GC(625) Using 2 workers of 18 for evacuation
[2026-06-17T10:06:38.934+0800][18.585s][info][gc,phases   ] GC(625)   Pre Evacuate Collection Set: 0.14ms
[2026-06-17T10:06:38.935+0800][18.585s][info][gc,phases   ] GC(625)   Merge Heap Roots: 0.04ms
[2026-06-17T10:06:38.935+0800][18.585s][info][gc,phases   ] GC(625)   Evacuate Collection Set: 0.22ms
[2026-06-17T10:06:38.935+0800][18.586s][info][gc,phases   ] GC(625)   Post Evacuate Collection Set: 0.16ms
[2026-06-17T10:06:38.935+0800][18.586s][info][gc,phases   ] GC(625)   Other: 0.32ms
[2026-06-17T10:06:38.935+0800][18.586s][info][gc,heap     ] GC(625) Eden regions: 11->0(16)
[2026-06-17T10:06:38.936+0800][18.586s][info][gc,heap     ] GC(625) Survivor regions: 2->2(2)
[2026-06-17T10:06:38.936+0800][18.586s][info][gc,heap     ] GC(625) Old regions: 24->25
[2026-06-17T10:06:38.936+0800][18.586s][info][gc,heap     ] GC(625) Humongous regions: 10->10
[2026-06-17T10:06:38.936+0800][18.587s][info][gc,metaspace] GC(625) Metaspace: 116K(320K)->116K(320K) NonClass: 109K(192K)->109K(192K) Class: 7K(128K)->7K(128K)
[2026-06-17T10:06:38.936+0800][18.587s][info][gc          ] GC(625) Pause Young (Prepare Mixed) (G1 Evacuation Pause) 46M->36M(64M) 2.857ms
[2026-06-17T10:06:38.936+0800][18.587s][info][gc,cpu      ] GC(625) User=0.00s Sys=0.00s Real=0.00s
[2026-06-17T10:06:38.979+0800][18.629s][info][gc,start    ] GC(626) Pause Young (Mixed) (G1 Evacuation Pause)
[2026-06-17T10:06:38.981+0800][18.632s][info][gc,task     ] GC(626) Using 2 workers of 18 for evacuation
[2026-06-17T10:06:38.983+0800][18.634s][info][gc,phases   ] GC(626)   Pre Evacuate Collection Set: 0.19ms
[2026-06-17T10:06:38.985+0800][18.636s][info][gc,phases   ] GC(626)   Merge Heap Roots: 0.07ms
[2026-06-17T10:06:38.987+0800][18.638s][info][gc,phases   ] GC(626)   Evacuate Collection Set: 0.75ms
[2026-06-17T10:06:38.988+0800][18.638s][info][gc,phases   ] GC(626)   Post Evacuate Collection Set: 0.37ms
[2026-06-17T10:06:38.990+0800][18.640s][info][gc,phases   ] GC(626)   Other: 0.62ms
[2026-06-17T10:06:38.992+0800][18.642s][info][gc,heap     ] GC(626) Eden regions: 16->0(13)
[2026-06-17T10:06:38.992+0800][18.642s][info][gc,heap     ] GC(626) Survivor regions: 2->3(3)
[2026-06-17T10:06:38.992+0800][18.642s][info][gc,heap     ] GC(626) Old regions: 25->26
[2026-06-17T10:06:38.992+0800][18.643s][info][gc,heap     ] GC(626) Humongous regions: 10->10
[2026-06-17T10:06:38.993+0800][18.643s][info][gc,metaspace] GC(626) Metaspace: 116K(320K)->116K(320K) NonClass: 109K(192K)->109K(192K) Class: 7K(128K)->7K(128K)
[2026-06-17T10:06:38.993+0800][18.644s][info][gc          ] GC(626) Pause Young (Mixed) (G1 Evacuation Pause) 52M->38M(64M) 14.464ms
[2026-06-17T10:06:38.993+0800][18.644s][info][gc,cpu      ] GC(626) User=0.00s Sys=0.00s Real=0.02s
[2026-06-17T10:06:39.035+0800][18.686s][info][gc,start    ] GC(627) Pause Young (Mixed) (G1 Evacuation Pause)
[2026-06-17T10:06:39.036+0800][18.687s][info][gc,task     ] GC(627) Using 2 workers of 18 for evacuation
[2026-06-17T10:06:39.037+0800][18.688s][info][gc,phases   ] GC(627)   Pre Evacuate Collection Set: 0.30ms
[2026-06-17T10:06:39.038+0800][18.688s][info][gc,phases   ] GC(627)   Merge Heap Roots: 0.11ms
[2026-06-17T10:06:39.038+0800][18.689s][info][gc,phases   ] GC(627)   Evacuate Collection Set: 0.47ms
[2026-06-17T10:06:39.038+0800][18.689s][info][gc,phases   ] GC(627)   Post Evacuate Collection Set: 0.25ms
[2026-06-17T10:06:39.039+0800][18.689s][info][gc,phases   ] GC(627)   Other: 0.33ms
[2026-06-17T10:06:39.039+0800][18.689s][info][gc,heap     ] GC(627) Eden regions: 13->0(14)
[2026-06-17T10:06:39.039+0800][18.689s][info][gc,heap     ] GC(627) Survivor regions: 3->2(2)
[2026-06-17T10:06:39.039+0800][18.689s][info][gc,heap     ] GC(627) Old regions: 26->27
[2026-06-17T10:06:39.039+0800][18.690s][info][gc,heap     ] GC(627) Humongous regions: 10->10
[2026-06-17T10:06:39.039+0800][18.690s][info][gc,metaspace] GC(627) Metaspace: 116K(320K)->116K(320K) NonClass: 109K(192K)->109K(192K) Class: 7K(128K)->7K(128K)
[2026-06-17T10:06:39.039+0800][18.690s][info][gc          ] GC(627) Pause Young (Mixed) (G1 Evacuation Pause) 51M->38M(64M) 3.755ms
[2026-06-17T10:06:39.039+0800][18.690s][info][gc,cpu      ] GC(627) User=0.00s Sys=0.00s Real=0.00s
[2026-06-17T10:06:39.071+0800][18.721s][info][gc,start    ] GC(628) Pause Young (Concurrent Start) (G1 Evacuation Pause)
[2026-06-17T10:06:39.072+0800][18.723s][info][gc,task     ] GC(628) Using 2 workers of 18 for evacuation
[2026-06-17T10:06:39.074+0800][18.724s][info][gc,phases   ] GC(628)   Pre Evacuate Collection Set: 0.25ms
[2026-06-17T10:06:39.074+0800][18.725s][info][gc,phases   ] GC(628)   Merge Heap Roots: 0.03ms
[2026-06-17T10:06:39.074+0800][18.725s][info][gc,phases   ] GC(628)   Evacuate Collection Set: 0.50ms
[2026-06-17T10:06:39.074+0800][18.725s][info][gc,phases   ] GC(628)   Post Evacuate Collection Set: 0.21ms
[2026-06-17T10:06:39.074+0800][18.725s][info][gc,phases   ] GC(628)   Other: 0.28ms
[2026-06-17T10:06:39.075+0800][18.725s][info][gc,heap     ] GC(628) Eden regions: 14->0(8)
[2026-06-17T10:06:39.075+0800][18.725s][info][gc,heap     ] GC(628) Survivor regions: 2->2(2)
[2026-06-17T10:06:39.075+0800][18.725s][info][gc,heap     ] GC(628) Old regions: 27->32
[2026-06-17T10:06:39.075+0800][18.725s][info][gc,heap     ] GC(628) Humongous regions: 10->10
[2026-06-17T10:06:39.075+0800][18.726s][info][gc,metaspace] GC(628) Metaspace: 116K(320K)->116K(320K) NonClass: 109K(192K)->109K(192K) Class: 7K(128K)->7K(128K)
[2026-06-17T10:06:39.075+0800][18.726s][info][gc          ] GC(628) Pause Young (Concurrent Start) (G1 Evacuation Pause) 52M->43M(64M) 4.292ms
[2026-06-17T10:06:39.075+0800][18.726s][info][gc,cpu      ] GC(628) User=0.00s Sys=0.00s Real=0.00s
[2026-06-17T10:06:39.075+0800][18.726s][info][gc          ] GC(629) Concurrent Mark Cycle
[2026-06-17T10:06:39.076+0800][18.726s][info][gc,marking  ] GC(629) Concurrent Scan Root Regions
[2026-06-17T10:06:39.076+0800][18.726s][info][gc,marking  ] GC(629) Concurrent Scan Root Regions 0.176ms
[2026-06-17T10:06:39.076+0800][18.727s][info][gc,marking  ] GC(629) Concurrent Mark
[2026-06-17T10:06:39.076+0800][18.727s][info][gc,marking  ] GC(629) Concurrent Mark From Roots
[2026-06-17T10:06:39.076+0800][18.727s][info][gc,task     ] GC(629) Using 5 workers of 5 for marking
[2026-06-17T10:06:39.077+0800][18.728s][info][gc,marking  ] GC(629) Concurrent Mark From Roots 1.319ms
[2026-06-17T10:06:39.078+0800][18.728s][info][gc,marking  ] GC(629) Concurrent Preclean
[2026-06-17T10:06:39.078+0800][18.729s][info][gc,marking  ] GC(629) Concurrent Preclean 0.406ms
[2026-06-17T10:06:39.078+0800][18.729s][info][gc,start    ] GC(629) Pause Remark
[2026-06-17T10:06:39.079+0800][18.729s][info][gc          ] GC(629) Pause Remark 45M->38M(64M) 0.501ms
[2026-06-17T10:06:39.079+0800][18.730s][info][gc,cpu      ] GC(629) User=0.00s Sys=0.00s Real=0.00s
[2026-06-17T10:06:39.079+0800][18.730s][info][gc,marking  ] GC(629) Concurrent Mark 3.123ms
[2026-06-17T10:06:39.079+0800][18.730s][info][gc,marking  ] GC(629) Concurrent Rebuild Remembered Sets and Scrub Regions
[2026-06-17T10:06:39.080+0800][18.730s][info][gc,marking  ] GC(629) Concurrent Rebuild Remembered Sets and Scrub Regions 0.518ms
[2026-06-17T10:06:39.080+0800][18.731s][info][gc,start    ] GC(629) Pause Cleanup
[2026-06-17T10:06:39.080+0800][18.731s][info][gc          ] GC(629) Pause Cleanup 38M->38M(64M) 0.094ms
[2026-06-17T10:06:39.080+0800][18.731s][info][gc,cpu      ] GC(629) User=0.00s Sys=0.00s Real=0.00s
[2026-06-17T10:06:39.080+0800][18.731s][info][gc,marking  ] GC(629) Concurrent Clear Claimed Marks
[2026-06-17T10:06:39.080+0800][18.731s][info][gc,marking  ] GC(629) Concurrent Clear Claimed Marks 0.091ms
[2026-06-17T10:06:39.081+0800][18.731s][info][gc,marking  ] GC(629) Concurrent Cleanup for Next Mark
[2026-06-17T10:06:39.081+0800][18.731s][info][gc,marking  ] GC(629) Concurrent Cleanup for Next Mark 0.186ms
[2026-06-17T10:06:39.081+0800][18.731s][info][gc          ] GC(629) Concurrent Mark Cycle 5.464ms
[2026-06-17T10:06:39.097+0800][18.747s][info][gc,start    ] GC(630) Pause Young (Prepare Mixed) (G1 Evacuation Pause)
[2026-06-17T10:06:39.097+0800][18.747s][info][gc,task     ] GC(630) Using 2 workers of 18 for evacuation
[2026-06-17T10:06:39.098+0800][18.748s][info][gc,phases   ] GC(630)   Pre Evacuate Collection Set: 0.12ms
[2026-06-17T10:06:39.098+0800][18.749s][info][gc,phases   ] GC(630)   Merge Heap Roots: 0.05ms
[2026-06-17T10:06:39.098+0800][18.749s][info][gc,phases   ] GC(630)   Evacuate Collection Set: 0.47ms
[2026-06-17T10:06:39.098+0800][18.749s][info][gc,phases   ] GC(630)   Post Evacuate Collection Set: 0.17ms
[2026-06-17T10:06:39.099+0800][18.749s][info][gc,phases   ] GC(630)   Other: 0.22ms
[2026-06-17T10:06:39.099+0800][18.749s][info][gc,heap     ] GC(630) Eden regions: 8->0(9)
[2026-06-17T10:06:39.099+0800][18.749s][info][gc,heap     ] GC(630) Survivor regions: 2->2(2)
[2026-06-17T10:06:39.099+0800][18.750s][info][gc,heap     ] GC(630) Old regions: 25->29
[2026-06-17T10:06:39.099+0800][18.750s][info][gc,heap     ] GC(630) Humongous regions: 12->12
[2026-06-17T10:06:39.099+0800][18.750s][info][gc,metaspace] GC(630) Metaspace: 116K(320K)->116K(320K) NonClass: 109K(192K)->109K(192K) Class: 7K(128K)->7K(128K)
[2026-06-17T10:06:39.099+0800][18.750s][info][gc          ] GC(630) Pause Young (Prepare Mixed) (G1 Evacuation Pause) 46M->42M(64M) 2.834ms
[2026-06-17T10:06:39.099+0800][18.750s][info][gc,cpu      ] GC(630) User=0.00s Sys=0.00s Real=0.00s
[2026-06-17T10:06:39.121+0800][18.771s][info][gc,start    ] GC(631) Pause Young (Mixed) (G1 Evacuation Pause)
[2026-06-17T10:06:39.121+0800][18.772s][info][gc,task     ] GC(631) Using 2 workers of 18 for evacuation
[2026-06-17T10:06:39.122+0800][18.773s][info][gc,phases   ] GC(631)   Pre Evacuate Collection Set: 0.12ms
[2026-06-17T10:06:39.122+0800][18.773s][info][gc,phases   ] GC(631)   Merge Heap Roots: 0.05ms
[2026-06-17T10:06:39.122+0800][18.773s][info][gc,phases   ] GC(631)   Evacuate Collection Set: 0.31ms
[2026-06-17T10:06:39.123+0800][18.773s][info][gc,phases   ] GC(631)   Post Evacuate Collection Set: 0.19ms
[2026-06-17T10:06:39.123+0800][18.773s][info][gc,phases   ] GC(631)   Other: 0.27ms
[2026-06-17T10:06:39.123+0800][18.773s][info][gc,heap     ] GC(631) Eden regions: 9->0(14)
[2026-06-17T10:06:39.123+0800][18.774s][info][gc,heap     ] GC(631) Survivor regions: 2->2(2)
[2026-06-17T10:06:39.123+0800][18.774s][info][gc,heap     ] GC(631) Old regions: 29->25
[2026-06-17T10:06:39.123+0800][18.774s][info][gc,heap     ] GC(631) Humongous regions: 12->12
[2026-06-17T10:06:39.123+0800][18.774s][info][gc,metaspace] GC(631) Metaspace: 116K(320K)->116K(320K) NonClass: 109K(192K)->109K(192K) Class: 7K(128K)->7K(128K)
[2026-06-17T10:06:39.123+0800][18.774s][info][gc          ] GC(631) Pause Young (Mixed) (G1 Evacuation Pause) 51M->38M(64M) 2.921ms
[2026-06-17T10:06:39.124+0800][18.774s][info][gc,cpu      ] GC(631) User=0.00s Sys=0.00s Real=0.01s
[2026-06-17T10:06:39.166+0800][18.816s][info][gc,start    ] GC(632) Pause Young (Mixed) (G1 Evacuation Pause)
[2026-06-17T10:06:39.167+0800][18.818s][info][gc,task     ] GC(632) Using 2 workers of 18 for evacuation
[2026-06-17T10:06:39.170+0800][18.821s][info][gc,phases   ] GC(632)   Pre Evacuate Collection Set: 0.18ms
[2026-06-17T10:06:39.172+0800][18.822s][info][gc,phases   ] GC(632)   Merge Heap Roots: 0.04ms
[2026-06-17T10:06:39.174+0800][18.824s][info][gc,phases   ] GC(632)   Evacuate Collection Set: 0.55ms
[2026-06-17T10:06:39.175+0800][18.826s][info][gc,phases   ] GC(632)   Post Evacuate Collection Set: 0.36ms
[2026-06-17T10:06:39.181+0800][18.831s][info][gc,phases   ] GC(632)   Other: 1.80ms
[2026-06-17T10:06:39.181+0800][18.832s][info][gc,heap     ] GC(632) Eden regions: 14->0(12)
[2026-06-17T10:06:39.185+0800][18.835s][info][gc,heap     ] GC(632) Survivor regions: 2->2(2)
[2026-06-17T10:06:39.187+0800][18.838s][info][gc,heap     ] GC(632) Old regions: 25->27
[2026-06-17T10:06:39.188+0800][18.838s][info][gc,heap     ] GC(632) Humongous regions: 12->12
[2026-06-17T10:06:39.188+0800][18.839s][info][gc,metaspace] GC(632) Metaspace: 116K(320K)->116K(320K) NonClass: 109K(192K)->109K(192K) Class: 7K(128K)->7K(128K)
[2026-06-17T10:06:39.189+0800][18.839s][info][gc          ] GC(632) Pause Young (Mixed) (G1 Evacuation Pause) 52M->40M(64M) 23.070ms
[2026-06-17T10:06:39.189+0800][18.840s][info][gc,cpu      ] GC(632) User=0.00s Sys=0.00s Real=0.02s
[2026-06-17T10:06:39.221+0800][18.872s][info][gc,start    ] GC(633) Pause Young (Concurrent Start) (G1 Evacuation Pause)
[2026-06-17T10:06:39.222+0800][18.872s][info][gc,task     ] GC(633) Using 2 workers of 18 for evacuation
[2026-06-17T10:06:39.223+0800][18.874s][info][gc,phases   ] GC(633)   Pre Evacuate Collection Set: 0.25ms
[2026-06-17T10:06:39.223+0800][18.874s][info][gc,phases   ] GC(633)   Merge Heap Roots: 0.05ms
[2026-06-17T10:06:39.224+0800][18.874s][info][gc,phases   ] GC(633)   Evacuate Collection Set: 0.51ms
[2026-06-17T10:06:39.226+0800][18.877s][info][gc,phases   ] GC(633)   Post Evacuate Collection Set: 0.29ms
[2026-06-17T10:06:39.226+0800][18.877s][info][gc,phases   ] GC(633)   Other: 0.24ms
[2026-06-17T10:06:39.227+0800][18.877s][info][gc,heap     ] GC(633) Eden regions: 12->0(8)
[2026-06-17T10:06:39.227+0800][18.877s][info][gc,heap     ] GC(633) Survivor regions: 2->2(2)
[2026-06-17T10:06:39.227+0800][18.877s][info][gc,heap     ] GC(633) Old regions: 27->31
[2026-06-17T10:06:39.227+0800][18.878s][info][gc,heap     ] GC(633) Humongous regions: 12->12
[2026-06-17T10:06:39.227+0800][18.878s][info][gc,metaspace] GC(633) Metaspace: 116K(320K)->116K(320K) NonClass: 109K(192K)->109K(192K) Class: 7K(128K)->7K(128K)
[2026-06-17T10:06:39.227+0800][18.878s][info][gc          ] GC(633) Pause Young (Concurrent Start) (G1 Evacuation Pause) 52M->44M(64M) 6.237ms
[2026-06-17T10:06:39.227+0800][18.878s][info][gc,cpu      ] GC(633) User=0.00s Sys=0.00s Real=0.01s
[2026-06-17T10:06:39.227+0800][18.878s][info][gc          ] GC(634) Concurrent Mark Cycle
[2026-06-17T10:06:39.228+0800][18.878s][info][gc,marking  ] GC(634) Concurrent Scan Root Regions
[2026-06-17T10:06:39.228+0800][18.879s][info][gc,marking  ] GC(634) Concurrent Scan Root Regions 0.254ms
[2026-06-17T10:06:39.228+0800][18.879s][info][gc,marking  ] GC(634) Concurrent Mark
[2026-06-17T10:06:39.228+0800][18.879s][info][gc,marking  ] GC(634) Concurrent Mark From Roots
[2026-06-17T10:06:39.228+0800][18.879s][info][gc,task     ] GC(634) Using 5 workers of 5 for marking
[2026-06-17T10:06:39.230+0800][18.880s][info][gc,marking  ] GC(634) Concurrent Mark From Roots 1.431ms
[2026-06-17T10:06:39.230+0800][18.880s][info][gc,marking  ] GC(634) Concurrent Preclean
[2026-06-17T10:06:39.230+0800][18.880s][info][gc,marking  ] GC(634) Concurrent Preclean 0.102ms
[2026-06-17T10:06:39.230+0800][18.881s][info][gc,start    ] GC(634) Pause Remark
[2026-06-17T10:06:39.231+0800][18.881s][info][gc          ] GC(634) Pause Remark 46M->46M(64M) 0.584ms
[2026-06-17T10:06:39.231+0800][18.881s][info][gc,cpu      ] GC(634) User=0.00s Sys=0.00s Real=0.01s
[2026-06-17T10:06:39.231+0800][18.881s][info][gc,marking  ] GC(634) Concurrent Mark 2.769ms
[2026-06-17T10:06:39.231+0800][18.882s][info][gc,marking  ] GC(634) Concurrent Rebuild Remembered Sets and Scrub Regions
[2026-06-17T10:06:39.231+0800][18.882s][info][gc,marking  ] GC(634) Concurrent Rebuild Remembered Sets and Scrub Regions 0.463ms
[2026-06-17T10:06:39.232+0800][18.882s][info][gc,start    ] GC(634) Pause Cleanup
[2026-06-17T10:06:39.232+0800][18.882s][info][gc          ] GC(634) Pause Cleanup 46M->46M(64M) 0.143ms
[2026-06-17T10:06:39.232+0800][18.882s][info][gc,cpu      ] GC(634) User=0.00s Sys=0.00s Real=0.00s
[2026-06-17T10:06:39.232+0800][18.883s][info][gc,marking  ] GC(634) Concurrent Clear Claimed Marks
[2026-06-17T10:06:39.232+0800][18.883s][info][gc,marking  ] GC(634) Concurrent Clear Claimed Marks 0.076ms
[2026-06-17T10:06:39.232+0800][18.883s][info][gc,marking  ] GC(634) Concurrent Cleanup for Next Mark
[2026-06-17T10:06:39.232+0800][18.883s][info][gc,marking  ] GC(634) Concurrent Cleanup for Next Mark 0.148ms
[2026-06-17T10:06:39.232+0800][18.883s][info][gc          ] GC(634) Concurrent Mark Cycle 4.957ms
[2026-06-17T10:06:39.249+0800][18.899s][info][gc,start    ] GC(635) Pause Young (Prepare Mixed) (G1 Evacuation Pause)
[2026-06-17T10:06:39.249+0800][18.899s][info][gc,task     ] GC(635) Using 2 workers of 18 for evacuation
[2026-06-17T10:06:39.250+0800][18.900s][info][gc,phases   ] GC(635)   Pre Evacuate Collection Set: 0.13ms
[2026-06-17T10:06:39.250+0800][18.901s][info][gc,phases   ] GC(635)   Merge Heap Roots: 0.04ms
[2026-06-17T10:06:39.250+0800][18.901s][info][gc,phases   ] GC(635)   Evacuate Collection Set: 0.30ms
[2026-06-17T10:06:39.250+0800][18.901s][info][gc,phases   ] GC(635)   Post Evacuate Collection Set: 0.25ms
[2026-06-17T10:06:39.250+0800][18.901s][info][gc,phases   ] GC(635)   Other: 0.20ms
[2026-06-17T10:06:39.251+0800][18.901s][info][gc,heap     ] GC(635) Eden regions: 8->0(6)
[2026-06-17T10:06:39.251+0800][18.901s][info][gc,heap     ] GC(635) Survivor regions: 2->2(2)
[2026-06-17T10:06:39.251+0800][18.901s][info][gc,heap     ] GC(635) Old regions: 31->34
[2026-06-17T10:06:39.251+0800][18.901s][info][gc,heap     ] GC(635) Humongous regions: 12->12
[2026-06-17T10:06:39.251+0800][18.901s][info][gc,metaspace] GC(635) Metaspace: 116K(320K)->116K(320K) NonClass: 109K(192K)->109K(192K) Class: 7K(128K)->7K(128K)
[2026-06-17T10:06:39.251+0800][18.901s][info][gc          ] GC(635) Pause Young (Prepare Mixed) (G1 Evacuation Pause) 52M->47M(64M) 2.307ms
[2026-06-17T10:06:39.251+0800][18.902s][info][gc,cpu      ] GC(635) User=0.00s Sys=0.00s Real=0.01s
[2026-06-17T10:06:39.272+0800][18.922s][info][gc,start    ] GC(636) Pause Young (Mixed) (G1 Evacuation Pause)
[2026-06-17T10:06:39.272+0800][18.923s][info][gc,task     ] GC(636) Using 2 workers of 18 for evacuation
[2026-06-17T10:06:39.273+0800][18.924s][info][gc,phases   ] GC(636)   Pre Evacuate Collection Set: 0.13ms
[2026-06-17T10:06:39.274+0800][18.924s][info][gc,phases   ] GC(636)   Merge Heap Roots: 0.05ms
[2026-06-17T10:06:39.274+0800][18.924s][info][gc,phases   ] GC(636)   Evacuate Collection Set: 0.51ms
[2026-06-17T10:06:39.274+0800][18.924s][info][gc,phases   ] GC(636)   Post Evacuate Collection Set: 0.21ms
[2026-06-17T10:06:39.274+0800][18.925s][info][gc,phases   ] GC(636)   Other: 0.27ms
[2026-06-17T10:06:39.274+0800][18.925s][info][gc,heap     ] GC(636) Eden regions: 6->0(8)
[2026-06-17T10:06:39.274+0800][18.925s][info][gc,heap     ] GC(636) Survivor regions: 2->1(1)
[2026-06-17T10:06:39.274+0800][18.925s][info][gc,heap     ] GC(636) Old regions: 34->32
[2026-06-17T10:06:39.274+0800][18.925s][info][gc,heap     ] GC(636) Humongous regions: 12->12
[2026-06-17T10:06:39.274+0800][18.925s][info][gc,metaspace] GC(636) Metaspace: 116K(320K)->116K(320K) NonClass: 109K(192K)->109K(192K) Class: 7K(128K)->7K(128K)
[2026-06-17T10:06:39.274+0800][18.925s][info][gc          ] GC(636) Pause Young (Mixed) (G1 Evacuation Pause) 53M->44M(64M) 2.630ms
[2026-06-17T10:06:39.275+0800][18.925s][info][gc,cpu      ] GC(636) User=0.00s Sys=0.00s Real=0.00s
[2026-06-17T10:06:39.285+0800][18.936s][info][gc,start    ] GC(637) Pause Young (Mixed) (G1 Evacuation Pause)
[2026-06-17T10:06:39.286+0800][18.936s][info][gc,task     ] GC(637) Using 2 workers of 18 for evacuation
[2026-06-17T10:06:39.287+0800][18.937s][info][gc,phases   ] GC(637)   Pre Evacuate Collection Set: 0.12ms
[2026-06-17T10:06:39.287+0800][18.937s][info][gc,phases   ] GC(637)   Merge Heap Roots: 0.04ms
[2026-06-17T10:06:39.287+0800][18.937s][info][gc,phases   ] GC(637)   Evacuate Collection Set: 0.35ms
[2026-06-17T10:06:39.287+0800][18.938s][info][gc,phases   ] GC(637)   Post Evacuate Collection Set: 0.15ms
[2026-06-17T10:06:39.287+0800][18.938s][info][gc,phases   ] GC(637)   Other: 0.26ms
[2026-06-17T10:06:39.287+0800][18.938s][info][gc,heap     ] GC(637) Eden regions: 8->0(11)
[2026-06-17T10:06:39.287+0800][18.938s][info][gc,heap     ] GC(637) Survivor regions: 1->2(2)
[2026-06-17T10:06:39.287+0800][18.938s][info][gc,heap     ] GC(637) Old regions: 32->29
[2026-06-17T10:06:39.287+0800][18.938s][info][gc,heap     ] GC(637) Humongous regions: 12->12
[2026-06-17T10:06:39.287+0800][18.938s][info][gc,metaspace] GC(637) Metaspace: 116K(320K)->116K(320K) NonClass: 109K(192K)->109K(192K) Class: 7K(128K)->7K(128K)
[2026-06-17T10:06:39.288+0800][18.938s][info][gc          ] GC(637) Pause Young (Mixed) (G1 Evacuation Pause) 52M->42M(64M) 2.159ms
[2026-06-17T10:06:39.288+0800][18.938s][info][gc,cpu      ] GC(637) User=0.01s Sys=0.00s Real=0.00s
[2026-06-17T10:06:39.298+0800][18.949s][info][gc,start    ] GC(638) Pause Young (Concurrent Start) (G1 Humongous Allocation)
[2026-06-17T10:06:39.299+0800][18.949s][info][gc,task     ] GC(638) Using 2 workers of 18 for evacuation
[2026-06-17T10:06:39.299+0800][18.950s][info][gc,phases   ] GC(638)   Pre Evacuate Collection Set: 0.20ms
[2026-06-17T10:06:39.300+0800][18.950s][info][gc,phases   ] GC(638)   Merge Heap Roots: 0.04ms
[2026-06-17T10:06:39.300+0800][18.950s][info][gc,phases   ] GC(638)   Evacuate Collection Set: 0.21ms
[2026-06-17T10:06:39.300+0800][18.950s][info][gc,phases   ] GC(638)   Post Evacuate Collection Set: 0.15ms
[2026-06-17T10:06:39.300+0800][18.950s][info][gc,phases   ] GC(638)   Other: 0.21ms
[2026-06-17T10:06:39.300+0800][18.950s][info][gc,heap     ] GC(638) Eden regions: 4->0(10)
[2026-06-17T10:06:39.300+0800][18.950s][info][gc,heap     ] GC(638) Survivor regions: 2->1(2)
[2026-06-17T10:06:39.300+0800][18.950s][info][gc,heap     ] GC(638) Old regions: 29->31
[2026-06-17T10:06:39.300+0800][18.951s][info][gc,heap     ] GC(638) Humongous regions: 12->12
[2026-06-17T10:06:39.300+0800][18.951s][info][gc,metaspace] GC(638) Metaspace: 116K(320K)->116K(320K) NonClass: 109K(192K)->109K(192K) Class: 7K(128K)->7K(128K)
[2026-06-17T10:06:39.300+0800][18.951s][info][gc          ] GC(638) Pause Young (Concurrent Start) (G1 Humongous Allocation) 46M->43M(64M) 1.966ms
[2026-06-17T10:06:39.300+0800][18.951s][info][gc,cpu      ] GC(638) User=0.00s Sys=0.00s Real=0.00s
[2026-06-17T10:06:39.300+0800][18.951s][info][gc          ] GC(639) Concurrent Mark Cycle
[2026-06-17T10:06:39.300+0800][18.951s][info][gc,marking  ] GC(639) Concurrent Scan Root Regions
[2026-06-17T10:06:39.301+0800][18.951s][info][gc,marking  ] GC(639) Concurrent Scan Root Regions 0.136ms
[2026-06-17T10:06:39.301+0800][18.951s][info][gc,marking  ] GC(639) Concurrent Mark
[2026-06-17T10:06:39.301+0800][18.951s][info][gc,marking  ] GC(639) Concurrent Mark From Roots
[2026-06-17T10:06:39.301+0800][18.951s][info][gc,task     ] GC(639) Using 5 workers of 5 for marking
[2026-06-17T10:06:39.302+0800][18.953s][info][gc,marking  ] GC(639) Concurrent Mark From Roots 1.402ms
[2026-06-17T10:06:39.303+0800][18.953s][info][gc,marking  ] GC(639) Concurrent Preclean
[2026-06-17T10:06:39.303+0800][18.953s][info][gc,marking  ] GC(639) Concurrent Preclean 0.313ms
[2026-06-17T10:06:39.304+0800][18.955s][info][gc,start    ] GC(639) Pause Remark
[2026-06-17T10:06:39.306+0800][18.956s][info][gc          ] GC(639) Pause Remark 45M->38M(64M) 1.457ms
[2026-06-17T10:06:39.318+0800][18.969s][info][gc,cpu      ] GC(639) User=0.00s Sys=0.00s Real=0.01s
[2026-06-17T10:06:39.319+0800][18.969s][info][gc,marking  ] GC(639) Concurrent Mark 17.843ms
[2026-06-17T10:06:39.319+0800][18.969s][info][gc,marking  ] GC(639) Concurrent Rebuild Remembered Sets and Scrub Regions
[2026-06-17T10:06:39.332+0800][18.982s][info][gc,marking  ] GC(639) Concurrent Rebuild Remembered Sets and Scrub Regions 12.833ms
[2026-06-17T10:06:39.332+0800][18.983s][info][gc,start    ] GC(639) Pause Cleanup
[2026-06-17T10:06:39.338+0800][18.988s][info][gc          ] GC(639) Pause Cleanup 46M->46M(64M) 5.496ms
[2026-06-17T10:06:39.341+0800][18.991s][info][gc,cpu      ] GC(639) User=0.00s Sys=0.00s Real=0.00s
[2026-06-17T10:06:39.342+0800][18.992s][info][gc,marking  ] GC(639) Concurrent Clear Claimed Marks
[2026-06-17T10:06:39.344+0800][18.995s][info][gc,marking  ] GC(639) Concurrent Clear Claimed Marks 2.281ms
[2026-06-17T10:06:39.350+0800][19.001s][info][gc,marking  ] GC(639) Concurrent Cleanup for Next Mark
[2026-06-17T10:06:39.342+0800][18.993s][info][gc,start    ] GC(640) Pause Young (Prepare Mixed) (G1 Evacuation Pause)
[2026-06-17T10:06:39.352+0800][19.003s][info][gc,task     ] GC(640) Using 2 workers of 18 for evacuation
[2026-06-17T10:06:39.354+0800][19.004s][info][gc,phases   ] GC(640)   Pre Evacuate Collection Set: 0.11ms
[2026-06-17T10:06:39.363+0800][19.013s][info][gc,phases   ] GC(640)   Merge Heap Roots: 0.04ms
[2026-06-17T10:06:39.369+0800][19.020s][info][gc,phases   ] GC(640)   Evacuate Collection Set: 0.29ms
[2026-06-17T10:06:39.370+0800][19.020s][info][gc,phases   ] GC(640)   Post Evacuate Collection Set: 0.16ms
[2026-06-17T10:06:39.372+0800][19.023s][info][gc,phases   ] GC(640)   Other: 0.62ms
[2026-06-17T10:06:39.377+0800][19.027s][info][gc,heap     ] GC(640) Eden regions: 10->0(12)
[2026-06-17T10:06:39.377+0800][19.028s][info][gc,heap     ] GC(640) Survivor regions: 1->2(2)
[2026-06-17T10:06:39.377+0800][19.028s][info][gc,heap     ] GC(640) Old regions: 24->26
[2026-06-17T10:06:39.377+0800][19.028s][info][gc,heap     ] GC(640) Humongous regions: 14->14
[2026-06-17T10:06:39.377+0800][19.028s][info][gc,metaspace] GC(640) Metaspace: 116K(320K)->116K(320K) NonClass: 109K(192K)->109K(192K) Class: 7K(128K)->7K(128K)
[2026-06-17T10:06:39.378+0800][19.028s][info][gc          ] GC(640) Pause Young (Prepare Mixed) (G1 Evacuation Pause) 48M->41M(64M) 35.605ms
[2026-06-17T10:06:39.378+0800][19.028s][info][gc,cpu      ] GC(640) User=0.00s Sys=0.00s Real=0.04s
[2026-06-17T10:06:39.378+0800][19.029s][info][gc,marking  ] GC(639) Concurrent Cleanup for Next Mark 27.500ms
[2026-06-17T10:06:39.378+0800][19.029s][info][gc          ] GC(639) Concurrent Mark Cycle 77.879ms
[2026-06-17T10:06:39.410+0800][19.060s][info][gc,start    ] GC(641) Pause Young (Mixed) (G1 Evacuation Pause)
[2026-06-17T10:06:39.410+0800][19.060s][info][gc,task     ] GC(641) Using 2 workers of 18 for evacuation
[2026-06-17T10:06:39.411+0800][19.062s][info][gc,phases   ] GC(641)   Pre Evacuate Collection Set: 0.16ms
[2026-06-17T10:06:39.412+0800][19.062s][info][gc,phases   ] GC(641)   Merge Heap Roots: 0.11ms
[2026-06-17T10:06:39.412+0800][19.063s][info][gc,phases   ] GC(641)   Evacuate Collection Set: 0.55ms
[2026-06-17T10:06:39.412+0800][19.063s][info][gc,phases   ] GC(641)   Post Evacuate Collection Set: 0.21ms
[2026-06-17T10:06:39.413+0800][19.063s][info][gc,phases   ] GC(641)   Other: 0.32ms
[2026-06-17T10:06:39.413+0800][19.063s][info][gc,heap     ] GC(641) Eden regions: 12->0(13)
[2026-06-17T10:06:39.413+0800][19.063s][info][gc,heap     ] GC(641) Survivor regions: 2->2(2)
[2026-06-17T10:06:39.413+0800][19.064s][info][gc,heap     ] GC(641) Old regions: 26->24
[2026-06-17T10:06:39.413+0800][19.064s][info][gc,heap     ] GC(641) Humongous regions: 14->14
[2026-06-17T10:06:39.413+0800][19.064s][info][gc,metaspace] GC(641) Metaspace: 116K(320K)->116K(320K) NonClass: 109K(192K)->109K(192K) Class: 7K(128K)->7K(128K)
[2026-06-17T10:06:39.413+0800][19.064s][info][gc          ] GC(641) Pause Young (Mixed) (G1 Evacuation Pause) 53M->39M(64M) 3.945ms
[2026-06-17T10:06:39.414+0800][19.064s][info][gc,cpu      ] GC(641) User=0.00s Sys=0.00s Real=0.01s
[2026-06-17T10:06:39.445+0800][19.096s][info][gc,start    ] GC(642) Pause Young (Mixed) (G1 Evacuation Pause)
[2026-06-17T10:06:39.446+0800][19.096s][info][gc,task     ] GC(642) Using 2 workers of 18 for evacuation
[2026-06-17T10:06:39.447+0800][19.097s][info][gc,phases   ] GC(642)   Pre Evacuate Collection Set: 0.12ms
[2026-06-17T10:06:39.447+0800][19.098s][info][gc,phases   ] GC(642)   Merge Heap Roots: 0.05ms
[2026-06-17T10:06:39.447+0800][19.098s][info][gc,phases   ] GC(642)   Evacuate Collection Set: 0.47ms
[2026-06-17T10:06:39.448+0800][19.098s][info][gc,phases   ] GC(642)   Post Evacuate Collection Set: 0.17ms
[2026-06-17T10:06:39.448+0800][19.098s][info][gc,phases   ] GC(642)   Other: 0.31ms
[2026-06-17T10:06:39.448+0800][19.099s][info][gc,heap     ] GC(642) Eden regions: 13->0(9)
[2026-06-17T10:06:39.449+0800][19.099s][info][gc,heap     ] GC(642) Survivor regions: 2->2(2)
[2026-06-17T10:06:39.449+0800][19.099s][info][gc,heap     ] GC(642) Old regions: 24->28
[2026-06-17T10:06:39.449+0800][19.100s][info][gc,heap     ] GC(642) Humongous regions: 14->14
[2026-06-17T10:06:39.449+0800][19.100s][info][gc,metaspace] GC(642) Metaspace: 116K(320K)->116K(320K) NonClass: 109K(192K)->109K(192K) Class: 7K(128K)->7K(128K)
[2026-06-17T10:06:39.450+0800][19.100s][info][gc          ] GC(642) Pause Young (Mixed) (G1 Evacuation Pause) 52M->43M(64M) 4.301ms
[2026-06-17T10:06:39.450+0800][19.100s][info][gc,cpu      ] GC(642) User=0.01s Sys=0.00s Real=0.00s
[2026-06-17T10:06:39.471+0800][19.122s][info][gc,start    ] GC(643) Pause Young (Concurrent Start) (G1 Evacuation Pause)
[2026-06-17T10:06:39.472+0800][19.123s][info][gc,task     ] GC(643) Using 2 workers of 18 for evacuation
[2026-06-17T10:06:39.475+0800][19.126s][info][gc,phases   ] GC(643)   Pre Evacuate Collection Set: 0.18ms
[2026-06-17T10:06:39.477+0800][19.127s][info][gc,phases   ] GC(643)   Merge Heap Roots: 0.03ms
[2026-06-17T10:06:39.478+0800][19.129s][info][gc,phases   ] GC(643)   Evacuate Collection Set: 0.29ms
[2026-06-17T10:06:39.480+0800][19.130s][info][gc,phases   ] GC(643)   Post Evacuate Collection Set: 0.18ms
[2026-06-17T10:06:39.480+0800][19.131s][info][gc,phases   ] GC(643)   Other: 2.31ms
[2026-06-17T10:06:39.480+0800][19.131s][info][gc,heap     ] GC(643) Eden regions: 9->0(10)
[2026-06-17T10:06:39.480+0800][19.131s][info][gc,heap     ] GC(643) Survivor regions: 2->2(2)
[2026-06-17T10:06:39.481+0800][19.131s][info][gc,heap     ] GC(643) Old regions: 28->29
[2026-06-17T10:06:39.481+0800][19.131s][info][gc,heap     ] GC(643) Humongous regions: 14->14
[2026-06-17T10:06:39.481+0800][19.131s][info][gc,metaspace] GC(643) Metaspace: 116K(320K)->116K(320K) NonClass: 109K(192K)->109K(192K) Class: 7K(128K)->7K(128K)
[2026-06-17T10:06:39.481+0800][19.132s][info][gc          ] GC(643) Pause Young (Concurrent Start) (G1 Evacuation Pause) 52M->44M(64M) 10.021ms
[2026-06-17T10:06:39.481+0800][19.132s][info][gc,cpu      ] GC(643) User=0.00s Sys=0.00s Real=0.00s
[2026-06-17T10:06:39.481+0800][19.132s][info][gc          ] GC(644) Concurrent Mark Cycle
[2026-06-17T10:06:39.482+0800][19.132s][info][gc,marking  ] GC(644) Concurrent Scan Root Regions
[2026-06-17T10:06:39.482+0800][19.132s][info][gc,marking  ] GC(644) Concurrent Scan Root Regions 0.252ms
[2026-06-17T10:06:39.482+0800][19.133s][info][gc,marking  ] GC(644) Concurrent Mark
[2026-06-17T10:06:39.482+0800][19.133s][info][gc,marking  ] GC(644) Concurrent Mark From Roots
[2026-06-17T10:06:39.482+0800][19.133s][info][gc,task     ] GC(644) Using 5 workers of 5 for marking
[2026-06-17T10:06:39.483+0800][19.134s][info][gc,marking  ] GC(644) Concurrent Mark From Roots 1.285ms
[2026-06-17T10:06:39.484+0800][19.134s][info][gc,marking  ] GC(644) Concurrent Preclean
[2026-06-17T10:06:39.484+0800][19.135s][info][gc,marking  ] GC(644) Concurrent Preclean 0.172ms
[2026-06-17T10:06:39.484+0800][19.135s][info][gc,start    ] GC(644) Pause Remark
[2026-06-17T10:06:39.485+0800][19.135s][info][gc          ] GC(644) Pause Remark 44M->44M(64M) 0.459ms
[2026-06-17T10:06:39.485+0800][19.135s][info][gc,cpu      ] GC(644) User=0.00s Sys=0.00s Real=0.00s
[2026-06-17T10:06:39.485+0800][19.136s][info][gc,marking  ] GC(644) Concurrent Mark 2.943ms
[2026-06-17T10:06:39.485+0800][19.136s][info][gc,marking  ] GC(644) Concurrent Rebuild Remembered Sets and Scrub Regions
[2026-06-17T10:06:39.486+0800][19.136s][info][gc,marking  ] GC(644) Concurrent Rebuild Remembered Sets and Scrub Regions 0.534ms
[2026-06-17T10:06:39.486+0800][19.136s][info][gc,start    ] GC(644) Pause Cleanup
[2026-06-17T10:06:39.486+0800][19.137s][info][gc          ] GC(644) Pause Cleanup 44M->44M(64M) 0.163ms
[2026-06-17T10:06:39.486+0800][19.137s][info][gc,cpu      ] GC(644) User=0.00s Sys=0.00s Real=0.00s
[2026-06-17T10:06:39.486+0800][19.137s][info][gc,marking  ] GC(644) Concurrent Clear Claimed Marks
[2026-06-17T10:06:39.486+0800][19.137s][info][gc,marking  ] GC(644) Concurrent Clear Claimed Marks 0.092ms
[2026-06-17T10:06:39.486+0800][19.137s][info][gc,marking  ] GC(644) Concurrent Cleanup for Next Mark
[2026-06-17T10:06:39.487+0800][19.137s][info][gc,marking  ] GC(644) Concurrent Cleanup for Next Mark 0.173ms
[2026-06-17T10:06:39.487+0800][19.137s][info][gc          ] GC(644) Concurrent Mark Cycle 5.508ms
[2026-06-17T10:06:39.513+0800][19.163s][info][gc,start    ] GC(645) Pause Young (Prepare Mixed) (G1 Evacuation Pause)
[2026-06-17T10:06:39.513+0800][19.164s][info][gc,task     ] GC(645) Using 2 workers of 18 for evacuation
[2026-06-17T10:06:39.515+0800][19.165s][info][gc,phases   ] GC(645)   Pre Evacuate Collection Set: 0.22ms
[2026-06-17T10:06:39.515+0800][19.166s][info][gc,phases   ] GC(645)   Merge Heap Roots: 0.07ms
[2026-06-17T10:06:39.515+0800][19.166s][info][gc,phases   ] GC(645)   Evacuate Collection Set: 0.48ms
[2026-06-17T10:06:39.515+0800][19.166s][info][gc,phases   ] GC(645)   Post Evacuate Collection Set: 0.21ms
[2026-06-17T10:06:39.516+0800][19.166s][info][gc,phases   ] GC(645)   Other: 0.55ms
[2026-06-17T10:06:39.516+0800][19.166s][info][gc,heap     ] GC(645) Eden regions: 10->0(7)
[2026-06-17T10:06:39.516+0800][19.167s][info][gc,heap     ] GC(645) Survivor regions: 2->2(2)
[2026-06-17T10:06:39.516+0800][19.167s][info][gc,heap     ] GC(645) Old regions: 29->32
[2026-06-17T10:06:39.516+0800][19.167s][info][gc,heap     ] GC(645) Humongous regions: 14->14
[2026-06-17T10:06:39.517+0800][19.167s][info][gc,metaspace] GC(645) Metaspace: 116K(320K)->116K(320K) NonClass: 109K(192K)->109K(192K) Class: 7K(128K)->7K(128K)
[2026-06-17T10:06:39.517+0800][19.167s][info][gc          ] GC(645) Pause Young (Prepare Mixed) (G1 Evacuation Pause) 54M->47M(64M) 4.033ms
[2026-06-17T10:06:39.517+0800][19.167s][info][gc,cpu      ] GC(645) User=0.01s Sys=0.00s Real=0.00s
[2026-06-17T10:06:39.538+0800][19.189s][info][gc,start    ] GC(646) Pause Young (Mixed) (G1 Evacuation Pause)
[2026-06-17T10:06:39.539+0800][19.189s][info][gc,task     ] GC(646) Using 2 workers of 18 for evacuation
[2026-06-17T10:06:39.540+0800][19.191s][info][gc,phases   ] GC(646)   Pre Evacuate Collection Set: 0.15ms
[2026-06-17T10:06:39.541+0800][19.191s][info][gc,phases   ] GC(646)   Merge Heap Roots: 0.08ms
[2026-06-17T10:06:39.541+0800][19.192s][info][gc,phases   ] GC(646)   Evacuate Collection Set: 0.52ms
[2026-06-17T10:06:39.541+0800][19.192s][info][gc,phases   ] GC(646)   Post Evacuate Collection Set: 0.45ms
[2026-06-17T10:06:39.541+0800][19.192s][info][gc,phases   ] GC(646)   Other: 0.32ms
[2026-06-17T10:06:39.542+0800][19.192s][info][gc,heap     ] GC(646) Eden regions: 7->0(8)
[2026-06-17T10:06:39.542+0800][19.192s][info][gc,heap     ] GC(646) Survivor regions: 2->2(2)
[2026-06-17T10:06:39.542+0800][19.193s][info][gc,heap     ] GC(646) Old regions: 32->31
[2026-06-17T10:06:39.542+0800][19.193s][info][gc,heap     ] GC(646) Humongous regions: 14->14
[2026-06-17T10:06:39.542+0800][19.193s][info][gc,metaspace] GC(646) Metaspace: 116K(320K)->116K(320K) NonClass: 109K(192K)->109K(192K) Class: 7K(128K)->7K(128K)
[2026-06-17T10:06:39.543+0800][19.193s][info][gc          ] GC(646) Pause Young (Mixed) (G1 Evacuation Pause) 54M->46M(64M) 4.610ms
[2026-06-17T10:06:39.543+0800][19.193s][info][gc,cpu      ] GC(646) User=0.00s Sys=0.00s Real=0.01s
[2026-06-17T10:06:39.554+0800][19.204s][info][gc,start    ] GC(647) Pause Young (Mixed) (G1 Humongous Allocation)
[2026-06-17T10:06:39.554+0800][19.205s][info][gc,task     ] GC(647) Using 2 workers of 18 for evacuation
[2026-06-17T10:06:39.555+0800][19.206s][info][gc,phases   ] GC(647)   Pre Evacuate Collection Set: 0.13ms
[2026-06-17T10:06:39.555+0800][19.206s][info][gc,phases   ] GC(647)   Merge Heap Roots: 0.05ms
[2026-06-17T10:06:39.556+0800][19.206s][info][gc,phases   ] GC(647)   Evacuate Collection Set: 0.39ms
[2026-06-17T10:06:39.556+0800][19.207s][info][gc,phases   ] GC(647)   Post Evacuate Collection Set: 0.16ms
[2026-06-17T10:06:39.557+0800][19.207s][info][gc,phases   ] GC(647)   Other: 0.33ms
[2026-06-17T10:06:39.557+0800][19.208s][info][gc,heap     ] GC(647) Eden regions: 8->0(8)
[2026-06-17T10:06:39.557+0800][19.208s][info][gc,heap     ] GC(647) Survivor regions: 2->2(2)
[2026-06-17T10:06:39.557+0800][19.208s][info][gc,heap     ] GC(647) Old regions: 31->31
[2026-06-17T10:06:39.558+0800][19.208s][info][gc,heap     ] GC(647) Humongous regions: 14->14
[2026-06-17T10:06:39.558+0800][19.208s][info][gc,metaspace] GC(647) Metaspace: 116K(320K)->116K(320K) NonClass: 109K(192K)->109K(192K) Class: 7K(128K)->7K(128K)
[2026-06-17T10:06:39.558+0800][19.208s][info][gc          ] GC(647) Pause Young (Mixed) (G1 Humongous Allocation) 53M->46M(64M) 4.198ms
[2026-06-17T10:06:39.558+0800][19.209s][info][gc,cpu      ] GC(647) User=0.00s Sys=0.00s Real=0.00s
[2026-06-17T10:06:39.590+0800][19.240s][info][gc,start    ] GC(648) Pause Young (Concurrent Start) (G1 Evacuation Pause)
[2026-06-17T10:06:39.590+0800][19.241s][info][gc,task     ] GC(648) Using 2 workers of 18 for evacuation
[2026-06-17T10:06:39.591+0800][19.242s][info][gc,phases   ] GC(648)   Pre Evacuate Collection Set: 0.23ms
[2026-06-17T10:06:39.591+0800][19.242s][info][gc,phases   ] GC(648)   Merge Heap Roots: 0.04ms
[2026-06-17T10:06:39.592+0800][19.242s][info][gc,phases   ] GC(648)   Evacuate Collection Set: 0.30ms
[2026-06-17T10:06:39.592+0800][19.242s][info][gc,phases   ] GC(648)   Post Evacuate Collection Set: 0.17ms
[2026-06-17T10:06:39.592+0800][19.242s][info][gc,phases   ] GC(648)   Other: 0.27ms
[2026-06-17T10:06:39.592+0800][19.243s][info][gc,heap     ] GC(648) Eden regions: 8->0(6)
[2026-06-17T10:06:39.593+0800][19.243s][info][gc,heap     ] GC(648) Survivor regions: 2->2(2)
[2026-06-17T10:06:39.593+0800][19.244s][info][gc,heap     ] GC(648) Old regions: 31->33
[2026-06-17T10:06:39.593+0800][19.244s][info][gc,heap     ] GC(648) Humongous regions: 16->16
[2026-06-17T10:06:39.594+0800][19.244s][info][gc,metaspace] GC(648) Metaspace: 116K(320K)->116K(320K) NonClass: 109K(192K)->109K(192K) Class: 7K(128K)->7K(128K)
[2026-06-17T10:06:39.594+0800][19.244s][info][gc          ] GC(648) Pause Young (Concurrent Start) (G1 Evacuation Pause) 56M->50M(64M) 4.258ms
[2026-06-17T10:06:39.594+0800][19.245s][info][gc,cpu      ] GC(648) User=0.00s Sys=0.00s Real=0.01s
[2026-06-17T10:06:39.594+0800][19.245s][info][gc          ] GC(649) Concurrent Mark Cycle
[2026-06-17T10:06:39.595+0800][19.245s][info][gc,marking  ] GC(649) Concurrent Scan Root Regions
[2026-06-17T10:06:39.595+0800][19.246s][info][gc,marking  ] GC(649) Concurrent Scan Root Regions 0.299ms
[2026-06-17T10:06:39.595+0800][19.246s][info][gc,marking  ] GC(649) Concurrent Mark
[2026-06-17T10:06:39.595+0800][19.246s][info][gc,marking  ] GC(649) Concurrent Mark From Roots
[2026-06-17T10:06:39.596+0800][19.246s][info][gc,task     ] GC(649) Using 5 workers of 5 for marking
[2026-06-17T10:06:39.597+0800][19.247s][info][gc,marking  ] GC(649) Concurrent Mark From Roots 1.284ms
[2026-06-17T10:06:39.597+0800][19.248s][info][gc,marking  ] GC(649) Concurrent Preclean
[2026-06-17T10:06:39.597+0800][19.248s][info][gc,marking  ] GC(649) Concurrent Preclean 0.167ms
[2026-06-17T10:06:39.597+0800][19.248s][info][gc,start    ] GC(649) Pause Remark
[2026-06-17T10:06:39.598+0800][19.248s][info][gc          ] GC(649) Pause Remark 53M->46M(64M) 0.408ms
[2026-06-17T10:06:39.598+0800][19.248s][info][gc,cpu      ] GC(649) User=0.00s Sys=0.00s Real=0.00s
[2026-06-17T10:06:39.598+0800][19.249s][info][gc,marking  ] GC(649) Concurrent Mark 3.050ms
[2026-06-17T10:06:39.598+0800][19.249s][info][gc,marking  ] GC(649) Concurrent Rebuild Remembered Sets and Scrub Regions
[2026-06-17T10:06:39.599+0800][19.250s][info][gc,marking  ] GC(649) Concurrent Rebuild Remembered Sets and Scrub Regions 0.542ms
[2026-06-17T10:06:39.599+0800][19.250s][info][gc,start    ] GC(649) Pause Cleanup
[2026-06-17T10:06:39.599+0800][19.250s][info][gc          ] GC(649) Pause Cleanup 46M->46M(64M) 0.138ms
[2026-06-17T10:06:39.599+0800][19.250s][info][gc,cpu      ] GC(649) User=0.00s Sys=0.00s Real=0.00s
[2026-06-17T10:06:39.600+0800][19.250s][info][gc,marking  ] GC(649) Concurrent Clear Claimed Marks
[2026-06-17T10:06:39.600+0800][19.250s][info][gc,marking  ] GC(649) Concurrent Clear Claimed Marks 0.090ms
[2026-06-17T10:06:39.600+0800][19.250s][info][gc,marking  ] GC(649) Concurrent Cleanup for Next Mark
[2026-06-17T10:06:39.600+0800][19.251s][info][gc,marking  ] GC(649) Concurrent Cleanup for Next Mark 0.200ms
[2026-06-17T10:06:39.600+0800][19.251s][info][gc          ] GC(649) Concurrent Mark Cycle 6.025ms
[2026-06-17T10:06:39.605+0800][19.255s][info][gc,start    ] GC(650) Pause Young (Prepare Mixed) (G1 Evacuation Pause)
[2026-06-17T10:06:39.605+0800][19.256s][info][gc,task     ] GC(650) Using 2 workers of 18 for evacuation
[2026-06-17T10:06:39.606+0800][19.257s][info][gc,phases   ] GC(650)   Pre Evacuate Collection Set: 0.14ms
[2026-06-17T10:06:39.606+0800][19.257s][info][gc,phases   ] GC(650)   Merge Heap Roots: 0.04ms
[2026-06-17T10:06:39.606+0800][19.257s][info][gc,phases   ] GC(650)   Evacuate Collection Set: 0.27ms
[2026-06-17T10:06:39.606+0800][19.257s][info][gc,phases   ] GC(650)   Post Evacuate Collection Set: 0.15ms
[2026-06-17T10:06:39.607+0800][19.257s][info][gc,phases   ] GC(650)   Other: 0.21ms
[2026-06-17T10:06:39.607+0800][19.257s][info][gc,heap     ] GC(650) Eden regions: 6->0(8)
[2026-06-17T10:06:39.607+0800][19.257s][info][gc,heap     ] GC(650) Survivor regions: 2->1(1)
[2026-06-17T10:06:39.607+0800][19.257s][info][gc,heap     ] GC(650) Old regions: 26->30
[2026-06-17T10:06:39.607+0800][19.258s][info][gc,heap     ] GC(650) Humongous regions: 16->16
[2026-06-17T10:06:39.607+0800][19.258s][info][gc,metaspace] GC(650) Metaspace: 116K(320K)->116K(320K) NonClass: 109K(192K)->109K(192K) Class: 7K(128K)->7K(128K)
[2026-06-17T10:06:39.607+0800][19.258s][info][gc          ] GC(650) Pause Young (Prepare Mixed) (G1 Evacuation Pause) 49M->46M(64M) 2.328ms
[2026-06-17T10:06:39.607+0800][19.258s][info][gc,cpu      ] GC(650) User=0.00s Sys=0.00s Real=0.00s
[2026-06-17T10:06:39.628+0800][19.279s][info][gc,start    ] GC(651) Pause Young (Mixed) (G1 Evacuation Pause)
[2026-06-17T10:06:39.629+0800][19.280s][info][gc,task     ] GC(651) Using 2 workers of 18 for evacuation
[2026-06-17T10:06:39.630+0800][19.281s][info][gc,phases   ] GC(651)   Pre Evacuate Collection Set: 0.24ms
[2026-06-17T10:06:39.631+0800][19.281s][info][gc,phases   ] GC(651)   Merge Heap Roots: 0.06ms
[2026-06-17T10:06:39.631+0800][19.281s][info][gc,phases   ] GC(651)   Evacuate Collection Set: 0.26ms
[2026-06-17T10:06:39.631+0800][19.282s][info][gc,phases   ] GC(651)   Post Evacuate Collection Set: 0.23ms
[2026-06-17T10:06:39.631+0800][19.282s][info][gc,phases   ] GC(651)   Other: 0.30ms
[2026-06-17T10:06:39.632+0800][19.282s][info][gc,heap     ] GC(651) Eden regions: 8->0(14)
[2026-06-17T10:06:39.632+0800][19.282s][info][gc,heap     ] GC(651) Survivor regions: 1->1(2)
[2026-06-17T10:06:39.632+0800][19.283s][info][gc,heap     ] GC(651) Old regions: 30->25
[2026-06-17T10:06:39.632+0800][19.283s][info][gc,heap     ] GC(651) Humongous regions: 16->16
[2026-06-17T10:06:39.632+0800][19.283s][info][gc,metaspace] GC(651) Metaspace: 116K(320K)->116K(320K) NonClass: 109K(192K)->109K(192K) Class: 7K(128K)->7K(128K)
[2026-06-17T10:06:39.633+0800][19.283s][info][gc          ] GC(651) Pause Young (Mixed) (G1 Evacuation Pause) 54M->41M(64M) 4.268ms
[2026-06-17T10:06:39.633+0800][19.283s][info][gc,cpu      ] GC(651) User=0.00s Sys=0.00s Real=0.01s
[2026-06-17T10:06:39.675+0800][19.325s][info][gc,start    ] GC(652) Pause Young (Mixed) (G1 Evacuation Pause)
[2026-06-17T10:06:39.675+0800][19.326s][info][gc,task     ] GC(652) Using 2 workers of 18 for evacuation
[2026-06-17T10:06:39.677+0800][19.327s][info][gc,phases   ] GC(652)   Pre Evacuate Collection Set: 0.22ms
[2026-06-17T10:06:39.677+0800][19.328s][info][gc,phases   ] GC(652)   Merge Heap Roots: 0.05ms
[2026-06-17T10:06:39.678+0800][19.329s][info][gc,phases   ] GC(652)   Evacuate Collection Set: 0.47ms
[2026-06-17T10:06:39.678+0800][19.329s][info][gc,phases   ] GC(652)   Post Evacuate Collection Set: 0.22ms
[2026-06-17T10:06:39.679+0800][19.329s][info][gc,phases   ] GC(652)   Other: 0.28ms
[2026-06-17T10:06:39.679+0800][19.329s][info][gc,heap     ] GC(652) Eden regions: 14->0(12)
[2026-06-17T10:06:39.679+0800][19.330s][info][gc,heap     ] GC(652) Survivor regions: 1->2(2)
[2026-06-17T10:06:39.679+0800][19.330s][info][gc,heap     ] GC(652) Old regions: 25->25
[2026-06-17T10:06:39.679+0800][19.330s][info][gc,heap     ] GC(652) Humongous regions: 16->16
[2026-06-17T10:06:39.679+0800][19.330s][info][gc,metaspace] GC(652) Metaspace: 116K(320K)->116K(320K) NonClass: 109K(192K)->109K(192K) Class: 7K(128K)->7K(128K)
[2026-06-17T10:06:39.680+0800][19.330s][info][gc          ] GC(652) Pause Young (Mixed) (G1 Evacuation Pause) 55M->42M(64M) 4.749ms
[2026-06-17T10:06:39.680+0800][19.330s][info][gc,cpu      ] GC(652) User=0.00s Sys=0.00s Real=0.00s
[2026-06-17T10:06:39.711+0800][19.362s][info][gc,start    ] GC(653) Pause Young (Concurrent Start) (G1 Evacuation Pause)
[2026-06-17T10:06:39.712+0800][19.362s][info][gc,task     ] GC(653) Using 2 workers of 18 for evacuation
[2026-06-17T10:06:39.713+0800][19.363s][info][gc,phases   ] GC(653)   Pre Evacuate Collection Set: 0.19ms
[2026-06-17T10:06:39.713+0800][19.364s][info][gc,phases   ] GC(653)   Merge Heap Roots: 0.04ms
[2026-06-17T10:06:39.713+0800][19.364s][info][gc,phases   ] GC(653)   Evacuate Collection Set: 0.31ms
[2026-06-17T10:06:39.714+0800][19.364s][info][gc,phases   ] GC(653)   Post Evacuate Collection Set: 0.17ms
[2026-06-17T10:06:39.714+0800][19.365s][info][gc,phases   ] GC(653)   Other: 0.28ms
[2026-06-17T10:06:39.714+0800][19.365s][info][gc,heap     ] GC(653) Eden regions: 12->0(12)
[2026-06-17T10:06:39.715+0800][19.365s][info][gc,heap     ] GC(653) Survivor regions: 2->2(2)
[2026-06-17T10:06:39.715+0800][19.365s][info][gc,heap     ] GC(653) Old regions: 25->27
[2026-06-17T10:06:39.715+0800][19.365s][info][gc,heap     ] GC(653) Humongous regions: 16->16
[2026-06-17T10:06:39.715+0800][19.366s][info][gc,metaspace] GC(653) Metaspace: 116K(320K)->116K(320K) NonClass: 109K(192K)->109K(192K) Class: 7K(128K)->7K(128K)
[2026-06-17T10:06:39.715+0800][19.366s][info][gc          ] GC(653) Pause Young (Concurrent Start) (G1 Evacuation Pause) 54M->44M(64M) 3.786ms
[2026-06-17T10:06:39.715+0800][19.366s][info][gc,cpu      ] GC(653) User=0.00s Sys=0.00s Real=0.00s
[2026-06-17T10:06:39.715+0800][19.366s][info][gc          ] GC(654) Concurrent Mark Cycle
[2026-06-17T10:06:39.716+0800][19.366s][info][gc,marking  ] GC(654) Concurrent Scan Root Regions
[2026-06-17T10:06:39.716+0800][19.367s][info][gc,marking  ] GC(654) Concurrent Scan Root Regions 0.271ms
[2026-06-17T10:06:39.716+0800][19.367s][info][gc,marking  ] GC(654) Concurrent Mark
[2026-06-17T10:06:39.716+0800][19.367s][info][gc,marking  ] GC(654) Concurrent Mark From Roots
[2026-06-17T10:06:39.716+0800][19.367s][info][gc,task     ] GC(654) Using 5 workers of 5 for marking
[2026-06-17T10:06:39.718+0800][19.368s][info][gc,marking  ] GC(654) Concurrent Mark From Roots 1.108ms
[2026-06-17T10:06:39.718+0800][19.368s][info][gc,marking  ] GC(654) Concurrent Preclean
[2026-06-17T10:06:39.718+0800][19.368s][info][gc,marking  ] GC(654) Concurrent Preclean 0.144ms
[2026-06-17T10:06:39.718+0800][19.368s][info][gc,start    ] GC(654) Pause Remark
[2026-06-17T10:06:39.718+0800][19.369s][info][gc          ] GC(654) Pause Remark 48M->43M(64M) 0.375ms
[2026-06-17T10:06:39.718+0800][19.369s][info][gc,cpu      ] GC(654) User=0.00s Sys=0.00s Real=0.00s
[2026-06-17T10:06:39.719+0800][19.369s][info][gc,marking  ] GC(654) Concurrent Mark 2.215ms
[2026-06-17T10:06:39.719+0800][19.369s][info][gc,marking  ] GC(654) Concurrent Rebuild Remembered Sets and Scrub Regions
[2026-06-17T10:06:39.719+0800][19.370s][info][gc,marking  ] GC(654) Concurrent Rebuild Remembered Sets and Scrub Regions 0.421ms
[2026-06-17T10:06:39.719+0800][19.370s][info][gc,start    ] GC(654) Pause Cleanup
[2026-06-17T10:06:39.721+0800][19.371s][info][gc          ] GC(654) Pause Cleanup 43M->43M(64M) 1.245ms
[2026-06-17T10:06:39.721+0800][19.371s][info][gc,cpu      ] GC(654) User=0.00s Sys=0.00s Real=0.00s
[2026-06-17T10:06:39.721+0800][19.372s][info][gc,marking  ] GC(654) Concurrent Clear Claimed Marks
[2026-06-17T10:06:39.721+0800][19.372s][info][gc,marking  ] GC(654) Concurrent Clear Claimed Marks 0.215ms
[2026-06-17T10:06:39.722+0800][19.372s][info][gc,marking  ] GC(654) Concurrent Cleanup for Next Mark
[2026-06-17T10:06:39.722+0800][19.373s][info][gc,marking  ] GC(654) Concurrent Cleanup for Next Mark 0.283ms
[2026-06-17T10:06:39.722+0800][19.373s][info][gc          ] GC(654) Concurrent Mark Cycle 6.706ms
[2026-06-17T10:06:39.737+0800][19.388s][info][gc,start    ] GC(655) Pause Young (Prepare Mixed) (G1 Evacuation Pause)
[2026-06-17T10:06:39.737+0800][19.388s][info][gc,task     ] GC(655) Using 2 workers of 18 for evacuation
[2026-06-17T10:06:39.738+0800][19.389s][info][gc,phases   ] GC(655)   Pre Evacuate Collection Set: 0.14ms
[2026-06-17T10:06:39.739+0800][19.389s][info][gc,phases   ] GC(655)   Merge Heap Roots: 0.05ms
[2026-06-17T10:06:39.739+0800][19.389s][info][gc,phases   ] GC(655)   Evacuate Collection Set: 0.27ms
[2026-06-17T10:06:39.739+0800][19.390s][info][gc,phases   ] GC(655)   Post Evacuate Collection Set: 0.20ms
[2026-06-17T10:06:39.739+0800][19.390s][info][gc,phases   ] GC(655)   Other: 0.29ms
[2026-06-17T10:06:39.739+0800][19.390s][info][gc,heap     ] GC(655) Eden regions: 12->0(14)
[2026-06-17T10:06:39.740+0800][19.390s][info][gc,heap     ] GC(655) Survivor regions: 2->2(2)
[2026-06-17T10:06:39.740+0800][19.390s][info][gc,heap     ] GC(655) Old regions: 22->24
[2026-06-17T10:06:39.740+0800][19.391s][info][gc,heap     ] GC(655) Humongous regions: 16->16
[2026-06-17T10:06:39.740+0800][19.391s][info][gc,metaspace] GC(655) Metaspace: 116K(320K)->116K(320K) NonClass: 109K(192K)->109K(192K) Class: 7K(128K)->7K(128K)
[2026-06-17T10:06:39.740+0800][19.391s][info][gc          ] GC(655) Pause Young (Prepare Mixed) (G1 Evacuation Pause) 51M->41M(64M) 3.437ms
[2026-06-17T10:06:39.741+0800][19.391s][info][gc,cpu      ] GC(655) User=0.00s Sys=0.00s Real=0.00s
[2026-06-17T10:06:39.783+0800][19.433s][info][gc,start    ] GC(656) Pause Young (Mixed) (G1 Evacuation Pause)
[2026-06-17T10:06:39.783+0800][19.434s][info][gc,task     ] GC(656) Using 2 workers of 18 for evacuation
[2026-06-17T10:06:39.784+0800][19.435s][info][gc,phases   ] GC(656)   Pre Evacuate Collection Set: 0.13ms
[2026-06-17T10:06:39.784+0800][19.435s][info][gc,phases   ] GC(656)   Merge Heap Roots: 0.05ms
[2026-06-17T10:06:39.785+0800][19.435s][info][gc,phases   ] GC(656)   Evacuate Collection Set: 0.44ms
[2026-06-17T10:06:39.785+0800][19.435s][info][gc,phases   ] GC(656)   Post Evacuate Collection Set: 0.21ms
[2026-06-17T10:06:39.785+0800][19.435s][info][gc,phases   ] GC(656)   Other: 0.32ms
[2026-06-17T10:06:39.785+0800][19.436s][info][gc,heap     ] GC(656) Eden regions: 14->0(13)
[2026-06-17T10:06:39.785+0800][19.436s][info][gc,heap     ] GC(656) Survivor regions: 2->2(2)
[2026-06-17T10:06:39.786+0800][19.436s][info][gc,heap     ] GC(656) Old regions: 24->23
[2026-06-17T10:06:39.786+0800][19.436s][info][gc,heap     ] GC(656) Humongous regions: 18->18
[2026-06-17T10:06:39.787+0800][19.437s][info][gc,metaspace] GC(656) Metaspace: 116K(320K)->116K(320K) NonClass: 109K(192K)->109K(192K) Class: 7K(128K)->7K(128K)
[2026-06-17T10:06:39.787+0800][19.438s][info][gc          ] GC(656) Pause Young (Mixed) (G1 Evacuation Pause) (Evacuation Failure: Allocation) 57M->42M(64M) 4.472ms
[2026-06-17T10:06:39.787+0800][19.438s][info][gc,cpu      ] GC(656) User=0.00s Sys=0.00s Real=0.00s
[2026-06-17T10:06:39.819+0800][19.469s][info][gc,start    ] GC(657) Pause Young (Concurrent Start) (G1 Evacuation Pause)
[2026-06-17T10:06:39.819+0800][19.470s][info][gc,task     ] GC(657) Using 2 workers of 18 for evacuation
[2026-06-17T10:06:39.820+0800][19.471s][info][gc,phases   ] GC(657)   Pre Evacuate Collection Set: 0.20ms
[2026-06-17T10:06:39.821+0800][19.471s][info][gc,phases   ] GC(657)   Merge Heap Roots: 0.04ms
[2026-06-17T10:06:39.821+0800][19.471s][info][gc,phases   ] GC(657)   Evacuate Collection Set: 0.51ms
[2026-06-17T10:06:39.821+0800][19.471s][info][gc,phases   ] GC(657)   Post Evacuate Collection Set: 0.16ms
[2026-06-17T10:06:39.821+0800][19.472s][info][gc,phases   ] GC(657)   Other: 0.25ms
[2026-06-17T10:06:39.821+0800][19.472s][info][gc,heap     ] GC(657) Eden regions: 13->0(9)
[2026-06-17T10:06:39.821+0800][19.472s][info][gc,heap     ] GC(657) Survivor regions: 2->2(2)
[2026-06-17T10:06:39.822+0800][19.472s][info][gc,heap     ] GC(657) Old regions: 23->26
[2026-06-17T10:06:39.822+0800][19.472s][info][gc,heap     ] GC(657) Humongous regions: 18->18
[2026-06-17T10:06:39.822+0800][19.473s][info][gc,metaspace] GC(657) Metaspace: 116K(320K)->116K(320K) NonClass: 109K(192K)->109K(192K) Class: 7K(128K)->7K(128K)
[2026-06-17T10:06:39.822+0800][19.473s][info][gc          ] GC(657) Pause Young (Concurrent Start) (G1 Evacuation Pause) 55M->45M(64M) 3.445ms
[2026-06-17T10:06:39.823+0800][19.473s][info][gc,cpu      ] GC(657) User=0.00s Sys=0.00s Real=0.01s
[2026-06-17T10:06:39.823+0800][19.473s][info][gc          ] GC(658) Concurrent Mark Cycle
[2026-06-17T10:06:39.824+0800][19.474s][info][gc,marking  ] GC(658) Concurrent Scan Root Regions
[2026-06-17T10:06:39.824+0800][19.475s][info][gc,marking  ] GC(658) Concurrent Scan Root Regions 0.165ms
[2026-06-17T10:06:39.824+0800][19.475s][info][gc,marking  ] GC(658) Concurrent Mark
[2026-06-17T10:06:39.824+0800][19.475s][info][gc,marking  ] GC(658) Concurrent Mark From Roots
[2026-06-17T10:06:39.824+0800][19.475s][info][gc,task     ] GC(658) Using 5 workers of 5 for marking
[2026-06-17T10:06:39.825+0800][19.476s][info][gc,marking  ] GC(658) Concurrent Mark From Roots 1.261ms
[2026-06-17T10:06:39.826+0800][19.476s][info][gc,marking  ] GC(658) Concurrent Preclean
[2026-06-17T10:06:39.826+0800][19.476s][info][gc,marking  ] GC(658) Concurrent Preclean 0.236ms
[2026-06-17T10:06:39.826+0800][19.477s][info][gc,start    ] GC(658) Pause Remark
[2026-06-17T10:06:39.827+0800][19.477s][info][gc          ] GC(658) Pause Remark 46M->46M(64M) 0.500ms
[2026-06-17T10:06:39.827+0800][19.477s][info][gc,cpu      ] GC(658) User=0.00s Sys=0.00s Real=0.00s
[2026-06-17T10:06:39.827+0800][19.477s][info][gc,marking  ] GC(658) Concurrent Mark 2.888ms
[2026-06-17T10:06:39.827+0800][19.478s][info][gc,marking  ] GC(658) Concurrent Rebuild Remembered Sets and Scrub Regions
[2026-06-17T10:06:39.827+0800][19.478s][info][gc,marking  ] GC(658) Concurrent Rebuild Remembered Sets and Scrub Regions 0.440ms
[2026-06-17T10:06:39.828+0800][19.478s][info][gc,start    ] GC(658) Pause Cleanup
[2026-06-17T10:06:39.828+0800][19.478s][info][gc          ] GC(658) Pause Cleanup 46M->46M(64M) 0.098ms
[2026-06-17T10:06:39.828+0800][19.478s][info][gc,cpu      ] GC(658) User=0.00s Sys=0.00s Real=0.00s
[2026-06-17T10:06:39.828+0800][19.478s][info][gc,marking  ] GC(658) Concurrent Clear Claimed Marks
[2026-06-17T10:06:39.828+0800][19.479s][info][gc,marking  ] GC(658) Concurrent Clear Claimed Marks 0.077ms
[2026-06-17T10:06:39.828+0800][19.479s][info][gc,marking  ] GC(658) Concurrent Cleanup for Next Mark
[2026-06-17T10:06:39.828+0800][19.479s][info][gc,marking  ] GC(658) Concurrent Cleanup for Next Mark 0.163ms
[2026-06-17T10:06:39.828+0800][19.479s][info][gc          ] GC(658) Concurrent Mark Cycle 5.540ms
[2026-06-17T10:06:39.845+0800][19.495s][info][gc,start    ] GC(659) Pause Young (Prepare Mixed) (G1 Evacuation Pause)
[2026-06-17T10:06:39.845+0800][19.496s][info][gc,task     ] GC(659) Using 2 workers of 18 for evacuation
[2026-06-17T10:06:39.846+0800][19.497s][info][gc,phases   ] GC(659)   Pre Evacuate Collection Set: 0.14ms
[2026-06-17T10:06:39.846+0800][19.497s][info][gc,phases   ] GC(659)   Merge Heap Roots: 0.04ms
[2026-06-17T10:06:39.846+0800][19.497s][info][gc,phases   ] GC(659)   Evacuate Collection Set: 0.19ms
[2026-06-17T10:06:39.847+0800][19.497s][info][gc,phases   ] GC(659)   Post Evacuate Collection Set: 0.18ms
[2026-06-17T10:06:39.847+0800][19.498s][info][gc,phases   ] GC(659)   Other: 0.32ms
[2026-06-17T10:06:39.847+0800][19.498s][info][gc,heap     ] GC(659) Eden regions: 9->0(9)
[2026-06-17T10:06:39.848+0800][19.498s][info][gc,heap     ] GC(659) Survivor regions: 2->2(2)
[2026-06-17T10:06:39.848+0800][19.498s][info][gc,heap     ] GC(659) Old regions: 26->27
[2026-06-17T10:06:39.848+0800][19.499s][info][gc,heap     ] GC(659) Humongous regions: 18->18
[2026-06-17T10:06:39.848+0800][19.499s][info][gc,metaspace] GC(659) Metaspace: 116K(320K)->116K(320K) NonClass: 109K(192K)->109K(192K) Class: 7K(128K)->7K(128K)
[2026-06-17T10:06:39.848+0800][19.499s][info][gc          ] GC(659) Pause Young (Prepare Mixed) (G1 Evacuation Pause) 54M->46M(64M) 3.643ms
[2026-06-17T10:06:39.849+0800][19.499s][info][gc,cpu      ] GC(659) User=0.00s Sys=0.00s Real=0.00s
[2026-06-17T10:06:39.880+0800][19.530s][info][gc,start    ] GC(660) Pause Young (Mixed) (G1 Evacuation Pause)
[2026-06-17T10:06:39.880+0800][19.531s][info][gc,task     ] GC(660) Using 2 workers of 18 for evacuation
[2026-06-17T10:06:39.881+0800][19.532s][info][gc,phases   ] GC(660)   Pre Evacuate Collection Set: 0.17ms
[2026-06-17T10:06:39.881+0800][19.532s][info][gc,phases   ] GC(660)   Merge Heap Roots: 0.05ms
[2026-06-17T10:06:39.882+0800][19.532s][info][gc,phases   ] GC(660)   Evacuate Collection Set: 0.36ms
[2026-06-17T10:06:39.882+0800][19.532s][info][gc,phases   ] GC(660)   Post Evacuate Collection Set: 0.17ms
[2026-06-17T10:06:39.882+0800][19.533s][info][gc,phases   ] GC(660)   Other: 0.29ms
[2026-06-17T10:06:39.882+0800][19.533s][info][gc,heap     ] GC(660) Eden regions: 9->0(9)
[2026-06-17T10:06:39.882+0800][19.533s][info][gc,heap     ] GC(660) Survivor regions: 2->2(2)
[2026-06-17T10:06:39.883+0800][19.533s][info][gc,heap     ] GC(660) Old regions: 27->27
[2026-06-17T10:06:39.883+0800][19.533s][info][gc,heap     ] GC(660) Humongous regions: 18->18
[2026-06-17T10:06:39.883+0800][19.534s][info][gc,metaspace] GC(660) Metaspace: 116K(320K)->116K(320K) NonClass: 109K(192K)->109K(192K) Class: 7K(128K)->7K(128K)
[2026-06-17T10:06:39.883+0800][19.534s][info][gc          ] GC(660) Pause Young (Mixed) (G1 Evacuation Pause) 55M->46M(64M) 3.488ms
[2026-06-17T10:06:39.884+0800][19.534s][info][gc,cpu      ] GC(660) User=0.00s Sys=0.00s Real=0.01s
[2026-06-17T10:06:39.905+0800][19.555s][info][gc,start    ] GC(661) Pause Young (Concurrent Start) (G1 Evacuation Pause)
[2026-06-17T10:06:39.905+0800][19.556s][info][gc,task     ] GC(661) Using 2 workers of 18 for evacuation
[2026-06-17T10:06:39.906+0800][19.557s][info][gc,phases   ] GC(661)   Pre Evacuate Collection Set: 0.17ms
[2026-06-17T10:06:39.906+0800][19.557s][info][gc,phases   ] GC(661)   Merge Heap Roots: 0.04ms
[2026-06-17T10:06:39.907+0800][19.557s][info][gc,phases   ] GC(661)   Evacuate Collection Set: 0.33ms
[2026-06-17T10:06:39.907+0800][19.557s][info][gc,phases   ] GC(661)   Post Evacuate Collection Set: 0.17ms
[2026-06-17T10:06:39.907+0800][19.558s][info][gc,phases   ] GC(661)   Other: 0.34ms
[2026-06-17T10:06:39.907+0800][19.558s][info][gc,heap     ] GC(661) Eden regions: 9->0(6)
[2026-06-17T10:06:39.908+0800][19.559s][info][gc,heap     ] GC(661) Survivor regions: 2->2(2)
[2026-06-17T10:06:39.908+0800][19.559s][info][gc,heap     ] GC(661) Old regions: 27->30
[2026-06-17T10:06:39.909+0800][19.559s][info][gc,heap     ] GC(661) Humongous regions: 18->18
[2026-06-17T10:06:39.909+0800][19.560s][info][gc,metaspace] GC(661) Metaspace: 116K(320K)->116K(320K) NonClass: 109K(192K)->109K(192K) Class: 7K(128K)->7K(128K)
[2026-06-17T10:06:39.909+0800][19.560s][info][gc          ] GC(661) Pause Young (Concurrent Start) (G1 Evacuation Pause) 55M->49M(64M) 4.744ms
[2026-06-17T10:06:39.910+0800][19.560s][info][gc,cpu      ] GC(661) User=0.00s Sys=0.00s Real=0.00s
[2026-06-17T10:06:39.910+0800][19.560s][info][gc          ] GC(662) Concurrent Mark Cycle
[2026-06-17T10:06:39.910+0800][19.561s][info][gc,marking  ] GC(662) Concurrent Scan Root Regions
[2026-06-17T10:06:39.910+0800][19.561s][info][gc,marking  ] GC(662) Concurrent Scan Root Regions 0.266ms
[2026-06-17T10:06:39.911+0800][19.561s][info][gc,marking  ] GC(662) Concurrent Mark
[2026-06-17T10:06:39.911+0800][19.561s][info][gc,marking  ] GC(662) Concurrent Mark From Roots
[2026-06-17T10:06:39.911+0800][19.561s][info][gc,task     ] GC(662) Using 5 workers of 5 for marking
[2026-06-17T10:06:39.912+0800][19.562s][info][gc,marking  ] GC(662) Concurrent Mark From Roots 1.215ms
[2026-06-17T10:06:39.912+0800][19.563s][info][gc,marking  ] GC(662) Concurrent Preclean
[2026-06-17T10:06:39.912+0800][19.563s][info][gc,marking  ] GC(662) Concurrent Preclean 0.128ms
[2026-06-17T10:06:39.912+0800][19.563s][info][gc,start    ] GC(662) Pause Remark
[2026-06-17T10:06:39.913+0800][19.563s][info][gc          ] GC(662) Pause Remark 52M->44M(64M) 0.395ms
[2026-06-17T10:06:39.913+0800][19.563s][info][gc,cpu      ] GC(662) User=0.00s Sys=0.00s Real=0.00s
[2026-06-17T10:06:39.913+0800][19.564s][info][gc,marking  ] GC(662) Concurrent Mark 2.429ms
[2026-06-17T10:06:39.913+0800][19.564s][info][gc,marking  ] GC(662) Concurrent Rebuild Remembered Sets and Scrub Regions
[2026-06-17T10:06:39.914+0800][19.564s][info][gc,marking  ] GC(662) Concurrent Rebuild Remembered Sets and Scrub Regions 0.494ms
[2026-06-17T10:06:39.914+0800][19.564s][info][gc,start    ] GC(662) Pause Cleanup
[2026-06-17T10:06:39.914+0800][19.565s][info][gc          ] GC(662) Pause Cleanup 44M->44M(64M) 0.348ms
[2026-06-17T10:06:39.914+0800][19.565s][info][gc,cpu      ] GC(662) User=0.00s Sys=0.00s Real=0.00s
[2026-06-17T10:06:39.915+0800][19.565s][info][gc,marking  ] GC(662) Concurrent Clear Claimed Marks
[2026-06-17T10:06:39.915+0800][19.565s][info][gc,marking  ] GC(662) Concurrent Clear Claimed Marks 0.099ms
[2026-06-17T10:06:39.915+0800][19.565s][info][gc,marking  ] GC(662) Concurrent Cleanup for Next Mark
[2026-06-17T10:06:39.915+0800][19.566s][info][gc,marking  ] GC(662) Concurrent Cleanup for Next Mark 0.250ms
[2026-06-17T10:06:39.915+0800][19.566s][info][gc          ] GC(662) Concurrent Mark Cycle 5.347ms
[2026-06-17T10:06:39.921+0800][19.571s][info][gc,start    ] GC(663) Pause Young (Prepare Mixed) (G1 Evacuation Pause)
[2026-06-17T10:06:39.921+0800][19.571s][info][gc,task     ] GC(663) Using 2 workers of 18 for evacuation
[2026-06-17T10:06:39.921+0800][19.572s][info][gc,phases   ] GC(663)   Pre Evacuate Collection Set: 0.11ms
[2026-06-17T10:06:39.922+0800][19.572s][info][gc,phases   ] GC(663)   Merge Heap Roots: 0.04ms
[2026-06-17T10:06:39.922+0800][19.572s][info][gc,phases   ] GC(663)   Evacuate Collection Set: 0.14ms
[2026-06-17T10:06:39.922+0800][19.573s][info][gc,phases   ] GC(663)   Post Evacuate Collection Set: 0.16ms
[2026-06-17T10:06:39.922+0800][19.573s][info][gc,phases   ] GC(663)   Other: 0.24ms
[2026-06-17T10:06:39.922+0800][19.573s][info][gc,heap     ] GC(663) Eden regions: 6->0(14)
[2026-06-17T10:06:39.922+0800][19.573s][info][gc,heap     ] GC(663) Survivor regions: 2->1(1)
[2026-06-17T10:06:39.922+0800][19.573s][info][gc,heap     ] GC(663) Old regions: 22->23
[2026-06-17T10:06:39.923+0800][19.573s][info][gc,heap     ] GC(663) Humongous regions: 18->18
[2026-06-17T10:06:39.923+0800][19.573s][info][gc,metaspace] GC(663) Metaspace: 116K(320K)->116K(320K) NonClass: 109K(192K)->109K(192K) Class: 7K(128K)->7K(128K)
[2026-06-17T10:06:39.923+0800][19.573s][info][gc          ] GC(663) Pause Young (Prepare Mixed) (G1 Evacuation Pause) 47M->40M(64M) 2.173ms
[2026-06-17T10:06:39.923+0800][19.573s][info][gc,cpu      ] GC(663) User=0.00s Sys=0.00s Real=0.01s
[2026-06-17T10:06:39.955+0800][19.605s][info][gc,start    ] GC(664) Pause Young (Mixed) (G1 Evacuation Pause)
[2026-06-17T10:06:39.955+0800][19.606s][info][gc,task     ] GC(664) Using 2 workers of 18 for evacuation
[2026-06-17T10:06:39.956+0800][19.607s][info][gc,phases   ] GC(664)   Pre Evacuate Collection Set: 0.12ms
[2026-06-17T10:06:39.956+0800][19.607s][info][gc,phases   ] GC(664)   Merge Heap Roots: 0.04ms
[2026-06-17T10:06:39.956+0800][19.607s][info][gc,phases   ] GC(664)   Evacuate Collection Set: 0.46ms
[2026-06-17T10:06:39.957+0800][19.607s][info][gc,phases   ] GC(664)   Post Evacuate Collection Set: 0.20ms
[2026-06-17T10:06:39.957+0800][19.607s][info][gc,phases   ] GC(664)   Other: 0.19ms
[2026-06-17T10:06:39.957+0800][19.607s][info][gc,heap     ] GC(664) Eden regions: 14->0(12)
[2026-06-17T10:06:39.957+0800][19.608s][info][gc,heap     ] GC(664) Survivor regions: 1->2(2)
[2026-06-17T10:06:39.957+0800][19.608s][info][gc,heap     ] GC(664) Old regions: 23->23
[2026-06-17T10:06:39.957+0800][19.608s][info][gc,heap     ] GC(664) Humongous regions: 18->18
[2026-06-17T10:06:39.957+0800][19.608s][info][gc,metaspace] GC(664) Metaspace: 116K(320K)->116K(320K) NonClass: 109K(192K)->109K(192K) Class: 7K(128K)->7K(128K)
[2026-06-17T10:06:39.958+0800][19.608s][info][gc          ] GC(664) Pause Young (Mixed) (G1 Evacuation Pause) 54M->42M(64M) 2.911ms
[2026-06-17T10:06:39.958+0800][19.608s][info][gc,cpu      ] GC(664) User=0.00s Sys=0.00s Real=0.00s
[2026-06-17T10:06:39.968+0800][19.619s][info][gc,start    ] GC(665) Pause Young (Concurrent Start) (G1 Humongous Allocation)
[2026-06-17T10:06:39.969+0800][19.619s][info][gc,task     ] GC(665) Using 2 workers of 18 for evacuation
[2026-06-17T10:06:39.969+0800][19.620s][info][gc,phases   ] GC(665)   Pre Evacuate Collection Set: 0.19ms
[2026-06-17T10:06:39.970+0800][19.620s][info][gc,phases   ] GC(665)   Merge Heap Roots: 0.04ms
[2026-06-17T10:06:39.970+0800][19.620s][info][gc,phases   ] GC(665)   Evacuate Collection Set: 0.21ms
[2026-06-17T10:06:39.970+0800][19.620s][info][gc,phases   ] GC(665)   Post Evacuate Collection Set: 0.14ms
[2026-06-17T10:06:39.970+0800][19.620s][info][gc,phases   ] GC(665)   Other: 0.25ms
[2026-06-17T10:06:39.970+0800][19.620s][info][gc,heap     ] GC(665) Eden regions: 4->0(12)
[2026-06-17T10:06:39.970+0800][19.620s][info][gc,heap     ] GC(665) Survivor regions: 2->1(2)
[2026-06-17T10:06:39.970+0800][19.621s][info][gc,heap     ] GC(665) Old regions: 23->24
[2026-06-17T10:06:39.970+0800][19.621s][info][gc,heap     ] GC(665) Humongous regions: 18->18
[2026-06-17T10:06:39.970+0800][19.621s][info][gc,metaspace] GC(665) Metaspace: 116K(320K)->116K(320K) NonClass: 109K(192K)->109K(192K) Class: 7K(128K)->7K(128K)
[2026-06-17T10:06:39.970+0800][19.621s][info][gc          ] GC(665) Pause Young (Concurrent Start) (G1 Humongous Allocation) 45M->42M(64M) 2.028ms
[2026-06-17T10:06:39.970+0800][19.621s][info][gc,cpu      ] GC(665) User=0.00s Sys=0.00s Real=0.00s
[2026-06-17T10:06:39.970+0800][19.621s][info][gc          ] GC(666) Concurrent Mark Cycle
[2026-06-17T10:06:39.971+0800][19.621s][info][gc,marking  ] GC(666) Concurrent Scan Root Regions
[2026-06-17T10:06:39.971+0800][19.621s][info][gc,marking  ] GC(666) Concurrent Scan Root Regions 0.185ms
[2026-06-17T10:06:39.971+0800][19.622s][info][gc,marking  ] GC(666) Concurrent Mark
[2026-06-17T10:06:39.971+0800][19.622s][info][gc,marking  ] GC(666) Concurrent Mark From Roots
[2026-06-17T10:06:39.971+0800][19.622s][info][gc,task     ] GC(666) Using 5 workers of 5 for marking
[2026-06-17T10:06:39.972+0800][19.623s][info][gc,marking  ] GC(666) Concurrent Mark From Roots 1.168ms
[2026-06-17T10:06:39.972+0800][19.623s][info][gc,marking  ] GC(666) Concurrent Preclean
[2026-06-17T10:06:39.973+0800][19.623s][info][gc,marking  ] GC(666) Concurrent Preclean 0.154ms
[2026-06-17T10:06:39.973+0800][19.623s][info][gc,start    ] GC(666) Pause Remark
[2026-06-17T10:06:39.973+0800][19.624s][info][gc          ] GC(666) Pause Remark 44M->44M(64M) 0.348ms
[2026-06-17T10:06:39.973+0800][19.624s][info][gc,cpu      ] GC(666) User=0.00s Sys=0.00s Real=0.00s
[2026-06-17T10:06:39.973+0800][19.624s][info][gc,marking  ] GC(666) Concurrent Mark 2.252ms
[2026-06-17T10:06:39.973+0800][19.624s][info][gc,marking  ] GC(666) Concurrent Rebuild Remembered Sets and Scrub Regions
[2026-06-17T10:06:39.974+0800][19.624s][info][gc,marking  ] GC(666) Concurrent Rebuild Remembered Sets and Scrub Regions 0.449ms
[2026-06-17T10:06:39.974+0800][19.625s][info][gc,start    ] GC(666) Pause Cleanup
[2026-06-17T10:06:39.975+0800][19.625s][info][gc          ] GC(666) Pause Cleanup 44M->44M(64M) 0.126ms
[2026-06-17T10:06:39.975+0800][19.625s][info][gc,cpu      ] GC(666) User=0.00s Sys=0.00s Real=0.00s
[2026-06-17T10:06:39.975+0800][19.625s][info][gc,marking  ] GC(666) Concurrent Clear Claimed Marks
[2026-06-17T10:06:39.975+0800][19.626s][info][gc,marking  ] GC(666) Concurrent Clear Claimed Marks 0.082ms
[2026-06-17T10:06:39.975+0800][19.626s][info][gc,marking  ] GC(666) Concurrent Cleanup for Next Mark
[2026-06-17T10:06:39.975+0800][19.626s][info][gc,marking  ] GC(666) Concurrent Cleanup for Next Mark 0.246ms
[2026-06-17T10:06:39.976+0800][19.626s][info][gc          ] GC(666) Concurrent Mark Cycle 5.120ms
[2026-06-17T10:06:40.002+0800][19.653s][info][gc,start    ] GC(667) Pause Young (Prepare Mixed) (G1 Evacuation Pause)
[2026-06-17T10:06:40.003+0800][19.654s][info][gc,task     ] GC(667) Using 2 workers of 18 for evacuation
[2026-06-17T10:06:40.005+0800][19.655s][info][gc,phases   ] GC(667)   Pre Evacuate Collection Set: 0.15ms
[2026-06-17T10:06:40.005+0800][19.656s][info][gc,phases   ] GC(667)   Merge Heap Roots: 0.04ms
[2026-06-17T10:06:40.008+0800][19.658s][info][gc,phases   ] GC(667)   Evacuate Collection Set: 0.40ms
[2026-06-17T10:06:40.010+0800][19.660s][info][gc,phases   ] GC(667)   Post Evacuate Collection Set: 0.38ms
[2026-06-17T10:06:40.012+0800][19.663s][info][gc,phases   ] GC(667)   Other: 0.60ms
[2026-06-17T10:06:40.014+0800][19.664s][info][gc,heap     ] GC(667) Eden regions: 12->0(12)
[2026-06-17T10:06:40.014+0800][19.665s][info][gc,heap     ] GC(667) Survivor regions: 1->2(2)
[2026-06-17T10:06:40.015+0800][19.665s][info][gc,heap     ] GC(667) Old regions: 24->28
[2026-06-17T10:06:40.015+0800][19.665s][info][gc,heap     ] GC(667) Humongous regions: 20->11
[2026-06-17T10:06:40.015+0800][19.666s][info][gc,metaspace] GC(667) Metaspace: 116K(320K)->116K(320K) NonClass: 109K(192K)->109K(192K) Class: 7K(128K)->7K(128K)
[2026-06-17T10:06:40.015+0800][19.666s][info][gc          ] GC(667) Pause Young (Prepare Mixed) (G1 Evacuation Pause) 56M->40M(64M) 12.898ms
[2026-06-17T10:06:40.015+0800][19.666s][info][gc,cpu      ] GC(667) User=0.00s Sys=0.01s Real=0.02s
[2026-06-17T10:06:40.047+0800][19.698s][info][gc,start    ] GC(668) Pause Young (Mixed) (G1 Evacuation Pause)
[2026-06-17T10:06:40.047+0800][19.698s][info][gc,task     ] GC(668) Using 2 workers of 18 for evacuation
[2026-06-17T10:06:40.049+0800][19.699s][info][gc,phases   ] GC(668)   Pre Evacuate Collection Set: 0.18ms
[2026-06-17T10:06:40.049+0800][19.699s][info][gc,phases   ] GC(668)   Merge Heap Roots: 0.06ms
[2026-06-17T10:06:40.049+0800][19.700s][info][gc,phases   ] GC(668)   Evacuate Collection Set: 0.50ms
[2026-06-17T10:06:40.049+0800][19.700s][info][gc,phases   ] GC(668)   Post Evacuate Collection Set: 0.16ms
[2026-06-17T10:06:40.050+0800][19.700s][info][gc,phases   ] GC(668)   Other: 0.35ms
[2026-06-17T10:06:40.050+0800][19.700s][info][gc,heap     ] GC(668) Eden regions: 12->0(10)
[2026-06-17T10:06:40.050+0800][19.700s][info][gc,heap     ] GC(668) Survivor regions: 2->2(2)
[2026-06-17T10:06:40.050+0800][19.701s][info][gc,heap     ] GC(668) Old regions: 28->30
[2026-06-17T10:06:40.050+0800][19.701s][info][gc,heap     ] GC(668) Humongous regions: 11->11
[2026-06-17T10:06:40.050+0800][19.701s][info][gc,metaspace] GC(668) Metaspace: 116K(320K)->116K(320K) NonClass: 109K(192K)->109K(192K) Class: 7K(128K)->7K(128K)
[2026-06-17T10:06:40.050+0800][19.701s][info][gc          ] GC(668) Pause Young (Mixed) (G1 Evacuation Pause) 51M->42M(64M) 3.263ms
[2026-06-17T10:06:40.050+0800][19.701s][info][gc,cpu      ] GC(668) User=0.00s Sys=0.00s Real=0.01s
[2026-06-17T10:06:40.082+0800][19.732s][info][gc,start    ] GC(669) Pause Young (Concurrent Start) (G1 Evacuation Pause)
[2026-06-17T10:06:40.082+0800][19.733s][info][gc,task     ] GC(669) Using 2 workers of 18 for evacuation
[2026-06-17T10:06:40.083+0800][19.734s][info][gc,phases   ] GC(669)   Pre Evacuate Collection Set: 0.19ms
[2026-06-17T10:06:40.083+0800][19.734s][info][gc,phases   ] GC(669)   Merge Heap Roots: 0.04ms
[2026-06-17T10:06:40.084+0800][19.734s][info][gc,phases   ] GC(669)   Evacuate Collection Set: 0.36ms
[2026-06-17T10:06:40.084+0800][19.734s][info][gc,phases   ] GC(669)   Post Evacuate Collection Set: 0.24ms
[2026-06-17T10:06:40.084+0800][19.734s][info][gc,phases   ] GC(669)   Other: 0.18ms
[2026-06-17T10:06:40.084+0800][19.734s][info][gc,heap     ] GC(669) Eden regions: 10->0(9)
[2026-06-17T10:06:40.084+0800][19.735s][info][gc,heap     ] GC(669) Survivor regions: 2->2(2)
[2026-06-17T10:06:40.084+0800][19.735s][info][gc,heap     ] GC(669) Old regions: 30->32
[2026-06-17T10:06:40.084+0800][19.735s][info][gc,heap     ] GC(669) Humongous regions: 11->11
[2026-06-17T10:06:40.084+0800][19.735s][info][gc,metaspace] GC(669) Metaspace: 116K(320K)->116K(320K) NonClass: 109K(192K)->109K(192K) Class: 7K(128K)->7K(128K)
[2026-06-17T10:06:40.084+0800][19.735s][info][gc          ] GC(669) Pause Young (Concurrent Start) (G1 Evacuation Pause) 52M->44M(64M) 2.599ms
[2026-06-17T10:06:40.085+0800][19.735s][info][gc,cpu      ] GC(669) User=0.00s Sys=0.00s Real=0.01s
[2026-06-17T10:06:40.085+0800][19.735s][info][gc          ] GC(670) Concurrent Mark Cycle
[2026-06-17T10:06:40.085+0800][19.735s][info][gc,marking  ] GC(670) Concurrent Scan Root Regions
[2026-06-17T10:06:40.085+0800][19.736s][info][gc,marking  ] GC(670) Concurrent Scan Root Regions 0.167ms
[2026-06-17T10:06:40.085+0800][19.736s][info][gc,marking  ] GC(670) Concurrent Mark
[2026-06-17T10:06:40.085+0800][19.736s][info][gc,marking  ] GC(670) Concurrent Mark From Roots
[2026-06-17T10:06:40.085+0800][19.736s][info][gc,task     ] GC(670) Using 5 workers of 5 for marking
[2026-06-17T10:06:40.086+0800][19.737s][info][gc,marking  ] GC(670) Concurrent Mark From Roots 1.219ms
[2026-06-17T10:06:40.087+0800][19.737s][info][gc,marking  ] GC(670) Concurrent Preclean
[2026-06-17T10:06:40.087+0800][19.737s][info][gc,marking  ] GC(670) Concurrent Preclean 0.089ms
[2026-06-17T10:06:40.087+0800][19.737s][info][gc,start    ] GC(670) Pause Remark
[2026-06-17T10:06:40.087+0800][19.738s][info][gc          ] GC(670) Pause Remark 47M->39M(64M) 0.594ms
[2026-06-17T10:06:40.087+0800][19.738s][info][gc,cpu      ] GC(670) User=0.00s Sys=0.00s Real=0.00s
[2026-06-17T10:06:40.088+0800][19.738s][info][gc,marking  ] GC(670) Concurrent Mark 2.547ms
[2026-06-17T10:06:40.088+0800][19.738s][info][gc,marking  ] GC(670) Concurrent Rebuild Remembered Sets and Scrub Regions
[2026-06-17T10:06:40.088+0800][19.739s][info][gc,marking  ] GC(670) Concurrent Rebuild Remembered Sets and Scrub Regions 0.568ms
[2026-06-17T10:06:40.089+0800][19.739s][info][gc,start    ] GC(670) Pause Cleanup
[2026-06-17T10:06:40.089+0800][19.739s][info][gc          ] GC(670) Pause Cleanup 39M->39M(64M) 0.141ms
[2026-06-17T10:06:40.089+0800][19.739s][info][gc,cpu      ] GC(670) User=0.00s Sys=0.00s Real=0.00s
[2026-06-17T10:06:40.089+0800][19.740s][info][gc,marking  ] GC(670) Concurrent Clear Claimed Marks
[2026-06-17T10:06:40.089+0800][19.740s][info][gc,marking  ] GC(670) Concurrent Clear Claimed Marks 0.261ms
[2026-06-17T10:06:40.089+0800][19.740s][info][gc,marking  ] GC(670) Concurrent Cleanup for Next Mark
[2026-06-17T10:06:40.090+0800][19.740s][info][gc,marking  ] GC(670) Concurrent Cleanup for Next Mark 0.224ms
[2026-06-17T10:06:40.090+0800][19.740s][info][gc          ] GC(670) Concurrent Mark Cycle 5.270ms
[2026-06-17T10:06:40.106+0800][19.757s][info][gc,start    ] GC(671) Pause Young (Prepare Mixed) (G1 Evacuation Pause)
[2026-06-17T10:06:40.106+0800][19.757s][info][gc,task     ] GC(671) Using 2 workers of 18 for evacuation
[2026-06-17T10:06:40.107+0800][19.758s][info][gc,phases   ] GC(671)   Pre Evacuate Collection Set: 0.11ms
[2026-06-17T10:06:40.108+0800][19.758s][info][gc,phases   ] GC(671)   Merge Heap Roots: 0.05ms
[2026-06-17T10:06:40.108+0800][19.758s][info][gc,phases   ] GC(671)   Evacuate Collection Set: 0.32ms
[2026-06-17T10:06:40.108+0800][19.759s][info][gc,phases   ] GC(671)   Post Evacuate Collection Set: 0.19ms
[2026-06-17T10:06:40.108+0800][19.759s][info][gc,phases   ] GC(671)   Other: 0.22ms
[2026-06-17T10:06:40.109+0800][19.759s][info][gc,heap     ] GC(671) Eden regions: 9->0(13)
[2026-06-17T10:06:40.109+0800][19.759s][info][gc,heap     ] GC(671) Survivor regions: 2->2(2)
[2026-06-17T10:06:40.109+0800][19.759s][info][gc,heap     ] GC(671) Old regions: 24->27
[2026-06-17T10:06:40.109+0800][19.759s][info][gc,heap     ] GC(671) Humongous regions: 11->11
[2026-06-17T10:06:40.109+0800][19.760s][info][gc,metaspace] GC(671) Metaspace: 116K(320K)->116K(320K) NonClass: 109K(192K)->109K(192K) Class: 7K(128K)->7K(128K)
[2026-06-17T10:06:40.109+0800][19.760s][info][gc          ] GC(671) Pause Young (Prepare Mixed) (G1 Evacuation Pause) 45M->39M(64M) 3.149ms
[2026-06-17T10:06:40.109+0800][19.760s][info][gc,cpu      ] GC(671) User=0.00s Sys=0.00s Real=0.00s
[2026-06-17T10:06:40.141+0800][19.792s][info][gc,start    ] GC(672) Pause Young (Mixed) (G1 Evacuation Pause)
[2026-06-17T10:06:40.141+0800][19.792s][info][gc,task     ] GC(672) Using 2 workers of 18 for evacuation
[2026-06-17T10:06:40.142+0800][19.793s][info][gc,phases   ] GC(672)   Pre Evacuate Collection Set: 0.11ms
[2026-06-17T10:06:40.142+0800][19.793s][info][gc,phases   ] GC(672)   Merge Heap Roots: 0.04ms
[2026-06-17T10:06:40.143+0800][19.793s][info][gc,phases   ] GC(672)   Evacuate Collection Set: 0.31ms
[2026-06-17T10:06:40.143+0800][19.793s][info][gc,phases   ] GC(672)   Post Evacuate Collection Set: 0.17ms
[2026-06-17T10:06:40.143+0800][19.793s][info][gc,phases   ] GC(672)   Other: 0.21ms
[2026-06-17T10:06:40.143+0800][19.794s][info][gc,heap     ] GC(672) Eden regions: 13->0(17)
[2026-06-17T10:06:40.143+0800][19.794s][info][gc,heap     ] GC(672) Survivor regions: 2->2(2)
[2026-06-17T10:06:40.143+0800][19.794s][info][gc,heap     ] GC(672) Old regions: 27->22
[2026-06-17T10:06:40.143+0800][19.794s][info][gc,heap     ] GC(672) Humongous regions: 11->11
[2026-06-17T10:06:40.144+0800][19.794s][info][gc,metaspace] GC(672) Metaspace: 116K(320K)->116K(320K) NonClass: 109K(192K)->109K(192K) Class: 7K(128K)->7K(128K)
[2026-06-17T10:06:40.144+0800][19.794s][info][gc          ] GC(672) Pause Young (Mixed) (G1 Evacuation Pause) 52M->34M(64M) 2.654ms
[2026-06-17T10:06:40.144+0800][19.794s][info][gc,cpu      ] GC(672) User=0.00s Sys=0.00s Real=0.01s
[2026-06-17T10:06:40.196+0800][19.847s][info][gc,start    ] GC(673) Pause Young (Mixed) (G1 Evacuation Pause)
[2026-06-17T10:06:40.198+0800][19.849s][info][gc,task     ] GC(673) Using 2 workers of 18 for evacuation
[2026-06-17T10:06:40.199+0800][19.850s][info][gc,phases   ] GC(673)   Pre Evacuate Collection Set: 0.13ms
[2026-06-17T10:06:40.200+0800][19.850s][info][gc,phases   ] GC(673)   Merge Heap Roots: 0.05ms
[2026-06-17T10:06:40.200+0800][19.850s][info][gc,phases   ] GC(673)   Evacuate Collection Set: 0.47ms
[2026-06-17T10:06:40.200+0800][19.851s][info][gc,phases   ] GC(673)   Post Evacuate Collection Set: 0.18ms
[2026-06-17T10:06:40.200+0800][19.851s][info][gc,phases   ] GC(673)   Other: 0.49ms
[2026-06-17T10:06:40.200+0800][19.851s][info][gc,heap     ] GC(673) Eden regions: 17->0(14)
[2026-06-17T10:06:40.200+0800][19.851s][info][gc,heap     ] GC(673) Survivor regions: 2->3(3)
[2026-06-17T10:06:40.200+0800][19.851s][info][gc,heap     ] GC(673) Old regions: 22->24
[2026-06-17T10:06:40.200+0800][19.851s][info][gc,heap     ] GC(673) Humongous regions: 12->12
[2026-06-17T10:06:40.201+0800][19.851s][info][gc,metaspace] GC(673) Metaspace: 116K(320K)->116K(320K) NonClass: 109K(192K)->109K(192K) Class: 7K(128K)->7K(128K)
[2026-06-17T10:06:40.201+0800][19.851s][info][gc          ] GC(673) Pause Young (Mixed) (G1 Evacuation Pause) 52M->38M(64M) 4.625ms
[2026-06-17T10:06:40.201+0800][19.851s][info][gc,cpu      ] GC(673) User=0.00s Sys=0.00s Real=0.00s
[2026-06-17T10:06:40.232+0800][19.883s][info][gc,start    ] GC(674) Pause Young (Concurrent Start) (G1 Evacuation Pause)
[2026-06-17T10:06:40.234+0800][19.884s][info][gc,task     ] GC(674) Using 2 workers of 18 for evacuation
[2026-06-17T10:06:40.237+0800][19.888s][info][gc,phases   ] GC(674)   Pre Evacuate Collection Set: 0.21ms
[2026-06-17T10:06:40.240+0800][19.890s][info][gc,phases   ] GC(674)   Merge Heap Roots: 0.11ms
[2026-06-17T10:06:40.242+0800][19.892s][info][gc,phases   ] GC(674)   Evacuate Collection Set: 0.63ms
[2026-06-17T10:06:40.242+0800][19.892s][info][gc,phases   ] GC(674)   Post Evacuate Collection Set: 0.23ms
[2026-06-17T10:06:40.244+0800][19.894s][info][gc,phases   ] GC(674)   Other: 1.97ms
[2026-06-17T10:06:40.246+0800][19.897s][info][gc,heap     ] GC(674) Eden regions: 14->0(11)
[2026-06-17T10:06:40.247+0800][19.898s][info][gc,heap     ] GC(674) Survivor regions: 3->3(3)
[2026-06-17T10:06:40.247+0800][19.898s][info][gc,heap     ] GC(674) Old regions: 24->28
[2026-06-17T10:06:40.249+0800][19.900s][info][gc,heap     ] GC(674) Humongous regions: 12->12
[2026-06-17T10:06:40.250+0800][19.901s][info][gc,metaspace] GC(674) Metaspace: 116K(320K)->116K(320K) NonClass: 109K(192K)->109K(192K) Class: 7K(128K)->7K(128K)
[2026-06-17T10:06:40.250+0800][19.901s][info][gc          ] GC(674) Pause Young (Concurrent Start) (G1 Evacuation Pause) 52M->42M(64M) 17.909ms
[2026-06-17T10:06:40.251+0800][19.901s][info][gc,cpu      ] GC(674) User=0.00s Sys=0.00s Real=0.02s
[2026-06-17T10:06:40.251+0800][19.901s][info][gc          ] GC(675) Concurrent Mark Cycle
[2026-06-17T10:06:40.251+0800][19.901s][info][gc,marking  ] GC(675) Concurrent Scan Root Regions
[2026-06-17T10:06:40.251+0800][19.902s][info][gc,marking  ] GC(675) Concurrent Scan Root Regions 0.211ms
[2026-06-17T10:06:40.251+0800][19.902s][info][gc,marking  ] GC(675) Concurrent Mark
[2026-06-17T10:06:40.251+0800][19.902s][info][gc,marking  ] GC(675) Concurrent Mark From Roots
[2026-06-17T10:06:40.251+0800][19.902s][info][gc,task     ] GC(675) Using 5 workers of 5 for marking
[2026-06-17T10:06:40.252+0800][19.903s][info][gc,marking  ] GC(675) Concurrent Mark From Roots 1.177ms
[2026-06-17T10:06:40.252+0800][19.903s][info][gc,marking  ] GC(675) Concurrent Preclean
[2026-06-17T10:06:40.253+0800][19.903s][info][gc,marking  ] GC(675) Concurrent Preclean 0.130ms
[2026-06-17T10:06:40.253+0800][19.903s][info][gc,start    ] GC(675) Pause Remark
[2026-06-17T10:06:40.253+0800][19.904s][info][gc          ] GC(675) Pause Remark 44M->34M(64M) 0.592ms
[2026-06-17T10:06:40.254+0800][19.904s][info][gc,cpu      ] GC(675) User=0.00s Sys=0.00s Real=0.00s
[2026-06-17T10:06:40.254+0800][19.904s][info][gc,marking  ] GC(675) Concurrent Mark 2.617ms
[2026-06-17T10:06:40.254+0800][19.904s][info][gc,marking  ] GC(675) Concurrent Rebuild Remembered Sets and Scrub Regions
[2026-06-17T10:06:40.254+0800][19.905s][info][gc,marking  ] GC(675) Concurrent Rebuild Remembered Sets and Scrub Regions 0.469ms
[2026-06-17T10:06:40.254+0800][19.905s][info][gc,start    ] GC(675) Pause Cleanup
[2026-06-17T10:06:40.255+0800][19.905s][info][gc          ] GC(675) Pause Cleanup 34M->34M(64M) 0.090ms
[2026-06-17T10:06:40.255+0800][19.905s][info][gc,cpu      ] GC(675) User=0.00s Sys=0.00s Real=0.00s
[2026-06-17T10:06:40.255+0800][19.905s][info][gc,marking  ] GC(675) Concurrent Clear Claimed Marks
[2026-06-17T10:06:40.255+0800][19.905s][info][gc,marking  ] GC(675) Concurrent Clear Claimed Marks 0.072ms
[2026-06-17T10:06:40.255+0800][19.905s][info][gc,marking  ] GC(675) Concurrent Cleanup for Next Mark
[2026-06-17T10:06:40.255+0800][19.906s][info][gc,marking  ] GC(675) Concurrent Cleanup for Next Mark 0.171ms
[2026-06-17T10:06:40.255+0800][19.906s][info][gc          ] GC(675) Concurrent Mark Cycle 4.628ms
[2026-06-17T10:06:40.282+0800][19.933s][info][gc,start    ] GC(676) Pause Young (Prepare Mixed) (G1 Evacuation Pause)
[2026-06-17T10:06:40.282+0800][19.933s][info][gc,task     ] GC(676) Using 2 workers of 18 for evacuation
[2026-06-17T10:06:40.283+0800][19.934s][info][gc,phases   ] GC(676)   Pre Evacuate Collection Set: 0.11ms
[2026-06-17T10:06:40.283+0800][19.934s][info][gc,phases   ] GC(676)   Merge Heap Roots: 0.05ms
[2026-06-17T10:06:40.283+0800][19.934s][info][gc,phases   ] GC(676)   Evacuate Collection Set: 0.33ms
[2026-06-17T10:06:40.284+0800][19.934s][info][gc,phases   ] GC(676)   Post Evacuate Collection Set: 0.24ms
[2026-06-17T10:06:40.284+0800][19.934s][info][gc,phases   ] GC(676)   Other: 0.15ms
[2026-06-17T10:06:40.284+0800][19.934s][info][gc,heap     ] GC(676) Eden regions: 11->0(17)
[2026-06-17T10:06:40.284+0800][19.935s][info][gc,heap     ] GC(676) Survivor regions: 3->2(2)
[2026-06-17T10:06:40.284+0800][19.935s][info][gc,heap     ] GC(676) Old regions: 18->21
[2026-06-17T10:06:40.284+0800][19.935s][info][gc,heap     ] GC(676) Humongous regions: 12->12
[2026-06-17T10:06:40.284+0800][19.935s][info][gc,metaspace] GC(676) Metaspace: 116K(320K)->116K(320K) NonClass: 109K(192K)->109K(192K) Class: 7K(128K)->7K(128K)
[2026-06-17T10:06:40.285+0800][19.935s][info][gc          ] GC(676) Pause Young (Prepare Mixed) (G1 Evacuation Pause) 43M->34M(64M) 2.588ms
[2026-06-17T10:06:40.285+0800][19.935s][info][gc,cpu      ] GC(676) User=0.00s Sys=0.01s Real=0.01s
[2026-06-17T10:06:40.327+0800][19.978s][info][gc,start    ] GC(677) Pause Young (Mixed) (G1 Evacuation Pause)
[2026-06-17T10:06:40.327+0800][19.978s][info][gc,task     ] GC(677) Using 2 workers of 18 for evacuation
[2026-06-17T10:06:40.328+0800][19.979s][info][gc,phases   ] GC(677)   Pre Evacuate Collection Set: 0.11ms
[2026-06-17T10:06:40.328+0800][19.979s][info][gc,phases   ] GC(677)   Merge Heap Roots: 0.05ms
[2026-06-17T10:06:40.329+0800][19.979s][info][gc,phases   ] GC(677)   Evacuate Collection Set: 0.41ms
[2026-06-17T10:06:40.329+0800][19.979s][info][gc,phases   ] GC(677)   Post Evacuate Collection Set: 0.17ms
[2026-06-17T10:06:40.329+0800][19.979s][info][gc,phases   ] GC(677)   Other: 0.29ms
[2026-06-17T10:06:40.329+0800][19.980s][info][gc,heap     ] GC(677) Eden regions: 17->0(15)
[2026-06-17T10:06:40.329+0800][19.980s][info][gc,heap     ] GC(677) Survivor regions: 2->3(3)
[2026-06-17T10:06:40.329+0800][19.980s][info][gc,heap     ] GC(677) Old regions: 21->21
[2026-06-17T10:06:40.329+0800][19.980s][info][gc,heap     ] GC(677) Humongous regions: 12->12
[2026-06-17T10:06:40.329+0800][19.980s][info][gc,metaspace] GC(677) Metaspace: 116K(320K)->116K(320K) NonClass: 109K(192K)->109K(192K) Class: 7K(128K)->7K(128K)
[2026-06-17T10:06:40.330+0800][19.980s][info][gc          ] GC(677) Pause Young (Mixed) (G1 Evacuation Pause) 51M->35M(64M) 2.503ms
[2026-06-17T10:06:40.330+0800][19.980s][info][gc,cpu      ] GC(677) User=0.00s Sys=0.00s Real=0.00s
[2026-06-17T10:06:40.361+0800][20.012s][info][gc,start    ] GC(678) Pause Young (Concurrent Start) (G1 Evacuation Pause)
[2026-06-17T10:06:40.362+0800][20.012s][info][gc,task     ] GC(678) Using 2 workers of 18 for evacuation
[2026-06-17T10:06:40.363+0800][20.013s][info][gc,phases   ] GC(678)   Pre Evacuate Collection Set: 0.20ms
[2026-06-17T10:06:40.363+0800][20.013s][info][gc,phases   ] GC(678)   Merge Heap Roots: 0.06ms
[2026-06-17T10:06:40.363+0800][20.014s][info][gc,phases   ] GC(678)   Evacuate Collection Set: 0.41ms
[2026-06-17T10:06:40.363+0800][20.014s][info][gc,phases   ] GC(678)   Post Evacuate Collection Set: 0.17ms
[2026-06-17T10:06:40.363+0800][20.014s][info][gc,phases   ] GC(678)   Other: 0.20ms
[2026-06-17T10:06:40.364+0800][20.014s][info][gc,heap     ] GC(678) Eden regions: 15->0(14)
[2026-06-17T10:06:40.364+0800][20.014s][info][gc,heap     ] GC(678) Survivor regions: 3->3(3)
[2026-06-17T10:06:40.364+0800][20.014s][info][gc,heap     ] GC(678) Old regions: 21->23
[2026-06-17T10:06:40.364+0800][20.015s][info][gc,heap     ] GC(678) Humongous regions: 12->12
[2026-06-17T10:06:40.364+0800][20.015s][info][gc,metaspace] GC(678) Metaspace: 116K(320K)->116K(320K) NonClass: 109K(192K)->109K(192K) Class: 7K(128K)->7K(128K)
[2026-06-17T10:06:40.364+0800][20.015s][info][gc          ] GC(678) Pause Young (Concurrent Start) (G1 Evacuation Pause) 50M->37M(64M) 2.900ms
[2026-06-17T10:06:40.364+0800][20.015s][info][gc,cpu      ] GC(678) User=0.00s Sys=0.00s Real=0.01s
[2026-06-17T10:06:40.364+0800][20.015s][info][gc          ] GC(679) Concurrent Mark Cycle
[2026-06-17T10:06:40.365+0800][20.015s][info][gc,marking  ] GC(679) Concurrent Scan Root Regions
[2026-06-17T10:06:40.365+0800][20.015s][info][gc,marking  ] GC(679) Concurrent Scan Root Regions 0.221ms
[2026-06-17T10:06:40.365+0800][20.015s][info][gc,marking  ] GC(679) Concurrent Mark
[2026-06-17T10:06:40.365+0800][20.015s][info][gc,marking  ] GC(679) Concurrent Mark From Roots
[2026-06-17T10:06:40.365+0800][20.016s][info][gc,task     ] GC(679) Using 5 workers of 5 for marking
[2026-06-17T10:06:40.366+0800][20.017s][info][gc,marking  ] GC(679) Concurrent Mark From Roots 1.137ms
[2026-06-17T10:06:40.366+0800][20.017s][info][gc,marking  ] GC(679) Concurrent Preclean
[2026-06-17T10:06:40.366+0800][20.017s][info][gc,marking  ] GC(679) Concurrent Preclean 0.125ms
[2026-06-17T10:06:40.366+0800][20.017s][info][gc,start    ] GC(679) Pause Remark
[2026-06-17T10:06:40.367+0800][20.017s][info][gc          ] GC(679) Pause Remark 39M->39M(64M) 0.488ms
[2026-06-17T10:06:40.367+0800][20.018s][info][gc,cpu      ] GC(679) User=0.00s Sys=0.00s Real=0.00s
[2026-06-17T10:06:40.367+0800][20.018s][info][gc,marking  ] GC(679) Concurrent Mark 2.377ms
[2026-06-17T10:06:40.367+0800][20.018s][info][gc,marking  ] GC(679) Concurrent Rebuild Remembered Sets and Scrub Regions
[2026-06-17T10:06:40.368+0800][20.018s][info][gc,marking  ] GC(679) Concurrent Rebuild Remembered Sets and Scrub Regions 0.521ms
[2026-06-17T10:06:40.368+0800][20.019s][info][gc,start    ] GC(679) Pause Cleanup
[2026-06-17T10:06:40.368+0800][20.019s][info][gc          ] GC(679) Pause Cleanup 39M->39M(64M) 0.184ms
[2026-06-17T10:06:40.368+0800][20.019s][info][gc,cpu      ] GC(679) User=0.00s Sys=0.00s Real=0.00s
[2026-06-17T10:06:40.368+0800][20.019s][info][gc,marking  ] GC(679) Concurrent Clear Claimed Marks
[2026-06-17T10:06:40.369+0800][20.019s][info][gc,marking  ] GC(679) Concurrent Clear Claimed Marks 0.134ms
[2026-06-17T10:06:40.369+0800][20.019s][info][gc,marking  ] GC(679) Concurrent Cleanup for Next Mark
[2026-06-17T10:06:40.369+0800][20.020s][info][gc,marking  ] GC(679) Concurrent Cleanup for Next Mark 0.211ms
[2026-06-17T10:06:40.369+0800][20.020s][info][gc          ] GC(679) Concurrent Mark Cycle 4.707ms
[2026-06-17T10:06:40.407+0800][20.057s][info][gc,start    ] GC(680) Pause Young (Prepare Mixed) (G1 Evacuation Pause)
[2026-06-17T10:06:40.407+0800][20.058s][info][gc,task     ] GC(680) Using 2 workers of 18 for evacuation
[2026-06-17T10:06:40.408+0800][20.059s][info][gc,phases   ] GC(680)   Pre Evacuate Collection Set: 0.15ms
[2026-06-17T10:06:40.408+0800][20.059s][info][gc,phases   ] GC(680)   Merge Heap Roots: 0.05ms
[2026-06-17T10:06:40.408+0800][20.059s][info][gc,phases   ] GC(680)   Evacuate Collection Set: 0.47ms
[2026-06-17T10:06:40.408+0800][20.059s][info][gc,phases   ] GC(680)   Post Evacuate Collection Set: 0.16ms
[2026-06-17T10:06:40.408+0800][20.059s][info][gc,phases   ] GC(680)   Other: 0.20ms
[2026-06-17T10:06:40.408+0800][20.059s][info][gc,heap     ] GC(680) Eden regions: 14->0(11)
[2026-06-17T10:06:40.409+0800][20.059s][info][gc,heap     ] GC(680) Survivor regions: 3->3(3)
[2026-06-17T10:06:40.409+0800][20.059s][info][gc,heap     ] GC(680) Old regions: 23->27
[2026-06-17T10:06:40.409+0800][20.059s][info][gc,heap     ] GC(680) Humongous regions: 14->14
[2026-06-17T10:06:40.409+0800][20.059s][info][gc,metaspace] GC(680) Metaspace: 116K(320K)->116K(320K) NonClass: 109K(192K)->109K(192K) Class: 7K(128K)->7K(128K)
[2026-06-17T10:06:40.409+0800][20.059s][info][gc          ] GC(680) Pause Young (Prepare Mixed) (G1 Evacuation Pause) 53M->43M(64M) 2.251ms
[2026-06-17T10:06:40.409+0800][20.060s][info][gc,cpu      ] GC(680) User=0.01s Sys=0.00s Real=0.00s
[2026-06-17T10:06:40.430+0800][20.081s][info][gc,start    ] GC(681) Pause Young (Mixed) (G1 Evacuation Pause)
[2026-06-17T10:06:40.430+0800][20.081s][info][gc,task     ] GC(681) Using 2 workers of 18 for evacuation
[2026-06-17T10:06:40.432+0800][20.082s][info][gc,phases   ] GC(681)   Pre Evacuate Collection Set: 0.11ms
[2026-06-17T10:06:40.432+0800][20.082s][info][gc,phases   ] GC(681)   Merge Heap Roots: 0.04ms
[2026-06-17T10:06:40.432+0800][20.082s][info][gc,phases   ] GC(681)   Evacuate Collection Set: 0.45ms
[2026-06-17T10:06:40.432+0800][20.083s][info][gc,phases   ] GC(681)   Post Evacuate Collection Set: 0.28ms
[2026-06-17T10:06:40.432+0800][20.083s][info][gc,phases   ] GC(681)   Other: 0.28ms
[2026-06-17T10:06:40.432+0800][20.083s][info][gc,heap     ] GC(681) Eden regions: 11->0(12)
[2026-06-17T10:06:40.432+0800][20.083s][info][gc,heap     ] GC(681) Survivor regions: 3->2(2)
[2026-06-17T10:06:40.432+0800][20.083s][info][gc,heap     ] GC(681) Old regions: 27->27
[2026-06-17T10:06:40.433+0800][20.083s][info][gc,heap     ] GC(681) Humongous regions: 14->14
[2026-06-17T10:06:40.433+0800][20.083s][info][gc,metaspace] GC(681) Metaspace: 116K(320K)->116K(320K) NonClass: 109K(192K)->109K(192K) Class: 7K(128K)->7K(128K)
[2026-06-17T10:06:40.433+0800][20.083s][info][gc          ] GC(681) Pause Young (Mixed) (G1 Evacuation Pause) 54M->42M(64M) 2.604ms
[2026-06-17T10:06:40.433+0800][20.083s][info][gc,cpu      ] GC(681) User=0.00s Sys=0.00s Real=0.01s
[2026-06-17T10:06:40.464+0800][20.115s][info][gc,start    ] GC(682) Pause Young (Concurrent Start) (G1 Evacuation Pause)
[2026-06-17T10:06:40.465+0800][20.115s][info][gc,task     ] GC(682) Using 2 workers of 18 for evacuation
[2026-06-17T10:06:40.466+0800][20.117s][info][gc,phases   ] GC(682)   Pre Evacuate Collection Set: 0.30ms
[2026-06-17T10:06:40.467+0800][20.117s][info][gc,phases   ] GC(682)   Merge Heap Roots: 0.05ms
[2026-06-17T10:06:40.467+0800][20.117s][info][gc,phases   ] GC(682)   Evacuate Collection Set: 0.28ms
[2026-06-17T10:06:40.467+0800][20.117s][info][gc,phases   ] GC(682)   Post Evacuate Collection Set: 0.16ms
[2026-06-17T10:06:40.467+0800][20.118s][info][gc,phases   ] GC(682)   Other: 0.53ms
[2026-06-17T10:06:40.467+0800][20.118s][info][gc,heap     ] GC(682) Eden regions: 12->0(11)
[2026-06-17T10:06:40.467+0800][20.118s][info][gc,heap     ] GC(682) Survivor regions: 2->2(2)
[2026-06-17T10:06:40.467+0800][20.118s][info][gc,heap     ] GC(682) Old regions: 27->29
[2026-06-17T10:06:40.467+0800][20.118s][info][gc,heap     ] GC(682) Humongous regions: 14->14
[2026-06-17T10:06:40.468+0800][20.118s][info][gc,metaspace] GC(682) Metaspace: 116K(320K)->116K(320K) NonClass: 109K(192K)->109K(192K) Class: 7K(128K)->7K(128K)
[2026-06-17T10:06:40.468+0800][20.118s][info][gc          ] GC(682) Pause Young (Concurrent Start) (G1 Evacuation Pause) 54M->43M(64M) 3.461ms
[2026-06-17T10:06:40.468+0800][20.119s][info][gc,cpu      ] GC(682) User=0.00s Sys=0.00s Real=0.00s
[2026-06-17T10:06:40.468+0800][20.119s][info][gc          ] GC(683) Concurrent Mark Cycle
[2026-06-17T10:06:40.468+0800][20.119s][info][gc,marking  ] GC(683) Concurrent Scan Root Regions
[2026-06-17T10:06:40.468+0800][20.119s][info][gc,marking  ] GC(683) Concurrent Scan Root Regions 0.203ms
[2026-06-17T10:06:40.469+0800][20.119s][info][gc,marking  ] GC(683) Concurrent Mark
[2026-06-17T10:06:40.469+0800][20.119s][info][gc,marking  ] GC(683) Concurrent Mark From Roots
[2026-06-17T10:06:40.469+0800][20.119s][info][gc,task     ] GC(683) Using 5 workers of 5 for marking
[2026-06-17T10:06:40.470+0800][20.120s][info][gc,marking  ] GC(683) Concurrent Mark From Roots 1.107ms
[2026-06-17T10:06:40.470+0800][20.120s][info][gc,marking  ] GC(683) Concurrent Preclean
[2026-06-17T10:06:40.470+0800][20.121s][info][gc,marking  ] GC(683) Concurrent Preclean 0.124ms
[2026-06-17T10:06:40.470+0800][20.121s][info][gc,start    ] GC(683) Pause Remark
[2026-06-17T10:06:40.470+0800][20.121s][info][gc          ] GC(683) Pause Remark 44M->36M(64M) 0.401ms
[2026-06-17T10:06:40.471+0800][20.121s][info][gc,cpu      ] GC(683) User=0.00s Sys=0.01s Real=0.01s
[2026-06-17T10:06:40.471+0800][20.121s][info][gc,marking  ] GC(683) Concurrent Mark 2.211ms
[2026-06-17T10:06:40.471+0800][20.122s][info][gc,marking  ] GC(683) Concurrent Rebuild Remembered Sets and Scrub Regions
[2026-06-17T10:06:40.472+0800][20.123s][info][gc,marking  ] GC(683) Concurrent Rebuild Remembered Sets and Scrub Regions 0.644ms
[2026-06-17T10:06:40.472+0800][20.123s][info][gc,start    ] GC(683) Pause Cleanup
[2026-06-17T10:06:40.472+0800][20.123s][info][gc          ] GC(683) Pause Cleanup 36M->36M(64M) 0.138ms
[2026-06-17T10:06:40.472+0800][20.123s][info][gc,cpu      ] GC(683) User=0.00s Sys=0.00s Real=0.00s
[2026-06-17T10:06:40.473+0800][20.123s][info][gc,marking  ] GC(683) Concurrent Clear Claimed Marks
[2026-06-17T10:06:40.473+0800][20.123s][info][gc,marking  ] GC(683) Concurrent Clear Claimed Marks 0.144ms
[2026-06-17T10:06:40.473+0800][20.123s][info][gc,marking  ] GC(683) Concurrent Cleanup for Next Mark
[2026-06-17T10:06:40.473+0800][20.124s][info][gc,marking  ] GC(683) Concurrent Cleanup for Next Mark 0.238ms
[2026-06-17T10:06:40.473+0800][20.124s][info][gc          ] GC(683) Concurrent Mark Cycle 5.199ms
[2026-06-17T10:06:40.500+0800][20.150s][info][gc,start    ] GC(684) Pause Young (Prepare Mixed) (G1 Evacuation Pause)
[2026-06-17T10:06:40.501+0800][20.152s][info][gc,task     ] GC(684) Using 2 workers of 18 for evacuation
[2026-06-17T10:06:40.503+0800][20.154s][info][gc,phases   ] GC(684)   Pre Evacuate Collection Set: 0.19ms
[2026-06-17T10:06:40.503+0800][20.154s][info][gc,phases   ] GC(684)   Merge Heap Roots: 0.06ms
[2026-06-17T10:06:40.505+0800][20.156s][info][gc,phases   ] GC(684)   Evacuate Collection Set: 0.56ms
[2026-06-17T10:06:40.507+0800][20.158s][info][gc,phases   ] GC(684)   Post Evacuate Collection Set: 0.25ms
[2026-06-17T10:06:40.508+0800][20.159s][info][gc,phases   ] GC(684)   Other: 0.76ms
[2026-06-17T10:06:40.510+0800][20.160s][info][gc,heap     ] GC(684) Eden regions: 11->0(13)
[2026-06-17T10:06:40.512+0800][20.163s][info][gc,heap     ] GC(684) Survivor regions: 2->2(2)
[2026-06-17T10:06:40.514+0800][20.165s][info][gc,heap     ] GC(684) Old regions: 21->24
[2026-06-17T10:06:40.515+0800][20.166s][info][gc,heap     ] GC(684) Humongous regions: 14->14
[2026-06-17T10:06:40.516+0800][20.166s][info][gc,metaspace] GC(684) Metaspace: 116K(320K)->116K(320K) NonClass: 109K(192K)->109K(192K) Class: 7K(128K)->7K(128K)
[2026-06-17T10:06:40.516+0800][20.166s][info][gc          ] GC(684) Pause Young (Prepare Mixed) (G1 Evacuation Pause) 46M->39M(64M) 16.116ms
[2026-06-17T10:06:40.516+0800][20.167s][info][gc,cpu      ] GC(684) User=0.00s Sys=0.00s Real=0.02s
[2026-06-17T10:06:40.548+0800][20.198s][info][gc,start    ] GC(685) Pause Young (Mixed) (G1 Evacuation Pause)
[2026-06-17T10:06:40.548+0800][20.199s][info][gc,task     ] GC(685) Using 2 workers of 18 for evacuation
[2026-06-17T10:06:40.549+0800][20.200s][info][gc,phases   ] GC(685)   Pre Evacuate Collection Set: 0.13ms
[2026-06-17T10:06:40.549+0800][20.200s][info][gc,phases   ] GC(685)   Merge Heap Roots: 0.05ms
[2026-06-17T10:06:40.550+0800][20.200s][info][gc,phases   ] GC(685)   Evacuate Collection Set: 0.33ms
[2026-06-17T10:06:40.550+0800][20.201s][info][gc,phases   ] GC(685)   Post Evacuate Collection Set: 0.17ms
[2026-06-17T10:06:40.551+0800][20.201s][info][gc,phases   ] GC(685)   Other: 0.31ms
[2026-06-17T10:06:40.551+0800][20.201s][info][gc,heap     ] GC(685) Eden regions: 13->0(13)
[2026-06-17T10:06:40.551+0800][20.202s][info][gc,heap     ] GC(685) Survivor regions: 2->2(2)
[2026-06-17T10:06:40.551+0800][20.202s][info][gc,heap     ] GC(685) Old regions: 24->23
[2026-06-17T10:06:40.551+0800][20.202s][info][gc,heap     ] GC(685) Humongous regions: 14->14
[2026-06-17T10:06:40.551+0800][20.202s][info][gc,metaspace] GC(685) Metaspace: 116K(320K)->116K(320K) NonClass: 109K(192K)->109K(192K) Class: 7K(128K)->7K(128K)
[2026-06-17T10:06:40.552+0800][20.202s][info][gc          ] GC(685) Pause Young (Mixed) (G1 Evacuation Pause) 52M->38M(64M) 3.880ms
[2026-06-17T10:06:40.552+0800][20.202s][info][gc,cpu      ] GC(685) User=0.00s Sys=0.00s Real=0.01s
[2026-06-17T10:06:40.583+0800][20.234s][info][gc,start    ] GC(686) Pause Young (Concurrent Start) (G1 Evacuation Pause)
[2026-06-17T10:06:40.584+0800][20.235s][info][gc,task     ] GC(686) Using 2 workers of 18 for evacuation
[2026-06-17T10:06:40.585+0800][20.236s][info][gc,phases   ] GC(686)   Pre Evacuate Collection Set: 0.23ms
[2026-06-17T10:06:40.585+0800][20.236s][info][gc,phases   ] GC(686)   Merge Heap Roots: 0.05ms
[2026-06-17T10:06:40.586+0800][20.236s][info][gc,phases   ] GC(686)   Evacuate Collection Set: 0.45ms
[2026-06-17T10:06:40.586+0800][20.236s][info][gc,phases   ] GC(686)   Post Evacuate Collection Set: 0.21ms
[2026-06-17T10:06:40.586+0800][20.237s][info][gc,phases   ] GC(686)   Other: 0.34ms
[2026-06-17T10:06:40.586+0800][20.237s][info][gc,heap     ] GC(686) Eden regions: 13->0(12)
[2026-06-17T10:06:40.586+0800][20.237s][info][gc,heap     ] GC(686) Survivor regions: 2->2(2)
[2026-06-17T10:06:40.587+0800][20.237s][info][gc,heap     ] GC(686) Old regions: 23->27
[2026-06-17T10:06:40.587+0800][20.237s][info][gc,heap     ] GC(686) Humongous regions: 14->14
[2026-06-17T10:06:40.587+0800][20.238s][info][gc,metaspace] GC(686) Metaspace: 116K(320K)->116K(320K) NonClass: 109K(192K)->109K(192K) Class: 7K(128K)->7K(128K)
[2026-06-17T10:06:40.587+0800][20.238s][info][gc          ] GC(686) Pause Young (Concurrent Start) (G1 Evacuation Pause) 51M->42M(64M) 3.878ms
[2026-06-17T10:06:40.587+0800][20.238s][info][gc,cpu      ] GC(686) User=0.00s Sys=0.00s Real=0.00s
[2026-06-17T10:06:40.587+0800][20.238s][info][gc          ] GC(687) Concurrent Mark Cycle
[2026-06-17T10:06:40.588+0800][20.238s][info][gc,marking  ] GC(687) Concurrent Scan Root Regions
[2026-06-17T10:06:40.588+0800][20.239s][info][gc,marking  ] GC(687) Concurrent Scan Root Regions 0.171ms
[2026-06-17T10:06:40.588+0800][20.239s][info][gc,marking  ] GC(687) Concurrent Mark
[2026-06-17T10:06:40.588+0800][20.239s][info][gc,marking  ] GC(687) Concurrent Mark From Roots
[2026-06-17T10:06:40.588+0800][20.239s][info][gc,task     ] GC(687) Using 5 workers of 5 for marking
[2026-06-17T10:06:40.589+0800][20.240s][info][gc,marking  ] GC(687) Concurrent Mark From Roots 1.111ms
[2026-06-17T10:06:40.589+0800][20.240s][info][gc,marking  ] GC(687) Concurrent Preclean
[2026-06-17T10:06:40.590+0800][20.240s][info][gc,marking  ] GC(687) Concurrent Preclean 0.143ms
[2026-06-17T10:06:40.590+0800][20.240s][info][gc,start    ] GC(687) Pause Remark
[2026-06-17T10:06:40.590+0800][20.241s][info][gc          ] GC(687) Pause Remark 43M->42M(64M) 0.378ms
[2026-06-17T10:06:40.590+0800][20.241s][info][gc,cpu      ] GC(687) User=0.00s Sys=0.00s Real=0.00s
[2026-06-17T10:06:40.590+0800][20.241s][info][gc,marking  ] GC(687) Concurrent Mark 2.253ms
[2026-06-17T10:06:40.590+0800][20.241s][info][gc,marking  ] GC(687) Concurrent Rebuild Remembered Sets and Scrub Regions
[2026-06-17T10:06:40.591+0800][20.241s][info][gc,marking  ] GC(687) Concurrent Rebuild Remembered Sets and Scrub Regions 0.404ms
[2026-06-17T10:06:40.591+0800][20.242s][info][gc,start    ] GC(687) Pause Cleanup
[2026-06-17T10:06:40.591+0800][20.242s][info][gc          ] GC(687) Pause Cleanup 42M->42M(64M) 0.095ms
[2026-06-17T10:06:40.591+0800][20.242s][info][gc,cpu      ] GC(687) User=0.00s Sys=0.00s Real=0.00s
[2026-06-17T10:06:40.591+0800][20.242s][info][gc,marking  ] GC(687) Concurrent Clear Claimed Marks
[2026-06-17T10:06:40.591+0800][20.242s][info][gc,marking  ] GC(687) Concurrent Clear Claimed Marks 0.070ms
[2026-06-17T10:06:40.591+0800][20.242s][info][gc,marking  ] GC(687) Concurrent Cleanup for Next Mark
[2026-06-17T10:06:40.592+0800][20.242s][info][gc,marking  ] GC(687) Concurrent Cleanup for Next Mark 0.159ms
[2026-06-17T10:06:40.592+0800][20.242s][info][gc          ] GC(687) Concurrent Mark Cycle 4.241ms
[2026-06-17T10:06:40.619+0800][20.270s][info][gc,start    ] GC(688) Pause Young (Prepare Mixed) (G1 Evacuation Pause)
[2026-06-17T10:06:40.679+0800][20.330s][info][gc,task     ] GC(688) Using 2 workers of 18 for evacuation
[2026-06-17T10:06:40.681+0800][20.331s][info][gc,phases   ] GC(688)   Pre Evacuate Collection Set: 0.15ms
[2026-06-17T10:06:40.681+0800][20.331s][info][gc,phases   ] GC(688)   Merge Heap Roots: 0.10ms
[2026-06-17T10:06:40.682+0800][20.332s][info][gc,phases   ] GC(688)   Evacuate Collection Set: 0.30ms
[2026-06-17T10:06:40.682+0800][20.333s][info][gc,phases   ] GC(688)   Post Evacuate Collection Set: 0.28ms
[2026-06-17T10:06:40.682+0800][20.333s][info][gc,phases   ] GC(688)   Other: 0.31ms
[2026-06-17T10:06:40.683+0800][20.333s][info][gc,heap     ] GC(688) Eden regions: 12->0(12)
[2026-06-17T10:06:40.683+0800][20.334s][info][gc,heap     ] GC(688) Survivor regions: 2->2(2)
[2026-06-17T10:06:40.683+0800][20.334s][info][gc,heap     ] GC(688) Old regions: 26->28
[2026-06-17T10:06:40.684+0800][20.334s][info][gc,heap     ] GC(688) Humongous regions: 15->15
[2026-06-17T10:06:40.684+0800][20.335s][info][gc,metaspace] GC(688) Metaspace: 116K(320K)->116K(320K) NonClass: 109K(192K)->109K(192K) Class: 7K(128K)->7K(128K)
[2026-06-17T10:06:40.684+0800][20.335s][info][gc          ] GC(688) Pause Young (Prepare Mixed) (G1 Evacuation Pause) 54M->44M(64M) 65.191ms
[2026-06-17T10:06:40.685+0800][20.335s][info][gc,cpu      ] GC(688) User=0.00s Sys=0.00s Real=0.07s
[2026-06-17T10:06:40.717+0800][20.367s][info][gc,start    ] GC(689) Pause Young (Mixed) (G1 Evacuation Pause)
[2026-06-17T10:06:40.719+0800][20.369s][info][gc,task     ] GC(689) Using 2 workers of 18 for evacuation
[2026-06-17T10:06:40.721+0800][20.372s][info][gc,phases   ] GC(689)   Pre Evacuate Collection Set: 0.13ms
[2026-06-17T10:06:40.723+0800][20.373s][info][gc,phases   ] GC(689)   Merge Heap Roots: 0.04ms
[2026-06-17T10:06:40.725+0800][20.375s][info][gc,phases   ] GC(689)   Evacuate Collection Set: 0.37ms
[2026-06-17T10:06:40.726+0800][20.377s][info][gc,phases   ] GC(689)   Post Evacuate Collection Set: 0.18ms
[2026-06-17T10:06:40.727+0800][20.377s][info][gc,phases   ] GC(689)   Other: 2.03ms
[2026-06-17T10:06:40.729+0800][20.380s][info][gc,heap     ] GC(689) Eden regions: 12->0(11)
[2026-06-17T10:06:40.731+0800][20.382s][info][gc,heap     ] GC(689) Survivor regions: 2->2(2)
[2026-06-17T10:06:40.732+0800][20.383s][info][gc,heap     ] GC(689) Old regions: 28->29
[2026-06-17T10:06:40.732+0800][20.383s][info][gc,heap     ] GC(689) Humongous regions: 15->15
[2026-06-17T10:06:40.733+0800][20.383s][info][gc,metaspace] GC(689) Metaspace: 116K(320K)->116K(320K) NonClass: 109K(192K)->109K(192K) Class: 7K(128K)->7K(128K)
[2026-06-17T10:06:40.733+0800][20.384s][info][gc          ] GC(689) Pause Young (Mixed) (G1 Evacuation Pause) 56M->45M(64M) 16.521ms
[2026-06-17T10:06:40.733+0800][20.384s][info][gc,cpu      ] GC(689) User=0.00s Sys=0.00s Real=0.02s
[2026-06-17T10:06:40.765+0800][20.416s][info][gc,start    ] GC(690) Pause Young (Concurrent Start) (G1 Evacuation Pause)
[2026-06-17T10:06:40.766+0800][20.417s][info][gc,task     ] GC(690) Using 2 workers of 18 for evacuation
[2026-06-17T10:06:40.767+0800][20.418s][info][gc,phases   ] GC(690)   Pre Evacuate Collection Set: 0.31ms
[2026-06-17T10:06:40.767+0800][20.418s][info][gc,phases   ] GC(690)   Merge Heap Roots: 0.04ms
[2026-06-17T10:06:40.768+0800][20.418s][info][gc,phases   ] GC(690)   Evacuate Collection Set: 0.47ms
[2026-06-17T10:06:40.768+0800][20.419s][info][gc,phases   ] GC(690)   Post Evacuate Collection Set: 0.17ms
[2026-06-17T10:06:40.769+0800][20.420s][info][gc,phases   ] GC(690)   Other: 0.25ms
[2026-06-17T10:06:40.769+0800][20.420s][info][gc,heap     ] GC(690) Eden regions: 11->0(8)
[2026-06-17T10:06:40.770+0800][20.420s][info][gc,heap     ] GC(690) Survivor regions: 2->2(2)
[2026-06-17T10:06:40.776+0800][20.427s][info][gc,heap     ] GC(690) Old regions: 29->34
[2026-06-17T10:06:40.784+0800][20.434s][info][gc,heap     ] GC(690) Humongous regions: 15->15
[2026-06-17T10:06:40.784+0800][20.435s][info][gc,metaspace] GC(690) Metaspace: 116K(320K)->116K(320K) NonClass: 109K(192K)->109K(192K) Class: 7K(128K)->7K(128K)
[2026-06-17T10:06:40.785+0800][20.436s][info][gc          ] GC(690) Pause Young (Concurrent Start) (G1 Evacuation Pause) 56M->50M(64M) 19.683ms
[2026-06-17T10:06:40.786+0800][20.436s][info][gc,cpu      ] GC(690) User=0.01s Sys=0.00s Real=0.02s
[2026-06-17T10:06:40.786+0800][20.436s][info][gc          ] GC(691) Concurrent Mark Cycle
[2026-06-17T10:06:40.787+0800][20.438s][info][gc,marking  ] GC(691) Concurrent Scan Root Regions
[2026-06-17T10:06:40.788+0800][20.438s][info][gc,marking  ] GC(691) Concurrent Scan Root Regions 0.689ms
[2026-06-17T10:06:40.788+0800][20.439s][info][gc,marking  ] GC(691) Concurrent Mark
[2026-06-17T10:06:40.789+0800][20.439s][info][gc,marking  ] GC(691) Concurrent Mark From Roots
[2026-06-17T10:06:40.789+0800][20.440s][info][gc,task     ] GC(691) Using 5 workers of 5 for marking
[2026-06-17T10:06:40.791+0800][20.441s][info][gc,marking  ] GC(691) Concurrent Mark From Roots 1.964ms
[2026-06-17T10:06:40.791+0800][20.442s][info][gc,marking  ] GC(691) Concurrent Preclean
[2026-06-17T10:06:40.792+0800][20.442s][info][gc,marking  ] GC(691) Concurrent Preclean 0.372ms
[2026-06-17T10:06:40.792+0800][20.443s][info][gc,start    ] GC(691) Pause Remark
[2026-06-17T10:06:40.793+0800][20.444s][info][gc          ] GC(691) Pause Remark 53M->43M(64M) 0.956ms
[2026-06-17T10:06:40.793+0800][20.444s][info][gc,cpu      ] GC(691) User=0.00s Sys=0.00s Real=0.00s
[2026-06-17T10:06:40.794+0800][20.444s][info][gc,marking  ] GC(691) Concurrent Mark 5.467ms
[2026-06-17T10:06:40.794+0800][20.445s][info][gc,marking  ] GC(691) Concurrent Rebuild Remembered Sets and Scrub Regions
[2026-06-17T10:06:40.795+0800][20.446s][info][gc,marking  ] GC(691) Concurrent Rebuild Remembered Sets and Scrub Regions 0.856ms
[2026-06-17T10:06:40.796+0800][20.446s][info][gc,start    ] GC(691) Pause Cleanup
[2026-06-17T10:06:40.796+0800][20.446s][info][gc          ] GC(691) Pause Cleanup 43M->43M(64M) 0.371ms
[2026-06-17T10:06:40.796+0800][20.447s][info][gc,cpu      ] GC(691) User=0.00s Sys=0.00s Real=0.00s
[2026-06-17T10:06:40.797+0800][20.447s][info][gc,marking  ] GC(691) Concurrent Clear Claimed Marks
[2026-06-17T10:06:40.797+0800][20.448s][info][gc,marking  ] GC(691) Concurrent Clear Claimed Marks 0.556ms
[2026-06-17T10:06:40.798+0800][20.449s][info][gc,marking  ] GC(691) Concurrent Cleanup for Next Mark
[2026-06-17T10:06:40.799+0800][20.449s][info][gc,marking  ] GC(691) Concurrent Cleanup for Next Mark 0.625ms
[2026-06-17T10:06:40.799+0800][20.450s][info][gc          ] GC(691) Concurrent Mark Cycle 13.350ms
[2026-06-17T10:06:40.808+0800][20.458s][info][gc,start    ] GC(692) Pause Young (Prepare Mixed) (G1 Evacuation Pause)
[2026-06-17T10:06:40.808+0800][20.459s][info][gc,task     ] GC(692) Using 2 workers of 18 for evacuation
[2026-06-17T10:06:40.809+0800][20.460s][info][gc,phases   ] GC(692)   Pre Evacuate Collection Set: 0.13ms
[2026-06-17T10:06:40.810+0800][20.460s][info][gc,phases   ] GC(692)   Merge Heap Roots: 0.04ms
[2026-06-17T10:06:40.810+0800][20.461s][info][gc,phases   ] GC(692)   Evacuate Collection Set: 0.31ms
[2026-06-17T10:06:40.810+0800][20.461s][info][gc,phases   ] GC(692)   Post Evacuate Collection Set: 0.18ms
[2026-06-17T10:06:40.811+0800][20.461s][info][gc,phases   ] GC(692)   Other: 0.46ms
[2026-06-17T10:06:40.811+0800][20.462s][info][gc,heap     ] GC(692) Eden regions: 8->0(11)
[2026-06-17T10:06:40.812+0800][20.462s][info][gc,heap     ] GC(692) Survivor regions: 2->2(2)
[2026-06-17T10:06:40.812+0800][20.463s][info][gc,heap     ] GC(692) Old regions: 24->26
[2026-06-17T10:06:40.812+0800][20.463s][info][gc,heap     ] GC(692) Humongous regions: 15->15
[2026-06-17T10:06:40.813+0800][20.463s][info][gc,metaspace] GC(692) Metaspace: 116K(320K)->116K(320K) NonClass: 109K(192K)->109K(192K) Class: 7K(128K)->7K(128K)
[2026-06-17T10:06:40.813+0800][20.464s][info][gc          ] GC(692) Pause Young (Prepare Mixed) (G1 Evacuation Pause) 48M->42M(64M) 5.515ms
[2026-06-17T10:06:40.814+0800][20.464s][info][gc,cpu      ] GC(692) User=0.00s Sys=0.00s Real=0.01s
[2026-06-17T10:06:40.845+0800][20.496s][info][gc,start    ] GC(693) Pause Young (Mixed) (G1 Evacuation Pause)
[2026-06-17T10:06:40.846+0800][20.497s][info][gc,task     ] GC(693) Using 2 workers of 18 for evacuation
[2026-06-17T10:06:40.848+0800][20.498s][info][gc,phases   ] GC(693)   Pre Evacuate Collection Set: 0.20ms
[2026-06-17T10:06:40.850+0800][20.500s][info][gc,phases   ] GC(693)   Merge Heap Roots: 0.07ms
[2026-06-17T10:06:40.850+0800][20.501s][info][gc,phases   ] GC(693)   Evacuate Collection Set: 0.45ms
[2026-06-17T10:06:40.852+0800][20.503s][info][gc,phases   ] GC(693)   Post Evacuate Collection Set: 0.38ms
[2026-06-17T10:06:40.854+0800][20.505s][info][gc,phases   ] GC(693)   Other: 0.40ms
[2026-06-17T10:06:40.858+0800][20.509s][info][gc,heap     ] GC(693) Eden regions: 11->0(11)
[2026-06-17T10:06:40.862+0800][20.512s][info][gc,heap     ] GC(693) Survivor regions: 2->2(2)
[2026-06-17T10:06:40.866+0800][20.517s][info][gc,heap     ] GC(693) Old regions: 26->27
[2026-06-17T10:06:40.866+0800][20.517s][info][gc,heap     ] GC(693) Humongous regions: 15->15
[2026-06-17T10:06:40.869+0800][20.519s][info][gc,metaspace] GC(693) Metaspace: 116K(320K)->116K(320K) NonClass: 109K(192K)->109K(192K) Class: 7K(128K)->7K(128K)
[2026-06-17T10:06:40.870+0800][20.521s][info][gc          ] GC(693) Pause Young (Mixed) (G1 Evacuation Pause) 53M->43M(64M) 25.063ms
[2026-06-17T10:06:40.872+0800][20.523s][info][gc,cpu      ] GC(693) User=0.01s Sys=0.00s Real=0.03s
[2026-06-17T10:06:40.896+0800][20.546s][info][gc,start    ] GC(694) Pause Young (Concurrent Start) (G1 Evacuation Pause)
[2026-06-17T10:06:40.896+0800][20.547s][info][gc,task     ] GC(694) Using 2 workers of 18 for evacuation
[2026-06-17T10:06:40.898+0800][20.548s][info][gc,phases   ] GC(694)   Pre Evacuate Collection Set: 0.25ms
[2026-06-17T10:06:40.900+0800][20.551s][info][gc,phases   ] GC(694)   Merge Heap Roots: 0.07ms
[2026-06-17T10:06:40.902+0800][20.553s][info][gc,phases   ] GC(694)   Evacuate Collection Set: 0.62ms
[2026-06-17T10:06:40.905+0800][20.555s][info][gc,phases   ] GC(694)   Post Evacuate Collection Set: 0.24ms
[2026-06-17T10:06:40.905+0800][20.556s][info][gc,phases   ] GC(694)   Other: 0.34ms
[2026-06-17T10:06:40.905+0800][20.556s][info][gc,heap     ] GC(694) Eden regions: 11->0(6)
[2026-06-17T10:06:40.906+0800][20.557s][info][gc,heap     ] GC(694) Survivor regions: 2->2(2)
[2026-06-17T10:06:40.907+0800][20.557s][info][gc,heap     ] GC(694) Old regions: 27->31
[2026-06-17T10:06:40.907+0800][20.558s][info][gc,heap     ] GC(694) Humongous regions: 15->15
[2026-06-17T10:06:40.908+0800][20.558s][info][gc,metaspace] GC(694) Metaspace: 116K(320K)->116K(320K) NonClass: 109K(192K)->109K(192K) Class: 7K(128K)->7K(128K)
[2026-06-17T10:06:40.908+0800][20.559s][info][gc          ] GC(694) Pause Young (Concurrent Start) (G1 Evacuation Pause) 54M->47M(64M) 12.359ms
[2026-06-17T10:06:40.908+0800][20.559s][info][gc,cpu      ] GC(694) User=0.00s Sys=0.00s Real=0.01s
[2026-06-17T10:06:40.908+0800][20.559s][info][gc          ] GC(695) Concurrent Mark Cycle
[2026-06-17T10:06:40.909+0800][20.560s][info][gc,marking  ] GC(695) Concurrent Scan Root Regions
[2026-06-17T10:06:40.910+0800][20.560s][info][gc,marking  ] GC(695) Concurrent Scan Root Regions 0.565ms
[2026-06-17T10:06:40.910+0800][20.561s][info][gc,marking  ] GC(695) Concurrent Mark
[2026-06-17T10:06:40.911+0800][20.561s][info][gc,marking  ] GC(695) Concurrent Mark From Roots
[2026-06-17T10:06:40.911+0800][20.562s][info][gc,task     ] GC(695) Using 5 workers of 5 for marking
[2026-06-17T10:06:40.912+0800][20.563s][info][gc,marking  ] GC(695) Concurrent Mark From Roots 1.907ms
[2026-06-17T10:06:40.913+0800][20.563s][info][gc,marking  ] GC(695) Concurrent Preclean
[2026-06-17T10:06:40.913+0800][20.564s][info][gc,marking  ] GC(695) Concurrent Preclean 0.335ms
[2026-06-17T10:06:40.914+0800][20.564s][info][gc,start    ] GC(695) Pause Remark
[2026-06-17T10:06:40.914+0800][20.565s][info][gc          ] GC(695) Pause Remark 48M->40M(64M) 0.655ms
[2026-06-17T10:06:40.915+0800][20.565s][info][gc,cpu      ] GC(695) User=0.00s Sys=0.00s Real=0.00s
[2026-06-17T10:06:40.915+0800][20.566s][info][gc,marking  ] GC(695) Concurrent Mark 4.761ms
[2026-06-17T10:06:40.915+0800][20.566s][info][gc,marking  ] GC(695) Concurrent Rebuild Remembered Sets and Scrub Regions
[2026-06-17T10:06:40.916+0800][20.567s][info][gc,marking  ] GC(695) Concurrent Rebuild Remembered Sets and Scrub Regions 0.821ms
[2026-06-17T10:06:40.917+0800][20.567s][info][gc,start    ] GC(695) Pause Cleanup
[2026-06-17T10:06:40.917+0800][20.568s][info][gc          ] GC(695) Pause Cleanup 40M->40M(64M) 0.457ms
[2026-06-17T10:06:40.917+0800][20.568s][info][gc,cpu      ] GC(695) User=0.00s Sys=0.00s Real=0.00s
[2026-06-17T10:06:40.918+0800][20.568s][info][gc,marking  ] GC(695) Concurrent Clear Claimed Marks
[2026-06-17T10:06:40.918+0800][20.569s][info][gc,marking  ] GC(695) Concurrent Clear Claimed Marks 0.218ms
[2026-06-17T10:06:40.918+0800][20.569s][info][gc,marking  ] GC(695) Concurrent Cleanup for Next Mark
[2026-06-17T10:06:40.918+0800][20.569s][info][gc,marking  ] GC(695) Concurrent Cleanup for Next Mark 0.328ms
[2026-06-17T10:06:40.919+0800][20.569s][info][gc          ] GC(695) Concurrent Mark Cycle 10.305ms
[2026-06-17T10:06:40.930+0800][20.581s][info][gc,start    ] GC(696) Pause Young (Prepare Mixed) (G1 Evacuation Pause)
[2026-06-17T10:06:40.931+0800][20.581s][info][gc,task     ] GC(696) Using 2 workers of 18 for evacuation
[2026-06-17T10:06:40.932+0800][20.582s][info][gc,phases   ] GC(696)   Pre Evacuate Collection Set: 0.18ms
[2026-06-17T10:06:40.932+0800][20.583s][info][gc,phases   ] GC(696)   Merge Heap Roots: 0.04ms
[2026-06-17T10:06:40.932+0800][20.583s][info][gc,phases   ] GC(696)   Evacuate Collection Set: 0.44ms
[2026-06-17T10:06:40.933+0800][20.583s][info][gc,phases   ] GC(696)   Post Evacuate Collection Set: 0.41ms
[2026-06-17T10:06:40.933+0800][20.584s][info][gc,phases   ] GC(696)   Other: 0.32ms
[2026-06-17T10:06:40.933+0800][20.584s][info][gc,heap     ] GC(696) Eden regions: 6->0(11)
[2026-06-17T10:06:40.934+0800][20.584s][info][gc,heap     ] GC(696) Survivor regions: 2->1(1)
[2026-06-17T10:06:40.934+0800][20.584s][info][gc,heap     ] GC(696) Old regions: 23->26
[2026-06-17T10:06:40.934+0800][20.585s][info][gc,heap     ] GC(696) Humongous regions: 15->15
[2026-06-17T10:06:40.934+0800][20.585s][info][gc,metaspace] GC(696) Metaspace: 116K(320K)->116K(320K) NonClass: 109K(192K)->109K(192K) Class: 7K(128K)->7K(128K)
[2026-06-17T10:06:40.935+0800][20.585s][info][gc          ] GC(696) Pause Young (Prepare Mixed) (G1 Evacuation Pause) 45M->41M(64M) 4.910ms
[2026-06-17T10:06:40.935+0800][20.586s][info][gc,cpu      ] GC(696) User=0.01s Sys=0.00s Real=0.01s
[2026-06-17T10:06:40.967+0800][20.618s][info][gc,start    ] GC(697) Pause Young (Mixed) (G1 Evacuation Pause)
[2026-06-17T10:06:40.968+0800][20.618s][info][gc,task     ] GC(697) Using 2 workers of 18 for evacuation
[2026-06-17T10:06:40.969+0800][20.620s][info][gc,phases   ] GC(697)   Pre Evacuate Collection Set: 0.15ms
[2026-06-17T10:06:40.970+0800][20.620s][info][gc,phases   ] GC(697)   Merge Heap Roots: 0.05ms
[2026-06-17T10:06:40.970+0800][20.620s][info][gc,phases   ] GC(697)   Evacuate Collection Set: 0.78ms
[2026-06-17T10:06:40.970+0800][20.621s][info][gc,phases   ] GC(697)   Post Evacuate Collection Set: 0.29ms
[2026-06-17T10:06:40.970+0800][20.621s][info][gc,phases   ] GC(697)   Other: 0.34ms
[2026-06-17T10:06:40.971+0800][20.621s][info][gc,heap     ] GC(697) Eden regions: 11->0(11)
[2026-06-17T10:06:40.971+0800][20.621s][info][gc,heap     ] GC(697) Survivor regions: 1->2(2)
[2026-06-17T10:06:40.971+0800][20.622s][info][gc,heap     ] GC(697) Old regions: 26->22
[2026-06-17T10:06:40.971+0800][20.622s][info][gc,heap     ] GC(697) Humongous regions: 17->17
[2026-06-17T10:06:40.972+0800][20.622s][info][gc,metaspace] GC(697) Metaspace: 116K(320K)->116K(320K) NonClass: 109K(192K)->109K(192K) Class: 7K(128K)->7K(128K)
[2026-06-17T10:06:40.972+0800][20.622s][info][gc          ] GC(697) Pause Young (Mixed) (G1 Evacuation Pause) 54M->40M(64M) 4.788ms
[2026-06-17T10:06:40.972+0800][20.623s][info][gc,cpu      ] GC(697) User=0.00s Sys=0.00s Real=0.01s
[2026-06-17T10:06:41.004+0800][20.655s][info][gc,start    ] GC(698) Pause Young (Concurrent Start) (G1 Evacuation Pause)
[2026-06-17T10:06:41.005+0800][20.655s][info][gc,task     ] GC(698) Using 2 workers of 18 for evacuation
[2026-06-17T10:06:41.006+0800][20.657s][info][gc,phases   ] GC(698)   Pre Evacuate Collection Set: 0.20ms
[2026-06-17T10:06:41.006+0800][20.657s][info][gc,phases   ] GC(698)   Merge Heap Roots: 0.04ms
[2026-06-17T10:06:41.007+0800][20.657s][info][gc,phases   ] GC(698)   Evacuate Collection Set: 0.31ms
[2026-06-17T10:06:41.007+0800][20.658s][info][gc,phases   ] GC(698)   Post Evacuate Collection Set: 0.21ms
[2026-06-17T10:06:41.008+0800][20.658s][info][gc,phases   ] GC(698)   Other: 0.35ms
[2026-06-17T10:06:41.008+0800][20.659s][info][gc,heap     ] GC(698) Eden regions: 11->0(10)
[2026-06-17T10:06:41.008+0800][20.659s][info][gc,heap     ] GC(698) Survivor regions: 2->2(2)
[2026-06-17T10:06:41.009+0800][20.659s][info][gc,heap     ] GC(698) Old regions: 22->24
[2026-06-17T10:06:41.009+0800][20.660s][info][gc,heap     ] GC(698) Humongous regions: 17->17
[2026-06-17T10:06:41.009+0800][20.660s][info][gc,metaspace] GC(698) Metaspace: 116K(320K)->116K(320K) NonClass: 109K(192K)->109K(192K) Class: 7K(128K)->7K(128K)
[2026-06-17T10:06:41.010+0800][20.660s][info][gc          ] GC(698) Pause Young (Concurrent Start) (G1 Evacuation Pause) 51M->42M(64M) 5.503ms
[2026-06-17T10:06:41.010+0800][20.661s][info][gc,cpu      ] GC(698) User=0.00s Sys=0.00s Real=0.00s
[2026-06-17T10:06:41.010+0800][20.661s][info][gc          ] GC(699) Concurrent Mark Cycle
[2026-06-17T10:06:41.011+0800][20.662s][info][gc,marking  ] GC(699) Concurrent Scan Root Regions
[2026-06-17T10:06:41.011+0800][20.662s][info][gc,marking  ] GC(699) Concurrent Scan Root Regions 0.381ms
[2026-06-17T10:06:41.012+0800][20.662s][info][gc,marking  ] GC(699) Concurrent Mark
[2026-06-17T10:06:41.012+0800][20.663s][info][gc,marking  ] GC(699) Concurrent Mark From Roots
[2026-06-17T10:06:41.013+0800][20.663s][info][gc,task     ] GC(699) Using 5 workers of 5 for marking
[2026-06-17T10:06:41.014+0800][20.665s][info][gc,marking  ] GC(699) Concurrent Mark From Roots 1.765ms
[2026-06-17T10:06:41.015+0800][20.665s][info][gc,marking  ] GC(699) Concurrent Preclean
[2026-06-17T10:06:41.015+0800][20.665s][info][gc,marking  ] GC(699) Concurrent Preclean 0.383ms
[2026-06-17T10:06:41.015+0800][20.666s][info][gc,start    ] GC(699) Pause Remark
[2026-06-17T10:06:41.016+0800][20.667s][info][gc          ] GC(699) Pause Remark 47M->47M(64M) 0.749ms
[2026-06-17T10:06:41.016+0800][20.667s][info][gc,cpu      ] GC(699) User=0.00s Sys=0.00s Real=0.00s
[2026-06-17T10:06:41.017+0800][20.667s][info][gc,marking  ] GC(699) Concurrent Mark 4.977ms
[2026-06-17T10:06:41.017+0800][20.668s][info][gc,marking  ] GC(699) Concurrent Rebuild Remembered Sets and Scrub Regions
[2026-06-17T10:06:41.018+0800][20.668s][info][gc,marking  ] GC(699) Concurrent Rebuild Remembered Sets and Scrub Regions 0.692ms
[2026-06-17T10:06:41.018+0800][20.669s][info][gc,start    ] GC(699) Pause Cleanup
[2026-06-17T10:06:41.019+0800][20.669s][info][gc          ] GC(699) Pause Cleanup 47M->47M(64M) 0.396ms
[2026-06-17T10:06:41.019+0800][20.670s][info][gc,cpu      ] GC(699) User=0.00s Sys=0.00s Real=0.00s
[2026-06-17T10:06:41.020+0800][20.670s][info][gc,marking  ] GC(699) Concurrent Clear Claimed Marks
[2026-06-17T10:06:41.020+0800][20.671s][info][gc,marking  ] GC(699) Concurrent Clear Claimed Marks 0.450ms
[2026-06-17T10:06:41.020+0800][20.671s][info][gc,marking  ] GC(699) Concurrent Cleanup for Next Mark
[2026-06-17T10:06:41.021+0800][20.671s][info][gc,marking  ] GC(699) Concurrent Cleanup for Next Mark 0.495ms
[2026-06-17T10:06:41.021+0800][20.672s][info][gc          ] GC(699) Concurrent Mark Cycle 10.964ms
[2026-06-17T10:06:41.032+0800][20.683s][info][gc,start    ] GC(700) Pause Young (Prepare Mixed) (G1 Evacuation Pause)
[2026-06-17T10:06:41.033+0800][20.683s][info][gc,task     ] GC(700) Using 2 workers of 18 for evacuation
[2026-06-17T10:06:41.034+0800][20.685s][info][gc,phases   ] GC(700)   Pre Evacuate Collection Set: 0.16ms
[2026-06-17T10:06:41.034+0800][20.685s][info][gc,phases   ] GC(700)   Merge Heap Roots: 0.10ms
[2026-06-17T10:06:41.035+0800][20.685s][info][gc,phases   ] GC(700)   Evacuate Collection Set: 0.40ms
[2026-06-17T10:06:41.035+0800][20.686s][info][gc,phases   ] GC(700)   Post Evacuate Collection Set: 0.19ms
[2026-06-17T10:06:41.036+0800][20.686s][info][gc,phases   ] GC(700)   Other: 0.53ms
[2026-06-17T10:06:41.036+0800][20.686s][info][gc,heap     ] GC(700) Eden regions: 10->0(8)
[2026-06-17T10:06:41.036+0800][20.687s][info][gc,heap     ] GC(700) Survivor regions: 2->2(2)
[2026-06-17T10:06:41.037+0800][20.687s][info][gc,heap     ] GC(700) Old regions: 24->28
[2026-06-17T10:06:41.037+0800][20.688s][info][gc,heap     ] GC(700) Humongous regions: 17->17
[2026-06-17T10:06:41.037+0800][20.688s][info][gc,metaspace] GC(700) Metaspace: 116K(320K)->116K(320K) NonClass: 109K(192K)->109K(192K) Class: 7K(128K)->7K(128K)
[2026-06-17T10:06:41.038+0800][20.688s][info][gc          ] GC(700) Pause Young (Prepare Mixed) (G1 Evacuation Pause) 52M->46M(64M) 5.890ms
[2026-06-17T10:06:41.038+0800][20.689s][info][gc,cpu      ] GC(700) User=0.00s Sys=0.00s Real=0.00s
[2026-06-17T10:06:41.060+0800][20.710s][info][gc,start    ] GC(701) Pause Young (Mixed) (G1 Evacuation Pause)
[2026-06-17T10:06:41.060+0800][20.711s][info][gc,task     ] GC(701) Using 2 workers of 18 for evacuation
[2026-06-17T10:06:41.062+0800][20.713s][info][gc,phases   ] GC(701)   Pre Evacuate Collection Set: 0.19ms
[2026-06-17T10:06:41.063+0800][20.713s][info][gc,phases   ] GC(701)   Merge Heap Roots: 0.05ms
[2026-06-17T10:06:41.063+0800][20.714s][info][gc,phases   ] GC(701)   Evacuate Collection Set: 0.63ms
[2026-06-17T10:06:41.063+0800][20.714s][info][gc,phases   ] GC(701)   Post Evacuate Collection Set: 0.20ms
[2026-06-17T10:06:41.064+0800][20.714s][info][gc,phases   ] GC(701)   Other: 0.71ms
[2026-06-17T10:06:41.064+0800][20.715s][info][gc,heap     ] GC(701) Eden regions: 8->0(8)
[2026-06-17T10:06:41.065+0800][20.715s][info][gc,heap     ] GC(701) Survivor regions: 2->2(2)
[2026-06-17T10:06:41.065+0800][20.716s][info][gc,heap     ] GC(701) Old regions: 28->26
[2026-06-17T10:06:41.066+0800][20.716s][info][gc,heap     ] GC(701) Humongous regions: 17->17
[2026-06-17T10:06:41.066+0800][20.717s][info][gc,metaspace] GC(701) Metaspace: 116K(320K)->116K(320K) NonClass: 109K(192K)->109K(192K) Class: 7K(128K)->7K(128K)
[2026-06-17T10:06:41.066+0800][20.717s][info][gc          ] GC(701) Pause Young (Mixed) (G1 Evacuation Pause) 53M->44M(64M) 6.823ms
[2026-06-17T10:06:41.067+0800][20.717s][info][gc,cpu      ] GC(701) User=0.00s Sys=0.00s Real=0.01s
[2026-06-17T10:06:41.088+0800][20.739s][info][gc,start    ] GC(702) Pause Young (Concurrent Start) (G1 Evacuation Pause)
[2026-06-17T10:06:41.089+0800][20.739s][info][gc,task     ] GC(702) Using 2 workers of 18 for evacuation
[2026-06-17T10:06:41.090+0800][20.741s][info][gc,phases   ] GC(702)   Pre Evacuate Collection Set: 0.27ms
[2026-06-17T10:06:41.091+0800][20.741s][info][gc,phases   ] GC(702)   Merge Heap Roots: 0.04ms
[2026-06-17T10:06:41.091+0800][20.742s][info][gc,phases   ] GC(702)   Evacuate Collection Set: 0.44ms
[2026-06-17T10:06:41.092+0800][20.742s][info][gc,phases   ] GC(702)   Post Evacuate Collection Set: 0.20ms
[2026-06-17T10:06:41.092+0800][20.742s][info][gc,phases   ] GC(702)   Other: 0.43ms
[2026-06-17T10:06:41.092+0800][20.742s][info][gc,heap     ] GC(702) Eden regions: 8->0(7)
[2026-06-17T10:06:41.092+0800][20.743s][info][gc,heap     ] GC(702) Survivor regions: 2->2(2)
[2026-06-17T10:06:41.092+0800][20.743s][info][gc,heap     ] GC(702) Old regions: 26->28
[2026-06-17T10:06:41.093+0800][20.743s][info][gc,heap     ] GC(702) Humongous regions: 17->17
[2026-06-17T10:06:41.093+0800][20.744s][info][gc,metaspace] GC(702) Metaspace: 116K(320K)->116K(320K) NonClass: 109K(192K)->109K(192K) Class: 7K(128K)->7K(128K)
[2026-06-17T10:06:41.093+0800][20.744s][info][gc          ] GC(702) Pause Young (Concurrent Start) (G1 Evacuation Pause) 52M->46M(64M) 4.850ms
[2026-06-17T10:06:41.093+0800][20.744s][info][gc,cpu      ] GC(702) User=0.00s Sys=0.00s Real=0.01s
[2026-06-17T10:06:41.093+0800][20.744s][info][gc          ] GC(703) Concurrent Mark Cycle
[2026-06-17T10:06:41.094+0800][20.745s][info][gc,marking  ] GC(703) Concurrent Scan Root Regions
[2026-06-17T10:06:41.095+0800][20.745s][info][gc,marking  ] GC(703) Concurrent Scan Root Regions 0.387ms
[2026-06-17T10:06:41.095+0800][20.745s][info][gc,marking  ] GC(703) Concurrent Mark
[2026-06-17T10:06:41.095+0800][20.745s][info][gc,marking  ] GC(703) Concurrent Mark From Roots
[2026-06-17T10:06:41.095+0800][20.746s][info][gc,task     ] GC(703) Using 5 workers of 5 for marking
[2026-06-17T10:06:41.096+0800][20.747s][info][gc,marking  ] GC(703) Concurrent Mark From Roots 1.358ms
[2026-06-17T10:06:41.096+0800][20.747s][info][gc,marking  ] GC(703) Concurrent Preclean
[2026-06-17T10:06:41.097+0800][20.747s][info][gc,marking  ] GC(703) Concurrent Preclean 0.264ms
[2026-06-17T10:06:41.097+0800][20.748s][info][gc,start    ] GC(703) Pause Remark
[2026-06-17T10:06:41.098+0800][20.748s][info][gc          ] GC(703) Pause Remark 49M->48M(64M) 0.717ms
[2026-06-17T10:06:41.098+0800][20.749s][info][gc,cpu      ] GC(703) User=0.00s Sys=0.00s Real=0.00s
[2026-06-17T10:06:41.099+0800][20.749s][info][gc,marking  ] GC(703) Concurrent Mark 3.925ms
[2026-06-17T10:06:41.099+0800][20.749s][info][gc,marking  ] GC(703) Concurrent Rebuild Remembered Sets and Scrub Regions
[2026-06-17T10:06:41.100+0800][20.750s][info][gc,marking  ] GC(703) Concurrent Rebuild Remembered Sets and Scrub Regions 0.734ms
[2026-06-17T10:06:41.101+0800][20.752s][info][gc,start    ] GC(703) Pause Cleanup
[2026-06-17T10:06:41.101+0800][20.752s][info][gc          ] GC(703) Pause Cleanup 48M->48M(64M) 0.275ms
[2026-06-17T10:06:41.101+0800][20.752s][info][gc,cpu      ] GC(703) User=0.00s Sys=0.00s Real=0.00s
[2026-06-17T10:06:41.102+0800][20.752s][info][gc,marking  ] GC(703) Concurrent Clear Claimed Marks
[2026-06-17T10:06:41.102+0800][20.752s][info][gc,marking  ] GC(703) Concurrent Clear Claimed Marks 0.155ms
[2026-06-17T10:06:41.102+0800][20.753s][info][gc,marking  ] GC(703) Concurrent Cleanup for Next Mark
[2026-06-17T10:06:41.103+0800][20.753s][info][gc,marking  ] GC(703) Concurrent Cleanup for Next Mark 0.513ms
[2026-06-17T10:06:41.103+0800][20.753s][info][gc          ] GC(703) Concurrent Mark Cycle 9.325ms
[2026-06-17T10:06:41.115+0800][20.765s][info][gc,start    ] GC(704) Pause Young (Prepare Mixed) (G1 Evacuation Pause)
[2026-06-17T10:06:41.115+0800][20.766s][info][gc,task     ] GC(704) Using 2 workers of 18 for evacuation
[2026-06-17T10:06:41.117+0800][20.767s][info][gc,phases   ] GC(704)   Pre Evacuate Collection Set: 0.13ms
[2026-06-17T10:06:41.117+0800][20.768s][info][gc,phases   ] GC(704)   Merge Heap Roots: 0.05ms
[2026-06-17T10:06:41.117+0800][20.768s][info][gc,phases   ] GC(704)   Evacuate Collection Set: 0.43ms
[2026-06-17T10:06:41.118+0800][20.768s][info][gc,phases   ] GC(704)   Post Evacuate Collection Set: 0.56ms
[2026-06-17T10:06:41.118+0800][20.769s][info][gc,phases   ] GC(704)   Other: 0.46ms
[2026-06-17T10:06:41.118+0800][20.769s][info][gc,heap     ] GC(704) Eden regions: 7->0(6)
[2026-06-17T10:06:41.119+0800][20.769s][info][gc,heap     ] GC(704) Survivor regions: 2->2(2)
[2026-06-17T10:06:41.119+0800][20.769s][info][gc,heap     ] GC(704) Old regions: 27->29
[2026-06-17T10:06:41.119+0800][20.769s][info][gc,heap     ] GC(704) Humongous regions: 17->17
[2026-06-17T10:06:41.119+0800][20.770s][info][gc,metaspace] GC(704) Metaspace: 116K(320K)->116K(320K) NonClass: 109K(192K)->109K(192K) Class: 7K(128K)->7K(128K)
[2026-06-17T10:06:41.119+0800][20.770s][info][gc          ] GC(704) Pause Young (Prepare Mixed) (G1 Evacuation Pause) 52M->47M(64M) 4.602ms
[2026-06-17T10:06:41.120+0800][20.770s][info][gc,cpu      ] GC(704) User=0.00s Sys=0.00s Real=0.00s
[2026-06-17T10:06:41.131+0800][20.781s][info][gc,start    ] GC(705) Pause Young (Mixed) (G1 Evacuation Pause)
[2026-06-17T10:06:41.131+0800][20.782s][info][gc,task     ] GC(705) Using 2 workers of 18 for evacuation
[2026-06-17T10:06:41.132+0800][20.783s][info][gc,phases   ] GC(705)   Pre Evacuate Collection Set: 0.12ms
[2026-06-17T10:06:41.133+0800][20.783s][info][gc,phases   ] GC(705)   Merge Heap Roots: 0.05ms
[2026-06-17T10:06:41.133+0800][20.784s][info][gc,phases   ] GC(705)   Evacuate Collection Set: 0.33ms
[2026-06-17T10:06:41.134+0800][20.784s][info][gc,phases   ] GC(705)   Post Evacuate Collection Set: 0.18ms
[2026-06-17T10:06:41.134+0800][20.784s][info][gc,phases   ] GC(705)   Other: 0.46ms
[2026-06-17T10:06:41.134+0800][20.784s][info][gc,heap     ] GC(705) Eden regions: 6->0(8)
[2026-06-17T10:06:41.134+0800][20.785s][info][gc,heap     ] GC(705) Survivor regions: 2->1(1)
[2026-06-17T10:06:41.135+0800][20.785s][info][gc,heap     ] GC(705) Old regions: 29->28
[2026-06-17T10:06:41.135+0800][20.786s][info][gc,heap     ] GC(705) Humongous regions: 17->17
[2026-06-17T10:06:41.135+0800][20.786s][info][gc,metaspace] GC(705) Metaspace: 116K(320K)->116K(320K) NonClass: 109K(192K)->109K(192K) Class: 7K(128K)->7K(128K)
[2026-06-17T10:06:41.136+0800][20.786s][info][gc          ] GC(705) Pause Young (Mixed) (G1 Evacuation Pause) 53M->45M(64M) 5.076ms
[2026-06-17T10:06:41.136+0800][20.787s][info][gc,cpu      ] GC(705) User=0.00s Sys=0.00s Real=0.00s
[2026-06-17T10:06:41.158+0800][20.808s][info][gc,start    ] GC(706) Pause Young (Concurrent Start) (G1 Evacuation Pause)
[2026-06-17T10:06:41.158+0800][20.809s][info][gc,task     ] GC(706) Using 2 workers of 18 for evacuation
[2026-06-17T10:06:41.159+0800][20.810s][info][gc,phases   ] GC(706)   Pre Evacuate Collection Set: 0.27ms
[2026-06-17T10:06:41.160+0800][20.810s][info][gc,phases   ] GC(706)   Merge Heap Roots: 0.05ms
[2026-06-17T10:06:41.160+0800][20.811s][info][gc,phases   ] GC(706)   Evacuate Collection Set: 0.50ms
[2026-06-17T10:06:41.160+0800][20.811s][info][gc,phases   ] GC(706)   Post Evacuate Collection Set: 0.19ms
[2026-06-17T10:06:41.160+0800][20.811s][info][gc,phases   ] GC(706)   Other: 0.41ms
[2026-06-17T10:06:41.161+0800][20.811s][info][gc,heap     ] GC(706) Eden regions: 8->0(5)
[2026-06-17T10:06:41.161+0800][20.811s][info][gc,heap     ] GC(706) Survivor regions: 1->2(2)
[2026-06-17T10:06:41.161+0800][20.812s][info][gc,heap     ] GC(706) Old regions: 28->32
[2026-06-17T10:06:41.161+0800][20.812s][info][gc,heap     ] GC(706) Humongous regions: 17->17
[2026-06-17T10:06:41.162+0800][20.812s][info][gc,metaspace] GC(706) Metaspace: 116K(320K)->116K(320K) NonClass: 109K(192K)->109K(192K) Class: 7K(128K)->7K(128K)
[2026-06-17T10:06:41.162+0800][20.812s][info][gc          ] GC(706) Pause Young (Concurrent Start) (G1 Evacuation Pause) 52M->50M(64M) 4.319ms
[2026-06-17T10:06:41.162+0800][20.813s][info][gc,cpu      ] GC(706) User=0.00s Sys=0.00s Real=0.00s
[2026-06-17T10:06:41.162+0800][20.813s][info][gc          ] GC(707) Concurrent Mark Cycle
[2026-06-17T10:06:41.163+0800][20.813s][info][gc,marking  ] GC(707) Concurrent Scan Root Regions
[2026-06-17T10:06:41.163+0800][20.814s][info][gc,marking  ] GC(707) Concurrent Scan Root Regions 0.307ms
[2026-06-17T10:06:41.163+0800][20.814s][info][gc,marking  ] GC(707) Concurrent Mark
[2026-06-17T10:06:41.163+0800][20.814s][info][gc,marking  ] GC(707) Concurrent Mark From Roots
[2026-06-17T10:06:41.164+0800][20.814s][info][gc,task     ] GC(707) Using 5 workers of 5 for marking
[2026-06-17T10:06:41.165+0800][20.815s][info][gc,marking  ] GC(707) Concurrent Mark From Roots 1.489ms
[2026-06-17T10:06:41.165+0800][20.816s][info][gc,marking  ] GC(707) Concurrent Preclean
[2026-06-17T10:06:41.165+0800][20.816s][info][gc,marking  ] GC(707) Concurrent Preclean 0.205ms
[2026-06-17T10:06:41.166+0800][20.816s][info][gc,start    ] GC(707) Pause Remark
[2026-06-17T10:06:41.166+0800][20.817s][info][gc          ] GC(707) Pause Remark 52M->48M(64M) 0.611ms
[2026-06-17T10:06:41.166+0800][20.817s][info][gc,cpu      ] GC(707) User=0.00s Sys=0.00s Real=0.00s
[2026-06-17T10:06:41.167+0800][20.817s][info][gc,marking  ] GC(707) Concurrent Mark 3.456ms
[2026-06-17T10:06:41.167+0800][20.817s][info][gc,marking  ] GC(707) Concurrent Rebuild Remembered Sets and Scrub Regions
[2026-06-17T10:06:41.168+0800][20.818s][info][gc,marking  ] GC(707) Concurrent Rebuild Remembered Sets and Scrub Regions 0.661ms
[2026-06-17T10:06:41.168+0800][20.818s][info][gc,start    ] GC(707) Pause Cleanup
[2026-06-17T10:06:41.168+0800][20.819s][info][gc          ] GC(707) Pause Cleanup 48M->48M(64M) 0.292ms
[2026-06-17T10:06:41.168+0800][20.819s][info][gc,cpu      ] GC(707) User=0.00s Sys=0.00s Real=0.00s
[2026-06-17T10:06:41.169+0800][20.819s][info][gc,marking  ] GC(707) Concurrent Clear Claimed Marks
[2026-06-17T10:06:41.169+0800][20.820s][info][gc,marking  ] GC(707) Concurrent Clear Claimed Marks 0.305ms
[2026-06-17T10:06:41.169+0800][20.820s][info][gc,marking  ] GC(707) Concurrent Cleanup for Next Mark
[2026-06-17T10:06:41.170+0800][20.820s][info][gc,marking  ] GC(707) Concurrent Cleanup for Next Mark 0.320ms
[2026-06-17T10:06:41.170+0800][20.820s][info][gc          ] GC(707) Concurrent Mark Cycle 7.801ms
[2026-06-17T10:06:41.173+0800][20.824s][info][gc,start    ] GC(708) Pause Young (Prepare Mixed) (G1 Evacuation Pause)
[2026-06-17T10:06:41.174+0800][20.824s][info][gc,task     ] GC(708) Using 2 workers of 18 for evacuation
[2026-06-17T10:06:41.175+0800][20.825s][info][gc,phases   ] GC(708)   Pre Evacuate Collection Set: 0.14ms
[2026-06-17T10:06:41.175+0800][20.825s][info][gc,phases   ] GC(708)   Merge Heap Roots: 0.10ms
[2026-06-17T10:06:41.175+0800][20.826s][info][gc,phases   ] GC(708)   Evacuate Collection Set: 0.20ms
[2026-06-17T10:06:41.175+0800][20.826s][info][gc,phases   ] GC(708)   Post Evacuate Collection Set: 0.21ms
[2026-06-17T10:06:41.176+0800][20.826s][info][gc,phases   ] GC(708)   Other: 0.34ms
[2026-06-17T10:06:41.176+0800][20.826s][info][gc,heap     ] GC(708) Eden regions: 5->0(11)
[2026-06-17T10:06:41.176+0800][20.827s][info][gc,heap     ] GC(708) Survivor regions: 2->1(1)
[2026-06-17T10:06:41.176+0800][20.827s][info][gc,heap     ] GC(708) Old regions: 28->29
[2026-06-17T10:06:41.177+0800][20.827s][info][gc,heap     ] GC(708) Humongous regions: 19->10
[2026-06-17T10:06:41.177+0800][20.827s][info][gc,metaspace] GC(708) Metaspace: 116K(320K)->116K(320K) NonClass: 109K(192K)->109K(192K) Class: 7K(128K)->7K(128K)
[2026-06-17T10:06:41.177+0800][20.828s][info][gc          ] GC(708) Pause Young (Prepare Mixed) (G1 Evacuation Pause) 53M->39M(64M) 3.766ms
[2026-06-17T10:06:41.177+0800][20.828s][info][gc,cpu      ] GC(708) User=0.00s Sys=0.00s Real=0.00s
[2026-06-17T10:06:41.210+0800][20.860s][info][gc,start    ] GC(709) Pause Young (Mixed) (G1 Evacuation Pause)
[2026-06-17T10:06:41.210+0800][20.860s][info][gc,task     ] GC(709) Using 2 workers of 18 for evacuation
[2026-06-17T10:06:41.211+0800][20.862s][info][gc,phases   ] GC(709)   Pre Evacuate Collection Set: 0.14ms
[2026-06-17T10:06:41.211+0800][20.862s][info][gc,phases   ] GC(709)   Merge Heap Roots: 0.05ms
[2026-06-17T10:06:41.212+0800][20.863s][info][gc,phases   ] GC(709)   Evacuate Collection Set: 0.53ms
[2026-06-17T10:06:41.213+0800][20.863s][info][gc,phases   ] GC(709)   Post Evacuate Collection Set: 0.18ms
[2026-06-17T10:06:41.214+0800][20.864s][info][gc,phases   ] GC(709)   Other: 0.28ms
[2026-06-17T10:06:41.215+0800][20.865s][info][gc,heap     ] GC(709) Eden regions: 11->0(12)
[2026-06-17T10:06:41.216+0800][20.867s][info][gc,heap     ] GC(709) Survivor regions: 1->2(2)
[2026-06-17T10:06:41.217+0800][20.867s][info][gc,heap     ] GC(709) Old regions: 29->27
[2026-06-17T10:06:41.217+0800][20.868s][info][gc,heap     ] GC(709) Humongous regions: 10->10
[2026-06-17T10:06:41.218+0800][20.868s][info][gc,metaspace] GC(709) Metaspace: 116K(320K)->116K(320K) NonClass: 109K(192K)->109K(192K) Class: 7K(128K)->7K(128K)
[2026-06-17T10:06:41.218+0800][20.868s][info][gc          ] GC(709) Pause Young (Mixed) (G1 Evacuation Pause) 50M->38M(64M) 8.285ms
[2026-06-17T10:06:41.221+0800][20.871s][info][gc,cpu      ] GC(709) User=0.00s Sys=0.00s Real=0.01s
[2026-06-17T10:06:41.252+0800][20.903s][info][gc,start    ] GC(710) Pause Young (Mixed) (G1 Evacuation Pause)
[2026-06-17T10:06:41.253+0800][20.904s][info][gc,task     ] GC(710) Using 2 workers of 18 for evacuation
[2026-06-17T10:06:41.255+0800][20.905s][info][gc,phases   ] GC(710)   Pre Evacuate Collection Set: 0.15ms
[2026-06-17T10:06:41.255+0800][20.905s][info][gc,phases   ] GC(710)   Merge Heap Roots: 0.11ms
[2026-06-17T10:06:41.255+0800][20.906s][info][gc,phases   ] GC(710)   Evacuate Collection Set: 0.65ms
[2026-06-17T10:06:41.256+0800][20.906s][info][gc,phases   ] GC(710)   Post Evacuate Collection Set: 0.22ms
[2026-06-17T10:06:41.256+0800][20.906s][info][gc,phases   ] GC(710)   Other: 0.41ms
[2026-06-17T10:06:41.256+0800][20.907s][info][gc,heap     ] GC(710) Eden regions: 12->0(10)
[2026-06-17T10:06:41.256+0800][20.907s][info][gc,heap     ] GC(710) Survivor regions: 2->2(2)
[2026-06-17T10:06:41.256+0800][20.907s][info][gc,heap     ] GC(710) Old regions: 27->30
[2026-06-17T10:06:41.257+0800][20.907s][info][gc,heap     ] GC(710) Humongous regions: 10->10
[2026-06-17T10:06:41.257+0800][20.908s][info][gc,metaspace] GC(710) Metaspace: 116K(320K)->116K(320K) NonClass: 109K(192K)->109K(192K) Class: 7K(128K)->7K(128K)
[2026-06-17T10:06:41.257+0800][20.908s][info][gc          ] GC(710) Pause Young (Mixed) (G1 Evacuation Pause) 50M->41M(64M) 5.003ms
[2026-06-17T10:06:41.258+0800][20.908s][info][gc,cpu      ] GC(710) User=0.01s Sys=0.00s Real=0.00s
[2026-06-17T10:06:41.289+0800][20.940s][info][gc,start    ] GC(711) Pause Young (Concurrent Start) (G1 Evacuation Pause)
[2026-06-17T10:06:41.290+0800][20.941s][info][gc,task     ] GC(711) Using 2 workers of 18 for evacuation
[2026-06-17T10:06:41.291+0800][20.942s][info][gc,phases   ] GC(711)   Pre Evacuate Collection Set: 0.24ms
[2026-06-17T10:06:41.292+0800][20.942s][info][gc,phases   ] GC(711)   Merge Heap Roots: 0.05ms
[2026-06-17T10:06:41.292+0800][20.942s][info][gc,phases   ] GC(711)   Evacuate Collection Set: 0.33ms
[2026-06-17T10:06:41.292+0800][20.943s][info][gc,phases   ] GC(711)   Post Evacuate Collection Set: 0.19ms
[2026-06-17T10:06:41.292+0800][20.943s][info][gc,phases   ] GC(711)   Other: 0.26ms
[2026-06-17T10:06:41.293+0800][20.943s][info][gc,heap     ] GC(711) Eden regions: 10->0(9)
[2026-06-17T10:06:41.293+0800][20.944s][info][gc,heap     ] GC(711) Survivor regions: 2->2(2)
[2026-06-17T10:06:41.293+0800][20.944s][info][gc,heap     ] GC(711) Old regions: 30->32
[2026-06-17T10:06:41.293+0800][20.944s][info][gc,heap     ] GC(711) Humongous regions: 10->10
[2026-06-17T10:06:41.294+0800][20.944s][info][gc,metaspace] GC(711) Metaspace: 116K(320K)->116K(320K) NonClass: 109K(192K)->109K(192K) Class: 7K(128K)->7K(128K)
[2026-06-17T10:06:41.294+0800][20.944s][info][gc          ] GC(711) Pause Young (Concurrent Start) (G1 Evacuation Pause) 51M->43M(64M) 4.345ms
[2026-06-17T10:06:41.294+0800][20.945s][info][gc,cpu      ] GC(711) User=0.00s Sys=0.00s Real=0.01s
[2026-06-17T10:06:41.294+0800][20.945s][info][gc          ] GC(712) Concurrent Mark Cycle
[2026-06-17T10:06:41.295+0800][20.945s][info][gc,marking  ] GC(712) Concurrent Scan Root Regions
[2026-06-17T10:06:41.295+0800][20.946s][info][gc,marking  ] GC(712) Concurrent Scan Root Regions 0.460ms
[2026-06-17T10:06:41.296+0800][20.947s][info][gc,marking  ] GC(712) Concurrent Mark
[2026-06-17T10:06:41.296+0800][20.947s][info][gc,marking  ] GC(712) Concurrent Mark From Roots
[2026-06-17T10:06:41.296+0800][20.947s][info][gc,task     ] GC(712) Using 5 workers of 5 for marking
[2026-06-17T10:06:41.298+0800][20.948s][info][gc,marking  ] GC(712) Concurrent Mark From Roots 1.412ms
[2026-06-17T10:06:41.298+0800][20.948s][info][gc,marking  ] GC(712) Concurrent Preclean
[2026-06-17T10:06:41.298+0800][20.949s][info][gc,marking  ] GC(712) Concurrent Preclean 0.254ms
[2026-06-17T10:06:41.298+0800][20.949s][info][gc,start    ] GC(712) Pause Remark
[2026-06-17T10:06:41.299+0800][20.949s][info][gc          ] GC(712) Pause Remark 48M->47M(64M) 0.550ms
[2026-06-17T10:06:41.299+0800][20.950s][info][gc,cpu      ] GC(712) User=0.00s Sys=0.00s Real=0.00s
[2026-06-17T10:06:41.299+0800][20.950s][info][gc,marking  ] GC(712) Concurrent Mark 3.416ms
[2026-06-17T10:06:41.300+0800][20.950s][info][gc,marking  ] GC(712) Concurrent Rebuild Remembered Sets and Scrub Regions
[2026-06-17T10:06:41.300+0800][20.951s][info][gc,marking  ] GC(712) Concurrent Rebuild Remembered Sets and Scrub Regions 0.615ms
[2026-06-17T10:06:41.301+0800][20.951s][info][gc,start    ] GC(712) Pause Cleanup
[2026-06-17T10:06:41.301+0800][20.951s][info][gc          ] GC(712) Pause Cleanup 47M->47M(64M) 0.270ms
[2026-06-17T10:06:41.301+0800][20.952s][info][gc,cpu      ] GC(712) User=0.00s Sys=0.00s Real=0.00s
[2026-06-17T10:06:41.301+0800][20.952s][info][gc,marking  ] GC(712) Concurrent Clear Claimed Marks
[2026-06-17T10:06:41.301+0800][20.952s][info][gc,marking  ] GC(712) Concurrent Clear Claimed Marks 0.213ms
[2026-06-17T10:06:41.302+0800][20.952s][info][gc,marking  ] GC(712) Concurrent Cleanup for Next Mark
[2026-06-17T10:06:41.302+0800][20.953s][info][gc,marking  ] GC(712) Concurrent Cleanup for Next Mark 0.424ms
[2026-06-17T10:06:41.302+0800][20.953s][info][gc          ] GC(712) Concurrent Mark Cycle 8.472ms
[2026-06-17T10:06:41.315+0800][20.966s][info][gc,start    ] GC(713) Pause Young (Prepare Mixed) (G1 Evacuation Pause)
[2026-06-17T10:06:41.316+0800][20.967s][info][gc,task     ] GC(713) Using 2 workers of 18 for evacuation
[2026-06-17T10:06:41.317+0800][20.968s][info][gc,phases   ] GC(713)   Pre Evacuate Collection Set: 0.16ms
[2026-06-17T10:06:41.318+0800][20.968s][info][gc,phases   ] GC(713)   Merge Heap Roots: 0.06ms
[2026-06-17T10:06:41.318+0800][20.969s][info][gc,phases   ] GC(713)   Evacuate Collection Set: 0.39ms
[2026-06-17T10:06:41.319+0800][20.969s][info][gc,phases   ] GC(713)   Post Evacuate Collection Set: 0.22ms
[2026-06-17T10:06:41.319+0800][20.970s][info][gc,phases   ] GC(713)   Other: 0.40ms
[2026-06-17T10:06:41.319+0800][20.970s][info][gc,heap     ] GC(713) Eden regions: 9->0(8)
[2026-06-17T10:06:41.320+0800][20.970s][info][gc,heap     ] GC(713) Survivor regions: 2->2(2)
[2026-06-17T10:06:41.320+0800][20.971s][info][gc,heap     ] GC(713) Old regions: 31->34
[2026-06-17T10:06:41.321+0800][20.971s][info][gc,heap     ] GC(713) Humongous regions: 10->10
[2026-06-17T10:06:41.321+0800][20.972s][info][gc,metaspace] GC(713) Metaspace: 116K(320K)->116K(320K) NonClass: 109K(192K)->109K(192K) Class: 7K(128K)->7K(128K)
[2026-06-17T10:06:41.321+0800][20.972s][info][gc          ] GC(713) Pause Young (Prepare Mixed) (G1 Evacuation Pause) 51M->45M(64M) 5.794ms
[2026-06-17T10:06:41.321+0800][20.972s][info][gc,cpu      ] GC(713) User=0.01s Sys=0.00s Real=0.00s
[2026-06-17T10:06:41.343+0800][20.993s][info][gc,start    ] GC(714) Pause Young (Mixed) (G1 Evacuation Pause)
[2026-06-17T10:06:41.343+0800][20.994s][info][gc,task     ] GC(714) Using 2 workers of 18 for evacuation
[2026-06-17T10:06:41.345+0800][20.996s][info][gc,phases   ] GC(714)   Pre Evacuate Collection Set: 0.14ms
[2026-06-17T10:06:41.346+0800][20.996s][info][gc,phases   ] GC(714)   Merge Heap Roots: 0.10ms
[2026-06-17T10:06:41.346+0800][20.997s][info][gc,phases   ] GC(714)   Evacuate Collection Set: 0.59ms
[2026-06-17T10:06:41.347+0800][20.997s][info][gc,phases   ] GC(714)   Post Evacuate Collection Set: 0.24ms
[2026-06-17T10:06:41.347+0800][20.998s][info][gc,phases   ] GC(714)   Other: 0.64ms
[2026-06-17T10:06:41.347+0800][20.998s][info][gc,heap     ] GC(714) Eden regions: 8->0(10)
[2026-06-17T10:06:41.348+0800][20.998s][info][gc,heap     ] GC(714) Survivor regions: 2->2(2)
[2026-06-17T10:06:41.348+0800][20.999s][info][gc,heap     ] GC(714) Old regions: 34->30
[2026-06-17T10:06:41.348+0800][20.999s][info][gc,heap     ] GC(714) Humongous regions: 10->10
[2026-06-17T10:06:41.349+0800][21.000s][info][gc,metaspace] GC(714) Metaspace: 116K(320K)->116K(320K) NonClass: 109K(192K)->109K(192K) Class: 7K(128K)->7K(128K)
[2026-06-17T10:06:41.350+0800][21.000s][info][gc          ] GC(714) Pause Young (Mixed) (G1 Evacuation Pause) 53M->41M(64M) 7.162ms
[2026-06-17T10:06:41.350+0800][21.001s][info][gc,cpu      ] GC(714) User=0.00s Sys=0.01s Real=0.01s
[2026-06-17T10:06:41.372+0800][21.023s][info][gc,start    ] GC(715) Pause Young (Mixed) (G1 Evacuation Pause)
[2026-06-17T10:06:41.373+0800][21.023s][info][gc,task     ] GC(715) Using 2 workers of 18 for evacuation
[2026-06-17T10:06:41.374+0800][21.025s][info][gc,phases   ] GC(715)   Pre Evacuate Collection Set: 0.20ms
[2026-06-17T10:06:41.375+0800][21.025s][info][gc,phases   ] GC(715)   Merge Heap Roots: 0.06ms
[2026-06-17T10:06:41.375+0800][21.026s][info][gc,phases   ] GC(715)   Evacuate Collection Set: 0.36ms
[2026-06-17T10:06:41.375+0800][21.026s][info][gc,phases   ] GC(715)   Post Evacuate Collection Set: 0.19ms
[2026-06-17T10:06:41.376+0800][21.026s][info][gc,phases   ] GC(715)   Other: 0.55ms
[2026-06-17T10:06:41.376+0800][21.027s][info][gc,heap     ] GC(715) Eden regions: 10->0(12)
[2026-06-17T10:06:41.377+0800][21.027s][info][gc,heap     ] GC(715) Survivor regions: 2->1(2)
[2026-06-17T10:06:41.377+0800][21.027s][info][gc,heap     ] GC(715) Old regions: 30->30
[2026-06-17T10:06:41.377+0800][21.028s][info][gc,heap     ] GC(715) Humongous regions: 10->10
[2026-06-17T10:06:41.378+0800][21.028s][info][gc,metaspace] GC(715) Metaspace: 116K(320K)->116K(320K) NonClass: 109K(192K)->109K(192K) Class: 7K(128K)->7K(128K)
[2026-06-17T10:06:41.378+0800][21.029s][info][gc          ] GC(715) Pause Young (Mixed) (G1 Evacuation Pause) 51M->39M(64M) 5.918ms
[2026-06-17T10:06:41.378+0800][21.029s][info][gc,cpu      ] GC(715) User=0.00s Sys=0.00s Real=0.00s
[2026-06-17T10:06:41.390+0800][21.040s][info][gc,start    ] GC(716) Pause Young (Concurrent Start) (G1 Humongous Allocation)
[2026-06-17T10:06:41.390+0800][21.041s][info][gc,task     ] GC(716) Using 2 workers of 18 for evacuation
[2026-06-17T10:06:41.392+0800][21.042s][info][gc,phases   ] GC(716)   Pre Evacuate Collection Set: 0.22ms
[2026-06-17T10:06:41.392+0800][21.042s][info][gc,phases   ] GC(716)   Merge Heap Roots: 0.04ms
[2026-06-17T10:06:41.392+0800][21.043s][info][gc,phases   ] GC(716)   Evacuate Collection Set: 0.24ms
[2026-06-17T10:06:41.393+0800][21.043s][info][gc,phases   ] GC(716)   Post Evacuate Collection Set: 0.16ms
[2026-06-17T10:06:41.393+0800][21.044s][info][gc,phases   ] GC(716)   Other: 0.55ms
[2026-06-17T10:06:41.393+0800][21.044s][info][gc,heap     ] GC(716) Eden regions: 6->0(10)
[2026-06-17T10:06:41.394+0800][21.044s][info][gc,heap     ] GC(716) Survivor regions: 1->2(2)
[2026-06-17T10:06:41.394+0800][21.045s][info][gc,heap     ] GC(716) Old regions: 30->30
[2026-06-17T10:06:41.394+0800][21.045s][info][gc,heap     ] GC(716) Humongous regions: 10->10
[2026-06-17T10:06:41.395+0800][21.045s][info][gc,metaspace] GC(716) Metaspace: 116K(320K)->116K(320K) NonClass: 109K(192K)->109K(192K) Class: 7K(128K)->7K(128K)
[2026-06-17T10:06:41.395+0800][21.045s][info][gc          ] GC(716) Pause Young (Concurrent Start) (G1 Humongous Allocation) 44M->41M(64M) 5.180ms
[2026-06-17T10:06:41.395+0800][21.046s][info][gc,cpu      ] GC(716) User=0.00s Sys=0.00s Real=0.01s
[2026-06-17T10:06:41.395+0800][21.046s][info][gc          ] GC(717) Concurrent Mark Cycle
[2026-06-17T10:06:41.396+0800][21.047s][info][gc,marking  ] GC(717) Concurrent Scan Root Regions
[2026-06-17T10:06:41.397+0800][21.048s][info][gc,marking  ] GC(717) Concurrent Scan Root Regions 1.153ms
[2026-06-17T10:06:41.397+0800][21.048s][info][gc,marking  ] GC(717) Concurrent Mark
[2026-06-17T10:06:41.398+0800][21.048s][info][gc,marking  ] GC(717) Concurrent Mark From Roots
[2026-06-17T10:06:41.398+0800][21.048s][info][gc,task     ] GC(717) Using 5 workers of 5 for marking
[2026-06-17T10:06:41.399+0800][21.050s][info][gc,marking  ] GC(717) Concurrent Mark From Roots 1.520ms
[2026-06-17T10:06:41.399+0800][21.050s][info][gc,marking  ] GC(717) Concurrent Preclean
[2026-06-17T10:06:41.400+0800][21.050s][info][gc,marking  ] GC(717) Concurrent Preclean 0.220ms
[2026-06-17T10:06:41.400+0800][21.051s][info][gc,start    ] GC(717) Pause Remark
[2026-06-17T10:06:41.401+0800][21.051s][info][gc          ] GC(717) Pause Remark 43M->35M(64M) 0.717ms
[2026-06-17T10:06:41.401+0800][21.052s][info][gc,cpu      ] GC(717) User=0.00s Sys=0.00s Real=0.00s
[2026-06-17T10:06:41.401+0800][21.052s][info][gc,marking  ] GC(717) Concurrent Mark 4.113ms
[2026-06-17T10:06:41.402+0800][21.052s][info][gc,marking  ] GC(717) Concurrent Rebuild Remembered Sets and Scrub Regions
[2026-06-17T10:06:41.403+0800][21.053s][info][gc,marking  ] GC(717) Concurrent Rebuild Remembered Sets and Scrub Regions 0.751ms
[2026-06-17T10:06:41.403+0800][21.054s][info][gc,start    ] GC(717) Pause Cleanup
[2026-06-17T10:06:41.403+0800][21.054s][info][gc          ] GC(717) Pause Cleanup 35M->35M(64M) 0.321ms
[2026-06-17T10:06:41.404+0800][21.054s][info][gc,cpu      ] GC(717) User=0.00s Sys=0.00s Real=0.00s
[2026-06-17T10:06:41.404+0800][21.055s][info][gc,marking  ] GC(717) Concurrent Clear Claimed Marks
[2026-06-17T10:06:41.404+0800][21.055s][info][gc,marking  ] GC(717) Concurrent Clear Claimed Marks 0.350ms
[2026-06-17T10:06:41.405+0800][21.055s][info][gc,marking  ] GC(717) Concurrent Cleanup for Next Mark
[2026-06-17T10:06:41.405+0800][21.056s][info][gc,marking  ] GC(717) Concurrent Cleanup for Next Mark 0.454ms
[2026-06-17T10:06:41.406+0800][21.056s][info][gc          ] GC(717) Concurrent Mark Cycle 10.326ms
[2026-06-17T10:06:41.427+0800][21.077s][info][gc,start    ] GC(718) Pause Young (Prepare Mixed) (G1 Evacuation Pause)
[2026-06-17T10:06:41.427+0800][21.078s][info][gc,task     ] GC(718) Using 2 workers of 18 for evacuation
[2026-06-17T10:06:41.428+0800][21.079s][info][gc,phases   ] GC(718)   Pre Evacuate Collection Set: 0.15ms
[2026-06-17T10:06:41.428+0800][21.079s][info][gc,phases   ] GC(718)   Merge Heap Roots: 0.07ms
[2026-06-17T10:06:41.429+0800][21.079s][info][gc,phases   ] GC(718)   Evacuate Collection Set: 0.40ms
[2026-06-17T10:06:41.429+0800][21.079s][info][gc,phases   ] GC(718)   Post Evacuate Collection Set: 0.20ms
[2026-06-17T10:06:41.429+0800][21.080s][info][gc,phases   ] GC(718)   Other: 0.20ms
[2026-06-17T10:06:41.429+0800][21.080s][info][gc,heap     ] GC(718) Eden regions: 10->0(11)
[2026-06-17T10:06:41.429+0800][21.080s][info][gc,heap     ] GC(718) Survivor regions: 2->2(2)
[2026-06-17T10:06:41.429+0800][21.080s][info][gc,heap     ] GC(718) Old regions: 22->25
[2026-06-17T10:06:41.430+0800][21.080s][info][gc,heap     ] GC(718) Humongous regions: 12->12
[2026-06-17T10:06:41.430+0800][21.080s][info][gc,metaspace] GC(718) Metaspace: 116K(320K)->116K(320K) NonClass: 109K(192K)->109K(192K) Class: 7K(128K)->7K(128K)
[2026-06-17T10:06:41.430+0800][21.080s][info][gc          ] GC(718) Pause Young (Prepare Mixed) (G1 Evacuation Pause) 45M->38M(64M) 2.820ms
[2026-06-17T10:06:41.430+0800][21.080s][info][gc,cpu      ] GC(718) User=0.00s Sys=0.00s Real=0.00s
[2026-06-17T10:06:41.461+0800][21.112s][info][gc,start    ] GC(719) Pause Young (Mixed) (G1 Evacuation Pause)
[2026-06-17T10:06:41.462+0800][21.112s][info][gc,task     ] GC(719) Using 2 workers of 18 for evacuation
[2026-06-17T10:06:41.463+0800][21.113s][info][gc,phases   ] GC(719)   Pre Evacuate Collection Set: 0.14ms
[2026-06-17T10:06:41.463+0800][21.113s][info][gc,phases   ] GC(719)   Merge Heap Roots: 0.04ms
[2026-06-17T10:06:41.463+0800][21.114s][info][gc,phases   ] GC(719)   Evacuate Collection Set: 0.41ms
[2026-06-17T10:06:41.463+0800][21.114s][info][gc,phases   ] GC(719)   Post Evacuate Collection Set: 0.19ms
[2026-06-17T10:06:41.463+0800][21.114s][info][gc,phases   ] GC(719)   Other: 0.29ms
[2026-06-17T10:06:41.463+0800][21.114s][info][gc,heap     ] GC(719) Eden regions: 11->0(12)
[2026-06-17T10:06:41.463+0800][21.114s][info][gc,heap     ] GC(719) Survivor regions: 2->2(2)
[2026-06-17T10:06:41.463+0800][21.114s][info][gc,heap     ] GC(719) Old regions: 25->25
[2026-06-17T10:06:41.463+0800][21.114s][info][gc,heap     ] GC(719) Humongous regions: 12->12
[2026-06-17T10:06:41.463+0800][21.114s][info][gc,metaspace] GC(719) Metaspace: 116K(320K)->116K(320K) NonClass: 109K(192K)->109K(192K) Class: 7K(128K)->7K(128K)
[2026-06-17T10:06:41.464+0800][21.114s][info][gc          ] GC(719) Pause Young (Mixed) (G1 Evacuation Pause) 49M->38M(64M) 2.444ms
[2026-06-17T10:06:41.464+0800][21.114s][info][gc,cpu      ] GC(719) User=0.01s Sys=0.00s Real=0.01s
[2026-06-17T10:06:41.485+0800][21.135s][info][gc,start    ] GC(720) Pause Young (Concurrent Start) (G1 Evacuation Pause)
[2026-06-17T10:06:41.485+0800][21.136s][info][gc,task     ] GC(720) Using 2 workers of 18 for evacuation
[2026-06-17T10:06:41.486+0800][21.137s][info][gc,phases   ] GC(720)   Pre Evacuate Collection Set: 0.27ms
[2026-06-17T10:06:41.487+0800][21.137s][info][gc,phases   ] GC(720)   Merge Heap Roots: 0.04ms
[2026-06-17T10:06:41.487+0800][21.137s][info][gc,phases   ] GC(720)   Evacuate Collection Set: 0.29ms
[2026-06-17T10:06:41.487+0800][21.137s][info][gc,phases   ] GC(720)   Post Evacuate Collection Set: 0.16ms
[2026-06-17T10:06:41.487+0800][21.138s][info][gc,phases   ] GC(720)   Other: 0.26ms
[2026-06-17T10:06:41.487+0800][21.138s][info][gc,heap     ] GC(720) Eden regions: 12->0(12)
[2026-06-17T10:06:41.487+0800][21.138s][info][gc,heap     ] GC(720) Survivor regions: 2->2(2)
[2026-06-17T10:06:41.487+0800][21.138s][info][gc,heap     ] GC(720) Old regions: 25->27
[2026-06-17T10:06:41.488+0800][21.138s][info][gc,heap     ] GC(720) Humongous regions: 12->12
[2026-06-17T10:06:41.488+0800][21.138s][info][gc,metaspace] GC(720) Metaspace: 116K(320K)->116K(320K) NonClass: 109K(192K)->109K(192K) Class: 7K(128K)->7K(128K)
[2026-06-17T10:06:41.488+0800][21.138s][info][gc          ] GC(720) Pause Young (Concurrent Start) (G1 Evacuation Pause) 50M->40M(64M) 2.959ms
[2026-06-17T10:06:41.488+0800][21.138s][info][gc,cpu      ] GC(720) User=0.00s Sys=0.00s Real=0.00s
[2026-06-17T10:06:41.488+0800][21.138s][info][gc          ] GC(721) Concurrent Mark Cycle
[2026-06-17T10:06:41.488+0800][21.139s][info][gc,marking  ] GC(721) Concurrent Scan Root Regions
[2026-06-17T10:06:41.488+0800][21.139s][info][gc,marking  ] GC(721) Concurrent Scan Root Regions 0.161ms
[2026-06-17T10:06:41.488+0800][21.139s][info][gc,marking  ] GC(721) Concurrent Mark
[2026-06-17T10:06:41.489+0800][21.139s][info][gc,marking  ] GC(721) Concurrent Mark From Roots
[2026-06-17T10:06:41.489+0800][21.139s][info][gc,task     ] GC(721) Using 5 workers of 5 for marking
[2026-06-17T10:06:41.490+0800][21.140s][info][gc,marking  ] GC(721) Concurrent Mark From Roots 1.226ms
[2026-06-17T10:06:41.490+0800][21.140s][info][gc,marking  ] GC(721) Concurrent Preclean
[2026-06-17T10:06:41.490+0800][21.141s][info][gc,marking  ] GC(721) Concurrent Preclean 0.151ms
[2026-06-17T10:06:41.490+0800][21.141s][info][gc,start    ] GC(721) Pause Remark
[2026-06-17T10:06:41.491+0800][21.141s][info][gc          ] GC(721) Pause Remark 40M->40M(64M) 0.449ms
[2026-06-17T10:06:41.491+0800][21.141s][info][gc,cpu      ] GC(721) User=0.00s Sys=0.00s Real=0.01s
[2026-06-17T10:06:41.491+0800][21.142s][info][gc,marking  ] GC(721) Concurrent Mark 2.518ms
[2026-06-17T10:06:41.491+0800][21.142s][info][gc,marking  ] GC(721) Concurrent Rebuild Remembered Sets and Scrub Regions
[2026-06-17T10:06:41.492+0800][21.142s][info][gc,marking  ] GC(721) Concurrent Rebuild Remembered Sets and Scrub Regions 0.438ms
[2026-06-17T10:06:41.492+0800][21.142s][info][gc,start    ] GC(721) Pause Cleanup
[2026-06-17T10:06:41.492+0800][21.142s][info][gc          ] GC(721) Pause Cleanup 40M->40M(64M) 0.083ms
[2026-06-17T10:06:41.492+0800][21.142s][info][gc,cpu      ] GC(721) User=0.00s Sys=0.00s Real=0.00s
[2026-06-17T10:06:41.492+0800][21.143s][info][gc,marking  ] GC(721) Concurrent Clear Claimed Marks
[2026-06-17T10:06:41.492+0800][21.143s][info][gc,marking  ] GC(721) Concurrent Clear Claimed Marks 0.099ms
[2026-06-17T10:06:41.492+0800][21.143s][info][gc,marking  ] GC(721) Concurrent Cleanup for Next Mark
[2026-06-17T10:06:41.492+0800][21.143s][info][gc,marking  ] GC(721) Concurrent Cleanup for Next Mark 0.178ms
[2026-06-17T10:06:41.492+0800][21.143s][info][gc          ] GC(721) Concurrent Mark Cycle 4.466ms
[2026-06-17T10:06:41.520+0800][21.170s][info][gc,start    ] GC(722) Pause Young (Prepare Mixed) (G1 Evacuation Pause)
[2026-06-17T10:06:41.520+0800][21.171s][info][gc,task     ] GC(722) Using 2 workers of 18 for evacuation
[2026-06-17T10:06:41.521+0800][21.172s][info][gc,phases   ] GC(722)   Pre Evacuate Collection Set: 0.16ms
[2026-06-17T10:06:41.521+0800][21.172s][info][gc,phases   ] GC(722)   Merge Heap Roots: 0.06ms
[2026-06-17T10:06:41.521+0800][21.172s][info][gc,phases   ] GC(722)   Evacuate Collection Set: 0.28ms
[2026-06-17T10:06:41.522+0800][21.172s][info][gc,phases   ] GC(722)   Post Evacuate Collection Set: 0.17ms
[2026-06-17T10:06:41.522+0800][21.172s][info][gc,phases   ] GC(722)   Other: 0.30ms
[2026-06-17T10:06:41.522+0800][21.172s][info][gc,heap     ] GC(722) Eden regions: 12->0(12)
[2026-06-17T10:06:41.522+0800][21.172s][info][gc,heap     ] GC(722) Survivor regions: 2->2(2)
[2026-06-17T10:06:41.522+0800][21.173s][info][gc,heap     ] GC(722) Old regions: 27->29
[2026-06-17T10:06:41.522+0800][21.173s][info][gc,heap     ] GC(722) Humongous regions: 12->12
[2026-06-17T10:06:41.522+0800][21.173s][info][gc,metaspace] GC(722) Metaspace: 116K(320K)->116K(320K) NonClass: 109K(192K)->109K(192K) Class: 7K(128K)->7K(128K)
[2026-06-17T10:06:41.522+0800][21.173s][info][gc          ] GC(722) Pause Young (Prepare Mixed) (G1 Evacuation Pause) 52M->42M(64M) 2.580ms
[2026-06-17T10:06:41.522+0800][21.173s][info][gc,cpu      ] GC(722) User=0.00s Sys=0.00s Real=0.00s
[2026-06-17T10:06:41.554+0800][21.205s][info][gc,start    ] GC(723) Pause Young (Mixed) (G1 Evacuation Pause)
[2026-06-17T10:06:41.554+0800][21.205s][info][gc,task     ] GC(723) Using 2 workers of 18 for evacuation
[2026-06-17T10:06:41.556+0800][21.206s][info][gc,phases   ] GC(723)   Pre Evacuate Collection Set: 0.15ms
[2026-06-17T10:06:41.556+0800][21.207s][info][gc,phases   ] GC(723)   Merge Heap Roots: 0.05ms
[2026-06-17T10:06:41.556+0800][21.207s][info][gc,phases   ] GC(723)   Evacuate Collection Set: 0.39ms
[2026-06-17T10:06:41.557+0800][21.207s][info][gc,phases   ] GC(723)   Post Evacuate Collection Set: 0.21ms
[2026-06-17T10:06:41.557+0800][21.207s][info][gc,phases   ] GC(723)   Other: 0.39ms
[2026-06-17T10:06:41.557+0800][21.208s][info][gc,heap     ] GC(723) Eden regions: 12->0(11)
[2026-06-17T10:06:41.557+0800][21.208s][info][gc,heap     ] GC(723) Survivor regions: 2->2(2)
[2026-06-17T10:06:41.557+0800][21.208s][info][gc,heap     ] GC(723) Old regions: 29->30
[2026-06-17T10:06:41.557+0800][21.208s][info][gc,heap     ] GC(723) Humongous regions: 12->12
[2026-06-17T10:06:41.558+0800][21.208s][info][gc,metaspace] GC(723) Metaspace: 116K(320K)->116K(320K) NonClass: 109K(192K)->109K(192K) Class: 7K(128K)->7K(128K)
[2026-06-17T10:06:41.558+0800][21.208s][info][gc          ] GC(723) Pause Young (Mixed) (G1 Evacuation Pause) 54M->43M(64M) 3.706ms
[2026-06-17T10:06:41.558+0800][21.208s][info][gc,cpu      ] GC(723) User=0.00s Sys=0.00s Real=0.00s
[2026-06-17T10:06:41.589+0800][21.240s][info][gc,start    ] GC(724) Pause Young (Concurrent Start) (G1 Evacuation Pause)
[2026-06-17T10:06:41.590+0800][21.240s][info][gc,task     ] GC(724) Using 2 workers of 18 for evacuation
[2026-06-17T10:06:41.591+0800][21.241s][info][gc,phases   ] GC(724)   Pre Evacuate Collection Set: 0.22ms
[2026-06-17T10:06:41.591+0800][21.242s][info][gc,phases   ] GC(724)   Merge Heap Roots: 0.03ms
[2026-06-17T10:06:41.591+0800][21.242s][info][gc,phases   ] GC(724)   Evacuate Collection Set: 0.45ms
[2026-06-17T10:06:41.592+0800][21.242s][info][gc,phases   ] GC(724)   Post Evacuate Collection Set: 0.17ms
[2026-06-17T10:06:41.592+0800][21.242s][info][gc,phases   ] GC(724)   Other: 0.25ms
[2026-06-17T10:06:41.592+0800][21.242s][info][gc,heap     ] GC(724) Eden regions: 11->0(9)
[2026-06-17T10:06:41.592+0800][21.242s][info][gc,heap     ] GC(724) Survivor regions: 2->2(2)
[2026-06-17T10:06:41.592+0800][21.243s][info][gc,heap     ] GC(724) Old regions: 30->34
[2026-06-17T10:06:41.592+0800][21.243s][info][gc,heap     ] GC(724) Humongous regions: 12->12
[2026-06-17T10:06:41.593+0800][21.243s][info][gc,metaspace] GC(724) Metaspace: 116K(320K)->116K(320K) NonClass: 109K(192K)->109K(192K) Class: 7K(128K)->7K(128K)
[2026-06-17T10:06:41.593+0800][21.243s][info][gc          ] GC(724) Pause Young (Concurrent Start) (G1 Evacuation Pause) 54M->47M(64M) 3.343ms
[2026-06-17T10:06:41.593+0800][21.244s][info][gc,cpu      ] GC(724) User=0.01s Sys=0.00s Real=0.01s
[2026-06-17T10:06:41.593+0800][21.244s][info][gc          ] GC(725) Concurrent Mark Cycle
[2026-06-17T10:06:41.593+0800][21.244s][info][gc,marking  ] GC(725) Concurrent Scan Root Regions
[2026-06-17T10:06:41.593+0800][21.244s][info][gc,marking  ] GC(725) Concurrent Scan Root Regions 0.167ms
[2026-06-17T10:06:41.593+0800][21.244s][info][gc,marking  ] GC(725) Concurrent Mark
[2026-06-17T10:06:41.594+0800][21.244s][info][gc,marking  ] GC(725) Concurrent Mark From Roots
[2026-06-17T10:06:41.594+0800][21.244s][info][gc,task     ] GC(725) Using 5 workers of 5 for marking
[2026-06-17T10:06:41.595+0800][21.245s][info][gc,marking  ] GC(725) Concurrent Mark From Roots 1.204ms
[2026-06-17T10:06:41.595+0800][21.245s][info][gc,marking  ] GC(725) Concurrent Preclean
[2026-06-17T10:06:41.595+0800][21.246s][info][gc,marking  ] GC(725) Concurrent Preclean 0.144ms
[2026-06-17T10:06:41.595+0800][21.246s][info][gc,start    ] GC(725) Pause Remark
[2026-06-17T10:06:41.596+0800][21.246s][info][gc          ] GC(725) Pause Remark 51M->45M(64M) 0.405ms
[2026-06-17T10:06:41.596+0800][21.246s][info][gc,cpu      ] GC(725) User=0.00s Sys=0.00s Real=0.00s
[2026-06-17T10:06:41.596+0800][21.246s][info][gc,marking  ] GC(725) Concurrent Mark 2.456ms
[2026-06-17T10:06:41.596+0800][21.247s][info][gc,marking  ] GC(725) Concurrent Rebuild Remembered Sets and Scrub Regions
[2026-06-17T10:06:41.596+0800][21.247s][info][gc,marking  ] GC(725) Concurrent Rebuild Remembered Sets and Scrub Regions 0.503ms
[2026-06-17T10:06:41.597+0800][21.247s][info][gc,start    ] GC(725) Pause Cleanup
[2026-06-17T10:06:41.597+0800][21.247s][info][gc          ] GC(725) Pause Cleanup 45M->45M(64M) 0.182ms
[2026-06-17T10:06:41.597+0800][21.247s][info][gc,cpu      ] GC(725) User=0.00s Sys=0.00s Real=0.00s
[2026-06-17T10:06:41.597+0800][21.248s][info][gc,marking  ] GC(725) Concurrent Clear Claimed Marks
[2026-06-17T10:06:41.597+0800][21.248s][info][gc,marking  ] GC(725) Concurrent Clear Claimed Marks 0.078ms
[2026-06-17T10:06:41.597+0800][21.248s][info][gc,marking  ] GC(725) Concurrent Cleanup for Next Mark
[2026-06-17T10:06:41.597+0800][21.248s][info][gc,marking  ] GC(725) Concurrent Cleanup for Next Mark 0.142ms
[2026-06-17T10:06:41.597+0800][21.248s][info][gc          ] GC(725) Concurrent Mark Cycle 4.472ms
[2026-06-17T10:06:41.614+0800][21.265s][info][gc,start    ] GC(726) Pause Young (Prepare Mixed) (G1 Evacuation Pause)
[2026-06-17T10:06:41.615+0800][21.265s][info][gc,task     ] GC(726) Using 2 workers of 18 for evacuation
[2026-06-17T10:06:41.616+0800][21.266s][info][gc,phases   ] GC(726)   Pre Evacuate Collection Set: 0.10ms
[2026-06-17T10:06:41.616+0800][21.266s][info][gc,phases   ] GC(726)   Merge Heap Roots: 0.04ms
[2026-06-17T10:06:41.616+0800][21.266s][info][gc,phases   ] GC(726)   Evacuate Collection Set: 0.41ms
[2026-06-17T10:06:41.616+0800][21.267s][info][gc,phases   ] GC(726)   Post Evacuate Collection Set: 0.15ms
[2026-06-17T10:06:41.617+0800][21.267s][info][gc,phases   ] GC(726)   Other: 0.24ms
[2026-06-17T10:06:41.617+0800][21.268s][info][gc,heap     ] GC(726) Eden regions: 9->0(7)
[2026-06-17T10:06:41.617+0800][21.268s][info][gc,heap     ] GC(726) Survivor regions: 2->2(2)
[2026-06-17T10:06:41.617+0800][21.268s][info][gc,heap     ] GC(726) Old regions: 28->33
[2026-06-17T10:06:41.618+0800][21.268s][info][gc,heap     ] GC(726) Humongous regions: 14->14
[2026-06-17T10:06:41.618+0800][21.268s][info][gc,metaspace] GC(726) Metaspace: 116K(320K)->116K(320K) NonClass: 109K(192K)->109K(192K) Class: 7K(128K)->7K(128K)
[2026-06-17T10:06:41.618+0800][21.269s][info][gc          ] GC(726) Pause Young (Prepare Mixed) (G1 Evacuation Pause) 52M->48M(64M) 3.769ms
[2026-06-17T10:06:41.618+0800][21.269s][info][gc,cpu      ] GC(726) User=0.00s Sys=0.00s Real=0.00s
[2026-06-17T10:06:41.640+0800][21.290s][info][gc,start    ] GC(727) Pause Young (Mixed) (G1 Evacuation Pause)
[2026-06-17T10:06:41.640+0800][21.291s][info][gc,task     ] GC(727) Using 2 workers of 18 for evacuation
[2026-06-17T10:06:41.641+0800][21.292s][info][gc,phases   ] GC(727)   Pre Evacuate Collection Set: 0.15ms
[2026-06-17T10:06:41.642+0800][21.292s][info][gc,phases   ] GC(727)   Merge Heap Roots: 0.09ms
[2026-06-17T10:06:41.642+0800][21.293s][info][gc,phases   ] GC(727)   Evacuate Collection Set: 0.67ms
[2026-06-17T10:06:41.642+0800][21.293s][info][gc,phases   ] GC(727)   Post Evacuate Collection Set: 0.25ms
[2026-06-17T10:06:41.642+0800][21.293s][info][gc,phases   ] GC(727)   Other: 0.28ms
[2026-06-17T10:06:41.643+0800][21.293s][info][gc,heap     ] GC(727) Eden regions: 7->0(8)
[2026-06-17T10:06:41.643+0800][21.293s][info][gc,heap     ] GC(727) Survivor regions: 2->2(2)
[2026-06-17T10:06:41.643+0800][21.293s][info][gc,heap     ] GC(727) Old regions: 33->30
[2026-06-17T10:06:41.643+0800][21.294s][info][gc,heap     ] GC(727) Humongous regions: 14->14
[2026-06-17T10:06:41.643+0800][21.294s][info][gc,metaspace] GC(727) Metaspace: 116K(320K)->116K(320K) NonClass: 109K(192K)->109K(192K) Class: 7K(128K)->7K(128K)
[2026-06-17T10:06:41.643+0800][21.294s][info][gc          ] GC(727) Pause Young (Mixed) (G1 Evacuation Pause) 55M->45M(64M) 3.861ms
[2026-06-17T10:06:41.644+0800][21.294s][info][gc,cpu      ] GC(727) User=0.00s Sys=0.00s Real=0.01s
[2026-06-17T10:06:41.665+0800][21.315s][info][gc,start    ] GC(728) Pause Young (Concurrent Start) (G1 Evacuation Pause)
[2026-06-17T10:06:41.665+0800][21.316s][info][gc,task     ] GC(728) Using 2 workers of 18 for evacuation
[2026-06-17T10:06:41.668+0800][21.319s][info][gc,phases   ] GC(728)   Pre Evacuate Collection Set: 0.27ms
[2026-06-17T10:06:41.668+0800][21.319s][info][gc,phases   ] GC(728)   Merge Heap Roots: 0.13ms
[2026-06-17T10:06:41.669+0800][21.319s][info][gc,phases   ] GC(728)   Evacuate Collection Set: 0.33ms
[2026-06-17T10:06:41.669+0800][21.319s][info][gc,phases   ] GC(728)   Post Evacuate Collection Set: 0.18ms
[2026-06-17T10:06:41.669+0800][21.320s][info][gc,phases   ] GC(728)   Other: 1.86ms
[2026-06-17T10:06:41.669+0800][21.320s][info][gc,heap     ] GC(728) Eden regions: 8->0(8)
[2026-06-17T10:06:41.669+0800][21.320s][info][gc,heap     ] GC(728) Survivor regions: 2->2(2)
[2026-06-17T10:06:41.670+0800][21.320s][info][gc,heap     ] GC(728) Old regions: 30->31
[2026-06-17T10:06:41.670+0800][21.320s][info][gc,heap     ] GC(728) Humongous regions: 14->14
[2026-06-17T10:06:41.670+0800][21.320s][info][gc,metaspace] GC(728) Metaspace: 116K(320K)->116K(320K) NonClass: 109K(192K)->109K(192K) Class: 7K(128K)->7K(128K)
[2026-06-17T10:06:41.670+0800][21.321s][info][gc          ] GC(728) Pause Young (Concurrent Start) (G1 Evacuation Pause) 53M->46M(64M) 5.423ms
[2026-06-17T10:06:41.670+0800][21.321s][info][gc,cpu      ] GC(728) User=0.00s Sys=0.00s Real=0.00s
[2026-06-17T10:06:41.670+0800][21.321s][info][gc          ] GC(729) Concurrent Mark Cycle
[2026-06-17T10:06:41.671+0800][21.321s][info][gc,marking  ] GC(729) Concurrent Scan Root Regions
[2026-06-17T10:06:41.671+0800][21.321s][info][gc,marking  ] GC(729) Concurrent Scan Root Regions 0.154ms
[2026-06-17T10:06:41.671+0800][21.321s][info][gc,marking  ] GC(729) Concurrent Mark
[2026-06-17T10:06:41.671+0800][21.322s][info][gc,marking  ] GC(729) Concurrent Mark From Roots
[2026-06-17T10:06:41.671+0800][21.322s][info][gc,task     ] GC(729) Using 5 workers of 5 for marking
[2026-06-17T10:06:41.672+0800][21.323s][info][gc,marking  ] GC(729) Concurrent Mark From Roots 1.183ms
[2026-06-17T10:06:41.672+0800][21.323s][info][gc,marking  ] GC(729) Concurrent Preclean
[2026-06-17T10:06:41.673+0800][21.323s][info][gc,marking  ] GC(729) Concurrent Preclean 0.157ms
[2026-06-17T10:06:41.673+0800][21.323s][info][gc,start    ] GC(729) Pause Remark
[2026-06-17T10:06:41.673+0800][21.324s][info][gc          ] GC(729) Pause Remark 49M->47M(64M) 0.510ms
[2026-06-17T10:06:41.673+0800][21.324s][info][gc,cpu      ] GC(729) User=0.00s Sys=0.00s Real=0.00s
[2026-06-17T10:06:41.674+0800][21.324s][info][gc,marking  ] GC(729) Concurrent Mark 2.609ms
[2026-06-17T10:06:41.674+0800][21.324s][info][gc,marking  ] GC(729) Concurrent Rebuild Remembered Sets and Scrub Regions
[2026-06-17T10:06:41.674+0800][21.325s][info][gc,marking  ] GC(729) Concurrent Rebuild Remembered Sets and Scrub Regions 0.497ms
[2026-06-17T10:06:41.674+0800][21.325s][info][gc,start    ] GC(729) Pause Cleanup
[2026-06-17T10:06:41.675+0800][21.325s][info][gc          ] GC(729) Pause Cleanup 47M->47M(64M) 0.137ms
[2026-06-17T10:06:41.675+0800][21.325s][info][gc,cpu      ] GC(729) User=0.00s Sys=0.00s Real=0.00s
[2026-06-17T10:06:41.675+0800][21.325s][info][gc,marking  ] GC(729) Concurrent Clear Claimed Marks
[2026-06-17T10:06:41.675+0800][21.325s][info][gc,marking  ] GC(729) Concurrent Clear Claimed Marks 0.130ms
[2026-06-17T10:06:41.675+0800][21.326s][info][gc,marking  ] GC(729) Concurrent Cleanup for Next Mark
[2026-06-17T10:06:41.675+0800][21.326s][info][gc,marking  ] GC(729) Concurrent Cleanup for Next Mark 0.239ms
[2026-06-17T10:06:41.675+0800][21.326s][info][gc          ] GC(729) Concurrent Mark Cycle 5.097ms
[2026-06-17T10:06:41.691+0800][21.342s][info][gc,start    ] GC(730) Pause Young (Prepare Mixed) (G1 Evacuation Pause)
[2026-06-17T10:06:41.692+0800][21.342s][info][gc,task     ] GC(730) Using 2 workers of 18 for evacuation
[2026-06-17T10:06:41.693+0800][21.343s][info][gc,phases   ] GC(730)   Pre Evacuate Collection Set: 0.17ms
[2026-06-17T10:06:41.693+0800][21.344s][info][gc,phases   ] GC(730)   Merge Heap Roots: 0.05ms
[2026-06-17T10:06:41.693+0800][21.344s][info][gc,phases   ] GC(730)   Evacuate Collection Set: 0.33ms
[2026-06-17T10:06:41.693+0800][21.344s][info][gc,phases   ] GC(730)   Post Evacuate Collection Set: 0.17ms
[2026-06-17T10:06:41.694+0800][21.344s][info][gc,phases   ] GC(730)   Other: 0.26ms
[2026-06-17T10:06:41.694+0800][21.344s][info][gc,heap     ] GC(730) Eden regions: 8->0(7)
[2026-06-17T10:06:41.694+0800][21.344s][info][gc,heap     ] GC(730) Survivor regions: 2->2(2)
[2026-06-17T10:06:41.694+0800][21.345s][info][gc,heap     ] GC(730) Old regions: 29->32
[2026-06-17T10:06:41.694+0800][21.345s][info][gc,heap     ] GC(730) Humongous regions: 14->14
[2026-06-17T10:06:41.694+0800][21.345s][info][gc,metaspace] GC(730) Metaspace: 116K(320K)->116K(320K) NonClass: 109K(192K)->109K(192K) Class: 7K(128K)->7K(128K)
[2026-06-17T10:06:41.695+0800][21.345s][info][gc          ] GC(730) Pause Young (Prepare Mixed) (G1 Evacuation Pause) 52M->47M(64M) 3.164ms
[2026-06-17T10:06:41.695+0800][21.345s][info][gc,cpu      ] GC(730) User=0.00s Sys=0.00s Real=0.00s
[2026-06-17T10:06:41.716+0800][21.366s][info][gc,start    ] GC(731) Pause Young (Mixed) (G1 Evacuation Pause)
[2026-06-17T10:06:41.716+0800][21.367s][info][gc,task     ] GC(731) Using 2 workers of 18 for evacuation
[2026-06-17T10:06:41.717+0800][21.368s][info][gc,phases   ] GC(731)   Pre Evacuate Collection Set: 0.16ms
[2026-06-17T10:06:41.717+0800][21.368s][info][gc,phases   ] GC(731)   Merge Heap Roots: 0.05ms
[2026-06-17T10:06:41.718+0800][21.368s][info][gc,phases   ] GC(731)   Evacuate Collection Set: 0.46ms
[2026-06-17T10:06:41.718+0800][21.368s][info][gc,phases   ] GC(731)   Post Evacuate Collection Set: 0.15ms
[2026-06-17T10:06:41.718+0800][21.369s][info][gc,phases   ] GC(731)   Other: 0.27ms
[2026-06-17T10:06:41.718+0800][21.369s][info][gc,heap     ] GC(731) Eden regions: 7->0(9)
[2026-06-17T10:06:41.718+0800][21.369s][info][gc,heap     ] GC(731) Survivor regions: 2->2(2)
[2026-06-17T10:06:41.718+0800][21.369s][info][gc,heap     ] GC(731) Old regions: 32->29
[2026-06-17T10:06:41.719+0800][21.369s][info][gc,heap     ] GC(731) Humongous regions: 14->14
[2026-06-17T10:06:41.719+0800][21.369s][info][gc,metaspace] GC(731) Metaspace: 116K(320K)->116K(320K) NonClass: 109K(192K)->109K(192K) Class: 7K(128K)->7K(128K)
[2026-06-17T10:06:41.719+0800][21.370s][info][gc          ] GC(731) Pause Young (Mixed) (G1 Evacuation Pause) 54M->44M(64M) 3.190ms
[2026-06-17T10:06:41.719+0800][21.370s][info][gc,cpu      ] GC(731) User=0.00s Sys=0.00s Real=0.00s
[2026-06-17T10:06:41.740+0800][21.391s][info][gc,start    ] GC(732) Pause Young (Concurrent Start) (G1 Evacuation Pause)
[2026-06-17T10:06:41.741+0800][21.391s][info][gc,task     ] GC(732) Using 2 workers of 18 for evacuation
[2026-06-17T10:06:41.742+0800][21.393s][info][gc,phases   ] GC(732)   Pre Evacuate Collection Set: 0.19ms
[2026-06-17T10:06:41.742+0800][21.393s][info][gc,phases   ] GC(732)   Merge Heap Roots: 0.05ms
[2026-06-17T10:06:41.743+0800][21.393s][info][gc,phases   ] GC(732)   Evacuate Collection Set: 0.54ms
[2026-06-17T10:06:41.743+0800][21.393s][info][gc,phases   ] GC(732)   Post Evacuate Collection Set: 0.23ms
[2026-06-17T10:06:41.743+0800][21.394s][info][gc,phases   ] GC(732)   Other: 0.40ms
[2026-06-17T10:06:41.743+0800][21.394s][info][gc,heap     ] GC(732) Eden regions: 9->0(6)
[2026-06-17T10:06:41.743+0800][21.394s][info][gc,heap     ] GC(732) Survivor regions: 2->2(2)
[2026-06-17T10:06:41.744+0800][21.394s][info][gc,heap     ] GC(732) Old regions: 29->35
[2026-06-17T10:06:41.744+0800][21.394s][info][gc,heap     ] GC(732) Humongous regions: 14->14
[2026-06-17T10:06:41.744+0800][21.395s][info][gc,metaspace] GC(732) Metaspace: 116K(320K)->116K(320K) NonClass: 109K(192K)->109K(192K) Class: 7K(128K)->7K(128K)
[2026-06-17T10:06:41.745+0800][21.395s][info][gc          ] GC(732) Pause Young (Concurrent Start) (G1 Evacuation Pause) 53M->50M(64M) 4.453ms
[2026-06-17T10:06:41.745+0800][21.396s][info][gc,cpu      ] GC(732) User=0.00s Sys=0.00s Real=0.01s
[2026-06-17T10:06:41.745+0800][21.396s][info][gc          ] GC(733) Concurrent Mark Cycle
[2026-06-17T10:06:41.746+0800][21.396s][info][gc,marking  ] GC(733) Concurrent Scan Root Regions
[2026-06-17T10:06:41.746+0800][21.396s][info][gc,marking  ] GC(733) Concurrent Scan Root Regions 0.308ms
[2026-06-17T10:06:41.746+0800][21.397s][info][gc,marking  ] GC(733) Concurrent Mark
[2026-06-17T10:06:41.746+0800][21.397s][info][gc,marking  ] GC(733) Concurrent Mark From Roots
[2026-06-17T10:06:41.746+0800][21.397s][info][gc,task     ] GC(733) Using 5 workers of 5 for marking
[2026-06-17T10:06:41.747+0800][21.398s][info][gc,marking  ] GC(733) Concurrent Mark From Roots 1.150ms
[2026-06-17T10:06:41.747+0800][21.398s][info][gc,marking  ] GC(733) Concurrent Preclean
[2026-06-17T10:06:41.748+0800][21.398s][info][gc,marking  ] GC(733) Concurrent Preclean 0.153ms
[2026-06-17T10:06:41.748+0800][21.398s][info][gc,start    ] GC(733) Pause Remark
[2026-06-17T10:06:41.748+0800][21.399s][info][gc          ] GC(733) Pause Remark 52M->44M(64M) 0.384ms
[2026-06-17T10:06:41.748+0800][21.399s][info][gc,cpu      ] GC(733) User=0.00s Sys=0.00s Real=0.00s
[2026-06-17T10:06:41.748+0800][21.399s][info][gc,marking  ] GC(733) Concurrent Mark 2.277ms
[2026-06-17T10:06:41.748+0800][21.399s][info][gc,marking  ] GC(733) Concurrent Rebuild Remembered Sets and Scrub Regions
[2026-06-17T10:06:41.749+0800][21.399s][info][gc,marking  ] GC(733) Concurrent Rebuild Remembered Sets and Scrub Regions 0.492ms
[2026-06-17T10:06:41.749+0800][21.400s][info][gc,start    ] GC(733) Pause Cleanup
[2026-06-17T10:06:41.749+0800][21.400s][info][gc          ] GC(733) Pause Cleanup 44M->44M(64M) 0.129ms
[2026-06-17T10:06:41.749+0800][21.400s][info][gc,cpu      ] GC(733) User=0.00s Sys=0.00s Real=0.00s
[2026-06-17T10:06:41.749+0800][21.400s][info][gc,marking  ] GC(733) Concurrent Clear Claimed Marks
[2026-06-17T10:06:41.750+0800][21.400s][info][gc,marking  ] GC(733) Concurrent Clear Claimed Marks 0.144ms
[2026-06-17T10:06:41.750+0800][21.400s][info][gc,marking  ] GC(733) Concurrent Cleanup for Next Mark
[2026-06-17T10:06:41.752+0800][21.402s][info][gc,marking  ] GC(733) Concurrent Cleanup for Next Mark 1.975ms
[2026-06-17T10:06:41.752+0800][21.403s][info][gc          ] GC(733) Concurrent Mark Cycle 7.062ms
[2026-06-17T10:06:41.766+0800][21.417s][info][gc,start    ] GC(734) Pause Young (Prepare Mixed) (G1 Evacuation Pause)
[2026-06-17T10:06:41.767+0800][21.417s][info][gc,task     ] GC(734) Using 2 workers of 18 for evacuation
[2026-06-17T10:06:41.770+0800][21.420s][info][gc,phases   ] GC(734)   Pre Evacuate Collection Set: 0.11ms
[2026-06-17T10:06:41.773+0800][21.423s][info][gc,phases   ] GC(734)   Merge Heap Roots: 0.04ms
[2026-06-17T10:06:41.775+0800][21.425s][info][gc,phases   ] GC(734)   Evacuate Collection Set: 0.20ms
[2026-06-17T10:06:41.775+0800][21.426s][info][gc,phases   ] GC(734)   Post Evacuate Collection Set: 0.15ms
[2026-06-17T10:06:41.779+0800][21.429s][info][gc,phases   ] GC(734)   Other: 2.34ms
[2026-06-17T10:06:41.781+0800][21.431s][info][gc,heap     ] GC(734) Eden regions: 6->0(9)
[2026-06-17T10:06:41.785+0800][21.435s][info][gc,heap     ] GC(734) Survivor regions: 2->1(1)
[2026-06-17T10:06:41.787+0800][21.438s][info][gc,heap     ] GC(734) Old regions: 27->28
[2026-06-17T10:06:41.787+0800][21.438s][info][gc,heap     ] GC(734) Humongous regions: 14->14
[2026-06-17T10:06:41.789+0800][21.440s][info][gc,metaspace] GC(734) Metaspace: 116K(320K)->116K(320K) NonClass: 109K(192K)->109K(192K) Class: 7K(128K)->7K(128K)
[2026-06-17T10:06:41.791+0800][21.442s][info][gc          ] GC(734) Pause Young (Prepare Mixed) (G1 Evacuation Pause) 48M->42M(64M) 25.148ms
[2026-06-17T10:06:41.794+0800][21.444s][info][gc,cpu      ] GC(734) User=0.00s Sys=0.00s Real=0.03s
[2026-06-17T10:06:41.815+0800][21.466s][info][gc,start    ] GC(735) Pause Young (Mixed) (G1 Evacuation Pause)
[2026-06-17T10:06:41.816+0800][21.466s][info][gc,task     ] GC(735) Using 2 workers of 18 for evacuation
[2026-06-17T10:06:41.818+0800][21.468s][info][gc,phases   ] GC(735)   Pre Evacuate Collection Set: 0.25ms
[2026-06-17T10:06:41.818+0800][21.469s][info][gc,phases   ] GC(735)   Merge Heap Roots: 0.14ms
[2026-06-17T10:06:41.818+0800][21.469s][info][gc,phases   ] GC(735)   Evacuate Collection Set: 0.77ms
[2026-06-17T10:06:41.819+0800][21.469s][info][gc,phases   ] GC(735)   Post Evacuate Collection Set: 0.37ms
[2026-06-17T10:06:41.819+0800][21.469s][info][gc,phases   ] GC(735)   Other: 0.42ms
[2026-06-17T10:06:41.819+0800][21.469s][info][gc,heap     ] GC(735) Eden regions: 9->0(10)
[2026-06-17T10:06:41.819+0800][21.470s][info][gc,heap     ] GC(735) Survivor regions: 1->2(2)
[2026-06-17T10:06:41.819+0800][21.470s][info][gc,heap     ] GC(735) Old regions: 28->25
[2026-06-17T10:06:41.819+0800][21.470s][info][gc,heap     ] GC(735) Humongous regions: 14->14
[2026-06-17T10:06:41.819+0800][21.470s][info][gc,metaspace] GC(735) Metaspace: 116K(320K)->116K(320K) NonClass: 109K(192K)->109K(192K) Class: 7K(128K)->7K(128K)
[2026-06-17T10:06:41.820+0800][21.470s][info][gc          ] GC(735) Pause Young (Mixed) (G1 Evacuation Pause) 51M->40M(64M) 4.214ms
[2026-06-17T10:06:41.820+0800][21.470s][info][gc,cpu      ] GC(735) User=0.00s Sys=0.00s Real=0.00s
[2026-06-17T10:06:41.831+0800][21.481s][info][gc,start    ] GC(736) Pause Young (Concurrent Start) (G1 Humongous Allocation)
[2026-06-17T10:06:41.831+0800][21.481s][info][gc,task     ] GC(736) Using 2 workers of 18 for evacuation
[2026-06-17T10:06:41.832+0800][21.482s][info][gc,phases   ] GC(736)   Pre Evacuate Collection Set: 0.21ms
[2026-06-17T10:06:41.832+0800][21.482s][info][gc,phases   ] GC(736)   Merge Heap Roots: 0.05ms
[2026-06-17T10:06:41.832+0800][21.483s][info][gc,phases   ] GC(736)   Evacuate Collection Set: 0.18ms
[2026-06-17T10:06:41.832+0800][21.483s][info][gc,phases   ] GC(736)   Post Evacuate Collection Set: 0.22ms
[2026-06-17T10:06:41.832+0800][21.483s][info][gc,phases   ] GC(736)   Other: 0.20ms
[2026-06-17T10:06:41.832+0800][21.483s][info][gc,heap     ] GC(736) Eden regions: 7->0(11)
[2026-06-17T10:06:41.832+0800][21.483s][info][gc,heap     ] GC(736) Survivor regions: 2->1(2)
[2026-06-17T10:06:41.833+0800][21.483s][info][gc,heap     ] GC(736) Old regions: 25->26
[2026-06-17T10:06:41.833+0800][21.483s][info][gc,heap     ] GC(736) Humongous regions: 14->14
[2026-06-17T10:06:41.833+0800][21.483s][info][gc,metaspace] GC(736) Metaspace: 116K(320K)->116K(320K) NonClass: 109K(192K)->109K(192K) Class: 7K(128K)->7K(128K)
[2026-06-17T10:06:41.833+0800][21.483s][info][gc          ] GC(736) Pause Young (Concurrent Start) (G1 Humongous Allocation) 47M->40M(64M) 2.226ms
[2026-06-17T10:06:41.833+0800][21.483s][info][gc,cpu      ] GC(736) User=0.00s Sys=0.00s Real=0.00s
[2026-06-17T10:06:41.833+0800][21.483s][info][gc          ] GC(737) Concurrent Mark Cycle
[2026-06-17T10:06:41.833+0800][21.484s][info][gc,marking  ] GC(737) Concurrent Scan Root Regions
[2026-06-17T10:06:41.833+0800][21.484s][info][gc,marking  ] GC(737) Concurrent Scan Root Regions 0.208ms
[2026-06-17T10:06:41.833+0800][21.484s][info][gc,marking  ] GC(737) Concurrent Mark
[2026-06-17T10:06:41.834+0800][21.484s][info][gc,marking  ] GC(737) Concurrent Mark From Roots
[2026-06-17T10:06:41.834+0800][21.484s][info][gc,task     ] GC(737) Using 5 workers of 5 for marking
[2026-06-17T10:06:41.835+0800][21.485s][info][gc,marking  ] GC(737) Concurrent Mark From Roots 1.218ms
[2026-06-17T10:06:41.835+0800][21.486s][info][gc,marking  ] GC(737) Concurrent Preclean
[2026-06-17T10:06:41.835+0800][21.486s][info][gc,marking  ] GC(737) Concurrent Preclean 0.145ms
[2026-06-17T10:06:41.835+0800][21.486s][info][gc,start    ] GC(737) Pause Remark
[2026-06-17T10:06:41.836+0800][21.486s][info][gc          ] GC(737) Pause Remark 42M->39M(64M) 0.445ms
[2026-06-17T10:06:41.836+0800][21.487s][info][gc,cpu      ] GC(737) User=0.00s Sys=0.00s Real=0.00s
[2026-06-17T10:06:41.836+0800][21.487s][info][gc,marking  ] GC(737) Concurrent Mark 2.618ms
[2026-06-17T10:06:41.836+0800][21.487s][info][gc,marking  ] GC(737) Concurrent Rebuild Remembered Sets and Scrub Regions
[2026-06-17T10:06:41.837+0800][21.487s][info][gc,marking  ] GC(737) Concurrent Rebuild Remembered Sets and Scrub Regions 0.479ms
[2026-06-17T10:06:41.837+0800][21.487s][info][gc,start    ] GC(737) Pause Cleanup
[2026-06-17T10:06:41.837+0800][21.488s][info][gc          ] GC(737) Pause Cleanup 39M->39M(64M) 0.120ms
[2026-06-17T10:06:41.837+0800][21.488s][info][gc,cpu      ] GC(737) User=0.00s Sys=0.00s Real=0.00s
[2026-06-17T10:06:41.837+0800][21.488s][info][gc,marking  ] GC(737) Concurrent Clear Claimed Marks
[2026-06-17T10:06:41.837+0800][21.488s][info][gc,marking  ] GC(737) Concurrent Clear Claimed Marks 0.086ms
[2026-06-17T10:06:41.837+0800][21.488s][info][gc,marking  ] GC(737) Concurrent Cleanup for Next Mark
[2026-06-17T10:06:41.838+0800][21.488s][info][gc,marking  ] GC(737) Concurrent Cleanup for Next Mark 0.172ms
[2026-06-17T10:06:41.838+0800][21.488s][info][gc          ] GC(737) Concurrent Mark Cycle 4.753ms
[2026-06-17T10:06:41.865+0800][21.515s][info][gc,start    ] GC(738) Pause Young (Prepare Mixed) (G1 Evacuation Pause)
[2026-06-17T10:06:41.865+0800][21.516s][info][gc,task     ] GC(738) Using 2 workers of 18 for evacuation
[2026-06-17T10:06:41.866+0800][21.517s][info][gc,phases   ] GC(738)   Pre Evacuate Collection Set: 0.22ms
[2026-06-17T10:06:41.867+0800][21.517s][info][gc,phases   ] GC(738)   Merge Heap Roots: 0.09ms
[2026-06-17T10:06:41.867+0800][21.517s][info][gc,phases   ] GC(738)   Evacuate Collection Set: 0.36ms
[2026-06-17T10:06:41.867+0800][21.517s][info][gc,phases   ] GC(738)   Post Evacuate Collection Set: 0.18ms
[2026-06-17T10:06:41.867+0800][21.518s][info][gc,phases   ] GC(738)   Other: 0.24ms
[2026-06-17T10:06:41.868+0800][21.518s][info][gc,heap     ] GC(738) Eden regions: 11->0(9)
[2026-06-17T10:06:41.868+0800][21.518s][info][gc,heap     ] GC(738) Survivor regions: 1->2(2)
[2026-06-17T10:06:41.868+0800][21.519s][info][gc,heap     ] GC(738) Old regions: 23->27
[2026-06-17T10:06:41.868+0800][21.519s][info][gc,heap     ] GC(738) Humongous regions: 16->16
[2026-06-17T10:06:41.869+0800][21.519s][info][gc,metaspace] GC(738) Metaspace: 116K(320K)->116K(320K) NonClass: 109K(192K)->109K(192K) Class: 7K(128K)->7K(128K)
[2026-06-17T10:06:41.869+0800][21.519s][info][gc          ] GC(738) Pause Young (Prepare Mixed) (G1 Evacuation Pause) 50M->44M(64M) 4.287ms
[2026-06-17T10:06:41.869+0800][21.520s][info][gc,cpu      ] GC(738) User=0.00s Sys=0.00s Real=0.00s
[2026-06-17T10:06:41.890+0800][21.541s][info][gc,start    ] GC(739) Pause Young (Mixed) (G1 Evacuation Pause)
[2026-06-17T10:06:41.891+0800][21.542s][info][gc,task     ] GC(739) Using 2 workers of 18 for evacuation
[2026-06-17T10:06:41.894+0800][21.545s][info][gc,phases   ] GC(739)   Pre Evacuate Collection Set: 0.17ms
[2026-06-17T10:06:41.896+0800][21.546s][info][gc,phases   ] GC(739)   Merge Heap Roots: 0.07ms
[2026-06-17T10:06:41.896+0800][21.547s][info][gc,phases   ] GC(739)   Evacuate Collection Set: 0.44ms
[2026-06-17T10:06:41.897+0800][21.548s][info][gc,phases   ] GC(739)   Post Evacuate Collection Set: 0.20ms
[2026-06-17T10:06:41.898+0800][21.548s][info][gc,phases   ] GC(739)   Other: 2.45ms
[2026-06-17T10:06:41.898+0800][21.549s][info][gc,heap     ] GC(739) Eden regions: 9->0(7)
[2026-06-17T10:06:41.898+0800][21.549s][info][gc,heap     ] GC(739) Survivor regions: 2->2(2)
[2026-06-17T10:06:41.899+0800][21.549s][info][gc,heap     ] GC(739) Old regions: 27->29
[2026-06-17T10:06:41.899+0800][21.549s][info][gc,heap     ] GC(739) Humongous regions: 16->16
[2026-06-17T10:06:41.899+0800][21.550s][info][gc,metaspace] GC(739) Metaspace: 116K(320K)->116K(320K) NonClass: 109K(192K)->109K(192K) Class: 7K(128K)->7K(128K)
[2026-06-17T10:06:41.899+0800][21.550s][info][gc          ] GC(739) Pause Young (Mixed) (G1 Evacuation Pause) 53M->46M(64M) 8.704ms
[2026-06-17T10:06:41.899+0800][21.550s][info][gc,cpu      ] GC(739) User=0.00s Sys=0.00s Real=0.00s
[2026-06-17T10:06:41.920+0800][21.571s][info][gc,start    ] GC(740) Pause Young (Concurrent Start) (G1 Evacuation Pause)
[2026-06-17T10:06:41.921+0800][21.571s][info][gc,task     ] GC(740) Using 2 workers of 18 for evacuation
[2026-06-17T10:06:41.922+0800][21.573s][info][gc,phases   ] GC(740)   Pre Evacuate Collection Set: 0.25ms
[2026-06-17T10:06:41.922+0800][21.573s][info][gc,phases   ] GC(740)   Merge Heap Roots: 0.05ms
[2026-06-17T10:06:41.923+0800][21.573s][info][gc,phases   ] GC(740)   Evacuate Collection Set: 0.32ms
[2026-06-17T10:06:41.923+0800][21.573s][info][gc,phases   ] GC(740)   Post Evacuate Collection Set: 0.22ms
[2026-06-17T10:06:41.923+0800][21.574s][info][gc,phases   ] GC(740)   Other: 0.29ms
[2026-06-17T10:06:41.923+0800][21.574s][info][gc,heap     ] GC(740) Eden regions: 7->0(6)
[2026-06-17T10:06:41.924+0800][21.574s][info][gc,heap     ] GC(740) Survivor regions: 2->2(2)
[2026-06-17T10:06:41.924+0800][21.574s][info][gc,heap     ] GC(740) Old regions: 29->31
[2026-06-17T10:06:41.924+0800][21.574s][info][gc,heap     ] GC(740) Humongous regions: 16->16
[2026-06-17T10:06:41.924+0800][21.575s][info][gc,metaspace] GC(740) Metaspace: 116K(320K)->116K(320K) NonClass: 109K(192K)->109K(192K) Class: 7K(128K)->7K(128K)
[2026-06-17T10:06:41.924+0800][21.575s][info][gc          ] GC(740) Pause Young (Concurrent Start) (G1 Evacuation Pause) 53M->48M(64M) 3.692ms
[2026-06-17T10:06:41.924+0800][21.575s][info][gc,cpu      ] GC(740) User=0.00s Sys=0.00s Real=0.01s
[2026-06-17T10:06:41.924+0800][21.575s][info][gc          ] GC(741) Concurrent Mark Cycle
[2026-06-17T10:06:41.925+0800][21.575s][info][gc,marking  ] GC(741) Concurrent Scan Root Regions
[2026-06-17T10:06:41.925+0800][21.575s][info][gc,marking  ] GC(741) Concurrent Scan Root Regions 0.382ms
[2026-06-17T10:06:41.925+0800][21.576s][info][gc,marking  ] GC(741) Concurrent Mark
[2026-06-17T10:06:41.925+0800][21.576s][info][gc,marking  ] GC(741) Concurrent Mark From Roots
[2026-06-17T10:06:41.925+0800][21.576s][info][gc,task     ] GC(741) Using 5 workers of 5 for marking
[2026-06-17T10:06:41.926+0800][21.577s][info][gc,marking  ] GC(741) Concurrent Mark From Roots 1.345ms
[2026-06-17T10:06:41.927+0800][21.577s][info][gc,marking  ] GC(741) Concurrent Preclean
[2026-06-17T10:06:41.927+0800][21.577s][info][gc,marking  ] GC(741) Concurrent Preclean 0.106ms
[2026-06-17T10:06:41.927+0800][21.577s][info][gc,start    ] GC(741) Pause Remark
[2026-06-17T10:06:41.927+0800][21.578s][info][gc          ] GC(741) Pause Remark 51M->44M(64M) 0.436ms
[2026-06-17T10:06:41.927+0800][21.578s][info][gc,cpu      ] GC(741) User=0.00s Sys=0.00s Real=0.00s
[2026-06-17T10:06:41.928+0800][21.578s][info][gc,marking  ] GC(741) Concurrent Mark 2.557ms
[2026-06-17T10:06:41.928+0800][21.578s][info][gc,marking  ] GC(741) Concurrent Rebuild Remembered Sets and Scrub Regions
[2026-06-17T10:06:41.928+0800][21.579s][info][gc,marking  ] GC(741) Concurrent Rebuild Remembered Sets and Scrub Regions 0.476ms
[2026-06-17T10:06:41.928+0800][21.579s][info][gc,start    ] GC(741) Pause Cleanup
[2026-06-17T10:06:41.928+0800][21.579s][info][gc          ] GC(741) Pause Cleanup 44M->44M(64M) 0.108ms
[2026-06-17T10:06:41.929+0800][21.579s][info][gc,cpu      ] GC(741) User=0.00s Sys=0.00s Real=0.00s
[2026-06-17T10:06:41.929+0800][21.579s][info][gc,marking  ] GC(741) Concurrent Clear Claimed Marks
[2026-06-17T10:06:41.929+0800][21.579s][info][gc,marking  ] GC(741) Concurrent Clear Claimed Marks 0.077ms
[2026-06-17T10:06:41.929+0800][21.579s][info][gc,marking  ] GC(741) Concurrent Cleanup for Next Mark
[2026-06-17T10:06:41.929+0800][21.579s][info][gc,marking  ] GC(741) Concurrent Cleanup for Next Mark 0.163ms
[2026-06-17T10:06:41.929+0800][21.580s][info][gc          ] GC(741) Concurrent Mark Cycle 4.759ms
[2026-06-17T10:06:41.935+0800][21.586s][info][gc,start    ] GC(742) Pause Young (Prepare Mixed) (G1 Evacuation Pause)
[2026-06-17T10:06:41.935+0800][21.586s][info][gc,task     ] GC(742) Using 2 workers of 18 for evacuation
[2026-06-17T10:06:41.936+0800][21.587s][info][gc,phases   ] GC(742)   Pre Evacuate Collection Set: 0.11ms
[2026-06-17T10:06:41.936+0800][21.587s][info][gc,phases   ] GC(742)   Merge Heap Roots: 0.04ms
[2026-06-17T10:06:41.936+0800][21.587s][info][gc,phases   ] GC(742)   Evacuate Collection Set: 0.36ms
[2026-06-17T10:06:41.937+0800][21.587s][info][gc,phases   ] GC(742)   Post Evacuate Collection Set: 0.16ms
[2026-06-17T10:06:41.937+0800][21.587s][info][gc,phases   ] GC(742)   Other: 0.26ms
[2026-06-17T10:06:41.937+0800][21.587s][info][gc,heap     ] GC(742) Eden regions: 6->0(7)
[2026-06-17T10:06:41.937+0800][21.587s][info][gc,heap     ] GC(742) Survivor regions: 2->1(1)
[2026-06-17T10:06:41.937+0800][21.587s][info][gc,heap     ] GC(742) Old regions: 24->29
[2026-06-17T10:06:41.937+0800][21.588s][info][gc,heap     ] GC(742) Humongous regions: 16->16
[2026-06-17T10:06:41.937+0800][21.588s][info][gc,metaspace] GC(742) Metaspace: 116K(320K)->116K(320K) NonClass: 109K(192K)->109K(192K) Class: 7K(128K)->7K(128K)
[2026-06-17T10:06:41.937+0800][21.588s][info][gc          ] GC(742) Pause Young (Prepare Mixed) (G1 Evacuation Pause) 46M->45M(64M) 2.222ms
[2026-06-17T10:06:41.937+0800][21.588s][info][gc,cpu      ] GC(742) User=0.00s Sys=0.00s Real=0.00s
[2026-06-17T10:06:41.958+0800][21.609s][info][gc,start    ] GC(743) Pause Young (Mixed) (G1 Evacuation Pause)
[2026-06-17T10:06:41.959+0800][21.609s][info][gc,task     ] GC(743) Using 2 workers of 18 for evacuation
[2026-06-17T10:06:41.960+0800][21.610s][info][gc,phases   ] GC(743)   Pre Evacuate Collection Set: 0.12ms
[2026-06-17T10:06:41.960+0800][21.611s][info][gc,phases   ] GC(743)   Merge Heap Roots: 0.14ms
[2026-06-17T10:06:41.961+0800][21.611s][info][gc,phases   ] GC(743)   Evacuate Collection Set: 0.40ms
[2026-06-17T10:06:41.961+0800][21.611s][info][gc,phases   ] GC(743)   Post Evacuate Collection Set: 0.19ms
[2026-06-17T10:06:41.961+0800][21.612s][info][gc,phases   ] GC(743)   Other: 0.36ms
[2026-06-17T10:06:41.961+0800][21.612s][info][gc,heap     ] GC(743) Eden regions: 7->0(8)
[2026-06-17T10:06:41.962+0800][21.612s][info][gc,heap     ] GC(743) Survivor regions: 1->1(1)
[2026-06-17T10:06:41.962+0800][21.612s][info][gc,heap     ] GC(743) Old regions: 29->27
[2026-06-17T10:06:41.962+0800][21.613s][info][gc,heap     ] GC(743) Humongous regions: 16->16
[2026-06-17T10:06:41.962+0800][21.613s][info][gc,metaspace] GC(743) Metaspace: 116K(320K)->116K(320K) NonClass: 109K(192K)->109K(192K) Class: 7K(128K)->7K(128K)
[2026-06-17T10:06:41.962+0800][21.613s][info][gc          ] GC(743) Pause Young (Mixed) (G1 Evacuation Pause) 52M->43M(64M) 4.231ms
[2026-06-17T10:06:41.963+0800][21.613s][info][gc,cpu      ] GC(743) User=0.00s Sys=0.00s Real=0.01s
[2026-06-17T10:06:41.984+0800][21.635s][info][gc,start    ] GC(744) Pause Young (Mixed) (G1 Evacuation Pause)
[2026-06-17T10:06:41.985+0800][21.635s][info][gc,task     ] GC(744) Using 2 workers of 18 for evacuation
[2026-06-17T10:06:41.986+0800][21.636s][info][gc,phases   ] GC(744)   Pre Evacuate Collection Set: 0.12ms
[2026-06-17T10:06:41.986+0800][21.637s][info][gc,phases   ] GC(744)   Merge Heap Roots: 0.06ms
[2026-06-17T10:06:41.987+0800][21.637s][info][gc,phases   ] GC(744)   Evacuate Collection Set: 0.32ms
[2026-06-17T10:06:41.987+0800][21.638s][info][gc,phases   ] GC(744)   Post Evacuate Collection Set: 0.22ms
[2026-06-17T10:06:41.987+0800][21.638s][info][gc,phases   ] GC(744)   Other: 0.44ms
[2026-06-17T10:06:41.988+0800][21.638s][info][gc,heap     ] GC(744) Eden regions: 8->0(7)
[2026-06-17T10:06:41.988+0800][21.638s][info][gc,heap     ] GC(744) Survivor regions: 1->2(2)
[2026-06-17T10:06:41.988+0800][21.639s][info][gc,heap     ] GC(744) Old regions: 27->28
[2026-06-17T10:06:41.988+0800][21.639s][info][gc,heap     ] GC(744) Humongous regions: 16->16
[2026-06-17T10:06:41.989+0800][21.639s][info][gc,metaspace] GC(744) Metaspace: 116K(320K)->116K(320K) NonClass: 109K(192K)->109K(192K) Class: 7K(128K)->7K(128K)
[2026-06-17T10:06:41.989+0800][21.640s][info][gc          ] GC(744) Pause Young (Mixed) (G1 Evacuation Pause) 51M->45M(64M) 4.786ms
[2026-06-17T10:06:41.989+0800][21.640s][info][gc,cpu      ] GC(744) User=0.00s Sys=0.00s Real=0.00s
[2026-06-17T10:06:42.010+0800][21.661s][info][gc,start    ] GC(745) Pause Young (Concurrent Start) (G1 Evacuation Pause)
[2026-06-17T10:06:42.011+0800][21.661s][info][gc,task     ] GC(745) Using 2 workers of 18 for evacuation
[2026-06-17T10:06:42.012+0800][21.663s][info][gc,phases   ] GC(745)   Pre Evacuate Collection Set: 0.20ms
[2026-06-17T10:06:42.012+0800][21.663s][info][gc,phases   ] GC(745)   Merge Heap Roots: 0.05ms
[2026-06-17T10:06:42.013+0800][21.663s][info][gc,phases   ] GC(745)   Evacuate Collection Set: 0.31ms
[2026-06-17T10:06:42.013+0800][21.664s][info][gc,phases   ] GC(745)   Post Evacuate Collection Set: 0.20ms
[2026-06-17T10:06:42.013+0800][21.664s][info][gc,phases   ] GC(745)   Other: 0.35ms
[2026-06-17T10:06:42.014+0800][21.664s][info][gc,heap     ] GC(745) Eden regions: 7->0(7)
[2026-06-17T10:06:42.014+0800][21.664s][info][gc,heap     ] GC(745) Survivor regions: 2->2(2)
[2026-06-17T10:06:42.014+0800][21.665s][info][gc,heap     ] GC(745) Old regions: 28->29
[2026-06-17T10:06:42.014+0800][21.665s][info][gc,heap     ] GC(745) Humongous regions: 16->16
[2026-06-17T10:06:42.014+0800][21.665s][info][gc,metaspace] GC(745) Metaspace: 116K(320K)->116K(320K) NonClass: 109K(192K)->109K(192K) Class: 7K(128K)->7K(128K)
[2026-06-17T10:06:42.014+0800][21.665s][info][gc          ] GC(745) Pause Young (Concurrent Start) (G1 Evacuation Pause) 52M->46M(64M) 4.106ms
[2026-06-17T10:06:42.015+0800][21.665s][info][gc,cpu      ] GC(745) User=0.00s Sys=0.00s Real=0.01s
[2026-06-17T10:06:42.015+0800][21.665s][info][gc          ] GC(746) Concurrent Mark Cycle
[2026-06-17T10:06:42.015+0800][21.666s][info][gc,marking  ] GC(746) Concurrent Scan Root Regions
[2026-06-17T10:06:42.015+0800][21.666s][info][gc,marking  ] GC(746) Concurrent Scan Root Regions 0.287ms
[2026-06-17T10:06:42.015+0800][21.666s][info][gc,marking  ] GC(746) Concurrent Mark
[2026-06-17T10:06:42.015+0800][21.666s][info][gc,marking  ] GC(746) Concurrent Mark From Roots
[2026-06-17T10:06:42.016+0800][21.666s][info][gc,task     ] GC(746) Using 5 workers of 5 for marking
[2026-06-17T10:06:42.017+0800][21.667s][info][gc,marking  ] GC(746) Concurrent Mark From Roots 1.227ms
[2026-06-17T10:06:42.017+0800][21.668s][info][gc,marking  ] GC(746) Concurrent Preclean
[2026-06-17T10:06:42.017+0800][21.668s][info][gc,marking  ] GC(746) Concurrent Preclean 0.132ms
[2026-06-17T10:06:42.017+0800][21.668s][info][gc,start    ] GC(746) Pause Remark
[2026-06-17T10:06:42.018+0800][21.668s][info][gc          ] GC(746) Pause Remark 49M->47M(64M) 0.421ms
[2026-06-17T10:06:42.018+0800][21.668s][info][gc,cpu      ] GC(746) User=0.00s Sys=0.00s Real=0.00s
[2026-06-17T10:06:42.018+0800][21.669s][info][gc,marking  ] GC(746) Concurrent Mark 2.666ms
[2026-06-17T10:06:42.018+0800][21.669s][info][gc,marking  ] GC(746) Concurrent Rebuild Remembered Sets and Scrub Regions
[2026-06-17T10:06:42.019+0800][21.669s][info][gc,marking  ] GC(746) Concurrent Rebuild Remembered Sets and Scrub Regions 0.495ms
[2026-06-17T10:06:42.019+0800][21.669s][info][gc,start    ] GC(746) Pause Cleanup
[2026-06-17T10:06:42.019+0800][21.669s][info][gc          ] GC(746) Pause Cleanup 47M->47M(64M) 0.099ms
[2026-06-17T10:06:42.019+0800][21.670s][info][gc,cpu      ] GC(746) User=0.00s Sys=0.00s Real=0.00s
[2026-06-17T10:06:42.019+0800][21.670s][info][gc,marking  ] GC(746) Concurrent Clear Claimed Marks
[2026-06-17T10:06:42.019+0800][21.670s][info][gc,marking  ] GC(746) Concurrent Clear Claimed Marks 0.078ms
[2026-06-17T10:06:42.019+0800][21.670s][info][gc,marking  ] GC(746) Concurrent Cleanup for Next Mark
[2026-06-17T10:06:42.019+0800][21.670s][info][gc,marking  ] GC(746) Concurrent Cleanup for Next Mark 0.183ms
[2026-06-17T10:06:42.020+0800][21.670s][info][gc          ] GC(746) Concurrent Mark Cycle 4.844ms
[2026-06-17T10:06:42.036+0800][21.686s][info][gc,start    ] GC(747) Pause Young (Prepare Mixed) (G1 Evacuation Pause)
[2026-06-17T10:06:42.036+0800][21.687s][info][gc,task     ] GC(747) Using 2 workers of 18 for evacuation
[2026-06-17T10:06:42.037+0800][21.688s][info][gc,phases   ] GC(747)   Pre Evacuate Collection Set: 0.16ms
[2026-06-17T10:06:42.037+0800][21.688s][info][gc,phases   ] GC(747)   Merge Heap Roots: 0.04ms
[2026-06-17T10:06:42.038+0800][21.688s][info][gc,phases   ] GC(747)   Evacuate Collection Set: 0.20ms
[2026-06-17T10:06:42.038+0800][21.688s][info][gc,phases   ] GC(747)   Post Evacuate Collection Set: 0.14ms
[2026-06-17T10:06:42.038+0800][21.689s][info][gc,phases   ] GC(747)   Other: 0.43ms
[2026-06-17T10:06:42.038+0800][21.689s][info][gc,heap     ] GC(747) Eden regions: 7->0(8)
[2026-06-17T10:06:42.039+0800][21.689s][info][gc,heap     ] GC(747) Survivor regions: 2->2(2)
[2026-06-17T10:06:42.039+0800][21.689s][info][gc,heap     ] GC(747) Old regions: 27->29
[2026-06-17T10:06:42.039+0800][21.689s][info][gc,heap     ] GC(747) Humongous regions: 16->16
[2026-06-17T10:06:42.039+0800][21.690s][info][gc,metaspace] GC(747) Metaspace: 116K(320K)->116K(320K) NonClass: 109K(192K)->109K(192K) Class: 7K(128K)->7K(128K)
[2026-06-17T10:06:42.039+0800][21.690s][info][gc          ] GC(747) Pause Young (Prepare Mixed) (G1 Evacuation Pause) 51M->45M(64M) 3.593ms
[2026-06-17T10:06:42.039+0800][21.690s][info][gc,cpu      ] GC(747) User=0.00s Sys=0.00s Real=0.00s
[2026-06-17T10:06:42.061+0800][21.711s][info][gc,start    ] GC(748) Pause Young (Mixed) (G1 Evacuation Pause)
[2026-06-17T10:06:42.062+0800][21.713s][info][gc,task     ] GC(748) Using 2 workers of 18 for evacuation
[2026-06-17T10:06:42.066+0800][21.716s][info][gc,phases   ] GC(748)   Pre Evacuate Collection Set: 0.36ms
[2026-06-17T10:06:42.067+0800][21.717s][info][gc,phases   ] GC(748)   Merge Heap Roots: 0.09ms
[2026-06-17T10:06:42.068+0800][21.719s][info][gc,phases   ] GC(748)   Evacuate Collection Set: 0.52ms
[2026-06-17T10:06:42.069+0800][21.719s][info][gc,phases   ] GC(748)   Post Evacuate Collection Set: 0.27ms
[2026-06-17T10:06:42.070+0800][21.721s][info][gc,phases   ] GC(748)   Other: 2.09ms
[2026-06-17T10:06:42.071+0800][21.721s][info][gc,heap     ] GC(748) Eden regions: 8->0(9)
[2026-06-17T10:06:42.072+0800][21.723s][info][gc,heap     ] GC(748) Survivor regions: 2->2(2)
[2026-06-17T10:06:42.074+0800][21.724s][info][gc,heap     ] GC(748) Old regions: 29->25
[2026-06-17T10:06:42.074+0800][21.725s][info][gc,heap     ] GC(748) Humongous regions: 18->18
[2026-06-17T10:06:42.076+0800][21.726s][info][gc,metaspace] GC(748) Metaspace: 116K(320K)->116K(320K) NonClass: 109K(192K)->109K(192K) Class: 7K(128K)->7K(128K)
[2026-06-17T10:06:42.076+0800][21.727s][info][gc          ] GC(748) Pause Young (Mixed) (G1 Evacuation Pause) 55M->44M(64M) 15.626ms
[2026-06-17T10:06:42.078+0800][21.729s][info][gc,cpu      ] GC(748) User=0.01s Sys=0.00s Real=0.02s
[2026-06-17T10:06:42.100+0800][21.750s][info][gc,start    ] GC(749) Pause Young (Mixed) (G1 Evacuation Pause)
[2026-06-17T10:06:42.100+0800][21.751s][info][gc,task     ] GC(749) Using 2 workers of 18 for evacuation
[2026-06-17T10:06:42.102+0800][21.752s][info][gc,phases   ] GC(749)   Pre Evacuate Collection Set: 0.17ms
[2026-06-17T10:06:42.102+0800][21.753s][info][gc,phases   ] GC(749)   Merge Heap Roots: 0.07ms
[2026-06-17T10:06:42.102+0800][21.753s][info][gc,phases   ] GC(749)   Evacuate Collection Set: 0.52ms
[2026-06-17T10:06:42.103+0800][21.753s][info][gc,phases   ] GC(749)   Post Evacuate Collection Set: 0.33ms
[2026-06-17T10:06:42.103+0800][21.753s][info][gc,phases   ] GC(749)   Other: 0.33ms
[2026-06-17T10:06:42.103+0800][21.753s][info][gc,heap     ] GC(749) Eden regions: 9->0(8)
[2026-06-17T10:06:42.103+0800][21.754s][info][gc,heap     ] GC(749) Survivor regions: 2->2(2)
[2026-06-17T10:06:42.103+0800][21.754s][info][gc,heap     ] GC(749) Old regions: 25->27
[2026-06-17T10:06:42.103+0800][21.754s][info][gc,heap     ] GC(749) Humongous regions: 18->18
[2026-06-17T10:06:42.103+0800][21.754s][info][gc,metaspace] GC(749) Metaspace: 116K(320K)->116K(320K) NonClass: 109K(192K)->109K(192K) Class: 7K(128K)->7K(128K)
[2026-06-17T10:06:42.104+0800][21.754s][info][gc          ] GC(749) Pause Young (Mixed) (G1 Evacuation Pause) 53M->46M(64M) 3.688ms
[2026-06-17T10:06:42.104+0800][21.754s][info][gc,cpu      ] GC(749) User=0.00s Sys=0.00s Real=0.01s
[2026-06-17T10:06:42.125+0800][21.776s][info][gc,start    ] GC(750) Pause Young (Concurrent Start) (G1 Evacuation Pause)
[2026-06-17T10:06:42.125+0800][21.776s][info][gc,task     ] GC(750) Using 2 workers of 18 for evacuation
[2026-06-17T10:06:42.127+0800][21.777s][info][gc,phases   ] GC(750)   Pre Evacuate Collection Set: 0.24ms
[2026-06-17T10:06:42.127+0800][21.778s][info][gc,phases   ] GC(750)   Merge Heap Roots: 0.04ms
[2026-06-17T10:06:42.127+0800][21.778s][info][gc,phases   ] GC(750)   Evacuate Collection Set: 0.30ms
[2026-06-17T10:06:42.127+0800][21.778s][info][gc,phases   ] GC(750)   Post Evacuate Collection Set: 0.25ms
[2026-06-17T10:06:42.127+0800][21.778s][info][gc,phases   ] GC(750)   Other: 0.54ms
[2026-06-17T10:06:42.128+0800][21.778s][info][gc,heap     ] GC(750) Eden regions: 8->0(8)
[2026-06-17T10:06:42.128+0800][21.778s][info][gc,heap     ] GC(750) Survivor regions: 2->2(2)
[2026-06-17T10:06:42.128+0800][21.778s][info][gc,heap     ] GC(750) Old regions: 27->28
[2026-06-17T10:06:42.128+0800][21.779s][info][gc,heap     ] GC(750) Humongous regions: 18->18
[2026-06-17T10:06:42.128+0800][21.779s][info][gc,metaspace] GC(750) Metaspace: 116K(320K)->116K(320K) NonClass: 109K(192K)->109K(192K) Class: 7K(128K)->7K(128K)
[2026-06-17T10:06:42.128+0800][21.779s][info][gc          ] GC(750) Pause Young (Concurrent Start) (G1 Evacuation Pause) 54M->47M(64M) 3.327ms
[2026-06-17T10:06:42.128+0800][21.779s][info][gc,cpu      ] GC(750) User=0.00s Sys=0.00s Real=0.00s
[2026-06-17T10:06:42.129+0800][21.779s][info][gc          ] GC(751) Concurrent Mark Cycle
[2026-06-17T10:06:42.129+0800][21.779s][info][gc,marking  ] GC(751) Concurrent Scan Root Regions
[2026-06-17T10:06:42.129+0800][21.780s][info][gc,marking  ] GC(751) Concurrent Scan Root Regions 0.219ms
[2026-06-17T10:06:42.129+0800][21.780s][info][gc,marking  ] GC(751) Concurrent Mark
[2026-06-17T10:06:42.129+0800][21.780s][info][gc,marking  ] GC(751) Concurrent Mark From Roots
[2026-06-17T10:06:42.129+0800][21.780s][info][gc,task     ] GC(751) Using 5 workers of 5 for marking
[2026-06-17T10:06:42.130+0800][21.781s][info][gc,marking  ] GC(751) Concurrent Mark From Roots 1.149ms
[2026-06-17T10:06:42.131+0800][21.781s][info][gc,marking  ] GC(751) Concurrent Preclean
[2026-06-17T10:06:42.131+0800][21.781s][info][gc,marking  ] GC(751) Concurrent Preclean 0.098ms
[2026-06-17T10:06:42.131+0800][21.781s][info][gc,start    ] GC(751) Pause Remark
[2026-06-17T10:06:42.131+0800][21.782s][info][gc          ] GC(751) Pause Remark 51M->43M(64M) 0.390ms
[2026-06-17T10:06:42.131+0800][21.782s][info][gc,cpu      ] GC(751) User=0.00s Sys=0.00s Real=0.00s
[2026-06-17T10:06:42.131+0800][21.782s][info][gc,marking  ] GC(751) Concurrent Mark 2.245ms
[2026-06-17T10:06:42.132+0800][21.782s][info][gc,marking  ] GC(751) Concurrent Rebuild Remembered Sets and Scrub Regions
[2026-06-17T10:06:42.132+0800][21.783s][info][gc,marking  ] GC(751) Concurrent Rebuild Remembered Sets and Scrub Regions 0.599ms
[2026-06-17T10:06:42.132+0800][21.783s][info][gc,start    ] GC(751) Pause Cleanup
[2026-06-17T10:06:42.133+0800][21.783s][info][gc          ] GC(751) Pause Cleanup 43M->43M(64M) 0.154ms
[2026-06-17T10:06:42.133+0800][21.783s][info][gc,cpu      ] GC(751) User=0.00s Sys=0.00s Real=0.00s
[2026-06-17T10:06:42.133+0800][21.783s][info][gc,marking  ] GC(751) Concurrent Clear Claimed Marks
[2026-06-17T10:06:42.133+0800][21.783s][info][gc,marking  ] GC(751) Concurrent Clear Claimed Marks 0.141ms
[2026-06-17T10:06:42.133+0800][21.784s][info][gc,marking  ] GC(751) Concurrent Cleanup for Next Mark
[2026-06-17T10:06:42.133+0800][21.784s][info][gc,marking  ] GC(751) Concurrent Cleanup for Next Mark 0.178ms
[2026-06-17T10:06:42.133+0800][21.784s][info][gc          ] GC(751) Concurrent Mark Cycle 4.835ms
[2026-06-17T10:06:42.150+0800][21.800s][info][gc,start    ] GC(752) Pause Young (Prepare Mixed) (G1 Evacuation Pause)
[2026-06-17T10:06:42.150+0800][21.801s][info][gc,task     ] GC(752) Using 2 workers of 18 for evacuation
[2026-06-17T10:06:42.151+0800][21.802s][info][gc,phases   ] GC(752)   Pre Evacuate Collection Set: 0.16ms
[2026-06-17T10:06:42.151+0800][21.802s][info][gc,phases   ] GC(752)   Merge Heap Roots: 0.05ms
[2026-06-17T10:06:42.151+0800][21.802s][info][gc,phases   ] GC(752)   Evacuate Collection Set: 0.24ms
[2026-06-17T10:06:42.151+0800][21.802s][info][gc,phases   ] GC(752)   Post Evacuate Collection Set: 0.16ms
[2026-06-17T10:06:42.152+0800][21.802s][info][gc,phases   ] GC(752)   Other: 0.21ms
[2026-06-17T10:06:42.152+0800][21.802s][info][gc,heap     ] GC(752) Eden regions: 8->0(13)
[2026-06-17T10:06:42.152+0800][21.802s][info][gc,heap     ] GC(752) Survivor regions: 2->2(2)
[2026-06-17T10:06:42.152+0800][21.802s][info][gc,heap     ] GC(752) Old regions: 20->21
[2026-06-17T10:06:42.152+0800][21.803s][info][gc,heap     ] GC(752) Humongous regions: 18->18
[2026-06-17T10:06:42.152+0800][21.803s][info][gc,metaspace] GC(752) Metaspace: 116K(320K)->116K(320K) NonClass: 109K(192K)->109K(192K) Class: 7K(128K)->7K(128K)
[2026-06-17T10:06:42.152+0800][21.803s][info][gc          ] GC(752) Pause Young (Prepare Mixed) (G1 Evacuation Pause) 47M->40M(64M) 2.600ms
[2026-06-17T10:06:42.152+0800][21.803s][info][gc,cpu      ] GC(752) User=0.00s Sys=0.00s Real=0.01s
[2026-06-17T10:06:42.184+0800][21.835s][info][gc,start    ] GC(753) Pause Young (Mixed) (G1 Evacuation Pause)
[2026-06-17T10:06:42.185+0800][21.836s][info][gc,task     ] GC(753) Using 2 workers of 18 for evacuation
[2026-06-17T10:06:42.186+0800][21.837s][info][gc,phases   ] GC(753)   Pre Evacuate Collection Set: 0.20ms
[2026-06-17T10:06:42.187+0800][21.838s][info][gc,phases   ] GC(753)   Merge Heap Roots: 0.07ms
[2026-06-17T10:06:42.187+0800][21.838s][info][gc,phases   ] GC(753)   Evacuate Collection Set: 0.33ms
[2026-06-17T10:06:42.188+0800][21.838s][info][gc,phases   ] GC(753)   Post Evacuate Collection Set: 0.31ms
[2026-06-17T10:06:42.188+0800][21.838s][info][gc,phases   ] GC(753)   Other: 0.34ms
[2026-06-17T10:06:42.188+0800][21.839s][info][gc,heap     ] GC(753) Eden regions: 13->0(13)
[2026-06-17T10:06:42.188+0800][21.839s][info][gc,heap     ] GC(753) Survivor regions: 2->2(2)
[2026-06-17T10:06:42.188+0800][21.839s][info][gc,heap     ] GC(753) Old regions: 21->21
[2026-06-17T10:06:42.189+0800][21.839s][info][gc,heap     ] GC(753) Humongous regions: 18->18
[2026-06-17T10:06:42.189+0800][21.839s][info][gc,metaspace] GC(753) Metaspace: 116K(320K)->116K(320K) NonClass: 109K(192K)->109K(192K) Class: 7K(128K)->7K(128K)
[2026-06-17T10:06:42.189+0800][21.839s][info][gc          ] GC(753) Pause Young (Mixed) (G1 Evacuation Pause) 53M->40M(64M) 4.541ms
[2026-06-17T10:06:42.189+0800][21.840s][info][gc,cpu      ] GC(753) User=0.00s Sys=0.00s Real=0.00s
[2026-06-17T10:06:42.221+0800][21.872s][info][gc,start    ] GC(754) Pause Young (Concurrent Start) (G1 Evacuation Pause)
[2026-06-17T10:06:42.222+0800][21.872s][info][gc,task     ] GC(754) Using 2 workers of 18 for evacuation
[2026-06-17T10:06:42.223+0800][21.873s][info][gc,phases   ] GC(754)   Pre Evacuate Collection Set: 0.18ms
[2026-06-17T10:06:42.223+0800][21.874s][info][gc,phases   ] GC(754)   Merge Heap Roots: 0.05ms
[2026-06-17T10:06:42.224+0800][21.874s][info][gc,phases   ] GC(754)   Evacuate Collection Set: 0.40ms
[2026-06-17T10:06:42.224+0800][21.875s][info][gc,phases   ] GC(754)   Post Evacuate Collection Set: 0.24ms
[2026-06-17T10:06:42.224+0800][21.875s][info][gc,phases   ] GC(754)   Other: 0.33ms
[2026-06-17T10:06:42.224+0800][21.875s][info][gc,heap     ] GC(754) Eden regions: 13->0(10)
[2026-06-17T10:06:42.225+0800][21.875s][info][gc,heap     ] GC(754) Survivor regions: 2->2(2)
[2026-06-17T10:06:42.225+0800][21.876s][info][gc,heap     ] GC(754) Old regions: 21->24
[2026-06-17T10:06:42.225+0800][21.876s][info][gc,heap     ] GC(754) Humongous regions: 18->18
[2026-06-17T10:06:42.225+0800][21.876s][info][gc,metaspace] GC(754) Metaspace: 116K(320K)->116K(320K) NonClass: 109K(192K)->109K(192K) Class: 7K(128K)->7K(128K)
[2026-06-17T10:06:42.226+0800][21.876s][info][gc          ] GC(754) Pause Young (Concurrent Start) (G1 Evacuation Pause) 53M->43M(64M) 4.418ms
[2026-06-17T10:06:42.226+0800][21.876s][info][gc,cpu      ] GC(754) User=0.00s Sys=0.00s Real=0.01s
[2026-06-17T10:06:42.226+0800][21.876s][info][gc          ] GC(755) Concurrent Mark Cycle
[2026-06-17T10:06:42.226+0800][21.877s][info][gc,marking  ] GC(755) Concurrent Scan Root Regions
[2026-06-17T10:06:42.226+0800][21.877s][info][gc,marking  ] GC(755) Concurrent Scan Root Regions 0.324ms
[2026-06-17T10:06:42.227+0800][21.877s][info][gc,marking  ] GC(755) Concurrent Mark
[2026-06-17T10:06:42.227+0800][21.877s][info][gc,marking  ] GC(755) Concurrent Mark From Roots
[2026-06-17T10:06:42.227+0800][21.877s][info][gc,task     ] GC(755) Using 5 workers of 5 for marking
[2026-06-17T10:06:42.228+0800][21.878s][info][gc,marking  ] GC(755) Concurrent Mark From Roots 1.129ms
[2026-06-17T10:06:42.228+0800][21.878s][info][gc,marking  ] GC(755) Concurrent Preclean
[2026-06-17T10:06:42.228+0800][21.879s][info][gc,marking  ] GC(755) Concurrent Preclean 0.097ms
[2026-06-17T10:06:42.228+0800][21.879s][info][gc,start    ] GC(755) Pause Remark
[2026-06-17T10:06:42.229+0800][21.879s][info][gc          ] GC(755) Pause Remark 45M->45M(64M) 0.426ms
[2026-06-17T10:06:42.229+0800][21.879s][info][gc,cpu      ] GC(755) User=0.01s Sys=0.00s Real=0.00s
[2026-06-17T10:06:42.229+0800][21.880s][info][gc,marking  ] GC(755) Concurrent Mark 2.546ms
[2026-06-17T10:06:42.229+0800][21.880s][info][gc,marking  ] GC(755) Concurrent Rebuild Remembered Sets and Scrub Regions
[2026-06-17T10:06:42.230+0800][21.880s][info][gc,marking  ] GC(755) Concurrent Rebuild Remembered Sets and Scrub Regions 0.502ms
[2026-06-17T10:06:42.230+0800][21.880s][info][gc,start    ] GC(755) Pause Cleanup
[2026-06-17T10:06:42.230+0800][21.881s][info][gc          ] GC(755) Pause Cleanup 45M->45M(64M) 0.118ms
[2026-06-17T10:06:42.230+0800][21.881s][info][gc,cpu      ] GC(755) User=0.00s Sys=0.00s Real=0.00s
[2026-06-17T10:06:42.230+0800][21.881s][info][gc,marking  ] GC(755) Concurrent Clear Claimed Marks
[2026-06-17T10:06:42.230+0800][21.881s][info][gc,marking  ] GC(755) Concurrent Clear Claimed Marks 0.078ms
[2026-06-17T10:06:42.230+0800][21.881s][info][gc,marking  ] GC(755) Concurrent Cleanup for Next Mark
[2026-06-17T10:06:42.231+0800][21.881s][info][gc,marking  ] GC(755) Concurrent Cleanup for Next Mark 0.254ms
[2026-06-17T10:06:42.231+0800][21.881s][info][gc          ] GC(755) Concurrent Mark Cycle 4.919ms
[2026-06-17T10:06:42.257+0800][21.908s][info][gc,start    ] GC(756) Pause Young (Prepare Mixed) (G1 Evacuation Pause)
[2026-06-17T10:06:42.258+0800][21.908s][info][gc,task     ] GC(756) Using 2 workers of 18 for evacuation
[2026-06-17T10:06:42.260+0800][21.910s][info][gc,phases   ] GC(756)   Pre Evacuate Collection Set: 0.18ms
[2026-06-17T10:06:42.260+0800][21.911s][info][gc,phases   ] GC(756)   Merge Heap Roots: 0.17ms
[2026-06-17T10:06:42.262+0800][21.913s][info][gc,phases   ] GC(756)   Evacuate Collection Set: 0.43ms
[2026-06-17T10:06:42.264+0800][21.915s][info][gc,phases   ] GC(756)   Post Evacuate Collection Set: 0.49ms
[2026-06-17T10:06:42.266+0800][21.917s][info][gc,phases   ] GC(756)   Other: 0.48ms
[2026-06-17T10:06:42.268+0800][21.919s][info][gc,heap     ] GC(756) Eden regions: 10->0(10)
[2026-06-17T10:06:42.271+0800][21.921s][info][gc,heap     ] GC(756) Survivor regions: 2->2(2)
[2026-06-17T10:06:42.272+0800][21.923s][info][gc,heap     ] GC(756) Old regions: 24->25
[2026-06-17T10:06:42.275+0800][21.925s][info][gc,heap     ] GC(756) Humongous regions: 18->18
[2026-06-17T10:06:42.277+0800][21.927s][info][gc,metaspace] GC(756) Metaspace: 116K(320K)->116K(320K) NonClass: 109K(192K)->109K(192K) Class: 7K(128K)->7K(128K)
[2026-06-17T10:06:42.278+0800][21.928s][info][gc          ] GC(756) Pause Young (Prepare Mixed) (G1 Evacuation Pause) 53M->44M(64M) 20.668ms
[2026-06-17T10:06:42.279+0800][21.929s][info][gc,cpu      ] GC(756) User=0.00s Sys=0.00s Real=0.02s
[2026-06-17T10:06:42.302+0800][21.952s][info][gc,start    ] GC(757) Pause Young (Mixed) (G1 Evacuation Pause)
[2026-06-17T10:06:42.302+0800][21.953s][info][gc,task     ] GC(757) Using 2 workers of 18 for evacuation
[2026-06-17T10:06:42.304+0800][21.954s][info][gc,phases   ] GC(757)   Pre Evacuate Collection Set: 0.18ms
[2026-06-17T10:06:42.304+0800][21.954s][info][gc,phases   ] GC(757)   Merge Heap Roots: 0.14ms
[2026-06-17T10:06:42.304+0800][21.955s][info][gc,phases   ] GC(757)   Evacuate Collection Set: 0.41ms
[2026-06-17T10:06:42.304+0800][21.955s][info][gc,phases   ] GC(757)   Post Evacuate Collection Set: 0.31ms
[2026-06-17T10:06:42.305+0800][21.955s][info][gc,phases   ] GC(757)   Other: 0.35ms
[2026-06-17T10:06:42.305+0800][21.956s][info][gc,heap     ] GC(757) Eden regions: 10->0(13)
[2026-06-17T10:06:42.305+0800][21.956s][info][gc,heap     ] GC(757) Survivor regions: 2->2(2)
[2026-06-17T10:06:42.305+0800][21.956s][info][gc,heap     ] GC(757) Old regions: 25->27
[2026-06-17T10:06:42.306+0800][21.956s][info][gc,heap     ] GC(757) Humongous regions: 20->12
[2026-06-17T10:06:42.306+0800][21.956s][info][gc,metaspace] GC(757) Metaspace: 116K(320K)->116K(320K) NonClass: 109K(192K)->109K(192K) Class: 7K(128K)->7K(128K)
[2026-06-17T10:06:42.306+0800][21.957s][info][gc          ] GC(757) Pause Young (Mixed) (G1 Evacuation Pause) 56M->40M(64M) 4.292ms
[2026-06-17T10:06:42.306+0800][21.957s][info][gc,cpu      ] GC(757) User=0.00s Sys=0.00s Real=0.01s
[2026-06-17T10:06:42.338+0800][21.988s][info][gc,start    ] GC(758) Pause Young (Concurrent Start) (G1 Evacuation Pause)
[2026-06-17T10:06:42.338+0800][21.989s][info][gc,task     ] GC(758) Using 2 workers of 18 for evacuation
[2026-06-17T10:06:42.340+0800][21.990s][info][gc,phases   ] GC(758)   Pre Evacuate Collection Set: 0.21ms
[2026-06-17T10:06:42.340+0800][21.990s][info][gc,phases   ] GC(758)   Merge Heap Roots: 0.04ms
[2026-06-17T10:06:42.340+0800][21.990s][info][gc,phases   ] GC(758)   Evacuate Collection Set: 0.54ms
[2026-06-17T10:06:42.340+0800][21.991s][info][gc,phases   ] GC(758)   Post Evacuate Collection Set: 0.18ms
[2026-06-17T10:06:42.340+0800][21.991s][info][gc,phases   ] GC(758)   Other: 0.32ms
[2026-06-17T10:06:42.340+0800][21.991s][info][gc,heap     ] GC(758) Eden regions: 13->0(8)
[2026-06-17T10:06:42.340+0800][21.991s][info][gc,heap     ] GC(758) Survivor regions: 2->2(2)
[2026-06-17T10:06:42.341+0800][21.991s][info][gc,heap     ] GC(758) Old regions: 27->31
[2026-06-17T10:06:42.341+0800][21.991s][info][gc,heap     ] GC(758) Humongous regions: 12->12
[2026-06-17T10:06:42.341+0800][21.991s][info][gc,metaspace] GC(758) Metaspace: 116K(320K)->116K(320K) NonClass: 109K(192K)->109K(192K) Class: 7K(128K)->7K(128K)
[2026-06-17T10:06:42.341+0800][21.992s][info][gc          ] GC(758) Pause Young (Concurrent Start) (G1 Evacuation Pause) 53M->44M(64M) 3.333ms
[2026-06-17T10:06:42.341+0800][21.992s][info][gc,cpu      ] GC(758) User=0.00s Sys=0.01s Real=0.00s
[2026-06-17T10:06:42.341+0800][21.992s][info][gc          ] GC(759) Concurrent Mark Cycle
[2026-06-17T10:06:42.341+0800][21.992s][info][gc,marking  ] GC(759) Concurrent Scan Root Regions
[2026-06-17T10:06:42.342+0800][21.992s][info][gc,marking  ] GC(759) Concurrent Scan Root Regions 0.165ms
[2026-06-17T10:06:42.342+0800][21.992s][info][gc,marking  ] GC(759) Concurrent Mark
[2026-06-17T10:06:42.342+0800][21.992s][info][gc,marking  ] GC(759) Concurrent Mark From Roots
[2026-06-17T10:06:42.342+0800][21.993s][info][gc,task     ] GC(759) Using 5 workers of 5 for marking
[2026-06-17T10:06:42.343+0800][21.994s][info][gc,marking  ] GC(759) Concurrent Mark From Roots 1.311ms
[2026-06-17T10:06:42.343+0800][21.994s][info][gc,marking  ] GC(759) Concurrent Preclean
[2026-06-17T10:06:42.343+0800][21.994s][info][gc,marking  ] GC(759) Concurrent Preclean 0.122ms
[2026-06-17T10:06:42.344+0800][21.994s][info][gc,start    ] GC(759) Pause Remark
[2026-06-17T10:06:42.344+0800][21.994s][info][gc          ] GC(759) Pause Remark 45M->35M(64M) 0.395ms
[2026-06-17T10:06:42.344+0800][21.995s][info][gc,cpu      ] GC(759) User=0.00s Sys=0.00s Real=0.00s
[2026-06-17T10:06:42.344+0800][21.995s][info][gc,marking  ] GC(759) Concurrent Mark 2.575ms
[2026-06-17T10:06:42.344+0800][21.995s][info][gc,marking  ] GC(759) Concurrent Rebuild Remembered Sets and Scrub Regions
[2026-06-17T10:06:42.345+0800][21.995s][info][gc,marking  ] GC(759) Concurrent Rebuild Remembered Sets and Scrub Regions 0.490ms
[2026-06-17T10:06:42.345+0800][21.996s][info][gc,start    ] GC(759) Pause Cleanup
[2026-06-17T10:06:42.345+0800][21.996s][info][gc          ] GC(759) Pause Cleanup 35M->35M(64M) 0.097ms
[2026-06-17T10:06:42.345+0800][21.996s][info][gc,cpu      ] GC(759) User=0.00s Sys=0.00s Real=0.00s
[2026-06-17T10:06:42.345+0800][21.996s][info][gc,marking  ] GC(759) Concurrent Clear Claimed Marks
[2026-06-17T10:06:42.345+0800][21.996s][info][gc,marking  ] GC(759) Concurrent Clear Claimed Marks 0.079ms
[2026-06-17T10:06:42.345+0800][21.996s][info][gc,marking  ] GC(759) Concurrent Cleanup for Next Mark
[2026-06-17T10:06:42.346+0800][21.996s][info][gc,marking  ] GC(759) Concurrent Cleanup for Next Mark 0.177ms
[2026-06-17T10:06:42.346+0800][21.996s][info][gc          ] GC(759) Concurrent Mark Cycle 4.607ms
[2026-06-17T10:06:42.362+0800][22.013s][info][gc,start    ] GC(760) Pause Young (Prepare Mixed) (G1 Evacuation Pause)
[2026-06-17T10:06:42.362+0800][22.013s][info][gc,task     ] GC(760) Using 2 workers of 18 for evacuation
[2026-06-17T10:06:42.363+0800][22.014s][info][gc,phases   ] GC(760)   Pre Evacuate Collection Set: 0.09ms
[2026-06-17T10:06:42.363+0800][22.014s][info][gc,phases   ] GC(760)   Merge Heap Roots: 0.04ms
[2026-06-17T10:06:42.363+0800][22.014s][info][gc,phases   ] GC(760)   Evacuate Collection Set: 0.16ms
[2026-06-17T10:06:42.364+0800][22.014s][info][gc,phases   ] GC(760)   Post Evacuate Collection Set: 0.14ms
[2026-06-17T10:06:42.364+0800][22.014s][info][gc,phases   ] GC(760)   Other: 0.25ms
[2026-06-17T10:06:42.364+0800][22.014s][info][gc,heap     ] GC(760) Eden regions: 8->0(18)
[2026-06-17T10:06:42.364+0800][22.014s][info][gc,heap     ] GC(760) Survivor regions: 2->1(2)
[2026-06-17T10:06:42.364+0800][22.014s][info][gc,heap     ] GC(760) Old regions: 21->23
[2026-06-17T10:06:42.364+0800][22.014s][info][gc,heap     ] GC(760) Humongous regions: 12->12
[2026-06-17T10:06:42.364+0800][22.015s][info][gc,metaspace] GC(760) Metaspace: 116K(320K)->116K(320K) NonClass: 109K(192K)->109K(192K) Class: 7K(128K)->7K(128K)
[2026-06-17T10:06:42.364+0800][22.015s][info][gc          ] GC(760) Pause Young (Prepare Mixed) (G1 Evacuation Pause) 42M->34M(64M) 1.921ms
[2026-06-17T10:06:42.364+0800][22.015s][info][gc,cpu      ] GC(760) User=0.00s Sys=0.00s Real=0.01s
[2026-06-17T10:06:42.417+0800][22.067s][info][gc,start    ] GC(761) Pause Young (Mixed) (G1 Evacuation Pause)
[2026-06-17T10:06:42.417+0800][22.068s][info][gc,task     ] GC(761) Using 2 workers of 18 for evacuation
[2026-06-17T10:06:42.419+0800][22.069s][info][gc,phases   ] GC(761)   Pre Evacuate Collection Set: 0.29ms
[2026-06-17T10:06:42.419+0800][22.070s][info][gc,phases   ] GC(761)   Merge Heap Roots: 0.04ms
[2026-06-17T10:06:42.420+0800][22.070s][info][gc,phases   ] GC(761)   Evacuate Collection Set: 0.59ms
[2026-06-17T10:06:42.420+0800][22.070s][info][gc,phases   ] GC(761)   Post Evacuate Collection Set: 0.29ms
[2026-06-17T10:06:42.420+0800][22.071s][info][gc,phases   ] GC(761)   Other: 0.68ms
[2026-06-17T10:06:42.420+0800][22.071s][info][gc,heap     ] GC(761) Eden regions: 18->0(16)
[2026-06-17T10:06:42.421+0800][22.071s][info][gc,heap     ] GC(761) Survivor regions: 1->3(3)
[2026-06-17T10:06:42.421+0800][22.071s][info][gc,heap     ] GC(761) Old regions: 23->23
[2026-06-17T10:06:42.421+0800][22.072s][info][gc,heap     ] GC(761) Humongous regions: 12->12
[2026-06-17T10:06:42.421+0800][22.072s][info][gc,metaspace] GC(761) Metaspace: 116K(320K)->116K(320K) NonClass: 109K(192K)->109K(192K) Class: 7K(128K)->7K(128K)
[2026-06-17T10:06:42.421+0800][22.072s][info][gc          ] GC(761) Pause Young (Mixed) (G1 Evacuation Pause) 52M->37M(64M) 4.844ms
[2026-06-17T10:06:42.422+0800][22.072s][info][gc,cpu      ] GC(761) User=0.00s Sys=0.00s Real=0.00s
[2026-06-17T10:06:42.464+0800][22.114s][info][gc,start    ] GC(762) Pause Young (Concurrent Start) (G1 Evacuation Pause)
[2026-06-17T10:06:42.464+0800][22.115s][info][gc,task     ] GC(762) Using 2 workers of 18 for evacuation
[2026-06-17T10:06:42.466+0800][22.116s][info][gc,phases   ] GC(762)   Pre Evacuate Collection Set: 0.33ms
[2026-06-17T10:06:42.466+0800][22.117s][info][gc,phases   ] GC(762)   Merge Heap Roots: 0.05ms
[2026-06-17T10:06:42.466+0800][22.117s][info][gc,phases   ] GC(762)   Evacuate Collection Set: 0.46ms
[2026-06-17T10:06:42.467+0800][22.117s][info][gc,phases   ] GC(762)   Post Evacuate Collection Set: 0.29ms
[2026-06-17T10:06:42.467+0800][22.117s][info][gc,phases   ] GC(762)   Other: 0.38ms
[2026-06-17T10:06:42.467+0800][22.118s][info][gc,heap     ] GC(762) Eden regions: 16->0(13)
[2026-06-17T10:06:42.467+0800][22.118s][info][gc,heap     ] GC(762) Survivor regions: 3->3(3)
[2026-06-17T10:06:42.468+0800][22.118s][info][gc,heap     ] GC(762) Old regions: 23->26
[2026-06-17T10:06:42.468+0800][22.119s][info][gc,heap     ] GC(762) Humongous regions: 12->12
[2026-06-17T10:06:42.468+0800][22.119s][info][gc,metaspace] GC(762) Metaspace: 116K(320K)->116K(320K) NonClass: 109K(192K)->109K(192K) Class: 7K(128K)->7K(128K)
[2026-06-17T10:06:42.468+0800][22.119s][info][gc          ] GC(762) Pause Young (Concurrent Start) (G1 Evacuation Pause) 53M->40M(64M) 4.699ms
[2026-06-17T10:06:42.469+0800][22.119s][info][gc,cpu      ] GC(762) User=0.00s Sys=0.00s Real=0.00s
[2026-06-17T10:06:42.469+0800][22.119s][info][gc          ] GC(763) Concurrent Mark Cycle
[2026-06-17T10:06:42.469+0800][22.120s][info][gc,marking  ] GC(763) Concurrent Scan Root Regions
[2026-06-17T10:06:42.469+0800][22.120s][info][gc,marking  ] GC(763) Concurrent Scan Root Regions 0.237ms
[2026-06-17T10:06:42.469+0800][22.120s][info][gc,marking  ] GC(763) Concurrent Mark
[2026-06-17T10:06:42.470+0800][22.120s][info][gc,marking  ] GC(763) Concurrent Mark From Roots
[2026-06-17T10:06:42.470+0800][22.120s][info][gc,task     ] GC(763) Using 5 workers of 5 for marking
[2026-06-17T10:06:42.471+0800][22.122s][info][gc,marking  ] GC(763) Concurrent Mark From Roots 1.448ms
[2026-06-17T10:06:42.471+0800][22.122s][info][gc,marking  ] GC(763) Concurrent Preclean
[2026-06-17T10:06:42.472+0800][22.122s][info][gc,marking  ] GC(763) Concurrent Preclean 0.149ms
[2026-06-17T10:06:42.472+0800][22.122s][info][gc,start    ] GC(763) Pause Remark
[2026-06-17T10:06:42.472+0800][22.123s][info][gc          ] GC(763) Pause Remark 43M->43M(64M) 0.382ms
[2026-06-17T10:06:42.472+0800][22.123s][info][gc,cpu      ] GC(763) User=0.00s Sys=0.00s Real=0.00s
[2026-06-17T10:06:42.472+0800][22.123s][info][gc,marking  ] GC(763) Concurrent Mark 2.912ms
[2026-06-17T10:06:42.472+0800][22.123s][info][gc,marking  ] GC(763) Concurrent Rebuild Remembered Sets and Scrub Regions
[2026-06-17T10:06:42.473+0800][22.124s][info][gc,marking  ] GC(763) Concurrent Rebuild Remembered Sets and Scrub Regions 0.508ms
[2026-06-17T10:06:42.473+0800][22.124s][info][gc,start    ] GC(763) Pause Cleanup
[2026-06-17T10:06:42.473+0800][22.124s][info][gc          ] GC(763) Pause Cleanup 43M->43M(64M) 0.108ms
[2026-06-17T10:06:42.473+0800][22.124s][info][gc,cpu      ] GC(763) User=0.00s Sys=0.00s Real=0.00s
[2026-06-17T10:06:42.473+0800][22.124s][info][gc,marking  ] GC(763) Concurrent Clear Claimed Marks
[2026-06-17T10:06:42.474+0800][22.124s][info][gc,marking  ] GC(763) Concurrent Clear Claimed Marks 0.110ms
[2026-06-17T10:06:42.474+0800][22.124s][info][gc,marking  ] GC(763) Concurrent Cleanup for Next Mark
[2026-06-17T10:06:42.474+0800][22.124s][info][gc,marking  ] GC(763) Concurrent Cleanup for Next Mark 0.175ms
[2026-06-17T10:06:42.474+0800][22.125s][info][gc          ] GC(763) Concurrent Mark Cycle 5.271ms
[2026-06-17T10:06:42.501+0800][22.151s][info][gc,start    ] GC(764) Pause Young (Prepare Mixed) (G1 Evacuation Pause)
[2026-06-17T10:06:42.501+0800][22.151s][info][gc,task     ] GC(764) Using 2 workers of 18 for evacuation
[2026-06-17T10:06:42.503+0800][22.153s][info][gc,phases   ] GC(764)   Pre Evacuate Collection Set: 0.21ms
[2026-06-17T10:06:42.503+0800][22.154s][info][gc,phases   ] GC(764)   Merge Heap Roots: 0.07ms
[2026-06-17T10:06:42.503+0800][22.154s][info][gc,phases   ] GC(764)   Evacuate Collection Set: 0.60ms
[2026-06-17T10:06:42.504+0800][22.154s][info][gc,phases   ] GC(764)   Post Evacuate Collection Set: 0.23ms
[2026-06-17T10:06:42.504+0800][22.154s][info][gc,phases   ] GC(764)   Other: 0.87ms
[2026-06-17T10:06:42.504+0800][22.155s][info][gc,heap     ] GC(764) Eden regions: 13->0(8)
[2026-06-17T10:06:42.504+0800][22.155s][info][gc,heap     ] GC(764) Survivor regions: 3->2(2)
[2026-06-17T10:06:42.504+0800][22.155s][info][gc,heap     ] GC(764) Old regions: 26->31
[2026-06-17T10:06:42.505+0800][22.155s][info][gc,heap     ] GC(764) Humongous regions: 14->14
[2026-06-17T10:06:42.505+0800][22.155s][info][gc,metaspace] GC(764) Metaspace: 116K(320K)->116K(320K) NonClass: 109K(192K)->109K(192K) Class: 7K(128K)->7K(128K)
[2026-06-17T10:06:42.505+0800][22.155s][info][gc          ] GC(764) Pause Young (Prepare Mixed) (G1 Evacuation Pause) 55M->46M(64M) 4.392ms
[2026-06-17T10:06:42.505+0800][22.156s][info][gc,cpu      ] GC(764) User=0.00s Sys=0.00s Real=0.01s
[2026-06-17T10:06:42.526+0800][22.177s][info][gc,start    ] GC(765) Pause Young (Mixed) (G1 Evacuation Pause)
[2026-06-17T10:06:42.527+0800][22.178s][info][gc,task     ] GC(765) Using 2 workers of 18 for evacuation
[2026-06-17T10:06:42.529+0800][22.179s][info][gc,phases   ] GC(765)   Pre Evacuate Collection Set: 0.13ms
[2026-06-17T10:06:42.529+0800][22.180s][info][gc,phases   ] GC(765)   Merge Heap Roots: 0.05ms
[2026-06-17T10:06:42.530+0800][22.181s][info][gc,phases   ] GC(765)   Evacuate Collection Set: 0.50ms
[2026-06-17T10:06:42.531+0800][22.181s][info][gc,phases   ] GC(765)   Post Evacuate Collection Set: 0.21ms
[2026-06-17T10:06:42.532+0800][22.182s][info][gc,phases   ] GC(765)   Other: 0.71ms
[2026-06-17T10:06:42.533+0800][22.183s][info][gc,heap     ] GC(765) Eden regions: 8->0(7)
[2026-06-17T10:06:42.533+0800][22.184s][info][gc,heap     ] GC(765) Survivor regions: 2->2(2)
[2026-06-17T10:06:42.534+0800][22.184s][info][gc,heap     ] GC(765) Old regions: 31->32
[2026-06-17T10:06:42.534+0800][22.185s][info][gc,heap     ] GC(765) Humongous regions: 14->14
[2026-06-17T10:06:42.535+0800][22.185s][info][gc,metaspace] GC(765) Metaspace: 116K(320K)->116K(320K) NonClass: 109K(192K)->109K(192K) Class: 7K(128K)->7K(128K)
[2026-06-17T10:06:42.535+0800][22.186s][info][gc          ] GC(765) Pause Young (Mixed) (G1 Evacuation Pause) 54M->47M(64M) 8.810ms
[2026-06-17T10:06:42.536+0800][22.186s][info][gc,cpu      ] GC(765) User=0.01s Sys=0.00s Real=0.01s
[2026-06-17T10:06:42.547+0800][22.198s][info][gc,start    ] GC(766) Pause Young (Concurrent Start) (G1 Evacuation Pause)
[2026-06-17T10:06:42.548+0800][22.198s][info][gc,task     ] GC(766) Using 2 workers of 18 for evacuation
[2026-06-17T10:06:42.549+0800][22.200s][info][gc,phases   ] GC(766)   Pre Evacuate Collection Set: 0.16ms
[2026-06-17T10:06:42.550+0800][22.200s][info][gc,phases   ] GC(766)   Merge Heap Roots: 0.03ms
[2026-06-17T10:06:42.550+0800][22.201s][info][gc,phases   ] GC(766)   Evacuate Collection Set: 0.24ms
[2026-06-17T10:06:42.551+0800][22.201s][info][gc,phases   ] GC(766)   Post Evacuate Collection Set: 0.16ms
[2026-06-17T10:06:42.551+0800][22.202s][info][gc,phases   ] GC(766)   Other: 0.69ms
[2026-06-17T10:06:42.552+0800][22.202s][info][gc,heap     ] GC(766) Eden regions: 7->0(6)
[2026-06-17T10:06:42.552+0800][22.203s][info][gc,heap     ] GC(766) Survivor regions: 2->2(2)
[2026-06-17T10:06:42.553+0800][22.203s][info][gc,heap     ] GC(766) Old regions: 32->34
[2026-06-17T10:06:42.553+0800][22.204s][info][gc,heap     ] GC(766) Humongous regions: 14->14
[2026-06-17T10:06:42.554+0800][22.204s][info][gc,metaspace] GC(766) Metaspace: 116K(320K)->116K(320K) NonClass: 109K(192K)->109K(192K) Class: 7K(128K)->7K(128K)
[2026-06-17T10:06:42.554+0800][22.205s][info][gc          ] GC(766) Pause Young (Concurrent Start) (G1 Evacuation Pause) 54M->49M(64M) 7.078ms
[2026-06-17T10:06:42.555+0800][22.205s][info][gc,cpu      ] GC(766) User=0.00s Sys=0.00s Real=0.01s
[2026-06-17T10:06:42.555+0800][22.205s][info][gc          ] GC(767) Concurrent Mark Cycle
[2026-06-17T10:06:42.556+0800][22.206s][info][gc,marking  ] GC(767) Concurrent Scan Root Regions
[2026-06-17T10:06:42.556+0800][22.207s][info][gc,marking  ] GC(767) Concurrent Scan Root Regions 0.509ms
[2026-06-17T10:06:42.557+0800][22.207s][info][gc,marking  ] GC(767) Concurrent Mark
[2026-06-17T10:06:42.557+0800][22.208s][info][gc,marking  ] GC(767) Concurrent Mark From Roots
[2026-06-17T10:06:42.557+0800][22.208s][info][gc,task     ] GC(767) Using 5 workers of 5 for marking
[2026-06-17T10:06:42.559+0800][22.209s][info][gc,marking  ] GC(767) Concurrent Mark From Roots 1.716ms
[2026-06-17T10:06:42.559+0800][22.210s][info][gc,marking  ] GC(767) Concurrent Preclean
[2026-06-17T10:06:42.560+0800][22.210s][info][gc,marking  ] GC(767) Concurrent Preclean 0.466ms
[2026-06-17T10:06:42.560+0800][22.211s][info][gc,start    ] GC(767) Pause Remark
[2026-06-17T10:06:42.561+0800][22.212s][info][gc          ] GC(767) Pause Remark 49M->42M(64M) 0.779ms
[2026-06-17T10:06:42.561+0800][22.212s][info][gc,cpu      ] GC(767) User=0.00s Sys=0.00s Real=0.00s
[2026-06-17T10:06:42.562+0800][22.213s][info][gc,marking  ] GC(767) Concurrent Mark 5.393ms
[2026-06-17T10:06:42.563+0800][22.213s][info][gc,marking  ] GC(767) Concurrent Rebuild Remembered Sets and Scrub Regions
[2026-06-17T10:06:42.563+0800][22.214s][info][gc,marking  ] GC(767) Concurrent Rebuild Remembered Sets and Scrub Regions 0.799ms
[2026-06-17T10:06:42.564+0800][22.214s][info][gc,start    ] GC(767) Pause Cleanup
[2026-06-17T10:06:42.564+0800][22.215s][info][gc          ] GC(767) Pause Cleanup 42M->42M(64M) 0.423ms
[2026-06-17T10:06:42.565+0800][22.215s][info][gc,cpu      ] GC(767) User=0.00s Sys=0.00s Real=0.00s
[2026-06-17T10:06:42.565+0800][22.216s][info][gc,marking  ] GC(767) Concurrent Clear Claimed Marks
[2026-06-17T10:06:42.565+0800][22.216s][info][gc,marking  ] GC(767) Concurrent Clear Claimed Marks 0.356ms
[2026-06-17T10:06:42.566+0800][22.216s][info][gc,marking  ] GC(767) Concurrent Cleanup for Next Mark
[2026-06-17T10:06:42.566+0800][22.217s][info][gc,marking  ] GC(767) Concurrent Cleanup for Next Mark 0.477ms
[2026-06-17T10:06:42.567+0800][22.217s][info][gc          ] GC(767) Concurrent Mark Cycle 11.944ms
[2026-06-17T10:06:42.576+0800][22.226s][info][gc,start    ] GC(768) Pause Young (Prepare Mixed) (G1 Evacuation Pause)
[2026-06-17T10:06:42.576+0800][22.227s][info][gc,task     ] GC(768) Using 2 workers of 18 for evacuation
[2026-06-17T10:06:42.578+0800][22.228s][info][gc,phases   ] GC(768)   Pre Evacuate Collection Set: 0.11ms
[2026-06-17T10:06:42.578+0800][22.229s][info][gc,phases   ] GC(768)   Merge Heap Roots: 0.06ms
[2026-06-17T10:06:42.579+0800][22.229s][info][gc,phases   ] GC(768)   Evacuate Collection Set: 0.31ms
[2026-06-17T10:06:42.579+0800][22.230s][info][gc,phases   ] GC(768)   Post Evacuate Collection Set: 0.18ms
[2026-06-17T10:06:42.580+0800][22.230s][info][gc,phases   ] GC(768)   Other: 0.49ms
[2026-06-17T10:06:42.580+0800][22.231s][info][gc,heap     ] GC(768) Eden regions: 6->0(9)
[2026-06-17T10:06:42.581+0800][22.231s][info][gc,heap     ] GC(768) Survivor regions: 2->1(1)
[2026-06-17T10:06:42.581+0800][22.232s][info][gc,heap     ] GC(768) Old regions: 27->30
[2026-06-17T10:06:42.581+0800][22.232s][info][gc,heap     ] GC(768) Humongous regions: 14->14
[2026-06-17T10:06:42.582+0800][22.232s][info][gc,metaspace] GC(768) Metaspace: 116K(320K)->116K(320K) NonClass: 109K(192K)->109K(192K) Class: 7K(128K)->7K(128K)
[2026-06-17T10:06:42.582+0800][22.233s][info][gc          ] GC(768) Pause Young (Prepare Mixed) (G1 Evacuation Pause) 48M->44M(64M) 6.457ms
[2026-06-17T10:06:42.583+0800][22.233s][info][gc,cpu      ] GC(768) User=0.00s Sys=0.00s Real=0.01s
[2026-06-17T10:06:42.604+0800][22.255s][info][gc,start    ] GC(769) Pause Young (Mixed) (G1 Evacuation Pause)
[2026-06-17T10:06:42.606+0800][22.257s][info][gc,task     ] GC(769) Using 2 workers of 18 for evacuation
[2026-06-17T10:06:42.608+0800][22.258s][info][gc,phases   ] GC(769)   Pre Evacuate Collection Set: 0.14ms
[2026-06-17T10:06:42.608+0800][22.259s][info][gc,phases   ] GC(769)   Merge Heap Roots: 0.05ms
[2026-06-17T10:06:42.609+0800][22.259s][info][gc,phases   ] GC(769)   Evacuate Collection Set: 0.55ms
[2026-06-17T10:06:42.610+0800][22.260s][info][gc,phases   ] GC(769)   Post Evacuate Collection Set: 0.31ms
[2026-06-17T10:06:42.610+0800][22.261s][info][gc,phases   ] GC(769)   Other: 0.55ms
[2026-06-17T10:06:42.611+0800][22.261s][info][gc,heap     ] GC(769) Eden regions: 9->0(9)
[2026-06-17T10:06:42.611+0800][22.262s][info][gc,heap     ] GC(769) Survivor regions: 1->2(2)
[2026-06-17T10:06:42.612+0800][22.262s][info][gc,heap     ] GC(769) Old regions: 30->28
[2026-06-17T10:06:42.612+0800][22.263s][info][gc,heap     ] GC(769) Humongous regions: 14->14
[2026-06-17T10:06:42.613+0800][22.263s][info][gc,metaspace] GC(769) Metaspace: 116K(320K)->116K(320K) NonClass: 109K(192K)->109K(192K) Class: 7K(128K)->7K(128K)
[2026-06-17T10:06:42.613+0800][22.264s][info][gc          ] GC(769) Pause Young (Mixed) (G1 Evacuation Pause) 53M->43M(64M) 9.017ms
[2026-06-17T10:06:42.614+0800][22.265s][info][gc,cpu      ] GC(769) User=0.00s Sys=0.01s Real=0.01s
[2026-06-17T10:06:42.636+0800][22.286s][info][gc,start    ] GC(770) Pause Young (Mixed) (G1 Evacuation Pause)
[2026-06-17T10:06:42.636+0800][22.287s][info][gc,task     ] GC(770) Using 2 workers of 18 for evacuation
[2026-06-17T10:06:42.637+0800][22.288s][info][gc,phases   ] GC(770)   Pre Evacuate Collection Set: 0.15ms
[2026-06-17T10:06:42.638+0800][22.288s][info][gc,phases   ] GC(770)   Merge Heap Roots: 0.08ms
[2026-06-17T10:06:42.638+0800][22.289s][info][gc,phases   ] GC(770)   Evacuate Collection Set: 0.39ms
[2026-06-17T10:06:42.638+0800][22.289s][info][gc,phases   ] GC(770)   Post Evacuate Collection Set: 0.36ms
[2026-06-17T10:06:42.638+0800][22.289s][info][gc,phases   ] GC(770)   Other: 0.30ms
[2026-06-17T10:06:42.639+0800][22.289s][info][gc,heap     ] GC(770) Eden regions: 9->0(11)
[2026-06-17T10:06:42.639+0800][22.289s][info][gc,heap     ] GC(770) Survivor regions: 2->2(2)
[2026-06-17T10:06:42.639+0800][22.290s][info][gc,heap     ] GC(770) Old regions: 28->26
[2026-06-17T10:06:42.639+0800][22.290s][info][gc,heap     ] GC(770) Humongous regions: 14->14
[2026-06-17T10:06:42.639+0800][22.290s][info][gc,metaspace] GC(770) Metaspace: 116K(320K)->116K(320K) NonClass: 109K(192K)->109K(192K) Class: 7K(128K)->7K(128K)
[2026-06-17T10:06:42.639+0800][22.290s][info][gc          ] GC(770) Pause Young (Mixed) (G1 Evacuation Pause) 52M->40M(64M) 3.786ms
[2026-06-17T10:06:42.640+0800][22.290s][info][gc,cpu      ] GC(770) User=0.00s Sys=0.00s Real=0.00s
[2026-06-17T10:06:42.672+0800][22.322s][info][gc,start    ] GC(771) Pause Young (Concurrent Start) (G1 Evacuation Pause)
[2026-06-17T10:06:42.675+0800][22.326s][info][gc,task     ] GC(771) Using 2 workers of 18 for evacuation
[2026-06-17T10:06:42.678+0800][22.328s][info][gc,phases   ] GC(771)   Pre Evacuate Collection Set: 0.36ms
[2026-06-17T10:06:42.680+0800][22.331s][info][gc,phases   ] GC(771)   Merge Heap Roots: 0.06ms
[2026-06-17T10:06:42.683+0800][22.333s][info][gc,phases   ] GC(771)   Evacuate Collection Set: 0.35ms
[2026-06-17T10:06:42.690+0800][22.340s][info][gc,phases   ] GC(771)   Post Evacuate Collection Set: 0.43ms
[2026-06-17T10:06:42.691+0800][22.342s][info][gc,phases   ] GC(771)   Other: 1.17ms
[2026-06-17T10:06:42.692+0800][22.343s][info][gc,heap     ] GC(771) Eden regions: 11->0(11)
[2026-06-17T10:06:42.700+0800][22.350s][info][gc,heap     ] GC(771) Survivor regions: 2->2(2)
[2026-06-17T10:06:42.710+0800][22.360s][info][gc,heap     ] GC(771) Old regions: 26->27
[2026-06-17T10:06:42.710+0800][22.360s][info][gc,heap     ] GC(771) Humongous regions: 14->14
[2026-06-17T10:06:42.711+0800][22.361s][info][gc,metaspace] GC(771) Metaspace: 116K(320K)->116K(320K) NonClass: 109K(192K)->109K(192K) Class: 7K(128K)->7K(128K)
[2026-06-17T10:06:42.711+0800][22.361s][info][gc          ] GC(771) Pause Young (Concurrent Start) (G1 Evacuation Pause) 51M->42M(64M) 39.369ms
[2026-06-17T10:06:42.711+0800][22.362s][info][gc,cpu      ] GC(771) User=0.01s Sys=0.00s Real=0.04s
[2026-06-17T10:06:42.711+0800][22.362s][info][gc          ] GC(772) Concurrent Mark Cycle
[2026-06-17T10:06:42.712+0800][22.362s][info][gc,marking  ] GC(772) Concurrent Scan Root Regions
[2026-06-17T10:06:42.712+0800][22.363s][info][gc,marking  ] GC(772) Concurrent Scan Root Regions 0.401ms
[2026-06-17T10:06:42.713+0800][22.363s][info][gc,marking  ] GC(772) Concurrent Mark
[2026-06-17T10:06:42.713+0800][22.363s][info][gc,marking  ] GC(772) Concurrent Mark From Roots
[2026-06-17T10:06:42.713+0800][22.364s][info][gc,task     ] GC(772) Using 5 workers of 5 for marking
[2026-06-17T10:06:42.714+0800][22.365s][info][gc,marking  ] GC(772) Concurrent Mark From Roots 1.498ms
[2026-06-17T10:06:42.715+0800][22.365s][info][gc,marking  ] GC(772) Concurrent Preclean
[2026-06-17T10:06:42.715+0800][22.365s][info][gc,marking  ] GC(772) Concurrent Preclean 0.102ms
[2026-06-17T10:06:42.715+0800][22.365s][info][gc,start    ] GC(772) Pause Remark
[2026-06-17T10:06:42.715+0800][22.366s][info][gc          ] GC(772) Pause Remark 43M->43M(64M) 0.373ms
[2026-06-17T10:06:42.715+0800][22.366s][info][gc,cpu      ] GC(772) User=0.00s Sys=0.00s Real=0.00s
[2026-06-17T10:06:42.715+0800][22.366s][info][gc,marking  ] GC(772) Concurrent Mark 2.883ms
[2026-06-17T10:06:42.715+0800][22.366s][info][gc,marking  ] GC(772) Concurrent Rebuild Remembered Sets and Scrub Regions
[2026-06-17T10:06:42.716+0800][22.366s][info][gc,marking  ] GC(772) Concurrent Rebuild Remembered Sets and Scrub Regions 0.442ms
[2026-06-17T10:06:42.716+0800][22.367s][info][gc,start    ] GC(772) Pause Cleanup
[2026-06-17T10:06:42.716+0800][22.367s][info][gc          ] GC(772) Pause Cleanup 43M->43M(64M) 0.139ms
[2026-06-17T10:06:42.716+0800][22.367s][info][gc,cpu      ] GC(772) User=0.00s Sys=0.00s Real=0.00s
[2026-06-17T10:06:42.717+0800][22.367s][info][gc,marking  ] GC(772) Concurrent Clear Claimed Marks
[2026-06-17T10:06:42.717+0800][22.367s][info][gc,marking  ] GC(772) Concurrent Clear Claimed Marks 0.147ms
[2026-06-17T10:06:42.717+0800][22.367s][info][gc,marking  ] GC(772) Concurrent Cleanup for Next Mark
[2026-06-17T10:06:42.717+0800][22.368s][info][gc,marking  ] GC(772) Concurrent Cleanup for Next Mark 0.242ms
[2026-06-17T10:06:42.717+0800][22.368s][info][gc          ] GC(772) Concurrent Mark Cycle 6.108ms
[2026-06-17T10:06:42.743+0800][22.394s][info][gc,start    ] GC(773) Pause Young (Prepare Mixed) (G1 Evacuation Pause)
[2026-06-17T10:06:42.744+0800][22.394s][info][gc,task     ] GC(773) Using 2 workers of 18 for evacuation
[2026-06-17T10:06:42.745+0800][22.395s][info][gc,phases   ] GC(773)   Pre Evacuate Collection Set: 0.20ms
[2026-06-17T10:06:42.745+0800][22.396s][info][gc,phases   ] GC(773)   Merge Heap Roots: 0.06ms
[2026-06-17T10:06:42.745+0800][22.396s][info][gc,phases   ] GC(773)   Evacuate Collection Set: 0.38ms
[2026-06-17T10:06:42.746+0800][22.396s][info][gc,phases   ] GC(773)   Post Evacuate Collection Set: 0.28ms
[2026-06-17T10:06:42.746+0800][22.396s][info][gc,phases   ] GC(773)   Other: 0.27ms
[2026-06-17T10:06:42.746+0800][22.397s][info][gc,heap     ] GC(773) Eden regions: 11->0(9)
[2026-06-17T10:06:42.746+0800][22.397s][info][gc,heap     ] GC(773) Survivor regions: 2->2(2)
[2026-06-17T10:06:42.747+0800][22.397s][info][gc,heap     ] GC(773) Old regions: 27->31
[2026-06-17T10:06:42.747+0800][22.398s][info][gc,heap     ] GC(773) Humongous regions: 14->14
[2026-06-17T10:06:42.747+0800][22.398s][info][gc,metaspace] GC(773) Metaspace: 116K(320K)->116K(320K) NonClass: 109K(192K)->109K(192K) Class: 7K(128K)->7K(128K)
[2026-06-17T10:06:42.747+0800][22.398s][info][gc          ] GC(773) Pause Young (Prepare Mixed) (G1 Evacuation Pause) 53M->46M(64M) 4.171ms
[2026-06-17T10:06:42.747+0800][22.398s][info][gc,cpu      ] GC(773) User=0.00s Sys=0.00s Real=0.00s
[2026-06-17T10:06:42.769+0800][22.419s][info][gc,start    ] GC(774) Pause Young (Mixed) (G1 Evacuation Pause)
[2026-06-17T10:06:42.769+0800][22.420s][info][gc,task     ] GC(774) Using 2 workers of 18 for evacuation
[2026-06-17T10:06:42.770+0800][22.421s][info][gc,phases   ] GC(774)   Pre Evacuate Collection Set: 0.13ms
[2026-06-17T10:06:42.771+0800][22.421s][info][gc,phases   ] GC(774)   Merge Heap Roots: 0.08ms
[2026-06-17T10:06:42.771+0800][22.421s][info][gc,phases   ] GC(774)   Evacuate Collection Set: 0.41ms
[2026-06-17T10:06:42.771+0800][22.422s][info][gc,phases   ] GC(774)   Post Evacuate Collection Set: 0.29ms
[2026-06-17T10:06:42.771+0800][22.422s][info][gc,phases   ] GC(774)   Other: 0.27ms
[2026-06-17T10:06:42.772+0800][22.422s][info][gc,heap     ] GC(774) Eden regions: 9->0(4)
[2026-06-17T10:06:42.772+0800][22.422s][info][gc,heap     ] GC(774) Survivor regions: 2->2(2)
[2026-06-17T10:06:42.772+0800][22.423s][info][gc,heap     ] GC(774) Old regions: 31->35
[2026-06-17T10:06:42.772+0800][22.423s][info][gc,heap     ] GC(774) Humongous regions: 16->16
[2026-06-17T10:06:42.772+0800][22.423s][info][gc,metaspace] GC(774) Metaspace: 116K(320K)->116K(320K) NonClass: 109K(192K)->109K(192K) Class: 7K(128K)->7K(128K)
[2026-06-17T10:06:42.772+0800][22.423s][info][gc          ] GC(774) Pause Young (Mixed) (G1 Evacuation Pause) (Evacuation Failure: Allocation) 57M->53M(64M) 3.541ms
[2026-06-17T10:06:42.772+0800][22.423s][info][gc,cpu      ] GC(774) User=0.00s Sys=0.00s Real=0.01s
[2026-06-17T10:06:42.783+0800][22.434s][info][gc,start    ] GC(775) Pause Young (Concurrent Start) (G1 Evacuation Pause)
[2026-06-17T10:06:42.783+0800][22.434s][info][gc,task     ] GC(775) Using 2 workers of 18 for evacuation
[2026-06-17T10:06:42.784+0800][22.435s][info][gc,phases   ] GC(775)   Pre Evacuate Collection Set: 0.20ms
[2026-06-17T10:06:42.784+0800][22.435s][info][gc,phases   ] GC(775)   Merge Heap Roots: 0.04ms
[2026-06-17T10:06:42.784+0800][22.435s][info][gc,phases   ] GC(775)   Evacuate Collection Set: 0.19ms
[2026-06-17T10:06:42.784+0800][22.435s][info][gc,phases   ] GC(775)   Post Evacuate Collection Set: 0.17ms
[2026-06-17T10:06:42.784+0800][22.435s][info][gc,phases   ] GC(775)   Other: 0.21ms
[2026-06-17T10:06:42.785+0800][22.435s][info][gc,heap     ] GC(775) Eden regions: 4->0(9)
[2026-06-17T10:06:42.785+0800][22.435s][info][gc,heap     ] GC(775) Survivor regions: 2->1(1)
[2026-06-17T10:06:42.785+0800][22.435s][info][gc,heap     ] GC(775) Old regions: 35->31
[2026-06-17T10:06:42.785+0800][22.435s][info][gc,heap     ] GC(775) Humongous regions: 16->16
[2026-06-17T10:06:42.785+0800][22.435s][info][gc,metaspace] GC(775) Metaspace: 116K(320K)->116K(320K) NonClass: 109K(192K)->109K(192K) Class: 7K(128K)->7K(128K)
[2026-06-17T10:06:42.785+0800][22.435s][info][gc          ] GC(775) Pause Young (Concurrent Start) (G1 Evacuation Pause) 56M->46M(64M) 1.916ms
[2026-06-17T10:06:42.785+0800][22.436s][info][gc,cpu      ] GC(775) User=0.00s Sys=0.00s Real=0.00s
[2026-06-17T10:06:42.785+0800][22.436s][info][gc          ] GC(776) Concurrent Mark Cycle
[2026-06-17T10:06:42.785+0800][22.436s][info][gc,marking  ] GC(776) Concurrent Scan Root Regions
[2026-06-17T10:06:42.785+0800][22.436s][info][gc,marking  ] GC(776) Concurrent Scan Root Regions 0.148ms
[2026-06-17T10:06:42.786+0800][22.436s][info][gc,marking  ] GC(776) Concurrent Mark
[2026-06-17T10:06:42.786+0800][22.436s][info][gc,marking  ] GC(776) Concurrent Mark From Roots
[2026-06-17T10:06:42.786+0800][22.436s][info][gc,task     ] GC(776) Using 5 workers of 5 for marking
[2026-06-17T10:06:42.787+0800][22.438s][info][gc,marking  ] GC(776) Concurrent Mark From Roots 1.411ms
[2026-06-17T10:06:42.787+0800][22.438s][info][gc,marking  ] GC(776) Concurrent Preclean
[2026-06-17T10:06:42.787+0800][22.438s][info][gc,marking  ] GC(776) Concurrent Preclean 0.190ms
[2026-06-17T10:06:42.787+0800][22.438s][info][gc,start    ] GC(776) Pause Remark
[2026-06-17T10:06:42.788+0800][22.438s][info][gc          ] GC(776) Pause Remark 48M->40M(64M) 0.385ms
[2026-06-17T10:06:42.788+0800][22.439s][info][gc,cpu      ] GC(776) User=0.00s Sys=0.00s Real=0.00s
[2026-06-17T10:06:42.788+0800][22.439s][info][gc,marking  ] GC(776) Concurrent Mark 2.592ms
[2026-06-17T10:06:42.788+0800][22.439s][info][gc,marking  ] GC(776) Concurrent Rebuild Remembered Sets and Scrub Regions
[2026-06-17T10:06:42.789+0800][22.439s][info][gc,marking  ] GC(776) Concurrent Rebuild Remembered Sets and Scrub Regions 0.407ms
[2026-06-17T10:06:42.789+0800][22.439s][info][gc,start    ] GC(776) Pause Cleanup
[2026-06-17T10:06:42.789+0800][22.439s][info][gc          ] GC(776) Pause Cleanup 40M->40M(64M) 0.106ms
[2026-06-17T10:06:42.789+0800][22.439s][info][gc,cpu      ] GC(776) User=0.00s Sys=0.00s Real=0.00s
[2026-06-17T10:06:42.789+0800][22.440s][info][gc,marking  ] GC(776) Concurrent Clear Claimed Marks
[2026-06-17T10:06:42.789+0800][22.440s][info][gc,marking  ] GC(776) Concurrent Clear Claimed Marks 0.100ms
[2026-06-17T10:06:42.789+0800][22.440s][info][gc,marking  ] GC(776) Concurrent Cleanup for Next Mark
[2026-06-17T10:06:42.789+0800][22.440s][info][gc,marking  ] GC(776) Concurrent Cleanup for Next Mark 0.221ms
[2026-06-17T10:06:42.790+0800][22.440s][info][gc          ] GC(776) Concurrent Mark Cycle 4.656ms
[2026-06-17T10:06:42.816+0800][22.467s][info][gc,start    ] GC(777) Pause Young (Prepare Mixed) (G1 Evacuation Pause)
[2026-06-17T10:06:42.817+0800][22.467s][info][gc,task     ] GC(777) Using 2 workers of 18 for evacuation
[2026-06-17T10:06:42.818+0800][22.468s][info][gc,phases   ] GC(777)   Pre Evacuate Collection Set: 0.16ms
[2026-06-17T10:06:42.818+0800][22.469s][info][gc,phases   ] GC(777)   Merge Heap Roots: 0.06ms
[2026-06-17T10:06:42.818+0800][22.469s][info][gc,phases   ] GC(777)   Evacuate Collection Set: 0.20ms
[2026-06-17T10:06:42.818+0800][22.469s][info][gc,phases   ] GC(777)   Post Evacuate Collection Set: 0.19ms
[2026-06-17T10:06:42.819+0800][22.469s][info][gc,phases   ] GC(777)   Other: 0.69ms
[2026-06-17T10:06:42.819+0800][22.469s][info][gc,heap     ] GC(777) Eden regions: 9->0(11)
[2026-06-17T10:06:42.819+0800][22.469s][info][gc,heap     ] GC(777) Survivor regions: 1->2(2)
[2026-06-17T10:06:42.819+0800][22.469s][info][gc,heap     ] GC(777) Old regions: 23->24
[2026-06-17T10:06:42.819+0800][22.469s][info][gc,heap     ] GC(777) Humongous regions: 16->16
[2026-06-17T10:06:42.819+0800][22.470s][info][gc,metaspace] GC(777) Metaspace: 116K(320K)->116K(320K) NonClass: 109K(192K)->109K(192K) Class: 7K(128K)->7K(128K)
[2026-06-17T10:06:42.819+0800][22.470s][info][gc          ] GC(777) Pause Young (Prepare Mixed) (G1 Evacuation Pause) 47M->41M(64M) 2.845ms
[2026-06-17T10:06:42.819+0800][22.470s][info][gc,cpu      ] GC(777) User=0.01s Sys=0.00s Real=0.00s
[2026-06-17T10:06:42.841+0800][22.491s][info][gc,start    ] GC(778) Pause Young (Mixed) (G1 Evacuation Pause)
[2026-06-17T10:06:42.842+0800][22.492s][info][gc,task     ] GC(778) Using 2 workers of 18 for evacuation
[2026-06-17T10:06:42.843+0800][22.494s][info][gc,phases   ] GC(778)   Pre Evacuate Collection Set: 0.16ms
[2026-06-17T10:06:42.844+0800][22.494s][info][gc,phases   ] GC(778)   Merge Heap Roots: 0.06ms
[2026-06-17T10:06:42.844+0800][22.494s][info][gc,phases   ] GC(778)   Evacuate Collection Set: 0.58ms
[2026-06-17T10:06:42.844+0800][22.494s][info][gc,phases   ] GC(778)   Post Evacuate Collection Set: 0.38ms
[2026-06-17T10:06:42.844+0800][22.494s][info][gc,phases   ] GC(778)   Other: 0.29ms
[2026-06-17T10:06:42.844+0800][22.495s][info][gc,heap     ] GC(778) Eden regions: 11->0(11)
[2026-06-17T10:06:42.844+0800][22.495s][info][gc,heap     ] GC(778) Survivor regions: 2->2(2)
[2026-06-17T10:06:42.844+0800][22.495s][info][gc,heap     ] GC(778) Old regions: 24->23
[2026-06-17T10:06:42.844+0800][22.495s][info][gc,heap     ] GC(778) Humongous regions: 16->16
[2026-06-17T10:06:42.845+0800][22.495s][info][gc,metaspace] GC(778) Metaspace: 116K(320K)->116K(320K) NonClass: 109K(192K)->109K(192K) Class: 7K(128K)->7K(128K)
[2026-06-17T10:06:42.845+0800][22.495s][info][gc          ] GC(778) Pause Young (Mixed) (G1 Evacuation Pause) 52M->40M(64M) 4.218ms
[2026-06-17T10:06:42.845+0800][22.496s][info][gc,cpu      ] GC(778) User=0.00s Sys=0.00s Real=0.01s
[2026-06-17T10:06:42.877+0800][22.527s][info][gc,start    ] GC(779) Pause Young (Concurrent Start) (G1 Evacuation Pause)
[2026-06-17T10:06:42.878+0800][22.529s][info][gc,task     ] GC(779) Using 2 workers of 18 for evacuation
[2026-06-17T10:06:42.879+0800][22.530s][info][gc,phases   ] GC(779)   Pre Evacuate Collection Set: 0.28ms
[2026-06-17T10:06:42.880+0800][22.530s][info][gc,phases   ] GC(779)   Merge Heap Roots: 0.05ms
[2026-06-17T10:06:42.880+0800][22.531s][info][gc,phases   ] GC(779)   Evacuate Collection Set: 0.33ms
[2026-06-17T10:06:42.880+0800][22.531s][info][gc,phases   ] GC(779)   Post Evacuate Collection Set: 0.23ms
[2026-06-17T10:06:42.881+0800][22.531s][info][gc,phases   ] GC(779)   Other: 0.44ms
[2026-06-17T10:06:42.881+0800][22.531s][info][gc,heap     ] GC(779) Eden regions: 11->0(10)
[2026-06-17T10:06:42.881+0800][22.532s][info][gc,heap     ] GC(779) Survivor regions: 2->2(2)
[2026-06-17T10:06:42.881+0800][22.532s][info][gc,heap     ] GC(779) Old regions: 23->26
[2026-06-17T10:06:42.882+0800][22.532s][info][gc,heap     ] GC(779) Humongous regions: 16->16
[2026-06-17T10:06:42.882+0800][22.532s][info][gc,metaspace] GC(779) Metaspace: 116K(320K)->116K(320K) NonClass: 109K(192K)->109K(192K) Class: 7K(128K)->7K(128K)
[2026-06-17T10:06:42.882+0800][22.533s][info][gc          ] GC(779) Pause Young (Concurrent Start) (G1 Evacuation Pause) 51M->43M(64M) 5.137ms
[2026-06-17T10:06:42.882+0800][22.533s][info][gc,cpu      ] GC(779) User=0.00s Sys=0.00s Real=0.00s
[2026-06-17T10:06:42.882+0800][22.533s][info][gc          ] GC(780) Concurrent Mark Cycle
[2026-06-17T10:06:42.883+0800][22.533s][info][gc,marking  ] GC(780) Concurrent Scan Root Regions
[2026-06-17T10:06:42.883+0800][22.534s][info][gc,marking  ] GC(780) Concurrent Scan Root Regions 0.424ms
[2026-06-17T10:06:42.884+0800][22.534s][info][gc,marking  ] GC(780) Concurrent Mark
[2026-06-17T10:06:42.884+0800][22.534s][info][gc,marking  ] GC(780) Concurrent Mark From Roots
[2026-06-17T10:06:42.884+0800][22.534s][info][gc,task     ] GC(780) Using 5 workers of 5 for marking
[2026-06-17T10:06:42.885+0800][22.536s][info][gc,marking  ] GC(780) Concurrent Mark From Roots 1.244ms
[2026-06-17T10:06:42.885+0800][22.536s][info][gc,marking  ] GC(780) Concurrent Preclean
[2026-06-17T10:06:42.885+0800][22.536s][info][gc,marking  ] GC(780) Concurrent Preclean 0.104ms
[2026-06-17T10:06:42.885+0800][22.536s][info][gc,start    ] GC(780) Pause Remark
[2026-06-17T10:06:42.886+0800][22.536s][info][gc          ] GC(780) Pause Remark 46M->46M(64M) 0.430ms
[2026-06-17T10:06:42.886+0800][22.536s][info][gc,cpu      ] GC(780) User=0.00s Sys=0.00s Real=0.00s
[2026-06-17T10:06:42.886+0800][22.537s][info][gc,marking  ] GC(780) Concurrent Mark 2.609ms
[2026-06-17T10:06:42.886+0800][22.537s][info][gc,marking  ] GC(780) Concurrent Rebuild Remembered Sets and Scrub Regions
[2026-06-17T10:06:42.887+0800][22.537s][info][gc,marking  ] GC(780) Concurrent Rebuild Remembered Sets and Scrub Regions 0.582ms
[2026-06-17T10:06:42.887+0800][22.538s][info][gc,start    ] GC(780) Pause Cleanup
[2026-06-17T10:06:42.887+0800][22.538s][info][gc          ] GC(780) Pause Cleanup 46M->46M(64M) 0.103ms
[2026-06-17T10:06:42.887+0800][22.538s][info][gc,cpu      ] GC(780) User=0.00s Sys=0.00s Real=0.00s
[2026-06-17T10:06:42.887+0800][22.538s][info][gc,marking  ] GC(780) Concurrent Clear Claimed Marks
[2026-06-17T10:06:42.887+0800][22.538s][info][gc,marking  ] GC(780) Concurrent Clear Claimed Marks 0.078ms
[2026-06-17T10:06:42.887+0800][22.538s][info][gc,marking  ] GC(780) Concurrent Cleanup for Next Mark
[2026-06-17T10:06:42.888+0800][22.538s][info][gc,marking  ] GC(780) Concurrent Cleanup for Next Mark 0.195ms
[2026-06-17T10:06:42.888+0800][22.538s][info][gc          ] GC(780) Concurrent Mark Cycle 5.579ms
[2026-06-17T10:06:42.904+0800][22.554s][info][gc,start    ] GC(781) Pause Young (Prepare Mixed) (G1 Evacuation Pause)
[2026-06-17T10:06:42.904+0800][22.555s][info][gc,task     ] GC(781) Using 2 workers of 18 for evacuation
[2026-06-17T10:06:42.905+0800][22.556s][info][gc,phases   ] GC(781)   Pre Evacuate Collection Set: 0.14ms
[2026-06-17T10:06:42.905+0800][22.556s][info][gc,phases   ] GC(781)   Merge Heap Roots: 0.06ms
[2026-06-17T10:06:42.906+0800][22.556s][info][gc,phases   ] GC(781)   Evacuate Collection Set: 0.38ms
[2026-06-17T10:06:42.906+0800][22.556s][info][gc,phases   ] GC(781)   Post Evacuate Collection Set: 0.20ms
[2026-06-17T10:06:42.906+0800][22.557s][info][gc,phases   ] GC(781)   Other: 0.37ms
[2026-06-17T10:06:42.906+0800][22.557s][info][gc,heap     ] GC(781) Eden regions: 10->0(7)
[2026-06-17T10:06:42.906+0800][22.557s][info][gc,heap     ] GC(781) Survivor regions: 2->2(2)
[2026-06-17T10:06:42.906+0800][22.557s][info][gc,heap     ] GC(781) Old regions: 26->29
[2026-06-17T10:06:42.907+0800][22.557s][info][gc,heap     ] GC(781) Humongous regions: 16->16
[2026-06-17T10:06:42.907+0800][22.557s][info][gc,metaspace] GC(781) Metaspace: 116K(320K)->116K(320K) NonClass: 109K(192K)->109K(192K) Class: 7K(128K)->7K(128K)
[2026-06-17T10:06:42.907+0800][22.557s][info][gc          ] GC(781) Pause Young (Prepare Mixed) (G1 Evacuation Pause) 53M->46M(64M) 3.242ms
[2026-06-17T10:06:42.907+0800][22.558s][info][gc,cpu      ] GC(781) User=0.00s Sys=0.00s Real=0.00s
[2026-06-17T10:06:42.928+0800][22.579s][info][gc,start    ] GC(782) Pause Young (Mixed) (G1 Evacuation Pause)
[2026-06-17T10:06:42.930+0800][22.580s][info][gc,task     ] GC(782) Using 2 workers of 18 for evacuation
[2026-06-17T10:06:42.931+0800][22.581s][info][gc,phases   ] GC(782)   Pre Evacuate Collection Set: 0.12ms
[2026-06-17T10:06:42.932+0800][22.583s][info][gc,phases   ] GC(782)   Merge Heap Roots: 0.05ms
[2026-06-17T10:06:42.933+0800][22.583s][info][gc,phases   ] GC(782)   Evacuate Collection Set: 0.42ms
[2026-06-17T10:06:42.936+0800][22.587s][info][gc,phases   ] GC(782)   Post Evacuate Collection Set: 0.29ms
[2026-06-17T10:06:42.943+0800][22.593s][info][gc,phases   ] GC(782)   Other: 0.30ms
[2026-06-17T10:06:43.001+0800][22.651s][info][gc,heap     ] GC(782) Eden regions: 7->0(8)
[2026-06-17T10:06:43.001+0800][22.652s][info][gc,heap     ] GC(782) Survivor regions: 2->2(2)
[2026-06-17T10:06:43.006+0800][22.656s][info][gc,heap     ] GC(782) Old regions: 29->28
[2026-06-17T10:06:43.016+0800][22.666s][info][gc,heap     ] GC(782) Humongous regions: 16->16
[2026-06-17T10:06:43.018+0800][22.668s][info][gc,metaspace] GC(782) Metaspace: 116K(320K)->116K(320K) NonClass: 109K(192K)->109K(192K) Class: 7K(128K)->7K(128K)
[2026-06-17T10:06:43.018+0800][22.668s][info][gc          ] GC(782) Pause Young (Mixed) (G1 Evacuation Pause) 53M->45M(64M) 89.530ms
[2026-06-17T10:06:43.018+0800][22.669s][info][gc,cpu      ] GC(782) User=0.00s Sys=0.00s Real=0.09s
[2026-06-17T10:06:43.039+0800][22.690s][info][gc,start    ] GC(783) Pause Young (Concurrent Start) (G1 Evacuation Pause)
[2026-06-17T10:06:43.040+0800][22.690s][info][gc,task     ] GC(783) Using 2 workers of 18 for evacuation
[2026-06-17T10:06:43.041+0800][22.692s][info][gc,phases   ] GC(783)   Pre Evacuate Collection Set: 0.31ms
[2026-06-17T10:06:43.042+0800][22.692s][info][gc,phases   ] GC(783)   Merge Heap Roots: 0.13ms
[2026-06-17T10:06:43.042+0800][22.693s][info][gc,phases   ] GC(783)   Evacuate Collection Set: 0.38ms
[2026-06-17T10:06:43.050+0800][22.701s][info][gc,phases   ] GC(783)   Post Evacuate Collection Set: 0.25ms
[2026-06-17T10:06:43.053+0800][22.704s][info][gc,phases   ] GC(783)   Other: 0.36ms
[2026-06-17T10:06:43.054+0800][22.704s][info][gc,heap     ] GC(783) Eden regions: 8->0(7)
[2026-06-17T10:06:43.054+0800][22.705s][info][gc,heap     ] GC(783) Survivor regions: 2->2(2)
[2026-06-17T10:06:43.054+0800][22.705s][info][gc,heap     ] GC(783) Old regions: 28->29
[2026-06-17T10:06:43.055+0800][22.705s][info][gc,heap     ] GC(783) Humongous regions: 16->16
[2026-06-17T10:06:43.057+0800][22.708s][info][gc,metaspace] GC(783) Metaspace: 116K(320K)->116K(320K) NonClass: 109K(192K)->109K(192K) Class: 7K(128K)->7K(128K)
[2026-06-17T10:06:43.059+0800][22.710s][info][gc          ] GC(783) Pause Young (Concurrent Start) (G1 Evacuation Pause) 53M->46M(64M) 19.787ms
[2026-06-17T10:06:43.060+0800][22.711s][info][gc,cpu      ] GC(783) User=0.00s Sys=0.00s Real=0.02s
[2026-06-17T10:06:43.060+0800][22.711s][info][gc          ] GC(784) Concurrent Mark Cycle
[2026-06-17T10:06:43.064+0800][22.715s][info][gc,marking  ] GC(784) Concurrent Scan Root Regions
[2026-06-17T10:06:43.065+0800][22.715s][info][gc,marking  ] GC(784) Concurrent Scan Root Regions 0.710ms
[2026-06-17T10:06:43.066+0800][22.717s][info][gc,marking  ] GC(784) Concurrent Mark
[2026-06-17T10:06:43.066+0800][22.717s][info][gc,marking  ] GC(784) Concurrent Mark From Roots
[2026-06-17T10:06:43.067+0800][22.717s][info][gc,task     ] GC(784) Using 5 workers of 5 for marking
[2026-06-17T10:06:43.072+0800][22.723s][info][gc,start    ] GC(785) Pause Young (Normal) (G1 Evacuation Pause)
[2026-06-17T10:06:43.074+0800][22.725s][info][gc,task     ] GC(785) Using 2 workers of 18 for evacuation
[2026-06-17T10:06:43.081+0800][22.731s][info][gc,phases   ] GC(785)   Pre Evacuate Collection Set: 0.13ms
[2026-06-17T10:06:43.084+0800][22.735s][info][gc,phases   ] GC(785)   Merge Heap Roots: 0.06ms
[2026-06-17T10:06:43.085+0800][22.736s][info][gc,phases   ] GC(785)   Evacuate Collection Set: 0.20ms
[2026-06-17T10:06:43.087+0800][22.738s][info][gc,phases   ] GC(785)   Post Evacuate Collection Set: 0.16ms
[2026-06-17T10:06:43.090+0800][22.740s][info][gc,phases   ] GC(785)   Other: 6.20ms
[2026-06-17T10:06:43.091+0800][22.742s][info][gc,heap     ] GC(785) Eden regions: 7->0(8)
[2026-06-17T10:06:43.093+0800][22.743s][info][gc,heap     ] GC(785) Survivor regions: 2->1(2)
[2026-06-17T10:06:43.096+0800][22.746s][info][gc,heap     ] GC(785) Old regions: 29->30
[2026-06-17T10:06:43.096+0800][22.746s][info][gc,heap     ] GC(785) Humongous regions: 16->16
[2026-06-17T10:06:43.097+0800][22.747s][info][gc,metaspace] GC(785) Metaspace: 116K(320K)->116K(320K) NonClass: 109K(192K)->109K(192K) Class: 7K(128K)->7K(128K)
[2026-06-17T10:06:43.098+0800][22.749s][info][gc          ] GC(785) Pause Young (Normal) (G1 Evacuation Pause) 53M->46M(64M) 25.506ms
[2026-06-17T10:06:43.099+0800][22.750s][info][gc,cpu      ] GC(785) User=0.00s Sys=0.00s Real=0.02s
[2026-06-17T10:06:43.104+0800][22.754s][info][gc,marking  ] GC(784) Concurrent Mark From Roots 37.106ms
[2026-06-17T10:06:43.104+0800][22.755s][info][gc,marking  ] GC(784) Concurrent Preclean
[2026-06-17T10:06:43.106+0800][22.757s][info][gc,marking  ] GC(784) Concurrent Preclean 1.772ms
[2026-06-17T10:06:43.108+0800][22.759s][info][gc,start    ] GC(784) Pause Remark
[2026-06-17T10:06:43.111+0800][22.761s][info][gc          ] GC(784) Pause Remark 49M->43M(64M) 2.195ms
[2026-06-17T10:06:43.112+0800][22.763s][info][gc,cpu      ] GC(784) User=0.00s Sys=0.00s Real=0.01s
[2026-06-17T10:06:43.114+0800][22.764s][info][gc,marking  ] GC(784) Concurrent Mark 47.709ms
[2026-06-17T10:06:43.114+0800][22.765s][info][gc,marking  ] GC(784) Concurrent Rebuild Remembered Sets and Scrub Regions
[2026-06-17T10:06:43.115+0800][22.766s][info][gc,marking  ] GC(784) Concurrent Rebuild Remembered Sets and Scrub Regions 1.107ms
[2026-06-17T10:06:43.116+0800][22.767s][info][gc,start    ] GC(784) Pause Cleanup
[2026-06-17T10:06:43.118+0800][22.768s][info][gc          ] GC(784) Pause Cleanup 46M->46M(64M) 1.348ms
[2026-06-17T10:06:43.118+0800][22.769s][info][gc,cpu      ] GC(784) User=0.00s Sys=0.00s Real=0.00s
[2026-06-17T10:06:43.119+0800][22.770s][info][gc,marking  ] GC(784) Concurrent Clear Claimed Marks
[2026-06-17T10:06:43.120+0800][22.771s][info][gc,marking  ] GC(784) Concurrent Clear Claimed Marks 0.958ms
[2026-06-17T10:06:43.122+0800][22.773s][info][gc,marking  ] GC(784) Concurrent Cleanup for Next Mark
[2026-06-17T10:06:43.124+0800][22.775s][info][gc,marking  ] GC(784) Concurrent Cleanup for Next Mark 2.189ms
[2026-06-17T10:06:43.126+0800][22.776s][info][gc          ] GC(784) Concurrent Mark Cycle 65.608ms
[2026-06-17T10:06:43.135+0800][22.786s][info][gc,start    ] GC(786) Pause Young (Prepare Mixed) (G1 Evacuation Pause)
[2026-06-17T10:06:43.138+0800][22.788s][info][gc,task     ] GC(786) Using 2 workers of 18 for evacuation
[2026-06-17T10:06:43.139+0800][22.790s][info][gc,phases   ] GC(786)   Pre Evacuate Collection Set: 0.12ms
[2026-06-17T10:06:43.140+0800][22.791s][info][gc,phases   ] GC(786)   Merge Heap Roots: 0.05ms
[2026-06-17T10:06:43.144+0800][22.794s][info][gc,phases   ] GC(786)   Evacuate Collection Set: 0.27ms
[2026-06-17T10:06:43.145+0800][22.795s][info][gc,phases   ] GC(786)   Post Evacuate Collection Set: 0.17ms
[2026-06-17T10:06:43.146+0800][22.797s][info][gc,phases   ] GC(786)   Other: 1.14ms
[2026-06-17T10:06:43.149+0800][22.799s][info][gc,heap     ] GC(786) Eden regions: 8->0(10)
[2026-06-17T10:06:43.151+0800][22.801s][info][gc,heap     ] GC(786) Survivor regions: 1->2(2)
[2026-06-17T10:06:43.154+0800][22.804s][info][gc,heap     ] GC(786) Old regions: 24->24
[2026-06-17T10:06:43.156+0800][22.806s][info][gc,heap     ] GC(786) Humongous regions: 18->18
[2026-06-17T10:06:43.157+0800][22.807s][info][gc,metaspace] GC(786) Metaspace: 116K(320K)->116K(320K) NonClass: 109K(192K)->109K(192K) Class: 7K(128K)->7K(128K)
[2026-06-17T10:06:43.158+0800][22.808s][info][gc          ] GC(786) Pause Young (Prepare Mixed) (G1 Evacuation Pause) 50M->43M(64M) 22.457ms
[2026-06-17T10:06:43.158+0800][22.809s][info][gc,cpu      ] GC(786) User=0.00s Sys=0.00s Real=0.02s
[2026-06-17T10:06:43.180+0800][22.830s][info][gc,start    ] GC(787) Pause Young (Mixed) (G1 Evacuation Pause)
[2026-06-17T10:06:43.180+0800][22.831s][info][gc,task     ] GC(787) Using 2 workers of 18 for evacuation
[2026-06-17T10:06:43.182+0800][22.832s][info][gc,phases   ] GC(787)   Pre Evacuate Collection Set: 0.18ms
[2026-06-17T10:06:43.182+0800][22.833s][info][gc,phases   ] GC(787)   Merge Heap Roots: 0.09ms
[2026-06-17T10:06:43.182+0800][22.833s][info][gc,phases   ] GC(787)   Evacuate Collection Set: 0.60ms
[2026-06-17T10:06:43.182+0800][22.833s][info][gc,phases   ] GC(787)   Post Evacuate Collection Set: 0.36ms
[2026-06-17T10:06:43.182+0800][22.833s][info][gc,phases   ] GC(787)   Other: 0.28ms
[2026-06-17T10:06:43.183+0800][22.833s][info][gc,heap     ] GC(787) Eden regions: 10->0(10)
[2026-06-17T10:06:43.183+0800][22.833s][info][gc,heap     ] GC(787) Survivor regions: 2->2(2)
[2026-06-17T10:06:43.183+0800][22.833s][info][gc,heap     ] GC(787) Old regions: 24->23
[2026-06-17T10:06:43.183+0800][22.833s][info][gc,heap     ] GC(787) Humongous regions: 18->18
[2026-06-17T10:06:43.183+0800][22.834s][info][gc,metaspace] GC(787) Metaspace: 116K(320K)->116K(320K) NonClass: 109K(192K)->109K(192K) Class: 7K(128K)->7K(128K)
[2026-06-17T10:06:43.183+0800][22.834s][info][gc          ] GC(787) Pause Young (Mixed) (G1 Evacuation Pause) 53M->42M(64M) 3.420ms
[2026-06-17T10:06:43.183+0800][22.834s][info][gc,cpu      ] GC(787) User=0.00s Sys=0.00s Real=0.01s
[2026-06-17T10:06:43.205+0800][22.855s][info][gc,start    ] GC(788) Pause Young (Concurrent Start) (G1 Evacuation Pause)
[2026-06-17T10:06:43.205+0800][22.856s][info][gc,task     ] GC(788) Using 2 workers of 18 for evacuation
[2026-06-17T10:06:43.207+0800][22.857s][info][gc,phases   ] GC(788)   Pre Evacuate Collection Set: 0.27ms
[2026-06-17T10:06:43.209+0800][22.860s][info][gc,phases   ] GC(788)   Merge Heap Roots: 0.05ms
[2026-06-17T10:06:43.212+0800][22.863s][info][gc,phases   ] GC(788)   Evacuate Collection Set: 0.51ms
[2026-06-17T10:06:43.213+0800][22.864s][info][gc,phases   ] GC(788)   Post Evacuate Collection Set: 0.20ms
[2026-06-17T10:06:43.214+0800][22.864s][info][gc,phases   ] GC(788)   Other: 0.54ms
[2026-06-17T10:06:43.214+0800][22.865s][info][gc,heap     ] GC(788) Eden regions: 10->0(6)
[2026-06-17T10:06:43.214+0800][22.865s][info][gc,heap     ] GC(788) Survivor regions: 2->2(2)
[2026-06-17T10:06:43.215+0800][22.865s][info][gc,heap     ] GC(788) Old regions: 23->28
[2026-06-17T10:06:43.215+0800][22.865s][info][gc,heap     ] GC(788) Humongous regions: 18->18
[2026-06-17T10:06:43.215+0800][22.866s][info][gc,metaspace] GC(788) Metaspace: 116K(320K)->116K(320K) NonClass: 109K(192K)->109K(192K) Class: 7K(128K)->7K(128K)
[2026-06-17T10:06:43.215+0800][22.866s][info][gc          ] GC(788) Pause Young (Concurrent Start) (G1 Evacuation Pause) 52M->47M(64M) 10.539ms
[2026-06-17T10:06:43.215+0800][22.866s][info][gc,cpu      ] GC(788) User=0.01s Sys=0.00s Real=0.01s
[2026-06-17T10:06:43.215+0800][22.866s][info][gc          ] GC(789) Concurrent Mark Cycle
[2026-06-17T10:06:43.216+0800][22.866s][info][gc,marking  ] GC(789) Concurrent Scan Root Regions
[2026-06-17T10:06:43.216+0800][22.867s][info][gc,marking  ] GC(789) Concurrent Scan Root Regions 0.277ms
[2026-06-17T10:06:43.216+0800][22.867s][info][gc,marking  ] GC(789) Concurrent Mark
[2026-06-17T10:06:43.216+0800][22.867s][info][gc,marking  ] GC(789) Concurrent Mark From Roots
[2026-06-17T10:06:43.217+0800][22.867s][info][gc,task     ] GC(789) Using 5 workers of 5 for marking
[2026-06-17T10:06:43.218+0800][22.868s][info][gc,marking  ] GC(789) Concurrent Mark From Roots 1.405ms
[2026-06-17T10:06:43.218+0800][22.869s][info][gc,marking  ] GC(789) Concurrent Preclean
[2026-06-17T10:06:43.218+0800][22.869s][info][gc,marking  ] GC(789) Concurrent Preclean 0.146ms
[2026-06-17T10:06:43.218+0800][22.869s][info][gc,start    ] GC(789) Pause Remark
[2026-06-17T10:06:43.219+0800][22.869s][info][gc          ] GC(789) Pause Remark 48M->48M(64M) 0.535ms
[2026-06-17T10:06:43.219+0800][22.869s][info][gc,cpu      ] GC(789) User=0.00s Sys=0.00s Real=0.00s
[2026-06-17T10:06:43.219+0800][22.870s][info][gc,marking  ] GC(789) Concurrent Mark 2.916ms
[2026-06-17T10:06:43.219+0800][22.870s][info][gc,marking  ] GC(789) Concurrent Rebuild Remembered Sets and Scrub Regions
[2026-06-17T10:06:43.220+0800][22.870s][info][gc,marking  ] GC(789) Concurrent Rebuild Remembered Sets and Scrub Regions 0.440ms
[2026-06-17T10:06:43.220+0800][22.870s][info][gc,start    ] GC(789) Pause Cleanup
[2026-06-17T10:06:43.220+0800][22.871s][info][gc          ] GC(789) Pause Cleanup 48M->48M(64M) 0.161ms
[2026-06-17T10:06:43.220+0800][22.871s][info][gc,cpu      ] GC(789) User=0.00s Sys=0.00s Real=0.00s
[2026-06-17T10:06:43.220+0800][22.871s][info][gc,marking  ] GC(789) Concurrent Clear Claimed Marks
[2026-06-17T10:06:43.220+0800][22.871s][info][gc,marking  ] GC(789) Concurrent Clear Claimed Marks 0.084ms
[2026-06-17T10:06:43.220+0800][22.871s][info][gc,marking  ] GC(789) Concurrent Cleanup for Next Mark
[2026-06-17T10:06:43.221+0800][22.871s][info][gc,marking  ] GC(789) Concurrent Cleanup for Next Mark 0.198ms
[2026-06-17T10:06:43.221+0800][22.871s][info][gc          ] GC(789) Concurrent Mark Cycle 5.272ms
[2026-06-17T10:06:43.236+0800][22.887s][info][gc,start    ] GC(790) Pause Young (Prepare Mixed) (G1 Evacuation Pause)
[2026-06-17T10:06:43.237+0800][22.887s][info][gc,task     ] GC(790) Using 2 workers of 18 for evacuation
[2026-06-17T10:06:43.238+0800][22.888s][info][gc,phases   ] GC(790)   Pre Evacuate Collection Set: 0.13ms
[2026-06-17T10:06:43.238+0800][22.888s][info][gc,phases   ] GC(790)   Merge Heap Roots: 0.06ms
[2026-06-17T10:06:43.238+0800][22.889s][info][gc,phases   ] GC(790)   Evacuate Collection Set: 0.21ms
[2026-06-17T10:06:43.238+0800][22.889s][info][gc,phases   ] GC(790)   Post Evacuate Collection Set: 0.26ms
[2026-06-17T10:06:43.239+0800][22.889s][info][gc,phases   ] GC(790)   Other: 0.23ms
[2026-06-17T10:06:43.239+0800][22.889s][info][gc,heap     ] GC(790) Eden regions: 6->0(7)
[2026-06-17T10:06:43.239+0800][22.889s][info][gc,heap     ] GC(790) Survivor regions: 2->1(1)
[2026-06-17T10:06:43.239+0800][22.890s][info][gc,heap     ] GC(790) Old regions: 28->29
[2026-06-17T10:06:43.239+0800][22.890s][info][gc,heap     ] GC(790) Humongous regions: 18->18
[2026-06-17T10:06:43.239+0800][22.890s][info][gc,metaspace] GC(790) Metaspace: 116K(320K)->116K(320K) NonClass: 109K(192K)->109K(192K) Class: 7K(128K)->7K(128K)
[2026-06-17T10:06:43.239+0800][22.890s][info][gc          ] GC(790) Pause Young (Prepare Mixed) (G1 Evacuation Pause) 53M->47M(64M) 3.058ms
[2026-06-17T10:06:43.240+0800][22.890s][info][gc,cpu      ] GC(790) User=0.00s Sys=0.00s Real=0.00s
[2026-06-17T10:06:43.251+0800][22.901s][info][gc,start    ] GC(791) Pause Young (Mixed) (G1 Evacuation Pause)
[2026-06-17T10:06:43.251+0800][22.902s][info][gc,task     ] GC(791) Using 2 workers of 18 for evacuation
[2026-06-17T10:06:43.252+0800][22.903s][info][gc,phases   ] GC(791)   Pre Evacuate Collection Set: 0.13ms
[2026-06-17T10:06:43.252+0800][22.903s][info][gc,phases   ] GC(791)   Merge Heap Roots: 0.07ms
[2026-06-17T10:06:43.254+0800][22.904s][info][gc,phases   ] GC(791)   Evacuate Collection Set: 0.40ms
[2026-06-17T10:06:43.254+0800][22.904s][info][gc,phases   ] GC(791)   Post Evacuate Collection Set: 0.17ms
[2026-06-17T10:06:43.254+0800][22.904s][info][gc,phases   ] GC(791)   Other: 0.44ms
[2026-06-17T10:06:43.254+0800][22.905s][info][gc,heap     ] GC(791) Eden regions: 7->0(6)
[2026-06-17T10:06:43.254+0800][22.905s][info][gc,heap     ] GC(791) Survivor regions: 1->1(1)
[2026-06-17T10:06:43.254+0800][22.905s][info][gc,heap     ] GC(791) Old regions: 29->30
[2026-06-17T10:06:43.255+0800][22.905s][info][gc,heap     ] GC(791) Humongous regions: 18->18
[2026-06-17T10:06:43.255+0800][22.905s][info][gc,metaspace] GC(791) Metaspace: 116K(320K)->116K(320K) NonClass: 109K(192K)->109K(192K) Class: 7K(128K)->7K(128K)
[2026-06-17T10:06:43.255+0800][22.906s][info][gc          ] GC(791) Pause Young (Mixed) (G1 Evacuation Pause) 54M->48M(64M) 4.381ms
[2026-06-17T10:06:43.255+0800][22.906s][info][gc,cpu      ] GC(791) User=0.00s Sys=0.00s Real=0.00s
[2026-06-17T10:06:43.276+0800][22.927s][info][gc,start    ] GC(792) Pause Young (Concurrent Start) (G1 Evacuation Pause)
[2026-06-17T10:06:43.276+0800][22.927s][info][gc,task     ] GC(792) Using 2 workers of 18 for evacuation
[2026-06-17T10:06:43.278+0800][22.929s][info][gc,phases   ] GC(792)   Pre Evacuate Collection Set: 0.20ms
[2026-06-17T10:06:43.278+0800][22.929s][info][gc,phases   ] GC(792)   Merge Heap Roots: 0.04ms
[2026-06-17T10:06:43.279+0800][22.929s][info][gc,phases   ] GC(792)   Evacuate Collection Set: 0.32ms
[2026-06-17T10:06:43.279+0800][22.929s][info][gc,phases   ] GC(792)   Post Evacuate Collection Set: 0.17ms
[2026-06-17T10:06:43.279+0800][22.929s][info][gc,phases   ] GC(792)   Other: 0.80ms
[2026-06-17T10:06:43.279+0800][22.930s][info][gc,heap     ] GC(792) Eden regions: 6->0(5)
[2026-06-17T10:06:43.279+0800][22.930s][info][gc,heap     ] GC(792) Survivor regions: 1->1(1)
[2026-06-17T10:06:43.279+0800][22.930s][info][gc,heap     ] GC(792) Old regions: 30->32
[2026-06-17T10:06:43.279+0800][22.930s][info][gc,heap     ] GC(792) Humongous regions: 18->18
[2026-06-17T10:06:43.280+0800][22.930s][info][gc,metaspace] GC(792) Metaspace: 116K(320K)->116K(320K) NonClass: 109K(192K)->109K(192K) Class: 7K(128K)->7K(128K)
[2026-06-17T10:06:43.280+0800][22.930s][info][gc          ] GC(792) Pause Young (Concurrent Start) (G1 Evacuation Pause) 54M->50M(64M) 3.775ms
[2026-06-17T10:06:43.280+0800][22.931s][info][gc,cpu      ] GC(792) User=0.01s Sys=0.00s Real=0.00s
[2026-06-17T10:06:43.280+0800][22.931s][info][gc          ] GC(793) Concurrent Mark Cycle
[2026-06-17T10:06:43.280+0800][22.931s][info][gc,marking  ] GC(793) Concurrent Scan Root Regions
[2026-06-17T10:06:43.281+0800][22.931s][info][gc,marking  ] GC(793) Concurrent Scan Root Regions 0.163ms
[2026-06-17T10:06:43.281+0800][22.931s][info][gc,marking  ] GC(793) Concurrent Mark
[2026-06-17T10:06:43.281+0800][22.931s][info][gc,marking  ] GC(793) Concurrent Mark From Roots
[2026-06-17T10:06:43.281+0800][22.931s][info][gc,task     ] GC(793) Using 5 workers of 5 for marking
[2026-06-17T10:06:43.282+0800][22.933s][info][gc,marking  ] GC(793) Concurrent Mark From Roots 1.192ms
[2026-06-17T10:06:43.282+0800][22.933s][info][gc,marking  ] GC(793) Concurrent Preclean
[2026-06-17T10:06:43.282+0800][22.933s][info][gc,marking  ] GC(793) Concurrent Preclean 0.094ms
[2026-06-17T10:06:43.282+0800][22.933s][info][gc,start    ] GC(793) Pause Remark
[2026-06-17T10:06:43.283+0800][22.933s][info][gc          ] GC(793) Pause Remark 54M->47M(64M) 0.402ms
[2026-06-17T10:06:43.283+0800][22.934s][info][gc,cpu      ] GC(793) User=0.00s Sys=0.00s Real=0.01s
[2026-06-17T10:06:43.283+0800][22.934s][info][gc,marking  ] GC(793) Concurrent Mark 2.706ms
[2026-06-17T10:06:43.284+0800][22.934s][info][gc,marking  ] GC(793) Concurrent Rebuild Remembered Sets and Scrub Regions
[2026-06-17T10:06:43.284+0800][22.935s][info][gc,marking  ] GC(793) Concurrent Rebuild Remembered Sets and Scrub Regions 0.523ms
[2026-06-17T10:06:43.284+0800][22.935s][info][gc,start    ] GC(793) Pause Cleanup
[2026-06-17T10:06:43.284+0800][22.935s][info][gc          ] GC(793) Pause Cleanup 47M->47M(64M) 0.169ms
[2026-06-17T10:06:43.284+0800][22.935s][info][gc,cpu      ] GC(793) User=0.00s Sys=0.00s Real=0.00s
[2026-06-17T10:06:43.285+0800][22.935s][info][gc,marking  ] GC(793) Concurrent Clear Claimed Marks
[2026-06-17T10:06:43.285+0800][22.935s][info][gc,marking  ] GC(793) Concurrent Clear Claimed Marks 0.079ms
[2026-06-17T10:06:43.285+0800][22.935s][info][gc,marking  ] GC(793) Concurrent Cleanup for Next Mark
[2026-06-17T10:06:43.285+0800][22.935s][info][gc,marking  ] GC(793) Concurrent Cleanup for Next Mark 0.156ms
[2026-06-17T10:06:43.285+0800][22.936s][info][gc          ] GC(793) Concurrent Mark Cycle 4.875ms
[2026-06-17T10:06:43.291+0800][22.941s][info][gc,start    ] GC(794) Pause Young (Prepare Mixed) (G1 Evacuation Pause)
[2026-06-17T10:06:43.291+0800][22.942s][info][gc,task     ] GC(794) Using 2 workers of 18 for evacuation
[2026-06-17T10:06:43.292+0800][22.942s][info][gc,phases   ] GC(794)   Pre Evacuate Collection Set: 0.09ms
[2026-06-17T10:06:43.292+0800][22.943s][info][gc,phases   ] GC(794)   Merge Heap Roots: 0.04ms
[2026-06-17T10:06:43.292+0800][22.943s][info][gc,phases   ] GC(794)   Evacuate Collection Set: 0.25ms
[2026-06-17T10:06:43.292+0800][22.943s][info][gc,phases   ] GC(794)   Post Evacuate Collection Set: 0.16ms
[2026-06-17T10:06:43.292+0800][22.943s][info][gc,phases   ] GC(794)   Other: 0.16ms
[2026-06-17T10:06:43.292+0800][22.943s][info][gc,heap     ] GC(794) Eden regions: 5->0(8)
[2026-06-17T10:06:43.293+0800][22.943s][info][gc,heap     ] GC(794) Survivor regions: 1->1(1)
[2026-06-17T10:06:43.293+0800][22.943s][info][gc,heap     ] GC(794) Old regions: 25->28
[2026-06-17T10:06:43.293+0800][22.943s][info][gc,heap     ] GC(794) Humongous regions: 18->18
[2026-06-17T10:06:43.293+0800][22.943s][info][gc,metaspace] GC(794) Metaspace: 116K(320K)->116K(320K) NonClass: 109K(192K)->109K(192K) Class: 7K(128K)->7K(128K)
[2026-06-17T10:06:43.293+0800][22.943s][info][gc          ] GC(794) Pause Young (Prepare Mixed) (G1 Evacuation Pause) 48M->46M(64M) 1.994ms
[2026-06-17T10:06:43.293+0800][22.943s][info][gc,cpu      ] GC(794) User=0.00s Sys=0.00s Real=0.00s
[2026-06-17T10:06:43.314+0800][22.964s][info][gc,start    ] GC(795) Pause Young (Mixed) (G1 Evacuation Pause)
[2026-06-17T10:06:43.315+0800][22.965s][info][gc,task     ] GC(795) Using 2 workers of 18 for evacuation
[2026-06-17T10:06:43.317+0800][22.967s][info][gc,phases   ] GC(795)   Pre Evacuate Collection Set: 0.13ms
[2026-06-17T10:06:43.319+0800][22.969s][info][gc,phases   ] GC(795)   Merge Heap Roots: 0.05ms
[2026-06-17T10:06:43.320+0800][22.970s][info][gc,phases   ] GC(795)   Evacuate Collection Set: 0.39ms
[2026-06-17T10:06:43.321+0800][22.971s][info][gc,phases   ] GC(795)   Post Evacuate Collection Set: 0.16ms
[2026-06-17T10:06:43.321+0800][22.972s][info][gc,phases   ] GC(795)   Other: 1.45ms
[2026-06-17T10:06:43.322+0800][22.973s][info][gc,heap     ] GC(795) Eden regions: 8->0(9)
[2026-06-17T10:06:43.323+0800][22.973s][info][gc,heap     ] GC(795) Survivor regions: 1->2(2)
[2026-06-17T10:06:43.323+0800][22.973s][info][gc,heap     ] GC(795) Old regions: 28->25
[2026-06-17T10:06:43.323+0800][22.974s][info][gc,heap     ] GC(795) Humongous regions: 18->18
[2026-06-17T10:06:43.323+0800][22.974s][info][gc,metaspace] GC(795) Metaspace: 116K(320K)->116K(320K) NonClass: 109K(192K)->109K(192K) Class: 7K(128K)->7K(128K)
[2026-06-17T10:06:43.324+0800][22.974s][info][gc          ] GC(795) Pause Young (Mixed) (G1 Evacuation Pause) 54M->44M(64M) 9.676ms
[2026-06-17T10:06:43.324+0800][22.974s][info][gc,cpu      ] GC(795) User=0.00s Sys=0.00s Real=0.01s
[2026-06-17T10:06:43.345+0800][22.996s][info][gc,start    ] GC(796) Pause Young (Mixed) (G1 Evacuation Pause)
[2026-06-17T10:06:43.345+0800][22.996s][info][gc,task     ] GC(796) Using 2 workers of 18 for evacuation
[2026-06-17T10:06:43.346+0800][22.997s][info][gc,phases   ] GC(796)   Pre Evacuate Collection Set: 0.13ms
[2026-06-17T10:06:43.347+0800][22.997s][info][gc,phases   ] GC(796)   Merge Heap Roots: 0.04ms
[2026-06-17T10:06:43.347+0800][22.997s][info][gc,phases   ] GC(796)   Evacuate Collection Set: 0.56ms
[2026-06-17T10:06:43.347+0800][22.997s][info][gc,phases   ] GC(796)   Post Evacuate Collection Set: 0.21ms
[2026-06-17T10:06:43.347+0800][22.998s][info][gc,phases   ] GC(796)   Other: 0.17ms
[2026-06-17T10:06:43.347+0800][22.998s][info][gc,heap     ] GC(796) Eden regions: 9->0(8)
[2026-06-17T10:06:43.347+0800][22.998s][info][gc,heap     ] GC(796) Survivor regions: 2->2(2)
[2026-06-17T10:06:43.347+0800][22.998s][info][gc,heap     ] GC(796) Old regions: 25->26
[2026-06-17T10:06:43.348+0800][22.998s][info][gc,heap     ] GC(796) Humongous regions: 18->18
[2026-06-17T10:06:43.348+0800][22.998s][info][gc,metaspace] GC(796) Metaspace: 116K(320K)->116K(320K) NonClass: 109K(192K)->109K(192K) Class: 7K(128K)->7K(128K)
[2026-06-17T10:06:43.348+0800][22.998s][info][gc          ] GC(796) Pause Young (Mixed) (G1 Evacuation Pause) 53M->45M(64M) 2.755ms
[2026-06-17T10:06:43.348+0800][22.998s][info][gc,cpu      ] GC(796) User=0.00s Sys=0.00s Real=0.00s
[2026-06-17T10:06:43.348+0800][22.999s][info][gc,start    ] GC(797) Pause Young (Concurrent Start) (G1 Humongous Allocation)
[2026-06-17T10:06:43.348+0800][22.999s][info][gc,task     ] GC(797) Using 2 workers of 18 for evacuation
[2026-06-17T10:06:43.349+0800][23.000s][info][gc,phases   ] GC(797)   Pre Evacuate Collection Set: 0.19ms
[2026-06-17T10:06:43.349+0800][23.000s][info][gc,phases   ] GC(797)   Merge Heap Roots: 0.04ms
[2026-06-17T10:06:43.349+0800][23.000s][info][gc,phases   ] GC(797)   Evacuate Collection Set: 0.14ms
[2026-06-17T10:06:43.349+0800][23.000s][info][gc,phases   ] GC(797)   Post Evacuate Collection Set: 0.13ms
[2026-06-17T10:06:43.349+0800][23.000s][info][gc,phases   ] GC(797)   Other: 0.15ms
[2026-06-17T10:06:43.350+0800][23.000s][info][gc,heap     ] GC(797) Eden regions: 1->0(10)
[2026-06-17T10:06:43.350+0800][23.001s][info][gc,heap     ] GC(797) Survivor regions: 2->0(2)
[2026-06-17T10:06:43.350+0800][23.001s][info][gc,heap     ] GC(797) Old regions: 26->27
[2026-06-17T10:06:43.350+0800][23.001s][info][gc,heap     ] GC(797) Humongous regions: 18->18
[2026-06-17T10:06:43.350+0800][23.001s][info][gc,metaspace] GC(797) Metaspace: 116K(320K)->116K(320K) NonClass: 109K(192K)->109K(192K) Class: 7K(128K)->7K(128K)
[2026-06-17T10:06:43.350+0800][23.001s][info][gc          ] GC(797) Pause Young (Concurrent Start) (G1 Humongous Allocation) 45M->44M(64M) 2.269ms
[2026-06-17T10:06:43.351+0800][23.001s][info][gc,cpu      ] GC(797) User=0.00s Sys=0.00s Real=0.01s
[2026-06-17T10:06:43.351+0800][23.001s][info][gc          ] GC(798) Concurrent Mark Cycle
[2026-06-17T10:06:43.351+0800][23.001s][info][gc,marking  ] GC(798) Concurrent Scan Root Regions
[2026-06-17T10:06:43.351+0800][23.002s][info][gc,marking  ] GC(798) Concurrent Scan Root Regions 0.165ms
[2026-06-17T10:06:43.351+0800][23.002s][info][gc,marking  ] GC(798) Concurrent Mark
[2026-06-17T10:06:43.351+0800][23.002s][info][gc,marking  ] GC(798) Concurrent Mark From Roots
[2026-06-17T10:06:43.351+0800][23.002s][info][gc,task     ] GC(798) Using 5 workers of 5 for marking
[2026-06-17T10:06:43.352+0800][23.003s][info][gc,marking  ] GC(798) Concurrent Mark From Roots 1.109ms
[2026-06-17T10:06:43.352+0800][23.003s][info][gc,marking  ] GC(798) Concurrent Preclean
[2026-06-17T10:06:43.353+0800][23.003s][info][gc,marking  ] GC(798) Concurrent Preclean 0.125ms
[2026-06-17T10:06:43.353+0800][23.003s][info][gc,start    ] GC(798) Pause Remark
[2026-06-17T10:06:43.353+0800][23.004s][info][gc          ] GC(798) Pause Remark 46M->44M(64M) 0.390ms
[2026-06-17T10:06:43.353+0800][23.004s][info][gc,cpu      ] GC(798) User=0.00s Sys=0.00s Real=0.00s
[2026-06-17T10:06:43.353+0800][23.004s][info][gc,marking  ] GC(798) Concurrent Mark 2.158ms
[2026-06-17T10:06:43.353+0800][23.004s][info][gc,marking  ] GC(798) Concurrent Rebuild Remembered Sets and Scrub Regions
[2026-06-17T10:06:43.354+0800][23.004s][info][gc,marking  ] GC(798) Concurrent Rebuild Remembered Sets and Scrub Regions 0.416ms
[2026-06-17T10:06:43.354+0800][23.004s][info][gc,start    ] GC(798) Pause Cleanup
[2026-06-17T10:06:43.354+0800][23.005s][info][gc          ] GC(798) Pause Cleanup 44M->44M(64M) 0.142ms
[2026-06-17T10:06:43.354+0800][23.005s][info][gc,cpu      ] GC(798) User=0.00s Sys=0.00s Real=0.00s
[2026-06-17T10:06:43.354+0800][23.005s][info][gc,marking  ] GC(798) Concurrent Clear Claimed Marks
[2026-06-17T10:06:43.354+0800][23.005s][info][gc,marking  ] GC(798) Concurrent Clear Claimed Marks 0.085ms
[2026-06-17T10:06:43.354+0800][23.005s][info][gc,marking  ] GC(798) Concurrent Cleanup for Next Mark
[2026-06-17T10:06:43.355+0800][23.005s][info][gc,marking  ] GC(798) Concurrent Cleanup for Next Mark 0.186ms
[2026-06-17T10:06:43.355+0800][23.005s][info][gc          ] GC(798) Concurrent Mark Cycle 4.099ms
[2026-06-17T10:06:43.382+0800][23.033s][info][gc,start    ] GC(799) Pause Young (Prepare Mixed) (G1 Evacuation Pause)
[2026-06-17T10:06:43.382+0800][23.033s][info][gc,task     ] GC(799) Using 2 workers of 18 for evacuation
[2026-06-17T10:06:43.383+0800][23.034s][info][gc,phases   ] GC(799)   Pre Evacuate Collection Set: 0.14ms
[2026-06-17T10:06:43.383+0800][23.034s][info][gc,phases   ] GC(799)   Merge Heap Roots: 0.04ms
[2026-06-17T10:06:43.384+0800][23.034s][info][gc,phases   ] GC(799)   Evacuate Collection Set: 0.27ms
[2026-06-17T10:06:43.384+0800][23.034s][info][gc,phases   ] GC(799)   Post Evacuate Collection Set: 0.18ms
[2026-06-17T10:06:43.384+0800][23.034s][info][gc,phases   ] GC(799)   Other: 0.17ms
[2026-06-17T10:06:43.384+0800][23.034s][info][gc,heap     ] GC(799) Eden regions: 10->0(7)
[2026-06-17T10:06:43.384+0800][23.034s][info][gc,heap     ] GC(799) Survivor regions: 0->2(2)
[2026-06-17T10:06:43.384+0800][23.034s][info][gc,heap     ] GC(799) Old regions: 25->26
[2026-06-17T10:06:43.384+0800][23.035s][info][gc,heap     ] GC(799) Humongous regions: 20->20
[2026-06-17T10:06:43.384+0800][23.035s][info][gc,metaspace] GC(799) Metaspace: 116K(320K)->116K(320K) NonClass: 109K(192K)->109K(192K) Class: 7K(128K)->7K(128K)
[2026-06-17T10:06:43.384+0800][23.035s][info][gc          ] GC(799) Pause Young (Prepare Mixed) (G1 Evacuation Pause) 54M->47M(64M) 2.152ms
[2026-06-17T10:06:43.384+0800][23.035s][info][gc,cpu      ] GC(799) User=0.00s Sys=0.01s Real=0.01s
[2026-06-17T10:06:43.395+0800][23.046s][info][gc,start    ] GC(800) Pause Young (Mixed) (G1 Evacuation Pause)
[2026-06-17T10:06:43.395+0800][23.046s][info][gc,task     ] GC(800) Using 2 workers of 18 for evacuation
[2026-06-17T10:06:43.396+0800][23.047s][info][gc,phases   ] GC(800)   Pre Evacuate Collection Set: 0.09ms
[2026-06-17T10:06:43.396+0800][23.047s][info][gc,phases   ] GC(800)   Merge Heap Roots: 0.04ms
[2026-06-17T10:06:43.396+0800][23.047s][info][gc,phases   ] GC(800)   Evacuate Collection Set: 0.43ms
[2026-06-17T10:06:43.396+0800][23.047s][info][gc,phases   ] GC(800)   Post Evacuate Collection Set: 0.16ms
[2026-06-17T10:06:43.397+0800][23.047s][info][gc,phases   ] GC(800)   Other: 0.13ms
[2026-06-17T10:06:43.397+0800][23.047s][info][gc,heap     ] GC(800) Eden regions: 7->0(9)
[2026-06-17T10:06:43.397+0800][23.047s][info][gc,heap     ] GC(800) Survivor regions: 2->2(2)
[2026-06-17T10:06:43.397+0800][23.047s][info][gc,heap     ] GC(800) Old regions: 26->24
[2026-06-17T10:06:43.397+0800][23.047s][info][gc,heap     ] GC(800) Humongous regions: 20->20
[2026-06-17T10:06:43.397+0800][23.047s][info][gc,metaspace] GC(800) Metaspace: 116K(320K)->116K(320K) NonClass: 109K(192K)->109K(192K) Class: 7K(128K)->7K(128K)
[2026-06-17T10:06:43.397+0800][23.048s][info][gc          ] GC(800) Pause Young (Mixed) (G1 Evacuation Pause) 54M->44M(64M) 1.988ms
[2026-06-17T10:06:43.397+0800][23.048s][info][gc,cpu      ] GC(800) User=0.00s Sys=0.00s Real=0.00s
[2026-06-17T10:06:43.428+0800][23.079s][info][gc,start    ] GC(801) Pause Young (Concurrent Start) (G1 Evacuation Pause)
[2026-06-17T10:06:43.429+0800][23.080s][info][gc,task     ] GC(801) Using 2 workers of 18 for evacuation
[2026-06-17T10:06:43.431+0800][23.081s][info][gc,phases   ] GC(801)   Pre Evacuate Collection Set: 0.29ms
[2026-06-17T10:06:43.431+0800][23.081s][info][gc,phases   ] GC(801)   Merge Heap Roots: 0.07ms
[2026-06-17T10:06:43.431+0800][23.082s][info][gc,phases   ] GC(801)   Evacuate Collection Set: 0.33ms
[2026-06-17T10:06:43.431+0800][23.082s][info][gc,phases   ] GC(801)   Post Evacuate Collection Set: 0.34ms
[2026-06-17T10:06:43.432+0800][23.082s][info][gc,phases   ] GC(801)   Other: 0.36ms
[2026-06-17T10:06:43.432+0800][23.083s][info][gc,heap     ] GC(801) Eden regions: 9->0(8)
[2026-06-17T10:06:43.432+0800][23.083s][info][gc,heap     ] GC(801) Survivor regions: 2->2(2)
[2026-06-17T10:06:43.433+0800][23.083s][info][gc,heap     ] GC(801) Old regions: 24->26
[2026-06-17T10:06:43.433+0800][23.084s][info][gc,heap     ] GC(801) Humongous regions: 20->20
[2026-06-17T10:06:43.433+0800][23.084s][info][gc,metaspace] GC(801) Metaspace: 116K(320K)->116K(320K) NonClass: 109K(192K)->109K(192K) Class: 7K(128K)->7K(128K)
[2026-06-17T10:06:43.433+0800][23.084s][info][gc          ] GC(801) Pause Young (Concurrent Start) (G1 Evacuation Pause) 53M->47M(64M) 5.122ms
[2026-06-17T10:06:43.434+0800][23.084s][info][gc,cpu      ] GC(801) User=0.00s Sys=0.00s Real=0.01s
[2026-06-17T10:06:43.434+0800][23.084s][info][gc          ] GC(802) Concurrent Mark Cycle
[2026-06-17T10:06:43.434+0800][23.085s][info][gc,marking  ] GC(802) Concurrent Scan Root Regions
[2026-06-17T10:06:43.434+0800][23.085s][info][gc,marking  ] GC(802) Concurrent Scan Root Regions 0.259ms
[2026-06-17T10:06:43.435+0800][23.085s][info][gc,marking  ] GC(802) Concurrent Mark
[2026-06-17T10:06:43.435+0800][23.086s][info][gc,marking  ] GC(802) Concurrent Mark From Roots
[2026-06-17T10:06:43.435+0800][23.086s][info][gc,task     ] GC(802) Using 5 workers of 5 for marking
[2026-06-17T10:06:43.436+0800][23.087s][info][gc,marking  ] GC(802) Concurrent Mark From Roots 1.152ms
[2026-06-17T10:06:43.436+0800][23.087s][info][gc,marking  ] GC(802) Concurrent Preclean
[2026-06-17T10:06:43.436+0800][23.087s][info][gc,marking  ] GC(802) Concurrent Preclean 0.094ms
[2026-06-17T10:06:43.437+0800][23.087s][info][gc,start    ] GC(802) Pause Remark
[2026-06-17T10:06:43.437+0800][23.088s][info][gc          ] GC(802) Pause Remark 50M->50M(64M) 0.368ms
[2026-06-17T10:06:43.437+0800][23.088s][info][gc,cpu      ] GC(802) User=0.00s Sys=0.00s Real=0.00s
[2026-06-17T10:06:43.437+0800][23.088s][info][gc,marking  ] GC(802) Concurrent Mark 2.423ms
[2026-06-17T10:06:43.437+0800][23.088s][info][gc,marking  ] GC(802) Concurrent Rebuild Remembered Sets and Scrub Regions
[2026-06-17T10:06:43.438+0800][23.088s][info][gc,marking  ] GC(802) Concurrent Rebuild Remembered Sets and Scrub Regions 0.477ms
[2026-06-17T10:06:43.438+0800][23.088s][info][gc,start    ] GC(802) Pause Cleanup
[2026-06-17T10:06:43.438+0800][23.089s][info][gc          ] GC(802) Pause Cleanup 50M->50M(64M) 0.095ms
[2026-06-17T10:06:43.438+0800][23.089s][info][gc,cpu      ] GC(802) User=0.00s Sys=0.00s Real=0.00s
[2026-06-17T10:06:43.438+0800][23.089s][info][gc,marking  ] GC(802) Concurrent Clear Claimed Marks
[2026-06-17T10:06:43.438+0800][23.089s][info][gc,marking  ] GC(802) Concurrent Clear Claimed Marks 0.075ms
[2026-06-17T10:06:43.438+0800][23.089s][info][gc,marking  ] GC(802) Concurrent Cleanup for Next Mark
[2026-06-17T10:06:43.439+0800][23.089s][info][gc,marking  ] GC(802) Concurrent Cleanup for Next Mark 0.184ms
[2026-06-17T10:06:43.439+0800][23.089s][info][gc          ] GC(802) Concurrent Mark Cycle 5.008ms
[2026-06-17T10:06:43.455+0800][23.105s][info][gc,start    ] GC(803) Pause Young (Prepare Mixed) (G1 Evacuation Pause)
[2026-06-17T10:06:43.455+0800][23.106s][info][gc,task     ] GC(803) Using 2 workers of 18 for evacuation
[2026-06-17T10:06:43.456+0800][23.106s][info][gc,phases   ] GC(803)   Pre Evacuate Collection Set: 0.13ms
[2026-06-17T10:06:43.456+0800][23.107s][info][gc,phases   ] GC(803)   Merge Heap Roots: 0.07ms
[2026-06-17T10:06:43.456+0800][23.107s][info][gc,phases   ] GC(803)   Evacuate Collection Set: 0.31ms
[2026-06-17T10:06:43.456+0800][23.107s][info][gc,phases   ] GC(803)   Post Evacuate Collection Set: 0.17ms
[2026-06-17T10:06:43.457+0800][23.107s][info][gc,phases   ] GC(803)   Other: 0.23ms
[2026-06-17T10:06:43.457+0800][23.107s][info][gc,heap     ] GC(803) Eden regions: 8->0(6)
[2026-06-17T10:06:43.457+0800][23.107s][info][gc,heap     ] GC(803) Survivor regions: 2->2(2)
[2026-06-17T10:06:43.457+0800][23.107s][info][gc,heap     ] GC(803) Old regions: 26->28
[2026-06-17T10:06:43.457+0800][23.108s][info][gc,heap     ] GC(803) Humongous regions: 20->20
[2026-06-17T10:06:43.457+0800][23.108s][info][gc,metaspace] GC(803) Metaspace: 116K(320K)->116K(320K) NonClass: 109K(192K)->109K(192K) Class: 7K(128K)->7K(128K)
[2026-06-17T10:06:43.457+0800][23.108s][info][gc          ] GC(803) Pause Young (Prepare Mixed) (G1 Evacuation Pause) 55M->49M(64M) 2.592ms
[2026-06-17T10:06:43.457+0800][23.108s][info][gc,cpu      ] GC(803) User=0.00s Sys=0.00s Real=0.00s
[2026-06-17T10:06:43.468+0800][23.119s][info][gc,start    ] GC(804) Pause Young (Mixed) (G1 Evacuation Pause)
[2026-06-17T10:06:43.468+0800][23.119s][info][gc,task     ] GC(804) Using 2 workers of 18 for evacuation
[2026-06-17T10:06:43.469+0800][23.120s][info][gc,phases   ] GC(804)   Pre Evacuate Collection Set: 0.10ms
[2026-06-17T10:06:43.469+0800][23.120s][info][gc,phases   ] GC(804)   Merge Heap Roots: 0.04ms
[2026-06-17T10:06:43.470+0800][23.120s][info][gc,phases   ] GC(804)   Evacuate Collection Set: 0.31ms
[2026-06-17T10:06:43.470+0800][23.120s][info][gc,phases   ] GC(804)   Post Evacuate Collection Set: 0.13ms
[2026-06-17T10:06:43.470+0800][23.120s][info][gc,phases   ] GC(804)   Other: 0.24ms
[2026-06-17T10:06:43.470+0800][23.121s][info][gc,heap     ] GC(804) Eden regions: 6->0(5)
[2026-06-17T10:06:43.470+0800][23.121s][info][gc,heap     ] GC(804) Survivor regions: 2->1(1)
[2026-06-17T10:06:43.471+0800][23.121s][info][gc,heap     ] GC(804) Old regions: 28->30
[2026-06-17T10:06:43.471+0800][23.122s][info][gc,heap     ] GC(804) Humongous regions: 20->20
[2026-06-17T10:06:43.471+0800][23.122s][info][gc,metaspace] GC(804) Metaspace: 116K(320K)->116K(320K) NonClass: 109K(192K)->109K(192K) Class: 7K(128K)->7K(128K)
[2026-06-17T10:06:43.472+0800][23.122s][info][gc          ] GC(804) Pause Young (Mixed) (G1 Evacuation Pause) 55M->50M(64M) 3.561ms
[2026-06-17T10:06:43.472+0800][23.122s][info][gc,cpu      ] GC(804) User=0.00s Sys=0.00s Real=0.01s
[2026-06-17T10:06:43.483+0800][23.133s][info][gc,start    ] GC(805) Pause Young (Concurrent Start) (G1 Evacuation Pause)
[2026-06-17T10:06:43.483+0800][23.134s][info][gc,task     ] GC(805) Using 2 workers of 18 for evacuation
[2026-06-17T10:06:43.484+0800][23.135s][info][gc,phases   ] GC(805)   Pre Evacuate Collection Set: 0.22ms
[2026-06-17T10:06:43.485+0800][23.135s][info][gc,phases   ] GC(805)   Merge Heap Roots: 0.04ms
[2026-06-17T10:06:43.485+0800][23.135s][info][gc,phases   ] GC(805)   Evacuate Collection Set: 0.36ms
[2026-06-17T10:06:43.485+0800][23.135s][info][gc,phases   ] GC(805)   Post Evacuate Collection Set: 0.18ms
[2026-06-17T10:06:43.485+0800][23.135s][info][gc,phases   ] GC(805)   Other: 0.39ms
[2026-06-17T10:06:43.485+0800][23.135s][info][gc,heap     ] GC(805) Eden regions: 5->0(3)
[2026-06-17T10:06:43.485+0800][23.136s][info][gc,heap     ] GC(805) Survivor regions: 1->1(1)
[2026-06-17T10:06:43.485+0800][23.136s][info][gc,heap     ] GC(805) Old regions: 30->34
[2026-06-17T10:06:43.485+0800][23.136s][info][gc,heap     ] GC(805) Humongous regions: 20->20
[2026-06-17T10:06:43.485+0800][23.136s][info][gc,metaspace] GC(805) Metaspace: 116K(320K)->116K(320K) NonClass: 109K(192K)->109K(192K) Class: 7K(128K)->7K(128K)
[2026-06-17T10:06:43.486+0800][23.136s][info][gc          ] GC(805) Pause Young (Concurrent Start) (G1 Evacuation Pause) 55M->54M(64M) 2.820ms
[2026-06-17T10:06:43.486+0800][23.136s][info][gc,cpu      ] GC(805) User=0.00s Sys=0.00s Real=0.00s
[2026-06-17T10:06:43.486+0800][23.136s][info][gc          ] GC(806) Concurrent Mark Cycle
[2026-06-17T10:06:43.486+0800][23.137s][info][gc,marking  ] GC(806) Concurrent Scan Root Regions
[2026-06-17T10:06:43.486+0800][23.137s][info][gc,marking  ] GC(806) Concurrent Scan Root Regions 0.230ms
[2026-06-17T10:06:43.487+0800][23.137s][info][gc,marking  ] GC(806) Concurrent Mark
[2026-06-17T10:06:43.487+0800][23.137s][info][gc,marking  ] GC(806) Concurrent Mark From Roots
[2026-06-17T10:06:43.487+0800][23.137s][info][gc,task     ] GC(806) Using 5 workers of 5 for marking
[2026-06-17T10:06:43.488+0800][23.138s][info][gc,marking  ] GC(806) Concurrent Mark From Roots 1.243ms
[2026-06-17T10:06:43.488+0800][23.139s][info][gc,marking  ] GC(806) Concurrent Preclean
[2026-06-17T10:06:43.488+0800][23.139s][info][gc,marking  ] GC(806) Concurrent Preclean 0.241ms
[2026-06-17T10:06:43.489+0800][23.139s][info][gc,start    ] GC(806) Pause Remark
[2026-06-17T10:06:43.490+0800][23.140s][info][gc          ] GC(806) Pause Remark 54M->46M(64M) 1.090ms
[2026-06-17T10:06:43.490+0800][23.140s][info][gc,cpu      ] GC(806) User=0.00s Sys=0.00s Real=0.00s
[2026-06-17T10:06:43.490+0800][23.141s][info][gc,marking  ] GC(806) Concurrent Mark 3.492ms
[2026-06-17T10:06:43.490+0800][23.141s][info][gc,marking  ] GC(806) Concurrent Rebuild Remembered Sets and Scrub Regions
[2026-06-17T10:06:43.491+0800][23.141s][info][gc,marking  ] GC(806) Concurrent Rebuild Remembered Sets and Scrub Regions 0.497ms
[2026-06-17T10:06:43.491+0800][23.141s][info][gc,start    ] GC(806) Pause Cleanup
[2026-06-17T10:06:43.491+0800][23.141s][info][gc          ] GC(806) Pause Cleanup 46M->46M(64M) 0.116ms
[2026-06-17T10:06:43.491+0800][23.142s][info][gc,cpu      ] GC(806) User=0.00s Sys=0.00s Real=0.00s
[2026-06-17T10:06:43.491+0800][23.142s][info][gc,marking  ] GC(806) Concurrent Clear Claimed Marks
[2026-06-17T10:06:43.491+0800][23.142s][info][gc,marking  ] GC(806) Concurrent Clear Claimed Marks 0.082ms
[2026-06-17T10:06:43.491+0800][23.142s][info][gc,marking  ] GC(806) Concurrent Cleanup for Next Mark
[2026-06-17T10:06:43.491+0800][23.142s][info][gc,marking  ] GC(806) Concurrent Cleanup for Next Mark 0.165ms
[2026-06-17T10:06:43.492+0800][23.142s][info][gc          ] GC(806) Concurrent Mark Cycle 5.731ms
[2026-06-17T10:06:43.496+0800][23.147s][info][gc,start    ] GC(807) Pause Young (Prepare Mixed) (G1 Evacuation Pause)
[2026-06-17T10:06:43.497+0800][23.147s][info][gc,task     ] GC(807) Using 2 workers of 18 for evacuation
[2026-06-17T10:06:43.497+0800][23.148s][info][gc,phases   ] GC(807)   Pre Evacuate Collection Set: 0.09ms
[2026-06-17T10:06:43.497+0800][23.148s][info][gc,phases   ] GC(807)   Merge Heap Roots: 0.04ms
[2026-06-17T10:06:43.497+0800][23.148s][info][gc,phases   ] GC(807)   Evacuate Collection Set: 0.24ms
[2026-06-17T10:06:43.498+0800][23.148s][info][gc,phases   ] GC(807)   Post Evacuate Collection Set: 0.13ms
[2026-06-17T10:06:43.498+0800][23.148s][info][gc,phases   ] GC(807)   Other: 0.12ms
[2026-06-17T10:06:43.498+0800][23.148s][info][gc,heap     ] GC(807) Eden regions: 3->0(4)
[2026-06-17T10:06:43.498+0800][23.148s][info][gc,heap     ] GC(807) Survivor regions: 1->1(1)
[2026-06-17T10:06:43.498+0800][23.149s][info][gc,heap     ] GC(807) Old regions: 26->29
[2026-06-17T10:06:43.498+0800][23.149s][info][gc,heap     ] GC(807) Humongous regions: 20->20
[2026-06-17T10:06:43.498+0800][23.149s][info][gc,metaspace] GC(807) Metaspace: 116K(320K)->116K(320K) NonClass: 109K(192K)->109K(192K) Class: 7K(128K)->7K(128K)
[2026-06-17T10:06:43.498+0800][23.149s][info][gc          ] GC(807) Pause Young (Prepare Mixed) (G1 Evacuation Pause) 49M->49M(64M) 1.970ms
[2026-06-17T10:06:43.498+0800][23.149s][info][gc,cpu      ] GC(807) User=0.00s Sys=0.00s Real=0.00s
[2026-06-17T10:06:43.509+0800][23.160s][info][gc,start    ] GC(808) Pause Young (Mixed) (G1 Evacuation Pause)
[2026-06-17T10:06:43.509+0800][23.160s][info][gc,task     ] GC(808) Using 2 workers of 18 for evacuation
[2026-06-17T10:06:43.510+0800][23.161s][info][gc,phases   ] GC(808)   Pre Evacuate Collection Set: 0.12ms
[2026-06-17T10:06:43.510+0800][23.161s][info][gc,phases   ] GC(808)   Merge Heap Roots: 0.04ms
[2026-06-17T10:06:43.510+0800][23.161s][info][gc,phases   ] GC(808)   Evacuate Collection Set: 0.22ms
[2026-06-17T10:06:43.511+0800][23.161s][info][gc,phases   ] GC(808)   Post Evacuate Collection Set: 0.18ms
[2026-06-17T10:06:43.511+0800][23.161s][info][gc,phases   ] GC(808)   Other: 0.16ms
[2026-06-17T10:06:43.511+0800][23.161s][info][gc,heap     ] GC(808) Eden regions: 4->0(7)
[2026-06-17T10:06:43.511+0800][23.161s][info][gc,heap     ] GC(808) Survivor regions: 1->1(1)
[2026-06-17T10:06:43.511+0800][23.161s][info][gc,heap     ] GC(808) Old regions: 29->23
[2026-06-17T10:06:43.511+0800][23.161s][info][gc,heap     ] GC(808) Humongous regions: 20->20
[2026-06-17T10:06:43.511+0800][23.162s][info][gc,metaspace] GC(808) Metaspace: 116K(320K)->116K(320K) NonClass: 109K(192K)->109K(192K) Class: 7K(128K)->7K(128K)
[2026-06-17T10:06:43.511+0800][23.162s][info][gc          ] GC(808) Pause Young (Mixed) (G1 Evacuation Pause) 53M->42M(64M) 2.032ms
[2026-06-17T10:06:43.511+0800][23.162s][info][gc,cpu      ] GC(808) User=0.00s Sys=0.00s Real=0.01s
[2026-06-17T10:06:43.532+0800][23.183s][info][gc,start    ] GC(809) Pause Young (Concurrent Start) (G1 Evacuation Pause)
[2026-06-17T10:06:43.533+0800][23.183s][info][gc,task     ] GC(809) Using 2 workers of 18 for evacuation
[2026-06-17T10:06:43.534+0800][23.184s][info][gc,phases   ] GC(809)   Pre Evacuate Collection Set: 0.20ms
[2026-06-17T10:06:43.534+0800][23.184s][info][gc,phases   ] GC(809)   Merge Heap Roots: 0.03ms
[2026-06-17T10:06:43.534+0800][23.185s][info][gc,phases   ] GC(809)   Evacuate Collection Set: 0.29ms
[2026-06-17T10:06:43.534+0800][23.185s][info][gc,phases   ] GC(809)   Post Evacuate Collection Set: 0.18ms
[2026-06-17T10:06:43.534+0800][23.185s][info][gc,phases   ] GC(809)   Other: 0.29ms
[2026-06-17T10:06:43.534+0800][23.185s][info][gc,heap     ] GC(809) Eden regions: 7->0(6)
[2026-06-17T10:06:43.534+0800][23.185s][info][gc,heap     ] GC(809) Survivor regions: 1->1(1)
[2026-06-17T10:06:43.535+0800][23.185s][info][gc,heap     ] GC(809) Old regions: 23->26
[2026-06-17T10:06:43.535+0800][23.185s][info][gc,heap     ] GC(809) Humongous regions: 20->20
[2026-06-17T10:06:43.535+0800][23.185s][info][gc,metaspace] GC(809) Metaspace: 116K(320K)->116K(320K) NonClass: 109K(192K)->109K(192K) Class: 7K(128K)->7K(128K)
[2026-06-17T10:06:43.535+0800][23.186s][info][gc          ] GC(809) Pause Young (Concurrent Start) (G1 Evacuation Pause) 49M->46M(64M) 2.742ms
[2026-06-17T10:06:43.535+0800][23.186s][info][gc,cpu      ] GC(809) User=0.01s Sys=0.00s Real=0.00s
[2026-06-17T10:06:43.535+0800][23.186s][info][gc          ] GC(810) Concurrent Mark Cycle
[2026-06-17T10:06:43.535+0800][23.186s][info][gc,marking  ] GC(810) Concurrent Scan Root Regions
[2026-06-17T10:06:43.535+0800][23.186s][info][gc,marking  ] GC(810) Concurrent Scan Root Regions 0.217ms
[2026-06-17T10:06:43.536+0800][23.186s][info][gc,marking  ] GC(810) Concurrent Mark
[2026-06-17T10:06:43.536+0800][23.186s][info][gc,marking  ] GC(810) Concurrent Mark From Roots
[2026-06-17T10:06:43.536+0800][23.186s][info][gc,task     ] GC(810) Using 5 workers of 5 for marking
[2026-06-17T10:06:43.537+0800][23.187s][info][gc,marking  ] GC(810) Concurrent Mark From Roots 1.208ms
[2026-06-17T10:06:43.537+0800][23.188s][info][gc,marking  ] GC(810) Concurrent Preclean
[2026-06-17T10:06:43.537+0800][23.188s][info][gc,marking  ] GC(810) Concurrent Preclean 0.154ms
[2026-06-17T10:06:43.537+0800][23.188s][info][gc,start    ] GC(810) Pause Remark
[2026-06-17T10:06:43.538+0800][23.189s][info][gc          ] GC(810) Pause Remark 47M->45M(64M) 0.770ms
[2026-06-17T10:06:43.538+0800][23.189s][info][gc,cpu      ] GC(810) User=0.00s Sys=0.00s Real=0.00s
[2026-06-17T10:06:43.539+0800][23.189s][info][gc,marking  ] GC(810) Concurrent Mark 3.054ms
[2026-06-17T10:06:43.539+0800][23.189s][info][gc,marking  ] GC(810) Concurrent Rebuild Remembered Sets and Scrub Regions
[2026-06-17T10:06:43.539+0800][23.190s][info][gc,marking  ] GC(810) Concurrent Rebuild Remembered Sets and Scrub Regions 0.485ms
[2026-06-17T10:06:43.539+0800][23.190s][info][gc,start    ] GC(810) Pause Cleanup
[2026-06-17T10:06:43.540+0800][23.190s][info][gc          ] GC(810) Pause Cleanup 45M->45M(64M) 0.171ms
[2026-06-17T10:06:43.540+0800][23.190s][info][gc,cpu      ] GC(810) User=0.00s Sys=0.00s Real=0.00s
[2026-06-17T10:06:43.540+0800][23.190s][info][gc,marking  ] GC(810) Concurrent Clear Claimed Marks
[2026-06-17T10:06:43.540+0800][23.190s][info][gc,marking  ] GC(810) Concurrent Clear Claimed Marks 0.091ms
[2026-06-17T10:06:43.540+0800][23.190s][info][gc,marking  ] GC(810) Concurrent Cleanup for Next Mark
[2026-06-17T10:06:43.540+0800][23.191s][info][gc,marking  ] GC(810) Concurrent Cleanup for Next Mark 0.155ms
[2026-06-17T10:06:43.540+0800][23.191s][info][gc          ] GC(810) Concurrent Mark Cycle 5.068ms
[2026-06-17T10:06:43.546+0800][23.196s][info][gc,start    ] GC(811) Pause Young (Prepare Mixed) (G1 Evacuation Pause)
[2026-06-17T10:06:43.546+0800][23.197s][info][gc,task     ] GC(811) Using 2 workers of 18 for evacuation
[2026-06-17T10:06:43.547+0800][23.197s][info][gc,phases   ] GC(811)   Pre Evacuate Collection Set: 0.14ms
[2026-06-17T10:06:43.547+0800][23.197s][info][gc,phases   ] GC(811)   Merge Heap Roots: 0.06ms
[2026-06-17T10:06:43.547+0800][23.198s][info][gc,phases   ] GC(811)   Evacuate Collection Set: 0.16ms
[2026-06-17T10:06:43.547+0800][23.198s][info][gc,phases   ] GC(811)   Post Evacuate Collection Set: 0.16ms
[2026-06-17T10:06:43.547+0800][23.198s][info][gc,phases   ] GC(811)   Other: 0.13ms
[2026-06-17T10:06:43.547+0800][23.198s][info][gc,heap     ] GC(811) Eden regions: 6->0(7)
[2026-06-17T10:06:43.547+0800][23.198s][info][gc,heap     ] GC(811) Survivor regions: 1->1(1)
[2026-06-17T10:06:43.548+0800][23.198s][info][gc,heap     ] GC(811) Old regions: 24->25
[2026-06-17T10:06:43.548+0800][23.198s][info][gc,heap     ] GC(811) Humongous regions: 20->20
[2026-06-17T10:06:43.548+0800][23.198s][info][gc,metaspace] GC(811) Metaspace: 116K(320K)->116K(320K) NonClass: 109K(192K)->109K(192K) Class: 7K(128K)->7K(128K)
[2026-06-17T10:06:43.548+0800][23.198s][info][gc          ] GC(811) Pause Young (Prepare Mixed) (G1 Evacuation Pause) 50M->44M(64M) 1.941ms
[2026-06-17T10:06:43.548+0800][23.198s][info][gc,cpu      ] GC(811) User=0.00s Sys=0.00s Real=0.00s
[2026-06-17T10:06:43.569+0800][23.220s][info][gc,start    ] GC(812) Pause Young (Mixed) (G1 Evacuation Pause)
[2026-06-17T10:06:43.569+0800][23.220s][info][gc,task     ] GC(812) Using 2 workers of 18 for evacuation
[2026-06-17T10:06:43.571+0800][23.221s][info][gc,phases   ] GC(812)   Pre Evacuate Collection Set: 0.16ms
[2026-06-17T10:06:43.571+0800][23.221s][info][gc,phases   ] GC(812)   Merge Heap Roots: 0.05ms
[2026-06-17T10:06:43.571+0800][23.221s][info][gc,phases   ] GC(812)   Evacuate Collection Set: 0.47ms
[2026-06-17T10:06:43.571+0800][23.222s][info][gc,phases   ] GC(812)   Post Evacuate Collection Set: 0.21ms
[2026-06-17T10:06:43.571+0800][23.222s][info][gc,phases   ] GC(812)   Other: 0.27ms
[2026-06-17T10:06:43.572+0800][23.222s][info][gc,heap     ] GC(812) Eden regions: 7->0(11)
[2026-06-17T10:06:43.572+0800][23.222s][info][gc,heap     ] GC(812) Survivor regions: 1->1(1)
[2026-06-17T10:06:43.572+0800][23.222s][info][gc,heap     ] GC(812) Old regions: 25->25
[2026-06-17T10:06:43.572+0800][23.222s][info][gc,heap     ] GC(812) Humongous regions: 22->12
[2026-06-17T10:06:43.572+0800][23.223s][info][gc,metaspace] GC(812) Metaspace: 116K(320K)->116K(320K) NonClass: 109K(192K)->109K(192K) Class: 7K(128K)->7K(128K)
[2026-06-17T10:06:43.572+0800][23.223s][info][gc          ] GC(812) Pause Young (Mixed) (G1 Evacuation Pause) 53M->37M(64M) 3.177ms
[2026-06-17T10:06:43.572+0800][23.223s][info][gc,cpu      ] GC(812) User=0.00s Sys=0.00s Real=0.01s
[2026-06-17T10:06:43.604+0800][23.254s][info][gc,start    ] GC(813) Pause Young (Concurrent Start) (G1 Evacuation Pause)
[2026-06-17T10:06:43.605+0800][23.255s][info][gc,task     ] GC(813) Using 2 workers of 18 for evacuation
[2026-06-17T10:06:43.606+0800][23.256s][info][gc,phases   ] GC(813)   Pre Evacuate Collection Set: 0.20ms
[2026-06-17T10:06:43.606+0800][23.257s][info][gc,phases   ] GC(813)   Merge Heap Roots: 0.05ms
[2026-06-17T10:06:43.606+0800][23.257s][info][gc,phases   ] GC(813)   Evacuate Collection Set: 0.34ms
[2026-06-17T10:06:43.606+0800][23.257s][info][gc,phases   ] GC(813)   Post Evacuate Collection Set: 0.16ms
[2026-06-17T10:06:43.607+0800][23.257s][info][gc,phases   ] GC(813)   Other: 0.34ms
[2026-06-17T10:06:43.607+0800][23.257s][info][gc,heap     ] GC(813) Eden regions: 11->0(9)
[2026-06-17T10:06:43.607+0800][23.258s][info][gc,heap     ] GC(813) Survivor regions: 1->2(2)
[2026-06-17T10:06:43.607+0800][23.258s][info][gc,heap     ] GC(813) Old regions: 25->28
[2026-06-17T10:06:43.607+0800][23.258s][info][gc,heap     ] GC(813) Humongous regions: 12->12
[2026-06-17T10:06:43.608+0800][23.258s][info][gc,metaspace] GC(813) Metaspace: 116K(320K)->116K(320K) NonClass: 109K(192K)->109K(192K) Class: 7K(128K)->7K(128K)
[2026-06-17T10:06:43.608+0800][23.258s][info][gc          ] GC(813) Pause Young (Concurrent Start) (G1 Evacuation Pause) 48M->41M(64M) 4.057ms
[2026-06-17T10:06:43.608+0800][23.259s][info][gc,cpu      ] GC(813) User=0.00s Sys=0.00s Real=0.00s
[2026-06-17T10:06:43.608+0800][23.259s][info][gc          ] GC(814) Concurrent Mark Cycle
[2026-06-17T10:06:43.608+0800][23.259s][info][gc,marking  ] GC(814) Concurrent Scan Root Regions
[2026-06-17T10:06:43.609+0800][23.259s][info][gc,marking  ] GC(814) Concurrent Scan Root Regions 0.234ms
[2026-06-17T10:06:43.609+0800][23.259s][info][gc,marking  ] GC(814) Concurrent Mark
[2026-06-17T10:06:43.609+0800][23.259s][info][gc,marking  ] GC(814) Concurrent Mark From Roots
[2026-06-17T10:06:43.609+0800][23.259s][info][gc,task     ] GC(814) Using 5 workers of 5 for marking
[2026-06-17T10:06:43.610+0800][23.260s][info][gc,marking  ] GC(814) Concurrent Mark From Roots 1.146ms
[2026-06-17T10:06:43.610+0800][23.261s][info][gc,marking  ] GC(814) Concurrent Preclean
[2026-06-17T10:06:43.611+0800][23.261s][info][gc,marking  ] GC(814) Concurrent Preclean 0.542ms
[2026-06-17T10:06:43.611+0800][23.262s][info][gc,start    ] GC(814) Pause Remark
[2026-06-17T10:06:43.612+0800][23.262s][info][gc          ] GC(814) Pause Remark 42M->42M(64M) 0.497ms
[2026-06-17T10:06:43.612+0800][23.262s][info][gc,cpu      ] GC(814) User=0.00s Sys=0.00s Real=0.00s
[2026-06-17T10:06:43.612+0800][23.262s][info][gc,marking  ] GC(814) Concurrent Mark 3.208ms
[2026-06-17T10:06:43.612+0800][23.262s][info][gc,marking  ] GC(814) Concurrent Rebuild Remembered Sets and Scrub Regions
[2026-06-17T10:06:43.612+0800][23.263s][info][gc,marking  ] GC(814) Concurrent Rebuild Remembered Sets and Scrub Regions 0.443ms
[2026-06-17T10:06:43.613+0800][23.263s][info][gc,start    ] GC(814) Pause Cleanup
[2026-06-17T10:06:43.613+0800][23.263s][info][gc          ] GC(814) Pause Cleanup 42M->42M(64M) 0.105ms
[2026-06-17T10:06:43.613+0800][23.263s][info][gc,cpu      ] GC(814) User=0.00s Sys=0.00s Real=0.00s
[2026-06-17T10:06:43.613+0800][23.263s][info][gc,marking  ] GC(814) Concurrent Clear Claimed Marks
[2026-06-17T10:06:43.613+0800][23.263s][info][gc,marking  ] GC(814) Concurrent Clear Claimed Marks 0.078ms
[2026-06-17T10:06:43.613+0800][23.264s][info][gc,marking  ] GC(814) Concurrent Cleanup for Next Mark
[2026-06-17T10:06:43.613+0800][23.264s][info][gc,marking  ] GC(814) Concurrent Cleanup for Next Mark 0.187ms
[2026-06-17T10:06:43.613+0800][23.264s][info][gc          ] GC(814) Concurrent Mark Cycle 5.308ms
[2026-06-17T10:06:43.629+0800][23.280s][info][gc,start    ] GC(815) Pause Young (Prepare Mixed) (G1 Evacuation Pause)
[2026-06-17T10:06:43.631+0800][23.282s][info][gc,task     ] GC(815) Using 2 workers of 18 for evacuation
[2026-06-17T10:06:43.635+0800][23.285s][info][gc,phases   ] GC(815)   Pre Evacuate Collection Set: 0.13ms
[2026-06-17T10:06:43.636+0800][23.286s][info][gc,phases   ] GC(815)   Merge Heap Roots: 0.06ms
[2026-06-17T10:06:43.636+0800][23.287s][info][gc,phases   ] GC(815)   Evacuate Collection Set: 0.37ms
[2026-06-17T10:06:43.637+0800][23.287s][info][gc,phases   ] GC(815)   Post Evacuate Collection Set: 0.58ms
[2026-06-17T10:06:43.637+0800][23.288s][info][gc,phases   ] GC(815)   Other: 2.27ms
[2026-06-17T10:06:43.637+0800][23.288s][info][gc,heap     ] GC(815) Eden regions: 9->0(7)
[2026-06-17T10:06:43.637+0800][23.288s][info][gc,heap     ] GC(815) Survivor regions: 2->2(2)
[2026-06-17T10:06:43.638+0800][23.288s][info][gc,heap     ] GC(815) Old regions: 28->31
[2026-06-17T10:06:43.638+0800][23.288s][info][gc,heap     ] GC(815) Humongous regions: 12->12
[2026-06-17T10:06:43.638+0800][23.289s][info][gc,metaspace] GC(815) Metaspace: 116K(320K)->116K(320K) NonClass: 109K(192K)->109K(192K) Class: 7K(128K)->7K(128K)
[2026-06-17T10:06:43.638+0800][23.289s][info][gc          ] GC(815) Pause Young (Prepare Mixed) (G1 Evacuation Pause) 50M->44M(64M) 8.965ms
[2026-06-17T10:06:43.638+0800][23.289s][info][gc,cpu      ] GC(815) User=0.00s Sys=0.00s Real=0.01s
[2026-06-17T10:06:43.659+0800][23.310s][info][gc,start    ] GC(816) Pause Young (Mixed) (G1 Evacuation Pause)
[2026-06-17T10:06:43.660+0800][23.310s][info][gc,task     ] GC(816) Using 2 workers of 18 for evacuation
[2026-06-17T10:06:43.661+0800][23.311s][info][gc,phases   ] GC(816)   Pre Evacuate Collection Set: 0.14ms
[2026-06-17T10:06:43.661+0800][23.312s][info][gc,phases   ] GC(816)   Merge Heap Roots: 0.03ms
[2026-06-17T10:06:43.661+0800][23.312s][info][gc,phases   ] GC(816)   Evacuate Collection Set: 0.49ms
[2026-06-17T10:06:43.661+0800][23.312s][info][gc,phases   ] GC(816)   Post Evacuate Collection Set: 0.18ms
[2026-06-17T10:06:43.662+0800][23.312s][info][gc,phases   ] GC(816)   Other: 0.28ms
[2026-06-17T10:06:43.662+0800][23.312s][info][gc,heap     ] GC(816) Eden regions: 7->0(8)
[2026-06-17T10:06:43.662+0800][23.313s][info][gc,heap     ] GC(816) Survivor regions: 2->2(2)
[2026-06-17T10:06:43.662+0800][23.313s][info][gc,heap     ] GC(816) Old regions: 31->30
[2026-06-17T10:06:43.662+0800][23.313s][info][gc,heap     ] GC(816) Humongous regions: 12->12
[2026-06-17T10:06:43.663+0800][23.313s][info][gc,metaspace] GC(816) Metaspace: 116K(320K)->116K(320K) NonClass: 109K(192K)->109K(192K) Class: 7K(128K)->7K(128K)
[2026-06-17T10:06:43.663+0800][23.313s][info][gc          ] GC(816) Pause Young (Mixed) (G1 Evacuation Pause) 51M->43M(64M) 3.352ms
[2026-06-17T10:06:43.663+0800][23.313s][info][gc,cpu      ] GC(816) User=0.00s Sys=0.00s Real=0.01s
[2026-06-17T10:06:43.684+0800][23.334s][info][gc,start    ] GC(817) Pause Young (Mixed) (G1 Evacuation Pause)
[2026-06-17T10:06:43.684+0800][23.335s][info][gc,task     ] GC(817) Using 2 workers of 18 for evacuation
[2026-06-17T10:06:43.685+0800][23.336s][info][gc,phases   ] GC(817)   Pre Evacuate Collection Set: 0.12ms
[2026-06-17T10:06:43.686+0800][23.336s][info][gc,phases   ] GC(817)   Merge Heap Roots: 0.04ms
[2026-06-17T10:06:43.686+0800][23.336s][info][gc,phases   ] GC(817)   Evacuate Collection Set: 0.40ms
[2026-06-17T10:06:43.686+0800][23.336s][info][gc,phases   ] GC(817)   Post Evacuate Collection Set: 0.15ms
[2026-06-17T10:06:43.686+0800][23.337s][info][gc,phases   ] GC(817)   Other: 0.28ms
[2026-06-17T10:06:43.686+0800][23.337s][info][gc,heap     ] GC(817) Eden regions: 8->0(7)
[2026-06-17T10:06:43.686+0800][23.337s][info][gc,heap     ] GC(817) Survivor regions: 2->2(2)
[2026-06-17T10:06:43.687+0800][23.337s][info][gc,heap     ] GC(817) Old regions: 30->32
[2026-06-17T10:06:43.687+0800][23.337s][info][gc,heap     ] GC(817) Humongous regions: 12->12
[2026-06-17T10:06:43.687+0800][23.338s][info][gc,metaspace] GC(817) Metaspace: 116K(320K)->116K(320K) NonClass: 109K(192K)->109K(192K) Class: 7K(128K)->7K(128K)
[2026-06-17T10:06:43.687+0800][23.338s][info][gc          ] GC(817) Pause Young (Mixed) (G1 Evacuation Pause) 51M->45M(64M) 3.249ms
[2026-06-17T10:06:43.687+0800][23.338s][info][gc,cpu      ] GC(817) User=0.00s Sys=0.00s Real=0.00s
[2026-06-17T10:06:43.698+0800][23.349s][info][gc,start    ] GC(818) Pause Young (Concurrent Start) (G1 Evacuation Pause)
[2026-06-17T10:06:43.699+0800][23.349s][info][gc,task     ] GC(818) Using 2 workers of 18 for evacuation
[2026-06-17T10:06:43.700+0800][23.350s][info][gc,phases   ] GC(818)   Pre Evacuate Collection Set: 0.22ms
[2026-06-17T10:06:43.700+0800][23.350s][info][gc,phases   ] GC(818)   Merge Heap Roots: 0.03ms
[2026-06-17T10:06:43.700+0800][23.351s][info][gc,phases   ] GC(818)   Evacuate Collection Set: 0.27ms
[2026-06-17T10:06:43.700+0800][23.351s][info][gc,phases   ] GC(818)   Post Evacuate Collection Set: 0.15ms
[2026-06-17T10:06:43.700+0800][23.351s][info][gc,phases   ] GC(818)   Other: 0.24ms
[2026-06-17T10:06:43.701+0800][23.351s][info][gc,heap     ] GC(818) Eden regions: 7->0(7)
[2026-06-17T10:06:43.701+0800][23.351s][info][gc,heap     ] GC(818) Survivor regions: 2->2(2)
[2026-06-17T10:06:43.701+0800][23.351s][info][gc,heap     ] GC(818) Old regions: 32->33
[2026-06-17T10:06:43.701+0800][23.352s][info][gc,heap     ] GC(818) Humongous regions: 12->12
[2026-06-17T10:06:43.702+0800][23.353s][info][gc,metaspace] GC(818) Metaspace: 116K(320K)->116K(320K) NonClass: 109K(192K)->109K(192K) Class: 7K(128K)->7K(128K)
[2026-06-17T10:06:43.702+0800][23.353s][info][gc          ] GC(818) Pause Young (Concurrent Start) (G1 Evacuation Pause) 52M->46M(64M) 4.178ms
[2026-06-17T10:06:43.703+0800][23.353s][info][gc,cpu      ] GC(818) User=0.00s Sys=0.00s Real=0.01s
[2026-06-17T10:06:43.703+0800][23.353s][info][gc          ] GC(819) Concurrent Mark Cycle
[2026-06-17T10:06:43.703+0800][23.353s][info][gc,marking  ] GC(819) Concurrent Scan Root Regions
[2026-06-17T10:06:43.703+0800][23.354s][info][gc,marking  ] GC(819) Concurrent Scan Root Regions 0.204ms
[2026-06-17T10:06:43.703+0800][23.354s][info][gc,marking  ] GC(819) Concurrent Mark
[2026-06-17T10:06:43.703+0800][23.354s][info][gc,marking  ] GC(819) Concurrent Mark From Roots
[2026-06-17T10:06:43.703+0800][23.354s][info][gc,task     ] GC(819) Using 5 workers of 5 for marking
[2026-06-17T10:06:43.705+0800][23.355s][info][gc,marking  ] GC(819) Concurrent Mark From Roots 1.163ms
[2026-06-17T10:06:43.705+0800][23.355s][info][gc,marking  ] GC(819) Concurrent Preclean
[2026-06-17T10:06:43.705+0800][23.355s][info][gc,marking  ] GC(819) Concurrent Preclean 0.097ms
[2026-06-17T10:06:43.705+0800][23.355s][info][gc,start    ] GC(819) Pause Remark
[2026-06-17T10:06:43.705+0800][23.356s][info][gc          ] GC(819) Pause Remark 47M->39M(64M) 0.368ms
[2026-06-17T10:06:43.705+0800][23.356s][info][gc,cpu      ] GC(819) User=0.00s Sys=0.00s Real=0.00s
[2026-06-17T10:06:43.706+0800][23.356s][info][gc,marking  ] GC(819) Concurrent Mark 2.248ms
[2026-06-17T10:06:43.706+0800][23.356s][info][gc,marking  ] GC(819) Concurrent Rebuild Remembered Sets and Scrub Regions
[2026-06-17T10:06:43.706+0800][23.357s][info][gc,marking  ] GC(819) Concurrent Rebuild Remembered Sets and Scrub Regions 0.415ms
[2026-06-17T10:06:43.706+0800][23.357s][info][gc,start    ] GC(819) Pause Cleanup
[2026-06-17T10:06:43.706+0800][23.357s][info][gc          ] GC(819) Pause Cleanup 39M->39M(64M) 0.088ms
[2026-06-17T10:06:43.706+0800][23.357s][info][gc,cpu      ] GC(819) User=0.00s Sys=0.00s Real=0.00s
[2026-06-17T10:06:43.707+0800][23.357s][info][gc,marking  ] GC(819) Concurrent Clear Claimed Marks
[2026-06-17T10:06:43.707+0800][23.357s][info][gc,marking  ] GC(819) Concurrent Clear Claimed Marks 0.085ms
[2026-06-17T10:06:43.707+0800][23.357s][info][gc,marking  ] GC(819) Concurrent Cleanup for Next Mark
[2026-06-17T10:06:43.707+0800][23.357s][info][gc,marking  ] GC(819) Concurrent Cleanup for Next Mark 0.192ms
[2026-06-17T10:06:43.709+0800][23.360s][info][gc          ] GC(819) Concurrent Mark Cycle 6.540ms
[2026-06-17T10:06:43.724+0800][23.374s][info][gc,start    ] GC(820) Pause Young (Prepare Mixed) (G1 Evacuation Pause)
[2026-06-17T10:06:43.724+0800][23.375s][info][gc,task     ] GC(820) Using 2 workers of 18 for evacuation
[2026-06-17T10:06:43.725+0800][23.376s][info][gc,phases   ] GC(820)   Pre Evacuate Collection Set: 0.10ms
[2026-06-17T10:06:43.725+0800][23.376s][info][gc,phases   ] GC(820)   Merge Heap Roots: 0.04ms
[2026-06-17T10:06:43.726+0800][23.377s][info][gc,phases   ] GC(820)   Evacuate Collection Set: 0.38ms
[2026-06-17T10:06:43.727+0800][23.377s][info][gc,phases   ] GC(820)   Post Evacuate Collection Set: 0.15ms
[2026-06-17T10:06:43.727+0800][23.378s][info][gc,phases   ] GC(820)   Other: 0.22ms
[2026-06-17T10:06:43.727+0800][23.378s][info][gc,heap     ] GC(820) Eden regions: 7->0(9)
[2026-06-17T10:06:43.727+0800][23.378s][info][gc,heap     ] GC(820) Survivor regions: 2->2(2)
[2026-06-17T10:06:43.727+0800][23.378s][info][gc,heap     ] GC(820) Old regions: 25->29
[2026-06-17T10:06:43.727+0800][23.378s][info][gc,heap     ] GC(820) Humongous regions: 12->12
[2026-06-17T10:06:43.728+0800][23.378s][info][gc,metaspace] GC(820) Metaspace: 116K(320K)->116K(320K) NonClass: 109K(192K)->109K(192K) Class: 7K(128K)->7K(128K)
[2026-06-17T10:06:43.728+0800][23.378s][info][gc          ] GC(820) Pause Young (Prepare Mixed) (G1 Evacuation Pause) 45M->42M(64M) 4.053ms
[2026-06-17T10:06:43.728+0800][23.378s][info][gc,cpu      ] GC(820) User=0.00s Sys=0.00s Real=0.00s
[2026-06-17T10:06:43.759+0800][23.410s][info][gc,start    ] GC(821) Pause Young (Mixed) (G1 Evacuation Pause)
[2026-06-17T10:06:43.760+0800][23.410s][info][gc,task     ] GC(821) Using 2 workers of 18 for evacuation
[2026-06-17T10:06:43.761+0800][23.411s][info][gc,phases   ] GC(821)   Pre Evacuate Collection Set: 0.11ms
[2026-06-17T10:06:43.761+0800][23.412s][info][gc,phases   ] GC(821)   Merge Heap Roots: 0.05ms
[2026-06-17T10:06:43.761+0800][23.412s][info][gc,phases   ] GC(821)   Evacuate Collection Set: 0.31ms
[2026-06-17T10:06:43.762+0800][23.413s][info][gc,phases   ] GC(821)   Post Evacuate Collection Set: 0.20ms
[2026-06-17T10:06:43.763+0800][23.413s][info][gc,phases   ] GC(821)   Other: 0.34ms
[2026-06-17T10:06:43.763+0800][23.413s][info][gc,heap     ] GC(821) Eden regions: 9->0(12)
[2026-06-17T10:06:43.763+0800][23.414s][info][gc,heap     ] GC(821) Survivor regions: 2->2(2)
[2026-06-17T10:06:43.763+0800][23.414s][info][gc,heap     ] GC(821) Old regions: 29->25
[2026-06-17T10:06:43.764+0800][23.414s][info][gc,heap     ] GC(821) Humongous regions: 12->12
[2026-06-17T10:06:43.764+0800][23.414s][info][gc,metaspace] GC(821) Metaspace: 116K(320K)->116K(320K) NonClass: 109K(192K)->109K(192K) Class: 7K(128K)->7K(128K)
[2026-06-17T10:06:43.764+0800][23.415s][info][gc          ] GC(821) Pause Young (Mixed) (G1 Evacuation Pause) 51M->38M(64M) 4.555ms
[2026-06-17T10:06:43.764+0800][23.415s][info][gc,cpu      ] GC(821) User=0.00s Sys=0.00s Real=0.01s
[2026-06-17T10:06:43.796+0800][23.446s][info][gc,start    ] GC(822) Pause Young (Mixed) (G1 Evacuation Pause)
[2026-06-17T10:06:43.796+0800][23.447s][info][gc,task     ] GC(822) Using 2 workers of 18 for evacuation
[2026-06-17T10:06:43.798+0800][23.448s][info][gc,phases   ] GC(822)   Pre Evacuate Collection Set: 0.20ms
[2026-06-17T10:06:43.799+0800][23.450s][info][gc,phases   ] GC(822)   Merge Heap Roots: 0.08ms
[2026-06-17T10:06:43.802+0800][23.452s][info][gc,phases   ] GC(822)   Evacuate Collection Set: 0.46ms
[2026-06-17T10:06:43.804+0800][23.454s][info][gc,phases   ] GC(822)   Post Evacuate Collection Set: 0.34ms
[2026-06-17T10:06:43.804+0800][23.455s][info][gc,phases   ] GC(822)   Other: 0.51ms
[2026-06-17T10:06:43.805+0800][23.456s][info][gc,heap     ] GC(822) Eden regions: 12->0(11)
[2026-06-17T10:06:43.808+0800][23.458s][info][gc,heap     ] GC(822) Survivor regions: 2->2(2)
[2026-06-17T10:06:43.810+0800][23.460s][info][gc,heap     ] GC(822) Old regions: 25->25
[2026-06-17T10:06:43.811+0800][23.462s][info][gc,heap     ] GC(822) Humongous regions: 14->14
[2026-06-17T10:06:43.813+0800][23.463s][info][gc,metaspace] GC(822) Metaspace: 116K(320K)->116K(320K) NonClass: 109K(192K)->109K(192K) Class: 7K(128K)->7K(128K)
[2026-06-17T10:06:43.815+0800][23.465s][info][gc          ] GC(822) Pause Young (Mixed) (G1 Evacuation Pause) 52M->40M(64M) 18.873ms
[2026-06-17T10:06:43.817+0800][23.467s][info][gc,cpu      ] GC(822) User=0.00s Sys=0.00s Real=0.02s
[2026-06-17T10:06:43.838+0800][23.489s][info][gc,start    ] GC(823) Pause Young (Concurrent Start) (G1 Evacuation Pause)
[2026-06-17T10:06:43.839+0800][23.489s][info][gc,task     ] GC(823) Using 2 workers of 18 for evacuation
[2026-06-17T10:06:43.841+0800][23.491s][info][gc,phases   ] GC(823)   Pre Evacuate Collection Set: 0.28ms
[2026-06-17T10:06:43.841+0800][23.492s][info][gc,phases   ] GC(823)   Merge Heap Roots: 0.05ms
[2026-06-17T10:06:43.841+0800][23.492s][info][gc,phases   ] GC(823)   Evacuate Collection Set: 0.76ms
[2026-06-17T10:06:43.842+0800][23.492s][info][gc,phases   ] GC(823)   Post Evacuate Collection Set: 0.37ms
[2026-06-17T10:06:43.842+0800][23.492s][info][gc,phases   ] GC(823)   Other: 0.47ms
[2026-06-17T10:06:43.842+0800][23.493s][info][gc,heap     ] GC(823) Eden regions: 11->0(5)
[2026-06-17T10:06:43.842+0800][23.493s][info][gc,heap     ] GC(823) Survivor regions: 2->2(2)
[2026-06-17T10:06:43.843+0800][23.493s][info][gc,heap     ] GC(823) Old regions: 25->33
[2026-06-17T10:06:43.843+0800][23.493s][info][gc,heap     ] GC(823) Humongous regions: 14->14
[2026-06-17T10:06:43.843+0800][23.493s][info][gc,metaspace] GC(823) Metaspace: 116K(320K)->116K(320K) NonClass: 109K(192K)->109K(192K) Class: 7K(128K)->7K(128K)
[2026-06-17T10:06:43.843+0800][23.493s][info][gc          ] GC(823) Pause Young (Concurrent Start) (G1 Evacuation Pause) 51M->48M(64M) 4.554ms
[2026-06-17T10:06:43.843+0800][23.494s][info][gc,cpu      ] GC(823) User=0.00s Sys=0.00s Real=0.01s
[2026-06-17T10:06:43.843+0800][23.494s][info][gc          ] GC(824) Concurrent Mark Cycle
[2026-06-17T10:06:43.843+0800][23.494s][info][gc,marking  ] GC(824) Concurrent Scan Root Regions
[2026-06-17T10:06:43.844+0800][23.494s][info][gc,marking  ] GC(824) Concurrent Scan Root Regions 0.209ms
[2026-06-17T10:06:43.844+0800][23.494s][info][gc,marking  ] GC(824) Concurrent Mark
[2026-06-17T10:06:43.844+0800][23.494s][info][gc,marking  ] GC(824) Concurrent Mark From Roots
[2026-06-17T10:06:43.844+0800][23.494s][info][gc,task     ] GC(824) Using 5 workers of 5 for marking
[2026-06-17T10:06:43.845+0800][23.496s][info][gc,marking  ] GC(824) Concurrent Mark From Roots 1.330ms
[2026-06-17T10:06:43.845+0800][23.496s][info][gc,marking  ] GC(824) Concurrent Preclean
[2026-06-17T10:06:43.845+0800][23.496s][info][gc,marking  ] GC(824) Concurrent Preclean 0.093ms
[2026-06-17T10:06:43.845+0800][23.496s][info][gc,start    ] GC(824) Pause Remark
[2026-06-17T10:06:43.846+0800][23.496s][info][gc          ] GC(824) Pause Remark 50M->46M(64M) 0.491ms
[2026-06-17T10:06:43.846+0800][23.497s][info][gc,cpu      ] GC(824) User=0.00s Sys=0.00s Real=0.00s
[2026-06-17T10:06:43.846+0800][23.497s][info][gc,marking  ] GC(824) Concurrent Mark 2.496ms
[2026-06-17T10:06:43.846+0800][23.497s][info][gc,marking  ] GC(824) Concurrent Rebuild Remembered Sets and Scrub Regions
[2026-06-17T10:06:43.847+0800][23.497s][info][gc,marking  ] GC(824) Concurrent Rebuild Remembered Sets and Scrub Regions 0.492ms
[2026-06-17T10:06:43.847+0800][23.497s][info][gc,start    ] GC(824) Pause Cleanup
[2026-06-17T10:06:43.847+0800][23.498s][info][gc          ] GC(824) Pause Cleanup 46M->46M(64M) 0.128ms
[2026-06-17T10:06:43.847+0800][23.498s][info][gc,cpu      ] GC(824) User=0.00s Sys=0.00s Real=0.00s
[2026-06-17T10:06:43.847+0800][23.498s][info][gc,marking  ] GC(824) Concurrent Clear Claimed Marks
[2026-06-17T10:06:43.847+0800][23.498s][info][gc,marking  ] GC(824) Concurrent Clear Claimed Marks 0.114ms
[2026-06-17T10:06:43.847+0800][23.498s][info][gc,marking  ] GC(824) Concurrent Cleanup for Next Mark
[2026-06-17T10:06:43.848+0800][23.498s][info][gc,marking  ] GC(824) Concurrent Cleanup for Next Mark 0.153ms
[2026-06-17T10:06:43.848+0800][23.498s][info][gc          ] GC(824) Concurrent Mark Cycle 4.729ms
[2026-06-17T10:06:43.864+0800][23.514s][info][gc,start    ] GC(825) Pause Young (Prepare Mixed) (G1 Evacuation Pause)
[2026-06-17T10:06:43.865+0800][23.516s][info][gc,task     ] GC(825) Using 2 workers of 18 for evacuation
[2026-06-17T10:06:43.867+0800][23.517s][info][gc,phases   ] GC(825)   Pre Evacuate Collection Set: 0.13ms
[2026-06-17T10:06:43.869+0800][23.519s][info][gc,phases   ] GC(825)   Merge Heap Roots: 0.06ms
[2026-06-17T10:06:43.871+0800][23.521s][info][gc,phases   ] GC(825)   Evacuate Collection Set: 0.27ms
[2026-06-17T10:06:43.872+0800][23.523s][info][gc,phases   ] GC(825)   Post Evacuate Collection Set: 0.16ms
[2026-06-17T10:06:43.874+0800][23.524s][info][gc,phases   ] GC(825)   Other: 0.87ms
[2026-06-17T10:06:43.876+0800][23.526s][info][gc,heap     ] GC(825) Eden regions: 5->0(7)
[2026-06-17T10:06:43.880+0800][23.530s][info][gc,heap     ] GC(825) Survivor regions: 2->1(1)
[2026-06-17T10:06:43.883+0800][23.533s][info][gc,heap     ] GC(825) Old regions: 29->31
[2026-06-17T10:06:43.884+0800][23.534s][info][gc,heap     ] GC(825) Humongous regions: 14->14
[2026-06-17T10:06:43.884+0800][23.535s][info][gc,metaspace] GC(825) Metaspace: 116K(320K)->116K(320K) NonClass: 109K(192K)->109K(192K) Class: 7K(128K)->7K(128K)
[2026-06-17T10:06:43.885+0800][23.535s][info][gc          ] GC(825) Pause Young (Prepare Mixed) (G1 Evacuation Pause) 49M->45M(64M) 20.782ms
[2026-06-17T10:06:43.885+0800][23.536s][info][gc,cpu      ] GC(825) User=0.00s Sys=0.00s Real=0.02s
[2026-06-17T10:06:43.896+0800][23.547s][info][gc,start    ] GC(826) Pause Young (Mixed) (G1 Evacuation Pause)
[2026-06-17T10:06:43.901+0800][23.552s][info][gc,task     ] GC(826) Using 2 workers of 18 for evacuation
[2026-06-17T10:06:43.908+0800][23.559s][info][gc,phases   ] GC(826)   Pre Evacuate Collection Set: 0.29ms
[2026-06-17T10:06:43.913+0800][23.564s][info][gc,phases   ] GC(826)   Merge Heap Roots: 0.09ms
[2026-06-17T10:06:43.919+0800][23.569s][info][gc,phases   ] GC(826)   Evacuate Collection Set: 0.58ms
[2026-06-17T10:06:43.923+0800][23.573s][info][gc,phases   ] GC(826)   Post Evacuate Collection Set: 0.26ms
[2026-06-17T10:06:43.923+0800][23.574s][info][gc,phases   ] GC(826)   Other: 5.92ms
[2026-06-17T10:06:43.923+0800][23.574s][info][gc,heap     ] GC(826) Eden regions: 7->0(7)
[2026-06-17T10:06:43.924+0800][23.574s][info][gc,heap     ] GC(826) Survivor regions: 1->1(1)
[2026-06-17T10:06:43.924+0800][23.574s][info][gc,heap     ] GC(826) Old regions: 31->30
[2026-06-17T10:06:43.924+0800][23.575s][info][gc,heap     ] GC(826) Humongous regions: 14->14
[2026-06-17T10:06:43.924+0800][23.575s][info][gc,metaspace] GC(826) Metaspace: 116K(320K)->116K(320K) NonClass: 109K(192K)->109K(192K) Class: 7K(128K)->7K(128K)
[2026-06-17T10:06:43.924+0800][23.575s][info][gc          ] GC(826) Pause Young (Mixed) (G1 Evacuation Pause) 52M->44M(64M) 28.081ms
[2026-06-17T10:06:43.924+0800][23.575s][info][gc,cpu      ] GC(826) User=0.00s Sys=0.00s Real=0.03s
[2026-06-17T10:06:43.946+0800][23.596s][info][gc,start    ] GC(827) Pause Young (Mixed) (G1 Evacuation Pause)
[2026-06-17T10:06:43.946+0800][23.597s][info][gc,task     ] GC(827) Using 2 workers of 18 for evacuation
[2026-06-17T10:06:43.947+0800][23.598s][info][gc,phases   ] GC(827)   Pre Evacuate Collection Set: 0.11ms
[2026-06-17T10:06:43.948+0800][23.598s][info][gc,phases   ] GC(827)   Merge Heap Roots: 0.05ms
[2026-06-17T10:06:43.948+0800][23.598s][info][gc,phases   ] GC(827)   Evacuate Collection Set: 0.42ms
[2026-06-17T10:06:43.948+0800][23.599s][info][gc,phases   ] GC(827)   Post Evacuate Collection Set: 0.18ms
[2026-06-17T10:06:43.948+0800][23.599s][info][gc,phases   ] GC(827)   Other: 0.34ms
[2026-06-17T10:06:43.948+0800][23.599s][info][gc,heap     ] GC(827) Eden regions: 7->0(6)
[2026-06-17T10:06:43.948+0800][23.599s][info][gc,heap     ] GC(827) Survivor regions: 1->1(1)
[2026-06-17T10:06:43.949+0800][23.599s][info][gc,heap     ] GC(827) Old regions: 30->32
[2026-06-17T10:06:43.949+0800][23.599s][info][gc,heap     ] GC(827) Humongous regions: 14->14
[2026-06-17T10:06:43.949+0800][23.599s][info][gc,metaspace] GC(827) Metaspace: 116K(320K)->116K(320K) NonClass: 109K(192K)->109K(192K) Class: 7K(128K)->7K(128K)
[2026-06-17T10:06:43.949+0800][23.599s][info][gc          ] GC(827) Pause Young (Mixed) (G1 Evacuation Pause) 51M->46M(64M) 3.070ms
[2026-06-17T10:06:43.949+0800][23.600s][info][gc,cpu      ] GC(827) User=0.00s Sys=0.00s Real=0.00s
[2026-06-17T10:06:43.960+0800][23.610s][info][gc,start    ] GC(828) Pause Young (Concurrent Start) (G1 Evacuation Pause)
[2026-06-17T10:06:43.960+0800][23.611s][info][gc,task     ] GC(828) Using 2 workers of 18 for evacuation
[2026-06-17T10:06:43.962+0800][23.612s][info][gc,phases   ] GC(828)   Pre Evacuate Collection Set: 0.16ms
[2026-06-17T10:06:43.962+0800][23.613s][info][gc,phases   ] GC(828)   Merge Heap Roots: 0.04ms
[2026-06-17T10:06:43.962+0800][23.613s][info][gc,phases   ] GC(828)   Evacuate Collection Set: 0.43ms
[2026-06-17T10:06:43.963+0800][23.613s][info][gc,phases   ] GC(828)   Post Evacuate Collection Set: 0.24ms
[2026-06-17T10:06:43.963+0800][23.613s][info][gc,phases   ] GC(828)   Other: 0.34ms
[2026-06-17T10:06:43.963+0800][23.614s][info][gc,heap     ] GC(828) Eden regions: 6->0(4)
[2026-06-17T10:06:43.963+0800][23.614s][info][gc,heap     ] GC(828) Survivor regions: 1->1(1)
[2026-06-17T10:06:43.963+0800][23.614s][info][gc,heap     ] GC(828) Old regions: 32->36
[2026-06-17T10:06:43.964+0800][23.614s][info][gc,heap     ] GC(828) Humongous regions: 14->14
[2026-06-17T10:06:43.964+0800][23.614s][info][gc,metaspace] GC(828) Metaspace: 116K(320K)->116K(320K) NonClass: 109K(192K)->109K(192K) Class: 7K(128K)->7K(128K)
[2026-06-17T10:06:43.964+0800][23.614s][info][gc          ] GC(828) Pause Young (Concurrent Start) (G1 Evacuation Pause) 52M->50M(64M) 4.013ms
[2026-06-17T10:06:43.964+0800][23.615s][info][gc,cpu      ] GC(828) User=0.00s Sys=0.00s Real=0.01s
[2026-06-17T10:06:43.964+0800][23.615s][info][gc          ] GC(829) Concurrent Mark Cycle
[2026-06-17T10:06:43.965+0800][23.615s][info][gc,marking  ] GC(829) Concurrent Scan Root Regions
[2026-06-17T10:06:43.965+0800][23.615s][info][gc,marking  ] GC(829) Concurrent Scan Root Regions 0.219ms
[2026-06-17T10:06:43.965+0800][23.616s][info][gc,marking  ] GC(829) Concurrent Mark
[2026-06-17T10:06:43.965+0800][23.616s][info][gc,marking  ] GC(829) Concurrent Mark From Roots
[2026-06-17T10:06:43.965+0800][23.616s][info][gc,task     ] GC(829) Using 5 workers of 5 for marking
[2026-06-17T10:06:43.966+0800][23.617s][info][gc,marking  ] GC(829) Concurrent Mark From Roots 1.236ms
[2026-06-17T10:06:43.966+0800][23.617s][info][gc,marking  ] GC(829) Concurrent Preclean
[2026-06-17T10:06:43.967+0800][23.617s][info][gc,marking  ] GC(829) Concurrent Preclean 0.107ms
[2026-06-17T10:06:43.967+0800][23.617s][info][gc,start    ] GC(829) Pause Remark
[2026-06-17T10:06:43.967+0800][23.618s][info][gc          ] GC(829) Pause Remark 51M->50M(64M) 0.365ms
[2026-06-17T10:06:43.967+0800][23.618s][info][gc,cpu      ] GC(829) User=0.00s Sys=0.00s Real=0.00s
[2026-06-17T10:06:43.967+0800][23.618s][info][gc,marking  ] GC(829) Concurrent Mark 2.316ms
[2026-06-17T10:06:43.967+0800][23.618s][info][gc,marking  ] GC(829) Concurrent Rebuild Remembered Sets and Scrub Regions
[2026-06-17T10:06:43.968+0800][23.618s][info][gc,marking  ] GC(829) Concurrent Rebuild Remembered Sets and Scrub Regions 0.491ms
[2026-06-17T10:06:43.969+0800][23.619s][info][gc,start    ] GC(829) Pause Cleanup
[2026-06-17T10:06:43.969+0800][23.619s][info][gc          ] GC(829) Pause Cleanup 50M->50M(64M) 0.189ms
[2026-06-17T10:06:43.969+0800][23.619s][info][gc,cpu      ] GC(829) User=0.00s Sys=0.00s Real=0.00s
[2026-06-17T10:06:43.969+0800][23.620s][info][gc,marking  ] GC(829) Concurrent Clear Claimed Marks
[2026-06-17T10:06:43.969+0800][23.620s][info][gc,marking  ] GC(829) Concurrent Clear Claimed Marks 0.122ms
[2026-06-17T10:06:43.969+0800][23.620s][info][gc,marking  ] GC(829) Concurrent Cleanup for Next Mark
[2026-06-17T10:06:43.969+0800][23.620s][info][gc,marking  ] GC(829) Concurrent Cleanup for Next Mark 0.155ms
[2026-06-17T10:06:43.969+0800][23.620s][info][gc          ] GC(829) Concurrent Mark Cycle 5.253ms
[2026-06-17T10:06:43.985+0800][23.636s][info][gc,start    ] GC(830) Pause Young (Prepare Mixed) (G1 Evacuation Pause)
[2026-06-17T10:06:43.986+0800][23.636s][info][gc,task     ] GC(830) Using 2 workers of 18 for evacuation
[2026-06-17T10:06:43.987+0800][23.637s][info][gc,phases   ] GC(830)   Pre Evacuate Collection Set: 0.19ms
[2026-06-17T10:06:43.987+0800][23.637s][info][gc,phases   ] GC(830)   Merge Heap Roots: 0.07ms
[2026-06-17T10:06:43.987+0800][23.638s][info][gc,phases   ] GC(830)   Evacuate Collection Set: 0.17ms
[2026-06-17T10:06:43.987+0800][23.638s][info][gc,phases   ] GC(830)   Post Evacuate Collection Set: 0.27ms
[2026-06-17T10:06:43.987+0800][23.638s][info][gc,phases   ] GC(830)   Other: 0.37ms
[2026-06-17T10:06:43.987+0800][23.638s][info][gc,heap     ] GC(830) Eden regions: 4->0(5)
[2026-06-17T10:06:43.988+0800][23.638s][info][gc,heap     ] GC(830) Survivor regions: 1->1(1)
[2026-06-17T10:06:43.988+0800][23.638s][info][gc,heap     ] GC(830) Old regions: 35->36
[2026-06-17T10:06:43.988+0800][23.638s][info][gc,heap     ] GC(830) Humongous regions: 14->14
[2026-06-17T10:06:43.988+0800][23.639s][info][gc,metaspace] GC(830) Metaspace: 116K(320K)->116K(320K) NonClass: 109K(192K)->109K(192K) Class: 7K(128K)->7K(128K)
[2026-06-17T10:06:43.988+0800][23.639s][info][gc          ] GC(830) Pause Young (Prepare Mixed) (G1 Evacuation Pause) 53M->50M(64M) 2.892ms
[2026-06-17T10:06:43.988+0800][23.639s][info][gc,cpu      ] GC(830) User=0.00s Sys=0.00s Real=0.00s
[2026-06-17T10:06:43.999+0800][23.649s][info][gc,start    ] GC(831) Pause Young (Mixed) (G1 Evacuation Pause)
[2026-06-17T10:06:43.999+0800][23.650s][info][gc,task     ] GC(831) Using 2 workers of 18 for evacuation
[2026-06-17T10:06:44.000+0800][23.651s][info][gc,phases   ] GC(831)   Pre Evacuate Collection Set: 0.13ms
[2026-06-17T10:06:44.000+0800][23.651s][info][gc,phases   ] GC(831)   Merge Heap Roots: 0.06ms
[2026-06-17T10:06:44.000+0800][23.651s][info][gc,phases   ] GC(831)   Evacuate Collection Set: 0.34ms
[2026-06-17T10:06:44.001+0800][23.651s][info][gc,phases   ] GC(831)   Post Evacuate Collection Set: 0.16ms
[2026-06-17T10:06:44.001+0800][23.651s][info][gc,phases   ] GC(831)   Other: 0.23ms
[2026-06-17T10:06:44.001+0800][23.651s][info][gc,heap     ] GC(831) Eden regions: 5->0(7)
[2026-06-17T10:06:44.001+0800][23.652s][info][gc,heap     ] GC(831) Survivor regions: 1->1(1)
[2026-06-17T10:06:44.001+0800][23.652s][info][gc,heap     ] GC(831) Old regions: 36->32
[2026-06-17T10:06:44.002+0800][23.652s][info][gc,heap     ] GC(831) Humongous regions: 14->14
[2026-06-17T10:06:44.002+0800][23.652s][info][gc,metaspace] GC(831) Metaspace: 116K(320K)->116K(320K) NonClass: 109K(192K)->109K(192K) Class: 7K(128K)->7K(128K)
[2026-06-17T10:06:44.002+0800][23.652s][info][gc          ] GC(831) Pause Young (Mixed) (G1 Evacuation Pause) 55M->46M(64M) 3.027ms
[2026-06-17T10:06:44.002+0800][23.652s][info][gc,cpu      ] GC(831) User=0.00s Sys=0.00s Real=0.00s
[2026-06-17T10:06:44.023+0800][23.673s][info][gc,start    ] GC(832) Pause Young (Mixed) (G1 Evacuation Pause)
[2026-06-17T10:06:44.023+0800][23.674s][info][gc,task     ] GC(832) Using 2 workers of 18 for evacuation
[2026-06-17T10:06:44.024+0800][23.675s][info][gc,phases   ] GC(832)   Pre Evacuate Collection Set: 0.13ms
[2026-06-17T10:06:44.025+0800][23.675s][info][gc,phases   ] GC(832)   Merge Heap Roots: 0.05ms
[2026-06-17T10:06:44.025+0800][23.675s][info][gc,phases   ] GC(832)   Evacuate Collection Set: 0.43ms
[2026-06-17T10:06:44.025+0800][23.676s][info][gc,phases   ] GC(832)   Post Evacuate Collection Set: 0.17ms
[2026-06-17T10:06:44.025+0800][23.676s][info][gc,phases   ] GC(832)   Other: 0.31ms
[2026-06-17T10:06:44.025+0800][23.676s][info][gc,heap     ] GC(832) Eden regions: 7->0(9)
[2026-06-17T10:06:44.026+0800][23.676s][info][gc,heap     ] GC(832) Survivor regions: 1->1(1)
[2026-06-17T10:06:44.026+0800][23.676s][info][gc,heap     ] GC(832) Old regions: 32->29
[2026-06-17T10:06:44.026+0800][23.677s][info][gc,heap     ] GC(832) Humongous regions: 14->14
[2026-06-17T10:06:44.026+0800][23.677s][info][gc,metaspace] GC(832) Metaspace: 116K(320K)->116K(320K) NonClass: 109K(192K)->109K(192K) Class: 7K(128K)->7K(128K)
[2026-06-17T10:06:44.026+0800][23.677s][info][gc          ] GC(832) Pause Young (Mixed) (G1 Evacuation Pause) 53M->42M(64M) 3.567ms
[2026-06-17T10:06:44.027+0800][23.677s][info][gc,cpu      ] GC(832) User=0.00s Sys=0.00s Real=0.00s
[2026-06-17T10:06:44.048+0800][23.698s][info][gc,start    ] GC(833) Pause Young (Concurrent Start) (G1 Evacuation Pause)
[2026-06-17T10:06:44.048+0800][23.699s][info][gc,task     ] GC(833) Using 2 workers of 18 for evacuation
[2026-06-17T10:06:44.049+0800][23.700s][info][gc,phases   ] GC(833)   Pre Evacuate Collection Set: 0.22ms
[2026-06-17T10:06:44.050+0800][23.700s][info][gc,phases   ] GC(833)   Merge Heap Roots: 0.07ms
[2026-06-17T10:06:44.050+0800][23.700s][info][gc,phases   ] GC(833)   Evacuate Collection Set: 0.27ms
[2026-06-17T10:06:44.050+0800][23.700s][info][gc,phases   ] GC(833)   Post Evacuate Collection Set: 0.22ms
[2026-06-17T10:06:44.050+0800][23.701s][info][gc,phases   ] GC(833)   Other: 0.31ms
[2026-06-17T10:06:44.050+0800][23.701s][info][gc,heap     ] GC(833) Eden regions: 9->0(9)
[2026-06-17T10:06:44.050+0800][23.701s][info][gc,heap     ] GC(833) Survivor regions: 1->2(2)
[2026-06-17T10:06:44.051+0800][23.701s][info][gc,heap     ] GC(833) Old regions: 29->29
[2026-06-17T10:06:44.051+0800][23.701s][info][gc,heap     ] GC(833) Humongous regions: 14->14
[2026-06-17T10:06:44.051+0800][23.701s][info][gc,metaspace] GC(833) Metaspace: 116K(320K)->116K(320K) NonClass: 109K(192K)->109K(192K) Class: 7K(128K)->7K(128K)
[2026-06-17T10:06:44.051+0800][23.702s][info][gc          ] GC(833) Pause Young (Concurrent Start) (G1 Evacuation Pause) 51M->44M(64M) 3.245ms
[2026-06-17T10:06:44.051+0800][23.702s][info][gc,cpu      ] GC(833) User=0.00s Sys=0.01s Real=0.01s
[2026-06-17T10:06:44.051+0800][23.702s][info][gc          ] GC(834) Concurrent Mark Cycle
[2026-06-17T10:06:44.052+0800][23.702s][info][gc,marking  ] GC(834) Concurrent Scan Root Regions
[2026-06-17T10:06:44.052+0800][23.702s][info][gc,marking  ] GC(834) Concurrent Scan Root Regions 0.149ms
[2026-06-17T10:06:44.052+0800][23.702s][info][gc,marking  ] GC(834) Concurrent Mark
[2026-06-17T10:06:44.052+0800][23.702s][info][gc,marking  ] GC(834) Concurrent Mark From Roots
[2026-06-17T10:06:44.052+0800][23.703s][info][gc,task     ] GC(834) Using 5 workers of 5 for marking
[2026-06-17T10:06:44.053+0800][23.704s][info][gc,marking  ] GC(834) Concurrent Mark From Roots 1.375ms
[2026-06-17T10:06:44.054+0800][23.705s][info][gc,marking  ] GC(834) Concurrent Preclean
[2026-06-17T10:06:44.054+0800][23.705s][info][gc,marking  ] GC(834) Concurrent Preclean 0.468ms
[2026-06-17T10:06:44.055+0800][23.706s][info][gc,start    ] GC(834) Pause Remark
[2026-06-17T10:06:44.055+0800][23.706s][info][gc          ] GC(834) Pause Remark 49M->47M(64M) 0.482ms
[2026-06-17T10:06:44.056+0800][23.706s][info][gc,cpu      ] GC(834) User=0.00s Sys=0.00s Real=0.00s
[2026-06-17T10:06:44.056+0800][23.706s][info][gc,marking  ] GC(834) Concurrent Mark 3.935ms
[2026-06-17T10:06:44.056+0800][23.706s][info][gc,marking  ] GC(834) Concurrent Rebuild Remembered Sets and Scrub Regions
[2026-06-17T10:06:44.056+0800][23.707s][info][gc,marking  ] GC(834) Concurrent Rebuild Remembered Sets and Scrub Regions 0.420ms
[2026-06-17T10:06:44.056+0800][23.707s][info][gc,start    ] GC(834) Pause Cleanup
[2026-06-17T10:06:44.056+0800][23.707s][info][gc          ] GC(834) Pause Cleanup 47M->47M(64M) 0.093ms
[2026-06-17T10:06:44.057+0800][23.707s][info][gc,cpu      ] GC(834) User=0.00s Sys=0.00s Real=0.00s
[2026-06-17T10:06:44.057+0800][23.707s][info][gc,marking  ] GC(834) Concurrent Clear Claimed Marks
[2026-06-17T10:06:44.057+0800][23.707s][info][gc,marking  ] GC(834) Concurrent Clear Claimed Marks 0.098ms
[2026-06-17T10:06:44.057+0800][23.707s][info][gc,marking  ] GC(834) Concurrent Cleanup for Next Mark
[2026-06-17T10:06:44.057+0800][23.708s][info][gc,marking  ] GC(834) Concurrent Cleanup for Next Mark 0.178ms
[2026-06-17T10:06:44.057+0800][23.708s][info][gc          ] GC(834) Concurrent Mark Cycle 5.945ms
[2026-06-17T10:06:44.072+0800][23.723s][info][gc,start    ] GC(835) Pause Young (Prepare Mixed) (G1 Evacuation Pause)
[2026-06-17T10:06:44.073+0800][23.723s][info][gc,task     ] GC(835) Using 2 workers of 18 for evacuation
[2026-06-17T10:06:44.074+0800][23.724s][info][gc,phases   ] GC(835)   Pre Evacuate Collection Set: 0.11ms
[2026-06-17T10:06:44.074+0800][23.724s][info][gc,phases   ] GC(835)   Merge Heap Roots: 0.05ms
[2026-06-17T10:06:44.074+0800][23.724s][info][gc,phases   ] GC(835)   Evacuate Collection Set: 0.30ms
[2026-06-17T10:06:44.074+0800][23.725s][info][gc,phases   ] GC(835)   Post Evacuate Collection Set: 0.14ms
[2026-06-17T10:06:44.074+0800][23.725s][info][gc,phases   ] GC(835)   Other: 0.28ms
[2026-06-17T10:06:44.074+0800][23.725s][info][gc,heap     ] GC(835) Eden regions: 9->0(7)
[2026-06-17T10:06:44.074+0800][23.725s][info][gc,heap     ] GC(835) Survivor regions: 2->2(2)
[2026-06-17T10:06:44.075+0800][23.725s][info][gc,heap     ] GC(835) Old regions: 27->31
[2026-06-17T10:06:44.075+0800][23.725s][info][gc,heap     ] GC(835) Humongous regions: 16->16
[2026-06-17T10:06:44.075+0800][23.725s][info][gc,metaspace] GC(835) Metaspace: 116K(320K)->116K(320K) NonClass: 109K(192K)->109K(192K) Class: 7K(128K)->7K(128K)
[2026-06-17T10:06:44.075+0800][23.725s][info][gc          ] GC(835) Pause Young (Prepare Mixed) (G1 Evacuation Pause) 53M->48M(64M) 2.379ms
[2026-06-17T10:06:44.075+0800][23.725s][info][gc,cpu      ] GC(835) User=0.00s Sys=0.00s Real=0.00s
[2026-06-17T10:06:44.096+0800][23.746s][info][gc,start    ] GC(836) Pause Young (Mixed) (G1 Evacuation Pause)
[2026-06-17T10:06:44.096+0800][23.747s][info][gc,task     ] GC(836) Using 2 workers of 18 for evacuation
[2026-06-17T10:06:44.097+0800][23.747s][info][gc,phases   ] GC(836)   Pre Evacuate Collection Set: 0.12ms
[2026-06-17T10:06:44.097+0800][23.748s][info][gc,phases   ] GC(836)   Merge Heap Roots: 0.05ms
[2026-06-17T10:06:44.097+0800][23.748s][info][gc,phases   ] GC(836)   Evacuate Collection Set: 0.30ms
[2026-06-17T10:06:44.098+0800][23.748s][info][gc,phases   ] GC(836)   Post Evacuate Collection Set: 0.17ms
[2026-06-17T10:06:44.098+0800][23.748s][info][gc,phases   ] GC(836)   Other: 0.24ms
[2026-06-17T10:06:44.098+0800][23.748s][info][gc,heap     ] GC(836) Eden regions: 7->0(9)
[2026-06-17T10:06:44.098+0800][23.749s][info][gc,heap     ] GC(836) Survivor regions: 2->1(2)
[2026-06-17T10:06:44.098+0800][23.749s][info][gc,heap     ] GC(836) Old regions: 31->30
[2026-06-17T10:06:44.098+0800][23.749s][info][gc,heap     ] GC(836) Humongous regions: 16->16
[2026-06-17T10:06:44.099+0800][23.749s][info][gc,metaspace] GC(836) Metaspace: 116K(320K)->116K(320K) NonClass: 109K(192K)->109K(192K) Class: 7K(128K)->7K(128K)
[2026-06-17T10:06:44.099+0800][23.749s][info][gc          ] GC(836) Pause Young (Mixed) (G1 Evacuation Pause) 55M->45M(64M) 3.065ms
[2026-06-17T10:06:44.099+0800][23.749s][info][gc,cpu      ] GC(836) User=0.00s Sys=0.00s Real=0.00s
[2026-06-17T10:06:44.120+0800][23.771s][info][gc,start    ] GC(837) Pause Young (Concurrent Start) (G1 Evacuation Pause)
[2026-06-17T10:06:44.121+0800][23.771s][info][gc,task     ] GC(837) Using 2 workers of 18 for evacuation
[2026-06-17T10:06:44.123+0800][23.773s][info][gc,phases   ] GC(837)   Pre Evacuate Collection Set: 0.18ms
[2026-06-17T10:06:44.123+0800][23.774s][info][gc,phases   ] GC(837)   Merge Heap Roots: 0.04ms
[2026-06-17T10:06:44.128+0800][23.778s][info][gc,phases   ] GC(837)   Evacuate Collection Set: 0.35ms
[2026-06-17T10:06:44.128+0800][23.779s][info][gc,phases   ] GC(837)   Post Evacuate Collection Set: 0.26ms
[2026-06-17T10:06:44.129+0800][23.779s][info][gc,phases   ] GC(837)   Other: 1.28ms
[2026-06-17T10:06:44.129+0800][23.780s][info][gc,heap     ] GC(837) Eden regions: 9->0(7)
[2026-06-17T10:06:44.130+0800][23.780s][info][gc,heap     ] GC(837) Survivor regions: 1->2(2)
[2026-06-17T10:06:44.130+0800][23.780s][info][gc,heap     ] GC(837) Old regions: 30->31
[2026-06-17T10:06:44.131+0800][23.782s][info][gc,heap     ] GC(837) Humongous regions: 16->16
[2026-06-17T10:06:44.132+0800][23.782s][info][gc,metaspace] GC(837) Metaspace: 116K(320K)->116K(320K) NonClass: 109K(192K)->109K(192K) Class: 7K(128K)->7K(128K)
[2026-06-17T10:06:44.132+0800][23.783s][info][gc          ] GC(837) Pause Young (Concurrent Start) (G1 Evacuation Pause) 54M->48M(64M) 11.857ms
[2026-06-17T10:06:44.132+0800][23.783s][info][gc,cpu      ] GC(837) User=0.00s Sys=0.00s Real=0.02s
[2026-06-17T10:06:44.132+0800][23.783s][info][gc          ] GC(838) Concurrent Mark Cycle
[2026-06-17T10:06:44.133+0800][23.784s][info][gc,marking  ] GC(838) Concurrent Scan Root Regions
[2026-06-17T10:06:44.135+0800][23.786s][info][gc,marking  ] GC(838) Concurrent Scan Root Regions 1.850ms
[2026-06-17T10:06:44.136+0800][23.786s][info][gc,marking  ] GC(838) Concurrent Mark
[2026-06-17T10:06:44.136+0800][23.787s][info][gc,marking  ] GC(838) Concurrent Mark From Roots
[2026-06-17T10:06:44.136+0800][23.787s][info][gc,task     ] GC(838) Using 5 workers of 5 for marking
[2026-06-17T10:06:44.138+0800][23.789s][info][gc,marking  ] GC(838) Concurrent Mark From Roots 2.326ms
[2026-06-17T10:06:44.139+0800][23.789s][info][gc,marking  ] GC(838) Concurrent Preclean
[2026-06-17T10:06:44.139+0800][23.790s][info][gc,marking  ] GC(838) Concurrent Preclean 0.453ms
[2026-06-17T10:06:44.142+0800][23.792s][info][gc,start    ] GC(838) Pause Remark
[2026-06-17T10:06:44.143+0800][23.794s][info][gc          ] GC(838) Pause Remark 50M->41M(64M) 1.440ms
[2026-06-17T10:06:44.144+0800][23.794s][info][gc,cpu      ] GC(838) User=0.00s Sys=0.00s Real=0.01s
[2026-06-17T10:06:44.144+0800][23.795s][info][gc,marking  ] GC(838) Concurrent Mark 8.336ms
[2026-06-17T10:06:44.145+0800][23.795s][info][gc,marking  ] GC(838) Concurrent Rebuild Remembered Sets and Scrub Regions
[2026-06-17T10:06:44.144+0800][23.795s][info][gc,start    ] GC(839) Pause Young (Normal) (G1 Evacuation Pause)
[2026-06-17T10:06:44.145+0800][23.796s][info][gc,task     ] GC(839) Using 2 workers of 18 for evacuation
[2026-06-17T10:06:44.147+0800][23.797s][info][gc,phases   ] GC(839)   Pre Evacuate Collection Set: 0.19ms
[2026-06-17T10:06:44.147+0800][23.798s][info][gc,phases   ] GC(839)   Merge Heap Roots: 0.07ms
[2026-06-17T10:06:44.148+0800][23.798s][info][gc,phases   ] GC(839)   Evacuate Collection Set: 0.22ms
[2026-06-17T10:06:44.148+0800][23.798s][info][gc,phases   ] GC(839)   Post Evacuate Collection Set: 0.26ms
[2026-06-17T10:06:44.148+0800][23.799s][info][gc,phases   ] GC(839)   Other: 0.73ms
[2026-06-17T10:06:44.149+0800][23.799s][info][gc,heap     ] GC(839) Eden regions: 7->0(14)
[2026-06-17T10:06:44.149+0800][23.799s][info][gc,heap     ] GC(839) Survivor regions: 2->1(2)
[2026-06-17T10:06:44.149+0800][23.800s][info][gc,heap     ] GC(839) Old regions: 22->23
[2026-06-17T10:06:44.150+0800][23.800s][info][gc,heap     ] GC(839) Humongous regions: 16->16
[2026-06-17T10:06:44.150+0800][23.801s][info][gc,metaspace] GC(839) Metaspace: 116K(320K)->116K(320K) NonClass: 109K(192K)->109K(192K) Class: 7K(128K)->7K(128K)
[2026-06-17T10:06:44.150+0800][23.801s][info][gc          ] GC(839) Pause Young (Normal) (G1 Evacuation Pause) 46M->39M(64M) 5.914ms
[2026-06-17T10:06:44.151+0800][23.801s][info][gc,cpu      ] GC(839) User=0.00s Sys=0.00s Real=0.01s
[2026-06-17T10:06:44.152+0800][23.803s][info][gc,marking  ] GC(838) Concurrent Rebuild Remembered Sets and Scrub Regions 7.555ms
[2026-06-17T10:06:44.152+0800][23.803s][info][gc,start    ] GC(838) Pause Cleanup
[2026-06-17T10:06:44.153+0800][23.803s][info][gc          ] GC(838) Pause Cleanup 40M->40M(64M) 0.324ms
[2026-06-17T10:06:44.153+0800][23.804s][info][gc,cpu      ] GC(838) User=0.00s Sys=0.00s Real=0.00s
[2026-06-17T10:06:44.153+0800][23.804s][info][gc,marking  ] GC(838) Concurrent Clear Claimed Marks
[2026-06-17T10:06:44.154+0800][23.804s][info][gc,marking  ] GC(838) Concurrent Clear Claimed Marks 0.267ms
[2026-06-17T10:06:44.154+0800][23.804s][info][gc,marking  ] GC(838) Concurrent Cleanup for Next Mark
[2026-06-17T10:06:44.154+0800][23.805s][info][gc,marking  ] GC(838) Concurrent Cleanup for Next Mark 0.445ms
[2026-06-17T10:06:44.155+0800][23.805s][info][gc          ] GC(838) Concurrent Mark Cycle 22.160ms
[2026-06-17T10:06:44.193+0800][23.844s][info][gc,start    ] GC(840) Pause Young (Prepare Mixed) (G1 Evacuation Pause)
[2026-06-17T10:06:44.194+0800][23.844s][info][gc,task     ] GC(840) Using 2 workers of 18 for evacuation
[2026-06-17T10:06:44.195+0800][23.846s][info][gc,phases   ] GC(840)   Pre Evacuate Collection Set: 0.19ms
[2026-06-17T10:06:44.196+0800][23.846s][info][gc,phases   ] GC(840)   Merge Heap Roots: 0.08ms
[2026-06-17T10:06:44.197+0800][23.847s][info][gc,phases   ] GC(840)   Evacuate Collection Set: 0.39ms
[2026-06-17T10:06:44.197+0800][23.848s][info][gc,phases   ] GC(840)   Post Evacuate Collection Set: 0.18ms
[2026-06-17T10:06:44.198+0800][23.848s][info][gc,phases   ] GC(840)   Other: 0.60ms
[2026-06-17T10:06:44.199+0800][23.849s][info][gc,heap     ] GC(840) Eden regions: 14->0(10)
[2026-06-17T10:06:44.199+0800][23.850s][info][gc,heap     ] GC(840) Survivor regions: 1->2(2)
[2026-06-17T10:06:44.200+0800][23.850s][info][gc,heap     ] GC(840) Old regions: 23->27
[2026-06-17T10:06:44.200+0800][23.851s][info][gc,heap     ] GC(840) Humongous regions: 16->16
[2026-06-17T10:06:44.201+0800][23.851s][info][gc,metaspace] GC(840) Metaspace: 116K(320K)->116K(320K) NonClass: 109K(192K)->109K(192K) Class: 7K(128K)->7K(128K)
[2026-06-17T10:06:44.201+0800][23.852s][info][gc          ] GC(840) Pause Young (Prepare Mixed) (G1 Evacuation Pause) 53M->44M(64M) 8.103ms
[2026-06-17T10:06:44.202+0800][23.853s][info][gc,cpu      ] GC(840) User=0.00s Sys=0.00s Real=0.00s
[2026-06-17T10:06:44.224+0800][23.874s][info][gc,start    ] GC(841) Pause Young (Mixed) (G1 Evacuation Pause)
[2026-06-17T10:06:44.224+0800][23.875s][info][gc,task     ] GC(841) Using 2 workers of 18 for evacuation
[2026-06-17T10:06:44.226+0800][23.876s][info][gc,phases   ] GC(841)   Pre Evacuate Collection Set: 0.13ms
[2026-06-17T10:06:44.226+0800][23.877s][info][gc,phases   ] GC(841)   Merge Heap Roots: 0.05ms
[2026-06-17T10:06:44.227+0800][23.878s][info][gc,phases   ] GC(841)   Evacuate Collection Set: 0.31ms
[2026-06-17T10:06:44.228+0800][23.878s][info][gc,phases   ] GC(841)   Post Evacuate Collection Set: 0.19ms
[2026-06-17T10:06:44.229+0800][23.879s][info][gc,phases   ] GC(841)   Other: 0.65ms
[2026-06-17T10:06:44.229+0800][23.880s][info][gc,heap     ] GC(841) Eden regions: 10->0(13)
[2026-06-17T10:06:44.230+0800][23.880s][info][gc,heap     ] GC(841) Survivor regions: 2->1(2)
[2026-06-17T10:06:44.230+0800][23.881s][info][gc,heap     ] GC(841) Old regions: 27->25
[2026-06-17T10:06:44.231+0800][23.881s][info][gc,heap     ] GC(841) Humongous regions: 16->16
[2026-06-17T10:06:44.231+0800][23.882s][info][gc,metaspace] GC(841) Metaspace: 116K(320K)->116K(320K) NonClass: 109K(192K)->109K(192K) Class: 7K(128K)->7K(128K)
[2026-06-17T10:06:44.232+0800][23.883s][info][gc          ] GC(841) Pause Young (Mixed) (G1 Evacuation Pause) 54M->40M(64M) 8.339ms
[2026-06-17T10:06:44.233+0800][23.883s][info][gc,cpu      ] GC(841) User=0.00s Sys=0.00s Real=0.01s
[2026-06-17T10:06:44.265+0800][23.916s][info][gc,start    ] GC(842) Pause Young (Concurrent Start) (G1 Evacuation Pause)
[2026-06-17T10:06:44.265+0800][23.916s][info][gc,task     ] GC(842) Using 2 workers of 18 for evacuation
[2026-06-17T10:06:44.267+0800][23.917s][info][gc,phases   ] GC(842)   Pre Evacuate Collection Set: 0.30ms
[2026-06-17T10:06:44.267+0800][23.918s][info][gc,phases   ] GC(842)   Merge Heap Roots: 0.07ms
[2026-06-17T10:06:44.267+0800][23.918s][info][gc,phases   ] GC(842)   Evacuate Collection Set: 0.35ms
[2026-06-17T10:06:44.268+0800][23.918s][info][gc,phases   ] GC(842)   Post Evacuate Collection Set: 0.25ms
[2026-06-17T10:06:44.268+0800][23.918s][info][gc,phases   ] GC(842)   Other: 0.32ms
[2026-06-17T10:06:44.268+0800][23.919s][info][gc,heap     ] GC(842) Eden regions: 13->0(12)
[2026-06-17T10:06:44.269+0800][23.919s][info][gc,heap     ] GC(842) Survivor regions: 1->2(2)
[2026-06-17T10:06:44.269+0800][23.920s][info][gc,heap     ] GC(842) Old regions: 25->26
[2026-06-17T10:06:44.269+0800][23.920s][info][gc,heap     ] GC(842) Humongous regions: 16->16
[2026-06-17T10:06:44.270+0800][23.921s][info][gc,metaspace] GC(842) Metaspace: 116K(320K)->116K(320K) NonClass: 109K(192K)->109K(192K) Class: 7K(128K)->7K(128K)
[2026-06-17T10:06:44.271+0800][23.921s][info][gc          ] GC(842) Pause Young (Concurrent Start) (G1 Evacuation Pause) 53M->43M(64M) 5.510ms
[2026-06-17T10:06:44.271+0800][23.921s][info][gc,cpu      ] GC(842) User=0.00s Sys=0.00s Real=0.01s
[2026-06-17T10:06:44.271+0800][23.922s][info][gc          ] GC(843) Concurrent Mark Cycle
[2026-06-17T10:06:44.272+0800][23.922s][info][gc,marking  ] GC(843) Concurrent Scan Root Regions
[2026-06-17T10:06:44.272+0800][23.922s][info][gc,marking  ] GC(843) Concurrent Scan Root Regions 0.392ms
[2026-06-17T10:06:44.272+0800][23.923s][info][gc,marking  ] GC(843) Concurrent Mark
[2026-06-17T10:06:44.272+0800][23.923s][info][gc,marking  ] GC(843) Concurrent Mark From Roots
[2026-06-17T10:06:44.273+0800][23.923s][info][gc,task     ] GC(843) Using 5 workers of 5 for marking
[2026-06-17T10:06:44.274+0800][23.924s][info][gc,marking  ] GC(843) Concurrent Mark From Roots 1.446ms
[2026-06-17T10:06:44.274+0800][23.925s][info][gc,marking  ] GC(843) Concurrent Preclean
[2026-06-17T10:06:44.274+0800][23.925s][info][gc,marking  ] GC(843) Concurrent Preclean 0.269ms
[2026-06-17T10:06:44.275+0800][23.925s][info][gc,start    ] GC(843) Pause Remark
[2026-06-17T10:06:44.275+0800][23.926s][info][gc          ] GC(843) Pause Remark 44M->44M(64M) 0.511ms
[2026-06-17T10:06:44.275+0800][23.926s][info][gc,cpu      ] GC(843) User=0.00s Sys=0.00s Real=0.00s
[2026-06-17T10:06:44.276+0800][23.926s][info][gc,marking  ] GC(843) Concurrent Mark 3.444ms
[2026-06-17T10:06:44.276+0800][23.926s][info][gc,marking  ] GC(843) Concurrent Rebuild Remembered Sets and Scrub Regions
[2026-06-17T10:06:44.276+0800][23.927s][info][gc,marking  ] GC(843) Concurrent Rebuild Remembered Sets and Scrub Regions 0.514ms
[2026-06-17T10:06:44.277+0800][23.927s][info][gc,start    ] GC(843) Pause Cleanup
[2026-06-17T10:06:44.277+0800][23.927s][info][gc          ] GC(843) Pause Cleanup 44M->44M(64M) 0.206ms
[2026-06-17T10:06:44.277+0800][23.928s][info][gc,cpu      ] GC(843) User=0.00s Sys=0.00s Real=0.00s
[2026-06-17T10:06:44.277+0800][23.928s][info][gc,marking  ] GC(843) Concurrent Clear Claimed Marks
[2026-06-17T10:06:44.278+0800][23.928s][info][gc,marking  ] GC(843) Concurrent Clear Claimed Marks 0.173ms
[2026-06-17T10:06:44.278+0800][23.928s][info][gc,marking  ] GC(843) Concurrent Cleanup for Next Mark
[2026-06-17T10:06:44.278+0800][23.929s][info][gc,marking  ] GC(843) Concurrent Cleanup for Next Mark 0.207ms
[2026-06-17T10:06:44.278+0800][23.929s][info][gc          ] GC(843) Concurrent Mark Cycle 7.137ms
[2026-06-17T10:06:44.303+0800][23.954s][info][gc,start    ] GC(844) Pause Young (Prepare Mixed) (G1 Evacuation Pause)
[2026-06-17T10:06:44.303+0800][23.954s][info][gc,task     ] GC(844) Using 2 workers of 18 for evacuation
[2026-06-17T10:06:44.305+0800][23.955s][info][gc,phases   ] GC(844)   Pre Evacuate Collection Set: 0.12ms
[2026-06-17T10:06:44.305+0800][23.955s][info][gc,phases   ] GC(844)   Merge Heap Roots: 0.06ms
[2026-06-17T10:06:44.305+0800][23.956s][info][gc,phases   ] GC(844)   Evacuate Collection Set: 0.37ms
[2026-06-17T10:06:44.305+0800][23.956s][info][gc,phases   ] GC(844)   Post Evacuate Collection Set: 0.26ms
[2026-06-17T10:06:44.305+0800][23.956s][info][gc,phases   ] GC(844)   Other: 0.43ms
[2026-06-17T10:06:44.306+0800][23.956s][info][gc,heap     ] GC(844) Eden regions: 12->0(10)
[2026-06-17T10:06:44.306+0800][23.956s][info][gc,heap     ] GC(844) Survivor regions: 2->2(2)
[2026-06-17T10:06:44.306+0800][23.956s][info][gc,heap     ] GC(844) Old regions: 26->29
[2026-06-17T10:06:44.306+0800][23.957s][info][gc,heap     ] GC(844) Humongous regions: 17->17
[2026-06-17T10:06:44.306+0800][23.957s][info][gc,metaspace] GC(844) Metaspace: 116K(320K)->116K(320K) NonClass: 109K(192K)->109K(192K) Class: 7K(128K)->7K(128K)
[2026-06-17T10:06:44.307+0800][23.957s][info][gc          ] GC(844) Pause Young (Prepare Mixed) (G1 Evacuation Pause) 56M->47M(64M) 3.638ms
[2026-06-17T10:06:44.307+0800][23.957s][info][gc,cpu      ] GC(844) User=0.00s Sys=0.00s Real=0.00s
[2026-06-17T10:06:44.339+0800][23.989s][info][gc,start    ] GC(845) Pause Young (Mixed) (G1 Evacuation Pause)
[2026-06-17T10:06:44.340+0800][23.990s][info][gc,task     ] GC(845) Using 2 workers of 18 for evacuation
[2026-06-17T10:06:44.343+0800][23.993s][info][gc,phases   ] GC(845)   Pre Evacuate Collection Set: 0.11ms
[2026-06-17T10:06:44.344+0800][23.994s][info][gc,phases   ] GC(845)   Merge Heap Roots: 0.04ms
[2026-06-17T10:06:44.345+0800][23.995s][info][gc,phases   ] GC(845)   Evacuate Collection Set: 0.44ms
[2026-06-17T10:06:44.346+0800][23.997s][info][gc,phases   ] GC(845)   Post Evacuate Collection Set: 0.23ms
[2026-06-17T10:06:44.349+0800][23.999s][info][gc,phases   ] GC(845)   Other: 2.24ms
[2026-06-17T10:06:44.350+0800][24.001s][info][gc,heap     ] GC(845) Eden regions: 10->0(7)
[2026-06-17T10:06:44.351+0800][24.001s][info][gc,heap     ] GC(845) Survivor regions: 2->2(2)
[2026-06-17T10:06:44.351+0800][24.002s][info][gc,heap     ] GC(845) Old regions: 29->32
[2026-06-17T10:06:44.351+0800][24.002s][info][gc,heap     ] GC(845) Humongous regions: 17->17
[2026-06-17T10:06:44.352+0800][24.002s][info][gc,metaspace] GC(845) Metaspace: 116K(320K)->116K(320K) NonClass: 109K(192K)->109K(192K) Class: 7K(128K)->7K(128K)
[2026-06-17T10:06:44.352+0800][24.002s][info][gc          ] GC(845) Pause Young (Mixed) (G1 Evacuation Pause) (Evacuation Failure: Allocation) 57M->50M(64M) 13.123ms
[2026-06-17T10:06:44.352+0800][24.003s][info][gc,cpu      ] GC(845) User=0.01s Sys=0.00s Real=0.02s
[2026-06-17T10:06:44.373+0800][24.024s][info][gc,start    ] GC(846) Pause Young (Concurrent Start) (G1 Evacuation Pause)
[2026-06-17T10:06:44.373+0800][24.024s][info][gc,task     ] GC(846) Using 2 workers of 18 for evacuation
[2026-06-17T10:06:44.375+0800][24.025s][info][gc,phases   ] GC(846)   Pre Evacuate Collection Set: 0.22ms
[2026-06-17T10:06:44.375+0800][24.025s][info][gc,phases   ] GC(846)   Merge Heap Roots: 0.04ms
[2026-06-17T10:06:44.375+0800][24.025s][info][gc,phases   ] GC(846)   Evacuate Collection Set: 0.32ms
[2026-06-17T10:06:44.375+0800][24.026s][info][gc,phases   ] GC(846)   Post Evacuate Collection Set: 0.31ms
[2026-06-17T10:06:44.375+0800][24.026s][info][gc,phases   ] GC(846)   Other: 0.20ms
[2026-06-17T10:06:44.375+0800][24.026s][info][gc,heap     ] GC(846) Eden regions: 7->0(7)
[2026-06-17T10:06:44.375+0800][24.026s][info][gc,heap     ] GC(846) Survivor regions: 2->2(2)
[2026-06-17T10:06:44.375+0800][24.026s][info][gc,heap     ] GC(846) Old regions: 32->31
[2026-06-17T10:06:44.376+0800][24.026s][info][gc,heap     ] GC(846) Humongous regions: 17->17
[2026-06-17T10:06:44.376+0800][24.026s][info][gc,metaspace] GC(846) Metaspace: 116K(320K)->116K(320K) NonClass: 109K(192K)->109K(192K) Class: 7K(128K)->7K(128K)
[2026-06-17T10:06:44.376+0800][24.026s][info][gc          ] GC(846) Pause Young (Concurrent Start) (G1 Evacuation Pause) 57M->49M(64M) 2.610ms
[2026-06-17T10:06:44.376+0800][24.026s][info][gc,cpu      ] GC(846) User=0.00s Sys=0.00s Real=0.00s
[2026-06-17T10:06:44.376+0800][24.026s][info][gc          ] GC(847) Concurrent Mark Cycle
[2026-06-17T10:06:44.376+0800][24.027s][info][gc,marking  ] GC(847) Concurrent Scan Root Regions
[2026-06-17T10:06:44.376+0800][24.027s][info][gc,marking  ] GC(847) Concurrent Scan Root Regions 0.140ms
[2026-06-17T10:06:44.376+0800][24.027s][info][gc,marking  ] GC(847) Concurrent Mark
[2026-06-17T10:06:44.376+0800][24.027s][info][gc,marking  ] GC(847) Concurrent Mark From Roots
[2026-06-17T10:06:44.376+0800][24.027s][info][gc,task     ] GC(847) Using 5 workers of 5 for marking
[2026-06-17T10:06:44.378+0800][24.028s][info][gc,marking  ] GC(847) Concurrent Mark From Roots 1.184ms
[2026-06-17T10:06:44.378+0800][24.028s][info][gc,marking  ] GC(847) Concurrent Preclean
[2026-06-17T10:06:44.378+0800][24.028s][info][gc,marking  ] GC(847) Concurrent Preclean 0.103ms
[2026-06-17T10:06:44.378+0800][24.028s][info][gc,start    ] GC(847) Pause Remark
[2026-06-17T10:06:44.378+0800][24.029s][info][gc          ] GC(847) Pause Remark 52M->48M(64M) 0.443ms
[2026-06-17T10:06:44.378+0800][24.029s][info][gc,cpu      ] GC(847) User=0.00s Sys=0.00s Real=0.00s
[2026-06-17T10:06:44.379+0800][24.029s][info][gc,marking  ] GC(847) Concurrent Mark 2.248ms
[2026-06-17T10:06:44.379+0800][24.029s][info][gc,marking  ] GC(847) Concurrent Rebuild Remembered Sets and Scrub Regions
[2026-06-17T10:06:44.379+0800][24.030s][info][gc,marking  ] GC(847) Concurrent Rebuild Remembered Sets and Scrub Regions 0.531ms
[2026-06-17T10:06:44.379+0800][24.030s][info][gc,start    ] GC(847) Pause Cleanup
[2026-06-17T10:06:44.379+0800][24.030s][info][gc          ] GC(847) Pause Cleanup 48M->48M(64M) 0.116ms
[2026-06-17T10:06:44.380+0800][24.030s][info][gc,cpu      ] GC(847) User=0.00s Sys=0.00s Real=0.00s
[2026-06-17T10:06:44.380+0800][24.030s][info][gc,marking  ] GC(847) Concurrent Clear Claimed Marks
[2026-06-17T10:06:44.380+0800][24.031s][info][gc,marking  ] GC(847) Concurrent Clear Claimed Marks 0.117ms
[2026-06-17T10:06:44.380+0800][24.031s][info][gc,marking  ] GC(847) Concurrent Cleanup for Next Mark
[2026-06-17T10:06:44.380+0800][24.031s][info][gc,marking  ] GC(847) Concurrent Cleanup for Next Mark 0.221ms
[2026-06-17T10:06:44.380+0800][24.031s][info][gc          ] GC(847) Concurrent Mark Cycle 4.606ms
[2026-06-17T10:06:44.387+0800][24.037s][info][gc,start    ] GC(848) Pause Young (Prepare Mixed) (G1 Evacuation Pause)
[2026-06-17T10:06:44.387+0800][24.037s][info][gc,task     ] GC(848) Using 2 workers of 18 for evacuation
[2026-06-17T10:06:44.387+0800][24.038s][info][gc,phases   ] GC(848)   Pre Evacuate Collection Set: 0.11ms
[2026-06-17T10:06:44.388+0800][24.038s][info][gc,phases   ] GC(848)   Merge Heap Roots: 0.04ms
[2026-06-17T10:06:44.388+0800][24.038s][info][gc,phases   ] GC(848)   Evacuate Collection Set: 0.22ms
[2026-06-17T10:06:44.388+0800][24.038s][info][gc,phases   ] GC(848)   Post Evacuate Collection Set: 0.14ms
[2026-06-17T10:06:44.388+0800][24.038s][info][gc,phases   ] GC(848)   Other: 0.14ms
[2026-06-17T10:06:44.388+0800][24.038s][info][gc,heap     ] GC(848) Eden regions: 7->0(11)
[2026-06-17T10:06:44.388+0800][24.039s][info][gc,heap     ] GC(848) Survivor regions: 2->1(2)
[2026-06-17T10:06:44.388+0800][24.039s][info][gc,heap     ] GC(848) Old regions: 27->28
[2026-06-17T10:06:44.388+0800][24.039s][info][gc,heap     ] GC(848) Humongous regions: 17->17
[2026-06-17T10:06:44.388+0800][24.039s][info][gc,metaspace] GC(848) Metaspace: 116K(320K)->116K(320K) NonClass: 109K(192K)->109K(192K) Class: 7K(128K)->7K(128K)
[2026-06-17T10:06:44.388+0800][24.039s][info][gc          ] GC(848) Pause Young (Prepare Mixed) (G1 Evacuation Pause) 52M->45M(64M) 1.695ms
[2026-06-17T10:06:44.388+0800][24.039s][info][gc,cpu      ] GC(848) User=0.00s Sys=0.00s Real=0.00s
[2026-06-17T10:06:44.420+0800][24.070s][info][gc,start    ] GC(849) Pause Young (Mixed) (G1 Evacuation Pause)
[2026-06-17T10:06:44.420+0800][24.071s][info][gc,task     ] GC(849) Using 2 workers of 18 for evacuation
[2026-06-17T10:06:44.422+0800][24.072s][info][gc,phases   ] GC(849)   Pre Evacuate Collection Set: 0.13ms
[2026-06-17T10:06:44.422+0800][24.073s][info][gc,phases   ] GC(849)   Merge Heap Roots: 0.13ms
[2026-06-17T10:06:44.422+0800][24.073s][info][gc,phases   ] GC(849)   Evacuate Collection Set: 0.46ms
[2026-06-17T10:06:44.422+0800][24.073s][info][gc,phases   ] GC(849)   Post Evacuate Collection Set: 0.27ms
[2026-06-17T10:06:44.423+0800][24.073s][info][gc,phases   ] GC(849)   Other: 0.47ms
[2026-06-17T10:06:44.423+0800][24.073s][info][gc,heap     ] GC(849) Eden regions: 11->0(9)
[2026-06-17T10:06:44.423+0800][24.074s][info][gc,heap     ] GC(849) Survivor regions: 1->2(2)
[2026-06-17T10:06:44.423+0800][24.074s][info][gc,heap     ] GC(849) Old regions: 28->28
[2026-06-17T10:06:44.423+0800][24.074s][info][gc,heap     ] GC(849) Humongous regions: 17->17
[2026-06-17T10:06:44.423+0800][24.074s][info][gc,metaspace] GC(849) Metaspace: 116K(320K)->116K(320K) NonClass: 109K(192K)->109K(192K) Class: 7K(128K)->7K(128K)
[2026-06-17T10:06:44.424+0800][24.074s][info][gc          ] GC(849) Pause Young (Mixed) (G1 Evacuation Pause) (Evacuation Failure: Allocation) 56M->47M(64M) 3.984ms
[2026-06-17T10:06:44.424+0800][24.074s][info][gc,cpu      ] GC(849) User=0.00s Sys=0.00s Real=0.01s
[2026-06-17T10:06:44.445+0800][24.096s][info][gc,start    ] GC(850) Pause Young (Mixed) (G1 Evacuation Pause)
[2026-06-17T10:06:44.446+0800][24.096s][info][gc,task     ] GC(850) Using 2 workers of 18 for evacuation
[2026-06-17T10:06:44.447+0800][24.098s][info][gc,phases   ] GC(850)   Pre Evacuate Collection Set: 0.15ms
[2026-06-17T10:06:44.448+0800][24.098s][info][gc,phases   ] GC(850)   Merge Heap Roots: 0.09ms
[2026-06-17T10:06:44.448+0800][24.099s][info][gc,phases   ] GC(850)   Evacuate Collection Set: 0.67ms
[2026-06-17T10:06:44.448+0800][24.099s][info][gc,phases   ] GC(850)   Post Evacuate Collection Set: 0.24ms
[2026-06-17T10:06:44.448+0800][24.099s][info][gc,phases   ] GC(850)   Other: 0.28ms
[2026-06-17T10:06:44.448+0800][24.099s][info][gc,heap     ] GC(850) Eden regions: 9->0(8)
[2026-06-17T10:06:44.449+0800][24.099s][info][gc,heap     ] GC(850) Survivor regions: 2->2(2)
[2026-06-17T10:06:44.449+0800][24.099s][info][gc,heap     ] GC(850) Old regions: 28->28
[2026-06-17T10:06:44.449+0800][24.099s][info][gc,heap     ] GC(850) Humongous regions: 17->17
[2026-06-17T10:06:44.449+0800][24.100s][info][gc,metaspace] GC(850) Metaspace: 116K(320K)->116K(320K) NonClass: 109K(192K)->109K(192K) Class: 7K(128K)->7K(128K)
[2026-06-17T10:06:44.449+0800][24.100s][info][gc          ] GC(850) Pause Young (Mixed) (G1 Evacuation Pause) 55M->46M(64M) 3.763ms
[2026-06-17T10:06:44.449+0800][24.100s][info][gc,cpu      ] GC(850) User=0.00s Sys=0.01s Real=0.00s
[2026-06-17T10:06:44.471+0800][24.121s][info][gc,start    ] GC(851) Pause Young (Concurrent Start) (G1 Evacuation Pause)
[2026-06-17T10:06:44.472+0800][24.123s][info][gc,task     ] GC(851) Using 2 workers of 18 for evacuation
[2026-06-17T10:06:44.474+0800][24.124s][info][gc,phases   ] GC(851)   Pre Evacuate Collection Set: 0.21ms
[2026-06-17T10:06:44.474+0800][24.124s][info][gc,phases   ] GC(851)   Merge Heap Roots: 0.05ms
[2026-06-17T10:06:44.474+0800][24.125s][info][gc,phases   ] GC(851)   Evacuate Collection Set: 0.47ms
[2026-06-17T10:06:44.474+0800][24.125s][info][gc,phases   ] GC(851)   Post Evacuate Collection Set: 0.17ms
[2026-06-17T10:06:44.475+0800][24.125s][info][gc,phases   ] GC(851)   Other: 0.29ms
[2026-06-17T10:06:44.475+0800][24.125s][info][gc,heap     ] GC(851) Eden regions: 8->0(4)
[2026-06-17T10:06:44.475+0800][24.125s][info][gc,heap     ] GC(851) Survivor regions: 2->2(2)
[2026-06-17T10:06:44.475+0800][24.126s][info][gc,heap     ] GC(851) Old regions: 28->32
[2026-06-17T10:06:44.475+0800][24.126s][info][gc,heap     ] GC(851) Humongous regions: 17->17
[2026-06-17T10:06:44.475+0800][24.126s][info][gc,metaspace] GC(851) Metaspace: 116K(320K)->116K(320K) NonClass: 109K(192K)->109K(192K) Class: 7K(128K)->7K(128K)
[2026-06-17T10:06:44.476+0800][24.126s][info][gc          ] GC(851) Pause Young (Concurrent Start) (G1 Evacuation Pause) 54M->50M(64M) 5.062ms
[2026-06-17T10:06:44.476+0800][24.126s][info][gc,cpu      ] GC(851) User=0.00s Sys=0.00s Real=0.00s
[2026-06-17T10:06:44.476+0800][24.126s][info][gc          ] GC(852) Concurrent Mark Cycle
[2026-06-17T10:06:44.476+0800][24.127s][info][gc,marking  ] GC(852) Concurrent Scan Root Regions
[2026-06-17T10:06:44.476+0800][24.127s][info][gc,marking  ] GC(852) Concurrent Scan Root Regions 0.163ms
[2026-06-17T10:06:44.476+0800][24.127s][info][gc,marking  ] GC(852) Concurrent Mark
[2026-06-17T10:06:44.476+0800][24.127s][info][gc,marking  ] GC(852) Concurrent Mark From Roots
[2026-06-17T10:06:44.476+0800][24.127s][info][gc,task     ] GC(852) Using 5 workers of 5 for marking
[2026-06-17T10:06:44.477+0800][24.128s][info][gc,marking  ] GC(852) Concurrent Mark From Roots 1.133ms
[2026-06-17T10:06:44.478+0800][24.128s][info][gc,marking  ] GC(852) Concurrent Preclean
[2026-06-17T10:06:44.478+0800][24.128s][info][gc,marking  ] GC(852) Concurrent Preclean 0.132ms
[2026-06-17T10:06:44.478+0800][24.129s][info][gc,start    ] GC(852) Pause Remark
[2026-06-17T10:06:44.478+0800][24.129s][info][gc          ] GC(852) Pause Remark 51M->43M(64M) 0.458ms
[2026-06-17T10:06:44.479+0800][24.129s][info][gc,cpu      ] GC(852) User=0.00s Sys=0.00s Real=0.00s
[2026-06-17T10:06:44.479+0800][24.129s][info][gc,marking  ] GC(852) Concurrent Mark 2.448ms
[2026-06-17T10:06:44.479+0800][24.129s][info][gc,marking  ] GC(852) Concurrent Rebuild Remembered Sets and Scrub Regions
[2026-06-17T10:06:44.479+0800][24.130s][info][gc,marking  ] GC(852) Concurrent Rebuild Remembered Sets and Scrub Regions 0.447ms
[2026-06-17T10:06:44.479+0800][24.130s][info][gc,start    ] GC(852) Pause Cleanup
[2026-06-17T10:06:44.480+0800][24.130s][info][gc          ] GC(852) Pause Cleanup 43M->43M(64M) 0.117ms
[2026-06-17T10:06:44.480+0800][24.130s][info][gc,cpu      ] GC(852) User=0.00s Sys=0.00s Real=0.00s
[2026-06-17T10:06:44.480+0800][24.130s][info][gc,marking  ] GC(852) Concurrent Clear Claimed Marks
[2026-06-17T10:06:44.480+0800][24.130s][info][gc,marking  ] GC(852) Concurrent Clear Claimed Marks 0.082ms
[2026-06-17T10:06:44.480+0800][24.131s][info][gc,marking  ] GC(852) Concurrent Cleanup for Next Mark
[2026-06-17T10:06:44.480+0800][24.131s][info][gc,marking  ] GC(852) Concurrent Cleanup for Next Mark 0.170ms
[2026-06-17T10:06:44.480+0800][24.131s][info][gc          ] GC(852) Concurrent Mark Cycle 4.462ms
[2026-06-17T10:06:44.486+0800][24.137s][info][gc,start    ] GC(853) Pause Young (Prepare Mixed) (G1 Evacuation Pause)
[2026-06-17T10:06:44.487+0800][24.137s][info][gc,task     ] GC(853) Using 2 workers of 18 for evacuation
[2026-06-17T10:06:44.488+0800][24.138s][info][gc,phases   ] GC(853)   Pre Evacuate Collection Set: 0.15ms
[2026-06-17T10:06:44.488+0800][24.138s][info][gc,phases   ] GC(853)   Merge Heap Roots: 0.04ms
[2026-06-17T10:06:44.488+0800][24.138s][info][gc,phases   ] GC(853)   Evacuate Collection Set: 0.29ms
[2026-06-17T10:06:44.488+0800][24.138s][info][gc,phases   ] GC(853)   Post Evacuate Collection Set: 0.18ms
[2026-06-17T10:06:44.488+0800][24.139s][info][gc,phases   ] GC(853)   Other: 0.22ms
[2026-06-17T10:06:44.488+0800][24.139s][info][gc,heap     ] GC(853) Eden regions: 4->0(8)
[2026-06-17T10:06:44.488+0800][24.139s][info][gc,heap     ] GC(853) Survivor regions: 2->1(1)
[2026-06-17T10:06:44.488+0800][24.139s][info][gc,heap     ] GC(853) Old regions: 24->27
[2026-06-17T10:06:44.488+0800][24.139s][info][gc,heap     ] GC(853) Humongous regions: 17->17
[2026-06-17T10:06:44.488+0800][24.139s][info][gc,metaspace] GC(853) Metaspace: 116K(320K)->116K(320K) NonClass: 109K(192K)->109K(192K) Class: 7K(128K)->7K(128K)
[2026-06-17T10:06:44.489+0800][24.139s][info][gc          ] GC(853) Pause Young (Prepare Mixed) (G1 Evacuation Pause) 46M->44M(64M) 2.175ms
[2026-06-17T10:06:44.489+0800][24.140s][info][gc,cpu      ] GC(853) User=0.00s Sys=0.00s Real=0.00s
[2026-06-17T10:06:44.511+0800][24.161s][info][gc,start    ] GC(854) Pause Young (Mixed) (G1 Evacuation Pause)
[2026-06-17T10:06:44.511+0800][24.162s][info][gc,task     ] GC(854) Using 2 workers of 18 for evacuation
[2026-06-17T10:06:44.512+0800][24.163s][info][gc,phases   ] GC(854)   Pre Evacuate Collection Set: 0.13ms
[2026-06-17T10:06:44.513+0800][24.163s][info][gc,phases   ] GC(854)   Merge Heap Roots: 0.04ms
[2026-06-17T10:06:44.513+0800][24.163s][info][gc,phases   ] GC(854)   Evacuate Collection Set: 0.42ms
[2026-06-17T10:06:44.514+0800][24.164s][info][gc,phases   ] GC(854)   Post Evacuate Collection Set: 0.18ms
[2026-06-17T10:06:44.514+0800][24.164s][info][gc,phases   ] GC(854)   Other: 0.47ms
[2026-06-17T10:06:44.514+0800][24.165s][info][gc,heap     ] GC(854) Eden regions: 8->0(7)
[2026-06-17T10:06:44.514+0800][24.165s][info][gc,heap     ] GC(854) Survivor regions: 1->2(2)
[2026-06-17T10:06:44.515+0800][24.165s][info][gc,heap     ] GC(854) Old regions: 27->25
[2026-06-17T10:06:44.515+0800][24.165s][info][gc,heap     ] GC(854) Humongous regions: 19->19
[2026-06-17T10:06:44.515+0800][24.165s][info][gc,metaspace] GC(854) Metaspace: 116K(320K)->116K(320K) NonClass: 109K(192K)->109K(192K) Class: 7K(128K)->7K(128K)
[2026-06-17T10:06:44.515+0800][24.166s][info][gc          ] GC(854) Pause Young (Mixed) (G1 Evacuation Pause) 54M->45M(64M) 4.309ms
[2026-06-17T10:06:44.515+0800][24.166s][info][gc,cpu      ] GC(854) User=0.00s Sys=0.00s Real=0.00s
[2026-06-17T10:06:44.536+0800][24.187s][info][gc,start    ] GC(855) Pause Young (Mixed) (G1 Evacuation Pause)
[2026-06-17T10:06:44.539+0800][24.189s][info][gc,task     ] GC(855) Using 2 workers of 18 for evacuation
[2026-06-17T10:06:44.543+0800][24.194s][info][gc,phases   ] GC(855)   Pre Evacuate Collection Set: 0.14ms
[2026-06-17T10:06:44.549+0800][24.199s][info][gc,phases   ] GC(855)   Merge Heap Roots: 0.04ms
[2026-06-17T10:06:44.552+0800][24.202s][info][gc,phases   ] GC(855)   Evacuate Collection Set: 0.44ms
[2026-06-17T10:06:44.552+0800][24.202s][info][gc,phases   ] GC(855)   Post Evacuate Collection Set: 0.21ms
[2026-06-17T10:06:44.552+0800][24.203s][info][gc,phases   ] GC(855)   Other: 3.81ms
[2026-06-17T10:06:44.553+0800][24.203s][info][gc,heap     ] GC(855) Eden regions: 7->0(6)
[2026-06-17T10:06:44.553+0800][24.204s][info][gc,heap     ] GC(855) Survivor regions: 2->2(2)
[2026-06-17T10:06:44.554+0800][24.204s][info][gc,heap     ] GC(855) Old regions: 25->27
[2026-06-17T10:06:44.554+0800][24.204s][info][gc,heap     ] GC(855) Humongous regions: 19->19
[2026-06-17T10:06:44.554+0800][24.204s][info][gc,metaspace] GC(855) Metaspace: 116K(320K)->116K(320K) NonClass: 109K(192K)->109K(192K) Class: 7K(128K)->7K(128K)
[2026-06-17T10:06:44.554+0800][24.205s][info][gc          ] GC(855) Pause Young (Mixed) (G1 Evacuation Pause) 52M->47M(64M) 17.753ms
[2026-06-17T10:06:44.555+0800][24.205s][info][gc,cpu      ] GC(855) User=0.00s Sys=0.00s Real=0.02s
[2026-06-17T10:06:44.576+0800][24.226s][info][gc,start    ] GC(856) Pause Young (Concurrent Start) (G1 Evacuation Pause)
[2026-06-17T10:06:44.576+0800][24.227s][info][gc,task     ] GC(856) Using 2 workers of 18 for evacuation
[2026-06-17T10:06:44.577+0800][24.228s][info][gc,phases   ] GC(856)   Pre Evacuate Collection Set: 0.20ms
[2026-06-17T10:06:44.578+0800][24.228s][info][gc,phases   ] GC(856)   Merge Heap Roots: 0.03ms
[2026-06-17T10:06:44.578+0800][24.229s][info][gc,phases   ] GC(856)   Evacuate Collection Set: 0.26ms
[2026-06-17T10:06:44.578+0800][24.229s][info][gc,phases   ] GC(856)   Post Evacuate Collection Set: 0.26ms
[2026-06-17T10:06:44.579+0800][24.229s][info][gc,phases   ] GC(856)   Other: 0.42ms
[2026-06-17T10:06:44.579+0800][24.230s][info][gc,heap     ] GC(856) Eden regions: 6->0(6)
[2026-06-17T10:06:44.580+0800][24.230s][info][gc,heap     ] GC(856) Survivor regions: 2->1(1)
[2026-06-17T10:06:44.580+0800][24.231s][info][gc,heap     ] GC(856) Old regions: 27->28
[2026-06-17T10:06:44.581+0800][24.231s][info][gc,heap     ] GC(856) Humongous regions: 19->19
[2026-06-17T10:06:44.581+0800][24.231s][info][gc,metaspace] GC(856) Metaspace: 116K(320K)->116K(320K) NonClass: 109K(192K)->109K(192K) Class: 7K(128K)->7K(128K)
[2026-06-17T10:06:44.581+0800][24.232s][info][gc          ] GC(856) Pause Young (Concurrent Start) (G1 Evacuation Pause) 53M->47M(64M) 5.453ms
[2026-06-17T10:06:44.581+0800][24.232s][info][gc,cpu      ] GC(856) User=0.00s Sys=0.00s Real=0.00s
[2026-06-17T10:06:44.581+0800][24.232s][info][gc          ] GC(857) Concurrent Mark Cycle
[2026-06-17T10:06:44.582+0800][24.233s][info][gc,marking  ] GC(857) Concurrent Scan Root Regions
[2026-06-17T10:06:44.583+0800][24.233s][info][gc,marking  ] GC(857) Concurrent Scan Root Regions 0.424ms
[2026-06-17T10:06:44.583+0800][24.234s][info][gc,marking  ] GC(857) Concurrent Mark
[2026-06-17T10:06:44.583+0800][24.234s][info][gc,marking  ] GC(857) Concurrent Mark From Roots
[2026-06-17T10:06:44.584+0800][24.234s][info][gc,task     ] GC(857) Using 5 workers of 5 for marking
[2026-06-17T10:06:44.585+0800][24.236s][info][gc,marking  ] GC(857) Concurrent Mark From Roots 1.646ms
[2026-06-17T10:06:44.585+0800][24.236s][info][gc,marking  ] GC(857) Concurrent Preclean
[2026-06-17T10:06:44.586+0800][24.236s][info][gc,marking  ] GC(857) Concurrent Preclean 0.307ms
[2026-06-17T10:06:44.586+0800][24.237s][info][gc,start    ] GC(857) Pause Remark
[2026-06-17T10:06:44.587+0800][24.237s][info][gc          ] GC(857) Pause Remark 50M->48M(64M) 0.679ms
[2026-06-17T10:06:44.587+0800][24.238s][info][gc,cpu      ] GC(857) User=0.00s Sys=0.00s Real=0.00s
[2026-06-17T10:06:44.588+0800][24.238s][info][gc,marking  ] GC(857) Concurrent Mark 4.613ms
[2026-06-17T10:06:44.588+0800][24.238s][info][gc,marking  ] GC(857) Concurrent Rebuild Remembered Sets and Scrub Regions
[2026-06-17T10:06:44.589+0800][24.239s][info][gc,marking  ] GC(857) Concurrent Rebuild Remembered Sets and Scrub Regions 0.766ms
[2026-06-17T10:06:44.589+0800][24.240s][info][gc,start    ] GC(857) Pause Cleanup
[2026-06-17T10:06:44.589+0800][24.240s][info][gc          ] GC(857) Pause Cleanup 48M->48M(64M) 0.343ms
[2026-06-17T10:06:44.590+0800][24.240s][info][gc,cpu      ] GC(857) User=0.00s Sys=0.00s Real=0.00s
[2026-06-17T10:06:44.590+0800][24.241s][info][gc,marking  ] GC(857) Concurrent Clear Claimed Marks
[2026-06-17T10:06:44.590+0800][24.241s][info][gc,marking  ] GC(857) Concurrent Clear Claimed Marks 0.322ms
[2026-06-17T10:06:44.591+0800][24.241s][info][gc,marking  ] GC(857) Concurrent Cleanup for Next Mark
[2026-06-17T10:06:44.591+0800][24.242s][info][gc,marking  ] GC(857) Concurrent Cleanup for Next Mark 0.421ms
[2026-06-17T10:06:44.591+0800][24.242s][info][gc          ] GC(857) Concurrent Mark Cycle 10.009ms
[2026-06-17T10:06:44.592+0800][24.243s][info][gc,start    ] GC(858) Pause Young (Prepare Mixed) (G1 Evacuation Pause)
[2026-06-17T10:06:44.593+0800][24.243s][info][gc,task     ] GC(858) Using 2 workers of 18 for evacuation
[2026-06-17T10:06:44.594+0800][24.244s][info][gc,phases   ] GC(858)   Pre Evacuate Collection Set: 0.10ms
[2026-06-17T10:06:44.594+0800][24.245s][info][gc,phases   ] GC(858)   Merge Heap Roots: 0.05ms
[2026-06-17T10:06:44.594+0800][24.245s][info][gc,phases   ] GC(858)   Evacuate Collection Set: 0.27ms
[2026-06-17T10:06:44.594+0800][24.245s][info][gc,phases   ] GC(858)   Post Evacuate Collection Set: 0.13ms
[2026-06-17T10:06:44.595+0800][24.245s][info][gc,phases   ] GC(858)   Other: 0.31ms
[2026-06-17T10:06:44.595+0800][24.246s][info][gc,heap     ] GC(858) Eden regions: 6->0(6)
[2026-06-17T10:06:44.595+0800][24.246s][info][gc,heap     ] GC(858) Survivor regions: 1->1(1)
[2026-06-17T10:06:44.595+0800][24.246s][info][gc,heap     ] GC(858) Old regions: 26->29
[2026-06-17T10:06:44.596+0800][24.246s][info][gc,heap     ] GC(858) Humongous regions: 19->19
[2026-06-17T10:06:44.596+0800][24.247s][info][gc,metaspace] GC(858) Metaspace: 116K(320K)->116K(320K) NonClass: 109K(192K)->109K(192K) Class: 7K(128K)->7K(128K)
[2026-06-17T10:06:44.596+0800][24.247s][info][gc          ] GC(858) Pause Young (Prepare Mixed) (G1 Evacuation Pause) 51M->48M(64M) 3.897ms
[2026-06-17T10:06:44.596+0800][24.247s][info][gc,cpu      ] GC(858) User=0.00s Sys=0.00s Real=0.00s
[2026-06-17T10:06:44.617+0800][24.268s][info][gc,start    ] GC(859) Pause Young (Mixed) (G1 Evacuation Pause)
[2026-06-17T10:06:44.618+0800][24.268s][info][gc,task     ] GC(859) Using 2 workers of 18 for evacuation
[2026-06-17T10:06:44.619+0800][24.269s][info][gc,phases   ] GC(859)   Pre Evacuate Collection Set: 0.12ms
[2026-06-17T10:06:44.619+0800][24.270s][info][gc,phases   ] GC(859)   Merge Heap Roots: 0.05ms
[2026-06-17T10:06:44.619+0800][24.270s][info][gc,phases   ] GC(859)   Evacuate Collection Set: 0.42ms
[2026-06-17T10:06:44.620+0800][24.270s][info][gc,phases   ] GC(859)   Post Evacuate Collection Set: 0.19ms
[2026-06-17T10:06:44.620+0800][24.271s][info][gc,phases   ] GC(859)   Other: 0.29ms
[2026-06-17T10:06:44.620+0800][24.271s][info][gc,heap     ] GC(859) Eden regions: 6->0(7)
[2026-06-17T10:06:44.620+0800][24.271s][info][gc,heap     ] GC(859) Survivor regions: 1->1(1)
[2026-06-17T10:06:44.620+0800][24.271s][info][gc,heap     ] GC(859) Old regions: 29->26
[2026-06-17T10:06:44.621+0800][24.271s][info][gc,heap     ] GC(859) Humongous regions: 19->19
[2026-06-17T10:06:44.621+0800][24.271s][info][gc,metaspace] GC(859) Metaspace: 116K(320K)->116K(320K) NonClass: 109K(192K)->109K(192K) Class: 7K(128K)->7K(128K)
[2026-06-17T10:06:44.621+0800][24.271s][info][gc          ] GC(859) Pause Young (Mixed) (G1 Evacuation Pause) 54M->45M(64M) 3.524ms
[2026-06-17T10:06:44.621+0800][24.272s][info][gc,cpu      ] GC(859) User=0.00s Sys=0.00s Real=0.00s
[2026-06-17T10:06:44.632+0800][24.283s][info][gc,start    ] GC(860) Pause Young (Mixed) (G1 Evacuation Pause)
[2026-06-17T10:06:44.632+0800][24.283s][info][gc,task     ] GC(860) Using 2 workers of 18 for evacuation
[2026-06-17T10:06:44.633+0800][24.284s][info][gc,phases   ] GC(860)   Pre Evacuate Collection Set: 0.12ms
[2026-06-17T10:06:44.633+0800][24.284s][info][gc,phases   ] GC(860)   Merge Heap Roots: 0.05ms
[2026-06-17T10:06:44.634+0800][24.284s][info][gc,phases   ] GC(860)   Evacuate Collection Set: 0.32ms
[2026-06-17T10:06:44.634+0800][24.284s][info][gc,phases   ] GC(860)   Post Evacuate Collection Set: 0.17ms
[2026-06-17T10:06:44.634+0800][24.284s][info][gc,phases   ] GC(860)   Other: 0.25ms
[2026-06-17T10:06:44.634+0800][24.284s][info][gc,heap     ] GC(860) Eden regions: 7->0(9)
[2026-06-17T10:06:44.634+0800][24.284s][info][gc,heap     ] GC(860) Survivor regions: 1->1(1)
[2026-06-17T10:06:44.634+0800][24.285s][info][gc,heap     ] GC(860) Old regions: 26->25
[2026-06-17T10:06:44.634+0800][24.285s][info][gc,heap     ] GC(860) Humongous regions: 19->19
[2026-06-17T10:06:44.634+0800][24.285s][info][gc,metaspace] GC(860) Metaspace: 116K(320K)->116K(320K) NonClass: 109K(192K)->109K(192K) Class: 7K(128K)->7K(128K)
[2026-06-17T10:06:44.635+0800][24.285s][info][gc          ] GC(860) Pause Young (Mixed) (G1 Evacuation Pause) 52M->44M(64M) 2.673ms
[2026-06-17T10:06:44.635+0800][24.285s][info][gc,cpu      ] GC(860) User=0.00s Sys=0.00s Real=0.00s
[2026-06-17T10:06:44.666+0800][24.317s][info][gc,start    ] GC(861) Pause Young (Concurrent Start) (G1 Evacuation Pause)
[2026-06-17T10:06:44.667+0800][24.318s][info][gc,task     ] GC(861) Using 2 workers of 18 for evacuation
[2026-06-17T10:06:44.671+0800][24.321s][info][gc,phases   ] GC(861)   Pre Evacuate Collection Set: 0.22ms
[2026-06-17T10:06:44.672+0800][24.322s][info][gc,phases   ] GC(861)   Merge Heap Roots: 0.04ms
[2026-06-17T10:06:44.672+0800][24.323s][info][gc,phases   ] GC(861)   Evacuate Collection Set: 0.28ms
[2026-06-17T10:06:44.672+0800][24.323s][info][gc,phases   ] GC(861)   Post Evacuate Collection Set: 0.22ms
[2026-06-17T10:06:44.673+0800][24.323s][info][gc,phases   ] GC(861)   Other: 2.30ms
[2026-06-17T10:06:44.673+0800][24.323s][info][gc,heap     ] GC(861) Eden regions: 9->0(8)
[2026-06-17T10:06:44.673+0800][24.324s][info][gc,heap     ] GC(861) Survivor regions: 1->2(2)
[2026-06-17T10:06:44.673+0800][24.324s][info][gc,heap     ] GC(861) Old regions: 25->26
[2026-06-17T10:06:44.673+0800][24.324s][info][gc,heap     ] GC(861) Humongous regions: 19->19
[2026-06-17T10:06:44.673+0800][24.324s][info][gc,metaspace] GC(861) Metaspace: 116K(320K)->116K(320K) NonClass: 109K(192K)->109K(192K) Class: 7K(128K)->7K(128K)
[2026-06-17T10:06:44.673+0800][24.324s][info][gc          ] GC(861) Pause Young (Concurrent Start) (G1 Evacuation Pause) 53M->46M(64M) 7.400ms
[2026-06-17T10:06:44.674+0800][24.324s][info][gc,cpu      ] GC(861) User=0.00s Sys=0.00s Real=0.01s
[2026-06-17T10:06:44.674+0800][24.324s][info][gc          ] GC(862) Concurrent Mark Cycle
[2026-06-17T10:06:44.674+0800][24.324s][info][gc,marking  ] GC(862) Concurrent Scan Root Regions
[2026-06-17T10:06:44.674+0800][24.325s][info][gc,marking  ] GC(862) Concurrent Scan Root Regions 0.151ms
[2026-06-17T10:06:44.674+0800][24.325s][info][gc,marking  ] GC(862) Concurrent Mark
[2026-06-17T10:06:44.674+0800][24.325s][info][gc,marking  ] GC(862) Concurrent Mark From Roots
[2026-06-17T10:06:44.674+0800][24.325s][info][gc,task     ] GC(862) Using 5 workers of 5 for marking
[2026-06-17T10:06:44.675+0800][24.326s][info][gc,marking  ] GC(862) Concurrent Mark From Roots 1.180ms
[2026-06-17T10:06:44.675+0800][24.326s][info][gc,marking  ] GC(862) Concurrent Preclean
[2026-06-17T10:06:44.676+0800][24.326s][info][gc,marking  ] GC(862) Concurrent Preclean 0.111ms
[2026-06-17T10:06:44.676+0800][24.326s][info][gc,start    ] GC(862) Pause Remark
[2026-06-17T10:06:44.676+0800][24.327s][info][gc          ] GC(862) Pause Remark 51M->49M(64M) 0.438ms
[2026-06-17T10:06:44.676+0800][24.327s][info][gc,cpu      ] GC(862) User=0.00s Sys=0.00s Real=0.00s
[2026-06-17T10:06:44.676+0800][24.327s][info][gc,marking  ] GC(862) Concurrent Mark 2.222ms
[2026-06-17T10:06:44.676+0800][24.327s][info][gc,marking  ] GC(862) Concurrent Rebuild Remembered Sets and Scrub Regions
[2026-06-17T10:06:44.677+0800][24.327s][info][gc,marking  ] GC(862) Concurrent Rebuild Remembered Sets and Scrub Regions 0.419ms
[2026-06-17T10:06:44.677+0800][24.328s][info][gc,start    ] GC(862) Pause Cleanup
[2026-06-17T10:06:44.677+0800][24.328s][info][gc          ] GC(862) Pause Cleanup 49M->49M(64M) 0.094ms
[2026-06-17T10:06:44.677+0800][24.328s][info][gc,cpu      ] GC(862) User=0.00s Sys=0.00s Real=0.00s
[2026-06-17T10:06:44.677+0800][24.328s][info][gc,marking  ] GC(862) Concurrent Clear Claimed Marks
[2026-06-17T10:06:44.678+0800][24.328s][info][gc,marking  ] GC(862) Concurrent Clear Claimed Marks 0.166ms
[2026-06-17T10:06:44.678+0800][24.328s][info][gc,marking  ] GC(862) Concurrent Cleanup for Next Mark
[2026-06-17T10:06:44.678+0800][24.329s][info][gc,marking  ] GC(862) Concurrent Cleanup for Next Mark 0.226ms
[2026-06-17T10:06:44.678+0800][24.329s][info][gc          ] GC(862) Concurrent Mark Cycle 4.538ms
[2026-06-17T10:06:44.685+0800][24.335s][info][gc,start    ] GC(863) Pause Young (Prepare Mixed) (G1 Evacuation Pause)
[2026-06-17T10:06:44.685+0800][24.335s][info][gc,task     ] GC(863) Using 2 workers of 18 for evacuation
[2026-06-17T10:06:44.686+0800][24.336s][info][gc,phases   ] GC(863)   Pre Evacuate Collection Set: 0.10ms
[2026-06-17T10:06:44.686+0800][24.336s][info][gc,phases   ] GC(863)   Merge Heap Roots: 0.04ms
[2026-06-17T10:06:44.686+0800][24.337s][info][gc,phases   ] GC(863)   Evacuate Collection Set: 0.43ms
[2026-06-17T10:06:44.686+0800][24.337s][info][gc,phases   ] GC(863)   Post Evacuate Collection Set: 0.19ms
[2026-06-17T10:06:44.686+0800][24.337s][info][gc,phases   ] GC(863)   Other: 0.14ms
[2026-06-17T10:06:44.686+0800][24.337s][info][gc,heap     ] GC(863) Eden regions: 8->0(5)
[2026-06-17T10:06:44.686+0800][24.337s][info][gc,heap     ] GC(863) Survivor regions: 2->2(2)
[2026-06-17T10:06:44.686+0800][24.337s][info][gc,heap     ] GC(863) Old regions: 24->29
[2026-06-17T10:06:44.687+0800][24.337s][info][gc,heap     ] GC(863) Humongous regions: 19->19
[2026-06-17T10:06:44.687+0800][24.337s][info][gc,metaspace] GC(863) Metaspace: 116K(320K)->116K(320K) NonClass: 109K(192K)->109K(192K) Class: 7K(128K)->7K(128K)
[2026-06-17T10:06:44.687+0800][24.337s][info][gc          ] GC(863) Pause Young (Prepare Mixed) (G1 Evacuation Pause) 52M->49M(64M) 2.189ms
[2026-06-17T10:06:44.687+0800][24.337s][info][gc,cpu      ] GC(863) User=0.00s Sys=0.00s Real=0.00s
[2026-06-17T10:06:44.708+0800][24.358s][info][gc,start    ] GC(864) Pause Young (Mixed) (G1 Evacuation Pause)
[2026-06-17T10:06:44.708+0800][24.359s][info][gc,task     ] GC(864) Using 2 workers of 18 for evacuation
[2026-06-17T10:06:44.709+0800][24.360s][info][gc,phases   ] GC(864)   Pre Evacuate Collection Set: 0.12ms
[2026-06-17T10:06:44.710+0800][24.360s][info][gc,phases   ] GC(864)   Merge Heap Roots: 0.05ms
[2026-06-17T10:06:44.710+0800][24.360s][info][gc,phases   ] GC(864)   Evacuate Collection Set: 0.31ms
[2026-06-17T10:06:44.710+0800][24.360s][info][gc,phases   ] GC(864)   Post Evacuate Collection Set: 0.22ms
[2026-06-17T10:06:44.710+0800][24.360s][info][gc,phases   ] GC(864)   Other: 0.36ms
[2026-06-17T10:06:44.710+0800][24.361s][info][gc,heap     ] GC(864) Eden regions: 5->0(7)
[2026-06-17T10:06:44.710+0800][24.361s][info][gc,heap     ] GC(864) Survivor regions: 2->1(1)
[2026-06-17T10:06:44.710+0800][24.361s][info][gc,heap     ] GC(864) Old regions: 29->28
[2026-06-17T10:06:44.710+0800][24.361s][info][gc,heap     ] GC(864) Humongous regions: 19->19
[2026-06-17T10:06:44.711+0800][24.361s][info][gc,metaspace] GC(864) Metaspace: 116K(320K)->116K(320K) NonClass: 109K(192K)->109K(192K) Class: 7K(128K)->7K(128K)
[2026-06-17T10:06:44.711+0800][24.361s][info][gc          ] GC(864) Pause Young (Mixed) (G1 Evacuation Pause) 54M->47M(64M) 3.222ms
[2026-06-17T10:06:44.711+0800][24.361s][info][gc,cpu      ] GC(864) User=0.00s Sys=0.00s Real=0.01s
[2026-06-17T10:06:44.722+0800][24.372s][info][gc,start    ] GC(865) Pause Young (Concurrent Start) (G1 Evacuation Pause)
[2026-06-17T10:06:44.722+0800][24.373s][info][gc,task     ] GC(865) Using 2 workers of 18 for evacuation
[2026-06-17T10:06:44.723+0800][24.374s][info][gc,phases   ] GC(865)   Pre Evacuate Collection Set: 0.24ms
[2026-06-17T10:06:44.723+0800][24.374s][info][gc,phases   ] GC(865)   Merge Heap Roots: 0.04ms
[2026-06-17T10:06:44.724+0800][24.374s][info][gc,phases   ] GC(865)   Evacuate Collection Set: 0.33ms
[2026-06-17T10:06:44.724+0800][24.374s][info][gc,phases   ] GC(865)   Post Evacuate Collection Set: 0.20ms
[2026-06-17T10:06:44.724+0800][24.374s][info][gc,phases   ] GC(865)   Other: 0.34ms
[2026-06-17T10:06:44.724+0800][24.375s][info][gc,heap     ] GC(865) Eden regions: 7->0(4)
[2026-06-17T10:06:44.724+0800][24.375s][info][gc,heap     ] GC(865) Survivor regions: 1->1(1)
[2026-06-17T10:06:44.724+0800][24.375s][info][gc,heap     ] GC(865) Old regions: 28->32
[2026-06-17T10:06:44.724+0800][24.375s][info][gc,heap     ] GC(865) Humongous regions: 19->19
[2026-06-17T10:06:44.725+0800][24.375s][info][gc,metaspace] GC(865) Metaspace: 116K(320K)->116K(320K) NonClass: 109K(192K)->109K(192K) Class: 7K(128K)->7K(128K)
[2026-06-17T10:06:44.725+0800][24.375s][info][gc          ] GC(865) Pause Young (Concurrent Start) (G1 Evacuation Pause) 54M->51M(64M) 3.010ms
[2026-06-17T10:06:44.725+0800][24.375s][info][gc,cpu      ] GC(865) User=0.00s Sys=0.00s Real=0.01s
[2026-06-17T10:06:44.725+0800][24.375s][info][gc          ] GC(866) Concurrent Mark Cycle
[2026-06-17T10:06:44.725+0800][24.375s][info][gc,marking  ] GC(866) Concurrent Scan Root Regions
[2026-06-17T10:06:44.725+0800][24.376s][info][gc,marking  ] GC(866) Concurrent Scan Root Regions 0.266ms
[2026-06-17T10:06:44.725+0800][24.376s][info][gc,marking  ] GC(866) Concurrent Mark
[2026-06-17T10:06:44.726+0800][24.376s][info][gc,marking  ] GC(866) Concurrent Mark From Roots
[2026-06-17T10:06:44.726+0800][24.377s][info][gc,task     ] GC(866) Using 5 workers of 5 for marking
[2026-06-17T10:06:44.727+0800][24.378s][info][gc,marking  ] GC(866) Concurrent Mark From Roots 1.802ms
[2026-06-17T10:06:44.728+0800][24.378s][info][gc,marking  ] GC(866) Concurrent Preclean
[2026-06-17T10:06:44.728+0800][24.378s][info][gc,marking  ] GC(866) Concurrent Preclean 0.121ms
[2026-06-17T10:06:44.728+0800][24.378s][info][gc,start    ] GC(866) Pause Remark
[2026-06-17T10:06:44.728+0800][24.379s][info][gc          ] GC(866) Pause Remark 52M->47M(64M) 0.393ms
[2026-06-17T10:06:44.728+0800][24.379s][info][gc,cpu      ] GC(866) User=0.00s Sys=0.00s Real=0.00s
[2026-06-17T10:06:44.729+0800][24.379s][info][gc,marking  ] GC(866) Concurrent Mark 3.179ms
[2026-06-17T10:06:44.729+0800][24.379s][info][gc,marking  ] GC(866) Concurrent Rebuild Remembered Sets and Scrub Regions
[2026-06-17T10:06:44.729+0800][24.380s][info][gc,marking  ] GC(866) Concurrent Rebuild Remembered Sets and Scrub Regions 0.429ms
[2026-06-17T10:06:44.729+0800][24.380s][info][gc,start    ] GC(866) Pause Cleanup
[2026-06-17T10:06:44.729+0800][24.380s][info][gc          ] GC(866) Pause Cleanup 47M->47M(64M) 0.154ms
[2026-06-17T10:06:44.729+0800][24.380s][info][gc,cpu      ] GC(866) User=0.00s Sys=0.00s Real=0.00s
[2026-06-17T10:06:44.730+0800][24.380s][info][gc,marking  ] GC(866) Concurrent Clear Claimed Marks
[2026-06-17T10:06:44.730+0800][24.380s][info][gc,marking  ] GC(866) Concurrent Clear Claimed Marks 0.082ms
[2026-06-17T10:06:44.730+0800][24.380s][info][gc,marking  ] GC(866) Concurrent Cleanup for Next Mark
[2026-06-17T10:06:44.730+0800][24.380s][info][gc,marking  ] GC(866) Concurrent Cleanup for Next Mark 0.151ms
[2026-06-17T10:06:44.730+0800][24.380s][info][gc          ] GC(866) Concurrent Mark Cycle 5.179ms
[2026-06-17T10:06:44.735+0800][24.386s][info][gc,start    ] GC(867) Pause Young (Prepare Mixed) (G1 Evacuation Pause)
[2026-06-17T10:06:44.736+0800][24.386s][info][gc,task     ] GC(867) Using 2 workers of 18 for evacuation
[2026-06-17T10:06:44.736+0800][24.387s][info][gc,phases   ] GC(867)   Pre Evacuate Collection Set: 0.10ms
[2026-06-17T10:06:44.736+0800][24.387s][info][gc,phases   ] GC(867)   Merge Heap Roots: 0.04ms
[2026-06-17T10:06:44.737+0800][24.387s][info][gc,phases   ] GC(867)   Evacuate Collection Set: 0.26ms
[2026-06-17T10:06:44.737+0800][24.387s][info][gc,phases   ] GC(867)   Post Evacuate Collection Set: 0.16ms
[2026-06-17T10:06:44.737+0800][24.387s][info][gc,phases   ] GC(867)   Other: 0.19ms
[2026-06-17T10:06:44.737+0800][24.387s][info][gc,heap     ] GC(867) Eden regions: 4->0(6)
[2026-06-17T10:06:44.737+0800][24.388s][info][gc,heap     ] GC(867) Survivor regions: 1->1(1)
[2026-06-17T10:06:44.738+0800][24.389s][info][gc,heap     ] GC(867) Old regions: 27->29
[2026-06-17T10:06:44.739+0800][24.390s][info][gc,heap     ] GC(867) Humongous regions: 19->19
[2026-06-17T10:06:44.739+0800][24.390s][info][gc,metaspace] GC(867) Metaspace: 116K(320K)->116K(320K) NonClass: 109K(192K)->109K(192K) Class: 7K(128K)->7K(128K)
[2026-06-17T10:06:44.739+0800][24.390s][info][gc          ] GC(867) Pause Young (Prepare Mixed) (G1 Evacuation Pause) 50M->48M(64M) 3.978ms
[2026-06-17T10:06:44.739+0800][24.390s][info][gc,cpu      ] GC(867) User=0.00s Sys=0.00s Real=0.00s
[2026-06-17T10:06:44.761+0800][24.411s][info][gc,start    ] GC(868) Pause Young (Mixed) (G1 Evacuation Pause)
[2026-06-17T10:06:44.761+0800][24.411s][info][gc,task     ] GC(868) Using 2 workers of 18 for evacuation
[2026-06-17T10:06:44.762+0800][24.413s][info][gc,phases   ] GC(868)   Pre Evacuate Collection Set: 0.17ms
[2026-06-17T10:06:44.763+0800][24.413s][info][gc,phases   ] GC(868)   Merge Heap Roots: 0.07ms
[2026-06-17T10:06:44.763+0800][24.414s][info][gc,phases   ] GC(868)   Evacuate Collection Set: 0.41ms
[2026-06-17T10:06:44.763+0800][24.414s][info][gc,phases   ] GC(868)   Post Evacuate Collection Set: 0.48ms
[2026-06-17T10:06:44.764+0800][24.414s][info][gc,phases   ] GC(868)   Other: 0.49ms
[2026-06-17T10:06:44.764+0800][24.414s][info][gc,heap     ] GC(868) Eden regions: 6->0(14)
[2026-06-17T10:06:44.764+0800][24.415s][info][gc,heap     ] GC(868) Survivor regions: 1->1(1)
[2026-06-17T10:06:44.764+0800][24.415s][info][gc,heap     ] GC(868) Old regions: 29->26
[2026-06-17T10:06:44.764+0800][24.415s][info][gc,heap     ] GC(868) Humongous regions: 20->10
[2026-06-17T10:06:44.765+0800][24.415s][info][gc,metaspace] GC(868) Metaspace: 116K(320K)->116K(320K) NonClass: 109K(192K)->109K(192K) Class: 7K(128K)->7K(128K)
[2026-06-17T10:06:44.765+0800][24.415s][info][gc          ] GC(868) Pause Young (Mixed) (G1 Evacuation Pause) 55M->36M(64M) 4.208ms
[2026-06-17T10:06:44.765+0800][24.415s][info][gc,cpu      ] GC(868) User=0.00s Sys=0.00s Real=0.01s
[2026-06-17T10:06:44.796+0800][24.447s][info][gc,start    ] GC(869) Pause Young (Mixed) (G1 Evacuation Pause)
[2026-06-17T10:06:44.797+0800][24.447s][info][gc,task     ] GC(869) Using 2 workers of 18 for evacuation
[2026-06-17T10:06:44.798+0800][24.449s][info][gc,phases   ] GC(869)   Pre Evacuate Collection Set: 0.14ms
[2026-06-17T10:06:44.799+0800][24.450s][info][gc,phases   ] GC(869)   Merge Heap Roots: 0.13ms
[2026-06-17T10:06:44.799+0800][24.450s][info][gc,phases   ] GC(869)   Evacuate Collection Set: 0.54ms
[2026-06-17T10:06:44.799+0800][24.450s][info][gc,phases   ] GC(869)   Post Evacuate Collection Set: 0.23ms
[2026-06-17T10:06:44.800+0800][24.450s][info][gc,phases   ] GC(869)   Other: 0.32ms
[2026-06-17T10:06:44.800+0800][24.450s][info][gc,heap     ] GC(869) Eden regions: 14->0(12)
[2026-06-17T10:06:44.800+0800][24.450s][info][gc,heap     ] GC(869) Survivor regions: 1->2(2)
[2026-06-17T10:06:44.800+0800][24.451s][info][gc,heap     ] GC(869) Old regions: 26->27
[2026-06-17T10:06:44.800+0800][24.451s][info][gc,heap     ] GC(869) Humongous regions: 10->10
[2026-06-17T10:06:44.800+0800][24.451s][info][gc,metaspace] GC(869) Metaspace: 116K(320K)->116K(320K) NonClass: 109K(192K)->109K(192K) Class: 7K(128K)->7K(128K)
[2026-06-17T10:06:44.800+0800][24.451s][info][gc          ] GC(869) Pause Young (Mixed) (G1 Evacuation Pause) 50M->38M(64M) 4.005ms
[2026-06-17T10:06:44.801+0800][24.451s][info][gc,cpu      ] GC(869) User=0.00s Sys=0.00s Real=0.00s
[2026-06-17T10:06:44.833+0800][24.483s][info][gc,start    ] GC(870) Pause Young (Concurrent Start) (G1 Evacuation Pause)
[2026-06-17T10:06:44.833+0800][24.484s][info][gc,task     ] GC(870) Using 2 workers of 18 for evacuation
[2026-06-17T10:06:44.834+0800][24.485s][info][gc,phases   ] GC(870)   Pre Evacuate Collection Set: 0.21ms
[2026-06-17T10:06:44.835+0800][24.486s][info][gc,phases   ] GC(870)   Merge Heap Roots: 0.06ms
[2026-06-17T10:06:44.836+0800][24.486s][info][gc,phases   ] GC(870)   Evacuate Collection Set: 0.39ms
[2026-06-17T10:06:44.836+0800][24.486s][info][gc,phases   ] GC(870)   Post Evacuate Collection Set: 0.18ms
[2026-06-17T10:06:44.836+0800][24.487s][info][gc,phases   ] GC(870)   Other: 0.51ms
[2026-06-17T10:06:44.836+0800][24.487s][info][gc,heap     ] GC(870) Eden regions: 12->0(10)
[2026-06-17T10:06:44.836+0800][24.487s][info][gc,heap     ] GC(870) Survivor regions: 2->2(2)
[2026-06-17T10:06:44.837+0800][24.487s][info][gc,heap     ] GC(870) Old regions: 27->30
[2026-06-17T10:06:44.837+0800][24.487s][info][gc,heap     ] GC(870) Humongous regions: 10->10
[2026-06-17T10:06:44.837+0800][24.487s][info][gc,metaspace] GC(870) Metaspace: 116K(320K)->116K(320K) NonClass: 109K(192K)->109K(192K) Class: 7K(128K)->7K(128K)
[2026-06-17T10:06:44.837+0800][24.488s][info][gc          ] GC(870) Pause Young (Concurrent Start) (G1 Evacuation Pause) 50M->41M(64M) 4.422ms
[2026-06-17T10:06:44.837+0800][24.488s][info][gc,cpu      ] GC(870) User=0.00s Sys=0.00s Real=0.00s
[2026-06-17T10:06:44.837+0800][24.488s][info][gc          ] GC(871) Concurrent Mark Cycle
[2026-06-17T10:06:44.837+0800][24.488s][info][gc,marking  ] GC(871) Concurrent Scan Root Regions
[2026-06-17T10:06:44.838+0800][24.488s][info][gc,marking  ] GC(871) Concurrent Scan Root Regions 0.182ms
[2026-06-17T10:06:44.838+0800][24.488s][info][gc,marking  ] GC(871) Concurrent Mark
[2026-06-17T10:06:44.838+0800][24.488s][info][gc,marking  ] GC(871) Concurrent Mark From Roots
[2026-06-17T10:06:44.838+0800][24.488s][info][gc,task     ] GC(871) Using 5 workers of 5 for marking
[2026-06-17T10:06:44.839+0800][24.490s][info][gc,marking  ] GC(871) Concurrent Mark From Roots 1.226ms
[2026-06-17T10:06:44.839+0800][24.490s][info][gc,marking  ] GC(871) Concurrent Preclean
[2026-06-17T10:06:44.839+0800][24.490s][info][gc,marking  ] GC(871) Concurrent Preclean 0.165ms
[2026-06-17T10:06:44.839+0800][24.490s][info][gc,start    ] GC(871) Pause Remark
[2026-06-17T10:06:44.840+0800][24.490s][info][gc          ] GC(871) Pause Remark 42M->41M(64M) 0.412ms
[2026-06-17T10:06:44.840+0800][24.490s][info][gc,cpu      ] GC(871) User=0.00s Sys=0.00s Real=0.00s
[2026-06-17T10:06:44.840+0800][24.491s][info][gc,marking  ] GC(871) Concurrent Mark 2.372ms
[2026-06-17T10:06:44.840+0800][24.491s][info][gc,marking  ] GC(871) Concurrent Rebuild Remembered Sets and Scrub Regions
[2026-06-17T10:06:44.841+0800][24.491s][info][gc,marking  ] GC(871) Concurrent Rebuild Remembered Sets and Scrub Regions 0.458ms
[2026-06-17T10:06:44.841+0800][24.491s][info][gc,start    ] GC(871) Pause Cleanup
[2026-06-17T10:06:44.841+0800][24.492s][info][gc          ] GC(871) Pause Cleanup 41M->41M(64M) 0.645ms
[2026-06-17T10:06:44.842+0800][24.492s][info][gc,cpu      ] GC(871) User=0.00s Sys=0.00s Real=0.00s
[2026-06-17T10:06:44.842+0800][24.492s][info][gc,marking  ] GC(871) Concurrent Clear Claimed Marks
[2026-06-17T10:06:44.842+0800][24.492s][info][gc,marking  ] GC(871) Concurrent Clear Claimed Marks 0.086ms
[2026-06-17T10:06:44.842+0800][24.492s][info][gc,marking  ] GC(871) Concurrent Cleanup for Next Mark
[2026-06-17T10:06:44.842+0800][24.493s][info][gc,marking  ] GC(871) Concurrent Cleanup for Next Mark 0.162ms
[2026-06-17T10:06:44.842+0800][24.493s][info][gc          ] GC(871) Concurrent Mark Cycle 4.918ms
[2026-06-17T10:06:44.858+0800][24.509s][info][gc,start    ] GC(872) Pause Young (Prepare Mixed) (G1 Evacuation Pause)
[2026-06-17T10:06:44.860+0800][24.510s][info][gc,task     ] GC(872) Using 2 workers of 18 for evacuation
[2026-06-17T10:06:44.860+0800][24.511s][info][gc,phases   ] GC(872)   Pre Evacuate Collection Set: 0.15ms
[2026-06-17T10:06:44.861+0800][24.511s][info][gc,phases   ] GC(872)   Merge Heap Roots: 0.10ms
[2026-06-17T10:06:44.861+0800][24.511s][info][gc,phases   ] GC(872)   Evacuate Collection Set: 0.21ms
[2026-06-17T10:06:44.861+0800][24.512s][info][gc,phases   ] GC(872)   Post Evacuate Collection Set: 0.18ms
[2026-06-17T10:06:44.861+0800][24.512s][info][gc,phases   ] GC(872)   Other: 0.24ms
[2026-06-17T10:06:44.861+0800][24.512s][info][gc,heap     ] GC(872) Eden regions: 10->0(12)
[2026-06-17T10:06:44.862+0800][24.512s][info][gc,heap     ] GC(872) Survivor regions: 2->1(2)
[2026-06-17T10:06:44.862+0800][24.512s][info][gc,heap     ] GC(872) Old regions: 29->30
[2026-06-17T10:06:44.862+0800][24.512s][info][gc,heap     ] GC(872) Humongous regions: 10->10
[2026-06-17T10:06:44.862+0800][24.513s][info][gc,metaspace] GC(872) Metaspace: 116K(320K)->116K(320K) NonClass: 109K(192K)->109K(192K) Class: 7K(128K)->7K(128K)
[2026-06-17T10:06:44.862+0800][24.513s][info][gc          ] GC(872) Pause Young (Prepare Mixed) (G1 Evacuation Pause) 50M->40M(64M) 3.948ms
[2026-06-17T10:06:44.863+0800][24.513s][info][gc,cpu      ] GC(872) User=0.00s Sys=0.00s Real=0.01s
[2026-06-17T10:06:44.894+0800][24.545s][info][gc,start    ] GC(873) Pause Young (Mixed) (G1 Evacuation Pause)
[2026-06-17T10:06:44.895+0800][24.545s][info][gc,task     ] GC(873) Using 2 workers of 18 for evacuation
[2026-06-17T10:06:44.897+0800][24.547s][info][gc,phases   ] GC(873)   Pre Evacuate Collection Set: 0.20ms
[2026-06-17T10:06:44.897+0800][24.547s][info][gc,phases   ] GC(873)   Merge Heap Roots: 0.07ms
[2026-06-17T10:06:44.897+0800][24.548s][info][gc,phases   ] GC(873)   Evacuate Collection Set: 0.83ms
[2026-06-17T10:06:44.897+0800][24.548s][info][gc,phases   ] GC(873)   Post Evacuate Collection Set: 0.41ms
[2026-06-17T10:06:44.898+0800][24.548s][info][gc,phases   ] GC(873)   Other: 0.44ms
[2026-06-17T10:06:44.898+0800][24.549s][info][gc,heap     ] GC(873) Eden regions: 12->0(11)
[2026-06-17T10:06:44.898+0800][24.549s][info][gc,heap     ] GC(873) Survivor regions: 1->2(2)
[2026-06-17T10:06:44.898+0800][24.549s][info][gc,heap     ] GC(873) Old regions: 30->30
[2026-06-17T10:06:44.899+0800][24.549s][info][gc,heap     ] GC(873) Humongous regions: 10->10
[2026-06-17T10:06:44.899+0800][24.550s][info][gc,metaspace] GC(873) Metaspace: 116K(320K)->116K(320K) NonClass: 109K(192K)->109K(192K) Class: 7K(128K)->7K(128K)
[2026-06-17T10:06:44.899+0800][24.550s][info][gc          ] GC(873) Pause Young (Mixed) (G1 Evacuation Pause) 52M->41M(64M) 5.157ms
[2026-06-17T10:06:44.899+0800][24.550s][info][gc,cpu      ] GC(873) User=0.01s Sys=0.00s Real=0.00s
[2026-06-17T10:06:44.931+0800][24.582s][info][gc,start    ] GC(874) Pause Young (Mixed) (G1 Evacuation Pause)
[2026-06-17T10:06:44.932+0800][24.582s][info][gc,task     ] GC(874) Using 2 workers of 18 for evacuation
[2026-06-17T10:06:44.933+0800][24.584s][info][gc,phases   ] GC(874)   Pre Evacuate Collection Set: 0.15ms
[2026-06-17T10:06:44.934+0800][24.584s][info][gc,phases   ] GC(874)   Merge Heap Roots: 0.05ms
[2026-06-17T10:06:44.934+0800][24.585s][info][gc,phases   ] GC(874)   Evacuate Collection Set: 0.52ms
[2026-06-17T10:06:44.934+0800][24.585s][info][gc,phases   ] GC(874)   Post Evacuate Collection Set: 0.38ms
[2026-06-17T10:06:44.935+0800][24.585s][info][gc,phases   ] GC(874)   Other: 0.50ms
[2026-06-17T10:06:44.935+0800][24.586s][info][gc,heap     ] GC(874) Eden regions: 11->0(9)
[2026-06-17T10:06:44.935+0800][24.586s][info][gc,heap     ] GC(874) Survivor regions: 2->2(2)
[2026-06-17T10:06:44.936+0800][24.586s][info][gc,heap     ] GC(874) Old regions: 30->33
[2026-06-17T10:06:44.936+0800][24.586s][info][gc,heap     ] GC(874) Humongous regions: 10->10
[2026-06-17T10:06:44.936+0800][24.586s][info][gc,metaspace] GC(874) Metaspace: 116K(320K)->116K(320K) NonClass: 109K(192K)->109K(192K) Class: 7K(128K)->7K(128K)
[2026-06-17T10:06:44.936+0800][24.587s][info][gc          ] GC(874) Pause Young (Mixed) (G1 Evacuation Pause) 52M->44M(64M) 5.003ms
[2026-06-17T10:06:44.936+0800][24.587s][info][gc,cpu      ] GC(874) User=0.00s Sys=0.00s Real=0.00s
[2026-06-17T10:06:44.947+0800][24.598s][info][gc,start    ] GC(875) Pause Young (Concurrent Start) (G1 Humongous Allocation)
[2026-06-17T10:06:44.947+0800][24.598s][info][gc,task     ] GC(875) Using 2 workers of 18 for evacuation
[2026-06-17T10:06:44.948+0800][24.599s][info][gc,phases   ] GC(875)   Pre Evacuate Collection Set: 0.15ms
[2026-06-17T10:06:44.949+0800][24.599s][info][gc,phases   ] GC(875)   Merge Heap Roots: 0.03ms
[2026-06-17T10:06:44.949+0800][24.599s][info][gc,phases   ] GC(875)   Evacuate Collection Set: 0.30ms
[2026-06-17T10:06:44.949+0800][24.599s][info][gc,phases   ] GC(875)   Post Evacuate Collection Set: 0.14ms
[2026-06-17T10:06:44.949+0800][24.600s][info][gc,phases   ] GC(875)   Other: 0.26ms
[2026-06-17T10:06:44.949+0800][24.600s][info][gc,heap     ] GC(875) Eden regions: 8->0(8)
[2026-06-17T10:06:44.949+0800][24.600s][info][gc,heap     ] GC(875) Survivor regions: 2->2(2)
[2026-06-17T10:06:44.949+0800][24.600s][info][gc,heap     ] GC(875) Old regions: 33->35
[2026-06-17T10:06:44.950+0800][24.600s][info][gc,heap     ] GC(875) Humongous regions: 10->10
[2026-06-17T10:06:44.950+0800][24.601s][info][gc,metaspace] GC(875) Metaspace: 116K(320K)->116K(320K) NonClass: 109K(192K)->109K(192K) Class: 7K(128K)->7K(128K)
[2026-06-17T10:06:44.950+0800][24.601s][info][gc          ] GC(875) Pause Young (Concurrent Start) (G1 Humongous Allocation) 52M->46M(64M) 3.104ms
[2026-06-17T10:06:44.953+0800][24.603s][info][gc,cpu      ] GC(875) User=0.00s Sys=0.00s Real=0.01s
[2026-06-17T10:06:44.953+0800][24.603s][info][gc          ] GC(876) Concurrent Mark Cycle
[2026-06-17T10:06:44.953+0800][24.604s][info][gc,marking  ] GC(876) Concurrent Scan Root Regions
[2026-06-17T10:06:44.953+0800][24.604s][info][gc,marking  ] GC(876) Concurrent Scan Root Regions 0.218ms
[2026-06-17T10:06:44.953+0800][24.604s][info][gc,marking  ] GC(876) Concurrent Mark
[2026-06-17T10:06:44.953+0800][24.604s][info][gc,marking  ] GC(876) Concurrent Mark From Roots
[2026-06-17T10:06:44.954+0800][24.604s][info][gc,task     ] GC(876) Using 5 workers of 5 for marking
[2026-06-17T10:06:44.955+0800][24.605s][info][gc,marking  ] GC(876) Concurrent Mark From Roots 1.181ms
[2026-06-17T10:06:44.955+0800][24.605s][info][gc,marking  ] GC(876) Concurrent Preclean
[2026-06-17T10:06:44.955+0800][24.606s][info][gc,marking  ] GC(876) Concurrent Preclean 0.164ms
[2026-06-17T10:06:44.955+0800][24.606s][info][gc,start    ] GC(876) Pause Remark
[2026-06-17T10:06:44.956+0800][24.606s][info][gc          ] GC(876) Pause Remark 47M->43M(64M) 0.413ms
[2026-06-17T10:06:44.957+0800][24.607s][info][gc,cpu      ] GC(876) User=0.00s Sys=0.00s Real=0.00s
[2026-06-17T10:06:44.957+0800][24.607s][info][gc,marking  ] GC(876) Concurrent Mark 3.522ms
[2026-06-17T10:06:44.957+0800][24.608s][info][gc,marking  ] GC(876) Concurrent Rebuild Remembered Sets and Scrub Regions
[2026-06-17T10:06:44.957+0800][24.608s][info][gc,marking  ] GC(876) Concurrent Rebuild Remembered Sets and Scrub Regions 0.479ms
[2026-06-17T10:06:44.958+0800][24.608s][info][gc,start    ] GC(876) Pause Cleanup
[2026-06-17T10:06:44.958+0800][24.608s][info][gc          ] GC(876) Pause Cleanup 43M->43M(64M) 0.095ms
[2026-06-17T10:06:44.958+0800][24.608s][info][gc,cpu      ] GC(876) User=0.00s Sys=0.00s Real=0.00s
[2026-06-17T10:06:44.958+0800][24.609s][info][gc,marking  ] GC(876) Concurrent Clear Claimed Marks
[2026-06-17T10:06:44.958+0800][24.609s][info][gc,marking  ] GC(876) Concurrent Clear Claimed Marks 0.074ms
[2026-06-17T10:06:44.958+0800][24.609s][info][gc,marking  ] GC(876) Concurrent Cleanup for Next Mark
[2026-06-17T10:06:44.958+0800][24.609s][info][gc,marking  ] GC(876) Concurrent Cleanup for Next Mark 0.144ms
[2026-06-17T10:06:44.958+0800][24.609s][info][gc          ] GC(876) Concurrent Mark Cycle 5.862ms
[2026-06-17T10:06:44.974+0800][24.624s][info][gc,start    ] GC(877) Pause Young (Prepare Mixed) (G1 Evacuation Pause)
[2026-06-17T10:06:44.975+0800][24.626s][info][gc,task     ] GC(877) Using 2 workers of 18 for evacuation
[2026-06-17T10:06:44.976+0800][24.627s][info][gc,phases   ] GC(877)   Pre Evacuate Collection Set: 0.13ms
[2026-06-17T10:06:44.976+0800][24.627s][info][gc,phases   ] GC(877)   Merge Heap Roots: 0.04ms
[2026-06-17T10:06:44.977+0800][24.627s][info][gc,phases   ] GC(877)   Evacuate Collection Set: 0.22ms
[2026-06-17T10:06:44.977+0800][24.627s][info][gc,phases   ] GC(877)   Post Evacuate Collection Set: 0.25ms
[2026-06-17T10:06:44.977+0800][24.627s][info][gc,phases   ] GC(877)   Other: 0.39ms
[2026-06-17T10:06:44.977+0800][24.628s][info][gc,heap     ] GC(877) Eden regions: 8->0(10)
[2026-06-17T10:06:44.977+0800][24.628s][info][gc,heap     ] GC(877) Survivor regions: 2->1(2)
[2026-06-17T10:06:44.977+0800][24.628s][info][gc,heap     ] GC(877) Old regions: 31->33
[2026-06-17T10:06:44.978+0800][24.628s][info][gc,heap     ] GC(877) Humongous regions: 11->11
[2026-06-17T10:06:44.978+0800][24.628s][info][gc,metaspace] GC(877) Metaspace: 116K(320K)->116K(320K) NonClass: 109K(192K)->109K(192K) Class: 7K(128K)->7K(128K)
[2026-06-17T10:06:44.978+0800][24.629s][info][gc          ] GC(877) Pause Young (Prepare Mixed) (G1 Evacuation Pause) 51M->44M(64M) 4.167ms
[2026-06-17T10:06:44.978+0800][24.629s][info][gc,cpu      ] GC(877) User=0.00s Sys=0.00s Real=0.00s
[2026-06-17T10:06:45.010+0800][24.660s][info][gc,start    ] GC(878) Pause Young (Mixed) (G1 Evacuation Pause)
[2026-06-17T10:06:45.010+0800][24.661s][info][gc,task     ] GC(878) Using 2 workers of 18 for evacuation
[2026-06-17T10:06:45.012+0800][24.663s][info][gc,phases   ] GC(878)   Pre Evacuate Collection Set: 0.19ms
[2026-06-17T10:06:45.012+0800][24.663s][info][gc,phases   ] GC(878)   Merge Heap Roots: 0.08ms
[2026-06-17T10:06:45.013+0800][24.663s][info][gc,phases   ] GC(878)   Evacuate Collection Set: 0.52ms
[2026-06-17T10:06:45.013+0800][24.664s][info][gc,phases   ] GC(878)   Post Evacuate Collection Set: 0.21ms
[2026-06-17T10:06:45.013+0800][24.664s][info][gc,phases   ] GC(878)   Other: 1.03ms
[2026-06-17T10:06:45.014+0800][24.664s][info][gc,heap     ] GC(878) Eden regions: 10->0(12)
[2026-06-17T10:06:45.014+0800][24.665s][info][gc,heap     ] GC(878) Survivor regions: 1->2(2)
[2026-06-17T10:06:45.014+0800][24.665s][info][gc,heap     ] GC(878) Old regions: 33->29
[2026-06-17T10:06:45.014+0800][24.665s][info][gc,heap     ] GC(878) Humongous regions: 11->11
[2026-06-17T10:06:45.015+0800][24.665s][info][gc,metaspace] GC(878) Metaspace: 116K(320K)->116K(320K) NonClass: 109K(192K)->109K(192K) Class: 7K(128K)->7K(128K)
[2026-06-17T10:06:45.015+0800][24.665s][info][gc          ] GC(878) Pause Young (Mixed) (G1 Evacuation Pause) 54M->41M(64M) 5.183ms
[2026-06-17T10:06:45.015+0800][24.665s][info][gc,cpu      ] GC(878) User=0.01s Sys=0.00s Real=0.01s
[2026-06-17T10:06:45.046+0800][24.697s][info][gc,start    ] GC(879) Pause Young (Mixed) (G1 Evacuation Pause)
[2026-06-17T10:06:45.048+0800][24.698s][info][gc,task     ] GC(879) Using 2 workers of 18 for evacuation
[2026-06-17T10:06:45.049+0800][24.700s][info][gc,phases   ] GC(879)   Pre Evacuate Collection Set: 0.19ms
[2026-06-17T10:06:45.050+0800][24.700s][info][gc,phases   ] GC(879)   Merge Heap Roots: 0.06ms
[2026-06-17T10:06:45.050+0800][24.701s][info][gc,phases   ] GC(879)   Evacuate Collection Set: 0.65ms
[2026-06-17T10:06:45.050+0800][24.701s][info][gc,phases   ] GC(879)   Post Evacuate Collection Set: 0.26ms
[2026-06-17T10:06:45.051+0800][24.701s][info][gc,phases   ] GC(879)   Other: 0.31ms
[2026-06-17T10:06:45.051+0800][24.702s][info][gc,heap     ] GC(879) Eden regions: 12->0(12)
[2026-06-17T10:06:45.052+0800][24.702s][info][gc,heap     ] GC(879) Survivor regions: 2->2(2)
[2026-06-17T10:06:45.052+0800][24.702s][info][gc,heap     ] GC(879) Old regions: 29->28
[2026-06-17T10:06:45.052+0800][24.703s][info][gc,heap     ] GC(879) Humongous regions: 11->11
[2026-06-17T10:06:45.052+0800][24.703s][info][gc,metaspace] GC(879) Metaspace: 116K(320K)->116K(320K) NonClass: 109K(192K)->109K(192K) Class: 7K(128K)->7K(128K)
[2026-06-17T10:06:45.052+0800][24.703s][info][gc          ] GC(879) Pause Young (Mixed) (G1 Evacuation Pause) (Evacuation Failure: Allocation) 53M->41M(64M) 5.931ms
[2026-06-17T10:06:45.053+0800][24.704s][info][gc,cpu      ] GC(879) User=0.00s Sys=0.00s Real=0.01s
[2026-06-17T10:06:45.085+0800][24.736s][info][gc,start    ] GC(880) Pause Young (Mixed) (G1 Evacuation Pause)
[2026-06-17T10:06:45.086+0800][24.736s][info][gc,task     ] GC(880) Using 2 workers of 18 for evacuation
[2026-06-17T10:06:45.087+0800][24.738s][info][gc,phases   ] GC(880)   Pre Evacuate Collection Set: 0.12ms
[2026-06-17T10:06:45.088+0800][24.738s][info][gc,phases   ] GC(880)   Merge Heap Roots: 0.07ms
[2026-06-17T10:06:45.088+0800][24.738s][info][gc,phases   ] GC(880)   Evacuate Collection Set: 0.53ms
[2026-06-17T10:06:45.088+0800][24.739s][info][gc,phases   ] GC(880)   Post Evacuate Collection Set: 0.22ms
[2026-06-17T10:06:45.088+0800][24.739s][info][gc,phases   ] GC(880)   Other: 0.37ms
[2026-06-17T10:06:45.089+0800][24.739s][info][gc,heap     ] GC(880) Eden regions: 12->0(11)
[2026-06-17T10:06:45.089+0800][24.739s][info][gc,heap     ] GC(880) Survivor regions: 2->2(2)
[2026-06-17T10:06:45.090+0800][24.740s][info][gc,heap     ] GC(880) Old regions: 28->30
[2026-06-17T10:06:45.092+0800][24.742s][info][gc,heap     ] GC(880) Humongous regions: 11->11
[2026-06-17T10:06:45.092+0800][24.743s][info][gc,metaspace] GC(880) Metaspace: 116K(320K)->116K(320K) NonClass: 109K(192K)->109K(192K) Class: 7K(128K)->7K(128K)
[2026-06-17T10:06:45.092+0800][24.743s][info][gc          ] GC(880) Pause Young (Mixed) (G1 Evacuation Pause) 52M->42M(64M) 6.984ms
[2026-06-17T10:06:45.092+0800][24.743s][info][gc,cpu      ] GC(880) User=0.00s Sys=0.00s Real=0.01s
[2026-06-17T10:06:45.124+0800][24.775s][info][gc,start    ] GC(881) Pause Young (Concurrent Start) (G1 Evacuation Pause)
[2026-06-17T10:06:45.125+0800][24.775s][info][gc,task     ] GC(881) Using 2 workers of 18 for evacuation
[2026-06-17T10:06:45.127+0800][24.778s][info][gc,phases   ] GC(881)   Pre Evacuate Collection Set: 0.61ms
[2026-06-17T10:06:45.128+0800][24.778s][info][gc,phases   ] GC(881)   Merge Heap Roots: 0.04ms
[2026-06-17T10:06:45.128+0800][24.779s][info][gc,phases   ] GC(881)   Evacuate Collection Set: 0.38ms
[2026-06-17T10:06:45.128+0800][24.779s][info][gc,phases   ] GC(881)   Post Evacuate Collection Set: 0.26ms
[2026-06-17T10:06:45.129+0800][24.779s][info][gc,phases   ] GC(881)   Other: 1.29ms
[2026-06-17T10:06:45.129+0800][24.780s][info][gc,heap     ] GC(881) Eden regions: 11->0(9)
[2026-06-17T10:06:45.129+0800][24.780s][info][gc,heap     ] GC(881) Survivor regions: 2->2(2)
[2026-06-17T10:06:45.132+0800][24.782s][info][gc,heap     ] GC(881) Old regions: 30->33
[2026-06-17T10:06:45.136+0800][24.786s][info][gc,heap     ] GC(881) Humongous regions: 11->11
[2026-06-17T10:06:45.138+0800][24.789s][info][gc,metaspace] GC(881) Metaspace: 116K(320K)->116K(320K) NonClass: 109K(192K)->109K(192K) Class: 7K(128K)->7K(128K)
[2026-06-17T10:06:45.139+0800][24.789s][info][gc          ] GC(881) Pause Young (Concurrent Start) (G1 Evacuation Pause) 53M->45M(64M) 14.679ms
[2026-06-17T10:06:45.141+0800][24.791s][info][gc,cpu      ] GC(881) User=0.00s Sys=0.00s Real=0.01s
[2026-06-17T10:06:45.141+0800][24.791s][info][gc          ] GC(882) Concurrent Mark Cycle
[2026-06-17T10:06:45.145+0800][24.795s][info][gc,marking  ] GC(882) Concurrent Scan Root Regions
[2026-06-17T10:06:45.148+0800][24.798s][info][gc,marking  ] GC(882) Concurrent Scan Root Regions 2.789ms
[2026-06-17T10:06:45.149+0800][24.800s][info][gc,marking  ] GC(882) Concurrent Mark
[2026-06-17T10:06:45.151+0800][24.801s][info][gc,marking  ] GC(882) Concurrent Mark From Roots
[2026-06-17T10:06:45.152+0800][24.802s][info][gc,task     ] GC(882) Using 5 workers of 5 for marking
[2026-06-17T10:06:45.154+0800][24.804s][info][gc,marking  ] GC(882) Concurrent Mark From Roots 2.894ms
[2026-06-17T10:06:45.154+0800][24.804s][info][gc,marking  ] GC(882) Concurrent Preclean
[2026-06-17T10:06:45.154+0800][24.805s][info][gc,marking  ] GC(882) Concurrent Preclean 0.240ms
[2026-06-17T10:06:45.154+0800][24.805s][info][gc,start    ] GC(882) Pause Remark
[2026-06-17T10:06:45.155+0800][24.806s][info][gc          ] GC(882) Pause Remark 53M->47M(64M) 0.537ms
[2026-06-17T10:06:45.155+0800][24.806s][info][gc,cpu      ] GC(882) User=0.00s Sys=0.00s Real=0.00s
[2026-06-17T10:06:45.155+0800][24.806s][info][gc,marking  ] GC(882) Concurrent Mark 5.796ms
[2026-06-17T10:06:45.155+0800][24.806s][info][gc,marking  ] GC(882) Concurrent Rebuild Remembered Sets and Scrub Regions
[2026-06-17T10:06:45.156+0800][24.806s][info][gc,marking  ] GC(882) Concurrent Rebuild Remembered Sets and Scrub Regions 0.564ms
[2026-06-17T10:06:45.156+0800][24.807s][info][gc,start    ] GC(882) Pause Cleanup
[2026-06-17T10:06:45.156+0800][24.807s][info][gc          ] GC(882) Pause Cleanup 47M->47M(64M) 0.120ms
[2026-06-17T10:06:45.156+0800][24.807s][info][gc,cpu      ] GC(882) User=0.00s Sys=0.00s Real=0.00s
[2026-06-17T10:06:45.157+0800][24.807s][info][gc,marking  ] GC(882) Concurrent Clear Claimed Marks
[2026-06-17T10:06:45.157+0800][24.807s][info][gc,marking  ] GC(882) Concurrent Clear Claimed Marks 0.094ms
[2026-06-17T10:06:45.157+0800][24.807s][info][gc,marking  ] GC(882) Concurrent Cleanup for Next Mark
[2026-06-17T10:06:45.157+0800][24.807s][info][gc,marking  ] GC(882) Concurrent Cleanup for Next Mark 0.150ms
[2026-06-17T10:06:45.157+0800][24.808s][info][gc          ] GC(882) Concurrent Mark Cycle 16.361ms
[2026-06-17T10:06:45.164+0800][24.814s][info][gc,start    ] GC(883) Pause Young (Prepare Mixed) (G1 Evacuation Pause)
[2026-06-17T10:06:45.178+0800][24.828s][info][gc,task     ] GC(883) Using 2 workers of 18 for evacuation
[2026-06-17T10:06:45.180+0800][24.830s][info][gc,phases   ] GC(883)   Pre Evacuate Collection Set: 0.16ms
[2026-06-17T10:06:45.181+0800][24.831s][info][gc,phases   ] GC(883)   Merge Heap Roots: 0.05ms
[2026-06-17T10:06:45.181+0800][24.832s][info][gc,phases   ] GC(883)   Evacuate Collection Set: 0.38ms
[2026-06-17T10:06:45.185+0800][24.835s][info][gc,phases   ] GC(883)   Post Evacuate Collection Set: 0.18ms
[2026-06-17T10:06:45.187+0800][24.837s][info][gc,phases   ] GC(883)   Other: 1.24ms
[2026-06-17T10:06:45.191+0800][24.841s][info][gc,heap     ] GC(883) Eden regions: 9->0(10)
[2026-06-17T10:06:45.193+0800][24.844s][info][gc,heap     ] GC(883) Survivor regions: 2->2(2)
[2026-06-17T10:06:45.194+0800][24.844s][info][gc,heap     ] GC(883) Old regions: 27->30
[2026-06-17T10:06:45.224+0800][24.874s][info][gc,heap     ] GC(883) Humongous regions: 11->11
[2026-06-17T10:06:45.224+0800][24.875s][info][gc,metaspace] GC(883) Metaspace: 116K(320K)->116K(320K) NonClass: 109K(192K)->109K(192K) Class: 7K(128K)->7K(128K)
[2026-06-17T10:06:45.227+0800][24.877s][info][gc          ] GC(883) Pause Young (Prepare Mixed) (G1 Evacuation Pause) 48M->42M(64M) 62.975ms
[2026-06-17T10:06:45.227+0800][24.878s][info][gc,cpu      ] GC(883) User=0.00s Sys=0.00s Real=0.06s
[2026-06-17T10:06:45.251+0800][24.901s][info][gc,start    ] GC(884) Pause Young (Mixed) (G1 Evacuation Pause)
[2026-06-17T10:06:45.280+0800][24.931s][info][gc,task     ] GC(884) Using 2 workers of 18 for evacuation
[2026-06-17T10:06:45.282+0800][24.932s][info][gc,phases   ] GC(884)   Pre Evacuate Collection Set: 0.18ms
[2026-06-17T10:06:45.283+0800][24.933s][info][gc,phases   ] GC(884)   Merge Heap Roots: 0.07ms
[2026-06-17T10:06:45.283+0800][24.934s][info][gc,phases   ] GC(884)   Evacuate Collection Set: 0.55ms
[2026-06-17T10:06:45.284+0800][24.934s][info][gc,phases   ] GC(884)   Post Evacuate Collection Set: 0.22ms
[2026-06-17T10:06:45.284+0800][24.935s][info][gc,phases   ] GC(884)   Other: 0.67ms
[2026-06-17T10:06:45.285+0800][24.936s][info][gc,heap     ] GC(884) Eden regions: 10->0(9)
[2026-06-17T10:06:45.291+0800][24.941s][info][gc,heap     ] GC(884) Survivor regions: 2->2(2)
[2026-06-17T10:06:45.292+0800][24.943s][info][gc,heap     ] GC(884) Old regions: 30->29
[2026-06-17T10:06:45.292+0800][24.943s][info][gc,heap     ] GC(884) Humongous regions: 13->13
[2026-06-17T10:06:45.293+0800][24.943s][info][gc,metaspace] GC(884) Metaspace: 116K(320K)->116K(320K) NonClass: 109K(192K)->109K(192K) Class: 7K(128K)->7K(128K)
[2026-06-17T10:06:45.293+0800][24.944s][info][gc          ] GC(884) Pause Young (Mixed) (G1 Evacuation Pause) 54M->43M(64M) 42.201ms
[2026-06-17T10:06:45.293+0800][24.944s][info][gc,cpu      ] GC(884) User=0.00s Sys=0.00s Real=0.04s
[2026-06-17T10:06:45.325+0800][24.975s][info][gc,start    ] GC(885) Pause Young (Mixed) (G1 Evacuation Pause)
[2026-06-17T10:06:45.329+0800][24.980s][info][gc,task     ] GC(885) Using 2 workers of 18 for evacuation
[2026-06-17T10:06:45.331+0800][24.982s][info][gc,phases   ] GC(885)   Pre Evacuate Collection Set: 0.31ms
[2026-06-17T10:06:45.332+0800][24.982s][info][gc,phases   ] GC(885)   Merge Heap Roots: 0.08ms
[2026-06-17T10:06:45.332+0800][24.983s][info][gc,phases   ] GC(885)   Evacuate Collection Set: 0.41ms
[2026-06-17T10:06:45.333+0800][24.984s][info][gc,phases   ] GC(885)   Post Evacuate Collection Set: 0.21ms
[2026-06-17T10:06:45.334+0800][24.985s][info][gc,phases   ] GC(885)   Other: 1.04ms
[2026-06-17T10:06:45.336+0800][24.986s][info][gc,heap     ] GC(885) Eden regions: 9->0(10)
[2026-06-17T10:06:45.337+0800][24.988s][info][gc,heap     ] GC(885) Survivor regions: 2->2(2)
[2026-06-17T10:06:45.339+0800][24.990s][info][gc,heap     ] GC(885) Old regions: 29->28
[2026-06-17T10:06:45.342+0800][24.992s][info][gc,heap     ] GC(885) Humongous regions: 13->13
[2026-06-17T10:06:45.344+0800][24.994s][info][gc,metaspace] GC(885) Metaspace: 116K(320K)->116K(320K) NonClass: 109K(192K)->109K(192K) Class: 7K(128K)->7K(128K)
[2026-06-17T10:06:45.346+0800][24.996s][info][gc          ] GC(885) Pause Young (Mixed) (G1 Evacuation Pause) 52M->41M(64M) 20.695ms
[2026-06-17T10:06:45.346+0800][24.997s][info][gc,cpu      ] GC(885) User=0.00s Sys=0.00s Real=0.02s
[2026-06-17T10:06:45.369+0800][25.020s][info][gc,start    ] GC(886) Pause Young (Concurrent Start) (G1 Evacuation Pause)
[2026-06-17T10:06:45.370+0800][25.021s][info][gc,task     ] GC(886) Using 2 workers of 18 for evacuation
[2026-06-17T10:06:45.372+0800][25.022s][info][gc,phases   ] GC(886)   Pre Evacuate Collection Set: 0.25ms
[2026-06-17T10:06:45.373+0800][25.024s][info][gc,phases   ] GC(886)   Merge Heap Roots: 0.05ms
[2026-06-17T10:06:45.374+0800][25.025s][info][gc,phases   ] GC(886)   Evacuate Collection Set: 0.44ms
[2026-06-17T10:06:45.375+0800][25.025s][info][gc,phases   ] GC(886)   Post Evacuate Collection Set: 0.25ms
[2026-06-17T10:06:45.376+0800][25.027s][info][gc,phases   ] GC(886)   Other: 0.66ms
[2026-06-17T10:06:45.377+0800][25.027s][info][gc,heap     ] GC(886) Eden regions: 10->0(8)
[2026-06-17T10:06:45.378+0800][25.029s][info][gc,heap     ] GC(886) Survivor regions: 2->2(2)
[2026-06-17T10:06:45.379+0800][25.029s][info][gc,heap     ] GC(886) Old regions: 28->31
[2026-06-17T10:06:45.380+0800][25.031s][info][gc,heap     ] GC(886) Humongous regions: 13->13
[2026-06-17T10:06:45.380+0800][25.031s][info][gc,metaspace] GC(886) Metaspace: 116K(320K)->116K(320K) NonClass: 109K(192K)->109K(192K) Class: 7K(128K)->7K(128K)
[2026-06-17T10:06:45.383+0800][25.033s][info][gc          ] GC(886) Pause Young (Concurrent Start) (G1 Evacuation Pause) 51M->45M(64M) 13.446ms
[2026-06-17T10:06:45.385+0800][25.035s][info][gc,cpu      ] GC(886) User=0.01s Sys=0.00s Real=0.02s
[2026-06-17T10:06:45.385+0800][25.035s][info][gc          ] GC(887) Concurrent Mark Cycle
[2026-06-17T10:06:45.387+0800][25.038s][info][gc,marking  ] GC(887) Concurrent Scan Root Regions
[2026-06-17T10:06:45.389+0800][25.040s][info][gc,marking  ] GC(887) Concurrent Scan Root Regions 2.046ms
[2026-06-17T10:06:45.391+0800][25.042s][info][gc,marking  ] GC(887) Concurrent Mark
[2026-06-17T10:06:45.393+0800][25.044s][info][gc,marking  ] GC(887) Concurrent Mark From Roots
[2026-06-17T10:06:45.395+0800][25.046s][info][gc,task     ] GC(887) Using 5 workers of 5 for marking
[2026-06-17T10:06:45.398+0800][25.049s][info][gc,marking  ] GC(887) Concurrent Mark From Roots 4.911ms
[2026-06-17T10:06:45.399+0800][25.050s][info][gc,marking  ] GC(887) Concurrent Preclean
[2026-06-17T10:06:45.399+0800][25.050s][info][gc,marking  ] GC(887) Concurrent Preclean 0.149ms
[2026-06-17T10:06:45.400+0800][25.050s][info][gc,start    ] GC(887) Pause Remark
[2026-06-17T10:06:45.400+0800][25.051s][info][gc          ] GC(887) Pause Remark 47M->47M(64M) 0.696ms
[2026-06-17T10:06:45.401+0800][25.052s][info][gc,cpu      ] GC(887) User=0.00s Sys=0.00s Real=0.00s
[2026-06-17T10:06:45.403+0800][25.054s][info][gc,marking  ] GC(887) Concurrent Mark 11.988ms
[2026-06-17T10:06:45.405+0800][25.056s][info][gc,marking  ] GC(887) Concurrent Rebuild Remembered Sets and Scrub Regions
[2026-06-17T10:06:45.410+0800][25.060s][info][gc,marking  ] GC(887) Concurrent Rebuild Remembered Sets and Scrub Regions 4.432ms
[2026-06-17T10:06:45.414+0800][25.064s][info][gc,start    ] GC(887) Pause Cleanup
[2026-06-17T10:06:45.415+0800][25.066s][info][gc          ] GC(887) Pause Cleanup 50M->50M(64M) 1.658ms
[2026-06-17T10:06:45.417+0800][25.067s][info][gc,cpu      ] GC(887) User=0.00s Sys=0.00s Real=0.00s
[2026-06-17T10:06:45.418+0800][25.068s][info][gc,marking  ] GC(887) Concurrent Clear Claimed Marks
[2026-06-17T10:06:45.418+0800][25.068s][info][gc,start    ] GC(888) Pause Young (Prepare Mixed) (G1 Evacuation Pause)
[2026-06-17T10:06:45.420+0800][25.070s][info][gc,task     ] GC(888) Using 2 workers of 18 for evacuation
[2026-06-17T10:06:45.419+0800][25.069s][info][gc,marking  ] GC(887) Concurrent Clear Claimed Marks 1.026ms
[2026-06-17T10:06:45.420+0800][25.070s][info][gc,marking  ] GC(887) Concurrent Cleanup for Next Mark
[2026-06-17T10:06:45.421+0800][25.071s][info][gc,phases   ] GC(888)   Pre Evacuate Collection Set: 0.12ms
[2026-06-17T10:06:45.421+0800][25.071s][info][gc,phases   ] GC(888)   Merge Heap Roots: 0.05ms
[2026-06-17T10:06:45.421+0800][25.071s][info][gc,phases   ] GC(888)   Evacuate Collection Set: 0.35ms
[2026-06-17T10:06:45.421+0800][25.071s][info][gc,phases   ] GC(888)   Post Evacuate Collection Set: 0.17ms
[2026-06-17T10:06:45.421+0800][25.072s][info][gc,phases   ] GC(888)   Other: 0.30ms
[2026-06-17T10:06:45.421+0800][25.072s][info][gc,heap     ] GC(888) Eden regions: 8->0(6)
[2026-06-17T10:06:45.421+0800][25.072s][info][gc,heap     ] GC(888) Survivor regions: 2->2(2)
[2026-06-17T10:06:45.421+0800][25.072s][info][gc,heap     ] GC(888) Old regions: 31->33
[2026-06-17T10:06:45.421+0800][25.072s][info][gc,heap     ] GC(888) Humongous regions: 13->13
[2026-06-17T10:06:45.421+0800][25.072s][info][gc,metaspace] GC(888) Metaspace: 116K(320K)->116K(320K) NonClass: 109K(192K)->109K(192K) Class: 7K(128K)->7K(128K)
[2026-06-17T10:06:45.421+0800][25.072s][info][gc          ] GC(888) Pause Young (Prepare Mixed) (G1 Evacuation Pause) 53M->47M(64M) 3.738ms
[2026-06-17T10:06:45.422+0800][25.072s][info][gc,cpu      ] GC(888) User=0.00s Sys=0.00s Real=0.00s
[2026-06-17T10:06:45.422+0800][25.072s][info][gc,marking  ] GC(887) Concurrent Cleanup for Next Mark 1.818ms
[2026-06-17T10:06:45.422+0800][25.072s][info][gc          ] GC(887) Concurrent Mark Cycle 36.965ms
[2026-06-17T10:06:45.432+0800][25.083s][info][gc,start    ] GC(889) Pause Young (Mixed) (G1 Evacuation Pause)
[2026-06-17T10:06:45.433+0800][25.083s][info][gc,task     ] GC(889) Using 2 workers of 18 for evacuation
[2026-06-17T10:06:45.433+0800][25.084s][info][gc,phases   ] GC(889)   Pre Evacuate Collection Set: 0.09ms
[2026-06-17T10:06:45.434+0800][25.084s][info][gc,phases   ] GC(889)   Merge Heap Roots: 0.04ms
[2026-06-17T10:06:45.434+0800][25.084s][info][gc,phases   ] GC(889)   Evacuate Collection Set: 0.40ms
[2026-06-17T10:06:45.434+0800][25.084s][info][gc,phases   ] GC(889)   Post Evacuate Collection Set: 0.16ms
[2026-06-17T10:06:45.434+0800][25.085s][info][gc,phases   ] GC(889)   Other: 0.14ms
[2026-06-17T10:06:45.434+0800][25.085s][info][gc,heap     ] GC(889) Eden regions: 6->0(9)
[2026-06-17T10:06:45.434+0800][25.085s][info][gc,heap     ] GC(889) Survivor regions: 2->1(1)
[2026-06-17T10:06:45.434+0800][25.085s][info][gc,heap     ] GC(889) Old regions: 33->31
[2026-06-17T10:06:45.434+0800][25.085s][info][gc,heap     ] GC(889) Humongous regions: 13->13
[2026-06-17T10:06:45.435+0800][25.085s][info][gc,metaspace] GC(889) Metaspace: 116K(320K)->116K(320K) NonClass: 109K(192K)->109K(192K) Class: 7K(128K)->7K(128K)
[2026-06-17T10:06:45.435+0800][25.085s][info][gc          ] GC(889) Pause Young (Mixed) (G1 Evacuation Pause) 53M->44M(64M) 2.357ms
[2026-06-17T10:06:45.435+0800][25.085s][info][gc,cpu      ] GC(889) User=0.00s Sys=0.00s Real=0.00s
[2026-06-17T10:06:45.466+0800][25.117s][info][gc,start    ] GC(890) Pause Young (Mixed) (G1 Evacuation Pause)
[2026-06-17T10:06:45.467+0800][25.117s][info][gc,task     ] GC(890) Using 2 workers of 18 for evacuation
[2026-06-17T10:06:45.468+0800][25.119s][info][gc,phases   ] GC(890)   Pre Evacuate Collection Set: 0.24ms
[2026-06-17T10:06:45.468+0800][25.119s][info][gc,phases   ] GC(890)   Merge Heap Roots: 0.07ms
[2026-06-17T10:06:45.469+0800][25.119s][info][gc,phases   ] GC(890)   Evacuate Collection Set: 0.34ms
[2026-06-17T10:06:45.469+0800][25.120s][info][gc,phases   ] GC(890)   Post Evacuate Collection Set: 0.24ms
[2026-06-17T10:06:45.469+0800][25.120s][info][gc,phases   ] GC(890)   Other: 0.32ms
[2026-06-17T10:06:45.469+0800][25.120s][info][gc,heap     ] GC(890) Eden regions: 9->0(8)
[2026-06-17T10:06:45.470+0800][25.120s][info][gc,heap     ] GC(890) Survivor regions: 1->2(2)
[2026-06-17T10:06:45.470+0800][25.120s][info][gc,heap     ] GC(890) Old regions: 31->32
[2026-06-17T10:06:45.470+0800][25.120s][info][gc,heap     ] GC(890) Humongous regions: 13->13
[2026-06-17T10:06:45.470+0800][25.120s][info][gc,metaspace] GC(890) Metaspace: 116K(320K)->116K(320K) NonClass: 109K(192K)->109K(192K) Class: 7K(128K)->7K(128K)
[2026-06-17T10:06:45.470+0800][25.121s][info][gc          ] GC(890) Pause Young (Mixed) (G1 Evacuation Pause) 53M->46M(64M) 3.665ms
[2026-06-17T10:06:45.470+0800][25.121s][info][gc,cpu      ] GC(890) User=0.00s Sys=0.00s Real=0.00s
[2026-06-17T10:06:45.491+0800][25.142s][info][gc,start    ] GC(891) Pause Young (Concurrent Start) (G1 Evacuation Pause)
[2026-06-17T10:06:45.492+0800][25.142s][info][gc,task     ] GC(891) Using 2 workers of 18 for evacuation
[2026-06-17T10:06:45.493+0800][25.143s][info][gc,phases   ] GC(891)   Pre Evacuate Collection Set: 0.18ms
[2026-06-17T10:06:45.493+0800][25.144s][info][gc,phases   ] GC(891)   Merge Heap Roots: 0.03ms
[2026-06-17T10:06:45.493+0800][25.144s][info][gc,phases   ] GC(891)   Evacuate Collection Set: 0.32ms
[2026-06-17T10:06:45.494+0800][25.144s][info][gc,phases   ] GC(891)   Post Evacuate Collection Set: 0.16ms
[2026-06-17T10:06:45.494+0800][25.144s][info][gc,phases   ] GC(891)   Other: 0.31ms
[2026-06-17T10:06:45.494+0800][25.145s][info][gc,heap     ] GC(891) Eden regions: 8->0(7)
[2026-06-17T10:06:45.494+0800][25.145s][info][gc,heap     ] GC(891) Survivor regions: 2->2(2)
[2026-06-17T10:06:45.494+0800][25.145s][info][gc,heap     ] GC(891) Old regions: 32->34
[2026-06-17T10:06:45.495+0800][25.145s][info][gc,heap     ] GC(891) Humongous regions: 13->13
[2026-06-17T10:06:45.495+0800][25.145s][info][gc,metaspace] GC(891) Metaspace: 116K(320K)->116K(320K) NonClass: 109K(192K)->109K(192K) Class: 7K(128K)->7K(128K)
[2026-06-17T10:06:45.495+0800][25.146s][info][gc          ] GC(891) Pause Young (Concurrent Start) (G1 Evacuation Pause) 54M->48M(64M) 3.762ms
[2026-06-17T10:06:45.495+0800][25.146s][info][gc,cpu      ] GC(891) User=0.00s Sys=0.00s Real=0.00s
[2026-06-17T10:06:45.495+0800][25.146s][info][gc          ] GC(892) Concurrent Mark Cycle
[2026-06-17T10:06:45.496+0800][25.147s][info][gc,marking  ] GC(892) Concurrent Scan Root Regions
[2026-06-17T10:06:45.496+0800][25.147s][info][gc,marking  ] GC(892) Concurrent Scan Root Regions 0.320ms
[2026-06-17T10:06:45.496+0800][25.147s][info][gc,marking  ] GC(892) Concurrent Mark
[2026-06-17T10:06:45.497+0800][25.147s][info][gc,marking  ] GC(892) Concurrent Mark From Roots
[2026-06-17T10:06:45.497+0800][25.147s][info][gc,task     ] GC(892) Using 5 workers of 5 for marking
[2026-06-17T10:06:45.498+0800][25.148s][info][gc,marking  ] GC(892) Concurrent Mark From Roots 1.229ms
[2026-06-17T10:06:45.498+0800][25.148s][info][gc,marking  ] GC(892) Concurrent Preclean
[2026-06-17T10:06:45.498+0800][25.149s][info][gc,marking  ] GC(892) Concurrent Preclean 0.100ms
[2026-06-17T10:06:45.498+0800][25.149s][info][gc,start    ] GC(892) Pause Remark
[2026-06-17T10:06:45.499+0800][25.149s][info][gc          ] GC(892) Pause Remark 51M->42M(64M) 0.389ms
[2026-06-17T10:06:45.499+0800][25.149s][info][gc,cpu      ] GC(892) User=0.00s Sys=0.00s Real=0.00s
[2026-06-17T10:06:45.499+0800][25.149s][info][gc,marking  ] GC(892) Concurrent Mark 2.336ms
[2026-06-17T10:06:45.499+0800][25.149s][info][gc,marking  ] GC(892) Concurrent Rebuild Remembered Sets and Scrub Regions
[2026-06-17T10:06:45.499+0800][25.150s][info][gc,marking  ] GC(892) Concurrent Rebuild Remembered Sets and Scrub Regions 0.422ms
[2026-06-17T10:06:45.499+0800][25.150s][info][gc,start    ] GC(892) Pause Cleanup
[2026-06-17T10:06:45.500+0800][25.150s][info][gc          ] GC(892) Pause Cleanup 42M->42M(64M) 0.093ms
[2026-06-17T10:06:45.500+0800][25.150s][info][gc,cpu      ] GC(892) User=0.00s Sys=0.00s Real=0.00s
[2026-06-17T10:06:45.500+0800][25.150s][info][gc,marking  ] GC(892) Concurrent Clear Claimed Marks
[2026-06-17T10:06:45.500+0800][25.150s][info][gc,marking  ] GC(892) Concurrent Clear Claimed Marks 0.077ms
[2026-06-17T10:06:45.500+0800][25.150s][info][gc,marking  ] GC(892) Concurrent Cleanup for Next Mark
[2026-06-17T10:06:45.500+0800][25.151s][info][gc,marking  ] GC(892) Concurrent Cleanup for Next Mark 0.153ms
[2026-06-17T10:06:45.500+0800][25.151s][info][gc          ] GC(892) Concurrent Mark Cycle 4.789ms
[2026-06-17T10:06:45.507+0800][25.157s][info][gc,start    ] GC(893) Pause Young (Prepare Mixed) (G1 Evacuation Pause)
[2026-06-17T10:06:45.507+0800][25.157s][info][gc,task     ] GC(893) Using 2 workers of 18 for evacuation
[2026-06-17T10:06:45.508+0800][25.158s][info][gc,phases   ] GC(893)   Pre Evacuate Collection Set: 0.15ms
[2026-06-17T10:06:45.508+0800][25.159s][info][gc,phases   ] GC(893)   Merge Heap Roots: 0.06ms
[2026-06-17T10:06:45.508+0800][25.159s][info][gc,phases   ] GC(893)   Evacuate Collection Set: 0.20ms
[2026-06-17T10:06:45.508+0800][25.159s][info][gc,phases   ] GC(893)   Post Evacuate Collection Set: 0.21ms
[2026-06-17T10:06:45.509+0800][25.159s][info][gc,phases   ] GC(893)   Other: 0.19ms
[2026-06-17T10:06:45.509+0800][25.159s][info][gc,heap     ] GC(893) Eden regions: 7->0(13)
[2026-06-17T10:06:45.509+0800][25.159s][info][gc,heap     ] GC(893) Survivor regions: 2->1(2)
[2026-06-17T10:06:45.509+0800][25.160s][info][gc,heap     ] GC(893) Old regions: 25->27
[2026-06-17T10:06:45.509+0800][25.160s][info][gc,heap     ] GC(893) Humongous regions: 13->13
[2026-06-17T10:06:45.509+0800][25.160s][info][gc,metaspace] GC(893) Metaspace: 116K(320K)->116K(320K) NonClass: 109K(192K)->109K(192K) Class: 7K(128K)->7K(128K)
[2026-06-17T10:06:45.509+0800][25.160s][info][gc          ] GC(893) Pause Young (Prepare Mixed) (G1 Evacuation Pause) 46M->39M(64M) 2.710ms
[2026-06-17T10:06:45.509+0800][25.160s][info][gc,cpu      ] GC(893) User=0.00s Sys=0.00s Real=0.00s
[2026-06-17T10:06:45.541+0800][25.192s][info][gc,start    ] GC(894) Pause Young (Mixed) (G1 Evacuation Pause)
[2026-06-17T10:06:45.542+0800][25.192s][info][gc,task     ] GC(894) Using 2 workers of 18 for evacuation
[2026-06-17T10:06:45.543+0800][25.193s][info][gc,phases   ] GC(894)   Pre Evacuate Collection Set: 0.13ms
[2026-06-17T10:06:45.543+0800][25.194s][info][gc,phases   ] GC(894)   Merge Heap Roots: 0.02ms
[2026-06-17T10:06:45.543+0800][25.194s][info][gc,phases   ] GC(894)   Evacuate Collection Set: 0.40ms
[2026-06-17T10:06:45.544+0800][25.194s][info][gc,phases   ] GC(894)   Post Evacuate Collection Set: 0.21ms
[2026-06-17T10:06:45.544+0800][25.194s][info][gc,phases   ] GC(894)   Other: 0.33ms
[2026-06-17T10:06:45.544+0800][25.195s][info][gc,heap     ] GC(894) Eden regions: 13->0(13)
[2026-06-17T10:06:45.544+0800][25.195s][info][gc,heap     ] GC(894) Survivor regions: 1->2(2)
[2026-06-17T10:06:45.545+0800][25.195s][info][gc,heap     ] GC(894) Old regions: 27->23
[2026-06-17T10:06:45.545+0800][25.195s][info][gc,heap     ] GC(894) Humongous regions: 15->15
[2026-06-17T10:06:45.545+0800][25.196s][info][gc,metaspace] GC(894) Metaspace: 116K(320K)->116K(320K) NonClass: 109K(192K)->109K(192K) Class: 7K(128K)->7K(128K)
[2026-06-17T10:06:45.545+0800][25.196s][info][gc          ] GC(894) Pause Young (Mixed) (G1 Evacuation Pause) 54M->39M(64M) 4.061ms
[2026-06-17T10:06:45.545+0800][25.196s][info][gc,cpu      ] GC(894) User=0.00s Sys=0.00s Real=0.01s
[2026-06-17T10:06:45.587+0800][25.238s][info][gc,start    ] GC(895) Pause Young (Concurrent Start) (G1 Evacuation Pause)
[2026-06-17T10:06:45.588+0800][25.238s][info][gc,task     ] GC(895) Using 2 workers of 18 for evacuation
[2026-06-17T10:06:45.589+0800][25.240s][info][gc,phases   ] GC(895)   Pre Evacuate Collection Set: 0.19ms
[2026-06-17T10:06:45.589+0800][25.240s][info][gc,phases   ] GC(895)   Merge Heap Roots: 0.05ms
[2026-06-17T10:06:45.590+0800][25.240s][info][gc,phases   ] GC(895)   Evacuate Collection Set: 0.34ms
[2026-06-17T10:06:45.590+0800][25.240s][info][gc,phases   ] GC(895)   Post Evacuate Collection Set: 0.20ms
[2026-06-17T10:06:45.590+0800][25.241s][info][gc,phases   ] GC(895)   Other: 0.39ms
[2026-06-17T10:06:45.590+0800][25.241s][info][gc,heap     ] GC(895) Eden regions: 13->0(12)
[2026-06-17T10:06:45.590+0800][25.241s][info][gc,heap     ] GC(895) Survivor regions: 2->2(2)
[2026-06-17T10:06:45.591+0800][25.241s][info][gc,heap     ] GC(895) Old regions: 23->25
[2026-06-17T10:06:45.591+0800][25.241s][info][gc,heap     ] GC(895) Humongous regions: 15->15
[2026-06-17T10:06:45.591+0800][25.242s][info][gc,metaspace] GC(895) Metaspace: 116K(320K)->116K(320K) NonClass: 109K(192K)->109K(192K) Class: 7K(128K)->7K(128K)
[2026-06-17T10:06:45.591+0800][25.242s][info][gc          ] GC(895) Pause Young (Concurrent Start) (G1 Evacuation Pause) 52M->41M(64M) 3.713ms
[2026-06-17T10:06:45.591+0800][25.242s][info][gc,cpu      ] GC(895) User=0.00s Sys=0.00s Real=0.01s
[2026-06-17T10:06:45.591+0800][25.242s][info][gc          ] GC(896) Concurrent Mark Cycle
[2026-06-17T10:06:45.592+0800][25.242s][info][gc,marking  ] GC(896) Concurrent Scan Root Regions
[2026-06-17T10:06:45.592+0800][25.243s][info][gc,marking  ] GC(896) Concurrent Scan Root Regions 0.492ms
[2026-06-17T10:06:45.593+0800][25.243s][info][gc,marking  ] GC(896) Concurrent Mark
[2026-06-17T10:06:45.593+0800][25.243s][info][gc,marking  ] GC(896) Concurrent Mark From Roots
[2026-06-17T10:06:45.593+0800][25.243s][info][gc,task     ] GC(896) Using 5 workers of 5 for marking
[2026-06-17T10:06:45.594+0800][25.244s][info][gc,marking  ] GC(896) Concurrent Mark From Roots 1.189ms
[2026-06-17T10:06:45.594+0800][25.245s][info][gc,marking  ] GC(896) Concurrent Preclean
[2026-06-17T10:06:45.594+0800][25.245s][info][gc,marking  ] GC(896) Concurrent Preclean 0.112ms
[2026-06-17T10:06:45.594+0800][25.245s][info][gc,start    ] GC(896) Pause Remark
[2026-06-17T10:06:45.595+0800][25.245s][info][gc          ] GC(896) Pause Remark 44M->37M(64M) 0.410ms
[2026-06-17T10:06:45.595+0800][25.245s][info][gc,cpu      ] GC(896) User=0.00s Sys=0.00s Real=0.00s
[2026-06-17T10:06:45.595+0800][25.245s][info][gc,marking  ] GC(896) Concurrent Mark 2.375ms
[2026-06-17T10:06:45.595+0800][25.246s][info][gc,marking  ] GC(896) Concurrent Rebuild Remembered Sets and Scrub Regions
[2026-06-17T10:06:45.595+0800][25.246s][info][gc,marking  ] GC(896) Concurrent Rebuild Remembered Sets and Scrub Regions 0.417ms
[2026-06-17T10:06:45.596+0800][25.246s][info][gc,start    ] GC(896) Pause Cleanup
[2026-06-17T10:06:45.596+0800][25.246s][info][gc          ] GC(896) Pause Cleanup 37M->37M(64M) 0.098ms
[2026-06-17T10:06:45.596+0800][25.246s][info][gc,cpu      ] GC(896) User=0.00s Sys=0.00s Real=0.00s
[2026-06-17T10:06:45.596+0800][25.246s][info][gc,marking  ] GC(896) Concurrent Clear Claimed Marks
[2026-06-17T10:06:45.596+0800][25.246s][info][gc,marking  ] GC(896) Concurrent Clear Claimed Marks 0.077ms
[2026-06-17T10:06:45.596+0800][25.247s][info][gc,marking  ] GC(896) Concurrent Cleanup for Next Mark
[2026-06-17T10:06:45.596+0800][25.247s][info][gc,marking  ] GC(896) Concurrent Cleanup for Next Mark 0.193ms
[2026-06-17T10:06:45.596+0800][25.247s][info][gc          ] GC(896) Concurrent Mark Cycle 4.985ms
[2026-06-17T10:06:45.623+0800][25.273s][info][gc,start    ] GC(897) Pause Young (Prepare Mixed) (G1 Evacuation Pause)
[2026-06-17T10:06:45.623+0800][25.274s][info][gc,task     ] GC(897) Using 2 workers of 18 for evacuation
[2026-06-17T10:06:45.625+0800][25.275s][info][gc,phases   ] GC(897)   Pre Evacuate Collection Set: 0.13ms
[2026-06-17T10:06:45.625+0800][25.276s][info][gc,phases   ] GC(897)   Merge Heap Roots: 0.06ms
[2026-06-17T10:06:45.625+0800][25.276s][info][gc,phases   ] GC(897)   Evacuate Collection Set: 0.31ms
[2026-06-17T10:06:45.625+0800][25.276s][info][gc,phases   ] GC(897)   Post Evacuate Collection Set: 0.25ms
[2026-06-17T10:06:45.626+0800][25.276s][info][gc,phases   ] GC(897)   Other: 0.47ms
[2026-06-17T10:06:45.626+0800][25.276s][info][gc,heap     ] GC(897) Eden regions: 12->0(16)
[2026-06-17T10:06:45.626+0800][25.277s][info][gc,heap     ] GC(897) Survivor regions: 2->2(2)
[2026-06-17T10:06:45.626+0800][25.277s][info][gc,heap     ] GC(897) Old regions: 18->20
[2026-06-17T10:06:45.626+0800][25.277s][info][gc,heap     ] GC(897) Humongous regions: 15->15
[2026-06-17T10:06:45.627+0800][25.277s][info][gc,metaspace] GC(897) Metaspace: 116K(320K)->116K(320K) NonClass: 109K(192K)->109K(192K) Class: 7K(128K)->7K(128K)
[2026-06-17T10:06:45.627+0800][25.277s][info][gc          ] GC(897) Pause Young (Prepare Mixed) (G1 Evacuation Pause) 46M->36M(64M) 3.762ms
[2026-06-17T10:06:45.627+0800][25.277s][info][gc,cpu      ] GC(897) User=0.01s Sys=0.00s Real=0.00s
[2026-06-17T10:06:45.669+0800][25.320s][info][gc,start    ] GC(898) Pause Young (Mixed) (G1 Evacuation Pause)
[2026-06-17T10:06:45.670+0800][25.321s][info][gc,task     ] GC(898) Using 2 workers of 18 for evacuation
[2026-06-17T10:06:45.672+0800][25.322s][info][gc,phases   ] GC(898)   Pre Evacuate Collection Set: 0.20ms
[2026-06-17T10:06:45.672+0800][25.323s][info][gc,phases   ] GC(898)   Merge Heap Roots: 0.05ms
[2026-06-17T10:06:45.673+0800][25.323s][info][gc,phases   ] GC(898)   Evacuate Collection Set: 0.38ms
[2026-06-17T10:06:45.673+0800][25.324s][info][gc,phases   ] GC(898)   Post Evacuate Collection Set: 0.30ms
[2026-06-17T10:06:45.673+0800][25.324s][info][gc,phases   ] GC(898)   Other: 0.58ms
[2026-06-17T10:06:45.674+0800][25.324s][info][gc,heap     ] GC(898) Eden regions: 16->0(16)
[2026-06-17T10:06:45.674+0800][25.324s][info][gc,heap     ] GC(898) Survivor regions: 2->3(3)
[2026-06-17T10:06:45.674+0800][25.325s][info][gc,heap     ] GC(898) Old regions: 20->19
[2026-06-17T10:06:45.674+0800][25.325s][info][gc,heap     ] GC(898) Humongous regions: 15->15
[2026-06-17T10:06:45.675+0800][25.325s][info][gc,metaspace] GC(898) Metaspace: 116K(320K)->116K(320K) NonClass: 109K(192K)->109K(192K) Class: 7K(128K)->7K(128K)
[2026-06-17T10:06:45.675+0800][25.325s][info][gc          ] GC(898) Pause Young (Mixed) (G1 Evacuation Pause) 52M->36M(64M) 5.582ms
[2026-06-17T10:06:45.675+0800][25.326s][info][gc,cpu      ] GC(898) User=0.00s Sys=0.00s Real=0.01s
[2026-06-17T10:06:45.717+0800][25.368s][info][gc,start    ] GC(899) Pause Young (Concurrent Start) (G1 Evacuation Pause)
[2026-06-17T10:06:45.718+0800][25.368s][info][gc,task     ] GC(899) Using 2 workers of 18 for evacuation
[2026-06-17T10:06:45.719+0800][25.370s][info][gc,phases   ] GC(899)   Pre Evacuate Collection Set: 0.19ms
[2026-06-17T10:06:45.719+0800][25.370s][info][gc,phases   ] GC(899)   Merge Heap Roots: 0.04ms
[2026-06-17T10:06:45.720+0800][25.370s][info][gc,phases   ] GC(899)   Evacuate Collection Set: 0.39ms
[2026-06-17T10:06:45.720+0800][25.371s][info][gc,phases   ] GC(899)   Post Evacuate Collection Set: 0.23ms
[2026-06-17T10:06:45.720+0800][25.371s][info][gc,phases   ] GC(899)   Other: 0.60ms
[2026-06-17T10:06:45.720+0800][25.371s][info][gc,heap     ] GC(899) Eden regions: 16->0(15)
[2026-06-17T10:06:45.721+0800][25.371s][info][gc,heap     ] GC(899) Survivor regions: 3->3(3)
[2026-06-17T10:06:45.721+0800][25.371s][info][gc,heap     ] GC(899) Old regions: 19->21
[2026-06-17T10:06:45.721+0800][25.371s][info][gc,heap     ] GC(899) Humongous regions: 15->15
[2026-06-17T10:06:45.721+0800][25.372s][info][gc,metaspace] GC(899) Metaspace: 116K(320K)->116K(320K) NonClass: 109K(192K)->109K(192K) Class: 7K(128K)->7K(128K)
[2026-06-17T10:06:45.721+0800][25.372s][info][gc          ] GC(899) Pause Young (Concurrent Start) (G1 Evacuation Pause) 52M->38M(64M) 4.035ms
[2026-06-17T10:06:45.722+0800][25.372s][info][gc,cpu      ] GC(899) User=0.00s Sys=0.00s Real=0.00s
[2026-06-17T10:06:45.722+0800][25.372s][info][gc          ] GC(900) Concurrent Mark Cycle
[2026-06-17T10:06:45.722+0800][25.373s][info][gc,marking  ] GC(900) Concurrent Scan Root Regions
[2026-06-17T10:06:45.722+0800][25.373s][info][gc,marking  ] GC(900) Concurrent Scan Root Regions 0.264ms
[2026-06-17T10:06:45.722+0800][25.373s][info][gc,marking  ] GC(900) Concurrent Mark
[2026-06-17T10:06:45.723+0800][25.373s][info][gc,marking  ] GC(900) Concurrent Mark From Roots
[2026-06-17T10:06:45.723+0800][25.373s][info][gc,task     ] GC(900) Using 5 workers of 5 for marking
[2026-06-17T10:06:45.724+0800][25.374s][info][gc,marking  ] GC(900) Concurrent Mark From Roots 1.300ms
[2026-06-17T10:06:45.724+0800][25.375s][info][gc,marking  ] GC(900) Concurrent Preclean
[2026-06-17T10:06:45.724+0800][25.375s][info][gc,marking  ] GC(900) Concurrent Preclean 0.198ms
[2026-06-17T10:06:45.724+0800][25.375s][info][gc,start    ] GC(900) Pause Remark
[2026-06-17T10:06:45.725+0800][25.375s][info][gc          ] GC(900) Pause Remark 43M->43M(64M) 0.396ms
[2026-06-17T10:06:45.725+0800][25.376s][info][gc,cpu      ] GC(900) User=0.00s Sys=0.00s Real=0.00s
[2026-06-17T10:06:45.726+0800][25.377s][info][gc,marking  ] GC(900) Concurrent Mark 3.776ms
[2026-06-17T10:06:45.726+0800][25.377s][info][gc,marking  ] GC(900) Concurrent Rebuild Remembered Sets and Scrub Regions
[2026-06-17T10:06:45.727+0800][25.377s][info][gc,marking  ] GC(900) Concurrent Rebuild Remembered Sets and Scrub Regions 0.459ms
[2026-06-17T10:06:45.727+0800][25.378s][info][gc,start    ] GC(900) Pause Cleanup
[2026-06-17T10:06:45.727+0800][25.378s][info][gc          ] GC(900) Pause Cleanup 43M->43M(64M) 0.103ms
[2026-06-17T10:06:45.727+0800][25.378s][info][gc,cpu      ] GC(900) User=0.00s Sys=0.00s Real=0.00s
[2026-06-17T10:06:45.727+0800][25.378s][info][gc,marking  ] GC(900) Concurrent Clear Claimed Marks
[2026-06-17T10:06:45.727+0800][25.378s][info][gc,marking  ] GC(900) Concurrent Clear Claimed Marks 0.139ms
[2026-06-17T10:06:45.728+0800][25.378s][info][gc,marking  ] GC(900) Concurrent Cleanup for Next Mark
[2026-06-17T10:06:45.728+0800][25.378s][info][gc,marking  ] GC(900) Concurrent Cleanup for Next Mark 0.168ms
[2026-06-17T10:06:45.728+0800][25.378s][info][gc          ] GC(900) Concurrent Mark Cycle 6.239ms
[2026-06-17T10:06:45.753+0800][25.404s][info][gc,start    ] GC(901) Pause Young (Prepare Mixed) (G1 Evacuation Pause)
[2026-06-17T10:06:45.754+0800][25.404s][info][gc,task     ] GC(901) Using 2 workers of 18 for evacuation
[2026-06-17T10:06:45.755+0800][25.406s][info][gc,phases   ] GC(901)   Pre Evacuate Collection Set: 0.12ms
[2026-06-17T10:06:45.755+0800][25.406s][info][gc,phases   ] GC(901)   Merge Heap Roots: 0.13ms
[2026-06-17T10:06:45.756+0800][25.406s][info][gc,phases   ] GC(901)   Evacuate Collection Set: 0.50ms
[2026-06-17T10:06:45.757+0800][25.407s][info][gc,phases   ] GC(901)   Post Evacuate Collection Set: 0.19ms
[2026-06-17T10:06:45.759+0800][25.409s][info][gc,phases   ] GC(901)   Other: 0.54ms
[2026-06-17T10:06:45.759+0800][25.410s][info][gc,heap     ] GC(901) Eden regions: 15->0(10)
[2026-06-17T10:06:45.759+0800][25.410s][info][gc,heap     ] GC(901) Survivor regions: 3->3(3)
[2026-06-17T10:06:45.759+0800][25.410s][info][gc,heap     ] GC(901) Old regions: 21->26
[2026-06-17T10:06:45.760+0800][25.410s][info][gc,heap     ] GC(901) Humongous regions: 16->16
[2026-06-17T10:06:45.760+0800][25.410s][info][gc,metaspace] GC(901) Metaspace: 116K(320K)->116K(320K) NonClass: 109K(192K)->109K(192K) Class: 7K(128K)->7K(128K)
[2026-06-17T10:06:45.760+0800][25.411s][info][gc          ] GC(901) Pause Young (Prepare Mixed) (G1 Evacuation Pause) 54M->44M(64M) 6.919ms
[2026-06-17T10:06:45.760+0800][25.411s][info][gc,cpu      ] GC(901) User=0.01s Sys=0.00s Real=0.00s
[2026-06-17T10:06:45.792+0800][25.442s][info][gc,start    ] GC(902) Pause Young (Mixed) (G1 Evacuation Pause)
[2026-06-17T10:06:45.793+0800][25.444s][info][gc,task     ] GC(902) Using 2 workers of 18 for evacuation
[2026-06-17T10:06:45.795+0800][25.446s][info][gc,phases   ] GC(902)   Pre Evacuate Collection Set: 0.15ms
[2026-06-17T10:06:45.796+0800][25.446s][info][gc,phases   ] GC(902)   Merge Heap Roots: 0.12ms
[2026-06-17T10:06:45.796+0800][25.447s][info][gc,phases   ] GC(902)   Evacuate Collection Set: 0.50ms
[2026-06-17T10:06:45.796+0800][25.447s][info][gc,phases   ] GC(902)   Post Evacuate Collection Set: 0.26ms
[2026-06-17T10:06:45.797+0800][25.447s][info][gc,phases   ] GC(902)   Other: 0.50ms
[2026-06-17T10:06:45.797+0800][25.447s][info][gc,heap     ] GC(902) Eden regions: 10->0(9)
[2026-06-17T10:06:45.797+0800][25.448s][info][gc,heap     ] GC(902) Survivor regions: 3->2(2)
[2026-06-17T10:06:45.797+0800][25.448s][info][gc,heap     ] GC(902) Old regions: 26->28
[2026-06-17T10:06:45.798+0800][25.448s][info][gc,heap     ] GC(902) Humongous regions: 16->16
[2026-06-17T10:06:45.798+0800][25.448s][info][gc,metaspace] GC(902) Metaspace: 116K(320K)->116K(320K) NonClass: 109K(192K)->109K(192K) Class: 7K(128K)->7K(128K)
[2026-06-17T10:06:45.798+0800][25.449s][info][gc          ] GC(902) Pause Young (Mixed) (G1 Evacuation Pause) 54M->45M(64M) 6.386ms
[2026-06-17T10:06:45.798+0800][25.449s][info][gc,cpu      ] GC(902) User=0.00s Sys=0.00s Real=0.00s
[2026-06-17T10:06:45.820+0800][25.471s][info][gc,start    ] GC(903) Pause Young (Concurrent Start) (G1 Evacuation Pause)
[2026-06-17T10:06:45.821+0800][25.471s][info][gc,task     ] GC(903) Using 2 workers of 18 for evacuation
[2026-06-17T10:06:45.822+0800][25.473s][info][gc,phases   ] GC(903)   Pre Evacuate Collection Set: 0.21ms
[2026-06-17T10:06:45.824+0800][25.474s][info][gc,phases   ] GC(903)   Merge Heap Roots: 0.14ms
[2026-06-17T10:06:45.824+0800][25.474s][info][gc,phases   ] GC(903)   Evacuate Collection Set: 0.35ms
[2026-06-17T10:06:45.824+0800][25.475s][info][gc,phases   ] GC(903)   Post Evacuate Collection Set: 0.24ms
[2026-06-17T10:06:45.824+0800][25.475s][info][gc,phases   ] GC(903)   Other: 0.35ms
[2026-06-17T10:06:45.824+0800][25.475s][info][gc,heap     ] GC(903) Eden regions: 9->0(8)
[2026-06-17T10:06:45.824+0800][25.475s][info][gc,heap     ] GC(903) Survivor regions: 2->2(2)
[2026-06-17T10:06:45.825+0800][25.475s][info][gc,heap     ] GC(903) Old regions: 28->30
[2026-06-17T10:06:45.825+0800][25.475s][info][gc,heap     ] GC(903) Humongous regions: 16->16
[2026-06-17T10:06:45.825+0800][25.475s][info][gc,metaspace] GC(903) Metaspace: 116K(320K)->116K(320K) NonClass: 109K(192K)->109K(192K) Class: 7K(128K)->7K(128K)
[2026-06-17T10:06:45.825+0800][25.476s][info][gc          ] GC(903) Pause Young (Concurrent Start) (G1 Evacuation Pause) 54M->47M(64M) 4.728ms
[2026-06-17T10:06:45.825+0800][25.476s][info][gc,cpu      ] GC(903) User=0.00s Sys=0.00s Real=0.01s
[2026-06-17T10:06:45.825+0800][25.476s][info][gc          ] GC(904) Concurrent Mark Cycle
[2026-06-17T10:06:45.826+0800][25.476s][info][gc,marking  ] GC(904) Concurrent Scan Root Regions
[2026-06-17T10:06:45.826+0800][25.476s][info][gc,marking  ] GC(904) Concurrent Scan Root Regions 0.182ms
[2026-06-17T10:06:45.826+0800][25.477s][info][gc,marking  ] GC(904) Concurrent Mark
[2026-06-17T10:06:45.826+0800][25.477s][info][gc,marking  ] GC(904) Concurrent Mark From Roots
[2026-06-17T10:06:45.826+0800][25.477s][info][gc,task     ] GC(904) Using 5 workers of 5 for marking
[2026-06-17T10:06:45.827+0800][25.478s][info][gc,marking  ] GC(904) Concurrent Mark From Roots 1.297ms
[2026-06-17T10:06:45.828+0800][25.478s][info][gc,marking  ] GC(904) Concurrent Preclean
[2026-06-17T10:06:45.828+0800][25.478s][info][gc,marking  ] GC(904) Concurrent Preclean 0.134ms
[2026-06-17T10:06:45.828+0800][25.478s][info][gc,start    ] GC(904) Pause Remark
[2026-06-17T10:06:45.828+0800][25.479s][info][gc          ] GC(904) Pause Remark 49M->41M(64M) 0.543ms
[2026-06-17T10:06:45.828+0800][25.479s][info][gc,cpu      ] GC(904) User=0.00s Sys=0.00s Real=0.00s
[2026-06-17T10:06:45.829+0800][25.480s][info][gc,marking  ] GC(904) Concurrent Mark 3.268ms
[2026-06-17T10:06:45.829+0800][25.480s][info][gc,marking  ] GC(904) Concurrent Rebuild Remembered Sets and Scrub Regions
[2026-06-17T10:06:45.830+0800][25.480s][info][gc,marking  ] GC(904) Concurrent Rebuild Remembered Sets and Scrub Regions 0.463ms
[2026-06-17T10:06:45.830+0800][25.481s][info][gc,start    ] GC(904) Pause Cleanup
[2026-06-17T10:06:45.830+0800][25.481s][info][gc          ] GC(904) Pause Cleanup 41M->41M(64M) 0.104ms
[2026-06-17T10:06:45.830+0800][25.481s][info][gc,cpu      ] GC(904) User=0.00s Sys=0.00s Real=0.00s
[2026-06-17T10:06:45.830+0800][25.481s][info][gc,marking  ] GC(904) Concurrent Clear Claimed Marks
[2026-06-17T10:06:45.830+0800][25.481s][info][gc,marking  ] GC(904) Concurrent Clear Claimed Marks 0.091ms
[2026-06-17T10:06:45.831+0800][25.481s][info][gc,marking  ] GC(904) Concurrent Cleanup for Next Mark
[2026-06-17T10:06:45.831+0800][25.481s][info][gc,marking  ] GC(904) Concurrent Cleanup for Next Mark 0.177ms
[2026-06-17T10:06:45.831+0800][25.481s][info][gc          ] GC(904) Concurrent Mark Cycle 5.670ms
[2026-06-17T10:06:45.846+0800][25.497s][info][gc,start    ] GC(905) Pause Young (Prepare Mixed) (G1 Evacuation Pause)
[2026-06-17T10:06:45.847+0800][25.497s][info][gc,task     ] GC(905) Using 2 workers of 18 for evacuation
[2026-06-17T10:06:45.848+0800][25.498s][info][gc,phases   ] GC(905)   Pre Evacuate Collection Set: 0.12ms
[2026-06-17T10:06:45.848+0800][25.498s][info][gc,phases   ] GC(905)   Merge Heap Roots: 0.05ms
[2026-06-17T10:06:45.848+0800][25.499s][info][gc,phases   ] GC(905)   Evacuate Collection Set: 0.29ms
[2026-06-17T10:06:45.848+0800][25.499s][info][gc,phases   ] GC(905)   Post Evacuate Collection Set: 0.21ms
[2026-06-17T10:06:45.848+0800][25.499s][info][gc,phases   ] GC(905)   Other: 0.36ms
[2026-06-17T10:06:45.849+0800][25.499s][info][gc,heap     ] GC(905) Eden regions: 8->0(11)
[2026-06-17T10:06:45.849+0800][25.499s][info][gc,heap     ] GC(905) Survivor regions: 2->2(2)
[2026-06-17T10:06:45.849+0800][25.499s][info][gc,heap     ] GC(905) Old regions: 22->24
[2026-06-17T10:06:45.849+0800][25.499s][info][gc,heap     ] GC(905) Humongous regions: 16->16
[2026-06-17T10:06:45.849+0800][25.500s][info][gc,metaspace] GC(905) Metaspace: 116K(320K)->116K(320K) NonClass: 109K(192K)->109K(192K) Class: 7K(128K)->7K(128K)
[2026-06-17T10:06:45.849+0800][25.500s][info][gc          ] GC(905) Pause Young (Prepare Mixed) (G1 Evacuation Pause) 47M->41M(64M) 3.062ms
[2026-06-17T10:06:45.849+0800][25.500s][info][gc,cpu      ] GC(905) User=0.00s Sys=0.00s Real=0.00s
[2026-06-17T10:06:45.871+0800][25.521s][info][gc,start    ] GC(906) Pause Young (Mixed) (G1 Evacuation Pause)
[2026-06-17T10:06:45.872+0800][25.522s][info][gc,task     ] GC(906) Using 2 workers of 18 for evacuation
[2026-06-17T10:06:45.873+0800][25.523s][info][gc,phases   ] GC(906)   Pre Evacuate Collection Set: 0.14ms
[2026-06-17T10:06:45.873+0800][25.524s][info][gc,phases   ] GC(906)   Merge Heap Roots: 0.05ms
[2026-06-17T10:06:45.873+0800][25.524s][info][gc,phases   ] GC(906)   Evacuate Collection Set: 0.41ms
[2026-06-17T10:06:45.873+0800][25.524s][info][gc,phases   ] GC(906)   Post Evacuate Collection Set: 0.34ms
[2026-06-17T10:06:45.874+0800][25.524s][info][gc,phases   ] GC(906)   Other: 0.24ms
[2026-06-17T10:06:45.874+0800][25.524s][info][gc,heap     ] GC(906) Eden regions: 11->0(15)
[2026-06-17T10:06:45.874+0800][25.525s][info][gc,heap     ] GC(906) Survivor regions: 2->2(2)
[2026-06-17T10:06:45.874+0800][25.525s][info][gc,heap     ] GC(906) Old regions: 24->21
[2026-06-17T10:06:45.874+0800][25.525s][info][gc,heap     ] GC(906) Humongous regions: 16->16
[2026-06-17T10:06:45.875+0800][25.525s][info][gc,metaspace] GC(906) Metaspace: 116K(320K)->116K(320K) NonClass: 109K(192K)->109K(192K) Class: 7K(128K)->7K(128K)
[2026-06-17T10:06:45.875+0800][25.525s][info][gc          ] GC(906) Pause Young (Mixed) (G1 Evacuation Pause) 52M->38M(64M) 4.075ms
[2026-06-17T10:06:45.875+0800][25.525s][info][gc,cpu      ] GC(906) User=0.00s Sys=0.00s Real=0.00s
[2026-06-17T10:06:45.917+0800][25.567s][info][gc,start    ] GC(907) Pause Young (Concurrent Start) (G1 Evacuation Pause)
[2026-06-17T10:06:45.917+0800][25.568s][info][gc,task     ] GC(907) Using 2 workers of 18 for evacuation
[2026-06-17T10:06:45.919+0800][25.569s][info][gc,phases   ] GC(907)   Pre Evacuate Collection Set: 0.18ms
[2026-06-17T10:06:45.919+0800][25.570s][info][gc,phases   ] GC(907)   Merge Heap Roots: 0.04ms
[2026-06-17T10:06:45.920+0800][25.570s][info][gc,phases   ] GC(907)   Evacuate Collection Set: 0.46ms
[2026-06-17T10:06:45.920+0800][25.571s][info][gc,phases   ] GC(907)   Post Evacuate Collection Set: 0.32ms
[2026-06-17T10:06:45.920+0800][25.571s][info][gc,phases   ] GC(907)   Other: 0.36ms
[2026-06-17T10:06:45.921+0800][25.571s][info][gc,heap     ] GC(907) Eden regions: 15->0(10)
[2026-06-17T10:06:45.921+0800][25.571s][info][gc,heap     ] GC(907) Survivor regions: 2->3(3)
[2026-06-17T10:06:45.921+0800][25.572s][info][gc,heap     ] GC(907) Old regions: 21->25
[2026-06-17T10:06:45.921+0800][25.572s][info][gc,heap     ] GC(907) Humongous regions: 16->16
[2026-06-17T10:06:45.922+0800][25.572s][info][gc,metaspace] GC(907) Metaspace: 116K(320K)->116K(320K) NonClass: 109K(192K)->109K(192K) Class: 7K(128K)->7K(128K)
[2026-06-17T10:06:45.922+0800][25.572s][info][gc          ] GC(907) Pause Young (Concurrent Start) (G1 Evacuation Pause) 53M->43M(64M) 5.052ms
[2026-06-17T10:06:45.922+0800][25.573s][info][gc,cpu      ] GC(907) User=0.00s Sys=0.00s Real=0.00s
[2026-06-17T10:06:45.922+0800][25.573s][info][gc          ] GC(908) Concurrent Mark Cycle
[2026-06-17T10:06:45.923+0800][25.573s][info][gc,marking  ] GC(908) Concurrent Scan Root Regions
[2026-06-17T10:06:45.923+0800][25.573s][info][gc,marking  ] GC(908) Concurrent Scan Root Regions 0.279ms
[2026-06-17T10:06:45.923+0800][25.574s][info][gc,marking  ] GC(908) Concurrent Mark
[2026-06-17T10:06:45.923+0800][25.574s][info][gc,marking  ] GC(908) Concurrent Mark From Roots
[2026-06-17T10:06:45.923+0800][25.574s][info][gc,task     ] GC(908) Using 5 workers of 5 for marking
[2026-06-17T10:06:45.925+0800][25.575s][info][gc,marking  ] GC(908) Concurrent Mark From Roots 1.310ms
[2026-06-17T10:06:45.925+0800][25.575s][info][gc,marking  ] GC(908) Concurrent Preclean
[2026-06-17T10:06:45.925+0800][25.576s][info][gc,marking  ] GC(908) Concurrent Preclean 0.214ms
[2026-06-17T10:06:45.926+0800][25.576s][info][gc,start    ] GC(908) Pause Remark
[2026-06-17T10:06:45.926+0800][25.577s][info][gc          ] GC(908) Pause Remark 44M->44M(64M) 0.760ms
[2026-06-17T10:06:45.927+0800][25.577s][info][gc,cpu      ] GC(908) User=0.00s Sys=0.00s Real=0.00s
[2026-06-17T10:06:45.927+0800][25.577s][info][gc,marking  ] GC(908) Concurrent Mark 3.855ms
[2026-06-17T10:06:45.927+0800][25.578s][info][gc,marking  ] GC(908) Concurrent Rebuild Remembered Sets and Scrub Regions
[2026-06-17T10:06:45.928+0800][25.578s][info][gc,marking  ] GC(908) Concurrent Rebuild Remembered Sets and Scrub Regions 0.487ms
[2026-06-17T10:06:45.928+0800][25.578s][info][gc,start    ] GC(908) Pause Cleanup
[2026-06-17T10:06:45.928+0800][25.578s][info][gc          ] GC(908) Pause Cleanup 44M->44M(64M) 0.143ms
[2026-06-17T10:06:45.928+0800][25.579s][info][gc,cpu      ] GC(908) User=0.00s Sys=0.00s Real=0.00s
[2026-06-17T10:06:45.928+0800][25.579s][info][gc,marking  ] GC(908) Concurrent Clear Claimed Marks
[2026-06-17T10:06:45.928+0800][25.579s][info][gc,marking  ] GC(908) Concurrent Clear Claimed Marks 0.090ms
[2026-06-17T10:06:45.928+0800][25.579s][info][gc,marking  ] GC(908) Concurrent Cleanup for Next Mark
[2026-06-17T10:06:45.928+0800][25.579s][info][gc,marking  ] GC(908) Concurrent Cleanup for Next Mark 0.176ms
[2026-06-17T10:06:45.929+0800][25.579s][info][gc          ] GC(908) Concurrent Mark Cycle 6.495ms
[2026-06-17T10:06:45.954+0800][25.604s][info][gc,start    ] GC(909) Pause Young (Prepare Mixed) (G1 Evacuation Pause)
[2026-06-17T10:06:45.954+0800][25.605s][info][gc,task     ] GC(909) Using 2 workers of 18 for evacuation
[2026-06-17T10:06:45.955+0800][25.606s][info][gc,phases   ] GC(909)   Pre Evacuate Collection Set: 0.11ms
[2026-06-17T10:06:45.956+0800][25.606s][info][gc,phases   ] GC(909)   Merge Heap Roots: 0.04ms
[2026-06-17T10:06:45.956+0800][25.607s][info][gc,phases   ] GC(909)   Evacuate Collection Set: 0.32ms
[2026-06-17T10:06:45.956+0800][25.607s][info][gc,phases   ] GC(909)   Post Evacuate Collection Set: 0.27ms
[2026-06-17T10:06:45.957+0800][25.607s][info][gc,phases   ] GC(909)   Other: 0.43ms
[2026-06-17T10:06:45.957+0800][25.607s][info][gc,heap     ] GC(909) Eden regions: 10->0(14)
[2026-06-17T10:06:45.957+0800][25.608s][info][gc,heap     ] GC(909) Survivor regions: 3->2(2)
[2026-06-17T10:06:45.957+0800][25.608s][info][gc,heap     ] GC(909) Old regions: 25->28
[2026-06-17T10:06:45.957+0800][25.608s][info][gc,heap     ] GC(909) Humongous regions: 18->9
[2026-06-17T10:06:45.957+0800][25.608s][info][gc,metaspace] GC(909) Metaspace: 116K(320K)->116K(320K) NonClass: 109K(192K)->109K(192K) Class: 7K(128K)->7K(128K)
[2026-06-17T10:06:45.957+0800][25.608s][info][gc          ] GC(909) Pause Young (Prepare Mixed) (G1 Evacuation Pause) 55M->38M(64M) 3.737ms
[2026-06-17T10:06:45.958+0800][25.608s][info][gc,cpu      ] GC(909) User=0.00s Sys=0.00s Real=0.00s
[2026-06-17T10:06:45.989+0800][25.640s][info][gc,start    ] GC(910) Pause Young (Mixed) (G1 Evacuation Pause)
[2026-06-17T10:06:45.990+0800][25.640s][info][gc,task     ] GC(910) Using 2 workers of 18 for evacuation
[2026-06-17T10:06:45.991+0800][25.642s][info][gc,phases   ] GC(910)   Pre Evacuate Collection Set: 0.12ms
[2026-06-17T10:06:45.992+0800][25.642s][info][gc,phases   ] GC(910)   Merge Heap Roots: 0.08ms
[2026-06-17T10:06:45.992+0800][25.642s][info][gc,phases   ] GC(910)   Evacuate Collection Set: 0.45ms
[2026-06-17T10:06:45.992+0800][25.642s][info][gc,phases   ] GC(910)   Post Evacuate Collection Set: 0.18ms
[2026-06-17T10:06:45.993+0800][25.644s][info][gc,phases   ] GC(910)   Other: 0.57ms
[2026-06-17T10:06:45.994+0800][25.644s][info][gc,heap     ] GC(910) Eden regions: 14->0(11)
[2026-06-17T10:06:45.994+0800][25.644s][info][gc,heap     ] GC(910) Survivor regions: 2->2(2)
[2026-06-17T10:06:45.994+0800][25.645s][info][gc,heap     ] GC(910) Old regions: 28->31
[2026-06-17T10:06:45.994+0800][25.645s][info][gc,heap     ] GC(910) Humongous regions: 9->9
[2026-06-17T10:06:45.994+0800][25.645s][info][gc,metaspace] GC(910) Metaspace: 116K(320K)->116K(320K) NonClass: 109K(192K)->109K(192K) Class: 7K(128K)->7K(128K)
[2026-06-17T10:06:45.995+0800][25.645s][info][gc          ] GC(910) Pause Young (Mixed) (G1 Evacuation Pause) 52M->41M(64M) 5.289ms
[2026-06-17T10:06:45.995+0800][25.645s][info][gc,cpu      ] GC(910) User=0.00s Sys=0.00s Real=0.01s
[2026-06-17T10:06:46.026+0800][25.677s][info][gc,start    ] GC(911) Pause Young (Concurrent Start) (G1 Evacuation Pause)
[2026-06-17T10:06:46.027+0800][25.677s][info][gc,task     ] GC(911) Using 2 workers of 18 for evacuation
[2026-06-17T10:06:46.028+0800][25.678s][info][gc,phases   ] GC(911)   Pre Evacuate Collection Set: 0.16ms
[2026-06-17T10:06:46.028+0800][25.678s][info][gc,phases   ] GC(911)   Merge Heap Roots: 0.03ms
[2026-06-17T10:06:46.028+0800][25.679s][info][gc,phases   ] GC(911)   Evacuate Collection Set: 0.37ms
[2026-06-17T10:06:46.029+0800][25.680s][info][gc,phases   ] GC(911)   Post Evacuate Collection Set: 0.16ms
[2026-06-17T10:06:46.029+0800][25.680s][info][gc,phases   ] GC(911)   Other: 0.33ms
[2026-06-17T10:06:46.030+0800][25.680s][info][gc,heap     ] GC(911) Eden regions: 11->0(8)
[2026-06-17T10:06:46.030+0800][25.680s][info][gc,heap     ] GC(911) Survivor regions: 2->2(2)
[2026-06-17T10:06:46.030+0800][25.680s][info][gc,heap     ] GC(911) Old regions: 31->34
[2026-06-17T10:06:46.030+0800][25.681s][info][gc,heap     ] GC(911) Humongous regions: 9->9
[2026-06-17T10:06:46.030+0800][25.681s][info][gc,metaspace] GC(911) Metaspace: 116K(320K)->116K(320K) NonClass: 109K(192K)->109K(192K) Class: 7K(128K)->7K(128K)
[2026-06-17T10:06:46.030+0800][25.681s][info][gc          ] GC(911) Pause Young (Concurrent Start) (G1 Evacuation Pause) 52M->44M(64M) 3.994ms
[2026-06-17T10:06:46.030+0800][25.681s][info][gc,cpu      ] GC(911) User=0.00s Sys=0.00s Real=0.00s
[2026-06-17T10:06:46.030+0800][25.681s][info][gc          ] GC(912) Concurrent Mark Cycle
[2026-06-17T10:06:46.031+0800][25.681s][info][gc,marking  ] GC(912) Concurrent Scan Root Regions
[2026-06-17T10:06:46.031+0800][25.682s][info][gc,marking  ] GC(912) Concurrent Scan Root Regions 0.230ms
[2026-06-17T10:06:46.031+0800][25.682s][info][gc,marking  ] GC(912) Concurrent Mark
[2026-06-17T10:06:46.031+0800][25.682s][info][gc,marking  ] GC(912) Concurrent Mark From Roots
[2026-06-17T10:06:46.031+0800][25.682s][info][gc,task     ] GC(912) Using 5 workers of 5 for marking
[2026-06-17T10:06:46.032+0800][25.683s][info][gc,marking  ] GC(912) Concurrent Mark From Roots 1.187ms
[2026-06-17T10:06:46.033+0800][25.683s][info][gc,marking  ] GC(912) Concurrent Preclean
[2026-06-17T10:06:46.033+0800][25.683s][info][gc,marking  ] GC(912) Concurrent Preclean 0.105ms
[2026-06-17T10:06:46.033+0800][25.683s][info][gc,start    ] GC(912) Pause Remark
[2026-06-17T10:06:46.033+0800][25.684s][info][gc          ] GC(912) Pause Remark 45M->37M(64M) 0.373ms
[2026-06-17T10:06:46.033+0800][25.684s][info][gc,cpu      ] GC(912) User=0.01s Sys=0.00s Real=0.00s
[2026-06-17T10:06:46.033+0800][25.684s][info][gc,marking  ] GC(912) Concurrent Mark 2.296ms
[2026-06-17T10:06:46.034+0800][25.684s][info][gc,marking  ] GC(912) Concurrent Rebuild Remembered Sets and Scrub Regions
[2026-06-17T10:06:46.034+0800][25.685s][info][gc,marking  ] GC(912) Concurrent Rebuild Remembered Sets and Scrub Regions 0.419ms
[2026-06-17T10:06:46.034+0800][25.685s][info][gc,start    ] GC(912) Pause Cleanup
[2026-06-17T10:06:46.035+0800][25.685s][info][gc          ] GC(912) Pause Cleanup 37M->37M(64M) 0.448ms
[2026-06-17T10:06:46.035+0800][25.686s][info][gc,cpu      ] GC(912) User=0.00s Sys=0.00s Real=0.00s
[2026-06-17T10:06:46.035+0800][25.686s][info][gc,marking  ] GC(912) Concurrent Clear Claimed Marks
[2026-06-17T10:06:46.036+0800][25.686s][info][gc,marking  ] GC(912) Concurrent Clear Claimed Marks 0.130ms
[2026-06-17T10:06:46.036+0800][25.686s][info][gc,marking  ] GC(912) Concurrent Cleanup for Next Mark
[2026-06-17T10:06:46.036+0800][25.687s][info][gc,marking  ] GC(912) Concurrent Cleanup for Next Mark 0.227ms
[2026-06-17T10:06:46.036+0800][25.687s][info][gc          ] GC(912) Concurrent Mark Cycle 5.741ms
[2026-06-17T10:06:46.051+0800][25.702s][info][gc,start    ] GC(913) Pause Young (Prepare Mixed) (G1 Evacuation Pause)
[2026-06-17T10:06:46.052+0800][25.702s][info][gc,task     ] GC(913) Using 2 workers of 18 for evacuation
[2026-06-17T10:06:46.052+0800][25.703s][info][gc,phases   ] GC(913)   Pre Evacuate Collection Set: 0.09ms
[2026-06-17T10:06:46.053+0800][25.703s][info][gc,phases   ] GC(913)   Merge Heap Roots: 0.06ms
[2026-06-17T10:06:46.053+0800][25.704s][info][gc,phases   ] GC(913)   Evacuate Collection Set: 0.14ms
[2026-06-17T10:06:46.054+0800][25.704s][info][gc,phases   ] GC(913)   Post Evacuate Collection Set: 0.14ms
[2026-06-17T10:06:46.054+0800][25.704s][info][gc,phases   ] GC(913)   Other: 0.23ms
[2026-06-17T10:06:46.054+0800][25.705s][info][gc,heap     ] GC(913) Eden regions: 8->0(17)
[2026-06-17T10:06:46.054+0800][25.705s][info][gc,heap     ] GC(913) Survivor regions: 2->1(2)
[2026-06-17T10:06:46.054+0800][25.705s][info][gc,heap     ] GC(913) Old regions: 26->27
[2026-06-17T10:06:46.054+0800][25.705s][info][gc,heap     ] GC(913) Humongous regions: 9->9
[2026-06-17T10:06:46.055+0800][25.705s][info][gc,metaspace] GC(913) Metaspace: 116K(320K)->116K(320K) NonClass: 109K(192K)->109K(192K) Class: 7K(128K)->7K(128K)
[2026-06-17T10:06:46.055+0800][25.705s][info][gc          ] GC(913) Pause Young (Prepare Mixed) (G1 Evacuation Pause) 44M->35M(64M) 3.404ms
[2026-06-17T10:06:46.055+0800][25.706s][info][gc,cpu      ] GC(913) User=0.00s Sys=0.00s Real=0.00s
[2026-06-17T10:06:46.097+0800][25.748s][info][gc,start    ] GC(914) Pause Young (Mixed) (G1 Evacuation Pause)
[2026-06-17T10:06:46.098+0800][25.748s][info][gc,task     ] GC(914) Using 2 workers of 18 for evacuation
[2026-06-17T10:06:46.099+0800][25.749s][info][gc,phases   ] GC(914)   Pre Evacuate Collection Set: 0.12ms
[2026-06-17T10:06:46.099+0800][25.750s][info][gc,phases   ] GC(914)   Merge Heap Roots: 0.05ms
[2026-06-17T10:06:46.100+0800][25.750s][info][gc,phases   ] GC(914)   Evacuate Collection Set: 0.62ms
[2026-06-17T10:06:46.100+0800][25.750s][info][gc,phases   ] GC(914)   Post Evacuate Collection Set: 0.26ms
[2026-06-17T10:06:46.100+0800][25.750s][info][gc,phases   ] GC(914)   Other: 0.31ms
[2026-06-17T10:06:46.100+0800][25.750s][info][gc,heap     ] GC(914) Eden regions: 17->0(14)
[2026-06-17T10:06:46.100+0800][25.751s][info][gc,heap     ] GC(914) Survivor regions: 1->3(3)
[2026-06-17T10:06:46.100+0800][25.751s][info][gc,heap     ] GC(914) Old regions: 27->27
[2026-06-17T10:06:46.100+0800][25.751s][info][gc,heap     ] GC(914) Humongous regions: 9->9
[2026-06-17T10:06:46.100+0800][25.751s][info][gc,metaspace] GC(914) Metaspace: 116K(320K)->116K(320K) NonClass: 109K(192K)->109K(192K) Class: 7K(128K)->7K(128K)
[2026-06-17T10:06:46.101+0800][25.751s][info][gc          ] GC(914) Pause Young (Mixed) (G1 Evacuation Pause) 52M->38M(64M) 3.565ms
[2026-06-17T10:06:46.101+0800][25.751s][info][gc,cpu      ] GC(914) User=0.00s Sys=0.00s Real=0.00s
[2026-06-17T10:06:46.143+0800][25.793s][info][gc,start    ] GC(915) Pause Young (Mixed) (G1 Evacuation Pause)
[2026-06-17T10:06:46.144+0800][25.795s][info][gc,task     ] GC(915) Using 2 workers of 18 for evacuation
[2026-06-17T10:06:46.146+0800][25.796s][info][gc,phases   ] GC(915)   Pre Evacuate Collection Set: 0.15ms
[2026-06-17T10:06:46.146+0800][25.797s][info][gc,phases   ] GC(915)   Merge Heap Roots: 0.06ms
[2026-06-17T10:06:46.146+0800][25.797s][info][gc,phases   ] GC(915)   Evacuate Collection Set: 0.37ms
[2026-06-17T10:06:46.147+0800][25.797s][info][gc,phases   ] GC(915)   Post Evacuate Collection Set: 0.31ms
[2026-06-17T10:06:46.147+0800][25.797s][info][gc,phases   ] GC(915)   Other: 0.54ms
[2026-06-17T10:06:46.147+0800][25.798s][info][gc,heap     ] GC(915) Eden regions: 14->0(14)
[2026-06-17T10:06:46.147+0800][25.798s][info][gc,heap     ] GC(915) Survivor regions: 3->3(3)
[2026-06-17T10:06:46.147+0800][25.798s][info][gc,heap     ] GC(915) Old regions: 27->27
[2026-06-17T10:06:46.147+0800][25.798s][info][gc,heap     ] GC(915) Humongous regions: 9->9
[2026-06-17T10:06:46.148+0800][25.798s][info][gc,metaspace] GC(915) Metaspace: 116K(320K)->116K(320K) NonClass: 109K(192K)->109K(192K) Class: 7K(128K)->7K(128K)
[2026-06-17T10:06:46.148+0800][25.798s][info][gc          ] GC(915) Pause Young (Mixed) (G1 Evacuation Pause) 52M->38M(64M) 4.751ms
[2026-06-17T10:06:46.148+0800][25.798s][info][gc,cpu      ] GC(915) User=0.00s Sys=0.00s Real=0.00s
[2026-06-17T10:06:46.148+0800][25.799s][info][gc,start    ] GC(916) Pause Young (Concurrent Start) (G1 Humongous Allocation)
[2026-06-17T10:06:46.148+0800][25.799s][info][gc,task     ] GC(916) Using 2 workers of 18 for evacuation
[2026-06-17T10:06:46.149+0800][25.800s][info][gc,phases   ] GC(916)   Pre Evacuate Collection Set: 0.13ms
[2026-06-17T10:06:46.149+0800][25.800s][info][gc,phases   ] GC(916)   Merge Heap Roots: 0.03ms
[2026-06-17T10:06:46.150+0800][25.801s][info][gc,phases   ] GC(916)   Evacuate Collection Set: 0.18ms
[2026-06-17T10:06:46.151+0800][25.801s][info][gc,phases   ] GC(916)   Post Evacuate Collection Set: 0.17ms
[2026-06-17T10:06:46.151+0800][25.801s][info][gc,phases   ] GC(916)   Other: 0.14ms
[2026-06-17T10:06:46.151+0800][25.801s][info][gc,heap     ] GC(916) Eden regions: 3->0(16)
[2026-06-17T10:06:46.151+0800][25.802s][info][gc,heap     ] GC(916) Survivor regions: 3->0(3)
[2026-06-17T10:06:46.151+0800][25.802s][info][gc,heap     ] GC(916) Old regions: 27->29
[2026-06-17T10:06:46.151+0800][25.802s][info][gc,heap     ] GC(916) Humongous regions: 9->9
[2026-06-17T10:06:46.151+0800][25.802s][info][gc,metaspace] GC(916) Metaspace: 116K(320K)->116K(320K) NonClass: 109K(192K)->109K(192K) Class: 7K(128K)->7K(128K)
[2026-06-17T10:06:46.151+0800][25.802s][info][gc          ] GC(916) Pause Young (Concurrent Start) (G1 Humongous Allocation) 41M->37M(64M) 3.164ms
[2026-06-17T10:06:46.151+0800][25.802s][info][gc,cpu      ] GC(916) User=0.00s Sys=0.00s Real=0.01s
[2026-06-17T10:06:46.151+0800][25.802s][info][gc          ] GC(917) Concurrent Mark Cycle
[2026-06-17T10:06:46.152+0800][25.802s][info][gc,marking  ] GC(917) Concurrent Scan Root Regions
[2026-06-17T10:06:46.152+0800][25.802s][info][gc,marking  ] GC(917) Concurrent Scan Root Regions 0.142ms
[2026-06-17T10:06:46.152+0800][25.803s][info][gc,marking  ] GC(917) Concurrent Mark
[2026-06-17T10:06:46.152+0800][25.803s][info][gc,marking  ] GC(917) Concurrent Mark From Roots
[2026-06-17T10:06:46.152+0800][25.803s][info][gc,task     ] GC(917) Using 5 workers of 5 for marking
[2026-06-17T10:06:46.153+0800][25.804s][info][gc,marking  ] GC(917) Concurrent Mark From Roots 1.101ms
[2026-06-17T10:06:46.153+0800][25.804s][info][gc,marking  ] GC(917) Concurrent Preclean
[2026-06-17T10:06:46.153+0800][25.804s][info][gc,marking  ] GC(917) Concurrent Preclean 0.099ms
[2026-06-17T10:06:46.153+0800][25.804s][info][gc,start    ] GC(917) Pause Remark
[2026-06-17T10:06:46.154+0800][25.804s][info][gc          ] GC(917) Pause Remark 38M->32M(64M) 0.411ms
[2026-06-17T10:06:46.154+0800][25.805s][info][gc,cpu      ] GC(917) User=0.00s Sys=0.00s Real=0.00s
[2026-06-17T10:06:46.154+0800][25.805s][info][gc,marking  ] GC(917) Concurrent Mark 2.154ms
[2026-06-17T10:06:46.154+0800][25.805s][info][gc,marking  ] GC(917) Concurrent Rebuild Remembered Sets and Scrub Regions
[2026-06-17T10:06:46.155+0800][25.805s][info][gc,marking  ] GC(917) Concurrent Rebuild Remembered Sets and Scrub Regions 0.489ms
[2026-06-17T10:06:46.155+0800][25.805s][info][gc,start    ] GC(917) Pause Cleanup
[2026-06-17T10:06:46.155+0800][25.806s][info][gc          ] GC(917) Pause Cleanup 32M->32M(64M) 0.102ms
[2026-06-17T10:06:46.155+0800][25.806s][info][gc,cpu      ] GC(917) User=0.00s Sys=0.00s Real=0.00s
[2026-06-17T10:06:46.155+0800][25.806s][info][gc,marking  ] GC(917) Concurrent Clear Claimed Marks
[2026-06-17T10:06:46.156+0800][25.806s][info][gc,marking  ] GC(917) Concurrent Clear Claimed Marks 0.499ms
[2026-06-17T10:06:46.156+0800][25.806s][info][gc,marking  ] GC(917) Concurrent Cleanup for Next Mark
[2026-06-17T10:06:46.156+0800][25.807s][info][gc,marking  ] GC(917) Concurrent Cleanup for Next Mark 0.240ms
[2026-06-17T10:06:46.158+0800][25.808s][info][gc          ] GC(917) Concurrent Mark Cycle 6.449ms
[2026-06-17T10:06:46.194+0800][25.844s][info][gc,start    ] GC(918) Pause Young (Prepare Mixed) (G1 Evacuation Pause)
[2026-06-17T10:06:46.194+0800][25.845s][info][gc,task     ] GC(918) Using 2 workers of 18 for evacuation
[2026-06-17T10:06:46.195+0800][25.846s][info][gc,phases   ] GC(918)   Pre Evacuate Collection Set: 0.16ms
[2026-06-17T10:06:46.195+0800][25.846s][info][gc,phases   ] GC(918)   Merge Heap Roots: 0.07ms
[2026-06-17T10:06:46.196+0800][25.846s][info][gc,phases   ] GC(918)   Evacuate Collection Set: 0.21ms
[2026-06-17T10:06:46.196+0800][25.846s][info][gc,phases   ] GC(918)   Post Evacuate Collection Set: 0.21ms
[2026-06-17T10:06:46.196+0800][25.847s][info][gc,phases   ] GC(918)   Other: 0.34ms
[2026-06-17T10:06:46.196+0800][25.847s][info][gc,heap     ] GC(918) Eden regions: 16->0(17)
[2026-06-17T10:06:46.196+0800][25.847s][info][gc,heap     ] GC(918) Survivor regions: 0->2(2)
[2026-06-17T10:06:46.197+0800][25.847s][info][gc,heap     ] GC(918) Old regions: 23->24
[2026-06-17T10:06:46.197+0800][25.847s][info][gc,heap     ] GC(918) Humongous regions: 10->10
[2026-06-17T10:06:46.197+0800][25.847s][info][gc,metaspace] GC(918) Metaspace: 116K(320K)->116K(320K) NonClass: 109K(192K)->109K(192K) Class: 7K(128K)->7K(128K)
[2026-06-17T10:06:46.197+0800][25.847s][info][gc          ] GC(918) Pause Young (Prepare Mixed) (G1 Evacuation Pause) 48M->35M(64M) 3.244ms
[2026-06-17T10:06:46.197+0800][25.848s][info][gc,cpu      ] GC(918) User=0.00s Sys=0.00s Real=0.00s
[2026-06-17T10:06:46.249+0800][25.900s][info][gc,start    ] GC(919) Pause Young (Mixed) (G1 Evacuation Pause)
[2026-06-17T10:06:46.250+0800][25.900s][info][gc,task     ] GC(919) Using 2 workers of 18 for evacuation
[2026-06-17T10:06:46.251+0800][25.902s][info][gc,phases   ] GC(919)   Pre Evacuate Collection Set: 0.13ms
[2026-06-17T10:06:46.251+0800][25.902s][info][gc,phases   ] GC(919)   Merge Heap Roots: 0.05ms
[2026-06-17T10:06:46.252+0800][25.902s][info][gc,phases   ] GC(919)   Evacuate Collection Set: 0.54ms
[2026-06-17T10:06:46.252+0800][25.903s][info][gc,phases   ] GC(919)   Post Evacuate Collection Set: 0.21ms
[2026-06-17T10:06:46.252+0800][25.903s][info][gc,phases   ] GC(919)   Other: 0.47ms
[2026-06-17T10:06:46.253+0800][25.904s][info][gc,heap     ] GC(919) Eden regions: 17->0(18)
[2026-06-17T10:06:46.253+0800][25.904s][info][gc,heap     ] GC(919) Survivor regions: 2->3(3)
[2026-06-17T10:06:46.254+0800][25.904s][info][gc,heap     ] GC(919) Old regions: 24->22
[2026-06-17T10:06:46.254+0800][25.904s][info][gc,heap     ] GC(919) Humongous regions: 10->10
[2026-06-17T10:06:46.254+0800][25.905s][info][gc,metaspace] GC(919) Metaspace: 116K(320K)->116K(320K) NonClass: 109K(192K)->109K(192K) Class: 7K(128K)->7K(128K)
[2026-06-17T10:06:46.254+0800][25.905s][info][gc          ] GC(919) Pause Young (Mixed) (G1 Evacuation Pause) 52M->34M(64M) 5.071ms
[2026-06-17T10:06:46.255+0800][25.905s][info][gc,cpu      ] GC(919) User=0.00s Sys=0.00s Real=0.01s
[2026-06-17T10:06:46.297+0800][25.947s][info][gc,start    ] GC(920) Pause Young (Mixed) (G1 Evacuation Pause)
[2026-06-17T10:06:46.297+0800][25.948s][info][gc,task     ] GC(920) Using 2 workers of 18 for evacuation
[2026-06-17T10:06:46.299+0800][25.949s][info][gc,phases   ] GC(920)   Pre Evacuate Collection Set: 0.15ms
[2026-06-17T10:06:46.299+0800][25.949s][info][gc,phases   ] GC(920)   Merge Heap Roots: 0.08ms
[2026-06-17T10:06:46.299+0800][25.950s][info][gc,phases   ] GC(920)   Evacuate Collection Set: 0.63ms
[2026-06-17T10:06:46.299+0800][25.950s][info][gc,phases   ] GC(920)   Post Evacuate Collection Set: 0.25ms
[2026-06-17T10:06:46.299+0800][25.950s][info][gc,phases   ] GC(920)   Other: 0.32ms
[2026-06-17T10:06:46.299+0800][25.950s][info][gc,heap     ] GC(920) Eden regions: 18->0(16)
[2026-06-17T10:06:46.299+0800][25.950s][info][gc,heap     ] GC(920) Survivor regions: 3->3(3)
[2026-06-17T10:06:46.299+0800][25.950s][info][gc,heap     ] GC(920) Old regions: 22->24
[2026-06-17T10:06:46.300+0800][25.950s][info][gc,heap     ] GC(920) Humongous regions: 10->10
[2026-06-17T10:06:46.300+0800][25.950s][info][gc,metaspace] GC(920) Metaspace: 116K(320K)->116K(320K) NonClass: 109K(192K)->109K(192K) Class: 7K(128K)->7K(128K)
[2026-06-17T10:06:46.300+0800][25.950s][info][gc          ] GC(920) Pause Young (Mixed) (G1 Evacuation Pause) 52M->36M(64M) 2.842ms
[2026-06-17T10:06:46.300+0800][25.950s][info][gc,cpu      ] GC(920) User=0.00s Sys=0.00s Real=0.00s
[2026-06-17T10:06:46.342+0800][25.993s][info][gc,start    ] GC(921) Pause Young (Concurrent Start) (G1 Evacuation Pause)
[2026-06-17T10:06:46.343+0800][25.993s][info][gc,task     ] GC(921) Using 2 workers of 18 for evacuation
[2026-06-17T10:06:46.344+0800][25.994s][info][gc,phases   ] GC(921)   Pre Evacuate Collection Set: 0.17ms
[2026-06-17T10:06:46.344+0800][25.995s][info][gc,phases   ] GC(921)   Merge Heap Roots: 0.03ms
[2026-06-17T10:06:46.344+0800][25.995s][info][gc,phases   ] GC(921)   Evacuate Collection Set: 0.50ms
[2026-06-17T10:06:46.344+0800][25.995s][info][gc,phases   ] GC(921)   Post Evacuate Collection Set: 0.18ms
[2026-06-17T10:06:46.345+0800][25.995s][info][gc,phases   ] GC(921)   Other: 0.27ms
[2026-06-17T10:06:46.345+0800][25.995s][info][gc,heap     ] GC(921) Eden regions: 16->0(13)
[2026-06-17T10:06:46.345+0800][25.996s][info][gc,heap     ] GC(921) Survivor regions: 3->3(3)
[2026-06-17T10:06:46.345+0800][25.996s][info][gc,heap     ] GC(921) Old regions: 24->28
[2026-06-17T10:06:46.345+0800][25.996s][info][gc,heap     ] GC(921) Humongous regions: 10->10
[2026-06-17T10:06:46.345+0800][25.996s][info][gc,metaspace] GC(921) Metaspace: 116K(320K)->116K(320K) NonClass: 109K(192K)->109K(192K) Class: 7K(128K)->7K(128K)
[2026-06-17T10:06:46.346+0800][25.996s][info][gc          ] GC(921) Pause Young (Concurrent Start) (G1 Evacuation Pause) 52M->40M(64M) 3.458ms
[2026-06-17T10:06:46.346+0800][25.997s][info][gc,cpu      ] GC(921) User=0.00s Sys=0.01s Real=0.01s
[2026-06-17T10:06:46.346+0800][25.997s][info][gc          ] GC(922) Concurrent Mark Cycle
[2026-06-17T10:06:46.346+0800][25.997s][info][gc,marking  ] GC(922) Concurrent Scan Root Regions
[2026-06-17T10:06:46.347+0800][25.997s][info][gc,marking  ] GC(922) Concurrent Scan Root Regions 0.226ms
[2026-06-17T10:06:46.347+0800][25.997s][info][gc,marking  ] GC(922) Concurrent Mark
[2026-06-17T10:06:46.347+0800][25.997s][info][gc,marking  ] GC(922) Concurrent Mark From Roots
[2026-06-17T10:06:46.347+0800][25.997s][info][gc,task     ] GC(922) Using 5 workers of 5 for marking
[2026-06-17T10:06:46.348+0800][25.998s][info][gc,marking  ] GC(922) Concurrent Mark From Roots 1.115ms
[2026-06-17T10:06:46.348+0800][25.999s][info][gc,marking  ] GC(922) Concurrent Preclean
[2026-06-17T10:06:46.348+0800][25.999s][info][gc,marking  ] GC(922) Concurrent Preclean 0.095ms
[2026-06-17T10:06:46.348+0800][25.999s][info][gc,start    ] GC(922) Pause Remark
[2026-06-17T10:06:46.349+0800][25.999s][info][gc          ] GC(922) Pause Remark 43M->38M(64M) 0.396ms
[2026-06-17T10:06:46.349+0800][25.999s][info][gc,cpu      ] GC(922) User=0.00s Sys=0.00s Real=0.00s
[2026-06-17T10:06:46.349+0800][26.000s][info][gc,marking  ] GC(922) Concurrent Mark 2.258ms
[2026-06-17T10:06:46.349+0800][26.000s][info][gc,marking  ] GC(922) Concurrent Rebuild Remembered Sets and Scrub Regions
[2026-06-17T10:06:46.350+0800][26.000s][info][gc,marking  ] GC(922) Concurrent Rebuild Remembered Sets and Scrub Regions 0.725ms
[2026-06-17T10:06:46.350+0800][26.001s][info][gc,start    ] GC(922) Pause Cleanup
[2026-06-17T10:06:46.351+0800][26.001s][info][gc          ] GC(922) Pause Cleanup 38M->38M(64M) 0.169ms
[2026-06-17T10:06:46.351+0800][26.001s][info][gc,cpu      ] GC(922) User=0.00s Sys=0.00s Real=0.01s
[2026-06-17T10:06:46.351+0800][26.001s][info][gc,marking  ] GC(922) Concurrent Clear Claimed Marks
[2026-06-17T10:06:46.351+0800][26.001s][info][gc,marking  ] GC(922) Concurrent Clear Claimed Marks 0.096ms
[2026-06-17T10:06:46.351+0800][26.002s][info][gc,marking  ] GC(922) Concurrent Cleanup for Next Mark
[2026-06-17T10:06:46.351+0800][26.002s][info][gc,marking  ] GC(922) Concurrent Cleanup for Next Mark 0.160ms
[2026-06-17T10:06:46.351+0800][26.002s][info][gc          ] GC(922) Concurrent Mark Cycle 5.240ms
[2026-06-17T10:06:46.378+0800][26.028s][info][gc,start    ] GC(923) Pause Young (Prepare Mixed) (G1 Evacuation Pause)
[2026-06-17T10:06:46.378+0800][26.029s][info][gc,task     ] GC(923) Using 2 workers of 18 for evacuation
[2026-06-17T10:06:46.379+0800][26.030s][info][gc,phases   ] GC(923)   Pre Evacuate Collection Set: 0.10ms
[2026-06-17T10:06:46.379+0800][26.030s][info][gc,phases   ] GC(923)   Merge Heap Roots: 0.04ms
[2026-06-17T10:06:46.380+0800][26.030s][info][gc,phases   ] GC(923)   Evacuate Collection Set: 0.40ms
[2026-06-17T10:06:46.380+0800][26.030s][info][gc,phases   ] GC(923)   Post Evacuate Collection Set: 0.14ms
[2026-06-17T10:06:46.380+0800][26.031s][info][gc,phases   ] GC(923)   Other: 0.24ms
[2026-06-17T10:06:46.381+0800][26.032s][info][gc,heap     ] GC(923) Eden regions: 13->0(13)
[2026-06-17T10:06:46.381+0800][26.032s][info][gc,heap     ] GC(923) Survivor regions: 3->2(2)
[2026-06-17T10:06:46.381+0800][26.032s][info][gc,heap     ] GC(923) Old regions: 23->27
[2026-06-17T10:06:46.382+0800][26.032s][info][gc,heap     ] GC(923) Humongous regions: 11->11
[2026-06-17T10:06:46.382+0800][26.032s][info][gc,metaspace] GC(923) Metaspace: 116K(320K)->116K(320K) NonClass: 109K(192K)->109K(192K) Class: 7K(128K)->7K(128K)
[2026-06-17T10:06:46.382+0800][26.032s][info][gc          ] GC(923) Pause Young (Prepare Mixed) (G1 Evacuation Pause) 49M->39M(64M) 4.227ms
[2026-06-17T10:06:46.382+0800][26.033s][info][gc,cpu      ] GC(923) User=0.00s Sys=0.00s Real=0.00s
[2026-06-17T10:06:46.424+0800][26.074s][info][gc,start    ] GC(924) Pause Young (Mixed) (G1 Evacuation Pause)
[2026-06-17T10:06:46.424+0800][26.075s][info][gc,task     ] GC(924) Using 2 workers of 18 for evacuation
[2026-06-17T10:06:46.426+0800][26.076s][info][gc,phases   ] GC(924)   Pre Evacuate Collection Set: 0.11ms
[2026-06-17T10:06:46.426+0800][26.076s][info][gc,phases   ] GC(924)   Merge Heap Roots: 0.09ms
[2026-06-17T10:06:46.426+0800][26.077s][info][gc,phases   ] GC(924)   Evacuate Collection Set: 0.33ms
[2026-06-17T10:06:46.426+0800][26.077s][info][gc,phases   ] GC(924)   Post Evacuate Collection Set: 0.27ms
[2026-06-17T10:06:46.426+0800][26.077s][info][gc,phases   ] GC(924)   Other: 0.33ms
[2026-06-17T10:06:46.426+0800][26.077s][info][gc,heap     ] GC(924) Eden regions: 13->0(15)
[2026-06-17T10:06:46.427+0800][26.077s][info][gc,heap     ] GC(924) Survivor regions: 2->2(2)
[2026-06-17T10:06:46.427+0800][26.077s][info][gc,heap     ] GC(924) Old regions: 27->23
[2026-06-17T10:06:46.427+0800][26.077s][info][gc,heap     ] GC(924) Humongous regions: 11->11
[2026-06-17T10:06:46.427+0800][26.078s][info][gc,metaspace] GC(924) Metaspace: 116K(320K)->116K(320K) NonClass: 109K(192K)->109K(192K) Class: 7K(128K)->7K(128K)
[2026-06-17T10:06:46.427+0800][26.078s][info][gc          ] GC(924) Pause Young (Mixed) (G1 Evacuation Pause) 52M->35M(64M) 3.398ms
[2026-06-17T10:06:46.427+0800][26.078s][info][gc,cpu      ] GC(924) User=0.00s Sys=0.00s Real=0.00s
[2026-06-17T10:06:46.459+0800][26.110s][info][gc,start    ] GC(925) Pause Young (Mixed) (G1 Evacuation Pause)
[2026-06-17T10:06:46.460+0800][26.110s][info][gc,task     ] GC(925) Using 2 workers of 18 for evacuation
[2026-06-17T10:06:46.461+0800][26.112s][info][gc,phases   ] GC(925)   Pre Evacuate Collection Set: 0.11ms
[2026-06-17T10:06:46.461+0800][26.112s][info][gc,phases   ] GC(925)   Merge Heap Roots: 0.08ms
[2026-06-17T10:06:46.461+0800][26.112s][info][gc,phases   ] GC(925)   Evacuate Collection Set: 0.57ms
[2026-06-17T10:06:46.462+0800][26.112s][info][gc,phases   ] GC(925)   Post Evacuate Collection Set: 0.28ms
[2026-06-17T10:06:46.462+0800][26.112s][info][gc,phases   ] GC(925)   Other: 0.25ms
[2026-06-17T10:06:46.462+0800][26.113s][info][gc,heap     ] GC(925) Eden regions: 15->0(13)
[2026-06-17T10:06:46.462+0800][26.113s][info][gc,heap     ] GC(925) Survivor regions: 2->3(3)
[2026-06-17T10:06:46.463+0800][26.113s][info][gc,heap     ] GC(925) Old regions: 23->25
[2026-06-17T10:06:46.463+0800][26.113s][info][gc,heap     ] GC(925) Humongous regions: 11->11
[2026-06-17T10:06:46.463+0800][26.113s][info][gc,metaspace] GC(925) Metaspace: 116K(320K)->116K(320K) NonClass: 109K(192K)->109K(192K) Class: 7K(128K)->7K(128K)
[2026-06-17T10:06:46.463+0800][26.114s][info][gc          ] GC(925) Pause Young (Mixed) (G1 Evacuation Pause) 50M->38M(64M) 4.100ms
[2026-06-17T10:06:46.463+0800][26.114s][info][gc,cpu      ] GC(925) User=0.00s Sys=0.00s Real=0.01s
[2026-06-17T10:06:46.505+0800][26.156s][info][gc,start    ] GC(926) Pause Young (Concurrent Start) (G1 Evacuation Pause)
[2026-06-17T10:06:46.506+0800][26.156s][info][gc,task     ] GC(926) Using 2 workers of 18 for evacuation
[2026-06-17T10:06:46.507+0800][26.158s][info][gc,phases   ] GC(926)   Pre Evacuate Collection Set: 0.23ms
[2026-06-17T10:06:46.508+0800][26.158s][info][gc,phases   ] GC(926)   Merge Heap Roots: 0.05ms
[2026-06-17T10:06:46.508+0800][26.159s][info][gc,phases   ] GC(926)   Evacuate Collection Set: 0.44ms
[2026-06-17T10:06:46.508+0800][26.159s][info][gc,phases   ] GC(926)   Post Evacuate Collection Set: 0.30ms
[2026-06-17T10:06:46.509+0800][26.159s][info][gc,phases   ] GC(926)   Other: 0.36ms
[2026-06-17T10:06:46.509+0800][26.159s][info][gc,heap     ] GC(926) Eden regions: 13->0(12)
[2026-06-17T10:06:46.509+0800][26.160s][info][gc,heap     ] GC(926) Survivor regions: 3->2(2)
[2026-06-17T10:06:46.509+0800][26.160s][info][gc,heap     ] GC(926) Old regions: 25->28
[2026-06-17T10:06:46.510+0800][26.160s][info][gc,heap     ] GC(926) Humongous regions: 11->11
[2026-06-17T10:06:46.510+0800][26.161s][info][gc,metaspace] GC(926) Metaspace: 116K(320K)->116K(320K) NonClass: 109K(192K)->109K(192K) Class: 7K(128K)->7K(128K)
[2026-06-17T10:06:46.510+0800][26.161s][info][gc          ] GC(926) Pause Young (Concurrent Start) (G1 Evacuation Pause) 51M->40M(64M) 5.164ms
[2026-06-17T10:06:46.510+0800][26.161s][info][gc,cpu      ] GC(926) User=0.00s Sys=0.00s Real=0.01s
[2026-06-17T10:06:46.511+0800][26.161s][info][gc          ] GC(927) Concurrent Mark Cycle
[2026-06-17T10:06:46.511+0800][26.162s][info][gc,marking  ] GC(927) Concurrent Scan Root Regions
[2026-06-17T10:06:46.511+0800][26.162s][info][gc,marking  ] GC(927) Concurrent Scan Root Regions 0.248ms
[2026-06-17T10:06:46.512+0800][26.162s][info][gc,marking  ] GC(927) Concurrent Mark
[2026-06-17T10:06:46.512+0800][26.162s][info][gc,marking  ] GC(927) Concurrent Mark From Roots
[2026-06-17T10:06:46.512+0800][26.163s][info][gc,task     ] GC(927) Using 5 workers of 5 for marking
[2026-06-17T10:06:46.513+0800][26.164s][info][gc,marking  ] GC(927) Concurrent Mark From Roots 1.370ms
[2026-06-17T10:06:46.514+0800][26.165s][info][gc,marking  ] GC(927) Concurrent Preclean
[2026-06-17T10:06:46.515+0800][26.165s][info][gc,marking  ] GC(927) Concurrent Preclean 0.162ms
[2026-06-17T10:06:46.515+0800][26.165s][info][gc,start    ] GC(927) Pause Remark
[2026-06-17T10:06:46.515+0800][26.166s][info][gc          ] GC(927) Pause Remark 45M->37M(64M) 0.437ms
[2026-06-17T10:06:46.515+0800][26.166s][info][gc,cpu      ] GC(927) User=0.00s Sys=0.00s Real=0.00s
[2026-06-17T10:06:46.515+0800][26.166s][info][gc,marking  ] GC(927) Concurrent Mark 3.782ms
[2026-06-17T10:06:46.516+0800][26.166s][info][gc,marking  ] GC(927) Concurrent Rebuild Remembered Sets and Scrub Regions
[2026-06-17T10:06:46.516+0800][26.167s][info][gc,marking  ] GC(927) Concurrent Rebuild Remembered Sets and Scrub Regions 0.476ms
[2026-06-17T10:06:46.516+0800][26.167s][info][gc,start    ] GC(927) Pause Cleanup
[2026-06-17T10:06:46.516+0800][26.167s][info][gc          ] GC(927) Pause Cleanup 37M->37M(64M) 0.145ms
[2026-06-17T10:06:46.516+0800][26.167s][info][gc,cpu      ] GC(927) User=0.00s Sys=0.00s Real=0.00s
[2026-06-17T10:06:46.517+0800][26.167s][info][gc,marking  ] GC(927) Concurrent Clear Claimed Marks
[2026-06-17T10:06:46.517+0800][26.167s][info][gc,marking  ] GC(927) Concurrent Clear Claimed Marks 0.091ms
[2026-06-17T10:06:46.517+0800][26.167s][info][gc,marking  ] GC(927) Concurrent Cleanup for Next Mark
[2026-06-17T10:06:46.517+0800][26.168s][info][gc,marking  ] GC(927) Concurrent Cleanup for Next Mark 0.166ms
[2026-06-17T10:06:46.517+0800][26.168s][info][gc          ] GC(927) Concurrent Mark Cycle 6.589ms
[2026-06-17T10:06:46.542+0800][26.193s][info][gc,start    ] GC(928) Pause Young (Prepare Mixed) (G1 Evacuation Pause)
[2026-06-17T10:06:46.543+0800][26.193s][info][gc,task     ] GC(928) Using 2 workers of 18 for evacuation
[2026-06-17T10:06:46.544+0800][26.194s][info][gc,phases   ] GC(928)   Pre Evacuate Collection Set: 0.18ms
[2026-06-17T10:06:46.544+0800][26.195s][info][gc,phases   ] GC(928)   Merge Heap Roots: 0.05ms
[2026-06-17T10:06:46.544+0800][26.195s][info][gc,phases   ] GC(928)   Evacuate Collection Set: 0.28ms
[2026-06-17T10:06:46.545+0800][26.195s][info][gc,phases   ] GC(928)   Post Evacuate Collection Set: 0.30ms
[2026-06-17T10:06:46.545+0800][26.195s][info][gc,phases   ] GC(928)   Other: 0.36ms
[2026-06-17T10:06:46.545+0800][26.196s][info][gc,heap     ] GC(928) Eden regions: 12->0(17)
[2026-06-17T10:06:46.545+0800][26.196s][info][gc,heap     ] GC(928) Survivor regions: 2->2(2)
[2026-06-17T10:06:46.545+0800][26.196s][info][gc,heap     ] GC(928) Old regions: 20->22
[2026-06-17T10:06:46.546+0800][26.196s][info][gc,heap     ] GC(928) Humongous regions: 11->11
[2026-06-17T10:06:46.546+0800][26.196s][info][gc,metaspace] GC(928) Metaspace: 116K(320K)->116K(320K) NonClass: 109K(192K)->109K(192K) Class: 7K(128K)->7K(128K)
[2026-06-17T10:06:46.546+0800][26.196s][info][gc          ] GC(928) Pause Young (Prepare Mixed) (G1 Evacuation Pause) 44M->34M(64M) 3.530ms
[2026-06-17T10:06:46.546+0800][26.197s][info][gc,cpu      ] GC(928) User=0.00s Sys=0.00s Real=0.01s
[2026-06-17T10:06:46.578+0800][26.228s][info][gc,start    ] GC(929) Pause Young (Mixed) (G1 Evacuation Pause)
[2026-06-17T10:06:46.578+0800][26.229s][info][gc,task     ] GC(929) Using 2 workers of 18 for evacuation
[2026-06-17T10:06:46.580+0800][26.230s][info][gc,phases   ] GC(929)   Pre Evacuate Collection Set: 0.11ms
[2026-06-17T10:06:46.581+0800][26.232s][info][gc,phases   ] GC(929)   Merge Heap Roots: 0.05ms
[2026-06-17T10:06:46.581+0800][26.232s][info][gc,phases   ] GC(929)   Evacuate Collection Set: 0.55ms
[2026-06-17T10:06:46.582+0800][26.232s][info][gc,phases   ] GC(929)   Post Evacuate Collection Set: 0.29ms
[2026-06-17T10:06:46.582+0800][26.232s][info][gc,phases   ] GC(929)   Other: 0.43ms
[2026-06-17T10:06:46.582+0800][26.232s][info][gc,heap     ] GC(929) Eden regions: 17->0(17)
[2026-06-17T10:06:46.582+0800][26.233s][info][gc,heap     ] GC(929) Survivor regions: 2->3(3)
[2026-06-17T10:06:46.582+0800][26.233s][info][gc,heap     ] GC(929) Old regions: 22->20
[2026-06-17T10:06:46.582+0800][26.233s][info][gc,heap     ] GC(929) Humongous regions: 12->12
[2026-06-17T10:06:46.582+0800][26.233s][info][gc,metaspace] GC(929) Metaspace: 116K(320K)->116K(320K) NonClass: 109K(192K)->109K(192K) Class: 7K(128K)->7K(128K)
[2026-06-17T10:06:46.583+0800][26.233s][info][gc          ] GC(929) Pause Young (Mixed) (G1 Evacuation Pause) 52M->34M(64M) 4.813ms
[2026-06-17T10:06:46.583+0800][26.233s][info][gc,cpu      ] GC(929) User=0.01s Sys=0.00s Real=0.01s
[2026-06-17T10:06:46.635+0800][26.286s][info][gc,start    ] GC(930) Pause Young (Concurrent Start) (G1 Evacuation Pause)
[2026-06-17T10:06:46.636+0800][26.286s][info][gc,task     ] GC(930) Using 2 workers of 18 for evacuation
[2026-06-17T10:06:46.637+0800][26.288s][info][gc,phases   ] GC(930)   Pre Evacuate Collection Set: 0.26ms
[2026-06-17T10:06:46.638+0800][26.288s][info][gc,phases   ] GC(930)   Merge Heap Roots: 0.06ms
[2026-06-17T10:06:46.638+0800][26.289s][info][gc,phases   ] GC(930)   Evacuate Collection Set: 0.52ms
[2026-06-17T10:06:46.638+0800][26.289s][info][gc,phases   ] GC(930)   Post Evacuate Collection Set: 0.38ms
[2026-06-17T10:06:46.639+0800][26.289s][info][gc,phases   ] GC(930)   Other: 0.43ms
[2026-06-17T10:06:46.639+0800][26.289s][info][gc,heap     ] GC(930) Eden regions: 17->0(14)
[2026-06-17T10:06:46.639+0800][26.290s][info][gc,heap     ] GC(930) Survivor regions: 3->3(3)
[2026-06-17T10:06:46.639+0800][26.290s][info][gc,heap     ] GC(930) Old regions: 20->24
[2026-06-17T10:06:46.639+0800][26.290s][info][gc,heap     ] GC(930) Humongous regions: 12->12
[2026-06-17T10:06:46.640+0800][26.290s][info][gc,metaspace] GC(930) Metaspace: 116K(320K)->116K(320K) NonClass: 109K(192K)->109K(192K) Class: 7K(128K)->7K(128K)
[2026-06-17T10:06:46.640+0800][26.290s][info][gc          ] GC(930) Pause Young (Concurrent Start) (G1 Evacuation Pause) 51M->38M(64M) 4.720ms
[2026-06-17T10:06:46.640+0800][26.291s][info][gc,cpu      ] GC(930) User=0.00s Sys=0.00s Real=0.00s
[2026-06-17T10:06:46.640+0800][26.291s][info][gc          ] GC(931) Concurrent Mark Cycle
[2026-06-17T10:06:46.642+0800][26.292s][info][gc,marking  ] GC(931) Concurrent Scan Root Regions
[2026-06-17T10:06:46.642+0800][26.292s][info][gc,marking  ] GC(931) Concurrent Scan Root Regions 0.314ms
[2026-06-17T10:06:46.642+0800][26.293s][info][gc,marking  ] GC(931) Concurrent Mark
[2026-06-17T10:06:46.642+0800][26.293s][info][gc,marking  ] GC(931) Concurrent Mark From Roots
[2026-06-17T10:06:46.642+0800][26.293s][info][gc,task     ] GC(931) Using 5 workers of 5 for marking
[2026-06-17T10:06:46.644+0800][26.295s][info][gc,marking  ] GC(931) Concurrent Mark From Roots 1.984ms
[2026-06-17T10:06:46.644+0800][26.295s][info][gc,marking  ] GC(931) Concurrent Preclean
[2026-06-17T10:06:46.645+0800][26.295s][info][gc,marking  ] GC(931) Concurrent Preclean 0.195ms
[2026-06-17T10:06:46.645+0800][26.295s][info][gc,start    ] GC(931) Pause Remark
[2026-06-17T10:06:46.645+0800][26.296s][info][gc          ] GC(931) Pause Remark 40M->40M(64M) 0.422ms
[2026-06-17T10:06:46.645+0800][26.296s][info][gc,cpu      ] GC(931) User=0.00s Sys=0.00s Real=0.00s
[2026-06-17T10:06:46.646+0800][26.296s][info][gc,marking  ] GC(931) Concurrent Mark 3.472ms
[2026-06-17T10:06:46.646+0800][26.296s][info][gc,marking  ] GC(931) Concurrent Rebuild Remembered Sets and Scrub Regions
[2026-06-17T10:06:46.646+0800][26.297s][info][gc,marking  ] GC(931) Concurrent Rebuild Remembered Sets and Scrub Regions 0.453ms
[2026-06-17T10:06:46.646+0800][26.297s][info][gc,start    ] GC(931) Pause Cleanup
[2026-06-17T10:06:46.647+0800][26.297s][info][gc          ] GC(931) Pause Cleanup 40M->40M(64M) 0.197ms
[2026-06-17T10:06:46.647+0800][26.297s][info][gc,cpu      ] GC(931) User=0.00s Sys=0.00s Real=0.00s
[2026-06-17T10:06:46.647+0800][26.298s][info][gc,marking  ] GC(931) Concurrent Clear Claimed Marks
[2026-06-17T10:06:46.647+0800][26.298s][info][gc,marking  ] GC(931) Concurrent Clear Claimed Marks 0.150ms
[2026-06-17T10:06:46.649+0800][26.300s][info][gc,marking  ] GC(931) Concurrent Cleanup for Next Mark
[2026-06-17T10:06:46.650+0800][26.300s][info][gc,marking  ] GC(931) Concurrent Cleanup for Next Mark 0.262ms
[2026-06-17T10:06:46.650+0800][26.300s][info][gc          ] GC(931) Concurrent Mark Cycle 9.728ms
[2026-06-17T10:06:46.672+0800][26.323s][info][gc,start    ] GC(932) Pause Young (Prepare Mixed) (G1 Evacuation Pause)
[2026-06-17T10:06:46.673+0800][26.323s][info][gc,task     ] GC(932) Using 2 workers of 18 for evacuation
[2026-06-17T10:06:46.674+0800][26.324s][info][gc,phases   ] GC(932)   Pre Evacuate Collection Set: 0.14ms
[2026-06-17T10:06:46.674+0800][26.325s][info][gc,phases   ] GC(932)   Merge Heap Roots: 0.05ms
[2026-06-17T10:06:46.674+0800][26.325s][info][gc,phases   ] GC(932)   Evacuate Collection Set: 0.45ms
[2026-06-17T10:06:46.674+0800][26.325s][info][gc,phases   ] GC(932)   Post Evacuate Collection Set: 0.24ms
[2026-06-17T10:06:46.674+0800][26.325s][info][gc,phases   ] GC(932)   Other: 0.28ms
[2026-06-17T10:06:46.675+0800][26.325s][info][gc,heap     ] GC(932) Eden regions: 14->0(10)
[2026-06-17T10:06:46.675+0800][26.325s][info][gc,heap     ] GC(932) Survivor regions: 3->3(3)
[2026-06-17T10:06:46.675+0800][26.325s][info][gc,heap     ] GC(932) Old regions: 24->28
[2026-06-17T10:06:46.675+0800][26.325s][info][gc,heap     ] GC(932) Humongous regions: 12->12
[2026-06-17T10:06:46.675+0800][26.326s][info][gc,metaspace] GC(932) Metaspace: 116K(320K)->116K(320K) NonClass: 109K(192K)->109K(192K) Class: 7K(128K)->7K(128K)
[2026-06-17T10:06:46.675+0800][26.326s][info][gc          ] GC(932) Pause Young (Prepare Mixed) (G1 Evacuation Pause) 52M->42M(64M) 2.982ms
[2026-06-17T10:06:46.675+0800][26.326s][info][gc,cpu      ] GC(932) User=0.01s Sys=0.00s Real=0.00s
[2026-06-17T10:06:46.707+0800][26.357s][info][gc,start    ] GC(933) Pause Young (Mixed) (G1 Evacuation Pause)
[2026-06-17T10:06:46.707+0800][26.358s][info][gc,task     ] GC(933) Using 2 workers of 18 for evacuation
[2026-06-17T10:06:46.709+0800][26.359s][info][gc,phases   ] GC(933)   Pre Evacuate Collection Set: 0.19ms
[2026-06-17T10:06:46.709+0800][26.360s][info][gc,phases   ] GC(933)   Merge Heap Roots: 0.05ms
[2026-06-17T10:06:46.709+0800][26.360s][info][gc,phases   ] GC(933)   Evacuate Collection Set: 0.45ms
[2026-06-17T10:06:46.710+0800][26.360s][info][gc,phases   ] GC(933)   Post Evacuate Collection Set: 0.24ms
[2026-06-17T10:06:46.710+0800][26.360s][info][gc,phases   ] GC(933)   Other: 0.57ms
[2026-06-17T10:06:46.710+0800][26.361s][info][gc,heap     ] GC(933) Eden regions: 10->0(10)
[2026-06-17T10:06:46.710+0800][26.361s][info][gc,heap     ] GC(933) Survivor regions: 3->2(2)
[2026-06-17T10:06:46.710+0800][26.361s][info][gc,heap     ] GC(933) Old regions: 28->29
[2026-06-17T10:06:46.710+0800][26.361s][info][gc,heap     ] GC(933) Humongous regions: 12->12
[2026-06-17T10:06:46.711+0800][26.361s][info][gc,metaspace] GC(933) Metaspace: 116K(320K)->116K(320K) NonClass: 109K(192K)->109K(192K) Class: 7K(128K)->7K(128K)
[2026-06-17T10:06:46.711+0800][26.361s][info][gc          ] GC(933) Pause Young (Mixed) (G1 Evacuation Pause) 52M->42M(64M) 4.153ms
[2026-06-17T10:06:46.711+0800][26.362s][info][gc,cpu      ] GC(933) User=0.00s Sys=0.00s Real=0.01s
[2026-06-17T10:06:46.732+0800][26.383s][info][gc,start    ] GC(934) Pause Young (Concurrent Start) (G1 Evacuation Pause)
[2026-06-17T10:06:46.734+0800][26.385s][info][gc,task     ] GC(934) Using 2 workers of 18 for evacuation
[2026-06-17T10:06:46.737+0800][26.388s][info][gc,phases   ] GC(934)   Pre Evacuate Collection Set: 0.21ms
[2026-06-17T10:06:46.739+0800][26.389s][info][gc,phases   ] GC(934)   Merge Heap Roots: 0.04ms
[2026-06-17T10:06:46.741+0800][26.392s][info][gc,phases   ] GC(934)   Evacuate Collection Set: 0.39ms
[2026-06-17T10:06:46.743+0800][26.394s][info][gc,phases   ] GC(934)   Post Evacuate Collection Set: 0.21ms
[2026-06-17T10:06:46.745+0800][26.396s][info][gc,phases   ] GC(934)   Other: 2.14ms
[2026-06-17T10:06:46.746+0800][26.397s][info][gc,heap     ] GC(934) Eden regions: 10->0(8)
[2026-06-17T10:06:46.756+0800][26.407s][info][gc,heap     ] GC(934) Survivor regions: 2->2(2)
[2026-06-17T10:06:46.756+0800][26.407s][info][gc,heap     ] GC(934) Old regions: 29->32
[2026-06-17T10:06:46.757+0800][26.407s][info][gc,heap     ] GC(934) Humongous regions: 12->12
[2026-06-17T10:06:46.762+0800][26.412s][info][gc,metaspace] GC(934) Metaspace: 116K(320K)->116K(320K) NonClass: 109K(192K)->109K(192K) Class: 7K(128K)->7K(128K)
[2026-06-17T10:06:46.762+0800][26.412s][info][gc          ] GC(934) Pause Young (Concurrent Start) (G1 Evacuation Pause) 52M->45M(64M) 29.509ms
[2026-06-17T10:06:46.762+0800][26.413s][info][gc,cpu      ] GC(934) User=0.00s Sys=0.00s Real=0.02s
[2026-06-17T10:06:46.762+0800][26.413s][info][gc          ] GC(935) Concurrent Mark Cycle
[2026-06-17T10:06:46.762+0800][26.413s][info][gc,marking  ] GC(935) Concurrent Scan Root Regions
[2026-06-17T10:06:46.763+0800][26.413s][info][gc,marking  ] GC(935) Concurrent Scan Root Regions 0.169ms
[2026-06-17T10:06:46.763+0800][26.413s][info][gc,marking  ] GC(935) Concurrent Mark
[2026-06-17T10:06:46.763+0800][26.414s][info][gc,marking  ] GC(935) Concurrent Mark From Roots
[2026-06-17T10:06:46.763+0800][26.414s][info][gc,task     ] GC(935) Using 5 workers of 5 for marking
[2026-06-17T10:06:46.764+0800][26.415s][info][gc,marking  ] GC(935) Concurrent Mark From Roots 1.394ms
[2026-06-17T10:06:46.765+0800][26.415s][info][gc,marking  ] GC(935) Concurrent Preclean
[2026-06-17T10:06:46.765+0800][26.415s][info][gc,marking  ] GC(935) Concurrent Preclean 0.152ms
[2026-06-17T10:06:46.765+0800][26.415s][info][gc,start    ] GC(935) Pause Remark
[2026-06-17T10:06:46.765+0800][26.416s][info][gc          ] GC(935) Pause Remark 47M->43M(64M) 0.443ms
[2026-06-17T10:06:46.765+0800][26.416s][info][gc,cpu      ] GC(935) User=0.00s Sys=0.00s Real=0.00s
[2026-06-17T10:06:46.766+0800][26.416s][info][gc,marking  ] GC(935) Concurrent Mark 2.671ms
[2026-06-17T10:06:46.766+0800][26.416s][info][gc,marking  ] GC(935) Concurrent Rebuild Remembered Sets and Scrub Regions
[2026-06-17T10:06:46.766+0800][26.417s][info][gc,marking  ] GC(935) Concurrent Rebuild Remembered Sets and Scrub Regions 0.442ms
[2026-06-17T10:06:46.766+0800][26.417s][info][gc,start    ] GC(935) Pause Cleanup
[2026-06-17T10:06:46.766+0800][26.417s][info][gc          ] GC(935) Pause Cleanup 43M->43M(64M) 0.085ms
[2026-06-17T10:06:46.766+0800][26.417s][info][gc,cpu      ] GC(935) User=0.00s Sys=0.00s Real=0.00s
[2026-06-17T10:06:46.767+0800][26.417s][info][gc,marking  ] GC(935) Concurrent Clear Claimed Marks
[2026-06-17T10:06:46.767+0800][26.417s][info][gc,marking  ] GC(935) Concurrent Clear Claimed Marks 0.102ms
[2026-06-17T10:06:46.767+0800][26.417s][info][gc,marking  ] GC(935) Concurrent Cleanup for Next Mark
[2026-06-17T10:06:46.767+0800][26.417s][info][gc,marking  ] GC(935) Concurrent Cleanup for Next Mark 0.163ms
[2026-06-17T10:06:46.767+0800][26.417s][info][gc          ] GC(935) Concurrent Mark Cycle 4.830ms
[2026-06-17T10:06:46.783+0800][26.434s][info][gc,start    ] GC(936) Pause Young (Prepare Mixed) (G1 Evacuation Pause)
[2026-06-17T10:06:46.784+0800][26.434s][info][gc,task     ] GC(936) Using 2 workers of 18 for evacuation
[2026-06-17T10:06:46.785+0800][26.435s][info][gc,phases   ] GC(936)   Pre Evacuate Collection Set: 0.17ms
[2026-06-17T10:06:46.785+0800][26.436s][info][gc,phases   ] GC(936)   Merge Heap Roots: 0.07ms
[2026-06-17T10:06:46.785+0800][26.436s][info][gc,phases   ] GC(936)   Evacuate Collection Set: 0.30ms
[2026-06-17T10:06:46.785+0800][26.436s][info][gc,phases   ] GC(936)   Post Evacuate Collection Set: 0.16ms
[2026-06-17T10:06:46.785+0800][26.436s][info][gc,phases   ] GC(936)   Other: 0.29ms
[2026-06-17T10:06:46.786+0800][26.436s][info][gc,heap     ] GC(936) Eden regions: 8->0(8)
[2026-06-17T10:06:46.786+0800][26.436s][info][gc,heap     ] GC(936) Survivor regions: 2->2(2)
[2026-06-17T10:06:46.786+0800][26.436s][info][gc,heap     ] GC(936) Old regions: 28->31
[2026-06-17T10:06:46.786+0800][26.437s][info][gc,heap     ] GC(936) Humongous regions: 13->13
[2026-06-17T10:06:46.787+0800][26.437s][info][gc,metaspace] GC(936) Metaspace: 116K(320K)->116K(320K) NonClass: 109K(192K)->109K(192K) Class: 7K(128K)->7K(128K)
[2026-06-17T10:06:46.787+0800][26.437s][info][gc          ] GC(936) Pause Young (Prepare Mixed) (G1 Evacuation Pause) 50M->45M(64M) 3.436ms
[2026-06-17T10:06:46.787+0800][26.438s][info][gc,cpu      ] GC(936) User=0.01s Sys=0.00s Real=0.00s
[2026-06-17T10:06:46.808+0800][26.459s][info][gc,start    ] GC(937) Pause Young (Mixed) (G1 Evacuation Pause)
[2026-06-17T10:06:46.809+0800][26.459s][info][gc,task     ] GC(937) Using 2 workers of 18 for evacuation
[2026-06-17T10:06:46.810+0800][26.460s][info][gc,phases   ] GC(937)   Pre Evacuate Collection Set: 0.13ms
[2026-06-17T10:06:46.810+0800][26.461s][info][gc,phases   ] GC(937)   Merge Heap Roots: 0.03ms
[2026-06-17T10:06:46.810+0800][26.461s][info][gc,phases   ] GC(937)   Evacuate Collection Set: 0.40ms
[2026-06-17T10:06:46.811+0800][26.461s][info][gc,phases   ] GC(937)   Post Evacuate Collection Set: 0.26ms
[2026-06-17T10:06:46.813+0800][26.463s][info][gc,phases   ] GC(937)   Other: 0.36ms
[2026-06-17T10:06:46.813+0800][26.463s][info][gc,heap     ] GC(937) Eden regions: 8->0(9)
[2026-06-17T10:06:46.813+0800][26.464s][info][gc,heap     ] GC(937) Survivor regions: 2->2(2)
[2026-06-17T10:06:46.813+0800][26.464s][info][gc,heap     ] GC(937) Old regions: 31->28
[2026-06-17T10:06:46.813+0800][26.464s][info][gc,heap     ] GC(937) Humongous regions: 13->13
[2026-06-17T10:06:46.813+0800][26.464s][info][gc,metaspace] GC(937) Metaspace: 116K(320K)->116K(320K) NonClass: 109K(192K)->109K(192K) Class: 7K(128K)->7K(128K)
[2026-06-17T10:06:46.814+0800][26.464s][info][gc          ] GC(937) Pause Young (Mixed) (G1 Evacuation Pause) 53M->42M(64M) 5.432ms
[2026-06-17T10:06:46.814+0800][26.464s][info][gc,cpu      ] GC(937) User=0.00s Sys=0.00s Real=0.01s
[2026-06-17T10:06:46.835+0800][26.486s][info][gc,start    ] GC(938) Pause Young (Mixed) (G1 Evacuation Pause)
[2026-06-17T10:06:46.835+0800][26.486s][info][gc,task     ] GC(938) Using 2 workers of 18 for evacuation
[2026-06-17T10:06:46.837+0800][26.488s][info][gc,phases   ] GC(938)   Pre Evacuate Collection Set: 0.21ms
[2026-06-17T10:06:46.837+0800][26.488s][info][gc,phases   ] GC(938)   Merge Heap Roots: 0.09ms
[2026-06-17T10:06:46.838+0800][26.488s][info][gc,phases   ] GC(938)   Evacuate Collection Set: 0.69ms
[2026-06-17T10:06:46.838+0800][26.488s][info][gc,phases   ] GC(938)   Post Evacuate Collection Set: 0.27ms
[2026-06-17T10:06:46.838+0800][26.489s][info][gc,phases   ] GC(938)   Other: 0.34ms
[2026-06-17T10:06:46.838+0800][26.489s][info][gc,heap     ] GC(938) Eden regions: 9->0(8)
[2026-06-17T10:06:46.838+0800][26.489s][info][gc,heap     ] GC(938) Survivor regions: 2->2(2)
[2026-06-17T10:06:46.839+0800][26.489s][info][gc,heap     ] GC(938) Old regions: 28->29
[2026-06-17T10:06:46.839+0800][26.489s][info][gc,heap     ] GC(938) Humongous regions: 13->13
[2026-06-17T10:06:46.839+0800][26.489s][info][gc,metaspace] GC(938) Metaspace: 116K(320K)->116K(320K) NonClass: 109K(192K)->109K(192K) Class: 7K(128K)->7K(128K)
[2026-06-17T10:06:46.839+0800][26.489s][info][gc          ] GC(938) Pause Young (Mixed) (G1 Evacuation Pause) 51M->43M(64M) 3.811ms
[2026-06-17T10:06:46.839+0800][26.490s][info][gc,cpu      ] GC(938) User=0.00s Sys=0.00s Real=0.00s
[2026-06-17T10:06:46.860+0800][26.511s][info][gc,start    ] GC(939) Pause Young (Concurrent Start) (G1 Evacuation Pause)
[2026-06-17T10:06:46.860+0800][26.511s][info][gc,task     ] GC(939) Using 2 workers of 18 for evacuation
[2026-06-17T10:06:46.861+0800][26.512s][info][gc,phases   ] GC(939)   Pre Evacuate Collection Set: 0.25ms
[2026-06-17T10:06:46.862+0800][26.512s][info][gc,phases   ] GC(939)   Merge Heap Roots: 0.06ms
[2026-06-17T10:06:46.862+0800][26.512s][info][gc,phases   ] GC(939)   Evacuate Collection Set: 0.19ms
[2026-06-17T10:06:46.862+0800][26.513s][info][gc,phases   ] GC(939)   Post Evacuate Collection Set: 0.21ms
[2026-06-17T10:06:46.862+0800][26.513s][info][gc,phases   ] GC(939)   Other: 0.27ms
[2026-06-17T10:06:46.863+0800][26.513s][info][gc,heap     ] GC(939) Eden regions: 8->0(9)
[2026-06-17T10:06:46.863+0800][26.513s][info][gc,heap     ] GC(939) Survivor regions: 2->1(2)
[2026-06-17T10:06:46.863+0800][26.513s][info][gc,heap     ] GC(939) Old regions: 29->31
[2026-06-17T10:06:46.863+0800][26.514s][info][gc,heap     ] GC(939) Humongous regions: 13->13
[2026-06-17T10:06:46.863+0800][26.514s][info][gc,metaspace] GC(939) Metaspace: 116K(320K)->116K(320K) NonClass: 109K(192K)->109K(192K) Class: 7K(128K)->7K(128K)
[2026-06-17T10:06:46.863+0800][26.514s][info][gc          ] GC(939) Pause Young (Concurrent Start) (G1 Evacuation Pause) 51M->43M(64M) 3.162ms
[2026-06-17T10:06:46.863+0800][26.514s][info][gc,cpu      ] GC(939) User=0.00s Sys=0.00s Real=0.01s
[2026-06-17T10:06:46.863+0800][26.514s][info][gc          ] GC(940) Concurrent Mark Cycle
[2026-06-17T10:06:46.864+0800][26.514s][info][gc,marking  ] GC(940) Concurrent Scan Root Regions
[2026-06-17T10:06:46.864+0800][26.514s][info][gc,marking  ] GC(940) Concurrent Scan Root Regions 0.176ms
[2026-06-17T10:06:46.864+0800][26.514s][info][gc,marking  ] GC(940) Concurrent Mark
[2026-06-17T10:06:46.864+0800][26.515s][info][gc,marking  ] GC(940) Concurrent Mark From Roots
[2026-06-17T10:06:46.864+0800][26.515s][info][gc,task     ] GC(940) Using 5 workers of 5 for marking
[2026-06-17T10:06:46.865+0800][26.516s][info][gc,marking  ] GC(940) Concurrent Mark From Roots 1.394ms
[2026-06-17T10:06:46.866+0800][26.516s][info][gc,marking  ] GC(940) Concurrent Preclean
[2026-06-17T10:06:46.866+0800][26.516s][info][gc,marking  ] GC(940) Concurrent Preclean 0.113ms
[2026-06-17T10:06:46.866+0800][26.516s][info][gc,start    ] GC(940) Pause Remark
[2026-06-17T10:06:46.866+0800][26.517s][info][gc          ] GC(940) Pause Remark 45M->44M(64M) 0.579ms
[2026-06-17T10:06:46.867+0800][26.517s][info][gc,cpu      ] GC(940) User=0.00s Sys=0.00s Real=0.00s
[2026-06-17T10:06:46.867+0800][26.517s][info][gc,marking  ] GC(940) Concurrent Mark 2.875ms
[2026-06-17T10:06:46.867+0800][26.517s][info][gc,marking  ] GC(940) Concurrent Rebuild Remembered Sets and Scrub Regions
[2026-06-17T10:06:46.868+0800][26.518s][info][gc,marking  ] GC(940) Concurrent Rebuild Remembered Sets and Scrub Regions 0.581ms
[2026-06-17T10:06:46.868+0800][26.518s][info][gc,start    ] GC(940) Pause Cleanup
[2026-06-17T10:06:46.868+0800][26.518s][info][gc          ] GC(940) Pause Cleanup 44M->44M(64M) 0.087ms
[2026-06-17T10:06:46.868+0800][26.518s][info][gc,cpu      ] GC(940) User=0.00s Sys=0.00s Real=0.00s
[2026-06-17T10:06:46.868+0800][26.518s][info][gc,marking  ] GC(940) Concurrent Clear Claimed Marks
[2026-06-17T10:06:46.868+0800][26.519s][info][gc,marking  ] GC(940) Concurrent Clear Claimed Marks 0.091ms
[2026-06-17T10:06:46.868+0800][26.519s][info][gc,marking  ] GC(940) Concurrent Cleanup for Next Mark
[2026-06-17T10:06:46.868+0800][26.519s][info][gc,marking  ] GC(940) Concurrent Cleanup for Next Mark 0.241ms
[2026-06-17T10:06:46.868+0800][26.519s][info][gc          ] GC(940) Concurrent Mark Cycle 5.107ms
[2026-06-17T10:06:46.895+0800][26.545s][info][gc,start    ] GC(941) Pause Young (Prepare Mixed) (G1 Evacuation Pause)
[2026-06-17T10:06:46.896+0800][26.546s][info][gc,task     ] GC(941) Using 2 workers of 18 for evacuation
[2026-06-17T10:06:46.899+0800][26.549s][info][gc,phases   ] GC(941)   Pre Evacuate Collection Set: 0.14ms
[2026-06-17T10:06:46.900+0800][26.551s][info][gc,phases   ] GC(941)   Merge Heap Roots: 0.04ms
[2026-06-17T10:06:46.902+0800][26.553s][info][gc,phases   ] GC(941)   Evacuate Collection Set: 0.23ms
[2026-06-17T10:06:46.904+0800][26.555s][info][gc,phases   ] GC(941)   Post Evacuate Collection Set: 0.21ms
[2026-06-17T10:06:46.908+0800][26.559s][info][gc,phases   ] GC(941)   Other: 2.01ms
[2026-06-17T10:06:46.910+0800][26.561s][info][gc,heap     ] GC(941) Eden regions: 9->0(8)
[2026-06-17T10:06:46.912+0800][26.563s][info][gc,heap     ] GC(941) Survivor regions: 1->2(2)
[2026-06-17T10:06:46.914+0800][26.565s][info][gc,heap     ] GC(941) Old regions: 30->31
[2026-06-17T10:06:46.916+0800][26.567s][info][gc,heap     ] GC(941) Humongous regions: 13->13
[2026-06-17T10:06:46.918+0800][26.569s][info][gc,metaspace] GC(941) Metaspace: 116K(320K)->116K(320K) NonClass: 109K(192K)->109K(192K) Class: 7K(128K)->7K(128K)
[2026-06-17T10:06:46.920+0800][26.571s][info][gc          ] GC(941) Pause Young (Prepare Mixed) (G1 Evacuation Pause) 51M->45M(64M) 25.660ms
[2026-06-17T10:06:46.922+0800][26.573s][info][gc,cpu      ] GC(941) User=0.00s Sys=0.00s Real=0.02s
[2026-06-17T10:06:46.935+0800][26.586s][info][gc,start    ] GC(942) Pause Young (Mixed) (G1 Evacuation Pause)
[2026-06-17T10:06:46.936+0800][26.586s][info][gc,task     ] GC(942) Using 2 workers of 18 for evacuation
[2026-06-17T10:06:46.937+0800][26.588s][info][gc,phases   ] GC(942)   Pre Evacuate Collection Set: 0.11ms
[2026-06-17T10:06:46.937+0800][26.588s][info][gc,phases   ] GC(942)   Merge Heap Roots: 0.03ms
[2026-06-17T10:06:46.937+0800][26.588s][info][gc,phases   ] GC(942)   Evacuate Collection Set: 0.56ms
[2026-06-17T10:06:46.938+0800][26.588s][info][gc,phases   ] GC(942)   Post Evacuate Collection Set: 0.27ms
[2026-06-17T10:06:46.938+0800][26.589s][info][gc,phases   ] GC(942)   Other: 0.28ms
[2026-06-17T10:06:46.938+0800][26.589s][info][gc,heap     ] GC(942) Eden regions: 8->0(7)
[2026-06-17T10:06:46.939+0800][26.589s][info][gc,heap     ] GC(942) Survivor regions: 2->2(2)
[2026-06-17T10:06:46.939+0800][26.589s][info][gc,heap     ] GC(942) Old regions: 31->31
[2026-06-17T10:06:46.939+0800][26.590s][info][gc,heap     ] GC(942) Humongous regions: 13->13
[2026-06-17T10:06:46.939+0800][26.590s][info][gc,metaspace] GC(942) Metaspace: 116K(320K)->116K(320K) NonClass: 109K(192K)->109K(192K) Class: 7K(128K)->7K(128K)
[2026-06-17T10:06:46.939+0800][26.590s][info][gc          ] GC(942) Pause Young (Mixed) (G1 Evacuation Pause) 53M->45M(64M) 3.824ms
[2026-06-17T10:06:46.939+0800][26.590s][info][gc,cpu      ] GC(942) User=0.00s Sys=0.00s Real=0.00s
[2026-06-17T10:06:46.960+0800][26.611s][info][gc,start    ] GC(943) Pause Young (Mixed) (G1 Evacuation Pause)
[2026-06-17T10:06:46.961+0800][26.611s][info][gc,task     ] GC(943) Using 2 workers of 18 for evacuation
[2026-06-17T10:06:46.962+0800][26.612s][info][gc,phases   ] GC(943)   Pre Evacuate Collection Set: 0.10ms
[2026-06-17T10:06:46.962+0800][26.613s][info][gc,phases   ] GC(943)   Merge Heap Roots: 0.04ms
[2026-06-17T10:06:46.963+0800][26.613s][info][gc,phases   ] GC(943)   Evacuate Collection Set: 0.48ms
[2026-06-17T10:06:46.963+0800][26.613s][info][gc,phases   ] GC(943)   Post Evacuate Collection Set: 0.21ms
[2026-06-17T10:06:46.963+0800][26.614s][info][gc,phases   ] GC(943)   Other: 0.21ms
[2026-06-17T10:06:46.963+0800][26.614s][info][gc,heap     ] GC(943) Eden regions: 7->0(8)
[2026-06-17T10:06:46.963+0800][26.614s][info][gc,heap     ] GC(943) Survivor regions: 2->2(2)
[2026-06-17T10:06:46.963+0800][26.614s][info][gc,heap     ] GC(943) Old regions: 31->31
[2026-06-17T10:06:46.963+0800][26.614s][info][gc,heap     ] GC(943) Humongous regions: 13->13
[2026-06-17T10:06:46.964+0800][26.614s][info][gc,metaspace] GC(943) Metaspace: 116K(320K)->116K(320K) NonClass: 109K(192K)->109K(192K) Class: 7K(128K)->7K(128K)
[2026-06-17T10:06:46.964+0800][26.614s][info][gc          ] GC(943) Pause Young (Mixed) (G1 Evacuation Pause) 52M->45M(64M) 3.277ms
[2026-06-17T10:06:46.964+0800][26.614s][info][gc,cpu      ] GC(943) User=0.00s Sys=0.00s Real=0.01s
[2026-06-17T10:06:46.985+0800][26.636s][info][gc,start    ] GC(944) Pause Young (Concurrent Start) (G1 Evacuation Pause)
[2026-06-17T10:06:46.986+0800][26.636s][info][gc,task     ] GC(944) Using 2 workers of 18 for evacuation
[2026-06-17T10:06:46.988+0800][26.639s][info][gc,phases   ] GC(944)   Pre Evacuate Collection Set: 0.33ms
[2026-06-17T10:06:46.989+0800][26.640s][info][gc,phases   ] GC(944)   Merge Heap Roots: 0.04ms
[2026-06-17T10:06:46.989+0800][26.640s][info][gc,phases   ] GC(944)   Evacuate Collection Set: 0.36ms
[2026-06-17T10:06:46.990+0800][26.640s][info][gc,phases   ] GC(944)   Post Evacuate Collection Set: 0.21ms
[2026-06-17T10:06:46.990+0800][26.640s][info][gc,phases   ] GC(944)   Other: 1.69ms
[2026-06-17T10:06:46.990+0800][26.641s][info][gc,heap     ] GC(944) Eden regions: 8->0(6)
[2026-06-17T10:06:46.990+0800][26.641s][info][gc,heap     ] GC(944) Survivor regions: 2->2(2)
[2026-06-17T10:06:46.991+0800][26.641s][info][gc,heap     ] GC(944) Old regions: 31->34
[2026-06-17T10:06:46.991+0800][26.642s][info][gc,heap     ] GC(944) Humongous regions: 13->13
[2026-06-17T10:06:46.991+0800][26.642s][info][gc,metaspace] GC(944) Metaspace: 116K(320K)->116K(320K) NonClass: 109K(192K)->109K(192K) Class: 7K(128K)->7K(128K)
[2026-06-17T10:06:46.991+0800][26.642s][info][gc          ] GC(944) Pause Young (Concurrent Start) (G1 Evacuation Pause) 53M->48M(64M) 5.985ms
[2026-06-17T10:06:46.991+0800][26.642s][info][gc,cpu      ] GC(944) User=0.00s Sys=0.00s Real=0.01s
[2026-06-17T10:06:46.991+0800][26.642s][info][gc          ] GC(945) Concurrent Mark Cycle
[2026-06-17T10:06:46.992+0800][26.643s][info][gc,marking  ] GC(945) Concurrent Scan Root Regions
[2026-06-17T10:06:46.993+0800][26.643s][info][gc,marking  ] GC(945) Concurrent Scan Root Regions 0.485ms
[2026-06-17T10:06:46.993+0800][26.643s][info][gc,marking  ] GC(945) Concurrent Mark
[2026-06-17T10:06:46.993+0800][26.644s][info][gc,marking  ] GC(945) Concurrent Mark From Roots
[2026-06-17T10:06:46.993+0800][26.644s][info][gc,task     ] GC(945) Using 5 workers of 5 for marking
[2026-06-17T10:06:46.994+0800][26.645s][info][gc,marking  ] GC(945) Concurrent Mark From Roots 1.231ms
[2026-06-17T10:06:46.994+0800][26.645s][info][gc,marking  ] GC(945) Concurrent Preclean
[2026-06-17T10:06:46.995+0800][26.645s][info][gc,marking  ] GC(945) Concurrent Preclean 0.165ms
[2026-06-17T10:06:46.995+0800][26.645s][info][gc,start    ] GC(945) Pause Remark
[2026-06-17T10:06:46.995+0800][26.646s][info][gc          ] GC(945) Pause Remark 49M->43M(64M) 0.552ms
[2026-06-17T10:06:46.996+0800][26.646s][info][gc,cpu      ] GC(945) User=0.00s Sys=0.00s Real=0.00s
[2026-06-17T10:06:46.996+0800][26.646s][info][gc,marking  ] GC(945) Concurrent Mark 2.835ms
[2026-06-17T10:06:46.996+0800][26.646s][info][gc,marking  ] GC(945) Concurrent Rebuild Remembered Sets and Scrub Regions
[2026-06-17T10:06:46.996+0800][26.647s][info][gc,marking  ] GC(945) Concurrent Rebuild Remembered Sets and Scrub Regions 0.476ms
[2026-06-17T10:06:46.996+0800][26.647s][info][gc,start    ] GC(945) Pause Cleanup
[2026-06-17T10:06:46.997+0800][26.647s][info][gc          ] GC(945) Pause Cleanup 43M->43M(64M) 0.146ms
[2026-06-17T10:06:46.997+0800][26.647s][info][gc,cpu      ] GC(945) User=0.00s Sys=0.00s Real=0.00s
[2026-06-17T10:06:46.997+0800][26.647s][info][gc,marking  ] GC(945) Concurrent Clear Claimed Marks
[2026-06-17T10:06:46.997+0800][26.647s][info][gc,marking  ] GC(945) Concurrent Clear Claimed Marks 0.071ms
[2026-06-17T10:06:46.997+0800][26.647s][info][gc,marking  ] GC(945) Concurrent Cleanup for Next Mark
[2026-06-17T10:06:46.997+0800][26.648s][info][gc,marking  ] GC(945) Concurrent Cleanup for Next Mark 0.150ms
[2026-06-17T10:06:46.997+0800][26.648s][info][gc          ] GC(945) Concurrent Mark Cycle 5.687ms
[2026-06-17T10:06:47.002+0800][26.653s][info][gc,start    ] GC(946) Pause Young (Prepare Mixed) (G1 Evacuation Pause)
[2026-06-17T10:06:47.002+0800][26.653s][info][gc,task     ] GC(946) Using 2 workers of 18 for evacuation
[2026-06-17T10:06:47.003+0800][26.654s][info][gc,phases   ] GC(946)   Pre Evacuate Collection Set: 0.08ms
[2026-06-17T10:06:47.003+0800][26.654s][info][gc,phases   ] GC(946)   Merge Heap Roots: 0.04ms
[2026-06-17T10:06:47.003+0800][26.654s][info][gc,phases   ] GC(946)   Evacuate Collection Set: 0.18ms
[2026-06-17T10:06:47.003+0800][26.654s][info][gc,phases   ] GC(946)   Post Evacuate Collection Set: 0.13ms
[2026-06-17T10:06:47.003+0800][26.654s][info][gc,phases   ] GC(946)   Other: 0.15ms
[2026-06-17T10:06:47.004+0800][26.654s][info][gc,heap     ] GC(946) Eden regions: 6->0(10)
[2026-06-17T10:06:47.004+0800][26.654s][info][gc,heap     ] GC(946) Survivor regions: 2->1(1)
[2026-06-17T10:06:47.005+0800][26.655s][info][gc,heap     ] GC(946) Old regions: 28->29
[2026-06-17T10:06:47.005+0800][26.655s][info][gc,heap     ] GC(946) Humongous regions: 13->13
[2026-06-17T10:06:47.005+0800][26.656s][info][gc,metaspace] GC(946) Metaspace: 116K(320K)->116K(320K) NonClass: 109K(192K)->109K(192K) Class: 7K(128K)->7K(128K)
[2026-06-17T10:06:47.007+0800][26.657s][info][gc          ] GC(946) Pause Young (Prepare Mixed) (G1 Evacuation Pause) 48M->42M(64M) 4.388ms
[2026-06-17T10:06:47.007+0800][26.657s][info][gc,cpu      ] GC(946) User=0.00s Sys=0.00s Real=0.01s
[2026-06-17T10:06:47.039+0800][26.689s][info][gc,start    ] GC(947) Pause Young (Mixed) (G1 Evacuation Pause)
[2026-06-17T10:06:47.039+0800][26.690s][info][gc,task     ] GC(947) Using 2 workers of 18 for evacuation
[2026-06-17T10:06:47.040+0800][26.691s][info][gc,phases   ] GC(947)   Pre Evacuate Collection Set: 0.13ms
[2026-06-17T10:06:47.040+0800][26.691s][info][gc,phases   ] GC(947)   Merge Heap Roots: 0.05ms
[2026-06-17T10:06:47.041+0800][26.691s][info][gc,phases   ] GC(947)   Evacuate Collection Set: 0.42ms
[2026-06-17T10:06:47.041+0800][26.692s][info][gc,phases   ] GC(947)   Post Evacuate Collection Set: 0.17ms
[2026-06-17T10:06:47.042+0800][26.692s][info][gc,phases   ] GC(947)   Other: 0.33ms
[2026-06-17T10:06:47.042+0800][26.692s][info][gc,heap     ] GC(947) Eden regions: 10->0(13)
[2026-06-17T10:06:47.042+0800][26.692s][info][gc,heap     ] GC(947) Survivor regions: 1->2(2)
[2026-06-17T10:06:47.042+0800][26.693s][info][gc,heap     ] GC(947) Old regions: 29->27
[2026-06-17T10:06:47.042+0800][26.693s][info][gc,heap     ] GC(947) Humongous regions: 15->8
[2026-06-17T10:06:47.042+0800][26.693s][info][gc,metaspace] GC(947) Metaspace: 116K(320K)->116K(320K) NonClass: 109K(192K)->109K(192K) Class: 7K(128K)->7K(128K)
[2026-06-17T10:06:47.043+0800][26.693s][info][gc          ] GC(947) Pause Young (Mixed) (G1 Evacuation Pause) 54M->36M(64M) 3.924ms
[2026-06-17T10:06:47.043+0800][26.693s][info][gc,cpu      ] GC(947) User=0.00s Sys=0.00s Real=0.01s
[2026-06-17T10:06:47.074+0800][26.725s][info][gc,start    ] GC(948) Pause Young (Mixed) (G1 Evacuation Pause)
[2026-06-17T10:06:47.075+0800][26.725s][info][gc,task     ] GC(948) Using 2 workers of 18 for evacuation
[2026-06-17T10:06:47.076+0800][26.726s][info][gc,phases   ] GC(948)   Pre Evacuate Collection Set: 0.12ms
[2026-06-17T10:06:47.076+0800][26.727s][info][gc,phases   ] GC(948)   Merge Heap Roots: 0.05ms
[2026-06-17T10:06:47.076+0800][26.727s][info][gc,phases   ] GC(948)   Evacuate Collection Set: 0.44ms
[2026-06-17T10:06:47.076+0800][26.727s][info][gc,phases   ] GC(948)   Post Evacuate Collection Set: 0.18ms
[2026-06-17T10:06:47.076+0800][26.727s][info][gc,phases   ] GC(948)   Other: 0.28ms
[2026-06-17T10:06:47.077+0800][26.727s][info][gc,heap     ] GC(948) Eden regions: 13->0(14)
[2026-06-17T10:06:47.078+0800][26.728s][info][gc,heap     ] GC(948) Survivor regions: 2->2(2)
[2026-06-17T10:06:47.078+0800][26.729s][info][gc,heap     ] GC(948) Old regions: 27->27
[2026-06-17T10:06:47.078+0800][26.729s][info][gc,heap     ] GC(948) Humongous regions: 8->8
[2026-06-17T10:06:47.078+0800][26.729s][info][gc,metaspace] GC(948) Metaspace: 116K(320K)->116K(320K) NonClass: 109K(192K)->109K(192K) Class: 7K(128K)->7K(128K)
[2026-06-17T10:06:47.079+0800][26.729s][info][gc          ] GC(948) Pause Young (Mixed) (G1 Evacuation Pause) 49M->36M(64M) 4.426ms
[2026-06-17T10:06:47.079+0800][26.729s][info][gc,cpu      ] GC(948) User=0.00s Sys=0.01s Real=0.00s
[2026-06-17T10:06:47.121+0800][26.772s][info][gc,start    ] GC(949) Pause Young (Concurrent Start) (G1 Evacuation Pause)
[2026-06-17T10:06:47.122+0800][26.773s][info][gc,task     ] GC(949) Using 2 workers of 18 for evacuation
[2026-06-17T10:06:47.124+0800][26.774s][info][gc,phases   ] GC(949)   Pre Evacuate Collection Set: 0.28ms
[2026-06-17T10:06:47.124+0800][26.774s][info][gc,phases   ] GC(949)   Merge Heap Roots: 0.05ms
[2026-06-17T10:06:47.124+0800][26.775s][info][gc,phases   ] GC(949)   Evacuate Collection Set: 0.48ms
[2026-06-17T10:06:47.124+0800][26.775s][info][gc,phases   ] GC(949)   Post Evacuate Collection Set: 0.30ms
[2026-06-17T10:06:47.124+0800][26.775s][info][gc,phases   ] GC(949)   Other: 0.37ms
[2026-06-17T10:06:47.125+0800][26.775s][info][gc,heap     ] GC(949) Eden regions: 14->0(11)
[2026-06-17T10:06:47.125+0800][26.775s][info][gc,heap     ] GC(949) Survivor regions: 2->2(2)
[2026-06-17T10:06:47.125+0800][26.775s][info][gc,heap     ] GC(949) Old regions: 27->32
[2026-06-17T10:06:47.125+0800][26.775s][info][gc,heap     ] GC(949) Humongous regions: 8->8
[2026-06-17T10:06:47.125+0800][26.776s][info][gc,metaspace] GC(949) Metaspace: 116K(320K)->116K(320K) NonClass: 109K(192K)->109K(192K) Class: 7K(128K)->7K(128K)
[2026-06-17T10:06:47.126+0800][26.776s][info][gc          ] GC(949) Pause Young (Concurrent Start) (G1 Evacuation Pause) 50M->41M(64M) 4.528ms
[2026-06-17T10:06:47.126+0800][26.777s][info][gc,cpu      ] GC(949) User=0.00s Sys=0.00s Real=0.01s
[2026-06-17T10:06:47.126+0800][26.777s][info][gc          ] GC(950) Concurrent Mark Cycle
[2026-06-17T10:06:47.126+0800][26.777s][info][gc,marking  ] GC(950) Concurrent Scan Root Regions
[2026-06-17T10:06:47.127+0800][26.777s][info][gc,marking  ] GC(950) Concurrent Scan Root Regions 0.211ms
[2026-06-17T10:06:47.127+0800][26.777s][info][gc,marking  ] GC(950) Concurrent Mark
[2026-06-17T10:06:47.127+0800][26.777s][info][gc,marking  ] GC(950) Concurrent Mark From Roots
[2026-06-17T10:06:47.127+0800][26.778s][info][gc,task     ] GC(950) Using 5 workers of 5 for marking
[2026-06-17T10:06:47.128+0800][26.779s][info][gc,marking  ] GC(950) Concurrent Mark From Roots 1.131ms
[2026-06-17T10:06:47.128+0800][26.779s][info][gc,marking  ] GC(950) Concurrent Preclean
[2026-06-17T10:06:47.128+0800][26.779s][info][gc,marking  ] GC(950) Concurrent Preclean 0.115ms
[2026-06-17T10:06:47.128+0800][26.779s][info][gc,start    ] GC(950) Pause Remark
[2026-06-17T10:06:47.129+0800][26.779s][info][gc          ] GC(950) Pause Remark 44M->38M(64M) 0.480ms
[2026-06-17T10:06:47.129+0800][26.780s][info][gc,cpu      ] GC(950) User=0.00s Sys=0.00s Real=0.00s
[2026-06-17T10:06:47.129+0800][26.780s][info][gc,marking  ] GC(950) Concurrent Mark 2.404ms
[2026-06-17T10:06:47.129+0800][26.780s][info][gc,marking  ] GC(950) Concurrent Rebuild Remembered Sets and Scrub Regions
[2026-06-17T10:06:47.130+0800][26.780s][info][gc,marking  ] GC(950) Concurrent Rebuild Remembered Sets and Scrub Regions 0.403ms
[2026-06-17T10:06:47.130+0800][26.780s][info][gc,start    ] GC(950) Pause Cleanup
[2026-06-17T10:06:47.130+0800][26.780s][info][gc          ] GC(950) Pause Cleanup 38M->38M(64M) 0.087ms
[2026-06-17T10:06:47.130+0800][26.781s][info][gc,cpu      ] GC(950) User=0.00s Sys=0.00s Real=0.00s
[2026-06-17T10:06:47.130+0800][26.781s][info][gc,marking  ] GC(950) Concurrent Clear Claimed Marks
[2026-06-17T10:06:47.130+0800][26.781s][info][gc,marking  ] GC(950) Concurrent Clear Claimed Marks 0.068ms
[2026-06-17T10:06:47.130+0800][26.781s][info][gc,marking  ] GC(950) Concurrent Cleanup for Next Mark
[2026-06-17T10:06:47.130+0800][26.781s][info][gc,marking  ] GC(950) Concurrent Cleanup for Next Mark 0.142ms
[2026-06-17T10:06:47.130+0800][26.781s][info][gc          ] GC(950) Concurrent Mark Cycle 4.462ms
[2026-06-17T10:06:47.147+0800][26.798s][info][gc,start    ] GC(951) Pause Young (Prepare Mixed) (G1 Evacuation Pause)
[2026-06-17T10:06:47.148+0800][26.798s][info][gc,task     ] GC(951) Using 2 workers of 18 for evacuation
[2026-06-17T10:06:47.149+0800][26.799s][info][gc,phases   ] GC(951)   Pre Evacuate Collection Set: 0.10ms
[2026-06-17T10:06:47.149+0800][26.799s][info][gc,phases   ] GC(951)   Merge Heap Roots: 0.06ms
[2026-06-17T10:06:47.149+0800][26.800s][info][gc,phases   ] GC(951)   Evacuate Collection Set: 0.16ms
[2026-06-17T10:06:47.149+0800][26.800s][info][gc,phases   ] GC(951)   Post Evacuate Collection Set: 0.17ms
[2026-06-17T10:06:47.150+0800][26.801s][info][gc,phases   ] GC(951)   Other: 0.38ms
[2026-06-17T10:06:47.151+0800][26.801s][info][gc,heap     ] GC(951) Eden regions: 11->0(15)
[2026-06-17T10:06:47.151+0800][26.801s][info][gc,heap     ] GC(951) Survivor regions: 2->1(2)
[2026-06-17T10:06:47.151+0800][26.802s][info][gc,heap     ] GC(951) Old regions: 26->27
[2026-06-17T10:06:47.151+0800][26.802s][info][gc,heap     ] GC(951) Humongous regions: 8->8
[2026-06-17T10:06:47.151+0800][26.802s][info][gc,metaspace] GC(951) Metaspace: 116K(320K)->116K(320K) NonClass: 109K(192K)->109K(192K) Class: 7K(128K)->7K(128K)
[2026-06-17T10:06:47.151+0800][26.802s][info][gc          ] GC(951) Pause Young (Prepare Mixed) (G1 Evacuation Pause) 46M->35M(64M) 3.921ms
[2026-06-17T10:06:47.152+0800][26.802s][info][gc,cpu      ] GC(951) User=0.00s Sys=0.00s Real=0.01s
[2026-06-17T10:06:47.193+0800][26.844s][info][gc,start    ] GC(952) Pause Young (Mixed) (G1 Evacuation Pause)
[2026-06-17T10:06:47.194+0800][26.845s][info][gc,task     ] GC(952) Using 2 workers of 18 for evacuation
[2026-06-17T10:06:47.195+0800][26.846s][info][gc,phases   ] GC(952)   Pre Evacuate Collection Set: 0.12ms
[2026-06-17T10:06:47.196+0800][26.846s][info][gc,phases   ] GC(952)   Merge Heap Roots: 0.04ms
[2026-06-17T10:06:47.196+0800][26.847s][info][gc,phases   ] GC(952)   Evacuate Collection Set: 0.52ms
[2026-06-17T10:06:47.196+0800][26.847s][info][gc,phases   ] GC(952)   Post Evacuate Collection Set: 0.30ms
[2026-06-17T10:06:47.197+0800][26.847s][info][gc,phases   ] GC(952)   Other: 0.38ms
[2026-06-17T10:06:47.197+0800][26.847s][info][gc,heap     ] GC(952) Eden regions: 15->0(15)
[2026-06-17T10:06:47.197+0800][26.848s][info][gc,heap     ] GC(952) Survivor regions: 1->2(2)
[2026-06-17T10:06:47.197+0800][26.848s][info][gc,heap     ] GC(952) Old regions: 27->26
[2026-06-17T10:06:47.197+0800][26.848s][info][gc,heap     ] GC(952) Humongous regions: 8->8
[2026-06-17T10:06:47.197+0800][26.848s][info][gc,metaspace] GC(952) Metaspace: 116K(320K)->116K(320K) NonClass: 109K(192K)->109K(192K) Class: 7K(128K)->7K(128K)
[2026-06-17T10:06:47.198+0800][26.848s][info][gc          ] GC(952) Pause Young (Mixed) (G1 Evacuation Pause) 50M->35M(64M) 4.108ms
[2026-06-17T10:06:47.198+0800][26.848s][info][gc,cpu      ] GC(952) User=0.00s Sys=0.00s Real=0.00s
[2026-06-17T10:06:47.240+0800][26.891s][info][gc,start    ] GC(953) Pause Young (Mixed) (G1 Evacuation Pause)
[2026-06-17T10:06:47.241+0800][26.891s][info][gc,task     ] GC(953) Using 2 workers of 18 for evacuation
[2026-06-17T10:06:47.243+0800][26.893s][info][gc,phases   ] GC(953)   Pre Evacuate Collection Set: 0.15ms
[2026-06-17T10:06:47.243+0800][26.893s][info][gc,phases   ] GC(953)   Merge Heap Roots: 0.05ms
[2026-06-17T10:06:47.243+0800][26.894s][info][gc,phases   ] GC(953)   Evacuate Collection Set: 0.51ms
[2026-06-17T10:06:47.243+0800][26.894s][info][gc,phases   ] GC(953)   Post Evacuate Collection Set: 0.21ms
[2026-06-17T10:06:47.244+0800][26.894s][info][gc,phases   ] GC(953)   Other: 0.69ms
[2026-06-17T10:06:47.244+0800][26.894s][info][gc,heap     ] GC(953) Eden regions: 15->0(14)
[2026-06-17T10:06:47.244+0800][26.895s][info][gc,heap     ] GC(953) Survivor regions: 2->3(3)
[2026-06-17T10:06:47.244+0800][26.895s][info][gc,heap     ] GC(953) Old regions: 26->26
[2026-06-17T10:06:47.244+0800][26.895s][info][gc,heap     ] GC(953) Humongous regions: 10->10
[2026-06-17T10:06:47.245+0800][26.895s][info][gc,metaspace] GC(953) Metaspace: 116K(320K)->116K(320K) NonClass: 109K(192K)->109K(192K) Class: 7K(128K)->7K(128K)
[2026-06-17T10:06:47.245+0800][26.895s][info][gc          ] GC(953) Pause Young (Mixed) (G1 Evacuation Pause) 52M->38M(64M) 4.469ms
[2026-06-17T10:06:47.245+0800][26.896s][info][gc,cpu      ] GC(953) User=0.00s Sys=0.00s Real=0.01s
[2026-06-17T10:06:47.277+0800][26.927s][info][gc,start    ] GC(954) Pause Young (Concurrent Start) (G1 Evacuation Pause)
[2026-06-17T10:06:47.277+0800][26.928s][info][gc,task     ] GC(954) Using 2 workers of 18 for evacuation
[2026-06-17T10:06:47.279+0800][26.929s][info][gc,phases   ] GC(954)   Pre Evacuate Collection Set: 0.22ms
[2026-06-17T10:06:47.279+0800][26.930s][info][gc,phases   ] GC(954)   Merge Heap Roots: 0.06ms
[2026-06-17T10:06:47.279+0800][26.930s][info][gc,phases   ] GC(954)   Evacuate Collection Set: 0.48ms
[2026-06-17T10:06:47.280+0800][26.930s][info][gc,phases   ] GC(954)   Post Evacuate Collection Set: 0.26ms
[2026-06-17T10:06:47.280+0800][26.930s][info][gc,phases   ] GC(954)   Other: 0.36ms
[2026-06-17T10:06:47.280+0800][26.931s][info][gc,heap     ] GC(954) Eden regions: 14->0(10)
[2026-06-17T10:06:47.280+0800][26.931s][info][gc,heap     ] GC(954) Survivor regions: 3->3(3)
[2026-06-17T10:06:47.281+0800][26.931s][info][gc,heap     ] GC(954) Old regions: 26->30
[2026-06-17T10:06:47.281+0800][26.931s][info][gc,heap     ] GC(954) Humongous regions: 10->10
[2026-06-17T10:06:47.281+0800][26.931s][info][gc,metaspace] GC(954) Metaspace: 116K(320K)->116K(320K) NonClass: 109K(192K)->109K(192K) Class: 7K(128K)->7K(128K)
[2026-06-17T10:06:47.281+0800][26.932s][info][gc          ] GC(954) Pause Young (Concurrent Start) (G1 Evacuation Pause) 52M->42M(64M) 4.164ms
[2026-06-17T10:06:47.281+0800][26.932s][info][gc,cpu      ] GC(954) User=0.00s Sys=0.01s Real=0.00s
[2026-06-17T10:06:47.281+0800][26.932s][info][gc          ] GC(955) Concurrent Mark Cycle
[2026-06-17T10:06:47.282+0800][26.932s][info][gc,marking  ] GC(955) Concurrent Scan Root Regions
[2026-06-17T10:06:47.282+0800][26.932s][info][gc,marking  ] GC(955) Concurrent Scan Root Regions 0.180ms
[2026-06-17T10:06:47.282+0800][26.932s][info][gc,marking  ] GC(955) Concurrent Mark
[2026-06-17T10:06:47.282+0800][26.932s][info][gc,marking  ] GC(955) Concurrent Mark From Roots
[2026-06-17T10:06:47.282+0800][26.933s][info][gc,task     ] GC(955) Using 5 workers of 5 for marking
[2026-06-17T10:06:47.283+0800][26.934s][info][gc,marking  ] GC(955) Concurrent Mark From Roots 1.164ms
[2026-06-17T10:06:47.283+0800][26.934s][info][gc,marking  ] GC(955) Concurrent Preclean
[2026-06-17T10:06:47.283+0800][26.934s][info][gc,marking  ] GC(955) Concurrent Preclean 0.224ms
[2026-06-17T10:06:47.284+0800][26.934s][info][gc,start    ] GC(955) Pause Remark
[2026-06-17T10:06:47.284+0800][26.935s][info][gc          ] GC(955) Pause Remark 43M->36M(64M) 0.451ms
[2026-06-17T10:06:47.284+0800][26.935s][info][gc,cpu      ] GC(955) User=0.00s Sys=0.00s Real=0.00s
[2026-06-17T10:06:47.284+0800][26.935s][info][gc,marking  ] GC(955) Concurrent Mark 2.618ms
[2026-06-17T10:06:47.285+0800][26.935s][info][gc,marking  ] GC(955) Concurrent Rebuild Remembered Sets and Scrub Regions
[2026-06-17T10:06:47.285+0800][26.936s][info][gc,marking  ] GC(955) Concurrent Rebuild Remembered Sets and Scrub Regions 0.422ms
[2026-06-17T10:06:47.285+0800][26.936s][info][gc,start    ] GC(955) Pause Cleanup
[2026-06-17T10:06:47.285+0800][26.936s][info][gc          ] GC(955) Pause Cleanup 36M->36M(64M) 0.158ms
[2026-06-17T10:06:47.285+0800][26.936s][info][gc,cpu      ] GC(955) User=0.00s Sys=0.00s Real=0.00s
[2026-06-17T10:06:47.286+0800][26.936s][info][gc,marking  ] GC(955) Concurrent Clear Claimed Marks
[2026-06-17T10:06:47.286+0800][26.936s][info][gc,marking  ] GC(955) Concurrent Clear Claimed Marks 0.090ms
[2026-06-17T10:06:47.286+0800][26.936s][info][gc,marking  ] GC(955) Concurrent Cleanup for Next Mark
[2026-06-17T10:06:47.286+0800][26.936s][info][gc,marking  ] GC(955) Concurrent Cleanup for Next Mark 0.181ms
[2026-06-17T10:06:47.286+0800][26.937s][info][gc          ] GC(955) Concurrent Mark Cycle 4.793ms
[2026-06-17T10:06:47.313+0800][26.963s][info][gc,start    ] GC(956) Pause Young (Prepare Mixed) (G1 Evacuation Pause)
[2026-06-17T10:06:47.313+0800][26.964s][info][gc,task     ] GC(956) Using 2 workers of 18 for evacuation
[2026-06-17T10:06:47.315+0800][26.965s][info][gc,phases   ] GC(956)   Pre Evacuate Collection Set: 0.21ms
[2026-06-17T10:06:47.315+0800][26.966s][info][gc,phases   ] GC(956)   Merge Heap Roots: 0.12ms
[2026-06-17T10:06:47.316+0800][26.966s][info][gc,phases   ] GC(956)   Evacuate Collection Set: 0.46ms
[2026-06-17T10:06:47.316+0800][26.966s][info][gc,phases   ] GC(956)   Post Evacuate Collection Set: 0.21ms
[2026-06-17T10:06:47.316+0800][26.967s][info][gc,phases   ] GC(956)   Other: 0.50ms
[2026-06-17T10:06:47.316+0800][26.967s][info][gc,heap     ] GC(956) Eden regions: 10->0(15)
[2026-06-17T10:06:47.317+0800][26.967s][info][gc,heap     ] GC(956) Survivor regions: 3->2(2)
[2026-06-17T10:06:47.317+0800][26.967s][info][gc,heap     ] GC(956) Old regions: 23->25
[2026-06-17T10:06:47.317+0800][26.967s][info][gc,heap     ] GC(956) Humongous regions: 10->10
[2026-06-17T10:06:47.317+0800][26.968s][info][gc,metaspace] GC(956) Metaspace: 116K(320K)->116K(320K) NonClass: 109K(192K)->109K(192K) Class: 7K(128K)->7K(128K)
[2026-06-17T10:06:47.317+0800][26.968s][info][gc          ] GC(956) Pause Young (Prepare Mixed) (G1 Evacuation Pause) 45M->36M(64M) 4.360ms
[2026-06-17T10:06:47.317+0800][26.968s][info][gc,cpu      ] GC(956) User=0.00s Sys=0.00s Real=0.00s
[2026-06-17T10:06:47.349+0800][27.000s][info][gc,start    ] GC(957) Pause Young (Mixed) (G1 Evacuation Pause)
[2026-06-17T10:06:47.350+0800][27.001s][info][gc,task     ] GC(957) Using 2 workers of 18 for evacuation
[2026-06-17T10:06:47.352+0800][27.002s][info][gc,phases   ] GC(957)   Pre Evacuate Collection Set: 0.13ms
[2026-06-17T10:06:47.352+0800][27.003s][info][gc,phases   ] GC(957)   Merge Heap Roots: 0.07ms
[2026-06-17T10:06:47.353+0800][27.003s][info][gc,phases   ] GC(957)   Evacuate Collection Set: 0.72ms
[2026-06-17T10:06:47.353+0800][27.003s][info][gc,phases   ] GC(957)   Post Evacuate Collection Set: 0.26ms
[2026-06-17T10:06:47.353+0800][27.004s][info][gc,phases   ] GC(957)   Other: 0.28ms
[2026-06-17T10:06:47.353+0800][27.004s][info][gc,heap     ] GC(957) Eden regions: 15->0(13)
[2026-06-17T10:06:47.353+0800][27.004s][info][gc,heap     ] GC(957) Survivor regions: 2->3(3)
[2026-06-17T10:06:47.354+0800][27.004s][info][gc,heap     ] GC(957) Old regions: 25->25
[2026-06-17T10:06:47.354+0800][27.004s][info][gc,heap     ] GC(957) Humongous regions: 10->10
[2026-06-17T10:06:47.354+0800][27.004s][info][gc,metaspace] GC(957) Metaspace: 116K(320K)->116K(320K) NonClass: 109K(192K)->109K(192K) Class: 7K(128K)->7K(128K)
[2026-06-17T10:06:47.354+0800][27.005s][info][gc          ] GC(957) Pause Young (Mixed) (G1 Evacuation Pause) 51M->37M(64M) 4.689ms
[2026-06-17T10:06:47.354+0800][27.005s][info][gc,cpu      ] GC(957) User=0.00s Sys=0.00s Real=0.01s
[2026-06-17T10:06:47.386+0800][27.037s][info][gc,start    ] GC(958) Pause Young (Mixed) (G1 Evacuation Pause)
[2026-06-17T10:06:47.387+0800][27.037s][info][gc,task     ] GC(958) Using 2 workers of 18 for evacuation
[2026-06-17T10:06:47.389+0800][27.039s][info][gc,phases   ] GC(958)   Pre Evacuate Collection Set: 0.21ms
[2026-06-17T10:06:47.389+0800][27.040s][info][gc,phases   ] GC(958)   Merge Heap Roots: 0.10ms
[2026-06-17T10:06:47.389+0800][27.040s][info][gc,phases   ] GC(958)   Evacuate Collection Set: 0.64ms
[2026-06-17T10:06:47.389+0800][27.040s][info][gc,phases   ] GC(958)   Post Evacuate Collection Set: 0.41ms
[2026-06-17T10:06:47.389+0800][27.040s][info][gc,phases   ] GC(958)   Other: 0.74ms
[2026-06-17T10:06:47.390+0800][27.040s][info][gc,heap     ] GC(958) Eden regions: 13->0(10)
[2026-06-17T10:06:47.390+0800][27.041s][info][gc,heap     ] GC(958) Survivor regions: 3->2(2)
[2026-06-17T10:06:47.390+0800][27.041s][info][gc,heap     ] GC(958) Old regions: 25->29
[2026-06-17T10:06:47.391+0800][27.041s][info][gc,heap     ] GC(958) Humongous regions: 10->10
[2026-06-17T10:06:47.391+0800][27.041s][info][gc,metaspace] GC(958) Metaspace: 116K(320K)->116K(320K) NonClass: 109K(192K)->109K(192K) Class: 7K(128K)->7K(128K)
[2026-06-17T10:06:47.391+0800][27.042s][info][gc          ] GC(958) Pause Young (Mixed) (G1 Evacuation Pause) 50M->40M(64M) 5.237ms
[2026-06-17T10:06:47.391+0800][27.042s][info][gc,cpu      ] GC(958) User=0.00s Sys=0.01s Real=0.01s
[2026-06-17T10:06:47.423+0800][27.074s][info][gc,start    ] GC(959) Pause Young (Concurrent Start) (G1 Evacuation Pause)
[2026-06-17T10:06:47.424+0800][27.074s][info][gc,task     ] GC(959) Using 2 workers of 18 for evacuation
[2026-06-17T10:06:47.425+0800][27.075s][info][gc,phases   ] GC(959)   Pre Evacuate Collection Set: 0.23ms
[2026-06-17T10:06:47.425+0800][27.076s][info][gc,phases   ] GC(959)   Merge Heap Roots: 0.07ms
[2026-06-17T10:06:47.425+0800][27.076s][info][gc,phases   ] GC(959)   Evacuate Collection Set: 0.35ms
[2026-06-17T10:06:47.425+0800][27.076s][info][gc,phases   ] GC(959)   Post Evacuate Collection Set: 0.22ms
[2026-06-17T10:06:47.426+0800][27.076s][info][gc,phases   ] GC(959)   Other: 0.18ms
[2026-06-17T10:06:47.426+0800][27.076s][info][gc,heap     ] GC(959) Eden regions: 10->0(8)
[2026-06-17T10:06:47.426+0800][27.076s][info][gc,heap     ] GC(959) Survivor regions: 2->2(2)
[2026-06-17T10:06:47.426+0800][27.076s][info][gc,heap     ] GC(959) Old regions: 29->32
[2026-06-17T10:06:47.426+0800][27.077s][info][gc,heap     ] GC(959) Humongous regions: 10->10
[2026-06-17T10:06:47.426+0800][27.077s][info][gc,metaspace] GC(959) Metaspace: 116K(320K)->116K(320K) NonClass: 109K(192K)->109K(192K) Class: 7K(128K)->7K(128K)
[2026-06-17T10:06:47.426+0800][27.077s][info][gc          ] GC(959) Pause Young (Concurrent Start) (G1 Evacuation Pause) 50M->43M(64M) 2.771ms
[2026-06-17T10:06:47.426+0800][27.077s][info][gc,cpu      ] GC(959) User=0.00s Sys=0.00s Real=0.00s
[2026-06-17T10:06:47.426+0800][27.077s][info][gc          ] GC(960) Concurrent Mark Cycle
[2026-06-17T10:06:47.427+0800][27.077s][info][gc,marking  ] GC(960) Concurrent Scan Root Regions
[2026-06-17T10:06:47.427+0800][27.078s][info][gc,marking  ] GC(960) Concurrent Scan Root Regions 0.204ms
[2026-06-17T10:06:47.427+0800][27.078s][info][gc,marking  ] GC(960) Concurrent Mark
[2026-06-17T10:06:47.427+0800][27.078s][info][gc,marking  ] GC(960) Concurrent Mark From Roots
[2026-06-17T10:06:47.427+0800][27.078s][info][gc,task     ] GC(960) Using 5 workers of 5 for marking
[2026-06-17T10:06:47.429+0800][27.079s][info][gc,marking  ] GC(960) Concurrent Mark From Roots 1.405ms
[2026-06-17T10:06:47.429+0800][27.079s][info][gc,marking  ] GC(960) Concurrent Preclean
[2026-06-17T10:06:47.429+0800][27.080s][info][gc,marking  ] GC(960) Concurrent Preclean 0.164ms
[2026-06-17T10:06:47.429+0800][27.080s][info][gc,start    ] GC(960) Pause Remark
[2026-06-17T10:06:47.430+0800][27.080s][info][gc          ] GC(960) Pause Remark 47M->47M(64M) 0.427ms
[2026-06-17T10:06:47.430+0800][27.080s][info][gc,cpu      ] GC(960) User=0.01s Sys=0.00s Real=0.00s
[2026-06-17T10:06:47.430+0800][27.081s][info][gc,marking  ] GC(960) Concurrent Mark 2.877ms
[2026-06-17T10:06:47.430+0800][27.081s][info][gc,marking  ] GC(960) Concurrent Rebuild Remembered Sets and Scrub Regions
[2026-06-17T10:06:47.431+0800][27.081s][info][gc,marking  ] GC(960) Concurrent Rebuild Remembered Sets and Scrub Regions 0.457ms
[2026-06-17T10:06:47.431+0800][27.081s][info][gc,start    ] GC(960) Pause Cleanup
[2026-06-17T10:06:47.431+0800][27.081s][info][gc          ] GC(960) Pause Cleanup 47M->47M(64M) 0.090ms
[2026-06-17T10:06:47.431+0800][27.082s][info][gc,cpu      ] GC(960) User=0.00s Sys=0.00s Real=0.00s
[2026-06-17T10:06:47.431+0800][27.082s][info][gc,marking  ] GC(960) Concurrent Clear Claimed Marks
[2026-06-17T10:06:47.431+0800][27.082s][info][gc,marking  ] GC(960) Concurrent Clear Claimed Marks 0.080ms
[2026-06-17T10:06:47.431+0800][27.082s][info][gc,marking  ] GC(960) Concurrent Cleanup for Next Mark
[2026-06-17T10:06:47.432+0800][27.082s][info][gc,marking  ] GC(960) Concurrent Cleanup for Next Mark 0.261ms
[2026-06-17T10:06:47.432+0800][27.082s][info][gc          ] GC(960) Concurrent Mark Cycle 5.385ms
[2026-06-17T10:06:47.448+0800][27.098s][info][gc,start    ] GC(961) Pause Young (Prepare Mixed) (G1 Evacuation Pause)
[2026-06-17T10:06:47.454+0800][27.105s][info][gc,task     ] GC(961) Using 2 workers of 18 for evacuation
[2026-06-17T10:06:47.455+0800][27.106s][info][gc,phases   ] GC(961)   Pre Evacuate Collection Set: 0.16ms
[2026-06-17T10:06:47.456+0800][27.106s][info][gc,phases   ] GC(961)   Merge Heap Roots: 0.06ms
[2026-06-17T10:06:47.456+0800][27.106s][info][gc,phases   ] GC(961)   Evacuate Collection Set: 0.29ms
[2026-06-17T10:06:47.472+0800][27.123s][info][gc,phases   ] GC(961)   Post Evacuate Collection Set: 0.19ms
[2026-06-17T10:06:47.490+0800][27.141s][info][gc,phases   ] GC(961)   Other: 0.42ms
[2026-06-17T10:06:47.490+0800][27.141s][info][gc,heap     ] GC(961) Eden regions: 8->0(7)
[2026-06-17T10:06:47.491+0800][27.141s][info][gc,heap     ] GC(961) Survivor regions: 2->2(2)
[2026-06-17T10:06:47.491+0800][27.142s][info][gc,heap     ] GC(961) Old regions: 32->34
[2026-06-17T10:06:47.506+0800][27.157s][info][gc,heap     ] GC(961) Humongous regions: 12->12
[2026-06-17T10:06:47.506+0800][27.157s][info][gc,metaspace] GC(961) Metaspace: 116K(320K)->116K(320K) NonClass: 109K(192K)->109K(192K) Class: 7K(128K)->7K(128K)
[2026-06-17T10:06:47.546+0800][27.196s][info][gc          ] GC(961) Pause Young (Prepare Mixed) (G1 Evacuation Pause) 53M->47M(64M) 98.407ms
[2026-06-17T10:06:47.559+0800][27.210s][info][gc,cpu      ] GC(961) User=0.00s Sys=0.00s Real=0.11s
[2026-06-17T10:06:47.586+0800][27.237s][info][gc,start    ] GC(962) Pause Young (Mixed) (G1 Evacuation Pause)
[2026-06-17T10:06:47.592+0800][27.242s][info][gc,task     ] GC(962) Using 2 workers of 18 for evacuation
[2026-06-17T10:06:47.594+0800][27.245s][info][gc,phases   ] GC(962)   Pre Evacuate Collection Set: 0.18ms
[2026-06-17T10:06:47.603+0800][27.254s][info][gc,phases   ] GC(962)   Merge Heap Roots: 0.05ms
[2026-06-17T10:06:47.603+0800][27.254s][info][gc,phases   ] GC(962)   Evacuate Collection Set: 0.41ms
[2026-06-17T10:06:47.604+0800][27.254s][info][gc,phases   ] GC(962)   Post Evacuate Collection Set: 0.17ms
[2026-06-17T10:06:47.604+0800][27.254s][info][gc,phases   ] GC(962)   Other: 1.37ms
[2026-06-17T10:06:47.604+0800][27.255s][info][gc,heap     ] GC(962) Eden regions: 7->0(12)
[2026-06-17T10:06:47.604+0800][27.255s][info][gc,heap     ] GC(962) Survivor regions: 2->1(2)
[2026-06-17T10:06:47.605+0800][27.255s][info][gc,heap     ] GC(962) Old regions: 34->29
[2026-06-17T10:06:47.605+0800][27.256s][info][gc,heap     ] GC(962) Humongous regions: 12->12
[2026-06-17T10:06:47.605+0800][27.256s][info][gc,metaspace] GC(962) Metaspace: 116K(320K)->116K(320K) NonClass: 109K(192K)->109K(192K) Class: 7K(128K)->7K(128K)
[2026-06-17T10:06:47.607+0800][27.257s][info][gc          ] GC(962) Pause Young (Mixed) (G1 Evacuation Pause) 54M->41M(64M) 20.665ms
[2026-06-17T10:06:47.609+0800][27.260s][info][gc,cpu      ] GC(962) User=0.00s Sys=0.00s Real=0.02s
[2026-06-17T10:06:47.632+0800][27.283s][info][gc,start    ] GC(963) Pause Young (Mixed) (G1 Evacuation Pause)
[2026-06-17T10:06:47.635+0800][27.286s][info][gc,task     ] GC(963) Using 2 workers of 18 for evacuation
[2026-06-17T10:06:47.640+0800][27.290s][info][gc,phases   ] GC(963)   Pre Evacuate Collection Set: 0.10ms
[2026-06-17T10:06:47.641+0800][27.291s][info][gc,phases   ] GC(963)   Merge Heap Roots: 0.05ms
[2026-06-17T10:06:47.643+0800][27.293s][info][gc,phases   ] GC(963)   Evacuate Collection Set: 0.48ms
[2026-06-17T10:06:47.646+0800][27.297s][info][gc,phases   ] GC(963)   Post Evacuate Collection Set: 0.18ms
[2026-06-17T10:06:47.648+0800][27.298s][info][gc,phases   ] GC(963)   Other: 3.61ms
[2026-06-17T10:06:47.648+0800][27.298s][info][gc,heap     ] GC(963) Eden regions: 12->0(9)
[2026-06-17T10:06:47.648+0800][27.299s][info][gc,heap     ] GC(963) Survivor regions: 1->2(2)
[2026-06-17T10:06:47.649+0800][27.299s][info][gc,heap     ] GC(963) Old regions: 29->30
[2026-06-17T10:06:47.649+0800][27.299s][info][gc,heap     ] GC(963) Humongous regions: 12->12
[2026-06-17T10:06:47.649+0800][27.300s][info][gc,metaspace] GC(963) Metaspace: 116K(320K)->116K(320K) NonClass: 109K(192K)->109K(192K) Class: 7K(128K)->7K(128K)
[2026-06-17T10:06:47.649+0800][27.300s][info][gc          ] GC(963) Pause Young (Mixed) (G1 Evacuation Pause) 53M->43M(64M) 16.908ms
[2026-06-17T10:06:47.649+0800][27.300s][info][gc,cpu      ] GC(963) User=0.00s Sys=0.00s Real=0.01s
[2026-06-17T10:06:47.681+0800][27.332s][info][gc,start    ] GC(964) Pause Young (Concurrent Start) (G1 Evacuation Pause)
[2026-06-17T10:06:47.683+0800][27.334s][info][gc,task     ] GC(964) Using 2 workers of 18 for evacuation
[2026-06-17T10:06:47.685+0800][27.336s][info][gc,phases   ] GC(964)   Pre Evacuate Collection Set: 0.20ms
[2026-06-17T10:06:47.688+0800][27.339s][info][gc,phases   ] GC(964)   Merge Heap Roots: 0.05ms
[2026-06-17T10:06:47.691+0800][27.341s][info][gc,phases   ] GC(964)   Evacuate Collection Set: 0.34ms
[2026-06-17T10:06:47.691+0800][27.342s][info][gc,phases   ] GC(964)   Post Evacuate Collection Set: 0.19ms
[2026-06-17T10:06:47.692+0800][27.342s][info][gc,phases   ] GC(964)   Other: 1.25ms
[2026-06-17T10:06:47.692+0800][27.343s][info][gc,heap     ] GC(964) Eden regions: 9->0(9)
[2026-06-17T10:06:47.695+0800][27.345s][info][gc,heap     ] GC(964) Survivor regions: 2->2(2)
[2026-06-17T10:06:47.695+0800][27.346s][info][gc,heap     ] GC(964) Old regions: 30->31
[2026-06-17T10:06:47.698+0800][27.348s][info][gc,heap     ] GC(964) Humongous regions: 12->12
[2026-06-17T10:06:47.698+0800][27.349s][info][gc,metaspace] GC(964) Metaspace: 116K(320K)->116K(320K) NonClass: 109K(192K)->109K(192K) Class: 7K(128K)->7K(128K)
[2026-06-17T10:06:47.699+0800][27.349s][info][gc          ] GC(964) Pause Young (Concurrent Start) (G1 Evacuation Pause) 52M->44M(64M) 17.684ms
[2026-06-17T10:06:47.700+0800][27.350s][info][gc,cpu      ] GC(964) User=0.01s Sys=0.00s Real=0.02s
[2026-06-17T10:06:47.700+0800][27.350s][info][gc          ] GC(965) Concurrent Mark Cycle
[2026-06-17T10:06:47.701+0800][27.352s][info][gc,marking  ] GC(965) Concurrent Scan Root Regions
[2026-06-17T10:06:47.702+0800][27.353s][info][gc,marking  ] GC(965) Concurrent Scan Root Regions 0.811ms
[2026-06-17T10:06:47.703+0800][27.353s][info][gc,marking  ] GC(965) Concurrent Mark
[2026-06-17T10:06:47.703+0800][27.354s][info][gc,marking  ] GC(965) Concurrent Mark From Roots
[2026-06-17T10:06:47.704+0800][27.354s][info][gc,task     ] GC(965) Using 5 workers of 5 for marking
[2026-06-17T10:06:47.705+0800][27.356s][info][gc,marking  ] GC(965) Concurrent Mark From Roots 2.021ms
[2026-06-17T10:06:47.706+0800][27.356s][info][gc,marking  ] GC(965) Concurrent Preclean
[2026-06-17T10:06:47.706+0800][27.357s][info][gc,marking  ] GC(965) Concurrent Preclean 0.525ms
[2026-06-17T10:06:47.707+0800][27.358s][info][gc,start    ] GC(965) Pause Remark
[2026-06-17T10:06:47.709+0800][27.360s][info][gc          ] GC(965) Pause Remark 47M->38M(64M) 1.881ms
[2026-06-17T10:06:47.710+0800][27.361s][info][gc,cpu      ] GC(965) User=0.00s Sys=0.00s Real=0.01s
[2026-06-17T10:06:47.711+0800][27.362s][info][gc,marking  ] GC(965) Concurrent Mark 8.914ms
[2026-06-17T10:06:47.713+0800][27.363s][info][gc,marking  ] GC(965) Concurrent Rebuild Remembered Sets and Scrub Regions
[2026-06-17T10:06:47.714+0800][27.365s][info][gc,marking  ] GC(965) Concurrent Rebuild Remembered Sets and Scrub Regions 1.197ms
[2026-06-17T10:06:47.714+0800][27.365s][info][gc,start    ] GC(965) Pause Cleanup
[2026-06-17T10:06:47.715+0800][27.366s][info][gc          ] GC(965) Pause Cleanup 44M->44M(64M) 0.971ms
[2026-06-17T10:06:47.716+0800][27.366s][info][gc,cpu      ] GC(965) User=0.00s Sys=0.00s Real=0.00s
[2026-06-17T10:06:47.716+0800][27.367s][info][gc,marking  ] GC(965) Concurrent Clear Claimed Marks
[2026-06-17T10:06:47.717+0800][27.367s][info][gc,marking  ] GC(965) Concurrent Clear Claimed Marks 0.320ms
[2026-06-17T10:06:47.717+0800][27.368s][info][gc,marking  ] GC(965) Concurrent Cleanup for Next Mark
[2026-06-17T10:06:47.718+0800][27.369s][info][gc,marking  ] GC(965) Concurrent Cleanup for Next Mark 1.141ms
[2026-06-17T10:06:47.719+0800][27.369s][info][gc          ] GC(965) Concurrent Mark Cycle 19.016ms
[2026-06-17T10:06:47.722+0800][27.373s][info][gc,start    ] GC(966) Pause Young (Prepare Mixed) (G1 Evacuation Pause)
[2026-06-17T10:06:47.723+0800][27.373s][info][gc,task     ] GC(966) Using 2 workers of 18 for evacuation
[2026-06-17T10:06:47.724+0800][27.374s][info][gc,phases   ] GC(966)   Pre Evacuate Collection Set: 0.11ms
[2026-06-17T10:06:47.724+0800][27.375s][info][gc,phases   ] GC(966)   Merge Heap Roots: 0.03ms
[2026-06-17T10:06:47.724+0800][27.375s][info][gc,phases   ] GC(966)   Evacuate Collection Set: 0.31ms
[2026-06-17T10:06:47.725+0800][27.375s][info][gc,phases   ] GC(966)   Post Evacuate Collection Set: 0.15ms
[2026-06-17T10:06:47.725+0800][27.376s][info][gc,phases   ] GC(966)   Other: 0.47ms
[2026-06-17T10:06:47.726+0800][27.376s][info][gc,heap     ] GC(966) Eden regions: 9->0(15)
[2026-06-17T10:06:47.726+0800][27.376s][info][gc,heap     ] GC(966) Survivor regions: 2->2(2)
[2026-06-17T10:06:47.726+0800][27.377s][info][gc,heap     ] GC(966) Old regions: 22->24
[2026-06-17T10:06:47.727+0800][27.377s][info][gc,heap     ] GC(966) Humongous regions: 12->12
[2026-06-17T10:06:47.727+0800][27.378s][info][gc,metaspace] GC(966) Metaspace: 116K(320K)->116K(320K) NonClass: 109K(192K)->109K(192K) Class: 7K(128K)->7K(128K)
[2026-06-17T10:06:47.727+0800][27.378s][info][gc          ] GC(966) Pause Young (Prepare Mixed) (G1 Evacuation Pause) 44M->37M(64M) 5.362ms
[2026-06-17T10:06:47.728+0800][27.378s][info][gc,cpu      ] GC(966) User=0.00s Sys=0.00s Real=0.01s
[2026-06-17T10:06:47.770+0800][27.421s][info][gc,start    ] GC(967) Pause Young (Mixed) (G1 Evacuation Pause)
[2026-06-17T10:06:47.771+0800][27.421s][info][gc,task     ] GC(967) Using 2 workers of 18 for evacuation
[2026-06-17T10:06:47.772+0800][27.423s][info][gc,phases   ] GC(967)   Pre Evacuate Collection Set: 0.13ms
[2026-06-17T10:06:47.773+0800][27.423s][info][gc,phases   ] GC(967)   Merge Heap Roots: 0.05ms
[2026-06-17T10:06:47.773+0800][27.424s][info][gc,phases   ] GC(967)   Evacuate Collection Set: 0.41ms
[2026-06-17T10:06:47.774+0800][27.424s][info][gc,phases   ] GC(967)   Post Evacuate Collection Set: 0.22ms
[2026-06-17T10:06:47.774+0800][27.425s][info][gc,phases   ] GC(967)   Other: 0.67ms
[2026-06-17T10:06:47.774+0800][27.425s][info][gc,heap     ] GC(967) Eden regions: 15->0(17)
[2026-06-17T10:06:47.775+0800][27.425s][info][gc,heap     ] GC(967) Survivor regions: 2->2(3)
[2026-06-17T10:06:47.775+0800][27.426s][info][gc,heap     ] GC(967) Old regions: 24->23
[2026-06-17T10:06:47.776+0800][27.426s][info][gc,heap     ] GC(967) Humongous regions: 12->12
[2026-06-17T10:06:47.776+0800][27.427s][info][gc,metaspace] GC(967) Metaspace: 116K(320K)->116K(320K) NonClass: 109K(192K)->109K(192K) Class: 7K(128K)->7K(128K)
[2026-06-17T10:06:47.776+0800][27.427s][info][gc          ] GC(967) Pause Young (Mixed) (G1 Evacuation Pause) 52M->36M(64M) 6.096ms
[2026-06-17T10:06:47.777+0800][27.427s][info][gc,cpu      ] GC(967) User=0.00s Sys=0.00s Real=0.01s
[2026-06-17T10:06:47.798+0800][27.449s][info][gc,start    ] GC(968) Pause Young (Concurrent Start) (G1 Humongous Allocation)
[2026-06-17T10:06:47.799+0800][27.450s][info][gc,task     ] GC(968) Using 2 workers of 18 for evacuation
[2026-06-17T10:06:47.800+0800][27.451s][info][gc,phases   ] GC(968)   Pre Evacuate Collection Set: 0.22ms
[2026-06-17T10:06:47.801+0800][27.451s][info][gc,phases   ] GC(968)   Merge Heap Roots: 0.05ms
[2026-06-17T10:06:47.801+0800][27.451s][info][gc,phases   ] GC(968)   Evacuate Collection Set: 0.32ms
[2026-06-17T10:06:47.801+0800][27.452s][info][gc,phases   ] GC(968)   Post Evacuate Collection Set: 0.20ms
[2026-06-17T10:06:47.802+0800][27.453s][info][gc,phases   ] GC(968)   Other: 0.47ms
[2026-06-17T10:06:47.803+0800][27.453s][info][gc,heap     ] GC(968) Eden regions: 12->0(16)
[2026-06-17T10:06:47.803+0800][27.453s][info][gc,heap     ] GC(968) Survivor regions: 2->2(3)
[2026-06-17T10:06:47.803+0800][27.454s][info][gc,heap     ] GC(968) Old regions: 23->25
[2026-06-17T10:06:47.804+0800][27.454s][info][gc,heap     ] GC(968) Humongous regions: 12->12
[2026-06-17T10:06:47.804+0800][27.455s][info][gc,metaspace] GC(968) Metaspace: 116K(320K)->116K(320K) NonClass: 109K(192K)->109K(192K) Class: 7K(128K)->7K(128K)
[2026-06-17T10:06:47.805+0800][27.455s][info][gc          ] GC(968) Pause Young (Concurrent Start) (G1 Humongous Allocation) 48M->38M(64M) 6.280ms
[2026-06-17T10:06:47.805+0800][27.456s][info][gc,cpu      ] GC(968) User=0.00s Sys=0.01s Real=0.01s
[2026-06-17T10:06:47.805+0800][27.456s][info][gc          ] GC(969) Concurrent Mark Cycle
[2026-06-17T10:06:47.806+0800][27.456s][info][gc,marking  ] GC(969) Concurrent Scan Root Regions
[2026-06-17T10:06:47.806+0800][27.457s][info][gc,marking  ] GC(969) Concurrent Scan Root Regions 0.526ms
[2026-06-17T10:06:47.807+0800][27.457s][info][gc,marking  ] GC(969) Concurrent Mark
[2026-06-17T10:06:47.807+0800][27.457s][info][gc,marking  ] GC(969) Concurrent Mark From Roots
[2026-06-17T10:06:47.807+0800][27.458s][info][gc,task     ] GC(969) Using 5 workers of 5 for marking
[2026-06-17T10:06:47.809+0800][27.459s][info][gc,marking  ] GC(969) Concurrent Mark From Roots 2.055ms
[2026-06-17T10:06:47.809+0800][27.460s][info][gc,marking  ] GC(969) Concurrent Preclean
[2026-06-17T10:06:47.810+0800][27.460s][info][gc,marking  ] GC(969) Concurrent Preclean 0.398ms
[2026-06-17T10:06:47.811+0800][27.461s][info][gc,start    ] GC(969) Pause Remark
[2026-06-17T10:06:47.811+0800][27.462s][info][gc          ] GC(969) Pause Remark 39M->31M(64M) 0.756ms
[2026-06-17T10:06:47.811+0800][27.462s][info][gc,cpu      ] GC(969) User=0.00s Sys=0.00s Real=0.00s
[2026-06-17T10:06:47.812+0800][27.462s][info][gc,marking  ] GC(969) Concurrent Mark 5.008ms
[2026-06-17T10:06:47.812+0800][27.462s][info][gc,marking  ] GC(969) Concurrent Rebuild Remembered Sets and Scrub Regions
[2026-06-17T10:06:47.812+0800][27.463s][info][gc,marking  ] GC(969) Concurrent Rebuild Remembered Sets and Scrub Regions 0.510ms
[2026-06-17T10:06:47.812+0800][27.463s][info][gc,start    ] GC(969) Pause Cleanup
[2026-06-17T10:06:47.813+0800][27.463s][info][gc          ] GC(969) Pause Cleanup 31M->31M(64M) 0.141ms
[2026-06-17T10:06:47.813+0800][27.463s][info][gc,cpu      ] GC(969) User=0.00s Sys=0.00s Real=0.00s
[2026-06-17T10:06:47.813+0800][27.463s][info][gc,marking  ] GC(969) Concurrent Clear Claimed Marks
[2026-06-17T10:06:47.813+0800][27.463s][info][gc,marking  ] GC(969) Concurrent Clear Claimed Marks 0.074ms
[2026-06-17T10:06:47.813+0800][27.464s][info][gc,marking  ] GC(969) Concurrent Cleanup for Next Mark
[2026-06-17T10:06:47.813+0800][27.464s][info][gc,marking  ] GC(969) Concurrent Cleanup for Next Mark 0.237ms
[2026-06-17T10:06:47.813+0800][27.464s][info][gc          ] GC(969) Concurrent Mark Cycle 8.341ms
[2026-06-17T10:06:47.858+0800][27.509s][info][gc,start    ] GC(970) Pause Young (Prepare Mixed) (G1 Evacuation Pause)
[2026-06-17T10:06:47.859+0800][27.509s][info][gc,task     ] GC(970) Using 2 workers of 18 for evacuation
[2026-06-17T10:06:47.860+0800][27.511s][info][gc,phases   ] GC(970)   Pre Evacuate Collection Set: 0.14ms
[2026-06-17T10:06:47.860+0800][27.511s][info][gc,phases   ] GC(970)   Merge Heap Roots: 0.07ms
[2026-06-17T10:06:47.861+0800][27.511s][info][gc,phases   ] GC(970)   Evacuate Collection Set: 0.42ms
[2026-06-17T10:06:47.861+0800][27.512s][info][gc,phases   ] GC(970)   Post Evacuate Collection Set: 0.29ms
[2026-06-17T10:06:47.861+0800][27.512s][info][gc,phases   ] GC(970)   Other: 0.49ms
[2026-06-17T10:06:47.861+0800][27.512s][info][gc,heap     ] GC(970) Eden regions: 16->0(19)
[2026-06-17T10:06:47.862+0800][27.512s][info][gc,heap     ] GC(970) Survivor regions: 2->3(3)
[2026-06-17T10:06:47.862+0800][27.512s][info][gc,heap     ] GC(970) Old regions: 17->19
[2026-06-17T10:06:47.862+0800][27.512s][info][gc,heap     ] GC(970) Humongous regions: 13->13
[2026-06-17T10:06:47.862+0800][27.513s][info][gc,metaspace] GC(970) Metaspace: 116K(320K)->116K(320K) NonClass: 109K(192K)->109K(192K) Class: 7K(128K)->7K(128K)
[2026-06-17T10:06:47.862+0800][27.513s][info][gc          ] GC(970) Pause Young (Prepare Mixed) (G1 Evacuation Pause) 47M->33M(64M) 4.040ms
[2026-06-17T10:06:47.862+0800][27.513s][info][gc,cpu      ] GC(970) User=0.00s Sys=0.00s Real=0.00s
[2026-06-17T10:06:47.905+0800][27.555s][info][gc,start    ] GC(971) Pause Young (Mixed) (G1 Evacuation Pause)
[2026-06-17T10:06:47.905+0800][27.556s][info][gc,task     ] GC(971) Using 2 workers of 18 for evacuation
[2026-06-17T10:06:47.907+0800][27.558s][info][gc,phases   ] GC(971)   Pre Evacuate Collection Set: 0.17ms
[2026-06-17T10:06:47.908+0800][27.558s][info][gc,phases   ] GC(971)   Merge Heap Roots: 0.05ms
[2026-06-17T10:06:47.908+0800][27.558s][info][gc,phases   ] GC(971)   Evacuate Collection Set: 0.88ms
[2026-06-17T10:06:47.908+0800][27.559s][info][gc,phases   ] GC(971)   Post Evacuate Collection Set: 0.30ms
[2026-06-17T10:06:47.909+0800][27.559s][info][gc,phases   ] GC(971)   Other: 0.55ms
[2026-06-17T10:06:47.909+0800][27.560s][info][gc,heap     ] GC(971) Eden regions: 19->0(15)
[2026-06-17T10:06:47.910+0800][27.560s][info][gc,heap     ] GC(971) Survivor regions: 3->3(3)
[2026-06-17T10:06:47.910+0800][27.561s][info][gc,heap     ] GC(971) Old regions: 19->21
[2026-06-17T10:06:47.911+0800][27.561s][info][gc,heap     ] GC(971) Humongous regions: 13->13
[2026-06-17T10:06:47.911+0800][27.562s][info][gc,metaspace] GC(971) Metaspace: 116K(320K)->116K(320K) NonClass: 109K(192K)->109K(192K) Class: 7K(128K)->7K(128K)
[2026-06-17T10:06:47.911+0800][27.562s][info][gc          ] GC(971) Pause Young (Mixed) (G1 Evacuation Pause) 52M->36M(64M) 6.773ms
[2026-06-17T10:06:47.912+0800][27.562s][info][gc,cpu      ] GC(971) User=0.00s Sys=0.00s Real=0.01s
[2026-06-17T10:06:47.954+0800][27.605s][info][gc,start    ] GC(972) Pause Young (Concurrent Start) (G1 Evacuation Pause)
[2026-06-17T10:06:47.957+0800][27.607s][info][gc,task     ] GC(972) Using 2 workers of 18 for evacuation
[2026-06-17T10:06:47.960+0800][27.611s][info][gc,phases   ] GC(972)   Pre Evacuate Collection Set: 0.18ms
[2026-06-17T10:06:47.961+0800][27.612s][info][gc,phases   ] GC(972)   Merge Heap Roots: 0.06ms
[2026-06-17T10:06:47.962+0800][27.612s][info][gc,phases   ] GC(972)   Evacuate Collection Set: 0.34ms
[2026-06-17T10:06:47.962+0800][27.613s][info][gc,phases   ] GC(972)   Post Evacuate Collection Set: 0.16ms
[2026-06-17T10:06:47.963+0800][27.614s][info][gc,phases   ] GC(972)   Other: 2.91ms
[2026-06-17T10:06:47.965+0800][27.615s][info][gc,heap     ] GC(972) Eden regions: 15->0(14)
[2026-06-17T10:06:47.965+0800][27.616s][info][gc,heap     ] GC(972) Survivor regions: 3->3(3)
[2026-06-17T10:06:47.967+0800][27.618s][info][gc,heap     ] GC(972) Old regions: 21->23
[2026-06-17T10:06:47.968+0800][27.619s][info][gc,heap     ] GC(972) Humongous regions: 13->13
[2026-06-17T10:06:47.969+0800][27.619s][info][gc,metaspace] GC(972) Metaspace: 116K(320K)->116K(320K) NonClass: 109K(192K)->109K(192K) Class: 7K(128K)->7K(128K)
[2026-06-17T10:06:47.969+0800][27.620s][info][gc          ] GC(972) Pause Young (Concurrent Start) (G1 Evacuation Pause) 51M->38M(64M) 15.229ms
[2026-06-17T10:06:47.970+0800][27.620s][info][gc          ] GC(973) Concurrent Mark Cycle
[2026-06-17T10:06:47.970+0800][27.620s][info][gc,cpu      ] GC(972) User=0.00s Sys=0.00s Real=0.01s
[2026-06-17T10:06:47.981+0800][27.631s][info][gc,marking  ] GC(973) Concurrent Scan Root Regions
[2026-06-17T10:06:47.989+0800][27.639s][info][gc,marking  ] GC(973) Concurrent Scan Root Regions 8.133ms
[2026-06-17T10:06:47.991+0800][27.641s][info][gc,marking  ] GC(973) Concurrent Mark
[2026-06-17T10:06:47.993+0800][27.644s][info][gc,marking  ] GC(973) Concurrent Mark From Roots
[2026-06-17T10:06:47.995+0800][27.645s][info][gc,task     ] GC(973) Using 5 workers of 5 for marking
[2026-06-17T10:06:47.998+0800][27.649s][info][gc,marking  ] GC(973) Concurrent Mark From Roots 4.966ms
[2026-06-17T10:06:47.999+0800][27.649s][info][gc,marking  ] GC(973) Concurrent Preclean
[2026-06-17T10:06:47.999+0800][27.650s][info][gc,marking  ] GC(973) Concurrent Preclean 0.337ms
[2026-06-17T10:06:47.999+0800][27.650s][info][gc,start    ] GC(973) Pause Remark
[2026-06-17T10:06:48.001+0800][27.652s][info][gc          ] GC(973) Pause Remark 45M->45M(64M) 1.858ms
[2026-06-17T10:06:48.002+0800][27.653s][info][gc,cpu      ] GC(973) User=0.00s Sys=0.00s Real=0.00s
[2026-06-17T10:06:48.003+0800][27.654s][info][gc,marking  ] GC(973) Concurrent Mark 12.328ms
[2026-06-17T10:06:48.004+0800][27.655s][info][gc,marking  ] GC(973) Concurrent Rebuild Remembered Sets and Scrub Regions
[2026-06-17T10:06:48.006+0800][27.656s][info][gc,marking  ] GC(973) Concurrent Rebuild Remembered Sets and Scrub Regions 1.700ms
[2026-06-17T10:06:48.007+0800][27.657s][info][gc,start    ] GC(973) Pause Cleanup
[2026-06-17T10:06:48.009+0800][27.659s][info][gc          ] GC(973) Pause Cleanup 49M->49M(64M) 1.802ms
[2026-06-17T10:06:48.009+0800][27.660s][info][gc,cpu      ] GC(973) User=0.00s Sys=0.00s Real=0.00s
[2026-06-17T10:06:48.009+0800][27.660s][info][gc,marking  ] GC(973) Concurrent Clear Claimed Marks
[2026-06-17T10:06:48.010+0800][27.660s][info][gc,marking  ] GC(973) Concurrent Clear Claimed Marks 0.101ms
[2026-06-17T10:06:48.010+0800][27.660s][info][gc,marking  ] GC(973) Concurrent Cleanup for Next Mark
[2026-06-17T10:06:48.010+0800][27.661s][info][gc,marking  ] GC(973) Concurrent Cleanup for Next Mark 0.487ms
[2026-06-17T10:06:48.011+0800][27.661s][info][gc          ] GC(973) Concurrent Mark Cycle 40.616ms
[2026-06-17T10:06:48.014+0800][27.664s][info][gc,start    ] GC(974) Pause Young (Prepare Mixed) (G1 Evacuation Pause)
[2026-06-17T10:06:48.014+0800][27.664s][info][gc,task     ] GC(974) Using 2 workers of 18 for evacuation
[2026-06-17T10:06:48.015+0800][27.665s][info][gc,phases   ] GC(974)   Pre Evacuate Collection Set: 0.14ms
[2026-06-17T10:06:48.015+0800][27.666s][info][gc,phases   ] GC(974)   Merge Heap Roots: 0.04ms
[2026-06-17T10:06:48.015+0800][27.666s][info][gc,phases   ] GC(974)   Evacuate Collection Set: 0.46ms
[2026-06-17T10:06:48.015+0800][27.666s][info][gc,phases   ] GC(974)   Post Evacuate Collection Set: 0.16ms
[2026-06-17T10:06:48.015+0800][27.666s][info][gc,phases   ] GC(974)   Other: 0.18ms
[2026-06-17T10:06:48.015+0800][27.666s][info][gc,heap     ] GC(974) Eden regions: 14->0(10)
[2026-06-17T10:06:48.015+0800][27.666s][info][gc,heap     ] GC(974) Survivor regions: 3->3(3)
[2026-06-17T10:06:48.015+0800][27.666s][info][gc,heap     ] GC(974) Old regions: 23->26
[2026-06-17T10:06:48.016+0800][27.666s][info][gc,heap     ] GC(974) Humongous regions: 13->13
[2026-06-17T10:06:48.016+0800][27.666s][info][gc,metaspace] GC(974) Metaspace: 116K(320K)->116K(320K) NonClass: 109K(192K)->109K(192K) Class: 7K(128K)->7K(128K)
[2026-06-17T10:06:48.016+0800][27.666s][info][gc          ] GC(974) Pause Young (Prepare Mixed) (G1 Evacuation Pause) 52M->41M(64M) 2.064ms
[2026-06-17T10:06:48.016+0800][27.666s][info][gc,cpu      ] GC(974) User=0.00s Sys=0.00s Real=0.00s
[2026-06-17T10:06:48.047+0800][27.698s][info][gc,start    ] GC(975) Pause Young (Mixed) (G1 Evacuation Pause)
[2026-06-17T10:06:48.048+0800][27.699s][info][gc,task     ] GC(975) Using 2 workers of 18 for evacuation
[2026-06-17T10:06:48.049+0800][27.700s][info][gc,phases   ] GC(975)   Pre Evacuate Collection Set: 0.12ms
[2026-06-17T10:06:48.053+0800][27.704s][info][gc,phases   ] GC(975)   Merge Heap Roots: 0.05ms
[2026-06-17T10:06:48.054+0800][27.705s][info][gc,phases   ] GC(975)   Evacuate Collection Set: 0.38ms
[2026-06-17T10:06:48.056+0800][27.706s][info][gc,phases   ] GC(975)   Post Evacuate Collection Set: 0.24ms
[2026-06-17T10:06:48.056+0800][27.706s][info][gc,phases   ] GC(975)   Other: 0.41ms
[2026-06-17T10:06:48.056+0800][27.707s][info][gc,heap     ] GC(975) Eden regions: 10->0(9)
[2026-06-17T10:06:48.056+0800][27.707s][info][gc,heap     ] GC(975) Survivor regions: 3->2(2)
[2026-06-17T10:06:48.056+0800][27.707s][info][gc,heap     ] GC(975) Old regions: 26->28
[2026-06-17T10:06:48.057+0800][27.707s][info][gc,heap     ] GC(975) Humongous regions: 14->14
[2026-06-17T10:06:48.057+0800][27.707s][info][gc,metaspace] GC(975) Metaspace: 116K(320K)->116K(320K) NonClass: 109K(192K)->109K(192K) Class: 7K(128K)->7K(128K)
[2026-06-17T10:06:48.057+0800][27.708s][info][gc          ] GC(975) Pause Young (Mixed) (G1 Evacuation Pause) 52M->43M(64M) 9.659ms
[2026-06-17T10:06:48.057+0800][27.708s][info][gc,cpu      ] GC(975) User=0.01s Sys=0.00s Real=0.01s
[2026-06-17T10:06:48.078+0800][27.729s][info][gc,start    ] GC(976) Pause Young (Concurrent Start) (G1 Evacuation Pause)
[2026-06-17T10:06:48.079+0800][27.729s][info][gc,task     ] GC(976) Using 2 workers of 18 for evacuation
[2026-06-17T10:06:48.080+0800][27.730s][info][gc,phases   ] GC(976)   Pre Evacuate Collection Set: 0.18ms
[2026-06-17T10:06:48.080+0800][27.730s][info][gc,phases   ] GC(976)   Merge Heap Roots: 0.04ms
[2026-06-17T10:06:48.080+0800][27.730s][info][gc,phases   ] GC(976)   Evacuate Collection Set: 0.34ms
[2026-06-17T10:06:48.080+0800][27.731s][info][gc,phases   ] GC(976)   Post Evacuate Collection Set: 0.17ms
[2026-06-17T10:06:48.080+0800][27.731s][info][gc,phases   ] GC(976)   Other: 0.28ms
[2026-06-17T10:06:48.080+0800][27.731s][info][gc,heap     ] GC(976) Eden regions: 9->0(7)
[2026-06-17T10:06:48.080+0800][27.731s][info][gc,heap     ] GC(976) Survivor regions: 2->2(2)
[2026-06-17T10:06:48.080+0800][27.731s][info][gc,heap     ] GC(976) Old regions: 28->31
[2026-06-17T10:06:48.081+0800][27.731s][info][gc,heap     ] GC(976) Humongous regions: 14->14
[2026-06-17T10:06:48.081+0800][27.731s][info][gc,metaspace] GC(976) Metaspace: 116K(320K)->116K(320K) NonClass: 109K(192K)->109K(192K) Class: 7K(128K)->7K(128K)
[2026-06-17T10:06:48.081+0800][27.731s][info][gc          ] GC(976) Pause Young (Concurrent Start) (G1 Evacuation Pause) 52M->46M(64M) 2.464ms
[2026-06-17T10:06:48.081+0800][27.731s][info][gc,cpu      ] GC(976) User=0.00s Sys=0.00s Real=0.00s
[2026-06-17T10:06:48.081+0800][27.731s][info][gc          ] GC(977) Concurrent Mark Cycle
[2026-06-17T10:06:48.081+0800][27.732s][info][gc,marking  ] GC(977) Concurrent Scan Root Regions
[2026-06-17T10:06:48.081+0800][27.732s][info][gc,marking  ] GC(977) Concurrent Scan Root Regions 0.198ms
[2026-06-17T10:06:48.081+0800][27.732s][info][gc,marking  ] GC(977) Concurrent Mark
[2026-06-17T10:06:48.082+0800][27.732s][info][gc,marking  ] GC(977) Concurrent Mark From Roots
[2026-06-17T10:06:48.082+0800][27.732s][info][gc,task     ] GC(977) Using 5 workers of 5 for marking
[2026-06-17T10:06:48.083+0800][27.733s][info][gc,marking  ] GC(977) Concurrent Mark From Roots 1.299ms
[2026-06-17T10:06:48.083+0800][27.734s][info][gc,marking  ] GC(977) Concurrent Preclean
[2026-06-17T10:06:48.083+0800][27.734s][info][gc,marking  ] GC(977) Concurrent Preclean 0.128ms
[2026-06-17T10:06:48.083+0800][27.734s][info][gc,start    ] GC(977) Pause Remark
[2026-06-17T10:06:48.084+0800][27.735s][info][gc          ] GC(977) Pause Remark 48M->40M(64M) 0.611ms
[2026-06-17T10:06:48.084+0800][27.735s][info][gc,cpu      ] GC(977) User=0.00s Sys=0.00s Real=0.00s
[2026-06-17T10:06:48.084+0800][27.735s][info][gc,marking  ] GC(977) Concurrent Mark 3.015ms
[2026-06-17T10:06:48.085+0800][27.735s][info][gc,marking  ] GC(977) Concurrent Rebuild Remembered Sets and Scrub Regions
[2026-06-17T10:06:48.085+0800][27.736s][info][gc,marking  ] GC(977) Concurrent Rebuild Remembered Sets and Scrub Regions 0.605ms
[2026-06-17T10:06:48.085+0800][27.736s][info][gc,start    ] GC(977) Pause Cleanup
[2026-06-17T10:06:48.086+0800][27.736s][info][gc          ] GC(977) Pause Cleanup 40M->40M(64M) 0.163ms
[2026-06-17T10:06:48.086+0800][27.736s][info][gc,cpu      ] GC(977) User=0.00s Sys=0.00s Real=0.00s
[2026-06-17T10:06:48.086+0800][27.736s][info][gc,marking  ] GC(977) Concurrent Clear Claimed Marks
[2026-06-17T10:06:48.086+0800][27.736s][info][gc,marking  ] GC(977) Concurrent Clear Claimed Marks 0.113ms
[2026-06-17T10:06:48.086+0800][27.737s][info][gc,marking  ] GC(977) Concurrent Cleanup for Next Mark
[2026-06-17T10:06:48.086+0800][27.737s][info][gc,marking  ] GC(977) Concurrent Cleanup for Next Mark 0.201ms
[2026-06-17T10:06:48.086+0800][27.737s][info][gc          ] GC(977) Concurrent Mark Cycle 5.488ms
[2026-06-17T10:06:48.102+0800][27.752s][info][gc,start    ] GC(978) Pause Young (Prepare Mixed) (G1 Evacuation Pause)
[2026-06-17T10:06:48.102+0800][27.753s][info][gc,task     ] GC(978) Using 2 workers of 18 for evacuation
[2026-06-17T10:06:48.103+0800][27.753s][info][gc,phases   ] GC(978)   Pre Evacuate Collection Set: 0.09ms
[2026-06-17T10:06:48.103+0800][27.754s][info][gc,phases   ] GC(978)   Merge Heap Roots: 0.05ms
[2026-06-17T10:06:48.103+0800][27.754s][info][gc,phases   ] GC(978)   Evacuate Collection Set: 0.18ms
[2026-06-17T10:06:48.103+0800][27.754s][info][gc,phases   ] GC(978)   Post Evacuate Collection Set: 0.18ms
[2026-06-17T10:06:48.104+0800][27.754s][info][gc,phases   ] GC(978)   Other: 0.24ms
[2026-06-17T10:06:48.104+0800][27.754s][info][gc,heap     ] GC(978) Eden regions: 7->0(15)
[2026-06-17T10:06:48.104+0800][27.754s][info][gc,heap     ] GC(978) Survivor regions: 2->1(2)
[2026-06-17T10:06:48.104+0800][27.754s][info][gc,heap     ] GC(978) Old regions: 23->24
[2026-06-17T10:06:48.104+0800][27.755s][info][gc,heap     ] GC(978) Humongous regions: 14->14
[2026-06-17T10:06:48.104+0800][27.755s][info][gc,metaspace] GC(978) Metaspace: 116K(320K)->116K(320K) NonClass: 109K(192K)->109K(192K) Class: 7K(128K)->7K(128K)
[2026-06-17T10:06:48.104+0800][27.755s][info][gc          ] GC(978) Pause Young (Prepare Mixed) (G1 Evacuation Pause) 45M->38M(64M) 2.447ms
[2026-06-17T10:06:48.104+0800][27.755s][info][gc,cpu      ] GC(978) User=0.00s Sys=0.00s Real=0.01s
[2026-06-17T10:06:48.136+0800][27.787s][info][gc,start    ] GC(979) Pause Young (Mixed) (G1 Evacuation Pause)
[2026-06-17T10:06:48.138+0800][27.789s][info][gc,task     ] GC(979) Using 2 workers of 18 for evacuation
[2026-06-17T10:06:48.139+0800][27.790s][info][gc,phases   ] GC(979)   Pre Evacuate Collection Set: 0.12ms
[2026-06-17T10:06:48.140+0800][27.790s][info][gc,phases   ] GC(979)   Merge Heap Roots: 0.05ms
[2026-06-17T10:06:48.140+0800][27.791s][info][gc,phases   ] GC(979)   Evacuate Collection Set: 0.33ms
[2026-06-17T10:06:48.140+0800][27.791s][info][gc,phases   ] GC(979)   Post Evacuate Collection Set: 0.20ms
[2026-06-17T10:06:48.141+0800][27.791s][info][gc,phases   ] GC(979)   Other: 0.42ms
[2026-06-17T10:06:48.141+0800][27.792s][info][gc,heap     ] GC(979) Eden regions: 15->0(18)
[2026-06-17T10:06:48.141+0800][27.792s][info][gc,heap     ] GC(979) Survivor regions: 1->2(2)
[2026-06-17T10:06:48.142+0800][27.792s][info][gc,heap     ] GC(979) Old regions: 24->20
[2026-06-17T10:06:48.142+0800][27.792s][info][gc,heap     ] GC(979) Humongous regions: 14->14
[2026-06-17T10:06:48.142+0800][27.793s][info][gc,metaspace] GC(979) Metaspace: 116K(320K)->116K(320K) NonClass: 109K(192K)->109K(192K) Class: 7K(128K)->7K(128K)
[2026-06-17T10:06:48.142+0800][27.793s][info][gc          ] GC(979) Pause Young (Mixed) (G1 Evacuation Pause) 52M->35M(64M) 6.322ms
[2026-06-17T10:06:48.143+0800][27.793s][info][gc,cpu      ] GC(979) User=0.01s Sys=0.00s Real=0.01s
[2026-06-17T10:06:48.195+0800][27.846s][info][gc,start    ] GC(980) Pause Young (Concurrent Start) (G1 Evacuation Pause)
[2026-06-17T10:06:48.195+0800][27.846s][info][gc,task     ] GC(980) Using 2 workers of 18 for evacuation
[2026-06-17T10:06:48.197+0800][27.847s][info][gc,phases   ] GC(980)   Pre Evacuate Collection Set: 0.31ms
[2026-06-17T10:06:48.197+0800][27.847s][info][gc,phases   ] GC(980)   Merge Heap Roots: 0.07ms
[2026-06-17T10:06:48.197+0800][27.848s][info][gc,phases   ] GC(980)   Evacuate Collection Set: 0.44ms
[2026-06-17T10:06:48.197+0800][27.848s][info][gc,phases   ] GC(980)   Post Evacuate Collection Set: 0.18ms
[2026-06-17T10:06:48.197+0800][27.848s][info][gc,phases   ] GC(980)   Other: 0.32ms
[2026-06-17T10:06:48.197+0800][27.848s][info][gc,heap     ] GC(980) Eden regions: 18->0(14)
[2026-06-17T10:06:48.197+0800][27.848s][info][gc,heap     ] GC(980) Survivor regions: 2->3(3)
[2026-06-17T10:06:48.198+0800][27.848s][info][gc,heap     ] GC(980) Old regions: 20->24
[2026-06-17T10:06:48.198+0800][27.848s][info][gc,heap     ] GC(980) Humongous regions: 14->14
[2026-06-17T10:06:48.198+0800][27.848s][info][gc,metaspace] GC(980) Metaspace: 116K(320K)->116K(320K) NonClass: 109K(192K)->109K(192K) Class: 7K(128K)->7K(128K)
[2026-06-17T10:06:48.198+0800][27.849s][info][gc          ] GC(980) Pause Young (Concurrent Start) (G1 Evacuation Pause) 53M->40M(64M) 3.008ms
[2026-06-17T10:06:48.198+0800][27.849s][info][gc,cpu      ] GC(980) User=0.00s Sys=0.00s Real=0.00s
[2026-06-17T10:06:48.198+0800][27.849s][info][gc          ] GC(981) Concurrent Mark Cycle
[2026-06-17T10:06:48.198+0800][27.849s][info][gc,marking  ] GC(981) Concurrent Scan Root Regions
[2026-06-17T10:06:48.199+0800][27.849s][info][gc,marking  ] GC(981) Concurrent Scan Root Regions 0.237ms
[2026-06-17T10:06:48.199+0800][27.849s][info][gc,marking  ] GC(981) Concurrent Mark
[2026-06-17T10:06:48.199+0800][27.849s][info][gc,marking  ] GC(981) Concurrent Mark From Roots
[2026-06-17T10:06:48.199+0800][27.849s][info][gc,task     ] GC(981) Using 5 workers of 5 for marking
[2026-06-17T10:06:48.200+0800][27.851s][info][gc,marking  ] GC(981) Concurrent Mark From Roots 1.181ms
[2026-06-17T10:06:48.200+0800][27.851s][info][gc,marking  ] GC(981) Concurrent Preclean
[2026-06-17T10:06:48.200+0800][27.851s][info][gc,marking  ] GC(981) Concurrent Preclean 0.111ms
[2026-06-17T10:06:48.200+0800][27.851s][info][gc,start    ] GC(981) Pause Remark
[2026-06-17T10:06:48.201+0800][27.851s][info][gc          ] GC(981) Pause Remark 43M->35M(64M) 0.367ms
[2026-06-17T10:06:48.201+0800][27.851s][info][gc,cpu      ] GC(981) User=0.00s Sys=0.00s Real=0.00s
[2026-06-17T10:06:48.201+0800][27.852s][info][gc,marking  ] GC(981) Concurrent Mark 2.292ms
[2026-06-17T10:06:48.201+0800][27.852s][info][gc,marking  ] GC(981) Concurrent Rebuild Remembered Sets and Scrub Regions
[2026-06-17T10:06:48.202+0800][27.852s][info][gc,marking  ] GC(981) Concurrent Rebuild Remembered Sets and Scrub Regions 0.446ms
[2026-06-17T10:06:48.202+0800][27.852s][info][gc,start    ] GC(981) Pause Cleanup
[2026-06-17T10:06:48.202+0800][27.852s][info][gc          ] GC(981) Pause Cleanup 35M->35M(64M) 0.109ms
[2026-06-17T10:06:48.202+0800][27.852s][info][gc,cpu      ] GC(981) User=0.00s Sys=0.00s Real=0.00s
[2026-06-17T10:06:48.202+0800][27.853s][info][gc,marking  ] GC(981) Concurrent Clear Claimed Marks
[2026-06-17T10:06:48.202+0800][27.853s][info][gc,marking  ] GC(981) Concurrent Clear Claimed Marks 0.074ms
[2026-06-17T10:06:48.202+0800][27.853s][info][gc,marking  ] GC(981) Concurrent Cleanup for Next Mark
[2026-06-17T10:06:48.202+0800][27.853s][info][gc,marking  ] GC(981) Concurrent Cleanup for Next Mark 0.174ms
[2026-06-17T10:06:48.202+0800][27.853s][info][gc          ] GC(981) Concurrent Mark Cycle 4.290ms
[2026-06-17T10:06:48.230+0800][27.881s][info][gc,start    ] GC(982) Pause Young (Prepare Mixed) (G1 Evacuation Pause)
[2026-06-17T10:06:48.230+0800][27.881s][info][gc,task     ] GC(982) Using 2 workers of 18 for evacuation
[2026-06-17T10:06:48.231+0800][27.882s][info][gc,phases   ] GC(982)   Pre Evacuate Collection Set: 0.11ms
[2026-06-17T10:06:48.232+0800][27.882s][info][gc,phases   ] GC(982)   Merge Heap Roots: 0.04ms
[2026-06-17T10:06:48.232+0800][27.882s][info][gc,phases   ] GC(982)   Evacuate Collection Set: 0.46ms
[2026-06-17T10:06:48.232+0800][27.882s][info][gc,phases   ] GC(982)   Post Evacuate Collection Set: 0.20ms
[2026-06-17T10:06:48.232+0800][27.882s][info][gc,phases   ] GC(982)   Other: 0.24ms
[2026-06-17T10:06:48.232+0800][27.882s][info][gc,heap     ] GC(982) Eden regions: 14->0(15)
[2026-06-17T10:06:48.232+0800][27.883s][info][gc,heap     ] GC(982) Survivor regions: 3->3(3)
[2026-06-17T10:06:48.232+0800][27.883s][info][gc,heap     ] GC(982) Old regions: 16->20
[2026-06-17T10:06:48.232+0800][27.883s][info][gc,heap     ] GC(982) Humongous regions: 14->14
[2026-06-17T10:06:48.232+0800][27.883s][info][gc,metaspace] GC(982) Metaspace: 116K(320K)->116K(320K) NonClass: 109K(192K)->109K(192K) Class: 7K(128K)->7K(128K)
[2026-06-17T10:06:48.233+0800][27.883s][info][gc          ] GC(982) Pause Young (Prepare Mixed) (G1 Evacuation Pause) 46M->36M(64M) 2.559ms
[2026-06-17T10:06:48.233+0800][27.883s][info][gc,cpu      ] GC(982) User=0.01s Sys=0.00s Real=0.01s
[2026-06-17T10:06:48.275+0800][27.925s][info][gc,start    ] GC(983) Pause Young (Mixed) (G1 Evacuation Pause)
[2026-06-17T10:06:48.275+0800][27.926s][info][gc,task     ] GC(983) Using 2 workers of 18 for evacuation
[2026-06-17T10:06:48.276+0800][27.927s][info][gc,phases   ] GC(983)   Pre Evacuate Collection Set: 0.12ms
[2026-06-17T10:06:48.276+0800][27.927s][info][gc,phases   ] GC(983)   Merge Heap Roots: 0.05ms
[2026-06-17T10:06:48.276+0800][27.927s][info][gc,phases   ] GC(983)   Evacuate Collection Set: 0.40ms
[2026-06-17T10:06:48.277+0800][27.927s][info][gc,phases   ] GC(983)   Post Evacuate Collection Set: 0.20ms
[2026-06-17T10:06:48.277+0800][27.927s][info][gc,phases   ] GC(983)   Other: 0.25ms
[2026-06-17T10:06:48.277+0800][27.928s][info][gc,heap     ] GC(983) Eden regions: 15->0(16)
[2026-06-17T10:06:48.277+0800][27.928s][info][gc,heap     ] GC(983) Survivor regions: 3->3(3)
[2026-06-17T10:06:48.277+0800][27.928s][info][gc,heap     ] GC(983) Old regions: 20->22
[2026-06-17T10:06:48.278+0800][27.928s][info][gc,heap     ] GC(983) Humongous regions: 16->10
[2026-06-17T10:06:48.278+0800][27.928s][info][gc,metaspace] GC(983) Metaspace: 116K(320K)->116K(320K) NonClass: 109K(192K)->109K(192K) Class: 7K(128K)->7K(128K)
[2026-06-17T10:06:48.278+0800][27.929s][info][gc          ] GC(983) Pause Young (Mixed) (G1 Evacuation Pause) 53M->34M(64M) 3.418ms
[2026-06-17T10:06:48.278+0800][27.929s][info][gc,cpu      ] GC(983) User=0.00s Sys=0.00s Real=0.00s
[2026-06-17T10:06:48.310+0800][27.961s][info][gc,start    ] GC(984) Pause Young (Concurrent Start) (G1 Evacuation Pause)
[2026-06-17T10:06:48.311+0800][27.961s][info][gc,task     ] GC(984) Using 2 workers of 18 for evacuation
[2026-06-17T10:06:48.312+0800][27.962s][info][gc,phases   ] GC(984)   Pre Evacuate Collection Set: 0.20ms
[2026-06-17T10:06:48.312+0800][27.963s][info][gc,phases   ] GC(984)   Merge Heap Roots: 0.04ms
[2026-06-17T10:06:48.312+0800][27.963s][info][gc,phases   ] GC(984)   Evacuate Collection Set: 0.44ms
[2026-06-17T10:06:48.312+0800][27.963s][info][gc,phases   ] GC(984)   Post Evacuate Collection Set: 0.19ms
[2026-06-17T10:06:48.313+0800][27.963s][info][gc,phases   ] GC(984)   Other: 0.39ms
[2026-06-17T10:06:48.313+0800][27.964s][info][gc,heap     ] GC(984) Eden regions: 16->0(14)
[2026-06-17T10:06:48.313+0800][27.964s][info][gc,heap     ] GC(984) Survivor regions: 3->3(3)
[2026-06-17T10:06:48.313+0800][27.964s][info][gc,heap     ] GC(984) Old regions: 22->25
[2026-06-17T10:06:48.313+0800][27.964s][info][gc,heap     ] GC(984) Humongous regions: 10->10
[2026-06-17T10:06:48.314+0800][27.964s][info][gc,metaspace] GC(984) Metaspace: 116K(320K)->116K(320K) NonClass: 109K(192K)->109K(192K) Class: 7K(128K)->7K(128K)
[2026-06-17T10:06:48.314+0800][27.964s][info][gc          ] GC(984) Pause Young (Concurrent Start) (G1 Evacuation Pause) 50M->37M(64M) 3.551ms
[2026-06-17T10:06:48.314+0800][27.964s][info][gc,cpu      ] GC(984) User=0.00s Sys=0.00s Real=0.01s
[2026-06-17T10:06:48.314+0800][27.964s][info][gc          ] GC(985) Concurrent Mark Cycle
[2026-06-17T10:06:48.314+0800][27.965s][info][gc,marking  ] GC(985) Concurrent Scan Root Regions
[2026-06-17T10:06:48.315+0800][27.965s][info][gc,marking  ] GC(985) Concurrent Scan Root Regions 0.167ms
[2026-06-17T10:06:48.315+0800][27.965s][info][gc,marking  ] GC(985) Concurrent Mark
[2026-06-17T10:06:48.315+0800][27.965s][info][gc,marking  ] GC(985) Concurrent Mark From Roots
[2026-06-17T10:06:48.315+0800][27.965s][info][gc,task     ] GC(985) Using 5 workers of 5 for marking
[2026-06-17T10:06:48.316+0800][27.966s][info][gc,marking  ] GC(985) Concurrent Mark From Roots 1.193ms
[2026-06-17T10:06:48.316+0800][27.967s][info][gc,marking  ] GC(985) Concurrent Preclean
[2026-06-17T10:06:48.316+0800][27.967s][info][gc,marking  ] GC(985) Concurrent Preclean 0.156ms
[2026-06-17T10:06:48.316+0800][27.967s][info][gc,start    ] GC(985) Pause Remark
[2026-06-17T10:06:48.317+0800][27.967s][info][gc          ] GC(985) Pause Remark 38M->38M(64M) 0.365ms
[2026-06-17T10:06:48.317+0800][27.967s][info][gc,cpu      ] GC(985) User=0.00s Sys=0.00s Real=0.00s
[2026-06-17T10:06:48.317+0800][27.968s][info][gc,marking  ] GC(985) Concurrent Mark 2.408ms
[2026-06-17T10:06:48.317+0800][27.968s][info][gc,marking  ] GC(985) Concurrent Rebuild Remembered Sets and Scrub Regions
[2026-06-17T10:06:48.318+0800][27.968s][info][gc,marking  ] GC(985) Concurrent Rebuild Remembered Sets and Scrub Regions 0.473ms
[2026-06-17T10:06:48.318+0800][27.968s][info][gc,start    ] GC(985) Pause Cleanup
[2026-06-17T10:06:48.318+0800][27.968s][info][gc          ] GC(985) Pause Cleanup 38M->38M(64M) 0.099ms
[2026-06-17T10:06:48.318+0800][27.969s][info][gc,cpu      ] GC(985) User=0.00s Sys=0.00s Real=0.00s
[2026-06-17T10:06:48.318+0800][27.969s][info][gc,marking  ] GC(985) Concurrent Clear Claimed Marks
[2026-06-17T10:06:48.318+0800][27.969s][info][gc,marking  ] GC(985) Concurrent Clear Claimed Marks 0.079ms
[2026-06-17T10:06:48.318+0800][27.969s][info][gc,marking  ] GC(985) Concurrent Cleanup for Next Mark
[2026-06-17T10:06:48.318+0800][27.969s][info][gc,marking  ] GC(985) Concurrent Cleanup for Next Mark 0.230ms
[2026-06-17T10:06:48.319+0800][27.969s][info][gc          ] GC(985) Concurrent Mark Cycle 4.672ms
[2026-06-17T10:06:48.356+0800][28.006s][info][gc,start    ] GC(986) Pause Young (Prepare Mixed) (G1 Evacuation Pause)
[2026-06-17T10:06:48.356+0800][28.007s][info][gc,task     ] GC(986) Using 2 workers of 18 for evacuation
[2026-06-17T10:06:48.357+0800][28.008s][info][gc,phases   ] GC(986)   Pre Evacuate Collection Set: 0.18ms
[2026-06-17T10:06:48.358+0800][28.008s][info][gc,phases   ] GC(986)   Merge Heap Roots: 0.08ms
[2026-06-17T10:06:48.358+0800][28.008s][info][gc,phases   ] GC(986)   Evacuate Collection Set: 0.51ms
[2026-06-17T10:06:48.358+0800][28.008s][info][gc,phases   ] GC(986)   Post Evacuate Collection Set: 0.18ms
[2026-06-17T10:06:48.358+0800][28.008s][info][gc,phases   ] GC(986)   Other: 0.26ms
[2026-06-17T10:06:48.358+0800][28.009s][info][gc,heap     ] GC(986) Eden regions: 14->0(11)
[2026-06-17T10:06:48.358+0800][28.009s][info][gc,heap     ] GC(986) Survivor regions: 3->3(3)
[2026-06-17T10:06:48.358+0800][28.009s][info][gc,heap     ] GC(986) Old regions: 25->29
[2026-06-17T10:06:48.358+0800][28.009s][info][gc,heap     ] GC(986) Humongous regions: 10->10
[2026-06-17T10:06:48.358+0800][28.009s][info][gc,metaspace] GC(986) Metaspace: 116K(320K)->116K(320K) NonClass: 109K(192K)->109K(192K) Class: 7K(128K)->7K(128K)
[2026-06-17T10:06:48.359+0800][28.009s][info][gc          ] GC(986) Pause Young (Prepare Mixed) (G1 Evacuation Pause) 51M->41M(64M) 2.682ms
[2026-06-17T10:06:48.359+0800][28.009s][info][gc,cpu      ] GC(986) User=0.00s Sys=0.00s Real=0.00s
[2026-06-17T10:06:48.390+0800][28.041s][info][gc,start    ] GC(987) Pause Young (Mixed) (G1 Evacuation Pause)
[2026-06-17T10:06:48.391+0800][28.041s][info][gc,task     ] GC(987) Using 2 workers of 18 for evacuation
[2026-06-17T10:06:48.392+0800][28.043s][info][gc,phases   ] GC(987)   Pre Evacuate Collection Set: 0.13ms
[2026-06-17T10:06:48.392+0800][28.043s][info][gc,phases   ] GC(987)   Merge Heap Roots: 0.04ms
[2026-06-17T10:06:48.392+0800][28.043s][info][gc,phases   ] GC(987)   Evacuate Collection Set: 0.77ms
[2026-06-17T10:06:48.393+0800][28.043s][info][gc,phases   ] GC(987)   Post Evacuate Collection Set: 0.32ms
[2026-06-17T10:06:48.393+0800][28.043s][info][gc,phases   ] GC(987)   Other: 0.21ms
[2026-06-17T10:06:48.393+0800][28.043s][info][gc,heap     ] GC(987) Eden regions: 11->0(13)
[2026-06-17T10:06:48.393+0800][28.044s][info][gc,heap     ] GC(987) Survivor regions: 3->2(2)
[2026-06-17T10:06:48.393+0800][28.044s][info][gc,heap     ] GC(987) Old regions: 29->28
[2026-06-17T10:06:48.393+0800][28.044s][info][gc,heap     ] GC(987) Humongous regions: 10->10
[2026-06-17T10:06:48.393+0800][28.044s][info][gc,metaspace] GC(987) Metaspace: 116K(320K)->116K(320K) NonClass: 109K(192K)->109K(192K) Class: 7K(128K)->7K(128K)
[2026-06-17T10:06:48.394+0800][28.044s][info][gc          ] GC(987) Pause Young (Mixed) (G1 Evacuation Pause) 52M->39M(64M) 3.276ms
[2026-06-17T10:06:48.394+0800][28.044s][info][gc,cpu      ] GC(987) User=0.00s Sys=0.00s Real=0.01s
[2026-06-17T10:06:48.425+0800][28.076s][info][gc,start    ] GC(988) Pause Young (Concurrent Start) (G1 Evacuation Pause)
[2026-06-17T10:06:48.428+0800][28.079s][info][gc,task     ] GC(988) Using 2 workers of 18 for evacuation
[2026-06-17T10:06:48.431+0800][28.081s][info][gc,phases   ] GC(988)   Pre Evacuate Collection Set: 0.32ms
[2026-06-17T10:06:48.431+0800][28.082s][info][gc,phases   ] GC(988)   Merge Heap Roots: 0.05ms
[2026-06-17T10:06:48.433+0800][28.084s][info][gc,phases   ] GC(988)   Evacuate Collection Set: 0.42ms
[2026-06-17T10:06:48.434+0800][28.085s][info][gc,phases   ] GC(988)   Post Evacuate Collection Set: 0.22ms
[2026-06-17T10:06:48.435+0800][28.086s][info][gc,phases   ] GC(988)   Other: 1.58ms
[2026-06-17T10:06:48.436+0800][28.087s][info][gc,heap     ] GC(988) Eden regions: 13->0(11)
[2026-06-17T10:06:48.437+0800][28.088s][info][gc,heap     ] GC(988) Survivor regions: 2->2(2)
[2026-06-17T10:06:48.439+0800][28.089s][info][gc,heap     ] GC(988) Old regions: 28->31
[2026-06-17T10:06:48.440+0800][28.091s][info][gc,heap     ] GC(988) Humongous regions: 10->10
[2026-06-17T10:06:48.441+0800][28.092s][info][gc,metaspace] GC(988) Metaspace: 116K(320K)->116K(320K) NonClass: 109K(192K)->109K(192K) Class: 7K(128K)->7K(128K)
[2026-06-17T10:06:48.442+0800][28.092s][info][gc          ] GC(988) Pause Young (Concurrent Start) (G1 Evacuation Pause) 52M->42M(64M) 16.292ms
[2026-06-17T10:06:48.443+0800][28.093s][info][gc,cpu      ] GC(988) User=0.00s Sys=0.00s Real=0.02s
[2026-06-17T10:06:48.443+0800][28.093s][info][gc          ] GC(989) Concurrent Mark Cycle
[2026-06-17T10:06:48.445+0800][28.095s][info][gc,marking  ] GC(989) Concurrent Scan Root Regions
[2026-06-17T10:06:48.446+0800][28.096s][info][gc,marking  ] GC(989) Concurrent Scan Root Regions 0.883ms
[2026-06-17T10:06:48.447+0800][28.097s][info][gc,marking  ] GC(989) Concurrent Mark
[2026-06-17T10:06:48.447+0800][28.098s][info][gc,marking  ] GC(989) Concurrent Mark From Roots
[2026-06-17T10:06:48.449+0800][28.099s][info][gc,task     ] GC(989) Using 5 workers of 5 for marking
[2026-06-17T10:06:48.450+0800][28.101s][info][gc,marking  ] GC(989) Concurrent Mark From Roots 3.018ms
[2026-06-17T10:06:48.452+0800][28.102s][info][gc,marking  ] GC(989) Concurrent Preclean
[2026-06-17T10:06:48.454+0800][28.104s][info][gc,marking  ] GC(989) Concurrent Preclean 2.039ms
[2026-06-17T10:06:48.455+0800][28.106s][info][gc,start    ] GC(989) Pause Remark
[2026-06-17T10:06:48.458+0800][28.109s][info][gc          ] GC(989) Pause Remark 49M->39M(64M) 2.539ms
[2026-06-17T10:06:48.460+0800][28.111s][info][gc,cpu      ] GC(989) User=0.00s Sys=0.00s Real=0.00s
[2026-06-17T10:06:48.461+0800][28.112s][info][gc,marking  ] GC(989) Concurrent Mark 14.475ms
[2026-06-17T10:06:48.464+0800][28.115s][info][gc,marking  ] GC(989) Concurrent Rebuild Remembered Sets and Scrub Regions
[2026-06-17T10:06:48.467+0800][28.117s][info][gc,marking  ] GC(989) Concurrent Rebuild Remembered Sets and Scrub Regions 2.344ms
[2026-06-17T10:06:48.470+0800][28.121s][info][gc,start    ] GC(989) Pause Cleanup
[2026-06-17T10:06:48.474+0800][28.125s][info][gc          ] GC(989) Pause Cleanup 44M->44M(64M) 4.115ms
[2026-06-17T10:06:48.475+0800][28.125s][info][gc,cpu      ] GC(989) User=0.00s Sys=0.00s Real=0.01s
[2026-06-17T10:06:48.475+0800][28.125s][info][gc,marking  ] GC(989) Concurrent Clear Claimed Marks
[2026-06-17T10:06:48.475+0800][28.126s][info][gc,marking  ] GC(989) Concurrent Clear Claimed Marks 0.212ms
[2026-06-17T10:06:48.475+0800][28.126s][info][gc,marking  ] GC(989) Concurrent Cleanup for Next Mark
[2026-06-17T10:06:48.475+0800][28.126s][info][gc,start    ] GC(990) Pause Young (Prepare Mixed) (G1 Evacuation Pause)
[2026-06-17T10:06:48.476+0800][28.126s][info][gc,task     ] GC(990) Using 2 workers of 18 for evacuation
[2026-06-17T10:06:48.477+0800][28.127s][info][gc,phases   ] GC(990)   Pre Evacuate Collection Set: 0.09ms
[2026-06-17T10:06:48.477+0800][28.128s][info][gc,phases   ] GC(990)   Merge Heap Roots: 0.04ms
[2026-06-17T10:06:48.477+0800][28.128s][info][gc,phases   ] GC(990)   Evacuate Collection Set: 0.57ms
[2026-06-17T10:06:48.477+0800][28.128s][info][gc,phases   ] GC(990)   Post Evacuate Collection Set: 0.26ms
[2026-06-17T10:06:48.478+0800][28.128s][info][gc,phases   ] GC(990)   Other: 0.19ms
[2026-06-17T10:06:48.478+0800][28.128s][info][gc,heap     ] GC(990) Eden regions: 11->0(16)
[2026-06-17T10:06:48.478+0800][28.129s][info][gc,heap     ] GC(990) Survivor regions: 2->2(2)
[2026-06-17T10:06:48.478+0800][28.129s][info][gc,heap     ] GC(990) Old regions: 21->23
[2026-06-17T10:06:48.478+0800][28.129s][info][gc,heap     ] GC(990) Humongous regions: 11->11
[2026-06-17T10:06:48.479+0800][28.129s][info][gc,metaspace] GC(990) Metaspace: 116K(320K)->116K(320K) NonClass: 109K(192K)->109K(192K) Class: 7K(128K)->7K(128K)
[2026-06-17T10:06:48.479+0800][28.129s][info][gc          ] GC(990) Pause Young (Prepare Mixed) (G1 Evacuation Pause) 44M->35M(64M) 3.714ms
[2026-06-17T10:06:48.479+0800][28.129s][info][gc,cpu      ] GC(990) User=0.00s Sys=0.00s Real=0.00s
[2026-06-17T10:06:48.479+0800][28.130s][info][gc,marking  ] GC(989) Concurrent Cleanup for Next Mark 3.679ms
[2026-06-17T10:06:48.479+0800][28.130s][info][gc          ] GC(989) Concurrent Mark Cycle 36.407ms
[2026-06-17T10:06:48.521+0800][28.171s][info][gc,start    ] GC(991) Pause Young (Mixed) (G1 Evacuation Pause)
[2026-06-17T10:06:48.521+0800][28.172s][info][gc,task     ] GC(991) Using 2 workers of 18 for evacuation
[2026-06-17T10:06:48.523+0800][28.173s][info][gc,phases   ] GC(991)   Pre Evacuate Collection Set: 0.15ms
[2026-06-17T10:06:48.523+0800][28.174s][info][gc,phases   ] GC(991)   Merge Heap Roots: 0.09ms
[2026-06-17T10:06:48.523+0800][28.174s][info][gc,phases   ] GC(991)   Evacuate Collection Set: 0.52ms
[2026-06-17T10:06:48.523+0800][28.174s][info][gc,phases   ] GC(991)   Post Evacuate Collection Set: 0.28ms
[2026-06-17T10:06:48.524+0800][28.174s][info][gc,phases   ] GC(991)   Other: 0.40ms
[2026-06-17T10:06:48.524+0800][28.174s][info][gc,heap     ] GC(991) Eden regions: 16->0(16)
[2026-06-17T10:06:48.524+0800][28.174s][info][gc,heap     ] GC(991) Survivor regions: 2->3(3)
[2026-06-17T10:06:48.524+0800][28.175s][info][gc,heap     ] GC(991) Old regions: 23->23
[2026-06-17T10:06:48.524+0800][28.175s][info][gc,heap     ] GC(991) Humongous regions: 11->11
[2026-06-17T10:06:48.524+0800][28.175s][info][gc,metaspace] GC(991) Metaspace: 116K(320K)->116K(320K) NonClass: 109K(192K)->109K(192K) Class: 7K(128K)->7K(128K)
[2026-06-17T10:06:48.524+0800][28.175s][info][gc          ] GC(991) Pause Young (Mixed) (G1 Evacuation Pause) 51M->36M(64M) 3.378ms
[2026-06-17T10:06:48.524+0800][28.175s][info][gc,cpu      ] GC(991) User=0.00s Sys=0.01s Real=0.01s
[2026-06-17T10:06:48.567+0800][28.217s][info][gc,start    ] GC(992) Pause Young (Concurrent Start) (G1 Evacuation Pause)
[2026-06-17T10:06:48.567+0800][28.218s][info][gc,task     ] GC(992) Using 2 workers of 18 for evacuation
[2026-06-17T10:06:48.570+0800][28.220s][info][gc,phases   ] GC(992)   Pre Evacuate Collection Set: 0.26ms
[2026-06-17T10:06:48.570+0800][28.221s][info][gc,phases   ] GC(992)   Merge Heap Roots: 0.04ms
[2026-06-17T10:06:48.570+0800][28.221s][info][gc,phases   ] GC(992)   Evacuate Collection Set: 0.40ms
[2026-06-17T10:06:48.571+0800][28.221s][info][gc,phases   ] GC(992)   Post Evacuate Collection Set: 0.33ms
[2026-06-17T10:06:48.571+0800][28.222s][info][gc,phases   ] GC(992)   Other: 1.41ms
[2026-06-17T10:06:48.571+0800][28.222s][info][gc,heap     ] GC(992) Eden regions: 16->0(14)
[2026-06-17T10:06:48.572+0800][28.222s][info][gc,heap     ] GC(992) Survivor regions: 3->3(3)
[2026-06-17T10:06:48.572+0800][28.223s][info][gc,heap     ] GC(992) Old regions: 23->25
[2026-06-17T10:06:48.572+0800][28.223s][info][gc,heap     ] GC(992) Humongous regions: 11->11
[2026-06-17T10:06:48.573+0800][28.223s][info][gc,metaspace] GC(992) Metaspace: 116K(320K)->116K(320K) NonClass: 109K(192K)->109K(192K) Class: 7K(128K)->7K(128K)
[2026-06-17T10:06:48.573+0800][28.224s][info][gc          ] GC(992) Pause Young (Concurrent Start) (G1 Evacuation Pause) 52M->38M(64M) 6.449ms
[2026-06-17T10:06:48.574+0800][28.224s][info][gc,cpu      ] GC(992) User=0.00s Sys=0.00s Real=0.01s
[2026-06-17T10:06:48.574+0800][28.224s][info][gc          ] GC(993) Concurrent Mark Cycle
[2026-06-17T10:06:48.574+0800][28.225s][info][gc,marking  ] GC(993) Concurrent Scan Root Regions
[2026-06-17T10:06:48.575+0800][28.225s][info][gc,marking  ] GC(993) Concurrent Scan Root Regions 0.497ms
[2026-06-17T10:06:48.575+0800][28.225s][info][gc,marking  ] GC(993) Concurrent Mark
[2026-06-17T10:06:48.575+0800][28.225s][info][gc,marking  ] GC(993) Concurrent Mark From Roots
[2026-06-17T10:06:48.575+0800][28.226s][info][gc,task     ] GC(993) Using 5 workers of 5 for marking
[2026-06-17T10:06:48.576+0800][28.227s][info][gc,marking  ] GC(993) Concurrent Mark From Roots 1.339ms
[2026-06-17T10:06:48.576+0800][28.227s][info][gc,marking  ] GC(993) Concurrent Preclean
[2026-06-17T10:06:48.577+0800][28.227s][info][gc,marking  ] GC(993) Concurrent Preclean 0.140ms
[2026-06-17T10:06:48.577+0800][28.227s][info][gc,start    ] GC(993) Pause Remark
[2026-06-17T10:06:48.577+0800][28.228s][info][gc          ] GC(993) Pause Remark 43M->37M(64M) 0.398ms
[2026-06-17T10:06:48.577+0800][28.228s][info][gc,cpu      ] GC(993) User=0.00s Sys=0.00s Real=0.00s
[2026-06-17T10:06:48.577+0800][28.228s][info][gc,marking  ] GC(993) Concurrent Mark 2.603ms
[2026-06-17T10:06:48.577+0800][28.228s][info][gc,marking  ] GC(993) Concurrent Rebuild Remembered Sets and Scrub Regions
[2026-06-17T10:06:48.578+0800][28.229s][info][gc,marking  ] GC(993) Concurrent Rebuild Remembered Sets and Scrub Regions 0.499ms
[2026-06-17T10:06:48.578+0800][28.229s][info][gc,start    ] GC(993) Pause Cleanup
[2026-06-17T10:06:48.578+0800][28.229s][info][gc          ] GC(993) Pause Cleanup 37M->37M(64M) 0.094ms
[2026-06-17T10:06:48.578+0800][28.229s][info][gc,cpu      ] GC(993) User=0.00s Sys=0.00s Real=0.00s
[2026-06-17T10:06:48.578+0800][28.229s][info][gc,marking  ] GC(993) Concurrent Clear Claimed Marks
[2026-06-17T10:06:48.579+0800][28.229s][info][gc,marking  ] GC(993) Concurrent Clear Claimed Marks 0.081ms
[2026-06-17T10:06:48.579+0800][28.229s][info][gc,marking  ] GC(993) Concurrent Cleanup for Next Mark
[2026-06-17T10:06:48.579+0800][28.229s][info][gc,marking  ] GC(993) Concurrent Cleanup for Next Mark 0.175ms
[2026-06-17T10:06:48.579+0800][28.229s][info][gc          ] GC(993) Concurrent Mark Cycle 5.092ms
[2026-06-17T10:06:48.605+0800][28.256s][info][gc,start    ] GC(994) Pause Young (Prepare Mixed) (G1 Evacuation Pause)
[2026-06-17T10:06:48.606+0800][28.256s][info][gc,task     ] GC(994) Using 2 workers of 18 for evacuation
[2026-06-17T10:06:48.607+0800][28.257s][info][gc,phases   ] GC(994)   Pre Evacuate Collection Set: 0.12ms
[2026-06-17T10:06:48.607+0800][28.257s][info][gc,phases   ] GC(994)   Merge Heap Roots: 0.05ms
[2026-06-17T10:06:48.607+0800][28.258s][info][gc,phases   ] GC(994)   Evacuate Collection Set: 0.49ms
[2026-06-17T10:06:48.607+0800][28.258s][info][gc,phases   ] GC(994)   Post Evacuate Collection Set: 0.18ms
[2026-06-17T10:06:48.607+0800][28.258s][info][gc,phases   ] GC(994)   Other: 0.22ms
[2026-06-17T10:06:48.607+0800][28.258s][info][gc,heap     ] GC(994) Eden regions: 14->0(15)
[2026-06-17T10:06:48.607+0800][28.258s][info][gc,heap     ] GC(994) Survivor regions: 3->3(3)
[2026-06-17T10:06:48.608+0800][28.258s][info][gc,heap     ] GC(994) Old regions: 19->23
[2026-06-17T10:06:48.608+0800][28.258s][info][gc,heap     ] GC(994) Humongous regions: 11->11
[2026-06-17T10:06:48.608+0800][28.258s][info][gc,metaspace] GC(994) Metaspace: 116K(320K)->116K(320K) NonClass: 109K(192K)->109K(192K) Class: 7K(128K)->7K(128K)
[2026-06-17T10:06:48.608+0800][28.258s][info][gc          ] GC(994) Pause Young (Prepare Mixed) (G1 Evacuation Pause) 46M->36M(64M) 2.413ms
[2026-06-17T10:06:48.608+0800][28.258s][info][gc,cpu      ] GC(994) User=0.00s Sys=0.00s Real=0.00s
[2026-06-17T10:06:48.640+0800][28.290s][info][gc,start    ] GC(995) Pause Young (Mixed) (G1 Evacuation Pause)
[2026-06-17T10:06:48.640+0800][28.291s][info][gc,task     ] GC(995) Using 2 workers of 18 for evacuation
[2026-06-17T10:06:48.642+0800][28.293s][info][gc,phases   ] GC(995)   Pre Evacuate Collection Set: 0.18ms
[2026-06-17T10:06:48.642+0800][28.293s][info][gc,phases   ] GC(995)   Merge Heap Roots: 0.07ms
[2026-06-17T10:06:48.643+0800][28.293s][info][gc,phases   ] GC(995)   Evacuate Collection Set: 0.46ms
[2026-06-17T10:06:48.643+0800][28.293s][info][gc,phases   ] GC(995)   Post Evacuate Collection Set: 0.38ms
[2026-06-17T10:06:48.643+0800][28.294s][info][gc,phases   ] GC(995)   Other: 0.60ms
[2026-06-17T10:06:48.643+0800][28.294s][info][gc,heap     ] GC(995) Eden regions: 15->0(17)
[2026-06-17T10:06:48.644+0800][28.294s][info][gc,heap     ] GC(995) Survivor regions: 3->3(3)
[2026-06-17T10:06:48.644+0800][28.294s][info][gc,heap     ] GC(995) Old regions: 23->20
[2026-06-17T10:06:48.644+0800][28.295s][info][gc,heap     ] GC(995) Humongous regions: 11->11
[2026-06-17T10:06:48.644+0800][28.295s][info][gc,metaspace] GC(995) Metaspace: 116K(320K)->116K(320K) NonClass: 109K(192K)->109K(192K) Class: 7K(128K)->7K(128K)
[2026-06-17T10:06:48.644+0800][28.295s][info][gc          ] GC(995) Pause Young (Mixed) (G1 Evacuation Pause) 51M->33M(64M) 4.387ms
[2026-06-17T10:06:48.644+0800][28.295s][info][gc,cpu      ] GC(995) User=0.01s Sys=0.00s Real=0.01s
[2026-06-17T10:06:48.645+0800][28.295s][info][gc,start    ] GC(996) Pause Young (Concurrent Start) (G1 Humongous Allocation)
[2026-06-17T10:06:48.645+0800][28.295s][info][gc,task     ] GC(996) Using 2 workers of 18 for evacuation
[2026-06-17T10:06:48.645+0800][28.296s][info][gc,phases   ] GC(996)   Pre Evacuate Collection Set: 0.17ms
[2026-06-17T10:06:48.646+0800][28.296s][info][gc,phases   ] GC(996)   Merge Heap Roots: 0.05ms
[2026-06-17T10:06:48.646+0800][28.296s][info][gc,phases   ] GC(996)   Evacuate Collection Set: 0.25ms
[2026-06-17T10:06:48.646+0800][28.296s][info][gc,phases   ] GC(996)   Post Evacuate Collection Set: 0.16ms
[2026-06-17T10:06:48.646+0800][28.296s][info][gc,phases   ] GC(996)   Other: 0.11ms
[2026-06-17T10:06:48.647+0800][28.297s][info][gc,heap     ] GC(996) Eden regions: 2->0(12)
[2026-06-17T10:06:48.647+0800][28.298s][info][gc,heap     ] GC(996) Survivor regions: 3->2(3)
[2026-06-17T10:06:48.647+0800][28.298s][info][gc,heap     ] GC(996) Old regions: 20->23
[2026-06-17T10:06:48.647+0800][28.298s][info][gc,heap     ] GC(996) Humongous regions: 11->11
[2026-06-17T10:06:48.647+0800][28.298s][info][gc,metaspace] GC(996) Metaspace: 116K(320K)->116K(320K) NonClass: 109K(192K)->109K(192K) Class: 7K(128K)->7K(128K)
[2026-06-17T10:06:48.648+0800][28.298s][info][gc          ] GC(996) Pause Young (Concurrent Start) (G1 Humongous Allocation) 34M->34M(64M) 2.957ms
[2026-06-17T10:06:48.648+0800][28.298s][info][gc,cpu      ] GC(996) User=0.00s Sys=0.00s Real=0.00s
[2026-06-17T10:06:48.648+0800][28.298s][info][gc          ] GC(997) Concurrent Mark Cycle
[2026-06-17T10:06:48.648+0800][28.298s][info][gc,marking  ] GC(997) Concurrent Scan Root Regions
[2026-06-17T10:06:48.648+0800][28.299s][info][gc,marking  ] GC(997) Concurrent Scan Root Regions 0.187ms
[2026-06-17T10:06:48.648+0800][28.299s][info][gc,marking  ] GC(997) Concurrent Mark
[2026-06-17T10:06:48.648+0800][28.299s][info][gc,marking  ] GC(997) Concurrent Mark From Roots
[2026-06-17T10:06:48.648+0800][28.299s][info][gc,task     ] GC(997) Using 5 workers of 5 for marking
[2026-06-17T10:06:48.650+0800][28.300s][info][gc,marking  ] GC(997) Concurrent Mark From Roots 1.205ms
[2026-06-17T10:06:48.650+0800][28.300s][info][gc,marking  ] GC(997) Concurrent Preclean
[2026-06-17T10:06:48.650+0800][28.300s][info][gc,marking  ] GC(997) Concurrent Preclean 0.153ms
[2026-06-17T10:06:48.650+0800][28.300s][info][gc,start    ] GC(997) Pause Remark
[2026-06-17T10:06:48.650+0800][28.301s][info][gc          ] GC(997) Pause Remark 36M->36M(64M) 0.408ms
[2026-06-17T10:06:48.650+0800][28.301s][info][gc,cpu      ] GC(997) User=0.00s Sys=0.00s Real=0.01s
[2026-06-17T10:06:48.651+0800][28.301s][info][gc,marking  ] GC(997) Concurrent Mark 2.359ms
[2026-06-17T10:06:48.651+0800][28.301s][info][gc,marking  ] GC(997) Concurrent Rebuild Remembered Sets and Scrub Regions
[2026-06-17T10:06:48.651+0800][28.302s][info][gc,marking  ] GC(997) Concurrent Rebuild Remembered Sets and Scrub Regions 0.463ms
[2026-06-17T10:06:48.651+0800][28.302s][info][gc,start    ] GC(997) Pause Cleanup
[2026-06-17T10:06:48.651+0800][28.302s][info][gc          ] GC(997) Pause Cleanup 36M->36M(64M) 0.091ms
[2026-06-17T10:06:48.651+0800][28.302s][info][gc,cpu      ] GC(997) User=0.00s Sys=0.00s Real=0.00s
[2026-06-17T10:06:48.652+0800][28.302s][info][gc,marking  ] GC(997) Concurrent Clear Claimed Marks
[2026-06-17T10:06:48.652+0800][28.302s][info][gc,marking  ] GC(997) Concurrent Clear Claimed Marks 0.069ms
[2026-06-17T10:06:48.652+0800][28.302s][info][gc,marking  ] GC(997) Concurrent Cleanup for Next Mark
[2026-06-17T10:06:48.652+0800][28.302s][info][gc,marking  ] GC(997) Concurrent Cleanup for Next Mark 0.157ms
[2026-06-17T10:06:48.652+0800][28.302s][info][gc          ] GC(997) Concurrent Mark Cycle 4.222ms
[2026-06-17T10:06:48.679+0800][28.330s][info][gc,start    ] GC(998) Pause Young (Prepare Mixed) (G1 Evacuation Pause)
[2026-06-17T10:06:48.680+0800][28.330s][info][gc,task     ] GC(998) Using 2 workers of 18 for evacuation
[2026-06-17T10:06:48.681+0800][28.331s][info][gc,phases   ] GC(998)   Pre Evacuate Collection Set: 0.11ms
[2026-06-17T10:06:48.681+0800][28.331s][info][gc,phases   ] GC(998)   Merge Heap Roots: 0.13ms
[2026-06-17T10:06:48.681+0800][28.331s][info][gc,phases   ] GC(998)   Evacuate Collection Set: 0.23ms
[2026-06-17T10:06:48.681+0800][28.332s][info][gc,phases   ] GC(998)   Post Evacuate Collection Set: 0.17ms
[2026-06-17T10:06:48.681+0800][28.332s][info][gc,phases   ] GC(998)   Other: 0.29ms
[2026-06-17T10:06:48.681+0800][28.332s][info][gc,heap     ] GC(998) Eden regions: 12->0(12)
[2026-06-17T10:06:48.681+0800][28.332s][info][gc,heap     ] GC(998) Survivor regions: 2->2(2)
[2026-06-17T10:06:48.682+0800][28.332s][info][gc,heap     ] GC(998) Old regions: 23->24
[2026-06-17T10:06:48.682+0800][28.332s][info][gc,heap     ] GC(998) Humongous regions: 13->13
[2026-06-17T10:06:48.682+0800][28.332s][info][gc,metaspace] GC(998) Metaspace: 116K(320K)->116K(320K) NonClass: 109K(192K)->109K(192K) Class: 7K(128K)->7K(128K)
[2026-06-17T10:06:48.682+0800][28.332s][info][gc          ] GC(998) Pause Young (Prepare Mixed) (G1 Evacuation Pause) 48M->38M(64M) 2.524ms
[2026-06-17T10:06:48.682+0800][28.332s][info][gc,cpu      ] GC(998) User=0.00s Sys=0.00s Real=0.00s
[2026-06-17T10:06:48.714+0800][28.364s][info][gc,start    ] GC(999) Pause Young (Mixed) (G1 Evacuation Pause)
[2026-06-17T10:06:48.714+0800][28.365s][info][gc,task     ] GC(999) Using 2 workers of 18 for evacuation
[2026-06-17T10:06:48.715+0800][28.366s][info][gc,phases   ] GC(999)   Pre Evacuate Collection Set: 0.26ms
[2026-06-17T10:06:48.716+0800][28.366s][info][gc,phases   ] GC(999)   Merge Heap Roots: 0.08ms
[2026-06-17T10:06:48.716+0800][28.367s][info][gc,phases   ] GC(999)   Evacuate Collection Set: 0.40ms
[2026-06-17T10:06:48.716+0800][28.367s][info][gc,phases   ] GC(999)   Post Evacuate Collection Set: 0.30ms
[2026-06-17T10:06:48.717+0800][28.367s][info][gc,phases   ] GC(999)   Other: 0.27ms
[2026-06-17T10:06:48.717+0800][28.368s][info][gc,heap     ] GC(999) Eden regions: 12->0(12)
[2026-06-17T10:06:48.717+0800][28.368s][info][gc,heap     ] GC(999) Survivor regions: 2->2(2)
[2026-06-17T10:06:48.718+0800][28.368s][info][gc,heap     ] GC(999) Old regions: 24->25
[2026-06-17T10:06:48.718+0800][28.368s][info][gc,heap     ] GC(999) Humongous regions: 13->13
[2026-06-17T10:06:48.718+0800][28.369s][info][gc,metaspace] GC(999) Metaspace: 116K(320K)->116K(320K) NonClass: 109K(192K)->109K(192K) Class: 7K(128K)->7K(128K)
[2026-06-17T10:06:48.718+0800][28.369s][info][gc          ] GC(999) Pause Young (Mixed) (G1 Evacuation Pause) 50M->39M(64M) 4.435ms
[2026-06-17T10:06:48.718+0800][28.369s][info][gc,cpu      ] GC(999) User=0.00s Sys=0.00s Real=0.00s
[2026-06-17T10:06:48.750+0800][28.400s][info][gc,start    ] GC(1000) Pause Young (Concurrent Start) (G1 Evacuation Pause)
[2026-06-17T10:06:48.751+0800][28.401s][info][gc,task     ] GC(1000) Using 2 workers of 18 for evacuation
[2026-06-17T10:06:48.752+0800][28.403s][info][gc,phases   ] GC(1000)   Pre Evacuate Collection Set: 0.27ms
[2026-06-17T10:06:48.752+0800][28.403s][info][gc,phases   ] GC(1000)   Merge Heap Roots: 0.05ms
[2026-06-17T10:06:48.753+0800][28.403s][info][gc,phases   ] GC(1000)   Evacuate Collection Set: 0.31ms
[2026-06-17T10:06:48.753+0800][28.403s][info][gc,phases   ] GC(1000)   Post Evacuate Collection Set: 0.23ms
[2026-06-17T10:06:48.753+0800][28.404s][info][gc,phases   ] GC(1000)   Other: 0.61ms
[2026-06-17T10:06:48.753+0800][28.404s][info][gc,heap     ] GC(1000) Eden regions: 12->0(12)
[2026-06-17T10:06:48.753+0800][28.404s][info][gc,heap     ] GC(1000) Survivor regions: 2->2(2)
[2026-06-17T10:06:48.754+0800][28.404s][info][gc,heap     ] GC(1000) Old regions: 25->27
[2026-06-17T10:06:48.754+0800][28.404s][info][gc,heap     ] GC(1000) Humongous regions: 13->13
[2026-06-17T10:06:48.754+0800][28.404s][info][gc,metaspace] GC(1000) Metaspace: 116K(320K)->116K(320K) NonClass: 109K(192K)->109K(192K) Class: 7K(128K)->7K(128K)
[2026-06-17T10:06:48.754+0800][28.405s][info][gc          ] GC(1000) Pause Young (Concurrent Start) (G1 Evacuation Pause) 51M->41M(64M) 4.142ms
[2026-06-17T10:06:48.754+0800][28.405s][info][gc,cpu      ] GC(1000) User=0.00s Sys=0.00s Real=0.01s
[2026-06-17T10:06:48.754+0800][28.405s][info][gc          ] GC(1001) Concurrent Mark Cycle
[2026-06-17T10:06:48.754+0800][28.405s][info][gc,marking  ] GC(1001) Concurrent Scan Root Regions
[2026-06-17T10:06:48.755+0800][28.405s][info][gc,marking  ] GC(1001) Concurrent Scan Root Regions 0.189ms
[2026-06-17T10:06:48.755+0800][28.405s][info][gc,marking  ] GC(1001) Concurrent Mark
[2026-06-17T10:06:48.755+0800][28.405s][info][gc,marking  ] GC(1001) Concurrent Mark From Roots
[2026-06-17T10:06:48.755+0800][28.405s][info][gc,task     ] GC(1001) Using 5 workers of 5 for marking
[2026-06-17T10:06:48.756+0800][28.407s][info][gc,marking  ] GC(1001) Concurrent Mark From Roots 1.303ms
[2026-06-17T10:06:48.756+0800][28.407s][info][gc,marking  ] GC(1001) Concurrent Preclean
[2026-06-17T10:06:48.756+0800][28.407s][info][gc,marking  ] GC(1001) Concurrent Preclean 0.129ms
[2026-06-17T10:06:48.757+0800][28.407s][info][gc,start    ] GC(1001) Pause Remark
[2026-06-17T10:06:48.757+0800][28.408s][info][gc          ] GC(1001) Pause Remark 42M->37M(64M) 0.479ms
[2026-06-17T10:06:48.757+0800][28.408s][info][gc,cpu      ] GC(1001) User=0.00s Sys=0.00s Real=0.00s
[2026-06-17T10:06:48.757+0800][28.408s][info][gc,marking  ] GC(1001) Concurrent Mark 2.590ms
[2026-06-17T10:06:48.757+0800][28.408s][info][gc,marking  ] GC(1001) Concurrent Rebuild Remembered Sets and Scrub Regions
[2026-06-17T10:06:48.758+0800][28.408s][info][gc,marking  ] GC(1001) Concurrent Rebuild Remembered Sets and Scrub Regions 0.426ms
[2026-06-17T10:06:48.758+0800][28.409s][info][gc,start    ] GC(1001) Pause Cleanup
[2026-06-17T10:06:48.758+0800][28.409s][info][gc          ] GC(1001) Pause Cleanup 37M->37M(64M) 0.127ms
[2026-06-17T10:06:48.758+0800][28.409s][info][gc,cpu      ] GC(1001) User=0.00s Sys=0.00s Real=0.00s
[2026-06-17T10:06:48.758+0800][28.409s][info][gc,marking  ] GC(1001) Concurrent Clear Claimed Marks
[2026-06-17T10:06:48.758+0800][28.409s][info][gc,marking  ] GC(1001) Concurrent Clear Claimed Marks 0.082ms
[2026-06-17T10:06:48.758+0800][28.409s][info][gc,marking  ] GC(1001) Concurrent Cleanup for Next Mark
[2026-06-17T10:06:48.759+0800][28.409s][info][gc,marking  ] GC(1001) Concurrent Cleanup for Next Mark 0.182ms
[2026-06-17T10:06:48.759+0800][28.409s][info][gc          ] GC(1001) Concurrent Mark Cycle 4.554ms
[2026-06-17T10:06:48.786+0800][28.436s][info][gc,start    ] GC(1002) Pause Young (Prepare Mixed) (G1 Evacuation Pause)
[2026-06-17T10:06:48.787+0800][28.437s][info][gc,task     ] GC(1002) Using 2 workers of 18 for evacuation
[2026-06-17T10:06:48.788+0800][28.438s][info][gc,phases   ] GC(1002)   Pre Evacuate Collection Set: 0.11ms
[2026-06-17T10:06:48.788+0800][28.438s][info][gc,phases   ] GC(1002)   Merge Heap Roots: 0.07ms
[2026-06-17T10:06:48.788+0800][28.438s][info][gc,phases   ] GC(1002)   Evacuate Collection Set: 0.35ms
[2026-06-17T10:06:48.788+0800][28.439s][info][gc,phases   ] GC(1002)   Post Evacuate Collection Set: 0.23ms
[2026-06-17T10:06:48.788+0800][28.439s][info][gc,phases   ] GC(1002)   Other: 0.27ms
[2026-06-17T10:06:48.788+0800][28.439s][info][gc,heap     ] GC(1002) Eden regions: 12->0(14)
[2026-06-17T10:06:48.788+0800][28.439s][info][gc,heap     ] GC(1002) Survivor regions: 2->2(2)
[2026-06-17T10:06:48.788+0800][28.439s][info][gc,heap     ] GC(1002) Old regions: 22->24
[2026-06-17T10:06:48.789+0800][28.439s][info][gc,heap     ] GC(1002) Humongous regions: 13->13
[2026-06-17T10:06:48.789+0800][28.439s][info][gc,metaspace] GC(1002) Metaspace: 116K(320K)->116K(320K) NonClass: 109K(192K)->109K(192K) Class: 7K(128K)->7K(128K)
[2026-06-17T10:06:48.789+0800][28.439s][info][gc          ] GC(1002) Pause Young (Prepare Mixed) (G1 Evacuation Pause) 48M->38M(64M) 2.945ms
[2026-06-17T10:06:48.789+0800][28.439s][info][gc,cpu      ] GC(1002) User=0.00s Sys=0.00s Real=0.00s
[2026-06-17T10:06:48.831+0800][28.481s][info][gc,start    ] GC(1003) Pause Young (Mixed) (G1 Evacuation Pause)
[2026-06-17T10:06:48.831+0800][28.482s][info][gc,task     ] GC(1003) Using 2 workers of 18 for evacuation
[2026-06-17T10:06:48.833+0800][28.483s][info][gc,phases   ] GC(1003)   Pre Evacuate Collection Set: 0.14ms
[2026-06-17T10:06:48.833+0800][28.483s][info][gc,phases   ] GC(1003)   Merge Heap Roots: 0.07ms
[2026-06-17T10:06:48.833+0800][28.484s][info][gc,phases   ] GC(1003)   Evacuate Collection Set: 0.69ms
[2026-06-17T10:06:48.833+0800][28.484s][info][gc,phases   ] GC(1003)   Post Evacuate Collection Set: 0.22ms
[2026-06-17T10:06:48.833+0800][28.484s][info][gc,phases   ] GC(1003)   Other: 0.21ms
[2026-06-17T10:06:48.833+0800][28.484s][info][gc,heap     ] GC(1003) Eden regions: 14->0(14)
[2026-06-17T10:06:48.834+0800][28.484s][info][gc,heap     ] GC(1003) Survivor regions: 2->2(2)
[2026-06-17T10:06:48.834+0800][28.484s][info][gc,heap     ] GC(1003) Old regions: 24->23
[2026-06-17T10:06:48.834+0800][28.484s][info][gc,heap     ] GC(1003) Humongous regions: 13->13
[2026-06-17T10:06:48.834+0800][28.485s][info][gc,metaspace] GC(1003) Metaspace: 116K(320K)->116K(320K) NonClass: 109K(192K)->109K(192K) Class: 7K(128K)->7K(128K)
[2026-06-17T10:06:48.834+0800][28.485s][info][gc          ] GC(1003) Pause Young (Mixed) (G1 Evacuation Pause) 52M->37M(64M) 3.447ms
[2026-06-17T10:06:48.835+0800][28.485s][info][gc,cpu      ] GC(1003) User=0.00s Sys=0.00s Real=0.00s
[2026-06-17T10:06:48.846+0800][28.496s][info][gc,start    ] GC(1004) Pause Young (Concurrent Start) (G1 Humongous Allocation)
[2026-06-17T10:06:48.846+0800][28.497s][info][gc,task     ] GC(1004) Using 2 workers of 18 for evacuation
[2026-06-17T10:06:48.847+0800][28.497s][info][gc,phases   ] GC(1004)   Pre Evacuate Collection Set: 0.30ms
[2026-06-17T10:06:48.847+0800][28.498s][info][gc,phases   ] GC(1004)   Merge Heap Roots: 0.04ms
[2026-06-17T10:06:48.847+0800][28.498s][info][gc,phases   ] GC(1004)   Evacuate Collection Set: 0.21ms
[2026-06-17T10:06:48.847+0800][28.498s][info][gc,phases   ] GC(1004)   Post Evacuate Collection Set: 0.18ms
[2026-06-17T10:06:48.848+0800][28.498s][info][gc,phases   ] GC(1004)   Other: 0.16ms
[2026-06-17T10:06:48.848+0800][28.498s][info][gc,heap     ] GC(1004) Eden regions: 6->0(16)
[2026-06-17T10:06:48.848+0800][28.499s][info][gc,heap     ] GC(1004) Survivor regions: 2->0(2)
[2026-06-17T10:06:48.848+0800][28.499s][info][gc,heap     ] GC(1004) Old regions: 23->24
[2026-06-17T10:06:48.848+0800][28.499s][info][gc,heap     ] GC(1004) Humongous regions: 13->13
[2026-06-17T10:06:48.848+0800][28.499s][info][gc,metaspace] GC(1004) Metaspace: 116K(320K)->116K(320K) NonClass: 109K(192K)->109K(192K) Class: 7K(128K)->7K(128K)
[2026-06-17T10:06:48.849+0800][28.499s][info][gc          ] GC(1004) Pause Young (Concurrent Start) (G1 Humongous Allocation) 43M->36M(64M) 2.796ms
[2026-06-17T10:06:48.849+0800][28.499s][info][gc,cpu      ] GC(1004) User=0.00s Sys=0.00s Real=0.00s
[2026-06-17T10:06:48.849+0800][28.499s][info][gc          ] GC(1005) Concurrent Mark Cycle
[2026-06-17T10:06:48.849+0800][28.500s][info][gc,marking  ] GC(1005) Concurrent Scan Root Regions
[2026-06-17T10:06:48.850+0800][28.500s][info][gc,marking  ] GC(1005) Concurrent Scan Root Regions 0.196ms
[2026-06-17T10:06:48.850+0800][28.500s][info][gc,marking  ] GC(1005) Concurrent Mark
[2026-06-17T10:06:48.850+0800][28.500s][info][gc,marking  ] GC(1005) Concurrent Mark From Roots
[2026-06-17T10:06:48.850+0800][28.500s][info][gc,task     ] GC(1005) Using 5 workers of 5 for marking
[2026-06-17T10:06:48.851+0800][28.501s][info][gc,marking  ] GC(1005) Concurrent Mark From Roots 1.146ms
[2026-06-17T10:06:48.851+0800][28.502s][info][gc,marking  ] GC(1005) Concurrent Preclean
[2026-06-17T10:06:48.851+0800][28.502s][info][gc,marking  ] GC(1005) Concurrent Preclean 0.093ms
[2026-06-17T10:06:48.851+0800][28.502s][info][gc,start    ] GC(1005) Pause Remark
[2026-06-17T10:06:48.852+0800][28.502s][info][gc          ] GC(1005) Pause Remark 38M->38M(64M) 0.394ms
[2026-06-17T10:06:48.852+0800][28.502s][info][gc,cpu      ] GC(1005) User=0.00s Sys=0.00s Real=0.00s
[2026-06-17T10:06:48.852+0800][28.502s][info][gc,marking  ] GC(1005) Concurrent Mark 2.123ms
[2026-06-17T10:06:48.852+0800][28.502s][info][gc,marking  ] GC(1005) Concurrent Rebuild Remembered Sets and Scrub Regions
[2026-06-17T10:06:48.852+0800][28.503s][info][gc,marking  ] GC(1005) Concurrent Rebuild Remembered Sets and Scrub Regions 0.466ms
[2026-06-17T10:06:48.853+0800][28.504s][info][gc,start    ] GC(1005) Pause Cleanup
[2026-06-17T10:06:48.853+0800][28.504s][info][gc          ] GC(1005) Pause Cleanup 38M->38M(64M) 0.150ms
[2026-06-17T10:06:48.853+0800][28.504s][info][gc,cpu      ] GC(1005) User=0.00s Sys=0.00s Real=0.00s
[2026-06-17T10:06:48.854+0800][28.504s][info][gc,marking  ] GC(1005) Concurrent Clear Claimed Marks
[2026-06-17T10:06:48.854+0800][28.504s][info][gc,marking  ] GC(1005) Concurrent Clear Claimed Marks 0.086ms
[2026-06-17T10:06:48.854+0800][28.504s][info][gc,marking  ] GC(1005) Concurrent Cleanup for Next Mark
[2026-06-17T10:06:48.854+0800][28.504s][info][gc,marking  ] GC(1005) Concurrent Cleanup for Next Mark 0.158ms
[2026-06-17T10:06:48.854+0800][28.504s][info][gc          ] GC(1005) Concurrent Mark Cycle 5.292ms
[2026-06-17T10:06:48.891+0800][28.541s][info][gc,start    ] GC(1006) Pause Young (Prepare Mixed) (G1 Evacuation Pause)
[2026-06-17T10:06:48.891+0800][28.542s][info][gc,task     ] GC(1006) Using 2 workers of 18 for evacuation
[2026-06-17T10:06:48.892+0800][28.542s][info][gc,phases   ] GC(1006)   Pre Evacuate Collection Set: 0.12ms
[2026-06-17T10:06:48.892+0800][28.543s][info][gc,phases   ] GC(1006)   Merge Heap Roots: 0.05ms
[2026-06-17T10:06:48.892+0800][28.543s][info][gc,phases   ] GC(1006)   Evacuate Collection Set: 0.20ms
[2026-06-17T10:06:48.892+0800][28.543s][info][gc,phases   ] GC(1006)   Post Evacuate Collection Set: 0.17ms
[2026-06-17T10:06:48.893+0800][28.543s][info][gc,phases   ] GC(1006)   Other: 0.30ms
[2026-06-17T10:06:48.893+0800][28.543s][info][gc,heap     ] GC(1006) Eden regions: 16->0(14)
[2026-06-17T10:06:48.893+0800][28.544s][info][gc,heap     ] GC(1006) Survivor regions: 0->2(2)
[2026-06-17T10:06:48.893+0800][28.544s][info][gc,heap     ] GC(1006) Old regions: 24->24
[2026-06-17T10:06:48.893+0800][28.544s][info][gc,heap     ] GC(1006) Humongous regions: 15->15
[2026-06-17T10:06:48.893+0800][28.544s][info][gc,metaspace] GC(1006) Metaspace: 116K(320K)->116K(320K) NonClass: 109K(192K)->109K(192K) Class: 7K(128K)->7K(128K)
[2026-06-17T10:06:48.894+0800][28.544s][info][gc          ] GC(1006) Pause Young (Prepare Mixed) (G1 Evacuation Pause) 54M->40M(64M) 3.027ms
[2026-06-17T10:06:48.894+0800][28.544s][info][gc,cpu      ] GC(1006) User=0.01s Sys=0.00s Real=0.00s
[2026-06-17T10:06:48.925+0800][28.576s][info][gc,start    ] GC(1007) Pause Young (Mixed) (G1 Evacuation Pause)
[2026-06-17T10:06:48.926+0800][28.576s][info][gc,task     ] GC(1007) Using 2 workers of 18 for evacuation
[2026-06-17T10:06:48.927+0800][28.578s][info][gc,phases   ] GC(1007)   Pre Evacuate Collection Set: 0.25ms
[2026-06-17T10:06:48.928+0800][28.578s][info][gc,phases   ] GC(1007)   Merge Heap Roots: 0.17ms
[2026-06-17T10:06:48.928+0800][28.578s][info][gc,phases   ] GC(1007)   Evacuate Collection Set: 0.52ms
[2026-06-17T10:06:48.928+0800][28.578s][info][gc,phases   ] GC(1007)   Post Evacuate Collection Set: 0.28ms
[2026-06-17T10:06:48.928+0800][28.579s][info][gc,phases   ] GC(1007)   Other: 0.33ms
[2026-06-17T10:06:48.928+0800][28.579s][info][gc,heap     ] GC(1007) Eden regions: 14->0(12)
[2026-06-17T10:06:48.928+0800][28.579s][info][gc,heap     ] GC(1007) Survivor regions: 2->2(2)
[2026-06-17T10:06:48.929+0800][28.579s][info][gc,heap     ] GC(1007) Old regions: 24->27
[2026-06-17T10:06:48.929+0800][28.579s][info][gc,heap     ] GC(1007) Humongous regions: 15->15
[2026-06-17T10:06:48.929+0800][28.579s][info][gc,metaspace] GC(1007) Metaspace: 116K(320K)->116K(320K) NonClass: 109K(192K)->109K(192K) Class: 7K(128K)->7K(128K)
[2026-06-17T10:06:48.929+0800][28.580s][info][gc          ] GC(1007) Pause Young (Mixed) (G1 Evacuation Pause) 54M->43M(64M) 3.717ms
[2026-06-17T10:06:48.929+0800][28.580s][info][gc,cpu      ] GC(1007) User=0.00s Sys=0.00s Real=0.00s
[2026-06-17T10:06:48.961+0800][28.611s][info][gc,start    ] GC(1008) Pause Young (Concurrent Start) (G1 Evacuation Pause)
[2026-06-17T10:06:48.961+0800][28.612s][info][gc,task     ] GC(1008) Using 2 workers of 18 for evacuation
[2026-06-17T10:06:48.963+0800][28.613s][info][gc,phases   ] GC(1008)   Pre Evacuate Collection Set: 0.22ms
[2026-06-17T10:06:48.963+0800][28.614s][info][gc,phases   ] GC(1008)   Merge Heap Roots: 0.09ms
[2026-06-17T10:06:48.963+0800][28.614s][info][gc,phases   ] GC(1008)   Evacuate Collection Set: 0.55ms
[2026-06-17T10:06:48.963+0800][28.614s][info][gc,phases   ] GC(1008)   Post Evacuate Collection Set: 0.21ms
[2026-06-17T10:06:48.964+0800][28.614s][info][gc,phases   ] GC(1008)   Other: 0.48ms
[2026-06-17T10:06:48.964+0800][28.614s][info][gc,heap     ] GC(1008) Eden regions: 12->0(11)
[2026-06-17T10:06:48.964+0800][28.614s][info][gc,heap     ] GC(1008) Survivor regions: 2->2(2)
[2026-06-17T10:06:48.964+0800][28.615s][info][gc,heap     ] GC(1008) Old regions: 27->29
[2026-06-17T10:06:48.964+0800][28.615s][info][gc,heap     ] GC(1008) Humongous regions: 15->15
[2026-06-17T10:06:48.964+0800][28.615s][info][gc,metaspace] GC(1008) Metaspace: 116K(320K)->116K(320K) NonClass: 109K(192K)->109K(192K) Class: 7K(128K)->7K(128K)
[2026-06-17T10:06:48.965+0800][28.615s][info][gc          ] GC(1008) Pause Young (Concurrent Start) (G1 Evacuation Pause) 55M->45M(64M) 3.901ms
[2026-06-17T10:06:48.965+0800][28.615s][info][gc,cpu      ] GC(1008) User=0.00s Sys=0.01s Real=0.01s
[2026-06-17T10:06:48.965+0800][28.615s][info][gc          ] GC(1009) Concurrent Mark Cycle
[2026-06-17T10:06:48.965+0800][28.616s][info][gc,marking  ] GC(1009) Concurrent Scan Root Regions
[2026-06-17T10:06:48.965+0800][28.616s][info][gc,marking  ] GC(1009) Concurrent Scan Root Regions 0.179ms
[2026-06-17T10:06:48.965+0800][28.616s][info][gc,marking  ] GC(1009) Concurrent Mark
[2026-06-17T10:06:48.966+0800][28.616s][info][gc,marking  ] GC(1009) Concurrent Mark From Roots
[2026-06-17T10:06:48.966+0800][28.616s][info][gc,task     ] GC(1009) Using 5 workers of 5 for marking
[2026-06-17T10:06:48.967+0800][28.617s][info][gc,marking  ] GC(1009) Concurrent Mark From Roots 1.186ms
[2026-06-17T10:06:48.967+0800][28.617s][info][gc,marking  ] GC(1009) Concurrent Preclean
[2026-06-17T10:06:48.967+0800][28.618s][info][gc,marking  ] GC(1009) Concurrent Preclean 0.095ms
[2026-06-17T10:06:48.967+0800][28.618s][info][gc,start    ] GC(1009) Pause Remark
[2026-06-17T10:06:48.968+0800][28.618s][info][gc          ] GC(1009) Pause Remark 45M->38M(64M) 0.505ms
[2026-06-17T10:06:48.968+0800][28.618s][info][gc,cpu      ] GC(1009) User=0.00s Sys=0.00s Real=0.00s
[2026-06-17T10:06:48.968+0800][28.619s][info][gc,marking  ] GC(1009) Concurrent Mark 2.807ms
[2026-06-17T10:06:48.968+0800][28.619s][info][gc,marking  ] GC(1009) Concurrent Rebuild Remembered Sets and Scrub Regions
[2026-06-17T10:06:48.969+0800][28.619s][info][gc,marking  ] GC(1009) Concurrent Rebuild Remembered Sets and Scrub Regions 0.447ms
[2026-06-17T10:06:48.969+0800][28.620s][info][gc,start    ] GC(1009) Pause Cleanup
[2026-06-17T10:06:48.969+0800][28.620s][info][gc          ] GC(1009) Pause Cleanup 38M->38M(64M) 0.184ms
[2026-06-17T10:06:48.970+0800][28.620s][info][gc,cpu      ] GC(1009) User=0.00s Sys=0.00s Real=0.00s
[2026-06-17T10:06:48.970+0800][28.620s][info][gc,marking  ] GC(1009) Concurrent Clear Claimed Marks
[2026-06-17T10:06:48.970+0800][28.620s][info][gc,marking  ] GC(1009) Concurrent Clear Claimed Marks 0.107ms
[2026-06-17T10:06:48.970+0800][28.621s][info][gc,marking  ] GC(1009) Concurrent Cleanup for Next Mark
[2026-06-17T10:06:48.970+0800][28.621s][info][gc,marking  ] GC(1009) Concurrent Cleanup for Next Mark 0.175ms
[2026-06-17T10:06:48.970+0800][28.621s][info][gc          ] GC(1009) Concurrent Mark Cycle 5.408ms
[2026-06-17T10:06:48.996+0800][28.647s][info][gc,start    ] GC(1010) Pause Young (Prepare Mixed) (G1 Evacuation Pause)
[2026-06-17T10:06:48.997+0800][28.648s][info][gc,task     ] GC(1010) Using 2 workers of 18 for evacuation
[2026-06-17T10:06:48.998+0800][28.649s][info][gc,phases   ] GC(1010)   Pre Evacuate Collection Set: 0.11ms
[2026-06-17T10:06:48.999+0800][28.649s][info][gc,phases   ] GC(1010)   Merge Heap Roots: 0.16ms
[2026-06-17T10:06:48.999+0800][28.650s][info][gc,phases   ] GC(1010)   Evacuate Collection Set: 0.27ms
[2026-06-17T10:06:48.999+0800][28.650s][info][gc,phases   ] GC(1010)   Post Evacuate Collection Set: 0.22ms
[2026-06-17T10:06:49.000+0800][28.651s][info][gc,phases   ] GC(1010)   Other: 0.45ms
[2026-06-17T10:06:49.000+0800][28.651s][info][gc,heap     ] GC(1010) Eden regions: 11->0(15)
[2026-06-17T10:06:49.001+0800][28.651s][info][gc,heap     ] GC(1010) Survivor regions: 2->1(2)
[2026-06-17T10:06:49.001+0800][28.651s][info][gc,heap     ] GC(1010) Old regions: 22->24
[2026-06-17T10:06:49.001+0800][28.652s][info][gc,heap     ] GC(1010) Humongous regions: 15->15
[2026-06-17T10:06:49.001+0800][28.652s][info][gc,metaspace] GC(1010) Metaspace: 116K(320K)->116K(320K) NonClass: 109K(192K)->109K(192K) Class: 7K(128K)->7K(128K)
[2026-06-17T10:06:49.002+0800][28.652s][info][gc          ] GC(1010) Pause Young (Prepare Mixed) (G1 Evacuation Pause) 49M->39M(64M) 5.274ms
[2026-06-17T10:06:49.002+0800][28.653s][info][gc,cpu      ] GC(1010) User=0.00s Sys=0.00s Real=0.00s
[2026-06-17T10:06:49.044+0800][28.695s][info][gc,start    ] GC(1011) Pause Young (Mixed) (G1 Evacuation Pause)
[2026-06-17T10:06:49.045+0800][28.695s][info][gc,task     ] GC(1011) Using 2 workers of 18 for evacuation
[2026-06-17T10:06:49.046+0800][28.697s][info][gc,phases   ] GC(1011)   Pre Evacuate Collection Set: 0.10ms
[2026-06-17T10:06:49.047+0800][28.697s][info][gc,phases   ] GC(1011)   Merge Heap Roots: 0.06ms
[2026-06-17T10:06:49.047+0800][28.698s][info][gc,phases   ] GC(1011)   Evacuate Collection Set: 0.60ms
[2026-06-17T10:06:49.047+0800][28.698s][info][gc,phases   ] GC(1011)   Post Evacuate Collection Set: 0.25ms
[2026-06-17T10:06:49.047+0800][28.698s][info][gc,phases   ] GC(1011)   Other: 0.46ms
[2026-06-17T10:06:49.048+0800][28.698s][info][gc,heap     ] GC(1011) Eden regions: 15->0(12)
[2026-06-17T10:06:49.048+0800][28.699s][info][gc,heap     ] GC(1011) Survivor regions: 1->2(2)
[2026-06-17T10:06:49.049+0800][28.699s][info][gc,heap     ] GC(1011) Old regions: 24->26
[2026-06-17T10:06:49.049+0800][28.700s][info][gc,heap     ] GC(1011) Humongous regions: 15->15
[2026-06-17T10:06:49.049+0800][28.700s][info][gc,metaspace] GC(1011) Metaspace: 116K(320K)->116K(320K) NonClass: 109K(192K)->109K(192K) Class: 7K(128K)->7K(128K)
[2026-06-17T10:06:49.050+0800][28.700s][info][gc          ] GC(1011) Pause Young (Mixed) (G1 Evacuation Pause) 54M->42M(64M) 5.473ms
[2026-06-17T10:06:49.050+0800][28.700s][info][gc,cpu      ] GC(1011) User=0.00s Sys=0.00s Real=0.00s
[2026-06-17T10:06:49.050+0800][28.701s][info][gc,start    ] GC(1012) Pause Young (Concurrent Start) (G1 Humongous Allocation)
[2026-06-17T10:06:49.051+0800][28.701s][info][gc,task     ] GC(1012) Using 2 workers of 18 for evacuation
[2026-06-17T10:06:49.051+0800][28.702s][info][gc,phases   ] GC(1012)   Pre Evacuate Collection Set: 0.18ms
[2026-06-17T10:06:49.052+0800][28.702s][info][gc,phases   ] GC(1012)   Merge Heap Roots: 0.03ms
[2026-06-17T10:06:49.052+0800][28.702s][info][gc,phases   ] GC(1012)   Evacuate Collection Set: 0.18ms
[2026-06-17T10:06:49.052+0800][28.702s][info][gc,phases   ] GC(1012)   Post Evacuate Collection Set: 0.13ms
[2026-06-17T10:06:49.052+0800][28.702s][info][gc,phases   ] GC(1012)   Other: 0.19ms
[2026-06-17T10:06:49.052+0800][28.703s][info][gc,heap     ] GC(1012) Eden regions: 2->0(13)
[2026-06-17T10:06:49.052+0800][28.703s][info][gc,heap     ] GC(1012) Survivor regions: 2->0(2)
[2026-06-17T10:06:49.053+0800][28.703s][info][gc,heap     ] GC(1012) Old regions: 26->28
[2026-06-17T10:06:49.053+0800][28.704s][info][gc,heap     ] GC(1012) Humongous regions: 15->15
[2026-06-17T10:06:49.053+0800][28.704s][info][gc,metaspace] GC(1012) Metaspace: 116K(320K)->116K(320K) NonClass: 109K(192K)->109K(192K) Class: 7K(128K)->7K(128K)
[2026-06-17T10:06:49.053+0800][28.704s][info][gc          ] GC(1012) Pause Young (Concurrent Start) (G1 Humongous Allocation) 44M->42M(64M) 2.996ms
[2026-06-17T10:06:49.054+0800][28.704s][info][gc,cpu      ] GC(1012) User=0.00s Sys=0.00s Real=0.00s
[2026-06-17T10:06:49.054+0800][28.704s][info][gc          ] GC(1013) Concurrent Mark Cycle
[2026-06-17T10:06:49.054+0800][28.704s][info][gc,marking  ] GC(1013) Concurrent Scan Root Regions
[2026-06-17T10:06:49.054+0800][28.705s][info][gc,marking  ] GC(1013) Concurrent Scan Root Regions 0.176ms
[2026-06-17T10:06:49.054+0800][28.705s][info][gc,marking  ] GC(1013) Concurrent Mark
[2026-06-17T10:06:49.054+0800][28.705s][info][gc,marking  ] GC(1013) Concurrent Mark From Roots
[2026-06-17T10:06:49.054+0800][28.705s][info][gc,task     ] GC(1013) Using 5 workers of 5 for marking
[2026-06-17T10:06:49.055+0800][28.706s][info][gc,marking  ] GC(1013) Concurrent Mark From Roots 1.123ms
[2026-06-17T10:06:49.055+0800][28.706s][info][gc,marking  ] GC(1013) Concurrent Preclean
[2026-06-17T10:06:49.056+0800][28.706s][info][gc,marking  ] GC(1013) Concurrent Preclean 0.094ms
[2026-06-17T10:06:49.056+0800][28.706s][info][gc,start    ] GC(1013) Pause Remark
[2026-06-17T10:06:49.056+0800][28.707s][info][gc          ] GC(1013) Pause Remark 44M->44M(64M) 0.379ms
[2026-06-17T10:06:49.056+0800][28.707s][info][gc,cpu      ] GC(1013) User=0.00s Sys=0.00s Real=0.00s
[2026-06-17T10:06:49.056+0800][28.707s][info][gc,marking  ] GC(1013) Concurrent Mark 2.139ms
[2026-06-17T10:06:49.056+0800][28.707s][info][gc,marking  ] GC(1013) Concurrent Rebuild Remembered Sets and Scrub Regions
[2026-06-17T10:06:49.057+0800][28.707s][info][gc,marking  ] GC(1013) Concurrent Rebuild Remembered Sets and Scrub Regions 0.459ms
[2026-06-17T10:06:49.057+0800][28.708s][info][gc,start    ] GC(1013) Pause Cleanup
[2026-06-17T10:06:49.057+0800][28.708s][info][gc          ] GC(1013) Pause Cleanup 44M->44M(64M) 0.089ms
[2026-06-17T10:06:49.057+0800][28.708s][info][gc,cpu      ] GC(1013) User=0.00s Sys=0.00s Real=0.00s
[2026-06-17T10:06:49.057+0800][28.708s][info][gc,marking  ] GC(1013) Concurrent Clear Claimed Marks
[2026-06-17T10:06:49.057+0800][28.708s][info][gc,marking  ] GC(1013) Concurrent Clear Claimed Marks 0.078ms
[2026-06-17T10:06:49.057+0800][28.708s][info][gc,marking  ] GC(1013) Concurrent Cleanup for Next Mark
[2026-06-17T10:06:49.058+0800][28.708s][info][gc,marking  ] GC(1013) Concurrent Cleanup for Next Mark 0.172ms
[2026-06-17T10:06:49.058+0800][28.708s][info][gc          ] GC(1013) Concurrent Mark Cycle 4.074ms
[2026-06-17T10:06:49.095+0800][28.746s][info][gc,start    ] GC(1014) Pause Young (Prepare Mixed) (G1 Evacuation Pause)
[2026-06-17T10:06:49.096+0800][28.746s][info][gc,task     ] GC(1014) Using 2 workers of 18 for evacuation
[2026-06-17T10:06:49.097+0800][28.748s][info][gc,phases   ] GC(1014)   Pre Evacuate Collection Set: 0.20ms
[2026-06-17T10:06:49.098+0800][28.748s][info][gc,phases   ] GC(1014)   Merge Heap Roots: 0.07ms
[2026-06-17T10:06:49.098+0800][28.748s][info][gc,phases   ] GC(1014)   Evacuate Collection Set: 0.21ms
[2026-06-17T10:06:49.098+0800][28.749s][info][gc,phases   ] GC(1014)   Post Evacuate Collection Set: 0.37ms
[2026-06-17T10:06:49.099+0800][28.749s][info][gc,phases   ] GC(1014)   Other: 0.67ms
[2026-06-17T10:06:49.099+0800][28.749s][info][gc,heap     ] GC(1014) Eden regions: 13->0(9)
[2026-06-17T10:06:49.099+0800][28.750s][info][gc,heap     ] GC(1014) Survivor regions: 0->2(2)
[2026-06-17T10:06:49.099+0800][28.750s][info][gc,heap     ] GC(1014) Old regions: 28->29
[2026-06-17T10:06:49.099+0800][28.750s][info][gc,heap     ] GC(1014) Humongous regions: 17->17
[2026-06-17T10:06:49.100+0800][28.750s][info][gc,metaspace] GC(1014) Metaspace: 116K(320K)->116K(320K) NonClass: 109K(192K)->109K(192K) Class: 7K(128K)->7K(128K)
[2026-06-17T10:06:49.100+0800][28.750s][info][gc          ] GC(1014) Pause Young (Prepare Mixed) (G1 Evacuation Pause) 57M->47M(64M) 4.296ms
[2026-06-17T10:06:49.100+0800][28.750s][info][gc,cpu      ] GC(1014) User=0.00s Sys=0.00s Real=0.00s
[2026-06-17T10:06:49.121+0800][28.772s][info][gc,start    ] GC(1015) Pause Young (Mixed) (G1 Evacuation Pause)
[2026-06-17T10:06:49.122+0800][28.772s][info][gc,task     ] GC(1015) Using 2 workers of 18 for evacuation
[2026-06-17T10:06:49.123+0800][28.773s][info][gc,phases   ] GC(1015)   Pre Evacuate Collection Set: 0.11ms
[2026-06-17T10:06:49.123+0800][28.774s][info][gc,phases   ] GC(1015)   Merge Heap Roots: 0.05ms
[2026-06-17T10:06:49.123+0800][28.774s][info][gc,phases   ] GC(1015)   Evacuate Collection Set: 0.45ms
[2026-06-17T10:06:49.123+0800][28.774s][info][gc,phases   ] GC(1015)   Post Evacuate Collection Set: 0.26ms
[2026-06-17T10:06:49.123+0800][28.774s][info][gc,phases   ] GC(1015)   Other: 0.30ms
[2026-06-17T10:06:49.124+0800][28.774s][info][gc,heap     ] GC(1015) Eden regions: 9->0(10)
[2026-06-17T10:06:49.124+0800][28.774s][info][gc,heap     ] GC(1015) Survivor regions: 2->2(2)
[2026-06-17T10:06:49.124+0800][28.774s][info][gc,heap     ] GC(1015) Old regions: 29->27
[2026-06-17T10:06:49.124+0800][28.775s][info][gc,heap     ] GC(1015) Humongous regions: 17->17
[2026-06-17T10:06:49.124+0800][28.775s][info][gc,metaspace] GC(1015) Metaspace: 116K(320K)->116K(320K) NonClass: 109K(192K)->109K(192K) Class: 7K(128K)->7K(128K)
[2026-06-17T10:06:49.125+0800][28.775s][info][gc          ] GC(1015) Pause Young (Mixed) (G1 Evacuation Pause) 56M->45M(64M) 3.528ms
[2026-06-17T10:06:49.125+0800][28.775s][info][gc,cpu      ] GC(1015) User=0.00s Sys=0.00s Real=0.01s
[2026-06-17T10:06:49.146+0800][28.796s][info][gc,start    ] GC(1016) Pause Young (Concurrent Start) (G1 Evacuation Pause)
[2026-06-17T10:06:49.146+0800][28.797s][info][gc,task     ] GC(1016) Using 2 workers of 18 for evacuation
[2026-06-17T10:06:49.147+0800][28.798s][info][gc,phases   ] GC(1016)   Pre Evacuate Collection Set: 0.22ms
[2026-06-17T10:06:49.147+0800][28.798s][info][gc,phases   ] GC(1016)   Merge Heap Roots: 0.10ms
[2026-06-17T10:06:49.147+0800][28.798s][info][gc,phases   ] GC(1016)   Evacuate Collection Set: 0.21ms
[2026-06-17T10:06:49.148+0800][28.798s][info][gc,phases   ] GC(1016)   Post Evacuate Collection Set: 0.19ms
[2026-06-17T10:06:49.148+0800][28.798s][info][gc,phases   ] GC(1016)   Other: 0.24ms
[2026-06-17T10:06:49.148+0800][28.798s][info][gc,heap     ] GC(1016) Eden regions: 10->0(11)
[2026-06-17T10:06:49.148+0800][28.798s][info][gc,heap     ] GC(1016) Survivor regions: 2->1(2)
[2026-06-17T10:06:49.148+0800][28.798s][info][gc,heap     ] GC(1016) Old regions: 27->28
[2026-06-17T10:06:49.148+0800][28.799s][info][gc,heap     ] GC(1016) Humongous regions: 17->17
[2026-06-17T10:06:49.148+0800][28.799s][info][gc,metaspace] GC(1016) Metaspace: 116K(320K)->116K(320K) NonClass: 109K(192K)->109K(192K) Class: 7K(128K)->7K(128K)
[2026-06-17T10:06:49.148+0800][28.799s][info][gc          ] GC(1016) Pause Young (Concurrent Start) (G1 Evacuation Pause) 55M->45M(64M) 2.260ms
[2026-06-17T10:06:49.148+0800][28.799s][info][gc,cpu      ] GC(1016) User=0.00s Sys=0.00s Real=0.00s
[2026-06-17T10:06:49.148+0800][28.799s][info][gc          ] GC(1017) Concurrent Mark Cycle
[2026-06-17T10:06:49.149+0800][28.799s][info][gc,marking  ] GC(1017) Concurrent Scan Root Regions
[2026-06-17T10:06:49.149+0800][28.799s][info][gc,marking  ] GC(1017) Concurrent Scan Root Regions 0.172ms
[2026-06-17T10:06:49.149+0800][28.799s][info][gc,marking  ] GC(1017) Concurrent Mark
[2026-06-17T10:06:49.149+0800][28.800s][info][gc,marking  ] GC(1017) Concurrent Mark From Roots
[2026-06-17T10:06:49.149+0800][28.800s][info][gc,task     ] GC(1017) Using 5 workers of 5 for marking
[2026-06-17T10:06:49.150+0800][28.801s][info][gc,marking  ] GC(1017) Concurrent Mark From Roots 1.309ms
[2026-06-17T10:06:49.151+0800][28.801s][info][gc,marking  ] GC(1017) Concurrent Preclean
[2026-06-17T10:06:49.151+0800][28.801s][info][gc,marking  ] GC(1017) Concurrent Preclean 0.129ms
[2026-06-17T10:06:49.151+0800][28.801s][info][gc,start    ] GC(1017) Pause Remark
[2026-06-17T10:06:49.151+0800][28.802s][info][gc          ] GC(1017) Pause Remark 46M->40M(64M) 0.500ms
[2026-06-17T10:06:49.151+0800][28.802s][info][gc,cpu      ] GC(1017) User=0.00s Sys=0.00s Real=0.00s
[2026-06-17T10:06:49.152+0800][28.802s][info][gc,marking  ] GC(1017) Concurrent Mark 2.801ms
[2026-06-17T10:06:49.152+0800][28.802s][info][gc,marking  ] GC(1017) Concurrent Rebuild Remembered Sets and Scrub Regions
[2026-06-17T10:06:49.152+0800][28.803s][info][gc,marking  ] GC(1017) Concurrent Rebuild Remembered Sets and Scrub Regions 0.457ms
[2026-06-17T10:06:49.152+0800][28.803s][info][gc,start    ] GC(1017) Pause Cleanup
[2026-06-17T10:06:49.152+0800][28.803s][info][gc          ] GC(1017) Pause Cleanup 40M->40M(64M) 0.111ms
[2026-06-17T10:06:49.153+0800][28.803s][info][gc,cpu      ] GC(1017) User=0.00s Sys=0.00s Real=0.00s
[2026-06-17T10:06:49.153+0800][28.803s][info][gc,marking  ] GC(1017) Concurrent Clear Claimed Marks
[2026-06-17T10:06:49.153+0800][28.803s][info][gc,marking  ] GC(1017) Concurrent Clear Claimed Marks 0.072ms
[2026-06-17T10:06:49.153+0800][28.803s][info][gc,marking  ] GC(1017) Concurrent Cleanup for Next Mark
[2026-06-17T10:06:49.153+0800][28.804s][info][gc,marking  ] GC(1017) Concurrent Cleanup for Next Mark 0.195ms
[2026-06-17T10:06:49.153+0800][28.804s][info][gc          ] GC(1017) Concurrent Mark Cycle 4.833ms
[2026-06-17T10:06:49.180+0800][28.830s][info][gc,start    ] GC(1018) Pause Young (Prepare Mixed) (G1 Evacuation Pause)
[2026-06-17T10:06:49.180+0800][28.831s][info][gc,task     ] GC(1018) Using 2 workers of 18 for evacuation
[2026-06-17T10:06:49.181+0800][28.832s][info][gc,phases   ] GC(1018)   Pre Evacuate Collection Set: 0.15ms
[2026-06-17T10:06:49.181+0800][28.832s][info][gc,phases   ] GC(1018)   Merge Heap Roots: 0.07ms
[2026-06-17T10:06:49.182+0800][28.832s][info][gc,phases   ] GC(1018)   Evacuate Collection Set: 0.38ms
[2026-06-17T10:06:49.182+0800][28.832s][info][gc,phases   ] GC(1018)   Post Evacuate Collection Set: 0.20ms
[2026-06-17T10:06:49.182+0800][28.832s][info][gc,phases   ] GC(1018)   Other: 0.34ms
[2026-06-17T10:06:49.182+0800][28.832s][info][gc,heap     ] GC(1018) Eden regions: 11->0(11)
[2026-06-17T10:06:49.182+0800][28.832s][info][gc,heap     ] GC(1018) Survivor regions: 1->2(2)
[2026-06-17T10:06:49.182+0800][28.833s][info][gc,heap     ] GC(1018) Old regions: 22->25
[2026-06-17T10:06:49.182+0800][28.833s][info][gc,heap     ] GC(1018) Humongous regions: 17->17
[2026-06-17T10:06:49.182+0800][28.833s][info][gc,metaspace] GC(1018) Metaspace: 116K(320K)->116K(320K) NonClass: 109K(192K)->109K(192K) Class: 7K(128K)->7K(128K)
[2026-06-17T10:06:49.182+0800][28.833s][info][gc          ] GC(1018) Pause Young (Prepare Mixed) (G1 Evacuation Pause) 50M->43M(64M) 2.396ms
[2026-06-17T10:06:49.182+0800][28.833s][info][gc,cpu      ] GC(1018) User=0.00s Sys=0.00s Real=0.00s
[2026-06-17T10:06:49.214+0800][28.864s][info][gc,start    ] GC(1019) Pause Young (Mixed) (G1 Evacuation Pause)
[2026-06-17T10:06:49.214+0800][28.865s][info][gc,task     ] GC(1019) Using 2 workers of 18 for evacuation
[2026-06-17T10:06:49.215+0800][28.866s][info][gc,phases   ] GC(1019)   Pre Evacuate Collection Set: 0.09ms
[2026-06-17T10:06:49.215+0800][28.866s][info][gc,phases   ] GC(1019)   Merge Heap Roots: 0.06ms
[2026-06-17T10:06:49.215+0800][28.866s][info][gc,phases   ] GC(1019)   Evacuate Collection Set: 0.43ms
[2026-06-17T10:06:49.216+0800][28.866s][info][gc,phases   ] GC(1019)   Post Evacuate Collection Set: 0.14ms
[2026-06-17T10:06:49.216+0800][28.866s][info][gc,phases   ] GC(1019)   Other: 0.27ms
[2026-06-17T10:06:49.216+0800][28.867s][info][gc,heap     ] GC(1019) Eden regions: 11->0(11)
[2026-06-17T10:06:49.216+0800][28.867s][info][gc,heap     ] GC(1019) Survivor regions: 2->2(2)
[2026-06-17T10:06:49.216+0800][28.867s][info][gc,heap     ] GC(1019) Old regions: 25->25
[2026-06-17T10:06:49.217+0800][28.867s][info][gc,heap     ] GC(1019) Humongous regions: 17->17
[2026-06-17T10:06:49.217+0800][28.867s][info][gc,metaspace] GC(1019) Metaspace: 116K(320K)->116K(320K) NonClass: 109K(192K)->109K(192K) Class: 7K(128K)->7K(128K)
[2026-06-17T10:06:49.217+0800][28.868s][info][gc          ] GC(1019) Pause Young (Mixed) (G1 Evacuation Pause) 54M->43M(64M) 3.254ms
[2026-06-17T10:06:49.217+0800][28.868s][info][gc,cpu      ] GC(1019) User=0.00s Sys=0.01s Real=0.00s
[2026-06-17T10:06:49.249+0800][28.899s][info][gc,start    ] GC(1020) Pause Young (Concurrent Start) (G1 Evacuation Pause)
[2026-06-17T10:06:49.249+0800][28.900s][info][gc,task     ] GC(1020) Using 2 workers of 18 for evacuation
[2026-06-17T10:06:49.250+0800][28.901s][info][gc,phases   ] GC(1020)   Pre Evacuate Collection Set: 0.24ms
[2026-06-17T10:06:49.251+0800][28.901s][info][gc,phases   ] GC(1020)   Merge Heap Roots: 0.07ms
[2026-06-17T10:06:49.251+0800][28.902s][info][gc,phases   ] GC(1020)   Evacuate Collection Set: 0.26ms
[2026-06-17T10:06:49.251+0800][28.902s][info][gc,phases   ] GC(1020)   Post Evacuate Collection Set: 0.19ms
[2026-06-17T10:06:49.251+0800][28.902s][info][gc,phases   ] GC(1020)   Other: 0.38ms
[2026-06-17T10:06:49.252+0800][28.902s][info][gc,heap     ] GC(1020) Eden regions: 11->0(10)
[2026-06-17T10:06:49.252+0800][28.902s][info][gc,heap     ] GC(1020) Survivor regions: 2->2(2)
[2026-06-17T10:06:49.252+0800][28.903s][info][gc,heap     ] GC(1020) Old regions: 25->26
[2026-06-17T10:06:49.253+0800][28.903s][info][gc,heap     ] GC(1020) Humongous regions: 17->17
[2026-06-17T10:06:49.253+0800][28.903s][info][gc,metaspace] GC(1020) Metaspace: 116K(320K)->116K(320K) NonClass: 109K(192K)->109K(192K) Class: 7K(128K)->7K(128K)
[2026-06-17T10:06:49.253+0800][28.904s][info][gc          ] GC(1020) Pause Young (Concurrent Start) (G1 Evacuation Pause) 54M->44M(64M) 4.507ms
[2026-06-17T10:06:49.253+0800][28.904s][info][gc,cpu      ] GC(1020) User=0.00s Sys=0.00s Real=0.01s
[2026-06-17T10:06:49.253+0800][28.904s][info][gc          ] GC(1021) Concurrent Mark Cycle
[2026-06-17T10:06:49.254+0800][28.904s][info][gc,marking  ] GC(1021) Concurrent Scan Root Regions
[2026-06-17T10:06:49.254+0800][28.905s][info][gc,marking  ] GC(1021) Concurrent Scan Root Regions 0.312ms
[2026-06-17T10:06:49.254+0800][28.905s][info][gc,marking  ] GC(1021) Concurrent Mark
[2026-06-17T10:06:49.255+0800][28.905s][info][gc,marking  ] GC(1021) Concurrent Mark From Roots
[2026-06-17T10:06:49.255+0800][28.905s][info][gc,task     ] GC(1021) Using 5 workers of 5 for marking
[2026-06-17T10:06:49.256+0800][28.906s][info][gc,marking  ] GC(1021) Concurrent Mark From Roots 1.204ms
[2026-06-17T10:06:49.256+0800][28.906s][info][gc,marking  ] GC(1021) Concurrent Preclean
[2026-06-17T10:06:49.256+0800][28.907s][info][gc,marking  ] GC(1021) Concurrent Preclean 0.171ms
[2026-06-17T10:06:49.256+0800][28.907s][info][gc,start    ] GC(1021) Pause Remark
[2026-06-17T10:06:49.257+0800][28.907s][info][gc          ] GC(1021) Pause Remark 51M->51M(64M) 0.408ms
[2026-06-17T10:06:49.257+0800][28.907s][info][gc,cpu      ] GC(1021) User=0.00s Sys=0.00s Real=0.00s
[2026-06-17T10:06:49.257+0800][28.907s][info][gc,marking  ] GC(1021) Concurrent Mark 2.472ms
[2026-06-17T10:06:49.257+0800][28.907s][info][gc,marking  ] GC(1021) Concurrent Rebuild Remembered Sets and Scrub Regions
[2026-06-17T10:06:49.257+0800][28.908s][info][gc,marking  ] GC(1021) Concurrent Rebuild Remembered Sets and Scrub Regions 0.440ms
[2026-06-17T10:06:49.258+0800][28.908s][info][gc,start    ] GC(1021) Pause Cleanup
[2026-06-17T10:06:49.258+0800][28.908s][info][gc          ] GC(1021) Pause Cleanup 51M->51M(64M) 0.090ms
[2026-06-17T10:06:49.258+0800][28.908s][info][gc,cpu      ] GC(1021) User=0.00s Sys=0.00s Real=0.00s
[2026-06-17T10:06:49.258+0800][28.908s][info][gc,marking  ] GC(1021) Concurrent Clear Claimed Marks
[2026-06-17T10:06:49.258+0800][28.908s][info][gc,marking  ] GC(1021) Concurrent Clear Claimed Marks 0.078ms
[2026-06-17T10:06:49.258+0800][28.908s][info][gc,marking  ] GC(1021) Concurrent Cleanup for Next Mark
[2026-06-17T10:06:49.258+0800][28.909s][info][gc,marking  ] GC(1021) Concurrent Cleanup for Next Mark 0.402ms
[2026-06-17T10:06:49.259+0800][28.909s][info][gc          ] GC(1021) Concurrent Mark Cycle 5.362ms
[2026-06-17T10:06:49.275+0800][28.925s][info][gc,start    ] GC(1022) Pause Young (Prepare Mixed) (G1 Evacuation Pause)
[2026-06-17T10:06:49.275+0800][28.926s][info][gc,task     ] GC(1022) Using 2 workers of 18 for evacuation
[2026-06-17T10:06:49.279+0800][28.929s][info][gc,phases   ] GC(1022)   Pre Evacuate Collection Set: 0.12ms
[2026-06-17T10:06:49.279+0800][28.930s][info][gc,phases   ] GC(1022)   Merge Heap Roots: 0.13ms
[2026-06-17T10:06:49.280+0800][28.930s][info][gc,phases   ] GC(1022)   Evacuate Collection Set: 0.56ms
[2026-06-17T10:06:49.280+0800][28.931s][info][gc,phases   ] GC(1022)   Post Evacuate Collection Set: 0.22ms
[2026-06-17T10:06:49.280+0800][28.931s][info][gc,phases   ] GC(1022)   Other: 2.07ms
[2026-06-17T10:06:49.280+0800][28.931s][info][gc,heap     ] GC(1022) Eden regions: 10->0(11)
[2026-06-17T10:06:49.280+0800][28.931s][info][gc,heap     ] GC(1022) Survivor regions: 2->2(2)
[2026-06-17T10:06:49.280+0800][28.931s][info][gc,heap     ] GC(1022) Old regions: 26->29
[2026-06-17T10:06:49.281+0800][28.931s][info][gc,heap     ] GC(1022) Humongous regions: 19->11
[2026-06-17T10:06:49.281+0800][28.931s][info][gc,metaspace] GC(1022) Metaspace: 116K(320K)->116K(320K) NonClass: 109K(192K)->109K(192K) Class: 7K(128K)->7K(128K)
[2026-06-17T10:06:49.281+0800][28.931s][info][gc          ] GC(1022) Pause Young (Prepare Mixed) (G1 Evacuation Pause) 56M->41M(64M) 5.861ms
[2026-06-17T10:06:49.281+0800][28.931s][info][gc,cpu      ] GC(1022) User=0.00s Sys=0.00s Real=0.00s
[2026-06-17T10:06:49.312+0800][28.963s][info][gc,start    ] GC(1023) Pause Young (Mixed) (G1 Evacuation Pause)
[2026-06-17T10:06:49.313+0800][28.963s][info][gc,task     ] GC(1023) Using 2 workers of 18 for evacuation
[2026-06-17T10:06:49.314+0800][28.965s][info][gc,phases   ] GC(1023)   Pre Evacuate Collection Set: 0.14ms
[2026-06-17T10:06:49.314+0800][28.965s][info][gc,phases   ] GC(1023)   Merge Heap Roots: 0.06ms
[2026-06-17T10:06:49.315+0800][28.965s][info][gc,phases   ] GC(1023)   Evacuate Collection Set: 0.46ms
[2026-06-17T10:06:49.315+0800][28.965s][info][gc,phases   ] GC(1023)   Post Evacuate Collection Set: 0.33ms
[2026-06-17T10:06:49.316+0800][28.966s][info][gc,phases   ] GC(1023)   Other: 0.37ms
[2026-06-17T10:06:49.316+0800][28.967s][info][gc,heap     ] GC(1023) Eden regions: 11->0(13)
[2026-06-17T10:06:49.316+0800][28.967s][info][gc,heap     ] GC(1023) Survivor regions: 2->2(2)
[2026-06-17T10:06:49.317+0800][28.967s][info][gc,heap     ] GC(1023) Old regions: 29->26
[2026-06-17T10:06:49.317+0800][28.967s][info][gc,heap     ] GC(1023) Humongous regions: 11->11
[2026-06-17T10:06:49.317+0800][28.967s][info][gc,metaspace] GC(1023) Metaspace: 116K(320K)->116K(320K) NonClass: 109K(192K)->109K(192K) Class: 7K(128K)->7K(128K)
[2026-06-17T10:06:49.317+0800][28.968s][info][gc          ] GC(1023) Pause Young (Mixed) (G1 Evacuation Pause) 52M->38M(64M) 4.859ms
[2026-06-17T10:06:49.317+0800][28.968s][info][gc,cpu      ] GC(1023) User=0.01s Sys=0.00s Real=0.00s
[2026-06-17T10:06:49.349+0800][28.999s][info][gc,start    ] GC(1024) Pause Young (Concurrent Start) (G1 Evacuation Pause)
[2026-06-17T10:06:49.349+0800][29.000s][info][gc,task     ] GC(1024) Using 2 workers of 18 for evacuation
[2026-06-17T10:06:49.351+0800][29.002s][info][gc,phases   ] GC(1024)   Pre Evacuate Collection Set: 0.32ms
[2026-06-17T10:06:49.352+0800][29.002s][info][gc,phases   ] GC(1024)   Merge Heap Roots: 0.07ms
[2026-06-17T10:06:49.352+0800][29.003s][info][gc,phases   ] GC(1024)   Evacuate Collection Set: 0.52ms
[2026-06-17T10:06:49.352+0800][29.003s][info][gc,phases   ] GC(1024)   Post Evacuate Collection Set: 0.40ms
[2026-06-17T10:06:49.353+0800][29.003s][info][gc,phases   ] GC(1024)   Other: 0.43ms
[2026-06-17T10:06:49.353+0800][29.003s][info][gc,heap     ] GC(1024) Eden regions: 13->0(11)
[2026-06-17T10:06:49.353+0800][29.003s][info][gc,heap     ] GC(1024) Survivor regions: 2->2(2)
[2026-06-17T10:06:49.353+0800][29.004s][info][gc,heap     ] GC(1024) Old regions: 26->30
[2026-06-17T10:06:49.353+0800][29.004s][info][gc,heap     ] GC(1024) Humongous regions: 11->11
[2026-06-17T10:06:49.353+0800][29.004s][info][gc,metaspace] GC(1024) Metaspace: 116K(320K)->116K(320K) NonClass: 109K(192K)->109K(192K) Class: 7K(128K)->7K(128K)
[2026-06-17T10:06:49.353+0800][29.004s][info][gc          ] GC(1024) Pause Young (Concurrent Start) (G1 Evacuation Pause) 51M->42M(64M) 4.557ms
[2026-06-17T10:06:49.354+0800][29.004s][info][gc,cpu      ] GC(1024) User=0.00s Sys=0.00s Real=0.01s
[2026-06-17T10:06:49.354+0800][29.004s][info][gc          ] GC(1025) Concurrent Mark Cycle
[2026-06-17T10:06:49.354+0800][29.004s][info][gc,marking  ] GC(1025) Concurrent Scan Root Regions
[2026-06-17T10:06:49.354+0800][29.004s][info][gc,marking  ] GC(1025) Concurrent Scan Root Regions 0.142ms
[2026-06-17T10:06:49.354+0800][29.005s][info][gc,marking  ] GC(1025) Concurrent Mark
[2026-06-17T10:06:49.354+0800][29.005s][info][gc,marking  ] GC(1025) Concurrent Mark From Roots
[2026-06-17T10:06:49.354+0800][29.005s][info][gc,task     ] GC(1025) Using 5 workers of 5 for marking
[2026-06-17T10:06:49.355+0800][29.006s][info][gc,marking  ] GC(1025) Concurrent Mark From Roots 1.244ms
[2026-06-17T10:06:49.356+0800][29.006s][info][gc,marking  ] GC(1025) Concurrent Preclean
[2026-06-17T10:06:49.356+0800][29.006s][info][gc,marking  ] GC(1025) Concurrent Preclean 0.118ms
[2026-06-17T10:06:49.356+0800][29.006s][info][gc,start    ] GC(1025) Pause Remark
[2026-06-17T10:06:49.356+0800][29.007s][info][gc          ] GC(1025) Pause Remark 44M->36M(64M) 0.455ms
[2026-06-17T10:06:49.356+0800][29.007s][info][gc,cpu      ] GC(1025) User=0.00s Sys=0.00s Real=0.00s
[2026-06-17T10:06:49.357+0800][29.007s][info][gc,marking  ] GC(1025) Concurrent Mark 2.605ms
[2026-06-17T10:06:49.357+0800][29.007s][info][gc,marking  ] GC(1025) Concurrent Rebuild Remembered Sets and Scrub Regions
[2026-06-17T10:06:49.357+0800][29.008s][info][gc,marking  ] GC(1025) Concurrent Rebuild Remembered Sets and Scrub Regions 0.463ms
[2026-06-17T10:06:49.357+0800][29.008s][info][gc,start    ] GC(1025) Pause Cleanup
[2026-06-17T10:06:49.358+0800][29.008s][info][gc          ] GC(1025) Pause Cleanup 36M->36M(64M) 0.152ms
[2026-06-17T10:06:49.358+0800][29.008s][info][gc,cpu      ] GC(1025) User=0.00s Sys=0.00s Real=0.00s
[2026-06-17T10:06:49.358+0800][29.008s][info][gc,marking  ] GC(1025) Concurrent Clear Claimed Marks
[2026-06-17T10:06:49.358+0800][29.008s][info][gc,marking  ] GC(1025) Concurrent Clear Claimed Marks 0.119ms
[2026-06-17T10:06:49.358+0800][29.009s][info][gc,marking  ] GC(1025) Concurrent Cleanup for Next Mark
[2026-06-17T10:06:49.358+0800][29.009s][info][gc,marking  ] GC(1025) Concurrent Cleanup for Next Mark 0.206ms
[2026-06-17T10:06:49.358+0800][29.009s][info][gc          ] GC(1025) Concurrent Mark Cycle 4.729ms
[2026-06-17T10:06:49.385+0800][29.036s][info][gc,start    ] GC(1026) Pause Young (Prepare Mixed) (G1 Evacuation Pause)
[2026-06-17T10:06:49.385+0800][29.036s][info][gc,task     ] GC(1026) Using 2 workers of 18 for evacuation
[2026-06-17T10:06:49.387+0800][29.037s][info][gc,phases   ] GC(1026)   Pre Evacuate Collection Set: 0.26ms
[2026-06-17T10:06:49.387+0800][29.038s][info][gc,phases   ] GC(1026)   Merge Heap Roots: 0.06ms
[2026-06-17T10:06:49.387+0800][29.038s][info][gc,phases   ] GC(1026)   Evacuate Collection Set: 0.38ms
[2026-06-17T10:06:49.387+0800][29.038s][info][gc,phases   ] GC(1026)   Post Evacuate Collection Set: 0.26ms
[2026-06-17T10:06:49.387+0800][29.038s][info][gc,phases   ] GC(1026)   Other: 0.44ms
[2026-06-17T10:06:49.388+0800][29.038s][info][gc,heap     ] GC(1026) Eden regions: 11->0(16)
[2026-06-17T10:06:49.388+0800][29.038s][info][gc,heap     ] GC(1026) Survivor regions: 2->2(2)
[2026-06-17T10:06:49.388+0800][29.038s][info][gc,heap     ] GC(1026) Old regions: 22->24
[2026-06-17T10:06:49.388+0800][29.039s][info][gc,heap     ] GC(1026) Humongous regions: 11->11
[2026-06-17T10:06:49.388+0800][29.039s][info][gc,metaspace] GC(1026) Metaspace: 116K(320K)->116K(320K) NonClass: 109K(192K)->109K(192K) Class: 7K(128K)->7K(128K)
[2026-06-17T10:06:49.389+0800][29.039s][info][gc          ] GC(1026) Pause Young (Prepare Mixed) (G1 Evacuation Pause) 45M->36M(64M) 3.645ms
[2026-06-17T10:06:49.389+0800][29.039s][info][gc,cpu      ] GC(1026) User=0.01s Sys=0.00s Real=0.00s
[2026-06-17T10:06:49.431+0800][29.082s][info][gc,start    ] GC(1027) Pause Young (Mixed) (G1 Evacuation Pause)
[2026-06-17T10:06:49.431+0800][29.082s][info][gc,task     ] GC(1027) Using 2 workers of 18 for evacuation
[2026-06-17T10:06:49.433+0800][29.083s][info][gc,phases   ] GC(1027)   Pre Evacuate Collection Set: 0.11ms
[2026-06-17T10:06:49.433+0800][29.083s][info][gc,phases   ] GC(1027)   Merge Heap Roots: 0.04ms
[2026-06-17T10:06:49.433+0800][29.083s][info][gc,phases   ] GC(1027)   Evacuate Collection Set: 0.46ms
[2026-06-17T10:06:49.433+0800][29.084s][info][gc,phases   ] GC(1027)   Post Evacuate Collection Set: 0.37ms
[2026-06-17T10:06:49.433+0800][29.084s][info][gc,phases   ] GC(1027)   Other: 0.22ms
[2026-06-17T10:06:49.433+0800][29.084s][info][gc,heap     ] GC(1027) Eden regions: 16->0(15)
[2026-06-17T10:06:49.434+0800][29.084s][info][gc,heap     ] GC(1027) Survivor regions: 2->3(3)
[2026-06-17T10:06:49.434+0800][29.084s][info][gc,heap     ] GC(1027) Old regions: 24->24
[2026-06-17T10:06:49.434+0800][29.084s][info][gc,heap     ] GC(1027) Humongous regions: 11->11
[2026-06-17T10:06:49.434+0800][29.085s][info][gc,metaspace] GC(1027) Metaspace: 116K(320K)->116K(320K) NonClass: 109K(192K)->109K(192K) Class: 7K(128K)->7K(128K)
[2026-06-17T10:06:49.435+0800][29.086s][info][gc          ] GC(1027) Pause Young (Mixed) (G1 Evacuation Pause) 52M->37M(64M) 4.021ms
[2026-06-17T10:06:49.435+0800][29.086s][info][gc,cpu      ] GC(1027) User=0.00s Sys=0.00s Real=0.00s
[2026-06-17T10:06:49.457+0800][29.107s][info][gc,start    ] GC(1028) Pause Young (Concurrent Start) (G1 Humongous Allocation)
[2026-06-17T10:06:49.458+0800][29.108s][info][gc,task     ] GC(1028) Using 2 workers of 18 for evacuation
[2026-06-17T10:06:49.461+0800][29.111s][info][gc,phases   ] GC(1028)   Pre Evacuate Collection Set: 0.21ms
[2026-06-17T10:06:49.463+0800][29.114s][info][gc,phases   ] GC(1028)   Merge Heap Roots: 0.05ms
[2026-06-17T10:06:49.466+0800][29.116s][info][gc,phases   ] GC(1028)   Evacuate Collection Set: 0.37ms
[2026-06-17T10:06:49.469+0800][29.120s][info][gc,phases   ] GC(1028)   Post Evacuate Collection Set: 0.29ms
[2026-06-17T10:06:49.472+0800][29.122s][info][gc,phases   ] GC(1028)   Other: 2.29ms
[2026-06-17T10:06:49.472+0800][29.123s][info][gc,heap     ] GC(1028) Eden regions: 11->0(14)
[2026-06-17T10:06:49.473+0800][29.123s][info][gc,heap     ] GC(1028) Survivor regions: 3->3(3)
[2026-06-17T10:06:49.475+0800][29.125s][info][gc,heap     ] GC(1028) Old regions: 24->26
[2026-06-17T10:06:49.475+0800][29.126s][info][gc,heap     ] GC(1028) Humongous regions: 11->11
[2026-06-17T10:06:49.475+0800][29.126s][info][gc,metaspace] GC(1028) Metaspace: 116K(320K)->116K(320K) NonClass: 109K(192K)->109K(192K) Class: 7K(128K)->7K(128K)
[2026-06-17T10:06:49.476+0800][29.126s][info][gc          ] GC(1028) Pause Young (Concurrent Start) (G1 Humongous Allocation) 48M->38M(64M) 19.014ms
[2026-06-17T10:06:49.476+0800][29.126s][info][gc,cpu      ] GC(1028) User=0.00s Sys=0.00s Real=0.02s
[2026-06-17T10:06:49.476+0800][29.126s][info][gc          ] GC(1029) Concurrent Mark Cycle
[2026-06-17T10:06:49.476+0800][29.127s][info][gc,marking  ] GC(1029) Concurrent Scan Root Regions
[2026-06-17T10:06:49.476+0800][29.127s][info][gc,marking  ] GC(1029) Concurrent Scan Root Regions 0.326ms
[2026-06-17T10:06:49.477+0800][29.127s][info][gc,marking  ] GC(1029) Concurrent Mark
[2026-06-17T10:06:49.477+0800][29.128s][info][gc,marking  ] GC(1029) Concurrent Mark From Roots
[2026-06-17T10:06:49.477+0800][29.128s][info][gc,task     ] GC(1029) Using 5 workers of 5 for marking
[2026-06-17T10:06:49.479+0800][29.129s][info][gc,marking  ] GC(1029) Concurrent Mark From Roots 1.725ms
[2026-06-17T10:06:49.479+0800][29.129s][info][gc,marking  ] GC(1029) Concurrent Preclean
[2026-06-17T10:06:49.479+0800][29.130s][info][gc,marking  ] GC(1029) Concurrent Preclean 0.123ms
[2026-06-17T10:06:49.479+0800][29.130s][info][gc,start    ] GC(1029) Pause Remark
[2026-06-17T10:06:49.480+0800][29.130s][info][gc          ] GC(1029) Pause Remark 41M->35M(64M) 0.417ms
[2026-06-17T10:06:49.480+0800][29.130s][info][gc,cpu      ] GC(1029) User=0.00s Sys=0.00s Real=0.00s
[2026-06-17T10:06:49.480+0800][29.130s][info][gc,marking  ] GC(1029) Concurrent Mark 3.109ms
[2026-06-17T10:06:49.480+0800][29.131s][info][gc,marking  ] GC(1029) Concurrent Rebuild Remembered Sets and Scrub Regions
[2026-06-17T10:06:49.480+0800][29.131s][info][gc,marking  ] GC(1029) Concurrent Rebuild Remembered Sets and Scrub Regions 0.457ms
[2026-06-17T10:06:49.481+0800][29.131s][info][gc,start    ] GC(1029) Pause Cleanup
[2026-06-17T10:06:49.481+0800][29.131s][info][gc          ] GC(1029) Pause Cleanup 35M->35M(64M) 0.231ms
[2026-06-17T10:06:49.481+0800][29.132s][info][gc,cpu      ] GC(1029) User=0.00s Sys=0.00s Real=0.00s
[2026-06-17T10:06:49.481+0800][29.132s][info][gc,marking  ] GC(1029) Concurrent Clear Claimed Marks
[2026-06-17T10:06:49.481+0800][29.132s][info][gc,marking  ] GC(1029) Concurrent Clear Claimed Marks 0.150ms
[2026-06-17T10:06:49.481+0800][29.132s][info][gc,marking  ] GC(1029) Concurrent Cleanup for Next Mark
[2026-06-17T10:06:49.482+0800][29.132s][info][gc,marking  ] GC(1029) Concurrent Cleanup for Next Mark 0.220ms
[2026-06-17T10:06:49.482+0800][29.132s][info][gc          ] GC(1029) Concurrent Mark Cycle 6.055ms
[2026-06-17T10:06:49.518+0800][29.168s][info][gc,start    ] GC(1030) Pause Young (Prepare Mixed) (G1 Evacuation Pause)
[2026-06-17T10:06:49.518+0800][29.169s][info][gc,task     ] GC(1030) Using 2 workers of 18 for evacuation
[2026-06-17T10:06:49.520+0800][29.170s][info][gc,phases   ] GC(1030)   Pre Evacuate Collection Set: 0.11ms
[2026-06-17T10:06:49.520+0800][29.170s][info][gc,phases   ] GC(1030)   Merge Heap Roots: 0.07ms
[2026-06-17T10:06:49.520+0800][29.171s][info][gc,phases   ] GC(1030)   Evacuate Collection Set: 0.50ms
[2026-06-17T10:06:49.521+0800][29.171s][info][gc,phases   ] GC(1030)   Post Evacuate Collection Set: 0.34ms
[2026-06-17T10:06:49.521+0800][29.171s][info][gc,phases   ] GC(1030)   Other: 0.29ms
[2026-06-17T10:06:49.521+0800][29.171s][info][gc,heap     ] GC(1030) Eden regions: 14->0(14)
[2026-06-17T10:06:49.521+0800][29.172s][info][gc,heap     ] GC(1030) Survivor regions: 3->3(3)
[2026-06-17T10:06:49.521+0800][29.172s][info][gc,heap     ] GC(1030) Old regions: 20->23
[2026-06-17T10:06:49.521+0800][29.172s][info][gc,heap     ] GC(1030) Humongous regions: 13->13
[2026-06-17T10:06:49.522+0800][29.172s][info][gc,metaspace] GC(1030) Metaspace: 116K(320K)->116K(320K) NonClass: 109K(192K)->109K(192K) Class: 7K(128K)->7K(128K)
[2026-06-17T10:06:49.522+0800][29.172s][info][gc          ] GC(1030) Pause Young (Prepare Mixed) (G1 Evacuation Pause) 48M->38M(64M) 3.755ms
[2026-06-17T10:06:49.522+0800][29.172s][info][gc,cpu      ] GC(1030) User=0.00s Sys=0.00s Real=0.00s
[2026-06-17T10:06:49.553+0800][29.204s][info][gc,start    ] GC(1031) Pause Young (Mixed) (G1 Evacuation Pause)
[2026-06-17T10:06:49.554+0800][29.204s][info][gc,task     ] GC(1031) Using 2 workers of 18 for evacuation
[2026-06-17T10:06:49.555+0800][29.206s][info][gc,phases   ] GC(1031)   Pre Evacuate Collection Set: 0.13ms
[2026-06-17T10:06:49.555+0800][29.206s][info][gc,phases   ] GC(1031)   Merge Heap Roots: 0.04ms
[2026-06-17T10:06:49.556+0800][29.207s][info][gc,phases   ] GC(1031)   Evacuate Collection Set: 0.41ms
[2026-06-17T10:06:49.557+0800][29.207s][info][gc,phases   ] GC(1031)   Post Evacuate Collection Set: 0.27ms
[2026-06-17T10:06:49.557+0800][29.207s][info][gc,phases   ] GC(1031)   Other: 0.40ms
[2026-06-17T10:06:49.557+0800][29.208s][info][gc,heap     ] GC(1031) Eden regions: 14->0(16)
[2026-06-17T10:06:49.557+0800][29.208s][info][gc,heap     ] GC(1031) Survivor regions: 3->3(3)
[2026-06-17T10:06:49.557+0800][29.208s][info][gc,heap     ] GC(1031) Old regions: 23->20
[2026-06-17T10:06:49.557+0800][29.208s][info][gc,heap     ] GC(1031) Humongous regions: 13->13
[2026-06-17T10:06:49.557+0800][29.208s][info][gc,metaspace] GC(1031) Metaspace: 116K(320K)->116K(320K) NonClass: 109K(192K)->109K(192K) Class: 7K(128K)->7K(128K)
[2026-06-17T10:06:49.558+0800][29.208s][info][gc          ] GC(1031) Pause Young (Mixed) (G1 Evacuation Pause) 52M->35M(64M) 4.162ms
[2026-06-17T10:06:49.558+0800][29.208s][info][gc,cpu      ] GC(1031) User=0.00s Sys=0.00s Real=0.00s
[2026-06-17T10:06:49.600+0800][29.250s][info][gc,start    ] GC(1032) Pause Young (Mixed) (G1 Evacuation Pause)
[2026-06-17T10:06:49.600+0800][29.251s][info][gc,task     ] GC(1032) Using 2 workers of 18 for evacuation
[2026-06-17T10:06:49.602+0800][29.252s][info][gc,phases   ] GC(1032)   Pre Evacuate Collection Set: 0.12ms
[2026-06-17T10:06:49.602+0800][29.252s][info][gc,phases   ] GC(1032)   Merge Heap Roots: 0.06ms
[2026-06-17T10:06:49.602+0800][29.253s][info][gc,phases   ] GC(1032)   Evacuate Collection Set: 0.60ms
[2026-06-17T10:06:49.603+0800][29.253s][info][gc,phases   ] GC(1032)   Post Evacuate Collection Set: 0.19ms
[2026-06-17T10:06:49.603+0800][29.253s][info][gc,phases   ] GC(1032)   Other: 0.44ms
[2026-06-17T10:06:49.603+0800][29.253s][info][gc,heap     ] GC(1032) Eden regions: 16->0(11)
[2026-06-17T10:06:49.603+0800][29.254s][info][gc,heap     ] GC(1032) Survivor regions: 3->3(3)
[2026-06-17T10:06:49.603+0800][29.254s][info][gc,heap     ] GC(1032) Old regions: 20->26
[2026-06-17T10:06:49.603+0800][29.254s][info][gc,heap     ] GC(1032) Humongous regions: 13->13
[2026-06-17T10:06:49.603+0800][29.254s][info][gc,metaspace] GC(1032) Metaspace: 116K(320K)->116K(320K) NonClass: 109K(192K)->109K(192K) Class: 7K(128K)->7K(128K)
[2026-06-17T10:06:49.604+0800][29.254s][info][gc          ] GC(1032) Pause Young (Mixed) (G1 Evacuation Pause) 51M->41M(64M) 4.067ms
[2026-06-17T10:06:49.604+0800][29.254s][info][gc,cpu      ] GC(1032) User=0.00s Sys=0.00s Real=0.01s
[2026-06-17T10:06:49.625+0800][29.276s][info][gc,start    ] GC(1033) Pause Young (Concurrent Start) (G1 Evacuation Pause)
[2026-06-17T10:06:49.626+0800][29.276s][info][gc,task     ] GC(1033) Using 2 workers of 18 for evacuation
[2026-06-17T10:06:49.627+0800][29.278s][info][gc,phases   ] GC(1033)   Pre Evacuate Collection Set: 0.25ms
[2026-06-17T10:06:49.627+0800][29.278s][info][gc,phases   ] GC(1033)   Merge Heap Roots: 0.07ms
[2026-06-17T10:06:49.628+0800][29.278s][info][gc,phases   ] GC(1033)   Evacuate Collection Set: 0.31ms
[2026-06-17T10:06:49.628+0800][29.278s][info][gc,phases   ] GC(1033)   Post Evacuate Collection Set: 0.27ms
[2026-06-17T10:06:49.628+0800][29.278s][info][gc,phases   ] GC(1033)   Other: 0.45ms
[2026-06-17T10:06:49.629+0800][29.280s][info][gc,heap     ] GC(1033) Eden regions: 11->0(11)
[2026-06-17T10:06:49.629+0800][29.280s][info][gc,heap     ] GC(1033) Survivor regions: 3->2(2)
[2026-06-17T10:06:49.629+0800][29.280s][info][gc,heap     ] GC(1033) Old regions: 26->28
[2026-06-17T10:06:49.630+0800][29.280s][info][gc,heap     ] GC(1033) Humongous regions: 13->13
[2026-06-17T10:06:49.630+0800][29.280s][info][gc,metaspace] GC(1033) Metaspace: 116K(320K)->116K(320K) NonClass: 109K(192K)->109K(192K) Class: 7K(128K)->7K(128K)
[2026-06-17T10:06:49.630+0800][29.281s][info][gc          ] GC(1033) Pause Young (Concurrent Start) (G1 Evacuation Pause) 52M->42M(64M) 4.844ms
[2026-06-17T10:06:49.630+0800][29.281s][info][gc,cpu      ] GC(1033) User=0.01s Sys=0.00s Real=0.00s
[2026-06-17T10:06:49.630+0800][29.281s][info][gc          ] GC(1034) Concurrent Mark Cycle
[2026-06-17T10:06:49.631+0800][29.281s][info][gc,marking  ] GC(1034) Concurrent Scan Root Regions
[2026-06-17T10:06:49.631+0800][29.281s][info][gc,marking  ] GC(1034) Concurrent Scan Root Regions 0.267ms
[2026-06-17T10:06:49.631+0800][29.282s][info][gc,marking  ] GC(1034) Concurrent Mark
[2026-06-17T10:06:49.631+0800][29.282s][info][gc,marking  ] GC(1034) Concurrent Mark From Roots
[2026-06-17T10:06:49.631+0800][29.282s][info][gc,task     ] GC(1034) Using 5 workers of 5 for marking
[2026-06-17T10:06:49.632+0800][29.283s][info][gc,marking  ] GC(1034) Concurrent Mark From Roots 1.207ms
[2026-06-17T10:06:49.633+0800][29.283s][info][gc,marking  ] GC(1034) Concurrent Preclean
[2026-06-17T10:06:49.633+0800][29.283s][info][gc,marking  ] GC(1034) Concurrent Preclean 0.103ms
[2026-06-17T10:06:49.633+0800][29.284s][info][gc,start    ] GC(1034) Pause Remark
[2026-06-17T10:06:49.633+0800][29.284s][info][gc          ] GC(1034) Pause Remark 42M->42M(64M) 0.368ms
[2026-06-17T10:06:49.633+0800][29.284s][info][gc,cpu      ] GC(1034) User=0.00s Sys=0.00s Real=0.00s
[2026-06-17T10:06:49.634+0800][29.284s][info][gc,marking  ] GC(1034) Concurrent Mark 2.518ms
[2026-06-17T10:06:49.634+0800][29.284s][info][gc,marking  ] GC(1034) Concurrent Rebuild Remembered Sets and Scrub Regions
[2026-06-17T10:06:49.634+0800][29.285s][info][gc,marking  ] GC(1034) Concurrent Rebuild Remembered Sets and Scrub Regions 0.626ms
[2026-06-17T10:06:49.635+0800][29.285s][info][gc,start    ] GC(1034) Pause Cleanup
[2026-06-17T10:06:49.635+0800][29.285s][info][gc          ] GC(1034) Pause Cleanup 42M->42M(64M) 0.139ms
[2026-06-17T10:06:49.635+0800][29.285s][info][gc,cpu      ] GC(1034) User=0.00s Sys=0.00s Real=0.00s
[2026-06-17T10:06:49.635+0800][29.286s][info][gc,marking  ] GC(1034) Concurrent Clear Claimed Marks
[2026-06-17T10:06:49.635+0800][29.286s][info][gc,marking  ] GC(1034) Concurrent Clear Claimed Marks 0.127ms
[2026-06-17T10:06:49.635+0800][29.286s][info][gc,marking  ] GC(1034) Concurrent Cleanup for Next Mark
[2026-06-17T10:06:49.635+0800][29.286s][info][gc,marking  ] GC(1034) Concurrent Cleanup for Next Mark 0.225ms
[2026-06-17T10:06:49.636+0800][29.286s][info][gc          ] GC(1034) Concurrent Mark Cycle 5.188ms
[2026-06-17T10:06:49.662+0800][29.312s][info][gc,start    ] GC(1035) Pause Young (Prepare Mixed) (G1 Evacuation Pause)
[2026-06-17T10:06:49.662+0800][29.313s][info][gc,task     ] GC(1035) Using 2 workers of 18 for evacuation
[2026-06-17T10:06:49.663+0800][29.314s][info][gc,phases   ] GC(1035)   Pre Evacuate Collection Set: 0.20ms
[2026-06-17T10:06:49.663+0800][29.314s][info][gc,phases   ] GC(1035)   Merge Heap Roots: 0.05ms
[2026-06-17T10:06:49.664+0800][29.314s][info][gc,phases   ] GC(1035)   Evacuate Collection Set: 0.29ms
[2026-06-17T10:06:49.664+0800][29.314s][info][gc,phases   ] GC(1035)   Post Evacuate Collection Set: 0.17ms
[2026-06-17T10:06:49.664+0800][29.314s][info][gc,phases   ] GC(1035)   Other: 0.26ms
[2026-06-17T10:06:49.664+0800][29.314s][info][gc,heap     ] GC(1035) Eden regions: 11->0(11)
[2026-06-17T10:06:49.664+0800][29.314s][info][gc,heap     ] GC(1035) Survivor regions: 2->2(2)
[2026-06-17T10:06:49.664+0800][29.315s][info][gc,heap     ] GC(1035) Old regions: 28->30
[2026-06-17T10:06:49.664+0800][29.315s][info][gc,heap     ] GC(1035) Humongous regions: 13->13
[2026-06-17T10:06:49.664+0800][29.315s][info][gc,metaspace] GC(1035) Metaspace: 116K(320K)->116K(320K) NonClass: 109K(192K)->109K(192K) Class: 7K(128K)->7K(128K)
[2026-06-17T10:06:49.664+0800][29.315s][info][gc          ] GC(1035) Pause Young (Prepare Mixed) (G1 Evacuation Pause) 53M->43M(64M) 2.417ms
[2026-06-17T10:06:49.664+0800][29.315s][info][gc,cpu      ] GC(1035) User=0.00s Sys=0.00s Real=0.01s
[2026-06-17T10:06:49.696+0800][29.347s][info][gc,start    ] GC(1036) Pause Young (Mixed) (G1 Evacuation Pause)
[2026-06-17T10:06:49.697+0800][29.347s][info][gc,task     ] GC(1036) Using 2 workers of 18 for evacuation
[2026-06-17T10:06:49.698+0800][29.349s][info][gc,phases   ] GC(1036)   Pre Evacuate Collection Set: 0.10ms
[2026-06-17T10:06:49.698+0800][29.349s][info][gc,phases   ] GC(1036)   Merge Heap Roots: 0.06ms
[2026-06-17T10:06:49.699+0800][29.349s][info][gc,phases   ] GC(1036)   Evacuate Collection Set: 0.39ms
[2026-06-17T10:06:49.699+0800][29.349s][info][gc,phases   ] GC(1036)   Post Evacuate Collection Set: 0.46ms
[2026-06-17T10:06:49.699+0800][29.349s][info][gc,phases   ] GC(1036)   Other: 0.41ms
[2026-06-17T10:06:49.699+0800][29.350s][info][gc,heap     ] GC(1036) Eden regions: 11->0(9)
[2026-06-17T10:06:49.699+0800][29.350s][info][gc,heap     ] GC(1036) Survivor regions: 2->2(2)
[2026-06-17T10:06:49.699+0800][29.350s][info][gc,heap     ] GC(1036) Old regions: 30->30
[2026-06-17T10:06:49.699+0800][29.350s][info][gc,heap     ] GC(1036) Humongous regions: 15->15
[2026-06-17T10:06:49.699+0800][29.350s][info][gc,metaspace] GC(1036) Metaspace: 116K(320K)->116K(320K) NonClass: 109K(192K)->109K(192K) Class: 7K(128K)->7K(128K)
[2026-06-17T10:06:49.699+0800][29.350s][info][gc          ] GC(1036) Pause Young (Mixed) (G1 Evacuation Pause) (Evacuation Failure: Allocation) 56M->46M(64M) 3.022ms
[2026-06-17T10:06:49.699+0800][29.350s][info][gc,cpu      ] GC(1036) User=0.00s Sys=0.00s Real=0.00s
[2026-06-17T10:06:49.721+0800][29.371s][info][gc,start    ] GC(1037) Pause Young (Concurrent Start) (G1 Evacuation Pause)
[2026-06-17T10:06:49.752+0800][29.403s][info][gc,task     ] GC(1037) Using 2 workers of 18 for evacuation
[2026-06-17T10:06:49.820+0800][29.471s][info][gc,phases   ] GC(1037)   Pre Evacuate Collection Set: 0.24ms
[2026-06-17T10:06:49.820+0800][29.471s][info][gc,phases   ] GC(1037)   Merge Heap Roots: 0.04ms
[2026-06-17T10:06:49.821+0800][29.471s][info][gc,phases   ] GC(1037)   Evacuate Collection Set: 0.58ms
[2026-06-17T10:06:49.821+0800][29.472s][info][gc,phases   ] GC(1037)   Post Evacuate Collection Set: 0.24ms
[2026-06-17T10:06:49.821+0800][29.472s][info][gc,phases   ] GC(1037)   Other: 66.44ms
[2026-06-17T10:06:49.822+0800][29.472s][info][gc,heap     ] GC(1037) Eden regions: 9->0(7)
[2026-06-17T10:06:49.822+0800][29.472s][info][gc,heap     ] GC(1037) Survivor regions: 2->2(2)
[2026-06-17T10:06:49.822+0800][29.473s][info][gc,heap     ] GC(1037) Old regions: 30->32
[2026-06-17T10:06:49.823+0800][29.473s][info][gc,heap     ] GC(1037) Humongous regions: 15->15
[2026-06-17T10:06:49.823+0800][29.474s][info][gc,metaspace] GC(1037) Metaspace: 116K(320K)->116K(320K) NonClass: 109K(192K)->109K(192K) Class: 7K(128K)->7K(128K)
[2026-06-17T10:06:49.824+0800][29.474s][info][gc          ] GC(1037) Pause Young (Concurrent Start) (G1 Evacuation Pause) 55M->48M(64M) 103.182ms
[2026-06-17T10:06:49.842+0800][29.492s][info][gc,cpu      ] GC(1037) User=0.00s Sys=0.00s Real=0.12s
[2026-06-17T10:06:49.842+0800][29.492s][info][gc          ] GC(1038) Concurrent Mark Cycle
[2026-06-17T10:06:49.844+0800][29.495s][info][gc,marking  ] GC(1038) Concurrent Scan Root Regions
[2026-06-17T10:06:49.846+0800][29.497s][info][gc,marking  ] GC(1038) Concurrent Scan Root Regions 1.845ms
[2026-06-17T10:06:49.847+0800][29.497s][info][gc,marking  ] GC(1038) Concurrent Mark
[2026-06-17T10:06:49.849+0800][29.499s][info][gc,marking  ] GC(1038) Concurrent Mark From Roots
[2026-06-17T10:06:49.851+0800][29.501s][info][gc,task     ] GC(1038) Using 5 workers of 5 for marking
[2026-06-17T10:06:49.853+0800][29.503s][info][gc,marking  ] GC(1038) Concurrent Mark From Roots 4.035ms
[2026-06-17T10:06:49.853+0800][29.504s][info][gc,marking  ] GC(1038) Concurrent Preclean
[2026-06-17T10:06:49.853+0800][29.504s][info][gc,marking  ] GC(1038) Concurrent Preclean 0.336ms
[2026-06-17T10:06:49.854+0800][29.505s][info][gc,start    ] GC(1038) Pause Remark
[2026-06-17T10:06:49.855+0800][29.506s][info][gc          ] GC(1038) Pause Remark 49M->43M(64M) 0.842ms
[2026-06-17T10:06:49.856+0800][29.506s][info][gc,cpu      ] GC(1038) User=0.00s Sys=0.00s Real=0.00s
[2026-06-17T10:06:49.856+0800][29.507s][info][gc,marking  ] GC(1038) Concurrent Mark 9.451ms
[2026-06-17T10:06:49.858+0800][29.508s][info][gc,marking  ] GC(1038) Concurrent Rebuild Remembered Sets and Scrub Regions
[2026-06-17T10:06:49.860+0800][29.511s][info][gc,marking  ] GC(1038) Concurrent Rebuild Remembered Sets and Scrub Regions 2.584ms
[2026-06-17T10:06:49.867+0800][29.517s][info][gc,start    ] GC(1039) Pause Young (Normal) (G1 Evacuation Pause)
[2026-06-17T10:06:49.873+0800][29.523s][info][gc,task     ] GC(1039) Using 2 workers of 18 for evacuation
[2026-06-17T10:06:49.884+0800][29.534s][info][gc,phases   ] GC(1039)   Pre Evacuate Collection Set: 0.21ms
[2026-06-17T10:06:49.886+0800][29.537s][info][gc,phases   ] GC(1039)   Merge Heap Roots: 0.07ms
[2026-06-17T10:06:49.887+0800][29.538s][info][gc,phases   ] GC(1039)   Evacuate Collection Set: 0.30ms
[2026-06-17T10:06:49.889+0800][29.540s][info][gc,phases   ] GC(1039)   Post Evacuate Collection Set: 0.22ms
[2026-06-17T10:06:49.890+0800][29.541s][info][gc,phases   ] GC(1039)   Other: 10.25ms
[2026-06-17T10:06:49.893+0800][29.543s][info][gc,heap     ] GC(1039) Eden regions: 7->0(10)
[2026-06-17T10:06:49.895+0800][29.546s][info][gc,heap     ] GC(1039) Survivor regions: 2->2(2)
[2026-06-17T10:06:49.897+0800][29.548s][info][gc,heap     ] GC(1039) Old regions: 26->27
[2026-06-17T10:06:49.899+0800][29.549s][info][gc,heap     ] GC(1039) Humongous regions: 15->15
[2026-06-17T10:06:49.903+0800][29.554s][info][gc,metaspace] GC(1039) Metaspace: 116K(320K)->116K(320K) NonClass: 109K(192K)->109K(192K) Class: 7K(128K)->7K(128K)
[2026-06-17T10:06:49.904+0800][29.554s][info][gc          ] GC(1039) Pause Young (Normal) (G1 Evacuation Pause) 49M->43M(64M) 36.817ms
[2026-06-17T10:06:49.904+0800][29.555s][info][gc,cpu      ] GC(1039) User=0.00s Sys=0.00s Real=0.04s
[2026-06-17T10:06:49.909+0800][29.559s][info][gc,start    ] GC(1038) Pause Cleanup
[2026-06-17T10:06:49.910+0800][29.561s][info][gc          ] GC(1038) Pause Cleanup 44M->44M(64M) 1.231ms
[2026-06-17T10:06:49.920+0800][29.571s][info][gc,cpu      ] GC(1038) User=0.00s Sys=0.00s Real=0.01s
[2026-06-17T10:06:49.921+0800][29.571s][info][gc,marking  ] GC(1038) Concurrent Clear Claimed Marks
[2026-06-17T10:06:49.921+0800][29.571s][info][gc,marking  ] GC(1038) Concurrent Clear Claimed Marks 0.281ms
[2026-06-17T10:06:49.923+0800][29.574s][info][gc,marking  ] GC(1038) Concurrent Cleanup for Next Mark
[2026-06-17T10:06:49.924+0800][29.575s][info][gc,marking  ] GC(1038) Concurrent Cleanup for Next Mark 1.327ms
[2026-06-17T10:06:49.926+0800][29.576s][info][gc          ] GC(1038) Concurrent Mark Cycle 83.722ms
[2026-06-17T10:06:49.942+0800][29.592s][info][gc,start    ] GC(1040) Pause Young (Prepare Mixed) (G1 Evacuation Pause)
[2026-06-17T10:06:49.942+0800][29.593s][info][gc,task     ] GC(1040) Using 2 workers of 18 for evacuation
[2026-06-17T10:06:49.943+0800][29.594s][info][gc,phases   ] GC(1040)   Pre Evacuate Collection Set: 0.14ms
[2026-06-17T10:06:49.944+0800][29.594s][info][gc,phases   ] GC(1040)   Merge Heap Roots: 0.08ms
[2026-06-17T10:06:49.944+0800][29.594s][info][gc,phases   ] GC(1040)   Evacuate Collection Set: 0.28ms
[2026-06-17T10:06:49.944+0800][29.595s][info][gc,phases   ] GC(1040)   Post Evacuate Collection Set: 0.31ms
[2026-06-17T10:06:49.945+0800][29.595s][info][gc,phases   ] GC(1040)   Other: 0.34ms
[2026-06-17T10:06:49.945+0800][29.595s][info][gc,heap     ] GC(1040) Eden regions: 10->0(11)
[2026-06-17T10:06:49.945+0800][29.595s][info][gc,heap     ] GC(1040) Survivor regions: 2->1(2)
[2026-06-17T10:06:49.945+0800][29.596s][info][gc,heap     ] GC(1040) Old regions: 27->28
[2026-06-17T10:06:49.945+0800][29.596s][info][gc,heap     ] GC(1040) Humongous regions: 15->15
[2026-06-17T10:06:49.945+0800][29.596s][info][gc,metaspace] GC(1040) Metaspace: 116K(320K)->116K(320K) NonClass: 109K(192K)->109K(192K) Class: 7K(128K)->7K(128K)
[2026-06-17T10:06:49.945+0800][29.596s][info][gc          ] GC(1040) Pause Young (Prepare Mixed) (G1 Evacuation Pause) 53M->43M(64M) 3.753ms
[2026-06-17T10:06:49.945+0800][29.596s][info][gc,cpu      ] GC(1040) User=0.00s Sys=0.00s Real=0.01s
[2026-06-17T10:06:49.977+0800][29.628s][info][gc,start    ] GC(1041) Pause Young (Mixed) (G1 Evacuation Pause)
[2026-06-17T10:06:49.978+0800][29.629s][info][gc,task     ] GC(1041) Using 2 workers of 18 for evacuation
[2026-06-17T10:06:49.982+0800][29.632s][info][gc,phases   ] GC(1041)   Pre Evacuate Collection Set: 0.17ms
[2026-06-17T10:06:49.984+0800][29.635s][info][gc,phases   ] GC(1041)   Merge Heap Roots: 0.15ms
[2026-06-17T10:06:49.986+0800][29.637s][info][gc,phases   ] GC(1041)   Evacuate Collection Set: 0.70ms
[2026-06-17T10:06:49.987+0800][29.637s][info][gc,phases   ] GC(1041)   Post Evacuate Collection Set: 0.73ms
[2026-06-17T10:06:49.987+0800][29.638s][info][gc,phases   ] GC(1041)   Other: 1.42ms
[2026-06-17T10:06:49.988+0800][29.639s][info][gc,heap     ] GC(1041) Eden regions: 11->0(10)
[2026-06-17T10:06:49.989+0800][29.639s][info][gc,heap     ] GC(1041) Survivor regions: 1->2(2)
[2026-06-17T10:06:49.990+0800][29.641s][info][gc,heap     ] GC(1041) Old regions: 28->28
[2026-06-17T10:06:49.991+0800][29.641s][info][gc,heap     ] GC(1041) Humongous regions: 15->15
[2026-06-17T10:06:49.992+0800][29.643s][info][gc,metaspace] GC(1041) Metaspace: 116K(320K)->116K(320K) NonClass: 109K(192K)->109K(192K) Class: 7K(128K)->7K(128K)
[2026-06-17T10:06:49.993+0800][29.643s][info][gc          ] GC(1041) Pause Young (Mixed) (G1 Evacuation Pause) 54M->44M(64M) 15.508ms
[2026-06-17T10:06:49.993+0800][29.644s][info][gc,cpu      ] GC(1041) User=0.00s Sys=0.00s Real=0.02s
[2026-06-17T10:06:50.026+0800][29.676s][info][gc,start    ] GC(1042) Pause Young (Concurrent Start) (G1 Evacuation Pause)
[2026-06-17T10:06:50.026+0800][29.676s][info][gc,task     ] GC(1042) Using 2 workers of 18 for evacuation
[2026-06-17T10:06:50.028+0800][29.678s][info][gc,phases   ] GC(1042)   Pre Evacuate Collection Set: 0.34ms
[2026-06-17T10:06:50.028+0800][29.678s][info][gc,phases   ] GC(1042)   Merge Heap Roots: 0.17ms
[2026-06-17T10:06:50.028+0800][29.679s][info][gc,phases   ] GC(1042)   Evacuate Collection Set: 0.32ms
[2026-06-17T10:06:50.029+0800][29.679s][info][gc,phases   ] GC(1042)   Post Evacuate Collection Set: 0.38ms
[2026-06-17T10:06:50.029+0800][29.679s][info][gc,phases   ] GC(1042)   Other: 0.52ms
[2026-06-17T10:06:50.029+0800][29.680s][info][gc,heap     ] GC(1042) Eden regions: 10->0(9)
[2026-06-17T10:06:50.029+0800][29.680s][info][gc,heap     ] GC(1042) Survivor regions: 2->2(2)
[2026-06-17T10:06:50.029+0800][29.680s][info][gc,heap     ] GC(1042) Old regions: 28->29
[2026-06-17T10:06:50.029+0800][29.680s][info][gc,heap     ] GC(1042) Humongous regions: 15->15
[2026-06-17T10:06:50.030+0800][29.680s][info][gc,metaspace] GC(1042) Metaspace: 116K(320K)->116K(320K) NonClass: 109K(192K)->109K(192K) Class: 7K(128K)->7K(128K)
[2026-06-17T10:06:50.030+0800][29.680s][info][gc          ] GC(1042) Pause Young (Concurrent Start) (G1 Evacuation Pause) 54M->45M(64M) 4.215ms
[2026-06-17T10:06:50.030+0800][29.680s][info][gc,cpu      ] GC(1042) User=0.00s Sys=0.00s Real=0.00s
[2026-06-17T10:06:50.030+0800][29.680s][info][gc          ] GC(1043) Concurrent Mark Cycle
[2026-06-17T10:06:50.030+0800][29.681s][info][gc,marking  ] GC(1043) Concurrent Scan Root Regions
[2026-06-17T10:06:50.030+0800][29.681s][info][gc,marking  ] GC(1043) Concurrent Scan Root Regions 0.226ms
[2026-06-17T10:06:50.031+0800][29.681s][info][gc,marking  ] GC(1043) Concurrent Mark
[2026-06-17T10:06:50.031+0800][29.681s][info][gc,marking  ] GC(1043) Concurrent Mark From Roots
[2026-06-17T10:06:50.031+0800][29.681s][info][gc,task     ] GC(1043) Using 5 workers of 5 for marking
[2026-06-17T10:06:50.032+0800][29.683s][info][gc,marking  ] GC(1043) Concurrent Mark From Roots 1.454ms
[2026-06-17T10:06:50.032+0800][29.683s][info][gc,marking  ] GC(1043) Concurrent Preclean
[2026-06-17T10:06:50.033+0800][29.683s][info][gc,marking  ] GC(1043) Concurrent Preclean 0.168ms
[2026-06-17T10:06:50.033+0800][29.683s][info][gc,start    ] GC(1043) Pause Remark
[2026-06-17T10:06:50.033+0800][29.684s][info][gc          ] GC(1043) Pause Remark 50M->44M(64M) 0.499ms
[2026-06-17T10:06:50.033+0800][29.684s][info][gc,cpu      ] GC(1043) User=0.00s Sys=0.00s Real=0.00s
[2026-06-17T10:06:50.033+0800][29.684s][info][gc,marking  ] GC(1043) Concurrent Mark 2.743ms
[2026-06-17T10:06:50.034+0800][29.684s][info][gc,marking  ] GC(1043) Concurrent Rebuild Remembered Sets and Scrub Regions
[2026-06-17T10:06:50.034+0800][29.685s][info][gc,marking  ] GC(1043) Concurrent Rebuild Remembered Sets and Scrub Regions 0.486ms
[2026-06-17T10:06:50.034+0800][29.685s][info][gc,start    ] GC(1043) Pause Cleanup
[2026-06-17T10:06:50.034+0800][29.685s][info][gc          ] GC(1043) Pause Cleanup 44M->44M(64M) 0.107ms
[2026-06-17T10:06:50.034+0800][29.685s][info][gc,cpu      ] GC(1043) User=0.00s Sys=0.00s Real=0.00s
[2026-06-17T10:06:50.034+0800][29.685s][info][gc,marking  ] GC(1043) Concurrent Clear Claimed Marks
[2026-06-17T10:06:50.035+0800][29.685s][info][gc,marking  ] GC(1043) Concurrent Clear Claimed Marks 0.180ms
[2026-06-17T10:06:50.035+0800][29.685s][info][gc,marking  ] GC(1043) Concurrent Cleanup for Next Mark
[2026-06-17T10:06:50.035+0800][29.686s][info][gc,marking  ] GC(1043) Concurrent Cleanup for Next Mark 0.253ms
[2026-06-17T10:06:50.035+0800][29.686s][info][gc          ] GC(1043) Concurrent Mark Cycle 5.232ms
[2026-06-17T10:06:50.051+0800][29.702s][info][gc,start    ] GC(1044) Pause Young (Prepare Mixed) (G1 Evacuation Pause)
[2026-06-17T10:06:50.051+0800][29.702s][info][gc,task     ] GC(1044) Using 2 workers of 18 for evacuation
[2026-06-17T10:06:50.052+0800][29.703s][info][gc,phases   ] GC(1044)   Pre Evacuate Collection Set: 0.09ms
[2026-06-17T10:06:50.052+0800][29.703s][info][gc,phases   ] GC(1044)   Merge Heap Roots: 0.04ms
[2026-06-17T10:06:50.053+0800][29.703s][info][gc,phases   ] GC(1044)   Evacuate Collection Set: 0.29ms
[2026-06-17T10:06:50.053+0800][29.704s][info][gc,phases   ] GC(1044)   Post Evacuate Collection Set: 0.16ms
[2026-06-17T10:06:50.054+0800][29.704s][info][gc,phases   ] GC(1044)   Other: 0.19ms
[2026-06-17T10:06:50.054+0800][29.704s][info][gc,heap     ] GC(1044) Eden regions: 9->0(11)
[2026-06-17T10:06:50.054+0800][29.705s][info][gc,heap     ] GC(1044) Survivor regions: 2->2(2)
[2026-06-17T10:06:50.054+0800][29.705s][info][gc,heap     ] GC(1044) Old regions: 23->25
[2026-06-17T10:06:50.054+0800][29.705s][info][gc,heap     ] GC(1044) Humongous regions: 15->15
[2026-06-17T10:06:50.054+0800][29.705s][info][gc,metaspace] GC(1044) Metaspace: 116K(320K)->116K(320K) NonClass: 109K(192K)->109K(192K) Class: 7K(128K)->7K(128K)
[2026-06-17T10:06:50.054+0800][29.705s][info][gc          ] GC(1044) Pause Young (Prepare Mixed) (G1 Evacuation Pause) 48M->41M(64M) 3.347ms
[2026-06-17T10:06:50.055+0800][29.705s][info][gc,cpu      ] GC(1044) User=0.00s Sys=0.00s Real=0.00s
[2026-06-17T10:06:50.087+0800][29.737s][info][gc,start    ] GC(1045) Pause Young (Mixed) (G1 Evacuation Pause)
[2026-06-17T10:06:50.087+0800][29.738s][info][gc,task     ] GC(1045) Using 2 workers of 18 for evacuation
[2026-06-17T10:06:50.088+0800][29.739s][info][gc,phases   ] GC(1045)   Pre Evacuate Collection Set: 0.13ms
[2026-06-17T10:06:50.089+0800][29.739s][info][gc,phases   ] GC(1045)   Merge Heap Roots: 0.10ms
[2026-06-17T10:06:50.089+0800][29.740s][info][gc,phases   ] GC(1045)   Evacuate Collection Set: 0.37ms
[2026-06-17T10:06:50.089+0800][29.740s][info][gc,phases   ] GC(1045)   Post Evacuate Collection Set: 0.23ms
[2026-06-17T10:06:50.089+0800][29.740s][info][gc,phases   ] GC(1045)   Other: 0.37ms
[2026-06-17T10:06:50.090+0800][29.740s][info][gc,heap     ] GC(1045) Eden regions: 11->0(13)
[2026-06-17T10:06:50.090+0800][29.741s][info][gc,heap     ] GC(1045) Survivor regions: 2->2(2)
[2026-06-17T10:06:50.091+0800][29.741s][info][gc,heap     ] GC(1045) Old regions: 25->22
[2026-06-17T10:06:50.091+0800][29.741s][info][gc,heap     ] GC(1045) Humongous regions: 16->16
[2026-06-17T10:06:50.091+0800][29.742s][info][gc,metaspace] GC(1045) Metaspace: 116K(320K)->116K(320K) NonClass: 109K(192K)->109K(192K) Class: 7K(128K)->7K(128K)
[2026-06-17T10:06:50.091+0800][29.742s][info][gc          ] GC(1045) Pause Young (Mixed) (G1 Evacuation Pause) 53M->39M(64M) 4.740ms
[2026-06-17T10:06:50.091+0800][29.742s][info][gc,cpu      ] GC(1045) User=0.00s Sys=0.00s Real=0.01s
[2026-06-17T10:06:50.123+0800][29.774s][info][gc,start    ] GC(1046) Pause Young (Mixed) (G1 Evacuation Pause)
[2026-06-17T10:06:50.124+0800][29.774s][info][gc,task     ] GC(1046) Using 2 workers of 18 for evacuation
[2026-06-17T10:06:50.125+0800][29.776s][info][gc,phases   ] GC(1046)   Pre Evacuate Collection Set: 0.13ms
[2026-06-17T10:06:50.125+0800][29.776s][info][gc,phases   ] GC(1046)   Merge Heap Roots: 0.05ms
[2026-06-17T10:06:50.126+0800][29.776s][info][gc,phases   ] GC(1046)   Evacuate Collection Set: 0.43ms
[2026-06-17T10:06:50.126+0800][29.776s][info][gc,phases   ] GC(1046)   Post Evacuate Collection Set: 0.37ms
[2026-06-17T10:06:50.126+0800][29.777s][info][gc,phases   ] GC(1046)   Other: 0.32ms
[2026-06-17T10:06:50.126+0800][29.777s][info][gc,heap     ] GC(1046) Eden regions: 13->0(12)
[2026-06-17T10:06:50.126+0800][29.777s][info][gc,heap     ] GC(1046) Survivor regions: 2->2(2)
[2026-06-17T10:06:50.126+0800][29.777s][info][gc,heap     ] GC(1046) Old regions: 22->23
[2026-06-17T10:06:50.127+0800][29.777s][info][gc,heap     ] GC(1046) Humongous regions: 16->16
[2026-06-17T10:06:50.127+0800][29.777s][info][gc,metaspace] GC(1046) Metaspace: 116K(320K)->116K(320K) NonClass: 109K(192K)->109K(192K) Class: 7K(128K)->7K(128K)
[2026-06-17T10:06:50.127+0800][29.778s][info][gc          ] GC(1046) Pause Young (Mixed) (G1 Evacuation Pause) 52M->40M(64M) 3.791ms
[2026-06-17T10:06:50.127+0800][29.778s][info][gc,cpu      ] GC(1046) User=0.00s Sys=0.00s Real=0.00s
[2026-06-17T10:06:50.159+0800][29.809s][info][gc,start    ] GC(1047) Pause Young (Concurrent Start) (G1 Evacuation Pause)
[2026-06-17T10:06:50.159+0800][29.809s][info][gc,task     ] GC(1047) Using 2 workers of 18 for evacuation
[2026-06-17T10:06:50.160+0800][29.811s][info][gc,phases   ] GC(1047)   Pre Evacuate Collection Set: 0.27ms
[2026-06-17T10:06:50.160+0800][29.811s][info][gc,phases   ] GC(1047)   Merge Heap Roots: 0.03ms
[2026-06-17T10:06:50.160+0800][29.811s][info][gc,phases   ] GC(1047)   Evacuate Collection Set: 0.31ms
[2026-06-17T10:06:50.160+0800][29.811s][info][gc,phases   ] GC(1047)   Post Evacuate Collection Set: 0.18ms
[2026-06-17T10:06:50.161+0800][29.811s][info][gc,phases   ] GC(1047)   Other: 0.28ms
[2026-06-17T10:06:50.161+0800][29.811s][info][gc,heap     ] GC(1047) Eden regions: 12->0(11)
[2026-06-17T10:06:50.161+0800][29.811s][info][gc,heap     ] GC(1047) Survivor regions: 2->2(2)
[2026-06-17T10:06:50.161+0800][29.812s][info][gc,heap     ] GC(1047) Old regions: 23->26
[2026-06-17T10:06:50.161+0800][29.812s][info][gc,heap     ] GC(1047) Humongous regions: 16->16
[2026-06-17T10:06:50.161+0800][29.812s][info][gc,metaspace] GC(1047) Metaspace: 116K(320K)->116K(320K) NonClass: 109K(192K)->109K(192K) Class: 7K(128K)->7K(128K)
[2026-06-17T10:06:50.162+0800][29.812s][info][gc          ] GC(1047) Pause Young (Concurrent Start) (G1 Evacuation Pause) 52M->43M(64M) 3.020ms
[2026-06-17T10:06:50.162+0800][29.812s][info][gc,cpu      ] GC(1047) User=0.01s Sys=0.00s Real=0.00s
[2026-06-17T10:06:50.162+0800][29.812s][info][gc          ] GC(1048) Concurrent Mark Cycle
[2026-06-17T10:06:50.162+0800][29.813s][info][gc,marking  ] GC(1048) Concurrent Scan Root Regions
[2026-06-17T10:06:50.163+0800][29.813s][info][gc,marking  ] GC(1048) Concurrent Scan Root Regions 0.453ms
[2026-06-17T10:06:50.163+0800][29.813s][info][gc,marking  ] GC(1048) Concurrent Mark
[2026-06-17T10:06:50.163+0800][29.813s][info][gc,marking  ] GC(1048) Concurrent Mark From Roots
[2026-06-17T10:06:50.163+0800][29.813s][info][gc,task     ] GC(1048) Using 5 workers of 5 for marking
[2026-06-17T10:06:50.164+0800][29.815s][info][gc,marking  ] GC(1048) Concurrent Mark From Roots 1.197ms
[2026-06-17T10:06:50.164+0800][29.815s][info][gc,marking  ] GC(1048) Concurrent Preclean
[2026-06-17T10:06:50.164+0800][29.815s][info][gc,marking  ] GC(1048) Concurrent Preclean 0.162ms
[2026-06-17T10:06:50.164+0800][29.815s][info][gc,start    ] GC(1048) Pause Remark
[2026-06-17T10:06:50.165+0800][29.816s][info][gc          ] GC(1048) Pause Remark 45M->45M(64M) 0.700ms
[2026-06-17T10:06:50.165+0800][29.816s][info][gc,cpu      ] GC(1048) User=0.00s Sys=0.00s Real=0.00s
[2026-06-17T10:06:50.165+0800][29.816s][info][gc,marking  ] GC(1048) Concurrent Mark 2.832ms
[2026-06-17T10:06:50.166+0800][29.816s][info][gc,marking  ] GC(1048) Concurrent Rebuild Remembered Sets and Scrub Regions
[2026-06-17T10:06:50.166+0800][29.817s][info][gc,marking  ] GC(1048) Concurrent Rebuild Remembered Sets and Scrub Regions 0.418ms
[2026-06-17T10:06:50.166+0800][29.817s][info][gc,start    ] GC(1048) Pause Cleanup
[2026-06-17T10:06:50.166+0800][29.817s][info][gc          ] GC(1048) Pause Cleanup 45M->45M(64M) 0.139ms
[2026-06-17T10:06:50.166+0800][29.817s][info][gc,cpu      ] GC(1048) User=0.00s Sys=0.00s Real=0.00s
[2026-06-17T10:06:50.167+0800][29.817s][info][gc,marking  ] GC(1048) Concurrent Clear Claimed Marks
[2026-06-17T10:06:50.167+0800][29.817s][info][gc,marking  ] GC(1048) Concurrent Clear Claimed Marks 0.087ms
[2026-06-17T10:06:50.167+0800][29.817s][info][gc,marking  ] GC(1048) Concurrent Cleanup for Next Mark
[2026-06-17T10:06:50.167+0800][29.817s][info][gc,marking  ] GC(1048) Concurrent Cleanup for Next Mark 0.189ms
[2026-06-17T10:06:50.167+0800][29.818s][info][gc          ] GC(1048) Concurrent Mark Cycle 5.309ms
[2026-06-17T10:06:50.183+0800][29.834s][info][gc,start    ] GC(1049) Pause Young (Prepare Mixed) (G1 Evacuation Pause)
[2026-06-17T10:06:50.183+0800][29.834s][info][gc,task     ] GC(1049) Using 2 workers of 18 for evacuation
[2026-06-17T10:06:50.184+0800][29.835s][info][gc,phases   ] GC(1049)   Pre Evacuate Collection Set: 0.18ms
[2026-06-17T10:06:50.185+0800][29.835s][info][gc,phases   ] GC(1049)   Merge Heap Roots: 0.05ms
[2026-06-17T10:06:50.185+0800][29.835s][info][gc,phases   ] GC(1049)   Evacuate Collection Set: 0.40ms
[2026-06-17T10:06:50.185+0800][29.835s][info][gc,phases   ] GC(1049)   Post Evacuate Collection Set: 0.17ms
[2026-06-17T10:06:50.185+0800][29.835s][info][gc,phases   ] GC(1049)   Other: 0.20ms
[2026-06-17T10:06:50.185+0800][29.836s][info][gc,heap     ] GC(1049) Eden regions: 11->0(5)
[2026-06-17T10:06:50.185+0800][29.836s][info][gc,heap     ] GC(1049) Survivor regions: 2->2(2)
[2026-06-17T10:06:50.185+0800][29.836s][info][gc,heap     ] GC(1049) Old regions: 26->31
[2026-06-17T10:06:50.187+0800][29.837s][info][gc,heap     ] GC(1049) Humongous regions: 16->16
[2026-06-17T10:06:50.187+0800][29.838s][info][gc,metaspace] GC(1049) Metaspace: 116K(320K)->116K(320K) NonClass: 109K(192K)->109K(192K) Class: 7K(128K)->7K(128K)
[2026-06-17T10:06:50.187+0800][29.838s][info][gc          ] GC(1049) Pause Young (Prepare Mixed) (G1 Evacuation Pause) 54M->48M(64M) 4.301ms
[2026-06-17T10:06:50.188+0800][29.838s][info][gc,cpu      ] GC(1049) User=0.00s Sys=0.00s Real=0.00s
[2026-06-17T10:06:50.209+0800][29.859s][info][gc,start    ] GC(1050) Pause Young (Mixed) (G1 Evacuation Pause)
[2026-06-17T10:06:50.209+0800][29.860s][info][gc,task     ] GC(1050) Using 2 workers of 18 for evacuation
[2026-06-17T10:06:50.210+0800][29.861s][info][gc,phases   ] GC(1050)   Pre Evacuate Collection Set: 0.11ms
[2026-06-17T10:06:50.210+0800][29.861s][info][gc,phases   ] GC(1050)   Merge Heap Roots: 0.05ms
[2026-06-17T10:06:50.211+0800][29.861s][info][gc,phases   ] GC(1050)   Evacuate Collection Set: 0.29ms
[2026-06-17T10:06:50.211+0800][29.861s][info][gc,phases   ] GC(1050)   Post Evacuate Collection Set: 0.29ms
[2026-06-17T10:06:50.211+0800][29.862s][info][gc,phases   ] GC(1050)   Other: 0.31ms
[2026-06-17T10:06:50.211+0800][29.862s][info][gc,heap     ] GC(1050) Eden regions: 5->0(9)
[2026-06-17T10:06:50.212+0800][29.862s][info][gc,heap     ] GC(1050) Survivor regions: 2->1(1)
[2026-06-17T10:06:50.212+0800][29.862s][info][gc,heap     ] GC(1050) Old regions: 31->28
[2026-06-17T10:06:50.212+0800][29.863s][info][gc,heap     ] GC(1050) Humongous regions: 16->16
[2026-06-17T10:06:50.212+0800][29.863s][info][gc,metaspace] GC(1050) Metaspace: 116K(320K)->116K(320K) NonClass: 109K(192K)->109K(192K) Class: 7K(128K)->7K(128K)
[2026-06-17T10:06:50.212+0800][29.863s][info][gc          ] GC(1050) Pause Young (Mixed) (G1 Evacuation Pause) 53M->44M(64M) 3.760ms
[2026-06-17T10:06:50.212+0800][29.863s][info][gc,cpu      ] GC(1050) User=0.00s Sys=0.00s Real=0.01s
[2026-06-17T10:06:50.233+0800][29.884s][info][gc,start    ] GC(1051) Pause Young (Concurrent Start) (G1 Evacuation Pause)
[2026-06-17T10:06:50.234+0800][29.884s][info][gc,task     ] GC(1051) Using 2 workers of 18 for evacuation
[2026-06-17T10:06:50.236+0800][29.886s][info][gc,phases   ] GC(1051)   Pre Evacuate Collection Set: 0.23ms
[2026-06-17T10:06:50.236+0800][29.886s][info][gc,phases   ] GC(1051)   Merge Heap Roots: 0.07ms
[2026-06-17T10:06:50.236+0800][29.887s][info][gc,phases   ] GC(1051)   Evacuate Collection Set: 0.28ms
[2026-06-17T10:06:50.236+0800][29.887s][info][gc,phases   ] GC(1051)   Post Evacuate Collection Set: 0.21ms
[2026-06-17T10:06:50.236+0800][29.887s][info][gc,phases   ] GC(1051)   Other: 0.97ms
[2026-06-17T10:06:50.236+0800][29.887s][info][gc,heap     ] GC(1051) Eden regions: 9->0(6)
[2026-06-17T10:06:50.237+0800][29.887s][info][gc,heap     ] GC(1051) Survivor regions: 1->2(2)
[2026-06-17T10:06:50.237+0800][29.887s][info][gc,heap     ] GC(1051) Old regions: 28->30
[2026-06-17T10:06:50.237+0800][29.887s][info][gc,heap     ] GC(1051) Humongous regions: 16->16
[2026-06-17T10:06:50.237+0800][29.888s][info][gc,metaspace] GC(1051) Metaspace: 116K(320K)->116K(320K) NonClass: 109K(192K)->109K(192K) Class: 7K(128K)->7K(128K)
[2026-06-17T10:06:50.237+0800][29.888s][info][gc          ] GC(1051) Pause Young (Concurrent Start) (G1 Evacuation Pause) 53M->47M(64M) 3.720ms
[2026-06-17T10:06:50.237+0800][29.888s][info][gc,cpu      ] GC(1051) User=0.00s Sys=0.00s Real=0.00s
[2026-06-17T10:06:50.237+0800][29.888s][info][gc          ] GC(1052) Concurrent Mark Cycle
[2026-06-17T10:06:50.238+0800][29.888s][info][gc,marking  ] GC(1052) Concurrent Scan Root Regions
[2026-06-17T10:06:50.238+0800][29.889s][info][gc,marking  ] GC(1052) Concurrent Scan Root Regions 0.264ms
[2026-06-17T10:06:50.238+0800][29.889s][info][gc,marking  ] GC(1052) Concurrent Mark
[2026-06-17T10:06:50.238+0800][29.889s][info][gc,marking  ] GC(1052) Concurrent Mark From Roots
[2026-06-17T10:06:50.239+0800][29.889s][info][gc,task     ] GC(1052) Using 5 workers of 5 for marking
[2026-06-17T10:06:50.240+0800][29.890s][info][gc,marking  ] GC(1052) Concurrent Mark From Roots 1.460ms
[2026-06-17T10:06:50.240+0800][29.891s][info][gc,marking  ] GC(1052) Concurrent Preclean
[2026-06-17T10:06:50.240+0800][29.891s][info][gc,marking  ] GC(1052) Concurrent Preclean 0.148ms
[2026-06-17T10:06:50.241+0800][29.892s][info][gc,start    ] GC(1052) Pause Remark
[2026-06-17T10:06:50.242+0800][29.892s][info][gc          ] GC(1052) Pause Remark 49M->43M(64M) 0.662ms
[2026-06-17T10:06:50.242+0800][29.893s][info][gc,cpu      ] GC(1052) User=0.00s Sys=0.00s Real=0.00s
[2026-06-17T10:06:50.242+0800][29.893s][info][gc,marking  ] GC(1052) Concurrent Mark 3.984ms
[2026-06-17T10:06:50.242+0800][29.893s][info][gc,marking  ] GC(1052) Concurrent Rebuild Remembered Sets and Scrub Regions
[2026-06-17T10:06:50.243+0800][29.894s][info][gc,marking  ] GC(1052) Concurrent Rebuild Remembered Sets and Scrub Regions 0.717ms
[2026-06-17T10:06:50.243+0800][29.894s][info][gc,start    ] GC(1052) Pause Cleanup
[2026-06-17T10:06:50.244+0800][29.894s][info][gc          ] GC(1052) Pause Cleanup 43M->43M(64M) 0.158ms
[2026-06-17T10:06:50.244+0800][29.894s][info][gc,cpu      ] GC(1052) User=0.00s Sys=0.00s Real=0.00s
[2026-06-17T10:06:50.244+0800][29.894s][info][gc,marking  ] GC(1052) Concurrent Clear Claimed Marks
[2026-06-17T10:06:50.244+0800][29.895s][info][gc,marking  ] GC(1052) Concurrent Clear Claimed Marks 0.124ms
[2026-06-17T10:06:50.244+0800][29.895s][info][gc,marking  ] GC(1052) Concurrent Cleanup for Next Mark
[2026-06-17T10:06:50.244+0800][29.895s][info][gc,marking  ] GC(1052) Concurrent Cleanup for Next Mark 0.288ms
[2026-06-17T10:06:50.245+0800][29.895s][info][gc          ] GC(1052) Concurrent Mark Cycle 7.339ms
[2026-06-17T10:06:50.248+0800][29.899s][info][gc,start    ] GC(1053) Pause Young (Prepare Mixed) (G1 Evacuation Pause)
[2026-06-17T10:06:50.249+0800][29.899s][info][gc,task     ] GC(1053) Using 2 workers of 18 for evacuation
[2026-06-17T10:06:50.249+0800][29.900s][info][gc,phases   ] GC(1053)   Pre Evacuate Collection Set: 0.10ms
[2026-06-17T10:06:50.250+0800][29.900s][info][gc,phases   ] GC(1053)   Merge Heap Roots: 0.04ms
[2026-06-17T10:06:50.250+0800][29.900s][info][gc,phases   ] GC(1053)   Evacuate Collection Set: 0.21ms
[2026-06-17T10:06:50.250+0800][29.900s][info][gc,phases   ] GC(1053)   Post Evacuate Collection Set: 0.21ms
[2026-06-17T10:06:50.250+0800][29.900s][info][gc,phases   ] GC(1053)   Other: 0.21ms
[2026-06-17T10:06:50.250+0800][29.901s][info][gc,heap     ] GC(1053) Eden regions: 6->0(13)
[2026-06-17T10:06:50.250+0800][29.901s][info][gc,heap     ] GC(1053) Survivor regions: 2->1(1)
[2026-06-17T10:06:50.250+0800][29.901s][info][gc,heap     ] GC(1053) Old regions: 24->25
[2026-06-17T10:06:50.250+0800][29.901s][info][gc,heap     ] GC(1053) Humongous regions: 16->16
[2026-06-17T10:06:50.250+0800][29.901s][info][gc,metaspace] GC(1053) Metaspace: 116K(320K)->116K(320K) NonClass: 109K(192K)->109K(192K) Class: 7K(128K)->7K(128K)
[2026-06-17T10:06:50.250+0800][29.901s][info][gc          ] GC(1053) Pause Young (Prepare Mixed) (G1 Evacuation Pause) 47M->41M(64M) 2.074ms
[2026-06-17T10:06:50.251+0800][29.901s][info][gc,cpu      ] GC(1053) User=0.00s Sys=0.00s Real=0.01s
[2026-06-17T10:06:50.282+0800][29.933s][info][gc,start    ] GC(1054) Pause Young (Mixed) (G1 Evacuation Pause)
[2026-06-17T10:06:50.283+0800][29.934s][info][gc,task     ] GC(1054) Using 2 workers of 18 for evacuation
[2026-06-17T10:06:50.285+0800][29.936s][info][gc,phases   ] GC(1054)   Pre Evacuate Collection Set: 0.21ms
[2026-06-17T10:06:50.286+0800][29.937s][info][gc,phases   ] GC(1054)   Merge Heap Roots: 0.07ms
[2026-06-17T10:06:50.288+0800][29.939s][info][gc,phases   ] GC(1054)   Evacuate Collection Set: 0.46ms
[2026-06-17T10:06:50.291+0800][29.941s][info][gc,phases   ] GC(1054)   Post Evacuate Collection Set: 0.34ms
[2026-06-17T10:06:50.292+0800][29.942s][info][gc,phases   ] GC(1054)   Other: 0.57ms
[2026-06-17T10:06:50.294+0800][29.944s][info][gc,heap     ] GC(1054) Eden regions: 13->0(14)
[2026-06-17T10:06:50.295+0800][29.946s][info][gc,heap     ] GC(1054) Survivor regions: 1->2(2)
[2026-06-17T10:06:50.296+0800][29.947s][info][gc,heap     ] GC(1054) Old regions: 25->21
[2026-06-17T10:06:50.298+0800][29.948s][info][gc,heap     ] GC(1054) Humongous regions: 18->18
[2026-06-17T10:06:50.300+0800][29.950s][info][gc,metaspace] GC(1054) Metaspace: 116K(320K)->116K(320K) NonClass: 109K(192K)->109K(192K) Class: 7K(128K)->7K(128K)
[2026-06-17T10:06:50.302+0800][29.953s][info][gc          ] GC(1054) Pause Young (Mixed) (G1 Evacuation Pause) 56M->40M(64M) 19.772ms
[2026-06-17T10:06:50.305+0800][29.955s][info][gc,cpu      ] GC(1054) User=0.01s Sys=0.00s Real=0.03s
[2026-06-17T10:06:50.348+0800][29.998s][info][gc,start    ] GC(1055) Pause Young (Concurrent Start) (G1 Evacuation Pause)
[2026-06-17T10:06:50.348+0800][29.999s][info][gc,task     ] GC(1055) Using 2 workers of 18 for evacuation
[2026-06-17T10:06:50.350+0800][30.001s][info][gc,phases   ] GC(1055)   Pre Evacuate Collection Set: 0.18ms
[2026-06-17T10:06:50.350+0800][30.001s][info][gc,phases   ] GC(1055)   Merge Heap Roots: 0.33ms
[2026-06-17T10:06:50.350+0800][30.001s][info][gc,phases   ] GC(1055)   Evacuate Collection Set: 0.56ms
[2026-06-17T10:06:50.351+0800][30.001s][info][gc,phases   ] GC(1055)   Post Evacuate Collection Set: 0.28ms
[2026-06-17T10:06:50.351+0800][30.001s][info][gc,phases   ] GC(1055)   Other: 0.32ms
[2026-06-17T10:06:50.351+0800][30.002s][info][gc,heap     ] GC(1055) Eden regions: 14->0(11)
[2026-06-17T10:06:50.351+0800][30.002s][info][gc,heap     ] GC(1055) Survivor regions: 2->2(2)
[2026-06-17T10:06:50.352+0800][30.002s][info][gc,heap     ] GC(1055) Old regions: 21->25
[2026-06-17T10:06:50.352+0800][30.002s][info][gc,heap     ] GC(1055) Humongous regions: 18->18
[2026-06-17T10:06:50.352+0800][30.002s][info][gc,metaspace] GC(1055) Metaspace: 116K(320K)->116K(320K) NonClass: 109K(192K)->109K(192K) Class: 7K(128K)->7K(128K)
[2026-06-17T10:06:50.352+0800][30.002s][info][gc          ] GC(1055) Pause Young (Concurrent Start) (G1 Evacuation Pause) 54M->44M(64M) 4.068ms
[2026-06-17T10:06:50.352+0800][30.003s][info][gc,cpu      ] GC(1055) User=0.00s Sys=0.00s Real=0.01s
[2026-06-17T10:06:50.352+0800][30.003s][info][gc          ] GC(1056) Concurrent Mark Cycle
[2026-06-17T10:06:50.352+0800][30.003s][info][gc,marking  ] GC(1056) Concurrent Scan Root Regions
[2026-06-17T10:06:50.353+0800][30.003s][info][gc,marking  ] GC(1056) Concurrent Scan Root Regions 0.194ms
[2026-06-17T10:06:50.353+0800][30.003s][info][gc,marking  ] GC(1056) Concurrent Mark
[2026-06-17T10:06:50.353+0800][30.003s][info][gc,marking  ] GC(1056) Concurrent Mark From Roots
[2026-06-17T10:06:50.353+0800][30.003s][info][gc,task     ] GC(1056) Using 5 workers of 5 for marking
[2026-06-17T10:06:50.354+0800][30.005s][info][gc,marking  ] GC(1056) Concurrent Mark From Roots 1.260ms
[2026-06-17T10:06:50.354+0800][30.005s][info][gc,marking  ] GC(1056) Concurrent Preclean
[2026-06-17T10:06:50.354+0800][30.005s][info][gc,marking  ] GC(1056) Concurrent Preclean 0.092ms
[2026-06-17T10:06:50.354+0800][30.005s][info][gc,start    ] GC(1056) Pause Remark
[2026-06-17T10:06:50.355+0800][30.005s][info][gc          ] GC(1056) Pause Remark 46M->46M(64M) 0.406ms
[2026-06-17T10:06:50.355+0800][30.005s][info][gc,cpu      ] GC(1056) User=0.00s Sys=0.00s Real=0.00s
[2026-06-17T10:06:50.355+0800][30.006s][info][gc,marking  ] GC(1056) Concurrent Mark 2.548ms
[2026-06-17T10:06:50.355+0800][30.006s][info][gc,marking  ] GC(1056) Concurrent Rebuild Remembered Sets and Scrub Regions
[2026-06-17T10:06:50.356+0800][30.006s][info][gc,marking  ] GC(1056) Concurrent Rebuild Remembered Sets and Scrub Regions 0.577ms
[2026-06-17T10:06:50.356+0800][30.007s][info][gc,start    ] GC(1056) Pause Cleanup
[2026-06-17T10:06:50.356+0800][30.007s][info][gc          ] GC(1056) Pause Cleanup 46M->46M(64M) 0.126ms
[2026-06-17T10:06:50.356+0800][30.007s][info][gc,cpu      ] GC(1056) User=0.00s Sys=0.00s Real=0.00s
[2026-06-17T10:06:50.357+0800][30.007s][info][gc,marking  ] GC(1056) Concurrent Clear Claimed Marks
[2026-06-17T10:06:50.357+0800][30.007s][info][gc,marking  ] GC(1056) Concurrent Clear Claimed Marks 0.079ms
[2026-06-17T10:06:50.357+0800][30.007s][info][gc,marking  ] GC(1056) Concurrent Cleanup for Next Mark
[2026-06-17T10:06:50.357+0800][30.007s][info][gc,marking  ] GC(1056) Concurrent Cleanup for Next Mark 0.255ms
[2026-06-17T10:06:50.357+0800][30.008s][info][gc          ] GC(1056) Concurrent Mark Cycle 4.971ms
[2026-06-17T10:06:50.374+0800][30.024s][info][gc,start    ] GC(1057) Pause Young (Prepare Mixed) (G1 Evacuation Pause)
[2026-06-17T10:06:50.374+0800][30.025s][info][gc,task     ] GC(1057) Using 2 workers of 18 for evacuation
[2026-06-17T10:06:50.376+0800][30.026s][info][gc,phases   ] GC(1057)   Pre Evacuate Collection Set: 0.43ms
[2026-06-17T10:06:50.376+0800][30.026s][info][gc,phases   ] GC(1057)   Merge Heap Roots: 0.06ms
[2026-06-17T10:06:50.378+0800][30.028s][info][gc,phases   ] GC(1057)   Evacuate Collection Set: 0.22ms
[2026-06-17T10:06:50.378+0800][30.028s][info][gc,phases   ] GC(1057)   Post Evacuate Collection Set: 0.19ms
[2026-06-17T10:06:50.378+0800][30.028s][info][gc,phases   ] GC(1057)   Other: 0.49ms
[2026-06-17T10:06:50.378+0800][30.029s][info][gc,heap     ] GC(1057) Eden regions: 11->0(12)
[2026-06-17T10:06:50.378+0800][30.029s][info][gc,heap     ] GC(1057) Survivor regions: 2->1(2)
[2026-06-17T10:06:50.378+0800][30.029s][info][gc,heap     ] GC(1057) Old regions: 25->26
[2026-06-17T10:06:50.378+0800][30.029s][info][gc,heap     ] GC(1057) Humongous regions: 18->18
[2026-06-17T10:06:50.378+0800][30.029s][info][gc,metaspace] GC(1057) Metaspace: 116K(320K)->116K(320K) NonClass: 109K(192K)->109K(192K) Class: 7K(128K)->7K(128K)
[2026-06-17T10:06:50.378+0800][30.029s][info][gc          ] GC(1057) Pause Young (Prepare Mixed) (G1 Evacuation Pause) 55M->44M(64M) 4.966ms
[2026-06-17T10:06:50.379+0800][30.029s][info][gc,cpu      ] GC(1057) User=0.00s Sys=0.00s Real=0.00s
[2026-06-17T10:06:50.410+0800][30.061s][info][gc,start    ] GC(1058) Pause Young (Mixed) (G1 Evacuation Pause)
[2026-06-17T10:06:50.411+0800][30.061s][info][gc,task     ] GC(1058) Using 2 workers of 18 for evacuation
[2026-06-17T10:06:50.412+0800][30.063s][info][gc,phases   ] GC(1058)   Pre Evacuate Collection Set: 0.18ms
[2026-06-17T10:06:50.412+0800][30.063s][info][gc,phases   ] GC(1058)   Merge Heap Roots: 0.05ms
[2026-06-17T10:06:50.412+0800][30.063s][info][gc,phases   ] GC(1058)   Evacuate Collection Set: 0.30ms
[2026-06-17T10:06:50.412+0800][30.063s][info][gc,phases   ] GC(1058)   Post Evacuate Collection Set: 0.20ms
[2026-06-17T10:06:50.412+0800][30.063s][info][gc,phases   ] GC(1058)   Other: 0.33ms
[2026-06-17T10:06:50.413+0800][30.063s][info][gc,heap     ] GC(1058) Eden regions: 12->0(11)
[2026-06-17T10:06:50.413+0800][30.063s][info][gc,heap     ] GC(1058) Survivor regions: 1->2(2)
[2026-06-17T10:06:50.413+0800][30.063s][info][gc,heap     ] GC(1058) Old regions: 26->26
[2026-06-17T10:06:50.413+0800][30.063s][info][gc,heap     ] GC(1058) Humongous regions: 18->18
[2026-06-17T10:06:50.413+0800][30.064s][info][gc,metaspace] GC(1058) Metaspace: 116K(320K)->116K(320K) NonClass: 109K(192K)->109K(192K) Class: 7K(128K)->7K(128K)
[2026-06-17T10:06:50.413+0800][30.064s][info][gc          ] GC(1058) Pause Young (Mixed) (G1 Evacuation Pause) 56M->45M(64M) 2.647ms
[2026-06-17T10:06:50.413+0800][30.064s][info][gc,cpu      ] GC(1058) User=0.00s Sys=0.00s Real=0.00s
[2026-06-17T10:06:50.445+0800][30.095s][info][gc,start    ] GC(1059) Pause Young (Concurrent Start) (G1 Evacuation Pause)
[2026-06-17T10:06:50.445+0800][30.096s][info][gc,task     ] GC(1059) Using 2 workers of 18 for evacuation
[2026-06-17T10:06:50.447+0800][30.097s][info][gc,phases   ] GC(1059)   Pre Evacuate Collection Set: 0.19ms
[2026-06-17T10:06:50.447+0800][30.098s][info][gc,phases   ] GC(1059)   Merge Heap Roots: 0.04ms
[2026-06-17T10:06:50.447+0800][30.098s][info][gc,phases   ] GC(1059)   Evacuate Collection Set: 0.82ms
[2026-06-17T10:06:50.447+0800][30.098s][info][gc,phases   ] GC(1059)   Post Evacuate Collection Set: 0.30ms
[2026-06-17T10:06:50.448+0800][30.098s][info][gc,phases   ] GC(1059)   Other: 0.38ms
[2026-06-17T10:06:50.448+0800][30.098s][info][gc,heap     ] GC(1059) Eden regions: 11->0(7)
[2026-06-17T10:06:50.448+0800][30.099s][info][gc,heap     ] GC(1059) Survivor regions: 2->2(2)
[2026-06-17T10:06:50.449+0800][30.099s][info][gc,heap     ] GC(1059) Old regions: 26->30
[2026-06-17T10:06:50.449+0800][30.099s][info][gc,heap     ] GC(1059) Humongous regions: 18->18
[2026-06-17T10:06:50.449+0800][30.100s][info][gc,metaspace] GC(1059) Metaspace: 116K(320K)->116K(320K) NonClass: 109K(192K)->109K(192K) Class: 7K(128K)->7K(128K)
[2026-06-17T10:06:50.449+0800][30.100s][info][gc          ] GC(1059) Pause Young (Concurrent Start) (G1 Evacuation Pause) 56M->49M(64M) 4.645ms
[2026-06-17T10:06:50.449+0800][30.100s][info][gc,cpu      ] GC(1059) User=0.01s Sys=0.00s Real=0.00s
[2026-06-17T10:06:50.449+0800][30.100s][info][gc          ] GC(1060) Concurrent Mark Cycle
[2026-06-17T10:06:50.450+0800][30.100s][info][gc,marking  ] GC(1060) Concurrent Scan Root Regions
[2026-06-17T10:06:50.450+0800][30.101s][info][gc,marking  ] GC(1060) Concurrent Scan Root Regions 0.216ms
[2026-06-17T10:06:50.450+0800][30.101s][info][gc,marking  ] GC(1060) Concurrent Mark
[2026-06-17T10:06:50.450+0800][30.101s][info][gc,marking  ] GC(1060) Concurrent Mark From Roots
[2026-06-17T10:06:50.450+0800][30.101s][info][gc,task     ] GC(1060) Using 5 workers of 5 for marking
[2026-06-17T10:06:50.451+0800][30.102s][info][gc,marking  ] GC(1060) Concurrent Mark From Roots 1.156ms
[2026-06-17T10:06:50.451+0800][30.102s][info][gc,marking  ] GC(1060) Concurrent Preclean
[2026-06-17T10:06:50.452+0800][30.102s][info][gc,marking  ] GC(1060) Concurrent Preclean 0.097ms
[2026-06-17T10:06:50.452+0800][30.102s][info][gc,start    ] GC(1060) Pause Remark
[2026-06-17T10:06:50.452+0800][30.103s][info][gc          ] GC(1060) Pause Remark 52M->45M(64M) 0.414ms
[2026-06-17T10:06:50.452+0800][30.103s][info][gc,cpu      ] GC(1060) User=0.00s Sys=0.00s Real=0.00s
[2026-06-17T10:06:50.452+0800][30.103s][info][gc,marking  ] GC(1060) Concurrent Mark 2.207ms
[2026-06-17T10:06:50.453+0800][30.103s][info][gc,marking  ] GC(1060) Concurrent Rebuild Remembered Sets and Scrub Regions
[2026-06-17T10:06:50.453+0800][30.104s][info][gc,marking  ] GC(1060) Concurrent Rebuild Remembered Sets and Scrub Regions 0.550ms
[2026-06-17T10:06:50.453+0800][30.104s][info][gc,start    ] GC(1060) Pause Cleanup
[2026-06-17T10:06:50.453+0800][30.104s][info][gc          ] GC(1060) Pause Cleanup 45M->45M(64M) 0.185ms
[2026-06-17T10:06:50.454+0800][30.104s][info][gc,cpu      ] GC(1060) User=0.00s Sys=0.00s Real=0.00s
[2026-06-17T10:06:50.454+0800][30.104s][info][gc,marking  ] GC(1060) Concurrent Clear Claimed Marks
[2026-06-17T10:06:50.454+0800][30.104s][info][gc,marking  ] GC(1060) Concurrent Clear Claimed Marks 0.079ms
[2026-06-17T10:06:50.454+0800][30.104s][info][gc,marking  ] GC(1060) Concurrent Cleanup for Next Mark
[2026-06-17T10:06:50.454+0800][30.105s][info][gc,marking  ] GC(1060) Concurrent Cleanup for Next Mark 0.157ms
[2026-06-17T10:06:50.454+0800][30.105s][info][gc          ] GC(1060) Concurrent Mark Cycle 4.631ms
[2026-06-17T10:06:50.471+0800][30.121s][info][gc,start    ] GC(1061) Pause Young (Prepare Mixed) (G1 Evacuation Pause)
[2026-06-17T10:06:50.471+0800][30.121s][info][gc,task     ] GC(1061) Using 2 workers of 18 for evacuation
[2026-06-17T10:06:50.472+0800][30.122s][info][gc,phases   ] GC(1061)   Pre Evacuate Collection Set: 0.14ms
[2026-06-17T10:06:50.472+0800][30.123s][info][gc,phases   ] GC(1061)   Merge Heap Roots: 0.05ms
[2026-06-17T10:06:50.473+0800][30.123s][info][gc,phases   ] GC(1061)   Evacuate Collection Set: 0.32ms
[2026-06-17T10:06:50.473+0800][30.123s][info][gc,phases   ] GC(1061)   Post Evacuate Collection Set: 0.18ms
[2026-06-17T10:06:50.473+0800][30.124s][info][gc,phases   ] GC(1061)   Other: 0.31ms
[2026-06-17T10:06:50.473+0800][30.124s][info][gc,heap     ] GC(1061) Eden regions: 7->0(9)
[2026-06-17T10:06:50.473+0800][30.124s][info][gc,heap     ] GC(1061) Survivor regions: 2->2(2)
[2026-06-17T10:06:50.474+0800][30.124s][info][gc,heap     ] GC(1061) Old regions: 23->26
[2026-06-17T10:06:50.474+0800][30.124s][info][gc,heap     ] GC(1061) Humongous regions: 18->18
[2026-06-17T10:06:50.474+0800][30.125s][info][gc,metaspace] GC(1061) Metaspace: 116K(320K)->116K(320K) NonClass: 109K(192K)->109K(192K) Class: 7K(128K)->7K(128K)
[2026-06-17T10:06:50.474+0800][30.125s][info][gc          ] GC(1061) Pause Young (Prepare Mixed) (G1 Evacuation Pause) 49M->45M(64M) 3.630ms
[2026-06-17T10:06:50.474+0800][30.125s][info][gc,cpu      ] GC(1061) User=0.00s Sys=0.00s Real=0.00s
[2026-06-17T10:06:50.496+0800][30.146s][info][gc,start    ] GC(1062) Pause Young (Mixed) (G1 Evacuation Pause)
[2026-06-17T10:06:50.496+0800][30.147s][info][gc,task     ] GC(1062) Using 2 workers of 18 for evacuation
[2026-06-17T10:06:50.497+0800][30.148s][info][gc,phases   ] GC(1062)   Pre Evacuate Collection Set: 0.19ms
[2026-06-17T10:06:50.497+0800][30.148s][info][gc,phases   ] GC(1062)   Merge Heap Roots: 0.05ms
[2026-06-17T10:06:50.498+0800][30.148s][info][gc,phases   ] GC(1062)   Evacuate Collection Set: 0.45ms
[2026-06-17T10:06:50.498+0800][30.148s][info][gc,phases   ] GC(1062)   Post Evacuate Collection Set: 0.23ms
[2026-06-17T10:06:50.498+0800][30.148s][info][gc,phases   ] GC(1062)   Other: 0.25ms
[2026-06-17T10:06:50.498+0800][30.149s][info][gc,heap     ] GC(1062) Eden regions: 9->0(9)
[2026-06-17T10:06:50.498+0800][30.149s][info][gc,heap     ] GC(1062) Survivor regions: 2->2(2)
[2026-06-17T10:06:50.498+0800][30.149s][info][gc,heap     ] GC(1062) Old regions: 26->25
[2026-06-17T10:06:50.498+0800][30.149s][info][gc,heap     ] GC(1062) Humongous regions: 18->18
[2026-06-17T10:06:50.498+0800][30.149s][info][gc,metaspace] GC(1062) Metaspace: 116K(320K)->116K(320K) NonClass: 109K(192K)->109K(192K) Class: 7K(128K)->7K(128K)
[2026-06-17T10:06:50.498+0800][30.149s][info][gc          ] GC(1062) Pause Young (Mixed) (G1 Evacuation Pause) 54M->44M(64M) 2.774ms
[2026-06-17T10:06:50.499+0800][30.149s][info][gc,cpu      ] GC(1062) User=0.00s Sys=0.00s Real=0.00s
[2026-06-17T10:06:50.499+0800][30.149s][info][gc,start    ] GC(1063) Pause Young (Concurrent Start) (G1 Humongous Allocation)
[2026-06-17T10:06:50.499+0800][30.150s][info][gc,task     ] GC(1063) Using 2 workers of 18 for evacuation
[2026-06-17T10:06:50.500+0800][30.150s][info][gc,phases   ] GC(1063)   Pre Evacuate Collection Set: 0.14ms
[2026-06-17T10:06:50.500+0800][30.150s][info][gc,phases   ] GC(1063)   Merge Heap Roots: 0.03ms
[2026-06-17T10:06:50.500+0800][30.150s][info][gc,phases   ] GC(1063)   Evacuate Collection Set: 0.14ms
[2026-06-17T10:06:50.500+0800][30.150s][info][gc,phases   ] GC(1063)   Post Evacuate Collection Set: 0.10ms
[2026-06-17T10:06:50.500+0800][30.150s][info][gc,phases   ] GC(1063)   Other: 0.11ms
[2026-06-17T10:06:50.500+0800][30.151s][info][gc,heap     ] GC(1063) Eden regions: 3->0(10)
[2026-06-17T10:06:50.500+0800][30.151s][info][gc,heap     ] GC(1063) Survivor regions: 2->0(2)
[2026-06-17T10:06:50.500+0800][30.151s][info][gc,heap     ] GC(1063) Old regions: 25->26
[2026-06-17T10:06:50.500+0800][30.151s][info][gc,heap     ] GC(1063) Humongous regions: 18->18
[2026-06-17T10:06:50.500+0800][30.151s][info][gc,metaspace] GC(1063) Metaspace: 116K(320K)->116K(320K) NonClass: 109K(192K)->109K(192K) Class: 7K(128K)->7K(128K)
[2026-06-17T10:06:50.500+0800][30.151s][info][gc          ] GC(1063) Pause Young (Concurrent Start) (G1 Humongous Allocation) 46M->43M(64M) 1.420ms
[2026-06-17T10:06:50.501+0800][30.152s][info][gc,cpu      ] GC(1063) User=0.00s Sys=0.00s Real=0.00s
[2026-06-17T10:06:50.501+0800][30.152s][info][gc          ] GC(1064) Concurrent Mark Cycle
[2026-06-17T10:06:50.502+0800][30.152s][info][gc,marking  ] GC(1064) Concurrent Scan Root Regions
[2026-06-17T10:06:50.502+0800][30.152s][info][gc,marking  ] GC(1064) Concurrent Scan Root Regions 0.170ms
[2026-06-17T10:06:50.502+0800][30.152s][info][gc,marking  ] GC(1064) Concurrent Mark
[2026-06-17T10:06:50.502+0800][30.152s][info][gc,marking  ] GC(1064) Concurrent Mark From Roots
[2026-06-17T10:06:50.502+0800][30.153s][info][gc,task     ] GC(1064) Using 5 workers of 5 for marking
[2026-06-17T10:06:50.503+0800][30.154s][info][gc,marking  ] GC(1064) Concurrent Mark From Roots 1.283ms
[2026-06-17T10:06:50.503+0800][30.154s][info][gc,marking  ] GC(1064) Concurrent Preclean
[2026-06-17T10:06:50.503+0800][30.154s][info][gc,marking  ] GC(1064) Concurrent Preclean 0.104ms
[2026-06-17T10:06:50.504+0800][30.154s][info][gc,start    ] GC(1064) Pause Remark
[2026-06-17T10:06:50.504+0800][30.155s][info][gc          ] GC(1064) Pause Remark 46M->46M(64M) 0.449ms
[2026-06-17T10:06:50.504+0800][30.155s][info][gc,cpu      ] GC(1064) User=0.00s Sys=0.00s Real=0.00s
[2026-06-17T10:06:50.504+0800][30.155s][info][gc,marking  ] GC(1064) Concurrent Mark 2.452ms
[2026-06-17T10:06:50.504+0800][30.155s][info][gc,marking  ] GC(1064) Concurrent Rebuild Remembered Sets and Scrub Regions
[2026-06-17T10:06:50.505+0800][30.155s][info][gc,marking  ] GC(1064) Concurrent Rebuild Remembered Sets and Scrub Regions 0.410ms
[2026-06-17T10:06:50.505+0800][30.155s][info][gc,start    ] GC(1064) Pause Cleanup
[2026-06-17T10:06:50.505+0800][30.155s][info][gc          ] GC(1064) Pause Cleanup 46M->46M(64M) 0.093ms
[2026-06-17T10:06:50.505+0800][30.156s][info][gc,cpu      ] GC(1064) User=0.00s Sys=0.00s Real=0.00s
[2026-06-17T10:06:50.505+0800][30.156s][info][gc,marking  ] GC(1064) Concurrent Clear Claimed Marks
[2026-06-17T10:06:50.505+0800][30.156s][info][gc,marking  ] GC(1064) Concurrent Clear Claimed Marks 0.086ms
[2026-06-17T10:06:50.505+0800][30.156s][info][gc,marking  ] GC(1064) Concurrent Cleanup for Next Mark
[2026-06-17T10:06:50.505+0800][30.156s][info][gc,marking  ] GC(1064) Concurrent Cleanup for Next Mark 0.145ms
[2026-06-17T10:06:50.505+0800][30.156s][info][gc          ] GC(1064) Concurrent Mark Cycle 4.222ms
[2026-06-17T10:06:50.533+0800][30.183s][info][gc,start    ] GC(1065) Pause Young (Prepare Mixed) (G1 Evacuation Pause)
[2026-06-17T10:06:50.533+0800][30.184s][info][gc,task     ] GC(1065) Using 2 workers of 18 for evacuation
[2026-06-17T10:06:50.534+0800][30.185s][info][gc,phases   ] GC(1065)   Pre Evacuate Collection Set: 0.11ms
[2026-06-17T10:06:50.534+0800][30.185s][info][gc,phases   ] GC(1065)   Merge Heap Roots: 0.06ms
[2026-06-17T10:06:50.534+0800][30.185s][info][gc,phases   ] GC(1065)   Evacuate Collection Set: 0.24ms
[2026-06-17T10:06:50.534+0800][30.185s][info][gc,phases   ] GC(1065)   Post Evacuate Collection Set: 0.20ms
[2026-06-17T10:06:50.534+0800][30.185s][info][gc,phases   ] GC(1065)   Other: 0.18ms
[2026-06-17T10:06:50.535+0800][30.185s][info][gc,heap     ] GC(1065) Eden regions: 10->0(12)
[2026-06-17T10:06:50.535+0800][30.185s][info][gc,heap     ] GC(1065) Survivor regions: 0->2(2)
[2026-06-17T10:06:50.535+0800][30.185s][info][gc,heap     ] GC(1065) Old regions: 26->28
[2026-06-17T10:06:50.535+0800][30.185s][info][gc,heap     ] GC(1065) Humongous regions: 20->11
[2026-06-17T10:06:50.535+0800][30.185s][info][gc,metaspace] GC(1065) Metaspace: 116K(320K)->116K(320K) NonClass: 109K(192K)->109K(192K) Class: 7K(128K)->7K(128K)
[2026-06-17T10:06:50.535+0800][30.186s][info][gc          ] GC(1065) Pause Young (Prepare Mixed) (G1 Evacuation Pause) 55M->40M(64M) 2.205ms
[2026-06-17T10:06:50.535+0800][30.186s][info][gc,cpu      ] GC(1065) User=0.00s Sys=0.00s Real=0.00s
[2026-06-17T10:06:50.567+0800][30.217s][info][gc,start    ] GC(1066) Pause Young (Mixed) (G1 Evacuation Pause)
[2026-06-17T10:06:50.567+0800][30.217s][info][gc,task     ] GC(1066) Using 2 workers of 18 for evacuation
[2026-06-17T10:06:50.569+0800][30.219s][info][gc,phases   ] GC(1066)   Pre Evacuate Collection Set: 0.27ms
[2026-06-17T10:06:50.569+0800][30.220s][info][gc,phases   ] GC(1066)   Merge Heap Roots: 0.20ms
[2026-06-17T10:06:50.569+0800][30.220s][info][gc,phases   ] GC(1066)   Evacuate Collection Set: 0.62ms
[2026-06-17T10:06:50.570+0800][30.220s][info][gc,phases   ] GC(1066)   Post Evacuate Collection Set: 0.27ms
[2026-06-17T10:06:50.570+0800][30.220s][info][gc,phases   ] GC(1066)   Other: 0.51ms
[2026-06-17T10:06:50.570+0800][30.220s][info][gc,heap     ] GC(1066) Eden regions: 12->0(13)
[2026-06-17T10:06:50.570+0800][30.220s][info][gc,heap     ] GC(1066) Survivor regions: 2->2(2)
[2026-06-17T10:06:50.570+0800][30.221s][info][gc,heap     ] GC(1066) Old regions: 28->27
[2026-06-17T10:06:50.570+0800][30.221s][info][gc,heap     ] GC(1066) Humongous regions: 11->11
[2026-06-17T10:06:50.570+0800][30.221s][info][gc,metaspace] GC(1066) Metaspace: 116K(320K)->116K(320K) NonClass: 109K(192K)->109K(192K) Class: 7K(128K)->7K(128K)
[2026-06-17T10:06:50.570+0800][30.221s][info][gc          ] GC(1066) Pause Young (Mixed) (G1 Evacuation Pause) 52M->39M(64M) 3.694ms
[2026-06-17T10:06:50.570+0800][30.221s][info][gc,cpu      ] GC(1066) User=0.01s Sys=0.00s Real=0.00s
[2026-06-17T10:06:50.602+0800][30.253s][info][gc,start    ] GC(1067) Pause Young (Concurrent Start) (G1 Evacuation Pause)
[2026-06-17T10:06:50.603+0800][30.254s][info][gc,task     ] GC(1067) Using 2 workers of 18 for evacuation
[2026-06-17T10:06:50.605+0800][30.256s][info][gc,phases   ] GC(1067)   Pre Evacuate Collection Set: 0.35ms
[2026-06-17T10:06:50.607+0800][30.258s][info][gc,phases   ] GC(1067)   Merge Heap Roots: 0.11ms
[2026-06-17T10:06:50.608+0800][30.259s][info][gc,phases   ] GC(1067)   Evacuate Collection Set: 0.51ms
[2026-06-17T10:06:50.609+0800][30.260s][info][gc,phases   ] GC(1067)   Post Evacuate Collection Set: 0.39ms
[2026-06-17T10:06:50.610+0800][30.261s][info][gc,phases   ] GC(1067)   Other: 0.63ms
[2026-06-17T10:06:50.611+0800][30.261s][info][gc,heap     ] GC(1067) Eden regions: 13->0(11)
[2026-06-17T10:06:50.611+0800][30.262s][info][gc,heap     ] GC(1067) Survivor regions: 2->2(2)
[2026-06-17T10:06:50.612+0800][30.262s][info][gc,heap     ] GC(1067) Old regions: 27->31
[2026-06-17T10:06:50.612+0800][30.263s][info][gc,heap     ] GC(1067) Humongous regions: 11->11
[2026-06-17T10:06:50.613+0800][30.263s][info][gc,metaspace] GC(1067) Metaspace: 116K(320K)->116K(320K) NonClass: 109K(192K)->109K(192K) Class: 7K(128K)->7K(128K)
[2026-06-17T10:06:50.613+0800][30.264s][info][gc          ] GC(1067) Pause Young (Concurrent Start) (G1 Evacuation Pause) 52M->43M(64M) 10.747ms
[2026-06-17T10:06:50.614+0800][30.264s][info][gc,cpu      ] GC(1067) User=0.00s Sys=0.00s Real=0.01s
[2026-06-17T10:06:50.614+0800][30.264s][info][gc          ] GC(1068) Concurrent Mark Cycle
[2026-06-17T10:06:50.615+0800][30.265s][info][gc,marking  ] GC(1068) Concurrent Scan Root Regions
[2026-06-17T10:06:50.615+0800][30.266s][info][gc,marking  ] GC(1068) Concurrent Scan Root Regions 0.510ms
[2026-06-17T10:06:50.616+0800][30.266s][info][gc,marking  ] GC(1068) Concurrent Mark
[2026-06-17T10:06:50.617+0800][30.267s][info][gc,marking  ] GC(1068) Concurrent Mark From Roots
[2026-06-17T10:06:50.617+0800][30.268s][info][gc,task     ] GC(1068) Using 5 workers of 5 for marking
[2026-06-17T10:06:50.619+0800][30.269s][info][gc,marking  ] GC(1068) Concurrent Mark From Roots 2.006ms
[2026-06-17T10:06:50.620+0800][30.270s][info][gc,marking  ] GC(1068) Concurrent Preclean
[2026-06-17T10:06:50.620+0800][30.271s][info][gc,marking  ] GC(1068) Concurrent Preclean 0.387ms
[2026-06-17T10:06:50.621+0800][30.271s][info][gc,start    ] GC(1068) Pause Remark
[2026-06-17T10:06:50.622+0800][30.272s][info][gc          ] GC(1068) Pause Remark 45M->38M(64M) 0.948ms
[2026-06-17T10:06:50.623+0800][30.273s][info][gc,cpu      ] GC(1068) User=0.00s Sys=0.00s Real=0.01s
[2026-06-17T10:06:50.623+0800][30.273s][info][gc,marking  ] GC(1068) Concurrent Mark 7.091ms
[2026-06-17T10:06:50.623+0800][30.274s][info][gc,marking  ] GC(1068) Concurrent Rebuild Remembered Sets and Scrub Regions
[2026-06-17T10:06:50.624+0800][30.275s][info][gc,marking  ] GC(1068) Concurrent Rebuild Remembered Sets and Scrub Regions 0.911ms
[2026-06-17T10:06:50.625+0800][30.275s][info][gc,start    ] GC(1068) Pause Cleanup
[2026-06-17T10:06:50.625+0800][30.276s][info][gc          ] GC(1068) Pause Cleanup 41M->41M(64M) 0.577ms
[2026-06-17T10:06:50.626+0800][30.276s][info][gc,cpu      ] GC(1068) User=0.00s Sys=0.00s Real=0.00s
[2026-06-17T10:06:50.626+0800][30.277s][info][gc,marking  ] GC(1068) Concurrent Clear Claimed Marks
[2026-06-17T10:06:50.627+0800][30.277s][info][gc,marking  ] GC(1068) Concurrent Clear Claimed Marks 0.518ms
[2026-06-17T10:06:50.627+0800][30.278s][info][gc,marking  ] GC(1068) Concurrent Cleanup for Next Mark
[2026-06-17T10:06:50.628+0800][30.279s][info][gc,marking  ] GC(1068) Concurrent Cleanup for Next Mark 0.715ms
[2026-06-17T10:06:50.629+0800][30.279s][info][gc          ] GC(1068) Concurrent Mark Cycle 14.764ms
[2026-06-17T10:06:50.647+0800][30.298s][info][gc,start    ] GC(1069) Pause Young (Prepare Mixed) (G1 Evacuation Pause)
[2026-06-17T10:06:50.648+0800][30.298s][info][gc,task     ] GC(1069) Using 2 workers of 18 for evacuation
[2026-06-17T10:06:50.649+0800][30.299s][info][gc,phases   ] GC(1069)   Pre Evacuate Collection Set: 0.11ms
[2026-06-17T10:06:50.649+0800][30.300s][info][gc,phases   ] GC(1069)   Merge Heap Roots: 0.04ms
[2026-06-17T10:06:50.650+0800][30.300s][info][gc,phases   ] GC(1069)   Evacuate Collection Set: 0.23ms
[2026-06-17T10:06:50.650+0800][30.301s][info][gc,phases   ] GC(1069)   Post Evacuate Collection Set: 0.14ms
[2026-06-17T10:06:50.651+0800][30.301s][info][gc,phases   ] GC(1069)   Other: 0.50ms
[2026-06-17T10:06:50.651+0800][30.302s][info][gc,heap     ] GC(1069) Eden regions: 11->0(15)
[2026-06-17T10:06:50.652+0800][30.303s][info][gc,heap     ] GC(1069) Survivor regions: 2->2(2)
[2026-06-17T10:06:50.653+0800][30.304s][info][gc,heap     ] GC(1069) Old regions: 24->25
[2026-06-17T10:06:50.654+0800][30.304s][info][gc,heap     ] GC(1069) Humongous regions: 11->11
[2026-06-17T10:06:50.654+0800][30.304s][info][gc,metaspace] GC(1069) Metaspace: 116K(320K)->116K(320K) NonClass: 109K(192K)->109K(192K) Class: 7K(128K)->7K(128K)
[2026-06-17T10:06:50.654+0800][30.305s][info][gc          ] GC(1069) Pause Young (Prepare Mixed) (G1 Evacuation Pause) 47M->37M(64M) 6.966ms
[2026-06-17T10:06:50.655+0800][30.305s][info][gc,cpu      ] GC(1069) User=0.01s Sys=0.00s Real=0.01s
[2026-06-17T10:06:50.687+0800][30.337s][info][gc,start    ] GC(1070) Pause Young (Mixed) (G1 Evacuation Pause)
[2026-06-17T10:06:50.687+0800][30.338s][info][gc,task     ] GC(1070) Using 2 workers of 18 for evacuation
[2026-06-17T10:06:50.689+0800][30.340s][info][gc,phases   ] GC(1070)   Pre Evacuate Collection Set: 0.16ms
[2026-06-17T10:06:50.690+0800][30.340s][info][gc,phases   ] GC(1070)   Merge Heap Roots: 0.04ms
[2026-06-17T10:06:50.690+0800][30.341s][info][gc,phases   ] GC(1070)   Evacuate Collection Set: 0.79ms
[2026-06-17T10:06:50.691+0800][30.342s][info][gc,phases   ] GC(1070)   Post Evacuate Collection Set: 0.68ms
[2026-06-17T10:06:50.692+0800][30.342s][info][gc,phases   ] GC(1070)   Other: 0.49ms
[2026-06-17T10:06:50.692+0800][30.343s][info][gc,heap     ] GC(1070) Eden regions: 15->0(15)
[2026-06-17T10:06:50.693+0800][30.344s][info][gc,heap     ] GC(1070) Survivor regions: 2->3(3)
[2026-06-17T10:06:50.694+0800][30.344s][info][gc,heap     ] GC(1070) Old regions: 25->23
[2026-06-17T10:06:50.695+0800][30.345s][info][gc,heap     ] GC(1070) Humongous regions: 11->11
[2026-06-17T10:06:50.695+0800][30.346s][info][gc,metaspace] GC(1070) Metaspace: 116K(320K)->116K(320K) NonClass: 109K(192K)->109K(192K) Class: 7K(128K)->7K(128K)
[2026-06-17T10:06:50.696+0800][30.346s][info][gc          ] GC(1070) Pause Young (Mixed) (G1 Evacuation Pause) 52M->36M(64M) 9.011ms
[2026-06-17T10:06:50.696+0800][30.347s][info][gc,cpu      ] GC(1070) User=0.00s Sys=0.00s Real=0.01s
[2026-06-17T10:06:50.718+0800][30.368s][info][gc,start    ] GC(1071) Pause Young (Concurrent Start) (G1 Humongous Allocation)
[2026-06-17T10:06:50.718+0800][30.369s][info][gc,task     ] GC(1071) Using 2 workers of 18 for evacuation
[2026-06-17T10:06:50.720+0800][30.371s][info][gc,phases   ] GC(1071)   Pre Evacuate Collection Set: 0.50ms
[2026-06-17T10:06:50.721+0800][30.371s][info][gc,phases   ] GC(1071)   Merge Heap Roots: 0.10ms
[2026-06-17T10:06:50.721+0800][30.372s][info][gc,phases   ] GC(1071)   Evacuate Collection Set: 0.28ms
[2026-06-17T10:06:50.721+0800][30.372s][info][gc,phases   ] GC(1071)   Post Evacuate Collection Set: 0.23ms
[2026-06-17T10:06:50.722+0800][30.372s][info][gc,phases   ] GC(1071)   Other: 0.75ms
[2026-06-17T10:06:50.722+0800][30.373s][info][gc,heap     ] GC(1071) Eden regions: 10->0(16)
[2026-06-17T10:06:50.722+0800][30.373s][info][gc,heap     ] GC(1071) Survivor regions: 3->2(3)
[2026-06-17T10:06:50.723+0800][30.373s][info][gc,heap     ] GC(1071) Old regions: 23->24
[2026-06-17T10:06:50.723+0800][30.374s][info][gc,heap     ] GC(1071) Humongous regions: 11->11
[2026-06-17T10:06:50.724+0800][30.374s][info][gc,metaspace] GC(1071) Metaspace: 116K(320K)->116K(320K) NonClass: 109K(192K)->109K(192K) Class: 7K(128K)->7K(128K)
[2026-06-17T10:06:50.724+0800][30.375s][info][gc          ] GC(1071) Pause Young (Concurrent Start) (G1 Humongous Allocation) 46M->36M(64M) 6.539ms
[2026-06-17T10:06:50.725+0800][30.375s][info][gc,cpu      ] GC(1071) User=0.00s Sys=0.00s Real=0.01s
[2026-06-17T10:06:50.725+0800][30.375s][info][gc          ] GC(1072) Concurrent Mark Cycle
[2026-06-17T10:06:50.726+0800][30.376s][info][gc,marking  ] GC(1072) Concurrent Scan Root Regions
[2026-06-17T10:06:50.727+0800][30.377s][info][gc,marking  ] GC(1072) Concurrent Scan Root Regions 1.044ms
[2026-06-17T10:06:50.727+0800][30.378s][info][gc,marking  ] GC(1072) Concurrent Mark
[2026-06-17T10:06:50.727+0800][30.378s][info][gc,marking  ] GC(1072) Concurrent Mark From Roots
[2026-06-17T10:06:50.728+0800][30.378s][info][gc,task     ] GC(1072) Using 5 workers of 5 for marking
[2026-06-17T10:06:50.729+0800][30.380s][info][gc,marking  ] GC(1072) Concurrent Mark From Roots 1.813ms
[2026-06-17T10:06:50.730+0800][30.380s][info][gc,marking  ] GC(1072) Concurrent Preclean
[2026-06-17T10:06:50.730+0800][30.380s][info][gc,marking  ] GC(1072) Concurrent Preclean 0.305ms
[2026-06-17T10:06:50.730+0800][30.381s][info][gc,start    ] GC(1072) Pause Remark
[2026-06-17T10:06:50.731+0800][30.381s][info][gc          ] GC(1072) Pause Remark 39M->39M(64M) 0.667ms
[2026-06-17T10:06:50.731+0800][30.382s][info][gc,cpu      ] GC(1072) User=0.00s Sys=0.00s Real=0.01s
[2026-06-17T10:06:50.732+0800][30.382s][info][gc,marking  ] GC(1072) Concurrent Mark 4.746ms
[2026-06-17T10:06:50.732+0800][30.383s][info][gc,marking  ] GC(1072) Concurrent Rebuild Remembered Sets and Scrub Regions
[2026-06-17T10:06:50.733+0800][30.383s][info][gc,marking  ] GC(1072) Concurrent Rebuild Remembered Sets and Scrub Regions 0.665ms
[2026-06-17T10:06:50.733+0800][30.384s][info][gc,start    ] GC(1072) Pause Cleanup
[2026-06-17T10:06:50.734+0800][30.384s][info][gc          ] GC(1072) Pause Cleanup 39M->39M(64M) 0.320ms
[2026-06-17T10:06:50.734+0800][30.385s][info][gc,cpu      ] GC(1072) User=0.00s Sys=0.00s Real=0.00s
[2026-06-17T10:06:50.734+0800][30.385s][info][gc,marking  ] GC(1072) Concurrent Clear Claimed Marks
[2026-06-17T10:06:50.735+0800][30.385s][info][gc,marking  ] GC(1072) Concurrent Clear Claimed Marks 0.298ms
[2026-06-17T10:06:50.735+0800][30.385s][info][gc,marking  ] GC(1072) Concurrent Cleanup for Next Mark
[2026-06-17T10:06:50.735+0800][30.386s][info][gc,marking  ] GC(1072) Concurrent Cleanup for Next Mark 0.359ms
[2026-06-17T10:06:50.735+0800][30.386s][info][gc          ] GC(1072) Concurrent Mark Cycle 10.625ms
[2026-06-17T10:06:50.778+0800][30.428s][info][gc,start    ] GC(1073) Pause Young (Prepare Mixed) (G1 Evacuation Pause)
[2026-06-17T10:06:50.779+0800][30.429s][info][gc,task     ] GC(1073) Using 2 workers of 18 for evacuation
[2026-06-17T10:06:50.781+0800][30.431s][info][gc,phases   ] GC(1073)   Pre Evacuate Collection Set: 0.11ms
[2026-06-17T10:06:50.781+0800][30.432s][info][gc,phases   ] GC(1073)   Merge Heap Roots: 0.12ms
[2026-06-17T10:06:50.782+0800][30.433s][info][gc,phases   ] GC(1073)   Evacuate Collection Set: 0.44ms
[2026-06-17T10:06:50.783+0800][30.433s][info][gc,phases   ] GC(1073)   Post Evacuate Collection Set: 0.48ms
[2026-06-17T10:06:50.783+0800][30.434s][info][gc,phases   ] GC(1073)   Other: 0.96ms
[2026-06-17T10:06:50.784+0800][30.435s][info][gc,heap     ] GC(1073) Eden regions: 16->0(12)
[2026-06-17T10:06:50.785+0800][30.435s][info][gc,heap     ] GC(1073) Survivor regions: 2->3(3)
[2026-06-17T10:06:50.786+0800][30.436s][info][gc,heap     ] GC(1073) Old regions: 24->26
[2026-06-17T10:06:50.786+0800][30.436s][info][gc,heap     ] GC(1073) Humongous regions: 13->13
[2026-06-17T10:06:50.787+0800][30.437s][info][gc,metaspace] GC(1073) Metaspace: 116K(320K)->116K(320K) NonClass: 109K(192K)->109K(192K) Class: 7K(128K)->7K(128K)
[2026-06-17T10:06:50.787+0800][30.438s][info][gc          ] GC(1073) Pause Young (Prepare Mixed) (G1 Evacuation Pause) 54M->41M(64M) 9.665ms
[2026-06-17T10:06:50.788+0800][30.438s][info][gc,cpu      ] GC(1073) User=0.00s Sys=0.00s Real=0.01s
[2026-06-17T10:06:50.820+0800][30.470s][info][gc,start    ] GC(1074) Pause Young (Mixed) (G1 Evacuation Pause)
[2026-06-17T10:06:50.821+0800][30.471s][info][gc,task     ] GC(1074) Using 2 workers of 18 for evacuation
[2026-06-17T10:06:50.822+0800][30.472s][info][gc,phases   ] GC(1074)   Pre Evacuate Collection Set: 0.13ms
[2026-06-17T10:06:50.822+0800][30.473s][info][gc,phases   ] GC(1074)   Merge Heap Roots: 0.05ms
[2026-06-17T10:06:50.823+0800][30.473s][info][gc,phases   ] GC(1074)   Evacuate Collection Set: 0.39ms
[2026-06-17T10:06:50.823+0800][30.474s][info][gc,phases   ] GC(1074)   Post Evacuate Collection Set: 0.29ms
[2026-06-17T10:06:50.824+0800][30.474s][info][gc,phases   ] GC(1074)   Other: 0.45ms
[2026-06-17T10:06:50.824+0800][30.475s][info][gc,heap     ] GC(1074) Eden regions: 12->0(13)
[2026-06-17T10:06:50.825+0800][30.476s][info][gc,heap     ] GC(1074) Survivor regions: 3->2(2)
[2026-06-17T10:06:50.826+0800][30.476s][info][gc,heap     ] GC(1074) Old regions: 26->27
[2026-06-17T10:06:50.827+0800][30.477s][info][gc,heap     ] GC(1074) Humongous regions: 13->13
[2026-06-17T10:06:50.827+0800][30.478s][info][gc,metaspace] GC(1074) Metaspace: 116K(320K)->116K(320K) NonClass: 109K(192K)->109K(192K) Class: 7K(128K)->7K(128K)
[2026-06-17T10:06:50.828+0800][30.479s][info][gc          ] GC(1074) Pause Young (Mixed) (G1 Evacuation Pause) 53M->41M(64M) 8.011ms
[2026-06-17T10:06:50.829+0800][30.479s][info][gc,cpu      ] GC(1074) User=0.00s Sys=0.00s Real=0.01s
[2026-06-17T10:06:50.861+0800][30.511s][info][gc,start    ] GC(1075) Pause Young (Concurrent Start) (G1 Evacuation Pause)
[2026-06-17T10:06:50.862+0800][30.512s][info][gc,task     ] GC(1075) Using 2 workers of 18 for evacuation
[2026-06-17T10:06:50.863+0800][30.513s][info][gc,phases   ] GC(1075)   Pre Evacuate Collection Set: 0.21ms
[2026-06-17T10:06:50.863+0800][30.514s][info][gc,phases   ] GC(1075)   Merge Heap Roots: 0.06ms
[2026-06-17T10:06:50.864+0800][30.514s][info][gc,phases   ] GC(1075)   Evacuate Collection Set: 0.41ms
[2026-06-17T10:06:50.864+0800][30.515s][info][gc,phases   ] GC(1075)   Post Evacuate Collection Set: 0.15ms
[2026-06-17T10:06:50.865+0800][30.515s][info][gc,phases   ] GC(1075)   Other: 0.53ms
[2026-06-17T10:06:50.865+0800][30.516s][info][gc,heap     ] GC(1075) Eden regions: 13->0(10)
[2026-06-17T10:06:50.866+0800][30.516s][info][gc,heap     ] GC(1075) Survivor regions: 2->2(2)
[2026-06-17T10:06:50.866+0800][30.516s][info][gc,heap     ] GC(1075) Old regions: 27->30
[2026-06-17T10:06:50.866+0800][30.517s][info][gc,heap     ] GC(1075) Humongous regions: 13->13
[2026-06-17T10:06:50.867+0800][30.517s][info][gc,metaspace] GC(1075) Metaspace: 116K(320K)->116K(320K) NonClass: 109K(192K)->109K(192K) Class: 7K(128K)->7K(128K)
[2026-06-17T10:06:50.867+0800][30.517s][info][gc          ] GC(1075) Pause Young (Concurrent Start) (G1 Evacuation Pause) 54M->44M(64M) 6.035ms
[2026-06-17T10:06:50.867+0800][30.518s][info][gc,cpu      ] GC(1075) User=0.00s Sys=0.00s Real=0.01s
[2026-06-17T10:06:50.867+0800][30.518s][info][gc          ] GC(1076) Concurrent Mark Cycle
[2026-06-17T10:06:50.868+0800][30.519s][info][gc,marking  ] GC(1076) Concurrent Scan Root Regions
[2026-06-17T10:06:50.868+0800][30.519s][info][gc,marking  ] GC(1076) Concurrent Scan Root Regions 0.362ms
[2026-06-17T10:06:50.869+0800][30.519s][info][gc,marking  ] GC(1076) Concurrent Mark
[2026-06-17T10:06:50.869+0800][30.519s][info][gc,marking  ] GC(1076) Concurrent Mark From Roots
[2026-06-17T10:06:50.869+0800][30.520s][info][gc,task     ] GC(1076) Using 5 workers of 5 for marking
[2026-06-17T10:06:50.871+0800][30.521s][info][gc,marking  ] GC(1076) Concurrent Mark From Roots 1.874ms
[2026-06-17T10:06:50.871+0800][30.522s][info][gc,marking  ] GC(1076) Concurrent Preclean
[2026-06-17T10:06:50.872+0800][30.522s][info][gc,marking  ] GC(1076) Concurrent Preclean 0.440ms
[2026-06-17T10:06:50.872+0800][30.523s][info][gc,start    ] GC(1076) Pause Remark
[2026-06-17T10:06:50.873+0800][30.524s][info][gc          ] GC(1076) Pause Remark 46M->38M(64M) 1.042ms
[2026-06-17T10:06:50.874+0800][30.524s][info][gc,cpu      ] GC(1076) User=0.00s Sys=0.00s Real=0.00s
[2026-06-17T10:06:50.874+0800][30.525s][info][gc,marking  ] GC(1076) Concurrent Mark 5.445ms
[2026-06-17T10:06:50.874+0800][30.525s][info][gc,marking  ] GC(1076) Concurrent Rebuild Remembered Sets and Scrub Regions
[2026-06-17T10:06:50.875+0800][30.526s][info][gc,marking  ] GC(1076) Concurrent Rebuild Remembered Sets and Scrub Regions 0.707ms
[2026-06-17T10:06:50.876+0800][30.526s][info][gc,start    ] GC(1076) Pause Cleanup
[2026-06-17T10:06:50.876+0800][30.526s][info][gc          ] GC(1076) Pause Cleanup 38M->38M(64M) 0.349ms
[2026-06-17T10:06:50.876+0800][30.527s][info][gc,cpu      ] GC(1076) User=0.00s Sys=0.00s Real=0.00s
[2026-06-17T10:06:50.877+0800][30.527s][info][gc,marking  ] GC(1076) Concurrent Clear Claimed Marks
[2026-06-17T10:06:50.877+0800][30.528s][info][gc,marking  ] GC(1076) Concurrent Clear Claimed Marks 0.446ms
[2026-06-17T10:06:50.878+0800][30.528s][info][gc,marking  ] GC(1076) Concurrent Cleanup for Next Mark
[2026-06-17T10:06:50.878+0800][30.529s][info][gc,marking  ] GC(1076) Concurrent Cleanup for Next Mark 0.533ms
[2026-06-17T10:06:50.879+0800][30.529s][info][gc          ] GC(1076) Concurrent Mark Cycle 11.224ms
[2026-06-17T10:06:50.889+0800][30.539s][info][gc,start    ] GC(1077) Pause Young (Prepare Mixed) (G1 Evacuation Pause)
[2026-06-17T10:06:50.889+0800][30.540s][info][gc,task     ] GC(1077) Using 2 workers of 18 for evacuation
[2026-06-17T10:06:50.891+0800][30.541s][info][gc,phases   ] GC(1077)   Pre Evacuate Collection Set: 0.15ms
[2026-06-17T10:06:50.891+0800][30.542s][info][gc,phases   ] GC(1077)   Merge Heap Roots: 0.06ms
[2026-06-17T10:06:50.893+0800][30.544s][info][gc,phases   ] GC(1077)   Evacuate Collection Set: 0.46ms
[2026-06-17T10:06:50.894+0800][30.544s][info][gc,phases   ] GC(1077)   Post Evacuate Collection Set: 0.26ms
[2026-06-17T10:06:50.895+0800][30.545s][info][gc,phases   ] GC(1077)   Other: 0.56ms
[2026-06-17T10:06:50.895+0800][30.546s][info][gc,heap     ] GC(1077) Eden regions: 10->0(13)
[2026-06-17T10:06:50.896+0800][30.546s][info][gc,heap     ] GC(1077) Survivor regions: 2->2(2)
[2026-06-17T10:06:50.896+0800][30.547s][info][gc,heap     ] GC(1077) Old regions: 22->25
[2026-06-17T10:06:50.898+0800][30.549s][info][gc,heap     ] GC(1077) Humongous regions: 13->13
[2026-06-17T10:06:50.899+0800][30.549s][info][gc,metaspace] GC(1077) Metaspace: 116K(320K)->116K(320K) NonClass: 109K(192K)->109K(192K) Class: 7K(128K)->7K(128K)
[2026-06-17T10:06:50.900+0800][30.551s][info][gc          ] GC(1077) Pause Young (Prepare Mixed) (G1 Evacuation Pause) 46M->39M(64M) 11.400ms
[2026-06-17T10:06:50.901+0800][30.551s][info][gc,cpu      ] GC(1077) User=0.00s Sys=0.00s Real=0.01s
[2026-06-17T10:06:50.933+0800][30.584s][info][gc,start    ] GC(1078) Pause Young (Mixed) (G1 Evacuation Pause)
[2026-06-17T10:06:50.934+0800][30.584s][info][gc,task     ] GC(1078) Using 2 workers of 18 for evacuation
[2026-06-17T10:06:50.936+0800][30.586s][info][gc,phases   ] GC(1078)   Pre Evacuate Collection Set: 0.11ms
[2026-06-17T10:06:50.936+0800][30.587s][info][gc,phases   ] GC(1078)   Merge Heap Roots: 0.05ms
[2026-06-17T10:06:50.937+0800][30.588s][info][gc,phases   ] GC(1078)   Evacuate Collection Set: 0.51ms
[2026-06-17T10:06:50.938+0800][30.588s][info][gc,phases   ] GC(1078)   Post Evacuate Collection Set: 0.16ms
[2026-06-17T10:06:50.938+0800][30.589s][info][gc,phases   ] GC(1078)   Other: 0.75ms
[2026-06-17T10:06:50.939+0800][30.589s][info][gc,heap     ] GC(1078) Eden regions: 13->0(10)
[2026-06-17T10:06:50.939+0800][30.590s][info][gc,heap     ] GC(1078) Survivor regions: 2->2(2)
[2026-06-17T10:06:50.940+0800][30.590s][info][gc,heap     ] GC(1078) Old regions: 25->28
[2026-06-17T10:06:50.940+0800][30.591s][info][gc,heap     ] GC(1078) Humongous regions: 13->13
[2026-06-17T10:06:50.940+0800][30.591s][info][gc,metaspace] GC(1078) Metaspace: 116K(320K)->116K(320K) NonClass: 109K(192K)->109K(192K) Class: 7K(128K)->7K(128K)
[2026-06-17T10:06:50.941+0800][30.592s][info][gc          ] GC(1078) Pause Young (Mixed) (G1 Evacuation Pause) 52M->42M(64M) 7.956ms
[2026-06-17T10:06:50.942+0800][30.592s][info][gc,cpu      ] GC(1078) User=0.00s Sys=0.00s Real=0.00s
[2026-06-17T10:06:50.953+0800][30.604s][info][gc,start    ] GC(1079) Pause Young (Concurrent Start) (G1 Humongous Allocation)
[2026-06-17T10:06:50.953+0800][30.604s][info][gc,task     ] GC(1079) Using 2 workers of 18 for evacuation
[2026-06-17T10:06:50.955+0800][30.605s][info][gc,phases   ] GC(1079)   Pre Evacuate Collection Set: 0.25ms
[2026-06-17T10:06:50.955+0800][30.605s][info][gc,phases   ] GC(1079)   Merge Heap Roots: 0.06ms
[2026-06-17T10:06:50.955+0800][30.606s][info][gc,phases   ] GC(1079)   Evacuate Collection Set: 0.17ms
[2026-06-17T10:06:50.955+0800][30.606s][info][gc,phases   ] GC(1079)   Post Evacuate Collection Set: 0.24ms
[2026-06-17T10:06:50.956+0800][30.606s][info][gc,phases   ] GC(1079)   Other: 0.33ms
[2026-06-17T10:06:50.956+0800][30.606s][info][gc,heap     ] GC(1079) Eden regions: 4->0(13)
[2026-06-17T10:06:50.956+0800][30.607s][info][gc,heap     ] GC(1079) Survivor regions: 2->0(2)
[2026-06-17T10:06:50.956+0800][30.607s][info][gc,heap     ] GC(1079) Old regions: 28->29
[2026-06-17T10:06:50.957+0800][30.607s][info][gc,heap     ] GC(1079) Humongous regions: 13->13
[2026-06-17T10:06:50.957+0800][30.607s][info][gc,metaspace] GC(1079) Metaspace: 116K(320K)->116K(320K) NonClass: 109K(192K)->109K(192K) Class: 7K(128K)->7K(128K)
[2026-06-17T10:06:50.957+0800][30.608s][info][gc          ] GC(1079) Pause Young (Concurrent Start) (G1 Humongous Allocation) 46M->41M(64M) 3.918ms
[2026-06-17T10:06:50.957+0800][30.608s][info][gc,cpu      ] GC(1079) User=0.01s Sys=0.00s Real=0.00s
[2026-06-17T10:06:50.957+0800][30.608s][info][gc          ] GC(1080) Concurrent Mark Cycle
[2026-06-17T10:06:50.958+0800][30.608s][info][gc,marking  ] GC(1080) Concurrent Scan Root Regions
[2026-06-17T10:06:50.958+0800][30.609s][info][gc,marking  ] GC(1080) Concurrent Scan Root Regions 0.194ms
[2026-06-17T10:06:50.958+0800][30.609s][info][gc,marking  ] GC(1080) Concurrent Mark
[2026-06-17T10:06:50.958+0800][30.609s][info][gc,marking  ] GC(1080) Concurrent Mark From Roots
[2026-06-17T10:06:50.958+0800][30.609s][info][gc,task     ] GC(1080) Using 5 workers of 5 for marking
[2026-06-17T10:06:50.960+0800][30.610s][info][gc,marking  ] GC(1080) Concurrent Mark From Roots 1.353ms
[2026-06-17T10:06:50.960+0800][30.610s][info][gc,marking  ] GC(1080) Concurrent Preclean
[2026-06-17T10:06:50.960+0800][30.610s][info][gc,marking  ] GC(1080) Concurrent Preclean 0.133ms
[2026-06-17T10:06:50.960+0800][30.611s][info][gc,start    ] GC(1080) Pause Remark
[2026-06-17T10:06:50.960+0800][30.611s][info][gc          ] GC(1080) Pause Remark 43M->42M(64M) 0.399ms
[2026-06-17T10:06:50.961+0800][30.611s][info][gc,cpu      ] GC(1080) User=0.00s Sys=0.00s Real=0.00s
[2026-06-17T10:06:50.961+0800][30.611s][info][gc,marking  ] GC(1080) Concurrent Mark 2.547ms
[2026-06-17T10:06:50.961+0800][30.611s][info][gc,marking  ] GC(1080) Concurrent Rebuild Remembered Sets and Scrub Regions
[2026-06-17T10:06:50.961+0800][30.612s][info][gc,marking  ] GC(1080) Concurrent Rebuild Remembered Sets and Scrub Regions 0.424ms
[2026-06-17T10:06:50.961+0800][30.612s][info][gc,start    ] GC(1080) Pause Cleanup
[2026-06-17T10:06:50.962+0800][30.613s][info][gc          ] GC(1080) Pause Cleanup 42M->42M(64M) 0.920ms
[2026-06-17T10:06:50.963+0800][30.613s][info][gc,cpu      ] GC(1080) User=0.00s Sys=0.00s Real=0.01s
[2026-06-17T10:06:50.963+0800][30.614s][info][gc,marking  ] GC(1080) Concurrent Clear Claimed Marks
[2026-06-17T10:06:50.964+0800][30.614s][info][gc,marking  ] GC(1080) Concurrent Clear Claimed Marks 0.464ms
[2026-06-17T10:06:50.964+0800][30.615s][info][gc,marking  ] GC(1080) Concurrent Cleanup for Next Mark
[2026-06-17T10:06:50.965+0800][30.615s][info][gc,marking  ] GC(1080) Concurrent Cleanup for Next Mark 0.464ms
[2026-06-17T10:06:50.965+0800][30.615s][info][gc          ] GC(1080) Concurrent Mark Cycle 7.676ms
[2026-06-17T10:06:50.999+0800][30.650s][info][gc,start    ] GC(1081) Pause Young (Prepare Mixed) (G1 Evacuation Pause)
[2026-06-17T10:06:51.000+0800][30.650s][info][gc,task     ] GC(1081) Using 2 workers of 18 for evacuation
[2026-06-17T10:06:51.001+0800][30.652s][info][gc,phases   ] GC(1081)   Pre Evacuate Collection Set: 0.12ms
[2026-06-17T10:06:51.002+0800][30.652s][info][gc,phases   ] GC(1081)   Merge Heap Roots: 0.05ms
[2026-06-17T10:06:51.002+0800][30.653s][info][gc,phases   ] GC(1081)   Evacuate Collection Set: 0.22ms
[2026-06-17T10:06:51.003+0800][30.653s][info][gc,phases   ] GC(1081)   Post Evacuate Collection Set: 0.16ms
[2026-06-17T10:06:51.003+0800][30.654s][info][gc,phases   ] GC(1081)   Other: 0.56ms
[2026-06-17T10:06:51.004+0800][30.654s][info][gc,heap     ] GC(1081) Eden regions: 13->0(9)
[2026-06-17T10:06:51.004+0800][30.655s][info][gc,heap     ] GC(1081) Survivor regions: 0->2(2)
[2026-06-17T10:06:51.005+0800][30.655s][info][gc,heap     ] GC(1081) Old regions: 28->29
[2026-06-17T10:06:51.005+0800][30.655s][info][gc,heap     ] GC(1081) Humongous regions: 14->14
[2026-06-17T10:06:51.005+0800][30.656s][info][gc,metaspace] GC(1081) Metaspace: 116K(320K)->116K(320K) NonClass: 109K(192K)->109K(192K) Class: 7K(128K)->7K(128K)
[2026-06-17T10:06:51.006+0800][30.656s][info][gc          ] GC(1081) Pause Young (Prepare Mixed) (G1 Evacuation Pause) 54M->44M(64M) 6.314ms
[2026-06-17T10:06:51.006+0800][30.657s][info][gc,cpu      ] GC(1081) User=0.00s Sys=0.00s Real=0.01s
[2026-06-17T10:06:51.028+0800][30.678s][info][gc,start    ] GC(1082) Pause Young (Mixed) (G1 Evacuation Pause)
[2026-06-17T10:06:51.028+0800][30.679s][info][gc,task     ] GC(1082) Using 2 workers of 18 for evacuation
[2026-06-17T10:06:51.030+0800][30.680s][info][gc,phases   ] GC(1082)   Pre Evacuate Collection Set: 0.12ms
[2026-06-17T10:06:51.030+0800][30.681s][info][gc,phases   ] GC(1082)   Merge Heap Roots: 0.05ms
[2026-06-17T10:06:51.031+0800][30.682s][info][gc,phases   ] GC(1082)   Evacuate Collection Set: 0.55ms
[2026-06-17T10:06:51.031+0800][30.682s][info][gc,phases   ] GC(1082)   Post Evacuate Collection Set: 0.19ms
[2026-06-17T10:06:51.032+0800][30.683s][info][gc,phases   ] GC(1082)   Other: 0.66ms
[2026-06-17T10:06:51.032+0800][30.683s][info][gc,heap     ] GC(1082) Eden regions: 9->0(11)
[2026-06-17T10:06:51.033+0800][30.683s][info][gc,heap     ] GC(1082) Survivor regions: 2->2(2)
[2026-06-17T10:06:51.033+0800][30.684s][info][gc,heap     ] GC(1082) Old regions: 29->28
[2026-06-17T10:06:51.034+0800][30.684s][info][gc,heap     ] GC(1082) Humongous regions: 14->14
[2026-06-17T10:06:51.034+0800][30.685s][info][gc,metaspace] GC(1082) Metaspace: 116K(320K)->116K(320K) NonClass: 109K(192K)->109K(192K) Class: 7K(128K)->7K(128K)
[2026-06-17T10:06:51.035+0800][30.685s][info][gc          ] GC(1082) Pause Young (Mixed) (G1 Evacuation Pause) 53M->43M(64M) 6.945ms
[2026-06-17T10:06:51.035+0800][30.686s][info][gc,cpu      ] GC(1082) User=0.01s Sys=0.00s Real=0.01s
[2026-06-17T10:06:51.057+0800][30.707s][info][gc,start    ] GC(1083) Pause Young (Mixed) (G1 Evacuation Pause)
[2026-06-17T10:06:51.058+0800][30.708s][info][gc,task     ] GC(1083) Using 2 workers of 18 for evacuation
[2026-06-17T10:06:51.059+0800][30.710s][info][gc,phases   ] GC(1083)   Pre Evacuate Collection Set: 0.13ms
[2026-06-17T10:06:51.060+0800][30.711s][info][gc,phases   ] GC(1083)   Merge Heap Roots: 0.05ms
[2026-06-17T10:06:51.060+0800][30.711s][info][gc,phases   ] GC(1083)   Evacuate Collection Set: 0.64ms
[2026-06-17T10:06:51.061+0800][30.712s][info][gc,phases   ] GC(1083)   Post Evacuate Collection Set: 0.22ms
[2026-06-17T10:06:51.061+0800][30.712s][info][gc,phases   ] GC(1083)   Other: 0.71ms
[2026-06-17T10:06:51.062+0800][30.713s][info][gc,heap     ] GC(1083) Eden regions: 11->0(7)
[2026-06-17T10:06:51.063+0800][30.713s][info][gc,heap     ] GC(1083) Survivor regions: 2->2(2)
[2026-06-17T10:06:51.063+0800][30.714s][info][gc,heap     ] GC(1083) Old regions: 28->31
[2026-06-17T10:06:51.063+0800][30.714s][info][gc,heap     ] GC(1083) Humongous regions: 14->14
[2026-06-17T10:06:51.064+0800][30.714s][info][gc,metaspace] GC(1083) Metaspace: 116K(320K)->116K(320K) NonClass: 109K(192K)->109K(192K) Class: 7K(128K)->7K(128K)
[2026-06-17T10:06:51.064+0800][30.715s][info][gc          ] GC(1083) Pause Young (Mixed) (G1 Evacuation Pause) 54M->46M(64M) 7.765ms
[2026-06-17T10:06:51.065+0800][30.715s][info][gc,cpu      ] GC(1083) User=0.00s Sys=0.00s Real=0.01s
[2026-06-17T10:06:51.086+0800][30.737s][info][gc,start    ] GC(1084) Pause Young (Concurrent Start) (G1 Evacuation Pause)
[2026-06-17T10:06:51.087+0800][30.738s][info][gc,task     ] GC(1084) Using 2 workers of 18 for evacuation
[2026-06-17T10:06:51.089+0800][30.740s][info][gc,phases   ] GC(1084)   Pre Evacuate Collection Set: 0.19ms
[2026-06-17T10:06:51.090+0800][30.740s][info][gc,phases   ] GC(1084)   Merge Heap Roots: 0.04ms
[2026-06-17T10:06:51.090+0800][30.741s][info][gc,phases   ] GC(1084)   Evacuate Collection Set: 0.39ms
[2026-06-17T10:06:51.091+0800][30.741s][info][gc,phases   ] GC(1084)   Post Evacuate Collection Set: 0.44ms
[2026-06-17T10:06:51.091+0800][30.742s][info][gc,phases   ] GC(1084)   Other: 0.58ms
[2026-06-17T10:06:51.092+0800][30.742s][info][gc,heap     ] GC(1084) Eden regions: 7->0(5)
[2026-06-17T10:06:51.092+0800][30.743s][info][gc,heap     ] GC(1084) Survivor regions: 2->2(2)
[2026-06-17T10:06:51.093+0800][30.743s][info][gc,heap     ] GC(1084) Old regions: 31->33
[2026-06-17T10:06:51.093+0800][30.744s][info][gc,heap     ] GC(1084) Humongous regions: 14->14
[2026-06-17T10:06:51.094+0800][30.744s][info][gc,metaspace] GC(1084) Metaspace: 116K(320K)->116K(320K) NonClass: 109K(192K)->109K(192K) Class: 7K(128K)->7K(128K)
[2026-06-17T10:06:51.094+0800][30.744s][info][gc          ] GC(1084) Pause Young (Concurrent Start) (G1 Evacuation Pause) 53M->48M(64M) 7.535ms
[2026-06-17T10:06:51.094+0800][30.745s][info][gc,cpu      ] GC(1084) User=0.00s Sys=0.00s Real=0.01s
[2026-06-17T10:06:51.094+0800][30.745s][info][gc          ] GC(1085) Concurrent Mark Cycle
[2026-06-17T10:06:51.095+0800][30.746s][info][gc,marking  ] GC(1085) Concurrent Scan Root Regions
[2026-06-17T10:06:51.096+0800][30.746s][info][gc,marking  ] GC(1085) Concurrent Scan Root Regions 0.306ms
[2026-06-17T10:06:51.096+0800][30.746s][info][gc,marking  ] GC(1085) Concurrent Mark
[2026-06-17T10:06:51.096+0800][30.747s][info][gc,marking  ] GC(1085) Concurrent Mark From Roots
[2026-06-17T10:06:51.096+0800][30.747s][info][gc,task     ] GC(1085) Using 5 workers of 5 for marking
[2026-06-17T10:06:51.098+0800][30.748s][info][gc,marking  ] GC(1085) Concurrent Mark From Roots 1.569ms
[2026-06-17T10:06:51.098+0800][30.749s][info][gc,marking  ] GC(1085) Concurrent Preclean
[2026-06-17T10:06:51.099+0800][30.749s][info][gc,marking  ] GC(1085) Concurrent Preclean 0.339ms
[2026-06-17T10:06:51.099+0800][30.749s][info][gc,start    ] GC(1085) Pause Remark
[2026-06-17T10:06:51.099+0800][30.750s][info][gc          ] GC(1085) Pause Remark 50M->43M(64M) 0.601ms
[2026-06-17T10:06:51.100+0800][30.750s][info][gc,cpu      ] GC(1085) User=0.00s Sys=0.00s Real=0.00s
[2026-06-17T10:06:51.100+0800][30.751s][info][gc,marking  ] GC(1085) Concurrent Mark 4.193ms
[2026-06-17T10:06:51.100+0800][30.751s][info][gc,marking  ] GC(1085) Concurrent Rebuild Remembered Sets and Scrub Regions
[2026-06-17T10:06:51.101+0800][30.752s][info][gc,marking  ] GC(1085) Concurrent Rebuild Remembered Sets and Scrub Regions 0.703ms
[2026-06-17T10:06:51.101+0800][30.752s][info][gc,start    ] GC(1085) Pause Cleanup
[2026-06-17T10:06:51.102+0800][30.753s][info][gc          ] GC(1085) Pause Cleanup 43M->43M(64M) 0.484ms
[2026-06-17T10:06:51.102+0800][30.753s][info][gc,cpu      ] GC(1085) User=0.00s Sys=0.00s Real=0.00s
[2026-06-17T10:06:51.103+0800][30.753s][info][gc,marking  ] GC(1085) Concurrent Clear Claimed Marks
[2026-06-17T10:06:51.103+0800][30.754s][info][gc,marking  ] GC(1085) Concurrent Clear Claimed Marks 0.373ms
[2026-06-17T10:06:51.104+0800][30.754s][info][gc,marking  ] GC(1085) Concurrent Cleanup for Next Mark
[2026-06-17T10:06:51.104+0800][30.755s][info][gc,marking  ] GC(1085) Concurrent Cleanup for Next Mark 0.499ms
[2026-06-17T10:06:51.104+0800][30.755s][info][gc          ] GC(1085) Concurrent Mark Cycle 10.107ms
[2026-06-17T10:06:51.106+0800][30.756s][info][gc,start    ] GC(1086) Pause Young (Prepare Mixed) (G1 Evacuation Pause)
[2026-06-17T10:06:51.106+0800][30.756s][info][gc,task     ] GC(1086) Using 2 workers of 18 for evacuation
[2026-06-17T10:06:51.107+0800][30.758s][info][gc,phases   ] GC(1086)   Pre Evacuate Collection Set: 0.08ms
[2026-06-17T10:06:51.107+0800][30.758s][info][gc,phases   ] GC(1086)   Merge Heap Roots: 0.04ms
[2026-06-17T10:06:51.108+0800][30.758s][info][gc,phases   ] GC(1086)   Evacuate Collection Set: 0.37ms
[2026-06-17T10:06:51.108+0800][30.759s][info][gc,phases   ] GC(1086)   Post Evacuate Collection Set: 0.20ms
[2026-06-17T10:06:51.108+0800][30.759s][info][gc,phases   ] GC(1086)   Other: 0.35ms
[2026-06-17T10:06:51.109+0800][30.759s][info][gc,heap     ] GC(1086) Eden regions: 5->0(6)
[2026-06-17T10:06:51.109+0800][30.760s][info][gc,heap     ] GC(1086) Survivor regions: 2->1(1)
[2026-06-17T10:06:51.109+0800][30.760s][info][gc,heap     ] GC(1086) Old regions: 26->30
[2026-06-17T10:06:51.110+0800][30.760s][info][gc,heap     ] GC(1086) Humongous regions: 14->14
[2026-06-17T10:06:51.110+0800][30.760s][info][gc,metaspace] GC(1086) Metaspace: 116K(320K)->116K(320K) NonClass: 109K(192K)->109K(192K) Class: 7K(128K)->7K(128K)
[2026-06-17T10:06:51.110+0800][30.761s][info][gc          ] GC(1086) Pause Young (Prepare Mixed) (G1 Evacuation Pause) 46M->44M(64M) 4.543ms
[2026-06-17T10:06:51.110+0800][30.761s][info][gc,cpu      ] GC(1086) User=0.00s Sys=0.00s Real=0.01s
[2026-06-17T10:06:51.132+0800][30.782s][info][gc,start    ] GC(1087) Pause Young (Mixed) (G1 Evacuation Pause)
[2026-06-17T10:06:51.132+0800][30.783s][info][gc,task     ] GC(1087) Using 2 workers of 18 for evacuation
[2026-06-17T10:06:51.134+0800][30.784s][info][gc,phases   ] GC(1087)   Pre Evacuate Collection Set: 0.10ms
[2026-06-17T10:06:51.134+0800][30.785s][info][gc,phases   ] GC(1087)   Merge Heap Roots: 0.04ms
[2026-06-17T10:06:51.136+0800][30.786s][info][gc,phases   ] GC(1087)   Evacuate Collection Set: 0.39ms
[2026-06-17T10:06:51.136+0800][30.787s][info][gc,phases   ] GC(1087)   Post Evacuate Collection Set: 0.18ms
[2026-06-17T10:06:51.137+0800][30.787s][info][gc,phases   ] GC(1087)   Other: 0.49ms
[2026-06-17T10:06:51.137+0800][30.788s][info][gc,heap     ] GC(1087) Eden regions: 6->0(9)
[2026-06-17T10:06:51.138+0800][30.788s][info][gc,heap     ] GC(1087) Survivor regions: 1->1(1)
[2026-06-17T10:06:51.138+0800][30.789s][info][gc,heap     ] GC(1087) Old regions: 30->27
[2026-06-17T10:06:51.139+0800][30.789s][info][gc,heap     ] GC(1087) Humongous regions: 14->14
[2026-06-17T10:06:51.139+0800][30.790s][info][gc,metaspace] GC(1087) Metaspace: 116K(320K)->116K(320K) NonClass: 109K(192K)->109K(192K) Class: 7K(128K)->7K(128K)
[2026-06-17T10:06:51.139+0800][30.790s][info][gc          ] GC(1087) Pause Young (Mixed) (G1 Evacuation Pause) 50M->41M(64M) 7.719ms
[2026-06-17T10:06:51.140+0800][30.791s][info][gc,cpu      ] GC(1087) User=0.00s Sys=0.00s Real=0.00s
[2026-06-17T10:06:51.162+0800][30.812s][info][gc,start    ] GC(1088) Pause Young (Concurrent Start) (G1 Evacuation Pause)
[2026-06-17T10:06:51.163+0800][30.813s][info][gc,task     ] GC(1088) Using 2 workers of 18 for evacuation
[2026-06-17T10:06:51.165+0800][30.815s][info][gc,phases   ] GC(1088)   Pre Evacuate Collection Set: 0.18ms
[2026-06-17T10:06:51.165+0800][30.816s][info][gc,phases   ] GC(1088)   Merge Heap Roots: 0.13ms
[2026-06-17T10:06:51.166+0800][30.816s][info][gc,phases   ] GC(1088)   Evacuate Collection Set: 0.37ms
[2026-06-17T10:06:51.167+0800][30.817s][info][gc,phases   ] GC(1088)   Post Evacuate Collection Set: 0.38ms
[2026-06-17T10:06:51.168+0800][30.818s][info][gc,phases   ] GC(1088)   Other: 0.70ms
[2026-06-17T10:06:51.168+0800][30.819s][info][gc,heap     ] GC(1088) Eden regions: 9->0(7)
[2026-06-17T10:06:51.169+0800][30.819s][info][gc,heap     ] GC(1088) Survivor regions: 1->2(2)
[2026-06-17T10:06:51.169+0800][30.820s][info][gc,heap     ] GC(1088) Old regions: 27->29
[2026-06-17T10:06:51.170+0800][30.820s][info][gc,heap     ] GC(1088) Humongous regions: 14->14
[2026-06-17T10:06:51.170+0800][30.821s][info][gc,metaspace] GC(1088) Metaspace: 116K(320K)->116K(320K) NonClass: 109K(192K)->109K(192K) Class: 7K(128K)->7K(128K)
[2026-06-17T10:06:51.171+0800][30.822s][info][gc          ] GC(1088) Pause Young (Concurrent Start) (G1 Evacuation Pause) 50M->44M(64M) 9.318ms
[2026-06-17T10:06:51.172+0800][30.822s][info][gc,cpu      ] GC(1088) User=0.01s Sys=0.00s Real=0.02s
[2026-06-17T10:06:51.172+0800][30.822s][info][gc          ] GC(1089) Concurrent Mark Cycle
[2026-06-17T10:06:51.173+0800][30.823s][info][gc,marking  ] GC(1089) Concurrent Scan Root Regions
[2026-06-17T10:06:51.174+0800][30.824s][info][gc,marking  ] GC(1089) Concurrent Scan Root Regions 0.777ms
[2026-06-17T10:06:51.175+0800][30.825s][info][gc,marking  ] GC(1089) Concurrent Mark
[2026-06-17T10:06:51.175+0800][30.826s][info][gc,marking  ] GC(1089) Concurrent Mark From Roots
[2026-06-17T10:06:51.176+0800][30.826s][info][gc,task     ] GC(1089) Using 5 workers of 5 for marking
[2026-06-17T10:06:51.177+0800][30.828s][info][gc,marking  ] GC(1089) Concurrent Mark From Roots 1.997ms
[2026-06-17T10:06:51.178+0800][30.828s][info][gc,marking  ] GC(1089) Concurrent Preclean
[2026-06-17T10:06:51.178+0800][30.829s][info][gc,marking  ] GC(1089) Concurrent Preclean 0.538ms
[2026-06-17T10:06:51.179+0800][30.829s][info][gc,start    ] GC(1089) Pause Remark
[2026-06-17T10:06:51.180+0800][30.830s][info][gc          ] GC(1089) Pause Remark 45M->44M(64M) 1.068ms
[2026-06-17T10:06:51.181+0800][30.832s][info][gc,cpu      ] GC(1089) User=0.00s Sys=0.00s Real=0.00s
[2026-06-17T10:06:51.181+0800][30.832s][info][gc,marking  ] GC(1089) Concurrent Mark 6.859ms
[2026-06-17T10:06:51.182+0800][30.832s][info][gc,marking  ] GC(1089) Concurrent Rebuild Remembered Sets and Scrub Regions
[2026-06-17T10:06:51.183+0800][30.833s][info][gc,marking  ] GC(1089) Concurrent Rebuild Remembered Sets and Scrub Regions 0.938ms
[2026-06-17T10:06:51.183+0800][30.834s][info][gc,start    ] GC(1089) Pause Cleanup
[2026-06-17T10:06:51.184+0800][30.834s][info][gc          ] GC(1089) Pause Cleanup 50M->50M(64M) 0.421ms
[2026-06-17T10:06:51.184+0800][30.835s][info][gc,cpu      ] GC(1089) User=0.00s Sys=0.00s Real=0.00s
[2026-06-17T10:06:51.185+0800][30.836s][info][gc,marking  ] GC(1089) Concurrent Clear Claimed Marks
[2026-06-17T10:06:51.186+0800][30.836s][info][gc,marking  ] GC(1089) Concurrent Clear Claimed Marks 0.903ms
[2026-06-17T10:06:51.186+0800][30.837s][info][gc,marking  ] GC(1089) Concurrent Cleanup for Next Mark
[2026-06-17T10:06:51.187+0800][30.837s][info][gc,marking  ] GC(1089) Concurrent Cleanup for Next Mark 0.580ms
[2026-06-17T10:06:51.187+0800][30.838s][info][gc          ] GC(1089) Concurrent Mark Cycle 15.415ms
[2026-06-17T10:06:51.193+0800][30.844s][info][gc,start    ] GC(1090) Pause Young (Prepare Mixed) (G1 Evacuation Pause)
[2026-06-17T10:06:51.194+0800][30.844s][info][gc,task     ] GC(1090) Using 2 workers of 18 for evacuation
[2026-06-17T10:06:51.196+0800][30.846s][info][gc,phases   ] GC(1090)   Pre Evacuate Collection Set: 0.13ms
[2026-06-17T10:06:51.196+0800][30.847s][info][gc,phases   ] GC(1090)   Merge Heap Roots: 0.06ms
[2026-06-17T10:06:51.197+0800][30.848s][info][gc,phases   ] GC(1090)   Evacuate Collection Set: 0.34ms
[2026-06-17T10:06:51.198+0800][30.848s][info][gc,phases   ] GC(1090)   Post Evacuate Collection Set: 0.21ms
[2026-06-17T10:06:51.198+0800][30.849s][info][gc,phases   ] GC(1090)   Other: 1.47ms
[2026-06-17T10:06:51.199+0800][30.849s][info][gc,heap     ] GC(1090) Eden regions: 7->0(7)
[2026-06-17T10:06:51.199+0800][30.849s][info][gc,heap     ] GC(1090) Survivor regions: 2->2(2)
[2026-06-17T10:06:51.199+0800][30.850s][info][gc,heap     ] GC(1090) Old regions: 28->30
[2026-06-17T10:06:51.200+0800][30.850s][info][gc,heap     ] GC(1090) Humongous regions: 14->14
[2026-06-17T10:06:51.200+0800][30.850s][info][gc,metaspace] GC(1090) Metaspace: 116K(320K)->116K(320K) NonClass: 109K(192K)->109K(192K) Class: 7K(128K)->7K(128K)
[2026-06-17T10:06:51.200+0800][30.851s][info][gc          ] GC(1090) Pause Young (Prepare Mixed) (G1 Evacuation Pause) 50M->45M(64M) 6.945ms
[2026-06-17T10:06:51.200+0800][30.851s][info][gc,cpu      ] GC(1090) User=0.00s Sys=0.00s Real=0.00s
[2026-06-17T10:06:51.222+0800][30.872s][info][gc,start    ] GC(1091) Pause Young (Mixed) (G1 Evacuation Pause)
[2026-06-17T10:06:51.222+0800][30.873s][info][gc,task     ] GC(1091) Using 2 workers of 18 for evacuation
[2026-06-17T10:06:51.224+0800][30.874s][info][gc,phases   ] GC(1091)   Pre Evacuate Collection Set: 0.14ms
[2026-06-17T10:06:51.224+0800][30.875s][info][gc,phases   ] GC(1091)   Merge Heap Roots: 0.07ms
[2026-06-17T10:06:51.225+0800][30.875s][info][gc,phases   ] GC(1091)   Evacuate Collection Set: 0.44ms
[2026-06-17T10:06:51.226+0800][30.876s][info][gc,phases   ] GC(1091)   Post Evacuate Collection Set: 0.21ms
[2026-06-17T10:06:51.226+0800][30.877s][info][gc,phases   ] GC(1091)   Other: 0.65ms
[2026-06-17T10:06:51.227+0800][30.877s][info][gc,heap     ] GC(1091) Eden regions: 7->0(9)
[2026-06-17T10:06:51.228+0800][30.878s][info][gc,heap     ] GC(1091) Survivor regions: 2->2(2)
[2026-06-17T10:06:51.228+0800][30.879s][info][gc,heap     ] GC(1091) Old regions: 30->27
[2026-06-17T10:06:51.229+0800][30.879s][info][gc,heap     ] GC(1091) Humongous regions: 15->15
[2026-06-17T10:06:51.229+0800][30.880s][info][gc,metaspace] GC(1091) Metaspace: 116K(320K)->116K(320K) NonClass: 109K(192K)->109K(192K) Class: 7K(128K)->7K(128K)
[2026-06-17T10:06:51.230+0800][30.880s][info][gc          ] GC(1091) Pause Young (Mixed) (G1 Evacuation Pause) 53M->42M(64M) 7.896ms
[2026-06-17T10:06:51.230+0800][30.880s][info][gc,cpu      ] GC(1091) User=0.00s Sys=0.00s Real=0.01s
[2026-06-17T10:06:51.251+0800][30.902s][info][gc,start    ] GC(1092) Pause Young (Concurrent Start) (G1 Evacuation Pause)
[2026-06-17T10:06:51.252+0800][30.903s][info][gc,task     ] GC(1092) Using 2 workers of 18 for evacuation
[2026-06-17T10:06:51.254+0800][30.905s][info][gc,phases   ] GC(1092)   Pre Evacuate Collection Set: 0.21ms
[2026-06-17T10:06:51.255+0800][30.905s][info][gc,phases   ] GC(1092)   Merge Heap Roots: 0.04ms
[2026-06-17T10:06:51.255+0800][30.906s][info][gc,phases   ] GC(1092)   Evacuate Collection Set: 0.37ms
[2026-06-17T10:06:51.256+0800][30.906s][info][gc,phases   ] GC(1092)   Post Evacuate Collection Set: 0.16ms
[2026-06-17T10:06:51.256+0800][30.907s][info][gc,phases   ] GC(1092)   Other: 1.18ms
[2026-06-17T10:06:51.257+0800][30.908s][info][gc,heap     ] GC(1092) Eden regions: 9->0(8)
[2026-06-17T10:06:51.258+0800][30.908s][info][gc,heap     ] GC(1092) Survivor regions: 2->2(2)
[2026-06-17T10:06:51.259+0800][30.909s][info][gc,heap     ] GC(1092) Old regions: 27->29
[2026-06-17T10:06:51.259+0800][30.910s][info][gc,heap     ] GC(1092) Humongous regions: 15->15
[2026-06-17T10:06:51.259+0800][30.910s][info][gc,metaspace] GC(1092) Metaspace: 116K(320K)->116K(320K) NonClass: 109K(192K)->109K(192K) Class: 7K(128K)->7K(128K)
[2026-06-17T10:06:51.260+0800][30.910s][info][gc          ] GC(1092) Pause Young (Concurrent Start) (G1 Evacuation Pause) 51M->45M(64M) 8.258ms
[2026-06-17T10:06:51.260+0800][30.911s][info][gc,cpu      ] GC(1092) User=0.01s Sys=0.00s Real=0.00s
[2026-06-17T10:06:51.260+0800][30.911s][info][gc          ] GC(1093) Concurrent Mark Cycle
[2026-06-17T10:06:51.261+0800][30.912s][info][gc,marking  ] GC(1093) Concurrent Scan Root Regions
[2026-06-17T10:06:51.261+0800][30.912s][info][gc,marking  ] GC(1093) Concurrent Scan Root Regions 0.521ms
[2026-06-17T10:06:51.262+0800][30.912s][info][gc,marking  ] GC(1093) Concurrent Mark
[2026-06-17T10:06:51.262+0800][30.913s][info][gc,marking  ] GC(1093) Concurrent Mark From Roots
[2026-06-17T10:06:51.263+0800][30.914s][info][gc,task     ] GC(1093) Using 5 workers of 5 for marking
[2026-06-17T10:06:51.265+0800][30.915s][info][gc,marking  ] GC(1093) Concurrent Mark From Roots 2.160ms
[2026-06-17T10:06:51.265+0800][30.916s][info][gc,marking  ] GC(1093) Concurrent Preclean
[2026-06-17T10:06:51.266+0800][30.916s][info][gc,marking  ] GC(1093) Concurrent Preclean 0.597ms
[2026-06-17T10:06:51.266+0800][30.917s][info][gc,start    ] GC(1093) Pause Remark
[2026-06-17T10:06:51.267+0800][30.917s][info][gc          ] GC(1093) Pause Remark 47M->41M(64M) 0.744ms
[2026-06-17T10:06:51.267+0800][30.918s][info][gc,cpu      ] GC(1093) User=0.00s Sys=0.00s Real=0.00s
[2026-06-17T10:06:51.268+0800][30.918s][info][gc,marking  ] GC(1093) Concurrent Mark 5.667ms
[2026-06-17T10:06:51.268+0800][30.918s][info][gc,marking  ] GC(1093) Concurrent Rebuild Remembered Sets and Scrub Regions
[2026-06-17T10:06:51.269+0800][30.919s][info][gc,marking  ] GC(1093) Concurrent Rebuild Remembered Sets and Scrub Regions 0.665ms
[2026-06-17T10:06:51.269+0800][30.920s][info][gc,start    ] GC(1093) Pause Cleanup
[2026-06-17T10:06:51.269+0800][30.920s][info][gc          ] GC(1093) Pause Cleanup 41M->41M(64M) 0.306ms
[2026-06-17T10:06:51.270+0800][30.920s][info][gc,cpu      ] GC(1093) User=0.00s Sys=0.00s Real=0.00s
[2026-06-17T10:06:51.270+0800][30.920s][info][gc,marking  ] GC(1093) Concurrent Clear Claimed Marks
[2026-06-17T10:06:51.270+0800][30.921s][info][gc,marking  ] GC(1093) Concurrent Clear Claimed Marks 0.399ms
[2026-06-17T10:06:51.271+0800][30.921s][info][gc,marking  ] GC(1093) Concurrent Cleanup for Next Mark
[2026-06-17T10:06:51.271+0800][30.922s][info][gc,marking  ] GC(1093) Concurrent Cleanup for Next Mark 0.574ms
[2026-06-17T10:06:51.271+0800][30.922s][info][gc,start    ] GC(1094) Pause Young (Prepare Mixed) (G1 Evacuation Pause)
[2026-06-17T10:06:51.272+0800][30.923s][info][gc,task     ] GC(1094) Using 2 workers of 18 for evacuation
[2026-06-17T10:06:51.273+0800][30.923s][info][gc,phases   ] GC(1094)   Pre Evacuate Collection Set: 0.09ms
[2026-06-17T10:06:51.273+0800][30.924s][info][gc,phases   ] GC(1094)   Merge Heap Roots: 0.05ms
[2026-06-17T10:06:51.274+0800][30.924s][info][gc,phases   ] GC(1094)   Evacuate Collection Set: 0.25ms
[2026-06-17T10:06:51.274+0800][30.925s][info][gc,phases   ] GC(1094)   Post Evacuate Collection Set: 0.14ms
[2026-06-17T10:06:51.274+0800][30.925s][info][gc,phases   ] GC(1094)   Other: 0.34ms
[2026-06-17T10:06:51.275+0800][30.925s][info][gc,heap     ] GC(1094) Eden regions: 8->0(12)
[2026-06-17T10:06:51.275+0800][30.925s][info][gc,heap     ] GC(1094) Survivor regions: 2->2(2)
[2026-06-17T10:06:51.275+0800][30.926s][info][gc,heap     ] GC(1094) Old regions: 23->24
[2026-06-17T10:06:51.275+0800][30.926s][info][gc,heap     ] GC(1094) Humongous regions: 15->15
[2026-06-17T10:06:51.276+0800][30.926s][info][gc,metaspace] GC(1094) Metaspace: 116K(320K)->116K(320K) NonClass: 109K(192K)->109K(192K) Class: 7K(128K)->7K(128K)
[2026-06-17T10:06:51.276+0800][30.926s][info][gc          ] GC(1094) Pause Young (Prepare Mixed) (G1 Evacuation Pause) 47M->40M(64M) 4.512ms
[2026-06-17T10:06:51.276+0800][30.927s][info][gc,cpu      ] GC(1094) User=0.00s Sys=0.00s Real=0.00s
[2026-06-17T10:06:51.277+0800][30.927s][info][gc          ] GC(1093) Concurrent Mark Cycle 16.472ms
[2026-06-17T10:06:51.308+0800][30.958s][info][gc,start    ] GC(1095) Pause Young (Mixed) (G1 Evacuation Pause)
[2026-06-17T10:06:51.309+0800][30.959s][info][gc,task     ] GC(1095) Using 2 workers of 18 for evacuation
[2026-06-17T10:06:51.310+0800][30.960s][info][gc,phases   ] GC(1095)   Pre Evacuate Collection Set: 0.12ms
[2026-06-17T10:06:51.310+0800][30.961s][info][gc,phases   ] GC(1095)   Merge Heap Roots: 0.04ms
[2026-06-17T10:06:51.311+0800][30.962s][info][gc,phases   ] GC(1095)   Evacuate Collection Set: 0.45ms
[2026-06-17T10:06:51.312+0800][30.962s][info][gc,phases   ] GC(1095)   Post Evacuate Collection Set: 0.20ms
[2026-06-17T10:06:51.313+0800][30.963s][info][gc,phases   ] GC(1095)   Other: 0.46ms
[2026-06-17T10:06:51.313+0800][30.964s][info][gc,heap     ] GC(1095) Eden regions: 12->0(15)
[2026-06-17T10:06:51.314+0800][30.965s][info][gc,heap     ] GC(1095) Survivor regions: 2->2(2)
[2026-06-17T10:06:51.315+0800][30.965s][info][gc,heap     ] GC(1095) Old regions: 24->22
[2026-06-17T10:06:51.315+0800][30.966s][info][gc,heap     ] GC(1095) Humongous regions: 15->15
[2026-06-17T10:06:51.316+0800][30.966s][info][gc,metaspace] GC(1095) Metaspace: 116K(320K)->116K(320K) NonClass: 109K(192K)->109K(192K) Class: 7K(128K)->7K(128K)
[2026-06-17T10:06:51.316+0800][30.967s][info][gc          ] GC(1095) Pause Young (Mixed) (G1 Evacuation Pause) 52M->38M(64M) 8.488ms
[2026-06-17T10:06:51.317+0800][30.968s][info][gc,cpu      ] GC(1095) User=0.00s Sys=0.00s Real=0.01s
[2026-06-17T10:06:51.360+0800][31.010s][info][gc,start    ] GC(1096) Pause Young (Concurrent Start) (G1 Evacuation Pause)
[2026-06-17T10:06:51.361+0800][31.011s][info][gc,task     ] GC(1096) Using 2 workers of 18 for evacuation
[2026-06-17T10:06:51.362+0800][31.013s][info][gc,phases   ] GC(1096)   Pre Evacuate Collection Set: 0.31ms
[2026-06-17T10:06:51.363+0800][31.014s][info][gc,phases   ] GC(1096)   Merge Heap Roots: 0.06ms
[2026-06-17T10:06:51.364+0800][31.014s][info][gc,phases   ] GC(1096)   Evacuate Collection Set: 0.57ms
[2026-06-17T10:06:51.364+0800][31.015s][info][gc,phases   ] GC(1096)   Post Evacuate Collection Set: 0.30ms
[2026-06-17T10:06:51.365+0800][31.015s][info][gc,phases   ] GC(1096)   Other: 0.65ms
[2026-06-17T10:06:51.366+0800][31.016s][info][gc,heap     ] GC(1096) Eden regions: 15->0(11)
[2026-06-17T10:06:51.366+0800][31.017s][info][gc,heap     ] GC(1096) Survivor regions: 2->3(3)
[2026-06-17T10:06:51.367+0800][31.017s][info][gc,heap     ] GC(1096) Old regions: 22->26
[2026-06-17T10:06:51.367+0800][31.018s][info][gc,heap     ] GC(1096) Humongous regions: 15->15
[2026-06-17T10:06:51.368+0800][31.018s][info][gc,metaspace] GC(1096) Metaspace: 116K(320K)->116K(320K) NonClass: 109K(192K)->109K(192K) Class: 7K(128K)->7K(128K)
[2026-06-17T10:06:51.368+0800][31.019s][info][gc          ] GC(1096) Pause Young (Concurrent Start) (G1 Evacuation Pause) 53M->43M(64M) 8.630ms
[2026-06-17T10:06:51.369+0800][31.019s][info][gc,cpu      ] GC(1096) User=0.01s Sys=0.00s Real=0.01s
[2026-06-17T10:06:51.369+0800][31.019s][info][gc          ] GC(1097) Concurrent Mark Cycle
[2026-06-17T10:06:51.370+0800][31.020s][info][gc,marking  ] GC(1097) Concurrent Scan Root Regions
[2026-06-17T10:06:51.370+0800][31.021s][info][gc,marking  ] GC(1097) Concurrent Scan Root Regions 0.410ms
[2026-06-17T10:06:51.370+0800][31.021s][info][gc,marking  ] GC(1097) Concurrent Mark
[2026-06-17T10:06:51.371+0800][31.021s][info][gc,marking  ] GC(1097) Concurrent Mark From Roots
[2026-06-17T10:06:51.371+0800][31.022s][info][gc,task     ] GC(1097) Using 5 workers of 5 for marking
[2026-06-17T10:06:51.372+0800][31.023s][info][gc,marking  ] GC(1097) Concurrent Mark From Roots 1.556ms
[2026-06-17T10:06:51.373+0800][31.023s][info][gc,marking  ] GC(1097) Concurrent Preclean
[2026-06-17T10:06:51.373+0800][31.024s][info][gc,marking  ] GC(1097) Concurrent Preclean 0.586ms
[2026-06-17T10:06:51.374+0800][31.024s][info][gc,start    ] GC(1097) Pause Remark
[2026-06-17T10:06:51.375+0800][31.025s][info][gc          ] GC(1097) Pause Remark 45M->44M(64M) 0.976ms
[2026-06-17T10:06:51.375+0800][31.026s][info][gc,cpu      ] GC(1097) User=0.00s Sys=0.00s Real=0.00s
[2026-06-17T10:06:51.375+0800][31.026s][info][gc,marking  ] GC(1097) Concurrent Mark 5.010ms
[2026-06-17T10:06:51.376+0800][31.026s][info][gc,marking  ] GC(1097) Concurrent Rebuild Remembered Sets and Scrub Regions
[2026-06-17T10:06:51.377+0800][31.027s][info][gc,marking  ] GC(1097) Concurrent Rebuild Remembered Sets and Scrub Regions 0.821ms
[2026-06-17T10:06:51.377+0800][31.028s][info][gc,start    ] GC(1097) Pause Cleanup
[2026-06-17T10:06:51.378+0800][31.028s][info][gc          ] GC(1097) Pause Cleanup 44M->44M(64M) 0.392ms
[2026-06-17T10:06:51.378+0800][31.029s][info][gc,cpu      ] GC(1097) User=0.00s Sys=0.00s Real=0.00s
[2026-06-17T10:06:51.379+0800][31.029s][info][gc,marking  ] GC(1097) Concurrent Clear Claimed Marks
[2026-06-17T10:06:51.379+0800][31.030s][info][gc,marking  ] GC(1097) Concurrent Clear Claimed Marks 0.666ms
[2026-06-17T10:06:51.380+0800][31.030s][info][gc,marking  ] GC(1097) Concurrent Cleanup for Next Mark
[2026-06-17T10:06:51.380+0800][31.031s][info][gc,marking  ] GC(1097) Concurrent Cleanup for Next Mark 0.762ms
[2026-06-17T10:06:51.381+0800][31.031s][info][gc          ] GC(1097) Concurrent Mark Cycle 12.164ms
[2026-06-17T10:06:51.401+0800][31.051s][info][gc,start    ] GC(1098) Pause Young (Prepare Mixed) (G1 Evacuation Pause)
[2026-06-17T10:06:51.401+0800][31.052s][info][gc,task     ] GC(1098) Using 2 workers of 18 for evacuation
[2026-06-17T10:06:51.403+0800][31.053s][info][gc,phases   ] GC(1098)   Pre Evacuate Collection Set: 0.10ms
[2026-06-17T10:06:51.403+0800][31.054s][info][gc,phases   ] GC(1098)   Merge Heap Roots: 0.04ms
[2026-06-17T10:06:51.403+0800][31.054s][info][gc,phases   ] GC(1098)   Evacuate Collection Set: 0.31ms
[2026-06-17T10:06:51.404+0800][31.054s][info][gc,phases   ] GC(1098)   Post Evacuate Collection Set: 0.16ms
[2026-06-17T10:06:51.404+0800][31.055s][info][gc,phases   ] GC(1098)   Other: 0.50ms
[2026-06-17T10:06:51.405+0800][31.055s][info][gc,heap     ] GC(1098) Eden regions: 11->0(10)
[2026-06-17T10:06:51.405+0800][31.056s][info][gc,heap     ] GC(1098) Survivor regions: 3->2(2)
[2026-06-17T10:06:51.406+0800][31.057s][info][gc,heap     ] GC(1098) Old regions: 25->28
[2026-06-17T10:06:51.407+0800][31.057s][info][gc,heap     ] GC(1098) Humongous regions: 15->15
[2026-06-17T10:06:51.408+0800][31.059s][info][gc,metaspace] GC(1098) Metaspace: 116K(320K)->116K(320K) NonClass: 109K(192K)->109K(192K) Class: 7K(128K)->7K(128K)
[2026-06-17T10:06:51.409+0800][31.060s][info][gc          ] GC(1098) Pause Young (Prepare Mixed) (G1 Evacuation Pause) 53M->44M(64M) 8.425ms
[2026-06-17T10:06:51.410+0800][31.061s][info][gc,cpu      ] GC(1098) User=0.00s Sys=0.00s Real=0.01s
[2026-06-17T10:06:51.432+0800][31.083s][info][gc,start    ] GC(1099) Pause Young (Mixed) (G1 Evacuation Pause)
[2026-06-17T10:06:51.433+0800][31.083s][info][gc,task     ] GC(1099) Using 2 workers of 18 for evacuation
[2026-06-17T10:06:51.434+0800][31.084s][info][gc,phases   ] GC(1099)   Pre Evacuate Collection Set: 0.11ms
[2026-06-17T10:06:51.434+0800][31.085s][info][gc,phases   ] GC(1099)   Merge Heap Roots: 0.04ms
[2026-06-17T10:06:51.435+0800][31.085s][info][gc,phases   ] GC(1099)   Evacuate Collection Set: 0.24ms
[2026-06-17T10:06:51.435+0800][31.086s][info][gc,phases   ] GC(1099)   Post Evacuate Collection Set: 0.17ms
[2026-06-17T10:06:51.436+0800][31.086s][info][gc,phases   ] GC(1099)   Other: 0.76ms
[2026-06-17T10:06:51.436+0800][31.087s][info][gc,heap     ] GC(1099) Eden regions: 10->0(11)
[2026-06-17T10:06:51.436+0800][31.087s][info][gc,heap     ] GC(1099) Survivor regions: 2->1(2)
[2026-06-17T10:06:51.437+0800][31.087s][info][gc,heap     ] GC(1099) Old regions: 28->29
[2026-06-17T10:06:51.437+0800][31.088s][info][gc,heap     ] GC(1099) Humongous regions: 15->15
[2026-06-17T10:06:51.437+0800][31.088s][info][gc,metaspace] GC(1099) Metaspace: 116K(320K)->116K(320K) NonClass: 109K(192K)->109K(192K) Class: 7K(128K)->7K(128K)
[2026-06-17T10:06:51.438+0800][31.088s][info][gc          ] GC(1099) Pause Young (Mixed) (G1 Evacuation Pause) 54M->43M(64M) 5.872ms
[2026-06-17T10:06:51.438+0800][31.089s][info][gc,cpu      ] GC(1099) User=0.00s Sys=0.01s Real=0.00s
[2026-06-17T10:06:51.439+0800][31.089s][info][gc,start    ] GC(1100) Pause Young (Concurrent Start) (G1 Humongous Allocation)
[2026-06-17T10:06:51.439+0800][31.090s][info][gc,task     ] GC(1100) Using 2 workers of 18 for evacuation
[2026-06-17T10:06:51.440+0800][31.091s][info][gc,phases   ] GC(1100)   Pre Evacuate Collection Set: 0.16ms
[2026-06-17T10:06:51.441+0800][31.091s][info][gc,phases   ] GC(1100)   Merge Heap Roots: 0.05ms
[2026-06-17T10:06:51.441+0800][31.091s][info][gc,phases   ] GC(1100)   Evacuate Collection Set: 0.18ms
[2026-06-17T10:06:51.441+0800][31.092s][info][gc,phases   ] GC(1100)   Post Evacuate Collection Set: 0.19ms
[2026-06-17T10:06:51.442+0800][31.092s][info][gc,phases   ] GC(1100)   Other: 0.44ms
[2026-06-17T10:06:51.442+0800][31.093s][info][gc,heap     ] GC(1100) Eden regions: 2->0(7)
[2026-06-17T10:06:51.443+0800][31.093s][info][gc,heap     ] GC(1100) Survivor regions: 1->2(2)
[2026-06-17T10:06:51.443+0800][31.093s][info][gc,heap     ] GC(1100) Old regions: 29->29
[2026-06-17T10:06:51.443+0800][31.094s][info][gc,heap     ] GC(1100) Humongous regions: 15->15
[2026-06-17T10:06:51.443+0800][31.094s][info][gc,metaspace] GC(1100) Metaspace: 116K(320K)->116K(320K) NonClass: 109K(192K)->109K(192K) Class: 7K(128K)->7K(128K)
[2026-06-17T10:06:51.444+0800][31.094s][info][gc          ] GC(1100) Pause Young (Concurrent Start) (G1 Humongous Allocation) 45M->45M(64M) 5.007ms
[2026-06-17T10:06:51.444+0800][31.095s][info][gc,cpu      ] GC(1100) User=0.00s Sys=0.00s Real=0.01s
[2026-06-17T10:06:51.444+0800][31.095s][info][gc          ] GC(1101) Concurrent Mark Cycle
[2026-06-17T10:06:51.445+0800][31.095s][info][gc,marking  ] GC(1101) Concurrent Scan Root Regions
[2026-06-17T10:06:51.445+0800][31.096s][info][gc,marking  ] GC(1101) Concurrent Scan Root Regions 0.352ms
[2026-06-17T10:06:51.445+0800][31.096s][info][gc,marking  ] GC(1101) Concurrent Mark
[2026-06-17T10:06:51.446+0800][31.096s][info][gc,marking  ] GC(1101) Concurrent Mark From Roots
[2026-06-17T10:06:51.446+0800][31.096s][info][gc,task     ] GC(1101) Using 5 workers of 5 for marking
[2026-06-17T10:06:51.447+0800][31.098s][info][gc,marking  ] GC(1101) Concurrent Mark From Roots 1.733ms
[2026-06-17T10:06:51.448+0800][31.098s][info][gc,marking  ] GC(1101) Concurrent Preclean
[2026-06-17T10:06:51.448+0800][31.099s][info][gc,marking  ] GC(1101) Concurrent Preclean 0.372ms
[2026-06-17T10:06:51.449+0800][31.099s][info][gc,start    ] GC(1101) Pause Remark
[2026-06-17T10:06:51.449+0800][31.100s][info][gc          ] GC(1101) Pause Remark 46M->41M(64M) 0.685ms
[2026-06-17T10:06:51.450+0800][31.100s][info][gc,cpu      ] GC(1101) User=0.00s Sys=0.00s Real=0.00s
[2026-06-17T10:06:51.450+0800][31.101s][info][gc,marking  ] GC(1101) Concurrent Mark 4.711ms
[2026-06-17T10:06:51.450+0800][31.101s][info][gc,marking  ] GC(1101) Concurrent Rebuild Remembered Sets and Scrub Regions
[2026-06-17T10:06:51.451+0800][31.102s][info][gc,marking  ] GC(1101) Concurrent Rebuild Remembered Sets and Scrub Regions 0.674ms
[2026-06-17T10:06:51.451+0800][31.102s][info][gc,start    ] GC(1101) Pause Cleanup
[2026-06-17T10:06:51.452+0800][31.102s][info][gc          ] GC(1101) Pause Cleanup 41M->41M(64M) 0.312ms
[2026-06-17T10:06:51.452+0800][31.103s][info][gc,cpu      ] GC(1101) User=0.00s Sys=0.00s Real=0.00s
[2026-06-17T10:06:51.452+0800][31.103s][info][gc,marking  ] GC(1101) Concurrent Clear Claimed Marks
[2026-06-17T10:06:51.453+0800][31.103s][info][gc,marking  ] GC(1101) Concurrent Clear Claimed Marks 0.316ms
[2026-06-17T10:06:51.453+0800][31.104s][info][gc,marking  ] GC(1101) Concurrent Cleanup for Next Mark
[2026-06-17T10:06:51.454+0800][31.104s][info][gc,marking  ] GC(1101) Concurrent Cleanup for Next Mark 0.536ms
[2026-06-17T10:06:51.454+0800][31.105s][info][gc          ] GC(1101) Concurrent Mark Cycle 9.870ms
[2026-06-17T10:06:51.476+0800][31.126s][info][gc,start    ] GC(1102) Pause Young (Prepare Mixed) (G1 Evacuation Pause)
[2026-06-17T10:06:51.477+0800][31.127s][info][gc,task     ] GC(1102) Using 2 workers of 18 for evacuation
[2026-06-17T10:06:51.478+0800][31.128s][info][gc,phases   ] GC(1102)   Pre Evacuate Collection Set: 0.30ms
[2026-06-17T10:06:51.479+0800][31.129s][info][gc,phases   ] GC(1102)   Merge Heap Roots: 0.13ms
[2026-06-17T10:06:51.479+0800][31.130s][info][gc,phases   ] GC(1102)   Evacuate Collection Set: 0.21ms
[2026-06-17T10:06:51.480+0800][31.130s][info][gc,phases   ] GC(1102)   Post Evacuate Collection Set: 0.26ms
[2026-06-17T10:06:51.480+0800][31.131s][info][gc,phases   ] GC(1102)   Other: 0.39ms
[2026-06-17T10:06:51.481+0800][31.132s][info][gc,heap     ] GC(1102) Eden regions: 7->0(10)
[2026-06-17T10:06:51.482+0800][31.132s][info][gc,heap     ] GC(1102) Survivor regions: 2->1(2)
[2026-06-17T10:06:51.482+0800][31.133s][info][gc,heap     ] GC(1102) Old regions: 24->26
[2026-06-17T10:06:51.483+0800][31.134s][info][gc,heap     ] GC(1102) Humongous regions: 16->16
[2026-06-17T10:06:51.483+0800][31.134s][info][gc,metaspace] GC(1102) Metaspace: 116K(320K)->116K(320K) NonClass: 109K(192K)->109K(192K) Class: 7K(128K)->7K(128K)
[2026-06-17T10:06:51.484+0800][31.135s][info][gc          ] GC(1102) Pause Young (Prepare Mixed) (G1 Evacuation Pause) 48M->41M(64M) 8.399ms
[2026-06-17T10:06:51.485+0800][31.135s][info][gc,cpu      ] GC(1102) User=0.01s Sys=0.00s Real=0.01s
[2026-06-17T10:06:51.506+0800][31.157s][info][gc,start    ] GC(1103) Pause Young (Mixed) (G1 Evacuation Pause)
[2026-06-17T10:06:51.507+0800][31.158s][info][gc,task     ] GC(1103) Using 2 workers of 18 for evacuation
[2026-06-17T10:06:51.509+0800][31.159s][info][gc,phases   ] GC(1103)   Pre Evacuate Collection Set: 0.17ms
[2026-06-17T10:06:51.509+0800][31.160s][info][gc,phases   ] GC(1103)   Merge Heap Roots: 0.22ms
[2026-06-17T10:06:51.510+0800][31.160s][info][gc,phases   ] GC(1103)   Evacuate Collection Set: 0.38ms
[2026-06-17T10:06:51.510+0800][31.161s][info][gc,phases   ] GC(1103)   Post Evacuate Collection Set: 0.27ms
[2026-06-17T10:06:51.511+0800][31.161s][info][gc,phases   ] GC(1103)   Other: 0.36ms
[2026-06-17T10:06:51.511+0800][31.162s][info][gc,heap     ] GC(1103) Eden regions: 10->0(11)
[2026-06-17T10:06:51.513+0800][31.163s][info][gc,heap     ] GC(1103) Survivor regions: 1->2(2)
[2026-06-17T10:06:51.514+0800][31.164s][info][gc,heap     ] GC(1103) Old regions: 26->23
[2026-06-17T10:06:51.514+0800][31.165s][info][gc,heap     ] GC(1103) Humongous regions: 16->16
[2026-06-17T10:06:51.515+0800][31.165s][info][gc,metaspace] GC(1103) Metaspace: 116K(320K)->116K(320K) NonClass: 109K(192K)->109K(192K) Class: 7K(128K)->7K(128K)
[2026-06-17T10:06:51.515+0800][31.165s][info][gc          ] GC(1103) Pause Young (Mixed) (G1 Evacuation Pause) 51M->40M(64M) 8.468ms
[2026-06-17T10:06:51.515+0800][31.166s][info][gc,cpu      ] GC(1103) User=0.00s Sys=0.00s Real=0.01s
[2026-06-17T10:06:51.537+0800][31.187s][info][gc,start    ] GC(1104) Pause Young (Mixed) (G1 Evacuation Pause)
[2026-06-17T10:06:51.538+0800][31.188s][info][gc,task     ] GC(1104) Using 2 workers of 18 for evacuation
[2026-06-17T10:06:51.540+0800][31.190s][info][gc,phases   ] GC(1104)   Pre Evacuate Collection Set: 0.45ms
[2026-06-17T10:06:51.541+0800][31.191s][info][gc,phases   ] GC(1104)   Merge Heap Roots: 0.16ms
[2026-06-17T10:06:51.541+0800][31.192s][info][gc,phases   ] GC(1104)   Evacuate Collection Set: 0.86ms
[2026-06-17T10:06:51.542+0800][31.192s][info][gc,phases   ] GC(1104)   Post Evacuate Collection Set: 0.23ms
[2026-06-17T10:06:51.542+0800][31.193s][info][gc,phases   ] GC(1104)   Other: 0.57ms
[2026-06-17T10:06:51.543+0800][31.193s][info][gc,heap     ] GC(1104) Eden regions: 11->0(9)
[2026-06-17T10:06:51.543+0800][31.194s][info][gc,heap     ] GC(1104) Survivor regions: 2->2(2)
[2026-06-17T10:06:51.544+0800][31.195s][info][gc,heap     ] GC(1104) Old regions: 23->25
[2026-06-17T10:06:51.545+0800][31.195s][info][gc,heap     ] GC(1104) Humongous regions: 16->16
[2026-06-17T10:06:51.545+0800][31.196s][info][gc,metaspace] GC(1104) Metaspace: 116K(320K)->116K(320K) NonClass: 109K(192K)->109K(192K) Class: 7K(128K)->7K(128K)
[2026-06-17T10:06:51.546+0800][31.196s][info][gc          ] GC(1104) Pause Young (Mixed) (G1 Evacuation Pause) 51M->42M(64M) 8.939ms
[2026-06-17T10:06:51.546+0800][31.197s][info][gc,cpu      ] GC(1104) User=0.00s Sys=0.00s Real=0.01s
[2026-06-17T10:06:51.568+0800][31.219s][info][gc,start    ] GC(1105) Pause Young (Concurrent Start) (G1 Evacuation Pause)
[2026-06-17T10:06:51.569+0800][31.219s][info][gc,task     ] GC(1105) Using 2 workers of 18 for evacuation
[2026-06-17T10:06:51.570+0800][31.220s][info][gc,phases   ] GC(1105)   Pre Evacuate Collection Set: 0.18ms
[2026-06-17T10:06:51.570+0800][31.221s][info][gc,phases   ] GC(1105)   Merge Heap Roots: 0.05ms
[2026-06-17T10:06:51.571+0800][31.221s][info][gc,phases   ] GC(1105)   Evacuate Collection Set: 0.21ms
[2026-06-17T10:06:51.571+0800][31.222s][info][gc,phases   ] GC(1105)   Post Evacuate Collection Set: 0.16ms
[2026-06-17T10:06:51.571+0800][31.222s][info][gc,phases   ] GC(1105)   Other: 0.53ms
[2026-06-17T10:06:51.572+0800][31.222s][info][gc,heap     ] GC(1105) Eden regions: 9->0(10)
[2026-06-17T10:06:51.572+0800][31.223s][info][gc,heap     ] GC(1105) Survivor regions: 2->2(2)
[2026-06-17T10:06:51.572+0800][31.223s][info][gc,heap     ] GC(1105) Old regions: 25->25
[2026-06-17T10:06:51.573+0800][31.223s][info][gc,heap     ] GC(1105) Humongous regions: 16->16
[2026-06-17T10:06:51.573+0800][31.224s][info][gc,metaspace] GC(1105) Metaspace: 116K(320K)->116K(320K) NonClass: 109K(192K)->109K(192K) Class: 7K(128K)->7K(128K)
[2026-06-17T10:06:51.574+0800][31.224s][info][gc          ] GC(1105) Pause Young (Concurrent Start) (G1 Evacuation Pause) 51M->42M(64M) 5.752ms
[2026-06-17T10:06:51.575+0800][31.225s][info][gc,cpu      ] GC(1105) User=0.00s Sys=0.00s Real=0.01s
[2026-06-17T10:06:51.575+0800][31.225s][info][gc          ] GC(1106) Concurrent Mark Cycle
[2026-06-17T10:06:51.575+0800][31.226s][info][gc,marking  ] GC(1106) Concurrent Scan Root Regions
[2026-06-17T10:06:51.576+0800][31.227s][info][gc,marking  ] GC(1106) Concurrent Scan Root Regions 0.560ms
[2026-06-17T10:06:51.576+0800][31.227s][info][gc,marking  ] GC(1106) Concurrent Mark
[2026-06-17T10:06:51.577+0800][31.227s][info][gc,marking  ] GC(1106) Concurrent Mark From Roots
[2026-06-17T10:06:51.577+0800][31.228s][info][gc,task     ] GC(1106) Using 5 workers of 5 for marking
[2026-06-17T10:06:51.579+0800][31.229s][info][gc,marking  ] GC(1106) Concurrent Mark From Roots 1.758ms
[2026-06-17T10:06:51.579+0800][31.229s][info][gc,marking  ] GC(1106) Concurrent Preclean
[2026-06-17T10:06:51.579+0800][31.230s][info][gc,marking  ] GC(1106) Concurrent Preclean 0.284ms
[2026-06-17T10:06:51.580+0800][31.230s][info][gc,start    ] GC(1106) Pause Remark
[2026-06-17T10:06:51.580+0800][31.231s][info][gc          ] GC(1106) Pause Remark 43M->43M(64M) 0.828ms
[2026-06-17T10:06:51.581+0800][31.231s][info][gc,cpu      ] GC(1106) User=0.01s Sys=0.00s Real=0.00s
[2026-06-17T10:06:51.581+0800][31.232s][info][gc,marking  ] GC(1106) Concurrent Mark 4.901ms
[2026-06-17T10:06:51.582+0800][31.232s][info][gc,marking  ] GC(1106) Concurrent Rebuild Remembered Sets and Scrub Regions
[2026-06-17T10:06:51.582+0800][31.233s][info][gc,marking  ] GC(1106) Concurrent Rebuild Remembered Sets and Scrub Regions 0.693ms
[2026-06-17T10:06:51.583+0800][31.233s][info][gc,start    ] GC(1106) Pause Cleanup
[2026-06-17T10:06:51.583+0800][31.233s][info][gc          ] GC(1106) Pause Cleanup 43M->43M(64M) 0.307ms
[2026-06-17T10:06:51.583+0800][31.234s][info][gc,cpu      ] GC(1106) User=0.00s Sys=0.00s Real=0.00s
[2026-06-17T10:06:51.584+0800][31.234s][info][gc,marking  ] GC(1106) Concurrent Clear Claimed Marks
[2026-06-17T10:06:51.584+0800][31.234s][info][gc,marking  ] GC(1106) Concurrent Clear Claimed Marks 0.305ms
[2026-06-17T10:06:51.584+0800][31.235s][info][gc,marking  ] GC(1106) Concurrent Cleanup for Next Mark
[2026-06-17T10:06:51.585+0800][31.235s][info][gc,marking  ] GC(1106) Concurrent Cleanup for Next Mark 0.395ms
[2026-06-17T10:06:51.585+0800][31.235s][info][gc          ] GC(1106) Concurrent Mark Cycle 10.257ms
[2026-06-17T10:06:51.606+0800][31.257s][info][gc,start    ] GC(1107) Pause Young (Prepare Mixed) (G1 Evacuation Pause)
[2026-06-17T10:06:51.607+0800][31.258s][info][gc,task     ] GC(1107) Using 2 workers of 18 for evacuation
[2026-06-17T10:06:51.609+0800][31.259s][info][gc,phases   ] GC(1107)   Pre Evacuate Collection Set: 0.15ms
[2026-06-17T10:06:51.609+0800][31.260s][info][gc,phases   ] GC(1107)   Merge Heap Roots: 0.03ms
[2026-06-17T10:06:51.610+0800][31.261s][info][gc,phases   ] GC(1107)   Evacuate Collection Set: 0.30ms
[2026-06-17T10:06:51.611+0800][31.261s][info][gc,phases   ] GC(1107)   Post Evacuate Collection Set: 0.20ms
[2026-06-17T10:06:51.611+0800][31.262s][info][gc,phases   ] GC(1107)   Other: 0.74ms
[2026-06-17T10:06:51.612+0800][31.262s][info][gc,heap     ] GC(1107) Eden regions: 10->0(9)
[2026-06-17T10:06:51.612+0800][31.263s][info][gc,heap     ] GC(1107) Survivor regions: 2->2(2)
[2026-06-17T10:06:51.613+0800][31.264s][info][gc,heap     ] GC(1107) Old regions: 25->28
[2026-06-17T10:06:51.614+0800][31.265s][info][gc,heap     ] GC(1107) Humongous regions: 16->16
[2026-06-17T10:06:51.615+0800][31.265s][info][gc,metaspace] GC(1107) Metaspace: 116K(320K)->116K(320K) NonClass: 109K(192K)->109K(192K) Class: 7K(128K)->7K(128K)
[2026-06-17T10:06:51.616+0800][31.266s][info][gc          ] GC(1107) Pause Young (Prepare Mixed) (G1 Evacuation Pause) 52M->45M(64M) 9.443ms
[2026-06-17T10:06:51.616+0800][31.267s][info][gc,cpu      ] GC(1107) User=0.00s Sys=0.00s Real=0.01s
[2026-06-17T10:06:51.639+0800][31.289s][info][gc,start    ] GC(1108) Pause Young (Mixed) (G1 Evacuation Pause)
[2026-06-17T10:06:51.640+0800][31.290s][info][gc,task     ] GC(1108) Using 2 workers of 18 for evacuation
[2026-06-17T10:06:51.641+0800][31.292s][info][gc,phases   ] GC(1108)   Pre Evacuate Collection Set: 0.17ms
[2026-06-17T10:06:51.642+0800][31.292s][info][gc,phases   ] GC(1108)   Merge Heap Roots: 0.08ms
[2026-06-17T10:06:51.642+0800][31.293s][info][gc,phases   ] GC(1108)   Evacuate Collection Set: 0.66ms
[2026-06-17T10:06:51.643+0800][31.293s][info][gc,phases   ] GC(1108)   Post Evacuate Collection Set: 0.44ms
[2026-06-17T10:06:51.643+0800][31.294s][info][gc,phases   ] GC(1108)   Other: 0.48ms
[2026-06-17T10:06:51.644+0800][31.295s][info][gc,heap     ] GC(1108) Eden regions: 9->0(7)
[2026-06-17T10:06:51.644+0800][31.295s][info][gc,heap     ] GC(1108) Survivor regions: 2->2(2)
[2026-06-17T10:06:51.645+0800][31.296s][info][gc,heap     ] GC(1108) Old regions: 28->30
[2026-06-17T10:06:51.645+0800][31.296s][info][gc,heap     ] GC(1108) Humongous regions: 16->16
[2026-06-17T10:06:51.646+0800][31.296s][info][gc,metaspace] GC(1108) Metaspace: 116K(320K)->116K(320K) NonClass: 109K(192K)->109K(192K) Class: 7K(128K)->7K(128K)
[2026-06-17T10:06:51.646+0800][31.297s][info][gc          ] GC(1108) Pause Young (Mixed) (G1 Evacuation Pause) (Evacuation Failure: Allocation) 54M->48M(64M) 7.315ms
[2026-06-17T10:06:51.647+0800][31.298s][info][gc,cpu      ] GC(1108) User=0.00s Sys=0.00s Real=0.01s
[2026-06-17T10:06:51.669+0800][31.319s][info][gc,start    ] GC(1109) Pause Young (Concurrent Start) (G1 Evacuation Pause)
[2026-06-17T10:06:51.670+0800][31.321s][info][gc,task     ] GC(1109) Using 2 workers of 18 for evacuation
[2026-06-17T10:06:51.672+0800][31.322s][info][gc,phases   ] GC(1109)   Pre Evacuate Collection Set: 0.38ms
[2026-06-17T10:06:51.672+0800][31.323s][info][gc,phases   ] GC(1109)   Merge Heap Roots: 0.06ms
[2026-06-17T10:06:51.673+0800][31.323s][info][gc,phases   ] GC(1109)   Evacuate Collection Set: 0.36ms
[2026-06-17T10:06:51.673+0800][31.324s][info][gc,phases   ] GC(1109)   Post Evacuate Collection Set: 0.22ms
[2026-06-17T10:06:51.674+0800][31.324s][info][gc,phases   ] GC(1109)   Other: 0.66ms
[2026-06-17T10:06:51.674+0800][31.325s][info][gc,heap     ] GC(1109) Eden regions: 7->0(6)
[2026-06-17T10:06:51.675+0800][31.325s][info][gc,heap     ] GC(1109) Survivor regions: 2->2(2)
[2026-06-17T10:06:51.675+0800][31.326s][info][gc,heap     ] GC(1109) Old regions: 30->31
[2026-06-17T10:06:51.675+0800][31.326s][info][gc,heap     ] GC(1109) Humongous regions: 16->16
[2026-06-17T10:06:51.676+0800][31.326s][info][gc,metaspace] GC(1109) Metaspace: 116K(320K)->116K(320K) NonClass: 109K(192K)->109K(192K) Class: 7K(128K)->7K(128K)
[2026-06-17T10:06:51.676+0800][31.327s][info][gc          ] GC(1109) Pause Young (Concurrent Start) (G1 Evacuation Pause) 54M->48M(64M) 7.812ms
[2026-06-17T10:06:51.677+0800][31.328s][info][gc,cpu      ] GC(1109) User=0.00s Sys=0.00s Real=0.01s
[2026-06-17T10:06:51.677+0800][31.328s][info][gc          ] GC(1110) Concurrent Mark Cycle
[2026-06-17T10:06:51.678+0800][31.329s][info][gc,marking  ] GC(1110) Concurrent Scan Root Regions
[2026-06-17T10:06:51.678+0800][31.329s][info][gc,marking  ] GC(1110) Concurrent Scan Root Regions 0.298ms
[2026-06-17T10:06:51.679+0800][31.329s][info][gc,marking  ] GC(1110) Concurrent Mark
[2026-06-17T10:06:51.679+0800][31.330s][info][gc,marking  ] GC(1110) Concurrent Mark From Roots
[2026-06-17T10:06:51.679+0800][31.330s][info][gc,task     ] GC(1110) Using 5 workers of 5 for marking
[2026-06-17T10:06:51.681+0800][31.331s][info][gc,marking  ] GC(1110) Concurrent Mark From Roots 1.770ms
[2026-06-17T10:06:51.681+0800][31.332s][info][gc,marking  ] GC(1110) Concurrent Preclean
[2026-06-17T10:06:51.682+0800][31.332s][info][gc,marking  ] GC(1110) Concurrent Preclean 0.407ms
[2026-06-17T10:06:51.682+0800][31.333s][info][gc,start    ] GC(1110) Pause Remark
[2026-06-17T10:06:51.683+0800][31.334s][info][gc          ] GC(1110) Pause Remark 51M->44M(64M) 1.050ms
[2026-06-17T10:06:51.684+0800][31.334s][info][gc,cpu      ] GC(1110) User=0.00s Sys=0.00s Real=0.01s
[2026-06-17T10:06:51.684+0800][31.334s][info][gc,marking  ] GC(1110) Concurrent Mark 5.225ms
[2026-06-17T10:06:51.684+0800][31.335s][info][gc,marking  ] GC(1110) Concurrent Rebuild Remembered Sets and Scrub Regions
[2026-06-17T10:06:51.685+0800][31.336s][info][gc,marking  ] GC(1110) Concurrent Rebuild Remembered Sets and Scrub Regions 0.684ms
[2026-06-17T10:06:51.685+0800][31.336s][info][gc,start    ] GC(1110) Pause Cleanup
[2026-06-17T10:06:51.686+0800][31.336s][info][gc          ] GC(1110) Pause Cleanup 44M->44M(64M) 0.327ms
[2026-06-17T10:06:51.686+0800][31.337s][info][gc,cpu      ] GC(1110) User=0.00s Sys=0.00s Real=0.00s
[2026-06-17T10:06:51.686+0800][31.337s][info][gc,marking  ] GC(1110) Concurrent Clear Claimed Marks
[2026-06-17T10:06:51.687+0800][31.337s][info][gc,marking  ] GC(1110) Concurrent Clear Claimed Marks 0.331ms
[2026-06-17T10:06:51.687+0800][31.338s][info][gc,marking  ] GC(1110) Concurrent Cleanup for Next Mark
[2026-06-17T10:06:51.687+0800][31.338s][info][gc,marking  ] GC(1110) Concurrent Cleanup for Next Mark 0.364ms
[2026-06-17T10:06:51.688+0800][31.338s][info][gc          ] GC(1110) Concurrent Mark Cycle 10.320ms
[2026-06-17T10:06:51.688+0800][31.339s][info][gc,start    ] GC(1111) Pause Young (Prepare Mixed) (G1 Evacuation Pause)
[2026-06-17T10:06:51.689+0800][31.339s][info][gc,task     ] GC(1111) Using 2 workers of 18 for evacuation
[2026-06-17T10:06:51.690+0800][31.341s][info][gc,phases   ] GC(1111)   Pre Evacuate Collection Set: 0.11ms
[2026-06-17T10:06:51.691+0800][31.341s][info][gc,phases   ] GC(1111)   Merge Heap Roots: 0.06ms
[2026-06-17T10:06:51.691+0800][31.342s][info][gc,phases   ] GC(1111)   Evacuate Collection Set: 0.37ms
[2026-06-17T10:06:51.692+0800][31.342s][info][gc,phases   ] GC(1111)   Post Evacuate Collection Set: 0.21ms
[2026-06-17T10:06:51.692+0800][31.343s][info][gc,phases   ] GC(1111)   Other: 0.64ms
[2026-06-17T10:06:51.692+0800][31.343s][info][gc,heap     ] GC(1111) Eden regions: 6->0(9)
[2026-06-17T10:06:51.693+0800][31.343s][info][gc,heap     ] GC(1111) Survivor regions: 2->1(1)
[2026-06-17T10:06:51.693+0800][31.344s][info][gc,heap     ] GC(1111) Old regions: 24->28
[2026-06-17T10:06:51.694+0800][31.344s][info][gc,heap     ] GC(1111) Humongous regions: 16->16
[2026-06-17T10:06:51.694+0800][31.344s][info][gc,metaspace] GC(1111) Metaspace: 116K(320K)->116K(320K) NonClass: 109K(192K)->109K(192K) Class: 7K(128K)->7K(128K)
[2026-06-17T10:06:51.694+0800][31.345s][info][gc          ] GC(1111) Pause Young (Prepare Mixed) (G1 Evacuation Pause) 47M->44M(64M) 5.708ms
[2026-06-17T10:06:51.694+0800][31.345s][info][gc,cpu      ] GC(1111) User=0.00s Sys=0.00s Real=0.01s
[2026-06-17T10:06:51.716+0800][31.367s][info][gc,start    ] GC(1112) Pause Young (Mixed) (G1 Evacuation Pause)
[2026-06-17T10:06:51.717+0800][31.368s][info][gc,task     ] GC(1112) Using 2 workers of 18 for evacuation
[2026-06-17T10:06:51.719+0800][31.370s][info][gc,phases   ] GC(1112)   Pre Evacuate Collection Set: 0.14ms
[2026-06-17T10:06:51.720+0800][31.371s][info][gc,phases   ] GC(1112)   Merge Heap Roots: 0.10ms
[2026-06-17T10:06:51.721+0800][31.372s][info][gc,phases   ] GC(1112)   Evacuate Collection Set: 0.58ms
[2026-06-17T10:06:51.721+0800][31.372s][info][gc,phases   ] GC(1112)   Post Evacuate Collection Set: 0.50ms
[2026-06-17T10:06:51.722+0800][31.372s][info][gc,phases   ] GC(1112)   Other: 0.90ms
[2026-06-17T10:06:51.722+0800][31.373s][info][gc,heap     ] GC(1112) Eden regions: 9->0(13)
[2026-06-17T10:06:51.723+0800][31.373s][info][gc,heap     ] GC(1112) Survivor regions: 1->2(2)
[2026-06-17T10:06:51.723+0800][31.373s][info][gc,heap     ] GC(1112) Old regions: 28->27
[2026-06-17T10:06:51.723+0800][31.374s][info][gc,heap     ] GC(1112) Humongous regions: 17->8
[2026-06-17T10:06:51.724+0800][31.374s][info][gc,metaspace] GC(1112) Metaspace: 116K(320K)->116K(320K) NonClass: 109K(192K)->109K(192K) Class: 7K(128K)->7K(128K)
[2026-06-17T10:06:51.724+0800][31.375s][info][gc          ] GC(1112) Pause Young (Mixed) (G1 Evacuation Pause) 54M->36M(64M) 7.829ms
[2026-06-17T10:06:51.724+0800][31.375s][info][gc,cpu      ] GC(1112) User=0.00s Sys=0.00s Real=0.01s
[2026-06-17T10:06:51.756+0800][31.407s][info][gc,start    ] GC(1113) Pause Young (Mixed) (G1 Evacuation Pause)
[2026-06-17T10:06:51.757+0800][31.408s][info][gc,task     ] GC(1113) Using 2 workers of 18 for evacuation
[2026-06-17T10:06:51.759+0800][31.409s][info][gc,phases   ] GC(1113)   Pre Evacuate Collection Set: 0.12ms
[2026-06-17T10:06:51.759+0800][31.410s][info][gc,phases   ] GC(1113)   Merge Heap Roots: 0.04ms
[2026-06-17T10:06:51.760+0800][31.410s][info][gc,phases   ] GC(1113)   Evacuate Collection Set: 0.50ms
[2026-06-17T10:06:51.760+0800][31.411s][info][gc,phases   ] GC(1113)   Post Evacuate Collection Set: 0.21ms
[2026-06-17T10:06:51.761+0800][31.411s][info][gc,phases   ] GC(1113)   Other: 0.47ms
[2026-06-17T10:06:51.761+0800][31.412s][info][gc,heap     ] GC(1113) Eden regions: 13->0(11)
[2026-06-17T10:06:51.761+0800][31.412s][info][gc,heap     ] GC(1113) Survivor regions: 2->2(2)
[2026-06-17T10:06:51.762+0800][31.412s][info][gc,heap     ] GC(1113) Old regions: 27->30
[2026-06-17T10:06:51.762+0800][31.413s][info][gc,heap     ] GC(1113) Humongous regions: 8->8
[2026-06-17T10:06:51.763+0800][31.413s][info][gc,metaspace] GC(1113) Metaspace: 116K(320K)->116K(320K) NonClass: 109K(192K)->109K(192K) Class: 7K(128K)->7K(128K)
[2026-06-17T10:06:51.763+0800][31.414s][info][gc          ] GC(1113) Pause Young (Mixed) (G1 Evacuation Pause) 49M->39M(64M) 6.552ms
[2026-06-17T10:06:51.763+0800][31.414s][info][gc,cpu      ] GC(1113) User=0.00s Sys=0.00s Real=0.01s
[2026-06-17T10:06:51.795+0800][31.445s][info][gc,start    ] GC(1114) Pause Young (Concurrent Start) (G1 Evacuation Pause)
[2026-06-17T10:06:51.796+0800][31.446s][info][gc,task     ] GC(1114) Using 2 workers of 18 for evacuation
[2026-06-17T10:06:51.797+0800][31.448s][info][gc,phases   ] GC(1114)   Pre Evacuate Collection Set: 0.20ms
[2026-06-17T10:06:51.798+0800][31.448s][info][gc,phases   ] GC(1114)   Merge Heap Roots: 0.04ms
[2026-06-17T10:06:51.799+0800][31.449s][info][gc,phases   ] GC(1114)   Evacuate Collection Set: 0.39ms
[2026-06-17T10:06:51.799+0800][31.450s][info][gc,phases   ] GC(1114)   Post Evacuate Collection Set: 0.18ms
[2026-06-17T10:06:51.799+0800][31.450s][info][gc,phases   ] GC(1114)   Other: 0.62ms
[2026-06-17T10:06:51.800+0800][31.450s][info][gc,heap     ] GC(1114) Eden regions: 11->0(8)
[2026-06-17T10:06:51.800+0800][31.451s][info][gc,heap     ] GC(1114) Survivor regions: 2->2(2)
[2026-06-17T10:06:51.801+0800][31.451s][info][gc,heap     ] GC(1114) Old regions: 30->34
[2026-06-17T10:06:51.801+0800][31.452s][info][gc,heap     ] GC(1114) Humongous regions: 8->8
[2026-06-17T10:06:51.801+0800][31.452s][info][gc,metaspace] GC(1114) Metaspace: 116K(320K)->116K(320K) NonClass: 109K(192K)->109K(192K) Class: 7K(128K)->7K(128K)
[2026-06-17T10:06:51.802+0800][31.452s][info][gc          ] GC(1114) Pause Young (Concurrent Start) (G1 Evacuation Pause) 50M->43M(64M) 6.774ms
[2026-06-17T10:06:51.802+0800][31.453s][info][gc,cpu      ] GC(1114) User=0.00s Sys=0.00s Real=0.00s
[2026-06-17T10:06:51.802+0800][31.453s][info][gc          ] GC(1115) Concurrent Mark Cycle
[2026-06-17T10:06:51.803+0800][31.453s][info][gc,marking  ] GC(1115) Concurrent Scan Root Regions
[2026-06-17T10:06:51.803+0800][31.454s][info][gc,marking  ] GC(1115) Concurrent Scan Root Regions 0.438ms
[2026-06-17T10:06:51.804+0800][31.454s][info][gc,marking  ] GC(1115) Concurrent Mark
[2026-06-17T10:06:51.805+0800][31.455s][info][gc,marking  ] GC(1115) Concurrent Mark From Roots
[2026-06-17T10:06:51.805+0800][31.456s][info][gc,task     ] GC(1115) Using 5 workers of 5 for marking
[2026-06-17T10:06:51.807+0800][31.457s][info][gc,marking  ] GC(1115) Concurrent Mark From Roots 1.972ms
[2026-06-17T10:06:51.807+0800][31.458s][info][gc,marking  ] GC(1115) Concurrent Preclean
[2026-06-17T10:06:51.807+0800][31.458s][info][gc,marking  ] GC(1115) Concurrent Preclean 0.332ms
[2026-06-17T10:06:51.808+0800][31.458s][info][gc,start    ] GC(1115) Pause Remark
[2026-06-17T10:06:51.808+0800][31.459s][info][gc          ] GC(1115) Pause Remark 44M->42M(64M) 0.650ms
[2026-06-17T10:06:51.809+0800][31.459s][info][gc,cpu      ] GC(1115) User=0.00s Sys=0.00s Real=0.00s
[2026-06-17T10:06:51.809+0800][31.460s][info][gc,marking  ] GC(1115) Concurrent Mark 5.280ms
[2026-06-17T10:06:51.810+0800][31.460s][info][gc,marking  ] GC(1115) Concurrent Rebuild Remembered Sets and Scrub Regions
[2026-06-17T10:06:51.810+0800][31.461s][info][gc,marking  ] GC(1115) Concurrent Rebuild Remembered Sets and Scrub Regions 0.949ms
[2026-06-17T10:06:51.811+0800][31.461s][info][gc,start    ] GC(1115) Pause Cleanup
[2026-06-17T10:06:51.811+0800][31.462s][info][gc          ] GC(1115) Pause Cleanup 42M->42M(64M) 0.496ms
[2026-06-17T10:06:51.812+0800][31.462s][info][gc,cpu      ] GC(1115) User=0.00s Sys=0.00s Real=0.00s
[2026-06-17T10:06:51.812+0800][31.463s][info][gc,marking  ] GC(1115) Concurrent Clear Claimed Marks
[2026-06-17T10:06:51.813+0800][31.463s][info][gc,marking  ] GC(1115) Concurrent Clear Claimed Marks 0.339ms
[2026-06-17T10:06:51.813+0800][31.463s][info][gc,marking  ] GC(1115) Concurrent Cleanup for Next Mark
[2026-06-17T10:06:51.813+0800][31.464s][info][gc,marking  ] GC(1115) Concurrent Cleanup for Next Mark 0.390ms
[2026-06-17T10:06:51.814+0800][31.464s][info][gc          ] GC(1115) Concurrent Mark Cycle 11.472ms
[2026-06-17T10:06:51.823+0800][31.474s][info][gc,start    ] GC(1116) Pause Young (Prepare Mixed) (G1 Evacuation Pause)
[2026-06-17T10:06:51.824+0800][31.475s][info][gc,task     ] GC(1116) Using 2 workers of 18 for evacuation
[2026-06-17T10:06:51.825+0800][31.476s][info][gc,phases   ] GC(1116)   Pre Evacuate Collection Set: 0.12ms
[2026-06-17T10:06:51.826+0800][31.476s][info][gc,phases   ] GC(1116)   Merge Heap Roots: 0.04ms
[2026-06-17T10:06:51.826+0800][31.477s][info][gc,phases   ] GC(1116)   Evacuate Collection Set: 0.19ms
[2026-06-17T10:06:51.826+0800][31.477s][info][gc,phases   ] GC(1116)   Post Evacuate Collection Set: 0.18ms
[2026-06-17T10:06:51.827+0800][31.477s][info][gc,phases   ] GC(1116)   Other: 0.51ms
[2026-06-17T10:06:51.827+0800][31.478s][info][gc,heap     ] GC(1116) Eden regions: 8->0(11)
[2026-06-17T10:06:51.827+0800][31.478s][info][gc,heap     ] GC(1116) Survivor regions: 2->1(2)
[2026-06-17T10:06:51.828+0800][31.478s][info][gc,heap     ] GC(1116) Old regions: 32->33
[2026-06-17T10:06:51.828+0800][31.479s][info][gc,heap     ] GC(1116) Humongous regions: 8->8
[2026-06-17T10:06:51.829+0800][31.479s][info][gc,metaspace] GC(1116) Metaspace: 116K(320K)->116K(320K) NonClass: 109K(192K)->109K(192K) Class: 7K(128K)->7K(128K)
[2026-06-17T10:06:51.829+0800][31.479s][info][gc          ] GC(1116) Pause Young (Prepare Mixed) (G1 Evacuation Pause) 49M->40M(64M) 5.421ms
[2026-06-17T10:06:51.829+0800][31.480s][info][gc,cpu      ] GC(1116) User=0.00s Sys=0.00s Real=0.00s
[2026-06-17T10:06:51.861+0800][31.511s][info][gc,start    ] GC(1117) Pause Young (Mixed) (G1 Evacuation Pause)
[2026-06-17T10:06:51.862+0800][31.512s][info][gc,task     ] GC(1117) Using 2 workers of 18 for evacuation
[2026-06-17T10:06:51.863+0800][31.514s][info][gc,phases   ] GC(1117)   Pre Evacuate Collection Set: 0.13ms
[2026-06-17T10:06:51.864+0800][31.514s][info][gc,phases   ] GC(1117)   Merge Heap Roots: 0.05ms
[2026-06-17T10:06:51.864+0800][31.515s][info][gc,phases   ] GC(1117)   Evacuate Collection Set: 0.50ms
[2026-06-17T10:06:51.865+0800][31.515s][info][gc,phases   ] GC(1117)   Post Evacuate Collection Set: 0.19ms
[2026-06-17T10:06:51.865+0800][31.516s][info][gc,phases   ] GC(1117)   Other: 0.51ms
[2026-06-17T10:06:51.866+0800][31.516s][info][gc,heap     ] GC(1117) Eden regions: 11->0(11)
[2026-06-17T10:06:51.866+0800][31.517s][info][gc,heap     ] GC(1117) Survivor regions: 1->2(2)
[2026-06-17T10:06:51.867+0800][31.517s][info][gc,heap     ] GC(1117) Old regions: 33->32
[2026-06-17T10:06:51.867+0800][31.518s][info][gc,heap     ] GC(1117) Humongous regions: 8->8
[2026-06-17T10:06:51.868+0800][31.518s][info][gc,metaspace] GC(1117) Metaspace: 116K(320K)->116K(320K) NonClass: 109K(192K)->109K(192K) Class: 7K(128K)->7K(128K)
[2026-06-17T10:06:51.868+0800][31.518s][info][gc          ] GC(1117) Pause Young (Mixed) (G1 Evacuation Pause) 51M->41M(64M) 6.997ms
[2026-06-17T10:06:51.868+0800][31.519s][info][gc,cpu      ] GC(1117) User=0.00s Sys=0.00s Real=0.01s
[2026-06-17T10:06:51.900+0800][31.550s][info][gc,start    ] GC(1118) Pause Young (Mixed) (G1 Evacuation Pause)
[2026-06-17T10:06:51.901+0800][31.551s][info][gc,task     ] GC(1118) Using 2 workers of 18 for evacuation
[2026-06-17T10:06:51.902+0800][31.553s][info][gc,phases   ] GC(1118)   Pre Evacuate Collection Set: 0.13ms
[2026-06-17T10:06:51.903+0800][31.554s][info][gc,phases   ] GC(1118)   Merge Heap Roots: 0.08ms
[2026-06-17T10:06:51.904+0800][31.554s][info][gc,phases   ] GC(1118)   Evacuate Collection Set: 0.52ms
[2026-06-17T10:06:51.904+0800][31.555s][info][gc,phases   ] GC(1118)   Post Evacuate Collection Set: 0.42ms
[2026-06-17T10:06:51.905+0800][31.555s][info][gc,phases   ] GC(1118)   Other: 0.70ms
[2026-06-17T10:06:51.905+0800][31.555s][info][gc,heap     ] GC(1118) Eden regions: 11->0(10)
[2026-06-17T10:06:51.905+0800][31.556s][info][gc,heap     ] GC(1118) Survivor regions: 2->2(2)
[2026-06-17T10:06:51.906+0800][31.556s][info][gc,heap     ] GC(1118) Old regions: 32->33
[2026-06-17T10:06:51.906+0800][31.557s][info][gc,heap     ] GC(1118) Humongous regions: 8->8
[2026-06-17T10:06:51.906+0800][31.557s][info][gc,metaspace] GC(1118) Metaspace: 116K(320K)->116K(320K) NonClass: 109K(192K)->109K(192K) Class: 7K(128K)->7K(128K)
[2026-06-17T10:06:51.907+0800][31.557s][info][gc          ] GC(1118) Pause Young (Mixed) (G1 Evacuation Pause) 52M->42M(64M) 7.018ms
[2026-06-17T10:06:51.908+0800][31.558s][info][gc,cpu      ] GC(1118) User=0.00s Sys=0.00s Real=0.01s
[2026-06-17T10:06:51.919+0800][31.570s][info][gc,start    ] GC(1119) Pause Young (Concurrent Start) (G1 Humongous Allocation)
[2026-06-17T10:06:51.920+0800][31.570s][info][gc,task     ] GC(1119) Using 2 workers of 18 for evacuation
[2026-06-17T10:06:51.921+0800][31.571s][info][gc,phases   ] GC(1119)   Pre Evacuate Collection Set: 0.17ms
[2026-06-17T10:06:51.921+0800][31.572s][info][gc,phases   ] GC(1119)   Merge Heap Roots: 0.04ms
[2026-06-17T10:06:51.922+0800][31.572s][info][gc,phases   ] GC(1119)   Evacuate Collection Set: 0.30ms
[2026-06-17T10:06:51.922+0800][31.573s][info][gc,phases   ] GC(1119)   Post Evacuate Collection Set: 0.17ms
[2026-06-17T10:06:51.923+0800][31.573s][info][gc,phases   ] GC(1119)   Other: 0.32ms
[2026-06-17T10:06:51.923+0800][31.574s][info][gc,heap     ] GC(1119) Eden regions: 8->0(9)
[2026-06-17T10:06:51.923+0800][31.574s][info][gc,heap     ] GC(1119) Survivor regions: 2->2(2)
[2026-06-17T10:06:51.924+0800][31.574s][info][gc,heap     ] GC(1119) Old regions: 33->35
[2026-06-17T10:06:51.924+0800][31.575s][info][gc,heap     ] GC(1119) Humongous regions: 8->8
[2026-06-17T10:06:51.925+0800][31.575s][info][gc,metaspace] GC(1119) Metaspace: 116K(320K)->116K(320K) NonClass: 109K(192K)->109K(192K) Class: 7K(128K)->7K(128K)
[2026-06-17T10:06:51.925+0800][31.576s][info][gc          ] GC(1119) Pause Young (Concurrent Start) (G1 Humongous Allocation) 50M->44M(64M) 5.863ms
[2026-06-17T10:06:51.926+0800][31.577s][info][gc,cpu      ] GC(1119) User=0.00s Sys=0.00s Real=0.01s
[2026-06-17T10:06:51.926+0800][31.577s][info][gc          ] GC(1120) Concurrent Mark Cycle
[2026-06-17T10:06:51.927+0800][31.577s][info][gc,marking  ] GC(1120) Concurrent Scan Root Regions
[2026-06-17T10:06:51.927+0800][31.578s][info][gc,marking  ] GC(1120) Concurrent Scan Root Regions 0.442ms
[2026-06-17T10:06:51.927+0800][31.578s][info][gc,marking  ] GC(1120) Concurrent Mark
[2026-06-17T10:06:51.928+0800][31.578s][info][gc,marking  ] GC(1120) Concurrent Mark From Roots
[2026-06-17T10:06:51.928+0800][31.579s][info][gc,task     ] GC(1120) Using 5 workers of 5 for marking
[2026-06-17T10:06:51.929+0800][31.580s][info][gc,marking  ] GC(1120) Concurrent Mark From Roots 1.569ms
[2026-06-17T10:06:51.930+0800][31.580s][info][gc,marking  ] GC(1120) Concurrent Preclean
[2026-06-17T10:06:51.930+0800][31.581s][info][gc,marking  ] GC(1120) Concurrent Preclean 0.322ms
[2026-06-17T10:06:51.930+0800][31.581s][info][gc,start    ] GC(1120) Pause Remark
[2026-06-17T10:06:51.932+0800][31.583s][info][gc          ] GC(1120) Pause Remark 45M->36M(64M) 1.575ms
[2026-06-17T10:06:51.932+0800][31.583s][info][gc,cpu      ] GC(1120) User=0.00s Sys=0.00s Real=0.01s
[2026-06-17T10:06:51.933+0800][31.583s][info][gc,marking  ] GC(1120) Concurrent Mark 5.381ms
[2026-06-17T10:06:51.933+0800][31.584s][info][gc,marking  ] GC(1120) Concurrent Rebuild Remembered Sets and Scrub Regions
[2026-06-17T10:06:51.934+0800][31.584s][info][gc,marking  ] GC(1120) Concurrent Rebuild Remembered Sets and Scrub Regions 0.749ms
[2026-06-17T10:06:51.934+0800][31.585s][info][gc,start    ] GC(1120) Pause Cleanup
[2026-06-17T10:06:51.935+0800][31.585s][info][gc          ] GC(1120) Pause Cleanup 36M->36M(64M) 0.359ms
[2026-06-17T10:06:51.935+0800][31.585s][info][gc,cpu      ] GC(1120) User=0.00s Sys=0.00s Real=0.00s
[2026-06-17T10:06:51.935+0800][31.586s][info][gc,marking  ] GC(1120) Concurrent Clear Claimed Marks
[2026-06-17T10:06:51.936+0800][31.586s][info][gc,marking  ] GC(1120) Concurrent Clear Claimed Marks 0.312ms
[2026-06-17T10:06:51.936+0800][31.587s][info][gc,marking  ] GC(1120) Concurrent Cleanup for Next Mark
[2026-06-17T10:06:51.936+0800][31.587s][info][gc,marking  ] GC(1120) Concurrent Cleanup for Next Mark 0.394ms
[2026-06-17T10:06:51.937+0800][31.587s][info][gc          ] GC(1120) Concurrent Mark Cycle 10.940ms
[2026-06-17T10:06:51.958+0800][31.608s][info][gc,start    ] GC(1121) Pause Young (Prepare Mixed) (G1 Evacuation Pause)
[2026-06-17T10:06:51.958+0800][31.609s][info][gc,task     ] GC(1121) Using 2 workers of 18 for evacuation
[2026-06-17T10:06:51.960+0800][31.610s][info][gc,phases   ] GC(1121)   Pre Evacuate Collection Set: 0.11ms
[2026-06-17T10:06:51.960+0800][31.611s][info][gc,phases   ] GC(1121)   Merge Heap Roots: 0.05ms
[2026-06-17T10:06:51.961+0800][31.612s][info][gc,phases   ] GC(1121)   Evacuate Collection Set: 0.35ms
[2026-06-17T10:06:51.962+0800][31.612s][info][gc,phases   ] GC(1121)   Post Evacuate Collection Set: 0.17ms
[2026-06-17T10:06:51.962+0800][31.613s][info][gc,phases   ] GC(1121)   Other: 0.71ms
[2026-06-17T10:06:51.963+0800][31.613s][info][gc,heap     ] GC(1121) Eden regions: 9->0(13)
[2026-06-17T10:06:51.963+0800][31.614s][info][gc,heap     ] GC(1121) Survivor regions: 2->2(2)
[2026-06-17T10:06:51.964+0800][31.614s][info][gc,heap     ] GC(1121) Old regions: 26->29
[2026-06-17T10:06:51.964+0800][31.615s][info][gc,heap     ] GC(1121) Humongous regions: 9->9
[2026-06-17T10:06:51.965+0800][31.616s][info][gc,metaspace] GC(1121) Metaspace: 116K(320K)->116K(320K) NonClass: 109K(192K)->109K(192K) Class: 7K(128K)->7K(128K)
[2026-06-17T10:06:51.966+0800][31.617s][info][gc          ] GC(1121) Pause Young (Prepare Mixed) (G1 Evacuation Pause) 45M->39M(64M) 8.781ms
[2026-06-17T10:06:51.967+0800][31.618s][info][gc,cpu      ] GC(1121) User=0.00s Sys=0.00s Real=0.01s
[2026-06-17T10:06:51.999+0800][31.650s][info][gc,start    ] GC(1122) Pause Young (Mixed) (G1 Evacuation Pause)
[2026-06-17T10:06:52.001+0800][31.651s][info][gc,task     ] GC(1122) Using 2 workers of 18 for evacuation
[2026-06-17T10:06:52.003+0800][31.653s][info][gc,phases   ] GC(1122)   Pre Evacuate Collection Set: 0.15ms
[2026-06-17T10:06:52.004+0800][31.654s][info][gc,phases   ] GC(1122)   Merge Heap Roots: 0.04ms
[2026-06-17T10:06:52.004+0800][31.655s][info][gc,phases   ] GC(1122)   Evacuate Collection Set: 0.43ms
[2026-06-17T10:06:52.005+0800][31.656s][info][gc,phases   ] GC(1122)   Post Evacuate Collection Set: 0.17ms
[2026-06-17T10:06:52.006+0800][31.656s][info][gc,phases   ] GC(1122)   Other: 1.12ms
[2026-06-17T10:06:52.006+0800][31.657s][info][gc,heap     ] GC(1122) Eden regions: 13->0(15)
[2026-06-17T10:06:52.007+0800][31.658s][info][gc,heap     ] GC(1122) Survivor regions: 2->2(2)
[2026-06-17T10:06:52.008+0800][31.658s][info][gc,heap     ] GC(1122) Old regions: 29->26
[2026-06-17T10:06:52.008+0800][31.659s][info][gc,heap     ] GC(1122) Humongous regions: 9->9
[2026-06-17T10:06:52.009+0800][31.660s][info][gc,metaspace] GC(1122) Metaspace: 116K(320K)->116K(320K) NonClass: 109K(192K)->109K(192K) Class: 7K(128K)->7K(128K)
[2026-06-17T10:06:52.010+0800][31.660s][info][gc          ] GC(1122) Pause Young (Mixed) (G1 Evacuation Pause) 52M->36M(64M) 10.380ms
[2026-06-17T10:06:52.011+0800][31.662s][info][gc,cpu      ] GC(1122) User=0.00s Sys=0.00s Real=0.02s
[2026-06-17T10:06:52.054+0800][31.704s][info][gc,start    ] GC(1123) Pause Young (Mixed) (G1 Evacuation Pause)
[2026-06-17T10:06:52.054+0800][31.705s][info][gc,task     ] GC(1123) Using 2 workers of 18 for evacuation
[2026-06-17T10:06:52.056+0800][31.707s][info][gc,phases   ] GC(1123)   Pre Evacuate Collection Set: 0.12ms
[2026-06-17T10:06:52.056+0800][31.707s][info][gc,phases   ] GC(1123)   Merge Heap Roots: 0.05ms
[2026-06-17T10:06:52.057+0800][31.707s][info][gc,phases   ] GC(1123)   Evacuate Collection Set: 0.68ms
[2026-06-17T10:06:52.057+0800][31.708s][info][gc,phases   ] GC(1123)   Post Evacuate Collection Set: 0.49ms
[2026-06-17T10:06:52.058+0800][31.709s][info][gc,phases   ] GC(1123)   Other: 0.57ms
[2026-06-17T10:06:52.059+0800][31.709s][info][gc,heap     ] GC(1123) Eden regions: 15->0(14)
[2026-06-17T10:06:52.059+0800][31.709s][info][gc,heap     ] GC(1123) Survivor regions: 2->3(3)
[2026-06-17T10:06:52.059+0800][31.710s][info][gc,heap     ] GC(1123) Old regions: 26->27
[2026-06-17T10:06:52.060+0800][31.710s][info][gc,heap     ] GC(1123) Humongous regions: 9->9
[2026-06-17T10:06:52.060+0800][31.711s][info][gc,metaspace] GC(1123) Metaspace: 116K(320K)->116K(320K) NonClass: 109K(192K)->109K(192K) Class: 7K(128K)->7K(128K)
[2026-06-17T10:06:52.062+0800][31.712s][info][gc          ] GC(1123) Pause Young (Mixed) (G1 Evacuation Pause) 51M->38M(64M) 8.113ms
[2026-06-17T10:06:52.062+0800][31.713s][info][gc,cpu      ] GC(1123) User=0.00s Sys=0.00s Real=0.00s
[2026-06-17T10:06:52.105+0800][31.756s][info][gc,start    ] GC(1124) Pause Young (Concurrent Start) (G1 Evacuation Pause)
[2026-06-17T10:06:52.106+0800][31.756s][info][gc,task     ] GC(1124) Using 2 workers of 18 for evacuation
[2026-06-17T10:06:52.108+0800][31.758s][info][gc,phases   ] GC(1124)   Pre Evacuate Collection Set: 0.31ms
[2026-06-17T10:06:52.108+0800][31.759s][info][gc,phases   ] GC(1124)   Merge Heap Roots: 0.07ms
[2026-06-17T10:06:52.109+0800][31.759s][info][gc,phases   ] GC(1124)   Evacuate Collection Set: 0.45ms
[2026-06-17T10:06:52.109+0800][31.760s][info][gc,phases   ] GC(1124)   Post Evacuate Collection Set: 0.32ms
[2026-06-17T10:06:52.110+0800][31.760s][info][gc,phases   ] GC(1124)   Other: 0.63ms
[2026-06-17T10:06:52.110+0800][31.761s][info][gc,heap     ] GC(1124) Eden regions: 14->0(12)
[2026-06-17T10:06:52.110+0800][31.761s][info][gc,heap     ] GC(1124) Survivor regions: 3->3(3)
[2026-06-17T10:06:52.111+0800][31.761s][info][gc,heap     ] GC(1124) Old regions: 27->29
[2026-06-17T10:06:52.111+0800][31.762s][info][gc,heap     ] GC(1124) Humongous regions: 9->9
[2026-06-17T10:06:52.112+0800][31.762s][info][gc,metaspace] GC(1124) Metaspace: 116K(320K)->116K(320K) NonClass: 109K(192K)->109K(192K) Class: 7K(128K)->7K(128K)
[2026-06-17T10:06:52.112+0800][31.763s][info][gc          ] GC(1124) Pause Young (Concurrent Start) (G1 Evacuation Pause) 52M->40M(64M) 7.036ms
[2026-06-17T10:06:52.113+0800][31.763s][info][gc,cpu      ] GC(1124) User=0.00s Sys=0.00s Real=0.01s
[2026-06-17T10:06:52.113+0800][31.763s][info][gc          ] GC(1125) Concurrent Mark Cycle
[2026-06-17T10:06:52.114+0800][31.764s][info][gc,marking  ] GC(1125) Concurrent Scan Root Regions
[2026-06-17T10:06:52.114+0800][31.765s][info][gc,marking  ] GC(1125) Concurrent Scan Root Regions 0.530ms
[2026-06-17T10:06:52.115+0800][31.765s][info][gc,marking  ] GC(1125) Concurrent Mark
[2026-06-17T10:06:52.115+0800][31.766s][info][gc,marking  ] GC(1125) Concurrent Mark From Roots
[2026-06-17T10:06:52.115+0800][31.766s][info][gc,task     ] GC(1125) Using 5 workers of 5 for marking
[2026-06-17T10:06:52.117+0800][31.767s][info][gc,marking  ] GC(1125) Concurrent Mark From Roots 1.721ms
[2026-06-17T10:06:52.117+0800][31.768s][info][gc,marking  ] GC(1125) Concurrent Preclean
[2026-06-17T10:06:52.118+0800][31.769s][info][gc,marking  ] GC(1125) Concurrent Preclean 0.601ms
[2026-06-17T10:06:52.119+0800][31.769s][info][gc,start    ] GC(1125) Pause Remark
[2026-06-17T10:06:52.120+0800][31.770s][info][gc          ] GC(1125) Pause Remark 45M->37M(64M) 1.082ms
[2026-06-17T10:06:52.120+0800][31.771s][info][gc,cpu      ] GC(1125) User=0.00s Sys=0.00s Real=0.00s
[2026-06-17T10:06:52.121+0800][31.771s][info][gc,marking  ] GC(1125) Concurrent Mark 5.976ms
[2026-06-17T10:06:52.121+0800][31.772s][info][gc,marking  ] GC(1125) Concurrent Rebuild Remembered Sets and Scrub Regions
[2026-06-17T10:06:52.122+0800][31.772s][info][gc,marking  ] GC(1125) Concurrent Rebuild Remembered Sets and Scrub Regions 0.910ms
[2026-06-17T10:06:52.123+0800][31.773s][info][gc,start    ] GC(1125) Pause Cleanup
[2026-06-17T10:06:52.123+0800][31.774s][info][gc          ] GC(1125) Pause Cleanup 37M->37M(64M) 0.458ms
[2026-06-17T10:06:52.124+0800][31.774s][info][gc,cpu      ] GC(1125) User=0.00s Sys=0.00s Real=0.00s
[2026-06-17T10:06:52.124+0800][31.775s][info][gc,marking  ] GC(1125) Concurrent Clear Claimed Marks
[2026-06-17T10:06:52.125+0800][31.775s][info][gc,marking  ] GC(1125) Concurrent Clear Claimed Marks 0.530ms
[2026-06-17T10:06:52.125+0800][31.776s][info][gc,marking  ] GC(1125) Concurrent Cleanup for Next Mark
[2026-06-17T10:06:52.126+0800][31.776s][info][gc,marking  ] GC(1125) Concurrent Cleanup for Next Mark 0.413ms
[2026-06-17T10:06:52.126+0800][31.777s][info][gc          ] GC(1125) Concurrent Mark Cycle 13.445ms
[2026-06-17T10:06:52.145+0800][31.796s][info][gc,start    ] GC(1126) Pause Young (Prepare Mixed) (G1 Evacuation Pause)
[2026-06-17T10:06:52.146+0800][31.796s][info][gc,task     ] GC(1126) Using 2 workers of 18 for evacuation
[2026-06-17T10:06:52.147+0800][31.798s][info][gc,phases   ] GC(1126)   Pre Evacuate Collection Set: 0.26ms
[2026-06-17T10:06:52.148+0800][31.798s][info][gc,phases   ] GC(1126)   Merge Heap Roots: 0.05ms
[2026-06-17T10:06:52.148+0800][31.799s][info][gc,phases   ] GC(1126)   Evacuate Collection Set: 0.36ms
[2026-06-17T10:06:52.149+0800][31.800s][info][gc,phases   ] GC(1126)   Post Evacuate Collection Set: 0.23ms
[2026-06-17T10:06:52.150+0800][31.800s][info][gc,phases   ] GC(1126)   Other: 0.53ms
[2026-06-17T10:06:52.150+0800][31.801s][info][gc,heap     ] GC(1126) Eden regions: 12->0(18)
[2026-06-17T10:06:52.150+0800][31.801s][info][gc,heap     ] GC(1126) Survivor regions: 3->2(2)
[2026-06-17T10:06:52.151+0800][31.801s][info][gc,heap     ] GC(1126) Old regions: 21->24
[2026-06-17T10:06:52.151+0800][31.802s][info][gc,heap     ] GC(1126) Humongous regions: 9->9
[2026-06-17T10:06:52.152+0800][31.802s][info][gc,metaspace] GC(1126) Metaspace: 116K(320K)->116K(320K) NonClass: 109K(192K)->109K(192K) Class: 7K(128K)->7K(128K)
[2026-06-17T10:06:52.152+0800][31.803s][info][gc          ] GC(1126) Pause Young (Prepare Mixed) (G1 Evacuation Pause) 44M->34M(64M) 6.839ms
[2026-06-17T10:06:52.152+0800][31.803s][info][gc,cpu      ] GC(1126) User=0.00s Sys=0.00s Real=0.01s
[2026-06-17T10:06:52.195+0800][31.845s][info][gc,start    ] GC(1127) Pause Young (Mixed) (G1 Evacuation Pause)
[2026-06-17T10:06:52.196+0800][31.847s][info][gc,task     ] GC(1127) Using 2 workers of 18 for evacuation
[2026-06-17T10:06:52.198+0800][31.849s][info][gc,phases   ] GC(1127)   Pre Evacuate Collection Set: 0.11ms
[2026-06-17T10:06:52.199+0800][31.850s][info][gc,phases   ] GC(1127)   Merge Heap Roots: 0.05ms
[2026-06-17T10:06:52.200+0800][31.850s][info][gc,phases   ] GC(1127)   Evacuate Collection Set: 0.65ms
[2026-06-17T10:06:52.201+0800][31.852s][info][gc,phases   ] GC(1127)   Post Evacuate Collection Set: 0.23ms
[2026-06-17T10:06:52.202+0800][31.853s][info][gc,phases   ] GC(1127)   Other: 0.95ms
[2026-06-17T10:06:52.203+0800][31.853s][info][gc,heap     ] GC(1127) Eden regions: 18->0(16)
[2026-06-17T10:06:52.203+0800][31.854s][info][gc,heap     ] GC(1127) Survivor regions: 2->3(3)
[2026-06-17T10:06:52.204+0800][31.854s][info][gc,heap     ] GC(1127) Old regions: 24->23
[2026-06-17T10:06:52.204+0800][31.855s][info][gc,heap     ] GC(1127) Humongous regions: 10->10
[2026-06-17T10:06:52.205+0800][31.855s][info][gc,metaspace] GC(1127) Metaspace: 116K(320K)->116K(320K) NonClass: 109K(192K)->109K(192K) Class: 7K(128K)->7K(128K)
[2026-06-17T10:06:52.205+0800][31.856s][info][gc          ] GC(1127) Pause Young (Mixed) (G1 Evacuation Pause) 53M->35M(64M) 10.654ms
[2026-06-17T10:06:52.207+0800][31.857s][info][gc,cpu      ] GC(1127) User=0.00s Sys=0.00s Real=0.01s
[2026-06-17T10:06:52.250+0800][31.900s][info][gc,start    ] GC(1128) Pause Young (Mixed) (G1 Evacuation Pause)
[2026-06-17T10:06:52.251+0800][31.901s][info][gc,task     ] GC(1128) Using 2 workers of 18 for evacuation
[2026-06-17T10:06:52.253+0800][31.903s][info][gc,phases   ] GC(1128)   Pre Evacuate Collection Set: 0.14ms
[2026-06-17T10:06:52.253+0800][31.904s][info][gc,phases   ] GC(1128)   Merge Heap Roots: 0.06ms
[2026-06-17T10:06:52.254+0800][31.905s][info][gc,phases   ] GC(1128)   Evacuate Collection Set: 0.50ms
[2026-06-17T10:06:52.255+0800][31.905s][info][gc,phases   ] GC(1128)   Post Evacuate Collection Set: 0.68ms
[2026-06-17T10:06:52.255+0800][31.906s][info][gc,phases   ] GC(1128)   Other: 0.69ms
[2026-06-17T10:06:52.256+0800][31.906s][info][gc,heap     ] GC(1128) Eden regions: 16->0(14)
[2026-06-17T10:06:52.256+0800][31.907s][info][gc,heap     ] GC(1128) Survivor regions: 3->3(3)
[2026-06-17T10:06:52.257+0800][31.908s][info][gc,heap     ] GC(1128) Old regions: 23->25
[2026-06-17T10:06:52.257+0800][31.908s][info][gc,heap     ] GC(1128) Humongous regions: 10->10
[2026-06-17T10:06:52.258+0800][31.909s][info][gc,metaspace] GC(1128) Metaspace: 116K(320K)->116K(320K) NonClass: 109K(192K)->109K(192K) Class: 7K(128K)->7K(128K)
[2026-06-17T10:06:52.259+0800][31.909s][info][gc          ] GC(1128) Pause Young (Mixed) (G1 Evacuation Pause) 51M->37M(64M) 9.016ms
[2026-06-17T10:06:52.261+0800][31.912s][info][gc,cpu      ] GC(1128) User=0.00s Sys=0.00s Real=0.01s
[2026-06-17T10:06:52.293+0800][31.944s][info][gc,start    ] GC(1129) Pause Young (Concurrent Start) (G1 Evacuation Pause)
[2026-06-17T10:06:52.295+0800][31.945s][info][gc,task     ] GC(1129) Using 2 workers of 18 for evacuation
[2026-06-17T10:06:52.297+0800][31.948s][info][gc,phases   ] GC(1129)   Pre Evacuate Collection Set: 0.31ms
[2026-06-17T10:06:52.298+0800][31.949s][info][gc,phases   ] GC(1129)   Merge Heap Roots: 0.07ms
[2026-06-17T10:06:52.299+0800][31.950s][info][gc,phases   ] GC(1129)   Evacuate Collection Set: 0.62ms
[2026-06-17T10:06:52.300+0800][31.950s][info][gc,phases   ] GC(1129)   Post Evacuate Collection Set: 0.52ms
[2026-06-17T10:06:52.300+0800][31.951s][info][gc,phases   ] GC(1129)   Other: 0.98ms
[2026-06-17T10:06:52.301+0800][31.951s][info][gc,heap     ] GC(1129) Eden regions: 14->0(11)
[2026-06-17T10:06:52.302+0800][31.952s][info][gc,heap     ] GC(1129) Survivor regions: 3->3(3)
[2026-06-17T10:06:52.302+0800][31.953s][info][gc,heap     ] GC(1129) Old regions: 25->29
[2026-06-17T10:06:52.303+0800][31.954s][info][gc,heap     ] GC(1129) Humongous regions: 10->10
[2026-06-17T10:06:52.304+0800][31.954s][info][gc,metaspace] GC(1129) Metaspace: 116K(320K)->116K(320K) NonClass: 109K(192K)->109K(192K) Class: 7K(128K)->7K(128K)
[2026-06-17T10:06:52.304+0800][31.955s][info][gc          ] GC(1129) Pause Young (Concurrent Start) (G1 Evacuation Pause) 51M->41M(64M) 10.668ms
[2026-06-17T10:06:52.305+0800][31.956s][info][gc,cpu      ] GC(1129) User=0.00s Sys=0.00s Real=0.01s
[2026-06-17T10:06:52.305+0800][31.956s][info][gc          ] GC(1130) Concurrent Mark Cycle
[2026-06-17T10:06:52.306+0800][31.957s][info][gc,marking  ] GC(1130) Concurrent Scan Root Regions
[2026-06-17T10:06:52.307+0800][31.958s][info][gc,marking  ] GC(1130) Concurrent Scan Root Regions 0.640ms
[2026-06-17T10:06:52.308+0800][31.958s][info][gc,marking  ] GC(1130) Concurrent Mark
[2026-06-17T10:06:52.308+0800][31.959s][info][gc,marking  ] GC(1130) Concurrent Mark From Roots
[2026-06-17T10:06:52.309+0800][31.959s][info][gc,task     ] GC(1130) Using 5 workers of 5 for marking
[2026-06-17T10:06:52.311+0800][31.962s][info][gc,marking  ] GC(1130) Concurrent Mark From Roots 2.970ms
[2026-06-17T10:06:52.312+0800][31.962s][info][gc,marking  ] GC(1130) Concurrent Preclean
[2026-06-17T10:06:52.312+0800][31.963s][info][gc,marking  ] GC(1130) Concurrent Preclean 0.631ms
[2026-06-17T10:06:52.313+0800][31.964s][info][gc,start    ] GC(1130) Pause Remark
[2026-06-17T10:06:52.314+0800][31.964s][info][gc          ] GC(1130) Pause Remark 42M->35M(64M) 0.795ms
[2026-06-17T10:06:52.314+0800][31.965s][info][gc,cpu      ] GC(1130) User=0.00s Sys=0.00s Real=0.00s
[2026-06-17T10:06:52.315+0800][31.965s][info][gc,marking  ] GC(1130) Concurrent Mark 7.380ms
[2026-06-17T10:06:52.315+0800][31.966s][info][gc,marking  ] GC(1130) Concurrent Rebuild Remembered Sets and Scrub Regions
[2026-06-17T10:06:52.316+0800][31.967s][info][gc,marking  ] GC(1130) Concurrent Rebuild Remembered Sets and Scrub Regions 0.942ms
[2026-06-17T10:06:52.317+0800][31.967s][info][gc,start    ] GC(1130) Pause Cleanup
[2026-06-17T10:06:52.317+0800][31.968s][info][gc          ] GC(1130) Pause Cleanup 40M->40M(64M) 0.559ms
[2026-06-17T10:06:52.318+0800][31.968s][info][gc,cpu      ] GC(1130) User=0.00s Sys=0.00s Real=0.00s
[2026-06-17T10:06:52.318+0800][31.969s][info][gc,marking  ] GC(1130) Concurrent Clear Claimed Marks
[2026-06-17T10:06:52.318+0800][31.969s][info][gc,marking  ] GC(1130) Concurrent Clear Claimed Marks 0.287ms
[2026-06-17T10:06:52.319+0800][31.969s][info][gc,marking  ] GC(1130) Concurrent Cleanup for Next Mark
[2026-06-17T10:06:52.319+0800][31.970s][info][gc,marking  ] GC(1130) Concurrent Cleanup for Next Mark 0.643ms
[2026-06-17T10:06:52.320+0800][31.970s][info][gc          ] GC(1130) Concurrent Mark Cycle 14.769ms
[2026-06-17T10:06:52.337+0800][31.988s][info][gc,start    ] GC(1131) Pause Young (Prepare Mixed) (G1 Evacuation Pause)
[2026-06-17T10:06:52.338+0800][31.989s][info][gc,task     ] GC(1131) Using 2 workers of 18 for evacuation
[2026-06-17T10:06:52.339+0800][31.990s][info][gc,phases   ] GC(1131)   Pre Evacuate Collection Set: 0.10ms
[2026-06-17T10:06:52.340+0800][31.991s][info][gc,phases   ] GC(1131)   Merge Heap Roots: 0.05ms
[2026-06-17T10:06:52.341+0800][31.991s][info][gc,phases   ] GC(1131)   Evacuate Collection Set: 0.35ms
[2026-06-17T10:06:52.341+0800][31.992s][info][gc,phases   ] GC(1131)   Post Evacuate Collection Set: 0.22ms
[2026-06-17T10:06:52.342+0800][31.993s][info][gc,phases   ] GC(1131)   Other: 0.53ms
[2026-06-17T10:06:52.343+0800][31.993s][info][gc,heap     ] GC(1131) Eden regions: 11->0(15)
[2026-06-17T10:06:52.344+0800][31.994s][info][gc,heap     ] GC(1131) Survivor regions: 3->2(2)
[2026-06-17T10:06:52.344+0800][31.994s][info][gc,heap     ] GC(1131) Old regions: 22->25
[2026-06-17T10:06:52.346+0800][31.996s][info][gc,heap     ] GC(1131) Humongous regions: 10->10
[2026-06-17T10:06:52.347+0800][31.997s][info][gc,metaspace] GC(1131) Metaspace: 116K(320K)->116K(320K) NonClass: 109K(192K)->109K(192K) Class: 7K(128K)->7K(128K)
[2026-06-17T10:06:52.348+0800][31.998s][info][gc          ] GC(1131) Pause Young (Prepare Mixed) (G1 Evacuation Pause) 45M->36M(64M) 10.489ms
[2026-06-17T10:06:52.348+0800][31.999s][info][gc,cpu      ] GC(1131) User=0.00s Sys=0.00s Real=0.01s
[2026-06-17T10:06:52.381+0800][32.032s][info][gc,start    ] GC(1132) Pause Young (Mixed) (G1 Evacuation Pause)
[2026-06-17T10:06:52.382+0800][32.033s][info][gc,task     ] GC(1132) Using 2 workers of 18 for evacuation
[2026-06-17T10:06:52.384+0800][32.034s][info][gc,phases   ] GC(1132)   Pre Evacuate Collection Set: 0.13ms
[2026-06-17T10:06:52.384+0800][32.035s][info][gc,phases   ] GC(1132)   Merge Heap Roots: 0.07ms
[2026-06-17T10:06:52.385+0800][32.035s][info][gc,phases   ] GC(1132)   Evacuate Collection Set: 0.51ms
[2026-06-17T10:06:52.385+0800][32.036s][info][gc,phases   ] GC(1132)   Post Evacuate Collection Set: 0.28ms
[2026-06-17T10:06:52.386+0800][32.036s][info][gc,phases   ] GC(1132)   Other: 0.50ms
[2026-06-17T10:06:52.386+0800][32.037s][info][gc,heap     ] GC(1132) Eden regions: 15->0(14)
[2026-06-17T10:06:52.387+0800][32.038s][info][gc,heap     ] GC(1132) Survivor regions: 2->3(3)
[2026-06-17T10:06:52.387+0800][32.038s][info][gc,heap     ] GC(1132) Old regions: 25->24
[2026-06-17T10:06:52.388+0800][32.038s][info][gc,heap     ] GC(1132) Humongous regions: 10->10
[2026-06-17T10:06:52.388+0800][32.039s][info][gc,metaspace] GC(1132) Metaspace: 116K(320K)->116K(320K) NonClass: 109K(192K)->109K(192K) Class: 7K(128K)->7K(128K)
[2026-06-17T10:06:52.388+0800][32.039s][info][gc          ] GC(1132) Pause Young (Mixed) (G1 Evacuation Pause) 51M->36M(64M) 7.225ms
[2026-06-17T10:06:52.389+0800][32.039s][info][gc,cpu      ] GC(1132) User=0.00s Sys=0.00s Real=0.01s
[2026-06-17T10:06:52.389+0800][32.040s][info][gc,start    ] GC(1133) Pause Young (Concurrent Start) (G1 Humongous Allocation)
[2026-06-17T10:06:52.390+0800][32.040s][info][gc,task     ] GC(1133) Using 2 workers of 18 for evacuation
[2026-06-17T10:06:52.391+0800][32.041s][info][gc,phases   ] GC(1133)   Pre Evacuate Collection Set: 0.20ms
[2026-06-17T10:06:52.391+0800][32.041s][info][gc,phases   ] GC(1133)   Merge Heap Roots: 0.05ms
[2026-06-17T10:06:52.391+0800][32.042s][info][gc,phases   ] GC(1133)   Evacuate Collection Set: 0.15ms
[2026-06-17T10:06:52.393+0800][32.043s][info][gc,phases   ] GC(1133)   Post Evacuate Collection Set: 0.15ms
[2026-06-17T10:06:52.393+0800][32.043s][info][gc,phases   ] GC(1133)   Other: 0.40ms
[2026-06-17T10:06:52.393+0800][32.044s][info][gc,heap     ] GC(1133) Eden regions: 1->0(18)
[2026-06-17T10:06:52.394+0800][32.045s][info][gc,heap     ] GC(1133) Survivor regions: 3->0(3)
[2026-06-17T10:06:52.394+0800][32.045s][info][gc,heap     ] GC(1133) Old regions: 24->25
[2026-06-17T10:06:52.395+0800][32.046s][info][gc,heap     ] GC(1133) Humongous regions: 10->10
[2026-06-17T10:06:52.396+0800][32.046s][info][gc,metaspace] GC(1133) Metaspace: 116K(320K)->116K(320K) NonClass: 109K(192K)->109K(192K) Class: 7K(128K)->7K(128K)
[2026-06-17T10:06:52.397+0800][32.048s][info][gc          ] GC(1133) Pause Young (Concurrent Start) (G1 Humongous Allocation) 36M->34M(64M) 8.240ms
[2026-06-17T10:06:52.398+0800][32.048s][info][gc,cpu      ] GC(1133) User=0.00s Sys=0.00s Real=0.01s
[2026-06-17T10:06:52.398+0800][32.048s][info][gc          ] GC(1134) Concurrent Mark Cycle
[2026-06-17T10:06:52.400+0800][32.050s][info][gc,marking  ] GC(1134) Concurrent Scan Root Regions
[2026-06-17T10:06:52.400+0800][32.051s][info][gc,marking  ] GC(1134) Concurrent Scan Root Regions 0.839ms
[2026-06-17T10:06:52.401+0800][32.052s][info][gc,marking  ] GC(1134) Concurrent Mark
[2026-06-17T10:06:52.402+0800][32.052s][info][gc,marking  ] GC(1134) Concurrent Mark From Roots
[2026-06-17T10:06:52.402+0800][32.052s][info][gc,task     ] GC(1134) Using 5 workers of 5 for marking
[2026-06-17T10:06:52.403+0800][32.054s][info][gc,marking  ] GC(1134) Concurrent Mark From Roots 1.744ms
[2026-06-17T10:06:52.404+0800][32.054s][info][gc,marking  ] GC(1134) Concurrent Preclean
[2026-06-17T10:06:52.404+0800][32.055s][info][gc,marking  ] GC(1134) Concurrent Preclean 0.630ms
[2026-06-17T10:06:52.405+0800][32.055s][info][gc,start    ] GC(1134) Pause Remark
[2026-06-17T10:06:52.406+0800][32.056s][info][gc          ] GC(1134) Pause Remark 37M->37M(64M) 0.783ms
[2026-06-17T10:06:52.406+0800][32.057s][info][gc,cpu      ] GC(1134) User=0.00s Sys=0.00s Real=0.00s
[2026-06-17T10:06:52.407+0800][32.057s][info][gc,marking  ] GC(1134) Concurrent Mark 5.345ms
[2026-06-17T10:06:52.407+0800][32.058s][info][gc,marking  ] GC(1134) Concurrent Rebuild Remembered Sets and Scrub Regions
[2026-06-17T10:06:52.408+0800][32.059s][info][gc,marking  ] GC(1134) Concurrent Rebuild Remembered Sets and Scrub Regions 0.979ms
[2026-06-17T10:06:52.409+0800][32.060s][info][gc,start    ] GC(1134) Pause Cleanup
[2026-06-17T10:06:52.410+0800][32.060s][info][gc          ] GC(1134) Pause Cleanup 37M->37M(64M) 0.541ms
[2026-06-17T10:06:52.410+0800][32.061s][info][gc,cpu      ] GC(1134) User=0.00s Sys=0.00s Real=0.01s
[2026-06-17T10:06:52.411+0800][32.061s][info][gc,marking  ] GC(1134) Concurrent Clear Claimed Marks
[2026-06-17T10:06:52.411+0800][32.062s][info][gc,marking  ] GC(1134) Concurrent Clear Claimed Marks 0.347ms
[2026-06-17T10:06:52.411+0800][32.062s][info][gc,marking  ] GC(1134) Concurrent Cleanup for Next Mark
[2026-06-17T10:06:52.412+0800][32.063s][info][gc,marking  ] GC(1134) Concurrent Cleanup for Next Mark 0.554ms
[2026-06-17T10:06:52.412+0800][32.063s][info][gc          ] GC(1134) Concurrent Mark Cycle 14.576ms
[2026-06-17T10:06:52.453+0800][32.104s][info][gc,start    ] GC(1135) Pause Young (Prepare Mixed) (G1 Evacuation Pause)
[2026-06-17T10:06:52.455+0800][32.106s][info][gc,task     ] GC(1135) Using 2 workers of 18 for evacuation
[2026-06-17T10:06:52.457+0800][32.107s][info][gc,phases   ] GC(1135)   Pre Evacuate Collection Set: 0.14ms
[2026-06-17T10:06:52.457+0800][32.108s][info][gc,phases   ] GC(1135)   Merge Heap Roots: 0.07ms
[2026-06-17T10:06:52.458+0800][32.109s][info][gc,phases   ] GC(1135)   Evacuate Collection Set: 0.34ms
[2026-06-17T10:06:52.459+0800][32.109s][info][gc,phases   ] GC(1135)   Post Evacuate Collection Set: 0.26ms
[2026-06-17T10:06:52.459+0800][32.110s][info][gc,phases   ] GC(1135)   Other: 0.71ms
[2026-06-17T10:06:52.460+0800][32.110s][info][gc,heap     ] GC(1135) Eden regions: 18->0(12)
[2026-06-17T10:06:52.460+0800][32.110s][info][gc,heap     ] GC(1135) Survivor regions: 0->3(3)
[2026-06-17T10:06:52.461+0800][32.111s][info][gc,heap     ] GC(1135) Old regions: 25->27
[2026-06-17T10:06:52.461+0800][32.112s][info][gc,heap     ] GC(1135) Humongous regions: 12->12
[2026-06-17T10:06:52.463+0800][32.113s][info][gc,metaspace] GC(1135) Metaspace: 116K(320K)->116K(320K) NonClass: 109K(192K)->109K(192K) Class: 7K(128K)->7K(128K)
[2026-06-17T10:06:52.463+0800][32.113s][info][gc          ] GC(1135) Pause Young (Prepare Mixed) (G1 Evacuation Pause) 54M->41M(64M) 9.665ms
[2026-06-17T10:06:52.465+0800][32.115s][info][gc,cpu      ] GC(1135) User=0.00s Sys=0.00s Real=0.01s
[2026-06-17T10:06:52.496+0800][32.147s][info][gc,start    ] GC(1136) Pause Young (Mixed) (G1 Evacuation Pause)
[2026-06-17T10:06:52.497+0800][32.148s][info][gc,task     ] GC(1136) Using 2 workers of 18 for evacuation
[2026-06-17T10:06:52.499+0800][32.149s][info][gc,phases   ] GC(1136)   Pre Evacuate Collection Set: 0.18ms
[2026-06-17T10:06:52.499+0800][32.150s][info][gc,phases   ] GC(1136)   Merge Heap Roots: 0.06ms
[2026-06-17T10:06:52.500+0800][32.151s][info][gc,phases   ] GC(1136)   Evacuate Collection Set: 0.50ms
[2026-06-17T10:06:52.501+0800][32.151s][info][gc,phases   ] GC(1136)   Post Evacuate Collection Set: 0.46ms
[2026-06-17T10:06:52.501+0800][32.152s][info][gc,phases   ] GC(1136)   Other: 0.64ms
[2026-06-17T10:06:52.502+0800][32.152s][info][gc,heap     ] GC(1136) Eden regions: 12->0(14)
[2026-06-17T10:06:52.502+0800][32.153s][info][gc,heap     ] GC(1136) Survivor regions: 3->2(2)
[2026-06-17T10:06:52.503+0800][32.153s][info][gc,heap     ] GC(1136) Old regions: 27->26
[2026-06-17T10:06:52.503+0800][32.154s][info][gc,heap     ] GC(1136) Humongous regions: 12->12
[2026-06-17T10:06:52.503+0800][32.154s][info][gc,metaspace] GC(1136) Metaspace: 116K(320K)->116K(320K) NonClass: 109K(192K)->109K(192K) Class: 7K(128K)->7K(128K)
[2026-06-17T10:06:52.504+0800][32.154s][info][gc          ] GC(1136) Pause Young (Mixed) (G1 Evacuation Pause) 53M->39M(64M) 7.475ms
[2026-06-17T10:06:52.504+0800][32.155s][info][gc,cpu      ] GC(1136) User=0.00s Sys=0.00s Real=0.01s
[2026-06-17T10:06:52.536+0800][32.187s][info][gc,start    ] GC(1137) Pause Young (Concurrent Start) (G1 Evacuation Pause)
[2026-06-17T10:06:52.537+0800][32.188s][info][gc,task     ] GC(1137) Using 2 workers of 18 for evacuation
[2026-06-17T10:06:52.539+0800][32.190s][info][gc,phases   ] GC(1137)   Pre Evacuate Collection Set: 0.36ms
[2026-06-17T10:06:52.539+0800][32.190s][info][gc,phases   ] GC(1137)   Merge Heap Roots: 0.05ms
[2026-06-17T10:06:52.540+0800][32.190s][info][gc,phases   ] GC(1137)   Evacuate Collection Set: 0.64ms
[2026-06-17T10:06:52.540+0800][32.191s][info][gc,phases   ] GC(1137)   Post Evacuate Collection Set: 0.34ms
[2026-06-17T10:06:52.540+0800][32.191s][info][gc,phases   ] GC(1137)   Other: 0.57ms
[2026-06-17T10:06:52.541+0800][32.191s][info][gc,heap     ] GC(1137) Eden regions: 14->0(9)
[2026-06-17T10:06:52.541+0800][32.192s][info][gc,heap     ] GC(1137) Survivor regions: 2->2(2)
[2026-06-17T10:06:52.541+0800][32.192s][info][gc,heap     ] GC(1137) Old regions: 26->31
[2026-06-17T10:06:52.542+0800][32.192s][info][gc,heap     ] GC(1137) Humongous regions: 12->12
[2026-06-17T10:06:52.542+0800][32.193s][info][gc,metaspace] GC(1137) Metaspace: 116K(320K)->116K(320K) NonClass: 109K(192K)->109K(192K) Class: 7K(128K)->7K(128K)
[2026-06-17T10:06:52.542+0800][32.193s][info][gc          ] GC(1137) Pause Young (Concurrent Start) (G1 Evacuation Pause) 53M->44M(64M) 5.998ms
[2026-06-17T10:06:52.543+0800][32.193s][info][gc,cpu      ] GC(1137) User=0.00s Sys=0.01s Real=0.01s
[2026-06-17T10:06:52.543+0800][32.193s][info][gc          ] GC(1138) Concurrent Mark Cycle
[2026-06-17T10:06:52.543+0800][32.194s][info][gc,marking  ] GC(1138) Concurrent Scan Root Regions
[2026-06-17T10:06:52.544+0800][32.194s][info][gc,marking  ] GC(1138) Concurrent Scan Root Regions 0.310ms
[2026-06-17T10:06:52.544+0800][32.195s][info][gc,marking  ] GC(1138) Concurrent Mark
[2026-06-17T10:06:52.544+0800][32.195s][info][gc,marking  ] GC(1138) Concurrent Mark From Roots
[2026-06-17T10:06:52.545+0800][32.195s][info][gc,task     ] GC(1138) Using 5 workers of 5 for marking
[2026-06-17T10:06:52.546+0800][32.197s][info][gc,marking  ] GC(1138) Concurrent Mark From Roots 1.765ms
[2026-06-17T10:06:52.547+0800][32.197s][info][gc,marking  ] GC(1138) Concurrent Preclean
[2026-06-17T10:06:52.547+0800][32.197s][info][gc,marking  ] GC(1138) Concurrent Preclean 0.244ms
[2026-06-17T10:06:52.547+0800][32.198s][info][gc,start    ] GC(1138) Pause Remark
[2026-06-17T10:06:52.548+0800][32.198s][info][gc          ] GC(1138) Pause Remark 45M->38M(64M) 0.781ms
[2026-06-17T10:06:52.548+0800][32.199s][info][gc,cpu      ] GC(1138) User=0.00s Sys=0.00s Real=0.00s
[2026-06-17T10:06:52.548+0800][32.199s][info][gc,marking  ] GC(1138) Concurrent Mark 4.281ms
[2026-06-17T10:06:52.549+0800][32.199s][info][gc,marking  ] GC(1138) Concurrent Rebuild Remembered Sets and Scrub Regions
[2026-06-17T10:06:52.549+0800][32.200s][info][gc,marking  ] GC(1138) Concurrent Rebuild Remembered Sets and Scrub Regions 0.637ms
[2026-06-17T10:06:52.550+0800][32.200s][info][gc,start    ] GC(1138) Pause Cleanup
[2026-06-17T10:06:52.550+0800][32.201s][info][gc          ] GC(1138) Pause Cleanup 38M->38M(64M) 0.383ms
[2026-06-17T10:06:52.550+0800][32.201s][info][gc,cpu      ] GC(1138) User=0.00s Sys=0.00s Real=0.00s
[2026-06-17T10:06:52.551+0800][32.201s][info][gc,marking  ] GC(1138) Concurrent Clear Claimed Marks
[2026-06-17T10:06:52.551+0800][32.201s][info][gc,marking  ] GC(1138) Concurrent Clear Claimed Marks 0.149ms
[2026-06-17T10:06:52.551+0800][32.201s][info][gc,marking  ] GC(1138) Concurrent Cleanup for Next Mark
[2026-06-17T10:06:52.551+0800][32.202s][info][gc,marking  ] GC(1138) Concurrent Cleanup for Next Mark 0.381ms
[2026-06-17T10:06:52.551+0800][32.202s][info][gc          ] GC(1138) Concurrent Mark Cycle 8.736ms
[2026-06-17T10:06:52.564+0800][32.215s][info][gc,start    ] GC(1139) Pause Young (Prepare Mixed) (G1 Evacuation Pause)
[2026-06-17T10:06:52.565+0800][32.215s][info][gc,task     ] GC(1139) Using 2 workers of 18 for evacuation
[2026-06-17T10:06:52.566+0800][32.216s][info][gc,phases   ] GC(1139)   Pre Evacuate Collection Set: 0.12ms
[2026-06-17T10:06:52.566+0800][32.217s][info][gc,phases   ] GC(1139)   Merge Heap Roots: 0.04ms
[2026-06-17T10:06:52.567+0800][32.217s][info][gc,phases   ] GC(1139)   Evacuate Collection Set: 0.24ms
[2026-06-17T10:06:52.567+0800][32.217s][info][gc,phases   ] GC(1139)   Post Evacuate Collection Set: 0.23ms
[2026-06-17T10:06:52.567+0800][32.218s][info][gc,phases   ] GC(1139)   Other: 0.37ms
[2026-06-17T10:06:52.567+0800][32.218s][info][gc,heap     ] GC(1139) Eden regions: 9->0(15)
[2026-06-17T10:06:52.568+0800][32.218s][info][gc,heap     ] GC(1139) Survivor regions: 2->2(2)
[2026-06-17T10:06:52.568+0800][32.218s][info][gc,heap     ] GC(1139) Old regions: 24->25
[2026-06-17T10:06:52.568+0800][32.219s][info][gc,heap     ] GC(1139) Humongous regions: 12->12
[2026-06-17T10:06:52.569+0800][32.219s][info][gc,metaspace] GC(1139) Metaspace: 116K(320K)->116K(320K) NonClass: 109K(192K)->109K(192K) Class: 7K(128K)->7K(128K)
[2026-06-17T10:06:52.569+0800][32.219s][info][gc          ] GC(1139) Pause Young (Prepare Mixed) (G1 Evacuation Pause) 45M->38M(64M) 4.663ms
[2026-06-17T10:06:52.569+0800][32.220s][info][gc,cpu      ] GC(1139) User=0.00s Sys=0.00s Real=0.00s
[2026-06-17T10:06:52.611+0800][32.262s][info][gc,start    ] GC(1140) Pause Young (Mixed) (G1 Evacuation Pause)
[2026-06-17T10:06:52.612+0800][32.262s][info][gc,task     ] GC(1140) Using 2 workers of 18 for evacuation
[2026-06-17T10:06:52.613+0800][32.264s][info][gc,phases   ] GC(1140)   Pre Evacuate Collection Set: 0.13ms
[2026-06-17T10:06:52.613+0800][32.264s][info][gc,phases   ] GC(1140)   Merge Heap Roots: 0.05ms
[2026-06-17T10:06:52.614+0800][32.264s][info][gc,phases   ] GC(1140)   Evacuate Collection Set: 0.43ms
[2026-06-17T10:06:52.614+0800][32.265s][info][gc,phases   ] GC(1140)   Post Evacuate Collection Set: 0.20ms
[2026-06-17T10:06:52.614+0800][32.265s][info][gc,phases   ] GC(1140)   Other: 0.39ms
[2026-06-17T10:06:52.615+0800][32.265s][info][gc,heap     ] GC(1140) Eden regions: 15->0(14)
[2026-06-17T10:06:52.615+0800][32.265s][info][gc,heap     ] GC(1140) Survivor regions: 2->3(3)
[2026-06-17T10:06:52.615+0800][32.266s][info][gc,heap     ] GC(1140) Old regions: 25->25
[2026-06-17T10:06:52.616+0800][32.266s][info][gc,heap     ] GC(1140) Humongous regions: 12->12
[2026-06-17T10:06:52.616+0800][32.267s][info][gc,metaspace] GC(1140) Metaspace: 116K(320K)->116K(320K) NonClass: 109K(192K)->109K(192K) Class: 7K(128K)->7K(128K)
[2026-06-17T10:06:52.616+0800][32.267s][info][gc          ] GC(1140) Pause Young (Mixed) (G1 Evacuation Pause) 53M->39M(64M) 5.098ms
[2026-06-17T10:06:52.617+0800][32.267s][info][gc,cpu      ] GC(1140) User=0.00s Sys=0.00s Real=0.00s
[2026-06-17T10:06:52.617+0800][32.268s][info][gc,start    ] GC(1141) Pause Young (Concurrent Start) (G1 Humongous Allocation)
[2026-06-17T10:06:52.618+0800][32.268s][info][gc,task     ] GC(1141) Using 2 workers of 18 for evacuation
[2026-06-17T10:06:52.619+0800][32.269s][info][gc,phases   ] GC(1141)   Pre Evacuate Collection Set: 0.20ms
[2026-06-17T10:06:52.619+0800][32.270s][info][gc,phases   ] GC(1141)   Merge Heap Roots: 0.05ms
[2026-06-17T10:06:52.619+0800][32.270s][info][gc,phases   ] GC(1141)   Evacuate Collection Set: 0.21ms
[2026-06-17T10:06:52.620+0800][32.270s][info][gc,phases   ] GC(1141)   Post Evacuate Collection Set: 0.19ms
[2026-06-17T10:06:52.620+0800][32.270s][info][gc,phases   ] GC(1141)   Other: 0.36ms
[2026-06-17T10:06:52.620+0800][32.271s][info][gc,heap     ] GC(1141) Eden regions: 2->0(16)
[2026-06-17T10:06:52.620+0800][32.271s][info][gc,heap     ] GC(1141) Survivor regions: 3->0(3)
[2026-06-17T10:06:52.621+0800][32.271s][info][gc,heap     ] GC(1141) Old regions: 25->27
[2026-06-17T10:06:52.621+0800][32.271s][info][gc,heap     ] GC(1141) Humongous regions: 12->12
[2026-06-17T10:06:52.621+0800][32.272s][info][gc,metaspace] GC(1141) Metaspace: 116K(320K)->116K(320K) NonClass: 109K(192K)->109K(192K) Class: 7K(128K)->7K(128K)
[2026-06-17T10:06:52.621+0800][32.272s][info][gc          ] GC(1141) Pause Young (Concurrent Start) (G1 Humongous Allocation) 41M->38M(64M) 4.043ms
[2026-06-17T10:06:52.622+0800][32.272s][info][gc,cpu      ] GC(1141) User=0.00s Sys=0.00s Real=0.00s
[2026-06-17T10:06:52.622+0800][32.272s][info][gc          ] GC(1142) Concurrent Mark Cycle
[2026-06-17T10:06:52.622+0800][32.273s][info][gc,marking  ] GC(1142) Concurrent Scan Root Regions
[2026-06-17T10:06:52.623+0800][32.273s][info][gc,marking  ] GC(1142) Concurrent Scan Root Regions 0.474ms
[2026-06-17T10:06:52.623+0800][32.274s][info][gc,marking  ] GC(1142) Concurrent Mark
[2026-06-17T10:06:52.623+0800][32.274s][info][gc,marking  ] GC(1142) Concurrent Mark From Roots
[2026-06-17T10:06:52.624+0800][32.274s][info][gc,task     ] GC(1142) Using 5 workers of 5 for marking
[2026-06-17T10:06:52.625+0800][32.276s][info][gc,marking  ] GC(1142) Concurrent Mark From Roots 1.596ms
[2026-06-17T10:06:52.625+0800][32.276s][info][gc,marking  ] GC(1142) Concurrent Preclean
[2026-06-17T10:06:52.626+0800][32.276s][info][gc,marking  ] GC(1142) Concurrent Preclean 0.302ms
[2026-06-17T10:06:52.626+0800][32.276s][info][gc,start    ] GC(1142) Pause Remark
[2026-06-17T10:06:52.627+0800][32.277s][info][gc          ] GC(1142) Pause Remark 39M->39M(64M) 0.635ms
[2026-06-17T10:06:52.627+0800][32.277s][info][gc,cpu      ] GC(1142) User=0.00s Sys=0.00s Real=0.00s
[2026-06-17T10:06:52.627+0800][32.278s][info][gc,marking  ] GC(1142) Concurrent Mark 3.958ms
[2026-06-17T10:06:52.627+0800][32.278s][info][gc,marking  ] GC(1142) Concurrent Rebuild Remembered Sets and Scrub Regions
[2026-06-17T10:06:52.628+0800][32.279s][info][gc,marking  ] GC(1142) Concurrent Rebuild Remembered Sets and Scrub Regions 0.613ms
[2026-06-17T10:06:52.628+0800][32.279s][info][gc,start    ] GC(1142) Pause Cleanup
[2026-06-17T10:06:52.629+0800][32.279s][info][gc          ] GC(1142) Pause Cleanup 39M->39M(64M) 0.535ms
[2026-06-17T10:06:52.629+0800][32.280s][info][gc,cpu      ] GC(1142) User=0.00s Sys=0.00s Real=0.00s
[2026-06-17T10:06:52.629+0800][32.280s][info][gc,marking  ] GC(1142) Concurrent Clear Claimed Marks
[2026-06-17T10:06:52.630+0800][32.280s][info][gc,marking  ] GC(1142) Concurrent Clear Claimed Marks 0.199ms
[2026-06-17T10:06:52.630+0800][32.280s][info][gc,marking  ] GC(1142) Concurrent Cleanup for Next Mark
[2026-06-17T10:06:52.630+0800][32.281s][info][gc,marking  ] GC(1142) Concurrent Cleanup for Next Mark 0.308ms
[2026-06-17T10:06:52.630+0800][32.281s][info][gc          ] GC(1142) Concurrent Mark Cycle 8.598ms
[2026-06-17T10:06:52.674+0800][32.325s][info][gc,start    ] GC(1143) Pause Young (Prepare Mixed) (G1 Evacuation Pause)
[2026-06-17T10:06:52.675+0800][32.325s][info][gc,task     ] GC(1143) Using 2 workers of 18 for evacuation
[2026-06-17T10:06:52.676+0800][32.326s][info][gc,phases   ] GC(1143)   Pre Evacuate Collection Set: 0.08ms
[2026-06-17T10:06:52.676+0800][32.326s][info][gc,phases   ] GC(1143)   Merge Heap Roots: 0.04ms
[2026-06-17T10:06:52.676+0800][32.327s][info][gc,phases   ] GC(1143)   Evacuate Collection Set: 0.20ms
[2026-06-17T10:06:52.677+0800][32.327s][info][gc,phases   ] GC(1143)   Post Evacuate Collection Set: 0.16ms
[2026-06-17T10:06:52.677+0800][32.328s][info][gc,phases   ] GC(1143)   Other: 0.38ms
[2026-06-17T10:06:52.678+0800][32.328s][info][gc,heap     ] GC(1143) Eden regions: 16->0(14)
[2026-06-17T10:06:52.678+0800][32.328s][info][gc,heap     ] GC(1143) Survivor regions: 0->2(2)
[2026-06-17T10:06:52.678+0800][32.329s][info][gc,heap     ] GC(1143) Old regions: 27->27
[2026-06-17T10:06:52.678+0800][32.329s][info][gc,heap     ] GC(1143) Humongous regions: 13->13
[2026-06-17T10:06:52.679+0800][32.329s][info][gc,metaspace] GC(1143) Metaspace: 116K(320K)->116K(320K) NonClass: 109K(192K)->109K(192K) Class: 7K(128K)->7K(128K)
[2026-06-17T10:06:52.679+0800][32.329s][info][gc          ] GC(1143) Pause Young (Prepare Mixed) (G1 Evacuation Pause) 55M->41M(64M) 4.497ms
[2026-06-17T10:06:52.679+0800][32.330s][info][gc,cpu      ] GC(1143) User=0.00s Sys=0.00s Real=0.00s
[2026-06-17T10:06:52.711+0800][32.361s][info][gc,start    ] GC(1144) Pause Young (Mixed) (G1 Evacuation Pause)
[2026-06-17T10:06:52.711+0800][32.362s][info][gc,task     ] GC(1144) Using 2 workers of 18 for evacuation
[2026-06-17T10:06:52.713+0800][32.363s][info][gc,phases   ] GC(1144)   Pre Evacuate Collection Set: 0.09ms
[2026-06-17T10:06:52.713+0800][32.364s][info][gc,phases   ] GC(1144)   Merge Heap Roots: 0.05ms
[2026-06-17T10:06:52.713+0800][32.364s][info][gc,phases   ] GC(1144)   Evacuate Collection Set: 0.47ms
[2026-06-17T10:06:52.714+0800][32.364s][info][gc,phases   ] GC(1144)   Post Evacuate Collection Set: 0.41ms
[2026-06-17T10:06:52.714+0800][32.365s][info][gc,phases   ] GC(1144)   Other: 0.31ms
[2026-06-17T10:06:52.714+0800][32.365s][info][gc,heap     ] GC(1144) Eden regions: 14->0(11)
[2026-06-17T10:06:52.715+0800][32.365s][info][gc,heap     ] GC(1144) Survivor regions: 2->2(2)
[2026-06-17T10:06:52.715+0800][32.365s][info][gc,heap     ] GC(1144) Old regions: 27->28
[2026-06-17T10:06:52.715+0800][32.366s][info][gc,heap     ] GC(1144) Humongous regions: 13->13
[2026-06-17T10:06:52.715+0800][32.366s][info][gc,metaspace] GC(1144) Metaspace: 116K(320K)->116K(320K) NonClass: 109K(192K)->109K(192K) Class: 7K(128K)->7K(128K)
[2026-06-17T10:06:52.716+0800][32.366s][info][gc          ] GC(1144) Pause Young (Mixed) (G1 Evacuation Pause) 55M->42M(64M) 4.668ms
[2026-06-17T10:06:52.716+0800][32.366s][info][gc,cpu      ] GC(1144) User=0.00s Sys=0.00s Real=0.00s
[2026-06-17T10:06:52.747+0800][32.398s][info][gc,start    ] GC(1145) Pause Young (Concurrent Start) (G1 Evacuation Pause)
[2026-06-17T10:06:52.748+0800][32.399s][info][gc,task     ] GC(1145) Using 2 workers of 18 for evacuation
[2026-06-17T10:06:52.749+0800][32.400s][info][gc,phases   ] GC(1145)   Pre Evacuate Collection Set: 0.17ms
[2026-06-17T10:06:52.750+0800][32.400s][info][gc,phases   ] GC(1145)   Merge Heap Roots: 0.04ms
[2026-06-17T10:06:52.750+0800][32.401s][info][gc,phases   ] GC(1145)   Evacuate Collection Set: 0.42ms
[2026-06-17T10:06:52.750+0800][32.401s][info][gc,phases   ] GC(1145)   Post Evacuate Collection Set: 0.25ms
[2026-06-17T10:06:52.751+0800][32.401s][info][gc,phases   ] GC(1145)   Other: 0.44ms
[2026-06-17T10:06:52.751+0800][32.401s][info][gc,heap     ] GC(1145) Eden regions: 11->0(9)
[2026-06-17T10:06:52.751+0800][32.402s][info][gc,heap     ] GC(1145) Survivor regions: 2->2(2)
[2026-06-17T10:06:52.751+0800][32.402s][info][gc,heap     ] GC(1145) Old regions: 28->31
[2026-06-17T10:06:52.752+0800][32.402s][info][gc,heap     ] GC(1145) Humongous regions: 13->13
[2026-06-17T10:06:52.752+0800][32.402s][info][gc,metaspace] GC(1145) Metaspace: 116K(320K)->116K(320K) NonClass: 109K(192K)->109K(192K) Class: 7K(128K)->7K(128K)
[2026-06-17T10:06:52.752+0800][32.403s][info][gc          ] GC(1145) Pause Young (Concurrent Start) (G1 Evacuation Pause) 53M->45M(64M) 4.825ms
[2026-06-17T10:06:52.753+0800][32.403s][info][gc,cpu      ] GC(1145) User=0.00s Sys=0.00s Real=0.01s
[2026-06-17T10:06:52.753+0800][32.403s][info][gc          ] GC(1146) Concurrent Mark Cycle
[2026-06-17T10:06:52.753+0800][32.404s][info][gc,marking  ] GC(1146) Concurrent Scan Root Regions
[2026-06-17T10:06:52.753+0800][32.404s][info][gc,marking  ] GC(1146) Concurrent Scan Root Regions 0.271ms
[2026-06-17T10:06:52.753+0800][32.404s][info][gc,marking  ] GC(1146) Concurrent Mark
[2026-06-17T10:06:52.754+0800][32.404s][info][gc,marking  ] GC(1146) Concurrent Mark From Roots
[2026-06-17T10:06:52.754+0800][32.404s][info][gc,task     ] GC(1146) Using 5 workers of 5 for marking
[2026-06-17T10:06:52.755+0800][32.406s][info][gc,marking  ] GC(1146) Concurrent Mark From Roots 1.570ms
[2026-06-17T10:06:52.756+0800][32.406s][info][gc,marking  ] GC(1146) Concurrent Preclean
[2026-06-17T10:06:52.756+0800][32.406s][info][gc,marking  ] GC(1146) Concurrent Preclean 0.220ms
[2026-06-17T10:06:52.756+0800][32.407s][info][gc,start    ] GC(1146) Pause Remark
[2026-06-17T10:06:52.757+0800][32.407s][info][gc          ] GC(1146) Pause Remark 50M->43M(64M) 0.641ms
[2026-06-17T10:06:52.757+0800][32.408s][info][gc,cpu      ] GC(1146) User=0.00s Sys=0.00s Real=0.00s
[2026-06-17T10:06:52.757+0800][32.408s][info][gc,marking  ] GC(1146) Concurrent Mark 3.995ms
[2026-06-17T10:06:52.758+0800][32.408s][info][gc,marking  ] GC(1146) Concurrent Rebuild Remembered Sets and Scrub Regions
[2026-06-17T10:06:52.759+0800][32.409s][info][gc,marking  ] GC(1146) Concurrent Rebuild Remembered Sets and Scrub Regions 0.853ms
[2026-06-17T10:06:52.759+0800][32.410s][info][gc,start    ] GC(1146) Pause Cleanup
[2026-06-17T10:06:52.760+0800][32.410s][info][gc          ] GC(1146) Pause Cleanup 43M->43M(64M) 0.438ms
[2026-06-17T10:06:52.760+0800][32.410s][info][gc,cpu      ] GC(1146) User=0.00s Sys=0.00s Real=0.00s
[2026-06-17T10:06:52.760+0800][32.411s][info][gc,marking  ] GC(1146) Concurrent Clear Claimed Marks
[2026-06-17T10:06:52.760+0800][32.411s][info][gc,marking  ] GC(1146) Concurrent Clear Claimed Marks 0.225ms
[2026-06-17T10:06:52.761+0800][32.411s][info][gc,marking  ] GC(1146) Concurrent Cleanup for Next Mark
[2026-06-17T10:06:52.761+0800][32.411s][info][gc,marking  ] GC(1146) Concurrent Cleanup for Next Mark 0.336ms
[2026-06-17T10:06:52.761+0800][32.412s][info][gc          ] GC(1146) Concurrent Mark Cycle 8.667ms
[2026-06-17T10:06:52.774+0800][32.424s][info][gc,start    ] GC(1147) Pause Young (Prepare Mixed) (G1 Evacuation Pause)
[2026-06-17T10:06:52.774+0800][32.425s][info][gc,task     ] GC(1147) Using 2 workers of 18 for evacuation
[2026-06-17T10:06:52.775+0800][32.426s][info][gc,phases   ] GC(1147)   Pre Evacuate Collection Set: 0.10ms
[2026-06-17T10:06:52.776+0800][32.426s][info][gc,phases   ] GC(1147)   Merge Heap Roots: 0.04ms
[2026-06-17T10:06:52.776+0800][32.426s][info][gc,phases   ] GC(1147)   Evacuate Collection Set: 0.35ms
[2026-06-17T10:06:52.776+0800][32.427s][info][gc,phases   ] GC(1147)   Post Evacuate Collection Set: 0.17ms
[2026-06-17T10:06:52.777+0800][32.427s][info][gc,phases   ] GC(1147)   Other: 0.41ms
[2026-06-17T10:06:52.777+0800][32.428s][info][gc,heap     ] GC(1147) Eden regions: 9->0(11)
[2026-06-17T10:06:52.778+0800][32.428s][info][gc,heap     ] GC(1147) Survivor regions: 2->2(2)
[2026-06-17T10:06:52.778+0800][32.428s][info][gc,heap     ] GC(1147) Old regions: 24->27
[2026-06-17T10:06:52.778+0800][32.429s][info][gc,heap     ] GC(1147) Humongous regions: 13->13
[2026-06-17T10:06:52.779+0800][32.429s][info][gc,metaspace] GC(1147) Metaspace: 116K(320K)->116K(320K) NonClass: 109K(192K)->109K(192K) Class: 7K(128K)->7K(128K)
[2026-06-17T10:06:52.779+0800][32.429s][info][gc          ] GC(1147) Pause Young (Prepare Mixed) (G1 Evacuation Pause) 47M->41M(64M) 5.072ms
[2026-06-17T10:06:52.779+0800][32.430s][info][gc,cpu      ] GC(1147) User=0.00s Sys=0.00s Real=0.00s
[2026-06-17T10:06:52.811+0800][32.461s][info][gc,start    ] GC(1148) Pause Young (Mixed) (G1 Evacuation Pause)
[2026-06-17T10:06:52.811+0800][32.462s][info][gc,task     ] GC(1148) Using 2 workers of 18 for evacuation
[2026-06-17T10:06:52.813+0800][32.463s][info][gc,phases   ] GC(1148)   Pre Evacuate Collection Set: 0.12ms
[2026-06-17T10:06:52.813+0800][32.464s][info][gc,phases   ] GC(1148)   Merge Heap Roots: 0.05ms
[2026-06-17T10:06:52.813+0800][32.464s][info][gc,phases   ] GC(1148)   Evacuate Collection Set: 0.50ms
[2026-06-17T10:06:52.814+0800][32.464s][info][gc,phases   ] GC(1148)   Post Evacuate Collection Set: 0.18ms
[2026-06-17T10:06:52.814+0800][32.465s][info][gc,phases   ] GC(1148)   Other: 0.53ms
[2026-06-17T10:06:52.814+0800][32.465s][info][gc,heap     ] GC(1148) Eden regions: 11->0(14)
[2026-06-17T10:06:52.814+0800][32.465s][info][gc,heap     ] GC(1148) Survivor regions: 2->2(2)
[2026-06-17T10:06:52.815+0800][32.465s][info][gc,heap     ] GC(1148) Old regions: 27->25
[2026-06-17T10:06:52.815+0800][32.465s][info][gc,heap     ] GC(1148) Humongous regions: 13->13
[2026-06-17T10:06:52.815+0800][32.466s][info][gc,metaspace] GC(1148) Metaspace: 116K(320K)->116K(320K) NonClass: 109K(192K)->109K(192K) Class: 7K(128K)->7K(128K)
[2026-06-17T10:06:52.815+0800][32.466s][info][gc          ] GC(1148) Pause Young (Mixed) (G1 Evacuation Pause) 52M->39M(64M) 4.559ms
[2026-06-17T10:06:52.816+0800][32.466s][info][gc,cpu      ] GC(1148) User=0.00s Sys=0.00s Real=0.00s
[2026-06-17T10:06:52.827+0800][32.478s][info][gc,start    ] GC(1149) Pause Young (Concurrent Start) (G1 Humongous Allocation)
[2026-06-17T10:06:52.828+0800][32.478s][info][gc,task     ] GC(1149) Using 2 workers of 18 for evacuation
[2026-06-17T10:06:52.829+0800][32.480s][info][gc,phases   ] GC(1149)   Pre Evacuate Collection Set: 0.29ms
[2026-06-17T10:06:52.829+0800][32.480s][info][gc,phases   ] GC(1149)   Merge Heap Roots: 0.07ms
[2026-06-17T10:06:52.830+0800][32.480s][info][gc,phases   ] GC(1149)   Evacuate Collection Set: 0.39ms
[2026-06-17T10:06:52.830+0800][32.480s][info][gc,phases   ] GC(1149)   Post Evacuate Collection Set: 0.18ms
[2026-06-17T10:06:52.830+0800][32.481s][info][gc,phases   ] GC(1149)   Other: 0.41ms
[2026-06-17T10:06:52.830+0800][32.481s][info][gc,heap     ] GC(1149) Eden regions: 9->0(12)
[2026-06-17T10:06:52.831+0800][32.481s][info][gc,heap     ] GC(1149) Survivor regions: 2->2(2)
[2026-06-17T10:06:52.831+0800][32.481s][info][gc,heap     ] GC(1149) Old regions: 25->27
[2026-06-17T10:06:52.831+0800][32.482s][info][gc,heap     ] GC(1149) Humongous regions: 13->13
[2026-06-17T10:06:52.831+0800][32.482s][info][gc,metaspace] GC(1149) Metaspace: 116K(320K)->116K(320K) NonClass: 109K(192K)->109K(192K) Class: 7K(128K)->7K(128K)
[2026-06-17T10:06:52.832+0800][32.482s][info][gc          ] GC(1149) Pause Young (Concurrent Start) (G1 Humongous Allocation) 47M->41M(64M) 4.887ms
[2026-06-17T10:06:52.832+0800][32.483s][info][gc,cpu      ] GC(1149) User=0.01s Sys=0.00s Real=0.01s
[2026-06-17T10:06:52.832+0800][32.483s][info][gc          ] GC(1150) Concurrent Mark Cycle
[2026-06-17T10:06:52.833+0800][32.484s][info][gc,marking  ] GC(1150) Concurrent Scan Root Regions
[2026-06-17T10:06:52.834+0800][32.484s][info][gc,marking  ] GC(1150) Concurrent Scan Root Regions 0.386ms
[2026-06-17T10:06:52.834+0800][32.484s][info][gc,marking  ] GC(1150) Concurrent Mark
[2026-06-17T10:06:52.834+0800][32.485s][info][gc,marking  ] GC(1150) Concurrent Mark From Roots
[2026-06-17T10:06:52.835+0800][32.485s][info][gc,task     ] GC(1150) Using 5 workers of 5 for marking
[2026-06-17T10:06:52.836+0800][32.486s][info][gc,marking  ] GC(1150) Concurrent Mark From Roots 1.532ms
[2026-06-17T10:06:52.836+0800][32.487s][info][gc,marking  ] GC(1150) Concurrent Preclean
[2026-06-17T10:06:52.836+0800][32.487s][info][gc,marking  ] GC(1150) Concurrent Preclean 0.258ms
[2026-06-17T10:06:52.837+0800][32.487s][info][gc,start    ] GC(1150) Pause Remark
[2026-06-17T10:06:52.837+0800][32.488s][info][gc          ] GC(1150) Pause Remark 43M->43M(64M) 0.639ms
[2026-06-17T10:06:52.838+0800][32.488s][info][gc,cpu      ] GC(1150) User=0.00s Sys=0.00s Real=0.00s
[2026-06-17T10:06:52.838+0800][32.488s][info][gc,marking  ] GC(1150) Concurrent Mark 4.073ms
[2026-06-17T10:06:52.838+0800][32.489s][info][gc,marking  ] GC(1150) Concurrent Rebuild Remembered Sets and Scrub Regions
[2026-06-17T10:06:52.839+0800][32.489s][info][gc,marking  ] GC(1150) Concurrent Rebuild Remembered Sets and Scrub Regions 0.615ms
[2026-06-17T10:06:52.839+0800][32.490s][info][gc,start    ] GC(1150) Pause Cleanup
[2026-06-17T10:06:52.839+0800][32.490s][info][gc          ] GC(1150) Pause Cleanup 43M->43M(64M) 0.303ms
[2026-06-17T10:06:52.840+0800][32.490s][info][gc,cpu      ] GC(1150) User=0.00s Sys=0.00s Real=0.00s
[2026-06-17T10:06:52.840+0800][32.491s][info][gc,marking  ] GC(1150) Concurrent Clear Claimed Marks
[2026-06-17T10:06:52.840+0800][32.491s][info][gc,marking  ] GC(1150) Concurrent Clear Claimed Marks 0.209ms
[2026-06-17T10:06:52.841+0800][32.491s][info][gc,marking  ] GC(1150) Concurrent Cleanup for Next Mark
[2026-06-17T10:06:52.841+0800][32.492s][info][gc,marking  ] GC(1150) Concurrent Cleanup for Next Mark 0.491ms
[2026-06-17T10:06:52.841+0800][32.492s][info][gc          ] GC(1150) Concurrent Mark Cycle 8.942ms
[2026-06-17T10:06:52.864+0800][32.515s][info][gc,start    ] GC(1151) Pause Young (Prepare Mixed) (G1 Evacuation Pause)
[2026-06-17T10:06:52.865+0800][32.515s][info][gc,task     ] GC(1151) Using 2 workers of 18 for evacuation
[2026-06-17T10:06:52.866+0800][32.517s][info][gc,phases   ] GC(1151)   Pre Evacuate Collection Set: 0.16ms
[2026-06-17T10:06:52.866+0800][32.517s][info][gc,phases   ] GC(1151)   Merge Heap Roots: 0.07ms
[2026-06-17T10:06:52.867+0800][32.517s][info][gc,phases   ] GC(1151)   Evacuate Collection Set: 0.25ms
[2026-06-17T10:06:52.867+0800][32.518s][info][gc,phases   ] GC(1151)   Post Evacuate Collection Set: 0.19ms
[2026-06-17T10:06:52.868+0800][32.518s][info][gc,phases   ] GC(1151)   Other: 0.43ms
[2026-06-17T10:06:52.868+0800][32.518s][info][gc,heap     ] GC(1151) Eden regions: 12->0(16)
[2026-06-17T10:06:52.868+0800][32.519s][info][gc,heap     ] GC(1151) Survivor regions: 2->2(2)
[2026-06-17T10:06:52.869+0800][32.519s][info][gc,heap     ] GC(1151) Old regions: 27->29
[2026-06-17T10:06:52.869+0800][32.520s][info][gc,heap     ] GC(1151) Humongous regions: 15->8
[2026-06-17T10:06:52.869+0800][32.520s][info][gc,metaspace] GC(1151) Metaspace: 116K(320K)->116K(320K) NonClass: 109K(192K)->109K(192K) Class: 7K(128K)->7K(128K)
[2026-06-17T10:06:52.870+0800][32.520s][info][gc          ] GC(1151) Pause Young (Prepare Mixed) (G1 Evacuation Pause) 55M->37M(64M) 5.408ms
[2026-06-17T10:06:52.870+0800][32.520s][info][gc,cpu      ] GC(1151) User=0.00s Sys=0.00s Real=0.00s
[2026-06-17T10:06:52.912+0800][32.563s][info][gc,start    ] GC(1152) Pause Young (Mixed) (G1 Evacuation Pause)
[2026-06-17T10:06:52.913+0800][32.563s][info][gc,task     ] GC(1152) Using 2 workers of 18 for evacuation
[2026-06-17T10:06:52.915+0800][32.565s][info][gc,phases   ] GC(1152)   Pre Evacuate Collection Set: 0.16ms
[2026-06-17T10:06:52.915+0800][32.566s][info][gc,phases   ] GC(1152)   Merge Heap Roots: 0.07ms
[2026-06-17T10:06:52.916+0800][32.566s][info][gc,phases   ] GC(1152)   Evacuate Collection Set: 0.67ms
[2026-06-17T10:06:52.916+0800][32.567s][info][gc,phases   ] GC(1152)   Post Evacuate Collection Set: 0.23ms
[2026-06-17T10:06:52.917+0800][32.567s][info][gc,phases   ] GC(1152)   Other: 1.04ms
[2026-06-17T10:06:52.917+0800][32.568s][info][gc,heap     ] GC(1152) Eden regions: 16->0(10)
[2026-06-17T10:06:52.918+0800][32.569s][info][gc,heap     ] GC(1152) Survivor regions: 2->3(3)
[2026-06-17T10:06:52.919+0800][32.569s][info][gc,heap     ] GC(1152) Old regions: 29->32
[2026-06-17T10:06:52.919+0800][32.569s][info][gc,heap     ] GC(1152) Humongous regions: 8->8
[2026-06-17T10:06:52.919+0800][32.570s][info][gc,metaspace] GC(1152) Metaspace: 116K(320K)->116K(320K) NonClass: 109K(192K)->109K(192K) Class: 7K(128K)->7K(128K)
[2026-06-17T10:06:52.920+0800][32.570s][info][gc          ] GC(1152) Pause Young (Mixed) (G1 Evacuation Pause) 53M->42M(64M) 7.449ms
[2026-06-17T10:06:52.920+0800][32.570s][info][gc,cpu      ] GC(1152) User=0.00s Sys=0.00s Real=0.00s
[2026-06-17T10:06:52.942+0800][32.592s][info][gc,start    ] GC(1153) Pause Young (Concurrent Start) (G1 Evacuation Pause)
[2026-06-17T10:06:52.942+0800][32.593s][info][gc,task     ] GC(1153) Using 2 workers of 18 for evacuation
[2026-06-17T10:06:52.944+0800][32.594s][info][gc,phases   ] GC(1153)   Pre Evacuate Collection Set: 0.21ms
[2026-06-17T10:06:52.944+0800][32.595s][info][gc,phases   ] GC(1153)   Merge Heap Roots: 0.06ms
[2026-06-17T10:06:52.945+0800][32.595s][info][gc,phases   ] GC(1153)   Evacuate Collection Set: 0.41ms
[2026-06-17T10:06:52.945+0800][32.596s][info][gc,phases   ] GC(1153)   Post Evacuate Collection Set: 0.50ms
[2026-06-17T10:06:52.945+0800][32.596s][info][gc,phases   ] GC(1153)   Other: 0.44ms
[2026-06-17T10:06:52.946+0800][32.596s][info][gc,heap     ] GC(1153) Eden regions: 10->0(11)
[2026-06-17T10:06:52.946+0800][32.597s][info][gc,heap     ] GC(1153) Survivor regions: 3->2(2)
[2026-06-17T10:06:52.946+0800][32.597s][info][gc,heap     ] GC(1153) Old regions: 32->34
[2026-06-17T10:06:52.947+0800][32.597s][info][gc,heap     ] GC(1153) Humongous regions: 8->8
[2026-06-17T10:06:52.947+0800][32.598s][info][gc,metaspace] GC(1153) Metaspace: 116K(320K)->116K(320K) NonClass: 109K(192K)->109K(192K) Class: 7K(128K)->7K(128K)
[2026-06-17T10:06:52.947+0800][32.598s][info][gc          ] GC(1153) Pause Young (Concurrent Start) (G1 Evacuation Pause) 51M->43M(64M) 5.928ms
[2026-06-17T10:06:52.948+0800][32.598s][info][gc,cpu      ] GC(1153) User=0.00s Sys=0.00s Real=0.01s
[2026-06-17T10:06:52.948+0800][32.598s][info][gc          ] GC(1154) Concurrent Mark Cycle
[2026-06-17T10:06:52.948+0800][32.599s][info][gc,marking  ] GC(1154) Concurrent Scan Root Regions
[2026-06-17T10:06:52.949+0800][32.599s][info][gc,marking  ] GC(1154) Concurrent Scan Root Regions 0.379ms
[2026-06-17T10:06:52.949+0800][32.600s][info][gc,marking  ] GC(1154) Concurrent Mark
[2026-06-17T10:06:52.949+0800][32.600s][info][gc,marking  ] GC(1154) Concurrent Mark From Roots
[2026-06-17T10:06:52.950+0800][32.600s][info][gc,task     ] GC(1154) Using 5 workers of 5 for marking
[2026-06-17T10:06:52.951+0800][32.602s][info][gc,marking  ] GC(1154) Concurrent Mark From Roots 1.686ms
[2026-06-17T10:06:52.951+0800][32.602s][info][gc,marking  ] GC(1154) Concurrent Preclean
[2026-06-17T10:06:52.952+0800][32.602s][info][gc,marking  ] GC(1154) Concurrent Preclean 0.312ms
[2026-06-17T10:06:52.952+0800][32.603s][info][gc,start    ] GC(1154) Pause Remark
[2026-06-17T10:06:52.953+0800][32.603s][info][gc          ] GC(1154) Pause Remark 43M->38M(64M) 0.548ms
[2026-06-17T10:06:52.953+0800][32.604s][info][gc,cpu      ] GC(1154) User=0.00s Sys=0.00s Real=0.00s
[2026-06-17T10:06:52.954+0800][32.604s][info][gc,marking  ] GC(1154) Concurrent Mark 4.409ms
[2026-06-17T10:06:52.954+0800][32.604s][info][gc,marking  ] GC(1154) Concurrent Rebuild Remembered Sets and Scrub Regions
[2026-06-17T10:06:52.955+0800][32.605s][info][gc,marking  ] GC(1154) Concurrent Rebuild Remembered Sets and Scrub Regions 0.796ms
[2026-06-17T10:06:52.955+0800][32.606s][info][gc,start    ] GC(1154) Pause Cleanup
[2026-06-17T10:06:52.955+0800][32.606s][info][gc          ] GC(1154) Pause Cleanup 38M->38M(64M) 0.321ms
[2026-06-17T10:06:52.956+0800][32.606s][info][gc,cpu      ] GC(1154) User=0.00s Sys=0.00s Real=0.00s
[2026-06-17T10:06:52.956+0800][32.607s][info][gc,marking  ] GC(1154) Concurrent Clear Claimed Marks
[2026-06-17T10:06:52.956+0800][32.607s][info][gc,marking  ] GC(1154) Concurrent Clear Claimed Marks 0.355ms
[2026-06-17T10:06:52.957+0800][32.607s][info][gc,marking  ] GC(1154) Concurrent Cleanup for Next Mark
[2026-06-17T10:06:52.957+0800][32.608s][info][gc,marking  ] GC(1154) Concurrent Cleanup for Next Mark 0.462ms
[2026-06-17T10:06:52.957+0800][32.608s][info][gc          ] GC(1154) Concurrent Mark Cycle 9.543ms
[2026-06-17T10:06:52.980+0800][32.630s][info][gc,start    ] GC(1155) Pause Young (Prepare Mixed) (G1 Evacuation Pause)
[2026-06-17T10:06:52.980+0800][32.631s][info][gc,task     ] GC(1155) Using 2 workers of 18 for evacuation
[2026-06-17T10:06:52.981+0800][32.632s][info][gc,phases   ] GC(1155)   Pre Evacuate Collection Set: 0.14ms
[2026-06-17T10:06:52.982+0800][32.632s][info][gc,phases   ] GC(1155)   Merge Heap Roots: 0.08ms
[2026-06-17T10:06:52.982+0800][32.633s][info][gc,phases   ] GC(1155)   Evacuate Collection Set: 0.22ms
[2026-06-17T10:06:52.983+0800][32.633s][info][gc,phases   ] GC(1155)   Post Evacuate Collection Set: 0.22ms
[2026-06-17T10:06:52.983+0800][32.633s][info][gc,phases   ] GC(1155)   Other: 0.44ms
[2026-06-17T10:06:52.983+0800][32.634s][info][gc,heap     ] GC(1155) Eden regions: 11->0(15)
[2026-06-17T10:06:52.984+0800][32.634s][info][gc,heap     ] GC(1155) Survivor regions: 2->1(2)
[2026-06-17T10:06:52.984+0800][32.634s][info][gc,heap     ] GC(1155) Old regions: 29->31
[2026-06-17T10:06:52.984+0800][32.635s][info][gc,heap     ] GC(1155) Humongous regions: 8->8
[2026-06-17T10:06:52.985+0800][32.635s][info][gc,metaspace] GC(1155) Metaspace: 116K(320K)->116K(320K) NonClass: 109K(192K)->109K(192K) Class: 7K(128K)->7K(128K)
[2026-06-17T10:06:52.985+0800][32.635s][info][gc          ] GC(1155) Pause Young (Prepare Mixed) (G1 Evacuation Pause) 48M->38M(64M) 5.345ms
[2026-06-17T10:06:52.985+0800][32.636s][info][gc,cpu      ] GC(1155) User=0.00s Sys=0.00s Real=0.01s
[2026-06-17T10:06:53.028+0800][32.678s][info][gc,start    ] GC(1156) Pause Young (Mixed) (G1 Evacuation Pause)
[2026-06-17T10:06:53.028+0800][32.679s][info][gc,task     ] GC(1156) Using 2 workers of 18 for evacuation
[2026-06-17T10:06:53.030+0800][32.680s][info][gc,phases   ] GC(1156)   Pre Evacuate Collection Set: 0.15ms
[2026-06-17T10:06:53.030+0800][32.681s][info][gc,phases   ] GC(1156)   Merge Heap Roots: 0.06ms
[2026-06-17T10:06:53.031+0800][32.681s][info][gc,phases   ] GC(1156)   Evacuate Collection Set: 0.48ms
[2026-06-17T10:06:53.031+0800][32.682s][info][gc,phases   ] GC(1156)   Post Evacuate Collection Set: 0.24ms
[2026-06-17T10:06:53.032+0800][32.682s][info][gc,phases   ] GC(1156)   Other: 0.46ms
[2026-06-17T10:06:53.032+0800][32.683s][info][gc,heap     ] GC(1156) Eden regions: 15->0(14)
[2026-06-17T10:06:53.033+0800][32.683s][info][gc,heap     ] GC(1156) Survivor regions: 1->2(2)
[2026-06-17T10:06:53.033+0800][32.684s][info][gc,heap     ] GC(1156) Old regions: 31->29
[2026-06-17T10:06:53.034+0800][32.685s][info][gc,heap     ] GC(1156) Humongous regions: 8->8
[2026-06-17T10:06:53.035+0800][32.685s][info][gc,metaspace] GC(1156) Metaspace: 116K(320K)->116K(320K) NonClass: 109K(192K)->109K(192K) Class: 7K(128K)->7K(128K)
[2026-06-17T10:06:53.035+0800][32.686s][info][gc          ] GC(1156) Pause Young (Mixed) (G1 Evacuation Pause) 53M->38M(64M) 7.352ms
[2026-06-17T10:06:53.035+0800][32.686s][info][gc,cpu      ] GC(1156) User=0.00s Sys=0.00s Real=0.01s
[2026-06-17T10:06:53.078+0800][32.728s][info][gc,start    ] GC(1157) Pause Young (Mixed) (G1 Evacuation Pause)
[2026-06-17T10:06:53.078+0800][32.729s][info][gc,task     ] GC(1157) Using 2 workers of 18 for evacuation
[2026-06-17T10:06:53.079+0800][32.730s][info][gc,phases   ] GC(1157)   Pre Evacuate Collection Set: 0.13ms
[2026-06-17T10:06:53.080+0800][32.730s][info][gc,phases   ] GC(1157)   Merge Heap Roots: 0.05ms
[2026-06-17T10:06:53.080+0800][32.731s][info][gc,phases   ] GC(1157)   Evacuate Collection Set: 0.37ms
[2026-06-17T10:06:53.081+0800][32.731s][info][gc,phases   ] GC(1157)   Post Evacuate Collection Set: 0.20ms
[2026-06-17T10:06:53.081+0800][32.732s][info][gc,phases   ] GC(1157)   Other: 0.45ms
[2026-06-17T10:06:53.082+0800][32.732s][info][gc,heap     ] GC(1157) Eden regions: 14->0(13)
[2026-06-17T10:06:53.082+0800][32.733s][info][gc,heap     ] GC(1157) Survivor regions: 2->2(2)
[2026-06-17T10:06:53.083+0800][32.733s][info][gc,heap     ] GC(1157) Old regions: 29->29
[2026-06-17T10:06:53.083+0800][32.734s][info][gc,heap     ] GC(1157) Humongous regions: 10->10
[2026-06-17T10:06:53.083+0800][32.734s][info][gc,metaspace] GC(1157) Metaspace: 116K(320K)->116K(320K) NonClass: 109K(192K)->109K(192K) Class: 7K(128K)->7K(128K)
[2026-06-17T10:06:53.084+0800][32.734s][info][gc          ] GC(1157) Pause Young (Mixed) (G1 Evacuation Pause) 54M->40M(64M) 5.961ms
[2026-06-17T10:06:53.084+0800][32.734s][info][gc,cpu      ] GC(1157) User=0.00s Sys=0.00s Real=0.01s
[2026-06-17T10:06:53.116+0800][32.767s][info][gc,start    ] GC(1158) Pause Young (Concurrent Start) (G1 Evacuation Pause)
[2026-06-17T10:06:53.117+0800][32.767s][info][gc,task     ] GC(1158) Using 2 workers of 18 for evacuation
[2026-06-17T10:06:53.118+0800][32.768s][info][gc,phases   ] GC(1158)   Pre Evacuate Collection Set: 0.17ms
[2026-06-17T10:06:53.118+0800][32.768s][info][gc,phases   ] GC(1158)   Merge Heap Roots: 0.04ms
[2026-06-17T10:06:53.118+0800][32.769s][info][gc,phases   ] GC(1158)   Evacuate Collection Set: 0.36ms
[2026-06-17T10:06:53.118+0800][32.769s][info][gc,phases   ] GC(1158)   Post Evacuate Collection Set: 0.16ms
[2026-06-17T10:06:53.119+0800][32.769s][info][gc,phases   ] GC(1158)   Other: 0.37ms
[2026-06-17T10:06:53.119+0800][32.770s][info][gc,heap     ] GC(1158) Eden regions: 13->0(11)
[2026-06-17T10:06:53.119+0800][32.770s][info][gc,heap     ] GC(1158) Survivor regions: 2->2(2)
[2026-06-17T10:06:53.120+0800][32.770s][info][gc,heap     ] GC(1158) Old regions: 29->32
[2026-06-17T10:06:53.120+0800][32.770s][info][gc,heap     ] GC(1158) Humongous regions: 10->10
[2026-06-17T10:06:53.120+0800][32.771s][info][gc,metaspace] GC(1158) Metaspace: 116K(320K)->116K(320K) NonClass: 109K(192K)->109K(192K) Class: 7K(128K)->7K(128K)
[2026-06-17T10:06:53.120+0800][32.771s][info][gc          ] GC(1158) Pause Young (Concurrent Start) (G1 Evacuation Pause) 53M->43M(64M) 4.518ms
[2026-06-17T10:06:53.121+0800][32.771s][info][gc,cpu      ] GC(1158) User=0.00s Sys=0.00s Real=0.00s
[2026-06-17T10:06:53.121+0800][32.771s][info][gc          ] GC(1159) Concurrent Mark Cycle
[2026-06-17T10:06:53.121+0800][32.772s][info][gc,marking  ] GC(1159) Concurrent Scan Root Regions
[2026-06-17T10:06:53.122+0800][32.772s][info][gc,marking  ] GC(1159) Concurrent Scan Root Regions 0.358ms
[2026-06-17T10:06:53.122+0800][32.773s][info][gc,marking  ] GC(1159) Concurrent Mark
[2026-06-17T10:06:53.122+0800][32.773s][info][gc,marking  ] GC(1159) Concurrent Mark From Roots
[2026-06-17T10:06:53.123+0800][32.773s][info][gc,task     ] GC(1159) Using 5 workers of 5 for marking
[2026-06-17T10:06:53.124+0800][32.774s][info][gc,marking  ] GC(1159) Concurrent Mark From Roots 1.389ms
[2026-06-17T10:06:53.124+0800][32.775s][info][gc,marking  ] GC(1159) Concurrent Preclean
[2026-06-17T10:06:53.124+0800][32.775s][info][gc,marking  ] GC(1159) Concurrent Preclean 0.244ms
[2026-06-17T10:06:53.125+0800][32.775s][info][gc,start    ] GC(1159) Pause Remark
[2026-06-17T10:06:53.126+0800][32.776s][info][gc          ] GC(1159) Pause Remark 45M->37M(64M) 1.045ms
[2026-06-17T10:06:53.126+0800][32.777s][info][gc,cpu      ] GC(1159) User=0.00s Sys=0.00s Real=0.00s
[2026-06-17T10:06:53.126+0800][32.777s][info][gc,marking  ] GC(1159) Concurrent Mark 4.319ms
[2026-06-17T10:06:53.128+0800][32.778s][info][gc,marking  ] GC(1159) Concurrent Rebuild Remembered Sets and Scrub Regions
[2026-06-17T10:06:53.129+0800][32.779s][info][gc,marking  ] GC(1159) Concurrent Rebuild Remembered Sets and Scrub Regions 0.670ms
[2026-06-17T10:06:53.129+0800][32.780s][info][gc,start    ] GC(1159) Pause Cleanup
[2026-06-17T10:06:53.129+0800][32.780s][info][gc          ] GC(1159) Pause Cleanup 37M->37M(64M) 0.335ms
[2026-06-17T10:06:53.130+0800][32.780s][info][gc,cpu      ] GC(1159) User=0.00s Sys=0.00s Real=0.00s
[2026-06-17T10:06:53.130+0800][32.780s][info][gc,marking  ] GC(1159) Concurrent Clear Claimed Marks
[2026-06-17T10:06:53.130+0800][32.781s][info][gc,marking  ] GC(1159) Concurrent Clear Claimed Marks 0.246ms
[2026-06-17T10:06:53.130+0800][32.781s][info][gc,marking  ] GC(1159) Concurrent Cleanup for Next Mark
[2026-06-17T10:06:53.131+0800][32.781s][info][gc,marking  ] GC(1159) Concurrent Cleanup for Next Mark 0.413ms
[2026-06-17T10:06:53.131+0800][32.782s][info][gc          ] GC(1159) Concurrent Mark Cycle 10.542ms
[2026-06-17T10:06:53.142+0800][32.793s][info][gc,start    ] GC(1160) Pause Young (Prepare Mixed) (G1 Evacuation Pause)
[2026-06-17T10:06:53.143+0800][32.793s][info][gc,task     ] GC(1160) Using 2 workers of 18 for evacuation
[2026-06-17T10:06:53.144+0800][32.795s][info][gc,phases   ] GC(1160)   Pre Evacuate Collection Set: 0.14ms
[2026-06-17T10:06:53.145+0800][32.795s][info][gc,phases   ] GC(1160)   Merge Heap Roots: 0.07ms
[2026-06-17T10:06:53.145+0800][32.796s][info][gc,phases   ] GC(1160)   Evacuate Collection Set: 0.47ms
[2026-06-17T10:06:53.146+0800][32.796s][info][gc,phases   ] GC(1160)   Post Evacuate Collection Set: 0.21ms
[2026-06-17T10:06:53.146+0800][32.797s][info][gc,phases   ] GC(1160)   Other: 0.62ms
[2026-06-17T10:06:53.147+0800][32.797s][info][gc,heap     ] GC(1160) Eden regions: 11->0(13)
[2026-06-17T10:06:53.147+0800][32.797s][info][gc,heap     ] GC(1160) Survivor regions: 2->2(2)
[2026-06-17T10:06:53.147+0800][32.798s][info][gc,heap     ] GC(1160) Old regions: 24->28
[2026-06-17T10:06:53.147+0800][32.798s][info][gc,heap     ] GC(1160) Humongous regions: 10->10
[2026-06-17T10:06:53.148+0800][32.798s][info][gc,metaspace] GC(1160) Metaspace: 116K(320K)->116K(320K) NonClass: 109K(192K)->109K(192K) Class: 7K(128K)->7K(128K)
[2026-06-17T10:06:53.148+0800][32.798s][info][gc          ] GC(1160) Pause Young (Prepare Mixed) (G1 Evacuation Pause) 46M->39M(64M) 5.392ms
[2026-06-17T10:06:53.148+0800][32.799s][info][gc,cpu      ] GC(1160) User=0.00s Sys=0.00s Real=0.01s
[2026-06-17T10:06:53.180+0800][32.830s][info][gc,start    ] GC(1161) Pause Young (Mixed) (G1 Evacuation Pause)
[2026-06-17T10:06:53.180+0800][32.831s][info][gc,task     ] GC(1161) Using 2 workers of 18 for evacuation
[2026-06-17T10:06:53.182+0800][32.832s][info][gc,phases   ] GC(1161)   Pre Evacuate Collection Set: 0.21ms
[2026-06-17T10:06:53.182+0800][32.833s][info][gc,phases   ] GC(1161)   Merge Heap Roots: 0.13ms
[2026-06-17T10:06:53.183+0800][32.833s][info][gc,phases   ] GC(1161)   Evacuate Collection Set: 0.67ms
[2026-06-17T10:06:53.183+0800][32.834s][info][gc,phases   ] GC(1161)   Post Evacuate Collection Set: 0.22ms
[2026-06-17T10:06:53.183+0800][32.834s][info][gc,phases   ] GC(1161)   Other: 0.44ms
[2026-06-17T10:06:53.184+0800][32.834s][info][gc,heap     ] GC(1161) Eden regions: 13->0(10)
[2026-06-17T10:06:53.184+0800][32.834s][info][gc,heap     ] GC(1161) Survivor regions: 2->2(2)
[2026-06-17T10:06:53.184+0800][32.835s][info][gc,heap     ] GC(1161) Old regions: 28->30
[2026-06-17T10:06:53.185+0800][32.835s][info][gc,heap     ] GC(1161) Humongous regions: 10->10
[2026-06-17T10:06:53.185+0800][32.836s][info][gc,metaspace] GC(1161) Metaspace: 116K(320K)->116K(320K) NonClass: 109K(192K)->109K(192K) Class: 7K(128K)->7K(128K)
[2026-06-17T10:06:53.186+0800][32.836s][info][gc          ] GC(1161) Pause Young (Mixed) (G1 Evacuation Pause) 52M->41M(64M) 6.009ms
[2026-06-17T10:06:53.186+0800][32.836s][info][gc,cpu      ] GC(1161) User=0.00s Sys=0.00s Real=0.01s
[2026-06-17T10:06:53.218+0800][32.868s][info][gc,start    ] GC(1162) Pause Young (Concurrent Start) (G1 Evacuation Pause)
[2026-06-17T10:06:53.218+0800][32.869s][info][gc,task     ] GC(1162) Using 2 workers of 18 for evacuation
[2026-06-17T10:06:53.220+0800][32.870s][info][gc,phases   ] GC(1162)   Pre Evacuate Collection Set: 0.24ms
[2026-06-17T10:06:53.220+0800][32.871s][info][gc,phases   ] GC(1162)   Merge Heap Roots: 0.06ms
[2026-06-17T10:06:53.220+0800][32.871s][info][gc,phases   ] GC(1162)   Evacuate Collection Set: 0.38ms
[2026-06-17T10:06:53.221+0800][32.871s][info][gc,phases   ] GC(1162)   Post Evacuate Collection Set: 0.35ms
[2026-06-17T10:06:53.221+0800][32.871s][info][gc,phases   ] GC(1162)   Other: 0.49ms
[2026-06-17T10:06:53.221+0800][32.872s][info][gc,heap     ] GC(1162) Eden regions: 10->0(8)
[2026-06-17T10:06:53.221+0800][32.872s][info][gc,heap     ] GC(1162) Survivor regions: 2->2(2)
[2026-06-17T10:06:53.222+0800][32.872s][info][gc,heap     ] GC(1162) Old regions: 30->33
[2026-06-17T10:06:53.222+0800][32.873s][info][gc,heap     ] GC(1162) Humongous regions: 10->10
[2026-06-17T10:06:53.223+0800][32.873s][info][gc,metaspace] GC(1162) Metaspace: 116K(320K)->116K(320K) NonClass: 109K(192K)->109K(192K) Class: 7K(128K)->7K(128K)
[2026-06-17T10:06:53.223+0800][32.873s][info][gc          ] GC(1162) Pause Young (Concurrent Start) (G1 Evacuation Pause) 51M->44M(64M) 5.301ms
[2026-06-17T10:06:53.223+0800][32.874s][info][gc,cpu      ] GC(1162) User=0.00s Sys=0.00s Real=0.01s
[2026-06-17T10:06:53.223+0800][32.874s][info][gc          ] GC(1163) Concurrent Mark Cycle
[2026-06-17T10:06:53.224+0800][32.874s][info][gc,marking  ] GC(1163) Concurrent Scan Root Regions
[2026-06-17T10:06:53.224+0800][32.874s][info][gc,marking  ] GC(1163) Concurrent Scan Root Regions 0.278ms
[2026-06-17T10:06:53.224+0800][32.875s][info][gc,marking  ] GC(1163) Concurrent Mark
[2026-06-17T10:06:53.224+0800][32.875s][info][gc,marking  ] GC(1163) Concurrent Mark From Roots
[2026-06-17T10:06:53.225+0800][32.875s][info][gc,task     ] GC(1163) Using 5 workers of 5 for marking
[2026-06-17T10:06:53.226+0800][32.876s][info][gc,marking  ] GC(1163) Concurrent Mark From Roots 1.459ms
[2026-06-17T10:06:53.226+0800][32.877s][info][gc,marking  ] GC(1163) Concurrent Preclean
[2026-06-17T10:06:53.226+0800][32.877s][info][gc,marking  ] GC(1163) Concurrent Preclean 0.293ms
[2026-06-17T10:06:53.227+0800][32.877s][info][gc,start    ] GC(1163) Pause Remark
[2026-06-17T10:06:53.227+0800][32.878s][info][gc          ] GC(1163) Pause Remark 47M->37M(64M) 0.769ms
[2026-06-17T10:06:53.228+0800][32.878s][info][gc,cpu      ] GC(1163) User=0.00s Sys=0.00s Real=0.00s
[2026-06-17T10:06:53.228+0800][32.879s][info][gc,marking  ] GC(1163) Concurrent Mark 4.034ms
[2026-06-17T10:06:53.228+0800][32.879s][info][gc,marking  ] GC(1163) Concurrent Rebuild Remembered Sets and Scrub Regions
[2026-06-17T10:06:53.229+0800][32.880s][info][gc,marking  ] GC(1163) Concurrent Rebuild Remembered Sets and Scrub Regions 0.724ms
[2026-06-17T10:06:53.229+0800][32.880s][info][gc,start    ] GC(1163) Pause Cleanup
[2026-06-17T10:06:53.230+0800][32.880s][info][gc          ] GC(1163) Pause Cleanup 37M->37M(64M) 0.302ms
[2026-06-17T10:06:53.230+0800][32.880s][info][gc,cpu      ] GC(1163) User=0.00s Sys=0.00s Real=0.00s
[2026-06-17T10:06:53.230+0800][32.881s][info][gc,marking  ] GC(1163) Concurrent Clear Claimed Marks
[2026-06-17T10:06:53.230+0800][32.881s][info][gc,marking  ] GC(1163) Concurrent Clear Claimed Marks 0.323ms
[2026-06-17T10:06:53.231+0800][32.881s][info][gc,marking  ] GC(1163) Concurrent Cleanup for Next Mark
[2026-06-17T10:06:53.231+0800][32.882s][info][gc,marking  ] GC(1163) Concurrent Cleanup for Next Mark 0.405ms
[2026-06-17T10:06:53.231+0800][32.882s][info][gc          ] GC(1163) Concurrent Mark Cycle 8.287ms
[2026-06-17T10:06:53.244+0800][32.895s][info][gc,start    ] GC(1164) Pause Young (Prepare Mixed) (G1 Evacuation Pause)
[2026-06-17T10:06:53.245+0800][32.895s][info][gc,task     ] GC(1164) Using 2 workers of 18 for evacuation
[2026-06-17T10:06:53.246+0800][32.897s][info][gc,phases   ] GC(1164)   Pre Evacuate Collection Set: 0.11ms
[2026-06-17T10:06:53.247+0800][32.897s][info][gc,phases   ] GC(1164)   Merge Heap Roots: 0.06ms
[2026-06-17T10:06:53.247+0800][32.897s][info][gc,phases   ] GC(1164)   Evacuate Collection Set: 0.27ms
[2026-06-17T10:06:53.247+0800][32.898s][info][gc,phases   ] GC(1164)   Post Evacuate Collection Set: 0.21ms
[2026-06-17T10:06:53.248+0800][32.898s][info][gc,phases   ] GC(1164)   Other: 0.50ms
[2026-06-17T10:06:53.248+0800][32.899s][info][gc,heap     ] GC(1164) Eden regions: 8->0(16)
[2026-06-17T10:06:53.249+0800][32.899s][info][gc,heap     ] GC(1164) Survivor regions: 2->2(2)
[2026-06-17T10:06:53.249+0800][32.899s][info][gc,heap     ] GC(1164) Old regions: 23->25
[2026-06-17T10:06:53.249+0800][32.900s][info][gc,heap     ] GC(1164) Humongous regions: 10->10
[2026-06-17T10:06:53.250+0800][32.900s][info][gc,metaspace] GC(1164) Metaspace: 116K(320K)->116K(320K) NonClass: 109K(192K)->109K(192K) Class: 7K(128K)->7K(128K)
[2026-06-17T10:06:53.250+0800][32.901s][info][gc          ] GC(1164) Pause Young (Prepare Mixed) (G1 Evacuation Pause) 42M->36M(64M) 5.824ms
[2026-06-17T10:06:53.251+0800][32.901s][info][gc,cpu      ] GC(1164) User=0.00s Sys=0.00s Real=0.01s
[2026-06-17T10:06:53.283+0800][32.934s][info][gc,start    ] GC(1165) Pause Young (Mixed) (G1 Evacuation Pause)
[2026-06-17T10:06:53.284+0800][32.934s][info][gc,task     ] GC(1165) Using 2 workers of 18 for evacuation
[2026-06-17T10:06:53.285+0800][32.935s][info][gc,phases   ] GC(1165)   Pre Evacuate Collection Set: 0.16ms
[2026-06-17T10:06:53.285+0800][32.936s][info][gc,phases   ] GC(1165)   Merge Heap Roots: 0.04ms
[2026-06-17T10:06:53.286+0800][32.936s][info][gc,phases   ] GC(1165)   Evacuate Collection Set: 0.44ms
[2026-06-17T10:06:53.286+0800][32.936s][info][gc,phases   ] GC(1165)   Post Evacuate Collection Set: 0.21ms
[2026-06-17T10:06:53.286+0800][32.937s][info][gc,phases   ] GC(1165)   Other: 0.42ms
[2026-06-17T10:06:53.287+0800][32.937s][info][gc,heap     ] GC(1165) Eden regions: 16->0(16)
[2026-06-17T10:06:53.287+0800][32.938s][info][gc,heap     ] GC(1165) Survivor regions: 2->3(3)
[2026-06-17T10:06:53.287+0800][32.938s][info][gc,heap     ] GC(1165) Old regions: 25->22
[2026-06-17T10:06:53.288+0800][32.938s][info][gc,heap     ] GC(1165) Humongous regions: 11->11
[2026-06-17T10:06:53.288+0800][32.939s][info][gc,metaspace] GC(1165) Metaspace: 116K(320K)->116K(320K) NonClass: 109K(192K)->109K(192K) Class: 7K(128K)->7K(128K)
[2026-06-17T10:06:53.288+0800][32.939s][info][gc          ] GC(1165) Pause Young (Mixed) (G1 Evacuation Pause) 53M->35M(64M) 5.362ms
[2026-06-17T10:06:53.289+0800][32.939s][info][gc,cpu      ] GC(1165) User=0.00s Sys=0.00s Real=0.00s
[2026-06-17T10:06:53.342+0800][32.992s][info][gc,start    ] GC(1166) Pause Young (Mixed) (G1 Evacuation Pause)
[2026-06-17T10:06:53.342+0800][32.993s][info][gc,task     ] GC(1166) Using 2 workers of 18 for evacuation
[2026-06-17T10:06:53.344+0800][32.995s][info][gc,phases   ] GC(1166)   Pre Evacuate Collection Set: 0.21ms
[2026-06-17T10:06:53.345+0800][32.995s][info][gc,phases   ] GC(1166)   Merge Heap Roots: 0.13ms
[2026-06-17T10:06:53.345+0800][32.996s][info][gc,phases   ] GC(1166)   Evacuate Collection Set: 0.64ms
[2026-06-17T10:06:53.346+0800][32.996s][info][gc,phases   ] GC(1166)   Post Evacuate Collection Set: 0.35ms
[2026-06-17T10:06:53.346+0800][32.997s][info][gc,phases   ] GC(1166)   Other: 0.57ms
[2026-06-17T10:06:53.346+0800][32.997s][info][gc,heap     ] GC(1166) Eden regions: 16->0(16)
[2026-06-17T10:06:53.347+0800][32.997s][info][gc,heap     ] GC(1166) Survivor regions: 3->3(3)
[2026-06-17T10:06:53.347+0800][32.997s][info][gc,heap     ] GC(1166) Old regions: 22->23
[2026-06-17T10:06:53.347+0800][32.998s][info][gc,heap     ] GC(1166) Humongous regions: 11->11
[2026-06-17T10:06:53.347+0800][32.998s][info][gc,metaspace] GC(1166) Metaspace: 116K(320K)->116K(320K) NonClass: 109K(192K)->109K(192K) Class: 7K(128K)->7K(128K)
[2026-06-17T10:06:53.348+0800][32.998s][info][gc          ] GC(1166) Pause Young (Mixed) (G1 Evacuation Pause) 51M->36M(64M) 5.800ms
[2026-06-17T10:06:53.348+0800][32.998s][info][gc,cpu      ] GC(1166) User=0.00s Sys=0.00s Real=0.01s
[2026-06-17T10:06:53.390+0800][33.041s][info][gc,start    ] GC(1167) Pause Young (Concurrent Start) (G1 Evacuation Pause)
[2026-06-17T10:06:53.391+0800][33.041s][info][gc,task     ] GC(1167) Using 2 workers of 18 for evacuation
[2026-06-17T10:06:53.392+0800][33.043s][info][gc,phases   ] GC(1167)   Pre Evacuate Collection Set: 0.24ms
[2026-06-17T10:06:53.393+0800][33.044s][info][gc,phases   ] GC(1167)   Merge Heap Roots: 0.05ms
[2026-06-17T10:06:53.393+0800][33.044s][info][gc,phases   ] GC(1167)   Evacuate Collection Set: 0.51ms
[2026-06-17T10:06:53.394+0800][33.045s][info][gc,phases   ] GC(1167)   Post Evacuate Collection Set: 0.28ms
[2026-06-17T10:06:53.394+0800][33.045s][info][gc,phases   ] GC(1167)   Other: 0.55ms
[2026-06-17T10:06:53.395+0800][33.045s][info][gc,heap     ] GC(1167) Eden regions: 16->0(13)
[2026-06-17T10:06:53.395+0800][33.046s][info][gc,heap     ] GC(1167) Survivor regions: 3->3(3)
[2026-06-17T10:06:53.395+0800][33.046s][info][gc,heap     ] GC(1167) Old regions: 23->26
[2026-06-17T10:06:53.395+0800][33.046s][info][gc,heap     ] GC(1167) Humongous regions: 11->11
[2026-06-17T10:06:53.396+0800][33.046s][info][gc,metaspace] GC(1167) Metaspace: 116K(320K)->116K(320K) NonClass: 109K(192K)->109K(192K) Class: 7K(128K)->7K(128K)
[2026-06-17T10:06:53.396+0800][33.047s][info][gc          ] GC(1167) Pause Young (Concurrent Start) (G1 Evacuation Pause) 52M->39M(64M) 6.131ms
[2026-06-17T10:06:53.396+0800][33.047s][info][gc,cpu      ] GC(1167) User=0.00s Sys=0.00s Real=0.01s
[2026-06-17T10:06:53.396+0800][33.047s][info][gc          ] GC(1168) Concurrent Mark Cycle
[2026-06-17T10:06:53.397+0800][33.048s][info][gc,marking  ] GC(1168) Concurrent Scan Root Regions
[2026-06-17T10:06:53.397+0800][33.048s][info][gc,marking  ] GC(1168) Concurrent Scan Root Regions 0.324ms
[2026-06-17T10:06:53.398+0800][33.048s][info][gc,marking  ] GC(1168) Concurrent Mark
[2026-06-17T10:06:53.398+0800][33.049s][info][gc,marking  ] GC(1168) Concurrent Mark From Roots
[2026-06-17T10:06:53.399+0800][33.049s][info][gc,task     ] GC(1168) Using 5 workers of 5 for marking
[2026-06-17T10:06:53.400+0800][33.050s][info][gc,marking  ] GC(1168) Concurrent Mark From Roots 1.800ms
[2026-06-17T10:06:53.400+0800][33.051s][info][gc,marking  ] GC(1168) Concurrent Preclean
[2026-06-17T10:06:53.401+0800][33.051s][info][gc,marking  ] GC(1168) Concurrent Preclean 0.333ms
[2026-06-17T10:06:53.401+0800][33.051s][info][gc,start    ] GC(1168) Pause Remark
[2026-06-17T10:06:53.401+0800][33.052s][info][gc          ] GC(1168) Pause Remark 42M->42M(64M) 0.569ms
[2026-06-17T10:06:53.402+0800][33.052s][info][gc,cpu      ] GC(1168) User=0.00s Sys=0.00s Real=0.00s
[2026-06-17T10:06:53.402+0800][33.053s][info][gc,marking  ] GC(1168) Concurrent Mark 4.367ms
[2026-06-17T10:06:53.402+0800][33.053s][info][gc,marking  ] GC(1168) Concurrent Rebuild Remembered Sets and Scrub Regions
[2026-06-17T10:06:53.403+0800][33.053s][info][gc,marking  ] GC(1168) Concurrent Rebuild Remembered Sets and Scrub Regions 0.572ms
[2026-06-17T10:06:53.403+0800][33.054s][info][gc,start    ] GC(1168) Pause Cleanup
[2026-06-17T10:06:53.404+0800][33.054s][info][gc          ] GC(1168) Pause Cleanup 42M->42M(64M) 0.342ms
[2026-06-17T10:06:53.404+0800][33.055s][info][gc,cpu      ] GC(1168) User=0.00s Sys=0.00s Real=0.00s
[2026-06-17T10:06:53.405+0800][33.055s][info][gc,marking  ] GC(1168) Concurrent Clear Claimed Marks
[2026-06-17T10:06:53.405+0800][33.055s][info][gc,marking  ] GC(1168) Concurrent Clear Claimed Marks 0.268ms
[2026-06-17T10:06:53.405+0800][33.056s][info][gc,marking  ] GC(1168) Concurrent Cleanup for Next Mark
[2026-06-17T10:06:53.406+0800][33.056s][info][gc,marking  ] GC(1168) Concurrent Cleanup for Next Mark 0.522ms
[2026-06-17T10:06:53.406+0800][33.057s][info][gc          ] GC(1168) Concurrent Mark Cycle 9.670ms
[2026-06-17T10:06:53.428+0800][33.079s][info][gc,start    ] GC(1169) Pause Young (Prepare Mixed) (G1 Evacuation Pause)
[2026-06-17T10:06:53.429+0800][33.079s][info][gc,task     ] GC(1169) Using 2 workers of 18 for evacuation
[2026-06-17T10:06:53.430+0800][33.081s][info][gc,phases   ] GC(1169)   Pre Evacuate Collection Set: 0.13ms
[2026-06-17T10:06:53.431+0800][33.081s][info][gc,phases   ] GC(1169)   Merge Heap Roots: 0.04ms
[2026-06-17T10:06:53.431+0800][33.081s][info][gc,phases   ] GC(1169)   Evacuate Collection Set: 0.41ms
[2026-06-17T10:06:53.431+0800][33.081s][info][gc,phases   ] GC(1169)   Post Evacuate Collection Set: 0.25ms
[2026-06-17T10:06:53.431+0800][33.081s][info][gc,phases   ] GC(1169)   Other: 0.47ms
[2026-06-17T10:06:53.431+0800][33.082s][info][gc,heap     ] GC(1169) Eden regions: 13->0(11)
[2026-06-17T10:06:53.431+0800][33.082s][info][gc,heap     ] GC(1169) Survivor regions: 3->2(2)
[2026-06-17T10:06:53.431+0800][33.082s][info][gc,heap     ] GC(1169) Old regions: 26->29
[2026-06-17T10:06:53.431+0800][33.082s][info][gc,heap     ] GC(1169) Humongous regions: 11->11
[2026-06-17T10:06:53.432+0800][33.082s][info][gc,metaspace] GC(1169) Metaspace: 116K(320K)->116K(320K) NonClass: 109K(192K)->109K(192K) Class: 7K(128K)->7K(128K)
[2026-06-17T10:06:53.432+0800][33.082s][info][gc          ] GC(1169) Pause Young (Prepare Mixed) (G1 Evacuation Pause) 52M->41M(64M) 3.629ms
[2026-06-17T10:06:53.432+0800][33.082s][info][gc,cpu      ] GC(1169) User=0.00s Sys=0.00s Real=0.01s
[2026-06-17T10:06:53.464+0800][33.114s][info][gc,start    ] GC(1170) Pause Young (Mixed) (G1 Evacuation Pause)
[2026-06-17T10:06:53.464+0800][33.115s][info][gc,task     ] GC(1170) Using 2 workers of 18 for evacuation
[2026-06-17T10:06:53.466+0800][33.116s][info][gc,phases   ] GC(1170)   Pre Evacuate Collection Set: 0.16ms
[2026-06-17T10:06:53.466+0800][33.117s][info][gc,phases   ] GC(1170)   Merge Heap Roots: 0.09ms
[2026-06-17T10:06:53.466+0800][33.117s][info][gc,phases   ] GC(1170)   Evacuate Collection Set: 0.60ms
[2026-06-17T10:06:53.467+0800][33.117s][info][gc,phases   ] GC(1170)   Post Evacuate Collection Set: 0.23ms
[2026-06-17T10:06:53.467+0800][33.117s][info][gc,phases   ] GC(1170)   Other: 0.41ms
[2026-06-17T10:06:53.467+0800][33.118s][info][gc,heap     ] GC(1170) Eden regions: 11->0(10)
[2026-06-17T10:06:53.468+0800][33.118s][info][gc,heap     ] GC(1170) Survivor regions: 2->2(2)
[2026-06-17T10:06:53.468+0800][33.119s][info][gc,heap     ] GC(1170) Old regions: 29->30
[2026-06-17T10:06:53.468+0800][33.119s][info][gc,heap     ] GC(1170) Humongous regions: 11->11
[2026-06-17T10:06:53.468+0800][33.119s][info][gc,metaspace] GC(1170) Metaspace: 116K(320K)->116K(320K) NonClass: 109K(192K)->109K(192K) Class: 7K(128K)->7K(128K)
[2026-06-17T10:06:53.469+0800][33.119s][info][gc          ] GC(1170) Pause Young (Mixed) (G1 Evacuation Pause) 52M->42M(64M) 5.044ms
[2026-06-17T10:06:53.469+0800][33.119s][info][gc,cpu      ] GC(1170) User=0.01s Sys=0.00s Real=0.00s
[2026-06-17T10:06:53.469+0800][33.120s][info][gc,start    ] GC(1171) Pause Young (Concurrent Start) (G1 Humongous Allocation)
[2026-06-17T10:06:53.470+0800][33.120s][info][gc,task     ] GC(1171) Using 2 workers of 18 for evacuation
[2026-06-17T10:06:53.471+0800][33.122s][info][gc,phases   ] GC(1171)   Pre Evacuate Collection Set: 0.23ms
[2026-06-17T10:06:53.471+0800][33.122s][info][gc,phases   ] GC(1171)   Merge Heap Roots: 0.08ms
[2026-06-17T10:06:53.472+0800][33.122s][info][gc,phases   ] GC(1171)   Evacuate Collection Set: 0.28ms
[2026-06-17T10:06:53.472+0800][33.122s][info][gc,phases   ] GC(1171)   Post Evacuate Collection Set: 0.21ms
[2026-06-17T10:06:53.472+0800][33.123s][info][gc,phases   ] GC(1171)   Other: 0.41ms
[2026-06-17T10:06:53.472+0800][33.123s][info][gc,heap     ] GC(1171) Eden regions: 5->0(10)
[2026-06-17T10:06:53.473+0800][33.123s][info][gc,heap     ] GC(1171) Survivor regions: 2->2(2)
[2026-06-17T10:06:53.473+0800][33.124s][info][gc,heap     ] GC(1171) Old regions: 30->31
[2026-06-17T10:06:53.473+0800][33.124s][info][gc,heap     ] GC(1171) Humongous regions: 11->11
[2026-06-17T10:06:53.474+0800][33.124s][info][gc,metaspace] GC(1171) Metaspace: 116K(320K)->116K(320K) NonClass: 109K(192K)->109K(192K) Class: 7K(128K)->7K(128K)
[2026-06-17T10:06:53.474+0800][33.125s][info][gc          ] GC(1171) Pause Young (Concurrent Start) (G1 Humongous Allocation) 47M->43M(64M) 4.511ms
[2026-06-17T10:06:53.474+0800][33.125s][info][gc,cpu      ] GC(1171) User=0.00s Sys=0.00s Real=0.01s
[2026-06-17T10:06:53.474+0800][33.125s][info][gc          ] GC(1172) Concurrent Mark Cycle
[2026-06-17T10:06:53.475+0800][33.125s][info][gc,marking  ] GC(1172) Concurrent Scan Root Regions
[2026-06-17T10:06:53.475+0800][33.126s][info][gc,marking  ] GC(1172) Concurrent Scan Root Regions 0.360ms
[2026-06-17T10:06:53.476+0800][33.126s][info][gc,marking  ] GC(1172) Concurrent Mark
[2026-06-17T10:06:53.476+0800][33.126s][info][gc,marking  ] GC(1172) Concurrent Mark From Roots
[2026-06-17T10:06:53.476+0800][33.127s][info][gc,task     ] GC(1172) Using 5 workers of 5 for marking
[2026-06-17T10:06:53.477+0800][33.128s][info][gc,marking  ] GC(1172) Concurrent Mark From Roots 1.575ms
[2026-06-17T10:06:53.478+0800][33.128s][info][gc,marking  ] GC(1172) Concurrent Preclean
[2026-06-17T10:06:53.478+0800][33.129s][info][gc,marking  ] GC(1172) Concurrent Preclean 0.293ms
[2026-06-17T10:06:53.478+0800][33.129s][info][gc,start    ] GC(1172) Pause Remark
[2026-06-17T10:06:53.479+0800][33.130s][info][gc          ] GC(1172) Pause Remark 45M->37M(64M) 0.653ms
[2026-06-17T10:06:53.479+0800][33.130s][info][gc,cpu      ] GC(1172) User=0.00s Sys=0.00s Real=0.00s
[2026-06-17T10:06:53.480+0800][33.130s][info][gc,marking  ] GC(1172) Concurrent Mark 4.160ms
[2026-06-17T10:06:53.480+0800][33.130s][info][gc,marking  ] GC(1172) Concurrent Rebuild Remembered Sets and Scrub Regions
[2026-06-17T10:06:53.481+0800][33.131s][info][gc,marking  ] GC(1172) Concurrent Rebuild Remembered Sets and Scrub Regions 0.693ms
[2026-06-17T10:06:53.481+0800][33.131s][info][gc,start    ] GC(1172) Pause Cleanup
[2026-06-17T10:06:53.481+0800][33.132s][info][gc          ] GC(1172) Pause Cleanup 37M->37M(64M) 0.267ms
[2026-06-17T10:06:53.481+0800][33.132s][info][gc,cpu      ] GC(1172) User=0.00s Sys=0.00s Real=0.00s
[2026-06-17T10:06:53.482+0800][33.132s][info][gc,marking  ] GC(1172) Concurrent Clear Claimed Marks
[2026-06-17T10:06:53.482+0800][33.132s][info][gc,marking  ] GC(1172) Concurrent Clear Claimed Marks 0.191ms
[2026-06-17T10:06:53.482+0800][33.133s][info][gc,marking  ] GC(1172) Concurrent Cleanup for Next Mark
[2026-06-17T10:06:53.482+0800][33.133s][info][gc,marking  ] GC(1172) Concurrent Cleanup for Next Mark 0.351ms
[2026-06-17T10:06:53.483+0800][33.133s][info][gc          ] GC(1172) Concurrent Mark Cycle 8.379ms
[2026-06-17T10:06:53.506+0800][33.156s][info][gc,start    ] GC(1173) Pause Young (Prepare Mixed) (G1 Evacuation Pause)
[2026-06-17T10:06:53.506+0800][33.157s][info][gc,task     ] GC(1173) Using 2 workers of 18 for evacuation
[2026-06-17T10:06:53.507+0800][33.158s][info][gc,phases   ] GC(1173)   Pre Evacuate Collection Set: 0.12ms
[2026-06-17T10:06:53.508+0800][33.158s][info][gc,phases   ] GC(1173)   Merge Heap Roots: 0.08ms
[2026-06-17T10:06:53.508+0800][33.159s][info][gc,phases   ] GC(1173)   Evacuate Collection Set: 0.20ms
[2026-06-17T10:06:53.508+0800][33.159s][info][gc,phases   ] GC(1173)   Post Evacuate Collection Set: 0.23ms
[2026-06-17T10:06:53.509+0800][33.159s][info][gc,phases   ] GC(1173)   Other: 0.45ms
[2026-06-17T10:06:53.509+0800][33.159s][info][gc,heap     ] GC(1173) Eden regions: 10->0(16)
[2026-06-17T10:06:53.509+0800][33.160s][info][gc,heap     ] GC(1173) Survivor regions: 2->1(2)
[2026-06-17T10:06:53.509+0800][33.160s][info][gc,heap     ] GC(1173) Old regions: 23->25
[2026-06-17T10:06:53.510+0800][33.160s][info][gc,heap     ] GC(1173) Humongous regions: 13->13
[2026-06-17T10:06:53.510+0800][33.161s][info][gc,metaspace] GC(1173) Metaspace: 116K(320K)->116K(320K) NonClass: 109K(192K)->109K(192K) Class: 7K(128K)->7K(128K)
[2026-06-17T10:06:53.510+0800][33.161s][info][gc          ] GC(1173) Pause Young (Prepare Mixed) (G1 Evacuation Pause) 47M->37M(64M) 4.366ms
[2026-06-17T10:06:53.511+0800][33.161s][info][gc,cpu      ] GC(1173) User=0.00s Sys=0.00s Real=0.01s
[2026-06-17T10:06:53.553+0800][33.204s][info][gc,start    ] GC(1174) Pause Young (Mixed) (G1 Evacuation Pause)
[2026-06-17T10:06:53.554+0800][33.205s][info][gc,task     ] GC(1174) Using 2 workers of 18 for evacuation
[2026-06-17T10:06:53.556+0800][33.206s][info][gc,phases   ] GC(1174)   Pre Evacuate Collection Set: 0.14ms
[2026-06-17T10:06:53.556+0800][33.207s][info][gc,phases   ] GC(1174)   Merge Heap Roots: 0.09ms
[2026-06-17T10:06:53.557+0800][33.207s][info][gc,phases   ] GC(1174)   Evacuate Collection Set: 0.63ms
[2026-06-17T10:06:53.557+0800][33.208s][info][gc,phases   ] GC(1174)   Post Evacuate Collection Set: 0.23ms
[2026-06-17T10:06:53.558+0800][33.208s][info][gc,phases   ] GC(1174)   Other: 0.71ms
[2026-06-17T10:06:53.558+0800][33.209s][info][gc,heap     ] GC(1174) Eden regions: 16->0(14)
[2026-06-17T10:06:53.559+0800][33.210s][info][gc,heap     ] GC(1174) Survivor regions: 1->3(3)
[2026-06-17T10:06:53.560+0800][33.210s][info][gc,heap     ] GC(1174) Old regions: 25->24
[2026-06-17T10:06:53.560+0800][33.211s][info][gc,heap     ] GC(1174) Humongous regions: 13->13
[2026-06-17T10:06:53.561+0800][33.212s][info][gc,metaspace] GC(1174) Metaspace: 116K(320K)->116K(320K) NonClass: 109K(192K)->109K(192K) Class: 7K(128K)->7K(128K)
[2026-06-17T10:06:53.562+0800][33.212s][info][gc          ] GC(1174) Pause Young (Mixed) (G1 Evacuation Pause) 53M->39M(64M) 8.488ms
[2026-06-17T10:06:53.562+0800][33.213s][info][gc,cpu      ] GC(1174) User=0.00s Sys=0.00s Real=0.00s
[2026-06-17T10:06:53.605+0800][33.255s][info][gc,start    ] GC(1175) Pause Young (Concurrent Start) (G1 Evacuation Pause)
[2026-06-17T10:06:53.605+0800][33.256s][info][gc,task     ] GC(1175) Using 2 workers of 18 for evacuation
[2026-06-17T10:06:53.607+0800][33.257s][info][gc,phases   ] GC(1175)   Pre Evacuate Collection Set: 0.24ms
[2026-06-17T10:06:53.607+0800][33.258s][info][gc,phases   ] GC(1175)   Merge Heap Roots: 0.05ms
[2026-06-17T10:06:53.608+0800][33.258s][info][gc,phases   ] GC(1175)   Evacuate Collection Set: 0.35ms
[2026-06-17T10:06:53.608+0800][33.259s][info][gc,phases   ] GC(1175)   Post Evacuate Collection Set: 0.24ms
[2026-06-17T10:06:53.608+0800][33.259s][info][gc,phases   ] GC(1175)   Other: 0.45ms
[2026-06-17T10:06:53.609+0800][33.259s][info][gc,heap     ] GC(1175) Eden regions: 14->0(13)
[2026-06-17T10:06:53.609+0800][33.260s][info][gc,heap     ] GC(1175) Survivor regions: 3->3(3)
[2026-06-17T10:06:53.610+0800][33.260s][info][gc,heap     ] GC(1175) Old regions: 24->26
[2026-06-17T10:06:53.610+0800][33.261s][info][gc,heap     ] GC(1175) Humongous regions: 13->13
[2026-06-17T10:06:53.610+0800][33.261s][info][gc,metaspace] GC(1175) Metaspace: 116K(320K)->116K(320K) NonClass: 109K(192K)->109K(192K) Class: 7K(128K)->7K(128K)
[2026-06-17T10:06:53.611+0800][33.261s][info][gc          ] GC(1175) Pause Young (Concurrent Start) (G1 Evacuation Pause) 53M->40M(64M) 6.295ms
[2026-06-17T10:06:53.611+0800][33.262s][info][gc,cpu      ] GC(1175) User=0.00s Sys=0.01s Real=0.01s
[2026-06-17T10:06:53.611+0800][33.262s][info][gc          ] GC(1176) Concurrent Mark Cycle
[2026-06-17T10:06:53.612+0800][33.262s][info][gc,marking  ] GC(1176) Concurrent Scan Root Regions
[2026-06-17T10:06:53.612+0800][33.263s][info][gc,marking  ] GC(1176) Concurrent Scan Root Regions 0.479ms
[2026-06-17T10:06:53.613+0800][33.263s][info][gc,marking  ] GC(1176) Concurrent Mark
[2026-06-17T10:06:53.613+0800][33.263s][info][gc,marking  ] GC(1176) Concurrent Mark From Roots
[2026-06-17T10:06:53.613+0800][33.264s][info][gc,task     ] GC(1176) Using 5 workers of 5 for marking
[2026-06-17T10:06:53.614+0800][33.265s][info][gc,marking  ] GC(1176) Concurrent Mark From Roots 1.516ms
[2026-06-17T10:06:53.615+0800][33.265s][info][gc,marking  ] GC(1176) Concurrent Preclean
[2026-06-17T10:06:53.615+0800][33.265s][info][gc,marking  ] GC(1176) Concurrent Preclean 0.195ms
[2026-06-17T10:06:53.615+0800][33.266s][info][gc,start    ] GC(1176) Pause Remark
[2026-06-17T10:06:53.616+0800][33.266s][info][gc          ] GC(1176) Pause Remark 43M->37M(64M) 0.525ms
[2026-06-17T10:06:53.616+0800][33.266s][info][gc,cpu      ] GC(1176) User=0.00s Sys=0.00s Real=0.00s
[2026-06-17T10:06:53.616+0800][33.267s][info][gc,marking  ] GC(1176) Concurrent Mark 3.550ms
[2026-06-17T10:06:53.617+0800][33.267s][info][gc,marking  ] GC(1176) Concurrent Rebuild Remembered Sets and Scrub Regions
[2026-06-17T10:06:53.617+0800][33.268s][info][gc,marking  ] GC(1176) Concurrent Rebuild Remembered Sets and Scrub Regions 0.700ms
[2026-06-17T10:06:53.618+0800][33.268s][info][gc,start    ] GC(1176) Pause Cleanup
[2026-06-17T10:06:53.618+0800][33.269s][info][gc          ] GC(1176) Pause Cleanup 37M->37M(64M) 0.295ms
[2026-06-17T10:06:53.619+0800][33.269s][info][gc,cpu      ] GC(1176) User=0.00s Sys=0.00s Real=0.00s
[2026-06-17T10:06:53.619+0800][33.269s][info][gc,marking  ] GC(1176) Concurrent Clear Claimed Marks
[2026-06-17T10:06:53.619+0800][33.270s][info][gc,marking  ] GC(1176) Concurrent Clear Claimed Marks 0.194ms
[2026-06-17T10:06:53.619+0800][33.270s][info][gc,marking  ] GC(1176) Concurrent Cleanup for Next Mark
[2026-06-17T10:06:53.620+0800][33.270s][info][gc,marking  ] GC(1176) Concurrent Cleanup for Next Mark 0.498ms
[2026-06-17T10:06:53.620+0800][33.271s][info][gc          ] GC(1176) Concurrent Mark Cycle 9.142ms
[2026-06-17T10:06:53.643+0800][33.294s][info][gc,start    ] GC(1177) Pause Young (Prepare Mixed) (G1 Evacuation Pause)
[2026-06-17T10:06:53.644+0800][33.294s][info][gc,task     ] GC(1177) Using 2 workers of 18 for evacuation
[2026-06-17T10:06:53.645+0800][33.295s][info][gc,phases   ] GC(1177)   Pre Evacuate Collection Set: 0.12ms
[2026-06-17T10:06:53.645+0800][33.296s][info][gc,phases   ] GC(1177)   Merge Heap Roots: 0.05ms
[2026-06-17T10:06:53.645+0800][33.296s][info][gc,phases   ] GC(1177)   Evacuate Collection Set: 0.34ms
[2026-06-17T10:06:53.645+0800][33.296s][info][gc,phases   ] GC(1177)   Post Evacuate Collection Set: 0.17ms
[2026-06-17T10:06:53.646+0800][33.296s][info][gc,phases   ] GC(1177)   Other: 0.36ms
[2026-06-17T10:06:53.646+0800][33.297s][info][gc,heap     ] GC(1177) Eden regions: 13->0(15)
[2026-06-17T10:06:53.647+0800][33.297s][info][gc,heap     ] GC(1177) Survivor regions: 3->2(2)
[2026-06-17T10:06:53.647+0800][33.298s][info][gc,heap     ] GC(1177) Old regions: 20->23
[2026-06-17T10:06:53.648+0800][33.298s][info][gc,heap     ] GC(1177) Humongous regions: 13->13
[2026-06-17T10:06:53.648+0800][33.298s][info][gc,metaspace] GC(1177) Metaspace: 116K(320K)->116K(320K) NonClass: 109K(192K)->109K(192K) Class: 7K(128K)->7K(128K)
[2026-06-17T10:06:53.648+0800][33.299s][info][gc          ] GC(1177) Pause Young (Prepare Mixed) (G1 Evacuation Pause) 47M->37M(64M) 4.851ms
[2026-06-17T10:06:53.648+0800][33.299s][info][gc,cpu      ] GC(1177) User=0.00s Sys=0.00s Real=0.00s
[2026-06-17T10:06:53.691+0800][33.341s][info][gc,start    ] GC(1178) Pause Young (Mixed) (G1 Evacuation Pause)
[2026-06-17T10:06:53.691+0800][33.342s][info][gc,task     ] GC(1178) Using 2 workers of 18 for evacuation
[2026-06-17T10:06:53.693+0800][33.343s][info][gc,phases   ] GC(1178)   Pre Evacuate Collection Set: 0.11ms
[2026-06-17T10:06:53.693+0800][33.344s][info][gc,phases   ] GC(1178)   Merge Heap Roots: 0.06ms
[2026-06-17T10:06:53.694+0800][33.345s][info][gc,phases   ] GC(1178)   Evacuate Collection Set: 0.39ms
[2026-06-17T10:06:53.695+0800][33.345s][info][gc,phases   ] GC(1178)   Post Evacuate Collection Set: 0.19ms
[2026-06-17T10:06:53.695+0800][33.346s][info][gc,phases   ] GC(1178)   Other: 0.57ms
[2026-06-17T10:06:53.696+0800][33.346s][info][gc,heap     ] GC(1178) Eden regions: 15->0(15)
[2026-06-17T10:06:53.697+0800][33.347s][info][gc,heap     ] GC(1178) Survivor regions: 2->3(3)
[2026-06-17T10:06:53.697+0800][33.348s][info][gc,heap     ] GC(1178) Old regions: 23->20
[2026-06-17T10:06:53.698+0800][33.348s][info][gc,heap     ] GC(1178) Humongous regions: 15->15
[2026-06-17T10:06:53.698+0800][33.349s][info][gc,metaspace] GC(1178) Metaspace: 116K(320K)->116K(320K) NonClass: 109K(192K)->109K(192K) Class: 7K(128K)->7K(128K)
[2026-06-17T10:06:53.699+0800][33.349s][info][gc          ] GC(1178) Pause Young (Mixed) (G1 Evacuation Pause) 54M->36M(64M) 8.044ms
[2026-06-17T10:06:53.699+0800][33.350s][info][gc,cpu      ] GC(1178) User=0.00s Sys=0.00s Real=0.00s
[2026-06-17T10:06:53.731+0800][33.381s][info][gc,start    ] GC(1179) Pause Young (Concurrent Start) (G1 Evacuation Pause)
[2026-06-17T10:06:53.732+0800][33.382s][info][gc,task     ] GC(1179) Using 2 workers of 18 for evacuation
[2026-06-17T10:06:53.733+0800][33.383s][info][gc,phases   ] GC(1179)   Pre Evacuate Collection Set: 0.29ms
[2026-06-17T10:06:53.733+0800][33.384s][info][gc,phases   ] GC(1179)   Merge Heap Roots: 0.05ms
[2026-06-17T10:06:53.734+0800][33.384s][info][gc,phases   ] GC(1179)   Evacuate Collection Set: 0.41ms
[2026-06-17T10:06:53.734+0800][33.384s][info][gc,phases   ] GC(1179)   Post Evacuate Collection Set: 0.18ms
[2026-06-17T10:06:53.734+0800][33.385s][info][gc,phases   ] GC(1179)   Other: 0.41ms
[2026-06-17T10:06:53.735+0800][33.385s][info][gc,heap     ] GC(1179) Eden regions: 15->0(14)
[2026-06-17T10:06:53.735+0800][33.386s][info][gc,heap     ] GC(1179) Survivor regions: 3->3(3)
[2026-06-17T10:06:53.735+0800][33.386s][info][gc,heap     ] GC(1179) Old regions: 20->21
[2026-06-17T10:06:53.736+0800][33.386s][info][gc,heap     ] GC(1179) Humongous regions: 15->15
[2026-06-17T10:06:53.736+0800][33.386s][info][gc,metaspace] GC(1179) Metaspace: 116K(320K)->116K(320K) NonClass: 109K(192K)->109K(192K) Class: 7K(128K)->7K(128K)
[2026-06-17T10:06:53.736+0800][33.386s][info][gc          ] GC(1179) Pause Young (Concurrent Start) (G1 Evacuation Pause) 51M->38M(64M) 5.078ms
[2026-06-17T10:06:53.736+0800][33.387s][info][gc,cpu      ] GC(1179) User=0.00s Sys=0.00s Real=0.00s
[2026-06-17T10:06:53.736+0800][33.387s][info][gc          ] GC(1180) Concurrent Mark Cycle
[2026-06-17T10:06:53.737+0800][33.387s][info][gc,marking  ] GC(1180) Concurrent Scan Root Regions
[2026-06-17T10:06:53.737+0800][33.388s][info][gc,marking  ] GC(1180) Concurrent Scan Root Regions 0.418ms
[2026-06-17T10:06:53.738+0800][33.388s][info][gc,marking  ] GC(1180) Concurrent Mark
[2026-06-17T10:06:53.738+0800][33.389s][info][gc,marking  ] GC(1180) Concurrent Mark From Roots
[2026-06-17T10:06:53.738+0800][33.389s][info][gc,task     ] GC(1180) Using 5 workers of 5 for marking
[2026-06-17T10:06:53.740+0800][33.390s][info][gc,marking  ] GC(1180) Concurrent Mark From Roots 1.582ms
[2026-06-17T10:06:53.740+0800][33.391s][info][gc,marking  ] GC(1180) Concurrent Preclean
[2026-06-17T10:06:53.740+0800][33.391s][info][gc,marking  ] GC(1180) Concurrent Preclean 0.352ms
[2026-06-17T10:06:53.741+0800][33.391s][info][gc,start    ] GC(1180) Pause Remark
[2026-06-17T10:06:53.741+0800][33.392s][info][gc          ] GC(1180) Pause Remark 40M->40M(64M) 0.521ms
[2026-06-17T10:06:53.741+0800][33.392s][info][gc,cpu      ] GC(1180) User=0.00s Sys=0.00s Real=0.00s
[2026-06-17T10:06:53.742+0800][33.392s][info][gc,marking  ] GC(1180) Concurrent Mark 4.094ms
[2026-06-17T10:06:53.742+0800][33.393s][info][gc,marking  ] GC(1180) Concurrent Rebuild Remembered Sets and Scrub Regions
[2026-06-17T10:06:53.743+0800][33.393s][info][gc,marking  ] GC(1180) Concurrent Rebuild Remembered Sets and Scrub Regions 0.702ms
[2026-06-17T10:06:53.743+0800][33.394s][info][gc,start    ] GC(1180) Pause Cleanup
[2026-06-17T10:06:53.743+0800][33.394s][info][gc          ] GC(1180) Pause Cleanup 40M->40M(64M) 0.237ms
[2026-06-17T10:06:53.744+0800][33.394s][info][gc,cpu      ] GC(1180) User=0.00s Sys=0.00s Real=0.00s
[2026-06-17T10:06:53.744+0800][33.395s][info][gc,marking  ] GC(1180) Concurrent Clear Claimed Marks
[2026-06-17T10:06:53.745+0800][33.395s][info][gc,marking  ] GC(1180) Concurrent Clear Claimed Marks 0.591ms
[2026-06-17T10:06:53.745+0800][33.395s][info][gc,marking  ] GC(1180) Concurrent Cleanup for Next Mark
[2026-06-17T10:06:53.745+0800][33.396s][info][gc,marking  ] GC(1180) Concurrent Cleanup for Next Mark 0.320ms
[2026-06-17T10:06:53.745+0800][33.396s][info][gc          ] GC(1180) Concurrent Mark Cycle 9.264ms
[2026-06-17T10:06:53.768+0800][33.418s][info][gc,start    ] GC(1181) Pause Young (Prepare Mixed) (G1 Evacuation Pause)
[2026-06-17T10:06:53.768+0800][33.419s][info][gc,task     ] GC(1181) Using 2 workers of 18 for evacuation
[2026-06-17T10:06:53.770+0800][33.420s][info][gc,phases   ] GC(1181)   Pre Evacuate Collection Set: 0.17ms
[2026-06-17T10:06:53.770+0800][33.421s][info][gc,phases   ] GC(1181)   Merge Heap Roots: 0.06ms
[2026-06-17T10:06:53.770+0800][33.421s][info][gc,phases   ] GC(1181)   Evacuate Collection Set: 0.49ms
[2026-06-17T10:06:53.771+0800][33.421s][info][gc,phases   ] GC(1181)   Post Evacuate Collection Set: 0.21ms
[2026-06-17T10:06:53.771+0800][33.422s][info][gc,phases   ] GC(1181)   Other: 0.39ms
[2026-06-17T10:06:53.772+0800][33.422s][info][gc,heap     ] GC(1181) Eden regions: 14->0(12)
[2026-06-17T10:06:53.772+0800][33.423s][info][gc,heap     ] GC(1181) Survivor regions: 3->3(3)
[2026-06-17T10:06:53.773+0800][33.423s][info][gc,heap     ] GC(1181) Old regions: 21->25
[2026-06-17T10:06:53.773+0800][33.424s][info][gc,heap     ] GC(1181) Humongous regions: 15->15
[2026-06-17T10:06:53.774+0800][33.424s][info][gc,metaspace] GC(1181) Metaspace: 116K(320K)->116K(320K) NonClass: 109K(192K)->109K(192K) Class: 7K(128K)->7K(128K)
[2026-06-17T10:06:53.774+0800][33.425s][info][gc          ] GC(1181) Pause Young (Prepare Mixed) (G1 Evacuation Pause) 52M->42M(64M) 6.256ms
[2026-06-17T10:06:53.774+0800][33.425s][info][gc,cpu      ] GC(1181) User=0.00s Sys=0.00s Real=0.01s
[2026-06-17T10:06:53.806+0800][33.457s][info][gc,start    ] GC(1182) Pause Young (Mixed) (G1 Evacuation Pause)
[2026-06-17T10:06:53.807+0800][33.457s][info][gc,task     ] GC(1182) Using 2 workers of 18 for evacuation
[2026-06-17T10:06:53.808+0800][33.459s][info][gc,phases   ] GC(1182)   Pre Evacuate Collection Set: 0.12ms
[2026-06-17T10:06:53.809+0800][33.459s][info][gc,phases   ] GC(1182)   Merge Heap Roots: 0.04ms
[2026-06-17T10:06:53.809+0800][33.460s][info][gc,phases   ] GC(1182)   Evacuate Collection Set: 0.37ms
[2026-06-17T10:06:53.810+0800][33.460s][info][gc,phases   ] GC(1182)   Post Evacuate Collection Set: 0.17ms
[2026-06-17T10:06:53.810+0800][33.460s][info][gc,phases   ] GC(1182)   Other: 0.69ms
[2026-06-17T10:06:53.810+0800][33.461s][info][gc,heap     ] GC(1182) Eden regions: 12->0(12)
[2026-06-17T10:06:53.811+0800][33.461s][info][gc,heap     ] GC(1182) Survivor regions: 3->2(2)
[2026-06-17T10:06:53.811+0800][33.462s][info][gc,heap     ] GC(1182) Old regions: 25->26
[2026-06-17T10:06:53.812+0800][33.462s][info][gc,heap     ] GC(1182) Humongous regions: 15->15
[2026-06-17T10:06:53.812+0800][33.462s][info][gc,metaspace] GC(1182) Metaspace: 116K(320K)->116K(320K) NonClass: 109K(192K)->109K(192K) Class: 7K(128K)->7K(128K)
[2026-06-17T10:06:53.812+0800][33.463s][info][gc          ] GC(1182) Pause Young (Mixed) (G1 Evacuation Pause) 54M->42M(64M) 5.942ms
[2026-06-17T10:06:53.812+0800][33.463s][info][gc,cpu      ] GC(1182) User=0.00s Sys=0.00s Real=0.01s
[2026-06-17T10:06:53.844+0800][33.495s][info][gc,start    ] GC(1183) Pause Young (Concurrent Start) (G1 Evacuation Pause)
[2026-06-17T10:06:53.844+0800][33.495s][info][gc,task     ] GC(1183) Using 2 workers of 18 for evacuation
[2026-06-17T10:06:53.845+0800][33.496s][info][gc,phases   ] GC(1183)   Pre Evacuate Collection Set: 0.18ms
[2026-06-17T10:06:53.845+0800][33.496s][info][gc,phases   ] GC(1183)   Merge Heap Roots: 0.04ms
[2026-06-17T10:06:53.846+0800][33.496s][info][gc,phases   ] GC(1183)   Evacuate Collection Set: 0.26ms
[2026-06-17T10:06:53.846+0800][33.496s][info][gc,phases   ] GC(1183)   Post Evacuate Collection Set: 0.20ms
[2026-06-17T10:06:53.846+0800][33.497s][info][gc,phases   ] GC(1183)   Other: 0.20ms
[2026-06-17T10:06:53.846+0800][33.497s][info][gc,heap     ] GC(1183) Eden regions: 12->0(12)
[2026-06-17T10:06:53.846+0800][33.497s][info][gc,heap     ] GC(1183) Survivor regions: 2->2(2)
[2026-06-17T10:06:53.847+0800][33.497s][info][gc,heap     ] GC(1183) Old regions: 26->28
[2026-06-17T10:06:53.847+0800][33.498s][info][gc,heap     ] GC(1183) Humongous regions: 15->15
[2026-06-17T10:06:53.847+0800][33.498s][info][gc,metaspace] GC(1183) Metaspace: 116K(320K)->116K(320K) NonClass: 109K(192K)->109K(192K) Class: 7K(128K)->7K(128K)
[2026-06-17T10:06:53.848+0800][33.498s][info][gc          ] GC(1183) Pause Young (Concurrent Start) (G1 Evacuation Pause) 54M->43M(64M) 3.872ms
[2026-06-17T10:06:53.848+0800][33.499s][info][gc,cpu      ] GC(1183) User=0.00s Sys=0.00s Real=0.00s
[2026-06-17T10:06:53.848+0800][33.499s][info][gc          ] GC(1184) Concurrent Mark Cycle
[2026-06-17T10:06:53.849+0800][33.499s][info][gc,marking  ] GC(1184) Concurrent Scan Root Regions
[2026-06-17T10:06:53.849+0800][33.500s][info][gc,marking  ] GC(1184) Concurrent Scan Root Regions 0.334ms
[2026-06-17T10:06:53.849+0800][33.500s][info][gc,marking  ] GC(1184) Concurrent Mark
[2026-06-17T10:06:53.850+0800][33.500s][info][gc,marking  ] GC(1184) Concurrent Mark From Roots
[2026-06-17T10:06:53.850+0800][33.501s][info][gc,task     ] GC(1184) Using 5 workers of 5 for marking
[2026-06-17T10:06:53.852+0800][33.502s][info][gc,marking  ] GC(1184) Concurrent Mark From Roots 1.807ms
[2026-06-17T10:06:53.852+0800][33.502s][info][gc,marking  ] GC(1184) Concurrent Preclean
[2026-06-17T10:06:53.852+0800][33.503s][info][gc,marking  ] GC(1184) Concurrent Preclean 0.308ms
[2026-06-17T10:06:53.853+0800][33.503s][info][gc,start    ] GC(1184) Pause Remark
[2026-06-17T10:06:53.853+0800][33.504s][info][gc          ] GC(1184) Pause Remark 44M->37M(64M) 0.750ms
[2026-06-17T10:06:53.854+0800][33.504s][info][gc,cpu      ] GC(1184) User=0.00s Sys=0.00s Real=0.00s
[2026-06-17T10:06:53.854+0800][33.505s][info][gc,marking  ] GC(1184) Concurrent Mark 4.592ms
[2026-06-17T10:06:53.854+0800][33.505s][info][gc,marking  ] GC(1184) Concurrent Rebuild Remembered Sets and Scrub Regions
[2026-06-17T10:06:53.855+0800][33.505s][info][gc,marking  ] GC(1184) Concurrent Rebuild Remembered Sets and Scrub Regions 0.589ms
[2026-06-17T10:06:53.855+0800][33.506s][info][gc,start    ] GC(1184) Pause Cleanup
[2026-06-17T10:06:53.855+0800][33.506s][info][gc          ] GC(1184) Pause Cleanup 37M->37M(64M) 0.276ms
[2026-06-17T10:06:53.856+0800][33.506s][info][gc,cpu      ] GC(1184) User=0.00s Sys=0.00s Real=0.00s
[2026-06-17T10:06:53.856+0800][33.507s][info][gc,marking  ] GC(1184) Concurrent Clear Claimed Marks
[2026-06-17T10:06:53.856+0800][33.507s][info][gc,marking  ] GC(1184) Concurrent Clear Claimed Marks 0.236ms
[2026-06-17T10:06:53.857+0800][33.507s][info][gc,marking  ] GC(1184) Concurrent Cleanup for Next Mark
[2026-06-17T10:06:53.857+0800][33.508s][info][gc,marking  ] GC(1184) Concurrent Cleanup for Next Mark 0.452ms
[2026-06-17T10:06:53.857+0800][33.508s][info][gc          ] GC(1184) Concurrent Mark Cycle 9.140ms
[2026-06-17T10:06:53.880+0800][33.530s][info][gc,start    ] GC(1185) Pause Young (Prepare Mixed) (G1 Evacuation Pause)
[2026-06-17T10:06:53.880+0800][33.531s][info][gc,task     ] GC(1185) Using 2 workers of 18 for evacuation
[2026-06-17T10:06:53.881+0800][33.532s][info][gc,phases   ] GC(1185)   Pre Evacuate Collection Set: 0.12ms
[2026-06-17T10:06:53.882+0800][33.532s][info][gc,phases   ] GC(1185)   Merge Heap Roots: 0.05ms
[2026-06-17T10:06:53.882+0800][33.533s][info][gc,phases   ] GC(1185)   Evacuate Collection Set: 0.29ms
[2026-06-17T10:06:53.883+0800][33.533s][info][gc,phases   ] GC(1185)   Post Evacuate Collection Set: 0.18ms
[2026-06-17T10:06:53.883+0800][33.533s][info][gc,phases   ] GC(1185)   Other: 0.37ms
[2026-06-17T10:06:53.884+0800][33.534s][info][gc,heap     ] GC(1185) Eden regions: 12->0(14)
[2026-06-17T10:06:53.884+0800][33.535s][info][gc,heap     ] GC(1185) Survivor regions: 2->2(2)
[2026-06-17T10:06:53.885+0800][33.535s][info][gc,heap     ] GC(1185) Old regions: 21->22
[2026-06-17T10:06:53.885+0800][33.535s][info][gc,heap     ] GC(1185) Humongous regions: 15->15
[2026-06-17T10:06:53.885+0800][33.536s][info][gc,metaspace] GC(1185) Metaspace: 116K(320K)->116K(320K) NonClass: 109K(192K)->109K(192K) Class: 7K(128K)->7K(128K)
[2026-06-17T10:06:53.885+0800][33.536s][info][gc          ] GC(1185) Pause Young (Prepare Mixed) (G1 Evacuation Pause) 48M->38M(64M) 5.530ms
[2026-06-17T10:06:53.886+0800][33.536s][info][gc,cpu      ] GC(1185) User=0.00s Sys=0.00s Real=0.01s
[2026-06-17T10:06:53.928+0800][33.578s][info][gc,start    ] GC(1186) Pause Young (Mixed) (G1 Evacuation Pause)
[2026-06-17T10:06:53.929+0800][33.579s][info][gc,task     ] GC(1186) Using 2 workers of 18 for evacuation
[2026-06-17T10:06:53.930+0800][33.581s][info][gc,phases   ] GC(1186)   Pre Evacuate Collection Set: 0.12ms
[2026-06-17T10:06:53.931+0800][33.581s][info][gc,phases   ] GC(1186)   Merge Heap Roots: 0.05ms
[2026-06-17T10:06:53.931+0800][33.582s][info][gc,phases   ] GC(1186)   Evacuate Collection Set: 0.50ms
[2026-06-17T10:06:53.932+0800][33.583s][info][gc,phases   ] GC(1186)   Post Evacuate Collection Set: 0.18ms
[2026-06-17T10:06:53.932+0800][33.583s][info][gc,phases   ] GC(1186)   Other: 0.71ms
[2026-06-17T10:06:53.933+0800][33.583s][info][gc,heap     ] GC(1186) Eden regions: 14->0(15)
[2026-06-17T10:06:53.933+0800][33.584s][info][gc,heap     ] GC(1186) Survivor regions: 2->2(2)
[2026-06-17T10:06:53.933+0800][33.584s][info][gc,heap     ] GC(1186) Old regions: 22->22
[2026-06-17T10:06:53.934+0800][33.584s][info][gc,heap     ] GC(1186) Humongous regions: 17->11
[2026-06-17T10:06:53.934+0800][33.585s][info][gc,metaspace] GC(1186) Metaspace: 116K(320K)->116K(320K) NonClass: 109K(192K)->109K(192K) Class: 7K(128K)->7K(128K)
[2026-06-17T10:06:53.935+0800][33.585s][info][gc          ] GC(1186) Pause Young (Mixed) (G1 Evacuation Pause) 54M->34M(64M) 6.984ms
[2026-06-17T10:06:53.935+0800][33.586s][info][gc,cpu      ] GC(1186) User=0.00s Sys=0.00s Real=0.01s
[2026-06-17T10:06:53.977+0800][33.628s][info][gc,start    ] GC(1187) Pause Young (Concurrent Start) (G1 Evacuation Pause)
[2026-06-17T10:06:53.978+0800][33.629s][info][gc,task     ] GC(1187) Using 2 workers of 18 for evacuation
[2026-06-17T10:06:53.979+0800][33.630s][info][gc,phases   ] GC(1187)   Pre Evacuate Collection Set: 0.18ms
[2026-06-17T10:06:53.980+0800][33.630s][info][gc,phases   ] GC(1187)   Merge Heap Roots: 0.04ms
[2026-06-17T10:06:53.980+0800][33.631s][info][gc,phases   ] GC(1187)   Evacuate Collection Set: 0.40ms
[2026-06-17T10:06:53.981+0800][33.631s][info][gc,phases   ] GC(1187)   Post Evacuate Collection Set: 0.30ms
[2026-06-17T10:06:53.981+0800][33.632s][info][gc,phases   ] GC(1187)   Other: 0.41ms
[2026-06-17T10:06:53.982+0800][33.632s][info][gc,heap     ] GC(1187) Eden regions: 15->0(14)
[2026-06-17T10:06:53.982+0800][33.633s][info][gc,heap     ] GC(1187) Survivor regions: 2->3(3)
[2026-06-17T10:06:53.983+0800][33.633s][info][gc,heap     ] GC(1187) Old regions: 22->24
[2026-06-17T10:06:53.983+0800][33.634s][info][gc,heap     ] GC(1187) Humongous regions: 11->11
[2026-06-17T10:06:53.983+0800][33.634s][info][gc,metaspace] GC(1187) Metaspace: 116K(320K)->116K(320K) NonClass: 109K(192K)->109K(192K) Class: 7K(128K)->7K(128K)
[2026-06-17T10:06:53.984+0800][33.634s][info][gc          ] GC(1187) Pause Young (Concurrent Start) (G1 Evacuation Pause) 49M->37M(64M) 6.339ms
[2026-06-17T10:06:53.984+0800][33.635s][info][gc,cpu      ] GC(1187) User=0.00s Sys=0.00s Real=0.01s
[2026-06-17T10:06:53.984+0800][33.635s][info][gc          ] GC(1188) Concurrent Mark Cycle
[2026-06-17T10:06:53.985+0800][33.635s][info][gc,marking  ] GC(1188) Concurrent Scan Root Regions
[2026-06-17T10:06:53.985+0800][33.636s][info][gc,marking  ] GC(1188) Concurrent Scan Root Regions 0.355ms
[2026-06-17T10:06:53.986+0800][33.636s][info][gc,marking  ] GC(1188) Concurrent Mark
[2026-06-17T10:06:53.986+0800][33.637s][info][gc,marking  ] GC(1188) Concurrent Mark From Roots
[2026-06-17T10:06:53.986+0800][33.637s][info][gc,task     ] GC(1188) Using 5 workers of 5 for marking
[2026-06-17T10:06:53.987+0800][33.638s][info][gc,marking  ] GC(1188) Concurrent Mark From Roots 1.499ms
[2026-06-17T10:06:53.988+0800][33.638s][info][gc,marking  ] GC(1188) Concurrent Preclean
[2026-06-17T10:06:53.988+0800][33.639s][info][gc,marking  ] GC(1188) Concurrent Preclean 0.274ms
[2026-06-17T10:06:53.988+0800][33.639s][info][gc,start    ] GC(1188) Pause Remark
[2026-06-17T10:06:53.989+0800][33.639s][info][gc          ] GC(1188) Pause Remark 40M->35M(64M) 0.548ms
[2026-06-17T10:06:53.989+0800][33.640s][info][gc,cpu      ] GC(1188) User=0.00s Sys=0.00s Real=0.00s
[2026-06-17T10:06:53.989+0800][33.640s][info][gc,marking  ] GC(1188) Concurrent Mark 3.691ms
[2026-06-17T10:06:53.990+0800][33.640s][info][gc,marking  ] GC(1188) Concurrent Rebuild Remembered Sets and Scrub Regions
[2026-06-17T10:06:53.990+0800][33.641s][info][gc,marking  ] GC(1188) Concurrent Rebuild Remembered Sets and Scrub Regions 0.655ms
[2026-06-17T10:06:53.991+0800][33.641s][info][gc,start    ] GC(1188) Pause Cleanup
[2026-06-17T10:06:53.991+0800][33.642s][info][gc          ] GC(1188) Pause Cleanup 35M->35M(64M) 0.380ms
[2026-06-17T10:06:53.991+0800][33.642s][info][gc,cpu      ] GC(1188) User=0.00s Sys=0.00s Real=0.00s
[2026-06-17T10:06:53.992+0800][33.642s][info][gc,marking  ] GC(1188) Concurrent Clear Claimed Marks
[2026-06-17T10:06:53.992+0800][33.643s][info][gc,marking  ] GC(1188) Concurrent Clear Claimed Marks 0.336ms
[2026-06-17T10:06:53.992+0800][33.643s][info][gc,marking  ] GC(1188) Concurrent Cleanup for Next Mark
[2026-06-17T10:06:53.993+0800][33.643s][info][gc,marking  ] GC(1188) Concurrent Cleanup for Next Mark 0.349ms
[2026-06-17T10:06:53.993+0800][33.644s][info][gc          ] GC(1188) Concurrent Mark Cycle 9.125ms
[2026-06-17T10:06:54.016+0800][33.666s][info][gc,start    ] GC(1189) Pause Young (Prepare Mixed) (G1 Evacuation Pause)
[2026-06-17T10:06:54.016+0800][33.667s][info][gc,task     ] GC(1189) Using 2 workers of 18 for evacuation
[2026-06-17T10:06:54.018+0800][33.668s][info][gc,phases   ] GC(1189)   Pre Evacuate Collection Set: 0.13ms
[2026-06-17T10:06:54.018+0800][33.669s][info][gc,phases   ] GC(1189)   Merge Heap Roots: 0.05ms
[2026-06-17T10:06:54.019+0800][33.669s][info][gc,phases   ] GC(1189)   Evacuate Collection Set: 0.47ms
[2026-06-17T10:06:54.019+0800][33.670s][info][gc,phases   ] GC(1189)   Post Evacuate Collection Set: 0.18ms
[2026-06-17T10:06:54.020+0800][33.670s][info][gc,phases   ] GC(1189)   Other: 0.54ms
[2026-06-17T10:06:54.020+0800][33.671s][info][gc,heap     ] GC(1189) Eden regions: 14->0(14)
[2026-06-17T10:06:54.021+0800][33.671s][info][gc,heap     ] GC(1189) Survivor regions: 3->3(3)
[2026-06-17T10:06:54.021+0800][33.672s][info][gc,heap     ] GC(1189) Old regions: 19->23
[2026-06-17T10:06:54.021+0800][33.672s][info][gc,heap     ] GC(1189) Humongous regions: 11->11
[2026-06-17T10:06:54.022+0800][33.672s][info][gc,metaspace] GC(1189) Metaspace: 116K(320K)->116K(320K) NonClass: 109K(192K)->109K(192K) Class: 7K(128K)->7K(128K)
[2026-06-17T10:06:54.022+0800][33.673s][info][gc          ] GC(1189) Pause Young (Prepare Mixed) (G1 Evacuation Pause) 46M->36M(64M) 6.270ms
[2026-06-17T10:06:54.022+0800][33.673s][info][gc,cpu      ] GC(1189) User=0.00s Sys=0.01s Real=0.01s
[2026-06-17T10:06:54.065+0800][33.715s][info][gc,start    ] GC(1190) Pause Young (Mixed) (G1 Evacuation Pause)
[2026-06-17T10:06:54.065+0800][33.716s][info][gc,task     ] GC(1190) Using 2 workers of 18 for evacuation
[2026-06-17T10:06:54.067+0800][33.717s][info][gc,phases   ] GC(1190)   Pre Evacuate Collection Set: 0.18ms
[2026-06-17T10:06:54.067+0800][33.718s][info][gc,phases   ] GC(1190)   Merge Heap Roots: 0.08ms
[2026-06-17T10:06:54.067+0800][33.718s][info][gc,phases   ] GC(1190)   Evacuate Collection Set: 0.51ms
[2026-06-17T10:06:54.068+0800][33.718s][info][gc,phases   ] GC(1190)   Post Evacuate Collection Set: 0.26ms
[2026-06-17T10:06:54.068+0800][33.719s][info][gc,phases   ] GC(1190)   Other: 0.49ms
[2026-06-17T10:06:54.069+0800][33.719s][info][gc,heap     ] GC(1190) Eden regions: 14->0(15)
[2026-06-17T10:06:54.069+0800][33.720s][info][gc,heap     ] GC(1190) Survivor regions: 3->3(3)
[2026-06-17T10:06:54.070+0800][33.720s][info][gc,heap     ] GC(1190) Old regions: 23->20
[2026-06-17T10:06:54.070+0800][33.720s][info][gc,heap     ] GC(1190) Humongous regions: 11->11
[2026-06-17T10:06:54.070+0800][33.721s][info][gc,metaspace] GC(1190) Metaspace: 116K(320K)->116K(320K) NonClass: 109K(192K)->109K(192K) Class: 7K(128K)->7K(128K)
[2026-06-17T10:06:54.071+0800][33.721s][info][gc          ] GC(1190) Pause Young (Mixed) (G1 Evacuation Pause) 50M->33M(64M) 6.133ms
[2026-06-17T10:06:54.071+0800][33.722s][info][gc,cpu      ] GC(1190) User=0.00s Sys=0.00s Real=0.01s
[2026-06-17T10:06:54.103+0800][33.754s][info][gc,start    ] GC(1191) Pause Young (Concurrent Start) (G1 Evacuation Pause)
[2026-06-17T10:06:54.104+0800][33.754s][info][gc,task     ] GC(1191) Using 2 workers of 18 for evacuation
[2026-06-17T10:06:54.105+0800][33.755s][info][gc,phases   ] GC(1191)   Pre Evacuate Collection Set: 0.31ms
[2026-06-17T10:06:54.105+0800][33.755s][info][gc,phases   ] GC(1191)   Merge Heap Roots: 0.07ms
[2026-06-17T10:06:54.105+0800][33.756s][info][gc,phases   ] GC(1191)   Evacuate Collection Set: 0.37ms
[2026-06-17T10:06:54.105+0800][33.756s][info][gc,phases   ] GC(1191)   Post Evacuate Collection Set: 0.23ms
[2026-06-17T10:06:54.105+0800][33.756s][info][gc,phases   ] GC(1191)   Other: 0.26ms
[2026-06-17T10:06:54.106+0800][33.756s][info][gc,heap     ] GC(1191) Eden regions: 15->0(16)
[2026-06-17T10:06:54.106+0800][33.756s][info][gc,heap     ] GC(1191) Survivor regions: 3->2(3)
[2026-06-17T10:06:54.106+0800][33.756s][info][gc,heap     ] GC(1191) Old regions: 20->21
[2026-06-17T10:06:54.106+0800][33.757s][info][gc,heap     ] GC(1191) Humongous regions: 11->11
[2026-06-17T10:06:54.106+0800][33.757s][info][gc,metaspace] GC(1191) Metaspace: 116K(320K)->116K(320K) NonClass: 109K(192K)->109K(192K) Class: 7K(128K)->7K(128K)
[2026-06-17T10:06:54.106+0800][33.757s][info][gc          ] GC(1191) Pause Young (Concurrent Start) (G1 Evacuation Pause) 48M->33M(64M) 3.092ms
[2026-06-17T10:06:54.107+0800][33.757s][info][gc,cpu      ] GC(1191) User=0.00s Sys=0.00s Real=0.00s
[2026-06-17T10:06:54.107+0800][33.757s][info][gc          ] GC(1192) Concurrent Mark Cycle
[2026-06-17T10:06:54.107+0800][33.758s][info][gc,marking  ] GC(1192) Concurrent Scan Root Regions
[2026-06-17T10:06:54.108+0800][33.758s][info][gc,marking  ] GC(1192) Concurrent Scan Root Regions 0.408ms
[2026-06-17T10:06:54.108+0800][33.759s][info][gc,marking  ] GC(1192) Concurrent Mark
[2026-06-17T10:06:54.108+0800][33.759s][info][gc,marking  ] GC(1192) Concurrent Mark From Roots
[2026-06-17T10:06:54.108+0800][33.759s][info][gc,task     ] GC(1192) Using 5 workers of 5 for marking
[2026-06-17T10:06:54.110+0800][33.760s][info][gc,marking  ] GC(1192) Concurrent Mark From Roots 1.451ms
[2026-06-17T10:06:54.110+0800][33.761s][info][gc,marking  ] GC(1192) Concurrent Preclean
[2026-06-17T10:06:54.110+0800][33.761s][info][gc,marking  ] GC(1192) Concurrent Preclean 0.236ms
[2026-06-17T10:06:54.110+0800][33.761s][info][gc,start    ] GC(1192) Pause Remark
[2026-06-17T10:06:54.111+0800][33.762s][info][gc          ] GC(1192) Pause Remark 37M->37M(64M) 0.600ms
[2026-06-17T10:06:54.111+0800][33.762s][info][gc,cpu      ] GC(1192) User=0.00s Sys=0.00s Real=0.01s
[2026-06-17T10:06:54.112+0800][33.762s][info][gc,marking  ] GC(1192) Concurrent Mark 3.508ms
[2026-06-17T10:06:54.112+0800][33.762s][info][gc,marking  ] GC(1192) Concurrent Rebuild Remembered Sets and Scrub Regions
[2026-06-17T10:06:54.112+0800][33.763s][info][gc,marking  ] GC(1192) Concurrent Rebuild Remembered Sets and Scrub Regions 0.534ms
[2026-06-17T10:06:54.113+0800][33.763s][info][gc,start    ] GC(1192) Pause Cleanup
[2026-06-17T10:06:54.113+0800][33.764s][info][gc          ] GC(1192) Pause Cleanup 37M->37M(64M) 0.451ms
[2026-06-17T10:06:54.113+0800][33.764s][info][gc,cpu      ] GC(1192) User=0.00s Sys=0.00s Real=0.00s
[2026-06-17T10:06:54.114+0800][33.764s][info][gc,marking  ] GC(1192) Concurrent Clear Claimed Marks
[2026-06-17T10:06:54.114+0800][33.765s][info][gc,marking  ] GC(1192) Concurrent Clear Claimed Marks 0.246ms
[2026-06-17T10:06:54.114+0800][33.765s][info][gc,marking  ] GC(1192) Concurrent Cleanup for Next Mark
[2026-06-17T10:06:54.115+0800][33.765s][info][gc,marking  ] GC(1192) Concurrent Cleanup for Next Mark 0.417ms
[2026-06-17T10:06:54.115+0800][33.766s][info][gc          ] GC(1192) Concurrent Mark Cycle 8.504ms
[2026-06-17T10:06:54.149+0800][33.800s][info][gc,start    ] GC(1193) Pause Young (Prepare Mixed) (G1 Evacuation Pause)
[2026-06-17T10:06:54.150+0800][33.801s][info][gc,task     ] GC(1193) Using 2 workers of 18 for evacuation
[2026-06-17T10:06:54.152+0800][33.802s][info][gc,phases   ] GC(1193)   Pre Evacuate Collection Set: 0.17ms
[2026-06-17T10:06:54.152+0800][33.803s][info][gc,phases   ] GC(1193)   Merge Heap Roots: 0.06ms
[2026-06-17T10:06:54.153+0800][33.803s][info][gc,phases   ] GC(1193)   Evacuate Collection Set: 0.57ms
[2026-06-17T10:06:54.153+0800][33.803s][info][gc,phases   ] GC(1193)   Post Evacuate Collection Set: 0.24ms
[2026-06-17T10:06:54.153+0800][33.804s][info][gc,phases   ] GC(1193)   Other: 0.48ms
[2026-06-17T10:06:54.153+0800][33.804s][info][gc,heap     ] GC(1193) Eden regions: 16->0(11)
[2026-06-17T10:06:54.154+0800][33.804s][info][gc,heap     ] GC(1193) Survivor regions: 2->3(3)
[2026-06-17T10:06:54.154+0800][33.804s][info][gc,heap     ] GC(1193) Old regions: 21->26
[2026-06-17T10:06:54.154+0800][33.805s][info][gc,heap     ] GC(1193) Humongous regions: 13->13
[2026-06-17T10:06:54.154+0800][33.805s][info][gc,metaspace] GC(1193) Metaspace: 116K(320K)->116K(320K) NonClass: 109K(192K)->109K(192K) Class: 7K(128K)->7K(128K)
[2026-06-17T10:06:54.155+0800][33.805s][info][gc          ] GC(1193) Pause Young (Prepare Mixed) (G1 Evacuation Pause) 51M->41M(64M) 5.612ms
[2026-06-17T10:06:54.155+0800][33.805s][info][gc,cpu      ] GC(1193) User=0.00s Sys=0.00s Real=0.01s
[2026-06-17T10:06:54.187+0800][33.837s][info][gc,start    ] GC(1194) Pause Young (Mixed) (G1 Evacuation Pause)
[2026-06-17T10:06:54.187+0800][33.838s][info][gc,task     ] GC(1194) Using 2 workers of 18 for evacuation
[2026-06-17T10:06:54.188+0800][33.839s][info][gc,phases   ] GC(1194)   Pre Evacuate Collection Set: 0.11ms
[2026-06-17T10:06:54.189+0800][33.839s][info][gc,phases   ] GC(1194)   Merge Heap Roots: 0.05ms
[2026-06-17T10:06:54.189+0800][33.840s][info][gc,phases   ] GC(1194)   Evacuate Collection Set: 0.46ms
[2026-06-17T10:06:54.189+0800][33.840s][info][gc,phases   ] GC(1194)   Post Evacuate Collection Set: 0.18ms
[2026-06-17T10:06:54.190+0800][33.840s][info][gc,phases   ] GC(1194)   Other: 0.31ms
[2026-06-17T10:06:54.190+0800][33.841s][info][gc,heap     ] GC(1194) Eden regions: 11->0(10)
[2026-06-17T10:06:54.191+0800][33.841s][info][gc,heap     ] GC(1194) Survivor regions: 3->2(2)
[2026-06-17T10:06:54.191+0800][33.842s][info][gc,heap     ] GC(1194) Old regions: 26->29
[2026-06-17T10:06:54.191+0800][33.842s][info][gc,heap     ] GC(1194) Humongous regions: 13->13
[2026-06-17T10:06:54.192+0800][33.842s][info][gc,metaspace] GC(1194) Metaspace: 116K(320K)->116K(320K) NonClass: 109K(192K)->109K(192K) Class: 7K(128K)->7K(128K)
[2026-06-17T10:06:54.192+0800][33.843s][info][gc          ] GC(1194) Pause Young (Mixed) (G1 Evacuation Pause) 52M->43M(64M) 5.603ms
[2026-06-17T10:06:54.193+0800][33.843s][info][gc,cpu      ] GC(1194) User=0.00s Sys=0.00s Real=0.01s
[2026-06-17T10:06:54.214+0800][33.865s][info][gc,start    ] GC(1195) Pause Young (Concurrent Start) (G1 Evacuation Pause)
[2026-06-17T10:06:54.215+0800][33.865s][info][gc,task     ] GC(1195) Using 2 workers of 18 for evacuation
[2026-06-17T10:06:54.216+0800][33.866s][info][gc,phases   ] GC(1195)   Pre Evacuate Collection Set: 0.17ms
[2026-06-17T10:06:54.216+0800][33.867s][info][gc,phases   ] GC(1195)   Merge Heap Roots: 0.04ms
[2026-06-17T10:06:54.216+0800][33.867s][info][gc,phases   ] GC(1195)   Evacuate Collection Set: 0.21ms
[2026-06-17T10:06:54.217+0800][33.867s][info][gc,phases   ] GC(1195)   Post Evacuate Collection Set: 0.17ms
[2026-06-17T10:06:54.217+0800][33.868s][info][gc,phases   ] GC(1195)   Other: 0.44ms
[2026-06-17T10:06:54.218+0800][33.868s][info][gc,heap     ] GC(1195) Eden regions: 10->0(11)
[2026-06-17T10:06:54.218+0800][33.868s][info][gc,heap     ] GC(1195) Survivor regions: 2->1(2)
[2026-06-17T10:06:54.218+0800][33.869s][info][gc,heap     ] GC(1195) Old regions: 29->30
[2026-06-17T10:06:54.218+0800][33.869s][info][gc,heap     ] GC(1195) Humongous regions: 13->13
[2026-06-17T10:06:54.219+0800][33.869s][info][gc,metaspace] GC(1195) Metaspace: 116K(320K)->116K(320K) NonClass: 109K(192K)->109K(192K) Class: 7K(128K)->7K(128K)
[2026-06-17T10:06:54.219+0800][33.870s][info][gc          ] GC(1195) Pause Young (Concurrent Start) (G1 Evacuation Pause) 53M->43M(64M) 5.006ms
[2026-06-17T10:06:54.219+0800][33.870s][info][gc,cpu      ] GC(1195) User=0.00s Sys=0.00s Real=0.00s
[2026-06-17T10:06:54.219+0800][33.870s][info][gc          ] GC(1196) Concurrent Mark Cycle
[2026-06-17T10:06:54.220+0800][33.871s][info][gc,marking  ] GC(1196) Concurrent Scan Root Regions
[2026-06-17T10:06:54.220+0800][33.871s][info][gc,marking  ] GC(1196) Concurrent Scan Root Regions 0.317ms
[2026-06-17T10:06:54.221+0800][33.871s][info][gc,marking  ] GC(1196) Concurrent Mark
[2026-06-17T10:06:54.221+0800][33.871s][info][gc,marking  ] GC(1196) Concurrent Mark From Roots
[2026-06-17T10:06:54.221+0800][33.872s][info][gc,task     ] GC(1196) Using 5 workers of 5 for marking
[2026-06-17T10:06:54.222+0800][33.873s][info][gc,marking  ] GC(1196) Concurrent Mark From Roots 1.490ms
[2026-06-17T10:06:54.223+0800][33.873s][info][gc,marking  ] GC(1196) Concurrent Preclean
[2026-06-17T10:06:54.223+0800][33.874s][info][gc,marking  ] GC(1196) Concurrent Preclean 0.254ms
[2026-06-17T10:06:54.223+0800][33.874s][info][gc,start    ] GC(1196) Pause Remark
[2026-06-17T10:06:54.224+0800][33.874s][info][gc          ] GC(1196) Pause Remark 44M->36M(64M) 0.637ms
[2026-06-17T10:06:54.224+0800][33.875s][info][gc,cpu      ] GC(1196) User=0.01s Sys=0.00s Real=0.00s
[2026-06-17T10:06:54.224+0800][33.875s][info][gc,marking  ] GC(1196) Concurrent Mark 3.787ms
[2026-06-17T10:06:54.225+0800][33.875s][info][gc,marking  ] GC(1196) Concurrent Rebuild Remembered Sets and Scrub Regions
[2026-06-17T10:06:54.225+0800][33.876s][info][gc,marking  ] GC(1196) Concurrent Rebuild Remembered Sets and Scrub Regions 0.651ms
[2026-06-17T10:06:54.226+0800][33.876s][info][gc,start    ] GC(1196) Pause Cleanup
[2026-06-17T10:06:54.226+0800][33.877s][info][gc          ] GC(1196) Pause Cleanup 36M->36M(64M) 0.276ms
[2026-06-17T10:06:54.226+0800][33.877s][info][gc,cpu      ] GC(1196) User=0.00s Sys=0.00s Real=0.00s
[2026-06-17T10:06:54.227+0800][33.877s][info][gc,marking  ] GC(1196) Concurrent Clear Claimed Marks
[2026-06-17T10:06:54.227+0800][33.877s][info][gc,marking  ] GC(1196) Concurrent Clear Claimed Marks 0.231ms
[2026-06-17T10:06:54.227+0800][33.878s][info][gc,marking  ] GC(1196) Concurrent Cleanup for Next Mark
[2026-06-17T10:06:54.228+0800][33.878s][info][gc,marking  ] GC(1196) Concurrent Cleanup for Next Mark 0.502ms
[2026-06-17T10:06:54.228+0800][33.878s][info][gc          ] GC(1196) Concurrent Mark Cycle 8.548ms
[2026-06-17T10:06:54.251+0800][33.901s][info][gc,start    ] GC(1197) Pause Young (Prepare Mixed) (G1 Evacuation Pause)
[2026-06-17T10:06:54.251+0800][33.902s][info][gc,task     ] GC(1197) Using 2 workers of 18 for evacuation
[2026-06-17T10:06:54.253+0800][33.903s][info][gc,phases   ] GC(1197)   Pre Evacuate Collection Set: 0.11ms
[2026-06-17T10:06:54.253+0800][33.904s][info][gc,phases   ] GC(1197)   Merge Heap Roots: 0.06ms
[2026-06-17T10:06:54.253+0800][33.904s][info][gc,phases   ] GC(1197)   Evacuate Collection Set: 0.44ms
[2026-06-17T10:06:54.253+0800][33.904s][info][gc,phases   ] GC(1197)   Post Evacuate Collection Set: 0.22ms
[2026-06-17T10:06:54.254+0800][33.904s][info][gc,phases   ] GC(1197)   Other: 0.47ms
[2026-06-17T10:06:54.254+0800][33.904s][info][gc,heap     ] GC(1197) Eden regions: 11->0(12)
[2026-06-17T10:06:54.254+0800][33.905s][info][gc,heap     ] GC(1197) Survivor regions: 1->2(2)
[2026-06-17T10:06:54.254+0800][33.905s][info][gc,heap     ] GC(1197) Old regions: 22->25
[2026-06-17T10:06:54.255+0800][33.905s][info][gc,heap     ] GC(1197) Humongous regions: 13->13
[2026-06-17T10:06:54.255+0800][33.906s][info][gc,metaspace] GC(1197) Metaspace: 116K(320K)->116K(320K) NonClass: 109K(192K)->109K(192K) Class: 7K(128K)->7K(128K)
[2026-06-17T10:06:54.255+0800][33.906s][info][gc          ] GC(1197) Pause Young (Prepare Mixed) (G1 Evacuation Pause) 46M->39M(64M) 4.402ms
[2026-06-17T10:06:54.256+0800][33.906s][info][gc,cpu      ] GC(1197) User=0.00s Sys=0.00s Real=0.00s
[2026-06-17T10:06:54.287+0800][33.938s][info][gc,start    ] GC(1198) Pause Young (Mixed) (G1 Evacuation Pause)
[2026-06-17T10:06:54.288+0800][33.938s][info][gc,task     ] GC(1198) Using 2 workers of 18 for evacuation
[2026-06-17T10:06:54.290+0800][33.940s][info][gc,phases   ] GC(1198)   Pre Evacuate Collection Set: 0.18ms
[2026-06-17T10:06:54.290+0800][33.941s][info][gc,phases   ] GC(1198)   Merge Heap Roots: 0.30ms
[2026-06-17T10:06:54.291+0800][33.941s][info][gc,phases   ] GC(1198)   Evacuate Collection Set: 0.57ms
[2026-06-17T10:06:54.291+0800][33.941s][info][gc,phases   ] GC(1198)   Post Evacuate Collection Set: 0.47ms
[2026-06-17T10:06:54.291+0800][33.942s][info][gc,phases   ] GC(1198)   Other: 0.60ms
[2026-06-17T10:06:54.292+0800][33.942s][info][gc,heap     ] GC(1198) Eden regions: 12->0(11)
[2026-06-17T10:06:54.292+0800][33.943s][info][gc,heap     ] GC(1198) Survivor regions: 2->2(2)
[2026-06-17T10:06:54.292+0800][33.943s][info][gc,heap     ] GC(1198) Old regions: 25->26
[2026-06-17T10:06:54.293+0800][33.943s][info][gc,heap     ] GC(1198) Humongous regions: 13->13
[2026-06-17T10:06:54.293+0800][33.943s][info][gc,metaspace] GC(1198) Metaspace: 116K(320K)->116K(320K) NonClass: 109K(192K)->109K(192K) Class: 7K(128K)->7K(128K)
[2026-06-17T10:06:54.293+0800][33.944s][info][gc          ] GC(1198) Pause Young (Mixed) (G1 Evacuation Pause) 51M->40M(64M) 5.876ms
[2026-06-17T10:06:54.294+0800][33.944s][info][gc,cpu      ] GC(1198) User=0.00s Sys=0.00s Real=0.01s
[2026-06-17T10:06:54.315+0800][33.965s][info][gc,start    ] GC(1199) Pause Young (Concurrent Start) (G1 Humongous Allocation)
[2026-06-17T10:06:54.315+0800][33.966s][info][gc,task     ] GC(1199) Using 2 workers of 18 for evacuation
[2026-06-17T10:06:54.316+0800][33.967s][info][gc,phases   ] GC(1199)   Pre Evacuate Collection Set: 0.18ms
[2026-06-17T10:06:54.317+0800][33.967s][info][gc,phases   ] GC(1199)   Merge Heap Roots: 0.04ms
[2026-06-17T10:06:54.317+0800][33.968s][info][gc,phases   ] GC(1199)   Evacuate Collection Set: 0.29ms
[2026-06-17T10:06:54.317+0800][33.968s][info][gc,phases   ] GC(1199)   Post Evacuate Collection Set: 0.15ms
[2026-06-17T10:06:54.317+0800][33.968s][info][gc,phases   ] GC(1199)   Other: 0.41ms
[2026-06-17T10:06:54.318+0800][33.968s][info][gc,heap     ] GC(1199) Eden regions: 9->0(11)
[2026-06-17T10:06:54.318+0800][33.969s][info][gc,heap     ] GC(1199) Survivor regions: 2->2(2)
[2026-06-17T10:06:54.318+0800][33.969s][info][gc,heap     ] GC(1199) Old regions: 26->27
[2026-06-17T10:06:54.319+0800][33.969s][info][gc,heap     ] GC(1199) Humongous regions: 13->13
[2026-06-17T10:06:54.319+0800][33.970s][info][gc,metaspace] GC(1199) Metaspace: 116K(320K)->116K(320K) NonClass: 109K(192K)->109K(192K) Class: 7K(128K)->7K(128K)
[2026-06-17T10:06:54.320+0800][33.970s][info][gc          ] GC(1199) Pause Young (Concurrent Start) (G1 Humongous Allocation) 49M->41M(64M) 4.829ms
[2026-06-17T10:06:54.320+0800][33.970s][info][gc,cpu      ] GC(1199) User=0.00s Sys=0.00s Real=0.00s
[2026-06-17T10:06:54.320+0800][33.971s][info][gc          ] GC(1200) Concurrent Mark Cycle
[2026-06-17T10:06:54.321+0800][33.971s][info][gc,marking  ] GC(1200) Concurrent Scan Root Regions
[2026-06-17T10:06:54.321+0800][33.971s][info][gc,marking  ] GC(1200) Concurrent Scan Root Regions 0.409ms
[2026-06-17T10:06:54.321+0800][33.972s][info][gc,marking  ] GC(1200) Concurrent Mark
[2026-06-17T10:06:54.322+0800][33.972s][info][gc,marking  ] GC(1200) Concurrent Mark From Roots
[2026-06-17T10:06:54.322+0800][33.973s][info][gc,task     ] GC(1200) Using 5 workers of 5 for marking
[2026-06-17T10:06:54.324+0800][33.974s][info][gc,marking  ] GC(1200) Concurrent Mark From Roots 1.829ms
[2026-06-17T10:06:54.324+0800][33.974s][info][gc,marking  ] GC(1200) Concurrent Preclean
[2026-06-17T10:06:54.324+0800][33.975s][info][gc,marking  ] GC(1200) Concurrent Preclean 0.424ms
[2026-06-17T10:06:54.325+0800][33.975s][info][gc,start    ] GC(1200) Pause Remark
[2026-06-17T10:06:54.326+0800][33.976s][info][gc          ] GC(1200) Pause Remark 43M->42M(64M) 1.183ms
[2026-06-17T10:06:54.326+0800][33.977s][info][gc,cpu      ] GC(1200) User=0.00s Sys=0.00s Real=0.00s
[2026-06-17T10:06:54.327+0800][33.977s][info][gc,marking  ] GC(1200) Concurrent Mark 5.432ms
[2026-06-17T10:06:54.327+0800][33.978s][info][gc,marking  ] GC(1200) Concurrent Rebuild Remembered Sets and Scrub Regions
[2026-06-17T10:06:54.328+0800][33.978s][info][gc,marking  ] GC(1200) Concurrent Rebuild Remembered Sets and Scrub Regions 0.732ms
[2026-06-17T10:06:54.328+0800][33.979s][info][gc,start    ] GC(1200) Pause Cleanup
[2026-06-17T10:06:54.328+0800][33.979s][info][gc          ] GC(1200) Pause Cleanup 42M->42M(64M) 0.332ms
[2026-06-17T10:06:54.329+0800][33.979s][info][gc,cpu      ] GC(1200) User=0.00s Sys=0.00s Real=0.00s
[2026-06-17T10:06:54.329+0800][33.980s][info][gc,marking  ] GC(1200) Concurrent Clear Claimed Marks
[2026-06-17T10:06:54.329+0800][33.980s][info][gc,marking  ] GC(1200) Concurrent Clear Claimed Marks 0.272ms
[2026-06-17T10:06:54.330+0800][33.980s][info][gc,marking  ] GC(1200) Concurrent Cleanup for Next Mark
[2026-06-17T10:06:54.330+0800][33.981s][info][gc,marking  ] GC(1200) Concurrent Cleanup for Next Mark 0.399ms
[2026-06-17T10:06:54.330+0800][33.981s][info][gc          ] GC(1200) Concurrent Mark Cycle 10.332ms
[2026-06-17T10:06:54.352+0800][34.002s][info][gc,start    ] GC(1201) Pause Young (Prepare Mixed) (G1 Evacuation Pause)
[2026-06-17T10:06:54.352+0800][34.003s][info][gc,task     ] GC(1201) Using 2 workers of 18 for evacuation
[2026-06-17T10:06:54.354+0800][34.004s][info][gc,phases   ] GC(1201)   Pre Evacuate Collection Set: 0.14ms
[2026-06-17T10:06:54.354+0800][34.004s][info][gc,phases   ] GC(1201)   Merge Heap Roots: 0.05ms
