OpenJDK 64-Bit Server VM (25.492-b09) for linux-amd64 JRE (1.8.0_492-b09), built on Apr 26 2026 11:46:09 by "jenkins" with gcc 7.5.0
Memory: 4k page, physical 16236576k(13248892k free), swap 4194304k(4194304k free)
CommandLine flags: -XX:InitialHeapSize=67108864 -XX:MaxHeapSize=67108864 -XX:MaxNewSize=22372352 -XX:MaxTenuringThreshold=6 -XX:NewSize=22372352 -XX:OldPLABSize=16 -XX:OldSize=44736512 -XX:+PrintGC -XX:+PrintGCDateStamps -XX:+PrintGCDetails -XX:+PrintGCTimeStamps -XX:+UseCompressedClassPointers -XX:+UseCompressedOops -XX:+UseConcMarkSweepGC -XX:+UseParNewGC 
2026-06-17T09:49:39.075+0800: 0.140: [GC (Allocation Failure) 2026-06-17T09:49:39.076+0800: 0.141: [ParNew: 17425K->2171K(19648K), 0.0184253 secs] 17425K->6957K(63360K), 0.0241240 secs] [Times: user=0.13 sys=0.01, real=0.02 secs] 
2026-06-17T09:49:39.144+0800: 0.210: [GC (Allocation Failure) 2026-06-17T09:49:39.145+0800: 0.210: [ParNew: 19643K->2169K(19648K), 0.0198724 secs] 24429K->13177K(63360K), 0.0217132 secs] [Times: user=0.19 sys=0.01, real=0.02 secs] 
2026-06-17T09:49:39.220+0800: 0.285: [GC (Allocation Failure) 2026-06-17T09:49:39.221+0800: 0.286: [ParNew: 19602K->2163K(19648K), 0.0099290 secs] 30609K->14402K(63360K), 0.0110453 secs] [Times: user=0.10 sys=0.01, real=0.02 secs] 
2026-06-17T09:49:39.275+0800: 0.340: [GC (Allocation Failure) 2026-06-17T09:49:39.276+0800: 0.341: [ParNew: 19635K->2169K(19648K), 0.0066304 secs] 31874K->17875K(63360K), 0.0080025 secs] [Times: user=0.04 sys=0.00, real=0.01 secs] 
2026-06-17T09:49:39.329+0800: 0.395: [GC (Allocation Failure) 2026-06-17T09:49:39.331+0800: 0.396: [ParNew: 19634K->2155K(19648K), 0.0125717 secs] 35340K->21887K(63360K), 0.0145315 secs] [Times: user=0.12 sys=0.01, real=0.02 secs] 
2026-06-17T09:49:39.388+0800: 0.453: [GC (Allocation Failure) 2026-06-17T09:49:39.389+0800: 0.454: [ParNew: 19627K->2175K(19648K), 0.0088189 secs] 39359K->25564K(63360K), 0.0106420 secs] [Times: user=0.09 sys=0.00, real=0.01 secs] 
2026-06-17T09:49:39.401+0800: 0.466: [GC (CMS Initial Mark) [1 CMS-initial-mark: 23389K(43712K)] 26323K(63360K), 0.0021634 secs] [Times: user=0.00 sys=0.00, real=0.01 secs] 
2026-06-17T09:49:39.404+0800: 0.469: [CMS-concurrent-mark-start]
2026-06-17T09:49:39.405+0800: 0.470: [CMS-concurrent-mark: 0.001/0.001 secs] [Times: user=0.00 sys=0.00, real=0.00 secs] 
2026-06-17T09:49:39.406+0800: 0.471: [CMS-concurrent-preclean-start]
2026-06-17T09:49:39.406+0800: 0.471: [CMS-concurrent-preclean: 0.000/0.000 secs] [Times: user=0.00 sys=0.00, real=0.00 secs] 
2026-06-17T09:49:39.407+0800: 0.472: [CMS-concurrent-abortable-preclean-start]
2026-06-17T09:49:39.448+0800: 0.513: [GC (Allocation Failure) 2026-06-17T09:49:39.449+0800: 0.514: [ParNew: 19590K->2170K(19648K), 0.0065086 secs] 42979K->30126K(63360K), 0.0084629 secs] [Times: user=0.03 sys=0.00, real=0.01 secs] 
2026-06-17T09:49:39.514+0800: 0.579: [GC (Allocation Failure) 2026-06-17T09:49:39.515+0800: 0.580: [ParNew: 19642K->2027K(19648K), 0.0226418 secs] 47598K->31493K(63360K), 0.0238524 secs] [Times: user=0.20 sys=0.00, real=0.02 secs] 
2026-06-17T09:49:39.571+0800: 0.636: [GC (Allocation Failure) 2026-06-17T09:49:39.572+0800: 0.637: [ParNew: 19476K->2109K(19648K), 0.0127178 secs] 48942K->35263K(63360K), 0.0147091 secs] [Times: user=0.10 sys=0.02, real=0.01 secs] 
2026-06-17T09:49:39.642+0800: 0.707: [GC (Allocation Failure) 2026-06-17T09:49:39.643+0800: 0.708: [ParNew: 19579K->2113K(19648K), 0.0102153 secs] 52734K->39254K(63360K), 0.0123195 secs] [Times: user=0.10 sys=0.00, real=0.02 secs] 
2026-06-17T09:49:39.700+0800: 0.765: [GC (Allocation Failure) 2026-06-17T09:49:39.701+0800: 0.766: [ParNew: 19549K->2167K(19648K), 0.0100910 secs] 56689K->42494K(63360K), 0.0122163 secs] [Times: user=0.07 sys=0.00, real=0.02 secs] 
2026-06-17T09:49:39.759+0800: 0.824: [GC (Allocation Failure) 2026-06-17T09:49:39.760+0800: 0.825: [ParNew: 19633K->19633K(19648K), 0.0010798 secs]2026-06-17T09:49:39.762+0800: 0.827: [CMS2026-06-17T09:49:39.763+0800: 0.828: [CMS-concurrent-abortable-preclean: 0.001/0.357 secs] [Times: user=0.51 sys=0.03, real=0.36 secs] 
 (concurrent mode failure): 40326K->19825K(43712K), 0.0087451 secs] 59960K->19825K(63360K), [Metaspace: 2702K->2702K(1056768K)], 0.0131991 secs] [Times: user=0.01 sys=0.00, real=0.02 secs] 
2026-06-17T09:49:39.818+0800: 0.883: [GC (Allocation Failure) 2026-06-17T09:49:39.819+0800: 0.884: [ParNew: 17452K->2169K(19648K), 0.0132079 secs] 37277K->26600K(63360K), 0.0147575 secs] [Times: user=0.13 sys=0.00, real=0.02 secs] 
2026-06-17T09:49:39.834+0800: 0.899: [GC (CMS Initial Mark) [1 CMS-initial-mark: 24430K(43712K)] 27632K(63360K), 0.0017416 secs] [Times: user=0.00 sys=0.00, real=0.00 secs] 
2026-06-17T09:49:39.836+0800: 0.901: [CMS-concurrent-mark-start]
2026-06-17T09:49:39.836+0800: 0.901: [CMS-concurrent-mark: 0.001/0.001 secs] [Times: user=0.00 sys=0.00, real=0.00 secs] 
2026-06-17T09:49:39.837+0800: 0.902: [CMS-concurrent-preclean-start]
2026-06-17T09:49:39.837+0800: 0.902: [CMS-concurrent-preclean: 0.000/0.000 secs] [Times: user=0.00 sys=0.00, real=0.00 secs] 
2026-06-17T09:49:39.837+0800: 0.902: [GC (CMS Final Remark) [YG occupancy: 3619 K (19648 K)]2026-06-17T09:49:39.837+0800: 0.902: [Rescan (parallel) , 0.0161580 secs]2026-06-17T09:49:39.854+0800: 0.919: [weak refs processing, 0.0006163 secs]2026-06-17T09:49:39.855+0800: 0.920: [class unloading, 0.0007704 secs]2026-06-17T09:49:39.857+0800: 0.922: [scrub symbol table, 0.0008416 secs]2026-06-17T09:49:39.858+0800: 0.923: [scrub string table, 0.0004467 secs][1 CMS-remark: 24430K(43712K)] 28050K(63360K), 0.0220656 secs] [Times: user=0.17 sys=0.00, real=0.02 secs] 
2026-06-17T09:49:39.860+0800: 0.925: [CMS-concurrent-sweep-start]
2026-06-17T09:49:39.860+0800: 0.925: [CMS-concurrent-sweep: 0.000/0.000 secs] [Times: user=0.00 sys=0.00, real=0.00 secs] 
2026-06-17T09:49:39.861+0800: 0.926: [CMS-concurrent-reset-start]
2026-06-17T09:49:39.861+0800: 0.926: [CMS-concurrent-reset: 0.000/0.000 secs] [Times: user=0.00 sys=0.00, real=0.00 secs] 
2026-06-17T09:49:39.892+0800: 0.957: [GC (Allocation Failure) 2026-06-17T09:49:39.892+0800: 0.957: [ParNew: 19641K->2175K(19648K), 0.0089085 secs] 41340K->28578K(63360K), 0.0098145 secs] [Times: user=0.10 sys=0.00, real=0.00 secs] 
2026-06-17T09:49:39.946+0800: 1.011: [GC (Allocation Failure) 2026-06-17T09:49:39.947+0800: 1.012: [ParNew: 19607K->2174K(19648K), 0.0110549 secs] 46010K->33811K(63360K), 0.0127049 secs] [Times: user=0.12 sys=0.00, real=0.01 secs] 
2026-06-17T09:49:39.960+0800: 1.025: [GC (CMS Initial Mark) [1 CMS-initial-mark: 31636K(43712K)] 34665K(63360K), 0.0022580 secs] [Times: user=0.01 sys=0.00, real=0.01 secs] 
2026-06-17T09:49:39.964+0800: 1.029: [CMS-concurrent-mark-start]
2026-06-17T09:49:39.964+0800: 1.029: [CMS-concurrent-mark: 0.001/0.001 secs] [Times: user=0.00 sys=0.00, real=0.00 secs] 
2026-06-17T09:49:39.965+0800: 1.030: [CMS-concurrent-preclean-start]
2026-06-17T09:49:39.965+0800: 1.030: [CMS-concurrent-preclean: 0.000/0.000 secs] [Times: user=0.00 sys=0.00, real=0.00 secs] 
2026-06-17T09:49:39.966+0800: 1.031: [GC (CMS Final Remark) [YG occupancy: 3028 K (19648 K)]2026-06-17T09:49:39.966+0800: 1.032: [Rescan (parallel) , 0.0079324 secs]2026-06-17T09:49:39.975+0800: 1.040: [weak refs processing, 0.0007255 secs]2026-06-17T09:49:39.977+0800: 1.042: [class unloading, 0.0009187 secs]2026-06-17T09:49:39.978+0800: 1.043: [scrub symbol table, 0.0008418 secs]2026-06-17T09:49:39.980+0800: 1.045: [scrub string table, 0.0006608 secs][1 CMS-remark: 31636K(43712K)] 34665K(63360K), 0.0151402 secs] [Times: user=0.08 sys=0.00, real=0.01 secs] 
2026-06-17T09:49:39.983+0800: 1.048: [CMS-concurrent-sweep-start]
2026-06-17T09:49:39.983+0800: 1.048: [CMS-concurrent-sweep: 0.000/0.000 secs] [Times: user=0.00 sys=0.00, real=0.00 secs] 
2026-06-17T09:49:39.983+0800: 1.048: [CMS-concurrent-reset-start]
2026-06-17T09:49:39.983+0800: 1.049: [CMS-concurrent-reset: 0.000/0.000 secs] [Times: user=0.00 sys=0.00, real=0.00 secs] 
2026-06-17T09:49:40.025+0800: 1.090: [GC (Allocation Failure) 2026-06-17T09:49:40.026+0800: 1.091: [ParNew: 19630K->2127K(19648K), 0.0057635 secs] 37154K->21878K(63360K), 0.0076759 secs] [Times: user=0.03 sys=0.00, real=0.01 secs] 
2026-06-17T09:49:40.068+0800: 1.133: [GC (Allocation Failure) 2026-06-17T09:49:40.069+0800: 1.135: [ParNew: 19504K->2100K(19648K), 0.0193270 secs] 39255K->25096K(63360K), 0.0207944 secs] [Times: user=0.15 sys=0.01, real=0.02 secs] 
2026-06-17T09:49:40.143+0800: 1.208: [GC (Allocation Failure) 2026-06-17T09:49:40.144+0800: 1.209: [ParNew: 19572K->2097K(19648K), 0.0120893 secs] 42568K->28618K(63360K), 0.0140590 secs] [Times: user=0.11 sys=0.00, real=0.01 secs] 
2026-06-17T09:49:40.203+0800: 1.268: [GC (Allocation Failure) 2026-06-17T09:49:40.204+0800: 1.269: [ParNew: 19565K->2172K(19648K), 0.0095758 secs] 46086K->32165K(63360K), 0.0116232 secs] [Times: user=0.09 sys=0.00, real=0.01 secs] 
2026-06-17T09:49:40.261+0800: 1.326: [GC (Allocation Failure) 2026-06-17T09:49:40.263+0800: 1.328: [ParNew: 19642K->2155K(19648K), 0.0093299 secs] 49635K->36290K(63360K), 0.0113766 secs] [Times: user=0.10 sys=0.00, real=0.02 secs] 
2026-06-17T09:49:40.275+0800: 1.340: [GC (CMS Initial Mark) [1 CMS-initial-mark: 34134K(43712K)] 37254K(63360K), 0.0037490 secs] [Times: user=0.00 sys=0.00, real=0.00 secs] 
2026-06-17T09:49:40.280+0800: 1.346: [CMS-concurrent-mark-start]
2026-06-17T09:49:40.281+0800: 1.346: [CMS-concurrent-mark: 0.001/0.001 secs] [Times: user=0.00 sys=0.00, real=0.00 secs] 
2026-06-17T09:49:40.282+0800: 1.347: [CMS-concurrent-preclean-start]
2026-06-17T09:49:40.282+0800: 1.347: [CMS-concurrent-preclean: 0.000/0.000 secs] [Times: user=0.00 sys=0.00, real=0.00 secs] 
2026-06-17T09:49:40.283+0800: 1.348: [CMS-concurrent-abortable-preclean-start]
2026-06-17T09:49:40.324+0800: 1.389: [GC (Allocation Failure) 2026-06-17T09:49:40.325+0800: 1.390: [ParNew: 19599K->2175K(19648K), 0.0096114 secs] 53734K->39917K(63360K), 0.0113146 secs] [Times: user=0.09 sys=0.01, real=0.01 secs] 
2026-06-17T09:49:40.380+0800: 1.445: [GC (Allocation Failure) 2026-06-17T09:49:40.381+0800: 1.446: [ParNew: 19396K->2086K(19648K), 0.0082916 secs] 57137K->41310K(63360K), 0.0098306 secs] [Times: user=0.09 sys=0.00, real=0.02 secs] 
2026-06-17T09:49:40.435+0800: 1.500: [GC (Allocation Failure) 2026-06-17T09:49:40.436+0800: 1.502: [ParNew: 19556K->19556K(19648K), 0.0009907 secs]2026-06-17T09:49:40.438+0800: 1.503: [CMS2026-06-17T09:49:40.439+0800: 1.504: [CMS-concurrent-abortable-preclean: 0.000/0.157 secs] [Times: user=0.19 sys=0.01, real=0.15 secs] 
 (concurrent mode failure): 39223K->24251K(43712K), 0.0079845 secs] 58780K->24251K(63360K), [Metaspace: 2702K->2702K(1056768K)], 0.0118835 secs] [Times: user=0.01 sys=0.00, real=0.01 secs] 
2026-06-17T09:49:40.504+0800: 1.569: [GC (Allocation Failure) 2026-06-17T09:49:40.505+0800: 1.571: [ParNew: 17465K->2175K(19648K), 0.0161757 secs] 41717K->28148K(63360K), 0.0179596 secs] [Times: user=0.12 sys=0.00, real=0.02 secs] 
2026-06-17T09:49:40.566+0800: 1.631: [GC (Allocation Failure) 2026-06-17T09:49:40.567+0800: 1.633: [ParNew: 19647K->2143K(19648K), 0.0099303 secs] 45620K->32481K(63360K), 0.0121140 secs] [Times: user=0.09 sys=0.01, real=0.01 secs] 
2026-06-17T09:49:40.625+0800: 1.691: [GC (Allocation Failure) 2026-06-17T09:49:40.627+0800: 1.692: [ParNew: 19596K->2168K(19648K), 0.0148481 secs] 49934K->36242K(63360K), 0.0167153 secs] [Times: user=0.12 sys=0.01, real=0.02 secs] 
2026-06-17T09:49:40.643+0800: 1.709: [GC (CMS Initial Mark) [1 CMS-initial-mark: 34073K(43712K)] 37405K(63360K), 0.0023838 secs] [Times: user=0.00 sys=0.00, real=0.00 secs] 
2026-06-17T09:49:40.646+0800: 1.711: [CMS-concurrent-mark-start]
2026-06-17T09:49:40.647+0800: 1.712: [CMS-concurrent-mark: 0.000/0.000 secs] [Times: user=0.01 sys=0.00, real=0.00 secs] 
2026-06-17T09:49:40.647+0800: 1.712: [CMS-concurrent-preclean-start]
2026-06-17T09:49:40.647+0800: 1.712: [CMS-concurrent-preclean: 0.000/0.000 secs] [Times: user=0.00 sys=0.00, real=0.00 secs] 
2026-06-17T09:49:40.647+0800: 1.712: [GC (CMS Final Remark) [YG occupancy: 3331 K (19648 K)]2026-06-17T09:49:40.647+0800: 1.712: [Rescan (parallel) , 0.0123935 secs]2026-06-17T09:49:40.662+0800: 1.727: [weak refs processing, 0.0014907 secs]2026-06-17T09:49:40.664+0800: 1.729: [class unloading, 0.0008851 secs]2026-06-17T09:49:40.666+0800: 1.731: [scrub symbol table, 0.0008452 secs]2026-06-17T09:49:40.667+0800: 1.732: [scrub string table, 0.0006074 secs][1 CMS-remark: 34073K(43712K)] 37405K(63360K), 0.0213422 secs] [Times: user=0.12 sys=0.00, real=0.02 secs] 
2026-06-17T09:49:40.670+0800: 1.735: [CMS-concurrent-sweep-start]
2026-06-17T09:49:40.670+0800: 1.735: [CMS-concurrent-sweep: 0.000/0.000 secs] [Times: user=0.00 sys=0.00, real=0.00 secs] 
2026-06-17T09:49:40.671+0800: 1.736: [CMS-concurrent-reset-start]
2026-06-17T09:49:40.671+0800: 1.736: [CMS-concurrent-reset: 0.000/0.000 secs] [Times: user=0.00 sys=0.00, real=0.00 secs] 
2026-06-17T09:49:40.703+0800: 1.768: [GC (Allocation Failure) 2026-06-17T09:49:40.704+0800: 1.769: [ParNew: 19518K->2022K(19648K), 0.0098858 secs] 39505K->23539K(63360K), 0.0117219 secs] [Times: user=0.11 sys=0.00, real=0.01 secs] 
2026-06-17T09:49:40.767+0800: 1.832: [GC (Allocation Failure) 2026-06-17T09:49:40.767+0800: 1.833: [ParNew: 19483K->2174K(19648K), 0.0147835 secs] 41000K->30303K(63360K), 0.0161967 secs] [Times: user=0.11 sys=0.00, real=0.02 secs] 
2026-06-17T09:49:40.784+0800: 1.849: [GC (CMS Initial Mark) [1 CMS-initial-mark: 28129K(43712K)] 30686K(63360K), 0.0012173 secs] [Times: user=0.00 sys=0.00, real=0.00 secs] 
2026-06-17T09:49:40.787+0800: 1.852: [CMS-concurrent-mark-start]
2026-06-17T09:49:40.787+0800: 1.852: [CMS-concurrent-mark: 0.000/0.000 secs] [Times: user=0.00 sys=0.00, real=0.00 secs] 
2026-06-17T09:49:40.787+0800: 1.853: [CMS-concurrent-preclean-start]
2026-06-17T09:49:40.787+0800: 1.853: [CMS-concurrent-preclean: 0.000/0.000 secs] [Times: user=0.00 sys=0.00, real=0.00 secs] 
2026-06-17T09:49:40.788+0800: 1.853: [GC (CMS Final Remark) [YG occupancy: 2557 K (19648 K)]2026-06-17T09:49:40.788+0800: 1.854: [Rescan (parallel) , 0.0071793 secs]2026-06-17T09:49:40.796+0800: 1.861: [weak refs processing, 0.0005026 secs]2026-06-17T09:49:40.797+0800: 1.862: [class unloading, 0.0006160 secs]2026-06-17T09:49:40.798+0800: 1.863: [scrub symbol table, 0.0004129 secs]2026-06-17T09:49:40.799+0800: 1.864: [scrub string table, 0.0003372 secs][1 CMS-remark: 28129K(43712K)] 30686K(63360K), 0.0116795 secs] [Times: user=0.06 sys=0.01, real=0.01 secs] 
2026-06-17T09:49:40.801+0800: 1.866: [CMS-concurrent-sweep-start]
2026-06-17T09:49:40.801+0800: 1.866: [CMS-concurrent-sweep: 0.000/0.000 secs] [Times: user=0.00 sys=0.00, real=0.00 secs] 
2026-06-17T09:49:40.801+0800: 1.866: [CMS-concurrent-reset-start]
2026-06-17T09:49:40.801+0800: 1.866: [CMS-concurrent-reset: 0.000/0.000 secs] [Times: user=0.00 sys=0.00, real=0.00 secs] 
2026-06-17T09:49:40.843+0800: 1.908: [GC (Allocation Failure) 2026-06-17T09:49:40.844+0800: 1.909: [ParNew: 19646K->2167K(19648K), 0.0064221 secs] 46601K->31632K(63360K), 0.0076328 secs] [Times: user=0.05 sys=0.00, real=0.01 secs] 
2026-06-17T09:49:40.884+0800: 1.949: [GC (Allocation Failure) 2026-06-17T09:49:40.884+0800: 1.949: [ParNew: 19411K->2124K(19648K), 0.0076816 secs] 48876K->34880K(63360K), 0.0091518 secs] [Times: user=0.09 sys=0.00, real=0.01 secs] 
2026-06-17T09:49:40.946+0800: 2.011: [GC (Allocation Failure) 2026-06-17T09:49:40.947+0800: 2.012: [ParNew: 19596K->2143K(19648K), 0.0051758 secs] 52352K->38507K(63360K), 0.0067923 secs] [Times: user=0.03 sys=0.00, real=0.01 secs] 
2026-06-17T09:49:40.955+0800: 2.020: [GC (CMS Initial Mark) [1 CMS-initial-mark: 36363K(43712K)] 39762K(63360K), 0.0019456 secs] [Times: user=0.00 sys=0.00, real=0.00 secs] 
2026-06-17T09:49:40.958+0800: 2.023: [CMS-concurrent-mark-start]
2026-06-17T09:49:40.959+0800: 2.024: [CMS-concurrent-mark: 0.000/0.000 secs] [Times: user=0.00 sys=0.00, real=0.00 secs] 
2026-06-17T09:49:40.959+0800: 2.024: [CMS-concurrent-preclean-start]
2026-06-17T09:49:40.959+0800: 2.024: [CMS-concurrent-preclean: 0.000/0.000 secs] [Times: user=0.00 sys=0.00, real=0.00 secs] 
2026-06-17T09:49:40.960+0800: 2.025: [CMS-concurrent-abortable-preclean-start]
2026-06-17T09:49:41.001+0800: 2.066: [GC (Allocation Failure) 2026-06-17T09:49:41.001+0800: 2.067: [ParNew: 19582K->2166K(19648K), 0.0403311 secs] 55946K->42081K(63360K), 0.0411506 secs] [Times: user=0.37 sys=0.00, real=0.05 secs] 
2026-06-17T09:49:41.086+0800: 2.152: [GC (Allocation Failure) 2026-06-17T09:49:41.127+0800: 2.192: [ParNew: 19631K->19631K(19648K), 0.0007641 secs]2026-06-17T09:49:41.128+0800: 2.193: [CMS2026-06-17T09:49:41.129+0800: 2.194: [CMS-concurrent-abortable-preclean: 0.000/0.169 secs] [Times: user=0.39 sys=0.00, real=0.17 secs] 
 (concurrent mode failure): 39914K->23391K(43712K), 0.0209990 secs] 59546K->23391K(63360K), [Metaspace: 2705K->2705K(1056768K)], 0.0635135 secs] [Times: user=0.00 sys=0.00, real=0.08 secs] 
2026-06-17T09:49:41.208+0800: 2.273: [GC (Allocation Failure) 2026-06-17T09:49:41.208+0800: 2.273: [ParNew: 17472K->2175K(19648K), 0.0080573 secs] 40863K->30274K(63360K), 0.0091778 secs] [Times: user=0.05 sys=0.00, real=0.01 secs] 
2026-06-17T09:49:41.261+0800: 2.326: [GC (Allocation Failure) 2026-06-17T09:49:41.262+0800: 2.327: [ParNew: 19412K->2099K(19648K), 0.0080560 secs] 47511K->32017K(63360K), 0.0092943 secs] [Times: user=0.06 sys=0.00, real=0.02 secs] 
2026-06-17T09:49:41.325+0800: 2.390: [GC (Allocation Failure) 2026-06-17T09:49:41.326+0800: 2.391: [ParNew: 19555K->2167K(19648K), 0.0058970 secs] 49474K->35805K(63360K), 0.0074877 secs] [Times: user=0.03 sys=0.01, real=0.01 secs] 
2026-06-17T09:49:41.376+0800: 2.441: [GC (Allocation Failure) 2026-06-17T09:49:41.376+0800: 2.442: [ParNew: 19639K->2167K(19648K), 0.0102807 secs] 53277K->39249K(63360K), 0.0112125 secs] [Times: user=0.12 sys=0.00, real=0.01 secs] 
2026-06-17T09:49:41.389+0800: 2.454: [GC (CMS Initial Mark) [1 CMS-initial-mark: 37082K(43712K)] 41472K(63360K), 0.0015338 secs] [Times: user=0.00 sys=0.00, real=0.01 secs] 
2026-06-17T09:49:41.391+0800: 2.456: [CMS-concurrent-mark-start]
2026-06-17T09:49:41.391+0800: 2.457: [CMS-concurrent-mark: 0.000/0.000 secs] [Times: user=0.00 sys=0.00, real=0.00 secs] 
2026-06-17T09:49:41.392+0800: 2.457: [CMS-concurrent-preclean-start]
2026-06-17T09:49:41.392+0800: 2.457: [CMS-concurrent-preclean: 0.000/0.000 secs] [Times: user=0.00 sys=0.00, real=0.00 secs] 
2026-06-17T09:49:41.392+0800: 2.458: [CMS-concurrent-abortable-preclean-start]
2026-06-17T09:49:41.433+0800: 2.498: [GC (Allocation Failure) 2026-06-17T09:49:41.434+0800: 2.499: [ParNew: 19639K->2173K(19648K), 0.0103539 secs] 56721K->43726K(63360K), 0.0122096 secs] [Times: user=0.12 sys=0.00, real=0.01 secs] 
2026-06-17T09:49:41.447+0800: 2.512: [CMS-concurrent-abortable-preclean: 0.000/0.055 secs] [Times: user=0.13 sys=0.00, real=0.05 secs] 
2026-06-17T09:49:41.448+0800: 2.513: [GC (CMS Final Remark) [YG occupancy: 5442 K (19648 K)]2026-06-17T09:49:41.449+0800: 2.514: [Rescan (parallel) , 0.0036026 secs]2026-06-17T09:49:41.453+0800: 2.518: [weak refs processing, 0.0007459 secs]2026-06-17T09:49:41.455+0800: 2.520: [class unloading, 0.0008878 secs]2026-06-17T09:49:41.456+0800: 2.521: [scrub symbol table, 0.0008168 secs]2026-06-17T09:49:41.458+0800: 2.523: [scrub string table, 0.0005505 secs][1 CMS-remark: 41553K(43712K)] 46995K(63360K), 0.0105123 secs] [Times: user=0.01 sys=0.00, real=0.01 secs] 
2026-06-17T09:49:41.460+0800: 2.525: [CMS-concurrent-sweep-start]
2026-06-17T09:49:41.460+0800: 2.525: [CMS-concurrent-sweep: 0.000/0.000 secs] [Times: user=0.00 sys=0.00, real=0.00 secs] 
2026-06-17T09:49:41.460+0800: 2.526: [CMS-concurrent-reset-start]
2026-06-17T09:49:41.460+0800: 2.526: [CMS-concurrent-reset: 0.000/0.000 secs] [Times: user=0.00 sys=0.00, real=0.00 secs] 
2026-06-17T09:49:41.492+0800: 2.557: [GC (Allocation Failure) 2026-06-17T09:49:41.493+0800: 2.558: [ParNew: 19645K->2175K(19648K), 0.0088487 secs] 45670K->31909K(63360K), 0.0105982 secs] [Times: user=0.09 sys=0.00, real=0.01 secs] 
2026-06-17T09:49:41.549+0800: 2.614: [GC (Allocation Failure) 2026-06-17T09:49:41.549+0800: 2.615: [ParNew: 19647K->2174K(19648K), 0.0151650 secs] 49381K->35735K(63360K), 0.0167293 secs] [Times: user=0.13 sys=0.00, real=0.02 secs] 
2026-06-17T09:49:41.567+0800: 2.632: [GC (CMS Initial Mark) [1 CMS-initial-mark: 33561K(43712K)] 37819K(63360K), 0.0022253 secs] [Times: user=0.00 sys=0.00, real=0.00 secs] 
2026-06-17T09:49:41.570+0800: 2.635: [CMS-concurrent-mark-start]
2026-06-17T09:49:41.571+0800: 2.636: [CMS-concurrent-mark: 0.000/0.000 secs] [Times: user=0.00 sys=0.01, real=0.01 secs] 
2026-06-17T09:49:41.571+0800: 2.636: [CMS-concurrent-preclean-start]
2026-06-17T09:49:41.571+0800: 2.636: [CMS-concurrent-preclean: 0.000/0.000 secs] [Times: user=0.00 sys=0.00, real=0.00 secs] 
2026-06-17T09:49:41.572+0800: 2.637: [CMS-concurrent-abortable-preclean-start]
2026-06-17T09:49:41.614+0800: 2.679: [GC (Allocation Failure) 2026-06-17T09:49:41.615+0800: 2.680: [ParNew: 19618K->2172K(19648K), 0.0109955 secs] 53179K->41466K(63360K), 0.0126306 secs] [Times: user=0.12 sys=0.00, real=0.01 secs] 
2026-06-17T09:49:41.683+0800: 2.749: [GC (Allocation Failure) 2026-06-17T09:49:41.685+0800: 2.750: [ParNew: 19606K->19606K(19648K), 0.0010346 secs]2026-06-17T09:49:41.687+0800: 2.752: [CMS2026-06-17T09:49:41.688+0800: 2.753: [CMS-concurrent-abortable-preclean: 0.000/0.116 secs] [Times: user=0.14 sys=0.00, real=0.11 secs] 
 (concurrent mode failure): 39293K->22057K(43712K), 0.0078730 secs] 58899K->22057K(63360K), [Metaspace: 2706K->2706K(1056768K)], 0.0118551 secs] [Times: user=0.00 sys=0.00, real=0.01 secs] 
2026-06-17T09:49:41.731+0800: 2.796: [GC (Allocation Failure) 2026-06-17T09:49:41.732+0800: 2.797: [ParNew: 17251K->2171K(19648K), 0.0070271 secs] 39309K->28737K(63360K), 0.0091731 secs] [Times: user=0.03 sys=0.01, real=0.00 secs] 
2026-06-17T09:49:41.797+0800: 2.863: [GC (Allocation Failure) 2026-06-17T09:49:41.799+0800: 2.864: [ParNew: 19643K->2164K(19648K), 0.0090769 secs] 46209K->32541K(63360K), 0.0109243 secs] [Times: user=0.10 sys=0.00, real=0.01 secs] 
2026-06-17T09:49:41.854+0800: 2.919: [GC (Allocation Failure) 2026-06-17T09:49:41.855+0800: 2.921: [ParNew: 19636K->2168K(19648K), 0.0086305 secs] 50013K->35634K(63360K), 0.0107766 secs] [Times: user=0.05 sys=0.01, real=0.01 secs] 
2026-06-17T09:49:41.867+0800: 2.932: [GC (CMS Initial Mark) [1 CMS-initial-mark: 33466K(43712K)] 36532K(63360K), 0.0014990 secs] [Times: user=0.00 sys=0.00, real=0.00 secs] 
2026-06-17T09:49:41.870+0800: 2.935: [CMS-concurrent-mark-start]
2026-06-17T09:49:41.871+0800: 2.936: [CMS-concurrent-mark: 0.001/0.001 secs] [Times: user=0.01 sys=0.00, real=0.01 secs] 
2026-06-17T09:49:41.871+0800: 2.937: [CMS-concurrent-preclean-start]
2026-06-17T09:49:41.871+0800: 2.937: [CMS-concurrent-preclean: 0.000/0.000 secs] [Times: user=0.00 sys=0.00, real=0.00 secs] 
2026-06-17T09:49:41.872+0800: 2.937: [CMS-concurrent-abortable-preclean-start]
2026-06-17T09:49:41.912+0800: 2.977: [GC (Allocation Failure) 2026-06-17T09:49:41.913+0800: 2.978: [ParNew: 19632K->2165K(19648K), 0.0108924 secs] 53098K->40293K(63360K), 0.0119292 secs] [Times: user=0.13 sys=0.00, real=0.01 secs] 
2026-06-17T09:49:41.968+0800: 3.033: [GC (Allocation Failure) 2026-06-17T09:49:41.968+0800: 3.034: [ParNew: 19637K->2170K(19648K), 0.0105448 secs] 57765K->44839K(63360K), 0.0119083 secs] [Times: user=0.11 sys=0.00, real=0.01 secs] 
2026-06-17T09:49:41.981+0800: 3.046: [CMS-concurrent-abortable-preclean: 0.000/0.109 secs] [Times: user=0.24 sys=0.00, real=0.10 secs] 
2026-06-17T09:49:41.981+0800: 3.046: [GC (CMS Final Remark) [YG occupancy: 2210 K (19648 K)]2026-06-17T09:49:41.982+0800: 3.047: [Rescan (parallel) , 0.0029849 secs]2026-06-17T09:49:41.985+0800: 3.050: [weak refs processing, 0.0002800 secs]2026-06-17T09:49:41.986+0800: 3.051: [class unloading, 0.0005288 secs]2026-06-17T09:49:41.987+0800: 3.052: [scrub symbol table, 0.0011213 secs]2026-06-17T09:49:41.989+0800: 3.054: [scrub string table, 0.0007931 secs][1 CMS-remark: 42668K(43712K)] 44879K(63360K), 0.0089217 secs] [Times: user=0.01 sys=0.00, real=0.02 secs] 
2026-06-17T09:49:41.992+0800: 3.057: [CMS-concurrent-sweep-start]
2026-06-17T09:49:41.992+0800: 3.057: [CMS-concurrent-sweep: 0.000/0.000 secs] [Times: user=0.00 sys=0.00, real=0.00 secs] 
2026-06-17T09:49:41.993+0800: 3.058: [CMS-concurrent-reset-start]
2026-06-17T09:49:41.993+0800: 3.058: [CMS-concurrent-reset: 0.000/0.000 secs] [Times: user=0.00 sys=0.00, real=0.00 secs] 
2026-06-17T09:49:42.024+0800: 3.089: [GC (Allocation Failure) 2026-06-17T09:49:42.025+0800: 3.090: [ParNew: 19484K->2173K(19648K), 0.0060981 secs] 48931K->33785K(63360K), 0.0073132 secs] [Times: user=0.04 sys=0.00, real=0.01 secs] 
2026-06-17T09:49:42.032+0800: 3.098: [GC (CMS Initial Mark) [1 CMS-initial-mark: 31612K(43712K)] 34626K(63360K), 0.0011811 secs] [Times: user=0.00 sys=0.00, real=0.00 secs] 
2026-06-17T09:49:42.034+0800: 3.100: [CMS-concurrent-mark-start]
2026-06-17T09:49:42.035+0800: 3.100: [CMS-concurrent-mark: 0.000/0.000 secs] [Times: user=0.00 sys=0.00, real=0.00 secs] 
2026-06-17T09:49:42.035+0800: 3.100: [CMS-concurrent-preclean-start]
2026-06-17T09:49:42.035+0800: 3.100: [CMS-concurrent-preclean: 0.000/0.000 secs] [Times: user=0.00 sys=0.00, real=0.00 secs] 
2026-06-17T09:49:42.035+0800: 3.101: [GC (CMS Final Remark) [YG occupancy: 3014 K (19648 K)]2026-06-17T09:49:42.036+0800: 3.101: [Rescan (parallel) , 0.0060425 secs]2026-06-17T09:49:42.043+0800: 3.108: [weak refs processing, 0.0003535 secs]2026-06-17T09:49:42.043+0800: 3.108: [class unloading, 0.0004321 secs]2026-06-17T09:49:42.044+0800: 3.109: [scrub symbol table, 0.0004872 secs]2026-06-17T09:49:42.045+0800: 3.110: [scrub string table, 0.0004576 secs][1 CMS-remark: 31612K(43712K)] 34626K(63360K), 0.0100670 secs] [Times: user=0.07 sys=0.01, real=0.01 secs] 
2026-06-17T09:49:42.046+0800: 3.112: [CMS-concurrent-sweep-start]
2026-06-17T09:49:42.047+0800: 3.112: [CMS-concurrent-sweep: 0.000/0.000 secs] [Times: user=0.00 sys=0.00, real=0.00 secs] 
2026-06-17T09:49:42.047+0800: 3.112: [CMS-concurrent-reset-start]
2026-06-17T09:49:42.047+0800: 3.112: [CMS-concurrent-reset: 0.000/0.000 secs] [Times: user=0.00 sys=0.00, real=0.00 secs] 
2026-06-17T09:49:42.088+0800: 3.154: [GC (Allocation Failure) 2026-06-17T09:49:42.089+0800: 3.154: [ParNew: 19645K->2168K(19648K), 0.0073332 secs] 38225K->24419K(63360K), 0.0084951 secs] [Times: user=0.06 sys=0.01, real=0.01 secs] 
2026-06-17T09:49:42.141+0800: 3.206: [GC (Allocation Failure) 2026-06-17T09:49:42.141+0800: 3.207: [ParNew: 19640K->2175K(19648K), 0.0127278 secs] 41891K->28153K(63360K), 0.0135919 secs] [Times: user=0.09 sys=0.00, real=0.02 secs] 
2026-06-17T09:49:42.198+0800: 3.263: [GC (Allocation Failure) 2026-06-17T09:49:42.199+0800: 3.264: [ParNew: 19613K->2077K(19648K), 0.0088986 secs] 45591K->32675K(63360K), 0.0103397 secs] [Times: user=0.11 sys=0.00, real=0.01 secs] 
2026-06-17T09:49:42.211+0800: 3.276: [GC (CMS Initial Mark) [1 CMS-initial-mark: 30598K(43712K)] 34237K(63360K), 0.0022280 secs] [Times: user=0.00 sys=0.01, real=0.00 secs] 
2026-06-17T09:49:42.214+0800: 3.279: [CMS-concurrent-mark-start]
2026-06-17T09:49:42.215+0800: 3.280: [CMS-concurrent-mark: 0.001/0.001 secs] [Times: user=0.00 sys=0.00, real=0.00 secs] 
2026-06-17T09:49:42.215+0800: 3.280: [CMS-concurrent-preclean-start]
2026-06-17T09:49:42.215+0800: 3.280: [CMS-concurrent-preclean: 0.000/0.000 secs] [Times: user=0.00 sys=0.00, real=0.00 secs] 
2026-06-17T09:49:42.216+0800: 3.281: [CMS-concurrent-abortable-preclean-start]
2026-06-17T09:49:42.258+0800: 3.323: [GC (Allocation Failure) 2026-06-17T09:49:42.259+0800: 3.324: [ParNew: 19549K->2174K(19648K), 0.0103373 secs] 50147K->36197K(63360K), 0.0119998 secs] [Times: user=0.11 sys=0.00, real=0.02 secs] 
2026-06-17T09:49:42.315+0800: 3.380: [GC (Allocation Failure) 2026-06-17T09:49:42.316+0800: 3.381: [ParNew: 19447K->2116K(19648K), 0.0123876 secs] 53470K->37208K(63360K), 0.0132289 secs] [Times: user=0.09 sys=0.00, real=0.01 secs] 
2026-06-17T09:49:42.372+0800: 3.437: [GC (Allocation Failure) 2026-06-17T09:49:42.373+0800: 3.438: [ParNew: 19581K->2174K(19648K), 0.0123907 secs] 54673K->44558K(63360K), 0.0135769 secs] [Times: user=0.12 sys=0.00, real=0.01 secs] 
2026-06-17T09:49:42.386+0800: 3.451: [CMS-concurrent-abortable-preclean: 0.000/0.170 secs] [Times: user=0.33 sys=0.00, real=0.17 secs] 
2026-06-17T09:49:42.386+0800: 3.452: [GC (CMS Final Remark) [YG occupancy: 3510 K (19648 K)]2026-06-17T09:49:42.387+0800: 3.452: [Rescan (parallel) , 0.0031773 secs]2026-06-17T09:49:42.390+0800: 3.456: [weak refs processing, 0.0005343 secs]2026-06-17T09:49:42.391+0800: 3.456: [class unloading, 0.0005049 secs]2026-06-17T09:49:42.392+0800: 3.457: [scrub symbol table, 0.0006349 secs]2026-06-17T09:49:42.393+0800: 3.458: [scrub string table, 0.0005319 secs][1 CMS-remark: 42384K(43712K)] 45895K(63360K), 0.0080175 secs] [Times: user=0.02 sys=0.00, real=0.01 secs] 
2026-06-17T09:49:42.396+0800: 3.461: [CMS-concurrent-sweep-start]
2026-06-17T09:49:42.396+0800: 3.461: [CMS-concurrent-sweep: 0.000/0.000 secs] [Times: user=0.00 sys=0.00, real=0.00 secs] 
2026-06-17T09:49:42.396+0800: 3.461: [CMS-concurrent-reset-start]
2026-06-17T09:49:42.396+0800: 3.461: [CMS-concurrent-reset: 0.000/0.000 secs] [Times: user=0.00 sys=0.00, real=0.00 secs] 
2026-06-17T09:49:42.438+0800: 3.503: [GC (Allocation Failure) 2026-06-17T09:49:42.439+0800: 3.504: [ParNew: 19646K->2005K(19648K), 0.0124275 secs] 50345K->34714K(63360K), 0.0138244 secs] [Times: user=0.12 sys=0.00, real=0.02 secs] 
2026-06-17T09:49:42.454+0800: 3.519: [GC (CMS Initial Mark) [1 CMS-initial-mark: 32708K(43712K)] 36243K(63360K), 0.0017543 secs] [Times: user=0.00 sys=0.00, real=0.00 secs] 
2026-06-17T09:49:42.457+0800: 3.522: [CMS-concurrent-mark-start]
2026-06-17T09:49:42.457+0800: 3.523: [CMS-concurrent-mark: 0.001/0.001 secs] [Times: user=0.01 sys=0.00, real=0.00 secs] 
2026-06-17T09:49:42.458+0800: 3.523: [CMS-concurrent-preclean-start]
2026-06-17T09:49:42.458+0800: 3.523: [CMS-concurrent-preclean: 0.000/0.000 secs] [Times: user=0.00 sys=0.00, real=0.00 secs] 
2026-06-17T09:49:42.459+0800: 3.524: [CMS-concurrent-abortable-preclean-start]
2026-06-17T09:49:42.489+0800: 3.555: [GC (Allocation Failure) 2026-06-17T09:49:42.491+0800: 3.556: [ParNew: 19405K->2097K(19648K), 0.0111441 secs] 52114K->37819K(63360K), 0.0132481 secs] [Times: user=0.13 sys=0.00, real=0.02 secs] 
2026-06-17T09:49:42.557+0800: 3.623: [GC (Allocation Failure) 2026-06-17T09:49:42.558+0800: 3.623: [ParNew: 19538K->2166K(19648K), 0.0050495 secs] 55260K->41082K(63360K), 0.0065545 secs] [Times: user=0.03 sys=0.00, real=0.01 secs] 
2026-06-17T09:49:42.609+0800: 3.674: [GC (Allocation Failure) 2026-06-17T09:49:42.609+0800: 3.675: [ParNew: 19629K->2171K(19648K), 0.0112576 secs] 58544K->45247K(63360K), 0.0123624 secs] [Times: user=0.09 sys=0.00, real=0.01 secs] 
2026-06-17T09:49:42.622+0800: 3.687: [CMS-concurrent-abortable-preclean: 0.000/0.163 secs] [Times: user=0.25 sys=0.00, real=0.16 secs] 
2026-06-17T09:49:42.622+0800: 3.687: [GC (CMS Final Remark) [YG occupancy: 5530 K (19648 K)]2026-06-17T09:49:42.622+0800: 3.687: [Rescan (parallel) , 0.0104493 secs]2026-06-17T09:49:42.634+0800: 3.699: [weak refs processing, 0.0003411 secs]2026-06-17T09:49:42.635+0800: 3.700: [class unloading, 0.0003145 secs]2026-06-17T09:49:42.635+0800: 3.700: [scrub symbol table, 0.0003770 secs]2026-06-17T09:49:42.636+0800: 3.701: [scrub string table, 0.0002093 secs][1 CMS-remark: 43076K(43712K)] 48606K(63360K), 0.0144648 secs] [Times: user=0.10 sys=0.00, real=0.02 secs] 
2026-06-17T09:49:42.637+0800: 3.702: [CMS-concurrent-sweep-start]
2026-06-17T09:49:42.637+0800: 3.702: [CMS-concurrent-sweep: 0.000/0.000 secs] [Times: user=0.00 sys=0.00, real=0.00 secs] 
2026-06-17T09:49:42.637+0800: 3.702: [CMS-concurrent-reset-start]
2026-06-17T09:49:42.637+0800: 3.702: [CMS-concurrent-reset: 0.000/0.000 secs] [Times: user=0.00 sys=0.00, real=0.00 secs] 
2026-06-17T09:49:42.668+0800: 3.733: [GC (Allocation Failure) 2026-06-17T09:49:42.669+0800: 3.734: [ParNew: 19643K->2170K(19648K), 0.0110194 secs] 49797K->37173K(63360K), 0.0124065 secs] [Times: user=0.11 sys=0.01, real=0.01 secs] 
2026-06-17T09:49:42.681+0800: 3.746: [GC (CMS Initial Mark) [1 CMS-initial-mark: 35002K(43712K)] 37942K(63360K), 0.0011470 secs] [Times: user=0.00 sys=0.00, real=0.01 secs] 
2026-06-17T09:49:42.683+0800: 3.748: [CMS-concurrent-mark-start]
2026-06-17T09:49:42.684+0800: 3.749: [CMS-concurrent-mark: 0.000/0.000 secs] [Times: user=0.00 sys=0.00, real=0.00 secs] 
2026-06-17T09:49:42.684+0800: 3.749: [CMS-concurrent-preclean-start]
2026-06-17T09:49:42.684+0800: 3.749: [CMS-concurrent-preclean: 0.000/0.000 secs] [Times: user=0.00 sys=0.00, real=0.00 secs] 
2026-06-17T09:49:42.684+0800: 3.750: [GC (CMS Final Remark) [YG occupancy: 3608 K (19648 K)]2026-06-17T09:49:42.685+0800: 3.750: [Rescan (parallel) , 0.0065196 secs]2026-06-17T09:49:42.692+0800: 3.757: [weak refs processing, 0.0004717 secs]2026-06-17T09:49:42.693+0800: 3.758: [class unloading, 0.0003954 secs]2026-06-17T09:49:42.694+0800: 3.759: [scrub symbol table, 0.0004628 secs]2026-06-17T09:49:42.695+0800: 3.760: [scrub string table, 0.0002757 secs][1 CMS-remark: 35002K(43712K)] 38611K(63360K), 0.0106448 secs] [Times: user=0.06 sys=0.00, real=0.01 secs] 
2026-06-17T09:49:42.696+0800: 3.761: [CMS-concurrent-sweep-start]
2026-06-17T09:49:42.696+0800: 3.761: [CMS-concurrent-sweep: 0.000/0.000 secs] [Times: user=0.00 sys=0.00, real=0.00 secs] 
2026-06-17T09:49:42.696+0800: 3.761: [CMS-concurrent-reset-start]
2026-06-17T09:49:42.696+0800: 3.761: [CMS-concurrent-reset: 0.000/0.000 secs] [Times: user=0.00 sys=0.00, real=0.00 secs] 
2026-06-17T09:49:42.738+0800: 3.803: [GC (Allocation Failure) 2026-06-17T09:49:42.739+0800: 3.804: [ParNew: 19622K->1629K(19648K), 0.0088055 secs] 43267K->26371K(63360K), 0.0100878 secs] [Times: user=0.10 sys=0.01, real=0.01 secs] 
2026-06-17T09:49:42.782+0800: 3.847: [GC (Allocation Failure) 2026-06-17T09:49:42.783+0800: 3.848: [ParNew: 19084K->2050K(19648K), 0.0075251 secs] 43826K->30005K(63360K), 0.0091612 secs] [Times: user=0.06 sys=0.00, real=0.02 secs] 
2026-06-17T09:49:42.837+0800: 3.903: [GC (Allocation Failure) 2026-06-17T09:49:42.839+0800: 3.904: [ParNew: 19500K->2169K(19648K), 0.0049321 secs] 47455K->36651K(63360K), 0.0068954 secs] [Times: user=0.03 sys=0.00, real=0.01 secs] 
2026-06-17T09:49:42.846+0800: 3.911: [GC (CMS Initial Mark) [1 CMS-initial-mark: 34482K(43712K)] 37036K(63360K), 0.0018128 secs] [Times: user=0.00 sys=0.00, real=0.00 secs] 
2026-06-17T09:49:42.849+0800: 3.914: [CMS-concurrent-mark-start]
2026-06-17T09:49:42.850+0800: 3.915: [CMS-concurrent-mark: 0.001/0.001 secs] [Times: user=0.00 sys=0.00, real=0.00 secs] 
2026-06-17T09:49:42.850+0800: 3.915: [CMS-concurrent-preclean-start]
2026-06-17T09:49:42.850+0800: 3.915: [CMS-concurrent-preclean: 0.000/0.000 secs] [Times: user=0.00 sys=0.00, real=0.00 secs] 
2026-06-17T09:49:42.851+0800: 3.916: [GC (CMS Final Remark) [YG occupancy: 2554 K (19648 K)]2026-06-17T09:49:42.851+0800: 3.916: [Rescan (parallel) , 0.0063947 secs]2026-06-17T09:49:42.858+0800: 3.923: [weak refs processing, 0.0003023 secs]2026-06-17T09:49:42.859+0800: 3.924: [class unloading, 0.0005331 secs]2026-06-17T09:49:42.860+0800: 3.925: [scrub symbol table, 0.0005973 secs]2026-06-17T09:49:42.860+0800: 3.926: [scrub string table, 0.0004696 secs][1 CMS-remark: 34482K(43712K)] 37036K(63360K), 0.0106829 secs] [Times: user=0.05 sys=0.00, real=0.00 secs] 
2026-06-17T09:49:42.863+0800: 3.928: [CMS-concurrent-sweep-start]
2026-06-17T09:49:42.863+0800: 3.928: [CMS-concurrent-sweep: 0.000/0.000 secs] [Times: user=0.00 sys=0.00, real=0.00 secs] 
2026-06-17T09:49:42.863+0800: 3.928: [CMS-concurrent-reset-start]
2026-06-17T09:49:42.863+0800: 3.928: [CMS-concurrent-reset: 0.000/0.000 secs] [Times: user=0.01 sys=0.00, real=0.00 secs] 
2026-06-17T09:49:42.905+0800: 3.970: [GC (Allocation Failure) 2026-06-17T09:49:42.906+0800: 3.971: [ParNew: 19641K->2172K(19648K), 0.0090202 secs] 38437K->24013K(63360K), 0.0107259 secs] [Times: user=0.06 sys=0.00, real=0.01 secs] 
2026-06-17T09:49:42.960+0800: 4.026: [GC (Allocation Failure) 2026-06-17T09:49:42.961+0800: 4.026: [ParNew: 19610K->2169K(19648K), 0.0052209 secs] 41450K->28458K(63360K), 0.0066312 secs] [Times: user=0.03 sys=0.00, real=0.01 secs] 
2026-06-17T09:49:43.012+0800: 4.077: [GC (Allocation Failure) 2026-06-17T09:49:43.013+0800: 4.078: [ParNew: 19641K->2167K(19648K), 0.0057850 secs] 45930K->32984K(63360K), 0.0074909 secs] [Times: user=0.03 sys=0.01, real=0.00 secs] 
2026-06-17T09:49:43.022+0800: 4.087: [GC (CMS Initial Mark) [1 CMS-initial-mark: 30817K(43712K)] 33570K(63360K), 0.0023502 secs] [Times: user=0.00 sys=0.00, real=0.01 secs] 
2026-06-17T09:49:43.025+0800: 4.090: [CMS-concurrent-mark-start]
2026-06-17T09:49:43.026+0800: 4.091: [CMS-concurrent-mark: 0.001/0.001 secs] [Times: user=0.00 sys=0.00, real=0.00 secs] 
2026-06-17T09:49:43.026+0800: 4.092: [CMS-concurrent-preclean-start]
2026-06-17T09:49:43.027+0800: 4.092: [CMS-concurrent-preclean: 0.000/0.000 secs] [Times: user=0.00 sys=0.00, real=0.00 secs] 
2026-06-17T09:49:43.027+0800: 4.092: [GC (CMS Final Remark) [YG occupancy: 2753 K (19648 K)]2026-06-17T09:49:43.028+0800: 4.093: [Rescan (parallel) , 0.0092599 secs]2026-06-17T09:49:43.038+0800: 4.103: [weak refs processing, 0.0008508 secs]2026-06-17T09:49:43.039+0800: 4.104: [class unloading, 0.0008345 secs]2026-06-17T09:49:43.041+0800: 4.106: [scrub symbol table, 0.0008997 secs]2026-06-17T09:49:43.042+0800: 4.107: [scrub string table, 0.0005871 secs][1 CMS-remark: 30817K(43712K)] 33570K(63360K), 0.0159378 secs] [Times: user=0.11 sys=0.00, real=0.02 secs] 
2026-06-17T09:49:43.044+0800: 4.110: [CMS-concurrent-sweep-start]
2026-06-17T09:49:43.045+0800: 4.110: [CMS-concurrent-sweep: 0.000/0.000 secs] [Times: user=0.00 sys=0.00, real=0.00 secs] 
2026-06-17T09:49:43.045+0800: 4.110: [CMS-concurrent-reset-start]
2026-06-17T09:49:43.045+0800: 4.110: [CMS-concurrent-reset: 0.000/0.000 secs] [Times: user=0.00 sys=0.00, real=0.00 secs] 
2026-06-17T09:49:43.077+0800: 4.142: [GC (Allocation Failure) 2026-06-17T09:49:43.077+0800: 4.143: [ParNew: 19617K->2173K(19648K), 0.0106818 secs] 45850K->33615K(63360K), 0.0134589 secs] [Times: user=0.12 sys=0.00, real=0.02 secs] 
2026-06-17T09:49:43.092+0800: 4.157: [GC (CMS Initial Mark) [1 CMS-initial-mark: 31441K(43712K)] 34753K(63360K), 0.0019845 secs] [Times: user=0.00 sys=0.00, real=0.00 secs] 
2026-06-17T09:49:43.095+0800: 4.160: [CMS-concurrent-mark-start]
2026-06-17T09:49:43.096+0800: 4.161: [CMS-concurrent-mark: 0.001/0.001 secs] [Times: user=0.00 sys=0.00, real=0.00 secs] 
2026-06-17T09:49:43.096+0800: 4.162: [CMS-concurrent-preclean-start]
2026-06-17T09:49:43.097+0800: 4.162: [CMS-concurrent-preclean: 0.000/0.000 secs] [Times: user=0.00 sys=0.00, real=0.00 secs] 
2026-06-17T09:49:43.097+0800: 4.162: [GC (CMS Final Remark) [YG occupancy: 3896 K (19648 K)]2026-06-17T09:49:43.098+0800: 4.163: [Rescan (parallel) , 0.0055710 secs]2026-06-17T09:49:43.104+0800: 4.169: [weak refs processing, 0.0003247 secs]2026-06-17T09:49:43.105+0800: 4.170: [class unloading, 0.0006036 secs]2026-06-17T09:49:43.106+0800: 4.171: [scrub symbol table, 0.0006734 secs]2026-06-17T09:49:43.107+0800: 4.172: [scrub string table, 0.0005381 secs][1 CMS-remark: 31441K(43712K)] 35338K(63360K), 0.0108244 secs] [Times: user=0.05 sys=0.01, real=0.01 secs] 
2026-06-17T09:49:43.109+0800: 4.174: [CMS-concurrent-sweep-start]
2026-06-17T09:49:43.109+0800: 4.174: [CMS-concurrent-sweep: 0.000/0.000 secs] [Times: user=0.00 sys=0.00, real=0.00 secs] 
2026-06-17T09:49:43.110+0800: 4.175: [CMS-concurrent-reset-start]
2026-06-17T09:49:43.110+0800: 4.175: [CMS-concurrent-reset: 0.000/0.000 secs] [Times: user=0.00 sys=0.00, real=0.00 secs] 
2026-06-17T09:49:43.141+0800: 4.207: [GC (Allocation Failure) 2026-06-17T09:49:43.142+0800: 4.207: [ParNew: 19645K->2175K(19648K), 0.0052025 secs] 39818K->29053K(63360K), 0.0066966 secs] [Times: user=0.03 sys=0.00, real=0.01 secs] 
2026-06-17T09:49:43.150+0800: 4.215: [GC (CMS Initial Mark) [1 CMS-initial-mark: 26878K(43712K)] 29458K(63360K), 0.0020001 secs] [Times: user=0.00 sys=0.00, real=0.01 secs] 
2026-06-17T09:49:43.153+0800: 4.218: [CMS-concurrent-mark-start]
2026-06-17T09:49:43.153+0800: 4.218: [CMS-concurrent-mark: 0.001/0.001 secs] [Times: user=0.00 sys=0.00, real=0.00 secs] 
2026-06-17T09:49:43.154+0800: 4.219: [CMS-concurrent-preclean-start]
2026-06-17T09:49:43.154+0800: 4.219: [CMS-concurrent-preclean: 0.000/0.000 secs] [Times: user=0.00 sys=0.00, real=0.00 secs] 
2026-06-17T09:49:43.154+0800: 4.219: [GC (CMS Final Remark) [YG occupancy: 2580 K (19648 K)]2026-06-17T09:49:43.155+0800: 4.220: [Rescan (parallel) , 0.0105309 secs]2026-06-17T09:49:43.166+0800: 4.231: [weak refs processing, 0.0003479 secs]2026-06-17T09:49:43.167+0800: 4.232: [class unloading, 0.0006024 secs]2026-06-17T09:49:43.168+0800: 4.233: [scrub symbol table, 0.0004424 secs]2026-06-17T09:49:43.169+0800: 4.234: [scrub string table, 0.0004982 secs][1 CMS-remark: 26878K(43712K)] 29458K(63360K), 0.0152410 secs] [Times: user=0.11 sys=0.01, real=0.01 secs] 
2026-06-17T09:49:43.171+0800: 4.236: [CMS-concurrent-sweep-start]
2026-06-17T09:49:43.171+0800: 4.236: [CMS-concurrent-sweep: 0.000/0.000 secs] [Times: user=0.00 sys=0.00, real=0.00 secs] 
2026-06-17T09:49:43.172+0800: 4.237: [CMS-concurrent-reset-start]
2026-06-17T09:49:43.172+0800: 4.237: [CMS-concurrent-reset: 0.000/0.000 secs] [Times: user=0.00 sys=0.00, real=0.00 secs] 
2026-06-17T09:49:43.213+0800: 4.278: [GC (Allocation Failure) 2026-06-17T09:49:43.214+0800: 4.279: [ParNew: 19647K->2171K(19648K), 0.0092718 secs] 43427K->28068K(63360K), 0.0101951 secs] [Times: user=0.08 sys=0.00, real=0.01 secs] 
2026-06-17T09:49:43.267+0800: 4.332: [GC (Allocation Failure) 2026-06-17T09:49:43.267+0800: 4.333: [ParNew: 19643K->2118K(19648K), 0.0058934 secs] 45540K->31789K(63360K), 0.0073588 secs] [Times: user=0.04 sys=0.00, real=0.01 secs] 
2026-06-17T09:49:43.318+0800: 4.383: [GC (Allocation Failure) 2026-06-17T09:49:43.319+0800: 4.384: [ParNew: 19544K->2169K(19648K), 0.0093189 secs] 49215K->35502K(63360K), 0.0104469 secs] [Times: user=0.07 sys=0.01, real=0.01 secs] 
2026-06-17T09:49:43.330+0800: 4.395: [GC (CMS Initial Mark) [1 CMS-initial-mark: 33333K(43712K)] 37104K(63360K), 0.0020369 secs] [Times: user=0.00 sys=0.00, real=0.01 secs] 
2026-06-17T09:49:43.334+0800: 4.399: [CMS-concurrent-mark-start]
2026-06-17T09:49:43.334+0800: 4.399: [CMS-concurrent-mark: 0.000/0.000 secs] [Times: user=0.00 sys=0.00, real=0.00 secs] 
2026-06-17T09:49:43.335+0800: 4.400: [CMS-concurrent-preclean-start]
2026-06-17T09:49:43.335+0800: 4.400: [CMS-concurrent-preclean: 0.000/0.000 secs] [Times: user=0.00 sys=0.00, real=0.00 secs] 
2026-06-17T09:49:43.336+0800: 4.401: [GC (CMS Final Remark) [YG occupancy: 3771 K (19648 K)]2026-06-17T09:49:43.336+0800: 4.401: [Rescan (parallel) , 0.0040955 secs]2026-06-17T09:49:43.341+0800: 4.406: [weak refs processing, 0.0005669 secs]2026-06-17T09:49:43.342+0800: 4.407: [class unloading, 0.0004909 secs]2026-06-17T09:49:43.343+0800: 4.408: [scrub symbol table, 0.0010467 secs]2026-06-17T09:49:43.345+0800: 4.410: [scrub string table, 0.0005470 secs][1 CMS-remark: 33333K(43712K)] 37104K(63360K), 0.0103695 secs] [Times: user=0.03 sys=0.00, real=0.01 secs] 
2026-06-17T09:49:43.347+0800: 4.412: [CMS-concurrent-sweep-start]
2026-06-17T09:49:43.347+0800: 4.412: [CMS-concurrent-sweep: 0.000/0.000 secs] [Times: user=0.00 sys=0.00, real=0.00 secs] 
2026-06-17T09:49:43.347+0800: 4.412: [CMS-concurrent-reset-start]
2026-06-17T09:49:43.347+0800: 4.413: [CMS-concurrent-reset: 0.000/0.000 secs] [Times: user=0.00 sys=0.00, real=0.00 secs] 
2026-06-17T09:49:43.379+0800: 4.444: [GC (Allocation Failure) 2026-06-17T09:49:43.380+0800: 4.445: [ParNew: 19485K->2025K(19648K), 0.0081034 secs] 41121K->25612K(63360K), 0.0091149 secs] [Times: user=0.10 sys=0.00, real=0.01 secs] 
2026-06-17T09:49:43.432+0800: 4.497: [GC (Allocation Failure) 2026-06-17T09:49:43.433+0800: 4.498: [ParNew: 19497K->2173K(19648K), 0.0131745 secs] 43084K->32245K(63360K), 0.0191454 secs] [Times: user=0.10 sys=0.00, real=0.02 secs] 
2026-06-17T09:49:43.453+0800: 4.518: [GC (CMS Initial Mark) [1 CMS-initial-mark: 30071K(43712K)] 32642K(63360K), 0.0014343 secs] [Times: user=0.00 sys=0.00, real=0.00 secs] 
2026-06-17T09:49:43.455+0800: 4.520: [CMS-concurrent-mark-start]
2026-06-17T09:49:43.455+0800: 4.521: [CMS-concurrent-mark: 0.000/0.000 secs] [Times: user=0.00 sys=0.00, real=0.00 secs] 
2026-06-17T09:49:43.456+0800: 4.521: [CMS-concurrent-preclean-start]
2026-06-17T09:49:43.456+0800: 4.521: [CMS-concurrent-preclean: 0.000/0.000 secs] [Times: user=0.00 sys=0.00, real=0.00 secs] 
2026-06-17T09:49:43.457+0800: 4.522: [GC (CMS Final Remark) [YG occupancy: 2570 K (19648 K)]2026-06-17T09:49:43.457+0800: 4.522: [Rescan (parallel) , 0.0135611 secs]2026-06-17T09:49:43.471+0800: 4.536: [weak refs processing, 0.0006737 secs]2026-06-17T09:49:43.472+0800: 4.538: [class unloading, 0.0009043 secs]2026-06-17T09:49:43.474+0800: 4.539: [scrub symbol table, 0.0006812 secs]2026-06-17T09:49:43.475+0800: 4.540: [scrub string table, 0.0004183 secs][1 CMS-remark: 30071K(43712K)] 32642K(63360K), 0.0193570 secs] [Times: user=0.14 sys=0.01, real=0.02 secs] 
2026-06-17T09:49:43.477+0800: 4.542: [CMS-concurrent-sweep-start]
2026-06-17T09:49:43.477+0800: 4.542: [CMS-concurrent-sweep: 0.000/0.000 secs] [Times: user=0.00 sys=0.00, real=0.00 secs] 
2026-06-17T09:49:43.478+0800: 4.543: [CMS-concurrent-reset-start]
2026-06-17T09:49:43.478+0800: 4.543: [CMS-concurrent-reset: 0.000/0.000 secs] [Times: user=0.00 sys=0.00, real=0.00 secs] 
2026-06-17T09:49:43.519+0800: 4.584: [GC (Allocation Failure) 2026-06-17T09:49:43.520+0800: 4.585: [ParNew: 19645K->2172K(19648K), 0.0080485 secs] 48497K->34182K(63360K), 0.0095360 secs] [Times: user=0.08 sys=0.00, real=0.01 secs] 
2026-06-17T09:49:43.531+0800: 4.596: [GC (CMS Initial Mark) [1 CMS-initial-mark: 32009K(43712K)] 35833K(63360K), 0.0020785 secs] [Times: user=0.00 sys=0.01, real=0.00 secs] 
2026-06-17T09:49:43.534+0800: 4.599: [CMS-concurrent-mark-start]
2026-06-17T09:49:43.534+0800: 4.599: [CMS-concurrent-mark: 0.001/0.001 secs] [Times: user=0.00 sys=0.00, real=0.00 secs] 
2026-06-17T09:49:43.535+0800: 4.600: [CMS-concurrent-preclean-start]
2026-06-17T09:49:43.535+0800: 4.600: [CMS-concurrent-preclean: 0.000/0.000 secs] [Times: user=0.00 sys=0.00, real=0.00 secs] 
2026-06-17T09:49:43.535+0800: 4.600: [CMS-concurrent-abortable-preclean-start]
2026-06-17T09:49:43.576+0800: 4.641: [GC (Allocation Failure) 2026-06-17T09:49:43.577+0800: 4.642: [ParNew: 19644K->2162K(19648K), 0.0114551 secs] 51654K->38454K(63360K), 0.0129753 secs] [Times: user=0.14 sys=0.00, real=0.01 secs] 
2026-06-17T09:49:43.634+0800: 4.699: [GC (Allocation Failure) 2026-06-17T09:49:43.635+0800: 4.700: [ParNew: 19617K->2168K(19648K), 0.0065151 secs] 55909K->41784K(63360K), 0.0082391 secs] [Times: user=0.04 sys=0.00, real=0.01 secs] 
2026-06-17T09:49:43.687+0800: 4.752: [GC (Allocation Failure) 2026-06-17T09:49:43.688+0800: 4.753: [ParNew: 19640K->19640K(19648K), 0.0009324 secs]2026-06-17T09:49:43.690+0800: 4.755: [CMS2026-06-17T09:49:43.691+0800: 4.756: [CMS-concurrent-abortable-preclean: 0.001/0.156 secs] [Times: user=0.18 sys=0.00, real=0.16 secs] 
 (concurrent mode failure): 39615K->32562K(43712K), 0.0089032 secs] 59256K->32562K(63360K), [Metaspace: 2706K->2706K(1056768K)], 0.0124476 secs] [Times: user=0.01 sys=0.00, real=0.01 secs] 
2026-06-17T09:49:43.744+0800: 4.809: [GC (Allocation Failure) 2026-06-17T09:49:43.745+0800: 4.810: [ParNew: 17472K->2172K(19648K), 0.0157719 secs] 50034K->39381K(63360K), 0.0170188 secs] [Times: user=0.10 sys=0.00, real=0.01 secs] 
2026-06-17T09:49:43.761+0800: 4.827: [GC (CMS Initial Mark) [1 CMS-initial-mark: 37209K(43712K)] 40181K(63360K), 0.0011276 secs] [Times: user=0.00 sys=0.00, real=0.01 secs] 
2026-06-17T09:49:43.763+0800: 4.828: [CMS-concurrent-mark-start]
2026-06-17T09:49:43.764+0800: 4.829: [CMS-concurrent-mark: 0.001/0.001 secs] [Times: user=0.00 sys=0.01, real=0.00 secs] 
2026-06-17T09:49:43.765+0800: 4.830: [CMS-concurrent-preclean-start]
2026-06-17T09:49:43.765+0800: 4.830: [CMS-concurrent-preclean: 0.000/0.000 secs] [Times: user=0.00 sys=0.00, real=0.00 secs] 
2026-06-17T09:49:43.765+0800: 4.830: [GC (CMS Final Remark) [YG occupancy: 2972 K (19648 K)]2026-06-17T09:49:43.765+0800: 4.830: [Rescan (parallel) , 0.0195129 secs]2026-06-17T09:49:43.785+0800: 4.850: [weak refs processing, 0.0008043 secs]2026-06-17T09:49:43.786+0800: 4.851: [class unloading, 0.0008694 secs]2026-06-17T09:49:43.788+0800: 4.853: [scrub symbol table, 0.0005793 secs]2026-06-17T09:49:43.789+0800: 4.854: [scrub string table, 0.0004863 secs][1 CMS-remark: 37209K(43712K)] 40181K(63360K), 0.0246551 secs] [Times: user=0.14 sys=0.00, real=0.02 secs] 
2026-06-17T09:49:43.790+0800: 4.856: [CMS-concurrent-sweep-start]
2026-06-17T09:49:43.791+0800: 4.856: [CMS-concurrent-sweep: 0.000/0.000 secs] [Times: user=0.00 sys=0.00, real=0.00 secs] 
2026-06-17T09:49:43.791+0800: 4.856: [CMS-concurrent-reset-start]
2026-06-17T09:49:43.791+0800: 4.856: [CMS-concurrent-reset: 0.000/0.000 secs] [Times: user=0.00 sys=0.00, real=0.00 secs] 
2026-06-17T09:49:43.823+0800: 4.888: [GC (Allocation Failure) 2026-06-17T09:49:43.824+0800: 4.889: [ParNew: 18623K->2024K(19648K), 0.0107986 secs] 43261K->28075K(63360K), 0.0123070 secs] [Times: user=0.10 sys=0.00, real=0.01 secs] 
2026-06-17T09:49:43.880+0800: 4.945: [GC (Allocation Failure) 2026-06-17T09:49:43.881+0800: 4.946: [ParNew: 19465K->2170K(19648K), 0.0114207 secs] 45515K->31845K(63360K), 0.0137564 secs] [Times: user=0.10 sys=0.01, real=0.02 secs] 
2026-06-17T09:49:43.949+0800: 5.014: [GC (Allocation Failure) 2026-06-17T09:49:43.950+0800: 5.015: [ParNew: 19642K->2061K(19648K), 0.0091958 secs] 49317K->35074K(63360K), 0.0104321 secs] [Times: user=0.11 sys=0.00, real=0.01 secs] 
2026-06-17T09:49:44.004+0800: 5.070: [GC (Allocation Failure) 2026-06-17T09:49:44.005+0800: 5.070: [ParNew: 19517K->2167K(19648K), 0.0143306 secs] 52531K->38223K(63360K), 0.0153817 secs] [Times: user=0.10 sys=0.00, real=0.01 secs] 
2026-06-17T09:49:44.021+0800: 5.086: [GC (CMS Initial Mark) [1 CMS-initial-mark: 36055K(43712K)] 39274K(63360K), 0.0011490 secs] [Times: user=0.00 sys=0.00, real=0.00 secs] 
2026-06-17T09:49:44.022+0800: 5.087: [CMS-concurrent-mark-start]
2026-06-17T09:49:44.023+0800: 5.088: [CMS-concurrent-mark: 0.001/0.001 secs] [Times: user=0.00 sys=0.00, real=0.01 secs] 
2026-06-17T09:49:44.024+0800: 5.089: [CMS-concurrent-preclean-start]
2026-06-17T09:49:44.024+0800: 5.089: [CMS-concurrent-preclean: 0.000/0.000 secs] [Times: user=0.00 sys=0.00, real=0.00 secs] 
2026-06-17T09:49:44.024+0800: 5.090: [CMS-concurrent-abortable-preclean-start]
2026-06-17T09:49:44.067+0800: 5.132: [GC (Allocation Failure) 2026-06-17T09:49:44.068+0800: 5.133: [ParNew: 19639K->2174K(19648K), 0.0111483 secs] 55695K->43167K(63360K), 0.0131085 secs] [Times: user=0.10 sys=0.01, real=0.01 secs] 
2026-06-17T09:49:44.125+0800: 5.190: [GC (Allocation Failure) 2026-06-17T09:49:44.125+0800: 5.191: [ParNew: 19646K->19646K(19648K), 0.0006371 secs]2026-06-17T09:49:44.127+0800: 5.192: [CMS2026-06-17T09:49:44.127+0800: 5.192: [CMS-concurrent-abortable-preclean: 0.000/0.103 secs] [Times: user=0.11 sys=0.01, real=0.10 secs] 
 (concurrent mode failure): 40992K->28780K(43712K), 0.0060376 secs] 60639K->28780K(63360K), [Metaspace: 2707K->2707K(1056768K)], 0.0084431 secs] [Times: user=0.01 sys=0.00, real=0.01 secs] 
2026-06-17T09:49:44.178+0800: 5.243: [GC (Allocation Failure) 2026-06-17T09:49:44.179+0800: 5.244: [ParNew: 17214K->2052K(19648K), 0.0206001 secs] 45995K->32133K(63360K), 0.0217415 secs] [Times: user=0.14 sys=0.00, real=0.02 secs] 
2026-06-17T09:49:44.254+0800: 5.319: [GC (Allocation Failure) 2026-06-17T09:49:44.255+0800: 5.320: [ParNew: 19524K->2089K(19648K), 0.0115345 secs] 49605K->35477K(63360K), 0.0134113 secs] [Times: user=0.09 sys=0.00, real=0.01 secs] 
2026-06-17T09:49:44.313+0800: 5.379: [GC (Allocation Failure) 2026-06-17T09:49:44.315+0800: 5.380: [ParNew: 19548K->2175K(19648K), 0.0091893 secs] 52935K->39060K(63360K), 0.0112858 secs] [Times: user=0.10 sys=0.00, real=0.01 secs] 
2026-06-17T09:49:44.326+0800: 5.392: [GC (CMS Initial Mark) [1 CMS-initial-mark: 36885K(43712K)] 40205K(63360K), 0.0024497 secs] [Times: user=0.00 sys=0.00, real=0.00 secs] 
2026-06-17T09:49:44.330+0800: 5.395: [CMS-concurrent-mark-start]
2026-06-17T09:49:44.330+0800: 5.395: [CMS-concurrent-mark: 0.000/0.000 secs] [Times: user=0.00 sys=0.00, real=0.00 secs] 
2026-06-17T09:49:44.331+0800: 5.396: [CMS-concurrent-preclean-start]
2026-06-17T09:49:44.331+0800: 5.396: [CMS-concurrent-preclean: 0.000/0.000 secs] [Times: user=0.00 sys=0.00, real=0.00 secs] 
2026-06-17T09:49:44.332+0800: 5.397: [CMS-concurrent-abortable-preclean-start]
2026-06-17T09:49:44.372+0800: 5.437: [GC (Allocation Failure) 2026-06-17T09:49:44.373+0800: 5.438: [ParNew: 19600K->2174K(19648K), 0.0079527 secs] 56486K->44208K(63360K), 0.0092644 secs] [Times: user=0.08 sys=0.00, real=0.00 secs] 
2026-06-17T09:49:44.382+0800: 5.448: [CMS-concurrent-abortable-preclean: 0.000/0.051 secs] [Times: user=0.08 sys=0.00, real=0.05 secs] 
2026-06-17T09:49:44.383+0800: 5.448: [GC (CMS Final Remark) [YG occupancy: 4351 K (19648 K)]2026-06-17T09:49:44.384+0800: 5.449: [Rescan (parallel) , 0.0037685 secs]2026-06-17T09:49:44.388+0800: 5.453: [weak refs processing, 0.0004028 secs]2026-06-17T09:49:44.389+0800: 5.454: [class unloading, 0.0004742 secs]2026-06-17T09:49:44.390+0800: 5.455: [scrub symbol table, 0.0005567 secs]2026-06-17T09:49:44.391+0800: 5.456: [scrub string table, 0.0004024 secs][1 CMS-remark: 42033K(43712K)] 46385K(63360K), 0.0082420 secs] [Times: user=0.01 sys=0.01, real=0.01 secs] 
2026-06-17T09:49:44.392+0800: 5.458: [CMS-concurrent-sweep-start]
2026-06-17T09:49:44.393+0800: 5.458: [CMS-concurrent-sweep: 0.000/0.000 secs] [Times: user=0.00 sys=0.00, real=0.00 secs] 
2026-06-17T09:49:44.393+0800: 5.458: [CMS-concurrent-reset-start]
2026-06-17T09:49:44.393+0800: 5.458: [CMS-concurrent-reset: 0.000/0.000 secs] [Times: user=0.00 sys=0.00, real=0.00 secs] 
2026-06-17T09:49:44.425+0800: 5.490: [GC (Allocation Failure) 2026-06-17T09:49:44.426+0800: 5.491: [ParNew: 19646K->2168K(19648K), 0.0102610 secs] 48236K->35202K(63360K), 0.0121563 secs] [Times: user=0.12 sys=0.00, real=0.01 secs] 
2026-06-17T09:49:44.439+0800: 5.504: [GC (CMS Initial Mark) [1 CMS-initial-mark: 33034K(43712K)] 35958K(63360K), 0.0048372 secs] [Times: user=0.00 sys=0.00, real=0.01 secs] 
2026-06-17T09:49:44.445+0800: 5.510: [CMS-concurrent-mark-start]
2026-06-17T09:49:44.445+0800: 5.510: [CMS-concurrent-mark: 0.001/0.001 secs] [Times: user=0.00 sys=0.00, real=0.00 secs] 
2026-06-17T09:49:44.446+0800: 5.511: [CMS-concurrent-preclean-start]
2026-06-17T09:49:44.446+0800: 5.511: [CMS-concurrent-preclean: 0.000/0.000 secs] [Times: user=0.00 sys=0.00, real=0.00 secs] 
2026-06-17T09:49:44.446+0800: 5.512: [GC (CMS Final Remark) [YG occupancy: 2924 K (19648 K)]2026-06-17T09:49:44.447+0800: 5.512: [Rescan (parallel) , 0.0078964 secs]2026-06-17T09:49:44.456+0800: 5.521: [weak refs processing, 0.0004862 secs]2026-06-17T09:49:44.457+0800: 5.522: [class unloading, 0.0007370 secs]2026-06-17T09:49:44.458+0800: 5.523: [scrub symbol table, 0.0008098 secs]2026-06-17T09:49:44.459+0800: 5.524: [scrub string table, 0.0005897 secs][1 CMS-remark: 33034K(43712K)] 35958K(63360K), 0.0140642 secs] [Times: user=0.08 sys=0.00, real=0.01 secs] 
2026-06-17T09:49:44.462+0800: 5.527: [CMS-concurrent-sweep-start]
2026-06-17T09:49:44.462+0800: 5.527: [CMS-concurrent-sweep: 0.000/0.000 secs] [Times: user=0.00 sys=0.00, real=0.00 secs] 
2026-06-17T09:49:44.463+0800: 5.528: [CMS-concurrent-reset-start]
2026-06-17T09:49:44.463+0800: 5.528: [CMS-concurrent-reset: 0.000/0.000 secs] [Times: user=0.00 sys=0.00, real=0.00 secs] 
2026-06-17T09:49:44.495+0800: 5.560: [GC (Allocation Failure) 2026-06-17T09:49:44.496+0800: 5.561: [ParNew: 19455K->2136K(19648K), 0.0061181 secs] 41779K->26071K(63360K), 0.0080634 secs] [Times: user=0.04 sys=0.01, real=0.01 secs] 
2026-06-17T09:49:44.559+0800: 5.624: [GC (Allocation Failure) 2026-06-17T09:49:44.559+0800: 5.625: [ParNew: 19557K->2167K(19648K), 0.0106384 secs] 43492K->29935K(63360K), 0.0119373 secs] [Times: user=0.11 sys=0.00, real=0.02 secs] 
2026-06-17T09:49:44.616+0800: 5.681: [GC (Allocation Failure) 2026-06-17T09:49:44.617+0800: 5.682: [ParNew: 19586K->2175K(19648K), 0.0077333 secs] 47354K->33106K(63360K), 0.0091360 secs] [Times: user=0.06 sys=0.00, real=0.01 secs] 
2026-06-17T09:49:44.668+0800: 5.733: [GC (Allocation Failure) 2026-06-17T09:49:44.669+0800: 5.734: [ParNew: 19647K->2175K(19648K), 0.0055464 secs] 50578K->38067K(63360K), 0.0065902 secs] [Times: user=0.04 sys=0.01, real=0.01 secs] 
2026-06-17T09:49:44.676+0800: 5.741: [GC (CMS Initial Mark) [1 CMS-initial-mark: 35892K(43712K)] 39448K(63360K), 0.0011439 secs] [Times: user=0.00 sys=0.00, real=0.00 secs] 
2026-06-17T09:49:44.678+0800: 5.743: [CMS-concurrent-mark-start]
2026-06-17T09:49:44.678+0800: 5.743: [CMS-concurrent-mark: 0.000/0.000 secs] [Times: user=0.00 sys=0.00, real=0.00 secs] 
2026-06-17T09:49:44.679+0800: 5.744: [CMS-concurrent-preclean-start]
2026-06-17T09:49:44.679+0800: 5.744: [CMS-concurrent-preclean: 0.000/0.000 secs] [Times: user=0.00 sys=0.00, real=0.00 secs] 
2026-06-17T09:49:44.679+0800: 5.745: [CMS-concurrent-abortable-preclean-start]
2026-06-17T09:49:44.721+0800: 5.786: [GC (Allocation Failure) 2026-06-17T09:49:44.723+0800: 5.788: [ParNew: 19647K->2170K(19648K), 0.0116397 secs] 55539K->42859K(63360K), 0.0140773 secs] [Times: user=0.12 sys=0.01, real=0.02 secs] 
2026-06-17T09:49:44.781+0800: 5.846: [GC (Allocation Failure) 2026-06-17T09:49:44.781+0800: 5.846: [ParNew: 19539K->19539K(19648K), 0.0003665 secs]2026-06-17T09:49:44.782+0800: 5.847: [CMS2026-06-17T09:49:44.783+0800: 5.848: [CMS-concurrent-abortable-preclean: 0.000/0.103 secs] [Times: user=0.13 sys=0.01, real=0.11 secs] 
 (concurrent mode failure): 40688K->29656K(43712K), 0.0056139 secs] 60227K->29656K(63360K), [Metaspace: 2707K->2707K(1056768K)], 0.0076177 secs] [Times: user=0.00 sys=0.00, real=0.01 secs] 
2026-06-17T09:49:44.832+0800: 5.897: [GC (Allocation Failure) 2026-06-17T09:49:44.832+0800: 5.898: [ParNew: 17459K->2174K(19648K), 0.0110074 secs] 47115K->36917K(63360K), 0.0143851 secs] [Times: user=0.08 sys=0.00, real=0.01 secs] 
2026-06-17T09:49:44.849+0800: 5.914: [GC (CMS Initial Mark) [1 CMS-initial-mark: 34742K(43712K)] 37311K(63360K), 0.0046467 secs] [Times: user=0.01 sys=0.00, real=0.01 secs] 
2026-06-17T09:49:44.855+0800: 5.920: [CMS-concurrent-mark-start]
2026-06-17T09:49:44.859+0800: 5.925: [CMS-concurrent-mark: 0.004/0.004 secs] [Times: user=0.01 sys=0.00, real=0.00 secs] 
2026-06-17T09:49:44.860+0800: 5.925: [CMS-concurrent-preclean-start]
2026-06-17T09:49:44.860+0800: 5.925: [CMS-concurrent-preclean: 0.000/0.000 secs] [Times: user=0.00 sys=0.00, real=0.00 secs] 
2026-06-17T09:49:44.860+0800: 5.925: [CMS-concurrent-abortable-preclean-start]
2026-06-17T09:49:44.903+0800: 5.968: [GC (Allocation Failure) 2026-06-17T09:49:44.904+0800: 5.969: [ParNew: 19602K->2135K(19648K), 0.0089071 secs] 54344K->39561K(63360K), 0.0110158 secs] [Times: user=0.07 sys=0.00, real=0.01 secs] 
2026-06-17T09:49:44.948+0800: 6.013: [GC (Allocation Failure) 2026-06-17T09:49:44.948+0800: 6.014: [ParNew: 19540K->2065K(19648K), 0.0080625 secs] 56966K->42967K(63360K), 0.0089508 secs] [Times: user=0.10 sys=0.00, real=0.01 secs] 
2026-06-17T09:49:45.011+0800: 6.076: [GC (Allocation Failure) 2026-06-17T09:49:45.012+0800: 6.077: [ParNew: 19535K->19535K(19648K), 0.0007080 secs]2026-06-17T09:49:45.013+0800: 6.078: [CMS2026-06-17T09:49:45.014+0800: 6.079: [CMS-concurrent-abortable-preclean: 0.000/0.154 secs] [Times: user=0.17 sys=0.00, real=0.16 secs] 
 (concurrent mode failure): 40902K->24103K(43712K), 0.0062916 secs] 60437K->24103K(63360K), [Metaspace: 2707K->2707K(1056768K)], 0.0091422 secs] [Times: user=0.01 sys=0.00, real=0.00 secs] 
2026-06-17T09:49:45.065+0800: 6.131: [GC (Allocation Failure) 2026-06-17T09:49:45.067+0800: 6.132: [ParNew: 17458K->2170K(19648K), 0.0083896 secs] 41561K->31370K(63360K), 0.0100173 secs] [Times: user=0.06 sys=0.00, real=0.01 secs] 
2026-06-17T09:49:45.120+0800: 6.185: [GC (Allocation Failure) 2026-06-17T09:49:45.121+0800: 6.186: [ParNew: 19642K->2175K(19648K), 0.0112801 secs] 48842K->36785K(63360K), 0.0127638 secs] [Times: user=0.11 sys=0.00, real=0.02 secs] 
2026-06-17T09:49:45.134+0800: 6.199: [GC (CMS Initial Mark) [1 CMS-initial-mark: 34609K(43712K)] 37897K(63360K), 0.0020949 secs] [Times: user=0.00 sys=0.00, real=0.00 secs] 
2026-06-17T09:49:45.138+0800: 6.203: [CMS-concurrent-mark-start]
2026-06-17T09:49:45.138+0800: 6.203: [CMS-concurrent-mark: 0.001/0.001 secs] [Times: user=0.00 sys=0.00, real=0.00 secs] 
2026-06-17T09:49:45.139+0800: 6.204: [CMS-concurrent-preclean-start]
2026-06-17T09:49:45.139+0800: 6.204: [CMS-concurrent-preclean: 0.000/0.000 secs] [Times: user=0.00 sys=0.00, real=0.00 secs] 
2026-06-17T09:49:45.139+0800: 6.205: [GC (CMS Final Remark) [YG occupancy: 3715 K (19648 K)]2026-06-17T09:49:45.140+0800: 6.205: [Rescan (parallel) , 0.0114232 secs]2026-06-17T09:49:45.152+0800: 6.217: [weak refs processing, 0.0006140 secs]2026-06-17T09:49:45.153+0800: 6.219: [class unloading, 0.0009796 secs]2026-06-17T09:49:45.155+0800: 6.220: [scrub symbol table, 0.0008775 secs]2026-06-17T09:49:45.157+0800: 6.222: [scrub string table, 0.0006718 secs][1 CMS-remark: 34609K(43712K)] 38325K(63360K), 0.0184071 secs] [Times: user=0.13 sys=0.01, real=0.02 secs] 
2026-06-17T09:49:45.159+0800: 6.224: [CMS-concurrent-sweep-start]
2026-06-17T09:49:45.159+0800: 6.224: [CMS-concurrent-sweep: 0.000/0.000 secs] [Times: user=0.00 sys=0.00, real=0.00 secs] 
2026-06-17T09:49:45.160+0800: 6.225: [CMS-concurrent-reset-start]
2026-06-17T09:49:45.160+0800: 6.225: [CMS-concurrent-reset: 0.000/0.000 secs] [Times: user=0.00 sys=0.00, real=0.00 secs] 
2026-06-17T09:49:45.192+0800: 6.257: [GC (Allocation Failure) 2026-06-17T09:49:45.193+0800: 6.258: [ParNew: 19647K->2174K(19648K), 0.0113231 secs] 49028K->36076K(63360K), 0.0130820 secs] [Times: user=0.10 sys=0.01, real=0.01 secs] 
2026-06-17T09:49:45.207+0800: 6.272: [GC (CMS Initial Mark) [1 CMS-initial-mark: 33901K(43712K)] 36129K(63360K), 0.0028419 secs] [Times: user=0.00 sys=0.00, real=0.00 secs] 
2026-06-17T09:49:45.211+0800: 6.276: [CMS-concurrent-mark-start]
2026-06-17T09:49:45.211+0800: 6.276: [CMS-concurrent-mark: 0.001/0.001 secs] [Times: user=0.00 sys=0.00, real=0.00 secs] 
2026-06-17T09:49:45.212+0800: 6.277: [CMS-concurrent-preclean-start]
2026-06-17T09:49:45.212+0800: 6.277: [CMS-concurrent-preclean: 0.000/0.000 secs] [Times: user=0.00 sys=0.00, real=0.00 secs] 
2026-06-17T09:49:45.212+0800: 6.277: [GC (CMS Final Remark) [YG occupancy: 2227 K (19648 K)]2026-06-17T09:49:45.213+0800: 6.278: [Rescan (parallel) , 0.0101921 secs]2026-06-17T09:49:45.223+0800: 6.289: [weak refs processing, 0.0002988 secs]2026-06-17T09:49:45.224+0800: 6.289: [class unloading, 0.0008833 secs]2026-06-17T09:49:45.226+0800: 6.291: [scrub symbol table, 0.0008056 secs]2026-06-17T09:49:45.227+0800: 6.293: [scrub string table, 0.0007524 secs][1 CMS-remark: 33901K(43712K)] 36129K(63360K), 0.0167417 secs] [Times: user=0.13 sys=0.00, real=0.01 secs] 
2026-06-17T09:49:45.231+0800: 6.296: [CMS-concurrent-sweep-start]
2026-06-17T09:49:45.231+0800: 6.296: [CMS-concurrent-sweep: 0.000/0.000 secs] [Times: user=0.00 sys=0.00, real=0.00 secs] 
2026-06-17T09:49:45.232+0800: 6.297: [CMS-concurrent-reset-start]
2026-06-17T09:49:45.232+0800: 6.297: [CMS-concurrent-reset: 0.000/0.000 secs] [Times: user=0.00 sys=0.00, real=0.00 secs] 
2026-06-17T09:49:45.264+0800: 6.329: [GC (Allocation Failure) 2026-06-17T09:49:45.264+0800: 6.330: [ParNew: 19359K->2101K(19648K), 0.0079043 secs] 52123K->36632K(63360K), 0.0097791 secs] [Times: user=0.05 sys=0.01, real=0.01 secs] 
2026-06-17T09:49:45.275+0800: 6.340: [GC (CMS Initial Mark) [1 CMS-initial-mark: 34531K(43712K)] 37547K(63360K), 0.0023246 secs] [Times: user=0.00 sys=0.00, real=0.00 secs] 
2026-06-17T09:49:45.279+0800: 6.344: [CMS-concurrent-mark-start]
2026-06-17T09:49:45.280+0800: 6.345: [CMS-concurrent-mark: 0.001/0.001 secs] [Times: user=0.00 sys=0.00, real=0.00 secs] 
2026-06-17T09:49:45.280+0800: 6.345: [CMS-concurrent-preclean-start]
2026-06-17T09:49:45.280+0800: 6.345: [CMS-concurrent-preclean: 0.000/0.000 secs] [Times: user=0.00 sys=0.00, real=0.00 secs] 
2026-06-17T09:49:45.281+0800: 6.346: [GC (CMS Final Remark) [YG occupancy: 3016 K (19648 K)]2026-06-17T09:49:45.282+0800: 6.347: [Rescan (parallel) , 0.0100746 secs]2026-06-17T09:49:45.292+0800: 6.358: [weak refs processing, 0.0006429 secs]2026-06-17T09:49:45.294+0800: 6.359: [class unloading, 0.0008702 secs]2026-06-17T09:49:45.296+0800: 6.361: [scrub symbol table, 0.0008505 secs]2026-06-17T09:49:45.297+0800: 6.362: [scrub string table, 0.0007449 secs][1 CMS-remark: 34531K(43712K)] 37547K(63360K), 0.0172967 secs] [Times: user=0.10 sys=0.01, real=0.02 secs] 
2026-06-17T09:49:45.300+0800: 6.365: [CMS-concurrent-sweep-start]
2026-06-17T09:49:45.300+0800: 6.365: [CMS-concurrent-sweep: 0.000/0.000 secs] [Times: user=0.00 sys=0.00, real=0.00 secs] 
2026-06-17T09:49:45.300+0800: 6.365: [CMS-concurrent-reset-start]
2026-06-17T09:49:45.300+0800: 6.365: [CMS-concurrent-reset: 0.000/0.000 secs] [Times: user=0.00 sys=0.00, real=0.00 secs] 
2026-06-17T09:49:45.332+0800: 6.397: [GC (Allocation Failure) 2026-06-17T09:49:45.333+0800: 6.399: [ParNew: 19573K->2173K(19648K), 0.0072306 secs] 41430K->30961K(63360K), 0.0091830 secs] [Times: user=0.04 sys=0.00, real=0.00 secs] 
2026-06-17T09:49:45.343+0800: 6.408: [GC (CMS Initial Mark) [1 CMS-initial-mark: 28787K(43712K)] 31359K(63360K), 0.0025865 secs] [Times: user=0.00 sys=0.00, real=0.00 secs] 
2026-06-17T09:49:45.347+0800: 6.412: [CMS-concurrent-mark-start]
2026-06-17T09:49:45.348+0800: 6.413: [CMS-concurrent-mark: 0.000/0.000 secs] [Times: user=0.00 sys=0.00, real=0.00 secs] 
2026-06-17T09:49:45.348+0800: 6.413: [CMS-concurrent-preclean-start]
2026-06-17T09:49:45.348+0800: 6.414: [CMS-concurrent-preclean: 0.000/0.000 secs] [Times: user=0.00 sys=0.00, real=0.00 secs] 
2026-06-17T09:49:45.349+0800: 6.414: [GC (CMS Final Remark) [YG occupancy: 2571 K (19648 K)]2026-06-17T09:49:45.350+0800: 6.415: [Rescan (parallel) , 0.0059991 secs]2026-06-17T09:49:45.356+0800: 6.421: [weak refs processing, 0.0006066 secs]2026-06-17T09:49:45.357+0800: 6.423: [class unloading, 0.0009461 secs]2026-06-17T09:49:45.359+0800: 6.424: [scrub symbol table, 0.0008243 secs]2026-06-17T09:49:45.360+0800: 6.425: [scrub string table, 0.0006298 secs][1 CMS-remark: 28787K(43712K)] 31359K(63360K), 0.0120737 secs] [Times: user=0.05 sys=0.01, real=0.01 secs] 
2026-06-17T09:49:45.362+0800: 6.427: [CMS-concurrent-sweep-start]
2026-06-17T09:49:45.362+0800: 6.428: [CMS-concurrent-sweep: 0.000/0.000 secs] [Times: user=0.00 sys=0.00, real=0.00 secs] 
2026-06-17T09:49:45.363+0800: 6.428: [CMS-concurrent-reset-start]
2026-06-17T09:49:45.363+0800: 6.428: [CMS-concurrent-reset: 0.000/0.000 secs] [Times: user=0.00 sys=0.00, real=0.00 secs] 
2026-06-17T09:49:45.405+0800: 6.470: [GC (Allocation Failure) 2026-06-17T09:49:45.406+0800: 6.471: [ParNew: 19645K->2165K(19648K), 0.0152517 secs] 42174K->27338K(63360K), 0.0164669 secs] [Times: user=0.12 sys=0.00, real=0.01 secs] 
2026-06-17T09:49:45.464+0800: 6.530: [GC (Allocation Failure) 2026-06-17T09:49:45.465+0800: 6.530: [ParNew: 19636K->2170K(19648K), 0.0082804 secs] 44809K->31330K(63360K), 0.0098208 secs] [Times: user=0.08 sys=0.01, real=0.01 secs] 
2026-06-17T09:49:45.519+0800: 6.584: [GC (Allocation Failure) 2026-06-17T09:49:45.520+0800: 6.585: [ParNew: 19642K->2172K(19648K), 0.0096882 secs] 48802K->35296K(63360K), 0.0111782 secs] [Times: user=0.09 sys=0.00, real=0.02 secs] 
2026-06-17T09:49:45.532+0800: 6.597: [GC (CMS Initial Mark) [1 CMS-initial-mark: 33123K(43712K)] 36090K(63360K), 0.0026079 secs] [Times: user=0.00 sys=0.00, real=0.00 secs] 
2026-06-17T09:49:45.536+0800: 6.601: [CMS-concurrent-mark-start]
2026-06-17T09:49:45.536+0800: 6.602: [CMS-concurrent-mark: 0.001/0.001 secs] [Times: user=0.01 sys=0.00, real=0.00 secs] 
2026-06-17T09:49:45.537+0800: 6.602: [CMS-concurrent-preclean-start]
2026-06-17T09:49:45.537+0800: 6.602: [CMS-concurrent-preclean: 0.000/0.000 secs] [Times: user=0.00 sys=0.00, real=0.00 secs] 
2026-06-17T09:49:45.537+0800: 6.603: [GC (CMS Final Remark) [YG occupancy: 2967 K (19648 K)]2026-06-17T09:49:45.538+0800: 6.603: [Rescan (parallel) , 0.0110377 secs]2026-06-17T09:49:45.550+0800: 6.615: [weak refs processing, 0.0006304 secs]2026-06-17T09:49:45.551+0800: 6.616: [class unloading, 0.0007965 secs]2026-06-17T09:49:45.552+0800: 6.618: [scrub symbol table, 0.0007652 secs]2026-06-17T09:49:45.554+0800: 6.619: [scrub string table, 0.0006400 secs][1 CMS-remark: 33123K(43712K)] 36090K(63360K), 0.0173628 secs] [Times: user=0.11 sys=0.00, real=0.02 secs] 
2026-06-17T09:49:45.556+0800: 6.621: [CMS-concurrent-sweep-start]
2026-06-17T09:49:45.556+0800: 6.621: [CMS-concurrent-sweep: 0.000/0.000 secs] [Times: user=0.00 sys=0.00, real=0.00 secs] 
2026-06-17T09:49:45.557+0800: 6.622: [CMS-concurrent-reset-start]
2026-06-17T09:49:45.557+0800: 6.622: [CMS-concurrent-reset: 0.000/0.000 secs] [Times: user=0.00 sys=0.00, real=0.00 secs] 
2026-06-17T09:49:45.589+0800: 6.654: [GC (Allocation Failure) 2026-06-17T09:49:45.590+0800: 6.655: [ParNew: 19644K->2174K(19648K), 0.0066654 secs] 39988K->27565K(63360K), 0.0086834 secs] [Times: user=0.03 sys=0.00, real=0.01 secs] 
2026-06-17T09:49:45.642+0800: 6.707: [GC (Allocation Failure) 2026-06-17T09:49:45.643+0800: 6.708: [ParNew: 19646K->2175K(19648K), 0.0095159 secs] 45037K->33961K(63360K), 0.0102991 secs] [Times: user=0.12 sys=0.00, real=0.02 secs] 
2026-06-17T09:49:45.653+0800: 6.718: [GC (CMS Initial Mark) [1 CMS-initial-mark: 31785K(43712K)] 34397K(63360K), 0.0007829 secs] [Times: user=0.00 sys=0.00, real=0.00 secs] 
2026-06-17T09:49:45.654+0800: 6.719: [CMS-concurrent-mark-start]
2026-06-17T09:49:45.655+0800: 6.720: [CMS-concurrent-mark: 0.000/0.000 secs] [Times: user=0.01 sys=0.00, real=0.00 secs] 
2026-06-17T09:49:45.655+0800: 6.720: [CMS-concurrent-preclean-start]
2026-06-17T09:49:45.655+0800: 6.720: [CMS-concurrent-preclean: 0.000/0.000 secs] [Times: user=0.00 sys=0.00, real=0.00 secs] 
2026-06-17T09:49:45.655+0800: 6.720: [GC (CMS Final Remark) [YG occupancy: 2611 K (19648 K)]2026-06-17T09:49:45.655+0800: 6.720: [Rescan (parallel) , 0.0152880 secs]2026-06-17T09:49:45.671+0800: 6.736: [weak refs processing, 0.0003535 secs]2026-06-17T09:49:45.671+0800: 6.737: [class unloading, 0.0007304 secs]2026-06-17T09:49:45.673+0800: 6.738: [scrub symbol table, 0.0007922 secs]2026-06-17T09:49:45.674+0800: 6.739: [scrub string table, 0.0006822 secs][1 CMS-remark: 31785K(43712K)] 34397K(63360K), 0.0203666 secs] [Times: user=0.15 sys=0.00, real=0.02 secs] 
2026-06-17T09:49:45.677+0800: 6.742: [CMS-concurrent-sweep-start]
2026-06-17T09:49:45.677+0800: 6.742: [CMS-concurrent-sweep: 0.000/0.000 secs] [Times: user=0.00 sys=0.00, real=0.00 secs] 
2026-06-17T09:49:45.677+0800: 6.743: [CMS-concurrent-reset-start]
2026-06-17T09:49:45.677+0800: 6.743: [CMS-concurrent-reset: 0.000/0.000 secs] [Times: user=0.00 sys=0.00, real=0.00 secs] 
2026-06-17T09:49:45.719+0800: 6.784: [GC (Allocation Failure) 2026-06-17T09:49:45.720+0800: 6.785: [ParNew: 19647K->2174K(19648K), 0.0121124 secs] 47349K->31681K(63360K), 0.0137976 secs] [Times: user=0.10 sys=0.00, real=0.02 secs] 
2026-06-17T09:49:45.777+0800: 6.842: [GC (Allocation Failure) 2026-06-17T09:49:45.778+0800: 6.843: [ParNew: 19646K->2170K(19648K), 0.0059437 secs] 49153K->35328K(63360K), 0.0077060 secs] [Times: user=0.05 sys=0.00, real=0.01 secs] 
2026-06-17T09:49:45.786+0800: 6.851: [GC (CMS Initial Mark) [1 CMS-initial-mark: 33157K(43712K)] 37557K(63360K), 0.0014320 secs] [Times: user=0.00 sys=0.00, real=0.00 secs] 
2026-06-17T09:49:45.789+0800: 6.854: [CMS-concurrent-mark-start]
2026-06-17T09:49:45.789+0800: 6.854: [CMS-concurrent-mark: 0.001/0.001 secs] [Times: user=0.00 sys=0.00, real=0.00 secs] 
2026-06-17T09:49:45.790+0800: 6.855: [CMS-concurrent-preclean-start]
2026-06-17T09:49:45.790+0800: 6.855: [CMS-concurrent-preclean: 0.000/0.000 secs] [Times: user=0.00 sys=0.00, real=0.00 secs] 
2026-06-17T09:49:45.790+0800: 6.855: [CMS-concurrent-abortable-preclean-start]
2026-06-17T09:49:45.832+0800: 6.897: [GC (Allocation Failure) 2026-06-17T09:49:45.832+0800: 6.897: [ParNew: 19608K->2175K(19648K), 0.0084489 secs] 52765K->39607K(63360K), 0.0097740 secs] [Times: user=0.09 sys=0.00, real=0.00 secs] 
2026-06-17T09:49:45.887+0800: 6.952: [GC (Allocation Failure) 2026-06-17T09:49:45.888+0800: 6.954: [ParNew: 19476K->1816K(19648K), 0.0126277 secs] 56908K->41021K(63360K), 0.0184536 secs] [Times: user=0.08 sys=0.00, real=0.02 secs] 
2026-06-17T09:49:45.950+0800: 7.015: [GC (Allocation Failure) 2026-06-17T09:49:45.950+0800: 7.015: [ParNew: 19268K->19268K(19648K), 0.0005218 secs]2026-06-17T09:49:45.951+0800: 7.016: [CMS2026-06-17T09:49:45.952+0800: 7.017: [CMS-concurrent-abortable-preclean: 0.000/0.162 secs] [Times: user=0.18 sys=0.01, real=0.17 secs] 
 (concurrent mode failure): 39205K->25349K(43712K), 0.0058666 secs] 58474K->25349K(63360K), [Metaspace: 2707K->2707K(1056768K)], 0.0083117 secs] [Times: user=0.01 sys=0.00, real=0.01 secs] 
2026-06-17T09:49:46.012+0800: 7.077: [GC (Allocation Failure) 2026-06-17T09:49:46.012+0800: 7.077: [ParNew: 17472K->2050K(19648K), 0.0108955 secs] 42821K->28436K(63360K), 0.0117898 secs] [Times: user=0.07 sys=0.00, real=0.01 secs] 
2026-06-17T09:49:46.056+0800: 7.121: [GC (Allocation Failure) 2026-06-17T09:49:46.057+0800: 7.122: [ParNew: 19178K->2100K(19648K), 0.0077375 secs] 45565K->31651K(63360K), 0.0088645 secs] [Times: user=0.07 sys=0.00, real=0.01 secs] 
2026-06-17T09:49:46.119+0800: 7.184: [GC (Allocation Failure) 2026-06-17T09:49:46.120+0800: 7.185: [ParNew: 19572K->2143K(19648K), 0.0100450 secs] 49123K->34931K(63360K), 0.0112606 secs] [Times: user=0.11 sys=0.00, real=0.01 secs] 
2026-06-17T09:49:46.173+0800: 7.238: [GC (Allocation Failure) 2026-06-17T09:49:46.174+0800: 7.239: [ParNew: 19614K->2167K(19648K), 0.0084594 secs] 52402K->37946K(63360K), 0.0095786 secs] [Times: user=0.09 sys=0.00, real=0.01 secs] 
2026-06-17T09:49:46.184+0800: 7.250: [GC (CMS Initial Mark) [1 CMS-initial-mark: 35778K(43712K)] 39376K(63360K), 0.0016993 secs] [Times: user=0.00 sys=0.00, real=0.00 secs] 
2026-06-17T09:49:46.187+0800: 7.252: [CMS-concurrent-mark-start]
2026-06-17T09:49:46.188+0800: 7.253: [CMS-concurrent-mark: 0.001/0.001 secs] [Times: user=0.00 sys=0.01, real=0.00 secs] 
2026-06-17T09:49:46.188+0800: 7.253: [CMS-concurrent-preclean-start]
2026-06-17T09:49:46.188+0800: 7.253: [CMS-concurrent-preclean: 0.000/0.000 secs] [Times: user=0.00 sys=0.00, real=0.00 secs] 
2026-06-17T09:49:46.189+0800: 7.254: [CMS-concurrent-abortable-preclean-start]
2026-06-17T09:49:46.231+0800: 7.296: [GC (Allocation Failure) 2026-06-17T09:49:46.232+0800: 7.297: [ParNew: 19639K->2172K(19648K), 0.0084793 secs] 55418K->42010K(63360K), 0.0101348 secs] [Times: user=0.09 sys=0.00, real=0.00 secs] 
2026-06-17T09:49:46.286+0800: 7.351: [GC (Allocation Failure) 2026-06-17T09:49:46.287+0800: 7.352: [ParNew: 19644K->19644K(19648K), 0.0008157 secs]2026-06-17T09:49:46.288+0800: 7.353: [CMS2026-06-17T09:49:46.289+0800: 7.354: [CMS-concurrent-abortable-preclean: 0.000/0.100 secs] [Times: user=0.10 sys=0.00, real=0.10 secs] 
 (concurrent mode failure): 39837K->32573K(43712K), 0.0088485 secs] 59482K->32573K(63360K), [Metaspace: 2707K->2707K(1056768K)], 0.0122833 secs] [Times: user=0.01 sys=0.00, real=0.01 secs] 
2026-06-17T09:49:46.343+0800: 7.408: [GC (Allocation Failure) 2026-06-17T09:49:46.344+0800: 7.409: [ParNew: 17472K->2173K(19648K), 0.0114567 secs] 50045K->39864K(63360K), 0.0152783 secs] [Times: user=0.09 sys=0.00, real=0.01 secs] 
2026-06-17T09:49:46.362+0800: 7.428: [GC (CMS Initial Mark) [1 CMS-initial-mark: 37691K(43712K)] 40803K(63360K), 0.0016502 secs] [Times: user=0.01 sys=0.00, real=0.00 secs] 
2026-06-17T09:49:46.365+0800: 7.430: [CMS-concurrent-mark-start]
2026-06-17T09:49:46.366+0800: 7.431: [CMS-concurrent-mark: 0.001/0.001 secs] [Times: user=0.00 sys=0.00, real=0.00 secs] 
2026-06-17T09:49:46.366+0800: 7.431: [CMS-concurrent-preclean-start]
2026-06-17T09:49:46.366+0800: 7.431: [CMS-concurrent-preclean: 0.000/0.000 secs] [Times: user=0.00 sys=0.00, real=0.00 secs] 
2026-06-17T09:49:46.367+0800: 7.432: [CMS-concurrent-abortable-preclean-start]
2026-06-17T09:49:46.408+0800: 7.473: [GC (Allocation Failure) 2026-06-17T09:49:46.409+0800: 7.474: [ParNew: 19645K->19645K(19648K), 0.0008413 secs]2026-06-17T09:49:46.411+0800: 7.476: [CMS2026-06-17T09:49:46.412+0800: 7.477: [CMS-concurrent-abortable-preclean: 0.000/0.045 secs] [Times: user=0.00 sys=0.00, real=0.05 secs] 
 (concurrent mode failure): 37691K->29703K(43712K), 0.0074915 secs] 57336K->29703K(63360K), [Metaspace: 2707K->2707K(1056768K)], 0.0110854 secs] [Times: user=0.01 sys=0.00, real=0.01 secs] 
2026-06-17T09:49:46.475+0800: 7.540: [GC (Allocation Failure) 2026-06-17T09:49:46.475+0800: 7.540: [ParNew: 17469K->2160K(19648K), 0.0106117 secs] 47172K->33385K(63360K), 0.0117729 secs] [Times: user=0.13 sys=0.01, real=0.01 secs] 
2026-06-17T09:49:46.519+0800: 7.585: [GC (Allocation Failure) 2026-06-17T09:49:46.520+0800: 7.585: [ParNew: 18810K->2148K(19648K), 0.0049369 secs] 50035K->36414K(63360K), 0.0060996 secs] [Times: user=0.05 sys=0.00, real=0.01 secs] 
2026-06-17T09:49:46.579+0800: 7.644: [GC (Allocation Failure) 2026-06-17T09:49:46.580+0800: 7.645: [ParNew: 19620K->2172K(19648K), 0.0058959 secs] 53886K->40583K(63360K), 0.0072634 secs] [Times: user=0.04 sys=0.00, real=0.01 secs] 
2026-06-17T09:49:46.588+0800: 7.653: [GC (CMS Initial Mark) [1 CMS-initial-mark: 38410K(43712K)] 41842K(63360K), 0.0016838 secs] [Times: user=0.00 sys=0.00, real=0.00 secs] 
2026-06-17T09:49:46.591+0800: 7.656: [CMS-concurrent-mark-start]
2026-06-17T09:49:46.591+0800: 7.656: [CMS-concurrent-mark: 0.000/0.000 secs] [Times: user=0.00 sys=0.00, real=0.00 secs] 
2026-06-17T09:49:46.592+0800: 7.657: [CMS-concurrent-preclean-start]
2026-06-17T09:49:46.592+0800: 7.657: [CMS-concurrent-preclean: 0.000/0.000 secs] [Times: user=0.00 sys=0.00, real=0.00 secs] 
2026-06-17T09:49:46.592+0800: 7.658: [CMS-concurrent-abortable-preclean-start]
2026-06-17T09:49:46.633+0800: 7.698: [GC (Allocation Failure) 2026-06-17T09:49:46.633+0800: 7.699: [ParNew: 19644K->19644K(19648K), 0.0006616 secs]2026-06-17T09:49:46.635+0800: 7.700: [CMS2026-06-17T09:49:46.635+0800: 7.700: [CMS-concurrent-abortable-preclean: 0.000/0.043 secs] [Times: user=0.01 sys=0.00, real=0.04 secs] 
 (concurrent mode failure): 38410K->25746K(43712K), 0.0054076 secs] 58055K->25746K(63360K), [Metaspace: 2707K->2707K(1056768K)], 0.0076624 secs] [Times: user=0.00 sys=0.00, real=0.00 secs] 
2026-06-17T09:49:46.683+0800: 7.748: [GC (Allocation Failure) 2026-06-17T09:49:46.684+0800: 7.749: [ParNew: 17472K->2169K(19648K), 0.0255486 secs] 43218K->32656K(63360K), 0.0413182 secs] [Times: user=0.24 sys=0.01, real=0.04 secs] 
2026-06-17T09:49:46.769+0800: 7.834: [GC (Allocation Failure) 2026-06-17T09:49:46.770+0800: 7.835: [ParNew: 19622K->2175K(19648K), 0.0074418 secs] 50109K->37731K(63360K), 0.0088251 secs] [Times: user=0.07 sys=0.00, real=0.01 secs] 
2026-06-17T09:49:46.779+0800: 7.844: [GC (CMS Initial Mark) [1 CMS-initial-mark: 35555K(43712K)] 38940K(63360K), 0.0013461 secs] [Times: user=0.00 sys=0.00, real=0.00 secs] 
2026-06-17T09:49:46.781+0800: 7.847: [CMS-concurrent-mark-start]
2026-06-17T09:49:46.782+0800: 7.847: [CMS-concurrent-mark: 0.000/0.000 secs] [Times: user=0.00 sys=0.00, real=0.00 secs] 
2026-06-17T09:49:46.782+0800: 7.848: [CMS-concurrent-preclean-start]
2026-06-17T09:49:46.783+0800: 7.848: [CMS-concurrent-preclean: 0.000/0.000 secs] [Times: user=0.00 sys=0.00, real=0.01 secs] 
2026-06-17T09:49:46.783+0800: 7.848: [GC (CMS Final Remark) [YG occupancy: 3385 K (19648 K)]2026-06-17T09:49:46.784+0800: 7.849: [Rescan (parallel) , 0.0050597 secs]2026-06-17T09:49:46.789+0800: 7.854: [weak refs processing, 0.0004773 secs]2026-06-17T09:49:46.790+0800: 7.855: [class unloading, 0.0005672 secs]2026-06-17T09:49:46.791+0800: 7.856: [scrub symbol table, 0.0005622 secs]2026-06-17T09:49:46.792+0800: 7.857: [scrub string table, 0.0005057 secs][1 CMS-remark: 35555K(43712K)] 38940K(63360K), 0.0097156 secs] [Times: user=0.03 sys=0.00, real=0.01 secs] 
2026-06-17T09:49:46.794+0800: 7.859: [CMS-concurrent-sweep-start]
2026-06-17T09:49:46.794+0800: 7.859: [CMS-concurrent-sweep: 0.000/0.000 secs] [Times: user=0.00 sys=0.00, real=0.00 secs] 
2026-06-17T09:49:46.795+0800: 7.860: [CMS-concurrent-reset-start]
2026-06-17T09:49:46.795+0800: 7.860: [CMS-concurrent-reset: 0.000/0.000 secs] [Times: user=0.00 sys=0.00, real=0.00 secs] 
2026-06-17T09:49:46.826+0800: 7.891: [GC (Allocation Failure) 2026-06-17T09:49:46.827+0800: 7.892: [ParNew: 19647K->1926K(19648K), 0.0085389 secs] 40938K->25176K(63360K), 0.0102591 secs] [Times: user=0.10 sys=0.00, real=0.01 secs] 
2026-06-17T09:49:46.880+0800: 7.945: [GC (Allocation Failure) 2026-06-17T09:49:46.881+0800: 7.946: [ParNew: 19398K->2170K(19648K), 0.0118707 secs] 42648K->32189K(63360K), 0.0127676 secs] [Times: user=0.08 sys=0.00, real=0.02 secs] 
2026-06-17T09:49:46.894+0800: 7.959: [GC (CMS Initial Mark) [1 CMS-initial-mark: 30018K(43712K)] 32584K(63360K), 0.0009208 secs] [Times: user=0.00 sys=0.00, real=0.00 secs] 
2026-06-17T09:49:46.895+0800: 7.960: [CMS-concurrent-mark-start]
2026-06-17T09:49:46.896+0800: 7.961: [CMS-concurrent-mark: 0.000/0.000 secs] [Times: user=0.01 sys=0.00, real=0.00 secs] 
2026-06-17T09:49:46.896+0800: 7.961: [CMS-concurrent-preclean-start]
2026-06-17T09:49:46.896+0800: 7.961: [CMS-concurrent-preclean: 0.000/0.000 secs] [Times: user=0.00 sys=0.00, real=0.00 secs] 
2026-06-17T09:49:46.896+0800: 7.961: [GC (CMS Final Remark) [YG occupancy: 2565 K (19648 K)]2026-06-17T09:49:46.896+0800: 7.961: [Rescan (parallel) , 0.0114411 secs]2026-06-17T09:49:46.908+0800: 7.973: [weak refs processing, 0.0006542 secs]2026-06-17T09:49:46.909+0800: 7.974: [class unloading, 0.0007538 secs]2026-06-17T09:49:46.911+0800: 7.976: [scrub symbol table, 0.0008242 secs]2026-06-17T09:49:46.912+0800: 7.977: [scrub string table, 0.0006259 secs][1 CMS-remark: 30018K(43712K)] 32584K(63360K), 0.0170013 secs] [Times: user=0.12 sys=0.00, real=0.02 secs] 
2026-06-17T09:49:46.914+0800: 7.979: [CMS-concurrent-sweep-start]
2026-06-17T09:49:46.914+0800: 7.980: [CMS-concurrent-sweep: 0.000/0.000 secs] [Times: user=0.00 sys=0.00, real=0.00 secs] 
2026-06-17T09:49:46.915+0800: 7.980: [CMS-concurrent-reset-start]
2026-06-17T09:49:46.915+0800: 7.980: [CMS-concurrent-reset: 0.000/0.000 secs] [Times: user=0.00 sys=0.00, real=0.00 secs] 
2026-06-17T09:49:46.956+0800: 8.021: [GC (Allocation Failure) 2026-06-17T09:49:46.957+0800: 8.022: [ParNew: 19642K->2173K(19648K), 0.0112722 secs] 47330K->32611K(63360K), 0.0125985 secs] [Times: user=0.10 sys=0.00, real=0.01 secs] 
2026-06-17T09:49:47.012+0800: 8.077: [GC (Allocation Failure) 2026-06-17T09:49:47.013+0800: 8.078: [ParNew: 19639K->2169K(19648K), 0.0050589 secs] 50078K->36827K(63360K), 0.0065276 secs] [Times: user=0.04 sys=0.00, real=0.00 secs] 
2026-06-17T09:49:47.020+0800: 8.085: [GC (CMS Initial Mark) [1 CMS-initial-mark: 34657K(43712K)] 38013K(63360K), 0.0013804 secs] [Times: user=0.00 sys=0.00, real=0.00 secs] 
2026-06-17T09:49:47.023+0800: 8.088: [CMS-concurrent-mark-start]
2026-06-17T09:49:47.023+0800: 8.088: [CMS-concurrent-mark: 0.000/0.000 secs] [Times: user=0.00 sys=0.00, real=0.00 secs] 
2026-06-17T09:49:47.023+0800: 8.089: [CMS-concurrent-preclean-start]
2026-06-17T09:49:47.023+0800: 8.089: [CMS-concurrent-preclean: 0.000/0.000 secs] [Times: user=0.00 sys=0.00, real=0.00 secs] 
2026-06-17T09:49:47.024+0800: 8.089: [CMS-concurrent-abortable-preclean-start]
2026-06-17T09:49:47.065+0800: 8.130: [GC (Allocation Failure) 2026-06-17T09:49:47.065+0800: 8.130: [ParNew: 19641K->2174K(19648K), 0.0048554 secs] 54299K->40808K(63360K), 0.0058857 secs] [Times: user=0.04 sys=0.00, real=0.01 secs] 
2026-06-17T09:49:47.114+0800: 8.179: [GC (Allocation Failure) 2026-06-17T09:49:47.114+0800: 8.179: [ParNew: 19630K->19630K(19648K), 0.0006056 secs]2026-06-17T09:49:47.115+0800: 8.180: [CMS2026-06-17T09:49:47.116+0800: 8.181: [CMS-concurrent-abortable-preclean: 0.000/0.092 secs] [Times: user=0.04 sys=0.01, real=0.09 secs] 
 (concurrent mode failure): 38634K->30601K(43712K), 0.0040518 secs] 58265K->30601K(63360K), [Metaspace: 2707K->2707K(1056768K)], 0.0060505 secs] [Times: user=0.01 sys=0.00, real=0.00 secs] 
2026-06-17T09:49:47.173+0800: 8.238: [GC (Allocation Failure) 2026-06-17T09:49:47.174+0800: 8.239: [ParNew: 17472K->2117K(19648K), 0.0103605 secs] 48073K->34210K(63360K), 0.0119788 secs] [Times: user=0.11 sys=0.00, real=0.01 secs] 
2026-06-17T09:49:47.228+0800: 8.293: [GC (Allocation Failure) 2026-06-17T09:49:47.229+0800: 8.294: [ParNew: 19584K->2172K(19648K), 0.0082379 secs] 51678K->37424K(63360K), 0.0094501 secs] [Times: user=0.09 sys=0.01, real=0.01 secs] 
2026-06-17T09:49:47.271+0800: 8.336: [GC (Allocation Failure) 2026-06-17T09:49:47.272+0800: 8.337: [ParNew: 19544K->2104K(19648K), 0.0056904 secs] 54796K->40703K(63360K), 0.0069683 secs] [Times: user=0.05 sys=0.00, real=0.00 secs] 
2026-06-17T09:49:47.279+0800: 8.344: [GC (CMS Initial Mark) [1 CMS-initial-mark: 38599K(43712K)] 40942K(63360K), 0.0013841 secs] [Times: user=0.00 sys=0.00, real=0.00 secs] 
2026-06-17T09:49:47.281+0800: 8.347: [CMS-concurrent-mark-start]
2026-06-17T09:49:47.282+0800: 8.347: [CMS-concurrent-mark: 0.000/0.000 secs] [Times: user=0.00 sys=0.00, real=0.00 secs] 
2026-06-17T09:49:47.282+0800: 8.347: [CMS-concurrent-preclean-start]
2026-06-17T09:49:47.282+0800: 8.348: [CMS-concurrent-preclean: 0.000/0.000 secs] [Times: user=0.00 sys=0.00, real=0.00 secs] 
2026-06-17T09:49:47.283+0800: 8.348: [GC (CMS Final Remark) [YG occupancy: 2343 K (19648 K)]2026-06-17T09:49:47.283+0800: 8.349: [Rescan (parallel) , 0.0071497 secs]2026-06-17T09:49:47.291+0800: 8.356: [weak refs processing, 0.0002368 secs]2026-06-17T09:49:47.292+0800: 8.357: [class unloading, 0.0004820 secs]2026-06-17T09:49:47.293+0800: 8.358: [scrub symbol table, 0.0005558 secs]2026-06-17T09:49:47.294+0800: 8.359: [scrub string table, 0.0003574 secs][1 CMS-remark: 38599K(43712K)] 40942K(63360K), 0.0116241 secs] [Times: user=0.05 sys=0.00, real=0.01 secs] 
2026-06-17T09:49:47.295+0800: 8.361: [CMS-concurrent-sweep-start]
2026-06-17T09:49:47.296+0800: 8.361: [CMS-concurrent-sweep: 0.000/0.000 secs] [Times: user=0.01 sys=0.00, real=0.00 secs] 
2026-06-17T09:49:47.296+0800: 8.361: [CMS-concurrent-reset-start]
2026-06-17T09:49:47.296+0800: 8.361: [CMS-concurrent-reset: 0.000/0.000 secs] [Times: user=0.00 sys=0.00, real=0.00 secs] 
2026-06-17T09:49:47.337+0800: 8.402: [GC (Allocation Failure) 2026-06-17T09:49:47.338+0800: 8.403: [ParNew: 19570K->2175K(19648K), 0.0100607 secs] 44966K->31354K(63360K), 0.0113018 secs] [Times: user=0.10 sys=0.00, real=0.01 secs] 
2026-06-17T09:49:47.392+0800: 8.457: [GC (Allocation Failure) 2026-06-17T09:49:47.392+0800: 8.457: [ParNew: 19647K->2169K(19648K), 0.0040754 secs] 48826K->35536K(63360K), 0.0052431 secs] [Times: user=0.03 sys=0.00, real=0.00 secs] 
2026-06-17T09:49:47.398+0800: 8.463: [GC (CMS Initial Mark) [1 CMS-initial-mark: 33367K(43712K)] 36192K(63360K), 0.0011150 secs] [Times: user=0.00 sys=0.01, real=0.00 secs] 
2026-06-17T09:49:47.400+0800: 8.465: [CMS-concurrent-mark-start]
2026-06-17T09:49:47.400+0800: 8.465: [CMS-concurrent-mark: 0.000/0.000 secs] [Times: user=0.00 sys=0.00, real=0.00 secs] 
2026-06-17T09:49:47.401+0800: 8.466: [CMS-concurrent-preclean-start]
2026-06-17T09:49:47.401+0800: 8.466: [CMS-concurrent-preclean: 0.000/0.000 secs] [Times: user=0.00 sys=0.00, real=0.00 secs] 
2026-06-17T09:49:47.401+0800: 8.466: [CMS-concurrent-abortable-preclean-start]
2026-06-17T09:49:47.442+0800: 8.507: [GC (Allocation Failure) 2026-06-17T09:49:47.442+0800: 8.508: [ParNew: 19641K->2165K(19648K), 0.0064176 secs] 53008K->41206K(63360K), 0.0077027 secs] [Times: user=0.06 sys=0.00, real=0.01 secs] 
2026-06-17T09:49:47.492+0800: 8.557: [GC (Allocation Failure) 2026-06-17T09:49:47.493+0800: 8.558: [ParNew: 19625K->19625K(19648K), 0.0004451 secs]2026-06-17T09:49:47.494+0800: 8.559: [CMS2026-06-17T09:49:47.494+0800: 8.559: [CMS-concurrent-abortable-preclean: 0.000/0.093 secs] [Times: user=0.06 sys=0.00, real=0.10 secs] 
 (concurrent mode failure): 39041K->32020K(43712K), 0.0038340 secs] 58666K->32020K(63360K), [Metaspace: 2707K->2707K(1056768K)], 0.0058813 secs] [Times: user=0.00 sys=0.00, real=0.00 secs] 
2026-06-17T09:49:47.541+0800: 8.606: [GC (Allocation Failure) 2026-06-17T09:49:47.542+0800: 8.607: [ParNew: 17472K->2175K(19648K), 0.0073195 secs] 49492K->38233K(63360K), 0.0087311 secs] [Times: user=0.05 sys=0.00, real=0.01 secs] 
2026-06-17T09:49:47.551+0800: 8.616: [GC (CMS Initial Mark) [1 CMS-initial-mark: 36057K(43712K)] 39097K(63360K), 0.0018380 secs] [Times: user=0.00 sys=0.00, real=0.00 secs] 
2026-06-17T09:49:47.554+0800: 8.619: [CMS-concurrent-mark-start]
2026-06-17T09:49:47.554+0800: 8.619: [CMS-concurrent-mark: 0.001/0.001 secs] [Times: user=0.00 sys=0.00, real=0.00 secs] 
2026-06-17T09:49:47.555+0800: 8.620: [CMS-concurrent-preclean-start]
2026-06-17T09:49:47.555+0800: 8.620: [CMS-concurrent-preclean: 0.000/0.000 secs] [Times: user=0.00 sys=0.00, real=0.00 secs] 
2026-06-17T09:49:47.555+0800: 8.620: [CMS-concurrent-abortable-preclean-start]
2026-06-17T09:49:47.597+0800: 8.662: [GC (Allocation Failure) 2026-06-17T09:49:47.598+0800: 8.663: [ParNew: 19607K->2175K(19648K), 0.0254765 secs] 55665K->43066K(63360K), 0.0266968 secs] [Times: user=0.17 sys=0.00, real=0.03 secs] 
2026-06-17T09:49:47.677+0800: 8.742: [GC (Allocation Failure) 2026-06-17T09:49:47.678+0800: 8.743: [ParNew: 19647K->19647K(19648K), 0.0006779 secs]2026-06-17T09:49:47.679+0800: 8.744: [CMS2026-06-17T09:49:47.680+0800: 8.745: [CMS-concurrent-abortable-preclean: 0.000/0.125 secs] [Times: user=0.18 sys=0.00, real=0.12 secs] 
 (concurrent mode failure): 40891K->28162K(43712K), 0.0052670 secs] 60538K->28162K(63360K), [Metaspace: 2707K->2707K(1056768K)], 0.0076085 secs] [Times: user=0.00 sys=0.00, real=0.01 secs] 
2026-06-17T09:49:47.718+0800: 8.783: [GC (Allocation Failure) 2026-06-17T09:49:47.718+0800: 8.784: [ParNew: 17116K->2174K(19648K), 0.0131851 secs] 45278K->34569K(63360K), 0.0161508 secs] [Times: user=0.07 sys=0.00, real=0.02 secs] 
2026-06-17T09:49:47.779+0800: 8.844: [GC (Allocation Failure) 2026-06-17T09:49:47.779+0800: 8.845: [ParNew: 19621K->2175K(19648K), 0.0135676 secs] 52016K->41752K(63360K), 0.0145113 secs] [Times: user=0.13 sys=0.00, real=0.02 secs] 
2026-06-17T09:49:47.794+0800: 8.859: [GC (CMS Initial Mark) [1 CMS-initial-mark: 39576K(43712K)] 42153K(63360K), 0.0009393 secs] [Times: user=0.01 sys=0.00, real=0.00 secs] 
2026-06-17T09:49:47.795+0800: 8.861: [CMS-concurrent-mark-start]
2026-06-17T09:49:47.796+0800: 8.861: [CMS-concurrent-mark: 0.001/0.001 secs] [Times: user=0.00 sys=0.00, real=0.00 secs] 
2026-06-17T09:49:47.796+0800: 8.862: [CMS-concurrent-preclean-start]
2026-06-17T09:49:47.797+0800: 8.862: [CMS-concurrent-preclean: 0.000/0.000 secs] [Times: user=0.00 sys=0.00, real=0.00 secs] 
2026-06-17T09:49:47.797+0800: 8.862: [GC (CMS Final Remark) [YG occupancy: 2576 K (19648 K)]2026-06-17T09:49:47.797+0800: 8.862: [Rescan (parallel) , 0.0106348 secs]2026-06-17T09:49:47.808+0800: 8.873: [weak refs processing, 0.0005990 secs]2026-06-17T09:49:47.809+0800: 8.874: [class unloading, 0.0007144 secs]2026-06-17T09:49:47.811+0800: 8.876: [scrub symbol table, 0.0007982 secs]2026-06-17T09:49:47.812+0800: 8.877: [scrub string table, 0.0008371 secs][1 CMS-remark: 39576K(43712K)] 42153K(63360K), 0.0172426 secs] [Times: user=0.13 sys=0.00, real=0.02 secs] 
2026-06-17T09:49:47.815+0800: 8.881: [CMS-concurrent-sweep-start]
2026-06-17T09:49:47.816+0800: 8.881: [CMS-concurrent-sweep: 0.000/0.000 secs] [Times: user=0.00 sys=0.00, real=0.00 secs] 
2026-06-17T09:49:47.816+0800: 8.881: [CMS-concurrent-reset-start]
2026-06-17T09:49:47.816+0800: 8.881: [CMS-concurrent-reset: 0.000/0.000 secs] [Times: user=0.00 sys=0.00, real=0.00 secs] 
2026-06-17T09:49:47.858+0800: 8.923: [GC (Allocation Failure) 2026-06-17T09:49:47.859+0800: 8.924: [ParNew: 19647K->2173K(19648K), 0.0108527 secs] 39322K->24391K(63360K), 0.0125116 secs] [Times: user=0.13 sys=0.01, real=0.02 secs] 
2026-06-17T09:49:47.916+0800: 8.981: [GC (Allocation Failure) 2026-06-17T09:49:47.917+0800: 8.982: [ParNew: 19639K->2174K(19648K), 0.0060700 secs] 41857K->28597K(63360K), 0.0080846 secs] [Times: user=0.04 sys=0.00, real=0.01 secs] 
2026-06-17T09:49:47.970+0800: 9.035: [GC (Allocation Failure) 2026-06-17T09:49:47.971+0800: 9.036: [ParNew: 19646K->2170K(19648K), 0.0102008 secs] 46069K->32130K(63360K), 0.0116940 secs] [Times: user=0.12 sys=0.00, real=0.01 secs] 
2026-06-17T09:49:48.027+0800: 9.092: [GC (Allocation Failure) 2026-06-17T09:49:48.027+0800: 9.092: [ParNew: 19642K->2172K(19648K), 0.0156950 secs] 49602K->37317K(63360K), 0.0167036 secs] [Times: user=0.12 sys=0.01, real=0.02 secs] 
2026-06-17T09:49:48.045+0800: 9.110: [GC (CMS Initial Mark) [1 CMS-initial-mark: 35144K(43712K)] 37347K(63360K), 0.0017689 secs] [Times: user=0.00 sys=0.00, real=0.00 secs] 
2026-06-17T09:49:48.048+0800: 9.113: [CMS-concurrent-mark-start]
2026-06-17T09:49:48.048+0800: 9.113: [CMS-concurrent-mark: 0.000/0.000 secs] [Times: user=0.00 sys=0.00, real=0.00 secs] 
2026-06-17T09:49:48.049+0800: 9.114: [CMS-concurrent-preclean-start]
2026-06-17T09:49:48.049+0800: 9.114: [CMS-concurrent-preclean: 0.000/0.000 secs] [Times: user=0.00 sys=0.00, real=0.00 secs] 
2026-06-17T09:49:48.049+0800: 9.115: [CMS-concurrent-abortable-preclean-start]
2026-06-17T09:49:48.091+0800: 9.156: [GC (Allocation Failure) 2026-06-17T09:49:48.091+0800: 9.157: [ParNew: 19608K->2170K(19648K), 0.0112422 secs] 54753K->43127K(63360K), 0.0128696 secs] [Times: user=0.11 sys=0.01, real=0.01 secs] 
2026-06-17T09:49:48.105+0800: 9.170: [CMS-concurrent-abortable-preclean: 0.000/0.056 secs] [Times: user=0.12 sys=0.01, real=0.06 secs] 
2026-06-17T09:49:48.106+0800: 9.171: [GC (CMS Final Remark) [YG occupancy: 2924 K (19648 K)]2026-06-17T09:49:48.107+0800: 9.172: [Rescan (parallel) , 0.0056372 secs]2026-06-17T09:49:48.113+0800: 9.178: [weak refs processing, 0.0007045 secs]2026-06-17T09:49:48.114+0800: 9.179: [class unloading, 0.0006765 secs]2026-06-17T09:49:48.115+0800: 9.181: [scrub symbol table, 0.0007787 secs]2026-06-17T09:49:48.117+0800: 9.182: [scrub string table, 0.0005068 secs][1 CMS-remark: 40956K(43712K)] 43881K(63360K), 0.0116480 secs] [Times: user=0.04 sys=0.00, real=0.01 secs] 
2026-06-17T09:49:48.119+0800: 9.184: [CMS-concurrent-sweep-start]
2026-06-17T09:49:48.119+0800: 9.184: [CMS-concurrent-sweep: 0.000/0.000 secs] [Times: user=0.00 sys=0.00, real=0.00 secs] 
2026-06-17T09:49:48.120+0800: 9.185: [CMS-concurrent-reset-start]
2026-06-17T09:49:48.120+0800: 9.185: [CMS-concurrent-reset: 0.000/0.000 secs] [Times: user=0.00 sys=0.00, real=0.00 secs] 
2026-06-17T09:49:48.161+0800: 9.227: [GC (Allocation Failure) 2026-06-17T09:49:48.162+0800: 9.227: [ParNew: 19623K->2155K(19648K), 0.0101507 secs] 46984K->31829K(63360K), 0.0113361 secs] [Times: user=0.07 sys=0.00, real=0.02 secs] 
2026-06-17T09:49:48.209+0800: 9.274: [GC (Allocation Failure) 2026-06-17T09:49:48.210+0800: 9.275: [ParNew: 19510K->2170K(19648K), 0.0096943 secs] 49185K->35211K(63360K), 0.0113313 secs] [Times: user=0.07 sys=0.01, real=0.01 secs] 
2026-06-17T09:49:48.222+0800: 9.287: [GC (CMS Initial Mark) [1 CMS-initial-mark: 33041K(43712K)] 35918K(63360K), 0.0024390 secs] [Times: user=0.01 sys=0.00, real=0.01 secs] 
2026-06-17T09:49:48.226+0800: 9.291: [CMS-concurrent-mark-start]
2026-06-17T09:49:48.226+0800: 9.291: [CMS-concurrent-mark: 0.001/0.001 secs] [Times: user=0.00 sys=0.00, real=0.00 secs] 
2026-06-17T09:49:48.227+0800: 9.292: [CMS-concurrent-preclean-start]
2026-06-17T09:49:48.227+0800: 9.292: [CMS-concurrent-preclean: 0.000/0.000 secs] [Times: user=0.00 sys=0.00, real=0.00 secs] 
2026-06-17T09:49:48.227+0800: 9.292: [GC (CMS Final Remark) [YG occupancy: 2877 K (19648 K)]2026-06-17T09:49:48.228+0800: 9.293: [Rescan (parallel) , 0.0120004 secs]2026-06-17T09:49:48.241+0800: 9.306: [weak refs processing, 0.0008115 secs]2026-06-17T09:49:48.242+0800: 9.307: [class unloading, 0.0007519 secs]2026-06-17T09:49:48.244+0800: 9.309: [scrub symbol table, 0.0008733 secs]2026-06-17T09:49:48.245+0800: 9.310: [scrub string table, 0.0007072 secs][1 CMS-remark: 33041K(43712K)] 35918K(63360K), 0.0189521 secs] [Times: user=0.12 sys=0.01, real=0.02 secs] 
2026-06-17T09:49:48.247+0800: 9.312: [CMS-concurrent-sweep-start]
2026-06-17T09:49:48.247+0800: 9.312: [CMS-concurrent-sweep: 0.000/0.000 secs] [Times: user=0.00 sys=0.00, real=0.00 secs] 
2026-06-17T09:49:48.248+0800: 9.313: [CMS-concurrent-reset-start]
2026-06-17T09:49:48.248+0800: 9.313: [CMS-concurrent-reset: 0.000/0.000 secs] [Times: user=0.00 sys=0.00, real=0.00 secs] 
2026-06-17T09:49:48.290+0800: 9.356: [GC (Allocation Failure) 2026-06-17T09:49:48.292+0800: 9.357: [ParNew: 19636K->2167K(19648K), 0.0065225 secs] 38247K->24456K(63360K), 0.0084735 secs] [Times: user=0.04 sys=0.00, real=0.01 secs] 
2026-06-17T09:49:48.343+0800: 9.408: [GC (Allocation Failure) 2026-06-17T09:49:48.344+0800: 9.409: [ParNew: 19639K->2169K(19648K), 0.0109612 secs] 41928K->28323K(63360K), 0.0124347 secs] [Times: user=0.13 sys=0.00, real=0.01 secs] 
2026-06-17T09:49:48.399+0800: 9.465: [GC (Allocation Failure) 2026-06-17T09:49:48.400+0800: 9.466: [ParNew: 19641K->2174K(19648K), 0.0080593 secs] 45795K->33934K(63360K), 0.0099804 secs] [Times: user=0.07 sys=0.00, real=0.01 secs] 
2026-06-17T09:49:48.411+0800: 9.476: [GC (CMS Initial Mark) [1 CMS-initial-mark: 31759K(43712K)] 34911K(63360K), 0.0028410 secs] [Times: user=0.00 sys=0.00, real=0.00 secs] 
2026-06-17T09:49:48.415+0800: 9.481: [CMS-concurrent-mark-start]
2026-06-17T09:49:48.416+0800: 9.481: [CMS-concurrent-mark: 0.001/0.001 secs] [Times: user=0.00 sys=0.00, real=0.00 secs] 
2026-06-17T09:49:48.417+0800: 9.482: [CMS-concurrent-preclean-start]
2026-06-17T09:49:48.417+0800: 9.482: [CMS-concurrent-preclean: 0.000/0.000 secs] [Times: user=0.00 sys=0.00, real=0.00 secs] 
2026-06-17T09:49:48.417+0800: 9.482: [GC (CMS Final Remark) [YG occupancy: 3151 K (19648 K)]2026-06-17T09:49:48.418+0800: 9.483: [Rescan (parallel) , 0.0109715 secs]2026-06-17T09:49:48.429+0800: 9.494: [weak refs processing, 0.0004605 secs]2026-06-17T09:49:48.430+0800: 9.495: [class unloading, 0.0008656 secs]2026-06-17T09:49:48.432+0800: 9.497: [scrub symbol table, 0.0007655 secs]2026-06-17T09:49:48.433+0800: 9.498: [scrub string table, 0.0006025 secs][1 CMS-remark: 31759K(43712K)] 34911K(63360K), 0.0171075 secs] [Times: user=0.12 sys=0.01, real=0.02 secs] 
2026-06-17T09:49:48.435+0800: 9.500: [CMS-concurrent-sweep-start]
2026-06-17T09:49:48.435+0800: 9.501: [CMS-concurrent-sweep: 0.000/0.000 secs] [Times: user=0.00 sys=0.00, real=0.00 secs] 
2026-06-17T09:49:48.436+0800: 9.501: [CMS-concurrent-reset-start]
2026-06-17T09:49:48.436+0800: 9.501: [CMS-concurrent-reset: 0.000/0.000 secs] [Times: user=0.00 sys=0.00, real=0.00 secs] 
2026-06-17T09:49:48.469+0800: 9.534: [GC (Allocation Failure) 2026-06-17T09:49:48.470+0800: 9.535: [ParNew: 19628K->2169K(19648K), 0.0189828 secs] 49097K->37543K(63360K), 0.0217953 secs] [Times: user=0.10 sys=0.00, real=0.03 secs] 
2026-06-17T09:49:48.492+0800: 9.557: [GC (CMS Initial Mark) [1 CMS-initial-mark: 35374K(43712K)] 37962K(63360K), 0.0016507 secs] [Times: user=0.00 sys=0.00, real=0.00 secs] 
2026-06-17T09:49:48.495+0800: 9.560: [CMS-concurrent-mark-start]
2026-06-17T09:49:48.495+0800: 9.561: [CMS-concurrent-mark: 0.001/0.001 secs] [Times: user=0.00 sys=0.00, real=0.00 secs] 
2026-06-17T09:49:48.496+0800: 9.561: [CMS-concurrent-preclean-start]
2026-06-17T09:49:48.496+0800: 9.561: [CMS-concurrent-preclean: 0.000/0.000 secs] [Times: user=0.00 sys=0.00, real=0.00 secs] 
2026-06-17T09:49:48.497+0800: 9.562: [GC (CMS Final Remark) [YG occupancy: 2588 K (19648 K)]2026-06-17T09:49:48.497+0800: 9.562: [Rescan (parallel) , 0.0102798 secs]2026-06-17T09:49:48.508+0800: 9.573: [weak refs processing, 0.0007632 secs]2026-06-17T09:49:48.509+0800: 9.574: [class unloading, 0.0007264 secs]2026-06-17T09:49:48.511+0800: 9.576: [scrub symbol table, 0.0007219 secs]2026-06-17T09:49:48.512+0800: 9.577: [scrub string table, 0.0006903 secs][1 CMS-remark: 35374K(43712K)] 37962K(63360K), 0.0166225 secs] [Times: user=0.10 sys=0.00, real=0.02 secs] 
2026-06-17T09:49:48.514+0800: 9.579: [CMS-concurrent-sweep-start]
2026-06-17T09:49:48.514+0800: 9.579: [CMS-concurrent-sweep: 0.000/0.000 secs] [Times: user=0.00 sys=0.00, real=0.00 secs] 
2026-06-17T09:49:48.515+0800: 9.580: [CMS-concurrent-reset-start]
2026-06-17T09:49:48.515+0800: 9.580: [CMS-concurrent-reset: 0.000/0.000 secs] [Times: user=0.00 sys=0.00, real=0.00 secs] 
2026-06-17T09:49:48.546+0800: 9.611: [GC (Allocation Failure) 2026-06-17T09:49:48.547+0800: 9.612: [ParNew: 19491K->2100K(19648K), 0.0100860 secs] 43158K->29093K(63360K), 0.0118409 secs] [Times: user=0.10 sys=0.00, real=0.01 secs] 
2026-06-17T09:49:48.612+0800: 9.677: [GC (Allocation Failure) 2026-06-17T09:49:48.613+0800: 9.678: [ParNew: 19542K->2130K(19648K), 0.0074100 secs] 46535K->33123K(63360K), 0.0083776 secs] [Times: user=0.08 sys=0.00, real=0.00 secs] 
2026-06-17T09:49:48.664+0800: 9.730: [GC (Allocation Failure) 2026-06-17T09:49:48.665+0800: 9.731: [ParNew: 19472K->1971K(19648K), 0.0085184 secs] 50465K->33573K(63360K), 0.0103841 secs] [Times: user=0.07 sys=0.00, real=0.01 secs] 
2026-06-17T09:49:48.720+0800: 9.786: [GC (Allocation Failure) 2026-06-17T09:49:48.722+0800: 9.787: [ParNew: 19443K->2175K(19648K), 0.0097089 secs] 51045K->40414K(63360K), 0.0113164 secs] [Times: user=0.11 sys=0.00, real=0.02 secs] 
2026-06-17T09:49:48.734+0800: 9.799: [GC (CMS Initial Mark) [1 CMS-initial-mark: 38239K(43712K)] 41808K(63360K), 0.0028400 secs] [Times: user=0.00 sys=0.01, real=0.00 secs] 
2026-06-17T09:49:48.738+0800: 9.803: [CMS-concurrent-mark-start]
2026-06-17T09:49:48.738+0800: 9.803: [CMS-concurrent-mark: 0.001/0.001 secs] [Times: user=0.00 sys=0.00, real=0.00 secs] 
2026-06-17T09:49:48.739+0800: 9.804: [CMS-concurrent-preclean-start]
2026-06-17T09:49:48.739+0800: 9.804: [CMS-concurrent-preclean: 0.000/0.000 secs] [Times: user=0.00 sys=0.00, real=0.00 secs] 
2026-06-17T09:49:48.740+0800: 9.805: [GC (CMS Final Remark) [YG occupancy: 3568 K (19648 K)]2026-06-17T09:49:48.740+0800: 9.805: [Rescan (parallel) , 0.0118597 secs]2026-06-17T09:49:48.753+0800: 9.818: [weak refs processing, 0.0007482 secs]2026-06-17T09:49:48.754+0800: 9.820: [class unloading, 0.0010750 secs]2026-06-17T09:49:48.756+0800: 9.821: [scrub symbol table, 0.0010445 secs]2026-06-17T09:49:48.758+0800: 9.823: [scrub string table, 0.0006121 secs][1 CMS-remark: 38239K(43712K)] 41808K(63360K), 0.0198819 secs] [Times: user=0.13 sys=0.00, real=0.02 secs] 
2026-06-17T09:49:48.761+0800: 9.826: [CMS-concurrent-sweep-start]
2026-06-17T09:49:48.761+0800: 9.826: [CMS-concurrent-sweep: 0.000/0.000 secs] [Times: user=0.00 sys=0.00, real=0.00 secs] 
2026-06-17T09:49:48.761+0800: 9.826: [CMS-concurrent-reset-start]
2026-06-17T09:49:48.761+0800: 9.826: [CMS-concurrent-reset: 0.000/0.000 secs] [Times: user=0.00 sys=0.00, real=0.00 secs] 
2026-06-17T09:49:48.804+0800: 9.869: [GC (Allocation Failure) 2026-06-17T09:49:48.805+0800: 9.871: [ParNew: 19604K->2037K(19648K), 0.0090845 secs] 45092K->29496K(63360K), 0.0107949 secs] [Times: user=0.09 sys=0.01, real=0.01 secs] 
2026-06-17T09:49:48.851+0800: 9.917: [GC (Allocation Failure) 2026-06-17T09:49:48.853+0800: 9.918: [ParNew: 19491K->1976K(19648K), 0.0145989 secs] 46950K->33115K(63360K), 0.0160855 secs] [Times: user=0.09 sys=0.00, real=0.01 secs] 
2026-06-17T09:49:48.923+0800: 9.988: [GC (Allocation Failure) 2026-06-17T09:49:48.924+0800: 9.989: [ParNew: 19442K->2169K(19648K), 0.0091781 secs] 50581K->37146K(63360K), 0.0110486 secs] [Times: user=0.07 sys=0.00, real=0.01 secs] 
2026-06-17T09:49:48.936+0800: 10.001: [GC (CMS Initial Mark) [1 CMS-initial-mark: 34976K(43712K)] 39362K(63360K), 0.0030106 secs] [Times: user=0.00 sys=0.01, real=0.00 secs] 
2026-06-17T09:49:48.940+0800: 10.006: [CMS-concurrent-mark-start]
2026-06-17T09:49:48.941+0800: 10.006: [CMS-concurrent-mark: 0.001/0.001 secs] [Times: user=0.00 sys=0.00, real=0.00 secs] 
2026-06-17T09:49:48.942+0800: 10.007: [CMS-concurrent-preclean-start]
2026-06-17T09:49:48.942+0800: 10.007: [CMS-concurrent-preclean: 0.000/0.000 secs] [Times: user=0.00 sys=0.00, real=0.00 secs] 
2026-06-17T09:49:48.943+0800: 10.008: [CMS-concurrent-abortable-preclean-start]
2026-06-17T09:49:48.984+0800: 10.049: [GC (Allocation Failure) 2026-06-17T09:49:48.985+0800: 10.050: [ParNew: 19641K->2174K(19648K), 0.0101162 secs] 54618K->41817K(63360K), 0.0120588 secs] [Times: user=0.09 sys=0.00, real=0.01 secs] 
2026-06-17T09:49:49.042+0800: 10.107: [GC (Allocation Failure) 2026-06-17T09:49:49.043+0800: 10.108: [ParNew: 19646K->19646K(19648K), 0.0010264 secs]2026-06-17T09:49:49.044+0800: 10.110: [CMS2026-06-17T09:49:49.045+0800: 10.110: [CMS-concurrent-abortable-preclean: 0.000/0.103 secs] [Times: user=0.10 sys=0.00, real=0.10 secs] 
 (concurrent mode failure): 39643K->27864K(43712K), 0.0084617 secs] 59289K->27864K(63360K), [Metaspace: 2707K->2707K(1056768K)], 0.0121703 secs] [Times: user=0.01 sys=0.00, real=0.02 secs] 
2026-06-17T09:49:49.112+0800: 10.177: [GC (Allocation Failure) 2026-06-17T09:49:49.113+0800: 10.178: [ParNew: 17462K->2170K(19648K), 0.0179960 secs] 45327K->32026K(63360K), 0.0191469 secs] [Times: user=0.15 sys=0.00, real=0.02 secs] 
2026-06-17T09:49:49.164+0800: 10.229: [GC (Allocation Failure) 2026-06-17T09:49:49.165+0800: 10.230: [ParNew: 19330K->2102K(19648K), 0.0068440 secs] 49186K->34916K(63360K), 0.0085642 secs] [Times: user=0.04 sys=0.01, real=0.01 secs] 
2026-06-17T09:49:49.217+0800: 10.282: [GC (Allocation Failure) 2026-06-17T09:49:49.218+0800: 10.283: [ParNew: 18789K->2123K(19648K), 0.0070676 secs] 51603K->37626K(63360K), 0.0086585 secs] [Times: user=0.05 sys=0.00, real=0.01 secs] 
2026-06-17T09:49:49.281+0800: 10.346: [GC (Allocation Failure) 2026-06-17T09:49:49.282+0800: 10.347: [ParNew: 19595K->2107K(19648K), 0.0083429 secs] 55098K->40869K(63360K), 0.0097247 secs] [Times: user=0.09 sys=0.01, real=0.02 secs] 
2026-06-17T09:49:49.293+0800: 10.358: [GC (CMS Initial Mark) [1 CMS-initial-mark: 38762K(43712K)] 42692K(63360K), 0.0036091 secs] [Times: user=0.00 sys=0.00, real=0.00 secs] 
2026-06-17T09:49:49.298+0800: 10.363: [CMS-concurrent-mark-start]
2026-06-17T09:49:49.299+0800: 10.364: [CMS-concurrent-mark: 0.001/0.001 secs] [Times: user=0.00 sys=0.00, real=0.00 secs] 
2026-06-17T09:49:49.299+0800: 10.364: [CMS-concurrent-preclean-start]
2026-06-17T09:49:49.299+0800: 10.364: [CMS-concurrent-preclean: 0.000/0.000 secs] [Times: user=0.00 sys=0.00, real=0.00 secs] 
2026-06-17T09:49:49.300+0800: 10.365: [CMS-concurrent-abortable-preclean-start]
2026-06-17T09:49:49.342+0800: 10.407: [GC (Allocation Failure) 2026-06-17T09:49:49.343+0800: 10.408: [ParNew: 19567K->2136K(19648K), 0.0189765 secs] 58329K->44908K(63360K), 0.0206791 secs] [Times: user=0.17 sys=0.00, real=0.03 secs] 
2026-06-17T09:49:49.364+0800: 10.429: [CMS-concurrent-abortable-preclean: 0.000/0.064 secs] [Times: user=0.17 sys=0.00, real=0.07 secs] 
2026-06-17T09:49:49.364+0800: 10.430: [GC (CMS Final Remark) [YG occupancy: 5003 K (19648 K)]2026-06-17T09:49:49.365+0800: 10.430: [Rescan (parallel) , 0.0043967 secs]2026-06-17T09:49:49.370+0800: 10.435: [weak refs processing, 0.0004568 secs]2026-06-17T09:49:49.371+0800: 10.436: [class unloading, 0.0006605 secs]2026-06-17T09:49:49.373+0800: 10.438: [scrub symbol table, 0.0008096 secs]2026-06-17T09:49:49.374+0800: 10.439: [scrub string table, 0.0006246 secs][1 CMS-remark: 42771K(43712K)] 47774K(63360K), 0.0109485 secs] [Times: user=0.04 sys=0.00, real=0.01 secs] 
2026-06-17T09:49:49.376+0800: 10.441: [CMS-concurrent-sweep-start]
2026-06-17T09:49:49.376+0800: 10.441: [CMS-concurrent-sweep: 0.000/0.000 secs] [Times: user=0.00 sys=0.00, real=0.00 secs] 
2026-06-17T09:49:49.377+0800: 10.442: [CMS-concurrent-reset-start]
2026-06-17T09:49:49.377+0800: 10.442: [CMS-concurrent-reset: 0.000/0.000 secs] [Times: user=0.00 sys=0.00, real=0.00 secs] 
2026-06-17T09:49:49.408+0800: 10.474: [GC (Allocation Failure) 2026-06-17T09:49:49.409+0800: 10.474: [ParNew: 19582K->2174K(19648K), 0.0098426 secs] 48595K->34621K(63360K), 0.0112101 secs] [Times: user=0.10 sys=0.00, real=0.01 secs] 
2026-06-17T09:49:49.421+0800: 10.486: [GC (CMS Initial Mark) [1 CMS-initial-mark: 32446K(43712K)] 36035K(63360K), 0.0019818 secs] [Times: user=0.00 sys=0.01, real=0.01 secs] 
2026-06-17T09:49:49.424+0800: 10.489: [CMS-concurrent-mark-start]
2026-06-17T09:49:49.425+0800: 10.490: [CMS-concurrent-mark: 0.001/0.001 secs] [Times: user=0.00 sys=0.00, real=0.00 secs] 
2026-06-17T09:49:49.425+0800: 10.490: [CMS-concurrent-preclean-start]
2026-06-17T09:49:49.425+0800: 10.491: [CMS-concurrent-preclean: 0.000/0.000 secs] [Times: user=0.00 sys=0.00, real=0.00 secs] 
2026-06-17T09:49:49.426+0800: 10.491: [GC (CMS Final Remark) [YG occupancy: 3589 K (19648 K)]2026-06-17T09:49:49.427+0800: 10.492: [Rescan (parallel) , 0.0044720 secs]2026-06-17T09:49:49.432+0800: 10.497: [weak refs processing, 0.0004262 secs]2026-06-17T09:49:49.433+0800: 10.498: [class unloading, 0.0007982 secs]2026-06-17T09:49:49.434+0800: 10.499: [scrub symbol table, 0.0007034 secs]2026-06-17T09:49:49.435+0800: 10.501: [scrub string table, 0.0005864 secs][1 CMS-remark: 32446K(43712K)] 36035K(63360K), 0.0104068 secs] [Times: user=0.02 sys=0.01, real=0.01 secs] 
2026-06-17T09:49:49.438+0800: 10.503: [CMS-concurrent-sweep-start]
2026-06-17T09:49:49.438+0800: 10.503: [CMS-concurrent-sweep: 0.000/0.000 secs] [Times: user=0.00 sys=0.00, real=0.00 secs] 
2026-06-17T09:49:49.438+0800: 10.504: [CMS-concurrent-reset-start]
2026-06-17T09:49:49.439+0800: 10.504: [CMS-concurrent-reset: 0.000/0.000 secs] [Times: user=0.00 sys=0.00, real=0.00 secs] 
2026-06-17T09:49:49.471+0800: 10.536: [GC (Allocation Failure) 2026-06-17T09:49:49.472+0800: 10.537: [ParNew: 19533K->2133K(19648K), 0.0106371 secs] 41709K->25345K(63360K), 0.0126463 secs] [Times: user=0.12 sys=0.01, real=0.01 secs] 
2026-06-17T09:49:49.529+0800: 10.595: [GC (Allocation Failure) 2026-06-17T09:49:49.531+0800: 10.596: [ParNew: 19605K->2171K(19648K), 0.0069948 secs] 42817K->32099K(63360K), 0.0091178 secs] [Times: user=0.05 sys=0.00, real=0.01 secs] 
2026-06-17T09:49:49.540+0800: 10.605: [GC (CMS Initial Mark) [1 CMS-initial-mark: 29927K(43712K)] 32963K(63360K), 0.0029442 secs] [Times: user=0.00 sys=0.01, real=0.01 secs] 
2026-06-17T09:49:49.544+0800: 10.609: [CMS-concurrent-mark-start]
2026-06-17T09:49:49.545+0800: 10.610: [CMS-concurrent-mark: 0.001/0.001 secs] [Times: user=0.00 sys=0.00, real=0.00 secs] 
2026-06-17T09:49:49.545+0800: 10.611: [CMS-concurrent-preclean-start]
2026-06-17T09:49:49.545+0800: 10.611: [CMS-concurrent-preclean: 0.000/0.000 secs] [Times: user=0.00 sys=0.00, real=0.00 secs] 
2026-06-17T09:49:49.546+0800: 10.611: [GC (CMS Final Remark) [YG occupancy: 3724 K (19648 K)]2026-06-17T09:49:49.547+0800: 10.612: [Rescan (parallel) , 0.0070883 secs]2026-06-17T09:49:49.555+0800: 10.620: [weak refs processing, 0.0005634 secs]2026-06-17T09:49:49.556+0800: 10.621: [class unloading, 0.0008477 secs]2026-06-17T09:49:49.557+0800: 10.622: [scrub symbol table, 0.0005749 secs]2026-06-17T09:49:49.558+0800: 10.624: [scrub string table, 0.0006414 secs][1 CMS-remark: 29927K(43712K)] 33651K(63360K), 0.0133758 secs] [Times: user=0.06 sys=0.00, real=0.01 secs] 
2026-06-17T09:49:49.561+0800: 10.626: [CMS-concurrent-sweep-start]
2026-06-17T09:49:49.561+0800: 10.626: [CMS-concurrent-sweep: 0.000/0.000 secs] [Times: user=0.00 sys=0.00, real=0.00 secs] 
2026-06-17T09:49:49.561+0800: 10.626: [CMS-concurrent-reset-start]
2026-06-17T09:49:49.561+0800: 10.627: [CMS-concurrent-reset: 0.000/0.000 secs] [Times: user=0.00 sys=0.00, real=0.00 secs] 
2026-06-17T09:49:49.604+0800: 10.670: [GC (Allocation Failure) 2026-06-17T09:49:49.606+0800: 10.671: [ParNew: 19626K->1899K(19648K), 0.0072646 secs] 48409K->32582K(63360K), 0.0095711 secs] [Times: user=0.04 sys=0.00, real=0.01 secs] 
2026-06-17T09:49:49.661+0800: 10.726: [GC (Allocation Failure) 2026-06-17T09:49:49.662+0800: 10.727: [ParNew: 19350K->2105K(19648K), 0.0104128 secs] 50033K->36791K(63360K), 0.0125888 secs] [Times: user=0.11 sys=0.00, real=0.02 secs] 
2026-06-17T09:49:49.675+0800: 10.741: [GC (CMS Initial Mark) [1 CMS-initial-mark: 34686K(43712K)] 38561K(63360K), 0.0027816 secs] [Times: user=0.00 sys=0.00, real=0.00 secs] 
2026-06-17T09:49:49.680+0800: 10.745: [CMS-concurrent-mark-start]
2026-06-17T09:49:49.680+0800: 10.745: [CMS-concurrent-mark: 0.001/0.001 secs] [Times: user=0.00 sys=0.00, real=0.00 secs] 
2026-06-17T09:49:49.681+0800: 10.746: [CMS-concurrent-preclean-start]
2026-06-17T09:49:49.681+0800: 10.746: [CMS-concurrent-preclean: 0.000/0.000 secs] [Times: user=0.00 sys=0.00, real=0.00 secs] 
2026-06-17T09:49:49.681+0800: 10.747: [CMS-concurrent-abortable-preclean-start]
2026-06-17T09:49:49.723+0800: 10.789: [GC (Allocation Failure) 2026-06-17T09:49:49.724+0800: 10.789: [ParNew: 19574K->2169K(19648K), 0.0314222 secs] 54261K->40469K(63360K), 0.0329456 secs] [Times: user=0.29 sys=0.00, real=0.03 secs] 
2026-06-17T09:49:49.801+0800: 10.866: [GC (Allocation Failure) 2026-06-17T09:49:49.802+0800: 10.867: [ParNew: 19618K->2175K(19648K), 0.0105335 secs] 57918K->45178K(63360K), 0.0121584 secs] [Times: user=0.10 sys=0.00, real=0.02 secs] 
2026-06-17T09:49:49.814+0800: 10.879: [CMS-concurrent-abortable-preclean: 0.000/0.133 secs] [Times: user=0.39 sys=0.00, real=0.14 secs] 
2026-06-17T09:49:49.815+0800: 10.880: [GC (CMS Final Remark) [YG occupancy: 4440 K (19648 K)]2026-06-17T09:49:49.816+0800: 10.881: [Rescan (parallel) , 0.0052602 secs]2026-06-17T09:49:49.822+0800: 10.887: [weak refs processing, 0.0005858 secs]2026-06-17T09:49:49.822+0800: 10.888: [class unloading, 0.0006103 secs]2026-06-17T09:49:49.824+0800: 10.889: [scrub symbol table, 0.0007019 secs]2026-06-17T09:49:49.825+0800: 10.890: [scrub string table, 0.0005539 secs][1 CMS-remark: 43002K(43712K)] 47443K(63360K), 0.0108624 secs] [Times: user=0.03 sys=0.00, real=0.01 secs] 
2026-06-17T09:49:49.827+0800: 10.892: [CMS-concurrent-sweep-start]
2026-06-17T09:49:49.827+0800: 10.892: [CMS-concurrent-sweep: 0.000/0.000 secs] [Times: user=0.00 sys=0.00, real=0.00 secs] 
2026-06-17T09:49:49.828+0800: 10.893: [CMS-concurrent-reset-start]
2026-06-17T09:49:49.828+0800: 10.893: [CMS-concurrent-reset: 0.000/0.000 secs] [Times: user=0.00 sys=0.00, real=0.00 secs] 
2026-06-17T09:49:49.859+0800: 10.924: [GC (Allocation Failure) 2026-06-17T09:49:49.860+0800: 10.925: [ParNew: 19647K->2173K(19648K), 0.0098627 secs] 51779K->39760K(63360K), 0.0113516 secs] [Times: user=0.11 sys=0.00, real=0.02 secs] 
2026-06-17T09:49:49.873+0800: 10.938: [GC (CMS Initial Mark) [1 CMS-initial-mark: 37586K(43712K)] 40508K(63360K), 0.0032934 secs] [Times: user=0.00 sys=0.01, real=0.00 secs] 
2026-06-17T09:49:49.877+0800: 10.942: [CMS-concurrent-mark-start]
2026-06-17T09:49:49.878+0800: 10.943: [CMS-concurrent-mark: 0.001/0.001 secs] [Times: user=0.00 sys=0.00, real=0.00 secs] 
2026-06-17T09:49:49.879+0800: 10.944: [CMS-concurrent-preclean-start]
2026-06-17T09:49:49.879+0800: 10.944: [CMS-concurrent-preclean: 0.000/0.000 secs] [Times: user=0.00 sys=0.00, real=0.00 secs] 
2026-06-17T09:49:49.880+0800: 10.945: [GC (CMS Final Remark) [YG occupancy: 2921 K (19648 K)]2026-06-17T09:49:49.880+0800: 10.945: [Rescan (parallel) , 0.0115085 secs]2026-06-17T09:49:49.893+0800: 10.958: [weak refs processing, 0.0008193 secs]2026-06-17T09:49:49.894+0800: 10.960: [class unloading, 0.0010361 secs]2026-06-17T09:49:49.898+0800: 10.964: [scrub symbol table, 0.0009681 secs]2026-06-17T09:49:49.900+0800: 10.965: [scrub string table, 0.0009441 secs][1 CMS-remark: 37586K(43712K)] 40508K(63360K), 0.0224001 secs] [Times: user=0.14 sys=0.00, real=0.03 secs] 
2026-06-17T09:49:49.904+0800: 10.969: [CMS-concurrent-sweep-start]
2026-06-17T09:49:49.904+0800: 10.969: [CMS-concurrent-sweep: 0.000/0.000 secs] [Times: user=0.00 sys=0.00, real=0.00 secs] 
2026-06-17T09:49:49.904+0800: 10.970: [CMS-concurrent-reset-start]
2026-06-17T09:49:49.904+0800: 10.970: [CMS-concurrent-reset: 0.000/0.000 secs] [Times: user=0.00 sys=0.00, real=0.00 secs] 
2026-06-17T09:49:49.947+0800: 11.012: [GC (Allocation Failure) 2026-06-17T09:49:49.948+0800: 11.014: [ParNew: 19645K->2167K(19648K), 0.0102335 secs] 44339K->29144K(63360K), 0.0116042 secs] [Times: user=0.08 sys=0.01, real=0.01 secs] 
2026-06-17T09:49:50.004+0800: 11.069: [GC (Allocation Failure) 2026-06-17T09:49:50.005+0800: 11.070: [ParNew: 19639K->2147K(19648K), 0.0076565 secs] 46616K->32765K(63360K), 0.0090690 secs] [Times: user=0.08 sys=0.00, real=0.01 secs] 
2026-06-17T09:49:50.058+0800: 11.123: [GC (Allocation Failure) 2026-06-17T09:49:50.059+0800: 11.124: [ParNew: 19584K->2171K(19648K), 0.0079358 secs] 50202K->36411K(63360K), 0.0091750 secs] [Times: user=0.08 sys=0.00, real=0.01 secs] 
2026-06-17T09:49:50.069+0800: 11.134: [GC (CMS Initial Mark) [1 CMS-initial-mark: 34239K(43712K)] 37982K(63360K), 0.0019816 secs] [Times: user=0.00 sys=0.00, real=0.01 secs] 
2026-06-17T09:49:50.072+0800: 11.137: [CMS-concurrent-mark-start]
2026-06-17T09:49:50.072+0800: 11.137: [CMS-concurrent-mark: 0.000/0.000 secs] [Times: user=0.01 sys=0.00, real=0.00 secs] 
2026-06-17T09:49:50.073+0800: 11.138: [CMS-concurrent-preclean-start]
2026-06-17T09:49:50.073+0800: 11.138: [CMS-concurrent-preclean: 0.000/0.000 secs] [Times: user=0.00 sys=0.00, real=0.00 secs] 
2026-06-17T09:49:50.073+0800: 11.138: [CMS-concurrent-abortable-preclean-start]
2026-06-17T09:49:50.114+0800: 11.179: [GC (Allocation Failure) 2026-06-17T09:49:50.115+0800: 11.180: [ParNew: 19623K->2170K(19648K), 0.0054307 secs] 53862K->40021K(63360K), 0.0067898 secs] [Times: user=0.03 sys=0.00, real=0.00 secs] 
2026-06-17T09:49:50.165+0800: 11.230: [GC (Allocation Failure) 2026-06-17T09:49:50.165+0800: 11.230: [ParNew: 19633K->2171K(19648K), 0.0079460 secs] 57484K->44670K(63360K), 0.0093293 secs] [Times: user=0.08 sys=0.00, real=0.01 secs] 
2026-06-17T09:49:50.176+0800: 11.241: [CMS-concurrent-abortable-preclean: 0.000/0.102 secs] [Times: user=0.11 sys=0.00, real=0.10 secs] 
2026-06-17T09:49:50.176+0800: 11.241: [GC (CMS Final Remark) [YG occupancy: 3792 K (19648 K)]2026-06-17T09:49:50.177+0800: 11.242: [Rescan (parallel) , 0.0044496 secs]2026-06-17T09:49:50.182+0800: 11.247: [weak refs processing, 0.0004649 secs]2026-06-17T09:49:50.183+0800: 11.248: [class unloading, 0.0004253 secs]2026-06-17T09:49:50.183+0800: 11.248: [scrub symbol table, 0.0005217 secs]2026-06-17T09:49:50.184+0800: 11.249: [scrub string table, 0.0004484 secs][1 CMS-remark: 42499K(43712K)] 46291K(63360K), 0.0088592 secs] [Times: user=0.03 sys=0.00, real=0.01 secs] 
2026-06-17T09:49:50.186+0800: 11.251: [CMS-concurrent-sweep-start]
2026-06-17T09:49:50.186+0800: 11.252: [CMS-concurrent-sweep: 0.000/0.000 secs] [Times: user=0.00 sys=0.00, real=0.00 secs] 
2026-06-17T09:49:50.187+0800: 11.252: [CMS-concurrent-reset-start]
2026-06-17T09:49:50.187+0800: 11.252: [CMS-concurrent-reset: 0.000/0.000 secs] [Times: user=0.00 sys=0.00, real=0.00 secs] 
2026-06-17T09:49:50.228+0800: 11.293: [GC (Allocation Failure) 2026-06-17T09:49:50.229+0800: 11.294: [ParNew: 19614K->1856K(19648K), 0.0081257 secs] 50250K->33941K(63360K), 0.0095264 secs] [Times: user=0.08 sys=0.00, real=0.01 secs] 
2026-06-17T09:49:50.239+0800: 11.304: [GC (CMS Initial Mark) [1 CMS-initial-mark: 32084K(43712K)] 34970K(63360K), 0.0017927 secs] [Times: user=0.01 sys=0.00, real=0.00 secs] 
2026-06-17T09:49:50.242+0800: 11.307: [CMS-concurrent-mark-start]
2026-06-17T09:49:50.243+0800: 11.308: [CMS-concurrent-mark: 0.001/0.001 secs] [Times: user=0.00 sys=0.01, real=0.01 secs] 
2026-06-17T09:49:50.243+0800: 11.308: [CMS-concurrent-preclean-start]
2026-06-17T09:49:50.243+0800: 11.308: [CMS-concurrent-preclean: 0.000/0.000 secs] [Times: user=0.00 sys=0.00, real=0.00 secs] 
2026-06-17T09:49:50.244+0800: 11.309: [CMS-concurrent-abortable-preclean-start]
2026-06-17T09:49:50.274+0800: 11.339: [GC (Allocation Failure) 2026-06-17T09:49:50.275+0800: 11.340: [ParNew: 19299K->2114K(19648K), 0.0075006 secs] 51384K->37180K(63360K), 0.0087769 secs] [Times: user=0.08 sys=0.00, real=0.01 secs] 
2026-06-17T09:49:50.337+0800: 11.403: [GC (Allocation Failure) 2026-06-17T09:49:50.338+0800: 11.403: [ParNew: 19586K->2037K(19648K), 0.0077489 secs] 54652K->40630K(63360K), 0.0092392 secs] [Times: user=0.08 sys=0.00, real=0.01 secs] 
2026-06-17T09:49:50.390+0800: 11.455: [GC (Allocation Failure) 2026-06-17T09:49:50.390+0800: 11.456: [ParNew: 19509K->2172K(19648K), 0.0113715 secs] 58102K->44295K(63360K), 0.0124770 secs] [Times: user=0.09 sys=0.00, real=0.02 secs] 
2026-06-17T09:49:50.410+0800: 11.476: [CMS-concurrent-abortable-preclean: 0.000/0.167 secs] [Times: user=0.25 sys=0.00, real=0.16 secs] 
2026-06-17T09:49:50.411+0800: 11.476: [GC (CMS Final Remark) [YG occupancy: 5400 K (19648 K)]2026-06-17T09:49:50.411+0800: 11.476: [Rescan (parallel) , 0.0097672 secs]2026-06-17T09:49:50.422+0800: 11.487: [weak refs processing, 0.0003613 secs]2026-06-17T09:49:50.422+0800: 11.487: [class unloading, 0.0006393 secs]2026-06-17T09:49:50.423+0800: 11.489: [scrub symbol table, 0.0006727 secs]2026-06-17T09:49:50.424+0800: 11.490: [scrub string table, 0.0003264 secs][1 CMS-remark: 42122K(43712K)] 47523K(63360K), 0.0141776 secs] [Times: user=0.09 sys=0.01, real=0.01 secs] 
2026-06-17T09:49:50.426+0800: 11.491: [CMS-concurrent-sweep-start]
2026-06-17T09:49:50.426+0800: 11.491: [CMS-concurrent-sweep: 0.000/0.000 secs] [Times: user=0.00 sys=0.00, real=0.00 secs] 
2026-06-17T09:49:50.427+0800: 11.492: [CMS-concurrent-reset-start]
2026-06-17T09:49:50.427+0800: 11.492: [CMS-concurrent-reset: 0.000/0.000 secs] [Times: user=0.00 sys=0.00, real=0.00 secs] 
2026-06-17T09:49:50.458+0800: 11.523: [GC (Allocation Failure) 2026-06-17T09:49:50.459+0800: 11.524: [ParNew (promotion failed): 19640K->19642K(19648K), 0.0082789 secs]2026-06-17T09:49:50.468+0800: 11.533: [CMS: 40932K->19863K(43712K), 0.0047597 secs] 59144K->19863K(63360K), [Metaspace: 2708K->2708K(1056768K)], 0.0154944 secs] [Times: user=0.08 sys=0.00, real=0.02 secs] 
2026-06-17T09:49:50.518+0800: 11.583: [GC (Allocation Failure) 2026-06-17T09:49:50.519+0800: 11.584: [ParNew: 17468K->2173K(19648K), 0.0059788 secs] 37331K->27022K(63360K), 0.0073926 secs] [Times: user=0.03 sys=0.00, real=0.01 secs] 
2026-06-17T09:49:50.527+0800: 11.593: [GC (CMS Initial Mark) [1 CMS-initial-mark: 24848K(43712K)] 28697K(63360K), 0.0029031 secs] [Times: user=0.00 sys=0.00, real=0.01 secs] 
2026-06-17T09:49:50.532+0800: 11.597: [CMS-concurrent-mark-start]
2026-06-17T09:49:50.533+0800: 11.598: [CMS-concurrent-mark: 0.001/0.001 secs] [Times: user=0.00 sys=0.00, real=0.00 secs] 
2026-06-17T09:49:50.533+0800: 11.598: [CMS-concurrent-preclean-start]
2026-06-17T09:49:50.533+0800: 11.598: [CMS-concurrent-preclean: 0.000/0.000 secs] [Times: user=0.00 sys=0.00, real=0.00 secs] 
2026-06-17T09:49:50.534+0800: 11.599: [GC (CMS Final Remark) [YG occupancy: 3849 K (19648 K)]2026-06-17T09:49:50.535+0800: 11.600: [Rescan (parallel) , 0.0039336 secs]2026-06-17T09:49:50.539+0800: 11.604: [weak refs processing, 0.0004692 secs]2026-06-17T09:49:50.540+0800: 11.605: [class unloading, 0.0005486 secs]2026-06-17T09:49:50.541+0800: 11.606: [scrub symbol table, 0.0005323 secs]2026-06-17T09:49:50.542+0800: 11.607: [scrub string table, 0.0005138 secs][1 CMS-remark: 24848K(43712K)] 28697K(63360K), 0.0089500 secs] [Times: user=0.03 sys=0.00, real=0.01 secs] 
2026-06-17T09:49:50.544+0800: 11.609: [CMS-concurrent-sweep-start]
2026-06-17T09:49:50.544+0800: 11.609: [CMS-concurrent-sweep: 0.000/0.000 secs] [Times: user=0.00 sys=0.00, real=0.00 secs] 
2026-06-17T09:49:50.545+0800: 11.610: [CMS-concurrent-reset-start]
2026-06-17T09:49:50.545+0800: 11.610: [CMS-concurrent-reset: 0.000/0.000 secs] [Times: user=0.00 sys=0.00, real=0.00 secs] 
2026-06-17T09:49:50.576+0800: 11.641: [GC (Allocation Failure) 2026-06-17T09:49:50.577+0800: 11.642: [ParNew: 19463K->1901K(19648K), 0.0114443 secs] 41702K->25362K(63360K), 0.0132462 secs] [Times: user=0.10 sys=0.00, real=0.01 secs] 
2026-06-17T09:49:50.643+0800: 11.708: [GC (Allocation Failure) 2026-06-17T09:49:50.644+0800: 11.709: [ParNew: 19345K->2169K(19648K), 0.0116224 secs] 42805K->29633K(63360K), 0.0130525 secs] [Times: user=0.11 sys=0.00, real=0.01 secs] 
2026-06-17T09:49:50.699+0800: 11.764: [GC (Allocation Failure) 2026-06-17T09:49:50.699+0800: 11.765: [ParNew: 19624K->2169K(19648K), 0.0074810 secs] 47089K->33357K(63360K), 0.0086604 secs] [Times: user=0.07 sys=0.00, real=0.01 secs] 
2026-06-17T09:49:50.708+0800: 11.774: [GC (CMS Initial Mark) [1 CMS-initial-mark: 31188K(43712K)] 33960K(63360K), 0.0018837 secs] [Times: user=0.00 sys=0.00, real=0.01 secs] 
2026-06-17T09:49:50.711+0800: 11.776: [CMS-concurrent-mark-start]
2026-06-17T09:49:50.712+0800: 11.777: [CMS-concurrent-mark: 0.001/0.001 secs] [Times: user=0.00 sys=0.00, real=0.00 secs] 
2026-06-17T09:49:50.712+0800: 11.777: [CMS-concurrent-preclean-start]
2026-06-17T09:49:50.712+0800: 11.777: [CMS-concurrent-preclean: 0.000/0.000 secs] [Times: user=0.00 sys=0.00, real=0.00 secs] 
2026-06-17T09:49:50.713+0800: 11.778: [CMS-concurrent-abortable-preclean-start]
2026-06-17T09:49:50.754+0800: 11.819: [GC (Allocation Failure) 2026-06-17T09:49:50.754+0800: 11.820: [ParNew: 19641K->2166K(19648K), 0.0038816 secs] 50829K->38730K(63360K), 0.0053679 secs] [Times: user=0.02 sys=0.00, real=0.00 secs] 
2026-06-17T09:49:50.803+0800: 11.868: [GC (Allocation Failure) 2026-06-17T09:49:50.803+0800: 11.868: [ParNew: 19610K->2173K(19648K), 0.0110337 secs] 56174K->42766K(63360K), 0.0122061 secs] [Times: user=0.10 sys=0.00, real=0.01 secs] 
2026-06-17T09:49:50.863+0800: 11.928: [GC (Allocation Failure) 2026-06-17T09:49:50.863+0800: 11.928: [ParNew: 19362K->19362K(19648K), 0.0005208 secs]2026-06-17T09:49:50.864+0800: 11.929: [CMS2026-06-17T09:49:50.865+0800: 11.930: [CMS-concurrent-abortable-preclean: 0.000/0.152 secs] [Times: user=0.13 sys=0.01, real=0.15 secs] 
 (concurrent mode failure): 40592K->29264K(43712K), 0.0067107 secs] 59954K->29264K(63360K), [Metaspace: 2709K->2709K(1056768K)], 0.0086012 secs] [Times: user=0.00 sys=0.00, real=0.01 secs] 
2026-06-17T09:49:50.924+0800: 11.989: [GC (Allocation Failure) 2026-06-17T09:49:50.924+0800: 11.989: [ParNew: 17448K->2173K(19648K), 0.0096498 secs] 46713K->32626K(63360K), 0.0123742 secs] [Times: user=0.07 sys=0.00, real=0.01 secs] 
2026-06-17T09:49:50.979+0800: 12.044: [GC (Allocation Failure) 2026-06-17T09:49:50.980+0800: 12.045: [ParNew: 19645K->2175K(19648K), 0.0091822 secs] 50098K->36820K(63360K), 0.0102952 secs] [Times: user=0.10 sys=0.00, real=0.01 secs] 
2026-06-17T09:49:50.991+0800: 12.056: [GC (CMS Initial Mark) [1 CMS-initial-mark: 34644K(43712K)] 37314K(63360K), 0.0013459 secs] [Times: user=0.00 sys=0.00, real=0.00 secs] 
2026-06-17T09:49:50.993+0800: 12.058: [CMS-concurrent-mark-start]
2026-06-17T09:49:50.993+0800: 12.059: [CMS-concurrent-mark: 0.000/0.000 secs] [Times: user=0.01 sys=0.00, real=0.00 secs] 
2026-06-17T09:49:50.994+0800: 12.059: [CMS-concurrent-preclean-start]
2026-06-17T09:49:50.994+0800: 12.059: [CMS-concurrent-preclean: 0.000/0.000 secs] [Times: user=0.00 sys=0.00, real=0.00 secs] 
2026-06-17T09:49:50.994+0800: 12.059: [CMS-concurrent-abortable-preclean-start]
2026-06-17T09:49:51.035+0800: 12.100: [GC (Allocation Failure) 2026-06-17T09:49:51.035+0800: 12.101: [ParNew: 19645K->2174K(19648K), 0.0095910 secs] 54289K->42024K(63360K), 0.0105519 secs] [Times: user=0.11 sys=0.00, real=0.01 secs] 
2026-06-17T09:49:51.089+0800: 12.154: [GC (Allocation Failure) 2026-06-17T09:49:51.089+0800: 12.155: [ParNew: 19607K->19607K(19648K), 0.0004416 secs]2026-06-17T09:49:51.090+0800: 12.155: [CMS2026-06-17T09:49:51.091+0800: 12.156: [CMS-concurrent-abortable-preclean: 0.000/0.097 secs] [Times: user=0.11 sys=0.00, real=0.10 secs] 
 (concurrent mode failure): 39849K->25481K(43712K), 0.0047738 secs] 59456K->25481K(63360K), [Metaspace: 2709K->2709K(1056768K)], 0.0070176 secs] [Times: user=0.01 sys=0.00, real=0.01 secs] 
2026-06-17T09:49:51.139+0800: 12.204: [GC (Allocation Failure) 2026-06-17T09:49:51.140+0800: 12.205: [ParNew: 17363K->2080K(19648K), 0.0042607 secs] 42845K->29180K(63360K), 0.0056076 secs] [Times: user=0.04 sys=0.00, real=0.01 secs] 
2026-06-17T09:49:51.199+0800: 12.264: [GC (Allocation Failure) 2026-06-17T09:49:51.200+0800: 12.265: [ParNew: 19552K->2084K(19648K), 0.0118653 secs] 46652K->32651K(63360K), 0.0127475 secs] [Times: user=0.10 sys=0.00, real=0.02 secs] 
2026-06-17T09:49:51.255+0800: 12.320: [GC (Allocation Failure) 2026-06-17T09:49:51.256+0800: 12.321: [ParNew: 19544K->2173K(19648K), 0.0108017 secs] 50111K->35927K(63360K), 0.0134439 secs] [Times: user=0.09 sys=0.01, real=0.01 secs] 
2026-06-17T09:49:51.270+0800: 12.335: [GC (CMS Initial Mark) [1 CMS-initial-mark: 33754K(43712K)] 37025K(63360K), 0.0016538 secs] [Times: user=0.00 sys=0.00, real=0.01 secs] 
2026-06-17T09:49:51.273+0800: 12.338: [CMS-concurrent-mark-start]
2026-06-17T09:49:51.273+0800: 12.339: [CMS-concurrent-mark: 0.000/0.000 secs] [Times: user=0.00 sys=0.00, real=0.00 secs] 
2026-06-17T09:49:51.274+0800: 12.339: [CMS-concurrent-preclean-start]
2026-06-17T09:49:51.274+0800: 12.339: [CMS-concurrent-preclean: 0.000/0.000 secs] [Times: user=0.00 sys=0.00, real=0.00 secs] 
2026-06-17T09:49:51.274+0800: 12.339: [CMS-concurrent-abortable-preclean-start]
2026-06-17T09:49:51.315+0800: 12.380: [GC (Allocation Failure) 2026-06-17T09:49:51.316+0800: 12.381: [ParNew: 19607K->2175K(19648K), 0.0111405 secs] 53362K->40218K(63360K), 0.0127829 secs] [Times: user=0.14 sys=0.00, real=0.01 secs] 
2026-06-17T09:49:51.371+0800: 12.437: [GC (Allocation Failure) 2026-06-17T09:49:51.372+0800: 12.437: [ParNew: 19633K->2171K(19648K), 0.0120632 secs] 57676K->43748K(63360K), 0.0132060 secs] [Times: user=0.09 sys=0.00, real=0.01 secs] 
2026-06-17T09:49:51.385+0800: 12.450: [CMS-concurrent-abortable-preclean: 0.000/0.111 secs] [Times: user=0.23 sys=0.00, real=0.11 secs] 
2026-06-17T09:49:51.386+0800: 12.451: [GC (CMS Final Remark) [YG occupancy: 3490 K (19648 K)]2026-06-17T09:49:51.386+0800: 12.451: [Rescan (parallel) , 0.0074400 secs]2026-06-17T09:49:51.394+0800: 12.459: [weak refs processing, 0.0002504 secs]2026-06-17T09:49:51.394+0800: 12.459: [class unloading, 0.0003894 secs]2026-06-17T09:49:51.395+0800: 12.460: [scrub symbol table, 0.0003782 secs]2026-06-17T09:49:51.396+0800: 12.461: [scrub string table, 0.0001570 secs][1 CMS-remark: 41577K(43712K)] 45068K(63360K), 0.0102211 secs] [Times: user=0.07 sys=0.00, real=0.01 secs] 
2026-06-17T09:49:51.396+0800: 12.461: [CMS-concurrent-sweep-start]
2026-06-17T09:49:51.396+0800: 12.462: [CMS-concurrent-sweep: 0.000/0.000 secs] [Times: user=0.00 sys=0.00, real=0.00 secs] 
2026-06-17T09:49:51.397+0800: 12.462: [CMS-concurrent-reset-start]
2026-06-17T09:49:51.397+0800: 12.462: [CMS-concurrent-reset: 0.000/0.000 secs] [Times: user=0.00 sys=0.00, real=0.00 secs] 
2026-06-17T09:49:51.428+0800: 12.493: [GC (Allocation Failure) 2026-06-17T09:49:51.429+0800: 12.494: [ParNew: 19455K->1957K(19648K), 0.0102090 secs] 47718K->32443K(63360K), 0.0119707 secs] [Times: user=0.08 sys=0.01, real=0.01 secs] 
2026-06-17T09:49:51.442+0800: 12.507: [GC (CMS Initial Mark) [1 CMS-initial-mark: 30486K(43712K)] 33710K(63360K), 0.0025052 secs] [Times: user=0.00 sys=0.00, real=0.01 secs] 
2026-06-17T09:49:51.445+0800: 12.511: [CMS-concurrent-mark-start]
2026-06-17T09:49:51.446+0800: 12.511: [CMS-concurrent-mark: 0.001/0.001 secs] [Times: user=0.00 sys=0.00, real=0.00 secs] 
2026-06-17T09:49:51.447+0800: 12.512: [CMS-concurrent-preclean-start]
2026-06-17T09:49:51.447+0800: 12.512: [CMS-concurrent-preclean: 0.000/0.000 secs] [Times: user=0.00 sys=0.00, real=0.00 secs] 
2026-06-17T09:49:51.447+0800: 12.513: [GC (CMS Final Remark) [YG occupancy: 3821 K (19648 K)]2026-06-17T09:49:51.448+0800: 12.513: [Rescan (parallel) , 0.0105274 secs]2026-06-17T09:49:51.459+0800: 12.524: [weak refs processing, 0.0003168 secs]2026-06-17T09:49:51.460+0800: 12.525: [class unloading, 0.0004965 secs]2026-06-17T09:49:51.461+0800: 12.526: [scrub symbol table, 0.0006406 secs]2026-06-17T09:49:51.462+0800: 12.527: [scrub string table, 0.0005823 secs][1 CMS-remark: 30486K(43712K)] 34308K(63360K), 0.0157001 secs] [Times: user=0.11 sys=0.00, real=0.02 secs] 
2026-06-17T09:49:51.464+0800: 12.529: [CMS-concurrent-sweep-start]
2026-06-17T09:49:51.464+0800: 12.529: [CMS-concurrent-sweep: 0.000/0.000 secs] [Times: user=0.00 sys=0.00, real=0.00 secs] 
2026-06-17T09:49:51.465+0800: 12.530: [CMS-concurrent-reset-start]
2026-06-17T09:49:51.465+0800: 12.530: [CMS-concurrent-reset: 0.000/0.000 secs] [Times: user=0.01 sys=0.00, real=0.00 secs] 
2026-06-17T09:49:51.496+0800: 12.561: [GC (Allocation Failure) 2026-06-17T09:49:51.497+0800: 12.562: [ParNew: 19429K->2173K(19648K), 0.0071079 secs] 41593K->31334K(63360K), 0.0083326 secs] [Times: user=0.05 sys=0.01, real=0.01 secs] 
2026-06-17T09:49:51.506+0800: 12.571: [GC (CMS Initial Mark) [1 CMS-initial-mark: 29160K(43712K)] 31729K(63360K), 0.0017660 secs] [Times: user=0.00 sys=0.00, real=0.00 secs] 
2026-06-17T09:49:51.508+0800: 12.573: [CMS-concurrent-mark-start]
2026-06-17T09:49:51.509+0800: 12.574: [CMS-concurrent-mark: 0.001/0.001 secs] [Times: user=0.00 sys=0.00, real=0.00 secs] 
2026-06-17T09:49:51.509+0800: 12.574: [CMS-concurrent-preclean-start]
2026-06-17T09:49:51.509+0800: 12.575: [CMS-concurrent-preclean: 0.000/0.000 secs] [Times: user=0.00 sys=0.00, real=0.00 secs] 
2026-06-17T09:49:51.510+0800: 12.575: [GC (CMS Final Remark) [YG occupancy: 2568 K (19648 K)]2026-06-17T09:49:51.510+0800: 12.575: [Rescan (parallel) , 0.0059274 secs]2026-06-17T09:49:51.517+0800: 12.582: [weak refs processing, 0.0004588 secs]2026-06-17T09:49:51.517+0800: 12.583: [class unloading, 0.0004664 secs]2026-06-17T09:49:51.518+0800: 12.583: [scrub symbol table, 0.0005377 secs]2026-06-17T09:49:51.519+0800: 12.584: [scrub string table, 0.0007259 secs][1 CMS-remark: 29160K(43712K)] 31729K(63360K), 0.0103523 secs] [Times: user=0.05 sys=0.01, real=0.01 secs] 
2026-06-17T09:49:51.521+0800: 12.586: [CMS-concurrent-sweep-start]
2026-06-17T09:49:51.522+0800: 12.587: [CMS-concurrent-sweep: 0.000/0.000 secs] [Times: user=0.00 sys=0.00, real=0.00 secs] 
2026-06-17T09:49:51.522+0800: 12.587: [CMS-concurrent-reset-start]
2026-06-17T09:49:51.522+0800: 12.587: [CMS-concurrent-reset: 0.000/0.000 secs] [Times: user=0.00 sys=0.00, real=0.00 secs] 
2026-06-17T09:49:51.563+0800: 12.628: [GC (Allocation Failure) 2026-06-17T09:49:51.564+0800: 12.629: [ParNew: 19622K->1994K(19648K), 0.0192297 secs] 39355K->24368K(63360K), 0.0203273 secs] [Times: user=0.16 sys=0.00, real=0.02 secs] 
2026-06-17T09:49:51.627+0800: 12.692: [GC (Allocation Failure) 2026-06-17T09:49:51.628+0800: 12.693: [ParNew: 19435K->2174K(19648K), 0.0112225 secs] 41808K->28241K(63360K), 0.0124866 secs] [Times: user=0.10 sys=0.00, real=0.01 secs] 
2026-06-17T09:49:51.685+0800: 12.750: [GC (Allocation Failure) 2026-06-17T09:49:51.686+0800: 12.751: [ParNew: 19607K->2167K(19648K), 0.0094941 secs] 45673K->32333K(63360K), 0.0113563 secs] [Times: user=0.08 sys=0.01, real=0.01 secs] 
2026-06-17T09:49:51.741+0800: 12.806: [GC (Allocation Failure) 2026-06-17T09:49:51.742+0800: 12.807: [ParNew: 19639K->2174K(19648K), 0.0061272 secs] 49805K->36605K(63360K), 0.0077023 secs] [Times: user=0.02 sys=0.00, real=0.01 secs] 
2026-06-17T09:49:51.750+0800: 12.815: [GC (CMS Initial Mark) [1 CMS-initial-mark: 34430K(43712K)] 38778K(63360K), 0.0025016 secs] [Times: user=0.01 sys=0.00, real=0.01 secs] 
2026-06-17T09:49:51.754+0800: 12.819: [CMS-concurrent-mark-start]
2026-06-17T09:49:51.754+0800: 12.819: [CMS-concurrent-mark: 0.001/0.001 secs] [Times: user=0.00 sys=0.00, real=0.00 secs] 
2026-06-17T09:49:51.755+0800: 12.820: [CMS-concurrent-preclean-start]
2026-06-17T09:49:51.755+0800: 12.820: [CMS-concurrent-preclean: 0.000/0.000 secs] [Times: user=0.00 sys=0.00, real=0.00 secs] 
2026-06-17T09:49:51.755+0800: 12.821: [CMS-concurrent-abortable-preclean-start]
2026-06-17T09:49:51.797+0800: 12.862: [GC (Allocation Failure) 2026-06-17T09:49:51.797+0800: 12.863: [ParNew: 19646K->2172K(19648K), 0.0320017 secs] 54077K->42506K(63360K), 0.0331683 secs] [Times: user=0.30 sys=0.01, real=0.03 secs] 
2026-06-17T09:49:51.883+0800: 12.948: [GC (Allocation Failure) 2026-06-17T09:49:51.884+0800: 12.949: [ParNew: 19625K->19625K(19648K), 0.0006025 secs]2026-06-17T09:49:51.885+0800: 12.950: [CMS2026-06-17T09:49:51.886+0800: 12.951: [CMS-concurrent-abortable-preclean: 0.000/0.130 secs] [Times: user=0.30 sys=0.01, real=0.13 secs] 
 (concurrent mode failure): 40333K->26406K(43712K), 0.0065008 secs] 59959K->26406K(63360K), [Metaspace: 2709K->2709K(1056768K)], 0.0089949 secs] [Times: user=0.00 sys=0.00, real=0.01 secs] 
2026-06-17T09:49:51.925+0800: 12.990: [GC (Allocation Failure) 2026-06-17T09:49:51.926+0800: 12.991: [ParNew: 17218K->2170K(19648K), 0.0128852 secs] 43624K->32963K(63360K), 0.0144304 secs] [Times: user=0.11 sys=0.01, real=0.01 secs] 
2026-06-17T09:49:51.993+0800: 13.059: [GC (Allocation Failure) 2026-06-17T09:49:51.994+0800: 13.059: [ParNew: 19612K->2103K(19648K), 0.0094801 secs] 50405K->36008K(63360K), 0.0108037 secs] [Times: user=0.08 sys=0.00, real=0.01 secs] 
2026-06-17T09:49:52.005+0800: 13.070: [GC (CMS Initial Mark) [1 CMS-initial-mark: 33904K(43712K)] 38209K(63360K), 0.0014195 secs] [Times: user=0.00 sys=0.00, real=0.00 secs] 
2026-06-17T09:49:52.008+0800: 13.073: [CMS-concurrent-mark-start]
2026-06-17T09:49:52.008+0800: 13.073: [CMS-concurrent-mark: 0.001/0.001 secs] [Times: user=0.00 sys=0.00, real=0.00 secs] 
2026-06-17T09:49:52.009+0800: 13.074: [CMS-concurrent-preclean-start]
2026-06-17T09:49:52.009+0800: 13.074: [CMS-concurrent-preclean: 0.000/0.000 secs] [Times: user=0.00 sys=0.00, real=0.00 secs] 
2026-06-17T09:49:52.009+0800: 13.074: [CMS-concurrent-abortable-preclean-start]
2026-06-17T09:49:52.050+0800: 13.115: [GC (Allocation Failure) 2026-06-17T09:49:52.051+0800: 13.116: [ParNew: 19548K->2170K(19648K), 0.0087969 secs] 53453K->39900K(63360K), 0.0105731 secs] [Times: user=0.07 sys=0.00, real=0.01 secs] 
2026-06-17T09:49:52.104+0800: 13.170: [GC (Allocation Failure) 2026-06-17T09:49:52.105+0800: 13.170: [ParNew: 19631K->2173K(19648K), 0.0131634 secs] 57362K->44731K(63360K), 0.0159353 secs] [Times: user=0.09 sys=0.00, real=0.01 secs] 
2026-06-17T09:49:52.122+0800: 13.187: [CMS-concurrent-abortable-preclean: 0.000/0.113 secs] [Times: user=0.17 sys=0.00, real=0.11 secs] 
2026-06-17T09:49:52.123+0800: 13.188: [GC (CMS Final Remark) [YG occupancy: 3696 K (19648 K)]2026-06-17T09:49:52.124+0800: 13.189: [Rescan (parallel) , 0.0065802 secs]2026-06-17T09:49:52.131+0800: 13.196: [weak refs processing, 0.0007863 secs]2026-06-17T09:49:52.132+0800: 13.197: [class unloading, 0.0005710 secs]2026-06-17T09:49:52.133+0800: 13.198: [scrub symbol table, 0.0008583 secs]2026-06-17T09:49:52.135+0800: 13.200: [scrub string table, 0.0005582 secs][1 CMS-remark: 42557K(43712K)] 46253K(63360K), 0.0128797 secs] [Times: user=0.06 sys=0.01, real=0.01 secs] 
2026-06-17T09:49:52.137+0800: 13.202: [CMS-concurrent-sweep-start]
2026-06-17T09:49:52.137+0800: 13.203: [CMS-concurrent-sweep: 0.000/0.000 secs] [Times: user=0.00 sys=0.00, real=0.00 secs] 
2026-06-17T09:49:52.138+0800: 13.203: [CMS-concurrent-reset-start]
2026-06-17T09:49:52.138+0800: 13.203: [CMS-concurrent-reset: 0.000/0.000 secs] [Times: user=0.00 sys=0.00, real=0.00 secs] 
2026-06-17T09:49:52.169+0800: 13.234: [GC (Allocation Failure) 2026-06-17T09:49:52.170+0800: 13.235: [ParNew: 19645K->2170K(19648K), 0.0080282 secs] 49152K->36830K(63360K), 0.0095417 secs] [Times: user=0.06 sys=0.00, real=0.01 secs] 
2026-06-17T09:49:52.181+0800: 13.246: [GC (CMS Initial Mark) [1 CMS-initial-mark: 34660K(43712K)] 37231K(63360K), 0.0029031 secs] [Times: user=0.00 sys=0.00, real=0.01 secs] 
2026-06-17T09:49:52.185+0800: 13.250: [CMS-concurrent-mark-start]
2026-06-17T09:49:52.185+0800: 13.251: [CMS-concurrent-mark: 0.001/0.001 secs] [Times: user=0.00 sys=0.00, real=0.00 secs] 
2026-06-17T09:49:52.186+0800: 13.251: [CMS-concurrent-preclean-start]
2026-06-17T09:49:52.186+0800: 13.251: [CMS-concurrent-preclean: 0.000/0.000 secs] [Times: user=0.00 sys=0.00, real=0.00 secs] 
2026-06-17T09:49:52.187+0800: 13.252: [GC (CMS Final Remark) [YG occupancy: 2571 K (19648 K)]2026-06-17T09:49:52.188+0800: 13.253: [Rescan (parallel) , 0.0058327 secs]2026-06-17T09:49:52.194+0800: 13.259: [weak refs processing, 0.0005283 secs]2026-06-17T09:49:52.195+0800: 13.260: [class unloading, 0.0007290 secs]2026-06-17T09:49:52.196+0800: 13.261: [scrub symbol table, 0.0005444 secs]2026-06-17T09:49:52.197+0800: 13.262: [scrub string table, 0.0005311 secs][1 CMS-remark: 34660K(43712K)] 37231K(63360K), 0.0112339 secs] [Times: user=0.05 sys=0.00, real=0.01 secs] 
2026-06-17T09:49:52.199+0800: 13.264: [CMS-concurrent-sweep-start]
2026-06-17T09:49:52.199+0800: 13.264: [CMS-concurrent-sweep: 0.000/0.000 secs] [Times: user=0.00 sys=0.00, real=0.00 secs] 
2026-06-17T09:49:52.200+0800: 13.265: [CMS-concurrent-reset-start]
2026-06-17T09:49:52.200+0800: 13.265: [CMS-concurrent-reset: 0.000/0.000 secs] [Times: user=0.00 sys=0.00, real=0.00 secs] 
2026-06-17T09:49:52.231+0800: 13.296: [GC (Allocation Failure) 2026-06-17T09:49:52.232+0800: 13.297: [ParNew: 19429K->2084K(19648K), 0.0117146 secs] 41563K->26791K(63360K), 0.0130876 secs] [Times: user=0.13 sys=0.00, real=0.01 secs] 
2026-06-17T09:49:52.298+0800: 13.363: [GC (Allocation Failure) 2026-06-17T09:49:52.298+0800: 13.363: [ParNew: 19510K->2121K(19648K), 0.0089061 secs] 44217K->30093K(63360K), 0.0101742 secs] [Times: user=0.09 sys=0.01, real=0.01 secs] 
2026-06-17T09:49:52.351+0800: 13.416: [GC (Allocation Failure) 2026-06-17T09:49:52.352+0800: 13.417: [ParNew: 19560K->2171K(19648K), 0.0042058 secs] 47532K->33487K(63360K), 0.0054823 secs] [Times: user=0.03 sys=0.00, real=0.00 secs] 
2026-06-17T09:49:52.401+0800: 13.466: [GC (Allocation Failure) 2026-06-17T09:49:52.401+0800: 13.467: [ParNew: 19631K->2166K(19648K), 0.0088211 secs] 50948K->37843K(63360K), 0.0103249 secs] [Times: user=0.11 sys=0.00, real=0.02 secs] 
2026-06-17T09:49:52.413+0800: 13.478: [GC (CMS Initial Mark) [1 CMS-initial-mark: 35677K(43712K)] 38949K(63360K), 0.0031811 secs] [Times: user=0.00 sys=0.00, real=0.00 secs] 
2026-06-17T09:49:52.418+0800: 13.483: [CMS-concurrent-mark-start]
2026-06-17T09:49:52.418+0800: 13.483: [CMS-concurrent-mark: 0.001/0.001 secs] [Times: user=0.00 sys=0.01, real=0.00 secs] 
2026-06-17T09:49:52.419+0800: 13.484: [CMS-concurrent-preclean-start]
2026-06-17T09:49:52.419+0800: 13.484: [CMS-concurrent-preclean: 0.000/0.000 secs] [Times: user=0.00 sys=0.00, real=0.00 secs] 
2026-06-17T09:49:52.419+0800: 13.485: [CMS-concurrent-abortable-preclean-start]
2026-06-17T09:49:52.461+0800: 13.526: [GC (Allocation Failure) 2026-06-17T09:49:52.462+0800: 13.527: [ParNew: 19633K->2170K(19648K), 0.0047370 secs] 55311K->41746K(63360K), 0.0069330 secs] [Times: user=0.03 sys=0.00, real=0.01 secs] 
2026-06-17T09:49:52.514+0800: 13.579: [GC (Allocation Failure) 2026-06-17T09:49:52.515+0800: 13.580: [ParNew: 19398K->19398K(19648K), 0.0006478 secs]2026-06-17T09:49:52.516+0800: 13.581: [CMS2026-06-17T09:49:52.517+0800: 13.582: [CMS-concurrent-abortable-preclean: 0.000/0.098 secs] [Times: user=0.03 sys=0.00, real=0.10 secs] 
 (concurrent mode failure): 39576K->27923K(43712K), 0.0077207 secs] 58975K->27923K(63360K), [Metaspace: 2709K->2709K(1056768K)], 0.0104385 secs] [Times: user=0.01 sys=0.00, real=0.01 secs] 
2026-06-17T09:49:52.568+0800: 13.633: [GC (Allocation Failure) 2026-06-17T09:49:52.568+0800: 13.634: [ParNew: 17442K->2173K(19648K), 0.0197859 secs] 45366K->34689K(63360K), 0.0325341 secs] [Times: user=0.19 sys=0.00, real=0.03 secs] 
2026-06-17T09:49:52.602+0800: 13.667: [GC (CMS Initial Mark) [1 CMS-initial-mark: 32516K(43712K)] 35913K(63360K), 0.0014571 secs] [Times: user=0.00 sys=0.00, real=0.01 secs] 
2026-06-17T09:49:52.604+0800: 13.670: [CMS-concurrent-mark-start]
2026-06-17T09:49:52.605+0800: 13.670: [CMS-concurrent-mark: 0.001/0.001 secs] [Times: user=0.00 sys=0.00, real=0.00 secs] 
2026-06-17T09:49:52.605+0800: 13.671: [CMS-concurrent-preclean-start]
2026-06-17T09:49:52.605+0800: 13.671: [CMS-concurrent-preclean: 0.000/0.000 secs] [Times: user=0.00 sys=0.00, real=0.00 secs] 
2026-06-17T09:49:52.606+0800: 13.671: [GC (CMS Final Remark) [YG occupancy: 3396 K (19648 K)]2026-06-17T09:49:52.607+0800: 13.672: [Rescan (parallel) , 0.0084835 secs]2026-06-17T09:49:52.616+0800: 13.681: [weak refs processing, 0.0005823 secs]2026-06-17T09:49:52.616+0800: 13.682: [class unloading, 0.0004731 secs]2026-06-17T09:49:52.618+0800: 13.683: [scrub symbol table, 0.0006097 secs]2026-06-17T09:49:52.619+0800: 13.684: [scrub string table, 0.0005582 secs][1 CMS-remark: 32516K(43712K)] 35913K(63360K), 0.0136613 secs] [Times: user=0.10 sys=0.00, real=0.01 secs] 
2026-06-17T09:49:52.621+0800: 13.686: [CMS-concurrent-sweep-start]
2026-06-17T09:49:52.621+0800: 13.686: [CMS-concurrent-sweep: 0.000/0.000 secs] [Times: user=0.00 sys=0.00, real=0.00 secs] 
2026-06-17T09:49:52.621+0800: 13.687: [CMS-concurrent-reset-start]
2026-06-17T09:49:52.622+0800: 13.687: [CMS-concurrent-reset: 0.000/0.000 secs] [Times: user=0.00 sys=0.00, real=0.00 secs] 
2026-06-17T09:49:52.653+0800: 13.718: [GC (Allocation Failure) 2026-06-17T09:49:52.653+0800: 13.718: [ParNew: 19305K->1869K(19648K), 0.0032030 secs] 42542K->26531K(63360K), 0.0041444 secs] [Times: user=0.02 sys=0.00, real=0.00 secs] 
2026-06-17T09:49:52.700+0800: 13.765: [GC (Allocation Failure) 2026-06-17T09:49:52.701+0800: 13.766: [ParNew: 19168K->2090K(19648K), 0.0079485 secs] 43831K->29772K(63360K), 0.0092469 secs] [Times: user=0.09 sys=0.00, real=0.01 secs] 
2026-06-17T09:49:52.753+0800: 13.818: [GC (Allocation Failure) 2026-06-17T09:49:52.754+0800: 13.819: [ParNew: 19512K->2171K(19648K), 0.0091603 secs] 47194K->36921K(63360K), 0.0106503 secs] [Times: user=0.09 sys=0.00, real=0.01 secs] 
2026-06-17T09:49:52.766+0800: 13.831: [GC (CMS Initial Mark) [1 CMS-initial-mark: 34749K(43712K)] 37351K(63360K), 0.0021210 secs] [Times: user=0.00 sys=0.00, real=0.00 secs] 
2026-06-17T09:49:52.769+0800: 13.834: [CMS-concurrent-mark-start]
2026-06-17T09:49:52.769+0800: 13.835: [CMS-concurrent-mark: 0.001/0.001 secs] [Times: user=0.00 sys=0.00, real=0.00 secs] 
2026-06-17T09:49:52.770+0800: 13.835: [CMS-concurrent-preclean-start]
2026-06-17T09:49:52.770+0800: 13.835: [CMS-concurrent-preclean: 0.000/0.000 secs] [Times: user=0.00 sys=0.00, real=0.00 secs] 
2026-06-17T09:49:52.771+0800: 13.836: [GC (CMS Final Remark) [YG occupancy: 2601 K (19648 K)]2026-06-17T09:49:52.771+0800: 13.836: [Rescan (parallel) , 0.0064022 secs]2026-06-17T09:49:52.778+0800: 13.843: [weak refs processing, 0.0004562 secs]2026-06-17T09:49:52.779+0800: 13.844: [class unloading, 0.0005867 secs]2026-06-17T09:49:52.780+0800: 13.845: [scrub symbol table, 0.0007440 secs]2026-06-17T09:49:52.782+0800: 13.847: [scrub string table, 0.0004575 secs][1 CMS-remark: 34749K(43712K)] 37351K(63360K), 0.0118385 secs] [Times: user=0.06 sys=0.00, real=0.01 secs] 
2026-06-17T09:49:52.784+0800: 13.849: [CMS-concurrent-sweep-start]
2026-06-17T09:49:52.784+0800: 13.849: [CMS-concurrent-sweep: 0.000/0.000 secs] [Times: user=0.00 sys=0.00, real=0.00 secs] 
2026-06-17T09:49:52.784+0800: 13.849: [CMS-concurrent-reset-start]
2026-06-17T09:49:52.784+0800: 13.849: [CMS-concurrent-reset: 0.000/0.000 secs] [Times: user=0.00 sys=0.00, real=0.00 secs] 
2026-06-17T09:49:52.827+0800: 13.892: [GC (Allocation Failure) 2026-06-17T09:49:52.827+0800: 13.892: [ParNew: 19643K->2173K(19648K), 0.0127733 secs] 47310K->32274K(63360K), 0.0143344 secs] [Times: user=0.10 sys=0.00, real=0.01 secs] 
2026-06-17T09:49:52.885+0800: 13.950: [GC (Allocation Failure) 2026-06-17T09:49:52.886+0800: 13.951: [ParNew: 19644K->2168K(19648K), 0.0076975 secs] 49745K->36174K(63360K), 0.0095027 secs] [Times: user=0.07 sys=0.00, real=0.01 secs] 
2026-06-17T09:49:52.896+0800: 13.962: [GC (CMS Initial Mark) [1 CMS-initial-mark: 34006K(43712K)] 37432K(63360K), 0.0030468 secs] [Times: user=0.00 sys=0.00, real=0.00 secs] 
2026-06-17T09:49:52.901+0800: 13.966: [CMS-concurrent-mark-start]
2026-06-17T09:49:52.901+0800: 13.966: [CMS-concurrent-mark: 0.001/0.001 secs] [Times: user=0.00 sys=0.01, real=0.00 secs] 
2026-06-17T09:49:52.902+0800: 13.967: [CMS-concurrent-preclean-start]
2026-06-17T09:49:52.902+0800: 13.967: [CMS-concurrent-preclean: 0.000/0.000 secs] [Times: user=0.00 sys=0.00, real=0.00 secs] 
2026-06-17T09:49:52.902+0800: 13.967: [CMS-concurrent-abortable-preclean-start]
2026-06-17T09:49:52.943+0800: 14.008: [GC (Allocation Failure) 2026-06-17T09:49:52.944+0800: 14.009: [ParNew: 19640K->2175K(19648K), 0.0130045 secs] 53646K->40615K(63360K), 0.0147707 secs] [Times: user=0.14 sys=0.00, real=0.01 secs] 
2026-06-17T09:49:53.003+0800: 14.068: [GC (Allocation Failure) 2026-06-17T09:49:53.004+0800: 14.069: [ParNew: 19386K->19386K(19648K), 0.0007496 secs]2026-06-17T09:49:53.007+0800: 14.072: [CMS2026-06-17T09:49:53.008+0800: 14.074: [CMS-concurrent-abortable-preclean: 0.000/0.106 secs] [Times: user=0.14 sys=0.00, real=0.11 secs] 
 (concurrent mode failure): 38439K->27691K(43712K), 0.0062709 secs] 57825K->27691K(63360K), [Metaspace: 2709K->2709K(1056768K)], 0.0114763 secs] [Times: user=0.00 sys=0.00, real=0.01 secs] 
2026-06-17T09:49:53.068+0800: 14.133: [GC (Allocation Failure) 2026-06-17T09:49:53.073+0800: 14.138: [ParNew: 17448K->2166K(19648K), 0.0121416 secs] 45139K->31573K(63360K), 0.0192682 secs] [Times: user=0.08 sys=0.00, real=0.02 secs] 
2026-06-17T09:49:53.132+0800: 14.198: [GC (Allocation Failure) 2026-06-17T09:49:53.133+0800: 14.198: [ParNew: 19638K->2173K(19648K), 0.0066330 secs] 49045K->35578K(63360K), 0.0080814 secs] [Times: user=0.05 sys=0.00, real=0.00 secs] 
2026-06-17T09:49:53.184+0800: 14.249: [GC (Allocation Failure) 2026-06-17T09:49:53.185+0800: 14.250: [ParNew: 19605K->2169K(19648K), 0.0046255 secs] 53010K->40920K(63360K), 0.0059282 secs] [Times: user=0.03 sys=0.00, real=0.00 secs] 
2026-06-17T09:49:53.191+0800: 14.256: [GC (CMS Initial Mark) [1 CMS-initial-mark: 38751K(43712K)] 41776K(63360K), 0.0013877 secs] [Times: user=0.00 sys=0.00, real=0.00 secs] 
2026-06-17T09:49:53.194+0800: 14.259: [CMS-concurrent-mark-start]
2026-06-17T09:49:53.194+0800: 14.259: [CMS-concurrent-mark: 0.000/0.000 secs] [Times: user=0.00 sys=0.00, real=0.00 secs] 
2026-06-17T09:49:53.195+0800: 14.260: [CMS-concurrent-preclean-start]
2026-06-17T09:49:53.195+0800: 14.260: [CMS-concurrent-preclean: 0.000/0.000 secs] [Times: user=0.00 sys=0.00, real=0.00 secs] 
2026-06-17T09:49:53.195+0800: 14.260: [GC (CMS Final Remark) [YG occupancy: 3582 K (19648 K)]2026-06-17T09:49:53.196+0800: 14.261: [Rescan (parallel) , 0.0075061 secs]2026-06-17T09:49:53.204+0800: 14.269: [weak refs processing, 0.0003554 secs]2026-06-17T09:49:53.205+0800: 14.270: [class unloading, 0.0008388 secs]2026-06-17T09:49:53.206+0800: 14.271: [scrub symbol table, 0.0007151 secs]2026-06-17T09:49:53.207+0800: 14.272: [scrub string table, 0.0003466 secs][1 CMS-remark: 38751K(43712K)] 42333K(63360K), 0.0127464 secs] [Times: user=0.09 sys=0.01, real=0.01 secs] 
2026-06-17T09:49:53.209+0800: 14.274: [CMS-concurrent-sweep-start]
2026-06-17T09:49:53.209+0800: 14.274: [CMS-concurrent-sweep: 0.000/0.000 secs] [Times: user=0.00 sys=0.00, real=0.00 secs] 
2026-06-17T09:49:53.210+0800: 14.275: [CMS-concurrent-reset-start]
2026-06-17T09:49:53.210+0800: 14.275: [CMS-concurrent-reset: 0.000/0.000 secs] [Times: user=0.00 sys=0.00, real=0.00 secs] 
2026-06-17T09:49:53.240+0800: 14.305: [GC (Allocation Failure) 2026-06-17T09:49:53.241+0800: 14.306: [ParNew: 19641K->2170K(19648K), 0.0093231 secs] 47664K->35253K(63360K), 0.0107175 secs] [Times: user=0.09 sys=0.00, real=0.02 secs] 
2026-06-17T09:49:53.252+0800: 14.318: [GC (CMS Initial Mark) [1 CMS-initial-mark: 33082K(43712K)] 35860K(63360K), 0.0013673 secs] [Times: user=0.00 sys=0.00, real=0.00 secs] 
2026-06-17T09:49:53.255+0800: 14.320: [CMS-concurrent-mark-start]
2026-06-17T09:49:53.255+0800: 14.320: [CMS-concurrent-mark: 0.001/0.001 secs] [Times: user=0.00 sys=0.00, real=0.00 secs] 
2026-06-17T09:49:53.255+0800: 14.321: [CMS-concurrent-preclean-start]
2026-06-17T09:49:53.255+0800: 14.321: [CMS-concurrent-preclean: 0.000/0.000 secs] [Times: user=0.00 sys=0.00, real=0.00 secs] 
2026-06-17T09:49:53.256+0800: 14.321: [GC (CMS Final Remark) [YG occupancy: 2777 K (19648 K)]2026-06-17T09:49:53.256+0800: 14.321: [Rescan (parallel) , 0.0112345 secs]2026-06-17T09:49:53.268+0800: 14.333: [weak refs processing, 0.0006411 secs]2026-06-17T09:49:53.269+0800: 14.335: [class unloading, 0.0007024 secs]2026-06-17T09:49:53.271+0800: 14.336: [scrub symbol table, 0.0005966 secs]2026-06-17T09:49:53.272+0800: 14.337: [scrub string table, 0.0005257 secs][1 CMS-remark: 33082K(43712K)] 35860K(63360K), 0.0169266 secs] [Times: user=0.12 sys=0.01, real=0.02 secs] 
2026-06-17T09:49:53.274+0800: 14.339: [CMS-concurrent-sweep-start]
2026-06-17T09:49:53.274+0800: 14.339: [CMS-concurrent-sweep: 0.000/0.000 secs] [Times: user=0.00 sys=0.00, real=0.00 secs] 
2026-06-17T09:49:53.275+0800: 14.340: [CMS-concurrent-reset-start]
2026-06-17T09:49:53.275+0800: 14.340: [CMS-concurrent-reset: 0.000/0.000 secs] [Times: user=0.00 sys=0.00, real=0.00 secs] 
2026-06-17T09:49:53.307+0800: 14.372: [GC (Allocation Failure) 2026-06-17T09:49:53.307+0800: 14.372: [ParNew: 19453K->2087K(19648K), 0.0076618 secs] 41037K->25384K(63360K), 0.0089883 secs] [Times: user=0.06 sys=0.01, real=0.01 secs] 
2026-06-17T09:49:53.370+0800: 14.435: [GC (Allocation Failure) 2026-06-17T09:49:53.371+0800: 14.436: [ParNew: 19514K->2171K(19648K), 0.0085463 secs] 42812K->29137K(63360K), 0.0101253 secs] [Times: user=0.08 sys=0.00, real=0.01 secs] 
2026-06-17T09:49:53.425+0800: 14.490: [GC (Allocation Failure) 2026-06-17T09:49:53.425+0800: 14.490: [ParNew: 19624K->2171K(19648K), 0.0131369 secs] 46590K->32854K(63360K), 0.0142545 secs] [Times: user=0.11 sys=0.00, real=0.01 secs] 
2026-06-17T09:49:53.482+0800: 14.547: [GC (Allocation Failure) 2026-06-17T09:49:53.483+0800: 14.548: [ParNew: 19584K->2174K(19648K), 0.0080236 secs] 50267K->37948K(63360K), 0.0094260 secs] [Times: user=0.07 sys=0.01, real=0.02 secs] 
2026-06-17T09:49:53.493+0800: 14.558: [GC (CMS Initial Mark) [1 CMS-initial-mark: 35773K(43712K)] 39934K(63360K), 0.0021858 secs] [Times: user=0.00 sys=0.00, real=0.00 secs] 
2026-06-17T09:49:53.497+0800: 14.562: [CMS-concurrent-mark-start]
2026-06-17T09:49:53.497+0800: 14.562: [CMS-concurrent-mark: 0.001/0.001 secs] [Times: user=0.00 sys=0.00, real=0.00 secs] 
2026-06-17T09:49:53.498+0800: 14.563: [CMS-concurrent-preclean-start]
2026-06-17T09:49:53.498+0800: 14.563: [CMS-concurrent-preclean: 0.000/0.000 secs] [Times: user=0.00 sys=0.00, real=0.00 secs] 
2026-06-17T09:49:53.498+0800: 14.564: [GC (CMS Final Remark) [YG occupancy: 4160 K (19648 K)]2026-06-17T09:49:53.499+0800: 14.564: [Rescan (parallel) , 0.0044878 secs]2026-06-17T09:49:53.504+0800: 14.569: [weak refs processing, 0.0005032 secs]2026-06-17T09:49:53.505+0800: 14.570: [class unloading, 0.0006717 secs]2026-06-17T09:49:53.506+0800: 14.572: [scrub symbol table, 0.0006735 secs]2026-06-17T09:49:53.508+0800: 14.573: [scrub string table, 0.0004622 secs][1 CMS-remark: 35773K(43712K)] 39934K(63360K), 0.0100213 secs] [Times: user=0.03 sys=0.00, real=0.01 secs] 
2026-06-17T09:49:53.510+0800: 14.575: [CMS-concurrent-sweep-start]
2026-06-17T09:49:53.510+0800: 14.575: [CMS-concurrent-sweep: 0.000/0.000 secs] [Times: user=0.00 sys=0.00, real=0.00 secs] 
2026-06-17T09:49:53.510+0800: 14.575: [CMS-concurrent-reset-start]
2026-06-17T09:49:53.510+0800: 14.576: [CMS-concurrent-reset: 0.000/0.000 secs] [Times: user=0.00 sys=0.00, real=0.00 secs] 
2026-06-17T09:49:53.552+0800: 14.617: [GC (Allocation Failure) 2026-06-17T09:49:53.553+0800: 14.618: [ParNew: 19646K->1924K(19648K), 0.0050549 secs] 42628K->26316K(63360K), 0.0069445 secs] [Times: user=0.03 sys=0.00, real=0.00 secs] 
2026-06-17T09:49:53.604+0800: 14.669: [GC (Allocation Failure) 2026-06-17T09:49:53.604+0800: 14.670: [ParNew: 19389K->2114K(19648K), 0.0146993 secs] 43781K->30202K(63360K), 0.0158128 secs] [Times: user=0.10 sys=0.01, real=0.01 secs] 
2026-06-17T09:49:53.664+0800: 14.729: [GC (Allocation Failure) 2026-06-17T09:49:53.665+0800: 14.730: [ParNew: 19552K->2173K(19648K), 0.0101545 secs] 47640K->33851K(63360K), 0.0120026 secs] [Times: user=0.09 sys=0.01, real=0.01 secs] 
2026-06-17T09:49:53.721+0800: 14.786: [GC (Allocation Failure) 2026-06-17T09:49:53.723+0800: 14.788: [ParNew: 19645K->2174K(19648K), 0.0087433 secs] 51323K->38178K(63360K), 0.0112976 secs] [Times: user=0.08 sys=0.00, real=0.02 secs] 
2026-06-17T09:49:53.735+0800: 14.800: [GC (CMS Initial Mark) [1 CMS-initial-mark: 36003K(43712K)] 40454K(63360K), 0.0021154 secs] [Times: user=0.00 sys=0.00, real=0.00 secs] 
2026-06-17T09:49:53.738+0800: 14.804: [CMS-concurrent-mark-start]
2026-06-17T09:49:53.739+0800: 14.804: [CMS-concurrent-mark: 0.001/0.001 secs] [Times: user=0.00 sys=0.00, real=0.00 secs] 
2026-06-17T09:49:53.740+0800: 14.805: [CMS-concurrent-preclean-start]
2026-06-17T09:49:53.740+0800: 14.805: [CMS-concurrent-preclean: 0.000/0.000 secs] [Times: user=0.00 sys=0.00, real=0.00 secs] 
2026-06-17T09:49:53.740+0800: 14.805: [CMS-concurrent-abortable-preclean-start]
2026-06-17T09:49:53.778+0800: 14.844: [GC (Allocation Failure) 2026-06-17T09:49:53.780+0800: 14.845: [ParNew: 19646K->2171K(19648K), 0.0084923 secs] 55650K->43746K(63360K), 0.0105472 secs] [Times: user=0.08 sys=0.00, real=0.01 secs] 
2026-06-17T09:49:53.791+0800: 14.856: [CMS-concurrent-abortable-preclean: 0.000/0.050 secs] [Times: user=0.09 sys=0.00, real=0.06 secs] 
2026-06-17T09:49:53.792+0800: 14.857: [GC (CMS Final Remark) [YG occupancy: 3129 K (19648 K)]2026-06-17T09:49:53.793+0800: 14.858: [Rescan (parallel) , 0.0047942 secs]2026-06-17T09:49:53.798+0800: 14.864: [weak refs processing, 0.0006876 secs]2026-06-17T09:49:53.800+0800: 14.865: [class unloading, 0.0010088 secs]2026-06-17T09:49:53.802+0800: 14.867: [scrub symbol table, 0.0009288 secs]2026-06-17T09:49:53.804+0800: 14.869: [scrub string table, 0.0007614 secs][1 CMS-remark: 41574K(43712K)] 44703K(63360K), 0.0131295 secs] [Times: user=0.04 sys=0.00, real=0.01 secs] 
2026-06-17T09:49:53.806+0800: 14.871: [CMS-concurrent-sweep-start]
2026-06-17T09:49:53.806+0800: 14.871: [CMS-concurrent-sweep: 0.000/0.000 secs] [Times: user=0.00 sys=0.00, real=0.00 secs] 
2026-06-17T09:49:53.807+0800: 14.872: [CMS-concurrent-reset-start]
2026-06-17T09:49:53.807+0800: 14.872: [CMS-concurrent-reset: 0.000/0.000 secs] [Times: user=0.00 sys=0.00, real=0.00 secs] 
2026-06-17T09:49:53.850+0800: 14.915: [GC (Allocation Failure) 2026-06-17T09:49:53.851+0800: 14.916: [ParNew: 19626K->2086K(19648K), 0.0178549 secs] 50613K->35110K(63360K), 0.0196616 secs] [Times: user=0.17 sys=0.00, real=0.02 secs] 
2026-06-17T09:49:53.871+0800: 14.936: [GC (CMS Initial Mark) [1 CMS-initial-mark: 33024K(43712K)] 36620K(63360K), 0.0012146 secs] [Times: user=0.00 sys=0.00, real=0.00 secs] 
2026-06-17T09:49:53.874+0800: 14.939: [CMS-concurrent-mark-start]
2026-06-17T09:49:53.874+0800: 14.940: [CMS-concurrent-mark: 0.001/0.001 secs] [Times: user=0.00 sys=0.00, real=0.00 secs] 
2026-06-17T09:49:53.875+0800: 14.940: [CMS-concurrent-preclean-start]
2026-06-17T09:49:53.875+0800: 14.940: [CMS-concurrent-preclean: 0.000/0.000 secs] [Times: user=0.00 sys=0.00, real=0.00 secs] 
2026-06-17T09:49:53.876+0800: 14.941: [CMS-concurrent-abortable-preclean-start]
2026-06-17T09:49:53.906+0800: 14.971: [GC (Allocation Failure) 2026-06-17T09:49:53.907+0800: 14.972: [ParNew: 19383K->2158K(19648K), 0.0102175 secs] 52407K->38800K(63360K), 0.0117992 secs] [Times: user=0.10 sys=0.00, real=0.01 secs] 
2026-06-17T09:49:53.974+0800: 15.039: [GC (Allocation Failure) 2026-06-17T09:49:53.975+0800: 15.041: [ParNew: 19582K->2089K(19648K), 0.0112179 secs] 56225K->41731K(63360K), 0.0133402 secs] [Times: user=0.12 sys=0.01, real=0.01 secs] 
2026-06-17T09:49:54.034+0800: 15.099: [GC (Allocation Failure) 2026-06-17T09:49:54.035+0800: 15.100: [ParNew: 19527K->19527K(19648K), 0.0011299 secs]2026-06-17T09:49:54.037+0800: 15.102: [CMS2026-06-17T09:49:54.038+0800: 15.103: [CMS-concurrent-abortable-preclean: 0.000/0.162 secs] [Times: user=0.23 sys=0.01, real=0.16 secs] 
 (concurrent mode failure): 39641K->26515K(43712K), 0.0084426 secs] 59169K->26515K(63360K), [Metaspace: 2709K->2709K(1056768K)], 0.0125974 secs] [Times: user=0.01 sys=0.00, real=0.01 secs] 
2026-06-17T09:49:54.095+0800: 15.160: [GC (Allocation Failure) 2026-06-17T09:49:54.096+0800: 15.161: [ParNew: 17454K->2169K(19648K), 0.0068041 secs] 43970K->33820K(63360K), 0.0091289 secs] [Times: user=0.02 sys=0.01, real=0.01 secs] 
2026-06-17T09:49:54.106+0800: 15.171: [GC (CMS Initial Mark) [1 CMS-initial-mark: 31651K(43712K)] 34515K(63360K), 0.0031732 secs] [Times: user=0.00 sys=0.00, real=0.00 secs] 
2026-06-17T09:49:54.110+0800: 15.175: [CMS-concurrent-mark-start]
2026-06-17T09:49:54.111+0800: 15.176: [CMS-concurrent-mark: 0.001/0.001 secs] [Times: user=0.00 sys=0.00, real=0.01 secs] 
2026-06-17T09:49:54.112+0800: 15.177: [CMS-concurrent-preclean-start]
2026-06-17T09:49:54.112+0800: 15.177: [CMS-concurrent-preclean: 0.000/0.000 secs] [Times: user=0.00 sys=0.00, real=0.00 secs] 
2026-06-17T09:49:54.113+0800: 15.178: [GC (CMS Final Remark) [YG occupancy: 2864 K (19648 K)]2026-06-17T09:49:54.113+0800: 15.179: [Rescan (parallel) , 0.0121676 secs]2026-06-17T09:49:54.126+0800: 15.191: [weak refs processing, 0.0007454 secs]2026-06-17T09:49:54.128+0800: 15.193: [class unloading, 0.0004445 secs]2026-06-17T09:49:54.129+0800: 15.194: [scrub symbol table, 0.0008130 secs]2026-06-17T09:49:54.130+0800: 15.195: [scrub string table, 0.0006738 secs][1 CMS-remark: 31651K(43712K)] 34515K(63360K), 0.0183344 secs] [Times: user=0.12 sys=0.00, real=0.02 secs] 
2026-06-17T09:49:54.133+0800: 15.198: [CMS-concurrent-sweep-start]
2026-06-17T09:49:54.133+0800: 15.198: [CMS-concurrent-sweep: 0.000/0.000 secs] [Times: user=0.00 sys=0.00, real=0.00 secs] 
2026-06-17T09:49:54.133+0800: 15.198: [CMS-concurrent-reset-start]
2026-06-17T09:49:54.133+0800: 15.198: [CMS-concurrent-reset: 0.000/0.000 secs] [Times: user=0.00 sys=0.00, real=0.00 secs] 
2026-06-17T09:49:54.166+0800: 15.231: [GC (Allocation Failure) 2026-06-17T09:49:54.167+0800: 15.232: [ParNew: 19599K->2170K(19648K), 0.0137806 secs] 39844K->27200K(63360K), 0.0156761 secs] [Times: user=0.10 sys=0.01, real=0.01 secs] 
2026-06-17T09:49:54.226+0800: 15.292: [GC (Allocation Failure) 2026-06-17T09:49:54.227+0800: 15.293: [ParNew: 19433K->2124K(19648K), 0.0090178 secs] 44463K->29568K(63360K), 0.0107976 secs] [Times: user=0.08 sys=0.00, real=0.01 secs] 
2026-06-17T09:49:54.293+0800: 15.358: [GC (Allocation Failure) 2026-06-17T09:49:54.294+0800: 15.359: [ParNew: 19576K->2136K(19648K), 0.0063578 secs] 47020K->33060K(63360K), 0.0083053 secs] [Times: user=0.03 sys=0.00, real=0.00 secs] 
2026-06-17T09:49:54.346+0800: 15.411: [GC (Allocation Failure) 2026-06-17T09:49:54.347+0800: 15.412: [ParNew: 19608K->2174K(19648K), 0.0182957 secs] 50532K->36488K(63360K), 0.0199924 secs] [Times: user=0.16 sys=0.00, real=0.02 secs] 
2026-06-17T09:49:54.367+0800: 15.432: [GC (CMS Initial Mark) [1 CMS-initial-mark: 34314K(43712K)] 38284K(63360K), 0.0014167 secs] [Times: user=0.00 sys=0.00, real=0.00 secs] 
2026-06-17T09:49:54.370+0800: 15.435: [CMS-concurrent-mark-start]
2026-06-17T09:49:54.370+0800: 15.435: [CMS-concurrent-mark: 0.000/0.000 secs] [Times: user=0.00 sys=0.00, real=0.00 secs] 
2026-06-17T09:49:54.370+0800: 15.436: [CMS-concurrent-preclean-start]
2026-06-17T09:49:54.371+0800: 15.436: [CMS-concurrent-preclean: 0.000/0.000 secs] [Times: user=0.00 sys=0.00, real=0.00 secs] 
2026-06-17T09:49:54.371+0800: 15.436: [CMS-concurrent-abortable-preclean-start]
2026-06-17T09:49:54.412+0800: 15.477: [GC (Allocation Failure) 2026-06-17T09:49:54.414+0800: 15.479: [ParNew: 19642K->2166K(19648K), 0.0140665 secs] 53957K->40756K(63360K), 0.0157613 secs] [Times: user=0.16 sys=0.00, real=0.01 secs] 
2026-06-17T09:49:54.473+0800: 15.538: [GC (Allocation Failure) 2026-06-17T09:49:54.475+0800: 15.540: [ParNew: 19605K->2175K(19648K), 0.0073303 secs] 58194K->44639K(63360K), 0.0096798 secs] [Times: user=0.03 sys=0.00, real=0.01 secs] 
2026-06-17T09:49:54.485+0800: 15.550: [CMS-concurrent-abortable-preclean: 0.000/0.114 secs] [Times: user=0.20 sys=0.00, real=0.11 secs] 
2026-06-17T09:49:54.486+0800: 15.552: [GC (CMS Final Remark) [YG occupancy: 3651 K (19648 K)]2026-06-17T09:49:54.487+0800: 15.552: [Rescan (parallel) , 0.0102446 secs]2026-06-17T09:49:54.498+0800: 15.563: [weak refs processing, 0.0007148 secs]2026-06-17T09:49:54.500+0800: 15.565: [class unloading, 0.0009388 secs]2026-06-17T09:49:54.501+0800: 15.567: [scrub symbol table, 0.0009646 secs]2026-06-17T09:49:54.503+0800: 15.568: [scrub string table, 0.0004796 secs][1 CMS-remark: 42463K(43712K)] 46115K(63360K), 0.0177247 secs] [Times: user=0.11 sys=0.00, real=0.02 secs] 
2026-06-17T09:49:54.505+0800: 15.571: [CMS-concurrent-sweep-start]
2026-06-17T09:49:54.506+0800: 15.571: [CMS-concurrent-sweep: 0.000/0.000 secs] [Times: user=0.00 sys=0.00, real=0.00 secs] 
2026-06-17T09:49:54.506+0800: 15.571: [CMS-concurrent-reset-start]
2026-06-17T09:49:54.506+0800: 15.571: [CMS-concurrent-reset: 0.000/0.000 secs] [Times: user=0.00 sys=0.00, real=0.00 secs] 
2026-06-17T09:49:54.538+0800: 15.603: [GC (Allocation Failure) 2026-06-17T09:49:54.539+0800: 15.604: [ParNew: 19647K->1923K(19648K), 0.0084907 secs] 47461K->30687K(63360K), 0.0103531 secs] [Times: user=0.10 sys=0.00, real=0.01 secs] 
2026-06-17T09:49:54.605+0800: 15.670: [GC (Allocation Failure) 2026-06-17T09:49:54.606+0800: 15.671: [ParNew: 19377K->2139K(19648K), 0.0080758 secs] 48141K->34516K(63360K), 0.0099446 secs] [Times: user=0.08 sys=0.00, real=0.01 secs] 
2026-06-17T09:49:54.617+0800: 15.682: [GC (CMS Initial Mark) [1 CMS-initial-mark: 32376K(43712K)] 37015K(63360K), 0.0033194 secs] [Times: user=0.00 sys=0.00, real=0.00 secs] 
2026-06-17T09:49:54.622+0800: 15.687: [CMS-concurrent-mark-start]
2026-06-17T09:49:54.623+0800: 15.688: [CMS-concurrent-mark: 0.001/0.001 secs] [Times: user=0.00 sys=0.00, real=0.01 secs] 
2026-06-17T09:49:54.623+0800: 15.688: [CMS-concurrent-preclean-start]
2026-06-17T09:49:54.623+0800: 15.689: [CMS-concurrent-preclean: 0.000/0.000 secs] [Times: user=0.00 sys=0.00, real=0.00 secs] 
2026-06-17T09:49:54.624+0800: 15.689: [CMS-concurrent-abortable-preclean-start]
2026-06-17T09:49:54.665+0800: 15.730: [GC (Allocation Failure) 2026-06-17T09:49:54.666+0800: 15.731: [ParNew: 19609K->2171K(19648K), 0.0094636 secs] 51985K->38463K(63360K), 0.0115321 secs] [Times: user=0.09 sys=0.00, real=0.01 secs] 
2026-06-17T09:49:54.723+0800: 15.788: [GC (Allocation Failure) 2026-06-17T09:49:54.724+0800: 15.789: [ParNew: 19606K->2170K(19648K), 0.0088103 secs] 55899K->43035K(63360K), 0.0109271 secs] [Times: user=0.06 sys=0.00, real=0.01 secs] 
2026-06-17T09:49:54.780+0800: 15.846: [GC (Allocation Failure) 2026-06-17T09:49:54.782+0800: 15.847: [ParNew: 19642K->19642K(19648K), 0.0011649 secs]2026-06-17T09:49:54.784+0800: 15.849: [CMS2026-06-17T09:49:54.785+0800: 15.850: [CMS-concurrent-abortable-preclean: 0.000/0.161 secs] [Times: user=0.18 sys=0.00, real=0.16 secs] 
 (concurrent mode failure): 40865K->24411K(43712K), 0.0088405 secs] 60507K->24411K(63360K), [Metaspace: 2709K->2709K(1056768K)], 0.0131211 secs] [Times: user=0.00 sys=0.00, real=0.02 secs] 
2026-06-17T09:49:54.840+0800: 15.905: [GC (Allocation Failure) 2026-06-17T09:49:54.841+0800: 15.906: [ParNew: 17174K->2111K(19648K), 0.0138416 secs] 41585K->28237K(63360K), 0.0152190 secs] [Times: user=0.11 sys=0.01, real=0.02 secs] 
2026-06-17T09:49:54.900+0800: 15.965: [GC (Allocation Failure) 2026-06-17T09:49:54.901+0800: 15.966: [ParNew: 19562K->2173K(19648K), 0.0130162 secs] 45689K->35466K(63360K), 0.0149621 secs] [Times: user=0.13 sys=0.00, real=0.02 secs] 
2026-06-17T09:49:54.916+0800: 15.981: [GC (CMS Initial Mark) [1 CMS-initial-mark: 33292K(43712K)] 35508K(63360K), 0.0021218 secs] [Times: user=0.01 sys=0.00, real=0.00 secs] 
2026-06-17T09:49:54.920+0800: 15.985: [CMS-concurrent-mark-start]
2026-06-17T09:49:54.920+0800: 15.985: [CMS-concurrent-mark: 0.001/0.001 secs] [Times: user=0.00 sys=0.00, real=0.00 secs] 
2026-06-17T09:49:54.921+0800: 15.986: [CMS-concurrent-preclean-start]
2026-06-17T09:49:54.921+0800: 15.986: [CMS-concurrent-preclean: 0.000/0.000 secs] [Times: user=0.00 sys=0.00, real=0.00 secs] 
2026-06-17T09:49:54.921+0800: 15.986: [GC (CMS Final Remark) [YG occupancy: 2215 K (19648 K)]2026-06-17T09:49:54.922+0800: 15.987: [Rescan (parallel) , 0.0095226 secs]2026-06-17T09:49:54.932+0800: 15.997: [weak refs processing, 0.0008350 secs]2026-06-17T09:49:54.934+0800: 15.999: [class unloading, 0.0009663 secs]2026-06-17T09:49:54.935+0800: 16.001: [scrub symbol table, 0.0009753 secs]2026-06-17T09:49:54.937+0800: 16.002: [scrub string table, 0.0004204 secs][1 CMS-remark: 33292K(43712K)] 35508K(63360K), 0.0165392 secs] [Times: user=0.09 sys=0.01, real=0.02 secs] 
2026-06-17T09:49:54.939+0800: 16.004: [CMS-concurrent-sweep-start]
2026-06-17T09:49:54.939+0800: 16.004: [CMS-concurrent-sweep: 0.000/0.000 secs] [Times: user=0.00 sys=0.00, real=0.00 secs] 
2026-06-17T09:49:54.940+0800: 16.005: [CMS-concurrent-reset-start]
2026-06-17T09:49:54.940+0800: 16.005: [CMS-concurrent-reset: 0.000/0.000 secs] [Times: user=0.00 sys=0.00, real=0.00 secs] 
2026-06-17T09:49:54.982+0800: 16.047: [GC (Allocation Failure) 2026-06-17T09:49:54.983+0800: 16.048: [ParNew: 19645K->2174K(19648K), 0.0079721 secs] 49723K->36116K(63360K), 0.0097606 secs] [Times: user=0.07 sys=0.00, real=0.02 secs] 
2026-06-17T09:49:54.994+0800: 16.059: [GC (CMS Initial Mark) [1 CMS-initial-mark: 33942K(43712K)] 38551K(63360K), 0.0018712 secs] [Times: user=0.00 sys=0.00, real=0.00 secs] 
2026-06-17T09:49:54.997+0800: 16.062: [CMS-concurrent-mark-start]
2026-06-17T09:49:54.997+0800: 16.062: [CMS-concurrent-mark: 0.001/0.001 secs] [Times: user=0.00 sys=0.00, real=0.00 secs] 
2026-06-17T09:49:54.998+0800: 16.063: [CMS-concurrent-preclean-start]
2026-06-17T09:49:54.998+0800: 16.063: [CMS-concurrent-preclean: 0.000/0.000 secs] [Times: user=0.00 sys=0.00, real=0.00 secs] 
2026-06-17T09:49:54.998+0800: 16.063: [CMS-concurrent-abortable-preclean-start]
2026-06-17T09:49:55.039+0800: 16.104: [GC (Allocation Failure) 2026-06-17T09:49:55.040+0800: 16.105: [ParNew: 19612K->2171K(19648K), 0.0054536 secs] 53555K->40502K(63360K), 0.0066927 secs] [Times: user=0.03 sys=0.01, real=0.01 secs] 
2026-06-17T09:49:55.090+0800: 16.155: [GC (Allocation Failure) 2026-06-17T09:49:55.090+0800: 16.156: [ParNew: 19630K->19630K(19648K), 0.0008909 secs]2026-06-17T09:49:55.092+0800: 16.157: [CMS2026-06-17T09:49:55.093+0800: 16.158: [CMS-concurrent-abortable-preclean: 0.000/0.095 secs] [Times: user=0.03 sys=0.01, real=0.10 secs] 
 (concurrent mode failure): 38330K->30923K(43712K), 0.0092623 secs] 57961K->30923K(63360K), [Metaspace: 2709K->2709K(1056768K)], 0.0123303 secs] [Times: user=0.01 sys=0.00, real=0.01 secs] 
2026-06-17T09:49:55.146+0800: 16.211: [GC (Allocation Failure) 2026-06-17T09:49:55.146+0800: 16.212: [ParNew: 17462K->2175K(19648K), 0.0175101 secs] 48385K->37861K(63360K), 0.0189439 secs] [Times: user=0.15 sys=0.00, real=0.02 secs] 
2026-06-17T09:49:55.166+0800: 16.231: [GC (CMS Initial Mark) [1 CMS-initial-mark: 35685K(43712K)] 40043K(63360K), 0.0017386 secs] [Times: user=0.00 sys=0.00, real=0.00 secs] 
2026-06-17T09:49:55.169+0800: 16.235: [CMS-concurrent-mark-start]
2026-06-17T09:49:55.170+0800: 16.235: [CMS-concurrent-mark: 0.000/0.000 secs] [Times: user=0.00 sys=0.00, real=0.00 secs] 
2026-06-17T09:49:55.170+0800: 16.235: [CMS-concurrent-preclean-start]
2026-06-17T09:49:55.170+0800: 16.236: [CMS-concurrent-preclean: 0.000/0.000 secs] [Times: user=0.00 sys=0.00, real=0.01 secs] 
2026-06-17T09:49:55.171+0800: 16.236: [CMS-concurrent-abortable-preclean-start]
2026-06-17T09:49:55.212+0800: 16.277: [GC (Allocation Failure) 2026-06-17T09:49:55.213+0800: 16.278: [ParNew: 19620K->2164K(19648K), 0.0111833 secs] 55306K->43369K(63360K), 0.0130599 secs] [Times: user=0.10 sys=0.00, real=0.01 secs] 
2026-06-17T09:49:55.280+0800: 16.345: [GC (Allocation Failure) 2026-06-17T09:49:55.281+0800: 16.346: [ParNew: 19609K->19609K(19648K), 0.0008928 secs]2026-06-17T09:49:55.283+0800: 16.348: [CMS2026-06-17T09:49:55.284+0800: 16.349: [CMS-concurrent-abortable-preclean: 0.000/0.113 secs] [Times: user=0.11 sys=0.00, real=0.11 secs] 
 (concurrent mode failure): 41205K->22019K(43712K), 0.0079816 secs] 60814K->22019K(63360K), [Metaspace: 2709K->2709K(1056768K)], 0.0115303 secs] [Times: user=0.01 sys=0.00, real=0.02 secs] 
2026-06-17T09:49:55.327+0800: 16.393: [GC (Allocation Failure) 2026-06-17T09:49:55.328+0800: 16.394: [ParNew: 17331K->2175K(19648K), 0.0089681 secs] 39351K->28600K(63360K), 0.0107164 secs] [Times: user=0.08 sys=0.00, real=0.01 secs] 
2026-06-17T09:49:55.394+0800: 16.459: [GC (Allocation Failure) 2026-06-17T09:49:55.396+0800: 16.461: [ParNew: 19609K->2166K(19648K), 0.0092837 secs] 46033K->32830K(63360K), 0.0114042 secs] [Times: user=0.09 sys=0.01, real=0.01 secs] 
2026-06-17T09:49:55.408+0800: 16.473: [GC (CMS Initial Mark) [1 CMS-initial-mark: 30664K(43712K)] 35001K(63360K), 0.0030666 secs] [Times: user=0.00 sys=0.00, real=0.01 secs] 
2026-06-17T09:49:55.413+0800: 16.478: [CMS-concurrent-mark-start]
2026-06-17T09:49:55.413+0800: 16.479: [CMS-concurrent-mark: 0.001/0.001 secs] [Times: user=0.00 sys=0.00, real=0.00 secs] 
2026-06-17T09:49:55.414+0800: 16.479: [CMS-concurrent-preclean-start]
2026-06-17T09:49:55.414+0800: 16.479: [CMS-concurrent-preclean: 0.000/0.000 secs] [Times: user=0.00 sys=0.00, real=0.00 secs] 
2026-06-17T09:49:55.415+0800: 16.480: [CMS-concurrent-abortable-preclean-start]
2026-06-17T09:49:55.455+0800: 16.520: [GC (Allocation Failure) 2026-06-17T09:49:55.456+0800: 16.521: [ParNew: 19634K->2174K(19648K), 0.0097984 secs] 50299K->36726K(63360K), 0.0111812 secs] [Times: user=0.11 sys=0.00, real=0.01 secs] 
2026-06-17T09:49:55.512+0800: 16.577: [GC (Allocation Failure) 2026-06-17T09:49:55.513+0800: 16.578: [ParNew: 19646K->2173K(19648K), 0.0125422 secs] 54198K->41107K(63360K), 0.0136784 secs] [Times: user=0.08 sys=0.00, real=0.01 secs] 
2026-06-17T09:49:55.569+0800: 16.635: [GC (Allocation Failure) 2026-06-17T09:49:55.570+0800: 16.635: [ParNew: 19645K->19645K(19648K), 0.0009129 secs]2026-06-17T09:49:55.572+0800: 16.637: [CMS2026-06-17T09:49:55.573+0800: 16.638: [CMS-concurrent-abortable-preclean: 0.000/0.158 secs] [Times: user=0.19 sys=0.00, real=0.16 secs] 
 (concurrent mode failure): 38933K->29328K(43712K), 0.0057697 secs] 58579K->29328K(63360K), [Metaspace: 2709K->2709K(1056768K)], 0.0088965 secs] [Times: user=0.01 sys=0.00, real=0.01 secs] 
2026-06-17T09:49:55.622+0800: 16.687: [GC (Allocation Failure) 2026-06-17T09:49:55.623+0800: 16.688: [ParNew: 17122K->2164K(19648K), 0.0083211 secs] 46450K->32624K(63360K), 0.0097823 secs] [Times: user=0.07 sys=0.01, real=0.02 secs] 
2026-06-17T09:49:55.675+0800: 16.740: [GC (Allocation Failure) 2026-06-17T09:49:55.675+0800: 16.740: [ParNew: 19636K->2167K(19648K), 0.0064000 secs] 50096K->39917K(63360K), 0.0074134 secs] [Times: user=0.06 sys=0.00, real=0.01 secs] 
2026-06-17T09:49:55.683+0800: 16.748: [GC (CMS Initial Mark) [1 CMS-initial-mark: 37749K(43712K)] 40392K(63360K), 0.0011780 secs] [Times: user=0.00 sys=0.00, real=0.00 secs] 
2026-06-17T09:49:55.685+0800: 16.750: [CMS-concurrent-mark-start]
2026-06-17T09:49:55.686+0800: 16.751: [CMS-concurrent-mark: 0.000/0.000 secs] [Times: user=0.01 sys=0.00, real=0.00 secs] 
2026-06-17T09:49:55.686+0800: 16.751: [CMS-concurrent-preclean-start]
2026-06-17T09:49:55.686+0800: 16.751: [CMS-concurrent-preclean: 0.000/0.000 secs] [Times: user=0.00 sys=0.00, real=0.00 secs] 
2026-06-17T09:49:55.687+0800: 16.752: [GC (CMS Final Remark) [YG occupancy: 2642 K (19648 K)]2026-06-17T09:49:55.687+0800: 16.752: [Rescan (parallel) , 0.0042786 secs]2026-06-17T09:49:55.692+0800: 16.757: [weak refs processing, 0.0005977 secs]2026-06-17T09:49:55.693+0800: 16.758: [class unloading, 0.0003453 secs]2026-06-17T09:49:55.694+0800: 16.759: [scrub symbol table, 0.0003449 secs]2026-06-17T09:49:55.695+0800: 16.760: [scrub string table, 0.0004817 secs][1 CMS-remark: 37749K(43712K)] 40392K(63360K), 0.0087718 secs] [Times: user=0.05 sys=0.00, real=0.01 secs] 
2026-06-17T09:49:55.696+0800: 16.762: [CMS-concurrent-sweep-start]
2026-06-17T09:49:55.697+0800: 16.762: [CMS-concurrent-sweep: 0.000/0.000 secs] [Times: user=0.00 sys=0.00, real=0.00 secs] 
2026-06-17T09:49:55.697+0800: 16.762: [CMS-concurrent-reset-start]
2026-06-17T09:49:55.697+0800: 16.762: [CMS-concurrent-reset: 0.000/0.000 secs] [Times: user=0.00 sys=0.00, real=0.00 secs] 
2026-06-17T09:49:55.738+0800: 16.803: [GC (Allocation Failure) 2026-06-17T09:49:55.739+0800: 16.804: [ParNew: 19628K->2167K(19648K), 0.0109138 secs] 44505K->29984K(63360K), 0.0126180 secs] [Times: user=0.13 sys=0.01, real=0.02 secs] 
2026-06-17T09:49:55.795+0800: 16.860: [GC (Allocation Failure) 2026-06-17T09:49:55.796+0800: 16.861: [ParNew: 19639K->2171K(19648K), 0.0130161 secs] 47456K->34544K(63360K), 0.0140134 secs] [Times: user=0.07 sys=0.00, real=0.01 secs] 
2026-06-17T09:49:55.810+0800: 16.875: [GC (CMS Initial Mark) [1 CMS-initial-mark: 32373K(43712K)] 36018K(63360K), 0.0015521 secs] [Times: user=0.00 sys=0.00, real=0.01 secs] 
2026-06-17T09:49:55.812+0800: 16.877: [CMS-concurrent-mark-start]
2026-06-17T09:49:55.813+0800: 16.878: [CMS-concurrent-mark: 0.001/0.001 secs] [Times: user=0.00 sys=0.00, real=0.00 secs] 
2026-06-17T09:49:55.813+0800: 16.878: [CMS-concurrent-preclean-start]
2026-06-17T09:49:55.813+0800: 16.878: [CMS-concurrent-preclean: 0.000/0.000 secs] [Times: user=0.00 sys=0.00, real=0.00 secs] 
2026-06-17T09:49:55.814+0800: 16.879: [GC (CMS Final Remark) [YG occupancy: 3645 K (19648 K)]2026-06-17T09:49:55.814+0800: 16.880: [Rescan (parallel) , 0.0084702 secs]2026-06-17T09:49:55.824+0800: 16.889: [weak refs processing, 0.0007439 secs]2026-06-17T09:49:55.825+0800: 16.890: [class unloading, 0.0006476 secs]2026-06-17T09:49:55.827+0800: 16.892: [scrub symbol table, 0.0005634 secs]2026-06-17T09:49:55.828+0800: 16.893: [scrub string table, 0.0005774 secs][1 CMS-remark: 32373K(43712K)] 36018K(63360K), 0.0146619 secs] [Times: user=0.08 sys=0.01, real=0.01 secs] 
2026-06-17T09:49:55.830+0800: 16.895: [CMS-concurrent-sweep-start]
2026-06-17T09:49:55.830+0800: 16.895: [CMS-concurrent-sweep: 0.000/0.000 secs] [Times: user=0.00 sys=0.00, real=0.00 secs] 
2026-06-17T09:49:55.831+0800: 16.896: [CMS-concurrent-reset-start]
2026-06-17T09:49:55.831+0800: 16.896: [CMS-concurrent-reset: 0.000/0.000 secs] [Times: user=0.00 sys=0.00, real=0.00 secs] 
2026-06-17T09:49:55.861+0800: 16.927: [GC (Allocation Failure) 2026-06-17T09:49:55.862+0800: 16.927: [ParNew: 19622K->2166K(19648K), 0.0100908 secs] 48765K->35504K(63360K), 0.0114418 secs] [Times: user=0.09 sys=0.00, real=0.02 secs] 
2026-06-17T09:49:55.875+0800: 16.940: [GC (CMS Initial Mark) [1 CMS-initial-mark: 33337K(43712K)] 36589K(63360K), 0.0016377 secs] [Times: user=0.00 sys=0.00, real=0.00 secs] 
2026-06-17T09:49:55.878+0800: 16.943: [CMS-concurrent-mark-start]
2026-06-17T09:49:55.878+0800: 16.943: [CMS-concurrent-mark: 0.000/0.000 secs] [Times: user=0.00 sys=0.00, real=0.00 secs] 
2026-06-17T09:49:55.879+0800: 16.944: [CMS-concurrent-preclean-start]
2026-06-17T09:49:55.879+0800: 16.944: [CMS-concurrent-preclean: 0.000/0.000 secs] [Times: user=0.00 sys=0.00, real=0.00 secs] 
2026-06-17T09:49:55.879+0800: 16.944: [GC (CMS Final Remark) [YG occupancy: 3558 K (19648 K)]2026-06-17T09:49:55.880+0800: 16.945: [Rescan (parallel) , 0.0093423 secs]2026-06-17T09:49:55.890+0800: 16.955: [weak refs processing, 0.0005486 secs]2026-06-17T09:49:55.891+0800: 16.956: [class unloading, 0.0004800 secs]2026-06-17T09:49:55.892+0800: 16.957: [scrub symbol table, 0.0006141 secs]2026-06-17T09:49:55.893+0800: 16.958: [scrub string table, 0.0004789 secs][1 CMS-remark: 33337K(43712K)] 36896K(63360K), 0.0143340 secs] [Times: user=0.11 sys=0.00, real=0.02 secs] 
2026-06-17T09:49:55.895+0800: 16.960: [CMS-concurrent-sweep-start]
2026-06-17T09:49:55.895+0800: 16.960: [CMS-concurrent-sweep: 0.000/0.000 secs] [Times: user=0.00 sys=0.00, real=0.00 secs] 
2026-06-17T09:49:55.895+0800: 16.960: [CMS-concurrent-reset-start]
2026-06-17T09:49:55.895+0800: 16.960: [CMS-concurrent-reset: 0.000/0.000 secs] [Times: user=0.00 sys=0.00, real=0.00 secs] 
2026-06-17T09:49:55.926+0800: 16.991: [GC (Allocation Failure) 2026-06-17T09:49:55.927+0800: 16.992: [ParNew: 19630K->2167K(19648K), 0.0064949 secs] 41928K->29200K(63360K), 0.0079167 secs] [Times: user=0.04 sys=0.01, real=0.01 secs] 
2026-06-17T09:49:55.979+0800: 17.044: [GC (Allocation Failure) 2026-06-17T09:49:55.980+0800: 17.045: [ParNew: 19614K->2174K(19648K), 0.0087089 secs] 46646K->34610K(63360K), 0.0106894 secs] [Times: user=0.10 sys=0.00, real=0.01 secs] 
2026-06-17T09:49:55.991+0800: 17.056: [GC (CMS Initial Mark) [1 CMS-initial-mark: 32435K(43712K)] 35495K(63360K), 0.0019242 secs] [Times: user=0.00 sys=0.00, real=0.00 secs] 
2026-06-17T09:49:55.994+0800: 17.059: [CMS-concurrent-mark-start]
2026-06-17T09:49:55.994+0800: 17.060: [CMS-concurrent-mark: 0.001/0.001 secs] [Times: user=0.00 sys=0.00, real=0.00 secs] 
2026-06-17T09:49:55.995+0800: 17.060: [CMS-concurrent-preclean-start]
2026-06-17T09:49:55.995+0800: 17.060: [CMS-concurrent-preclean: 0.000/0.000 secs] [Times: user=0.00 sys=0.00, real=0.00 secs] 
2026-06-17T09:49:55.996+0800: 17.061: [GC (CMS Final Remark) [YG occupancy: 3059 K (19648 K)]2026-06-17T09:49:55.996+0800: 17.061: [Rescan (parallel) , 0.0066382 secs]2026-06-17T09:49:56.003+0800: 17.068: [weak refs processing, 0.0005575 secs]2026-06-17T09:49:56.004+0800: 17.069: [class unloading, 0.0004684 secs]2026-06-17T09:49:56.005+0800: 17.070: [scrub symbol table, 0.0005849 secs]2026-06-17T09:49:56.006+0800: 17.071: [scrub string table, 0.0004737 secs][1 CMS-remark: 32435K(43712K)] 35495K(63360K), 0.0111444 secs] [Times: user=0.06 sys=0.00, real=0.01 secs] 
2026-06-17T09:49:56.008+0800: 17.073: [CMS-concurrent-sweep-start]
2026-06-17T09:49:56.008+0800: 17.074: [CMS-concurrent-sweep: 0.000/0.000 secs] [Times: user=0.00 sys=0.00, real=0.00 secs] 
2026-06-17T09:49:56.009+0800: 17.074: [CMS-concurrent-reset-start]
2026-06-17T09:49:56.009+0800: 17.074: [CMS-concurrent-reset: 0.000/0.000 secs] [Times: user=0.00 sys=0.00, real=0.00 secs] 
2026-06-17T09:49:56.051+0800: 17.116: [GC (Allocation Failure) 2026-06-17T09:49:56.052+0800: 17.117: [ParNew: 19646K->2169K(19648K), 0.0067982 secs] 48778K->33809K(63360K), 0.0083248 secs] [Times: user=0.03 sys=0.01, real=0.00 secs] 
2026-06-17T09:49:56.103+0800: 17.168: [GC (Allocation Failure) 2026-06-17T09:49:56.104+0800: 17.169: [ParNew: 19641K->2175K(19648K), 0.0100316 secs] 51281K->37773K(63360K), 0.0113441 secs] [Times: user=0.10 sys=0.00, real=0.01 secs] 
2026-06-17T09:49:56.116+0800: 17.181: [GC (CMS Initial Mark) [1 CMS-initial-mark: 35598K(43712K)] 40058K(63360K), 0.0018594 secs] [Times: user=0.00 sys=0.00, real=0.00 secs] 
2026-06-17T09:49:56.119+0800: 17.184: [CMS-concurrent-mark-start]
2026-06-17T09:49:56.119+0800: 17.185: [CMS-concurrent-mark: 0.000/0.000 secs] [Times: user=0.00 sys=0.00, real=0.00 secs] 
2026-06-17T09:49:56.120+0800: 17.185: [CMS-concurrent-preclean-start]
2026-06-17T09:49:56.120+0800: 17.185: [CMS-concurrent-preclean: 0.000/0.000 secs] [Times: user=0.00 sys=0.00, real=0.00 secs] 
2026-06-17T09:49:56.120+0800: 17.185: [CMS-concurrent-abortable-preclean-start]
2026-06-17T09:49:56.161+0800: 17.226: [GC (Allocation Failure) 2026-06-17T09:49:56.162+0800: 17.227: [ParNew: 19618K->2172K(19648K), 0.0098248 secs] 55216K->40874K(63360K), 0.0111573 secs] [Times: user=0.10 sys=0.00, real=0.02 secs] 
2026-06-17T09:49:56.215+0800: 17.280: [GC (Allocation Failure) 2026-06-17T09:49:56.216+0800: 17.281: [ParNew: 19644K->2174K(19648K), 0.0056127 secs] 58346K->45032K(63360K), 0.0074336 secs] [Times: user=0.05 sys=0.00, real=0.01 secs] 
2026-06-17T09:49:56.225+0800: 17.290: [CMS-concurrent-abortable-preclean: 0.000/0.104 secs] [Times: user=0.15 sys=0.00, real=0.11 secs] 
2026-06-17T09:49:56.226+0800: 17.291: [GC (CMS Final Remark) [YG occupancy: 4515 K (19648 K)]2026-06-17T09:49:56.226+0800: 17.291: [Rescan (parallel) , 0.0049822 secs]2026-06-17T09:49:56.232+0800: 17.297: [weak refs processing, 0.0007022 secs]2026-06-17T09:49:56.233+0800: 17.299: [class unloading, 0.0005578 secs]2026-06-17T09:49:56.234+0800: 17.300: [scrub symbol table, 0.0006419 secs]2026-06-17T09:49:56.236+0800: 17.301: [scrub string table, 0.0005183 secs][1 CMS-remark: 42857K(43712K)] 47373K(63360K), 0.0106773 secs] [Times: user=0.03 sys=0.01, real=0.01 secs] 
2026-06-17T09:49:56.237+0800: 17.302: [CMS-concurrent-sweep-start]
2026-06-17T09:49:56.237+0800: 17.302: [CMS-concurrent-sweep: 0.000/0.000 secs] [Times: user=0.00 sys=0.00, real=0.00 secs] 
2026-06-17T09:49:56.238+0800: 17.303: [CMS-concurrent-reset-start]
2026-06-17T09:49:56.238+0800: 17.303: [CMS-concurrent-reset: 0.000/0.000 secs] [Times: user=0.00 sys=0.00, real=0.00 secs] 
2026-06-17T09:49:56.269+0800: 17.334: [GC (Allocation Failure) 2026-06-17T09:49:56.269+0800: 17.334: [ParNew: 19646K->2174K(19648K), 0.0099044 secs] 50157K->38036K(63360K), 0.0110004 secs] [Times: user=0.09 sys=0.01, real=0.01 secs] 
2026-06-17T09:49:56.281+0800: 17.346: [GC (CMS Initial Mark) [1 CMS-initial-mark: 35862K(43712K)] 39355K(63360K), 0.0011853 secs] [Times: user=0.01 sys=0.00, real=0.01 secs] 
2026-06-17T09:49:56.283+0800: 17.348: [CMS-concurrent-mark-start]
2026-06-17T09:49:56.283+0800: 17.348: [CMS-concurrent-mark: 0.000/0.000 secs] [Times: user=0.00 sys=0.00, real=0.00 secs] 
2026-06-17T09:49:56.284+0800: 17.349: [CMS-concurrent-preclean-start]
2026-06-17T09:49:56.284+0800: 17.349: [CMS-concurrent-preclean: 0.000/0.000 secs] [Times: user=0.00 sys=0.00, real=0.00 secs] 
2026-06-17T09:49:56.284+0800: 17.349: [GC (CMS Final Remark) [YG occupancy: 3901 K (19648 K)]2026-06-17T09:49:56.284+0800: 17.349: [Rescan (parallel) , 0.0041206 secs]2026-06-17T09:49:56.289+0800: 17.354: [weak refs processing, 0.0005091 secs]2026-06-17T09:49:56.290+0800: 17.355: [class unloading, 0.0004848 secs]2026-06-17T09:49:56.291+0800: 17.356: [scrub symbol table, 0.0005451 secs]2026-06-17T09:49:56.292+0800: 17.357: [scrub string table, 0.0005439 secs][1 CMS-remark: 35862K(43712K)] 39764K(63360K), 0.0087602 secs] [Times: user=0.03 sys=0.00, real=0.01 secs] 
2026-06-17T09:49:56.294+0800: 17.359: [CMS-concurrent-sweep-start]
2026-06-17T09:49:56.294+0800: 17.359: [CMS-concurrent-sweep: 0.000/0.000 secs] [Times: user=0.00 sys=0.00, real=0.00 secs] 
2026-06-17T09:49:56.295+0800: 17.360: [CMS-concurrent-reset-start]
2026-06-17T09:49:56.295+0800: 17.360: [CMS-concurrent-reset: 0.000/0.000 secs] [Times: user=0.00 sys=0.00, real=0.00 secs] 
2026-06-17T09:49:56.325+0800: 17.391: [GC (Allocation Failure) 2026-06-17T09:49:56.326+0800: 17.391: [ParNew: 18872K->1354K(19648K), 0.0075953 secs] 42433K->26142K(63360K), 0.0087430 secs] [Times: user=0.07 sys=0.00, real=0.01 secs] 
2026-06-17T09:49:56.377+0800: 17.442: [GC (Allocation Failure) 2026-06-17T09:49:56.378+0800: 17.443: [ParNew: 18638K->2105K(19648K), 0.0110759 secs] 43426K->30059K(63360K), 0.0121681 secs] [Times: user=0.09 sys=0.00, real=0.01 secs] 
2026-06-17T09:49:56.443+0800: 17.508: [GC (Allocation Failure) 2026-06-17T09:49:56.444+0800: 17.509: [ParNew: 19577K->2148K(19648K), 0.0120849 secs] 47531K->33885K(63360K), 0.0138501 secs] [Times: user=0.11 sys=0.00, real=0.01 secs] 
2026-06-17T09:49:56.502+0800: 17.567: [GC (Allocation Failure) 2026-06-17T09:49:56.503+0800: 17.568: [ParNew: 19616K->2175K(19648K), 0.0095070 secs] 51353K->37855K(63360K), 0.0114579 secs] [Times: user=0.10 sys=0.01, real=0.02 secs] 
2026-06-17T09:49:56.516+0800: 17.581: [GC (CMS Initial Mark) [1 CMS-initial-mark: 35679K(43712K)] 40196K(63360K), 0.0036913 secs] [Times: user=0.00 sys=0.00, real=0.00 secs] 
2026-06-17T09:49:56.520+0800: 17.586: [CMS-concurrent-mark-start]
2026-06-17T09:49:56.521+0800: 17.586: [CMS-concurrent-mark: 0.001/0.001 secs] [Times: user=0.01 sys=0.00, real=0.00 secs] 
2026-06-17T09:49:56.522+0800: 17.587: [CMS-concurrent-preclean-start]
2026-06-17T09:49:56.522+0800: 17.587: [CMS-concurrent-preclean: 0.000/0.000 secs] [Times: user=0.00 sys=0.00, real=0.00 secs] 
2026-06-17T09:49:56.522+0800: 17.587: [CMS-concurrent-abortable-preclean-start]
2026-06-17T09:49:56.564+0800: 17.629: [GC (Allocation Failure) 2026-06-17T09:49:56.564+0800: 17.630: [ParNew: 19636K->2171K(19648K), 0.0097388 secs] 55315K->43809K(63360K), 0.0112269 secs] [Times: user=0.10 sys=0.00, real=0.01 secs] 
2026-06-17T09:49:56.576+0800: 17.642: [CMS-concurrent-abortable-preclean: 0.000/0.054 secs] [Times: user=0.10 sys=0.00, real=0.06 secs] 
2026-06-17T09:49:56.577+0800: 17.643: [GC (CMS Final Remark) [YG occupancy: 3510 K (19648 K)]2026-06-17T09:49:56.578+0800: 17.643: [Rescan (parallel) , 0.0045088 secs]2026-06-17T09:49:56.583+0800: 17.648: [weak refs processing, 0.0004751 secs]2026-06-17T09:49:56.584+0800: 17.649: [class unloading, 0.0005775 secs]2026-06-17T09:49:56.585+0800: 17.650: [scrub symbol table, 0.0006460 secs]2026-06-17T09:49:56.586+0800: 17.651: [scrub string table, 0.0005495 secs][1 CMS-remark: 41638K(43712K)] 45148K(63360K), 0.0099595 secs] [Times: user=0.03 sys=0.00, real=0.01 secs] 
2026-06-17T09:49:56.588+0800: 17.654: [CMS-concurrent-sweep-start]
2026-06-17T09:49:56.589+0800: 17.654: [CMS-concurrent-sweep: 0.000/0.000 secs] [Times: user=0.00 sys=0.00, real=0.00 secs] 
2026-06-17T09:49:56.589+0800: 17.654: [CMS-concurrent-reset-start]
2026-06-17T09:49:56.589+0800: 17.654: [CMS-concurrent-reset: 0.000/0.000 secs] [Times: user=0.00 sys=0.00, real=0.00 secs] 
2026-06-17T09:49:56.631+0800: 17.696: [GC (Allocation Failure) 2026-06-17T09:49:56.632+0800: 17.697: [ParNew: 19608K->2092K(19648K), 0.0101274 secs] 44655K->29853K(63360K), 0.0115560 secs] [Times: user=0.12 sys=0.00, real=0.01 secs] 
2026-06-17T09:49:56.687+0800: 17.752: [GC (Allocation Failure) 2026-06-17T09:49:56.687+0800: 17.752: [ParNew: 19535K->2138K(19648K), 0.0056087 secs] 47297K->33442K(63360K), 0.0069175 secs] [Times: user=0.03 sys=0.00, real=0.01 secs] 
2026-06-17T09:49:56.695+0800: 17.760: [GC (CMS Initial Mark) [1 CMS-initial-mark: 31303K(43712K)] 34984K(63360K), 0.0019626 secs] [Times: user=0.00 sys=0.00, real=0.00 secs] 
2026-06-17T09:49:56.698+0800: 17.763: [CMS-concurrent-mark-start]
2026-06-17T09:49:56.699+0800: 17.764: [CMS-concurrent-mark: 0.001/0.001 secs] [Times: user=0.01 sys=0.00, real=0.00 secs] 
2026-06-17T09:49:56.699+0800: 17.765: [CMS-concurrent-preclean-start]
2026-06-17T09:49:56.700+0800: 17.765: [CMS-concurrent-preclean: 0.000/0.000 secs] [Times: user=0.00 sys=0.00, real=0.00 secs] 
2026-06-17T09:49:56.700+0800: 17.765: [CMS-concurrent-abortable-preclean-start]
2026-06-17T09:49:56.741+0800: 17.807: [GC (Allocation Failure) 2026-06-17T09:49:56.742+0800: 17.807: [ParNew: 19602K->1980K(19648K), 0.0340040 secs] 50906K->36343K(63360K), 0.0351978 secs] [Times: user=0.28 sys=0.00, real=0.04 secs] 
2026-06-17T09:49:56.819+0800: 17.884: [GC (Allocation Failure) 2026-06-17T09:49:56.820+0800: 17.885: [ParNew: 19447K->2175K(19648K), 0.0100656 secs] 53810K->39650K(63360K), 0.0116127 secs] [Times: user=0.07 sys=0.01, real=0.02 secs] 
2026-06-17T09:49:56.875+0800: 17.940: [GC (Allocation Failure) 2026-06-17T09:49:56.876+0800: 17.941: [ParNew: 19623K->2175K(19648K), 0.0116262 secs] 57098K->45114K(63360K), 0.0131034 secs] [Times: user=0.12 sys=0.00, real=0.01 secs] 
2026-06-17T09:49:56.889+0800: 17.955: [CMS-concurrent-abortable-preclean: 0.000/0.189 secs] [Times: user=0.48 sys=0.01, real=0.19 secs] 
2026-06-17T09:49:56.890+0800: 17.955: [GC (CMS Final Remark) [YG occupancy: 4050 K (19648 K)]2026-06-17T09:49:56.891+0800: 17.956: [Rescan (parallel) , 0.0033977 secs]2026-06-17T09:49:56.894+0800: 17.959: [weak refs processing, 0.0004115 secs]2026-06-17T09:49:56.895+0800: 17.960: [class unloading, 0.0004614 secs]2026-06-17T09:49:56.896+0800: 17.961: [scrub symbol table, 0.0005456 secs]2026-06-17T09:49:56.897+0800: 17.962: [scrub string table, 0.0004814 secs][1 CMS-remark: 42938K(43712K)] 46989K(63360K), 0.0080244 secs] [Times: user=0.03 sys=0.00, real=0.01 secs] 
2026-06-17T09:49:56.899+0800: 17.964: [CMS-concurrent-sweep-start]
2026-06-17T09:49:56.899+0800: 17.964: [CMS-concurrent-sweep: 0.000/0.000 secs] [Times: user=0.00 sys=0.00, real=0.00 secs] 
2026-06-17T09:49:56.900+0800: 17.965: [CMS-concurrent-reset-start]
2026-06-17T09:49:56.900+0800: 17.965: [CMS-concurrent-reset: 0.000/0.000 secs] [Times: user=0.00 sys=0.00, real=0.00 secs] 
2026-06-17T09:49:56.932+0800: 17.997: [GC (Allocation Failure) 2026-06-17T09:49:56.933+0800: 17.998: [ParNew: 19647K->2169K(19648K), 0.0114869 secs] 48378K->35567K(63360K), 0.0136399 secs] [Times: user=0.09 sys=0.01, real=0.01 secs] 
2026-06-17T09:49:56.948+0800: 18.013: [GC (CMS Initial Mark) [1 CMS-initial-mark: 33397K(43712K)] 36146K(63360K), 0.0033537 secs] [Times: user=0.01 sys=0.00, real=0.01 secs] 
2026-06-17T09:49:56.953+0800: 18.018: [CMS-concurrent-mark-start]
2026-06-17T09:49:56.953+0800: 18.018: [CMS-concurrent-mark: 0.001/0.001 secs] [Times: user=0.00 sys=0.00, real=0.00 secs] 
2026-06-17T09:49:56.954+0800: 18.019: [CMS-concurrent-preclean-start]
2026-06-17T09:49:56.954+0800: 18.019: [CMS-concurrent-preclean: 0.000/0.000 secs] [Times: user=0.00 sys=0.00, real=0.00 secs] 
2026-06-17T09:49:56.955+0800: 18.020: [GC (CMS Final Remark) [YG occupancy: 2749 K (19648 K)]2026-06-17T09:49:56.955+0800: 18.020: [Rescan (parallel) , 0.0119058 secs]2026-06-17T09:49:56.968+0800: 18.033: [weak refs processing, 0.0004593 secs]2026-06-17T09:49:56.969+0800: 18.034: [class unloading, 0.0008927 secs]2026-06-17T09:49:56.970+0800: 18.035: [scrub symbol table, 0.0006865 secs]2026-06-17T09:49:56.971+0800: 18.037: [scrub string table, 0.0007988 secs][1 CMS-remark: 33397K(43712K)] 36146K(63360K), 0.0182982 secs] [Times: user=0.13 sys=0.00, real=0.02 secs] 
2026-06-17T09:49:56.975+0800: 18.040: [CMS-concurrent-sweep-start]
2026-06-17T09:49:56.975+0800: 18.040: [CMS-concurrent-sweep: 0.000/0.000 secs] [Times: user=0.00 sys=0.00, real=0.00 secs] 
2026-06-17T09:49:56.976+0800: 18.041: [CMS-concurrent-reset-start]
2026-06-17T09:49:56.976+0800: 18.041: [CMS-concurrent-reset: 0.000/0.000 secs] [Times: user=0.00 sys=0.00, real=0.00 secs] 
2026-06-17T09:49:57.007+0800: 18.072: [GC (Allocation Failure) 2026-06-17T09:49:57.007+0800: 18.072: [ParNew: 19637K->1931K(19648K), 0.0039310 secs] 41925K->26412K(63360K), 0.0050291 secs] [Times: user=0.03 sys=0.00, real=0.01 secs] 
2026-06-17T09:49:57.065+0800: 18.130: [GC (Allocation Failure) 2026-06-17T09:49:57.065+0800: 18.130: [ParNew: 19403K->2099K(19648K), 0.0050457 secs] 43884K->30147K(63360K), 0.0059136 secs] [Times: user=0.05 sys=0.01, real=0.01 secs] 
2026-06-17T09:49:57.113+0800: 18.178: [GC (Allocation Failure) 2026-06-17T09:49:57.113+0800: 18.178: [ParNew: 19571K->2168K(19648K), 0.0104099 secs] 47619K->33685K(63360K), 0.0108946 secs] [Times: user=0.06 sys=0.00, real=0.01 secs] 
2026-06-17T09:49:57.125+0800: 18.190: [GC (CMS Initial Mark) [1 CMS-initial-mark: 31516K(43712K)] 34231K(63360K), 0.0025793 secs] [Times: user=0.00 sys=0.00, real=0.00 secs] 
2026-06-17T09:49:57.128+0800: 18.193: [CMS-concurrent-mark-start]
2026-06-17T09:49:57.130+0800: 18.195: [CMS-concurrent-mark: 0.002/0.002 secs] [Times: user=0.01 sys=0.00, real=0.00 secs] 
2026-06-17T09:49:57.130+0800: 18.195: [CMS-concurrent-preclean-start]
2026-06-17T09:49:57.130+0800: 18.195: [CMS-concurrent-preclean: 0.000/0.000 secs] [Times: user=0.00 sys=0.00, real=0.00 secs] 
2026-06-17T09:49:57.131+0800: 18.196: [CMS-concurrent-abortable-preclean-start]
2026-06-17T09:49:57.170+0800: 18.235: [GC (Allocation Failure) 2026-06-17T09:49:57.170+0800: 18.235: [ParNew: 19624K->2174K(19648K), 0.0117002 secs] 51141K->38570K(63360K), 0.0127595 secs] [Times: user=0.14 sys=0.01, real=0.02 secs] 
2026-06-17T09:49:57.226+0800: 18.291: [GC (Allocation Failure) 2026-06-17T09:49:57.226+0800: 18.291: [ParNew: 19608K->2173K(19648K), 0.0023872 secs] 56003K->43036K(63360K), 0.0034877 secs] [Times: user=0.02 sys=0.00, real=0.00 secs] 
2026-06-17T09:49:57.272+0800: 18.337: [GC (Allocation Failure) 2026-06-17T09:49:57.273+0800: 18.338: [ParNew: 19619K->19619K(19648K), 0.0004460 secs]2026-06-17T09:49:57.273+0800: 18.338: [CMS2026-06-17T09:49:57.274+0800: 18.339: [CMS-concurrent-abortable-preclean: 0.000/0.143 secs] [Times: user=0.16 sys=0.01, real=0.14 secs] 
 (concurrent mode failure): 40862K->29406K(43712K), 0.0042980 secs] 60481K->29406K(63360K), [Metaspace: 2709K->2709K(1056768K)], 0.0062721 secs] [Times: user=0.00 sys=0.00, real=0.00 secs] 
2026-06-17T09:49:57.321+0800: 18.386: [GC (Allocation Failure) 2026-06-17T09:49:57.322+0800: 18.387: [ParNew: 17471K->2175K(19648K), 0.0092277 secs] 46878K->36710K(63360K), 0.0104876 secs] [Times: user=0.10 sys=0.00, real=0.02 secs] 
2026-06-17T09:49:57.332+0800: 18.397: [GC (CMS Initial Mark) [1 CMS-initial-mark: 34535K(43712K)] 37118K(63360K), 0.0014443 secs] [Times: user=0.00 sys=0.00, real=0.00 secs] 
2026-06-17T09:49:57.335+0800: 18.400: [CMS-concurrent-mark-start]
2026-06-17T09:49:57.335+0800: 18.400: [CMS-concurrent-mark: 0.000/0.000 secs] [Times: user=0.00 sys=0.00, real=0.00 secs] 
2026-06-17T09:49:57.336+0800: 18.401: [CMS-concurrent-preclean-start]
2026-06-17T09:49:57.336+0800: 18.401: [CMS-concurrent-preclean: 0.000/0.000 secs] [Times: user=0.00 sys=0.00, real=0.00 secs] 
2026-06-17T09:49:57.336+0800: 18.401: [GC (CMS Final Remark) [YG occupancy: 2583 K (19648 K)]2026-06-17T09:49:57.336+0800: 18.402: [Rescan (parallel) , 0.0049154 secs]2026-06-17T09:49:57.342+0800: 18.407: [weak refs processing, 0.0003953 secs]2026-06-17T09:49:57.342+0800: 18.408: [class unloading, 0.0007265 secs]2026-06-17T09:49:57.344+0800: 18.409: [scrub symbol table, 0.0005319 secs]2026-06-17T09:49:57.345+0800: 18.410: [scrub string table, 0.0005463 secs][1 CMS-remark: 34535K(43712K)] 37118K(63360K), 0.0094425 secs] [Times: user=0.04 sys=0.00, real=0.01 secs] 
2026-06-17T09:49:57.347+0800: 18.412: [CMS-concurrent-sweep-start]
2026-06-17T09:49:57.347+0800: 18.412: [CMS-concurrent-sweep: 0.000/0.000 secs] [Times: user=0.00 sys=0.00, real=0.00 secs] 
2026-06-17T09:49:57.348+0800: 18.413: [CMS-concurrent-reset-start]
2026-06-17T09:49:57.348+0800: 18.413: [CMS-concurrent-reset: 0.000/0.000 secs] [Times: user=0.00 sys=0.00, real=0.00 secs] 
2026-06-17T09:49:57.389+0800: 18.454: [GC (Allocation Failure) 2026-06-17T09:49:57.389+0800: 18.455: [ParNew: 19633K->2174K(19648K), 0.0051307 secs] 44584K->30626K(63360K), 0.0061963 secs] [Times: user=0.04 sys=0.00, real=0.01 secs] 
2026-06-17T09:49:57.438+0800: 18.503: [GC (Allocation Failure) 2026-06-17T09:49:57.438+0800: 18.503: [ParNew: 19625K->2174K(19648K), 0.0189535 secs] 48076K->34991K(63360K), 0.0198277 secs] [Times: user=0.17 sys=0.01, real=0.02 secs] 
2026-06-17T09:49:57.458+0800: 18.523: [GC (CMS Initial Mark) [1 CMS-initial-mark: 32817K(43712K)] 36635K(63360K), 0.0011584 secs] [Times: user=0.00 sys=0.00, real=0.00 secs] 
2026-06-17T09:49:57.460+0800: 18.525: [CMS-concurrent-mark-start]
2026-06-17T09:49:57.460+0800: 18.526: [CMS-concurrent-mark: 0.000/0.000 secs] [Times: user=0.00 sys=0.00, real=0.00 secs] 
2026-06-17T09:49:57.461+0800: 18.526: [CMS-concurrent-preclean-start]
2026-06-17T09:49:57.461+0800: 18.526: [CMS-concurrent-preclean: 0.000/0.000 secs] [Times: user=0.00 sys=0.00, real=0.00 secs] 
2026-06-17T09:49:57.461+0800: 18.527: [CMS-concurrent-abortable-preclean-start]
2026-06-17T09:49:57.502+0800: 18.567: [GC (Allocation Failure) 2026-06-17T09:49:57.503+0800: 18.568: [ParNew: 19646K->2174K(19648K), 0.0113898 secs] 52463K->38973K(63360K), 0.0130206 secs] [Times: user=0.10 sys=0.00, real=0.02 secs] 
2026-06-17T09:49:57.559+0800: 18.624: [GC (Allocation Failure) 2026-06-17T09:49:57.560+0800: 18.625: [ParNew: 19646K->2126K(19648K), 0.0165212 secs] 56445K->40781K(63360K), 0.0175961 secs] [Times: user=0.13 sys=0.00, real=0.02 secs] 
2026-06-17T09:49:57.621+0800: 18.686: [GC (Allocation Failure) 2026-06-17T09:49:57.622+0800: 18.687: [ParNew (promotion failed): 19589K->19637K(19648K), 0.0112148 secs]2026-06-17T09:49:57.634+0800: 18.699: [CMS2026-06-17T09:49:57.635+0800: 18.700: [CMS-concurrent-abortable-preclean: 0.000/0.173 secs] [Times: user=0.35 sys=0.00, real=0.18 secs] 
 (concurrent mode failure): 43546K->26712K(43712K), 0.0053617 secs] 58244K->26712K(63360K), [Metaspace: 2709K->2709K(1056768K)], 0.0191687 secs] [Times: user=0.11 sys=0.00, real=0.02 secs] 
2026-06-17T09:49:57.696+0800: 18.761: [GC (Allocation Failure) 2026-06-17T09:49:57.697+0800: 18.762: [ParNew: 17472K->2162K(19648K), 0.0090231 secs] 44184K->30478K(63360K), 0.0108141 secs] [Times: user=0.09 sys=0.00, real=0.01 secs] 
2026-06-17T09:49:57.753+0800: 18.818: [GC (Allocation Failure) 2026-06-17T09:49:57.754+0800: 18.819: [ParNew: 19634K->2173K(19648K), 0.0088856 secs] 47950K->34637K(63360K), 0.0109438 secs] [Times: user=0.08 sys=0.00, real=0.01 secs] 
2026-06-17T09:49:57.766+0800: 18.832: [GC (CMS Initial Mark) [1 CMS-initial-mark: 32463K(43712K)] 36660K(63360K), 0.0030230 secs] [Times: user=0.01 sys=0.00, real=0.00 secs] 
2026-06-17T09:49:57.771+0800: 18.836: [CMS-concurrent-mark-start]
2026-06-17T09:49:57.772+0800: 18.837: [CMS-concurrent-mark: 0.001/0.001 secs] [Times: user=0.00 sys=0.00, real=0.00 secs] 
2026-06-17T09:49:57.772+0800: 18.837: [CMS-concurrent-preclean-start]
2026-06-17T09:49:57.772+0800: 18.837: [CMS-concurrent-preclean: 0.000/0.000 secs] [Times: user=0.00 sys=0.00, real=0.00 secs] 
2026-06-17T09:49:57.773+0800: 18.838: [CMS-concurrent-abortable-preclean-start]
2026-06-17T09:49:57.814+0800: 18.879: [GC (Allocation Failure) 2026-06-17T09:49:57.815+0800: 18.880: [ParNew: 19645K->2174K(19648K), 0.0098698 secs] 52109K->38876K(63360K), 0.0114629 secs] [Times: user=0.08 sys=0.01, real=0.01 secs] 
2026-06-17T09:49:57.871+0800: 18.936: [GC (Allocation Failure) 2026-06-17T09:49:57.872+0800: 18.937: [ParNew: 19570K->2104K(19648K), 0.0055550 secs] 56273K->40967K(63360K), 0.0072657 secs] [Times: user=0.03 sys=0.00, real=0.00 secs] 
2026-06-17T09:49:57.933+0800: 18.998: [GC (Allocation Failure) 2026-06-17T09:49:57.934+0800: 18.999: [ParNew: 19558K->19558K(19648K), 0.0010378 secs]2026-06-17T09:49:57.935+0800: 19.000: [CMS2026-06-17T09:49:57.936+0800: 19.001: [CMS-concurrent-abortable-preclean: 0.000/0.163 secs] [Times: user=0.11 sys=0.01, real=0.16 secs] 
 (concurrent mode failure): 38862K->28639K(43712K), 0.0074792 secs] 58421K->28639K(63360K), [Metaspace: 2709K->2709K(1056768K)], 0.0104931 secs] [Times: user=0.01 sys=0.00, real=0.01 secs] 
2026-06-17T09:49:57.987+0800: 19.052: [GC (Allocation Failure) 2026-06-17T09:49:57.988+0800: 19.053: [ParNew: 17472K->2174K(19648K), 0.0192642 secs] 46111K->35242K(63360K), 0.0203270 secs] [Times: user=0.17 sys=0.00, real=0.02 secs] 
2026-06-17T09:49:58.008+0800: 19.074: [GC (CMS Initial Mark) [1 CMS-initial-mark: 33068K(43712K)] 37067K(63360K), 0.0012550 secs] [Times: user=0.00 sys=0.00, real=0.00 secs] 
2026-06-17T09:49:58.010+0800: 19.075: [CMS-concurrent-mark-start]
2026-06-17T09:49:58.011+0800: 19.076: [CMS-concurrent-mark: 0.000/0.000 secs] [Times: user=0.00 sys=0.00, real=0.01 secs] 
2026-06-17T09:49:58.011+0800: 19.076: [CMS-concurrent-preclean-start]
2026-06-17T09:49:58.011+0800: 19.076: [CMS-concurrent-preclean: 0.000/0.000 secs] [Times: user=0.00 sys=0.00, real=0.00 secs] 
2026-06-17T09:49:58.011+0800: 19.076: [CMS-concurrent-abortable-preclean-start]
2026-06-17T09:49:58.052+0800: 19.117: [GC (Allocation Failure) 2026-06-17T09:49:58.053+0800: 19.118: [ParNew: 19646K->2175K(19648K), 0.0093590 secs] 52714K->40286K(63360K), 0.0105796 secs] [Times: user=0.09 sys=0.02, real=0.01 secs] 
2026-06-17T09:49:58.106+0800: 19.171: [GC (Allocation Failure) 2026-06-17T09:49:58.107+0800: 19.172: [ParNew: 19616K->19616K(19648K), 0.0008412 secs]2026-06-17T09:49:58.108+0800: 19.173: [CMS2026-06-17T09:49:58.109+0800: 19.174: [CMS-concurrent-abortable-preclean: 0.000/0.098 secs] [Times: user=0.09 sys=0.02, real=0.09 secs] 
 (concurrent mode failure): 38111K->29485K(43712K), 0.0076795 secs] 57727K->29485K(63360K), [Metaspace: 2709K->2709K(1056768K)], 0.0106197 secs] [Times: user=0.01 sys=0.00, real=0.01 secs] 
2026-06-17T09:49:58.160+0800: 19.225: [GC (Allocation Failure) 2026-06-17T09:49:58.161+0800: 19.226: [ParNew: 17394K->2076K(19648K), 0.0117210 secs] 46880K->33160K(63360K), 0.0130112 secs] [Times: user=0.07 sys=0.00, real=0.02 secs] 
2026-06-17T09:49:58.228+0800: 19.293: [GC (Allocation Failure) 2026-06-17T09:49:58.229+0800: 19.294: [ParNew: 19548K->2172K(19648K), 0.0081709 secs] 50632K->36567K(63360K), 0.0099303 secs] [Times: user=0.06 sys=0.00, real=0.01 secs] 
2026-06-17T09:49:58.240+0800: 19.305: [GC (CMS Initial Mark) [1 CMS-initial-mark: 34394K(43712K)] 38578K(63360K), 0.0029702 secs] [Times: user=0.00 sys=0.00, real=0.01 secs] 
2026-06-17T09:49:58.244+0800: 19.309: [CMS-concurrent-mark-start]
2026-06-17T09:49:58.245+0800: 19.310: [CMS-concurrent-mark: 0.001/0.001 secs] [Times: user=0.00 sys=0.00, real=0.00 secs] 
2026-06-17T09:49:58.245+0800: 19.310: [CMS-concurrent-preclean-start]
2026-06-17T09:49:58.245+0800: 19.310: [CMS-concurrent-preclean: 0.000/0.000 secs] [Times: user=0.00 sys=0.00, real=0.00 secs] 
2026-06-17T09:49:58.246+0800: 19.311: [CMS-concurrent-abortable-preclean-start]
2026-06-17T09:49:58.287+0800: 19.352: [GC (Allocation Failure) 2026-06-17T09:49:58.288+0800: 19.353: [ParNew: 19639K->2175K(19648K), 0.0116367 secs] 54034K->40552K(63360K), 0.0134351 secs] [Times: user=0.13 sys=0.00, real=0.01 secs] 
2026-06-17T09:49:58.345+0800: 19.410: [GC (Allocation Failure) 2026-06-17T09:49:58.346+0800: 19.411: [ParNew: 19647K->19647K(19648K), 0.0007209 secs]2026-06-17T09:49:58.347+0800: 19.413: [CMS2026-06-17T09:49:58.348+0800: 19.413: [CMS-concurrent-abortable-preclean: 0.000/0.102 secs] [Times: user=0.14 sys=0.00, real=0.10 secs] 
 (concurrent mode failure): 38377K->30964K(43712K), 0.0053020 secs] 58024K->30964K(63360K), [Metaspace: 2709K->2709K(1056768K)], 0.0081941 secs] [Times: user=0.00 sys=0.00, real=0.01 secs] 
2026-06-17T09:49:58.408+0800: 19.473: [GC (Allocation Failure) 2026-06-17T09:49:58.409+0800: 19.474: [ParNew: 17418K->2174K(19648K), 0.0143745 secs] 48383K->34846K(63360K), 0.0157660 secs] [Times: user=0.09 sys=0.00, real=0.02 secs] 
2026-06-17T09:49:58.456+0800: 19.521: [GC (Allocation Failure) 2026-06-17T09:49:58.457+0800: 19.522: [ParNew: 19626K->2094K(19648K), 0.0119355 secs] 52298K->38026K(63360K), 0.0132477 secs] [Times: user=0.14 sys=0.00, real=0.01 secs] 
2026-06-17T09:49:58.471+0800: 19.536: [GC (CMS Initial Mark) [1 CMS-initial-mark: 35931K(43712K)] 38513K(63360K), 0.0015822 secs] [Times: user=0.01 sys=0.00, real=0.00 secs] 
2026-06-17T09:49:58.474+0800: 19.539: [CMS-concurrent-mark-start]
2026-06-17T09:49:58.474+0800: 19.539: [CMS-concurrent-mark: 0.000/0.000 secs] [Times: user=0.00 sys=0.00, real=0.00 secs] 
2026-06-17T09:49:58.475+0800: 19.540: [CMS-concurrent-preclean-start]
2026-06-17T09:49:58.475+0800: 19.540: [CMS-concurrent-preclean: 0.000/0.000 secs] [Times: user=0.00 sys=0.00, real=0.00 secs] 
2026-06-17T09:49:58.475+0800: 19.541: [GC (CMS Final Remark) [YG occupancy: 2581 K (19648 K)]2026-06-17T09:49:58.476+0800: 19.541: [Rescan (parallel) , 0.0043970 secs]2026-06-17T09:49:58.481+0800: 19.546: [weak refs processing, 0.0005164 secs]2026-06-17T09:49:58.482+0800: 19.547: [class unloading, 0.0004906 secs]2026-06-17T09:49:58.483+0800: 19.548: [scrub symbol table, 0.0006939 secs]2026-06-17T09:49:58.484+0800: 19.549: [scrub string table, 0.0005570 secs][1 CMS-remark: 35931K(43712K)] 38513K(63360K), 0.0098025 secs] [Times: user=0.03 sys=0.00, real=0.01 secs] 
2026-06-17T09:49:58.487+0800: 19.552: [CMS-concurrent-sweep-start]
2026-06-17T09:49:58.487+0800: 19.552: [CMS-concurrent-sweep: 0.000/0.000 secs] [Times: user=0.00 sys=0.00, real=0.00 secs] 
2026-06-17T09:49:58.487+0800: 19.552: [CMS-concurrent-reset-start]
2026-06-17T09:49:58.487+0800: 19.552: [CMS-concurrent-reset: 0.000/0.000 secs] [Times: user=0.00 sys=0.00, real=0.00 secs] 
2026-06-17T09:49:58.528+0800: 19.593: [GC (Allocation Failure) 2026-06-17T09:49:58.529+0800: 19.594: [ParNew: 19566K->2150K(19648K), 0.0035466 secs] 42979K->29317K(63360K), 0.0047773 secs] [Times: user=0.03 sys=0.01, real=0.01 secs] 
2026-06-17T09:49:58.576+0800: 19.641: [GC (Allocation Failure) 2026-06-17T09:49:58.576+0800: 19.641: [ParNew: 19622K->2175K(19648K), 0.0083539 secs] 46789K->32859K(63360K), 0.0089005 secs] [Times: user=0.08 sys=0.00, real=0.01 secs] 
2026-06-17T09:49:58.627+0800: 19.692: [GC (Allocation Failure) 2026-06-17T09:49:58.627+0800: 19.693: [ParNew: 19647K->2169K(19648K), 0.0077216 secs] 50331K->36952K(63360K), 0.0086349 secs] [Times: user=0.09 sys=0.00, real=0.01 secs] 
2026-06-17T09:49:58.637+0800: 19.702: [GC (CMS Initial Mark) [1 CMS-initial-mark: 34783K(43712K)] 38140K(63360K), 0.0012801 secs] [Times: user=0.00 sys=0.00, real=0.00 secs] 
2026-06-17T09:49:58.639+0800: 19.704: [CMS-concurrent-mark-start]
2026-06-17T09:49:58.639+0800: 19.704: [CMS-concurrent-mark: 0.000/0.000 secs] [Times: user=0.00 sys=0.00, real=0.00 secs] 
2026-06-17T09:49:58.639+0800: 19.705: [CMS-concurrent-preclean-start]
2026-06-17T09:49:58.640+0800: 19.705: [CMS-concurrent-preclean: 0.000/0.000 secs] [Times: user=0.00 sys=0.00, real=0.00 secs] 
2026-06-17T09:49:58.640+0800: 19.705: [CMS-concurrent-abortable-preclean-start]
2026-06-17T09:49:58.680+0800: 19.745: [GC (Allocation Failure) 2026-06-17T09:49:58.681+0800: 19.746: [ParNew: 19641K->2175K(19648K), 0.0019137 secs] 54424K->40875K(63360K), 0.0024045 secs] [Times: user=0.01 sys=0.00, real=0.01 secs] 
2026-06-17T09:49:58.725+0800: 19.790: [GC (Allocation Failure) 2026-06-17T09:49:58.726+0800: 19.791: [ParNew (promotion failed): 19620K->19614K(19648K), 0.0051947 secs]2026-06-17T09:49:58.731+0800: 19.796: [CMS2026-06-17T09:49:58.731+0800: 19.797: [CMS-concurrent-abortable-preclean: 0.000/0.092 secs] [Times: user=0.07 sys=0.00, real=0.10 secs] 
 (concurrent mode failure): 43506K->27893K(43712K), 0.0044061 secs] 58320K->27893K(63360K), [Metaspace: 2709K->2709K(1056768K)], 0.0106323 secs] [Times: user=0.06 sys=0.00, real=0.01 secs] 
2026-06-17T09:49:58.778+0800: 19.843: [GC (Allocation Failure) 2026-06-17T09:49:58.779+0800: 19.844: [ParNew: 17423K->2169K(19648K), 0.0035560 secs] 45316K->35091K(63360K), 0.0044559 secs] [Times: user=0.03 sys=0.01, real=0.01 secs] 
2026-06-17T09:49:58.783+0800: 19.849: [GC (CMS Initial Mark) [1 CMS-initial-mark: 32922K(43712K)] 36417K(63360K), 0.0011415 secs] [Times: user=0.00 sys=0.00, real=0.00 secs] 
2026-06-17T09:49:58.785+0800: 19.850: [CMS-concurrent-mark-start]
2026-06-17T09:49:58.786+0800: 19.851: [CMS-concurrent-mark: 0.000/0.000 secs] [Times: user=0.00 sys=0.00, real=0.00 secs] 
2026-06-17T09:49:58.786+0800: 19.851: [CMS-concurrent-preclean-start]
2026-06-17T09:49:58.786+0800: 19.851: [CMS-concurrent-preclean: 0.000/0.000 secs] [Times: user=0.00 sys=0.00, real=0.00 secs] 
2026-06-17T09:49:58.787+0800: 19.852: [GC (CMS Final Remark) [YG occupancy: 3495 K (19648 K)]2026-06-17T09:49:58.787+0800: 19.852: [Rescan (parallel) , 0.0024952 secs]2026-06-17T09:49:58.790+0800: 19.855: [weak refs processing, 0.0003842 secs]2026-06-17T09:49:58.791+0800: 19.856: [class unloading, 0.0005095 secs]2026-06-17T09:49:58.791+0800: 19.857: [scrub symbol table, 0.0005484 secs]2026-06-17T09:49:58.792+0800: 19.857: [scrub string table, 0.0004202 secs][1 CMS-remark: 32922K(43712K)] 36417K(63360K), 0.0065033 secs] [Times: user=0.02 sys=0.00, real=0.01 secs] 
2026-06-17T09:49:58.794+0800: 19.859: [CMS-concurrent-sweep-start]
2026-06-17T09:49:58.794+0800: 19.859: [CMS-concurrent-sweep: 0.000/0.000 secs] [Times: user=0.00 sys=0.00, real=0.00 secs] 
2026-06-17T09:49:58.794+0800: 19.859: [CMS-concurrent-reset-start]
2026-06-17T09:49:58.794+0800: 19.859: [CMS-concurrent-reset: 0.000/0.000 secs] [Times: user=0.00 sys=0.00, real=0.00 secs] 
2026-06-17T09:49:58.837+0800: 19.902: [GC (Allocation Failure) 2026-06-17T09:49:58.838+0800: 19.903: [ParNew: 19610K->1994K(19648K), 0.0095688 secs] 40280K->23995K(63360K), 0.0105689 secs] [Times: user=0.13 sys=0.00, real=0.01 secs] 
2026-06-17T09:49:58.890+0800: 19.955: [GC (Allocation Failure) 2026-06-17T09:49:58.891+0800: 19.956: [ParNew: 19456K->2068K(19648K), 0.0096830 secs] 41457K->27606K(63360K), 0.0107121 secs] [Times: user=0.10 sys=0.00, real=0.01 secs] 
2026-06-17T09:49:58.944+0800: 20.009: [GC (Allocation Failure) 2026-06-17T09:49:58.944+0800: 20.010: [ParNew: 19518K->2173K(19648K), 0.0055225 secs] 45056K->31112K(63360K), 0.0063041 secs] [Times: user=0.06 sys=0.01, real=0.01 secs] 
2026-06-17T09:49:58.993+0800: 20.058: [GC (Allocation Failure) 2026-06-17T09:49:58.993+0800: 20.058: [ParNew: 19609K->2174K(19648K), 0.0051273 secs] 48549K->35020K(63360K), 0.0062281 secs] [Times: user=0.05 sys=0.00, real=0.00 secs] 
2026-06-17T09:49:59.042+0800: 20.107: [GC (Allocation Failure) 2026-06-17T09:49:59.042+0800: 20.108: [ParNew: 19646K->2173K(19648K), 0.0039968 secs] 52492K->40324K(63360K), 0.0049480 secs] [Times: user=0.03 sys=0.00, real=0.01 secs] 
2026-06-17T09:49:59.048+0800: 20.113: [GC (CMS Initial Mark) [1 CMS-initial-mark: 38150K(43712K)] 41267K(63360K), 0.0010769 secs] [Times: user=0.00 sys=0.00, real=0.00 secs] 
2026-06-17T09:49:59.050+0800: 20.115: [CMS-concurrent-mark-start]
2026-06-17T09:49:59.050+0800: 20.115: [CMS-concurrent-mark: 0.000/0.000 secs] [Times: user=0.00 sys=0.00, real=0.00 secs] 
2026-06-17T09:49:59.051+0800: 20.116: [CMS-concurrent-preclean-start]
2026-06-17T09:49:59.051+0800: 20.116: [CMS-concurrent-preclean: 0.000/0.000 secs] [Times: user=0.00 sys=0.00, real=0.00 secs] 
2026-06-17T09:49:59.051+0800: 20.116: [GC (CMS Final Remark) [YG occupancy: 3830 K (19648 K)]2026-06-17T09:49:59.052+0800: 20.117: [Rescan (parallel) , 0.0077138 secs]2026-06-17T09:49:59.060+0800: 20.125: [weak refs processing, 0.0004698 secs]2026-06-17T09:49:59.061+0800: 20.126: [class unloading, 0.0005840 secs]2026-06-17T09:49:59.062+0800: 20.127: [scrub symbol table, 0.0006117 secs]2026-06-17T09:49:59.063+0800: 20.128: [scrub string table, 0.0006370 secs][1 CMS-remark: 38150K(43712K)] 41981K(63360K), 0.0129727 secs] [Times: user=0.10 sys=0.00, real=0.01 secs] 
2026-06-17T09:49:59.065+0800: 20.130: [CMS-concurrent-sweep-start]
2026-06-17T09:49:59.065+0800: 20.130: [CMS-concurrent-sweep: 0.000/0.000 secs] [Times: user=0.00 sys=0.00, real=0.00 secs] 
2026-06-17T09:49:59.066+0800: 20.131: [CMS-concurrent-reset-start]
2026-06-17T09:49:59.066+0800: 20.131: [CMS-concurrent-reset: 0.000/0.000 secs] [Times: user=0.00 sys=0.00, real=0.00 secs] 
2026-06-17T09:49:59.108+0800: 20.173: [GC (Allocation Failure) 2026-06-17T09:49:59.108+0800: 20.173: [ParNew: 19636K->2167K(19648K), 0.0094071 secs] 43557K->27356K(63360K), 0.0110777 secs] [Times: user=0.10 sys=0.00, real=0.01 secs] 
2026-06-17T09:49:59.153+0800: 20.218: [GC (Allocation Failure) 2026-06-17T09:49:59.154+0800: 20.219: [ParNew: 19522K->2084K(19648K), 0.0088562 secs] 44711K->30473K(63360K), 0.0105107 secs] [Times: user=0.08 sys=0.01, real=0.01 secs] 
2026-06-17T09:49:59.218+0800: 20.283: [GC (Allocation Failure) 2026-06-17T09:49:59.219+0800: 20.284: [ParNew: 19545K->2135K(19648K), 0.0122480 secs] 47934K->34531K(63360K), 0.0133986 secs] [Times: user=0.09 sys=0.00, real=0.02 secs] 
2026-06-17T09:49:59.276+0800: 20.341: [GC (Allocation Failure) 2026-06-17T09:49:59.277+0800: 20.342: [ParNew: 19607K->2168K(19648K), 0.0087498 secs] 52003K->37224K(63360K), 0.0105475 secs] [Times: user=0.07 sys=0.01, real=0.01 secs] 
2026-06-17T09:49:59.288+0800: 20.353: [GC (CMS Initial Mark) [1 CMS-initial-mark: 35056K(43712K)] 38687K(63360K), 0.0027720 secs] [Times: user=0.00 sys=0.00, real=0.01 secs] 
2026-06-17T09:49:59.293+0800: 20.358: [CMS-concurrent-mark-start]
2026-06-17T09:49:59.293+0800: 20.358: [CMS-concurrent-mark: 0.000/0.000 secs] [Times: user=0.00 sys=0.00, real=0.00 secs] 
2026-06-17T09:49:59.294+0800: 20.359: [CMS-concurrent-preclean-start]
2026-06-17T09:49:59.294+0800: 20.359: [CMS-concurrent-preclean: 0.000/0.000 secs] [Times: user=0.00 sys=0.00, real=0.00 secs] 
2026-06-17T09:49:59.294+0800: 20.359: [CMS-concurrent-abortable-preclean-start]
2026-06-17T09:49:59.335+0800: 20.400: [GC (Allocation Failure) 2026-06-17T09:49:59.336+0800: 20.401: [ParNew: 19626K->2150K(19648K), 0.0106177 secs] 54682K->41427K(63360K), 0.0122459 secs] [Times: user=0.11 sys=0.01, real=0.01 secs] 
2026-06-17T09:49:59.392+0800: 20.457: [GC (Allocation Failure) 2026-06-17T09:49:59.393+0800: 20.458: [ParNew: 19580K->19580K(19648K), 0.0019900 secs]2026-06-17T09:49:59.397+0800: 20.462: [CMS2026-06-17T09:49:59.399+0800: 20.464: [CMS-concurrent-abortable-preclean: 0.000/0.104 secs] [Times: user=0.11 sys=0.01, real=0.10 secs] 
 (concurrent mode failure): 39277K->24283K(43712K), 0.0086125 secs] 58857K->24283K(63360K), [Metaspace: 2709K->2709K(1056768K)], 0.0139211 secs] [Times: user=0.00 sys=0.00, real=0.01 secs] 
2026-06-17T09:49:59.450+0800: 20.515: [GC (Allocation Failure) 2026-06-17T09:49:59.450+0800: 20.515: [ParNew: 17226K->2174K(19648K), 0.0126753 secs] 41510K->27555K(63360K), 0.0207686 secs] [Times: user=0.08 sys=0.00, real=0.03 secs] 
2026-06-17T09:49:59.580+0800: 20.645: [GC (Allocation Failure) 2026-06-17T09:49:59.582+0800: 20.647: [ParNew: 19625K->2171K(19648K), 0.0216793 secs] 45006K->34284K(63360K), 0.0282616 secs] [Times: user=0.10 sys=0.00, real=0.03 secs] 
2026-06-17T09:49:59.610+0800: 20.675: [GC (CMS Initial Mark) [1 CMS-initial-mark: 32113K(43712K)] 34854K(63360K), 0.0030714 secs] [Times: user=0.01 sys=0.00, real=0.01 secs] 
2026-06-17T09:49:59.615+0800: 20.680: [CMS-concurrent-mark-start]
2026-06-17T09:49:59.615+0800: 20.681: [CMS-concurrent-mark: 0.001/0.001 secs] [Times: user=0.00 sys=0.00, real=0.00 secs] 
2026-06-17T09:49:59.616+0800: 20.681: [CMS-concurrent-preclean-start]
2026-06-17T09:49:59.616+0800: 20.681: [CMS-concurrent-preclean: 0.000/0.000 secs] [Times: user=0.00 sys=0.00, real=0.00 secs] 
2026-06-17T09:49:59.616+0800: 20.681: [GC (CMS Final Remark) [YG occupancy: 3241 K (19648 K)]2026-06-17T09:49:59.618+0800: 20.683: [Rescan (parallel) , 0.0142484 secs]2026-06-17T09:49:59.633+0800: 20.698: [weak refs processing, 0.0008256 secs]2026-06-17T09:49:59.634+0800: 20.699: [class unloading, 0.0007762 secs]2026-06-17T09:49:59.635+0800: 20.701: [scrub symbol table, 0.0005592 secs]2026-06-17T09:49:59.637+0800: 20.702: [scrub string table, 0.0007929 secs][1 CMS-remark: 32113K(43712K)] 35355K(63360K), 0.0217105 secs] [Times: user=0.12 sys=0.01, real=0.02 secs] 
2026-06-17T09:49:59.639+0800: 20.704: [CMS-concurrent-sweep-start]
2026-06-17T09:49:59.639+0800: 20.704: [CMS-concurrent-sweep: 0.000/0.000 secs] [Times: user=0.00 sys=0.00, real=0.00 secs] 
2026-06-17T09:49:59.640+0800: 20.705: [CMS-concurrent-reset-start]
2026-06-17T09:49:59.640+0800: 20.705: [CMS-concurrent-reset: 0.000/0.000 secs] [Times: user=0.00 sys=0.00, real=0.00 secs] 
2026-06-17T09:49:59.681+0800: 20.746: [GC (Allocation Failure) 2026-06-17T09:49:59.682+0800: 20.747: [ParNew: 19643K->2164K(19648K), 0.0091608 secs] 48152K->33146K(63360K), 0.0106559 secs] [Times: user=0.08 sys=0.00, real=0.02 secs] 
2026-06-17T09:49:59.726+0800: 20.791: [GC (Allocation Failure) 2026-06-17T09:49:59.727+0800: 20.792: [ParNew: 18585K->2151K(19648K), 0.0052929 secs] 49566K->35914K(63360K), 0.0071246 secs] [Times: user=0.03 sys=0.00, real=0.01 secs] 
2026-06-17T09:49:59.789+0800: 20.854: [GC (Allocation Failure) 2026-06-17T09:49:59.790+0800: 20.855: [ParNew: 19616K->2171K(19648K), 0.0068423 secs] 53379K->40343K(63360K), 0.0089655 secs] [Times: user=0.03 sys=0.00, real=0.01 secs] 
2026-06-17T09:49:59.800+0800: 20.866: [GC (CMS Initial Mark) [1 CMS-initial-mark: 38171K(43712K)] 42842K(63360K), 0.0042251 secs] [Times: user=0.00 sys=0.00, real=0.01 secs] 
2026-06-17T09:49:59.806+0800: 20.871: [CMS-concurrent-mark-start]
2026-06-17T09:49:59.807+0800: 20.872: [CMS-concurrent-mark: 0.001/0.001 secs] [Times: user=0.01 sys=0.00, real=0.00 secs] 
2026-06-17T09:49:59.807+0800: 20.872: [CMS-concurrent-preclean-start]
2026-06-17T09:49:59.807+0800: 20.873: [CMS-concurrent-preclean: 0.000/0.000 secs] [Times: user=0.00 sys=0.00, real=0.00 secs] 
2026-06-17T09:49:59.808+0800: 20.873: [CMS-concurrent-abortable-preclean-start]
2026-06-17T09:49:59.849+0800: 20.914: [GC (Allocation Failure) 2026-06-17T09:49:59.850+0800: 20.915: [ParNew: 19626K->19626K(19648K), 0.0007931 secs]2026-06-17T09:49:59.852+0800: 20.917: [CMS2026-06-17T09:49:59.853+0800: 20.918: [CMS-concurrent-abortable-preclean: 0.000/0.045 secs] [Times: user=0.00 sys=0.00, real=0.05 secs] 
 (concurrent mode failure): 38171K->31760K(43712K), 0.0086921 secs] 57797K->31760K(63360K), [Metaspace: 2709K->2709K(1056768K)], 0.0122387 secs] [Times: user=0.01 sys=0.00, real=0.01 secs] 
2026-06-17T09:49:59.908+0800: 20.973: [GC (Allocation Failure) 2026-06-17T09:49:59.909+0800: 20.974: [ParNew: 17443K->2169K(19648K), 0.0131671 secs] 49204K->39089K(63360K), 0.0161113 secs] [Times: user=0.08 sys=0.01, real=0.02 secs] 
2026-06-17T09:49:59.927+0800: 20.992: [GC (CMS Initial Mark) [1 CMS-initial-mark: 36920K(43712K)] 39548K(63360K), 0.0031694 secs] [Times: user=0.00 sys=0.00, real=0.00 secs] 
2026-06-17T09:49:59.930+0800: 20.996: [CMS-concurrent-mark-start]
2026-06-17T09:49:59.931+0800: 20.996: [CMS-concurrent-mark: 0.000/0.000 secs] [Times: user=0.00 sys=0.00, real=0.00 secs] 
2026-06-17T09:49:59.931+0800: 20.996: [CMS-concurrent-preclean-start]
2026-06-17T09:49:59.931+0800: 20.996: [CMS-concurrent-preclean: 0.000/0.000 secs] [Times: user=0.00 sys=0.00, real=0.00 secs] 
2026-06-17T09:49:59.931+0800: 20.996: [GC (CMS Final Remark) [YG occupancy: 2775 K (19648 K)]2026-06-17T09:49:59.931+0800: 20.997: [Rescan (parallel) , 0.0204937 secs]2026-06-17T09:49:59.952+0800: 21.018: [weak refs processing, 0.0003980 secs]2026-06-17T09:49:59.953+0800: 21.018: [class unloading, 0.0008562 secs]2026-06-17T09:49:59.955+0800: 21.020: [scrub symbol table, 0.0007171 secs]2026-06-17T09:49:59.956+0800: 21.021: [scrub string table, 0.0006483 secs][1 CMS-remark: 36920K(43712K)] 39695K(63360K), 0.0259987 secs] [Times: user=0.23 sys=0.01, real=0.02 secs] 
2026-06-17T09:49:59.959+0800: 21.024: [CMS-concurrent-sweep-start]
2026-06-17T09:49:59.959+0800: 21.024: [CMS-concurrent-sweep: 0.000/0.000 secs] [Times: user=0.00 sys=0.00, real=0.00 secs] 
2026-06-17T09:49:59.959+0800: 21.025: [CMS-concurrent-reset-start]
2026-06-17T09:49:59.960+0800: 21.025: [CMS-concurrent-reset: 0.000/0.000 secs] [Times: user=0.00 sys=0.00, real=0.00 secs] 
2026-06-17T09:49:59.990+0800: 21.056: [GC (Allocation Failure) 2026-06-17T09:49:59.991+0800: 21.056: [ParNew: 18524K->1738K(19648K), 0.0093285 secs] 43585K->27762K(63360K), 0.0108016 secs] [Times: user=0.09 sys=0.00, real=0.01 secs] 
2026-06-17T09:50:00.045+0800: 21.110: [GC (Allocation Failure) 2026-06-17T09:50:00.046+0800: 21.111: [ParNew: 19210K->2175K(19648K), 0.0081684 secs] 45234K->34360K(63360K), 0.0094299 secs] [Times: user=0.06 sys=0.00, real=0.01 secs] 
2026-06-17T09:50:00.056+0800: 21.121: [GC (CMS Initial Mark) [1 CMS-initial-mark: 32185K(43712K)] 36207K(63360K), 0.0017114 secs] [Times: user=0.00 sys=0.00, real=0.00 secs] 
2026-06-17T09:50:00.059+0800: 21.124: [CMS-concurrent-mark-start]
2026-06-17T09:50:00.060+0800: 21.125: [CMS-concurrent-mark: 0.000/0.000 secs] [Times: user=0.00 sys=0.00, real=0.00 secs] 
2026-06-17T09:50:00.060+0800: 21.125: [CMS-concurrent-preclean-start]
2026-06-17T09:50:00.060+0800: 21.125: [CMS-concurrent-preclean: 0.000/0.000 secs] [Times: user=0.00 sys=0.00, real=0.00 secs] 
2026-06-17T09:50:00.061+0800: 21.126: [CMS-concurrent-abortable-preclean-start]
2026-06-17T09:50:00.102+0800: 21.168: [GC (Allocation Failure) 2026-06-17T09:50:00.104+0800: 21.169: [ParNew: 19635K->2169K(19648K), 0.0080725 secs] 51820K->40965K(63360K), 0.0100144 secs] [Times: user=0.09 sys=0.00, real=0.02 secs] 
2026-06-17T09:50:00.168+0800: 21.234: [GC (Allocation Failure) 2026-06-17T09:50:00.169+0800: 21.234: [ParNew: 19641K->19641K(19648K), 0.0005358 secs]2026-06-17T09:50:00.170+0800: 21.235: [CMS2026-06-17T09:50:00.171+0800: 21.236: [CMS-concurrent-abortable-preclean: 0.000/0.110 secs] [Times: user=0.09 sys=0.00, real=0.12 secs] 
 (concurrent mode failure): 38796K->21024K(43712K), 0.0055651 secs] 58437K->21024K(63360K), [Metaspace: 2709K->2709K(1056768K)], 0.0083387 secs] [Times: user=0.00 sys=0.00, real=0.01 secs] 
2026-06-17T09:50:00.221+0800: 21.286: [GC (Allocation Failure) 2026-06-17T09:50:00.222+0800: 21.287: [ParNew: 17468K->2170K(19648K), 0.0100528 secs] 38493K->28184K(63360K), 0.0117027 secs] [Times: user=0.06 sys=0.00, real=0.02 secs] 
2026-06-17T09:50:00.277+0800: 21.342: [GC (Allocation Failure) 2026-06-17T09:50:00.278+0800: 21.343: [ParNew: 19596K->2170K(19648K), 0.0094864 secs] 45611K->32139K(63360K), 0.0112794 secs] [Times: user=0.09 sys=0.00, real=0.01 secs] 
2026-06-17T09:50:00.333+0800: 21.398: [GC (Allocation Failure) 2026-06-17T09:50:00.335+0800: 21.400: [ParNew: 19630K->2174K(19648K), 0.0085471 secs] 49598K->37048K(63360K), 0.0104593 secs] [Times: user=0.10 sys=0.00, real=0.01 secs] 
2026-06-17T09:50:00.345+0800: 21.410: [GC (CMS Initial Mark) [1 CMS-initial-mark: 34873K(43712K)] 38052K(63360K), 0.0018658 secs] [Times: user=0.00 sys=0.00, real=0.00 secs] 
2026-06-17T09:50:00.348+0800: 21.413: [CMS-concurrent-mark-start]
2026-06-17T09:50:00.348+0800: 21.413: [CMS-concurrent-mark: 0.000/0.000 secs] [Times: user=0.00 sys=0.00, real=0.00 secs] 
2026-06-17T09:50:00.349+0800: 21.414: [CMS-concurrent-preclean-start]
2026-06-17T09:50:00.349+0800: 21.414: [CMS-concurrent-preclean: 0.000/0.000 secs] [Times: user=0.00 sys=0.00, real=0.00 secs] 
2026-06-17T09:50:00.349+0800: 21.414: [CMS-concurrent-abortable-preclean-start]
2026-06-17T09:50:00.391+0800: 21.456: [GC (Allocation Failure) 2026-06-17T09:50:00.392+0800: 21.457: [ParNew: 19627K->2167K(19648K), 0.0054999 secs] 54501K->42792K(63360K), 0.0073048 secs] [Times: user=0.03 sys=0.00, real=0.00 secs] 
2026-06-17T09:50:00.454+0800: 21.519: [GC (Allocation Failure) 2026-06-17T09:50:00.455+0800: 21.520: [ParNew: 19627K->19627K(19648K), 0.0010423 secs]2026-06-17T09:50:00.457+0800: 21.522: [CMS2026-06-17T09:50:00.458+0800: 21.523: [CMS-concurrent-abortable-preclean: 0.000/0.108 secs] [Times: user=0.03 sys=0.00, real=0.11 secs] 
 (concurrent mode failure): 40625K->25318K(43712K), 0.0090422 secs] 60253K->25318K(63360K), [Metaspace: 2709K->2709K(1056768K)], 0.0129098 secs] [Times: user=0.01 sys=0.00, real=0.01 secs] 
2026-06-17T09:50:00.501+0800: 21.566: [GC (Allocation Failure) 2026-06-17T09:50:00.502+0800: 21.567: [ParNew: 17313K->2173K(19648K), 0.0117589 secs] 42631K->31881K(63360K), 0.0136246 secs] [Times: user=0.11 sys=0.00, real=0.02 secs] 
2026-06-17T09:50:00.570+0800: 21.635: [GC (Allocation Failure) 2026-06-17T09:50:00.571+0800: 21.636: [ParNew: 19624K->2175K(19648K), 0.0112429 secs] 49333K->36105K(63360K), 0.0130081 secs] [Times: user=0.13 sys=0.01, real=0.02 secs] 
2026-06-17T09:50:00.585+0800: 21.650: [GC (CMS Initial Mark) [1 CMS-initial-mark: 33929K(43712K)] 38372K(63360K), 0.0028048 secs] [Times: user=0.00 sys=0.00, real=0.00 secs] 
2026-06-17T09:50:00.589+0800: 21.654: [CMS-concurrent-mark-start]
2026-06-17T09:50:00.590+0800: 21.655: [CMS-concurrent-mark: 0.001/0.001 secs] [Times: user=0.00 sys=0.00, real=0.00 secs] 
2026-06-17T09:50:00.590+0800: 21.655: [CMS-concurrent-preclean-start]
2026-06-17T09:50:00.590+0800: 21.656: [CMS-concurrent-preclean: 0.000/0.000 secs] [Times: user=0.00 sys=0.00, real=0.00 secs] 
2026-06-17T09:50:00.591+0800: 21.656: [CMS-concurrent-abortable-preclean-start]
2026-06-17T09:50:00.632+0800: 21.697: [GC (Allocation Failure) 2026-06-17T09:50:00.633+0800: 21.698: [ParNew: 19647K->2174K(19648K), 0.0061470 secs] 53577K->39962K(63360K), 0.0079566 secs] [Times: user=0.03 sys=0.00, real=0.00 secs] 
2026-06-17T09:50:00.685+0800: 21.751: [GC (Allocation Failure) 2026-06-17T09:50:00.687+0800: 21.752: [ParNew: 19627K->2165K(19648K), 0.0146579 secs] 57416K->45416K(63360K), 0.0167987 secs] [Times: user=0.09 sys=0.00, real=0.02 secs] 
2026-06-17T09:50:00.704+0800: 21.769: [CMS-concurrent-abortable-preclean: 0.000/0.113 secs] [Times: user=0.13 sys=0.00, real=0.11 secs] 
2026-06-17T09:50:00.704+0800: 21.769: [GC (CMS Final Remark) [YG occupancy: 3184 K (19648 K)]2026-06-17T09:50:00.705+0800: 21.770: [Rescan (parallel) , 0.0102564 secs]2026-06-17T09:50:00.716+0800: 21.781: [weak refs processing, 0.0003939 secs]2026-06-17T09:50:00.717+0800: 21.782: [class unloading, 0.0009080 secs]2026-06-17T09:50:00.718+0800: 21.783: [scrub symbol table, 0.0009287 secs]2026-06-17T09:50:00.720+0800: 21.785: [scrub string table, 0.0008672 secs][1 CMS-remark: 43250K(43712K)] 46435K(63360K), 0.0174571 secs] [Times: user=0.09 sys=0.00, real=0.01 secs] 
2026-06-17T09:50:00.723+0800: 21.788: [CMS-concurrent-sweep-start]
2026-06-17T09:50:00.723+0800: 21.788: [CMS-concurrent-sweep: 0.000/0.000 secs] [Times: user=0.00 sys=0.00, real=0.00 secs] 
2026-06-17T09:50:00.724+0800: 21.789: [CMS-concurrent-reset-start]
2026-06-17T09:50:00.724+0800: 21.789: [CMS-concurrent-reset: 0.000/0.000 secs] [Times: user=0.00 sys=0.00, real=0.00 secs] 
2026-06-17T09:50:00.755+0800: 21.820: [GC (Allocation Failure) 2026-06-17T09:50:00.756+0800: 21.821: [ParNew: 19618K->2175K(19648K), 0.0088110 secs] 49439K->37031K(63360K), 0.0103770 secs] [Times: user=0.10 sys=0.01, real=0.01 secs] 
2026-06-17T09:50:00.767+0800: 21.832: [GC (CMS Initial Mark) [1 CMS-initial-mark: 34855K(43712K)] 38223K(63360K), 0.0018172 secs] [Times: user=0.00 sys=0.00, real=0.00 secs] 
2026-06-17T09:50:00.770+0800: 21.835: [CMS-concurrent-mark-start]
2026-06-17T09:50:00.771+0800: 21.836: [CMS-concurrent-mark: 0.001/0.001 secs] [Times: user=0.00 sys=0.00, real=0.01 secs] 
2026-06-17T09:50:00.771+0800: 21.837: [CMS-concurrent-preclean-start]
2026-06-17T09:50:00.772+0800: 21.837: [CMS-concurrent-preclean: 0.000/0.000 secs] [Times: user=0.00 sys=0.00, real=0.00 secs] 
2026-06-17T09:50:00.772+0800: 21.837: [GC (CMS Final Remark) [YG occupancy: 3367 K (19648 K)]2026-06-17T09:50:00.773+0800: 21.838: [Rescan (parallel) , 0.0069332 secs]2026-06-17T09:50:00.780+0800: 21.845: [weak refs processing, 0.0005115 secs]2026-06-17T09:50:00.781+0800: 21.846: [class unloading, 0.0006756 secs]2026-06-17T09:50:00.782+0800: 21.848: [scrub symbol table, 0.0007678 secs]2026-06-17T09:50:00.784+0800: 21.849: [scrub string table, 0.0006500 secs][1 CMS-remark: 34855K(43712K)] 38223K(63360K), 0.0126243 secs] [Times: user=0.05 sys=0.01, real=0.01 secs] 
2026-06-17T09:50:00.786+0800: 21.851: [CMS-concurrent-sweep-start]
2026-06-17T09:50:00.786+0800: 21.851: [CMS-concurrent-sweep: 0.000/0.000 secs] [Times: user=0.00 sys=0.00, real=0.00 secs] 
2026-06-17T09:50:00.787+0800: 21.852: [CMS-concurrent-reset-start]
2026-06-17T09:50:00.787+0800: 21.852: [CMS-concurrent-reset: 0.000/0.000 secs] [Times: user=0.00 sys=0.00, real=0.00 secs] 
2026-06-17T09:50:00.818+0800: 21.884: [GC (Allocation Failure) 2026-06-17T09:50:00.819+0800: 21.885: [ParNew: 19520K->2130K(19648K), 0.0074417 secs] 50733K->35413K(63360K), 0.0090322 secs] [Times: user=0.05 sys=0.00, real=0.01 secs] 
2026-06-17T09:50:00.828+0800: 21.894: [GC (CMS Initial Mark) [1 CMS-initial-mark: 33283K(43712K)] 36662K(63360K), 0.0012148 secs] [Times: user=0.00 sys=0.00, real=0.00 secs] 
2026-06-17T09:50:00.831+0800: 21.896: [CMS-concurrent-mark-start]
2026-06-17T09:50:00.831+0800: 21.896: [CMS-concurrent-mark: 0.000/0.000 secs] [Times: user=0.00 sys=0.00, real=0.00 secs] 
2026-06-17T09:50:00.831+0800: 21.897: [CMS-concurrent-preclean-start]
2026-06-17T09:50:00.831+0800: 21.897: [CMS-concurrent-preclean: 0.000/0.000 secs] [Times: user=0.00 sys=0.00, real=0.00 secs] 
2026-06-17T09:50:00.832+0800: 21.897: [GC (CMS Final Remark) [YG occupancy: 3639 K (19648 K)]2026-06-17T09:50:00.832+0800: 21.897: [Rescan (parallel) , 0.0041781 secs]2026-06-17T09:50:00.837+0800: 21.902: [weak refs processing, 0.0003804 secs]2026-06-17T09:50:00.838+0800: 21.903: [class unloading, 0.0006352 secs]2026-06-17T09:50:00.839+0800: 21.904: [scrub symbol table, 0.0006246 secs]2026-06-17T09:50:00.840+0800: 21.905: [scrub string table, 0.0003536 secs][1 CMS-remark: 33283K(43712K)] 36923K(63360K), 0.0087043 secs] [Times: user=0.03 sys=0.00, real=0.00 secs] 
2026-06-17T09:50:00.842+0800: 21.907: [CMS-concurrent-sweep-start]
2026-06-17T09:50:00.842+0800: 21.907: [CMS-concurrent-sweep: 0.000/0.000 secs] [Times: user=0.00 sys=0.00, real=0.00 secs] 
2026-06-17T09:50:00.842+0800: 21.907: [CMS-concurrent-reset-start]
2026-06-17T09:50:00.842+0800: 21.907: [CMS-concurrent-reset: 0.000/0.000 secs] [Times: user=0.00 sys=0.00, real=0.00 secs] 
2026-06-17T09:50:00.884+0800: 21.949: [GC (Allocation Failure) 2026-06-17T09:50:00.885+0800: 21.950: [ParNew: 19578K->2160K(19648K), 0.0248247 secs] 41063K->27255K(63360K), 0.0265340 secs] [Times: user=0.25 sys=0.00, real=0.03 secs] 
2026-06-17T09:50:00.954+0800: 22.019: [GC (Allocation Failure) 2026-06-17T09:50:00.955+0800: 22.020: [ParNew: 19620K->2170K(19648K), 0.0073484 secs] 44715K->31257K(63360K), 0.0087928 secs] [Times: user=0.05 sys=0.00, real=0.01 secs] 
2026-06-17T09:50:01.007+0800: 22.072: [GC (Allocation Failure) 2026-06-17T09:50:01.008+0800: 22.073: [ParNew: 19641K->2166K(19648K), 0.0070711 secs] 48729K->35967K(63360K), 0.0086601 secs] [Times: user=0.03 sys=0.01, real=0.01 secs] 
2026-06-17T09:50:01.018+0800: 22.083: [GC (CMS Initial Mark) [1 CMS-initial-mark: 33801K(43712K)] 37346K(63360K), 0.0025805 secs] [Times: user=0.01 sys=0.00, real=0.00 secs] 
2026-06-17T09:50:01.022+0800: 22.087: [CMS-concurrent-mark-start]
2026-06-17T09:50:01.022+0800: 22.087: [CMS-concurrent-mark: 0.001/0.001 secs] [Times: user=0.00 sys=0.00, real=0.00 secs] 
2026-06-17T09:50:01.023+0800: 22.088: [CMS-concurrent-preclean-start]
2026-06-17T09:50:01.023+0800: 22.088: [CMS-concurrent-preclean: 0.000/0.000 secs] [Times: user=0.00 sys=0.00, real=0.00 secs] 
2026-06-17T09:50:01.023+0800: 22.088: [CMS-concurrent-abortable-preclean-start]
2026-06-17T09:50:01.064+0800: 22.130: [GC (Allocation Failure) 2026-06-17T09:50:01.065+0800: 22.130: [ParNew: 19631K->2173K(19648K), 0.0301016 secs] 53433K->39653K(63360K), 0.0328378 secs] [Times: user=0.32 sys=0.01, real=0.03 secs] 
2026-06-17T09:50:01.141+0800: 22.206: [GC (Allocation Failure) 2026-06-17T09:50:01.142+0800: 22.207: [ParNew: 19645K->2169K(19648K), 0.0109674 secs] 57125K->43876K(63360K), 0.0124945 secs] [Times: user=0.09 sys=0.00, real=0.02 secs] 
2026-06-17T09:50:01.155+0800: 22.221: [CMS-concurrent-abortable-preclean: 0.000/0.132 secs] [Times: user=0.41 sys=0.01, real=0.13 secs] 
2026-06-17T09:50:01.157+0800: 22.222: [GC (CMS Final Remark) [YG occupancy: 4328 K (19648 K)]2026-06-17T09:50:01.157+0800: 22.222: [Rescan (parallel) , 0.0051669 secs]2026-06-17T09:50:01.163+0800: 22.228: [weak refs processing, 0.0005512 secs]2026-06-17T09:50:01.164+0800: 22.229: [class unloading, 0.0007433 secs]2026-06-17T09:50:01.165+0800: 22.230: [scrub symbol table, 0.0006471 secs]2026-06-17T09:50:01.166+0800: 22.231: [scrub string table, 0.0004953 secs][1 CMS-remark: 41706K(43712K)] 46035K(63360K), 0.0104205 secs] [Times: user=0.03 sys=0.00, real=0.01 secs] 
2026-06-17T09:50:01.168+0800: 22.233: [CMS-concurrent-sweep-start]
2026-06-17T09:50:01.168+0800: 22.233: [CMS-concurrent-sweep: 0.000/0.000 secs] [Times: user=0.00 sys=0.00, real=0.00 secs] 
2026-06-17T09:50:01.168+0800: 22.233: [CMS-concurrent-reset-start]
2026-06-17T09:50:01.168+0800: 22.234: [CMS-concurrent-reset: 0.000/0.000 secs] [Times: user=0.00 sys=0.00, real=0.00 secs] 
2026-06-17T09:50:01.210+0800: 22.275: [GC (Allocation Failure) 2026-06-17T09:50:01.211+0800: 22.276: [ParNew: 19641K->2076K(19648K), 0.0090299 secs] 50077K->35017K(63360K), 0.0103575 secs] [Times: user=0.11 sys=0.00, real=0.01 secs] 
2026-06-17T09:50:01.222+0800: 22.287: [GC (CMS Initial Mark) [1 CMS-initial-mark: 32941K(43712K)] 37436K(63360K), 0.0023376 secs] [Times: user=0.00 sys=0.00, real=0.01 secs] 
2026-06-17T09:50:01.226+0800: 22.291: [CMS-concurrent-mark-start]
2026-06-17T09:50:01.226+0800: 22.291: [CMS-concurrent-mark: 0.001/0.001 secs] [Times: user=0.00 sys=0.00, real=0.00 secs] 
2026-06-17T09:50:01.227+0800: 22.292: [CMS-concurrent-preclean-start]
2026-06-17T09:50:01.227+0800: 22.292: [CMS-concurrent-preclean: 0.000/0.000 secs] [Times: user=0.00 sys=0.00, real=0.00 secs] 
2026-06-17T09:50:01.227+0800: 22.293: [CMS-concurrent-abortable-preclean-start]
2026-06-17T09:50:01.268+0800: 22.334: [GC (Allocation Failure) 2026-06-17T09:50:01.269+0800: 22.334: [ParNew: 19536K->2141K(19648K), 0.0066354 secs] 52478K->38499K(63360K), 0.0083752 secs] [Times: user=0.03 sys=0.01, real=0.01 secs] 
2026-06-17T09:50:01.312+0800: 22.377: [GC (Allocation Failure) 2026-06-17T09:50:01.313+0800: 22.378: [ParNew: 19467K->2143K(19648K), 0.0083537 secs] 55825K->42265K(63360K), 0.0101611 secs] [Times: user=0.08 sys=0.00, real=0.01 secs] 
2026-06-17T09:50:01.377+0800: 22.442: [GC (Allocation Failure) 2026-06-17T09:50:01.378+0800: 22.443: [ParNew: 19592K->19592K(19648K), 0.0006434 secs]2026-06-17T09:50:01.379+0800: 22.444: [CMS2026-06-17T09:50:01.380+0800: 22.445: [CMS-concurrent-abortable-preclean: 0.000/0.153 secs] [Times: user=0.13 sys=0.01, real=0.15 secs] 
 (concurrent mode failure): 40122K->27573K(43712K), 0.0072644 secs] 59714K->27573K(63360K), [Metaspace: 2709K->2709K(1056768K)], 0.0097745 secs] [Times: user=0.00 sys=0.00, real=0.01 secs] 
2026-06-17T09:50:01.431+0800: 22.497: [GC (Allocation Failure) 2026-06-17T09:50:01.432+0800: 22.497: [ParNew: 17461K->2153K(19648K), 0.0103760 secs] 45034K->31246K(63360K), 0.0114982 secs] [Times: user=0.07 sys=0.00, real=0.01 secs] 
2026-06-17T09:50:01.487+0800: 22.552: [GC (Allocation Failure) 2026-06-17T09:50:01.488+0800: 22.553: [ParNew: 19600K->2175K(19648K), 0.0089103 secs] 48693K->38403K(63360K), 0.0105034 secs] [Times: user=0.08 sys=0.00, real=0.01 secs] 
2026-06-17T09:50:01.499+0800: 22.564: [GC (CMS Initial Mark) [1 CMS-initial-mark: 36228K(43712K)] 40050K(63360K), 0.0019092 secs] [Times: user=0.00 sys=0.00, real=0.00 secs] 
2026-06-17T09:50:01.502+0800: 22.567: [CMS-concurrent-mark-start]
2026-06-17T09:50:01.503+0800: 22.568: [CMS-concurrent-mark: 0.001/0.001 secs] [Times: user=0.00 sys=0.00, real=0.01 secs] 
2026-06-17T09:50:01.503+0800: 22.569: [CMS-concurrent-preclean-start]
2026-06-17T09:50:01.504+0800: 22.569: [CMS-concurrent-preclean: 0.000/0.000 secs] [Times: user=0.00 sys=0.00, real=0.00 secs] 
2026-06-17T09:50:01.504+0800: 22.569: [GC (CMS Final Remark) [YG occupancy: 3821 K (19648 K)]2026-06-17T09:50:01.505+0800: 22.570: [Rescan (parallel) , 0.0114603 secs]2026-06-17T09:50:01.517+0800: 22.582: [weak refs processing, 0.0007038 secs]2026-06-17T09:50:01.519+0800: 22.584: [class unloading, 0.0008719 secs]2026-06-17T09:50:01.520+0800: 22.585: [scrub symbol table, 0.0008832 secs]2026-06-17T09:50:01.521+0800: 22.587: [scrub string table, 0.0005919 secs][1 CMS-remark: 36228K(43712K)] 40050K(63360K), 0.0181873 secs] [Times: user=0.12 sys=0.00, real=0.02 secs] 
2026-06-17T09:50:01.524+0800: 22.589: [CMS-concurrent-sweep-start]
2026-06-17T09:50:01.524+0800: 22.589: [CMS-concurrent-sweep: 0.000/0.000 secs] [Times: user=0.00 sys=0.00, real=0.00 secs] 
2026-06-17T09:50:01.524+0800: 22.589: [CMS-concurrent-reset-start]
2026-06-17T09:50:01.524+0800: 22.589: [CMS-concurrent-reset: 0.000/0.000 secs] [Times: user=0.00 sys=0.00, real=0.00 secs] 
2026-06-17T09:50:01.556+0800: 22.621: [GC (Allocation Failure) 2026-06-17T09:50:01.557+0800: 22.622: [ParNew: 19647K->2173K(19648K), 0.0114214 secs] 42591K->30155K(63360K), 0.0132791 secs] [Times: user=0.11 sys=0.00, real=0.01 secs] 
2026-06-17T09:50:01.572+0800: 22.637: [GC (CMS Initial Mark) [1 CMS-initial-mark: 27981K(43712K)] 30586K(63360K), 0.0029401 secs] [Times: user=0.00 sys=0.01, real=0.00 secs] 
2026-06-17T09:50:01.576+0800: 22.641: [CMS-concurrent-mark-start]
2026-06-17T09:50:01.577+0800: 22.642: [CMS-concurrent-mark: 0.001/0.001 secs] [Times: user=0.00 sys=0.00, real=0.00 secs] 
2026-06-17T09:50:01.577+0800: 22.642: [CMS-concurrent-preclean-start]
2026-06-17T09:50:01.577+0800: 22.642: [CMS-concurrent-preclean: 0.000/0.000 secs] [Times: user=0.00 sys=0.00, real=0.00 secs] 
2026-06-17T09:50:01.578+0800: 22.643: [GC (CMS Final Remark) [YG occupancy: 2604 K (19648 K)]2026-06-17T09:50:01.579+0800: 22.644: [Rescan (parallel) , 0.0105285 secs]2026-06-17T09:50:01.590+0800: 22.655: [weak refs processing, 0.0007636 secs]2026-06-17T09:50:01.591+0800: 22.656: [class unloading, 0.0009171 secs]2026-06-17T09:50:01.593+0800: 22.658: [scrub symbol table, 0.0008925 secs]2026-06-17T09:50:01.594+0800: 22.659: [scrub string table, 0.0005743 secs][1 CMS-remark: 27981K(43712K)] 30586K(63360K), 0.0172487 secs] [Times: user=0.12 sys=0.00, real=0.02 secs] 
2026-06-17T09:50:01.596+0800: 22.662: [CMS-concurrent-sweep-start]
2026-06-17T09:50:01.597+0800: 22.662: [CMS-concurrent-sweep: 0.000/0.000 secs] [Times: user=0.00 sys=0.00, real=0.00 secs] 
2026-06-17T09:50:01.597+0800: 22.662: [CMS-concurrent-reset-start]
2026-06-17T09:50:01.597+0800: 22.662: [CMS-concurrent-reset: 0.000/0.000 secs] [Times: user=0.00 sys=0.00, real=0.00 secs] 
2026-06-17T09:50:01.630+0800: 22.695: [GC (Allocation Failure) 2026-06-17T09:50:01.631+0800: 22.696: [ParNew: 19334K->2167K(19648K), 0.0062126 secs] 45625K->30336K(63360K), 0.0081658 secs] [Times: user=0.03 sys=0.01, real=0.01 secs] 
2026-06-17T09:50:01.694+0800: 22.759: [GC (Allocation Failure) 2026-06-17T09:50:01.695+0800: 22.760: [ParNew: 19630K->2166K(19648K), 0.0146978 secs] 47799K->34281K(63360K), 0.0159653 secs] [Times: user=0.10 sys=0.00, real=0.01 secs] 
2026-06-17T09:50:01.711+0800: 22.776: [GC (CMS Initial Mark) [1 CMS-initial-mark: 32114K(43712K)] 35246K(63360K), 0.0011893 secs] [Times: user=0.00 sys=0.00, real=0.00 secs] 
2026-06-17T09:50:01.713+0800: 22.778: [CMS-concurrent-mark-start]
2026-06-17T09:50:01.713+0800: 22.779: [CMS-concurrent-mark: 0.001/0.001 secs] [Times: user=0.00 sys=0.00, real=0.00 secs] 
2026-06-17T09:50:01.714+0800: 22.779: [CMS-concurrent-preclean-start]
2026-06-17T09:50:01.714+0800: 22.779: [CMS-concurrent-preclean: 0.000/0.000 secs] [Times: user=0.00 sys=0.00, real=0.00 secs] 
2026-06-17T09:50:01.714+0800: 22.779: [GC (CMS Final Remark) [YG occupancy: 4031 K (19648 K)]2026-06-17T09:50:01.714+0800: 22.779: [Rescan (parallel) , 0.0148409 secs]2026-06-17T09:50:01.730+0800: 22.795: [weak refs processing, 0.0004492 secs]2026-06-17T09:50:01.731+0800: 22.796: [class unloading, 0.0009156 secs]2026-06-17T09:50:01.732+0800: 22.798: [scrub symbol table, 0.0010069 secs]2026-06-17T09:50:01.734+0800: 22.799: [scrub string table, 0.0008748 secs][1 CMS-remark: 32114K(43712K)] 36146K(63360K), 0.0218591 secs] [Times: user=0.13 sys=0.00, real=0.02 secs] 
2026-06-17T09:50:01.737+0800: 22.802: [CMS-concurrent-sweep-start]
2026-06-17T09:50:01.737+0800: 22.802: [CMS-concurrent-sweep: 0.000/0.000 secs] [Times: user=0.00 sys=0.00, real=0.00 secs] 
2026-06-17T09:50:01.738+0800: 22.803: [CMS-concurrent-reset-start]
2026-06-17T09:50:01.738+0800: 22.803: [CMS-concurrent-reset: 0.000/0.000 secs] [Times: user=0.00 sys=0.00, real=0.00 secs] 
2026-06-17T09:50:01.770+0800: 22.835: [GC (Allocation Failure) 2026-06-17T09:50:01.771+0800: 22.836: [ParNew: 19638K->2174K(19648K), 0.0091991 secs] 39978K->26350K(63360K), 0.0113152 secs] [Times: user=0.08 sys=0.00, real=0.01 secs] 
2026-06-17T09:50:01.827+0800: 22.892: [GC (Allocation Failure) 2026-06-17T09:50:01.828+0800: 22.893: [ParNew: 19644K->2076K(19648K), 0.0094118 secs] 43820K->30798K(63360K), 0.0111280 secs] [Times: user=0.09 sys=0.00, real=0.01 secs] 
2026-06-17T09:50:01.883+0800: 22.948: [GC (Allocation Failure) 2026-06-17T09:50:01.884+0800: 22.949: [ParNew: 19517K->2175K(19648K), 0.0089744 secs] 48239K->34606K(63360K), 0.0107858 secs] [Times: user=0.09 sys=0.00, real=0.01 secs] 
2026-06-17T09:50:01.895+0800: 22.961: [GC (CMS Initial Mark) [1 CMS-initial-mark: 32430K(43712K)] 35947K(63360K), 0.0031865 secs] [Times: user=0.00 sys=0.00, real=0.00 secs] 
2026-06-17T09:50:01.900+0800: 22.965: [CMS-concurrent-mark-start]
2026-06-17T09:50:01.901+0800: 22.966: [CMS-concurrent-mark: 0.001/0.001 secs] [Times: user=0.00 sys=0.00, real=0.00 secs] 
2026-06-17T09:50:01.901+0800: 22.966: [CMS-concurrent-preclean-start]
2026-06-17T09:50:01.901+0800: 22.966: [CMS-concurrent-preclean: 0.000/0.000 secs] [Times: user=0.00 sys=0.00, real=0.00 secs] 
2026-06-17T09:50:01.902+0800: 22.967: [GC (CMS Final Remark) [YG occupancy: 3516 K (19648 K)]2026-06-17T09:50:01.902+0800: 22.967: [Rescan (parallel) , 0.0103735 secs]2026-06-17T09:50:01.913+0800: 22.978: [weak refs processing, 0.0005254 secs]2026-06-17T09:50:01.914+0800: 22.979: [class unloading, 0.0007549 secs]2026-06-17T09:50:01.915+0800: 22.981: [scrub symbol table, 0.0007516 secs]2026-06-17T09:50:01.917+0800: 22.982: [scrub string table, 0.0006321 secs][1 CMS-remark: 32430K(43712K)] 35947K(63360K), 0.0162235 secs] [Times: user=0.10 sys=0.01, real=0.02 secs] 
2026-06-17T09:50:01.919+0800: 22.984: [CMS-concurrent-sweep-start]
2026-06-17T09:50:01.919+0800: 22.984: [CMS-concurrent-sweep: 0.000/0.000 secs] [Times: user=0.00 sys=0.00, real=0.00 secs] 
2026-06-17T09:50:01.920+0800: 22.985: [CMS-concurrent-reset-start]
2026-06-17T09:50:01.920+0800: 22.985: [CMS-concurrent-reset: 0.000/0.000 secs] [Times: user=0.00 sys=0.00, real=0.00 secs] 
2026-06-17T09:50:01.951+0800: 23.016: [GC (Allocation Failure) 2026-06-17T09:50:01.951+0800: 23.016: [ParNew: 19634K->2175K(19648K), 0.0034863 secs] 50290K->37336K(63360K), 0.0043802 secs] [Times: user=0.03 sys=0.00, real=0.00 secs] 
2026-06-17T09:50:01.956+0800: 23.021: [GC (CMS Initial Mark) [1 CMS-initial-mark: 35160K(43712K)] 38229K(63360K), 0.0010517 secs] [Times: user=0.00 sys=0.00, real=0.00 secs] 
2026-06-17T09:50:01.958+0800: 23.023: [CMS-concurrent-mark-start]
2026-06-17T09:50:01.959+0800: 23.024: [CMS-concurrent-mark: 0.000/0.000 secs] [Times: user=0.00 sys=0.00, real=0.00 secs] 
2026-06-17T09:50:01.959+0800: 23.024: [CMS-concurrent-preclean-start]
2026-06-17T09:50:01.959+0800: 23.024: [CMS-concurrent-preclean: 0.000/0.000 secs] [Times: user=0.00 sys=0.00, real=0.00 secs] 
2026-06-17T09:50:01.959+0800: 23.025: [CMS-concurrent-abortable-preclean-start]
2026-06-17T09:50:02.000+0800: 23.065: [GC (Allocation Failure) 2026-06-17T09:50:02.001+0800: 23.066: [ParNew: 19647K->2173K(19648K), 0.0107800 secs] 54808K->43176K(63360K), 0.0119960 secs] [Times: user=0.09 sys=0.00, real=0.02 secs] 
2026-06-17T09:50:02.056+0800: 23.121: [GC (Allocation Failure) 2026-06-17T09:50:02.057+0800: 23.122: [ParNew: 19617K->19617K(19648K), 0.0008954 secs]2026-06-17T09:50:02.059+0800: 23.124: [CMS2026-06-17T09:50:02.060+0800: 23.125: [CMS-concurrent-abortable-preclean: 0.000/0.100 secs] [Times: user=0.10 sys=0.00, real=0.10 secs] 
 (concurrent mode failure): 41003K->33704K(43712K), 0.0076475 secs] 60620K->33704K(63360K), [Metaspace: 2709K->2709K(1056768K)], 0.0116936 secs] [Times: user=0.00 sys=0.01, real=0.01 secs] 
2026-06-17T09:50:02.113+0800: 23.178: [GC (Allocation Failure) 2026-06-17T09:50:02.113+0800: 23.179: [ParNew: 17282K->2105K(19648K), 0.0218730 secs] 50987K->36607K(63360K), 0.0230559 secs] [Times: user=0.14 sys=0.00, real=0.02 secs] 
2026-06-17T09:50:02.189+0800: 23.254: [GC (Allocation Failure) 2026-06-17T09:50:02.190+0800: 23.255: [ParNew: 19577K->2121K(19648K), 0.0091067 secs] 54079K->40449K(63360K), 0.0107313 secs] [Times: user=0.09 sys=0.00, real=0.01 secs] 
2026-06-17T09:50:02.202+0800: 23.267: [GC (CMS Initial Mark) [1 CMS-initial-mark: 38328K(43712K)] 42310K(63360K), 0.0024829 secs] [Times: user=0.00 sys=0.00, real=0.01 secs] 
2026-06-17T09:50:02.205+0800: 23.270: [CMS-concurrent-mark-start]
2026-06-17T09:50:02.206+0800: 23.271: [CMS-concurrent-mark: 0.001/0.001 secs] [Times: user=0.01 sys=0.00, real=0.00 secs] 
2026-06-17T09:50:02.206+0800: 23.271: [CMS-concurrent-preclean-start]
2026-06-17T09:50:02.206+0800: 23.271: [CMS-concurrent-preclean: 0.000/0.000 secs] [Times: user=0.00 sys=0.00, real=0.00 secs] 
2026-06-17T09:50:02.207+0800: 23.272: [CMS-concurrent-abortable-preclean-start]
2026-06-17T09:50:02.207+0800: 23.272: [CMS-concurrent-abortable-preclean: 0.000/0.000 secs] [Times: user=0.00 sys=0.00, real=0.00 secs] 
2026-06-17T09:50:02.207+0800: 23.272: [GC (CMS Final Remark) [YG occupancy: 5426 K (19648 K)]2026-06-17T09:50:02.208+0800: 23.273: [Rescan (parallel) , 0.0061904 secs]2026-06-17T09:50:02.215+0800: 23.280: [weak refs processing, 0.0004880 secs]2026-06-17T09:50:02.215+0800: 23.281: [class unloading, 0.0004969 secs]2026-06-17T09:50:02.216+0800: 23.282: [scrub symbol table, 0.0005638 secs]2026-06-17T09:50:02.217+0800: 23.282: [scrub string table, 0.0004775 secs][1 CMS-remark: 38328K(43712K)] 43755K(63360K), 0.0111150 secs] [Times: user=0.05 sys=0.00, real=0.01 secs] 
2026-06-17T09:50:02.219+0800: 23.284: [CMS-concurrent-sweep-start]
2026-06-17T09:50:02.219+0800: 23.284: [CMS-concurrent-sweep: 0.000/0.000 secs] [Times: user=0.01 sys=0.00, real=0.00 secs] 
2026-06-17T09:50:02.220+0800: 23.285: [CMS-concurrent-reset-start]
2026-06-17T09:50:02.220+0800: 23.285: [CMS-concurrent-reset: 0.000/0.000 secs] [Times: user=0.00 sys=0.00, real=0.00 secs] 
2026-06-17T09:50:02.251+0800: 23.316: [GC (Allocation Failure) 2026-06-17T09:50:02.251+0800: 23.316: [ParNew: 19591K->2163K(19648K), 0.0063244 secs] 44158K->30258K(63360K), 0.0069399 secs] [Times: user=0.07 sys=0.01, real=0.00 secs] 
2026-06-17T09:50:02.300+0800: 23.365: [GC (Allocation Failure) 2026-06-17T09:50:02.300+0800: 23.365: [ParNew: 19612K->2056K(19648K), 0.0018332 secs] 47707K->34080K(63360K), 0.0023601 secs] [Times: user=0.00 sys=0.00, real=0.01 secs] 
2026-06-17T09:50:02.345+0800: 23.410: [GC (Allocation Failure) 2026-06-17T09:50:02.345+0800: 23.410: [ParNew: 19515K->2169K(19648K), 0.0095824 secs] 51539K->37960K(63360K), 0.0103934 secs] [Times: user=0.09 sys=0.00, real=0.01 secs] 
2026-06-17T09:50:02.356+0800: 23.421: [GC (CMS Initial Mark) [1 CMS-initial-mark: 35790K(43712K)] 38554K(63360K), 0.0015692 secs] [Times: user=0.00 sys=0.00, real=0.00 secs] 
2026-06-17T09:50:02.358+0800: 23.423: [CMS-concurrent-mark-start]
2026-06-17T09:50:02.359+0800: 23.424: [CMS-concurrent-mark: 0.000/0.000 secs] [Times: user=0.00 sys=0.00, real=0.00 secs] 
2026-06-17T09:50:02.359+0800: 23.424: [CMS-concurrent-preclean-start]
2026-06-17T09:50:02.359+0800: 23.424: [CMS-concurrent-preclean: 0.000/0.000 secs] [Times: user=0.00 sys=0.00, real=0.00 secs] 
2026-06-17T09:50:02.359+0800: 23.425: [GC (CMS Final Remark) [YG occupancy: 3579 K (19648 K)]2026-06-17T09:50:02.360+0800: 23.425: [Rescan (parallel) , 0.0082708 secs]2026-06-17T09:50:02.369+0800: 23.434: [weak refs processing, 0.0004349 secs]2026-06-17T09:50:02.369+0800: 23.434: [class unloading, 0.0004114 secs]2026-06-17T09:50:02.370+0800: 23.435: [scrub symbol table, 0.0005235 secs]2026-06-17T09:50:02.371+0800: 23.436: [scrub string table, 0.0002104 secs][1 CMS-remark: 35790K(43712K)] 39369K(63360K), 0.0118455 secs] [Times: user=0.09 sys=0.01, real=0.02 secs] 
2026-06-17T09:50:02.372+0800: 23.437: [CMS-concurrent-sweep-start]
2026-06-17T09:50:02.372+0800: 23.437: [CMS-concurrent-sweep: 0.000/0.000 secs] [Times: user=0.00 sys=0.00, real=0.00 secs] 
2026-06-17T09:50:02.372+0800: 23.437: [CMS-concurrent-reset-start]
2026-06-17T09:50:02.372+0800: 23.437: [CMS-concurrent-reset: 0.000/0.000 secs] [Times: user=0.00 sys=0.00, real=0.00 secs] 
2026-06-17T09:50:02.403+0800: 23.468: [GC (Allocation Failure) 2026-06-17T09:50:02.404+0800: 23.469: [ParNew: 19385K->1873K(19648K), 0.0018005 secs] 44931K->28511K(63360K), 0.0023224 secs] [Times: user=0.01 sys=0.00, real=0.00 secs] 
2026-06-17T09:50:02.448+0800: 23.513: [GC (Allocation Failure) 2026-06-17T09:50:02.448+0800: 23.513: [ParNew: 19067K->2169K(19648K), 0.0045858 secs] 45706K->31867K(63360K), 0.0054153 secs] [Times: user=0.05 sys=0.00, real=0.01 secs] 
2026-06-17T09:50:02.506+0800: 23.571: [GC (Allocation Failure) 2026-06-17T09:50:02.507+0800: 23.572: [ParNew: 19615K->2173K(19648K), 0.0145003 secs] 49313K->35985K(63360K), 0.0177052 secs] [Times: user=0.13 sys=0.00, real=0.02 secs] 
2026-06-17T09:50:02.530+0800: 23.595: [GC (CMS Initial Mark) [1 CMS-initial-mark: 33811K(43712K)] 36557K(63360K), 0.0010110 secs] [Times: user=0.00 sys=0.00, real=0.01 secs] 
2026-06-17T09:50:02.532+0800: 23.597: [CMS-concurrent-mark-start]
2026-06-17T09:50:02.532+0800: 23.598: [CMS-concurrent-mark: 0.000/0.000 secs] [Times: user=0.00 sys=0.00, real=0.00 secs] 
2026-06-17T09:50:02.533+0800: 23.598: [CMS-concurrent-preclean-start]
2026-06-17T09:50:02.533+0800: 23.598: [CMS-concurrent-preclean: 0.000/0.000 secs] [Times: user=0.00 sys=0.00, real=0.00 secs] 
2026-06-17T09:50:02.533+0800: 23.598: [CMS-concurrent-abortable-preclean-start]
2026-06-17T09:50:02.574+0800: 23.639: [GC (Allocation Failure) 2026-06-17T09:50:02.575+0800: 23.640: [ParNew: 19622K->2169K(19648K), 0.0086043 secs] 53434K->41017K(63360K), 0.0094513 secs] [Times: user=0.09 sys=0.00, real=0.01 secs] 
2026-06-17T09:50:02.628+0800: 23.693: [GC (Allocation Failure) 2026-06-17T09:50:02.628+0800: 23.693: [ParNew: 19641K->19641K(19648K), 0.0006314 secs]2026-06-17T09:50:02.629+0800: 23.695: [CMS2026-06-17T09:50:02.630+0800: 23.695: [CMS-concurrent-abortable-preclean: 0.000/0.097 secs] [Times: user=0.09 sys=0.00, real=0.09 secs] 
 (concurrent mode failure): 38847K->26041K(43712K), 0.0049952 secs] 58489K->26041K(63360K), [Metaspace: 2709K->2709K(1056768K)], 0.0071296 secs] [Times: user=0.00 sys=0.00, real=0.01 secs] 
2026-06-17T09:50:02.677+0800: 23.743: [GC (Allocation Failure) 2026-06-17T09:50:02.678+0800: 23.743: [ParNew: 17222K->2168K(19648K), 0.0096334 secs] 43263K->29614K(63360K), 0.0140213 secs] [Times: user=0.11 sys=0.00, real=0.02 secs] 
2026-06-17T09:50:02.736+0800: 23.801: [GC (Allocation Failure) 2026-06-17T09:50:02.736+0800: 23.801: [ParNew: 19640K->2168K(19648K), 0.0063740 secs] 47086K->37053K(63360K), 0.0072464 secs] [Times: user=0.07 sys=0.00, real=0.01 secs] 
2026-06-17T09:50:02.744+0800: 23.809: [GC (CMS Initial Mark) [1 CMS-initial-mark: 34885K(43712K)] 38146K(63360K), 0.0014814 secs] [Times: user=0.01 sys=0.00, real=0.00 secs] 
2026-06-17T09:50:02.746+0800: 23.812: [CMS-concurrent-mark-start]
2026-06-17T09:50:02.747+0800: 23.812: [CMS-concurrent-mark: 0.000/0.000 secs] [Times: user=0.00 sys=0.00, real=0.00 secs] 
2026-06-17T09:50:02.747+0800: 23.812: [CMS-concurrent-preclean-start]
2026-06-17T09:50:02.747+0800: 23.813: [CMS-concurrent-preclean: 0.000/0.000 secs] [Times: user=0.00 sys=0.00, real=0.00 secs] 
2026-06-17T09:50:02.748+0800: 23.813: [GC (CMS Final Remark) [YG occupancy: 3261 K (19648 K)]2026-06-17T09:50:02.748+0800: 23.813: [Rescan (parallel) , 0.0048280 secs]2026-06-17T09:50:02.753+0800: 23.819: [weak refs processing, 0.0005051 secs]2026-06-17T09:50:02.755+0800: 23.820: [class unloading, 0.0006149 secs]2026-06-17T09:50:02.755+0800: 23.821: [scrub symbol table, 0.0004938 secs]2026-06-17T09:50:02.756+0800: 23.821: [scrub string table, 0.0002436 secs][1 CMS-remark: 34885K(43712K)] 38146K(63360K), 0.0088947 secs] [Times: user=0.05 sys=0.01, real=0.01 secs] 
2026-06-17T09:50:02.757+0800: 23.822: [CMS-concurrent-sweep-start]
2026-06-17T09:50:02.757+0800: 23.822: [CMS-concurrent-sweep: 0.000/0.000 secs] [Times: user=0.00 sys=0.00, real=0.00 secs] 
2026-06-17T09:50:02.758+0800: 23.823: [CMS-concurrent-reset-start]
2026-06-17T09:50:02.758+0800: 23.823: [CMS-concurrent-reset: 0.000/0.000 secs] [Times: user=0.00 sys=0.00, real=0.00 secs] 
2026-06-17T09:50:02.799+0800: 23.864: [GC (Allocation Failure) 2026-06-17T09:50:02.800+0800: 23.865: [ParNew: 19605K->2143K(19648K), 0.0038807 secs] 42177K->26802K(63360K), 0.0047343 secs] [Times: user=0.03 sys=0.00, real=0.01 secs] 
2026-06-17T09:50:02.847+0800: 23.912: [GC (Allocation Failure) 2026-06-17T09:50:02.847+0800: 23.912: [ParNew: 19615K->2165K(19648K), 0.0045217 secs] 44274K->30949K(63360K), 0.0053437 secs] [Times: user=0.06 sys=0.00, real=0.01 secs] 
2026-06-17T09:50:02.894+0800: 23.959: [GC (Allocation Failure) 2026-06-17T09:50:02.895+0800: 23.960: [ParNew: 19611K->2175K(19648K), 0.0032639 secs] 48395K->34658K(63360K), 0.0039055 secs] [Times: user=0.04 sys=0.00, real=0.00 secs] 
2026-06-17T09:50:02.941+0800: 24.006: [GC (Allocation Failure) 2026-06-17T09:50:02.941+0800: 24.006: [ParNew: 19622K->2170K(19648K), 0.0029932 secs] 52106K->39825K(63360K), 0.0040702 secs] [Times: user=0.02 sys=0.00, real=0.01 secs] 
2026-06-17T09:50:02.946+0800: 24.011: [GC (CMS Initial Mark) [1 CMS-initial-mark: 37655K(43712K)] 41607K(63360K), 0.0016452 secs] [Times: user=0.00 sys=0.00, real=0.00 secs] 
2026-06-17T09:50:02.948+0800: 24.013: [CMS-concurrent-mark-start]
2026-06-17T09:50:02.948+0800: 24.014: [CMS-concurrent-mark: 0.000/0.000 secs] [Times: user=0.00 sys=0.00, real=0.00 secs] 
2026-06-17T09:50:02.949+0800: 24.014: [CMS-concurrent-preclean-start]
2026-06-17T09:50:02.949+0800: 24.014: [CMS-concurrent-preclean: 0.000/0.000 secs] [Times: user=0.00 sys=0.00, real=0.00 secs] 
2026-06-17T09:50:02.949+0800: 24.014: [CMS-concurrent-abortable-preclean-start]
2026-06-17T09:50:02.990+0800: 24.055: [GC (Allocation Failure) 2026-06-17T09:50:02.991+0800: 24.056: [ParNew: 19630K->19630K(19648K), 0.0004661 secs]2026-06-17T09:50:02.992+0800: 24.057: [CMS2026-06-17T09:50:02.992+0800: 24.057: [CMS-concurrent-abortable-preclean: 0.000/0.043 secs] [Times: user=0.00 sys=0.00, real=0.05 secs] 
 (concurrent mode failure): 37655K->29099K(43712K), 0.0055198 secs] 57285K->29099K(63360K), [Metaspace: 2709K->2709K(1056768K)], 0.0078248 secs] [Times: user=0.00 sys=0.00, real=0.01 secs] 
2026-06-17T09:50:03.052+0800: 24.117: [GC (Allocation Failure) 2026-06-17T09:50:03.052+0800: 24.117: [ParNew: 17439K->2163K(19648K), 0.0223859 secs] 46539K->32522K(63360K), 0.0234968 secs] [Times: user=0.22 sys=0.00, real=0.02 secs] 
2026-06-17T09:50:03.118+0800: 24.183: [GC (Allocation Failure) 2026-06-17T09:50:03.119+0800: 24.184: [ParNew: 19610K->2153K(19648K), 0.0077567 secs] 49969K->36262K(63360K), 0.0086880 secs] [Times: user=0.08 sys=0.01, real=0.01 secs] 
2026-06-17T09:50:03.171+0800: 24.236: [GC (Allocation Failure) 2026-06-17T09:50:03.171+0800: 24.237: [ParNew: 19604K->2156K(19648K), 0.0051269 secs] 53713K->39783K(63360K), 0.0061579 secs] [Times: user=0.04 sys=0.00, real=0.00 secs] 
2026-06-17T09:50:03.178+0800: 24.243: [GC (CMS Initial Mark) [1 CMS-initial-mark: 37626K(43712K)] 41198K(63360K), 0.0009189 secs] [Times: user=0.00 sys=0.00, real=0.00 secs] 
2026-06-17T09:50:03.179+0800: 24.245: [CMS-concurrent-mark-start]
2026-06-17T09:50:03.180+0800: 24.245: [CMS-concurrent-mark: 0.000/0.000 secs] [Times: user=0.00 sys=0.00, real=0.00 secs] 
2026-06-17T09:50:03.180+0800: 24.245: [CMS-concurrent-preclean-start]
2026-06-17T09:50:03.180+0800: 24.246: [CMS-concurrent-preclean: 0.000/0.000 secs] [Times: user=0.00 sys=0.00, real=0.00 secs] 
2026-06-17T09:50:03.181+0800: 24.246: [CMS-concurrent-abortable-preclean-start]
2026-06-17T09:50:03.222+0800: 24.287: [GC (Allocation Failure) 2026-06-17T09:50:03.225+0800: 24.291: [ParNew: 19577K->2170K(19648K), 0.0140314 secs] 57204K->43443K(63360K), 0.0183093 secs] [Times: user=0.14 sys=0.00, real=0.02 secs] 
2026-06-17T09:50:03.242+0800: 24.307: [CMS-concurrent-abortable-preclean: 0.000/0.061 secs] [Times: user=0.14 sys=0.00, real=0.06 secs] 
2026-06-17T09:50:03.244+0800: 24.309: [GC (CMS Final Remark) [YG occupancy: 5109 K (19648 K)]2026-06-17T09:50:03.245+0800: 24.310: [Rescan (parallel) , 0.0077306 secs]2026-06-17T09:50:03.253+0800: 24.318: [weak refs processing, 0.0005862 secs]2026-06-17T09:50:03.254+0800: 24.319: [class unloading, 0.0007416 secs]2026-06-17T09:50:03.255+0800: 24.320: [scrub symbol table, 0.0008155 secs]2026-06-17T09:50:03.257+0800: 24.322: [scrub string table, 0.0005785 secs][1 CMS-remark: 41272K(43712K)] 46381K(63360K), 0.0135478 secs] [Times: user=0.05 sys=0.01, real=0.01 secs] 
2026-06-17T09:50:03.259+0800: 24.324: [CMS-concurrent-sweep-start]
2026-06-17T09:50:03.259+0800: 24.324: [CMS-concurrent-sweep: 0.000/0.000 secs] [Times: user=0.00 sys=0.00, real=0.00 secs] 
2026-06-17T09:50:03.259+0800: 24.325: [CMS-concurrent-reset-start]
2026-06-17T09:50:03.259+0800: 24.325: [CMS-concurrent-reset: 0.000/0.000 secs] [Times: user=0.00 sys=0.00, real=0.00 secs] 
2026-06-17T09:50:03.290+0800: 24.355: [GC (Allocation Failure) 2026-06-17T09:50:03.291+0800: 24.356: [ParNew: 19640K->2170K(19648K), 0.0041752 secs] 47140K->35131K(63360K), 0.0048225 secs] [Times: user=0.04 sys=0.00, real=0.01 secs] 
2026-06-17T09:50:03.296+0800: 24.361: [GC (CMS Initial Mark) [1 CMS-initial-mark: 32960K(43712K)] 35923K(63360K), 0.0012774 secs] [Times: user=0.00 sys=0.00, real=0.00 secs] 
2026-06-17T09:50:03.298+0800: 24.363: [CMS-concurrent-mark-start]
2026-06-17T09:50:03.298+0800: 24.363: [CMS-concurrent-mark: 0.000/0.000 secs] [Times: user=0.00 sys=0.00, real=0.00 secs] 
2026-06-17T09:50:03.299+0800: 24.364: [CMS-concurrent-preclean-start]
2026-06-17T09:50:03.299+0800: 24.364: [CMS-concurrent-preclean: 0.000/0.000 secs] [Times: user=0.00 sys=0.00, real=0.00 secs] 
2026-06-17T09:50:03.299+0800: 24.364: [GC (CMS Final Remark) [YG occupancy: 3179 K (19648 K)]2026-06-17T09:50:03.299+0800: 24.364: [Rescan (parallel) , 0.0050185 secs]2026-06-17T09:50:03.305+0800: 24.370: [weak refs processing, 0.0002823 secs]2026-06-17T09:50:03.305+0800: 24.370: [class unloading, 0.0004035 secs]2026-06-17T09:50:03.306+0800: 24.371: [scrub symbol table, 0.0005581 secs]2026-06-17T09:50:03.307+0800: 24.372: [scrub string table, 0.0003279 secs][1 CMS-remark: 32960K(43712K)] 36140K(63360K), 0.0082688 secs] [Times: user=0.05 sys=0.00, real=0.01 secs] 
2026-06-17T09:50:03.308+0800: 24.373: [CMS-concurrent-sweep-start]
2026-06-17T09:50:03.308+0800: 24.373: [CMS-concurrent-sweep: 0.000/0.000 secs] [Times: user=0.00 sys=0.00, real=0.00 secs] 
2026-06-17T09:50:03.308+0800: 24.373: [CMS-concurrent-reset-start]
2026-06-17T09:50:03.308+0800: 24.373: [CMS-concurrent-reset: 0.000/0.000 secs] [Times: user=0.00 sys=0.00, real=0.00 secs] 
2026-06-17T09:50:03.350+0800: 24.415: [GC (Allocation Failure) 2026-06-17T09:50:03.350+0800: 24.415: [ParNew: 19642K->2129K(19648K), 0.0025609 secs] 50919K->35296K(63360K), 0.0035390 secs] [Times: user=0.02 sys=0.01, real=0.01 secs] 
2026-06-17T09:50:03.354+0800: 24.419: [GC (CMS Initial Mark) [1 CMS-initial-mark: 33167K(43712K)] 35814K(63360K), 0.0013375 secs] [Times: user=0.00 sys=0.00, real=0.00 secs] 
2026-06-17T09:50:03.356+0800: 24.421: [CMS-concurrent-mark-start]
2026-06-17T09:50:03.357+0800: 24.422: [CMS-concurrent-mark: 0.000/0.000 secs] [Times: user=0.00 sys=0.00, real=0.00 secs] 
2026-06-17T09:50:03.357+0800: 24.422: [CMS-concurrent-preclean-start]
2026-06-17T09:50:03.357+0800: 24.422: [CMS-concurrent-preclean: 0.000/0.000 secs] [Times: user=0.00 sys=0.00, real=0.00 secs] 
2026-06-17T09:50:03.358+0800: 24.423: [CMS-concurrent-abortable-preclean-start]
2026-06-17T09:50:03.388+0800: 24.453: [GC (Allocation Failure) 2026-06-17T09:50:03.389+0800: 24.454: [ParNew: 19543K->2093K(19648K), 0.0025646 secs] 52711K->38850K(63360K), 0.0034903 secs] [Times: user=0.01 sys=0.00, real=0.01 secs] 
2026-06-17T09:50:03.444+0800: 24.509: [GC (Allocation Failure) 2026-06-17T09:50:03.445+0800: 24.510: [ParNew: 19538K->2171K(19648K), 0.0150140 secs] 56296K->42241K(63360K), 0.0159022 secs] [Times: user=0.14 sys=0.01, real=0.01 secs] 
2026-06-17T09:50:03.504+0800: 24.569: [GC (Allocation Failure) 2026-06-17T09:50:03.504+0800: 24.569: [ParNew: 19614K->19614K(19648K), 0.0005412 secs]2026-06-17T09:50:03.505+0800: 24.570: [CMS2026-06-17T09:50:03.506+0800: 24.571: [CMS-concurrent-abortable-preclean: 0.000/0.148 secs] [Times: user=0.15 sys=0.01, real=0.15 secs] 
 (concurrent mode failure): 40069K->34123K(43712K), 0.0046019 secs] 59683K->34123K(63360K), [Metaspace: 2709K->2709K(1056768K)], 0.0070256 secs] [Times: user=0.00 sys=0.00, real=0.01 secs] 
2026-06-17T09:50:03.554+0800: 24.619: [GC (Allocation Failure) 2026-06-17T09:50:03.554+0800: 24.620: [ParNew: 17470K->2174K(19648K), 0.0131443 secs] 51593K->41000K(63360K), 0.0144821 secs] [Times: user=0.13 sys=0.00, real=0.01 secs] 
2026-06-17T09:50:03.570+0800: 24.635: [GC (CMS Initial Mark) [1 CMS-initial-mark: 38825K(43712K)] 42329K(63360K), 0.0021141 secs] [Times: user=0.00 sys=0.00, real=0.01 secs] 
2026-06-17T09:50:03.573+0800: 24.638: [CMS-concurrent-mark-start]
2026-06-17T09:50:03.574+0800: 24.639: [CMS-concurrent-mark: 0.000/0.000 secs] [Times: user=0.01 sys=0.00, real=0.00 secs] 
2026-06-17T09:50:03.574+0800: 24.639: [CMS-concurrent-preclean-start]
2026-06-17T09:50:03.574+0800: 24.639: [CMS-concurrent-preclean: 0.000/0.000 secs] [Times: user=0.00 sys=0.00, real=0.00 secs] 
2026-06-17T09:50:03.575+0800: 24.640: [GC (CMS Final Remark) [YG occupancy: 3757 K (19648 K)]2026-06-17T09:50:03.575+0800: 24.640: [Rescan (parallel) , 0.0108593 secs]2026-06-17T09:50:03.587+0800: 24.652: [weak refs processing, 0.0006264 secs]2026-06-17T09:50:03.588+0800: 24.653: [class unloading, 0.0006619 secs]2026-06-17T09:50:03.589+0800: 24.654: [scrub symbol table, 0.0005510 secs]2026-06-17T09:50:03.590+0800: 24.655: [scrub string table, 0.0006150 secs][1 CMS-remark: 38825K(43712K)] 42582K(63360K), 0.0163904 secs] [Times: user=0.13 sys=0.00, real=0.02 secs] 
2026-06-17T09:50:03.592+0800: 24.657: [CMS-concurrent-sweep-start]
2026-06-17T09:50:03.592+0800: 24.658: [CMS-concurrent-sweep: 0.000/0.000 secs] [Times: user=0.00 sys=0.00, real=0.00 secs] 
2026-06-17T09:50:03.593+0800: 24.658: [CMS-concurrent-reset-start]
2026-06-17T09:50:03.593+0800: 24.658: [CMS-concurrent-reset: 0.000/0.000 secs] [Times: user=0.00 sys=0.00, real=0.00 secs] 
2026-06-17T09:50:03.624+0800: 24.689: [GC (Allocation Failure) 2026-06-17T09:50:03.625+0800: 24.690: [ParNew: 19638K->2175K(19648K), 0.0093702 secs] 45730K->32875K(63360K), 0.0107624 secs] [Times: user=0.09 sys=0.01, real=0.01 secs] 
2026-06-17T09:50:03.678+0800: 24.743: [GC (Allocation Failure) 2026-06-17T09:50:03.679+0800: 24.744: [ParNew: 19551K->2175K(19648K), 0.0052547 secs] 50251K->34804K(63360K), 0.0069157 secs] [Times: user=0.03 sys=0.00, real=0.01 secs] 
2026-06-17T09:50:03.728+0800: 24.794: [GC (Allocation Failure) 2026-06-17T09:50:03.729+0800: 24.794: [ParNew: 19618K->2175K(19648K), 0.0140385 secs] 52247K->41366K(63360K), 0.0151106 secs] [Times: user=0.10 sys=0.00, real=0.02 secs] 
2026-06-17T09:50:03.744+0800: 24.810: [GC (CMS Initial Mark) [1 CMS-initial-mark: 39191K(43712K)] 42359K(63360K), 0.0015186 secs] [Times: user=0.01 sys=0.00, real=0.00 secs] 
2026-06-17T09:50:03.747+0800: 24.812: [CMS-concurrent-mark-start]
2026-06-17T09:50:03.747+0800: 24.812: [CMS-concurrent-mark: 0.000/0.000 secs] [Times: user=0.00 sys=0.00, real=0.00 secs] 
2026-06-17T09:50:03.748+0800: 24.813: [CMS-concurrent-preclean-start]
2026-06-17T09:50:03.748+0800: 24.813: [CMS-concurrent-preclean: 0.000/0.000 secs] [Times: user=0.00 sys=0.00, real=0.00 secs] 
2026-06-17T09:50:03.748+0800: 24.813: [GC (CMS Final Remark) [YG occupancy: 3168 K (19648 K)]2026-06-17T09:50:03.749+0800: 24.814: [Rescan (parallel) , 0.0170008 secs]2026-06-17T09:50:03.766+0800: 24.831: [weak refs processing, 0.0005213 secs]2026-06-17T09:50:03.767+0800: 24.832: [class unloading, 0.0006146 secs]2026-06-17T09:50:03.768+0800: 24.833: [scrub symbol table, 0.0006045 secs]2026-06-17T09:50:03.769+0800: 24.834: [scrub string table, 0.0002963 secs][1 CMS-remark: 39191K(43712K)] 42359K(63360K), 0.0214184 secs] [Times: user=0.15 sys=0.00, real=0.02 secs] 
2026-06-17T09:50:03.771+0800: 24.836: [CMS-concurrent-sweep-start]
2026-06-17T09:50:03.771+0800: 24.836: [CMS-concurrent-sweep: 0.000/0.000 secs] [Times: user=0.00 sys=0.00, real=0.00 secs] 
2026-06-17T09:50:03.771+0800: 24.836: [CMS-concurrent-reset-start]
2026-06-17T09:50:03.771+0800: 24.836: [CMS-concurrent-reset: 0.000/0.000 secs] [Times: user=0.00 sys=0.00, real=0.00 secs] 
2026-06-17T09:50:03.813+0800: 24.878: [GC (Allocation Failure) 2026-06-17T09:50:03.814+0800: 24.879: [ParNew: 19647K->2137K(19648K), 0.0056470 secs] 39813K->23489K(63360K), 0.0070070 secs] [Times: user=0.03 sys=0.00, real=0.00 secs] 
2026-06-17T09:50:03.853+0800: 24.918: [GC (Allocation Failure) 2026-06-17T09:50:03.854+0800: 24.919: [ParNew: 19563K->1973K(19648K), 0.0055129 secs] 40915K->26728K(63360K), 0.0066574 secs] [Times: user=0.05 sys=0.00, real=0.00 secs] 
2026-06-17T09:50:03.912+0800: 24.978: [GC (Allocation Failure) 2026-06-17T09:50:03.913+0800: 24.978: [ParNew: 19445K->2012K(19648K), 0.0158492 secs] 44200K->30157K(63360K), 0.0166308 secs] [Times: user=0.11 sys=0.00, real=0.01 secs] 
2026-06-17T09:50:03.972+0800: 25.037: [GC (Allocation Failure) 2026-06-17T09:50:03.972+0800: 25.037: [ParNew: 19482K->2166K(19648K), 0.0107746 secs] 47627K->33825K(63360K), 0.0119048 secs] [Times: user=0.12 sys=0.00, real=0.01 secs] 
2026-06-17T09:50:04.027+0800: 25.092: [GC (Allocation Failure) 2026-06-17T09:50:04.027+0800: 25.092: [ParNew: 19638K->2175K(19648K), 0.0056594 secs] 51297K->38469K(63360K), 0.0067972 secs] [Times: user=0.04 sys=0.00, real=0.01 secs] 
2026-06-17T09:50:04.034+0800: 25.099: [GC (CMS Initial Mark) [1 CMS-initial-mark: 36293K(43712K)] 39365K(63360K), 0.0012190 secs] [Times: user=0.00 sys=0.00, real=0.00 secs] 
2026-06-17T09:50:04.036+0800: 25.101: [CMS-concurrent-mark-start]
2026-06-17T09:50:04.037+0800: 25.102: [CMS-concurrent-mark: 0.000/0.000 secs] [Times: user=0.00 sys=0.00, real=0.00 secs] 
2026-06-17T09:50:04.037+0800: 25.102: [CMS-concurrent-preclean-start]
2026-06-17T09:50:04.037+0800: 25.102: [CMS-concurrent-preclean: 0.000/0.000 secs] [Times: user=0.00 sys=0.00, real=0.00 secs] 
2026-06-17T09:50:04.038+0800: 25.103: [GC (CMS Final Remark) [YG occupancy: 3508 K (19648 K)]2026-06-17T09:50:04.038+0800: 25.103: [Rescan (parallel) , 0.0084354 secs]2026-06-17T09:50:04.047+0800: 25.112: [weak refs processing, 0.0003827 secs]2026-06-17T09:50:04.048+0800: 25.113: [class unloading, 0.0005841 secs]2026-06-17T09:50:04.049+0800: 25.114: [scrub symbol table, 0.0005909 secs]2026-06-17T09:50:04.050+0800: 25.115: [scrub string table, 0.0003140 secs][1 CMS-remark: 36293K(43712K)] 39801K(63360K), 0.0128322 secs] [Times: user=0.10 sys=0.00, real=0.02 secs] 
2026-06-17T09:50:04.052+0800: 25.117: [CMS-concurrent-sweep-start]
2026-06-17T09:50:04.052+0800: 25.117: [CMS-concurrent-sweep: 0.000/0.000 secs] [Times: user=0.00 sys=0.00, real=0.00 secs] 
2026-06-17T09:50:04.052+0800: 25.117: [CMS-concurrent-reset-start]
2026-06-17T09:50:04.052+0800: 25.117: [CMS-concurrent-reset: 0.000/0.000 secs] [Times: user=0.00 sys=0.00, real=0.00 secs] 
2026-06-17T09:50:04.088+0800: 25.153: [GC (Allocation Failure) 2026-06-17T09:50:04.088+0800: 25.153: [ParNew: 19626K->2174K(19648K), 0.0038721 secs] 43630K->31527K(63360K), 0.0049282 secs] [Times: user=0.03 sys=0.00, real=0.01 secs] 
2026-06-17T09:50:04.135+0800: 25.201: [GC (Allocation Failure) 2026-06-17T09:50:04.136+0800: 25.201: [ParNew: 19414K->1978K(19648K), 0.0038456 secs] 48766K->33165K(63360K), 0.0049650 secs] [Times: user=0.03 sys=0.00, real=0.00 secs] 
2026-06-17T09:50:04.194+0800: 25.259: [GC (Allocation Failure) 2026-06-17T09:50:04.194+0800: 25.260: [ParNew: 19447K->2136K(19648K), 0.0090221 secs] 50634K->37126K(63360K), 0.0106121 secs] [Times: user=0.08 sys=0.01, real=0.01 secs] 
2026-06-17T09:50:04.206+0800: 25.271: [GC (CMS Initial Mark) [1 CMS-initial-mark: 34990K(43712K)] 37999K(63360K), 0.0016121 secs] [Times: user=0.00 sys=0.00, real=0.00 secs] 
2026-06-17T09:50:04.209+0800: 25.274: [CMS-concurrent-mark-start]
2026-06-17T09:50:04.209+0800: 25.274: [CMS-concurrent-mark: 0.001/0.001 secs] [Times: user=0.00 sys=0.00, real=0.00 secs] 
2026-06-17T09:50:04.209+0800: 25.275: [CMS-concurrent-preclean-start]
2026-06-17T09:50:04.209+0800: 25.275: [CMS-concurrent-preclean: 0.000/0.000 secs] [Times: user=0.00 sys=0.00, real=0.00 secs] 
2026-06-17T09:50:04.210+0800: 25.275: [CMS-concurrent-abortable-preclean-start]
2026-06-17T09:50:04.251+0800: 25.316: [GC (Allocation Failure) 2026-06-17T09:50:04.251+0800: 25.316: [ParNew: 19608K->2175K(19648K), 0.0059574 secs] 54598K->40405K(63360K), 0.0069883 secs] [Times: user=0.06 sys=0.00, real=0.00 secs] 
2026-06-17T09:50:04.291+0800: 25.356: [GC (Allocation Failure) 2026-06-17T09:50:04.291+0800: 25.357: [ParNew: 19542K->2077K(19648K), 0.0084814 secs] 57772K->44578K(63360K), 0.0096298 secs] [Times: user=0.07 sys=0.00, real=0.00 secs] 
2026-06-17T09:50:04.302+0800: 25.367: [CMS-concurrent-abortable-preclean: 0.000/0.092 secs] [Times: user=0.13 sys=0.00, real=0.09 secs] 
2026-06-17T09:50:04.303+0800: 25.368: [GC (CMS Final Remark) [YG occupancy: 2591 K (19648 K)]2026-06-17T09:50:04.303+0800: 25.368: [Rescan (parallel) , 0.0062566 secs]2026-06-17T09:50:04.310+0800: 25.375: [weak refs processing, 0.0005053 secs]2026-06-17T09:50:04.311+0800: 25.376: [class unloading, 0.0005777 secs]2026-06-17T09:50:04.312+0800: 25.378: [scrub symbol table, 0.0007657 secs]2026-06-17T09:50:04.314+0800: 25.379: [scrub string table, 0.0006409 secs][1 CMS-remark: 42501K(43712K)] 45092K(63360K), 0.0124199 secs] [Times: user=0.05 sys=0.00, real=0.01 secs] 
2026-06-17T09:50:04.316+0800: 25.381: [CMS-concurrent-sweep-start]
2026-06-17T09:50:04.316+0800: 25.381: [CMS-concurrent-sweep: 0.000/0.000 secs] [Times: user=0.00 sys=0.00, real=0.00 secs] 
2026-06-17T09:50:04.317+0800: 25.382: [CMS-concurrent-reset-start]
2026-06-17T09:50:04.317+0800: 25.382: [CMS-concurrent-reset: 0.000/0.000 secs] [Times: user=0.00 sys=0.00, real=0.00 secs] 
2026-06-17T09:50:04.358+0800: 25.423: [GC (Allocation Failure) 2026-06-17T09:50:04.359+0800: 25.424: [ParNew: 19549K->2173K(19648K), 0.0042199 secs] 48234K->34173K(63360K), 0.0051955 secs] [Times: user=0.04 sys=0.00, real=0.01 secs] 
2026-06-17T09:50:04.364+0800: 25.429: [GC (CMS Initial Mark) [1 CMS-initial-mark: 32000K(43712K)] 35097K(63360K), 0.0014728 secs] [Times: user=0.00 sys=0.00, real=0.00 secs] 
2026-06-17T09:50:04.367+0800: 25.432: [CMS-concurrent-mark-start]
2026-06-17T09:50:04.367+0800: 25.432: [CMS-concurrent-mark: 0.000/0.000 secs] [Times: user=0.01 sys=0.00, real=0.00 secs] 
2026-06-17T09:50:04.367+0800: 25.432: [CMS-concurrent-preclean-start]
2026-06-17T09:50:04.367+0800: 25.432: [CMS-concurrent-preclean: 0.000/0.000 secs] [Times: user=0.00 sys=0.00, real=0.00 secs] 
2026-06-17T09:50:04.368+0800: 25.433: [CMS-concurrent-abortable-preclean-start]
2026-06-17T09:50:04.409+0800: 25.474: [GC (Allocation Failure) 2026-06-17T09:50:04.410+0800: 25.475: [ParNew: 19623K->2175K(19648K), 0.0065588 secs] 51623K->37790K(63360K), 0.0086615 secs] [Times: user=0.03 sys=0.00, real=0.01 secs] 
2026-06-17T09:50:04.464+0800: 25.529: [GC (Allocation Failure) 2026-06-17T09:50:04.465+0800: 25.530: [ParNew: 19640K->2173K(19648K), 0.0126039 secs] 55255K->43317K(63360K), 0.0147110 secs] [Times: user=0.14 sys=0.01, real=0.01 secs] 
2026-06-17T09:50:04.524+0800: 25.589: [GC (Allocation Failure) 2026-06-17T09:50:04.525+0800: 25.590: [ParNew: 19634K->19634K(19648K), 0.0009017 secs]2026-06-17T09:50:04.526+0800: 25.592: [CMS2026-06-17T09:50:04.527+0800: 25.592: [CMS-concurrent-abortable-preclean: 0.000/0.159 secs] [Times: user=0.17 sys=0.01, real=0.16 secs] 
 (concurrent mode failure): 41144K->34899K(43712K), 0.0097298 secs] 60778K->34899K(63360K), [Metaspace: 2709K->2709K(1056768K)], 0.0132395 secs] [Times: user=0.01 sys=0.00, real=0.01 secs] 
2026-06-17T09:50:04.582+0800: 25.647: [GC (Allocation Failure) 2026-06-17T09:50:04.583+0800: 25.648: [ParNew: 17340K->2082K(19648K), 0.0106634 secs] 52239K->38248K(63360K), 0.0127711 secs] [Times: user=0.06 sys=0.00, real=0.02 secs] 
2026-06-17T09:50:04.597+0800: 25.662: [GC (CMS Initial Mark) [1 CMS-initial-mark: 36166K(43712K)] 39244K(63360K), 0.0014387 secs] [Times: user=0.00 sys=0.00, real=0.00 secs] 
2026-06-17T09:50:04.599+0800: 25.664: [CMS-concurrent-mark-start]
2026-06-17T09:50:04.600+0800: 25.665: [CMS-concurrent-mark: 0.001/0.001 secs] [Times: user=0.01 sys=0.00, real=0.00 secs] 
2026-06-17T09:50:04.601+0800: 25.666: [CMS-concurrent-preclean-start]
2026-06-17T09:50:04.601+0800: 25.666: [CMS-concurrent-preclean: 0.000/0.000 secs] [Times: user=0.00 sys=0.00, real=0.00 secs] 
2026-06-17T09:50:04.601+0800: 25.666: [GC (CMS Final Remark) [YG occupancy: 3078 K (19648 K)]2026-06-17T09:50:04.602+0800: 25.667: [Rescan (parallel) , 0.0121245 secs]2026-06-17T09:50:04.614+0800: 25.679: [weak refs processing, 0.0003996 secs]2026-06-17T09:50:04.615+0800: 25.680: [class unloading, 0.0004311 secs]2026-06-17T09:50:04.616+0800: 25.681: [scrub symbol table, 0.0005002 secs]2026-06-17T09:50:04.617+0800: 25.682: [scrub string table, 0.0006521 secs][1 CMS-remark: 36166K(43712K)] 39244K(63360K), 0.0169020 secs] [Times: user=0.14 sys=0.00, real=0.02 secs] 
2026-06-17T09:50:04.619+0800: 25.684: [CMS-concurrent-sweep-start]
2026-06-17T09:50:04.619+0800: 25.685: [CMS-concurrent-sweep: 0.000/0.000 secs] [Times: user=0.00 sys=0.00, real=0.00 secs] 
2026-06-17T09:50:04.620+0800: 25.685: [CMS-concurrent-reset-start]
2026-06-17T09:50:04.620+0800: 25.685: [CMS-concurrent-reset: 0.000/0.000 secs] [Times: user=0.00 sys=0.00, real=0.00 secs] 
2026-06-17T09:50:04.662+0800: 25.727: [GC (Allocation Failure) 2026-06-17T09:50:04.663+0800: 25.728: [ParNew: 19554K->2119K(19648K), 0.0096276 secs] 42569K->27872K(63360K), 0.0113354 secs] [Times: user=0.07 sys=0.01, real=0.02 secs] 
2026-06-17T09:50:04.719+0800: 25.784: [GC (Allocation Failure) 2026-06-17T09:50:04.720+0800: 25.785: [ParNew: 19569K->2174K(19648K), 0.0050230 secs] 45322K->31504K(63360K), 0.0067202 secs] [Times: user=0.03 sys=0.00, real=0.01 secs] 
2026-06-17T09:50:04.771+0800: 25.836: [GC (Allocation Failure) 2026-06-17T09:50:04.772+0800: 25.837: [ParNew: 19646K->2174K(19648K), 0.0084750 secs] 48976K->37064K(63360K), 0.0100563 secs] [Times: user=0.06 sys=0.01, real=0.00 secs] 
2026-06-17T09:50:04.783+0800: 25.848: [GC (CMS Initial Mark) [1 CMS-initial-mark: 34889K(43712K)] 38474K(63360K), 0.0016569 secs] [Times: user=0.00 sys=0.00, real=0.00 secs] 
2026-06-17T09:50:04.785+0800: 25.851: [CMS-concurrent-mark-start]
2026-06-17T09:50:04.786+0800: 25.851: [CMS-concurrent-mark: 0.001/0.001 secs] [Times: user=0.01 sys=0.00, real=0.00 secs] 
2026-06-17T09:50:04.787+0800: 25.852: [CMS-concurrent-preclean-start]
2026-06-17T09:50:04.787+0800: 25.852: [CMS-concurrent-preclean: 0.000/0.000 secs] [Times: user=0.00 sys=0.00, real=0.00 secs] 
2026-06-17T09:50:04.787+0800: 25.852: [GC (CMS Final Remark) [YG occupancy: 4202 K (19648 K)]2026-06-17T09:50:04.788+0800: 25.853: [Rescan (parallel) , 0.0088143 secs]2026-06-17T09:50:04.797+0800: 25.862: [weak refs processing, 0.0005045 secs]2026-06-17T09:50:04.798+0800: 25.863: [class unloading, 0.0006585 secs]2026-06-17T09:50:04.799+0800: 25.864: [scrub symbol table, 0.0005958 secs]2026-06-17T09:50:04.800+0800: 25.866: [scrub string table, 0.0005008 secs][1 CMS-remark: 34889K(43712K)] 39092K(63360K), 0.0142826 secs] [Times: user=0.09 sys=0.00, real=0.01 secs] 
2026-06-17T09:50:04.803+0800: 25.868: [CMS-concurrent-sweep-start]
2026-06-17T09:50:04.803+0800: 25.868: [CMS-concurrent-sweep: 0.000/0.000 secs] [Times: user=0.00 sys=0.00, real=0.00 secs] 
2026-06-17T09:50:04.803+0800: 25.868: [CMS-concurrent-reset-start]
2026-06-17T09:50:04.803+0800: 25.868: [CMS-concurrent-reset: 0.000/0.000 secs] [Times: user=0.00 sys=0.00, real=0.00 secs] 
2026-06-17T09:50:04.835+0800: 25.900: [GC (Allocation Failure) 2026-06-17T09:50:04.836+0800: 25.901: [ParNew: 19635K->2175K(19648K), 0.0100123 secs] 37562K->25040K(63360K), 0.0115642 secs] [Times: user=0.10 sys=0.00, real=0.01 secs] 
2026-06-17T09:50:04.892+0800: 25.957: [GC (Allocation Failure) 2026-06-17T09:50:04.893+0800: 25.958: [ParNew: 19516K->2172K(19648K), 0.0106691 secs] 42381K->27347K(63360K), 0.0123889 secs] [Times: user=0.10 sys=0.00, real=0.01 secs] 
2026-06-17T09:50:04.961+0800: 26.026: [GC (Allocation Failure) 2026-06-17T09:50:04.962+0800: 26.027: [ParNew: 19594K->2166K(19648K), 0.0077899 secs] 44770K->30719K(63360K), 0.0096957 secs] [Times: user=0.06 sys=0.00, real=0.02 secs] 
2026-06-17T09:50:05.017+0800: 26.082: [GC (Allocation Failure) 2026-06-17T09:50:05.018+0800: 26.083: [ParNew: 19638K->2174K(19648K), 0.0143695 secs] 48191K->34377K(63360K), 0.0157746 secs] [Times: user=0.08 sys=0.00, real=0.02 secs] 
2026-06-17T09:50:05.076+0800: 26.141: [GC (Allocation Failure) 2026-06-17T09:50:05.077+0800: 26.142: [ParNew: 19645K->2171K(19648K), 0.0130397 secs] 51847K->38980K(63360K), 0.0146406 secs] [Times: user=0.11 sys=0.01, real=0.02 secs] 
2026-06-17T09:50:05.092+0800: 26.157: [GC (CMS Initial Mark) [1 CMS-initial-mark: 36809K(43712K)] 40527K(63360K), 0.0017347 secs] [Times: user=0.00 sys=0.00, real=0.00 secs] 
2026-06-17T09:50:05.095+0800: 26.160: [CMS-concurrent-mark-start]
2026-06-17T09:50:05.095+0800: 26.160: [CMS-concurrent-mark: 0.000/0.000 secs] [Times: user=0.00 sys=0.00, real=0.00 secs] 
2026-06-17T09:50:05.096+0800: 26.161: [CMS-concurrent-preclean-start]
2026-06-17T09:50:05.096+0800: 26.161: [CMS-concurrent-preclean: 0.000/0.000 secs] [Times: user=0.00 sys=0.00, real=0.00 secs] 
2026-06-17T09:50:05.096+0800: 26.161: [CMS-concurrent-abortable-preclean-start]
2026-06-17T09:50:05.137+0800: 26.202: [GC (Allocation Failure) 2026-06-17T09:50:05.137+0800: 26.203: [ParNew: 19637K->2174K(19648K), 0.0114977 secs] 56446K->43250K(63360K), 0.0130447 secs] [Times: user=0.12 sys=0.00, real=0.02 secs] 
2026-06-17T09:50:05.195+0800: 26.260: [GC (Allocation Failure) 2026-06-17T09:50:05.196+0800: 26.261: [ParNew: 19407K->19407K(19648K), 0.0008833 secs]2026-06-17T09:50:05.197+0800: 26.262: [CMS2026-06-17T09:50:05.198+0800: 26.263: [CMS-concurrent-abortable-preclean: 0.000/0.102 secs] [Times: user=0.12 sys=0.00, real=0.10 secs] 
 (concurrent mode failure): 41075K->28011K(43712K), 0.0086964 secs] 60483K->28011K(63360K), [Metaspace: 2709K->2709K(1056768K)], 0.0122447 secs] [Times: user=0.01 sys=0.00, real=0.01 secs] 
2026-06-17T09:50:05.251+0800: 26.316: [GC (Allocation Failure) 2026-06-17T09:50:05.252+0800: 26.317: [ParNew: 16866K->2142K(19648K), 0.0142313 secs] 44878K->30873K(63360K), 0.0155985 secs] [Times: user=0.08 sys=0.00, real=0.01 secs] 
2026-06-17T09:50:05.320+0800: 26.385: [GC (Allocation Failure) 2026-06-17T09:50:05.320+0800: 26.385: [ParNew: 19614K->2170K(19648K), 0.0082299 secs] 48345K->35076K(63360K), 0.0095179 secs] [Times: user=0.07 sys=0.00, real=0.01 secs] 
2026-06-17T09:50:05.373+0800: 26.438: [GC (Allocation Failure) 2026-06-17T09:50:05.373+0800: 26.438: [ParNew: 19621K->2165K(19648K), 0.0086506 secs] 52526K->39346K(63360K), 0.0100556 secs] [Times: user=0.09 sys=0.00, real=0.01 secs] 
2026-06-17T09:50:05.384+0800: 26.449: [GC (CMS Initial Mark) [1 CMS-initial-mark: 37180K(43712K)] 40296K(63360K), 0.0012970 secs] [Times: user=0.00 sys=0.00, real=0.00 secs] 
2026-06-17T09:50:05.386+0800: 26.451: [CMS-concurrent-mark-start]
2026-06-17T09:50:05.386+0800: 26.452: [CMS-concurrent-mark: 0.000/0.000 secs] [Times: user=0.00 sys=0.01, real=0.00 secs] 
2026-06-17T09:50:05.387+0800: 26.452: [CMS-concurrent-preclean-start]
2026-06-17T09:50:05.387+0800: 26.452: [CMS-concurrent-preclean: 0.000/0.000 secs] [Times: user=0.00 sys=0.00, real=0.00 secs] 
2026-06-17T09:50:05.388+0800: 26.453: [CMS-concurrent-abortable-preclean-start]
2026-06-17T09:50:05.428+0800: 26.493: [GC (Allocation Failure) 2026-06-17T09:50:05.429+0800: 26.494: [ParNew: 19631K->2175K(19648K), 0.0094494 secs] 56812K->43305K(63360K), 0.0108376 secs] [Times: user=0.08 sys=0.00, real=0.01 secs] 
2026-06-17T09:50:05.482+0800: 26.548: [GC (Allocation Failure) 2026-06-17T09:50:05.483+0800: 26.548: [ParNew: 19581K->19581K(19648K), 0.0005980 secs]2026-06-17T09:50:05.484+0800: 26.549: [CMS2026-06-17T09:50:05.485+0800: 26.550: [CMS-concurrent-abortable-preclean: 0.000/0.097 secs] [Times: user=0.08 sys=0.00, real=0.10 secs] 
 (concurrent mode failure): 41129K->23388K(43712K), 0.0047215 secs] 60711K->23388K(63360K), [Metaspace: 2709K->2709K(1056768K)], 0.0068315 secs] [Times: user=0.01 sys=0.00, real=0.01 secs] 
2026-06-17T09:50:05.533+0800: 26.598: [GC (Allocation Failure) 2026-06-17T09:50:05.534+0800: 26.599: [ParNew: 17447K->2173K(19648K), 0.0120918 secs] 40836K->30746K(63360K), 0.0149847 secs] [Times: user=0.10 sys=0.00, real=0.02 secs] 
2026-06-17T09:50:05.607+0800: 26.673: [GC (Allocation Failure) 2026-06-17T09:50:05.608+0800: 26.674: [ParNew: 19645K->2163K(19648K), 0.0104322 secs] 48218K->33172K(63360K), 0.0123015 secs] [Times: user=0.07 sys=0.01, real=0.01 secs] 
2026-06-17T09:50:05.666+0800: 26.731: [GC (Allocation Failure) 2026-06-17T09:50:05.667+0800: 26.732: [ParNew: 19635K->2052K(19648K), 0.0096315 secs] 50644K->36559K(63360K), 0.0116239 secs] [Times: user=0.09 sys=0.00, real=0.01 secs] 
2026-06-17T09:50:05.680+0800: 26.745: [GC (CMS Initial Mark) [1 CMS-initial-mark: 34507K(43712K)] 39339K(63360K), 0.0032098 secs] [Times: user=0.00 sys=0.00, real=0.01 secs] 
2026-06-17T09:50:05.684+0800: 26.750: [CMS-concurrent-mark-start]
2026-06-17T09:50:05.685+0800: 26.750: [CMS-concurrent-mark: 0.001/0.001 secs] [Times: user=0.00 sys=0.00, real=0.00 secs] 
2026-06-17T09:50:05.686+0800: 26.751: [CMS-concurrent-preclean-start]
2026-06-17T09:50:05.686+0800: 26.751: [CMS-concurrent-preclean: 0.000/0.000 secs] [Times: user=0.00 sys=0.00, real=0.00 secs] 
2026-06-17T09:50:05.687+0800: 26.752: [CMS-concurrent-abortable-preclean-start]
2026-06-17T09:50:05.728+0800: 26.793: [GC (Allocation Failure) 2026-06-17T09:50:05.729+0800: 26.794: [ParNew: 19524K->2174K(19648K), 0.0100682 secs] 54031K->40521K(63360K), 0.0115349 secs] [Times: user=0.11 sys=0.01, real=0.01 secs] 
2026-06-17T09:50:05.785+0800: 26.850: [GC (Allocation Failure) 2026-06-17T09:50:05.786+0800: 26.851: [ParNew (promotion failed): 19646K->19646K(19648K), 0.0123301 secs]2026-06-17T09:50:05.800+0800: 26.865: [CMS2026-06-17T09:50:05.800+0800: 26.865: [CMS-concurrent-abortable-preclean: 0.000/0.114 secs] [Times: user=0.21 sys=0.01, real=0.11 secs] 
 (concurrent mode failure): 43545K->31720K(43712K), 0.0045172 secs] 57993K->31720K(63360K), [Metaspace: 2709K->2709K(1056768K)], 0.0199163 secs] [Times: user=0.09 sys=0.00, real=0.02 secs] 
2026-06-17T09:50:05.850+0800: 26.915: [GC (Allocation Failure) 2026-06-17T09:50:05.851+0800: 26.916: [ParNew: 17472K->2171K(19648K), 0.0132564 secs] 49192K->38393K(63360K), 0.0148390 secs] [Times: user=0.14 sys=0.00, real=0.02 secs] 
2026-06-17T09:50:05.866+0800: 26.931: [GC (CMS Initial Mark) [1 CMS-initial-mark: 36222K(43712K)] 38883K(63360K), 0.0018233 secs] [Times: user=0.00 sys=0.00, real=0.00 secs] 
2026-06-17T09:50:05.869+0800: 26.934: [CMS-concurrent-mark-start]
2026-06-17T09:50:05.870+0800: 26.935: [CMS-concurrent-mark: 0.000/0.000 secs] [Times: user=0.00 sys=0.00, real=0.00 secs] 
2026-06-17T09:50:05.870+0800: 26.935: [CMS-concurrent-preclean-start]
2026-06-17T09:50:05.870+0800: 26.935: [CMS-concurrent-preclean: 0.000/0.000 secs] [Times: user=0.00 sys=0.00, real=0.00 secs] 
2026-06-17T09:50:05.871+0800: 26.936: [GC (CMS Final Remark) [YG occupancy: 2956 K (19648 K)]2026-06-17T09:50:05.871+0800: 26.936: [Rescan (parallel) , 0.0050055 secs]2026-06-17T09:50:05.877+0800: 26.942: [weak refs processing, 0.0006161 secs]2026-06-17T09:50:05.878+0800: 26.943: [class unloading, 0.0008403 secs]2026-06-17T09:50:05.879+0800: 26.945: [scrub symbol table, 0.0007767 secs]2026-06-17T09:50:05.881+0800: 26.946: [scrub string table, 0.0006524 secs][1 CMS-remark: 36222K(43712K)] 39179K(63360K), 0.0110368 secs] [Times: user=0.04 sys=0.00, real=0.00 secs] 
2026-06-17T09:50:05.883+0800: 26.948: [CMS-concurrent-sweep-start]
2026-06-17T09:50:05.883+0800: 26.948: [CMS-concurrent-sweep: 0.000/0.000 secs] [Times: user=0.00 sys=0.00, real=0.00 secs] 
2026-06-17T09:50:05.883+0800: 26.948: [CMS-concurrent-reset-start]
2026-06-17T09:50:05.883+0800: 26.948: [CMS-concurrent-reset: 0.000/0.000 secs] [Times: user=0.00 sys=0.00, real=0.00 secs] 
2026-06-17T09:50:05.925+0800: 26.990: [GC (Allocation Failure) 2026-06-17T09:50:05.926+0800: 26.991: [ParNew: 19608K->2083K(19648K), 0.0094372 secs] 43417K->28183K(63360K), 0.0106746 secs] [Times: user=0.11 sys=0.00, real=0.01 secs] 
2026-06-17T09:50:05.979+0800: 27.044: [GC (Allocation Failure) 2026-06-17T09:50:05.980+0800: 27.045: [ParNew: 19555K->2164K(19648K), 0.0057315 secs] 45655K->32035K(63360K), 0.0074190 secs] [Times: user=0.02 sys=0.01, real=0.01 secs] 
2026-06-17T09:50:06.031+0800: 27.096: [GC (Allocation Failure) 2026-06-17T09:50:06.032+0800: 27.097: [ParNew: 19636K->2175K(19648K), 0.0101771 secs] 49507K->36455K(63360K), 0.0116123 secs] [Times: user=0.10 sys=0.00, real=0.01 secs] 
2026-06-17T09:50:06.044+0800: 27.109: [GC (CMS Initial Mark) [1 CMS-initial-mark: 34280K(43712K)] 37296K(63360K), 0.0024064 secs] [Times: user=0.00 sys=0.00, real=0.00 secs] 
2026-06-17T09:50:06.048+0800: 27.113: [CMS-concurrent-mark-start]
2026-06-17T09:50:06.048+0800: 27.113: [CMS-concurrent-mark: 0.000/0.000 secs] [Times: user=0.00 sys=0.00, real=0.00 secs] 
2026-06-17T09:50:06.048+0800: 27.114: [CMS-concurrent-preclean-start]
2026-06-17T09:50:06.049+0800: 27.114: [CMS-concurrent-preclean: 0.000/0.000 secs] [Times: user=0.00 sys=0.00, real=0.00 secs] 
2026-06-17T09:50:06.049+0800: 27.114: [GC (CMS Final Remark) [YG occupancy: 3998 K (19648 K)]2026-06-17T09:50:06.050+0800: 27.115: [Rescan (parallel) , 0.0088607 secs]2026-06-17T09:50:06.059+0800: 27.124: [weak refs processing, 0.0008102 secs]2026-06-17T09:50:06.060+0800: 27.125: [class unloading, 0.0005126 secs]2026-06-17T09:50:06.061+0800: 27.126: [scrub symbol table, 0.0006467 secs]2026-06-17T09:50:06.062+0800: 27.128: [scrub string table, 0.0005170 secs][1 CMS-remark: 34280K(43712K)] 38278K(63360K), 0.0143106 secs] [Times: user=0.09 sys=0.00, real=0.02 secs] 
2026-06-17T09:50:06.064+0800: 27.130: [CMS-concurrent-sweep-start]
2026-06-17T09:50:06.065+0800: 27.130: [CMS-concurrent-sweep: 0.000/0.000 secs] [Times: user=0.00 sys=0.00, real=0.00 secs] 
2026-06-17T09:50:06.065+0800: 27.130: [CMS-concurrent-reset-start]
2026-06-17T09:50:06.065+0800: 27.130: [CMS-concurrent-reset: 0.000/0.000 secs] [Times: user=0.00 sys=0.00, real=0.00 secs] 
2026-06-17T09:50:06.096+0800: 27.161: [GC (Allocation Failure) 2026-06-17T09:50:06.097+0800: 27.162: [ParNew: 19637K->2170K(19648K), 0.0092035 secs] 45567K->33306K(63360K), 0.0104825 secs] [Times: user=0.09 sys=0.00, real=0.01 secs] 
2026-06-17T09:50:06.108+0800: 27.173: [GC (CMS Initial Mark) [1 CMS-initial-mark: 31136K(43712K)] 34695K(63360K), 0.0017649 secs] [Times: user=0.00 sys=0.00, real=0.00 secs] 
2026-06-17T09:50:06.111+0800: 27.176: [CMS-concurrent-mark-start]
2026-06-17T09:50:06.111+0800: 27.176: [CMS-concurrent-mark: 0.000/0.000 secs] [Times: user=0.00 sys=0.01, real=0.00 secs] 
2026-06-17T09:50:06.111+0800: 27.177: [CMS-concurrent-preclean-start]
2026-06-17T09:50:06.112+0800: 27.177: [CMS-concurrent-preclean: 0.000/0.000 secs] [Times: user=0.00 sys=0.00, real=0.00 secs] 
2026-06-17T09:50:06.112+0800: 27.177: [CMS-concurrent-abortable-preclean-start]
2026-06-17T09:50:06.153+0800: 27.218: [GC (Allocation Failure) 2026-06-17T09:50:06.154+0800: 27.219: [ParNew: 19625K->2169K(19648K), 0.0082931 secs] 50761K->38588K(63360K), 0.0101049 secs] [Times: user=0.08 sys=0.00, real=0.01 secs] 
2026-06-17T09:50:06.219+0800: 27.284: [GC (Allocation Failure) 2026-06-17T09:50:06.220+0800: 27.285: [ParNew: 19579K->2057K(19648K), 0.0178391 secs] 55998K->40550K(63360K), 0.0191246 secs] [Times: user=0.14 sys=0.00, real=0.02 secs] 
2026-06-17T09:50:06.271+0800: 27.336: [GC (Allocation Failure) 2026-06-17T09:50:06.272+0800: 27.337: [ParNew: 19205K->19205K(19648K), 0.0008435 secs]2026-06-17T09:50:06.273+0800: 27.338: [CMS2026-06-17T09:50:06.274+0800: 27.339: [CMS-concurrent-abortable-preclean: 0.000/0.162 secs] [Times: user=0.23 sys=0.00, real=0.16 secs] 
 (concurrent mode failure): 38492K->29085K(43712K), 0.0072068 secs] 57698K->29085K(63360K), [Metaspace: 2709K->2709K(1056768K)], 0.0100439 secs] [Times: user=0.01 sys=0.00, real=0.00 secs] 
2026-06-17T09:50:06.336+0800: 27.402: [GC (Allocation Failure) 2026-06-17T09:50:06.337+0800: 27.402: [ParNew: 17461K->2078K(19648K), 0.0097350 secs] 46546K->32366K(63360K), 0.0109078 secs] [Times: user=0.08 sys=0.00, real=0.01 secs] 
2026-06-17T09:50:06.391+0800: 27.456: [GC (Allocation Failure) 2026-06-17T09:50:06.391+0800: 27.457: [ParNew: 19550K->2173K(19648K), 0.0086536 secs] 49838K->35881K(63360K), 0.0103895 secs] [Times: user=0.08 sys=0.00, real=0.01 secs] 
2026-06-17T09:50:06.446+0800: 27.511: [GC (Allocation Failure) 2026-06-17T09:50:06.447+0800: 27.512: [ParNew: 19591K->2164K(19648K), 0.0068101 secs] 53299K->39569K(63360K), 0.0086278 secs] [Times: user=0.05 sys=0.01, real=0.01 secs] 
2026-06-17T09:50:06.455+0800: 27.521: [GC (CMS Initial Mark) [1 CMS-initial-mark: 37404K(43712K)] 41396K(63360K), 0.0033797 secs] [Times: user=0.00 sys=0.00, real=0.00 secs] 
2026-06-17T09:50:06.460+0800: 27.525: [CMS-concurrent-mark-start]
2026-06-17T09:50:06.460+0800: 27.526: [CMS-concurrent-mark: 0.000/0.000 secs] [Times: user=0.00 sys=0.00, real=0.00 secs] 
2026-06-17T09:50:06.461+0800: 27.526: [CMS-concurrent-preclean-start]
2026-06-17T09:50:06.461+0800: 27.526: [CMS-concurrent-preclean: 0.000/0.000 secs] [Times: user=0.00 sys=0.00, real=0.00 secs] 
2026-06-17T09:50:06.461+0800: 27.526: [CMS-concurrent-abortable-preclean-start]
2026-06-17T09:50:06.502+0800: 27.567: [GC (Allocation Failure) 2026-06-17T09:50:06.503+0800: 27.568: [ParNew: 19593K->2171K(19648K), 0.0084482 secs] 56998K->42989K(63360K), 0.0094448 secs] [Times: user=0.11 sys=0.00, real=0.02 secs] 
2026-06-17T09:50:06.555+0800: 27.620: [GC (Allocation Failure) 2026-06-17T09:50:06.555+0800: 27.620: [ParNew: 19643K->19643K(19648K), 0.0004868 secs]2026-06-17T09:50:06.556+0800: 27.621: [CMS2026-06-17T09:50:06.556+0800: 27.621: [CMS-concurrent-abortable-preclean: 0.000/0.095 secs] [Times: user=0.11 sys=0.00, real=0.10 secs] 
 (concurrent mode failure): 40818K->25663K(43712K), 0.0037516 secs] 60461K->25663K(63360K), [Metaspace: 2709K->2709K(1056768K)], 0.0076119 secs] [Times: user=0.00 sys=0.00, real=0.01 secs] 
2026-06-17T09:50:06.614+0800: 27.679: [GC (Allocation Failure) 2026-06-17T09:50:06.616+0800: 27.681: [ParNew: 17470K->2175K(19648K), 0.0075106 secs] 43134K->32522K(63360K), 0.0108988 secs] [Times: user=0.04 sys=0.00, real=0.01 secs] 
2026-06-17T09:50:06.680+0800: 27.745: [GC (Allocation Failure) 2026-06-17T09:50:06.681+0800: 27.746: [ParNew: 19647K->1969K(19648K), 0.0091170 secs] 49994K->33915K(63360K), 0.0106364 secs] [Times: user=0.11 sys=0.01, real=0.02 secs] 
2026-06-17T09:50:06.726+0800: 27.791: [GC (Allocation Failure) 2026-06-17T09:50:06.727+0800: 27.792: [ParNew: 19186K->2128K(19648K), 0.0150172 secs] 51132K->37550K(63360K), 0.0163312 secs] [Times: user=0.10 sys=0.00, real=0.02 secs] 
2026-06-17T09:50:06.743+0800: 27.808: [GC (CMS Initial Mark) [1 CMS-initial-mark: 35422K(43712K)] 38157K(63360K), 0.0011168 secs] [Times: user=0.00 sys=0.00, real=0.00 secs] 
2026-06-17T09:50:06.745+0800: 27.810: [CMS-concurrent-mark-start]
2026-06-17T09:50:06.751+0800: 27.816: [CMS-concurrent-mark: 0.006/0.006 secs] [Times: user=0.02 sys=0.00, real=0.01 secs] 
2026-06-17T09:50:06.751+0800: 27.817: [CMS-concurrent-preclean-start]
2026-06-17T09:50:06.751+0800: 27.817: [CMS-concurrent-preclean: 0.000/0.000 secs] [Times: user=0.00 sys=0.00, real=0.00 secs] 
2026-06-17T09:50:06.752+0800: 27.817: [GC (CMS Final Remark) [YG occupancy: 2735 K (19648 K)]2026-06-17T09:50:06.752+0800: 27.817: [Rescan (parallel) , 0.0147586 secs]2026-06-17T09:50:06.768+0800: 27.833: [weak refs processing, 0.0008010 secs]2026-06-17T09:50:06.769+0800: 27.834: [class unloading, 0.0008446 secs]2026-06-17T09:50:06.771+0800: 27.836: [scrub symbol table, 0.0005804 secs]2026-06-17T09:50:06.772+0800: 27.837: [scrub string table, 0.0005196 secs][1 CMS-remark: 35422K(43712K)] 38157K(63360K), 0.0205069 secs] [Times: user=0.14 sys=0.00, real=0.02 secs] 
2026-06-17T09:50:06.773+0800: 27.838: [CMS-concurrent-sweep-start]
2026-06-17T09:50:06.773+0800: 27.839: [CMS-concurrent-sweep: 0.000/0.000 secs] [Times: user=0.00 sys=0.00, real=0.00 secs] 
2026-06-17T09:50:06.774+0800: 27.839: [CMS-concurrent-reset-start]
2026-06-17T09:50:06.774+0800: 27.839: [CMS-concurrent-reset: 0.000/0.000 secs] [Times: user=0.00 sys=0.00, real=0.00 secs] 
2026-06-17T09:50:06.816+0800: 27.881: [GC (Allocation Failure) 2026-06-17T09:50:06.817+0800: 27.882: [ParNew: 19584K->2160K(19648K), 0.0096072 secs] 40239K->25907K(63360K), 0.0111588 secs] [Times: user=0.07 sys=0.00, real=0.01 secs] 
2026-06-17T09:50:06.873+0800: 27.938: [GC (Allocation Failure) 2026-06-17T09:50:06.874+0800: 27.939: [ParNew: 19632K->2175K(19648K), 0.0086561 secs] 43379K->29583K(63360K), 0.0099670 secs] [Times: user=0.08 sys=0.00, real=0.01 secs] 
2026-06-17T09:50:06.928+0800: 27.993: [GC (Allocation Failure) 2026-06-17T09:50:06.929+0800: 27.994: [ParNew: 19647K->2169K(19648K), 0.0090315 secs] 47055K->33878K(63360K), 0.0114493 secs] [Times: user=0.06 sys=0.00, real=0.01 secs] 
2026-06-17T09:50:06.985+0800: 28.050: [GC (Allocation Failure) 2026-06-17T09:50:06.985+0800: 28.051: [ParNew: 19641K->2173K(19648K), 0.0050599 secs] 51350K->38752K(63360K), 0.0063508 secs] [Times: user=0.03 sys=0.00, real=0.01 secs] 
2026-06-17T09:50:06.992+0800: 28.057: [GC (CMS Initial Mark) [1 CMS-initial-mark: 36579K(43712K)] 39290K(63360K), 0.0020421 secs] [Times: user=0.00 sys=0.00, real=0.00 secs] 
2026-06-17T09:50:06.995+0800: 28.060: [CMS-concurrent-mark-start]
2026-06-17T09:50:06.995+0800: 28.061: [CMS-concurrent-mark: 0.000/0.000 secs] [Times: user=0.00 sys=0.00, real=0.00 secs] 
2026-06-17T09:50:06.996+0800: 28.061: [CMS-concurrent-preclean-start]
2026-06-17T09:50:06.996+0800: 28.061: [CMS-concurrent-preclean: 0.000/0.000 secs] [Times: user=0.00 sys=0.00, real=0.00 secs] 
2026-06-17T09:50:06.997+0800: 28.062: [GC (CMS Final Remark) [YG occupancy: 2711 K (19648 K)]2026-06-17T09:50:06.997+0800: 28.062: [Rescan (parallel) , 0.0059026 secs]2026-06-17T09:50:07.004+0800: 28.069: [weak refs processing, 0.0006166 secs]2026-06-17T09:50:07.005+0800: 28.070: [class unloading, 0.0008773 secs]2026-06-17T09:50:07.007+0800: 28.072: [scrub symbol table, 0.0008796 secs]2026-06-17T09:50:07.008+0800: 28.073: [scrub string table, 0.0006697 secs][1 CMS-remark: 36579K(43712K)] 39290K(63360K), 0.0126326 secs] [Times: user=0.05 sys=0.01, real=0.01 secs] 
2026-06-17T09:50:07.011+0800: 28.076: [CMS-concurrent-sweep-start]
2026-06-17T09:50:07.011+0800: 28.076: [CMS-concurrent-sweep: 0.000/0.000 secs] [Times: user=0.00 sys=0.00, real=0.00 secs] 
2026-06-17T09:50:07.011+0800: 28.076: [CMS-concurrent-reset-start]
2026-06-17T09:50:07.011+0800: 28.076: [CMS-concurrent-reset: 0.000/0.000 secs] [Times: user=0.00 sys=0.00, real=0.00 secs] 
2026-06-17T09:50:07.042+0800: 28.107: [GC (Allocation Failure) 2026-06-17T09:50:07.043+0800: 28.108: [ParNew: 19591K->2153K(19648K), 0.0048944 secs] 44370K->29077K(63360K), 0.0058590 secs] [Times: user=0.04 sys=0.00, real=0.01 secs] 
2026-06-17T09:50:07.101+0800: 28.166: [GC (Allocation Failure) 2026-06-17T09:50:07.102+0800: 28.167: [ParNew: 19610K->2158K(19648K), 0.0027708 secs] 46534K->32369K(63360K), 0.0038291 secs] [Times: user=0.01 sys=0.00, real=0.01 secs] 
2026-06-17T09:50:07.148+0800: 28.213: [GC (Allocation Failure) 2026-06-17T09:50:07.149+0800: 28.214: [ParNew: 19597K->2175K(19648K), 0.0136877 secs] 49808K->36247K(63360K), 0.0160880 secs] [Times: user=0.10 sys=0.00, real=0.02 secs] 
2026-06-17T09:50:07.167+0800: 28.232: [GC (CMS Initial Mark) [1 CMS-initial-mark: 34072K(43712K)] 37797K(63360K), 0.0023049 secs] [Times: user=0.00 sys=0.00, real=0.01 secs] 
2026-06-17T09:50:07.172+0800: 28.237: [CMS-concurrent-mark-start]
2026-06-17T09:50:07.172+0800: 28.237: [CMS-concurrent-mark: 0.000/0.000 secs] [Times: user=0.00 sys=0.00, real=0.00 secs] 
2026-06-17T09:50:07.172+0800: 28.237: [CMS-concurrent-preclean-start]
2026-06-17T09:50:07.172+0800: 28.237: [CMS-concurrent-preclean: 0.000/0.000 secs] [Times: user=0.00 sys=0.00, real=0.00 secs] 
2026-06-17T09:50:07.175+0800: 28.240: [CMS-concurrent-abortable-preclean-start]
2026-06-17T09:50:07.213+0800: 28.278: [GC (Allocation Failure) 2026-06-17T09:50:07.214+0800: 28.279: [ParNew: 19647K->2168K(19648K), 0.0125356 secs] 53719K->41294K(63360K), 0.0139098 secs] [Times: user=0.12 sys=0.00, real=0.01 secs] 
2026-06-17T09:50:07.270+0800: 28.335: [GC (Allocation Failure) 2026-06-17T09:50:07.271+0800: 28.336: [ParNew: 19614K->19614K(19648K), 0.0004011 secs]2026-06-17T09:50:07.272+0800: 28.337: [CMS2026-06-17T09:50:07.273+0800: 28.338: [CMS-concurrent-abortable-preclean: 0.000/0.098 secs] [Times: user=0.14 sys=0.00, real=0.10 secs] 
 (concurrent mode failure): 39126K->26573K(43712K), 0.0044686 secs] 58740K->26573K(63360K), [Metaspace: 2709K->2709K(1056768K)], 0.0065462 secs] [Times: user=0.00 sys=0.00, real=0.01 secs] 
2026-06-17T09:50:07.321+0800: 28.386: [GC (Allocation Failure) 2026-06-17T09:50:07.321+0800: 28.386: [ParNew: 17467K->2154K(19648K), 0.0049259 secs] 44040K->30607K(63360K), 0.0061745 secs] [Times: user=0.03 sys=0.00, real=0.01 secs] 
2026-06-17T09:50:07.380+0800: 28.445: [GC (Allocation Failure) 2026-06-17T09:50:07.380+0800: 28.446: [ParNew: 19626K->2136K(19648K), 0.0112178 secs] 48079K->34506K(63360K), 0.0124034 secs] [Times: user=0.10 sys=0.01, real=0.02 secs] 
2026-06-17T09:50:07.436+0800: 28.501: [GC (Allocation Failure) 2026-06-17T09:50:07.444+0800: 28.509: [ParNew: 19608K->2104K(19648K), 0.0161062 secs] 51978K->37554K(63360K), 0.0244253 secs] [Times: user=0.13 sys=0.01, real=0.02 secs] 
2026-06-17T09:50:07.462+0800: 28.527: [GC (CMS Initial Mark) [1 CMS-initial-mark: 35450K(43712K)] 39460K(63360K), 0.0014265 secs] [Times: user=0.00 sys=0.00, real=0.01 secs] 
2026-06-17T09:50:07.465+0800: 28.530: [CMS-concurrent-mark-start]
2026-06-17T09:50:07.465+0800: 28.531: [CMS-concurrent-mark: 0.000/0.000 secs] [Times: user=0.00 sys=0.00, real=0.00 secs] 
2026-06-17T09:50:07.466+0800: 28.531: [CMS-concurrent-preclean-start]
2026-06-17T09:50:07.466+0800: 28.531: [CMS-concurrent-preclean: 0.000/0.000 secs] [Times: user=0.00 sys=0.00, real=0.00 secs] 
2026-06-17T09:50:07.466+0800: 28.532: [CMS-concurrent-abortable-preclean-start]
2026-06-17T09:50:07.497+0800: 28.562: [GC (Allocation Failure) 2026-06-17T09:50:07.497+0800: 28.562: [ParNew: 19427K->2135K(19648K), 0.0076980 secs] 54877K->41199K(63360K), 0.0084573 secs] [Times: user=0.09 sys=0.00, real=0.01 secs] 
2026-06-17T09:50:07.559+0800: 28.625: [GC (Allocation Failure) 2026-06-17T09:50:07.561+0800: 28.626: [ParNew: 19607K->2088K(19648K), 0.0073115 secs] 58671K->44379K(63360K), 0.0095318 secs] [Times: user=0.04 sys=0.00, real=0.01 secs] 
2026-06-17T09:50:07.571+0800: 28.636: [CMS-concurrent-abortable-preclean: 0.000/0.105 secs] [Times: user=0.13 sys=0.00, real=0.11 secs] 
2026-06-17T09:50:07.572+0800: 28.637: [GC (CMS Final Remark) [YG occupancy: 4605 K (19648 K)]2026-06-17T09:50:07.573+0800: 28.638: [Rescan (parallel) , 0.0115934 secs]2026-06-17T09:50:07.585+0800: 28.651: [weak refs processing, 0.0007893 secs]2026-06-17T09:50:07.587+0800: 28.652: [class unloading, 0.0010555 secs]2026-06-17T09:50:07.589+0800: 28.654: [scrub symbol table, 0.0009597 secs]2026-06-17T09:50:07.590+0800: 28.656: [scrub string table, 0.0005601 secs][1 CMS-remark: 42290K(43712K)] 46896K(63360K), 0.0195106 secs] [Times: user=0.12 sys=0.01, real=0.02 secs] 
2026-06-17T09:50:07.593+0800: 28.658: [CMS-concurrent-sweep-start]
2026-06-17T09:50:07.593+0800: 28.658: [CMS-concurrent-sweep: 0.000/0.000 secs] [Times: user=0.00 sys=0.00, real=0.00 secs] 
2026-06-17T09:50:07.594+0800: 28.659: [CMS-concurrent-reset-start]
2026-06-17T09:50:07.594+0800: 28.659: [CMS-concurrent-reset: 0.000/0.000 secs] [Times: user=0.00 sys=0.00, real=0.00 secs] 
2026-06-17T09:50:07.626+0800: 28.691: [GC (Allocation Failure) 2026-06-17T09:50:07.627+0800: 28.692: [ParNew: 19560K->2171K(19648K), 0.0124694 secs] 49011K->35170K(63360K), 0.0138840 secs] [Times: user=0.08 sys=0.01, real=0.01 secs] 
2026-06-17T09:50:07.641+0800: 28.706: [GC (CMS Initial Mark) [1 CMS-initial-mark: 32998K(43712K)] 37215K(63360K), 0.0014601 secs] [Times: user=0.00 sys=0.00, real=0.01 secs] 
2026-06-17T09:50:07.643+0800: 28.708: [CMS-concurrent-mark-start]
2026-06-17T09:50:07.645+0800: 28.710: [CMS-concurrent-mark: 0.002/0.002 secs] [Times: user=0.01 sys=0.00, real=0.00 secs] 
2026-06-17T09:50:07.646+0800: 28.711: [CMS-concurrent-preclean-start]
2026-06-17T09:50:07.646+0800: 28.711: [CMS-concurrent-preclean: 0.000/0.000 secs] [Times: user=0.00 sys=0.00, real=0.00 secs] 
2026-06-17T09:50:07.646+0800: 28.711: [CMS-concurrent-abortable-preclean-start]
2026-06-17T09:50:07.686+0800: 28.751: [GC (Allocation Failure) 2026-06-17T09:50:07.687+0800: 28.752: [ParNew: 19643K->2062K(19648K), 0.0100899 secs] 52642K->39766K(63360K), 0.0116918 secs] [Times: user=0.09 sys=0.00, real=0.01 secs] 
2026-06-17T09:50:07.742+0800: 28.807: [GC (Allocation Failure) 2026-06-17T09:50:07.743+0800: 28.808: [ParNew: 19478K->2175K(19648K), 0.0100284 secs] 57183K->43592K(63360K), 0.0120361 secs] [Times: user=0.11 sys=0.00, real=0.02 secs] 
2026-06-17T09:50:07.756+0800: 28.821: [CMS-concurrent-abortable-preclean: 0.000/0.110 secs] [Times: user=0.20 sys=0.00, real=0.11 secs] 
2026-06-17T09:50:07.757+0800: 28.822: [GC (CMS Final Remark) [YG occupancy: 4133 K (19648 K)]2026-06-17T09:50:07.758+0800: 28.823: [Rescan (parallel) , 0.0049746 secs]2026-06-17T09:50:07.763+0800: 28.828: [weak refs processing, 0.0007161 secs]2026-06-17T09:50:07.764+0800: 28.830: [class unloading, 0.0007608 secs]2026-06-17T09:50:07.766+0800: 28.831: [scrub symbol table, 0.0007269 secs]2026-06-17T09:50:07.767+0800: 28.832: [scrub string table, 0.0005373 secs][1 CMS-remark: 41416K(43712K)] 45549K(63360K), 0.0111752 secs] [Times: user=0.03 sys=0.00, real=0.01 secs] 
2026-06-17T09:50:07.769+0800: 28.834: [CMS-concurrent-sweep-start]
2026-06-17T09:50:07.769+0800: 28.834: [CMS-concurrent-sweep: 0.000/0.000 secs] [Times: user=0.00 sys=0.00, real=0.00 secs] 
2026-06-17T09:50:07.770+0800: 28.835: [CMS-concurrent-reset-start]
2026-06-17T09:50:07.770+0800: 28.835: [CMS-concurrent-reset: 0.000/0.000 secs] [Times: user=0.00 sys=0.00, real=0.00 secs] 
2026-06-17T09:50:07.802+0800: 28.867: [GC (Allocation Failure) 2026-06-17T09:50:07.803+0800: 28.868: [ParNew: 19549K->2078K(19648K), 0.0089967 secs] 50799K->34349K(63360K), 0.0110689 secs] [Times: user=0.10 sys=0.01, real=0.02 secs] 
2026-06-17T09:50:07.815+0800: 28.880: [GC (CMS Initial Mark) [1 CMS-initial-mark: 32271K(43712K)] 35924K(63360K), 0.0024662 secs] [Times: user=0.00 sys=0.00, real=0.00 secs] 
2026-06-17T09:50:07.819+0800: 28.884: [CMS-concurrent-mark-start]
2026-06-17T09:50:07.820+0800: 28.885: [CMS-concurrent-mark: 0.001/0.001 secs] [Times: user=0.00 sys=0.00, real=0.00 secs] 
2026-06-17T09:50:07.820+0800: 28.886: [CMS-concurrent-preclean-start]
2026-06-17T09:50:07.821+0800: 28.886: [CMS-concurrent-preclean: 0.000/0.000 secs] [Times: user=0.00 sys=0.00, real=0.00 secs] 
2026-06-17T09:50:07.821+0800: 28.886: [GC (CMS Final Remark) [YG occupancy: 3653 K (19648 K)]2026-06-17T09:50:07.822+0800: 28.887: [Rescan (parallel) , 0.0072270 secs]2026-06-17T09:50:07.830+0800: 28.895: [weak refs processing, 0.0004860 secs]2026-06-17T09:50:07.831+0800: 28.896: [class unloading, 0.0006487 secs]2026-06-17T09:50:07.832+0800: 28.897: [scrub symbol table, 0.0007947 secs]2026-06-17T09:50:07.833+0800: 28.898: [scrub string table, 0.0006002 secs][1 CMS-remark: 32271K(43712K)] 35924K(63360K), 0.0127783 secs] [Times: user=0.06 sys=0.00, real=0.02 secs] 
2026-06-17T09:50:07.835+0800: 28.900: [CMS-concurrent-sweep-start]
2026-06-17T09:50:07.835+0800: 28.900: [CMS-concurrent-sweep: 0.000/0.000 secs] [Times: user=0.00 sys=0.00, real=0.00 secs] 
2026-06-17T09:50:07.836+0800: 28.901: [CMS-concurrent-reset-start]
2026-06-17T09:50:07.836+0800: 28.901: [CMS-concurrent-reset: 0.000/0.000 secs] [Times: user=0.00 sys=0.00, real=0.00 secs] 
2026-06-17T09:50:07.868+0800: 28.933: [GC (Allocation Failure) 2026-06-17T09:50:07.869+0800: 28.934: [ParNew: 19502K->2175K(19648K), 0.0190250 secs] 40015K->29566K(63360K), 0.0206320 secs] [Times: user=0.13 sys=0.00, real=0.02 secs] 
2026-06-17T09:50:07.890+0800: 28.955: [GC (CMS Initial Mark) [1 CMS-initial-mark: 27390K(43712K)] 30344K(63360K), 0.0012211 secs] [Times: user=0.00 sys=0.00, real=0.01 secs] 
2026-06-17T09:50:07.892+0800: 28.957: [CMS-concurrent-mark-start]
2026-06-17T09:50:07.896+0800: 28.961: [CMS-concurrent-mark: 0.004/0.004 secs] [Times: user=0.02 sys=0.00, real=0.00 secs] 
2026-06-17T09:50:07.896+0800: 28.961: [CMS-concurrent-preclean-start]
2026-06-17T09:50:07.896+0800: 28.961: [CMS-concurrent-preclean: 0.000/0.000 secs] [Times: user=0.00 sys=0.00, real=0.00 secs] 
2026-06-17T09:50:07.896+0800: 28.962: [GC (CMS Final Remark) [YG occupancy: 2964 K (19648 K)]2026-06-17T09:50:07.897+0800: 28.962: [Rescan (parallel) , 0.0107538 secs]2026-06-17T09:50:07.908+0800: 28.973: [weak refs processing, 0.0006112 secs]2026-06-17T09:50:07.909+0800: 28.974: [class unloading, 0.0006894 secs]2026-06-17T09:50:07.911+0800: 28.976: [scrub symbol table, 0.0007012 secs]2026-06-17T09:50:07.912+0800: 28.977: [scrub string table, 0.0006686 secs][1 CMS-remark: 27390K(43712K)] 30355K(63360K), 0.0168021 secs] [Times: user=0.10 sys=0.01, real=0.02 secs] 
2026-06-17T09:50:07.914+0800: 28.979: [CMS-concurrent-sweep-start]
2026-06-17T09:50:07.914+0800: 28.980: [CMS-concurrent-sweep: 0.000/0.000 secs] [Times: user=0.00 sys=0.00, real=0.00 secs] 
2026-06-17T09:50:07.915+0800: 28.980: [CMS-concurrent-reset-start]
2026-06-17T09:50:07.915+0800: 28.980: [CMS-concurrent-reset: 0.000/0.000 secs] [Times: user=0.00 sys=0.00, real=0.00 secs] 
2026-06-17T09:50:07.957+0800: 29.022: [GC (Allocation Failure) 2026-06-17T09:50:07.958+0800: 29.023: [ParNew: 19647K->2085K(19648K), 0.0109555 secs] 47038K->31577K(63360K), 0.0126453 secs] [Times: user=0.11 sys=0.00, real=0.02 secs] 
2026-06-17T09:50:08.015+0800: 29.080: [GC (Allocation Failure) 2026-06-17T09:50:08.016+0800: 29.081: [ParNew: 19530K->2126K(19648K), 0.0085148 secs] 49022K->35448K(63360K), 0.0099714 secs] [Times: user=0.09 sys=0.00, real=0.01 secs] 
2026-06-17T09:50:08.026+0800: 29.091: [GC (CMS Initial Mark) [1 CMS-initial-mark: 33322K(43712K)] 36771K(63360K), 0.0021073 secs] [Times: user=0.00 sys=0.00, real=0.00 secs] 
2026-06-17T09:50:08.030+0800: 29.095: [CMS-concurrent-mark-start]
2026-06-17T09:50:08.030+0800: 29.095: [CMS-concurrent-mark: 0.001/0.001 secs] [Times: user=0.00 sys=0.00, real=0.00 secs] 
2026-06-17T09:50:08.031+0800: 29.096: [CMS-concurrent-preclean-start]
2026-06-17T09:50:08.031+0800: 29.096: [CMS-concurrent-preclean: 0.000/0.000 secs] [Times: user=0.00 sys=0.00, real=0.00 secs] 
2026-06-17T09:50:08.031+0800: 29.097: [CMS-concurrent-abortable-preclean-start]
2026-06-17T09:50:08.074+0800: 29.139: [GC (Allocation Failure) 2026-06-17T09:50:08.075+0800: 29.140: [ParNew: 19580K->2163K(19648K), 0.0124440 secs] 52902K->38769K(63360K), 0.0148361 secs] [Times: user=0.12 sys=0.01, real=0.01 secs] 
2026-06-17T09:50:08.134+0800: 29.199: [GC (Allocation Failure) 2026-06-17T09:50:08.135+0800: 29.200: [ParNew: 19615K->2173K(19648K), 0.0098890 secs] 56221K->42662K(63360K), 0.0117063 secs] [Times: user=0.10 sys=0.00, real=0.01 secs] 
2026-06-17T09:50:08.191+0800: 29.256: [GC (Allocation Failure) 2026-06-17T09:50:08.192+0800: 29.257: [ParNew: 19636K->19636K(19648K), 0.0010683 secs]2026-06-17T09:50:08.194+0800: 29.259: [CMS2026-06-17T09:50:08.195+0800: 29.260: [CMS-concurrent-abortable-preclean: 0.000/0.164 secs] [Times: user=0.23 sys=0.01, real=0.16 secs] 
 (concurrent mode failure): 40488K->34068K(43712K), 0.0101910 secs] 60124K->34068K(63360K), [Metaspace: 2709K->2709K(1056768K)], 0.0141736 secs] [Times: user=0.01 sys=0.00, real=0.01 secs] 
2026-06-17T09:50:08.262+0800: 29.327: [GC (Allocation Failure) 2026-06-17T09:50:08.263+0800: 29.328: [ParNew: 17424K->2170K(19648K), 0.0112939 secs] 51492K->37563K(63360K), 0.0127836 secs] [Times: user=0.07 sys=0.00, real=0.02 secs] 
2026-06-17T09:50:08.307+0800: 29.373: [GC (Allocation Failure) 2026-06-17T09:50:08.308+0800: 29.373: [ParNew: 19294K->2036K(19648K), 0.0092851 secs] 54687K->40373K(63360K), 0.0108462 secs] [Times: user=0.09 sys=0.01, real=0.01 secs] 
2026-06-17T09:50:08.320+0800: 29.385: [GC (CMS Initial Mark) [1 CMS-initial-mark: 38337K(43712K)] 41102K(63360K), 0.0016320 secs] [Times: user=0.00 sys=0.00, real=0.00 secs] 
2026-06-17T09:50:08.323+0800: 29.388: [CMS-concurrent-mark-start]
2026-06-17T09:50:08.323+0800: 29.388: [CMS-concurrent-mark: 0.000/0.000 secs] [Times: user=0.00 sys=0.00, real=0.00 secs] 
2026-06-17T09:50:08.324+0800: 29.389: [CMS-concurrent-preclean-start]
2026-06-17T09:50:08.324+0800: 29.389: [CMS-concurrent-preclean: 0.000/0.000 secs] [Times: user=0.00 sys=0.00, real=0.00 secs] 
2026-06-17T09:50:08.324+0800: 29.390: [GC (CMS Final Remark) [YG occupancy: 2764 K (19648 K)]2026-06-17T09:50:08.325+0800: 29.390: [Rescan (parallel) , 0.0118868 secs]2026-06-17T09:50:08.338+0800: 29.403: [weak refs processing, 0.0007145 secs]2026-06-17T09:50:08.339+0800: 29.404: [class unloading, 0.0008001 secs]2026-06-17T09:50:08.341+0800: 29.406: [scrub symbol table, 0.0010261 secs]2026-06-17T09:50:08.343+0800: 29.408: [scrub string table, 0.0007099 secs][1 CMS-remark: 38337K(43712K)] 41102K(63360K), 0.0195848 secs] [Times: user=0.13 sys=0.00, real=0.02 secs] 
2026-06-17T09:50:08.346+0800: 29.411: [CMS-concurrent-sweep-start]
2026-06-17T09:50:08.346+0800: 29.411: [CMS-concurrent-sweep: 0.000/0.000 secs] [Times: user=0.00 sys=0.00, real=0.00 secs] 
2026-06-17T09:50:08.346+0800: 29.411: [CMS-concurrent-reset-start]
2026-06-17T09:50:08.346+0800: 29.411: [CMS-concurrent-reset: 0.000/0.000 secs] [Times: user=0.00 sys=0.00, real=0.00 secs] 
2026-06-17T09:50:08.389+0800: 29.454: [GC (Allocation Failure) 2026-06-17T09:50:08.390+0800: 29.455: [ParNew: 19506K->2128K(19648K), 0.0056245 secs] 44481K->30233K(63360K), 0.0072661 secs] [Times: user=0.04 sys=0.00, real=0.01 secs] 
2026-06-17T09:50:08.442+0800: 29.507: [GC (Allocation Failure) 2026-06-17T09:50:08.443+0800: 29.508: [ParNew: 19576K->2166K(19648K), 0.0071944 secs] 47681K->33704K(63360K), 0.0092536 secs] [Times: user=0.04 sys=0.00, real=0.02 secs] 
2026-06-17T09:50:08.498+0800: 29.563: [GC (Allocation Failure) 2026-06-17T09:50:08.499+0800: 29.564: [ParNew: 19593K->2166K(19648K), 0.0200896 secs] 51131K->38210K(63360K), 0.0232071 secs] [Times: user=0.13 sys=0.00, real=0.03 secs] 
2026-06-17T09:50:08.525+0800: 29.590: [GC (CMS Initial Mark) [1 CMS-initial-mark: 36044K(43712K)] 40350K(63360K), 0.0025194 secs] [Times: user=0.00 sys=0.01, real=0.00 secs] 
2026-06-17T09:50:08.530+0800: 29.595: [CMS-concurrent-mark-start]
2026-06-17T09:50:08.531+0800: 29.596: [CMS-concurrent-mark: 0.001/0.001 secs] [Times: user=0.00 sys=0.00, real=0.01 secs] 
2026-06-17T09:50:08.531+0800: 29.597: [CMS-concurrent-preclean-start]
2026-06-17T09:50:08.531+0800: 29.597: [CMS-concurrent-preclean: 0.000/0.000 secs] [Times: user=0.00 sys=0.00, real=0.00 secs] 
2026-06-17T09:50:08.532+0800: 29.597: [CMS-concurrent-abortable-preclean-start]
2026-06-17T09:50:08.573+0800: 29.638: [GC (Allocation Failure) 2026-06-17T09:50:08.574+0800: 29.639: [ParNew: 19630K->2172K(19648K), 0.0106316 secs] 55675K->42170K(63360K), 0.0122207 secs] [Times: user=0.09 sys=0.00, real=0.01 secs] 
2026-06-17T09:50:08.630+0800: 29.695: [GC (Allocation Failure) 2026-06-17T09:50:08.631+0800: 29.696: [ParNew: 19394K->19394K(19648K), 0.0007200 secs]2026-06-17T09:50:08.632+0800: 29.697: [CMS2026-06-17T09:50:08.633+0800: 29.698: [CMS-concurrent-abortable-preclean: 0.000/0.101 secs] [Times: user=0.09 sys=0.00, real=0.10 secs] 
 (concurrent mode failure): 39998K->26013K(43712K), 0.0078928 secs] 59392K->26013K(63360K), [Metaspace: 2709K->2709K(1056768K)], 0.0107995 secs] [Times: user=0.01 sys=0.00, real=0.01 secs] 
2026-06-17T09:50:08.697+0800: 29.762: [GC (Allocation Failure) 2026-06-17T09:50:08.722+0800: 29.787: [ParNew: 17461K->2167K(19648K), 0.0166742 secs] 43474K->29966K(63360K), 0.0435005 secs] [Times: user=0.12 sys=0.00, real=0.04 secs] 
2026-06-17T09:50:08.785+0800: 29.850: [GC (Allocation Failure) 2026-06-17T09:50:08.785+0800: 29.851: [ParNew: 19639K->2175K(19648K), 0.0061992 secs] 47438K->34037K(63360K), 0.0076084 secs] [Times: user=0.05 sys=0.00, real=0.01 secs] 
2026-06-17T09:50:08.838+0800: 29.903: [GC (Allocation Failure) 2026-06-17T09:50:08.838+0800: 29.903: [ParNew: 19618K->2173K(19648K), 0.0147557 secs] 51481K->39081K(63360K), 0.0176738 secs] [Times: user=0.11 sys=0.00, real=0.02 secs] 
2026-06-17T09:50:08.859+0800: 29.924: [GC (CMS Initial Mark) [1 CMS-initial-mark: 36907K(43712K)] 39680K(63360K), 0.0018205 secs] [Times: user=0.00 sys=0.00, real=0.00 secs] 
2026-06-17T09:50:08.861+0800: 29.927: [CMS-concurrent-mark-start]
2026-06-17T09:50:08.862+0800: 29.927: [CMS-concurrent-mark: 0.000/0.000 secs] [Times: user=0.01 sys=0.00, real=0.00 secs] 
2026-06-17T09:50:08.862+0800: 29.927: [CMS-concurrent-preclean-start]
2026-06-17T09:50:08.862+0800: 29.927: [CMS-concurrent-preclean: 0.000/0.000 secs] [Times: user=0.00 sys=0.00, real=0.00 secs] 
2026-06-17T09:50:08.863+0800: 29.928: [GC (CMS Final Remark) [YG occupancy: 3596 K (19648 K)]2026-06-17T09:50:08.863+0800: 29.928: [Rescan (parallel) , 0.0075530 secs]2026-06-17T09:50:08.871+0800: 29.936: [weak refs processing, 0.0004385 secs]2026-06-17T09:50:08.872+0800: 29.937: [class unloading, 0.0005295 secs]2026-06-17T09:50:08.873+0800: 29.938: [scrub symbol table, 0.0006391 secs]2026-06-17T09:50:08.874+0800: 29.939: [scrub string table, 0.0005495 secs][1 CMS-remark: 36907K(43712K)] 40504K(63360K), 0.0125295 secs] [Times: user=0.07 sys=0.01, real=0.01 secs] 
2026-06-17T09:50:08.876+0800: 29.942: [CMS-concurrent-sweep-start]
2026-06-17T09:50:08.877+0800: 29.942: [CMS-concurrent-sweep: 0.000/0.000 secs] [Times: user=0.00 sys=0.00, real=0.00 secs] 
2026-06-17T09:50:08.877+0800: 29.942: [CMS-concurrent-reset-start]
2026-06-17T09:50:08.877+0800: 29.942: [CMS-concurrent-reset: 0.000/0.000 secs] [Times: user=0.00 sys=0.00, real=0.00 secs] 
2026-06-17T09:50:08.909+0800: 29.974: [GC (Allocation Failure) 2026-06-17T09:50:08.910+0800: 29.975: [ParNew: 19621K->2175K(19648K), 0.0057059 secs] 45026K->32042K(63360K), 0.0076250 secs] [Times: user=0.03 sys=0.00, real=0.01 secs] 
2026-06-17T09:50:08.960+0800: 30.026: [GC (Allocation Failure) 2026-06-17T09:50:08.961+0800: 30.026: [ParNew: 19591K->2145K(19648K), 0.0065723 secs] 49457K->34126K(63360K), 0.0082744 secs] [Times: user=0.04 sys=0.01, real=0.01 secs] 
2026-06-17T09:50:09.014+0800: 30.079: [GC (Allocation Failure) 2026-06-17T09:50:09.015+0800: 30.080: [ParNew: 19610K->2173K(19648K), 0.0169044 secs] 51591K->41382K(63360K), 0.0179488 secs] [Times: user=0.14 sys=0.00, real=0.02 secs] 
2026-06-17T09:50:09.033+0800: 30.098: [GC (CMS Initial Mark) [1 CMS-initial-mark: 39209K(43712K)] 42400K(63360K), 0.0008787 secs] [Times: user=0.00 sys=0.00, real=0.00 secs] 
2026-06-17T09:50:09.034+0800: 30.099: [CMS-concurrent-mark-start]
2026-06-17T09:50:09.038+0800: 30.103: [CMS-concurrent-mark: 0.004/0.004 secs] [Times: user=0.02 sys=0.00, real=0.00 secs] 
2026-06-17T09:50:09.039+0800: 30.104: [CMS-concurrent-preclean-start]
2026-06-17T09:50:09.039+0800: 30.104: [CMS-concurrent-preclean: 0.000/0.000 secs] [Times: user=0.00 sys=0.00, real=0.00 secs] 
2026-06-17T09:50:09.039+0800: 30.104: [GC (CMS Final Remark) [YG occupancy: 3191 K (19648 K)]2026-06-17T09:50:09.039+0800: 30.104: [Rescan (parallel) , 0.0057714 secs]2026-06-17T09:50:09.045+0800: 30.111: [weak refs processing, 0.0004875 secs]2026-06-17T09:50:09.046+0800: 30.111: [class unloading, 0.0005412 secs]2026-06-17T09:50:09.047+0800: 30.112: [scrub symbol table, 0.0004792 secs]2026-06-17T09:50:09.048+0800: 30.113: [scrub string table, 0.0004279 secs][1 CMS-remark: 39209K(43712K)] 42400K(63360K), 0.0100393 secs] [Times: user=0.07 sys=0.00, real=0.01 secs] 
2026-06-17T09:50:09.050+0800: 30.115: [CMS-concurrent-sweep-start]
2026-06-17T09:50:09.050+0800: 30.115: [CMS-concurrent-sweep: 0.000/0.000 secs] [Times: user=0.00 sys=0.00, real=0.00 secs] 
2026-06-17T09:50:09.050+0800: 30.115: [CMS-concurrent-reset-start]
2026-06-17T09:50:09.050+0800: 30.116: [CMS-concurrent-reset: 0.000/0.000 secs] [Times: user=0.00 sys=0.00, real=0.00 secs] 
2026-06-17T09:50:09.094+0800: 30.159: [GC (Allocation Failure) 2026-06-17T09:50:09.095+0800: 30.160: [ParNew: 19596K->2014K(19648K), 0.0073842 secs] 46702K->31557K(63360K), 0.0089061 secs] [Times: user=0.05 sys=0.00, real=0.01 secs] 
2026-06-17T09:50:09.147+0800: 30.212: [GC (Allocation Failure) 2026-06-17T09:50:09.147+0800: 30.213: [ParNew: 19486K->2173K(19648K), 0.0119521 secs] 49029K->34901K(63360K), 0.0128825 secs] [Times: user=0.09 sys=0.01, real=0.01 secs] 
2026-06-17T09:50:09.161+0800: 30.226: [GC (CMS Initial Mark) [1 CMS-initial-mark: 32728K(43712K)] 35402K(63360K), 0.0012397 secs] [Times: user=0.00 sys=0.00, real=0.01 secs] 
2026-06-17T09:50:09.163+0800: 30.228: [CMS-concurrent-mark-start]
2026-06-17T09:50:09.163+0800: 30.228: [CMS-concurrent-mark: 0.000/0.000 secs] [Times: user=0.01 sys=0.00, real=0.00 secs] 
2026-06-17T09:50:09.164+0800: 30.229: [CMS-concurrent-preclean-start]
2026-06-17T09:50:09.164+0800: 30.229: [CMS-concurrent-preclean: 0.000/0.000 secs] [Times: user=0.00 sys=0.00, real=0.00 secs] 
2026-06-17T09:50:09.165+0800: 30.230: [CMS-concurrent-abortable-preclean-start]
2026-06-17T09:50:09.207+0800: 30.272: [GC (Allocation Failure) 2026-06-17T09:50:09.208+0800: 30.273: [ParNew: 19621K->2172K(19648K), 0.0108358 secs] 52349K->38175K(63360K), 0.0124709 secs] [Times: user=0.10 sys=0.01, real=0.01 secs] 
2026-06-17T09:50:09.264+0800: 30.329: [GC (Allocation Failure) 2026-06-17T09:50:09.265+0800: 30.330: [ParNew: 19644K->2173K(19648K), 0.0093652 secs] 55647K->42773K(63360K), 0.0112030 secs] [Times: user=0.09 sys=0.00, real=0.01 secs] 
2026-06-17T09:50:09.321+0800: 30.386: [GC (Allocation Failure) 2026-06-17T09:50:09.322+0800: 30.387: [ParNew: 19645K->19645K(19648K), 0.0010647 secs]2026-06-17T09:50:09.324+0800: 30.389: [CMS2026-06-17T09:50:09.325+0800: 30.390: [CMS-concurrent-abortable-preclean: 0.000/0.161 secs] [Times: user=0.21 sys=0.01, real=0.16 secs] 
 (concurrent mode failure): 40600K->33705K(43712K), 0.0093900 secs] 60245K->33705K(63360K), [Metaspace: 2709K->2709K(1056768K)], 0.0132769 secs] [Times: user=0.00 sys=0.00, real=0.02 secs] 
2026-06-17T09:50:09.389+0800: 30.454: [GC (Allocation Failure) 2026-06-17T09:50:09.390+0800: 30.455: [ParNew: 17438K->2169K(19648K), 0.0167503 secs] 51144K->37279K(63360K), 0.0242909 secs] [Times: user=0.12 sys=0.01, real=0.03 secs] 
2026-06-17T09:50:09.468+0800: 30.533: [GC (Allocation Failure) 2026-06-17T09:50:09.468+0800: 30.534: [ParNew: 19581K->2078K(19648K), 0.0099634 secs] 54691K->41249K(63360K), 0.0113388 secs] [Times: user=0.11 sys=0.00, real=0.01 secs] 
2026-06-17T09:50:09.481+0800: 30.546: [GC (CMS Initial Mark) [1 CMS-initial-mark: 39170K(43712K)] 42272K(63360K), 0.0017224 secs] [Times: user=0.00 sys=0.00, real=0.01 secs] 
2026-06-17T09:50:09.484+0800: 30.549: [CMS-concurrent-mark-start]
2026-06-17T09:50:09.484+0800: 30.549: [CMS-concurrent-mark: 0.000/0.000 secs] [Times: user=0.00 sys=0.00, real=0.00 secs] 
2026-06-17T09:50:09.485+0800: 30.550: [CMS-concurrent-preclean-start]
2026-06-17T09:50:09.485+0800: 30.550: [CMS-concurrent-preclean: 0.000/0.000 secs] [Times: user=0.00 sys=0.00, real=0.00 secs] 
2026-06-17T09:50:09.486+0800: 30.551: [CMS-concurrent-abortable-preclean-start]
2026-06-17T09:50:09.486+0800: 30.551: [CMS-concurrent-abortable-preclean: 0.000/0.000 secs] [Times: user=0.00 sys=0.00, real=0.00 secs] 
2026-06-17T09:50:09.486+0800: 30.551: [GC (CMS Final Remark) [YG occupancy: 4759 K (19648 K)]2026-06-17T09:50:09.487+0800: 30.552: [Rescan (parallel) , 0.0099733 secs]2026-06-17T09:50:09.497+0800: 30.563: [weak refs processing, 0.0005169 secs]2026-06-17T09:50:09.499+0800: 30.564: [class unloading, 0.0006343 secs]2026-06-17T09:50:09.500+0800: 30.565: [scrub symbol table, 0.0008999 secs]2026-06-17T09:50:09.501+0800: 30.567: [scrub string table, 0.0007030 secs][1 CMS-remark: 39170K(43712K)] 43929K(63360K), 0.0164235 secs] [Times: user=0.12 sys=0.00, real=0.02 secs] 
2026-06-17T09:50:09.504+0800: 30.569: [CMS-concurrent-sweep-start]
2026-06-17T09:50:09.504+0800: 30.569: [CMS-concurrent-sweep: 0.000/0.000 secs] [Times: user=0.00 sys=0.00, real=0.00 secs] 
2026-06-17T09:50:09.505+0800: 30.570: [CMS-concurrent-reset-start]
2026-06-17T09:50:09.505+0800: 30.570: [CMS-concurrent-reset: 0.000/0.000 secs] [Times: user=0.00 sys=0.00, real=0.00 secs] 
2026-06-17T09:50:09.536+0800: 30.601: [GC (Allocation Failure) 2026-06-17T09:50:09.536+0800: 30.601: [ParNew: 19550K->2088K(19648K), 0.0050813 secs] 44845K->30337K(63360K), 0.0062307 secs] [Times: user=0.03 sys=0.00, real=0.01 secs] 
2026-06-17T09:50:09.586+0800: 30.651: [GC (Allocation Failure) 2026-06-17T09:50:09.586+0800: 30.651: [ParNew: 19543K->2173K(19648K), 0.0109170 secs] 47792K->34196K(63360K), 0.0123042 secs] [Times: user=0.12 sys=0.01, real=0.01 secs] 
2026-06-17T09:50:09.642+0800: 30.707: [GC (Allocation Failure) 2026-06-17T09:50:09.643+0800: 30.708: [ParNew: 19612K->2172K(19648K), 0.0065468 secs] 51635K->38547K(63360K), 0.0082840 secs] [Times: user=0.03 sys=0.00, real=0.02 secs] 
2026-06-17T09:50:09.656+0800: 30.722: [GC (CMS Initial Mark) [1 CMS-initial-mark: 36375K(43712K)] 40076K(63360K), 0.0022280 secs] [Times: user=0.00 sys=0.00, real=0.00 secs] 
2026-06-17T09:50:09.659+0800: 30.724: [CMS-concurrent-mark-start]
2026-06-17T09:50:09.659+0800: 30.724: [CMS-concurrent-mark: 0.000/0.000 secs] [Times: user=0.00 sys=0.00, real=0.00 secs] 
2026-06-17T09:50:09.660+0800: 30.725: [CMS-concurrent-preclean-start]
2026-06-17T09:50:09.660+0800: 30.725: [CMS-concurrent-preclean: 0.000/0.000 secs] [Times: user=0.00 sys=0.00, real=0.00 secs] 
2026-06-17T09:50:09.660+0800: 30.725: [CMS-concurrent-abortable-preclean-start]
2026-06-17T09:50:09.701+0800: 30.766: [GC (Allocation Failure) 2026-06-17T09:50:09.702+0800: 30.767: [ParNew: 19610K->2175K(19648K), 0.0100492 secs] 55986K->42456K(63360K), 0.0115324 secs] [Times: user=0.11 sys=0.00, real=0.02 secs] 
2026-06-17T09:50:09.757+0800: 30.822: [GC (Allocation Failure) 2026-06-17T09:50:09.758+0800: 30.823: [ParNew: 19623K->19623K(19648K), 0.0010232 secs]2026-06-17T09:50:09.760+0800: 30.825: [CMS2026-06-17T09:50:09.761+0800: 30.826: [CMS-concurrent-abortable-preclean: 0.000/0.101 secs] [Times: user=0.11 sys=0.00, real=0.10 secs] 
 (concurrent mode failure): 40281K->28541K(43712K), 0.0091951 secs] 59904K->28541K(63360K), [Metaspace: 2709K->2709K(1056768K)], 0.0128850 secs] [Times: user=0.01 sys=0.00, real=0.02 secs] 
2026-06-17T09:50:09.815+0800: 30.880: [GC (Allocation Failure) 2026-06-17T09:50:09.816+0800: 30.881: [ParNew: 17460K->2170K(19648K), 0.0140712 secs] 46002K->36124K(63360K), 0.0155259 secs] [Times: user=0.14 sys=0.00, real=0.02 secs] 
2026-06-17T09:50:09.831+0800: 30.896: [GC (CMS Initial Mark) [1 CMS-initial-mark: 33953K(43712K)] 37207K(63360K), 0.0012971 secs] [Times: user=0.00 sys=0.00, real=0.00 secs] 
2026-06-17T09:50:09.833+0800: 30.898: [CMS-concurrent-mark-start]
2026-06-17T09:50:09.834+0800: 30.899: [CMS-concurrent-mark: 0.001/0.001 secs] [Times: user=0.00 sys=0.00, real=0.00 secs] 
2026-06-17T09:50:09.834+0800: 30.899: [CMS-concurrent-preclean-start]
2026-06-17T09:50:09.834+0800: 30.899: [CMS-concurrent-preclean: 0.000/0.000 secs] [Times: user=0.00 sys=0.00, real=0.00 secs] 
2026-06-17T09:50:09.834+0800: 30.899: [GC (CMS Final Remark) [YG occupancy: 3253 K (19648 K)]2026-06-17T09:50:09.835+0800: 30.900: [Rescan (parallel) , 0.0160464 secs]2026-06-17T09:50:09.851+0800: 30.916: [weak refs processing, 0.0006539 secs]2026-06-17T09:50:09.853+0800: 30.918: [class unloading, 0.0007445 secs]2026-06-17T09:50:09.854+0800: 30.919: [scrub symbol table, 0.0006486 secs]2026-06-17T09:50:09.855+0800: 30.920: [scrub string table, 0.0005707 secs][1 CMS-remark: 33953K(43712K)] 37207K(63360K), 0.0218557 secs] [Times: user=0.17 sys=0.01, real=0.02 secs] 
2026-06-17T09:50:09.857+0800: 30.922: [CMS-concurrent-sweep-start]
2026-06-17T09:50:09.857+0800: 30.922: [CMS-concurrent-sweep: 0.000/0.000 secs] [Times: user=0.00 sys=0.00, real=0.00 secs] 
2026-06-17T09:50:09.858+0800: 30.923: [CMS-concurrent-reset-start]
2026-06-17T09:50:09.858+0800: 30.923: [CMS-concurrent-reset: 0.000/0.000 secs] [Times: user=0.00 sys=0.00, real=0.00 secs] 
2026-06-17T09:50:09.900+0800: 30.965: [GC (Allocation Failure) 2026-06-17T09:50:09.901+0800: 30.966: [ParNew: 19642K->2044K(19648K), 0.0078114 secs] 40478K->23905K(63360K), 0.0098032 secs] [Times: user=0.06 sys=0.00, real=0.02 secs] 
2026-06-17T09:50:09.956+0800: 31.021: [GC (Allocation Failure) 2026-06-17T09:50:09.957+0800: 31.022: [ParNew: 19507K->2099K(19648K), 0.0086294 secs] 41368K->27278K(63360K), 0.0100418 secs] [Times: user=0.10 sys=0.00, real=0.01 secs] 
2026-06-17T09:50:10.011+0800: 31.076: [GC (Allocation Failure) 2026-06-17T09:50:10.012+0800: 31.077: [ParNew: 19513K->2173K(19648K), 0.0096933 secs] 44692K->30467K(63360K), 0.0118341 secs] [Times: user=0.10 sys=0.00, real=0.01 secs] 
2026-06-17T09:50:10.069+0800: 31.134: [GC (Allocation Failure) 2026-06-17T09:50:10.070+0800: 31.135: [ParNew: 19612K->2167K(19648K), 0.0109631 secs] 47906K->33905K(63360K), 0.0120420 secs] [Times: user=0.06 sys=0.00, real=0.01 secs] 
2026-06-17T09:50:10.126+0800: 31.191: [GC (Allocation Failure) 2026-06-17T09:50:10.127+0800: 31.192: [ParNew: 19611K->2171K(19648K), 0.0092554 secs] 51349K->37986K(63360K), 0.0111581 secs] [Times: user=0.09 sys=0.00, real=0.01 secs] 
2026-06-17T09:50:10.138+0800: 31.203: [GC (CMS Initial Mark) [1 CMS-initial-mark: 35815K(43712K)] 39186K(63360K), 0.0020307 secs] [Times: user=0.00 sys=0.00, real=0.00 secs] 
2026-06-17T09:50:10.142+0800: 31.207: [CMS-concurrent-mark-start]
2026-06-17T09:50:10.142+0800: 31.207: [CMS-concurrent-mark: 0.001/0.001 secs] [Times: user=0.00 sys=0.00, real=0.00 secs] 
2026-06-17T09:50:10.143+0800: 31.208: [CMS-concurrent-preclean-start]
2026-06-17T09:50:10.143+0800: 31.208: [CMS-concurrent-preclean: 0.000/0.000 secs] [Times: user=0.00 sys=0.00, real=0.00 secs] 
2026-06-17T09:50:10.143+0800: 31.208: [CMS-concurrent-abortable-preclean-start]
2026-06-17T09:50:10.195+0800: 31.260: [GC (Allocation Failure) 2026-06-17T09:50:10.196+0800: 31.261: [ParNew: 19643K->1794K(19648K), 0.0094845 secs] 55458K->38974K(63360K), 0.0108360 secs] [Times: user=0.09 sys=0.00, real=0.01 secs] 
2026-06-17T09:50:10.239+0800: 31.304: [GC (Allocation Failure) 2026-06-17T09:50:10.240+0800: 31.305: [ParNew: 19232K->2117K(19648K), 0.0085198 secs] 56413K->42207K(63360K), 0.0098400 secs] [Times: user=0.09 sys=0.00, real=0.01 secs] 
2026-06-17T09:50:10.292+0800: 31.357: [GC (Allocation Failure) 2026-06-17T09:50:10.293+0800: 31.358: [ParNew: 19589K->19589K(19648K), 0.0005663 secs]2026-06-17T09:50:10.294+0800: 31.359: [CMS2026-06-17T09:50:10.295+0800: 31.360: [CMS-concurrent-abortable-preclean: 0.000/0.152 secs] [Times: user=0.18 sys=0.00, real=0.15 secs] 
 (concurrent mode failure): 40090K->26134K(43712K), 0.0054864 secs] 59679K->26134K(63360K), [Metaspace: 2709K->2709K(1056768K)], 0.0081543 secs] [Times: user=0.00 sys=0.00, real=0.00 secs] 
2026-06-17T09:50:10.354+0800: 31.420: [GC (Allocation Failure) 2026-06-17T09:50:10.355+0800: 31.420: [ParNew: 17467K->2174K(19648K), 0.0039134 secs] 43601K->29744K(63360K), 0.0051459 secs] [Times: user=0.02 sys=0.01, real=0.00 secs] 
2026-06-17T09:50:10.402+0800: 31.467: [GC (Allocation Failure) 2026-06-17T09:50:10.403+0800: 31.468: [ParNew: 19646K->2175K(19648K), 0.0164186 secs] 47216K->33800K(63360K), 0.0177983 secs] [Times: user=0.15 sys=0.00, real=0.02 secs] 
2026-06-17T09:50:10.466+0800: 31.531: [GC (Allocation Failure) 2026-06-17T09:50:10.467+0800: 31.532: [ParNew: 19639K->2169K(19648K), 0.0145692 secs] 51263K->38384K(63360K), 0.0165775 secs] [Times: user=0.15 sys=0.00, real=0.02 secs] 
2026-06-17T09:50:10.483+0800: 31.549: [GC (CMS Initial Mark) [1 CMS-initial-mark: 36214K(43712K)] 39373K(63360K), 0.0016181 secs] [Times: user=0.00 sys=0.00, real=0.00 secs] 
2026-06-17T09:50:10.486+0800: 31.551: [CMS-concurrent-mark-start]
2026-06-17T09:50:10.487+0800: 31.552: [CMS-concurrent-mark: 0.001/0.001 secs] [Times: user=0.00 sys=0.00, real=0.00 secs] 
2026-06-17T09:50:10.487+0800: 31.552: [CMS-concurrent-preclean-start]
2026-06-17T09:50:10.487+0800: 31.552: [CMS-concurrent-preclean: 0.000/0.000 secs] [Times: user=0.00 sys=0.00, real=0.00 secs] 
2026-06-17T09:50:10.488+0800: 31.553: [GC (CMS Final Remark) [YG occupancy: 3158 K (19648 K)]2026-06-17T09:50:10.489+0800: 31.554: [Rescan (parallel) , 0.0093830 secs]2026-06-17T09:50:10.498+0800: 31.563: [weak refs processing, 0.0007688 secs]2026-06-17T09:50:10.500+0800: 31.565: [class unloading, 0.0009571 secs]2026-06-17T09:50:10.502+0800: 31.567: [scrub symbol table, 0.0009867 secs]2026-06-17T09:50:10.504+0800: 31.569: [scrub string table, 0.0008398 secs][1 CMS-remark: 36214K(43712K)] 39373K(63360K), 0.0171413 secs] [Times: user=0.10 sys=0.00, real=0.02 secs] 
2026-06-17T09:50:10.507+0800: 31.572: [CMS-concurrent-sweep-start]
2026-06-17T09:50:10.507+0800: 31.572: [CMS-concurrent-sweep: 0.000/0.000 secs] [Times: user=0.00 sys=0.00, real=0.00 secs] 
2026-06-17T09:50:10.507+0800: 31.573: [CMS-concurrent-reset-start]
2026-06-17T09:50:10.508+0800: 31.573: [CMS-concurrent-reset: 0.000/0.000 secs] [Times: user=0.00 sys=0.00, real=0.00 secs] 
2026-06-17T09:50:10.539+0800: 31.604: [GC (Allocation Failure) 2026-06-17T09:50:10.540+0800: 31.605: [ParNew: 19522K->2144K(19648K), 0.0069001 secs] 41922K->25880K(63360K), 0.0085586 secs] [Times: user=0.04 sys=0.01, real=0.01 secs] 
2026-06-17T09:50:10.593+0800: 31.658: [GC (Allocation Failure) 2026-06-17T09:50:10.594+0800: 31.659: [ParNew: 19605K->2169K(19648K), 0.0097267 secs] 43342K->32794K(63360K), 0.0115213 secs] [Times: user=0.11 sys=0.00, real=0.01 secs] 
2026-06-17T09:50:10.607+0800: 31.672: [GC (CMS Initial Mark) [1 CMS-initial-mark: 30624K(43712K)] 33262K(63360K), 0.0031028 secs] [Times: user=0.00 sys=0.00, real=0.00 secs] 
2026-06-17T09:50:10.611+0800: 31.676: [CMS-concurrent-mark-start]
2026-06-17T09:50:10.612+0800: 31.677: [CMS-concurrent-mark: 0.001/0.001 secs] [Times: user=0.01 sys=0.00, real=0.00 secs] 
2026-06-17T09:50:10.613+0800: 31.678: [CMS-concurrent-preclean-start]
2026-06-17T09:50:10.613+0800: 31.678: [CMS-concurrent-preclean: 0.000/0.000 secs] [Times: user=0.00 sys=0.00, real=0.00 secs] 
2026-06-17T09:50:10.613+0800: 31.678: [GC (CMS Final Remark) [YG occupancy: 2637 K (19648 K)]2026-06-17T09:50:10.614+0800: 31.679: [Rescan (parallel) , 0.0117472 secs]2026-06-17T09:50:10.626+0800: 31.691: [weak refs processing, 0.0008257 secs]2026-06-17T09:50:10.628+0800: 31.693: [class unloading, 0.0008792 secs]2026-06-17T09:50:10.629+0800: 31.695: [scrub symbol table, 0.0008983 secs]2026-06-17T09:50:10.631+0800: 31.696: [scrub string table, 0.0006374 secs][1 CMS-remark: 30624K(43712K)] 33262K(63360K), 0.0189193 secs] [Times: user=0.11 sys=0.00, real=0.02 secs] 
2026-06-17T09:50:10.634+0800: 31.699: [CMS-concurrent-sweep-start]
2026-06-17T09:50:10.634+0800: 31.699: [CMS-concurrent-sweep: 0.000/0.000 secs] [Times: user=0.00 sys=0.00, real=0.00 secs] 
2026-06-17T09:50:10.634+0800: 31.700: [CMS-concurrent-reset-start]
2026-06-17T09:50:10.634+0800: 31.700: [CMS-concurrent-reset: 0.000/0.000 secs] [Times: user=0.00 sys=0.00, real=0.00 secs] 
2026-06-17T09:50:10.677+0800: 31.742: [GC (Allocation Failure) 2026-06-17T09:50:10.678+0800: 31.743: [ParNew: 19638K->2173K(19648K), 0.0068232 secs] 48812K->34046K(63360K), 0.0086902 secs] [Times: user=0.04 sys=0.00, real=0.01 secs] 
2026-06-17T09:50:10.688+0800: 31.753: [GC (CMS Initial Mark) [1 CMS-initial-mark: 31872K(43712K)] 35753K(63360K), 0.0047587 secs] [Times: user=0.00 sys=0.01, real=0.01 secs] 
2026-06-17T09:50:10.694+0800: 31.760: [CMS-concurrent-mark-start]
2026-06-17T09:50:10.696+0800: 31.761: [CMS-concurrent-mark: 0.001/0.001 secs] [Times: user=0.01 sys=0.00, real=0.00 secs] 
2026-06-17T09:50:10.696+0800: 31.761: [CMS-concurrent-preclean-start]
2026-06-17T09:50:10.696+0800: 31.762: [CMS-concurrent-preclean: 0.000/0.000 secs] [Times: user=0.00 sys=0.00, real=0.00 secs] 
2026-06-17T09:50:10.697+0800: 31.762: [CMS-concurrent-abortable-preclean-start]
2026-06-17T09:50:10.738+0800: 31.803: [GC (Allocation Failure) 2026-06-17T09:50:10.739+0800: 31.804: [ParNew: 19645K->2084K(19648K), 0.0138055 secs] 51518K->38341K(63360K), 0.0155623 secs] [Times: user=0.11 sys=0.00, real=0.02 secs] 
2026-06-17T09:50:10.799+0800: 31.864: [GC (Allocation Failure) 2026-06-17T09:50:10.800+0800: 31.865: [ParNew: 19532K->2174K(19648K), 0.0098822 secs] 55789K->41553K(63360K), 0.0117517 secs] [Times: user=0.08 sys=0.01, real=0.02 secs] 
2026-06-17T09:50:10.855+0800: 31.920: [GC (Allocation Failure) 2026-06-17T09:50:10.856+0800: 31.921: [ParNew: 19641K->19641K(19648K), 0.0007822 secs]2026-06-17T09:50:10.858+0800: 31.923: [CMS2026-06-17T09:50:10.859+0800: 31.924: [CMS-concurrent-abortable-preclean: 0.000/0.162 secs] [Times: user=0.19 sys=0.01, real=0.16 secs] 
 (concurrent mode failure): 39378K->32257K(43712K), 0.0088626 secs] 59019K->32257K(63360K), [Metaspace: 2709K->2709K(1056768K)], 0.0121468 secs] [Times: user=0.01 sys=0.00, real=0.01 secs] 
2026-06-17T09:50:10.913+0800: 31.978: [GC (Allocation Failure) 2026-06-17T09:50:10.914+0800: 31.979: [ParNew: 17461K->2167K(19648K), 0.0180288 secs] 49719K->38771K(63360K), 0.0194405 secs] [Times: user=0.13 sys=0.00, real=0.02 secs] 
2026-06-17T09:50:10.934+0800: 31.999: [GC (CMS Initial Mark) [1 CMS-initial-mark: 36603K(43712K)] 40520K(63360K), 0.0016239 secs] [Times: user=0.00 sys=0.00, real=0.00 secs] 
2026-06-17T09:50:10.937+0800: 32.002: [CMS-concurrent-mark-start]
2026-06-17T09:50:10.938+0800: 32.003: [CMS-concurrent-mark: 0.001/0.001 secs] [Times: user=0.00 sys=0.00, real=0.00 secs] 
2026-06-17T09:50:10.938+0800: 32.003: [CMS-concurrent-preclean-start]
2026-06-17T09:50:10.938+0800: 32.003: [CMS-concurrent-preclean: 0.000/0.000 secs] [Times: user=0.00 sys=0.00, real=0.00 secs] 
2026-06-17T09:50:10.939+0800: 32.004: [GC (CMS Final Remark) [YG occupancy: 3917 K (19648 K)]2026-06-17T09:50:10.940+0800: 32.005: [Rescan (parallel) , 0.0140829 secs]2026-06-17T09:50:10.954+0800: 32.019: [weak refs processing, 0.0005791 secs]2026-06-17T09:50:10.955+0800: 32.021: [class unloading, 0.0007389 secs]2026-06-17T09:50:10.957+0800: 32.022: [scrub symbol table, 0.0008405 secs]2026-06-17T09:50:10.958+0800: 32.023: [scrub string table, 0.0006609 secs][1 CMS-remark: 36603K(43712K)] 40520K(63360K), 0.0206379 secs] [Times: user=0.16 sys=0.00, real=0.02 secs] 
2026-06-17T09:50:10.961+0800: 32.026: [CMS-concurrent-sweep-start]
2026-06-17T09:50:10.961+0800: 32.026: [CMS-concurrent-sweep: 0.000/0.000 secs] [Times: user=0.00 sys=0.00, real=0.00 secs] 
2026-06-17T09:50:10.961+0800: 32.026: [CMS-concurrent-reset-start]
2026-06-17T09:50:10.961+0800: 32.026: [CMS-concurrent-reset: 0.000/0.000 secs] [Times: user=0.00 sys=0.00, real=0.00 secs] 
2026-06-17T09:50:10.993+0800: 32.059: [GC (Allocation Failure) 2026-06-17T09:50:10.994+0800: 32.059: [ParNew: 19473K->2059K(19648K), 0.0116970 secs] 43109K->26855K(63360K), 0.0134956 secs] [Times: user=0.12 sys=0.00, real=0.01 secs] 
2026-06-17T09:50:11.052+0800: 32.117: [GC (Allocation Failure) 2026-06-17T09:50:11.053+0800: 32.118: [ParNew: 19531K->2170K(19648K), 0.0077831 secs] 44327K->33948K(63360K), 0.0095531 secs] [Times: user=0.07 sys=0.00, real=0.00 secs] 
2026-06-17T09:50:11.063+0800: 32.128: [GC (CMS Initial Mark) [1 CMS-initial-mark: 31777K(43712K)] 35358K(63360K), 0.0022239 secs] [Times: user=0.00 sys=0.00, real=0.00 secs] 
2026-06-17T09:50:11.067+0800: 32.132: [CMS-concurrent-mark-start]
2026-06-17T09:50:11.067+0800: 32.133: [CMS-concurrent-mark: 0.001/0.001 secs] [Times: user=0.00 sys=0.00, real=0.00 secs] 
2026-06-17T09:50:11.068+0800: 32.133: [CMS-concurrent-preclean-start]
2026-06-17T09:50:11.068+0800: 32.133: [CMS-concurrent-preclean: 0.000/0.000 secs] [Times: user=0.00 sys=0.00, real=0.00 secs] 
2026-06-17T09:50:11.069+0800: 32.134: [CMS-concurrent-abortable-preclean-start]
2026-06-17T09:50:11.110+0800: 32.175: [GC (Allocation Failure) 2026-06-17T09:50:11.111+0800: 32.176: [ParNew: 19607K->2174K(19648K), 0.0085419 secs] 51385K->40682K(63360K), 0.0101108 secs] [Times: user=0.07 sys=0.00, real=0.01 secs] 
2026-06-17T09:50:11.175+0800: 32.240: [GC (Allocation Failure) 2026-06-17T09:50:11.176+0800: 32.241: [ParNew: 19646K->19646K(19648K), 0.0003360 secs]2026-06-17T09:50:11.176+0800: 32.241: [CMS2026-06-17T09:50:11.177+0800: 32.242: [CMS-concurrent-abortable-preclean: 0.000/0.108 secs] [Times: user=0.09 sys=0.00, real=0.11 secs] 
 (concurrent mode failure): 38508K->20841K(43712K), 0.0052116 secs] 58154K->20841K(63360K), [Metaspace: 2709K->2709K(1056768K)], 0.0071479 secs] [Times: user=0.00 sys=0.00, real=0.01 secs] 
2026-06-17T09:50:11.225+0800: 32.290: [GC (Allocation Failure) 2026-06-17T09:50:11.226+0800: 32.291: [ParNew: 17421K->2175K(19648K), 0.0185952 secs] 38262K->28070K(63360K), 0.0206993 secs] [Times: user=0.19 sys=0.00, real=0.02 secs] 
2026-06-17T09:50:11.293+0800: 32.358: [GC (Allocation Failure) 2026-06-17T09:50:11.294+0800: 32.359: [ParNew: 19628K->2169K(19648K), 0.0128707 secs] 45524K->32796K(63360K), 0.0147983 secs] [Times: user=0.10 sys=0.00, real=0.01 secs] 
2026-06-17T09:50:11.309+0800: 32.374: [GC (CMS Initial Mark) [1 CMS-initial-mark: 30626K(43712K)] 33628K(63360K), 0.0024651 secs] [Times: user=0.00 sys=0.01, real=0.01 secs] 
2026-06-17T09:50:11.313+0800: 32.378: [CMS-concurrent-mark-start]
2026-06-17T09:50:11.314+0800: 32.379: [CMS-concurrent-mark: 0.001/0.001 secs] [Times: user=0.00 sys=0.00, real=0.00 secs] 
2026-06-17T09:50:11.314+0800: 32.379: [CMS-concurrent-preclean-start]
2026-06-17T09:50:11.314+0800: 32.379: [CMS-concurrent-preclean: 0.000/0.000 secs] [Times: user=0.00 sys=0.00, real=0.00 secs] 
2026-06-17T09:50:11.315+0800: 32.380: [GC (CMS Final Remark) [YG occupancy: 3002 K (19648 K)]2026-06-17T09:50:11.315+0800: 32.380: [Rescan (parallel) , 0.0098108 secs]2026-06-17T09:50:11.326+0800: 32.391: [weak refs processing, 0.0009324 secs]2026-06-17T09:50:11.328+0800: 32.393: [class unloading, 0.0009241 secs]2026-06-17T09:50:11.329+0800: 32.394: [scrub symbol table, 0.0007318 secs]2026-06-17T09:50:11.331+0800: 32.396: [scrub string table, 0.0005636 secs][1 CMS-remark: 30626K(43712K)] 33628K(63360K), 0.0169778 secs] [Times: user=0.09 sys=0.00, real=0.02 secs] 
2026-06-17T09:50:11.333+0800: 32.398: [CMS-concurrent-sweep-start]
2026-06-17T09:50:11.333+0800: 32.398: [CMS-concurrent-sweep: 0.000/0.000 secs] [Times: user=0.00 sys=0.00, real=0.00 secs] 
2026-06-17T09:50:11.334+0800: 32.399: [CMS-concurrent-reset-start]
2026-06-17T09:50:11.334+0800: 32.399: [CMS-concurrent-reset: 0.000/0.000 secs] [Times: user=0.00 sys=0.00, real=0.00 secs] 
2026-06-17T09:50:11.365+0800: 32.430: [GC (Allocation Failure) 2026-06-17T09:50:11.366+0800: 32.431: [ParNew: 19494K->2047K(19648K), 0.0080234 secs] 45511K->30615K(63360K), 0.0095945 secs] [Times: user=0.06 sys=0.00, real=0.01 secs] 
2026-06-17T09:50:11.430+0800: 32.495: [GC (Allocation Failure) 2026-06-17T09:50:11.431+0800: 32.497: [ParNew: 19519K->2087K(19648K), 0.0078986 secs] 48087K->34300K(63360K), 0.0097329 secs] [Times: user=0.07 sys=0.00, real=0.01 secs] 
2026-06-17T09:50:11.486+0800: 32.551: [GC (Allocation Failure) 2026-06-17T09:50:11.487+0800: 32.552: [ParNew: 19534K->2175K(19648K), 0.0207008 secs] 51747K->37848K(63360K), 0.0217641 secs] [Times: user=0.17 sys=0.01, real=0.02 secs] 
2026-06-17T09:50:11.509+0800: 32.574: [GC (CMS Initial Mark) [1 CMS-initial-mark: 35673K(43712K)] 41063K(63360K), 0.0012862 secs] [Times: user=0.00 sys=0.00, real=0.00 secs] 
2026-06-17T09:50:11.511+0800: 32.576: [CMS-concurrent-mark-start]
2026-06-17T09:50:11.511+0800: 32.576: [CMS-concurrent-mark: 0.000/0.000 secs] [Times: user=0.00 sys=0.00, real=0.00 secs] 
2026-06-17T09:50:11.511+0800: 32.576: [CMS-concurrent-preclean-start]
2026-06-17T09:50:11.511+0800: 32.576: [CMS-concurrent-preclean: 0.000/0.000 secs] [Times: user=0.00 sys=0.00, real=0.00 secs] 
2026-06-17T09:50:11.511+0800: 32.577: [CMS-concurrent-abortable-preclean-start]
2026-06-17T09:50:11.553+0800: 32.618: [GC (Allocation Failure) 2026-06-17T09:50:11.553+0800: 32.618: [ParNew: 19595K->2173K(19648K), 0.0097244 secs] 55269K->42600K(63360K), 0.0112631 secs] [Times: user=0.12 sys=0.00, real=0.01 secs] 
2026-06-17T09:50:11.609+0800: 32.674: [GC (Allocation Failure) 2026-06-17T09:50:11.610+0800: 32.675: [ParNew: 19619K->19619K(19648K), 0.0007104 secs]2026-06-17T09:50:11.611+0800: 32.676: [CMS2026-06-17T09:50:11.612+0800: 32.677: [CMS-concurrent-abortable-preclean: 0.000/0.101 secs] [Times: user=0.12 sys=0.00, real=0.10 secs] 
 (concurrent mode failure): 40427K->22127K(43712K), 0.0079331 secs] 60046K->22127K(63360K), [Metaspace: 2709K->2709K(1056768K)], 0.0106917 secs] [Times: user=0.01 sys=0.00, real=0.01 secs] 
2026-06-17T09:50:11.665+0800: 32.730: [GC (Allocation Failure) 2026-06-17T09:50:11.666+0800: 32.731: [ParNew: 17203K->2067K(19648K), 0.0085858 secs] 39330K->25227K(63360K), 0.0095910 secs] [Times: user=0.07 sys=0.00, real=0.01 secs] 
2026-06-17T09:50:11.717+0800: 32.782: [GC (Allocation Failure) 2026-06-17T09:50:11.718+0800: 32.783: [ParNew: 19533K->2175K(19648K), 0.0103852 secs] 42693K->31618K(63360K), 0.0119833 secs] [Times: user=0.12 sys=0.00, real=0.01 secs] 
2026-06-17T09:50:11.731+0800: 32.796: [GC (CMS Initial Mark) [1 CMS-initial-mark: 29442K(43712K)] 32465K(63360K), 0.0012757 secs] [Times: user=0.00 sys=0.00, real=0.00 secs] 
2026-06-17T09:50:11.733+0800: 32.798: [CMS-concurrent-mark-start]
2026-06-17T09:50:11.734+0800: 32.799: [CMS-concurrent-mark: 0.001/0.001 secs] [Times: user=0.00 sys=0.00, real=0.00 secs] 
2026-06-17T09:50:11.734+0800: 32.799: [CMS-concurrent-preclean-start]
2026-06-17T09:50:11.734+0800: 32.799: [CMS-concurrent-preclean: 0.000/0.000 secs] [Times: user=0.00 sys=0.00, real=0.00 secs] 
2026-06-17T09:50:11.735+0800: 32.800: [GC (CMS Final Remark) [YG occupancy: 3022 K (19648 K)]2026-06-17T09:50:11.735+0800: 32.801: [Rescan (parallel) , 0.0071652 secs]2026-06-17T09:50:11.743+0800: 32.808: [weak refs processing, 0.0004900 secs]2026-06-17T09:50:11.744+0800: 32.809: [class unloading, 0.0007906 secs]2026-06-17T09:50:11.745+0800: 32.811: [scrub symbol table, 0.0006362 secs]2026-06-17T09:50:11.747+0800: 32.812: [scrub string table, 0.0006902 secs][1 CMS-remark: 29442K(43712K)] 32465K(63360K), 0.0128907 secs] [Times: user=0.09 sys=0.01, real=0.01 secs] 
2026-06-17T09:50:11.749+0800: 32.814: [CMS-concurrent-sweep-start]
2026-06-17T09:50:11.749+0800: 32.814: [CMS-concurrent-sweep: 0.000/0.000 secs] [Times: user=0.00 sys=0.00, real=0.00 secs] 
2026-06-17T09:50:11.750+0800: 32.815: [CMS-concurrent-reset-start]
2026-06-17T09:50:11.750+0800: 32.815: [CMS-concurrent-reset: 0.000/0.000 secs] [Times: user=0.00 sys=0.00, real=0.00 secs] 
2026-06-17T09:50:11.780+0800: 32.846: [GC (Allocation Failure) 2026-06-17T09:50:11.781+0800: 32.846: [ParNew: 19622K->2167K(19648K), 0.0093332 secs] 45629K->33606K(63360K), 0.0104617 secs] [Times: user=0.10 sys=0.00, real=0.02 secs] 
2026-06-17T09:50:11.793+0800: 32.858: [GC (CMS Initial Mark) [1 CMS-initial-mark: 31439K(43712K)] 34400K(63360K), 0.0019053 secs] [Times: user=0.00 sys=0.00, real=0.00 secs] 
2026-06-17T09:50:11.796+0800: 32.861: [CMS-concurrent-mark-start]
2026-06-17T09:50:11.796+0800: 32.861: [CMS-concurrent-mark: 0.000/0.000 secs] [Times: user=0.00 sys=0.00, real=0.00 secs] 
2026-06-17T09:50:11.797+0800: 32.862: [CMS-concurrent-preclean-start]
2026-06-17T09:50:11.797+0800: 32.862: [CMS-concurrent-preclean: 0.000/0.000 secs] [Times: user=0.00 sys=0.00, real=0.00 secs] 
2026-06-17T09:50:11.797+0800: 32.862: [GC (CMS Final Remark) [YG occupancy: 2961 K (19648 K)]2026-06-17T09:50:11.798+0800: 32.863: [Rescan (parallel) , 0.0062072 secs]2026-06-17T09:50:11.805+0800: 32.870: [weak refs processing, 0.0006720 secs]2026-06-17T09:50:11.806+0800: 32.871: [class unloading, 0.0007658 secs]2026-06-17T09:50:11.807+0800: 32.872: [scrub symbol table, 0.0005986 secs]2026-06-17T09:50:11.809+0800: 32.874: [scrub string table, 0.0006012 secs][1 CMS-remark: 31439K(43712K)] 34400K(63360K), 0.0125268 secs] [Times: user=0.05 sys=0.01, real=0.01 secs] 
2026-06-17T09:50:11.811+0800: 32.876: [CMS-concurrent-sweep-start]
2026-06-17T09:50:11.811+0800: 32.876: [CMS-concurrent-sweep: 0.000/0.000 secs] [Times: user=0.00 sys=0.00, real=0.00 secs] 
2026-06-17T09:50:11.811+0800: 32.877: [CMS-concurrent-reset-start]
2026-06-17T09:50:11.812+0800: 32.877: [CMS-concurrent-reset: 0.000/0.000 secs] [Times: user=0.00 sys=0.00, real=0.00 secs] 
2026-06-17T09:50:11.843+0800: 32.908: [GC (Allocation Failure) 2026-06-17T09:50:11.844+0800: 32.909: [ParNew: 19582K->2104K(19648K), 0.0095825 secs] 49102K->34486K(63360K), 0.0115476 secs] [Times: user=0.09 sys=0.00, real=0.01 secs] 
2026-06-17T09:50:11.856+0800: 32.921: [GC (CMS Initial Mark) [1 CMS-initial-mark: 32382K(43712K)] 35401K(63360K), 0.0018178 secs] [Times: user=0.00 sys=0.00, real=0.00 secs] 
2026-06-17T09:50:11.859+0800: 32.924: [CMS-concurrent-mark-start]
2026-06-17T09:50:11.860+0800: 32.925: [CMS-concurrent-mark: 0.001/0.001 secs] [Times: user=0.00 sys=0.00, real=0.00 secs] 
2026-06-17T09:50:11.860+0800: 32.925: [CMS-concurrent-preclean-start]
2026-06-17T09:50:11.860+0800: 32.925: [CMS-concurrent-preclean: 0.000/0.000 secs] [Times: user=0.00 sys=0.00, real=0.00 secs] 
2026-06-17T09:50:11.861+0800: 32.926: [GC (CMS Final Remark) [YG occupancy: 3018 K (19648 K)]2026-06-17T09:50:11.862+0800: 32.927: [Rescan (parallel) , 0.0044479 secs]2026-06-17T09:50:11.867+0800: 32.932: [weak refs processing, 0.0005547 secs]2026-06-17T09:50:11.868+0800: 32.933: [class unloading, 0.0007119 secs]2026-06-17T09:50:11.869+0800: 32.934: [scrub symbol table, 0.0006108 secs]2026-06-17T09:50:11.870+0800: 32.935: [scrub string table, 0.0005173 secs][1 CMS-remark: 32382K(43712K)] 35401K(63360K), 0.0101196 secs] [Times: user=0.03 sys=0.00, real=0.02 secs] 
2026-06-17T09:50:11.872+0800: 32.937: [CMS-concurrent-sweep-start]
2026-06-17T09:50:11.873+0800: 32.938: [CMS-concurrent-sweep: 0.000/0.000 secs] [Times: user=0.00 sys=0.00, real=0.00 secs] 
2026-06-17T09:50:11.873+0800: 32.938: [CMS-concurrent-reset-start]
2026-06-17T09:50:11.873+0800: 32.938: [CMS-concurrent-reset: 0.000/0.000 secs] [Times: user=0.00 sys=0.00, real=0.00 secs] 
2026-06-17T09:50:11.916+0800: 32.981: [GC (Allocation Failure) 2026-06-17T09:50:11.917+0800: 32.982: [ParNew: 19576K->2168K(19648K), 0.0082340 secs] 40395K->26530K(63360K), 0.0101738 secs] [Times: user=0.06 sys=0.01, real=0.01 secs] 
2026-06-17T09:50:11.970+0800: 33.036: [GC (Allocation Failure) 2026-06-17T09:50:11.971+0800: 33.036: [ParNew: 19586K->2171K(19648K), 0.0052768 secs] 43948K->30217K(63360K), 0.0066527 secs] [Times: user=0.03 sys=0.00, real=0.01 secs] 
2026-06-17T09:50:12.021+0800: 33.086: [GC (Allocation Failure) 2026-06-17T09:50:12.022+0800: 33.087: [ParNew: 19643K->2175K(19648K), 0.0117243 secs] 47689K->34893K(63360K), 0.0132443 secs] [Times: user=0.10 sys=0.01, real=0.02 secs] 
2026-06-17T09:50:12.036+0800: 33.101: [GC (CMS Initial Mark) [1 CMS-initial-mark: 32718K(43712K)] 35784K(63360K), 0.0021488 secs] [Times: user=0.00 sys=0.00, real=0.00 secs] 
2026-06-17T09:50:12.039+0800: 33.104: [CMS-concurrent-mark-start]
2026-06-17T09:50:12.040+0800: 33.105: [CMS-concurrent-mark: 0.000/0.000 secs] [Times: user=0.00 sys=0.00, real=0.00 secs] 
2026-06-17T09:50:12.040+0800: 33.105: [CMS-concurrent-preclean-start]
2026-06-17T09:50:12.040+0800: 33.106: [CMS-concurrent-preclean: 0.000/0.000 secs] [Times: user=0.00 sys=0.00, real=0.00 secs] 
2026-06-17T09:50:12.041+0800: 33.106: [CMS-concurrent-abortable-preclean-start]
2026-06-17T09:50:12.081+0800: 33.146: [GC (Allocation Failure) 2026-06-17T09:50:12.082+0800: 33.147: [ParNew: 19634K->2175K(19648K), 0.0118750 secs] 52352K->39199K(63360K), 0.0135084 secs] [Times: user=0.13 sys=0.00, real=0.02 secs] 
2026-06-17T09:50:12.140+0800: 33.205: [GC (Allocation Failure) 2026-06-17T09:50:12.141+0800: 33.206: [ParNew: 19436K->1958K(19648K), 0.0108562 secs] 56460K->40990K(63360K), 0.0130291 secs] [Times: user=0.11 sys=0.00, real=0.02 secs] 
2026-06-17T09:50:12.208+0800: 33.274: [GC (Allocation Failure) 2026-06-17T09:50:12.209+0800: 33.274: [ParNew: 19388K->19388K(19648K), 0.0008286 secs]2026-06-17T09:50:12.211+0800: 33.276: [CMS2026-06-17T09:50:12.212+0800: 33.277: [CMS-concurrent-abortable-preclean: 0.000/0.171 secs] [Times: user=0.24 sys=0.00, real=0.18 secs] 
 (concurrent mode failure): 39032K->30631K(43712K), 0.0060992 secs] 58421K->30631K(63360K), [Metaspace: 2709K->2709K(1056768K)], 0.0090025 secs] [Times: user=0.00 sys=0.00, real=0.01 secs] 
2026-06-17T09:50:12.261+0800: 33.326: [GC (Allocation Failure) 2026-06-17T09:50:12.262+0800: 33.327: [ParNew: 17442K->2175K(19648K), 0.0138664 secs] 48074K->37820K(63360K), 0.0146507 secs] [Times: user=0.14 sys=0.00, real=0.02 secs] 
2026-06-17T09:50:12.277+0800: 33.342: [GC (CMS Initial Mark) [1 CMS-initial-mark: 35645K(43712K)] 40507K(63360K), 0.0009830 secs] [Times: user=0.00 sys=0.00, real=0.00 secs] 
2026-06-17T09:50:12.278+0800: 33.343: [CMS-concurrent-mark-start]
2026-06-17T09:50:12.280+0800: 33.345: [CMS-concurrent-mark: 0.002/0.002 secs] [Times: user=0.01 sys=0.00, real=0.00 secs] 
2026-06-17T09:50:12.281+0800: 33.346: [CMS-concurrent-preclean-start]
2026-06-17T09:50:12.281+0800: 33.346: [CMS-concurrent-preclean: 0.000/0.000 secs] [Times: user=0.00 sys=0.00, real=0.00 secs] 
2026-06-17T09:50:12.281+0800: 33.346: [CMS-concurrent-abortable-preclean-start]
2026-06-17T09:50:12.310+0800: 33.375: [GC (Allocation Failure) 2026-06-17T09:50:12.311+0800: 33.376: [ParNew: 19484K->2170K(19648K), 0.0089596 secs] 55129K->41246K(63360K), 0.0103126 secs] [Times: user=0.10 sys=0.00, real=0.01 secs] 
2026-06-17T09:50:12.374+0800: 33.440: [GC (Allocation Failure) 2026-06-17T09:50:12.375+0800: 33.440: [ParNew: 19631K->19631K(19648K), 0.0003567 secs]2026-06-17T09:50:12.376+0800: 33.441: [CMS2026-06-17T09:50:12.376+0800: 33.441: [CMS-concurrent-abortable-preclean: 0.000/0.095 secs] [Times: user=0.10 sys=0.00, real=0.10 secs] 
 (concurrent mode failure): 39075K->26164K(43712K), 0.0040758 secs] 58707K->26164K(63360K), [Metaspace: 2709K->2709K(1056768K)], 0.0058662 secs] [Times: user=0.01 sys=0.00, real=0.00 secs] 
2026-06-17T09:50:12.424+0800: 33.489: [GC (Allocation Failure) 2026-06-17T09:50:12.425+0800: 33.490: [ParNew: 17472K->2171K(19648K), 0.0088259 secs] 43636K->33451K(63360K), 0.0105376 secs] [Times: user=0.09 sys=0.01, real=0.01 secs] 
2026-06-17T09:50:12.480+0800: 33.545: [GC (Allocation Failure) 2026-06-17T09:50:12.481+0800: 33.546: [ParNew: 19625K->2169K(19648K), 0.0071219 secs] 50904K->39193K(63360K), 0.0092230 secs] [Times: user=0.03 sys=0.00, real=0.01 secs] 
2026-06-17T09:50:12.491+0800: 33.557: [GC (CMS Initial Mark) [1 CMS-initial-mark: 37023K(43712K)] 40625K(63360K), 0.0038444 secs] [Times: user=0.00 sys=0.00, real=0.00 secs] 
2026-06-17T09:50:12.497+0800: 33.562: [CMS-concurrent-mark-start]
2026-06-17T09:50:12.497+0800: 33.563: [CMS-concurrent-mark: 0.001/0.001 secs] [Times: user=0.00 sys=0.01, real=0.00 secs] 
2026-06-17T09:50:12.498+0800: 33.563: [CMS-concurrent-preclean-start]
2026-06-17T09:50:12.498+0800: 33.563: [CMS-concurrent-preclean: 0.000/0.000 secs] [Times: user=0.00 sys=0.00, real=0.00 secs] 
2026-06-17T09:50:12.499+0800: 33.564: [CMS-concurrent-abortable-preclean-start]
2026-06-17T09:50:12.540+0800: 33.605: [GC (Allocation Failure) 2026-06-17T09:50:12.541+0800: 33.606: [ParNew: 19601K->19601K(19648K), 0.0008888 secs]2026-06-17T09:50:12.543+0800: 33.608: [CMS2026-06-17T09:50:12.543+0800: 33.609: [CMS-concurrent-abortable-preclean: 0.000/0.045 secs] [Times: user=0.01 sys=0.00, real=0.05 secs] 
 (concurrent mode failure): 37023K->27387K(43712K), 0.0084443 secs] 56625K->27387K(63360K), [Metaspace: 2709K->2709K(1056768K)], 0.0118165 secs] [Times: user=0.00 sys=0.00, real=0.02 secs] 
2026-06-17T09:50:12.597+0800: 33.663: [GC (Allocation Failure) 2026-06-17T09:50:12.598+0800: 33.663: [ParNew: 17326K->2167K(19648K), 0.0230880 secs] 44713K->30218K(63360K), 0.0243439 secs] [Times: user=0.22 sys=0.00, real=0.02 secs] 
2026-06-17T09:50:12.665+0800: 33.730: [GC (Allocation Failure) 2026-06-17T09:50:12.665+0800: 33.730: [ParNew: 19598K->2174K(19648K), 0.0075131 secs] 47650K->37625K(63360K), 0.0083343 secs] [Times: user=0.06 sys=0.00, real=0.01 secs] 
2026-06-17T09:50:12.674+0800: 33.739: [GC (CMS Initial Mark) [1 CMS-initial-mark: 35451K(43712K)] 38041K(63360K), 0.0010149 secs] [Times: user=0.00 sys=0.00, real=0.00 secs] 
2026-06-17T09:50:12.675+0800: 33.741: [CMS-concurrent-mark-start]
2026-06-17T09:50:12.676+0800: 33.741: [CMS-concurrent-mark: 0.001/0.001 secs] [Times: user=0.00 sys=0.00, real=0.00 secs] 
2026-06-17T09:50:12.676+0800: 33.742: [CMS-concurrent-preclean-start]
2026-06-17T09:50:12.676+0800: 33.742: [CMS-concurrent-preclean: 0.000/0.000 secs] [Times: user=0.00 sys=0.00, real=0.00 secs] 
2026-06-17T09:50:12.677+0800: 33.742: [GC (CMS Final Remark) [YG occupancy: 2590 K (19648 K)]2026-06-17T09:50:12.677+0800: 33.742: [Rescan (parallel) , 0.0068817 secs]2026-06-17T09:50:12.685+0800: 33.750: [weak refs processing, 0.0005657 secs]2026-06-17T09:50:12.686+0800: 33.751: [class unloading, 0.0005550 secs]2026-06-17T09:50:12.687+0800: 33.752: [scrub symbol table, 0.0004574 secs]2026-06-17T09:50:12.688+0800: 33.753: [scrub string table, 0.0003408 secs][1 CMS-remark: 35451K(43712K)] 38041K(63360K), 0.0112721 secs] [Times: user=0.08 sys=0.00, real=0.01 secs] 
2026-06-17T09:50:12.689+0800: 33.754: [CMS-concurrent-sweep-start]
2026-06-17T09:50:12.689+0800: 33.754: [CMS-concurrent-sweep: 0.000/0.000 secs] [Times: user=0.00 sys=0.00, real=0.00 secs] 
2026-06-17T09:50:12.690+0800: 33.755: [CMS-concurrent-reset-start]
2026-06-17T09:50:12.690+0800: 33.755: [CMS-concurrent-reset: 0.000/0.000 secs] [Times: user=0.00 sys=0.00, real=0.00 secs] 
2026-06-17T09:50:12.731+0800: 33.796: [GC (Allocation Failure) 2026-06-17T09:50:12.732+0800: 33.797: [ParNew: 19639K->2069K(19648K), 0.0094756 secs] 40620K->25409K(63360K), 0.0106579 secs] [Times: user=0.10 sys=0.00, real=0.00 secs] 
2026-06-17T09:50:12.775+0800: 33.840: [GC (Allocation Failure) 2026-06-17T09:50:12.775+0800: 33.840: [ParNew: 19527K->1994K(19648K), 0.0101921 secs] 42866K->28967K(63360K), 0.0115966 secs] [Times: user=0.09 sys=0.00, real=0.01 secs] 
2026-06-17T09:50:12.841+0800: 33.906: [GC (Allocation Failure) 2026-06-17T09:50:12.842+0800: 33.907: [ParNew: 19421K->2174K(19648K), 0.0088017 secs] 46394K->33160K(63360K), 0.0106031 secs] [Times: user=0.09 sys=0.00, real=0.02 secs] 
2026-06-17T09:50:12.898+0800: 33.963: [GC (Allocation Failure) 2026-06-17T09:50:12.898+0800: 33.963: [ParNew: 19392K->1552K(19648K), 0.0174989 secs] 50378K->33539K(63360K), 0.0187684 secs] [Times: user=0.12 sys=0.01, real=0.02 secs] 
2026-06-17T09:50:12.962+0800: 34.027: [GC (Allocation Failure) 2026-06-17T09:50:12.963+0800: 34.028: [ParNew: 18987K->2175K(19648K), 0.0138887 secs] 50975K->40124K(63360K), 0.0153755 secs] [Times: user=0.12 sys=0.00, real=0.02 secs] 
2026-06-17T09:50:12.979+0800: 34.044: [GC (CMS Initial Mark) [1 CMS-initial-mark: 37948K(43712K)] 42427K(63360K), 0.0020326 secs] [Times: user=0.00 sys=0.00, real=0.00 secs] 
2026-06-17T09:50:12.982+0800: 34.047: [CMS-concurrent-mark-start]
2026-06-17T09:50:12.983+0800: 34.048: [CMS-concurrent-mark: 0.001/0.001 secs] [Times: user=0.00 sys=0.00, real=0.01 secs] 
2026-06-17T09:50:12.983+0800: 34.048: [CMS-concurrent-preclean-start]
2026-06-17T09:50:12.983+0800: 34.049: [CMS-concurrent-preclean: 0.000/0.000 secs] [Times: user=0.00 sys=0.00, real=0.00 secs] 
2026-06-17T09:50:12.984+0800: 34.049: [CMS-concurrent-abortable-preclean-start]
2026-06-17T09:50:13.025+0800: 34.090: [GC (Allocation Failure) 2026-06-17T09:50:13.026+0800: 34.091: [ParNew: 19643K->19643K(19648K), 0.0007103 secs]2026-06-17T09:50:13.027+0800: 34.092: [CMS2026-06-17T09:50:13.028+0800: 34.093: [CMS-concurrent-abortable-preclean: 0.000/0.044 secs] [Times: user=0.00 sys=0.00, real=0.04 secs] 
 (concurrent mode failure): 37948K->30706K(43712K), 0.0060986 secs] 57591K->30706K(63360K), [Metaspace: 2709K->2709K(1056768K)], 0.0086772 secs] [Times: user=0.01 sys=0.00, real=0.01 secs] 
2026-06-17T09:50:13.078+0800: 34.143: [GC (Allocation Failure) 2026-06-17T09:50:13.078+0800: 34.144: [ParNew: 17296K->2152K(19648K), 0.0139260 secs] 48003K->34296K(63360K), 0.0153760 secs] [Times: user=0.11 sys=0.01, real=0.02 secs] 
2026-06-17T09:50:13.146+0800: 34.212: [GC (Allocation Failure) 2026-06-17T09:50:13.147+0800: 34.212: [ParNew: 19621K->2134K(19648K), 0.0088634 secs] 51765K->38140K(63360K), 0.0096168 secs] [Times: user=0.07 sys=0.00, real=0.01 secs] 
2026-06-17T09:50:13.157+0800: 34.222: [GC (CMS Initial Mark) [1 CMS-initial-mark: 36005K(43712K)] 38932K(63360K), 0.0008893 secs] [Times: user=0.00 sys=0.00, real=0.00 secs] 
2026-06-17T09:50:13.158+0800: 34.223: [CMS-concurrent-mark-start]
2026-06-17T09:50:13.158+0800: 34.223: [CMS-concurrent-mark: 0.000/0.000 secs] [Times: user=0.00 sys=0.00, real=0.00 secs] 
2026-06-17T09:50:13.159+0800: 34.224: [CMS-concurrent-preclean-start]
2026-06-17T09:50:13.159+0800: 34.224: [CMS-concurrent-preclean: 0.000/0.000 secs] [Times: user=0.00 sys=0.00, real=0.00 secs] 
2026-06-17T09:50:13.159+0800: 34.224: [CMS-concurrent-abortable-preclean-start]
2026-06-17T09:50:13.200+0800: 34.265: [GC (Allocation Failure) 2026-06-17T09:50:13.200+0800: 34.265: [ParNew: 19603K->2174K(19648K), 0.0113628 secs] 55609K->41573K(63360K), 0.0127137 secs] [Times: user=0.13 sys=0.01, real=0.02 secs] 
2026-06-17T09:50:13.257+0800: 34.322: [GC (Allocation Failure) 2026-06-17T09:50:13.258+0800: 34.323: [ParNew: 19612K->19612K(19648K), 0.0010597 secs]2026-06-17T09:50:13.260+0800: 34.325: [CMS2026-06-17T09:50:13.261+0800: 34.326: [CMS-concurrent-abortable-preclean: 0.000/0.102 secs] [Times: user=0.13 sys=0.01, real=0.10 secs] 
 (concurrent mode failure): 39399K->31566K(43712K), 0.0082585 secs] 59011K->31566K(63360K), [Metaspace: 2709K->2709K(1056768K)], 0.0116812 secs] [Times: user=0.01 sys=0.00, real=0.01 secs] 
2026-06-17T09:50:13.312+0800: 34.377: [GC (Allocation Failure) 2026-06-17T09:50:13.313+0800: 34.378: [ParNew: 17449K->2175K(19648K), 0.0104484 secs] 49015K->38314K(63360K), 0.0111372 secs] [Times: user=0.09 sys=0.00, real=0.01 secs] 
2026-06-17T09:50:13.324+0800: 34.389: [GC (CMS Initial Mark) [1 CMS-initial-mark: 36139K(43712K)] 39325K(63360K), 0.0018867 secs] [Times: user=0.00 sys=0.00, real=0.00 secs] 
2026-06-17T09:50:13.327+0800: 34.392: [CMS-concurrent-mark-start]
2026-06-17T09:50:13.329+0800: 34.394: [CMS-concurrent-mark: 0.002/0.002 secs] [Times: user=0.01 sys=0.00, real=0.00 secs] 
2026-06-17T09:50:13.330+0800: 34.395: [CMS-concurrent-preclean-start]
2026-06-17T09:50:13.330+0800: 34.395: [CMS-concurrent-preclean: 0.000/0.000 secs] [Times: user=0.00 sys=0.00, real=0.00 secs] 
2026-06-17T09:50:13.330+0800: 34.395: [GC (CMS Final Remark) [YG occupancy: 3223 K (19648 K)]2026-06-17T09:50:13.331+0800: 34.396: [Rescan (parallel) , 0.0047368 secs]2026-06-17T09:50:13.336+0800: 34.401: [weak refs processing, 0.0006326 secs]2026-06-17T09:50:13.337+0800: 34.402: [class unloading, 0.0007736 secs]2026-06-17T09:50:13.339+0800: 34.404: [scrub symbol table, 0.0005593 secs]2026-06-17T09:50:13.339+0800: 34.405: [scrub string table, 0.0003371 secs][1 CMS-remark: 36139K(43712K)] 39363K(63360K), 0.0097984 secs] [Times: user=0.05 sys=0.00, real=0.01 secs] 
2026-06-17T09:50:13.341+0800: 34.406: [CMS-concurrent-sweep-start]
2026-06-17T09:50:13.341+0800: 34.406: [CMS-concurrent-sweep: 0.000/0.000 secs] [Times: user=0.00 sys=0.00, real=0.00 secs] 
2026-06-17T09:50:13.342+0800: 34.407: [CMS-concurrent-reset-start]
2026-06-17T09:50:13.342+0800: 34.407: [CMS-concurrent-reset: 0.000/0.000 secs] [Times: user=0.00 sys=0.00, real=0.00 secs] 
2026-06-17T09:50:13.373+0800: 34.438: [GC (Allocation Failure) 2026-06-17T09:50:13.373+0800: 34.439: [ParNew: 19481K->2058K(19648K), 0.0075390 secs] 43018K->26517K(63360K), 0.0088963 secs] [Times: user=0.08 sys=0.00, real=0.00 secs] 
2026-06-17T09:50:13.425+0800: 34.490: [GC (Allocation Failure) 2026-06-17T09:50:13.425+0800: 34.490: [ParNew: 18834K->2149K(19648K), 0.0045590 secs] 43293K->29474K(63360K), 0.0057418 secs] [Times: user=0.02 sys=0.00, real=0.01 secs] 
2026-06-17T09:50:13.484+0800: 34.550: [GC (Allocation Failure) 2026-06-17T09:50:13.485+0800: 34.550: [ParNew: 19620K->2077K(19648K), 0.0146016 secs] 46946K->33316K(63360K), 0.0171977 secs] [Times: user=0.15 sys=0.00, real=0.02 secs] 
2026-06-17T09:50:13.548+0800: 34.613: [GC (Allocation Failure) 2026-06-17T09:50:13.548+0800: 34.613: [ParNew: 19527K->2091K(19648K), 0.0067094 secs] 50766K->36982K(63360K), 0.0084910 secs] [Times: user=0.05 sys=0.01, real=0.01 secs] 
2026-06-17T09:50:13.558+0800: 34.623: [GC (CMS Initial Mark) [1 CMS-initial-mark: 34890K(43712K)] 38739K(63360K), 0.0017560 secs] [Times: user=0.00 sys=0.00, real=0.00 secs] 
2026-06-17T09:50:13.560+0800: 34.625: [CMS-concurrent-mark-start]
2026-06-17T09:50:13.561+0800: 34.626: [CMS-concurrent-mark: 0.001/0.001 secs] [Times: user=0.00 sys=0.00, real=0.00 secs] 
2026-06-17T09:50:13.561+0800: 34.627: [CMS-concurrent-preclean-start]
2026-06-17T09:50:13.562+0800: 34.627: [CMS-concurrent-preclean: 0.000/0.000 secs] [Times: user=0.00 sys=0.00, real=0.00 secs] 
2026-06-17T09:50:13.562+0800: 34.627: [CMS-concurrent-abortable-preclean-start]
2026-06-17T09:50:13.602+0800: 34.668: [GC (Allocation Failure) 2026-06-17T09:50:13.603+0800: 34.668: [ParNew: 19563K->2175K(19648K), 0.0052204 secs] 54454K->40643K(63360K), 0.0063801 secs] [Times: user=0.03 sys=0.00, real=0.01 secs] 
2026-06-17T09:50:13.652+0800: 34.718: [GC (Allocation Failure) 2026-06-17T09:50:13.653+0800: 34.718: [ParNew: 19599K->2175K(19648K), 0.0060225 secs] 58067K->45133K(63360K), 0.0076784 secs] [Times: user=0.02 sys=0.01, real=0.00 secs] 
2026-06-17T09:50:13.662+0800: 34.727: [CMS-concurrent-abortable-preclean: 0.000/0.100 secs] [Times: user=0.06 sys=0.01, real=0.10 secs] 
2026-06-17T09:50:13.662+0800: 34.727: [GC (CMS Final Remark) [YG occupancy: 5848 K (19648 K)]2026-06-17T09:50:13.663+0800: 34.728: [Rescan (parallel) , 0.0109562 secs]2026-06-17T09:50:13.675+0800: 34.740: [weak refs processing, 0.0005234 secs]2026-06-17T09:50:13.676+0800: 34.741: [class unloading, 0.0007946 secs]2026-06-17T09:50:13.677+0800: 34.742: [scrub symbol table, 0.0009389 secs]2026-06-17T09:50:13.679+0800: 34.744: [scrub string table, 0.0006634 secs][1 CMS-remark: 42957K(43712K)] 48805K(63360K), 0.0180688 secs] [Times: user=0.11 sys=0.00, real=0.02 secs] 
2026-06-17T09:50:13.682+0800: 34.747: [CMS-concurrent-sweep-start]
2026-06-17T09:50:13.682+0800: 34.747: [CMS-concurrent-sweep: 0.000/0.000 secs] [Times: user=0.00 sys=0.00, real=0.00 secs] 
2026-06-17T09:50:13.682+0800: 34.747: [CMS-concurrent-reset-start]
2026-06-17T09:50:13.682+0800: 34.747: [CMS-concurrent-reset: 0.000/0.000 secs] [Times: user=0.00 sys=0.00, real=0.00 secs] 
2026-06-17T09:50:13.715+0800: 34.780: [GC (Allocation Failure) 2026-06-17T09:50:13.716+0800: 34.781: [ParNew: 19590K->2171K(19648K), 0.0101306 secs] 46504K->34587K(63360K), 0.0123346 secs] [Times: user=0.09 sys=0.01, real=0.01 secs] 
2026-06-17T09:50:13.729+0800: 34.794: [GC (CMS Initial Mark) [1 CMS-initial-mark: 32415K(43712K)] 35836K(63360K), 0.0023240 secs] [Times: user=0.00 sys=0.00, real=0.01 secs] 
2026-06-17T09:50:13.733+0800: 34.798: [CMS-concurrent-mark-start]
2026-06-17T09:50:13.734+0800: 34.799: [CMS-concurrent-mark: 0.001/0.001 secs] [Times: user=0.00 sys=0.00, real=0.00 secs] 
2026-06-17T09:50:13.734+0800: 34.799: [CMS-concurrent-preclean-start]
2026-06-17T09:50:13.734+0800: 34.799: [CMS-concurrent-preclean: 0.000/0.000 secs] [Times: user=0.00 sys=0.00, real=0.00 secs] 
2026-06-17T09:50:13.735+0800: 34.800: [GC (CMS Final Remark) [YG occupancy: 3890 K (19648 K)]2026-06-17T09:50:13.736+0800: 34.801: [Rescan (parallel) , 0.0110229 secs]2026-06-17T09:50:13.747+0800: 34.812: [weak refs processing, 0.0007632 secs]2026-06-17T09:50:13.749+0800: 34.814: [class unloading, 0.0010071 secs]2026-06-17T09:50:13.751+0800: 34.816: [scrub symbol table, 0.0008455 secs]2026-06-17T09:50:13.753+0800: 34.818: [scrub string table, 0.0007592 secs][1 CMS-remark: 32415K(43712K)] 36306K(63360K), 0.0191363 secs] [Times: user=0.11 sys=0.00, real=0.02 secs] 
2026-06-17T09:50:13.756+0800: 34.821: [CMS-concurrent-sweep-start]
2026-06-17T09:50:13.756+0800: 34.821: [CMS-concurrent-sweep: 0.000/0.000 secs] [Times: user=0.00 sys=0.00, real=0.00 secs] 
2026-06-17T09:50:13.757+0800: 34.822: [CMS-concurrent-reset-start]
2026-06-17T09:50:13.757+0800: 34.822: [CMS-concurrent-reset: 0.000/0.000 secs] [Times: user=0.00 sys=0.00, real=0.00 secs] 
2026-06-17T09:50:13.797+0800: 34.862: [GC (Allocation Failure) 2026-06-17T09:50:13.798+0800: 34.863: [ParNew: 19643K->1942K(19648K), 0.0098639 secs] 39630K->23795K(63360K), 0.0113111 secs] [Times: user=0.10 sys=0.01, real=0.01 secs] 
2026-06-17T09:50:13.852+0800: 34.917: [GC (Allocation Failure) 2026-06-17T09:50:13.853+0800: 34.918: [ParNew: 19414K->2058K(19648K), 0.0069854 secs] 41267K->27544K(63360K), 0.0081246 secs] [Times: user=0.09 sys=0.00, real=0.00 secs] 
2026-06-17T09:50:13.904+0800: 34.969: [GC (Allocation Failure) 2026-06-17T09:50:13.907+0800: 34.972: [ParNew: 19503K->2170K(19648K), 0.0105289 secs] 44989K->30698K(63360K), 0.0143670 secs] [Times: user=0.09 sys=0.00, real=0.01 secs] 
2026-06-17T09:50:13.963+0800: 35.028: [GC (Allocation Failure) 2026-06-17T09:50:13.964+0800: 35.029: [ParNew: 19642K->2175K(19648K), 0.0071530 secs] 48170K->35001K(63360K), 0.0085533 secs] [Times: user=0.05 sys=0.00, real=0.01 secs] 
2026-06-17T09:50:13.974+0800: 35.039: [GC (CMS Initial Mark) [1 CMS-initial-mark: 32826K(43712K)] 37663K(63360K), 0.0016662 secs] [Times: user=0.00 sys=0.00, real=0.00 secs] 
2026-06-17T09:50:13.976+0800: 35.042: [CMS-concurrent-mark-start]
2026-06-17T09:50:13.977+0800: 35.042: [CMS-concurrent-mark: 0.001/0.001 secs] [Times: user=0.00 sys=0.00, real=0.00 secs] 
2026-06-17T09:50:13.977+0800: 35.042: [CMS-concurrent-preclean-start]
2026-06-17T09:50:13.977+0800: 35.043: [CMS-concurrent-preclean: 0.000/0.000 secs] [Times: user=0.00 sys=0.00, real=0.00 secs] 
2026-06-17T09:50:13.978+0800: 35.043: [CMS-concurrent-abortable-preclean-start]
2026-06-17T09:50:14.018+0800: 35.084: [GC (Allocation Failure) 2026-06-17T09:50:14.019+0800: 35.084: [ParNew: 19647K->2168K(19648K), 0.0072496 secs] 52473K->40275K(63360K), 0.0084869 secs] [Times: user=0.07 sys=0.00, real=0.01 secs] 
2026-06-17T09:50:14.070+0800: 35.135: [GC (Allocation Failure) 2026-06-17T09:50:14.071+0800: 35.136: [ParNew: 19631K->19631K(19648K), 0.0005430 secs]2026-06-17T09:50:14.072+0800: 35.137: [CMS2026-06-17T09:50:14.072+0800: 35.138: [CMS-concurrent-abortable-preclean: 0.000/0.095 secs] [Times: user=0.07 sys=0.01, real=0.10 secs] 
 (concurrent mode failure): 38106K->30335K(43712K), 0.0045306 secs] 57738K->30335K(63360K), [Metaspace: 2709K->2709K(1056768K)], 0.0069469 secs] [Times: user=0.00 sys=0.00, real=0.01 secs] 
2026-06-17T09:50:14.121+0800: 35.186: [GC (Allocation Failure) 2026-06-17T09:50:14.121+0800: 35.187: [ParNew: 17225K->2138K(19648K), 0.0109103 secs] 47561K->33749K(63360K), 0.0116303 secs] [Times: user=0.09 sys=0.00, real=0.02 secs] 
2026-06-17T09:50:14.175+0800: 35.240: [GC (Allocation Failure) 2026-06-17T09:50:14.176+0800: 35.241: [ParNew: 19610K->2174K(19648K), 0.0099036 secs] 51221K->41261K(63360K), 0.0111120 secs] [Times: user=0.11 sys=0.00, real=0.01 secs] 
2026-06-17T09:50:14.188+0800: 35.253: [GC (CMS Initial Mark) [1 CMS-initial-mark: 39086K(43712K)] 41725K(63360K), 0.0016993 secs] [Times: user=0.00 sys=0.00, real=0.00 secs] 
2026-06-17T09:50:14.190+0800: 35.255: [CMS-concurrent-mark-start]
2026-06-17T09:50:14.191+0800: 35.256: [CMS-concurrent-mark: 0.000/0.000 secs] [Times: user=0.00 sys=0.00, real=0.01 secs] 
2026-06-17T09:50:14.191+0800: 35.256: [CMS-concurrent-preclean-start]
2026-06-17T09:50:14.191+0800: 35.256: [CMS-concurrent-preclean: 0.000/0.000 secs] [Times: user=0.00 sys=0.00, real=0.00 secs] 
2026-06-17T09:50:14.191+0800: 35.256: [GC (CMS Final Remark) [YG occupancy: 2638 K (19648 K)]2026-06-17T09:50:14.191+0800: 35.257: [Rescan (parallel) , 0.0062761 secs]2026-06-17T09:50:14.198+0800: 35.263: [weak refs processing, 0.0002286 secs]2026-06-17T09:50:14.199+0800: 35.264: [class unloading, 0.0004992 secs]2026-06-17T09:50:14.199+0800: 35.264: [scrub symbol table, 0.0004882 secs]2026-06-17T09:50:14.200+0800: 35.265: [scrub string table, 0.0004439 secs][1 CMS-remark: 39086K(43712K)] 41725K(63360K), 0.0101335 secs] [Times: user=0.06 sys=0.00, real=0.00 secs] 
2026-06-17T09:50:14.202+0800: 35.267: [CMS-concurrent-sweep-start]
2026-06-17T09:50:14.202+0800: 35.268: [CMS-concurrent-sweep: 0.000/0.000 secs] [Times: user=0.00 sys=0.00, real=0.00 secs] 
2026-06-17T09:50:14.203+0800: 35.268: [CMS-concurrent-reset-start]
2026-06-17T09:50:14.203+0800: 35.268: [CMS-concurrent-reset: 0.000/0.000 secs] [Times: user=0.00 sys=0.00, real=0.00 secs] 
2026-06-17T09:50:14.244+0800: 35.310: [GC (Allocation Failure) 2026-06-17T09:50:14.245+0800: 35.310: [ParNew: 19646K->2174K(19648K), 0.0083574 secs] 46326K->31497K(63360K), 0.0100712 secs] [Times: user=0.08 sys=0.00, real=0.01 secs] 
2026-06-17T09:50:14.299+0800: 35.364: [GC (Allocation Failure) 2026-06-17T09:50:14.300+0800: 35.365: [ParNew: 19631K->2147K(19648K), 0.0085697 secs] 48954K->34963K(63360K), 0.0103706 secs] [Times: user=0.06 sys=0.01, real=0.01 secs] 
2026-06-17T09:50:14.311+0800: 35.376: [GC (CMS Initial Mark) [1 CMS-initial-mark: 32815K(43712K)] 37042K(63360K), 0.0022466 secs] [Times: user=0.01 sys=0.00, real=0.00 secs] 
2026-06-17T09:50:14.315+0800: 35.380: [CMS-concurrent-mark-start]
2026-06-17T09:50:14.315+0800: 35.381: [CMS-concurrent-mark: 0.001/0.001 secs] [Times: user=0.00 sys=0.00, real=0.00 secs] 
2026-06-17T09:50:14.316+0800: 35.381: [CMS-concurrent-preclean-start]
2026-06-17T09:50:14.316+0800: 35.381: [CMS-concurrent-preclean: 0.000/0.000 secs] [Times: user=0.00 sys=0.00, real=0.00 secs] 
2026-06-17T09:50:14.317+0800: 35.382: [CMS-concurrent-abortable-preclean-start]
2026-06-17T09:50:14.357+0800: 35.422: [GC (Allocation Failure) 2026-06-17T09:50:14.358+0800: 35.423: [ParNew: 19619K->2169K(19648K), 0.0287555 secs] 52435K->38630K(63360K), 0.0295236 secs] [Times: user=0.24 sys=0.00, real=0.03 secs] 
2026-06-17T09:50:14.430+0800: 35.495: [GC (Allocation Failure) 2026-06-17T09:50:14.431+0800: 35.496: [ParNew: 19603K->2174K(19648K), 0.0082424 secs] 56064K->43196K(63360K), 0.0095961 secs] [Times: user=0.08 sys=0.00, real=0.01 secs] 
2026-06-17T09:50:14.484+0800: 35.549: [GC (Allocation Failure) 2026-06-17T09:50:14.485+0800: 35.550: [ParNew: 19629K->19629K(19648K), 0.0007310 secs]2026-06-17T09:50:14.486+0800: 35.551: [CMS2026-06-17T09:50:14.487+0800: 35.552: [CMS-concurrent-abortable-preclean: 0.000/0.170 secs] [Times: user=0.32 sys=0.00, real=0.17 secs] 
 (concurrent mode failure): 41021K->32414K(43712K), 0.0069464 secs] 60650K->32414K(63360K), [Metaspace: 2709K->2709K(1056768K)], 0.0101287 secs] [Times: user=0.01 sys=0.00, real=0.01 secs] 
2026-06-17T09:50:14.547+0800: 35.613: [GC (Allocation Failure) 2026-06-17T09:50:14.548+0800: 35.613: [ParNew: 17472K->2155K(19648K), 0.0160228 secs] 49886K->36054K(63360K), 0.0167847 secs] [Times: user=0.14 sys=0.00, real=0.02 secs] 
2026-06-17T09:50:14.607+0800: 35.672: [GC (Allocation Failure) 2026-06-17T09:50:14.608+0800: 35.673: [ParNew: 19627K->2170K(19648K), 0.0116357 secs] 53526K->40557K(63360K), 0.0127510 secs] [Times: user=0.09 sys=0.01, real=0.01 secs] 
2026-06-17T09:50:14.621+0800: 35.686: [GC (CMS Initial Mark) [1 CMS-initial-mark: 38386K(43712K)] 42350K(63360K), 0.0016556 secs] [Times: user=0.00 sys=0.00, real=0.01 secs] 
2026-06-17T09:50:14.624+0800: 35.689: [CMS-concurrent-mark-start]
2026-06-17T09:50:14.624+0800: 35.689: [CMS-concurrent-mark: 0.000/0.000 secs] [Times: user=0.00 sys=0.00, real=0.00 secs] 
2026-06-17T09:50:14.624+0800: 35.689: [CMS-concurrent-preclean-start]
2026-06-17T09:50:14.624+0800: 35.689: [CMS-concurrent-preclean: 0.000/0.000 secs] [Times: user=0.00 sys=0.00, real=0.00 secs] 
2026-06-17T09:50:14.625+0800: 35.690: [CMS-concurrent-abortable-preclean-start]
2026-06-17T09:50:14.666+0800: 35.731: [GC (Allocation Failure) 2026-06-17T09:50:14.667+0800: 35.732: [ParNew: 19639K->19639K(19648K), 0.0007917 secs]2026-06-17T09:50:14.668+0800: 35.733: [CMS2026-06-17T09:50:14.669+0800: 35.734: [CMS-concurrent-abortable-preclean: 0.000/0.044 secs] [Times: user=0.00 sys=0.00, real=0.04 secs] 
 (concurrent mode failure): 38386K->24832K(43712K), 0.0060626 secs] 58026K->24832K(63360K), [Metaspace: 2709K->2709K(1056768K)], 0.0089484 secs] [Times: user=0.01 sys=0.00, real=0.01 secs] 
2026-06-17T09:50:14.719+0800: 35.784: [GC (Allocation Failure) 2026-06-17T09:50:14.719+0800: 35.784: [ParNew: 17410K->2167K(19648K), 0.0093957 secs] 42243K->31752K(63360K), 0.0105587 secs] [Times: user=0.09 sys=0.00, real=0.01 secs] 
2026-06-17T09:50:14.773+0800: 35.838: [GC (Allocation Failure) 2026-06-17T09:50:14.773+0800: 35.838: [ParNew: 19615K->2173K(19648K), 0.0067686 secs] 49201K->37607K(63360K), 0.0083839 secs] [Times: user=0.05 sys=0.00, real=0.00 secs] 
2026-06-17T09:50:14.782+0800: 35.847: [GC (CMS Initial Mark) [1 CMS-initial-mark: 35434K(43712K)] 38488K(63360K), 0.0018312 secs] [Times: user=0.00 sys=0.00, real=0.01 secs] 
2026-06-17T09:50:14.785+0800: 35.850: [CMS-concurrent-mark-start]
2026-06-17T09:50:14.786+0800: 35.851: [CMS-concurrent-mark: 0.000/0.000 secs] [Times: user=0.00 sys=0.00, real=0.00 secs] 
2026-06-17T09:50:14.786+0800: 35.851: [CMS-concurrent-preclean-start]
2026-06-17T09:50:14.786+0800: 35.851: [CMS-concurrent-preclean: 0.000/0.000 secs] [Times: user=0.00 sys=0.00, real=0.00 secs] 
2026-06-17T09:50:14.787+0800: 35.852: [GC (CMS Final Remark) [YG occupancy: 3054 K (19648 K)]2026-06-17T09:50:14.788+0800: 35.853: [Rescan (parallel) , 0.0099703 secs]2026-06-17T09:50:14.798+0800: 35.863: [weak refs processing, 0.0006798 secs]2026-06-17T09:50:14.799+0800: 35.864: [class unloading, 0.0006603 secs]2026-06-17T09:50:14.800+0800: 35.865: [scrub symbol table, 0.0008482 secs]2026-06-17T09:50:14.802+0800: 35.867: [scrub string table, 0.0007460 secs][1 CMS-remark: 35434K(43712K)] 38488K(63360K), 0.0163224 secs] [Times: user=0.12 sys=0.00, real=0.02 secs] 
2026-06-17T09:50:14.804+0800: 35.869: [CMS-concurrent-sweep-start]
2026-06-17T09:50:14.804+0800: 35.869: [CMS-concurrent-sweep: 0.000/0.000 secs] [Times: user=0.00 sys=0.00, real=0.00 secs] 
2026-06-17T09:50:14.805+0800: 35.870: [CMS-concurrent-reset-start]
2026-06-17T09:50:14.805+0800: 35.870: [CMS-concurrent-reset: 0.000/0.000 secs] [Times: user=0.00 sys=0.00, real=0.00 secs] 
2026-06-17T09:50:14.846+0800: 35.911: [GC (Allocation Failure) 2026-06-17T09:50:14.847+0800: 35.912: [ParNew: 19645K->1979K(19648K), 0.0047765 secs] 39245K->23041K(63360K), 0.0060342 secs] [Times: user=0.04 sys=0.00, real=0.01 secs] 
2026-06-17T09:50:14.885+0800: 35.950: [GC (Allocation Failure) 2026-06-17T09:50:14.885+0800: 35.951: [ParNew: 19362K->2092K(19648K), 0.0070123 secs] 40424K->26454K(63360K), 0.0082691 secs] [Times: user=0.07 sys=0.01, real=0.01 secs] 
2026-06-17T09:50:14.947+0800: 36.012: [GC (Allocation Failure) 2026-06-17T09:50:14.948+0800: 36.013: [ParNew: 19556K->2122K(19648K), 0.0128864 secs] 43919K->29952K(63360K), 0.0159682 secs] [Times: user=0.10 sys=0.00, real=0.02 secs] 
2026-06-17T09:50:15.008+0800: 36.073: [GC (Allocation Failure) 2026-06-17T09:50:15.009+0800: 36.074: [ParNew: 19594K->2173K(19648K), 0.0095451 secs] 47424K->33777K(63360K), 0.0107349 secs] [Times: user=0.10 sys=0.00, real=0.01 secs] 
2026-06-17T09:50:15.063+0800: 36.128: [GC (Allocation Failure) 2026-06-17T09:50:15.198+0800: 36.263: [ParNew: 19633K->2171K(19648K), 0.0118017 secs] 51237K->37860K(63360K), 0.2830895 secs] [Times: user=0.03 sys=0.01, real=0.29 secs] 
2026-06-17T09:50:15.355+0800: 36.420: [GC (CMS Initial Mark) [1 CMS-initial-mark: 35689K(43712K)] 38339K(63360K), 0.0049521 secs] [Times: user=0.00 sys=0.00, real=0.00 secs] 
2026-06-17T09:50:15.361+0800: 36.426: [CMS-concurrent-mark-start]
2026-06-17T09:50:15.363+0800: 36.428: [CMS-concurrent-mark: 0.001/0.001 secs] [Times: user=0.00 sys=0.00, real=0.01 secs] 
2026-06-17T09:50:15.364+0800: 36.429: [CMS-concurrent-preclean-start]
2026-06-17T09:50:15.364+0800: 36.429: [CMS-concurrent-preclean: 0.000/0.000 secs] [Times: user=0.00 sys=0.00, real=0.00 secs] 
2026-06-17T09:50:15.365+0800: 36.430: [GC (CMS Final Remark) [YG occupancy: 4129 K (19648 K)]2026-06-17T09:50:15.365+0800: 36.431: [Rescan (parallel) , 0.0082098 secs]2026-06-17T09:50:15.374+0800: 36.439: [weak refs processing, 0.0003613 secs]2026-06-17T09:50:15.375+0800: 36.440: [class unloading, 0.0003676 secs]2026-06-17T09:50:15.375+0800: 36.440: [scrub symbol table, 0.0004281 secs]2026-06-17T09:50:15.376+0800: 36.441: [scrub string table, 0.0003710 secs][1 CMS-remark: 35689K(43712K)] 39818K(63360K), 0.0116317 secs] [Times: user=0.09 sys=0.00, real=0.01 secs] 
2026-06-17T09:50:15.377+0800: 36.442: [CMS-concurrent-sweep-start]
2026-06-17T09:50:15.377+0800: 36.442: [CMS-concurrent-sweep: 0.000/0.000 secs] [Times: user=0.00 sys=0.00, real=0.00 secs] 
2026-06-17T09:50:15.378+0800: 36.443: [CMS-concurrent-reset-start]
2026-06-17T09:50:15.378+0800: 36.443: [CMS-concurrent-reset: 0.000/0.000 secs] [Times: user=0.00 sys=0.00, real=0.00 secs] 
2026-06-17T09:50:15.409+0800: 36.474: [GC (Allocation Failure) 2026-06-17T09:50:15.409+0800: 36.474: [ParNew: 19643K->2171K(19648K), 0.0043420 secs] 43134K->30081K(63360K), 0.0052046 secs] [Times: user=0.04 sys=0.00, real=0.01 secs] 
2026-06-17T09:50:15.457+0800: 36.522: [GC (Allocation Failure) 2026-06-17T09:50:15.457+0800: 36.522: [ParNew: 19376K->2126K(19648K), 0.0036071 secs] 47286K->32285K(63360K), 0.0044130 secs] [Times: user=0.03 sys=0.01, real=0.00 secs] 
2026-06-17T09:50:15.504+0800: 36.569: [GC (Allocation Failure) 2026-06-17T09:50:15.504+0800: 36.570: [ParNew: 19598K->2172K(19648K), 0.0099956 secs] 49757K->39152K(63360K), 0.0108692 secs] [Times: user=0.10 sys=0.00, real=0.01 secs] 
2026-06-17T09:50:15.516+0800: 36.581: [GC (CMS Initial Mark) [1 CMS-initial-mark: 36979K(43712K)] 39578K(63360K), 0.0010051 secs] [Times: user=0.00 sys=0.00, real=0.00 secs] 
2026-06-17T09:50:15.517+0800: 36.582: [CMS-concurrent-mark-start]
2026-06-17T09:50:15.518+0800: 36.583: [CMS-concurrent-mark: 0.001/0.001 secs] [Times: user=0.01 sys=0.00, real=0.00 secs] 
2026-06-17T09:50:15.518+0800: 36.583: [CMS-concurrent-preclean-start]
2026-06-17T09:50:15.518+0800: 36.583: [CMS-concurrent-preclean: 0.000/0.000 secs] [Times: user=0.00 sys=0.00, real=0.00 secs] 
2026-06-17T09:50:15.519+0800: 36.584: [GC (CMS Final Remark) [YG occupancy: 2598 K (19648 K)]2026-06-17T09:50:15.519+0800: 36.584: [Rescan (parallel) , 0.0116180 secs]2026-06-17T09:50:15.531+0800: 36.596: [weak refs processing, 0.0005241 secs]2026-06-17T09:50:15.532+0800: 36.597: [class unloading, 0.0006492 secs]2026-06-17T09:50:15.533+0800: 36.598: [scrub symbol table, 0.0006472 secs]2026-06-17T09:50:15.534+0800: 36.600: [scrub string table, 0.0004807 secs][1 CMS-remark: 36979K(43712K)] 39578K(63360K), 0.0168131 secs] [Times: user=0.13 sys=0.00, real=0.02 secs] 
2026-06-17T09:50:15.536+0800: 36.601: [CMS-concurrent-sweep-start]
2026-06-17T09:50:15.536+0800: 36.602: [CMS-concurrent-sweep: 0.000/0.000 secs] [Times: user=0.00 sys=0.00, real=0.00 secs] 
2026-06-17T09:50:15.537+0800: 36.602: [CMS-concurrent-reset-start]
2026-06-17T09:50:15.537+0800: 36.602: [CMS-concurrent-reset: 0.000/0.000 secs] [Times: user=0.00 sys=0.00, real=0.00 secs] 
2026-06-17T09:50:15.578+0800: 36.643: [GC (Allocation Failure) 2026-06-17T09:50:15.579+0800: 36.644: [ParNew: 19625K->2174K(19648K), 0.0071667 secs] 45065K->30273K(63360K), 0.0085022 secs] [Times: user=0.07 sys=0.00, real=0.01 secs] 
2026-06-17T09:50:15.631+0800: 36.696: [GC (Allocation Failure) 2026-06-17T09:50:15.632+0800: 36.697: [ParNew: 19646K->2175K(19648K), 0.0083794 secs] 47745K->35297K(63360K), 0.0103046 secs] [Times: user=0.05 sys=0.00, real=0.00 secs] 
2026-06-17T09:50:15.643+0800: 36.708: [GC (CMS Initial Mark) [1 CMS-initial-mark: 33121K(43712K)] 36688K(63360K), 0.0029420 secs] [Times: user=0.01 sys=0.00, real=0.00 secs] 
2026-06-17T09:50:15.648+0800: 36.713: [CMS-concurrent-mark-start]
2026-06-17T09:50:15.648+0800: 36.713: [CMS-concurrent-mark: 0.001/0.001 secs] [Times: user=0.00 sys=0.00, real=0.00 secs] 
2026-06-17T09:50:15.649+0800: 36.714: [CMS-concurrent-preclean-start]
2026-06-17T09:50:15.649+0800: 36.714: [CMS-concurrent-preclean: 0.000/0.000 secs] [Times: user=0.00 sys=0.00, real=0.00 secs] 
2026-06-17T09:50:15.650+0800: 36.715: [CMS-concurrent-abortable-preclean-start]
2026-06-17T09:50:15.691+0800: 36.756: [GC (Allocation Failure) 2026-06-17T09:50:15.692+0800: 36.757: [ParNew: 19593K->2168K(19648K), 0.0090359 secs] 52715K->39095K(63360K), 0.0110228 secs] [Times: user=0.05 sys=0.01, real=0.01 secs] 
2026-06-17T09:50:15.746+0800: 36.811: [GC (Allocation Failure) 2026-06-17T09:50:15.747+0800: 36.812: [ParNew: 19627K->2047K(19648K), 0.0025048 secs] 56554K->40795K(63360K), 0.0036489 secs] [Times: user=0.01 sys=0.00, real=0.00 secs] 
2026-06-17T09:50:15.793+0800: 36.858: [GC (Allocation Failure) 2026-06-17T09:50:15.794+0800: 36.859: [ParNew: 19495K->19495K(19648K), 0.0044880 secs]2026-06-17T09:50:15.799+0800: 36.864: [CMS2026-06-17T09:50:15.801+0800: 36.866: [CMS-concurrent-abortable-preclean: 0.001/0.151 secs] [Times: user=0.07 sys=0.01, real=0.15 secs] 
 (concurrent mode failure): 38747K->33048K(43712K), 0.0061848 secs] 58243K->33048K(63360K), [Metaspace: 2709K->2709K(1056768K)], 0.0129812 secs] [Times: user=0.00 sys=0.00, real=0.01 secs] 
2026-06-17T09:50:15.860+0800: 36.925: [GC (Allocation Failure) 2026-06-17T09:50:15.860+0800: 36.925: [ParNew: 17427K->2113K(19648K), 0.0095271 secs] 50476K->36568K(63360K), 0.0109952 secs] [Times: user=0.10 sys=0.00, real=0.02 secs] 
2026-06-17T09:50:15.904+0800: 36.969: [GC (Allocation Failure) 2026-06-17T09:50:15.905+0800: 36.970: [ParNew: 19378K->2145K(19648K), 0.0042259 secs] 53833K->39959K(63360K), 0.0056236 secs] [Times: user=0.02 sys=0.00, real=0.00 secs] 
2026-06-17T09:50:15.911+0800: 36.976: [GC (CMS Initial Mark) [1 CMS-initial-mark: 37814K(43712K)] 40640K(63360K), 0.0014960 secs] [Times: user=0.00 sys=0.00, real=0.00 secs] 
2026-06-17T09:50:15.914+0800: 36.979: [CMS-concurrent-mark-start]
2026-06-17T09:50:15.914+0800: 36.980: [CMS-concurrent-mark: 0.001/0.001 secs] [Times: user=0.00 sys=0.00, real=0.00 secs] 
2026-06-17T09:50:15.915+0800: 36.980: [CMS-concurrent-preclean-start]
2026-06-17T09:50:15.915+0800: 36.980: [CMS-concurrent-preclean: 0.000/0.000 secs] [Times: user=0.00 sys=0.00, real=0.00 secs] 
2026-06-17T09:50:15.916+0800: 36.981: [GC (CMS Final Remark) [YG occupancy: 2826 K (19648 K)]2026-06-17T09:50:15.916+0800: 36.981: [Rescan (parallel) , 0.0041641 secs]2026-06-17T09:50:15.921+0800: 36.986: [weak refs processing, 0.0004097 secs]2026-06-17T09:50:15.922+0800: 36.987: [class unloading, 0.0004921 secs]2026-06-17T09:50:15.922+0800: 36.988: [scrub symbol table, 0.0005320 secs]2026-06-17T09:50:15.923+0800: 36.989: [scrub string table, 0.0004289 secs][1 CMS-remark: 37814K(43712K)] 40640K(63360K), 0.0085779 secs] [Times: user=0.03 sys=0.00, real=0.01 secs] 
2026-06-17T09:50:15.925+0800: 36.990: [CMS-concurrent-sweep-start]
2026-06-17T09:50:15.925+0800: 36.990: [CMS-concurrent-sweep: 0.000/0.000 secs] [Times: user=0.00 sys=0.00, real=0.00 secs] 
2026-06-17T09:50:15.925+0800: 36.991: [CMS-concurrent-reset-start]
2026-06-17T09:50:15.926+0800: 36.991: [CMS-concurrent-reset: 0.000/0.000 secs] [Times: user=0.00 sys=0.00, real=0.00 secs] 
2026-06-17T09:50:15.967+0800: 37.032: [GC (Allocation Failure) 2026-06-17T09:50:15.968+0800: 37.033: [ParNew: 19617K->2148K(19648K), 0.0142357 secs] 43618K->29683K(63360K), 0.0152887 secs] [Times: user=0.13 sys=0.01, real=0.02 secs] 
2026-06-17T09:50:16.026+0800: 37.091: [GC (Allocation Failure) 2026-06-17T09:50:16.027+0800: 37.092: [ParNew: 19604K->2172K(19648K), 0.0114757 secs] 47139K->32629K(63360K), 0.0132729 secs] [Times: user=0.10 sys=0.00, real=0.01 secs] 
2026-06-17T09:50:16.082+0800: 37.147: [GC (Allocation Failure) 2026-06-17T09:50:16.083+0800: 37.148: [ParNew: 19628K->2142K(19648K), 0.0082005 secs] 50085K->36818K(63360K), 0.0095754 secs] [Times: user=0.07 sys=0.00, real=0.02 secs] 
2026-06-17T09:50:16.093+0800: 37.158: [GC (CMS Initial Mark) [1 CMS-initial-mark: 34675K(43712K)] 38004K(63360K), 0.0013331 secs] [Times: user=0.00 sys=0.00, real=0.00 secs] 
2026-06-17T09:50:16.095+0800: 37.160: [CMS-concurrent-mark-start]
2026-06-17T09:50:16.096+0800: 37.161: [CMS-concurrent-mark: 0.000/0.000 secs] [Times: user=0.00 sys=0.00, real=0.00 secs] 
2026-06-17T09:50:16.096+0800: 37.161: [CMS-concurrent-preclean-start]
2026-06-17T09:50:16.096+0800: 37.161: [CMS-concurrent-preclean: 0.000/0.000 secs] [Times: user=0.00 sys=0.00, real=0.00 secs] 
2026-06-17T09:50:16.097+0800: 37.162: [CMS-concurrent-abortable-preclean-start]
2026-06-17T09:50:16.138+0800: 37.203: [GC (Allocation Failure) 2026-06-17T09:50:16.139+0800: 37.204: [ParNew: 19597K->2174K(19648K), 0.0098945 secs] 54273K->39923K(63360K), 0.0114397 secs] [Times: user=0.12 sys=0.00, real=0.01 secs] 
2026-06-17T09:50:16.192+0800: 37.258: [GC (Allocation Failure) 2026-06-17T09:50:16.193+0800: 37.258: [ParNew: 19636K->2168K(19648K), 0.0034834 secs] 57385K->43748K(63360K), 0.0047528 secs] [Times: user=0.02 sys=0.00, real=0.00 secs] 
2026-06-17T09:50:16.198+0800: 37.263: [CMS-concurrent-abortable-preclean: 0.000/0.101 secs] [Times: user=0.14 sys=0.00, real=0.10 secs] 
2026-06-17T09:50:16.198+0800: 37.263: [GC (CMS Final Remark) [YG occupancy: 5022 K (19648 K)]2026-06-17T09:50:16.199+0800: 37.264: [Rescan (parallel) , 0.0019554 secs]2026-06-17T09:50:16.201+0800: 37.266: [weak refs processing, 0.0004845 secs]2026-06-17T09:50:16.202+0800: 37.267: [class unloading, 0.0005896 secs]2026-06-17T09:50:16.203+0800: 37.268: [scrub symbol table, 0.0006276 secs]2026-06-17T09:50:16.204+0800: 37.269: [scrub string table, 0.0004064 secs][1 CMS-remark: 41579K(43712K)] 46601K(63360K), 0.0061426 secs] [Times: user=0.01 sys=0.00, real=0.01 secs] 
2026-06-17T09:50:16.205+0800: 37.270: [CMS-concurrent-sweep-start]
2026-06-17T09:50:16.205+0800: 37.270: [CMS-concurrent-sweep: 0.000/0.000 secs] [Times: user=0.00 sys=0.00, real=0.00 secs] 
2026-06-17T09:50:16.205+0800: 37.271: [CMS-concurrent-reset-start]
2026-06-17T09:50:16.206+0800: 37.271: [CMS-concurrent-reset: 0.000/0.000 secs] [Times: user=0.00 sys=0.00, real=0.00 secs] 
2026-06-17T09:50:16.240+0800: 37.305: [GC (Allocation Failure) 2026-06-17T09:50:16.240+0800: 37.305: [ParNew: 19617K->2174K(19648K), 0.0132771 secs] 44214K->32153K(63360K), 0.0145857 secs] [Times: user=0.14 sys=0.00, real=0.02 secs] 
2026-06-17T09:50:16.256+0800: 37.321: [GC (CMS Initial Mark) [1 CMS-initial-mark: 29978K(43712K)] 33271K(63360K), 0.0019684 secs] [Times: user=0.00 sys=0.00, real=0.00 secs] 
2026-06-17T09:50:16.259+0800: 37.324: [CMS-concurrent-mark-start]
2026-06-17T09:50:16.260+0800: 37.325: [CMS-concurrent-mark: 0.001/0.001 secs] [Times: user=0.00 sys=0.00, real=0.00 secs] 
2026-06-17T09:50:16.260+0800: 37.326: [CMS-concurrent-preclean-start]
2026-06-17T09:50:16.260+0800: 37.326: [CMS-concurrent-preclean: 0.000/0.000 secs] [Times: user=0.00 sys=0.00, real=0.00 secs] 
2026-06-17T09:50:16.261+0800: 37.326: [GC (CMS Final Remark) [YG occupancy: 3322 K (19648 K)]2026-06-17T09:50:16.261+0800: 37.327: [Rescan (parallel) , 0.0108263 secs]2026-06-17T09:50:16.273+0800: 37.338: [weak refs processing, 0.0005164 secs]2026-06-17T09:50:16.274+0800: 37.339: [class unloading, 0.0009973 secs]2026-06-17T09:50:16.275+0800: 37.340: [scrub symbol table, 0.0006222 secs]2026-06-17T09:50:16.276+0800: 37.341: [scrub string table, 0.0005464 secs][1 CMS-remark: 29978K(43712K)] 33301K(63360K), 0.0164129 secs] [Times: user=0.11 sys=0.01, real=0.02 secs] 
2026-06-17T09:50:16.279+0800: 37.344: [CMS-concurrent-sweep-start]
2026-06-17T09:50:16.279+0800: 37.344: [CMS-concurrent-sweep: 0.000/0.000 secs] [Times: user=0.00 sys=0.00, real=0.00 secs] 
2026-06-17T09:50:16.279+0800: 37.344: [CMS-concurrent-reset-start]
2026-06-17T09:50:16.279+0800: 37.344: [CMS-concurrent-reset: 0.000/0.000 secs] [Times: user=0.00 sys=0.00, real=0.00 secs] 
2026-06-17T09:50:16.310+0800: 37.375: [GC (Allocation Failure) 2026-06-17T09:50:16.311+0800: 37.376: [ParNew: 19293K->1802K(19648K), 0.0025966 secs] 46753K->30739K(63360K), 0.0033086 secs] [Times: user=0.02 sys=0.00, real=0.01 secs] 
2026-06-17T09:50:16.356+0800: 37.421: [GC (Allocation Failure) 2026-06-17T09:50:16.357+0800: 37.422: [ParNew: 19274K->2171K(19648K), 0.0045269 secs] 48211K->33906K(63360K), 0.0055432 secs] [Times: user=0.04 sys=0.00, real=0.00 secs] 
2026-06-17T09:50:16.415+0800: 37.480: [GC (Allocation Failure) 2026-06-17T09:50:16.416+0800: 37.481: [ParNew: 19643K->2113K(19648K), 0.0118954 secs] 51378K->37585K(63360K), 0.0129586 secs] [Times: user=0.12 sys=0.01, real=0.01 secs] 
2026-06-17T09:50:16.429+0800: 37.494: [GC (CMS Initial Mark) [1 CMS-initial-mark: 35471K(43712K)] 38032K(63360K), 0.0020207 secs] [Times: user=0.00 sys=0.00, real=0.01 secs] 
2026-06-17T09:50:16.432+0800: 37.497: [CMS-concurrent-mark-start]
2026-06-17T09:50:16.432+0800: 37.497: [CMS-concurrent-mark: 0.000/0.000 secs] [Times: user=0.00 sys=0.00, real=0.00 secs] 
2026-06-17T09:50:16.433+0800: 37.498: [CMS-concurrent-preclean-start]
2026-06-17T09:50:16.433+0800: 37.498: [CMS-concurrent-preclean: 0.000/0.000 secs] [Times: user=0.00 sys=0.00, real=0.00 secs] 
2026-06-17T09:50:16.433+0800: 37.498: [CMS-concurrent-abortable-preclean-start]
2026-06-17T09:50:16.474+0800: 37.539: [GC (Allocation Failure) 2026-06-17T09:50:16.474+0800: 37.539: [ParNew: 19577K->2122K(19648K), 0.0103262 secs] 55049K->40796K(63360K), 0.0113376 secs] [Times: user=0.12 sys=0.00, real=0.01 secs] 
2026-06-17T09:50:16.528+0800: 37.593: [GC (Allocation Failure) 2026-06-17T09:50:16.529+0800: 37.594: [ParNew: 19594K->2167K(19648K), 0.0084429 secs] 58268K->44660K(63360K), 0.0098419 secs] [Times: user=0.08 sys=0.00, real=0.01 secs] 
2026-06-17T09:50:16.540+0800: 37.605: [CMS-concurrent-abortable-preclean: 0.000/0.106 secs] [Times: user=0.20 sys=0.00, real=0.10 secs] 
2026-06-17T09:50:16.540+0800: 37.605: [GC (CMS Final Remark) [YG occupancy: 5120 K (19648 K)]2026-06-17T09:50:16.541+0800: 37.606: [Rescan (parallel) , 0.0046081 secs]2026-06-17T09:50:16.546+0800: 37.611: [weak refs processing, 0.0005936 secs]2026-06-17T09:50:16.547+0800: 37.612: [class unloading, 0.0005466 secs]2026-06-17T09:50:16.548+0800: 37.613: [scrub symbol table, 0.0006434 secs]2026-06-17T09:50:16.549+0800: 37.614: [scrub string table, 0.0005891 secs][1 CMS-remark: 42492K(43712K)] 47612K(63360K), 0.0101452 secs] [Times: user=0.03 sys=0.00, real=0.02 secs] 
2026-06-17T09:50:16.552+0800: 37.617: [CMS-concurrent-sweep-start]
2026-06-17T09:50:16.552+0800: 37.617: [CMS-concurrent-sweep: 0.000/0.000 secs] [Times: user=0.00 sys=0.00, real=0.00 secs] 
2026-06-17T09:50:16.552+0800: 37.618: [CMS-concurrent-reset-start]
2026-06-17T09:50:16.553+0800: 37.618: [CMS-concurrent-reset: 0.000/0.000 secs] [Times: user=0.00 sys=0.00, real=0.00 secs] 
2026-06-17T09:50:16.584+0800: 37.649: [GC (Allocation Failure) 2026-06-17T09:50:16.584+0800: 37.650: [ParNew: 19639K->2169K(19648K), 0.0099775 secs] 50888K->37599K(63360K), 0.0115403 secs] [Times: user=0.12 sys=0.00, real=0.01 secs] 
2026-06-17T09:50:16.597+0800: 37.662: [GC (CMS Initial Mark) [1 CMS-initial-mark: 35430K(43712K)] 38945K(63360K), 0.0020234 secs] [Times: user=0.00 sys=0.00, real=0.00 secs] 
2026-06-17T09:50:16.600+0800: 37.665: [CMS-concurrent-mark-start]
2026-06-17T09:50:16.601+0800: 37.666: [CMS-concurrent-mark: 0.001/0.001 secs] [Times: user=0.00 sys=0.00, real=0.00 secs] 
2026-06-17T09:50:16.601+0800: 37.666: [CMS-concurrent-preclean-start]
2026-06-17T09:50:16.601+0800: 37.666: [CMS-concurrent-preclean: 0.000/0.000 secs] [Times: user=0.00 sys=0.00, real=0.00 secs] 
2026-06-17T09:50:16.602+0800: 37.667: [GC (CMS Final Remark) [YG occupancy: 3515 K (19648 K)]2026-06-17T09:50:16.603+0800: 37.668: [Rescan (parallel) , 0.0091706 secs]2026-06-17T09:50:16.612+0800: 37.677: [weak refs processing, 0.0005969 secs]2026-06-17T09:50:16.613+0800: 37.679: [class unloading, 0.0007655 secs]2026-06-17T09:50:16.615+0800: 37.680: [scrub symbol table, 0.0007750 secs]2026-06-17T09:50:16.616+0800: 37.681: [scrub string table, 0.0006106 secs][1 CMS-remark: 35430K(43712K)] 38945K(63360K), 0.0151377 secs] [Times: user=0.09 sys=0.01, real=0.02 secs] 
2026-06-17T09:50:16.618+0800: 37.683: [CMS-concurrent-sweep-start]
2026-06-17T09:50:16.619+0800: 37.684: [CMS-concurrent-sweep: 0.000/0.000 secs] [Times: user=0.00 sys=0.00, real=0.00 secs] 
2026-06-17T09:50:16.619+0800: 37.684: [CMS-concurrent-reset-start]
2026-06-17T09:50:16.619+0800: 37.684: [CMS-concurrent-reset: 0.000/0.000 secs] [Times: user=0.00 sys=0.00, real=0.00 secs] 
2026-06-17T09:50:16.651+0800: 37.716: [GC (Allocation Failure) 2026-06-17T09:50:16.651+0800: 37.717: [ParNew: 19360K->1522K(19648K), 0.0062350 secs] 43856K->27748K(63360K), 0.0078823 secs] [Times: user=0.03 sys=0.00, real=0.00 secs] 
2026-06-17T09:50:16.703+0800: 37.769: [GC (Allocation Failure) 2026-06-17T09:50:16.705+0800: 37.770: [ParNew: 18954K->2175K(19648K), 0.0092950 secs] 45180K->34897K(63360K), 0.0117041 secs] [Times: user=0.08 sys=0.01, real=0.01 secs] 
2026-06-17T09:50:16.717+0800: 37.782: [GC (CMS Initial Mark) [1 CMS-initial-mark: 32722K(43712K)] 35361K(63360K), 0.0028399 secs] [Times: user=0.00 sys=0.00, real=0.00 secs] 
2026-06-17T09:50:16.721+0800: 37.786: [CMS-concurrent-mark-start]
2026-06-17T09:50:16.722+0800: 37.787: [CMS-concurrent-mark: 0.001/0.001 secs] [Times: user=0.00 sys=0.00, real=0.00 secs] 
2026-06-17T09:50:16.722+0800: 37.787: [CMS-concurrent-preclean-start]
2026-06-17T09:50:16.722+0800: 37.788: [CMS-concurrent-preclean: 0.000/0.000 secs] [Times: user=0.00 sys=0.00, real=0.01 secs] 
2026-06-17T09:50:16.723+0800: 37.788: [GC (CMS Final Remark) [YG occupancy: 2639 K (19648 K)]2026-06-17T09:50:16.724+0800: 37.789: [Rescan (parallel) , 0.0093544 secs]2026-06-17T09:50:16.734+0800: 37.799: [weak refs processing, 0.0006308 secs]2026-06-17T09:50:16.735+0800: 37.800: [class unloading, 0.0007872 secs]2026-06-17T09:50:16.736+0800: 37.801: [scrub symbol table, 0.0004660 secs]2026-06-17T09:50:16.737+0800: 37.802: [scrub string table, 0.0006657 secs][1 CMS-remark: 32722K(43712K)] 35361K(63360K), 0.0152091 secs] [Times: user=0.11 sys=0.01, real=0.01 secs] 
2026-06-17T09:50:16.740+0800: 37.805: [CMS-concurrent-sweep-start]
2026-06-17T09:50:16.740+0800: 37.805: [CMS-concurrent-sweep: 0.000/0.000 secs] [Times: user=0.00 sys=0.00, real=0.00 secs] 
2026-06-17T09:50:16.740+0800: 37.805: [CMS-concurrent-reset-start]
2026-06-17T09:50:16.740+0800: 37.806: [CMS-concurrent-reset: 0.000/0.000 secs] [Times: user=0.00 sys=0.00, real=0.00 secs] 
2026-06-17T09:50:16.783+0800: 37.848: [GC (Allocation Failure) 2026-06-17T09:50:16.784+0800: 37.849: [ParNew: 19602K->2172K(19648K), 0.0091712 secs] 41291K->26187K(63360K), 0.0108433 secs] [Times: user=0.08 sys=0.00, real=0.01 secs] 
2026-06-17T09:50:16.828+0800: 37.893: [GC (Allocation Failure) 2026-06-17T09:50:16.829+0800: 37.894: [ParNew: 19638K->2161K(19648K), 0.0103220 secs] 43653K->29810K(63360K), 0.0119898 secs] [Times: user=0.09 sys=0.01, real=0.01 secs] 
2026-06-17T09:50:16.896+0800: 37.961: [GC (Allocation Failure) 2026-06-17T09:50:16.897+0800: 37.962: [ParNew: 19604K->2169K(19648K), 0.0088334 secs] 47253K->33466K(63360K), 0.0108120 secs] [Times: user=0.05 sys=0.00, real=0.01 secs] 
2026-06-17T09:50:16.952+0800: 38.017: [GC (Allocation Failure) 2026-06-17T09:50:16.953+0800: 38.018: [ParNew: 19641K->2171K(19648K), 0.0079236 secs] 50938K->36919K(63360K), 0.0101920 secs] [Times: user=0.08 sys=0.00, real=0.01 secs] 
2026-06-17T09:50:16.964+0800: 38.029: [GC (CMS Initial Mark) [1 CMS-initial-mark: 34748K(43712K)] 38855K(63360K), 0.0022684 secs] [Times: user=0.00 sys=0.00, real=0.00 secs] 
2026-06-17T09:50:16.968+0800: 38.033: [CMS-concurrent-mark-start]
2026-06-17T09:50:16.968+0800: 38.033: [CMS-concurrent-mark: 0.001/0.001 secs] [Times: user=0.00 sys=0.00, real=0.00 secs] 
2026-06-17T09:50:16.969+0800: 38.034: [CMS-concurrent-preclean-start]
2026-06-17T09:50:16.969+0800: 38.034: [CMS-concurrent-preclean: 0.000/0.000 secs] [Times: user=0.00 sys=0.00, real=0.00 secs] 
2026-06-17T09:50:16.969+0800: 38.034: [CMS-concurrent-abortable-preclean-start]
2026-06-17T09:50:17.009+0800: 38.075: [GC (Allocation Failure) 2026-06-17T09:50:17.010+0800: 38.075: [ParNew: 19632K->2167K(19648K), 0.0060915 secs] 54380K->42070K(63360K), 0.0079287 secs] [Times: user=0.05 sys=0.00, real=0.01 secs] 
2026-06-17T09:50:17.061+0800: 38.126: [GC (Allocation Failure) 2026-06-17T09:50:17.061+0800: 38.126: [ParNew: 19608K->19608K(19648K), 0.0005211 secs]2026-06-17T09:50:17.062+0800: 38.127: [CMS2026-06-17T09:50:17.063+0800: 38.128: [CMS-concurrent-abortable-preclean: 0.000/0.093 secs] [Times: user=0.06 sys=0.00, real=0.10 secs] 
 (concurrent mode failure): 39902K->31797K(43712K), 0.0044681 secs] 59511K->31797K(63360K), [Metaspace: 2709K->2709K(1056768K)], 0.0066663 secs] [Times: user=0.01 sys=0.00, real=0.01 secs] 
2026-06-17T09:50:17.111+0800: 38.176: [GC (Allocation Failure) 2026-06-17T09:50:17.111+0800: 38.176: [ParNew: 17467K->2168K(19648K), 0.0180864 secs] 49264K->38901K(63360K), 0.0189657 secs] [Times: user=0.17 sys=0.00, real=0.01 secs] 
2026-06-17T09:50:17.131+0800: 38.196: [GC (CMS Initial Mark) [1 CMS-initial-mark: 36732K(43712K)] 40724K(63360K), 0.0012919 secs] [Times: user=0.00 sys=0.01, real=0.00 secs] 
2026-06-17T09:50:17.132+0800: 38.197: [CMS-concurrent-mark-start]
2026-06-17T09:50:17.133+0800: 38.198: [CMS-concurrent-mark: 0.001/0.001 secs] [Times: user=0.00 sys=0.00, real=0.00 secs] 
2026-06-17T09:50:17.133+0800: 38.198: [CMS-concurrent-preclean-start]
2026-06-17T09:50:17.133+0800: 38.198: [CMS-concurrent-preclean: 0.000/0.000 secs] [Times: user=0.00 sys=0.00, real=0.00 secs] 
2026-06-17T09:50:17.133+0800: 38.199: [CMS-concurrent-abortable-preclean-start]
2026-06-17T09:50:17.174+0800: 38.239: [GC (Allocation Failure) 2026-06-17T09:50:17.175+0800: 38.240: [ParNew: 19589K->2175K(19648K), 0.0086048 secs] 56322K->45072K(63360K), 0.0096000 secs] [Times: user=0.11 sys=0.00, real=0.01 secs] 
2026-06-17T09:50:17.184+0800: 38.250: [CMS-concurrent-abortable-preclean: 0.000/0.051 secs] [Times: user=0.11 sys=0.00, real=0.05 secs] 
2026-06-17T09:50:17.185+0800: 38.250: [GC (CMS Final Remark) [YG occupancy: 3266 K (19648 K)]2026-06-17T09:50:17.186+0800: 38.251: [Rescan (parallel) , 0.0022636 secs]2026-06-17T09:50:17.188+0800: 38.254: [weak refs processing, 0.0005024 secs]2026-06-17T09:50:17.189+0800: 38.255: [class unloading, 0.0007010 secs]2026-06-17T09:50:17.191+0800: 38.256: [scrub symbol table, 0.0007650 secs]2026-06-17T09:50:17.192+0800: 38.257: [scrub string table, 0.0004852 secs][1 CMS-remark: 42897K(43712K)] 46164K(63360K), 0.0076968 secs] [Times: user=0.01 sys=0.00, real=0.01 secs] 
2026-06-17T09:50:17.194+0800: 38.259: [CMS-concurrent-sweep-start]
2026-06-17T09:50:17.194+0800: 38.259: [CMS-concurrent-sweep: 0.000/0.000 secs] [Times: user=0.00 sys=0.00, real=0.00 secs] 
2026-06-17T09:50:17.194+0800: 38.259: [CMS-concurrent-reset-start]
2026-06-17T09:50:17.194+0800: 38.259: [CMS-concurrent-reset: 0.000/0.000 secs] [Times: user=0.00 sys=0.00, real=0.00 secs] 
2026-06-17T09:50:17.236+0800: 38.302: [GC (Allocation Failure) 2026-06-17T09:50:17.237+0800: 38.302: [ParNew: 19633K->2165K(19648K), 0.0067419 secs] 49700K->33510K(63360K), 0.0082894 secs] [Times: user=0.07 sys=0.00, real=0.01 secs] 
2026-06-17T09:50:17.246+0800: 38.311: [GC (CMS Initial Mark) [1 CMS-initial-mark: 31344K(43712K)] 34005K(63360K), 0.0015978 secs] [Times: user=0.00 sys=0.00, real=0.00 secs] 
2026-06-17T09:50:17.249+0800: 38.314: [CMS-concurrent-mark-start]
2026-06-17T09:50:17.249+0800: 38.314: [CMS-concurrent-mark: 0.000/0.000 secs] [Times: user=0.00 sys=0.00, real=0.00 secs] 
2026-06-17T09:50:17.249+0800: 38.315: [CMS-concurrent-preclean-start]
2026-06-17T09:50:17.250+0800: 38.315: [CMS-concurrent-preclean: 0.000/0.000 secs] [Times: user=0.00 sys=0.00, real=0.00 secs] 
2026-06-17T09:50:17.250+0800: 38.315: [CMS-concurrent-abortable-preclean-start]
2026-06-17T09:50:17.281+0800: 38.346: [GC (Allocation Failure) 2026-06-17T09:50:17.281+0800: 38.346: [ParNew: 19596K->2150K(19648K), 0.0058032 secs] 50941K->37350K(63360K), 0.0069980 secs] [Times: user=0.06 sys=0.00, real=0.01 secs] 
2026-06-17T09:50:17.341+0800: 38.406: [GC (Allocation Failure) 2026-06-17T09:50:17.342+0800: 38.407: [ParNew: 19622K->2169K(19648K), 0.0049165 secs] 54822K->41380K(63360K), 0.0063022 secs] [Times: user=0.03 sys=0.01, real=0.01 secs] 
2026-06-17T09:50:17.391+0800: 38.456: [GC (Allocation Failure) 2026-06-17T09:50:17.395+0800: 38.460: [ParNew: 19435K->19435K(19648K), 0.0038500 secs]2026-06-17T09:50:17.399+0800: 38.464: [CMS2026-06-17T09:50:17.400+0800: 38.465: [CMS-concurrent-abortable-preclean: 0.000/0.150 secs] [Times: user=0.10 sys=0.01, real=0.15 secs] 
 (concurrent mode failure): 39210K->20500K(43712K), 0.0045975 secs] 58646K->20500K(63360K), [Metaspace: 2710K->2710K(1056768K)], 0.0129433 secs] [Times: user=0.00 sys=0.00, real=0.01 secs] 
2026-06-17T09:50:17.447+0800: 38.512: [GC (Allocation Failure) 2026-06-17T09:50:17.447+0800: 38.512: [ParNew: 17442K->2170K(19648K), 0.0175554 secs] 37943K->27295K(63360K), 0.0182154 secs] [Times: user=0.17 sys=0.00, real=0.02 secs] 
2026-06-17T09:50:17.508+0800: 38.573: [GC (Allocation Failure) 2026-06-17T09:50:17.508+0800: 38.573: [ParNew: 19625K->2167K(19648K), 0.0119276 secs] 44750K->32434K(63360K), 0.0134693 secs] [Times: user=0.14 sys=0.00, real=0.01 secs] 
2026-06-17T09:50:17.522+0800: 38.588: [GC (CMS Initial Mark) [1 CMS-initial-mark: 30266K(43712K)] 33076K(63360K), 0.0010833 secs] [Times: user=0.00 sys=0.00, real=0.01 secs] 
2026-06-17T09:50:17.525+0800: 38.590: [CMS-concurrent-mark-start]
2026-06-17T09:50:17.525+0800: 38.590: [CMS-concurrent-mark: 0.000/0.000 secs] [Times: user=0.00 sys=0.00, real=0.00 secs] 
2026-06-17T09:50:17.525+0800: 38.590: [CMS-concurrent-preclean-start]
2026-06-17T09:50:17.525+0800: 38.591: [CMS-concurrent-preclean: 0.000/0.000 secs] [Times: user=0.00 sys=0.00, real=0.00 secs] 
2026-06-17T09:50:17.526+0800: 38.591: [GC (CMS Final Remark) [YG occupancy: 2934 K (19648 K)]2026-06-17T09:50:17.526+0800: 38.591: [Rescan (parallel) , 0.0035519 secs]2026-06-17T09:50:17.530+0800: 38.595: [weak refs processing, 0.0003574 secs]2026-06-17T09:50:17.531+0800: 38.596: [class unloading, 0.0005582 secs]2026-06-17T09:50:17.532+0800: 38.597: [scrub symbol table, 0.0005142 secs]2026-06-17T09:50:17.533+0800: 38.598: [scrub string table, 0.0005452 secs][1 CMS-remark: 30266K(43712K)] 33201K(63360K), 0.0076510 secs] [Times: user=0.03 sys=0.00, real=0.01 secs] 
2026-06-17T09:50:17.535+0800: 38.600: [CMS-concurrent-sweep-start]
2026-06-17T09:50:17.535+0800: 38.600: [CMS-concurrent-sweep: 0.000/0.000 secs] [Times: user=0.00 sys=0.00, real=0.00 secs] 
2026-06-17T09:50:17.535+0800: 38.600: [CMS-concurrent-reset-start]
2026-06-17T09:50:17.535+0800: 38.600: [CMS-concurrent-reset: 0.000/0.000 secs] [Times: user=0.00 sys=0.00, real=0.00 secs] 
2026-06-17T09:50:17.567+0800: 38.632: [GC (Allocation Failure) 2026-06-17T09:50:17.568+0800: 38.633: [ParNew: 19557K->2115K(19648K), 0.0110021 secs] 48181K->32912K(63360K), 0.0128638 secs] [Times: user=0.13 sys=0.01, real=0.01 secs] 
2026-06-17T09:50:17.634+0800: 38.699: [GC (Allocation Failure) 2026-06-17T09:50:17.635+0800: 38.700: [ParNew: 19587K->2170K(19648K), 0.0023957 secs] 50384K->36900K(63360K), 0.0033429 secs] [Times: user=0.01 sys=0.00, real=0.00 secs] 
2026-06-17T09:50:17.639+0800: 38.704: [GC (CMS Initial Mark) [1 CMS-initial-mark: 34729K(43712K)] 37791K(63360K), 0.0011846 secs] [Times: user=0.00 sys=0.00, real=0.00 secs] 
2026-06-17T09:50:17.641+0800: 38.706: [CMS-concurrent-mark-start]
2026-06-17T09:50:17.641+0800: 38.706: [CMS-concurrent-mark: 0.001/0.001 secs] [Times: user=0.00 sys=0.00, real=0.00 secs] 
2026-06-17T09:50:17.641+0800: 38.707: [CMS-concurrent-preclean-start]
2026-06-17T09:50:17.642+0800: 38.707: [CMS-concurrent-preclean: 0.000/0.000 secs] [Times: user=0.00 sys=0.00, real=0.00 secs] 
2026-06-17T09:50:17.642+0800: 38.707: [GC (CMS Final Remark) [YG occupancy: 3924 K (19648 K)]2026-06-17T09:50:17.642+0800: 38.707: [Rescan (parallel) , 0.0049771 secs]2026-06-17T09:50:17.648+0800: 38.713: [weak refs processing, 0.0002774 secs]2026-06-17T09:50:17.648+0800: 38.713: [class unloading, 0.0005120 secs]2026-06-17T09:50:17.649+0800: 38.714: [scrub symbol table, 0.0004504 secs]2026-06-17T09:50:17.650+0800: 38.715: [scrub string table, 0.0003081 secs][1 CMS-remark: 34729K(43712K)] 38654K(63360K), 0.0084022 secs] [Times: user=0.05 sys=0.00, real=0.02 secs] 
2026-06-17T09:50:17.651+0800: 38.716: [CMS-concurrent-sweep-start]
2026-06-17T09:50:17.651+0800: 38.716: [CMS-concurrent-sweep: 0.000/0.000 secs] [Times: user=0.00 sys=0.00, real=0.00 secs] 
2026-06-17T09:50:17.651+0800: 38.716: [CMS-concurrent-reset-start]
2026-06-17T09:50:17.651+0800: 38.716: [CMS-concurrent-reset: 0.000/0.000 secs] [Times: user=0.00 sys=0.00, real=0.00 secs] 
2026-06-17T09:50:17.682+0800: 38.748: [GC (Allocation Failure) 2026-06-17T09:50:17.683+0800: 38.748: [ParNew: 19588K->2169K(19648K), 0.0088499 secs] 42439K->29286K(63360K), 0.0094297 secs] [Times: user=0.09 sys=0.00, real=0.01 secs] 
2026-06-17T09:50:17.734+0800: 38.799: [GC (Allocation Failure) 2026-06-17T09:50:17.735+0800: 38.800: [ParNew: 19601K->2175K(19648K), 0.0098037 secs] 46719K->35317K(63360K), 0.0111029 secs] [Times: user=0.11 sys=0.00, real=0.01 secs] 
2026-06-17T09:50:17.746+0800: 38.811: [GC (CMS Initial Mark) [1 CMS-initial-mark: 33142K(43712K)] 35886K(63360K), 0.0013612 secs] [Times: user=0.01 sys=0.00, real=0.00 secs] 
2026-06-17T09:50:17.749+0800: 38.814: [CMS-concurrent-mark-start]
2026-06-17T09:50:17.749+0800: 38.814: [CMS-concurrent-mark: 0.000/0.000 secs] [Times: user=0.00 sys=0.00, real=0.00 secs] 
2026-06-17T09:50:17.749+0800: 38.815: [CMS-concurrent-preclean-start]
2026-06-17T09:50:17.749+0800: 38.815: [CMS-concurrent-preclean: 0.000/0.000 secs] [Times: user=0.00 sys=0.00, real=0.00 secs] 
2026-06-17T09:50:17.750+0800: 38.815: [GC (CMS Final Remark) [YG occupancy: 3920 K (19648 K)]2026-06-17T09:50:17.751+0800: 38.816: [Rescan (parallel) , 0.0026790 secs]2026-06-17T09:50:17.754+0800: 38.819: [weak refs processing, 0.0005411 secs]2026-06-17T09:50:17.755+0800: 38.820: [class unloading, 0.0004436 secs]2026-06-17T09:50:17.756+0800: 38.821: [scrub symbol table, 0.0004542 secs]2026-06-17T09:50:17.757+0800: 38.822: [scrub string table, 0.0003309 secs][1 CMS-remark: 33142K(43712K)] 37062K(63360K), 0.0070764 secs] [Times: user=0.01 sys=0.00, real=0.01 secs] 
2026-06-17T09:50:17.758+0800: 38.823: [CMS-concurrent-sweep-start]
2026-06-17T09:50:17.758+0800: 38.823: [CMS-concurrent-sweep: 0.000/0.000 secs] [Times: user=0.00 sys=0.00, real=0.00 secs] 
2026-06-17T09:50:17.759+0800: 38.824: [CMS-concurrent-reset-start]
2026-06-17T09:50:17.759+0800: 38.824: [CMS-concurrent-reset: 0.000/0.000 secs] [Times: user=0.00 sys=0.00, real=0.00 secs] 
2026-06-17T09:50:17.790+0800: 38.856: [GC (Allocation Failure) 2026-06-17T09:50:17.791+0800: 38.856: [ParNew: 19639K->2172K(19648K), 0.0050369 secs] 39634K->27138K(63360K), 0.0059942 secs] [Times: user=0.05 sys=0.01, real=0.01 secs] 
2026-06-17T09:50:17.841+0800: 38.906: [GC (Allocation Failure) 2026-06-17T09:50:17.842+0800: 38.907: [ParNew: 19583K->2027K(19648K), 0.0022674 secs] 44549K->29150K(63360K), 0.0032107 secs] [Times: user=0.01 sys=0.00, real=0.01 secs] 
2026-06-17T09:50:17.897+0800: 38.962: [GC (Allocation Failure) 2026-06-17T09:50:17.901+0800: 38.966: [ParNew: 19474K->2174K(19648K), 0.0254582 secs] 46598K->32905K(63360K), 0.0296589 secs] [Times: user=0.25 sys=0.00, real=0.03 secs] 
2026-06-17T09:50:17.971+0800: 39.036: [GC (Allocation Failure) 2026-06-17T09:50:17.971+0800: 39.036: [ParNew: 19635K->2175K(19648K), 0.0142770 secs] 50366K->37404K(63360K), 0.0154621 secs] [Times: user=0.13 sys=0.00, real=0.01 secs] 
2026-06-17T09:50:17.988+0800: 39.053: [GC (CMS Initial Mark) [1 CMS-initial-mark: 35229K(43712K)] 38252K(63360K), 0.0015345 secs] [Times: user=0.00 sys=0.00, real=0.00 secs] 
2026-06-17T09:50:17.990+0800: 39.055: [CMS-concurrent-mark-start]
2026-06-17T09:50:17.991+0800: 39.056: [CMS-concurrent-mark: 0.001/0.001 secs] [Times: user=0.01 sys=0.00, real=0.01 secs] 
2026-06-17T09:50:17.991+0800: 39.057: [CMS-concurrent-preclean-start]
2026-06-17T09:50:17.991+0800: 39.057: [CMS-concurrent-preclean: 0.000/0.000 secs] [Times: user=0.00 sys=0.00, real=0.00 secs] 
2026-06-17T09:50:17.992+0800: 39.057: [CMS-concurrent-abortable-preclean-start]
2026-06-17T09:50:18.032+0800: 39.097: [GC (Allocation Failure) 2026-06-17T09:50:18.033+0800: 39.098: [ParNew: 19627K->2173K(19648K), 0.0046266 secs] 54856K->42679K(63360K), 0.0058803 secs] [Times: user=0.03 sys=0.01, real=0.00 secs] 
2026-06-17T09:50:18.092+0800: 39.157: [GC (Allocation Failure) 2026-06-17T09:50:18.092+0800: 39.157: [ParNew: 19631K->19631K(19648K), 0.0004472 secs]2026-06-17T09:50:18.093+0800: 39.158: [CMS2026-06-17T09:50:18.094+0800: 39.159: [CMS-concurrent-abortable-preclean: 0.000/0.102 secs] [Times: user=0.04 sys=0.01, real=0.10 secs] 
 (concurrent mode failure): 40505K->27221K(43712K), 0.0048934 secs] 60137K->27221K(63360K), [Metaspace: 2710K->2710K(1056768K)], 0.0070421 secs] [Times: user=0.00 sys=0.00, real=0.00 secs] 
2026-06-17T09:50:18.146+0800: 39.211: [GC (Allocation Failure) 2026-06-17T09:50:18.148+0800: 39.213: [ParNew: 17472K->2170K(19648K), 0.0125802 secs] 44693K->34148K(63360K), 0.0154646 secs] [Times: user=0.12 sys=0.00, real=0.01 secs] 
2026-06-17T09:50:18.205+0800: 39.270: [GC (Allocation Failure) 2026-06-17T09:50:18.206+0800: 39.271: [ParNew: 19642K->2170K(19648K), 0.0110801 secs] 51620K->38014K(63360K), 0.0126586 secs] [Times: user=0.12 sys=0.00, real=0.01 secs] 
2026-06-17T09:50:18.219+0800: 39.284: [GC (CMS Initial Mark) [1 CMS-initial-mark: 35844K(43712K)] 39315K(63360K), 0.0015572 secs] [Times: user=0.00 sys=0.00, real=0.00 secs] 
2026-06-17T09:50:18.222+0800: 39.287: [CMS-concurrent-mark-start]
2026-06-17T09:50:18.222+0800: 39.288: [CMS-concurrent-mark: 0.001/0.001 secs] [Times: user=0.00 sys=0.00, real=0.01 secs] 
2026-06-17T09:50:18.223+0800: 39.288: [CMS-concurrent-preclean-start]
2026-06-17T09:50:18.223+0800: 39.288: [CMS-concurrent-preclean: 0.000/0.000 secs] [Times: user=0.00 sys=0.00, real=0.00 secs] 
2026-06-17T09:50:18.224+0800: 39.289: [CMS-concurrent-abortable-preclean-start]
2026-06-17T09:50:18.264+0800: 39.329: [GC (Allocation Failure) 2026-06-17T09:50:18.265+0800: 39.330: [ParNew: 19593K->2174K(19648K), 0.0112006 secs] 55437K->41894K(63360K), 0.0129173 secs] [Times: user=0.10 sys=0.00, real=0.01 secs] 
2026-06-17T09:50:18.321+0800: 39.386: [GC (Allocation Failure) 2026-06-17T09:50:18.322+0800: 39.387: [ParNew: 19646K->19646K(19648K), 0.0004244 secs]2026-06-17T09:50:18.323+0800: 39.388: [CMS2026-06-17T09:50:18.323+0800: 39.388: [CMS-concurrent-abortable-preclean: 0.000/0.099 secs] [Times: user=0.10 sys=0.00, real=0.10 secs] 
 (concurrent mode failure): 39719K->32012K(43712K), 0.0045756 secs] 59366K->32012K(63360K), [Metaspace: 2710K->2710K(1056768K)], 0.0065125 secs] [Times: user=0.01 sys=0.00, real=0.01 secs] 
2026-06-17T09:50:18.370+0800: 39.435: [GC (Allocation Failure) 2026-06-17T09:50:18.371+0800: 39.436: [ParNew: 17472K->2168K(19648K), 0.0106181 secs] 49484K->39030K(63360K), 0.0116353 secs] [Times: user=0.11 sys=0.00, real=0.02 secs] 
2026-06-17T09:50:18.383+0800: 39.449: [GC (CMS Initial Mark) [1 CMS-initial-mark: 36862K(43712K)] 39468K(63360K), 0.0014962 secs] [Times: user=0.00 sys=0.00, real=0.00 secs] 
2026-06-17T09:50:18.386+0800: 39.451: [CMS-concurrent-mark-start]
2026-06-17T09:50:18.386+0800: 39.451: [CMS-concurrent-mark: 0.001/0.001 secs] [Times: user=0.00 sys=0.00, real=0.00 secs] 
2026-06-17T09:50:18.387+0800: 39.452: [CMS-concurrent-preclean-start]
2026-06-17T09:50:18.387+0800: 39.452: [CMS-concurrent-preclean: 0.000/0.000 secs] [Times: user=0.00 sys=0.00, real=0.00 secs] 
2026-06-17T09:50:18.387+0800: 39.452: [GC (CMS Final Remark) [YG occupancy: 2606 K (19648 K)]2026-06-17T09:50:18.388+0800: 39.453: [Rescan (parallel) , 0.0046873 secs]2026-06-17T09:50:18.393+0800: 39.458: [weak refs processing, 0.0004450 secs]2026-06-17T09:50:18.394+0800: 39.459: [class unloading, 0.0006429 secs]2026-06-17T09:50:18.395+0800: 39.460: [scrub symbol table, 0.0006418 secs]2026-06-17T09:50:18.396+0800: 39.461: [scrub string table, 0.0005056 secs][1 CMS-remark: 36862K(43712K)] 39468K(63360K), 0.0094600 secs] [Times: user=0.04 sys=0.01, real=0.01 secs] 
2026-06-17T09:50:18.398+0800: 39.463: [CMS-concurrent-sweep-start]
2026-06-17T09:50:18.398+0800: 39.463: [CMS-concurrent-sweep: 0.000/0.000 secs] [Times: user=0.00 sys=0.00, real=0.00 secs] 
2026-06-17T09:50:18.399+0800: 39.464: [CMS-concurrent-reset-start]
2026-06-17T09:50:18.399+0800: 39.464: [CMS-concurrent-reset: 0.000/0.000 secs] [Times: user=0.00 sys=0.00, real=0.00 secs] 
2026-06-17T09:50:18.430+0800: 39.495: [GC (Allocation Failure) 2026-06-17T09:50:18.431+0800: 39.496: [ParNew: 19355K->2049K(19648K), 0.0122773 secs] 43690K->28273K(63360K), 0.0138965 secs] [Times: user=0.13 sys=0.00, real=0.02 secs] 
2026-06-17T09:50:18.488+0800: 39.553: [GC (Allocation Failure) 2026-06-17T09:50:18.488+0800: 39.553: [ParNew: 19498K->2174K(19648K), 0.0111027 secs] 45723K->35233K(63360K), 0.0125314 secs] [Times: user=0.11 sys=0.00, real=0.01 secs] 
2026-06-17T09:50:18.502+0800: 39.567: [GC (CMS Initial Mark) [1 CMS-initial-mark: 33059K(43712K)] 35951K(63360K), 0.0021705 secs] [Times: user=0.00 sys=0.00, real=0.01 secs] 
2026-06-17T09:50:18.505+0800: 39.570: [CMS-concurrent-mark-start]
2026-06-17T09:50:18.506+0800: 39.571: [CMS-concurrent-mark: 0.001/0.001 secs] [Times: user=0.00 sys=0.01, real=0.00 secs] 
2026-06-17T09:50:18.506+0800: 39.571: [CMS-concurrent-preclean-start]
2026-06-17T09:50:18.506+0800: 39.571: [CMS-concurrent-preclean: 0.000/0.000 secs] [Times: user=0.00 sys=0.00, real=0.00 secs] 
2026-06-17T09:50:18.507+0800: 39.572: [GC (CMS Final Remark) [YG occupancy: 2892 K (19648 K)]2026-06-17T09:50:18.507+0800: 39.572: [Rescan (parallel) , 0.0091335 secs]2026-06-17T09:50:18.517+0800: 39.582: [weak refs processing, 0.0004834 secs]2026-06-17T09:50:18.518+0800: 39.583: [class unloading, 0.0009587 secs]2026-06-17T09:50:18.520+0800: 39.585: [scrub symbol table, 0.0009691 secs]2026-06-17T09:50:18.521+0800: 39.586: [scrub string table, 0.0036079 secs][1 CMS-remark: 33059K(43712K)] 35951K(63360K), 0.0185724 secs] [Times: user=0.10 sys=0.00, real=0.02 secs] 
2026-06-17T09:50:18.527+0800: 39.592: [CMS-concurrent-sweep-start]
2026-06-17T09:50:18.527+0800: 39.592: [CMS-concurrent-sweep: 0.000/0.000 secs] [Times: user=0.00 sys=0.00, real=0.00 secs] 
2026-06-17T09:50:18.528+0800: 39.593: [CMS-concurrent-reset-start]
2026-06-17T09:50:18.528+0800: 39.593: [CMS-concurrent-reset: 0.000/0.000 secs] [Times: user=0.00 sys=0.00, real=0.00 secs] 
2026-06-17T09:50:18.569+0800: 39.634: [GC (Allocation Failure) 2026-06-17T09:50:18.569+0800: 39.634: [ParNew: 19635K->2141K(19648K), 0.0044929 secs] 44890K->29413K(63360K), 0.0060862 secs] [Times: user=0.02 sys=0.01, real=0.01 secs] 
2026-06-17T09:50:18.618+0800: 39.683: [GC (Allocation Failure) 2026-06-17T09:50:18.618+0800: 39.683: [ParNew: 19574K->2168K(19648K), 0.0135346 secs] 46846K->34043K(63360K), 0.0144017 secs] [Times: user=0.09 sys=0.00, real=0.02 secs] 
2026-06-17T09:50:18.633+0800: 39.698: [GC (CMS Initial Mark) [1 CMS-initial-mark: 31874K(43712K)] 36111K(63360K), 0.0007797 secs] [Times: user=0.00 sys=0.00, real=0.00 secs] 
2026-06-17T09:50:18.634+0800: 39.700: [CMS-concurrent-mark-start]
2026-06-17T09:50:18.637+0800: 39.702: [CMS-concurrent-mark: 0.003/0.003 secs] [Times: user=0.01 sys=0.00, real=0.00 secs] 
2026-06-17T09:50:18.637+0800: 39.702: [CMS-concurrent-preclean-start]
2026-06-17T09:50:18.637+0800: 39.702: [CMS-concurrent-preclean: 0.000/0.000 secs] [Times: user=0.00 sys=0.00, real=0.00 secs] 
2026-06-17T09:50:18.638+0800: 39.703: [CMS-concurrent-abortable-preclean-start]
2026-06-17T09:50:18.676+0800: 39.741: [GC (Allocation Failure) 2026-06-17T09:50:18.677+0800: 39.742: [ParNew: 19630K->2173K(19648K), 0.0138490 secs] 51505K->38437K(63360K), 0.0151621 secs] [Times: user=0.13 sys=0.00, real=0.02 secs] 
2026-06-17T09:50:18.734+0800: 39.799: [GC (Allocation Failure) 2026-06-17T09:50:18.735+0800: 39.800: [ParNew: 19638K->2175K(19648K), 0.0079432 secs] 55902K->43123K(63360K), 0.0094461 secs] [Times: user=0.07 sys=0.00, real=0.01 secs] 
2026-06-17T09:50:18.787+0800: 39.852: [GC (Allocation Failure) 2026-06-17T09:50:18.788+0800: 39.853: [ParNew: 19647K->19647K(19648K), 0.0008473 secs]2026-06-17T09:50:18.790+0800: 39.855: [CMS2026-06-17T09:50:18.791+0800: 39.856: [CMS-concurrent-abortable-preclean: 0.000/0.153 secs] [Times: user=0.20 sys=0.00, real=0.16 secs] 
 (concurrent mode failure): 40947K->22824K(43712K), 0.0058355 secs] 60595K->22824K(63360K), [Metaspace: 2710K->2710K(1056768K)], 0.0094041 secs] [Times: user=0.01 sys=0.00, real=0.01 secs] 
2026-06-17T09:50:18.851+0800: 39.916: [GC (Allocation Failure) 2026-06-17T09:50:18.852+0800: 39.917: [ParNew: 17455K->2169K(19648K), 0.0151491 secs] 40280K->26593K(63360K), 0.0171075 secs] [Times: user=0.09 sys=0.00, real=0.01 secs] 
2026-06-17T09:50:18.900+0800: 39.965: [GC (Allocation Failure) 2026-06-17T09:50:18.901+0800: 39.966: [ParNew: 19607K->2133K(19648K), 0.0079810 secs] 44031K->29987K(63360K), 0.0090680 secs] [Times: user=0.10 sys=0.00, real=0.01 secs] 
2026-06-17T09:50:18.952+0800: 40.018: [GC (Allocation Failure) 2026-06-17T09:50:18.953+0800: 40.018: [ParNew: 19599K->2169K(19648K), 0.0078429 secs] 47453K->36577K(63360K), 0.0092746 secs] [Times: user=0.06 sys=0.01, real=0.00 secs] 
2026-06-17T09:50:18.963+0800: 40.028: [GC (CMS Initial Mark) [1 CMS-initial-mark: 34408K(43712K)] 36963K(63360K), 0.0024189 secs] [Times: user=0.00 sys=0.00, real=0.00 secs] 
2026-06-17T09:50:18.967+0800: 40.032: [CMS-concurrent-mark-start]
2026-06-17T09:50:18.967+0800: 40.032: [CMS-concurrent-mark: 0.001/0.001 secs] [Times: user=0.01 sys=0.00, real=0.00 secs] 
2026-06-17T09:50:18.968+0800: 40.033: [CMS-concurrent-preclean-start]
2026-06-17T09:50:18.968+0800: 40.033: [CMS-concurrent-preclean: 0.000/0.000 secs] [Times: user=0.00 sys=0.00, real=0.00 secs] 
2026-06-17T09:50:18.968+0800: 40.033: [GC (CMS Final Remark) [YG occupancy: 2555 K (19648 K)]2026-06-17T09:50:18.969+0800: 40.034: [Rescan (parallel) , 0.0043729 secs]2026-06-17T09:50:18.974+0800: 40.039: [weak refs processing, 0.0005533 secs]2026-06-17T09:50:18.975+0800: 40.040: [class unloading, 0.0007209 secs]2026-06-17T09:50:18.976+0800: 40.041: [scrub symbol table, 0.0006044 secs]2026-06-17T09:50:18.977+0800: 40.042: [scrub string table, 0.0005295 secs][1 CMS-remark: 34408K(43712K)] 36963K(63360K), 0.0097875 secs] [Times: user=0.03 sys=0.00, real=0.01 secs] 
2026-06-17T09:50:18.979+0800: 40.044: [CMS-concurrent-sweep-start]
2026-06-17T09:50:18.979+0800: 40.045: [CMS-concurrent-sweep: 0.000/0.000 secs] [Times: user=0.00 sys=0.00, real=0.00 secs] 
2026-06-17T09:50:18.980+0800: 40.045: [CMS-concurrent-reset-start]
2026-06-17T09:50:18.980+0800: 40.045: [CMS-concurrent-reset: 0.000/0.000 secs] [Times: user=0.00 sys=0.00, real=0.00 secs] 
2026-06-17T09:50:19.021+0800: 40.086: [GC (Allocation Failure) 2026-06-17T09:50:19.022+0800: 40.087: [ParNew: 19620K->2169K(19648K), 0.0078893 secs] 50436K->35868K(63360K), 0.0091703 secs] [Times: user=0.09 sys=0.00, real=0.02 secs] 
2026-06-17T09:50:19.032+0800: 40.097: [GC (CMS Initial Mark) [1 CMS-initial-mark: 33699K(43712K)] 36630K(63360K), 0.0016074 secs] [Times: user=0.00 sys=0.00, real=0.00 secs] 
2026-06-17T09:50:19.034+0800: 40.099: [CMS-concurrent-mark-start]
2026-06-17T09:50:19.035+0800: 40.100: [CMS-concurrent-mark: 0.000/0.000 secs] [Times: user=0.00 sys=0.00, real=0.00 secs] 
2026-06-17T09:50:19.035+0800: 40.100: [CMS-concurrent-preclean-start]
2026-06-17T09:50:19.035+0800: 40.100: [CMS-concurrent-preclean: 0.000/0.000 secs] [Times: user=0.00 sys=0.00, real=0.00 secs] 
2026-06-17T09:50:19.035+0800: 40.101: [CMS-concurrent-abortable-preclean-start]
2026-06-17T09:50:19.076+0800: 40.141: [GC (Allocation Failure) 2026-06-17T09:50:19.076+0800: 40.142: [ParNew: 19641K->2135K(19648K), 0.0177696 secs] 53340K->39284K(63360K), 0.0202460 secs] [Times: user=0.13 sys=0.00, real=0.02 secs] 
2026-06-17T09:50:19.143+0800: 40.208: [GC (Allocation Failure) 2026-06-17T09:50:19.144+0800: 40.209: [ParNew: 19569K->2174K(19648K), 0.0122596 secs] 56718K->42564K(63360K), 0.0133028 secs] [Times: user=0.11 sys=0.01, real=0.01 secs] 
2026-06-17T09:50:19.200+0800: 40.265: [GC (Allocation Failure) 2026-06-17T09:50:19.201+0800: 40.266: [ParNew: 19646K->19646K(19648K), 0.0007390 secs]2026-06-17T09:50:19.202+0800: 40.267: [CMS2026-06-17T09:50:19.203+0800: 40.268: [CMS-concurrent-abortable-preclean: 0.000/0.168 secs] [Times: user=0.24 sys=0.01, real=0.17 secs] 
 (concurrent mode failure): 40389K->29889K(43712K), 0.0070940 secs] 60036K->29889K(63360K), [Metaspace: 2710K->2710K(1056768K)], 0.0100024 secs] [Times: user=0.01 sys=0.00, real=0.02 secs] 
2026-06-17T09:50:19.254+0800: 40.319: [GC (Allocation Failure) 2026-06-17T09:50:19.255+0800: 40.320: [ParNew: 17472K->2170K(19648K), 0.0100588 secs] 47361K->37047K(63360K), 0.0119086 secs] [Times: user=0.09 sys=0.00, real=0.01 secs] 
2026-06-17T09:50:19.268+0800: 40.333: [GC (CMS Initial Mark) [1 CMS-initial-mark: 34876K(43712K)] 37480K(63360K), 0.0032134 secs] [Times: user=0.00 sys=0.00, real=0.01 secs] 
2026-06-17T09:50:19.272+0800: 40.337: [CMS-concurrent-mark-start]
2026-06-17T09:50:19.273+0800: 40.338: [CMS-concurrent-mark: 0.001/0.001 secs] [Times: user=0.00 sys=0.00, real=0.00 secs] 
2026-06-17T09:50:19.274+0800: 40.339: [CMS-concurrent-preclean-start]
2026-06-17T09:50:19.274+0800: 40.339: [CMS-concurrent-preclean: 0.000/0.000 secs] [Times: user=0.00 sys=0.00, real=0.00 secs] 
2026-06-17T09:50:19.275+0800: 40.340: [GC (CMS Final Remark) [YG occupancy: 2603 K (19648 K)]2026-06-17T09:50:19.275+0800: 40.340: [Rescan (parallel) , 0.0049005 secs]2026-06-17T09:50:19.281+0800: 40.346: [weak refs processing, 0.0005236 secs]2026-06-17T09:50:19.282+0800: 40.347: [class unloading, 0.0005695 secs]2026-06-17T09:50:19.283+0800: 40.348: [scrub symbol table, 0.0007020 secs]2026-06-17T09:50:19.284+0800: 40.349: [scrub string table, 0.0005579 secs][1 CMS-remark: 34876K(43712K)] 37480K(63360K), 0.0104482 secs] [Times: user=0.03 sys=0.01, real=0.01 secs] 
2026-06-17T09:50:19.286+0800: 40.351: [CMS-concurrent-sweep-start]
2026-06-17T09:50:19.286+0800: 40.351: [CMS-concurrent-sweep: 0.000/0.000 secs] [Times: user=0.00 sys=0.00, real=0.00 secs] 
2026-06-17T09:50:19.287+0800: 40.352: [CMS-concurrent-reset-start]
2026-06-17T09:50:19.287+0800: 40.352: [CMS-concurrent-reset: 0.000/0.000 secs] [Times: user=0.00 sys=0.00, real=0.00 secs] 
2026-06-17T09:50:19.330+0800: 40.395: [GC (Allocation Failure) 2026-06-17T09:50:19.331+0800: 40.396: [ParNew: 19642K->2175K(19648K), 0.0070965 secs] 44458K->30208K(63360K), 0.0087197 secs] [Times: user=0.04 sys=0.00, real=0.01 secs] 
2026-06-17T09:50:19.382+0800: 40.447: [GC (Allocation Failure) 2026-06-17T09:50:19.383+0800: 40.448: [ParNew: 19639K->2171K(19648K), 0.0081567 secs] 47672K->34696K(63360K), 0.0093083 secs] [Times: user=0.07 sys=0.00, real=0.02 secs] 
2026-06-17T09:50:19.393+0800: 40.458: [GC (CMS Initial Mark) [1 CMS-initial-mark: 32525K(43712K)] 36217K(63360K), 0.0018681 secs] [Times: user=0.00 sys=0.00, real=0.00 secs] 
2026-06-17T09:50:19.395+0800: 40.461: [CMS-concurrent-mark-start]
2026-06-17T09:50:19.396+0800: 40.461: [CMS-concurrent-mark: 0.000/0.000 secs] [Times: user=0.00 sys=0.00, real=0.00 secs] 
2026-06-17T09:50:19.397+0800: 40.462: [CMS-concurrent-preclean-start]
2026-06-17T09:50:19.397+0800: 40.462: [CMS-concurrent-preclean: 0.000/0.000 secs] [Times: user=0.00 sys=0.00, real=0.00 secs] 
2026-06-17T09:50:19.397+0800: 40.462: [CMS-concurrent-abortable-preclean-start]
2026-06-17T09:50:19.438+0800: 40.503: [GC (Allocation Failure) 2026-06-17T09:50:19.438+0800: 40.503: [ParNew: 19634K->2171K(19648K), 0.0260475 secs] 52159K->38761K(63360K), 0.0269150 secs] [Times: user=0.23 sys=0.00, real=0.03 secs] 
2026-06-17T09:50:19.507+0800: 40.573: [GC (Allocation Failure) 2026-06-17T09:50:19.508+0800: 40.573: [ParNew: 19591K->2175K(19648K), 0.0066733 secs] 56181K->42181K(63360K), 0.0081754 secs] [Times: user=0.05 sys=0.00, real=0.01 secs] 
2026-06-17T09:50:19.560+0800: 40.625: [GC (Allocation Failure) 2026-06-17T09:50:19.560+0800: 40.625: [ParNew: 19647K->19647K(19648K), 0.0006281 secs]2026-06-17T09:50:19.562+0800: 40.627: [CMS2026-06-17T09:50:19.562+0800: 40.627: [CMS-concurrent-abortable-preclean: 0.000/0.165 secs] [Times: user=0.28 sys=0.00, real=0.16 secs] 
 (concurrent mode failure): 40006K->32316K(43712K), 0.0073740 secs] 59653K->32316K(63360K), [Metaspace: 2710K->2710K(1056768K)], 0.0100290 secs] [Times: user=0.01 sys=0.00, real=0.01 secs] 
2026-06-17T09:50:19.625+0800: 40.690: [GC (Allocation Failure) 2026-06-17T09:50:19.626+0800: 40.691: [ParNew: 17458K->2160K(19648K), 0.0096339 secs] 49774K->35820K(63360K), 0.0114045 secs] [Times: user=0.10 sys=0.01, real=0.01 secs] 
2026-06-17T09:50:19.671+0800: 40.736: [GC (Allocation Failure) 2026-06-17T09:50:19.672+0800: 40.737: [ParNew: 19458K->2121K(19648K), 0.0105564 secs] 53119K->39251K(63360K), 0.0126890 secs] [Times: user=0.09 sys=0.00, real=0.01 secs] 
2026-06-17T09:50:19.686+0800: 40.751: [GC (CMS Initial Mark) [1 CMS-initial-mark: 37130K(43712K)] 39805K(63360K), 0.0036752 secs] [Times: user=0.00 sys=0.00, real=0.00 secs] 
2026-06-17T09:50:19.691+0800: 40.756: [CMS-concurrent-mark-start]
2026-06-17T09:50:19.692+0800: 40.757: [CMS-concurrent-mark: 0.001/0.001 secs] [Times: user=0.00 sys=0.00, real=0.00 secs] 
2026-06-17T09:50:19.692+0800: 40.757: [CMS-concurrent-preclean-start]
2026-06-17T09:50:19.692+0800: 40.757: [CMS-concurrent-preclean: 0.000/0.000 secs] [Times: user=0.00 sys=0.00, real=0.00 secs] 
2026-06-17T09:50:19.693+0800: 40.758: [GC (CMS Final Remark) [YG occupancy: 2674 K (19648 K)]2026-06-17T09:50:19.694+0800: 40.759: [Rescan (parallel) , 0.0088239 secs]2026-06-17T09:50:19.703+0800: 40.768: [weak refs processing, 0.0007332 secs]2026-06-17T09:50:19.705+0800: 40.770: [class unloading, 0.0007658 secs]2026-06-17T09:50:19.706+0800: 40.771: [scrub symbol table, 0.0008197 secs]2026-06-17T09:50:19.707+0800: 40.773: [scrub string table, 0.0006733 secs][1 CMS-remark: 37130K(43712K)] 39805K(63360K), 0.0158270 secs] [Times: user=0.09 sys=0.01, real=0.01 secs] 
2026-06-17T09:50:19.710+0800: 40.775: [CMS-concurrent-sweep-start]
2026-06-17T09:50:19.710+0800: 40.776: [CMS-concurrent-sweep: 0.000/0.000 secs] [Times: user=0.00 sys=0.00, real=0.00 secs] 
2026-06-17T09:50:19.711+0800: 40.776: [CMS-concurrent-reset-start]
2026-06-17T09:50:19.711+0800: 40.776: [CMS-concurrent-reset: 0.000/0.000 secs] [Times: user=0.00 sys=0.00, real=0.00 secs] 
2026-06-17T09:50:19.752+0800: 40.817: [GC (Allocation Failure) 2026-06-17T09:50:19.753+0800: 40.818: [ParNew: 19562K->2141K(19648K), 0.0114591 secs] 37918K->23603K(63360K), 0.0128580 secs] [Times: user=0.11 sys=0.00, real=0.01 secs] 
2026-06-17T09:50:19.809+0800: 40.874: [GC (Allocation Failure) 2026-06-17T09:50:19.810+0800: 40.875: [ParNew: 19598K->2173K(19648K), 0.0149309 secs] 41060K->27391K(63360K), 0.0161470 secs] [Times: user=0.10 sys=0.00, real=0.02 secs] 
2026-06-17T09:50:19.869+0800: 40.934: [GC (Allocation Failure) 2026-06-17T09:50:19.870+0800: 40.935: [ParNew: 19644K->2170K(19648K), 0.0090868 secs] 44862K->32645K(63360K), 0.0108019 secs] [Times: user=0.07 sys=0.00, real=0.01 secs] 
2026-06-17T09:50:19.926+0800: 40.991: [GC (Allocation Failure) 2026-06-17T09:50:19.927+0800: 40.992: [ParNew: 19638K->2173K(19648K), 0.0096647 secs] 50112K->38400K(63360K), 0.0116875 secs] [Times: user=0.10 sys=0.00, real=0.01 secs] 
2026-06-17T09:50:19.939+0800: 41.004: [GC (CMS Initial Mark) [1 CMS-initial-mark: 36227K(43712K)] 38951K(63360K), 0.0023019 secs] [Times: user=0.00 sys=0.00, real=0.00 secs] 
2026-06-17T09:50:19.943+0800: 41.008: [CMS-concurrent-mark-start]
2026-06-17T09:50:19.944+0800: 41.009: [CMS-concurrent-mark: 0.001/0.001 secs] [Times: user=0.00 sys=0.00, real=0.00 secs] 
2026-06-17T09:50:19.944+0800: 41.009: [CMS-concurrent-preclean-start]
2026-06-17T09:50:19.944+0800: 41.009: [CMS-concurrent-preclean: 0.000/0.000 secs] [Times: user=0.00 sys=0.00, real=0.00 secs] 
2026-06-17T09:50:19.945+0800: 41.010: [GC (CMS Final Remark) [YG occupancy: 2723 K (19648 K)]2026-06-17T09:50:19.946+0800: 41.011: [Rescan (parallel) , 0.0107958 secs]2026-06-17T09:50:19.957+0800: 41.022: [weak refs processing, 0.0007018 secs]2026-06-17T09:50:19.959+0800: 41.024: [class unloading, 0.0009514 secs]2026-06-17T09:50:19.960+0800: 41.026: [scrub symbol table, 0.0009956 secs]2026-06-17T09:50:19.962+0800: 41.027: [scrub string table, 0.0008058 secs][1 CMS-remark: 36227K(43712K)] 38951K(63360K), 0.0185949 secs] [Times: user=0.12 sys=0.00, real=0.02 secs] 
2026-06-17T09:50:19.965+0800: 41.030: [CMS-concurrent-sweep-start]
2026-06-17T09:50:19.965+0800: 41.030: [CMS-concurrent-sweep: 0.000/0.000 secs] [Times: user=0.00 sys=0.00, real=0.00 secs] 
2026-06-17T09:50:19.965+0800: 41.031: [CMS-concurrent-reset-start]
2026-06-17T09:50:19.966+0800: 41.031: [CMS-concurrent-reset: 0.000/0.000 secs] [Times: user=0.00 sys=0.00, real=0.00 secs] 
2026-06-17T09:50:19.998+0800: 41.063: [GC (Allocation Failure) 2026-06-17T09:50:19.999+0800: 41.064: [ParNew: 19487K->2107K(19648K), 0.0079301 secs] 42126K->27006K(63360K), 0.0096734 secs] [Times: user=0.08 sys=0.00, real=0.01 secs] 
2026-06-17T09:50:20.062+0800: 41.127: [GC (Allocation Failure) 2026-06-17T09:50:20.062+0800: 41.128: [ParNew: 19579K->2164K(19648K), 0.0101562 secs] 44478K->31008K(63360K), 0.0113919 secs] [Times: user=0.10 sys=0.01, real=0.02 secs] 
2026-06-17T09:50:20.116+0800: 41.181: [GC (Allocation Failure) 2026-06-17T09:50:20.117+0800: 41.182: [ParNew: 19622K->2174K(19648K), 0.0050892 secs] 48465K->34719K(63360K), 0.0057227 secs] [Times: user=0.06 sys=0.00, real=0.00 secs] 
2026-06-17T09:50:20.164+0800: 41.230: [GC (Allocation Failure) 2026-06-17T09:50:20.165+0800: 41.230: [ParNew: 19618K->2168K(19648K), 0.0045187 secs] 52163K->40400K(63360K), 0.0056715 secs] [Times: user=0.04 sys=0.00, real=0.01 secs] 
2026-06-17T09:50:20.171+0800: 41.236: [GC (CMS Initial Mark) [1 CMS-initial-mark: 38231K(43712K)] 42115K(63360K), 0.0015635 secs] [Times: user=0.00 sys=0.00, real=0.00 secs] 
2026-06-17T09:50:20.174+0800: 41.239: [CMS-concurrent-mark-start]
2026-06-17T09:50:20.174+0800: 41.239: [CMS-concurrent-mark: 0.000/0.000 secs] [Times: user=0.00 sys=0.00, real=0.00 secs] 
2026-06-17T09:50:20.175+0800: 41.240: [CMS-concurrent-preclean-start]
2026-06-17T09:50:20.175+0800: 41.240: [CMS-concurrent-preclean: 0.000/0.000 secs] [Times: user=0.00 sys=0.00, real=0.00 secs] 
2026-06-17T09:50:20.175+0800: 41.240: [GC (CMS Final Remark) [YG occupancy: 3884 K (19648 K)]2026-06-17T09:50:20.176+0800: 41.241: [Rescan (parallel) , 0.0043089 secs]2026-06-17T09:50:20.180+0800: 41.246: [weak refs processing, 0.0004211 secs]2026-06-17T09:50:20.181+0800: 41.246: [class unloading, 0.0004623 secs]2026-06-17T09:50:20.182+0800: 41.247: [scrub symbol table, 0.0005399 secs]2026-06-17T09:50:20.183+0800: 41.248: [scrub string table, 0.0003702 secs][1 CMS-remark: 38231K(43712K)] 42115K(63360K), 0.0083835 secs] [Times: user=0.06 sys=0.00, real=0.01 secs] 
2026-06-17T09:50:20.184+0800: 41.249: [CMS-concurrent-sweep-start]
2026-06-17T09:50:20.185+0800: 41.250: [CMS-concurrent-sweep: 0.000/0.000 secs] [Times: user=0.00 sys=0.00, real=0.00 secs] 
2026-06-17T09:50:20.185+0800: 41.250: [CMS-concurrent-reset-start]
2026-06-17T09:50:20.185+0800: 41.250: [CMS-concurrent-reset: 0.000/0.000 secs] [Times: user=0.00 sys=0.00, real=0.00 secs] 
2026-06-17T09:50:20.226+0800: 41.291: [GC (Allocation Failure) 2026-06-17T09:50:20.227+0800: 41.292: [ParNew: 19601K->1936K(19648K), 0.0029996 secs] 44729K->28784K(63360K), 0.0039798 secs] [Times: user=0.03 sys=0.00, real=0.01 secs] 
2026-06-17T09:50:20.273+0800: 41.339: [GC (Allocation Failure) 2026-06-17T09:50:20.274+0800: 41.339: [ParNew: 19398K->2122K(19648K), 0.0116519 secs] 46246K->32188K(63360K), 0.0124725 secs] [Times: user=0.13 sys=0.00, real=0.01 secs] 
2026-06-17T09:50:20.329+0800: 41.394: [GC (Allocation Failure) 2026-06-17T09:50:20.329+0800: 41.394: [ParNew: 19548K->2174K(19648K), 0.0095308 secs] 49615K->35708K(63360K), 0.0106378 secs] [Times: user=0.10 sys=0.01, real=0.01 secs] 
2026-06-17T09:50:20.382+0800: 41.447: [GC (Allocation Failure) 2026-06-17T09:50:20.383+0800: 41.448: [ParNew: 19618K->2174K(19648K), 0.0068977 secs] 53153K->40150K(63360K), 0.0079444 secs] [Times: user=0.07 sys=0.00, real=0.02 secs] 
2026-06-17T09:50:20.391+0800: 41.456: [GC (CMS Initial Mark) [1 CMS-initial-mark: 37975K(43712K)] 41891K(63360K), 0.0011885 secs] [Times: user=0.00 sys=0.00, real=0.00 secs] 
2026-06-17T09:50:20.393+0800: 41.458: [CMS-concurrent-mark-start]
2026-06-17T09:50:20.394+0800: 41.459: [CMS-concurrent-mark: 0.000/0.000 secs] [Times: user=0.00 sys=0.00, real=0.00 secs] 
2026-06-17T09:50:20.394+0800: 41.459: [CMS-concurrent-preclean-start]
2026-06-17T09:50:20.394+0800: 41.459: [CMS-concurrent-preclean: 0.000/0.000 secs] [Times: user=0.00 sys=0.00, real=0.00 secs] 
2026-06-17T09:50:20.394+0800: 41.459: [CMS-concurrent-abortable-preclean-start]
2026-06-17T09:50:20.435+0800: 41.500: [GC (Allocation Failure) 2026-06-17T09:50:20.436+0800: 41.501: [ParNew (promotion failed): 19627K->19625K(19648K), 0.0089415 secs]2026-06-17T09:50:20.445+0800: 41.510: [CMS2026-06-17T09:50:20.445+0800: 41.511: [CMS-concurrent-abortable-preclean: 0.000/0.051 secs] [Times: user=0.13 sys=0.00, real=0.05 secs] 
 (concurrent mode failure): 43450K->32127K(43712K), 0.0047237 secs] 57602K->32127K(63360K), [Metaspace: 2710K->2710K(1056768K)], 0.0150946 secs] [Times: user=0.13 sys=0.00, real=0.02 secs] 
2026-06-17T09:50:20.503+0800: 41.568: [GC (Allocation Failure) 2026-06-17T09:50:20.504+0800: 41.569: [ParNew: 17472K->2134K(19648K), 0.0096851 secs] 49599K->35474K(63360K), 0.0177331 secs] [Times: user=0.09 sys=0.00, real=0.02 secs] 
2026-06-17T09:50:20.529+0800: 41.595: [GC (CMS Initial Mark) [1 CMS-initial-mark: 33339K(43712K)] 37336K(63360K), 0.0021668 secs] [Times: user=0.00 sys=0.00, real=0.01 secs] 
2026-06-17T09:50:20.532+0800: 41.598: [CMS-concurrent-mark-start]
2026-06-17T09:50:20.533+0800: 41.598: [CMS-concurrent-mark: 0.000/0.000 secs] [Times: user=0.00 sys=0.00, real=0.00 secs] 
2026-06-17T09:50:20.533+0800: 41.598: [CMS-concurrent-preclean-start]
2026-06-17T09:50:20.533+0800: 41.598: [CMS-concurrent-preclean: 0.000/0.000 secs] [Times: user=0.00 sys=0.01, real=0.00 secs] 
2026-06-17T09:50:20.534+0800: 41.599: [CMS-concurrent-abortable-preclean-start]
2026-06-17T09:50:20.564+0800: 41.629: [GC (Allocation Failure) 2026-06-17T09:50:20.565+0800: 41.630: [ParNew: 19556K->2139K(19648K), 0.0048238 secs] 52896K->38431K(63360K), 0.0057139 secs] [Times: user=0.05 sys=0.00, real=0.00 secs] 
2026-06-17T09:50:20.612+0800: 41.677: [GC (Allocation Failure) 2026-06-17T09:50:20.613+0800: 41.678: [ParNew: 19576K->2175K(19648K), 0.0059669 secs] 55869K->45369K(63360K), 0.0071998 secs] [Times: user=0.06 sys=0.00, real=0.00 secs] 
2026-06-17T09:50:20.620+0800: 41.686: [CMS-concurrent-abortable-preclean: 0.000/0.087 secs] [Times: user=0.11 sys=0.00, real=0.08 secs] 
2026-06-17T09:50:20.621+0800: 41.686: [GC (CMS Final Remark) [YG occupancy: 2763 K (19648 K)]2026-06-17T09:50:20.622+0800: 41.687: [Rescan (parallel) , 0.0033354 secs]2026-06-17T09:50:20.625+0800: 41.691: [weak refs processing, 0.0002784 secs]2026-06-17T09:50:20.626+0800: 41.691: [class unloading, 0.0004025 secs]2026-06-17T09:50:20.627+0800: 41.692: [scrub symbol table, 0.0005591 secs]2026-06-17T09:50:20.628+0800: 41.693: [scrub string table, 0.0004422 secs][1 CMS-remark: 43194K(43712K)] 45957K(63360K), 0.0071209 secs] [Times: user=0.02 sys=0.00, real=0.01 secs] 
2026-06-17T09:50:20.629+0800: 41.694: [CMS-concurrent-sweep-start]
2026-06-17T09:50:20.629+0800: 41.695: [CMS-concurrent-sweep: 0.000/0.000 secs] [Times: user=0.00 sys=0.00, real=0.00 secs] 
2026-06-17T09:50:20.630+0800: 41.695: [CMS-concurrent-reset-start]
2026-06-17T09:50:20.630+0800: 41.695: [CMS-concurrent-reset: 0.000/0.000 secs] [Times: user=0.00 sys=0.00, real=0.00 secs] 
2026-06-17T09:50:20.672+0800: 41.738: [GC (Allocation Failure) 2026-06-17T09:50:20.673+0800: 41.738: [ParNew: 19624K->2099K(19648K), 0.0084408 secs] 51533K->36857K(63360K), 0.0094484 secs] [Times: user=0.11 sys=0.00, real=0.00 secs] 
2026-06-17T09:50:20.683+0800: 41.748: [GC (CMS Initial Mark) [1 CMS-initial-mark: 34757K(43712K)] 37446K(63360K), 0.0011398 secs] [Times: user=0.00 sys=0.00, real=0.00 secs] 
2026-06-17T09:50:20.685+0800: 41.750: [CMS-concurrent-mark-start]
2026-06-17T09:50:20.685+0800: 41.751: [CMS-concurrent-mark: 0.000/0.000 secs] [Times: user=0.01 sys=0.00, real=0.00 secs] 
2026-06-17T09:50:20.686+0800: 41.751: [CMS-concurrent-preclean-start]
2026-06-17T09:50:20.686+0800: 41.751: [CMS-concurrent-preclean: 0.000/0.000 secs] [Times: user=0.00 sys=0.00, real=0.00 secs] 
2026-06-17T09:50:20.686+0800: 41.751: [CMS-concurrent-abortable-preclean-start]
2026-06-17T09:50:20.727+0800: 41.792: [GC (Allocation Failure) 2026-06-17T09:50:20.727+0800: 41.792: [ParNew: 19556K->2171K(19648K), 0.0126681 secs] 54314K->40821K(63360K), 0.0134766 secs] [Times: user=0.10 sys=0.00, real=0.01 secs] 
2026-06-17T09:50:20.783+0800: 41.848: [GC (Allocation Failure) 2026-06-17T09:50:20.784+0800: 41.849: [ParNew: 19643K->19643K(19648K), 0.0004741 secs]2026-06-17T09:50:20.785+0800: 41.850: [CMS2026-06-17T09:50:20.785+0800: 41.850: [CMS-concurrent-abortable-preclean: 0.000/0.099 secs] [Times: user=0.10 sys=0.00, real=0.10 secs] 
 (concurrent mode failure): 38649K->31414K(43712K), 0.0046322 secs] 58293K->31414K(63360K), [Metaspace: 2710K->2710K(1056768K)], 0.0065937 secs] [Times: user=0.01 sys=0.00, real=0.00 secs] 
2026-06-17T09:50:20.833+0800: 41.898: [GC (Allocation Failure) 2026-06-17T09:50:20.833+0800: 41.898: [ParNew: 17435K->2173K(19648K), 0.0157899 secs] 48849K->38560K(63360K), 0.0166041 secs] [Times: user=0.14 sys=0.00, real=0.01 secs] 
2026-06-17T09:50:20.850+0800: 41.915: [GC (CMS Initial Mark) [1 CMS-initial-mark: 36386K(43712K)] 39365K(63360K), 0.0014165 secs] [Times: user=0.00 sys=0.00, real=0.01 secs] 
2026-06-17T09:50:20.852+0800: 41.917: [CMS-concurrent-mark-start]
2026-06-17T09:50:20.853+0800: 41.918: [CMS-concurrent-mark: 0.001/0.001 secs] [Times: user=0.00 sys=0.00, real=0.00 secs] 
2026-06-17T09:50:20.853+0800: 41.918: [CMS-concurrent-preclean-start]
2026-06-17T09:50:20.853+0800: 41.918: [CMS-concurrent-preclean: 0.000/0.000 secs] [Times: user=0.00 sys=0.00, real=0.00 secs] 
2026-06-17T09:50:20.853+0800: 41.918: [CMS-concurrent-abortable-preclean-start]
2026-06-17T09:50:20.894+0800: 41.959: [GC (Allocation Failure) 2026-06-17T09:50:20.894+0800: 41.959: [ParNew: 19627K->2174K(19648K), 0.0090857 secs] 56014K->44532K(63360K), 0.0097763 secs] [Times: user=0.12 sys=0.00, real=0.01 secs] 
2026-06-17T09:50:20.904+0800: 41.969: [CMS-concurrent-abortable-preclean: 0.000/0.051 secs] [Times: user=0.12 sys=0.00, real=0.05 secs] 
2026-06-17T09:50:20.904+0800: 41.969: [GC (CMS Final Remark) [YG occupancy: 4259 K (19648 K)]2026-06-17T09:50:20.905+0800: 41.970: [Rescan (parallel) , 0.0027469 secs]2026-06-17T09:50:20.908+0800: 41.973: [weak refs processing, 0.0003786 secs]2026-06-17T09:50:20.909+0800: 41.974: [class unloading, 0.0005084 secs]2026-06-17T09:50:20.909+0800: 41.975: [scrub symbol table, 0.0005272 secs]2026-06-17T09:50:20.910+0800: 41.975: [scrub string table, 0.0003568 secs][1 CMS-remark: 42357K(43712K)] 46617K(63360K), 0.0065762 secs] [Times: user=0.02 sys=0.00, real=0.01 secs] 
2026-06-17T09:50:20.911+0800: 41.977: [CMS-concurrent-sweep-start]
2026-06-17T09:50:20.912+0800: 41.977: [CMS-concurrent-sweep: 0.000/0.000 secs] [Times: user=0.00 sys=0.00, real=0.00 secs] 
2026-06-17T09:50:20.912+0800: 41.977: [CMS-concurrent-reset-start]
2026-06-17T09:50:20.912+0800: 41.977: [CMS-concurrent-reset: 0.000/0.000 secs] [Times: user=0.00 sys=0.00, real=0.00 secs] 
2026-06-17T09:50:20.956+0800: 42.021: [GC (Allocation Failure) 2026-06-17T09:50:20.957+0800: 42.022: [ParNew: 19622K->2097K(19648K), 0.0102275 secs] 52443K->36244K(63360K), 0.0111005 secs] [Times: user=0.11 sys=0.00, real=0.01 secs] 
2026-06-17T09:50:20.968+0800: 42.033: [GC (CMS Initial Mark) [1 CMS-initial-mark: 34147K(43712K)] 36898K(63360K), 0.0012534 secs] [Times: user=0.00 sys=0.00, real=0.00 secs] 
2026-06-17T09:50:20.970+0800: 42.035: [CMS-concurrent-mark-start]
2026-06-17T09:50:20.971+0800: 42.036: [CMS-concurrent-mark: 0.000/0.000 secs] [Times: user=0.00 sys=0.00, real=0.01 secs] 
2026-06-17T09:50:20.971+0800: 42.036: [CMS-concurrent-preclean-start]
2026-06-17T09:50:20.971+0800: 42.036: [CMS-concurrent-preclean: 0.000/0.000 secs] [Times: user=0.00 sys=0.00, real=0.00 secs] 
2026-06-17T09:50:20.971+0800: 42.037: [CMS-concurrent-abortable-preclean-start]
2026-06-17T09:50:21.012+0800: 42.077: [GC (Allocation Failure) 2026-06-17T09:50:21.014+0800: 42.079: [ParNew: 19518K->2111K(19648K), 0.0246912 secs] 53665K->39823K(63360K), 0.0266562 secs] [Times: user=0.22 sys=0.01, real=0.02 secs] 
2026-06-17T09:50:21.071+0800: 42.137: [GC (Allocation Failure) 2026-06-17T09:50:21.072+0800: 42.138: [ParNew (promotion failed): 19534K->19594K(19648K), 0.0107959 secs]2026-06-17T09:50:21.084+0800: 42.149: [CMS2026-06-17T09:50:21.085+0800: 42.150: [CMS-concurrent-abortable-preclean: 0.000/0.113 secs] [Times: user=0.30 sys=0.02, real=0.11 secs] 
 (concurrent mode failure): 43529K->32634K(43712K), 0.0054447 secs] 57247K->32634K(63360K), [Metaspace: 2710K->2710K(1056768K)], 0.0189432 secs] [Times: user=0.09 sys=0.01, real=0.02 secs] 
2026-06-17T09:50:21.145+0800: 42.210: [GC (Allocation Failure) 2026-06-17T09:50:21.146+0800: 42.211: [ParNew: 17461K->2169K(19648K), 0.0098977 secs] 50095K->35976K(63360K), 0.0115589 secs] [Times: user=0.09 sys=0.00, real=0.01 secs] 
2026-06-17T09:50:21.159+0800: 42.224: [GC (CMS Initial Mark) [1 CMS-initial-mark: 33806K(43712K)] 37283K(63360K), 0.0018696 secs] [Times: user=0.00 sys=0.00, real=0.00 secs] 
2026-06-17T09:50:21.162+0800: 42.227: [CMS-concurrent-mark-start]
2026-06-17T09:50:21.162+0800: 42.227: [CMS-concurrent-mark: 0.001/0.001 secs] [Times: user=0.00 sys=0.00, real=0.00 secs] 
2026-06-17T09:50:21.163+0800: 42.228: [CMS-concurrent-preclean-start]
2026-06-17T09:50:21.163+0800: 42.228: [CMS-concurrent-preclean: 0.000/0.000 secs] [Times: user=0.00 sys=0.00, real=0.00 secs] 
2026-06-17T09:50:21.163+0800: 42.228: [CMS-concurrent-abortable-preclean-start]
2026-06-17T09:50:21.204+0800: 42.269: [GC (Allocation Failure) 2026-06-17T09:50:21.205+0800: 42.270: [ParNew: 19641K->2175K(19648K), 0.0089644 secs] 53448K->40098K(63360K), 0.0103556 secs] [Times: user=0.09 sys=0.00, real=0.01 secs] 
2026-06-17T09:50:21.258+0800: 42.323: [GC (Allocation Failure) 2026-06-17T09:50:21.258+0800: 42.323: [ParNew: 19642K->19642K(19648K), 0.0005244 secs]2026-06-17T09:50:21.259+0800: 42.324: [CMS2026-06-17T09:50:21.260+0800: 42.325: [CMS-concurrent-abortable-preclean: 0.000/0.096 secs] [Times: user=0.10 sys=0.00, real=0.09 secs] 
 (concurrent mode failure): 37923K->29192K(43712K), 0.0047243 secs] 57565K->29192K(63360K), [Metaspace: 2710K->2710K(1056768K)], 0.0069344 secs] [Times: user=0.00 sys=0.00, real=0.01 secs] 
2026-06-17T09:50:21.308+0800: 42.373: [GC (Allocation Failure) 2026-06-17T09:50:21.309+0800: 42.374: [ParNew: 17469K->2172K(19648K), 0.0102780 secs] 46662K->36183K(63360K), 0.0113305 secs] [Times: user=0.07 sys=0.01, real=0.01 secs] 
2026-06-17T09:50:21.320+0800: 42.385: [GC (CMS Initial Mark) [1 CMS-initial-mark: 34010K(43712K)] 37251K(63360K), 0.0009601 secs] [Times: user=0.00 sys=0.00, real=0.00 secs] 
2026-06-17T09:50:21.321+0800: 42.386: [CMS-concurrent-mark-start]
2026-06-17T09:50:21.322+0800: 42.387: [CMS-concurrent-mark: 0.001/0.001 secs] [Times: user=0.00 sys=0.00, real=0.00 secs] 
2026-06-17T09:50:21.322+0800: 42.387: [CMS-concurrent-preclean-start]
2026-06-17T09:50:21.322+0800: 42.387: [CMS-concurrent-preclean: 0.000/0.000 secs] [Times: user=0.00 sys=0.00, real=0.00 secs] 
2026-06-17T09:50:21.322+0800: 42.387: [CMS-concurrent-abortable-preclean-start]
2026-06-17T09:50:21.363+0800: 42.428: [GC (Allocation Failure) 2026-06-17T09:50:21.364+0800: 42.429: [ParNew: 19636K->2168K(19648K), 0.0089101 secs] 53647K->41668K(63360K), 0.0098363 secs] [Times: user=0.11 sys=0.00, real=0.01 secs] 
2026-06-17T09:50:21.415+0800: 42.480: [GC (Allocation Failure) 2026-06-17T09:50:21.416+0800: 42.481: [ParNew: 19614K->19614K(19648K), 0.0005574 secs]2026-06-17T09:50:21.417+0800: 42.482: [CMS2026-06-17T09:50:21.417+0800: 42.482: [CMS-concurrent-abortable-preclean: 0.000/0.095 secs] [Times: user=0.11 sys=0.00, real=0.10 secs] 
 (concurrent mode failure): 39499K->29281K(43712K), 0.0052681 secs] 59114K->29281K(63360K), [Metaspace: 2710K->2710K(1056768K)], 0.0073565 secs] [Times: user=0.01 sys=0.00, real=0.01 secs] 
2026-06-17T09:50:21.467+0800: 42.532: [GC (Allocation Failure) 2026-06-17T09:50:21.468+0800: 42.533: [ParNew: 17354K->2155K(19648K), 0.0059601 secs] 46636K->32610K(63360K), 0.0079383 secs] [Times: user=0.03 sys=0.00, real=0.01 secs] 
2026-06-17T09:50:21.519+0800: 42.585: [GC (Allocation Failure) 2026-06-17T09:50:21.520+0800: 42.586: [ParNew: 19368K->2157K(19648K), 0.0108410 secs] 49823K->35916K(63360K), 0.0127488 secs] [Times: user=0.11 sys=0.00, real=0.02 secs] 
2026-06-17T09:50:21.534+0800: 42.599: [GC (CMS Initial Mark) [1 CMS-initial-mark: 33759K(43712K)] 36749K(63360K), 0.0023036 secs] [Times: user=0.00 sys=0.00, real=0.00 secs] 
2026-06-17T09:50:21.537+0800: 42.603: [CMS-concurrent-mark-start]
2026-06-17T09:50:21.538+0800: 42.603: [CMS-concurrent-mark: 0.001/0.001 secs] [Times: user=0.00 sys=0.00, real=0.00 secs] 
2026-06-17T09:50:21.539+0800: 42.604: [CMS-concurrent-preclean-start]
2026-06-17T09:50:21.539+0800: 42.604: [CMS-concurrent-preclean: 0.000/0.000 secs] [Times: user=0.00 sys=0.00, real=0.00 secs] 
2026-06-17T09:50:21.539+0800: 42.605: [GC (CMS Final Remark) [YG occupancy: 2990 K (19648 K)]2026-06-17T09:50:21.540+0800: 42.605: [Rescan (parallel) , 0.0116333 secs]2026-06-17T09:50:21.552+0800: 42.617: [weak refs processing, 0.0005699 secs]2026-06-17T09:50:21.553+0800: 42.619: [class unloading, 0.0007300 secs]2026-06-17T09:50:21.555+0800: 42.620: [scrub symbol table, 0.0006907 secs]2026-06-17T09:50:21.556+0800: 42.621: [scrub string table, 0.0006336 secs][1 CMS-remark: 33759K(43712K)] 36749K(63360K), 0.0177028 secs] [Times: user=0.12 sys=0.00, real=0.02 secs] 
2026-06-17T09:50:21.558+0800: 42.623: [CMS-concurrent-sweep-start]
2026-06-17T09:50:21.559+0800: 42.624: [CMS-concurrent-sweep: 0.000/0.000 secs] [Times: user=0.00 sys=0.00, real=0.00 secs] 
2026-06-17T09:50:21.559+0800: 42.624: [CMS-concurrent-reset-start]
2026-06-17T09:50:21.559+0800: 42.624: [CMS-concurrent-reset: 0.000/0.000 secs] [Times: user=0.00 sys=0.00, real=0.00 secs] 
2026-06-17T09:50:21.601+0800: 42.666: [GC (Allocation Failure) 2026-06-17T09:50:21.602+0800: 42.667: [ParNew: 19605K->2108K(19648K), 0.0102525 secs] 39688K->25628K(63360K), 0.0118909 secs] [Times: user=0.08 sys=0.01, real=0.02 secs] 
2026-06-17T09:50:21.657+0800: 42.722: [GC (Allocation Failure) 2026-06-17T09:50:21.658+0800: 42.723: [ParNew: 19571K->2170K(19648K), 0.0071504 secs] 43090K->29410K(63360K), 0.0082834 secs] [Times: user=0.06 sys=0.00, real=0.01 secs] 
2026-06-17T09:50:21.709+0800: 42.774: [GC (Allocation Failure) 2026-06-17T09:50:21.710+0800: 42.775: [ParNew: 19635K->2172K(19648K), 0.0058141 secs] 46875K->33233K(63360K), 0.0072490 secs] [Times: user=0.03 sys=0.01, real=0.01 secs] 
2026-06-17T09:50:21.761+0800: 42.826: [GC (Allocation Failure) 2026-06-17T09:50:21.762+0800: 42.827: [ParNew: 19559K->2119K(19648K), 0.0245783 secs] 50620K->35004K(63360K), 0.0257929 secs] [Times: user=0.21 sys=0.00, real=0.03 secs] 
2026-06-17T09:50:21.830+0800: 42.895: [GC (Allocation Failure) 2026-06-17T09:50:21.831+0800: 42.896: [ParNew: 19544K->2174K(19648K), 0.0098111 secs] 52429K->42161K(63360K), 0.0113489 secs] [Times: user=0.08 sys=0.00, real=0.01 secs] 
2026-06-17T09:50:21.843+0800: 42.908: [GC (CMS Initial Mark) [1 CMS-initial-mark: 39986K(43712K)] 42598K(63360K), 0.0022457 secs] [Times: user=0.00 sys=0.00, real=0.00 secs] 
2026-06-17T09:50:21.846+0800: 42.911: [CMS-concurrent-mark-start]
2026-06-17T09:50:21.847+0800: 42.912: [CMS-concurrent-mark: 0.001/0.001 secs] [Times: user=0.00 sys=0.00, real=0.00 secs] 
2026-06-17T09:50:21.847+0800: 42.912: [CMS-concurrent-preclean-start]
2026-06-17T09:50:21.847+0800: 42.912: [CMS-concurrent-preclean: 0.000/0.000 secs] [Times: user=0.00 sys=0.00, real=0.00 secs] 
2026-06-17T09:50:21.848+0800: 42.913: [GC (CMS Final Remark) [YG occupancy: 2611 K (19648 K)]2026-06-17T09:50:21.849+0800: 42.914: [Rescan (parallel) , 0.0115947 secs]2026-06-17T09:50:21.860+0800: 42.926: [weak refs processing, 0.0005404 secs]2026-06-17T09:50:21.862+0800: 42.927: [class unloading, 0.0005155 secs]2026-06-17T09:50:21.862+0800: 42.928: [scrub symbol table, 0.0005632 secs]2026-06-17T09:50:21.864+0800: 42.929: [scrub string table, 0.0004627 secs][1 CMS-remark: 39986K(43712K)] 42598K(63360K), 0.0165199 secs] [Times: user=0.11 sys=0.01, real=0.02 secs] 
2026-06-17T09:50:21.865+0800: 42.931: [CMS-concurrent-sweep-start]
2026-06-17T09:50:21.866+0800: 42.931: [CMS-concurrent-sweep: 0.000/0.000 secs] [Times: user=0.00 sys=0.00, real=0.00 secs] 
2026-06-17T09:50:21.866+0800: 42.931: [CMS-concurrent-reset-start]
2026-06-17T09:50:21.866+0800: 42.931: [CMS-concurrent-reset: 0.000/0.000 secs] [Times: user=0.00 sys=0.00, real=0.00 secs] 
2026-06-17T09:50:21.908+0800: 42.973: [GC (Allocation Failure) 2026-06-17T09:50:21.909+0800: 42.974: [ParNew: 19623K->2175K(19648K), 0.0083869 secs] 47771K->33194K(63360K), 0.0100963 secs] [Times: user=0.08 sys=0.00, real=0.01 secs] 
2026-06-17T09:50:21.920+0800: 42.985: [GC (CMS Initial Mark) [1 CMS-initial-mark: 31019K(43712K)] 34492K(63360K), 0.0021799 secs] [Times: user=0.00 sys=0.00, real=0.00 secs] 
2026-06-17T09:50:21.923+0800: 42.988: [CMS-concurrent-mark-start]
2026-06-17T09:50:21.923+0800: 42.989: [CMS-concurrent-mark: 0.001/0.001 secs] [Times: user=0.00 sys=0.00, real=0.00 secs] 
2026-06-17T09:50:21.924+0800: 42.989: [CMS-concurrent-preclean-start]
2026-06-17T09:50:21.924+0800: 42.989: [CMS-concurrent-preclean: 0.000/0.000 secs] [Times: user=0.00 sys=0.00, real=0.00 secs] 
2026-06-17T09:50:21.925+0800: 42.990: [CMS-concurrent-abortable-preclean-start]
2026-06-17T09:50:21.966+0800: 43.031: [GC (Allocation Failure) 2026-06-17T09:50:21.967+0800: 43.032: [ParNew: 19641K->1939K(19648K), 0.0098217 secs] 50661K->37766K(63360K), 0.0113405 secs] [Times: user=0.11 sys=0.00, real=0.01 secs] 
2026-06-17T09:50:22.022+0800: 43.087: [GC (Allocation Failure) 2026-06-17T09:50:22.022+0800: 43.087: [ParNew: 19411K->2169K(19648K), 0.0084433 secs] 55238K->41679K(63360K), 0.0096528 secs] [Times: user=0.08 sys=0.00, real=0.02 secs] 
2026-06-17T09:50:22.074+0800: 43.139: [GC (Allocation Failure) 2026-06-17T09:50:22.075+0800: 43.140: [ParNew: 19641K->19641K(19648K), 0.0002933 secs]2026-06-17T09:50:22.075+0800: 43.140: [CMS2026-06-17T09:50:22.075+0800: 43.140: [CMS-concurrent-abortable-preclean: 0.000/0.151 secs] [Times: user=0.20 sys=0.00, real=0.15 secs] 
 (concurrent mode failure): 39509K->26794K(43712K), 0.0043143 secs] 59151K->26794K(63360K), [Metaspace: 2710K->2710K(1056768K)], 0.0056993 secs] [Times: user=0.00 sys=0.00, real=0.00 secs] 
2026-06-17T09:50:22.122+0800: 43.187: [GC (Allocation Failure) 2026-06-17T09:50:22.123+0800: 43.188: [ParNew: 17428K->2174K(19648K), 0.0093049 secs] 44222K->34016K(63360K), 0.0103823 secs] [Times: user=0.10 sys=0.00, real=0.02 secs] 
2026-06-17T09:50:22.134+0800: 43.199: [GC (CMS Initial Mark) [1 CMS-initial-mark: 31841K(43712K)] 34850K(63360K), 0.0013613 secs] [Times: user=0.01 sys=0.00, real=0.00 secs] 
2026-06-17T09:50:22.135+0800: 43.200: [CMS-concurrent-mark-start]
2026-06-17T09:50:22.136+0800: 43.201: [CMS-concurrent-mark: 0.000/0.000 secs] [Times: user=0.00 sys=0.00, real=0.00 secs] 
2026-06-17T09:50:22.136+0800: 43.201: [CMS-concurrent-preclean-start]
2026-06-17T09:50:22.136+0800: 43.201: [CMS-concurrent-preclean: 0.000/0.000 secs] [Times: user=0.00 sys=0.00, real=0.00 secs] 
2026-06-17T09:50:22.136+0800: 43.201: [GC (CMS Final Remark) [YG occupancy: 3008 K (19648 K)]2026-06-17T09:50:22.137+0800: 43.202: [Rescan (parallel) , 0.0028324 secs]2026-06-17T09:50:22.140+0800: 43.205: [weak refs processing, 0.0002542 secs]2026-06-17T09:50:22.140+0800: 43.205: [class unloading, 0.0004237 secs]2026-06-17T09:50:22.141+0800: 43.206: [scrub symbol table, 0.0003609 secs]2026-06-17T09:50:22.141+0800: 43.206: [scrub string table, 0.0002007 secs][1 CMS-remark: 31841K(43712K)] 34850K(63360K), 0.0051446 secs] [Times: user=0.02 sys=0.00, real=0.00 secs] 
2026-06-17T09:50:22.142+0800: 43.207: [CMS-concurrent-sweep-start]
2026-06-17T09:50:22.142+0800: 43.207: [CMS-concurrent-sweep: 0.000/0.000 secs] [Times: user=0.00 sys=0.00, real=0.00 secs] 
2026-06-17T09:50:22.142+0800: 43.207: [CMS-concurrent-reset-start]
2026-06-17T09:50:22.142+0800: 43.207: [CMS-concurrent-reset: 0.000/0.000 secs] [Times: user=0.00 sys=0.00, real=0.00 secs] 
2026-06-17T09:50:22.187+0800: 43.252: [GC (Allocation Failure) 2026-06-17T09:50:22.188+0800: 43.253: [ParNew: 19607K->2147K(19648K), 0.0093374 secs] 48238K->32392K(63360K), 0.0101005 secs] [Times: user=0.11 sys=0.00, real=0.01 secs] 
2026-06-17T09:50:22.240+0800: 43.305: [GC (Allocation Failure) 2026-06-17T09:50:22.241+0800: 43.306: [ParNew: 19603K->2061K(19648K), 0.0095228 secs] 49848K->35949K(63360K), 0.0103398 secs] [Times: user=0.11 sys=0.00, real=0.02 secs] 
2026-06-17T09:50:22.252+0800: 43.317: [GC (CMS Initial Mark) [1 CMS-initial-mark: 33887K(43712K)] 39917K(63360K), 0.0013766 secs] [Times: user=0.00 sys=0.00, real=0.00 secs] 
2026-06-17T09:50:22.254+0800: 43.319: [CMS-concurrent-mark-start]
2026-06-17T09:50:22.254+0800: 43.319: [CMS-concurrent-mark: 0.000/0.000 secs] [Times: user=0.00 sys=0.00, real=0.00 secs] 
2026-06-17T09:50:22.255+0800: 43.320: [CMS-concurrent-preclean-start]
2026-06-17T09:50:22.255+0800: 43.320: [CMS-concurrent-preclean: 0.000/0.000 secs] [Times: user=0.00 sys=0.00, real=0.00 secs] 
2026-06-17T09:50:22.255+0800: 43.320: [CMS-concurrent-abortable-preclean-start]
2026-06-17T09:50:22.295+0800: 43.361: [GC (Allocation Failure) 2026-06-17T09:50:22.296+0800: 43.361: [ParNew: 19533K->2175K(19648K), 0.0104198 secs] 53421K->39810K(63360K), 0.0115323 secs] [Times: user=0.13 sys=0.00, real=0.01 secs] 
2026-06-17T09:50:22.350+0800: 43.415: [GC (Allocation Failure) 2026-06-17T09:50:22.351+0800: 43.416: [ParNew: 19607K->2172K(19648K), 0.0084505 secs] 57242K->44311K(63360K), 0.0095368 secs] [Times: user=0.10 sys=0.01, real=0.01 secs] 
2026-06-17T09:50:22.361+0800: 43.426: [CMS-concurrent-abortable-preclean: 0.000/0.106 secs] [Times: user=0.23 sys=0.01, real=0.10 secs] 
2026-06-17T09:50:22.362+0800: 43.427: [GC (CMS Final Remark) [YG occupancy: 5318 K (19648 K)]2026-06-17T09:50:22.362+0800: 43.427: [Rescan (parallel) , 0.0035926 secs]2026-06-17T09:50:22.366+0800: 43.431: [weak refs processing, 0.0003622 secs]2026-06-17T09:50:22.367+0800: 43.432: [class unloading, 0.0003781 secs]2026-06-17T09:50:22.368+0800: 43.433: [scrub symbol table, 0.0004089 secs]2026-06-17T09:50:22.368+0800: 43.433: [scrub string table, 0.0002655 secs][1 CMS-remark: 42138K(43712K)] 47457K(63360K), 0.0069737 secs] [Times: user=0.02 sys=0.00, real=0.01 secs] 
2026-06-17T09:50:22.369+0800: 43.434: [CMS-concurrent-sweep-start]
2026-06-17T09:50:22.369+0800: 43.434: [CMS-concurrent-sweep: 0.000/0.000 secs] [Times: user=0.00 sys=0.00, real=0.00 secs] 
2026-06-17T09:50:22.369+0800: 43.435: [CMS-concurrent-reset-start]
2026-06-17T09:50:22.369+0800: 43.435: [CMS-concurrent-reset: 0.000/0.000 secs] [Times: user=0.00 sys=0.00, real=0.00 secs] 
2026-06-17T09:50:22.403+0800: 43.468: [GC (Allocation Failure) 2026-06-17T09:50:22.404+0800: 43.469: [ParNew: 19642K->2167K(19648K), 0.0039182 secs] 50246K->37785K(63360K), 0.0049736 secs] [Times: user=0.02 sys=0.00, real=0.00 secs] 
2026-06-17T09:50:22.409+0800: 43.474: [GC (CMS Initial Mark) [1 CMS-initial-mark: 35618K(43712K)] 38732K(63360K), 0.0014071 secs] [Times: user=0.00 sys=0.00, real=0.01 secs] 
2026-06-17T09:50:22.411+0800: 43.476: [CMS-concurrent-mark-start]
2026-06-17T09:50:22.412+0800: 43.477: [CMS-concurrent-mark: 0.001/0.001 secs] [Times: user=0.01 sys=0.00, real=0.00 secs] 
2026-06-17T09:50:22.412+0800: 43.477: [CMS-concurrent-preclean-start]
2026-06-17T09:50:22.412+0800: 43.477: [CMS-concurrent-preclean: 0.000/0.000 secs] [Times: user=0.00 sys=0.00, real=0.00 secs] 
2026-06-17T09:50:22.412+0800: 43.477: [GC (CMS Final Remark) [YG occupancy: 3370 K (19648 K)]2026-06-17T09:50:22.412+0800: 43.477: [Rescan (parallel) , 0.0072351 secs]2026-06-17T09:50:22.420+0800: 43.485: [weak refs processing, 0.0004807 secs]2026-06-17T09:50:22.421+0800: 43.486: [class unloading, 0.0007499 secs]2026-06-17T09:50:22.422+0800: 43.488: [scrub symbol table, 0.0007231 secs]2026-06-17T09:50:22.423+0800: 43.489: [scrub string table, 0.0004950 secs][1 CMS-remark: 35618K(43712K)] 38988K(63360K), 0.0122600 secs] [Times: user=0.09 sys=0.00, real=0.01 secs] 
2026-06-17T09:50:22.425+0800: 43.491: [CMS-concurrent-sweep-start]
2026-06-17T09:50:22.426+0800: 43.491: [CMS-concurrent-sweep: 0.000/0.000 secs] [Times: user=0.01 sys=0.00, real=0.00 secs] 
2026-06-17T09:50:22.426+0800: 43.491: [CMS-concurrent-reset-start]
2026-06-17T09:50:22.426+0800: 43.491: [CMS-concurrent-reset: 0.000/0.000 secs] [Times: user=0.00 sys=0.00, real=0.00 secs] 
2026-06-17T09:50:22.457+0800: 43.522: [GC (Allocation Failure) 2026-06-17T09:50:22.485+0800: 43.550: [ParNew: 19602K->2168K(19648K), 0.0138539 secs] 41909K->29004K(63360K), 0.0526726 secs] [Times: user=0.09 sys=0.00, real=0.05 secs] 
2026-06-17T09:50:22.553+0800: 43.618: [GC (Allocation Failure) 2026-06-17T09:50:22.553+0800: 43.619: [ParNew: 19596K->2107K(19648K), 0.0080594 secs] 46431K->31148K(63360K), 0.0092908 secs] [Times: user=0.09 sys=0.00, real=0.01 secs] 
2026-06-17T09:50:22.605+0800: 43.670: [GC (Allocation Failure) 2026-06-17T09:50:22.606+0800: 43.671: [ParNew: 19572K->2168K(19648K), 0.0050702 secs] 48614K->38331K(63360K), 0.0062048 secs] [Times: user=0.05 sys=0.00, real=0.01 secs] 
2026-06-17T09:50:22.613+0800: 43.678: [GC (CMS Initial Mark) [1 CMS-initial-mark: 36162K(43712K)] 38750K(63360K), 0.0012242 secs] [Times: user=0.00 sys=0.00, real=0.00 secs] 
2026-06-17T09:50:22.615+0800: 43.680: [CMS-concurrent-mark-start]
2026-06-17T09:50:22.616+0800: 43.681: [CMS-concurrent-mark: 0.001/0.001 secs] [Times: user=0.00 sys=0.00, real=0.00 secs] 
2026-06-17T09:50:22.616+0800: 43.681: [CMS-concurrent-preclean-start]
2026-06-17T09:50:22.616+0800: 43.681: [CMS-concurrent-preclean: 0.000/0.000 secs] [Times: user=0.00 sys=0.00, real=0.00 secs] 
2026-06-17T09:50:22.617+0800: 43.682: [GC (CMS Final Remark) [YG occupancy: 2587 K (19648 K)]2026-06-17T09:50:22.617+0800: 43.682: [Rescan (parallel) , 0.0065323 secs]2026-06-17T09:50:22.624+0800: 43.689: [weak refs processing, 0.0005008 secs]2026-06-17T09:50:22.625+0800: 43.690: [class unloading, 0.0005247 secs]2026-06-17T09:50:22.626+0800: 43.691: [scrub symbol table, 0.0005932 secs]2026-06-17T09:50:22.627+0800: 43.692: [scrub string table, 0.0005201 secs][1 CMS-remark: 36162K(43712K)] 38750K(63360K), 0.0114287 secs] [Times: user=0.09 sys=0.00, real=0.01 secs] 
2026-06-17T09:50:22.629+0800: 43.694: [CMS-concurrent-sweep-start]
2026-06-17T09:50:22.629+0800: 43.695: [CMS-concurrent-sweep: 0.000/0.000 secs] [Times: user=0.00 sys=0.00, real=0.00 secs] 
2026-06-17T09:50:22.630+0800: 43.695: [CMS-concurrent-reset-start]
2026-06-17T09:50:22.630+0800: 43.695: [CMS-concurrent-reset: 0.000/0.000 secs] [Times: user=0.00 sys=0.00, real=0.00 secs] 
2026-06-17T09:50:22.671+0800: 43.736: [GC (Allocation Failure) 2026-06-17T09:50:22.672+0800: 43.737: [ParNew: 19631K->2090K(19648K), 0.0038173 secs] 42784K->27384K(63360K), 0.0051100 secs] [Times: user=0.03 sys=0.00, real=0.00 secs] 
2026-06-17T09:50:22.719+0800: 43.784: [GC (Allocation Failure) 2026-06-17T09:50:22.720+0800: 43.785: [ParNew: 19545K->2173K(19648K), 0.0155162 secs] 44839K->31294K(63360K), 0.0168892 secs] [Times: user=0.17 sys=0.00, real=0.02 secs] 
2026-06-17T09:50:22.780+0800: 43.845: [GC (Allocation Failure) 2026-06-17T09:50:22.780+0800: 43.845: [ParNew: 19625K->2168K(19648K), 0.0072397 secs] 48746K->35806K(63360K), 0.0084029 secs] [Times: user=0.08 sys=0.00, real=0.01 secs] 
2026-06-17T09:50:22.789+0800: 43.854: [GC (CMS Initial Mark) [1 CMS-initial-mark: 33638K(43712K)] 37215K(63360K), 0.0020843 secs] [Times: user=0.00 sys=0.00, real=0.01 secs] 
2026-06-17T09:50:22.792+0800: 43.857: [CMS-concurrent-mark-start]
2026-06-17T09:50:22.793+0800: 43.858: [CMS-concurrent-mark: 0.001/0.001 secs] [Times: user=0.00 sys=0.00, real=0.00 secs] 
2026-06-17T09:50:22.793+0800: 43.858: [CMS-concurrent-preclean-start]
2026-06-17T09:50:22.793+0800: 43.858: [CMS-concurrent-preclean: 0.000/0.000 secs] [Times: user=0.00 sys=0.00, real=0.00 secs] 
2026-06-17T09:50:22.794+0800: 43.859: [GC (CMS Final Remark) [YG occupancy: 3577 K (19648 K)]2026-06-17T09:50:22.795+0800: 43.860: [Rescan (parallel) , 0.0084774 secs]2026-06-17T09:50:22.804+0800: 43.869: [weak refs processing, 0.0006986 secs]2026-06-17T09:50:22.805+0800: 43.870: [class unloading, 0.0009074 secs]2026-06-17T09:50:22.806+0800: 43.872: [scrub symbol table, 0.0006433 secs]2026-06-17T09:50:22.807+0800: 43.872: [scrub string table, 0.0004132 secs][1 CMS-remark: 33638K(43712K)] 37215K(63360K), 0.0140726 secs] [Times: user=0.10 sys=0.00, real=0.01 secs] 
2026-06-17T09:50:22.809+0800: 43.874: [CMS-concurrent-sweep-start]
2026-06-17T09:50:22.809+0800: 43.875: [CMS-concurrent-sweep: 0.000/0.000 secs] [Times: user=0.00 sys=0.00, real=0.00 secs] 
2026-06-17T09:50:22.810+0800: 43.875: [CMS-concurrent-reset-start]
2026-06-17T09:50:22.810+0800: 43.875: [CMS-concurrent-reset: 0.000/0.000 secs] [Times: user=0.00 sys=0.00, real=0.00 secs] 
2026-06-17T09:50:22.841+0800: 43.906: [GC (Allocation Failure) 2026-06-17T09:50:22.842+0800: 43.907: [ParNew: 19508K->2158K(19648K), 0.0035987 secs] 50416K->35193K(63360K), 0.0048355 secs] [Times: user=0.04 sys=0.00, real=0.01 secs] 
2026-06-17T09:50:22.899+0800: 43.964: [GC (Allocation Failure) 2026-06-17T09:50:22.900+0800: 43.965: [ParNew: 19624K->2153K(19648K), 0.0117180 secs] 52660K->38962K(63360K), 0.0125617 secs] [Times: user=0.07 sys=0.00, real=0.02 secs] 
2026-06-17T09:50:22.912+0800: 43.978: [GC (CMS Initial Mark) [1 CMS-initial-mark: 36808K(43712K)] 41293K(63360K), 0.0010344 secs] [Times: user=0.01 sys=0.00, real=0.00 secs] 
2026-06-17T09:50:22.914+0800: 43.979: [CMS-concurrent-mark-start]
2026-06-17T09:50:22.915+0800: 43.981: [CMS-concurrent-mark: 0.002/0.002 secs] [Times: user=0.00 sys=0.00, real=0.00 secs] 
2026-06-17T09:50:22.916+0800: 43.981: [CMS-concurrent-preclean-start]
2026-06-17T09:50:22.916+0800: 43.981: [CMS-concurrent-preclean: 0.000/0.000 secs] [Times: user=0.00 sys=0.00, real=0.00 secs] 
2026-06-17T09:50:22.916+0800: 43.981: [CMS-concurrent-abortable-preclean-start]
2026-06-17T09:50:22.956+0800: 44.021: [GC (Allocation Failure) 2026-06-17T09:50:22.956+0800: 44.021: [ParNew: 19606K->2168K(19648K), 0.0171415 secs] 56414K->42567K(63360K), 0.0181062 secs] [Times: user=0.17 sys=0.00, real=0.02 secs] 
2026-06-17T09:50:23.017+0800: 44.082: [GC (Allocation Failure) 2026-06-17T09:50:23.017+0800: 44.082: [ParNew: 19631K->19631K(19648K), 0.0005867 secs]2026-06-17T09:50:23.018+0800: 44.084: [CMS2026-06-17T09:50:23.019+0800: 44.084: [CMS-concurrent-abortable-preclean: 0.000/0.103 secs] [Times: user=0.17 sys=0.00, real=0.10 secs] 
 (concurrent mode failure): 40398K->24260K(43712K), 0.0039809 secs] 60030K->24260K(63360K), [Metaspace: 2710K->2710K(1056768K)], 0.0065039 secs] [Times: user=0.00 sys=0.00, real=0.01 secs] 
2026-06-17T09:50:23.076+0800: 44.141: [GC (Allocation Failure) 2026-06-17T09:50:23.077+0800: 44.142: [ParNew: 17472K->2175K(19648K), 0.0118395 secs] 41732K->27986K(63360K), 0.0148241 secs] [Times: user=0.14 sys=0.00, real=0.02 secs] 
2026-06-17T09:50:23.123+0800: 44.189: [GC (Allocation Failure) 2026-06-17T09:50:23.124+0800: 44.189: [ParNew: 19619K->2058K(19648K), 0.0073726 secs] 45430K->31004K(63360K), 0.0084429 secs] [Times: user=0.07 sys=0.00, real=0.01 secs] 
2026-06-17T09:50:23.185+0800: 44.250: [GC (Allocation Failure) 2026-06-17T09:50:23.185+0800: 44.250: [ParNew: 19485K->2161K(19648K), 0.0056820 secs] 48431K->34909K(63360K), 0.0068882 secs] [Times: user=0.06 sys=0.00, real=0.01 secs] 
2026-06-17T09:50:23.234+0800: 44.299: [GC (Allocation Failure) 2026-06-17T09:50:23.235+0800: 44.300: [ParNew: 19578K->2173K(19648K), 0.0041760 secs] 52326K->38585K(63360K), 0.0052402 secs] [Times: user=0.03 sys=0.00, real=0.00 secs] 
2026-06-17T09:50:23.241+0800: 44.306: [GC (CMS Initial Mark) [1 CMS-initial-mark: 36412K(43712K)] 40374K(63360K), 0.0017410 secs] [Times: user=0.00 sys=0.00, real=0.01 secs] 
2026-06-17T09:50:23.244+0800: 44.309: [CMS-concurrent-mark-start]
2026-06-17T09:50:23.244+0800: 44.310: [CMS-concurrent-mark: 0.000/0.000 secs] [Times: user=0.01 sys=0.00, real=0.00 secs] 
2026-06-17T09:50:23.245+0800: 44.310: [CMS-concurrent-preclean-start]
2026-06-17T09:50:23.245+0800: 44.310: [CMS-concurrent-preclean: 0.000/0.000 secs] [Times: user=0.00 sys=0.00, real=0.00 secs] 
2026-06-17T09:50:23.245+0800: 44.311: [CMS-concurrent-abortable-preclean-start]
2026-06-17T09:50:23.286+0800: 44.351: [GC (Allocation Failure) 2026-06-17T09:50:23.287+0800: 44.352: [ParNew: 19634K->2171K(19648K), 0.0114070 secs] 56047K->43305K(63360K), 0.0128063 secs] [Times: user=0.14 sys=0.00, real=0.01 secs] 
2026-06-17T09:50:23.300+0800: 44.365: [CMS-concurrent-abortable-preclean: 0.000/0.054 secs] [Times: user=0.14 sys=0.00, real=0.05 secs] 
2026-06-17T09:50:23.301+0800: 44.366: [GC (CMS Final Remark) [YG occupancy: 4336 K (19648 K)]2026-06-17T09:50:23.301+0800: 44.366: [Rescan (parallel) , 0.0035986 secs]2026-06-17T09:50:23.305+0800: 44.370: [weak refs processing, 0.0031048 secs]2026-06-17T09:50:23.311+0800: 44.376: [class unloading, 0.0011722 secs]2026-06-17T09:50:23.315+0800: 44.380: [scrub symbol table, 0.0011833 secs]2026-06-17T09:50:23.319+0800: 44.384: [scrub string table, 0.0006963 secs][1 CMS-remark: 41133K(43712K)] 45470K(63360K), 0.0196024 secs] [Times: user=0.03 sys=0.00, real=0.02 secs] 
2026-06-17T09:50:23.322+0800: 44.387: [CMS-concurrent-sweep-start]
2026-06-17T09:50:23.322+0800: 44.387: [CMS-concurrent-sweep: 0.000/0.000 secs] [Times: user=0.00 sys=0.00, real=0.00 secs] 
2026-06-17T09:50:23.322+0800: 44.387: [CMS-concurrent-reset-start]
2026-06-17T09:50:23.322+0800: 44.387: [CMS-concurrent-reset: 0.000/0.000 secs] [Times: user=0.00 sys=0.00, real=0.00 secs] 
2026-06-17T09:50:23.363+0800: 44.429: [GC (Allocation Failure) 2026-06-17T09:50:23.364+0800: 44.429: [ParNew: 19635K->1930K(19648K), 0.0098738 secs] 41953K->25753K(63360K), 0.0111832 secs] [Times: user=0.11 sys=0.00, real=0.01 secs] 
2026-06-17T09:50:23.408+0800: 44.473: [GC (Allocation Failure) 2026-06-17T09:50:23.408+0800: 44.473: [ParNew: 19214K->2169K(19648K), 0.0029225 secs] 43037K->28788K(63360K), 0.0038441 secs] [Times: user=0.03 sys=0.00, real=0.01 secs] 
2026-06-17T09:50:23.454+0800: 44.519: [GC (Allocation Failure) 2026-06-17T09:50:23.455+0800: 44.520: [ParNew: 19590K->2170K(19648K), 0.0038930 secs] 46209K->35355K(63360K), 0.0051608 secs] [Times: user=0.02 sys=0.01, real=0.00 secs] 
2026-06-17T09:50:23.460+0800: 44.526: [GC (CMS Initial Mark) [1 CMS-initial-mark: 33184K(43712K)] 36179K(63360K), 0.0011760 secs] [Times: user=0.00 sys=0.00, real=0.00 secs] 
2026-06-17T09:50:23.462+0800: 44.527: [CMS-concurrent-mark-start]
2026-06-17T09:50:23.463+0800: 44.528: [CMS-concurrent-mark: 0.001/0.001 secs] [Times: user=0.00 sys=0.00, real=0.01 secs] 
2026-06-17T09:50:23.463+0800: 44.528: [CMS-concurrent-preclean-start]
2026-06-17T09:50:23.463+0800: 44.528: [CMS-concurrent-preclean: 0.000/0.000 secs] [Times: user=0.00 sys=0.00, real=0.00 secs] 
2026-06-17T09:50:23.463+0800: 44.528: [GC (CMS Final Remark) [YG occupancy: 2994 K (19648 K)]2026-06-17T09:50:23.463+0800: 44.529: [Rescan (parallel) , 0.0039204 secs]2026-06-17T09:50:23.468+0800: 44.533: [weak refs processing, 0.0004897 secs]2026-06-17T09:50:23.469+0800: 44.534: [class unloading, 0.0006135 secs]2026-06-17T09:50:23.470+0800: 44.535: [scrub symbol table, 0.0005641 secs]2026-06-17T09:50:23.471+0800: 44.536: [scrub string table, 0.0004215 secs][1 CMS-remark: 33184K(43712K)] 36179K(63360K), 0.0083922 secs] [Times: user=0.04 sys=0.00, real=0.01 secs] 
2026-06-17T09:50:23.473+0800: 44.538: [CMS-concurrent-sweep-start]
2026-06-17T09:50:23.473+0800: 44.538: [CMS-concurrent-sweep: 0.000/0.000 secs] [Times: user=0.00 sys=0.00, real=0.00 secs] 
2026-06-17T09:50:23.473+0800: 44.538: [CMS-concurrent-reset-start]
2026-06-17T09:50:23.473+0800: 44.538: [CMS-concurrent-reset: 0.000/0.000 secs] [Times: user=0.00 sys=0.00, real=0.00 secs] 
2026-06-17T09:50:23.515+0800: 44.580: [GC (Allocation Failure) 2026-06-17T09:50:23.515+0800: 44.580: [ParNew: 19607K->2021K(19648K), 0.0131491 secs] 41714K->26727K(63360K), 0.0146528 secs] [Times: user=0.08 sys=0.00, real=0.01 secs] 
2026-06-17T09:50:23.571+0800: 44.636: [GC (Allocation Failure) 2026-06-17T09:50:23.572+0800: 44.637: [ParNew: 19457K->2159K(19648K), 0.0109244 secs] 44162K->30611K(63360K), 0.0116625 secs] [Times: user=0.09 sys=0.00, real=0.01 secs] 
2026-06-17T09:50:23.625+0800: 44.691: [GC (Allocation Failure) 2026-06-17T09:50:23.626+0800: 44.691: [ParNew: 19616K->2173K(19648K), 0.0064424 secs] 48067K->34479K(63360K), 0.0076365 secs] [Times: user=0.06 sys=0.00, real=0.01 secs] 
2026-06-17T09:50:23.635+0800: 44.700: [GC (CMS Initial Mark) [1 CMS-initial-mark: 32305K(43712K)] 34895K(63360K), 0.0014735 secs] [Times: user=0.00 sys=0.00, real=0.00 secs] 
2026-06-17T09:50:23.637+0800: 44.702: [CMS-concurrent-mark-start]
2026-06-17T09:50:23.637+0800: 44.702: [CMS-concurrent-mark: 0.001/0.001 secs] [Times: user=0.01 sys=0.00, real=0.00 secs] 
2026-06-17T09:50:23.638+0800: 44.703: [CMS-concurrent-preclean-start]
2026-06-17T09:50:23.638+0800: 44.703: [CMS-concurrent-preclean: 0.000/0.000 secs] [Times: user=0.00 sys=0.00, real=0.00 secs] 
2026-06-17T09:50:23.638+0800: 44.703: [GC (CMS Final Remark) [YG occupancy: 2589 K (19648 K)]2026-06-17T09:50:23.638+0800: 44.703: [Rescan (parallel) , 0.0074919 secs]2026-06-17T09:50:23.646+0800: 44.711: [weak refs processing, 0.0006590 secs]2026-06-17T09:50:23.648+0800: 44.713: [class unloading, 0.0007167 secs]2026-06-17T09:50:23.649+0800: 44.714: [scrub symbol table, 0.0004143 secs]2026-06-17T09:50:23.649+0800: 44.715: [scrub string table, 0.0002855 secs][1 CMS-remark: 32305K(43712K)] 34895K(63360K), 0.0120830 secs] [Times: user=0.07 sys=0.00, real=0.01 secs] 
2026-06-17T09:50:23.651+0800: 44.716: [CMS-concurrent-sweep-start]
2026-06-17T09:50:23.651+0800: 44.716: [CMS-concurrent-sweep: 0.000/0.000 secs] [Times: user=0.00 sys=0.00, real=0.00 secs] 
2026-06-17T09:50:23.651+0800: 44.716: [CMS-concurrent-reset-start]
2026-06-17T09:50:23.651+0800: 44.716: [CMS-concurrent-reset: 0.000/0.000 secs] [Times: user=0.00 sys=0.00, real=0.00 secs] 
2026-06-17T09:50:23.682+0800: 44.747: [GC (Allocation Failure) 2026-06-17T09:50:23.683+0800: 44.748: [ParNew: 19645K->2170K(19648K), 0.0085577 secs] 39663K->27698K(63360K), 0.0098852 secs] [Times: user=0.10 sys=0.00, real=0.02 secs] 
2026-06-17T09:50:23.735+0800: 44.801: [GC (Allocation Failure) 2026-06-17T09:50:23.736+0800: 44.801: [ParNew: 19642K->2169K(19648K), 0.0084669 secs] 45170K->33983K(63360K), 0.0096095 secs] [Times: user=0.09 sys=0.00, real=0.01 secs] 
2026-06-17T09:50:23.746+0800: 44.811: [GC (CMS Initial Mark) [1 CMS-initial-mark: 31814K(43712K)] 34737K(63360K), 0.0015718 secs] [Times: user=0.00 sys=0.00, real=0.00 secs] 
2026-06-17T09:50:23.748+0800: 44.813: [CMS-concurrent-mark-start]
2026-06-17T09:50:23.749+0800: 44.814: [CMS-concurrent-mark: 0.001/0.001 secs] [Times: user=0.00 sys=0.00, real=0.00 secs] 
2026-06-17T09:50:23.749+0800: 44.814: [CMS-concurrent-preclean-start]
2026-06-17T09:50:23.749+0800: 44.814: [CMS-concurrent-preclean: 0.000/0.000 secs] [Times: user=0.00 sys=0.00, real=0.00 secs] 
2026-06-17T09:50:23.750+0800: 44.815: [GC (CMS Final Remark) [YG occupancy: 2923 K (19648 K)]2026-06-17T09:50:23.750+0800: 44.815: [Rescan (parallel) , 0.0036888 secs]2026-06-17T09:50:23.754+0800: 44.819: [weak refs processing, 0.0002738 secs]2026-06-17T09:50:23.755+0800: 44.820: [class unloading, 0.0003400 secs]2026-06-17T09:50:23.755+0800: 44.820: [scrub symbol table, 0.0003626 secs]2026-06-17T09:50:23.756+0800: 44.821: [scrub string table, 0.0002665 secs][1 CMS-remark: 31814K(43712K)] 34737K(63360K), 0.0065637 secs] [Times: user=0.03 sys=0.00, real=0.01 secs] 
2026-06-17T09:50:23.757+0800: 44.822: [CMS-concurrent-sweep-start]
2026-06-17T09:50:23.757+0800: 44.822: [CMS-concurrent-sweep: 0.000/0.000 secs] [Times: user=0.00 sys=0.00, real=0.00 secs] 
2026-06-17T09:50:23.757+0800: 44.822: [CMS-concurrent-reset-start]
2026-06-17T09:50:23.757+0800: 44.822: [CMS-concurrent-reset: 0.000/0.000 secs] [Times: user=0.00 sys=0.00, real=0.00 secs] 
2026-06-17T09:50:23.789+0800: 44.854: [GC (Allocation Failure) 2026-06-17T09:50:23.789+0800: 44.854: [ParNew: 19622K->2168K(19648K), 0.0109522 secs] 46323K->33647K(63360K), 0.0120477 secs] [Times: user=0.13 sys=0.00, real=0.01 secs] 
2026-06-17T09:50:23.802+0800: 44.867: [GC (CMS Initial Mark) [1 CMS-initial-mark: 31479K(43712K)] 34082K(63360K), 0.0011163 secs] [Times: user=0.00 sys=0.00, real=0.01 secs] 
2026-06-17T09:50:23.803+0800: 44.868: [CMS-concurrent-mark-start]
2026-06-17T09:50:23.804+0800: 44.869: [CMS-concurrent-mark: 0.001/0.001 secs] [Times: user=0.00 sys=0.00, real=0.00 secs] 
2026-06-17T09:50:23.804+0800: 44.869: [CMS-concurrent-preclean-start]
2026-06-17T09:50:23.804+0800: 44.869: [CMS-concurrent-preclean: 0.000/0.000 secs] [Times: user=0.00 sys=0.00, real=0.00 secs] 
2026-06-17T09:50:23.804+0800: 44.869: [GC (CMS Final Remark) [YG occupancy: 2603 K (19648 K)]2026-06-17T09:50:23.805+0800: 44.870: [Rescan (parallel) , 0.0022032 secs]2026-06-17T09:50:23.807+0800: 44.872: [weak refs processing, 0.0003522 secs]2026-06-17T09:50:23.808+0800: 44.873: [class unloading, 0.0003335 secs]2026-06-17T09:50:23.808+0800: 44.873: [scrub symbol table, 0.0003722 secs]2026-06-17T09:50:23.809+0800: 44.874: [scrub string table, 0.0002849 secs][1 CMS-remark: 31479K(43712K)] 34082K(63360K), 0.0051328 secs] [Times: user=0.01 sys=0.00, real=0.00 secs] 
2026-06-17T09:50:23.810+0800: 44.875: [CMS-concurrent-sweep-start]
2026-06-17T09:50:23.810+0800: 44.875: [CMS-concurrent-sweep: 0.000/0.000 secs] [Times: user=0.00 sys=0.00, real=0.00 secs] 
2026-06-17T09:50:23.810+0800: 44.875: [CMS-concurrent-reset-start]
2026-06-17T09:50:23.810+0800: 44.876: [CMS-concurrent-reset: 0.000/0.000 secs] [Times: user=0.00 sys=0.00, real=0.00 secs] 
2026-06-17T09:50:23.844+0800: 44.909: [GC (Allocation Failure) 2026-06-17T09:50:23.844+0800: 44.909: [ParNew: 19600K->1973K(19648K), 0.0074211 secs] 48855K->33313K(63360K), 0.0086029 secs] [Times: user=0.07 sys=0.00, real=0.01 secs] 
2026-06-17T09:50:23.896+0800: 44.961: [GC (Allocation Failure) 2026-06-17T09:50:23.896+0800: 44.961: [ParNew: 19437K->2175K(19648K), 0.0118871 secs] 50778K->40543K(63360K), 0.0130043 secs] [Times: user=0.10 sys=0.01, real=0.01 secs] 
2026-06-17T09:50:23.909+0800: 44.974: [GC (CMS Initial Mark) [1 CMS-initial-mark: 38367K(43712K)] 41197K(63360K), 0.0012691 secs] [Times: user=0.00 sys=0.00, real=0.01 secs] 
2026-06-17T09:50:23.911+0800: 44.976: [CMS-concurrent-mark-start]
2026-06-17T09:50:23.914+0800: 44.979: [CMS-concurrent-mark: 0.002/0.002 secs] [Times: user=0.00 sys=0.00, real=0.00 secs] 
2026-06-17T09:50:23.914+0800: 44.979: [CMS-concurrent-preclean-start]
2026-06-17T09:50:23.914+0800: 44.979: [CMS-concurrent-preclean: 0.000/0.000 secs] [Times: user=0.00 sys=0.00, real=0.00 secs] 
2026-06-17T09:50:23.914+0800: 44.979: [GC (CMS Final Remark) [YG occupancy: 2829 K (19648 K)]2026-06-17T09:50:23.914+0800: 44.979: [Rescan (parallel) , 0.0137281 secs]2026-06-17T09:50:23.928+0800: 44.994: [weak refs processing, 0.0008412 secs]2026-06-17T09:50:23.930+0800: 44.995: [class unloading, 0.0008402 secs]2026-06-17T09:50:23.932+0800: 44.997: [scrub symbol table, 0.0008234 secs]2026-06-17T09:50:23.933+0800: 44.998: [scrub string table, 0.0005639 secs][1 CMS-remark: 38367K(43712K)] 41197K(63360K), 0.0203170 secs] [Times: user=0.15 sys=0.00, real=0.02 secs] 
2026-06-17T09:50:23.935+0800: 45.001: [CMS-concurrent-sweep-start]
2026-06-17T09:50:23.936+0800: 45.001: [CMS-concurrent-sweep: 0.000/0.000 secs] [Times: user=0.00 sys=0.00, real=0.00 secs] 
2026-06-17T09:50:23.936+0800: 45.001: [CMS-concurrent-reset-start]
2026-06-17T09:50:23.936+0800: 45.001: [CMS-concurrent-reset: 0.000/0.000 secs] [Times: user=0.00 sys=0.00, real=0.00 secs] 
2026-06-17T09:50:23.978+0800: 45.043: [GC (Allocation Failure) 2026-06-17T09:50:23.979+0800: 45.044: [ParNew: 19647K->2084K(19648K), 0.0070153 secs] 47261K->31980K(63360K), 0.0089261 secs] [Times: user=0.05 sys=0.00, real=0.01 secs] 
2026-06-17T09:50:24.032+0800: 45.097: [GC (Allocation Failure) 2026-06-17T09:50:24.032+0800: 45.098: [ParNew: 19513K->2170K(19648K), 0.0088652 secs] 49409K->35516K(63360K), 0.0105865 secs] [Times: user=0.08 sys=0.00, real=0.01 secs] 
2026-06-17T09:50:24.044+0800: 45.109: [GC (CMS Initial Mark) [1 CMS-initial-mark: 33346K(43712K)] 37981K(63360K), 0.0018178 secs] [Times: user=0.00 sys=0.00, real=0.00 secs] 
2026-06-17T09:50:24.047+0800: 45.112: [CMS-concurrent-mark-start]
2026-06-17T09:50:24.048+0800: 45.113: [CMS-concurrent-mark: 0.001/0.001 secs] [Times: user=0.00 sys=0.00, real=0.00 secs] 
2026-06-17T09:50:24.048+0800: 45.114: [CMS-concurrent-preclean-start]
2026-06-17T09:50:24.049+0800: 45.114: [CMS-concurrent-preclean: 0.000/0.000 secs] [Times: user=0.00 sys=0.00, real=0.00 secs] 
2026-06-17T09:50:24.049+0800: 45.114: [CMS-concurrent-abortable-preclean-start]
2026-06-17T09:50:24.090+0800: 45.155: [GC (Allocation Failure) 2026-06-17T09:50:24.091+0800: 45.156: [ParNew: 19619K->2173K(19648K), 0.0100980 secs] 52965K->39624K(63360K), 0.0119542 secs] [Times: user=0.11 sys=0.00, real=0.02 secs] 
2026-06-17T09:50:24.148+0800: 45.213: [GC (Allocation Failure) 2026-06-17T09:50:24.149+0800: 45.214: [ParNew: 19645K->2172K(19648K), 0.0054266 secs] 57096K->44286K(63360K), 0.0070119 secs] [Times: user=0.03 sys=0.00, real=0.01 secs] 
2026-06-17T09:50:24.156+0800: 45.222: [CMS-concurrent-abortable-preclean: 0.000/0.108 secs] [Times: user=0.15 sys=0.00, real=0.11 secs] 
2026-06-17T09:50:24.157+0800: 45.222: [GC (CMS Final Remark) [YG occupancy: 5368 K (19648 K)]2026-06-17T09:50:24.158+0800: 45.223: [Rescan (parallel) , 0.0092714 secs]2026-06-17T09:50:24.168+0800: 45.233: [weak refs processing, 0.0008058 secs]2026-06-17T09:50:24.169+0800: 45.234: [class unloading, 0.0007123 secs]2026-06-17T09:50:24.171+0800: 45.236: [scrub symbol table, 0.0007909 secs]2026-06-17T09:50:24.172+0800: 45.237: [scrub string table, 0.0007160 secs][1 CMS-remark: 42113K(43712K)] 47482K(63360K), 0.0161729 secs] [Times: user=0.09 sys=0.00, real=0.02 secs] 
2026-06-17T09:50:24.175+0800: 45.240: [CMS-concurrent-sweep-start]
2026-06-17T09:50:24.175+0800: 45.240: [CMS-concurrent-sweep: 0.000/0.000 secs] [Times: user=0.00 sys=0.00, real=0.00 secs] 
2026-06-17T09:50:24.176+0800: 45.241: [CMS-concurrent-reset-start]
2026-06-17T09:50:24.176+0800: 45.241: [CMS-concurrent-reset: 0.000/0.000 secs] [Times: user=0.00 sys=0.00, real=0.00 secs] 
2026-06-17T09:50:24.207+0800: 45.272: [GC (Allocation Failure) 2026-06-17T09:50:24.208+0800: 45.273: [ParNew (promotion failed): 19603K->19599K(19648K), 0.0084554 secs]2026-06-17T09:50:24.217+0800: 45.282: [CMS: 30198K->33726K(43712K), 0.0050484 secs] 49802K->33726K(63360K), [Metaspace: 2710K->2710K(1056768K)], 0.0160193 secs] [Times: user=0.07 sys=0.01, real=0.02 secs] 
2026-06-17T09:50:24.224+0800: 45.290: [GC (CMS Initial Mark) [1 CMS-initial-mark: 33726K(43712K)] 35786K(63360K), 0.0018594 secs] [Times: user=0.00 sys=0.00, real=0.00 secs] 
2026-06-17T09:50:24.227+0800: 45.292: [CMS-concurrent-mark-start]
2026-06-17T09:50:24.228+0800: 45.293: [CMS-concurrent-mark: 0.001/0.001 secs] [Times: user=0.00 sys=0.00, real=0.00 secs] 
2026-06-17T09:50:24.228+0800: 45.293: [CMS-concurrent-preclean-start]
2026-06-17T09:50:24.228+0800: 45.294: [CMS-concurrent-preclean: 0.000/0.000 secs] [Times: user=0.00 sys=0.00, real=0.00 secs] 
2026-06-17T09:50:24.229+0800: 45.294: [CMS-concurrent-abortable-preclean-start]
2026-06-17T09:50:24.267+0800: 45.332: [GC (Allocation Failure) 2026-06-17T09:50:24.267+0800: 45.333: [ParNew: 17423K->2170K(19648K), 0.0134951 secs] 51150K->40790K(63360K), 0.0150659 secs] [Times: user=0.09 sys=0.00, real=0.02 secs] 
2026-06-17T09:50:24.326+0800: 45.391: [GC (Allocation Failure) 2026-06-17T09:50:24.327+0800: 45.392: [ParNew: 19595K->19595K(19648K), 0.0009802 secs]2026-06-17T09:50:24.329+0800: 45.394: [CMS2026-06-17T09:50:24.330+0800: 45.395: [CMS-concurrent-abortable-preclean: 0.000/0.101 secs] [Times: user=0.09 sys=0.00, real=0.10 secs] 
 (concurrent mode failure): 38620K->27130K(43712K), 0.0074596 secs] 58215K->27130K(63360K), [Metaspace: 2710K->2710K(1056768K)], 0.0110249 secs] [Times: user=0.01 sys=0.00, real=0.01 secs] 
2026-06-17T09:50:24.382+0800: 45.447: [GC (Allocation Failure) 2026-06-17T09:50:24.382+0800: 45.448: [ParNew: 16967K->2128K(19648K), 0.0272831 secs] 44098K->29584K(63360K), 0.0287630 secs] [Times: user=0.19 sys=0.00, real=0.04 secs] 
2026-06-17T09:50:24.464+0800: 45.530: [GC (Allocation Failure) 2026-06-17T09:50:24.466+0800: 45.531: [ParNew: 19547K->2148K(19648K), 0.0116146 secs] 47003K->33559K(63360K), 0.0136251 secs] [Times: user=0.11 sys=0.00, real=0.01 secs] 
2026-06-17T09:50:24.523+0800: 45.588: [GC (Allocation Failure) 2026-06-17T09:50:24.524+0800: 45.590: [ParNew: 19604K->2158K(19648K), 0.0091452 secs] 51015K->37090K(63360K), 0.0113194 secs] [Times: user=0.09 sys=0.00, real=0.01 secs] 
2026-06-17T09:50:24.537+0800: 45.602: [GC (CMS Initial Mark) [1 CMS-initial-mark: 34931K(43712K)] 39508K(63360K), 0.0041168 secs] [Times: user=0.00 sys=0.01, real=0.00 secs] 
2026-06-17T09:50:24.543+0800: 45.608: [CMS-concurrent-mark-start]
2026-06-17T09:50:24.544+0800: 45.609: [CMS-concurrent-mark: 0.001/0.001 secs] [Times: user=0.00 sys=0.00, real=0.00 secs] 
2026-06-17T09:50:24.544+0800: 45.610: [CMS-concurrent-preclean-start]
2026-06-17T09:50:24.545+0800: 45.610: [CMS-concurrent-preclean: 0.000/0.000 secs] [Times: user=0.00 sys=0.00, real=0.00 secs] 
2026-06-17T09:50:24.545+0800: 45.610: [CMS-concurrent-abortable-preclean-start]
2026-06-17T09:50:24.587+0800: 45.652: [GC (Allocation Failure) 2026-06-17T09:50:24.588+0800: 45.653: [ParNew: 19628K->2173K(19648K), 0.0071196 secs] 54559K->40682K(63360K), 0.0093715 secs] [Times: user=0.03 sys=0.00, real=0.01 secs] 
2026-06-17T09:50:24.642+0800: 45.707: [GC (Allocation Failure) 2026-06-17T09:50:24.642+0800: 45.707: [ParNew: 19503K->2143K(19648K), 0.0159575 secs] 58012K->41966K(63360K), 0.0177015 secs] [Times: user=0.10 sys=0.00, real=0.02 secs] 
2026-06-17T09:50:24.707+0800: 45.772: [GC (Allocation Failure) 2026-06-17T09:50:24.708+0800: 45.773: [ParNew: 19581K->19581K(19648K), 0.0006764 secs]2026-06-17T09:50:24.710+0800: 45.775: [CMS2026-06-17T09:50:24.710+0800: 45.775: [CMS-concurrent-abortable-preclean: 0.000/0.165 secs] [Times: user=0.14 sys=0.00, real=0.16 secs] 
 (concurrent mode failure): 39823K->23221K(43712K), 0.0049362 secs] 59404K->23221K(63360K), [Metaspace: 2710K->2710K(1056768K)], 0.0078028 secs] [Times: user=0.01 sys=0.00, real=0.01 secs] 
2026-06-17T09:50:24.769+0800: 45.834: [GC (Allocation Failure) 2026-06-17T09:50:24.770+0800: 45.835: [ParNew: 17472K->2144K(19648K), 0.0175842 secs] 40693K->26680K(63360K), 0.0219627 secs] [Times: user=0.13 sys=0.00, real=0.03 secs] 
2026-06-17T09:50:24.834+0800: 45.899: [GC (Allocation Failure) 2026-06-17T09:50:24.835+0800: 45.900: [ParNew: 19593K->2158K(19648K), 0.0084163 secs] 44128K->30100K(63360K), 0.0095790 secs] [Times: user=0.08 sys=0.01, real=0.01 secs] 
2026-06-17T09:50:24.888+0800: 45.953: [GC (Allocation Failure) 2026-06-17T09:50:24.889+0800: 45.954: [ParNew: 19579K->2175K(19648K), 0.0089139 secs] 47521K->33356K(63360K), 0.0105076 secs] [Times: user=0.10 sys=0.00, real=0.01 secs] 
2026-06-17T09:50:24.943+0800: 46.008: [GC (Allocation Failure) 2026-06-17T09:50:24.943+0800: 46.009: [ParNew: 19647K->2172K(19648K), 0.0165752 secs] 50828K->37045K(63360K), 0.0186042 secs] [Times: user=0.14 sys=0.00, real=0.02 secs] 
2026-06-17T09:50:24.967+0800: 46.032: [GC (CMS Initial Mark) [1 CMS-initial-mark: 34873K(43712K)] 37749K(63360K), 0.0042252 secs] [Times: user=0.00 sys=0.00, real=0.01 secs] 
2026-06-17T09:50:24.972+0800: 46.037: [CMS-concurrent-mark-start]
2026-06-17T09:50:24.972+0800: 46.037: [CMS-concurrent-mark: 0.000/0.000 secs] [Times: user=0.00 sys=0.01, real=0.00 secs] 
2026-06-17T09:50:24.973+0800: 46.038: [CMS-concurrent-preclean-start]
2026-06-17T09:50:24.973+0800: 46.038: [CMS-concurrent-preclean: 0.000/0.000 secs] [Times: user=0.00 sys=0.00, real=0.00 secs] 
2026-06-17T09:50:24.973+0800: 46.038: [CMS-concurrent-abortable-preclean-start]
2026-06-17T09:50:25.015+0800: 46.080: [GC (Allocation Failure) 2026-06-17T09:50:25.016+0800: 46.081: [ParNew: 19631K->2173K(19648K), 0.0085059 secs] 54505K->41985K(63360K), 0.0099592 secs] [Times: user=0.09 sys=0.00, real=0.01 secs] 
2026-06-17T09:50:25.068+0800: 46.134: [GC (Allocation Failure) 2026-06-17T09:50:25.069+0800: 46.134: [ParNew: 19619K->19619K(19648K), 0.0003945 secs]2026-06-17T09:50:25.070+0800: 46.135: [CMS2026-06-17T09:50:25.070+0800: 46.135: [CMS-concurrent-abortable-preclean: 0.000/0.097 secs] [Times: user=0.09 sys=0.00, real=0.09 secs] 
 (concurrent mode failure): 39812K->31159K(43712K), 0.0037673 secs] 59431K->31159K(63360K), [Metaspace: 2710K->2710K(1056768K)], 0.0054662 secs] [Times: user=0.00 sys=0.00, real=0.01 secs] 
2026-06-17T09:50:25.117+0800: 46.182: [GC (Allocation Failure) 2026-06-17T09:50:25.117+0800: 46.182: [ParNew: 17419K->2066K(19648K), 0.0121903 secs] 48579K->33967K(63360K), 0.0129049 secs] [Times: user=0.08 sys=0.00, real=0.01 secs] 
2026-06-17T09:50:25.173+0800: 46.238: [GC (Allocation Failure) 2026-06-17T09:50:25.174+0800: 46.239: [ParNew: 19538K->2173K(19648K), 0.0082108 secs] 51439K->41080K(63360K), 0.0099051 secs] [Times: user=0.07 sys=0.00, real=0.01 secs] 
2026-06-17T09:50:25.185+0800: 46.250: [GC (CMS Initial Mark) [1 CMS-initial-mark: 38907K(43712K)] 42181K(63360K), 0.0024995 secs] [Times: user=0.00 sys=0.01, real=0.00 secs] 
2026-06-17T09:50:25.188+0800: 46.253: [CMS-concurrent-mark-start]
2026-06-17T09:50:25.189+0800: 46.254: [CMS-concurrent-mark: 0.001/0.001 secs] [Times: user=0.00 sys=0.00, real=0.00 secs] 
2026-06-17T09:50:25.189+0800: 46.254: [CMS-concurrent-preclean-start]
2026-06-17T09:50:25.189+0800: 46.254: [CMS-concurrent-preclean: 0.000/0.000 secs] [Times: user=0.00 sys=0.00, real=0.00 secs] 
2026-06-17T09:50:25.190+0800: 46.255: [GC (CMS Final Remark) [YG occupancy: 4217 K (19648 K)]2026-06-17T09:50:25.190+0800: 46.255: [Rescan (parallel) , 0.0129147 secs]2026-06-17T09:50:25.204+0800: 46.269: [weak refs processing, 0.0006425 secs]2026-06-17T09:50:25.205+0800: 46.270: [class unloading, 0.0007230 secs]2026-06-17T09:50:25.206+0800: 46.271: [scrub symbol table, 0.0008734 secs]2026-06-17T09:50:25.208+0800: 46.273: [scrub string table, 0.0005856 secs][1 CMS-remark: 38907K(43712K)] 43124K(63360K), 0.0190483 secs] [Times: user=0.13 sys=0.00, real=0.02 secs] 
2026-06-17T09:50:25.210+0800: 46.275: [CMS-concurrent-sweep-start]
2026-06-17T09:50:25.210+0800: 46.275: [CMS-concurrent-sweep: 0.000/0.000 secs] [Times: user=0.00 sys=0.00, real=0.00 secs] 
2026-06-17T09:50:25.211+0800: 46.276: [CMS-concurrent-reset-start]
2026-06-17T09:50:25.211+0800: 46.276: [CMS-concurrent-reset: 0.000/0.000 secs] [Times: user=0.00 sys=0.00, real=0.00 secs] 
2026-06-17T09:50:25.243+0800: 46.308: [GC (Allocation Failure) 2026-06-17T09:50:25.244+0800: 46.309: [ParNew: 19596K->2172K(19648K), 0.0066955 secs] 45580K->32784K(63360K), 0.0086610 secs] [Times: user=0.04 sys=0.01, real=0.01 secs] 
2026-06-17T09:50:25.254+0800: 46.319: [GC (CMS Initial Mark) [1 CMS-initial-mark: 30611K(43712K)] 33207K(63360K), 0.0035799 secs] [Times: user=0.00 sys=0.00, real=0.00 secs] 
2026-06-17T09:50:25.259+0800: 46.324: [CMS-concurrent-mark-start]
2026-06-17T09:50:25.260+0800: 46.325: [CMS-concurrent-mark: 0.001/0.001 secs] [Times: user=0.01 sys=0.00, real=0.00 secs] 
2026-06-17T09:50:25.261+0800: 46.326: [CMS-concurrent-preclean-start]
2026-06-17T09:50:25.261+0800: 46.326: [CMS-concurrent-preclean: 0.000/0.000 secs] [Times: user=0.00 sys=0.00, real=0.00 secs] 
2026-06-17T09:50:25.262+0800: 46.327: [GC (CMS Final Remark) [YG occupancy: 2595 K (19648 K)]2026-06-17T09:50:25.262+0800: 46.327: [Rescan (parallel) , 0.0098569 secs]2026-06-17T09:50:25.273+0800: 46.338: [weak refs processing, 0.0006128 secs]2026-06-17T09:50:25.274+0800: 46.339: [class unloading, 0.0007337 secs]2026-06-17T09:50:25.275+0800: 46.341: [scrub symbol table, 0.0010208 secs]2026-06-17T09:50:25.277+0800: 46.342: [scrub string table, 0.0006690 secs][1 CMS-remark: 30611K(43712K)] 33207K(63360K), 0.0168244 secs] [Times: user=0.12 sys=0.00, real=0.02 secs] 
2026-06-17T09:50:25.280+0800: 46.345: [CMS-concurrent-sweep-start]
2026-06-17T09:50:25.280+0800: 46.345: [CMS-concurrent-sweep: 0.000/0.000 secs] [Times: user=0.00 sys=0.00, real=0.00 secs] 
2026-06-17T09:50:25.280+0800: 46.345: [CMS-concurrent-reset-start]
2026-06-17T09:50:25.280+0800: 46.346: [CMS-concurrent-reset: 0.000/0.000 secs] [Times: user=0.00 sys=0.00, real=0.00 secs] 
2026-06-17T09:50:25.313+0800: 46.378: [GC (Allocation Failure) 2026-06-17T09:50:25.314+0800: 46.379: [ParNew: 19545K->1969K(19648K), 0.0068594 secs] 49040K->33974K(63360K), 0.0086285 secs] [Times: user=0.04 sys=0.00, real=0.00 secs] 
2026-06-17T09:50:25.324+0800: 46.389: [GC (CMS Initial Mark) [1 CMS-initial-mark: 32005K(43712K)] 34990K(63360K), 0.0029937 secs] [Times: user=0.00 sys=0.00, real=0.00 secs] 
2026-06-17T09:50:25.328+0800: 46.393: [CMS-concurrent-mark-start]
2026-06-17T09:50:25.329+0800: 46.394: [CMS-concurrent-mark: 0.001/0.001 secs] [Times: user=0.00 sys=0.00, real=0.00 secs] 
2026-06-17T09:50:25.329+0800: 46.394: [CMS-concurrent-preclean-start]
2026-06-17T09:50:25.329+0800: 46.394: [CMS-concurrent-preclean: 0.000/0.000 secs] [Times: user=0.00 sys=0.00, real=0.00 secs] 
2026-06-17T09:50:25.330+0800: 46.395: [GC (CMS Final Remark) [YG occupancy: 2985 K (19648 K)]2026-06-17T09:50:25.331+0800: 46.396: [Rescan (parallel) , 0.0106032 secs]2026-06-17T09:50:25.343+0800: 46.408: [weak refs processing, 0.0007600 secs]2026-06-17T09:50:25.344+0800: 46.409: [class unloading, 0.0008860 secs]2026-06-17T09:50:25.346+0800: 46.411: [scrub symbol table, 0.0008386 secs]2026-06-17T09:50:25.347+0800: 46.412: [scrub string table, 0.0008668 secs][1 CMS-remark: 32005K(43712K)] 34990K(63360K), 0.0187220 secs] [Times: user=0.11 sys=0.00, real=0.02 secs] 
2026-06-17T09:50:25.350+0800: 46.415: [CMS-concurrent-sweep-start]
2026-06-17T09:50:25.350+0800: 46.415: [CMS-concurrent-sweep: 0.000/0.000 secs] [Times: user=0.00 sys=0.00, real=0.00 secs] 
2026-06-17T09:50:25.351+0800: 46.416: [CMS-concurrent-reset-start]
2026-06-17T09:50:25.351+0800: 46.416: [CMS-concurrent-reset: 0.000/0.000 secs] [Times: user=0.00 sys=0.00, real=0.00 secs] 
2026-06-17T09:50:25.392+0800: 46.457: [GC (Allocation Failure) 2026-06-17T09:50:25.392+0800: 46.457: [ParNew: 19421K->2167K(19648K), 0.0080975 secs] 49258K->35440K(63360K), 0.0090271 secs] [Times: user=0.08 sys=0.00, real=0.00 secs] 
2026-06-17T09:50:25.402+0800: 46.467: [GC (CMS Initial Mark) [1 CMS-initial-mark: 33273K(43712K)] 36771K(63360K), 0.0013164 secs] [Times: user=0.00 sys=0.00, real=0.01 secs] 
2026-06-17T09:50:25.404+0800: 46.469: [CMS-concurrent-mark-start]
2026-06-17T09:50:25.404+0800: 46.469: [CMS-concurrent-mark: 0.001/0.001 secs] [Times: user=0.00 sys=0.00, real=0.00 secs] 
2026-06-17T09:50:25.405+0800: 46.470: [CMS-concurrent-preclean-start]
2026-06-17T09:50:25.405+0800: 46.470: [CMS-concurrent-preclean: 0.000/0.000 secs] [Times: user=0.00 sys=0.00, real=0.00 secs] 
2026-06-17T09:50:25.405+0800: 46.470: [CMS-concurrent-abortable-preclean-start]
2026-06-17T09:50:25.446+0800: 46.511: [GC (Allocation Failure) 2026-06-17T09:50:25.447+0800: 46.512: [ParNew: 19639K->2170K(19648K), 0.0084444 secs] 52912K->39338K(63360K), 0.0100181 secs] [Times: user=0.09 sys=0.00, real=0.01 secs] 
2026-06-17T09:50:25.500+0800: 46.565: [GC (Allocation Failure) 2026-06-17T09:50:25.501+0800: 46.566: [ParNew: 19598K->2174K(19648K), 0.0061900 secs] 56766K->44153K(63360K), 0.0076559 secs] [Times: user=0.03 sys=0.00, real=0.01 secs] 
2026-06-17T09:50:25.509+0800: 46.574: [CMS-concurrent-abortable-preclean: 0.000/0.104 secs] [Times: user=0.13 sys=0.00, real=0.10 secs] 
2026-06-17T09:50:25.510+0800: 46.575: [GC (CMS Final Remark) [YG occupancy: 4639 K (19648 K)]2026-06-17T09:50:25.511+0800: 46.576: [Rescan (parallel) , 0.0087328 secs]2026-06-17T09:50:25.521+0800: 46.586: [weak refs processing, 0.0007248 secs]2026-06-17T09:50:25.522+0800: 46.587: [class unloading, 0.0009979 secs]2026-06-17T09:50:25.524+0800: 46.589: [scrub symbol table, 0.0009754 secs]2026-06-17T09:50:25.525+0800: 46.590: [scrub string table, 0.0007993 secs][1 CMS-remark: 41978K(43712K)] 46618K(63360K), 0.0165189 secs] [Times: user=0.08 sys=0.01, real=0.02 secs] 
2026-06-17T09:50:25.528+0800: 46.593: [CMS-concurrent-sweep-start]
2026-06-17T09:50:25.528+0800: 46.593: [CMS-concurrent-sweep: 0.000/0.000 secs] [Times: user=0.00 sys=0.00, real=0.00 secs] 
2026-06-17T09:50:25.529+0800: 46.594: [CMS-concurrent-reset-start]
2026-06-17T09:50:25.529+0800: 46.594: [CMS-concurrent-reset: 0.000/0.000 secs] [Times: user=0.00 sys=0.00, real=0.00 secs] 
2026-06-17T09:50:25.560+0800: 46.625: [GC (Allocation Failure) 2026-06-17T09:50:25.561+0800: 46.626: [ParNew: 19596K->2170K(19648K), 0.0072193 secs] 51772K->37881K(63360K), 0.0089209 secs] [Times: user=0.05 sys=0.00, real=0.01 secs] 
2026-06-17T09:50:25.571+0800: 46.636: [GC (CMS Initial Mark) [1 CMS-initial-mark: 35710K(43712K)] 38719K(63360K), 0.0023040 secs] [Times: user=0.00 sys=0.00, real=0.00 secs] 
2026-06-17T09:50:25.574+0800: 46.639: [CMS-concurrent-mark-start]
2026-06-17T09:50:25.575+0800: 46.640: [CMS-concurrent-mark: 0.001/0.001 secs] [Times: user=0.00 sys=0.00, real=0.00 secs] 
2026-06-17T09:50:25.575+0800: 46.640: [CMS-concurrent-preclean-start]
2026-06-17T09:50:25.575+0800: 46.640: [CMS-concurrent-preclean: 0.000/0.000 secs] [Times: user=0.00 sys=0.00, real=0.00 secs] 
2026-06-17T09:50:25.576+0800: 46.641: [GC (CMS Final Remark) [YG occupancy: 3008 K (19648 K)]2026-06-17T09:50:25.576+0800: 46.641: [Rescan (parallel) , 0.0098247 secs]2026-06-17T09:50:25.587+0800: 46.652: [weak refs processing, 0.0006446 secs]2026-06-17T09:50:25.588+0800: 46.653: [class unloading, 0.0008912 secs]2026-06-17T09:50:25.590+0800: 46.655: [scrub symbol table, 0.0009134 secs]2026-06-17T09:50:25.591+0800: 46.656: [scrub string table, 0.0004816 secs][1 CMS-remark: 35710K(43712K)] 38719K(63360K), 0.0164518 secs] [Times: user=0.11 sys=0.00, real=0.02 secs] 
2026-06-17T09:50:25.593+0800: 46.658: [CMS-concurrent-sweep-start]
2026-06-17T09:50:25.593+0800: 46.659: [CMS-concurrent-sweep: 0.000/0.000 secs] [Times: user=0.00 sys=0.00, real=0.00 secs] 
2026-06-17T09:50:25.594+0800: 46.659: [CMS-concurrent-reset-start]
2026-06-17T09:50:25.594+0800: 46.659: [CMS-concurrent-reset: 0.000/0.000 secs] [Times: user=0.00 sys=0.00, real=0.00 secs] 
2026-06-17T09:50:25.625+0800: 46.690: [GC (Allocation Failure) 2026-06-17T09:50:25.626+0800: 46.691: [ParNew: 19458K->2069K(19648K), 0.0048936 secs] 53866K->38531K(63360K), 0.0061301 secs] [Times: user=0.03 sys=0.00, real=0.01 secs] 
2026-06-17T09:50:25.633+0800: 46.698: [GC (CMS Initial Mark) [1 CMS-initial-mark: 36462K(43712K)] 39655K(63360K), 0.0015452 secs] [Times: user=0.00 sys=0.00, real=0.00 secs] 
2026-06-17T09:50:25.635+0800: 46.700: [CMS-concurrent-mark-start]
2026-06-17T09:50:25.635+0800: 46.701: [CMS-concurrent-mark: 0.001/0.001 secs] [Times: user=0.00 sys=0.00, real=0.00 secs] 
2026-06-17T09:50:25.636+0800: 46.701: [CMS-concurrent-preclean-start]
2026-06-17T09:50:25.636+0800: 46.701: [CMS-concurrent-preclean: 0.000/0.000 secs] [Times: user=0.00 sys=0.00, real=0.00 secs] 
2026-06-17T09:50:25.637+0800: 46.702: [GC (CMS Final Remark) [YG occupancy: 3193 K (19648 K)]2026-06-17T09:50:25.637+0800: 46.702: [Rescan (parallel) , 0.0081351 secs]2026-06-17T09:50:25.646+0800: 46.711: [weak refs processing, 0.0005915 secs]2026-06-17T09:50:25.647+0800: 46.712: [class unloading, 0.0006400 secs]2026-06-17T09:50:25.648+0800: 46.713: [scrub symbol table, 0.0008500 secs]2026-06-17T09:50:25.649+0800: 46.715: [scrub string table, 0.0008175 secs][1 CMS-remark: 36462K(43712K)] 39655K(63360K), 0.0143457 secs] [Times: user=0.08 sys=0.00, real=0.02 secs] 
2026-06-17T09:50:25.652+0800: 46.717: [CMS-concurrent-sweep-start]
2026-06-17T09:50:25.652+0800: 46.717: [CMS-concurrent-sweep: 0.000/0.000 secs] [Times: user=0.00 sys=0.00, real=0.00 secs] 
2026-06-17T09:50:25.652+0800: 46.718: [CMS-concurrent-reset-start]
2026-06-17T09:50:25.652+0800: 46.718: [CMS-concurrent-reset: 0.000/0.000 secs] [Times: user=0.00 sys=0.00, real=0.00 secs] 
2026-06-17T09:50:25.684+0800: 46.749: [GC (Allocation Failure) 2026-06-17T09:50:25.685+0800: 46.750: [ParNew: 19541K->2175K(19648K), 0.0044836 secs] 43947K->33489K(63360K), 0.0059138 secs] [Times: user=0.02 sys=0.01, real=0.00 secs] 
2026-06-17T09:50:25.691+0800: 46.756: [GC (CMS Initial Mark) [1 CMS-initial-mark: 31314K(43712K)] 33916K(63360K), 0.0014665 secs] [Times: user=0.00 sys=0.00, real=0.00 secs] 
2026-06-17T09:50:25.694+0800: 46.759: [CMS-concurrent-mark-start]
2026-06-17T09:50:25.694+0800: 46.759: [CMS-concurrent-mark: 0.000/0.000 secs] [Times: user=0.00 sys=0.00, real=0.00 secs] 
2026-06-17T09:50:25.695+0800: 46.760: [CMS-concurrent-preclean-start]
2026-06-17T09:50:25.695+0800: 46.760: [CMS-concurrent-preclean: 0.000/0.000 secs] [Times: user=0.00 sys=0.00, real=0.00 secs] 
2026-06-17T09:50:25.695+0800: 46.760: [GC (CMS Final Remark) [YG occupancy: 2602 K (19648 K)]2026-06-17T09:50:25.696+0800: 46.761: [Rescan (parallel) , 0.0194239 secs]2026-06-17T09:50:25.716+0800: 46.781: [weak refs processing, 0.0006956 secs]2026-06-17T09:50:25.717+0800: 46.782: [class unloading, 0.0008621 secs]2026-06-17T09:50:25.719+0800: 46.784: [scrub symbol table, 0.0007519 secs]2026-06-17T09:50:25.720+0800: 46.785: [scrub string table, 0.0006716 secs][1 CMS-remark: 31314K(43712K)] 33916K(63360K), 0.0259635 secs] [Times: user=0.21 sys=0.00, real=0.02 secs] 
2026-06-17T09:50:25.723+0800: 46.788: [CMS-concurrent-sweep-start]
2026-06-17T09:50:25.723+0800: 46.788: [CMS-concurrent-sweep: 0.000/0.000 secs] [Times: user=0.00 sys=0.00, real=0.00 secs] 
2026-06-17T09:50:25.723+0800: 46.788: [CMS-concurrent-reset-start]
2026-06-17T09:50:25.723+0800: 46.788: [CMS-concurrent-reset: 0.000/0.000 secs] [Times: user=0.00 sys=0.00, real=0.00 secs] 
2026-06-17T09:50:25.766+0800: 46.831: [GC (Allocation Failure) 2026-06-17T09:50:25.767+0800: 46.832: [ParNew: 19647K->2162K(19648K), 0.0087221 secs] 44414K->29680K(63360K), 0.0105669 secs] [Times: user=0.07 sys=0.01, real=0.01 secs] 
2026-06-17T09:50:25.822+0800: 46.887: [GC (Allocation Failure) 2026-06-17T09:50:25.823+0800: 46.888: [ParNew: 19612K->2171K(19648K), 0.0110580 secs] 47129K->33450K(63360K), 0.0131291 secs] [Times: user=0.10 sys=0.00, real=0.02 secs] 
2026-06-17T09:50:25.880+0800: 46.945: [GC (Allocation Failure) 2026-06-17T09:50:25.881+0800: 46.946: [ParNew: 19598K->2170K(19648K), 0.0106345 secs] 50877K->36973K(63360K), 0.0116630 secs] [Times: user=0.07 sys=0.00, real=0.02 secs] 
2026-06-17T09:50:25.893+0800: 46.958: [GC (CMS Initial Mark) [1 CMS-initial-mark: 34802K(43712K)] 37827K(63360K), 0.0017872 secs] [Times: user=0.00 sys=0.00, real=0.00 secs] 
2026-06-17T09:50:25.895+0800: 46.960: [CMS-concurrent-mark-start]
2026-06-17T09:50:25.896+0800: 46.961: [CMS-concurrent-mark: 0.001/0.001 secs] [Times: user=0.00 sys=0.00, real=0.00 secs] 
2026-06-17T09:50:25.896+0800: 46.961: [CMS-concurrent-preclean-start]
2026-06-17T09:50:25.896+0800: 46.961: [CMS-concurrent-preclean: 0.000/0.000 secs] [Times: user=0.00 sys=0.00, real=0.00 secs] 
2026-06-17T09:50:25.896+0800: 46.961: [GC (CMS Final Remark) [YG occupancy: 3134 K (19648 K)]2026-06-17T09:50:25.896+0800: 46.961: [Rescan (parallel) , 0.0135095 secs]2026-06-17T09:50:25.910+0800: 46.975: [weak refs processing, 0.0007374 secs]2026-06-17T09:50:25.912+0800: 46.977: [class unloading, 0.0008577 secs]2026-06-17T09:50:25.913+0800: 46.979: [scrub symbol table, 0.0008444 secs]2026-06-17T09:50:25.915+0800: 46.980: [scrub string table, 0.0007411 secs][1 CMS-remark: 34802K(43712K)] 37936K(63360K), 0.0202026 secs] [Times: user=0.15 sys=0.00, real=0.02 secs] 
2026-06-17T09:50:25.918+0800: 46.983: [CMS-concurrent-sweep-start]
2026-06-17T09:50:25.918+0800: 46.983: [CMS-concurrent-sweep: 0.000/0.000 secs] [Times: user=0.00 sys=0.00, real=0.00 secs] 
2026-06-17T09:50:25.918+0800: 46.983: [CMS-concurrent-reset-start]
2026-06-17T09:50:25.918+0800: 46.983: [CMS-concurrent-reset: 0.000/0.000 secs] [Times: user=0.00 sys=0.00, real=0.00 secs] 
2026-06-17T09:50:25.949+0800: 47.014: [GC (Allocation Failure) 2026-06-17T09:50:25.950+0800: 47.015: [ParNew: 19642K->2166K(19648K), 0.0073762 secs] 40693K->27762K(63360K), 0.0085679 secs] [Times: user=0.08 sys=0.00, real=0.01 secs] 
2026-06-17T09:50:26.002+0800: 47.067: [GC (Allocation Failure) 2026-06-17T09:50:26.003+0800: 47.068: [ParNew: 19637K->2168K(19648K), 0.0091578 secs] 45234K->33265K(63360K), 0.0107432 secs] [Times: user=0.11 sys=0.00, real=0.02 secs] 
2026-06-17T09:50:26.015+0800: 47.080: [GC (CMS Initial Mark) [1 CMS-initial-mark: 31097K(43712K)] 34715K(63360K), 0.0020878 secs] [Times: user=0.00 sys=0.00, real=0.00 secs] 
2026-06-17T09:50:26.018+0800: 47.083: [CMS-concurrent-mark-start]
2026-06-17T09:50:26.019+0800: 47.084: [CMS-concurrent-mark: 0.001/0.001 secs] [Times: user=0.00 sys=0.00, real=0.00 secs] 
2026-06-17T09:50:26.019+0800: 47.084: [CMS-concurrent-preclean-start]
2026-06-17T09:50:26.019+0800: 47.085: [CMS-concurrent-preclean: 0.000/0.000 secs] [Times: user=0.00 sys=0.00, real=0.00 secs] 
2026-06-17T09:50:26.020+0800: 47.085: [GC (CMS Final Remark) [YG occupancy: 3618 K (19648 K)]2026-06-17T09:50:26.020+0800: 47.086: [Rescan (parallel) , 0.0097778 secs]2026-06-17T09:50:26.031+0800: 47.096: [weak refs processing, 0.0008310 secs]2026-06-17T09:50:26.032+0800: 47.098: [class unloading, 0.0009233 secs]2026-06-17T09:50:26.034+0800: 47.099: [scrub symbol table, 0.0008652 secs]2026-06-17T09:50:26.036+0800: 47.101: [scrub string table, 0.0006500 secs][1 CMS-remark: 31097K(43712K)] 34715K(63360K), 0.0168986 secs] [Times: user=0.10 sys=0.00, real=0.02 secs] 
2026-06-17T09:50:26.038+0800: 47.103: [CMS-concurrent-sweep-start]
2026-06-17T09:50:26.038+0800: 47.104: [CMS-concurrent-sweep: 0.000/0.000 secs] [Times: user=0.00 sys=0.00, real=0.00 secs] 
2026-06-17T09:50:26.039+0800: 47.104: [CMS-concurrent-reset-start]
2026-06-17T09:50:26.039+0800: 47.104: [CMS-concurrent-reset: 0.000/0.000 secs] [Times: user=0.00 sys=0.00, real=0.00 secs] 
2026-06-17T09:50:26.082+0800: 47.147: [GC (Allocation Failure) 2026-06-17T09:50:26.083+0800: 47.148: [ParNew: 19595K->2158K(19648K), 0.0067259 secs] 47565K->31594K(63360K), 0.0090757 secs] [Times: user=0.03 sys=0.00, real=0.02 secs] 
2026-06-17T09:50:26.137+0800: 47.202: [GC (Allocation Failure) 2026-06-17T09:50:26.138+0800: 47.203: [ParNew: 19627K->2162K(19648K), 0.0153574 secs] 49064K->35419K(63360K), 0.0189069 secs] [Times: user=0.11 sys=0.00, real=0.02 secs] 
2026-06-17T09:50:26.156+0800: 47.222: [GC (CMS Initial Mark) [1 CMS-initial-mark: 33257K(43712K)] 36339K(63360K), 0.0014705 secs] [Times: user=0.00 sys=0.00, real=0.00 secs] 
2026-06-17T09:50:26.159+0800: 47.224: [CMS-concurrent-mark-start]
2026-06-17T09:50:26.163+0800: 47.229: [CMS-concurrent-mark: 0.005/0.005 secs] [Times: user=0.02 sys=0.00, real=0.01 secs] 
2026-06-17T09:50:26.164+0800: 47.229: [CMS-concurrent-preclean-start]
2026-06-17T09:50:26.164+0800: 47.229: [CMS-concurrent-preclean: 0.000/0.000 secs] [Times: user=0.00 sys=0.00, real=0.00 secs] 
2026-06-17T09:50:26.164+0800: 47.229: [CMS-concurrent-abortable-preclean-start]
2026-06-17T09:50:26.200+0800: 47.265: [GC (Allocation Failure) 2026-06-17T09:50:26.201+0800: 47.266: [ParNew: 19595K->2169K(19648K), 0.0140500 secs] 52852K->38703K(63360K), 0.0153241 secs] [Times: user=0.15 sys=0.00, real=0.02 secs] 
2026-06-17T09:50:26.259+0800: 47.325: [GC (Allocation Failure) 2026-06-17T09:50:26.261+0800: 47.326: [ParNew: 19620K->2166K(19648K), 0.0088489 secs] 56154K->42602K(63360K), 0.0109395 secs] [Times: user=0.06 sys=0.00, real=0.02 secs] 
2026-06-17T09:50:26.315+0800: 47.380: [GC (Allocation Failure) 2026-06-17T09:50:26.316+0800: 47.381: [ParNew: 19638K->19638K(19648K), 0.0008346 secs]2026-06-17T09:50:26.318+0800: 47.383: [CMS2026-06-17T09:50:26.319+0800: 47.384: [CMS-concurrent-abortable-preclean: 0.000/0.155 secs] [Times: user=0.23 sys=0.00, real=0.15 secs] 
 (concurrent mode failure): 40435K->25533K(43712K), 0.0069298 secs] 60074K->25533K(63360K), [Metaspace: 2710K->2710K(1056768K)], 0.0104314 secs] [Times: user=0.00 sys=0.00, real=0.01 secs] 
2026-06-17T09:50:26.380+0800: 47.445: [GC (Allocation Failure) 2026-06-17T09:50:26.381+0800: 47.446: [ParNew: 17451K->2168K(19648K), 0.0105063 secs] 42984K->29520K(63360K), 0.0128472 secs] [Times: user=0.08 sys=0.00, real=0.02 secs] 
2026-06-17T09:50:26.428+0800: 47.493: [GC (Allocation Failure) 2026-06-17T09:50:26.429+0800: 47.494: [ParNew: 19461K->2137K(19648K), 0.0106314 secs] 46813K->33228K(63360K), 0.0120119 secs] [Times: user=0.11 sys=0.00, real=0.01 secs] 
2026-06-17T09:50:26.496+0800: 47.561: [GC (Allocation Failure) 2026-06-17T09:50:26.497+0800: 47.562: [ParNew: 19603K->2168K(19648K), 0.0100575 secs] 50695K->37190K(63360K), 0.0118427 secs] [Times: user=0.10 sys=0.00, real=0.01 secs] 
2026-06-17T09:50:26.510+0800: 47.575: [GC (CMS Initial Mark) [1 CMS-initial-mark: 35021K(43712K)] 38559K(63360K), 0.0028823 secs] [Times: user=0.00 sys=0.00, real=0.01 secs] 
2026-06-17T09:50:26.514+0800: 47.579: [CMS-concurrent-mark-start]
2026-06-17T09:50:26.515+0800: 47.580: [CMS-concurrent-mark: 0.001/0.001 secs] [Times: user=0.01 sys=0.00, real=0.00 secs] 
2026-06-17T09:50:26.515+0800: 47.580: [CMS-concurrent-preclean-start]
2026-06-17T09:50:26.515+0800: 47.581: [CMS-concurrent-preclean: 0.000/0.000 secs] [Times: user=0.00 sys=0.00, real=0.00 secs] 
2026-06-17T09:50:26.516+0800: 47.581: [CMS-concurrent-abortable-preclean-start]
2026-06-17T09:50:26.557+0800: 47.622: [GC (Allocation Failure) 2026-06-17T09:50:26.558+0800: 47.624: [ParNew: 19640K->1896K(19648K), 0.0299926 secs] 54662K->38037K(63360K), 0.0317229 secs] [Times: user=0.23 sys=0.01, real=0.03 secs] 
2026-06-17T09:50:26.643+0800: 47.709: [GC (Allocation Failure) 2026-06-17T09:50:26.646+0800: 47.711: [ParNew: 19351K->2166K(19648K), 0.0143796 secs] 55493K->41478K(63360K), 0.0178013 secs] [Times: user=0.15 sys=0.00, real=0.01 secs] 
2026-06-17T09:50:26.704+0800: 47.770: [GC (Allocation Failure) 2026-06-17T09:50:26.705+0800: 47.770: [ParNew: 19638K->19638K(19648K), 0.0004116 secs]2026-06-17T09:50:26.706+0800: 47.771: [CMS2026-06-17T09:50:26.706+0800: 47.771: [CMS-concurrent-abortable-preclean: 0.000/0.190 secs] [Times: user=0.38 sys=0.01, real=0.19 secs] 
 (concurrent mode failure): 39312K->32129K(43712K), 0.0044964 secs] 58950K->32129K(63360K), [Metaspace: 2710K->2710K(1056768K)], 0.0062844 secs] [Times: user=0.00 sys=0.00, real=0.01 secs] 
2026-06-17T09:50:26.753+0800: 47.819: [GC (Allocation Failure) 2026-06-17T09:50:26.754+0800: 47.819: [ParNew: 17471K->2173K(19648K), 0.0041288 secs] 49600K->38738K(63360K), 0.0058568 secs] [Times: user=0.03 sys=0.00, real=0.00 secs] 
2026-06-17T09:50:26.761+0800: 47.826: [GC (CMS Initial Mark) [1 CMS-initial-mark: 36565K(43712K)] 39781K(63360K), 0.0020262 secs] [Times: user=0.00 sys=0.00, real=0.01 secs] 
2026-06-17T09:50:26.765+0800: 47.830: [CMS-concurrent-mark-start]
2026-06-17T09:50:26.765+0800: 47.830: [CMS-concurrent-mark: 0.001/0.001 secs] [Times: user=0.00 sys=0.00, real=0.00 secs] 
2026-06-17T09:50:26.766+0800: 47.831: [CMS-concurrent-preclean-start]
2026-06-17T09:50:26.766+0800: 47.831: [CMS-concurrent-preclean: 0.000/0.000 secs] [Times: user=0.00 sys=0.00, real=0.00 secs] 
2026-06-17T09:50:26.767+0800: 47.832: [CMS-concurrent-abortable-preclean-start]
2026-06-17T09:50:26.808+0800: 47.873: [GC (Allocation Failure) 2026-06-17T09:50:26.809+0800: 47.874: [ParNew: 19645K->2175K(19648K), 0.0137804 secs] 56210K->42619K(63360K), 0.0156900 secs] [Times: user=0.14 sys=0.00, real=0.02 secs] 
2026-06-17T09:50:26.869+0800: 47.934: [GC (Allocation Failure) 2026-06-17T09:50:26.870+0800: 47.935: [ParNew: 19588K->19588K(19648K), 0.0010024 secs]2026-06-17T09:50:26.872+0800: 47.937: [CMS2026-06-17T09:50:26.873+0800: 47.938: [CMS-concurrent-abortable-preclean: 0.000/0.107 secs] [Times: user=0.15 sys=0.00, real=0.11 secs] 
 (concurrent mode failure): 40444K->29450K(43712K), 0.0075988 secs] 60032K->29450K(63360K), [Metaspace: 2713K->2713K(1056768K)], 0.0114999 secs] [Times: user=0.00 sys=0.00, real=0.01 secs] 
2026-06-17T09:50:26.926+0800: 47.991: [GC (Allocation Failure) 2026-06-17T09:50:26.927+0800: 47.992: [ParNew: 17433K->2174K(19648K), 0.0130272 secs] 46883K->36267K(63360K), 0.0146775 secs] [Times: user=0.07 sys=0.01, real=0.01 secs] 
2026-06-17T09:50:26.942+0800: 48.007: [GC (CMS Initial Mark) [1 CMS-initial-mark: 34093K(43712K)] 37594K(63360K), 0.0010520 secs] [Times: user=0.00 sys=0.00, real=0.01 secs] 
2026-06-17T09:50:26.943+0800: 48.008: [CMS-concurrent-mark-start]
2026-06-17T09:50:26.944+0800: 48.009: [CMS-concurrent-mark: 0.001/0.001 secs] [Times: user=0.00 sys=0.00, real=0.00 secs] 
2026-06-17T09:50:26.944+0800: 48.009: [CMS-concurrent-preclean-start]
2026-06-17T09:50:26.944+0800: 48.009: [CMS-concurrent-preclean: 0.000/0.000 secs] [Times: user=0.00 sys=0.00, real=0.00 secs] 
2026-06-17T09:50:26.944+0800: 48.009: [GC (CMS Final Remark) [YG occupancy: 3501 K (19648 K)]2026-06-17T09:50:26.944+0800: 48.009: [Rescan (parallel) , 0.0136727 secs]2026-06-17T09:50:26.959+0800: 48.024: [weak refs processing, 0.0005883 secs]2026-06-17T09:50:26.960+0800: 48.025: [class unloading, 0.0008229 secs]2026-06-17T09:50:26.962+0800: 48.027: [scrub symbol table, 0.0009189 secs]2026-06-17T09:50:26.963+0800: 48.028: [scrub string table, 0.0006145 secs][1 CMS-remark: 34093K(43712K)] 37594K(63360K), 0.0202355 secs] [Times: user=0.13 sys=0.01, real=0.02 secs] 
2026-06-17T09:50:26.966+0800: 48.031: [CMS-concurrent-sweep-start]
2026-06-17T09:50:26.966+0800: 48.031: [CMS-concurrent-sweep: 0.000/0.000 secs] [Times: user=0.00 sys=0.00, real=0.00 secs] 
2026-06-17T09:50:26.966+0800: 48.032: [CMS-concurrent-reset-start]
2026-06-17T09:50:26.967+0800: 48.032: [CMS-concurrent-reset: 0.000/0.000 secs] [Times: user=0.00 sys=0.00, real=0.00 secs] 
2026-06-17T09:50:26.998+0800: 48.063: [GC (Allocation Failure) 2026-06-17T09:50:26.999+0800: 48.064: [ParNew: 19623K->2175K(19648K), 0.0101370 secs] 38040K->25962K(63360K), 0.0116589 secs] [Times: user=0.09 sys=0.00, real=0.01 secs] 
2026-06-17T09:50:27.053+0800: 48.118: [GC (Allocation Failure) 2026-06-17T09:50:27.053+0800: 48.118: [ParNew: 19441K->2154K(19648K), 0.0066051 secs] 43228K->28023K(63360K), 0.0075724 secs] [Times: user=0.08 sys=0.00, real=0.00 secs] 
2026-06-17T09:50:27.114+0800: 48.179: [GC (Allocation Failure) 2026-06-17T09:50:27.114+0800: 48.179: [ParNew: 19626K->2113K(19648K), 0.0102279 secs] 45495K->32106K(63360K), 0.0116544 secs] [Times: user=0.09 sys=0.00, real=0.01 secs] 
2026-06-17T09:50:27.169+0800: 48.234: [GC (Allocation Failure) 2026-06-17T09:50:27.169+0800: 48.235: [ParNew: 19585K->2174K(19648K), 0.0073959 secs] 49578K->35654K(63360K), 0.0088113 secs] [Times: user=0.08 sys=0.00, real=0.01 secs] 
2026-06-17T09:50:27.179+0800: 48.244: [GC (CMS Initial Mark) [1 CMS-initial-mark: 33479K(43712K)] 37492K(63360K), 0.0013449 secs] [Times: user=0.00 sys=0.00, real=0.00 secs] 
2026-06-17T09:50:27.181+0800: 48.246: [CMS-concurrent-mark-start]
2026-06-17T09:50:27.181+0800: 48.246: [CMS-concurrent-mark: 0.000/0.000 secs] [Times: user=0.01 sys=0.00, real=0.00 secs] 
2026-06-17T09:50:27.182+0800: 48.247: [CMS-concurrent-preclean-start]
2026-06-17T09:50:27.182+0800: 48.247: [CMS-concurrent-preclean: 0.000/0.000 secs] [Times: user=0.00 sys=0.00, real=0.00 secs] 
2026-06-17T09:50:27.182+0800: 48.247: [CMS-concurrent-abortable-preclean-start]
2026-06-17T09:50:27.223+0800: 48.288: [GC (Allocation Failure) 2026-06-17T09:50:27.224+0800: 48.289: [ParNew: 19633K->2160K(19648K), 0.0106422 secs] 53112K->41153K(63360K), 0.0118860 secs] [Times: user=0.13 sys=0.00, real=0.01 secs] 
2026-06-17T09:50:27.279+0800: 48.344: [GC (Allocation Failure) 2026-06-17T09:50:27.282+0800: 48.347: [ParNew: 19598K->19598K(19648K), 0.0014486 secs]2026-06-17T09:50:27.286+0800: 48.352: [CMS2026-06-17T09:50:27.288+0800: 48.353: [CMS-concurrent-abortable-preclean: 0.000/0.106 secs] [Times: user=0.13 sys=0.00, real=0.11 secs] 
 (concurrent mode failure): 38992K->29654K(43712K), 0.0054247 secs] 58591K->29654K(63360K), [Metaspace: 2713K->2713K(1056768K)], 0.0158277 secs] [Times: user=0.01 sys=0.00, real=0.02 secs] 
2026-06-17T09:50:27.342+0800: 48.407: [GC (Allocation Failure) 2026-06-17T09:50:27.346+0800: 48.411: [ParNew: 17390K->2047K(19648K), 0.0090406 secs] 47044K->32527K(63360K), 0.0131567 secs] [Times: user=0.09 sys=0.01, real=0.02 secs] 
2026-06-17T09:50:27.399+0800: 48.464: [GC (Allocation Failure) 2026-06-17T09:50:27.400+0800: 48.465: [ParNew: 19474K->2174K(19648K), 0.0084117 secs] 49954K->38990K(63360K), 0.0096943 secs] [Times: user=0.09 sys=0.00, real=0.01 secs] 
2026-06-17T09:50:27.411+0800: 48.476: [GC (CMS Initial Mark) [1 CMS-initial-mark: 36816K(43712K)] 40482K(63360K), 0.0017250 secs] [Times: user=0.00 sys=0.00, real=0.00 secs] 
2026-06-17T09:50:27.413+0800: 48.478: [CMS-concurrent-mark-start]
2026-06-17T09:50:27.414+0800: 48.479: [CMS-concurrent-mark: 0.000/0.000 secs] [Times: user=0.00 sys=0.00, real=0.00 secs] 
2026-06-17T09:50:27.414+0800: 48.480: [CMS-concurrent-preclean-start]
2026-06-17T09:50:27.414+0800: 48.480: [CMS-concurrent-preclean: 0.000/0.000 secs] [Times: user=0.00 sys=0.00, real=0.00 secs] 
2026-06-17T09:50:27.415+0800: 48.480: [GC (CMS Final Remark) [YG occupancy: 3665 K (19648 K)]2026-06-17T09:50:27.416+0800: 48.481: [Rescan (parallel) , 0.0038416 secs]2026-06-17T09:50:27.420+0800: 48.485: [weak refs processing, 0.0005214 secs]2026-06-17T09:50:27.421+0800: 48.486: [class unloading, 0.0005069 secs]2026-06-17T09:50:27.422+0800: 48.487: [scrub symbol table, 0.0004537 secs]2026-06-17T09:50:27.423+0800: 48.488: [scrub string table, 0.0002168 secs][1 CMS-remark: 36816K(43712K)] 40482K(63360K), 0.0079866 secs] [Times: user=0.03 sys=0.00, real=0.01 secs] 
2026-06-17T09:50:27.424+0800: 48.489: [CMS-concurrent-sweep-start]
2026-06-17T09:50:27.424+0800: 48.489: [CMS-concurrent-sweep: 0.000/0.000 secs] [Times: user=0.00 sys=0.00, real=0.00 secs] 
2026-06-17T09:50:27.424+0800: 48.489: [CMS-concurrent-reset-start]
2026-06-17T09:50:27.424+0800: 48.489: [CMS-concurrent-reset: 0.000/0.000 secs] [Times: user=0.00 sys=0.00, real=0.00 secs] 
2026-06-17T09:50:27.466+0800: 48.531: [GC (Allocation Failure) 2026-06-17T09:50:27.467+0800: 48.532: [ParNew: 19623K->1998K(19648K), 0.0177938 secs] 42482K->27685K(63360K), 0.0184422 secs] [Times: user=0.16 sys=0.00, real=0.02 secs] 
2026-06-17T09:50:27.528+0800: 48.593: [GC (Allocation Failure) 2026-06-17T09:50:27.528+0800: 48.593: [ParNew: 19443K->2163K(19648K), 0.0091725 secs] 45130K->30861K(63360K), 0.0101628 secs] [Times: user=0.08 sys=0.01, real=0.01 secs] 
2026-06-17T09:50:27.581+0800: 48.646: [GC (Allocation Failure) 2026-06-17T09:50:27.582+0800: 48.647: [ParNew: 19635K->2128K(19648K), 0.0117808 secs] 48333K->33457K(63360K), 0.0136332 secs] [Times: user=0.09 sys=0.00, real=0.02 secs] 
2026-06-17T09:50:27.641+0800: 48.706: [GC (Allocation Failure) 2026-06-17T09:50:27.642+0800: 48.707: [ParNew: 19571K->2171K(19648K), 0.0172567 secs] 50899K->36851K(63360K), 0.0187143 secs] [Times: user=0.10 sys=0.00, real=0.02 secs] 
2026-06-17T09:50:27.703+0800: 48.768: [GC (Allocation Failure) 2026-06-17T09:50:27.704+0800: 48.769: [ParNew: 19630K->2166K(19648K), 0.0086210 secs] 54309K->41710K(63360K), 0.0102550 secs] [Times: user=0.08 sys=0.01, real=0.01 secs] 
2026-06-17T09:50:27.715+0800: 48.780: [GC (CMS Initial Mark) [1 CMS-initial-mark: 39544K(43712K)] 42936K(63360K), 0.0027810 secs] [Times: user=0.01 sys=0.00, real=0.00 secs] 
2026-06-17T09:50:27.719+0800: 48.784: [CMS-concurrent-mark-start]
2026-06-17T09:50:27.720+0800: 48.785: [CMS-concurrent-mark: 0.001/0.001 secs] [Times: user=0.00 sys=0.00, real=0.00 secs] 
2026-06-17T09:50:27.720+0800: 48.785: [CMS-concurrent-preclean-start]
2026-06-17T09:50:27.720+0800: 48.785: [CMS-concurrent-preclean: 0.000/0.000 secs] [Times: user=0.00 sys=0.00, real=0.00 secs] 
2026-06-17T09:50:27.721+0800: 48.786: [CMS-concurrent-abortable-preclean-start]
2026-06-17T09:50:27.721+0800: 48.786: [CMS-concurrent-abortable-preclean: 0.000/0.000 secs] [Times: user=0.00 sys=0.00, real=0.00 secs] 
2026-06-17T09:50:27.721+0800: 48.786: [GC (CMS Final Remark) [YG occupancy: 5551 K (19648 K)]2026-06-17T09:50:27.722+0800: 48.787: [Rescan (parallel) , 0.0091874 secs]2026-06-17T09:50:27.731+0800: 48.797: [weak refs processing, 0.0004772 secs]2026-06-17T09:50:27.732+0800: 48.798: [class unloading, 0.0005471 secs]2026-06-17T09:50:27.734+0800: 48.799: [scrub symbol table, 0.0006421 secs]2026-06-17T09:50:27.735+0800: 48.800: [scrub string table, 0.0004240 secs][1 CMS-remark: 39544K(43712K)] 45096K(63360K), 0.0140327 secs] [Times: user=0.09 sys=0.00, real=0.02 secs] 
2026-06-17T09:50:27.736+0800: 48.801: [CMS-concurrent-sweep-start]
2026-06-17T09:50:27.736+0800: 48.801: [CMS-concurrent-sweep: 0.000/0.000 secs] [Times: user=0.00 sys=0.00, real=0.00 secs] 
2026-06-17T09:50:27.737+0800: 48.802: [CMS-concurrent-reset-start]
2026-06-17T09:50:27.737+0800: 48.802: [CMS-concurrent-reset: 0.000/0.000 secs] [Times: user=0.00 sys=0.00, real=0.00 secs] 
2026-06-17T09:50:27.768+0800: 48.833: [GC (Allocation Failure) 2026-06-17T09:50:27.769+0800: 48.834: [ParNew: 19638K->2080K(19648K), 0.0079288 secs] 46407K->31923K(63360K), 0.0093899 secs] [Times: user=0.07 sys=0.01, real=0.01 secs] 
2026-06-17T09:50:27.821+0800: 48.886: [GC (Allocation Failure) 2026-06-17T09:50:27.822+0800: 48.887: [ParNew: 19552K->2168K(19648K), 0.0103645 secs] 49395K->35431K(63360K), 0.0114339 secs] [Times: user=0.08 sys=0.00, real=0.02 secs] 
2026-06-17T09:50:27.877+0800: 48.942: [GC (Allocation Failure) 2026-06-17T09:50:27.878+0800: 48.943: [ParNew: 19640K->2167K(19648K), 0.0098353 secs] 52903K->40461K(63360K), 0.0116435 secs] [Times: user=0.10 sys=0.00, real=0.01 secs] 
2026-06-17T09:50:27.891+0800: 48.956: [GC (CMS Initial Mark) [1 CMS-initial-mark: 38293K(43712K)] 41834K(63360K), 0.0026458 secs] [Times: user=0.00 sys=0.00, real=0.00 secs] 
2026-06-17T09:50:27.895+0800: 48.960: [CMS-concurrent-mark-start]
2026-06-17T09:50:27.895+0800: 48.961: [CMS-concurrent-mark: 0.001/0.001 secs] [Times: user=0.00 sys=0.00, real=0.00 secs] 
2026-06-17T09:50:27.896+0800: 48.961: [CMS-concurrent-preclean-start]
2026-06-17T09:50:27.896+0800: 48.961: [CMS-concurrent-preclean: 0.000/0.000 secs] [Times: user=0.01 sys=0.00, real=0.00 secs] 
2026-06-17T09:50:27.897+0800: 48.962: [GC (CMS Final Remark) [YG occupancy: 3594 K (19648 K)]2026-06-17T09:50:27.898+0800: 48.963: [Rescan (parallel) , 0.0107146 secs]2026-06-17T09:50:27.909+0800: 48.974: [weak refs processing, 0.0006284 secs]2026-06-17T09:50:27.911+0800: 48.976: [class unloading, 0.0007994 secs]2026-06-17T09:50:27.912+0800: 48.977: [scrub symbol table, 0.0009923 secs]2026-06-17T09:50:27.914+0800: 48.979: [scrub string table, 0.0008010 secs][1 CMS-remark: 38293K(43712K)] 41888K(63360K), 0.0184917 secs] [Times: user=0.12 sys=0.00, real=0.02 secs] 
2026-06-17T09:50:27.917+0800: 48.982: [CMS-concurrent-sweep-start]
2026-06-17T09:50:27.917+0800: 48.982: [CMS-concurrent-sweep: 0.000/0.000 secs] [Times: user=0.00 sys=0.00, real=0.00 secs] 
2026-06-17T09:50:27.918+0800: 48.983: [CMS-concurrent-reset-start]
2026-06-17T09:50:27.918+0800: 48.983: [CMS-concurrent-reset: 0.000/0.000 secs] [Times: user=0.00 sys=0.00, real=0.00 secs] 
2026-06-17T09:50:27.950+0800: 49.015: [GC (Allocation Failure) 2026-06-17T09:50:27.951+0800: 49.016: [ParNew: 19639K->2168K(19648K), 0.0087647 secs] 47469K->34944K(63360K), 0.0106235 secs] [Times: user=0.06 sys=0.00, real=0.01 secs] 
2026-06-17T09:50:27.962+0800: 49.027: [GC (CMS Initial Mark) [1 CMS-initial-mark: 32776K(43712K)] 36130K(63360K), 0.0027488 secs] [Times: user=0.00 sys=0.00, real=0.01 secs] 
2026-06-17T09:50:27.966+0800: 49.031: [CMS-concurrent-mark-start]
2026-06-17T09:50:27.967+0800: 49.032: [CMS-concurrent-mark: 0.001/0.001 secs] [Times: user=0.01 sys=0.00, real=0.00 secs] 
2026-06-17T09:50:27.967+0800: 49.033: [CMS-concurrent-preclean-start]
2026-06-17T09:50:27.968+0800: 49.033: [CMS-concurrent-preclean: 0.000/0.000 secs] [Times: user=0.00 sys=0.00, real=0.00 secs] 
2026-06-17T09:50:27.968+0800: 49.033: [GC (CMS Final Remark) [YG occupancy: 3353 K (19648 K)]2026-06-17T09:50:27.969+0800: 49.034: [Rescan (parallel) , 0.0123258 secs]2026-06-17T09:50:27.982+0800: 49.047: [weak refs processing, 0.0006260 secs]2026-06-17T09:50:27.983+0800: 49.049: [class unloading, 0.0009245 secs]2026-06-17T09:50:27.985+0800: 49.050: [scrub symbol table, 0.0010311 secs]2026-06-17T09:50:27.987+0800: 49.052: [scrub string table, 0.0007280 secs][1 CMS-remark: 32776K(43712K)] 36130K(63360K), 0.0195732 secs] [Times: user=0.14 sys=0.01, real=0.02 secs] 
2026-06-17T09:50:27.989+0800: 49.054: [CMS-concurrent-sweep-start]
2026-06-17T09:50:27.989+0800: 49.054: [CMS-concurrent-sweep: 0.000/0.000 secs] [Times: user=0.00 sys=0.00, real=0.00 secs] 
2026-06-17T09:50:27.990+0800: 49.055: [CMS-concurrent-reset-start]
2026-06-17T09:50:27.990+0800: 49.055: [CMS-concurrent-reset: 0.000/0.000 secs] [Times: user=0.00 sys=0.00, real=0.00 secs] 
2026-06-17T09:50:28.021+0800: 49.086: [GC (Allocation Failure) 2026-06-17T09:50:28.022+0800: 49.087: [ParNew: 19489K->1864K(19648K), 0.0052938 secs] 51011K->35113K(63360K), 0.0066123 secs] [Times: user=0.02 sys=0.00, real=0.01 secs] 
2026-06-17T09:50:28.029+0800: 49.095: [GC (CMS Initial Mark) [1 CMS-initial-mark: 33249K(43712K)] 37491K(63360K), 0.0019838 secs] [Times: user=0.00 sys=0.00, real=0.01 secs] 
2026-06-17T09:50:28.033+0800: 49.098: [CMS-concurrent-mark-start]
2026-06-17T09:50:28.033+0800: 49.098: [CMS-concurrent-mark: 0.001/0.001 secs] [Times: user=0.00 sys=0.00, real=0.00 secs] 
2026-06-17T09:50:28.034+0800: 49.099: [CMS-concurrent-preclean-start]
2026-06-17T09:50:28.034+0800: 49.099: [CMS-concurrent-preclean: 0.000/0.000 secs] [Times: user=0.00 sys=0.00, real=0.00 secs] 
2026-06-17T09:50:28.035+0800: 49.100: [CMS-concurrent-abortable-preclean-start]
2026-06-17T09:50:28.075+0800: 49.140: [GC (Allocation Failure) 2026-06-17T09:50:28.076+0800: 49.141: [ParNew: 19336K->2175K(19648K), 0.0075733 secs] 52585K->42034K(63360K), 0.0092814 secs] [Times: user=0.06 sys=0.00, real=0.01 secs] 
2026-06-17T09:50:28.139+0800: 49.204: [GC (Allocation Failure) 2026-06-17T09:50:28.140+0800: 49.206: [ParNew: 19626K->19626K(19648K), 0.0010570 secs]2026-06-17T09:50:28.142+0800: 49.207: [CMS2026-06-17T09:50:28.143+0800: 49.208: [CMS-concurrent-abortable-preclean: 0.000/0.109 secs] [Times: user=0.08 sys=0.00, real=0.11 secs] 
 (concurrent mode failure): 39858K->29635K(43712K), 0.0089209 secs] 59484K->29635K(63360K), [Metaspace: 2713K->2713K(1056768K)], 0.0127466 secs] [Times: user=0.00 sys=0.00, real=0.02 secs] 
2026-06-17T09:50:28.187+0800: 49.252: [GC (Allocation Failure) 2026-06-17T09:50:28.192+0800: 49.257: [ParNew: 17424K->2175K(19648K), 0.0292441 secs] 47060K->36450K(63360K), 0.0341204 secs] [Times: user=0.22 sys=0.00, real=0.03 secs] 
2026-06-17T09:50:28.222+0800: 49.287: [GC (CMS Initial Mark) [1 CMS-initial-mark: 34274K(43712K)] 37036K(63360K), 0.0010772 secs] [Times: user=0.00 sys=0.00, real=0.01 secs] 
2026-06-17T09:50:28.223+0800: 49.289: [CMS-concurrent-mark-start]
2026-06-17T09:50:28.224+0800: 49.289: [CMS-concurrent-mark: 0.000/0.000 secs] [Times: user=0.00 sys=0.00, real=0.00 secs] 
2026-06-17T09:50:28.224+0800: 49.289: [CMS-concurrent-preclean-start]
2026-06-17T09:50:28.224+0800: 49.289: [CMS-concurrent-preclean: 0.000/0.000 secs] [Times: user=0.00 sys=0.00, real=0.00 secs] 
2026-06-17T09:50:28.224+0800: 49.289: [GC (CMS Final Remark) [YG occupancy: 2761 K (19648 K)]2026-06-17T09:50:28.224+0800: 49.289: [Rescan (parallel) , 0.0077395 secs]2026-06-17T09:50:28.236+0800: 49.301: [weak refs processing, 0.0023678 secs]2026-06-17T09:50:28.238+0800: 49.303: [class unloading, 0.0004072 secs]2026-06-17T09:50:28.239+0800: 49.304: [scrub symbol table, 0.0002794 secs]2026-06-17T09:50:28.239+0800: 49.304: [scrub string table, 0.0001668 secs][1 CMS-remark: 34274K(43712K)] 37036K(63360K), 0.0153485 secs] [Times: user=0.05 sys=0.00, real=0.01 secs] 
2026-06-17T09:50:28.240+0800: 49.305: [CMS-concurrent-sweep-start]
2026-06-17T09:50:28.240+0800: 49.305: [CMS-concurrent-sweep: 0.000/0.000 secs] [Times: user=0.00 sys=0.00, real=0.00 secs] 
2026-06-17T09:50:28.241+0800: 49.306: [CMS-concurrent-reset-start]
2026-06-17T09:50:28.241+0800: 49.306: [CMS-concurrent-reset: 0.000/0.000 secs] [Times: user=0.00 sys=0.00, real=0.00 secs] 
2026-06-17T09:50:28.282+0800: 49.347: [GC (Allocation Failure) 2026-06-17T09:50:28.283+0800: 49.348: [ParNew: 19647K->2167K(19648K), 0.0114750 secs] 45176K->31017K(63360K), 0.0125353 secs] [Times: user=0.11 sys=0.01, real=0.02 secs] 
2026-06-17T09:50:28.338+0800: 49.403: [GC (Allocation Failure) 2026-06-17T09:50:28.338+0800: 49.403: [ParNew: 19538K->2100K(19648K), 0.0054544 secs] 48388K->32383K(63360K), 0.0062829 secs] [Times: user=0.05 sys=0.00, real=0.01 secs] 
2026-06-17T09:50:28.398+0800: 49.463: [GC (Allocation Failure) 2026-06-17T09:50:28.398+0800: 49.464: [ParNew: 19572K->2163K(19648K), 0.0060204 secs] 49855K->36363K(63360K), 0.0076188 secs] [Times: user=0.04 sys=0.00, real=0.01 secs] 
2026-06-17T09:50:28.407+0800: 49.472: [GC (CMS Initial Mark) [1 CMS-initial-mark: 34199K(43712K)] 39060K(63360K), 0.0031385 secs] [Times: user=0.00 sys=0.00, real=0.01 secs] 
2026-06-17T09:50:28.411+0800: 49.477: [CMS-concurrent-mark-start]
2026-06-17T09:50:28.412+0800: 49.477: [CMS-concurrent-mark: 0.001/0.001 secs] [Times: user=0.00 sys=0.00, real=0.00 secs] 
2026-06-17T09:50:28.413+0800: 49.478: [CMS-concurrent-preclean-start]
2026-06-17T09:50:28.413+0800: 49.478: [CMS-concurrent-preclean: 0.000/0.000 secs] [Times: user=0.00 sys=0.00, real=0.00 secs] 
2026-06-17T09:50:28.413+0800: 49.479: [CMS-concurrent-abortable-preclean-start]
2026-06-17T09:50:28.455+0800: 49.520: [GC (Allocation Failure) 2026-06-17T09:50:28.456+0800: 49.521: [ParNew: 19635K->2170K(19648K), 0.0256718 secs] 53835K->39915K(63360K), 0.0267545 secs] [Times: user=0.21 sys=0.00, real=0.02 secs] 
2026-06-17T09:50:28.525+0800: 49.590: [GC (Allocation Failure) 2026-06-17T09:50:28.525+0800: 49.591: [ParNew: 19642K->2144K(19648K), 0.0095592 secs] 57387K->43735K(63360K), 0.0111046 secs] [Times: user=0.08 sys=0.01, real=0.01 secs] 
2026-06-17T09:50:28.537+0800: 49.602: [CMS-concurrent-abortable-preclean: 0.000/0.124 secs] [Times: user=0.30 sys=0.01, real=0.12 secs] 
2026-06-17T09:50:28.538+0800: 49.603: [GC (CMS Final Remark) [YG occupancy: 5041 K (19648 K)]2026-06-17T09:50:28.539+0800: 49.604: [Rescan (parallel) , 0.0055734 secs]2026-06-17T09:50:28.545+0800: 49.610: [weak refs processing, 0.0004394 secs]2026-06-17T09:50:28.546+0800: 49.611: [class unloading, 0.0007717 secs]2026-06-17T09:50:28.547+0800: 49.612: [scrub symbol table, 0.0006987 secs]2026-06-17T09:50:28.548+0800: 49.614: [scrub string table, 0.0006676 secs][1 CMS-remark: 41591K(43712K)] 46632K(63360K), 0.0114559 secs] [Times: user=0.04 sys=0.00, real=0.01 secs] 
2026-06-17T09:50:28.551+0800: 49.616: [CMS-concurrent-sweep-start]
2026-06-17T09:50:28.551+0800: 49.616: [CMS-concurrent-sweep: 0.000/0.000 secs] [Times: user=0.00 sys=0.00, real=0.00 secs] 
2026-06-17T09:50:28.551+0800: 49.617: [CMS-concurrent-reset-start]
2026-06-17T09:50:28.551+0800: 49.617: [CMS-concurrent-reset: 0.000/0.000 secs] [Times: user=0.00 sys=0.00, real=0.00 secs] 
2026-06-17T09:50:28.583+0800: 49.648: [GC (Allocation Failure) 2026-06-17T09:50:28.583+0800: 49.648: [ParNew: 19594K->2169K(19648K), 0.0074837 secs] 50215K->36787K(63360K), 0.0085307 secs] [Times: user=0.07 sys=0.00, real=0.01 secs] 
2026-06-17T09:50:28.592+0800: 49.657: [GC (CMS Initial Mark) [1 CMS-initial-mark: 34617K(43712K)] 37738K(63360K), 0.0010215 secs] [Times: user=0.00 sys=0.00, real=0.00 secs] 
2026-06-17T09:50:28.594+0800: 49.659: [CMS-concurrent-mark-start]
2026-06-17T09:50:28.594+0800: 49.659: [CMS-concurrent-mark: 0.000/0.000 secs] [Times: user=0.00 sys=0.00, real=0.00 secs] 
2026-06-17T09:50:28.595+0800: 49.660: [CMS-concurrent-preclean-start]
2026-06-17T09:50:28.595+0800: 49.660: [CMS-concurrent-preclean: 0.000/0.000 secs] [Times: user=0.00 sys=0.00, real=0.00 secs] 
2026-06-17T09:50:28.595+0800: 49.660: [GC (CMS Final Remark) [YG occupancy: 3121 K (19648 K)]2026-06-17T09:50:28.595+0800: 49.660: [Rescan (parallel) , 0.0050074 secs]2026-06-17T09:50:28.600+0800: 49.666: [weak refs processing, 0.0002764 secs]2026-06-17T09:50:28.601+0800: 49.666: [class unloading, 0.0004229 secs]2026-06-17T09:50:28.602+0800: 49.667: [scrub symbol table, 0.0006789 secs]2026-06-17T09:50:28.603+0800: 49.668: [scrub string table, 0.0002836 secs][1 CMS-remark: 34617K(43712K)] 37738K(63360K), 0.0084621 secs] [Times: user=0.06 sys=0.00, real=0.01 secs] 
2026-06-17T09:50:28.604+0800: 49.669: [CMS-concurrent-sweep-start]
2026-06-17T09:50:28.604+0800: 49.670: [CMS-concurrent-sweep: 0.000/0.000 secs] [Times: user=0.00 sys=0.00, real=0.00 secs] 
2026-06-17T09:50:28.605+0800: 49.670: [CMS-concurrent-reset-start]
2026-06-17T09:50:28.605+0800: 49.670: [CMS-concurrent-reset: 0.000/0.000 secs] [Times: user=0.00 sys=0.00, real=0.00 secs] 
2026-06-17T09:50:28.636+0800: 49.701: [GC (Allocation Failure) 2026-06-17T09:50:28.637+0800: 49.702: [ParNew: 19540K->2134K(19648K), 0.0107252 secs] 44645K->29355K(63360K), 0.0120497 secs] [Times: user=0.14 sys=0.00, real=0.01 secs] 
2026-06-17T09:50:28.704+0800: 49.769: [GC (Allocation Failure) 2026-06-17T09:50:28.705+0800: 49.770: [ParNew: 19587K->2121K(19648K), 0.0081819 secs] 46808K->33437K(63360K), 0.0099529 secs] [Times: user=0.05 sys=0.00, real=0.01 secs] 
2026-06-17T09:50:28.760+0800: 49.825: [GC (Allocation Failure) 2026-06-17T09:50:28.763+0800: 49.828: [ParNew: 19582K->2174K(19648K), 0.0095508 secs] 50898K->36580K(63360K), 0.0126654 secs] [Times: user=0.09 sys=0.00, real=0.02 secs] 
2026-06-17T09:50:28.774+0800: 49.839: [GC (CMS Initial Mark) [1 CMS-initial-mark: 34406K(43712K)] 37381K(63360K), 0.0023531 secs] [Times: user=0.00 sys=0.00, real=0.00 secs] 
2026-06-17T09:50:28.778+0800: 49.843: [CMS-concurrent-mark-start]
2026-06-17T09:50:28.778+0800: 49.843: [CMS-concurrent-mark: 0.000/0.000 secs] [Times: user=0.00 sys=0.00, real=0.00 secs] 
2026-06-17T09:50:28.779+0800: 49.844: [CMS-concurrent-preclean-start]
2026-06-17T09:50:28.779+0800: 49.844: [CMS-concurrent-preclean: 0.000/0.000 secs] [Times: user=0.00 sys=0.00, real=0.00 secs] 
2026-06-17T09:50:28.779+0800: 49.844: [CMS-concurrent-abortable-preclean-start]
2026-06-17T09:50:28.820+0800: 49.885: [GC (Allocation Failure) 2026-06-17T09:50:28.820+0800: 49.885: [ParNew: 19646K->2175K(19648K), 0.0037456 secs] 54052K->41123K(63360K), 0.0046904 secs] [Times: user=0.03 sys=0.00, real=0.01 secs] 
2026-06-17T09:50:28.868+0800: 49.933: [GC (Allocation Failure) 2026-06-17T09:50:28.868+0800: 49.933: [ParNew: 19641K->19641K(19648K), 0.0005850 secs]2026-06-17T09:50:28.869+0800: 49.934: [CMS2026-06-17T09:50:28.869+0800: 49.935: [CMS-concurrent-abortable-preclean: 0.000/0.090 secs] [Times: user=0.03 sys=0.00, real=0.09 secs] 
 (concurrent mode failure): 38947K->32644K(43712K), 0.0052897 secs] 58589K->32644K(63360K), [Metaspace: 2713K->2713K(1056768K)], 0.0072013 secs] [Times: user=0.01 sys=0.00, real=0.01 secs] 
2026-06-17T09:50:28.918+0800: 49.983: [GC (Allocation Failure) 2026-06-17T09:50:28.918+0800: 49.983: [ParNew: 17341K->2068K(19648K), 0.0016899 secs] 49985K->36220K(63360K), 0.0024422 secs] [Times: user=0.01 sys=0.01, real=0.00 secs] 
2026-06-17T09:50:28.963+0800: 50.028: [GC (Allocation Failure) 2026-06-17T09:50:28.964+0800: 50.029: [ParNew: 19540K->2171K(19648K), 0.0131116 secs] 53692K->43051K(63360K), 0.0152340 secs] [Times: user=0.14 sys=0.00, real=0.02 secs] 
2026-06-17T09:50:28.985+0800: 50.051: [GC (CMS Initial Mark) [1 CMS-initial-mark: 40879K(43712K)] 43108K(63360K), 0.0012819 secs] [Times: user=0.00 sys=0.00, real=0.00 secs] 
2026-06-17T09:50:28.988+0800: 50.053: [CMS-concurrent-mark-start]
2026-06-17T09:50:28.988+0800: 50.053: [CMS-concurrent-mark: 0.001/0.001 secs] [Times: user=0.00 sys=0.00, real=0.00 secs] 
2026-06-17T09:50:28.989+0800: 50.054: [CMS-concurrent-preclean-start]
2026-06-17T09:50:28.989+0800: 50.054: [CMS-concurrent-preclean: 0.000/0.000 secs] [Times: user=0.00 sys=0.00, real=0.00 secs] 
2026-06-17T09:50:28.989+0800: 50.054: [GC (CMS Final Remark) [YG occupancy: 2228 K (19648 K)]2026-06-17T09:50:28.990+0800: 50.055: [Rescan (parallel) , 0.0125843 secs]2026-06-17T09:50:29.003+0800: 50.068: [weak refs processing, 0.0004498 secs]2026-06-17T09:50:29.004+0800: 50.069: [class unloading, 0.0006321 secs]2026-06-17T09:50:29.005+0800: 50.070: [scrub symbol table, 0.0005990 secs]2026-06-17T09:50:29.006+0800: 50.071: [scrub string table, 0.0004856 secs][1 CMS-remark: 40879K(43712K)] 43108K(63360K), 0.0174985 secs] [Times: user=0.15 sys=0.01, real=0.02 secs] 
2026-06-17T09:50:29.008+0800: 50.073: [CMS-concurrent-sweep-start]
2026-06-17T09:50:29.008+0800: 50.073: [CMS-concurrent-sweep: 0.000/0.000 secs] [Times: user=0.00 sys=0.00, real=0.00 secs] 
2026-06-17T09:50:29.008+0800: 50.073: [CMS-concurrent-reset-start]
2026-06-17T09:50:29.008+0800: 50.073: [CMS-concurrent-reset: 0.000/0.000 secs] [Times: user=0.00 sys=0.00, real=0.00 secs] 
2026-06-17T09:50:29.050+0800: 50.115: [GC (Allocation Failure) 2026-06-17T09:50:29.051+0800: 50.116: [ParNew: 19643K->2170K(19648K), 0.0063521 secs] 47241K->32698K(63360K), 0.0078357 secs] [Times: user=0.04 sys=0.01, real=0.01 secs] 
2026-06-17T09:50:29.102+0800: 50.167: [GC (Allocation Failure) 2026-06-17T09:50:29.102+0800: 50.167: [ParNew: 19615K->2169K(19648K), 0.0046653 secs] 50142K->36833K(63360K), 0.0055860 secs] [Times: user=0.05 sys=0.00, real=0.01 secs] 
2026-06-17T09:50:29.108+0800: 50.173: [GC (CMS Initial Mark) [1 CMS-initial-mark: 34663K(43712K)] 37797K(63360K), 0.0009605 secs] [Times: user=0.00 sys=0.00, real=0.00 secs] 
2026-06-17T09:50:29.109+0800: 50.174: [CMS-concurrent-mark-start]
2026-06-17T09:50:29.110+0800: 50.175: [CMS-concurrent-mark: 0.000/0.000 secs] [Times: user=0.00 sys=0.00, real=0.00 secs] 
2026-06-17T09:50:29.110+0800: 50.175: [CMS-concurrent-preclean-start]
2026-06-17T09:50:29.110+0800: 50.175: [CMS-concurrent-preclean: 0.000/0.000 secs] [Times: user=0.00 sys=0.00, real=0.00 secs] 
2026-06-17T09:50:29.110+0800: 50.175: [GC (CMS Final Remark) [YG occupancy: 4159 K (19648 K)]2026-06-17T09:50:29.111+0800: 50.176: [Rescan (parallel) , 0.0017252 secs]2026-06-17T09:50:29.112+0800: 50.178: [weak refs processing, 0.0002515 secs]2026-06-17T09:50:29.113+0800: 50.178: [class unloading, 0.0003519 secs]2026-06-17T09:50:29.114+0800: 50.179: [scrub symbol table, 0.0003565 secs]2026-06-17T09:50:29.114+0800: 50.179: [scrub string table, 0.0003277 secs][1 CMS-remark: 34663K(43712K)] 38823K(63360K), 0.0043648 secs] [Times: user=0.01 sys=0.00, real=0.01 secs] 
2026-06-17T09:50:29.115+0800: 50.180: [CMS-concurrent-sweep-start]
2026-06-17T09:50:29.115+0800: 50.180: [CMS-concurrent-sweep: 0.000/0.000 secs] [Times: user=0.00 sys=0.00, real=0.00 secs] 
2026-06-17T09:50:29.115+0800: 50.180: [CMS-concurrent-reset-start]
2026-06-17T09:50:29.115+0800: 50.181: [CMS-concurrent-reset: 0.000/0.000 secs] [Times: user=0.00 sys=0.00, real=0.00 secs] 
2026-06-17T09:50:29.152+0800: 50.217: [GC (Allocation Failure) 2026-06-17T09:50:29.152+0800: 50.218: [ParNew: 19625K->2172K(19648K), 0.0095578 secs] 42433K->29012K(63360K), 0.0104520 secs] [Times: user=0.13 sys=0.01, real=0.01 secs] 
2026-06-17T09:50:29.207+0800: 50.272: [GC (Allocation Failure) 2026-06-17T09:50:29.207+0800: 50.272: [ParNew: 19640K->2172K(19648K), 0.0117767 secs] 46479K->32972K(63360K), 0.0226821 secs] [Times: user=0.08 sys=0.01, real=0.02 secs] 
2026-06-17T09:50:29.274+0800: 50.339: [GC (Allocation Failure) 2026-06-17T09:50:29.275+0800: 50.340: [ParNew: 19615K->2169K(19648K), 0.0140459 secs] 50416K->37868K(63360K), 0.0158106 secs] [Times: user=0.13 sys=0.00, real=0.02 secs] 
2026-06-17T09:50:29.292+0800: 50.357: [GC (CMS Initial Mark) [1 CMS-initial-mark: 35699K(43712K)] 39333K(63360K), 0.0023603 secs] [Times: user=0.00 sys=0.00, real=0.00 secs] 
2026-06-17T09:50:29.295+0800: 50.360: [CMS-concurrent-mark-start]
2026-06-17T09:50:29.296+0800: 50.361: [CMS-concurrent-mark: 0.001/0.001 secs] [Times: user=0.00 sys=0.00, real=0.00 secs] 
2026-06-17T09:50:29.296+0800: 50.361: [CMS-concurrent-preclean-start]
2026-06-17T09:50:29.296+0800: 50.361: [CMS-concurrent-preclean: 0.000/0.000 secs] [Times: user=0.00 sys=0.00, real=0.00 secs] 
2026-06-17T09:50:29.297+0800: 50.362: [GC (CMS Final Remark) [YG occupancy: 3673 K (19648 K)]2026-06-17T09:50:29.297+0800: 50.362: [Rescan (parallel) , 0.0073510 secs]2026-06-17T09:50:29.305+0800: 50.370: [weak refs processing, 0.0008463 secs]2026-06-17T09:50:29.307+0800: 50.372: [class unloading, 0.0009610 secs]2026-06-17T09:50:29.308+0800: 50.373: [scrub symbol table, 0.0007280 secs]2026-06-17T09:50:29.310+0800: 50.375: [scrub string table, 0.0005419 secs][1 CMS-remark: 35699K(43712K)] 39372K(63360K), 0.0136911 secs] [Times: user=0.10 sys=0.00, real=0.02 secs] 
2026-06-17T09:50:29.312+0800: 50.377: [CMS-concurrent-sweep-start]
2026-06-17T09:50:29.312+0800: 50.377: [CMS-concurrent-sweep: 0.000/0.000 secs] [Times: user=0.00 sys=0.00, real=0.00 secs] 
2026-06-17T09:50:29.312+0800: 50.378: [CMS-concurrent-reset-start]
2026-06-17T09:50:29.312+0800: 50.378: [CMS-concurrent-reset: 0.000/0.000 secs] [Times: user=0.00 sys=0.00, real=0.00 secs] 
2026-06-17T09:50:29.355+0800: 50.420: [GC (Allocation Failure) 2026-06-17T09:50:29.355+0800: 50.420: [ParNew: 19599K->1927K(19648K), 0.0026971 secs] 52280K->36220K(63360K), 0.0037963 secs] [Times: user=0.01 sys=0.00, real=0.00 secs] 
2026-06-17T09:50:29.359+0800: 50.424: [GC (CMS Initial Mark) [1 CMS-initial-mark: 34293K(43712K)] 37100K(63360K), 0.0016185 secs] [Times: user=0.00 sys=0.00, real=0.00 secs] 
2026-06-17T09:50:29.362+0800: 50.427: [CMS-concurrent-mark-start]
2026-06-17T09:50:29.362+0800: 50.427: [CMS-concurrent-mark: 0.001/0.001 secs] [Times: user=0.00 sys=0.00, real=0.00 secs] 
2026-06-17T09:50:29.362+0800: 50.428: [CMS-concurrent-preclean-start]
2026-06-17T09:50:29.362+0800: 50.428: [CMS-concurrent-preclean: 0.000/0.000 secs] [Times: user=0.00 sys=0.00, real=0.01 secs] 
2026-06-17T09:50:29.363+0800: 50.428: [CMS-concurrent-abortable-preclean-start]
2026-06-17T09:50:29.393+0800: 50.459: [GC (Allocation Failure) 2026-06-17T09:50:29.394+0800: 50.459: [ParNew: 19289K->2126K(19648K), 0.0038725 secs] 53583K->39738K(63360K), 0.0049259 secs] [Times: user=0.03 sys=0.00, real=0.00 secs] 
2026-06-17T09:50:29.452+0800: 50.517: [GC (Allocation Failure) 2026-06-17T09:50:29.452+0800: 50.517: [ParNew: 19567K->2156K(19648K), 0.0103635 secs] 57179K->43412K(63360K), 0.0115042 secs] [Times: user=0.11 sys=0.01, real=0.01 secs] 
2026-06-17T09:50:29.506+0800: 50.571: [GC (Allocation Failure) 2026-06-17T09:50:29.507+0800: 50.572: [ParNew: 19623K->19623K(19648K), 0.0006852 secs]2026-06-17T09:50:29.508+0800: 50.573: [CMS2026-06-17T09:50:29.508+0800: 50.574: [CMS-concurrent-abortable-preclean: 0.000/0.146 secs] [Times: user=0.14 sys=0.01, real=0.14 secs] 
 (concurrent mode failure): 41255K->29346K(43712K), 0.0054712 secs] 60879K->29346K(63360K), [Metaspace: 2713K->2713K(1056768K)], 0.0081200 secs] [Times: user=0.01 sys=0.00, real=0.01 secs] 
2026-06-17T09:50:29.559+0800: 50.624: [GC (Allocation Failure) 2026-06-17T09:50:29.562+0800: 50.627: [ParNew: 17444K->2169K(19648K), 0.0101606 secs] 46790K->36106K(63360K), 0.0136312 secs] [Times: user=0.06 sys=0.00, real=0.02 secs] 
2026-06-17T09:50:29.579+0800: 50.644: [GC (CMS Initial Mark) [1 CMS-initial-mark: 33936K(43712K)] 37413K(63360K), 0.0046748 secs] [Times: user=0.00 sys=0.00, real=0.01 secs] 
2026-06-17T09:50:29.586+0800: 50.651: [CMS-concurrent-mark-start]
2026-06-17T09:50:29.586+0800: 50.651: [CMS-concurrent-mark: 0.000/0.000 secs] [Times: user=0.00 sys=0.01, real=0.00 secs] 
2026-06-17T09:50:29.587+0800: 50.652: [CMS-concurrent-preclean-start]
2026-06-17T09:50:29.587+0800: 50.652: [CMS-concurrent-preclean: 0.000/0.000 secs] [Times: user=0.00 sys=0.00, real=0.00 secs] 
2026-06-17T09:50:29.589+0800: 50.654: [CMS-concurrent-abortable-preclean-start]
2026-06-17T09:50:29.629+0800: 50.694: [GC (Allocation Failure) 2026-06-17T09:50:29.630+0800: 50.695: [ParNew: 19635K->2175K(19648K), 0.0128574 secs] 53571K->40307K(63360K), 0.0143086 secs] [Times: user=0.13 sys=0.00, real=0.02 secs] 
2026-06-17T09:50:29.687+0800: 50.752: [GC (Allocation Failure) 2026-06-17T09:50:29.688+0800: 50.753: [ParNew: 19647K->19647K(19648K), 0.0004158 secs]2026-06-17T09:50:29.689+0800: 50.754: [CMS2026-06-17T09:50:29.689+0800: 50.754: [CMS-concurrent-abortable-preclean: 0.000/0.100 secs] [Times: user=0.14 sys=0.00, real=0.10 secs] 
 (concurrent mode failure): 38132K->29722K(43712K), 0.0046411 secs] 57779K->29722K(63360K), [Metaspace: 2713K->2713K(1056768K)], 0.0129309 secs] [Times: user=0.00 sys=0.00, real=0.01 secs] 
2026-06-17T09:50:29.745+0800: 50.810: [GC (Allocation Failure) 2026-06-17T09:50:29.745+0800: 50.810: [ParNew: 17431K->2174K(19648K), 0.0123224 secs] 47153K->36916K(63360K), 0.0136191 secs] [Times: user=0.12 sys=0.00, real=0.01 secs] 
2026-06-17T09:50:29.766+0800: 50.831: [GC (CMS Initial Mark) [1 CMS-initial-mark: 34742K(43712K)] 37728K(63360K), 0.0012798 secs] [Times: user=0.00 sys=0.00, real=0.00 secs] 
2026-06-17T09:50:29.768+0800: 50.833: [CMS-concurrent-mark-start]
2026-06-17T09:50:29.769+0800: 50.834: [CMS-concurrent-mark: 0.000/0.000 secs] [Times: user=0.00 sys=0.00, real=0.00 secs] 
2026-06-17T09:50:29.769+0800: 50.834: [CMS-concurrent-preclean-start]
2026-06-17T09:50:29.769+0800: 50.834: [CMS-concurrent-preclean: 0.000/0.000 secs] [Times: user=0.00 sys=0.00, real=0.00 secs] 
2026-06-17T09:50:29.769+0800: 50.834: [GC (CMS Final Remark) [YG occupancy: 2986 K (19648 K)]2026-06-17T09:50:29.769+0800: 50.834: [Rescan (parallel) , 0.0079777 secs]2026-06-17T09:50:29.778+0800: 50.843: [weak refs processing, 0.0006379 secs]2026-06-17T09:50:29.779+0800: 50.844: [class unloading, 0.0006971 secs]2026-06-17T09:50:29.780+0800: 50.845: [scrub symbol table, 0.0006160 secs]2026-06-17T09:50:29.781+0800: 50.846: [scrub string table, 0.0005038 secs][1 CMS-remark: 34742K(43712K)] 37728K(63360K), 0.0126653 secs] [Times: user=0.10 sys=0.00, real=0.01 secs] 
2026-06-17T09:50:29.783+0800: 50.848: [CMS-concurrent-sweep-start]
2026-06-17T09:50:29.783+0800: 50.848: [CMS-concurrent-sweep: 0.000/0.000 secs] [Times: user=0.00 sys=0.00, real=0.00 secs] 
2026-06-17T09:50:29.783+0800: 50.848: [CMS-concurrent-reset-start]
2026-06-17T09:50:29.783+0800: 50.848: [CMS-concurrent-reset: 0.000/0.000 secs] [Times: user=0.00 sys=0.00, real=0.00 secs] 
2026-06-17T09:50:29.824+0800: 50.890: [GC (Allocation Failure) 2026-06-17T09:50:29.825+0800: 50.890: [ParNew: 19646K->2086K(19648K), 0.0092950 secs] 41709K->26350K(63360K), 0.0104236 secs] [Times: user=0.10 sys=0.00, real=0.01 secs] 
2026-06-17T09:50:29.869+0800: 50.934: [GC (Allocation Failure) 2026-06-17T09:50:29.870+0800: 50.935: [ParNew: 18884K->2100K(19648K), 0.0063755 secs] 43148K->28816K(63360K), 0.0075396 secs] [Times: user=0.06 sys=0.00, real=0.01 secs] 
2026-06-17T09:50:29.930+0800: 50.995: [GC (Allocation Failure) 2026-06-17T09:50:29.931+0800: 50.996: [ParNew: 19554K->2162K(19648K), 0.0088887 secs] 46270K->32621K(63360K), 0.0102749 secs] [Times: user=0.10 sys=0.00, real=0.01 secs] 
2026-06-17T09:50:29.985+0800: 51.050: [GC (Allocation Failure) 2026-06-17T09:50:29.985+0800: 51.050: [ParNew: 19621K->2170K(19648K), 0.0108356 secs] 50080K->36831K(63360K), 0.0201058 secs] [Times: user=0.09 sys=0.00, real=0.02 secs] 
2026-06-17T09:50:30.007+0800: 51.072: [GC (CMS Initial Mark) [1 CMS-initial-mark: 34661K(43712K)] 38644K(63360K), 0.0039006 secs] [Times: user=0.00 sys=0.01, real=0.01 secs] 
2026-06-17T09:50:30.012+0800: 51.077: [CMS-concurrent-mark-start]
2026-06-17T09:50:30.013+0800: 51.078: [CMS-concurrent-mark: 0.000/0.000 secs] [Times: user=0.00 sys=0.00, real=0.00 secs] 
2026-06-17T09:50:30.013+0800: 51.078: [CMS-concurrent-preclean-start]
2026-06-17T09:50:30.013+0800: 51.078: [CMS-concurrent-preclean: 0.000/0.000 secs] [Times: user=0.00 sys=0.00, real=0.00 secs] 
2026-06-17T09:50:30.014+0800: 51.079: [CMS-concurrent-abortable-preclean-start]
2026-06-17T09:50:30.055+0800: 51.120: [GC (Allocation Failure) 2026-06-17T09:50:30.055+0800: 51.120: [ParNew: 19621K->2172K(19648K), 0.0045451 secs] 54282K->41758K(63360K), 0.0058506 secs] [Times: user=0.03 sys=0.00, real=0.00 secs] 
2026-06-17T09:50:30.105+0800: 51.170: [GC (Allocation Failure) 2026-06-17T09:50:30.106+0800: 51.171: [ParNew: 19186K->19186K(19648K), 0.0005240 secs]2026-06-17T09:50:30.107+0800: 51.172: [CMS2026-06-17T09:50:30.108+0800: 51.173: [CMS-concurrent-abortable-preclean: 0.000/0.094 secs] [Times: user=0.04 sys=0.00, real=0.09 secs] 
 (concurrent mode failure): 39585K->27672K(43712K), 0.0076874 secs] 58771K->27672K(63360K), [Metaspace: 2713K->2713K(1056768K)], 0.0104024 secs] [Times: user=0.00 sys=0.00, real=0.01 secs] 
2026-06-17T09:50:30.160+0800: 51.225: [GC (Allocation Failure) 2026-06-17T09:50:30.163+0800: 51.228: [ParNew: 17369K->2112K(19648K), 0.0161911 secs] 45042K->31107K(63360K), 0.0196137 secs] [Times: user=0.13 sys=0.00, real=0.02 secs] 
2026-06-17T09:50:30.234+0800: 51.300: [GC (Allocation Failure) 2026-06-17T09:50:30.236+0800: 51.301: [ParNew: 19584K->2174K(19648K), 0.0115880 secs] 48579K->34774K(63360K), 0.0138223 secs] [Times: user=0.10 sys=0.01, real=0.01 secs] 
2026-06-17T09:50:30.294+0800: 51.359: [GC (Allocation Failure) 2026-06-17T09:50:30.295+0800: 51.361: [ParNew: 19614K->2175K(19648K), 0.0059531 secs] 52213K->38734K(63360K), 0.0077064 secs] [Times: user=0.03 sys=0.00, real=0.01 secs] 
2026-06-17T09:50:30.304+0800: 51.369: [GC (CMS Initial Mark) [1 CMS-initial-mark: 36558K(43712K)] 41211K(63360K), 0.0021029 secs] [Times: user=0.00 sys=0.00, real=0.00 secs] 
2026-06-17T09:50:30.306+0800: 51.371: [CMS-concurrent-mark-start]
2026-06-17T09:50:30.307+0800: 51.372: [CMS-concurrent-mark: 0.000/0.000 secs] [Times: user=0.00 sys=0.00, real=0.00 secs] 
2026-06-17T09:50:30.307+0800: 51.372: [CMS-concurrent-preclean-start]
2026-06-17T09:50:30.307+0800: 51.372: [CMS-concurrent-preclean: 0.000/0.000 secs] [Times: user=0.00 sys=0.00, real=0.00 secs] 
2026-06-17T09:50:30.307+0800: 51.372: [CMS-concurrent-abortable-preclean-start]
2026-06-17T09:50:30.348+0800: 51.414: [GC (Allocation Failure) 2026-06-17T09:50:30.349+0800: 51.415: [ParNew: 19645K->2170K(19648K), 0.0116733 secs] 56204K->44180K(63360K), 0.0136374 secs] [Times: user=0.09 sys=0.01, real=0.02 secs] 
2026-06-17T09:50:30.363+0800: 51.428: [CMS-concurrent-abortable-preclean: 0.000/0.056 secs] [Times: user=0.10 sys=0.01, real=0.06 secs] 
2026-06-17T09:50:30.364+0800: 51.429: [GC (CMS Final Remark) [YG occupancy: 3879 K (19648 K)]2026-06-17T09:50:30.364+0800: 51.429: [Rescan (parallel) , 0.0052188 secs]2026-06-17T09:50:30.370+0800: 51.435: [weak refs processing, 0.0005048 secs]2026-06-17T09:50:30.371+0800: 51.436: [class unloading, 0.0004003 secs]2026-06-17T09:50:30.371+0800: 51.436: [scrub symbol table, 0.0004483 secs]2026-06-17T09:50:30.372+0800: 51.437: [scrub string table, 0.0002922 secs][1 CMS-remark: 42010K(43712K)] 45889K(63360K), 0.0089604 secs] [Times: user=0.05 sys=0.00, real=0.01 secs] 
2026-06-17T09:50:30.373+0800: 51.438: [CMS-concurrent-sweep-start]
2026-06-17T09:50:30.373+0800: 51.438: [CMS-concurrent-sweep: 0.000/0.000 secs] [Times: user=0.00 sys=0.00, real=0.00 secs] 
2026-06-17T09:50:30.374+0800: 51.439: [CMS-concurrent-reset-start]
2026-06-17T09:50:30.374+0800: 51.439: [CMS-concurrent-reset: 0.000/0.000 secs] [Times: user=0.00 sys=0.00, real=0.00 secs] 
2026-06-17T09:50:30.415+0800: 51.481: [GC (Allocation Failure) 2026-06-17T09:50:30.416+0800: 51.481: [ParNew: 19633K->2077K(19648K), 0.0077739 secs] 52396K->37115K(63360K), 0.0089889 secs] [Times: user=0.06 sys=0.01, real=0.01 secs] 
2026-06-17T09:50:30.426+0800: 51.491: [GC (CMS Initial Mark) [1 CMS-initial-mark: 35038K(43712K)] 38015K(63360K), 0.0018972 secs] [Times: user=0.00 sys=0.00, real=0.00 secs] 
2026-06-17T09:50:30.428+0800: 51.494: [CMS-concurrent-mark-start]
2026-06-17T09:50:30.429+0800: 51.494: [CMS-concurrent-mark: 0.000/0.000 secs] [Times: user=0.00 sys=0.00, real=0.00 secs] 
2026-06-17T09:50:30.429+0800: 51.495: [CMS-concurrent-preclean-start]
2026-06-17T09:50:30.429+0800: 51.495: [CMS-concurrent-preclean: 0.000/0.000 secs] [Times: user=0.00 sys=0.00, real=0.00 secs] 
2026-06-17T09:50:30.430+0800: 51.495: [CMS-concurrent-abortable-preclean-start]
2026-06-17T09:50:30.460+0800: 51.526: [GC (Allocation Failure) 2026-06-17T09:50:30.461+0800: 51.526: [ParNew: 19544K->2113K(19648K), 0.0041865 secs] 54582K->40834K(63360K), 0.0054588 secs] [Times: user=0.02 sys=0.00, real=0.01 secs] 
2026-06-17T09:50:30.520+0800: 51.585: [GC (Allocation Failure) 2026-06-17T09:50:30.520+0800: 51.585: [ParNew: 19566K->19566K(19648K), 0.0003108 secs]2026-06-17T09:50:30.521+0800: 51.586: [CMS2026-06-17T09:50:30.521+0800: 51.586: [CMS-concurrent-abortable-preclean: 0.000/0.091 secs] [Times: user=0.02 sys=0.00, real=0.09 secs] 
 (concurrent mode failure): 38721K->31457K(43712K), 0.0048904 secs] 58288K->31457K(63360K), [Metaspace: 2713K->2713K(1056768K)], 0.0062867 secs] [Times: user=0.01 sys=0.00, real=0.01 secs] 
2026-06-17T09:50:30.568+0800: 51.633: [GC (Allocation Failure) 2026-06-17T09:50:30.569+0800: 51.634: [ParNew: 17425K->2164K(19648K), 0.0119002 secs] 48883K->35052K(63360K), 0.0130444 secs] [Times: user=0.11 sys=0.00, real=0.01 secs] 
2026-06-17T09:50:30.624+0800: 51.689: [GC (Allocation Failure) 2026-06-17T09:50:30.625+0800: 51.690: [ParNew: 19634K->2173K(19648K), 0.0083940 secs] 52522K->42177K(63360K), 0.0093407 secs] [Times: user=0.08 sys=0.00, real=0.01 secs] 
2026-06-17T09:50:30.634+0800: 51.700: [GC (CMS Initial Mark) [1 CMS-initial-mark: 40004K(43712K)] 43447K(63360K), 0.0014088 secs] [Times: user=0.00 sys=0.00, real=0.00 secs] 
2026-06-17T09:50:30.637+0800: 51.702: [CMS-concurrent-mark-start]
2026-06-17T09:50:30.637+0800: 51.702: [CMS-concurrent-mark: 0.000/0.000 secs] [Times: user=0.00 sys=0.00, real=0.00 secs] 
2026-06-17T09:50:30.637+0800: 51.702: [CMS-concurrent-preclean-start]
2026-06-17T09:50:30.637+0800: 51.703: [CMS-concurrent-preclean: 0.000/0.000 secs] [Times: user=0.00 sys=0.00, real=0.00 secs] 
2026-06-17T09:50:30.638+0800: 51.703: [GC (CMS Final Remark) [YG occupancy: 3442 K (19648 K)]2026-06-17T09:50:30.638+0800: 51.703: [Rescan (parallel) , 0.0041072 secs]2026-06-17T09:50:30.643+0800: 51.708: [weak refs processing, 0.0003391 secs]2026-06-17T09:50:30.644+0800: 51.709: [class unloading, 0.0005217 secs]2026-06-17T09:50:30.645+0800: 51.710: [scrub symbol table, 0.0004902 secs]2026-06-17T09:50:30.645+0800: 51.710: [scrub string table, 0.0003417 secs][1 CMS-remark: 40004K(43712K)] 43447K(63360K), 0.0081024 secs] [Times: user=0.04 sys=0.00, real=0.01 secs] 
2026-06-17T09:50:30.647+0800: 51.712: [CMS-concurrent-sweep-start]
2026-06-17T09:50:30.647+0800: 51.712: [CMS-concurrent-sweep: 0.000/0.000 secs] [Times: user=0.00 sys=0.00, real=0.00 secs] 
2026-06-17T09:50:30.647+0800: 51.712: [CMS-concurrent-reset-start]
2026-06-17T09:50:30.647+0800: 51.712: [CMS-concurrent-reset: 0.000/0.000 secs] [Times: user=0.00 sys=0.00, real=0.00 secs] 
2026-06-17T09:50:30.688+0800: 51.753: [GC (Allocation Failure) 2026-06-17T09:50:30.689+0800: 51.754: [ParNew: 19606K->2050K(19648K), 0.0077273 secs] 41152K->26151K(63360K), 0.0089204 secs] [Times: user=0.08 sys=0.00, real=0.01 secs] 
2026-06-17T09:50:30.740+0800: 51.805: [GC (Allocation Failure) 2026-06-17T09:50:30.741+0800: 51.806: [ParNew: 19522K->2074K(19648K), 0.0107970 secs] 43623K->29187K(63360K), 0.0152660 secs] [Times: user=0.10 sys=0.01, real=0.02 secs] 
2026-06-17T09:50:30.802+0800: 51.867: [GC (Allocation Failure) 2026-06-17T09:50:30.803+0800: 51.868: [ParNew: 19540K->2169K(19648K), 0.0067648 secs] 46653K->32732K(63360K), 0.0080693 secs] [Times: user=0.06 sys=0.00, real=0.02 secs] 
2026-06-17T09:50:30.854+0800: 51.919: [GC (Allocation Failure) 2026-06-17T09:50:30.855+0800: 51.920: [ParNew: 19597K->2171K(19648K), 0.0055953 secs] 50159K->36547K(63360K), 0.0072700 secs] [Times: user=0.03 sys=0.00, real=0.00 secs] 
2026-06-17T09:50:30.863+0800: 51.928: [GC (CMS Initial Mark) [1 CMS-initial-mark: 34375K(43712K)] 37233K(63360K), 0.0019730 secs] [Times: user=0.00 sys=0.00, real=0.00 secs] 
2026-06-17T09:50:30.866+0800: 51.931: [CMS-concurrent-mark-start]
2026-06-17T09:50:30.866+0800: 51.931: [CMS-concurrent-mark: 0.000/0.000 secs] [Times: user=0.00 sys=0.00, real=0.00 secs] 
2026-06-17T09:50:30.867+0800: 51.932: [CMS-concurrent-preclean-start]
2026-06-17T09:50:30.867+0800: 51.932: [CMS-concurrent-preclean: 0.000/0.000 secs] [Times: user=0.00 sys=0.00, real=0.00 secs] 
2026-06-17T09:50:30.867+0800: 51.932: [CMS-concurrent-abortable-preclean-start]
2026-06-17T09:50:30.908+0800: 51.973: [GC (Allocation Failure) 2026-06-17T09:50:30.909+0800: 51.974: [ParNew: 19643K->2175K(19648K), 0.0238376 secs] 54019K->41561K(63360K), 0.0250299 secs] [Times: user=0.19 sys=0.00, real=0.03 secs] 
2026-06-17T09:50:30.976+0800: 52.041: [GC (Allocation Failure) 2026-06-17T09:50:30.977+0800: 52.042: [ParNew: 19632K->19632K(19648K), 0.0009301 secs]2026-06-17T09:50:30.979+0800: 52.044: [CMS2026-06-17T09:50:30.979+0800: 52.044: [CMS-concurrent-abortable-preclean: 0.000/0.112 secs] [Times: user=0.19 sys=0.00, real=0.11 secs] 
 (concurrent mode failure): 39386K->32262K(43712K), 0.0065014 secs] 59019K->32262K(63360K), [Metaspace: 2713K->2713K(1056768K)], 0.0096837 secs] [Times: user=0.01 sys=0.00, real=0.01 secs] 
2026-06-17T09:50:31.030+0800: 52.095: [GC (Allocation Failure) 2026-06-17T09:50:31.030+0800: 52.095: [ParNew: 17458K->1961K(19648K), 0.0114662 secs] 49720K->36129K(63360K), 0.0124615 secs] [Times: user=0.10 sys=0.01, real=0.01 secs] 
2026-06-17T09:50:31.084+0800: 52.150: [GC (Allocation Failure) 2026-06-17T09:50:31.085+0800: 52.150: [ParNew: 19433K->2173K(19648K), 0.0080092 secs] 53601K->42986K(63360K), 0.0091620 secs] [Times: user=0.07 sys=0.00, real=0.01 secs] 
2026-06-17T09:50:31.095+0800: 52.160: [GC (CMS Initial Mark) [1 CMS-initial-mark: 40812K(43712K)] 43494K(63360K), 0.0012072 secs] [Times: user=0.00 sys=0.00, real=0.00 secs] 
2026-06-17T09:50:31.097+0800: 52.162: [CMS-concurrent-mark-start]
2026-06-17T09:50:31.097+0800: 52.163: [CMS-concurrent-mark: 0.000/0.000 secs] [Times: user=0.00 sys=0.00, real=0.00 secs] 
2026-06-17T09:50:31.098+0800: 52.163: [CMS-concurrent-preclean-start]
2026-06-17T09:50:31.098+0800: 52.163: [CMS-concurrent-preclean: 0.000/0.000 secs] [Times: user=0.00 sys=0.00, real=0.00 secs] 
2026-06-17T09:50:31.099+0800: 52.164: [GC (CMS Final Remark) [YG occupancy: 2692 K (19648 K)]2026-06-17T09:50:31.099+0800: 52.164: [Rescan (parallel) , 0.0073594 secs]2026-06-17T09:50:31.107+0800: 52.172: [weak refs processing, 0.0002556 secs]2026-06-17T09:50:31.107+0800: 52.173: [class unloading, 0.0006078 secs]2026-06-17T09:50:31.109+0800: 52.174: [scrub symbol table, 0.0005531 secs]2026-06-17T09:50:31.109+0800: 52.175: [scrub string table, 0.0004283 secs][1 CMS-remark: 40812K(43712K)] 43505K(63360K), 0.0117258 secs] [Times: user=0.07 sys=0.00, real=0.02 secs] 
2026-06-17T09:50:31.111+0800: 52.176: [CMS-concurrent-sweep-start]
2026-06-17T09:50:31.111+0800: 52.177: [CMS-concurrent-sweep: 0.000/0.000 secs] [Times: user=0.00 sys=0.00, real=0.00 secs] 
2026-06-17T09:50:31.112+0800: 52.177: [CMS-concurrent-reset-start]
2026-06-17T09:50:31.112+0800: 52.177: [CMS-concurrent-reset: 0.000/0.000 secs] [Times: user=0.00 sys=0.00, real=0.00 secs] 
2026-06-17T09:50:31.154+0800: 52.219: [GC (Allocation Failure) 2026-06-17T09:50:31.155+0800: 52.220: [ParNew: 19639K->2069K(19648K), 0.0090490 secs] 47813K->32832K(63360K), 0.0109143 secs] [Times: user=0.10 sys=0.00, real=0.01 secs] 
2026-06-17T09:50:31.209+0800: 52.274: [GC (Allocation Failure) 2026-06-17T09:50:31.210+0800: 52.275: [ParNew: 19521K->2035K(19648K), 0.0105745 secs] 50284K->36335K(63360K), 0.0116973 secs] [Times: user=0.07 sys=0.01, real=0.01 secs] 
2026-06-17T09:50:31.221+0800: 52.287: [GC (CMS Initial Mark) [1 CMS-initial-mark: 34300K(43712K)] 37237K(63360K), 0.0010381 secs] [Times: user=0.00 sys=0.00, real=0.01 secs] 
2026-06-17T09:50:31.223+0800: 52.288: [CMS-concurrent-mark-start]
2026-06-17T09:50:31.233+0800: 52.298: [CMS-concurrent-mark: 0.010/0.010 secs] [Times: user=0.03 sys=0.00, real=0.01 secs] 
2026-06-17T09:50:31.233+0800: 52.298: [CMS-concurrent-preclean-start]
2026-06-17T09:50:31.233+0800: 52.298: [CMS-concurrent-preclean: 0.000/0.000 secs] [Times: user=0.00 sys=0.00, real=0.00 secs] 
2026-06-17T09:50:31.234+0800: 52.299: [CMS-concurrent-abortable-preclean-start]
2026-06-17T09:50:31.265+0800: 52.330: [GC (Allocation Failure) 2026-06-17T09:50:31.265+0800: 52.330: [ParNew: 19507K->2168K(19648K), 0.0120187 secs] 53807K->39926K(63360K), 0.0131270 secs] [Times: user=0.13 sys=0.00, real=0.01 secs] 
2026-06-17T09:50:31.321+0800: 52.386: [GC (Allocation Failure) 2026-06-17T09:50:31.321+0800: 52.387: [ParNew: 19623K->2175K(19648K), 0.0107877 secs] 57381K->44286K(63360K), 0.0123948 secs] [Times: user=0.08 sys=0.01, real=0.02 secs] 
2026-06-17T09:50:31.334+0800: 52.399: [CMS-concurrent-abortable-preclean: 0.000/0.101 secs] [Times: user=0.22 sys=0.01, real=0.10 secs] 
2026-06-17T09:50:31.335+0800: 52.400: [GC (CMS Final Remark) [YG occupancy: 5551 K (19648 K)]2026-06-17T09:50:31.336+0800: 52.401: [Rescan (parallel) , 0.0068903 secs]2026-06-17T09:50:31.343+0800: 52.408: [weak refs processing, 0.0003499 secs]2026-06-17T09:50:31.344+0800: 52.409: [class unloading, 0.0006606 secs]2026-06-17T09:50:31.345+0800: 52.410: [scrub symbol table, 0.0006964 secs]2026-06-17T09:50:31.346+0800: 52.411: [scrub string table, 0.0005471 secs][1 CMS-remark: 42111K(43712K)] 47662K(63360K), 0.0120897 secs] [Times: user=0.05 sys=0.00, real=0.01 secs] 
2026-06-17T09:50:31.348+0800: 52.413: [CMS-concurrent-sweep-start]
2026-06-17T09:50:31.349+0800: 52.414: [CMS-concurrent-sweep: 0.000/0.000 secs] [Times: user=0.00 sys=0.00, real=0.00 secs] 
2026-06-17T09:50:31.349+0800: 52.414: [CMS-concurrent-reset-start]
2026-06-17T09:50:31.349+0800: 52.414: [CMS-concurrent-reset: 0.000/0.000 secs] [Times: user=0.00 sys=0.00, real=0.00 secs] 
2026-06-17T09:50:31.380+0800: 52.445: [GC (Allocation Failure) 2026-06-17T09:50:31.380+0800: 52.446: [ParNew: 19647K->2175K(19648K), 0.0067996 secs] 48859K->36193K(63360K), 0.0081625 secs] [Times: user=0.04 sys=0.00, real=0.01 secs] 
2026-06-17T09:50:31.390+0800: 52.455: [GC (CMS Initial Mark) [1 CMS-initial-mark: 34017K(43712K)] 37495K(63360K), 0.0017255 secs] [Times: user=0.00 sys=0.00, real=0.01 secs] 
2026-06-17T09:50:31.392+0800: 52.458: [CMS-concurrent-mark-start]
2026-06-17T09:50:31.393+0800: 52.458: [CMS-concurrent-mark: 0.000/0.000 secs] [Times: user=0.00 sys=0.00, real=0.00 secs] 
2026-06-17T09:50:31.394+0800: 52.459: [CMS-concurrent-preclean-start]
2026-06-17T09:50:31.394+0800: 52.459: [CMS-concurrent-preclean: 0.000/0.000 secs] [Times: user=0.00 sys=0.00, real=0.00 secs] 
2026-06-17T09:50:31.394+0800: 52.459: [CMS-concurrent-abortable-preclean-start]
2026-06-17T09:50:31.435+0800: 52.500: [GC (Allocation Failure) 2026-06-17T09:50:31.436+0800: 52.501: [ParNew: 19635K->2173K(19648K), 0.0116480 secs] 53653K->40451K(63360K), 0.0131436 secs] [Times: user=0.14 sys=0.01, real=0.01 secs] 
2026-06-17T09:50:31.493+0800: 52.558: [GC (Allocation Failure) 2026-06-17T09:50:31.494+0800: 52.559: [ParNew: 19639K->2000K(19648K), 0.0134528 secs] 57916K->42357K(63360K), 0.0148321 secs] [Times: user=0.10 sys=0.00, real=0.01 secs] 
2026-06-17T09:50:31.553+0800: 52.618: [GC (Allocation Failure) 2026-06-17T09:50:31.554+0800: 52.619: [ParNew: 19466K->19466K(19648K), 0.0011437 secs]2026-06-17T09:50:31.556+0800: 52.621: [CMS2026-06-17T09:50:31.557+0800: 52.622: [CMS-concurrent-abortable-preclean: 0.000/0.163 secs] [Times: user=0.26 sys=0.01, real=0.16 secs] 
 (concurrent mode failure): 40357K->34209K(43712K), 0.0084084 secs] 59823K->34209K(63360K), [Metaspace: 2713K->2713K(1056768K)], 0.0122754 secs] [Times: user=0.00 sys=0.00, real=0.01 secs] 
2026-06-17T09:50:31.618+0800: 52.684: [GC (Allocation Failure) 2026-06-17T09:50:31.619+0800: 52.684: [ParNew: 17461K->2153K(19648K), 0.0125964 secs] 51671K->37123K(63360K), 0.0140668 secs] [Times: user=0.10 sys=0.00, real=0.02 secs] 
2026-06-17T09:50:31.676+0800: 52.741: [GC (Allocation Failure) 2026-06-17T09:50:31.676+0800: 52.741: [ParNew: 19616K->2159K(19648K), 0.0091576 secs] 54586K->40439K(63360K), 0.0104631 secs] [Times: user=0.09 sys=0.00, real=0.01 secs] 
2026-06-17T09:50:31.687+0800: 52.752: [GC (CMS Initial Mark) [1 CMS-initial-mark: 38279K(43712K)] 42256K(63360K), 0.0017932 secs] [Times: user=0.00 sys=0.00, real=0.00 secs] 
2026-06-17T09:50:31.690+0800: 52.755: [CMS-concurrent-mark-start]
2026-06-17T09:50:31.690+0800: 52.755: [CMS-concurrent-mark: 0.001/0.001 secs] [Times: user=0.00 sys=0.00, real=0.00 secs] 
2026-06-17T09:50:31.691+0800: 52.756: [CMS-concurrent-preclean-start]
2026-06-17T09:50:31.691+0800: 52.756: [CMS-concurrent-preclean: 0.000/0.000 secs] [Times: user=0.00 sys=0.00, real=0.00 secs] 
2026-06-17T09:50:31.691+0800: 52.756: [CMS-concurrent-abortable-preclean-start]
2026-06-17T09:50:31.732+0800: 52.797: [GC (Allocation Failure) 2026-06-17T09:50:31.733+0800: 52.798: [ParNew: 19631K->2175K(19648K), 0.0070800 secs] 57911K->43919K(63360K), 0.0086793 secs] [Times: user=0.06 sys=0.01, real=0.00 secs] 
2026-06-17T09:50:31.741+0800: 52.807: [CMS-concurrent-abortable-preclean: 0.000/0.050 secs] [Times: user=0.07 sys=0.01, real=0.04 secs] 
2026-06-17T09:50:31.742+0800: 52.807: [GC (CMS Final Remark) [YG occupancy: 3877 K (19648 K)]2026-06-17T09:50:31.742+0800: 52.808: [Rescan (parallel) , 0.0031003 secs]2026-06-17T09:50:31.746+0800: 52.811: [weak refs processing, 0.0004846 secs]2026-06-17T09:50:31.747+0800: 52.812: [class unloading, 0.0006221 secs]2026-06-17T09:50:31.748+0800: 52.813: [scrub symbol table, 0.0005601 secs]2026-06-17T09:50:31.750+0800: 52.815: [scrub string table, 0.0005148 secs][1 CMS-remark: 41744K(43712K)] 45621K(63360K), 0.0085342 secs] [Times: user=0.02 sys=0.00, real=0.02 secs] 
2026-06-17T09:50:31.752+0800: 52.817: [CMS-concurrent-sweep-start]
2026-06-17T09:50:31.752+0800: 52.817: [CMS-concurrent-sweep: 0.000/0.000 secs] [Times: user=0.00 sys=0.00, real=0.00 secs] 
2026-06-17T09:50:31.752+0800: 52.817: [CMS-concurrent-reset-start]
2026-06-17T09:50:31.752+0800: 52.818: [CMS-concurrent-reset: 0.000/0.000 secs] [Times: user=0.00 sys=0.00, real=0.00 secs] 
2026-06-17T09:50:31.783+0800: 52.849: [GC (Allocation Failure) 2026-06-17T09:50:31.786+0800: 52.851: [ParNew: 19634K->2169K(19648K), 0.0131459 secs] 47978K->35221K(63360K), 0.0164821 secs] [Times: user=0.09 sys=0.00, real=0.01 secs] 
2026-06-17T09:50:31.801+0800: 52.867: [GC (CMS Initial Mark) [1 CMS-initial-mark: 33052K(43712K)] 35771K(63360K), 0.0015853 secs] [Times: user=0.00 sys=0.00, real=0.01 secs] 
2026-06-17T09:50:31.804+0800: 52.870: [CMS-concurrent-mark-start]
2026-06-17T09:50:31.805+0800: 52.870: [CMS-concurrent-mark: 0.000/0.000 secs] [Times: user=0.00 sys=0.00, real=0.00 secs] 
2026-06-17T09:50:31.806+0800: 52.871: [CMS-concurrent-preclean-start]
2026-06-17T09:50:31.806+0800: 52.871: [CMS-concurrent-preclean: 0.000/0.000 secs] [Times: user=0.00 sys=0.00, real=0.00 secs] 
2026-06-17T09:50:31.808+0800: 52.873: [CMS-concurrent-abortable-preclean-start]
2026-06-17T09:50:31.847+0800: 52.912: [GC (Allocation Failure) 2026-06-17T09:50:31.848+0800: 52.913: [ParNew: 19621K->2167K(19648K), 0.0082549 secs] 52673K->40450K(63360K), 0.0096011 secs] [Times: user=0.09 sys=0.00, real=0.01 secs] 
2026-06-17T09:50:31.910+0800: 52.975: [GC (Allocation Failure) 2026-06-17T09:50:31.911+0800: 52.976: [ParNew: 19639K->19639K(19648K), 0.0019152 secs]2026-06-17T09:50:31.915+0800: 52.981: [CMS2026-06-17T09:50:31.917+0800: 52.982: [CMS-concurrent-abortable-preclean: 0.000/0.109 secs] [Times: user=0.09 sys=0.00, real=0.11 secs] 
 (concurrent mode failure): 38283K->21783K(43712K), 0.0060983 secs] 57922K->21783K(63360K), [Metaspace: 2713K->2713K(1056768K)], 0.0132611 secs] [Times: user=0.01 sys=0.00, real=0.02 secs] 
2026-06-17T09:50:31.970+0800: 53.035: [GC (Allocation Failure) 2026-06-17T09:50:31.972+0800: 53.037: [ParNew: 17468K->2170K(19648K), 0.0155269 secs] 39251K->29030K(63360K), 0.0176797 secs] [Times: user=0.12 sys=0.01, real=0.02 secs] 
2026-06-17T09:50:32.030+0800: 53.095: [GC (Allocation Failure) 2026-06-17T09:50:32.031+0800: 53.096: [ParNew: 19623K->2162K(19648K), 0.0114452 secs] 46483K->32052K(63360K), 0.0127487 secs] [Times: user=0.12 sys=0.00, real=0.02 secs] 
2026-06-17T09:50:32.086+0800: 53.151: [GC (Allocation Failure) 2026-06-17T09:50:32.087+0800: 53.152: [ParNew: 19625K->2170K(19648K), 0.0040805 secs] 49515K->35852K(63360K), 0.0049066 secs] [Times: user=0.04 sys=0.00, real=0.01 secs] 
2026-06-17T09:50:32.092+0800: 53.157: [GC (CMS Initial Mark) [1 CMS-initial-mark: 33681K(43712K)] 36603K(63360K), 0.0013148 secs] [Times: user=0.00 sys=0.00, real=0.00 secs] 
2026-06-17T09:50:32.094+0800: 53.159: [CMS-concurrent-mark-start]
2026-06-17T09:50:32.094+0800: 53.159: [CMS-concurrent-mark: 0.000/0.000 secs] [Times: user=0.00 sys=0.00, real=0.00 secs] 
2026-06-17T09:50:32.095+0800: 53.160: [CMS-concurrent-preclean-start]
2026-06-17T09:50:32.095+0800: 53.160: [CMS-concurrent-preclean: 0.000/0.000 secs] [Times: user=0.00 sys=0.00, real=0.00 secs] 
2026-06-17T09:50:32.095+0800: 53.160: [CMS-concurrent-abortable-preclean-start]
2026-06-17T09:50:32.136+0800: 53.201: [GC (Allocation Failure) 2026-06-17T09:50:32.136+0800: 53.201: [ParNew: 19605K->2162K(19648K), 0.0096242 secs] 53286K->40295K(63360K), 0.0104504 secs] [Times: user=0.13 sys=0.01, real=0.01 secs] 
2026-06-17T09:50:32.189+0800: 53.254: [GC (Allocation Failure) 2026-06-17T09:50:32.190+0800: 53.255: [ParNew: 19634K->2175K(19648K), 0.0092531 secs] 57767K->44411K(63360K), 0.0104009 secs] [Times: user=0.10 sys=0.00, real=0.01 secs] 
2026-06-17T09:50:32.201+0800: 53.266: [CMS-concurrent-abortable-preclean: 0.000/0.106 secs] [Times: user=0.23 sys=0.01, real=0.10 secs] 
2026-06-17T09:50:32.202+0800: 53.267: [GC (CMS Final Remark) [YG occupancy: 2980 K (19648 K)]2026-06-17T09:50:32.203+0800: 53.268: [Rescan (parallel) , 0.0064395 secs]2026-06-17T09:50:32.210+0800: 53.275: [weak refs processing, 0.0007643 secs]2026-06-17T09:50:32.211+0800: 53.276: [class unloading, 0.0007433 secs]2026-06-17T09:50:32.213+0800: 53.278: [scrub symbol table, 0.0008855 secs]2026-06-17T09:50:32.214+0800: 53.279: [scrub string table, 0.0006337 secs][1 CMS-remark: 42235K(43712K)] 45216K(63360K), 0.0136814 secs] [Times: user=0.03 sys=0.01, real=0.02 secs] 
2026-06-17T09:50:32.217+0800: 53.282: [CMS-concurrent-sweep-start]
2026-06-17T09:50:32.217+0800: 53.282: [CMS-concurrent-sweep: 0.000/0.000 secs] [Times: user=0.00 sys=0.00, real=0.00 secs] 
2026-06-17T09:50:32.217+0800: 53.282: [CMS-concurrent-reset-start]
2026-06-17T09:50:32.217+0800: 53.283: [CMS-concurrent-reset: 0.000/0.000 secs] [Times: user=0.00 sys=0.00, real=0.00 secs] 
2026-06-17T09:50:32.249+0800: 53.314: [GC (Allocation Failure) 2026-06-17T09:50:32.249+0800: 53.314: [ParNew: 19598K->2175K(19648K), 0.0045495 secs] 48500K->36825K(63360K), 0.0053845 secs] [Times: user=0.03 sys=0.00, real=0.01 secs] 
2026-06-17T09:50:32.256+0800: 53.321: [GC (CMS Initial Mark) [1 CMS-initial-mark: 34650K(43712K)] 38593K(63360K), 0.0013663 secs] [Times: user=0.00 sys=0.00, real=0.00 secs] 
2026-06-17T09:50:32.258+0800: 53.323: [CMS-concurrent-mark-start]
2026-06-17T09:50:32.259+0800: 53.324: [CMS-concurrent-mark: 0.001/0.001 secs] [Times: user=0.00 sys=0.00, real=0.00 secs] 
2026-06-17T09:50:32.259+0800: 53.324: [CMS-concurrent-preclean-start]
2026-06-17T09:50:32.259+0800: 53.324: [CMS-concurrent-preclean: 0.000/0.000 secs] [Times: user=0.00 sys=0.00, real=0.00 secs] 
2026-06-17T09:50:32.260+0800: 53.325: [CMS-concurrent-abortable-preclean-start]
2026-06-17T09:50:32.300+0800: 53.365: [GC (Allocation Failure) 2026-06-17T09:50:32.301+0800: 53.366: [ParNew: 19644K->2170K(19648K), 0.0184746 secs] 54295K->43551K(63360K), 0.0203105 secs] [Times: user=0.15 sys=0.00, real=0.02 secs] 
2026-06-17T09:50:32.322+0800: 53.387: [CMS-concurrent-abortable-preclean: 0.000/0.062 secs] [Times: user=0.15 sys=0.00, real=0.06 secs] 
2026-06-17T09:50:32.323+0800: 53.388: [GC (CMS Final Remark) [YG occupancy: 2677 K (19648 K)]2026-06-17T09:50:32.323+0800: 53.388: [Rescan (parallel) , 0.0079674 secs]2026-06-17T09:50:32.332+0800: 53.397: [weak refs processing, 0.0006338 secs]2026-06-17T09:50:32.333+0800: 53.398: [class unloading, 0.0007587 secs]2026-06-17T09:50:32.334+0800: 53.399: [scrub symbol table, 0.0007410 secs]2026-06-17T09:50:32.335+0800: 53.401: [scrub string table, 0.0006622 secs][1 CMS-remark: 41381K(43712K)] 44058K(63360K), 0.0137934 secs] [Times: user=0.08 sys=0.00, real=0.01 secs] 
2026-06-17T09:50:32.338+0800: 53.403: [CMS-concurrent-sweep-start]
2026-06-17T09:50:32.338+0800: 53.403: [CMS-concurrent-sweep: 0.000/0.000 secs] [Times: user=0.00 sys=0.00, real=0.00 secs] 
2026-06-17T09:50:32.339+0800: 53.404: [CMS-concurrent-reset-start]
2026-06-17T09:50:32.339+0800: 53.404: [CMS-concurrent-reset: 0.000/0.000 secs] [Times: user=0.00 sys=0.00, real=0.00 secs] 
2026-06-17T09:50:32.380+0800: 53.445: [GC (Allocation Failure) 2026-06-17T09:50:32.381+0800: 53.446: [ParNew: 19632K->2102K(19648K), 0.0073728 secs] 47936K->32400K(63360K), 0.0088831 secs] [Times: user=0.07 sys=0.00, real=0.01 secs] 
2026-06-17T09:50:32.390+0800: 53.455: [GC (CMS Initial Mark) [1 CMS-initial-mark: 30298K(43712K)] 33493K(63360K), 0.0021715 secs] [Times: user=0.00 sys=0.00, real=0.01 secs] 
2026-06-17T09:50:32.394+0800: 53.459: [CMS-concurrent-mark-start]
2026-06-17T09:50:32.394+0800: 53.459: [CMS-concurrent-mark: 0.000/0.000 secs] [Times: user=0.00 sys=0.00, real=0.00 secs] 
2026-06-17T09:50:32.395+0800: 53.460: [CMS-concurrent-preclean-start]
2026-06-17T09:50:32.395+0800: 53.460: [CMS-concurrent-preclean: 0.000/0.000 secs] [Times: user=0.00 sys=0.00, real=0.00 secs] 
2026-06-17T09:50:32.396+0800: 53.461: [CMS-concurrent-abortable-preclean-start]
2026-06-17T09:50:32.426+0800: 53.491: [GC (Allocation Failure) 2026-06-17T09:50:32.427+0800: 53.492: [ParNew: 19476K->2128K(19648K), 0.0091207 secs] 49774K->36122K(63360K), 0.0104934 secs] [Times: user=0.11 sys=0.00, real=0.01 secs] 
2026-06-17T09:50:32.491+0800: 53.557: [GC (Allocation Failure) 2026-06-17T09:50:32.492+0800: 53.557: [ParNew: 19569K->2164K(19648K), 0.0154408 secs] 53563K->39930K(63360K), 0.0165399 secs] [Times: user=0.11 sys=0.00, real=0.01 secs] 
2026-06-17T09:50:32.551+0800: 53.616: [GC (Allocation Failure) 2026-06-17T09:50:32.552+0800: 53.617: [ParNew: 19636K->2166K(19648K), 0.0089883 secs] 57402K->44236K(63360K), 0.0106126 secs] [Times: user=0.10 sys=0.00, real=0.00 secs] 
2026-06-17T09:50:32.563+0800: 53.628: [CMS-concurrent-abortable-preclean: 0.000/0.167 secs] [Times: user=0.32 sys=0.00, real=0.17 secs] 
2026-06-17T09:50:32.563+0800: 53.628: [GC (CMS Final Remark) [YG occupancy: 4718 K (19648 K)]2026-06-17T09:50:32.564+0800: 53.629: [Rescan (parallel) , 0.0050857 secs]2026-06-17T09:50:32.569+0800: 53.634: [weak refs processing, 0.0004203 secs]2026-06-17T09:50:32.570+0800: 53.635: [class unloading, 0.0005895 secs]2026-06-17T09:50:32.571+0800: 53.637: [scrub symbol table, 0.0006394 secs]2026-06-17T09:50:32.573+0800: 53.638: [scrub string table, 0.0006209 secs][1 CMS-remark: 42069K(43712K)] 46788K(63360K), 0.0103819 secs] [Times: user=0.03 sys=0.01, real=0.01 secs] 
2026-06-17T09:50:32.575+0800: 53.640: [CMS-concurrent-sweep-start]
2026-06-17T09:50:32.575+0800: 53.640: [CMS-concurrent-sweep: 0.000/0.000 secs] [Times: user=0.00 sys=0.00, real=0.00 secs] 
2026-06-17T09:50:32.575+0800: 53.640: [CMS-concurrent-reset-start]
2026-06-17T09:50:32.575+0800: 53.641: [CMS-concurrent-reset: 0.000/0.000 secs] [Times: user=0.00 sys=0.00, real=0.00 secs] 
2026-06-17T09:50:32.607+0800: 53.672: [GC (Allocation Failure) 2026-06-17T09:50:32.608+0800: 53.673: [ParNew: 19606K->2174K(19648K), 0.0107376 secs] 56265K->43811K(63360K), 0.0125401 secs] [Times: user=0.11 sys=0.00, real=0.01 secs] 
2026-06-17T09:50:32.621+0800: 53.686: [GC (CMS Initial Mark) [1 CMS-initial-mark: 41637K(43712K)] 45259K(63360K), 0.0031414 secs] [Times: user=0.00 sys=0.00, real=0.01 secs] 
2026-06-17T09:50:32.625+0800: 53.691: [CMS-concurrent-mark-start]
2026-06-17T09:50:32.626+0800: 53.691: [CMS-concurrent-mark: 0.001/0.001 secs] [Times: user=0.00 sys=0.00, real=0.00 secs] 
2026-06-17T09:50:32.627+0800: 53.692: [CMS-concurrent-preclean-start]
2026-06-17T09:50:32.627+0800: 53.692: [CMS-concurrent-preclean: 0.000/0.000 secs] [Times: user=0.00 sys=0.00, real=0.00 secs] 
2026-06-17T09:50:32.627+0800: 53.692: [GC (CMS Final Remark) [YG occupancy: 3778 K (19648 K)]2026-06-17T09:50:32.628+0800: 53.693: [Rescan (parallel) , 0.0046486 secs]2026-06-17T09:50:32.633+0800: 53.698: [weak refs processing, 0.0005458 secs]2026-06-17T09:50:32.634+0800: 53.699: [class unloading, 0.0006131 secs]2026-06-17T09:50:32.635+0800: 53.701: [scrub symbol table, 0.0008166 secs]2026-06-17T09:50:32.637+0800: 53.702: [scrub string table, 0.0003444 secs][1 CMS-remark: 41637K(43712K)] 45415K(63360K), 0.0101986 secs] [Times: user=0.02 sys=0.00, real=0.01 secs] 
2026-06-17T09:50:32.639+0800: 53.704: [CMS-concurrent-sweep-start]
2026-06-17T09:50:32.639+0800: 53.704: [CMS-concurrent-sweep: 0.000/0.000 secs] [Times: user=0.00 sys=0.00, real=0.00 secs] 
2026-06-17T09:50:32.639+0800: 53.704: [CMS-concurrent-reset-start]
2026-06-17T09:50:32.639+0800: 53.705: [CMS-concurrent-reset: 0.000/0.000 secs] [Times: user=0.00 sys=0.00, real=0.00 secs] 
2026-06-17T09:50:32.672+0800: 53.737: [GC (Allocation Failure) 2026-06-17T09:50:32.673+0800: 53.738: [ParNew: 19603K->2168K(19648K), 0.0067675 secs] 49046K->36075K(63360K), 0.0088002 secs] [Times: user=0.03 sys=0.00, real=0.00 secs] 
2026-06-17T09:50:32.683+0800: 53.748: [GC (CMS Initial Mark) [1 CMS-initial-mark: 33906K(43712K)] 36980K(63360K), 0.0034464 secs] [Times: user=0.00 sys=0.01, real=0.01 secs] 
2026-06-17T09:50:32.687+0800: 53.752: [CMS-concurrent-mark-start]
2026-06-17T09:50:32.688+0800: 53.753: [CMS-concurrent-mark: 0.001/0.001 secs] [Times: user=0.00 sys=0.00, real=0.00 secs] 
2026-06-17T09:50:32.688+0800: 53.754: [CMS-concurrent-preclean-start]
2026-06-17T09:50:32.689+0800: 53.754: [CMS-concurrent-preclean: 0.000/0.000 secs] [Times: user=0.00 sys=0.00, real=0.00 secs] 
2026-06-17T09:50:32.689+0800: 53.754: [GC (CMS Final Remark) [YG occupancy: 3073 K (19648 K)]2026-06-17T09:50:32.690+0800: 53.755: [Rescan (parallel) , 0.0053757 secs]2026-06-17T09:50:32.696+0800: 53.761: [weak refs processing, 0.0005216 secs]2026-06-17T09:50:32.697+0800: 53.762: [class unloading, 0.0005213 secs]2026-06-17T09:50:32.698+0800: 53.763: [scrub symbol table, 0.0005374 secs]2026-06-17T09:50:32.699+0800: 53.764: [scrub string table, 0.0004582 secs][1 CMS-remark: 33906K(43712K)] 36980K(63360K), 0.0102367 secs] [Times: user=0.04 sys=0.00, real=0.01 secs] 
2026-06-17T09:50:32.700+0800: 53.765: [CMS-concurrent-sweep-start]
2026-06-17T09:50:32.700+0800: 53.766: [CMS-concurrent-sweep: 0.000/0.000 secs] [Times: user=0.00 sys=0.00, real=0.00 secs] 
2026-06-17T09:50:32.701+0800: 53.766: [CMS-concurrent-reset-start]
2026-06-17T09:50:32.701+0800: 53.766: [CMS-concurrent-reset: 0.000/0.000 secs] [Times: user=0.00 sys=0.00, real=0.00 secs] 
2026-06-17T09:50:32.733+0800: 53.798: [GC (Allocation Failure) 2026-06-17T09:50:32.734+0800: 53.799: [ParNew: 19458K->1999K(19648K), 0.0070880 secs] 52380K->36895K(63360K), 0.0088890 secs] [Times: user=0.04 sys=0.00, real=0.01 secs] 
2026-06-17T09:50:32.744+0800: 53.809: [GC (CMS Initial Mark) [1 CMS-initial-mark: 34896K(43712K)] 39654K(63360K), 0.0023828 secs] [Times: user=0.00 sys=0.00, real=0.00 secs] 
2026-06-17T09:50:32.748+0800: 53.813: [CMS-concurrent-mark-start]
2026-06-17T09:50:32.749+0800: 53.814: [CMS-concurrent-mark: 0.001/0.001 secs] [Times: user=0.00 sys=0.00, real=0.00 secs] 
2026-06-17T09:50:32.749+0800: 53.814: [CMS-concurrent-preclean-start]
2026-06-17T09:50:32.749+0800: 53.815: [CMS-concurrent-preclean: 0.000/0.000 secs] [Times: user=0.00 sys=0.00, real=0.00 secs] 
2026-06-17T09:50:32.750+0800: 53.815: [CMS-concurrent-abortable-preclean-start]
2026-06-17T09:50:32.791+0800: 53.856: [GC (Allocation Failure) 2026-06-17T09:50:32.792+0800: 53.857: [ParNew: 19447K->2171K(19648K), 0.0085364 secs] 54343K->43921K(63360K), 0.0101896 secs] [Times: user=0.09 sys=0.01, real=0.00 secs] 
2026-06-17T09:50:32.803+0800: 53.868: [CMS-concurrent-abortable-preclean: 0.000/0.053 secs] [Times: user=0.09 sys=0.01, real=0.06 secs] 
2026-06-17T09:50:32.804+0800: 53.869: [GC (CMS Final Remark) [YG occupancy: 3500 K (19648 K)]2026-06-17T09:50:32.805+0800: 53.870: [Rescan (parallel) , 0.0058971 secs]2026-06-17T09:50:32.812+0800: 53.877: [weak refs processing, 0.0007116 secs]2026-06-17T09:50:32.813+0800: 53.878: [class unloading, 0.0007924 secs]2026-06-17T09:50:32.815+0800: 53.880: [scrub symbol table, 0.0009083 secs]2026-06-17T09:50:32.816+0800: 53.881: [scrub string table, 0.0006607 secs][1 CMS-remark: 41750K(43712K)] 45250K(63360K), 0.0130876 secs] [Times: user=0.03 sys=0.01, real=0.01 secs] 
2026-06-17T09:50:32.819+0800: 53.884: [CMS-concurrent-sweep-start]
2026-06-17T09:50:32.819+0800: 53.884: [CMS-concurrent-sweep: 0.000/0.000 secs] [Times: user=0.00 sys=0.00, real=0.00 secs] 
2026-06-17T09:50:32.820+0800: 53.885: [CMS-concurrent-reset-start]
2026-06-17T09:50:32.820+0800: 53.885: [CMS-concurrent-reset: 0.000/0.000 secs] [Times: user=0.00 sys=0.00, real=0.00 secs] 
2026-06-17T09:50:32.863+0800: 53.928: [GC (Allocation Failure) 2026-06-17T09:50:32.864+0800: 53.929: [ParNew: 19643K->1899K(19648K), 0.0091545 secs] 48810K->33016K(63360K), 0.0110429 secs] [Times: user=0.08 sys=0.00, real=0.01 secs] 
2026-06-17T09:50:32.876+0800: 53.941: [GC (CMS Initial Mark) [1 CMS-initial-mark: 31116K(43712K)] 34804K(63360K), 0.0029008 secs] [Times: user=0.00 sys=0.00, real=0.00 secs] 
2026-06-17T09:50:32.880+0800: 53.945: [CMS-concurrent-mark-start]
2026-06-17T09:50:32.881+0800: 53.946: [CMS-concurrent-mark: 0.001/0.001 secs] [Times: user=0.00 sys=0.00, real=0.00 secs] 
2026-06-17T09:50:32.881+0800: 53.946: [CMS-concurrent-preclean-start]
2026-06-17T09:50:32.881+0800: 53.946: [CMS-concurrent-preclean: 0.000/0.000 secs] [Times: user=0.00 sys=0.00, real=0.00 secs] 
2026-06-17T09:50:32.882+0800: 53.947: [CMS-concurrent-abortable-preclean-start]
2026-06-17T09:50:32.913+0800: 53.978: [GC (Allocation Failure) 2026-06-17T09:50:32.914+0800: 53.979: [ParNew: 19197K->2064K(19648K), 0.0090430 secs] 50314K->36696K(63360K), 0.0112289 secs] [Times: user=0.09 sys=0.01, real=0.01 secs] 
2026-06-17T09:50:32.981+0800: 54.047: [GC (Allocation Failure) 2026-06-17T09:50:32.983+0800: 54.048: [ParNew: 19536K->2175K(19648K), 0.0063736 secs] 54168K->40328K(63360K), 0.0085557 secs] [Times: user=0.06 sys=0.00, real=0.02 secs] 
2026-06-17T09:50:33.036+0800: 54.101: [GC (Allocation Failure) 2026-06-17T09:50:33.037+0800: 54.102: [ParNew: 19598K->2172K(19648K), 0.0133045 secs] 57751K->44343K(63360K), 0.0149259 secs] [Times: user=0.11 sys=0.00, real=0.02 secs] 
2026-06-17T09:50:33.052+0800: 54.117: [CMS-concurrent-abortable-preclean: 0.000/0.170 secs] [Times: user=0.27 sys=0.01, real=0.18 secs] 
2026-06-17T09:50:33.052+0800: 54.117: [GC (CMS Final Remark) [YG occupancy: 5279 K (19648 K)]2026-06-17T09:50:33.052+0800: 54.118: [Rescan (parallel) , 0.0085894 secs]2026-06-17T09:50:33.061+0800: 54.126: [weak refs processing, 0.0002710 secs]2026-06-17T09:50:33.062+0800: 54.127: [class unloading, 0.0003877 secs]2026-06-17T09:50:33.063+0800: 54.128: [scrub symbol table, 0.0004610 secs]2026-06-17T09:50:33.063+0800: 54.128: [scrub string table, 0.0002592 secs][1 CMS-remark: 42170K(43712K)] 47449K(63360K), 0.0116326 secs] [Times: user=0.09 sys=0.00, real=0.01 secs] 
2026-06-17T09:50:33.064+0800: 54.129: [CMS-concurrent-sweep-start]
2026-06-17T09:50:33.064+0800: 54.129: [CMS-concurrent-sweep: 0.000/0.000 secs] [Times: user=0.00 sys=0.00, real=0.00 secs] 
2026-06-17T09:50:33.064+0800: 54.129: [CMS-concurrent-reset-start]
2026-06-17T09:50:33.064+0800: 54.130: [CMS-concurrent-reset: 0.000/0.000 secs] [Times: user=0.00 sys=0.00, real=0.00 secs] 
2026-06-17T09:50:33.096+0800: 54.161: [GC (Allocation Failure) 2026-06-17T09:50:33.097+0800: 54.162: [ParNew: 19640K->19640K(19648K), 0.0009693 secs]2026-06-17T09:50:33.099+0800: 54.164: [CMS: 40237K->28449K(43712K), 0.0070239 secs] 59877K->28449K(63360K), [Metaspace: 2713K->2713K(1056768K)], 0.0106048 secs] [Times: user=0.00 sys=0.00, real=0.01 secs] 
2026-06-17T09:50:33.152+0800: 54.217: [GC (Allocation Failure) 2026-06-17T09:50:33.153+0800: 54.218: [ParNew: 17443K->2169K(19648K), 0.0078472 secs] 45892K->35047K(63360K), 0.0097939 secs] [Times: user=0.04 sys=0.00, real=0.01 secs] 
2026-06-17T09:50:33.164+0800: 54.229: [GC (CMS Initial Mark) [1 CMS-initial-mark: 32878K(43712K)] 35485K(63360K), 0.0034945 secs] [Times: user=0.00 sys=0.00, real=0.00 secs] 
2026-06-17T09:50:33.169+0800: 54.234: [CMS-concurrent-mark-start]
2026-06-17T09:50:33.169+0800: 54.234: [CMS-concurrent-mark: 0.000/0.000 secs] [Times: user=0.00 sys=0.01, real=0.00 secs] 
2026-06-17T09:50:33.169+0800: 54.235: [CMS-concurrent-preclean-start]
2026-06-17T09:50:33.170+0800: 54.235: [CMS-concurrent-preclean: 0.000/0.000 secs] [Times: user=0.00 sys=0.00, real=0.00 secs] 
2026-06-17T09:50:33.170+0800: 54.235: [GC (CMS Final Remark) [YG occupancy: 2607 K (19648 K)]2026-06-17T09:50:33.171+0800: 54.236: [Rescan (parallel) , 0.0093788 secs]2026-06-17T09:50:33.181+0800: 54.246: [weak refs processing, 0.0006022 secs]2026-06-17T09:50:33.182+0800: 54.247: [class unloading, 0.0007937 secs]2026-06-17T09:50:33.184+0800: 54.249: [scrub symbol table, 0.0008320 secs]2026-06-17T09:50:33.185+0800: 54.250: [scrub string table, 0.0007347 secs][1 CMS-remark: 32878K(43712K)] 35485K(63360K), 0.0162761 secs] [Times: user=0.10 sys=0.00, real=0.02 secs] 
2026-06-17T09:50:33.188+0800: 54.253: [CMS-concurrent-sweep-start]
2026-06-17T09:50:33.188+0800: 54.253: [CMS-concurrent-sweep: 0.000/0.000 secs] [Times: user=0.00 sys=0.00, real=0.00 secs] 
2026-06-17T09:50:33.189+0800: 54.254: [CMS-concurrent-reset-start]
2026-06-17T09:50:33.189+0800: 54.254: [CMS-concurrent-reset: 0.000/0.000 secs] [Times: user=0.00 sys=0.00, real=0.00 secs] 
2026-06-17T09:50:33.220+0800: 54.285: [GC (Allocation Failure) 2026-06-17T09:50:33.220+0800: 54.286: [ParNew: 19360K->2110K(19648K), 0.0096158 secs] 39486K->23446K(63360K), 0.0110789 secs] [Times: user=0.10 sys=0.01, real=0.02 secs] 
2026-06-17T09:50:33.275+0800: 54.340: [GC (Allocation Failure) 2026-06-17T09:50:33.276+0800: 54.341: [ParNew: 19582K->2169K(19648K), 0.0073897 secs] 40918K->30114K(63360K), 0.0089164 secs] [Times: user=0.06 sys=0.00, real=0.01 secs] 
2026-06-17T09:50:33.285+0800: 54.350: [GC (CMS Initial Mark) [1 CMS-initial-mark: 27945K(43712K)] 31671K(63360K), 0.0017049 secs] [Times: user=0.00 sys=0.00, real=0.00 secs] 
2026-06-17T09:50:33.288+0800: 54.353: [CMS-concurrent-mark-start]
2026-06-17T09:50:33.288+0800: 54.353: [CMS-concurrent-mark: 0.001/0.001 secs] [Times: user=0.00 sys=0.00, real=0.00 secs] 
2026-06-17T09:50:33.289+0800: 54.354: [CMS-concurrent-preclean-start]
2026-06-17T09:50:33.289+0800: 54.354: [CMS-concurrent-preclean: 0.000/0.000 secs] [Times: user=0.00 sys=0.00, real=0.00 secs] 
2026-06-17T09:50:33.289+0800: 54.354: [GC (CMS Final Remark) [YG occupancy: 3726 K (19648 K)]2026-06-17T09:50:33.290+0800: 54.355: [Rescan (parallel) , 0.0060084 secs]2026-06-17T09:50:33.296+0800: 54.361: [weak refs processing, 0.0004314 secs]2026-06-17T09:50:33.297+0800: 54.362: [class unloading, 0.0008181 secs]2026-06-17T09:50:33.298+0800: 54.363: [scrub symbol table, 0.0006086 secs]2026-06-17T09:50:33.299+0800: 54.364: [scrub string table, 0.0004275 secs][1 CMS-remark: 27945K(43712K)] 31671K(63360K), 0.0104988 secs] [Times: user=0.06 sys=0.00, real=0.01 secs] 
2026-06-17T09:50:33.301+0800: 54.366: [CMS-concurrent-sweep-start]
2026-06-17T09:50:33.301+0800: 54.366: [CMS-concurrent-sweep: 0.000/0.000 secs] [Times: user=0.00 sys=0.00, real=0.00 secs] 
2026-06-17T09:50:33.301+0800: 54.366: [CMS-concurrent-reset-start]
2026-06-17T09:50:33.301+0800: 54.366: [CMS-concurrent-reset: 0.000/0.000 secs] [Times: user=0.00 sys=0.00, real=0.00 secs] 
2026-06-17T09:50:33.332+0800: 54.398: [GC (Allocation Failure) 2026-06-17T09:50:33.333+0800: 54.398: [ParNew: 19608K->2171K(19648K), 0.0096378 secs] 45038K->32041K(63360K), 0.0107882 secs] [Times: user=0.11 sys=0.00, real=0.01 secs] 
2026-06-17T09:50:33.345+0800: 54.410: [GC (CMS Initial Mark) [1 CMS-initial-mark: 29869K(43712K)] 32463K(63360K), 0.0023577 secs] [Times: user=0.00 sys=0.00, real=0.00 secs] 
2026-06-17T09:50:33.348+0800: 54.413: [CMS-concurrent-mark-start]
2026-06-17T09:50:33.348+0800: 54.413: [CMS-concurrent-mark: 0.000/0.000 secs] [Times: user=0.00 sys=0.01, real=0.00 secs] 
2026-06-17T09:50:33.349+0800: 54.414: [CMS-concurrent-preclean-start]
2026-06-17T09:50:33.349+0800: 54.414: [CMS-concurrent-preclean: 0.000/0.000 secs] [Times: user=0.00 sys=0.00, real=0.00 secs] 
2026-06-17T09:50:33.349+0800: 54.415: [GC (CMS Final Remark) [YG occupancy: 2593 K (19648 K)]2026-06-17T09:50:33.350+0800: 54.415: [Rescan (parallel) , 0.0035540 secs]2026-06-17T09:50:33.354+0800: 54.419: [weak refs processing, 0.0004871 secs]2026-06-17T09:50:33.355+0800: 54.420: [class unloading, 0.0007298 secs]2026-06-17T09:50:33.356+0800: 54.421: [scrub symbol table, 0.0005593 secs]2026-06-17T09:50:33.357+0800: 54.422: [scrub string table, 0.0002725 secs][1 CMS-remark: 29869K(43712K)] 32463K(63360K), 0.0076094 secs] [Times: user=0.03 sys=0.00, real=0.01 secs] 
2026-06-17T09:50:33.358+0800: 54.423: [CMS-concurrent-sweep-start]
2026-06-17T09:50:33.358+0800: 54.423: [CMS-concurrent-sweep: 0.000/0.000 secs] [Times: user=0.00 sys=0.00, real=0.00 secs] 
2026-06-17T09:50:33.358+0800: 54.424: [CMS-concurrent-reset-start]
2026-06-17T09:50:33.358+0800: 54.424: [CMS-concurrent-reset: 0.000/0.000 secs] [Times: user=0.00 sys=0.00, real=0.00 secs] 
2026-06-17T09:50:33.390+0800: 54.455: [GC (Allocation Failure) 2026-06-17T09:50:33.391+0800: 54.456: [ParNew: 19597K->2169K(19648K), 0.0049970 secs] 47965K->32626K(63360K), 0.0065234 secs] [Times: user=0.03 sys=0.00, real=0.01 secs] 
2026-06-17T09:50:33.450+0800: 54.515: [GC (Allocation Failure) 2026-06-17T09:50:33.451+0800: 54.516: [ParNew: 19632K->2152K(19648K), 0.0039829 secs] 50089K->36199K(63360K), 0.0055723 secs] [Times: user=0.02 sys=0.00, real=0.01 secs] 
2026-06-17T09:50:33.457+0800: 54.522: [GC (CMS Initial Mark) [1 CMS-initial-mark: 34046K(43712K)] 37399K(63360K), 0.0023860 secs] [Times: user=0.00 sys=0.00, real=0.01 secs] 
2026-06-17T09:50:33.467+0800: 54.532: [CMS-concurrent-mark-start]
2026-06-17T09:50:33.467+0800: 54.533: [CMS-concurrent-mark: 0.000/0.000 secs] [Times: user=0.00 sys=0.00, real=0.00 secs] 
2026-06-17T09:50:33.474+0800: 54.539: [CMS-concurrent-preclean-start]
2026-06-17T09:50:33.474+0800: 54.540: [CMS-concurrent-preclean: 0.000/0.000 secs] [Times: user=0.00 sys=0.00, real=0.00 secs] 
2026-06-17T09:50:33.480+0800: 54.546: [CMS-concurrent-abortable-preclean-start]
2026-06-17T09:50:33.509+0800: 54.574: [GC (Allocation Failure) 2026-06-17T09:50:33.514+0800: 54.579: [ParNew: 19606K->2174K(19648K), 0.0173807 secs] 53653K->40260K(63360K), 0.0235080 secs] [Times: user=0.15 sys=0.01, real=0.03 secs] 
2026-06-17T09:50:33.576+0800: 54.641: [GC (Allocation Failure) 2026-06-17T09:50:33.577+0800: 54.642: [ParNew: 19624K->2175K(19648K), 0.0115270 secs] 57710K->45569K(63360K), 0.0129431 secs] [Times: user=0.13 sys=0.00, real=0.01 secs] 
2026-06-17T09:50:33.590+0800: 54.655: [CMS-concurrent-abortable-preclean: 0.000/0.110 secs] [Times: user=0.28 sys=0.01, real=0.11 secs] 
2026-06-17T09:50:33.591+0800: 54.656: [GC (CMS Final Remark) [YG occupancy: 4243 K (19648 K)]2026-06-17T09:50:33.591+0800: 54.656: [Rescan (parallel) , 0.0054119 secs]2026-06-17T09:50:33.597+0800: 54.662: [weak refs processing, 0.0006240 secs]2026-06-17T09:50:33.598+0800: 54.663: [class unloading, 0.0005639 secs]2026-06-17T09:50:33.599+0800: 54.664: [scrub symbol table, 0.0007480 secs]2026-06-17T09:50:33.600+0800: 54.665: [scrub string table, 0.0004054 secs][1 CMS-remark: 43394K(43712K)] 47637K(63360K), 0.0104718 secs] [Times: user=0.04 sys=0.00, real=0.00 secs] 
2026-06-17T09:50:33.603+0800: 54.668: [CMS-concurrent-sweep-start]
2026-06-17T09:50:33.603+0800: 54.668: [CMS-concurrent-sweep: 0.000/0.000 secs] [Times: user=0.00 sys=0.00, real=0.00 secs] 
2026-06-17T09:50:33.603+0800: 54.668: [CMS-concurrent-reset-start]
2026-06-17T09:50:33.603+0800: 54.669: [CMS-concurrent-reset: 0.000/0.000 secs] [Times: user=0.00 sys=0.00, real=0.00 secs] 
2026-06-17T09:50:33.634+0800: 54.699: [GC (Allocation Failure) 2026-06-17T09:50:33.635+0800: 54.700: [ParNew: 19622K->2175K(19648K), 0.0054153 secs] 52104K->39121K(63360K), 0.0069089 secs] [Times: user=0.02 sys=0.01, real=0.00 secs] 
2026-06-17T09:50:33.643+0800: 54.708: [GC (CMS Initial Mark) [1 CMS-initial-mark: 36945K(43712K)] 39606K(63360K), 0.0014156 secs] [Times: user=0.00 sys=0.00, real=0.00 secs] 
2026-06-17T09:50:33.645+0800: 54.711: [CMS-concurrent-mark-start]
2026-06-17T09:50:33.646+0800: 54.711: [CMS-concurrent-mark: 0.001/0.001 secs] [Times: user=0.00 sys=0.00, real=0.00 secs] 
2026-06-17T09:50:33.647+0800: 54.712: [CMS-concurrent-preclean-start]
2026-06-17T09:50:33.647+0800: 54.712: [CMS-concurrent-preclean: 0.000/0.000 secs] [Times: user=0.00 sys=0.00, real=0.00 secs] 
2026-06-17T09:50:33.647+0800: 54.712: [GC (CMS Final Remark) [YG occupancy: 2660 K (19648 K)]2026-06-17T09:50:33.648+0800: 54.713: [Rescan (parallel) , 0.0039855 secs]2026-06-17T09:50:33.652+0800: 54.717: [weak refs processing, 0.0005070 secs]2026-06-17T09:50:33.653+0800: 54.718: [class unloading, 0.0005375 secs]2026-06-17T09:50:33.654+0800: 54.719: [scrub symbol table, 0.0004082 secs]2026-06-17T09:50:33.655+0800: 54.720: [scrub string table, 0.0004539 secs][1 CMS-remark: 36945K(43712K)] 39606K(63360K), 0.0085306 secs] [Times: user=0.03 sys=0.00, real=0.01 secs] 
2026-06-17T09:50:33.657+0800: 54.722: [CMS-concurrent-sweep-start]
2026-06-17T09:50:33.657+0800: 54.722: [CMS-concurrent-sweep: 0.000/0.000 secs] [Times: user=0.00 sys=0.00, real=0.00 secs] 
2026-06-17T09:50:33.657+0800: 54.722: [CMS-concurrent-reset-start]
2026-06-17T09:50:33.657+0800: 54.722: [CMS-concurrent-reset: 0.000/0.000 secs] [Times: user=0.00 sys=0.00, real=0.00 secs] 
2026-06-17T09:50:33.688+0800: 54.754: [GC (Allocation Failure) 2026-06-17T09:50:33.689+0800: 54.754: [ParNew: 19548K->2085K(19648K), 0.0056664 secs] 43989K->28829K(63360K), 0.0067536 secs] [Times: user=0.03 sys=0.01, real=0.01 secs] 
2026-06-17T09:50:33.749+0800: 54.814: [GC (Allocation Failure) 2026-06-17T09:50:33.750+0800: 54.815: [ParNew: 19557K->2164K(19648K), 0.0108643 secs] 46301K->32413K(63360K), 0.0127188 secs] [Times: user=0.11 sys=0.00, real=0.02 secs] 
2026-06-17T09:50:33.806+0800: 54.871: [GC (Allocation Failure) 2026-06-17T09:50:33.807+0800: 54.872: [ParNew: 19636K->2172K(19648K), 0.0081778 secs] 49885K->36126K(63360K), 0.0095662 secs] [Times: user=0.09 sys=0.00, real=0.01 secs] 
2026-06-17T09:50:33.817+0800: 54.882: [GC (CMS Initial Mark) [1 CMS-initial-mark: 33953K(43712K)] 37816K(63360K), 0.0024829 secs] [Times: user=0.00 sys=0.00, real=0.00 secs] 
2026-06-17T09:50:33.821+0800: 54.886: [CMS-concurrent-mark-start]
2026-06-17T09:50:33.821+0800: 54.886: [CMS-concurrent-mark: 0.000/0.000 secs] [Times: user=0.00 sys=0.00, real=0.00 secs] 
2026-06-17T09:50:33.822+0800: 54.887: [CMS-concurrent-preclean-start]
2026-06-17T09:50:33.822+0800: 54.887: [CMS-concurrent-preclean: 0.000/0.000 secs] [Times: user=0.00 sys=0.00, real=0.00 secs] 
2026-06-17T09:50:33.822+0800: 54.887: [CMS-concurrent-abortable-preclean-start]
2026-06-17T09:50:33.863+0800: 54.928: [GC (Allocation Failure) 2026-06-17T09:50:33.863+0800: 54.929: [ParNew: 19644K->2171K(19648K), 0.0079920 secs] 53598K->41324K(63360K), 0.0091080 secs] [Times: user=0.08 sys=0.00, real=0.01 secs] 
2026-06-17T09:50:33.926+0800: 54.991: [GC (Allocation Failure) 2026-06-17T09:50:33.926+0800: 54.991: [ParNew: 19632K->19632K(19648K), 0.0005280 secs]2026-06-17T09:50:33.927+0800: 54.992: [CMS2026-06-17T09:50:33.927+0800: 54.992: [CMS-concurrent-abortable-preclean: 0.000/0.105 secs] [Times: user=0.09 sys=0.00, real=0.11 secs] 
 (concurrent mode failure): 39153K->27388K(43712K), 0.0048819 secs] 58785K->27388K(63360K), [Metaspace: 2713K->2713K(1056768K)], 0.0068273 secs] [Times: user=0.01 sys=0.00, real=0.01 secs] 
2026-06-17T09:50:33.966+0800: 55.031: [GC (Allocation Failure) 2026-06-17T09:50:33.966+0800: 55.031: [ParNew: 17263K->2175K(19648K), 0.0102424 secs] 44651K->34244K(63360K), 0.0111563 secs] [Times: user=0.08 sys=0.00, real=0.01 secs] 
2026-06-17T09:50:33.978+0800: 55.043: [GC (CMS Initial Mark) [1 CMS-initial-mark: 32068K(43712K)] 35455K(63360K), 0.0011759 secs] [Times: user=0.00 sys=0.00, real=0.00 secs] 
2026-06-17T09:50:33.979+0800: 55.044: [CMS-concurrent-mark-start]
2026-06-17T09:50:33.979+0800: 55.045: [CMS-concurrent-mark: 0.000/0.000 secs] [Times: user=0.00 sys=0.00, real=0.00 secs] 
2026-06-17T09:50:33.980+0800: 55.045: [CMS-concurrent-preclean-start]
2026-06-17T09:50:33.980+0800: 55.045: [CMS-concurrent-preclean: 0.000/0.000 secs] [Times: user=0.00 sys=0.00, real=0.00 secs] 
2026-06-17T09:50:33.980+0800: 55.045: [GC (CMS Final Remark) [YG occupancy: 3556 K (19648 K)]2026-06-17T09:50:33.980+0800: 55.045: [Rescan (parallel) , 0.0107248 secs]2026-06-17T09:50:33.993+0800: 55.058: [weak refs processing, 0.0068748 secs]2026-06-17T09:50:34.000+0800: 55.065: [class unloading, 0.0008130 secs]2026-06-17T09:50:34.001+0800: 55.067: [scrub symbol table, 0.0008806 secs]2026-06-17T09:50:34.003+0800: 55.068: [scrub string table, 0.0007803 secs][1 CMS-remark: 32068K(43712K)] 35625K(63360K), 0.0245270 secs] [Times: user=0.11 sys=0.00, real=0.03 secs] 
2026-06-17T09:50:34.006+0800: 55.071: [CMS-concurrent-sweep-start]
2026-06-17T09:50:34.006+0800: 55.071: [CMS-concurrent-sweep: 0.000/0.000 secs] [Times: user=0.00 sys=0.00, real=0.00 secs] 
2026-06-17T09:50:34.007+0800: 55.072: [CMS-concurrent-reset-start]
2026-06-17T09:50:34.007+0800: 55.072: [CMS-concurrent-reset: 0.000/0.000 secs] [Times: user=0.00 sys=0.00, real=0.00 secs] 
2026-06-17T09:50:34.048+0800: 55.113: [GC (Allocation Failure) 2026-06-17T09:50:34.048+0800: 55.113: [ParNew: 19620K->2171K(19648K), 0.0075046 secs] 39837K->25511K(63360K), 0.0087082 secs] [Times: user=0.08 sys=0.00, real=0.01 secs] 
2026-06-17T09:50:34.100+0800: 55.165: [GC (Allocation Failure) 2026-06-17T09:50:34.110+0800: 55.175: [ParNew: 19643K->2173K(19648K), 0.0113355 secs] 42983K->28943K(63360K), 0.0226799 secs] [Times: user=0.07 sys=0.00, real=0.03 secs] 
2026-06-17T09:50:34.168+0800: 55.233: [GC (Allocation Failure) 2026-06-17T09:50:34.168+0800: 55.233: [ParNew: 19632K->2173K(19648K), 0.0083785 secs] 46401K->33040K(63360K), 0.0095893 secs] [Times: user=0.08 sys=0.00, real=0.01 secs] 
2026-06-17T09:50:34.221+0800: 55.286: [GC (Allocation Failure) 2026-06-17T09:50:34.222+0800: 55.287: [ParNew: 19618K->2170K(19648K), 0.0058679 secs] 50485K->36547K(63360K), 0.0075484 secs] [Times: user=0.04 sys=0.01, real=0.01 secs] 
2026-06-17T09:50:34.231+0800: 55.296: [GC (CMS Initial Mark) [1 CMS-initial-mark: 34376K(43712K)] 37991K(63360K), 0.0026592 secs] [Times: user=0.00 sys=0.00, real=0.00 secs] 
2026-06-17T09:50:34.235+0800: 55.300: [CMS-concurrent-mark-start]
2026-06-17T09:50:34.235+0800: 55.301: [CMS-concurrent-mark: 0.001/0.001 secs] [Times: user=0.00 sys=0.00, real=0.00 secs] 
2026-06-17T09:50:34.236+0800: 55.301: [CMS-concurrent-preclean-start]
2026-06-17T09:50:34.236+0800: 55.301: [CMS-concurrent-preclean: 0.000/0.000 secs] [Times: user=0.00 sys=0.00, real=0.00 secs] 
2026-06-17T09:50:34.237+0800: 55.302: [CMS-concurrent-abortable-preclean-start]
2026-06-17T09:50:34.277+0800: 55.343: [GC (Allocation Failure) 2026-06-17T09:50:34.278+0800: 55.343: [ParNew: 19637K->2172K(19648K), 0.0204399 secs] 54013K->40514K(63360K), 0.0219607 secs] [Times: user=0.19 sys=0.01, real=0.02 secs] 
2026-06-17T09:50:34.344+0800: 55.410: [GC (Allocation Failure) 2026-06-17T09:50:34.346+0800: 55.411: [ParNew: 19636K->2175K(19648K), 0.0097609 secs] 57978K->45296K(63360K), 0.0118342 secs] [Times: user=0.06 sys=0.00, real=0.01 secs] 
2026-06-17T09:50:34.358+0800: 55.423: [CMS-concurrent-abortable-preclean: 0.000/0.121 secs] [Times: user=0.27 sys=0.01, real=0.12 secs] 
2026-06-17T09:50:34.359+0800: 55.424: [GC (CMS Final Remark) [YG occupancy: 3610 K (19648 K)]2026-06-17T09:50:34.359+0800: 55.424: [Rescan (parallel) , 0.0048924 secs]2026-06-17T09:50:34.365+0800: 55.430: [weak refs processing, 0.0002758 secs]2026-06-17T09:50:34.365+0800: 55.430: [class unloading, 0.0005110 secs]2026-06-17T09:50:34.366+0800: 55.431: [scrub symbol table, 0.0007902 secs]2026-06-17T09:50:34.367+0800: 55.432: [scrub string table, 0.0004848 secs][1 CMS-remark: 43121K(43712K)] 46731K(63360K), 0.0092381 secs] [Times: user=0.03 sys=0.00, real=0.01 secs] 
2026-06-17T09:50:34.369+0800: 55.434: [CMS-concurrent-sweep-start]
2026-06-17T09:50:34.369+0800: 55.434: [CMS-concurrent-sweep: 0.000/0.000 secs] [Times: user=0.00 sys=0.00, real=0.00 secs] 
2026-06-17T09:50:34.369+0800: 55.434: [CMS-concurrent-reset-start]
2026-06-17T09:50:34.369+0800: 55.434: [CMS-concurrent-reset: 0.000/0.000 secs] [Times: user=0.00 sys=0.00, real=0.00 secs] 
2026-06-17T09:50:34.410+0800: 55.475: [GC (Allocation Failure) 2026-06-17T09:50:34.411+0800: 55.476: [ParNew: 19634K->2129K(19648K), 0.0020205 secs] 46094K->29908K(63360K), 0.0027946 secs] [Times: user=0.01 sys=0.00, real=0.01 secs] 
2026-06-17T09:50:34.445+0800: 55.510: [GC (Allocation Failure) 2026-06-17T09:50:34.446+0800: 55.511: [ParNew: 19337K->2116K(19648K), 0.0055491 secs] 47117K->33448K(63360K), 0.0066266 secs] [Times: user=0.04 sys=0.01, real=0.01 secs] 
2026-06-17T09:50:34.453+0800: 55.518: [GC (CMS Initial Mark) [1 CMS-initial-mark: 31332K(43712K)] 35637K(63360K), 0.0019238 secs] [Times: user=0.00 sys=0.00, real=0.00 secs] 
2026-06-17T09:50:34.456+0800: 55.521: [CMS-concurrent-mark-start]
2026-06-17T09:50:34.457+0800: 55.522: [CMS-concurrent-mark: 0.000/0.000 secs] [Times: user=0.00 sys=0.00, real=0.00 secs] 
2026-06-17T09:50:34.457+0800: 55.522: [CMS-concurrent-preclean-start]
2026-06-17T09:50:34.457+0800: 55.522: [CMS-concurrent-preclean: 0.000/0.000 secs] [Times: user=0.00 sys=0.00, real=0.00 secs] 
2026-06-17T09:50:34.458+0800: 55.523: [CMS-concurrent-abortable-preclean-start]
2026-06-17T09:50:34.498+0800: 55.563: [GC (Allocation Failure) 2026-06-17T09:50:34.499+0800: 55.564: [ParNew: 19532K->2175K(19648K), 0.0158584 secs] 50865K->40497K(63360K), 0.0171157 secs] [Times: user=0.15 sys=0.00, real=0.02 secs] 
2026-06-17T09:50:34.569+0800: 55.634: [GC (Allocation Failure) 2026-06-17T09:50:34.570+0800: 55.635: [ParNew: 19622K->19622K(19648K), 0.0004881 secs]2026-06-17T09:50:34.571+0800: 55.636: [CMS2026-06-17T09:50:34.571+0800: 55.636: [CMS-concurrent-abortable-preclean: 0.000/0.113 secs] [Times: user=0.15 sys=0.00, real=0.12 secs] 
 (concurrent mode failure): 38322K->27653K(43712K), 0.0048829 secs] 57945K->27653K(63360K), [Metaspace: 2713K->2713K(1056768K)], 0.0070222 secs] [Times: user=0.00 sys=0.00, real=0.01 secs] 
2026-06-17T09:50:34.619+0800: 55.684: [GC (Allocation Failure) 2026-06-17T09:50:34.620+0800: 55.685: [ParNew: 17443K->2174K(19648K), 0.0096070 secs] 45096K->34616K(63360K), 0.0108394 secs] [Times: user=0.10 sys=0.01, real=0.02 secs] 
2026-06-17T09:50:34.631+0800: 55.697: [GC (CMS Initial Mark) [1 CMS-initial-mark: 32441K(43712K)] 36077K(63360K), 0.0019162 secs] [Times: user=0.00 sys=0.00, real=0.00 secs] 
2026-06-17T09:50:34.634+0800: 55.700: [CMS-concurrent-mark-start]
2026-06-17T09:50:34.635+0800: 55.700: [CMS-concurrent-mark: 0.000/0.000 secs] [Times: user=0.01 sys=0.00, real=0.00 secs] 
2026-06-17T09:50:34.635+0800: 55.700: [CMS-concurrent-preclean-start]
2026-06-17T09:50:34.635+0800: 55.700: [CMS-concurrent-preclean: 0.000/0.000 secs] [Times: user=0.00 sys=0.00, real=0.00 secs] 
2026-06-17T09:50:34.636+0800: 55.701: [GC (CMS Final Remark) [YG occupancy: 3635 K (19648 K)]2026-06-17T09:50:34.637+0800: 55.702: [Rescan (parallel) , 0.0030991 secs]2026-06-17T09:50:34.640+0800: 55.705: [weak refs processing, 0.0003969 secs]2026-06-17T09:50:34.641+0800: 55.706: [class unloading, 0.0007275 secs]2026-06-17T09:50:34.642+0800: 55.707: [scrub symbol table, 0.0005203 secs]2026-06-17T09:50:34.643+0800: 55.708: [scrub string table, 0.0004230 secs][1 CMS-remark: 32441K(43712K)] 36077K(63360K), 0.0079442 secs] [Times: user=0.01 sys=0.00, real=0.01 secs] 
2026-06-17T09:50:34.645+0800: 55.710: [CMS-concurrent-sweep-start]
2026-06-17T09:50:34.645+0800: 55.710: [CMS-concurrent-sweep: 0.000/0.000 secs] [Times: user=0.00 sys=0.00, real=0.00 secs] 
2026-06-17T09:50:34.646+0800: 55.711: [CMS-concurrent-reset-start]
2026-06-17T09:50:34.646+0800: 55.711: [CMS-concurrent-reset: 0.000/0.000 secs] [Times: user=0.00 sys=0.00, real=0.00 secs] 
2026-06-17T09:50:34.677+0800: 55.742: [GC (Allocation Failure) 2026-06-17T09:50:34.678+0800: 55.743: [ParNew: 19646K->2175K(19648K), 0.0070328 secs] 39636K->26458K(63360K), 0.0083781 secs] [Times: user=0.06 sys=0.00, real=0.01 secs] 
2026-06-17T09:50:34.728+0800: 55.793: [GC (Allocation Failure) 2026-06-17T09:50:34.729+0800: 55.794: [ParNew: 19372K->2146K(19648K), 0.0103794 secs] 43655K->29077K(63360K), 0.0114661 secs] [Times: user=0.10 sys=0.00, real=0.01 secs] 
2026-06-17T09:50:34.793+0800: 55.858: [GC (Allocation Failure) 2026-06-17T09:50:34.793+0800: 55.858: [ParNew: 19605K->2166K(19648K), 0.0045966 secs] 46536K->32825K(63360K), 0.0056518 secs] [Times: user=0.02 sys=0.00, real=0.00 secs] 
2026-06-17T09:50:34.841+0800: 55.906: [GC (Allocation Failure) 2026-06-17T09:50:34.842+0800: 55.907: [ParNew: 19597K->2171K(19648K), 0.0056249 secs] 50255K->36607K(63360K), 0.0070161 secs] [Times: user=0.04 sys=0.00, real=0.01 secs] 
2026-06-17T09:50:34.849+0800: 55.914: [GC (CMS Initial Mark) [1 CMS-initial-mark: 34436K(43712K)] 38172K(63360K), 0.0016341 secs] [Times: user=0.00 sys=0.00, real=0.01 secs] 
2026-06-17T09:50:34.852+0800: 55.917: [CMS-concurrent-mark-start]
2026-06-17T09:50:34.852+0800: 55.917: [CMS-concurrent-mark: 0.000/0.000 secs] [Times: user=0.00 sys=0.00, real=0.00 secs] 
2026-06-17T09:50:34.852+0800: 55.917: [CMS-concurrent-preclean-start]
2026-06-17T09:50:34.852+0800: 55.917: [CMS-concurrent-preclean: 0.000/0.000 secs] [Times: user=0.00 sys=0.00, real=0.00 secs] 
2026-06-17T09:50:34.853+0800: 55.918: [CMS-concurrent-abortable-preclean-start]
2026-06-17T09:50:34.893+0800: 55.959: [GC (Allocation Failure) 2026-06-17T09:50:34.894+0800: 55.959: [ParNew: 19622K->2167K(19648K), 0.0096692 secs] 54059K->42307K(63360K), 0.0106849 secs] [Times: user=0.12 sys=0.00, real=0.01 secs] 
2026-06-17T09:50:34.947+0800: 56.013: [GC (Allocation Failure) 2026-06-17T09:50:34.948+0800: 56.013: [ParNew: 19595K->19595K(19648K), 0.0008087 secs]2026-06-17T09:50:34.950+0800: 56.015: [CMS2026-06-17T09:50:34.951+0800: 56.016: [CMS-concurrent-abortable-preclean: 0.000/0.098 secs] [Times: user=0.12 sys=0.00, real=0.10 secs] 
 (concurrent mode failure): 40140K->30276K(43712K), 0.0057592 secs] 59736K->30276K(63360K), [Metaspace: 2713K->2713K(1056768K)], 0.0088474 secs] [Times: user=0.00 sys=0.00, real=0.01 secs] 
2026-06-17T09:50:35.000+0800: 56.065: [GC (Allocation Failure) 2026-06-17T09:50:35.000+0800: 56.065: [ParNew: 17434K->2169K(19648K), 0.0142558 secs] 47710K->37244K(63360K), 0.0150994 secs] [Times: user=0.11 sys=0.01, real=0.02 secs] 
2026-06-17T09:50:35.016+0800: 56.081: [GC (CMS Initial Mark) [1 CMS-initial-mark: 35074K(43712K)] 37933K(63360K), 0.0008752 secs] [Times: user=0.00 sys=0.00, real=0.00 secs] 
2026-06-17T09:50:35.017+0800: 56.082: [CMS-concurrent-mark-start]
2026-06-17T09:50:35.018+0800: 56.083: [CMS-concurrent-mark: 0.001/0.001 secs] [Times: user=0.00 sys=0.00, real=0.00 secs] 
2026-06-17T09:50:35.018+0800: 56.083: [CMS-concurrent-preclean-start]
2026-06-17T09:50:35.018+0800: 56.083: [CMS-concurrent-preclean: 0.000/0.000 secs] [Times: user=0.00 sys=0.00, real=0.00 secs] 
2026-06-17T09:50:35.018+0800: 56.083: [CMS-concurrent-abortable-preclean-start]
2026-06-17T09:50:35.059+0800: 56.124: [GC (Allocation Failure) 2026-06-17T09:50:35.060+0800: 56.125: [ParNew: 19641K->2172K(19648K), 0.0111007 secs] 54716K->43678K(63360K), 0.0126442 secs] [Times: user=0.11 sys=0.00, real=0.02 secs] 
2026-06-17T09:50:35.073+0800: 56.139: [CMS-concurrent-abortable-preclean: 0.000/0.055 secs] [Times: user=0.11 sys=0.00, real=0.06 secs] 
2026-06-17T09:50:35.074+0800: 56.140: [GC (CMS Final Remark) [YG occupancy: 2702 K (19648 K)]2026-06-17T09:50:35.075+0800: 56.140: [Rescan (parallel) , 0.0067990 secs]2026-06-17T09:50:35.083+0800: 56.148: [weak refs processing, 0.0008472 secs]2026-06-17T09:50:35.084+0800: 56.149: [class unloading, 0.0008376 secs]2026-06-17T09:50:35.086+0800: 56.151: [scrub symbol table, 0.0010395 secs]2026-06-17T09:50:35.087+0800: 56.152: [scrub string table, 0.0005666 secs][1 CMS-remark: 41506K(43712K)] 44208K(63360K), 0.0138665 secs] [Times: user=0.06 sys=0.00, real=0.01 secs] 
2026-06-17T09:50:35.089+0800: 56.154: [CMS-concurrent-sweep-start]
2026-06-17T09:50:35.089+0800: 56.154: [CMS-concurrent-sweep: 0.000/0.000 secs] [Times: user=0.00 sys=0.00, real=0.00 secs] 
2026-06-17T09:50:35.090+0800: 56.155: [CMS-concurrent-reset-start]
2026-06-17T09:50:35.090+0800: 56.155: [CMS-concurrent-reset: 0.000/0.000 secs] [Times: user=0.00 sys=0.00, real=0.00 secs] 
2026-06-17T09:50:35.121+0800: 56.186: [GC (Allocation Failure) 2026-06-17T09:50:35.121+0800: 56.187: [ParNew: 18956K->2124K(19648K), 0.0035994 secs] 48486K->33056K(63360K), 0.0047320 secs] [Times: user=0.01 sys=0.01, real=0.01 secs] 
2026-06-17T09:50:35.127+0800: 56.192: [GC (CMS Initial Mark) [1 CMS-initial-mark: 30932K(43712K)] 34464K(63360K), 0.0019449 secs] [Times: user=0.00 sys=0.00, real=0.00 secs] 
2026-06-17T09:50:35.130+0800: 56.195: [CMS-concurrent-mark-start]
2026-06-17T09:50:35.130+0800: 56.195: [CMS-concurrent-mark: 0.000/0.000 secs] [Times: user=0.00 sys=0.00, real=0.00 secs] 
2026-06-17T09:50:35.131+0800: 56.196: [CMS-concurrent-preclean-start]
2026-06-17T09:50:35.131+0800: 56.196: [CMS-concurrent-preclean: 0.000/0.000 secs] [Times: user=0.00 sys=0.00, real=0.00 secs] 
2026-06-17T09:50:35.131+0800: 56.197: [GC (CMS Final Remark) [YG occupancy: 3532 K (19648 K)]2026-06-17T09:50:35.132+0800: 56.197: [Rescan (parallel) , 0.0052318 secs]2026-06-17T09:50:35.138+0800: 56.203: [weak refs processing, 0.0003928 secs]2026-06-17T09:50:35.139+0800: 56.204: [class unloading, 0.0006651 secs]2026-06-17T09:50:35.139+0800: 56.205: [scrub symbol table, 0.0005877 secs]2026-06-17T09:50:35.140+0800: 56.205: [scrub string table, 0.0004098 secs][1 CMS-remark: 30932K(43712K)] 34464K(63360K), 0.0096553 secs] [Times: user=0.04 sys=0.00, real=0.00 secs] 
2026-06-17T09:50:35.142+0800: 56.207: [CMS-concurrent-sweep-start]
2026-06-17T09:50:35.142+0800: 56.207: [CMS-concurrent-sweep: 0.000/0.000 secs] [Times: user=0.01 sys=0.00, real=0.00 secs] 
2026-06-17T09:50:35.142+0800: 56.207: [CMS-concurrent-reset-start]
2026-06-17T09:50:35.142+0800: 56.207: [CMS-concurrent-reset: 0.000/0.000 secs] [Times: user=0.00 sys=0.00, real=0.00 secs] 
2026-06-17T09:50:35.174+0800: 56.239: [GC (Allocation Failure) 2026-06-17T09:50:35.174+0800: 56.239: [ParNew: 19332K->2135K(19648K), 0.0064306 secs] 45322K->31515K(63360K), 0.0076984 secs] [Times: user=0.05 sys=0.00, real=0.00 secs] 
2026-06-17T09:50:35.225+0800: 56.290: [GC (Allocation Failure) 2026-06-17T09:50:35.225+0800: 56.290: [ParNew: 19593K->2170K(19648K), 0.0070074 secs] 48973K->38359K(63360K), 0.0083404 secs] [Times: user=0.06 sys=0.00, real=0.01 secs] 
2026-06-17T09:50:35.234+0800: 56.299: [GC (CMS Initial Mark) [1 CMS-initial-mark: 36188K(43712K)] 38844K(63360K), 0.0013659 secs] [Times: user=0.00 sys=0.00, real=0.00 secs] 
2026-06-17T09:50:35.237+0800: 56.302: [CMS-concurrent-mark-start]
2026-06-17T09:50:35.237+0800: 56.302: [CMS-concurrent-mark: 0.001/0.001 secs] [Times: user=0.00 sys=0.00, real=0.00 secs] 
2026-06-17T09:50:35.238+0800: 56.303: [CMS-concurrent-preclean-start]
2026-06-17T09:50:35.238+0800: 56.303: [CMS-concurrent-preclean: 0.000/0.000 secs] [Times: user=0.00 sys=0.00, real=0.00 secs] 
2026-06-17T09:50:35.238+0800: 56.303: [GC (CMS Final Remark) [YG occupancy: 2655 K (19648 K)]2026-06-17T09:50:35.239+0800: 56.304: [Rescan (parallel) , 0.0035547 secs]2026-06-17T09:50:35.243+0800: 56.308: [weak refs processing, 0.0002151 secs]2026-06-17T09:50:35.243+0800: 56.308: [class unloading, 0.0005053 secs]2026-06-17T09:50:35.244+0800: 56.309: [scrub symbol table, 0.0005145 secs]2026-06-17T09:50:35.245+0800: 56.310: [scrub string table, 0.0003994 secs][1 CMS-remark: 36188K(43712K)] 38844K(63360K), 0.0075102 secs] [Times: user=0.02 sys=0.00, real=0.01 secs] 
2026-06-17T09:50:35.246+0800: 56.312: [CMS-concurrent-sweep-start]
2026-06-17T09:50:35.247+0800: 56.312: [CMS-concurrent-sweep: 0.000/0.000 secs] [Times: user=0.00 sys=0.00, real=0.00 secs] 
2026-06-17T09:50:35.247+0800: 56.312: [CMS-concurrent-reset-start]
2026-06-17T09:50:35.247+0800: 56.312: [CMS-concurrent-reset: 0.000/0.000 secs] [Times: user=0.00 sys=0.00, real=0.00 secs] 
2026-06-17T09:50:35.288+0800: 56.353: [GC (Allocation Failure) 2026-06-17T09:50:35.289+0800: 56.354: [ParNew: 19632K->2066K(19648K), 0.0105365 secs] 44647K->28326K(63360K), 0.0122818 secs] [Times: user=0.06 sys=0.00, real=0.01 secs] 
2026-06-17T09:50:35.336+0800: 56.401: [GC (Allocation Failure) 2026-06-17T09:50:35.337+0800: 56.402: [ParNew: 19495K->2052K(19648K), 0.0103239 secs] 45756K->31558K(63360K), 0.0114922 secs] [Times: user=0.08 sys=0.01, real=0.01 secs] 
2026-06-17T09:50:35.401+0800: 56.466: [GC (Allocation Failure) 2026-06-17T09:50:35.402+0800: 56.467: [ParNew: 19520K->2133K(19648K), 0.0078849 secs] 49027K->34901K(63360K), 0.0090747 secs] [Times: user=0.08 sys=0.00, real=0.02 secs] 
2026-06-17T09:50:35.454+0800: 56.519: [GC (Allocation Failure) 2026-06-17T09:50:35.454+0800: 56.519: [ParNew: 19572K->2172K(19648K), 0.0105054 secs] 52340K->39039K(63360K), 0.0113630 secs] [Times: user=0.08 sys=0.00, real=0.01 secs] 
2026-06-17T09:50:35.466+0800: 56.531: [GC (CMS Initial Mark) [1 CMS-initial-mark: 36866K(43712K)] 40611K(63360K), 0.0016059 secs] [Times: user=0.01 sys=0.00, real=0.00 secs] 
2026-06-17T09:50:35.468+0800: 56.533: [CMS-concurrent-mark-start]
2026-06-17T09:50:35.469+0800: 56.534: [CMS-concurrent-mark: 0.000/0.000 secs] [Times: user=0.00 sys=0.00, real=0.00 secs] 
2026-06-17T09:50:35.469+0800: 56.534: [CMS-concurrent-preclean-start]
2026-06-17T09:50:35.469+0800: 56.534: [CMS-concurrent-preclean: 0.000/0.000 secs] [Times: user=0.00 sys=0.00, real=0.00 secs] 
2026-06-17T09:50:35.469+0800: 56.534: [CMS-concurrent-abortable-preclean-start]
2026-06-17T09:50:35.510+0800: 56.575: [GC (Allocation Failure) 2026-06-17T09:50:35.511+0800: 56.576: [ParNew: 19606K->2164K(19648K), 0.0101041 secs] 56473K->43257K(63360K), 0.0111852 secs] [Times: user=0.12 sys=0.00, real=0.01 secs] 
2026-06-17T09:50:35.565+0800: 56.630: [GC (Allocation Failure) 2026-06-17T09:50:35.565+0800: 56.630: [ParNew: 19636K->19636K(19648K), 0.0007590 secs]2026-06-17T09:50:35.567+0800: 56.632: [CMS2026-06-17T09:50:35.567+0800: 56.632: [CMS-concurrent-abortable-preclean: 0.000/0.098 secs] [Times: user=0.12 sys=0.00, real=0.10 secs] 
 (concurrent mode failure): 41093K->27802K(43712K), 0.0048331 secs] 60729K->27802K(63360K), [Metaspace: 2713K->2713K(1056768K)], 0.0075468 secs] [Times: user=0.01 sys=0.00, real=0.01 secs] 
2026-06-17T09:50:35.615+0800: 56.680: [GC (Allocation Failure) 2026-06-17T09:50:35.616+0800: 56.681: [ParNew: 17442K->2169K(19648K), 0.0053171 secs] 45244K->34957K(63360K), 0.0066018 secs] [Times: user=0.03 sys=0.00, real=0.00 secs] 
2026-06-17T09:50:35.623+0800: 56.688: [GC (CMS Initial Mark) [1 CMS-initial-mark: 32788K(43712K)] 35519K(63360K), 0.0019826 secs] [Times: user=0.00 sys=0.00, real=0.00 secs] 
2026-06-17T09:50:35.625+0800: 56.691: [CMS-concurrent-mark-start]
2026-06-17T09:50:35.626+0800: 56.691: [CMS-concurrent-mark: 0.000/0.000 secs] [Times: user=0.01 sys=0.00, real=0.00 secs] 
2026-06-17T09:50:35.627+0800: 56.692: [CMS-concurrent-preclean-start]
2026-06-17T09:50:35.627+0800: 56.692: [CMS-concurrent-preclean: 0.000/0.000 secs] [Times: user=0.00 sys=0.00, real=0.00 secs] 
2026-06-17T09:50:35.627+0800: 56.692: [CMS-concurrent-abortable-preclean-start]
2026-06-17T09:50:35.667+0800: 56.733: [GC (Allocation Failure) 2026-06-17T09:50:35.668+0800: 56.733: [ParNew: 19641K->2175K(19648K), 0.0055967 secs] 52429K->40600K(63360K), 0.0070890 secs] [Times: user=0.04 sys=0.00, real=0.01 secs] 
2026-06-17T09:50:35.728+0800: 56.793: [GC (Allocation Failure) 2026-06-17T09:50:35.729+0800: 56.794: [ParNew: 19647K->19647K(19648K), 0.0001429 secs]2026-06-17T09:50:35.729+0800: 56.794: [CMS2026-06-17T09:50:35.729+0800: 56.794: [CMS-concurrent-abortable-preclean: 0.000/0.102 secs] [Times: user=0.04 sys=0.00, real=0.10 secs] 
 (concurrent mode failure): 38424K->24511K(43712K), 0.0029067 secs] 58072K->24511K(63360K), [Metaspace: 2713K->2713K(1056768K)], 0.0038714 secs] [Times: user=0.00 sys=0.00, real=0.01 secs] 
2026-06-17T09:50:35.775+0800: 56.840: [GC (Allocation Failure) 2026-06-17T09:50:35.775+0800: 56.840: [ParNew: 17472K->2172K(19648K), 0.0168577 secs] 41983K->31576K(63360K), 0.0177301 secs] [Times: user=0.17 sys=0.00, real=0.02 secs] 
2026-06-17T09:50:35.835+0800: 56.900: [GC (Allocation Failure) 2026-06-17T09:50:35.836+0800: 56.901: [ParNew: 19644K->2168K(19648K), 0.0070474 secs] 49048K->35772K(63360K), 0.0083921 secs] [Times: user=0.08 sys=0.00, real=0.01 secs] 
2026-06-17T09:50:35.845+0800: 56.910: [GC (CMS Initial Mark) [1 CMS-initial-mark: 33603K(43712K)] 37381K(63360K), 0.0020421 secs] [Times: user=0.00 sys=0.01, real=0.00 secs] 
2026-06-17T09:50:35.848+0800: 56.913: [CMS-concurrent-mark-start]
2026-06-17T09:50:35.849+0800: 56.914: [CMS-concurrent-mark: 0.000/0.000 secs] [Times: user=0.00 sys=0.00, real=0.00 secs] 
2026-06-17T09:50:35.849+0800: 56.914: [CMS-concurrent-preclean-start]
2026-06-17T09:50:35.849+0800: 56.914: [CMS-concurrent-preclean: 0.000/0.000 secs] [Times: user=0.00 sys=0.00, real=0.00 secs] 
2026-06-17T09:50:35.849+0800: 56.915: [CMS-concurrent-abortable-preclean-start]
2026-06-17T09:50:35.890+0800: 56.955: [GC (Allocation Failure) 2026-06-17T09:50:35.891+0800: 56.956: [ParNew: 19639K->2171K(19648K), 0.0082012 secs] 53243K->40261K(63360K), 0.0092657 secs] [Times: user=0.10 sys=0.00, real=0.01 secs] 
2026-06-17T09:50:35.942+0800: 57.007: [GC (Allocation Failure) 2026-06-17T09:50:35.943+0800: 57.008: [ParNew: 19633K->19633K(19648K), 0.0005496 secs]2026-06-17T09:50:35.944+0800: 57.009: [CMS2026-06-17T09:50:35.945+0800: 57.010: [CMS-concurrent-abortable-preclean: 0.000/0.095 secs] [Times: user=0.10 sys=0.00, real=0.10 secs] 
 (concurrent mode failure): 38089K->29274K(43712K), 0.0043013 secs] 57723K->29274K(63360K), [Metaspace: 2713K->2713K(1056768K)], 0.0065343 secs] [Times: user=0.00 sys=0.00, real=0.01 secs] 
2026-06-17T09:50:36.002+0800: 57.067: [GC (Allocation Failure) 2026-06-17T09:50:36.002+0800: 57.068: [ParNew: 17448K->2167K(19648K), 0.0071470 secs] 46723K->33096K(63360K), 0.0086549 secs] [Times: user=0.04 sys=0.01, real=0.02 secs] 
2026-06-17T09:50:36.054+0800: 57.119: [GC (Allocation Failure) 2026-06-17T09:50:36.054+0800: 57.119: [ParNew: 19636K->2172K(19648K), 0.0041552 secs] 50565K->37217K(63360K), 0.0052309 secs] [Times: user=0.03 sys=0.01, real=0.00 secs] 
2026-06-17T09:50:36.060+0800: 57.125: [GC (CMS Initial Mark) [1 CMS-initial-mark: 35044K(43712K)] 38038K(63360K), 0.0015085 secs] [Times: user=0.00 sys=0.00, real=0.00 secs] 
2026-06-17T09:50:36.062+0800: 57.127: [CMS-concurrent-mark-start]
2026-06-17T09:50:36.063+0800: 57.128: [CMS-concurrent-mark: 0.000/0.000 secs] [Times: user=0.00 sys=0.00, real=0.01 secs] 
2026-06-17T09:50:36.063+0800: 57.128: [CMS-concurrent-preclean-start]
2026-06-17T09:50:36.063+0800: 57.128: [CMS-concurrent-preclean: 0.000/0.000 secs] [Times: user=0.00 sys=0.00, real=0.00 secs] 
2026-06-17T09:50:36.063+0800: 57.129: [CMS-concurrent-abortable-preclean-start]
2026-06-17T09:50:36.104+0800: 57.169: [GC (Allocation Failure) 2026-06-17T09:50:36.105+0800: 57.170: [ParNew: 19622K->2171K(19648K), 0.0133588 secs] 54667K->41070K(63360K), 0.0142914 secs] [Times: user=0.12 sys=0.00, real=0.01 secs] 
2026-06-17T09:50:36.165+0800: 57.230: [GC (Allocation Failure) 2026-06-17T09:50:36.166+0800: 57.231: [ParNew: 19520K->19520K(19648K), 0.0004728 secs]2026-06-17T09:50:36.167+0800: 57.232: [CMS2026-06-17T09:50:36.167+0800: 57.232: [CMS-concurrent-abortable-preclean: 0.000/0.104 secs] [Times: user=0.12 sys=0.00, real=0.10 secs] 
 (concurrent mode failure): 38898K->27817K(43712K), 0.0041276 secs] 58419K->27817K(63360K), [Metaspace: 2713K->2713K(1056768K)], 0.0059642 secs] [Times: user=0.00 sys=0.00, real=0.01 secs] 
2026-06-17T09:50:36.224+0800: 57.289: [GC (Allocation Failure) 2026-06-17T09:50:36.226+0800: 57.291: [ParNew: 17472K->2139K(19648K), 0.0081534 secs] 45289K->31567K(63360K), 0.0099400 secs] [Times: user=0.07 sys=0.00, real=0.01 secs] 
2026-06-17T09:50:36.277+0800: 57.342: [GC (Allocation Failure) 2026-06-17T09:50:36.278+0800: 57.343: [ParNew: 19611K->2171K(19648K), 0.0035985 secs] 49039K->35001K(63360K), 0.0046452 secs] [Times: user=0.02 sys=0.00, real=0.00 secs] 
2026-06-17T09:50:36.315+0800: 57.380: [GC (Allocation Failure) 2026-06-17T09:50:36.315+0800: 57.380: [ParNew: 19352K->2065K(19648K), 0.0055415 secs] 52183K->38069K(63360K), 0.0063654 secs] [Times: user=0.02 sys=0.01, real=0.00 secs] 
2026-06-17T09:50:36.323+0800: 57.388: [GC (CMS Initial Mark) [1 CMS-initial-mark: 36003K(43712K)] 39025K(63360K), 0.0012646 secs] [Times: user=0.00 sys=0.00, real=0.00 secs] 
2026-06-17T09:50:36.325+0800: 57.390: [CMS-concurrent-mark-start]
2026-06-17T09:50:36.325+0800: 57.390: [CMS-concurrent-mark: 0.001/0.001 secs] [Times: user=0.00 sys=0.00, real=0.00 secs] 
2026-06-17T09:50:36.326+0800: 57.391: [CMS-concurrent-preclean-start]
2026-06-17T09:50:36.326+0800: 57.391: [CMS-concurrent-preclean: 0.000/0.000 secs] [Times: user=0.00 sys=0.00, real=0.00 secs] 
2026-06-17T09:50:36.327+0800: 57.392: [GC (CMS Final Remark) [YG occupancy: 3022 K (19648 K)]2026-06-17T09:50:36.327+0800: 57.392: [Rescan (parallel) , 0.0023746 secs]2026-06-17T09:50:36.330+0800: 57.395: [weak refs processing, 0.0003337 secs]2026-06-17T09:50:36.330+0800: 57.396: [class unloading, 0.0004768 secs]2026-06-17T09:50:36.331+0800: 57.396: [scrub symbol table, 0.0005563 secs]2026-06-17T09:50:36.332+0800: 57.397: [scrub string table, 0.0003616 secs][1 CMS-remark: 36003K(43712K)] 39025K(63360K), 0.0061911 secs] [Times: user=0.01 sys=0.00, real=0.01 secs] 
2026-06-17T09:50:36.333+0800: 57.399: [CMS-concurrent-sweep-start]
2026-06-17T09:50:36.334+0800: 57.399: [CMS-concurrent-sweep: 0.000/0.000 secs] [Times: user=0.00 sys=0.00, real=0.00 secs] 
2026-06-17T09:50:36.334+0800: 57.399: [CMS-concurrent-reset-start]
2026-06-17T09:50:36.334+0800: 57.399: [CMS-concurrent-reset: 0.000/0.000 secs] [Times: user=0.00 sys=0.00, real=0.00 secs] 
2026-06-17T09:50:36.375+0800: 57.441: [GC (Allocation Failure) 2026-06-17T09:50:36.376+0800: 57.441: [ParNew: 19537K->2106K(19648K), 0.0091347 secs] 45628K->31910K(63360K), 0.0101560 secs] [Times: user=0.11 sys=0.00, real=0.01 secs] 
2026-06-17T09:50:36.428+0800: 57.494: [GC (Allocation Failure) 2026-06-17T09:50:36.429+0800: 57.494: [ParNew: 19569K->2175K(19648K), 0.0047390 secs] 49373K->35657K(63360K), 0.0058816 secs] [Times: user=0.04 sys=0.00, real=0.01 secs] 
2026-06-17T09:50:36.477+0800: 57.543: [GC (Allocation Failure) 2026-06-17T09:50:36.478+0800: 57.543: [ParNew: 19643K->2174K(19648K), 0.0076728 secs] 53125K->40295K(63360K), 0.0089688 secs] [Times: user=0.08 sys=0.00, real=0.01 secs] 
2026-06-17T09:50:36.488+0800: 57.553: [GC (CMS Initial Mark) [1 CMS-initial-mark: 38120K(43712K)] 42412K(63360K), 0.0013516 secs] [Times: user=0.00 sys=0.00, real=0.00 secs] 
2026-06-17T09:50:36.491+0800: 57.556: [CMS-concurrent-mark-start]
2026-06-17T09:50:36.491+0800: 57.556: [CMS-concurrent-mark: 0.000/0.000 secs] [Times: user=0.00 sys=0.00, real=0.00 secs] 
2026-06-17T09:50:36.491+0800: 57.556: [CMS-concurrent-preclean-start]
2026-06-17T09:50:36.491+0800: 57.556: [CMS-concurrent-preclean: 0.000/0.000 secs] [Times: user=0.00 sys=0.00, real=0.00 secs] 
2026-06-17T09:50:36.492+0800: 57.557: [CMS-concurrent-abortable-preclean-start]
2026-06-17T09:50:36.531+0800: 57.596: [GC (Allocation Failure) 2026-06-17T09:50:36.531+0800: 57.597: [ParNew: 19630K->2169K(19648K), 0.0034468 secs] 57751K->44502K(63360K), 0.0046692 secs] [Times: user=0.03 sys=0.00, real=0.00 secs] 
2026-06-17T09:50:36.537+0800: 57.602: [CMS-concurrent-abortable-preclean: 0.000/0.045 secs] [Times: user=0.03 sys=0.00, real=0.04 secs] 
2026-06-17T09:50:36.537+0800: 57.603: [GC (CMS Final Remark) [YG occupancy: 3049 K (19648 K)]2026-06-17T09:50:36.538+0800: 57.603: [Rescan (parallel) , 0.0057471 secs]2026-06-17T09:50:36.544+0800: 57.609: [weak refs processing, 0.0003585 secs]2026-06-17T09:50:36.544+0800: 57.610: [class unloading, 0.0005123 secs]2026-06-17T09:50:36.545+0800: 57.610: [scrub symbol table, 0.0004382 secs]2026-06-17T09:50:36.546+0800: 57.611: [scrub string table, 0.0005114 secs][1 CMS-remark: 42333K(43712K)] 45383K(63360K), 0.0099796 secs] [Times: user=0.07 sys=0.00, real=0.01 secs] 
2026-06-17T09:50:36.549+0800: 57.614: [CMS-concurrent-sweep-start]
2026-06-17T09:50:36.549+0800: 57.614: [CMS-concurrent-sweep: 0.000/0.000 secs] [Times: user=0.00 sys=0.00, real=0.00 secs] 
2026-06-17T09:50:36.550+0800: 57.615: [CMS-concurrent-reset-start]
2026-06-17T09:50:36.550+0800: 57.615: [CMS-concurrent-reset: 0.000/0.000 secs] [Times: user=0.00 sys=0.00, real=0.00 secs] 
2026-06-17T09:50:36.581+0800: 57.646: [GC (Allocation Failure) 2026-06-17T09:50:36.581+0800: 57.646: [ParNew: 19413K->2139K(19648K), 0.0096465 secs] 45771K->30013K(63360K), 0.0108746 secs] [Times: user=0.10 sys=0.01, real=0.02 secs] 
2026-06-17T09:50:36.645+0800: 57.710: [GC (Allocation Failure) 2026-06-17T09:50:36.645+0800: 57.711: [ParNew: 19611K->2075K(19648K), 0.0046466 secs] 47485K->33274K(63360K), 0.0060772 secs] [Times: user=0.02 sys=0.00, real=0.01 secs] 
2026-06-17T09:50:36.694+0800: 57.759: [GC (Allocation Failure) 2026-06-17T09:50:36.695+0800: 57.760: [ParNew: 19500K->2169K(19648K), 0.0053340 secs] 50700K->36602K(63360K), 0.0067518 secs] [Times: user=0.03 sys=0.00, real=0.00 secs] 
2026-06-17T09:50:36.702+0800: 57.768: [GC (CMS Initial Mark) [1 CMS-initial-mark: 34433K(43712K)] 38468K(63360K), 0.0019303 secs] [Times: user=0.00 sys=0.00, real=0.00 secs] 
2026-06-17T09:50:36.706+0800: 57.771: [CMS-concurrent-mark-start]
2026-06-17T09:50:36.706+0800: 57.771: [CMS-concurrent-mark: 0.000/0.000 secs] [Times: user=0.00 sys=0.00, real=0.00 secs] 
2026-06-17T09:50:36.707+0800: 57.772: [CMS-concurrent-preclean-start]
2026-06-17T09:50:36.707+0800: 57.772: [CMS-concurrent-preclean: 0.000/0.000 secs] [Times: user=0.00 sys=0.00, real=0.00 secs] 
2026-06-17T09:50:36.707+0800: 57.772: [CMS-concurrent-abortable-preclean-start]
2026-06-17T09:50:36.748+0800: 57.813: [GC (Allocation Failure) 2026-06-17T09:50:36.749+0800: 57.814: [ParNew: 19641K->2146K(19648K), 0.0141498 secs] 54074K->40540K(63360K), 0.0155827 secs] [Times: user=0.16 sys=0.00, real=0.02 secs] 
2026-06-17T09:50:36.808+0800: 57.873: [GC (Allocation Failure) 2026-06-17T09:50:36.809+0800: 57.874: [ParNew: 19612K->2171K(19648K), 0.0113967 secs] 58006K->43807K(63360K), 0.0133982 secs] [Times: user=0.10 sys=0.01, real=0.01 secs] 
2026-06-17T09:50:36.823+0800: 57.888: [CMS-concurrent-abortable-preclean: 0.000/0.116 secs] [Times: user=0.27 sys=0.01, real=0.12 secs] 
2026-06-17T09:50:36.824+0800: 57.889: [GC (CMS Final Remark) [YG occupancy: 4017 K (19648 K)]2026-06-17T09:50:36.824+0800: 57.889: [Rescan (parallel) , 0.0045327 secs]2026-06-17T09:50:36.829+0800: 57.894: [weak refs processing, 0.0005237 secs]2026-06-17T09:50:36.830+0800: 57.895: [class unloading, 0.0005826 secs]2026-06-17T09:50:36.831+0800: 57.896: [scrub symbol table, 0.0005358 secs]2026-06-17T09:50:36.832+0800: 57.897: [scrub string table, 0.0004224 secs][1 CMS-remark: 41636K(43712K)] 45653K(63360K), 0.0094021 secs] [Times: user=0.02 sys=0.00, real=0.01 secs] 
2026-06-17T09:50:36.834+0800: 57.899: [CMS-concurrent-sweep-start]
2026-06-17T09:50:36.834+0800: 57.899: [CMS-concurrent-sweep: 0.000/0.000 secs] [Times: user=0.01 sys=0.00, real=0.00 secs] 
2026-06-17T09:50:36.835+0800: 57.900: [CMS-concurrent-reset-start]
2026-06-17T09:50:36.835+0800: 57.900: [CMS-concurrent-reset: 0.000/0.000 secs] [Times: user=0.00 sys=0.00, real=0.00 secs] 
2026-06-17T09:50:36.866+0800: 57.931: [GC (Allocation Failure) 2026-06-17T09:50:36.866+0800: 57.931: [ParNew: 19612K->2168K(19648K), 0.0077832 secs] 47916K->34860K(63360K), 0.0090113 secs] [Times: user=0.07 sys=0.00, real=0.01 secs] 
2026-06-17T09:50:36.876+0800: 57.941: [GC (CMS Initial Mark) [1 CMS-initial-mark: 32692K(43712K)] 36131K(63360K), 0.0022720 secs] [Times: user=0.00 sys=0.01, real=0.00 secs] 
2026-06-17T09:50:36.880+0800: 57.945: [CMS-concurrent-mark-start]
2026-06-17T09:50:36.880+0800: 57.945: [CMS-concurrent-mark: 0.001/0.001 secs] [Times: user=0.00 sys=0.00, real=0.00 secs] 
2026-06-17T09:50:36.880+0800: 57.946: [CMS-concurrent-preclean-start]
2026-06-17T09:50:36.880+0800: 57.946: [CMS-concurrent-preclean: 0.000/0.000 secs] [Times: user=0.00 sys=0.00, real=0.00 secs] 
2026-06-17T09:50:36.881+0800: 57.946: [GC (CMS Final Remark) [YG occupancy: 4131 K (19648 K)]2026-06-17T09:50:36.881+0800: 57.946: [Rescan (parallel) , 0.0056320 secs]2026-06-17T09:50:36.887+0800: 57.953: [weak refs processing, 0.0005002 secs]2026-06-17T09:50:36.888+0800: 57.954: [class unloading, 0.0004099 secs]2026-06-17T09:50:36.889+0800: 57.954: [scrub symbol table, 0.0003617 secs]2026-06-17T09:50:36.890+0800: 57.955: [scrub string table, 0.0003614 secs][1 CMS-remark: 32692K(43712K)] 36823K(63360K), 0.0095766 secs] [Times: user=0.04 sys=0.00, real=0.02 secs] 
2026-06-17T09:50:36.891+0800: 57.956: [CMS-concurrent-sweep-start]
2026-06-17T09:50:36.891+0800: 57.956: [CMS-concurrent-sweep: 0.000/0.000 secs] [Times: user=0.00 sys=0.00, real=0.00 secs] 
2026-06-17T09:50:36.892+0800: 57.957: [CMS-concurrent-reset-start]
2026-06-17T09:50:36.892+0800: 57.957: [CMS-concurrent-reset: 0.000/0.000 secs] [Times: user=0.00 sys=0.00, real=0.00 secs] 
2026-06-17T09:50:36.923+0800: 57.988: [GC (Allocation Failure) 2026-06-17T09:50:36.923+0800: 57.988: [ParNew: 19640K->2173K(19648K), 0.0052148 secs] 42371K->30751K(63360K), 0.0063377 secs] [Times: user=0.04 sys=0.00, real=0.00 secs] 
2026-06-17T09:50:36.930+0800: 57.995: [GC (CMS Initial Mark) [1 CMS-initial-mark: 28577K(43712K)] 31451K(63360K), 0.0010989 secs] [Times: user=0.00 sys=0.00, real=0.01 secs] 
2026-06-17T09:50:36.933+0800: 57.998: [CMS-concurrent-mark-start]
2026-06-17T09:50:36.933+0800: 57.998: [CMS-concurrent-mark: 0.000/0.000 secs] [Times: user=0.00 sys=0.00, real=0.00 secs] 
2026-06-17T09:50:36.933+0800: 57.998: [CMS-concurrent-preclean-start]
2026-06-17T09:50:36.933+0800: 57.999: [CMS-concurrent-preclean: 0.000/0.000 secs] [Times: user=0.00 sys=0.00, real=0.00 secs] 
2026-06-17T09:50:36.934+0800: 57.999: [GC (CMS Final Remark) [YG occupancy: 3767 K (19648 K)]2026-06-17T09:50:36.934+0800: 57.999: [Rescan (parallel) , 0.0024780 secs]2026-06-17T09:50:36.937+0800: 58.002: [weak refs processing, 0.0003073 secs]2026-06-17T09:50:36.938+0800: 58.003: [class unloading, 0.0005108 secs]2026-06-17T09:50:36.939+0800: 58.004: [scrub symbol table, 0.0004252 secs]2026-06-17T09:50:36.939+0800: 58.005: [scrub string table, 0.0004711 secs][1 CMS-remark: 28577K(43712K)] 32345K(63360K), 0.0064882 secs] [Times: user=0.01 sys=0.00, real=0.00 secs] 
2026-06-17T09:50:36.941+0800: 58.006: [CMS-concurrent-sweep-start]
2026-06-17T09:50:36.941+0800: 58.006: [CMS-concurrent-sweep: 0.000/0.000 secs] [Times: user=0.00 sys=0.00, real=0.00 secs] 
2026-06-17T09:50:36.942+0800: 58.007: [CMS-concurrent-reset-start]
2026-06-17T09:50:36.942+0800: 58.007: [CMS-concurrent-reset: 0.000/0.000 secs] [Times: user=0.00 sys=0.00, real=0.00 secs] 
2026-06-17T09:50:36.985+0800: 58.050: [GC (Allocation Failure) 2026-06-17T09:50:36.986+0800: 58.051: [ParNew: 19622K->2044K(19648K), 0.0062628 secs] 45864K->30743K(63360K), 0.0077958 secs] [Times: user=0.03 sys=0.01, real=0.01 secs] 
2026-06-17T09:50:37.037+0800: 58.102: [GC (Allocation Failure) 2026-06-17T09:50:37.037+0800: 58.102: [ParNew: 19516K->2168K(19648K), 0.0046910 secs] 48215K->34493K(63360K), 0.0057458 secs] [Times: user=0.05 sys=0.00, real=0.01 secs] 
2026-06-17T09:50:37.044+0800: 58.109: [GC (CMS Initial Mark) [1 CMS-initial-mark: 32324K(43712K)] 37468K(63360K), 0.0015539 secs] [Times: user=0.00 sys=0.00, real=0.00 secs] 
2026-06-17T09:50:37.046+0800: 58.112: [CMS-concurrent-mark-start]
2026-06-17T09:50:37.047+0800: 58.112: [CMS-concurrent-mark: 0.000/0.000 secs] [Times: user=0.00 sys=0.00, real=0.00 secs] 
2026-06-17T09:50:37.047+0800: 58.112: [CMS-concurrent-preclean-start]
2026-06-17T09:50:37.047+0800: 58.112: [CMS-concurrent-preclean: 0.000/0.000 secs] [Times: user=0.00 sys=0.00, real=0.00 secs] 
2026-06-17T09:50:37.047+0800: 58.113: [CMS-concurrent-abortable-preclean-start]
2026-06-17T09:50:37.088+0800: 58.153: [GC (Allocation Failure) 2026-06-17T09:50:37.089+0800: 58.154: [ParNew: 19640K->2170K(19648K), 0.0084607 secs] 51965K->38485K(63360K), 0.0094427 secs] [Times: user=0.11 sys=0.01, real=0.01 secs] 
2026-06-17T09:50:37.141+0800: 58.206: [GC (Allocation Failure) 2026-06-17T09:50:37.141+0800: 58.206: [ParNew: 19631K->2175K(19648K), 0.0027312 secs] 55946K->44158K(63360K), 0.0037479 secs] [Times: user=0.02 sys=0.00, real=0.01 secs] 
2026-06-17T09:50:37.145+0800: 58.210: [CMS-concurrent-abortable-preclean: 0.000/0.098 secs] [Times: user=0.13 sys=0.01, real=0.10 secs] 
2026-06-17T09:50:37.146+0800: 58.211: [GC (CMS Final Remark) [YG occupancy: 4297 K (19648 K)]2026-06-17T09:50:37.146+0800: 58.211: [Rescan (parallel) , 0.0017015 secs]2026-06-17T09:50:37.148+0800: 58.213: [weak refs processing, 0.0003236 secs]2026-06-17T09:50:37.149+0800: 58.214: [class unloading, 0.0004209 secs]2026-06-17T09:50:37.149+0800: 58.215: [scrub symbol table, 0.0006824 secs]2026-06-17T09:50:37.150+0800: 58.216: [scrub string table, 0.0004665 secs][1 CMS-remark: 41983K(43712K)] 46280K(63360K), 0.0055716 secs] [Times: user=0.01 sys=0.00, real=0.01 secs] 
2026-06-17T09:50:37.152+0800: 58.217: [CMS-concurrent-sweep-start]
2026-06-17T09:50:37.152+0800: 58.217: [CMS-concurrent-sweep: 0.000/0.000 secs] [Times: user=0.00 sys=0.00, real=0.00 secs] 
2026-06-17T09:50:37.153+0800: 58.218: [CMS-concurrent-reset-start]
2026-06-17T09:50:37.153+0800: 58.218: [CMS-concurrent-reset: 0.000/0.000 secs] [Times: user=0.00 sys=0.00, real=0.00 secs] 
2026-06-17T09:50:37.187+0800: 58.252: [GC (Allocation Failure) 2026-06-17T09:50:37.188+0800: 58.253: [ParNew: 19606K->2169K(19648K), 0.0122044 secs] 49824K->39278K(63360K), 0.0132044 secs] [Times: user=0.14 sys=0.00, real=0.01 secs] 
2026-06-17T09:50:37.201+0800: 58.266: [GC (CMS Initial Mark) [1 CMS-initial-mark: 37108K(43712K)] 39719K(63360K), 0.0014753 secs] [Times: user=0.00 sys=0.00, real=0.01 secs] 
2026-06-17T09:50:37.204+0800: 58.269: [CMS-concurrent-mark-start]
2026-06-17T09:50:37.204+0800: 58.269: [CMS-concurrent-mark: 0.000/0.000 secs] [Times: user=0.00 sys=0.00, real=0.00 secs] 
2026-06-17T09:50:37.205+0800: 58.270: [CMS-concurrent-preclean-start]
2026-06-17T09:50:37.205+0800: 58.270: [CMS-concurrent-preclean: 0.000/0.000 secs] [Times: user=0.00 sys=0.00, real=0.00 secs] 
2026-06-17T09:50:37.205+0800: 58.270: [GC (CMS Final Remark) [YG occupancy: 2611 K (19648 K)]2026-06-17T09:50:37.206+0800: 58.271: [Rescan (parallel) , 0.0028641 secs]2026-06-17T09:50:37.209+0800: 58.274: [weak refs processing, 0.0004084 secs]2026-06-17T09:50:37.210+0800: 58.275: [class unloading, 0.0006508 secs]2026-06-17T09:50:37.211+0800: 58.276: [scrub symbol table, 0.0005414 secs]2026-06-17T09:50:37.212+0800: 58.277: [scrub string table, 0.0003756 secs][1 CMS-remark: 37108K(43712K)] 39719K(63360K), 0.0071442 secs] [Times: user=0.03 sys=0.00, real=0.01 secs] 
2026-06-17T09:50:37.213+0800: 58.278: [CMS-concurrent-sweep-start]
2026-06-17T09:50:37.213+0800: 58.278: [CMS-concurrent-sweep: 0.000/0.000 secs] [Times: user=0.00 sys=0.00, real=0.00 secs] 
2026-06-17T09:50:37.214+0800: 58.279: [CMS-concurrent-reset-start]
2026-06-17T09:50:37.214+0800: 58.279: [CMS-concurrent-reset: 0.000/0.000 secs] [Times: user=0.00 sys=0.00, real=0.00 secs] 
2026-06-17T09:50:37.255+0800: 58.320: [GC (Allocation Failure) 2026-06-17T09:50:37.256+0800: 58.321: [ParNew: 19641K->2158K(19648K), 0.0022120 secs] 42060K->27039K(63360K), 0.0032537 secs] [Times: user=0.01 sys=0.00, real=0.00 secs] 
2026-06-17T09:50:37.301+0800: 58.366: [GC (Allocation Failure) 2026-06-17T09:50:37.304+0800: 58.370: [ParNew: 19630K->2173K(19648K), 0.0094439 secs] 44511K->31148K(63360K), 0.0131791 secs] [Times: user=0.10 sys=0.00, real=0.02 secs] 
2026-06-17T09:50:37.358+0800: 58.423: [GC (Allocation Failure) 2026-06-17T09:50:37.359+0800: 58.424: [ParNew: 19645K->2168K(19648K), 0.0047912 secs] 48620K->35071K(63360K), 0.0062045 secs] [Times: user=0.02 sys=0.01, real=0.01 secs] 
2026-06-17T09:50:37.365+0800: 58.430: [GC (CMS Initial Mark) [1 CMS-initial-mark: 32903K(43712K)] 36875K(63360K), 0.0014786 secs] [Times: user=0.00 sys=0.00, real=0.00 secs] 
2026-06-17T09:50:37.368+0800: 58.433: [CMS-concurrent-mark-start]
2026-06-17T09:50:37.368+0800: 58.434: [CMS-concurrent-mark: 0.000/0.000 secs] [Times: user=0.01 sys=0.00, real=0.00 secs] 
2026-06-17T09:50:37.369+0800: 58.434: [CMS-concurrent-preclean-start]
2026-06-17T09:50:37.369+0800: 58.434: [CMS-concurrent-preclean: 0.000/0.000 secs] [Times: user=0.00 sys=0.00, real=0.00 secs] 
2026-06-17T09:50:37.369+0800: 58.434: [CMS-concurrent-abortable-preclean-start]
2026-06-17T09:50:37.410+0800: 58.475: [GC (Allocation Failure) 2026-06-17T09:50:37.412+0800: 58.477: [ParNew: 19638K->1773K(19648K), 0.0087537 secs] 52541K->36334K(63360K), 0.0105329 secs] [Times: user=0.07 sys=0.00, real=0.01 secs] 
2026-06-17T09:50:37.464+0800: 58.529: [GC (Allocation Failure) 2026-06-17T09:50:37.465+0800: 58.530: [ParNew: 19218K->2175K(19648K), 0.0124428 secs] 53779K->43589K(63360K), 0.0133665 secs] [Times: user=0.10 sys=0.00, real=0.01 secs] 
2026-06-17T09:50:37.530+0800: 58.595: [GC (Allocation Failure) 2026-06-17T09:50:37.531+0800: 58.596: [ParNew: 19621K->19621K(19648K), 0.0005094 secs]2026-06-17T09:50:37.532+0800: 58.597: [CMS2026-06-17T09:50:37.532+0800: 58.597: [CMS-concurrent-abortable-preclean: 0.000/0.163 secs] [Times: user=0.17 sys=0.00, real=0.17 secs] 
 (concurrent mode failure): 41413K->30538K(43712K), 0.0041690 secs] 61035K->30538K(63360K), [Metaspace: 2713K->2713K(1056768K)], 0.0062289 secs] [Times: user=0.01 sys=0.00, real=0.01 secs] 
2026-06-17T09:50:37.579+0800: 58.645: [GC (Allocation Failure) 2026-06-17T09:50:37.580+0800: 58.645: [ParNew: 17472K->2167K(19648K), 0.0204538 secs] 48010K->37557K(63360K), 0.0213237 secs] [Times: user=0.15 sys=0.00, real=0.02 secs] 
2026-06-17T09:50:37.602+0800: 58.667: [GC (CMS Initial Mark) [1 CMS-initial-mark: 35390K(43712K)] 38079K(63360K), 0.0010899 secs] [Times: user=0.00 sys=0.00, real=0.01 secs] 
2026-06-17T09:50:37.604+0800: 58.669: [CMS-concurrent-mark-start]
2026-06-17T09:50:37.604+0800: 58.669: [CMS-concurrent-mark: 0.000/0.000 secs] [Times: user=0.01 sys=0.00, real=0.00 secs] 
2026-06-17T09:50:37.604+0800: 58.670: [CMS-concurrent-preclean-start]
2026-06-17T09:50:37.605+0800: 58.670: [CMS-concurrent-preclean: 0.000/0.000 secs] [Times: user=0.00 sys=0.00, real=0.00 secs] 
2026-06-17T09:50:37.605+0800: 58.670: [CMS-concurrent-abortable-preclean-start]
2026-06-17T09:50:37.645+0800: 58.711: [GC (Allocation Failure) 2026-06-17T09:50:37.646+0800: 58.711: [ParNew: 19638K->2171K(19648K), 0.0125449 secs] 55028K->41592K(63360K), 0.0138193 secs] [Times: user=0.12 sys=0.00, real=0.01 secs] 
2026-06-17T09:50:37.703+0800: 58.768: [GC (Allocation Failure) 2026-06-17T09:50:37.703+0800: 58.768: [ParNew: 19643K->19643K(19648K), 0.0004567 secs]2026-06-17T09:50:37.704+0800: 58.769: [CMS2026-06-17T09:50:37.705+0800: 58.770: [CMS-concurrent-abortable-preclean: 0.000/0.100 secs] [Times: user=0.12 sys=0.00, real=0.10 secs] 
 (concurrent mode failure): 39420K->25432K(43712K), 0.0040073 secs] 59064K->25432K(63360K), [Metaspace: 2713K->2713K(1056768K)], 0.0059325 secs] [Times: user=0.01 sys=0.00, real=0.00 secs] 
2026-06-17T09:50:37.751+0800: 58.817: [GC (Allocation Failure) 2026-06-17T09:50:37.752+0800: 58.817: [ParNew: 17453K->2173K(19648K), 0.0122703 secs] 42886K->32534K(63360K), 0.0150842 secs] [Times: user=0.08 sys=0.00, real=0.02 secs] 
2026-06-17T09:50:37.771+0800: 58.836: [GC (CMS Initial Mark) [1 CMS-initial-mark: 30360K(43712K)] 33513K(63360K), 0.0011690 secs] [Times: user=0.00 sys=0.00, real=0.00 secs] 
2026-06-17T09:50:37.775+0800: 58.840: [CMS-concurrent-mark-start]
2026-06-17T09:50:37.775+0800: 58.841: [CMS-concurrent-mark: 0.001/0.001 secs] [Times: user=0.00 sys=0.00, real=0.00 secs] 
2026-06-17T09:50:37.778+0800: 58.843: [CMS-concurrent-preclean-start]
2026-06-17T09:50:37.778+0800: 58.843: [CMS-concurrent-preclean: 0.000/0.000 secs] [Times: user=0.00 sys=0.00, real=0.00 secs] 
2026-06-17T09:50:37.779+0800: 58.844: [GC (CMS Final Remark) [YG occupancy: 3152 K (19648 K)]2026-06-17T09:50:37.779+0800: 58.844: [Rescan (parallel) , 0.0097739 secs]2026-06-17T09:50:37.790+0800: 58.855: [weak refs processing, 0.0005861 secs]2026-06-17T09:50:37.791+0800: 58.856: [class unloading, 0.0006122 secs]2026-06-17T09:50:37.792+0800: 58.857: [scrub symbol table, 0.0009987 secs]2026-06-17T09:50:37.793+0800: 58.859: [scrub string table, 0.0004968 secs][1 CMS-remark: 30360K(43712K)] 33513K(63360K), 0.0151575 secs] [Times: user=0.10 sys=0.00, real=0.02 secs] 
2026-06-17T09:50:37.795+0800: 58.861: [CMS-concurrent-sweep-start]
2026-06-17T09:50:37.796+0800: 58.861: [CMS-concurrent-sweep: 0.000/0.000 secs] [Times: user=0.00 sys=0.00, real=0.00 secs] 
2026-06-17T09:50:37.796+0800: 58.861: [CMS-concurrent-reset-start]
2026-06-17T09:50:37.796+0800: 58.861: [CMS-concurrent-reset: 0.000/0.000 secs] [Times: user=0.00 sys=0.00, real=0.00 secs] 
2026-06-17T09:50:37.837+0800: 58.902: [GC (Allocation Failure) 2026-06-17T09:50:37.838+0800: 58.903: [ParNew: 19645K->2019K(19648K), 0.0123998 secs] 46728K->31221K(63360K), 0.0138993 secs] [Times: user=0.12 sys=0.00, real=0.02 secs] 
2026-06-17T09:50:37.885+0800: 58.950: [GC (Allocation Failure) 2026-06-17T09:50:37.885+0800: 58.950: [ParNew: 19347K->2135K(19648K), 0.0086354 secs] 48549K->34788K(63360K), 0.0098942 secs] [Times: user=0.08 sys=0.00, real=0.01 secs] 
2026-06-17T09:50:37.949+0800: 59.014: [GC (Allocation Failure) 2026-06-17T09:50:37.950+0800: 59.015: [ParNew: 19574K->2132K(19648K), 0.0074460 secs] 52227K->38554K(63360K), 0.0087691 secs] [Times: user=0.06 sys=0.00, real=0.01 secs] 
2026-06-17T09:50:37.959+0800: 59.024: [GC (CMS Initial Mark) [1 CMS-initial-mark: 36421K(43712K)] 40399K(63360K), 0.0016846 secs] [Times: user=0.00 sys=0.00, real=0.00 secs] 
2026-06-17T09:50:37.962+0800: 59.027: [CMS-concurrent-mark-start]
2026-06-17T09:50:37.962+0800: 59.028: [CMS-concurrent-mark: 0.001/0.001 secs] [Times: user=0.00 sys=0.00, real=0.01 secs] 
2026-06-17T09:50:37.963+0800: 59.028: [CMS-concurrent-preclean-start]
2026-06-17T09:50:37.963+0800: 59.028: [CMS-concurrent-preclean: 0.000/0.000 secs] [Times: user=0.00 sys=0.00, real=0.00 secs] 
2026-06-17T09:50:37.964+0800: 59.029: [CMS-concurrent-abortable-preclean-start]
2026-06-17T09:50:38.004+0800: 59.069: [GC (Allocation Failure) 2026-06-17T09:50:38.005+0800: 59.071: [ParNew: 19593K->2171K(19648K), 0.0154660 secs] 56014K->42126K(63360K), 0.0174726 secs] [Times: user=0.15 sys=0.00, real=0.01 secs] 
2026-06-17T09:50:38.064+0800: 59.130: [GC (Allocation Failure) 2026-06-17T09:50:38.065+0800: 59.130: [ParNew: 19634K->19634K(19648K), 0.0004651 secs]2026-06-17T09:50:38.066+0800: 59.131: [CMS2026-06-17T09:50:38.067+0800: 59.132: [CMS-concurrent-abortable-preclean: 0.000/0.103 secs] [Times: user=0.15 sys=0.00, real=0.10 secs] 
 (concurrent mode failure): 39954K->24006K(43712K), 0.0041256 secs] 59589K->24006K(63360K), [Metaspace: 2713K->2713K(1056768K)], 0.0061496 secs] [Times: user=0.00 sys=0.00, real=0.01 secs] 
2026-06-17T09:50:38.114+0800: 59.179: [GC (Allocation Failure) 2026-06-17T09:50:38.114+0800: 59.179: [ParNew: 17414K->2174K(19648K), 0.0098726 secs] 41421K->31400K(63360K), 0.0106152 secs] [Times: user=0.09 sys=0.00, real=0.01 secs] 
2026-06-17T09:50:38.167+0800: 59.232: [GC (Allocation Failure) 2026-06-17T09:50:38.168+0800: 59.233: [ParNew: 19485K->2007K(19648K), 0.0044486 secs] 48711K->33743K(63360K), 0.0059054 secs] [Times: user=0.03 sys=0.00, real=0.01 secs] 
2026-06-17T09:50:38.226+0800: 59.291: [GC (Allocation Failure) 2026-06-17T09:50:38.227+0800: 59.292: [ParNew: 19472K->2053K(19648K), 0.0053650 secs] 51209K->36908K(63360K), 0.0065623 secs] [Times: user=0.05 sys=0.00, real=0.01 secs] 
2026-06-17T09:50:38.234+0800: 59.299: [GC (CMS Initial Mark) [1 CMS-initial-mark: 34855K(43712K)] 38510K(63360K), 0.0017181 secs] [Times: user=0.00 sys=0.00, real=0.00 secs] 
2026-06-17T09:50:38.237+0800: 59.302: [CMS-concurrent-mark-start]
2026-06-17T09:50:38.237+0800: 59.303: [CMS-concurrent-mark: 0.000/0.000 secs] [Times: user=0.00 sys=0.00, real=0.00 secs] 
2026-06-17T09:50:38.238+0800: 59.303: [CMS-concurrent-preclean-start]
2026-06-17T09:50:38.238+0800: 59.303: [CMS-concurrent-preclean: 0.000/0.000 secs] [Times: user=0.00 sys=0.00, real=0.00 secs] 
2026-06-17T09:50:38.239+0800: 59.304: [CMS-concurrent-abortable-preclean-start]
2026-06-17T09:50:38.279+0800: 59.344: [GC (Allocation Failure) 2026-06-17T09:50:38.280+0800: 59.345: [ParNew: 19502K->2174K(19648K), 0.0086284 secs] 54358K->40447K(63360K), 0.0101824 secs] [Times: user=0.09 sys=0.01, real=0.01 secs] 
2026-06-17T09:50:38.332+0800: 59.398: [GC (Allocation Failure) 2026-06-17T09:50:38.333+0800: 59.398: [ParNew: 19621K->2171K(19648K), 0.0034993 secs] 57895K->45061K(63360K), 0.0046965 secs] [Times: user=0.01 sys=0.00, real=0.00 secs] 
2026-06-17T09:50:38.339+0800: 59.404: [CMS-concurrent-abortable-preclean: 0.000/0.100 secs] [Times: user=0.11 sys=0.01, real=0.10 secs] 
2026-06-17T09:50:38.339+0800: 59.404: [GC (CMS Final Remark) [YG occupancy: 4156 K (19648 K)]2026-06-17T09:50:38.340+0800: 59.405: [Rescan (parallel) , 0.0021827 secs]2026-06-17T09:50:38.342+0800: 59.407: [weak refs processing, 0.0005136 secs]2026-06-17T09:50:38.343+0800: 59.409: [class unloading, 0.0008209 secs]2026-06-17T09:50:38.345+0800: 59.410: [scrub symbol table, 0.0006933 secs]2026-06-17T09:50:38.346+0800: 59.411: [scrub string table, 0.0004527 secs][1 CMS-remark: 42890K(43712K)] 47046K(63360K), 0.0075151 secs] [Times: user=0.02 sys=0.00, real=0.01 secs] 
2026-06-17T09:50:38.348+0800: 59.413: [CMS-concurrent-sweep-start]
2026-06-17T09:50:38.348+0800: 59.413: [CMS-concurrent-sweep: 0.000/0.000 secs] [Times: user=0.00 sys=0.00, real=0.00 secs] 
2026-06-17T09:50:38.348+0800: 59.413: [CMS-concurrent-reset-start]
2026-06-17T09:50:38.348+0800: 59.413: [CMS-concurrent-reset: 0.000/0.000 secs] [Times: user=0.00 sys=0.00, real=0.00 secs] 
2026-06-17T09:50:38.380+0800: 59.446: [GC (Allocation Failure) 2026-06-17T09:50:38.381+0800: 59.446: [ParNew: 19607K->2171K(19648K), 0.0271351 secs] 46098K->33822K(63360K), 0.0282954 secs] [Times: user=0.30 sys=0.00, real=0.03 secs] 
2026-06-17T09:50:38.410+0800: 59.475: [GC (CMS Initial Mark) [1 CMS-initial-mark: 31650K(43712K)] 34234K(63360K), 0.0014111 secs] [Times: user=0.00 sys=0.00, real=0.01 secs] 
2026-06-17T09:50:38.412+0800: 59.477: [CMS-concurrent-mark-start]
2026-06-17T09:50:38.412+0800: 59.477: [CMS-concurrent-mark: 0.000/0.000 secs] [Times: user=0.00 sys=0.01, real=0.00 secs] 
2026-06-17T09:50:38.413+0800: 59.478: [CMS-concurrent-preclean-start]
2026-06-17T09:50:38.413+0800: 59.478: [CMS-concurrent-preclean: 0.000/0.000 secs] [Times: user=0.00 sys=0.00, real=0.00 secs] 
2026-06-17T09:50:38.413+0800: 59.478: [GC (CMS Final Remark) [YG occupancy: 2584 K (19648 K)]2026-06-17T09:50:38.414+0800: 59.479: [Rescan (parallel) , 0.0050388 secs]2026-06-17T09:50:38.419+0800: 59.485: [weak refs processing, 0.0005156 secs]2026-06-17T09:50:38.420+0800: 59.486: [class unloading, 0.0007427 secs]2026-06-17T09:50:38.422+0800: 59.487: [scrub symbol table, 0.0007303 secs]2026-06-17T09:50:38.423+0800: 59.488: [scrub string table, 0.0005235 secs][1 CMS-remark: 31650K(43712K)] 34234K(63360K), 0.0104995 secs] [Times: user=0.05 sys=0.00, real=0.01 secs] 
2026-06-17T09:50:38.425+0800: 59.490: [CMS-concurrent-sweep-start]
2026-06-17T09:50:38.425+0800: 59.490: [CMS-concurrent-sweep: 0.000/0.000 secs] [Times: user=0.00 sys=0.00, real=0.00 secs] 
2026-06-17T09:50:38.426+0800: 59.491: [CMS-concurrent-reset-start]
2026-06-17T09:50:38.426+0800: 59.491: [CMS-concurrent-reset: 0.000/0.000 secs] [Times: user=0.00 sys=0.00, real=0.00 secs] 
2026-06-17T09:50:38.457+0800: 59.522: [GC (Allocation Failure) 2026-06-17T09:50:38.457+0800: 59.522: [ParNew: 19633K->2088K(19648K), 0.0104970 secs] 49431K->34186K(63360K), 0.0119044 secs] [Times: user=0.09 sys=0.01, real=0.01 secs] 
2026-06-17T09:50:38.470+0800: 59.535: [GC (CMS Initial Mark) [1 CMS-initial-mark: 32098K(43712K)] 34956K(63360K), 0.0028019 secs] [Times: user=0.00 sys=0.00, real=0.01 secs] 
2026-06-17T09:50:38.474+0800: 59.539: [CMS-concurrent-mark-start]
2026-06-17T09:50:38.475+0800: 59.540: [CMS-concurrent-mark: 0.001/0.001 secs] [Times: user=0.00 sys=0.00, real=0.00 secs] 
2026-06-17T09:50:38.475+0800: 59.541: [CMS-concurrent-preclean-start]
2026-06-17T09:50:38.475+0800: 59.541: [CMS-concurrent-preclean: 0.000/0.000 secs] [Times: user=0.00 sys=0.00, real=0.00 secs] 
2026-06-17T09:50:38.476+0800: 59.541: [GC (CMS Final Remark) [YG occupancy: 2858 K (19648 K)]2026-06-17T09:50:38.476+0800: 59.542: [Rescan (parallel) , 0.0080733 secs]2026-06-17T09:50:38.485+0800: 59.550: [weak refs processing, 0.0007606 secs]2026-06-17T09:50:38.487+0800: 59.552: [class unloading, 0.0008500 secs]2026-06-17T09:50:38.488+0800: 59.553: [scrub symbol table, 0.0008699 secs]2026-06-17T09:50:38.490+0800: 59.555: [scrub string table, 0.0006327 secs][1 CMS-remark: 32098K(43712K)] 34956K(63360K), 0.0148643 secs] [Times: user=0.11 sys=0.00, real=0.02 secs] 
2026-06-17T09:50:38.492+0800: 59.557: [CMS-concurrent-sweep-start]
2026-06-17T09:50:38.492+0800: 59.557: [CMS-concurrent-sweep: 0.000/0.000 secs] [Times: user=0.00 sys=0.00, real=0.00 secs] 
2026-06-17T09:50:38.493+0800: 59.558: [CMS-concurrent-reset-start]
2026-06-17T09:50:38.493+0800: 59.558: [CMS-concurrent-reset: 0.000/0.000 secs] [Times: user=0.00 sys=0.00, real=0.00 secs] 
2026-06-17T09:50:38.535+0800: 59.600: [GC (Allocation Failure) 2026-06-17T09:50:38.536+0800: 59.601: [ParNew: 19523K->2097K(19648K), 0.0078816 secs] 39797K->26130K(63360K), 0.0095294 secs] [Times: user=0.09 sys=0.00, real=0.01 secs] 
2026-06-17T09:50:38.589+0800: 59.655: [GC (Allocation Failure) 2026-06-17T09:50:38.590+0800: 59.655: [ParNew: 19569K->2174K(19648K), 0.0093992 secs] 43602K->29569K(63360K), 0.0106749 secs] [Times: user=0.07 sys=0.00, real=0.01 secs] 
2026-06-17T09:50:38.643+0800: 59.708: [GC (Allocation Failure) 2026-06-17T09:50:38.643+0800: 59.709: [ParNew: 19616K->2153K(19648K), 0.0110507 secs] 47011K->33637K(63360K), 0.0120789 secs] [Times: user=0.10 sys=0.00, real=0.01 secs] 
2026-06-17T09:50:38.698+0800: 59.763: [GC (Allocation Failure) 2026-06-17T09:50:38.699+0800: 59.764: [ParNew: 19615K->2167K(19648K), 0.0065718 secs] 51099K->37640K(63360K), 0.0077183 secs] [Times: user=0.05 sys=0.00, real=0.01 secs] 
2026-06-17T09:50:38.707+0800: 59.772: [GC (CMS Initial Mark) [1 CMS-initial-mark: 35472K(43712K)] 38762K(63360K), 0.0021348 secs] [Times: user=0.00 sys=0.00, real=0.00 secs] 
2026-06-17T09:50:38.711+0800: 59.776: [CMS-concurrent-mark-start]
2026-06-17T09:50:38.711+0800: 59.777: [CMS-concurrent-mark: 0.001/0.001 secs] [Times: user=0.01 sys=0.00, real=0.00 secs] 
2026-06-17T09:50:38.712+0800: 59.777: [CMS-concurrent-preclean-start]
2026-06-17T09:50:38.712+0800: 59.777: [CMS-concurrent-preclean: 0.000/0.000 secs] [Times: user=0.00 sys=0.00, real=0.00 secs] 
2026-06-17T09:50:38.713+0800: 59.778: [GC (CMS Final Remark) [YG occupancy: 3289 K (19648 K)]2026-06-17T09:50:38.713+0800: 59.778: [Rescan (parallel) , 0.0085700 secs]2026-06-17T09:50:38.722+0800: 59.787: [weak refs processing, 0.0003609 secs]2026-06-17T09:50:38.723+0800: 59.788: [class unloading, 0.0006525 secs]2026-06-17T09:50:38.724+0800: 59.789: [scrub symbol table, 0.0005579 secs]2026-06-17T09:50:38.725+0800: 59.790: [scrub string table, 0.0005698 secs][1 CMS-remark: 35472K(43712K)] 38762K(63360K), 0.0137283 secs] [Times: user=0.10 sys=0.00, real=0.01 secs] 
2026-06-17T09:50:38.727+0800: 59.793: [CMS-concurrent-sweep-start]
2026-06-17T09:50:38.728+0800: 59.793: [CMS-concurrent-sweep: 0.000/0.000 secs] [Times: user=0.00 sys=0.00, real=0.00 secs] 
2026-06-17T09:50:38.728+0800: 59.793: [CMS-concurrent-reset-start]
2026-06-17T09:50:38.728+0800: 59.793: [CMS-concurrent-reset: 0.000/0.000 secs] [Times: user=0.00 sys=0.00, real=0.00 secs] 
2026-06-17T09:50:38.759+0800: 59.824: [GC (Allocation Failure) 2026-06-17T09:50:38.760+0800: 59.825: [ParNew: 19381K->2155K(19648K), 0.0035872 secs] 44622K->28339K(63360K), 0.0045807 secs] [Times: user=0.03 sys=0.00, real=0.01 secs] 
2026-06-17T09:50:38.807+0800: 59.872: [GC (Allocation Failure) 2026-06-17T09:50:38.808+0800: 59.873: [ParNew: 19623K->2174K(19648K), 0.0087144 secs] 45807K->36056K(63360K), 0.0099309 secs] [Times: user=0.08 sys=0.01, real=0.01 secs] 
2026-06-17T09:50:38.818+0800: 59.883: [GC (CMS Initial Mark) [1 CMS-initial-mark: 33881K(43712K)] 37291K(63360K), 0.0014284 secs] [Times: user=0.00 sys=0.00, real=0.00 secs] 
2026-06-17T09:50:38.821+0800: 59.886: [CMS-concurrent-mark-start]
2026-06-17T09:50:38.821+0800: 59.886: [CMS-concurrent-mark: 0.000/0.000 secs] [Times: user=0.00 sys=0.00, real=0.00 secs] 
2026-06-17T09:50:38.822+0800: 59.887: [CMS-concurrent-preclean-start]
2026-06-17T09:50:38.822+0800: 59.887: [CMS-concurrent-preclean: 0.000/0.000 secs] [Times: user=0.00 sys=0.00, real=0.00 secs] 
2026-06-17T09:50:38.822+0800: 59.887: [GC (CMS Final Remark) [YG occupancy: 3409 K (19648 K)]2026-06-17T09:50:38.823+0800: 59.888: [Rescan (parallel) , 0.0020128 secs]2026-06-17T09:50:38.825+0800: 59.890: [weak refs processing, 0.0005098 secs]2026-06-17T09:50:38.826+0800: 59.891: [class unloading, 0.0004659 secs]2026-06-17T09:50:38.827+0800: 59.892: [scrub symbol table, 0.0004048 secs]2026-06-17T09:50:38.827+0800: 59.893: [scrub string table, 0.0004339 secs][1 CMS-remark: 33881K(43712K)] 37291K(63360K), 0.0061698 secs] [Times: user=0.01 sys=0.00, real=0.01 secs] 
2026-06-17T09:50:38.829+0800: 59.894: [CMS-concurrent-sweep-start]
2026-06-17T09:50:38.829+0800: 59.894: [CMS-concurrent-sweep: 0.000/0.000 secs] [Times: user=0.00 sys=0.00, real=0.00 secs] 
2026-06-17T09:50:38.830+0800: 59.895: [CMS-concurrent-reset-start]
2026-06-17T09:50:38.830+0800: 59.895: [CMS-concurrent-reset: 0.000/0.000 secs] [Times: user=0.00 sys=0.00, real=0.00 secs] 
2026-06-17T09:50:38.871+0800: 59.936: [GC (Allocation Failure) 2026-06-17T09:50:38.872+0800: 59.937: [ParNew: 19646K->2084K(19648K), 0.0172738 secs] 47192K->31294K(63360K), 0.0186562 secs] [Times: user=0.15 sys=0.00, real=0.02 secs] 
2026-06-17T09:50:38.935+0800: 60.000: [GC (Allocation Failure) 2026-06-17T09:50:38.935+0800: 60.000: [ParNew: 19404K->2088K(19648K), 0.0102866 secs] 48613K->34376K(63360K), 0.0115540 secs] [Times: user=0.09 sys=0.00, real=0.01 secs] 
Heap
 par new generation   total 19648K, used 14854K [0x00000000fc000000, 0x00000000fd550000, 0x00000000fd550000)
  eden space 17472K,  73% used [0x00000000fc000000, 0x00000000fcc77a28, 0x00000000fd110000)
  from space 2176K,  95% used [0x00000000fd330000, 0x00000000fd53a0c0, 0x00000000fd550000)
  to   space 2176K,   0% used [0x00000000fd110000, 0x00000000fd110000, 0x00000000fd330000)
 concurrent mark-sweep generation total 43712K, used 32288K [0x00000000fd550000, 0x0000000100000000, 0x0000000100000000)
 Metaspace       used 2721K, capacity 4494K, committed 4864K, reserved 1056768K
  class space    used 282K, capacity 386K, committed 512K, reserved 1048576K
