[2026-06-18T16:36:40.960+0800][0.004s][info][gc,init] Initializing The Z Garbage Collector
[2026-06-18T16:36:40.960+0800][0.004s][info][gc,init] Version: 11.0.31+11 (release)
[2026-06-18T16:36:40.961+0800][0.005s][info][gc,init] NUMA Support: Disabled
[2026-06-18T16:36:40.961+0800][0.005s][info][gc,init] CPUs: 24 total, 24 available
[2026-06-18T16:36:40.961+0800][0.006s][info][gc,init] Memory: 15855M
[2026-06-18T16:36:40.962+0800][0.006s][info][gc,init] Large Page Support: Disabled
[2026-06-18T16:36:40.962+0800][0.006s][info][gc,init] Workers: 15 parallel, 3 concurrent
[2026-06-18T16:36:40.964+0800][0.008s][info][gc,init] Heap backed by file: /memfd:java_heap
[2026-06-18T16:36:40.964+0800][0.008s][info][gc,init] Available space on backing filesystem: N/A
[2026-06-18T16:36:40.996+0800][0.041s][info][gc,init] Pre-touching: Disabled
[2026-06-18T16:36:40.997+0800][0.041s][info][gc,init] Pre-mapping: 194M
[2026-06-18T16:36:41.005+0800][0.049s][info][gc,init] Runtime Workers: 15 parallel
[2026-06-18T16:36:41.007+0800][0.051s][info][gc     ] Using The Z Garbage Collector
[2026-06-18T16:36:41.119+0800][0.163s][info][gc,start] GC(0) Garbage Collection (Warmup)
[2026-06-18T16:36:41.121+0800][0.166s][info][gc,phases] GC(0) Pause Mark Start 0.320ms
[2026-06-18T16:36:41.125+0800][0.169s][info][gc,phases] GC(0) Concurrent Mark 1.918ms
[2026-06-18T16:36:41.127+0800][0.171s][info][gc,phases] GC(0) Pause Mark End 0.514ms
[2026-06-18T16:36:41.128+0800][0.173s][info][gc,phases] GC(0) Concurrent Process Non-Strong References 0.163ms
[2026-06-18T16:36:41.129+0800][0.174s][info][gc,phases] GC(0) Concurrent Reset Relocation Set 0.001ms
[2026-06-18T16:36:41.130+0800][0.174s][info][gc,phases] GC(0) Concurrent Destroy Detached Pages 0.001ms
[2026-06-18T16:36:41.134+0800][0.178s][info][gc,phases] GC(0) Concurrent Select Relocation Set 3.293ms
[2026-06-18T16:36:41.135+0800][0.180s][info][gc,phases] GC(0) Concurrent Prepare Relocation Set 0.169ms
[2026-06-18T16:36:41.136+0800][0.181s][info][gc,phases] GC(0) Pause Relocate Start 0.136ms
[2026-06-18T16:36:41.137+0800][0.182s][info][gc,phases] GC(0) Concurrent Relocate 0.454ms
[2026-06-18T16:36:41.138+0800][0.182s][info][gc,load  ] GC(0) Load: 0.91/0.41/0.25
[2026-06-18T16:36:41.138+0800][0.182s][info][gc,mmu   ] GC(0) MMU: 2ms/74.3%, 5ms/89.7%, 10ms/91.7%, 20ms/95.1%, 50ms/98.1%, 100ms/99.0%
[2026-06-18T16:36:41.139+0800][0.183s][info][gc,marking] GC(0) Mark: 2 stripe(s), 1 proactive flush(es), 1 terminate flush(es), 0 completion(s), 0 continuation(s) 
[2026-06-18T16:36:41.139+0800][0.183s][info][gc,reloc  ] GC(0) Relocation: Successful, 7M relocated
[2026-06-18T16:36:41.140+0800][0.184s][info][gc,nmethod] GC(0) NMethods: 8 registered, 0 unregistered
[2026-06-18T16:36:41.140+0800][0.184s][info][gc,metaspace] GC(0) Metaspace: 3M used, 4M capacity, 4M committed, 8M reserved
[2026-06-18T16:36:41.140+0800][0.185s][info][gc,ref      ] GC(0) Soft: 43 encountered, 0 discovered, 0 enqueued
[2026-06-18T16:36:41.141+0800][0.185s][info][gc,ref      ] GC(0) Weak: 7 encountered, 2 discovered, 0 enqueued
[2026-06-18T16:36:41.141+0800][0.185s][info][gc,ref      ] GC(0) Final: 0 encountered, 0 discovered, 0 enqueued
[2026-06-18T16:36:41.141+0800][0.185s][info][gc,ref      ] GC(0) Phantom: 1 encountered, 1 discovered, 0 enqueued
[2026-06-18T16:36:41.141+0800][0.186s][info][gc,heap     ] GC(0)                Mark Start          Mark End        Relocate Start      Relocate End           High               Low         
[2026-06-18T16:36:41.142+0800][0.186s][info][gc,heap     ] GC(0)  Capacity:      256M (100%)        256M (100%)        256M (100%)        256M (100%)        256M (100%)        256M (100%)   
[2026-06-18T16:36:41.142+0800][0.186s][info][gc,heap     ] GC(0)   Reserve:       62M (24%)          62M (24%)          62M (24%)          62M (24%)          62M (24%)          62M (24%)    
[2026-06-18T16:36:41.142+0800][0.186s][info][gc,heap     ] GC(0)      Free:      128M (50%)         128M (50%)         142M (55%)         152M (59%)         152M (59%)         124M (48%)    
[2026-06-18T16:36:41.142+0800][0.187s][info][gc,heap     ] GC(0)      Used:       66M (26%)          66M (26%)          52M (20%)          42M (16%)          70M (27%)          42M (16%)    
[2026-06-18T16:36:41.143+0800][0.187s][info][gc,heap     ] GC(0)      Live:         -                 7M (3%)            7M (3%)            7M (3%)             -                  -          
[2026-06-18T16:36:41.143+0800][0.187s][info][gc,heap     ] GC(0) Allocated:         -                 0M (0%)            4M (2%)           10M (4%)             -                  -          
[2026-06-18T16:36:41.143+0800][0.187s][info][gc,heap     ] GC(0)   Garbage:         -                58M (23%)          40M (16%)          30M (12%)            -                  -          
[2026-06-18T16:36:41.143+0800][0.187s][info][gc,heap     ] GC(0) Reclaimed:         -                  -                18M (7%)           28M (11%)            -                  -          
[2026-06-18T16:36:41.144+0800][0.188s][info][gc          ] GC(0) Garbage Collection (Warmup) 66M(26%)->42M(16%)
[2026-06-18T16:36:41.219+0800][0.263s][info][gc,start    ] GC(1) Garbage Collection (Warmup)
[2026-06-18T16:36:41.221+0800][0.266s][info][gc,phases   ] GC(1) Pause Mark Start 0.355ms
[2026-06-18T16:36:41.225+0800][0.269s][info][gc,phases   ] GC(1) Concurrent Mark 2.208ms
[2026-06-18T16:36:41.227+0800][0.271s][info][gc,phases   ] GC(1) Pause Mark End 0.568ms
[2026-06-18T16:36:41.229+0800][0.273s][info][gc,phases   ] GC(1) Concurrent Process Non-Strong References 0.367ms
[2026-06-18T16:36:41.230+0800][0.274s][info][gc,phases   ] GC(1) Concurrent Reset Relocation Set 0.037ms
[2026-06-18T16:36:41.231+0800][0.276s][info][gc,phases   ] GC(1) Concurrent Destroy Detached Pages 0.002ms
[2026-06-18T16:36:41.233+0800][0.277s][info][gc,phases   ] GC(1) Concurrent Select Relocation Set 0.738ms
[2026-06-18T16:36:41.234+0800][0.278s][info][gc,phases   ] GC(1) Concurrent Prepare Relocation Set 0.067ms
[2026-06-18T16:36:41.235+0800][0.279s][info][gc,phases   ] GC(1) Pause Relocate Start 0.196ms
[2026-06-18T16:36:41.237+0800][0.281s][info][gc,phases   ] GC(1) Concurrent Relocate 1.452ms
[2026-06-18T16:36:41.238+0800][0.282s][info][gc,load     ] GC(1) Load: 0.91/0.41/0.25
[2026-06-18T16:36:41.238+0800][0.282s][info][gc,mmu      ] GC(1) MMU: 2ms/71.6%, 5ms/88.6%, 10ms/90.8%, 20ms/94.4%, 50ms/97.8%, 100ms/98.7%
[2026-06-18T16:36:41.238+0800][0.283s][info][gc,marking  ] GC(1) Mark: 2 stripe(s), 1 proactive flush(es), 1 terminate flush(es), 0 completion(s), 0 continuation(s) 
[2026-06-18T16:36:41.239+0800][0.283s][info][gc,reloc    ] GC(1) Relocation: Successful, 11M relocated
[2026-06-18T16:36:41.239+0800][0.284s][info][gc,nmethod  ] GC(1) NMethods: 8 registered, 0 unregistered
[2026-06-18T16:36:41.240+0800][0.284s][info][gc,metaspace] GC(1) Metaspace: 3M used, 4M capacity, 4M committed, 8M reserved
[2026-06-18T16:36:41.240+0800][0.284s][info][gc,ref      ] GC(1) Soft: 43 encountered, 0 discovered, 0 enqueued
[2026-06-18T16:36:41.240+0800][0.285s][info][gc,ref      ] GC(1) Weak: 7 encountered, 2 discovered, 0 enqueued
[2026-06-18T16:36:41.241+0800][0.285s][info][gc,ref      ] GC(1) Final: 0 encountered, 0 discovered, 0 enqueued
[2026-06-18T16:36:41.241+0800][0.285s][info][gc,ref      ] GC(1) Phantom: 1 encountered, 1 discovered, 0 enqueued
[2026-06-18T16:36:41.241+0800][0.285s][info][gc,heap     ] GC(1)                Mark Start          Mark End        Relocate Start      Relocate End           High               Low         
[2026-06-18T16:36:41.241+0800][0.286s][info][gc,heap     ] GC(1)  Capacity:      256M (100%)        256M (100%)        256M (100%)        256M (100%)        256M (100%)        256M (100%)   
[2026-06-18T16:36:41.242+0800][0.286s][info][gc,heap     ] GC(1)   Reserve:       62M (24%)          62M (24%)          62M (24%)          62M (24%)          62M (24%)          62M (24%)    
[2026-06-18T16:36:41.242+0800][0.286s][info][gc,heap     ] GC(1)      Free:       88M (34%)          88M (34%)         112M (44%)         146M (57%)         146M (57%)          42M (16%)    
[2026-06-18T16:36:41.242+0800][0.286s][info][gc,heap     ] GC(1)      Used:      106M (41%)         106M (41%)          82M (32%)          48M (19%)         152M (59%)          48M (19%)    
[2026-06-18T16:36:41.242+0800][0.286s][info][gc,heap     ] GC(1)      Live:         -                12M (5%)           12M (5%)           12M (5%)             -                  -          
[2026-06-18T16:36:41.242+0800][0.287s][info][gc,heap     ] GC(1) Allocated:         -                 0M (0%)            4M (2%)           76M (30%)            -                  -          
[2026-06-18T16:36:41.243+0800][0.287s][info][gc,heap     ] GC(1)   Garbage:         -                93M (36%)          65M (26%)          63M (25%)            -                  -          
[2026-06-18T16:36:41.243+0800][0.287s][info][gc,heap     ] GC(1) Reclaimed:         -                  -                28M (11%)          30M (12%)            -                  -          
[2026-06-18T16:36:41.243+0800][0.287s][info][gc          ] GC(1) Garbage Collection (Warmup) 106M(41%)->48M(19%)
[2026-06-18T16:36:41.319+0800][0.363s][info][gc,start    ] GC(2) Garbage Collection (Allocation Rate)
[2026-06-18T16:36:41.323+0800][0.367s][info][gc,phases   ] GC(2) Pause Mark Start 0.414ms
[2026-06-18T16:36:41.328+0800][0.372s][info][gc,phases   ] GC(2) Concurrent Mark 2.604ms
[2026-06-18T16:36:41.335+0800][0.379s][info][gc,phases   ] GC(2) Pause Mark End 0.716ms
[2026-06-18T16:36:41.338+0800][0.382s][info][gc,phases   ] GC(2) Concurrent Process Non-Strong References 0.558ms
[2026-06-18T16:36:41.343+0800][0.387s][info][gc,phases   ] GC(2) Concurrent Reset Relocation Set 0.008ms
[2026-06-18T16:36:41.348+0800][0.392s][info][gc,phases   ] GC(2) Concurrent Destroy Detached Pages 0.005ms
[2026-06-18T16:36:41.353+0800][0.398s][info][gc,phases   ] GC(2) Concurrent Select Relocation Set 0.838ms
[2026-06-18T16:36:41.356+0800][0.401s][info][gc,phases   ] GC(2) Concurrent Prepare Relocation Set 0.004ms
[2026-06-18T16:36:41.362+0800][0.407s][info][gc,phases   ] GC(2) Pause Relocate Start 0.298ms
[2026-06-18T16:36:41.365+0800][0.409s][info][gc,phases   ] GC(2) Concurrent Relocate 0.334ms
[2026-06-18T16:36:41.366+0800][0.410s][info][gc,load     ] GC(2) Load: 0.91/0.41/0.25
[2026-06-18T16:36:41.366+0800][0.410s][info][gc,mmu      ] GC(2) MMU: 2ms/64.2%, 5ms/85.7%, 10ms/90.8%, 20ms/94.4%, 50ms/97.1%, 100ms/98.6%
[2026-06-18T16:36:41.367+0800][0.411s][info][gc,marking  ] GC(2) Mark: 2 stripe(s), 1 proactive flush(es), 1 terminate flush(es), 0 completion(s), 0 continuation(s) 
[2026-06-18T16:36:41.367+0800][0.412s][info][gc,reloc    ] GC(2) Relocation: Successful, 15M relocated
[2026-06-18T16:36:41.368+0800][0.412s][info][gc,nmethod  ] GC(2) NMethods: 8 registered, 0 unregistered
[2026-06-18T16:36:41.368+0800][0.413s][info][gc,metaspace] GC(2) Metaspace: 3M used, 4M capacity, 4M committed, 8M reserved
[2026-06-18T16:36:41.369+0800][0.413s][info][gc,ref      ] GC(2) Soft: 43 encountered, 0 discovered, 0 enqueued
[2026-06-18T16:36:41.369+0800][0.414s][info][gc,ref      ] GC(2) Weak: 7 encountered, 0 discovered, 0 enqueued
[2026-06-18T16:36:41.370+0800][0.414s][info][gc,ref      ] GC(2) Final: 0 encountered, 0 discovered, 0 enqueued
[2026-06-18T16:36:41.370+0800][0.414s][info][gc,ref      ] GC(2) Phantom: 1 encountered, 1 discovered, 0 enqueued
[2026-06-18T16:36:41.370+0800][0.414s][info][gc,heap     ] GC(2)                Mark Start          Mark End        Relocate Start      Relocate End           High               Low         
[2026-06-18T16:36:41.370+0800][0.415s][info][gc,heap     ] GC(2)  Capacity:      256M (100%)        256M (100%)        256M (100%)        256M (100%)        256M (100%)        256M (100%)   
[2026-06-18T16:36:41.371+0800][0.415s][info][gc,heap     ] GC(2)   Reserve:       62M (24%)          62M (24%)          62M (24%)          62M (24%)          62M (24%)          62M (24%)    
[2026-06-18T16:36:41.371+0800][0.415s][info][gc,heap     ] GC(2)      Free:      114M (45%)         110M (43%)         130M (51%)         106M (41%)         138M (54%)         106M (41%)    
[2026-06-18T16:36:41.371+0800][0.416s][info][gc,heap     ] GC(2)      Used:       80M (31%)          84M (33%)          64M (25%)          88M (34%)          88M (34%)          56M (22%)    
[2026-06-18T16:36:41.372+0800][0.416s][info][gc,heap     ] GC(2)      Live:         -                19M (8%)           19M (8%)           19M (8%)             -                  -          
[2026-06-18T16:36:41.372+0800][0.416s][info][gc,heap     ] GC(2) Allocated:         -                 4M (2%)           12M (5%)           50M (20%)            -                  -          
[2026-06-18T16:36:41.372+0800][0.417s][info][gc,heap     ] GC(2)   Garbage:         -                60M (24%)          32M (13%)          24M (10%)            -                  -          
[2026-06-18T16:36:41.373+0800][0.417s][info][gc,heap     ] GC(2) Reclaimed:         -                  -                28M (11%)          36M (14%)            -                  -          
[2026-06-18T16:36:41.373+0800][0.417s][info][gc          ] GC(2) Garbage Collection (Allocation Rate) 80M(31%)->88M(34%)
[2026-06-18T16:36:41.418+0800][0.463s][info][gc,start    ] GC(3) Garbage Collection (Allocation Rate)
[2026-06-18T16:36:41.420+0800][0.464s][info][gc,phases   ] GC(3) Pause Mark Start 0.177ms
[2026-06-18T16:36:41.424+0800][0.468s][info][gc,phases   ] GC(3) Concurrent Mark 1.522ms
[2026-06-18T16:36:41.426+0800][0.470s][info][gc,phases   ] GC(3) Pause Mark End 0.481ms
[2026-06-18T16:36:41.429+0800][0.474s][info][gc,phases   ] GC(3) Concurrent Process Non-Strong References 0.231ms
[2026-06-18T16:36:41.431+0800][0.476s][info][gc,phases   ] GC(3) Concurrent Reset Relocation Set 0.004ms
[2026-06-18T16:36:41.435+0800][0.479s][info][gc,phases   ] GC(3) Concurrent Destroy Detached Pages 0.003ms
[2026-06-18T16:36:41.438+0800][0.482s][info][gc,phases   ] GC(3) Concurrent Select Relocation Set 0.969ms
[2026-06-18T16:36:41.440+0800][0.484s][info][gc,phases   ] GC(3) Concurrent Prepare Relocation Set 0.116ms
[2026-06-18T16:36:41.443+0800][0.487s][info][gc,phases   ] GC(3) Pause Relocate Start 0.462ms
[2026-06-18T16:36:41.447+0800][0.491s][info][gc,phases   ] GC(3) Concurrent Relocate 1.973ms
[2026-06-18T16:36:41.449+0800][0.493s][info][gc,load     ] GC(3) Load: 0.91/0.41/0.25
[2026-06-18T16:36:41.450+0800][0.494s][info][gc,mmu      ] GC(3) MMU: 2ms/64.2%, 5ms/85.7%, 10ms/90.8%, 20ms/94.4%, 50ms/97.1%, 100ms/98.3%
[2026-06-18T16:36:41.451+0800][0.495s][info][gc,marking  ] GC(3) Mark: 2 stripe(s), 1 proactive flush(es), 1 terminate flush(es), 0 completion(s), 0 continuation(s) 
[2026-06-18T16:36:41.452+0800][0.496s][info][gc,reloc    ] GC(3) Relocation: Successful, 12M relocated
[2026-06-18T16:36:41.453+0800][0.497s][info][gc,nmethod  ] GC(3) NMethods: 8 registered, 0 unregistered
[2026-06-18T16:36:41.454+0800][0.498s][info][gc,metaspace] GC(3) Metaspace: 3M used, 4M capacity, 4M committed, 8M reserved
[2026-06-18T16:36:41.455+0800][0.499s][info][gc,ref      ] GC(3) Soft: 43 encountered, 0 discovered, 0 enqueued
[2026-06-18T16:36:41.456+0800][0.500s][info][gc,ref      ] GC(3) Weak: 7 encountered, 0 discovered, 0 enqueued
[2026-06-18T16:36:41.457+0800][0.501s][info][gc,ref      ] GC(3) Final: 0 encountered, 0 discovered, 0 enqueued
[2026-06-18T16:36:41.458+0800][0.502s][info][gc,ref      ] GC(3) Phantom: 1 encountered, 0 discovered, 0 enqueued
[2026-06-18T16:36:41.459+0800][0.503s][info][gc,heap     ] GC(3)                Mark Start          Mark End        Relocate Start      Relocate End           High               Low         
[2026-06-18T16:36:41.460+0800][0.504s][info][gc,heap     ] GC(3)  Capacity:      256M (100%)        256M (100%)        256M (100%)        256M (100%)        256M (100%)        256M (100%)   
[2026-06-18T16:36:41.461+0800][0.505s][info][gc,heap     ] GC(3)   Reserve:       62M (24%)          62M (24%)          62M (24%)          62M (24%)          62M (24%)          62M (24%)    
[2026-06-18T16:36:41.462+0800][0.506s][info][gc,heap     ] GC(3)      Free:       86M (34%)          86M (34%)          78M (30%)         142M (55%)         142M (55%)          48M (19%)    
[2026-06-18T16:36:41.463+0800][0.507s][info][gc,heap     ] GC(3)      Used:      108M (42%)         108M (42%)         116M (45%)          52M (20%)         146M (57%)          52M (20%)    
[2026-06-18T16:36:41.464+0800][0.508s][info][gc,heap     ] GC(3)      Live:         -                14M (5%)           14M (5%)           14M (5%)             -                  -          
[2026-06-18T16:36:41.465+0800][0.509s][info][gc,heap     ] GC(3) Allocated:         -                 0M (0%)           38M (15%)          48M (19%)            -                  -          
[2026-06-18T16:36:41.466+0800][0.511s][info][gc,heap     ] GC(3)   Garbage:         -                93M (37%)          63M (25%)    17592186044413M (6         -                  -          
[2026-06-18T16:36:41.467+0800][0.511s][info][gc,heap     ] GC(3) Reclaimed:         -                  -                30M (12%)          96M (38%)            -                  -          
[2026-06-18T16:36:41.468+0800][0.512s][info][gc          ] GC(3) Garbage Collection (Allocation Rate) 108M(42%)->52M(20%)
[2026-06-18T16:36:41.518+0800][0.563s][info][gc,start    ] GC(4) Garbage Collection (Allocation Rate)
[2026-06-18T16:36:41.520+0800][0.564s][info][gc,phases   ] GC(4) Pause Mark Start 0.199ms
[2026-06-18T16:36:41.522+0800][0.567s][info][gc,phases   ] GC(4) Concurrent Mark 1.544ms
[2026-06-18T16:36:41.524+0800][0.568s][info][gc,phases   ] GC(4) Pause Mark End 0.287ms
[2026-06-18T16:36:41.525+0800][0.569s][info][gc,phases   ] GC(4) Concurrent Process Non-Strong References 0.138ms
[2026-06-18T16:36:41.526+0800][0.570s][info][gc,phases   ] GC(4) Concurrent Reset Relocation Set 0.002ms
[2026-06-18T16:36:41.527+0800][0.571s][info][gc,phases   ] GC(4) Concurrent Destroy Detached Pages 0.001ms
[2026-06-18T16:36:41.528+0800][0.572s][info][gc,phases   ] GC(4) Concurrent Select Relocation Set 0.455ms
[2026-06-18T16:36:41.529+0800][0.573s][info][gc,phases   ] GC(4) Concurrent Prepare Relocation Set 0.002ms
[2026-06-18T16:36:41.530+0800][0.574s][info][gc,phases   ] GC(4) Pause Relocate Start 0.136ms
[2026-06-18T16:36:41.531+0800][0.575s][info][gc,phases   ] GC(4) Concurrent Relocate 0.285ms
[2026-06-18T16:36:41.532+0800][0.577s][info][gc,load     ] GC(4) Load: 0.91/0.41/0.25
[2026-06-18T16:36:41.533+0800][0.577s][info][gc,mmu      ] GC(4) MMU: 2ms/64.2%, 5ms/85.7%, 10ms/90.8%, 20ms/94.4%, 50ms/97.1%, 100ms/98.3%
[2026-06-18T16:36:41.534+0800][0.578s][info][gc,marking  ] GC(4) Mark: 2 stripe(s), 1 proactive flush(es), 1 terminate flush(es), 0 completion(s), 0 continuation(s) 
[2026-06-18T16:36:41.535+0800][0.580s][info][gc,reloc    ] GC(4) Relocation: Successful, 17M relocated
[2026-06-18T16:36:41.536+0800][0.580s][info][gc,nmethod  ] GC(4) NMethods: 8 registered, 0 unregistered
[2026-06-18T16:36:41.537+0800][0.581s][info][gc,metaspace] GC(4) Metaspace: 3M used, 4M capacity, 4M committed, 8M reserved
[2026-06-18T16:36:41.538+0800][0.582s][info][gc,ref      ] GC(4) Soft: 43 encountered, 0 discovered, 0 enqueued
[2026-06-18T16:36:41.539+0800][0.583s][info][gc,ref      ] GC(4) Weak: 7 encountered, 0 discovered, 0 enqueued
[2026-06-18T16:36:41.540+0800][0.584s][info][gc,ref      ] GC(4) Final: 0 encountered, 0 discovered, 0 enqueued
[2026-06-18T16:36:41.541+0800][0.585s][info][gc,ref      ] GC(4) Phantom: 1 encountered, 1 discovered, 0 enqueued
[2026-06-18T16:36:41.542+0800][0.587s][info][gc,heap     ] GC(4)                Mark Start          Mark End        Relocate Start      Relocate End           High               Low         
[2026-06-18T16:36:41.544+0800][0.588s][info][gc,heap     ] GC(4)  Capacity:      256M (100%)        256M (100%)        256M (100%)        256M (100%)        256M (100%)        256M (100%)   
[2026-06-18T16:36:41.545+0800][0.589s][info][gc,heap     ] GC(4)   Reserve:       62M (24%)          62M (24%)          62M (24%)          62M (24%)          62M (24%)          62M (24%)    
[2026-06-18T16:36:41.546+0800][0.590s][info][gc,heap     ] GC(4)      Free:      114M (45%)         114M (45%)         136M (53%)         112M (44%)         140M (55%)         100M (39%)    
[2026-06-18T16:36:41.547+0800][0.592s][info][gc,heap     ] GC(4)      Used:       80M (31%)          80M (31%)          58M (23%)          82M (32%)          94M (37%)          54M (21%)    
[2026-06-18T16:36:41.549+0800][0.593s][info][gc,heap     ] GC(4)      Live:         -                20M (8%)           20M (8%)           20M (8%)             -                  -          
[2026-06-18T16:36:41.549+0800][0.594s][info][gc,heap     ] GC(4) Allocated:         -                 0M (0%)            4M (2%)           44M (17%)            -                  -          
[2026-06-18T16:36:41.550+0800][0.595s][info][gc,heap     ] GC(4)   Garbage:         -                59M (23%)          33M (13%)          23M (9%)             -                  -          
[2026-06-18T16:36:41.552+0800][0.596s][info][gc,heap     ] GC(4) Reclaimed:         -                  -                26M (10%)          36M (14%)            -                  -          
[2026-06-18T16:36:41.553+0800][0.597s][info][gc          ] GC(4) Garbage Collection (Allocation Rate) 80M(31%)->82M(32%)
[2026-06-18T16:36:41.619+0800][0.663s][info][gc,start    ] GC(5) Garbage Collection (Allocation Rate)
[2026-06-18T16:36:41.622+0800][0.666s][info][gc,phases   ] GC(5) Pause Mark Start 0.345ms
[2026-06-18T16:36:41.625+0800][0.669s][info][gc,phases   ] GC(5) Concurrent Mark 1.700ms
[2026-06-18T16:36:41.627+0800][0.672s][info][gc,phases   ] GC(5) Pause Mark End 0.351ms
[2026-06-18T16:36:41.629+0800][0.673s][info][gc,phases   ] GC(5) Concurrent Process Non-Strong References 0.154ms
[2026-06-18T16:36:41.630+0800][0.674s][info][gc,phases   ] GC(5) Concurrent Reset Relocation Set 0.002ms
[2026-06-18T16:36:41.631+0800][0.675s][info][gc,phases   ] GC(5) Concurrent Destroy Detached Pages 0.001ms
[2026-06-18T16:36:41.633+0800][0.678s][info][gc,phases   ] GC(5) Concurrent Select Relocation Set 1.153ms
[2026-06-18T16:36:41.635+0800][0.679s][info][gc,phases   ] GC(5) Concurrent Prepare Relocation Set 0.022ms
[2026-06-18T16:36:41.637+0800][0.682s][info][gc,phases   ] GC(5) Pause Relocate Start 0.331ms
[2026-06-18T16:36:41.641+0800][0.685s][info][gc,phases   ] GC(5) Concurrent Relocate 1.863ms
[2026-06-18T16:36:41.642+0800][0.686s][info][gc,load     ] GC(5) Load: 0.91/0.41/0.25
[2026-06-18T16:36:41.643+0800][0.687s][info][gc,mmu      ] GC(5) MMU: 2ms/64.2%, 5ms/85.7%, 10ms/90.8%, 20ms/94.4%, 50ms/97.1%, 100ms/98.3%
[2026-06-18T16:36:41.644+0800][0.688s][info][gc,marking  ] GC(5) Mark: 2 stripe(s), 1 proactive flush(es), 1 terminate flush(es), 0 completion(s), 0 continuation(s) 
[2026-06-18T16:36:41.646+0800][0.690s][info][gc,reloc    ] GC(5) Relocation: Successful, 14M relocated
[2026-06-18T16:36:41.647+0800][0.691s][info][gc,nmethod  ] GC(5) NMethods: 8 registered, 0 unregistered
[2026-06-18T16:36:41.648+0800][0.693s][info][gc,metaspace] GC(5) Metaspace: 3M used, 4M capacity, 4M committed, 8M reserved
[2026-06-18T16:36:41.649+0800][0.694s][info][gc,ref      ] GC(5) Soft: 43 encountered, 0 discovered, 0 enqueued
[2026-06-18T16:36:41.650+0800][0.695s][info][gc,ref      ] GC(5) Weak: 7 encountered, 0 discovered, 0 enqueued
[2026-06-18T16:36:41.652+0800][0.696s][info][gc,ref      ] GC(5) Final: 0 encountered, 0 discovered, 0 enqueued
[2026-06-18T16:36:41.653+0800][0.697s][info][gc,ref      ] GC(5) Phantom: 1 encountered, 0 discovered, 0 enqueued
[2026-06-18T16:36:41.654+0800][0.698s][info][gc,heap     ] GC(5)                Mark Start          Mark End        Relocate Start      Relocate End           High               Low         
[2026-06-18T16:36:41.655+0800][0.699s][info][gc,heap     ] GC(5)  Capacity:      256M (100%)        256M (100%)        256M (100%)        256M (100%)        256M (100%)        256M (100%)   
[2026-06-18T16:36:41.656+0800][0.700s][info][gc,heap     ] GC(5)   Reserve:       62M (24%)          62M (24%)          62M (24%)          62M (24%)          62M (24%)          62M (24%)    
[2026-06-18T16:36:41.657+0800][0.701s][info][gc,heap     ] GC(5)      Free:       82M (32%)          80M (31%)          70M (27%)         142M (55%)         142M (55%)          44M (17%)    
[2026-06-18T16:36:41.658+0800][0.703s][info][gc,heap     ] GC(5)      Used:      112M (44%)         114M (45%)         124M (48%)          52M (20%)         150M (59%)          52M (20%)    
[2026-06-18T16:36:41.660+0800][0.704s][info][gc,heap     ] GC(5)      Live:         -                16M (6%)           16M (6%)           16M (6%)             -                  -          
[2026-06-18T16:36:41.661+0800][0.705s][info][gc,heap     ] GC(5) Allocated:         -                 2M (1%)           38M (15%)          48M (19%)            -                  -          
[2026-06-18T16:36:41.662+0800][0.706s][info][gc,heap     ] GC(5)   Garbage:         -                95M (37%)          69M (27%)    17592186044411M (6         -                  -          
[2026-06-18T16:36:41.663+0800][0.708s][info][gc,heap     ] GC(5) Reclaimed:         -                  -                26M (10%)         100M (39%)            -                  -          
[2026-06-18T16:36:41.665+0800][0.709s][info][gc          ] GC(5) Garbage Collection (Allocation Rate) 112M(44%)->52M(20%)
[2026-06-18T16:36:41.719+0800][0.763s][info][gc,start    ] GC(6) Garbage Collection (Allocation Rate)
[2026-06-18T16:36:41.722+0800][0.766s][info][gc,phases   ] GC(6) Pause Mark Start 0.361ms
[2026-06-18T16:36:41.725+0800][0.769s][info][gc,phases   ] GC(6) Concurrent Mark 1.836ms
[2026-06-18T16:36:41.727+0800][0.771s][info][gc,phases   ] GC(6) Pause Mark End 0.375ms
[2026-06-18T16:36:41.728+0800][0.772s][info][gc,phases   ] GC(6) Concurrent Process Non-Strong References 0.168ms
[2026-06-18T16:36:41.729+0800][0.773s][info][gc,phases   ] GC(6) Concurrent Reset Relocation Set 0.003ms
[2026-06-18T16:36:41.730+0800][0.774s][info][gc,phases   ] GC(6) Concurrent Destroy Detached Pages 0.001ms
[2026-06-18T16:36:41.732+0800][0.776s][info][gc,phases   ] GC(6) Concurrent Select Relocation Set 0.610ms
[2026-06-18T16:36:41.733+0800][0.777s][info][gc,phases   ] GC(6) Concurrent Prepare Relocation Set 0.002ms
[2026-06-18T16:36:41.734+0800][0.778s][info][gc,phases   ] GC(6) Pause Relocate Start 0.169ms
[2026-06-18T16:36:41.736+0800][0.780s][info][gc,phases   ] GC(6) Concurrent Relocate 0.301ms
[2026-06-18T16:36:41.737+0800][0.781s][info][gc,load     ] GC(6) Load: 0.91/0.41/0.25
[2026-06-18T16:36:41.738+0800][0.782s][info][gc,mmu      ] GC(6) MMU: 2ms/64.2%, 5ms/85.7%, 10ms/90.8%, 20ms/94.4%, 50ms/97.1%, 100ms/98.3%
[2026-06-18T16:36:41.738+0800][0.783s][info][gc,marking  ] GC(6) Mark: 2 stripe(s), 1 proactive flush(es), 1 terminate flush(es), 0 completion(s), 0 continuation(s) 
[2026-06-18T16:36:41.739+0800][0.784s][info][gc,reloc    ] GC(6) Relocation: Successful, 19M relocated
[2026-06-18T16:36:41.740+0800][0.784s][info][gc,nmethod  ] GC(6) NMethods: 8 registered, 0 unregistered
[2026-06-18T16:36:41.740+0800][0.785s][info][gc,metaspace] GC(6) Metaspace: 3M used, 4M capacity, 4M committed, 8M reserved
[2026-06-18T16:36:41.741+0800][0.785s][info][gc,ref      ] GC(6) Soft: 43 encountered, 0 discovered, 0 enqueued
[2026-06-18T16:36:41.741+0800][0.786s][info][gc,ref      ] GC(6) Weak: 7 encountered, 2 discovered, 0 enqueued
[2026-06-18T16:36:41.742+0800][0.787s][info][gc,ref      ] GC(6) Final: 0 encountered, 0 discovered, 0 enqueued
[2026-06-18T16:36:41.743+0800][0.788s][info][gc,ref      ] GC(6) Phantom: 1 encountered, 1 discovered, 0 enqueued
[2026-06-18T16:36:41.744+0800][0.788s][info][gc,heap     ] GC(6)                Mark Start          Mark End        Relocate Start      Relocate End           High               Low         
[2026-06-18T16:36:41.745+0800][0.789s][info][gc,heap     ] GC(6)  Capacity:      256M (100%)        256M (100%)        256M (100%)        256M (100%)        256M (100%)        256M (100%)   
[2026-06-18T16:36:41.746+0800][0.790s][info][gc,heap     ] GC(6)   Reserve:       62M (24%)          62M (24%)          62M (24%)          62M (24%)          62M (24%)          62M (24%)    
[2026-06-18T16:36:41.746+0800][0.790s][info][gc,heap     ] GC(6)      Free:      114M (45%)         112M (44%)         104M (41%)         114M (45%)         114M (45%)          78M (30%)    
[2026-06-18T16:36:41.747+0800][0.792s][info][gc,heap     ] GC(6)      Used:       80M (31%)          82M (32%)          90M (35%)          80M (31%)         116M (45%)          80M (31%)    
[2026-06-18T16:36:41.748+0800][0.792s][info][gc,heap     ] GC(6)      Live:         -                23M (9%)           23M (9%)           23M (9%)             -                  -          
[2026-06-18T16:36:41.749+0800][0.794s][info][gc,heap     ] GC(6) Allocated:         -                 2M (1%)           36M (14%)          42M (16%)            -                  -          
[2026-06-18T16:36:41.750+0800][0.794s][info][gc,heap     ] GC(6)   Garbage:         -                56M (22%)          30M (12%)          20M (8%)             -                  -          
[2026-06-18T16:36:41.751+0800][0.795s][info][gc,heap     ] GC(6) Reclaimed:         -                  -                26M (10%)          36M (14%)            -                  -          
[2026-06-18T16:36:41.752+0800][0.796s][info][gc          ] GC(6) Garbage Collection (Allocation Rate) 80M(31%)->80M(31%)
[2026-06-18T16:36:41.819+0800][0.863s][info][gc,start    ] GC(7) Garbage Collection (Allocation Rate)
[2026-06-18T16:36:41.821+0800][0.865s][info][gc,phases   ] GC(7) Pause Mark Start 0.165ms
[2026-06-18T16:36:41.825+0800][0.869s][info][gc,phases   ] GC(7) Concurrent Mark 1.558ms
[2026-06-18T16:36:41.827+0800][0.871s][info][gc,phases   ] GC(7) Pause Mark End 0.246ms
[2026-06-18T16:36:41.829+0800][0.873s][info][gc,phases   ] GC(7) Concurrent Process Non-Strong References 0.119ms
[2026-06-18T16:36:41.830+0800][0.874s][info][gc,phases   ] GC(7) Concurrent Reset Relocation Set 0.001ms
[2026-06-18T16:36:41.831+0800][0.875s][info][gc,phases   ] GC(7) Concurrent Destroy Detached Pages 0.001ms
[2026-06-18T16:36:41.832+0800][0.877s][info][gc,phases   ] GC(7) Concurrent Select Relocation Set 0.440ms
[2026-06-18T16:36:41.833+0800][0.878s][info][gc,phases   ] GC(7) Concurrent Prepare Relocation Set 0.011ms
[2026-06-18T16:36:41.835+0800][0.880s][info][gc,phases   ] GC(7) Pause Relocate Start 0.167ms
[2026-06-18T16:36:41.838+0800][0.883s][info][gc,phases   ] GC(7) Concurrent Relocate 2.011ms
[2026-06-18T16:36:41.842+0800][0.886s][info][gc,load     ] GC(7) Load: 0.91/0.41/0.25
[2026-06-18T16:36:41.844+0800][0.888s][info][gc,mmu      ] GC(7) MMU: 2ms/64.2%, 5ms/85.7%, 10ms/90.8%, 20ms/94.4%, 50ms/97.1%, 100ms/98.3%
[2026-06-18T16:36:41.846+0800][0.890s][info][gc,marking  ] GC(7) Mark: 2 stripe(s), 1 proactive flush(es), 1 terminate flush(es), 0 completion(s), 0 continuation(s) 
[2026-06-18T16:36:41.848+0800][0.893s][info][gc,reloc    ] GC(7) Relocation: Successful, 21M relocated
[2026-06-18T16:36:41.850+0800][0.894s][info][gc,nmethod  ] GC(7) NMethods: 8 registered, 0 unregistered
[2026-06-18T16:36:41.851+0800][0.895s][info][gc,metaspace] GC(7) Metaspace: 3M used, 4M capacity, 4M committed, 8M reserved
[2026-06-18T16:36:41.852+0800][0.896s][info][gc,ref      ] GC(7) Soft: 43 encountered, 0 discovered, 0 enqueued
[2026-06-18T16:36:41.854+0800][0.898s][info][gc,ref      ] GC(7) Weak: 7 encountered, 2 discovered, 0 enqueued
[2026-06-18T16:36:41.856+0800][0.900s][info][gc,ref      ] GC(7) Final: 0 encountered, 0 discovered, 0 enqueued
[2026-06-18T16:36:41.857+0800][0.901s][info][gc,ref      ] GC(7) Phantom: 1 encountered, 1 discovered, 0 enqueued
[2026-06-18T16:36:41.858+0800][0.903s][info][gc,heap     ] GC(7)                Mark Start          Mark End        Relocate Start      Relocate End           High               Low         
[2026-06-18T16:36:41.859+0800][0.903s][info][gc,heap     ] GC(7)  Capacity:      256M (100%)        256M (100%)        256M (100%)        256M (100%)        256M (100%)        256M (100%)   
[2026-06-18T16:36:41.860+0800][0.905s][info][gc,heap     ] GC(7)   Reserve:       62M (24%)          62M (24%)          62M (24%)          62M (24%)          62M (24%)          62M (24%)    
[2026-06-18T16:36:41.862+0800][0.906s][info][gc,heap     ] GC(7)      Free:       82M (32%)          44M (17%)          74M (29%)         144M (56%)         144M (56%)          44M (17%)    
[2026-06-18T16:36:41.864+0800][0.908s][info][gc,heap     ] GC(7)      Used:      112M (44%)         150M (59%)         120M (47%)          50M (20%)         150M (59%)          50M (20%)    
[2026-06-18T16:36:41.865+0800][0.909s][info][gc,heap     ] GC(7)      Live:         -                21M (8%)           21M (8%)           21M (8%)             -                  -          
[2026-06-18T16:36:41.866+0800][0.911s][info][gc,heap     ] GC(7) Allocated:         -                38M (15%)          38M (15%)          48M (19%)            -                  -          
[2026-06-18T16:36:41.867+0800][0.912s][info][gc,heap     ] GC(7)   Garbage:         -                90M (35%)          60M (24%)    17592186044404M (6         -                  -          
[2026-06-18T16:36:41.869+0800][0.913s][info][gc,heap     ] GC(7) Reclaimed:         -                  -                30M (12%)         102M (40%)            -                  -          
[2026-06-18T16:36:41.870+0800][0.914s][info][gc          ] GC(7) Garbage Collection (Allocation Rate) 112M(44%)->50M(20%)
[2026-06-18T16:36:41.919+0800][0.963s][info][gc,start    ] GC(8) Garbage Collection (Allocation Rate)
[2026-06-18T16:36:41.921+0800][0.965s][info][gc,phases   ] GC(8) Pause Mark Start 0.162ms
[2026-06-18T16:36:41.924+0800][0.968s][info][gc,phases   ] GC(8) Concurrent Mark 1.737ms
[2026-06-18T16:36:41.926+0800][0.970s][info][gc,phases   ] GC(8) Pause Mark End 0.245ms
[2026-06-18T16:36:41.927+0800][0.971s][info][gc,phases   ] GC(8) Concurrent Process Non-Strong References 0.120ms
[2026-06-18T16:36:41.929+0800][0.973s][info][gc,phases   ] GC(8) Concurrent Reset Relocation Set 0.004ms
[2026-06-18T16:36:41.930+0800][0.974s][info][gc,phases   ] GC(8) Concurrent Destroy Detached Pages 0.002ms
[2026-06-18T16:36:41.931+0800][0.975s][info][gc,phases   ] GC(8) Concurrent Select Relocation Set 0.464ms
[2026-06-18T16:36:41.932+0800][0.976s][info][gc,phases   ] GC(8) Concurrent Prepare Relocation Set 0.004ms
[2026-06-18T16:36:41.934+0800][0.978s][info][gc,phases   ] GC(8) Pause Relocate Start 0.146ms
[2026-06-18T16:36:41.935+0800][0.979s][info][gc,phases   ] GC(8) Concurrent Relocate 0.145ms
[2026-06-18T16:36:41.937+0800][0.981s][info][gc,load     ] GC(8) Load: 0.91/0.41/0.25
[2026-06-18T16:36:41.938+0800][0.982s][info][gc,mmu      ] GC(8) MMU: 2ms/64.2%, 5ms/85.7%, 10ms/90.8%, 20ms/94.4%, 50ms/97.1%, 100ms/98.3%
[2026-06-18T16:36:41.939+0800][0.983s][info][gc,marking  ] GC(8) Mark: 2 stripe(s), 2 proactive flush(es), 1 terminate flush(es), 0 completion(s), 0 continuation(s) 
[2026-06-18T16:36:41.941+0800][0.985s][info][gc,reloc    ] GC(8) Relocation: Successful, 18M relocated
[2026-06-18T16:36:41.942+0800][0.986s][info][gc,nmethod  ] GC(8) NMethods: 8 registered, 0 unregistered
[2026-06-18T16:36:41.943+0800][0.987s][info][gc,metaspace] GC(8) Metaspace: 3M used, 4M capacity, 4M committed, 8M reserved
[2026-06-18T16:36:41.945+0800][0.989s][info][gc,ref      ] GC(8) Soft: 43 encountered, 0 discovered, 0 enqueued
[2026-06-18T16:36:41.945+0800][0.990s][info][gc,ref      ] GC(8) Weak: 7 encountered, 2 discovered, 0 enqueued
[2026-06-18T16:36:41.946+0800][0.991s][info][gc,ref      ] GC(8) Final: 0 encountered, 0 discovered, 0 enqueued
[2026-06-18T16:36:41.948+0800][0.992s][info][gc,ref      ] GC(8) Phantom: 1 encountered, 1 discovered, 0 enqueued
[2026-06-18T16:36:41.948+0800][0.993s][info][gc,heap     ] GC(8)                Mark Start          Mark End        Relocate Start      Relocate End           High               Low         
[2026-06-18T16:36:41.949+0800][0.993s][info][gc,heap     ] GC(8)  Capacity:      256M (100%)        256M (100%)        256M (100%)        256M (100%)        256M (100%)        256M (100%)   
[2026-06-18T16:36:41.950+0800][0.995s][info][gc,heap     ] GC(8)   Reserve:       62M (24%)          62M (24%)          62M (24%)          62M (24%)          62M (24%)          62M (24%)    
[2026-06-18T16:36:41.951+0800][0.996s][info][gc,heap     ] GC(8)      Free:      118M (46%)          80M (31%)         104M (41%)         110M (43%)         118M (46%)          80M (31%)    
[2026-06-18T16:36:41.952+0800][0.996s][info][gc,heap     ] GC(8)      Used:       76M (30%)         114M (45%)          90M (35%)          84M (33%)         114M (45%)          76M (30%)    
[2026-06-18T16:36:41.953+0800][0.997s][info][gc,heap     ] GC(8)      Live:         -                18M (7%)           18M (7%)           18M (7%)             -                  -          
[2026-06-18T16:36:41.954+0800][0.998s][info][gc,heap     ] GC(8) Allocated:         -                38M (15%)          38M (15%)          48M (19%)            -                  -          
[2026-06-18T16:36:41.955+0800][1.000s][info][gc,heap     ] GC(8)   Garbage:         -                57M (23%)          33M (13%)          25M (10%)            -                  -          
[2026-06-18T16:36:41.957+0800][1.001s][info][gc,heap     ] GC(8) Reclaimed:         -                  -                24M (9%)           32M (12%)            -                  -          
[2026-06-18T16:36:41.958+0800][1.002s][info][gc          ] GC(8) Garbage Collection (Allocation Rate) 76M(30%)->84M(33%)
[2026-06-18T16:36:42.018+0800][1.062s][info][gc,start    ] GC(9) Garbage Collection (Allocation Rate)
[2026-06-18T16:36:42.021+0800][1.065s][info][gc,phases   ] GC(9) Pause Mark Start 0.363ms
[2026-06-18T16:36:42.023+0800][1.068s][info][gc,phases   ] GC(9) Concurrent Mark 1.452ms
[2026-06-18T16:36:42.025+0800][1.069s][info][gc,phases   ] GC(9) Pause Mark End 0.251ms
[2026-06-18T16:36:42.026+0800][1.070s][info][gc,phases   ] GC(9) Concurrent Process Non-Strong References 0.122ms
[2026-06-18T16:36:42.027+0800][1.072s][info][gc,phases   ] GC(9) Concurrent Reset Relocation Set 0.001ms
[2026-06-18T16:36:42.028+0800][1.072s][info][gc,phases   ] GC(9) Concurrent Destroy Detached Pages 0.000ms
[2026-06-18T16:36:42.030+0800][1.074s][info][gc,phases   ] GC(9) Concurrent Select Relocation Set 0.440ms
[2026-06-18T16:36:42.031+0800][1.075s][info][gc,phases   ] GC(9) Concurrent Prepare Relocation Set 0.003ms
[2026-06-18T16:36:42.033+0800][1.077s][info][gc,phases   ] GC(9) Pause Relocate Start 0.122ms
[2026-06-18T16:36:42.036+0800][1.081s][info][gc,phases   ] GC(9) Concurrent Relocate 2.882ms
[2026-06-18T16:36:42.038+0800][1.082s][info][gc,load     ] GC(9) Load: 0.91/0.41/0.25
[2026-06-18T16:36:42.039+0800][1.083s][info][gc,mmu      ] GC(9) MMU: 2ms/64.2%, 5ms/85.7%, 10ms/90.8%, 20ms/94.4%, 50ms/97.1%, 100ms/98.3%
[2026-06-18T16:36:42.040+0800][1.084s][info][gc,marking  ] GC(9) Mark: 2 stripe(s), 1 proactive flush(es), 1 terminate flush(es), 0 completion(s), 0 continuation(s) 
[2026-06-18T16:36:42.041+0800][1.085s][info][gc,reloc    ] GC(9) Relocation: Successful, 26M relocated
[2026-06-18T16:36:42.042+0800][1.086s][info][gc,nmethod  ] GC(9) NMethods: 8 registered, 0 unregistered
[2026-06-18T16:36:42.043+0800][1.087s][info][gc,metaspace] GC(9) Metaspace: 3M used, 4M capacity, 4M committed, 8M reserved
[2026-06-18T16:36:42.044+0800][1.089s][info][gc,ref      ] GC(9) Soft: 43 encountered, 0 discovered, 0 enqueued
[2026-06-18T16:36:42.045+0800][1.090s][info][gc,ref      ] GC(9) Weak: 7 encountered, 2 discovered, 0 enqueued
[2026-06-18T16:36:42.046+0800][1.090s][info][gc,ref      ] GC(9) Final: 0 encountered, 0 discovered, 0 enqueued
[2026-06-18T16:36:42.048+0800][1.092s][info][gc,ref      ] GC(9) Phantom: 1 encountered, 1 discovered, 0 enqueued
[2026-06-18T16:36:42.049+0800][1.093s][info][gc,heap     ] GC(9)                Mark Start          Mark End        Relocate Start      Relocate End           High               Low         
[2026-06-18T16:36:42.051+0800][1.095s][info][gc,heap     ] GC(9)  Capacity:      256M (100%)        256M (100%)        256M (100%)        256M (100%)        256M (100%)        256M (100%)   
[2026-06-18T16:36:42.052+0800][1.096s][info][gc,heap     ] GC(9)   Reserve:       62M (24%)          62M (24%)          62M (24%)          62M (24%)          62M (24%)          62M (24%)    
[2026-06-18T16:36:42.053+0800][1.097s][info][gc,heap     ] GC(9)      Free:       78M (30%)          78M (30%)         102M (40%)         144M (56%)         144M (56%)          64M (25%)    
[2026-06-18T16:36:42.054+0800][1.098s][info][gc,heap     ] GC(9)      Used:      116M (45%)         116M (45%)          92M (36%)          50M (20%)         130M (51%)          50M (20%)    
[2026-06-18T16:36:42.055+0800][1.099s][info][gc,heap     ] GC(9)      Live:         -                26M (10%)          26M (10%)          26M (10%)            -                  -          
[2026-06-18T16:36:42.056+0800][1.100s][info][gc,heap     ] GC(9) Allocated:         -                 0M (0%)            4M (2%)           46M (18%)            -                  -          
[2026-06-18T16:36:42.057+0800][1.101s][info][gc,heap     ] GC(9)   Garbage:         -                89M (35%)          61M (24%)          19M (8%)             -                  -          
[2026-06-18T16:36:42.058+0800][1.103s][info][gc,heap     ] GC(9) Reclaimed:         -                  -                28M (11%)          70M (27%)            -                  -          
[2026-06-18T16:36:42.060+0800][1.104s][info][gc          ] GC(9) Garbage Collection (Allocation Rate) 116M(45%)->50M(20%)
[2026-06-18T16:36:42.118+0800][1.163s][info][gc,start    ] GC(10) Garbage Collection (Allocation Rate)
[2026-06-18T16:36:42.121+0800][1.165s][info][gc,phases   ] GC(10) Pause Mark Start 0.149ms
[2026-06-18T16:36:42.124+0800][1.168s][info][gc,phases   ] GC(10) Concurrent Mark 1.690ms
[2026-06-18T16:36:42.126+0800][1.170s][info][gc,phases   ] GC(10) Pause Mark End 0.351ms
[2026-06-18T16:36:42.128+0800][1.172s][info][gc,phases   ] GC(10) Concurrent Process Non-Strong References 0.136ms
[2026-06-18T16:36:42.128+0800][1.173s][info][gc,phases   ] GC(10) Concurrent Reset Relocation Set 0.003ms
[2026-06-18T16:36:42.130+0800][1.174s][info][gc,phases   ] GC(10) Concurrent Destroy Detached Pages 0.001ms
[2026-06-18T16:36:42.131+0800][1.176s][info][gc,phases   ] GC(10) Concurrent Select Relocation Set 0.629ms
[2026-06-18T16:36:42.133+0800][1.177s][info][gc,phases   ] GC(10) Concurrent Prepare Relocation Set 0.010ms
[2026-06-18T16:36:42.135+0800][1.179s][info][gc,phases   ] GC(10) Pause Relocate Start 0.179ms
[2026-06-18T16:36:42.136+0800][1.180s][info][gc,phases   ] GC(10) Concurrent Relocate 0.302ms
[2026-06-18T16:36:42.138+0800][1.182s][info][gc,load     ] GC(10) Load: 0.91/0.41/0.25
[2026-06-18T16:36:42.138+0800][1.182s][info][gc,mmu      ] GC(10) MMU: 2ms/64.2%, 5ms/85.7%, 10ms/90.8%, 20ms/94.4%, 50ms/97.1%, 100ms/98.3%
[2026-06-18T16:36:42.139+0800][1.183s][info][gc,marking  ] GC(10) Mark: 2 stripe(s), 1 proactive flush(es), 1 terminate flush(es), 0 completion(s), 0 continuation(s) 
[2026-06-18T16:36:42.140+0800][1.184s][info][gc,reloc    ] GC(10) Relocation: Successful, 20M relocated
[2026-06-18T16:36:42.141+0800][1.185s][info][gc,nmethod  ] GC(10) NMethods: 8 registered, 0 unregistered
[2026-06-18T16:36:42.142+0800][1.186s][info][gc,metaspace] GC(10) Metaspace: 3M used, 4M capacity, 4M committed, 8M reserved
[2026-06-18T16:36:42.143+0800][1.187s][info][gc,ref      ] GC(10) Soft: 43 encountered, 0 discovered, 0 enqueued
[2026-06-18T16:36:42.145+0800][1.189s][info][gc,ref      ] GC(10) Weak: 7 encountered, 0 discovered, 0 enqueued
[2026-06-18T16:36:42.146+0800][1.190s][info][gc,ref      ] GC(10) Final: 0 encountered, 0 discovered, 0 enqueued
[2026-06-18T16:36:42.147+0800][1.191s][info][gc,ref      ] GC(10) Phantom: 1 encountered, 1 discovered, 0 enqueued
[2026-06-18T16:36:42.148+0800][1.192s][info][gc,heap     ] GC(10)                Mark Start          Mark End        Relocate Start      Relocate End           High               Low         
[2026-06-18T16:36:42.149+0800][1.194s][info][gc,heap     ] GC(10)  Capacity:      256M (100%)        256M (100%)        256M (100%)        256M (100%)        256M (100%)        256M (100%)   
[2026-06-18T16:36:42.150+0800][1.195s][info][gc,heap     ] GC(10)   Reserve:       62M (24%)          62M (24%)          62M (24%)          62M (24%)          62M (24%)          62M (24%)    
[2026-06-18T16:36:42.152+0800][1.196s][info][gc,heap     ] GC(10)      Free:      112M (44%)         112M (44%)         136M (53%)         148M (58%)         148M (58%)         108M (42%)    
[2026-06-18T16:36:42.153+0800][1.197s][info][gc,heap     ] GC(10)      Used:       82M (32%)          82M (32%)          58M (23%)          46M (18%)          86M (34%)          46M (18%)    
[2026-06-18T16:36:42.155+0800][1.199s][info][gc,heap     ] GC(10)      Live:         -                22M (9%)           22M (9%)           22M (9%)             -                  -          
[2026-06-18T16:36:42.156+0800][1.200s][info][gc,heap     ] GC(10) Allocated:         -                 0M (0%)            4M (2%)           10M (4%)             -                  -          
[2026-06-18T16:36:42.158+0800][1.202s][info][gc,heap     ] GC(10)   Garbage:         -                59M (23%)          31M (12%)          19M (8%)             -                  -          
[2026-06-18T16:36:42.159+0800][1.203s][info][gc,heap     ] GC(10) Reclaimed:         -                  -                28M (11%)          40M (16%)            -                  -          
[2026-06-18T16:36:42.160+0800][1.204s][info][gc          ] GC(10) Garbage Collection (Allocation Rate) 82M(32%)->46M(18%)
[2026-06-18T16:36:42.218+0800][1.263s][info][gc,start    ] GC(11) Garbage Collection (Allocation Rate)
[2026-06-18T16:36:42.222+0800][1.266s][info][gc,phases   ] GC(11) Pause Mark Start 0.412ms
[2026-06-18T16:36:42.225+0800][1.269s][info][gc,phases   ] GC(11) Concurrent Mark 1.621ms
[2026-06-18T16:36:42.227+0800][1.271s][info][gc,phases   ] GC(11) Pause Mark End 0.248ms
[2026-06-18T16:36:42.228+0800][1.272s][info][gc,phases   ] GC(11) Concurrent Process Non-Strong References 0.078ms
[2026-06-18T16:36:42.229+0800][1.273s][info][gc,phases   ] GC(11) Concurrent Reset Relocation Set 0.002ms
[2026-06-18T16:36:42.231+0800][1.275s][info][gc,phases   ] GC(11) Concurrent Destroy Detached Pages 0.001ms
[2026-06-18T16:36:42.233+0800][1.277s][info][gc,phases   ] GC(11) Concurrent Select Relocation Set 0.458ms
[2026-06-18T16:36:42.234+0800][1.278s][info][gc,phases   ] GC(11) Concurrent Prepare Relocation Set 0.009ms
[2026-06-18T16:36:42.235+0800][1.279s][info][gc,phases   ] GC(11) Pause Relocate Start 0.136ms
[2026-06-18T16:36:42.238+0800][1.282s][info][gc,phases   ] GC(11) Concurrent Relocate 1.295ms
[2026-06-18T16:36:42.239+0800][1.283s][info][gc,load     ] GC(11) Load: 0.91/0.41/0.25
[2026-06-18T16:36:42.240+0800][1.284s][info][gc,mmu      ] GC(11) MMU: 2ms/64.2%, 5ms/85.7%, 10ms/90.8%, 20ms/94.4%, 50ms/97.1%, 100ms/98.3%
[2026-06-18T16:36:42.242+0800][1.286s][info][gc,marking  ] GC(11) Mark: 2 stripe(s), 3 proactive flush(es), 1 terminate flush(es), 0 completion(s), 0 continuation(s) 
[2026-06-18T16:36:42.243+0800][1.287s][info][gc,reloc    ] GC(11) Relocation: Successful, 19M relocated
[2026-06-18T16:36:42.244+0800][1.288s][info][gc,nmethod  ] GC(11) NMethods: 12 registered, 0 unregistered
[2026-06-18T16:36:42.246+0800][1.290s][info][gc,metaspace] GC(11) Metaspace: 3M used, 4M capacity, 4M committed, 8M reserved
[2026-06-18T16:36:42.247+0800][1.291s][info][gc,ref      ] GC(11) Soft: 43 encountered, 0 discovered, 0 enqueued
[2026-06-18T16:36:42.249+0800][1.293s][info][gc,ref      ] GC(11) Weak: 7 encountered, 0 discovered, 0 enqueued
[2026-06-18T16:36:42.250+0800][1.294s][info][gc,ref      ] GC(11) Final: 0 encountered, 0 discovered, 0 enqueued
[2026-06-18T16:36:42.251+0800][1.295s][info][gc,ref      ] GC(11) Phantom: 1 encountered, 0 discovered, 0 enqueued
[2026-06-18T16:36:42.252+0800][1.297s][info][gc,heap     ] GC(11)                Mark Start          Mark End        Relocate Start      Relocate End           High               Low         
[2026-06-18T16:36:42.254+0800][1.298s][info][gc,heap     ] GC(11)  Capacity:      256M (100%)        256M (100%)        256M (100%)        256M (100%)        256M (100%)        256M (100%)   
[2026-06-18T16:36:42.255+0800][1.299s][info][gc,heap     ] GC(11)   Reserve:       62M (24%)          62M (24%)          62M (24%)          62M (24%)          62M (24%)          62M (24%)    
[2026-06-18T16:36:42.256+0800][1.300s][info][gc,heap     ] GC(11)      Free:       84M (33%)          80M (31%)         104M (41%)         144M (56%)         144M (56%)          66M (26%)    
[2026-06-18T16:36:42.258+0800][1.303s][info][gc,heap     ] GC(11)      Used:      110M (43%)         114M (45%)          90M (35%)          50M (20%)         128M (50%)          50M (20%)    
[2026-06-18T16:36:42.261+0800][1.305s][info][gc,heap     ] GC(11)      Live:         -                19M (8%)           19M (8%)           19M (8%)             -                  -          
[2026-06-18T16:36:42.262+0800][1.306s][info][gc,heap     ] GC(11) Allocated:         -                 4M (2%)            8M (3%)           48M (19%)            -                  -          
[2026-06-18T16:36:42.264+0800][1.308s][info][gc,heap     ] GC(11)   Garbage:         -                90M (35%)          62M (24%)          22M (9%)             -                  -          
[2026-06-18T16:36:42.265+0800][1.310s][info][gc,heap     ] GC(11) Reclaimed:         -                  -                28M (11%)          68M (27%)            -                  -          
[2026-06-18T16:36:42.268+0800][1.312s][info][gc          ] GC(11) Garbage Collection (Allocation Rate) 110M(43%)->50M(20%)
[2026-06-18T16:36:42.319+0800][1.363s][info][gc,start    ] GC(12) Garbage Collection (Allocation Rate)
[2026-06-18T16:36:42.322+0800][1.366s][info][gc,phases   ] GC(12) Pause Mark Start 0.323ms
[2026-06-18T16:36:42.325+0800][1.369s][info][gc,phases   ] GC(12) Concurrent Mark 1.684ms
[2026-06-18T16:36:42.327+0800][1.371s][info][gc,phases   ] GC(12) Pause Mark End 0.308ms
[2026-06-18T16:36:42.328+0800][1.373s][info][gc,phases   ] GC(12) Concurrent Process Non-Strong References 0.141ms
[2026-06-18T16:36:42.330+0800][1.374s][info][gc,phases   ] GC(12) Concurrent Reset Relocation Set 0.003ms
[2026-06-18T16:36:42.333+0800][1.378s][info][gc,phases   ] GC(12) Concurrent Destroy Detached Pages 0.004ms
[2026-06-18T16:36:42.337+0800][1.381s][info][gc,phases   ] GC(12) Concurrent Select Relocation Set 1.343ms
[2026-06-18T16:36:42.338+0800][1.383s][info][gc,phases   ] GC(12) Concurrent Prepare Relocation Set 0.005ms
[2026-06-18T16:36:42.340+0800][1.384s][info][gc,phases   ] GC(12) Pause Relocate Start 0.209ms
[2026-06-18T16:36:42.344+0800][1.388s][info][gc,phases   ] GC(12) Concurrent Relocate 0.410ms
[2026-06-18T16:36:42.346+0800][1.390s][info][gc,load     ] GC(12) Load: 0.91/0.41/0.25
[2026-06-18T16:36:42.349+0800][1.393s][info][gc,mmu      ] GC(12) MMU: 2ms/64.2%, 5ms/85.7%, 10ms/90.8%, 20ms/94.4%, 50ms/97.1%, 100ms/98.3%
[2026-06-18T16:36:42.350+0800][1.395s][info][gc,marking  ] GC(12) Mark: 2 stripe(s), 1 proactive flush(es), 1 terminate flush(es), 0 completion(s), 0 continuation(s) 
[2026-06-18T16:36:42.352+0800][1.396s][info][gc,reloc    ] GC(12) Relocation: Successful, 23M relocated
[2026-06-18T16:36:42.353+0800][1.397s][info][gc,nmethod  ] GC(12) NMethods: 12 registered, 0 unregistered
[2026-06-18T16:36:42.354+0800][1.398s][info][gc,metaspace] GC(12) Metaspace: 3M used, 4M capacity, 4M committed, 8M reserved
[2026-06-18T16:36:42.356+0800][1.401s][info][gc,ref      ] GC(12) Soft: 43 encountered, 0 discovered, 0 enqueued
[2026-06-18T16:36:42.357+0800][1.402s][info][gc,ref      ] GC(12) Weak: 7 encountered, 4 discovered, 0 enqueued
[2026-06-18T16:36:42.359+0800][1.403s][info][gc,ref      ] GC(12) Final: 0 encountered, 0 discovered, 0 enqueued
[2026-06-18T16:36:42.360+0800][1.404s][info][gc,ref      ] GC(12) Phantom: 1 encountered, 1 discovered, 0 enqueued
[2026-06-18T16:36:42.361+0800][1.405s][info][gc,heap     ] GC(12)                Mark Start          Mark End        Relocate Start      Relocate End           High               Low         
[2026-06-18T16:36:42.362+0800][1.406s][info][gc,heap     ] GC(12)  Capacity:      256M (100%)        256M (100%)        256M (100%)        256M (100%)        256M (100%)        256M (100%)   
[2026-06-18T16:36:42.363+0800][1.407s][info][gc,heap     ] GC(12)   Reserve:       62M (24%)          62M (24%)          62M (24%)          62M (24%)          62M (24%)          62M (24%)    
[2026-06-18T16:36:42.365+0800][1.409s][info][gc,heap     ] GC(12)      Free:      112M (44%)         112M (44%)         140M (55%)         112M (44%)         144M (56%)         108M (42%)    
[2026-06-18T16:36:42.366+0800][1.410s][info][gc,heap     ] GC(12)      Used:       82M (32%)          82M (32%)          54M (21%)          82M (32%)          86M (34%)          50M (20%)    
[2026-06-18T16:36:42.367+0800][1.411s][info][gc,heap     ] GC(12)      Live:         -                24M (10%)          24M (10%)          24M (10%)            -                  -          
[2026-06-18T16:36:42.369+0800][1.414s][info][gc,heap     ] GC(12) Allocated:         -                 0M (0%)            4M (2%)           48M (19%)            -                  -          
[2026-06-18T16:36:42.372+0800][1.416s][info][gc,heap     ] GC(12)   Garbage:         -                57M (22%)          25M (10%)          17M (7%)             -                  -          
[2026-06-18T16:36:42.373+0800][1.417s][info][gc,heap     ] GC(12) Reclaimed:         -                  -                32M (12%)          40M (16%)            -                  -          
[2026-06-18T16:36:42.373+0800][1.418s][info][gc          ] GC(12) Garbage Collection (Allocation Rate) 82M(32%)->82M(32%)
[2026-06-18T16:36:42.419+0800][1.463s][info][gc,start    ] GC(13) Garbage Collection (Allocation Rate)
[2026-06-18T16:36:42.421+0800][1.465s][info][gc,phases   ] GC(13) Pause Mark Start 0.266ms
[2026-06-18T16:36:42.424+0800][1.468s][info][gc,phases   ] GC(13) Concurrent Mark 1.550ms
[2026-06-18T16:36:42.426+0800][1.470s][info][gc,phases   ] GC(13) Pause Mark End 0.267ms
[2026-06-18T16:36:42.428+0800][1.472s][info][gc,phases   ] GC(13) Concurrent Process Non-Strong References 0.162ms
[2026-06-18T16:36:42.429+0800][1.473s][info][gc,phases   ] GC(13) Concurrent Reset Relocation Set 0.003ms
[2026-06-18T16:36:42.431+0800][1.475s][info][gc,phases   ] GC(13) Concurrent Destroy Detached Pages 0.001ms
[2026-06-18T16:36:42.432+0800][1.477s][info][gc,phases   ] GC(13) Concurrent Select Relocation Set 0.786ms
[2026-06-18T16:36:42.435+0800][1.479s][info][gc,phases   ] GC(13) Concurrent Prepare Relocation Set 0.013ms
[2026-06-18T16:36:42.438+0800][1.482s][info][gc,phases   ] GC(13) Pause Relocate Start 0.322ms
[2026-06-18T16:36:42.441+0800][1.485s][info][gc,phases   ] GC(13) Concurrent Relocate 1.504ms
[2026-06-18T16:36:42.443+0800][1.487s][info][gc,load     ] GC(13) Load: 0.91/0.41/0.25
[2026-06-18T16:36:42.445+0800][1.489s][info][gc,mmu      ] GC(13) MMU: 2ms/64.2%, 5ms/85.7%, 10ms/90.8%, 20ms/94.4%, 50ms/97.1%, 100ms/98.3%
[2026-06-18T16:36:42.448+0800][1.492s][info][gc,marking  ] GC(13) Mark: 2 stripe(s), 1 proactive flush(es), 1 terminate flush(es), 0 completion(s), 0 continuation(s) 
[2026-06-18T16:36:42.450+0800][1.494s][info][gc,reloc    ] GC(13) Relocation: Successful, 21M relocated
[2026-06-18T16:36:42.453+0800][1.497s][info][gc,nmethod  ] GC(13) NMethods: 13 registered, 0 unregistered
[2026-06-18T16:36:42.454+0800][1.498s][info][gc,metaspace] GC(13) Metaspace: 3M used, 4M capacity, 4M committed, 8M reserved
[2026-06-18T16:36:42.456+0800][1.500s][info][gc,ref      ] GC(13) Soft: 43 encountered, 0 discovered, 0 enqueued
[2026-06-18T16:36:42.457+0800][1.502s][info][gc,ref      ] GC(13) Weak: 7 encountered, 2 discovered, 0 enqueued
[2026-06-18T16:36:42.459+0800][1.503s][info][gc,ref      ] GC(13) Final: 0 encountered, 0 discovered, 0 enqueued
[2026-06-18T16:36:42.460+0800][1.504s][info][gc,ref      ] GC(13) Phantom: 1 encountered, 1 discovered, 0 enqueued
[2026-06-18T16:36:42.461+0800][1.505s][info][gc,heap     ] GC(13)                Mark Start          Mark End        Relocate Start      Relocate End           High               Low         
[2026-06-18T16:36:42.462+0800][1.506s][info][gc,heap     ] GC(13)  Capacity:      256M (100%)        256M (100%)        256M (100%)        256M (100%)        256M (100%)        256M (100%)   
[2026-06-18T16:36:42.463+0800][1.508s][info][gc,heap     ] GC(13)   Reserve:       62M (24%)          62M (24%)          62M (24%)          62M (24%)          62M (24%)          62M (24%)    
[2026-06-18T16:36:42.465+0800][1.509s][info][gc,heap     ] GC(13)      Free:       86M (34%)          86M (34%)         112M (44%)         140M (55%)         140M (55%)          72M (28%)    
[2026-06-18T16:36:42.467+0800][1.511s][info][gc,heap     ] GC(13)      Used:      108M (42%)         108M (42%)          82M (32%)          54M (21%)         122M (48%)          54M (21%)    
[2026-06-18T16:36:42.470+0800][1.514s][info][gc,heap     ] GC(13)      Live:         -                21M (8%)           21M (8%)           21M (8%)             -                  -          
[2026-06-18T16:36:42.472+0800][1.516s][info][gc,heap     ] GC(13) Allocated:         -                 0M (0%)            4M (2%)           50M (20%)            -                  -          
[2026-06-18T16:36:42.473+0800][1.517s][info][gc,heap     ] GC(13)   Garbage:         -                86M (34%)          56M (22%)          22M (9%)             -                  -          
[2026-06-18T16:36:42.475+0800][1.519s][info][gc,heap     ] GC(13) Reclaimed:         -                  -                30M (12%)          64M (25%)            -                  -          
[2026-06-18T16:36:42.476+0800][1.520s][info][gc          ] GC(13) Garbage Collection (Allocation Rate) 108M(42%)->54M(21%)
[2026-06-18T16:36:42.519+0800][1.563s][info][gc,start    ] GC(14) Garbage Collection (Allocation Rate)
[2026-06-18T16:36:42.521+0800][1.565s][info][gc,phases   ] GC(14) Pause Mark Start 0.162ms
[2026-06-18T16:36:42.523+0800][1.568s][info][gc,phases   ] GC(14) Concurrent Mark 1.566ms
[2026-06-18T16:36:42.525+0800][1.570s][info][gc,phases   ] GC(14) Pause Mark End 0.282ms
[2026-06-18T16:36:42.527+0800][1.571s][info][gc,phases   ] GC(14) Concurrent Process Non-Strong References 0.105ms
[2026-06-18T16:36:42.528+0800][1.572s][info][gc,phases   ] GC(14) Concurrent Reset Relocation Set 0.002ms
[2026-06-18T16:36:42.530+0800][1.574s][info][gc,phases   ] GC(14) Concurrent Destroy Detached Pages 0.001ms
[2026-06-18T16:36:42.532+0800][1.576s][info][gc,phases   ] GC(14) Concurrent Select Relocation Set 0.434ms
[2026-06-18T16:36:42.533+0800][1.577s][info][gc,phases   ] GC(14) Concurrent Prepare Relocation Set 0.001ms
[2026-06-18T16:36:42.536+0800][1.580s][info][gc,phases   ] GC(14) Pause Relocate Start 0.133ms
[2026-06-18T16:36:42.538+0800][1.583s][info][gc,phases   ] GC(14) Concurrent Relocate 0.303ms
[2026-06-18T16:36:42.540+0800][1.584s][info][gc,load     ] GC(14) Load: 0.91/0.41/0.25
[2026-06-18T16:36:42.541+0800][1.585s][info][gc,mmu      ] GC(14) MMU: 2ms/64.2%, 5ms/85.7%, 10ms/90.8%, 20ms/94.4%, 50ms/97.1%, 100ms/98.3%
[2026-06-18T16:36:42.542+0800][1.586s][info][gc,marking  ] GC(14) Mark: 2 stripe(s), 1 proactive flush(es), 1 terminate flush(es), 0 completion(s), 0 continuation(s) 
[2026-06-18T16:36:42.543+0800][1.587s][info][gc,reloc    ] GC(14) Relocation: Successful, 25M relocated
[2026-06-18T16:36:42.544+0800][1.589s][info][gc,nmethod  ] GC(14) NMethods: 13 registered, 0 unregistered
[2026-06-18T16:36:42.546+0800][1.591s][info][gc,metaspace] GC(14) Metaspace: 3M used, 4M capacity, 4M committed, 8M reserved
[2026-06-18T16:36:42.548+0800][1.592s][info][gc,ref      ] GC(14) Soft: 43 encountered, 0 discovered, 0 enqueued
[2026-06-18T16:36:42.549+0800][1.593s][info][gc,ref      ] GC(14) Weak: 7 encountered, 2 discovered, 0 enqueued
[2026-06-18T16:36:42.550+0800][1.595s][info][gc,ref      ] GC(14) Final: 0 encountered, 0 discovered, 0 enqueued
[2026-06-18T16:36:42.551+0800][1.596s][info][gc,ref      ] GC(14) Phantom: 1 encountered, 0 discovered, 0 enqueued
[2026-06-18T16:36:42.552+0800][1.597s][info][gc,heap     ] GC(14)                Mark Start          Mark End        Relocate Start      Relocate End           High               Low         
[2026-06-18T16:36:42.554+0800][1.598s][info][gc,heap     ] GC(14)  Capacity:      256M (100%)        256M (100%)        256M (100%)        256M (100%)        256M (100%)        256M (100%)   
[2026-06-18T16:36:42.554+0800][1.599s][info][gc,heap     ] GC(14)   Reserve:       62M (24%)          62M (24%)          62M (24%)          62M (24%)          62M (24%)          62M (24%)    
[2026-06-18T16:36:42.555+0800][1.600s][info][gc,heap     ] GC(14)      Free:      114M (45%)         110M (43%)         100M (39%)         110M (43%)         136M (53%)          94M (37%)    
[2026-06-18T16:36:42.557+0800][1.601s][info][gc,heap     ] GC(14)      Used:       80M (31%)          84M (33%)          94M (37%)          84M (33%)         100M (39%)          58M (23%)    
[2026-06-18T16:36:42.558+0800][1.602s][info][gc,heap     ] GC(14)      Live:         -                27M (11%)          27M (11%)          27M (11%)            -                  -          
[2026-06-18T16:36:42.559+0800][1.603s][info][gc,heap     ] GC(14) Allocated:         -                 4M (2%)           40M (16%)          48M (19%)            -                  -          
[2026-06-18T16:36:42.560+0800][1.604s][info][gc,heap     ] GC(14)   Garbage:         -                52M (21%)          26M (10%)          16M (6%)             -                  -          
[2026-06-18T16:36:42.561+0800][1.605s][info][gc,heap     ] GC(14) Reclaimed:         -                  -                26M (10%)          36M (14%)            -                  -          
[2026-06-18T16:36:42.562+0800][1.607s][info][gc          ] GC(14) Garbage Collection (Allocation Rate) 80M(31%)->84M(33%)
[2026-06-18T16:36:42.619+0800][1.663s][info][gc,start    ] GC(15) Garbage Collection (Allocation Rate)
[2026-06-18T16:36:42.621+0800][1.665s][info][gc,phases   ] GC(15) Pause Mark Start 0.285ms
[2026-06-18T16:36:42.624+0800][1.668s][info][gc,phases   ] GC(15) Concurrent Mark 1.655ms
[2026-06-18T16:36:42.627+0800][1.671s][info][gc,phases   ] GC(15) Pause Mark End 0.563ms
[2026-06-18T16:36:42.628+0800][1.673s][info][gc,phases   ] GC(15) Concurrent Process Non-Strong References 0.088ms
[2026-06-18T16:36:42.629+0800][1.674s][info][gc,phases   ] GC(15) Concurrent Reset Relocation Set 0.005ms
[2026-06-18T16:36:42.631+0800][1.675s][info][gc,phases   ] GC(15) Concurrent Destroy Detached Pages 0.001ms
[2026-06-18T16:36:42.632+0800][1.676s][info][gc,phases   ] GC(15) Concurrent Select Relocation Set 0.732ms
[2026-06-18T16:36:42.633+0800][1.677s][info][gc,phases   ] GC(15) Concurrent Prepare Relocation Set 0.011ms
[2026-06-18T16:36:42.635+0800][1.679s][info][gc,phases   ] GC(15) Pause Relocate Start 0.197ms
[2026-06-18T16:36:42.639+0800][1.683s][info][gc,phases   ] GC(15) Concurrent Relocate 1.758ms
[2026-06-18T16:36:42.640+0800][1.684s][info][gc,load     ] GC(15) Load: 0.91/0.41/0.25
[2026-06-18T16:36:42.641+0800][1.685s][info][gc,mmu      ] GC(15) MMU: 2ms/64.2%, 5ms/85.7%, 10ms/90.8%, 20ms/94.4%, 50ms/97.1%, 100ms/98.3%
[2026-06-18T16:36:42.642+0800][1.686s][info][gc,marking  ] GC(15) Mark: 2 stripe(s), 1 proactive flush(es), 1 terminate flush(es), 0 completion(s), 0 continuation(s) 
[2026-06-18T16:36:42.643+0800][1.687s][info][gc,reloc    ] GC(15) Relocation: Successful, 23M relocated
[2026-06-18T16:36:42.644+0800][1.688s][info][gc,nmethod  ] GC(15) NMethods: 13 registered, 0 unregistered
[2026-06-18T16:36:42.646+0800][1.690s][info][gc,metaspace] GC(15) Metaspace: 3M used, 4M capacity, 4M committed, 8M reserved
[2026-06-18T16:36:42.648+0800][1.692s][info][gc,ref      ] GC(15) Soft: 43 encountered, 0 discovered, 0 enqueued
[2026-06-18T16:36:42.649+0800][1.693s][info][gc,ref      ] GC(15) Weak: 7 encountered, 0 discovered, 0 enqueued
[2026-06-18T16:36:42.650+0800][1.694s][info][gc,ref      ] GC(15) Final: 0 encountered, 0 discovered, 0 enqueued
[2026-06-18T16:36:42.651+0800][1.695s][info][gc,ref      ] GC(15) Phantom: 1 encountered, 0 discovered, 0 enqueued
[2026-06-18T16:36:42.652+0800][1.696s][info][gc,heap     ] GC(15)                Mark Start          Mark End        Relocate Start      Relocate End           High               Low         
[2026-06-18T16:36:42.653+0800][1.697s][info][gc,heap     ] GC(15)  Capacity:      256M (100%)        256M (100%)        256M (100%)        256M (100%)        256M (100%)        256M (100%)   
[2026-06-18T16:36:42.654+0800][1.698s][info][gc,heap     ] GC(15)   Reserve:       62M (24%)          62M (24%)          62M (24%)          62M (24%)          62M (24%)          62M (24%)    
[2026-06-18T16:36:42.655+0800][1.699s][info][gc,heap     ] GC(15)      Free:       80M (31%)          80M (31%)          74M (29%)         144M (56%)         144M (56%)          42M (16%)    
[2026-06-18T16:36:42.655+0800][1.699s][info][gc,heap     ] GC(15)      Used:      114M (45%)         114M (45%)         120M (47%)          50M (20%)         152M (59%)          50M (20%)    
[2026-06-18T16:36:42.656+0800][1.700s][info][gc,heap     ] GC(15)      Live:         -                25M (10%)          25M (10%)          25M (10%)            -                  -          
[2026-06-18T16:36:42.657+0800][1.701s][info][gc,heap     ] GC(15) Allocated:         -                 0M (0%)           38M (15%)          48M (19%)            -                  -          
[2026-06-18T16:36:42.658+0800][1.703s][info][gc,heap     ] GC(15)   Garbage:         -                88M (35%)          56M (22%)    17592186044402M (6         -                  -          
[2026-06-18T16:36:42.659+0800][1.703s][info][gc,heap     ] GC(15) Reclaimed:         -                  -                32M (12%)         102M (40%)            -                  -          
[2026-06-18T16:36:42.660+0800][1.704s][info][gc          ] GC(15) Garbage Collection (Allocation Rate) 114M(45%)->50M(20%)
[2026-06-18T16:36:42.718+0800][1.762s][info][gc,start    ] GC(16) Garbage Collection (Allocation Rate)
[2026-06-18T16:36:42.720+0800][1.764s][info][gc,phases   ] GC(16) Pause Mark Start 0.179ms
[2026-06-18T16:36:42.723+0800][1.767s][info][gc,phases   ] GC(16) Concurrent Mark 1.463ms
[2026-06-18T16:36:42.725+0800][1.769s][info][gc,phases   ] GC(16) Pause Mark End 0.313ms
[2026-06-18T16:36:42.727+0800][1.771s][info][gc,phases   ] GC(16) Concurrent Process Non-Strong References 0.146ms
[2026-06-18T16:36:42.728+0800][1.772s][info][gc,phases   ] GC(16) Concurrent Reset Relocation Set 0.004ms
[2026-06-18T16:36:42.729+0800][1.773s][info][gc,phases   ] GC(16) Concurrent Destroy Detached Pages 0.001ms
[2026-06-18T16:36:42.730+0800][1.774s][info][gc,phases   ] GC(16) Concurrent Select Relocation Set 0.464ms
[2026-06-18T16:36:42.731+0800][1.775s][info][gc,phases   ] GC(16) Concurrent Prepare Relocation Set 0.016ms
[2026-06-18T16:36:42.732+0800][1.776s][info][gc,phases   ] GC(16) Pause Relocate Start 0.196ms
[2026-06-18T16:36:42.733+0800][1.777s][info][gc,phases   ] GC(16) Concurrent Relocate 0.404ms
[2026-06-18T16:36:42.734+0800][1.779s][info][gc,load     ] GC(16) Load: 0.91/0.41/0.25
[2026-06-18T16:36:42.739+0800][1.783s][info][gc,mmu      ] GC(16) MMU: 2ms/64.2%, 5ms/85.7%, 10ms/90.8%, 20ms/94.4%, 50ms/97.1%, 100ms/98.3%
[2026-06-18T16:36:42.740+0800][1.784s][info][gc,marking  ] GC(16) Mark: 2 stripe(s), 1 proactive flush(es), 1 terminate flush(es), 0 completion(s), 0 continuation(s) 
[2026-06-18T16:36:42.741+0800][1.785s][info][gc,reloc    ] GC(16) Relocation: Successful, 19M relocated
[2026-06-18T16:36:42.741+0800][1.786s][info][gc,nmethod  ] GC(16) NMethods: 13 registered, 0 unregistered
[2026-06-18T16:36:42.742+0800][1.786s][info][gc,metaspace] GC(16) Metaspace: 3M used, 4M capacity, 4M committed, 8M reserved
[2026-06-18T16:36:42.742+0800][1.787s][info][gc,ref      ] GC(16) Soft: 43 encountered, 0 discovered, 0 enqueued
[2026-06-18T16:36:42.743+0800][1.787s][info][gc,ref      ] GC(16) Weak: 7 encountered, 2 discovered, 0 enqueued
[2026-06-18T16:36:42.744+0800][1.788s][info][gc,ref      ] GC(16) Final: 0 encountered, 0 discovered, 0 enqueued
[2026-06-18T16:36:42.744+0800][1.788s][info][gc,ref      ] GC(16) Phantom: 1 encountered, 0 discovered, 0 enqueued
[2026-06-18T16:36:42.745+0800][1.790s][info][gc,heap     ] GC(16)                Mark Start          Mark End        Relocate Start      Relocate End           High               Low         
[2026-06-18T16:36:42.746+0800][1.791s][info][gc,heap     ] GC(16)  Capacity:      256M (100%)        256M (100%)        256M (100%)        256M (100%)        256M (100%)        256M (100%)   
[2026-06-18T16:36:42.747+0800][1.792s][info][gc,heap     ] GC(16)   Reserve:       62M (24%)          62M (24%)          62M (24%)          62M (24%)          62M (24%)          62M (24%)    
[2026-06-18T16:36:42.748+0800][1.792s][info][gc,heap     ] GC(16)      Free:      114M (45%)          76M (30%)         106M (41%)         116M (45%)         116M (45%)          76M (30%)    
[2026-06-18T16:36:42.749+0800][1.793s][info][gc,heap     ] GC(16)      Used:       80M (31%)         118M (46%)          88M (34%)          78M (30%)         118M (46%)          78M (30%)    
[2026-06-18T16:36:42.750+0800][1.794s][info][gc,heap     ] GC(16)      Live:         -                21M (8%)           21M (8%)           21M (8%)             -                  -          
[2026-06-18T16:36:42.750+0800][1.795s][info][gc,heap     ] GC(16) Allocated:         -                38M (15%)          38M (15%)          44M (17%)            -                  -          
[2026-06-18T16:36:42.751+0800][1.795s][info][gc,heap     ] GC(16)   Garbage:         -                58M (23%)          28M (11%)          18M (7%)             -                  -          
[2026-06-18T16:36:42.752+0800][1.796s][info][gc,heap     ] GC(16) Reclaimed:         -                  -                30M (12%)          40M (16%)            -                  -          
[2026-06-18T16:36:42.753+0800][1.797s][info][gc          ] GC(16) Garbage Collection (Allocation Rate) 80M(31%)->78M(30%)
[2026-06-18T16:36:42.765+0800][1.809s][info][gc,start    ] GC(17) Garbage Collection (System.gc())
[2026-06-18T16:36:42.768+0800][1.812s][info][gc,phases   ] GC(17) Pause Mark Start 0.180ms
[2026-06-18T16:36:42.771+0800][1.815s][info][gc,phases   ] GC(17) Concurrent Mark 1.508ms
[2026-06-18T16:36:42.772+0800][1.817s][info][gc,phases   ] GC(17) Pause Mark End 0.257ms
[2026-06-18T16:36:42.774+0800][1.818s][info][gc,phases   ] GC(17) Concurrent Process Non-Strong References 0.265ms
[2026-06-18T16:36:42.776+0800][1.820s][info][gc,phases   ] GC(17) Concurrent Reset Relocation Set 0.003ms
[2026-06-18T16:36:42.777+0800][1.822s][info][gc,phases   ] GC(17) Concurrent Destroy Detached Pages 0.001ms
[2026-06-18T16:36:42.779+0800][1.823s][info][gc,phases   ] GC(17) Concurrent Select Relocation Set 0.487ms
[2026-06-18T16:36:42.781+0800][1.825s][info][gc,phases   ] GC(17) Concurrent Prepare Relocation Set 0.056ms
[2026-06-18T16:36:42.782+0800][1.827s][info][gc,phases   ] GC(17) Pause Relocate Start 0.143ms
[2026-06-18T16:36:42.786+0800][1.830s][info][gc,phases   ] GC(17) Concurrent Relocate 2.041ms
[2026-06-18T16:36:42.786+0800][1.830s][info][gc,load     ] GC(17) Load: 0.91/0.41/0.25
[2026-06-18T16:36:42.787+0800][1.831s][info][gc,mmu      ] GC(17) MMU: 2ms/64.2%, 5ms/85.7%, 10ms/90.8%, 20ms/94.4%, 50ms/97.1%, 100ms/98.3%
[2026-06-18T16:36:42.788+0800][1.832s][info][gc,marking  ] GC(17) Mark: 8 stripe(s), 1 proactive flush(es), 1 terminate flush(es), 0 completion(s), 0 continuation(s) 
[2026-06-18T16:36:42.788+0800][1.832s][info][gc,reloc    ] GC(17) Relocation: Successful, 24M relocated
[2026-06-18T16:36:42.789+0800][1.833s][info][gc,nmethod  ] GC(17) NMethods: 13 registered, 0 unregistered
[2026-06-18T16:36:42.789+0800][1.833s][info][gc,metaspace] GC(17) Metaspace: 3M used, 4M capacity, 4M committed, 8M reserved
[2026-06-18T16:36:42.790+0800][1.834s][info][gc,ref      ] GC(17) Soft: 43 encountered, 0 discovered, 0 enqueued
[2026-06-18T16:36:42.790+0800][1.834s][info][gc,ref      ] GC(17) Weak: 7 encountered, 2 discovered, 0 enqueued
[2026-06-18T16:36:42.791+0800][1.835s][info][gc,ref      ] GC(17) Final: 0 encountered, 0 discovered, 0 enqueued
[2026-06-18T16:36:42.792+0800][1.836s][info][gc,ref      ] GC(17) Phantom: 1 encountered, 1 discovered, 0 enqueued
[2026-06-18T16:36:42.792+0800][1.837s][info][gc,heap     ] GC(17)                Mark Start          Mark End        Relocate Start      Relocate End           High               Low         
[2026-06-18T16:36:42.793+0800][1.837s][info][gc,heap     ] GC(17)  Capacity:      256M (100%)        256M (100%)        256M (100%)        256M (100%)        256M (100%)        256M (100%)   
[2026-06-18T16:36:42.794+0800][1.838s][info][gc,heap     ] GC(17)   Reserve:       62M (24%)          62M (24%)          62M (24%)          62M (24%)          62M (24%)          62M (24%)    
[2026-06-18T16:36:42.794+0800][1.839s][info][gc,heap     ] GC(17)      Free:      102M (40%)         102M (40%)         114M (45%)         148M (58%)         148M (58%)          74M (29%)    
[2026-06-18T16:36:42.795+0800][1.839s][info][gc,heap     ] GC(17)      Used:       92M (36%)          92M (36%)          80M (31%)          46M (18%)         120M (47%)          46M (18%)    
[2026-06-18T16:36:42.796+0800][1.840s][info][gc,heap     ] GC(17)      Live:         -                26M (10%)          26M (10%)          26M (10%)            -                  -          
[2026-06-18T16:36:42.796+0800][1.841s][info][gc,heap     ] GC(17) Allocated:         -                 0M (0%)            0M (0%)           42M (16%)            -                  -          
[2026-06-18T16:36:42.797+0800][1.841s][info][gc,heap     ] GC(17)   Garbage:         -                65M (26%)          53M (21%)          19M (8%)             -                  -          
[2026-06-18T16:36:42.797+0800][1.841s][info][gc,heap     ] GC(17) Reclaimed:         -                  -                12M (5%)           46M (18%)            -                  -          
[2026-06-18T16:36:42.798+0800][1.842s][info][gc          ] GC(17) Garbage Collection (System.gc()) 92M(36%)->46M(18%)
[2026-06-18T16:36:42.818+0800][1.862s][info][gc,start    ] GC(18) Garbage Collection (Allocation Rate)
[2026-06-18T16:36:42.820+0800][1.864s][info][gc,phases   ] GC(18) Pause Mark Start 0.144ms
[2026-06-18T16:36:42.823+0800][1.867s][info][gc,phases   ] GC(18) Concurrent Mark 1.523ms
[2026-06-18T16:36:42.824+0800][1.868s][info][gc,phases   ] GC(18) Pause Mark End 0.274ms
[2026-06-18T16:36:42.825+0800][1.869s][info][gc,phases   ] GC(18) Concurrent Process Non-Strong References 0.107ms
[2026-06-18T16:36:42.825+0800][1.870s][info][gc,phases   ] GC(18) Concurrent Reset Relocation Set 0.002ms
[2026-06-18T16:36:42.827+0800][1.871s][info][gc,phases   ] GC(18) Concurrent Destroy Detached Pages 0.001ms
[2026-06-18T16:36:42.828+0800][1.873s][info][gc,phases   ] GC(18) Concurrent Select Relocation Set 0.450ms
[2026-06-18T16:36:42.829+0800][1.873s][info][gc,phases   ] GC(18) Concurrent Prepare Relocation Set 0.007ms
[2026-06-18T16:36:42.830+0800][1.874s][info][gc,phases   ] GC(18) Pause Relocate Start 0.163ms
[2026-06-18T16:36:42.831+0800][1.875s][info][gc,phases   ] GC(18) Concurrent Relocate 0.348ms
[2026-06-18T16:36:42.832+0800][1.876s][info][gc,load     ] GC(18) Load: 0.91/0.41/0.25
[2026-06-18T16:36:42.833+0800][1.877s][info][gc,mmu      ] GC(18) MMU: 2ms/64.2%, 5ms/85.7%, 10ms/90.8%, 20ms/94.4%, 50ms/97.1%, 100ms/98.3%
[2026-06-18T16:36:42.833+0800][1.878s][info][gc,marking  ] GC(18) Mark: 2 stripe(s), 2 proactive flush(es), 1 terminate flush(es), 0 completion(s), 0 continuation(s) 
[2026-06-18T16:36:42.834+0800][1.879s][info][gc,reloc    ] GC(18) Relocation: Successful, 24M relocated
[2026-06-18T16:36:42.836+0800][1.880s][info][gc,nmethod  ] GC(18) NMethods: 13 registered, 0 unregistered
[2026-06-18T16:36:42.837+0800][1.881s][info][gc,metaspace] GC(18) Metaspace: 3M used, 4M capacity, 4M committed, 8M reserved
[2026-06-18T16:36:42.838+0800][1.883s][info][gc,ref      ] GC(18) Soft: 43 encountered, 0 discovered, 0 enqueued
[2026-06-18T16:36:42.840+0800][1.884s][info][gc,ref      ] GC(18) Weak: 7 encountered, 2 discovered, 0 enqueued
[2026-06-18T16:36:42.840+0800][1.884s][info][gc,ref      ] GC(18) Final: 0 encountered, 0 discovered, 0 enqueued
[2026-06-18T16:36:42.841+0800][1.885s][info][gc,ref      ] GC(18) Phantom: 1 encountered, 1 discovered, 0 enqueued
[2026-06-18T16:36:42.842+0800][1.886s][info][gc,heap     ] GC(18)                Mark Start          Mark End        Relocate Start      Relocate End           High               Low         
[2026-06-18T16:36:42.843+0800][1.887s][info][gc,heap     ] GC(18)  Capacity:      256M (100%)        256M (100%)        256M (100%)        256M (100%)        256M (100%)        256M (100%)   
[2026-06-18T16:36:42.844+0800][1.888s][info][gc,heap     ] GC(18)   Reserve:       62M (24%)          62M (24%)          62M (24%)          62M (24%)          62M (24%)          62M (24%)    
[2026-06-18T16:36:42.844+0800][1.889s][info][gc,heap     ] GC(18)      Free:      144M (56%)         106M (41%)         108M (42%)         114M (45%)         144M (56%)         104M (41%)    
[2026-06-18T16:36:42.845+0800][1.889s][info][gc,heap     ] GC(18)      Used:       50M (20%)          88M (34%)          86M (34%)          80M (31%)          90M (35%)          50M (20%)    
[2026-06-18T16:36:42.846+0800][1.890s][info][gc,heap     ] GC(18)      Live:         -                26M (10%)          26M (10%)          26M (10%)            -                  -          
[2026-06-18T16:36:42.848+0800][1.892s][info][gc,heap     ] GC(18) Allocated:         -                38M (15%)          38M (15%)          42M (16%)            -                  -          
[2026-06-18T16:36:42.850+0800][1.894s][info][gc,heap     ] GC(18)   Garbage:         -                23M (9%)           21M (8%)           15M (6%)             -                  -          
[2026-06-18T16:36:42.851+0800][1.895s][info][gc,heap     ] GC(18) Reclaimed:         -                  -                 2M (1%)            8M (3%)             -                  -          
[2026-06-18T16:36:42.852+0800][1.896s][info][gc          ] GC(18) Garbage Collection (Allocation Rate) 50M(20%)->80M(31%)
[2026-06-18T16:36:42.918+0800][1.962s][info][gc,start    ] GC(19) Garbage Collection (Allocation Rate)
[2026-06-18T16:36:42.920+0800][1.965s][info][gc,phases   ] GC(19) Pause Mark Start 0.192ms
[2026-06-18T16:36:42.924+0800][1.969s][info][gc,phases   ] GC(19) Concurrent Mark 1.655ms
[2026-06-18T16:36:42.926+0800][1.970s][info][gc,phases   ] GC(19) Pause Mark End 0.277ms
[2026-06-18T16:36:42.930+0800][1.974s][info][gc,phases   ] GC(19) Concurrent Process Non-Strong References 0.101ms
[2026-06-18T16:36:42.931+0800][1.975s][info][gc,phases   ] GC(19) Concurrent Reset Relocation Set 0.001ms
[2026-06-18T16:36:42.934+0800][1.978s][info][gc,phases   ] GC(19) Concurrent Destroy Detached Pages 0.000ms
[2026-06-18T16:36:42.937+0800][1.981s][info][gc,phases   ] GC(19) Concurrent Select Relocation Set 0.481ms
[2026-06-18T16:36:42.938+0800][1.982s][info][gc,phases   ] GC(19) Concurrent Prepare Relocation Set 0.007ms
[2026-06-18T16:36:42.941+0800][1.985s][info][gc,phases   ] GC(19) Pause Relocate Start 0.135ms
[2026-06-18T16:36:42.943+0800][1.987s][info][gc,phases   ] GC(19) Concurrent Relocate 1.540ms
[2026-06-18T16:36:42.946+0800][1.990s][info][gc,load     ] GC(19) Load: 0.91/0.41/0.25
[2026-06-18T16:36:42.948+0800][1.992s][info][gc,mmu      ] GC(19) MMU: 2ms/64.2%, 5ms/85.7%, 10ms/90.8%, 20ms/94.4%, 50ms/97.1%, 100ms/98.3%
[2026-06-18T16:36:42.950+0800][1.994s][info][gc,marking  ] GC(19) Mark: 2 stripe(s), 1 proactive flush(es), 1 terminate flush(es), 0 completion(s), 0 continuation(s) 
[2026-06-18T16:36:42.952+0800][1.996s][info][gc,reloc    ] GC(19) Relocation: Successful, 24M relocated
[2026-06-18T16:36:42.954+0800][1.998s][info][gc,nmethod  ] GC(19) NMethods: 13 registered, 0 unregistered
[2026-06-18T16:36:42.956+0800][2.001s][info][gc,metaspace] GC(19) Metaspace: 3M used, 4M capacity, 4M committed, 8M reserved
[2026-06-18T16:36:42.958+0800][2.002s][info][gc,ref      ] GC(19) Soft: 43 encountered, 0 discovered, 0 enqueued
[2026-06-18T16:36:42.958+0800][2.003s][info][gc,ref      ] GC(19) Weak: 7 encountered, 0 discovered, 0 enqueued
[2026-06-18T16:36:42.960+0800][2.005s][info][gc,ref      ] GC(19) Final: 0 encountered, 0 discovered, 0 enqueued
[2026-06-18T16:36:42.962+0800][2.007s][info][gc,ref      ] GC(19) Phantom: 1 encountered, 0 discovered, 0 enqueued
[2026-06-18T16:36:42.964+0800][2.008s][info][gc,heap     ] GC(19)                Mark Start          Mark End        Relocate Start      Relocate End           High               Low         
[2026-06-18T16:36:42.965+0800][2.009s][info][gc,heap     ] GC(19)  Capacity:      256M (100%)        256M (100%)        256M (100%)        256M (100%)        256M (100%)        256M (100%)   
[2026-06-18T16:36:42.966+0800][2.010s][info][gc,heap     ] GC(19)   Reserve:       62M (24%)          62M (24%)          62M (24%)          62M (24%)          62M (24%)          62M (24%)    
[2026-06-18T16:36:42.967+0800][2.011s][info][gc,heap     ] GC(19)      Free:       80M (31%)          76M (30%)          68M (27%)         142M (55%)         142M (55%)          40M (16%)    
[2026-06-18T16:36:42.969+0800][2.013s][info][gc,heap     ] GC(19)      Used:      114M (45%)         118M (46%)         126M (49%)          52M (20%)         154M (60%)          52M (20%)    
[2026-06-18T16:36:42.970+0800][2.014s][info][gc,heap     ] GC(19)      Live:         -                24M (9%)           24M (9%)           24M (9%)             -                  -          
[2026-06-18T16:36:42.971+0800][2.015s][info][gc,heap     ] GC(19) Allocated:         -                 4M (2%)           40M (16%)          50M (20%)            -                  -          
[2026-06-18T16:36:42.972+0800][2.016s][info][gc,heap     ] GC(19)   Garbage:         -                89M (35%)          61M (24%)    17592186044403M (6         -                  -          
[2026-06-18T16:36:42.973+0800][2.017s][info][gc,heap     ] GC(19) Reclaimed:         -                  -                28M (11%)         102M (40%)            -                  -          
[2026-06-18T16:36:42.975+0800][2.020s][info][gc          ] GC(19) Garbage Collection (Allocation Rate) 114M(45%)->52M(20%)
[2026-06-18T16:36:43.018+0800][2.063s][info][gc,start    ] GC(20) Garbage Collection (Allocation Rate)
[2026-06-18T16:36:43.023+0800][2.068s][info][gc,phases   ] GC(20) Pause Mark Start 0.330ms
[2026-06-18T16:36:43.027+0800][2.071s][info][gc,phases   ] GC(20) Concurrent Mark 1.766ms
[2026-06-18T16:36:43.030+0800][2.074s][info][gc,phases   ] GC(20) Pause Mark End 0.382ms
[2026-06-18T16:36:43.034+0800][2.078s][info][gc,phases   ] GC(20) Concurrent Process Non-Strong References 0.217ms
[2026-06-18T16:36:43.036+0800][2.080s][info][gc,phases   ] GC(20) Concurrent Reset Relocation Set 0.005ms
[2026-06-18T16:36:43.040+0800][2.085s][info][gc,phases   ] GC(20) Concurrent Destroy Detached Pages 0.001ms
[2026-06-18T16:36:43.045+0800][2.089s][info][gc,phases   ] GC(20) Concurrent Select Relocation Set 0.987ms
[2026-06-18T16:36:43.046+0800][2.090s][info][gc,phases   ] GC(20) Concurrent Prepare Relocation Set 0.019ms
[2026-06-18T16:36:43.049+0800][2.093s][info][gc,phases   ] GC(20) Pause Relocate Start 0.390ms
[2026-06-18T16:36:43.052+0800][2.096s][info][gc,phases   ] GC(20) Concurrent Relocate 0.981ms
[2026-06-18T16:36:43.054+0800][2.098s][info][gc,load     ] GC(20) Load: 0.91/0.41/0.25
[2026-06-18T16:36:43.056+0800][2.100s][info][gc,mmu      ] GC(20) MMU: 2ms/64.2%, 5ms/85.7%, 10ms/90.8%, 20ms/94.4%, 50ms/97.1%, 100ms/98.3%
[2026-06-18T16:36:43.059+0800][2.103s][info][gc,marking  ] GC(20) Mark: 2 stripe(s), 2 proactive flush(es), 1 terminate flush(es), 0 completion(s), 0 continuation(s) 
[2026-06-18T16:36:43.063+0800][2.108s][info][gc,reloc    ] GC(20) Relocation: Successful, 21M relocated
[2026-06-18T16:36:43.067+0800][2.112s][info][gc,nmethod  ] GC(20) NMethods: 13 registered, 0 unregistered
[2026-06-18T16:36:43.071+0800][2.115s][info][gc,metaspace] GC(20) Metaspace: 3M used, 4M capacity, 4M committed, 8M reserved
[2026-06-18T16:36:43.073+0800][2.117s][info][gc,ref      ] GC(20) Soft: 43 encountered, 0 discovered, 0 enqueued
[2026-06-18T16:36:43.074+0800][2.119s][info][gc,ref      ] GC(20) Weak: 7 encountered, 2 discovered, 0 enqueued
[2026-06-18T16:36:43.077+0800][2.121s][info][gc,ref      ] GC(20) Final: 0 encountered, 0 discovered, 0 enqueued
[2026-06-18T16:36:43.079+0800][2.123s][info][gc,ref      ] GC(20) Phantom: 1 encountered, 1 discovered, 0 enqueued
[2026-06-18T16:36:43.081+0800][2.125s][info][gc,heap     ] GC(20)                Mark Start          Mark End        Relocate Start      Relocate End           High               Low         
[2026-06-18T16:36:43.084+0800][2.128s][info][gc,heap     ] GC(20)  Capacity:      256M (100%)        256M (100%)        256M (100%)        256M (100%)        256M (100%)        256M (100%)   
[2026-06-18T16:36:43.087+0800][2.131s][info][gc,heap     ] GC(20)   Reserve:       62M (24%)          62M (24%)          62M (24%)          62M (24%)          62M (24%)          62M (24%)    
[2026-06-18T16:36:43.088+0800][2.133s][info][gc,heap     ] GC(20)      Free:      110M (43%)         110M (43%)         100M (39%)         110M (43%)         136M (53%)          96M (38%)    
[2026-06-18T16:36:43.093+0800][2.137s][info][gc,heap     ] GC(20)      Used:       84M (33%)          84M (33%)          94M (37%)          84M (33%)          98M (38%)          58M (23%)    
[2026-06-18T16:36:43.095+0800][2.139s][info][gc,heap     ] GC(20)      Live:         -                25M (10%)          25M (10%)          25M (10%)            -                  -          
[2026-06-18T16:36:43.098+0800][2.142s][info][gc,heap     ] GC(20) Allocated:         -                 0M (0%)           40M (16%)          46M (18%)            -                  -          
[2026-06-18T16:36:43.101+0800][2.146s][info][gc,heap     ] GC(20)   Garbage:         -                58M (23%)          28M (11%)          18M (7%)             -                  -          
[2026-06-18T16:36:43.104+0800][2.148s][info][gc,heap     ] GC(20) Reclaimed:         -                  -                30M (12%)          40M (16%)            -                  -          
[2026-06-18T16:36:43.106+0800][2.151s][info][gc          ] GC(20) Garbage Collection (Allocation Rate) 84M(33%)->84M(33%)
[2026-06-18T16:36:43.118+0800][2.163s][info][gc,start    ] GC(21) Garbage Collection (Allocation Rate)
[2026-06-18T16:36:43.122+0800][2.166s][info][gc,phases   ] GC(21) Pause Mark Start 0.162ms
[2026-06-18T16:36:43.125+0800][2.169s][info][gc,phases   ] GC(21) Concurrent Mark 1.631ms
[2026-06-18T16:36:43.130+0800][2.174s][info][gc,phases   ] GC(21) Pause Mark End 0.554ms
[2026-06-18T16:36:43.132+0800][2.176s][info][gc,phases   ] GC(21) Concurrent Process Non-Strong References 0.178ms
[2026-06-18T16:36:43.135+0800][2.179s][info][gc,phases   ] GC(21) Concurrent Reset Relocation Set 0.007ms
[2026-06-18T16:36:43.137+0800][2.181s][info][gc,phases   ] GC(21) Concurrent Destroy Detached Pages 0.001ms
[2026-06-18T16:36:43.138+0800][2.183s][info][gc,phases   ] GC(21) Concurrent Select Relocation Set 0.432ms
[2026-06-18T16:36:43.140+0800][2.184s][info][gc,phases   ] GC(21) Concurrent Prepare Relocation Set 0.016ms
[2026-06-18T16:36:43.142+0800][2.186s][info][gc,phases   ] GC(21) Pause Relocate Start 0.204ms
[2026-06-18T16:36:43.145+0800][2.189s][info][gc,phases   ] GC(21) Concurrent Relocate 1.831ms
[2026-06-18T16:36:43.147+0800][2.191s][info][gc,load     ] GC(21) Load: 0.91/0.41/0.25
[2026-06-18T16:36:43.148+0800][2.192s][info][gc,mmu      ] GC(21) MMU: 2ms/64.2%, 5ms/85.7%, 10ms/90.8%, 20ms/94.4%, 50ms/97.1%, 100ms/98.3%
[2026-06-18T16:36:43.149+0800][2.193s][info][gc,marking  ] GC(21) Mark: 2 stripe(s), 1 proactive flush(es), 1 terminate flush(es), 0 completion(s), 0 continuation(s) 
[2026-06-18T16:36:43.152+0800][2.196s][info][gc,reloc    ] GC(21) Relocation: Successful, 23M relocated
[2026-06-18T16:36:43.154+0800][2.198s][info][gc,nmethod  ] GC(21) NMethods: 13 registered, 0 unregistered
[2026-06-18T16:36:43.155+0800][2.199s][info][gc,metaspace] GC(21) Metaspace: 3M used, 4M capacity, 4M committed, 8M reserved
[2026-06-18T16:36:43.159+0800][2.203s][info][gc,ref      ] GC(21) Soft: 43 encountered, 0 discovered, 0 enqueued
[2026-06-18T16:36:43.161+0800][2.205s][info][gc,ref      ] GC(21) Weak: 7 encountered, 2 discovered, 0 enqueued
[2026-06-18T16:36:43.163+0800][2.207s][info][gc,ref      ] GC(21) Final: 0 encountered, 0 discovered, 0 enqueued
[2026-06-18T16:36:43.165+0800][2.209s][info][gc,ref      ] GC(21) Phantom: 1 encountered, 0 discovered, 0 enqueued
[2026-06-18T16:36:43.167+0800][2.211s][info][gc,heap     ] GC(21)                Mark Start          Mark End        Relocate Start      Relocate End           High               Low         
[2026-06-18T16:36:43.170+0800][2.215s][info][gc,heap     ] GC(21)  Capacity:      256M (100%)        256M (100%)        256M (100%)        256M (100%)        256M (100%)        256M (100%)   
[2026-06-18T16:36:43.173+0800][2.217s][info][gc,heap     ] GC(21)   Reserve:       62M (24%)          62M (24%)          62M (24%)          62M (24%)          62M (24%)          62M (24%)    
[2026-06-18T16:36:43.174+0800][2.218s][info][gc,heap     ] GC(21)      Free:       82M (32%)          78M (30%)          74M (29%)         144M (56%)         144M (56%)          68M (27%)    
[2026-06-18T16:36:43.176+0800][2.220s][info][gc,heap     ] GC(21)      Used:      112M (44%)         116M (45%)         120M (47%)          50M (20%)         126M (49%)          50M (20%)    
[2026-06-18T16:36:43.178+0800][2.223s][info][gc,heap     ] GC(21)      Live:         -                23M (9%)           23M (9%)           23M (9%)             -                  -          
[2026-06-18T16:36:43.180+0800][2.224s][info][gc,heap     ] GC(21) Allocated:         -                 4M (2%)           40M (16%)          48M (19%)            -                  -          
[2026-06-18T16:36:43.182+0800][2.226s][info][gc,heap     ] GC(21)   Garbage:         -                88M (34%)          56M (22%)    17592186044402M (6         -                  -          
[2026-06-18T16:36:43.183+0800][2.227s][info][gc,heap     ] GC(21) Reclaimed:         -                  -                32M (12%)         102M (40%)            -                  -          
[2026-06-18T16:36:43.185+0800][2.230s][info][gc          ] GC(21) Garbage Collection (Allocation Rate) 112M(44%)->50M(20%)
[2026-06-18T16:36:43.219+0800][2.263s][info][gc,start    ] GC(22) Garbage Collection (Allocation Rate)
[2026-06-18T16:36:43.223+0800][2.268s][info][gc,phases   ] GC(22) Pause Mark Start 0.310ms
[2026-06-18T16:36:43.229+0800][2.274s][info][gc,phases   ] GC(22) Concurrent Mark 2.184ms
[2026-06-18T16:36:43.234+0800][2.278s][info][gc,phases   ] GC(22) Pause Mark End 0.553ms
[2026-06-18T16:36:43.236+0800][2.281s][info][gc,phases   ] GC(22) Concurrent Process Non-Strong References 0.235ms
[2026-06-18T16:36:43.239+0800][2.283s][info][gc,phases   ] GC(22) Concurrent Reset Relocation Set 0.003ms
[2026-06-18T16:36:43.242+0800][2.287s][info][gc,phases   ] GC(22) Concurrent Destroy Detached Pages 0.002ms
[2026-06-18T16:36:43.248+0800][2.292s][info][gc,phases   ] GC(22) Concurrent Select Relocation Set 1.677ms
[2026-06-18T16:36:43.253+0800][2.298s][info][gc,phases   ] GC(22) Concurrent Prepare Relocation Set 0.015ms
[2026-06-18T16:36:43.256+0800][2.300s][info][gc,phases   ] GC(22) Pause Relocate Start 0.148ms
[2026-06-18T16:36:43.261+0800][2.305s][info][gc,phases   ] GC(22) Concurrent Relocate 0.537ms
[2026-06-18T16:36:43.264+0800][2.308s][info][gc,load     ] GC(22) Load: 0.91/0.41/0.25
[2026-06-18T16:36:43.268+0800][2.312s][info][gc,mmu      ] GC(22) MMU: 2ms/64.2%, 5ms/85.7%, 10ms/90.8%, 20ms/94.4%, 50ms/97.1%, 100ms/98.3%
[2026-06-18T16:36:43.273+0800][2.317s][info][gc,marking  ] GC(22) Mark: 2 stripe(s), 2 proactive flush(es), 1 terminate flush(es), 0 completion(s), 0 continuation(s) 
[2026-06-18T16:36:43.277+0800][2.321s][info][gc,reloc    ] GC(22) Relocation: Successful, 17M relocated
[2026-06-18T16:36:43.280+0800][2.325s][info][gc,nmethod  ] GC(22) NMethods: 13 registered, 0 unregistered
[2026-06-18T16:36:43.282+0800][2.326s][info][gc,metaspace] GC(22) Metaspace: 3M used, 4M capacity, 4M committed, 8M reserved
[2026-06-18T16:36:43.286+0800][2.330s][info][gc,ref      ] GC(22) Soft: 43 encountered, 0 discovered, 0 enqueued
[2026-06-18T16:36:43.288+0800][2.333s][info][gc,ref      ] GC(22) Weak: 7 encountered, 2 discovered, 0 enqueued
[2026-06-18T16:36:43.292+0800][2.337s][info][gc,ref      ] GC(22) Final: 0 encountered, 0 discovered, 0 enqueued
[2026-06-18T16:36:43.296+0800][2.340s][info][gc,ref      ] GC(22) Phantom: 1 encountered, 1 discovered, 0 enqueued
[2026-06-18T16:36:43.301+0800][2.346s][info][gc,heap     ] GC(22)                Mark Start          Mark End        Relocate Start      Relocate End           High               Low         
[2026-06-18T16:36:43.304+0800][2.348s][info][gc,heap     ] GC(22)  Capacity:      256M (100%)        256M (100%)        256M (100%)        256M (100%)        256M (100%)        256M (100%)   
[2026-06-18T16:36:43.305+0800][2.349s][info][gc,heap     ] GC(22)   Reserve:       62M (24%)          62M (24%)          62M (24%)          62M (24%)          62M (24%)          62M (24%)    
[2026-06-18T16:36:43.310+0800][2.354s][info][gc,heap     ] GC(22)      Free:      116M (45%)         112M (44%)          98M (38%)         106M (41%)         116M (45%)          74M (29%)    
[2026-06-18T16:36:43.313+0800][2.357s][info][gc,heap     ] GC(22)      Used:       78M (30%)          82M (32%)          96M (38%)          88M (34%)         120M (47%)          78M (30%)    
[2026-06-18T16:36:43.316+0800][2.360s][info][gc,heap     ] GC(22)      Live:         -                19M (8%)           19M (8%)           19M (8%)             -                  -          
[2026-06-18T16:36:43.319+0800][2.363s][info][gc,heap     ] GC(22) Allocated:         -                 4M (2%)           44M (17%)          54M (21%)            -                  -          
[2026-06-18T16:36:43.322+0800][2.366s][info][gc,heap     ] GC(22)   Garbage:         -                58M (23%)          32M (13%)          20M (8%)             -                  -          
[2026-06-18T16:36:43.324+0800][2.369s][info][gc,heap     ] GC(22) Reclaimed:         -                  -                26M (10%)          38M (15%)            -                  -          
[2026-06-18T16:36:43.328+0800][2.372s][info][gc          ] GC(22) Garbage Collection (Allocation Rate) 78M(30%)->88M(34%)
[2026-06-18T16:36:43.383+0800][2.427s][info][gc,heap     ] Page Cache Flushed: 2M requested, 32M(64M->32M) flushed
[2026-06-18T16:36:43.418+0800][2.462s][info][gc,start    ] GC(23) Garbage Collection (Allocation Rate)
[2026-06-18T16:36:43.420+0800][2.464s][info][gc,phases   ] GC(23) Pause Mark Start 0.159ms
[2026-06-18T16:36:43.423+0800][2.467s][info][gc,phases   ] GC(23) Concurrent Mark 1.445ms
[2026-06-18T16:36:43.424+0800][2.468s][info][gc,phases   ] GC(23) Pause Mark End 0.271ms
[2026-06-18T16:36:43.425+0800][2.469s][info][gc,phases   ] GC(23) Concurrent Process Non-Strong References 0.097ms
[2026-06-18T16:36:43.426+0800][2.470s][info][gc,phases   ] GC(23) Concurrent Reset Relocation Set 0.002ms
[2026-06-18T16:36:43.426+0800][2.471s][info][gc,phases   ] GC(23) Concurrent Destroy Detached Pages 0.001ms
[2026-06-18T16:36:43.428+0800][2.472s][info][gc,phases   ] GC(23) Concurrent Select Relocation Set 0.520ms
[2026-06-18T16:36:43.428+0800][2.472s][info][gc,phases   ] GC(23) Concurrent Prepare Relocation Set 0.008ms
[2026-06-18T16:36:43.429+0800][2.473s][info][gc,phases   ] GC(23) Pause Relocate Start 0.141ms
[2026-06-18T16:36:43.431+0800][2.475s][info][gc,phases   ] GC(23) Concurrent Relocate 1.161ms
[2026-06-18T16:36:43.432+0800][2.476s][info][gc,load     ] GC(23) Load: 0.91/0.41/0.25
[2026-06-18T16:36:43.432+0800][2.476s][info][gc,mmu      ] GC(23) MMU: 2ms/64.2%, 5ms/85.7%, 10ms/90.8%, 20ms/94.4%, 50ms/97.1%, 100ms/98.3%
[2026-06-18T16:36:43.433+0800][2.477s][info][gc,marking  ] GC(23) Mark: 2 stripe(s), 1 proactive flush(es), 1 terminate flush(es), 0 completion(s), 0 continuation(s) 
[2026-06-18T16:36:43.433+0800][2.478s][info][gc,reloc    ] GC(23) Relocation: Successful, 20M relocated
[2026-06-18T16:36:43.434+0800][2.478s][info][gc,nmethod  ] GC(23) NMethods: 14 registered, 0 unregistered
[2026-06-18T16:36:43.435+0800][2.479s][info][gc,metaspace] GC(23) Metaspace: 3M used, 4M capacity, 4M committed, 8M reserved
[2026-06-18T16:36:43.435+0800][2.480s][info][gc,ref      ] GC(23) Soft: 43 encountered, 0 discovered, 0 enqueued
[2026-06-18T16:36:43.436+0800][2.480s][info][gc,ref      ] GC(23) Weak: 7 encountered, 2 discovered, 0 enqueued
[2026-06-18T16:36:43.437+0800][2.481s][info][gc,ref      ] GC(23) Final: 0 encountered, 0 discovered, 0 enqueued
[2026-06-18T16:36:43.437+0800][2.482s][info][gc,ref      ] GC(23) Phantom: 1 encountered, 1 discovered, 0 enqueued
[2026-06-18T16:36:43.438+0800][2.482s][info][gc,heap     ] GC(23)                Mark Start          Mark End        Relocate Start      Relocate End           High               Low         
[2026-06-18T16:36:43.439+0800][2.483s][info][gc,heap     ] GC(23)  Capacity:      256M (100%)        256M (100%)        256M (100%)        256M (100%)        256M (100%)        256M (100%)   
[2026-06-18T16:36:43.440+0800][2.484s][info][gc,heap     ] GC(23)   Reserve:       62M (24%)          62M (24%)          62M (24%)          62M (24%)          62M (24%)          62M (24%)    
[2026-06-18T16:36:43.441+0800][2.485s][info][gc,heap     ] GC(23)      Free:       50M (20%)          50M (20%)          98M (38%)         144M (56%)         144M (56%)          50M (20%)    
[2026-06-18T16:36:43.441+0800][2.486s][info][gc,heap     ] GC(23)      Used:      144M (56%)         144M (56%)          96M (38%)          50M (20%)         144M (56%)          50M (20%)    
[2026-06-18T16:36:43.442+0800][2.486s][info][gc,heap     ] GC(23)      Live:         -                20M (8%)           20M (8%)           20M (8%)             -                  -          
[2026-06-18T16:36:43.443+0800][2.487s][info][gc,heap     ] GC(23) Allocated:         -                 0M (0%)            4M (2%)           48M (19%)            -                  -          
[2026-06-18T16:36:43.444+0800][2.488s][info][gc,heap     ] GC(23)   Garbage:         -               123M (48%)          71M (28%)          25M (10%)            -                  -          
[2026-06-18T16:36:43.444+0800][2.489s][info][gc,heap     ] GC(23) Reclaimed:         -                  -                52M (20%)          98M (38%)            -                  -          
[2026-06-18T16:36:43.445+0800][2.489s][info][gc          ] GC(23) Garbage Collection (Allocation Rate) 144M(56%)->50M(20%)
[2026-06-18T16:36:43.518+0800][2.562s][info][gc,start    ] GC(24) Garbage Collection (Allocation Rate)
[2026-06-18T16:36:43.523+0800][2.567s][info][gc,phases   ] GC(24) Pause Mark Start 0.431ms
[2026-06-18T16:36:43.527+0800][2.571s][info][gc,phases   ] GC(24) Concurrent Mark 1.862ms
[2026-06-18T16:36:43.530+0800][2.574s][info][gc,phases   ] GC(24) Pause Mark End 0.265ms
[2026-06-18T16:36:43.534+0800][2.578s][info][gc,phases   ] GC(24) Concurrent Process Non-Strong References 0.092ms
[2026-06-18T16:36:43.536+0800][2.580s][info][gc,phases   ] GC(24) Concurrent Reset Relocation Set 0.004ms
[2026-06-18T16:36:43.540+0800][2.584s][info][gc,phases   ] GC(24) Concurrent Destroy Detached Pages 0.001ms
[2026-06-18T16:36:43.545+0800][2.590s][info][gc,phases   ] GC(24) Concurrent Select Relocation Set 1.531ms
[2026-06-18T16:36:43.547+0800][2.592s][info][gc,phases   ] GC(24) Concurrent Prepare Relocation Set 0.005ms
[2026-06-18T16:36:43.550+0800][2.594s][info][gc,phases   ] GC(24) Pause Relocate Start 0.367ms
[2026-06-18T16:36:43.552+0800][2.596s][info][gc,phases   ] GC(24) Concurrent Relocate 0.345ms
[2026-06-18T16:36:43.556+0800][2.600s][info][gc,load     ] GC(24) Load: 0.91/0.41/0.25
[2026-06-18T16:36:43.558+0800][2.602s][info][gc,mmu      ] GC(24) MMU: 2ms/64.2%, 5ms/85.7%, 10ms/90.8%, 20ms/94.4%, 50ms/97.1%, 100ms/98.3%
[2026-06-18T16:36:43.561+0800][2.606s][info][gc,marking  ] GC(24) Mark: 2 stripe(s), 2 proactive flush(es), 1 terminate flush(es), 0 completion(s), 0 continuation(s) 
[2026-06-18T16:36:43.564+0800][2.608s][info][gc,reloc    ] GC(24) Relocation: Successful, 24M relocated
[2026-06-18T16:36:43.565+0800][2.609s][info][gc,nmethod  ] GC(24) NMethods: 14 registered, 0 unregistered
[2026-06-18T16:36:43.566+0800][2.611s][info][gc,metaspace] GC(24) Metaspace: 3M used, 4M capacity, 4M committed, 8M reserved
[2026-06-18T16:36:43.568+0800][2.612s][info][gc,ref      ] GC(24) Soft: 43 encountered, 0 discovered, 0 enqueued
[2026-06-18T16:36:43.569+0800][2.613s][info][gc,ref      ] GC(24) Weak: 7 encountered, 2 discovered, 0 enqueued
[2026-06-18T16:36:43.570+0800][2.615s][info][gc,ref      ] GC(24) Final: 0 encountered, 0 discovered, 0 enqueued
[2026-06-18T16:36:43.572+0800][2.616s][info][gc,ref      ] GC(24) Phantom: 1 encountered, 1 discovered, 0 enqueued
[2026-06-18T16:36:43.573+0800][2.617s][info][gc,heap     ] GC(24)                Mark Start          Mark End        Relocate Start      Relocate End           High               Low         
[2026-06-18T16:36:43.575+0800][2.619s][info][gc,heap     ] GC(24)  Capacity:      256M (100%)        256M (100%)        256M (100%)        256M (100%)        256M (100%)        256M (100%)   
[2026-06-18T16:36:43.577+0800][2.621s][info][gc,heap     ] GC(24)   Reserve:       62M (24%)          62M (24%)          62M (24%)          62M (24%)          62M (24%)          62M (24%)    
[2026-06-18T16:36:43.579+0800][2.623s][info][gc,heap     ] GC(24)      Free:      114M (45%)         110M (43%)          94M (37%)         104M (41%)         114M (45%)          74M (29%)    
[2026-06-18T16:36:43.581+0800][2.625s][info][gc,heap     ] GC(24)      Used:       80M (31%)          84M (33%)         100M (39%)          90M (35%)         120M (47%)          80M (31%)    
[2026-06-18T16:36:43.583+0800][2.627s][info][gc,heap     ] GC(24)      Live:         -                27M (11%)          27M (11%)          27M (11%)            -                  -          
[2026-06-18T16:36:43.585+0800][2.629s][info][gc,heap     ] GC(24) Allocated:         -                 4M (2%)           44M (17%)          50M (20%)            -                  -          
[2026-06-18T16:36:43.586+0800][2.630s][info][gc,heap     ] GC(24)   Garbage:         -                52M (20%)          28M (11%)          18M (7%)             -                  -          
[2026-06-18T16:36:43.587+0800][2.631s][info][gc,heap     ] GC(24) Reclaimed:         -                  -                24M (9%)           34M (13%)            -                  -          
[2026-06-18T16:36:43.589+0800][2.633s][info][gc          ] GC(24) Garbage Collection (Allocation Rate) 80M(31%)->90M(35%)
[2026-06-18T16:36:43.618+0800][2.663s][info][gc,start    ] GC(25) Garbage Collection (Allocation Rate)
[2026-06-18T16:36:43.623+0800][2.667s][info][gc,phases   ] GC(25) Pause Mark Start 0.445ms
[2026-06-18T16:36:43.627+0800][2.671s][info][gc,phases   ] GC(25) Concurrent Mark 1.613ms
[2026-06-18T16:36:43.630+0800][2.674s][info][gc,phases   ] GC(25) Pause Mark End 0.358ms
[2026-06-18T16:36:43.632+0800][2.676s][info][gc,phases   ] GC(25) Concurrent Process Non-Strong References 0.103ms
[2026-06-18T16:36:43.635+0800][2.679s][info][gc,phases   ] GC(25) Concurrent Reset Relocation Set 0.002ms
[2026-06-18T16:36:43.636+0800][2.680s][info][gc,phases   ] GC(25) Concurrent Destroy Detached Pages 0.001ms
[2026-06-18T16:36:43.640+0800][2.684s][info][gc,phases   ] GC(25) Concurrent Select Relocation Set 1.870ms
[2026-06-18T16:36:43.642+0800][2.686s][info][gc,phases   ] GC(25) Concurrent Prepare Relocation Set 0.008ms
[2026-06-18T16:36:43.644+0800][2.688s][info][gc,phases   ] GC(25) Pause Relocate Start 0.483ms
[2026-06-18T16:36:43.650+0800][2.694s][info][gc,phases   ] GC(25) Concurrent Relocate 2.662ms
[2026-06-18T16:36:43.651+0800][2.695s][info][gc,load     ] GC(25) Load: 0.91/0.41/0.25
[2026-06-18T16:36:43.653+0800][2.697s][info][gc,mmu      ] GC(25) MMU: 2ms/64.2%, 5ms/85.7%, 10ms/90.8%, 20ms/94.4%, 50ms/97.1%, 100ms/98.3%
[2026-06-18T16:36:43.654+0800][2.698s][info][gc,marking  ] GC(25) Mark: 2 stripe(s), 1 proactive flush(es), 1 terminate flush(es), 0 completion(s), 0 continuation(s) 
[2026-06-18T16:36:43.655+0800][2.699s][info][gc,reloc    ] GC(25) Relocation: Successful, 25M relocated
[2026-06-18T16:36:43.655+0800][2.700s][info][gc,nmethod  ] GC(25) NMethods: 14 registered, 0 unregistered
[2026-06-18T16:36:43.656+0800][2.700s][info][gc,metaspace] GC(25) Metaspace: 3M used, 4M capacity, 4M committed, 8M reserved
[2026-06-18T16:36:43.657+0800][2.701s][info][gc,ref      ] GC(25) Soft: 43 encountered, 0 discovered, 0 enqueued
[2026-06-18T16:36:43.658+0800][2.702s][info][gc,ref      ] GC(25) Weak: 7 encountered, 2 discovered, 0 enqueued
[2026-06-18T16:36:43.659+0800][2.703s][info][gc,ref      ] GC(25) Final: 0 encountered, 0 discovered, 0 enqueued
[2026-06-18T16:36:43.659+0800][2.704s][info][gc,ref      ] GC(25) Phantom: 1 encountered, 1 discovered, 0 enqueued
[2026-06-18T16:36:43.660+0800][2.705s][info][gc,heap     ] GC(25)                Mark Start          Mark End        Relocate Start      Relocate End           High               Low         
[2026-06-18T16:36:43.661+0800][2.705s][info][gc,heap     ] GC(25)  Capacity:      256M (100%)        256M (100%)        256M (100%)        256M (100%)        256M (100%)        256M (100%)   
[2026-06-18T16:36:43.662+0800][2.706s][info][gc,heap     ] GC(25)   Reserve:       62M (24%)          62M (24%)          62M (24%)          62M (24%)          62M (24%)          62M (24%)    
[2026-06-18T16:36:43.664+0800][2.708s][info][gc,heap     ] GC(25)      Free:       76M (30%)          76M (30%)          74M (29%)         144M (56%)         144M (56%)          38M (15%)    
[2026-06-18T16:36:43.665+0800][2.709s][info][gc,heap     ] GC(25)      Used:      118M (46%)         118M (46%)         120M (47%)          50M (20%)         156M (61%)          50M (20%)    
[2026-06-18T16:36:43.666+0800][2.711s][info][gc,heap     ] GC(25)      Live:         -                25M (10%)          25M (10%)          25M (10%)            -                  -          
[2026-06-18T16:36:43.668+0800][2.712s][info][gc,heap     ] GC(25) Allocated:         -                 0M (0%)           38M (15%)          48M (19%)            -                  -          
[2026-06-18T16:36:43.669+0800][2.713s][info][gc,heap     ] GC(25)   Garbage:         -                92M (36%)          56M (22%)    17592186044400M (6         -                  -          
[2026-06-18T16:36:43.670+0800][2.714s][info][gc,heap     ] GC(25) Reclaimed:         -                  -                36M (14%)         108M (42%)            -                  -          
[2026-06-18T16:36:43.671+0800][2.715s][info][gc          ] GC(25) Garbage Collection (Allocation Rate) 118M(46%)->50M(20%)
[2026-06-18T16:36:43.719+0800][2.763s][info][gc,start    ] GC(26) Garbage Collection (Allocation Rate)
[2026-06-18T16:36:43.722+0800][2.766s][info][gc,phases   ] GC(26) Pause Mark Start 0.559ms
[2026-06-18T16:36:43.726+0800][2.770s][info][gc,phases   ] GC(26) Concurrent Mark 1.686ms
[2026-06-18T16:36:43.729+0800][2.773s][info][gc,phases   ] GC(26) Pause Mark End 0.292ms
[2026-06-18T16:36:43.732+0800][2.776s][info][gc,phases   ] GC(26) Concurrent Process Non-Strong References 0.585ms
[2026-06-18T16:36:43.733+0800][2.777s][info][gc,phases   ] GC(26) Concurrent Reset Relocation Set 0.003ms
[2026-06-18T16:36:43.735+0800][2.779s][info][gc,phases   ] GC(26) Concurrent Destroy Detached Pages 0.001ms
[2026-06-18T16:36:43.737+0800][2.782s][info][gc,phases   ] GC(26) Concurrent Select Relocation Set 0.975ms
[2026-06-18T16:36:43.739+0800][2.784s][info][gc,phases   ] GC(26) Concurrent Prepare Relocation Set 0.066ms
[2026-06-18T16:36:43.741+0800][2.785s][info][gc,phases   ] GC(26) Pause Relocate Start 0.316ms
[2026-06-18T16:36:43.744+0800][2.788s][info][gc,phases   ] GC(26) Concurrent Relocate 0.877ms
[2026-06-18T16:36:43.746+0800][2.790s][info][gc,load     ] GC(26) Load: 0.91/0.41/0.25
[2026-06-18T16:36:43.747+0800][2.791s][info][gc,mmu      ] GC(26) MMU: 2ms/64.2%, 5ms/85.7%, 10ms/90.8%, 20ms/94.3%, 50ms/97.1%, 100ms/98.2%
[2026-06-18T16:36:43.749+0800][2.793s][info][gc,marking  ] GC(26) Mark: 2 stripe(s), 2 proactive flush(es), 1 terminate flush(es), 0 completion(s), 0 continuation(s) 
[2026-06-18T16:36:43.751+0800][2.795s][info][gc,reloc    ] GC(26) Relocation: Successful, 22M relocated
[2026-06-18T16:36:43.753+0800][2.797s][info][gc,nmethod  ] GC(26) NMethods: 14 registered, 0 unregistered
[2026-06-18T16:36:43.754+0800][2.798s][info][gc,metaspace] GC(26) Metaspace: 3M used, 4M capacity, 4M committed, 8M reserved
[2026-06-18T16:36:43.755+0800][2.800s][info][gc,ref      ] GC(26) Soft: 43 encountered, 0 discovered, 0 enqueued
[2026-06-18T16:36:43.757+0800][2.801s][info][gc,ref      ] GC(26) Weak: 7 encountered, 2 discovered, 0 enqueued
[2026-06-18T16:36:43.758+0800][2.803s][info][gc,ref      ] GC(26) Final: 0 encountered, 0 discovered, 0 enqueued
[2026-06-18T16:36:43.760+0800][2.804s][info][gc,ref      ] GC(26) Phantom: 1 encountered, 1 discovered, 0 enqueued
[2026-06-18T16:36:43.761+0800][2.805s][info][gc,heap     ] GC(26)                Mark Start          Mark End        Relocate Start      Relocate End           High               Low         
[2026-06-18T16:36:43.763+0800][2.807s][info][gc,heap     ] GC(26)  Capacity:      256M (100%)        256M (100%)        256M (100%)        256M (100%)        256M (100%)        256M (100%)   
[2026-06-18T16:36:43.765+0800][2.809s][info][gc,heap     ] GC(26)   Reserve:       62M (24%)          62M (24%)          62M (24%)          62M (24%)          62M (24%)          62M (24%)    
[2026-06-18T16:36:43.767+0800][2.811s][info][gc,heap     ] GC(26)      Free:      120M (47%)         116M (45%)         102M (40%)         112M (44%)         120M (47%)          78M (30%)    
[2026-06-18T16:36:43.769+0800][2.813s][info][gc,heap     ] GC(26)      Used:       74M (29%)          78M (30%)          92M (36%)          82M (32%)         116M (45%)          74M (29%)    
[2026-06-18T16:36:43.771+0800][2.815s][info][gc,heap     ] GC(26)      Live:         -                22M (9%)           22M (9%)           22M (9%)             -                  -          
[2026-06-18T16:36:43.773+0800][2.818s][info][gc,heap     ] GC(26) Allocated:         -                 4M (2%)           42M (16%)          50M (20%)            -                  -          
[2026-06-18T16:36:43.776+0800][2.821s][info][gc,heap     ] GC(26)   Garbage:         -                51M (20%)          27M (11%)          17M (7%)             -                  -          
[2026-06-18T16:36:43.778+0800][2.823s][info][gc,heap     ] GC(26) Reclaimed:         -                  -                24M (9%)           34M (13%)            -                  -          
[2026-06-18T16:36:43.781+0800][2.825s][info][gc          ] GC(26) Garbage Collection (Allocation Rate) 74M(29%)->82M(32%)
[2026-06-18T16:36:43.819+0800][2.863s][info][gc,start    ] GC(27) Garbage Collection (Allocation Rate)
[2026-06-18T16:36:43.823+0800][2.867s][info][gc,phases   ] GC(27) Pause Mark Start 0.506ms
[2026-06-18T16:36:43.826+0800][2.871s][info][gc,phases   ] GC(27) Concurrent Mark 1.544ms
[2026-06-18T16:36:43.832+0800][2.876s][info][gc,phases   ] GC(27) Pause Mark End 0.942ms
[2026-06-18T16:36:43.834+0800][2.878s][info][gc,phases   ] GC(27) Concurrent Process Non-Strong References 0.210ms
[2026-06-18T16:36:43.836+0800][2.880s][info][gc,phases   ] GC(27) Concurrent Reset Relocation Set 0.005ms
[2026-06-18T16:36:43.838+0800][2.882s][info][gc,phases   ] GC(27) Concurrent Destroy Detached Pages 0.001ms
[2026-06-18T16:36:43.841+0800][2.885s][info][gc,phases   ] GC(27) Concurrent Select Relocation Set 1.257ms
[2026-06-18T16:36:43.844+0800][2.888s][info][gc,phases   ] GC(27) Concurrent Prepare Relocation Set 0.016ms
[2026-06-18T16:36:43.848+0800][2.892s][info][gc,phases   ] GC(27) Pause Relocate Start 0.325ms
[2026-06-18T16:36:43.851+0800][2.896s][info][gc,phases   ] GC(27) Concurrent Relocate 1.797ms
[2026-06-18T16:36:43.853+0800][2.897s][info][gc,load     ] GC(27) Load: 0.91/0.41/0.25
[2026-06-18T16:36:43.856+0800][2.900s][info][gc,mmu      ] GC(27) MMU: 2ms/52.9%, 5ms/81.2%, 10ms/85.5%, 20ms/92.8%, 50ms/96.5%, 100ms/98.2%
[2026-06-18T16:36:43.857+0800][2.901s][info][gc,marking  ] GC(27) Mark: 2 stripe(s), 1 proactive flush(es), 1 terminate flush(es), 0 completion(s), 0 continuation(s) 
[2026-06-18T16:36:43.858+0800][2.902s][info][gc,reloc    ] GC(27) Relocation: Successful, 23M relocated
[2026-06-18T16:36:43.859+0800][2.904s][info][gc,nmethod  ] GC(27) NMethods: 14 registered, 0 unregistered
[2026-06-18T16:36:43.860+0800][2.904s][info][gc,metaspace] GC(27) Metaspace: 3M used, 4M capacity, 4M committed, 8M reserved
[2026-06-18T16:36:43.861+0800][2.906s][info][gc,ref      ] GC(27) Soft: 43 encountered, 0 discovered, 0 enqueued
[2026-06-18T16:36:43.862+0800][2.907s][info][gc,ref      ] GC(27) Weak: 7 encountered, 2 discovered, 0 enqueued
[2026-06-18T16:36:43.864+0800][2.908s][info][gc,ref      ] GC(27) Final: 0 encountered, 0 discovered, 0 enqueued
[2026-06-18T16:36:43.865+0800][2.909s][info][gc,ref      ] GC(27) Phantom: 1 encountered, 1 discovered, 0 enqueued
[2026-06-18T16:36:43.866+0800][2.910s][info][gc,heap     ] GC(27)                Mark Start          Mark End        Relocate Start      Relocate End           High               Low         
[2026-06-18T16:36:43.867+0800][2.911s][info][gc,heap     ] GC(27)  Capacity:      256M (100%)        256M (100%)        256M (100%)        256M (100%)        256M (100%)        256M (100%)   
[2026-06-18T16:36:43.868+0800][2.912s][info][gc,heap     ] GC(27)   Reserve:       62M (24%)          62M (24%)          62M (24%)          62M (24%)          62M (24%)          62M (24%)    
[2026-06-18T16:36:43.869+0800][2.913s][info][gc,heap     ] GC(27)      Free:       82M (32%)          82M (32%)          72M (28%)         140M (55%)         140M (55%)          44M (17%)    
[2026-06-18T16:36:43.870+0800][2.914s][info][gc,heap     ] GC(27)      Used:      112M (44%)         112M (44%)         122M (48%)          54M (21%)         150M (59%)          54M (21%)    
[2026-06-18T16:36:43.871+0800][2.916s][info][gc,heap     ] GC(27)      Live:         -                27M (11%)          27M (11%)          27M (11%)            -                  -          
[2026-06-18T16:36:43.872+0800][2.917s][info][gc,heap     ] GC(27) Allocated:         -                 0M (0%)           40M (16%)          48M (19%)            -                  -          
[2026-06-18T16:36:43.874+0800][2.918s][info][gc,heap     ] GC(27)   Garbage:         -                84M (33%)          54M (21%)    17592186044402M (6         -                  -          
[2026-06-18T16:36:43.875+0800][2.919s][info][gc,heap     ] GC(27) Reclaimed:         -                  -                30M (12%)          98M (38%)            -                  -          
[2026-06-18T16:36:43.876+0800][2.920s][info][gc          ] GC(27) Garbage Collection (Allocation Rate) 112M(44%)->54M(21%)
[2026-06-18T16:36:43.919+0800][2.963s][info][gc,start    ] GC(28) Garbage Collection (Allocation Rate)
[2026-06-18T16:36:43.922+0800][2.966s][info][gc,phases   ] GC(28) Pause Mark Start 0.406ms
[2026-06-18T16:36:43.926+0800][2.970s][info][gc,phases   ] GC(28) Concurrent Mark 2.042ms
[2026-06-18T16:36:43.929+0800][2.973s][info][gc,phases   ] GC(28) Pause Mark End 0.788ms
[2026-06-18T16:36:43.931+0800][2.975s][info][gc,phases   ] GC(28) Concurrent Process Non-Strong References 0.294ms
[2026-06-18T16:36:43.932+0800][2.977s][info][gc,phases   ] GC(28) Concurrent Reset Relocation Set 0.004ms
[2026-06-18T16:36:43.934+0800][2.978s][info][gc,phases   ] GC(28) Concurrent Destroy Detached Pages 0.001ms
[2026-06-18T16:36:43.937+0800][2.981s][info][gc,phases   ] GC(28) Concurrent Select Relocation Set 1.622ms
[2026-06-18T16:36:43.938+0800][2.982s][info][gc,phases   ] GC(28) Concurrent Prepare Relocation Set 0.015ms
[2026-06-18T16:36:43.941+0800][2.985s][info][gc,phases   ] GC(28) Pause Relocate Start 0.383ms
[2026-06-18T16:36:43.943+0800][2.987s][info][gc,phases   ] GC(28) Concurrent Relocate 0.690ms
[2026-06-18T16:36:43.945+0800][2.989s][info][gc,load     ] GC(28) Load: 0.91/0.41/0.25
[2026-06-18T16:36:43.949+0800][2.993s][info][gc,mmu      ] GC(28) MMU: 2ms/52.9%, 5ms/81.2%, 10ms/85.5%, 20ms/92.1%, 50ms/96.5%, 100ms/97.5%
[2026-06-18T16:36:43.953+0800][2.998s][info][gc,marking  ] GC(28) Mark: 2 stripe(s), 1 proactive flush(es), 1 terminate flush(es), 0 completion(s), 0 continuation(s) 
[2026-06-18T16:36:43.956+0800][3.000s][info][gc,reloc    ] GC(28) Relocation: Successful, 20M relocated
[2026-06-18T16:36:43.960+0800][3.004s][info][gc,nmethod  ] GC(28) NMethods: 15 registered, 0 unregistered
[2026-06-18T16:36:43.961+0800][3.006s][info][gc,metaspace] GC(28) Metaspace: 3M used, 4M capacity, 4M committed, 8M reserved
[2026-06-18T16:36:43.962+0800][3.007s][info][gc,ref      ] GC(28) Soft: 43 encountered, 0 discovered, 0 enqueued
[2026-06-18T16:36:43.966+0800][3.010s][info][gc,ref      ] GC(28) Weak: 7 encountered, 2 discovered, 0 enqueued
[2026-06-18T16:36:43.967+0800][3.012s][info][gc,ref      ] GC(28) Final: 0 encountered, 0 discovered, 0 enqueued
[2026-06-18T16:36:43.972+0800][3.016s][info][gc,ref      ] GC(28) Phantom: 1 encountered, 1 discovered, 0 enqueued
[2026-06-18T16:36:43.977+0800][3.021s][info][gc,heap     ] GC(28)                Mark Start          Mark End        Relocate Start      Relocate End           High               Low         
[2026-06-18T16:36:43.980+0800][3.024s][info][gc,heap     ] GC(28)  Capacity:      256M (100%)        256M (100%)        256M (100%)        256M (100%)        256M (100%)        256M (100%)   
[2026-06-18T16:36:43.984+0800][3.028s][info][gc,heap     ] GC(28)   Reserve:       62M (24%)          62M (24%)          62M (24%)          62M (24%)          62M (24%)          62M (24%)    
[2026-06-18T16:36:43.988+0800][3.032s][info][gc,heap     ] GC(28)      Free:      112M (44%)         112M (44%)         100M (39%)         112M (44%)         112M (44%)          74M (29%)    
[2026-06-18T16:36:43.990+0800][3.034s][info][gc,heap     ] GC(28)      Used:       82M (32%)          82M (32%)          94M (37%)          82M (32%)         120M (47%)          82M (32%)    
[2026-06-18T16:36:43.995+0800][3.039s][info][gc,heap     ] GC(28)      Live:         -                20M (8%)           20M (8%)           20M (8%)             -                  -          
[2026-06-18T16:36:44.001+0800][3.045s][info][gc,heap     ] GC(28) Allocated:         -                 0M (0%)           38M (15%)          48M (19%)            -                  -          
[2026-06-18T16:36:44.007+0800][3.051s][info][gc,heap     ] GC(28)   Garbage:         -                61M (24%)          35M (14%)          21M (9%)             -                  -          
[2026-06-18T16:36:44.010+0800][3.054s][info][gc,heap     ] GC(28) Reclaimed:         -                  -                26M (10%)          40M (16%)            -                  -          
[2026-06-18T16:36:44.012+0800][3.056s][info][gc          ] GC(28) Garbage Collection (Allocation Rate) 82M(32%)->82M(32%)
[2026-06-18T16:36:44.015+0800][3.060s][info][gc,start    ] GC(29) Garbage Collection (System.gc())
[2026-06-18T16:36:44.021+0800][3.065s][info][gc,phases   ] GC(29) Pause Mark Start 0.350ms
[2026-06-18T16:36:44.025+0800][3.070s][info][gc,phases   ] GC(29) Concurrent Mark 1.814ms
[2026-06-18T16:36:44.028+0800][3.072s][info][gc,phases   ] GC(29) Pause Mark End 0.816ms
[2026-06-18T16:36:44.031+0800][3.075s][info][gc,phases   ] GC(29) Concurrent Process Non-Strong References 0.816ms
[2026-06-18T16:36:44.032+0800][3.076s][info][gc,phases   ] GC(29) Concurrent Reset Relocation Set 0.007ms
[2026-06-18T16:36:44.033+0800][3.078s][info][gc,phases   ] GC(29) Concurrent Destroy Detached Pages 0.002ms
[2026-06-18T16:36:44.035+0800][3.079s][info][gc,phases   ] GC(29) Concurrent Select Relocation Set 0.462ms
[2026-06-18T16:36:44.036+0800][3.080s][info][gc,phases   ] GC(29) Concurrent Prepare Relocation Set 0.005ms
[2026-06-18T16:36:44.038+0800][3.082s][info][gc,phases   ] GC(29) Pause Relocate Start 0.208ms
[2026-06-18T16:36:44.040+0800][3.084s][info][gc,phases   ] GC(29) Concurrent Relocate 1.374ms
[2026-06-18T16:36:44.041+0800][3.085s][info][gc,load     ] GC(29) Load: 0.91/0.41/0.25
[2026-06-18T16:36:44.042+0800][3.086s][info][gc,mmu      ] GC(29) MMU: 2ms/52.9%, 5ms/81.2%, 10ms/85.5%, 20ms/92.1%, 50ms/96.5%, 100ms/97.5%
[2026-06-18T16:36:44.043+0800][3.087s][info][gc,marking  ] GC(29) Mark: 8 stripe(s), 2 proactive flush(es), 1 terminate flush(es), 0 completion(s), 0 continuation(s) 
[2026-06-18T16:36:44.043+0800][3.088s][info][gc,reloc    ] GC(29) Relocation: Successful, 17M relocated
[2026-06-18T16:36:44.044+0800][3.088s][info][gc,nmethod  ] GC(29) NMethods: 15 registered, 0 unregistered
[2026-06-18T16:36:44.045+0800][3.089s][info][gc,metaspace] GC(29) Metaspace: 3M used, 4M capacity, 4M committed, 8M reserved
[2026-06-18T16:36:44.046+0800][3.090s][info][gc,ref      ] GC(29) Soft: 43 encountered, 0 discovered, 0 enqueued
[2026-06-18T16:36:44.047+0800][3.091s][info][gc,ref      ] GC(29) Weak: 7 encountered, 2 discovered, 0 enqueued
[2026-06-18T16:36:44.047+0800][3.092s][info][gc,ref      ] GC(29) Final: 0 encountered, 0 discovered, 0 enqueued
[2026-06-18T16:36:44.048+0800][3.093s][info][gc,ref      ] GC(29) Phantom: 1 encountered, 1 discovered, 0 enqueued
[2026-06-18T16:36:44.049+0800][3.094s][info][gc,heap     ] GC(29)                Mark Start          Mark End        Relocate Start      Relocate End           High               Low         
[2026-06-18T16:36:44.050+0800][3.094s][info][gc,heap     ] GC(29)  Capacity:      256M (100%)        256M (100%)        256M (100%)        256M (100%)        256M (100%)        256M (100%)   
[2026-06-18T16:36:44.051+0800][3.095s][info][gc,heap     ] GC(29)   Reserve:       62M (24%)          62M (24%)          62M (24%)          62M (24%)          62M (24%)          62M (24%)    
[2026-06-18T16:36:44.052+0800][3.096s][info][gc,heap     ] GC(29)      Free:      108M (42%)         108M (42%)         116M (45%)         148M (58%)         148M (58%)          84M (33%)    
[2026-06-18T16:36:44.053+0800][3.097s][info][gc,heap     ] GC(29)      Used:       86M (34%)          86M (34%)          78M (30%)          46M (18%)         110M (43%)          46M (18%)    
[2026-06-18T16:36:44.054+0800][3.098s][info][gc,heap     ] GC(29)      Live:         -                21M (8%)           21M (8%)           21M (8%)             -                  -          
[2026-06-18T16:36:44.054+0800][3.099s][info][gc,heap     ] GC(29) Allocated:         -                 0M (0%)            0M (0%)           38M (15%)            -                  -          
[2026-06-18T16:36:44.055+0800][3.100s][info][gc,heap     ] GC(29)   Garbage:         -                64M (25%)          56M (22%)          24M (10%)            -                  -          
[2026-06-18T16:36:44.056+0800][3.100s][info][gc,heap     ] GC(29) Reclaimed:         -                  -                 8M (3%)           40M (16%)            -                  -          
[2026-06-18T16:36:44.057+0800][3.101s][info][gc          ] GC(29) Garbage Collection (System.gc()) 86M(34%)->46M(18%)
[2026-06-18T16:36:44.118+0800][3.162s][info][gc,start    ] GC(30) Garbage Collection (Allocation Rate)
[2026-06-18T16:36:44.121+0800][3.165s][info][gc,phases   ] GC(30) Pause Mark Start 0.475ms
[2026-06-18T16:36:44.125+0800][3.169s][info][gc,phases   ] GC(30) Concurrent Mark 2.097ms
[2026-06-18T16:36:44.127+0800][3.171s][info][gc,phases   ] GC(30) Pause Mark End 0.282ms
[2026-06-18T16:36:44.129+0800][3.173s][info][gc,phases   ] GC(30) Concurrent Process Non-Strong References 0.157ms
[2026-06-18T16:36:44.130+0800][3.174s][info][gc,phases   ] GC(30) Concurrent Reset Relocation Set 0.002ms
[2026-06-18T16:36:44.131+0800][3.175s][info][gc,phases   ] GC(30) Concurrent Destroy Detached Pages 0.001ms
[2026-06-18T16:36:44.132+0800][3.176s][info][gc,phases   ] GC(30) Concurrent Select Relocation Set 0.481ms
[2026-06-18T16:36:44.133+0800][3.177s][info][gc,phases   ] GC(30) Concurrent Prepare Relocation Set 0.001ms
[2026-06-18T16:36:44.134+0800][3.179s][info][gc,phases   ] GC(30) Pause Relocate Start 0.231ms
[2026-06-18T16:36:44.136+0800][3.180s][info][gc,phases   ] GC(30) Concurrent Relocate 0.272ms
[2026-06-18T16:36:44.137+0800][3.181s][info][gc,load     ] GC(30) Load: 0.91/0.41/0.25
[2026-06-18T16:36:44.137+0800][3.182s][info][gc,mmu      ] GC(30) MMU: 2ms/52.9%, 5ms/81.2%, 10ms/85.5%, 20ms/92.1%, 50ms/96.5%, 100ms/97.5%
[2026-06-18T16:36:44.138+0800][3.183s][info][gc,marking  ] GC(30) Mark: 2 stripe(s), 1 proactive flush(es), 1 terminate flush(es), 0 completion(s), 0 continuation(s) 
[2026-06-18T16:36:44.139+0800][3.183s][info][gc,reloc    ] GC(30) Relocation: Successful, 21M relocated
[2026-06-18T16:36:44.140+0800][3.184s][info][gc,nmethod  ] GC(30) NMethods: 15 registered, 0 unregistered
[2026-06-18T16:36:44.141+0800][3.186s][info][gc,metaspace] GC(30) Metaspace: 3M used, 4M capacity, 4M committed, 8M reserved
[2026-06-18T16:36:44.142+0800][3.187s][info][gc,ref      ] GC(30) Soft: 43 encountered, 0 discovered, 0 enqueued
[2026-06-18T16:36:44.144+0800][3.188s][info][gc,ref      ] GC(30) Weak: 7 encountered, 2 discovered, 0 enqueued
[2026-06-18T16:36:44.144+0800][3.189s][info][gc,ref      ] GC(30) Final: 0 encountered, 0 discovered, 0 enqueued
[2026-06-18T16:36:44.146+0800][3.190s][info][gc,ref      ] GC(30) Phantom: 1 encountered, 1 discovered, 0 enqueued
[2026-06-18T16:36:44.147+0800][3.191s][info][gc,heap     ] GC(30)                Mark Start          Mark End        Relocate Start      Relocate End           High               Low         
[2026-06-18T16:36:44.148+0800][3.192s][info][gc,heap     ] GC(30)  Capacity:      256M (100%)        256M (100%)        256M (100%)        256M (100%)        256M (100%)        256M (100%)   
[2026-06-18T16:36:44.149+0800][3.193s][info][gc,heap     ] GC(30)   Reserve:       62M (24%)          62M (24%)          62M (24%)          62M (24%)          62M (24%)          62M (24%)    
[2026-06-18T16:36:44.150+0800][3.194s][info][gc,heap     ] GC(30)      Free:      128M (50%)         124M (48%)         136M (53%)         140M (55%)         140M (55%)         124M (48%)    
[2026-06-18T16:36:44.150+0800][3.195s][info][gc,heap     ] GC(30)      Used:       66M (26%)          70M (27%)          58M (23%)          54M (21%)          70M (27%)          54M (21%)    
[2026-06-18T16:36:44.152+0800][3.196s][info][gc,heap     ] GC(30)      Live:         -                24M (10%)          24M (10%)          24M (10%)            -                  -          
[2026-06-18T16:36:44.153+0800][3.197s][info][gc,heap     ] GC(30) Allocated:         -                 4M (2%)            4M (2%)           14M (5%)             -                  -          
[2026-06-18T16:36:44.154+0800][3.198s][info][gc,heap     ] GC(30)   Garbage:         -                41M (16%)          29M (11%)          21M (8%)             -                  -          
[2026-06-18T16:36:44.155+0800][3.199s][info][gc,heap     ] GC(30) Reclaimed:         -                  -                12M (5%)           20M (8%)             -                  -          
[2026-06-18T16:36:44.156+0800][3.200s][info][gc          ] GC(30) Garbage Collection (Allocation Rate) 66M(26%)->54M(21%)
[2026-06-18T16:36:44.218+0800][3.262s][info][gc,start    ] GC(31) Garbage Collection (Allocation Rate)
[2026-06-18T16:36:44.220+0800][3.264s][info][gc,phases   ] GC(31) Pause Mark Start 0.182ms
[2026-06-18T16:36:44.223+0800][3.267s][info][gc,phases   ] GC(31) Concurrent Mark 1.536ms
[2026-06-18T16:36:44.225+0800][3.269s][info][gc,phases   ] GC(31) Pause Mark End 0.296ms
[2026-06-18T16:36:44.226+0800][3.270s][info][gc,phases   ] GC(31) Concurrent Process Non-Strong References 0.072ms
[2026-06-18T16:36:44.227+0800][3.271s][info][gc,phases   ] GC(31) Concurrent Reset Relocation Set 0.004ms
[2026-06-18T16:36:44.228+0800][3.272s][info][gc,phases   ] GC(31) Concurrent Destroy Detached Pages 0.002ms
[2026-06-18T16:36:44.230+0800][3.274s][info][gc,phases   ] GC(31) Concurrent Select Relocation Set 0.483ms
[2026-06-18T16:36:44.232+0800][3.276s][info][gc,phases   ] GC(31) Concurrent Prepare Relocation Set 0.012ms
[2026-06-18T16:36:44.233+0800][3.278s][info][gc,phases   ] GC(31) Pause Relocate Start 0.146ms
[2026-06-18T16:36:44.236+0800][3.280s][info][gc,phases   ] GC(31) Concurrent Relocate 1.440ms
[2026-06-18T16:36:44.237+0800][3.281s][info][gc,load     ] GC(31) Load: 0.91/0.41/0.25
[2026-06-18T16:36:44.238+0800][3.282s][info][gc,mmu      ] GC(31) MMU: 2ms/52.9%, 5ms/81.2%, 10ms/85.5%, 20ms/92.1%, 50ms/96.5%, 100ms/97.5%
[2026-06-18T16:36:44.239+0800][3.283s][info][gc,marking  ] GC(31) Mark: 2 stripe(s), 2 proactive flush(es), 1 terminate flush(es), 0 completion(s), 0 continuation(s) 
[2026-06-18T16:36:44.240+0800][3.285s][info][gc,reloc    ] GC(31) Relocation: Successful, 22M relocated
[2026-06-18T16:36:44.242+0800][3.286s][info][gc,nmethod  ] GC(31) NMethods: 15 registered, 0 unregistered
[2026-06-18T16:36:44.244+0800][3.288s][info][gc,metaspace] GC(31) Metaspace: 3M used, 4M capacity, 4M committed, 8M reserved
[2026-06-18T16:36:44.245+0800][3.289s][info][gc,ref      ] GC(31) Soft: 43 encountered, 0 discovered, 0 enqueued
[2026-06-18T16:36:44.246+0800][3.290s][info][gc,ref      ] GC(31) Weak: 7 encountered, 2 discovered, 0 enqueued
[2026-06-18T16:36:44.247+0800][3.291s][info][gc,ref      ] GC(31) Final: 0 encountered, 0 discovered, 0 enqueued
[2026-06-18T16:36:44.248+0800][3.292s][info][gc,ref      ] GC(31) Phantom: 1 encountered, 1 discovered, 0 enqueued
[2026-06-18T16:36:44.249+0800][3.293s][info][gc,heap     ] GC(31)                Mark Start          Mark End        Relocate Start      Relocate End           High               Low         
[2026-06-18T16:36:44.250+0800][3.294s][info][gc,heap     ] GC(31)  Capacity:      256M (100%)        256M (100%)        256M (100%)        256M (100%)        256M (100%)        256M (100%)   
[2026-06-18T16:36:44.251+0800][3.295s][info][gc,heap     ] GC(31)   Reserve:       62M (24%)          62M (24%)          62M (24%)          62M (24%)          62M (24%)          62M (24%)    
[2026-06-18T16:36:44.252+0800][3.296s][info][gc,heap     ] GC(31)      Free:       80M (31%)          76M (30%)          64M (25%)         138M (54%)         138M (54%)          58M (23%)    
[2026-06-18T16:36:44.253+0800][3.297s][info][gc,heap     ] GC(31)      Used:      114M (45%)         118M (46%)         130M (51%)          56M (22%)         136M (53%)          56M (22%)    
[2026-06-18T16:36:44.254+0800][3.298s][info][gc,heap     ] GC(31)      Live:         -                22M (9%)           22M (9%)           22M (9%)             -                  -          
[2026-06-18T16:36:44.254+0800][3.299s][info][gc,heap     ] GC(31) Allocated:         -                 4M (2%)           42M (16%)          50M (20%)            -                  -          
[2026-06-18T16:36:44.255+0800][3.300s][info][gc,heap     ] GC(31)   Garbage:         -                91M (36%)          65M (26%)    17592186044407M (6         -                  -          
[2026-06-18T16:36:44.256+0800][3.301s][info][gc,heap     ] GC(31) Reclaimed:         -                  -                26M (10%)         100M (39%)            -                  -          
[2026-06-18T16:36:44.257+0800][3.301s][info][gc          ] GC(31) Garbage Collection (Allocation Rate) 114M(45%)->56M(22%)
[2026-06-18T16:36:44.318+0800][3.362s][info][gc,start    ] GC(32) Garbage Collection (Allocation Rate)
[2026-06-18T16:36:44.322+0800][3.366s][info][gc,phases   ] GC(32) Pause Mark Start 0.178ms
[2026-06-18T16:36:44.327+0800][3.372s][info][gc,phases   ] GC(32) Concurrent Mark 1.704ms
[2026-06-18T16:36:44.330+0800][3.374s][info][gc,phases   ] GC(32) Pause Mark End 0.259ms
[2026-06-18T16:36:44.333+0800][3.377s][info][gc,phases   ] GC(32) Concurrent Process Non-Strong References 0.168ms
[2026-06-18T16:36:44.335+0800][3.379s][info][gc,phases   ] GC(32) Concurrent Reset Relocation Set 0.005ms
[2026-06-18T16:36:44.337+0800][3.382s][info][gc,phases   ] GC(32) Concurrent Destroy Detached Pages 0.002ms
[2026-06-18T16:36:44.340+0800][3.384s][info][gc,phases   ] GC(32) Concurrent Select Relocation Set 0.497ms
[2026-06-18T16:36:44.341+0800][3.386s][info][gc,phases   ] GC(32) Concurrent Prepare Relocation Set 0.004ms
[2026-06-18T16:36:44.343+0800][3.387s][info][gc,phases   ] GC(32) Pause Relocate Start 0.179ms
[2026-06-18T16:36:44.345+0800][3.389s][info][gc,phases   ] GC(32) Concurrent Relocate 0.206ms
[2026-06-18T16:36:44.346+0800][3.390s][info][gc,load     ] GC(32) Load: 0.91/0.41/0.25
[2026-06-18T16:36:44.347+0800][3.391s][info][gc,mmu      ] GC(32) MMU: 2ms/52.9%, 5ms/81.2%, 10ms/85.5%, 20ms/92.1%, 50ms/96.5%, 100ms/97.5%
[2026-06-18T16:36:44.348+0800][3.392s][info][gc,marking  ] GC(32) Mark: 2 stripe(s), 2 proactive flush(es), 1 terminate flush(es), 0 completion(s), 0 continuation(s) 
[2026-06-18T16:36:44.348+0800][3.393s][info][gc,reloc    ] GC(32) Relocation: Successful, 18M relocated
[2026-06-18T16:36:44.350+0800][3.394s][info][gc,nmethod  ] GC(32) NMethods: 15 registered, 0 unregistered
[2026-06-18T16:36:44.353+0800][3.397s][info][gc,metaspace] GC(32) Metaspace: 3M used, 4M capacity, 4M committed, 8M reserved
[2026-06-18T16:36:44.356+0800][3.400s][info][gc,ref      ] GC(32) Soft: 43 encountered, 0 discovered, 0 enqueued
[2026-06-18T16:36:44.357+0800][3.401s][info][gc,ref      ] GC(32) Weak: 7 encountered, 0 discovered, 0 enqueued
[2026-06-18T16:36:44.361+0800][3.405s][info][gc,ref      ] GC(32) Final: 0 encountered, 0 discovered, 0 enqueued
[2026-06-18T16:36:44.363+0800][3.407s][info][gc,ref      ] GC(32) Phantom: 1 encountered, 1 discovered, 0 enqueued
[2026-06-18T16:36:44.364+0800][3.408s][info][gc,heap     ] GC(32)                Mark Start          Mark End        Relocate Start      Relocate End           High               Low         
[2026-06-18T16:36:44.364+0800][3.409s][info][gc,heap     ] GC(32)  Capacity:      256M (100%)        256M (100%)        256M (100%)        256M (100%)        256M (100%)        256M (100%)   
[2026-06-18T16:36:44.365+0800][3.409s][info][gc,heap     ] GC(32)   Reserve:       62M (24%)          62M (24%)          62M (24%)          62M (24%)          62M (24%)          62M (24%)    
[2026-06-18T16:36:44.368+0800][3.412s][info][gc,heap     ] GC(32)      Free:      110M (43%)          72M (28%)         102M (40%)         114M (45%)         114M (45%)          70M (27%)    
[2026-06-18T16:36:44.369+0800][3.413s][info][gc,heap     ] GC(32)      Used:       84M (33%)         122M (48%)          92M (36%)          80M (31%)         124M (48%)          80M (31%)    
[2026-06-18T16:36:44.369+0800][3.414s][info][gc,heap     ] GC(32)      Live:         -                19M (8%)           19M (8%)           19M (8%)             -                  -          
[2026-06-18T16:36:44.370+0800][3.415s][info][gc,heap     ] GC(32) Allocated:         -                38M (15%)          40M (16%)          46M (18%)            -                  -          
[2026-06-18T16:36:44.371+0800][3.415s][info][gc,heap     ] GC(32)   Garbage:         -                64M (25%)          32M (13%)          20M (8%)             -                  -          
[2026-06-18T16:36:44.372+0800][3.416s][info][gc,heap     ] GC(32) Reclaimed:         -                  -                32M (12%)          44M (17%)            -                  -          
[2026-06-18T16:36:44.374+0800][3.418s][info][gc          ] GC(32) Garbage Collection (Allocation Rate) 84M(33%)->80M(31%)
[2026-06-18T16:36:44.374+0800][3.418s][info][gc,start    ] GC(33) Garbage Collection (System.gc())
[2026-06-18T16:36:44.375+0800][3.419s][info][gc,phases   ] GC(33) Pause Mark Start 0.155ms
[2026-06-18T16:36:44.377+0800][3.421s][info][gc,phases   ] GC(33) Concurrent Mark 1.305ms
[2026-06-18T16:36:44.380+0800][3.424s][info][gc,phases   ] GC(33) Pause Mark End 0.262ms
[2026-06-18T16:36:44.381+0800][3.425s][info][gc,phases   ] GC(33) Concurrent Process Non-Strong References 0.290ms
[2026-06-18T16:36:44.384+0800][3.428s][info][gc,phases   ] GC(33) Concurrent Reset Relocation Set 0.005ms
[2026-06-18T16:36:44.384+0800][3.428s][info][gc,phases   ] GC(33) Concurrent Destroy Detached Pages 0.002ms
[2026-06-18T16:36:44.387+0800][3.431s][info][gc,phases   ] GC(33) Concurrent Select Relocation Set 0.474ms
[2026-06-18T16:36:44.388+0800][3.432s][info][gc,phases   ] GC(33) Concurrent Prepare Relocation Set 0.003ms
[2026-06-18T16:36:44.389+0800][3.433s][info][gc,phases   ] GC(33) Pause Relocate Start 0.170ms
[2026-06-18T16:36:44.392+0800][3.436s][info][gc,phases   ] GC(33) Concurrent Relocate 1.625ms
[2026-06-18T16:36:44.393+0800][3.437s][info][gc,load     ] GC(33) Load: 0.91/0.41/0.25
[2026-06-18T16:36:44.394+0800][3.438s][info][gc,mmu      ] GC(33) MMU: 2ms/52.9%, 5ms/81.2%, 10ms/85.5%, 20ms/92.1%, 50ms/96.5%, 100ms/97.5%
[2026-06-18T16:36:44.394+0800][3.438s][info][gc,marking  ] GC(33) Mark: 8 stripe(s), 1 proactive flush(es), 1 terminate flush(es), 0 completion(s), 0 continuation(s) 
[2026-06-18T16:36:44.395+0800][3.439s][info][gc,reloc    ] GC(33) Relocation: Successful, 21M relocated
[2026-06-18T16:36:44.396+0800][3.440s][info][gc,nmethod  ] GC(33) NMethods: 15 registered, 0 unregistered
[2026-06-18T16:36:44.397+0800][3.441s][info][gc,metaspace] GC(33) Metaspace: 3M used, 4M capacity, 4M committed, 8M reserved
[2026-06-18T16:36:44.398+0800][3.442s][info][gc,ref      ] GC(33) Soft: 43 encountered, 0 discovered, 0 enqueued
[2026-06-18T16:36:44.399+0800][3.443s][info][gc,ref      ] GC(33) Weak: 7 encountered, 2 discovered, 0 enqueued
[2026-06-18T16:36:44.400+0800][3.444s][info][gc,ref      ] GC(33) Final: 0 encountered, 0 discovered, 0 enqueued
[2026-06-18T16:36:44.401+0800][3.445s][info][gc,ref      ] GC(33) Phantom: 1 encountered, 1 discovered, 0 enqueued
[2026-06-18T16:36:44.402+0800][3.446s][info][gc,heap     ] GC(33)                Mark Start          Mark End        Relocate Start      Relocate End           High               Low         
[2026-06-18T16:36:44.403+0800][3.447s][info][gc,heap     ] GC(33)  Capacity:      256M (100%)        256M (100%)        256M (100%)        256M (100%)        256M (100%)        256M (100%)   
[2026-06-18T16:36:44.403+0800][3.448s][info][gc,heap     ] GC(33)   Reserve:       62M (24%)          62M (24%)          62M (24%)          62M (24%)          62M (24%)          62M (24%)    
[2026-06-18T16:36:44.404+0800][3.448s][info][gc,heap     ] GC(33)      Free:      114M (45%)         114M (45%)         118M (46%)         148M (58%)         148M (58%)          78M (30%)    
[2026-06-18T16:36:44.405+0800][3.449s][info][gc,heap     ] GC(33)      Used:       80M (31%)          80M (31%)          76M (30%)          46M (18%)         116M (45%)          46M (18%)    
[2026-06-18T16:36:44.405+0800][3.450s][info][gc,heap     ] GC(33)      Live:         -                22M (9%)           22M (9%)           22M (9%)             -                  -          
[2026-06-18T16:36:44.406+0800][3.450s][info][gc,heap     ] GC(33) Allocated:         -                 0M (0%)            0M (0%)           40M (16%)            -                  -          
[2026-06-18T16:36:44.408+0800][3.452s][info][gc,heap     ] GC(33)   Garbage:         -                57M (22%)          53M (21%)          23M (9%)             -                  -          
[2026-06-18T16:36:44.409+0800][3.453s][info][gc,heap     ] GC(33) Reclaimed:         -                  -                 4M (2%)           34M (13%)            -                  -          
[2026-06-18T16:36:44.409+0800][3.454s][info][gc          ] GC(33) Garbage Collection (System.gc()) 80M(31%)->46M(18%)
[2026-06-18T16:36:44.418+0800][3.463s][info][gc,start    ] GC(34) Garbage Collection (Allocation Rate)
[2026-06-18T16:36:44.420+0800][3.464s][info][gc,phases   ] GC(34) Pause Mark Start 0.167ms
[2026-06-18T16:36:44.422+0800][3.467s][info][gc,phases   ] GC(34) Concurrent Mark 1.324ms
[2026-06-18T16:36:44.425+0800][3.469s][info][gc,phases   ] GC(34) Pause Mark End 0.295ms
[2026-06-18T16:36:44.426+0800][3.471s][info][gc,phases   ] GC(34) Concurrent Process Non-Strong References 0.126ms
[2026-06-18T16:36:44.428+0800][3.472s][info][gc,phases   ] GC(34) Concurrent Reset Relocation Set 0.003ms
[2026-06-18T16:36:44.428+0800][3.473s][info][gc,phases   ] GC(34) Concurrent Destroy Detached Pages 0.001ms
[2026-06-18T16:36:44.430+0800][3.474s][info][gc,phases   ] GC(34) Concurrent Select Relocation Set 0.473ms
[2026-06-18T16:36:44.431+0800][3.475s][info][gc,phases   ] GC(34) Concurrent Prepare Relocation Set 0.002ms
[2026-06-18T16:36:44.433+0800][3.477s][info][gc,phases   ] GC(34) Pause Relocate Start 0.165ms
[2026-06-18T16:36:44.434+0800][3.479s][info][gc,phases   ] GC(34) Concurrent Relocate 0.157ms
[2026-06-18T16:36:44.436+0800][3.480s][info][gc,load     ] GC(34) Load: 0.92/0.42/0.26
[2026-06-18T16:36:44.437+0800][3.481s][info][gc,mmu      ] GC(34) MMU: 2ms/52.9%, 5ms/81.2%, 10ms/85.5%, 20ms/92.1%, 50ms/96.5%, 100ms/97.5%
[2026-06-18T16:36:44.438+0800][3.482s][info][gc,marking  ] GC(34) Mark: 2 stripe(s), 1 proactive flush(es), 1 terminate flush(es), 0 completion(s), 0 continuation(s) 
[2026-06-18T16:36:44.439+0800][3.483s][info][gc,reloc    ] GC(34) Relocation: Successful, 21M relocated
[2026-06-18T16:36:44.441+0800][3.485s][info][gc,nmethod  ] GC(34) NMethods: 15 registered, 0 unregistered
[2026-06-18T16:36:44.443+0800][3.487s][info][gc,metaspace] GC(34) Metaspace: 3M used, 4M capacity, 4M committed, 8M reserved
[2026-06-18T16:36:44.444+0800][3.488s][info][gc,ref      ] GC(34) Soft: 43 encountered, 0 discovered, 0 enqueued
[2026-06-18T16:36:44.444+0800][3.489s][info][gc,ref      ] GC(34) Weak: 7 encountered, 2 discovered, 0 enqueued
[2026-06-18T16:36:44.445+0800][3.489s][info][gc,ref      ] GC(34) Final: 0 encountered, 0 discovered, 0 enqueued
[2026-06-18T16:36:44.446+0800][3.490s][info][gc,ref      ] GC(34) Phantom: 1 encountered, 1 discovered, 0 enqueued
[2026-06-18T16:36:44.446+0800][3.491s][info][gc,heap     ] GC(34)                Mark Start          Mark End        Relocate Start      Relocate End           High               Low         
[2026-06-18T16:36:44.447+0800][3.491s][info][gc,heap     ] GC(34)  Capacity:      256M (100%)        256M (100%)        256M (100%)        256M (100%)        256M (100%)        256M (100%)   
[2026-06-18T16:36:44.448+0800][3.492s][info][gc,heap     ] GC(34)   Reserve:       62M (24%)          62M (24%)          62M (24%)          62M (24%)          62M (24%)          62M (24%)    
[2026-06-18T16:36:44.449+0800][3.494s][info][gc,heap     ] GC(34)      Free:      146M (57%)         144M (56%)         144M (56%)         148M (58%)         148M (58%)         142M (55%)    
[2026-06-18T16:36:44.450+0800][3.494s][info][gc,heap     ] GC(34)      Used:       48M (19%)          50M (20%)          50M (20%)          46M (18%)          52M (20%)          46M (18%)    
[2026-06-18T16:36:44.451+0800][3.496s][info][gc,heap     ] GC(34)      Live:         -                22M (9%)           22M (9%)           22M (9%)             -                  -          
[2026-06-18T16:36:44.453+0800][3.498s][info][gc,heap     ] GC(34) Allocated:         -                 2M (1%)            4M (2%)            8M (3%)             -                  -          
[2026-06-18T16:36:44.455+0800][3.500s][info][gc,heap     ] GC(34)   Garbage:         -                25M (10%)          23M (9%)           19M (7%)             -                  -          
[2026-06-18T16:36:44.457+0800][3.501s][info][gc,heap     ] GC(34) Reclaimed:         -                  -                 2M (1%)            6M (2%)             -                  -          
[2026-06-18T16:36:44.458+0800][3.502s][info][gc          ] GC(34) Garbage Collection (Allocation Rate) 48M(19%)->46M(18%)
[2026-06-18T16:36:44.518+0800][3.563s][info][gc,start    ] GC(35) Garbage Collection (Allocation Rate)
[2026-06-18T16:36:44.520+0800][3.564s][info][gc,phases   ] GC(35) Pause Mark Start 0.152ms
[2026-06-18T16:36:44.523+0800][3.567s][info][gc,phases   ] GC(35) Concurrent Mark 1.457ms
[2026-06-18T16:36:44.524+0800][3.568s][info][gc,phases   ] GC(35) Pause Mark End 0.297ms
[2026-06-18T16:36:44.525+0800][3.570s][info][gc,phases   ] GC(35) Concurrent Process Non-Strong References 0.081ms
[2026-06-18T16:36:44.526+0800][3.570s][info][gc,phases   ] GC(35) Concurrent Reset Relocation Set 0.002ms
[2026-06-18T16:36:44.527+0800][3.571s][info][gc,phases   ] GC(35) Concurrent Destroy Detached Pages 0.001ms
[2026-06-18T16:36:44.528+0800][3.572s][info][gc,phases   ] GC(35) Concurrent Select Relocation Set 0.598ms
[2026-06-18T16:36:44.530+0800][3.574s][info][gc,phases   ] GC(35) Concurrent Prepare Relocation Set 0.005ms
[2026-06-18T16:36:44.532+0800][3.576s][info][gc,phases   ] GC(35) Pause Relocate Start 0.423ms
[2026-06-18T16:36:44.536+0800][3.580s][info][gc,phases   ] GC(35) Concurrent Relocate 2.058ms
[2026-06-18T16:36:44.537+0800][3.581s][info][gc,load     ] GC(35) Load: 0.92/0.42/0.26
[2026-06-18T16:36:44.538+0800][3.582s][info][gc,mmu      ] GC(35) MMU: 2ms/52.9%, 5ms/81.2%, 10ms/85.5%, 20ms/92.1%, 50ms/96.5%, 100ms/97.5%
[2026-06-18T16:36:44.539+0800][3.583s][info][gc,marking  ] GC(35) Mark: 2 stripe(s), 1 proactive flush(es), 1 terminate flush(es), 0 completion(s), 0 continuation(s) 
[2026-06-18T16:36:44.540+0800][3.584s][info][gc,reloc    ] GC(35) Relocation: Successful, 26M relocated
[2026-06-18T16:36:44.541+0800][3.586s][info][gc,nmethod  ] GC(35) NMethods: 15 registered, 0 unregistered
[2026-06-18T16:36:44.542+0800][3.586s][info][gc,metaspace] GC(35) Metaspace: 3M used, 4M capacity, 4M committed, 8M reserved
[2026-06-18T16:36:44.543+0800][3.588s][info][gc,ref      ] GC(35) Soft: 43 encountered, 0 discovered, 0 enqueued
[2026-06-18T16:36:44.544+0800][3.588s][info][gc,ref      ] GC(35) Weak: 7 encountered, 2 discovered, 0 enqueued
[2026-06-18T16:36:44.545+0800][3.590s][info][gc,ref      ] GC(35) Final: 0 encountered, 0 discovered, 0 enqueued
[2026-06-18T16:36:44.547+0800][3.591s][info][gc,ref      ] GC(35) Phantom: 1 encountered, 1 discovered, 0 enqueued
[2026-06-18T16:36:44.548+0800][3.593s][info][gc,heap     ] GC(35)                Mark Start          Mark End        Relocate Start      Relocate End           High               Low         
[2026-06-18T16:36:44.549+0800][3.594s][info][gc,heap     ] GC(35)  Capacity:      256M (100%)        256M (100%)        256M (100%)        256M (100%)        256M (100%)        256M (100%)   
[2026-06-18T16:36:44.550+0800][3.595s][info][gc,heap     ] GC(35)   Reserve:       62M (24%)          62M (24%)          62M (24%)          62M (24%)          62M (24%)          62M (24%)    
[2026-06-18T16:36:44.551+0800][3.596s][info][gc,heap     ] GC(35)      Free:       80M (31%)          80M (31%)          74M (29%)         142M (55%)         142M (55%)          68M (27%)    
[2026-06-18T16:36:44.553+0800][3.597s][info][gc,heap     ] GC(35)      Used:      114M (45%)         114M (45%)         120M (47%)          52M (20%)         126M (49%)          52M (20%)    
[2026-06-18T16:36:44.556+0800][3.600s][info][gc,heap     ] GC(35)      Live:         -                28M (11%)          28M (11%)          28M (11%)            -                  -          
[2026-06-18T16:36:44.556+0800][3.601s][info][gc,heap     ] GC(35) Allocated:         -                 0M (0%)           38M (15%)          50M (20%)            -                  -          
[2026-06-18T16:36:44.558+0800][3.602s][info][gc,heap     ] GC(35)   Garbage:         -                85M (33%)          53M (21%)    17592186044401M (6         -                  -          
[2026-06-18T16:36:44.559+0800][3.603s][info][gc,heap     ] GC(35) Reclaimed:         -                  -                32M (12%)         100M (39%)            -                  -          
[2026-06-18T16:36:44.562+0800][3.606s][info][gc          ] GC(35) Garbage Collection (Allocation Rate) 114M(45%)->52M(20%)
[2026-06-18T16:36:44.619+0800][3.663s][info][gc,start    ] GC(36) Garbage Collection (Allocation Rate)
[2026-06-18T16:36:44.621+0800][3.665s][info][gc,phases   ] GC(36) Pause Mark Start 0.190ms
[2026-06-18T16:36:44.624+0800][3.669s][info][gc,phases   ] GC(36) Concurrent Mark 1.430ms
[2026-06-18T16:36:44.627+0800][3.671s][info][gc,phases   ] GC(36) Pause Mark End 0.263ms
[2026-06-18T16:36:44.628+0800][3.672s][info][gc,phases   ] GC(36) Concurrent Process Non-Strong References 0.122ms
[2026-06-18T16:36:44.630+0800][3.674s][info][gc,phases   ] GC(36) Concurrent Reset Relocation Set 0.003ms
[2026-06-18T16:36:44.631+0800][3.675s][info][gc,phases   ] GC(36) Concurrent Destroy Detached Pages 0.001ms
[2026-06-18T16:36:44.632+0800][3.677s][info][gc,phases   ] GC(36) Concurrent Select Relocation Set 0.455ms
[2026-06-18T16:36:44.635+0800][3.679s][info][gc,phases   ] GC(36) Concurrent Prepare Relocation Set 0.011ms
[2026-06-18T16:36:44.638+0800][3.683s][info][gc,phases   ] GC(36) Pause Relocate Start 0.141ms
[2026-06-18T16:36:44.641+0800][3.685s][info][gc,phases   ] GC(36) Concurrent Relocate 0.424ms
[2026-06-18T16:36:44.641+0800][3.686s][info][gc,load     ] GC(36) Load: 0.92/0.42/0.26
[2026-06-18T16:36:44.643+0800][3.687s][info][gc,mmu      ] GC(36) MMU: 2ms/52.9%, 5ms/81.2%, 10ms/85.5%, 20ms/92.1%, 50ms/96.5%, 100ms/97.5%
[2026-06-18T16:36:44.644+0800][3.688s][info][gc,marking  ] GC(36) Mark: 2 stripe(s), 1 proactive flush(es), 1 terminate flush(es), 0 completion(s), 0 continuation(s) 
[2026-06-18T16:36:44.645+0800][3.689s][info][gc,reloc    ] GC(36) Relocation: Successful, 24M relocated
[2026-06-18T16:36:44.646+0800][3.690s][info][gc,nmethod  ] GC(36) NMethods: 15 registered, 0 unregistered
[2026-06-18T16:36:44.646+0800][3.690s][info][gc,metaspace] GC(36) Metaspace: 3M used, 4M capacity, 4M committed, 8M reserved
[2026-06-18T16:36:44.650+0800][3.694s][info][gc,ref      ] GC(36) Soft: 43 encountered, 0 discovered, 0 enqueued
[2026-06-18T16:36:44.654+0800][3.699s][info][gc,ref      ] GC(36) Weak: 7 encountered, 2 discovered, 0 enqueued
[2026-06-18T16:36:44.656+0800][3.701s][info][gc,ref      ] GC(36) Final: 0 encountered, 0 discovered, 0 enqueued
[2026-06-18T16:36:44.658+0800][3.702s][info][gc,ref      ] GC(36) Phantom: 1 encountered, 1 discovered, 0 enqueued
[2026-06-18T16:36:44.660+0800][3.704s][info][gc,heap     ] GC(36)                Mark Start          Mark End        Relocate Start      Relocate End           High               Low         
[2026-06-18T16:36:44.661+0800][3.705s][info][gc,heap     ] GC(36)  Capacity:      256M (100%)        256M (100%)        256M (100%)        256M (100%)        256M (100%)        256M (100%)   
[2026-06-18T16:36:44.664+0800][3.708s][info][gc,heap     ] GC(36)   Reserve:       62M (24%)          62M (24%)          62M (24%)          62M (24%)          62M (24%)          62M (24%)    
[2026-06-18T16:36:44.664+0800][3.708s][info][gc,heap     ] GC(36)      Free:      112M (44%)          74M (29%)         102M (40%)         112M (44%)         112M (44%)          74M (29%)    
[2026-06-18T16:36:44.665+0800][3.709s][info][gc,heap     ] GC(36)      Used:       82M (32%)         120M (47%)          92M (36%)          82M (32%)         120M (47%)          82M (32%)    
[2026-06-18T16:36:44.666+0800][3.710s][info][gc,heap     ] GC(36)      Live:         -                26M (10%)          26M (10%)          26M (10%)            -                  -          
[2026-06-18T16:36:44.667+0800][3.711s][info][gc,heap     ] GC(36) Allocated:         -                38M (15%)          40M (16%)          46M (18%)            -                  -          
[2026-06-18T16:36:44.668+0800][3.712s][info][gc,heap     ] GC(36)   Garbage:         -                55M (22%)          25M (10%)          15M (6%)             -                  -          
[2026-06-18T16:36:44.669+0800][3.713s][info][gc,heap     ] GC(36) Reclaimed:         -                  -                30M (12%)          40M (16%)            -                  -          
[2026-06-18T16:36:44.670+0800][3.714s][info][gc          ] GC(36) Garbage Collection (Allocation Rate) 82M(32%)->82M(32%)
[2026-06-18T16:36:44.719+0800][3.763s][info][gc,start    ] GC(37) Garbage Collection (Allocation Rate)
[2026-06-18T16:36:44.722+0800][3.766s][info][gc,phases   ] GC(37) Pause Mark Start 0.371ms
[2026-06-18T16:36:44.725+0800][3.769s][info][gc,phases   ] GC(37) Concurrent Mark 1.610ms
[2026-06-18T16:36:44.726+0800][3.770s][info][gc,phases   ] GC(37) Pause Mark End 0.248ms
[2026-06-18T16:36:44.727+0800][3.771s][info][gc,phases   ] GC(37) Concurrent Process Non-Strong References 0.102ms
[2026-06-18T16:36:44.728+0800][3.772s][info][gc,phases   ] GC(37) Concurrent Reset Relocation Set 0.006ms
[2026-06-18T16:36:44.729+0800][3.773s][info][gc,phases   ] GC(37) Concurrent Destroy Detached Pages 0.001ms
[2026-06-18T16:36:44.731+0800][3.775s][info][gc,phases   ] GC(37) Concurrent Select Relocation Set 0.439ms
[2026-06-18T16:36:44.732+0800][3.776s][info][gc,phases   ] GC(37) Concurrent Prepare Relocation Set 0.011ms
[2026-06-18T16:36:44.734+0800][3.778s][info][gc,phases   ] GC(37) Pause Relocate Start 0.281ms
[2026-06-18T16:36:44.737+0800][3.781s][info][gc,phases   ] GC(37) Concurrent Relocate 1.740ms
[2026-06-18T16:36:44.738+0800][3.782s][info][gc,load     ] GC(37) Load: 0.92/0.42/0.26
[2026-06-18T16:36:44.739+0800][3.783s][info][gc,mmu      ] GC(37) MMU: 2ms/52.9%, 5ms/81.2%, 10ms/85.5%, 20ms/92.1%, 50ms/96.5%, 100ms/97.5%
[2026-06-18T16:36:44.740+0800][3.784s][info][gc,marking  ] GC(37) Mark: 2 stripe(s), 1 proactive flush(es), 1 terminate flush(es), 0 completion(s), 0 continuation(s) 
[2026-06-18T16:36:44.741+0800][3.785s][info][gc,reloc    ] GC(37) Relocation: Successful, 22M relocated
[2026-06-18T16:36:44.742+0800][3.786s][info][gc,nmethod  ] GC(37) NMethods: 15 registered, 0 unregistered
[2026-06-18T16:36:44.743+0800][3.787s][info][gc,metaspace] GC(37) Metaspace: 3M used, 4M capacity, 4M committed, 8M reserved
[2026-06-18T16:36:44.744+0800][3.788s][info][gc,ref      ] GC(37) Soft: 43 encountered, 0 discovered, 0 enqueued
[2026-06-18T16:36:44.745+0800][3.789s][info][gc,ref      ] GC(37) Weak: 7 encountered, 2 discovered, 0 enqueued
[2026-06-18T16:36:44.746+0800][3.790s][info][gc,ref      ] GC(37) Final: 0 encountered, 0 discovered, 0 enqueued
[2026-06-18T16:36:44.747+0800][3.791s][info][gc,ref      ] GC(37) Phantom: 1 encountered, 1 discovered, 0 enqueued
[2026-06-18T16:36:44.748+0800][3.792s][info][gc,heap     ] GC(37)                Mark Start          Mark End        Relocate Start      Relocate End           High               Low         
[2026-06-18T16:36:44.751+0800][3.795s][info][gc,heap     ] GC(37)  Capacity:      256M (100%)        256M (100%)        256M (100%)        256M (100%)        256M (100%)        256M (100%)   
[2026-06-18T16:36:44.753+0800][3.797s][info][gc,heap     ] GC(37)   Reserve:       62M (24%)          62M (24%)          62M (24%)          62M (24%)          62M (24%)          62M (24%)    
[2026-06-18T16:36:44.755+0800][3.799s][info][gc,heap     ] GC(37)      Free:       80M (31%)          80M (31%)         102M (40%)         148M (58%)         148M (58%)          64M (25%)    
[2026-06-18T16:36:44.756+0800][3.801s][info][gc,heap     ] GC(37)      Used:      114M (45%)         114M (45%)          92M (36%)          46M (18%)         130M (51%)          46M (18%)    
[2026-06-18T16:36:44.758+0800][3.802s][info][gc,heap     ] GC(37)      Live:         -                24M (9%)           24M (9%)           24M (9%)             -                  -          
[2026-06-18T16:36:44.760+0800][3.804s][info][gc,heap     ] GC(37) Allocated:         -                 0M (0%)            4M (2%)           44M (17%)            -                  -          
[2026-06-18T16:36:44.763+0800][3.807s][info][gc,heap     ] GC(37)   Garbage:         -                89M (35%)          63M (25%)          17M (7%)             -                  -          
[2026-06-18T16:36:44.766+0800][3.810s][info][gc,heap     ] GC(37) Reclaimed:         -                  -                26M (10%)          72M (28%)            -                  -          
[2026-06-18T16:36:44.768+0800][3.812s][info][gc          ] GC(37) Garbage Collection (Allocation Rate) 114M(45%)->46M(18%)
[2026-06-18T16:36:44.781+0800][3.825s][info][gc,start    ] GC(38) Garbage Collection (System.gc())
[2026-06-18T16:36:44.784+0800][3.829s][info][gc,phases   ] GC(38) Pause Mark Start 0.364ms
[2026-06-18T16:36:44.789+0800][3.833s][info][gc,phases   ] GC(38) Concurrent Mark 1.620ms
[2026-06-18T16:36:44.791+0800][3.835s][info][gc,phases   ] GC(38) Pause Mark End 0.274ms
[2026-06-18T16:36:44.792+0800][3.837s][info][gc,phases   ] GC(38) Concurrent Process Non-Strong References 0.292ms
[2026-06-18T16:36:44.794+0800][3.838s][info][gc,phases   ] GC(38) Concurrent Reset Relocation Set 0.002ms
[2026-06-18T16:36:44.795+0800][3.839s][info][gc,phases   ] GC(38) Concurrent Destroy Detached Pages 0.001ms
[2026-06-18T16:36:44.797+0800][3.841s][info][gc,phases   ] GC(38) Concurrent Select Relocation Set 0.565ms
[2026-06-18T16:36:44.799+0800][3.844s][info][gc,phases   ] GC(38) Concurrent Prepare Relocation Set 0.001ms
[2026-06-18T16:36:44.804+0800][3.848s][info][gc,phases   ] GC(38) Pause Relocate Start 0.331ms
[2026-06-18T16:36:44.805+0800][3.850s][info][gc,phases   ] GC(38) Concurrent Relocate 0.169ms
[2026-06-18T16:36:44.809+0800][3.853s][info][gc,load     ] GC(38) Load: 0.92/0.42/0.26
[2026-06-18T16:36:44.812+0800][3.856s][info][gc,mmu      ] GC(38) MMU: 2ms/52.9%, 5ms/81.2%, 10ms/85.5%, 20ms/92.1%, 50ms/96.5%, 100ms/97.5%
[2026-06-18T16:36:44.815+0800][3.859s][info][gc,marking  ] GC(38) Mark: 8 stripe(s), 1 proactive flush(es), 1 terminate flush(es), 0 completion(s), 0 continuation(s) 
[2026-06-18T16:36:44.818+0800][3.862s][info][gc,reloc    ] GC(38) Relocation: Successful, 24M relocated
[2026-06-18T16:36:44.823+0800][3.867s][info][gc,nmethod  ] GC(38) NMethods: 15 registered, 0 unregistered
[2026-06-18T16:36:44.827+0800][3.871s][info][gc,metaspace] GC(38) Metaspace: 3M used, 4M capacity, 4M committed, 8M reserved
[2026-06-18T16:36:44.830+0800][3.875s][info][gc,ref      ] GC(38) Soft: 43 encountered, 0 discovered, 0 enqueued
[2026-06-18T16:36:44.833+0800][3.877s][info][gc,ref      ] GC(38) Weak: 7 encountered, 2 discovered, 0 enqueued
[2026-06-18T16:36:44.835+0800][3.880s][info][gc,ref      ] GC(38) Final: 0 encountered, 0 discovered, 0 enqueued
[2026-06-18T16:36:44.837+0800][3.882s][info][gc,ref      ] GC(38) Phantom: 1 encountered, 1 discovered, 0 enqueued
[2026-06-18T16:36:44.840+0800][3.884s][info][gc,heap     ] GC(38)                Mark Start          Mark End        Relocate Start      Relocate End           High               Low         
[2026-06-18T16:36:44.844+0800][3.888s][info][gc,heap     ] GC(38)  Capacity:      256M (100%)        256M (100%)        256M (100%)        256M (100%)        256M (100%)        256M (100%)   
[2026-06-18T16:36:44.846+0800][3.891s][info][gc,heap     ] GC(38)   Reserve:       62M (24%)          62M (24%)          62M (24%)          62M (24%)          62M (24%)          62M (24%)    
[2026-06-18T16:36:44.850+0800][3.895s][info][gc,heap     ] GC(38)      Free:      128M (50%)         128M (50%)         148M (58%)         150M (59%)         150M (59%)         128M (50%)    
[2026-06-18T16:36:44.854+0800][3.898s][info][gc,heap     ] GC(38)      Used:       66M (26%)          66M (26%)          46M (18%)          44M (17%)          66M (26%)          44M (17%)    
[2026-06-18T16:36:44.857+0800][3.902s][info][gc,heap     ] GC(38)      Live:         -                28M (11%)          28M (11%)          28M (11%)            -                  -          
[2026-06-18T16:36:44.861+0800][3.905s][info][gc,heap     ] GC(38) Allocated:         -                 0M (0%)            0M (0%)            4M (2%)             -                  -          
[2026-06-18T16:36:44.862+0800][3.906s][info][gc,heap     ] GC(38)   Garbage:         -                37M (15%)          17M (7%)           15M (6%)             -                  -          
[2026-06-18T16:36:44.864+0800][3.908s][info][gc,heap     ] GC(38) Reclaimed:         -                  -                20M (8%)           22M (9%)             -                  -          
[2026-06-18T16:36:44.865+0800][3.909s][info][gc          ] GC(38) Garbage Collection (System.gc()) 66M(26%)->44M(17%)
[2026-06-18T16:36:44.919+0800][3.963s][info][gc,start    ] GC(39) Garbage Collection (Allocation Rate)
[2026-06-18T16:36:44.925+0800][3.969s][info][gc,phases   ] GC(39) Pause Mark Start 0.487ms
[2026-06-18T16:36:44.930+0800][3.974s][info][gc,phases   ] GC(39) Concurrent Mark 1.721ms
[2026-06-18T16:36:44.932+0800][3.976s][info][gc,phases   ] GC(39) Pause Mark End 0.294ms
[2026-06-18T16:36:44.933+0800][3.978s][info][gc,phases   ] GC(39) Concurrent Process Non-Strong References 0.161ms
[2026-06-18T16:36:44.937+0800][3.982s][info][gc,phases   ] GC(39) Concurrent Reset Relocation Set 0.004ms
[2026-06-18T16:36:44.940+0800][3.984s][info][gc,phases   ] GC(39) Concurrent Destroy Detached Pages 0.002ms
[2026-06-18T16:36:44.943+0800][3.987s][info][gc,phases   ] GC(39) Concurrent Select Relocation Set 1.450ms
[2026-06-18T16:36:44.946+0800][3.990s][info][gc,phases   ] GC(39) Concurrent Prepare Relocation Set 0.010ms
[2026-06-18T16:36:44.948+0800][3.993s][info][gc,phases   ] GC(39) Pause Relocate Start 0.403ms
[2026-06-18T16:36:44.953+0800][3.997s][info][gc,phases   ] GC(39) Concurrent Relocate 2.328ms
[2026-06-18T16:36:44.955+0800][3.999s][info][gc,load     ] GC(39) Load: 0.92/0.42/0.26
[2026-06-18T16:36:44.956+0800][4.000s][info][gc,mmu      ] GC(39) MMU: 2ms/52.9%, 5ms/81.2%, 10ms/85.5%, 20ms/92.1%, 50ms/96.5%, 100ms/97.5%
[2026-06-18T16:36:44.957+0800][4.001s][info][gc,marking  ] GC(39) Mark: 2 stripe(s), 2 proactive flush(es), 1 terminate flush(es), 0 completion(s), 0 continuation(s) 
[2026-06-18T16:36:44.958+0800][4.003s][info][gc,reloc    ] GC(39) Relocation: Successful, 28M relocated
[2026-06-18T16:36:44.960+0800][4.004s][info][gc,nmethod  ] GC(39) NMethods: 15 registered, 0 unregistered
[2026-06-18T16:36:44.961+0800][4.005s][info][gc,metaspace] GC(39) Metaspace: 3M used, 4M capacity, 4M committed, 8M reserved
[2026-06-18T16:36:44.963+0800][4.007s][info][gc,ref      ] GC(39) Soft: 43 encountered, 0 discovered, 0 enqueued
[2026-06-18T16:36:44.966+0800][4.011s][info][gc,ref      ] GC(39) Weak: 7 encountered, 2 discovered, 0 enqueued
[2026-06-18T16:36:44.968+0800][4.012s][info][gc,ref      ] GC(39) Final: 0 encountered, 0 discovered, 0 enqueued
[2026-06-18T16:36:44.969+0800][4.013s][info][gc,ref      ] GC(39) Phantom: 1 encountered, 1 discovered, 0 enqueued
[2026-06-18T16:36:44.972+0800][4.016s][info][gc,heap     ] GC(39)                Mark Start          Mark End        Relocate Start      Relocate End           High               Low         
[2026-06-18T16:36:44.973+0800][4.017s][info][gc,heap     ] GC(39)  Capacity:      256M (100%)        256M (100%)        256M (100%)        256M (100%)        256M (100%)        256M (100%)   
[2026-06-18T16:36:44.975+0800][4.019s][info][gc,heap     ] GC(39)   Reserve:       62M (24%)          62M (24%)          62M (24%)          62M (24%)          62M (24%)          62M (24%)    
[2026-06-18T16:36:44.977+0800][4.021s][info][gc,heap     ] GC(39)      Free:      100M (39%)          98M (38%)          74M (29%)         136M (53%)         136M (53%)          62M (24%)    
[2026-06-18T16:36:44.978+0800][4.022s][info][gc,heap     ] GC(39)      Used:       94M (37%)          96M (38%)         120M (47%)          58M (23%)         132M (52%)          58M (23%)    
[2026-06-18T16:36:44.981+0800][4.025s][info][gc,heap     ] GC(39)      Live:         -                32M (13%)          32M (13%)          32M (13%)            -                  -          
[2026-06-18T16:36:44.984+0800][4.028s][info][gc,heap     ] GC(39) Allocated:         -                 2M (1%)           38M (15%)          52M (20%)            -                  -          
[2026-06-18T16:36:44.985+0800][4.029s][info][gc,heap     ] GC(39)   Garbage:         -                61M (24%)          49M (19%)    17592186044399M (6         -                  -          
[2026-06-18T16:36:44.988+0800][4.033s][info][gc,heap     ] GC(39) Reclaimed:         -                  -                12M (5%)           78M (30%)            -                  -          
[2026-06-18T16:36:44.990+0800][4.034s][info][gc          ] GC(39) Garbage Collection (Allocation Rate) 94M(37%)->58M(23%)
[2026-06-18T16:36:45.018+0800][4.062s][info][gc,start    ] GC(40) Garbage Collection (Allocation Rate)
[2026-06-18T16:36:45.022+0800][4.066s][info][gc,phases   ] GC(40) Pause Mark Start 0.354ms
[2026-06-18T16:36:45.026+0800][4.070s][info][gc,phases   ] GC(40) Concurrent Mark 1.542ms
[2026-06-18T16:36:45.028+0800][4.073s][info][gc,phases   ] GC(40) Pause Mark End 0.600ms
[2026-06-18T16:36:45.030+0800][4.074s][info][gc,phases   ] GC(40) Concurrent Process Non-Strong References 0.047ms
[2026-06-18T16:36:45.031+0800][4.075s][info][gc,phases   ] GC(40) Concurrent Reset Relocation Set 0.002ms
[2026-06-18T16:36:45.034+0800][4.078s][info][gc,phases   ] GC(40) Concurrent Destroy Detached Pages 0.001ms
[2026-06-18T16:36:45.039+0800][4.083s][info][gc,phases   ] GC(40) Concurrent Select Relocation Set 1.069ms
[2026-06-18T16:36:45.040+0800][4.084s][info][gc,phases   ] GC(40) Concurrent Prepare Relocation Set 0.011ms
[2026-06-18T16:36:45.043+0800][4.087s][info][gc,phases   ] GC(40) Pause Relocate Start 0.282ms
[2026-06-18T16:36:45.046+0800][4.090s][info][gc,phases   ] GC(40) Concurrent Relocate 0.439ms
[2026-06-18T16:36:45.048+0800][4.092s][info][gc,load     ] GC(40) Load: 0.92/0.42/0.26
[2026-06-18T16:36:45.051+0800][4.095s][info][gc,mmu      ] GC(40) MMU: 2ms/52.9%, 5ms/81.2%, 10ms/85.5%, 20ms/92.1%, 50ms/96.5%, 100ms/97.5%
[2026-06-18T16:36:45.052+0800][4.097s][info][gc,marking  ] GC(40) Mark: 2 stripe(s), 1 proactive flush(es), 1 terminate flush(es), 0 completion(s), 0 continuation(s) 
[2026-06-18T16:36:45.054+0800][4.098s][info][gc,reloc    ] GC(40) Relocation: Successful, 25M relocated
[2026-06-18T16:36:45.056+0800][4.100s][info][gc,nmethod  ] GC(40) NMethods: 15 registered, 0 unregistered
[2026-06-18T16:36:45.059+0800][4.103s][info][gc,metaspace] GC(40) Metaspace: 3M used, 4M capacity, 4M committed, 8M reserved
[2026-06-18T16:36:45.064+0800][4.108s][info][gc,ref      ] GC(40) Soft: 43 encountered, 0 discovered, 0 enqueued
[2026-06-18T16:36:45.067+0800][4.112s][info][gc,ref      ] GC(40) Weak: 7 encountered, 2 discovered, 0 enqueued
[2026-06-18T16:36:45.069+0800][4.113s][info][gc,ref      ] GC(40) Final: 0 encountered, 0 discovered, 0 enqueued
[2026-06-18T16:36:45.072+0800][4.116s][info][gc,ref      ] GC(40) Phantom: 1 encountered, 0 discovered, 0 enqueued
[2026-06-18T16:36:45.076+0800][4.120s][info][gc,heap     ] GC(40)                Mark Start          Mark End        Relocate Start      Relocate End           High               Low         
[2026-06-18T16:36:45.078+0800][4.122s][info][gc,heap     ] GC(40)  Capacity:      256M (100%)        256M (100%)        256M (100%)        256M (100%)        256M (100%)        256M (100%)   
[2026-06-18T16:36:45.080+0800][4.124s][info][gc,heap     ] GC(40)   Reserve:       62M (24%)          62M (24%)          62M (24%)          62M (24%)          62M (24%)          62M (24%)    
[2026-06-18T16:36:45.083+0800][4.127s][info][gc,heap     ] GC(40)      Free:      114M (45%)         110M (43%)          98M (38%)         106M (41%)         114M (45%)          72M (28%)    
[2026-06-18T16:36:45.084+0800][4.128s][info][gc,heap     ] GC(40)      Used:       80M (31%)          84M (33%)          96M (38%)          88M (34%)         122M (48%)          80M (31%)    
[2026-06-18T16:36:45.088+0800][4.133s][info][gc,heap     ] GC(40)      Live:         -                26M (10%)          26M (10%)          26M (10%)            -                  -          
[2026-06-18T16:36:45.092+0800][4.136s][info][gc,heap     ] GC(40) Allocated:         -                 4M (2%)           42M (16%)          54M (21%)            -                  -          
[2026-06-18T16:36:45.093+0800][4.138s][info][gc,heap     ] GC(40)   Garbage:         -                53M (21%)          27M (11%)          15M (6%)             -                  -          
[2026-06-18T16:36:45.094+0800][4.139s][info][gc,heap     ] GC(40) Reclaimed:         -                  -                26M (10%)          38M (15%)            -                  -          
[2026-06-18T16:36:45.098+0800][4.142s][info][gc          ] GC(40) Garbage Collection (Allocation Rate) 80M(31%)->88M(34%)
[2026-06-18T16:36:45.118+0800][4.163s][info][gc,start    ] GC(41) Garbage Collection (Allocation Rate)
[2026-06-18T16:36:45.123+0800][4.168s][info][gc,phases   ] GC(41) Pause Mark Start 0.506ms
[2026-06-18T16:36:45.128+0800][4.172s][info][gc,phases   ] GC(41) Concurrent Mark 1.505ms
[2026-06-18T16:36:45.130+0800][4.174s][info][gc,phases   ] GC(41) Pause Mark End 0.312ms
[2026-06-18T16:36:45.132+0800][4.176s][info][gc,phases   ] GC(41) Concurrent Process Non-Strong References 0.106ms
[2026-06-18T16:36:45.135+0800][4.179s][info][gc,phases   ] GC(41) Concurrent Reset Relocation Set 0.002ms
[2026-06-18T16:36:45.138+0800][4.182s][info][gc,phases   ] GC(41) Concurrent Destroy Detached Pages 0.001ms
[2026-06-18T16:36:45.141+0800][4.186s][info][gc,phases   ] GC(41) Concurrent Select Relocation Set 0.814ms
[2026-06-18T16:36:45.144+0800][4.188s][info][gc,phases   ] GC(41) Concurrent Prepare Relocation Set 0.007ms
[2026-06-18T16:36:45.147+0800][4.191s][info][gc,phases   ] GC(41) Pause Relocate Start 0.274ms
[2026-06-18T16:36:45.151+0800][4.195s][info][gc,phases   ] GC(41) Concurrent Relocate 1.376ms
[2026-06-18T16:36:45.154+0800][4.198s][info][gc,load     ] GC(41) Load: 0.92/0.42/0.26
[2026-06-18T16:36:45.156+0800][4.200s][info][gc,mmu      ] GC(41) MMU: 2ms/52.9%, 5ms/81.2%, 10ms/85.5%, 20ms/92.1%, 50ms/96.5%, 100ms/97.5%
[2026-06-18T16:36:45.158+0800][4.202s][info][gc,marking  ] GC(41) Mark: 2 stripe(s), 1 proactive flush(es), 1 terminate flush(es), 0 completion(s), 0 continuation(s) 
[2026-06-18T16:36:45.162+0800][4.206s][info][gc,reloc    ] GC(41) Relocation: Successful, 17M relocated
[2026-06-18T16:36:45.163+0800][4.207s][info][gc,nmethod  ] GC(41) NMethods: 15 registered, 0 unregistered
[2026-06-18T16:36:45.165+0800][4.209s][info][gc,metaspace] GC(41) Metaspace: 3M used, 4M capacity, 4M committed, 8M reserved
[2026-06-18T16:36:45.168+0800][4.212s][info][gc,ref      ] GC(41) Soft: 43 encountered, 0 discovered, 0 enqueued
[2026-06-18T16:36:45.170+0800][4.214s][info][gc,ref      ] GC(41) Weak: 7 encountered, 2 discovered, 0 enqueued
[2026-06-18T16:36:45.173+0800][4.217s][info][gc,ref      ] GC(41) Final: 0 encountered, 0 discovered, 0 enqueued
[2026-06-18T16:36:45.175+0800][4.219s][info][gc,ref      ] GC(41) Phantom: 1 encountered, 1 discovered, 0 enqueued
[2026-06-18T16:36:45.177+0800][4.221s][info][gc,heap     ] GC(41)                Mark Start          Mark End        Relocate Start      Relocate End           High               Low         
[2026-06-18T16:36:45.180+0800][4.224s][info][gc,heap     ] GC(41)  Capacity:      256M (100%)        256M (100%)        256M (100%)        256M (100%)        256M (100%)        256M (100%)   
[2026-06-18T16:36:45.182+0800][4.226s][info][gc,heap     ] GC(41)   Reserve:       62M (24%)          62M (24%)          62M (24%)          62M (24%)          62M (24%)          62M (24%)    
[2026-06-18T16:36:45.185+0800][4.229s][info][gc,heap     ] GC(41)      Free:       80M (31%)          76M (30%)          70M (27%)         144M (56%)         144M (56%)          42M (16%)    
[2026-06-18T16:36:45.189+0800][4.233s][info][gc,heap     ] GC(41)      Used:      114M (45%)         118M (46%)         124M (48%)          50M (20%)         152M (59%)          50M (20%)    
[2026-06-18T16:36:45.192+0800][4.236s][info][gc,heap     ] GC(41)      Live:         -                19M (8%)           19M (8%)           19M (8%)             -                  -          
[2026-06-18T16:36:45.194+0800][4.238s][info][gc,heap     ] GC(41) Allocated:         -                 4M (2%)           42M (16%)          46M (18%)            -                  -          
[2026-06-18T16:36:45.198+0800][4.242s][info][gc,heap     ] GC(41)   Garbage:         -                94M (37%)          62M (24%)    17592186044404M (6         -                  -          
[2026-06-18T16:36:45.200+0800][4.244s][info][gc,heap     ] GC(41) Reclaimed:         -                  -                32M (12%)         106M (41%)            -                  -          
[2026-06-18T16:36:45.204+0800][4.248s][info][gc          ] GC(41) Garbage Collection (Allocation Rate) 114M(45%)->50M(20%)
[2026-06-18T16:36:45.218+0800][4.263s][info][gc,start    ] GC(42) Garbage Collection (Allocation Rate)
[2026-06-18T16:36:45.221+0800][4.266s][info][gc,phases   ] GC(42) Pause Mark Start 0.453ms
[2026-06-18T16:36:45.225+0800][4.269s][info][gc,phases   ] GC(42) Concurrent Mark 1.717ms
[2026-06-18T16:36:45.228+0800][4.272s][info][gc,phases   ] GC(42) Pause Mark End 0.316ms
[2026-06-18T16:36:45.231+0800][4.276s][info][gc,phases   ] GC(42) Concurrent Process Non-Strong References 0.289ms
[2026-06-18T16:36:45.234+0800][4.278s][info][gc,phases   ] GC(42) Concurrent Reset Relocation Set 0.003ms
[2026-06-18T16:36:45.237+0800][4.281s][info][gc,phases   ] GC(42) Concurrent Destroy Detached Pages 0.002ms
[2026-06-18T16:36:45.241+0800][4.286s][info][gc,phases   ] GC(42) Concurrent Select Relocation Set 1.712ms
[2026-06-18T16:36:45.244+0800][4.289s][info][gc,phases   ] GC(42) Concurrent Prepare Relocation Set 0.003ms
[2026-06-18T16:36:45.249+0800][4.293s][info][gc,phases   ] GC(42) Pause Relocate Start 0.528ms
[2026-06-18T16:36:45.251+0800][4.295s][info][gc,phases   ] GC(42) Concurrent Relocate 0.562ms
[2026-06-18T16:36:45.252+0800][4.297s][info][gc,load     ] GC(42) Load: 0.92/0.42/0.26
[2026-06-18T16:36:45.256+0800][4.300s][info][gc,mmu      ] GC(42) MMU: 2ms/52.9%, 5ms/81.2%, 10ms/85.5%, 20ms/92.1%, 50ms/96.5%, 100ms/97.5%
[2026-06-18T16:36:45.258+0800][4.303s][info][gc,marking  ] GC(42) Mark: 2 stripe(s), 1 proactive flush(es), 1 terminate flush(es), 0 completion(s), 0 continuation(s) 
[2026-06-18T16:36:45.262+0800][4.306s][info][gc,reloc    ] GC(42) Relocation: Successful, 21M relocated
[2026-06-18T16:36:45.264+0800][4.308s][info][gc,nmethod  ] GC(42) NMethods: 15 registered, 0 unregistered
[2026-06-18T16:36:45.268+0800][4.312s][info][gc,metaspace] GC(42) Metaspace: 3M used, 4M capacity, 4M committed, 8M reserved
[2026-06-18T16:36:45.269+0800][4.313s][info][gc,ref      ] GC(42) Soft: 43 encountered, 0 discovered, 0 enqueued
[2026-06-18T16:36:45.272+0800][4.316s][info][gc,ref      ] GC(42) Weak: 7 encountered, 0 discovered, 0 enqueued
[2026-06-18T16:36:45.273+0800][4.317s][info][gc,ref      ] GC(42) Final: 0 encountered, 0 discovered, 0 enqueued
[2026-06-18T16:36:45.274+0800][4.319s][info][gc,ref      ] GC(42) Phantom: 1 encountered, 0 discovered, 0 enqueued
[2026-06-18T16:36:45.276+0800][4.320s][info][gc,heap     ] GC(42)                Mark Start          Mark End        Relocate Start      Relocate End           High               Low         
[2026-06-18T16:36:45.277+0800][4.321s][info][gc,heap     ] GC(42)  Capacity:      256M (100%)        256M (100%)        256M (100%)        256M (100%)        256M (100%)        256M (100%)   
[2026-06-18T16:36:45.279+0800][4.323s][info][gc,heap     ] GC(42)   Reserve:       62M (24%)          62M (24%)          62M (24%)          62M (24%)          62M (24%)          62M (24%)    
[2026-06-18T16:36:45.280+0800][4.324s][info][gc,heap     ] GC(42)      Free:      118M (46%)          80M (31%)         102M (40%)         106M (41%)         118M (46%)          78M (30%)    
[2026-06-18T16:36:45.282+0800][4.326s][info][gc,heap     ] GC(42)      Used:       76M (30%)         114M (45%)          92M (36%)          88M (34%)         116M (45%)          76M (30%)    
[2026-06-18T16:36:45.284+0800][4.328s][info][gc,heap     ] GC(42)      Live:         -                24M (10%)          24M (10%)          24M (10%)            -                  -          
[2026-06-18T16:36:45.286+0800][4.330s][info][gc,heap     ] GC(42) Allocated:         -                38M (15%)          44M (17%)          50M (20%)            -                  -          
[2026-06-18T16:36:45.287+0800][4.332s][info][gc,heap     ] GC(42)   Garbage:         -                51M (20%)          23M (9%)           19M (8%)             -                  -          
[2026-06-18T16:36:45.289+0800][4.333s][info][gc,heap     ] GC(42) Reclaimed:         -                  -                28M (11%)          32M (12%)            -                  -          
[2026-06-18T16:36:45.290+0800][4.334s][info][gc          ] GC(42) Garbage Collection (Allocation Rate) 76M(30%)->88M(34%)
[2026-06-18T16:36:45.319+0800][4.363s][info][gc,start    ] GC(43) Garbage Collection (Allocation Rate)
[2026-06-18T16:36:45.322+0800][4.366s][info][gc,phases   ] GC(43) Pause Mark Start 0.476ms
[2026-06-18T16:36:45.326+0800][4.370s][info][gc,phases   ] GC(43) Concurrent Mark 1.723ms
[2026-06-18T16:36:45.327+0800][4.371s][info][gc,phases   ] GC(43) Pause Mark End 0.273ms
[2026-06-18T16:36:45.329+0800][4.373s][info][gc,phases   ] GC(43) Concurrent Process Non-Strong References 0.075ms
[2026-06-18T16:36:45.330+0800][4.375s][info][gc,phases   ] GC(43) Concurrent Reset Relocation Set 0.002ms
[2026-06-18T16:36:45.333+0800][4.377s][info][gc,phases   ] GC(43) Concurrent Destroy Detached Pages 0.001ms
[2026-06-18T16:36:45.334+0800][4.379s][info][gc,phases   ] GC(43) Concurrent Select Relocation Set 0.762ms
[2026-06-18T16:36:45.336+0800][4.380s][info][gc,phases   ] GC(43) Concurrent Prepare Relocation Set 0.018ms
[2026-06-18T16:36:45.338+0800][4.382s][info][gc,phases   ] GC(43) Pause Relocate Start 0.373ms
[2026-06-18T16:36:45.341+0800][4.386s][info][gc,phases   ] GC(43) Concurrent Relocate 1.995ms
[2026-06-18T16:36:45.343+0800][4.387s][info][gc,load     ] GC(43) Load: 0.92/0.42/0.26
[2026-06-18T16:36:45.344+0800][4.388s][info][gc,mmu      ] GC(43) MMU: 2ms/52.9%, 5ms/81.2%, 10ms/85.5%, 20ms/92.1%, 50ms/96.5%, 100ms/97.5%
[2026-06-18T16:36:45.345+0800][4.389s][info][gc,marking  ] GC(43) Mark: 2 stripe(s), 2 proactive flush(es), 1 terminate flush(es), 0 completion(s), 0 continuation(s) 
[2026-06-18T16:36:45.345+0800][4.390s][info][gc,reloc    ] GC(43) Relocation: Successful, 22M relocated
[2026-06-18T16:36:45.346+0800][4.390s][info][gc,nmethod  ] GC(43) NMethods: 15 registered, 0 unregistered
[2026-06-18T16:36:45.347+0800][4.391s][info][gc,metaspace] GC(43) Metaspace: 3M used, 4M capacity, 4M committed, 8M reserved
[2026-06-18T16:36:45.348+0800][4.393s][info][gc,ref      ] GC(43) Soft: 43 encountered, 0 discovered, 0 enqueued
[2026-06-18T16:36:45.350+0800][4.394s][info][gc,ref      ] GC(43) Weak: 7 encountered, 2 discovered, 0 enqueued
[2026-06-18T16:36:45.351+0800][4.395s][info][gc,ref      ] GC(43) Final: 0 encountered, 0 discovered, 0 enqueued
[2026-06-18T16:36:45.352+0800][4.397s][info][gc,ref      ] GC(43) Phantom: 1 encountered, 1 discovered, 0 enqueued
[2026-06-18T16:36:45.353+0800][4.398s][info][gc,heap     ] GC(43)                Mark Start          Mark End        Relocate Start      Relocate End           High               Low         
[2026-06-18T16:36:45.355+0800][4.400s][info][gc,heap     ] GC(43)  Capacity:      256M (100%)        256M (100%)        256M (100%)        256M (100%)        256M (100%)        256M (100%)   
[2026-06-18T16:36:45.357+0800][4.401s][info][gc,heap     ] GC(43)   Reserve:       62M (24%)          62M (24%)          62M (24%)          62M (24%)          62M (24%)          62M (24%)    
[2026-06-18T16:36:45.358+0800][4.402s][info][gc,heap     ] GC(43)      Free:       78M (30%)          44M (17%)          72M (28%)         146M (57%)         146M (57%)          44M (17%)    
[2026-06-18T16:36:45.358+0800][4.403s][info][gc,heap     ] GC(43)      Used:      116M (45%)         150M (59%)         122M (48%)          48M (19%)         150M (59%)          48M (19%)    
[2026-06-18T16:36:45.359+0800][4.404s][info][gc,heap     ] GC(43)      Live:         -                22M (9%)           22M (9%)           22M (9%)             -                  -          
[2026-06-18T16:36:45.360+0800][4.404s][info][gc,heap     ] GC(43) Allocated:         -                34M (13%)          36M (14%)          42M (16%)            -                  -          
[2026-06-18T16:36:45.361+0800][4.405s][info][gc,heap     ] GC(43)   Garbage:         -                93M (37%)          63M (25%)    17592186044405M (6         -                  -          
[2026-06-18T16:36:45.362+0800][4.406s][info][gc,heap     ] GC(43) Reclaimed:         -                  -                30M (12%)         104M (41%)            -                  -          
[2026-06-18T16:36:45.363+0800][4.407s][info][gc          ] GC(43) Garbage Collection (Allocation Rate) 116M(45%)->48M(19%)
[2026-06-18T16:36:45.419+0800][4.463s][info][gc,start    ] GC(44) Garbage Collection (Allocation Rate)
[2026-06-18T16:36:45.422+0800][4.466s][info][gc,phases   ] GC(44) Pause Mark Start 0.376ms
[2026-06-18T16:36:45.428+0800][4.473s][info][gc,phases   ] GC(44) Concurrent Mark 1.886ms
[2026-06-18T16:36:45.431+0800][4.475s][info][gc,phases   ] GC(44) Pause Mark End 0.266ms
[2026-06-18T16:36:45.434+0800][4.478s][info][gc,phases   ] GC(44) Concurrent Process Non-Strong References 0.395ms
[2026-06-18T16:36:45.437+0800][4.482s][info][gc,phases   ] GC(44) Concurrent Reset Relocation Set 0.003ms
[2026-06-18T16:36:45.440+0800][4.484s][info][gc,phases   ] GC(44) Concurrent Destroy Detached Pages 0.001ms
[2026-06-18T16:36:45.444+0800][4.488s][info][gc,phases   ] GC(44) Concurrent Select Relocation Set 0.990ms
[2026-06-18T16:36:45.447+0800][4.491s][info][gc,phases   ] GC(44) Concurrent Prepare Relocation Set 0.015ms
[2026-06-18T16:36:45.450+0800][4.494s][info][gc,phases   ] GC(44) Pause Relocate Start 0.443ms
[2026-06-18T16:36:45.453+0800][4.497s][info][gc,phases   ] GC(44) Concurrent Relocate 0.424ms
[2026-06-18T16:36:45.454+0800][4.499s][info][gc,load     ] GC(44) Load: 0.92/0.42/0.26
[2026-06-18T16:36:45.458+0800][4.502s][info][gc,mmu      ] GC(44) MMU: 2ms/52.9%, 5ms/81.2%, 10ms/85.5%, 20ms/92.1%, 50ms/96.5%, 100ms/97.5%
[2026-06-18T16:36:45.461+0800][4.505s][info][gc,marking  ] GC(44) Mark: 2 stripe(s), 1 proactive flush(es), 1 terminate flush(es), 0 completion(s), 0 continuation(s) 
[2026-06-18T16:36:45.462+0800][4.506s][info][gc,reloc    ] GC(44) Relocation: Successful, 21M relocated
[2026-06-18T16:36:45.466+0800][4.510s][info][gc,nmethod  ] GC(44) NMethods: 15 registered, 0 unregistered
[2026-06-18T16:36:45.470+0800][4.514s][info][gc,metaspace] GC(44) Metaspace: 3M used, 4M capacity, 4M committed, 8M reserved
[2026-06-18T16:36:45.473+0800][4.518s][info][gc,ref      ] GC(44) Soft: 43 encountered, 0 discovered, 0 enqueued
[2026-06-18T16:36:45.477+0800][4.521s][info][gc,ref      ] GC(44) Weak: 7 encountered, 2 discovered, 0 enqueued
[2026-06-18T16:36:45.479+0800][4.523s][info][gc,ref      ] GC(44) Final: 0 encountered, 0 discovered, 0 enqueued
[2026-06-18T16:36:45.480+0800][4.524s][info][gc,ref      ] GC(44) Phantom: 1 encountered, 1 discovered, 0 enqueued
[2026-06-18T16:36:45.482+0800][4.526s][info][gc,heap     ] GC(44)                Mark Start          Mark End        Relocate Start      Relocate End           High               Low         
[2026-06-18T16:36:45.484+0800][4.528s][info][gc,heap     ] GC(44)  Capacity:      256M (100%)        256M (100%)        256M (100%)        256M (100%)        256M (100%)        256M (100%)   
[2026-06-18T16:36:45.485+0800][4.530s][info][gc,heap     ] GC(44)   Reserve:       62M (24%)          62M (24%)          62M (24%)          62M (24%)          62M (24%)          62M (24%)    
[2026-06-18T16:36:45.487+0800][4.531s][info][gc,heap     ] GC(44)      Free:      114M (45%)         110M (43%)         138M (54%)         106M (41%)         138M (54%)         102M (40%)    
[2026-06-18T16:36:45.489+0800][4.533s][info][gc,heap     ] GC(44)      Used:       80M (31%)          84M (33%)          56M (22%)          88M (34%)          92M (36%)          56M (22%)    
[2026-06-18T16:36:45.491+0800][4.535s][info][gc,heap     ] GC(44)      Live:         -                21M (8%)           21M (8%)           21M (8%)             -                  -          
[2026-06-18T16:36:45.495+0800][4.539s][info][gc,heap     ] GC(44) Allocated:         -                 4M (2%)            8M (3%)           52M (20%)            -                  -          
[2026-06-18T16:36:45.499+0800][4.543s][info][gc,heap     ] GC(44)   Garbage:         -                58M (23%)          26M (10%)          22M (9%)             -                  -          
[2026-06-18T16:36:45.502+0800][4.546s][info][gc,heap     ] GC(44) Reclaimed:         -                  -                32M (12%)          36M (14%)            -                  -          
[2026-06-18T16:36:45.505+0800][4.549s][info][gc          ] GC(44) Garbage Collection (Allocation Rate) 80M(31%)->88M(34%)
[2026-06-18T16:36:45.519+0800][4.563s][info][gc,start    ] GC(45) Garbage Collection (Allocation Rate)
[2026-06-18T16:36:45.522+0800][4.566s][info][gc,phases   ] GC(45) Pause Mark Start 0.161ms
[2026-06-18T16:36:45.528+0800][4.572s][info][gc,phases   ] GC(45) Concurrent Mark 1.670ms
[2026-06-18T16:36:45.533+0800][4.577s][info][gc,phases   ] GC(45) Pause Mark End 0.609ms
[2026-06-18T16:36:45.534+0800][4.579s][info][gc,phases   ] GC(45) Concurrent Process Non-Strong References 0.208ms
[2026-06-18T16:36:45.538+0800][4.582s][info][gc,phases   ] GC(45) Concurrent Reset Relocation Set 0.002ms
[2026-06-18T16:36:45.541+0800][4.585s][info][gc,phases   ] GC(45) Concurrent Destroy Detached Pages 0.001ms
[2026-06-18T16:36:45.546+0800][4.590s][info][gc,phases   ] GC(45) Concurrent Select Relocation Set 1.626ms
[2026-06-18T16:36:45.548+0800][4.592s][info][gc,phases   ] GC(45) Concurrent Prepare Relocation Set 0.017ms
[2026-06-18T16:36:45.550+0800][4.594s][info][gc,phases   ] GC(45) Pause Relocate Start 0.154ms
[2026-06-18T16:36:45.555+0800][4.599s][info][gc,phases   ] GC(45) Concurrent Relocate 1.730ms
[2026-06-18T16:36:45.559+0800][4.603s][info][gc,load     ] GC(45) Load: 0.92/0.42/0.26
[2026-06-18T16:36:45.560+0800][4.604s][info][gc,mmu      ] GC(45) MMU: 2ms/52.9%, 5ms/81.2%, 10ms/85.5%, 20ms/92.1%, 50ms/96.5%, 100ms/97.5%
[2026-06-18T16:36:45.562+0800][4.606s][info][gc,marking  ] GC(45) Mark: 2 stripe(s), 1 proactive flush(es), 1 terminate flush(es), 0 completion(s), 0 continuation(s) 
[2026-06-18T16:36:45.565+0800][4.609s][info][gc,reloc    ] GC(45) Relocation: Successful, 25M relocated
[2026-06-18T16:36:45.568+0800][4.612s][info][gc,nmethod  ] GC(45) NMethods: 17 registered, 0 unregistered
[2026-06-18T16:36:45.571+0800][4.615s][info][gc,metaspace] GC(45) Metaspace: 3M used, 4M capacity, 4M committed, 8M reserved
[2026-06-18T16:36:45.575+0800][4.619s][info][gc,ref      ] GC(45) Soft: 43 encountered, 0 discovered, 0 enqueued
[2026-06-18T16:36:45.578+0800][4.622s][info][gc,ref      ] GC(45) Weak: 7 encountered, 0 discovered, 0 enqueued
[2026-06-18T16:36:45.579+0800][4.623s][info][gc,ref      ] GC(45) Final: 0 encountered, 0 discovered, 0 enqueued
[2026-06-18T16:36:45.581+0800][4.625s][info][gc,ref      ] GC(45) Phantom: 1 encountered, 0 discovered, 0 enqueued
[2026-06-18T16:36:45.585+0800][4.629s][info][gc,heap     ] GC(45)                Mark Start          Mark End        Relocate Start      Relocate End           High               Low         
[2026-06-18T16:36:45.588+0800][4.633s][info][gc,heap     ] GC(45)  Capacity:      256M (100%)        256M (100%)        256M (100%)        256M (100%)        256M (100%)        256M (100%)   
[2026-06-18T16:36:45.591+0800][4.635s][info][gc,heap     ] GC(45)   Reserve:       62M (24%)          62M (24%)          62M (24%)          62M (24%)          62M (24%)          62M (24%)    
[2026-06-18T16:36:45.594+0800][4.638s][info][gc,heap     ] GC(45)      Free:       82M (32%)          78M (30%)          62M (24%)         136M (53%)         136M (53%)          56M (22%)    
[2026-06-18T16:36:45.597+0800][4.641s][info][gc,heap     ] GC(45)      Used:      112M (44%)         116M (45%)         132M (52%)          58M (23%)         138M (54%)          58M (23%)    
[2026-06-18T16:36:45.600+0800][4.644s][info][gc,heap     ] GC(45)      Live:         -                27M (11%)          27M (11%)          27M (11%)            -                  -          
[2026-06-18T16:36:45.604+0800][4.648s][info][gc,heap     ] GC(45) Allocated:         -                 4M (2%)           44M (17%)          52M (20%)            -                  -          
[2026-06-18T16:36:45.608+0800][4.652s][info][gc,heap     ] GC(45)   Garbage:         -                84M (33%)          60M (24%)    17592186044402M (6         -                  -          
[2026-06-18T16:36:45.610+0800][4.654s][info][gc,heap     ] GC(45) Reclaimed:         -                  -                24M (9%)           98M (38%)            -                  -          
[2026-06-18T16:36:45.613+0800][4.658s][info][gc          ] GC(45) Garbage Collection (Allocation Rate) 112M(44%)->58M(23%)
[2026-06-18T16:36:45.619+0800][4.663s][info][gc,start    ] GC(46) Garbage Collection (Allocation Rate)
[2026-06-18T16:36:45.622+0800][4.666s][info][gc,phases   ] GC(46) Pause Mark Start 0.267ms
[2026-06-18T16:36:45.625+0800][4.670s][info][gc,phases   ] GC(46) Concurrent Mark 1.473ms
[2026-06-18T16:36:45.629+0800][4.673s][info][gc,phases   ] GC(46) Pause Mark End 0.492ms
[2026-06-18T16:36:45.632+0800][4.676s][info][gc,phases   ] GC(46) Concurrent Process Non-Strong References 0.148ms
[2026-06-18T16:36:45.635+0800][4.679s][info][gc,phases   ] GC(46) Concurrent Reset Relocation Set 0.003ms
[2026-06-18T16:36:45.637+0800][4.681s][info][gc,phases   ] GC(46) Concurrent Destroy Detached Pages 0.001ms
[2026-06-18T16:36:45.639+0800][4.683s][info][gc,phases   ] GC(46) Concurrent Select Relocation Set 0.724ms
[2026-06-18T16:36:45.641+0800][4.685s][info][gc,phases   ] GC(46) Concurrent Prepare Relocation Set 0.005ms
[2026-06-18T16:36:45.645+0800][4.689s][info][gc,phases   ] GC(46) Pause Relocate Start 0.438ms
[2026-06-18T16:36:45.647+0800][4.691s][info][gc,phases   ] GC(46) Concurrent Relocate 0.474ms
[2026-06-18T16:36:45.650+0800][4.694s][info][gc,load     ] GC(46) Load: 0.92/0.42/0.26
[2026-06-18T16:36:45.653+0800][4.697s][info][gc,mmu      ] GC(46) MMU: 2ms/52.9%, 5ms/81.2%, 10ms/85.5%, 20ms/92.1%, 50ms/96.5%, 100ms/97.5%
[2026-06-18T16:36:45.657+0800][4.701s][info][gc,marking  ] GC(46) Mark: 2 stripe(s), 2 proactive flush(es), 1 terminate flush(es), 0 completion(s), 0 continuation(s) 
[2026-06-18T16:36:45.661+0800][4.705s][info][gc,reloc    ] GC(46) Relocation: Successful, 23M relocated
[2026-06-18T16:36:45.664+0800][4.708s][info][gc,nmethod  ] GC(46) NMethods: 17 registered, 0 unregistered
[2026-06-18T16:36:45.666+0800][4.710s][info][gc,metaspace] GC(46) Metaspace: 3M used, 4M capacity, 4M committed, 8M reserved
[2026-06-18T16:36:45.670+0800][4.714s][info][gc,ref      ] GC(46) Soft: 43 encountered, 0 discovered, 0 enqueued
[2026-06-18T16:36:45.672+0800][4.716s][info][gc,ref      ] GC(46) Weak: 7 encountered, 2 discovered, 0 enqueued
[2026-06-18T16:36:45.674+0800][4.718s][info][gc,ref      ] GC(46) Final: 0 encountered, 0 discovered, 0 enqueued
[2026-06-18T16:36:45.677+0800][4.722s][info][gc,ref      ] GC(46) Phantom: 1 encountered, 1 discovered, 0 enqueued
[2026-06-18T16:36:45.681+0800][4.725s][info][gc,heap     ] GC(46)                Mark Start          Mark End        Relocate Start      Relocate End           High               Low         
[2026-06-18T16:36:45.683+0800][4.727s][info][gc,heap     ] GC(46)  Capacity:      256M (100%)        256M (100%)        256M (100%)        256M (100%)        256M (100%)        256M (100%)   
[2026-06-18T16:36:45.685+0800][4.729s][info][gc,heap     ] GC(46)   Reserve:       62M (24%)          62M (24%)          62M (24%)          62M (24%)          62M (24%)          62M (24%)    
[2026-06-18T16:36:45.689+0800][4.733s][info][gc,heap     ] GC(46)      Free:      112M (44%)         108M (42%)         134M (52%)         108M (42%)         138M (54%)         104M (41%)    
[2026-06-18T16:36:45.693+0800][4.737s][info][gc,heap     ] GC(46)      Used:       82M (32%)          86M (34%)          60M (23%)          86M (34%)          90M (35%)          56M (22%)    
[2026-06-18T16:36:45.697+0800][4.741s][info][gc,heap     ] GC(46)      Live:         -                25M (10%)          25M (10%)          25M (10%)            -                  -          
[2026-06-18T16:36:45.699+0800][4.743s][info][gc,heap     ] GC(46) Allocated:         -                 4M (2%)            8M (3%)           50M (20%)            -                  -          
[2026-06-18T16:36:45.704+0800][4.748s][info][gc,heap     ] GC(46)   Garbage:         -                56M (22%)          26M (10%)          16M (6%)             -                  -          
[2026-06-18T16:36:45.707+0800][4.751s][info][gc,heap     ] GC(46) Reclaimed:         -                  -                30M (12%)          40M (16%)            -                  -          
[2026-06-18T16:36:45.710+0800][4.754s][info][gc          ] GC(46) Garbage Collection (Allocation Rate) 82M(32%)->86M(34%)
[2026-06-18T16:36:45.718+0800][4.762s][info][gc,start    ] GC(47) Garbage Collection (Allocation Rate)
[2026-06-18T16:36:45.723+0800][4.767s][info][gc,phases   ] GC(47) Pause Mark Start 0.400ms
[2026-06-18T16:36:45.727+0800][4.772s][info][gc,phases   ] GC(47) Concurrent Mark 1.461ms
[2026-06-18T16:36:45.729+0800][4.774s][info][gc,phases   ] GC(47) Pause Mark End 0.262ms
[2026-06-18T16:36:45.732+0800][4.776s][info][gc,phases   ] GC(47) Concurrent Process Non-Strong References 0.127ms
[2026-06-18T16:36:45.735+0800][4.780s][info][gc,phases   ] GC(47) Concurrent Reset Relocation Set 0.003ms
[2026-06-18T16:36:45.737+0800][4.781s][info][gc,phases   ] GC(47) Concurrent Destroy Detached Pages 0.001ms
[2026-06-18T16:36:45.738+0800][4.783s][info][gc,phases   ] GC(47) Concurrent Select Relocation Set 0.460ms
[2026-06-18T16:36:45.740+0800][4.784s][info][gc,phases   ] GC(47) Concurrent Prepare Relocation Set 0.003ms
[2026-06-18T16:36:45.741+0800][4.785s][info][gc,phases   ] GC(47) Pause Relocate Start 0.303ms
[2026-06-18T16:36:45.746+0800][4.790s][info][gc,phases   ] GC(47) Concurrent Relocate 2.073ms
[2026-06-18T16:36:45.748+0800][4.792s][info][gc,load     ] GC(47) Load: 0.92/0.42/0.26
[2026-06-18T16:36:45.749+0800][4.794s][info][gc,mmu      ] GC(47) MMU: 2ms/52.9%, 5ms/81.2%, 10ms/85.5%, 20ms/92.1%, 50ms/96.5%, 100ms/97.5%
[2026-06-18T16:36:45.751+0800][4.795s][info][gc,marking  ] GC(47) Mark: 2 stripe(s), 1 proactive flush(es), 1 terminate flush(es), 0 completion(s), 0 continuation(s) 
[2026-06-18T16:36:45.752+0800][4.796s][info][gc,reloc    ] GC(47) Relocation: Successful, 29M relocated
[2026-06-18T16:36:45.753+0800][4.797s][info][gc,nmethod  ] GC(47) NMethods: 17 registered, 0 unregistered
[2026-06-18T16:36:45.754+0800][4.798s][info][gc,metaspace] GC(47) Metaspace: 3M used, 4M capacity, 4M committed, 8M reserved
[2026-06-18T16:36:45.755+0800][4.799s][info][gc,ref      ] GC(47) Soft: 43 encountered, 0 discovered, 0 enqueued
[2026-06-18T16:36:45.757+0800][4.802s][info][gc,ref      ] GC(47) Weak: 7 encountered, 0 discovered, 0 enqueued
[2026-06-18T16:36:45.758+0800][4.802s][info][gc,ref      ] GC(47) Final: 0 encountered, 0 discovered, 0 enqueued
[2026-06-18T16:36:45.760+0800][4.804s][info][gc,ref      ] GC(47) Phantom: 1 encountered, 1 discovered, 0 enqueued
[2026-06-18T16:36:45.761+0800][4.805s][info][gc,heap     ] GC(47)                Mark Start          Mark End        Relocate Start      Relocate End           High               Low         
[2026-06-18T16:36:45.762+0800][4.806s][info][gc,heap     ] GC(47)  Capacity:      256M (100%)        256M (100%)        256M (100%)        256M (100%)        256M (100%)        256M (100%)   
[2026-06-18T16:36:45.764+0800][4.808s][info][gc,heap     ] GC(47)   Reserve:       62M (24%)          62M (24%)          62M (24%)          62M (24%)          62M (24%)          62M (24%)    
[2026-06-18T16:36:45.767+0800][4.811s][info][gc,heap     ] GC(47)      Free:       80M (31%)          80M (31%)         110M (43%)         140M (55%)         140M (55%)          68M (27%)    
[2026-06-18T16:36:45.770+0800][4.814s][info][gc,heap     ] GC(47)      Used:      114M (45%)         114M (45%)          84M (33%)          54M (21%)         126M (49%)          54M (21%)    
[2026-06-18T16:36:45.773+0800][4.817s][info][gc,heap     ] GC(47)      Live:         -                30M (12%)          30M (12%)          30M (12%)            -                  -          
[2026-06-18T16:36:45.775+0800][4.819s][info][gc,heap     ] GC(47) Allocated:         -                 0M (0%)            4M (2%)           48M (19%)            -                  -          
[2026-06-18T16:36:45.777+0800][4.821s][info][gc,heap     ] GC(47)   Garbage:         -                83M (32%)          49M (19%)          15M (6%)             -                  -          
[2026-06-18T16:36:45.779+0800][4.823s][info][gc,heap     ] GC(47) Reclaimed:         -                  -                34M (13%)          68M (27%)            -                  -          
[2026-06-18T16:36:45.780+0800][4.824s][info][gc          ] GC(47) Garbage Collection (Allocation Rate) 114M(45%)->54M(21%)
[2026-06-18T16:36:45.781+0800][4.825s][info][gc,start    ] GC(48) Garbage Collection (System.gc())
[2026-06-18T16:36:45.783+0800][4.827s][info][gc,phases   ] GC(48) Pause Mark Start 0.160ms
[2026-06-18T16:36:45.785+0800][4.829s][info][gc,phases   ] GC(48) Concurrent Mark 1.424ms
[2026-06-18T16:36:45.788+0800][4.832s][info][gc,phases   ] GC(48) Pause Mark End 0.293ms
[2026-06-18T16:36:45.790+0800][4.835s][info][gc,phases   ] GC(48) Concurrent Process Non-Strong References 0.264ms
[2026-06-18T16:36:45.792+0800][4.836s][info][gc,phases   ] GC(48) Concurrent Reset Relocation Set 0.003ms
[2026-06-18T16:36:45.793+0800][4.837s][info][gc,phases   ] GC(48) Concurrent Destroy Detached Pages 0.001ms
[2026-06-18T16:36:45.794+0800][4.839s][info][gc,phases   ] GC(48) Concurrent Select Relocation Set 0.491ms
[2026-06-18T16:36:45.796+0800][4.840s][info][gc,phases   ] GC(48) Concurrent Prepare Relocation Set 0.007ms
[2026-06-18T16:36:45.798+0800][4.842s][info][gc,phases   ] GC(48) Pause Relocate Start 0.140ms
[2026-06-18T16:36:45.800+0800][4.844s][info][gc,phases   ] GC(48) Concurrent Relocate 0.751ms
[2026-06-18T16:36:45.802+0800][4.846s][info][gc,load     ] GC(48) Load: 0.92/0.42/0.26
[2026-06-18T16:36:45.803+0800][4.847s][info][gc,mmu      ] GC(48) MMU: 2ms/52.9%, 5ms/81.2%, 10ms/85.5%, 20ms/92.1%, 50ms/96.5%, 100ms/97.5%
[2026-06-18T16:36:45.804+0800][4.848s][info][gc,marking  ] GC(48) Mark: 8 stripe(s), 2 proactive flush(es), 1 terminate flush(es), 0 completion(s), 0 continuation(s) 
[2026-06-18T16:36:45.805+0800][4.849s][info][gc,reloc    ] GC(48) Relocation: Successful, 21M relocated
[2026-06-18T16:36:45.805+0800][4.850s][info][gc,nmethod  ] GC(48) NMethods: 17 registered, 0 unregistered
[2026-06-18T16:36:45.806+0800][4.850s][info][gc,metaspace] GC(48) Metaspace: 3M used, 4M capacity, 4M committed, 8M reserved
[2026-06-18T16:36:45.807+0800][4.851s][info][gc,ref      ] GC(48) Soft: 43 encountered, 0 discovered, 0 enqueued
[2026-06-18T16:36:45.807+0800][4.851s][info][gc,ref      ] GC(48) Weak: 7 encountered, 0 discovered, 0 enqueued
[2026-06-18T16:36:45.808+0800][4.852s][info][gc,ref      ] GC(48) Final: 0 encountered, 0 discovered, 0 enqueued
[2026-06-18T16:36:45.809+0800][4.853s][info][gc,ref      ] GC(48) Phantom: 1 encountered, 0 discovered, 0 enqueued
[2026-06-18T16:36:45.809+0800][4.854s][info][gc,heap     ] GC(48)                Mark Start          Mark End        Relocate Start      Relocate End           High               Low         
[2026-06-18T16:36:45.810+0800][4.854s][info][gc,heap     ] GC(48)  Capacity:      256M (100%)        256M (100%)        256M (100%)        256M (100%)        256M (100%)        256M (100%)   
[2026-06-18T16:36:45.811+0800][4.855s][info][gc,heap     ] GC(48)   Reserve:       62M (24%)          62M (24%)          62M (24%)          62M (24%)          62M (24%)          62M (24%)    
[2026-06-18T16:36:45.812+0800][4.856s][info][gc,heap     ] GC(48)      Free:      132M (52%)         132M (52%)         148M (58%)         150M (59%)         150M (59%)         132M (52%)    
[2026-06-18T16:36:45.812+0800][4.857s][info][gc,heap     ] GC(48)      Used:       62M (24%)          62M (24%)          46M (18%)          44M (17%)          62M (24%)          44M (17%)    
[2026-06-18T16:36:45.813+0800][4.858s][info][gc,heap     ] GC(48)      Live:         -                22M (9%)           22M (9%)           22M (9%)             -                  -          
[2026-06-18T16:36:45.814+0800][4.858s][info][gc,heap     ] GC(48) Allocated:         -                 0M (0%)            0M (0%)            6M (2%)             -                  -          
[2026-06-18T16:36:45.814+0800][4.859s][info][gc,heap     ] GC(48)   Garbage:         -                39M (15%)          23M (9%)           21M (8%)             -                  -          
[2026-06-18T16:36:45.818+0800][4.862s][info][gc,heap     ] GC(48) Reclaimed:         -                  -                16M (6%)           18M (7%)             -                  -          
[2026-06-18T16:36:45.819+0800][4.863s][info][gc          ] GC(48) Garbage Collection (System.gc()) 62M(24%)->44M(17%)
[2026-06-18T16:36:45.918+0800][4.963s][info][gc,start    ] GC(49) Garbage Collection (Allocation Rate)
[2026-06-18T16:36:45.923+0800][4.967s][info][gc,phases   ] GC(49) Pause Mark Start 0.479ms
[2026-06-18T16:36:45.927+0800][4.971s][info][gc,phases   ] GC(49) Concurrent Mark 1.542ms
[2026-06-18T16:36:45.931+0800][4.976s][info][gc,phases   ] GC(49) Pause Mark End 0.747ms
[2026-06-18T16:36:45.933+0800][4.977s][info][gc,phases   ] GC(49) Concurrent Process Non-Strong References 0.332ms
[2026-06-18T16:36:45.935+0800][4.979s][info][gc,phases   ] GC(49) Concurrent Reset Relocation Set 0.001ms
[2026-06-18T16:36:45.936+0800][4.980s][info][gc,phases   ] GC(49) Concurrent Destroy Detached Pages 0.001ms
[2026-06-18T16:36:45.938+0800][4.983s][info][gc,phases   ] GC(49) Concurrent Select Relocation Set 1.487ms
[2026-06-18T16:36:45.940+0800][4.984s][info][gc,phases   ] GC(49) Concurrent Prepare Relocation Set 0.013ms
[2026-06-18T16:36:45.942+0800][4.986s][info][gc,phases   ] GC(49) Pause Relocate Start 0.291ms
[2026-06-18T16:36:45.946+0800][4.990s][info][gc,phases   ] GC(49) Concurrent Relocate 2.048ms
[2026-06-18T16:36:45.947+0800][4.991s][info][gc,load     ] GC(49) Load: 0.92/0.42/0.26
[2026-06-18T16:36:45.948+0800][4.992s][info][gc,mmu      ] GC(49) MMU: 2ms/52.9%, 5ms/81.2%, 10ms/85.5%, 20ms/92.1%, 50ms/96.5%, 100ms/97.5%
[2026-06-18T16:36:45.950+0800][4.994s][info][gc,marking  ] GC(49) Mark: 2 stripe(s), 1 proactive flush(es), 1 terminate flush(es), 0 completion(s), 0 continuation(s) 
[2026-06-18T16:36:45.951+0800][4.995s][info][gc,reloc    ] GC(49) Relocation: Successful, 27M relocated
[2026-06-18T16:36:45.952+0800][4.996s][info][gc,nmethod  ] GC(49) NMethods: 17 registered, 0 unregistered
[2026-06-18T16:36:45.953+0800][4.998s][info][gc,metaspace] GC(49) Metaspace: 3M used, 4M capacity, 4M committed, 8M reserved
[2026-06-18T16:36:45.955+0800][4.999s][info][gc,ref      ] GC(49) Soft: 43 encountered, 0 discovered, 0 enqueued
[2026-06-18T16:36:45.956+0800][5.000s][info][gc,ref      ] GC(49) Weak: 7 encountered, 2 discovered, 0 enqueued
[2026-06-18T16:36:45.957+0800][5.001s][info][gc,ref      ] GC(49) Final: 0 encountered, 0 discovered, 0 enqueued
[2026-06-18T16:36:45.957+0800][5.002s][info][gc,ref      ] GC(49) Phantom: 1 encountered, 1 discovered, 0 enqueued
[2026-06-18T16:36:45.959+0800][5.003s][info][gc,heap     ] GC(49)                Mark Start          Mark End        Relocate Start      Relocate End           High               Low         
[2026-06-18T16:36:45.961+0800][5.005s][info][gc,heap     ] GC(49)  Capacity:      256M (100%)        256M (100%)        256M (100%)        256M (100%)        256M (100%)        256M (100%)   
[2026-06-18T16:36:45.962+0800][5.006s][info][gc,heap     ] GC(49)   Reserve:       62M (24%)          62M (24%)          62M (24%)          62M (24%)          62M (24%)          62M (24%)    
[2026-06-18T16:36:45.963+0800][5.007s][info][gc,heap     ] GC(49)      Free:       82M (32%)          44M (17%)          64M (25%)         138M (54%)         138M (54%)          44M (17%)    
[2026-06-18T16:36:45.964+0800][5.008s][info][gc,heap     ] GC(49)      Used:      112M (44%)         150M (59%)         130M (51%)          56M (22%)         150M (59%)          56M (22%)    
[2026-06-18T16:36:45.965+0800][5.009s][info][gc,heap     ] GC(49)      Live:         -                28M (11%)          28M (11%)          28M (11%)            -                  -          
[2026-06-18T16:36:45.966+0800][5.010s][info][gc,heap     ] GC(49) Allocated:         -                38M (15%)          42M (16%)          54M (21%)            -                  -          
[2026-06-18T16:36:45.967+0800][5.011s][info][gc,heap     ] GC(49)   Garbage:         -                83M (33%)          59M (23%)    17592186044401M (6         -                  -          
[2026-06-18T16:36:45.967+0800][5.012s][info][gc,heap     ] GC(49) Reclaimed:         -                  -                24M (9%)           98M (38%)            -                  -          
[2026-06-18T16:36:45.968+0800][5.013s][info][gc          ] GC(49) Garbage Collection (Allocation Rate) 112M(44%)->56M(22%)
[2026-06-18T16:36:46.018+0800][5.063s][info][gc,start    ] GC(50) Garbage Collection (Allocation Rate)
[2026-06-18T16:36:46.021+0800][5.065s][info][gc,phases   ] GC(50) Pause Mark Start 0.328ms
[2026-06-18T16:36:46.024+0800][5.068s][info][gc,phases   ] GC(50) Concurrent Mark 1.969ms
[2026-06-18T16:36:46.026+0800][5.070s][info][gc,phases   ] GC(50) Pause Mark End 0.280ms
[2026-06-18T16:36:46.027+0800][5.071s][info][gc,phases   ] GC(50) Concurrent Process Non-Strong References 0.124ms
[2026-06-18T16:36:46.028+0800][5.072s][info][gc,phases   ] GC(50) Concurrent Reset Relocation Set 0.003ms
[2026-06-18T16:36:46.028+0800][5.073s][info][gc,phases   ] GC(50) Concurrent Destroy Detached Pages 0.001ms
[2026-06-18T16:36:46.030+0800][5.074s][info][gc,phases   ] GC(50) Concurrent Select Relocation Set 0.448ms
[2026-06-18T16:36:46.031+0800][5.075s][info][gc,phases   ] GC(50) Concurrent Prepare Relocation Set 0.002ms
[2026-06-18T16:36:46.032+0800][5.076s][info][gc,phases   ] GC(50) Pause Relocate Start 0.168ms
[2026-06-18T16:36:46.033+0800][5.077s][info][gc,phases   ] GC(50) Concurrent Relocate 0.243ms
[2026-06-18T16:36:46.034+0800][5.078s][info][gc,load     ] GC(50) Load: 0.92/0.42/0.26
[2026-06-18T16:36:46.035+0800][5.079s][info][gc,mmu      ] GC(50) MMU: 2ms/52.9%, 5ms/81.2%, 10ms/85.5%, 20ms/92.1%, 50ms/96.5%, 100ms/97.5%
[2026-06-18T16:36:46.035+0800][5.080s][info][gc,marking  ] GC(50) Mark: 2 stripe(s), 1 proactive flush(es), 1 terminate flush(es), 0 completion(s), 0 continuation(s) 
[2026-06-18T16:36:46.036+0800][5.080s][info][gc,reloc    ] GC(50) Relocation: Successful, 17M relocated
[2026-06-18T16:36:46.036+0800][5.081s][info][gc,nmethod  ] GC(50) NMethods: 17 registered, 0 unregistered
[2026-06-18T16:36:46.037+0800][5.081s][info][gc,metaspace] GC(50) Metaspace: 3M used, 4M capacity, 4M committed, 8M reserved
[2026-06-18T16:36:46.038+0800][5.082s][info][gc,ref      ] GC(50) Soft: 43 encountered, 0 discovered, 0 enqueued
[2026-06-18T16:36:46.039+0800][5.083s][info][gc,ref      ] GC(50) Weak: 7 encountered, 2 discovered, 0 enqueued
[2026-06-18T16:36:46.040+0800][5.084s][info][gc,ref      ] GC(50) Final: 0 encountered, 0 discovered, 0 enqueued
[2026-06-18T16:36:46.041+0800][5.086s][info][gc,ref      ] GC(50) Phantom: 1 encountered, 1 discovered, 0 enqueued
[2026-06-18T16:36:46.042+0800][5.086s][info][gc,heap     ] GC(50)                Mark Start          Mark End        Relocate Start      Relocate End           High               Low         
[2026-06-18T16:36:46.043+0800][5.087s][info][gc,heap     ] GC(50)  Capacity:      256M (100%)        256M (100%)        256M (100%)        256M (100%)        256M (100%)        256M (100%)   
[2026-06-18T16:36:46.043+0800][5.087s][info][gc,heap     ] GC(50)   Reserve:       62M (24%)          62M (24%)          62M (24%)          62M (24%)          62M (24%)          62M (24%)    
[2026-06-18T16:36:46.044+0800][5.088s][info][gc,heap     ] GC(50)      Free:      110M (43%)          72M (28%)         104M (41%)         116M (45%)         116M (45%)          72M (28%)    
[2026-06-18T16:36:46.045+0800][5.089s][info][gc,heap     ] GC(50)      Used:       84M (33%)         122M (48%)          90M (35%)          78M (30%)         122M (48%)          78M (30%)    
[2026-06-18T16:36:46.045+0800][5.090s][info][gc,heap     ] GC(50)      Live:         -                20M (8%)           20M (8%)           20M (8%)             -                  -          
[2026-06-18T16:36:46.046+0800][5.090s][info][gc,heap     ] GC(50) Allocated:         -                38M (15%)          38M (15%)          42M (16%)            -                  -          
[2026-06-18T16:36:46.047+0800][5.091s][info][gc,heap     ] GC(50)   Garbage:         -                63M (25%)          31M (12%)          19M (8%)             -                  -          
[2026-06-18T16:36:46.048+0800][5.092s][info][gc,heap     ] GC(50) Reclaimed:         -                  -                32M (12%)          44M (17%)            -                  -          
[2026-06-18T16:36:46.050+0800][5.094s][info][gc          ] GC(50) Garbage Collection (Allocation Rate) 84M(33%)->78M(30%)
[2026-06-18T16:36:46.119+0800][5.163s][info][gc,start    ] GC(51) Garbage Collection (Allocation Rate)
[2026-06-18T16:36:46.122+0800][5.166s][info][gc,phases   ] GC(51) Pause Mark Start 0.608ms
[2026-06-18T16:36:46.126+0800][5.170s][info][gc,phases   ] GC(51) Concurrent Mark 1.710ms
[2026-06-18T16:36:46.128+0800][5.173s][info][gc,phases   ] GC(51) Pause Mark End 0.283ms
[2026-06-18T16:36:46.129+0800][5.174s][info][gc,phases   ] GC(51) Concurrent Process Non-Strong References 0.062ms
[2026-06-18T16:36:46.130+0800][5.175s][info][gc,phases   ] GC(51) Concurrent Reset Relocation Set 0.001ms
[2026-06-18T16:36:46.132+0800][5.176s][info][gc,phases   ] GC(51) Concurrent Destroy Detached Pages 0.001ms
[2026-06-18T16:36:46.133+0800][5.177s][info][gc,phases   ] GC(51) Concurrent Select Relocation Set 0.505ms
[2026-06-18T16:36:46.134+0800][5.178s][info][gc,phases   ] GC(51) Concurrent Prepare Relocation Set 0.009ms
[2026-06-18T16:36:46.135+0800][5.179s][info][gc,phases   ] GC(51) Pause Relocate Start 0.151ms
[2026-06-18T16:36:46.137+0800][5.181s][info][gc,phases   ] GC(51) Concurrent Relocate 1.118ms
[2026-06-18T16:36:46.137+0800][5.182s][info][gc,load     ] GC(51) Load: 0.92/0.42/0.26
[2026-06-18T16:36:46.138+0800][5.182s][info][gc,mmu      ] GC(51) MMU: 2ms/52.9%, 5ms/81.2%, 10ms/85.5%, 20ms/92.1%, 50ms/96.5%, 100ms/97.5%
[2026-06-18T16:36:46.139+0800][5.183s][info][gc,marking  ] GC(51) Mark: 2 stripe(s), 1 proactive flush(es), 1 terminate flush(es), 0 completion(s), 0 continuation(s) 
[2026-06-18T16:36:46.140+0800][5.184s][info][gc,reloc    ] GC(51) Relocation: Successful, 17M relocated
[2026-06-18T16:36:46.141+0800][5.185s][info][gc,nmethod  ] GC(51) NMethods: 17 registered, 0 unregistered
[2026-06-18T16:36:46.143+0800][5.187s][info][gc,metaspace] GC(51) Metaspace: 3M used, 4M capacity, 4M committed, 8M reserved
[2026-06-18T16:36:46.144+0800][5.189s][info][gc,ref      ] GC(51) Soft: 43 encountered, 0 discovered, 0 enqueued
[2026-06-18T16:36:46.146+0800][5.190s][info][gc,ref      ] GC(51) Weak: 7 encountered, 0 discovered, 0 enqueued
[2026-06-18T16:36:46.146+0800][5.191s][info][gc,ref      ] GC(51) Final: 0 encountered, 0 discovered, 0 enqueued
[2026-06-18T16:36:46.148+0800][5.192s][info][gc,ref      ] GC(51) Phantom: 1 encountered, 1 discovered, 0 enqueued
[2026-06-18T16:36:46.149+0800][5.193s][info][gc,heap     ] GC(51)                Mark Start          Mark End        Relocate Start      Relocate End           High               Low         
[2026-06-18T16:36:46.150+0800][5.194s][info][gc,heap     ] GC(51)  Capacity:      256M (100%)        256M (100%)        256M (100%)        256M (100%)        256M (100%)        256M (100%)   
[2026-06-18T16:36:46.151+0800][5.196s][info][gc,heap     ] GC(51)   Reserve:       62M (24%)          62M (24%)          62M (24%)          62M (24%)          62M (24%)          62M (24%)    
[2026-06-18T16:36:46.153+0800][5.197s][info][gc,heap     ] GC(51)      Free:       80M (31%)          80M (31%)         108M (42%)         146M (57%)         146M (57%)          68M (27%)    
[2026-06-18T16:36:46.154+0800][5.198s][info][gc,heap     ] GC(51)      Used:      114M (45%)         114M (45%)          86M (34%)          48M (19%)         126M (49%)          48M (19%)    
[2026-06-18T16:36:46.155+0800][5.199s][info][gc,heap     ] GC(51)      Live:         -                19M (8%)           19M (8%)           19M (8%)             -                  -          
[2026-06-18T16:36:46.156+0800][5.200s][info][gc,heap     ] GC(51) Allocated:         -                 0M (0%)            4M (2%)           46M (18%)            -                  -          
[2026-06-18T16:36:46.157+0800][5.201s][info][gc,heap     ] GC(51)   Garbage:         -                94M (37%)          62M (24%)          24M (9%)             -                  -          
[2026-06-18T16:36:46.158+0800][5.202s][info][gc,heap     ] GC(51) Reclaimed:         -                  -                32M (12%)          70M (27%)            -                  -          
[2026-06-18T16:36:46.159+0800][5.203s][info][gc          ] GC(51) Garbage Collection (Allocation Rate) 114M(45%)->48M(19%)
[2026-06-18T16:36:46.219+0800][5.263s][info][gc,start    ] GC(52) Garbage Collection (Allocation Rate)
[2026-06-18T16:36:46.223+0800][5.267s][info][gc,phases   ] GC(52) Pause Mark Start 0.492ms
[2026-06-18T16:36:46.228+0800][5.272s][info][gc,phases   ] GC(52) Concurrent Mark 2.063ms
[2026-06-18T16:36:46.233+0800][5.277s][info][gc,phases   ] GC(52) Pause Mark End 0.781ms
[2026-06-18T16:36:46.235+0800][5.279s][info][gc,phases   ] GC(52) Concurrent Process Non-Strong References 0.133ms
[2026-06-18T16:36:46.236+0800][5.281s][info][gc,phases   ] GC(52) Concurrent Reset Relocation Set 0.003ms
[2026-06-18T16:36:46.238+0800][5.282s][info][gc,phases   ] GC(52) Concurrent Destroy Detached Pages 0.001ms
[2026-06-18T16:36:46.239+0800][5.283s][info][gc,phases   ] GC(52) Concurrent Select Relocation Set 0.453ms
[2026-06-18T16:36:46.243+0800][5.287s][info][gc,phases   ] GC(52) Concurrent Prepare Relocation Set 0.005ms
[2026-06-18T16:36:46.248+0800][5.292s][info][gc,phases   ] GC(52) Pause Relocate Start 0.380ms
[2026-06-18T16:36:46.250+0800][5.294s][info][gc,phases   ] GC(52) Concurrent Relocate 0.170ms
[2026-06-18T16:36:46.252+0800][5.296s][info][gc,load     ] GC(52) Load: 0.92/0.42/0.26
[2026-06-18T16:36:46.256+0800][5.300s][info][gc,mmu      ] GC(52) MMU: 2ms/52.9%, 5ms/81.2%, 10ms/85.5%, 20ms/92.1%, 50ms/96.5%, 100ms/97.5%
[2026-06-18T16:36:46.259+0800][5.303s][info][gc,marking  ] GC(52) Mark: 2 stripe(s), 2 proactive flush(es), 1 terminate flush(es), 0 completion(s), 0 continuation(s) 
[2026-06-18T16:36:46.261+0800][5.305s][info][gc,reloc    ] GC(52) Relocation: Successful, 22M relocated
[2026-06-18T16:36:46.262+0800][5.306s][info][gc,nmethod  ] GC(52) NMethods: 17 registered, 0 unregistered
[2026-06-18T16:36:46.265+0800][5.309s][info][gc,metaspace] GC(52) Metaspace: 3M used, 4M capacity, 4M committed, 8M reserved
[2026-06-18T16:36:46.268+0800][5.312s][info][gc,ref      ] GC(52) Soft: 43 encountered, 0 discovered, 0 enqueued
[2026-06-18T16:36:46.269+0800][5.313s][info][gc,ref      ] GC(52) Weak: 7 encountered, 0 discovered, 0 enqueued
[2026-06-18T16:36:46.272+0800][5.316s][info][gc,ref      ] GC(52) Final: 0 encountered, 0 discovered, 0 enqueued
[2026-06-18T16:36:46.273+0800][5.318s][info][gc,ref      ] GC(52) Phantom: 1 encountered, 1 discovered, 0 enqueued
[2026-06-18T16:36:46.275+0800][5.319s][info][gc,heap     ] GC(52)                Mark Start          Mark End        Relocate Start      Relocate End           High               Low         
[2026-06-18T16:36:46.277+0800][5.321s][info][gc,heap     ] GC(52)  Capacity:      256M (100%)        256M (100%)        256M (100%)        256M (100%)        256M (100%)        256M (100%)   
[2026-06-18T16:36:46.278+0800][5.322s][info][gc,heap     ] GC(52)   Reserve:       62M (24%)          62M (24%)          62M (24%)          62M (24%)          62M (24%)          62M (24%)    
[2026-06-18T16:36:46.281+0800][5.326s][info][gc,heap     ] GC(52)      Free:      114M (45%)         110M (43%)         100M (39%)         106M (41%)         136M (53%)          96M (38%)    
[2026-06-18T16:36:46.283+0800][5.327s][info][gc,heap     ] GC(52)      Used:       80M (31%)          84M (33%)          94M (37%)          88M (34%)          98M (38%)          58M (23%)    
[2026-06-18T16:36:46.285+0800][5.329s][info][gc,heap     ] GC(52)      Live:         -                25M (10%)          25M (10%)          25M (10%)            -                  -          
[2026-06-18T16:36:46.286+0800][5.331s][info][gc,heap     ] GC(52) Allocated:         -                 4M (2%)           44M (17%)          48M (19%)            -                  -          
[2026-06-18T16:36:46.288+0800][5.332s][info][gc,heap     ] GC(52)   Garbage:         -                54M (21%)          24M (9%)           18M (7%)             -                  -          
[2026-06-18T16:36:46.290+0800][5.334s][info][gc,heap     ] GC(52) Reclaimed:         -                  -                30M (12%)          36M (14%)            -                  -          
[2026-06-18T16:36:46.290+0800][5.335s][info][gc          ] GC(52) Garbage Collection (Allocation Rate) 80M(31%)->88M(34%)
[2026-06-18T16:36:46.318+0800][5.362s][info][gc,start    ] GC(53) Garbage Collection (Allocation Rate)
[2026-06-18T16:36:46.322+0800][5.366s][info][gc,phases   ] GC(53) Pause Mark Start 0.490ms
[2026-06-18T16:36:46.327+0800][5.371s][info][gc,phases   ] GC(53) Concurrent Mark 1.560ms
[2026-06-18T16:36:46.330+0800][5.375s][info][gc,phases   ] GC(53) Pause Mark End 0.667ms
[2026-06-18T16:36:46.333+0800][5.377s][info][gc,phases   ] GC(53) Concurrent Process Non-Strong References 0.116ms
[2026-06-18T16:36:46.334+0800][5.379s][info][gc,phases   ] GC(53) Concurrent Reset Relocation Set 0.002ms
[2026-06-18T16:36:46.336+0800][5.380s][info][gc,phases   ] GC(53) Concurrent Destroy Detached Pages 0.001ms
[2026-06-18T16:36:46.339+0800][5.383s][info][gc,phases   ] GC(53) Concurrent Select Relocation Set 1.528ms
[2026-06-18T16:36:46.341+0800][5.386s][info][gc,phases   ] GC(53) Concurrent Prepare Relocation Set 0.009ms
[2026-06-18T16:36:46.343+0800][5.388s][info][gc,phases   ] GC(53) Pause Relocate Start 0.335ms
[2026-06-18T16:36:46.347+0800][5.391s][info][gc,phases   ] GC(53) Concurrent Relocate 1.882ms
[2026-06-18T16:36:46.349+0800][5.394s][info][gc,load     ] GC(53) Load: 0.92/0.42/0.26
[2026-06-18T16:36:46.351+0800][5.395s][info][gc,mmu      ] GC(53) MMU: 2ms/52.9%, 5ms/81.2%, 10ms/85.5%, 20ms/92.1%, 50ms/96.5%, 100ms/97.5%
[2026-06-18T16:36:46.353+0800][5.397s][info][gc,marking  ] GC(53) Mark: 2 stripe(s), 2 proactive flush(es), 1 terminate flush(es), 0 completion(s), 0 continuation(s) 
[2026-06-18T16:36:46.355+0800][5.399s][info][gc,reloc    ] GC(53) Relocation: Successful, 22M relocated
[2026-06-18T16:36:46.356+0800][5.400s][info][gc,nmethod  ] GC(53) NMethods: 17 registered, 0 unregistered
[2026-06-18T16:36:46.358+0800][5.402s][info][gc,metaspace] GC(53) Metaspace: 3M used, 4M capacity, 4M committed, 8M reserved
[2026-06-18T16:36:46.359+0800][5.403s][info][gc,ref      ] GC(53) Soft: 43 encountered, 0 discovered, 0 enqueued
[2026-06-18T16:36:46.361+0800][5.405s][info][gc,ref      ] GC(53) Weak: 7 encountered, 2 discovered, 0 enqueued
[2026-06-18T16:36:46.362+0800][5.407s][info][gc,ref      ] GC(53) Final: 0 encountered, 0 discovered, 0 enqueued
[2026-06-18T16:36:46.364+0800][5.408s][info][gc,ref      ] GC(53) Phantom: 1 encountered, 1 discovered, 0 enqueued
[2026-06-18T16:36:46.365+0800][5.409s][info][gc,heap     ] GC(53)                Mark Start          Mark End        Relocate Start      Relocate End           High               Low         
[2026-06-18T16:36:46.366+0800][5.410s][info][gc,heap     ] GC(53)  Capacity:      256M (100%)        256M (100%)        256M (100%)        256M (100%)        256M (100%)        256M (100%)   
[2026-06-18T16:36:46.366+0800][5.411s][info][gc,heap     ] GC(53)   Reserve:       62M (24%)          62M (24%)          62M (24%)          62M (24%)          62M (24%)          62M (24%)    
[2026-06-18T16:36:46.367+0800][5.412s][info][gc,heap     ] GC(53)      Free:       82M (32%)          78M (30%)         106M (41%)         136M (53%)         136M (53%)          66M (26%)    
[2026-06-18T16:36:46.369+0800][5.413s][info][gc,heap     ] GC(53)      Used:      112M (44%)         116M (45%)          88M (34%)          58M (23%)         128M (50%)          58M (23%)    
[2026-06-18T16:36:46.370+0800][5.414s][info][gc,heap     ] GC(53)      Live:         -                22M (9%)           22M (9%)           22M (9%)             -                  -          
[2026-06-18T16:36:46.371+0800][5.415s][info][gc,heap     ] GC(53) Allocated:         -                 4M (2%)            8M (3%)           56M (22%)            -                  -          
[2026-06-18T16:36:46.372+0800][5.417s][info][gc,heap     ] GC(53)   Garbage:         -                89M (35%)          57M (23%)          23M (9%)             -                  -          
[2026-06-18T16:36:46.374+0800][5.418s][info][gc,heap     ] GC(53) Reclaimed:         -                  -                32M (12%)          66M (26%)            -                  -          
[2026-06-18T16:36:46.375+0800][5.419s][info][gc          ] GC(53) Garbage Collection (Allocation Rate) 112M(44%)->58M(23%)
[2026-06-18T16:36:46.418+0800][5.463s][info][gc,start    ] GC(54) Garbage Collection (Allocation Rate)
[2026-06-18T16:36:46.421+0800][5.466s][info][gc,phases   ] GC(54) Pause Mark Start 0.585ms
[2026-06-18T16:36:46.425+0800][5.470s][info][gc,phases   ] GC(54) Concurrent Mark 2.172ms
[2026-06-18T16:36:46.427+0800][5.471s][info][gc,phases   ] GC(54) Pause Mark End 0.279ms
[2026-06-18T16:36:46.428+0800][5.472s][info][gc,phases   ] GC(54) Concurrent Process Non-Strong References 0.080ms
[2026-06-18T16:36:46.429+0800][5.473s][info][gc,phases   ] GC(54) Concurrent Reset Relocation Set 0.003ms
[2026-06-18T16:36:46.430+0800][5.474s][info][gc,phases   ] GC(54) Concurrent Destroy Detached Pages 0.001ms
[2026-06-18T16:36:46.431+0800][5.475s][info][gc,phases   ] GC(54) Concurrent Select Relocation Set 0.465ms
[2026-06-18T16:36:46.432+0800][5.476s][info][gc,phases   ] GC(54) Concurrent Prepare Relocation Set 0.002ms
[2026-06-18T16:36:46.433+0800][5.478s][info][gc,phases   ] GC(54) Pause Relocate Start 0.205ms
[2026-06-18T16:36:46.435+0800][5.479s][info][gc,phases   ] GC(54) Concurrent Relocate 0.338ms
[2026-06-18T16:36:46.436+0800][5.480s][info][gc,load     ] GC(54) Load: 0.92/0.42/0.26
[2026-06-18T16:36:46.437+0800][5.481s][info][gc,mmu      ] GC(54) MMU: 2ms/52.9%, 5ms/81.2%, 10ms/85.5%, 20ms/92.1%, 50ms/96.5%, 100ms/97.5%
[2026-06-18T16:36:46.437+0800][5.481s][info][gc,marking  ] GC(54) Mark: 2 stripe(s), 1 proactive flush(es), 1 terminate flush(es), 0 completion(s), 0 continuation(s) 
[2026-06-18T16:36:46.438+0800][5.482s][info][gc,reloc    ] GC(54) Relocation: Successful, 24M relocated
[2026-06-18T16:36:46.438+0800][5.482s][info][gc,nmethod  ] GC(54) NMethods: 17 registered, 0 unregistered
[2026-06-18T16:36:46.439+0800][5.483s][info][gc,metaspace] GC(54) Metaspace: 3M used, 4M capacity, 4M committed, 8M reserved
[2026-06-18T16:36:46.439+0800][5.484s][info][gc,ref      ] GC(54) Soft: 43 encountered, 0 discovered, 0 enqueued
[2026-06-18T16:36:46.440+0800][5.484s][info][gc,ref      ] GC(54) Weak: 7 encountered, 2 discovered, 0 enqueued
[2026-06-18T16:36:46.441+0800][5.485s][info][gc,ref      ] GC(54) Final: 0 encountered, 0 discovered, 0 enqueued
[2026-06-18T16:36:46.442+0800][5.486s][info][gc,ref      ] GC(54) Phantom: 1 encountered, 1 discovered, 0 enqueued
[2026-06-18T16:36:46.443+0800][5.487s][info][gc,heap     ] GC(54)                Mark Start          Mark End        Relocate Start      Relocate End           High               Low         
[2026-06-18T16:36:46.444+0800][5.488s][info][gc,heap     ] GC(54)  Capacity:      256M (100%)        256M (100%)        256M (100%)        256M (100%)        256M (100%)        256M (100%)   
[2026-06-18T16:36:46.445+0800][5.489s][info][gc,heap     ] GC(54)   Reserve:       62M (24%)          62M (24%)          62M (24%)          62M (24%)          62M (24%)          62M (24%)    
[2026-06-18T16:36:46.446+0800][5.490s][info][gc,heap     ] GC(54)      Free:      108M (42%)         108M (42%)         134M (52%)         146M (57%)         146M (57%)         104M (41%)    
[2026-06-18T16:36:46.447+0800][5.491s][info][gc,heap     ] GC(54)      Used:       86M (34%)          86M (34%)          60M (23%)          48M (19%)          90M (35%)          48M (19%)    
[2026-06-18T16:36:46.448+0800][5.492s][info][gc,heap     ] GC(54)      Live:         -                28M (11%)          28M (11%)          28M (11%)            -                  -          
[2026-06-18T16:36:46.449+0800][5.493s][info][gc,heap     ] GC(54) Allocated:         -                 0M (0%)            4M (2%)           12M (5%)             -                  -          
[2026-06-18T16:36:46.450+0800][5.494s][info][gc,heap     ] GC(54)   Garbage:         -                57M (23%)          27M (11%)          15M (6%)             -                  -          
[2026-06-18T16:36:46.451+0800][5.495s][info][gc,heap     ] GC(54) Reclaimed:         -                  -                30M (12%)          42M (16%)            -                  -          
[2026-06-18T16:36:46.453+0800][5.497s][info][gc          ] GC(54) Garbage Collection (Allocation Rate) 86M(34%)->48M(19%)
[2026-06-18T16:36:46.519+0800][5.563s][info][gc,start    ] GC(55) Garbage Collection (Allocation Rate)
[2026-06-18T16:36:46.522+0800][5.566s][info][gc,phases   ] GC(55) Pause Mark Start 0.524ms
[2026-06-18T16:36:46.527+0800][5.571s][info][gc,phases   ] GC(55) Concurrent Mark 2.009ms
[2026-06-18T16:36:46.529+0800][5.573s][info][gc,phases   ] GC(55) Pause Mark End 0.381ms
[2026-06-18T16:36:46.530+0800][5.575s][info][gc,phases   ] GC(55) Concurrent Process Non-Strong References 0.303ms
[2026-06-18T16:36:46.531+0800][5.576s][info][gc,phases   ] GC(55) Concurrent Reset Relocation Set 0.003ms
[2026-06-18T16:36:46.533+0800][5.578s][info][gc,phases   ] GC(55) Concurrent Destroy Detached Pages 0.001ms
[2026-06-18T16:36:46.536+0800][5.580s][info][gc,phases   ] GC(55) Concurrent Select Relocation Set 1.556ms
[2026-06-18T16:36:46.537+0800][5.582s][info][gc,phases   ] GC(55) Concurrent Prepare Relocation Set 0.014ms
[2026-06-18T16:36:46.540+0800][5.584s][info][gc,phases   ] GC(55) Pause Relocate Start 0.407ms
[2026-06-18T16:36:46.543+0800][5.587s][info][gc,phases   ] GC(55) Concurrent Relocate 1.751ms
[2026-06-18T16:36:46.544+0800][5.588s][info][gc,load     ] GC(55) Load: 0.92/0.42/0.26
[2026-06-18T16:36:46.545+0800][5.590s][info][gc,mmu      ] GC(55) MMU: 2ms/52.9%, 5ms/81.2%, 10ms/85.5%, 20ms/92.1%, 50ms/96.5%, 100ms/97.5%
[2026-06-18T16:36:46.546+0800][5.591s][info][gc,marking  ] GC(55) Mark: 2 stripe(s), 1 proactive flush(es), 1 terminate flush(es), 0 completion(s), 0 continuation(s) 
[2026-06-18T16:36:46.548+0800][5.592s][info][gc,reloc    ] GC(55) Relocation: Successful, 25M relocated
[2026-06-18T16:36:46.549+0800][5.593s][info][gc,nmethod  ] GC(55) NMethods: 17 registered, 0 unregistered
[2026-06-18T16:36:46.550+0800][5.594s][info][gc,metaspace] GC(55) Metaspace: 3M used, 4M capacity, 4M committed, 8M reserved
[2026-06-18T16:36:46.552+0800][5.596s][info][gc,ref      ] GC(55) Soft: 43 encountered, 0 discovered, 0 enqueued
[2026-06-18T16:36:46.553+0800][5.597s][info][gc,ref      ] GC(55) Weak: 7 encountered, 2 discovered, 0 enqueued
[2026-06-18T16:36:46.554+0800][5.599s][info][gc,ref      ] GC(55) Final: 0 encountered, 0 discovered, 0 enqueued
[2026-06-18T16:36:46.556+0800][5.600s][info][gc,ref      ] GC(55) Phantom: 1 encountered, 1 discovered, 0 enqueued
[2026-06-18T16:36:46.557+0800][5.601s][info][gc,heap     ] GC(55)                Mark Start          Mark End        Relocate Start      Relocate End           High               Low         
[2026-06-18T16:36:46.559+0800][5.603s][info][gc,heap     ] GC(55)  Capacity:      256M (100%)        256M (100%)        256M (100%)        256M (100%)        256M (100%)        256M (100%)   
[2026-06-18T16:36:46.560+0800][5.604s][info][gc,heap     ] GC(55)   Reserve:       62M (24%)          62M (24%)          62M (24%)          62M (24%)          62M (24%)          62M (24%)    
[2026-06-18T16:36:46.562+0800][5.606s][info][gc,heap     ] GC(55)      Free:       84M (33%)          80M (31%)          72M (28%)         140M (55%)         140M (55%)          64M (25%)    
[2026-06-18T16:36:46.563+0800][5.608s][info][gc,heap     ] GC(55)      Used:      110M (43%)         114M (45%)         122M (48%)          54M (21%)         130M (51%)          54M (21%)    
[2026-06-18T16:36:46.565+0800][5.609s][info][gc,heap     ] GC(55)      Live:         -                25M (10%)          25M (10%)          25M (10%)            -                  -          
[2026-06-18T16:36:46.566+0800][5.611s][info][gc,heap     ] GC(55) Allocated:         -                 4M (2%)           42M (16%)          52M (20%)            -                  -          
[2026-06-18T16:36:46.568+0800][5.612s][info][gc,heap     ] GC(55)   Garbage:         -                84M (33%)          54M (21%)    17592186044402M (6         -                  -          
[2026-06-18T16:36:46.570+0800][5.614s][info][gc,heap     ] GC(55) Reclaimed:         -                  -                30M (12%)          98M (38%)            -                  -          
[2026-06-18T16:36:46.571+0800][5.615s][info][gc          ] GC(55) Garbage Collection (Allocation Rate) 110M(43%)->54M(21%)
[2026-06-18T16:36:46.619+0800][5.663s][info][gc,start    ] GC(56) Garbage Collection (Allocation Rate)
[2026-06-18T16:36:46.622+0800][5.667s][info][gc,phases   ] GC(56) Pause Mark Start 0.449ms
[2026-06-18T16:36:46.627+0800][5.671s][info][gc,phases   ] GC(56) Concurrent Mark 1.388ms
[2026-06-18T16:36:46.629+0800][5.673s][info][gc,phases   ] GC(56) Pause Mark End 0.338ms
[2026-06-18T16:36:46.630+0800][5.675s][info][gc,phases   ] GC(56) Concurrent Process Non-Strong References 0.200ms
[2026-06-18T16:36:46.632+0800][5.676s][info][gc,phases   ] GC(56) Concurrent Reset Relocation Set 0.003ms
[2026-06-18T16:36:46.634+0800][5.679s][info][gc,phases   ] GC(56) Concurrent Destroy Detached Pages 0.001ms
[2026-06-18T16:36:46.636+0800][5.680s][info][gc,phases   ] GC(56) Concurrent Select Relocation Set 0.436ms
[2026-06-18T16:36:46.638+0800][5.682s][info][gc,phases   ] GC(56) Concurrent Prepare Relocation Set 0.008ms
[2026-06-18T16:36:46.640+0800][5.684s][info][gc,phases   ] GC(56) Pause Relocate Start 0.413ms
[2026-06-18T16:36:46.642+0800][5.687s][info][gc,phases   ] GC(56) Concurrent Relocate 0.325ms
[2026-06-18T16:36:46.644+0800][5.688s][info][gc,load     ] GC(56) Load: 0.92/0.42/0.26
[2026-06-18T16:36:46.646+0800][5.690s][info][gc,mmu      ] GC(56) MMU: 2ms/52.9%, 5ms/81.2%, 10ms/85.5%, 20ms/92.1%, 50ms/96.5%, 100ms/97.5%
[2026-06-18T16:36:46.647+0800][5.692s][info][gc,marking  ] GC(56) Mark: 2 stripe(s), 1 proactive flush(es), 1 terminate flush(es), 0 completion(s), 0 continuation(s) 
[2026-06-18T16:36:46.649+0800][5.693s][info][gc,reloc    ] GC(56) Relocation: Successful, 20M relocated
[2026-06-18T16:36:46.652+0800][5.696s][info][gc,nmethod  ] GC(56) NMethods: 17 registered, 0 unregistered
[2026-06-18T16:36:46.653+0800][5.698s][info][gc,metaspace] GC(56) Metaspace: 3M used, 4M capacity, 4M committed, 8M reserved
[2026-06-18T16:36:46.655+0800][5.699s][info][gc,ref      ] GC(56) Soft: 43 encountered, 0 discovered, 0 enqueued
[2026-06-18T16:36:46.656+0800][5.701s][info][gc,ref      ] GC(56) Weak: 7 encountered, 0 discovered, 0 enqueued
[2026-06-18T16:36:46.657+0800][5.702s][info][gc,ref      ] GC(56) Final: 0 encountered, 0 discovered, 0 enqueued
[2026-06-18T16:36:46.658+0800][5.702s][info][gc,ref      ] GC(56) Phantom: 1 encountered, 0 discovered, 0 enqueued
[2026-06-18T16:36:46.660+0800][5.704s][info][gc,heap     ] GC(56)                Mark Start          Mark End        Relocate Start      Relocate End           High               Low         
[2026-06-18T16:36:46.662+0800][5.707s][info][gc,heap     ] GC(56)  Capacity:      256M (100%)        256M (100%)        256M (100%)        256M (100%)        256M (100%)        256M (100%)   
[2026-06-18T16:36:46.664+0800][5.708s][info][gc,heap     ] GC(56)   Reserve:       62M (24%)          62M (24%)          62M (24%)          62M (24%)          62M (24%)          62M (24%)    
[2026-06-18T16:36:46.665+0800][5.710s][info][gc,heap     ] GC(56)      Free:      110M (43%)         110M (43%)         108M (42%)         112M (44%)         112M (44%)          72M (28%)    
[2026-06-18T16:36:46.666+0800][5.711s][info][gc,heap     ] GC(56)      Used:       84M (33%)          84M (33%)          86M (34%)          82M (32%)         122M (48%)          82M (32%)    
[2026-06-18T16:36:46.668+0800][5.712s][info][gc,heap     ] GC(56)      Live:         -                22M (9%)           22M (9%)           22M (9%)             -                  -          
[2026-06-18T16:36:46.669+0800][5.714s][info][gc,heap     ] GC(56) Allocated:         -                 0M (0%)           38M (15%)          46M (18%)            -                  -          
[2026-06-18T16:36:46.670+0800][5.715s][info][gc,heap     ] GC(56)   Garbage:         -                61M (24%)          25M (10%)          19M (8%)             -                  -          
[2026-06-18T16:36:46.672+0800][5.716s][info][gc,heap     ] GC(56) Reclaimed:         -                  -                36M (14%)          42M (16%)            -                  -          
[2026-06-18T16:36:46.674+0800][5.718s][info][gc          ] GC(56) Garbage Collection (Allocation Rate) 84M(33%)->82M(32%)
[2026-06-18T16:36:46.719+0800][5.763s][info][gc,start    ] GC(57) Garbage Collection (Allocation Rate)
[2026-06-18T16:36:46.722+0800][5.766s][info][gc,phases   ] GC(57) Pause Mark Start 0.160ms
[2026-06-18T16:36:46.724+0800][5.768s][info][gc,phases   ] GC(57) Concurrent Mark 1.449ms
[2026-06-18T16:36:46.726+0800][5.770s][info][gc,phases   ] GC(57) Pause Mark End 0.270ms
[2026-06-18T16:36:46.729+0800][5.773s][info][gc,phases   ] GC(57) Concurrent Process Non-Strong References 0.127ms
[2026-06-18T16:36:46.730+0800][5.774s][info][gc,phases   ] GC(57) Concurrent Reset Relocation Set 0.002ms
[2026-06-18T16:36:46.731+0800][5.775s][info][gc,phases   ] GC(57) Concurrent Destroy Detached Pages 0.000ms
[2026-06-18T16:36:46.733+0800][5.777s][info][gc,phases   ] GC(57) Concurrent Select Relocation Set 0.478ms
[2026-06-18T16:36:46.734+0800][5.778s][info][gc,phases   ] GC(57) Concurrent Prepare Relocation Set 0.005ms
[2026-06-18T16:36:46.737+0800][5.782s][info][gc,phases   ] GC(57) Pause Relocate Start 0.204ms
[2026-06-18T16:36:46.742+0800][5.786s][info][gc,phases   ] GC(57) Concurrent Relocate 2.241ms
[2026-06-18T16:36:46.744+0800][5.789s][info][gc,load     ] GC(57) Load: 0.92/0.42/0.26
[2026-06-18T16:36:46.747+0800][5.791s][info][gc,mmu      ] GC(57) MMU: 2ms/52.9%, 5ms/81.2%, 10ms/85.5%, 20ms/92.1%, 50ms/96.5%, 100ms/97.5%
[2026-06-18T16:36:46.748+0800][5.792s][info][gc,marking  ] GC(57) Mark: 2 stripe(s), 1 proactive flush(es), 1 terminate flush(es), 0 completion(s), 0 continuation(s) 
[2026-06-18T16:36:46.749+0800][5.793s][info][gc,reloc    ] GC(57) Relocation: Successful, 26M relocated
[2026-06-18T16:36:46.750+0800][5.795s][info][gc,nmethod  ] GC(57) NMethods: 17 registered, 0 unregistered
[2026-06-18T16:36:46.752+0800][5.796s][info][gc,metaspace] GC(57) Metaspace: 3M used, 4M capacity, 4M committed, 8M reserved
[2026-06-18T16:36:46.753+0800][5.797s][info][gc,ref      ] GC(57) Soft: 43 encountered, 0 discovered, 0 enqueued
[2026-06-18T16:36:46.756+0800][5.800s][info][gc,ref      ] GC(57) Weak: 7 encountered, 0 discovered, 0 enqueued
[2026-06-18T16:36:46.758+0800][5.802s][info][gc,ref      ] GC(57) Final: 0 encountered, 0 discovered, 0 enqueued
[2026-06-18T16:36:46.760+0800][5.804s][info][gc,ref      ] GC(57) Phantom: 1 encountered, 0 discovered, 0 enqueued
[2026-06-18T16:36:46.761+0800][5.805s][info][gc,heap     ] GC(57)                Mark Start          Mark End        Relocate Start      Relocate End           High               Low         
[2026-06-18T16:36:46.763+0800][5.807s][info][gc,heap     ] GC(57)  Capacity:      256M (100%)        256M (100%)        256M (100%)        256M (100%)        256M (100%)        256M (100%)   
[2026-06-18T16:36:46.764+0800][5.809s][info][gc,heap     ] GC(57)   Reserve:       62M (24%)          62M (24%)          62M (24%)          62M (24%)          62M (24%)          62M (24%)    
[2026-06-18T16:36:46.766+0800][5.810s][info][gc,heap     ] GC(57)      Free:       84M (33%)          84M (33%)          70M (27%)         144M (56%)         144M (56%)          46M (18%)    
[2026-06-18T16:36:46.767+0800][5.812s][info][gc,heap     ] GC(57)      Used:      110M (43%)         110M (43%)         124M (48%)          50M (20%)         148M (58%)          50M (20%)    
[2026-06-18T16:36:46.770+0800][5.814s][info][gc,heap     ] GC(57)      Live:         -                27M (11%)          27M (11%)          27M (11%)            -                  -          
[2026-06-18T16:36:46.772+0800][5.816s][info][gc,heap     ] GC(57) Allocated:         -                 0M (0%)           38M (15%)          48M (19%)            -                  -          
[2026-06-18T16:36:46.774+0800][5.818s][info][gc,heap     ] GC(57)   Garbage:         -                82M (32%)          58M (23%)    17592186044398M (6         -                  -          
[2026-06-18T16:36:46.775+0800][5.819s][info][gc,heap     ] GC(57) Reclaimed:         -                  -                24M (9%)          100M (39%)            -                  -          
[2026-06-18T16:36:46.776+0800][5.820s][info][gc          ] GC(57) Garbage Collection (Allocation Rate) 110M(43%)->50M(20%)
[2026-06-18T16:36:46.818+0800][5.863s][info][gc,start    ] GC(58) Garbage Collection (Allocation Rate)
[2026-06-18T16:36:46.823+0800][5.867s][info][gc,phases   ] GC(58) Pause Mark Start 0.537ms
[2026-06-18T16:36:46.827+0800][5.871s][info][gc,phases   ] GC(58) Concurrent Mark 1.700ms
[2026-06-18T16:36:46.830+0800][5.874s][info][gc,phases   ] GC(58) Pause Mark End 0.471ms
[2026-06-18T16:36:46.831+0800][5.875s][info][gc,phases   ] GC(58) Concurrent Process Non-Strong References 0.119ms
[2026-06-18T16:36:46.833+0800][5.877s][info][gc,phases   ] GC(58) Concurrent Reset Relocation Set 0.002ms
[2026-06-18T16:36:46.834+0800][5.879s][info][gc,phases   ] GC(58) Concurrent Destroy Detached Pages 0.001ms
[2026-06-18T16:36:46.838+0800][5.883s][info][gc,phases   ] GC(58) Concurrent Select Relocation Set 1.306ms
[2026-06-18T16:36:46.841+0800][5.885s][info][gc,phases   ] GC(58) Concurrent Prepare Relocation Set 0.015ms
[2026-06-18T16:36:46.843+0800][5.887s][info][gc,phases   ] GC(58) Pause Relocate Start 0.305ms
[2026-06-18T16:36:46.844+0800][5.889s][info][gc,phases   ] GC(58) Concurrent Relocate 0.375ms
[2026-06-18T16:36:46.846+0800][5.890s][info][gc,load     ] GC(58) Load: 0.92/0.42/0.26
[2026-06-18T16:36:46.847+0800][5.891s][info][gc,mmu      ] GC(58) MMU: 2ms/52.9%, 5ms/81.2%, 10ms/85.5%, 20ms/92.1%, 50ms/96.5%, 100ms/97.5%
[2026-06-18T16:36:46.850+0800][5.894s][info][gc,marking  ] GC(58) Mark: 2 stripe(s), 2 proactive flush(es), 1 terminate flush(es), 0 completion(s), 0 continuation(s) 
[2026-06-18T16:36:46.852+0800][5.896s][info][gc,reloc    ] GC(58) Relocation: Successful, 25M relocated
[2026-06-18T16:36:46.856+0800][5.900s][info][gc,nmethod  ] GC(58) NMethods: 17 registered, 0 unregistered
[2026-06-18T16:36:46.858+0800][5.902s][info][gc,metaspace] GC(58) Metaspace: 3M used, 4M capacity, 4M committed, 8M reserved
[2026-06-18T16:36:46.860+0800][5.904s][info][gc,ref      ] GC(58) Soft: 43 encountered, 0 discovered, 0 enqueued
[2026-06-18T16:36:46.861+0800][5.906s][info][gc,ref      ] GC(58) Weak: 7 encountered, 2 discovered, 0 enqueued
[2026-06-18T16:36:46.863+0800][5.907s][info][gc,ref      ] GC(58) Final: 0 encountered, 0 discovered, 0 enqueued
[2026-06-18T16:36:46.864+0800][5.908s][info][gc,ref      ] GC(58) Phantom: 1 encountered, 1 discovered, 0 enqueued
[2026-06-18T16:36:46.866+0800][5.910s][info][gc,heap     ] GC(58)                Mark Start          Mark End        Relocate Start      Relocate End           High               Low         
[2026-06-18T16:36:46.867+0800][5.911s][info][gc,heap     ] GC(58)  Capacity:      256M (100%)        256M (100%)        256M (100%)        256M (100%)        256M (100%)        256M (100%)   
[2026-06-18T16:36:46.868+0800][5.913s][info][gc,heap     ] GC(58)   Reserve:       62M (24%)          62M (24%)          62M (24%)          62M (24%)          62M (24%)          62M (24%)    
[2026-06-18T16:36:46.870+0800][5.914s][info][gc,heap     ] GC(58)      Free:      116M (45%)          78M (30%)         102M (40%)         112M (44%)         116M (45%)          76M (30%)    
[2026-06-18T16:36:46.871+0800][5.915s][info][gc,heap     ] GC(58)      Used:       78M (30%)         116M (45%)          92M (36%)          82M (32%)         118M (46%)          78M (30%)    
[2026-06-18T16:36:46.872+0800][5.917s][info][gc,heap     ] GC(58)      Live:         -                25M (10%)          25M (10%)          25M (10%)            -                  -          
[2026-06-18T16:36:46.874+0800][5.918s][info][gc,heap     ] GC(58) Allocated:         -                38M (15%)          40M (16%)          48M (19%)            -                  -          
[2026-06-18T16:36:46.875+0800][5.919s][info][gc,heap     ] GC(58)   Garbage:         -                52M (21%)          26M (11%)          16M (7%)             -                  -          
[2026-06-18T16:36:46.876+0800][5.920s][info][gc,heap     ] GC(58) Reclaimed:         -                  -                26M (10%)          36M (14%)            -                  -          
[2026-06-18T16:36:46.878+0800][5.922s][info][gc          ] GC(58) Garbage Collection (Allocation Rate) 78M(30%)->82M(32%)
[2026-06-18T16:36:46.919+0800][5.963s][info][gc,start    ] GC(59) Garbage Collection (Allocation Rate)
[2026-06-18T16:36:46.921+0800][5.965s][info][gc,phases   ] GC(59) Pause Mark Start 0.382ms
[2026-06-18T16:36:46.924+0800][5.968s][info][gc,phases   ] GC(59) Concurrent Mark 1.491ms
[2026-06-18T16:36:46.926+0800][5.970s][info][gc,phases   ] GC(59) Pause Mark End 0.292ms
[2026-06-18T16:36:46.928+0800][5.972s][info][gc,phases   ] GC(59) Concurrent Process Non-Strong References 0.091ms
[2026-06-18T16:36:46.929+0800][5.973s][info][gc,phases   ] GC(59) Concurrent Reset Relocation Set 0.002ms
[2026-06-18T16:36:46.930+0800][5.974s][info][gc,phases   ] GC(59) Concurrent Destroy Detached Pages 0.002ms
[2026-06-18T16:36:46.932+0800][5.976s][info][gc,phases   ] GC(59) Concurrent Select Relocation Set 0.558ms
[2026-06-18T16:36:46.933+0800][5.977s][info][gc,phases   ] GC(59) Concurrent Prepare Relocation Set 0.010ms
[2026-06-18T16:36:46.934+0800][5.978s][info][gc,phases   ] GC(59) Pause Relocate Start 0.148ms
[2026-06-18T16:36:46.936+0800][5.980s][info][gc,phases   ] GC(59) Concurrent Relocate 1.032ms
[2026-06-18T16:36:46.936+0800][5.980s][info][gc,load     ] GC(59) Load: 0.92/0.42/0.26
[2026-06-18T16:36:46.937+0800][5.981s][info][gc,mmu      ] GC(59) MMU: 2ms/52.9%, 5ms/81.2%, 10ms/85.5%, 20ms/92.1%, 50ms/96.5%, 100ms/97.5%
[2026-06-18T16:36:46.938+0800][5.982s][info][gc,marking  ] GC(59) Mark: 2 stripe(s), 1 proactive flush(es), 1 terminate flush(es), 0 completion(s), 0 continuation(s) 
[2026-06-18T16:36:46.939+0800][5.983s][info][gc,reloc    ] GC(59) Relocation: Successful, 16M relocated
[2026-06-18T16:36:46.941+0800][5.985s][info][gc,nmethod  ] GC(59) NMethods: 17 registered, 0 unregistered
[2026-06-18T16:36:46.942+0800][5.986s][info][gc,metaspace] GC(59) Metaspace: 3M used, 4M capacity, 4M committed, 8M reserved
[2026-06-18T16:36:46.943+0800][5.987s][info][gc,ref      ] GC(59) Soft: 43 encountered, 0 discovered, 0 enqueued
[2026-06-18T16:36:46.944+0800][5.988s][info][gc,ref      ] GC(59) Weak: 7 encountered, 2 discovered, 0 enqueued
[2026-06-18T16:36:46.945+0800][5.989s][info][gc,ref      ] GC(59) Final: 0 encountered, 0 discovered, 0 enqueued
[2026-06-18T16:36:46.947+0800][5.991s][info][gc,ref      ] GC(59) Phantom: 1 encountered, 1 discovered, 0 enqueued
[2026-06-18T16:36:46.949+0800][5.993s][info][gc,heap     ] GC(59)                Mark Start          Mark End        Relocate Start      Relocate End           High               Low         
[2026-06-18T16:36:46.950+0800][5.994s][info][gc,heap     ] GC(59)  Capacity:      256M (100%)        256M (100%)        256M (100%)        256M (100%)        256M (100%)        256M (100%)   
[2026-06-18T16:36:46.951+0800][5.995s][info][gc,heap     ] GC(59)   Reserve:       62M (24%)          62M (24%)          62M (24%)          62M (24%)          62M (24%)          62M (24%)    
[2026-06-18T16:36:46.952+0800][5.996s][info][gc,heap     ] GC(59)      Free:       80M (31%)          80M (31%)         110M (43%)         146M (57%)         146M (57%)          72M (28%)    
[2026-06-18T16:36:46.952+0800][5.997s][info][gc,heap     ] GC(59)      Used:      114M (45%)         114M (45%)          84M (33%)          48M (19%)         122M (48%)          48M (19%)    
[2026-06-18T16:36:46.954+0800][5.998s][info][gc,heap     ] GC(59)      Live:         -                17M (7%)           17M (7%)           17M (7%)             -                  -          
[2026-06-18T16:36:46.955+0800][5.999s][info][gc,heap     ] GC(59) Allocated:         -                 0M (0%)            4M (2%)           44M (17%)            -                  -          
[2026-06-18T16:36:46.956+0800][6.000s][info][gc,heap     ] GC(59)   Garbage:         -                96M (38%)          62M (24%)          26M (10%)            -                  -          
[2026-06-18T16:36:46.957+0800][6.001s][info][gc,heap     ] GC(59) Reclaimed:         -                  -                34M (13%)          70M (27%)            -                  -          
[2026-06-18T16:36:46.959+0800][6.004s][info][gc          ] GC(59) Garbage Collection (Allocation Rate) 114M(45%)->48M(19%)
[2026-06-18T16:36:47.019+0800][6.063s][info][gc,start    ] GC(60) Garbage Collection (Allocation Rate)
[2026-06-18T16:36:47.021+0800][6.066s][info][gc,phases   ] GC(60) Pause Mark Start 0.233ms
[2026-06-18T16:36:47.026+0800][6.070s][info][gc,phases   ] GC(60) Concurrent Mark 1.502ms
[2026-06-18T16:36:47.029+0800][6.073s][info][gc,phases   ] GC(60) Pause Mark End 0.271ms
[2026-06-18T16:36:47.031+0800][6.075s][info][gc,phases   ] GC(60) Concurrent Process Non-Strong References 0.106ms
[2026-06-18T16:36:47.034+0800][6.078s][info][gc,phases   ] GC(60) Concurrent Reset Relocation Set 0.003ms
[2026-06-18T16:36:47.035+0800][6.079s][info][gc,phases   ] GC(60) Concurrent Destroy Detached Pages 0.001ms
[2026-06-18T16:36:47.037+0800][6.082s][info][gc,phases   ] GC(60) Concurrent Select Relocation Set 1.224ms
[2026-06-18T16:36:47.040+0800][6.084s][info][gc,phases   ] GC(60) Concurrent Prepare Relocation Set 0.004ms
[2026-06-18T16:36:47.041+0800][6.086s][info][gc,phases   ] GC(60) Pause Relocate Start 0.230ms
[2026-06-18T16:36:47.043+0800][6.087s][info][gc,phases   ] GC(60) Concurrent Relocate 0.195ms
[2026-06-18T16:36:47.044+0800][6.088s][info][gc,load     ] GC(60) Load: 0.92/0.42/0.26
[2026-06-18T16:36:47.045+0800][6.090s][info][gc,mmu      ] GC(60) MMU: 2ms/52.9%, 5ms/81.2%, 10ms/85.5%, 20ms/92.1%, 50ms/96.5%, 100ms/97.5%
[2026-06-18T16:36:47.048+0800][6.092s][info][gc,marking  ] GC(60) Mark: 2 stripe(s), 1 proactive flush(es), 1 terminate flush(es), 0 completion(s), 0 continuation(s) 
[2026-06-18T16:36:47.050+0800][6.094s][info][gc,reloc    ] GC(60) Relocation: Successful, 20M relocated
[2026-06-18T16:36:47.050+0800][6.095s][info][gc,nmethod  ] GC(60) NMethods: 17 registered, 0 unregistered
[2026-06-18T16:36:47.053+0800][6.097s][info][gc,metaspace] GC(60) Metaspace: 3M used, 4M capacity, 4M committed, 8M reserved
[2026-06-18T16:36:47.055+0800][6.099s][info][gc,ref      ] GC(60) Soft: 43 encountered, 0 discovered, 0 enqueued
[2026-06-18T16:36:47.057+0800][6.101s][info][gc,ref      ] GC(60) Weak: 7 encountered, 2 discovered, 0 enqueued
[2026-06-18T16:36:47.058+0800][6.103s][info][gc,ref      ] GC(60) Final: 0 encountered, 0 discovered, 0 enqueued
[2026-06-18T16:36:47.060+0800][6.104s][info][gc,ref      ] GC(60) Phantom: 1 encountered, 1 discovered, 0 enqueued
[2026-06-18T16:36:47.061+0800][6.105s][info][gc,heap     ] GC(60)                Mark Start          Mark End        Relocate Start      Relocate End           High               Low         
[2026-06-18T16:36:47.062+0800][6.106s][info][gc,heap     ] GC(60)  Capacity:      256M (100%)        256M (100%)        256M (100%)        256M (100%)        256M (100%)        256M (100%)   
[2026-06-18T16:36:47.063+0800][6.108s][info][gc,heap     ] GC(60)   Reserve:       62M (24%)          62M (24%)          62M (24%)          62M (24%)          62M (24%)          62M (24%)    
[2026-06-18T16:36:47.065+0800][6.109s][info][gc,heap     ] GC(60)      Free:      114M (45%)         110M (43%)         132M (52%)         142M (55%)         142M (55%)         106M (41%)    
[2026-06-18T16:36:47.066+0800][6.110s][info][gc,heap     ] GC(60)      Used:       80M (31%)          84M (33%)          62M (24%)          52M (20%)          88M (34%)          52M (20%)    
[2026-06-18T16:36:47.067+0800][6.111s][info][gc,heap     ] GC(60)      Live:         -                23M (9%)           23M (9%)           23M (9%)             -                  -          
[2026-06-18T16:36:47.069+0800][6.114s][info][gc,heap     ] GC(60) Allocated:         -                 4M (2%)            8M (3%)           14M (5%)             -                  -          
[2026-06-18T16:36:47.071+0800][6.115s][info][gc,heap     ] GC(60)   Garbage:         -                56M (22%)          30M (12%)          20M (8%)             -                  -          
[2026-06-18T16:36:47.074+0800][6.118s][info][gc,heap     ] GC(60) Reclaimed:         -                  -                26M (10%)          36M (14%)            -                  -          
[2026-06-18T16:36:47.076+0800][6.121s][info][gc          ] GC(60) Garbage Collection (Allocation Rate) 80M(31%)->52M(20%)
[2026-06-18T16:36:47.119+0800][6.163s][info][gc,start    ] GC(61) Garbage Collection (Allocation Rate)
[2026-06-18T16:36:47.123+0800][6.167s][info][gc,phases   ] GC(61) Pause Mark Start 0.485ms
[2026-06-18T16:36:47.128+0800][6.172s][info][gc,phases   ] GC(61) Concurrent Mark 1.729ms
[2026-06-18T16:36:47.131+0800][6.175s][info][gc,phases   ] GC(61) Pause Mark End 0.307ms
[2026-06-18T16:36:47.133+0800][6.177s][info][gc,phases   ] GC(61) Concurrent Process Non-Strong References 0.158ms
[2026-06-18T16:36:47.134+0800][6.178s][info][gc,phases   ] GC(61) Concurrent Reset Relocation Set 0.003ms
[2026-06-18T16:36:47.135+0800][6.179s][info][gc,phases   ] GC(61) Concurrent Destroy Detached Pages 0.002ms
[2026-06-18T16:36:47.139+0800][6.183s][info][gc,phases   ] GC(61) Concurrent Select Relocation Set 0.919ms
[2026-06-18T16:36:47.141+0800][6.185s][info][gc,phases   ] GC(61) Concurrent Prepare Relocation Set 0.020ms
[2026-06-18T16:36:47.143+0800][6.187s][info][gc,phases   ] GC(61) Pause Relocate Start 0.412ms
[2026-06-18T16:36:47.146+0800][6.190s][info][gc,phases   ] GC(61) Concurrent Relocate 1.575ms
[2026-06-18T16:36:47.147+0800][6.192s][info][gc,load     ] GC(61) Load: 0.92/0.42/0.26
[2026-06-18T16:36:47.148+0800][6.193s][info][gc,mmu      ] GC(61) MMU: 2ms/52.9%, 5ms/81.2%, 10ms/85.5%, 20ms/92.1%, 50ms/96.5%, 100ms/97.5%
[2026-06-18T16:36:47.149+0800][6.194s][info][gc,marking  ] GC(61) Mark: 2 stripe(s), 1 proactive flush(es), 1 terminate flush(es), 0 completion(s), 0 continuation(s) 
[2026-06-18T16:36:47.150+0800][6.195s][info][gc,reloc    ] GC(61) Relocation: Successful, 21M relocated
[2026-06-18T16:36:47.151+0800][6.195s][info][gc,nmethod  ] GC(61) NMethods: 17 registered, 0 unregistered
[2026-06-18T16:36:47.152+0800][6.196s][info][gc,metaspace] GC(61) Metaspace: 3M used, 4M capacity, 4M committed, 8M reserved
[2026-06-18T16:36:47.152+0800][6.197s][info][gc,ref      ] GC(61) Soft: 43 encountered, 0 discovered, 0 enqueued
[2026-06-18T16:36:47.154+0800][6.198s][info][gc,ref      ] GC(61) Weak: 7 encountered, 2 discovered, 0 enqueued
[2026-06-18T16:36:47.156+0800][6.200s][info][gc,ref      ] GC(61) Final: 0 encountered, 0 discovered, 0 enqueued
[2026-06-18T16:36:47.158+0800][6.202s][info][gc,ref      ] GC(61) Phantom: 1 encountered, 1 discovered, 0 enqueued
[2026-06-18T16:36:47.160+0800][6.204s][info][gc,heap     ] GC(61)                Mark Start          Mark End        Relocate Start      Relocate End           High               Low         
[2026-06-18T16:36:47.161+0800][6.205s][info][gc,heap     ] GC(61)  Capacity:      256M (100%)        256M (100%)        256M (100%)        256M (100%)        256M (100%)        256M (100%)   
[2026-06-18T16:36:47.164+0800][6.208s][info][gc,heap     ] GC(61)   Reserve:       62M (24%)          62M (24%)          62M (24%)          62M (24%)          62M (24%)          62M (24%)    
[2026-06-18T16:36:47.165+0800][6.209s][info][gc,heap     ] GC(61)      Free:       78M (30%)          76M (30%)         106M (41%)         144M (56%)         144M (56%)          66M (26%)    
[2026-06-18T16:36:47.166+0800][6.210s][info][gc,heap     ] GC(61)      Used:      116M (45%)         118M (46%)          88M (34%)          50M (20%)         128M (50%)          50M (20%)    
[2026-06-18T16:36:47.167+0800][6.212s][info][gc,heap     ] GC(61)      Live:         -                21M (8%)           21M (8%)           21M (8%)             -                  -          
[2026-06-18T16:36:47.168+0800][6.212s][info][gc,heap     ] GC(61) Allocated:         -                 2M (1%)            4M (2%)           48M (19%)            -                  -          
[2026-06-18T16:36:47.169+0800][6.213s][info][gc,heap     ] GC(61)   Garbage:         -                94M (37%)          62M (24%)          20M (8%)             -                  -          
[2026-06-18T16:36:47.170+0800][6.214s][info][gc,heap     ] GC(61) Reclaimed:         -                  -                32M (12%)          74M (29%)            -                  -          
[2026-06-18T16:36:47.170+0800][6.215s][info][gc          ] GC(61) Garbage Collection (Allocation Rate) 116M(45%)->50M(20%)
[2026-06-18T16:36:47.218+0800][6.262s][info][gc,start    ] GC(62) Garbage Collection (Allocation Rate)
[2026-06-18T16:36:47.223+0800][6.267s][info][gc,phases   ] GC(62) Pause Mark Start 0.642ms
[2026-06-18T16:36:47.228+0800][6.272s][info][gc,phases   ] GC(62) Concurrent Mark 1.570ms
[2026-06-18T16:36:47.229+0800][6.274s][info][gc,phases   ] GC(62) Pause Mark End 0.266ms
[2026-06-18T16:36:47.232+0800][6.276s][info][gc,phases   ] GC(62) Concurrent Process Non-Strong References 0.216ms
[2026-06-18T16:36:47.234+0800][6.278s][info][gc,phases   ] GC(62) Concurrent Reset Relocation Set 0.006ms
[2026-06-18T16:36:47.235+0800][6.279s][info][gc,phases   ] GC(62) Concurrent Destroy Detached Pages 0.002ms
[2026-06-18T16:36:47.238+0800][6.282s][info][gc,phases   ] GC(62) Concurrent Select Relocation Set 0.532ms
[2026-06-18T16:36:47.239+0800][6.284s][info][gc,phases   ] GC(62) Concurrent Prepare Relocation Set 0.005ms
[2026-06-18T16:36:47.242+0800][6.287s][info][gc,phases   ] GC(62) Pause Relocate Start 0.172ms
[2026-06-18T16:36:47.244+0800][6.288s][info][gc,phases   ] GC(62) Concurrent Relocate 0.283ms
[2026-06-18T16:36:47.248+0800][6.292s][info][gc,load     ] GC(62) Load: 0.92/0.42/0.26
[2026-06-18T16:36:47.250+0800][6.294s][info][gc,mmu      ] GC(62) MMU: 2ms/52.9%, 5ms/81.2%, 10ms/85.5%, 20ms/92.1%, 50ms/96.5%, 100ms/97.5%
[2026-06-18T16:36:47.251+0800][6.295s][info][gc,marking  ] GC(62) Mark: 2 stripe(s), 1 proactive flush(es), 1 terminate flush(es), 0 completion(s), 0 continuation(s) 
[2026-06-18T16:36:47.252+0800][6.296s][info][gc,reloc    ] GC(62) Relocation: Successful, 23M relocated
[2026-06-18T16:36:47.254+0800][6.298s][info][gc,nmethod  ] GC(62) NMethods: 18 registered, 0 unregistered
[2026-06-18T16:36:47.255+0800][6.299s][info][gc,metaspace] GC(62) Metaspace: 3M used, 4M capacity, 4M committed, 8M reserved
[2026-06-18T16:36:47.256+0800][6.300s][info][gc,ref      ] GC(62) Soft: 43 encountered, 0 discovered, 0 enqueued
[2026-06-18T16:36:47.257+0800][6.301s][info][gc,ref      ] GC(62) Weak: 7 encountered, 2 discovered, 0 enqueued
[2026-06-18T16:36:47.258+0800][6.302s][info][gc,ref      ] GC(62) Final: 0 encountered, 0 discovered, 0 enqueued
[2026-06-18T16:36:47.259+0800][6.303s][info][gc,ref      ] GC(62) Phantom: 1 encountered, 1 discovered, 0 enqueued
[2026-06-18T16:36:47.260+0800][6.304s][info][gc,heap     ] GC(62)                Mark Start          Mark End        Relocate Start      Relocate End           High               Low         
[2026-06-18T16:36:47.260+0800][6.304s][info][gc,heap     ] GC(62)  Capacity:      256M (100%)        256M (100%)        256M (100%)        256M (100%)        256M (100%)        256M (100%)   
[2026-06-18T16:36:47.261+0800][6.305s][info][gc,heap     ] GC(62)   Reserve:       62M (24%)          62M (24%)          62M (24%)          62M (24%)          62M (24%)          62M (24%)    
[2026-06-18T16:36:47.262+0800][6.306s][info][gc,heap     ] GC(62)      Free:      116M (45%)         114M (45%)         136M (53%)         142M (55%)         142M (55%)         112M (44%)    
[2026-06-18T16:36:47.263+0800][6.307s][info][gc,heap     ] GC(62)      Used:       78M (30%)          80M (31%)          58M (23%)          52M (20%)          82M (32%)          52M (20%)    
[2026-06-18T16:36:47.264+0800][6.308s][info][gc,heap     ] GC(62)      Live:         -                27M (11%)          27M (11%)          27M (11%)            -                  -          
[2026-06-18T16:36:47.265+0800][6.309s][info][gc,heap     ] GC(62) Allocated:         -                 2M (1%)            4M (2%)           14M (5%)             -                  -          
[2026-06-18T16:36:47.266+0800][6.310s][info][gc,heap     ] GC(62)   Garbage:         -                50M (20%)          26M (11%)          16M (7%)             -                  -          
[2026-06-18T16:36:47.267+0800][6.311s][info][gc,heap     ] GC(62) Reclaimed:         -                  -                24M (9%)           34M (13%)            -                  -          
[2026-06-18T16:36:47.268+0800][6.312s][info][gc          ] GC(62) Garbage Collection (Allocation Rate) 78M(30%)->52M(20%)
[2026-06-18T16:36:47.318+0800][6.363s][info][gc,start    ] GC(63) Garbage Collection (Allocation Rate)
[2026-06-18T16:36:47.321+0800][6.365s][info][gc,phases   ] GC(63) Pause Mark Start 0.486ms
[2026-06-18T16:36:47.325+0800][6.369s][info][gc,phases   ] GC(63) Concurrent Mark 1.621ms
[2026-06-18T16:36:47.326+0800][6.370s][info][gc,phases   ] GC(63) Pause Mark End 0.254ms
[2026-06-18T16:36:47.327+0800][6.371s][info][gc,phases   ] GC(63) Concurrent Process Non-Strong References 0.087ms
[2026-06-18T16:36:47.328+0800][6.372s][info][gc,phases   ] GC(63) Concurrent Reset Relocation Set 0.003ms
[2026-06-18T16:36:47.328+0800][6.372s][info][gc,phases   ] GC(63) Concurrent Destroy Detached Pages 0.000ms
[2026-06-18T16:36:47.330+0800][6.374s][info][gc,phases   ] GC(63) Concurrent Select Relocation Set 0.518ms
[2026-06-18T16:36:47.333+0800][6.377s][info][gc,phases   ] GC(63) Concurrent Prepare Relocation Set 0.005ms
[2026-06-18T16:36:47.334+0800][6.378s][info][gc,phases   ] GC(63) Pause Relocate Start 0.242ms
[2026-06-18T16:36:47.337+0800][6.381s][info][gc,phases   ] GC(63) Concurrent Relocate 1.557ms
[2026-06-18T16:36:47.338+0800][6.382s][info][gc,load     ] GC(63) Load: 0.92/0.42/0.26
[2026-06-18T16:36:47.339+0800][6.383s][info][gc,mmu      ] GC(63) MMU: 2ms/52.9%, 5ms/81.2%, 10ms/85.5%, 20ms/92.1%, 50ms/96.5%, 100ms/97.5%
[2026-06-18T16:36:47.340+0800][6.384s][info][gc,marking  ] GC(63) Mark: 2 stripe(s), 1 proactive flush(es), 1 terminate flush(es), 0 completion(s), 0 continuation(s) 
[2026-06-18T16:36:47.341+0800][6.385s][info][gc,reloc    ] GC(63) Relocation: Successful, 22M relocated
[2026-06-18T16:36:47.342+0800][6.386s][info][gc,nmethod  ] GC(63) NMethods: 18 registered, 0 unregistered
[2026-06-18T16:36:47.342+0800][6.387s][info][gc,metaspace] GC(63) Metaspace: 3M used, 4M capacity, 4M committed, 8M reserved
[2026-06-18T16:36:47.343+0800][6.387s][info][gc,ref      ] GC(63) Soft: 43 encountered, 0 discovered, 0 enqueued
[2026-06-18T16:36:47.344+0800][6.388s][info][gc,ref      ] GC(63) Weak: 7 encountered, 2 discovered, 0 enqueued
[2026-06-18T16:36:47.346+0800][6.390s][info][gc,ref      ] GC(63) Final: 0 encountered, 0 discovered, 0 enqueued
[2026-06-18T16:36:47.348+0800][6.392s][info][gc,ref      ] GC(63) Phantom: 1 encountered, 1 discovered, 0 enqueued
[2026-06-18T16:36:47.349+0800][6.393s][info][gc,heap     ] GC(63)                Mark Start          Mark End        Relocate Start      Relocate End           High               Low         
[2026-06-18T16:36:47.350+0800][6.395s][info][gc,heap     ] GC(63)  Capacity:      256M (100%)        256M (100%)        256M (100%)        256M (100%)        256M (100%)        256M (100%)   
[2026-06-18T16:36:47.352+0800][6.396s][info][gc,heap     ] GC(63)   Reserve:       62M (24%)          62M (24%)          62M (24%)          62M (24%)          62M (24%)          62M (24%)    
[2026-06-18T16:36:47.353+0800][6.397s][info][gc,heap     ] GC(63)      Free:       82M (32%)          82M (32%)         110M (43%)         146M (57%)         146M (57%)          74M (29%)    
[2026-06-18T16:36:47.354+0800][6.398s][info][gc,heap     ] GC(63)      Used:      112M (44%)         112M (44%)          84M (33%)          48M (19%)         120M (47%)          48M (19%)    
[2026-06-18T16:36:47.356+0800][6.400s][info][gc,heap     ] GC(63)      Live:         -                24M (9%)           24M (9%)           24M (9%)             -                  -          
[2026-06-18T16:36:47.358+0800][6.402s][info][gc,heap     ] GC(63) Allocated:         -                 0M (0%)            4M (2%)           42M (16%)            -                  -          
[2026-06-18T16:36:47.359+0800][6.403s][info][gc,heap     ] GC(63)   Garbage:         -                87M (34%)          55M (22%)          19M (8%)             -                  -          
[2026-06-18T16:36:47.360+0800][6.404s][info][gc,heap     ] GC(63) Reclaimed:         -                  -                32M (12%)          68M (27%)            -                  -          
[2026-06-18T16:36:47.361+0800][6.405s][info][gc          ] GC(63) Garbage Collection (Allocation Rate) 112M(44%)->48M(19%)
[2026-06-18T16:36:47.419+0800][6.463s][info][gc,start    ] GC(64) Garbage Collection (Allocation Rate)
[2026-06-18T16:36:47.422+0800][6.466s][info][gc,phases   ] GC(64) Pause Mark Start 0.518ms
[2026-06-18T16:36:47.425+0800][6.469s][info][gc,phases   ] GC(64) Concurrent Mark 1.509ms
[2026-06-18T16:36:47.427+0800][6.471s][info][gc,phases   ] GC(64) Pause Mark End 0.272ms
[2026-06-18T16:36:47.427+0800][6.471s][info][gc,phases   ] GC(64) Concurrent Process Non-Strong References 0.093ms
[2026-06-18T16:36:47.428+0800][6.472s][info][gc,phases   ] GC(64) Concurrent Reset Relocation Set 0.002ms
[2026-06-18T16:36:47.429+0800][6.473s][info][gc,phases   ] GC(64) Concurrent Destroy Detached Pages 0.001ms
[2026-06-18T16:36:47.430+0800][6.474s][info][gc,phases   ] GC(64) Concurrent Select Relocation Set 0.454ms
[2026-06-18T16:36:47.431+0800][6.475s][info][gc,phases   ] GC(64) Concurrent Prepare Relocation Set 0.029ms
[2026-06-18T16:36:47.433+0800][6.477s][info][gc,phases   ] GC(64) Pause Relocate Start 0.382ms
[2026-06-18T16:36:47.434+0800][6.479s][info][gc,phases   ] GC(64) Concurrent Relocate 0.793ms
[2026-06-18T16:36:47.436+0800][6.480s][info][gc,load     ] GC(64) Load: 0.92/0.42/0.26
[2026-06-18T16:36:47.436+0800][6.481s][info][gc,mmu      ] GC(64) MMU: 2ms/52.9%, 5ms/81.2%, 10ms/85.5%, 20ms/92.1%, 50ms/96.5%, 100ms/97.5%
[2026-06-18T16:36:47.437+0800][6.481s][info][gc,marking  ] GC(64) Mark: 2 stripe(s), 2 proactive flush(es), 1 terminate flush(es), 0 completion(s), 0 continuation(s) 
[2026-06-18T16:36:47.438+0800][6.482s][info][gc,reloc    ] GC(64) Relocation: Successful, 20M relocated
[2026-06-18T16:36:47.438+0800][6.483s][info][gc,nmethod  ] GC(64) NMethods: 18 registered, 0 unregistered
[2026-06-18T16:36:47.439+0800][6.483s][info][gc,metaspace] GC(64) Metaspace: 3M used, 4M capacity, 4M committed, 8M reserved
[2026-06-18T16:36:47.440+0800][6.484s][info][gc,ref      ] GC(64) Soft: 43 encountered, 0 discovered, 0 enqueued
[2026-06-18T16:36:47.440+0800][6.485s][info][gc,ref      ] GC(64) Weak: 7 encountered, 2 discovered, 0 enqueued
[2026-06-18T16:36:47.441+0800][6.485s][info][gc,ref      ] GC(64) Final: 0 encountered, 0 discovered, 0 enqueued
[2026-06-18T16:36:47.442+0800][6.486s][info][gc,ref      ] GC(64) Phantom: 1 encountered, 1 discovered, 0 enqueued
[2026-06-18T16:36:47.442+0800][6.487s][info][gc,heap     ] GC(64)                Mark Start          Mark End        Relocate Start      Relocate End           High               Low         
[2026-06-18T16:36:47.443+0800][6.488s][info][gc,heap     ] GC(64)  Capacity:      256M (100%)        256M (100%)        256M (100%)        256M (100%)        256M (100%)        256M (100%)   
[2026-06-18T16:36:47.444+0800][6.488s][info][gc,heap     ] GC(64)   Reserve:       62M (24%)          62M (24%)          62M (24%)          62M (24%)          62M (24%)          62M (24%)    
[2026-06-18T16:36:47.444+0800][6.488s][info][gc,heap     ] GC(64)      Free:      114M (45%)         110M (43%)         138M (54%)         114M (45%)         148M (58%)         110M (43%)    
[2026-06-18T16:36:47.444+0800][6.489s][info][gc,heap     ] GC(64)      Used:       80M (31%)          84M (33%)          56M (22%)          80M (31%)          84M (33%)          46M (18%)    
[2026-06-18T16:36:47.445+0800][6.489s][info][gc,heap     ] GC(64)      Live:         -                20M (8%)           20M (8%)           20M (8%)             -                  -          
[2026-06-18T16:36:47.445+0800][6.490s][info][gc,heap     ] GC(64) Allocated:         -                 4M (2%)            4M (2%)           46M (18%)            -                  -          
[2026-06-18T16:36:47.446+0800][6.490s][info][gc,heap     ] GC(64)   Garbage:         -                59M (23%)          31M (12%)          19M (8%)             -                  -          
[2026-06-18T16:36:47.446+0800][6.490s][info][gc,heap     ] GC(64) Reclaimed:         -                  -                28M (11%)          40M (16%)            -                  -          
[2026-06-18T16:36:47.447+0800][6.491s][info][gc          ] GC(64) Garbage Collection (Allocation Rate) 80M(31%)->80M(31%)
[2026-06-18T16:36:47.519+0800][6.563s][info][gc,start    ] GC(65) Garbage Collection (Allocation Rate)
[2026-06-18T16:36:47.522+0800][6.566s][info][gc,phases   ] GC(65) Pause Mark Start 0.468ms
[2026-06-18T16:36:47.525+0800][6.570s][info][gc,phases   ] GC(65) Concurrent Mark 1.703ms
[2026-06-18T16:36:47.526+0800][6.571s][info][gc,phases   ] GC(65) Pause Mark End 0.302ms
[2026-06-18T16:36:47.527+0800][6.571s][info][gc,phases   ] GC(65) Concurrent Process Non-Strong References 0.103ms
[2026-06-18T16:36:47.528+0800][6.572s][info][gc,phases   ] GC(65) Concurrent Reset Relocation Set 0.004ms
[2026-06-18T16:36:47.530+0800][6.574s][info][gc,phases   ] GC(65) Concurrent Destroy Detached Pages 0.001ms
[2026-06-18T16:36:47.534+0800][6.578s][info][gc,phases   ] GC(65) Concurrent Select Relocation Set 0.715ms
[2026-06-18T16:36:47.536+0800][6.580s][info][gc,phases   ] GC(65) Concurrent Prepare Relocation Set 0.011ms
[2026-06-18T16:36:47.537+0800][6.582s][info][gc,phases   ] GC(65) Pause Relocate Start 0.246ms
[2026-06-18T16:36:47.541+0800][6.585s][info][gc,phases   ] GC(65) Concurrent Relocate 2.172ms
[2026-06-18T16:36:47.542+0800][6.586s][info][gc,load     ] GC(65) Load: 0.92/0.42/0.26
[2026-06-18T16:36:47.543+0800][6.587s][info][gc,mmu      ] GC(65) MMU: 2ms/52.9%, 5ms/81.2%, 10ms/85.5%, 20ms/92.1%, 50ms/96.5%, 100ms/97.5%
[2026-06-18T16:36:47.546+0800][6.590s][info][gc,marking  ] GC(65) Mark: 2 stripe(s), 1 proactive flush(es), 1 terminate flush(es), 0 completion(s), 0 continuation(s) 
[2026-06-18T16:36:47.549+0800][6.593s][info][gc,reloc    ] GC(65) Relocation: Successful, 25M relocated
[2026-06-18T16:36:47.551+0800][6.595s][info][gc,nmethod  ] GC(65) NMethods: 18 registered, 0 unregistered
[2026-06-18T16:36:47.551+0800][6.595s][info][gc,metaspace] GC(65) Metaspace: 3M used, 4M capacity, 4M committed, 8M reserved
[2026-06-18T16:36:47.552+0800][6.596s][info][gc,ref      ] GC(65) Soft: 43 encountered, 0 discovered, 0 enqueued
[2026-06-18T16:36:47.553+0800][6.597s][info][gc,ref      ] GC(65) Weak: 7 encountered, 0 discovered, 0 enqueued
[2026-06-18T16:36:47.554+0800][6.598s][info][gc,ref      ] GC(65) Final: 0 encountered, 0 discovered, 0 enqueued
[2026-06-18T16:36:47.555+0800][6.599s][info][gc,ref      ] GC(65) Phantom: 1 encountered, 0 discovered, 0 enqueued
[2026-06-18T16:36:47.555+0800][6.600s][info][gc,heap     ] GC(65)                Mark Start          Mark End        Relocate Start      Relocate End           High               Low         
[2026-06-18T16:36:47.557+0800][6.601s][info][gc,heap     ] GC(65)  Capacity:      256M (100%)        256M (100%)        256M (100%)        256M (100%)        256M (100%)        256M (100%)   
[2026-06-18T16:36:47.559+0800][6.603s][info][gc,heap     ] GC(65)   Reserve:       62M (24%)          62M (24%)          62M (24%)          62M (24%)          62M (24%)          62M (24%)    
[2026-06-18T16:36:47.560+0800][6.605s][info][gc,heap     ] GC(65)      Free:       84M (33%)          84M (33%)          76M (30%)         140M (55%)         140M (55%)          46M (18%)    
[2026-06-18T16:36:47.562+0800][6.607s][info][gc,heap     ] GC(65)      Used:      110M (43%)         110M (43%)         118M (46%)          54M (21%)         148M (58%)          54M (21%)    
[2026-06-18T16:36:47.564+0800][6.608s][info][gc,heap     ] GC(65)      Live:         -                27M (11%)          27M (11%)          27M (11%)            -                  -          
[2026-06-18T16:36:47.565+0800][6.609s][info][gc,heap     ] GC(65) Allocated:         -                 0M (0%)           38M (15%)          52M (20%)            -                  -          
[2026-06-18T16:36:47.568+0800][6.612s][info][gc,heap     ] GC(65)   Garbage:         -                82M (32%)          52M (21%)    17592186044400M (6         -                  -          
[2026-06-18T16:36:47.570+0800][6.614s][info][gc,heap     ] GC(65) Reclaimed:         -                  -                30M (12%)          98M (38%)            -                  -          
[2026-06-18T16:36:47.571+0800][6.616s][info][gc          ] GC(65) Garbage Collection (Allocation Rate) 110M(43%)->54M(21%)
[2026-06-18T16:36:47.619+0800][6.663s][info][gc,start    ] GC(66) Garbage Collection (Allocation Rate)
[2026-06-18T16:36:47.622+0800][6.666s][info][gc,phases   ] GC(66) Pause Mark Start 0.539ms
[2026-06-18T16:36:47.627+0800][6.672s][info][gc,phases   ] GC(66) Concurrent Mark 1.587ms
[2026-06-18T16:36:47.631+0800][6.675s][info][gc,phases   ] GC(66) Pause Mark End 0.806ms
[2026-06-18T16:36:47.634+0800][6.678s][info][gc,phases   ] GC(66) Concurrent Process Non-Strong References 0.090ms
[2026-06-18T16:36:47.635+0800][6.679s][info][gc,phases   ] GC(66) Concurrent Reset Relocation Set 0.003ms
[2026-06-18T16:36:47.638+0800][6.682s][info][gc,phases   ] GC(66) Concurrent Destroy Detached Pages 0.001ms
[2026-06-18T16:36:47.641+0800][6.685s][info][gc,phases   ] GC(66) Concurrent Select Relocation Set 0.464ms
[2026-06-18T16:36:47.642+0800][6.686s][info][gc,phases   ] GC(66) Concurrent Prepare Relocation Set 0.009ms
[2026-06-18T16:36:47.646+0800][6.690s][info][gc,phases   ] GC(66) Pause Relocate Start 0.161ms
[2026-06-18T16:36:47.648+0800][6.692s][info][gc,phases   ] GC(66) Concurrent Relocate 0.463ms
[2026-06-18T16:36:47.649+0800][6.693s][info][gc,load     ] GC(66) Load: 0.92/0.42/0.26
[2026-06-18T16:36:47.651+0800][6.695s][info][gc,mmu      ] GC(66) MMU: 2ms/52.9%, 5ms/81.2%, 10ms/85.5%, 20ms/92.1%, 50ms/96.5%, 100ms/97.5%
[2026-06-18T16:36:47.653+0800][6.697s][info][gc,marking  ] GC(66) Mark: 2 stripe(s), 2 proactive flush(es), 1 terminate flush(es), 0 completion(s), 0 continuation(s) 
[2026-06-18T16:36:47.654+0800][6.698s][info][gc,reloc    ] GC(66) Relocation: Successful, 23M relocated
[2026-06-18T16:36:47.656+0800][6.700s][info][gc,nmethod  ] GC(66) NMethods: 18 registered, 0 unregistered
[2026-06-18T16:36:47.659+0800][6.704s][info][gc,metaspace] GC(66) Metaspace: 3M used, 4M capacity, 4M committed, 8M reserved
[2026-06-18T16:36:47.663+0800][6.707s][info][gc,ref      ] GC(66) Soft: 43 encountered, 0 discovered, 0 enqueued
[2026-06-18T16:36:47.665+0800][6.710s][info][gc,ref      ] GC(66) Weak: 7 encountered, 2 discovered, 0 enqueued
[2026-06-18T16:36:47.667+0800][6.711s][info][gc,ref      ] GC(66) Final: 0 encountered, 0 discovered, 0 enqueued
[2026-06-18T16:36:47.668+0800][6.712s][info][gc,ref      ] GC(66) Phantom: 1 encountered, 1 discovered, 0 enqueued
[2026-06-18T16:36:47.669+0800][6.713s][info][gc,heap     ] GC(66)                Mark Start          Mark End        Relocate Start      Relocate End           High               Low         
[2026-06-18T16:36:47.670+0800][6.715s][info][gc,heap     ] GC(66)  Capacity:      256M (100%)        256M (100%)        256M (100%)        256M (100%)        256M (100%)        256M (100%)   
[2026-06-18T16:36:47.672+0800][6.716s][info][gc,heap     ] GC(66)   Reserve:       62M (24%)          62M (24%)          62M (24%)          62M (24%)          62M (24%)          62M (24%)    
[2026-06-18T16:36:47.673+0800][6.717s][info][gc,heap     ] GC(66)      Free:      114M (45%)          76M (30%)         102M (40%)         108M (42%)         114M (45%)          72M (28%)    
[2026-06-18T16:36:47.675+0800][6.719s][info][gc,heap     ] GC(66)      Used:       80M (31%)         118M (46%)          92M (36%)          86M (34%)         122M (48%)          80M (31%)    
[2026-06-18T16:36:47.677+0800][6.721s][info][gc,heap     ] GC(66)      Live:         -                23M (9%)           23M (9%)           23M (9%)             -                  -          
[2026-06-18T16:36:47.678+0800][6.722s][info][gc,heap     ] GC(66) Allocated:         -                38M (15%)          42M (16%)          54M (21%)            -                  -          
[2026-06-18T16:36:47.679+0800][6.723s][info][gc,heap     ] GC(66)   Garbage:         -                56M (22%)          26M (10%)          16M (6%)             -                  -          
[2026-06-18T16:36:47.680+0800][6.724s][info][gc,heap     ] GC(66) Reclaimed:         -                  -                30M (12%)          40M (16%)            -                  -          
[2026-06-18T16:36:47.681+0800][6.725s][info][gc          ] GC(66) Garbage Collection (Allocation Rate) 80M(31%)->86M(34%)
[2026-06-18T16:36:47.718+0800][6.762s][info][gc,start    ] GC(67) Garbage Collection (Allocation Rate)
[2026-06-18T16:36:47.721+0800][6.765s][info][gc,phases   ] GC(67) Pause Mark Start 0.501ms
[2026-06-18T16:36:47.726+0800][6.770s][info][gc,phases   ] GC(67) Concurrent Mark 1.904ms
[2026-06-18T16:36:47.727+0800][6.772s][info][gc,phases   ] GC(67) Pause Mark End 0.312ms
[2026-06-18T16:36:47.730+0800][6.774s][info][gc,phases   ] GC(67) Concurrent Process Non-Strong References 0.090ms
[2026-06-18T16:36:47.732+0800][6.776s][info][gc,phases   ] GC(67) Concurrent Reset Relocation Set 0.003ms
[2026-06-18T16:36:47.733+0800][6.777s][info][gc,phases   ] GC(67) Concurrent Destroy Detached Pages 0.001ms
[2026-06-18T16:36:47.734+0800][6.778s][info][gc,phases   ] GC(67) Concurrent Select Relocation Set 0.456ms
[2026-06-18T16:36:47.736+0800][6.780s][info][gc,phases   ] GC(67) Concurrent Prepare Relocation Set 0.007ms
[2026-06-18T16:36:47.740+0800][6.784s][info][gc,phases   ] GC(67) Pause Relocate Start 0.329ms
[2026-06-18T16:36:47.743+0800][6.787s][info][gc,phases   ] GC(67) Concurrent Relocate 1.953ms
[2026-06-18T16:36:47.744+0800][6.788s][info][gc,load     ] GC(67) Load: 0.92/0.42/0.26
[2026-06-18T16:36:47.746+0800][6.790s][info][gc,mmu      ] GC(67) MMU: 2ms/52.9%, 5ms/81.2%, 10ms/85.5%, 20ms/92.1%, 50ms/96.5%, 100ms/97.5%
[2026-06-18T16:36:47.746+0800][6.791s][info][gc,marking  ] GC(67) Mark: 2 stripe(s), 2 proactive flush(es), 1 terminate flush(es), 0 completion(s), 0 continuation(s) 
[2026-06-18T16:36:47.747+0800][6.791s][info][gc,reloc    ] GC(67) Relocation: Successful, 27M relocated
[2026-06-18T16:36:47.748+0800][6.792s][info][gc,nmethod  ] GC(67) NMethods: 18 registered, 0 unregistered
[2026-06-18T16:36:47.749+0800][6.793s][info][gc,metaspace] GC(67) Metaspace: 3M used, 4M capacity, 4M committed, 8M reserved
[2026-06-18T16:36:47.752+0800][6.796s][info][gc,ref      ] GC(67) Soft: 43 encountered, 0 discovered, 0 enqueued
[2026-06-18T16:36:47.753+0800][6.797s][info][gc,ref      ] GC(67) Weak: 7 encountered, 2 discovered, 0 enqueued
[2026-06-18T16:36:47.754+0800][6.798s][info][gc,ref      ] GC(67) Final: 0 encountered, 0 discovered, 0 enqueued
[2026-06-18T16:36:47.755+0800][6.799s][info][gc,ref      ] GC(67) Phantom: 1 encountered, 1 discovered, 0 enqueued
[2026-06-18T16:36:47.756+0800][6.800s][info][gc,heap     ] GC(67)                Mark Start          Mark End        Relocate Start      Relocate End           High               Low         
[2026-06-18T16:36:47.757+0800][6.801s][info][gc,heap     ] GC(67)  Capacity:      256M (100%)        256M (100%)        256M (100%)        256M (100%)        256M (100%)        256M (100%)   
[2026-06-18T16:36:47.758+0800][6.802s][info][gc,heap     ] GC(67)   Reserve:       62M (24%)          62M (24%)          62M (24%)          62M (24%)          62M (24%)          62M (24%)    
[2026-06-18T16:36:47.759+0800][6.803s][info][gc,heap     ] GC(67)      Free:       84M (33%)          46M (18%)          68M (27%)         138M (54%)         138M (54%)          46M (18%)    
[2026-06-18T16:36:47.760+0800][6.804s][info][gc,heap     ] GC(67)      Used:      110M (43%)         148M (58%)         126M (49%)          56M (22%)         148M (58%)          56M (22%)    
[2026-06-18T16:36:47.763+0800][6.807s][info][gc,heap     ] GC(67)      Live:         -                30M (12%)          30M (12%)          30M (12%)            -                  -          
[2026-06-18T16:36:47.764+0800][6.808s][info][gc,heap     ] GC(67) Allocated:         -                38M (15%)          42M (16%)          50M (20%)            -                  -          
[2026-06-18T16:36:47.765+0800][6.810s][info][gc,heap     ] GC(67)   Garbage:         -                79M (31%)          53M (21%)    17592186044399M (6         -                  -          
[2026-06-18T16:36:47.768+0800][6.813s][info][gc,heap     ] GC(67) Reclaimed:         -                  -                26M (10%)          96M (38%)            -                  -          
[2026-06-18T16:36:47.771+0800][6.815s][info][gc          ] GC(67) Garbage Collection (Allocation Rate) 110M(43%)->56M(22%)
[2026-06-18T16:36:47.818+0800][6.862s][info][gc,start    ] GC(68) Garbage Collection (Allocation Rate)
[2026-06-18T16:36:47.821+0800][6.865s][info][gc,phases   ] GC(68) Pause Mark Start 0.198ms
[2026-06-18T16:36:47.824+0800][6.868s][info][gc,phases   ] GC(68) Concurrent Mark 1.875ms
[2026-06-18T16:36:47.828+0800][6.872s][info][gc,phases   ] GC(68) Pause Mark End 0.618ms
[2026-06-18T16:36:47.830+0800][6.874s][info][gc,phases   ] GC(68) Concurrent Process Non-Strong References 0.076ms
[2026-06-18T16:36:47.832+0800][6.876s][info][gc,phases   ] GC(68) Concurrent Reset Relocation Set 0.002ms
[2026-06-18T16:36:47.834+0800][6.878s][info][gc,phases   ] GC(68) Concurrent Destroy Detached Pages 0.001ms
[2026-06-18T16:36:47.837+0800][6.881s][info][gc,phases   ] GC(68) Concurrent Select Relocation Set 1.261ms
[2026-06-18T16:36:47.838+0800][6.883s][info][gc,phases   ] GC(68) Concurrent Prepare Relocation Set 0.005ms
[2026-06-18T16:36:47.840+0800][6.885s][info][gc,phases   ] GC(68) Pause Relocate Start 0.308ms
[2026-06-18T16:36:47.842+0800][6.886s][info][gc,phases   ] GC(68) Concurrent Relocate 0.341ms
[2026-06-18T16:36:47.844+0800][6.888s][info][gc,load     ] GC(68) Load: 0.92/0.42/0.26
[2026-06-18T16:36:47.845+0800][6.890s][info][gc,mmu      ] GC(68) MMU: 2ms/52.9%, 5ms/81.2%, 10ms/85.5%, 20ms/92.1%, 50ms/96.5%, 100ms/97.5%
[2026-06-18T16:36:47.847+0800][6.891s][info][gc,marking  ] GC(68) Mark: 2 stripe(s), 2 proactive flush(es), 1 terminate flush(es), 0 completion(s), 0 continuation(s) 
[2026-06-18T16:36:47.849+0800][6.893s][info][gc,reloc    ] GC(68) Relocation: Successful, 25M relocated
[2026-06-18T16:36:47.850+0800][6.894s][info][gc,nmethod  ] GC(68) NMethods: 18 registered, 0 unregistered
[2026-06-18T16:36:47.851+0800][6.895s][info][gc,metaspace] GC(68) Metaspace: 3M used, 4M capacity, 4M committed, 8M reserved
[2026-06-18T16:36:47.853+0800][6.897s][info][gc,ref      ] GC(68) Soft: 43 encountered, 0 discovered, 0 enqueued
[2026-06-18T16:36:47.854+0800][6.899s][info][gc,ref      ] GC(68) Weak: 7 encountered, 2 discovered, 0 enqueued
[2026-06-18T16:36:47.856+0800][6.900s][info][gc,ref      ] GC(68) Final: 0 encountered, 0 discovered, 0 enqueued
[2026-06-18T16:36:47.857+0800][6.901s][info][gc,ref      ] GC(68) Phantom: 1 encountered, 1 discovered, 0 enqueued
[2026-06-18T16:36:47.859+0800][6.903s][info][gc,heap     ] GC(68)                Mark Start          Mark End        Relocate Start      Relocate End           High               Low         
[2026-06-18T16:36:47.861+0800][6.905s][info][gc,heap     ] GC(68)  Capacity:      256M (100%)        256M (100%)        256M (100%)        256M (100%)        256M (100%)        256M (100%)   
[2026-06-18T16:36:47.862+0800][6.907s][info][gc,heap     ] GC(68)   Reserve:       62M (24%)          62M (24%)          62M (24%)          62M (24%)          62M (24%)          62M (24%)    
[2026-06-18T16:36:47.864+0800][6.908s][info][gc,heap     ] GC(68)      Free:      108M (42%)          74M (29%)         102M (40%)         114M (45%)         114M (45%)          72M (28%)    
[2026-06-18T16:36:47.866+0800][6.911s][info][gc,heap     ] GC(68)      Used:       86M (34%)         120M (47%)          92M (36%)          80M (31%)         122M (48%)          80M (31%)    
[2026-06-18T16:36:47.868+0800][6.912s][info][gc,heap     ] GC(68)      Live:         -                26M (11%)          26M (11%)          26M (11%)            -                  -          
[2026-06-18T16:36:47.869+0800][6.913s][info][gc,heap     ] GC(68) Allocated:         -                34M (13%)          36M (14%)          42M (16%)            -                  -          
[2026-06-18T16:36:47.870+0800][6.914s][info][gc,heap     ] GC(68)   Garbage:         -                59M (23%)          29M (11%)          17M (7%)             -                  -          
[2026-06-18T16:36:47.871+0800][6.916s][info][gc,heap     ] GC(68) Reclaimed:         -                  -                30M (12%)          42M (16%)            -                  -          
[2026-06-18T16:36:47.873+0800][6.917s][info][gc          ] GC(68) Garbage Collection (Allocation Rate) 86M(34%)->80M(31%)
[2026-06-18T16:36:47.918+0800][6.963s][info][gc,start    ] GC(69) Garbage Collection (Allocation Rate)
[2026-06-18T16:36:47.922+0800][6.967s][info][gc,phases   ] GC(69) Pause Mark Start 0.459ms
[2026-06-18T16:36:47.926+0800][6.970s][info][gc,phases   ] GC(69) Concurrent Mark 1.425ms
[2026-06-18T16:36:47.927+0800][6.971s][info][gc,phases   ] GC(69) Pause Mark End 0.272ms
[2026-06-18T16:36:47.929+0800][6.973s][info][gc,phases   ] GC(69) Concurrent Process Non-Strong References 0.234ms
[2026-06-18T16:36:47.929+0800][6.974s][info][gc,phases   ] GC(69) Concurrent Reset Relocation Set 0.003ms
[2026-06-18T16:36:47.931+0800][6.975s][info][gc,phases   ] GC(69) Concurrent Destroy Detached Pages 0.001ms
[2026-06-18T16:36:47.932+0800][6.976s][info][gc,phases   ] GC(69) Concurrent Select Relocation Set 0.503ms
[2026-06-18T16:36:47.934+0800][6.978s][info][gc,phases   ] GC(69) Concurrent Prepare Relocation Set 0.016ms
[2026-06-18T16:36:47.935+0800][6.979s][info][gc,phases   ] GC(69) Pause Relocate Start 0.288ms
[2026-06-18T16:36:47.938+0800][6.983s][info][gc,phases   ] GC(69) Concurrent Relocate 1.066ms
[2026-06-18T16:36:47.940+0800][6.984s][info][gc,load     ] GC(69) Load: 0.92/0.42/0.26
[2026-06-18T16:36:47.941+0800][6.985s][info][gc,mmu      ] GC(69) MMU: 2ms/52.9%, 5ms/81.2%, 10ms/85.5%, 20ms/92.1%, 50ms/96.5%, 100ms/97.5%
[2026-06-18T16:36:47.943+0800][6.987s][info][gc,marking  ] GC(69) Mark: 2 stripe(s), 1 proactive flush(es), 1 terminate flush(es), 0 completion(s), 0 continuation(s) 
[2026-06-18T16:36:47.944+0800][6.988s][info][gc,reloc    ] GC(69) Relocation: Successful, 19M relocated
[2026-06-18T16:36:47.946+0800][6.990s][info][gc,nmethod  ] GC(69) NMethods: 18 registered, 0 unregistered
[2026-06-18T16:36:47.946+0800][6.991s][info][gc,metaspace] GC(69) Metaspace: 3M used, 4M capacity, 4M committed, 8M reserved
[2026-06-18T16:36:47.947+0800][6.991s][info][gc,ref      ] GC(69) Soft: 43 encountered, 0 discovered, 0 enqueued
[2026-06-18T16:36:47.948+0800][6.992s][info][gc,ref      ] GC(69) Weak: 7 encountered, 0 discovered, 0 enqueued
[2026-06-18T16:36:47.949+0800][6.994s][info][gc,ref      ] GC(69) Final: 0 encountered, 0 discovered, 0 enqueued
[2026-06-18T16:36:47.952+0800][6.996s][info][gc,ref      ] GC(69) Phantom: 1 encountered, 1 discovered, 0 enqueued
[2026-06-18T16:36:47.953+0800][6.998s][info][gc,heap     ] GC(69)                Mark Start          Mark End        Relocate Start      Relocate End           High               Low         
[2026-06-18T16:36:47.956+0800][7.000s][info][gc,heap     ] GC(69)  Capacity:      256M (100%)        256M (100%)        256M (100%)        256M (100%)        256M (100%)        256M (100%)   
[2026-06-18T16:36:47.958+0800][7.002s][info][gc,heap     ] GC(69)   Reserve:       62M (24%)          62M (24%)          62M (24%)          62M (24%)          62M (24%)          62M (24%)    
[2026-06-18T16:36:47.960+0800][7.005s][info][gc,heap     ] GC(69)      Free:       82M (32%)          82M (32%)         104M (41%)         146M (57%)         146M (57%)          66M (26%)    
[2026-06-18T16:36:47.961+0800][7.006s][info][gc,heap     ] GC(69)      Used:      112M (44%)         112M (44%)          90M (35%)          48M (19%)         128M (50%)          48M (19%)    
[2026-06-18T16:36:47.962+0800][7.006s][info][gc,heap     ] GC(69)      Live:         -                20M (8%)           20M (8%)           20M (8%)             -                  -          
[2026-06-18T16:36:47.964+0800][7.008s][info][gc,heap     ] GC(69) Allocated:         -                 0M (0%)            4M (2%)           44M (17%)            -                  -          
[2026-06-18T16:36:47.965+0800][7.009s][info][gc,heap     ] GC(69)   Garbage:         -                91M (36%)          65M (26%)          23M (9%)             -                  -          
[2026-06-18T16:36:47.966+0800][7.010s][info][gc,heap     ] GC(69) Reclaimed:         -                  -                26M (10%)          68M (27%)            -                  -          
[2026-06-18T16:36:47.967+0800][7.012s][info][gc          ] GC(69) Garbage Collection (Allocation Rate) 112M(44%)->48M(19%)
[2026-06-18T16:36:48.018+0800][7.063s][info][gc,start    ] GC(70) Garbage Collection (Allocation Rate)
[2026-06-18T16:36:48.022+0800][7.066s][info][gc,phases   ] GC(70) Pause Mark Start 0.186ms
[2026-06-18T16:36:48.025+0800][7.070s][info][gc,phases   ] GC(70) Concurrent Mark 1.728ms
[2026-06-18T16:36:48.027+0800][7.072s][info][gc,phases   ] GC(70) Pause Mark End 0.312ms
[2026-06-18T16:36:48.029+0800][7.073s][info][gc,phases   ] GC(70) Concurrent Process Non-Strong References 0.102ms
[2026-06-18T16:36:48.032+0800][7.076s][info][gc,phases   ] GC(70) Concurrent Reset Relocation Set 0.003ms
[2026-06-18T16:36:48.034+0800][7.078s][info][gc,phases   ] GC(70) Concurrent Destroy Detached Pages 0.001ms
[2026-06-18T16:36:48.037+0800][7.081s][info][gc,phases   ] GC(70) Concurrent Select Relocation Set 1.037ms
[2026-06-18T16:36:48.039+0800][7.084s][info][gc,phases   ] GC(70) Concurrent Prepare Relocation Set 0.002ms
[2026-06-18T16:36:48.043+0800][7.087s][info][gc,phases   ] GC(70) Pause Relocate Start 0.413ms
[2026-06-18T16:36:48.045+0800][7.089s][info][gc,phases   ] GC(70) Concurrent Relocate 0.340ms
[2026-06-18T16:36:48.047+0800][7.091s][info][gc,load     ] GC(70) Load: 0.92/0.42/0.26
[2026-06-18T16:36:48.049+0800][7.094s][info][gc,mmu      ] GC(70) MMU: 2ms/52.9%, 5ms/81.2%, 10ms/85.5%, 20ms/92.1%, 50ms/96.5%, 100ms/97.5%
[2026-06-18T16:36:48.051+0800][7.095s][info][gc,marking  ] GC(70) Mark: 2 stripe(s), 2 proactive flush(es), 1 terminate flush(es), 0 completion(s), 0 continuation(s) 
[2026-06-18T16:36:48.053+0800][7.097s][info][gc,reloc    ] GC(70) Relocation: Successful, 23M relocated
[2026-06-18T16:36:48.055+0800][7.100s][info][gc,nmethod  ] GC(70) NMethods: 18 registered, 0 unregistered
[2026-06-18T16:36:48.060+0800][7.104s][info][gc,metaspace] GC(70) Metaspace: 3M used, 4M capacity, 4M committed, 8M reserved
[2026-06-18T16:36:48.062+0800][7.106s][info][gc,ref      ] GC(70) Soft: 43 encountered, 0 discovered, 0 enqueued
[2026-06-18T16:36:48.063+0800][7.108s][info][gc,ref      ] GC(70) Weak: 7 encountered, 2 discovered, 0 enqueued
[2026-06-18T16:36:48.065+0800][7.109s][info][gc,ref      ] GC(70) Final: 0 encountered, 0 discovered, 0 enqueued
[2026-06-18T16:36:48.066+0800][7.110s][info][gc,ref      ] GC(70) Phantom: 1 encountered, 1 discovered, 0 enqueued
[2026-06-18T16:36:48.068+0800][7.112s][info][gc,heap     ] GC(70)                Mark Start          Mark End        Relocate Start      Relocate End           High               Low         
[2026-06-18T16:36:48.070+0800][7.114s][info][gc,heap     ] GC(70)  Capacity:      256M (100%)        256M (100%)        256M (100%)        256M (100%)        256M (100%)        256M (100%)   
[2026-06-18T16:36:48.071+0800][7.116s][info][gc,heap     ] GC(70)   Reserve:       62M (24%)          62M (24%)          62M (24%)          62M (24%)          62M (24%)          62M (24%)    
[2026-06-18T16:36:48.073+0800][7.117s][info][gc,heap     ] GC(70)      Free:      116M (45%)         112M (44%)         136M (53%)         106M (41%)         138M (54%)         104M (41%)    
[2026-06-18T16:36:48.074+0800][7.119s][info][gc,heap     ] GC(70)      Used:       78M (30%)          82M (32%)          58M (23%)          88M (34%)          90M (35%)          56M (22%)    
[2026-06-18T16:36:48.076+0800][7.120s][info][gc,heap     ] GC(70)      Live:         -                26M (10%)          26M (10%)          26M (10%)            -                  -          
[2026-06-18T16:36:48.078+0800][7.122s][info][gc,heap     ] GC(70) Allocated:         -                 4M (2%)            8M (3%)           50M (20%)            -                  -          
[2026-06-18T16:36:48.078+0800][7.123s][info][gc,heap     ] GC(70)   Garbage:         -                51M (20%)          23M (9%)           17M (7%)             -                  -          
[2026-06-18T16:36:48.080+0800][7.124s][info][gc,heap     ] GC(70) Reclaimed:         -                  -                28M (11%)          34M (13%)            -                  -          
[2026-06-18T16:36:48.081+0800][7.125s][info][gc          ] GC(70) Garbage Collection (Allocation Rate) 78M(30%)->88M(34%)
[2026-06-18T16:36:48.119+0800][7.163s][info][gc,start    ] GC(71) Garbage Collection (Allocation Rate)
[2026-06-18T16:36:48.122+0800][7.166s][info][gc,phases   ] GC(71) Pause Mark Start 0.443ms
[2026-06-18T16:36:48.127+0800][7.171s][info][gc,phases   ] GC(71) Concurrent Mark 1.345ms
[2026-06-18T16:36:48.129+0800][7.173s][info][gc,phases   ] GC(71) Pause Mark End 0.332ms
[2026-06-18T16:36:48.130+0800][7.174s][info][gc,phases   ] GC(71) Concurrent Process Non-Strong References 0.107ms
[2026-06-18T16:36:48.131+0800][7.176s][info][gc,phases   ] GC(71) Concurrent Reset Relocation Set 0.001ms
[2026-06-18T16:36:48.132+0800][7.176s][info][gc,phases   ] GC(71) Concurrent Destroy Detached Pages 0.001ms
[2026-06-18T16:36:48.133+0800][7.178s][info][gc,phases   ] GC(71) Concurrent Select Relocation Set 0.482ms
[2026-06-18T16:36:48.134+0800][7.179s][info][gc,phases   ] GC(71) Concurrent Prepare Relocation Set 0.003ms
[2026-06-18T16:36:48.135+0800][7.180s][info][gc,phases   ] GC(71) Pause Relocate Start 0.180ms
[2026-06-18T16:36:48.139+0800][7.183s][info][gc,phases   ] GC(71) Concurrent Relocate 1.580ms
[2026-06-18T16:36:48.141+0800][7.185s][info][gc,load     ] GC(71) Load: 0.92/0.42/0.26
[2026-06-18T16:36:48.142+0800][7.186s][info][gc,mmu      ] GC(71) MMU: 2ms/52.9%, 5ms/81.2%, 10ms/85.5%, 20ms/92.1%, 50ms/96.5%, 100ms/97.5%
[2026-06-18T16:36:48.143+0800][7.187s][info][gc,marking  ] GC(71) Mark: 2 stripe(s), 1 proactive flush(es), 1 terminate flush(es), 0 completion(s), 0 continuation(s) 
[2026-06-18T16:36:48.144+0800][7.188s][info][gc,reloc    ] GC(71) Relocation: Successful, 23M relocated
[2026-06-18T16:36:48.145+0800][7.189s][info][gc,nmethod  ] GC(71) NMethods: 19 registered, 0 unregistered
[2026-06-18T16:36:48.146+0800][7.191s][info][gc,metaspace] GC(71) Metaspace: 3M used, 4M capacity, 4M committed, 8M reserved
[2026-06-18T16:36:48.148+0800][7.192s][info][gc,ref      ] GC(71) Soft: 43 encountered, 0 discovered, 0 enqueued
[2026-06-18T16:36:48.149+0800][7.193s][info][gc,ref      ] GC(71) Weak: 7 encountered, 0 discovered, 0 enqueued
[2026-06-18T16:36:48.150+0800][7.194s][info][gc,ref      ] GC(71) Final: 0 encountered, 0 discovered, 0 enqueued
[2026-06-18T16:36:48.151+0800][7.195s][info][gc,ref      ] GC(71) Phantom: 1 encountered, 0 discovered, 0 enqueued
[2026-06-18T16:36:48.152+0800][7.196s][info][gc,heap     ] GC(71)                Mark Start          Mark End        Relocate Start      Relocate End           High               Low         
[2026-06-18T16:36:48.153+0800][7.198s][info][gc,heap     ] GC(71)  Capacity:      256M (100%)        256M (100%)        256M (100%)        256M (100%)        256M (100%)        256M (100%)   
[2026-06-18T16:36:48.154+0800][7.198s][info][gc,heap     ] GC(71)   Reserve:       62M (24%)          62M (24%)          62M (24%)          62M (24%)          62M (24%)          62M (24%)    
[2026-06-18T16:36:48.155+0800][7.199s][info][gc,heap     ] GC(71)      Free:       80M (31%)          76M (30%)         106M (41%)         146M (57%)         146M (57%)          70M (27%)    
[2026-06-18T16:36:48.156+0800][7.200s][info][gc,heap     ] GC(71)      Used:      114M (45%)         118M (46%)          88M (34%)          48M (19%)         124M (48%)          48M (19%)    
[2026-06-18T16:36:48.157+0800][7.201s][info][gc,heap     ] GC(71)      Live:         -                23M (9%)           23M (9%)           23M (9%)             -                  -          
[2026-06-18T16:36:48.158+0800][7.203s][info][gc,heap     ] GC(71) Allocated:         -                 4M (2%)            6M (2%)           44M (17%)            -                  -          
[2026-06-18T16:36:48.160+0800][7.204s][info][gc,heap     ] GC(71)   Garbage:         -                90M (35%)          58M (23%)          18M (7%)             -                  -          
[2026-06-18T16:36:48.161+0800][7.205s][info][gc,heap     ] GC(71) Reclaimed:         -                  -                32M (12%)          72M (28%)            -                  -          
[2026-06-18T16:36:48.162+0800][7.206s][info][gc          ] GC(71) Garbage Collection (Allocation Rate) 114M(45%)->48M(19%)
[2026-06-18T16:36:48.219+0800][7.263s][info][gc,start    ] GC(72) Garbage Collection (Allocation Rate)
[2026-06-18T16:36:48.222+0800][7.266s][info][gc,phases   ] GC(72) Pause Mark Start 0.502ms
[2026-06-18T16:36:48.226+0800][7.270s][info][gc,phases   ] GC(72) Concurrent Mark 1.972ms
[2026-06-18T16:36:48.227+0800][7.271s][info][gc,phases   ] GC(72) Pause Mark End 0.308ms
[2026-06-18T16:36:48.228+0800][7.273s][info][gc,phases   ] GC(72) Concurrent Process Non-Strong References 0.068ms
[2026-06-18T16:36:48.230+0800][7.274s][info][gc,phases   ] GC(72) Concurrent Reset Relocation Set 0.003ms
[2026-06-18T16:36:48.232+0800][7.276s][info][gc,phases   ] GC(72) Concurrent Destroy Detached Pages 0.001ms
[2026-06-18T16:36:48.234+0800][7.278s][info][gc,phases   ] GC(72) Concurrent Select Relocation Set 0.751ms
[2026-06-18T16:36:48.235+0800][7.279s][info][gc,phases   ] GC(72) Concurrent Prepare Relocation Set 0.016ms
[2026-06-18T16:36:48.237+0800][7.281s][info][gc,phases   ] GC(72) Pause Relocate Start 0.225ms
[2026-06-18T16:36:48.239+0800][7.283s][info][gc,phases   ] GC(72) Concurrent Relocate 0.540ms
[2026-06-18T16:36:48.240+0800][7.284s][info][gc,load     ] GC(72) Load: 0.92/0.42/0.26
[2026-06-18T16:36:48.242+0800][7.287s][info][gc,mmu      ] GC(72) MMU: 2ms/52.9%, 5ms/81.2%, 10ms/85.5%, 20ms/92.1%, 50ms/96.5%, 100ms/97.5%
[2026-06-18T16:36:48.244+0800][7.288s][info][gc,marking  ] GC(72) Mark: 2 stripe(s), 1 proactive flush(es), 1 terminate flush(es), 0 completion(s), 0 continuation(s) 
[2026-06-18T16:36:48.245+0800][7.289s][info][gc,reloc    ] GC(72) Relocation: Successful, 21M relocated
[2026-06-18T16:36:48.246+0800][7.290s][info][gc,nmethod  ] GC(72) NMethods: 19 registered, 0 unregistered
[2026-06-18T16:36:48.248+0800][7.293s][info][gc,metaspace] GC(72) Metaspace: 3M used, 4M capacity, 4M committed, 8M reserved
[2026-06-18T16:36:48.250+0800][7.294s][info][gc,ref      ] GC(72) Soft: 43 encountered, 0 discovered, 0 enqueued
[2026-06-18T16:36:48.251+0800][7.295s][info][gc,ref      ] GC(72) Weak: 7 encountered, 2 discovered, 0 enqueued
[2026-06-18T16:36:48.252+0800][7.296s][info][gc,ref      ] GC(72) Final: 0 encountered, 0 discovered, 0 enqueued
[2026-06-18T16:36:48.253+0800][7.297s][info][gc,ref      ] GC(72) Phantom: 1 encountered, 1 discovered, 0 enqueued
[2026-06-18T16:36:48.255+0800][7.299s][info][gc,heap     ] GC(72)                Mark Start          Mark End        Relocate Start      Relocate End           High               Low         
[2026-06-18T16:36:48.257+0800][7.301s][info][gc,heap     ] GC(72)  Capacity:      256M (100%)        256M (100%)        256M (100%)        256M (100%)        256M (100%)        256M (100%)   
[2026-06-18T16:36:48.258+0800][7.302s][info][gc,heap     ] GC(72)   Reserve:       62M (24%)          62M (24%)          62M (24%)          62M (24%)          62M (24%)          62M (24%)    
[2026-06-18T16:36:48.259+0800][7.303s][info][gc,heap     ] GC(72)      Free:      116M (45%)         112M (44%)         102M (40%)         112M (44%)         140M (55%)          96M (38%)    
[2026-06-18T16:36:48.260+0800][7.304s][info][gc,heap     ] GC(72)      Used:       78M (30%)          82M (32%)          92M (36%)          82M (32%)          98M (38%)          54M (21%)    
[2026-06-18T16:36:48.261+0800][7.305s][info][gc,heap     ] GC(72)      Live:         -                21M (8%)           21M (8%)           21M (8%)             -                  -          
[2026-06-18T16:36:48.262+0800][7.306s][info][gc,heap     ] GC(72) Allocated:         -                 4M (2%)           42M (16%)          50M (20%)            -                  -          
[2026-06-18T16:36:48.263+0800][7.307s][info][gc,heap     ] GC(72)   Garbage:         -                56M (22%)          28M (11%)          18M (7%)             -                  -          
[2026-06-18T16:36:48.264+0800][7.308s][info][gc,heap     ] GC(72) Reclaimed:         -                  -                28M (11%)          38M (15%)            -                  -          
[2026-06-18T16:36:48.265+0800][7.310s][info][gc          ] GC(72) Garbage Collection (Allocation Rate) 78M(30%)->82M(32%)
[2026-06-18T16:36:48.319+0800][7.363s][info][gc,start    ] GC(73) Garbage Collection (Allocation Rate)
[2026-06-18T16:36:48.323+0800][7.367s][info][gc,phases   ] GC(73) Pause Mark Start 0.502ms
[2026-06-18T16:36:48.327+0800][7.371s][info][gc,phases   ] GC(73) Concurrent Mark 1.440ms
[2026-06-18T16:36:48.330+0800][7.374s][info][gc,phases   ] GC(73) Pause Mark End 0.941ms
[2026-06-18T16:36:48.332+0800][7.377s][info][gc,phases   ] GC(73) Concurrent Process Non-Strong References 0.417ms
[2026-06-18T16:36:48.335+0800][7.379s][info][gc,phases   ] GC(73) Concurrent Reset Relocation Set 0.004ms
[2026-06-18T16:36:48.337+0800][7.381s][info][gc,phases   ] GC(73) Concurrent Destroy Detached Pages 0.001ms
[2026-06-18T16:36:48.340+0800][7.384s][info][gc,phases   ] GC(73) Concurrent Select Relocation Set 1.315ms
[2026-06-18T16:36:48.341+0800][7.385s][info][gc,phases   ] GC(73) Concurrent Prepare Relocation Set 0.011ms
[2026-06-18T16:36:48.342+0800][7.386s][info][gc,phases   ] GC(73) Pause Relocate Start 0.147ms
[2026-06-18T16:36:48.346+0800][7.390s][info][gc,phases   ] GC(73) Concurrent Relocate 2.176ms
[2026-06-18T16:36:48.347+0800][7.392s][info][gc,load     ] GC(73) Load: 0.92/0.42/0.26
[2026-06-18T16:36:48.348+0800][7.393s][info][gc,mmu      ] GC(73) MMU: 2ms/52.9%, 5ms/81.2%, 10ms/85.5%, 20ms/92.1%, 50ms/96.5%, 100ms/97.5%
[2026-06-18T16:36:48.349+0800][7.394s][info][gc,marking  ] GC(73) Mark: 2 stripe(s), 1 proactive flush(es), 1 terminate flush(es), 0 completion(s), 0 continuation(s) 
[2026-06-18T16:36:48.350+0800][7.394s][info][gc,reloc    ] GC(73) Relocation: Successful, 23M relocated
[2026-06-18T16:36:48.351+0800][7.395s][info][gc,nmethod  ] GC(73) NMethods: 19 registered, 0 unregistered
[2026-06-18T16:36:48.352+0800][7.396s][info][gc,metaspace] GC(73) Metaspace: 3M used, 4M capacity, 4M committed, 8M reserved
[2026-06-18T16:36:48.353+0800][7.397s][info][gc,ref      ] GC(73) Soft: 43 encountered, 0 discovered, 0 enqueued
[2026-06-18T16:36:48.354+0800][7.398s][info][gc,ref      ] GC(73) Weak: 7 encountered, 2 discovered, 0 enqueued
[2026-06-18T16:36:48.354+0800][7.399s][info][gc,ref      ] GC(73) Final: 0 encountered, 0 discovered, 0 enqueued
[2026-06-18T16:36:48.355+0800][7.400s][info][gc,ref      ] GC(73) Phantom: 1 encountered, 1 discovered, 0 enqueued
[2026-06-18T16:36:48.356+0800][7.401s][info][gc,heap     ] GC(73)                Mark Start          Mark End        Relocate Start      Relocate End           High               Low         
[2026-06-18T16:36:48.357+0800][7.401s][info][gc,heap     ] GC(73)  Capacity:      256M (100%)        256M (100%)        256M (100%)        256M (100%)        256M (100%)        256M (100%)   
[2026-06-18T16:36:48.358+0800][7.402s][info][gc,heap     ] GC(73)   Reserve:       62M (24%)          62M (24%)          62M (24%)          62M (24%)          62M (24%)          62M (24%)    
[2026-06-18T16:36:48.359+0800][7.403s][info][gc,heap     ] GC(73)      Free:       82M (32%)          82M (32%)          76M (30%)         140M (55%)         140M (55%)          44M (17%)    
[2026-06-18T16:36:48.360+0800][7.404s][info][gc,heap     ] GC(73)      Used:      112M (44%)         112M (44%)         118M (46%)          54M (21%)         150M (59%)          54M (21%)    
[2026-06-18T16:36:48.360+0800][7.404s][info][gc,heap     ] GC(73)      Live:         -                27M (11%)          27M (11%)          27M (11%)            -                  -          
[2026-06-18T16:36:48.361+0800][7.405s][info][gc,heap     ] GC(73) Allocated:         -                 0M (0%)           38M (15%)          48M (19%)            -                  -          
[2026-06-18T16:36:48.363+0800][7.407s][info][gc,heap     ] GC(73)   Garbage:         -                84M (33%)          52M (21%)    17592186044400M (6         -                  -          
[2026-06-18T16:36:48.364+0800][7.408s][info][gc,heap     ] GC(73) Reclaimed:         -                  -                32M (12%)         100M (39%)            -                  -          
[2026-06-18T16:36:48.365+0800][7.410s][info][gc          ] GC(73) Garbage Collection (Allocation Rate) 112M(44%)->54M(21%)
[2026-06-18T16:36:48.419+0800][7.463s][info][gc,start    ] GC(74) Garbage Collection (Allocation Rate)
[2026-06-18T16:36:48.423+0800][7.467s][info][gc,phases   ] GC(74) Pause Mark Start 0.578ms
[2026-06-18T16:36:48.426+0800][7.470s][info][gc,phases   ] GC(74) Concurrent Mark 1.498ms
[2026-06-18T16:36:48.428+0800][7.472s][info][gc,phases   ] GC(74) Pause Mark End 0.330ms
[2026-06-18T16:36:48.429+0800][7.473s][info][gc,phases   ] GC(74) Concurrent Process Non-Strong References 0.146ms
[2026-06-18T16:36:48.431+0800][7.475s][info][gc,phases   ] GC(74) Concurrent Reset Relocation Set 0.002ms
[2026-06-18T16:36:48.432+0800][7.476s][info][gc,phases   ] GC(74) Concurrent Destroy Detached Pages 0.001ms
[2026-06-18T16:36:48.434+0800][7.478s][info][gc,phases   ] GC(74) Concurrent Select Relocation Set 0.432ms
[2026-06-18T16:36:48.435+0800][7.479s][info][gc,phases   ] GC(74) Concurrent Prepare Relocation Set 0.003ms
[2026-06-18T16:36:48.437+0800][7.481s][info][gc,phases   ] GC(74) Pause Relocate Start 0.230ms
[2026-06-18T16:36:48.440+0800][7.484s][info][gc,phases   ] GC(74) Concurrent Relocate 0.446ms
[2026-06-18T16:36:48.442+0800][7.486s][info][gc,load     ] GC(74) Load: 0.92/0.42/0.26
[2026-06-18T16:36:48.443+0800][7.487s][info][gc,mmu      ] GC(74) MMU: 2ms/52.9%, 5ms/81.2%, 10ms/85.5%, 20ms/92.1%, 50ms/96.5%, 100ms/97.5%
[2026-06-18T16:36:48.444+0800][7.488s][info][gc,marking  ] GC(74) Mark: 2 stripe(s), 1 proactive flush(es), 1 terminate flush(es), 0 completion(s), 0 continuation(s) 
[2026-06-18T16:36:48.446+0800][7.490s][info][gc,reloc    ] GC(74) Relocation: Successful, 23M relocated
[2026-06-18T16:36:48.448+0800][7.492s][info][gc,nmethod  ] GC(74) NMethods: 19 registered, 0 unregistered
[2026-06-18T16:36:48.451+0800][7.495s][info][gc,metaspace] GC(74) Metaspace: 3M used, 4M capacity, 4M committed, 8M reserved
[2026-06-18T16:36:48.453+0800][7.497s][info][gc,ref      ] GC(74) Soft: 43 encountered, 0 discovered, 0 enqueued
[2026-06-18T16:36:48.455+0800][7.499s][info][gc,ref      ] GC(74) Weak: 7 encountered, 2 discovered, 0 enqueued
[2026-06-18T16:36:48.458+0800][7.503s][info][gc,ref      ] GC(74) Final: 0 encountered, 0 discovered, 0 enqueued
[2026-06-18T16:36:48.459+0800][7.504s][info][gc,ref      ] GC(74) Phantom: 1 encountered, 0 discovered, 0 enqueued
[2026-06-18T16:36:48.461+0800][7.505s][info][gc,heap     ] GC(74)                Mark Start          Mark End        Relocate Start      Relocate End           High               Low         
[2026-06-18T16:36:48.463+0800][7.508s][info][gc,heap     ] GC(74)  Capacity:      256M (100%)        256M (100%)        256M (100%)        256M (100%)        256M (100%)        256M (100%)   
[2026-06-18T16:36:48.468+0800][7.512s][info][gc,heap     ] GC(74)   Reserve:       62M (24%)          62M (24%)          62M (24%)          62M (24%)          62M (24%)          62M (24%)    
[2026-06-18T16:36:48.470+0800][7.514s][info][gc,heap     ] GC(74)      Free:      114M (45%)         114M (45%)         102M (40%)         110M (43%)         114M (45%)          76M (30%)    
[2026-06-18T16:36:48.472+0800][7.517s][info][gc,heap     ] GC(74)      Used:       80M (31%)          80M (31%)          92M (36%)          84M (33%)         118M (46%)          80M (31%)    
[2026-06-18T16:36:48.474+0800][7.518s][info][gc,heap     ] GC(74)      Live:         -                23M (9%)           23M (9%)           23M (9%)             -                  -          
[2026-06-18T16:36:48.475+0800][7.519s][info][gc,heap     ] GC(74) Allocated:         -                 0M (0%)           38M (15%)          50M (20%)            -                  -          
[2026-06-18T16:36:48.476+0800][7.521s][info][gc,heap     ] GC(74)   Garbage:         -                56M (22%)          30M (12%)          18M (7%)             -                  -          
[2026-06-18T16:36:48.478+0800][7.522s][info][gc,heap     ] GC(74) Reclaimed:         -                  -                26M (10%)          38M (15%)            -                  -          
[2026-06-18T16:36:48.480+0800][7.524s][info][gc          ] GC(74) Garbage Collection (Allocation Rate) 80M(31%)->84M(33%)
[2026-06-18T16:36:48.518+0800][7.562s][info][gc,start    ] GC(75) Garbage Collection (Allocation Rate)
[2026-06-18T16:36:48.520+0800][7.564s][info][gc,phases   ] GC(75) Pause Mark Start 0.188ms
[2026-06-18T16:36:48.522+0800][7.566s][info][gc,phases   ] GC(75) Concurrent Mark 1.432ms
[2026-06-18T16:36:48.524+0800][7.568s][info][gc,phases   ] GC(75) Pause Mark End 0.362ms
[2026-06-18T16:36:48.525+0800][7.569s][info][gc,phases   ] GC(75) Concurrent Process Non-Strong References 0.166ms
[2026-06-18T16:36:48.526+0800][7.571s][info][gc,phases   ] GC(75) Concurrent Reset Relocation Set 0.002ms
[2026-06-18T16:36:48.528+0800][7.572s][info][gc,phases   ] GC(75) Concurrent Destroy Detached Pages 0.001ms
[2026-06-18T16:36:48.529+0800][7.573s][info][gc,phases   ] GC(75) Concurrent Select Relocation Set 0.446ms
[2026-06-18T16:36:48.530+0800][7.575s][info][gc,phases   ] GC(75) Concurrent Prepare Relocation Set 0.008ms
[2026-06-18T16:36:48.532+0800][7.576s][info][gc,phases   ] GC(75) Pause Relocate Start 0.142ms
[2026-06-18T16:36:48.535+0800][7.580s][info][gc,phases   ] GC(75) Concurrent Relocate 2.267ms
[2026-06-18T16:36:48.537+0800][7.581s][info][gc,load     ] GC(75) Load: 0.92/0.42/0.26
[2026-06-18T16:36:48.538+0800][7.582s][info][gc,mmu      ] GC(75) MMU: 2ms/52.9%, 5ms/81.2%, 10ms/85.5%, 20ms/92.1%, 50ms/96.5%, 100ms/97.5%
[2026-06-18T16:36:48.539+0800][7.583s][info][gc,marking  ] GC(75) Mark: 2 stripe(s), 1 proactive flush(es), 1 terminate flush(es), 0 completion(s), 0 continuation(s) 
[2026-06-18T16:36:48.540+0800][7.584s][info][gc,reloc    ] GC(75) Relocation: Successful, 25M relocated
[2026-06-18T16:36:48.541+0800][7.585s][info][gc,nmethod  ] GC(75) NMethods: 19 registered, 0 unregistered
[2026-06-18T16:36:48.542+0800][7.586s][info][gc,metaspace] GC(75) Metaspace: 3M used, 4M capacity, 4M committed, 8M reserved
[2026-06-18T16:36:48.543+0800][7.587s][info][gc,ref      ] GC(75) Soft: 43 encountered, 0 discovered, 0 enqueued
[2026-06-18T16:36:48.544+0800][7.588s][info][gc,ref      ] GC(75) Weak: 7 encountered, 2 discovered, 0 enqueued
[2026-06-18T16:36:48.545+0800][7.589s][info][gc,ref      ] GC(75) Final: 0 encountered, 0 discovered, 0 enqueued
[2026-06-18T16:36:48.546+0800][7.590s][info][gc,ref      ] GC(75) Phantom: 1 encountered, 1 discovered, 0 enqueued
[2026-06-18T16:36:48.546+0800][7.591s][info][gc,heap     ] GC(75)                Mark Start          Mark End        Relocate Start      Relocate End           High               Low         
[2026-06-18T16:36:48.547+0800][7.592s][info][gc,heap     ] GC(75)  Capacity:      256M (100%)        256M (100%)        256M (100%)        256M (100%)        256M (100%)        256M (100%)   
[2026-06-18T16:36:48.548+0800][7.593s][info][gc,heap     ] GC(75)   Reserve:       62M (24%)          62M (24%)          62M (24%)          62M (24%)          62M (24%)          62M (24%)    
[2026-06-18T16:36:48.549+0800][7.593s][info][gc,heap     ] GC(75)      Free:       84M (33%)          84M (33%)          74M (29%)         144M (56%)         144M (56%)          46M (18%)    
[2026-06-18T16:36:48.550+0800][7.594s][info][gc,heap     ] GC(75)      Used:      110M (43%)         110M (43%)         120M (47%)          50M (20%)         148M (58%)          50M (20%)    
[2026-06-18T16:36:48.551+0800][7.595s][info][gc,heap     ] GC(75)      Live:         -                29M (11%)          29M (11%)          29M (11%)            -                  -          
[2026-06-18T16:36:48.552+0800][7.596s][info][gc,heap     ] GC(75) Allocated:         -                 0M (0%)           38M (15%)          46M (18%)            -                  -          
[2026-06-18T16:36:48.553+0800][7.597s][info][gc,heap     ] GC(75)   Garbage:         -                80M (32%)          52M (21%)    17592186044398M (6         -                  -          
[2026-06-18T16:36:48.553+0800][7.598s][info][gc,heap     ] GC(75) Reclaimed:         -                  -                28M (11%)          98M (38%)            -                  -          
[2026-06-18T16:36:48.554+0800][7.599s][info][gc          ] GC(75) Garbage Collection (Allocation Rate) 110M(43%)->50M(20%)
[2026-06-18T16:36:48.618+0800][7.663s][info][gc,start    ] GC(76) Garbage Collection (Allocation Rate)
[2026-06-18T16:36:48.624+0800][7.668s][info][gc,phases   ] GC(76) Pause Mark Start 0.248ms
[2026-06-18T16:36:48.629+0800][7.674s][info][gc,phases   ] GC(76) Concurrent Mark 1.637ms
[2026-06-18T16:36:48.636+0800][7.680s][info][gc,phases   ] GC(76) Pause Mark End 0.445ms
[2026-06-18T16:36:48.640+0800][7.685s][info][gc,phases   ] GC(76) Concurrent Process Non-Strong References 0.345ms
[2026-06-18T16:36:48.646+0800][7.690s][info][gc,phases   ] GC(76) Concurrent Reset Relocation Set 0.004ms
[2026-06-18T16:36:48.649+0800][7.693s][info][gc,phases   ] GC(76) Concurrent Destroy Detached Pages 0.002ms
[2026-06-18T16:36:48.654+0800][7.698s][info][gc,phases   ] GC(76) Concurrent Select Relocation Set 1.258ms
[2026-06-18T16:36:48.656+0800][7.700s][info][gc,phases   ] GC(76) Concurrent Prepare Relocation Set 0.017ms
[2026-06-18T16:36:48.663+0800][7.707s][info][gc,phases   ] GC(76) Pause Relocate Start 0.359ms
[2026-06-18T16:36:48.665+0800][7.709s][info][gc,phases   ] GC(76) Concurrent Relocate 0.466ms
[2026-06-18T16:36:48.670+0800][7.714s][info][gc,load     ] GC(76) Load: 0.92/0.42/0.26
[2026-06-18T16:36:48.674+0800][7.719s][info][gc,mmu      ] GC(76) MMU: 2ms/52.9%, 5ms/81.2%, 10ms/85.5%, 20ms/92.1%, 50ms/96.5%, 100ms/97.5%
[2026-06-18T16:36:48.678+0800][7.723s][info][gc,marking  ] GC(76) Mark: 2 stripe(s), 1 proactive flush(es), 1 terminate flush(es), 0 completion(s), 0 continuation(s) 
[2026-06-18T16:36:48.682+0800][7.726s][info][gc,reloc    ] GC(76) Relocation: Successful, 25M relocated
[2026-06-18T16:36:48.684+0800][7.728s][info][gc,nmethod  ] GC(76) NMethods: 19 registered, 0 unregistered
[2026-06-18T16:36:48.687+0800][7.732s][info][gc,metaspace] GC(76) Metaspace: 3M used, 4M capacity, 4M committed, 8M reserved
[2026-06-18T16:36:48.691+0800][7.735s][info][gc,ref      ] GC(76) Soft: 43 encountered, 0 discovered, 0 enqueued
[2026-06-18T16:36:48.696+0800][7.740s][info][gc,ref      ] GC(76) Weak: 7 encountered, 2 discovered, 0 enqueued
[2026-06-18T16:36:48.700+0800][7.744s][info][gc,ref      ] GC(76) Final: 0 encountered, 0 discovered, 0 enqueued
[2026-06-18T16:36:48.702+0800][7.746s][info][gc,ref      ] GC(76) Phantom: 1 encountered, 1 discovered, 0 enqueued
[2026-06-18T16:36:48.705+0800][7.749s][info][gc,heap     ] GC(76)                Mark Start          Mark End        Relocate Start      Relocate End           High               Low         
[2026-06-18T16:36:48.710+0800][7.755s][info][gc,heap     ] GC(76)  Capacity:      256M (100%)        256M (100%)        256M (100%)        256M (100%)        256M (100%)        256M (100%)   
[2026-06-18T16:36:48.716+0800][7.761s][info][gc,heap     ] GC(76)   Reserve:       62M (24%)          62M (24%)          62M (24%)          62M (24%)          62M (24%)          62M (24%)    
[2026-06-18T16:36:48.721+0800][7.765s][info][gc,heap     ] GC(76)      Free:      110M (43%)         106M (41%)          96M (38%)         102M (40%)         110M (43%)          66M (26%)    
[2026-06-18T16:36:48.726+0800][7.770s][info][gc,heap     ] GC(76)      Used:       84M (33%)          88M (34%)          98M (38%)          92M (36%)         128M (50%)          84M (33%)    
[2026-06-18T16:36:48.730+0800][7.774s][info][gc,heap     ] GC(76)      Live:         -                27M (11%)          27M (11%)          27M (11%)            -                  -          
[2026-06-18T16:36:48.734+0800][7.778s][info][gc,heap     ] GC(76) Allocated:         -                 4M (2%)           44M (17%)          56M (22%)            -                  -          
[2026-06-18T16:36:48.737+0800][7.781s][info][gc,heap     ] GC(76)   Garbage:         -                56M (22%)          26M (10%)          16M (6%)             -                  -          
[2026-06-18T16:36:48.743+0800][7.788s][info][gc,heap     ] GC(76) Reclaimed:         -                  -                30M (12%)          40M (16%)            -                  -          
[2026-06-18T16:36:48.746+0800][7.790s][info][gc          ] GC(76) Garbage Collection (Allocation Rate) 84M(33%)->92M(36%)
[2026-06-18T16:36:48.818+0800][7.863s][info][gc,start    ] GC(77) Garbage Collection (Allocation Rate)
[2026-06-18T16:36:48.822+0800][7.866s][info][gc,phases   ] GC(77) Pause Mark Start 0.384ms
[2026-06-18T16:36:48.829+0800][7.873s][info][gc,phases   ] GC(77) Concurrent Mark 3.059ms
[2026-06-18T16:36:48.833+0800][7.877s][info][gc,phases   ] GC(77) Pause Mark End 0.627ms
[2026-06-18T16:36:48.835+0800][7.880s][info][gc,phases   ] GC(77) Concurrent Process Non-Strong References 0.180ms
[2026-06-18T16:36:48.837+0800][7.881s][info][gc,phases   ] GC(77) Concurrent Reset Relocation Set 0.005ms
[2026-06-18T16:36:48.839+0800][7.883s][info][gc,phases   ] GC(77) Concurrent Destroy Detached Pages 0.002ms
[2026-06-18T16:36:48.842+0800][7.886s][info][gc,phases   ] GC(77) Concurrent Select Relocation Set 0.632ms
[2026-06-18T16:36:48.843+0800][7.888s][info][gc,phases   ] GC(77) Concurrent Prepare Relocation Set 0.015ms
[2026-06-18T16:36:48.847+0800][7.891s][info][gc,phases   ] GC(77) Pause Relocate Start 0.187ms
[2026-06-18T16:36:48.850+0800][7.894s][info][gc,phases   ] GC(77) Concurrent Relocate 1.374ms
[2026-06-18T16:36:48.853+0800][7.897s][info][gc,load     ] GC(77) Load: 0.92/0.42/0.26
[2026-06-18T16:36:48.856+0800][7.900s][info][gc,mmu      ] GC(77) MMU: 2ms/52.9%, 5ms/81.2%, 10ms/85.5%, 20ms/92.1%, 50ms/96.5%, 100ms/97.5%
[2026-06-18T16:36:48.858+0800][7.902s][info][gc,marking  ] GC(77) Mark: 2 stripe(s), 2 proactive flush(es), 1 terminate flush(es), 0 completion(s), 0 continuation(s) 
[2026-06-18T16:36:48.860+0800][7.904s][info][gc,reloc    ] GC(77) Relocation: Successful, 24M relocated
[2026-06-18T16:36:48.864+0800][7.908s][info][gc,nmethod  ] GC(77) NMethods: 19 registered, 0 unregistered
[2026-06-18T16:36:48.866+0800][7.910s][info][gc,metaspace] GC(77) Metaspace: 3M used, 4M capacity, 4M committed, 8M reserved
[2026-06-18T16:36:48.868+0800][7.912s][info][gc,ref      ] GC(77) Soft: 43 encountered, 0 discovered, 0 enqueued
[2026-06-18T16:36:48.871+0800][7.915s][info][gc,ref      ] GC(77) Weak: 7 encountered, 2 discovered, 0 enqueued
[2026-06-18T16:36:48.873+0800][7.917s][info][gc,ref      ] GC(77) Final: 0 encountered, 0 discovered, 0 enqueued
[2026-06-18T16:36:48.875+0800][7.919s][info][gc,ref      ] GC(77) Phantom: 1 encountered, 1 discovered, 0 enqueued
[2026-06-18T16:36:48.877+0800][7.921s][info][gc,heap     ] GC(77)                Mark Start          Mark End        Relocate Start      Relocate End           High               Low         
[2026-06-18T16:36:48.880+0800][7.924s][info][gc,heap     ] GC(77)  Capacity:      256M (100%)        256M (100%)        256M (100%)        256M (100%)        256M (100%)        256M (100%)   
[2026-06-18T16:36:48.882+0800][7.926s][info][gc,heap     ] GC(77)   Reserve:       62M (24%)          62M (24%)          62M (24%)          62M (24%)          62M (24%)          62M (24%)    
[2026-06-18T16:36:48.884+0800][7.928s][info][gc,heap     ] GC(77)      Free:       50M (20%)          46M (18%)          98M (38%)         138M (54%)         138M (54%)          42M (16%)    
[2026-06-18T16:36:48.886+0800][7.930s][info][gc,heap     ] GC(77)      Used:      144M (56%)         148M (58%)          96M (38%)          56M (22%)         152M (59%)          56M (22%)    
[2026-06-18T16:36:48.891+0800][7.935s][info][gc,heap     ] GC(77)      Live:         -                25M (10%)          25M (10%)          25M (10%)            -                  -          
[2026-06-18T16:36:48.894+0800][7.939s][info][gc,heap     ] GC(77) Allocated:         -                 4M (2%)            8M (3%)           52M (20%)            -                  -          
[2026-06-18T16:36:48.897+0800][7.942s][info][gc,heap     ] GC(77)   Garbage:         -               118M (46%)          62M (24%)          22M (9%)             -                  -          
[2026-06-18T16:36:48.901+0800][7.945s][info][gc,heap     ] GC(77) Reclaimed:         -                  -                56M (22%)          96M (38%)            -                  -          
[2026-06-18T16:36:48.903+0800][7.948s][info][gc          ] GC(77) Garbage Collection (Allocation Rate) 144M(56%)->56M(22%)
[2026-06-18T16:36:48.919+0800][7.963s][info][gc,start    ] GC(78) Garbage Collection (Allocation Rate)
[2026-06-18T16:36:48.921+0800][7.966s][info][gc,phases   ] GC(78) Pause Mark Start 0.472ms
[2026-06-18T16:36:48.925+0800][7.969s][info][gc,phases   ] GC(78) Concurrent Mark 1.901ms
[2026-06-18T16:36:48.928+0800][7.972s][info][gc,phases   ] GC(78) Pause Mark End 0.738ms
[2026-06-18T16:36:48.929+0800][7.973s][info][gc,phases   ] GC(78) Concurrent Process Non-Strong References 0.213ms
[2026-06-18T16:36:48.930+0800][7.974s][info][gc,phases   ] GC(78) Concurrent Reset Relocation Set 0.004ms
[2026-06-18T16:36:48.931+0800][7.975s][info][gc,phases   ] GC(78) Concurrent Destroy Detached Pages 0.001ms
[2026-06-18T16:36:48.933+0800][7.977s][info][gc,phases   ] GC(78) Concurrent Select Relocation Set 1.107ms
[2026-06-18T16:36:48.934+0800][7.978s][info][gc,phases   ] GC(78) Concurrent Prepare Relocation Set 0.004ms
[2026-06-18T16:36:48.935+0800][7.979s][info][gc,phases   ] GC(78) Pause Relocate Start 0.284ms
[2026-06-18T16:36:48.936+0800][7.980s][info][gc,phases   ] GC(78) Concurrent Relocate 0.277ms
[2026-06-18T16:36:48.937+0800][7.981s][info][gc,load     ] GC(78) Load: 0.92/0.42/0.26
[2026-06-18T16:36:48.938+0800][7.982s][info][gc,mmu      ] GC(78) MMU: 2ms/52.9%, 5ms/81.2%, 10ms/85.5%, 20ms/92.1%, 50ms/96.5%, 100ms/97.5%
[2026-06-18T16:36:48.938+0800][7.982s][info][gc,marking  ] GC(78) Mark: 2 stripe(s), 2 proactive flush(es), 1 terminate flush(es), 0 completion(s), 0 continuation(s) 
[2026-06-18T16:36:48.939+0800][7.983s][info][gc,reloc    ] GC(78) Relocation: Successful, 20M relocated
[2026-06-18T16:36:48.939+0800][7.983s][info][gc,nmethod  ] GC(78) NMethods: 19 registered, 0 unregistered
[2026-06-18T16:36:48.940+0800][7.984s][info][gc,metaspace] GC(78) Metaspace: 3M used, 4M capacity, 4M committed, 8M reserved
[2026-06-18T16:36:48.940+0800][7.984s][info][gc,ref      ] GC(78) Soft: 43 encountered, 0 discovered, 0 enqueued
[2026-06-18T16:36:48.941+0800][7.985s][info][gc,ref      ] GC(78) Weak: 7 encountered, 2 discovered, 0 enqueued
[2026-06-18T16:36:48.941+0800][7.985s][info][gc,ref      ] GC(78) Final: 0 encountered, 0 discovered, 0 enqueued
[2026-06-18T16:36:48.941+0800][7.986s][info][gc,ref      ] GC(78) Phantom: 1 encountered, 1 discovered, 0 enqueued
[2026-06-18T16:36:48.942+0800][7.986s][info][gc,heap     ] GC(78)                Mark Start          Mark End        Relocate Start      Relocate End           High               Low         
[2026-06-18T16:36:48.942+0800][7.986s][info][gc,heap     ] GC(78)  Capacity:      256M (100%)        256M (100%)        256M (100%)        256M (100%)        256M (100%)        256M (100%)   
[2026-06-18T16:36:48.942+0800][7.987s][info][gc,heap     ] GC(78)   Reserve:       62M (24%)          62M (24%)          62M (24%)          62M (24%)          62M (24%)          62M (24%)    
[2026-06-18T16:36:48.943+0800][7.987s][info][gc,heap     ] GC(78)      Free:      110M (43%)          74M (29%)         104M (41%)         112M (44%)         112M (44%)          74M (29%)    
[2026-06-18T16:36:48.943+0800][7.987s][info][gc,heap     ] GC(78)      Used:       84M (33%)         120M (47%)          90M (35%)          82M (32%)         120M (47%)          82M (32%)    
[2026-06-18T16:36:48.943+0800][7.988s][info][gc,heap     ] GC(78)      Live:         -                21M (9%)           21M (9%)           21M (9%)             -                  -          
[2026-06-18T16:36:48.944+0800][7.988s][info][gc,heap     ] GC(78) Allocated:         -                36M (14%)          38M (15%)          46M (18%)            -                  -          
[2026-06-18T16:36:48.944+0800][7.988s][info][gc,heap     ] GC(78)   Garbage:         -                62M (24%)          30M (12%)          20M (8%)             -                  -          
[2026-06-18T16:36:48.944+0800][7.989s][info][gc,heap     ] GC(78) Reclaimed:         -                  -                32M (12%)          42M (16%)            -                  -          
[2026-06-18T16:36:48.945+0800][7.989s][info][gc          ] GC(78) Garbage Collection (Allocation Rate) 84M(33%)->82M(32%)
[2026-06-18T16:36:49.019+0800][8.063s][info][gc,start    ] GC(79) Garbage Collection (Allocation Rate)
[2026-06-18T16:36:49.022+0800][8.066s][info][gc,phases   ] GC(79) Pause Mark Start 0.403ms
[2026-06-18T16:36:49.025+0800][8.069s][info][gc,phases   ] GC(79) Concurrent Mark 2.075ms
[2026-06-18T16:36:49.027+0800][8.071s][info][gc,phases   ] GC(79) Pause Mark End 0.560ms
[2026-06-18T16:36:49.028+0800][8.073s][info][gc,phases   ] GC(79) Concurrent Process Non-Strong References 0.232ms
[2026-06-18T16:36:49.029+0800][8.073s][info][gc,phases   ] GC(79) Concurrent Reset Relocation Set 0.004ms
[2026-06-18T16:36:49.030+0800][8.074s][info][gc,phases   ] GC(79) Concurrent Destroy Detached Pages 0.001ms
[2026-06-18T16:36:49.031+0800][8.076s][info][gc,phases   ] GC(79) Concurrent Select Relocation Set 1.027ms
[2026-06-18T16:36:49.032+0800][8.076s][info][gc,phases   ] GC(79) Concurrent Prepare Relocation Set 0.013ms
[2026-06-18T16:36:49.033+0800][8.077s][info][gc,phases   ] GC(79) Pause Relocate Start 0.213ms
[2026-06-18T16:36:49.035+0800][8.079s][info][gc,phases   ] GC(79) Concurrent Relocate 1.353ms
[2026-06-18T16:36:49.036+0800][8.080s][info][gc,load     ] GC(79) Load: 0.92/0.42/0.26
[2026-06-18T16:36:49.036+0800][8.081s][info][gc,mmu      ] GC(79) MMU: 2ms/52.9%, 5ms/81.2%, 10ms/85.5%, 20ms/92.1%, 50ms/96.5%, 100ms/97.5%
[2026-06-18T16:36:49.037+0800][8.081s][info][gc,marking  ] GC(79) Mark: 2 stripe(s), 2 proactive flush(es), 1 terminate flush(es), 0 completion(s), 0 continuation(s) 
[2026-06-18T16:36:49.037+0800][8.081s][info][gc,reloc    ] GC(79) Relocation: Successful, 19M relocated
[2026-06-18T16:36:49.038+0800][8.082s][info][gc,nmethod  ] GC(79) NMethods: 19 registered, 0 unregistered
[2026-06-18T16:36:49.038+0800][8.082s][info][gc,metaspace] GC(79) Metaspace: 3M used, 4M capacity, 4M committed, 8M reserved
[2026-06-18T16:36:49.038+0800][8.082s][info][gc,ref      ] GC(79) Soft: 43 encountered, 0 discovered, 0 enqueued
[2026-06-18T16:36:49.039+0800][8.083s][info][gc,ref      ] GC(79) Weak: 7 encountered, 2 discovered, 0 enqueued
[2026-06-18T16:36:49.039+0800][8.083s][info][gc,ref      ] GC(79) Final: 0 encountered, 0 discovered, 0 enqueued
[2026-06-18T16:36:49.039+0800][8.083s][info][gc,ref      ] GC(79) Phantom: 1 encountered, 1 discovered, 0 enqueued
[2026-06-18T16:36:49.039+0800][8.084s][info][gc,heap     ] GC(79)                Mark Start          Mark End        Relocate Start      Relocate End           High               Low         
[2026-06-18T16:36:49.040+0800][8.084s][info][gc,heap     ] GC(79)  Capacity:      256M (100%)        256M (100%)        256M (100%)        256M (100%)        256M (100%)        256M (100%)   
[2026-06-18T16:36:49.040+0800][8.084s][info][gc,heap     ] GC(79)   Reserve:       62M (24%)          62M (24%)          62M (24%)          62M (24%)          62M (24%)          62M (24%)    
[2026-06-18T16:36:49.040+0800][8.084s][info][gc,heap     ] GC(79)      Free:       86M (34%)          82M (32%)         108M (42%)         146M (57%)         146M (57%)          68M (27%)    
[2026-06-18T16:36:49.040+0800][8.084s][info][gc,heap     ] GC(79)      Used:      108M (42%)         112M (44%)          86M (34%)          48M (19%)         126M (49%)          48M (19%)    
[2026-06-18T16:36:49.040+0800][8.085s][info][gc,heap     ] GC(79)      Live:         -                19M (7%)           19M (7%)           19M (7%)             -                  -          
[2026-06-18T16:36:49.041+0800][8.085s][info][gc,heap     ] GC(79) Allocated:         -                 4M (2%)            4M (2%)           48M (19%)            -                  -          
[2026-06-18T16:36:49.041+0800][8.085s][info][gc,heap     ] GC(79)   Garbage:         -                88M (35%)          62M (25%)          22M (9%)             -                  -          
[2026-06-18T16:36:49.041+0800][8.085s][info][gc,heap     ] GC(79) Reclaimed:         -                  -                26M (10%)          66M (26%)            -                  -          
[2026-06-18T16:36:49.041+0800][8.086s][info][gc          ] GC(79) Garbage Collection (Allocation Rate) 108M(42%)->48M(19%)
[2026-06-18T16:36:49.118+0800][8.162s][info][gc,start    ] GC(80) Garbage Collection (Allocation Rate)
[2026-06-18T16:36:49.121+0800][8.165s][info][gc,phases   ] GC(80) Pause Mark Start 0.430ms
[2026-06-18T16:36:49.125+0800][8.170s][info][gc,phases   ] GC(80) Concurrent Mark 2.518ms
[2026-06-18T16:36:49.128+0800][8.173s][info][gc,phases   ] GC(80) Pause Mark End 0.711ms
[2026-06-18T16:36:49.130+0800][8.174s][info][gc,phases   ] GC(80) Concurrent Process Non-Strong References 0.396ms
[2026-06-18T16:36:49.132+0800][8.176s][info][gc,phases   ] GC(80) Concurrent Reset Relocation Set 0.006ms
[2026-06-18T16:36:49.133+0800][8.177s][info][gc,phases   ] GC(80) Concurrent Destroy Detached Pages 0.002ms
[2026-06-18T16:36:49.134+0800][8.179s][info][gc,phases   ] GC(80) Concurrent Select Relocation Set 0.983ms
[2026-06-18T16:36:49.135+0800][8.180s][info][gc,phases   ] GC(80) Concurrent Prepare Relocation Set 0.002ms
[2026-06-18T16:36:49.137+0800][8.181s][info][gc,phases   ] GC(80) Pause Relocate Start 0.221ms
[2026-06-18T16:36:49.137+0800][8.182s][info][gc,phases   ] GC(80) Concurrent Relocate 0.250ms
[2026-06-18T16:36:49.138+0800][8.182s][info][gc,load     ] GC(80) Load: 0.92/0.42/0.26
[2026-06-18T16:36:49.138+0800][8.183s][info][gc,mmu      ] GC(80) MMU: 2ms/52.9%, 5ms/81.2%, 10ms/85.5%, 20ms/92.1%, 50ms/96.5%, 100ms/97.5%
[2026-06-18T16:36:49.139+0800][8.183s][info][gc,marking  ] GC(80) Mark: 2 stripe(s), 1 proactive flush(es), 1 terminate flush(es), 0 completion(s), 0 continuation(s) 
[2026-06-18T16:36:49.140+0800][8.184s][info][gc,reloc    ] GC(80) Relocation: Successful, 21M relocated
[2026-06-18T16:36:49.140+0800][8.184s][info][gc,nmethod  ] GC(80) NMethods: 19 registered, 0 unregistered
[2026-06-18T16:36:49.141+0800][8.185s][info][gc,metaspace] GC(80) Metaspace: 3M used, 4M capacity, 4M committed, 8M reserved
[2026-06-18T16:36:49.141+0800][8.185s][info][gc,ref      ] GC(80) Soft: 43 encountered, 0 discovered, 0 enqueued
[2026-06-18T16:36:49.141+0800][8.186s][info][gc,ref      ] GC(80) Weak: 7 encountered, 2 discovered, 0 enqueued
[2026-06-18T16:36:49.142+0800][8.186s][info][gc,ref      ] GC(80) Final: 0 encountered, 0 discovered, 0 enqueued
[2026-06-18T16:36:49.142+0800][8.186s][info][gc,ref      ] GC(80) Phantom: 1 encountered, 1 discovered, 0 enqueued
[2026-06-18T16:36:49.142+0800][8.186s][info][gc,heap     ] GC(80)                Mark Start          Mark End        Relocate Start      Relocate End           High               Low         
[2026-06-18T16:36:49.142+0800][8.187s][info][gc,heap     ] GC(80)  Capacity:      256M (100%)        256M (100%)        256M (100%)        256M (100%)        256M (100%)        256M (100%)   
[2026-06-18T16:36:49.143+0800][8.187s][info][gc,heap     ] GC(80)   Reserve:       62M (24%)          62M (24%)          62M (24%)          62M (24%)          62M (24%)          62M (24%)    
[2026-06-18T16:36:49.143+0800][8.187s][info][gc,heap     ] GC(80)      Free:      114M (45%)         114M (45%)         142M (55%)         146M (57%)         146M (57%)         110M (43%)    
[2026-06-18T16:36:49.143+0800][8.187s][info][gc,heap     ] GC(80)      Used:       80M (31%)          80M (31%)          52M (20%)          48M (19%)          84M (33%)          48M (19%)    
[2026-06-18T16:36:49.143+0800][8.188s][info][gc,heap     ] GC(80)      Live:         -                25M (10%)          25M (10%)          25M (10%)            -                  -          
[2026-06-18T16:36:49.144+0800][8.188s][info][gc,heap     ] GC(80) Allocated:         -                 0M (0%)            4M (2%)           10M (4%)             -                  -          
[2026-06-18T16:36:49.144+0800][8.188s][info][gc,heap     ] GC(80)   Garbage:         -                54M (21%)          22M (9%)           18M (7%)             -                  -          
[2026-06-18T16:36:49.144+0800][8.189s][info][gc,heap     ] GC(80) Reclaimed:         -                  -                32M (12%)          36M (14%)            -                  -          
[2026-06-18T16:36:49.145+0800][8.189s][info][gc          ] GC(80) Garbage Collection (Allocation Rate) 80M(31%)->48M(19%)
[2026-06-18T16:36:49.219+0800][8.263s][info][gc,start    ] GC(81) Garbage Collection (Allocation Rate)
[2026-06-18T16:36:49.222+0800][8.266s][info][gc,phases   ] GC(81) Pause Mark Start 0.801ms
[2026-06-18T16:36:49.226+0800][8.270s][info][gc,phases   ] GC(81) Concurrent Mark 2.048ms
[2026-06-18T16:36:49.229+0800][8.273s][info][gc,phases   ] GC(81) Pause Mark End 0.514ms
[2026-06-18T16:36:49.230+0800][8.275s][info][gc,phases   ] GC(81) Concurrent Process Non-Strong References 0.102ms
[2026-06-18T16:36:49.231+0800][8.275s][info][gc,phases   ] GC(81) Concurrent Reset Relocation Set 0.002ms
[2026-06-18T16:36:49.232+0800][8.276s][info][gc,phases   ] GC(81) Concurrent Destroy Detached Pages 0.001ms
[2026-06-18T16:36:49.234+0800][8.278s][info][gc,phases   ] GC(81) Concurrent Select Relocation Set 0.804ms
[2026-06-18T16:36:49.234+0800][8.279s][info][gc,phases   ] GC(81) Concurrent Prepare Relocation Set 0.012ms
[2026-06-18T16:36:49.235+0800][8.280s][info][gc,phases   ] GC(81) Pause Relocate Start 0.196ms
[2026-06-18T16:36:49.238+0800][8.282s][info][gc,phases   ] GC(81) Concurrent Relocate 1.434ms
[2026-06-18T16:36:49.238+0800][8.282s][info][gc,load     ] GC(81) Load: 0.92/0.42/0.26
[2026-06-18T16:36:49.239+0800][8.283s][info][gc,mmu      ] GC(81) MMU: 2ms/52.9%, 5ms/81.2%, 10ms/85.5%, 20ms/92.1%, 50ms/96.5%, 100ms/97.5%
[2026-06-18T16:36:49.239+0800][8.283s][info][gc,marking  ] GC(81) Mark: 2 stripe(s), 1 proactive flush(es), 1 terminate flush(es), 0 completion(s), 0 continuation(s) 
[2026-06-18T16:36:49.240+0800][8.284s][info][gc,reloc    ] GC(81) Relocation: Successful, 21M relocated
[2026-06-18T16:36:49.240+0800][8.284s][info][gc,nmethod  ] GC(81) NMethods: 19 registered, 0 unregistered
[2026-06-18T16:36:49.240+0800][8.285s][info][gc,metaspace] GC(81) Metaspace: 3M used, 4M capacity, 4M committed, 8M reserved
[2026-06-18T16:36:49.241+0800][8.285s][info][gc,ref      ] GC(81) Soft: 43 encountered, 0 discovered, 0 enqueued
[2026-06-18T16:36:49.241+0800][8.285s][info][gc,ref      ] GC(81) Weak: 7 encountered, 2 discovered, 0 enqueued
[2026-06-18T16:36:49.241+0800][8.286s][info][gc,ref      ] GC(81) Final: 0 encountered, 0 discovered, 0 enqueued
[2026-06-18T16:36:49.242+0800][8.286s][info][gc,ref      ] GC(81) Phantom: 1 encountered, 1 discovered, 0 enqueued
[2026-06-18T16:36:49.242+0800][8.286s][info][gc,heap     ] GC(81)                Mark Start          Mark End        Relocate Start      Relocate End           High               Low         
[2026-06-18T16:36:49.242+0800][8.286s][info][gc,heap     ] GC(81)  Capacity:      256M (100%)        256M (100%)        256M (100%)        256M (100%)        256M (100%)        256M (100%)   
[2026-06-18T16:36:49.242+0800][8.287s][info][gc,heap     ] GC(81)   Reserve:       62M (24%)          62M (24%)          62M (24%)          62M (24%)          62M (24%)          62M (24%)    
[2026-06-18T16:36:49.243+0800][8.287s][info][gc,heap     ] GC(81)      Free:       84M (33%)          80M (31%)         108M (42%)         146M (57%)         146M (57%)          72M (28%)    
[2026-06-18T16:36:49.243+0800][8.287s][info][gc,heap     ] GC(81)      Used:      110M (43%)         114M (45%)          86M (34%)          48M (19%)         122M (48%)          48M (19%)    
[2026-06-18T16:36:49.243+0800][8.287s][info][gc,heap     ] GC(81)      Live:         -                21M (9%)           21M (9%)           21M (9%)             -                  -          
[2026-06-18T16:36:49.243+0800][8.287s][info][gc,heap     ] GC(81) Allocated:         -                 4M (2%)            4M (2%)           46M (18%)            -                  -          
[2026-06-18T16:36:49.244+0800][8.288s][info][gc,heap     ] GC(81)   Garbage:         -                88M (34%)          60M (24%)          22M (9%)             -                  -          
[2026-06-18T16:36:49.244+0800][8.288s][info][gc,heap     ] GC(81) Reclaimed:         -                  -                28M (11%)          66M (26%)            -                  -          
[2026-06-18T16:36:49.244+0800][8.288s][info][gc          ] GC(81) Garbage Collection (Allocation Rate) 110M(43%)->48M(19%)
[2026-06-18T16:36:49.319+0800][8.363s][info][gc,start    ] GC(82) Garbage Collection (Allocation Rate)
[2026-06-18T16:36:49.323+0800][8.367s][info][gc,phases   ] GC(82) Pause Mark Start 0.389ms
[2026-06-18T16:36:49.328+0800][8.372s][info][gc,phases   ] GC(82) Concurrent Mark 2.083ms
[2026-06-18T16:36:49.330+0800][8.374s][info][gc,phases   ] GC(82) Pause Mark End 0.343ms
[2026-06-18T16:36:49.332+0800][8.376s][info][gc,phases   ] GC(82) Concurrent Process Non-Strong References 0.177ms
[2026-06-18T16:36:49.333+0800][8.378s][info][gc,phases   ] GC(82) Concurrent Reset Relocation Set 0.003ms
[2026-06-18T16:36:49.335+0800][8.379s][info][gc,phases   ] GC(82) Concurrent Destroy Detached Pages 0.002ms
[2026-06-18T16:36:49.338+0800][8.382s][info][gc,phases   ] GC(82) Concurrent Select Relocation Set 0.997ms
[2026-06-18T16:36:49.339+0800][8.383s][info][gc,phases   ] GC(82) Concurrent Prepare Relocation Set 0.006ms
[2026-06-18T16:36:49.341+0800][8.385s][info][gc,phases   ] GC(82) Pause Relocate Start 0.352ms
[2026-06-18T16:36:49.342+0800][8.387s][info][gc,phases   ] GC(82) Concurrent Relocate 0.559ms
[2026-06-18T16:36:49.343+0800][8.387s][info][gc,load     ] GC(82) Load: 0.92/0.42/0.26
[2026-06-18T16:36:49.344+0800][8.388s][info][gc,mmu      ] GC(82) MMU: 2ms/52.9%, 5ms/81.2%, 10ms/85.5%, 20ms/92.1%, 50ms/96.5%, 100ms/97.5%
[2026-06-18T16:36:49.344+0800][8.388s][info][gc,marking  ] GC(82) Mark: 2 stripe(s), 2 proactive flush(es), 1 terminate flush(es), 0 completion(s), 0 continuation(s) 
[2026-06-18T16:36:49.345+0800][8.389s][info][gc,reloc    ] GC(82) Relocation: Successful, 24M relocated
[2026-06-18T16:36:49.345+0800][8.389s][info][gc,nmethod  ] GC(82) NMethods: 19 registered, 0 unregistered
[2026-06-18T16:36:49.346+0800][8.390s][info][gc,metaspace] GC(82) Metaspace: 3M used, 4M capacity, 4M committed, 8M reserved
[2026-06-18T16:36:49.346+0800][8.390s][info][gc,ref      ] GC(82) Soft: 43 encountered, 0 discovered, 0 enqueued
[2026-06-18T16:36:49.347+0800][8.391s][info][gc,ref      ] GC(82) Weak: 7 encountered, 0 discovered, 0 enqueued
[2026-06-18T16:36:49.347+0800][8.391s][info][gc,ref      ] GC(82) Final: 0 encountered, 0 discovered, 0 enqueued
[2026-06-18T16:36:49.347+0800][8.392s][info][gc,ref      ] GC(82) Phantom: 1 encountered, 1 discovered, 0 enqueued
[2026-06-18T16:36:49.348+0800][8.392s][info][gc,heap     ] GC(82)                Mark Start          Mark End        Relocate Start      Relocate End           High               Low         
[2026-06-18T16:36:49.348+0800][8.392s][info][gc,heap     ] GC(82)  Capacity:      256M (100%)        256M (100%)        256M (100%)        256M (100%)        256M (100%)        256M (100%)   
[2026-06-18T16:36:49.348+0800][8.393s][info][gc,heap     ] GC(82)   Reserve:       62M (24%)          62M (24%)          62M (24%)          62M (24%)          62M (24%)          62M (24%)    
[2026-06-18T16:36:49.349+0800][8.393s][info][gc,heap     ] GC(82)      Free:      114M (45%)         110M (43%)         102M (40%)         110M (43%)         114M (45%)          74M (29%)    
[2026-06-18T16:36:49.349+0800][8.393s][info][gc,heap     ] GC(82)      Used:       80M (31%)          84M (33%)          92M (36%)          84M (33%)         120M (47%)          80M (31%)    
[2026-06-18T16:36:49.349+0800][8.394s][info][gc,heap     ] GC(82)      Live:         -                28M (11%)          28M (11%)          28M (11%)            -                  -          
[2026-06-18T16:36:49.350+0800][8.394s][info][gc,heap     ] GC(82) Allocated:         -                 4M (2%)           40M (16%)          48M (19%)            -                  -          
[2026-06-18T16:36:49.350+0800][8.394s][info][gc,heap     ] GC(82)   Garbage:         -                51M (20%)          23M (9%)           15M (6%)             -                  -          
[2026-06-18T16:36:49.350+0800][8.395s][info][gc,heap     ] GC(82) Reclaimed:         -                  -                28M (11%)          36M (14%)            -                  -          
[2026-06-18T16:36:49.351+0800][8.395s][info][gc          ] GC(82) Garbage Collection (Allocation Rate) 80M(31%)->84M(33%)
[2026-06-18T16:36:49.419+0800][8.463s][info][gc,start    ] GC(83) Garbage Collection (Allocation Rate)
[2026-06-18T16:36:49.421+0800][8.465s][info][gc,phases   ] GC(83) Pause Mark Start 0.193ms
[2026-06-18T16:36:49.423+0800][8.468s][info][gc,phases   ] GC(83) Concurrent Mark 1.633ms
[2026-06-18T16:36:49.424+0800][8.469s][info][gc,phases   ] GC(83) Pause Mark End 0.282ms
[2026-06-18T16:36:49.425+0800][8.469s][info][gc,phases   ] GC(83) Concurrent Process Non-Strong References 0.073ms
[2026-06-18T16:36:49.426+0800][8.470s][info][gc,phases   ] GC(83) Concurrent Reset Relocation Set 0.002ms
[2026-06-18T16:36:49.426+0800][8.470s][info][gc,phases   ] GC(83) Concurrent Destroy Detached Pages 0.001ms
[2026-06-18T16:36:49.427+0800][8.471s][info][gc,phases   ] GC(83) Concurrent Select Relocation Set 0.493ms
[2026-06-18T16:36:49.427+0800][8.471s][info][gc,phases   ] GC(83) Concurrent Prepare Relocation Set 0.009ms
[2026-06-18T16:36:49.428+0800][8.472s][info][gc,phases   ] GC(83) Pause Relocate Start 0.133ms
[2026-06-18T16:36:49.430+0800][8.474s][info][gc,phases   ] GC(83) Concurrent Relocate 1.884ms
[2026-06-18T16:36:49.433+0800][8.477s][info][gc,load     ] GC(83) Load: 0.93/0.43/0.26
[2026-06-18T16:36:49.475+0800][8.519s][info][gc,mmu      ] GC(83) MMU: 2ms/52.9%, 5ms/81.2%, 10ms/85.5%, 20ms/92.1%, 50ms/96.5%, 100ms/97.5%
[2026-06-18T16:36:49.514+0800][8.558s][info][gc,marking  ] GC(83) Mark: 2 stripe(s), 2 proactive flush(es), 1 terminate flush(es), 0 completion(s), 0 continuation(s) 
[2026-06-18T16:36:49.515+0800][8.559s][info][gc,reloc    ] GC(83) Relocation: Successful, 26M relocated
[2026-06-18T16:36:49.516+0800][8.560s][info][gc,nmethod  ] GC(83) NMethods: 19 registered, 0 unregistered
[2026-06-18T16:36:49.518+0800][8.562s][info][gc,metaspace] GC(83) Metaspace: 3M used, 4M capacity, 4M committed, 8M reserved
[2026-06-18T16:36:49.519+0800][8.563s][info][gc,ref      ] GC(83) Soft: 43 encountered, 0 discovered, 0 enqueued
[2026-06-18T16:36:49.520+0800][8.564s][info][gc,ref      ] GC(83) Weak: 7 encountered, 2 discovered, 0 enqueued
[2026-06-18T16:36:49.520+0800][8.565s][info][gc,ref      ] GC(83) Final: 0 encountered, 0 discovered, 0 enqueued
[2026-06-18T16:36:49.521+0800][8.565s][info][gc,ref      ] GC(83) Phantom: 1 encountered, 1 discovered, 0 enqueued
[2026-06-18T16:36:49.522+0800][8.566s][info][gc,heap     ] GC(83)                Mark Start          Mark End        Relocate Start      Relocate End           High               Low         
[2026-06-18T16:36:49.522+0800][8.567s][info][gc,heap     ] GC(83)  Capacity:      256M (100%)        256M (100%)        256M (100%)        256M (100%)        256M (100%)        256M (100%)   
[2026-06-18T16:36:49.523+0800][8.567s][info][gc,heap     ] GC(83)   Reserve:       62M (24%)          62M (24%)          62M (24%)          62M (24%)          62M (24%)          62M (24%)    
[2026-06-18T16:36:49.524+0800][8.568s][info][gc,heap     ] GC(83)      Free:       80M (31%)          78M (30%)         106M (41%)         144M (56%)         144M (56%)          66M (26%)    
[2026-06-18T16:36:49.524+0800][8.568s][info][gc,heap     ] GC(83)      Used:      114M (45%)         116M (45%)          88M (34%)          50M (20%)         128M (50%)          50M (20%)    
[2026-06-18T16:36:49.524+0800][8.569s][info][gc,heap     ] GC(83)      Live:         -                28M (11%)          28M (11%)          28M (11%)            -                  -          
[2026-06-18T16:36:49.525+0800][8.569s][info][gc,heap     ] GC(83) Allocated:         -                 2M (1%)            2M (1%)           48M (19%)            -                  -          
[2026-06-18T16:36:49.525+0800][8.570s][info][gc,heap     ] GC(83)   Garbage:         -                85M (33%)          57M (22%)          19M (8%)             -                  -          
[2026-06-18T16:36:49.526+0800][8.570s][info][gc,heap     ] GC(83) Reclaimed:         -                  -                28M (11%)          66M (26%)            -                  -          
[2026-06-18T16:36:49.526+0800][8.570s][info][gc          ] GC(83) Garbage Collection (Allocation Rate) 114M(45%)->50M(20%)
[2026-06-18T16:36:49.618+0800][8.662s][info][gc,start    ] GC(84) Garbage Collection (Allocation Rate)
[2026-06-18T16:36:49.622+0800][8.666s][info][gc,phases   ] GC(84) Pause Mark Start 0.365ms
[2026-06-18T16:36:49.629+0800][8.673s][info][gc,phases   ] GC(84) Concurrent Mark 2.200ms
[2026-06-18T16:36:49.632+0800][8.677s][info][gc,phases   ] GC(84) Pause Mark End 0.421ms
[2026-06-18T16:36:49.636+0800][8.680s][info][gc,phases   ] GC(84) Concurrent Process Non-Strong References 0.195ms
[2026-06-18T16:36:49.640+0800][8.684s][info][gc,phases   ] GC(84) Concurrent Reset Relocation Set 0.004ms
[2026-06-18T16:36:49.641+0800][8.686s][info][gc,phases   ] GC(84) Concurrent Destroy Detached Pages 0.001ms
[2026-06-18T16:36:49.648+0800][8.692s][info][gc,phases   ] GC(84) Concurrent Select Relocation Set 1.399ms
[2026-06-18T16:36:49.652+0800][8.696s][info][gc,phases   ] GC(84) Concurrent Prepare Relocation Set 0.017ms
[2026-06-18T16:36:49.658+0800][8.702s][info][gc,phases   ] GC(84) Pause Relocate Start 0.345ms
[2026-06-18T16:36:49.660+0800][8.704s][info][gc,phases   ] GC(84) Concurrent Relocate 0.508ms
[2026-06-18T16:36:49.663+0800][8.708s][info][gc,load     ] GC(84) Load: 0.93/0.43/0.26
[2026-06-18T16:36:49.664+0800][8.708s][info][gc,mmu      ] GC(84) MMU: 2ms/52.9%, 5ms/81.2%, 10ms/85.5%, 20ms/92.1%, 50ms/96.5%, 100ms/97.5%
[2026-06-18T16:36:49.665+0800][8.709s][info][gc,marking  ] GC(84) Mark: 2 stripe(s), 2 proactive flush(es), 1 terminate flush(es), 0 completion(s), 0 continuation(s) 
[2026-06-18T16:36:49.666+0800][8.710s][info][gc,reloc    ] GC(84) Relocation: Successful, 29M relocated
[2026-06-18T16:36:49.666+0800][8.710s][info][gc,nmethod  ] GC(84) NMethods: 22 registered, 0 unregistered
[2026-06-18T16:36:49.667+0800][8.711s][info][gc,metaspace] GC(84) Metaspace: 3M used, 4M capacity, 4M committed, 8M reserved
[2026-06-18T16:36:49.668+0800][8.712s][info][gc,ref      ] GC(84) Soft: 43 encountered, 0 discovered, 0 enqueued
[2026-06-18T16:36:49.668+0800][8.713s][info][gc,ref      ] GC(84) Weak: 7 encountered, 0 discovered, 0 enqueued
[2026-06-18T16:36:49.669+0800][8.714s][info][gc,ref      ] GC(84) Final: 0 encountered, 0 discovered, 0 enqueued
[2026-06-18T16:36:49.670+0800][8.714s][info][gc,ref      ] GC(84) Phantom: 1 encountered, 0 discovered, 0 enqueued
[2026-06-18T16:36:49.671+0800][8.715s][info][gc,heap     ] GC(84)                Mark Start          Mark End        Relocate Start      Relocate End           High               Low         
[2026-06-18T16:36:49.671+0800][8.716s][info][gc,heap     ] GC(84)  Capacity:      256M (100%)        256M (100%)        256M (100%)        256M (100%)        256M (100%)        256M (100%)   
[2026-06-18T16:36:49.672+0800][8.716s][info][gc,heap     ] GC(84)   Reserve:       62M (24%)          62M (24%)          62M (24%)          62M (24%)          62M (24%)          62M (24%)    
[2026-06-18T16:36:49.672+0800][8.716s][info][gc,heap     ] GC(84)      Free:       76M (30%)          38M (15%)          86M (34%)         108M (42%)         108M (42%)          34M (13%)    
[2026-06-18T16:36:49.673+0800][8.717s][info][gc,heap     ] GC(84)      Used:      118M (46%)         156M (61%)         108M (42%)          86M (34%)         160M (62%)          86M (34%)    
[2026-06-18T16:36:49.673+0800][8.717s][info][gc,heap     ] GC(84)      Live:         -                29M (12%)          29M (12%)          29M (12%)            -                  -          
[2026-06-18T16:36:49.673+0800][8.718s][info][gc,heap     ] GC(84) Allocated:         -                38M (15%)          44M (17%)          54M (21%)            -                  -          
[2026-06-18T16:36:49.674+0800][8.718s][info][gc,heap     ] GC(84)   Garbage:         -                88M (35%)          34M (13%)          12M (5%)             -                  -          
[2026-06-18T16:36:49.674+0800][8.718s][info][gc,heap     ] GC(84) Reclaimed:         -                  -                54M (21%)          76M (30%)            -                  -          
[2026-06-18T16:36:49.675+0800][8.719s][info][gc          ] GC(84) Garbage Collection (Allocation Rate) 118M(46%)->86M(34%)
[2026-06-18T16:36:49.719+0800][8.763s][info][gc,start    ] GC(85) Garbage Collection (Allocation Rate)
[2026-06-18T16:36:49.721+0800][8.766s][info][gc,phases   ] GC(85) Pause Mark Start 0.433ms
[2026-06-18T16:36:49.726+0800][8.770s][info][gc,phases   ] GC(85) Concurrent Mark 2.347ms
[2026-06-18T16:36:49.729+0800][8.773s][info][gc,phases   ] GC(85) Pause Mark End 0.853ms
[2026-06-18T16:36:49.730+0800][8.775s][info][gc,phases   ] GC(85) Concurrent Process Non-Strong References 0.213ms
[2026-06-18T16:36:49.732+0800][8.776s][info][gc,phases   ] GC(85) Concurrent Reset Relocation Set 0.006ms
[2026-06-18T16:36:49.733+0800][8.777s][info][gc,phases   ] GC(85) Concurrent Destroy Detached Pages 0.002ms
[2026-06-18T16:36:49.735+0800][8.779s][info][gc,phases   ] GC(85) Concurrent Select Relocation Set 0.946ms
[2026-06-18T16:36:49.736+0800][8.780s][info][gc,phases   ] GC(85) Concurrent Prepare Relocation Set 0.018ms
[2026-06-18T16:36:49.737+0800][8.781s][info][gc,phases   ] GC(85) Pause Relocate Start 0.243ms
[2026-06-18T16:36:49.740+0800][8.784s][info][gc,phases   ] GC(85) Concurrent Relocate 1.553ms
[2026-06-18T16:36:49.740+0800][8.784s][info][gc,load     ] GC(85) Load: 0.93/0.43/0.26
[2026-06-18T16:36:49.741+0800][8.785s][info][gc,mmu      ] GC(85) MMU: 2ms/52.9%, 5ms/81.2%, 10ms/85.5%, 20ms/92.1%, 50ms/96.5%, 100ms/97.5%
[2026-06-18T16:36:49.741+0800][8.785s][info][gc,marking  ] GC(85) Mark: 2 stripe(s), 1 proactive flush(es), 1 terminate flush(es), 0 completion(s), 0 continuation(s) 
[2026-06-18T16:36:49.742+0800][8.786s][info][gc,reloc    ] GC(85) Relocation: Successful, 21M relocated
[2026-06-18T16:36:49.742+0800][8.786s][info][gc,nmethod  ] GC(85) NMethods: 22 registered, 0 unregistered
[2026-06-18T16:36:49.742+0800][8.787s][info][gc,metaspace] GC(85) Metaspace: 3M used, 4M capacity, 4M committed, 8M reserved
[2026-06-18T16:36:49.743+0800][8.787s][info][gc,ref      ] GC(85) Soft: 43 encountered, 0 discovered, 0 enqueued
[2026-06-18T16:36:49.743+0800][8.787s][info][gc,ref      ] GC(85) Weak: 7 encountered, 2 discovered, 0 enqueued
[2026-06-18T16:36:49.743+0800][8.787s][info][gc,ref      ] GC(85) Final: 0 encountered, 0 discovered, 0 enqueued
[2026-06-18T16:36:49.744+0800][8.788s][info][gc,ref      ] GC(85) Phantom: 1 encountered, 1 discovered, 0 enqueued
[2026-06-18T16:36:49.744+0800][8.788s][info][gc,heap     ] GC(85)                Mark Start          Mark End        Relocate Start      Relocate End           High               Low         
[2026-06-18T16:36:49.744+0800][8.788s][info][gc,heap     ] GC(85)  Capacity:      256M (100%)        256M (100%)        256M (100%)        256M (100%)        256M (100%)        256M (100%)   
[2026-06-18T16:36:49.744+0800][8.789s][info][gc,heap     ] GC(85)   Reserve:       62M (24%)          62M (24%)          62M (24%)          62M (24%)          62M (24%)          62M (24%)    
[2026-06-18T16:36:49.745+0800][8.789s][info][gc,heap     ] GC(85)      Free:       84M (33%)          46M (18%)          70M (27%)         144M (56%)         144M (56%)          46M (18%)    
[2026-06-18T16:36:49.745+0800][8.789s][info][gc,heap     ] GC(85)      Used:      110M (43%)         148M (58%)         124M (48%)          50M (20%)         148M (58%)          50M (20%)    
[2026-06-18T16:36:49.745+0800][8.789s][info][gc,heap     ] GC(85)      Live:         -                21M (8%)           21M (8%)           21M (8%)             -                  -          
[2026-06-18T16:36:49.745+0800][8.790s][info][gc,heap     ] GC(85) Allocated:         -                38M (15%)          40M (16%)          48M (19%)            -                  -          
[2026-06-18T16:36:49.746+0800][8.790s][info][gc,heap     ] GC(85)   Garbage:         -                88M (35%)          62M (25%)    17592186044404M (6         -                  -          
[2026-06-18T16:36:49.746+0800][8.790s][info][gc,heap     ] GC(85) Reclaimed:         -                  -                26M (10%)         100M (39%)            -                  -          
[2026-06-18T16:36:49.746+0800][8.790s][info][gc          ] GC(85) Garbage Collection (Allocation Rate) 110M(43%)->50M(20%)
[2026-06-18T16:36:49.819+0800][8.863s][info][gc,start    ] GC(86) Garbage Collection (Allocation Rate)
[2026-06-18T16:36:49.821+0800][8.865s][info][gc,phases   ] GC(86) Pause Mark Start 0.280ms
[2026-06-18T16:36:49.824+0800][8.868s][info][gc,phases   ] GC(86) Concurrent Mark 1.633ms
[2026-06-18T16:36:49.825+0800][8.870s][info][gc,phases   ] GC(86) Pause Mark End 0.396ms
[2026-06-18T16:36:49.826+0800][8.871s][info][gc,phases   ] GC(86) Concurrent Process Non-Strong References 0.120ms
[2026-06-18T16:36:49.827+0800][8.871s][info][gc,phases   ] GC(86) Concurrent Reset Relocation Set 0.003ms
[2026-06-18T16:36:49.828+0800][8.872s][info][gc,phases   ] GC(86) Concurrent Destroy Detached Pages 0.001ms
[2026-06-18T16:36:49.829+0800][8.874s][info][gc,phases   ] GC(86) Concurrent Select Relocation Set 0.634ms
[2026-06-18T16:36:49.830+0800][8.874s][info][gc,phases   ] GC(86) Concurrent Prepare Relocation Set 0.007ms
[2026-06-18T16:36:49.831+0800][8.875s][info][gc,phases   ] GC(86) Pause Relocate Start 0.157ms
[2026-06-18T16:36:49.832+0800][8.876s][info][gc,phases   ] GC(86) Concurrent Relocate 0.559ms
[2026-06-18T16:36:49.832+0800][8.877s][info][gc,load     ] GC(86) Load: 0.93/0.43/0.26
[2026-06-18T16:36:49.833+0800][8.877s][info][gc,mmu      ] GC(86) MMU: 2ms/52.9%, 5ms/81.2%, 10ms/85.5%, 20ms/92.1%, 50ms/96.5%, 100ms/97.5%
[2026-06-18T16:36:49.833+0800][8.877s][info][gc,marking  ] GC(86) Mark: 2 stripe(s), 1 proactive flush(es), 1 terminate flush(es), 0 completion(s), 0 continuation(s) 
[2026-06-18T16:36:49.833+0800][8.878s][info][gc,reloc    ] GC(86) Relocation: Successful, 23M relocated
[2026-06-18T16:36:49.834+0800][8.878s][info][gc,nmethod  ] GC(86) NMethods: 22 registered, 0 unregistered
[2026-06-18T16:36:49.834+0800][8.878s][info][gc,metaspace] GC(86) Metaspace: 3M used, 4M capacity, 4M committed, 8M reserved
[2026-06-18T16:36:49.834+0800][8.878s][info][gc,ref      ] GC(86) Soft: 43 encountered, 0 discovered, 0 enqueued
[2026-06-18T16:36:49.834+0800][8.879s][info][gc,ref      ] GC(86) Weak: 7 encountered, 2 discovered, 0 enqueued
[2026-06-18T16:36:49.835+0800][8.879s][info][gc,ref      ] GC(86) Final: 0 encountered, 0 discovered, 0 enqueued
[2026-06-18T16:36:49.835+0800][8.879s][info][gc,ref      ] GC(86) Phantom: 1 encountered, 1 discovered, 0 enqueued
[2026-06-18T16:36:49.835+0800][8.879s][info][gc,heap     ] GC(86)                Mark Start          Mark End        Relocate Start      Relocate End           High               Low         
[2026-06-18T16:36:49.835+0800][8.880s][info][gc,heap     ] GC(86)  Capacity:      256M (100%)        256M (100%)        256M (100%)        256M (100%)        256M (100%)        256M (100%)   
[2026-06-18T16:36:49.836+0800][8.880s][info][gc,heap     ] GC(86)   Reserve:       62M (24%)          62M (24%)          62M (24%)          62M (24%)          62M (24%)          62M (24%)    
[2026-06-18T16:36:49.836+0800][8.880s][info][gc,heap     ] GC(86)      Free:      116M (45%)          78M (30%)         104M (41%)         112M (44%)         116M (45%)          78M (30%)    
[2026-06-18T16:36:49.836+0800][8.880s][info][gc,heap     ] GC(86)      Used:       78M (30%)         116M (45%)          90M (35%)          82M (32%)         116M (45%)          78M (30%)    
[2026-06-18T16:36:49.836+0800][8.880s][info][gc,heap     ] GC(86)      Live:         -                27M (11%)          27M (11%)          27M (11%)            -                  -          
[2026-06-18T16:36:49.836+0800][8.881s][info][gc,heap     ] GC(86) Allocated:         -                38M (15%)          38M (15%)          44M (17%)            -                  -          
[2026-06-18T16:36:49.837+0800][8.881s][info][gc,heap     ] GC(86)   Garbage:         -                50M (20%)          24M (10%)          16M (7%)             -                  -          
[2026-06-18T16:36:49.837+0800][8.881s][info][gc,heap     ] GC(86) Reclaimed:         -                  -                26M (10%)          34M (13%)            -                  -          
[2026-06-18T16:36:49.837+0800][8.881s][info][gc          ] GC(86) Garbage Collection (Allocation Rate) 78M(30%)->82M(32%)
[2026-06-18T16:36:49.919+0800][8.963s][info][gc,start    ] GC(87) Garbage Collection (Allocation Rate)
[2026-06-18T16:36:49.924+0800][8.969s][info][gc,phases   ] GC(87) Pause Mark Start 0.423ms
[2026-06-18T16:36:49.928+0800][8.972s][info][gc,phases   ] GC(87) Concurrent Mark 2.303ms
[2026-06-18T16:36:49.931+0800][8.975s][info][gc,phases   ] GC(87) Pause Mark End 0.754ms
[2026-06-18T16:36:49.933+0800][8.977s][info][gc,phases   ] GC(87) Concurrent Process Non-Strong References 0.295ms
[2026-06-18T16:36:49.934+0800][8.978s][info][gc,phases   ] GC(87) Concurrent Reset Relocation Set 0.003ms
[2026-06-18T16:36:49.935+0800][8.979s][info][gc,phases   ] GC(87) Concurrent Destroy Detached Pages 0.001ms
[2026-06-18T16:36:49.936+0800][8.980s][info][gc,phases   ] GC(87) Concurrent Select Relocation Set 0.933ms
[2026-06-18T16:36:49.937+0800][8.981s][info][gc,phases   ] GC(87) Concurrent Prepare Relocation Set 0.005ms
[2026-06-18T16:36:49.938+0800][8.982s][info][gc,phases   ] GC(87) Pause Relocate Start 0.172ms
[2026-06-18T16:36:49.940+0800][8.984s][info][gc,phases   ] GC(87) Concurrent Relocate 1.689ms
[2026-06-18T16:36:49.941+0800][8.985s][info][gc,load     ] GC(87) Load: 0.93/0.43/0.26
[2026-06-18T16:36:49.941+0800][8.985s][info][gc,mmu      ] GC(87) MMU: 2ms/52.9%, 5ms/81.2%, 10ms/85.5%, 20ms/92.1%, 50ms/96.5%, 100ms/97.5%
[2026-06-18T16:36:49.941+0800][8.986s][info][gc,marking  ] GC(87) Mark: 2 stripe(s), 1 proactive flush(es), 1 terminate flush(es), 0 completion(s), 0 continuation(s) 
[2026-06-18T16:36:49.942+0800][8.986s][info][gc,reloc    ] GC(87) Relocation: Successful, 24M relocated
[2026-06-18T16:36:49.942+0800][8.986s][info][gc,nmethod  ] GC(87) NMethods: 22 registered, 0 unregistered
[2026-06-18T16:36:49.942+0800][8.987s][info][gc,metaspace] GC(87) Metaspace: 3M used, 4M capacity, 4M committed, 8M reserved
[2026-06-18T16:36:49.943+0800][8.987s][info][gc,ref      ] GC(87) Soft: 43 encountered, 0 discovered, 0 enqueued
[2026-06-18T16:36:49.943+0800][8.987s][info][gc,ref      ] GC(87) Weak: 7 encountered, 0 discovered, 0 enqueued
[2026-06-18T16:36:49.943+0800][8.987s][info][gc,ref      ] GC(87) Final: 0 encountered, 0 discovered, 0 enqueued
[2026-06-18T16:36:49.943+0800][8.988s][info][gc,ref      ] GC(87) Phantom: 1 encountered, 0 discovered, 0 enqueued
[2026-06-18T16:36:49.944+0800][8.988s][info][gc,heap     ] GC(87)                Mark Start          Mark End        Relocate Start      Relocate End           High               Low         
[2026-06-18T16:36:49.944+0800][8.988s][info][gc,heap     ] GC(87)  Capacity:      256M (100%)        256M (100%)        256M (100%)        256M (100%)        256M (100%)        256M (100%)   
[2026-06-18T16:36:49.944+0800][8.988s][info][gc,heap     ] GC(87)   Reserve:       62M (24%)          62M (24%)          62M (24%)          62M (24%)          62M (24%)          62M (24%)    
[2026-06-18T16:36:49.944+0800][8.989s][info][gc,heap     ] GC(87)      Free:       78M (30%)          78M (30%)         102M (40%)         146M (57%)         146M (57%)          64M (25%)    
[2026-06-18T16:36:49.945+0800][8.989s][info][gc,heap     ] GC(87)      Used:      116M (45%)         116M (45%)          92M (36%)          48M (19%)         130M (51%)          48M (19%)    
[2026-06-18T16:36:49.945+0800][8.989s][info][gc,heap     ] GC(87)      Live:         -                26M (10%)          26M (10%)          26M (10%)            -                  -          
[2026-06-18T16:36:49.945+0800][8.989s][info][gc,heap     ] GC(87) Allocated:         -                 0M (0%)            4M (2%)           46M (18%)            -                  -          
[2026-06-18T16:36:49.945+0800][8.989s][info][gc,heap     ] GC(87)   Garbage:         -                89M (35%)          61M (24%)          17M (7%)             -                  -          
[2026-06-18T16:36:49.945+0800][8.989s][info][gc,heap     ] GC(87) Reclaimed:         -                  -                28M (11%)          72M (28%)            -                  -          
[2026-06-18T16:36:49.945+0800][8.990s][info][gc          ] GC(87) Garbage Collection (Allocation Rate) 116M(45%)->48M(19%)
[2026-06-18T16:36:50.018+0800][9.063s][info][gc,start    ] GC(88) Garbage Collection (Allocation Rate)
[2026-06-18T16:36:50.021+0800][9.066s][info][gc,phases   ] GC(88) Pause Mark Start 0.430ms
[2026-06-18T16:36:50.026+0800][9.070s][info][gc,phases   ] GC(88) Concurrent Mark 1.931ms
[2026-06-18T16:36:50.029+0800][9.073s][info][gc,phases   ] GC(88) Pause Mark End 0.837ms
[2026-06-18T16:36:50.030+0800][9.074s][info][gc,phases   ] GC(88) Concurrent Process Non-Strong References 0.164ms
[2026-06-18T16:36:50.031+0800][9.076s][info][gc,phases   ] GC(88) Concurrent Reset Relocation Set 0.006ms
[2026-06-18T16:36:50.032+0800][9.077s][info][gc,phases   ] GC(88) Concurrent Destroy Detached Pages 0.001ms
[2026-06-18T16:36:50.034+0800][9.078s][info][gc,phases   ] GC(88) Concurrent Select Relocation Set 0.955ms
[2026-06-18T16:36:50.035+0800][9.079s][info][gc,phases   ] GC(88) Concurrent Prepare Relocation Set 0.016ms
[2026-06-18T16:36:50.036+0800][9.080s][info][gc,phases   ] GC(88) Pause Relocate Start 0.202ms
[2026-06-18T16:36:50.037+0800][9.081s][info][gc,phases   ] GC(88) Concurrent Relocate 0.446ms
[2026-06-18T16:36:50.038+0800][9.082s][info][gc,load     ] GC(88) Load: 0.93/0.43/0.26
[2026-06-18T16:36:50.038+0800][9.082s][info][gc,mmu      ] GC(88) MMU: 2ms/52.9%, 5ms/81.2%, 10ms/85.5%, 20ms/92.1%, 50ms/96.5%, 100ms/97.5%
[2026-06-18T16:36:50.038+0800][9.083s][info][gc,marking  ] GC(88) Mark: 2 stripe(s), 1 proactive flush(es), 1 terminate flush(es), 0 completion(s), 0 continuation(s) 
[2026-06-18T16:36:50.039+0800][9.083s][info][gc,reloc    ] GC(88) Relocation: Successful, 19M relocated
[2026-06-18T16:36:50.039+0800][9.084s][info][gc,nmethod  ] GC(88) NMethods: 23 registered, 0 unregistered
[2026-06-18T16:36:50.040+0800][9.084s][info][gc,metaspace] GC(88) Metaspace: 3M used, 4M capacity, 4M committed, 8M reserved
[2026-06-18T16:36:50.040+0800][9.084s][info][gc,ref      ] GC(88) Soft: 43 encountered, 0 discovered, 0 enqueued
[2026-06-18T16:36:50.040+0800][9.085s][info][gc,ref      ] GC(88) Weak: 7 encountered, 0 discovered, 0 enqueued
[2026-06-18T16:36:50.041+0800][9.085s][info][gc,ref      ] GC(88) Final: 0 encountered, 0 discovered, 0 enqueued
[2026-06-18T16:36:50.041+0800][9.085s][info][gc,ref      ] GC(88) Phantom: 1 encountered, 0 discovered, 0 enqueued
[2026-06-18T16:36:50.041+0800][9.086s][info][gc,heap     ] GC(88)                Mark Start          Mark End        Relocate Start      Relocate End           High               Low         
[2026-06-18T16:36:50.042+0800][9.086s][info][gc,heap     ] GC(88)  Capacity:      256M (100%)        256M (100%)        256M (100%)        256M (100%)        256M (100%)        256M (100%)   
[2026-06-18T16:36:50.042+0800][9.086s][info][gc,heap     ] GC(88)   Reserve:       62M (24%)          62M (24%)          62M (24%)          62M (24%)          62M (24%)          62M (24%)    
[2026-06-18T16:36:50.042+0800][9.086s][info][gc,heap     ] GC(88)      Free:      114M (45%)         114M (45%)         106M (41%)         116M (45%)         116M (45%)          78M (30%)    
[2026-06-18T16:36:50.042+0800][9.087s][info][gc,heap     ] GC(88)      Used:       80M (31%)          80M (31%)          88M (34%)          78M (30%)         116M (45%)          78M (30%)    
[2026-06-18T16:36:50.043+0800][9.087s][info][gc,heap     ] GC(88)      Live:         -                21M (8%)           21M (8%)           21M (8%)             -                  -          
[2026-06-18T16:36:50.043+0800][9.087s][info][gc,heap     ] GC(88) Allocated:         -                 0M (0%)           36M (14%)          42M (16%)            -                  -          
[2026-06-18T16:36:50.044+0800][9.088s][info][gc,heap     ] GC(88)   Garbage:         -                58M (23%)          30M (12%)          20M (8%)             -                  -          
[2026-06-18T16:36:50.044+0800][9.088s][info][gc,heap     ] GC(88) Reclaimed:         -                  -                28M (11%)          38M (15%)            -                  -          
[2026-06-18T16:36:50.044+0800][9.088s][info][gc          ] GC(88) Garbage Collection (Allocation Rate) 80M(31%)->78M(30%)
[2026-06-18T16:36:50.119+0800][9.163s][info][gc,start    ] GC(89) Garbage Collection (Allocation Rate)
[2026-06-18T16:36:50.122+0800][9.166s][info][gc,phases   ] GC(89) Pause Mark Start 0.397ms
[2026-06-18T16:36:50.126+0800][9.170s][info][gc,phases   ] GC(89) Concurrent Mark 2.174ms
[2026-06-18T16:36:50.129+0800][9.173s][info][gc,phases   ] GC(89) Pause Mark End 0.714ms
[2026-06-18T16:36:50.130+0800][9.174s][info][gc,phases   ] GC(89) Concurrent Process Non-Strong References 0.227ms
[2026-06-18T16:36:50.131+0800][9.176s][info][gc,phases   ] GC(89) Concurrent Reset Relocation Set 0.004ms
[2026-06-18T16:36:50.133+0800][9.178s][info][gc,phases   ] GC(89) Concurrent Destroy Detached Pages 0.001ms
[2026-06-18T16:36:50.135+0800][9.180s][info][gc,phases   ] GC(89) Concurrent Select Relocation Set 0.677ms
[2026-06-18T16:36:50.136+0800][9.180s][info][gc,phases   ] GC(89) Concurrent Prepare Relocation Set 0.014ms
[2026-06-18T16:36:50.137+0800][9.182s][info][gc,phases   ] GC(89) Pause Relocate Start 0.163ms
[2026-06-18T16:36:50.140+0800][9.184s][info][gc,phases   ] GC(89) Concurrent Relocate 1.954ms
[2026-06-18T16:36:50.140+0800][9.185s][info][gc,load     ] GC(89) Load: 0.93/0.43/0.26
[2026-06-18T16:36:50.141+0800][9.185s][info][gc,mmu      ] GC(89) MMU: 2ms/52.9%, 5ms/81.2%, 10ms/85.5%, 20ms/92.1%, 50ms/96.5%, 100ms/97.5%
[2026-06-18T16:36:50.141+0800][9.185s][info][gc,marking  ] GC(89) Mark: 2 stripe(s), 1 proactive flush(es), 1 terminate flush(es), 0 completion(s), 0 continuation(s) 
[2026-06-18T16:36:50.141+0800][9.186s][info][gc,reloc    ] GC(89) Relocation: Successful, 25M relocated
[2026-06-18T16:36:50.142+0800][9.186s][info][gc,nmethod  ] GC(89) NMethods: 23 registered, 0 unregistered
[2026-06-18T16:36:50.142+0800][9.186s][info][gc,metaspace] GC(89) Metaspace: 3M used, 4M capacity, 4M committed, 8M reserved
[2026-06-18T16:36:50.142+0800][9.186s][info][gc,ref      ] GC(89) Soft: 43 encountered, 0 discovered, 0 enqueued
[2026-06-18T16:36:50.142+0800][9.186s][info][gc,ref      ] GC(89) Weak: 7 encountered, 2 discovered, 0 enqueued
[2026-06-18T16:36:50.143+0800][9.187s][info][gc,ref      ] GC(89) Final: 0 encountered, 0 discovered, 0 enqueued
[2026-06-18T16:36:50.143+0800][9.187s][info][gc,ref      ] GC(89) Phantom: 1 encountered, 1 discovered, 0 enqueued
[2026-06-18T16:36:50.143+0800][9.187s][info][gc,heap     ] GC(89)                Mark Start          Mark End        Relocate Start      Relocate End           High               Low         
[2026-06-18T16:36:50.143+0800][9.187s][info][gc,heap     ] GC(89)  Capacity:      256M (100%)        256M (100%)        256M (100%)        256M (100%)        256M (100%)        256M (100%)   
[2026-06-18T16:36:50.143+0800][9.188s][info][gc,heap     ] GC(89)   Reserve:       62M (24%)          62M (24%)          62M (24%)          62M (24%)          62M (24%)          62M (24%)    
[2026-06-18T16:36:50.144+0800][9.188s][info][gc,heap     ] GC(89)      Free:       86M (34%)          82M (32%)         108M (42%)         140M (55%)         140M (55%)          34M (13%)    
[2026-06-18T16:36:50.144+0800][9.188s][info][gc,heap     ] GC(89)      Used:      108M (42%)         112M (44%)          86M (34%)          54M (21%)         160M (62%)          54M (21%)    
[2026-06-18T16:36:50.144+0800][9.188s][info][gc,heap     ] GC(89)      Live:         -                28M (11%)          28M (11%)          28M (11%)            -                  -          
[2026-06-18T16:36:50.144+0800][9.189s][info][gc,heap     ] GC(89) Allocated:         -                 4M (2%)            4M (2%)           80M (31%)            -                  -          
[2026-06-18T16:36:50.145+0800][9.189s][info][gc,heap     ] GC(89)   Garbage:         -                79M (31%)          53M (21%)          49M (19%)            -                  -          
[2026-06-18T16:36:50.145+0800][9.189s][info][gc,heap     ] GC(89) Reclaimed:         -                  -                26M (10%)          30M (12%)            -                  -          
[2026-06-18T16:36:50.145+0800][9.189s][info][gc          ] GC(89) Garbage Collection (Allocation Rate) 108M(42%)->54M(21%)
[2026-06-18T16:36:50.218+0800][9.263s][info][gc,start    ] GC(90) Garbage Collection (Allocation Rate)
[2026-06-18T16:36:50.221+0800][9.265s][info][gc,phases   ] GC(90) Pause Mark Start 0.632ms
[2026-06-18T16:36:50.224+0800][9.268s][info][gc,phases   ] GC(90) Concurrent Mark 1.965ms
[2026-06-18T16:36:50.226+0800][9.270s][info][gc,phases   ] GC(90) Pause Mark End 0.338ms
[2026-06-18T16:36:50.227+0800][9.271s][info][gc,phases   ] GC(90) Concurrent Process Non-Strong References 0.145ms
[2026-06-18T16:36:50.228+0800][9.272s][info][gc,phases   ] GC(90) Concurrent Reset Relocation Set 0.003ms
[2026-06-18T16:36:50.228+0800][9.272s][info][gc,phases   ] GC(90) Concurrent Destroy Detached Pages 0.001ms
[2026-06-18T16:36:50.229+0800][9.274s][info][gc,phases   ] GC(90) Concurrent Select Relocation Set 0.451ms
[2026-06-18T16:36:50.230+0800][9.274s][info][gc,phases   ] GC(90) Concurrent Prepare Relocation Set 0.002ms
[2026-06-18T16:36:50.231+0800][9.275s][info][gc,phases   ] GC(90) Pause Relocate Start 0.189ms
[2026-06-18T16:36:50.231+0800][9.276s][info][gc,phases   ] GC(90) Concurrent Relocate 0.163ms
[2026-06-18T16:36:50.232+0800][9.276s][info][gc,load     ] GC(90) Load: 0.93/0.43/0.26
[2026-06-18T16:36:50.232+0800][9.276s][info][gc,mmu      ] GC(90) MMU: 2ms/52.9%, 5ms/81.2%, 10ms/85.5%, 20ms/92.1%, 50ms/96.5%, 100ms/97.5%
[2026-06-18T16:36:50.233+0800][9.277s][info][gc,marking  ] GC(90) Mark: 2 stripe(s), 1 proactive flush(es), 1 terminate flush(es), 0 completion(s), 0 continuation(s) 
[2026-06-18T16:36:50.233+0800][9.277s][info][gc,reloc    ] GC(90) Relocation: Successful, 24M relocated
[2026-06-18T16:36:50.233+0800][9.277s][info][gc,nmethod  ] GC(90) NMethods: 23 registered, 0 unregistered
[2026-06-18T16:36:50.234+0800][9.278s][info][gc,metaspace] GC(90) Metaspace: 3M used, 4M capacity, 4M committed, 8M reserved
[2026-06-18T16:36:50.234+0800][9.278s][info][gc,ref      ] GC(90) Soft: 43 encountered, 0 discovered, 0 enqueued
[2026-06-18T16:36:50.234+0800][9.278s][info][gc,ref      ] GC(90) Weak: 7 encountered, 0 discovered, 0 enqueued
[2026-06-18T16:36:50.234+0800][9.278s][info][gc,ref      ] GC(90) Final: 0 encountered, 0 discovered, 0 enqueued
[2026-06-18T16:36:50.234+0800][9.279s][info][gc,ref      ] GC(90) Phantom: 1 encountered, 0 discovered, 0 enqueued
[2026-06-18T16:36:50.235+0800][9.279s][info][gc,heap     ] GC(90)                Mark Start          Mark End        Relocate Start      Relocate End           High               Low         
[2026-06-18T16:36:50.235+0800][9.279s][info][gc,heap     ] GC(90)  Capacity:      256M (100%)        256M (100%)        256M (100%)        256M (100%)        256M (100%)        256M (100%)   
[2026-06-18T16:36:50.235+0800][9.279s][info][gc,heap     ] GC(90)   Reserve:       62M (24%)          62M (24%)          62M (24%)          62M (24%)          62M (24%)          62M (24%)    
[2026-06-18T16:36:50.235+0800][9.280s][info][gc,heap     ] GC(90)      Free:      114M (45%)         110M (43%)         138M (54%)         148M (58%)         148M (58%)         110M (43%)    
[2026-06-18T16:36:50.236+0800][9.280s][info][gc,heap     ] GC(90)      Used:       80M (31%)          84M (33%)          56M (22%)          46M (18%)          84M (33%)          46M (18%)    
[2026-06-18T16:36:50.236+0800][9.280s][info][gc,heap     ] GC(90)      Live:         -                26M (10%)          26M (10%)          26M (10%)            -                  -          
[2026-06-18T16:36:50.236+0800][9.280s][info][gc,heap     ] GC(90) Allocated:         -                 4M (2%)            4M (2%)            8M (3%)             -                  -          
[2026-06-18T16:36:50.236+0800][9.280s][info][gc,heap     ] GC(90)   Garbage:         -                53M (21%)          25M (10%)          15M (6%)             -                  -          
[2026-06-18T16:36:50.236+0800][9.281s][info][gc,heap     ] GC(90) Reclaimed:         -                  -                28M (11%)          38M (15%)            -                  -          
[2026-06-18T16:36:50.237+0800][9.281s][info][gc          ] GC(90) Garbage Collection (Allocation Rate) 80M(31%)->46M(18%)
[2026-06-18T16:36:50.319+0800][9.363s][info][gc,start    ] GC(91) Garbage Collection (Allocation Rate)
[2026-06-18T16:36:50.325+0800][9.370s][info][gc,phases   ] GC(91) Pause Mark Start 0.477ms
[2026-06-18T16:36:50.329+0800][9.373s][info][gc,phases   ] GC(91) Concurrent Mark 1.948ms
[2026-06-18T16:36:50.331+0800][9.375s][info][gc,phases   ] GC(91) Pause Mark End 0.677ms
[2026-06-18T16:36:50.333+0800][9.377s][info][gc,phases   ] GC(91) Concurrent Process Non-Strong References 0.218ms
[2026-06-18T16:36:50.333+0800][9.378s][info][gc,phases   ] GC(91) Concurrent Reset Relocation Set 0.004ms
[2026-06-18T16:36:50.334+0800][9.378s][info][gc,phases   ] GC(91) Concurrent Destroy Detached Pages 0.001ms
[2026-06-18T16:36:50.336+0800][9.380s][info][gc,phases   ] GC(91) Concurrent Select Relocation Set 1.175ms
[2026-06-18T16:36:50.336+0800][9.381s][info][gc,phases   ] GC(91) Concurrent Prepare Relocation Set 0.014ms
[2026-06-18T16:36:50.338+0800][9.382s][info][gc,phases   ] GC(91) Pause Relocate Start 0.228ms
[2026-06-18T16:36:50.340+0800][9.384s][info][gc,phases   ] GC(91) Concurrent Relocate 1.898ms
[2026-06-18T16:36:50.341+0800][9.385s][info][gc,load     ] GC(91) Load: 0.93/0.43/0.26
[2026-06-18T16:36:50.341+0800][9.386s][info][gc,mmu      ] GC(91) MMU: 2ms/52.9%, 5ms/81.2%, 10ms/85.5%, 20ms/92.1%, 50ms/96.5%, 100ms/97.5%
[2026-06-18T16:36:50.342+0800][9.386s][info][gc,marking  ] GC(91) Mark: 2 stripe(s), 1 proactive flush(es), 1 terminate flush(es), 0 completion(s), 0 continuation(s) 
[2026-06-18T16:36:50.342+0800][9.387s][info][gc,reloc    ] GC(91) Relocation: Successful, 22M relocated
[2026-06-18T16:36:50.343+0800][9.387s][info][gc,nmethod  ] GC(91) NMethods: 23 registered, 0 unregistered
[2026-06-18T16:36:50.344+0800][9.388s][info][gc,metaspace] GC(91) Metaspace: 3M used, 4M capacity, 4M committed, 8M reserved
[2026-06-18T16:36:50.344+0800][9.388s][info][gc,ref      ] GC(91) Soft: 43 encountered, 0 discovered, 0 enqueued
[2026-06-18T16:36:50.344+0800][9.388s][info][gc,ref      ] GC(91) Weak: 7 encountered, 0 discovered, 0 enqueued
[2026-06-18T16:36:50.345+0800][9.389s][info][gc,ref      ] GC(91) Final: 0 encountered, 0 discovered, 0 enqueued
[2026-06-18T16:36:50.345+0800][9.389s][info][gc,ref      ] GC(91) Phantom: 1 encountered, 0 discovered, 0 enqueued
[2026-06-18T16:36:50.345+0800][9.389s][info][gc,heap     ] GC(91)                Mark Start          Mark End        Relocate Start      Relocate End           High               Low         
[2026-06-18T16:36:50.345+0800][9.389s][info][gc,heap     ] GC(91)  Capacity:      256M (100%)        256M (100%)        256M (100%)        256M (100%)        256M (100%)        256M (100%)   
[2026-06-18T16:36:50.345+0800][9.390s][info][gc,heap     ] GC(91)   Reserve:       62M (24%)          62M (24%)          62M (24%)          62M (24%)          62M (24%)          62M (24%)    
[2026-06-18T16:36:50.346+0800][9.390s][info][gc,heap     ] GC(91)      Free:       80M (31%)          76M (30%)         108M (42%)         144M (56%)         144M (56%)          70M (27%)    
[2026-06-18T16:36:50.346+0800][9.390s][info][gc,heap     ] GC(91)      Used:      114M (45%)         118M (46%)          86M (34%)          50M (20%)         124M (48%)          50M (20%)    
[2026-06-18T16:36:50.346+0800][9.390s][info][gc,heap     ] GC(91)      Live:         -                22M (9%)           22M (9%)           22M (9%)             -                  -          
[2026-06-18T16:36:50.346+0800][9.390s][info][gc,heap     ] GC(91) Allocated:         -                 4M (2%)            4M (2%)           50M (20%)            -                  -          
[2026-06-18T16:36:50.347+0800][9.391s][info][gc,heap     ] GC(91)   Garbage:         -                91M (36%)          59M (23%)          19M (8%)             -                  -          
[2026-06-18T16:36:50.347+0800][9.391s][info][gc,heap     ] GC(91) Reclaimed:         -                  -                32M (12%)          72M (28%)            -                  -          
[2026-06-18T16:36:50.347+0800][9.391s][info][gc          ] GC(91) Garbage Collection (Allocation Rate) 114M(45%)->50M(20%)
[2026-06-18T16:36:50.419+0800][9.463s][info][gc,start    ] GC(92) Garbage Collection (Allocation Rate)
[2026-06-18T16:36:50.423+0800][9.467s][info][gc,phases   ] GC(92) Pause Mark Start 0.432ms
[2026-06-18T16:36:50.427+0800][9.471s][info][gc,phases   ] GC(92) Concurrent Mark 2.226ms
[2026-06-18T16:36:50.429+0800][9.473s][info][gc,phases   ] GC(92) Pause Mark End 0.553ms
[2026-06-18T16:36:50.431+0800][9.475s][info][gc,phases   ] GC(92) Concurrent Process Non-Strong References 0.274ms
[2026-06-18T16:36:50.432+0800][9.476s][info][gc,phases   ] GC(92) Concurrent Reset Relocation Set 0.003ms
[2026-06-18T16:36:50.433+0800][9.477s][info][gc,phases   ] GC(92) Concurrent Destroy Detached Pages 0.001ms
[2026-06-18T16:36:50.434+0800][9.478s][info][gc,phases   ] GC(92) Concurrent Select Relocation Set 0.786ms
[2026-06-18T16:36:50.435+0800][9.479s][info][gc,phases   ] GC(92) Concurrent Prepare Relocation Set 0.002ms
[2026-06-18T16:36:50.435+0800][9.480s][info][gc,phases   ] GC(92) Pause Relocate Start 0.189ms
[2026-06-18T16:36:50.436+0800][9.481s][info][gc,phases   ] GC(92) Concurrent Relocate 0.386ms
[2026-06-18T16:36:50.437+0800][9.481s][info][gc,load     ] GC(92) Load: 0.93/0.43/0.26
[2026-06-18T16:36:50.438+0800][9.482s][info][gc,mmu      ] GC(92) MMU: 2ms/52.9%, 5ms/81.2%, 10ms/85.5%, 20ms/92.1%, 50ms/96.5%, 100ms/97.5%
[2026-06-18T16:36:50.438+0800][9.482s][info][gc,marking  ] GC(92) Mark: 2 stripe(s), 2 proactive flush(es), 1 terminate flush(es), 0 completion(s), 0 continuation(s) 
[2026-06-18T16:36:50.438+0800][9.482s][info][gc,reloc    ] GC(92) Relocation: Successful, 24M relocated
[2026-06-18T16:36:50.438+0800][9.483s][info][gc,nmethod  ] GC(92) NMethods: 23 registered, 0 unregistered
[2026-06-18T16:36:50.439+0800][9.483s][info][gc,metaspace] GC(92) Metaspace: 3M used, 4M capacity, 4M committed, 8M reserved
[2026-06-18T16:36:50.439+0800][9.483s][info][gc,ref      ] GC(92) Soft: 43 encountered, 0 discovered, 0 enqueued
[2026-06-18T16:36:50.439+0800][9.483s][info][gc,ref      ] GC(92) Weak: 7 encountered, 2 discovered, 0 enqueued
[2026-06-18T16:36:50.439+0800][9.484s][info][gc,ref      ] GC(92) Final: 0 encountered, 0 discovered, 0 enqueued
[2026-06-18T16:36:50.440+0800][9.484s][info][gc,ref      ] GC(92) Phantom: 1 encountered, 1 discovered, 0 enqueued
[2026-06-18T16:36:50.440+0800][9.484s][info][gc,heap     ] GC(92)                Mark Start          Mark End        Relocate Start      Relocate End           High               Low         
[2026-06-18T16:36:50.440+0800][9.484s][info][gc,heap     ] GC(92)  Capacity:      256M (100%)        256M (100%)        256M (100%)        256M (100%)        256M (100%)        256M (100%)   
[2026-06-18T16:36:50.440+0800][9.484s][info][gc,heap     ] GC(92)   Reserve:       62M (24%)          62M (24%)          62M (24%)          62M (24%)          62M (24%)          62M (24%)    
[2026-06-18T16:36:50.440+0800][9.485s][info][gc,heap     ] GC(92)      Free:      116M (45%)         112M (44%)         140M (55%)         112M (44%)         142M (55%)         108M (42%)    
[2026-06-18T16:36:50.441+0800][9.485s][info][gc,heap     ] GC(92)      Used:       78M (30%)          82M (32%)          54M (21%)          82M (32%)          86M (34%)          52M (20%)    
[2026-06-18T16:36:50.441+0800][9.485s][info][gc,heap     ] GC(92)      Live:         -                28M (11%)          28M (11%)          28M (11%)            -                  -          
[2026-06-18T16:36:50.441+0800][9.485s][info][gc,heap     ] GC(92) Allocated:         -                 4M (2%)            4M (2%)           46M (18%)            -                  -          
[2026-06-18T16:36:50.441+0800][9.485s][info][gc,heap     ] GC(92)   Garbage:         -                49M (19%)          21M (8%)           13M (5%)             -                  -          
[2026-06-18T16:36:50.441+0800][9.486s][info][gc,heap     ] GC(92) Reclaimed:         -                  -                28M (11%)          36M (14%)            -                  -          
[2026-06-18T16:36:50.442+0800][9.486s][info][gc          ] GC(92) Garbage Collection (Allocation Rate) 78M(30%)->82M(32%)
[2026-06-18T16:36:50.518+0800][9.563s][info][gc,start    ] GC(93) Garbage Collection (Allocation Rate)
[2026-06-18T16:36:50.521+0800][9.565s][info][gc,phases   ] GC(93) Pause Mark Start 0.728ms
[2026-06-18T16:36:50.525+0800][9.569s][info][gc,phases   ] GC(93) Concurrent Mark 2.271ms
[2026-06-18T16:36:50.526+0800][9.571s][info][gc,phases   ] GC(93) Pause Mark End 0.318ms
[2026-06-18T16:36:50.527+0800][9.571s][info][gc,phases   ] GC(93) Concurrent Process Non-Strong References 0.109ms
[2026-06-18T16:36:50.528+0800][9.572s][info][gc,phases   ] GC(93) Concurrent Reset Relocation Set 0.002ms
[2026-06-18T16:36:50.529+0800][9.573s][info][gc,phases   ] GC(93) Concurrent Destroy Detached Pages 0.001ms
[2026-06-18T16:36:50.530+0800][9.574s][info][gc,phases   ] GC(93) Concurrent Select Relocation Set 0.443ms
[2026-06-18T16:36:50.530+0800][9.575s][info][gc,phases   ] GC(93) Concurrent Prepare Relocation Set 0.003ms
[2026-06-18T16:36:50.531+0800][9.575s][info][gc,phases   ] GC(93) Pause Relocate Start 0.185ms
[2026-06-18T16:36:50.533+0800][9.577s][info][gc,phases   ] GC(93) Concurrent Relocate 1.629ms
[2026-06-18T16:36:50.534+0800][9.578s][info][gc,load     ] GC(93) Load: 0.93/0.43/0.26
[2026-06-18T16:36:50.534+0800][9.578s][info][gc,mmu      ] GC(93) MMU: 2ms/52.9%, 5ms/81.2%, 10ms/85.5%, 20ms/92.1%, 50ms/96.5%, 100ms/97.5%
[2026-06-18T16:36:50.534+0800][9.579s][info][gc,marking  ] GC(93) Mark: 2 stripe(s), 2 proactive flush(es), 1 terminate flush(es), 0 completion(s), 0 continuation(s) 
[2026-06-18T16:36:50.535+0800][9.579s][info][gc,reloc    ] GC(93) Relocation: Successful, 22M relocated
[2026-06-18T16:36:50.535+0800][9.579s][info][gc,nmethod  ] GC(93) NMethods: 23 registered, 0 unregistered
[2026-06-18T16:36:50.536+0800][9.580s][info][gc,metaspace] GC(93) Metaspace: 3M used, 4M capacity, 4M committed, 8M reserved
[2026-06-18T16:36:50.536+0800][9.580s][info][gc,ref      ] GC(93) Soft: 43 encountered, 0 discovered, 0 enqueued
[2026-06-18T16:36:50.536+0800][9.580s][info][gc,ref      ] GC(93) Weak: 7 encountered, 2 discovered, 0 enqueued
[2026-06-18T16:36:50.536+0800][9.581s][info][gc,ref      ] GC(93) Final: 0 encountered, 0 discovered, 0 enqueued
[2026-06-18T16:36:50.537+0800][9.581s][info][gc,ref      ] GC(93) Phantom: 1 encountered, 1 discovered, 0 enqueued
[2026-06-18T16:36:50.537+0800][9.581s][info][gc,heap     ] GC(93)                Mark Start          Mark End        Relocate Start      Relocate End           High               Low         
[2026-06-18T16:36:50.537+0800][9.581s][info][gc,heap     ] GC(93)  Capacity:      256M (100%)        256M (100%)        256M (100%)        256M (100%)        256M (100%)        256M (100%)   
[2026-06-18T16:36:50.537+0800][9.582s][info][gc,heap     ] GC(93)   Reserve:       62M (24%)          62M (24%)          62M (24%)          62M (24%)          62M (24%)          62M (24%)    
[2026-06-18T16:36:50.538+0800][9.582s][info][gc,heap     ] GC(93)      Free:       84M (33%)          80M (31%)         104M (41%)         144M (56%)         144M (56%)          68M (27%)    
[2026-06-18T16:36:50.538+0800][9.582s][info][gc,heap     ] GC(93)      Used:      110M (43%)         114M (45%)          90M (35%)          50M (20%)         126M (49%)          50M (20%)    
[2026-06-18T16:36:50.538+0800][9.582s][info][gc,heap     ] GC(93)      Live:         -                24M (10%)          24M (10%)          24M (10%)            -                  -          
[2026-06-18T16:36:50.538+0800][9.583s][info][gc,heap     ] GC(93) Allocated:         -                 4M (2%)            4M (2%)           48M (19%)            -                  -          
[2026-06-18T16:36:50.539+0800][9.583s][info][gc,heap     ] GC(93)   Garbage:         -                85M (33%)          61M (24%)          17M (7%)             -                  -          
[2026-06-18T16:36:50.539+0800][9.583s][info][gc,heap     ] GC(93) Reclaimed:         -                  -                24M (9%)           68M (27%)            -                  -          
[2026-06-18T16:36:50.539+0800][9.583s][info][gc          ] GC(93) Garbage Collection (Allocation Rate) 110M(43%)->50M(20%)
[2026-06-18T16:36:50.619+0800][9.663s][info][gc,start    ] GC(94) Garbage Collection (Allocation Rate)
[2026-06-18T16:36:50.623+0800][9.667s][info][gc,phases   ] GC(94) Pause Mark Start 0.741ms
[2026-06-18T16:36:50.626+0800][9.670s][info][gc,phases   ] GC(94) Concurrent Mark 1.821ms
[2026-06-18T16:36:50.628+0800][9.673s][info][gc,phases   ] GC(94) Pause Mark End 0.490ms
[2026-06-18T16:36:50.630+0800][9.674s][info][gc,phases   ] GC(94) Concurrent Process Non-Strong References 0.264ms
[2026-06-18T16:36:50.631+0800][9.675s][info][gc,phases   ] GC(94) Concurrent Reset Relocation Set 0.004ms
[2026-06-18T16:36:50.632+0800][9.676s][info][gc,phases   ] GC(94) Concurrent Destroy Detached Pages 0.001ms
[2026-06-18T16:36:50.633+0800][9.677s][info][gc,phases   ] GC(94) Concurrent Select Relocation Set 0.661ms
[2026-06-18T16:36:50.634+0800][9.678s][info][gc,phases   ] GC(94) Concurrent Prepare Relocation Set 0.001ms
[2026-06-18T16:36:50.635+0800][9.679s][info][gc,phases   ] GC(94) Pause Relocate Start 0.128ms
[2026-06-18T16:36:50.635+0800][9.679s][info][gc,phases   ] GC(94) Concurrent Relocate 0.110ms
[2026-06-18T16:36:50.636+0800][9.680s][info][gc,load     ] GC(94) Load: 0.93/0.43/0.26
[2026-06-18T16:36:50.636+0800][9.680s][info][gc,mmu      ] GC(94) MMU: 2ms/52.9%, 5ms/81.2%, 10ms/85.5%, 20ms/92.1%, 50ms/96.5%, 100ms/97.5%
[2026-06-18T16:36:50.636+0800][9.681s][info][gc,marking  ] GC(94) Mark: 2 stripe(s), 1 proactive flush(es), 1 terminate flush(es), 0 completion(s), 0 continuation(s) 
[2026-06-18T16:36:50.637+0800][9.681s][info][gc,reloc    ] GC(94) Relocation: Successful, 20M relocated
[2026-06-18T16:36:50.637+0800][9.681s][info][gc,nmethod  ] GC(94) NMethods: 23 registered, 0 unregistered
[2026-06-18T16:36:50.637+0800][9.681s][info][gc,metaspace] GC(94) Metaspace: 3M used, 4M capacity, 4M committed, 8M reserved
[2026-06-18T16:36:50.637+0800][9.682s][info][gc,ref      ] GC(94) Soft: 43 encountered, 0 discovered, 0 enqueued
[2026-06-18T16:36:50.638+0800][9.682s][info][gc,ref      ] GC(94) Weak: 7 encountered, 0 discovered, 0 enqueued
[2026-06-18T16:36:50.638+0800][9.682s][info][gc,ref      ] GC(94) Final: 0 encountered, 0 discovered, 0 enqueued
[2026-06-18T16:36:50.638+0800][9.682s][info][gc,ref      ] GC(94) Phantom: 1 encountered, 0 discovered, 0 enqueued
[2026-06-18T16:36:50.638+0800][9.682s][info][gc,heap     ] GC(94)                Mark Start          Mark End        Relocate Start      Relocate End           High               Low         
[2026-06-18T16:36:50.638+0800][9.682s][info][gc,heap     ] GC(94)  Capacity:      256M (100%)        256M (100%)        256M (100%)        256M (100%)        256M (100%)        256M (100%)   
[2026-06-18T16:36:50.638+0800][9.683s][info][gc,heap     ] GC(94)   Reserve:       62M (24%)          62M (24%)          62M (24%)          62M (24%)          62M (24%)          62M (24%)    
[2026-06-18T16:36:50.639+0800][9.683s][info][gc,heap     ] GC(94)      Free:      116M (45%)         110M (43%)         108M (42%)         110M (43%)         116M (45%)          78M (30%)    
[2026-06-18T16:36:50.639+0800][9.684s][info][gc,heap     ] GC(94)      Used:       78M (30%)          84M (33%)          86M (34%)          84M (33%)         116M (45%)          78M (30%)    
[2026-06-18T16:36:50.640+0800][9.684s][info][gc,heap     ] GC(94)      Live:         -                25M (10%)          25M (10%)          25M (10%)            -                  -          
[2026-06-18T16:36:50.640+0800][9.685s][info][gc,heap     ] GC(94) Allocated:         -                 6M (2%)           38M (15%)          44M (17%)            -                  -          
[2026-06-18T16:36:50.641+0800][9.685s][info][gc,heap     ] GC(94)   Garbage:         -                52M (20%)          22M (9%)           20M (8%)             -                  -          
[2026-06-18T16:36:50.641+0800][9.685s][info][gc,heap     ] GC(94) Reclaimed:         -                  -                30M (12%)          32M (12%)            -                  -          
[2026-06-18T16:36:50.641+0800][9.685s][info][gc          ] GC(94) Garbage Collection (Allocation Rate) 78M(30%)->84M(33%)
[2026-06-18T16:36:50.719+0800][9.763s][info][gc,start    ] GC(95) Garbage Collection (Allocation Rate)
[2026-06-18T16:36:50.722+0800][9.767s][info][gc,phases   ] GC(95) Pause Mark Start 0.380ms
[2026-06-18T16:36:50.725+0800][9.770s][info][gc,phases   ] GC(95) Concurrent Mark 2.037ms
[2026-06-18T16:36:50.728+0800][9.772s][info][gc,phases   ] GC(95) Pause Mark End 0.569ms
[2026-06-18T16:36:50.729+0800][9.773s][info][gc,phases   ] GC(95) Concurrent Process Non-Strong References 0.198ms
[2026-06-18T16:36:50.730+0800][9.774s][info][gc,phases   ] GC(95) Concurrent Reset Relocation Set 0.002ms
[2026-06-18T16:36:50.731+0800][9.775s][info][gc,phases   ] GC(95) Concurrent Destroy Detached Pages 0.001ms
[2026-06-18T16:36:50.732+0800][9.776s][info][gc,phases   ] GC(95) Concurrent Select Relocation Set 0.573ms
[2026-06-18T16:36:50.733+0800][9.777s][info][gc,phases   ] GC(95) Concurrent Prepare Relocation Set 0.010ms
[2026-06-18T16:36:50.734+0800][9.778s][info][gc,phases   ] GC(95) Pause Relocate Start 0.182ms
[2026-06-18T16:36:50.736+0800][9.780s][info][gc,phases   ] GC(95) Concurrent Relocate 1.480ms
[2026-06-18T16:36:50.736+0800][9.781s][info][gc,load     ] GC(95) Load: 0.93/0.43/0.26
[2026-06-18T16:36:50.737+0800][9.781s][info][gc,mmu      ] GC(95) MMU: 2ms/52.9%, 5ms/81.2%, 10ms/85.5%, 20ms/92.1%, 50ms/96.5%, 100ms/97.5%
[2026-06-18T16:36:50.737+0800][9.781s][info][gc,marking  ] GC(95) Mark: 2 stripe(s), 1 proactive flush(es), 1 terminate flush(es), 0 completion(s), 0 continuation(s) 
[2026-06-18T16:36:50.737+0800][9.782s][info][gc,reloc    ] GC(95) Relocation: Successful, 22M relocated
[2026-06-18T16:36:50.738+0800][9.782s][info][gc,nmethod  ] GC(95) NMethods: 23 registered, 0 unregistered
[2026-06-18T16:36:50.738+0800][9.782s][info][gc,metaspace] GC(95) Metaspace: 3M used, 4M capacity, 4M committed, 8M reserved
[2026-06-18T16:36:50.738+0800][9.782s][info][gc,ref      ] GC(95) Soft: 43 encountered, 0 discovered, 0 enqueued
[2026-06-18T16:36:50.738+0800][9.783s][info][gc,ref      ] GC(95) Weak: 7 encountered, 0 discovered, 0 enqueued
[2026-06-18T16:36:50.739+0800][9.783s][info][gc,ref      ] GC(95) Final: 0 encountered, 0 discovered, 0 enqueued
[2026-06-18T16:36:50.739+0800][9.783s][info][gc,ref      ] GC(95) Phantom: 1 encountered, 0 discovered, 0 enqueued
[2026-06-18T16:36:50.739+0800][9.784s][info][gc,heap     ] GC(95)                Mark Start          Mark End        Relocate Start      Relocate End           High               Low         
[2026-06-18T16:36:50.740+0800][9.784s][info][gc,heap     ] GC(95)  Capacity:      256M (100%)        256M (100%)        256M (100%)        256M (100%)        256M (100%)        256M (100%)   
[2026-06-18T16:36:50.740+0800][9.784s][info][gc,heap     ] GC(95)   Reserve:       62M (24%)          62M (24%)          62M (24%)          62M (24%)          62M (24%)          62M (24%)    
[2026-06-18T16:36:50.740+0800][9.784s][info][gc,heap     ] GC(95)      Free:       80M (31%)          42M (16%)          70M (27%)         144M (56%)         146M (57%)          42M (16%)    
[2026-06-18T16:36:50.740+0800][9.785s][info][gc,heap     ] GC(95)      Used:      114M (45%)         152M (59%)         124M (48%)          50M (20%)         152M (59%)          48M (19%)    
[2026-06-18T16:36:50.741+0800][9.785s][info][gc,heap     ] GC(95)      Live:         -                22M (9%)           22M (9%)           22M (9%)             -                  -          
[2026-06-18T16:36:50.741+0800][9.785s][info][gc,heap     ] GC(95) Allocated:         -                38M (15%)          38M (15%)          48M (19%)            -                  -          
[2026-06-18T16:36:50.741+0800][9.785s][info][gc,heap     ] GC(95)   Garbage:         -                91M (36%)          63M (25%)    17592186044401M (6         -                  -          
[2026-06-18T16:36:50.741+0800][9.785s][info][gc,heap     ] GC(95) Reclaimed:         -                  -                28M (11%)         106M (41%)            -                  -          
[2026-06-18T16:36:50.741+0800][9.786s][info][gc          ] GC(95) Garbage Collection (Allocation Rate) 114M(45%)->50M(20%)
[2026-06-18T16:36:50.819+0800][9.863s][info][gc,start    ] GC(96) Garbage Collection (Allocation Rate)
[2026-06-18T16:36:50.823+0800][9.867s][info][gc,phases   ] GC(96) Pause Mark Start 0.555ms
[2026-06-18T16:36:50.826+0800][9.871s][info][gc,phases   ] GC(96) Concurrent Mark 1.933ms
[2026-06-18T16:36:50.829+0800][9.873s][info][gc,phases   ] GC(96) Pause Mark End 0.488ms
[2026-06-18T16:36:50.830+0800][9.874s][info][gc,phases   ] GC(96) Concurrent Process Non-Strong References 0.169ms
[2026-06-18T16:36:50.831+0800][9.875s][info][gc,phases   ] GC(96) Concurrent Reset Relocation Set 0.004ms
[2026-06-18T16:36:50.832+0800][9.876s][info][gc,phases   ] GC(96) Concurrent Destroy Detached Pages 0.001ms
[2026-06-18T16:36:50.834+0800][9.878s][info][gc,phases   ] GC(96) Concurrent Select Relocation Set 0.690ms
[2026-06-18T16:36:50.834+0800][9.879s][info][gc,phases   ] GC(96) Concurrent Prepare Relocation Set 0.008ms
[2026-06-18T16:36:50.836+0800][9.880s][info][gc,phases   ] GC(96) Pause Relocate Start 0.151ms
[2026-06-18T16:36:50.837+0800][9.881s][info][gc,phases   ] GC(96) Concurrent Relocate 0.540ms
[2026-06-18T16:36:50.837+0800][9.881s][info][gc,load     ] GC(96) Load: 0.93/0.43/0.26
[2026-06-18T16:36:50.838+0800][9.882s][info][gc,mmu      ] GC(96) MMU: 2ms/52.9%, 5ms/81.2%, 10ms/85.5%, 20ms/92.1%, 50ms/96.5%, 100ms/97.5%
[2026-06-18T16:36:50.838+0800][9.882s][info][gc,marking  ] GC(96) Mark: 2 stripe(s), 1 proactive flush(es), 1 terminate flush(es), 0 completion(s), 0 continuation(s) 
[2026-06-18T16:36:50.839+0800][9.883s][info][gc,reloc    ] GC(96) Relocation: Successful, 19M relocated
[2026-06-18T16:36:50.839+0800][9.883s][info][gc,nmethod  ] GC(96) NMethods: 23 registered, 0 unregistered
[2026-06-18T16:36:50.839+0800][9.883s][info][gc,metaspace] GC(96) Metaspace: 3M used, 4M capacity, 4M committed, 8M reserved
[2026-06-18T16:36:50.840+0800][9.884s][info][gc,ref      ] GC(96) Soft: 43 encountered, 0 discovered, 0 enqueued
[2026-06-18T16:36:50.840+0800][9.884s][info][gc,ref      ] GC(96) Weak: 7 encountered, 2 discovered, 0 enqueued
[2026-06-18T16:36:50.840+0800][9.884s][info][gc,ref      ] GC(96) Final: 0 encountered, 0 discovered, 0 enqueued
[2026-06-18T16:36:50.841+0800][9.885s][info][gc,ref      ] GC(96) Phantom: 1 encountered, 1 discovered, 0 enqueued
[2026-06-18T16:36:50.841+0800][9.885s][info][gc,heap     ] GC(96)                Mark Start          Mark End        Relocate Start      Relocate End           High               Low         
[2026-06-18T16:36:50.841+0800][9.885s][info][gc,heap     ] GC(96)  Capacity:      256M (100%)        256M (100%)        256M (100%)        256M (100%)        256M (100%)        256M (100%)   
[2026-06-18T16:36:50.841+0800][9.885s][info][gc,heap     ] GC(96)   Reserve:       62M (24%)          62M (24%)          62M (24%)          62M (24%)          62M (24%)          62M (24%)    
[2026-06-18T16:36:50.841+0800][9.886s][info][gc,heap     ] GC(96)      Free:      112M (44%)         112M (44%)         136M (53%)         146M (57%)         146M (57%)         108M (42%)    
[2026-06-18T16:36:50.842+0800][9.886s][info][gc,heap     ] GC(96)      Used:       82M (32%)          82M (32%)          58M (23%)          48M (19%)          86M (34%)          48M (19%)    
[2026-06-18T16:36:50.842+0800][9.886s][info][gc,heap     ] GC(96)      Live:         -                19M (8%)           19M (8%)           19M (8%)             -                  -          
[2026-06-18T16:36:50.842+0800][9.886s][info][gc,heap     ] GC(96) Allocated:         -                 0M (0%)            4M (2%)           12M (5%)             -                  -          
[2026-06-18T16:36:50.842+0800][9.886s][info][gc,heap     ] GC(96)   Garbage:         -                62M (24%)          34M (13%)          24M (9%)             -                  -          
[2026-06-18T16:36:50.842+0800][9.886s][info][gc,heap     ] GC(96) Reclaimed:         -                  -                28M (11%)          38M (15%)            -                  -          
[2026-06-18T16:36:50.842+0800][9.887s][info][gc          ] GC(96) Garbage Collection (Allocation Rate) 82M(32%)->48M(19%)
[2026-06-18T16:36:50.918+0800][9.962s][info][gc,start    ] GC(97) Garbage Collection (Allocation Rate)
[2026-06-18T16:36:50.921+0800][9.965s][info][gc,phases   ] GC(97) Pause Mark Start 0.445ms
[2026-06-18T16:36:50.925+0800][9.969s][info][gc,phases   ] GC(97) Concurrent Mark 2.271ms
[2026-06-18T16:36:50.928+0800][9.972s][info][gc,phases   ] GC(97) Pause Mark End 0.901ms
[2026-06-18T16:36:50.929+0800][9.973s][info][gc,phases   ] GC(97) Concurrent Process Non-Strong References 0.232ms
[2026-06-18T16:36:50.930+0800][9.974s][info][gc,phases   ] GC(97) Concurrent Reset Relocation Set 0.004ms
[2026-06-18T16:36:50.931+0800][9.975s][info][gc,phases   ] GC(97) Concurrent Destroy Detached Pages 0.001ms
[2026-06-18T16:36:50.932+0800][9.976s][info][gc,phases   ] GC(97) Concurrent Select Relocation Set 0.824ms
[2026-06-18T16:36:50.933+0800][9.977s][info][gc,phases   ] GC(97) Concurrent Prepare Relocation Set 0.007ms
[2026-06-18T16:36:50.933+0800][9.978s][info][gc,phases   ] GC(97) Pause Relocate Start 0.204ms
[2026-06-18T16:36:50.936+0800][9.980s][info][gc,phases   ] GC(97) Concurrent Relocate 1.497ms
[2026-06-18T16:36:50.936+0800][9.980s][info][gc,load     ] GC(97) Load: 0.93/0.43/0.26
[2026-06-18T16:36:50.937+0800][9.981s][info][gc,mmu      ] GC(97) MMU: 2ms/52.9%, 5ms/81.2%, 10ms/85.5%, 20ms/92.1%, 50ms/96.5%, 100ms/97.5%
[2026-06-18T16:36:50.937+0800][9.981s][info][gc,marking  ] GC(97) Mark: 2 stripe(s), 1 proactive flush(es), 1 terminate flush(es), 0 completion(s), 0 continuation(s) 
[2026-06-18T16:36:50.937+0800][9.981s][info][gc,reloc    ] GC(97) Relocation: Successful, 22M relocated
[2026-06-18T16:36:50.937+0800][9.982s][info][gc,nmethod  ] GC(97) NMethods: 23 registered, 0 unregistered
[2026-06-18T16:36:50.938+0800][9.982s][info][gc,metaspace] GC(97) Metaspace: 3M used, 4M capacity, 4M committed, 8M reserved
[2026-06-18T16:36:50.938+0800][9.982s][info][gc,ref      ] GC(97) Soft: 43 encountered, 0 discovered, 0 enqueued
[2026-06-18T16:36:50.938+0800][9.982s][info][gc,ref      ] GC(97) Weak: 7 encountered, 0 discovered, 0 enqueued
[2026-06-18T16:36:50.938+0800][9.982s][info][gc,ref      ] GC(97) Final: 0 encountered, 0 discovered, 0 enqueued
[2026-06-18T16:36:50.938+0800][9.983s][info][gc,ref      ] GC(97) Phantom: 1 encountered, 0 discovered, 0 enqueued
[2026-06-18T16:36:50.939+0800][9.983s][info][gc,heap     ] GC(97)                Mark Start          Mark End        Relocate Start      Relocate End           High               Low         
[2026-06-18T16:36:50.939+0800][9.983s][info][gc,heap     ] GC(97)  Capacity:      256M (100%)        256M (100%)        256M (100%)        256M (100%)        256M (100%)        256M (100%)   
[2026-06-18T16:36:50.939+0800][9.983s][info][gc,heap     ] GC(97)   Reserve:       62M (24%)          62M (24%)          62M (24%)          62M (24%)          62M (24%)          62M (24%)    
[2026-06-18T16:36:50.939+0800][9.983s][info][gc,heap     ] GC(97)      Free:       84M (33%)          80M (31%)         106M (41%)         144M (56%)         144M (56%)          68M (27%)    
[2026-06-18T16:36:50.939+0800][9.984s][info][gc,heap     ] GC(97)      Used:      110M (43%)         114M (45%)          88M (34%)          50M (20%)         126M (49%)          50M (20%)    
[2026-06-18T16:36:50.940+0800][9.984s][info][gc,heap     ] GC(97)      Live:         -                25M (10%)          25M (10%)          25M (10%)            -                  -          
[2026-06-18T16:36:50.940+0800][9.984s][info][gc,heap     ] GC(97) Allocated:         -                 4M (2%)            4M (2%)           46M (18%)            -                  -          
[2026-06-18T16:36:50.940+0800][9.984s][info][gc,heap     ] GC(97)   Garbage:         -                84M (33%)          58M (23%)          20M (8%)             -                  -          
[2026-06-18T16:36:50.940+0800][9.985s][info][gc,heap     ] GC(97) Reclaimed:         -                  -                26M (10%)          64M (25%)            -                  -          
[2026-06-18T16:36:50.940+0800][9.985s][info][gc          ] GC(97) Garbage Collection (Allocation Rate) 110M(43%)->50M(20%)
[2026-06-18T16:36:51.018+0800][10.063s][info][gc,start    ] GC(98) Garbage Collection (Allocation Rate)
[2026-06-18T16:36:51.019+0800][10.063s][info][gc,stats    ] === Garbage Collection Statistics =======================================================================================================================
[2026-06-18T16:36:51.024+0800][10.068s][info][gc,stats    ]                                                              Last 10s              Last 10m              Last 10h                Total
[2026-06-18T16:36:51.025+0800][10.069s][info][gc,stats    ]                                                              Avg / Max             Avg / Max             Avg / Max             Avg / Max
[2026-06-18T16:36:51.026+0800][10.070s][info][gc,stats    ]   Collector: Garbage Collection Cycle                     24.391 / 51.723       24.391 / 51.723       24.391 / 51.723       24.391 / 51.723      ms
[2026-06-18T16:36:51.027+0800][10.071s][info][gc,stats    ]  Contention: Mark Segment Reset Contention                     1 / 4                 1 / 4                 1 / 4                 1 / 4           ops/s
[2026-06-18T16:36:51.028+0800][10.072s][info][gc,stats    ]  Contention: Mark SeqNum Reset Contention                      0 / 0                 0 / 0                 0 / 0                 0 / 0           ops/s
[2026-06-18T16:36:51.029+0800][10.073s][info][gc,stats    ]  Contention: Relocation Contention                             3 / 8                 3 / 8                 3 / 8                 3 / 8           ops/s
[2026-06-18T16:36:51.029+0800][10.073s][info][gc,stats    ]    Critical: Allocation Stall                              0.000 / 0.000         0.000 / 0.000         0.000 / 0.000         0.000 / 0.000       ms
[2026-06-18T16:36:51.030+0800][10.074s][info][gc,stats    ]    Critical: Allocation Stall                                  0 / 0                 0 / 0                 0 / 0                 0 / 0           ops/s
[2026-06-18T16:36:51.030+0800][10.074s][info][gc,stats    ]    Critical: GC Locker Stall                               0.000 / 0.000         0.000 / 0.000         0.000 / 0.000         0.000 / 0.000       ms
[2026-06-18T16:36:51.031+0800][10.075s][info][gc,stats    ]    Critical: GC Locker Stall                                   0 / 0                 0 / 0                 0 / 0                 0 / 0           ops/s
[2026-06-18T16:36:51.031+0800][10.075s][info][gc,stats    ]      Memory: Allocation Rate                                 588 / 642             588 / 642             588 / 642             588 / 642         MB/s
[2026-06-18T16:36:51.032+0800][10.076s][info][gc,stats    ]      Memory: Heap Used After Mark                            103 / 156             103 / 156             103 / 156             103 / 156         MB
[2026-06-18T16:36:51.032+0800][10.076s][info][gc,stats    ]      Memory: Heap Used After Relocation                       62 / 92               62 / 92               62 / 92               62 / 92          MB
[2026-06-18T16:36:51.022+0800][10.067s][info][gc,phases   ] GC(98) Pause Mark Start 0.592ms
[2026-06-18T16:36:51.032+0800][10.076s][info][gc,stats    ]      Memory: Heap Used Before Mark                            95 / 144              95 / 144              95 / 144              95 / 144         MB
[2026-06-18T16:36:51.033+0800][10.077s][info][gc,stats    ]      Memory: Heap Used Before Relocation                      90 / 132              90 / 132              90 / 132              90 / 132         MB
[2026-06-18T16:36:51.033+0800][10.078s][info][gc,stats    ]      Memory: Out Of Memory                                     0 / 0                 0 / 0                 0 / 0                 0 / 0           ops/s
[2026-06-18T16:36:51.034+0800][10.078s][info][gc,stats    ]      Memory: Page Cache Flush                                  3 / 32                3 / 32                3 / 32                3 / 32          MB/s
[2026-06-18T16:36:51.034+0800][10.078s][info][gc,stats    ]      Memory: Page Cache Hit L1                               219 / 237             219 / 237             219 / 237             219 / 237         ops/s
[2026-06-18T16:36:51.034+0800][10.078s][info][gc,phases   ] GC(98) Concurrent Mark 1.534ms
[2026-06-18T16:36:51.034+0800][10.078s][info][gc,stats    ]      Memory: Page Cache Hit L2                                 0 / 0                 0 / 0                 0 / 0                 0 / 0           ops/s
[2026-06-18T16:36:51.035+0800][10.080s][info][gc,stats    ]      Memory: Page Cache Miss                                   5 / 32                5 / 32                5 / 32                5 / 32          ops/s
[2026-06-18T16:36:51.036+0800][10.080s][info][gc,stats    ]      Memory: Undo Object Allocation Failed                     0 / 4                 0 / 4                 0 / 4                 0 / 4           ops/s
[2026-06-18T16:36:51.035+0800][10.079s][info][gc,phases   ] GC(98) Pause Mark End 0.255ms
[2026-06-18T16:36:51.036+0800][10.080s][info][gc,stats    ]      Memory: Undo Object Allocation Succeeded                  3 / 6                 3 / 6                 3 / 6                 3 / 6           ops/s
[2026-06-18T16:36:51.036+0800][10.081s][info][gc,phases   ] GC(98) Concurrent Process Non-Strong References 0.073ms
[2026-06-18T16:36:51.037+0800][10.081s][info][gc,stats    ]      Memory: Undo Page Allocation                              0 / 1                 0 / 1                 0 / 1                 0 / 1           ops/s
[2026-06-18T16:36:51.037+0800][10.081s][info][gc,stats    ]       Phase: Concurrent Destroy Detached Pages             0.001 / 0.005         0.001 / 0.005         0.001 / 0.005         0.001 / 0.005       ms
[2026-06-18T16:36:51.037+0800][10.081s][info][gc,phases   ] GC(98) Concurrent Reset Relocation Set 0.002ms
[2026-06-18T16:36:51.037+0800][10.081s][info][gc,stats    ]       Phase: Concurrent Mark                               1.762 / 3.059         1.762 / 3.059         1.762 / 3.059         1.762 / 3.059       ms
[2026-06-18T16:36:51.038+0800][10.082s][info][gc,stats    ]       Phase: Concurrent Mark Continue                      0.000 / 0.000         0.000 / 0.000         0.000 / 0.000         0.000 / 0.000       ms
[2026-06-18T16:36:51.037+0800][10.082s][info][gc,phases   ] GC(98) Concurrent Destroy Detached Pages 0.001ms
[2026-06-18T16:36:51.038+0800][10.082s][info][gc,stats    ]       Phase: Concurrent Prepare Relocation Set             0.013 / 0.169         0.013 / 0.169         0.013 / 0.169         0.013 / 0.169       ms
[2026-06-18T16:36:51.038+0800][10.082s][info][gc,stats    ]       Phase: Concurrent Process Non-Strong References      0.184 / 0.816         0.184 / 0.816         0.184 / 0.816         0.184 / 0.816       ms
[2026-06-18T16:36:51.038+0800][10.083s][info][gc,phases   ] GC(98) Concurrent Select Relocation Set 0.451ms
[2026-06-18T16:36:51.038+0800][10.083s][info][gc,stats    ]       Phase: Concurrent Relocate                           1.075 / 2.882         1.075 / 2.882         1.075 / 2.882         1.075 / 2.882       ms
[2026-06-18T16:36:51.039+0800][10.083s][info][gc,phases   ] GC(98) Concurrent Prepare Relocation Set 0.003ms
[2026-06-18T16:36:51.039+0800][10.083s][info][gc,stats    ]       Phase: Concurrent Reset Relocation Set               0.003 / 0.037         0.003 / 0.037         0.003 / 0.037         0.003 / 0.037       ms
[2026-06-18T16:36:51.039+0800][10.084s][info][gc,phases   ] GC(98) Pause Relocate Start 0.116ms
[2026-06-18T16:36:51.040+0800][10.084s][info][gc,stats    ]       Phase: Concurrent Select Relocation Set              0.824 / 3.293         0.824 / 3.293         0.824 / 3.293         0.824 / 3.293       ms
[2026-06-18T16:36:51.040+0800][10.085s][info][gc,phases   ] GC(98) Concurrent Relocate 0.250ms
[2026-06-18T16:36:51.041+0800][10.085s][info][gc,load     ] GC(98) Load: 0.93/0.43/0.26
[2026-06-18T16:36:51.041+0800][10.085s][info][gc,mmu      ] GC(98) MMU: 2ms/52.9%, 5ms/81.2%, 10ms/85.5%, 20ms/92.1%, 50ms/96.5%, 100ms/97.5%
[2026-06-18T16:36:51.040+0800][10.085s][info][gc,stats    ]       Phase: Pause Mark End                                0.430 / 0.942         0.430 / 0.942         0.430 / 0.942         0.430 / 0.942       ms
[2026-06-18T16:36:51.041+0800][10.086s][info][gc,marking  ] GC(98) Mark: 2 stripe(s), 2 proactive flush(es), 1 terminate flush(es), 0 completion(s), 0 continuation(s) 
[2026-06-18T16:36:51.042+0800][10.086s][info][gc,stats    ]       Phase: Pause Mark Start                              0.374 / 0.801         0.374 / 0.801         0.374 / 0.801         0.374 / 0.801       ms
[2026-06-18T16:36:51.042+0800][10.086s][info][gc,stats    ]       Phase: Pause Relocate Start                          0.246 / 0.528         0.246 / 0.528         0.246 / 0.528         0.246 / 0.528       ms
[2026-06-18T16:36:51.042+0800][10.086s][info][gc,stats    ]    Subphase: Concurrent Mark                               1.241 / 2.860         1.241 / 2.860         1.241 / 2.860         1.241 / 2.860       ms
[2026-06-18T16:36:51.042+0800][10.087s][info][gc,stats    ]    Subphase: Concurrent Mark Idle                          1.149 / 1.388         1.149 / 1.388         1.149 / 1.388         1.149 / 1.388       ms
[2026-06-18T16:36:51.042+0800][10.086s][info][gc,reloc    ] GC(98) Relocation: Successful, 22M relocated
[2026-06-18T16:36:51.043+0800][10.087s][info][gc,nmethod  ] GC(98) NMethods: 23 registered, 0 unregistered
[2026-06-18T16:36:51.043+0800][10.087s][info][gc,stats    ]    Subphase: Concurrent Mark Try Flush                     0.089 / 0.491         0.089 / 0.491         0.089 / 0.491         0.089 / 0.491       ms
[2026-06-18T16:36:51.043+0800][10.087s][info][gc,metaspace] GC(98) Metaspace: 3M used, 4M capacity, 4M committed, 8M reserved
[2026-06-18T16:36:51.043+0800][10.088s][info][gc,stats    ]    Subphase: Concurrent Mark Try Terminate                 0.670 / 1.389         0.670 / 1.389         0.670 / 1.389         0.670 / 1.389       ms
[2026-06-18T16:36:51.044+0800][10.088s][info][gc,ref      ] GC(98) Soft: 43 encountered, 0 discovered, 0 enqueued
[2026-06-18T16:36:51.044+0800][10.088s][info][gc,stats    ]    Subphase: Concurrent References Enqueue                 0.000 / 0.001         0.000 / 0.001         0.000 / 0.001         0.000 / 0.001       ms
[2026-06-18T16:36:51.044+0800][10.089s][info][gc,stats    ]    Subphase: Concurrent References Process                 0.080 / 0.413         0.080 / 0.413         0.080 / 0.413         0.080 / 0.413       ms
[2026-06-18T16:36:51.044+0800][10.088s][info][gc,ref      ] GC(98) Weak: 7 encountered, 0 discovered, 0 enqueued
[2026-06-18T16:36:51.045+0800][10.089s][info][gc,stats    ]    Subphase: Concurrent Weak Roots                         0.015 / 0.117         0.015 / 0.117         0.015 / 0.117         0.015 / 0.117       ms
[2026-06-18T16:36:51.045+0800][10.089s][info][gc,stats    ]    Subphase: Concurrent Weak Roots JNIWeakHandles          0.000 / 0.001         0.000 / 0.001         0.000 / 0.001         0.000 / 0.001       ms
[2026-06-18T16:36:51.045+0800][10.089s][info][gc,ref      ] GC(98) Final: 0 encountered, 0 discovered, 0 enqueued
[2026-06-18T16:36:51.045+0800][10.089s][info][gc,stats    ]    Subphase: Concurrent Weak Roots StringTable             0.023 / 0.114         0.023 / 0.114         0.023 / 0.114         0.023 / 0.114       ms
[2026-06-18T16:36:51.045+0800][10.090s][info][gc,ref      ] GC(98) Phantom: 1 encountered, 0 discovered, 0 enqueued
[2026-06-18T16:36:51.046+0800][10.090s][info][gc,stats    ]    Subphase: Concurrent Weak Roots VMWeakHandles           0.002 / 0.006         0.002 / 0.006         0.002 / 0.006         0.002 / 0.006       ms
[2026-06-18T16:36:51.046+0800][10.090s][info][gc,stats    ]    Subphase: Pause Mark Try Complete                       0.000 / 0.000         0.000 / 0.000         0.000 / 0.000         0.000 / 0.000       ms
[2026-06-18T16:36:51.046+0800][10.090s][info][gc,heap     ] GC(98)                Mark Start          Mark End        Relocate Start      Relocate End           High               Low         
[2026-06-18T16:36:51.046+0800][10.090s][info][gc,stats    ]    Subphase: Pause Remap TLABS                             0.001 / 0.002         0.001 / 0.002         0.001 / 0.002         0.001 / 0.002       ms
[2026-06-18T16:36:51.047+0800][10.091s][info][gc,stats    ]    Subphase: Pause Retire TLABS                            0.007 / 0.040         0.007 / 0.040         0.007 / 0.040         0.007 / 0.040       ms
[2026-06-18T16:36:51.047+0800][10.091s][info][gc,stats    ]    Subphase: Pause Roots                                   0.005 / 0.215         0.005 / 0.215         0.005 / 0.215         0.005 / 0.215       ms
[2026-06-18T16:36:51.046+0800][10.091s][info][gc,heap     ] GC(98)  Capacity:      256M (100%)        256M (100%)        256M (100%)        256M (100%)        256M (100%)        256M (100%)   
[2026-06-18T16:36:51.047+0800][10.092s][info][gc,stats    ]    Subphase: Pause Roots ClassLoaderDataGraph              0.020 / 0.167         0.020 / 0.167         0.020 / 0.167         0.020 / 0.167       ms
[2026-06-18T16:36:51.048+0800][10.092s][info][gc,stats    ]    Subphase: Pause Roots CodeCache                         0.008 / 0.148         0.008 / 0.148         0.008 / 0.148         0.008 / 0.148       ms
[2026-06-18T16:36:51.048+0800][10.092s][info][gc,heap     ] GC(98)   Reserve:       62M (24%)          62M (24%)          62M (24%)          62M (24%)          62M (24%)          62M (24%)    
[2026-06-18T16:36:51.048+0800][10.092s][info][gc,stats    ]    Subphase: Pause Roots JNIHandles                        0.002 / 0.017         0.002 / 0.017         0.002 / 0.017         0.002 / 0.017       ms
[2026-06-18T16:36:51.048+0800][10.093s][info][gc,heap     ] GC(98)      Free:      110M (43%)         106M (41%)         138M (54%)         148M (58%)         148M (58%)         106M (41%)    
[2026-06-18T16:36:51.049+0800][10.093s][info][gc,stats    ]    Subphase: Pause Roots JNIWeakHandles                    0.000 / 0.000         0.000 / 0.000         0.000 / 0.000         0.000 / 0.000       ms
[2026-06-18T16:36:51.049+0800][10.093s][info][gc,stats    ]    Subphase: Pause Roots JRFWeak                           0.000 / 0.000         0.000 / 0.000         0.000 / 0.000         0.000 / 0.000       ms
[2026-06-18T16:36:51.049+0800][10.093s][info][gc,heap     ] GC(98)      Used:       84M (33%)          88M (34%)          56M (22%)          46M (18%)          88M (34%)          46M (18%)    
[2026-06-18T16:36:51.049+0800][10.093s][info][gc,stats    ]    Subphase: Pause Roots JVMTIExport                       0.001 / 0.005         0.001 / 0.005         0.001 / 0.005         0.001 / 0.005       ms
[2026-06-18T16:36:51.050+0800][10.094s][info][gc,heap     ] GC(98)      Live:         -                24M (10%)          24M (10%)          24M (10%)            -                  -          
[2026-06-18T16:36:51.056+0800][10.100s][info][gc,heap     ] GC(98) Allocated:         -                 4M (2%)            4M (2%)           10M (4%)             -                  -          
[2026-06-18T16:36:51.054+0800][10.098s][info][gc,stats    ]    Subphase: Pause Roots JVMTIWeakExport                   0.000 / 0.001         0.000 / 0.001         0.000 / 0.001         0.000 / 0.001       ms
[2026-06-18T16:36:51.059+0800][10.103s][info][gc,stats    ]    Subphase: Pause Roots Management                        0.002 / 0.003         0.002 / 0.003         0.002 / 0.003         0.002 / 0.003       ms
[2026-06-18T16:36:51.060+0800][10.104s][info][gc,stats    ]    Subphase: Pause Roots ObjectSynchronizer                0.000 / 0.001         0.000 / 0.001         0.000 / 0.001         0.000 / 0.001       ms
[2026-06-18T16:36:51.063+0800][10.107s][info][gc,stats    ]    Subphase: Pause Roots Setup                             0.001 / 0.009         0.001 / 0.009         0.001 / 0.009         0.001 / 0.009       ms
[2026-06-18T16:36:51.057+0800][10.101s][info][gc,heap     ] GC(98)   Garbage:         -                59M (23%)          27M (11%)          17M (7%)             -                  -          
[2026-06-18T16:36:51.065+0800][10.109s][info][gc,stats    ]    Subphase: Pause Roots StringTable                       0.000 / 0.000         0.000 / 0.000         0.000 / 0.000         0.000 / 0.000       ms
[2026-06-18T16:36:51.066+0800][10.110s][info][gc,heap     ] GC(98) Reclaimed:         -                  -                32M (12%)          42M (16%)            -                  -          
[2026-06-18T16:36:51.068+0800][10.112s][info][gc,stats    ]    Subphase: Pause Roots SystemDictionary                  0.002 / 0.007         0.002 / 0.007         0.002 / 0.007         0.002 / 0.007       ms
[2026-06-18T16:36:51.074+0800][10.118s][info][gc,stats    ]    Subphase: Pause Roots Teardown                          0.001 / 0.009         0.001 / 0.009         0.001 / 0.009         0.001 / 0.009       ms
[2026-06-18T16:36:51.077+0800][10.121s][info][gc,stats    ]    Subphase: Pause Roots Threads                           0.019 / 0.147         0.019 / 0.147         0.019 / 0.147         0.019 / 0.147       ms
[2026-06-18T16:36:51.078+0800][10.122s][info][gc,stats    ]    Subphase: Pause Roots Universe                          0.005 / 0.038         0.005 / 0.038         0.005 / 0.038         0.005 / 0.038       ms
[2026-06-18T16:36:51.079+0800][10.123s][info][gc,stats    ]    Subphase: Pause Roots VMWeakHandles                     0.000 / 0.000         0.000 / 0.000         0.000 / 0.000         0.000 / 0.000       ms
[2026-06-18T16:36:51.079+0800][10.123s][info][gc,stats    ]    Subphase: Pause Weak Roots                              0.000 / 0.014         0.000 / 0.014         0.000 / 0.014         0.000 / 0.014       ms
[2026-06-18T16:36:51.079+0800][10.124s][info][gc,stats    ]    Subphase: Pause Weak Roots JFRWeak                      0.001 / 0.001         0.001 / 0.001         0.001 / 0.001         0.001 / 0.001       ms
[2026-06-18T16:36:51.080+0800][10.124s][info][gc,stats    ]    Subphase: Pause Weak Roots JNIWeakHandles               0.000 / 0.000         0.000 / 0.000         0.000 / 0.000         0.000 / 0.000       ms
[2026-06-18T16:36:51.080+0800][10.124s][info][gc,stats    ]    Subphase: Pause Weak Roots JVMTIWeakExport              0.001 / 0.008         0.001 / 0.008         0.001 / 0.008         0.001 / 0.008       ms
[2026-06-18T16:36:51.081+0800][10.125s][info][gc,stats    ]    Subphase: Pause Weak Roots Setup                        0.000 / 0.000         0.000 / 0.000         0.000 / 0.000         0.000 / 0.000       ms
[2026-06-18T16:36:51.071+0800][10.115s][info][gc          ] GC(98) Garbage Collection (Allocation Rate) 84M(33%)->46M(18%)
[2026-06-18T16:36:51.081+0800][10.125s][info][gc,stats    ]    Subphase: Pause Weak Roots StringTable                  0.000 / 0.000         0.000 / 0.000         0.000 / 0.000         0.000 / 0.000       ms
[2026-06-18T16:36:51.082+0800][10.126s][info][gc,stats    ]    Subphase: Pause Weak Roots SymbolTable                  0.000 / 0.000         0.000 / 0.000         0.000 / 0.000         0.000 / 0.000       ms
[2026-06-18T16:36:51.082+0800][10.126s][info][gc,stats    ]    Subphase: Pause Weak Roots Teardown                     0.001 / 0.002         0.001 / 0.002         0.001 / 0.002         0.001 / 0.002       ms
[2026-06-18T16:36:51.082+0800][10.127s][info][gc,stats    ]    Subphase: Pause Weak Roots VMWeakHandles                0.000 / 0.000         0.000 / 0.000         0.000 / 0.000         0.000 / 0.000       ms
[2026-06-18T16:36:51.083+0800][10.127s][info][gc,stats    ]      System: Java Threads                                     10 / 11               10 / 11               10 / 11               10 / 11          threads
[2026-06-18T16:36:51.083+0800][10.127s][info][gc,stats    ] =========================================================================================================================================================
[2026-06-18T16:36:51.119+0800][10.163s][info][gc,start    ] GC(99) Garbage Collection (Allocation Rate)
[2026-06-18T16:36:51.121+0800][10.165s][info][gc,phases   ] GC(99) Pause Mark Start 0.438ms
[2026-06-18T16:36:51.124+0800][10.169s][info][gc,phases   ] GC(99) Concurrent Mark 1.786ms
[2026-06-18T16:36:51.126+0800][10.170s][info][gc,phases   ] GC(99) Pause Mark End 0.497ms
[2026-06-18T16:36:51.127+0800][10.171s][info][gc,phases   ] GC(99) Concurrent Process Non-Strong References 0.186ms
[2026-06-18T16:36:51.128+0800][10.172s][info][gc,phases   ] GC(99) Concurrent Reset Relocation Set 0.004ms
[2026-06-18T16:36:51.129+0800][10.173s][info][gc,phases   ] GC(99) Concurrent Destroy Detached Pages 0.001ms
[2026-06-18T16:36:51.130+0800][10.174s][info][gc,phases   ] GC(99) Concurrent Select Relocation Set 0.775ms
[2026-06-18T16:36:51.130+0800][10.175s][info][gc,phases   ] GC(99) Concurrent Prepare Relocation Set 0.010ms
[2026-06-18T16:36:51.131+0800][10.175s][info][gc,phases   ] GC(99) Pause Relocate Start 0.165ms
[2026-06-18T16:36:51.133+0800][10.177s][info][gc,phases   ] GC(99) Concurrent Relocate 1.421ms
[2026-06-18T16:36:51.134+0800][10.178s][info][gc,load     ] GC(99) Load: 0.93/0.43/0.26
[2026-06-18T16:36:51.134+0800][10.178s][info][gc,mmu      ] GC(99) MMU: 2ms/52.9%, 5ms/81.2%, 10ms/85.5%, 20ms/92.1%, 50ms/96.5%, 100ms/97.5%
[2026-06-18T16:36:51.135+0800][10.179s][info][gc,marking  ] GC(99) Mark: 2 stripe(s), 1 proactive flush(es), 1 terminate flush(es), 0 completion(s), 0 continuation(s) 
[2026-06-18T16:36:51.135+0800][10.179s][info][gc,reloc    ] GC(99) Relocation: Successful, 22M relocated
[2026-06-18T16:36:51.135+0800][10.180s][info][gc,nmethod  ] GC(99) NMethods: 23 registered, 0 unregistered
[2026-06-18T16:36:51.136+0800][10.180s][info][gc,metaspace] GC(99) Metaspace: 3M used, 4M capacity, 4M committed, 8M reserved
[2026-06-18T16:36:51.136+0800][10.180s][info][gc,ref      ] GC(99) Soft: 43 encountered, 0 discovered, 0 enqueued
[2026-06-18T16:36:51.136+0800][10.180s][info][gc,ref      ] GC(99) Weak: 7 encountered, 0 discovered, 0 enqueued
[2026-06-18T16:36:51.136+0800][10.181s][info][gc,ref      ] GC(99) Final: 0 encountered, 0 discovered, 0 enqueued
[2026-06-18T16:36:51.136+0800][10.181s][info][gc,ref      ] GC(99) Phantom: 1 encountered, 1 discovered, 0 enqueued
[2026-06-18T16:36:51.137+0800][10.181s][info][gc,heap     ] GC(99)                Mark Start          Mark End        Relocate Start      Relocate End           High               Low         
[2026-06-18T16:36:51.137+0800][10.181s][info][gc,heap     ] GC(99)  Capacity:      256M (100%)        256M (100%)        256M (100%)        256M (100%)        256M (100%)        256M (100%)   
[2026-06-18T16:36:51.137+0800][10.181s][info][gc,heap     ] GC(99)   Reserve:       62M (24%)          62M (24%)          62M (24%)          62M (24%)          62M (24%)          62M (24%)    
[2026-06-18T16:36:51.137+0800][10.181s][info][gc,heap     ] GC(99)      Free:       84M (33%)          84M (33%)         112M (44%)         152M (59%)         152M (59%)          78M (30%)    
[2026-06-18T16:36:51.137+0800][10.182s][info][gc,heap     ] GC(99)      Used:      110M (43%)         110M (43%)          82M (32%)          42M (16%)         116M (45%)          42M (16%)    
[2026-06-18T16:36:51.138+0800][10.182s][info][gc,heap     ] GC(99)      Live:         -                22M (9%)           22M (9%)           22M (9%)             -                  -          
[2026-06-18T16:36:51.138+0800][10.182s][info][gc,heap     ] GC(99) Allocated:         -                 0M (0%)            4M (2%)           40M (16%)            -                  -          
[2026-06-18T16:36:51.138+0800][10.182s][info][gc,heap     ] GC(99)   Garbage:         -                87M (34%)          55M (22%)          15M (6%)             -                  -          
[2026-06-18T16:36:51.139+0800][10.183s][info][gc,heap     ] GC(99) Reclaimed:         -                  -                32M (12%)          72M (28%)            -                  -          
[2026-06-18T16:36:51.139+0800][10.183s][info][gc          ] GC(99) Garbage Collection (Allocation Rate) 110M(43%)->42M(16%)
[2026-06-18T16:36:51.219+0800][10.263s][info][gc,start    ] GC(100) Garbage Collection (Allocation Rate)
[2026-06-18T16:36:51.222+0800][10.267s][info][gc,phases   ] GC(100) Pause Mark Start 0.437ms
[2026-06-18T16:36:51.231+0800][10.275s][info][gc,phases   ] GC(100) Concurrent Mark 1.637ms
[2026-06-18T16:36:51.239+0800][10.284s][info][gc,phases   ] GC(100) Pause Mark End 0.415ms
[2026-06-18T16:36:51.241+0800][10.285s][info][gc,phases   ] GC(100) Concurrent Process Non-Strong References 0.142ms
[2026-06-18T16:36:51.248+0800][10.292s][info][gc,phases   ] GC(100) Concurrent Reset Relocation Set 0.009ms
[2026-06-18T16:36:51.249+0800][10.294s][info][gc,phases   ] GC(100) Concurrent Destroy Detached Pages 0.001ms
[2026-06-18T16:36:51.252+0800][10.296s][info][gc,phases   ] GC(100) Concurrent Select Relocation Set 1.346ms
[2026-06-18T16:36:51.254+0800][10.298s][info][gc,phases   ] GC(100) Concurrent Prepare Relocation Set 0.005ms
[2026-06-18T16:36:51.256+0800][10.300s][info][gc,phases   ] GC(100) Pause Relocate Start 0.332ms
[2026-06-18T16:36:51.257+0800][10.301s][info][gc,phases   ] GC(100) Concurrent Relocate 0.190ms
[2026-06-18T16:36:51.258+0800][10.302s][info][gc,load     ] GC(100) Load: 0.93/0.43/0.26
[2026-06-18T16:36:51.259+0800][10.303s][info][gc,mmu      ] GC(100) MMU: 2ms/52.9%, 5ms/81.2%, 10ms/85.5%, 20ms/92.1%, 50ms/96.5%, 100ms/97.5%
[2026-06-18T16:36:51.260+0800][10.304s][info][gc,marking  ] GC(100) Mark: 2 stripe(s), 2 proactive flush(es), 1 terminate flush(es), 0 completion(s), 0 continuation(s) 
[2026-06-18T16:36:51.261+0800][10.305s][info][gc,reloc    ] GC(100) Relocation: Successful, 26M relocated
[2026-06-18T16:36:51.261+0800][10.306s][info][gc,nmethod  ] GC(100) NMethods: 23 registered, 0 unregistered
[2026-06-18T16:36:51.262+0800][10.306s][info][gc,metaspace] GC(100) Metaspace: 3M used, 4M capacity, 4M committed, 8M reserved
[2026-06-18T16:36:51.265+0800][10.309s][info][gc,ref      ] GC(100) Soft: 43 encountered, 0 discovered, 0 enqueued
[2026-06-18T16:36:51.268+0800][10.312s][info][gc,ref      ] GC(100) Weak: 7 encountered, 2 discovered, 0 enqueued
[2026-06-18T16:36:51.271+0800][10.316s][info][gc,ref      ] GC(100) Final: 0 encountered, 0 discovered, 0 enqueued
[2026-06-18T16:36:51.273+0800][10.317s][info][gc,ref      ] GC(100) Phantom: 1 encountered, 0 discovered, 0 enqueued
[2026-06-18T16:36:51.275+0800][10.320s][info][gc,heap     ] GC(100)                Mark Start          Mark End        Relocate Start      Relocate End           High               Low         
[2026-06-18T16:36:51.277+0800][10.321s][info][gc,heap     ] GC(100)  Capacity:      256M (100%)        256M (100%)        256M (100%)        256M (100%)        256M (100%)        256M (100%)   
[2026-06-18T16:36:51.278+0800][10.322s][info][gc,heap     ] GC(100)   Reserve:       62M (24%)          62M (24%)          62M (24%)          62M (24%)          62M (24%)          62M (24%)    
[2026-06-18T16:36:51.280+0800][10.324s][info][gc,heap     ] GC(100)      Free:      120M (47%)         116M (45%)         104M (41%)         108M (42%)         120M (47%)          78M (30%)    
[2026-06-18T16:36:51.285+0800][10.329s][info][gc,heap     ] GC(100)      Used:       74M (29%)          78M (30%)          90M (35%)          86M (34%)         116M (45%)          74M (29%)    
[2026-06-18T16:36:51.289+0800][10.333s][info][gc,heap     ] GC(100)      Live:         -                27M (11%)          27M (11%)          27M (11%)            -                  -          
[2026-06-18T16:36:51.292+0800][10.336s][info][gc,heap     ] GC(100) Allocated:         -                 4M (2%)           44M (17%)          50M (20%)            -                  -          
[2026-06-18T16:36:51.297+0800][10.341s][info][gc,heap     ] GC(100)   Garbage:         -                46M (18%)          18M (7%)           14M (5%)             -                  -          
[2026-06-18T16:36:51.302+0800][10.346s][info][gc,heap     ] GC(100) Reclaimed:         -                  -                28M (11%)          32M (12%)            -                  -          
[2026-06-18T16:36:51.306+0800][10.350s][info][gc          ] GC(100) Garbage Collection (Allocation Rate) 74M(29%)->86M(34%)
[2026-06-18T16:36:51.319+0800][10.363s][info][gc,start    ] GC(101) Garbage Collection (Allocation Rate)
[2026-06-18T16:36:51.324+0800][10.369s][info][gc,phases   ] GC(101) Pause Mark Start 0.494ms
[2026-06-18T16:36:51.328+0800][10.372s][info][gc,phases   ] GC(101) Concurrent Mark 2.069ms
[2026-06-18T16:36:51.330+0800][10.374s][info][gc,phases   ] GC(101) Pause Mark End 0.738ms
[2026-06-18T16:36:51.331+0800][10.375s][info][gc,phases   ] GC(101) Concurrent Process Non-Strong References 0.232ms
[2026-06-18T16:36:51.332+0800][10.377s][info][gc,phases   ] GC(101) Concurrent Reset Relocation Set 0.003ms
[2026-06-18T16:36:51.333+0800][10.377s][info][gc,phases   ] GC(101) Concurrent Destroy Detached Pages 0.001ms
[2026-06-18T16:36:51.335+0800][10.379s][info][gc,phases   ] GC(101) Concurrent Select Relocation Set 0.951ms
[2026-06-18T16:36:51.335+0800][10.380s][info][gc,phases   ] GC(101) Concurrent Prepare Relocation Set 0.012ms
[2026-06-18T16:36:51.336+0800][10.381s][info][gc,phases   ] GC(101) Pause Relocate Start 0.206ms
[2026-06-18T16:36:51.339+0800][10.383s][info][gc,phases   ] GC(101) Concurrent Relocate 1.884ms
[2026-06-18T16:36:51.340+0800][10.384s][info][gc,load     ] GC(101) Load: 0.93/0.43/0.26
[2026-06-18T16:36:51.341+0800][10.385s][info][gc,mmu      ] GC(101) MMU: 2ms/52.9%, 5ms/81.2%, 10ms/85.5%, 20ms/92.1%, 50ms/96.5%, 100ms/97.5%
[2026-06-18T16:36:51.341+0800][10.385s][info][gc,marking  ] GC(101) Mark: 2 stripe(s), 2 proactive flush(es), 1 terminate flush(es), 0 completion(s), 0 continuation(s) 
[2026-06-18T16:36:51.341+0800][10.386s][info][gc,reloc    ] GC(101) Relocation: Successful, 24M relocated
[2026-06-18T16:36:51.342+0800][10.386s][info][gc,nmethod  ] GC(101) NMethods: 23 registered, 0 unregistered
[2026-06-18T16:36:51.342+0800][10.386s][info][gc,metaspace] GC(101) Metaspace: 3M used, 4M capacity, 4M committed, 8M reserved
[2026-06-18T16:36:51.343+0800][10.387s][info][gc,ref      ] GC(101) Soft: 43 encountered, 0 discovered, 0 enqueued
[2026-06-18T16:36:51.343+0800][10.387s][info][gc,ref      ] GC(101) Weak: 7 encountered, 2 discovered, 0 enqueued
[2026-06-18T16:36:51.343+0800][10.387s][info][gc,ref      ] GC(101) Final: 0 encountered, 0 discovered, 0 enqueued
[2026-06-18T16:36:51.343+0800][10.388s][info][gc,ref      ] GC(101) Phantom: 1 encountered, 1 discovered, 0 enqueued
[2026-06-18T16:36:51.344+0800][10.388s][info][gc,heap     ] GC(101)                Mark Start          Mark End        Relocate Start      Relocate End           High               Low         
[2026-06-18T16:36:51.344+0800][10.388s][info][gc,heap     ] GC(101)  Capacity:      256M (100%)        256M (100%)        256M (100%)        256M (100%)        256M (100%)        256M (100%)   
[2026-06-18T16:36:51.344+0800][10.389s][info][gc,heap     ] GC(101)   Reserve:       62M (24%)          62M (24%)          62M (24%)          62M (24%)          62M (24%)          62M (24%)    
[2026-06-18T16:36:51.345+0800][10.389s][info][gc,heap     ] GC(101)      Free:       84M (33%)          80M (31%)         108M (42%)         138M (54%)         138M (54%)          64M (25%)    
[2026-06-18T16:36:51.345+0800][10.389s][info][gc,heap     ] GC(101)      Used:      110M (43%)         114M (45%)          86M (34%)          56M (22%)         130M (51%)          56M (22%)    
[2026-06-18T16:36:51.345+0800][10.389s][info][gc,heap     ] GC(101)      Live:         -                24M (10%)          24M (10%)          24M (10%)            -                  -          
[2026-06-18T16:36:51.345+0800][10.389s][info][gc,heap     ] GC(101) Allocated:         -                 4M (2%)            4M (2%)           54M (21%)            -                  -          
[2026-06-18T16:36:51.345+0800][10.390s][info][gc,heap     ] GC(101)   Garbage:         -                85M (33%)          57M (22%)          21M (8%)             -                  -          
[2026-06-18T16:36:51.346+0800][10.390s][info][gc,heap     ] GC(101) Reclaimed:         -                  -                28M (11%)          64M (25%)            -                  -          
[2026-06-18T16:36:51.346+0800][10.390s][info][gc          ] GC(101) Garbage Collection (Allocation Rate) 110M(43%)->56M(22%)
[2026-06-18T16:36:51.419+0800][10.464s][info][gc,start    ] GC(102) Garbage Collection (Allocation Rate)
[2026-06-18T16:36:51.422+0800][10.467s][info][gc,phases   ] GC(102) Pause Mark Start 0.431ms
[2026-06-18T16:36:51.427+0800][10.471s][info][gc,phases   ] GC(102) Concurrent Mark 2.404ms
[2026-06-18T16:36:51.429+0800][10.473s][info][gc,phases   ] GC(102) Pause Mark End 0.647ms
[2026-06-18T16:36:51.431+0800][10.475s][info][gc,phases   ] GC(102) Concurrent Process Non-Strong References 0.306ms
[2026-06-18T16:36:51.432+0800][10.476s][info][gc,phases   ] GC(102) Concurrent Reset Relocation Set 0.005ms
[2026-06-18T16:36:51.433+0800][10.477s][info][gc,phases   ] GC(102) Concurrent Destroy Detached Pages 0.001ms
[2026-06-18T16:36:51.434+0800][10.478s][info][gc,phases   ] GC(102) Concurrent Select Relocation Set 0.931ms
[2026-06-18T16:36:51.435+0800][10.479s][info][gc,phases   ] GC(102) Concurrent Prepare Relocation Set 0.003ms
[2026-06-18T16:36:51.436+0800][10.480s][info][gc,phases   ] GC(102) Pause Relocate Start 0.220ms
[2026-06-18T16:36:51.437+0800][10.481s][info][gc,phases   ] GC(102) Concurrent Relocate 0.246ms
[2026-06-18T16:36:51.438+0800][10.482s][info][gc,load     ] GC(102) Load: 0.93/0.43/0.26
[2026-06-18T16:36:51.438+0800][10.482s][info][gc,mmu      ] GC(102) MMU: 2ms/52.9%, 5ms/81.2%, 10ms/85.5%, 20ms/92.1%, 50ms/96.5%, 100ms/97.5%
[2026-06-18T16:36:51.439+0800][10.483s][info][gc,marking  ] GC(102) Mark: 2 stripe(s), 2 proactive flush(es), 1 terminate flush(es), 0 completion(s), 0 continuation(s) 
[2026-06-18T16:36:51.439+0800][10.483s][info][gc,reloc    ] GC(102) Relocation: Successful, 26M relocated
[2026-06-18T16:36:51.440+0800][10.484s][info][gc,nmethod  ] GC(102) NMethods: 23 registered, 0 unregistered
[2026-06-18T16:36:51.440+0800][10.484s][info][gc,metaspace] GC(102) Metaspace: 3M used, 4M capacity, 4M committed, 8M reserved
[2026-06-18T16:36:51.440+0800][10.485s][info][gc,ref      ] GC(102) Soft: 43 encountered, 0 discovered, 0 enqueued
[2026-06-18T16:36:51.441+0800][10.485s][info][gc,ref      ] GC(102) Weak: 7 encountered, 2 discovered, 0 enqueued
[2026-06-18T16:36:51.441+0800][10.485s][info][gc,ref      ] GC(102) Final: 0 encountered, 0 discovered, 0 enqueued
[2026-06-18T16:36:51.441+0800][10.485s][info][gc,ref      ] GC(102) Phantom: 1 encountered, 1 discovered, 0 enqueued
[2026-06-18T16:36:51.441+0800][10.486s][info][gc,heap     ] GC(102)                Mark Start          Mark End        Relocate Start      Relocate End           High               Low         
[2026-06-18T16:36:51.442+0800][10.486s][info][gc,heap     ] GC(102)  Capacity:      256M (100%)        256M (100%)        256M (100%)        256M (100%)        256M (100%)        256M (100%)   
[2026-06-18T16:36:51.442+0800][10.486s][info][gc,heap     ] GC(102)   Reserve:       62M (24%)          62M (24%)          62M (24%)          62M (24%)          62M (24%)          62M (24%)    
[2026-06-18T16:36:51.442+0800][10.487s][info][gc,heap     ] GC(102)      Free:      112M (44%)         108M (42%)         130M (51%)         140M (55%)         140M (55%)         108M (42%)    
[2026-06-18T16:36:51.443+0800][10.487s][info][gc,heap     ] GC(102)      Used:       82M (32%)          86M (34%)          64M (25%)          54M (21%)          86M (34%)          54M (21%)    
[2026-06-18T16:36:51.443+0800][10.487s][info][gc,heap     ] GC(102)      Live:         -                30M (12%)          30M (12%)          30M (12%)            -                  -          
[2026-06-18T16:36:51.443+0800][10.488s][info][gc,heap     ] GC(102) Allocated:         -                 4M (2%)           10M (4%)           16M (6%)             -                  -          
[2026-06-18T16:36:51.444+0800][10.488s][info][gc,heap     ] GC(102)   Garbage:         -                51M (20%)          23M (9%)           13M (5%)             -                  -          
[2026-06-18T16:36:51.444+0800][10.488s][info][gc,heap     ] GC(102) Reclaimed:         -                  -                28M (11%)          38M (15%)            -                  -          
[2026-06-18T16:36:51.444+0800][10.488s][info][gc          ] GC(102) Garbage Collection (Allocation Rate) 82M(32%)->54M(21%)
[2026-06-18T16:36:51.518+0800][10.563s][info][gc,start    ] GC(103) Garbage Collection (Allocation Rate)
[2026-06-18T16:36:51.521+0800][10.565s][info][gc,phases   ] GC(103) Pause Mark Start 0.424ms
[2026-06-18T16:36:51.526+0800][10.571s][info][gc,phases   ] GC(103) Concurrent Mark 1.999ms
[2026-06-18T16:36:51.529+0800][10.573s][info][gc,phases   ] GC(103) Pause Mark End 0.750ms
[2026-06-18T16:36:51.531+0800][10.575s][info][gc,phases   ] GC(103) Concurrent Process Non-Strong References 0.312ms
[2026-06-18T16:36:51.532+0800][10.576s][info][gc,phases   ] GC(103) Concurrent Reset Relocation Set 0.004ms
[2026-06-18T16:36:51.533+0800][10.577s][info][gc,phases   ] GC(103) Concurrent Destroy Detached Pages 0.002ms
[2026-06-18T16:36:51.535+0800][10.579s][info][gc,phases   ] GC(103) Concurrent Select Relocation Set 0.906ms
[2026-06-18T16:36:51.536+0800][10.580s][info][gc,phases   ] GC(103) Concurrent Prepare Relocation Set 0.010ms
[2026-06-18T16:36:51.538+0800][10.582s][info][gc,phases   ] GC(103) Pause Relocate Start 0.197ms
[2026-06-18T16:36:51.540+0800][10.584s][info][gc,phases   ] GC(103) Concurrent Relocate 1.362ms
[2026-06-18T16:36:51.541+0800][10.585s][info][gc,load     ] GC(103) Load: 0.93/0.43/0.26
[2026-06-18T16:36:51.541+0800][10.586s][info][gc,mmu      ] GC(103) MMU: 2ms/52.9%, 5ms/81.2%, 10ms/85.5%, 20ms/92.1%, 50ms/96.5%, 100ms/97.5%
[2026-06-18T16:36:51.542+0800][10.586s][info][gc,marking  ] GC(103) Mark: 2 stripe(s), 1 proactive flush(es), 1 terminate flush(es), 0 completion(s), 0 continuation(s) 
[2026-06-18T16:36:51.542+0800][10.586s][info][gc,reloc    ] GC(103) Relocation: Successful, 21M relocated
[2026-06-18T16:36:51.543+0800][10.587s][info][gc,nmethod  ] GC(103) NMethods: 23 registered, 0 unregistered
[2026-06-18T16:36:51.543+0800][10.587s][info][gc,metaspace] GC(103) Metaspace: 3M used, 4M capacity, 4M committed, 8M reserved
[2026-06-18T16:36:51.543+0800][10.587s][info][gc,ref      ] GC(103) Soft: 43 encountered, 0 discovered, 0 enqueued
[2026-06-18T16:36:51.544+0800][10.588s][info][gc,ref      ] GC(103) Weak: 7 encountered, 2 discovered, 0 enqueued
[2026-06-18T16:36:51.544+0800][10.588s][info][gc,ref      ] GC(103) Final: 0 encountered, 0 discovered, 0 enqueued
[2026-06-18T16:36:51.544+0800][10.588s][info][gc,ref      ] GC(103) Phantom: 1 encountered, 1 discovered, 0 enqueued
[2026-06-18T16:36:51.544+0800][10.588s][info][gc,heap     ] GC(103)                Mark Start          Mark End        Relocate Start      Relocate End           High               Low         
[2026-06-18T16:36:51.544+0800][10.589s][info][gc,heap     ] GC(103)  Capacity:      256M (100%)        256M (100%)        256M (100%)        256M (100%)        256M (100%)        256M (100%)   
[2026-06-18T16:36:51.545+0800][10.589s][info][gc,heap     ] GC(103)   Reserve:       62M (24%)          62M (24%)          62M (24%)          62M (24%)          62M (24%)          62M (24%)    
[2026-06-18T16:36:51.545+0800][10.589s][info][gc,heap     ] GC(103)      Free:       78M (30%)          78M (30%)          72M (28%)         144M (56%)         144M (56%)          42M (16%)    
[2026-06-18T16:36:51.545+0800][10.589s][info][gc,heap     ] GC(103)      Used:      116M (45%)         116M (45%)         122M (48%)          50M (20%)         152M (59%)          50M (20%)    
[2026-06-18T16:36:51.545+0800][10.590s][info][gc,heap     ] GC(103)      Live:         -                21M (9%)           21M (9%)           21M (9%)             -                  -          
[2026-06-18T16:36:51.546+0800][10.590s][info][gc,heap     ] GC(103) Allocated:         -                 0M (0%)           36M (14%)          46M (18%)            -                  -          
[2026-06-18T16:36:51.546+0800][10.590s][info][gc,heap     ] GC(103)   Garbage:         -                94M (37%)          64M (25%)    17592186044408M (6         -                  -          
[2026-06-18T16:36:51.546+0800][10.590s][info][gc,heap     ] GC(103) Reclaimed:         -                  -                30M (12%)         102M (40%)            -                  -          
[2026-06-18T16:36:51.546+0800][10.590s][info][gc          ] GC(103) Garbage Collection (Allocation Rate) 116M(45%)->50M(20%)
[2026-06-18T16:36:51.619+0800][10.663s][info][gc,start    ] GC(104) Garbage Collection (Allocation Rate)
[2026-06-18T16:36:51.717+0800][10.762s][info][gc,phases   ] GC(104) Pause Mark Start 0.148ms
[2026-06-18T16:36:51.727+0800][10.771s][info][gc,phases   ] GC(104) Concurrent Mark 1.506ms
[2026-06-18T16:36:51.758+0800][10.802s][info][gc,heap     ] Page Cache Flushed: 2M requested, 32M(64M->32M) flushed
[2026-06-18T16:36:51.763+0800][10.807s][info][gc,phases   ] GC(104) Pause Mark End 0.758ms
[2026-06-18T16:36:51.764+0800][10.808s][info][gc,phases   ] GC(104) Concurrent Process Non-Strong References 0.232ms
[2026-06-18T16:36:51.765+0800][10.809s][info][gc,heap     ] Page Cache Flushed: 2M requested, 32M(32M->0M) flushed
[2026-06-18T16:36:51.765+0800][10.809s][info][gc,phases   ] GC(104) Concurrent Reset Relocation Set 0.004ms
[2026-06-18T16:36:51.768+0800][10.813s][info][gc,phases   ] GC(104) Concurrent Destroy Detached Pages 1.298ms
[2026-06-18T16:36:51.770+0800][10.814s][info][gc,phases   ] GC(104) Concurrent Select Relocation Set 0.690ms
[2026-06-18T16:36:51.770+0800][10.814s][info][gc,phases   ] GC(104) Concurrent Prepare Relocation Set 0.004ms
[2026-06-18T16:36:51.771+0800][10.815s][info][gc,phases   ] GC(104) Pause Relocate Start 0.157ms
[2026-06-18T16:36:51.772+0800][10.816s][info][gc,phases   ] GC(104) Concurrent Relocate 0.295ms
[2026-06-18T16:36:51.772+0800][10.816s][info][gc,load     ] GC(104) Load: 0.93/0.43/0.26
[2026-06-18T16:36:51.773+0800][10.817s][info][gc,mmu      ] GC(104) MMU: 2ms/52.9%, 5ms/81.2%, 10ms/85.5%, 20ms/92.1%, 50ms/96.5%, 100ms/97.5%
[2026-06-18T16:36:51.773+0800][10.817s][info][gc,marking  ] GC(104) Mark: 2 stripe(s), 2 proactive flush(es), 1 terminate flush(es), 0 completion(s), 0 continuation(s) 
[2026-06-18T16:36:51.773+0800][10.818s][info][gc,reloc    ] GC(104) Relocation: Successful, 25M relocated
[2026-06-18T16:36:51.774+0800][10.818s][info][gc,nmethod  ] GC(104) NMethods: 23 registered, 0 unregistered
[2026-06-18T16:36:51.774+0800][10.818s][info][gc,metaspace] GC(104) Metaspace: 3M used, 4M capacity, 4M committed, 8M reserved
[2026-06-18T16:36:51.774+0800][10.818s][info][gc,ref      ] GC(104) Soft: 43 encountered, 0 discovered, 0 enqueued
[2026-06-18T16:36:51.774+0800][10.819s][info][gc,ref      ] GC(104) Weak: 7 encountered, 2 discovered, 0 enqueued
[2026-06-18T16:36:51.775+0800][10.819s][info][gc,ref      ] GC(104) Final: 0 encountered, 0 discovered, 0 enqueued
[2026-06-18T16:36:51.775+0800][10.819s][info][gc,ref      ] GC(104) Phantom: 1 encountered, 1 discovered, 0 enqueued
[2026-06-18T16:36:51.787+0800][10.831s][info][gc,heap     ] GC(104)                Mark Start          Mark End        Relocate Start      Relocate End           High               Low         
[2026-06-18T16:36:51.793+0800][10.837s][info][gc,heap     ] GC(104)  Capacity:      256M (100%)        256M (100%)        256M (100%)        256M (100%)        256M (100%)        256M (100%)   
[2026-06-18T16:36:51.800+0800][10.844s][info][gc,heap     ] GC(104)   Reserve:       62M (24%)          62M (24%)          62M (24%)          62M (24%)          62M (24%)          62M (24%)    
[2026-06-18T16:36:51.804+0800][10.848s][info][gc,heap     ] GC(104)      Free:       80M (31%)          32M (12%)          84M (33%)         100M (39%)         100M (39%)          30M (12%)    
[2026-06-18T16:36:51.818+0800][10.863s][info][gc,heap     ] GC(104)      Used:      114M (45%)         162M (63%)         110M (43%)          94M (37%)         164M (64%)          94M (37%)    
[2026-06-18T16:36:51.820+0800][10.864s][info][gc,heap     ] GC(104)      Live:         -                25M (10%)          25M (10%)          25M (10%)            -                  -          
[2026-06-18T16:36:51.824+0800][10.868s][info][gc,heap     ] GC(104) Allocated:         -                48M (19%)          50M (20%)          58M (23%)            -                  -          
[2026-06-18T16:36:51.825+0800][10.870s][info][gc,heap     ] GC(104)   Garbage:         -                88M (34%)          34M (13%)          18M (7%)             -                  -          
[2026-06-18T16:36:51.830+0800][10.874s][info][gc,heap     ] GC(104) Reclaimed:         -                  -                54M (21%)          70M (27%)            -                  -          
[2026-06-18T16:36:51.832+0800][10.876s][info][gc          ] GC(104) Garbage Collection (Allocation Rate) 114M(45%)->94M(37%)
[2026-06-18T16:36:51.919+0800][10.963s][info][gc,start    ] GC(105) Garbage Collection (Allocation Rate)
[2026-06-18T16:36:51.923+0800][10.968s][info][gc,phases   ] GC(105) Pause Mark Start 0.418ms
[2026-06-18T16:36:51.929+0800][10.973s][info][gc,heap     ] Page Cache Flushed: 2M requested, 2M(14M->12M) flushed
[2026-06-18T16:36:51.933+0800][10.978s][info][gc,phases   ] GC(105) Concurrent Mark 5.062ms
[2026-06-18T16:36:51.939+0800][10.983s][info][gc,phases   ] GC(105) Pause Mark End 0.468ms
[2026-06-18T16:36:51.941+0800][10.985s][info][gc,phases   ] GC(105) Concurrent Process Non-Strong References 0.217ms
[2026-06-18T16:36:51.942+0800][10.986s][info][gc,phases   ] GC(105) Concurrent Reset Relocation Set 0.006ms
[2026-06-18T16:36:51.943+0800][10.987s][info][gc,phases   ] GC(105) Concurrent Destroy Detached Pages 0.005ms
[2026-06-18T16:36:51.945+0800][10.989s][info][gc,phases   ] GC(105) Concurrent Select Relocation Set 1.309ms
[2026-06-18T16:36:51.946+0800][10.990s][info][gc,phases   ] GC(105) Concurrent Prepare Relocation Set 0.015ms
[2026-06-18T16:36:51.947+0800][10.992s][info][gc,phases   ] GC(105) Pause Relocate Start 0.293ms
[2026-06-18T16:36:51.953+0800][10.997s][info][gc,phases   ] GC(105) Concurrent Relocate 4.010ms
[2026-06-18T16:36:51.953+0800][10.998s][info][gc,load     ] GC(105) Load: 0.93/0.43/0.26
[2026-06-18T16:36:51.954+0800][10.998s][info][gc,mmu      ] GC(105) MMU: 2ms/52.9%, 5ms/81.2%, 10ms/85.5%, 20ms/92.1%, 50ms/96.5%, 100ms/97.5%
[2026-06-18T16:36:51.954+0800][10.998s][info][gc,marking  ] GC(105) Mark: 2 stripe(s), 2 proactive flush(es), 1 terminate flush(es), 0 completion(s), 0 continuation(s) 
[2026-06-18T16:36:51.955+0800][10.999s][info][gc,reloc    ] GC(105) Relocation: Successful, 28M relocated
[2026-06-18T16:36:51.955+0800][10.999s][info][gc,nmethod  ] GC(105) NMethods: 23 registered, 0 unregistered
[2026-06-18T16:36:51.956+0800][11.000s][info][gc,metaspace] GC(105) Metaspace: 3M used, 4M capacity, 4M committed, 8M reserved
[2026-06-18T16:36:51.956+0800][11.000s][info][gc,ref      ] GC(105) Soft: 43 encountered, 0 discovered, 0 enqueued
[2026-06-18T16:36:51.956+0800][11.001s][info][gc,ref      ] GC(105) Weak: 7 encountered, 2 discovered, 0 enqueued
[2026-06-18T16:36:51.957+0800][11.001s][info][gc,ref      ] GC(105) Final: 0 encountered, 0 discovered, 0 enqueued
[2026-06-18T16:36:51.957+0800][11.001s][info][gc,ref      ] GC(105) Phantom: 1 encountered, 1 discovered, 0 enqueued
[2026-06-18T16:36:51.957+0800][11.001s][info][gc,heap     ] GC(105)                Mark Start          Mark End        Relocate Start      Relocate End           High               Low         
[2026-06-18T16:36:51.957+0800][11.002s][info][gc,heap     ] GC(105)  Capacity:      256M (100%)        256M (100%)        256M (100%)        256M (100%)        256M (100%)        256M (100%)   
[2026-06-18T16:36:51.958+0800][11.002s][info][gc,heap     ] GC(105)   Reserve:       62M (24%)          62M (24%)          62M (24%)          62M (24%)          62M (24%)          62M (24%)    
[2026-06-18T16:36:51.958+0800][11.002s][info][gc,heap     ] GC(105)      Free:       48M (19%)          10M (4%)           60M (23%)         138M (54%)         138M (54%)           6M (2%)     
[2026-06-18T16:36:51.958+0800][11.002s][info][gc,heap     ] GC(105)      Used:      146M (57%)         184M (72%)         134M (52%)          56M (22%)         188M (73%)          56M (22%)    
[2026-06-18T16:36:51.958+0800][11.003s][info][gc,heap     ] GC(105)      Live:         -                28M (11%)          28M (11%)          28M (11%)            -                  -          
[2026-06-18T16:36:51.959+0800][11.003s][info][gc,heap     ] GC(105) Allocated:         -                38M (15%)          42M (16%)          56M (22%)            -                  -          
[2026-06-18T16:36:51.959+0800][11.003s][info][gc,heap     ] GC(105)   Garbage:         -               117M (46%)          63M (25%)    17592186044401M (6         -                  -          
[2026-06-18T16:36:51.959+0800][11.003s][info][gc,heap     ] GC(105) Reclaimed:         -                  -                54M (21%)         132M (52%)            -                  -          
[2026-06-18T16:36:51.959+0800][11.004s][info][gc          ] GC(105) Garbage Collection (Allocation Rate) 146M(57%)->56M(22%)
[2026-06-18T16:36:52.018+0800][11.062s][info][gc,start    ] GC(106) Garbage Collection (Allocation Rate)
[2026-06-18T16:36:52.021+0800][11.065s][info][gc,phases   ] GC(106) Pause Mark Start 0.424ms
[2026-06-18T16:36:52.024+0800][11.068s][info][gc,phases   ] GC(106) Concurrent Mark 2.106ms
[2026-06-18T16:36:52.027+0800][11.071s][info][gc,phases   ] GC(106) Pause Mark End 0.655ms
[2026-06-18T16:36:52.029+0800][11.073s][info][gc,phases   ] GC(106) Concurrent Process Non-Strong References 0.187ms
[2026-06-18T16:36:52.029+0800][11.074s][info][gc,phases   ] GC(106) Concurrent Reset Relocation Set 0.005ms
[2026-06-18T16:36:52.030+0800][11.074s][info][gc,phases   ] GC(106) Concurrent Destroy Detached Pages 0.002ms
[2026-06-18T16:36:52.032+0800][11.076s][info][gc,phases   ] GC(106) Concurrent Select Relocation Set 1.080ms
[2026-06-18T16:36:52.033+0800][11.077s][info][gc,phases   ] GC(106) Concurrent Prepare Relocation Set 0.004ms
[2026-06-18T16:36:52.034+0800][11.078s][info][gc,phases   ] GC(106) Pause Relocate Start 0.209ms
[2026-06-18T16:36:52.034+0800][11.079s][info][gc,phases   ] GC(106) Concurrent Relocate 0.232ms
[2026-06-18T16:36:52.035+0800][11.079s][info][gc,load     ] GC(106) Load: 0.93/0.43/0.26
[2026-06-18T16:36:52.035+0800][11.080s][info][gc,mmu      ] GC(106) MMU: 2ms/52.9%, 5ms/81.2%, 10ms/85.5%, 20ms/92.1%, 50ms/96.5%, 100ms/97.5%
[2026-06-18T16:36:52.036+0800][11.080s][info][gc,marking  ] GC(106) Mark: 2 stripe(s), 2 proactive flush(es), 1 terminate flush(es), 0 completion(s), 0 continuation(s) 
[2026-06-18T16:36:52.036+0800][11.081s][info][gc,reloc    ] GC(106) Relocation: Successful, 23M relocated
[2026-06-18T16:36:52.037+0800][11.081s][info][gc,nmethod  ] GC(106) NMethods: 23 registered, 0 unregistered
[2026-06-18T16:36:52.037+0800][11.081s][info][gc,metaspace] GC(106) Metaspace: 3M used, 4M capacity, 4M committed, 8M reserved
[2026-06-18T16:36:52.037+0800][11.082s][info][gc,ref      ] GC(106) Soft: 43 encountered, 0 discovered, 0 enqueued
[2026-06-18T16:36:52.038+0800][11.082s][info][gc,ref      ] GC(106) Weak: 7 encountered, 0 discovered, 0 enqueued
[2026-06-18T16:36:52.038+0800][11.082s][info][gc,ref      ] GC(106) Final: 0 encountered, 0 discovered, 0 enqueued
[2026-06-18T16:36:52.038+0800][11.082s][info][gc,ref      ] GC(106) Phantom: 1 encountered, 0 discovered, 0 enqueued
[2026-06-18T16:36:52.038+0800][11.083s][info][gc,heap     ] GC(106)                Mark Start          Mark End        Relocate Start      Relocate End           High               Low         
[2026-06-18T16:36:52.039+0800][11.083s][info][gc,heap     ] GC(106)  Capacity:      256M (100%)        256M (100%)        256M (100%)        256M (100%)        256M (100%)        256M (100%)   
[2026-06-18T16:36:52.039+0800][11.083s][info][gc,heap     ] GC(106)   Reserve:       62M (24%)          62M (24%)          62M (24%)          62M (24%)          62M (24%)          62M (24%)    
[2026-06-18T16:36:52.039+0800][11.084s][info][gc,heap     ] GC(106)      Free:      112M (44%)         112M (44%)         106M (41%)         114M (45%)         114M (45%)          74M (29%)    
[2026-06-18T16:36:52.040+0800][11.084s][info][gc,heap     ] GC(106)      Used:       82M (32%)          82M (32%)          88M (34%)          80M (31%)         120M (47%)          80M (31%)    
[2026-06-18T16:36:52.040+0800][11.084s][info][gc,heap     ] GC(106)      Live:         -                25M (10%)          25M (10%)          25M (10%)            -                  -          
[2026-06-18T16:36:52.040+0800][11.084s][info][gc,heap     ] GC(106) Allocated:         -                 0M (0%)           38M (15%)          44M (17%)            -                  -          
[2026-06-18T16:36:52.040+0800][11.085s][info][gc,heap     ] GC(106)   Garbage:         -                56M (22%)          24M (10%)          16M (7%)             -                  -          
[2026-06-18T16:36:52.041+0800][11.085s][info][gc,heap     ] GC(106) Reclaimed:         -                  -                32M (12%)          40M (16%)            -                  -          
[2026-06-18T16:36:52.041+0800][11.085s][info][gc          ] GC(106) Garbage Collection (Allocation Rate) 82M(32%)->80M(31%)
[2026-06-18T16:36:52.119+0800][11.163s][info][gc,start    ] GC(107) Garbage Collection (Allocation Rate)
[2026-06-18T16:36:52.121+0800][11.166s][info][gc,phases   ] GC(107) Pause Mark Start 0.424ms
[2026-06-18T16:36:52.125+0800][11.169s][info][gc,phases   ] GC(107) Concurrent Mark 2.031ms
[2026-06-18T16:36:52.129+0800][11.173s][info][gc,phases   ] GC(107) Pause Mark End 0.839ms
[2026-06-18T16:36:52.130+0800][11.174s][info][gc,phases   ] GC(107) Concurrent Process Non-Strong References 0.162ms
[2026-06-18T16:36:52.131+0800][11.175s][info][gc,phases   ] GC(107) Concurrent Reset Relocation Set 0.004ms
[2026-06-18T16:36:52.132+0800][11.176s][info][gc,phases   ] GC(107) Concurrent Destroy Detached Pages 0.002ms
[2026-06-18T16:36:52.134+0800][11.178s][info][gc,phases   ] GC(107) Concurrent Select Relocation Set 1.016ms
[2026-06-18T16:36:52.135+0800][11.179s][info][gc,phases   ] GC(107) Concurrent Prepare Relocation Set 0.012ms
[2026-06-18T16:36:52.136+0800][11.180s][info][gc,phases   ] GC(107) Pause Relocate Start 0.206ms
[2026-06-18T16:36:52.138+0800][11.183s][info][gc,phases   ] GC(107) Concurrent Relocate 1.565ms
[2026-06-18T16:36:52.139+0800][11.183s][info][gc,load     ] GC(107) Load: 0.93/0.43/0.26
[2026-06-18T16:36:52.140+0800][11.184s][info][gc,mmu      ] GC(107) MMU: 2ms/52.9%, 5ms/81.2%, 10ms/85.5%, 20ms/92.1%, 50ms/96.5%, 100ms/97.5%
[2026-06-18T16:36:52.140+0800][11.184s][info][gc,marking  ] GC(107) Mark: 2 stripe(s), 1 proactive flush(es), 1 terminate flush(es), 0 completion(s), 0 continuation(s) 
[2026-06-18T16:36:52.141+0800][11.185s][info][gc,reloc    ] GC(107) Relocation: Successful, 21M relocated
[2026-06-18T16:36:52.141+0800][11.185s][info][gc,nmethod  ] GC(107) NMethods: 23 registered, 0 unregistered
[2026-06-18T16:36:52.141+0800][11.186s][info][gc,metaspace] GC(107) Metaspace: 3M used, 4M capacity, 4M committed, 8M reserved
[2026-06-18T16:36:52.142+0800][11.186s][info][gc,ref      ] GC(107) Soft: 43 encountered, 0 discovered, 0 enqueued
[2026-06-18T16:36:52.142+0800][11.187s][info][gc,ref      ] GC(107) Weak: 7 encountered, 0 discovered, 0 enqueued
[2026-06-18T16:36:52.143+0800][11.187s][info][gc,ref      ] GC(107) Final: 0 encountered, 0 discovered, 0 enqueued
[2026-06-18T16:36:52.143+0800][11.187s][info][gc,ref      ] GC(107) Phantom: 1 encountered, 0 discovered, 0 enqueued
[2026-06-18T16:36:52.143+0800][11.187s][info][gc,heap     ] GC(107)                Mark Start          Mark End        Relocate Start      Relocate End           High               Low         
[2026-06-18T16:36:52.144+0800][11.188s][info][gc,heap     ] GC(107)  Capacity:      256M (100%)        256M (100%)        256M (100%)        256M (100%)        256M (100%)        256M (100%)   
[2026-06-18T16:36:52.144+0800][11.188s][info][gc,heap     ] GC(107)   Reserve:       62M (24%)          62M (24%)          62M (24%)          62M (24%)          62M (24%)          62M (24%)    
[2026-06-18T16:36:52.144+0800][11.188s][info][gc,heap     ] GC(107)      Free:       86M (34%)          48M (19%)          72M (28%)         144M (56%)         144M (56%)          48M (19%)    
[2026-06-18T16:36:52.144+0800][11.189s][info][gc,heap     ] GC(107)      Used:      108M (42%)         146M (57%)         122M (48%)          50M (20%)         146M (57%)          50M (20%)    
[2026-06-18T16:36:52.145+0800][11.189s][info][gc,heap     ] GC(107)      Live:         -                21M (8%)           21M (8%)           21M (8%)             -                  -          
[2026-06-18T16:36:52.145+0800][11.189s][info][gc,heap     ] GC(107) Allocated:         -                38M (15%)          40M (16%)          48M (19%)            -                  -          
[2026-06-18T16:36:52.145+0800][11.189s][info][gc,heap     ] GC(107)   Garbage:         -                86M (34%)          60M (24%)    17592186044404M (6         -                  -          
[2026-06-18T16:36:52.145+0800][11.190s][info][gc,heap     ] GC(107) Reclaimed:         -                  -                26M (10%)          98M (38%)            -                  -          
[2026-06-18T16:36:52.146+0800][11.190s][info][gc          ] GC(107) Garbage Collection (Allocation Rate) 108M(42%)->50M(20%)
[2026-06-18T16:36:52.219+0800][11.263s][info][gc,start    ] GC(108) Garbage Collection (Allocation Rate)
[2026-06-18T16:36:52.222+0800][11.266s][info][gc,phases   ] GC(108) Pause Mark Start 0.639ms
[2026-06-18T16:36:52.226+0800][11.270s][info][gc,phases   ] GC(108) Concurrent Mark 2.263ms
[2026-06-18T16:36:52.229+0800][11.274s][info][gc,phases   ] GC(108) Pause Mark End 0.670ms
[2026-06-18T16:36:52.231+0800][11.275s][info][gc,phases   ] GC(108) Concurrent Process Non-Strong References 0.267ms
[2026-06-18T16:36:52.232+0800][11.276s][info][gc,phases   ] GC(108) Concurrent Reset Relocation Set 0.004ms
[2026-06-18T16:36:52.233+0800][11.277s][info][gc,phases   ] GC(108) Concurrent Destroy Detached Pages 0.001ms
[2026-06-18T16:36:52.235+0800][11.279s][info][gc,phases   ] GC(108) Concurrent Select Relocation Set 0.827ms
[2026-06-18T16:36:52.235+0800][11.280s][info][gc,phases   ] GC(108) Concurrent Prepare Relocation Set 0.003ms
[2026-06-18T16:36:52.237+0800][11.281s][info][gc,phases   ] GC(108) Pause Relocate Start 0.221ms
[2026-06-18T16:36:52.238+0800][11.282s][info][gc,phases   ] GC(108) Concurrent Relocate 0.317ms
[2026-06-18T16:36:52.238+0800][11.283s][info][gc,load     ] GC(108) Load: 0.93/0.43/0.26
[2026-06-18T16:36:52.239+0800][11.283s][info][gc,mmu      ] GC(108) MMU: 2ms/52.9%, 5ms/81.2%, 10ms/85.5%, 20ms/92.1%, 50ms/96.5%, 100ms/97.5%
[2026-06-18T16:36:52.240+0800][11.284s][info][gc,marking  ] GC(108) Mark: 2 stripe(s), 1 proactive flush(es), 1 terminate flush(es), 0 completion(s), 0 continuation(s) 
[2026-06-18T16:36:52.240+0800][11.285s][info][gc,reloc    ] GC(108) Relocation: Successful, 26M relocated
[2026-06-18T16:36:52.241+0800][11.285s][info][gc,nmethod  ] GC(108) NMethods: 23 registered, 0 unregistered
[2026-06-18T16:36:52.241+0800][11.285s][info][gc,metaspace] GC(108) Metaspace: 3M used, 4M capacity, 4M committed, 8M reserved
[2026-06-18T16:36:52.241+0800][11.286s][info][gc,ref      ] GC(108) Soft: 43 encountered, 0 discovered, 0 enqueued
[2026-06-18T16:36:52.242+0800][11.286s][info][gc,ref      ] GC(108) Weak: 7 encountered, 0 discovered, 0 enqueued
[2026-06-18T16:36:52.242+0800][11.286s][info][gc,ref      ] GC(108) Final: 0 encountered, 0 discovered, 0 enqueued
[2026-06-18T16:36:52.242+0800][11.287s][info][gc,ref      ] GC(108) Phantom: 1 encountered, 0 discovered, 0 enqueued
[2026-06-18T16:36:52.243+0800][11.287s][info][gc,heap     ] GC(108)                Mark Start          Mark End        Relocate Start      Relocate End           High               Low         
[2026-06-18T16:36:52.243+0800][11.287s][info][gc,heap     ] GC(108)  Capacity:      256M (100%)        256M (100%)        256M (100%)        256M (100%)        256M (100%)        256M (100%)   
[2026-06-18T16:36:52.243+0800][11.287s][info][gc,heap     ] GC(108)   Reserve:       62M (24%)          62M (24%)          62M (24%)          62M (24%)          62M (24%)          62M (24%)    
[2026-06-18T16:36:52.243+0800][11.288s][info][gc,heap     ] GC(108)      Free:      112M (44%)         112M (44%)         102M (40%)         116M (45%)         116M (45%)          76M (30%)    
[2026-06-18T16:36:52.244+0800][11.288s][info][gc,heap     ] GC(108)      Used:       82M (32%)          82M (32%)          92M (36%)          78M (30%)         118M (46%)          78M (30%)    
[2026-06-18T16:36:52.244+0800][11.288s][info][gc,heap     ] GC(108)      Live:         -                28M (11%)          28M (11%)          28M (11%)            -                  -          
[2026-06-18T16:36:52.244+0800][11.289s][info][gc,heap     ] GC(108) Allocated:         -                 0M (0%)           36M (14%)          42M (16%)            -                  -          
[2026-06-18T16:36:52.245+0800][11.289s][info][gc,heap     ] GC(108)   Garbage:         -                53M (21%)          27M (11%)          13M (5%)             -                  -          
[2026-06-18T16:36:52.245+0800][11.289s][info][gc,heap     ] GC(108) Reclaimed:         -                  -                26M (10%)          40M (16%)            -                  -          
[2026-06-18T16:36:52.245+0800][11.289s][info][gc          ] GC(108) Garbage Collection (Allocation Rate) 82M(32%)->78M(30%)
[2026-06-18T16:36:52.319+0800][11.363s][info][gc,start    ] GC(109) Garbage Collection (Allocation Rate)
[2026-06-18T16:36:52.322+0800][11.366s][info][gc,phases   ] GC(109) Pause Mark Start 0.435ms
[2026-06-18T16:36:52.326+0800][11.370s][info][gc,phases   ] GC(109) Concurrent Mark 2.344ms
[2026-06-18T16:36:52.329+0800][11.373s][info][gc,phases   ] GC(109) Pause Mark End 0.630ms
[2026-06-18T16:36:52.330+0800][11.374s][info][gc,phases   ] GC(109) Concurrent Process Non-Strong References 0.375ms
[2026-06-18T16:36:52.332+0800][11.376s][info][gc,phases   ] GC(109) Concurrent Reset Relocation Set 0.003ms
[2026-06-18T16:36:52.333+0800][11.377s][info][gc,phases   ] GC(109) Concurrent Destroy Detached Pages 0.001ms
[2026-06-18T16:36:52.334+0800][11.379s][info][gc,phases   ] GC(109) Concurrent Select Relocation Set 0.839ms
[2026-06-18T16:36:52.335+0800][11.379s][info][gc,phases   ] GC(109) Concurrent Prepare Relocation Set 0.012ms
[2026-06-18T16:36:52.336+0800][11.380s][info][gc,phases   ] GC(109) Pause Relocate Start 0.189ms
[2026-06-18T16:36:52.339+0800][11.383s][info][gc,phases   ] GC(109) Concurrent Relocate 1.868ms
[2026-06-18T16:36:52.340+0800][11.384s][info][gc,load     ] GC(109) Load: 0.93/0.43/0.26
[2026-06-18T16:36:52.340+0800][11.385s][info][gc,mmu      ] GC(109) MMU: 2ms/52.9%, 5ms/81.2%, 10ms/85.5%, 20ms/92.1%, 50ms/96.5%, 100ms/97.5%
[2026-06-18T16:36:52.341+0800][11.385s][info][gc,marking  ] GC(109) Mark: 2 stripe(s), 1 proactive flush(es), 1 terminate flush(es), 0 completion(s), 0 continuation(s) 
[2026-06-18T16:36:52.341+0800][11.386s][info][gc,reloc    ] GC(109) Relocation: Successful, 24M relocated
[2026-06-18T16:36:52.342+0800][11.386s][info][gc,nmethod  ] GC(109) NMethods: 23 registered, 0 unregistered
[2026-06-18T16:36:52.342+0800][11.387s][info][gc,metaspace] GC(109) Metaspace: 3M used, 4M capacity, 4M committed, 8M reserved
[2026-06-18T16:36:52.343+0800][11.387s][info][gc,ref      ] GC(109) Soft: 43 encountered, 0 discovered, 0 enqueued
[2026-06-18T16:36:52.343+0800][11.388s][info][gc,ref      ] GC(109) Weak: 7 encountered, 0 discovered, 0 enqueued
[2026-06-18T16:36:52.348+0800][11.392s][info][gc,ref      ] GC(109) Final: 0 encountered, 0 discovered, 0 enqueued
[2026-06-18T16:36:52.352+0800][11.396s][info][gc,ref      ] GC(109) Phantom: 1 encountered, 1 discovered, 0 enqueued
[2026-06-18T16:36:52.354+0800][11.398s][info][gc,heap     ] GC(109)                Mark Start          Mark End        Relocate Start      Relocate End           High               Low         
[2026-06-18T16:36:52.355+0800][11.399s][info][gc,heap     ] GC(109)  Capacity:      256M (100%)        256M (100%)        256M (100%)        256M (100%)        256M (100%)        256M (100%)   
[2026-06-18T16:36:52.355+0800][11.400s][info][gc,heap     ] GC(109)   Reserve:       62M (24%)          62M (24%)          62M (24%)          62M (24%)          62M (24%)          62M (24%)    
[2026-06-18T16:36:52.356+0800][11.400s][info][gc,heap     ] GC(109)      Free:       84M (33%)          80M (31%)         108M (42%)         146M (57%)         146M (57%)          72M (28%)    
[2026-06-18T16:36:52.357+0800][11.401s][info][gc,heap     ] GC(109)      Used:      110M (43%)         114M (45%)          86M (34%)          48M (19%)         122M (48%)          48M (19%)    
[2026-06-18T16:36:52.357+0800][11.402s][info][gc,heap     ] GC(109)      Live:         -                26M (10%)          26M (10%)          26M (10%)            -                  -          
[2026-06-18T16:36:52.358+0800][11.402s][info][gc,heap     ] GC(109) Allocated:         -                 4M (2%)            4M (2%)           42M (16%)            -                  -          
[2026-06-18T16:36:52.359+0800][11.403s][info][gc,heap     ] GC(109)   Garbage:         -                83M (33%)          55M (22%)          17M (7%)             -                  -          
[2026-06-18T16:36:52.359+0800][11.404s][info][gc,heap     ] GC(109) Reclaimed:         -                  -                28M (11%)          66M (26%)            -                  -          
[2026-06-18T16:36:52.360+0800][11.404s][info][gc          ] GC(109) Garbage Collection (Allocation Rate) 110M(43%)->48M(19%)
[2026-06-18T16:36:52.418+0800][11.463s][info][gc,start    ] GC(110) Garbage Collection (Allocation Rate)
[2026-06-18T16:36:52.422+0800][11.467s][info][gc,phases   ] GC(110) Pause Mark Start 0.478ms
[2026-06-18T16:36:52.427+0800][11.471s][info][gc,phases   ] GC(110) Concurrent Mark 2.313ms
[2026-06-18T16:36:52.430+0800][11.474s][info][gc,phases   ] GC(110) Pause Mark End 0.821ms
[2026-06-18T16:36:52.432+0800][11.476s][info][gc,phases   ] GC(110) Concurrent Process Non-Strong References 0.434ms
[2026-06-18T16:36:52.433+0800][11.477s][info][gc,phases   ] GC(110) Concurrent Reset Relocation Set 0.005ms
[2026-06-18T16:36:52.434+0800][11.478s][info][gc,phases   ] GC(110) Concurrent Destroy Detached Pages 0.001ms
[2026-06-18T16:36:52.436+0800][11.480s][info][gc,phases   ] GC(110) Concurrent Select Relocation Set 0.912ms
[2026-06-18T16:36:52.438+0800][11.482s][info][gc,phases   ] GC(110) Concurrent Prepare Relocation Set 0.011ms
[2026-06-18T16:36:52.439+0800][11.483s][info][gc,phases   ] GC(110) Pause Relocate Start 0.216ms
[2026-06-18T16:36:52.440+0800][11.484s][info][gc,phases   ] GC(110) Concurrent Relocate 0.694ms
[2026-06-18T16:36:52.441+0800][11.485s][info][gc,load     ] GC(110) Load: 0.93/0.43/0.26
[2026-06-18T16:36:52.441+0800][11.485s][info][gc,mmu      ] GC(110) MMU: 2ms/52.9%, 5ms/81.2%, 10ms/85.5%, 20ms/92.1%, 50ms/96.5%, 100ms/97.5%
[2026-06-18T16:36:52.441+0800][11.486s][info][gc,marking  ] GC(110) Mark: 2 stripe(s), 1 proactive flush(es), 1 terminate flush(es), 0 completion(s), 0 continuation(s) 
[2026-06-18T16:36:52.442+0800][11.486s][info][gc,reloc    ] GC(110) Relocation: Successful, 17M relocated
[2026-06-18T16:36:52.442+0800][11.486s][info][gc,nmethod  ] GC(110) NMethods: 23 registered, 0 unregistered
[2026-06-18T16:36:52.443+0800][11.487s][info][gc,metaspace] GC(110) Metaspace: 3M used, 4M capacity, 4M committed, 8M reserved
[2026-06-18T16:36:52.443+0800][11.487s][info][gc,ref      ] GC(110) Soft: 43 encountered, 0 discovered, 0 enqueued
[2026-06-18T16:36:52.443+0800][11.487s][info][gc,ref      ] GC(110) Weak: 7 encountered, 2 discovered, 0 enqueued
[2026-06-18T16:36:52.443+0800][11.488s][info][gc,ref      ] GC(110) Final: 0 encountered, 0 discovered, 0 enqueued
[2026-06-18T16:36:52.444+0800][11.488s][info][gc,ref      ] GC(110) Phantom: 1 encountered, 1 discovered, 0 enqueued
[2026-06-18T16:36:52.444+0800][11.488s][info][gc,heap     ] GC(110)                Mark Start          Mark End        Relocate Start      Relocate End           High               Low         
[2026-06-18T16:36:52.444+0800][11.489s][info][gc,heap     ] GC(110)  Capacity:      256M (100%)        256M (100%)        256M (100%)        256M (100%)        256M (100%)        256M (100%)   
[2026-06-18T16:36:52.445+0800][11.489s][info][gc,heap     ] GC(110)   Reserve:       62M (24%)          62M (24%)          62M (24%)          62M (24%)          62M (24%)          62M (24%)    
[2026-06-18T16:36:52.445+0800][11.489s][info][gc,heap     ] GC(110)      Free:      114M (45%)         110M (43%)         132M (52%)         146M (57%)         146M (57%)         110M (43%)    
[2026-06-18T16:36:52.445+0800][11.489s][info][gc,heap     ] GC(110)      Used:       80M (31%)          84M (33%)          62M (24%)          48M (19%)          84M (33%)          48M (19%)    
[2026-06-18T16:36:52.445+0800][11.490s][info][gc,heap     ] GC(110)      Live:         -                17M (7%)           17M (7%)           17M (7%)             -                  -          
[2026-06-18T16:36:52.446+0800][11.490s][info][gc,heap     ] GC(110) Allocated:         -                 4M (2%)            8M (3%)           16M (6%)             -                  -          
[2026-06-18T16:36:52.446+0800][11.490s][info][gc,heap     ] GC(110)   Garbage:         -                62M (24%)          36M (14%)          22M (9%)             -                  -          
[2026-06-18T16:36:52.446+0800][11.490s][info][gc,heap     ] GC(110) Reclaimed:         -                  -                26M (10%)          40M (16%)            -                  -          
[2026-06-18T16:36:52.446+0800][11.490s][info][gc          ] GC(110) Garbage Collection (Allocation Rate) 80M(31%)->48M(19%)
[2026-06-18T16:36:52.519+0800][11.563s][info][gc,start    ] GC(111) Garbage Collection (Allocation Rate)
[2026-06-18T16:36:52.522+0800][11.566s][info][gc,phases   ] GC(111) Pause Mark Start 0.422ms
[2026-06-18T16:36:52.526+0800][11.571s][info][gc,phases   ] GC(111) Concurrent Mark 2.228ms
[2026-06-18T16:36:52.529+0800][11.573s][info][gc,phases   ] GC(111) Pause Mark End 0.646ms
[2026-06-18T16:36:52.531+0800][11.575s][info][gc,phases   ] GC(111) Concurrent Process Non-Strong References 0.372ms
[2026-06-18T16:36:52.532+0800][11.576s][info][gc,phases   ] GC(111) Concurrent Reset Relocation Set 0.004ms
[2026-06-18T16:36:52.533+0800][11.577s][info][gc,phases   ] GC(111) Concurrent Destroy Detached Pages 0.001ms
[2026-06-18T16:36:52.534+0800][11.579s][info][gc,phases   ] GC(111) Concurrent Select Relocation Set 0.804ms
[2026-06-18T16:36:52.535+0800][11.579s][info][gc,phases   ] GC(111) Concurrent Prepare Relocation Set 0.007ms
[2026-06-18T16:36:52.536+0800][11.580s][info][gc,phases   ] GC(111) Pause Relocate Start 0.181ms
[2026-06-18T16:36:52.538+0800][11.583s][info][gc,phases   ] GC(111) Concurrent Relocate 1.418ms
[2026-06-18T16:36:52.539+0800][11.583s][info][gc,load     ] GC(111) Load: 0.93/0.43/0.26
[2026-06-18T16:36:52.540+0800][11.584s][info][gc,mmu      ] GC(111) MMU: 2ms/52.9%, 5ms/81.2%, 10ms/85.5%, 20ms/92.1%, 50ms/96.5%, 100ms/97.5%
[2026-06-18T16:36:52.540+0800][11.584s][info][gc,marking  ] GC(111) Mark: 2 stripe(s), 2 proactive flush(es), 1 terminate flush(es), 0 completion(s), 0 continuation(s) 
[2026-06-18T16:36:52.540+0800][11.585s][info][gc,reloc    ] GC(111) Relocation: Successful, 20M relocated
[2026-06-18T16:36:52.541+0800][11.585s][info][gc,nmethod  ] GC(111) NMethods: 23 registered, 0 unregistered
[2026-06-18T16:36:52.541+0800][11.586s][info][gc,metaspace] GC(111) Metaspace: 3M used, 4M capacity, 4M committed, 8M reserved
[2026-06-18T16:36:52.542+0800][11.586s][info][gc,ref      ] GC(111) Soft: 43 encountered, 0 discovered, 0 enqueued
[2026-06-18T16:36:52.542+0800][11.587s][info][gc,ref      ] GC(111) Weak: 7 encountered, 2 discovered, 0 enqueued
[2026-06-18T16:36:52.543+0800][11.587s][info][gc,ref      ] GC(111) Final: 0 encountered, 0 discovered, 0 enqueued
[2026-06-18T16:36:52.543+0800][11.587s][info][gc,ref      ] GC(111) Phantom: 1 encountered, 1 discovered, 0 enqueued
[2026-06-18T16:36:52.544+0800][11.588s][info][gc,heap     ] GC(111)                Mark Start          Mark End        Relocate Start      Relocate End           High               Low         
[2026-06-18T16:36:52.544+0800][11.588s][info][gc,heap     ] GC(111)  Capacity:      256M (100%)        256M (100%)        256M (100%)        256M (100%)        256M (100%)        256M (100%)   
[2026-06-18T16:36:52.544+0800][11.589s][info][gc,heap     ] GC(111)   Reserve:       62M (24%)          62M (24%)          62M (24%)          62M (24%)          62M (24%)          62M (24%)    
[2026-06-18T16:36:52.545+0800][11.589s][info][gc,heap     ] GC(111)      Free:       82M (32%)          82M (32%)         112M (44%)         148M (58%)         148M (58%)          78M (30%)    
[2026-06-18T16:36:52.545+0800][11.589s][info][gc,heap     ] GC(111)      Used:      112M (44%)         112M (44%)          82M (32%)          46M (18%)         116M (45%)          46M (18%)    
[2026-06-18T16:36:52.545+0800][11.589s][info][gc,heap     ] GC(111)      Live:         -                23M (9%)           23M (9%)           23M (9%)             -                  -          
[2026-06-18T16:36:52.545+0800][11.589s][info][gc,heap     ] GC(111) Allocated:         -                 0M (0%)            4M (2%)           40M (16%)            -                  -          
[2026-06-18T16:36:52.545+0800][11.590s][info][gc,heap     ] GC(111)   Garbage:         -                88M (35%)          54M (21%)          18M (7%)             -                  -          
[2026-06-18T16:36:52.546+0800][11.590s][info][gc,heap     ] GC(111) Reclaimed:         -                  -                34M (13%)          70M (27%)            -                  -          
[2026-06-18T16:36:52.546+0800][11.590s][info][gc          ] GC(111) Garbage Collection (Allocation Rate) 112M(44%)->46M(18%)
[2026-06-18T16:36:52.619+0800][11.663s][info][gc,start    ] GC(112) Garbage Collection (Allocation Rate)
[2026-06-18T16:36:52.622+0800][11.666s][info][gc,phases   ] GC(112) Pause Mark Start 0.409ms
[2026-06-18T16:36:52.626+0800][11.670s][info][gc,phases   ] GC(112) Concurrent Mark 2.005ms
[2026-06-18T16:36:52.628+0800][11.672s][info][gc,phases   ] GC(112) Pause Mark End 0.401ms
[2026-06-18T16:36:52.629+0800][11.673s][info][gc,phases   ] GC(112) Concurrent Process Non-Strong References 0.164ms
[2026-06-18T16:36:52.630+0800][11.674s][info][gc,phases   ] GC(112) Concurrent Reset Relocation Set 0.003ms
[2026-06-18T16:36:52.631+0800][11.675s][info][gc,phases   ] GC(112) Concurrent Destroy Detached Pages 0.001ms
[2026-06-18T16:36:52.632+0800][11.676s][info][gc,phases   ] GC(112) Concurrent Select Relocation Set 0.534ms
[2026-06-18T16:36:52.633+0800][11.677s][info][gc,phases   ] GC(112) Concurrent Prepare Relocation Set 0.002ms
[2026-06-18T16:36:52.633+0800][11.678s][info][gc,phases   ] GC(112) Pause Relocate Start 0.171ms
[2026-06-18T16:36:52.634+0800][11.678s][info][gc,phases   ] GC(112) Concurrent Relocate 0.243ms
[2026-06-18T16:36:52.635+0800][11.679s][info][gc,load     ] GC(112) Load: 0.93/0.43/0.26
[2026-06-18T16:36:52.635+0800][11.679s][info][gc,mmu      ] GC(112) MMU: 2ms/52.9%, 5ms/81.2%, 10ms/85.5%, 20ms/92.1%, 50ms/96.5%, 100ms/97.5%
[2026-06-18T16:36:52.636+0800][11.680s][info][gc,marking  ] GC(112) Mark: 2 stripe(s), 1 proactive flush(es), 1 terminate flush(es), 0 completion(s), 0 continuation(s) 
[2026-06-18T16:36:52.636+0800][11.680s][info][gc,reloc    ] GC(112) Relocation: Successful, 20M relocated
[2026-06-18T16:36:52.636+0800][11.680s][info][gc,nmethod  ] GC(112) NMethods: 23 registered, 0 unregistered
[2026-06-18T16:36:52.636+0800][11.681s][info][gc,metaspace] GC(112) Metaspace: 3M used, 4M capacity, 4M committed, 8M reserved
[2026-06-18T16:36:52.637+0800][11.681s][info][gc,ref      ] GC(112) Soft: 43 encountered, 0 discovered, 0 enqueued
[2026-06-18T16:36:52.637+0800][11.681s][info][gc,ref      ] GC(112) Weak: 7 encountered, 0 discovered, 0 enqueued
[2026-06-18T16:36:52.637+0800][11.681s][info][gc,ref      ] GC(112) Final: 0 encountered, 0 discovered, 0 enqueued
[2026-06-18T16:36:52.637+0800][11.681s][info][gc,ref      ] GC(112) Phantom: 1 encountered, 0 discovered, 0 enqueued
[2026-06-18T16:36:52.637+0800][11.682s][info][gc,heap     ] GC(112)                Mark Start          Mark End        Relocate Start      Relocate End           High               Low         
[2026-06-18T16:36:52.638+0800][11.682s][info][gc,heap     ] GC(112)  Capacity:      256M (100%)        256M (100%)        256M (100%)        256M (100%)        256M (100%)        256M (100%)   
[2026-06-18T16:36:52.638+0800][11.682s][info][gc,heap     ] GC(112)   Reserve:       62M (24%)          62M (24%)          62M (24%)          62M (24%)          62M (24%)          62M (24%)    
[2026-06-18T16:36:52.638+0800][11.682s][info][gc,heap     ] GC(112)      Free:      116M (45%)         112M (44%)         140M (55%)         150M (59%)         150M (59%)         112M (44%)    
[2026-06-18T16:36:52.638+0800][11.682s][info][gc,heap     ] GC(112)      Used:       78M (30%)          82M (32%)          54M (21%)          44M (17%)          82M (32%)          44M (17%)    
[2026-06-18T16:36:52.638+0800][11.683s][info][gc,heap     ] GC(112)      Live:         -                21M (9%)           21M (9%)           21M (9%)             -                  -          
[2026-06-18T16:36:52.639+0800][11.683s][info][gc,heap     ] GC(112) Allocated:         -                 4M (2%)            4M (2%)            8M (3%)             -                  -          
[2026-06-18T16:36:52.639+0800][11.683s][info][gc,heap     ] GC(112)   Garbage:         -                56M (22%)          28M (11%)          18M (7%)             -                  -          
[2026-06-18T16:36:52.639+0800][11.683s][info][gc,heap     ] GC(112) Reclaimed:         -                  -                28M (11%)          38M (15%)            -                  -          
[2026-06-18T16:36:52.639+0800][11.683s][info][gc          ] GC(112) Garbage Collection (Allocation Rate) 78M(30%)->44M(17%)
[2026-06-18T16:36:52.719+0800][11.763s][info][gc,start    ] GC(113) Garbage Collection (Allocation Rate)
[2026-06-18T16:36:52.722+0800][11.766s][info][gc,phases   ] GC(113) Pause Mark Start 0.965ms
[2026-06-18T16:36:52.726+0800][11.770s][info][gc,phases   ] GC(113) Concurrent Mark 2.098ms
[2026-06-18T16:36:52.729+0800][11.773s][info][gc,phases   ] GC(113) Pause Mark End 0.520ms
[2026-06-18T16:36:52.730+0800][11.774s][info][gc,phases   ] GC(113) Concurrent Process Non-Strong References 0.207ms
[2026-06-18T16:36:52.731+0800][11.775s][info][gc,phases   ] GC(113) Concurrent Reset Relocation Set 0.003ms
[2026-06-18T16:36:52.732+0800][11.776s][info][gc,phases   ] GC(113) Concurrent Destroy Detached Pages 0.001ms
[2026-06-18T16:36:52.733+0800][11.777s][info][gc,phases   ] GC(113) Concurrent Select Relocation Set 0.574ms
[2026-06-18T16:36:52.734+0800][11.778s][info][gc,phases   ] GC(113) Concurrent Prepare Relocation Set 0.002ms
[2026-06-18T16:36:52.734+0800][11.778s][info][gc,phases   ] GC(113) Pause Relocate Start 0.129ms
[2026-06-18T16:36:52.736+0800][11.781s][info][gc,phases   ] GC(113) Concurrent Relocate 1.733ms
[2026-06-18T16:36:52.737+0800][11.781s][info][gc,load     ] GC(113) Load: 0.93/0.43/0.26
[2026-06-18T16:36:52.737+0800][11.782s][info][gc,mmu      ] GC(113) MMU: 2ms/51.7%, 5ms/80.7%, 10ms/85.1%, 20ms/91.9%, 50ms/96.5%, 100ms/97.5%
[2026-06-18T16:36:52.738+0800][11.782s][info][gc,marking  ] GC(113) Mark: 2 stripe(s), 2 proactive flush(es), 1 terminate flush(es), 0 completion(s), 0 continuation(s) 
[2026-06-18T16:36:52.738+0800][11.782s][info][gc,reloc    ] GC(113) Relocation: Successful, 24M relocated
[2026-06-18T16:36:52.738+0800][11.783s][info][gc,nmethod  ] GC(113) NMethods: 23 registered, 0 unregistered
[2026-06-18T16:36:52.740+0800][11.784s][info][gc,metaspace] GC(113) Metaspace: 3M used, 4M capacity, 4M committed, 8M reserved
[2026-06-18T16:36:52.740+0800][11.784s][info][gc,ref      ] GC(113) Soft: 43 encountered, 0 discovered, 0 enqueued
[2026-06-18T16:36:52.740+0800][11.785s][info][gc,ref      ] GC(113) Weak: 7 encountered, 0 discovered, 0 enqueued
[2026-06-18T16:36:52.741+0800][11.785s][info][gc,ref      ] GC(113) Final: 0 encountered, 0 discovered, 0 enqueued
[2026-06-18T16:36:52.741+0800][11.785s][info][gc,ref      ] GC(113) Phantom: 1 encountered, 0 discovered, 0 enqueued
[2026-06-18T16:36:52.741+0800][11.785s][info][gc,heap     ] GC(113)                Mark Start          Mark End        Relocate Start      Relocate End           High               Low         
[2026-06-18T16:36:52.741+0800][11.786s][info][gc,heap     ] GC(113)  Capacity:      256M (100%)        256M (100%)        256M (100%)        256M (100%)        256M (100%)        256M (100%)   
[2026-06-18T16:36:52.742+0800][11.786s][info][gc,heap     ] GC(113)   Reserve:       62M (24%)          62M (24%)          62M (24%)          62M (24%)          62M (24%)          62M (24%)    
[2026-06-18T16:36:52.742+0800][11.786s][info][gc,heap     ] GC(113)      Free:       86M (34%)          82M (32%)         108M (42%)         140M (55%)         140M (55%)          70M (27%)    
[2026-06-18T16:36:52.742+0800][11.786s][info][gc,heap     ] GC(113)      Used:      108M (42%)         112M (44%)          86M (34%)          54M (21%)         124M (48%)          54M (21%)    
[2026-06-18T16:36:52.742+0800][11.786s][info][gc,heap     ] GC(113)      Live:         -                28M (11%)          28M (11%)          28M (11%)            -                  -          
[2026-06-18T16:36:52.742+0800][11.787s][info][gc,heap     ] GC(113) Allocated:         -                 4M (2%)            4M (2%)           46M (18%)            -                  -          
[2026-06-18T16:36:52.743+0800][11.787s][info][gc,heap     ] GC(113)   Garbage:         -                79M (31%)          53M (21%)          17M (7%)             -                  -          
[2026-06-18T16:36:52.743+0800][11.787s][info][gc,heap     ] GC(113) Reclaimed:         -                  -                26M (10%)          62M (24%)            -                  -          
[2026-06-18T16:36:52.743+0800][11.787s][info][gc          ] GC(113) Garbage Collection (Allocation Rate) 108M(42%)->54M(21%)
[2026-06-18T16:36:52.818+0800][11.863s][info][gc,start    ] GC(114) Garbage Collection (Allocation Rate)
[2026-06-18T16:36:52.821+0800][11.865s][info][gc,phases   ] GC(114) Pause Mark Start 0.250ms
[2026-06-18T16:36:52.825+0800][11.869s][info][gc,phases   ] GC(114) Concurrent Mark 1.920ms
[2026-06-18T16:36:52.827+0800][11.871s][info][gc,phases   ] GC(114) Pause Mark End 0.394ms
[2026-06-18T16:36:52.828+0800][11.872s][info][gc,phases   ] GC(114) Concurrent Process Non-Strong References 0.114ms
[2026-06-18T16:36:52.829+0800][11.873s][info][gc,phases   ] GC(114) Concurrent Reset Relocation Set 0.004ms
[2026-06-18T16:36:52.829+0800][11.873s][info][gc,phases   ] GC(114) Concurrent Destroy Detached Pages 0.001ms
[2026-06-18T16:36:52.830+0800][11.875s][info][gc,phases   ] GC(114) Concurrent Select Relocation Set 0.538ms
[2026-06-18T16:36:52.831+0800][11.875s][info][gc,phases   ] GC(114) Concurrent Prepare Relocation Set 0.009ms
[2026-06-18T16:36:52.832+0800][11.876s][info][gc,phases   ] GC(114) Pause Relocate Start 0.169ms
[2026-06-18T16:36:52.833+0800][11.877s][info][gc,phases   ] GC(114) Concurrent Relocate 0.369ms
[2026-06-18T16:36:52.833+0800][11.878s][info][gc,load     ] GC(114) Load: 0.93/0.43/0.26
[2026-06-18T16:36:52.834+0800][11.878s][info][gc,mmu      ] GC(114) MMU: 2ms/51.7%, 5ms/80.7%, 10ms/85.1%, 20ms/91.9%, 50ms/96.5%, 100ms/97.5%
[2026-06-18T16:36:52.834+0800][11.878s][info][gc,marking  ] GC(114) Mark: 2 stripe(s), 1 proactive flush(es), 1 terminate flush(es), 0 completion(s), 0 continuation(s) 
[2026-06-18T16:36:52.835+0800][11.879s][info][gc,reloc    ] GC(114) Relocation: Successful, 23M relocated
[2026-06-18T16:36:52.837+0800][11.881s][info][gc,nmethod  ] GC(114) NMethods: 23 registered, 0 unregistered
[2026-06-18T16:36:52.839+0800][11.883s][info][gc,metaspace] GC(114) Metaspace: 3M used, 4M capacity, 4M committed, 8M reserved
[2026-06-18T16:36:52.843+0800][11.887s][info][gc,ref      ] GC(114) Soft: 43 encountered, 0 discovered, 0 enqueued
[2026-06-18T16:36:52.844+0800][11.888s][info][gc,ref      ] GC(114) Weak: 7 encountered, 2 discovered, 0 enqueued
[2026-06-18T16:36:52.848+0800][11.893s][info][gc,ref      ] GC(114) Final: 0 encountered, 0 discovered, 0 enqueued
[2026-06-18T16:36:52.852+0800][11.897s][info][gc,ref      ] GC(114) Phantom: 1 encountered, 1 discovered, 0 enqueued
[2026-06-18T16:36:52.856+0800][11.900s][info][gc,heap     ] GC(114)                Mark Start          Mark End        Relocate Start      Relocate End           High               Low         
[2026-06-18T16:36:52.856+0800][11.901s][info][gc,heap     ] GC(114)  Capacity:      256M (100%)        256M (100%)        256M (100%)        256M (100%)        256M (100%)        256M (100%)   
[2026-06-18T16:36:52.857+0800][11.901s][info][gc,heap     ] GC(114)   Reserve:       62M (24%)          62M (24%)          62M (24%)          62M (24%)          62M (24%)          62M (24%)    
[2026-06-18T16:36:52.857+0800][11.902s][info][gc,heap     ] GC(114)      Free:      108M (42%)         108M (42%)         104M (41%)         116M (45%)         140M (55%)         102M (40%)    
[2026-06-18T16:36:52.858+0800][11.902s][info][gc,heap     ] GC(114)      Used:       86M (34%)          86M (34%)          90M (35%)          78M (30%)          92M (36%)          54M (21%)    
[2026-06-18T16:36:52.858+0800][11.903s][info][gc,heap     ] GC(114)      Live:         -                24M (10%)          24M (10%)          24M (10%)            -                  -          
[2026-06-18T16:36:52.859+0800][11.903s][info][gc,heap     ] GC(114) Allocated:         -                 0M (0%)           38M (15%)          44M (17%)            -                  -          
[2026-06-18T16:36:52.860+0800][11.905s][info][gc,heap     ] GC(114)   Garbage:         -                61M (24%)          27M (11%)          15M (6%)             -                  -          
[2026-06-18T16:36:52.862+0800][11.906s][info][gc,heap     ] GC(114) Reclaimed:         -                  -                34M (13%)          46M (18%)            -                  -          
[2026-06-18T16:36:52.863+0800][11.907s][info][gc          ] GC(114) Garbage Collection (Allocation Rate) 86M(34%)->78M(30%)
[2026-06-18T16:36:52.920+0800][11.964s][info][gc,start    ] GC(115) Garbage Collection (Allocation Rate)
[2026-06-18T16:36:52.923+0800][11.967s][info][gc,phases   ] GC(115) Pause Mark Start 0.501ms
[2026-06-18T16:36:52.927+0800][11.972s][info][gc,phases   ] GC(115) Concurrent Mark 2.410ms
[2026-06-18T16:36:52.930+0800][11.974s][info][gc,phases   ] GC(115) Pause Mark End 0.619ms
[2026-06-18T16:36:52.932+0800][11.976s][info][gc,phases   ] GC(115) Concurrent Process Non-Strong References 0.253ms
[2026-06-18T16:36:52.933+0800][11.977s][info][gc,phases   ] GC(115) Concurrent Reset Relocation Set 0.004ms
[2026-06-18T16:36:52.933+0800][11.977s][info][gc,phases   ] GC(115) Concurrent Destroy Detached Pages 0.001ms
[2026-06-18T16:36:52.935+0800][11.979s][info][gc,phases   ] GC(115) Concurrent Select Relocation Set 0.746ms
[2026-06-18T16:36:52.935+0800][11.980s][info][gc,phases   ] GC(115) Concurrent Prepare Relocation Set 0.002ms
[2026-06-18T16:36:52.936+0800][11.980s][info][gc,phases   ] GC(115) Pause Relocate Start 0.169ms
[2026-06-18T16:36:52.938+0800][11.982s][info][gc,phases   ] GC(115) Concurrent Relocate 1.372ms
[2026-06-18T16:36:52.939+0800][11.983s][info][gc,load     ] GC(115) Load: 0.93/0.43/0.26
[2026-06-18T16:36:52.939+0800][11.984s][info][gc,mmu      ] GC(115) MMU: 2ms/51.7%, 5ms/80.7%, 10ms/85.1%, 20ms/91.9%, 50ms/96.5%, 100ms/97.5%
[2026-06-18T16:36:52.940+0800][11.984s][info][gc,marking  ] GC(115) Mark: 2 stripe(s), 2 proactive flush(es), 1 terminate flush(es), 0 completion(s), 0 continuation(s) 
[2026-06-18T16:36:52.940+0800][11.985s][info][gc,reloc    ] GC(115) Relocation: Successful, 19M relocated
[2026-06-18T16:36:52.941+0800][11.985s][info][gc,nmethod  ] GC(115) NMethods: 23 registered, 0 unregistered
[2026-06-18T16:36:52.941+0800][11.986s][info][gc,metaspace] GC(115) Metaspace: 3M used, 4M capacity, 4M committed, 8M reserved
[2026-06-18T16:36:52.942+0800][11.986s][info][gc,ref      ] GC(115) Soft: 43 encountered, 0 discovered, 0 enqueued
[2026-06-18T16:36:52.942+0800][11.986s][info][gc,ref      ] GC(115) Weak: 7 encountered, 2 discovered, 0 enqueued
[2026-06-18T16:36:52.942+0800][11.987s][info][gc,ref      ] GC(115) Final: 0 encountered, 0 discovered, 0 enqueued
[2026-06-18T16:36:52.943+0800][11.987s][info][gc,ref      ] GC(115) Phantom: 1 encountered, 1 discovered, 0 enqueued
[2026-06-18T16:36:52.943+0800][11.987s][info][gc,heap     ] GC(115)                Mark Start          Mark End        Relocate Start      Relocate End           High               Low         
[2026-06-18T16:36:52.943+0800][11.987s][info][gc,heap     ] GC(115)  Capacity:      256M (100%)        256M (100%)        256M (100%)        256M (100%)        256M (100%)        256M (100%)   
[2026-06-18T16:36:52.943+0800][11.988s][info][gc,heap     ] GC(115)   Reserve:       62M (24%)          62M (24%)          62M (24%)          62M (24%)          62M (24%)          62M (24%)    
[2026-06-18T16:36:52.944+0800][11.988s][info][gc,heap     ] GC(115)      Free:       86M (34%)          48M (19%)          74M (29%)         146M (57%)         146M (57%)          48M (19%)    
[2026-06-18T16:36:52.944+0800][11.988s][info][gc,heap     ] GC(115)      Used:      108M (42%)         146M (57%)         120M (47%)          48M (19%)         146M (57%)          48M (19%)    
[2026-06-18T16:36:52.944+0800][11.988s][info][gc,heap     ] GC(115)      Live:         -                20M (8%)           20M (8%)           20M (8%)             -                  -          
[2026-06-18T16:36:52.944+0800][11.989s][info][gc,heap     ] GC(115) Allocated:         -                38M (15%)          40M (16%)          44M (17%)            -                  -          
[2026-06-18T16:36:52.945+0800][11.989s][info][gc,heap     ] GC(115)   Garbage:         -                87M (34%)          59M (23%)    17592186044403M (6         -                  -          
[2026-06-18T16:36:52.945+0800][11.989s][info][gc,heap     ] GC(115) Reclaimed:         -                  -                28M (11%)         100M (39%)            -                  -          
[2026-06-18T16:36:52.945+0800][11.989s][info][gc          ] GC(115) Garbage Collection (Allocation Rate) 108M(42%)->48M(19%)
[2026-06-18T16:36:53.019+0800][12.063s][info][gc,start    ] GC(116) Garbage Collection (Allocation Rate)
[2026-06-18T16:36:53.022+0800][12.066s][info][gc,phases   ] GC(116) Pause Mark Start 0.790ms
[2026-06-18T16:36:53.026+0800][12.070s][info][gc,phases   ] GC(116) Concurrent Mark 2.625ms
[2026-06-18T16:36:53.028+0800][12.072s][info][gc,phases   ] GC(116) Pause Mark End 0.390ms
[2026-06-18T16:36:53.029+0800][12.074s][info][gc,phases   ] GC(116) Concurrent Process Non-Strong References 0.476ms
[2026-06-18T16:36:53.031+0800][12.075s][info][gc,phases   ] GC(116) Concurrent Reset Relocation Set 0.003ms
[2026-06-18T16:36:53.033+0800][12.077s][info][gc,phases   ] GC(116) Concurrent Destroy Detached Pages 0.001ms
[2026-06-18T16:36:53.034+0800][12.078s][info][gc,phases   ] GC(116) Concurrent Select Relocation Set 0.535ms
[2026-06-18T16:36:53.035+0800][12.079s][info][gc,phases   ] GC(116) Concurrent Prepare Relocation Set 0.002ms
[2026-06-18T16:36:53.036+0800][12.080s][info][gc,phases   ] GC(116) Pause Relocate Start 0.133ms
[2026-06-18T16:36:53.037+0800][12.081s][info][gc,phases   ] GC(116) Concurrent Relocate 0.196ms
[2026-06-18T16:36:53.037+0800][12.082s][info][gc,load     ] GC(116) Load: 0.93/0.43/0.26
[2026-06-18T16:36:53.038+0800][12.082s][info][gc,mmu      ] GC(116) MMU: 2ms/51.7%, 5ms/80.7%, 10ms/85.1%, 20ms/91.9%, 50ms/96.5%, 100ms/97.5%
[2026-06-18T16:36:53.038+0800][12.082s][info][gc,marking  ] GC(116) Mark: 2 stripe(s), 2 proactive flush(es), 1 terminate flush(es), 0 completion(s), 0 continuation(s) 
[2026-06-18T16:36:53.038+0800][12.082s][info][gc,reloc    ] GC(116) Relocation: Successful, 24M relocated
[2026-06-18T16:36:53.039+0800][12.083s][info][gc,nmethod  ] GC(116) NMethods: 23 registered, 0 unregistered
[2026-06-18T16:36:53.039+0800][12.083s][info][gc,metaspace] GC(116) Metaspace: 3M used, 4M capacity, 4M committed, 8M reserved
[2026-06-18T16:36:53.039+0800][12.083s][info][gc,ref      ] GC(116) Soft: 43 encountered, 0 discovered, 0 enqueued
[2026-06-18T16:36:53.039+0800][12.083s][info][gc,ref      ] GC(116) Weak: 7 encountered, 2 discovered, 0 enqueued
[2026-06-18T16:36:53.040+0800][12.084s][info][gc,ref      ] GC(116) Final: 0 encountered, 0 discovered, 0 enqueued
[2026-06-18T16:36:53.040+0800][12.084s][info][gc,ref      ] GC(116) Phantom: 1 encountered, 1 discovered, 0 enqueued
[2026-06-18T16:36:53.040+0800][12.084s][info][gc,heap     ] GC(116)                Mark Start          Mark End        Relocate Start      Relocate End           High               Low         
[2026-06-18T16:36:53.040+0800][12.084s][info][gc,heap     ] GC(116)  Capacity:      256M (100%)        256M (100%)        256M (100%)        256M (100%)        256M (100%)        256M (100%)   
[2026-06-18T16:36:53.040+0800][12.085s][info][gc,heap     ] GC(116)   Reserve:       62M (24%)          62M (24%)          62M (24%)          62M (24%)          62M (24%)          62M (24%)    
[2026-06-18T16:36:53.041+0800][12.085s][info][gc,heap     ] GC(116)      Free:      116M (45%)          80M (31%)          98M (38%)         108M (42%)         116M (45%)          80M (31%)    
[2026-06-18T16:36:53.041+0800][12.085s][info][gc,heap     ] GC(116)      Used:       78M (30%)         114M (45%)          96M (38%)          86M (34%)         114M (45%)          78M (30%)    
[2026-06-18T16:36:53.041+0800][12.085s][info][gc,heap     ] GC(116)      Live:         -                28M (11%)          28M (11%)          28M (11%)            -                  -          
[2026-06-18T16:36:53.041+0800][12.085s][info][gc,heap     ] GC(116) Allocated:         -                36M (14%)          40M (16%)          46M (18%)            -                  -          
[2026-06-18T16:36:53.042+0800][12.086s][info][gc,heap     ] GC(116)   Garbage:         -                49M (19%)          27M (11%)          17M (7%)             -                  -          
[2026-06-18T16:36:53.042+0800][12.086s][info][gc,heap     ] GC(116) Reclaimed:         -                  -                22M (9%)           32M (12%)            -                  -          
[2026-06-18T16:36:53.043+0800][12.087s][info][gc          ] GC(116) Garbage Collection (Allocation Rate) 78M(30%)->86M(34%)
[2026-06-18T16:36:53.119+0800][12.163s][info][gc,start    ] GC(117) Garbage Collection (Allocation Rate)
[2026-06-18T16:36:53.123+0800][12.167s][info][gc,phases   ] GC(117) Pause Mark Start 0.680ms
[2026-06-18T16:36:53.127+0800][12.171s][info][gc,phases   ] GC(117) Concurrent Mark 1.990ms
[2026-06-18T16:36:53.129+0800][12.174s][info][gc,phases   ] GC(117) Pause Mark End 0.580ms
[2026-06-18T16:36:53.131+0800][12.175s][info][gc,phases   ] GC(117) Concurrent Process Non-Strong References 0.231ms
[2026-06-18T16:36:53.132+0800][12.176s][info][gc,phases   ] GC(117) Concurrent Reset Relocation Set 0.004ms
[2026-06-18T16:36:53.133+0800][12.177s][info][gc,phases   ] GC(117) Concurrent Destroy Detached Pages 0.001ms
[2026-06-18T16:36:53.134+0800][12.178s][info][gc,phases   ] GC(117) Concurrent Select Relocation Set 0.896ms
[2026-06-18T16:36:53.135+0800][12.179s][info][gc,phases   ] GC(117) Concurrent Prepare Relocation Set 0.018ms
[2026-06-18T16:36:53.135+0800][12.180s][info][gc,phases   ] GC(117) Pause Relocate Start 0.174ms
[2026-06-18T16:36:53.138+0800][12.182s][info][gc,phases   ] GC(117) Concurrent Relocate 1.569ms
[2026-06-18T16:36:53.139+0800][12.183s][info][gc,load     ] GC(117) Load: 0.93/0.43/0.26
[2026-06-18T16:36:53.139+0800][12.183s][info][gc,mmu      ] GC(117) MMU: 2ms/51.7%, 5ms/80.7%, 10ms/85.1%, 20ms/91.9%, 50ms/96.5%, 100ms/97.5%
[2026-06-18T16:36:53.140+0800][12.184s][info][gc,marking  ] GC(117) Mark: 2 stripe(s), 1 proactive flush(es), 1 terminate flush(es), 0 completion(s), 0 continuation(s) 
[2026-06-18T16:36:53.140+0800][12.185s][info][gc,reloc    ] GC(117) Relocation: Successful, 25M relocated
[2026-06-18T16:36:53.141+0800][12.185s][info][gc,nmethod  ] GC(117) NMethods: 23 registered, 0 unregistered
[2026-06-18T16:36:53.141+0800][12.185s][info][gc,metaspace] GC(117) Metaspace: 3M used, 4M capacity, 4M committed, 8M reserved
[2026-06-18T16:36:53.141+0800][12.186s][info][gc,ref      ] GC(117) Soft: 43 encountered, 0 discovered, 0 enqueued
[2026-06-18T16:36:53.142+0800][12.186s][info][gc,ref      ] GC(117) Weak: 7 encountered, 2 discovered, 0 enqueued
[2026-06-18T16:36:53.142+0800][12.186s][info][gc,ref      ] GC(117) Final: 0 encountered, 0 discovered, 0 enqueued
[2026-06-18T16:36:53.142+0800][12.186s][info][gc,ref      ] GC(117) Phantom: 1 encountered, 1 discovered, 0 enqueued
[2026-06-18T16:36:53.142+0800][12.186s][info][gc,heap     ] GC(117)                Mark Start          Mark End        Relocate Start      Relocate End           High               Low         
[2026-06-18T16:36:53.142+0800][12.187s][info][gc,heap     ] GC(117)  Capacity:      256M (100%)        256M (100%)        256M (100%)        256M (100%)        256M (100%)        256M (100%)   
[2026-06-18T16:36:53.143+0800][12.187s][info][gc,heap     ] GC(117)   Reserve:       62M (24%)          62M (24%)          62M (24%)          62M (24%)          62M (24%)          62M (24%)    
[2026-06-18T16:36:53.143+0800][12.187s][info][gc,heap     ] GC(117)      Free:       78M (30%)          78M (30%)         104M (41%)         144M (56%)         144M (56%)          66M (26%)    
[2026-06-18T16:36:53.143+0800][12.187s][info][gc,heap     ] GC(117)      Used:      116M (45%)         116M (45%)          90M (35%)          50M (20%)         128M (50%)          50M (20%)    
[2026-06-18T16:36:53.143+0800][12.187s][info][gc,heap     ] GC(117)      Live:         -                25M (10%)          25M (10%)          25M (10%)            -                  -          
[2026-06-18T16:36:53.143+0800][12.188s][info][gc,heap     ] GC(117) Allocated:         -                 0M (0%)            4M (2%)           46M (18%)            -                  -          
[2026-06-18T16:36:53.144+0800][12.188s][info][gc,heap     ] GC(117)   Garbage:         -                90M (35%)          60M (24%)          20M (8%)             -                  -          
[2026-06-18T16:36:53.144+0800][12.188s][info][gc,heap     ] GC(117) Reclaimed:         -                  -                30M (12%)          70M (27%)            -                  -          
[2026-06-18T16:36:53.144+0800][12.188s][info][gc          ] GC(117) Garbage Collection (Allocation Rate) 116M(45%)->50M(20%)
[2026-06-18T16:36:53.218+0800][12.263s][info][gc,start    ] GC(118) Garbage Collection (Allocation Rate)
[2026-06-18T16:36:53.221+0800][12.266s][info][gc,phases   ] GC(118) Pause Mark Start 0.505ms
[2026-06-18T16:36:53.225+0800][12.269s][info][gc,phases   ] GC(118) Concurrent Mark 1.784ms
[2026-06-18T16:36:53.227+0800][12.272s][info][gc,phases   ] GC(118) Pause Mark End 0.545ms
[2026-06-18T16:36:53.230+0800][12.274s][info][gc,phases   ] GC(118) Concurrent Process Non-Strong References 0.245ms
[2026-06-18T16:36:53.232+0800][12.276s][info][gc,phases   ] GC(118) Concurrent Reset Relocation Set 0.007ms
[2026-06-18T16:36:53.233+0800][12.277s][info][gc,phases   ] GC(118) Concurrent Destroy Detached Pages 0.002ms
[2026-06-18T16:36:53.236+0800][12.280s][info][gc,phases   ] GC(118) Concurrent Select Relocation Set 0.947ms
[2026-06-18T16:36:53.237+0800][12.281s][info][gc,phases   ] GC(118) Concurrent Prepare Relocation Set 0.012ms
[2026-06-18T16:36:53.239+0800][12.283s][info][gc,phases   ] GC(118) Pause Relocate Start 0.319ms
[2026-06-18T16:36:53.241+0800][12.285s][info][gc,phases   ] GC(118) Concurrent Relocate 0.608ms
[2026-06-18T16:36:53.243+0800][12.287s][info][gc,load     ] GC(118) Load: 0.93/0.43/0.26
[2026-06-18T16:36:53.244+0800][12.288s][info][gc,mmu      ] GC(118) MMU: 2ms/51.7%, 5ms/80.7%, 10ms/85.1%, 20ms/91.9%, 50ms/96.5%, 100ms/97.5%
[2026-06-18T16:36:53.246+0800][12.290s][info][gc,marking  ] GC(118) Mark: 2 stripe(s), 1 proactive flush(es), 1 terminate flush(es), 0 completion(s), 0 continuation(s) 
[2026-06-18T16:36:53.248+0800][12.292s][info][gc,reloc    ] GC(118) Relocation: Successful, 22M relocated
[2026-06-18T16:36:53.251+0800][12.296s][info][gc,nmethod  ] GC(118) NMethods: 23 registered, 0 unregistered
[2026-06-18T16:36:53.253+0800][12.297s][info][gc,metaspace] GC(118) Metaspace: 3M used, 4M capacity, 4M committed, 8M reserved
[2026-06-18T16:36:53.256+0800][12.300s][info][gc,ref      ] GC(118) Soft: 43 encountered, 0 discovered, 0 enqueued
[2026-06-18T16:36:53.258+0800][12.303s][info][gc,ref      ] GC(118) Weak: 7 encountered, 2 discovered, 0 enqueued
[2026-06-18T16:36:53.261+0800][12.305s][info][gc,ref      ] GC(118) Final: 0 encountered, 0 discovered, 0 enqueued
[2026-06-18T16:36:53.265+0800][12.309s][info][gc,ref      ] GC(118) Phantom: 1 encountered, 1 discovered, 0 enqueued
[2026-06-18T16:36:53.268+0800][12.313s][info][gc,heap     ] GC(118)                Mark Start          Mark End        Relocate Start      Relocate End           High               Low         
[2026-06-18T16:36:53.270+0800][12.314s][info][gc,heap     ] GC(118)  Capacity:      256M (100%)        256M (100%)        256M (100%)        256M (100%)        256M (100%)        256M (100%)   
[2026-06-18T16:36:53.272+0800][12.316s][info][gc,heap     ] GC(118)   Reserve:       62M (24%)          62M (24%)          62M (24%)          62M (24%)          62M (24%)          62M (24%)    
[2026-06-18T16:36:53.275+0800][12.319s][info][gc,heap     ] GC(118)      Free:      114M (45%)         110M (43%)         138M (54%)         146M (57%)         146M (57%)         110M (43%)    
[2026-06-18T16:36:53.277+0800][12.321s][info][gc,heap     ] GC(118)      Used:       80M (31%)          84M (33%)          56M (22%)          48M (19%)          84M (33%)          48M (19%)    
[2026-06-18T16:36:53.279+0800][12.323s][info][gc,heap     ] GC(118)      Live:         -                22M (9%)           22M (9%)           22M (9%)             -                  -          
[2026-06-18T16:36:53.281+0800][12.325s][info][gc,heap     ] GC(118) Allocated:         -                 4M (2%)            8M (3%)           16M (6%)             -                  -          
[2026-06-18T16:36:53.283+0800][12.327s][info][gc,heap     ] GC(118)   Garbage:         -                57M (22%)          25M (10%)          17M (7%)             -                  -          
[2026-06-18T16:36:53.284+0800][12.329s][info][gc,heap     ] GC(118) Reclaimed:         -                  -                32M (12%)          40M (16%)            -                  -          
[2026-06-18T16:36:53.286+0800][12.330s][info][gc          ] GC(118) Garbage Collection (Allocation Rate) 80M(31%)->48M(19%)
[2026-06-18T16:36:53.318+0800][12.363s][info][gc,start    ] GC(119) Garbage Collection (Allocation Rate)
[2026-06-18T16:36:53.320+0800][12.365s][info][gc,phases   ] GC(119) Pause Mark Start 0.197ms
[2026-06-18T16:36:53.323+0800][12.367s][info][gc,phases   ] GC(119) Concurrent Mark 1.562ms
[2026-06-18T16:36:53.324+0800][12.369s][info][gc,phases   ] GC(119) Pause Mark End 0.253ms
[2026-06-18T16:36:53.325+0800][12.370s][info][gc,phases   ] GC(119) Concurrent Process Non-Strong References 0.093ms
[2026-06-18T16:36:53.326+0800][12.371s][info][gc,phases   ] GC(119) Concurrent Reset Relocation Set 0.002ms
[2026-06-18T16:36:53.327+0800][12.371s][info][gc,phases   ] GC(119) Concurrent Destroy Detached Pages 0.001ms
[2026-06-18T16:36:53.328+0800][12.372s][info][gc,phases   ] GC(119) Concurrent Select Relocation Set 0.472ms
[2026-06-18T16:36:53.329+0800][12.373s][info][gc,phases   ] GC(119) Concurrent Prepare Relocation Set 0.004ms
[2026-06-18T16:36:53.330+0800][12.374s][info][gc,phases   ] GC(119) Pause Relocate Start 0.141ms
[2026-06-18T16:36:53.333+0800][12.377s][info][gc,phases   ] GC(119) Concurrent Relocate 1.541ms
[2026-06-18T16:36:53.334+0800][12.378s][info][gc,load     ] GC(119) Load: 0.93/0.43/0.26
[2026-06-18T16:36:53.335+0800][12.379s][info][gc,mmu      ] GC(119) MMU: 2ms/51.7%, 5ms/80.7%, 10ms/85.1%, 20ms/91.9%, 50ms/96.5%, 100ms/97.5%
[2026-06-18T16:36:53.336+0800][12.380s][info][gc,marking  ] GC(119) Mark: 2 stripe(s), 1 proactive flush(es), 1 terminate flush(es), 0 completion(s), 0 continuation(s) 
[2026-06-18T16:36:53.337+0800][12.381s][info][gc,reloc    ] GC(119) Relocation: Successful, 21M relocated
[2026-06-18T16:36:53.338+0800][12.382s][info][gc,nmethod  ] GC(119) NMethods: 23 registered, 0 unregistered
[2026-06-18T16:36:53.339+0800][12.383s][info][gc,metaspace] GC(119) Metaspace: 3M used, 4M capacity, 4M committed, 8M reserved
[2026-06-18T16:36:53.340+0800][12.384s][info][gc,ref      ] GC(119) Soft: 43 encountered, 0 discovered, 0 enqueued
[2026-06-18T16:36:53.341+0800][12.385s][info][gc,ref      ] GC(119) Weak: 7 encountered, 2 discovered, 0 enqueued
[2026-06-18T16:36:53.342+0800][12.386s][info][gc,ref      ] GC(119) Final: 0 encountered, 0 discovered, 0 enqueued
[2026-06-18T16:36:53.344+0800][12.389s][info][gc,ref      ] GC(119) Phantom: 1 encountered, 1 discovered, 0 enqueued
[2026-06-18T16:36:53.348+0800][12.392s][info][gc,heap     ] GC(119)                Mark Start          Mark End        Relocate Start      Relocate End           High               Low         
[2026-06-18T16:36:53.350+0800][12.395s][info][gc,heap     ] GC(119)  Capacity:      256M (100%)        256M (100%)        256M (100%)        256M (100%)        256M (100%)        256M (100%)   
[2026-06-18T16:36:53.353+0800][12.397s][info][gc,heap     ] GC(119)   Reserve:       62M (24%)          62M (24%)          62M (24%)          62M (24%)          62M (24%)          62M (24%)    
[2026-06-18T16:36:53.354+0800][12.398s][info][gc,heap     ] GC(119)      Free:       82M (32%)          82M (32%)         110M (43%)         150M (59%)         150M (59%)          76M (30%)    
[2026-06-18T16:36:53.356+0800][12.400s][info][gc,heap     ] GC(119)      Used:      112M (44%)         112M (44%)          84M (33%)          44M (17%)         118M (46%)          44M (17%)    
[2026-06-18T16:36:53.357+0800][12.401s][info][gc,heap     ] GC(119)      Live:         -                25M (10%)          25M (10%)          25M (10%)            -                  -          
[2026-06-18T16:36:53.358+0800][12.403s][info][gc,heap     ] GC(119) Allocated:         -                 0M (0%)            4M (2%)           40M (16%)            -                  -          
[2026-06-18T16:36:53.359+0800][12.404s][info][gc,heap     ] GC(119)   Garbage:         -                86M (34%)          54M (21%)          14M (6%)             -                  -          
[2026-06-18T16:36:53.361+0800][12.405s][info][gc,heap     ] GC(119) Reclaimed:         -                  -                32M (12%)          72M (28%)            -                  -          
[2026-06-18T16:36:53.362+0800][12.406s][info][gc          ] GC(119) Garbage Collection (Allocation Rate) 112M(44%)->44M(17%)
[2026-06-18T16:36:53.418+0800][12.463s][info][gc,start    ] GC(120) Garbage Collection (Allocation Rate)
[2026-06-18T16:36:53.422+0800][12.466s][info][gc,phases   ] GC(120) Pause Mark Start 0.407ms
[2026-06-18T16:36:53.425+0800][12.469s][info][gc,phases   ] GC(120) Concurrent Mark 1.644ms
[2026-06-18T16:36:53.429+0800][12.473s][info][gc,phases   ] GC(120) Pause Mark End 0.503ms
[2026-06-18T16:36:53.431+0800][12.475s][info][gc,phases   ] GC(120) Concurrent Process Non-Strong References 0.145ms
[2026-06-18T16:36:53.432+0800][12.476s][info][gc,phases   ] GC(120) Concurrent Reset Relocation Set 0.003ms
[2026-06-18T16:36:53.432+0800][12.477s][info][gc,phases   ] GC(120) Concurrent Destroy Detached Pages 0.001ms
[2026-06-18T16:36:53.434+0800][12.478s][info][gc,phases   ] GC(120) Concurrent Select Relocation Set 0.530ms
[2026-06-18T16:36:53.435+0800][12.480s][info][gc,phases   ] GC(120) Concurrent Prepare Relocation Set 0.003ms
[2026-06-18T16:36:53.437+0800][12.481s][info][gc,phases   ] GC(120) Pause Relocate Start 0.176ms
[2026-06-18T16:36:53.438+0800][12.482s][info][gc,phases   ] GC(120) Concurrent Relocate 0.188ms
[2026-06-18T16:36:53.439+0800][12.484s][info][gc,load     ] GC(120) Load: 0.93/0.43/0.26
[2026-06-18T16:36:53.440+0800][12.484s][info][gc,mmu      ] GC(120) MMU: 2ms/51.7%, 5ms/80.7%, 10ms/85.1%, 20ms/91.9%, 50ms/96.5%, 100ms/97.5%
[2026-06-18T16:36:53.441+0800][12.485s][info][gc,marking  ] GC(120) Mark: 2 stripe(s), 1 proactive flush(es), 1 terminate flush(es), 0 completion(s), 0 continuation(s) 
[2026-06-18T16:36:53.442+0800][12.487s][info][gc,reloc    ] GC(120) Relocation: Successful, 20M relocated
[2026-06-18T16:36:53.443+0800][12.487s][info][gc,nmethod  ] GC(120) NMethods: 23 registered, 0 unregistered
[2026-06-18T16:36:53.445+0800][12.489s][info][gc,metaspace] GC(120) Metaspace: 3M used, 4M capacity, 4M committed, 8M reserved
[2026-06-18T16:36:53.446+0800][12.490s][info][gc,ref      ] GC(120) Soft: 43 encountered, 0 discovered, 0 enqueued
[2026-06-18T16:36:53.447+0800][12.491s][info][gc,ref      ] GC(120) Weak: 7 encountered, 2 discovered, 0 enqueued
[2026-06-18T16:36:53.448+0800][12.492s][info][gc,ref      ] GC(120) Final: 0 encountered, 0 discovered, 0 enqueued
[2026-06-18T16:36:53.449+0800][12.494s][info][gc,ref      ] GC(120) Phantom: 1 encountered, 1 discovered, 0 enqueued
[2026-06-18T16:36:53.451+0800][12.495s][info][gc,heap     ] GC(120)                Mark Start          Mark End        Relocate Start      Relocate End           High               Low         
[2026-06-18T16:36:53.452+0800][12.496s][info][gc,heap     ] GC(120)  Capacity:      256M (100%)        256M (100%)        256M (100%)        256M (100%)        256M (100%)        256M (100%)   
[2026-06-18T16:36:53.453+0800][12.497s][info][gc,heap     ] GC(120)   Reserve:       62M (24%)          62M (24%)          62M (24%)          62M (24%)          62M (24%)          62M (24%)    
[2026-06-18T16:36:53.454+0800][12.498s][info][gc,heap     ] GC(120)      Free:      118M (46%)         114M (45%)         102M (40%)         110M (43%)         140M (55%)         100M (39%)    
[2026-06-18T16:36:53.455+0800][12.499s][info][gc,heap     ] GC(120)      Used:       76M (30%)          80M (31%)          92M (36%)          84M (33%)          94M (37%)          54M (21%)    
[2026-06-18T16:36:53.456+0800][12.500s][info][gc,heap     ] GC(120)      Live:         -                21M (9%)           21M (9%)           21M (9%)             -                  -          
[2026-06-18T16:36:53.457+0800][12.501s][info][gc,heap     ] GC(120) Allocated:         -                 4M (2%)           42M (16%)          48M (19%)            -                  -          
[2026-06-18T16:36:53.458+0800][12.502s][info][gc,heap     ] GC(120)   Garbage:         -                54M (21%)          28M (11%)          20M (8%)             -                  -          
[2026-06-18T16:36:53.459+0800][12.504s][info][gc,heap     ] GC(120) Reclaimed:         -                  -                26M (10%)          34M (13%)            -                  -          
[2026-06-18T16:36:53.461+0800][12.505s][info][gc          ] GC(120) Garbage Collection (Allocation Rate) 76M(30%)->84M(33%)
[2026-06-18T16:36:53.519+0800][12.563s][info][gc,start    ] GC(121) Garbage Collection (Allocation Rate)
[2026-06-18T16:36:53.525+0800][12.570s][info][gc,phases   ] GC(121) Pause Mark Start 0.492ms
[2026-06-18T16:36:53.534+0800][12.578s][info][gc,phases   ] GC(121) Concurrent Mark 2.321ms
[2026-06-18T16:36:53.546+0800][12.591s][info][gc,phases   ] GC(121) Pause Mark End 0.912ms
[2026-06-18T16:36:53.557+0800][12.601s][info][gc,phases   ] GC(121) Concurrent Process Non-Strong References 0.632ms
[2026-06-18T16:36:53.561+0800][12.605s][info][gc,phases   ] GC(121) Concurrent Reset Relocation Set 0.005ms
[2026-06-18T16:36:53.564+0800][12.608s][info][gc,phases   ] GC(121) Concurrent Destroy Detached Pages 0.003ms
[2026-06-18T16:36:53.567+0800][12.611s][info][gc,phases   ] GC(121) Concurrent Select Relocation Set 1.436ms
[2026-06-18T16:36:53.569+0800][12.613s][info][gc,phases   ] GC(121) Concurrent Prepare Relocation Set 0.003ms
[2026-06-18T16:36:53.570+0800][12.614s][info][gc,phases   ] GC(121) Pause Relocate Start 0.158ms
[2026-06-18T16:36:53.573+0800][12.617s][info][gc,phases   ] GC(121) Concurrent Relocate 1.955ms
[2026-06-18T16:36:53.574+0800][12.618s][info][gc,load     ] GC(121) Load: 0.93/0.43/0.26
[2026-06-18T16:36:53.575+0800][12.619s][info][gc,mmu      ] GC(121) MMU: 2ms/51.7%, 5ms/80.7%, 10ms/85.1%, 20ms/91.9%, 50ms/96.5%, 100ms/97.5%
[2026-06-18T16:36:53.576+0800][12.620s][info][gc,marking  ] GC(121) Mark: 2 stripe(s), 2 proactive flush(es), 1 terminate flush(es), 0 completion(s), 0 continuation(s) 
[2026-06-18T16:36:53.576+0800][12.620s][info][gc,reloc    ] GC(121) Relocation: Successful, 27M relocated
[2026-06-18T16:36:53.577+0800][12.621s][info][gc,nmethod  ] GC(121) NMethods: 23 registered, 0 unregistered
[2026-06-18T16:36:53.578+0800][12.622s][info][gc,metaspace] GC(121) Metaspace: 3M used, 4M capacity, 4M committed, 8M reserved
[2026-06-18T16:36:53.578+0800][12.623s][info][gc,ref      ] GC(121) Soft: 43 encountered, 0 discovered, 0 enqueued
[2026-06-18T16:36:53.579+0800][12.623s][info][gc,ref      ] GC(121) Weak: 7 encountered, 0 discovered, 0 enqueued
[2026-06-18T16:36:53.580+0800][12.624s][info][gc,ref      ] GC(121) Final: 0 encountered, 0 discovered, 0 enqueued
[2026-06-18T16:36:53.580+0800][12.624s][info][gc,ref      ] GC(121) Phantom: 1 encountered, 1 discovered, 0 enqueued
[2026-06-18T16:36:53.581+0800][12.625s][info][gc,heap     ] GC(121)                Mark Start          Mark End        Relocate Start      Relocate End           High               Low         
[2026-06-18T16:36:53.582+0800][12.626s][info][gc,heap     ] GC(121)  Capacity:      256M (100%)        256M (100%)        256M (100%)        256M (100%)        256M (100%)        256M (100%)   
[2026-06-18T16:36:53.583+0800][12.627s][info][gc,heap     ] GC(121)   Reserve:       62M (24%)          62M (24%)          62M (24%)          62M (24%)          62M (24%)          62M (24%)    
[2026-06-18T16:36:53.583+0800][12.628s][info][gc,heap     ] GC(121)      Free:       82M (32%)          40M (16%)          62M (24%)         134M (52%)         134M (52%)          38M (15%)    
[2026-06-18T16:36:53.584+0800][12.628s][info][gc,heap     ] GC(121)      Used:      112M (44%)         154M (60%)         132M (52%)          60M (23%)         156M (61%)          60M (23%)    
[2026-06-18T16:36:53.585+0800][12.629s][info][gc,heap     ] GC(121)      Live:         -                29M (11%)          29M (11%)          29M (11%)            -                  -          
[2026-06-18T16:36:53.586+0800][12.631s][info][gc,heap     ] GC(121) Allocated:         -                42M (16%)          50M (20%)          54M (21%)            -                  -          
[2026-06-18T16:36:53.587+0800][12.632s][info][gc,heap     ] GC(121)   Garbage:         -                82M (32%)          52M (21%)    17592186044396M (6         -                  -          
[2026-06-18T16:36:53.588+0800][12.633s][info][gc,heap     ] GC(121) Reclaimed:         -                  -                30M (12%)         102M (40%)            -                  -          
[2026-06-18T16:36:53.589+0800][12.634s][info][gc          ] GC(121) Garbage Collection (Allocation Rate) 112M(44%)->60M(23%)
[2026-06-18T16:36:53.619+0800][12.663s][info][gc,start    ] GC(122) Garbage Collection (Allocation Rate)
[2026-06-18T16:36:53.621+0800][12.666s][info][gc,phases   ] GC(122) Pause Mark Start 0.447ms
[2026-06-18T16:36:53.625+0800][12.669s][info][gc,phases   ] GC(122) Concurrent Mark 2.221ms
[2026-06-18T16:36:53.627+0800][12.671s][info][gc,phases   ] GC(122) Pause Mark End 0.256ms
[2026-06-18T16:36:53.628+0800][12.672s][info][gc,phases   ] GC(122) Concurrent Process Non-Strong References 0.116ms
[2026-06-18T16:36:53.629+0800][12.673s][info][gc,phases   ] GC(122) Concurrent Reset Relocation Set 0.003ms
[2026-06-18T16:36:53.630+0800][12.674s][info][gc,phases   ] GC(122) Concurrent Destroy Detached Pages 0.001ms
[2026-06-18T16:36:53.631+0800][12.675s][info][gc,phases   ] GC(122) Concurrent Select Relocation Set 0.458ms
[2026-06-18T16:36:53.632+0800][12.676s][info][gc,phases   ] GC(122) Concurrent Prepare Relocation Set 0.013ms
[2026-06-18T16:36:53.633+0800][12.678s][info][gc,phases   ] GC(122) Pause Relocate Start 0.148ms
[2026-06-18T16:36:53.634+0800][12.679s][info][gc,phases   ] GC(122) Concurrent Relocate 0.366ms
[2026-06-18T16:36:53.635+0800][12.680s][info][gc,load     ] GC(122) Load: 0.93/0.43/0.26
[2026-06-18T16:36:53.636+0800][12.680s][info][gc,mmu      ] GC(122) MMU: 2ms/51.7%, 5ms/80.7%, 10ms/85.1%, 20ms/91.9%, 50ms/96.5%, 100ms/97.5%
[2026-06-18T16:36:53.636+0800][12.680s][info][gc,marking  ] GC(122) Mark: 2 stripe(s), 1 proactive flush(es), 1 terminate flush(es), 0 completion(s), 0 continuation(s) 
[2026-06-18T16:36:53.637+0800][12.681s][info][gc,reloc    ] GC(122) Relocation: Successful, 24M relocated
[2026-06-18T16:36:53.637+0800][12.682s][info][gc,nmethod  ] GC(122) NMethods: 23 registered, 0 unregistered
[2026-06-18T16:36:53.638+0800][12.682s][info][gc,metaspace] GC(122) Metaspace: 3M used, 4M capacity, 4M committed, 8M reserved
[2026-06-18T16:36:53.638+0800][12.682s][info][gc,ref      ] GC(122) Soft: 43 encountered, 0 discovered, 0 enqueued
[2026-06-18T16:36:53.639+0800][12.683s][info][gc,ref      ] GC(122) Weak: 7 encountered, 0 discovered, 0 enqueued
[2026-06-18T16:36:53.639+0800][12.683s][info][gc,ref      ] GC(122) Final: 0 encountered, 0 discovered, 0 enqueued
[2026-06-18T16:36:53.641+0800][12.685s][info][gc,ref      ] GC(122) Phantom: 1 encountered, 0 discovered, 0 enqueued
[2026-06-18T16:36:53.642+0800][12.686s][info][gc,heap     ] GC(122)                Mark Start          Mark End        Relocate Start      Relocate End           High               Low         
[2026-06-18T16:36:53.644+0800][12.688s][info][gc,heap     ] GC(122)  Capacity:      256M (100%)        256M (100%)        256M (100%)        256M (100%)        256M (100%)        256M (100%)   
[2026-06-18T16:36:53.645+0800][12.689s][info][gc,heap     ] GC(122)   Reserve:       62M (24%)          62M (24%)          62M (24%)          62M (24%)          62M (24%)          62M (24%)    
[2026-06-18T16:36:53.645+0800][12.690s][info][gc,heap     ] GC(122)      Free:      116M (45%)         116M (45%)         104M (41%)         114M (45%)         116M (45%)          78M (30%)    
[2026-06-18T16:36:53.648+0800][12.692s][info][gc,heap     ] GC(122)      Used:       78M (30%)          78M (30%)          90M (35%)          80M (31%)         116M (45%)          78M (30%)    
[2026-06-18T16:36:53.649+0800][12.693s][info][gc,heap     ] GC(122)      Live:         -                24M (10%)          24M (10%)          24M (10%)            -                  -          
[2026-06-18T16:36:53.650+0800][12.694s][info][gc,heap     ] GC(122) Allocated:         -                 0M (0%)           38M (15%)          46M (18%)            -                  -          
[2026-06-18T16:36:53.650+0800][12.695s][info][gc,heap     ] GC(122)   Garbage:         -                53M (21%)          27M (11%)          17M (7%)             -                  -          
[2026-06-18T16:36:53.652+0800][12.696s][info][gc,heap     ] GC(122) Reclaimed:         -                  -                26M (10%)          36M (14%)            -                  -          
[2026-06-18T16:36:53.653+0800][12.697s][info][gc          ] GC(122) Garbage Collection (Allocation Rate) 78M(30%)->80M(31%)
[2026-06-18T16:36:53.719+0800][12.763s][info][gc,start    ] GC(123) Garbage Collection (Allocation Rate)
[2026-06-18T16:36:53.723+0800][12.767s][info][gc,phases   ] GC(123) Pause Mark Start 0.474ms
[2026-06-18T16:36:53.727+0800][12.771s][info][gc,phases   ] GC(123) Concurrent Mark 1.727ms
[2026-06-18T16:36:53.729+0800][12.773s][info][gc,phases   ] GC(123) Pause Mark End 0.315ms
[2026-06-18T16:36:53.732+0800][12.776s][info][gc,phases   ] GC(123) Concurrent Process Non-Strong References 0.453ms
[2026-06-18T16:36:53.734+0800][12.779s][info][gc,phases   ] GC(123) Concurrent Reset Relocation Set 0.004ms
[2026-06-18T16:36:53.737+0800][12.781s][info][gc,phases   ] GC(123) Concurrent Destroy Detached Pages 0.001ms
[2026-06-18T16:36:53.741+0800][12.785s][info][gc,phases   ] GC(123) Concurrent Select Relocation Set 1.363ms
[2026-06-18T16:36:53.743+0800][12.787s][info][gc,phases   ] GC(123) Concurrent Prepare Relocation Set 0.018ms
[2026-06-18T16:36:53.745+0800][12.789s][info][gc,phases   ] GC(123) Pause Relocate Start 0.158ms
[2026-06-18T16:36:53.747+0800][12.791s][info][gc,phases   ] GC(123) Concurrent Relocate 1.451ms
[2026-06-18T16:36:53.748+0800][12.792s][info][gc,load     ] GC(123) Load: 0.93/0.43/0.26
[2026-06-18T16:36:53.749+0800][12.793s][info][gc,mmu      ] GC(123) MMU: 2ms/51.7%, 5ms/80.7%, 10ms/85.1%, 20ms/91.9%, 50ms/96.5%, 100ms/97.5%
[2026-06-18T16:36:53.750+0800][12.795s][info][gc,marking  ] GC(123) Mark: 2 stripe(s), 1 proactive flush(es), 1 terminate flush(es), 0 completion(s), 0 continuation(s) 
[2026-06-18T16:36:53.752+0800][12.796s][info][gc,reloc    ] GC(123) Relocation: Successful, 21M relocated
[2026-06-18T16:36:53.755+0800][12.799s][info][gc,nmethod  ] GC(123) NMethods: 23 registered, 0 unregistered
[2026-06-18T16:36:53.757+0800][12.801s][info][gc,metaspace] GC(123) Metaspace: 3M used, 4M capacity, 4M committed, 8M reserved
[2026-06-18T16:36:53.760+0800][12.804s][info][gc,ref      ] GC(123) Soft: 43 encountered, 0 discovered, 0 enqueued
[2026-06-18T16:36:53.762+0800][12.806s][info][gc,ref      ] GC(123) Weak: 7 encountered, 2 discovered, 0 enqueued
[2026-06-18T16:36:53.763+0800][12.808s][info][gc,ref      ] GC(123) Final: 0 encountered, 0 discovered, 0 enqueued
[2026-06-18T16:36:53.766+0800][12.810s][info][gc,ref      ] GC(123) Phantom: 1 encountered, 1 discovered, 0 enqueued
[2026-06-18T16:36:53.770+0800][12.814s][info][gc,heap     ] GC(123)                Mark Start          Mark End        Relocate Start      Relocate End           High               Low         
[2026-06-18T16:36:53.771+0800][12.815s][info][gc,heap     ] GC(123)  Capacity:      256M (100%)        256M (100%)        256M (100%)        256M (100%)        256M (100%)        256M (100%)   
[2026-06-18T16:36:53.772+0800][12.816s][info][gc,heap     ] GC(123)   Reserve:       62M (24%)          62M (24%)          62M (24%)          62M (24%)          62M (24%)          62M (24%)    
[2026-06-18T16:36:53.773+0800][12.817s][info][gc,heap     ] GC(123)      Free:       84M (33%)          46M (18%)          76M (30%)         140M (55%)         140M (55%)          44M (17%)    
[2026-06-18T16:36:53.774+0800][12.818s][info][gc,heap     ] GC(123)      Used:      110M (43%)         148M (58%)         118M (46%)          54M (21%)         150M (59%)          54M (21%)    
[2026-06-18T16:36:53.776+0800][12.820s][info][gc,heap     ] GC(123)      Live:         -                21M (8%)           21M (8%)           21M (8%)             -                  -          
[2026-06-18T16:36:53.777+0800][12.821s][info][gc,heap     ] GC(123) Allocated:         -                38M (15%)          40M (16%)          54M (21%)            -                  -          
[2026-06-18T16:36:53.778+0800][12.823s][info][gc,heap     ] GC(123)   Garbage:         -                88M (35%)          56M (22%)    17592186044404M (6         -                  -          
[2026-06-18T16:36:53.780+0800][12.824s][info][gc,heap     ] GC(123) Reclaimed:         -                  -                32M (12%)         100M (39%)            -                  -          
[2026-06-18T16:36:53.781+0800][12.826s][info][gc          ] GC(123) Garbage Collection (Allocation Rate) 110M(43%)->54M(21%)
[2026-06-18T16:36:53.818+0800][12.862s][info][gc,start    ] GC(124) Garbage Collection (Allocation Rate)
[2026-06-18T16:36:53.820+0800][12.864s][info][gc,phases   ] GC(124) Pause Mark Start 0.169ms
[2026-06-18T16:36:53.823+0800][12.867s][info][gc,phases   ] GC(124) Concurrent Mark 1.699ms
[2026-06-18T16:36:53.825+0800][12.869s][info][gc,phases   ] GC(124) Pause Mark End 0.299ms
[2026-06-18T16:36:53.826+0800][12.870s][info][gc,phases   ] GC(124) Concurrent Process Non-Strong References 0.201ms
[2026-06-18T16:36:53.829+0800][12.873s][info][gc,phases   ] GC(124) Concurrent Reset Relocation Set 0.005ms
[2026-06-18T16:36:53.830+0800][12.874s][info][gc,phases   ] GC(124) Concurrent Destroy Detached Pages 0.001ms
[2026-06-18T16:36:53.832+0800][12.876s][info][gc,phases   ] GC(124) Concurrent Select Relocation Set 0.518ms
[2026-06-18T16:36:53.833+0800][12.877s][info][gc,phases   ] GC(124) Concurrent Prepare Relocation Set 0.002ms
[2026-06-18T16:36:53.835+0800][12.879s][info][gc,phases   ] GC(124) Pause Relocate Start 0.155ms
[2026-06-18T16:36:53.836+0800][12.880s][info][gc,phases   ] GC(124) Concurrent Relocate 0.231ms
[2026-06-18T16:36:53.837+0800][12.881s][info][gc,load     ] GC(124) Load: 0.93/0.43/0.26
[2026-06-18T16:36:53.838+0800][12.882s][info][gc,mmu      ] GC(124) MMU: 2ms/51.7%, 5ms/80.7%, 10ms/85.1%, 20ms/91.9%, 50ms/96.5%, 100ms/97.5%
[2026-06-18T16:36:53.839+0800][12.883s][info][gc,marking  ] GC(124) Mark: 2 stripe(s), 1 proactive flush(es), 1 terminate flush(es), 0 completion(s), 0 continuation(s) 
[2026-06-18T16:36:53.840+0800][12.884s][info][gc,reloc    ] GC(124) Relocation: Successful, 25M relocated
[2026-06-18T16:36:53.841+0800][12.885s][info][gc,nmethod  ] GC(124) NMethods: 23 registered, 0 unregistered
[2026-06-18T16:36:53.842+0800][12.886s][info][gc,metaspace] GC(124) Metaspace: 3M used, 4M capacity, 4M committed, 8M reserved
[2026-06-18T16:36:53.843+0800][12.887s][info][gc,ref      ] GC(124) Soft: 43 encountered, 0 discovered, 0 enqueued
[2026-06-18T16:36:53.843+0800][12.888s][info][gc,ref      ] GC(124) Weak: 7 encountered, 2 discovered, 0 enqueued
[2026-06-18T16:36:53.845+0800][12.889s][info][gc,ref      ] GC(124) Final: 0 encountered, 0 discovered, 0 enqueued
[2026-06-18T16:36:53.846+0800][12.890s][info][gc,ref      ] GC(124) Phantom: 1 encountered, 1 discovered, 0 enqueued
[2026-06-18T16:36:53.847+0800][12.891s][info][gc,heap     ] GC(124)                Mark Start          Mark End        Relocate Start      Relocate End           High               Low         
[2026-06-18T16:36:53.848+0800][12.892s][info][gc,heap     ] GC(124)  Capacity:      256M (100%)        256M (100%)        256M (100%)        256M (100%)        256M (100%)        256M (100%)   
[2026-06-18T16:36:53.849+0800][12.893s][info][gc,heap     ] GC(124)   Reserve:       62M (24%)          62M (24%)          62M (24%)          62M (24%)          62M (24%)          62M (24%)    
[2026-06-18T16:36:53.849+0800][12.894s][info][gc,heap     ] GC(124)      Free:      112M (44%)         112M (44%)         134M (52%)         146M (57%)         146M (57%)         108M (42%)    
[2026-06-18T16:36:53.850+0800][12.894s][info][gc,heap     ] GC(124)      Used:       82M (32%)          82M (32%)          60M (23%)          48M (19%)          86M (34%)          48M (19%)    
[2026-06-18T16:36:53.851+0800][12.895s][info][gc,heap     ] GC(124)      Live:         -                28M (11%)          28M (11%)          28M (11%)            -                  -          
[2026-06-18T16:36:53.851+0800][12.896s][info][gc,heap     ] GC(124) Allocated:         -                 0M (0%)            4M (2%)           10M (4%)             -                  -          
[2026-06-18T16:36:53.852+0800][12.896s][info][gc,heap     ] GC(124)   Garbage:         -                53M (21%)          27M (11%)          15M (6%)             -                  -          
[2026-06-18T16:36:53.853+0800][12.897s][info][gc,heap     ] GC(124) Reclaimed:         -                  -                26M (10%)          38M (15%)            -                  -          
[2026-06-18T16:36:53.854+0800][12.898s][info][gc          ] GC(124) Garbage Collection (Allocation Rate) 82M(32%)->48M(19%)
[2026-06-18T16:36:53.918+0800][12.962s][info][gc,start    ] GC(125) Garbage Collection (Allocation Rate)
[2026-06-18T16:36:53.920+0800][12.964s][info][gc,phases   ] GC(125) Pause Mark Start 0.177ms
[2026-06-18T16:36:53.923+0800][12.967s][info][gc,phases   ] GC(125) Concurrent Mark 1.393ms
[2026-06-18T16:36:53.925+0800][12.969s][info][gc,phases   ] GC(125) Pause Mark End 0.287ms
[2026-06-18T16:36:53.926+0800][12.970s][info][gc,phases   ] GC(125) Concurrent Process Non-Strong References 0.060ms
[2026-06-18T16:36:53.926+0800][12.971s][info][gc,phases   ] GC(125) Concurrent Reset Relocation Set 0.003ms
[2026-06-18T16:36:53.927+0800][12.971s][info][gc,phases   ] GC(125) Concurrent Destroy Detached Pages 0.001ms
[2026-06-18T16:36:53.928+0800][12.972s][info][gc,phases   ] GC(125) Concurrent Select Relocation Set 0.455ms
[2026-06-18T16:36:53.929+0800][12.973s][info][gc,phases   ] GC(125) Concurrent Prepare Relocation Set 0.009ms
[2026-06-18T16:36:53.930+0800][12.974s][info][gc,phases   ] GC(125) Pause Relocate Start 0.155ms
[2026-06-18T16:36:53.933+0800][12.977s][info][gc,phases   ] GC(125) Concurrent Relocate 1.829ms
[2026-06-18T16:36:53.934+0800][12.979s][info][gc,load     ] GC(125) Load: 0.93/0.43/0.26
[2026-06-18T16:36:53.936+0800][12.980s][info][gc,mmu      ] GC(125) MMU: 2ms/51.7%, 5ms/80.7%, 10ms/85.1%, 20ms/91.9%, 50ms/96.5%, 100ms/97.5%
[2026-06-18T16:36:53.937+0800][12.981s][info][gc,marking  ] GC(125) Mark: 2 stripe(s), 1 proactive flush(es), 1 terminate flush(es), 0 completion(s), 0 continuation(s) 
[2026-06-18T16:36:53.941+0800][12.985s][info][gc,reloc    ] GC(125) Relocation: Successful, 25M relocated
[2026-06-18T16:36:53.946+0800][12.990s][info][gc,nmethod  ] GC(125) NMethods: 23 registered, 0 unregistered
[2026-06-18T16:36:53.949+0800][12.993s][info][gc,metaspace] GC(125) Metaspace: 3M used, 4M capacity, 4M committed, 8M reserved
[2026-06-18T16:36:53.953+0800][12.997s][info][gc,ref      ] GC(125) Soft: 43 encountered, 0 discovered, 0 enqueued
[2026-06-18T16:36:53.954+0800][12.998s][info][gc,ref      ] GC(125) Weak: 7 encountered, 2 discovered, 0 enqueued
[2026-06-18T16:36:53.955+0800][12.999s][info][gc,ref      ] GC(125) Final: 0 encountered, 0 discovered, 0 enqueued
[2026-06-18T16:36:53.956+0800][13.000s][info][gc,ref      ] GC(125) Phantom: 1 encountered, 1 discovered, 0 enqueued
[2026-06-18T16:36:53.956+0800][13.001s][info][gc,heap     ] GC(125)                Mark Start          Mark End        Relocate Start      Relocate End           High               Low         
[2026-06-18T16:36:53.957+0800][13.001s][info][gc,heap     ] GC(125)  Capacity:      256M (100%)        256M (100%)        256M (100%)        256M (100%)        256M (100%)        256M (100%)   
[2026-06-18T16:36:53.958+0800][13.002s][info][gc,heap     ] GC(125)   Reserve:       62M (24%)          62M (24%)          62M (24%)          62M (24%)          62M (24%)          62M (24%)    
[2026-06-18T16:36:53.958+0800][13.002s][info][gc,heap     ] GC(125)      Free:       82M (32%)          78M (30%)         108M (42%)         146M (57%)         146M (57%)          72M (28%)    
[2026-06-18T16:36:53.959+0800][13.003s][info][gc,heap     ] GC(125)      Used:      112M (44%)         116M (45%)          86M (34%)          48M (19%)         122M (48%)          48M (19%)    
[2026-06-18T16:36:53.959+0800][13.004s][info][gc,heap     ] GC(125)      Live:         -                27M (11%)          27M (11%)          27M (11%)            -                  -          
[2026-06-18T16:36:53.960+0800][13.004s][info][gc,heap     ] GC(125) Allocated:         -                 4M (2%)            4M (2%)           42M (16%)            -                  -          
[2026-06-18T16:36:53.961+0800][13.005s][info][gc,heap     ] GC(125)   Garbage:         -                84M (33%)          54M (21%)          16M (7%)             -                  -          
[2026-06-18T16:36:53.961+0800][13.005s][info][gc,heap     ] GC(125) Reclaimed:         -                  -                30M (12%)          68M (27%)            -                  -          
[2026-06-18T16:36:53.961+0800][13.006s][info][gc          ] GC(125) Garbage Collection (Allocation Rate) 112M(44%)->48M(19%)
[2026-06-18T16:36:54.018+0800][13.062s][info][gc,start    ] GC(126) Garbage Collection (Allocation Rate)
[2026-06-18T16:36:54.021+0800][13.065s][info][gc,phases   ] GC(126) Pause Mark Start 0.153ms
[2026-06-18T16:36:54.023+0800][13.067s][info][gc,phases   ] GC(126) Concurrent Mark 1.369ms
[2026-06-18T16:36:54.025+0800][13.069s][info][gc,phases   ] GC(126) Pause Mark End 0.262ms
[2026-06-18T16:36:54.026+0800][13.070s][info][gc,phases   ] GC(126) Concurrent Process Non-Strong References 0.169ms
[2026-06-18T16:36:54.026+0800][13.070s][info][gc,phases   ] GC(126) Concurrent Reset Relocation Set 0.004ms
[2026-06-18T16:36:54.028+0800][13.072s][info][gc,phases   ] GC(126) Concurrent Destroy Detached Pages 0.001ms
[2026-06-18T16:36:54.029+0800][13.073s][info][gc,phases   ] GC(126) Concurrent Select Relocation Set 0.472ms
[2026-06-18T16:36:54.030+0800][13.074s][info][gc,phases   ] GC(126) Concurrent Prepare Relocation Set 0.010ms
[2026-06-18T16:36:54.031+0800][13.076s][info][gc,phases   ] GC(126) Pause Relocate Start 0.194ms
[2026-06-18T16:36:54.033+0800][13.077s][info][gc,phases   ] GC(126) Concurrent Relocate 0.490ms
[2026-06-18T16:36:54.034+0800][13.078s][info][gc,load     ] GC(126) Load: 0.93/0.43/0.26
[2026-06-18T16:36:54.036+0800][13.080s][info][gc,mmu      ] GC(126) MMU: 2ms/51.7%, 5ms/80.7%, 10ms/85.1%, 20ms/91.9%, 50ms/96.5%, 100ms/97.5%
[2026-06-18T16:36:54.037+0800][13.081s][info][gc,marking  ] GC(126) Mark: 2 stripe(s), 1 proactive flush(es), 1 terminate flush(es), 0 completion(s), 0 continuation(s) 
[2026-06-18T16:36:54.038+0800][13.082s][info][gc,reloc    ] GC(126) Relocation: Successful, 23M relocated
[2026-06-18T16:36:54.039+0800][13.083s][info][gc,nmethod  ] GC(126) NMethods: 23 registered, 0 unregistered
[2026-06-18T16:36:54.040+0800][13.084s][info][gc,metaspace] GC(126) Metaspace: 3M used, 4M capacity, 4M committed, 8M reserved
[2026-06-18T16:36:54.042+0800][13.086s][info][gc,ref      ] GC(126) Soft: 43 encountered, 0 discovered, 0 enqueued
[2026-06-18T16:36:54.043+0800][13.087s][info][gc,ref      ] GC(126) Weak: 7 encountered, 2 discovered, 0 enqueued
[2026-06-18T16:36:54.043+0800][13.088s][info][gc,ref      ] GC(126) Final: 0 encountered, 0 discovered, 0 enqueued
[2026-06-18T16:36:54.044+0800][13.088s][info][gc,ref      ] GC(126) Phantom: 1 encountered, 1 discovered, 0 enqueued
[2026-06-18T16:36:54.045+0800][13.089s][info][gc,heap     ] GC(126)                Mark Start          Mark End        Relocate Start      Relocate End           High               Low         
[2026-06-18T16:36:54.045+0800][13.090s][info][gc,heap     ] GC(126)  Capacity:      256M (100%)        256M (100%)        256M (100%)        256M (100%)        256M (100%)        256M (100%)   
[2026-06-18T16:36:54.046+0800][13.091s][info][gc,heap     ] GC(126)   Reserve:       62M (24%)          62M (24%)          62M (24%)          62M (24%)          62M (24%)          62M (24%)    
[2026-06-18T16:36:54.047+0800][13.091s][info][gc,heap     ] GC(126)      Free:      110M (43%)         110M (43%)         138M (54%)         148M (58%)         148M (58%)         106M (41%)    
[2026-06-18T16:36:54.048+0800][13.092s][info][gc,heap     ] GC(126)      Used:       84M (33%)          84M (33%)          56M (22%)          46M (18%)          88M (34%)          46M (18%)    
[2026-06-18T16:36:54.049+0800][13.093s][info][gc,heap     ] GC(126)      Live:         -                23M (9%)           23M (9%)           23M (9%)             -                  -          
[2026-06-18T16:36:54.049+0800][13.093s][info][gc,heap     ] GC(126) Allocated:         -                 0M (0%)            4M (2%)           14M (5%)             -                  -          
[2026-06-18T16:36:54.050+0800][13.094s][info][gc,heap     ] GC(126)   Garbage:         -                60M (24%)          28M (11%)          18M (7%)             -                  -          
[2026-06-18T16:36:54.051+0800][13.095s][info][gc,heap     ] GC(126) Reclaimed:         -                  -                32M (12%)          42M (16%)            -                  -          
[2026-06-18T16:36:54.053+0800][13.098s][info][gc          ] GC(126) Garbage Collection (Allocation Rate) 84M(33%)->46M(18%)
[2026-06-18T16:36:54.118+0800][13.163s][info][gc,start    ] GC(127) Garbage Collection (Allocation Rate)
[2026-06-18T16:36:54.122+0800][13.166s][info][gc,phases   ] GC(127) Pause Mark Start 0.258ms
[2026-06-18T16:36:54.125+0800][13.170s][info][gc,phases   ] GC(127) Concurrent Mark 1.780ms
[2026-06-18T16:36:54.127+0800][13.171s][info][gc,phases   ] GC(127) Pause Mark End 0.263ms
[2026-06-18T16:36:54.128+0800][13.172s][info][gc,phases   ] GC(127) Concurrent Process Non-Strong References 0.102ms
[2026-06-18T16:36:54.129+0800][13.173s][info][gc,phases   ] GC(127) Concurrent Reset Relocation Set 0.003ms
[2026-06-18T16:36:54.130+0800][13.174s][info][gc,phases   ] GC(127) Concurrent Destroy Detached Pages 0.001ms
[2026-06-18T16:36:54.132+0800][13.177s][info][gc,phases   ] GC(127) Concurrent Select Relocation Set 0.612ms
[2026-06-18T16:36:54.135+0800][13.180s][info][gc,phases   ] GC(127) Concurrent Prepare Relocation Set 0.003ms
[2026-06-18T16:36:54.137+0800][13.182s][info][gc,phases   ] GC(127) Pause Relocate Start 0.184ms
[2026-06-18T16:36:54.140+0800][13.185s][info][gc,phases   ] GC(127) Concurrent Relocate 1.996ms
[2026-06-18T16:36:54.141+0800][13.186s][info][gc,load     ] GC(127) Load: 0.93/0.43/0.26
[2026-06-18T16:36:54.143+0800][13.187s][info][gc,mmu      ] GC(127) MMU: 2ms/51.7%, 5ms/80.7%, 10ms/85.1%, 20ms/91.9%, 50ms/96.5%, 100ms/97.5%
[2026-06-18T16:36:54.144+0800][13.188s][info][gc,marking  ] GC(127) Mark: 2 stripe(s), 1 proactive flush(es), 1 terminate flush(es), 0 completion(s), 0 continuation(s) 
[2026-06-18T16:36:54.145+0800][13.189s][info][gc,reloc    ] GC(127) Relocation: Successful, 27M relocated
[2026-06-18T16:36:54.147+0800][13.192s][info][gc,nmethod  ] GC(127) NMethods: 23 registered, 0 unregistered
[2026-06-18T16:36:54.149+0800][13.194s][info][gc,metaspace] GC(127) Metaspace: 3M used, 4M capacity, 4M committed, 8M reserved
[2026-06-18T16:36:54.150+0800][13.194s][info][gc,ref      ] GC(127) Soft: 43 encountered, 0 discovered, 0 enqueued
[2026-06-18T16:36:54.152+0800][13.196s][info][gc,ref      ] GC(127) Weak: 7 encountered, 0 discovered, 0 enqueued
[2026-06-18T16:36:54.154+0800][13.198s][info][gc,ref      ] GC(127) Final: 0 encountered, 0 discovered, 0 enqueued
[2026-06-18T16:36:54.156+0800][13.200s][info][gc,ref      ] GC(127) Phantom: 1 encountered, 0 discovered, 0 enqueued
[2026-06-18T16:36:54.157+0800][13.201s][info][gc,heap     ] GC(127)                Mark Start          Mark End        Relocate Start      Relocate End           High               Low         
[2026-06-18T16:36:54.158+0800][13.202s][info][gc,heap     ] GC(127)  Capacity:      256M (100%)        256M (100%)        256M (100%)        256M (100%)        256M (100%)        256M (100%)   
[2026-06-18T16:36:54.159+0800][13.204s][info][gc,heap     ] GC(127)   Reserve:       62M (24%)          62M (24%)          62M (24%)          62M (24%)          62M (24%)          62M (24%)    
[2026-06-18T16:36:54.160+0800][13.204s][info][gc,heap     ] GC(127)      Free:       80M (31%)          80M (31%)          74M (29%)         140M (55%)         140M (55%)          42M (16%)    
[2026-06-18T16:36:54.161+0800][13.206s][info][gc,heap     ] GC(127)      Used:      114M (45%)         114M (45%)         120M (47%)          54M (21%)         152M (59%)          54M (21%)    
[2026-06-18T16:36:54.162+0800][13.207s][info][gc,heap     ] GC(127)      Live:         -                30M (12%)          30M (12%)          30M (12%)            -                  -          
[2026-06-18T16:36:54.164+0800][13.208s][info][gc,heap     ] GC(127) Allocated:         -                 0M (0%)           38M (15%)          48M (19%)            -                  -          
[2026-06-18T16:36:54.165+0800][13.209s][info][gc,heap     ] GC(127)   Garbage:         -                83M (32%)          51M (20%)    17592186044399M (6         -                  -          
[2026-06-18T16:36:54.166+0800][13.210s][info][gc,heap     ] GC(127) Reclaimed:         -                  -                32M (12%)         100M (39%)            -                  -          
[2026-06-18T16:36:54.167+0800][13.211s][info][gc          ] GC(127) Garbage Collection (Allocation Rate) 114M(45%)->54M(21%)
[2026-06-18T16:36:54.218+0800][13.263s][info][gc,start    ] GC(128) Garbage Collection (Allocation Rate)
[2026-06-18T16:36:54.220+0800][13.264s][info][gc,phases   ] GC(128) Pause Mark Start 0.266ms
[2026-06-18T16:36:54.223+0800][13.267s][info][gc,phases   ] GC(128) Concurrent Mark 1.495ms
[2026-06-18T16:36:54.224+0800][13.269s][info][gc,phases   ] GC(128) Pause Mark End 0.256ms
[2026-06-18T16:36:54.226+0800][13.270s][info][gc,phases   ] GC(128) Concurrent Process Non-Strong References 0.184ms
[2026-06-18T16:36:54.226+0800][13.270s][info][gc,phases   ] GC(128) Concurrent Reset Relocation Set 0.003ms
[2026-06-18T16:36:54.227+0800][13.271s][info][gc,phases   ] GC(128) Concurrent Destroy Detached Pages 0.001ms
[2026-06-18T16:36:54.228+0800][13.272s][info][gc,phases   ] GC(128) Concurrent Select Relocation Set 0.558ms
[2026-06-18T16:36:54.228+0800][13.273s][info][gc,phases   ] GC(128) Concurrent Prepare Relocation Set 0.011ms
[2026-06-18T16:36:54.229+0800][13.273s][info][gc,phases   ] GC(128) Pause Relocate Start 0.165ms
[2026-06-18T16:36:54.230+0800][13.274s][info][gc,phases   ] GC(128) Concurrent Relocate 0.328ms
[2026-06-18T16:36:54.231+0800][13.275s][info][gc,load     ] GC(128) Load: 0.93/0.43/0.26
[2026-06-18T16:36:54.231+0800][13.275s][info][gc,mmu      ] GC(128) MMU: 2ms/51.7%, 5ms/80.7%, 10ms/85.1%, 20ms/91.9%, 50ms/96.5%, 100ms/97.5%
[2026-06-18T16:36:54.232+0800][13.276s][info][gc,marking  ] GC(128) Mark: 2 stripe(s), 1 proactive flush(es), 1 terminate flush(es), 0 completion(s), 0 continuation(s) 
[2026-06-18T16:36:54.232+0800][13.276s][info][gc,reloc    ] GC(128) Relocation: Successful, 19M relocated
[2026-06-18T16:36:54.233+0800][13.277s][info][gc,nmethod  ] GC(128) NMethods: 23 registered, 0 unregistered
[2026-06-18T16:36:54.233+0800][13.278s][info][gc,metaspace] GC(128) Metaspace: 3M used, 4M capacity, 4M committed, 8M reserved
[2026-06-18T16:36:54.234+0800][13.278s][info][gc,ref      ] GC(128) Soft: 43 encountered, 0 discovered, 0 enqueued
[2026-06-18T16:36:54.234+0800][13.279s][info][gc,ref      ] GC(128) Weak: 7 encountered, 0 discovered, 0 enqueued
[2026-06-18T16:36:54.235+0800][13.279s][info][gc,ref      ] GC(128) Final: 0 encountered, 0 discovered, 0 enqueued
[2026-06-18T16:36:54.236+0800][13.280s][info][gc,ref      ] GC(128) Phantom: 1 encountered, 1 discovered, 0 enqueued
[2026-06-18T16:36:54.236+0800][13.280s][info][gc,heap     ] GC(128)                Mark Start          Mark End        Relocate Start      Relocate End           High               Low         
[2026-06-18T16:36:54.237+0800][13.281s][info][gc,heap     ] GC(128)  Capacity:      256M (100%)        256M (100%)        256M (100%)        256M (100%)        256M (100%)        256M (100%)   
[2026-06-18T16:36:54.237+0800][13.281s][info][gc,heap     ] GC(128)   Reserve:       62M (24%)          62M (24%)          62M (24%)          62M (24%)          62M (24%)          62M (24%)    
[2026-06-18T16:36:54.238+0800][13.282s][info][gc,heap     ] GC(128)      Free:      112M (44%)          74M (29%)         100M (39%)         114M (45%)         114M (45%)          74M (29%)    
[2026-06-18T16:36:54.240+0800][13.284s][info][gc,heap     ] GC(128)      Used:       82M (32%)         120M (47%)          94M (37%)          80M (31%)         120M (47%)          80M (31%)    
[2026-06-18T16:36:54.242+0800][13.286s][info][gc,heap     ] GC(128)      Live:         -                20M (8%)           20M (8%)           20M (8%)             -                  -          
[2026-06-18T16:36:54.243+0800][13.287s][info][gc,heap     ] GC(128) Allocated:         -                38M (15%)          38M (15%)          46M (18%)            -                  -          
[2026-06-18T16:36:54.244+0800][13.288s][info][gc,heap     ] GC(128)   Garbage:         -                61M (24%)          35M (14%)          21M (8%)             -                  -          
[2026-06-18T16:36:54.246+0800][13.290s][info][gc,heap     ] GC(128) Reclaimed:         -                  -                26M (10%)          40M (16%)            -                  -          
[2026-06-18T16:36:54.247+0800][13.291s][info][gc          ] GC(128) Garbage Collection (Allocation Rate) 82M(32%)->80M(31%)
[2026-06-18T16:36:54.319+0800][13.363s][info][gc,start    ] GC(129) Garbage Collection (Allocation Rate)
[2026-06-18T16:36:54.322+0800][13.366s][info][gc,phases   ] GC(129) Pause Mark Start 0.441ms
[2026-06-18T16:36:54.326+0800][13.371s][info][gc,phases   ] GC(129) Concurrent Mark 2.196ms
[2026-06-18T16:36:54.330+0800][13.374s][info][gc,phases   ] GC(129) Pause Mark End 0.788ms
[2026-06-18T16:36:54.333+0800][13.377s][info][gc,phases   ] GC(129) Concurrent Process Non-Strong References 0.412ms
[2026-06-18T16:36:54.334+0800][13.378s][info][gc,phases   ] GC(129) Concurrent Reset Relocation Set 0.005ms
[2026-06-18T16:36:54.336+0800][13.380s][info][gc,phases   ] GC(129) Concurrent Destroy Detached Pages 0.002ms
[2026-06-18T16:36:54.338+0800][13.382s][info][gc,phases   ] GC(129) Concurrent Select Relocation Set 1.039ms
[2026-06-18T16:36:54.339+0800][13.383s][info][gc,phases   ] GC(129) Concurrent Prepare Relocation Set 0.013ms
[2026-06-18T16:36:54.340+0800][13.385s][info][gc,phases   ] GC(129) Pause Relocate Start 0.237ms
[2026-06-18T16:36:54.346+0800][13.390s][info][gc,phases   ] GC(129) Concurrent Relocate 1.366ms
[2026-06-18T16:36:54.349+0800][13.393s][info][gc,load     ] GC(129) Load: 0.93/0.43/0.26
[2026-06-18T16:36:54.354+0800][13.398s][info][gc,mmu      ] GC(129) MMU: 2ms/51.7%, 5ms/80.7%, 10ms/85.1%, 20ms/91.9%, 50ms/96.5%, 100ms/97.5%
[2026-06-18T16:36:54.355+0800][13.399s][info][gc,marking  ] GC(129) Mark: 2 stripe(s), 1 proactive flush(es), 1 terminate flush(es), 0 completion(s), 0 continuation(s) 
[2026-06-18T16:36:54.356+0800][13.401s][info][gc,reloc    ] GC(129) Relocation: Successful, 18M relocated
[2026-06-18T16:36:54.357+0800][13.402s][info][gc,nmethod  ] GC(129) NMethods: 23 registered, 0 unregistered
[2026-06-18T16:36:54.358+0800][13.402s][info][gc,metaspace] GC(129) Metaspace: 3M used, 4M capacity, 4M committed, 8M reserved
[2026-06-18T16:36:54.359+0800][13.403s][info][gc,ref      ] GC(129) Soft: 43 encountered, 0 discovered, 0 enqueued
[2026-06-18T16:36:54.360+0800][13.404s][info][gc,ref      ] GC(129) Weak: 7 encountered, 2 discovered, 0 enqueued
[2026-06-18T16:36:54.360+0800][13.404s][info][gc,ref      ] GC(129) Final: 0 encountered, 0 discovered, 0 enqueued
[2026-06-18T16:36:54.361+0800][13.405s][info][gc,ref      ] GC(129) Phantom: 1 encountered, 1 discovered, 0 enqueued
[2026-06-18T16:36:54.361+0800][13.406s][info][gc,heap     ] GC(129)                Mark Start          Mark End        Relocate Start      Relocate End           High               Low         
[2026-06-18T16:36:54.362+0800][13.406s][info][gc,heap     ] GC(129)  Capacity:      256M (100%)        256M (100%)        256M (100%)        256M (100%)        256M (100%)        256M (100%)   
[2026-06-18T16:36:54.362+0800][13.407s][info][gc,heap     ] GC(129)   Reserve:       62M (24%)          62M (24%)          62M (24%)          62M (24%)          62M (24%)          62M (24%)    
[2026-06-18T16:36:54.363+0800][13.407s][info][gc,heap     ] GC(129)      Free:       80M (31%)          76M (30%)         102M (40%)         146M (57%)         146M (57%)          64M (25%)    
[2026-06-18T16:36:54.363+0800][13.407s][info][gc,heap     ] GC(129)      Used:      114M (45%)         118M (46%)          92M (36%)          48M (19%)         130M (51%)          48M (19%)    
[2026-06-18T16:36:54.364+0800][13.408s][info][gc,heap     ] GC(129)      Live:         -                18M (7%)           18M (7%)           18M (7%)             -                  -          
[2026-06-18T16:36:54.364+0800][13.408s][info][gc,heap     ] GC(129) Allocated:         -                 4M (2%)            8M (3%)           48M (19%)            -                  -          
[2026-06-18T16:36:54.364+0800][13.408s][info][gc,heap     ] GC(129)   Garbage:         -                95M (37%)          65M (25%)          21M (8%)             -                  -          
[2026-06-18T16:36:54.365+0800][13.409s][info][gc,heap     ] GC(129) Reclaimed:         -                  -                30M (12%)          74M (29%)            -                  -          
[2026-06-18T16:36:54.365+0800][13.409s][info][gc          ] GC(129) Garbage Collection (Allocation Rate) 114M(45%)->48M(19%)
[2026-06-18T16:36:54.419+0800][13.463s][info][gc,start    ] GC(130) Garbage Collection (Allocation Rate)
[2026-06-18T16:36:54.423+0800][13.467s][info][gc,phases   ] GC(130) Pause Mark Start 0.438ms
[2026-06-18T16:36:54.427+0800][13.471s][info][gc,phases   ] GC(130) Concurrent Mark 2.573ms
[2026-06-18T16:36:54.433+0800][13.477s][info][gc,phases   ] GC(130) Pause Mark End 0.676ms
[2026-06-18T16:36:54.434+0800][13.478s][info][gc,phases   ] GC(130) Concurrent Process Non-Strong References 0.285ms
[2026-06-18T16:36:54.435+0800][13.480s][info][gc,phases   ] GC(130) Concurrent Reset Relocation Set 0.005ms
[2026-06-18T16:36:54.437+0800][13.481s][info][gc,phases   ] GC(130) Concurrent Destroy Detached Pages 0.001ms
[2026-06-18T16:36:54.439+0800][13.483s][info][gc,phases   ] GC(130) Concurrent Select Relocation Set 0.934ms
[2026-06-18T16:36:54.440+0800][13.484s][info][gc,phases   ] GC(130) Concurrent Prepare Relocation Set 0.002ms
[2026-06-18T16:36:54.441+0800][13.485s][info][gc,phases   ] GC(130) Pause Relocate Start 0.198ms
[2026-06-18T16:36:54.442+0800][13.486s][info][gc,phases   ] GC(130) Concurrent Relocate 0.138ms
[2026-06-18T16:36:54.443+0800][13.487s][info][gc,load     ] GC(130) Load: 0.85/0.43/0.26
[2026-06-18T16:36:54.443+0800][13.487s][info][gc,mmu      ] GC(130) MMU: 2ms/51.7%, 5ms/80.7%, 10ms/85.1%, 20ms/91.9%, 50ms/96.5%, 100ms/97.5%
[2026-06-18T16:36:54.444+0800][13.488s][info][gc,marking  ] GC(130) Mark: 2 stripe(s), 2 proactive flush(es), 1 terminate flush(es), 0 completion(s), 0 continuation(s) 
[2026-06-18T16:36:54.444+0800][13.488s][info][gc,reloc    ] GC(130) Relocation: Successful, 22M relocated
[2026-06-18T16:36:54.445+0800][13.489s][info][gc,nmethod  ] GC(130) NMethods: 23 registered, 0 unregistered
[2026-06-18T16:36:54.445+0800][13.489s][info][gc,metaspace] GC(130) Metaspace: 3M used, 4M capacity, 4M committed, 8M reserved
[2026-06-18T16:36:54.445+0800][13.490s][info][gc,ref      ] GC(130) Soft: 43 encountered, 0 discovered, 0 enqueued
[2026-06-18T16:36:54.446+0800][13.490s][info][gc,ref      ] GC(130) Weak: 7 encountered, 2 discovered, 0 enqueued
[2026-06-18T16:36:54.446+0800][13.490s][info][gc,ref      ] GC(130) Final: 0 encountered, 0 discovered, 0 enqueued
[2026-06-18T16:36:54.446+0800][13.491s][info][gc,ref      ] GC(130) Phantom: 1 encountered, 0 discovered, 0 enqueued
[2026-06-18T16:36:54.447+0800][13.491s][info][gc,heap     ] GC(130)                Mark Start          Mark End        Relocate Start      Relocate End           High               Low         
[2026-06-18T16:36:54.447+0800][13.491s][info][gc,heap     ] GC(130)  Capacity:      256M (100%)        256M (100%)        256M (100%)        256M (100%)        256M (100%)        256M (100%)   
[2026-06-18T16:36:54.447+0800][13.491s][info][gc,heap     ] GC(130)   Reserve:       62M (24%)          62M (24%)          62M (24%)          62M (24%)          62M (24%)          62M (24%)    
[2026-06-18T16:36:54.447+0800][13.492s][info][gc,heap     ] GC(130)      Free:      118M (46%)         114M (45%)         138M (54%)         140M (55%)         140M (55%)         110M (43%)    
[2026-06-18T16:36:54.448+0800][13.492s][info][gc,heap     ] GC(130)      Used:       76M (30%)          80M (31%)          56M (22%)          54M (21%)          84M (33%)          54M (21%)    
[2026-06-18T16:36:54.448+0800][13.492s][info][gc,heap     ] GC(130)      Live:         -                26M (10%)          26M (10%)          26M (10%)            -                  -          
[2026-06-18T16:36:54.448+0800][13.493s][info][gc,heap     ] GC(130) Allocated:         -                 4M (2%)            8M (3%)           14M (5%)             -                  -          
[2026-06-18T16:36:54.449+0800][13.493s][info][gc,heap     ] GC(130)   Garbage:         -                49M (19%)          21M (9%)           19M (8%)             -                  -          
[2026-06-18T16:36:54.449+0800][13.493s][info][gc,heap     ] GC(130) Reclaimed:         -                  -                28M (11%)          30M (12%)            -                  -          
[2026-06-18T16:36:54.449+0800][13.493s][info][gc          ] GC(130) Garbage Collection (Allocation Rate) 76M(30%)->54M(21%)
[2026-06-18T16:36:54.518+0800][13.563s][info][gc,start    ] GC(131) Garbage Collection (Allocation Rate)
[2026-06-18T16:36:54.522+0800][13.566s][info][gc,phases   ] GC(131) Pause Mark Start 0.418ms
[2026-06-18T16:36:54.525+0800][13.570s][info][gc,phases   ] GC(131) Concurrent Mark 2.215ms
[2026-06-18T16:36:54.528+0800][13.572s][info][gc,phases   ] GC(131) Pause Mark End 0.758ms
[2026-06-18T16:36:54.529+0800][13.573s][info][gc,phases   ] GC(131) Concurrent Process Non-Strong References 0.097ms
[2026-06-18T16:36:54.532+0800][13.576s][info][gc,phases   ] GC(131) Concurrent Reset Relocation Set 0.003ms
[2026-06-18T16:36:54.533+0800][13.577s][info][gc,phases   ] GC(131) Concurrent Destroy Detached Pages 0.001ms
[2026-06-18T16:36:54.534+0800][13.578s][info][gc,phases   ] GC(131) Concurrent Select Relocation Set 0.940ms
[2026-06-18T16:36:54.535+0800][13.579s][info][gc,phases   ] GC(131) Concurrent Prepare Relocation Set 0.004ms
[2026-06-18T16:36:54.536+0800][13.580s][info][gc,phases   ] GC(131) Pause Relocate Start 0.181ms
[2026-06-18T16:36:54.538+0800][13.582s][info][gc,phases   ] GC(131) Concurrent Relocate 1.489ms
[2026-06-18T16:36:54.539+0800][13.583s][info][gc,load     ] GC(131) Load: 0.85/0.43/0.26
[2026-06-18T16:36:54.539+0800][13.583s][info][gc,mmu      ] GC(131) MMU: 2ms/51.7%, 5ms/80.7%, 10ms/85.1%, 20ms/91.9%, 50ms/96.5%, 100ms/97.5%
[2026-06-18T16:36:54.540+0800][13.584s][info][gc,marking  ] GC(131) Mark: 2 stripe(s), 1 proactive flush(es), 1 terminate flush(es), 0 completion(s), 0 continuation(s) 
[2026-06-18T16:36:54.540+0800][13.584s][info][gc,reloc    ] GC(131) Relocation: Successful, 22M relocated
[2026-06-18T16:36:54.540+0800][13.585s][info][gc,nmethod  ] GC(131) NMethods: 23 registered, 0 unregistered
[2026-06-18T16:36:54.541+0800][13.585s][info][gc,metaspace] GC(131) Metaspace: 3M used, 4M capacity, 4M committed, 8M reserved
[2026-06-18T16:36:54.542+0800][13.586s][info][gc,ref      ] GC(131) Soft: 43 encountered, 0 discovered, 0 enqueued
[2026-06-18T16:36:54.542+0800][13.586s][info][gc,ref      ] GC(131) Weak: 7 encountered, 2 discovered, 0 enqueued
[2026-06-18T16:36:54.542+0800][13.587s][info][gc,ref      ] GC(131) Final: 0 encountered, 0 discovered, 0 enqueued
[2026-06-18T16:36:54.543+0800][13.587s][info][gc,ref      ] GC(131) Phantom: 1 encountered, 1 discovered, 0 enqueued
[2026-06-18T16:36:54.543+0800][13.587s][info][gc,heap     ] GC(131)                Mark Start          Mark End        Relocate Start      Relocate End           High               Low         
[2026-06-18T16:36:54.543+0800][13.587s][info][gc,heap     ] GC(131)  Capacity:      256M (100%)        256M (100%)        256M (100%)        256M (100%)        256M (100%)        256M (100%)   
[2026-06-18T16:36:54.543+0800][13.588s][info][gc,heap     ] GC(131)   Reserve:       62M (24%)          62M (24%)          62M (24%)          62M (24%)          62M (24%)          62M (24%)    
[2026-06-18T16:36:54.544+0800][13.588s][info][gc,heap     ] GC(131)      Free:       76M (30%)          76M (30%)         108M (42%)         146M (57%)         146M (57%)          70M (27%)    
[2026-06-18T16:36:54.544+0800][13.588s][info][gc,heap     ] GC(131)      Used:      118M (46%)         118M (46%)          86M (34%)          48M (19%)         124M (48%)          48M (19%)    
[2026-06-18T16:36:54.544+0800][13.588s][info][gc,heap     ] GC(131)      Live:         -                22M (9%)           22M (9%)           22M (9%)             -                  -          
[2026-06-18T16:36:54.544+0800][13.588s][info][gc,heap     ] GC(131) Allocated:         -                 0M (0%)            4M (2%)           44M (17%)            -                  -          
[2026-06-18T16:36:54.544+0800][13.589s][info][gc,heap     ] GC(131)   Garbage:         -                95M (37%)          59M (23%)          21M (9%)             -                  -          
[2026-06-18T16:36:54.545+0800][13.589s][info][gc,heap     ] GC(131) Reclaimed:         -                  -                36M (14%)          74M (29%)            -                  -          
[2026-06-18T16:36:54.545+0800][13.589s][info][gc          ] GC(131) Garbage Collection (Allocation Rate) 118M(46%)->48M(19%)
[2026-06-18T16:36:54.618+0800][13.663s][info][gc,start    ] GC(132) Garbage Collection (Allocation Rate)
[2026-06-18T16:36:54.621+0800][13.665s][info][gc,phases   ] GC(132) Pause Mark Start 0.332ms
[2026-06-18T16:36:54.624+0800][13.668s][info][gc,phases   ] GC(132) Concurrent Mark 1.821ms
[2026-06-18T16:36:54.625+0800][13.670s][info][gc,phases   ] GC(132) Pause Mark End 0.482ms
[2026-06-18T16:36:54.626+0800][13.671s][info][gc,phases   ] GC(132) Concurrent Process Non-Strong References 0.157ms
[2026-06-18T16:36:54.627+0800][13.671s][info][gc,phases   ] GC(132) Concurrent Reset Relocation Set 0.003ms
[2026-06-18T16:36:54.630+0800][13.674s][info][gc,phases   ] GC(132) Concurrent Destroy Detached Pages 0.001ms
[2026-06-18T16:36:54.632+0800][13.676s][info][gc,phases   ] GC(132) Concurrent Select Relocation Set 0.912ms
[2026-06-18T16:36:54.632+0800][13.676s][info][gc,phases   ] GC(132) Concurrent Prepare Relocation Set 0.003ms
[2026-06-18T16:36:54.633+0800][13.677s][info][gc,phases   ] GC(132) Pause Relocate Start 0.165ms
[2026-06-18T16:36:54.634+0800][13.678s][info][gc,phases   ] GC(132) Concurrent Relocate 0.220ms
[2026-06-18T16:36:54.634+0800][13.679s][info][gc,load     ] GC(132) Load: 0.85/0.43/0.26
[2026-06-18T16:36:54.635+0800][13.679s][info][gc,mmu      ] GC(132) MMU: 2ms/51.7%, 5ms/80.7%, 10ms/85.1%, 20ms/91.9%, 50ms/96.5%, 100ms/97.5%
[2026-06-18T16:36:54.635+0800][13.679s][info][gc,marking  ] GC(132) Mark: 2 stripe(s), 1 proactive flush(es), 1 terminate flush(es), 0 completion(s), 0 continuation(s) 
[2026-06-18T16:36:54.636+0800][13.680s][info][gc,reloc    ] GC(132) Relocation: Successful, 27M relocated
[2026-06-18T16:36:54.636+0800][13.681s][info][gc,nmethod  ] GC(132) NMethods: 23 registered, 0 unregistered
[2026-06-18T16:36:54.637+0800][13.681s][info][gc,metaspace] GC(132) Metaspace: 3M used, 4M capacity, 4M committed, 8M reserved
[2026-06-18T16:36:54.637+0800][13.681s][info][gc,ref      ] GC(132) Soft: 43 encountered, 0 discovered, 0 enqueued
[2026-06-18T16:36:54.637+0800][13.682s][info][gc,ref      ] GC(132) Weak: 7 encountered, 2 discovered, 0 enqueued
[2026-06-18T16:36:54.638+0800][13.682s][info][gc,ref      ] GC(132) Final: 0 encountered, 0 discovered, 0 enqueued
[2026-06-18T16:36:54.638+0800][13.682s][info][gc,ref      ] GC(132) Phantom: 1 encountered, 1 discovered, 0 enqueued
[2026-06-18T16:36:54.638+0800][13.682s][info][gc,heap     ] GC(132)                Mark Start          Mark End        Relocate Start      Relocate End           High               Low         
[2026-06-18T16:36:54.638+0800][13.683s][info][gc,heap     ] GC(132)  Capacity:      256M (100%)        256M (100%)        256M (100%)        256M (100%)        256M (100%)        256M (100%)   
[2026-06-18T16:36:54.639+0800][13.683s][info][gc,heap     ] GC(132)   Reserve:       62M (24%)          62M (24%)          62M (24%)          62M (24%)          62M (24%)          62M (24%)    
[2026-06-18T16:36:54.639+0800][13.683s][info][gc,heap     ] GC(132)      Free:      116M (45%)         114M (45%)         138M (54%)         146M (57%)         146M (57%)         112M (44%)    
[2026-06-18T16:36:54.639+0800][13.683s][info][gc,heap     ] GC(132)      Used:       78M (30%)          80M (31%)          56M (22%)          48M (19%)          82M (32%)          48M (19%)    
[2026-06-18T16:36:54.640+0800][13.684s][info][gc,heap     ] GC(132)      Live:         -                29M (11%)          29M (11%)          29M (11%)            -                  -          
[2026-06-18T16:36:54.640+0800][13.684s][info][gc,heap     ] GC(132) Allocated:         -                 2M (1%)            4M (2%)           10M (4%)             -                  -          
[2026-06-18T16:36:54.640+0800][13.684s][info][gc,heap     ] GC(132)   Garbage:         -                48M (19%)          22M (9%)           14M (6%)             -                  -          
[2026-06-18T16:36:54.640+0800][13.685s][info][gc,heap     ] GC(132) Reclaimed:         -                  -                26M (10%)          34M (13%)            -                  -          
[2026-06-18T16:36:54.641+0800][13.685s][info][gc          ] GC(132) Garbage Collection (Allocation Rate) 78M(30%)->48M(19%)
[2026-06-18T16:36:54.719+0800][13.763s][info][gc,start    ] GC(133) Garbage Collection (Allocation Rate)
[2026-06-18T16:36:54.722+0800][13.766s][info][gc,phases   ] GC(133) Pause Mark Start 0.867ms
[2026-06-18T16:36:54.726+0800][13.770s][info][gc,phases   ] GC(133) Concurrent Mark 2.128ms
[2026-06-18T16:36:54.729+0800][13.773s][info][gc,phases   ] GC(133) Pause Mark End 0.430ms
[2026-06-18T16:36:54.730+0800][13.774s][info][gc,phases   ] GC(133) Concurrent Process Non-Strong References 0.217ms
[2026-06-18T16:36:54.731+0800][13.775s][info][gc,phases   ] GC(133) Concurrent Reset Relocation Set 0.003ms
[2026-06-18T16:36:54.732+0800][13.776s][info][gc,phases   ] GC(133) Concurrent Destroy Detached Pages 0.001ms
[2026-06-18T16:36:54.733+0800][13.778s][info][gc,phases   ] GC(133) Concurrent Select Relocation Set 0.592ms
[2026-06-18T16:36:54.734+0800][13.778s][info][gc,phases   ] GC(133) Concurrent Prepare Relocation Set 0.009ms
[2026-06-18T16:36:54.735+0800][13.779s][info][gc,phases   ] GC(133) Pause Relocate Start 0.118ms
[2026-06-18T16:36:54.737+0800][13.781s][info][gc,phases   ] GC(133) Concurrent Relocate 1.694ms
[2026-06-18T16:36:54.738+0800][13.782s][info][gc,load     ] GC(133) Load: 0.85/0.43/0.26
[2026-06-18T16:36:54.738+0800][13.782s][info][gc,mmu      ] GC(133) MMU: 2ms/51.7%, 5ms/80.7%, 10ms/85.1%, 20ms/91.9%, 50ms/96.5%, 100ms/97.5%
[2026-06-18T16:36:54.738+0800][13.782s][info][gc,marking  ] GC(133) Mark: 2 stripe(s), 2 proactive flush(es), 1 terminate flush(es), 0 completion(s), 0 continuation(s) 
[2026-06-18T16:36:54.739+0800][13.783s][info][gc,reloc    ] GC(133) Relocation: Successful, 25M relocated
[2026-06-18T16:36:54.739+0800][13.783s][info][gc,nmethod  ] GC(133) NMethods: 23 registered, 0 unregistered
[2026-06-18T16:36:54.739+0800][13.783s][info][gc,metaspace] GC(133) Metaspace: 3M used, 4M capacity, 4M committed, 8M reserved
[2026-06-18T16:36:54.740+0800][13.784s][info][gc,ref      ] GC(133) Soft: 43 encountered, 0 discovered, 0 enqueued
[2026-06-18T16:36:54.740+0800][13.784s][info][gc,ref      ] GC(133) Weak: 7 encountered, 0 discovered, 0 enqueued
[2026-06-18T16:36:54.740+0800][13.784s][info][gc,ref      ] GC(133) Final: 0 encountered, 0 discovered, 0 enqueued
[2026-06-18T16:36:54.740+0800][13.785s][info][gc,ref      ] GC(133) Phantom: 1 encountered, 0 discovered, 0 enqueued
[2026-06-18T16:36:54.741+0800][13.785s][info][gc,heap     ] GC(133)                Mark Start          Mark End        Relocate Start      Relocate End           High               Low         
[2026-06-18T16:36:54.741+0800][13.785s][info][gc,heap     ] GC(133)  Capacity:      256M (100%)        256M (100%)        256M (100%)        256M (100%)        256M (100%)        256M (100%)   
[2026-06-18T16:36:54.741+0800][13.785s][info][gc,heap     ] GC(133)   Reserve:       62M (24%)          62M (24%)          62M (24%)          62M (24%)          62M (24%)          62M (24%)    
[2026-06-18T16:36:54.741+0800][13.785s][info][gc,heap     ] GC(133)      Free:       82M (32%)          78M (30%)          68M (27%)         142M (55%)         142M (55%)          62M (24%)    
[2026-06-18T16:36:54.741+0800][13.785s][info][gc,heap     ] GC(133)      Used:      112M (44%)         116M (45%)         126M (49%)          52M (20%)         132M (52%)          52M (20%)    
[2026-06-18T16:36:54.741+0800][13.786s][info][gc,heap     ] GC(133)      Live:         -                25M (10%)          25M (10%)          25M (10%)            -                  -          
[2026-06-18T16:36:54.742+0800][13.786s][info][gc,heap     ] GC(133) Allocated:         -                 4M (2%)           42M (16%)          50M (20%)            -                  -          
[2026-06-18T16:36:54.742+0800][13.786s][info][gc,heap     ] GC(133)   Garbage:         -                86M (34%)          58M (23%)    17592186044400M (6         -                  -          
[2026-06-18T16:36:54.742+0800][13.786s][info][gc,heap     ] GC(133) Reclaimed:         -                  -                28M (11%)         102M (40%)            -                  -          
[2026-06-18T16:36:54.742+0800][13.786s][info][gc          ] GC(133) Garbage Collection (Allocation Rate) 112M(44%)->52M(20%)
[2026-06-18T16:36:54.819+0800][13.863s][info][gc,start    ] GC(134) Garbage Collection (Allocation Rate)
[2026-06-18T16:36:54.823+0800][13.867s][info][gc,phases   ] GC(134) Pause Mark Start 0.602ms
[2026-06-18T16:36:54.826+0800][13.871s][info][gc,phases   ] GC(134) Concurrent Mark 2.162ms
[2026-06-18T16:36:54.830+0800][13.874s][info][gc,phases   ] GC(134) Pause Mark End 0.504ms
[2026-06-18T16:36:54.831+0800][13.875s][info][gc,phases   ] GC(134) Concurrent Process Non-Strong References 0.255ms
[2026-06-18T16:36:54.832+0800][13.876s][info][gc,phases   ] GC(134) Concurrent Reset Relocation Set 0.004ms
[2026-06-18T16:36:54.833+0800][13.877s][info][gc,phases   ] GC(134) Concurrent Destroy Detached Pages 0.001ms
[2026-06-18T16:36:54.834+0800][13.878s][info][gc,phases   ] GC(134) Concurrent Select Relocation Set 0.493ms
[2026-06-18T16:36:54.834+0800][13.879s][info][gc,phases   ] GC(134) Concurrent Prepare Relocation Set 0.005ms
[2026-06-18T16:36:54.835+0800][13.879s][info][gc,phases   ] GC(134) Pause Relocate Start 0.241ms
[2026-06-18T16:36:54.837+0800][13.881s][info][gc,phases   ] GC(134) Concurrent Relocate 0.440ms
[2026-06-18T16:36:54.841+0800][13.885s][info][gc,load     ] GC(134) Load: 0.85/0.43/0.26
[2026-06-18T16:36:54.844+0800][13.888s][info][gc,mmu      ] GC(134) MMU: 2ms/51.7%, 5ms/80.7%, 10ms/85.1%, 20ms/91.9%, 50ms/96.5%, 100ms/97.5%
[2026-06-18T16:36:54.848+0800][13.892s][info][gc,marking  ] GC(134) Mark: 2 stripe(s), 1 proactive flush(es), 1 terminate flush(es), 0 completion(s), 0 continuation(s) 
[2026-06-18T16:36:54.850+0800][13.895s][info][gc,reloc    ] GC(134) Relocation: Successful, 22M relocated
[2026-06-18T16:36:54.854+0800][13.898s][info][gc,nmethod  ] GC(134) NMethods: 23 registered, 0 unregistered
[2026-06-18T16:36:54.855+0800][13.899s][info][gc,metaspace] GC(134) Metaspace: 3M used, 4M capacity, 4M committed, 8M reserved
[2026-06-18T16:36:54.856+0800][13.900s][info][gc,ref      ] GC(134) Soft: 43 encountered, 0 discovered, 0 enqueued
[2026-06-18T16:36:54.857+0800][13.901s][info][gc,ref      ] GC(134) Weak: 7 encountered, 0 discovered, 0 enqueued
[2026-06-18T16:36:54.857+0800][13.901s][info][gc,ref      ] GC(134) Final: 0 encountered, 0 discovered, 0 enqueued
[2026-06-18T16:36:54.858+0800][13.902s][info][gc,ref      ] GC(134) Phantom: 1 encountered, 0 discovered, 0 enqueued
[2026-06-18T16:36:54.858+0800][13.902s][info][gc,heap     ] GC(134)                Mark Start          Mark End        Relocate Start      Relocate End           High               Low         
[2026-06-18T16:36:54.858+0800][13.903s][info][gc,heap     ] GC(134)  Capacity:      256M (100%)        256M (100%)        256M (100%)        256M (100%)        256M (100%)        256M (100%)   
[2026-06-18T16:36:54.859+0800][13.903s][info][gc,heap     ] GC(134)   Reserve:       62M (24%)          62M (24%)          62M (24%)          62M (24%)          62M (24%)          62M (24%)    
[2026-06-18T16:36:54.859+0800][13.903s][info][gc,heap     ] GC(134)      Free:      112M (44%)         112M (44%)         108M (42%)         114M (45%)         114M (45%)          74M (29%)    
[2026-06-18T16:36:54.860+0800][13.904s][info][gc,heap     ] GC(134)      Used:       82M (32%)          82M (32%)          86M (34%)          80M (31%)         120M (47%)          80M (31%)    
[2026-06-18T16:36:54.860+0800][13.904s][info][gc,heap     ] GC(134)      Live:         -                22M (9%)           22M (9%)           22M (9%)             -                  -          
[2026-06-18T16:36:54.860+0800][13.905s][info][gc,heap     ] GC(134) Allocated:         -                 0M (0%)           38M (15%)          44M (17%)            -                  -          
[2026-06-18T16:36:54.861+0800][13.905s][info][gc,heap     ] GC(134)   Garbage:         -                59M (23%)          25M (10%)          19M (8%)             -                  -          
[2026-06-18T16:36:54.861+0800][13.905s][info][gc,heap     ] GC(134) Reclaimed:         -                  -                34M (13%)          40M (16%)            -                  -          
[2026-06-18T16:36:54.862+0800][13.906s][info][gc          ] GC(134) Garbage Collection (Allocation Rate) 82M(32%)->80M(31%)
[2026-06-18T16:36:54.918+0800][13.962s][info][gc,start    ] GC(135) Garbage Collection (Allocation Rate)
[2026-06-18T16:36:54.921+0800][13.966s][info][gc,phases   ] GC(135) Pause Mark Start 0.601ms
[2026-06-18T16:36:54.925+0800][13.969s][info][gc,phases   ] GC(135) Concurrent Mark 2.381ms
[2026-06-18T16:36:54.927+0800][13.972s][info][gc,phases   ] GC(135) Pause Mark End 0.660ms
[2026-06-18T16:36:54.929+0800][13.973s][info][gc,phases   ] GC(135) Concurrent Process Non-Strong References 0.220ms
[2026-06-18T16:36:54.930+0800][13.974s][info][gc,phases   ] GC(135) Concurrent Reset Relocation Set 0.004ms
[2026-06-18T16:36:54.931+0800][13.975s][info][gc,phases   ] GC(135) Concurrent Destroy Detached Pages 0.001ms
[2026-06-18T16:36:54.933+0800][13.977s][info][gc,phases   ] GC(135) Concurrent Select Relocation Set 0.954ms
[2026-06-18T16:36:54.933+0800][13.977s][info][gc,phases   ] GC(135) Concurrent Prepare Relocation Set 0.007ms
[2026-06-18T16:36:54.934+0800][13.979s][info][gc,phases   ] GC(135) Pause Relocate Start 0.241ms
[2026-06-18T16:36:54.937+0800][13.981s][info][gc,phases   ] GC(135) Concurrent Relocate 2.215ms
[2026-06-18T16:36:54.938+0800][13.982s][info][gc,load     ] GC(135) Load: 0.85/0.43/0.26
[2026-06-18T16:36:54.938+0800][13.983s][info][gc,mmu      ] GC(135) MMU: 2ms/51.7%, 5ms/80.7%, 10ms/85.1%, 20ms/91.9%, 50ms/96.5%, 100ms/97.5%
[2026-06-18T16:36:54.939+0800][13.983s][info][gc,marking  ] GC(135) Mark: 2 stripe(s), 1 proactive flush(es), 1 terminate flush(es), 0 completion(s), 0 continuation(s) 
[2026-06-18T16:36:54.939+0800][13.983s][info][gc,reloc    ] GC(135) Relocation: Successful, 26M relocated
[2026-06-18T16:36:54.940+0800][13.984s][info][gc,nmethod  ] GC(135) NMethods: 23 registered, 0 unregistered
[2026-06-18T16:36:54.940+0800][13.984s][info][gc,metaspace] GC(135) Metaspace: 3M used, 4M capacity, 4M committed, 8M reserved
[2026-06-18T16:36:54.941+0800][13.985s][info][gc,ref      ] GC(135) Soft: 43 encountered, 0 discovered, 0 enqueued
[2026-06-18T16:36:54.941+0800][13.985s][info][gc,ref      ] GC(135) Weak: 7 encountered, 0 discovered, 0 enqueued
[2026-06-18T16:36:54.942+0800][13.986s][info][gc,ref      ] GC(135) Final: 0 encountered, 0 discovered, 0 enqueued
[2026-06-18T16:36:54.942+0800][13.986s][info][gc,ref      ] GC(135) Phantom: 1 encountered, 1 discovered, 0 enqueued
[2026-06-18T16:36:54.942+0800][13.986s][info][gc,heap     ] GC(135)                Mark Start          Mark End        Relocate Start      Relocate End           High               Low         
[2026-06-18T16:36:54.943+0800][13.987s][info][gc,heap     ] GC(135)  Capacity:      256M (100%)        256M (100%)        256M (100%)        256M (100%)        256M (100%)        256M (100%)   
[2026-06-18T16:36:54.943+0800][13.987s][info][gc,heap     ] GC(135)   Reserve:       62M (24%)          62M (24%)          62M (24%)          62M (24%)          62M (24%)          62M (24%)    
[2026-06-18T16:36:54.943+0800][13.987s][info][gc,heap     ] GC(135)      Free:       84M (33%)          46M (18%)          74M (29%)         140M (55%)         140M (55%)          46M (18%)    
[2026-06-18T16:36:54.943+0800][13.987s][info][gc,heap     ] GC(135)      Used:      110M (43%)         148M (58%)         120M (47%)          54M (21%)         148M (58%)          54M (21%)    
[2026-06-18T16:36:54.943+0800][13.988s][info][gc,heap     ] GC(135)      Live:         -                28M (11%)          28M (11%)          28M (11%)            -                  -          
[2026-06-18T16:36:54.944+0800][13.988s][info][gc,heap     ] GC(135) Allocated:         -                38M (15%)          38M (15%)          48M (19%)            -                  -          
[2026-06-18T16:36:54.944+0800][13.988s][info][gc,heap     ] GC(135)   Garbage:         -                81M (32%)          53M (21%)    17592186044401M (6         -                  -          
[2026-06-18T16:36:54.944+0800][13.988s][info][gc,heap     ] GC(135) Reclaimed:         -                  -                28M (11%)          96M (38%)            -                  -          
[2026-06-18T16:36:54.944+0800][13.989s][info][gc          ] GC(135) Garbage Collection (Allocation Rate) 110M(43%)->54M(21%)
[2026-06-18T16:36:55.018+0800][14.063s][info][gc,start    ] GC(136) Garbage Collection (Allocation Rate)
[2026-06-18T16:36:55.022+0800][14.066s][info][gc,phases   ] GC(136) Pause Mark Start 0.448ms
[2026-06-18T16:36:55.026+0800][14.071s][info][gc,phases   ] GC(136) Concurrent Mark 1.982ms
[2026-06-18T16:36:55.029+0800][14.073s][info][gc,phases   ] GC(136) Pause Mark End 0.607ms
[2026-06-18T16:36:55.030+0800][14.074s][info][gc,phases   ] GC(136) Concurrent Process Non-Strong References 0.121ms
[2026-06-18T16:36:55.031+0800][14.075s][info][gc,phases   ] GC(136) Concurrent Reset Relocation Set 0.003ms
[2026-06-18T16:36:55.032+0800][14.076s][info][gc,phases   ] GC(136) Concurrent Destroy Detached Pages 0.001ms
[2026-06-18T16:36:55.034+0800][14.078s][info][gc,phases   ] GC(136) Concurrent Select Relocation Set 0.949ms
[2026-06-18T16:36:55.034+0800][14.078s][info][gc,phases   ] GC(136) Concurrent Prepare Relocation Set 0.012ms
[2026-06-18T16:36:55.035+0800][14.079s][info][gc,phases   ] GC(136) Pause Relocate Start 0.326ms
[2026-06-18T16:36:55.037+0800][14.081s][info][gc,phases   ] GC(136) Concurrent Relocate 0.453ms
[2026-06-18T16:36:55.037+0800][14.082s][info][gc,load     ] GC(136) Load: 0.85/0.43/0.26
[2026-06-18T16:36:55.038+0800][14.082s][info][gc,mmu      ] GC(136) MMU: 2ms/51.7%, 5ms/80.7%, 10ms/85.1%, 20ms/91.9%, 50ms/96.5%, 100ms/97.5%
[2026-06-18T16:36:55.038+0800][14.083s][info][gc,marking  ] GC(136) Mark: 2 stripe(s), 2 proactive flush(es), 1 terminate flush(es), 0 completion(s), 0 continuation(s) 
[2026-06-18T16:36:55.039+0800][14.084s][info][gc,reloc    ] GC(136) Relocation: Successful, 25M relocated
[2026-06-18T16:36:55.040+0800][14.084s][info][gc,nmethod  ] GC(136) NMethods: 23 registered, 0 unregistered
[2026-06-18T16:36:55.040+0800][14.085s][info][gc,metaspace] GC(136) Metaspace: 3M used, 4M capacity, 4M committed, 8M reserved
[2026-06-18T16:36:55.041+0800][14.085s][info][gc,ref      ] GC(136) Soft: 43 encountered, 0 discovered, 0 enqueued
[2026-06-18T16:36:55.041+0800][14.085s][info][gc,ref      ] GC(136) Weak: 7 encountered, 2 discovered, 0 enqueued
[2026-06-18T16:36:55.041+0800][14.086s][info][gc,ref      ] GC(136) Final: 0 encountered, 0 discovered, 0 enqueued
[2026-06-18T16:36:55.042+0800][14.086s][info][gc,ref      ] GC(136) Phantom: 1 encountered, 1 discovered, 0 enqueued
[2026-06-18T16:36:55.042+0800][14.086s][info][gc,heap     ] GC(136)                Mark Start          Mark End        Relocate Start      Relocate End           High               Low         
[2026-06-18T16:36:55.042+0800][14.087s][info][gc,heap     ] GC(136)  Capacity:      256M (100%)        256M (100%)        256M (100%)        256M (100%)        256M (100%)        256M (100%)   
[2026-06-18T16:36:55.043+0800][14.087s][info][gc,heap     ] GC(136)   Reserve:       62M (24%)          62M (24%)          62M (24%)          62M (24%)          62M (24%)          62M (24%)    
[2026-06-18T16:36:55.043+0800][14.087s][info][gc,heap     ] GC(136)      Free:      112M (44%)          76M (30%)         102M (40%)         110M (43%)         112M (44%)          76M (30%)    
[2026-06-18T16:36:55.043+0800][14.087s][info][gc,heap     ] GC(136)      Used:       82M (32%)         118M (46%)          92M (36%)          84M (33%)         118M (46%)          82M (32%)    
[2026-06-18T16:36:55.043+0800][14.088s][info][gc,heap     ] GC(136)      Live:         -                27M (11%)          27M (11%)          27M (11%)            -                  -          
[2026-06-18T16:36:55.044+0800][14.088s][info][gc,heap     ] GC(136) Allocated:         -                36M (14%)          36M (14%)          48M (19%)            -                  -          
[2026-06-18T16:36:55.044+0800][14.088s][info][gc,heap     ] GC(136)   Garbage:         -                54M (21%)          28M (11%)          16M (7%)             -                  -          
[2026-06-18T16:36:55.044+0800][14.088s][info][gc,heap     ] GC(136) Reclaimed:         -                  -                26M (10%)          38M (15%)            -                  -          
[2026-06-18T16:36:55.044+0800][14.088s][info][gc          ] GC(136) Garbage Collection (Allocation Rate) 82M(32%)->84M(33%)
[2026-06-18T16:36:55.119+0800][14.163s][info][gc,start    ] GC(137) Garbage Collection (Allocation Rate)
[2026-06-18T16:36:55.122+0800][14.166s][info][gc,phases   ] GC(137) Pause Mark Start 0.434ms
[2026-06-18T16:36:55.125+0800][14.170s][info][gc,phases   ] GC(137) Concurrent Mark 2.359ms
[2026-06-18T16:36:55.127+0800][14.171s][info][gc,phases   ] GC(137) Pause Mark End 0.392ms
[2026-06-18T16:36:55.130+0800][14.174s][info][gc,phases   ] GC(137) Concurrent Process Non-Strong References 0.222ms
[2026-06-18T16:36:55.130+0800][14.175s][info][gc,phases   ] GC(137) Concurrent Reset Relocation Set 0.003ms
[2026-06-18T16:36:55.131+0800][14.175s][info][gc,phases   ] GC(137) Concurrent Destroy Detached Pages 0.001ms
[2026-06-18T16:36:55.132+0800][14.177s][info][gc,phases   ] GC(137) Concurrent Select Relocation Set 0.584ms
[2026-06-18T16:36:55.133+0800][14.177s][info][gc,phases   ] GC(137) Concurrent Prepare Relocation Set 0.005ms
[2026-06-18T16:36:55.134+0800][14.178s][info][gc,phases   ] GC(137) Pause Relocate Start 0.226ms
[2026-06-18T16:36:55.137+0800][14.181s][info][gc,phases   ] GC(137) Concurrent Relocate 2.059ms
[2026-06-18T16:36:55.137+0800][14.181s][info][gc,load     ] GC(137) Load: 0.85/0.43/0.26
[2026-06-18T16:36:55.138+0800][14.182s][info][gc,mmu      ] GC(137) MMU: 2ms/51.7%, 5ms/80.7%, 10ms/85.1%, 20ms/91.9%, 50ms/96.5%, 100ms/97.5%
[2026-06-18T16:36:55.138+0800][14.182s][info][gc,marking  ] GC(137) Mark: 2 stripe(s), 2 proactive flush(es), 1 terminate flush(es), 0 completion(s), 0 continuation(s) 
[2026-06-18T16:36:55.138+0800][14.182s][info][gc,reloc    ] GC(137) Relocation: Successful, 26M relocated
[2026-06-18T16:36:55.139+0800][14.183s][info][gc,nmethod  ] GC(137) NMethods: 23 registered, 0 unregistered
[2026-06-18T16:36:55.139+0800][14.183s][info][gc,metaspace] GC(137) Metaspace: 3M used, 4M capacity, 4M committed, 8M reserved
[2026-06-18T16:36:55.139+0800][14.183s][info][gc,ref      ] GC(137) Soft: 43 encountered, 0 discovered, 0 enqueued
[2026-06-18T16:36:55.139+0800][14.184s][info][gc,ref      ] GC(137) Weak: 7 encountered, 0 discovered, 0 enqueued
[2026-06-18T16:36:55.140+0800][14.184s][info][gc,ref      ] GC(137) Final: 0 encountered, 0 discovered, 0 enqueued
[2026-06-18T16:36:55.140+0800][14.184s][info][gc,ref      ] GC(137) Phantom: 1 encountered, 0 discovered, 0 enqueued
[2026-06-18T16:36:55.140+0800][14.184s][info][gc,heap     ] GC(137)                Mark Start          Mark End        Relocate Start      Relocate End           High               Low         
[2026-06-18T16:36:55.141+0800][14.185s][info][gc,heap     ] GC(137)  Capacity:      256M (100%)        256M (100%)        256M (100%)        256M (100%)        256M (100%)        256M (100%)   
[2026-06-18T16:36:55.141+0800][14.185s][info][gc,heap     ] GC(137)   Reserve:       62M (24%)          62M (24%)          62M (24%)          62M (24%)          62M (24%)          62M (24%)    
[2026-06-18T16:36:55.141+0800][14.185s][info][gc,heap     ] GC(137)      Free:       84M (33%)          46M (18%)          72M (28%)         140M (55%)         140M (55%)          46M (18%)    
[2026-06-18T16:36:55.141+0800][14.185s][info][gc,heap     ] GC(137)      Used:      110M (43%)         148M (58%)         122M (48%)          54M (21%)         148M (58%)          54M (21%)    
[2026-06-18T16:36:55.141+0800][14.186s][info][gc,heap     ] GC(137)      Live:         -                30M (12%)          30M (12%)          30M (12%)            -                  -          
[2026-06-18T16:36:55.142+0800][14.186s][info][gc,heap     ] GC(137) Allocated:         -                38M (15%)          38M (15%)          46M (18%)            -                  -          
[2026-06-18T16:36:55.142+0800][14.186s][info][gc,heap     ] GC(137)   Garbage:         -                79M (31%)          53M (21%)    17592186044397M (6         -                  -          
[2026-06-18T16:36:55.142+0800][14.186s][info][gc,heap     ] GC(137) Reclaimed:         -                  -                26M (10%)          98M (38%)            -                  -          
[2026-06-18T16:36:55.142+0800][14.186s][info][gc          ] GC(137) Garbage Collection (Allocation Rate) 110M(43%)->54M(21%)
[2026-06-18T16:36:55.218+0800][14.262s][info][gc,start    ] GC(138) Garbage Collection (Allocation Rate)
[2026-06-18T16:36:55.222+0800][14.267s][info][gc,phases   ] GC(138) Pause Mark Start 0.360ms
[2026-06-18T16:36:55.229+0800][14.273s][info][gc,phases   ] GC(138) Concurrent Mark 2.318ms
[2026-06-18T16:36:55.233+0800][14.278s][info][gc,phases   ] GC(138) Pause Mark End 0.701ms
[2026-06-18T16:36:55.236+0800][14.280s][info][gc,phases   ] GC(138) Concurrent Process Non-Strong References 0.276ms
[2026-06-18T16:36:55.240+0800][14.284s][info][gc,phases   ] GC(138) Concurrent Reset Relocation Set 0.007ms
[2026-06-18T16:36:55.242+0800][14.287s][info][gc,phases   ] GC(138) Concurrent Destroy Detached Pages 0.002ms
[2026-06-18T16:36:55.247+0800][14.292s][info][gc,phases   ] GC(138) Concurrent Select Relocation Set 1.312ms
[2026-06-18T16:36:55.252+0800][14.296s][info][gc,phases   ] GC(138) Concurrent Prepare Relocation Set 0.009ms
[2026-06-18T16:36:55.254+0800][14.298s][info][gc,phases   ] GC(138) Pause Relocate Start 0.196ms
[2026-06-18T16:36:55.258+0800][14.302s][info][gc,phases   ] GC(138) Concurrent Relocate 0.396ms
[2026-06-18T16:36:55.261+0800][14.305s][info][gc,load     ] GC(138) Load: 0.85/0.43/0.26
[2026-06-18T16:36:55.263+0800][14.307s][info][gc,mmu      ] GC(138) MMU: 2ms/51.7%, 5ms/80.7%, 10ms/85.1%, 20ms/91.9%, 50ms/96.5%, 100ms/97.5%
[2026-06-18T16:36:55.264+0800][14.309s][info][gc,marking  ] GC(138) Mark: 2 stripe(s), 1 proactive flush(es), 1 terminate flush(es), 0 completion(s), 0 continuation(s) 
[2026-06-18T16:36:55.265+0800][14.309s][info][gc,reloc    ] GC(138) Relocation: Successful, 21M relocated
[2026-06-18T16:36:55.266+0800][14.310s][info][gc,nmethod  ] GC(138) NMethods: 23 registered, 0 unregistered
[2026-06-18T16:36:55.267+0800][14.311s][info][gc,metaspace] GC(138) Metaspace: 3M used, 4M capacity, 4M committed, 8M reserved
[2026-06-18T16:36:55.267+0800][14.312s][info][gc,ref      ] GC(138) Soft: 43 encountered, 0 discovered, 0 enqueued
[2026-06-18T16:36:55.268+0800][14.312s][info][gc,ref      ] GC(138) Weak: 7 encountered, 2 discovered, 0 enqueued
[2026-06-18T16:36:55.269+0800][14.313s][info][gc,ref      ] GC(138) Final: 0 encountered, 0 discovered, 0 enqueued
[2026-06-18T16:36:55.269+0800][14.313s][info][gc,ref      ] GC(138) Phantom: 1 encountered, 1 discovered, 0 enqueued
[2026-06-18T16:36:55.269+0800][14.314s][info][gc,heap     ] GC(138)                Mark Start          Mark End        Relocate Start      Relocate End           High               Low         
[2026-06-18T16:36:55.270+0800][14.314s][info][gc,heap     ] GC(138)  Capacity:      256M (100%)        256M (100%)        256M (100%)        256M (100%)        256M (100%)        256M (100%)   
[2026-06-18T16:36:55.270+0800][14.314s][info][gc,heap     ] GC(138)   Reserve:       62M (24%)          62M (24%)          62M (24%)          62M (24%)          62M (24%)          62M (24%)    
[2026-06-18T16:36:55.270+0800][14.315s][info][gc,heap     ] GC(138)      Free:      110M (43%)         106M (41%)          92M (36%)         104M (41%)         128M (50%)          86M (34%)    
[2026-06-18T16:36:55.271+0800][14.315s][info][gc,heap     ] GC(138)      Used:       84M (33%)          88M (34%)         102M (40%)          90M (35%)         108M (42%)          66M (26%)    
[2026-06-18T16:36:55.271+0800][14.315s][info][gc,heap     ] GC(138)      Live:         -                23M (9%)           23M (9%)           23M (9%)             -                  -          
[2026-06-18T16:36:55.271+0800][14.316s][info][gc,heap     ] GC(138) Allocated:         -                 4M (2%)           44M (17%)          52M (20%)            -                  -          
[2026-06-18T16:36:55.272+0800][14.316s][info][gc,heap     ] GC(138)   Garbage:         -                60M (24%)          34M (14%)          22M (9%)             -                  -          
[2026-06-18T16:36:55.272+0800][14.316s][info][gc,heap     ] GC(138) Reclaimed:         -                  -                26M (10%)          38M (15%)            -                  -          
[2026-06-18T16:36:55.272+0800][14.317s][info][gc          ] GC(138) Garbage Collection (Allocation Rate) 84M(33%)->90M(35%)
[2026-06-18T16:36:55.318+0800][14.363s][info][gc,start    ] GC(139) Garbage Collection (Allocation Rate)
[2026-06-18T16:36:55.321+0800][14.366s][info][gc,phases   ] GC(139) Pause Mark Start 0.570ms
[2026-06-18T16:36:55.325+0800][14.369s][info][gc,phases   ] GC(139) Concurrent Mark 1.977ms
[2026-06-18T16:36:55.326+0800][14.370s][info][gc,phases   ] GC(139) Pause Mark End 0.545ms
[2026-06-18T16:36:55.327+0800][14.371s][info][gc,phases   ] GC(139) Concurrent Process Non-Strong References 0.122ms
[2026-06-18T16:36:55.328+0800][14.372s][info][gc,phases   ] GC(139) Concurrent Reset Relocation Set 0.004ms
[2026-06-18T16:36:55.329+0800][14.373s][info][gc,phases   ] GC(139) Concurrent Destroy Detached Pages 0.001ms
[2026-06-18T16:36:55.330+0800][14.374s][info][gc,phases   ] GC(139) Concurrent Select Relocation Set 0.916ms
[2026-06-18T16:36:55.331+0800][14.375s][info][gc,phases   ] GC(139) Concurrent Prepare Relocation Set 0.014ms
[2026-06-18T16:36:55.331+0800][14.376s][info][gc,phases   ] GC(139) Pause Relocate Start 0.261ms
[2026-06-18T16:36:55.333+0800][14.377s][info][gc,phases   ] GC(139) Concurrent Relocate 1.178ms
[2026-06-18T16:36:55.334+0800][14.378s][info][gc,load     ] GC(139) Load: 0.85/0.43/0.26
[2026-06-18T16:36:55.334+0800][14.378s][info][gc,mmu      ] GC(139) MMU: 2ms/51.7%, 5ms/80.7%, 10ms/85.1%, 20ms/91.9%, 50ms/96.5%, 100ms/97.5%
[2026-06-18T16:36:55.334+0800][14.378s][info][gc,marking  ] GC(139) Mark: 2 stripe(s), 1 proactive flush(es), 1 terminate flush(es), 0 completion(s), 0 continuation(s) 
[2026-06-18T16:36:55.334+0800][14.378s][info][gc,reloc    ] GC(139) Relocation: Successful, 19M relocated
[2026-06-18T16:36:55.334+0800][14.379s][info][gc,nmethod  ] GC(139) NMethods: 23 registered, 0 unregistered
[2026-06-18T16:36:55.335+0800][14.379s][info][gc,metaspace] GC(139) Metaspace: 3M used, 4M capacity, 4M committed, 8M reserved
[2026-06-18T16:36:55.335+0800][14.379s][info][gc,ref      ] GC(139) Soft: 43 encountered, 0 discovered, 0 enqueued
[2026-06-18T16:36:55.335+0800][14.380s][info][gc,ref      ] GC(139) Weak: 7 encountered, 2 discovered, 0 enqueued
[2026-06-18T16:36:55.336+0800][14.380s][info][gc,ref      ] GC(139) Final: 0 encountered, 0 discovered, 0 enqueued
[2026-06-18T16:36:55.336+0800][14.380s][info][gc,ref      ] GC(139) Phantom: 1 encountered, 1 discovered, 0 enqueued
[2026-06-18T16:36:55.336+0800][14.380s][info][gc,heap     ] GC(139)                Mark Start          Mark End        Relocate Start      Relocate End           High               Low         
[2026-06-18T16:36:55.336+0800][14.381s][info][gc,heap     ] GC(139)  Capacity:      256M (100%)        256M (100%)        256M (100%)        256M (100%)        256M (100%)        256M (100%)   
[2026-06-18T16:36:55.337+0800][14.381s][info][gc,heap     ] GC(139)   Reserve:       62M (24%)          62M (24%)          62M (24%)          62M (24%)          62M (24%)          62M (24%)    
[2026-06-18T16:36:55.337+0800][14.381s][info][gc,heap     ] GC(139)      Free:       82M (32%)          78M (30%)         108M (42%)         146M (57%)         146M (57%)          70M (27%)    
[2026-06-18T16:36:55.337+0800][14.381s][info][gc,heap     ] GC(139)      Used:      112M (44%)         116M (45%)          86M (34%)          48M (19%)         124M (48%)          48M (19%)    
[2026-06-18T16:36:55.337+0800][14.381s][info][gc,heap     ] GC(139)      Live:         -                20M (8%)           20M (8%)           20M (8%)             -                  -          
[2026-06-18T16:36:55.337+0800][14.382s][info][gc,heap     ] GC(139) Allocated:         -                 4M (2%)            4M (2%)           44M (17%)            -                  -          
[2026-06-18T16:36:55.338+0800][14.382s][info][gc,heap     ] GC(139)   Garbage:         -                91M (36%)          61M (24%)          23M (9%)             -                  -          
[2026-06-18T16:36:55.338+0800][14.382s][info][gc,heap     ] GC(139) Reclaimed:         -                  -                30M (12%)          68M (27%)            -                  -          
[2026-06-18T16:36:55.338+0800][14.383s][info][gc          ] GC(139) Garbage Collection (Allocation Rate) 112M(44%)->48M(19%)
[2026-06-18T16:36:55.419+0800][14.463s][info][gc,start    ] GC(140) Garbage Collection (Allocation Rate)
[2026-06-18T16:36:55.422+0800][14.466s][info][gc,phases   ] GC(140) Pause Mark Start 0.459ms
[2026-06-18T16:36:55.426+0800][14.470s][info][gc,phases   ] GC(140) Concurrent Mark 2.153ms
[2026-06-18T16:36:55.429+0800][14.473s][info][gc,phases   ] GC(140) Pause Mark End 0.600ms
[2026-06-18T16:36:55.430+0800][14.474s][info][gc,phases   ] GC(140) Concurrent Process Non-Strong References 0.251ms
[2026-06-18T16:36:55.431+0800][14.475s][info][gc,phases   ] GC(140) Concurrent Reset Relocation Set 0.004ms
[2026-06-18T16:36:55.432+0800][14.476s][info][gc,phases   ] GC(140) Concurrent Destroy Detached Pages 0.001ms
[2026-06-18T16:36:55.433+0800][14.478s][info][gc,phases   ] GC(140) Concurrent Select Relocation Set 0.807ms
[2026-06-18T16:36:55.434+0800][14.478s][info][gc,phases   ] GC(140) Concurrent Prepare Relocation Set 0.003ms
[2026-06-18T16:36:55.435+0800][14.479s][info][gc,phases   ] GC(140) Pause Relocate Start 0.173ms
[2026-06-18T16:36:55.436+0800][14.480s][info][gc,phases   ] GC(140) Concurrent Relocate 0.260ms
[2026-06-18T16:36:55.436+0800][14.481s][info][gc,load     ] GC(140) Load: 0.85/0.43/0.26
[2026-06-18T16:36:55.437+0800][14.481s][info][gc,mmu      ] GC(140) MMU: 2ms/51.7%, 5ms/80.7%, 10ms/85.1%, 20ms/91.9%, 50ms/96.5%, 100ms/97.5%
[2026-06-18T16:36:55.437+0800][14.481s][info][gc,marking  ] GC(140) Mark: 2 stripe(s), 1 proactive flush(es), 1 terminate flush(es), 0 completion(s), 0 continuation(s) 
[2026-06-18T16:36:55.438+0800][14.482s][info][gc,reloc    ] GC(140) Relocation: Successful, 23M relocated
[2026-06-18T16:36:55.438+0800][14.482s][info][gc,nmethod  ] GC(140) NMethods: 23 registered, 0 unregistered
[2026-06-18T16:36:55.438+0800][14.482s][info][gc,metaspace] GC(140) Metaspace: 3M used, 4M capacity, 4M committed, 8M reserved
[2026-06-18T16:36:55.438+0800][14.483s][info][gc,ref      ] GC(140) Soft: 43 encountered, 0 discovered, 0 enqueued
[2026-06-18T16:36:55.439+0800][14.483s][info][gc,ref      ] GC(140) Weak: 7 encountered, 2 discovered, 0 enqueued
[2026-06-18T16:36:55.439+0800][14.483s][info][gc,ref      ] GC(140) Final: 0 encountered, 0 discovered, 0 enqueued
[2026-06-18T16:36:55.439+0800][14.483s][info][gc,ref      ] GC(140) Phantom: 1 encountered, 1 discovered, 0 enqueued
[2026-06-18T16:36:55.439+0800][14.484s][info][gc,heap     ] GC(140)                Mark Start          Mark End        Relocate Start      Relocate End           High               Low         
[2026-06-18T16:36:55.440+0800][14.484s][info][gc,heap     ] GC(140)  Capacity:      256M (100%)        256M (100%)        256M (100%)        256M (100%)        256M (100%)        256M (100%)   
[2026-06-18T16:36:55.440+0800][14.484s][info][gc,heap     ] GC(140)   Reserve:       62M (24%)          62M (24%)          62M (24%)          62M (24%)          62M (24%)          62M (24%)    
[2026-06-18T16:36:55.440+0800][14.484s][info][gc,heap     ] GC(140)      Free:      112M (44%)         112M (44%)         136M (53%)         146M (57%)         146M (57%)         108M (42%)    
[2026-06-18T16:36:55.440+0800][14.484s][info][gc,heap     ] GC(140)      Used:       82M (32%)          82M (32%)          58M (23%)          48M (19%)          86M (34%)          48M (19%)    
[2026-06-18T16:36:55.441+0800][14.485s][info][gc,heap     ] GC(140)      Live:         -                26M (10%)          26M (10%)          26M (10%)            -                  -          
[2026-06-18T16:36:55.441+0800][14.485s][info][gc,heap     ] GC(140) Allocated:         -                 0M (0%)            4M (2%)           10M (4%)             -                  -          
[2026-06-18T16:36:55.441+0800][14.485s][info][gc,heap     ] GC(140)   Garbage:         -                55M (22%)          27M (11%)          17M (7%)             -                  -          
[2026-06-18T16:36:55.441+0800][14.485s][info][gc,heap     ] GC(140) Reclaimed:         -                  -                28M (11%)          38M (15%)            -                  -          
[2026-06-18T16:36:55.441+0800][14.486s][info][gc          ] GC(140) Garbage Collection (Allocation Rate) 82M(32%)->48M(19%)
[2026-06-18T16:36:55.519+0800][14.563s][info][gc,start    ] GC(141) Garbage Collection (Allocation Rate)
[2026-06-18T16:36:55.520+0800][14.564s][info][gc,phases   ] GC(141) Pause Mark Start 0.129ms
[2026-06-18T16:36:55.522+0800][14.567s][info][gc,phases   ] GC(141) Concurrent Mark 1.468ms
[2026-06-18T16:36:55.523+0800][14.567s][info][gc,phases   ] GC(141) Pause Mark End 0.246ms
[2026-06-18T16:36:55.524+0800][14.568s][info][gc,phases   ] GC(141) Concurrent Process Non-Strong References 0.101ms
[2026-06-18T16:36:55.524+0800][14.569s][info][gc,phases   ] GC(141) Concurrent Reset Relocation Set 0.002ms
[2026-06-18T16:36:55.525+0800][14.569s][info][gc,phases   ] GC(141) Concurrent Destroy Detached Pages 0.000ms
[2026-06-18T16:36:55.525+0800][14.570s][info][gc,phases   ] GC(141) Concurrent Select Relocation Set 0.451ms
[2026-06-18T16:36:55.526+0800][14.570s][info][gc,phases   ] GC(141) Concurrent Prepare Relocation Set 0.002ms
[2026-06-18T16:36:55.526+0800][14.571s][info][gc,phases   ] GC(141) Pause Relocate Start 0.112ms
[2026-06-18T16:36:55.528+0800][14.573s][info][gc,phases   ] GC(141) Concurrent Relocate 1.538ms
[2026-06-18T16:36:55.529+0800][14.573s][info][gc,load     ] GC(141) Load: 0.85/0.43/0.26
[2026-06-18T16:36:55.529+0800][14.573s][info][gc,mmu      ] GC(141) MMU: 2ms/51.7%, 5ms/80.7%, 10ms/85.1%, 20ms/91.9%, 50ms/96.5%, 100ms/97.5%
[2026-06-18T16:36:55.529+0800][14.574s][info][gc,marking  ] GC(141) Mark: 2 stripe(s), 1 proactive flush(es), 1 terminate flush(es), 0 completion(s), 0 continuation(s) 
[2026-06-18T16:36:55.530+0800][14.574s][info][gc,reloc    ] GC(141) Relocation: Successful, 25M relocated
[2026-06-18T16:36:55.530+0800][14.574s][info][gc,nmethod  ] GC(141) NMethods: 23 registered, 0 unregistered
[2026-06-18T16:36:55.530+0800][14.575s][info][gc,metaspace] GC(141) Metaspace: 3M used, 4M capacity, 4M committed, 8M reserved
[2026-06-18T16:36:55.531+0800][14.575s][info][gc,ref      ] GC(141) Soft: 43 encountered, 0 discovered, 0 enqueued
[2026-06-18T16:36:55.531+0800][14.575s][info][gc,ref      ] GC(141) Weak: 7 encountered, 2 discovered, 0 enqueued
[2026-06-18T16:36:55.531+0800][14.575s][info][gc,ref      ] GC(141) Final: 0 encountered, 0 discovered, 0 enqueued
[2026-06-18T16:36:55.531+0800][14.575s][info][gc,ref      ] GC(141) Phantom: 1 encountered, 1 discovered, 0 enqueued
[2026-06-18T16:36:55.532+0800][14.576s][info][gc,heap     ] GC(141)                Mark Start          Mark End        Relocate Start      Relocate End           High               Low         
[2026-06-18T16:36:55.532+0800][14.576s][info][gc,heap     ] GC(141)  Capacity:      256M (100%)        256M (100%)        256M (100%)        256M (100%)        256M (100%)        256M (100%)   
[2026-06-18T16:36:55.532+0800][14.576s][info][gc,heap     ] GC(141)   Reserve:       62M (24%)          62M (24%)          62M (24%)          62M (24%)          62M (24%)          62M (24%)    
[2026-06-18T16:36:55.532+0800][14.576s][info][gc,heap     ] GC(141)      Free:       84M (33%)          84M (33%)         104M (41%)         146M (57%)         146M (57%)          66M (26%)    
[2026-06-18T16:36:55.532+0800][14.577s][info][gc,heap     ] GC(141)      Used:      110M (43%)         110M (43%)          90M (35%)          48M (19%)         128M (50%)          48M (19%)    
[2026-06-18T16:36:55.533+0800][14.577s][info][gc,heap     ] GC(141)      Live:         -                25M (10%)          25M (10%)          25M (10%)            -                  -          
[2026-06-18T16:36:55.533+0800][14.577s][info][gc,heap     ] GC(141) Allocated:         -                 0M (0%)            4M (2%)           44M (17%)            -                  -          
[2026-06-18T16:36:55.533+0800][14.577s][info][gc,heap     ] GC(141)   Garbage:         -                84M (33%)          60M (24%)          18M (7%)             -                  -          
[2026-06-18T16:36:55.533+0800][14.577s][info][gc,heap     ] GC(141) Reclaimed:         -                  -                24M (9%)           66M (26%)            -                  -          
[2026-06-18T16:36:55.533+0800][14.578s][info][gc          ] GC(141) Garbage Collection (Allocation Rate) 110M(43%)->48M(19%)
[2026-06-18T16:36:55.618+0800][14.663s][info][gc,start    ] GC(142) Garbage Collection (Allocation Rate)
[2026-06-18T16:36:55.622+0800][14.666s][info][gc,phases   ] GC(142) Pause Mark Start 0.373ms
[2026-06-18T16:36:55.626+0800][14.670s][info][gc,phases   ] GC(142) Concurrent Mark 1.890ms
[2026-06-18T16:36:55.628+0800][14.672s][info][gc,phases   ] GC(142) Pause Mark End 0.611ms
[2026-06-18T16:36:55.629+0800][14.673s][info][gc,phases   ] GC(142) Concurrent Process Non-Strong References 0.071ms
[2026-06-18T16:36:55.629+0800][14.674s][info][gc,phases   ] GC(142) Concurrent Reset Relocation Set 0.003ms
[2026-06-18T16:36:55.630+0800][14.674s][info][gc,phases   ] GC(142) Concurrent Destroy Detached Pages 0.001ms
[2026-06-18T16:36:55.631+0800][14.676s][info][gc,phases   ] GC(142) Concurrent Select Relocation Set 0.542ms
[2026-06-18T16:36:55.632+0800][14.676s][info][gc,phases   ] GC(142) Concurrent Prepare Relocation Set 0.010ms
[2026-06-18T16:36:55.633+0800][14.677s][info][gc,phases   ] GC(142) Pause Relocate Start 0.240ms
[2026-06-18T16:36:55.634+0800][14.678s][info][gc,phases   ] GC(142) Concurrent Relocate 0.278ms
[2026-06-18T16:36:55.634+0800][14.679s][info][gc,load     ] GC(142) Load: 0.85/0.43/0.26
[2026-06-18T16:36:55.635+0800][14.679s][info][gc,mmu      ] GC(142) MMU: 2ms/51.7%, 5ms/80.7%, 10ms/85.1%, 20ms/91.9%, 50ms/96.5%, 100ms/97.5%
[2026-06-18T16:36:55.635+0800][14.679s][info][gc,marking  ] GC(142) Mark: 2 stripe(s), 1 proactive flush(es), 1 terminate flush(es), 0 completion(s), 0 continuation(s) 
[2026-06-18T16:36:55.636+0800][14.680s][info][gc,reloc    ] GC(142) Relocation: Successful, 18M relocated
[2026-06-18T16:36:55.636+0800][14.680s][info][gc,nmethod  ] GC(142) NMethods: 23 registered, 0 unregistered
[2026-06-18T16:36:55.636+0800][14.681s][info][gc,metaspace] GC(142) Metaspace: 3M used, 4M capacity, 4M committed, 8M reserved
[2026-06-18T16:36:55.637+0800][14.681s][info][gc,ref      ] GC(142) Soft: 43 encountered, 0 discovered, 0 enqueued
[2026-06-18T16:36:55.637+0800][14.681s][info][gc,ref      ] GC(142) Weak: 7 encountered, 2 discovered, 0 enqueued
[2026-06-18T16:36:55.637+0800][14.681s][info][gc,ref      ] GC(142) Final: 0 encountered, 0 discovered, 0 enqueued
[2026-06-18T16:36:55.637+0800][14.681s][info][gc,ref      ] GC(142) Phantom: 1 encountered, 1 discovered, 0 enqueued
[2026-06-18T16:36:55.637+0800][14.682s][info][gc,heap     ] GC(142)                Mark Start          Mark End        Relocate Start      Relocate End           High               Low         
[2026-06-18T16:36:55.638+0800][14.682s][info][gc,heap     ] GC(142)  Capacity:      256M (100%)        256M (100%)        256M (100%)        256M (100%)        256M (100%)        256M (100%)   
[2026-06-18T16:36:55.638+0800][14.682s][info][gc,heap     ] GC(142)   Reserve:       62M (24%)          62M (24%)          62M (24%)          62M (24%)          62M (24%)          62M (24%)    
[2026-06-18T16:36:55.638+0800][14.682s][info][gc,heap     ] GC(142)      Free:      110M (43%)         110M (43%)         106M (41%)         116M (45%)         116M (45%)          74M (29%)    
[2026-06-18T16:36:55.638+0800][14.682s][info][gc,heap     ] GC(142)      Used:       84M (33%)          84M (33%)          88M (34%)          78M (30%)         120M (47%)          78M (30%)    
[2026-06-18T16:36:55.639+0800][14.683s][info][gc,heap     ] GC(142)      Live:         -                20M (8%)           20M (8%)           20M (8%)             -                  -          
[2026-06-18T16:36:55.639+0800][14.683s][info][gc,heap     ] GC(142) Allocated:         -                 0M (0%)           36M (14%)          42M (16%)            -                  -          
[2026-06-18T16:36:55.639+0800][14.683s][info][gc,heap     ] GC(142)   Garbage:         -                63M (25%)          31M (12%)          21M (8%)             -                  -          
[2026-06-18T16:36:55.639+0800][14.683s][info][gc,heap     ] GC(142) Reclaimed:         -                  -                32M (12%)          42M (16%)            -                  -          
[2026-06-18T16:36:55.639+0800][14.684s][info][gc          ] GC(142) Garbage Collection (Allocation Rate) 84M(33%)->78M(30%)
[2026-06-18T16:36:55.719+0800][14.763s][info][gc,start    ] GC(143) Garbage Collection (Allocation Rate)
[2026-06-18T16:36:55.722+0800][14.766s][info][gc,phases   ] GC(143) Pause Mark Start 0.391ms
[2026-06-18T16:36:55.726+0800][14.770s][info][gc,phases   ] GC(143) Concurrent Mark 1.958ms
[2026-06-18T16:36:55.729+0800][14.773s][info][gc,phases   ] GC(143) Pause Mark End 0.490ms
[2026-06-18T16:36:55.730+0800][14.774s][info][gc,phases   ] GC(143) Concurrent Process Non-Strong References 0.149ms
[2026-06-18T16:36:55.731+0800][14.775s][info][gc,phases   ] GC(143) Concurrent Reset Relocation Set 0.003ms
[2026-06-18T16:36:55.731+0800][14.775s][info][gc,phases   ] GC(143) Concurrent Destroy Detached Pages 0.001ms
[2026-06-18T16:36:55.732+0800][14.777s][info][gc,phases   ] GC(143) Concurrent Select Relocation Set 0.675ms
[2026-06-18T16:36:55.733+0800][14.777s][info][gc,phases   ] GC(143) Concurrent Prepare Relocation Set 0.007ms
[2026-06-18T16:36:55.734+0800][14.778s][info][gc,phases   ] GC(143) Pause Relocate Start 0.128ms
[2026-06-18T16:36:55.736+0800][14.780s][info][gc,phases   ] GC(143) Concurrent Relocate 1.658ms
[2026-06-18T16:36:55.736+0800][14.781s][info][gc,load     ] GC(143) Load: 0.85/0.43/0.26
[2026-06-18T16:36:55.737+0800][14.781s][info][gc,mmu      ] GC(143) MMU: 2ms/51.7%, 5ms/80.7%, 10ms/85.1%, 20ms/91.9%, 50ms/96.5%, 100ms/97.5%
[2026-06-18T16:36:55.737+0800][14.781s][info][gc,marking  ] GC(143) Mark: 2 stripe(s), 1 proactive flush(es), 1 terminate flush(es), 0 completion(s), 0 continuation(s) 
[2026-06-18T16:36:55.737+0800][14.782s][info][gc,reloc    ] GC(143) Relocation: Successful, 23M relocated
[2026-06-18T16:36:55.738+0800][14.782s][info][gc,nmethod  ] GC(143) NMethods: 23 registered, 0 unregistered
[2026-06-18T16:36:55.738+0800][14.782s][info][gc,metaspace] GC(143) Metaspace: 3M used, 4M capacity, 4M committed, 8M reserved
[2026-06-18T16:36:55.738+0800][14.782s][info][gc,ref      ] GC(143) Soft: 43 encountered, 0 discovered, 0 enqueued
[2026-06-18T16:36:55.738+0800][14.783s][info][gc,ref      ] GC(143) Weak: 7 encountered, 2 discovered, 0 enqueued
[2026-06-18T16:36:55.739+0800][14.783s][info][gc,ref      ] GC(143) Final: 0 encountered, 0 discovered, 0 enqueued
[2026-06-18T16:36:55.739+0800][14.783s][info][gc,ref      ] GC(143) Phantom: 1 encountered, 1 discovered, 0 enqueued
[2026-06-18T16:36:55.739+0800][14.783s][info][gc,heap     ] GC(143)                Mark Start          Mark End        Relocate Start      Relocate End           High               Low         
[2026-06-18T16:36:55.740+0800][14.784s][info][gc,heap     ] GC(143)  Capacity:      256M (100%)        256M (100%)        256M (100%)        256M (100%)        256M (100%)        256M (100%)   
[2026-06-18T16:36:55.740+0800][14.784s][info][gc,heap     ] GC(143)   Reserve:       62M (24%)          62M (24%)          62M (24%)          62M (24%)          62M (24%)          62M (24%)    
[2026-06-18T16:36:55.740+0800][14.784s][info][gc,heap     ] GC(143)      Free:       86M (34%)          48M (19%)          74M (29%)         138M (54%)         138M (54%)          48M (19%)    
[2026-06-18T16:36:55.740+0800][14.784s][info][gc,heap     ] GC(143)      Used:      108M (42%)         146M (57%)         120M (47%)          56M (22%)         146M (57%)          56M (22%)    
[2026-06-18T16:36:55.740+0800][14.785s][info][gc,heap     ] GC(143)      Live:         -                27M (11%)          27M (11%)          27M (11%)            -                  -          
[2026-06-18T16:36:55.741+0800][14.785s][info][gc,heap     ] GC(143) Allocated:         -                38M (15%)          38M (15%)          50M (20%)            -                  -          
[2026-06-18T16:36:55.741+0800][14.785s][info][gc,heap     ] GC(143)   Garbage:         -                80M (31%)          54M (21%)    17592186044402M (6         -                  -          
[2026-06-18T16:36:55.741+0800][14.785s][info][gc,heap     ] GC(143) Reclaimed:         -                  -                26M (10%)          94M (37%)            -                  -          
[2026-06-18T16:36:55.741+0800][14.786s][info][gc          ] GC(143) Garbage Collection (Allocation Rate) 108M(42%)->56M(22%)
[2026-06-18T16:36:55.819+0800][14.863s][info][gc,start    ] GC(144) Garbage Collection (Allocation Rate)
[2026-06-18T16:36:55.822+0800][14.866s][info][gc,phases   ] GC(144) Pause Mark Start 0.491ms
[2026-06-18T16:36:55.825+0800][14.870s][info][gc,phases   ] GC(144) Concurrent Mark 2.070ms
[2026-06-18T16:36:55.828+0800][14.872s][info][gc,phases   ] GC(144) Pause Mark End 0.920ms
[2026-06-18T16:36:55.829+0800][14.873s][info][gc,phases   ] GC(144) Concurrent Process Non-Strong References 0.166ms
[2026-06-18T16:36:55.830+0800][14.874s][info][gc,phases   ] GC(144) Concurrent Reset Relocation Set 0.003ms
[2026-06-18T16:36:55.830+0800][14.874s][info][gc,phases   ] GC(144) Concurrent Destroy Detached Pages 0.001ms
[2026-06-18T16:36:55.832+0800][14.876s][info][gc,phases   ] GC(144) Concurrent Select Relocation Set 1.079ms
[2026-06-18T16:36:55.833+0800][14.877s][info][gc,phases   ] GC(144) Concurrent Prepare Relocation Set 0.004ms
[2026-06-18T16:36:55.834+0800][14.878s][info][gc,phases   ] GC(144) Pause Relocate Start 0.249ms
[2026-06-18T16:36:55.836+0800][14.880s][info][gc,phases   ] GC(144) Concurrent Relocate 0.194ms
[2026-06-18T16:36:55.840+0800][14.884s][info][gc,load     ] GC(144) Load: 0.85/0.43/0.26
[2026-06-18T16:36:55.844+0800][14.888s][info][gc,mmu      ] GC(144) MMU: 2ms/51.7%, 5ms/80.7%, 10ms/85.1%, 20ms/91.7%, 50ms/96.5%, 100ms/97.5%
[2026-06-18T16:36:55.846+0800][14.890s][info][gc,marking  ] GC(144) Mark: 2 stripe(s), 1 proactive flush(es), 1 terminate flush(es), 0 completion(s), 0 continuation(s) 
[2026-06-18T16:36:55.850+0800][14.895s][info][gc,reloc    ] GC(144) Relocation: Successful, 21M relocated
[2026-06-18T16:36:55.854+0800][14.898s][info][gc,nmethod  ] GC(144) NMethods: 23 registered, 0 unregistered
[2026-06-18T16:36:55.855+0800][14.899s][info][gc,metaspace] GC(144) Metaspace: 3M used, 4M capacity, 4M committed, 8M reserved
[2026-06-18T16:36:55.856+0800][14.900s][info][gc,ref      ] GC(144) Soft: 43 encountered, 0 discovered, 0 enqueued
[2026-06-18T16:36:55.857+0800][14.901s][info][gc,ref      ] GC(144) Weak: 7 encountered, 2 discovered, 0 enqueued
[2026-06-18T16:36:55.858+0800][14.902s][info][gc,ref      ] GC(144) Final: 0 encountered, 0 discovered, 0 enqueued
[2026-06-18T16:36:55.858+0800][14.903s][info][gc,ref      ] GC(144) Phantom: 1 encountered, 1 discovered, 0 enqueued
[2026-06-18T16:36:55.859+0800][14.904s][info][gc,heap     ] GC(144)                Mark Start          Mark End        Relocate Start      Relocate End           High               Low         
[2026-06-18T16:36:55.860+0800][14.904s][info][gc,heap     ] GC(144)  Capacity:      256M (100%)        256M (100%)        256M (100%)        256M (100%)        256M (100%)        256M (100%)   
[2026-06-18T16:36:55.861+0800][14.905s][info][gc,heap     ] GC(144)   Reserve:       62M (24%)          62M (24%)          62M (24%)          62M (24%)          62M (24%)          62M (24%)    
[2026-06-18T16:36:55.862+0800][14.907s][info][gc,heap     ] GC(144)      Free:      108M (42%)         108M (42%)         134M (52%)         144M (56%)         144M (56%)         104M (41%)    
[2026-06-18T16:36:55.863+0800][14.907s][info][gc,heap     ] GC(144)      Used:       86M (34%)          86M (34%)          60M (23%)          50M (20%)          90M (35%)          50M (20%)    
[2026-06-18T16:36:55.864+0800][14.908s][info][gc,heap     ] GC(144)      Live:         -                25M (10%)          25M (10%)          25M (10%)            -                  -          
[2026-06-18T16:36:55.864+0800][14.908s][info][gc,heap     ] GC(144) Allocated:         -                 0M (0%)            4M (2%)           10M (4%)             -                  -          
[2026-06-18T16:36:55.865+0800][14.909s][info][gc,heap     ] GC(144)   Garbage:         -                60M (24%)          30M (12%)          20M (8%)             -                  -          
[2026-06-18T16:36:55.865+0800][14.909s][info][gc,heap     ] GC(144) Reclaimed:         -                  -                30M (12%)          40M (16%)            -                  -          
[2026-06-18T16:36:55.866+0800][14.910s][info][gc          ] GC(144) Garbage Collection (Allocation Rate) 86M(34%)->50M(20%)
[2026-06-18T16:36:55.920+0800][14.964s][info][gc,start    ] GC(145) Garbage Collection (Allocation Rate)
[2026-06-18T16:36:55.922+0800][14.967s][info][gc,phases   ] GC(145) Pause Mark Start 0.440ms
[2026-06-18T16:36:55.926+0800][14.971s][info][gc,phases   ] GC(145) Concurrent Mark 2.243ms
[2026-06-18T16:36:55.929+0800][14.973s][info][gc,phases   ] GC(145) Pause Mark End 0.557ms
[2026-06-18T16:36:55.930+0800][14.974s][info][gc,phases   ] GC(145) Concurrent Process Non-Strong References 0.170ms
[2026-06-18T16:36:55.931+0800][14.975s][info][gc,phases   ] GC(145) Concurrent Reset Relocation Set 0.003ms
[2026-06-18T16:36:55.932+0800][14.976s][info][gc,phases   ] GC(145) Concurrent Destroy Detached Pages 0.001ms
[2026-06-18T16:36:55.934+0800][14.978s][info][gc,phases   ] GC(145) Concurrent Select Relocation Set 0.780ms
[2026-06-18T16:36:55.934+0800][14.979s][info][gc,phases   ] GC(145) Concurrent Prepare Relocation Set 0.013ms
[2026-06-18T16:36:55.936+0800][14.980s][info][gc,phases   ] GC(145) Pause Relocate Start 0.202ms
[2026-06-18T16:36:55.939+0800][14.983s][info][gc,phases   ] GC(145) Concurrent Relocate 1.613ms
[2026-06-18T16:36:55.940+0800][14.984s][info][gc,load     ] GC(145) Load: 0.85/0.43/0.26
[2026-06-18T16:36:55.941+0800][14.985s][info][gc,mmu      ] GC(145) MMU: 2ms/51.7%, 5ms/80.7%, 10ms/85.1%, 20ms/91.7%, 50ms/96.5%, 100ms/97.5%
[2026-06-18T16:36:55.941+0800][14.985s][info][gc,marking  ] GC(145) Mark: 2 stripe(s), 1 proactive flush(es), 1 terminate flush(es), 0 completion(s), 0 continuation(s) 
[2026-06-18T16:36:55.941+0800][14.985s][info][gc,reloc    ] GC(145) Relocation: Successful, 22M relocated
[2026-06-18T16:36:55.942+0800][14.986s][info][gc,nmethod  ] GC(145) NMethods: 23 registered, 0 unregistered
[2026-06-18T16:36:55.942+0800][14.986s][info][gc,metaspace] GC(145) Metaspace: 3M used, 4M capacity, 4M committed, 8M reserved
[2026-06-18T16:36:55.942+0800][14.986s][info][gc,ref      ] GC(145) Soft: 43 encountered, 0 discovered, 0 enqueued
[2026-06-18T16:36:55.943+0800][14.987s][info][gc,ref      ] GC(145) Weak: 7 encountered, 2 discovered, 0 enqueued
[2026-06-18T16:36:55.943+0800][14.987s][info][gc,ref      ] GC(145) Final: 0 encountered, 0 discovered, 0 enqueued
[2026-06-18T16:36:55.943+0800][14.987s][info][gc,ref      ] GC(145) Phantom: 1 encountered, 1 discovered, 0 enqueued
[2026-06-18T16:36:55.943+0800][14.988s][info][gc,heap     ] GC(145)                Mark Start          Mark End        Relocate Start      Relocate End           High               Low         
[2026-06-18T16:36:55.944+0800][14.988s][info][gc,heap     ] GC(145)  Capacity:      256M (100%)        256M (100%)        256M (100%)        256M (100%)        256M (100%)        256M (100%)   
[2026-06-18T16:36:55.944+0800][14.988s][info][gc,heap     ] GC(145)   Reserve:       62M (24%)          62M (24%)          62M (24%)          62M (24%)          62M (24%)          62M (24%)    
[2026-06-18T16:36:55.944+0800][14.988s][info][gc,heap     ] GC(145)      Free:       82M (32%)          78M (30%)         108M (42%)         148M (58%)         148M (58%)          70M (27%)    
[2026-06-18T16:36:55.944+0800][14.989s][info][gc,heap     ] GC(145)      Used:      112M (44%)         116M (45%)          86M (34%)          46M (18%)         124M (48%)          46M (18%)    
[2026-06-18T16:36:55.945+0800][14.989s][info][gc,heap     ] GC(145)      Live:         -                22M (9%)           22M (9%)           22M (9%)             -                  -          
[2026-06-18T16:36:55.945+0800][14.989s][info][gc,heap     ] GC(145) Allocated:         -                 4M (2%)            4M (2%)           46M (18%)            -                  -          
[2026-06-18T16:36:55.945+0800][14.989s][info][gc,heap     ] GC(145)   Garbage:         -                89M (35%)          59M (23%)          15M (6%)             -                  -          
[2026-06-18T16:36:55.945+0800][14.989s][info][gc,heap     ] GC(145) Reclaimed:         -                  -                30M (12%)          74M (29%)            -                  -          
[2026-06-18T16:36:55.945+0800][14.990s][info][gc          ] GC(145) Garbage Collection (Allocation Rate) 112M(44%)->46M(18%)
[2026-06-18T16:36:56.019+0800][15.063s][info][gc,start    ] GC(146) Garbage Collection (Allocation Rate)
[2026-06-18T16:36:56.022+0800][15.066s][info][gc,phases   ] GC(146) Pause Mark Start 0.540ms
[2026-06-18T16:36:56.026+0800][15.070s][info][gc,phases   ] GC(146) Concurrent Mark 2.136ms
[2026-06-18T16:36:56.028+0800][15.073s][info][gc,phases   ] GC(146) Pause Mark End 0.634ms
[2026-06-18T16:36:56.030+0800][15.074s][info][gc,phases   ] GC(146) Concurrent Process Non-Strong References 0.280ms
[2026-06-18T16:36:56.031+0800][15.075s][info][gc,phases   ] GC(146) Concurrent Reset Relocation Set 0.004ms
[2026-06-18T16:36:56.032+0800][15.076s][info][gc,phases   ] GC(146) Concurrent Destroy Detached Pages 0.001ms
[2026-06-18T16:36:56.034+0800][15.078s][info][gc,phases   ] GC(146) Concurrent Select Relocation Set 0.846ms
[2026-06-18T16:36:56.035+0800][15.079s][info][gc,phases   ] GC(146) Concurrent Prepare Relocation Set 0.002ms
[2026-06-18T16:36:56.036+0800][15.080s][info][gc,phases   ] GC(146) Pause Relocate Start 0.203ms
[2026-06-18T16:36:56.037+0800][15.081s][info][gc,phases   ] GC(146) Concurrent Relocate 0.180ms
[2026-06-18T16:36:56.037+0800][15.081s][info][gc,load     ] GC(146) Load: 0.85/0.43/0.26
[2026-06-18T16:36:56.038+0800][15.082s][info][gc,mmu      ] GC(146) MMU: 2ms/51.7%, 5ms/80.7%, 10ms/85.1%, 20ms/91.7%, 50ms/96.5%, 100ms/97.5%
[2026-06-18T16:36:56.039+0800][15.083s][info][gc,marking  ] GC(146) Mark: 2 stripe(s), 2 proactive flush(es), 1 terminate flush(es), 0 completion(s), 0 continuation(s) 
[2026-06-18T16:36:56.041+0800][15.085s][info][gc,reloc    ] GC(146) Relocation: Successful, 25M relocated
[2026-06-18T16:36:56.042+0800][15.086s][info][gc,nmethod  ] GC(146) NMethods: 23 registered, 0 unregistered
[2026-06-18T16:36:56.043+0800][15.087s][info][gc,metaspace] GC(146) Metaspace: 3M used, 4M capacity, 4M committed, 8M reserved
[2026-06-18T16:36:56.044+0800][15.088s][info][gc,ref      ] GC(146) Soft: 43 encountered, 0 discovered, 0 enqueued
[2026-06-18T16:36:56.045+0800][15.089s][info][gc,ref      ] GC(146) Weak: 7 encountered, 2 discovered, 0 enqueued
[2026-06-18T16:36:56.046+0800][15.090s][info][gc,ref      ] GC(146) Final: 0 encountered, 0 discovered, 0 enqueued
[2026-06-18T16:36:56.047+0800][15.091s][info][gc,ref      ] GC(146) Phantom: 1 encountered, 0 discovered, 0 enqueued
[2026-06-18T16:36:56.048+0800][15.093s][info][gc,heap     ] GC(146)                Mark Start          Mark End        Relocate Start      Relocate End           High               Low         
[2026-06-18T16:36:56.049+0800][15.093s][info][gc,heap     ] GC(146)  Capacity:      256M (100%)        256M (100%)        256M (100%)        256M (100%)        256M (100%)        256M (100%)   
[2026-06-18T16:36:56.049+0800][15.094s][info][gc,heap     ] GC(146)   Reserve:       62M (24%)          62M (24%)          62M (24%)          62M (24%)          62M (24%)          62M (24%)    
[2026-06-18T16:36:56.050+0800][15.094s][info][gc,heap     ] GC(146)      Free:      120M (47%)          84M (33%)         108M (42%)         110M (43%)         120M (47%)          84M (33%)    
[2026-06-18T16:36:56.050+0800][15.095s][info][gc,heap     ] GC(146)      Used:       74M (29%)         110M (43%)          86M (34%)          84M (33%)         110M (43%)          74M (29%)    
[2026-06-18T16:36:56.051+0800][15.095s][info][gc,heap     ] GC(146)      Live:         -                28M (11%)          28M (11%)          28M (11%)            -                  -          
[2026-06-18T16:36:56.051+0800][15.095s][info][gc,heap     ] GC(146) Allocated:         -                36M (14%)          40M (16%)          44M (17%)            -                  -          
[2026-06-18T16:36:56.052+0800][15.096s][info][gc,heap     ] GC(146)   Garbage:         -                45M (18%)          17M (7%)           15M (6%)             -                  -          
[2026-06-18T16:36:56.052+0800][15.096s][info][gc,heap     ] GC(146) Reclaimed:         -                  -                28M (11%)          30M (12%)            -                  -          
[2026-06-18T16:36:56.052+0800][15.097s][info][gc          ] GC(146) Garbage Collection (Allocation Rate) 74M(29%)->84M(33%)
[2026-06-18T16:36:56.119+0800][15.163s][info][gc,start    ] GC(147) Garbage Collection (Allocation Rate)
[2026-06-18T16:36:56.122+0800][15.166s][info][gc,phases   ] GC(147) Pause Mark Start 0.460ms
[2026-06-18T16:36:56.126+0800][15.170s][info][gc,phases   ] GC(147) Concurrent Mark 2.022ms
[2026-06-18T16:36:56.159+0800][15.204s][info][gc,phases   ] GC(147) Pause Mark End 0.860ms
[2026-06-18T16:36:56.223+0800][15.267s][info][gc,phases   ] GC(147) Concurrent Process Non-Strong References 0.582ms
[2026-06-18T16:36:56.227+0800][15.272s][info][gc,phases   ] GC(147) Concurrent Reset Relocation Set 0.008ms
[2026-06-18T16:36:56.230+0800][15.275s][info][gc,phases   ] GC(147) Concurrent Destroy Detached Pages 0.005ms
[2026-06-18T16:36:56.236+0800][15.280s][info][gc,phases   ] GC(147) Concurrent Select Relocation Set 1.892ms
[2026-06-18T16:36:56.240+0800][15.284s][info][gc,phases   ] GC(147) Concurrent Prepare Relocation Set 0.028ms
[2026-06-18T16:36:56.245+0800][15.289s][info][gc,phases   ] GC(147) Pause Relocate Start 0.438ms
[2026-06-18T16:36:56.248+0800][15.292s][info][gc,phases   ] GC(147) Concurrent Relocate 1.368ms
[2026-06-18T16:36:56.269+0800][15.313s][info][gc,load     ] GC(147) Load: 0.85/0.43/0.26
[2026-06-18T16:36:56.271+0800][15.315s][info][gc,mmu      ] GC(147) MMU: 2ms/51.7%, 5ms/80.7%, 10ms/85.1%, 20ms/91.7%, 50ms/96.5%, 100ms/97.5%
[2026-06-18T16:36:56.272+0800][15.317s][info][gc,marking  ] GC(147) Mark: 2 stripe(s), 2 proactive flush(es), 1 terminate flush(es), 0 completion(s), 0 continuation(s) 
[2026-06-18T16:36:56.294+0800][15.339s][info][gc,reloc    ] GC(147) Relocation: Successful, 20M relocated
[2026-06-18T16:36:56.310+0800][15.354s][info][gc,nmethod  ] GC(147) NMethods: 23 registered, 0 unregistered
[2026-06-18T16:36:56.333+0800][15.378s][info][gc,metaspace] GC(147) Metaspace: 3M used, 4M capacity, 4M committed, 8M reserved
[2026-06-18T16:36:56.336+0800][15.380s][info][gc,ref      ] GC(147) Soft: 43 encountered, 0 discovered, 0 enqueued
[2026-06-18T16:36:56.336+0800][15.381s][info][gc,ref      ] GC(147) Weak: 7 encountered, 0 discovered, 0 enqueued
[2026-06-18T16:36:56.339+0800][15.383s][info][gc,ref      ] GC(147) Final: 0 encountered, 0 discovered, 0 enqueued
[2026-06-18T16:36:56.342+0800][15.386s][info][gc,ref      ] GC(147) Phantom: 1 encountered, 1 discovered, 0 enqueued
[2026-06-18T16:36:56.344+0800][15.389s][info][gc,heap     ] GC(147)                Mark Start          Mark End        Relocate Start      Relocate End           High               Low         
[2026-06-18T16:36:56.347+0800][15.392s][info][gc,heap     ] GC(147)  Capacity:      256M (100%)        256M (100%)        256M (100%)        256M (100%)        256M (100%)        256M (100%)   
[2026-06-18T16:36:56.350+0800][15.394s][info][gc,heap     ] GC(147)   Reserve:       62M (24%)          62M (24%)          62M (24%)          62M (24%)          62M (24%)          62M (24%)    
[2026-06-18T16:36:56.354+0800][15.399s][info][gc,heap     ] GC(147)      Free:       82M (32%)          34M (13%)          58M (23%)         118M (46%)         118M (46%)          26M (10%)    
[2026-06-18T16:36:56.356+0800][15.400s][info][gc,heap     ] GC(147)      Used:      112M (44%)         160M (62%)         136M (53%)          76M (30%)         168M (66%)          76M (30%)    
[2026-06-18T16:36:56.365+0800][15.409s][info][gc,heap     ] GC(147)      Live:         -                20M (8%)           20M (8%)           20M (8%)             -                  -          
[2026-06-18T16:36:56.374+0800][15.418s][info][gc,heap     ] GC(147) Allocated:         -                48M (19%)          56M (22%)          74M (29%)            -                  -          
[2026-06-18T16:36:56.378+0800][15.422s][info][gc,heap     ] GC(147)   Garbage:         -                91M (36%)          59M (23%)    17592186044411M (6         -                  -          
[2026-06-18T16:36:56.384+0800][15.428s][info][gc,heap     ] GC(147) Reclaimed:         -                  -                32M (12%)          96M (38%)            -                  -          
[2026-06-18T16:36:56.398+0800][15.442s][info][gc          ] GC(147) Garbage Collection (Allocation Rate) 112M(44%)->76M(30%)
[2026-06-18T16:36:56.404+0800][15.448s][info][gc,heap     ] Page Cache Flushed: 2M requested, 32M(64M->32M) flushed
[2026-06-18T16:36:56.418+0800][15.462s][info][gc,start    ] GC(148) Garbage Collection (Allocation Rate)
[2026-06-18T16:36:56.420+0800][15.464s][info][gc,phases   ] GC(148) Pause Mark Start 0.369ms
[2026-06-18T16:36:56.423+0800][15.467s][info][gc,phases   ] GC(148) Concurrent Mark 1.698ms
[2026-06-18T16:36:56.424+0800][15.469s][info][gc,phases   ] GC(148) Pause Mark End 0.403ms
[2026-06-18T16:36:56.425+0800][15.469s][info][gc,phases   ] GC(148) Concurrent Process Non-Strong References 0.127ms
[2026-06-18T16:36:56.425+0800][15.470s][info][gc,phases   ] GC(148) Concurrent Reset Relocation Set 0.004ms
[2026-06-18T16:36:56.426+0800][15.470s][info][gc,phases   ] GC(148) Concurrent Destroy Detached Pages 0.002ms
[2026-06-18T16:36:56.426+0800][15.471s][info][gc,phases   ] GC(148) Concurrent Select Relocation Set 0.527ms
[2026-06-18T16:36:56.427+0800][15.471s][info][gc,phases   ] GC(148) Concurrent Prepare Relocation Set 0.007ms
[2026-06-18T16:36:56.427+0800][15.472s][info][gc,phases   ] GC(148) Pause Relocate Start 0.170ms
[2026-06-18T16:36:56.429+0800][15.473s][info][gc,phases   ] GC(148) Concurrent Relocate 0.399ms
[2026-06-18T16:36:56.431+0800][15.476s][info][gc,load     ] GC(148) Load: 0.85/0.43/0.26
[2026-06-18T16:36:56.433+0800][15.477s][info][gc,mmu      ] GC(148) MMU: 2ms/51.7%, 5ms/80.7%, 10ms/85.1%, 20ms/91.7%, 50ms/96.5%, 100ms/97.5%
[2026-06-18T16:36:56.435+0800][15.479s][info][gc,marking  ] GC(148) Mark: 2 stripe(s), 2 proactive flush(es), 1 terminate flush(es), 0 completion(s), 0 continuation(s) 
[2026-06-18T16:36:56.437+0800][15.481s][info][gc,reloc    ] GC(148) Relocation: Successful, 23M relocated
[2026-06-18T16:36:56.438+0800][15.482s][info][gc,nmethod  ] GC(148) NMethods: 23 registered, 0 unregistered
[2026-06-18T16:36:56.439+0800][15.484s][info][gc,metaspace] GC(148) Metaspace: 3M used, 4M capacity, 4M committed, 8M reserved
[2026-06-18T16:36:56.445+0800][15.489s][info][gc,ref      ] GC(148) Soft: 43 encountered, 0 discovered, 0 enqueued
[2026-06-18T16:36:56.448+0800][15.493s][info][gc,ref      ] GC(148) Weak: 7 encountered, 0 discovered, 0 enqueued
[2026-06-18T16:36:56.451+0800][15.495s][info][gc,ref      ] GC(148) Final: 0 encountered, 0 discovered, 0 enqueued
[2026-06-18T16:36:56.454+0800][15.499s][info][gc,ref      ] GC(148) Phantom: 1 encountered, 0 discovered, 0 enqueued
[2026-06-18T16:36:56.456+0800][15.500s][info][gc,heap     ] GC(148)                Mark Start          Mark End        Relocate Start      Relocate End           High               Low         
[2026-06-18T16:36:56.458+0800][15.502s][info][gc,heap     ] GC(148)  Capacity:      256M (100%)        256M (100%)        256M (100%)        256M (100%)        256M (100%)        256M (100%)   
[2026-06-18T16:36:56.460+0800][15.505s][info][gc,heap     ] GC(148)   Reserve:       62M (24%)          62M (24%)          62M (24%)          62M (24%)          62M (24%)          62M (24%)    
[2026-06-18T16:36:56.461+0800][15.505s][info][gc,heap     ] GC(148)      Free:       60M (23%)          56M (22%)         128M (50%)         144M (56%)         144M (56%)          56M (22%)    
[2026-06-18T16:36:56.462+0800][15.506s][info][gc,heap     ] GC(148)      Used:      134M (52%)         138M (54%)          66M (26%)          50M (20%)         138M (54%)          50M (20%)    
[2026-06-18T16:36:56.463+0800][15.507s][info][gc,heap     ] GC(148)      Live:         -                24M (10%)          24M (10%)          24M (10%)            -                  -          
[2026-06-18T16:36:56.464+0800][15.508s][info][gc,heap     ] GC(148) Allocated:         -                 4M (2%)            4M (2%)           16M (6%)             -                  -          
[2026-06-18T16:36:56.465+0800][15.509s][info][gc,heap     ] GC(148)   Garbage:         -               109M (43%)          37M (15%)          21M (8%)             -                  -          
[2026-06-18T16:36:56.465+0800][15.509s][info][gc,heap     ] GC(148) Reclaimed:         -                  -                72M (28%)          88M (34%)            -                  -          
[2026-06-18T16:36:56.466+0800][15.510s][info][gc          ] GC(148) Garbage Collection (Allocation Rate) 134M(52%)->50M(20%)
[2026-06-18T16:36:56.518+0800][15.562s][info][gc,start    ] GC(149) Garbage Collection (Allocation Rate)
[2026-06-18T16:36:56.519+0800][15.564s][info][gc,phases   ] GC(149) Pause Mark Start 0.245ms
[2026-06-18T16:36:56.522+0800][15.566s][info][gc,phases   ] GC(149) Concurrent Mark 1.440ms
[2026-06-18T16:36:56.523+0800][15.567s][info][gc,phases   ] GC(149) Pause Mark End 0.305ms
[2026-06-18T16:36:56.524+0800][15.568s][info][gc,phases   ] GC(149) Concurrent Process Non-Strong References 0.072ms
[2026-06-18T16:36:56.525+0800][15.569s][info][gc,phases   ] GC(149) Concurrent Reset Relocation Set 0.003ms
[2026-06-18T16:36:56.526+0800][15.570s][info][gc,phases   ] GC(149) Concurrent Destroy Detached Pages 0.001ms
[2026-06-18T16:36:56.527+0800][15.571s][info][gc,phases   ] GC(149) Concurrent Select Relocation Set 0.610ms
[2026-06-18T16:36:56.527+0800][15.571s][info][gc,phases   ] GC(149) Concurrent Prepare Relocation Set 0.008ms
[2026-06-18T16:36:56.527+0800][15.572s][info][gc,heap     ] Page Cache Flushed: 8M requested, 8M(80M->72M) flushed
[2026-06-18T16:36:56.529+0800][15.573s][info][gc,phases   ] GC(149) Pause Relocate Start 0.144ms
[2026-06-18T16:36:56.532+0800][15.576s][info][gc,phases   ] GC(149) Concurrent Relocate 2.971ms
[2026-06-18T16:36:56.533+0800][15.577s][info][gc,load     ] GC(149) Load: 0.85/0.43/0.26
[2026-06-18T16:36:56.533+0800][15.577s][info][gc,mmu      ] GC(149) MMU: 2ms/51.7%, 5ms/80.7%, 10ms/85.1%, 20ms/91.7%, 50ms/96.5%, 100ms/97.5%
[2026-06-18T16:36:56.534+0800][15.578s][info][gc,marking  ] GC(149) Mark: 2 stripe(s), 1 proactive flush(es), 1 terminate flush(es), 0 completion(s), 0 continuation(s) 
[2026-06-18T16:36:56.534+0800][15.578s][info][gc,reloc    ] GC(149) Relocation: Successful, 21M relocated
[2026-06-18T16:36:56.534+0800][15.578s][info][gc,nmethod  ] GC(149) NMethods: 23 registered, 0 unregistered
[2026-06-18T16:36:56.535+0800][15.579s][info][gc,metaspace] GC(149) Metaspace: 3M used, 4M capacity, 4M committed, 8M reserved
[2026-06-18T16:36:56.535+0800][15.579s][info][gc,ref      ] GC(149) Soft: 43 encountered, 0 discovered, 0 enqueued
[2026-06-18T16:36:56.535+0800][15.579s][info][gc,ref      ] GC(149) Weak: 7 encountered, 0 discovered, 0 enqueued
[2026-06-18T16:36:56.535+0800][15.580s][info][gc,ref      ] GC(149) Final: 0 encountered, 0 discovered, 0 enqueued
[2026-06-18T16:36:56.536+0800][15.580s][info][gc,ref      ] GC(149) Phantom: 1 encountered, 1 discovered, 0 enqueued
[2026-06-18T16:36:56.536+0800][15.580s][info][gc,heap     ] GC(149)                Mark Start          Mark End        Relocate Start      Relocate End           High               Low         
[2026-06-18T16:36:56.536+0800][15.580s][info][gc,heap     ] GC(149)  Capacity:      256M (100%)        256M (100%)        256M (100%)        256M (100%)        256M (100%)        256M (100%)   
[2026-06-18T16:36:56.536+0800][15.581s][info][gc,heap     ] GC(149)   Reserve:       62M (24%)          62M (24%)          62M (24%)          62M (24%)          62M (24%)          62M (24%)    
[2026-06-18T16:36:56.537+0800][15.581s][info][gc,heap     ] GC(149)      Free:       76M (30%)          76M (30%)          72M (28%)         146M (57%)         146M (57%)          66M (26%)    
[2026-06-18T16:36:56.537+0800][15.581s][info][gc,heap     ] GC(149)      Used:      118M (46%)         118M (46%)         122M (48%)          48M (19%)         128M (50%)          48M (19%)    
[2026-06-18T16:36:56.537+0800][15.581s][info][gc,heap     ] GC(149)      Live:         -                21M (8%)           21M (8%)           21M (8%)             -                  -          
[2026-06-18T16:36:56.537+0800][15.581s][info][gc,heap     ] GC(149) Allocated:         -                 0M (0%)           38M (15%)          48M (19%)            -                  -          
[2026-06-18T16:36:56.537+0800][15.582s][info][gc,heap     ] GC(149)   Garbage:         -                96M (38%)          62M (24%)    17592186044404M (6         -                  -          
[2026-06-18T16:36:56.538+0800][15.582s][info][gc,heap     ] GC(149) Reclaimed:         -                  -                34M (13%)         108M (42%)            -                  -          
[2026-06-18T16:36:56.538+0800][15.582s][info][gc          ] GC(149) Garbage Collection (Allocation Rate) 118M(46%)->48M(19%)
[2026-06-18T16:36:56.619+0800][15.663s][info][gc,start    ] GC(150) Garbage Collection (Allocation Rate)
[2026-06-18T16:36:56.622+0800][15.666s][info][gc,phases   ] GC(150) Pause Mark Start 0.476ms
[2026-06-18T16:36:56.628+0800][15.672s][info][gc,phases   ] GC(150) Concurrent Mark 2.195ms
[2026-06-18T16:36:56.630+0800][15.675s][info][gc,phases   ] GC(150) Pause Mark End 0.783ms
[2026-06-18T16:36:56.632+0800][15.676s][info][gc,phases   ] GC(150) Concurrent Process Non-Strong References 0.222ms
[2026-06-18T16:36:56.633+0800][15.677s][info][gc,phases   ] GC(150) Concurrent Reset Relocation Set 0.004ms
[2026-06-18T16:36:56.634+0800][15.678s][info][gc,phases   ] GC(150) Concurrent Destroy Detached Pages 0.006ms
[2026-06-18T16:36:56.635+0800][15.679s][info][gc,phases   ] GC(150) Concurrent Select Relocation Set 0.858ms
[2026-06-18T16:36:56.636+0800][15.680s][info][gc,phases   ] GC(150) Concurrent Prepare Relocation Set 0.003ms
[2026-06-18T16:36:56.637+0800][15.681s][info][gc,phases   ] GC(150) Pause Relocate Start 0.222ms
[2026-06-18T16:36:56.638+0800][15.682s][info][gc,phases   ] GC(150) Concurrent Relocate 0.235ms
[2026-06-18T16:36:56.639+0800][15.683s][info][gc,load     ] GC(150) Load: 0.85/0.43/0.26
[2026-06-18T16:36:56.639+0800][15.683s][info][gc,mmu      ] GC(150) MMU: 2ms/51.7%, 5ms/80.7%, 10ms/85.1%, 20ms/91.7%, 50ms/96.5%, 100ms/97.5%
[2026-06-18T16:36:56.640+0800][15.684s][info][gc,marking  ] GC(150) Mark: 2 stripe(s), 2 proactive flush(es), 1 terminate flush(es), 0 completion(s), 0 continuation(s) 
[2026-06-18T16:36:56.640+0800][15.684s][info][gc,reloc    ] GC(150) Relocation: Successful, 21M relocated
[2026-06-18T16:36:56.640+0800][15.685s][info][gc,nmethod  ] GC(150) NMethods: 23 registered, 0 unregistered
[2026-06-18T16:36:56.641+0800][15.685s][info][gc,metaspace] GC(150) Metaspace: 3M used, 4M capacity, 4M committed, 8M reserved
[2026-06-18T16:36:56.641+0800][15.685s][info][gc,ref      ] GC(150) Soft: 43 encountered, 0 discovered, 0 enqueued
[2026-06-18T16:36:56.641+0800][15.685s][info][gc,ref      ] GC(150) Weak: 7 encountered, 4 discovered, 0 enqueued
[2026-06-18T16:36:56.641+0800][15.686s][info][gc,ref      ] GC(150) Final: 0 encountered, 0 discovered, 0 enqueued
[2026-06-18T16:36:56.642+0800][15.686s][info][gc,ref      ] GC(150) Phantom: 1 encountered, 1 discovered, 0 enqueued
[2026-06-18T16:36:56.642+0800][15.686s][info][gc,heap     ] GC(150)                Mark Start          Mark End        Relocate Start      Relocate End           High               Low         
[2026-06-18T16:36:56.642+0800][15.686s][info][gc,heap     ] GC(150)  Capacity:      256M (100%)        256M (100%)        256M (100%)        256M (100%)        256M (100%)        256M (100%)   
[2026-06-18T16:36:56.642+0800][15.686s][info][gc,heap     ] GC(150)   Reserve:       62M (24%)          62M (24%)          62M (24%)          62M (24%)          62M (24%)          62M (24%)    
[2026-06-18T16:36:56.642+0800][15.687s][info][gc,heap     ] GC(150)      Free:      116M (45%)          80M (31%)         106M (41%)         110M (43%)         116M (45%)          80M (31%)    
[2026-06-18T16:36:56.643+0800][15.687s][info][gc,heap     ] GC(150)      Used:       78M (30%)         114M (45%)          88M (34%)          84M (33%)         114M (45%)          78M (30%)    
[2026-06-18T16:36:56.643+0800][15.687s][info][gc,heap     ] GC(150)      Live:         -                26M (10%)          26M (10%)          26M (10%)            -                  -          
[2026-06-18T16:36:56.643+0800][15.687s][info][gc,heap     ] GC(150) Allocated:         -                36M (14%)          36M (14%)          46M (18%)            -                  -          
[2026-06-18T16:36:56.643+0800][15.688s][info][gc,heap     ] GC(150)   Garbage:         -                51M (20%)          25M (10%)          17M (7%)             -                  -          
[2026-06-18T16:36:56.644+0800][15.688s][info][gc,heap     ] GC(150) Reclaimed:         -                  -                26M (10%)          34M (13%)            -                  -          
[2026-06-18T16:36:56.644+0800][15.688s][info][gc          ] GC(150) Garbage Collection (Allocation Rate) 78M(30%)->84M(33%)
[2026-06-18T16:36:56.719+0800][15.763s][info][gc,start    ] GC(151) Garbage Collection (Allocation Rate)
[2026-06-18T16:36:56.721+0800][15.766s][info][gc,phases   ] GC(151) Pause Mark Start 0.522ms
[2026-06-18T16:36:56.725+0800][15.769s][info][gc,phases   ] GC(151) Concurrent Mark 2.195ms
[2026-06-18T16:36:56.728+0800][15.772s][info][gc,phases   ] GC(151) Pause Mark End 0.767ms
[2026-06-18T16:36:56.729+0800][15.774s][info][gc,phases   ] GC(151) Concurrent Process Non-Strong References 0.118ms
[2026-06-18T16:36:56.731+0800][15.776s][info][gc,phases   ] GC(151) Concurrent Reset Relocation Set 0.005ms
[2026-06-18T16:36:56.732+0800][15.776s][info][gc,phases   ] GC(151) Concurrent Destroy Detached Pages 0.002ms
[2026-06-18T16:36:56.734+0800][15.778s][info][gc,phases   ] GC(151) Concurrent Select Relocation Set 0.922ms
[2026-06-18T16:36:56.735+0800][15.779s][info][gc,phases   ] GC(151) Concurrent Prepare Relocation Set 0.005ms
[2026-06-18T16:36:56.736+0800][15.780s][info][gc,phases   ] GC(151) Pause Relocate Start 0.221ms
[2026-06-18T16:36:56.738+0800][15.783s][info][gc,phases   ] GC(151) Concurrent Relocate 1.730ms
[2026-06-18T16:36:56.739+0800][15.783s][info][gc,load     ] GC(151) Load: 0.85/0.43/0.26
[2026-06-18T16:36:56.740+0800][15.784s][info][gc,mmu      ] GC(151) MMU: 2ms/51.7%, 5ms/80.7%, 10ms/85.1%, 20ms/91.7%, 50ms/96.5%, 100ms/97.5%
[2026-06-18T16:36:56.740+0800][15.784s][info][gc,marking  ] GC(151) Mark: 2 stripe(s), 2 proactive flush(es), 1 terminate flush(es), 0 completion(s), 0 continuation(s) 
[2026-06-18T16:36:56.741+0800][15.785s][info][gc,reloc    ] GC(151) Relocation: Successful, 25M relocated
[2026-06-18T16:36:56.741+0800][15.785s][info][gc,nmethod  ] GC(151) NMethods: 23 registered, 0 unregistered
[2026-06-18T16:36:56.741+0800][15.786s][info][gc,metaspace] GC(151) Metaspace: 3M used, 4M capacity, 4M committed, 8M reserved
[2026-06-18T16:36:56.742+0800][15.786s][info][gc,ref      ] GC(151) Soft: 43 encountered, 0 discovered, 0 enqueued
[2026-06-18T16:36:56.742+0800][15.786s][info][gc,ref      ] GC(151) Weak: 7 encountered, 0 discovered, 0 enqueued
[2026-06-18T16:36:56.742+0800][15.787s][info][gc,ref      ] GC(151) Final: 0 encountered, 0 discovered, 0 enqueued
[2026-06-18T16:36:56.743+0800][15.787s][info][gc,ref      ] GC(151) Phantom: 1 encountered, 0 discovered, 0 enqueued
[2026-06-18T16:36:56.743+0800][15.787s][info][gc,heap     ] GC(151)                Mark Start          Mark End        Relocate Start      Relocate End           High               Low         
[2026-06-18T16:36:56.743+0800][15.787s][info][gc,heap     ] GC(151)  Capacity:      256M (100%)        256M (100%)        256M (100%)        256M (100%)        256M (100%)        256M (100%)   
[2026-06-18T16:36:56.743+0800][15.788s][info][gc,heap     ] GC(151)   Reserve:       62M (24%)          62M (24%)          62M (24%)          62M (24%)          62M (24%)          62M (24%)    
[2026-06-18T16:36:56.744+0800][15.788s][info][gc,heap     ] GC(151)      Free:       82M (32%)          44M (17%)          74M (29%)         142M (55%)         142M (55%)          44M (17%)    
[2026-06-18T16:36:56.744+0800][15.788s][info][gc,heap     ] GC(151)      Used:      112M (44%)         150M (59%)         120M (47%)          52M (20%)         150M (59%)          52M (20%)    
[2026-06-18T16:36:56.744+0800][15.788s][info][gc,heap     ] GC(151)      Live:         -                25M (10%)          25M (10%)          25M (10%)            -                  -          
[2026-06-18T16:36:56.745+0800][15.789s][info][gc,heap     ] GC(151) Allocated:         -                38M (15%)          40M (16%)          50M (20%)            -                  -          
[2026-06-18T16:36:56.745+0800][15.789s][info][gc,heap     ] GC(151)   Garbage:         -                86M (34%)          54M (21%)    17592186044402M (6         -                  -          
[2026-06-18T16:36:56.745+0800][15.790s][info][gc,heap     ] GC(151) Reclaimed:         -                  -                32M (12%)         100M (39%)            -                  -          
[2026-06-18T16:36:56.746+0800][15.790s][info][gc          ] GC(151) Garbage Collection (Allocation Rate) 112M(44%)->52M(20%)
[2026-06-18T16:36:56.819+0800][15.863s][info][gc,start    ] GC(152) Garbage Collection (Allocation Rate)
[2026-06-18T16:36:56.823+0800][15.867s][info][gc,phases   ] GC(152) Pause Mark Start 0.510ms
[2026-06-18T16:36:56.826+0800][15.871s][info][gc,phases   ] GC(152) Concurrent Mark 1.744ms
[2026-06-18T16:36:56.828+0800][15.872s][info][gc,phases   ] GC(152) Pause Mark End 0.550ms
[2026-06-18T16:36:56.829+0800][15.873s][info][gc,phases   ] GC(152) Concurrent Process Non-Strong References 0.137ms
[2026-06-18T16:36:56.830+0800][15.874s][info][gc,phases   ] GC(152) Concurrent Reset Relocation Set 0.003ms
[2026-06-18T16:36:56.830+0800][15.874s][info][gc,phases   ] GC(152) Concurrent Destroy Detached Pages 0.001ms
[2026-06-18T16:36:56.831+0800][15.875s][info][gc,phases   ] GC(152) Concurrent Select Relocation Set 0.595ms
[2026-06-18T16:36:56.834+0800][15.878s][info][gc,phases   ] GC(152) Concurrent Prepare Relocation Set 0.010ms
[2026-06-18T16:36:56.834+0800][15.879s][info][gc,phases   ] GC(152) Pause Relocate Start 0.117ms
[2026-06-18T16:36:56.835+0800][15.879s][info][gc,phases   ] GC(152) Concurrent Relocate 0.308ms
[2026-06-18T16:36:56.836+0800][15.880s][info][gc,load     ] GC(152) Load: 0.85/0.43/0.26
[2026-06-18T16:36:56.836+0800][15.880s][info][gc,mmu      ] GC(152) MMU: 2ms/51.7%, 5ms/80.7%, 10ms/85.1%, 20ms/91.7%, 50ms/96.5%, 100ms/97.5%
[2026-06-18T16:36:56.836+0800][15.880s][info][gc,marking  ] GC(152) Mark: 2 stripe(s), 1 proactive flush(es), 1 terminate flush(es), 0 completion(s), 0 continuation(s) 
[2026-06-18T16:36:56.837+0800][15.881s][info][gc,reloc    ] GC(152) Relocation: Successful, 24M relocated
[2026-06-18T16:36:56.837+0800][15.881s][info][gc,nmethod  ] GC(152) NMethods: 23 registered, 0 unregistered
[2026-06-18T16:36:56.837+0800][15.881s][info][gc,metaspace] GC(152) Metaspace: 3M used, 4M capacity, 4M committed, 8M reserved
[2026-06-18T16:36:56.838+0800][15.882s][info][gc,ref      ] GC(152) Soft: 43 encountered, 0 discovered, 0 enqueued
[2026-06-18T16:36:56.838+0800][15.882s][info][gc,ref      ] GC(152) Weak: 7 encountered, 0 discovered, 0 enqueued
[2026-06-18T16:36:56.838+0800][15.883s][info][gc,ref      ] GC(152) Final: 0 encountered, 0 discovered, 0 enqueued
[2026-06-18T16:36:56.839+0800][15.883s][info][gc,ref      ] GC(152) Phantom: 1 encountered, 0 discovered, 0 enqueued
[2026-06-18T16:36:56.839+0800][15.883s][info][gc,heap     ] GC(152)                Mark Start          Mark End        Relocate Start      Relocate End           High               Low         
[2026-06-18T16:36:56.839+0800][15.883s][info][gc,heap     ] GC(152)  Capacity:      256M (100%)        256M (100%)        256M (100%)        256M (100%)        256M (100%)        256M (100%)   
[2026-06-18T16:36:56.840+0800][15.884s][info][gc,heap     ] GC(152)   Reserve:       62M (24%)          62M (24%)          62M (24%)          62M (24%)          62M (24%)          62M (24%)    
[2026-06-18T16:36:56.840+0800][15.884s][info][gc,heap     ] GC(152)      Free:      112M (44%)         112M (44%)         136M (53%)         150M (59%)         150M (59%)         112M (44%)    
[2026-06-18T16:36:56.840+0800][15.885s][info][gc,heap     ] GC(152)      Used:       82M (32%)          82M (32%)          58M (23%)          44M (17%)          82M (32%)          44M (17%)    
[2026-06-18T16:36:56.841+0800][15.885s][info][gc,heap     ] GC(152)      Live:         -                25M (10%)          25M (10%)          25M (10%)            -                  -          
[2026-06-18T16:36:56.844+0800][15.888s][info][gc,heap     ] GC(152) Allocated:         -                 0M (0%)            4M (2%)           10M (4%)             -                  -          
[2026-06-18T16:36:56.847+0800][15.891s][info][gc,heap     ] GC(152)   Garbage:         -                56M (22%)          28M (11%)          14M (6%)             -                  -          
[2026-06-18T16:36:56.848+0800][15.892s][info][gc,heap     ] GC(152) Reclaimed:         -                  -                28M (11%)          42M (16%)            -                  -          
[2026-06-18T16:36:56.850+0800][15.894s][info][gc          ] GC(152) Garbage Collection (Allocation Rate) 82M(32%)->44M(17%)
[2026-06-18T16:36:56.918+0800][15.962s][info][gc,start    ] GC(153) Garbage Collection (Allocation Rate)
[2026-06-18T16:36:56.920+0800][15.965s][info][gc,phases   ] GC(153) Pause Mark Start 0.212ms
[2026-06-18T16:36:56.923+0800][15.967s][info][gc,phases   ] GC(153) Concurrent Mark 1.564ms
[2026-06-18T16:36:56.924+0800][15.968s][info][gc,phases   ] GC(153) Pause Mark End 0.397ms
[2026-06-18T16:36:56.925+0800][15.969s][info][gc,phases   ] GC(153) Concurrent Process Non-Strong References 0.110ms
[2026-06-18T16:36:56.926+0800][15.970s][info][gc,phases   ] GC(153) Concurrent Reset Relocation Set 0.002ms
[2026-06-18T16:36:56.926+0800][15.970s][info][gc,phases   ] GC(153) Concurrent Destroy Detached Pages 0.001ms
[2026-06-18T16:36:56.927+0800][15.971s][info][gc,phases   ] GC(153) Concurrent Select Relocation Set 0.596ms
[2026-06-18T16:36:56.928+0800][15.972s][info][gc,phases   ] GC(153) Concurrent Prepare Relocation Set 0.005ms
[2026-06-18T16:36:56.928+0800][15.973s][info][gc,phases   ] GC(153) Pause Relocate Start 0.144ms
[2026-06-18T16:36:56.931+0800][15.975s][info][gc,phases   ] GC(153) Concurrent Relocate 2.087ms
[2026-06-18T16:36:56.932+0800][15.976s][info][gc,load     ] GC(153) Load: 0.85/0.43/0.26
[2026-06-18T16:36:56.932+0800][15.976s][info][gc,mmu      ] GC(153) MMU: 2ms/51.7%, 5ms/80.7%, 10ms/85.1%, 20ms/91.7%, 50ms/96.5%, 100ms/97.5%
[2026-06-18T16:36:56.932+0800][15.977s][info][gc,marking  ] GC(153) Mark: 2 stripe(s), 1 proactive flush(es), 1 terminate flush(es), 0 completion(s), 0 continuation(s) 
[2026-06-18T16:36:56.933+0800][15.977s][info][gc,reloc    ] GC(153) Relocation: Successful, 29M relocated
[2026-06-18T16:36:56.934+0800][15.978s][info][gc,nmethod  ] GC(153) NMethods: 23 registered, 0 unregistered
[2026-06-18T16:36:56.934+0800][15.978s][info][gc,metaspace] GC(153) Metaspace: 3M used, 4M capacity, 4M committed, 8M reserved
[2026-06-18T16:36:56.934+0800][15.979s][info][gc,ref      ] GC(153) Soft: 43 encountered, 0 discovered, 0 enqueued
[2026-06-18T16:36:56.935+0800][15.979s][info][gc,ref      ] GC(153) Weak: 7 encountered, 0 discovered, 0 enqueued
[2026-06-18T16:36:56.935+0800][15.979s][info][gc,ref      ] GC(153) Final: 0 encountered, 0 discovered, 0 enqueued
[2026-06-18T16:36:56.935+0800][15.979s][info][gc,ref      ] GC(153) Phantom: 1 encountered, 0 discovered, 0 enqueued
[2026-06-18T16:36:56.935+0800][15.979s][info][gc,heap     ] GC(153)                Mark Start          Mark End        Relocate Start      Relocate End           High               Low         
[2026-06-18T16:36:56.935+0800][15.980s][info][gc,heap     ] GC(153)  Capacity:      256M (100%)        256M (100%)        256M (100%)        256M (100%)        256M (100%)        256M (100%)   
[2026-06-18T16:36:56.936+0800][15.980s][info][gc,heap     ] GC(153)   Reserve:       62M (24%)          62M (24%)          62M (24%)          62M (24%)          62M (24%)          62M (24%)    
[2026-06-18T16:36:56.936+0800][15.980s][info][gc,heap     ] GC(153)      Free:       86M (34%)          86M (34%)         108M (42%)         146M (57%)         146M (57%)          74M (29%)    
[2026-06-18T16:36:56.936+0800][15.980s][info][gc,heap     ] GC(153)      Used:      108M (42%)         108M (42%)          86M (34%)          48M (19%)         120M (47%)          48M (19%)    
[2026-06-18T16:36:56.937+0800][15.981s][info][gc,heap     ] GC(153)      Live:         -                31M (12%)          31M (12%)          31M (12%)            -                  -          
[2026-06-18T16:36:56.937+0800][15.981s][info][gc,heap     ] GC(153) Allocated:         -                 0M (0%)            4M (2%)           42M (16%)            -                  -          
[2026-06-18T16:36:56.937+0800][15.981s][info][gc,heap     ] GC(153)   Garbage:         -                76M (30%)          50M (20%)          12M (5%)             -                  -          
[2026-06-18T16:36:56.937+0800][15.982s][info][gc,heap     ] GC(153) Reclaimed:         -                  -                26M (10%)          64M (25%)            -                  -          
[2026-06-18T16:36:56.938+0800][15.982s][info][gc          ] GC(153) Garbage Collection (Allocation Rate) 108M(42%)->48M(19%)
[2026-06-18T16:36:57.018+0800][16.063s][info][gc,start    ] GC(154) Garbage Collection (Allocation Rate)
[2026-06-18T16:36:57.022+0800][16.066s][info][gc,phases   ] GC(154) Pause Mark Start 0.471ms
[2026-06-18T16:36:57.026+0800][16.070s][info][gc,phases   ] GC(154) Concurrent Mark 2.604ms
[2026-06-18T16:36:57.028+0800][16.073s][info][gc,phases   ] GC(154) Pause Mark End 0.771ms
[2026-06-18T16:36:57.030+0800][16.074s][info][gc,phases   ] GC(154) Concurrent Process Non-Strong References 0.342ms
[2026-06-18T16:36:57.031+0800][16.075s][info][gc,phases   ] GC(154) Concurrent Reset Relocation Set 0.003ms
[2026-06-18T16:36:57.032+0800][16.076s][info][gc,phases   ] GC(154) Concurrent Destroy Detached Pages 0.001ms
[2026-06-18T16:36:57.033+0800][16.078s][info][gc,phases   ] GC(154) Concurrent Select Relocation Set 0.986ms
[2026-06-18T16:36:57.034+0800][16.078s][info][gc,phases   ] GC(154) Concurrent Prepare Relocation Set 0.009ms
[2026-06-18T16:36:57.035+0800][16.079s][info][gc,phases   ] GC(154) Pause Relocate Start 0.196ms
[2026-06-18T16:36:57.037+0800][16.081s][info][gc,phases   ] GC(154) Concurrent Relocate 0.688ms
[2026-06-18T16:36:57.037+0800][16.081s][info][gc,load     ] GC(154) Load: 0.85/0.43/0.26
[2026-06-18T16:36:57.038+0800][16.082s][info][gc,mmu      ] GC(154) MMU: 2ms/51.7%, 5ms/80.7%, 10ms/85.1%, 20ms/91.7%, 50ms/96.5%, 100ms/97.5%
[2026-06-18T16:36:57.038+0800][16.082s][info][gc,marking  ] GC(154) Mark: 2 stripe(s), 1 proactive flush(es), 1 terminate flush(es), 0 completion(s), 0 continuation(s) 
[2026-06-18T16:36:57.038+0800][16.083s][info][gc,reloc    ] GC(154) Relocation: Successful, 22M relocated
[2026-06-18T16:36:57.040+0800][16.084s][info][gc,nmethod  ] GC(154) NMethods: 23 registered, 0 unregistered
[2026-06-18T16:36:57.040+0800][16.085s][info][gc,metaspace] GC(154) Metaspace: 3M used, 4M capacity, 4M committed, 8M reserved
[2026-06-18T16:36:57.041+0800][16.085s][info][gc,ref      ] GC(154) Soft: 43 encountered, 0 discovered, 0 enqueued
[2026-06-18T16:36:57.041+0800][16.085s][info][gc,ref      ] GC(154) Weak: 7 encountered, 2 discovered, 0 enqueued
[2026-06-18T16:36:57.042+0800][16.086s][info][gc,ref      ] GC(154) Final: 0 encountered, 0 discovered, 0 enqueued
[2026-06-18T16:36:57.042+0800][16.086s][info][gc,ref      ] GC(154) Phantom: 1 encountered, 1 discovered, 0 enqueued
[2026-06-18T16:36:57.042+0800][16.087s][info][gc,heap     ] GC(154)                Mark Start          Mark End        Relocate Start      Relocate End           High               Low         
[2026-06-18T16:36:57.043+0800][16.087s][info][gc,heap     ] GC(154)  Capacity:      256M (100%)        256M (100%)        256M (100%)        256M (100%)        256M (100%)        256M (100%)   
[2026-06-18T16:36:57.043+0800][16.087s][info][gc,heap     ] GC(154)   Reserve:       62M (24%)          62M (24%)          62M (24%)          62M (24%)          62M (24%)          62M (24%)    
[2026-06-18T16:36:57.044+0800][16.088s][info][gc,heap     ] GC(154)      Free:      114M (45%)         110M (43%)         136M (53%)         146M (57%)         146M (57%)         110M (43%)    
[2026-06-18T16:36:57.044+0800][16.088s][info][gc,heap     ] GC(154)      Used:       80M (31%)          84M (33%)          58M (23%)          48M (19%)          84M (33%)          48M (19%)    
[2026-06-18T16:36:57.044+0800][16.088s][info][gc,heap     ] GC(154)      Live:         -                22M (9%)           22M (9%)           22M (9%)             -                  -          
[2026-06-18T16:36:57.044+0800][16.089s][info][gc,heap     ] GC(154) Allocated:         -                 4M (2%)            8M (3%)           16M (6%)             -                  -          
[2026-06-18T16:36:57.045+0800][16.089s][info][gc,heap     ] GC(154)   Garbage:         -                57M (22%)          27M (11%)          17M (7%)             -                  -          
[2026-06-18T16:36:57.045+0800][16.089s][info][gc,heap     ] GC(154) Reclaimed:         -                  -                30M (12%)          40M (16%)            -                  -          
[2026-06-18T16:36:57.045+0800][16.090s][info][gc          ] GC(154) Garbage Collection (Allocation Rate) 80M(31%)->48M(19%)
[2026-06-18T16:36:57.119+0800][16.163s][info][gc,start    ] GC(155) Garbage Collection (Allocation Rate)
[2026-06-18T16:36:57.121+0800][16.165s][info][gc,phases   ] GC(155) Pause Mark Start 0.387ms
[2026-06-18T16:36:57.125+0800][16.169s][info][gc,phases   ] GC(155) Concurrent Mark 2.308ms
[2026-06-18T16:36:57.127+0800][16.171s][info][gc,phases   ] GC(155) Pause Mark End 0.514ms
[2026-06-18T16:36:57.128+0800][16.173s][info][gc,phases   ] GC(155) Concurrent Process Non-Strong References 0.160ms
[2026-06-18T16:36:57.129+0800][16.174s][info][gc,phases   ] GC(155) Concurrent Reset Relocation Set 0.004ms
[2026-06-18T16:36:57.130+0800][16.174s][info][gc,phases   ] GC(155) Concurrent Destroy Detached Pages 0.001ms
[2026-06-18T16:36:57.131+0800][16.175s][info][gc,phases   ] GC(155) Concurrent Select Relocation Set 0.698ms
[2026-06-18T16:36:57.132+0800][16.176s][info][gc,phases   ] GC(155) Concurrent Prepare Relocation Set 0.008ms
[2026-06-18T16:36:57.133+0800][16.177s][info][gc,phases   ] GC(155) Pause Relocate Start 0.173ms
[2026-06-18T16:36:57.135+0800][16.179s][info][gc,phases   ] GC(155) Concurrent Relocate 1.308ms
[2026-06-18T16:36:57.135+0800][16.179s][info][gc,load     ] GC(155) Load: 0.85/0.43/0.26
[2026-06-18T16:36:57.136+0800][16.180s][info][gc,mmu      ] GC(155) MMU: 2ms/51.7%, 5ms/80.7%, 10ms/85.1%, 20ms/91.7%, 50ms/96.5%, 100ms/97.5%
[2026-06-18T16:36:57.136+0800][16.180s][info][gc,marking  ] GC(155) Mark: 2 stripe(s), 1 proactive flush(es), 1 terminate flush(es), 0 completion(s), 0 continuation(s) 
[2026-06-18T16:36:57.137+0800][16.181s][info][gc,reloc    ] GC(155) Relocation: Successful, 16M relocated
[2026-06-18T16:36:57.137+0800][16.181s][info][gc,nmethod  ] GC(155) NMethods: 23 registered, 0 unregistered
[2026-06-18T16:36:57.137+0800][16.181s][info][gc,metaspace] GC(155) Metaspace: 3M used, 4M capacity, 4M committed, 8M reserved
[2026-06-18T16:36:57.138+0800][16.182s][info][gc,ref      ] GC(155) Soft: 43 encountered, 0 discovered, 0 enqueued
[2026-06-18T16:36:57.138+0800][16.182s][info][gc,ref      ] GC(155) Weak: 7 encountered, 0 discovered, 0 enqueued
[2026-06-18T16:36:57.138+0800][16.182s][info][gc,ref      ] GC(155) Final: 0 encountered, 0 discovered, 0 enqueued
[2026-06-18T16:36:57.138+0800][16.182s][info][gc,ref      ] GC(155) Phantom: 1 encountered, 0 discovered, 0 enqueued
[2026-06-18T16:36:57.138+0800][16.183s][info][gc,heap     ] GC(155)                Mark Start          Mark End        Relocate Start      Relocate End           High               Low         
[2026-06-18T16:36:57.139+0800][16.183s][info][gc,heap     ] GC(155)  Capacity:      256M (100%)        256M (100%)        256M (100%)        256M (100%)        256M (100%)        256M (100%)   
[2026-06-18T16:36:57.139+0800][16.183s][info][gc,heap     ] GC(155)   Reserve:       62M (24%)          62M (24%)          62M (24%)          62M (24%)          62M (24%)          62M (24%)    
[2026-06-18T16:36:57.139+0800][16.183s][info][gc,heap     ] GC(155)      Free:       82M (32%)          82M (32%)         110M (43%)         148M (58%)         148M (58%)          72M (28%)    
[2026-06-18T16:36:57.139+0800][16.183s][info][gc,heap     ] GC(155)      Used:      112M (44%)         112M (44%)          84M (33%)          46M (18%)         122M (48%)          46M (18%)    
[2026-06-18T16:36:57.140+0800][16.184s][info][gc,heap     ] GC(155)      Live:         -                18M (7%)           18M (7%)           18M (7%)             -                  -          
[2026-06-18T16:36:57.140+0800][16.184s][info][gc,heap     ] GC(155) Allocated:         -                 0M (0%)            4M (2%)           42M (16%)            -                  -          
[2026-06-18T16:36:57.140+0800][16.184s][info][gc,heap     ] GC(155)   Garbage:         -                93M (37%)          61M (24%)          23M (9%)             -                  -          
[2026-06-18T16:36:57.140+0800][16.185s][info][gc,heap     ] GC(155) Reclaimed:         -                  -                32M (12%)          70M (27%)            -                  -          
[2026-06-18T16:36:57.141+0800][16.185s][info][gc          ] GC(155) Garbage Collection (Allocation Rate) 112M(44%)->46M(18%)
[2026-06-18T16:36:57.219+0800][16.263s][info][gc,start    ] GC(156) Garbage Collection (Allocation Rate)
[2026-06-18T16:36:57.223+0800][16.267s][info][gc,phases   ] GC(156) Pause Mark Start 0.507ms
[2026-06-18T16:36:57.229+0800][16.273s][info][gc,phases   ] GC(156) Concurrent Mark 2.149ms
[2026-06-18T16:36:57.232+0800][16.276s][info][gc,phases   ] GC(156) Pause Mark End 0.712ms
[2026-06-18T16:36:57.236+0800][16.281s][info][gc,phases   ] GC(156) Concurrent Process Non-Strong References 0.296ms
[2026-06-18T16:36:57.240+0800][16.284s][info][gc,phases   ] GC(156) Concurrent Reset Relocation Set 0.003ms
[2026-06-18T16:36:57.244+0800][16.288s][info][gc,phases   ] GC(156) Concurrent Destroy Detached Pages 0.001ms
[2026-06-18T16:36:57.247+0800][16.292s][info][gc,phases   ] GC(156) Concurrent Select Relocation Set 0.714ms
[2026-06-18T16:36:57.248+0800][16.292s][info][gc,phases   ] GC(156) Concurrent Prepare Relocation Set 0.008ms
[2026-06-18T16:36:57.249+0800][16.293s][info][gc,phases   ] GC(156) Pause Relocate Start 0.210ms
[2026-06-18T16:36:57.250+0800][16.295s][info][gc,phases   ] GC(156) Concurrent Relocate 0.565ms
[2026-06-18T16:36:57.251+0800][16.295s][info][gc,load     ] GC(156) Load: 0.85/0.43/0.26
[2026-06-18T16:36:57.252+0800][16.296s][info][gc,mmu      ] GC(156) MMU: 2ms/51.7%, 5ms/80.7%, 10ms/85.1%, 20ms/91.7%, 50ms/96.5%, 100ms/97.5%
[2026-06-18T16:36:57.252+0800][16.296s][info][gc,marking  ] GC(156) Mark: 2 stripe(s), 2 proactive flush(es), 1 terminate flush(es), 0 completion(s), 0 continuation(s) 
[2026-06-18T16:36:57.253+0800][16.297s][info][gc,reloc    ] GC(156) Relocation: Successful, 22M relocated
[2026-06-18T16:36:57.253+0800][16.297s][info][gc,nmethod  ] GC(156) NMethods: 23 registered, 0 unregistered
[2026-06-18T16:36:57.253+0800][16.298s][info][gc,metaspace] GC(156) Metaspace: 3M used, 4M capacity, 4M committed, 8M reserved
[2026-06-18T16:36:57.254+0800][16.298s][info][gc,ref      ] GC(156) Soft: 43 encountered, 0 discovered, 0 enqueued
[2026-06-18T16:36:57.254+0800][16.298s][info][gc,ref      ] GC(156) Weak: 7 encountered, 2 discovered, 0 enqueued
[2026-06-18T16:36:57.255+0800][16.299s][info][gc,ref      ] GC(156) Final: 0 encountered, 0 discovered, 0 enqueued
[2026-06-18T16:36:57.255+0800][16.299s][info][gc,ref      ] GC(156) Phantom: 1 encountered, 0 discovered, 0 enqueued
[2026-06-18T16:36:57.255+0800][16.299s][info][gc,heap     ] GC(156)                Mark Start          Mark End        Relocate Start      Relocate End           High               Low         
[2026-06-18T16:36:57.255+0800][16.299s][info][gc,heap     ] GC(156)  Capacity:      256M (100%)        256M (100%)        256M (100%)        256M (100%)        256M (100%)        256M (100%)   
[2026-06-18T16:36:57.256+0800][16.300s][info][gc,heap     ] GC(156)   Reserve:       62M (24%)          62M (24%)          62M (24%)          62M (24%)          62M (24%)          62M (24%)    
[2026-06-18T16:36:57.256+0800][16.300s][info][gc,heap     ] GC(156)      Free:      116M (45%)         112M (44%)         100M (39%)         108M (42%)         116M (45%)          74M (29%)    
[2026-06-18T16:36:57.256+0800][16.300s][info][gc,heap     ] GC(156)      Used:       78M (30%)          82M (32%)          94M (37%)          86M (34%)         120M (47%)          78M (30%)    
[2026-06-18T16:36:57.256+0800][16.300s][info][gc,heap     ] GC(156)      Live:         -                24M (10%)          24M (10%)          24M (10%)            -                  -          
[2026-06-18T16:36:57.257+0800][16.301s][info][gc,heap     ] GC(156) Allocated:         -                 4M (2%)           44M (17%)          50M (20%)            -                  -          
[2026-06-18T16:36:57.257+0800][16.301s][info][gc,heap     ] GC(156)   Garbage:         -                53M (21%)          25M (10%)          17M (7%)             -                  -          
[2026-06-18T16:36:57.257+0800][16.301s][info][gc,heap     ] GC(156) Reclaimed:         -                  -                28M (11%)          36M (14%)            -                  -          
[2026-06-18T16:36:57.257+0800][16.302s][info][gc          ] GC(156) Garbage Collection (Allocation Rate) 78M(30%)->86M(34%)
[2026-06-18T16:36:57.319+0800][16.363s][info][gc,start    ] GC(157) Garbage Collection (Allocation Rate)
[2026-06-18T16:36:57.321+0800][16.365s][info][gc,phases   ] GC(157) Pause Mark Start 0.415ms
[2026-06-18T16:36:57.324+0800][16.368s][info][gc,phases   ] GC(157) Concurrent Mark 1.815ms
[2026-06-18T16:36:57.326+0800][16.370s][info][gc,phases   ] GC(157) Pause Mark End 0.551ms
[2026-06-18T16:36:57.327+0800][16.371s][info][gc,phases   ] GC(157) Concurrent Process Non-Strong References 0.214ms
[2026-06-18T16:36:57.328+0800][16.372s][info][gc,phases   ] GC(157) Concurrent Reset Relocation Set 0.002ms
[2026-06-18T16:36:57.328+0800][16.373s][info][gc,phases   ] GC(157) Concurrent Destroy Detached Pages 0.001ms
[2026-06-18T16:36:57.330+0800][16.374s][info][gc,phases   ] GC(157) Concurrent Select Relocation Set 0.798ms
[2026-06-18T16:36:57.330+0800][16.375s][info][gc,phases   ] GC(157) Concurrent Prepare Relocation Set 0.003ms
[2026-06-18T16:36:57.331+0800][16.375s][info][gc,phases   ] GC(157) Pause Relocate Start 0.184ms
[2026-06-18T16:36:57.334+0800][16.378s][info][gc,phases   ] GC(157) Concurrent Relocate 1.426ms
[2026-06-18T16:36:57.334+0800][16.379s][info][gc,load     ] GC(157) Load: 0.85/0.43/0.26
[2026-06-18T16:36:57.335+0800][16.379s][info][gc,mmu      ] GC(157) MMU: 2ms/51.7%, 5ms/80.7%, 10ms/85.1%, 20ms/91.7%, 50ms/96.5%, 100ms/97.5%
[2026-06-18T16:36:57.335+0800][16.379s][info][gc,marking  ] GC(157) Mark: 2 stripe(s), 2 proactive flush(es), 1 terminate flush(es), 0 completion(s), 0 continuation(s) 
[2026-06-18T16:36:57.336+0800][16.380s][info][gc,reloc    ] GC(157) Relocation: Successful, 20M relocated
[2026-06-18T16:36:57.339+0800][16.383s][info][gc,nmethod  ] GC(157) NMethods: 23 registered, 0 unregistered
[2026-06-18T16:36:57.343+0800][16.387s][info][gc,metaspace] GC(157) Metaspace: 3M used, 4M capacity, 4M committed, 8M reserved
[2026-06-18T16:36:57.346+0800][16.390s][info][gc,ref      ] GC(157) Soft: 43 encountered, 0 discovered, 0 enqueued
[2026-06-18T16:36:57.348+0800][16.392s][info][gc,ref      ] GC(157) Weak: 7 encountered, 2 discovered, 0 enqueued
[2026-06-18T16:36:57.351+0800][16.395s][info][gc,ref      ] GC(157) Final: 0 encountered, 0 discovered, 0 enqueued
[2026-06-18T16:36:57.352+0800][16.396s][info][gc,ref      ] GC(157) Phantom: 1 encountered, 0 discovered, 0 enqueued
[2026-06-18T16:36:57.352+0800][16.397s][info][gc,heap     ] GC(157)                Mark Start          Mark End        Relocate Start      Relocate End           High               Low         
[2026-06-18T16:36:57.353+0800][16.397s][info][gc,heap     ] GC(157)  Capacity:      256M (100%)        256M (100%)        256M (100%)        256M (100%)        256M (100%)        256M (100%)   
[2026-06-18T16:36:57.354+0800][16.398s][info][gc,heap     ] GC(157)   Reserve:       62M (24%)          62M (24%)          62M (24%)          62M (24%)          62M (24%)          62M (24%)    
[2026-06-18T16:36:57.355+0800][16.399s][info][gc,heap     ] GC(157)      Free:       84M (33%)          80M (31%)         108M (42%)         142M (55%)         142M (55%)          70M (27%)    
[2026-06-18T16:36:57.356+0800][16.400s][info][gc,heap     ] GC(157)      Used:      110M (43%)         114M (45%)          86M (34%)          52M (20%)         124M (48%)          52M (20%)    
[2026-06-18T16:36:57.356+0800][16.400s][info][gc,heap     ] GC(157)      Live:         -                20M (8%)           20M (8%)           20M (8%)             -                  -          
[2026-06-18T16:36:57.357+0800][16.401s][info][gc,heap     ] GC(157) Allocated:         -                 4M (2%)            4M (2%)           48M (19%)            -                  -          
[2026-06-18T16:36:57.357+0800][16.402s][info][gc,heap     ] GC(157)   Garbage:         -                89M (35%)          61M (24%)          23M (9%)             -                  -          
[2026-06-18T16:36:57.358+0800][16.402s][info][gc,heap     ] GC(157) Reclaimed:         -                  -                28M (11%)          66M (26%)            -                  -          
[2026-06-18T16:36:57.358+0800][16.403s][info][gc          ] GC(157) Garbage Collection (Allocation Rate) 110M(43%)->52M(20%)
[2026-06-18T16:36:57.419+0800][16.463s][info][gc,start    ] GC(158) Garbage Collection (Allocation Rate)
[2026-06-18T16:36:57.423+0800][16.467s][info][gc,phases   ] GC(158) Pause Mark Start 0.412ms
[2026-06-18T16:36:57.427+0800][16.471s][info][gc,phases   ] GC(158) Concurrent Mark 2.278ms
[2026-06-18T16:36:57.429+0800][16.474s][info][gc,phases   ] GC(158) Pause Mark End 0.453ms
[2026-06-18T16:36:57.431+0800][16.475s][info][gc,phases   ] GC(158) Concurrent Process Non-Strong References 0.228ms
[2026-06-18T16:36:57.432+0800][16.476s][info][gc,phases   ] GC(158) Concurrent Reset Relocation Set 0.004ms
[2026-06-18T16:36:57.433+0800][16.477s][info][gc,phases   ] GC(158) Concurrent Destroy Detached Pages 0.001ms
[2026-06-18T16:36:57.435+0800][16.479s][info][gc,phases   ] GC(158) Concurrent Select Relocation Set 0.618ms
[2026-06-18T16:36:57.436+0800][16.480s][info][gc,phases   ] GC(158) Concurrent Prepare Relocation Set 0.003ms
[2026-06-18T16:36:57.437+0800][16.481s][info][gc,phases   ] GC(158) Pause Relocate Start 0.196ms
[2026-06-18T16:36:57.438+0800][16.482s][info][gc,phases   ] GC(158) Concurrent Relocate 0.282ms
[2026-06-18T16:36:57.439+0800][16.483s][info][gc,load     ] GC(158) Load: 0.85/0.43/0.26
[2026-06-18T16:36:57.439+0800][16.483s][info][gc,mmu      ] GC(158) MMU: 2ms/51.7%, 5ms/80.7%, 10ms/85.1%, 20ms/91.7%, 50ms/96.5%, 100ms/97.5%
[2026-06-18T16:36:57.440+0800][16.484s][info][gc,marking  ] GC(158) Mark: 2 stripe(s), 1 proactive flush(es), 1 terminate flush(es), 0 completion(s), 0 continuation(s) 
[2026-06-18T16:36:57.440+0800][16.484s][info][gc,reloc    ] GC(158) Relocation: Successful, 25M relocated
[2026-06-18T16:36:57.440+0800][16.484s][info][gc,nmethod  ] GC(158) NMethods: 23 registered, 0 unregistered
[2026-06-18T16:36:57.441+0800][16.485s][info][gc,metaspace] GC(158) Metaspace: 3M used, 4M capacity, 4M committed, 8M reserved
[2026-06-18T16:36:57.441+0800][16.485s][info][gc,ref      ] GC(158) Soft: 43 encountered, 0 discovered, 0 enqueued
[2026-06-18T16:36:57.441+0800][16.485s][info][gc,ref      ] GC(158) Weak: 7 encountered, 2 discovered, 0 enqueued
[2026-06-18T16:36:57.441+0800][16.486s][info][gc,ref      ] GC(158) Final: 0 encountered, 0 discovered, 0 enqueued
[2026-06-18T16:36:57.442+0800][16.486s][info][gc,ref      ] GC(158) Phantom: 1 encountered, 0 discovered, 0 enqueued
[2026-06-18T16:36:57.442+0800][16.486s][info][gc,heap     ] GC(158)                Mark Start          Mark End        Relocate Start      Relocate End           High               Low         
[2026-06-18T16:36:57.442+0800][16.486s][info][gc,heap     ] GC(158)  Capacity:      256M (100%)        256M (100%)        256M (100%)        256M (100%)        256M (100%)        256M (100%)   
[2026-06-18T16:36:57.443+0800][16.487s][info][gc,heap     ] GC(158)   Reserve:       62M (24%)          62M (24%)          62M (24%)          62M (24%)          62M (24%)          62M (24%)    
[2026-06-18T16:36:57.443+0800][16.487s][info][gc,heap     ] GC(158)      Free:      112M (44%)          76M (30%)         104M (41%)         116M (45%)         116M (45%)          76M (30%)    
[2026-06-18T16:36:57.443+0800][16.487s][info][gc,heap     ] GC(158)      Used:       82M (32%)         118M (46%)          90M (35%)          78M (30%)         118M (46%)          78M (30%)    
[2026-06-18T16:36:57.443+0800][16.487s][info][gc,heap     ] GC(158)      Live:         -                27M (11%)          27M (11%)          27M (11%)            -                  -          
[2026-06-18T16:36:57.443+0800][16.488s][info][gc,heap     ] GC(158) Allocated:         -                36M (14%)          36M (14%)          40M (16%)            -                  -          
[2026-06-18T16:36:57.444+0800][16.488s][info][gc,heap     ] GC(158)   Garbage:         -                54M (21%)          26M (10%)          14M (6%)             -                  -          
[2026-06-18T16:36:57.444+0800][16.488s][info][gc,heap     ] GC(158) Reclaimed:         -                  -                28M (11%)          40M (16%)            -                  -          
[2026-06-18T16:36:57.444+0800][16.488s][info][gc          ] GC(158) Garbage Collection (Allocation Rate) 82M(32%)->78M(30%)
[2026-06-18T16:36:57.518+0800][16.563s][info][gc,start    ] GC(159) Garbage Collection (Allocation Rate)
[2026-06-18T16:36:57.522+0800][16.566s][info][gc,phases   ] GC(159) Pause Mark Start 0.440ms
[2026-06-18T16:36:57.525+0800][16.569s][info][gc,phases   ] GC(159) Concurrent Mark 2.047ms
[2026-06-18T16:36:57.527+0800][16.571s][info][gc,phases   ] GC(159) Pause Mark End 0.611ms
[2026-06-18T16:36:57.528+0800][16.572s][info][gc,phases   ] GC(159) Concurrent Process Non-Strong References 0.158ms
[2026-06-18T16:36:57.529+0800][16.573s][info][gc,phases   ] GC(159) Concurrent Reset Relocation Set 0.003ms
[2026-06-18T16:36:57.529+0800][16.574s][info][gc,phases   ] GC(159) Concurrent Destroy Detached Pages 0.001ms
[2026-06-18T16:36:57.531+0800][16.576s][info][gc,phases   ] GC(159) Concurrent Select Relocation Set 0.808ms
[2026-06-18T16:36:57.532+0800][16.576s][info][gc,phases   ] GC(159) Concurrent Prepare Relocation Set 0.010ms
[2026-06-18T16:36:57.533+0800][16.577s][info][gc,phases   ] GC(159) Pause Relocate Start 0.172ms
[2026-06-18T16:36:57.535+0800][16.579s][info][gc,phases   ] GC(159) Concurrent Relocate 1.674ms
[2026-06-18T16:36:57.536+0800][16.580s][info][gc,load     ] GC(159) Load: 0.85/0.43/0.26
[2026-06-18T16:36:57.537+0800][16.581s][info][gc,mmu      ] GC(159) MMU: 2ms/51.7%, 5ms/80.7%, 10ms/85.1%, 20ms/91.7%, 50ms/96.5%, 100ms/97.5%
[2026-06-18T16:36:57.537+0800][16.581s][info][gc,marking  ] GC(159) Mark: 2 stripe(s), 1 proactive flush(es), 1 terminate flush(es), 0 completion(s), 0 continuation(s) 
[2026-06-18T16:36:57.537+0800][16.582s][info][gc,reloc    ] GC(159) Relocation: Successful, 23M relocated
[2026-06-18T16:36:57.538+0800][16.582s][info][gc,nmethod  ] GC(159) NMethods: 23 registered, 0 unregistered
[2026-06-18T16:36:57.538+0800][16.582s][info][gc,metaspace] GC(159) Metaspace: 3M used, 4M capacity, 4M committed, 8M reserved
[2026-06-18T16:36:57.539+0800][16.583s][info][gc,ref      ] GC(159) Soft: 43 encountered, 0 discovered, 0 enqueued
[2026-06-18T16:36:57.539+0800][16.583s][info][gc,ref      ] GC(159) Weak: 7 encountered, 2 discovered, 0 enqueued
[2026-06-18T16:36:57.539+0800][16.583s][info][gc,ref      ] GC(159) Final: 0 encountered, 0 discovered, 0 enqueued
[2026-06-18T16:36:57.539+0800][16.584s][info][gc,ref      ] GC(159) Phantom: 1 encountered, 1 discovered, 0 enqueued
[2026-06-18T16:36:57.540+0800][16.584s][info][gc,heap     ] GC(159)                Mark Start          Mark End        Relocate Start      Relocate End           High               Low         
[2026-06-18T16:36:57.540+0800][16.584s][info][gc,heap     ] GC(159)  Capacity:      256M (100%)        256M (100%)        256M (100%)        256M (100%)        256M (100%)        256M (100%)   
[2026-06-18T16:36:57.540+0800][16.584s][info][gc,heap     ] GC(159)   Reserve:       62M (24%)          62M (24%)          62M (24%)          62M (24%)          62M (24%)          62M (24%)    
[2026-06-18T16:36:57.540+0800][16.585s][info][gc,heap     ] GC(159)      Free:       84M (33%)          46M (18%)          76M (30%)         140M (55%)         140M (55%)          46M (18%)    
[2026-06-18T16:36:57.541+0800][16.585s][info][gc,heap     ] GC(159)      Used:      110M (43%)         148M (58%)         118M (46%)          54M (21%)         148M (58%)          54M (21%)    
[2026-06-18T16:36:57.541+0800][16.585s][info][gc,heap     ] GC(159)      Live:         -                25M (10%)          25M (10%)          25M (10%)            -                  -          
[2026-06-18T16:36:57.541+0800][16.585s][info][gc,heap     ] GC(159) Allocated:         -                38M (15%)          38M (15%)          50M (20%)            -                  -          
[2026-06-18T16:36:57.542+0800][16.586s][info][gc,heap     ] GC(159)   Garbage:         -                84M (33%)          54M (21%)    17592186044402M (6         -                  -          
[2026-06-18T16:36:57.542+0800][16.586s][info][gc,heap     ] GC(159) Reclaimed:         -                  -                30M (12%)          98M (38%)            -                  -          
[2026-06-18T16:36:57.542+0800][16.586s][info][gc          ] GC(159) Garbage Collection (Allocation Rate) 110M(43%)->54M(21%)
[2026-06-18T16:36:57.619+0800][16.663s][info][gc,start    ] GC(160) Garbage Collection (Allocation Rate)
[2026-06-18T16:36:57.622+0800][16.667s][info][gc,phases   ] GC(160) Pause Mark Start 0.472ms
[2026-06-18T16:36:57.628+0800][16.672s][info][gc,phases   ] GC(160) Concurrent Mark 2.465ms
[2026-06-18T16:36:57.631+0800][16.676s][info][gc,phases   ] GC(160) Pause Mark End 0.814ms
[2026-06-18T16:36:57.633+0800][16.678s][info][gc,phases   ] GC(160) Concurrent Process Non-Strong References 0.291ms
[2026-06-18T16:36:57.635+0800][16.679s][info][gc,phases   ] GC(160) Concurrent Reset Relocation Set 0.005ms
[2026-06-18T16:36:57.637+0800][16.681s][info][gc,phases   ] GC(160) Concurrent Destroy Detached Pages 0.002ms
[2026-06-18T16:36:57.640+0800][16.684s][info][gc,phases   ] GC(160) Concurrent Select Relocation Set 1.321ms
[2026-06-18T16:36:57.642+0800][16.686s][info][gc,phases   ] GC(160) Concurrent Prepare Relocation Set 0.012ms
[2026-06-18T16:36:57.644+0800][16.688s][info][gc,phases   ] GC(160) Pause Relocate Start 0.290ms
[2026-06-18T16:36:57.647+0800][16.691s][info][gc,phases   ] GC(160) Concurrent Relocate 1.043ms
[2026-06-18T16:36:57.649+0800][16.693s][info][gc,load     ] GC(160) Load: 0.85/0.43/0.26
[2026-06-18T16:36:57.651+0800][16.695s][info][gc,mmu      ] GC(160) MMU: 2ms/51.7%, 5ms/80.7%, 10ms/85.1%, 20ms/91.7%, 50ms/96.5%, 100ms/97.5%
[2026-06-18T16:36:57.653+0800][16.697s][info][gc,marking  ] GC(160) Mark: 2 stripe(s), 1 proactive flush(es), 1 terminate flush(es), 0 completion(s), 0 continuation(s) 
[2026-06-18T16:36:57.654+0800][16.698s][info][gc,reloc    ] GC(160) Relocation: Successful, 23M relocated
[2026-06-18T16:36:57.655+0800][16.700s][info][gc,nmethod  ] GC(160) NMethods: 23 registered, 0 unregistered
[2026-06-18T16:36:57.657+0800][16.701s][info][gc,metaspace] GC(160) Metaspace: 3M used, 4M capacity, 4M committed, 8M reserved
[2026-06-18T16:36:57.658+0800][16.703s][info][gc,ref      ] GC(160) Soft: 43 encountered, 0 discovered, 0 enqueued
[2026-06-18T16:36:57.660+0800][16.704s][info][gc,ref      ] GC(160) Weak: 7 encountered, 0 discovered, 0 enqueued
[2026-06-18T16:36:57.661+0800][16.705s][info][gc,ref      ] GC(160) Final: 0 encountered, 0 discovered, 0 enqueued
[2026-06-18T16:36:57.662+0800][16.707s][info][gc,ref      ] GC(160) Phantom: 1 encountered, 0 discovered, 0 enqueued
[2026-06-18T16:36:57.664+0800][16.708s][info][gc,heap     ] GC(160)                Mark Start          Mark End        Relocate Start      Relocate End           High               Low         
[2026-06-18T16:36:57.666+0800][16.710s][info][gc,heap     ] GC(160)  Capacity:      256M (100%)        256M (100%)        256M (100%)        256M (100%)        256M (100%)        256M (100%)   
[2026-06-18T16:36:57.668+0800][16.713s][info][gc,heap     ] GC(160)   Reserve:       62M (24%)          62M (24%)          62M (24%)          62M (24%)          62M (24%)          62M (24%)    
[2026-06-18T16:36:57.671+0800][16.715s][info][gc,heap     ] GC(160)      Free:      110M (43%)         108M (42%)         136M (53%)         142M (55%)         142M (55%)         106M (41%)    
[2026-06-18T16:36:57.672+0800][16.716s][info][gc,heap     ] GC(160)      Used:       84M (33%)          86M (34%)          58M (23%)          52M (20%)          88M (34%)          52M (20%)    
[2026-06-18T16:36:57.673+0800][16.717s][info][gc,heap     ] GC(160)      Live:         -                23M (9%)           23M (9%)           23M (9%)             -                  -          
[2026-06-18T16:36:57.674+0800][16.718s][info][gc,heap     ] GC(160) Allocated:         -                 2M (1%)            4M (2%)           20M (8%)             -                  -          
[2026-06-18T16:36:57.675+0800][16.719s][info][gc,heap     ] GC(160)   Garbage:         -                60M (24%)          30M (12%)          20M (8%)             -                  -          
[2026-06-18T16:36:57.676+0800][16.720s][info][gc,heap     ] GC(160) Reclaimed:         -                  -                30M (12%)          40M (16%)            -                  -          
[2026-06-18T16:36:57.677+0800][16.721s][info][gc          ] GC(160) Garbage Collection (Allocation Rate) 84M(33%)->52M(20%)
[2026-06-18T16:36:57.719+0800][16.763s][info][gc,start    ] GC(161) Garbage Collection (Allocation Rate)
[2026-06-18T16:36:57.722+0800][16.766s][info][gc,phases   ] GC(161) Pause Mark Start 0.453ms
[2026-06-18T16:36:57.726+0800][16.770s][info][gc,phases   ] GC(161) Concurrent Mark 2.272ms
[2026-06-18T16:36:57.729+0800][16.774s][info][gc,phases   ] GC(161) Pause Mark End 0.833ms
[2026-06-18T16:36:57.731+0800][16.775s][info][gc,phases   ] GC(161) Concurrent Process Non-Strong References 0.365ms
[2026-06-18T16:36:57.732+0800][16.777s][info][gc,phases   ] GC(161) Concurrent Reset Relocation Set 0.005ms
[2026-06-18T16:36:57.733+0800][16.778s][info][gc,phases   ] GC(161) Concurrent Destroy Detached Pages 0.002ms
[2026-06-18T16:36:57.735+0800][16.779s][info][gc,phases   ] GC(161) Concurrent Select Relocation Set 0.934ms
[2026-06-18T16:36:57.736+0800][16.780s][info][gc,phases   ] GC(161) Concurrent Prepare Relocation Set 0.008ms
[2026-06-18T16:36:57.737+0800][16.781s][info][gc,phases   ] GC(161) Pause Relocate Start 0.219ms
[2026-06-18T16:36:57.740+0800][16.784s][info][gc,phases   ] GC(161) Concurrent Relocate 2.803ms
[2026-06-18T16:36:57.741+0800][16.785s][info][gc,load     ] GC(161) Load: 0.85/0.43/0.26
[2026-06-18T16:36:57.741+0800][16.785s][info][gc,mmu      ] GC(161) MMU: 2ms/51.7%, 5ms/80.7%, 10ms/85.1%, 20ms/91.7%, 50ms/96.5%, 100ms/97.5%
[2026-06-18T16:36:57.741+0800][16.786s][info][gc,marking  ] GC(161) Mark: 2 stripe(s), 1 proactive flush(es), 1 terminate flush(es), 0 completion(s), 0 continuation(s) 
[2026-06-18T16:36:57.742+0800][16.786s][info][gc,reloc    ] GC(161) Relocation: Successful, 23M relocated
[2026-06-18T16:36:57.742+0800][16.786s][info][gc,nmethod  ] GC(161) NMethods: 23 registered, 0 unregistered
[2026-06-18T16:36:57.743+0800][16.787s][info][gc,metaspace] GC(161) Metaspace: 3M used, 4M capacity, 4M committed, 8M reserved
[2026-06-18T16:36:57.743+0800][16.787s][info][gc,ref      ] GC(161) Soft: 43 encountered, 0 discovered, 0 enqueued
[2026-06-18T16:36:57.743+0800][16.787s][info][gc,ref      ] GC(161) Weak: 7 encountered, 2 discovered, 0 enqueued
[2026-06-18T16:36:57.743+0800][16.788s][info][gc,ref      ] GC(161) Final: 0 encountered, 0 discovered, 0 enqueued
[2026-06-18T16:36:57.744+0800][16.788s][info][gc,ref      ] GC(161) Phantom: 1 encountered, 1 discovered, 0 enqueued
[2026-06-18T16:36:57.744+0800][16.788s][info][gc,heap     ] GC(161)                Mark Start          Mark End        Relocate Start      Relocate End           High               Low         
[2026-06-18T16:36:57.744+0800][16.788s][info][gc,heap     ] GC(161)  Capacity:      256M (100%)        256M (100%)        256M (100%)        256M (100%)        256M (100%)        256M (100%)   
[2026-06-18T16:36:57.745+0800][16.789s][info][gc,heap     ] GC(161)   Reserve:       62M (24%)          62M (24%)          62M (24%)          62M (24%)          62M (24%)          62M (24%)    
[2026-06-18T16:36:57.745+0800][16.789s][info][gc,heap     ] GC(161)      Free:       84M (33%)          84M (33%)          72M (28%)         148M (58%)         148M (58%)          48M (19%)    
[2026-06-18T16:36:57.745+0800][16.789s][info][gc,heap     ] GC(161)      Used:      110M (43%)         110M (43%)         122M (48%)          46M (18%)         146M (57%)          46M (18%)    
[2026-06-18T16:36:57.745+0800][16.790s][info][gc,heap     ] GC(161)      Live:         -                29M (12%)          29M (12%)          29M (12%)            -                  -          
[2026-06-18T16:36:57.745+0800][16.790s][info][gc,heap     ] GC(161) Allocated:         -                 0M (0%)           36M (14%)          40M (16%)            -                  -          
[2026-06-18T16:36:57.746+0800][16.790s][info][gc,heap     ] GC(161)   Garbage:         -                80M (31%)          56M (22%)    17592186044396M (6         -                  -          
[2026-06-18T16:36:57.746+0800][16.790s][info][gc,heap     ] GC(161) Reclaimed:         -                  -                24M (9%)          100M (39%)            -                  -          
[2026-06-18T16:36:57.746+0800][16.790s][info][gc          ] GC(161) Garbage Collection (Allocation Rate) 110M(43%)->46M(18%)
[2026-06-18T16:36:57.818+0800][16.863s][info][gc,start    ] GC(162) Garbage Collection (Allocation Rate)
[2026-06-18T16:36:57.822+0800][16.866s][info][gc,phases   ] GC(162) Pause Mark Start 0.346ms
[2026-06-18T16:36:57.824+0800][16.869s][info][gc,phases   ] GC(162) Concurrent Mark 1.577ms
[2026-06-18T16:36:57.826+0800][16.871s][info][gc,phases   ] GC(162) Pause Mark End 0.548ms
[2026-06-18T16:36:57.828+0800][16.872s][info][gc,phases   ] GC(162) Concurrent Process Non-Strong References 0.365ms
[2026-06-18T16:36:57.829+0800][16.873s][info][gc,phases   ] GC(162) Concurrent Reset Relocation Set 0.004ms
[2026-06-18T16:36:57.829+0800][16.873s][info][gc,phases   ] GC(162) Concurrent Destroy Detached Pages 0.001ms
[2026-06-18T16:36:57.831+0800][16.875s][info][gc,phases   ] GC(162) Concurrent Select Relocation Set 0.882ms
[2026-06-18T16:36:57.831+0800][16.876s][info][gc,phases   ] GC(162) Concurrent Prepare Relocation Set 0.009ms
[2026-06-18T16:36:57.833+0800][16.877s][info][gc,phases   ] GC(162) Pause Relocate Start 0.210ms
[2026-06-18T16:36:57.836+0800][16.880s][info][gc,phases   ] GC(162) Concurrent Relocate 0.522ms
[2026-06-18T16:36:57.839+0800][16.883s][info][gc,load     ] GC(162) Load: 0.85/0.43/0.26
[2026-06-18T16:36:57.841+0800][16.885s][info][gc,mmu      ] GC(162) MMU: 2ms/51.7%, 5ms/80.7%, 10ms/85.1%, 20ms/91.7%, 50ms/96.5%, 100ms/97.5%
[2026-06-18T16:36:57.844+0800][16.888s][info][gc,marking  ] GC(162) Mark: 2 stripe(s), 1 proactive flush(es), 1 terminate flush(es), 0 completion(s), 0 continuation(s) 
[2026-06-18T16:36:57.847+0800][16.891s][info][gc,reloc    ] GC(162) Relocation: Successful, 25M relocated
[2026-06-18T16:36:57.849+0800][16.893s][info][gc,nmethod  ] GC(162) NMethods: 23 registered, 0 unregistered
[2026-06-18T16:36:57.850+0800][16.894s][info][gc,metaspace] GC(162) Metaspace: 3M used, 4M capacity, 4M committed, 8M reserved
[2026-06-18T16:36:57.851+0800][16.895s][info][gc,ref      ] GC(162) Soft: 43 encountered, 0 discovered, 0 enqueued
[2026-06-18T16:36:57.853+0800][16.897s][info][gc,ref      ] GC(162) Weak: 7 encountered, 2 discovered, 0 enqueued
[2026-06-18T16:36:57.854+0800][16.898s][info][gc,ref      ] GC(162) Final: 0 encountered, 0 discovered, 0 enqueued
[2026-06-18T16:36:57.855+0800][16.899s][info][gc,ref      ] GC(162) Phantom: 1 encountered, 1 discovered, 0 enqueued
[2026-06-18T16:36:57.855+0800][16.900s][info][gc,heap     ] GC(162)                Mark Start          Mark End        Relocate Start      Relocate End           High               Low         
[2026-06-18T16:36:57.857+0800][16.901s][info][gc,heap     ] GC(162)  Capacity:      256M (100%)        256M (100%)        256M (100%)        256M (100%)        256M (100%)        256M (100%)   
[2026-06-18T16:36:57.857+0800][16.902s][info][gc,heap     ] GC(162)   Reserve:       62M (24%)          62M (24%)          62M (24%)          62M (24%)          62M (24%)          62M (24%)    
[2026-06-18T16:36:57.858+0800][16.902s][info][gc,heap     ] GC(162)      Free:      116M (45%)         116M (45%)         140M (55%)         148M (58%)         148M (58%)         112M (44%)    
[2026-06-18T16:36:57.859+0800][16.903s][info][gc,heap     ] GC(162)      Used:       78M (30%)          78M (30%)          54M (21%)          46M (18%)          82M (32%)          46M (18%)    
[2026-06-18T16:36:57.859+0800][16.904s][info][gc,heap     ] GC(162)      Live:         -                27M (11%)          27M (11%)          27M (11%)            -                  -          
[2026-06-18T16:36:57.860+0800][16.904s][info][gc,heap     ] GC(162) Allocated:         -                 0M (0%)            4M (2%)           12M (5%)             -                  -          
[2026-06-18T16:36:57.860+0800][16.905s][info][gc,heap     ] GC(162)   Garbage:         -                50M (20%)          22M (9%)           14M (6%)             -                  -          
[2026-06-18T16:36:57.861+0800][16.905s][info][gc,heap     ] GC(162) Reclaimed:         -                  -                28M (11%)          36M (14%)            -                  -          
[2026-06-18T16:36:57.862+0800][16.906s][info][gc          ] GC(162) Garbage Collection (Allocation Rate) 78M(30%)->46M(18%)
[2026-06-18T16:36:57.919+0800][16.963s][info][gc,start    ] GC(163) Garbage Collection (Allocation Rate)
[2026-06-18T16:36:57.921+0800][16.966s][info][gc,phases   ] GC(163) Pause Mark Start 0.461ms
[2026-06-18T16:36:57.925+0800][16.969s][info][gc,phases   ] GC(163) Concurrent Mark 2.192ms
[2026-06-18T16:36:57.928+0800][16.972s][info][gc,phases   ] GC(163) Pause Mark End 0.657ms
[2026-06-18T16:36:57.929+0800][16.974s][info][gc,phases   ] GC(163) Concurrent Process Non-Strong References 0.188ms
[2026-06-18T16:36:57.930+0800][16.974s][info][gc,phases   ] GC(163) Concurrent Reset Relocation Set 0.004ms
[2026-06-18T16:36:57.931+0800][16.976s][info][gc,phases   ] GC(163) Concurrent Destroy Detached Pages 0.001ms
[2026-06-18T16:36:57.933+0800][16.978s][info][gc,phases   ] GC(163) Concurrent Select Relocation Set 0.998ms
[2026-06-18T16:36:57.934+0800][16.979s][info][gc,phases   ] GC(163) Concurrent Prepare Relocation Set 0.018ms
[2026-06-18T16:36:57.936+0800][16.980s][info][gc,phases   ] GC(163) Pause Relocate Start 0.229ms
[2026-06-18T16:36:57.938+0800][16.982s][info][gc,phases   ] GC(163) Concurrent Relocate 1.292ms
[2026-06-18T16:36:57.938+0800][16.983s][info][gc,load     ] GC(163) Load: 0.85/0.43/0.26
[2026-06-18T16:36:57.939+0800][16.983s][info][gc,mmu      ] GC(163) MMU: 2ms/51.7%, 5ms/80.7%, 10ms/85.1%, 20ms/91.7%, 50ms/96.5%, 100ms/97.5%
[2026-06-18T16:36:57.939+0800][16.984s][info][gc,marking  ] GC(163) Mark: 2 stripe(s), 1 proactive flush(es), 1 terminate flush(es), 0 completion(s), 0 continuation(s) 
[2026-06-18T16:36:57.940+0800][16.984s][info][gc,reloc    ] GC(163) Relocation: Successful, 18M relocated
[2026-06-18T16:36:57.940+0800][16.985s][info][gc,nmethod  ] GC(163) NMethods: 23 registered, 0 unregistered
[2026-06-18T16:36:57.941+0800][16.985s][info][gc,metaspace] GC(163) Metaspace: 3M used, 4M capacity, 4M committed, 8M reserved
[2026-06-18T16:36:57.941+0800][16.986s][info][gc,ref      ] GC(163) Soft: 43 encountered, 0 discovered, 0 enqueued
[2026-06-18T16:36:57.942+0800][16.986s][info][gc,ref      ] GC(163) Weak: 7 encountered, 2 discovered, 0 enqueued
[2026-06-18T16:36:57.942+0800][16.986s][info][gc,ref      ] GC(163) Final: 0 encountered, 0 discovered, 0 enqueued
[2026-06-18T16:36:57.942+0800][16.987s][info][gc,ref      ] GC(163) Phantom: 1 encountered, 1 discovered, 0 enqueued
[2026-06-18T16:36:57.943+0800][16.987s][info][gc,heap     ] GC(163)                Mark Start          Mark End        Relocate Start      Relocate End           High               Low         
[2026-06-18T16:36:57.943+0800][16.987s][info][gc,heap     ] GC(163)  Capacity:      256M (100%)        256M (100%)        256M (100%)        256M (100%)        256M (100%)        256M (100%)   
[2026-06-18T16:36:57.943+0800][16.988s][info][gc,heap     ] GC(163)   Reserve:       62M (24%)          62M (24%)          62M (24%)          62M (24%)          62M (24%)          62M (24%)    
[2026-06-18T16:36:57.944+0800][16.988s][info][gc,heap     ] GC(163)      Free:       84M (33%)          80M (31%)         108M (42%)         146M (57%)         146M (57%)          70M (27%)    
[2026-06-18T16:36:57.944+0800][16.988s][info][gc,heap     ] GC(163)      Used:      110M (43%)         114M (45%)          86M (34%)          48M (19%)         124M (48%)          48M (19%)    
[2026-06-18T16:36:57.944+0800][16.988s][info][gc,heap     ] GC(163)      Live:         -                18M (7%)           18M (7%)           18M (7%)             -                  -          
[2026-06-18T16:36:57.944+0800][16.988s][info][gc,heap     ] GC(163) Allocated:         -                 4M (2%)            8M (3%)           48M (19%)            -                  -          
[2026-06-18T16:36:57.944+0800][16.989s][info][gc,heap     ] GC(163)   Garbage:         -                91M (36%)          59M (23%)          21M (8%)             -                  -          
[2026-06-18T16:36:57.945+0800][16.989s][info][gc,heap     ] GC(163) Reclaimed:         -                  -                32M (12%)          70M (27%)            -                  -          
[2026-06-18T16:36:57.945+0800][16.989s][info][gc          ] GC(163) Garbage Collection (Allocation Rate) 110M(43%)->48M(19%)
[2026-06-18T16:36:58.019+0800][17.063s][info][gc,start    ] GC(164) Garbage Collection (Allocation Rate)
[2026-06-18T16:36:58.022+0800][17.066s][info][gc,phases   ] GC(164) Pause Mark Start 0.405ms
[2026-06-18T16:36:58.025+0800][17.069s][info][gc,phases   ] GC(164) Concurrent Mark 2.392ms
[2026-06-18T16:36:58.028+0800][17.072s][info][gc,phases   ] GC(164) Pause Mark End 0.641ms
[2026-06-18T16:36:58.030+0800][17.074s][info][gc,phases   ] GC(164) Concurrent Process Non-Strong References 0.600ms
[2026-06-18T16:36:58.031+0800][17.075s][info][gc,phases   ] GC(164) Concurrent Reset Relocation Set 0.004ms
[2026-06-18T16:36:58.032+0800][17.076s][info][gc,phases   ] GC(164) Concurrent Destroy Detached Pages 0.001ms
[2026-06-18T16:36:58.033+0800][17.078s][info][gc,phases   ] GC(164) Concurrent Select Relocation Set 0.863ms
[2026-06-18T16:36:58.034+0800][17.078s][info][gc,phases   ] GC(164) Concurrent Prepare Relocation Set 0.003ms
[2026-06-18T16:36:58.035+0800][17.079s][info][gc,phases   ] GC(164) Pause Relocate Start 0.198ms
[2026-06-18T16:36:58.036+0800][17.080s][info][gc,phases   ] GC(164) Concurrent Relocate 0.148ms
[2026-06-18T16:36:58.037+0800][17.081s][info][gc,load     ] GC(164) Load: 0.85/0.43/0.26
[2026-06-18T16:36:58.037+0800][17.081s][info][gc,mmu      ] GC(164) MMU: 2ms/51.7%, 5ms/80.7%, 10ms/85.1%, 20ms/91.7%, 50ms/96.5%, 100ms/97.5%
[2026-06-18T16:36:58.037+0800][17.082s][info][gc,marking  ] GC(164) Mark: 2 stripe(s), 1 proactive flush(es), 1 terminate flush(es), 0 completion(s), 0 continuation(s) 
[2026-06-18T16:36:58.038+0800][17.082s][info][gc,reloc    ] GC(164) Relocation: Successful, 20M relocated
[2026-06-18T16:36:58.038+0800][17.082s][info][gc,nmethod  ] GC(164) NMethods: 23 registered, 0 unregistered
[2026-06-18T16:36:58.039+0800][17.083s][info][gc,metaspace] GC(164) Metaspace: 3M used, 4M capacity, 4M committed, 8M reserved
[2026-06-18T16:36:58.039+0800][17.083s][info][gc,ref      ] GC(164) Soft: 43 encountered, 0 discovered, 0 enqueued
[2026-06-18T16:36:58.039+0800][17.083s][info][gc,ref      ] GC(164) Weak: 7 encountered, 0 discovered, 0 enqueued
[2026-06-18T16:36:58.040+0800][17.084s][info][gc,ref      ] GC(164) Final: 0 encountered, 0 discovered, 0 enqueued
[2026-06-18T16:36:58.040+0800][17.084s][info][gc,ref      ] GC(164) Phantom: 1 encountered, 1 discovered, 0 enqueued
[2026-06-18T16:36:58.040+0800][17.084s][info][gc,heap     ] GC(164)                Mark Start          Mark End        Relocate Start      Relocate End           High               Low         
[2026-06-18T16:36:58.040+0800][17.085s][info][gc,heap     ] GC(164)  Capacity:      256M (100%)        256M (100%)        256M (100%)        256M (100%)        256M (100%)        256M (100%)   
[2026-06-18T16:36:58.041+0800][17.085s][info][gc,heap     ] GC(164)   Reserve:       62M (24%)          62M (24%)          62M (24%)          62M (24%)          62M (24%)          62M (24%)    
[2026-06-18T16:36:58.041+0800][17.085s][info][gc,heap     ] GC(164)      Free:      116M (45%)         116M (45%)         142M (55%)         144M (56%)         144M (56%)         112M (44%)    
[2026-06-18T16:36:58.041+0800][17.085s][info][gc,heap     ] GC(164)      Used:       78M (30%)          78M (30%)          52M (20%)          50M (20%)          82M (32%)          50M (20%)    
[2026-06-18T16:36:58.041+0800][17.086s][info][gc,heap     ] GC(164)      Live:         -                24M (9%)           24M (9%)           24M (9%)             -                  -          
[2026-06-18T16:36:58.042+0800][17.086s][info][gc,heap     ] GC(164) Allocated:         -                 0M (0%)            4M (2%)           10M (4%)             -                  -          
[2026-06-18T16:36:58.042+0800][17.086s][info][gc,heap     ] GC(164)   Garbage:         -                53M (21%)          23M (9%)           21M (9%)             -                  -          
[2026-06-18T16:36:58.042+0800][17.086s][info][gc,heap     ] GC(164) Reclaimed:         -                  -                30M (12%)          32M (12%)            -                  -          
[2026-06-18T16:36:58.042+0800][17.087s][info][gc          ] GC(164) Garbage Collection (Allocation Rate) 78M(30%)->50M(20%)
[2026-06-18T16:36:58.119+0800][17.163s][info][gc,start    ] GC(165) Garbage Collection (Allocation Rate)
[2026-06-18T16:36:58.122+0800][17.166s][info][gc,phases   ] GC(165) Pause Mark Start 0.427ms
[2026-06-18T16:36:58.126+0800][17.170s][info][gc,phases   ] GC(165) Concurrent Mark 1.862ms
[2026-06-18T16:36:58.129+0800][17.174s][info][gc,phases   ] GC(165) Pause Mark End 0.645ms
[2026-06-18T16:36:58.131+0800][17.175s][info][gc,phases   ] GC(165) Concurrent Process Non-Strong References 0.311ms
[2026-06-18T16:36:58.132+0800][17.177s][info][gc,phases   ] GC(165) Concurrent Reset Relocation Set 0.003ms
[2026-06-18T16:36:58.133+0800][17.178s][info][gc,phases   ] GC(165) Concurrent Destroy Detached Pages 0.001ms
[2026-06-18T16:36:58.135+0800][17.179s][info][gc,phases   ] GC(165) Concurrent Select Relocation Set 0.930ms
[2026-06-18T16:36:58.136+0800][17.180s][info][gc,phases   ] GC(165) Concurrent Prepare Relocation Set 0.012ms
[2026-06-18T16:36:58.137+0800][17.181s][info][gc,phases   ] GC(165) Pause Relocate Start 0.210ms
[2026-06-18T16:36:58.139+0800][17.183s][info][gc,phases   ] GC(165) Concurrent Relocate 1.555ms
[2026-06-18T16:36:58.140+0800][17.184s][info][gc,load     ] GC(165) Load: 0.85/0.43/0.26
[2026-06-18T16:36:58.141+0800][17.185s][info][gc,mmu      ] GC(165) MMU: 2ms/51.7%, 5ms/80.7%, 10ms/85.1%, 20ms/91.7%, 50ms/96.5%, 100ms/97.5%
[2026-06-18T16:36:58.141+0800][17.185s][info][gc,marking  ] GC(165) Mark: 2 stripe(s), 1 proactive flush(es), 1 terminate flush(es), 0 completion(s), 0 continuation(s) 
[2026-06-18T16:36:58.141+0800][17.186s][info][gc,reloc    ] GC(165) Relocation: Successful, 21M relocated
[2026-06-18T16:36:58.142+0800][17.186s][info][gc,nmethod  ] GC(165) NMethods: 23 registered, 0 unregistered
[2026-06-18T16:36:58.142+0800][17.186s][info][gc,metaspace] GC(165) Metaspace: 3M used, 4M capacity, 4M committed, 8M reserved
[2026-06-18T16:36:58.143+0800][17.187s][info][gc,ref      ] GC(165) Soft: 43 encountered, 0 discovered, 0 enqueued
[2026-06-18T16:36:58.143+0800][17.187s][info][gc,ref      ] GC(165) Weak: 7 encountered, 2 discovered, 0 enqueued
[2026-06-18T16:36:58.143+0800][17.187s][info][gc,ref      ] GC(165) Final: 0 encountered, 0 discovered, 0 enqueued
[2026-06-18T16:36:58.143+0800][17.188s][info][gc,ref      ] GC(165) Phantom: 1 encountered, 1 discovered, 0 enqueued
[2026-06-18T16:36:58.144+0800][17.188s][info][gc,heap     ] GC(165)                Mark Start          Mark End        Relocate Start      Relocate End           High               Low         
[2026-06-18T16:36:58.144+0800][17.188s][info][gc,heap     ] GC(165)  Capacity:      256M (100%)        256M (100%)        256M (100%)        256M (100%)        256M (100%)        256M (100%)   
[2026-06-18T16:36:58.144+0800][17.188s][info][gc,heap     ] GC(165)   Reserve:       62M (24%)          62M (24%)          62M (24%)          62M (24%)          62M (24%)          62M (24%)    
[2026-06-18T16:36:58.144+0800][17.189s][info][gc,heap     ] GC(165)      Free:       80M (31%)          76M (30%)         104M (41%)         142M (55%)         142M (55%)          64M (25%)    
[2026-06-18T16:36:58.145+0800][17.189s][info][gc,heap     ] GC(165)      Used:      114M (45%)         118M (46%)          90M (35%)          52M (20%)         130M (51%)          52M (20%)    
[2026-06-18T16:36:58.145+0800][17.189s][info][gc,heap     ] GC(165)      Live:         -                21M (8%)           21M (8%)           21M (8%)             -                  -          
[2026-06-18T16:36:58.145+0800][17.189s][info][gc,heap     ] GC(165) Allocated:         -                 4M (2%)            6M (2%)           50M (20%)            -                  -          
[2026-06-18T16:36:58.145+0800][17.189s][info][gc,heap     ] GC(165)   Garbage:         -                92M (36%)          62M (24%)          20M (8%)             -                  -          
[2026-06-18T16:36:58.145+0800][17.190s][info][gc,heap     ] GC(165) Reclaimed:         -                  -                30M (12%)          72M (28%)            -                  -          
[2026-06-18T16:36:58.146+0800][17.190s][info][gc          ] GC(165) Garbage Collection (Allocation Rate) 114M(45%)->52M(20%)
[2026-06-18T16:36:58.218+0800][17.262s][info][gc,start    ] GC(166) Garbage Collection (Allocation Rate)
[2026-06-18T16:36:58.223+0800][17.267s][info][gc,phases   ] GC(166) Pause Mark Start 0.470ms
[2026-06-18T16:36:58.226+0800][17.270s][info][gc,phases   ] GC(166) Concurrent Mark 1.586ms
[2026-06-18T16:36:58.229+0800][17.273s][info][gc,phases   ] GC(166) Pause Mark End 0.343ms
[2026-06-18T16:36:58.233+0800][17.277s][info][gc,phases   ] GC(166) Concurrent Process Non-Strong References 0.431ms
[2026-06-18T16:36:58.236+0800][17.280s][info][gc,phases   ] GC(166) Concurrent Reset Relocation Set 0.006ms
[2026-06-18T16:36:58.242+0800][17.286s][info][gc,phases   ] GC(166) Concurrent Destroy Detached Pages 0.002ms
[2026-06-18T16:36:58.245+0800][17.289s][info][gc,phases   ] GC(166) Concurrent Select Relocation Set 0.565ms
[2026-06-18T16:36:58.246+0800][17.290s][info][gc,phases   ] GC(166) Concurrent Prepare Relocation Set 0.003ms
[2026-06-18T16:36:58.247+0800][17.291s][info][gc,phases   ] GC(166) Pause Relocate Start 0.160ms
[2026-06-18T16:36:58.248+0800][17.292s][info][gc,phases   ] GC(166) Concurrent Relocate 0.460ms
[2026-06-18T16:36:58.249+0800][17.293s][info][gc,load     ] GC(166) Load: 0.85/0.43/0.26
[2026-06-18T16:36:58.250+0800][17.294s][info][gc,mmu      ] GC(166) MMU: 2ms/51.7%, 5ms/80.7%, 10ms/85.1%, 20ms/91.7%, 50ms/96.5%, 100ms/97.5%
[2026-06-18T16:36:58.250+0800][17.294s][info][gc,marking  ] GC(166) Mark: 2 stripe(s), 2 proactive flush(es), 1 terminate flush(es), 0 completion(s), 0 continuation(s) 
[2026-06-18T16:36:58.251+0800][17.295s][info][gc,reloc    ] GC(166) Relocation: Successful, 23M relocated
[2026-06-18T16:36:58.252+0800][17.296s][info][gc,nmethod  ] GC(166) NMethods: 23 registered, 0 unregistered
[2026-06-18T16:36:58.252+0800][17.296s][info][gc,metaspace] GC(166) Metaspace: 3M used, 4M capacity, 4M committed, 8M reserved
[2026-06-18T16:36:58.253+0800][17.297s][info][gc,ref      ] GC(166) Soft: 43 encountered, 0 discovered, 0 enqueued
[2026-06-18T16:36:58.253+0800][17.297s][info][gc,ref      ] GC(166) Weak: 7 encountered, 0 discovered, 0 enqueued
[2026-06-18T16:36:58.254+0800][17.298s][info][gc,ref      ] GC(166) Final: 0 encountered, 0 discovered, 0 enqueued
[2026-06-18T16:36:58.254+0800][17.298s][info][gc,ref      ] GC(166) Phantom: 1 encountered, 1 discovered, 0 enqueued
[2026-06-18T16:36:58.255+0800][17.299s][info][gc,heap     ] GC(166)                Mark Start          Mark End        Relocate Start      Relocate End           High               Low         
[2026-06-18T16:36:58.255+0800][17.299s][info][gc,heap     ] GC(166)  Capacity:      256M (100%)        256M (100%)        256M (100%)        256M (100%)        256M (100%)        256M (100%)   
[2026-06-18T16:36:58.255+0800][17.300s][info][gc,heap     ] GC(166)   Reserve:       62M (24%)          62M (24%)          62M (24%)          62M (24%)          62M (24%)          62M (24%)    
[2026-06-18T16:36:58.256+0800][17.300s][info][gc,heap     ] GC(166)      Free:      114M (45%)         114M (45%)          98M (38%)         110M (43%)         114M (45%)          72M (28%)    
[2026-06-18T16:36:58.256+0800][17.300s][info][gc,heap     ] GC(166)      Used:       80M (31%)          80M (31%)          96M (38%)          84M (33%)         122M (48%)          80M (31%)    
[2026-06-18T16:36:58.257+0800][17.301s][info][gc,heap     ] GC(166)      Live:         -                27M (11%)          27M (11%)          27M (11%)            -                  -          
[2026-06-18T16:36:58.257+0800][17.301s][info][gc,heap     ] GC(166) Allocated:         -                 0M (0%)           42M (16%)          48M (19%)            -                  -          
[2026-06-18T16:36:58.257+0800][17.302s][info][gc,heap     ] GC(166)   Garbage:         -                52M (21%)          26M (11%)          14M (6%)             -                  -          
[2026-06-18T16:36:58.258+0800][17.302s][info][gc,heap     ] GC(166) Reclaimed:         -                  -                26M (10%)          38M (15%)            -                  -          
[2026-06-18T16:36:58.258+0800][17.302s][info][gc          ] GC(166) Garbage Collection (Allocation Rate) 80M(31%)->84M(33%)
[2026-06-18T16:36:58.319+0800][17.363s][info][gc,start    ] GC(167) Garbage Collection (Allocation Rate)
[2026-06-18T16:36:58.322+0800][17.366s][info][gc,phases   ] GC(167) Pause Mark Start 0.397ms
[2026-06-18T16:36:58.326+0800][17.370s][info][gc,phases   ] GC(167) Concurrent Mark 2.093ms
[2026-06-18T16:36:58.329+0800][17.373s][info][gc,phases   ] GC(167) Pause Mark End 0.736ms
[2026-06-18T16:36:58.331+0800][17.375s][info][gc,phases   ] GC(167) Concurrent Process Non-Strong References 0.478ms
[2026-06-18T16:36:58.332+0800][17.376s][info][gc,phases   ] GC(167) Concurrent Reset Relocation Set 0.005ms
[2026-06-18T16:36:58.333+0800][17.377s][info][gc,phases   ] GC(167) Concurrent Destroy Detached Pages 0.002ms
[2026-06-18T16:36:58.335+0800][17.379s][info][gc,phases   ] GC(167) Concurrent Select Relocation Set 1.016ms
[2026-06-18T16:36:58.336+0800][17.381s][info][gc,phases   ] GC(167) Concurrent Prepare Relocation Set 0.012ms
[2026-06-18T16:36:58.339+0800][17.384s][info][gc,phases   ] GC(167) Pause Relocate Start 0.380ms
[2026-06-18T16:36:58.346+0800][17.391s][info][gc,phases   ] GC(167) Concurrent Relocate 2.228ms
[2026-06-18T16:36:58.350+0800][17.395s][info][gc,load     ] GC(167) Load: 0.85/0.43/0.26
[2026-06-18T16:36:58.352+0800][17.396s][info][gc,mmu      ] GC(167) MMU: 2ms/51.7%, 5ms/80.7%, 10ms/85.1%, 20ms/91.7%, 50ms/96.5%, 100ms/97.5%
[2026-06-18T16:36:58.355+0800][17.399s][info][gc,marking  ] GC(167) Mark: 2 stripe(s), 1 proactive flush(es), 1 terminate flush(es), 0 completion(s), 0 continuation(s) 
[2026-06-18T16:36:58.357+0800][17.401s][info][gc,reloc    ] GC(167) Relocation: Successful, 23M relocated
[2026-06-18T16:36:58.358+0800][17.402s][info][gc,nmethod  ] GC(167) NMethods: 23 registered, 0 unregistered
[2026-06-18T16:36:58.359+0800][17.403s][info][gc,metaspace] GC(167) Metaspace: 3M used, 4M capacity, 4M committed, 8M reserved
[2026-06-18T16:36:58.360+0800][17.404s][info][gc,ref      ] GC(167) Soft: 43 encountered, 0 discovered, 0 enqueued
[2026-06-18T16:36:58.360+0800][17.405s][info][gc,ref      ] GC(167) Weak: 7 encountered, 2 discovered, 0 enqueued
[2026-06-18T16:36:58.361+0800][17.406s][info][gc,ref      ] GC(167) Final: 0 encountered, 0 discovered, 0 enqueued
[2026-06-18T16:36:58.362+0800][17.406s][info][gc,ref      ] GC(167) Phantom: 1 encountered, 1 discovered, 0 enqueued
[2026-06-18T16:36:58.363+0800][17.407s][info][gc,heap     ] GC(167)                Mark Start          Mark End        Relocate Start      Relocate End           High               Low         
[2026-06-18T16:36:58.364+0800][17.408s][info][gc,heap     ] GC(167)  Capacity:      256M (100%)        256M (100%)        256M (100%)        256M (100%)        256M (100%)        256M (100%)   
[2026-06-18T16:36:58.365+0800][17.409s][info][gc,heap     ] GC(167)   Reserve:       62M (24%)          62M (24%)          62M (24%)          62M (24%)          62M (24%)          62M (24%)    
[2026-06-18T16:36:58.365+0800][17.410s][info][gc,heap     ] GC(167)      Free:       84M (33%)          84M (33%)          70M (27%)         138M (54%)         138M (54%)          46M (18%)    
[2026-06-18T16:36:58.366+0800][17.410s][info][gc,heap     ] GC(167)      Used:      110M (43%)         110M (43%)         124M (48%)          56M (22%)         148M (58%)          56M (22%)    
[2026-06-18T16:36:58.367+0800][17.411s][info][gc,heap     ] GC(167)      Live:         -                25M (10%)          25M (10%)          25M (10%)            -                  -          
[2026-06-18T16:36:58.367+0800][17.412s][info][gc,heap     ] GC(167) Allocated:         -                 0M (0%)           38M (15%)          50M (20%)            -                  -          
[2026-06-18T16:36:58.368+0800][17.412s][info][gc,heap     ] GC(167)   Garbage:         -                84M (33%)          60M (24%)    17592186044404M (6         -                  -          
[2026-06-18T16:36:58.369+0800][17.413s][info][gc,heap     ] GC(167) Reclaimed:         -                  -                24M (9%)           96M (38%)            -                  -          
[2026-06-18T16:36:58.369+0800][17.413s][info][gc          ] GC(167) Garbage Collection (Allocation Rate) 110M(43%)->56M(22%)
[2026-06-18T16:36:58.419+0800][17.463s][info][gc,start    ] GC(168) Garbage Collection (Allocation Rate)
[2026-06-18T16:36:58.438+0800][17.482s][info][gc,phases   ] GC(168) Pause Mark Start 0.152ms
[2026-06-18T16:36:58.446+0800][17.491s][info][gc,phases   ] GC(168) Concurrent Mark 1.626ms
[2026-06-18T16:36:58.499+0800][17.543s][info][gc,phases   ] GC(168) Pause Mark End 1.202ms
[2026-06-18T16:36:58.503+0800][17.547s][info][gc,phases   ] GC(168) Concurrent Process Non-Strong References 0.245ms
[2026-06-18T16:36:58.506+0800][17.550s][info][gc,phases   ] GC(168) Concurrent Reset Relocation Set 0.008ms
[2026-06-18T16:36:58.509+0800][17.553s][info][gc,phases   ] GC(168) Concurrent Destroy Detached Pages 0.004ms
[2026-06-18T16:36:58.513+0800][17.557s][info][gc,phases   ] GC(168) Concurrent Select Relocation Set 1.293ms
[2026-06-18T16:36:58.562+0800][17.606s][info][gc,phases   ] GC(168) Concurrent Prepare Relocation Set 0.014ms
[2026-06-18T16:36:58.565+0800][17.609s][info][gc,phases   ] GC(168) Pause Relocate Start 0.422ms
[2026-06-18T16:36:58.567+0800][17.611s][info][gc,phases   ] GC(168) Concurrent Relocate 0.728ms
[2026-06-18T16:36:58.569+0800][17.613s][info][gc,load     ] GC(168) Load: 0.85/0.43/0.26
[2026-06-18T16:36:58.570+0800][17.614s][info][gc,mmu      ] GC(168) MMU: 2ms/39.9%, 5ms/76.0%, 10ms/85.1%, 20ms/91.7%, 50ms/96.5%, 100ms/97.5%
[2026-06-18T16:36:58.571+0800][17.616s][info][gc,marking  ] GC(168) Mark: 2 stripe(s), 2 proactive flush(es), 1 terminate flush(es), 0 completion(s), 0 continuation(s) 
[2026-06-18T16:36:58.573+0800][17.617s][info][gc,reloc    ] GC(168) Relocation: Successful, 23M relocated
[2026-06-18T16:36:58.574+0800][17.618s][info][gc,nmethod  ] GC(168) NMethods: 23 registered, 0 unregistered
[2026-06-18T16:36:58.575+0800][17.619s][info][gc,metaspace] GC(168) Metaspace: 3M used, 4M capacity, 4M committed, 8M reserved
[2026-06-18T16:36:58.576+0800][17.620s][info][gc,ref      ] GC(168) Soft: 43 encountered, 0 discovered, 0 enqueued
[2026-06-18T16:36:58.587+0800][17.631s][info][gc,ref      ] GC(168) Weak: 7 encountered, 0 discovered, 0 enqueued
[2026-06-18T16:36:58.601+0800][17.645s][info][gc,ref      ] GC(168) Final: 0 encountered, 0 discovered, 0 enqueued
[2026-06-18T16:36:58.603+0800][17.647s][info][gc,ref      ] GC(168) Phantom: 1 encountered, 1 discovered, 0 enqueued
[2026-06-18T16:36:58.606+0800][17.650s][info][gc,heap     ] GC(168)                Mark Start          Mark End        Relocate Start      Relocate End           High               Low         
[2026-06-18T16:36:58.609+0800][17.653s][info][gc,heap     ] GC(168)  Capacity:      256M (100%)        256M (100%)        256M (100%)        256M (100%)        256M (100%)        256M (100%)   
[2026-06-18T16:36:58.612+0800][17.656s][info][gc,heap     ] GC(168)   Reserve:       62M (24%)          62M (24%)          62M (24%)          62M (24%)          62M (24%)          62M (24%)    
[2026-06-18T16:36:58.614+0800][17.659s][info][gc,heap     ] GC(168)      Free:      108M (42%)          56M (22%)          66M (26%)          76M (30%)         108M (42%)          52M (20%)    
[2026-06-18T16:36:58.617+0800][17.661s][info][gc,heap     ] GC(168)      Used:       86M (34%)         138M (54%)         128M (50%)         118M (46%)         142M (55%)          86M (34%)    
[2026-06-18T16:36:58.627+0800][17.671s][info][gc,heap     ] GC(168)      Live:         -                23M (9%)           23M (9%)           23M (9%)             -                  -          
[2026-06-18T16:36:58.629+0800][17.673s][info][gc,heap     ] GC(168) Allocated:         -                52M (20%)          74M (29%)          84M (33%)            -                  -          
[2026-06-18T16:36:58.630+0800][17.674s][info][gc,heap     ] GC(168)   Garbage:         -                62M (24%)          30M (12%)          16M (6%)             -                  -          
[2026-06-18T16:36:58.634+0800][17.678s][info][gc,heap     ] GC(168) Reclaimed:         -                  -                32M (12%)          46M (18%)            -                  -          
[2026-06-18T16:36:58.636+0800][17.680s][info][gc          ] GC(168) Garbage Collection (Allocation Rate) 86M(34%)->118M(46%)
[2026-06-18T16:36:58.692+0800][17.737s][info][gc,heap     ] Page Cache Flushed: 2M requested, 32M(32M->0M) flushed
[2026-06-18T16:36:58.718+0800][17.762s][info][gc,start    ] GC(169) Garbage Collection (Allocation Rate)
[2026-06-18T16:36:58.724+0800][17.768s][info][gc,phases   ] GC(169) Pause Mark Start 0.525ms
[2026-06-18T16:36:58.729+0800][17.773s][info][gc,phases   ] GC(169) Concurrent Mark 1.426ms
[2026-06-18T16:36:58.733+0800][17.778s][info][gc,phases   ] GC(169) Pause Mark End 0.697ms
[2026-06-18T16:36:58.735+0800][17.779s][info][gc,phases   ] GC(169) Concurrent Process Non-Strong References 0.090ms
[2026-06-18T16:36:58.738+0800][17.783s][info][gc,phases   ] GC(169) Concurrent Reset Relocation Set 0.004ms
[2026-06-18T16:36:58.742+0800][17.786s][info][gc,phases   ] GC(169) Concurrent Destroy Detached Pages 0.004ms
[2026-06-18T16:36:58.746+0800][17.790s][info][gc,heap     ] GC(169) Page Cache Flushed: 14M requested, 14M(14M->0M) flushed
[2026-06-18T16:36:58.752+0800][17.796s][info][gc          ] Allocation Stall (main) 21.511ms
[2026-06-18T16:36:58.752+0800][17.797s][info][gc,phases   ] GC(169) Concurrent Select Relocation Set 6.754ms
[2026-06-18T16:36:58.760+0800][17.804s][info][gc,phases   ] GC(169) Concurrent Prepare Relocation Set 0.018ms
[2026-06-18T16:36:58.762+0800][17.807s][info][gc,phases   ] GC(169) Pause Relocate Start 0.489ms
[2026-06-18T16:36:58.770+0800][17.815s][info][gc,phases   ] GC(169) Concurrent Relocate 3.849ms
[2026-06-18T16:36:58.772+0800][17.816s][info][gc,load     ] GC(169) Load: 0.85/0.43/0.26
[2026-06-18T16:36:58.772+0800][17.817s][info][gc,mmu      ] GC(169) MMU: 2ms/39.9%, 5ms/76.0%, 10ms/85.1%, 20ms/91.7%, 50ms/96.5%, 100ms/97.5%
[2026-06-18T16:36:58.773+0800][17.818s][info][gc,marking  ] GC(169) Mark: 2 stripe(s), 1 proactive flush(es), 1 terminate flush(es), 0 completion(s), 0 continuation(s) 
[2026-06-18T16:36:58.774+0800][17.819s][info][gc,reloc    ] GC(169) Relocation: Successful, 31M relocated
[2026-06-18T16:36:58.775+0800][17.820s][info][gc,nmethod  ] GC(169) NMethods: 23 registered, 0 unregistered
[2026-06-18T16:36:58.776+0800][17.820s][info][gc,metaspace] GC(169) Metaspace: 3M used, 4M capacity, 4M committed, 8M reserved
[2026-06-18T16:36:58.776+0800][17.821s][info][gc,ref      ] GC(169) Soft: 43 encountered, 0 discovered, 0 enqueued
[2026-06-18T16:36:58.777+0800][17.821s][info][gc,ref      ] GC(169) Weak: 7 encountered, 0 discovered, 0 enqueued
[2026-06-18T16:36:58.777+0800][17.822s][info][gc,ref      ] GC(169) Final: 0 encountered, 0 discovered, 0 enqueued
[2026-06-18T16:36:58.778+0800][17.822s][info][gc,ref      ] GC(169) Phantom: 1 encountered, 0 discovered, 0 enqueued
[2026-06-18T16:36:58.778+0800][17.823s][info][gc,heap     ] GC(169)                Mark Start          Mark End        Relocate Start      Relocate End           High               Low         
[2026-06-18T16:36:58.779+0800][17.823s][info][gc,heap     ] GC(169)  Capacity:      256M (100%)        256M (100%)        256M (100%)        256M (100%)        256M (100%)        256M (100%)   
[2026-06-18T16:36:58.779+0800][17.823s][info][gc,heap     ] GC(169)   Reserve:       62M (24%)          62M (24%)          62M (24%)          62M (24%)          62M (24%)          62M (24%)    
[2026-06-18T16:36:58.780+0800][17.824s][info][gc,heap     ] GC(169)      Free:       22M (9%)           18M (7%)           66M (26%)         140M (55%)         140M (55%)           0M (0%)     
[2026-06-18T16:36:58.780+0800][17.824s][info][gc,heap     ] GC(169)      Used:      172M (67%)         176M (69%)         128M (50%)          54M (21%)         194M (76%)          54M (21%)    
[2026-06-18T16:36:58.780+0800][17.824s][info][gc,heap     ] GC(169)      Live:         -                31M (12%)          31M (12%)          31M (12%)            -                  -          
[2026-06-18T16:36:58.781+0800][17.825s][info][gc,heap     ] GC(169) Allocated:         -                 4M (2%)           36M (14%)          52M (20%)            -                  -          
[2026-06-18T16:36:58.781+0800][17.825s][info][gc,heap     ] GC(169)   Garbage:         -               140M (55%)          60M (23%)    17592186044398M (6         -                  -          
[2026-06-18T16:36:58.781+0800][17.825s][info][gc,heap     ] GC(169) Reclaimed:         -                  -                80M (31%)         158M (62%)            -                  -          
[2026-06-18T16:36:58.781+0800][17.826s][info][gc          ] GC(169) Garbage Collection (Allocation Rate) 172M(67%)->54M(21%)
[2026-06-18T16:36:58.818+0800][17.863s][info][gc,start    ] GC(170) Garbage Collection (Allocation Rate)
[2026-06-18T16:36:58.821+0800][17.866s][info][gc,phases   ] GC(170) Pause Mark Start 0.327ms
[2026-06-18T16:36:58.835+0800][17.879s][info][gc,phases   ] GC(170) Concurrent Mark 1.675ms
[2026-06-18T16:36:58.843+0800][17.887s][info][gc,phases   ] GC(170) Pause Mark End 0.628ms
[2026-06-18T16:36:58.846+0800][17.890s][info][gc,phases   ] GC(170) Concurrent Process Non-Strong References 0.256ms
[2026-06-18T16:36:58.848+0800][17.892s][info][gc,phases   ] GC(170) Concurrent Reset Relocation Set 0.007ms
[2026-06-18T16:36:58.852+0800][17.896s][info][gc,phases   ] GC(170) Concurrent Destroy Detached Pages 0.016ms
[2026-06-18T16:36:58.856+0800][17.900s][info][gc,phases   ] GC(170) Concurrent Select Relocation Set 1.346ms
[2026-06-18T16:36:58.859+0800][17.903s][info][gc,phases   ] GC(170) Concurrent Prepare Relocation Set 0.005ms
[2026-06-18T16:36:58.863+0800][17.907s][info][gc,phases   ] GC(170) Pause Relocate Start 0.213ms
[2026-06-18T16:36:58.866+0800][17.911s][info][gc,phases   ] GC(170) Concurrent Relocate 0.282ms
[2026-06-18T16:36:58.870+0800][17.914s][info][gc,load     ] GC(170) Load: 0.85/0.43/0.26
[2026-06-18T16:36:58.876+0800][17.920s][info][gc,mmu      ] GC(170) MMU: 2ms/39.9%, 5ms/76.0%, 10ms/85.1%, 20ms/91.7%, 50ms/96.5%, 100ms/97.5%
[2026-06-18T16:36:58.879+0800][17.924s][info][gc,marking  ] GC(170) Mark: 2 stripe(s), 2 proactive flush(es), 1 terminate flush(es), 0 completion(s), 0 continuation(s) 
[2026-06-18T16:36:58.885+0800][17.929s][info][gc,reloc    ] GC(170) Relocation: Successful, 27M relocated
[2026-06-18T16:36:58.888+0800][17.933s][info][gc,nmethod  ] GC(170) NMethods: 23 registered, 0 unregistered
[2026-06-18T16:36:58.889+0800][17.934s][info][gc,metaspace] GC(170) Metaspace: 3M used, 4M capacity, 4M committed, 8M reserved
[2026-06-18T16:36:58.890+0800][17.934s][info][gc,ref      ] GC(170) Soft: 43 encountered, 0 discovered, 0 enqueued
[2026-06-18T16:36:58.891+0800][17.935s][info][gc,ref      ] GC(170) Weak: 7 encountered, 2 discovered, 0 enqueued
[2026-06-18T16:36:58.892+0800][17.937s][info][gc,ref      ] GC(170) Final: 0 encountered, 0 discovered, 0 enqueued
[2026-06-18T16:36:58.893+0800][17.938s][info][gc,ref      ] GC(170) Phantom: 1 encountered, 1 discovered, 0 enqueued
[2026-06-18T16:36:58.894+0800][17.938s][info][gc,heap     ] GC(170)                Mark Start          Mark End        Relocate Start      Relocate End           High               Low         
[2026-06-18T16:36:58.895+0800][17.939s][info][gc,heap     ] GC(170)  Capacity:      256M (100%)        256M (100%)        256M (100%)        256M (100%)        256M (100%)        256M (100%)   
[2026-06-18T16:36:58.896+0800][17.940s][info][gc,heap     ] GC(170)   Reserve:       62M (24%)          62M (24%)          62M (24%)          62M (24%)          62M (24%)          62M (24%)    
[2026-06-18T16:36:58.897+0800][17.941s][info][gc,heap     ] GC(170)      Free:      120M (47%)         116M (45%)          96M (38%)         108M (42%)         134M (52%)          90M (35%)    
[2026-06-18T16:36:58.897+0800][17.942s][info][gc,heap     ] GC(170)      Used:       74M (29%)          78M (30%)          98M (38%)          86M (34%)         104M (41%)          60M (23%)    
[2026-06-18T16:36:58.898+0800][17.942s][info][gc,heap     ] GC(170)      Live:         -                27M (11%)          27M (11%)          27M (11%)            -                  -          
[2026-06-18T16:36:58.898+0800][17.943s][info][gc,heap     ] GC(170) Allocated:         -                 4M (2%)           46M (18%)          52M (20%)            -                  -          
[2026-06-18T16:36:58.899+0800][17.943s][info][gc,heap     ] GC(170)   Garbage:         -                46M (18%)          24M (10%)          12M (5%)             -                  -          
[2026-06-18T16:36:58.899+0800][17.944s][info][gc,heap     ] GC(170) Reclaimed:         -                  -                22M (9%)           34M (13%)            -                  -          
[2026-06-18T16:36:58.900+0800][17.944s][info][gc          ] GC(170) Garbage Collection (Allocation Rate) 74M(29%)->86M(34%)
[2026-06-18T16:36:58.918+0800][17.963s][info][gc,start    ] GC(171) Garbage Collection (Allocation Rate)
[2026-06-18T16:36:58.921+0800][17.966s][info][gc,phases   ] GC(171) Pause Mark Start 0.408ms
[2026-06-18T16:36:58.926+0800][17.970s][info][gc,phases   ] GC(171) Concurrent Mark 1.732ms
[2026-06-18T16:36:58.932+0800][17.977s][info][gc,phases   ] GC(171) Pause Mark End 0.262ms
[2026-06-18T16:36:58.940+0800][17.984s][info][gc,phases   ] GC(171) Concurrent Process Non-Strong References 0.477ms
[2026-06-18T16:36:58.950+0800][17.994s][info][gc,phases   ] GC(171) Concurrent Reset Relocation Set 0.005ms
[2026-06-18T16:36:58.959+0800][18.003s][info][gc,phases   ] GC(171) Concurrent Destroy Detached Pages 0.001ms
[2026-06-18T16:36:58.961+0800][18.005s][info][gc,phases   ] GC(171) Concurrent Select Relocation Set 1.370ms
[2026-06-18T16:36:58.970+0800][18.014s][info][gc,phases   ] GC(171) Concurrent Prepare Relocation Set 0.013ms
[2026-06-18T16:36:58.978+0800][18.022s][info][gc,phases   ] GC(171) Pause Relocate Start 0.155ms
[2026-06-18T16:36:58.982+0800][18.026s][info][gc,phases   ] GC(171) Concurrent Relocate 1.081ms
[2026-06-18T16:36:58.984+0800][18.028s][info][gc,load     ] GC(171) Load: 0.85/0.43/0.26
[2026-06-18T16:36:58.987+0800][18.031s][info][gc,mmu      ] GC(171) MMU: 2ms/39.9%, 5ms/76.0%, 10ms/85.1%, 20ms/91.7%, 50ms/96.5%, 100ms/97.5%
[2026-06-18T16:36:58.988+0800][18.032s][info][gc,marking  ] GC(171) Mark: 2 stripe(s), 1 proactive flush(es), 1 terminate flush(es), 0 completion(s), 0 continuation(s) 
[2026-06-18T16:36:58.990+0800][18.035s][info][gc,reloc    ] GC(171) Relocation: Successful, 17M relocated
[2026-06-18T16:36:58.996+0800][18.040s][info][gc,nmethod  ] GC(171) NMethods: 23 registered, 0 unregistered
[2026-06-18T16:36:58.998+0800][18.043s][info][gc,metaspace] GC(171) Metaspace: 3M used, 4M capacity, 4M committed, 8M reserved
[2026-06-18T16:36:59.004+0800][18.048s][info][gc,ref      ] GC(171) Soft: 43 encountered, 0 discovered, 0 enqueued
[2026-06-18T16:36:59.005+0800][18.049s][info][gc,ref      ] GC(171) Weak: 7 encountered, 2 discovered, 0 enqueued
[2026-06-18T16:36:59.005+0800][18.050s][info][gc,ref      ] GC(171) Final: 0 encountered, 0 discovered, 0 enqueued
[2026-06-18T16:36:59.006+0800][18.050s][info][gc,ref      ] GC(171) Phantom: 1 encountered, 1 discovered, 0 enqueued
[2026-06-18T16:36:59.007+0800][18.051s][info][gc,heap     ] GC(171)                Mark Start          Mark End        Relocate Start      Relocate End           High               Low         
[2026-06-18T16:36:59.008+0800][18.052s][info][gc,heap     ] GC(171)  Capacity:      256M (100%)        256M (100%)        256M (100%)        256M (100%)        256M (100%)        256M (100%)   
[2026-06-18T16:36:59.009+0800][18.053s][info][gc,heap     ] GC(171)   Reserve:       62M (24%)          62M (24%)          62M (24%)          62M (24%)          62M (24%)          62M (24%)    
[2026-06-18T16:36:59.009+0800][18.054s][info][gc,heap     ] GC(171)      Free:       86M (34%)          82M (32%)          60M (23%)         130M (51%)         130M (51%)          42M (16%)    
[2026-06-18T16:36:59.010+0800][18.054s][info][gc,heap     ] GC(171)      Used:      108M (42%)         112M (44%)         134M (52%)          64M (25%)         152M (59%)          64M (25%)    
[2026-06-18T16:36:59.011+0800][18.055s][info][gc,heap     ] GC(171)      Live:         -                19M (8%)           19M (8%)           19M (8%)             -                  -          
[2026-06-18T16:36:59.011+0800][18.056s][info][gc,heap     ] GC(171) Allocated:         -                 4M (2%)           52M (20%)          58M (23%)            -                  -          
[2026-06-18T16:36:59.012+0800][18.056s][info][gc,heap     ] GC(171)   Garbage:         -                88M (35%)          62M (24%)    17592186044408M (6         -                  -          
[2026-06-18T16:36:59.013+0800][18.057s][info][gc,heap     ] GC(171) Reclaimed:         -                  -                26M (10%)          96M (38%)            -                  -          
[2026-06-18T16:36:59.014+0800][18.058s][info][gc          ] GC(171) Garbage Collection (Allocation Rate) 108M(42%)->64M(25%)
[2026-06-18T16:36:59.018+0800][18.063s][info][gc,start    ] GC(172) Garbage Collection (Allocation Rate)
[2026-06-18T16:36:59.020+0800][18.064s][info][gc,phases   ] GC(172) Pause Mark Start 0.342ms
[2026-06-18T16:36:59.023+0800][18.067s][info][gc,phases   ] GC(172) Concurrent Mark 1.749ms
[2026-06-18T16:36:59.024+0800][18.069s][info][gc,phases   ] GC(172) Pause Mark End 0.541ms
[2026-06-18T16:36:59.025+0800][18.070s][info][gc,phases   ] GC(172) Concurrent Process Non-Strong References 0.197ms
[2026-06-18T16:36:59.026+0800][18.070s][info][gc,phases   ] GC(172) Concurrent Reset Relocation Set 0.003ms
[2026-06-18T16:36:59.027+0800][18.071s][info][gc,phases   ] GC(172) Concurrent Destroy Detached Pages 0.002ms
[2026-06-18T16:36:59.028+0800][18.072s][info][gc,phases   ] GC(172) Concurrent Select Relocation Set 0.895ms
[2026-06-18T16:36:59.029+0800][18.073s][info][gc,phases   ] GC(172) Concurrent Prepare Relocation Set 0.008ms
[2026-06-18T16:36:59.030+0800][18.074s][info][gc,phases   ] GC(172) Pause Relocate Start 0.203ms
[2026-06-18T16:36:59.031+0800][18.075s][info][gc,phases   ] GC(172) Concurrent Relocate 0.628ms
[2026-06-18T16:36:59.032+0800][18.076s][info][gc,load     ] GC(172) Load: 0.85/0.43/0.26
[2026-06-18T16:36:59.032+0800][18.076s][info][gc,mmu      ] GC(172) MMU: 2ms/39.9%, 5ms/76.0%, 10ms/85.1%, 20ms/91.7%, 50ms/96.5%, 100ms/97.5%
[2026-06-18T16:36:59.033+0800][18.077s][info][gc,marking  ] GC(172) Mark: 2 stripe(s), 1 proactive flush(es), 1 terminate flush(es), 0 completion(s), 0 continuation(s) 
[2026-06-18T16:36:59.033+0800][18.077s][info][gc,reloc    ] GC(172) Relocation: Successful, 23M relocated
[2026-06-18T16:36:59.033+0800][18.078s][info][gc,nmethod  ] GC(172) NMethods: 23 registered, 0 unregistered
[2026-06-18T16:36:59.034+0800][18.078s][info][gc,metaspace] GC(172) Metaspace: 3M used, 4M capacity, 4M committed, 8M reserved
[2026-06-18T16:36:59.034+0800][18.078s][info][gc,ref      ] GC(172) Soft: 43 encountered, 0 discovered, 0 enqueued
[2026-06-18T16:36:59.035+0800][18.079s][info][gc,ref      ] GC(172) Weak: 7 encountered, 2 discovered, 0 enqueued
[2026-06-18T16:36:59.035+0800][18.079s][info][gc,ref      ] GC(172) Final: 0 encountered, 0 discovered, 0 enqueued
[2026-06-18T16:36:59.035+0800][18.079s][info][gc,ref      ] GC(172) Phantom: 1 encountered, 1 discovered, 0 enqueued
[2026-06-18T16:36:59.036+0800][18.080s][info][gc,heap     ] GC(172)                Mark Start          Mark End        Relocate Start      Relocate End           High               Low         
[2026-06-18T16:36:59.036+0800][18.080s][info][gc,heap     ] GC(172)  Capacity:      256M (100%)        256M (100%)        256M (100%)        256M (100%)        256M (100%)        256M (100%)   
[2026-06-18T16:36:59.036+0800][18.081s][info][gc,heap     ] GC(172)   Reserve:       62M (24%)          62M (24%)          62M (24%)          62M (24%)          62M (24%)          62M (24%)    
[2026-06-18T16:36:59.037+0800][18.081s][info][gc,heap     ] GC(172)      Free:      116M (45%)         116M (45%)         140M (55%)         150M (59%)         150M (59%)         112M (44%)    
[2026-06-18T16:36:59.037+0800][18.081s][info][gc,heap     ] GC(172)      Used:       78M (30%)          78M (30%)          54M (21%)          44M (17%)          82M (32%)          44M (17%)    
[2026-06-18T16:36:59.037+0800][18.081s][info][gc,heap     ] GC(172)      Live:         -                25M (10%)          25M (10%)          25M (10%)            -                  -          
[2026-06-18T16:36:59.037+0800][18.082s][info][gc,heap     ] GC(172) Allocated:         -                 0M (0%)            4M (2%)           10M (4%)             -                  -          
[2026-06-18T16:36:59.038+0800][18.082s][info][gc,heap     ] GC(172)   Garbage:         -                52M (21%)          24M (10%)          14M (6%)             -                  -          
[2026-06-18T16:36:59.038+0800][18.082s][info][gc,heap     ] GC(172) Reclaimed:         -                  -                28M (11%)          38M (15%)            -                  -          
[2026-06-18T16:36:59.038+0800][18.082s][info][gc          ] GC(172) Garbage Collection (Allocation Rate) 78M(30%)->44M(17%)
[2026-06-18T16:36:59.119+0800][18.163s][info][gc,start    ] GC(173) Garbage Collection (Allocation Rate)
[2026-06-18T16:36:59.122+0800][18.166s][info][gc,phases   ] GC(173) Pause Mark Start 0.431ms
[2026-06-18T16:36:59.127+0800][18.171s][info][gc,phases   ] GC(173) Concurrent Mark 2.173ms
[2026-06-18T16:36:59.130+0800][18.174s][info][gc,phases   ] GC(173) Pause Mark End 0.544ms
[2026-06-18T16:36:59.131+0800][18.175s][info][gc,phases   ] GC(173) Concurrent Process Non-Strong References 0.154ms
[2026-06-18T16:36:59.132+0800][18.177s][info][gc,phases   ] GC(173) Concurrent Reset Relocation Set 0.004ms
[2026-06-18T16:36:59.133+0800][18.177s][info][gc,phases   ] GC(173) Concurrent Destroy Detached Pages 0.001ms
[2026-06-18T16:36:59.134+0800][18.179s][info][gc,phases   ] GC(173) Concurrent Select Relocation Set 0.805ms
[2026-06-18T16:36:59.135+0800][18.179s][info][gc,phases   ] GC(173) Concurrent Prepare Relocation Set 0.004ms
[2026-06-18T16:36:59.136+0800][18.180s][info][gc,phases   ] GC(173) Pause Relocate Start 0.168ms
[2026-06-18T16:36:59.138+0800][18.182s][info][gc,phases   ] GC(173) Concurrent Relocate 1.569ms
[2026-06-18T16:36:59.139+0800][18.183s][info][gc,load     ] GC(173) Load: 0.85/0.43/0.26
[2026-06-18T16:36:59.139+0800][18.183s][info][gc,mmu      ] GC(173) MMU: 2ms/39.9%, 5ms/76.0%, 10ms/85.1%, 20ms/91.7%, 50ms/96.5%, 100ms/97.5%
[2026-06-18T16:36:59.140+0800][18.184s][info][gc,marking  ] GC(173) Mark: 2 stripe(s), 2 proactive flush(es), 1 terminate flush(es), 0 completion(s), 0 continuation(s) 
[2026-06-18T16:36:59.140+0800][18.184s][info][gc,reloc    ] GC(173) Relocation: Successful, 22M relocated
[2026-06-18T16:36:59.140+0800][18.185s][info][gc,nmethod  ] GC(173) NMethods: 23 registered, 0 unregistered
[2026-06-18T16:36:59.141+0800][18.185s][info][gc,metaspace] GC(173) Metaspace: 3M used, 4M capacity, 4M committed, 8M reserved
[2026-06-18T16:36:59.141+0800][18.185s][info][gc,ref      ] GC(173) Soft: 43 encountered, 0 discovered, 0 enqueued
[2026-06-18T16:36:59.141+0800][18.186s][info][gc,ref      ] GC(173) Weak: 7 encountered, 0 discovered, 0 enqueued
[2026-06-18T16:36:59.142+0800][18.186s][info][gc,ref      ] GC(173) Final: 0 encountered, 0 discovered, 0 enqueued
[2026-06-18T16:36:59.142+0800][18.186s][info][gc,ref      ] GC(173) Phantom: 1 encountered, 0 discovered, 0 enqueued
[2026-06-18T16:36:59.142+0800][18.186s][info][gc,heap     ] GC(173)                Mark Start          Mark End        Relocate Start      Relocate End           High               Low         
[2026-06-18T16:36:59.142+0800][18.186s][info][gc,heap     ] GC(173)  Capacity:      256M (100%)        256M (100%)        256M (100%)        256M (100%)        256M (100%)        256M (100%)   
[2026-06-18T16:36:59.142+0800][18.186s][info][gc,heap     ] GC(173)   Reserve:       62M (24%)          62M (24%)          62M (24%)          62M (24%)          62M (24%)          62M (24%)    
[2026-06-18T16:36:59.142+0800][18.187s][info][gc,heap     ] GC(173)      Free:       86M (34%)          84M (33%)         106M (41%)         144M (56%)         144M (56%)          70M (27%)    
[2026-06-18T16:36:59.143+0800][18.187s][info][gc,heap     ] GC(173)      Used:      108M (42%)         110M (43%)          88M (34%)          50M (20%)         124M (48%)          50M (20%)    
[2026-06-18T16:36:59.143+0800][18.187s][info][gc,heap     ] GC(173)      Live:         -                25M (10%)          25M (10%)          25M (10%)            -                  -          
[2026-06-18T16:36:59.143+0800][18.187s][info][gc,heap     ] GC(173) Allocated:         -                 2M (1%)            6M (2%)           46M (18%)            -                  -          
[2026-06-18T16:36:59.143+0800][18.187s][info][gc,heap     ] GC(173)   Garbage:         -                82M (32%)          56M (22%)          18M (7%)             -                  -          
[2026-06-18T16:36:59.143+0800][18.188s][info][gc,heap     ] GC(173) Reclaimed:         -                  -                26M (10%)          64M (25%)            -                  -          
[2026-06-18T16:36:59.144+0800][18.188s][info][gc          ] GC(173) Garbage Collection (Allocation Rate) 108M(42%)->50M(20%)
[2026-06-18T16:36:59.218+0800][18.262s][info][gc,start    ] GC(174) Garbage Collection (Allocation Rate)
[2026-06-18T16:36:59.224+0800][18.268s][info][gc,phases   ] GC(174) Pause Mark Start 0.513ms
[2026-06-18T16:36:59.229+0800][18.274s][info][gc,phases   ] GC(174) Concurrent Mark 1.904ms
[2026-06-18T16:36:59.235+0800][18.279s][info][gc,phases   ] GC(174) Pause Mark End 0.586ms
[2026-06-18T16:36:59.238+0800][18.282s][info][gc,phases   ] GC(174) Concurrent Process Non-Strong References 0.122ms
[2026-06-18T16:36:59.240+0800][18.284s][info][gc,phases   ] GC(174) Concurrent Reset Relocation Set 0.003ms
[2026-06-18T16:36:59.242+0800][18.287s][info][gc,phases   ] GC(174) Concurrent Destroy Detached Pages 0.001ms
[2026-06-18T16:36:59.244+0800][18.288s][info][gc,phases   ] GC(174) Concurrent Select Relocation Set 0.912ms
[2026-06-18T16:36:59.245+0800][18.289s][info][gc,phases   ] GC(174) Concurrent Prepare Relocation Set 0.003ms
[2026-06-18T16:36:59.246+0800][18.290s][info][gc,phases   ] GC(174) Pause Relocate Start 0.175ms
[2026-06-18T16:36:59.247+0800][18.291s][info][gc,phases   ] GC(174) Concurrent Relocate 0.158ms
[2026-06-18T16:36:59.247+0800][18.291s][info][gc,load     ] GC(174) Load: 0.85/0.43/0.26
[2026-06-18T16:36:59.248+0800][18.292s][info][gc,mmu      ] GC(174) MMU: 2ms/39.9%, 5ms/76.0%, 10ms/85.1%, 20ms/91.7%, 50ms/96.5%, 100ms/97.5%
[2026-06-18T16:36:59.248+0800][18.292s][info][gc,marking  ] GC(174) Mark: 2 stripe(s), 1 proactive flush(es), 1 terminate flush(es), 0 completion(s), 0 continuation(s) 
[2026-06-18T16:36:59.249+0800][18.293s][info][gc,reloc    ] GC(174) Relocation: Successful, 24M relocated
[2026-06-18T16:36:59.249+0800][18.293s][info][gc,nmethod  ] GC(174) NMethods: 23 registered, 0 unregistered
[2026-06-18T16:36:59.249+0800][18.293s][info][gc,metaspace] GC(174) Metaspace: 3M used, 4M capacity, 4M committed, 8M reserved
[2026-06-18T16:36:59.249+0800][18.294s][info][gc,ref      ] GC(174) Soft: 43 encountered, 0 discovered, 0 enqueued
[2026-06-18T16:36:59.250+0800][18.294s][info][gc,ref      ] GC(174) Weak: 7 encountered, 2 discovered, 0 enqueued
[2026-06-18T16:36:59.250+0800][18.294s][info][gc,ref      ] GC(174) Final: 0 encountered, 0 discovered, 0 enqueued
[2026-06-18T16:36:59.250+0800][18.294s][info][gc,ref      ] GC(174) Phantom: 1 encountered, 1 discovered, 0 enqueued
[2026-06-18T16:36:59.252+0800][18.296s][info][gc,heap     ] GC(174)                Mark Start          Mark End        Relocate Start      Relocate End           High               Low         
[2026-06-18T16:36:59.252+0800][18.297s][info][gc,heap     ] GC(174)  Capacity:      256M (100%)        256M (100%)        256M (100%)        256M (100%)        256M (100%)        256M (100%)   
[2026-06-18T16:36:59.253+0800][18.297s][info][gc,heap     ] GC(174)   Reserve:       62M (24%)          62M (24%)          62M (24%)          62M (24%)          62M (24%)          62M (24%)    
[2026-06-18T16:36:59.253+0800][18.297s][info][gc,heap     ] GC(174)      Free:      112M (44%)          76M (30%)         104M (41%)         108M (42%)         112M (44%)          72M (28%)    
[2026-06-18T16:36:59.253+0800][18.298s][info][gc,heap     ] GC(174)      Used:       82M (32%)         118M (46%)          90M (35%)          86M (34%)         122M (48%)          82M (32%)    
[2026-06-18T16:36:59.254+0800][18.298s][info][gc,heap     ] GC(174)      Live:         -                27M (11%)          27M (11%)          27M (11%)            -                  -          
[2026-06-18T16:36:59.254+0800][18.298s][info][gc,heap     ] GC(174) Allocated:         -                36M (14%)          40M (16%)          46M (18%)            -                  -          
[2026-06-18T16:36:59.254+0800][18.298s][info][gc,heap     ] GC(174)   Garbage:         -                54M (21%)          22M (9%)           18M (7%)             -                  -          
[2026-06-18T16:36:59.254+0800][18.299s][info][gc,heap     ] GC(174) Reclaimed:         -                  -                32M (12%)          36M (14%)            -                  -          
[2026-06-18T16:36:59.255+0800][18.299s][info][gc          ] GC(174) Garbage Collection (Allocation Rate) 82M(32%)->86M(34%)
[2026-06-18T16:36:59.318+0800][18.363s][info][gc,start    ] GC(175) Garbage Collection (Allocation Rate)
[2026-06-18T16:36:59.322+0800][18.366s][info][gc,phases   ] GC(175) Pause Mark Start 0.553ms
[2026-06-18T16:36:59.325+0800][18.369s][info][gc,phases   ] GC(175) Concurrent Mark 2.072ms
[2026-06-18T16:36:59.328+0800][18.372s][info][gc,phases   ] GC(175) Pause Mark End 0.774ms
[2026-06-18T16:36:59.329+0800][18.373s][info][gc,phases   ] GC(175) Concurrent Process Non-Strong References 0.156ms
[2026-06-18T16:36:59.330+0800][18.374s][info][gc,phases   ] GC(175) Concurrent Reset Relocation Set 0.003ms
[2026-06-18T16:36:59.330+0800][18.374s][info][gc,phases   ] GC(175) Concurrent Destroy Detached Pages 0.001ms
[2026-06-18T16:36:59.332+0800][18.376s][info][gc,phases   ] GC(175) Concurrent Select Relocation Set 1.030ms
[2026-06-18T16:36:59.333+0800][18.377s][info][gc,phases   ] GC(175) Concurrent Prepare Relocation Set 0.011ms
[2026-06-18T16:36:59.333+0800][18.378s][info][gc,phases   ] GC(175) Pause Relocate Start 0.180ms
[2026-06-18T16:36:59.335+0800][18.380s][info][gc,phases   ] GC(175) Concurrent Relocate 1.536ms
[2026-06-18T16:36:59.336+0800][18.380s][info][gc,load     ] GC(175) Load: 0.85/0.43/0.26
[2026-06-18T16:36:59.337+0800][18.381s][info][gc,mmu      ] GC(175) MMU: 2ms/39.9%, 5ms/76.0%, 10ms/85.1%, 20ms/91.7%, 50ms/96.5%, 100ms/97.5%
[2026-06-18T16:36:59.337+0800][18.381s][info][gc,marking  ] GC(175) Mark: 2 stripe(s), 1 proactive flush(es), 1 terminate flush(es), 0 completion(s), 0 continuation(s) 
[2026-06-18T16:36:59.337+0800][18.381s][info][gc,reloc    ] GC(175) Relocation: Successful, 24M relocated
[2026-06-18T16:36:59.338+0800][18.382s][info][gc,nmethod  ] GC(175) NMethods: 23 registered, 0 unregistered
[2026-06-18T16:36:59.338+0800][18.382s][info][gc,metaspace] GC(175) Metaspace: 3M used, 4M capacity, 4M committed, 8M reserved
[2026-06-18T16:36:59.338+0800][18.383s][info][gc,ref      ] GC(175) Soft: 43 encountered, 0 discovered, 0 enqueued
[2026-06-18T16:36:59.339+0800][18.383s][info][gc,ref      ] GC(175) Weak: 7 encountered, 2 discovered, 0 enqueued
[2026-06-18T16:36:59.339+0800][18.383s][info][gc,ref      ] GC(175) Final: 0 encountered, 0 discovered, 0 enqueued
[2026-06-18T16:36:59.339+0800][18.383s][info][gc,ref      ] GC(175) Phantom: 1 encountered, 1 discovered, 0 enqueued
[2026-06-18T16:36:59.339+0800][18.383s][info][gc,heap     ] GC(175)                Mark Start          Mark End        Relocate Start      Relocate End           High               Low         
[2026-06-18T16:36:59.339+0800][18.384s][info][gc,heap     ] GC(175)  Capacity:      256M (100%)        256M (100%)        256M (100%)        256M (100%)        256M (100%)        256M (100%)   
[2026-06-18T16:36:59.340+0800][18.384s][info][gc,heap     ] GC(175)   Reserve:       62M (24%)          62M (24%)          62M (24%)          62M (24%)          62M (24%)          62M (24%)    
[2026-06-18T16:36:59.340+0800][18.384s][info][gc,heap     ] GC(175)      Free:       80M (31%)          76M (30%)         106M (41%)         146M (57%)         146M (57%)          68M (27%)    
[2026-06-18T16:36:59.340+0800][18.384s][info][gc,heap     ] GC(175)      Used:      114M (45%)         118M (46%)          88M (34%)          48M (19%)         126M (49%)          48M (19%)    
[2026-06-18T16:36:59.340+0800][18.384s][info][gc,heap     ] GC(175)      Live:         -                24M (10%)          24M (10%)          24M (10%)            -                  -          
[2026-06-18T16:36:59.340+0800][18.385s][info][gc,heap     ] GC(175) Allocated:         -                 4M (2%)            4M (2%)           44M (17%)            -                  -          
[2026-06-18T16:36:59.341+0800][18.385s][info][gc,heap     ] GC(175)   Garbage:         -                89M (35%)          59M (23%)          19M (8%)             -                  -          
[2026-06-18T16:36:59.341+0800][18.385s][info][gc,heap     ] GC(175) Reclaimed:         -                  -                30M (12%)          70M (27%)            -                  -          
[2026-06-18T16:36:59.341+0800][18.385s][info][gc          ] GC(175) Garbage Collection (Allocation Rate) 114M(45%)->48M(19%)
[2026-06-18T16:36:59.418+0800][18.463s][info][gc,start    ] GC(176) Garbage Collection (Allocation Rate)
[2026-06-18T16:36:59.420+0800][18.464s][info][gc,phases   ] GC(176) Pause Mark Start 0.252ms
[2026-06-18T16:36:59.422+0800][18.467s][info][gc,phases   ] GC(176) Concurrent Mark 1.652ms
[2026-06-18T16:36:59.424+0800][18.468s][info][gc,phases   ] GC(176) Pause Mark End 0.418ms
[2026-06-18T16:36:59.425+0800][18.469s][info][gc,phases   ] GC(176) Concurrent Process Non-Strong References 0.192ms
[2026-06-18T16:36:59.425+0800][18.470s][info][gc,phases   ] GC(176) Concurrent Reset Relocation Set 0.003ms
[2026-06-18T16:36:59.426+0800][18.470s][info][gc,phases   ] GC(176) Concurrent Destroy Detached Pages 0.001ms
[2026-06-18T16:36:59.427+0800][18.471s][info][gc,phases   ] GC(176) Concurrent Select Relocation Set 0.689ms
[2026-06-18T16:36:59.428+0800][18.472s][info][gc,phases   ] GC(176) Concurrent Prepare Relocation Set 0.006ms
[2026-06-18T16:36:59.429+0800][18.473s][info][gc,phases   ] GC(176) Pause Relocate Start 0.167ms
[2026-06-18T16:36:59.430+0800][18.474s][info][gc,phases   ] GC(176) Concurrent Relocate 0.536ms
[2026-06-18T16:36:59.431+0800][18.475s][info][gc,load     ] GC(176) Load: 0.78/0.42/0.26
[2026-06-18T16:36:59.431+0800][18.476s][info][gc,mmu      ] GC(176) MMU: 2ms/39.9%, 5ms/76.0%, 10ms/85.1%, 20ms/91.7%, 50ms/96.5%, 100ms/97.5%
[2026-06-18T16:36:59.432+0800][18.476s][info][gc,marking  ] GC(176) Mark: 2 stripe(s), 2 proactive flush(es), 1 terminate flush(es), 0 completion(s), 0 continuation(s) 
[2026-06-18T16:36:59.432+0800][18.476s][info][gc,reloc    ] GC(176) Relocation: Successful, 25M relocated
[2026-06-18T16:36:59.433+0800][18.477s][info][gc,nmethod  ] GC(176) NMethods: 23 registered, 0 unregistered
[2026-06-18T16:36:59.433+0800][18.477s][info][gc,metaspace] GC(176) Metaspace: 3M used, 4M capacity, 4M committed, 8M reserved
[2026-06-18T16:36:59.433+0800][18.478s][info][gc,ref      ] GC(176) Soft: 43 encountered, 0 discovered, 0 enqueued
[2026-06-18T16:36:59.434+0800][18.478s][info][gc,ref      ] GC(176) Weak: 7 encountered, 0 discovered, 0 enqueued
[2026-06-18T16:36:59.434+0800][18.478s][info][gc,ref      ] GC(176) Final: 0 encountered, 0 discovered, 0 enqueued
[2026-06-18T16:36:59.434+0800][18.478s][info][gc,ref      ] GC(176) Phantom: 1 encountered, 1 discovered, 0 enqueued
[2026-06-18T16:36:59.434+0800][18.479s][info][gc,heap     ] GC(176)                Mark Start          Mark End        Relocate Start      Relocate End           High               Low         
[2026-06-18T16:36:59.435+0800][18.479s][info][gc,heap     ] GC(176)  Capacity:      256M (100%)        256M (100%)        256M (100%)        256M (100%)        256M (100%)        256M (100%)   
[2026-06-18T16:36:59.435+0800][18.479s][info][gc,heap     ] GC(176)   Reserve:       62M (24%)          62M (24%)          62M (24%)          62M (24%)          62M (24%)          62M (24%)    
[2026-06-18T16:36:59.435+0800][18.479s][info][gc,heap     ] GC(176)      Free:      112M (44%)         110M (43%)         142M (55%)         150M (59%)         150M (59%)         110M (43%)    
[2026-06-18T16:36:59.436+0800][18.480s][info][gc,heap     ] GC(176)      Used:       82M (32%)          84M (33%)          52M (20%)          44M (17%)          84M (33%)          44M (17%)    
[2026-06-18T16:36:59.436+0800][18.480s][info][gc,heap     ] GC(176)      Live:         -                25M (10%)          25M (10%)          25M (10%)            -                  -          
[2026-06-18T16:36:59.436+0800][18.480s][info][gc,heap     ] GC(176) Allocated:         -                 2M (1%)            2M (1%)            8M (3%)             -                  -          
[2026-06-18T16:36:59.436+0800][18.481s][info][gc,heap     ] GC(176)   Garbage:         -                56M (22%)          24M (10%)          16M (6%)             -                  -          
[2026-06-18T16:36:59.437+0800][18.481s][info][gc,heap     ] GC(176) Reclaimed:         -                  -                32M (12%)          40M (16%)            -                  -          
[2026-06-18T16:36:59.437+0800][18.481s][info][gc          ] GC(176) Garbage Collection (Allocation Rate) 82M(32%)->44M(17%)
[2026-06-18T16:37:00.914+0800][18.563s][info][gc,start    ] GC(177) Garbage Collection (Allocation Rate)
[2026-06-18T16:37:00.917+0800][18.566s][info][gc,phases   ] GC(177) Pause Mark Start 0.413ms
[2026-06-18T16:37:00.921+0800][18.570s][info][gc,phases   ] GC(177) Concurrent Mark 2.468ms
[2026-06-18T16:37:00.923+0800][18.572s][info][gc,phases   ] GC(177) Pause Mark End 0.422ms
[2026-06-18T16:37:00.924+0800][18.573s][info][gc,phases   ] GC(177) Concurrent Process Non-Strong References 0.184ms
[2026-06-18T16:37:00.925+0800][18.574s][info][gc,phases   ] GC(177) Concurrent Reset Relocation Set 0.003ms
[2026-06-18T16:37:00.926+0800][18.575s][info][gc,phases   ] GC(177) Concurrent Destroy Detached Pages 0.001ms
[2026-06-18T16:37:00.927+0800][18.576s][info][gc,phases   ] GC(177) Concurrent Select Relocation Set 0.710ms
[2026-06-18T16:37:00.927+0800][18.576s][info][gc,phases   ] GC(177) Concurrent Prepare Relocation Set 0.002ms
[2026-06-18T16:37:00.928+0800][18.577s][info][gc,phases   ] GC(177) Pause Relocate Start 0.135ms
[2026-06-18T16:37:00.930+0800][18.579s][info][gc,phases   ] GC(177) Concurrent Relocate 1.764ms
[2026-06-18T16:37:00.931+0800][18.580s][info][gc,load     ] GC(177) Load: 0.78/0.42/0.26
[2026-06-18T16:37:00.931+0800][18.581s][info][gc,mmu      ] GC(177) MMU: 2ms/39.9%, 5ms/76.0%, 10ms/85.1%, 20ms/91.7%, 50ms/96.5%, 100ms/97.5%
[2026-06-18T16:37:00.932+0800][18.581s][info][gc,marking  ] GC(177) Mark: 2 stripe(s), 1 proactive flush(es), 1 terminate flush(es), 0 completion(s), 0 continuation(s) 
[2026-06-18T16:37:00.932+0800][18.581s][info][gc,reloc    ] GC(177) Relocation: Successful, 25M relocated
[2026-06-18T16:37:00.932+0800][18.582s][info][gc,nmethod  ] GC(177) NMethods: 23 registered, 0 unregistered
[2026-06-18T16:37:00.933+0800][18.582s][info][gc,metaspace] GC(177) Metaspace: 3M used, 4M capacity, 4M committed, 8M reserved
[2026-06-18T16:37:00.933+0800][18.582s][info][gc,ref      ] GC(177) Soft: 43 encountered, 0 discovered, 0 enqueued
[2026-06-18T16:37:00.933+0800][18.582s][info][gc,ref      ] GC(177) Weak: 7 encountered, 2 discovered, 0 enqueued
[2026-06-18T16:37:00.933+0800][18.583s][info][gc,ref      ] GC(177) Final: 0 encountered, 0 discovered, 0 enqueued
[2026-06-18T16:37:00.934+0800][18.583s][info][gc,ref      ] GC(177) Phantom: 1 encountered, 1 discovered, 0 enqueued
[2026-06-18T16:37:00.934+0800][18.583s][info][gc,heap     ] GC(177)                Mark Start          Mark End        Relocate Start      Relocate End           High               Low         
[2026-06-18T16:37:00.934+0800][18.583s][info][gc,heap     ] GC(177)  Capacity:      256M (100%)        256M (100%)        256M (100%)        256M (100%)        256M (100%)        256M (100%)   
[2026-06-18T16:37:00.935+0800][18.584s][info][gc,heap     ] GC(177)   Reserve:       62M (24%)          62M (24%)          62M (24%)          62M (24%)          62M (24%)          62M (24%)    
[2026-06-18T16:37:00.935+0800][18.584s][info][gc,heap     ] GC(177)      Free:       84M (33%)          46M (18%)          74M (29%)         142M (55%)         142M (55%)          46M (18%)    
[2026-06-18T16:37:00.935+0800][18.584s][info][gc,heap     ] GC(177)      Used:      110M (43%)         148M (58%)         120M (47%)          52M (20%)         148M (58%)          52M (20%)    
[2026-06-18T16:37:00.935+0800][18.585s][info][gc,heap     ] GC(177)      Live:         -                29M (11%)          29M (11%)          29M (11%)            -                  -          
[2026-06-18T16:37:00.935+0800][18.585s][info][gc,heap     ] GC(177) Allocated:         -                38M (15%)          38M (15%)          46M (18%)            -                  -          
[2026-06-18T16:37:00.936+0800][18.585s][info][gc,heap     ] GC(177)   Garbage:         -                80M (32%)          52M (21%)    17592186044400M (6         -                  -          
[2026-06-18T16:37:00.936+0800][18.585s][info][gc,heap     ] GC(177) Reclaimed:         -                  -                28M (11%)          96M (38%)            -                  -          
[2026-06-18T16:37:00.936+0800][18.585s][info][gc          ] GC(177) Garbage Collection (Allocation Rate) 110M(43%)->52M(20%)
[2026-06-18T16:37:01.014+0800][18.663s][info][gc,start    ] GC(178) Garbage Collection (Allocation Rate)
[2026-06-18T16:37:01.017+0800][18.667s][info][gc,phases   ] GC(178) Pause Mark Start 0.503ms
[2026-06-18T16:37:01.022+0800][18.671s][info][gc,phases   ] GC(178) Concurrent Mark 1.822ms
[2026-06-18T16:37:01.024+0800][18.674s][info][gc,phases   ] GC(178) Pause Mark End 0.796ms
[2026-06-18T16:37:01.026+0800][18.675s][info][gc,phases   ] GC(178) Concurrent Process Non-Strong References 0.145ms
[2026-06-18T16:37:01.027+0800][18.676s][info][gc,phases   ] GC(178) Concurrent Reset Relocation Set 0.003ms
[2026-06-18T16:37:01.028+0800][18.677s][info][gc,phases   ] GC(178) Concurrent Destroy Detached Pages 0.002ms
[2026-06-18T16:37:01.030+0800][18.679s][info][gc,phases   ] GC(178) Concurrent Select Relocation Set 1.298ms
[2026-06-18T16:37:01.031+0800][18.680s][info][gc,phases   ] GC(178) Concurrent Prepare Relocation Set 0.015ms
[2026-06-18T16:37:01.032+0800][18.681s][info][gc,phases   ] GC(178) Pause Relocate Start 0.319ms
[2026-06-18T16:37:01.034+0800][18.684s][info][gc,phases   ] GC(178) Concurrent Relocate 0.627ms
[2026-06-18T16:37:01.036+0800][18.685s][info][gc,load     ] GC(178) Load: 0.78/0.42/0.26
[2026-06-18T16:37:01.038+0800][18.687s][info][gc,mmu      ] GC(178) MMU: 2ms/39.9%, 5ms/76.0%, 10ms/85.1%, 20ms/91.7%, 50ms/96.5%, 100ms/97.5%
[2026-06-18T16:37:01.042+0800][18.691s][info][gc,marking  ] GC(178) Mark: 2 stripe(s), 2 proactive flush(es), 1 terminate flush(es), 0 completion(s), 0 continuation(s) 
[2026-06-18T16:37:01.046+0800][18.696s][info][gc,reloc    ] GC(178) Relocation: Successful, 25M relocated
[2026-06-18T16:37:01.049+0800][18.698s][info][gc,nmethod  ] GC(178) NMethods: 23 registered, 0 unregistered
[2026-06-18T16:37:01.051+0800][18.700s][info][gc,metaspace] GC(178) Metaspace: 3M used, 4M capacity, 4M committed, 8M reserved
[2026-06-18T16:37:01.054+0800][18.703s][info][gc,ref      ] GC(178) Soft: 43 encountered, 0 discovered, 0 enqueued
[2026-06-18T16:37:01.058+0800][18.707s][info][gc,ref      ] GC(178) Weak: 7 encountered, 2 discovered, 0 enqueued
[2026-06-18T16:37:01.061+0800][18.711s][info][gc,ref      ] GC(178) Final: 0 encountered, 0 discovered, 0 enqueued
[2026-06-18T16:37:01.065+0800][18.714s][info][gc,ref      ] GC(178) Phantom: 1 encountered, 1 discovered, 0 enqueued
[2026-06-18T16:37:01.069+0800][18.718s][info][gc,heap     ] GC(178)                Mark Start          Mark End        Relocate Start      Relocate End           High               Low         
[2026-06-18T16:37:01.071+0800][18.720s][info][gc,heap     ] GC(178)  Capacity:      256M (100%)        256M (100%)        256M (100%)        256M (100%)        256M (100%)        256M (100%)   
[2026-06-18T16:37:01.076+0800][18.725s][info][gc,heap     ] GC(178)   Reserve:       62M (24%)          62M (24%)          62M (24%)          62M (24%)          62M (24%)          62M (24%)    
[2026-06-18T16:37:01.077+0800][18.726s][info][gc,heap     ] GC(178)      Free:      112M (44%)          74M (29%)         102M (40%)         114M (45%)         114M (45%)          74M (29%)    
[2026-06-18T16:37:01.080+0800][18.729s][info][gc,heap     ] GC(178)      Used:       82M (32%)         120M (47%)          92M (36%)          80M (31%)         120M (47%)          80M (31%)    
[2026-06-18T16:37:01.083+0800][18.732s][info][gc,heap     ] GC(178)      Live:         -                27M (11%)          27M (11%)          27M (11%)            -                  -          
[2026-06-18T16:37:01.085+0800][18.734s][info][gc,heap     ] GC(178) Allocated:         -                38M (15%)          40M (16%)          46M (18%)            -                  -          
[2026-06-18T16:37:01.087+0800][18.736s][info][gc,heap     ] GC(178)   Garbage:         -                54M (21%)          24M (9%)           12M (5%)             -                  -          
[2026-06-18T16:37:01.089+0800][18.739s][info][gc,heap     ] GC(178) Reclaimed:         -                  -                30M (12%)          42M (16%)            -                  -          
[2026-06-18T16:37:01.092+0800][18.742s][info][gc          ] GC(178) Garbage Collection (Allocation Rate) 82M(32%)->80M(31%)
[2026-06-18T16:37:01.113+0800][18.762s][info][gc,start    ] GC(179) Garbage Collection (Allocation Rate)
[2026-06-18T16:37:01.117+0800][18.766s][info][gc,phases   ] GC(179) Pause Mark Start 0.408ms
[2026-06-18T16:37:01.121+0800][18.770s][info][gc,phases   ] GC(179) Concurrent Mark 2.101ms
[2026-06-18T16:37:01.123+0800][18.772s][info][gc,phases   ] GC(179) Pause Mark End 0.311ms
[2026-06-18T16:37:01.123+0800][18.773s][info][gc,phases   ] GC(179) Concurrent Process Non-Strong References 0.087ms
[2026-06-18T16:37:01.125+0800][18.775s][info][gc,phases   ] GC(179) Concurrent Reset Relocation Set 0.002ms
[2026-06-18T16:37:01.127+0800][18.776s][info][gc,phases   ] GC(179) Concurrent Destroy Detached Pages 0.001ms
[2026-06-18T16:37:01.137+0800][18.786s][info][gc,phases   ] GC(179) Concurrent Select Relocation Set 0.971ms
[2026-06-18T16:37:01.139+0800][18.788s][info][gc,phases   ] GC(179) Concurrent Prepare Relocation Set 0.021ms
[2026-06-18T16:37:01.141+0800][18.790s][info][gc,phases   ] GC(179) Pause Relocate Start 0.280ms
[2026-06-18T16:37:01.145+0800][18.795s][info][gc,phases   ] GC(179) Concurrent Relocate 2.548ms
[2026-06-18T16:37:01.147+0800][18.797s][info][gc,load     ] GC(179) Load: 0.78/0.42/0.26
[2026-06-18T16:37:01.149+0800][18.798s][info][gc,mmu      ] GC(179) MMU: 2ms/39.9%, 5ms/76.0%, 10ms/85.1%, 20ms/91.7%, 50ms/96.5%, 100ms/97.5%
[2026-06-18T16:37:01.152+0800][18.802s][info][gc,marking  ] GC(179) Mark: 2 stripe(s), 1 proactive flush(es), 1 terminate flush(es), 0 completion(s), 0 continuation(s) 
[2026-06-18T16:37:01.156+0800][18.805s][info][gc,reloc    ] GC(179) Relocation: Successful, 31M relocated
[2026-06-18T16:37:01.157+0800][18.806s][info][gc,nmethod  ] GC(179) NMethods: 23 registered, 0 unregistered
[2026-06-18T16:37:01.157+0800][18.807s][info][gc,metaspace] GC(179) Metaspace: 3M used, 4M capacity, 4M committed, 8M reserved
[2026-06-18T16:37:01.158+0800][18.807s][info][gc,ref      ] GC(179) Soft: 43 encountered, 0 discovered, 0 enqueued
[2026-06-18T16:37:01.159+0800][18.808s][info][gc,ref      ] GC(179) Weak: 7 encountered, 2 discovered, 0 enqueued
[2026-06-18T16:37:01.159+0800][18.809s][info][gc,ref      ] GC(179) Final: 0 encountered, 0 discovered, 0 enqueued
[2026-06-18T16:37:01.160+0800][18.809s][info][gc,ref      ] GC(179) Phantom: 1 encountered, 1 discovered, 0 enqueued
[2026-06-18T16:37:01.160+0800][18.810s][info][gc,heap     ] GC(179)                Mark Start          Mark End        Relocate Start      Relocate End           High               Low         
[2026-06-18T16:37:01.161+0800][18.810s][info][gc,heap     ] GC(179)  Capacity:      256M (100%)        256M (100%)        256M (100%)        256M (100%)        256M (100%)        256M (100%)   
[2026-06-18T16:37:01.161+0800][18.810s][info][gc,heap     ] GC(179)   Reserve:       62M (24%)          62M (24%)          62M (24%)          62M (24%)          62M (24%)          62M (24%)    
[2026-06-18T16:37:01.161+0800][18.811s][info][gc,heap     ] GC(179)      Free:       86M (34%)          50M (20%)          74M (29%)         138M (54%)         138M (54%)          46M (18%)    
[2026-06-18T16:37:01.162+0800][18.811s][info][gc,heap     ] GC(179)      Used:      108M (42%)         144M (56%)         120M (47%)          56M (22%)         148M (58%)          56M (22%)    
[2026-06-18T16:37:01.162+0800][18.811s][info][gc,heap     ] GC(179)      Live:         -                33M (13%)          33M (13%)          33M (13%)            -                  -          
[2026-06-18T16:37:01.162+0800][18.812s][info][gc,heap     ] GC(179) Allocated:         -                36M (14%)          40M (16%)          54M (21%)            -                  -          
[2026-06-18T16:37:01.163+0800][18.812s][info][gc,heap     ] GC(179)   Garbage:         -                74M (29%)          46M (18%)    17592186044394M (6         -                  -          
[2026-06-18T16:37:01.163+0800][18.812s][info][gc,heap     ] GC(179) Reclaimed:         -                  -                28M (11%)          96M (38%)            -                  -          
[2026-06-18T16:37:01.163+0800][18.813s][info][gc          ] GC(179) Garbage Collection (Allocation Rate) 108M(42%)->56M(22%)
[2026-06-18T16:37:01.213+0800][18.862s][info][gc,start    ] GC(180) Garbage Collection (Allocation Rate)
[2026-06-18T16:37:01.216+0800][18.866s][info][gc,phases   ] GC(180) Pause Mark Start 0.176ms
[2026-06-18T16:37:01.220+0800][18.869s][info][gc,phases   ] GC(180) Concurrent Mark 1.522ms
[2026-06-18T16:37:01.222+0800][18.871s][info][gc,phases   ] GC(180) Pause Mark End 0.241ms
[2026-06-18T16:37:01.223+0800][18.872s][info][gc,phases   ] GC(180) Concurrent Process Non-Strong References 0.099ms
[2026-06-18T16:37:01.227+0800][18.877s][info][gc,phases   ] GC(180) Concurrent Reset Relocation Set 0.003ms
[2026-06-18T16:37:01.232+0800][18.881s][info][gc,phases   ] GC(180) Concurrent Destroy Detached Pages 0.001ms
[2026-06-18T16:37:01.235+0800][18.885s][info][gc,phases   ] GC(180) Concurrent Select Relocation Set 0.541ms
[2026-06-18T16:37:01.237+0800][18.886s][info][gc,phases   ] GC(180) Concurrent Prepare Relocation Set 0.002ms
[2026-06-18T16:37:01.239+0800][18.888s][info][gc,phases   ] GC(180) Pause Relocate Start 0.154ms
[2026-06-18T16:37:01.241+0800][18.891s][info][gc,phases   ] GC(180) Concurrent Relocate 0.164ms
[2026-06-18T16:37:01.243+0800][18.893s][info][gc,load     ] GC(180) Load: 0.78/0.42/0.26
[2026-06-18T16:37:01.245+0800][18.895s][info][gc,mmu      ] GC(180) MMU: 2ms/39.9%, 5ms/76.0%, 10ms/85.1%, 20ms/91.7%, 50ms/96.5%, 100ms/97.5%
[2026-06-18T16:37:01.248+0800][18.897s][info][gc,marking  ] GC(180) Mark: 2 stripe(s), 2 proactive flush(es), 1 terminate flush(es), 0 completion(s), 0 continuation(s) 
[2026-06-18T16:37:01.251+0800][18.900s][info][gc,reloc    ] GC(180) Relocation: Successful, 22M relocated
[2026-06-18T16:37:01.253+0800][18.902s][info][gc,nmethod  ] GC(180) NMethods: 23 registered, 0 unregistered
[2026-06-18T16:37:01.255+0800][18.905s][info][gc,metaspace] GC(180) Metaspace: 3M used, 4M capacity, 4M committed, 8M reserved
[2026-06-18T16:37:01.258+0800][18.908s][info][gc,ref      ] GC(180) Soft: 43 encountered, 0 discovered, 0 enqueued
[2026-06-18T16:37:01.261+0800][18.910s][info][gc,ref      ] GC(180) Weak: 7 encountered, 2 discovered, 0 enqueued
[2026-06-18T16:37:01.264+0800][18.913s][info][gc,ref      ] GC(180) Final: 0 encountered, 0 discovered, 0 enqueued
[2026-06-18T16:37:01.269+0800][18.918s][info][gc,ref      ] GC(180) Phantom: 1 encountered, 1 discovered, 0 enqueued
[2026-06-18T16:37:01.270+0800][18.919s][info][gc,heap     ] GC(180)                Mark Start          Mark End        Relocate Start      Relocate End           High               Low         
[2026-06-18T16:37:01.271+0800][18.921s][info][gc,heap     ] GC(180)  Capacity:      256M (100%)        256M (100%)        256M (100%)        256M (100%)        256M (100%)        256M (100%)   
[2026-06-18T16:37:01.273+0800][18.922s][info][gc,heap     ] GC(180)   Reserve:       62M (24%)          62M (24%)          62M (24%)          62M (24%)          62M (24%)          62M (24%)    
[2026-06-18T16:37:01.274+0800][18.923s][info][gc,heap     ] GC(180)      Free:      116M (45%)         110M (43%)         134M (52%)         140M (55%)         140M (55%)         106M (41%)    
[2026-06-18T16:37:01.275+0800][18.925s][info][gc,heap     ] GC(180)      Used:       78M (30%)          84M (33%)          60M (23%)          54M (21%)          88M (34%)          54M (21%)    
[2026-06-18T16:37:01.277+0800][18.926s][info][gc,heap     ] GC(180)      Live:         -                23M (9%)           23M (9%)           23M (9%)             -                  -          
[2026-06-18T16:37:01.278+0800][18.927s][info][gc,heap     ] GC(180) Allocated:         -                 6M (2%)           10M (4%)           16M (6%)             -                  -          
[2026-06-18T16:37:01.280+0800][18.929s][info][gc,heap     ] GC(180)   Garbage:         -                54M (21%)          26M (10%)          18M (7%)             -                  -          
[2026-06-18T16:37:01.281+0800][18.931s][info][gc,heap     ] GC(180) Reclaimed:         -                  -                28M (11%)          36M (14%)            -                  -          
[2026-06-18T16:37:01.283+0800][18.933s][info][gc          ] GC(180) Garbage Collection (Allocation Rate) 78M(30%)->54M(21%)
[2026-06-18T16:37:01.313+0800][18.962s][info][gc,start    ] GC(181) Garbage Collection (Allocation Rate)
[2026-06-18T16:37:01.315+0800][18.964s][info][gc,phases   ] GC(181) Pause Mark Start 0.153ms
[2026-06-18T16:37:01.320+0800][18.969s][info][gc,phases   ] GC(181) Concurrent Mark 1.362ms
[2026-06-18T16:37:01.321+0800][18.971s][info][gc,phases   ] GC(181) Pause Mark End 0.237ms
[2026-06-18T16:37:01.325+0800][18.974s][info][gc,phases   ] GC(181) Concurrent Process Non-Strong References 0.100ms
[2026-06-18T16:37:01.329+0800][18.979s][info][gc,phases   ] GC(181) Concurrent Reset Relocation Set 0.002ms
[2026-06-18T16:37:01.334+0800][18.983s][info][gc,phases   ] GC(181) Concurrent Destroy Detached Pages 0.001ms
[2026-06-18T16:37:01.339+0800][18.988s][info][gc,phases   ] GC(181) Concurrent Select Relocation Set 1.479ms
[2026-06-18T16:37:01.343+0800][18.993s][info][gc,phases   ] GC(181) Concurrent Prepare Relocation Set 0.019ms
[2026-06-18T16:37:01.348+0800][18.998s][info][gc,phases   ] GC(181) Pause Relocate Start 0.279ms
[2026-06-18T16:37:01.351+0800][19.001s][info][gc,phases   ] GC(181) Concurrent Relocate 1.433ms
[2026-06-18T16:37:01.353+0800][19.002s][info][gc,load     ] GC(181) Load: 0.78/0.42/0.26
[2026-06-18T16:37:01.354+0800][19.004s][info][gc,mmu      ] GC(181) MMU: 2ms/39.9%, 5ms/76.0%, 10ms/85.1%, 20ms/91.7%, 50ms/96.5%, 100ms/97.5%
[2026-06-18T16:37:01.358+0800][19.008s][info][gc,marking  ] GC(181) Mark: 2 stripe(s), 2 proactive flush(es), 1 terminate flush(es), 0 completion(s), 0 continuation(s) 
[2026-06-18T16:37:01.364+0800][19.013s][info][gc,reloc    ] GC(181) Relocation: Successful, 20M relocated
[2026-06-18T16:37:01.366+0800][19.015s][info][gc,nmethod  ] GC(181) NMethods: 23 registered, 0 unregistered
[2026-06-18T16:37:01.368+0800][19.018s][info][gc,metaspace] GC(181) Metaspace: 3M used, 4M capacity, 4M committed, 8M reserved
[2026-06-18T16:37:01.373+0800][19.022s][info][gc,ref      ] GC(181) Soft: 43 encountered, 0 discovered, 0 enqueued
[2026-06-18T16:37:01.379+0800][19.028s][info][gc,ref      ] GC(181) Weak: 7 encountered, 2 discovered, 0 enqueued
[2026-06-18T16:37:01.381+0800][19.031s][info][gc,ref      ] GC(181) Final: 0 encountered, 0 discovered, 0 enqueued
[2026-06-18T16:37:01.385+0800][19.035s][info][gc,ref      ] GC(181) Phantom: 1 encountered, 1 discovered, 0 enqueued
[2026-06-18T16:37:01.387+0800][19.036s][info][gc,heap     ] GC(181)                Mark Start          Mark End        Relocate Start      Relocate End           High               Low         
[2026-06-18T16:37:01.389+0800][19.038s][info][gc,heap     ] GC(181)  Capacity:      256M (100%)        256M (100%)        256M (100%)        256M (100%)        256M (100%)        256M (100%)   
[2026-06-18T16:37:01.391+0800][19.040s][info][gc,heap     ] GC(181)   Reserve:       62M (24%)          62M (24%)          62M (24%)          62M (24%)          62M (24%)          62M (24%)    
[2026-06-18T16:37:01.394+0800][19.044s][info][gc,heap     ] GC(181)      Free:       78M (30%)          44M (17%)          68M (27%)         138M (54%)         138M (54%)          40M (16%)    
[2026-06-18T16:37:01.396+0800][19.045s][info][gc,heap     ] GC(181)      Used:      116M (45%)         150M (59%)         126M (49%)          56M (22%)         154M (60%)          56M (22%)    
[2026-06-18T16:37:01.397+0800][19.047s][info][gc,heap     ] GC(181)      Live:         -                20M (8%)           20M (8%)           20M (8%)             -                  -          
[2026-06-18T16:37:01.401+0800][19.050s][info][gc,heap     ] GC(181) Allocated:         -                34M (13%)          40M (16%)          52M (20%)            -                  -          
[2026-06-18T16:37:01.404+0800][19.054s][info][gc,heap     ] GC(181)   Garbage:         -                95M (37%)          65M (26%)    17592186044405M (6         -                  -          
[2026-06-18T16:37:01.407+0800][19.056s][info][gc,heap     ] GC(181) Reclaimed:         -                  -                30M (12%)         106M (41%)            -                  -          
[2026-06-18T16:37:01.410+0800][19.059s][info][gc          ] GC(181) Garbage Collection (Allocation Rate) 116M(45%)->56M(22%)
[2026-06-18T16:37:01.413+0800][19.063s][info][gc,start    ] GC(182) Garbage Collection (Allocation Rate)
[2026-06-18T16:37:01.419+0800][19.068s][info][gc,phases   ] GC(182) Pause Mark Start 0.544ms
[2026-06-18T16:37:01.422+0800][19.071s][info][gc,phases   ] GC(182) Concurrent Mark 1.543ms
[2026-06-18T16:37:01.424+0800][19.073s][info][gc,phases   ] GC(182) Pause Mark End 0.242ms
[2026-06-18T16:37:01.426+0800][19.075s][info][gc,phases   ] GC(182) Concurrent Process Non-Strong References 0.105ms
[2026-06-18T16:37:01.428+0800][19.078s][info][gc,phases   ] GC(182) Concurrent Reset Relocation Set 0.002ms
[2026-06-18T16:37:01.429+0800][19.078s][info][gc,phases   ] GC(182) Concurrent Destroy Detached Pages 0.001ms
[2026-06-18T16:37:01.430+0800][19.079s][info][gc,phases   ] GC(182) Concurrent Select Relocation Set 0.461ms
[2026-06-18T16:37:01.430+0800][19.080s][info][gc,phases   ] GC(182) Concurrent Prepare Relocation Set 0.007ms
[2026-06-18T16:37:01.432+0800][19.081s][info][gc,phases   ] GC(182) Pause Relocate Start 0.282ms
[2026-06-18T16:37:01.433+0800][19.082s][info][gc,phases   ] GC(182) Concurrent Relocate 0.382ms
[2026-06-18T16:37:01.434+0800][19.083s][info][gc,load     ] GC(182) Load: 0.78/0.42/0.26
[2026-06-18T16:37:01.434+0800][19.084s][info][gc,mmu      ] GC(182) MMU: 2ms/39.9%, 5ms/76.0%, 10ms/85.1%, 20ms/91.7%, 50ms/96.5%, 100ms/97.5%
[2026-06-18T16:37:01.435+0800][19.084s][info][gc,marking  ] GC(182) Mark: 2 stripe(s), 1 proactive flush(es), 1 terminate flush(es), 0 completion(s), 0 continuation(s) 
[2026-06-18T16:37:01.436+0800][19.085s][info][gc,reloc    ] GC(182) Relocation: Successful, 26M relocated
[2026-06-18T16:37:01.436+0800][19.085s][info][gc,nmethod  ] GC(182) NMethods: 23 registered, 0 unregistered
[2026-06-18T16:37:01.437+0800][19.086s][info][gc,metaspace] GC(182) Metaspace: 3M used, 4M capacity, 4M committed, 8M reserved
[2026-06-18T16:37:01.437+0800][19.086s][info][gc,ref      ] GC(182) Soft: 43 encountered, 0 discovered, 0 enqueued
[2026-06-18T16:37:01.438+0800][19.087s][info][gc,ref      ] GC(182) Weak: 7 encountered, 2 discovered, 0 enqueued
[2026-06-18T16:37:01.438+0800][19.087s][info][gc,ref      ] GC(182) Final: 0 encountered, 0 discovered, 0 enqueued
[2026-06-18T16:37:01.438+0800][19.087s][info][gc,ref      ] GC(182) Phantom: 1 encountered, 1 discovered, 0 enqueued
[2026-06-18T16:37:01.438+0800][19.088s][info][gc,heap     ] GC(182)                Mark Start          Mark End        Relocate Start      Relocate End           High               Low         
[2026-06-18T16:37:01.439+0800][19.088s][info][gc,heap     ] GC(182)  Capacity:      256M (100%)        256M (100%)        256M (100%)        256M (100%)        256M (100%)        256M (100%)   
[2026-06-18T16:37:01.439+0800][19.088s][info][gc,heap     ] GC(182)   Reserve:       62M (24%)          62M (24%)          62M (24%)          62M (24%)          62M (24%)          62M (24%)    
[2026-06-18T16:37:01.439+0800][19.089s][info][gc,heap     ] GC(182)      Free:      116M (45%)         112M (44%)         136M (53%)         148M (58%)         148M (58%)         112M (44%)    
[2026-06-18T16:37:01.440+0800][19.089s][info][gc,heap     ] GC(182)      Used:       78M (30%)          82M (32%)          58M (23%)          46M (18%)          82M (32%)          46M (18%)    
[2026-06-18T16:37:01.440+0800][19.089s][info][gc,heap     ] GC(182)      Live:         -                27M (11%)          27M (11%)          27M (11%)            -                  -          
[2026-06-18T16:37:01.440+0800][19.090s][info][gc,heap     ] GC(182) Allocated:         -                 4M (2%)            4M (2%)           10M (4%)             -                  -          
[2026-06-18T16:37:01.441+0800][19.090s][info][gc,heap     ] GC(182)   Garbage:         -                50M (20%)          26M (10%)          14M (6%)             -                  -          
[2026-06-18T16:37:01.441+0800][19.090s][info][gc,heap     ] GC(182) Reclaimed:         -                  -                24M (9%)           36M (14%)            -                  -          
[2026-06-18T16:37:01.441+0800][19.090s][info][gc          ] GC(182) Garbage Collection (Allocation Rate) 78M(30%)->46M(18%)
[2026-06-18T16:37:01.513+0800][19.163s][info][gc,start    ] GC(183) Garbage Collection (Allocation Rate)
[2026-06-18T16:37:01.525+0800][19.174s][info][gc,phases   ] GC(183) Pause Mark Start 0.303ms
[2026-06-18T16:37:01.529+0800][19.178s][info][gc,phases   ] GC(183) Concurrent Mark 1.640ms
[2026-06-18T16:37:01.532+0800][19.181s][info][gc,phases   ] GC(183) Pause Mark End 0.524ms
[2026-06-18T16:37:01.533+0800][19.183s][info][gc,phases   ] GC(183) Concurrent Process Non-Strong References 0.156ms
[2026-06-18T16:37:01.535+0800][19.184s][info][gc,phases   ] GC(183) Concurrent Reset Relocation Set 0.004ms
[2026-06-18T16:37:01.536+0800][19.186s][info][gc,phases   ] GC(183) Concurrent Destroy Detached Pages 0.001ms
[2026-06-18T16:37:01.538+0800][19.188s][info][gc,phases   ] GC(183) Concurrent Select Relocation Set 0.708ms
[2026-06-18T16:37:01.542+0800][19.191s][info][gc,phases   ] GC(183) Concurrent Prepare Relocation Set 0.013ms
[2026-06-18T16:37:01.544+0800][19.194s][info][gc,phases   ] GC(183) Pause Relocate Start 0.177ms
[2026-06-18T16:37:01.547+0800][19.196s][info][gc,phases   ] GC(183) Concurrent Relocate 1.643ms
[2026-06-18T16:37:01.549+0800][19.199s][info][gc,load     ] GC(183) Load: 0.78/0.42/0.26
[2026-06-18T16:37:01.551+0800][19.200s][info][gc,mmu      ] GC(183) MMU: 2ms/39.9%, 5ms/76.0%, 10ms/85.1%, 20ms/91.7%, 50ms/96.5%, 100ms/97.5%
[2026-06-18T16:37:01.553+0800][19.202s][info][gc,marking  ] GC(183) Mark: 2 stripe(s), 1 proactive flush(es), 1 terminate flush(es), 0 completion(s), 0 continuation(s) 
[2026-06-18T16:37:01.555+0800][19.205s][info][gc,reloc    ] GC(183) Relocation: Successful, 23M relocated
[2026-06-18T16:37:01.558+0800][19.207s][info][gc,nmethod  ] GC(183) NMethods: 23 registered, 0 unregistered
[2026-06-18T16:37:01.560+0800][19.210s][info][gc,metaspace] GC(183) Metaspace: 3M used, 4M capacity, 4M committed, 8M reserved
[2026-06-18T16:37:01.561+0800][19.211s][info][gc,ref      ] GC(183) Soft: 43 encountered, 0 discovered, 0 enqueued
[2026-06-18T16:37:01.563+0800][19.213s][info][gc,ref      ] GC(183) Weak: 7 encountered, 2 discovered, 0 enqueued
[2026-06-18T16:37:01.566+0800][19.215s][info][gc,ref      ] GC(183) Final: 0 encountered, 0 discovered, 0 enqueued
[2026-06-18T16:37:01.568+0800][19.218s][info][gc,ref      ] GC(183) Phantom: 1 encountered, 1 discovered, 0 enqueued
[2026-06-18T16:37:01.570+0800][19.219s][info][gc,heap     ] GC(183)                Mark Start          Mark End        Relocate Start      Relocate End           High               Low         
[2026-06-18T16:37:01.571+0800][19.221s][info][gc,heap     ] GC(183)  Capacity:      256M (100%)        256M (100%)        256M (100%)        256M (100%)        256M (100%)        256M (100%)   
[2026-06-18T16:37:01.573+0800][19.222s][info][gc,heap     ] GC(183)   Reserve:       62M (24%)          62M (24%)          62M (24%)          62M (24%)          62M (24%)          62M (24%)    
[2026-06-18T16:37:01.576+0800][19.225s][info][gc,heap     ] GC(183)      Free:       82M (32%)          78M (30%)          72M (28%)         142M (55%)         142M (55%)          66M (26%)    
[2026-06-18T16:37:01.578+0800][19.227s][info][gc,heap     ] GC(183)      Used:      112M (44%)         116M (45%)         122M (48%)          52M (20%)         128M (50%)          52M (20%)    
[2026-06-18T16:37:01.581+0800][19.230s][info][gc,heap     ] GC(183)      Live:         -                25M (10%)          25M (10%)          25M (10%)            -                  -          
[2026-06-18T16:37:01.583+0800][19.232s][info][gc,heap     ] GC(183) Allocated:         -                 4M (2%)           42M (16%)          50M (20%)            -                  -          
[2026-06-18T16:37:01.594+0800][19.243s][info][gc,heap     ] GC(183)   Garbage:         -                86M (34%)          54M (21%)    17592186044400M (6         -                  -          
[2026-06-18T16:37:01.598+0800][19.247s][info][gc,heap     ] GC(183) Reclaimed:         -                  -                32M (12%)         102M (40%)            -                  -          
[2026-06-18T16:37:01.601+0800][19.251s][info][gc          ] GC(183) Garbage Collection (Allocation Rate) 112M(44%)->52M(20%)
[2026-06-18T16:37:01.614+0800][19.263s][info][gc,start    ] GC(184) Garbage Collection (Allocation Rate)
[2026-06-18T16:37:01.616+0800][19.266s][info][gc,phases   ] GC(184) Pause Mark Start 0.228ms
[2026-06-18T16:37:01.620+0800][19.270s][info][gc,phases   ] GC(184) Concurrent Mark 1.519ms
[2026-06-18T16:37:01.622+0800][19.271s][info][gc,phases   ] GC(184) Pause Mark End 0.260ms
[2026-06-18T16:37:01.625+0800][19.274s][info][gc,phases   ] GC(184) Concurrent Process Non-Strong References 0.084ms
[2026-06-18T16:37:01.633+0800][19.283s][info][gc,phases   ] GC(184) Concurrent Reset Relocation Set 0.005ms
[2026-06-18T16:37:01.637+0800][19.286s][info][gc,phases   ] GC(184) Concurrent Destroy Detached Pages 0.002ms
[2026-06-18T16:37:01.650+0800][19.300s][info][gc,phases   ] GC(184) Concurrent Select Relocation Set 1.436ms
[2026-06-18T16:37:01.656+0800][19.306s][info][gc,phases   ] GC(184) Concurrent Prepare Relocation Set 0.014ms
[2026-06-18T16:37:01.659+0800][19.308s][info][gc,phases   ] GC(184) Pause Relocate Start 0.494ms
[2026-06-18T16:37:01.661+0800][19.311s][info][gc,phases   ] GC(184) Concurrent Relocate 0.311ms
[2026-06-18T16:37:01.663+0800][19.313s][info][gc,load     ] GC(184) Load: 0.78/0.42/0.26
[2026-06-18T16:37:01.666+0800][19.315s][info][gc,mmu      ] GC(184) MMU: 2ms/39.9%, 5ms/76.0%, 10ms/85.1%, 20ms/91.7%, 50ms/96.5%, 100ms/97.5%
[2026-06-18T16:37:01.669+0800][19.318s][info][gc,marking  ] GC(184) Mark: 2 stripe(s), 1 proactive flush(es), 1 terminate flush(es), 0 completion(s), 0 continuation(s) 
[2026-06-18T16:37:01.671+0800][19.320s][info][gc,reloc    ] GC(184) Relocation: Successful, 21M relocated
[2026-06-18T16:37:01.676+0800][19.325s][info][gc,nmethod  ] GC(184) NMethods: 23 registered, 0 unregistered
[2026-06-18T16:37:01.678+0800][19.327s][info][gc,metaspace] GC(184) Metaspace: 3M used, 4M capacity, 4M committed, 8M reserved
[2026-06-18T16:37:01.682+0800][19.331s][info][gc,ref      ] GC(184) Soft: 43 encountered, 0 discovered, 0 enqueued
[2026-06-18T16:37:01.683+0800][19.332s][info][gc,ref      ] GC(184) Weak: 7 encountered, 2 discovered, 0 enqueued
[2026-06-18T16:37:01.685+0800][19.334s][info][gc,ref      ] GC(184) Final: 0 encountered, 0 discovered, 0 enqueued
[2026-06-18T16:37:01.689+0800][19.338s][info][gc,ref      ] GC(184) Phantom: 1 encountered, 1 discovered, 0 enqueued
[2026-06-18T16:37:01.691+0800][19.340s][info][gc,heap     ] GC(184)                Mark Start          Mark End        Relocate Start      Relocate End           High               Low         
[2026-06-18T16:37:01.694+0800][19.343s][info][gc,heap     ] GC(184)  Capacity:      256M (100%)        256M (100%)        256M (100%)        256M (100%)        256M (100%)        256M (100%)   
[2026-06-18T16:37:01.696+0800][19.345s][info][gc,heap     ] GC(184)   Reserve:       62M (24%)          62M (24%)          62M (24%)          62M (24%)          62M (24%)          62M (24%)    
[2026-06-18T16:37:01.696+0800][19.346s][info][gc,heap     ] GC(184)      Free:      116M (45%)         112M (44%)          96M (38%)         104M (41%)         116M (45%)          72M (28%)    
[2026-06-18T16:37:01.698+0800][19.347s][info][gc,heap     ] GC(184)      Used:       78M (30%)          82M (32%)          98M (38%)          90M (35%)         122M (48%)          78M (30%)    
[2026-06-18T16:37:01.701+0800][19.351s][info][gc,heap     ] GC(184)      Live:         -                21M (9%)           21M (9%)           21M (9%)             -                  -          
[2026-06-18T16:37:01.707+0800][19.356s][info][gc,heap     ] GC(184) Allocated:         -                 4M (2%)           48M (19%)          54M (21%)            -                  -          
[2026-06-18T16:37:01.710+0800][19.360s][info][gc,heap     ] GC(184)   Garbage:         -                56M (22%)          28M (11%)          20M (8%)             -                  -          
[2026-06-18T16:37:01.715+0800][19.364s][info][gc,heap     ] GC(184) Reclaimed:         -                  -                28M (11%)          36M (14%)            -                  -          
[2026-06-18T16:37:01.720+0800][19.369s][info][gc          ] GC(184) Garbage Collection (Allocation Rate) 78M(30%)->90M(35%)
[2026-06-18T16:37:01.814+0800][19.463s][info][gc,start    ] GC(185) Garbage Collection (Allocation Rate)
[2026-06-18T16:37:01.822+0800][19.472s][info][gc,phases   ] GC(185) Pause Mark Start 0.278ms
[2026-06-18T16:37:01.828+0800][19.477s][info][gc,phases   ] GC(185) Concurrent Mark 1.768ms
[2026-06-18T16:37:01.835+0800][19.484s][info][gc,phases   ] GC(185) Pause Mark End 0.536ms
[2026-06-18T16:37:01.837+0800][19.486s][info][gc,phases   ] GC(185) Concurrent Process Non-Strong References 0.235ms
[2026-06-18T16:37:01.843+0800][19.492s][info][gc,phases   ] GC(185) Concurrent Reset Relocation Set 0.004ms
[2026-06-18T16:37:01.848+0800][19.498s][info][gc,phases   ] GC(185) Concurrent Destroy Detached Pages 0.002ms
[2026-06-18T16:37:01.851+0800][19.501s][info][gc,phases   ] GC(185) Concurrent Select Relocation Set 1.472ms
[2026-06-18T16:37:01.855+0800][19.504s][info][gc,phases   ] GC(185) Concurrent Prepare Relocation Set 0.019ms
[2026-06-18T16:37:01.862+0800][19.511s][info][gc,phases   ] GC(185) Pause Relocate Start 0.308ms
[2026-06-18T16:37:01.868+0800][19.517s][info][gc,phases   ] GC(185) Concurrent Relocate 1.644ms
[2026-06-18T16:37:01.873+0800][19.523s][info][gc,load     ] GC(185) Load: 0.78/0.42/0.26
[2026-06-18T16:37:01.877+0800][19.526s][info][gc,mmu      ] GC(185) MMU: 2ms/39.9%, 5ms/76.0%, 10ms/85.1%, 20ms/91.7%, 50ms/96.5%, 100ms/97.5%
[2026-06-18T16:37:01.883+0800][19.532s][info][gc,marking  ] GC(185) Mark: 2 stripe(s), 2 proactive flush(es), 1 terminate flush(es), 0 completion(s), 0 continuation(s) 
[2026-06-18T16:37:01.888+0800][19.537s][info][gc,reloc    ] GC(185) Relocation: Successful, 25M relocated
[2026-06-18T16:37:01.893+0800][19.542s][info][gc,nmethod  ] GC(185) NMethods: 23 registered, 0 unregistered
[2026-06-18T16:37:01.899+0800][19.548s][info][gc,metaspace] GC(185) Metaspace: 3M used, 4M capacity, 4M committed, 8M reserved
[2026-06-18T16:37:01.904+0800][19.553s][info][gc,ref      ] GC(185) Soft: 43 encountered, 0 discovered, 0 enqueued
[2026-06-18T16:37:01.909+0800][19.558s][info][gc,ref      ] GC(185) Weak: 7 encountered, 0 discovered, 0 enqueued
[2026-06-18T16:37:01.915+0800][19.564s][info][gc,ref      ] GC(185) Final: 0 encountered, 0 discovered, 0 enqueued
[2026-06-18T16:37:01.920+0800][19.570s][info][gc,ref      ] GC(185) Phantom: 1 encountered, 1 discovered, 0 enqueued
[2026-06-18T16:37:01.924+0800][19.573s][info][gc,heap     ] GC(185)                Mark Start          Mark End        Relocate Start      Relocate End           High               Low         
[2026-06-18T16:37:01.925+0800][19.574s][info][gc,heap     ] GC(185)  Capacity:      256M (100%)        256M (100%)        256M (100%)        256M (100%)        256M (100%)        256M (100%)   
[2026-06-18T16:37:01.929+0800][19.578s][info][gc,heap     ] GC(185)   Reserve:       62M (24%)          62M (24%)          62M (24%)          62M (24%)          62M (24%)          62M (24%)    
[2026-06-18T16:37:01.934+0800][19.583s][info][gc,heap     ] GC(185)      Free:       46M (18%)           8M (3%)           50M (20%)         134M (52%)         134M (52%)           2M (1%)     
[2026-06-18T16:37:01.939+0800][19.589s][info][gc,heap     ] GC(185)      Used:      148M (58%)         186M (73%)         144M (56%)          60M (23%)         192M (75%)          60M (23%)    
[2026-06-18T16:37:01.943+0800][19.592s][info][gc,heap     ] GC(185)      Live:         -                25M (10%)          25M (10%)          25M (10%)            -                  -          
[2026-06-18T16:37:01.948+0800][19.598s][info][gc,heap     ] GC(185) Allocated:         -                38M (15%)          50M (20%)          60M (23%)            -                  -          
[2026-06-18T16:37:01.954+0800][19.603s][info][gc,heap     ] GC(185)   Garbage:         -               122M (48%)          68M (27%)    17592186044400M (6         -                  -          
[2026-06-18T16:37:01.960+0800][19.609s][info][gc,heap     ] GC(185) Reclaimed:         -                  -                54M (21%)         138M (54%)            -                  -          
[2026-06-18T16:37:01.964+0800][19.613s][info][gc          ] GC(185) Garbage Collection (Allocation Rate) 148M(58%)->60M(23%)
[2026-06-18T16:37:02.013+0800][19.662s][info][gc,start    ] GC(186) Garbage Collection (Allocation Rate)
[2026-06-18T16:37:02.016+0800][19.666s][info][gc,phases   ] GC(186) Pause Mark Start 0.150ms
[2026-06-18T16:37:02.019+0800][19.668s][info][gc,phases   ] GC(186) Concurrent Mark 1.581ms
[2026-06-18T16:37:02.020+0800][19.670s][info][gc,phases   ] GC(186) Pause Mark End 0.256ms
[2026-06-18T16:37:02.023+0800][19.672s][info][gc,phases   ] GC(186) Concurrent Process Non-Strong References 0.083ms
[2026-06-18T16:37:02.024+0800][19.673s][info][gc,phases   ] GC(186) Concurrent Reset Relocation Set 0.005ms
[2026-06-18T16:37:02.024+0800][19.673s][info][gc,phases   ] GC(186) Concurrent Destroy Detached Pages 0.001ms
[2026-06-18T16:37:02.025+0800][19.674s][info][gc,phases   ] GC(186) Concurrent Select Relocation Set 0.435ms
[2026-06-18T16:37:02.025+0800][19.675s][info][gc,phases   ] GC(186) Concurrent Prepare Relocation Set 0.002ms
[2026-06-18T16:37:02.026+0800][19.675s][info][gc,phases   ] GC(186) Pause Relocate Start 0.113ms
[2026-06-18T16:37:02.027+0800][19.676s][info][gc,phases   ] GC(186) Concurrent Relocate 0.445ms
[2026-06-18T16:37:02.027+0800][19.677s][info][gc,load     ] GC(186) Load: 0.78/0.42/0.26
[2026-06-18T16:37:02.028+0800][19.677s][info][gc,mmu      ] GC(186) MMU: 2ms/39.9%, 5ms/76.0%, 10ms/85.1%, 20ms/91.7%, 50ms/96.5%, 100ms/97.5%
[2026-06-18T16:37:02.028+0800][19.677s][info][gc,marking  ] GC(186) Mark: 2 stripe(s), 1 proactive flush(es), 1 terminate flush(es), 0 completion(s), 0 continuation(s) 
[2026-06-18T16:37:02.028+0800][19.678s][info][gc,reloc    ] GC(186) Relocation: Successful, 29M relocated
[2026-06-18T16:37:02.029+0800][19.678s][info][gc,nmethod  ] GC(186) NMethods: 23 registered, 0 unregistered
[2026-06-18T16:37:02.029+0800][19.678s][info][gc,metaspace] GC(186) Metaspace: 3M used, 4M capacity, 4M committed, 8M reserved
[2026-06-18T16:37:02.029+0800][19.679s][info][gc,ref      ] GC(186) Soft: 43 encountered, 0 discovered, 0 enqueued
[2026-06-18T16:37:02.030+0800][19.679s][info][gc,ref      ] GC(186) Weak: 7 encountered, 0 discovered, 0 enqueued
[2026-06-18T16:37:02.030+0800][19.679s][info][gc,ref      ] GC(186) Final: 0 encountered, 0 discovered, 0 enqueued
[2026-06-18T16:37:02.030+0800][19.679s][info][gc,ref      ] GC(186) Phantom: 1 encountered, 0 discovered, 0 enqueued
[2026-06-18T16:37:02.030+0800][19.680s][info][gc,heap     ] GC(186)                Mark Start          Mark End        Relocate Start      Relocate End           High               Low         
[2026-06-18T16:37:02.031+0800][19.680s][info][gc,heap     ] GC(186)  Capacity:      256M (100%)        256M (100%)        256M (100%)        256M (100%)        256M (100%)        256M (100%)   
[2026-06-18T16:37:02.031+0800][19.680s][info][gc,heap     ] GC(186)   Reserve:       62M (24%)          62M (24%)          62M (24%)          62M (24%)          62M (24%)          62M (24%)    
[2026-06-18T16:37:02.031+0800][19.680s][info][gc,heap     ] GC(186)      Free:       78M (30%)          78M (30%)         126M (49%)         144M (56%)         144M (56%)          78M (30%)    
[2026-06-18T16:37:02.031+0800][19.681s][info][gc,heap     ] GC(186)      Used:      116M (45%)         116M (45%)          68M (27%)          50M (20%)         116M (45%)          50M (20%)    
[2026-06-18T16:37:02.032+0800][19.681s][info][gc,heap     ] GC(186)      Live:         -                29M (11%)          29M (11%)          29M (11%)            -                  -          
[2026-06-18T16:37:02.032+0800][19.681s][info][gc,heap     ] GC(186) Allocated:         -                 0M (0%)            4M (2%)           16M (6%)             -                  -          
[2026-06-18T16:37:02.032+0800][19.681s][info][gc,heap     ] GC(186)   Garbage:         -                86M (34%)          34M (14%)          16M (7%)             -                  -          
[2026-06-18T16:37:02.032+0800][19.682s][info][gc,heap     ] GC(186) Reclaimed:         -                  -                52M (20%)          70M (27%)            -                  -          
[2026-06-18T16:37:02.033+0800][19.682s][info][gc          ] GC(186) Garbage Collection (Allocation Rate) 116M(45%)->50M(20%)
[2026-06-18T16:37:02.113+0800][19.763s][info][gc,start    ] GC(187) Garbage Collection (Allocation Rate)
[2026-06-18T16:37:02.131+0800][19.780s][info][gc,phases   ] GC(187) Pause Mark Start 0.786ms
[2026-06-18T16:37:02.137+0800][19.786s][info][gc,phases   ] GC(187) Concurrent Mark 2.454ms
[2026-06-18T16:37:02.141+0800][19.790s][info][gc,phases   ] GC(187) Pause Mark End 1.050ms
[2026-06-18T16:37:02.144+0800][19.793s][info][gc,phases   ] GC(187) Concurrent Process Non-Strong References 0.778ms
[2026-06-18T16:37:02.145+0800][19.794s][info][gc,phases   ] GC(187) Concurrent Reset Relocation Set 0.008ms
[2026-06-18T16:37:02.146+0800][19.795s][info][gc,phases   ] GC(187) Concurrent Destroy Detached Pages 0.001ms
[2026-06-18T16:37:02.147+0800][19.796s][info][gc,phases   ] GC(187) Concurrent Select Relocation Set 0.453ms
[2026-06-18T16:37:02.148+0800][19.797s][info][gc,phases   ] GC(187) Concurrent Prepare Relocation Set 0.010ms
[2026-06-18T16:37:02.149+0800][19.798s][info][gc,phases   ] GC(187) Pause Relocate Start 0.165ms
[2026-06-18T16:37:02.151+0800][19.800s][info][gc,phases   ] GC(187) Concurrent Relocate 1.244ms
[2026-06-18T16:37:02.152+0800][19.801s][info][gc,load     ] GC(187) Load: 0.78/0.42/0.26
[2026-06-18T16:37:02.153+0800][19.803s][info][gc,mmu      ] GC(187) MMU: 2ms/39.9%, 5ms/76.0%, 10ms/85.1%, 20ms/90.0%, 50ms/96.0%, 100ms/97.5%
[2026-06-18T16:37:02.154+0800][19.804s][info][gc,marking  ] GC(187) Mark: 2 stripe(s), 2 proactive flush(es), 1 terminate flush(es), 0 completion(s), 0 continuation(s) 
[2026-06-18T16:37:02.155+0800][19.805s][info][gc,reloc    ] GC(187) Relocation: Successful, 19M relocated
[2026-06-18T16:37:02.156+0800][19.806s][info][gc,nmethod  ] GC(187) NMethods: 23 registered, 0 unregistered
[2026-06-18T16:37:02.157+0800][19.806s][info][gc,metaspace] GC(187) Metaspace: 3M used, 4M capacity, 4M committed, 8M reserved
[2026-06-18T16:37:02.158+0800][19.807s][info][gc,ref      ] GC(187) Soft: 43 encountered, 0 discovered, 0 enqueued
[2026-06-18T16:37:02.158+0800][19.808s][info][gc,ref      ] GC(187) Weak: 7 encountered, 0 discovered, 0 enqueued
[2026-06-18T16:37:02.160+0800][19.809s][info][gc,ref      ] GC(187) Final: 0 encountered, 0 discovered, 0 enqueued
[2026-06-18T16:37:02.161+0800][19.810s][info][gc,ref      ] GC(187) Phantom: 1 encountered, 0 discovered, 0 enqueued
[2026-06-18T16:37:02.162+0800][19.811s][info][gc,heap     ] GC(187)                Mark Start          Mark End        Relocate Start      Relocate End           High               Low         
[2026-06-18T16:37:02.163+0800][19.812s][info][gc,heap     ] GC(187)  Capacity:      256M (100%)        256M (100%)        256M (100%)        256M (100%)        256M (100%)        256M (100%)   
[2026-06-18T16:37:02.164+0800][19.814s][info][gc,heap     ] GC(187)   Reserve:       62M (24%)          62M (24%)          62M (24%)          62M (24%)          62M (24%)          62M (24%)    
[2026-06-18T16:37:02.165+0800][19.815s][info][gc,heap     ] GC(187)      Free:       78M (30%)          74M (29%)          70M (27%)         142M (55%)         142M (55%)          38M (15%)    
[2026-06-18T16:37:02.166+0800][19.816s][info][gc,heap     ] GC(187)      Used:      116M (45%)         120M (47%)         124M (48%)          52M (20%)         156M (61%)          52M (20%)    
[2026-06-18T16:37:02.168+0800][19.817s][info][gc,heap     ] GC(187)      Live:         -                19M (8%)           19M (8%)           19M (8%)             -                  -          
[2026-06-18T16:37:02.169+0800][19.818s][info][gc,heap     ] GC(187) Allocated:         -                 4M (2%)           40M (16%)          50M (20%)            -                  -          
[2026-06-18T16:37:02.170+0800][19.819s][info][gc,heap     ] GC(187)   Garbage:         -                96M (38%)          64M (25%)    17592186044408M (6         -                  -          
[2026-06-18T16:37:02.171+0800][19.821s][info][gc,heap     ] GC(187) Reclaimed:         -                  -                32M (12%)         104M (41%)            -                  -          
[2026-06-18T16:37:02.173+0800][19.822s][info][gc          ] GC(187) Garbage Collection (Allocation Rate) 116M(45%)->52M(20%)
[2026-06-18T16:37:02.213+0800][19.863s][info][gc,start    ] GC(188) Garbage Collection (Allocation Rate)
[2026-06-18T16:37:02.216+0800][19.866s][info][gc,phases   ] GC(188) Pause Mark Start 0.455ms
[2026-06-18T16:37:02.220+0800][19.870s][info][gc,phases   ] GC(188) Concurrent Mark 2.121ms
[2026-06-18T16:37:02.222+0800][19.871s][info][gc,phases   ] GC(188) Pause Mark End 0.267ms
[2026-06-18T16:37:02.223+0800][19.872s][info][gc,phases   ] GC(188) Concurrent Process Non-Strong References 0.075ms
[2026-06-18T16:37:02.224+0800][19.873s][info][gc,phases   ] GC(188) Concurrent Reset Relocation Set 0.002ms
[2026-06-18T16:37:02.225+0800][19.874s][info][gc,phases   ] GC(188) Concurrent Destroy Detached Pages 0.001ms
[2026-06-18T16:37:02.226+0800][19.876s][info][gc,phases   ] GC(188) Concurrent Select Relocation Set 0.482ms
[2026-06-18T16:37:02.227+0800][19.876s][info][gc,phases   ] GC(188) Concurrent Prepare Relocation Set 0.003ms
[2026-06-18T16:37:02.228+0800][19.877s][info][gc,phases   ] GC(188) Pause Relocate Start 0.146ms
[2026-06-18T16:37:02.230+0800][19.879s][info][gc,phases   ] GC(188) Concurrent Relocate 0.276ms
[2026-06-18T16:37:02.231+0800][19.880s][info][gc,load     ] GC(188) Load: 0.78/0.42/0.26
[2026-06-18T16:37:02.232+0800][19.881s][info][gc,mmu      ] GC(188) MMU: 2ms/39.9%, 5ms/76.0%, 10ms/85.1%, 20ms/90.0%, 50ms/96.0%, 100ms/97.1%
[2026-06-18T16:37:02.233+0800][19.882s][info][gc,marking  ] GC(188) Mark: 2 stripe(s), 2 proactive flush(es), 1 terminate flush(es), 0 completion(s), 0 continuation(s) 
[2026-06-18T16:37:02.234+0800][19.884s][info][gc,reloc    ] GC(188) Relocation: Successful, 21M relocated
[2026-06-18T16:37:02.235+0800][19.885s][info][gc,nmethod  ] GC(188) NMethods: 23 registered, 0 unregistered
[2026-06-18T16:37:02.237+0800][19.886s][info][gc,metaspace] GC(188) Metaspace: 3M used, 4M capacity, 4M committed, 8M reserved
[2026-06-18T16:37:02.238+0800][19.887s][info][gc,ref      ] GC(188) Soft: 43 encountered, 0 discovered, 0 enqueued
[2026-06-18T16:37:02.239+0800][19.889s][info][gc,ref      ] GC(188) Weak: 7 encountered, 2 discovered, 0 enqueued
[2026-06-18T16:37:02.241+0800][19.890s][info][gc,ref      ] GC(188) Final: 0 encountered, 0 discovered, 0 enqueued
[2026-06-18T16:37:02.242+0800][19.892s][info][gc,ref      ] GC(188) Phantom: 1 encountered, 1 discovered, 0 enqueued
[2026-06-18T16:37:02.245+0800][19.895s][info][gc,heap     ] GC(188)                Mark Start          Mark End        Relocate Start      Relocate End           High               Low         
[2026-06-18T16:37:02.247+0800][19.897s][info][gc,heap     ] GC(188)  Capacity:      256M (100%)        256M (100%)        256M (100%)        256M (100%)        256M (100%)        256M (100%)   
[2026-06-18T16:37:02.250+0800][19.899s][info][gc,heap     ] GC(188)   Reserve:       62M (24%)          62M (24%)          62M (24%)          62M (24%)          62M (24%)          62M (24%)    
[2026-06-18T16:37:02.254+0800][19.903s][info][gc,heap     ] GC(188)      Free:      118M (46%)         114M (45%)         138M (54%)         142M (55%)         142M (55%)         114M (45%)    
[2026-06-18T16:37:02.258+0800][19.907s][info][gc,heap     ] GC(188)      Used:       76M (30%)          80M (31%)          56M (22%)          52M (20%)          80M (31%)          52M (20%)    
[2026-06-18T16:37:02.260+0800][19.909s][info][gc,heap     ] GC(188)      Live:         -                25M (10%)          25M (10%)          25M (10%)            -                  -          
[2026-06-18T16:37:02.261+0800][19.910s][info][gc,heap     ] GC(188) Allocated:         -                 4M (2%)            4M (2%)           14M (5%)             -                  -          
[2026-06-18T16:37:02.262+0800][19.911s][info][gc,heap     ] GC(188)   Garbage:         -                50M (20%)          26M (10%)          18M (7%)             -                  -          
[2026-06-18T16:37:02.264+0800][19.913s][info][gc,heap     ] GC(188) Reclaimed:         -                  -                24M (9%)           32M (12%)            -                  -          
[2026-06-18T16:37:02.266+0800][19.915s][info][gc          ] GC(188) Garbage Collection (Allocation Rate) 76M(30%)->52M(20%)
[2026-06-18T16:37:02.314+0800][19.963s][info][gc,start    ] GC(189) Garbage Collection (Allocation Rate)
[2026-06-18T16:37:02.319+0800][19.968s][info][gc,phases   ] GC(189) Pause Mark Start 0.505ms
[2026-06-18T16:37:02.323+0800][19.973s][info][gc,phases   ] GC(189) Concurrent Mark 1.873ms
[2026-06-18T16:37:02.326+0800][19.975s][info][gc,phases   ] GC(189) Pause Mark End 0.313ms
[2026-06-18T16:37:02.327+0800][19.976s][info][gc,phases   ] GC(189) Concurrent Process Non-Strong References 0.114ms
[2026-06-18T16:37:02.330+0800][19.979s][info][gc,phases   ] GC(189) Concurrent Reset Relocation Set 0.002ms
[2026-06-18T16:37:02.331+0800][19.980s][info][gc,phases   ] GC(189) Concurrent Destroy Detached Pages 0.001ms
[2026-06-18T16:37:02.334+0800][19.984s][info][gc,phases   ] GC(189) Concurrent Select Relocation Set 1.437ms
[2026-06-18T16:37:02.337+0800][19.986s][info][gc,phases   ] GC(189) Concurrent Prepare Relocation Set 0.009ms
[2026-06-18T16:37:02.339+0800][19.988s][info][gc,phases   ] GC(189) Pause Relocate Start 0.334ms
[2026-06-18T16:37:02.342+0800][19.991s][info][gc,phases   ] GC(189) Concurrent Relocate 1.390ms
[2026-06-18T16:37:02.344+0800][19.993s][info][gc,load     ] GC(189) Load: 0.78/0.42/0.26
[2026-06-18T16:37:02.344+0800][19.994s][info][gc,mmu      ] GC(189) MMU: 2ms/39.9%, 5ms/76.0%, 10ms/85.1%, 20ms/90.0%, 50ms/96.0%, 100ms/97.1%
[2026-06-18T16:37:02.345+0800][19.994s][info][gc,marking  ] GC(189) Mark: 2 stripe(s), 1 proactive flush(es), 1 terminate flush(es), 0 completion(s), 0 continuation(s) 
[2026-06-18T16:37:02.345+0800][19.994s][info][gc,reloc    ] GC(189) Relocation: Successful, 23M relocated
[2026-06-18T16:37:02.346+0800][19.995s][info][gc,nmethod  ] GC(189) NMethods: 23 registered, 0 unregistered
[2026-06-18T16:37:02.346+0800][19.995s][info][gc,metaspace] GC(189) Metaspace: 3M used, 4M capacity, 4M committed, 8M reserved
[2026-06-18T16:37:02.346+0800][19.995s][info][gc,ref      ] GC(189) Soft: 43 encountered, 0 discovered, 0 enqueued
[2026-06-18T16:37:02.346+0800][19.996s][info][gc,ref      ] GC(189) Weak: 7 encountered, 0 discovered, 0 enqueued
[2026-06-18T16:37:02.347+0800][19.996s][info][gc,ref      ] GC(189) Final: 0 encountered, 0 discovered, 0 enqueued
[2026-06-18T16:37:02.347+0800][19.997s][info][gc,ref      ] GC(189) Phantom: 1 encountered, 1 discovered, 0 enqueued
[2026-06-18T16:37:02.348+0800][19.997s][info][gc,heap     ] GC(189)                Mark Start          Mark End        Relocate Start      Relocate End           High               Low         
[2026-06-18T16:37:02.348+0800][19.997s][info][gc,heap     ] GC(189)  Capacity:      256M (100%)        256M (100%)        256M (100%)        256M (100%)        256M (100%)        256M (100%)   
[2026-06-18T16:37:02.348+0800][19.998s][info][gc,heap     ] GC(189)   Reserve:       62M (24%)          62M (24%)          62M (24%)          62M (24%)          62M (24%)          62M (24%)    
[2026-06-18T16:37:02.349+0800][19.998s][info][gc,heap     ] GC(189)      Free:       78M (30%)          74M (29%)          70M (27%)         140M (55%)         140M (55%)          64M (25%)    
[2026-06-18T16:37:02.349+0800][19.998s][info][gc,heap     ] GC(189)      Used:      116M (45%)         120M (47%)         124M (48%)          54M (21%)         130M (51%)          54M (21%)    
[2026-06-18T16:37:02.349+0800][19.998s][info][gc,heap     ] GC(189)      Live:         -                23M (9%)           23M (9%)           23M (9%)             -                  -          
[2026-06-18T16:37:02.349+0800][19.999s][info][gc,heap     ] GC(189) Allocated:         -                 4M (2%)           42M (16%)          50M (20%)            -                  -          
[2026-06-18T16:37:02.350+0800][19.999s][info][gc,heap     ] GC(189)   Garbage:         -                92M (36%)          58M (23%)    17592186044404M (6         -                  -          
[2026-06-18T16:37:02.350+0800][19.999s][info][gc,heap     ] GC(189) Reclaimed:         -                  -                34M (13%)         104M (41%)            -                  -          
[2026-06-18T16:37:02.350+0800][20.000s][info][gc          ] GC(189) Garbage Collection (Allocation Rate) 116M(45%)->54M(21%)
[2026-06-18T16:37:02.414+0800][20.063s][info][gc,stats    ] === Garbage Collection Statistics =======================================================================================================================
[2026-06-18T16:37:02.425+0800][20.074s][info][gc,stats    ]                                                              Last 10s              Last 10m              Last 10h                Total
[2026-06-18T16:37:02.436+0800][20.086s][info][gc,stats    ]                                                              Avg / Max             Avg / Max             Avg / Max             Avg / Max
[2026-06-18T16:37:02.445+0800][20.094s][info][gc,stats    ]   Collector: Garbage Collection Cycle                     27.753 / 153.627      26.019 / 153.627      26.019 / 153.627      26.019 / 153.627     ms
[2026-06-18T16:37:02.449+0800][20.098s][info][gc,stats    ]  Contention: Mark Segment Reset Contention                     0 / 1                 0 / 4                 0 / 4                 0 / 4           ops/s
[2026-06-18T16:37:02.453+0800][20.102s][info][gc,stats    ]  Contention: Mark SeqNum Reset Contention                      0 / 0                 0 / 0                 0 / 0                 0 / 0           ops/s
[2026-06-18T16:37:02.457+0800][20.107s][info][gc,stats    ]  Contention: Relocation Contention                             2 / 10                3 / 10                3 / 10                3 / 10          ops/s
[2026-06-18T16:37:02.462+0800][20.112s][info][gc,stats    ]    Critical: Allocation Stall                             21.511 / 21.511       21.511 / 21.511       21.511 / 21.511       21.511 / 21.511      ms
[2026-06-18T16:37:02.466+0800][20.115s][info][gc,stats    ]    Critical: Allocation Stall                                  0 / 1                 0 / 1                 0 / 1                 0 / 1           ops/s
[2026-06-18T16:37:02.470+0800][20.119s][info][gc,stats    ]    Critical: GC Locker Stall                               0.000 / 0.000         0.000 / 0.000         0.000 / 0.000         0.000 / 0.000       ms
[2026-06-18T16:37:02.472+0800][20.121s][info][gc,stats    ]    Critical: GC Locker Stall                                   0 / 0                 0 / 0                 0 / 0                 0 / 0           ops/s
[2026-06-18T16:37:02.473+0800][20.123s][info][gc,stats    ]      Memory: Allocation Rate                                 594 / 630             591 / 642             591 / 642             591 / 642         MB/s
[2026-06-18T16:37:02.477+0800][20.126s][info][gc,stats    ]      Memory: Heap Used After Mark                            110 / 186             107 / 186             107 / 186             107 / 186         MB
[2026-06-18T16:37:02.481+0800][20.130s][info][gc,stats    ]      Memory: Heap Used After Relocation                       59 / 118              61 / 118              61 / 118              61 / 118         MB
[2026-06-18T16:37:02.490+0800][20.139s][info][gc,stats    ]      Memory: Heap Used Before Mark                            98 / 172              96 / 172              96 / 172              96 / 172         MB
[2026-06-18T16:37:02.496+0800][20.145s][info][gc,stats    ]      Memory: Heap Used Before Relocation                      92 / 144              91 / 144              91 / 144              91 / 144         MB
[2026-06-18T16:37:02.500+0800][20.149s][info][gc,stats    ]      Memory: Out Of Memory                                     0 / 0                 0 / 0                 0 / 0                 0 / 0           ops/s
[2026-06-18T16:37:02.504+0800][20.153s][info][gc,stats    ]      Memory: Page Cache Flush                                 15 / 66                9 / 66                9 / 66                9 / 66          MB/s
[2026-06-18T16:37:02.507+0800][20.156s][info][gc,stats    ]      Memory: Page Cache Hit L1                               223 / 235             221 / 237             221 / 237             221 / 237         ops/s
[2026-06-18T16:37:02.509+0800][20.159s][info][gc,stats    ]      Memory: Page Cache Hit L2                                 0 / 0                 0 / 0                 0 / 0                 0 / 0           ops/s
[2026-06-18T16:37:02.513+0800][20.163s][info][gc,stats    ]      Memory: Page Cache Miss                                   1 / 8                 3 / 32                3 / 32                3 / 32          ops/s
[2026-06-18T16:37:02.521+0800][20.170s][info][gc,stats    ]      Memory: Undo Object Allocation Failed                     0 / 5                 0 / 5                 0 / 5                 0 / 5           ops/s
[2026-06-18T16:37:02.526+0800][20.176s][info][gc,stats    ]      Memory: Undo Object Allocation Succeeded                  2 / 5                 2 / 6                 2 / 6                 2 / 6           ops/s
[2026-06-18T16:37:02.530+0800][20.179s][info][gc,stats    ]      Memory: Undo Page Allocation                              0 / 0                 0 / 1                 0 / 1                 0 / 1           ops/s
[2026-06-18T16:37:02.414+0800][20.063s][info][gc,start    ] GC(190) Garbage Collection (Allocation Rate)
[2026-06-18T16:37:02.531+0800][20.181s][info][gc,stats    ]       Phase: Concurrent Destroy Detached Pages             0.016 / 1.298         0.008 / 1.298         0.008 / 1.298         0.008 / 1.298       ms
[2026-06-18T16:37:02.538+0800][20.187s][info][gc,stats    ]       Phase: Concurrent Mark                               1.996 / 5.062         1.875 / 5.062         1.875 / 5.062         1.875 / 5.062       ms
[2026-06-18T16:37:02.540+0800][20.189s][info][gc,stats    ]       Phase: Concurrent Mark Continue                      0.000 / 0.000         0.000 / 0.000         0.000 / 0.000         0.000 / 0.000       ms
[2026-06-18T16:37:02.536+0800][20.185s][info][gc,phases   ] GC(190) Pause Mark Start 0.144ms
[2026-06-18T16:37:02.543+0800][20.192s][info][gc,stats    ]       Phase: Concurrent Prepare Relocation Set             0.008 / 0.028         0.011 / 0.169         0.011 / 0.169         0.011 / 0.169       ms
[2026-06-18T16:37:02.547+0800][20.196s][info][gc,stats    ]       Phase: Concurrent Process Non-Strong References      0.227 / 0.778         0.204 / 0.816         0.204 / 0.816         0.204 / 0.816       ms
[2026-06-18T16:37:02.549+0800][20.198s][info][gc,stats    ]       Phase: Concurrent Relocate                           1.075 / 4.010         1.075 / 4.010         1.075 / 4.010         1.075 / 4.010       ms
[2026-06-18T16:37:02.548+0800][20.197s][info][gc,phases   ] GC(190) Concurrent Mark 1.939ms
[2026-06-18T16:37:02.551+0800][20.200s][info][gc,stats    ]       Phase: Concurrent Reset Relocation Set               0.004 / 0.009         0.004 / 0.037         0.004 / 0.037         0.004 / 0.037       ms
[2026-06-18T16:37:02.553+0800][20.202s][info][gc,phases   ] GC(190) Pause Mark End 0.298ms
[2026-06-18T16:37:02.555+0800][20.204s][info][gc,stats    ]       Phase: Concurrent Select Relocation Set              0.917 / 6.754         0.869 / 6.754         0.869 / 6.754         0.869 / 6.754       ms
[2026-06-18T16:37:02.557+0800][20.206s][info][gc,phases   ] GC(190) Concurrent Process Non-Strong References 0.084ms
[2026-06-18T16:37:02.557+0800][20.206s][info][gc,heap     ] Page Cache Flushed: 2M requested, 32M(64M->32M) flushed
[2026-06-18T16:37:02.559+0800][20.208s][info][gc,stats    ]       Phase: Pause Mark End                                0.548 / 1.202         0.487 / 1.202         0.487 / 1.202         0.487 / 1.202       ms
[2026-06-18T16:37:02.567+0800][20.216s][info][gc,stats    ]       Phase: Pause Mark Start                              0.423 / 0.965         0.398 / 0.965         0.398 / 0.965         0.398 / 0.965       ms
[2026-06-18T16:37:02.570+0800][20.219s][info][gc,stats    ]       Phase: Pause Relocate Start                          0.210 / 0.494         0.229 / 0.528         0.229 / 0.528         0.229 / 0.528       ms
[2026-06-18T16:37:02.578+0800][20.227s][info][gc,stats    ]    Subphase: Concurrent Mark                               1.448 / 4.931         1.331 / 4.931         1.331 / 4.931         1.331 / 4.931       ms
[2026-06-18T16:37:02.585+0800][20.235s][info][gc,stats    ]    Subphase: Concurrent Mark Idle                          1.172 / 1.507         1.159 / 1.507         1.159 / 1.507         1.159 / 1.507       ms
[2026-06-18T16:37:02.593+0800][20.243s][info][gc,stats    ]    Subphase: Concurrent Mark Try Flush                     0.152 / 3.512         0.120 / 3.512         0.120 / 3.512         0.120 / 3.512       ms
[2026-06-18T16:37:02.596+0800][20.246s][info][gc,stats    ]    Subphase: Concurrent Mark Try Terminate                 0.629 / 1.513         0.652 / 1.513         0.652 / 1.513         0.652 / 1.513       ms
[2026-06-18T16:37:02.599+0800][20.248s][info][gc,stats    ]    Subphase: Concurrent References Enqueue                 0.000 / 0.001         0.000 / 0.001         0.000 / 0.001         0.000 / 0.001       ms
[2026-06-18T16:37:02.601+0800][20.251s][info][gc,stats    ]    Subphase: Concurrent References Process                 0.099 / 0.312         0.089 / 0.413         0.089 / 0.413         0.089 / 0.413       ms
[2026-06-18T16:37:02.605+0800][20.254s][info][gc,stats    ]    Subphase: Concurrent Weak Roots                         0.021 / 0.338         0.017 / 0.338         0.017 / 0.338         0.017 / 0.338       ms
[2026-06-18T16:37:02.607+0800][20.256s][info][gc,stats    ]    Subphase: Concurrent Weak Roots JNIWeakHandles          0.001 / 0.013         0.000 / 0.013         0.000 / 0.013         0.000 / 0.013       ms
[2026-06-18T16:37:02.609+0800][20.259s][info][gc,stats    ]    Subphase: Concurrent Weak Roots StringTable             0.028 / 0.332         0.025 / 0.332         0.025 / 0.332         0.025 / 0.332       ms
[2026-06-18T16:37:02.612+0800][20.262s][info][gc,stats    ]    Subphase: Concurrent Weak Roots VMWeakHandles           0.002 / 0.005         0.002 / 0.006         0.002 / 0.006         0.002 / 0.006       ms
[2026-06-18T16:37:02.615+0800][20.264s][info][gc,stats    ]    Subphase: Pause Mark Try Complete                       0.000 / 0.000         0.000 / 0.000         0.000 / 0.000         0.000 / 0.000       ms
[2026-06-18T16:37:02.618+0800][20.268s][info][gc,stats    ]    Subphase: Pause Remap TLABS                             0.001 / 0.002         0.001 / 0.002         0.001 / 0.002         0.001 / 0.002       ms
[2026-06-18T16:37:02.620+0800][20.270s][info][gc,stats    ]    Subphase: Pause Retire TLABS                            0.007 / 0.013         0.007 / 0.040         0.007 / 0.040         0.007 / 0.040       ms
[2026-06-18T16:37:02.623+0800][20.273s][info][gc,stats    ]    Subphase: Pause Roots                                   0.005 / 0.239         0.005 / 0.239         0.005 / 0.239         0.005 / 0.239       ms
[2026-06-18T16:37:02.626+0800][20.275s][info][gc,stats    ]    Subphase: Pause Roots ClassLoaderDataGraph              0.019 / 0.130         0.020 / 0.167         0.020 / 0.167         0.020 / 0.167       ms
[2026-06-18T16:37:02.643+0800][20.292s][info][gc,stats    ]    Subphase: Pause Roots CodeCache                         0.011 / 0.201         0.009 / 0.201         0.009 / 0.201         0.009 / 0.201       ms
[2026-06-18T16:37:02.662+0800][20.312s][info][gc,stats    ]    Subphase: Pause Roots JNIHandles                        0.001 / 0.014         0.002 / 0.017         0.002 / 0.017         0.002 / 0.017       ms
[2026-06-18T16:37:02.669+0800][20.318s][info][gc,stats    ]    Subphase: Pause Roots JNIWeakHandles                    0.000 / 0.000         0.000 / 0.000         0.000 / 0.000         0.000 / 0.000       ms
[2026-06-18T16:37:02.676+0800][20.326s][info][gc,stats    ]    Subphase: Pause Roots JRFWeak                           0.000 / 0.000         0.000 / 0.000         0.000 / 0.000         0.000 / 0.000       ms
[2026-06-18T16:37:02.679+0800][20.328s][info][gc,stats    ]    Subphase: Pause Roots JVMTIExport                       0.001 / 0.002         0.001 / 0.005         0.001 / 0.005         0.001 / 0.005       ms
[2026-06-18T16:37:02.681+0800][20.330s][info][gc,stats    ]    Subphase: Pause Roots JVMTIWeakExport                   0.000 / 0.001         0.000 / 0.001         0.000 / 0.001         0.000 / 0.001       ms
[2026-06-18T16:37:02.685+0800][20.335s][info][gc,stats    ]    Subphase: Pause Roots Management                        0.002 / 0.006         0.002 / 0.006         0.002 / 0.006         0.002 / 0.006       ms
[2026-06-18T16:37:02.694+0800][20.343s][info][gc,stats    ]    Subphase: Pause Roots ObjectSynchronizer                0.000 / 0.001         0.000 / 0.001         0.000 / 0.001         0.000 / 0.001       ms
[2026-06-18T16:37:02.702+0800][20.351s][info][gc,stats    ]    Subphase: Pause Roots Setup                             0.001 / 0.002         0.001 / 0.009         0.001 / 0.009         0.001 / 0.009       ms
[2026-06-18T16:37:02.708+0800][20.357s][info][gc,stats    ]    Subphase: Pause Roots StringTable                       0.000 / 0.000         0.000 / 0.000         0.000 / 0.000         0.000 / 0.000       ms
[2026-06-18T16:37:02.561+0800][20.210s][info][gc,phases   ] GC(190) Concurrent Reset Relocation Set 0.007ms
[2026-06-18T16:37:02.710+0800][20.360s][info][gc,stats    ]    Subphase: Pause Roots SystemDictionary                  0.002 / 0.005         0.002 / 0.007         0.002 / 0.007         0.002 / 0.007       ms
[2026-06-18T16:37:02.723+0800][20.373s][info][gc,stats    ]    Subphase: Pause Roots Teardown                          0.001 / 0.004         0.001 / 0.009         0.001 / 0.009         0.001 / 0.009       ms
[2026-06-18T16:37:02.719+0800][20.368s][info][gc,phases   ] GC(190) Concurrent Destroy Detached Pages 0.007ms
[2026-06-18T16:37:02.727+0800][20.376s][info][gc,stats    ]    Subphase: Pause Roots Threads                           0.019 / 0.115         0.019 / 0.147         0.019 / 0.147         0.019 / 0.147       ms
[2026-06-18T16:37:02.734+0800][20.383s][info][gc,stats    ]    Subphase: Pause Roots Universe                          0.005 / 0.014         0.005 / 0.038         0.005 / 0.038         0.005 / 0.038       ms
[2026-06-18T16:37:02.738+0800][20.388s][info][gc,stats    ]    Subphase: Pause Roots VMWeakHandles                     0.000 / 0.000         0.000 / 0.000         0.000 / 0.000         0.000 / 0.000       ms
[2026-06-18T16:37:02.740+0800][20.389s][info][gc,stats    ]    Subphase: Pause Weak Roots                              0.000 / 0.056         0.000 / 0.056         0.000 / 0.056         0.000 / 0.056       ms
[2026-06-18T16:37:02.741+0800][20.391s][info][gc,stats    ]    Subphase: Pause Weak Roots JFRWeak                      0.001 / 0.001         0.001 / 0.001         0.001 / 0.001         0.001 / 0.001       ms
[2026-06-18T16:37:02.744+0800][20.394s][info][gc,stats    ]    Subphase: Pause Weak Roots JNIWeakHandles               0.000 / 0.000         0.000 / 0.000         0.000 / 0.000         0.000 / 0.000       ms
[2026-06-18T16:37:02.747+0800][20.396s][info][gc,stats    ]    Subphase: Pause Weak Roots JVMTIWeakExport              0.001 / 0.055         0.001 / 0.055         0.001 / 0.055         0.001 / 0.055       ms
[2026-06-18T16:37:02.752+0800][20.401s][info][gc,stats    ]    Subphase: Pause Weak Roots Setup                        0.000 / 0.000         0.000 / 0.000         0.000 / 0.000         0.000 / 0.000       ms
[2026-06-18T16:37:02.730+0800][20.379s][info][gc,phases   ] GC(190) Concurrent Select Relocation Set 0.709ms
[2026-06-18T16:37:02.729+0800][20.379s][info][gc          ] Allocation Stall (main) 61.923ms
[2026-06-18T16:37:02.753+0800][20.402s][info][gc,stats    ]    Subphase: Pause Weak Roots StringTable                  0.000 / 0.000         0.000 / 0.000         0.000 / 0.000         0.000 / 0.000       ms
[2026-06-18T16:37:02.754+0800][20.403s][info][gc,phases   ] GC(190) Concurrent Prepare Relocation Set 0.024ms
[2026-06-18T16:37:02.756+0800][20.405s][info][gc,stats    ]    Subphase: Pause Weak Roots SymbolTable                  0.000 / 0.000         0.000 / 0.000         0.000 / 0.000         0.000 / 0.000       ms
[2026-06-18T16:37:02.757+0800][20.407s][info][gc,phases   ] GC(190) Pause Relocate Start 0.362ms
[2026-06-18T16:37:02.758+0800][20.407s][info][gc,stats    ]    Subphase: Pause Weak Roots Teardown                     0.001 / 0.002         0.001 / 0.002         0.001 / 0.002         0.001 / 0.002       ms
[2026-06-18T16:37:02.760+0800][20.409s][info][gc,stats    ]    Subphase: Pause Weak Roots VMWeakHandles                0.000 / 0.000         0.000 / 0.000         0.000 / 0.000         0.000 / 0.000       ms
[2026-06-18T16:37:02.760+0800][20.410s][info][gc,stats    ]      System: Java Threads                                     10 / 10               10 / 11               10 / 11               10 / 11          threads
[2026-06-18T16:37:02.759+0800][20.409s][info][gc,phases   ] GC(190) Concurrent Relocate 0.677ms
[2026-06-18T16:37:02.761+0800][20.410s][info][gc,stats    ] =========================================================================================================================================================
[2026-06-18T16:37:02.761+0800][20.411s][info][gc,load     ] GC(190) Load: 0.78/0.42/0.26
[2026-06-18T16:37:02.763+0800][20.412s][info][gc,mmu      ] GC(190) MMU: 2ms/39.9%, 5ms/76.0%, 10ms/85.1%, 20ms/90.0%, 50ms/96.0%, 100ms/97.1%
[2026-06-18T16:37:02.763+0800][20.412s][info][gc,marking  ] GC(190) Mark: 2 stripe(s), 2 proactive flush(es), 1 terminate flush(es), 0 completion(s), 0 continuation(s) 
[2026-06-18T16:37:02.764+0800][20.413s][info][gc,reloc    ] GC(190) Relocation: Successful, 27M relocated
[2026-06-18T16:37:02.764+0800][20.413s][info][gc,nmethod  ] GC(190) NMethods: 23 registered, 0 unregistered
[2026-06-18T16:37:02.764+0800][20.414s][info][gc,metaspace] GC(190) Metaspace: 3M used, 4M capacity, 4M committed, 8M reserved
[2026-06-18T16:37:02.765+0800][20.414s][info][gc,ref      ] GC(190) Soft: 43 encountered, 0 discovered, 0 enqueued
[2026-06-18T16:37:02.765+0800][20.414s][info][gc,ref      ] GC(190) Weak: 7 encountered, 0 discovered, 0 enqueued
[2026-06-18T16:37:02.765+0800][20.415s][info][gc,ref      ] GC(190) Final: 0 encountered, 0 discovered, 0 enqueued
[2026-06-18T16:37:02.766+0800][20.415s][info][gc,ref      ] GC(190) Phantom: 1 encountered, 0 discovered, 0 enqueued
[2026-06-18T16:37:02.766+0800][20.415s][info][gc,heap     ] GC(190)                Mark Start          Mark End        Relocate Start      Relocate End           High               Low         
[2026-06-18T16:37:02.766+0800][20.416s][info][gc,heap     ] GC(190)  Capacity:      256M (100%)        256M (100%)        256M (100%)        256M (100%)        256M (100%)        256M (100%)   
[2026-06-18T16:37:02.767+0800][20.416s][info][gc,heap     ] GC(190)   Reserve:       62M (24%)          62M (24%)          62M (24%)          62M (24%)          62M (24%)          62M (24%)    
[2026-06-18T16:37:02.767+0800][20.416s][info][gc,heap     ] GC(190)      Free:       68M (27%)          64M (25%)          52M (20%)          76M (30%)          76M (30%)           0M (0%)     
[2026-06-18T16:37:02.767+0800][20.417s][info][gc,heap     ] GC(190)      Used:      126M (49%)         130M (51%)         142M (55%)         118M (46%)         194M (76%)         118M (46%)    
[2026-06-18T16:37:02.768+0800][20.417s][info][gc,heap     ] GC(190)      Live:         -                27M (11%)          27M (11%)          27M (11%)            -                  -          
[2026-06-18T16:37:02.768+0800][20.417s][info][gc,heap     ] GC(190) Allocated:         -                 4M (2%)           72M (28%)          84M (33%)            -                  -          
[2026-06-18T16:37:02.768+0800][20.417s][info][gc,heap     ] GC(190)   Garbage:         -                98M (38%)          42M (17%)          18M (7%)             -                  -          
[2026-06-18T16:37:02.768+0800][20.418s][info][gc,heap     ] GC(190) Reclaimed:         -                  -                56M (22%)          80M (31%)            -                  -          
[2026-06-18T16:37:02.769+0800][20.418s][info][gc          ] GC(190) Garbage Collection (Allocation Rate) 126M(49%)->118M(46%)
[2026-06-18T16:37:02.813+0800][20.463s][info][gc,start    ] GC(191) Garbage Collection (Allocation Rate)
[2026-06-18T16:37:02.817+0800][20.466s][info][gc,phases   ] GC(191) Pause Mark Start 0.496ms
[2026-06-18T16:37:02.823+0800][20.472s][info][gc,phases   ] GC(191) Concurrent Mark 2.217ms
[2026-06-18T16:37:02.825+0800][20.475s][info][gc,phases   ] GC(191) Pause Mark End 0.640ms
[2026-06-18T16:37:02.827+0800][20.476s][info][gc,phases   ] GC(191) Concurrent Process Non-Strong References 0.208ms
[2026-06-18T16:37:02.827+0800][20.477s][info][gc,phases   ] GC(191) Concurrent Reset Relocation Set 0.004ms
[2026-06-18T16:37:02.828+0800][20.478s][info][gc,phases   ] GC(191) Concurrent Destroy Detached Pages 0.001ms
[2026-06-18T16:37:02.830+0800][20.479s][info][gc,phases   ] GC(191) Concurrent Select Relocation Set 0.874ms
[2026-06-18T16:37:02.830+0800][20.480s][info][gc,phases   ] GC(191) Concurrent Prepare Relocation Set 0.007ms
[2026-06-18T16:37:02.831+0800][20.481s][info][gc,phases   ] GC(191) Pause Relocate Start 0.205ms
[2026-06-18T16:37:02.832+0800][20.481s][info][gc,heap     ] GC(191) Page Cache Flushed: 2M requested, 2M(94M->92M) flushed
[2026-06-18T16:37:02.835+0800][20.485s][info][gc,phases   ] GC(191) Concurrent Relocate 3.605ms
[2026-06-18T16:37:02.836+0800][20.485s][info][gc,load     ] GC(191) Load: 0.78/0.42/0.26
[2026-06-18T16:37:02.837+0800][20.486s][info][gc,mmu      ] GC(191) MMU: 2ms/39.9%, 5ms/76.0%, 10ms/85.1%, 20ms/90.0%, 50ms/96.0%, 100ms/97.1%
[2026-06-18T16:37:02.837+0800][20.486s][info][gc,marking  ] GC(191) Mark: 2 stripe(s), 2 proactive flush(es), 1 terminate flush(es), 0 completion(s), 0 continuation(s) 
[2026-06-18T16:37:02.837+0800][20.487s][info][gc,reloc    ] GC(191) Relocation: Successful, 26M relocated
[2026-06-18T16:37:02.838+0800][20.487s][info][gc,nmethod  ] GC(191) NMethods: 23 registered, 0 unregistered
[2026-06-18T16:37:02.838+0800][20.487s][info][gc,metaspace] GC(191) Metaspace: 3M used, 4M capacity, 4M committed, 8M reserved
[2026-06-18T16:37:02.838+0800][20.488s][info][gc,ref      ] GC(191) Soft: 43 encountered, 0 discovered, 0 enqueued
[2026-06-18T16:37:02.839+0800][20.488s][info][gc,ref      ] GC(191) Weak: 7 encountered, 2 discovered, 0 enqueued
[2026-06-18T16:37:02.839+0800][20.488s][info][gc,ref      ] GC(191) Final: 0 encountered, 0 discovered, 0 enqueued
[2026-06-18T16:37:02.839+0800][20.488s][info][gc,ref      ] GC(191) Phantom: 1 encountered, 1 discovered, 0 enqueued
[2026-06-18T16:37:02.839+0800][20.489s][info][gc,heap     ] GC(191)                Mark Start          Mark End        Relocate Start      Relocate End           High               Low         
[2026-06-18T16:37:02.840+0800][20.489s][info][gc,heap     ] GC(191)  Capacity:      256M (100%)        256M (100%)        256M (100%)        256M (100%)        256M (100%)        256M (100%)   
[2026-06-18T16:37:02.840+0800][20.489s][info][gc,heap     ] GC(191)   Reserve:       62M (24%)          62M (24%)          62M (24%)          62M (24%)          62M (24%)          62M (24%)    
[2026-06-18T16:37:02.840+0800][20.489s][info][gc,heap     ] GC(191)      Free:       56M (22%)          52M (20%)         100M (39%)         140M (55%)         140M (55%)          30M (12%)    
[2026-06-18T16:37:02.840+0800][20.490s][info][gc,heap     ] GC(191)      Used:      138M (54%)         142M (55%)          94M (37%)          54M (21%)         164M (64%)          54M (21%)    
[2026-06-18T16:37:02.841+0800][20.490s][info][gc,heap     ] GC(191)      Live:         -                28M (11%)          28M (11%)          28M (11%)            -                  -          
[2026-06-18T16:37:02.841+0800][20.490s][info][gc,heap     ] GC(191) Allocated:         -                 4M (2%)            4M (2%)           84M (33%)            -                  -          
[2026-06-18T16:37:02.841+0800][20.490s][info][gc,heap     ] GC(191)   Garbage:         -               109M (43%)          61M (24%)          49M (19%)            -                  -          
[2026-06-18T16:37:02.841+0800][20.491s][info][gc,heap     ] GC(191) Reclaimed:         -                  -                48M (19%)          60M (23%)            -                  -          
[2026-06-18T16:37:02.841+0800][20.491s][info][gc          ] GC(191) Garbage Collection (Allocation Rate) 138M(54%)->54M(21%)
[2026-06-18T16:37:02.914+0800][20.563s][info][gc,start    ] GC(192) Garbage Collection (Allocation Rate)
[2026-06-18T16:37:02.916+0800][20.566s][info][gc,phases   ] GC(192) Pause Mark Start 0.371ms
[2026-06-18T16:37:02.921+0800][20.570s][info][gc,phases   ] GC(192) Concurrent Mark 2.211ms
[2026-06-18T16:37:02.923+0800][20.572s][info][gc,phases   ] GC(192) Pause Mark End 0.521ms
[2026-06-18T16:37:02.924+0800][20.574s][info][gc,phases   ] GC(192) Concurrent Process Non-Strong References 0.204ms
[2026-06-18T16:37:02.925+0800][20.575s][info][gc,phases   ] GC(192) Concurrent Reset Relocation Set 0.008ms
[2026-06-18T16:37:02.926+0800][20.576s][info][gc,phases   ] GC(192) Concurrent Destroy Detached Pages 0.003ms
[2026-06-18T16:37:02.928+0800][20.577s][info][gc,phases   ] GC(192) Concurrent Select Relocation Set 0.780ms
[2026-06-18T16:37:02.928+0800][20.578s][info][gc,phases   ] GC(192) Concurrent Prepare Relocation Set 0.004ms
[2026-06-18T16:37:02.929+0800][20.578s][info][gc,phases   ] GC(192) Pause Relocate Start 0.173ms
[2026-06-18T16:37:02.930+0800][20.579s][info][gc,phases   ] GC(192) Concurrent Relocate 0.228ms
[2026-06-18T16:37:02.931+0800][20.580s][info][gc,load     ] GC(192) Load: 0.78/0.42/0.26
[2026-06-18T16:37:02.931+0800][20.581s][info][gc,mmu      ] GC(192) MMU: 2ms/39.9%, 5ms/76.0%, 10ms/85.1%, 20ms/90.0%, 50ms/96.0%, 100ms/97.1%
[2026-06-18T16:37:02.932+0800][20.581s][info][gc,marking  ] GC(192) Mark: 2 stripe(s), 1 proactive flush(es), 1 terminate flush(es), 0 completion(s), 0 continuation(s) 
[2026-06-18T16:37:02.932+0800][20.581s][info][gc,reloc    ] GC(192) Relocation: Successful, 21M relocated
[2026-06-18T16:37:02.932+0800][20.582s][info][gc,nmethod  ] GC(192) NMethods: 23 registered, 0 unregistered
[2026-06-18T16:37:02.933+0800][20.582s][info][gc,metaspace] GC(192) Metaspace: 3M used, 4M capacity, 4M committed, 8M reserved
[2026-06-18T16:37:02.933+0800][20.582s][info][gc,ref      ] GC(192) Soft: 43 encountered, 0 discovered, 0 enqueued
[2026-06-18T16:37:02.933+0800][20.582s][info][gc,ref      ] GC(192) Weak: 7 encountered, 2 discovered, 0 enqueued
[2026-06-18T16:37:02.933+0800][20.583s][info][gc,ref      ] GC(192) Final: 0 encountered, 0 discovered, 0 enqueued
[2026-06-18T16:37:02.934+0800][20.583s][info][gc,ref      ] GC(192) Phantom: 1 encountered, 1 discovered, 0 enqueued
[2026-06-18T16:37:02.935+0800][20.584s][info][gc,heap     ] GC(192)                Mark Start          Mark End        Relocate Start      Relocate End           High               Low         
[2026-06-18T16:37:02.935+0800][20.584s][info][gc,heap     ] GC(192)  Capacity:      256M (100%)        256M (100%)        256M (100%)        256M (100%)        256M (100%)        256M (100%)   
[2026-06-18T16:37:02.935+0800][20.584s][info][gc,heap     ] GC(192)   Reserve:       62M (24%)          62M (24%)          62M (24%)          62M (24%)          62M (24%)          62M (24%)    
[2026-06-18T16:37:02.936+0800][20.585s][info][gc,heap     ] GC(192)      Free:      112M (44%)         110M (43%)         102M (40%)         116M (45%)         116M (45%)          76M (30%)    
[2026-06-18T16:37:02.936+0800][20.585s][info][gc,heap     ] GC(192)      Used:       82M (32%)          84M (33%)          92M (36%)          78M (30%)         118M (46%)          78M (30%)    
[2026-06-18T16:37:02.936+0800][20.585s][info][gc,heap     ] GC(192)      Live:         -                25M (10%)          25M (10%)          25M (10%)            -                  -          
[2026-06-18T16:37:02.936+0800][20.586s][info][gc,heap     ] GC(192) Allocated:         -                 2M (1%)           36M (14%)          42M (16%)            -                  -          
[2026-06-18T16:37:02.937+0800][20.586s][info][gc,heap     ] GC(192)   Garbage:         -                56M (22%)          30M (12%)          16M (7%)             -                  -          
[2026-06-18T16:37:02.937+0800][20.586s][info][gc,heap     ] GC(192) Reclaimed:         -                  -                26M (10%)          40M (16%)            -                  -          
[2026-06-18T16:37:02.937+0800][20.586s][info][gc          ] GC(192) Garbage Collection (Allocation Rate) 82M(32%)->78M(30%)
[2026-06-18T16:37:03.014+0800][20.663s][info][gc,start    ] GC(193) Garbage Collection (Allocation Rate)
[2026-06-18T16:37:03.016+0800][20.665s][info][gc,phases   ] GC(193) Pause Mark Start 0.349ms
[2026-06-18T16:37:03.019+0800][20.668s][info][gc,phases   ] GC(193) Concurrent Mark 1.823ms
[2026-06-18T16:37:03.021+0800][20.670s][info][gc,phases   ] GC(193) Pause Mark End 0.517ms
[2026-06-18T16:37:03.021+0800][20.671s][info][gc,phases   ] GC(193) Concurrent Process Non-Strong References 0.090ms
[2026-06-18T16:37:03.022+0800][20.671s][info][gc,phases   ] GC(193) Concurrent Reset Relocation Set 0.004ms
[2026-06-18T16:37:03.023+0800][20.673s][info][gc,phases   ] GC(193) Concurrent Destroy Detached Pages 0.001ms
[2026-06-18T16:37:03.026+0800][20.675s][info][gc,phases   ] GC(193) Concurrent Select Relocation Set 0.676ms
[2026-06-18T16:37:03.026+0800][20.676s][info][gc,phases   ] GC(193) Concurrent Prepare Relocation Set 0.010ms
[2026-06-18T16:37:03.027+0800][20.677s][info][gc,phases   ] GC(193) Pause Relocate Start 0.196ms
[2026-06-18T16:37:03.030+0800][20.679s][info][gc,phases   ] GC(193) Concurrent Relocate 1.686ms
[2026-06-18T16:37:03.030+0800][20.680s][info][gc,load     ] GC(193) Load: 0.78/0.42/0.26
[2026-06-18T16:37:03.031+0800][20.680s][info][gc,mmu      ] GC(193) MMU: 2ms/39.9%, 5ms/76.0%, 10ms/85.1%, 20ms/90.0%, 50ms/96.0%, 100ms/97.1%
[2026-06-18T16:37:03.031+0800][20.680s][info][gc,marking  ] GC(193) Mark: 2 stripe(s), 1 proactive flush(es), 1 terminate flush(es), 0 completion(s), 0 continuation(s) 
[2026-06-18T16:37:03.032+0800][20.681s][info][gc,reloc    ] GC(193) Relocation: Successful, 22M relocated
[2026-06-18T16:37:03.032+0800][20.681s][info][gc,nmethod  ] GC(193) NMethods: 23 registered, 0 unregistered
[2026-06-18T16:37:03.032+0800][20.682s][info][gc,metaspace] GC(193) Metaspace: 3M used, 4M capacity, 4M committed, 8M reserved
[2026-06-18T16:37:03.033+0800][20.682s][info][gc,ref      ] GC(193) Soft: 43 encountered, 0 discovered, 0 enqueued
[2026-06-18T16:37:03.033+0800][20.682s][info][gc,ref      ] GC(193) Weak: 7 encountered, 2 discovered, 0 enqueued
[2026-06-18T16:37:03.033+0800][20.683s][info][gc,ref      ] GC(193) Final: 0 encountered, 0 discovered, 0 enqueued
[2026-06-18T16:37:03.034+0800][20.683s][info][gc,ref      ] GC(193) Phantom: 1 encountered, 1 discovered, 0 enqueued
[2026-06-18T16:37:03.034+0800][20.683s][info][gc,heap     ] GC(193)                Mark Start          Mark End        Relocate Start      Relocate End           High               Low         
[2026-06-18T16:37:03.034+0800][20.684s][info][gc,heap     ] GC(193)  Capacity:      256M (100%)        256M (100%)        256M (100%)        256M (100%)        256M (100%)        256M (100%)   
[2026-06-18T16:37:03.035+0800][20.684s][info][gc,heap     ] GC(193)   Reserve:       62M (24%)          62M (24%)          62M (24%)          62M (24%)          62M (24%)          62M (24%)    
[2026-06-18T16:37:03.035+0800][20.684s][info][gc,heap     ] GC(193)      Free:       84M (33%)          80M (31%)         112M (44%)         146M (57%)         146M (57%)          76M (30%)    
[2026-06-18T16:37:03.035+0800][20.685s][info][gc,heap     ] GC(193)      Used:      110M (43%)         114M (45%)          82M (32%)          48M (19%)         118M (46%)          48M (19%)    
[2026-06-18T16:37:03.036+0800][20.685s][info][gc,heap     ] GC(193)      Live:         -                22M (9%)           22M (9%)           22M (9%)             -                  -          
[2026-06-18T16:37:03.036+0800][20.685s][info][gc,heap     ] GC(193) Allocated:         -                 4M (2%)            4M (2%)           44M (17%)            -                  -          
[2026-06-18T16:37:03.036+0800][20.685s][info][gc,heap     ] GC(193)   Garbage:         -                87M (34%)          55M (22%)          21M (8%)             -                  -          
[2026-06-18T16:37:03.036+0800][20.686s][info][gc,heap     ] GC(193) Reclaimed:         -                  -                32M (12%)          66M (26%)            -                  -          
[2026-06-18T16:37:03.037+0800][20.686s][info][gc          ] GC(193) Garbage Collection (Allocation Rate) 110M(43%)->48M(19%)
[2026-06-18T16:37:03.113+0800][20.763s][info][gc,start    ] GC(194) Garbage Collection (Allocation Rate)
[2026-06-18T16:37:03.118+0800][20.767s][info][gc,phases   ] GC(194) Pause Mark Start 0.405ms
[2026-06-18T16:37:03.122+0800][20.771s][info][gc,phases   ] GC(194) Concurrent Mark 2.305ms
[2026-06-18T16:37:03.124+0800][20.773s][info][gc,phases   ] GC(194) Pause Mark End 0.576ms
[2026-06-18T16:37:03.125+0800][20.775s][info][gc,phases   ] GC(194) Concurrent Process Non-Strong References 0.191ms
[2026-06-18T16:37:03.126+0800][20.776s][info][gc,phases   ] GC(194) Concurrent Reset Relocation Set 0.003ms
[2026-06-18T16:37:03.127+0800][20.776s][info][gc,phases   ] GC(194) Concurrent Destroy Detached Pages 0.001ms
[2026-06-18T16:37:03.129+0800][20.778s][info][gc,phases   ] GC(194) Concurrent Select Relocation Set 0.827ms
[2026-06-18T16:37:03.130+0800][20.779s][info][gc,phases   ] GC(194) Concurrent Prepare Relocation Set 0.003ms
[2026-06-18T16:37:03.131+0800][20.780s][info][gc,phases   ] GC(194) Pause Relocate Start 0.200ms
[2026-06-18T16:37:03.132+0800][20.781s][info][gc,phases   ] GC(194) Concurrent Relocate 0.282ms
[2026-06-18T16:37:03.132+0800][20.782s][info][gc,load     ] GC(194) Load: 0.78/0.42/0.26
[2026-06-18T16:37:03.133+0800][20.782s][info][gc,mmu      ] GC(194) MMU: 2ms/39.9%, 5ms/76.0%, 10ms/85.1%, 20ms/90.0%, 50ms/96.0%, 100ms/97.1%
[2026-06-18T16:37:03.133+0800][20.783s][info][gc,marking  ] GC(194) Mark: 2 stripe(s), 2 proactive flush(es), 1 terminate flush(es), 0 completion(s), 0 continuation(s) 
[2026-06-18T16:37:03.134+0800][20.783s][info][gc,reloc    ] GC(194) Relocation: Successful, 22M relocated
[2026-06-18T16:37:03.135+0800][20.784s][info][gc,nmethod  ] GC(194) NMethods: 23 registered, 0 unregistered
[2026-06-18T16:37:03.135+0800][20.785s][info][gc,metaspace] GC(194) Metaspace: 3M used, 4M capacity, 4M committed, 8M reserved
[2026-06-18T16:37:03.136+0800][20.785s][info][gc,ref      ] GC(194) Soft: 43 encountered, 0 discovered, 0 enqueued
[2026-06-18T16:37:03.136+0800][20.785s][info][gc,ref      ] GC(194) Weak: 7 encountered, 2 discovered, 0 enqueued
[2026-06-18T16:37:03.136+0800][20.786s][info][gc,ref      ] GC(194) Final: 0 encountered, 0 discovered, 0 enqueued
[2026-06-18T16:37:03.137+0800][20.786s][info][gc,ref      ] GC(194) Phantom: 1 encountered, 1 discovered, 0 enqueued
[2026-06-18T16:37:03.137+0800][20.786s][info][gc,heap     ] GC(194)                Mark Start          Mark End        Relocate Start      Relocate End           High               Low         
[2026-06-18T16:37:03.137+0800][20.787s][info][gc,heap     ] GC(194)  Capacity:      256M (100%)        256M (100%)        256M (100%)        256M (100%)        256M (100%)        256M (100%)   
[2026-06-18T16:37:03.138+0800][20.787s][info][gc,heap     ] GC(194)   Reserve:       62M (24%)          62M (24%)          62M (24%)          62M (24%)          62M (24%)          62M (24%)    
[2026-06-18T16:37:03.138+0800][20.787s][info][gc,heap     ] GC(194)      Free:      114M (45%)         110M (43%)         134M (52%)         108M (42%)         138M (54%)          98M (38%)    
[2026-06-18T16:37:03.138+0800][20.787s][info][gc,heap     ] GC(194)      Used:       80M (31%)          84M (33%)          60M (23%)          86M (34%)          96M (38%)          56M (22%)    
[2026-06-18T16:37:03.138+0800][20.788s][info][gc,heap     ] GC(194)      Live:         -                24M (9%)           24M (9%)           24M (9%)             -                  -          
[2026-06-18T16:37:03.139+0800][20.788s][info][gc,heap     ] GC(194) Allocated:         -                 4M (2%)            8M (3%)           46M (18%)            -                  -          
[2026-06-18T16:37:03.139+0800][20.788s][info][gc,heap     ] GC(194)   Garbage:         -                55M (22%)          27M (11%)          21M (9%)             -                  -          
[2026-06-18T16:37:03.139+0800][20.788s][info][gc,heap     ] GC(194) Reclaimed:         -                  -                28M (11%)          34M (13%)            -                  -          
[2026-06-18T16:37:03.139+0800][20.789s][info][gc          ] GC(194) Garbage Collection (Allocation Rate) 80M(31%)->86M(34%)
[2026-06-18T16:37:03.214+0800][20.863s][info][gc,start    ] GC(195) Garbage Collection (Allocation Rate)
[2026-06-18T16:37:03.217+0800][20.866s][info][gc,phases   ] GC(195) Pause Mark Start 0.446ms
[2026-06-18T16:37:03.223+0800][20.873s][info][gc,phases   ] GC(195) Concurrent Mark 2.585ms
[2026-06-18T16:37:03.225+0800][20.875s][info][gc,phases   ] GC(195) Pause Mark End 0.601ms
[2026-06-18T16:37:03.227+0800][20.876s][info][gc,phases   ] GC(195) Concurrent Process Non-Strong References 0.167ms
[2026-06-18T16:37:03.228+0800][20.877s][info][gc,phases   ] GC(195) Concurrent Reset Relocation Set 0.003ms
[2026-06-18T16:37:03.229+0800][20.878s][info][gc,phases   ] GC(195) Concurrent Destroy Detached Pages 0.001ms
[2026-06-18T16:37:03.230+0800][20.879s][info][gc,phases   ] GC(195) Concurrent Select Relocation Set 0.862ms
[2026-06-18T16:37:03.231+0800][20.880s][info][gc,phases   ] GC(195) Concurrent Prepare Relocation Set 0.012ms
[2026-06-18T16:37:03.232+0800][20.881s][info][gc,phases   ] GC(195) Pause Relocate Start 0.169ms
[2026-06-18T16:37:03.234+0800][20.883s][info][gc,phases   ] GC(195) Concurrent Relocate 1.382ms
[2026-06-18T16:37:03.235+0800][20.884s][info][gc,load     ] GC(195) Load: 0.78/0.42/0.26
[2026-06-18T16:37:03.235+0800][20.885s][info][gc,mmu      ] GC(195) MMU: 2ms/39.9%, 5ms/76.0%, 10ms/85.1%, 20ms/90.0%, 50ms/96.0%, 100ms/97.1%
[2026-06-18T16:37:03.236+0800][20.885s][info][gc,marking  ] GC(195) Mark: 2 stripe(s), 2 proactive flush(es), 1 terminate flush(es), 0 completion(s), 0 continuation(s) 
[2026-06-18T16:37:03.236+0800][20.885s][info][gc,reloc    ] GC(195) Relocation: Successful, 22M relocated
[2026-06-18T16:37:03.236+0800][20.886s][info][gc,nmethod  ] GC(195) NMethods: 23 registered, 0 unregistered
[2026-06-18T16:37:03.237+0800][20.886s][info][gc,metaspace] GC(195) Metaspace: 3M used, 4M capacity, 4M committed, 8M reserved
[2026-06-18T16:37:03.237+0800][20.886s][info][gc,ref      ] GC(195) Soft: 43 encountered, 0 discovered, 0 enqueued
[2026-06-18T16:37:03.237+0800][20.887s][info][gc,ref      ] GC(195) Weak: 7 encountered, 2 discovered, 0 enqueued
[2026-06-18T16:37:03.237+0800][20.887s][info][gc,ref      ] GC(195) Final: 0 encountered, 0 discovered, 0 enqueued
[2026-06-18T16:37:03.238+0800][20.887s][info][gc,ref      ] GC(195) Phantom: 1 encountered, 1 discovered, 0 enqueued
[2026-06-18T16:37:03.238+0800][20.887s][info][gc,heap     ] GC(195)                Mark Start          Mark End        Relocate Start      Relocate End           High               Low         
[2026-06-18T16:37:03.238+0800][20.887s][info][gc,heap     ] GC(195)  Capacity:      256M (100%)        256M (100%)        256M (100%)        256M (100%)        256M (100%)        256M (100%)   
[2026-06-18T16:37:03.239+0800][20.888s][info][gc,heap     ] GC(195)   Reserve:       62M (24%)          62M (24%)          62M (24%)          62M (24%)          62M (24%)          62M (24%)    
[2026-06-18T16:37:03.239+0800][20.888s][info][gc,heap     ] GC(195)      Free:       78M (30%)          76M (30%)         106M (41%)         138M (54%)         138M (54%)          64M (25%)    
[2026-06-18T16:37:03.240+0800][20.889s][info][gc,heap     ] GC(195)      Used:      116M (45%)         118M (46%)          88M (34%)          56M (22%)         130M (51%)          56M (22%)    
[2026-06-18T16:37:03.243+0800][20.892s][info][gc,heap     ] GC(195)      Live:         -                22M (9%)           22M (9%)           22M (9%)             -                  -          
[2026-06-18T16:37:03.246+0800][20.896s][info][gc,heap     ] GC(195) Allocated:         -                 2M (1%)            2M (1%)           52M (20%)            -                  -          
[2026-06-18T16:37:03.247+0800][20.896s][info][gc,heap     ] GC(195)   Garbage:         -                93M (37%)          63M (25%)          25M (10%)            -                  -          
[2026-06-18T16:37:03.248+0800][20.897s][info][gc,heap     ] GC(195) Reclaimed:         -                  -                30M (12%)          68M (27%)            -                  -          
[2026-06-18T16:37:03.248+0800][20.897s][info][gc          ] GC(195) Garbage Collection (Allocation Rate) 116M(45%)->56M(22%)
[2026-06-18T16:37:03.314+0800][20.964s][info][gc,start    ] GC(196) Garbage Collection (Allocation Rate)
[2026-06-18T16:37:03.318+0800][20.967s][info][gc,phases   ] GC(196) Pause Mark Start 0.498ms
[2026-06-18T16:37:03.322+0800][20.971s][info][gc,phases   ] GC(196) Concurrent Mark 2.277ms
[2026-06-18T16:37:03.324+0800][20.973s][info][gc,phases   ] GC(196) Pause Mark End 0.542ms
[2026-06-18T16:37:03.325+0800][20.974s][info][gc,phases   ] GC(196) Concurrent Process Non-Strong References 0.178ms
[2026-06-18T16:37:03.326+0800][20.975s][info][gc,phases   ] GC(196) Concurrent Reset Relocation Set 0.004ms
[2026-06-18T16:37:03.326+0800][20.976s][info][gc,phases   ] GC(196) Concurrent Destroy Detached Pages 0.001ms
[2026-06-18T16:37:03.328+0800][20.977s][info][gc,phases   ] GC(196) Concurrent Select Relocation Set 0.824ms
[2026-06-18T16:37:03.328+0800][20.978s][info][gc,phases   ] GC(196) Concurrent Prepare Relocation Set 0.002ms
[2026-06-18T16:37:03.329+0800][20.979s][info][gc,phases   ] GC(196) Pause Relocate Start 0.180ms
[2026-06-18T16:37:03.330+0800][20.979s][info][gc,phases   ] GC(196) Concurrent Relocate 0.299ms
[2026-06-18T16:37:03.331+0800][20.980s][info][gc,load     ] GC(196) Load: 0.78/0.42/0.26
[2026-06-18T16:37:03.331+0800][20.980s][info][gc,mmu      ] GC(196) MMU: 2ms/39.9%, 5ms/76.0%, 10ms/85.1%, 20ms/90.0%, 50ms/96.0%, 100ms/97.1%
[2026-06-18T16:37:03.332+0800][20.981s][info][gc,marking  ] GC(196) Mark: 2 stripe(s), 2 proactive flush(es), 1 terminate flush(es), 0 completion(s), 0 continuation(s) 
[2026-06-18T16:37:03.332+0800][20.981s][info][gc,reloc    ] GC(196) Relocation: Successful, 25M relocated
[2026-06-18T16:37:03.332+0800][20.982s][info][gc,nmethod  ] GC(196) NMethods: 23 registered, 0 unregistered
[2026-06-18T16:37:03.333+0800][20.982s][info][gc,metaspace] GC(196) Metaspace: 3M used, 4M capacity, 4M committed, 8M reserved
[2026-06-18T16:37:03.333+0800][20.982s][info][gc,ref      ] GC(196) Soft: 43 encountered, 0 discovered, 0 enqueued
[2026-06-18T16:37:03.333+0800][20.982s][info][gc,ref      ] GC(196) Weak: 7 encountered, 2 discovered, 0 enqueued
[2026-06-18T16:37:03.333+0800][20.983s][info][gc,ref      ] GC(196) Final: 0 encountered, 0 discovered, 0 enqueued
[2026-06-18T16:37:03.334+0800][20.983s][info][gc,ref      ] GC(196) Phantom: 1 encountered, 1 discovered, 0 enqueued
[2026-06-18T16:37:03.334+0800][20.983s][info][gc,heap     ] GC(196)                Mark Start          Mark End        Relocate Start      Relocate End           High               Low         
[2026-06-18T16:37:03.334+0800][20.983s][info][gc,heap     ] GC(196)  Capacity:      256M (100%)        256M (100%)        256M (100%)        256M (100%)        256M (100%)        256M (100%)   
[2026-06-18T16:37:03.334+0800][20.984s][info][gc,heap     ] GC(196)   Reserve:       62M (24%)          62M (24%)          62M (24%)          62M (24%)          62M (24%)          62M (24%)    
[2026-06-18T16:37:03.334+0800][20.984s][info][gc,heap     ] GC(196)      Free:      112M (44%)         108M (42%)         134M (52%)         144M (56%)         144M (56%)         108M (42%)    
[2026-06-18T16:37:03.335+0800][20.984s][info][gc,heap     ] GC(196)      Used:       82M (32%)          86M (34%)          60M (23%)          50M (20%)          86M (34%)          50M (20%)    
[2026-06-18T16:37:03.335+0800][20.984s][info][gc,heap     ] GC(196)      Live:         -                27M (11%)          27M (11%)          27M (11%)            -                  -          
[2026-06-18T16:37:03.335+0800][20.984s][info][gc,heap     ] GC(196) Allocated:         -                 4M (2%)            4M (2%)           12M (5%)             -                  -          
[2026-06-18T16:37:03.335+0800][20.985s][info][gc,heap     ] GC(196)   Garbage:         -                54M (21%)          28M (11%)          18M (7%)             -                  -          
[2026-06-18T16:37:03.336+0800][20.985s][info][gc,heap     ] GC(196) Reclaimed:         -                  -                26M (10%)          36M (14%)            -                  -          
[2026-06-18T16:37:03.336+0800][20.985s][info][gc          ] GC(196) Garbage Collection (Allocation Rate) 82M(32%)->50M(20%)
[2026-06-18T16:37:03.413+0800][21.063s][info][gc,start    ] GC(197) Garbage Collection (Allocation Rate)
[2026-06-18T16:37:03.418+0800][21.067s][info][gc,phases   ] GC(197) Pause Mark Start 0.449ms
[2026-06-18T16:37:03.421+0800][21.071s][info][gc,phases   ] GC(197) Concurrent Mark 1.803ms
[2026-06-18T16:37:03.423+0800][21.073s][info][gc,phases   ] GC(197) Pause Mark End 0.558ms
[2026-06-18T16:37:03.424+0800][21.074s][info][gc,phases   ] GC(197) Concurrent Process Non-Strong References 0.100ms
[2026-06-18T16:37:03.425+0800][21.074s][info][gc,phases   ] GC(197) Concurrent Reset Relocation Set 0.003ms
[2026-06-18T16:37:03.426+0800][21.075s][info][gc,phases   ] GC(197) Concurrent Destroy Detached Pages 0.001ms
[2026-06-18T16:37:03.428+0800][21.078s][info][gc,phases   ] GC(197) Concurrent Select Relocation Set 0.754ms
[2026-06-18T16:37:03.429+0800][21.079s][info][gc,phases   ] GC(197) Concurrent Prepare Relocation Set 0.004ms
[2026-06-18T16:37:03.431+0800][21.080s][info][gc,phases   ] GC(197) Pause Relocate Start 0.155ms
[2026-06-18T16:37:03.433+0800][21.082s][info][gc,phases   ] GC(197) Concurrent Relocate 1.525ms
[2026-06-18T16:37:03.433+0800][21.083s][info][gc,load     ] GC(197) Load: 0.78/0.42/0.26
[2026-06-18T16:37:03.434+0800][21.083s][info][gc,mmu      ] GC(197) MMU: 2ms/39.9%, 5ms/76.0%, 10ms/85.1%, 20ms/90.0%, 50ms/96.0%, 100ms/97.1%
[2026-06-18T16:37:03.434+0800][21.084s][info][gc,marking  ] GC(197) Mark: 2 stripe(s), 1 proactive flush(es), 1 terminate flush(es), 0 completion(s), 0 continuation(s) 
[2026-06-18T16:37:03.435+0800][21.084s][info][gc,reloc    ] GC(197) Relocation: Successful, 23M relocated
[2026-06-18T16:37:03.435+0800][21.084s][info][gc,nmethod  ] GC(197) NMethods: 23 registered, 0 unregistered
[2026-06-18T16:37:03.435+0800][21.085s][info][gc,metaspace] GC(197) Metaspace: 3M used, 4M capacity, 4M committed, 8M reserved
[2026-06-18T16:37:03.436+0800][21.085s][info][gc,ref      ] GC(197) Soft: 43 encountered, 0 discovered, 0 enqueued
[2026-06-18T16:37:03.436+0800][21.085s][info][gc,ref      ] GC(197) Weak: 7 encountered, 2 discovered, 0 enqueued
[2026-06-18T16:37:03.436+0800][21.086s][info][gc,ref      ] GC(197) Final: 0 encountered, 0 discovered, 0 enqueued
[2026-06-18T16:37:03.437+0800][21.086s][info][gc,ref      ] GC(197) Phantom: 1 encountered, 1 discovered, 0 enqueued
[2026-06-18T16:37:03.437+0800][21.086s][info][gc,heap     ] GC(197)                Mark Start          Mark End        Relocate Start      Relocate End           High               Low         
[2026-06-18T16:37:03.437+0800][21.086s][info][gc,heap     ] GC(197)  Capacity:      256M (100%)        256M (100%)        256M (100%)        256M (100%)        256M (100%)        256M (100%)   
[2026-06-18T16:37:03.437+0800][21.087s][info][gc,heap     ] GC(197)   Reserve:       62M (24%)          62M (24%)          62M (24%)          62M (24%)          62M (24%)          62M (24%)    
[2026-06-18T16:37:03.437+0800][21.087s][info][gc,heap     ] GC(197)      Free:       76M (30%)          76M (30%)          76M (30%)         146M (57%)         146M (57%)          70M (27%)    
[2026-06-18T16:37:03.438+0800][21.087s][info][gc,heap     ] GC(197)      Used:      118M (46%)         118M (46%)         118M (46%)          48M (19%)         124M (48%)          48M (19%)    
[2026-06-18T16:37:03.438+0800][21.087s][info][gc,heap     ] GC(197)      Live:         -                23M (9%)           23M (9%)           23M (9%)             -                  -          
[2026-06-18T16:37:03.438+0800][21.087s][info][gc,heap     ] GC(197) Allocated:         -                 0M (0%)           38M (15%)          46M (18%)            -                  -          
[2026-06-18T16:37:03.438+0800][21.088s][info][gc,heap     ] GC(197)   Garbage:         -                94M (37%)          56M (22%)    17592186044402M (6         -                  -          
[2026-06-18T16:37:03.438+0800][21.088s][info][gc,heap     ] GC(197) Reclaimed:         -                  -                38M (15%)         108M (42%)            -                  -          
[2026-06-18T16:37:03.439+0800][21.088s][info][gc          ] GC(197) Garbage Collection (Allocation Rate) 118M(46%)->48M(19%)
[2026-06-18T16:37:03.514+0800][21.163s][info][gc,start    ] GC(198) Garbage Collection (Allocation Rate)
[2026-06-18T16:37:03.517+0800][21.166s][info][gc,phases   ] GC(198) Pause Mark Start 0.627ms
[2026-06-18T16:37:03.521+0800][21.170s][info][gc,phases   ] GC(198) Concurrent Mark 2.042ms
[2026-06-18T16:37:03.524+0800][21.173s][info][gc,phases   ] GC(198) Pause Mark End 0.688ms
[2026-06-18T16:37:03.525+0800][21.174s][info][gc,phases   ] GC(198) Concurrent Process Non-Strong References 0.104ms
[2026-06-18T16:37:03.526+0800][21.175s][info][gc,phases   ] GC(198) Concurrent Reset Relocation Set 0.005ms
[2026-06-18T16:37:03.527+0800][21.176s][info][gc,phases   ] GC(198) Concurrent Destroy Detached Pages 0.001ms
[2026-06-18T16:37:03.529+0800][21.178s][info][gc,phases   ] GC(198) Concurrent Select Relocation Set 0.807ms
[2026-06-18T16:37:03.530+0800][21.179s][info][gc,phases   ] GC(198) Concurrent Prepare Relocation Set 0.011ms
[2026-06-18T16:37:03.532+0800][21.181s][info][gc,phases   ] GC(198) Pause Relocate Start 0.209ms
[2026-06-18T16:37:03.533+0800][21.182s][info][gc,phases   ] GC(198) Concurrent Relocate 0.468ms
[2026-06-18T16:37:03.533+0800][21.183s][info][gc,load     ] GC(198) Load: 0.78/0.42/0.26
[2026-06-18T16:37:03.534+0800][21.183s][info][gc,mmu      ] GC(198) MMU: 2ms/39.9%, 5ms/76.0%, 10ms/85.1%, 20ms/90.0%, 50ms/96.0%, 100ms/97.1%
[2026-06-18T16:37:03.534+0800][21.184s][info][gc,marking  ] GC(198) Mark: 2 stripe(s), 1 proactive flush(es), 1 terminate flush(es), 0 completion(s), 0 continuation(s) 
[2026-06-18T16:37:03.536+0800][21.185s][info][gc,reloc    ] GC(198) Relocation: Successful, 20M relocated
[2026-06-18T16:37:03.538+0800][21.187s][info][gc,nmethod  ] GC(198) NMethods: 23 registered, 0 unregistered
[2026-06-18T16:37:03.541+0800][21.190s][info][gc,metaspace] GC(198) Metaspace: 3M used, 4M capacity, 4M committed, 8M reserved
[2026-06-18T16:37:03.543+0800][21.192s][info][gc,ref      ] GC(198) Soft: 43 encountered, 0 discovered, 0 enqueued
[2026-06-18T16:37:03.547+0800][21.196s][info][gc,ref      ] GC(198) Weak: 7 encountered, 2 discovered, 0 enqueued
[2026-06-18T16:37:03.550+0800][21.200s][info][gc,ref      ] GC(198) Final: 0 encountered, 0 discovered, 0 enqueued
[2026-06-18T16:37:03.552+0800][21.201s][info][gc,ref      ] GC(198) Phantom: 1 encountered, 1 discovered, 0 enqueued
[2026-06-18T16:37:03.553+0800][21.202s][info][gc,heap     ] GC(198)                Mark Start          Mark End        Relocate Start      Relocate End           High               Low         
[2026-06-18T16:37:03.554+0800][21.203s][info][gc,heap     ] GC(198)  Capacity:      256M (100%)        256M (100%)        256M (100%)        256M (100%)        256M (100%)        256M (100%)   
[2026-06-18T16:37:03.555+0800][21.204s][info][gc,heap     ] GC(198)   Reserve:       62M (24%)          62M (24%)          62M (24%)          62M (24%)          62M (24%)          62M (24%)    
[2026-06-18T16:37:03.556+0800][21.205s][info][gc,heap     ] GC(198)      Free:      116M (45%)         116M (45%)         106M (41%)         116M (45%)         116M (45%)          78M (30%)    
[2026-06-18T16:37:03.556+0800][21.206s][info][gc,heap     ] GC(198)      Used:       78M (30%)          78M (30%)          88M (34%)          78M (30%)         116M (45%)          78M (30%)    
[2026-06-18T16:37:03.557+0800][21.206s][info][gc,heap     ] GC(198)      Live:         -                20M (8%)           20M (8%)           20M (8%)             -                  -          
[2026-06-18T16:37:03.558+0800][21.207s][info][gc,heap     ] GC(198) Allocated:         -                 0M (0%)           38M (15%)          44M (17%)            -                  -          
[2026-06-18T16:37:03.558+0800][21.208s][info][gc,heap     ] GC(198)   Garbage:         -                57M (23%)          29M (12%)          19M (8%)             -                  -          
[2026-06-18T16:37:03.559+0800][21.208s][info][gc,heap     ] GC(198) Reclaimed:         -                  -                28M (11%)          38M (15%)            -                  -          
[2026-06-18T16:37:03.560+0800][21.209s][info][gc          ] GC(198) Garbage Collection (Allocation Rate) 78M(30%)->78M(30%)
[2026-06-18T16:37:03.614+0800][21.264s][info][gc,start    ] GC(199) Garbage Collection (Allocation Rate)
[2026-06-18T16:37:03.618+0800][21.267s][info][gc,phases   ] GC(199) Pause Mark Start 0.415ms
[2026-06-18T16:37:03.621+0800][21.271s][info][gc,phases   ] GC(199) Concurrent Mark 2.065ms
[2026-06-18T16:37:03.624+0800][21.273s][info][gc,phases   ] GC(199) Pause Mark End 0.610ms
[2026-06-18T16:37:03.625+0800][21.275s][info][gc,phases   ] GC(199) Concurrent Process Non-Strong References 0.255ms
[2026-06-18T16:37:03.627+0800][21.276s][info][gc,phases   ] GC(199) Concurrent Reset Relocation Set 0.003ms
[2026-06-18T16:37:03.628+0800][21.277s][info][gc,phases   ] GC(199) Concurrent Destroy Detached Pages 0.001ms
[2026-06-18T16:37:03.629+0800][21.279s][info][gc,phases   ] GC(199) Concurrent Select Relocation Set 0.931ms
[2026-06-18T16:37:03.630+0800][21.279s][info][gc,phases   ] GC(199) Concurrent Prepare Relocation Set 0.015ms
[2026-06-18T16:37:03.631+0800][21.281s][info][gc,phases   ] GC(199) Pause Relocate Start 0.204ms
[2026-06-18T16:37:03.634+0800][21.284s][info][gc,phases   ] GC(199) Concurrent Relocate 1.802ms
[2026-06-18T16:37:03.635+0800][21.284s][info][gc,load     ] GC(199) Load: 0.78/0.42/0.26
[2026-06-18T16:37:03.635+0800][21.285s][info][gc,mmu      ] GC(199) MMU: 2ms/39.9%, 5ms/76.0%, 10ms/85.1%, 20ms/90.0%, 50ms/96.0%, 100ms/97.1%
[2026-06-18T16:37:03.636+0800][21.285s][info][gc,marking  ] GC(199) Mark: 2 stripe(s), 1 proactive flush(es), 1 terminate flush(es), 0 completion(s), 0 continuation(s) 
[2026-06-18T16:37:03.636+0800][21.285s][info][gc,reloc    ] GC(199) Relocation: Successful, 24M relocated
[2026-06-18T16:37:03.636+0800][21.286s][info][gc,nmethod  ] GC(199) NMethods: 23 registered, 0 unregistered
[2026-06-18T16:37:03.637+0800][21.286s][info][gc,metaspace] GC(199) Metaspace: 3M used, 4M capacity, 4M committed, 8M reserved
[2026-06-18T16:37:03.637+0800][21.286s][info][gc,ref      ] GC(199) Soft: 43 encountered, 0 discovered, 0 enqueued
[2026-06-18T16:37:03.637+0800][21.286s][info][gc,ref      ] GC(199) Weak: 7 encountered, 2 discovered, 0 enqueued
[2026-06-18T16:37:03.637+0800][21.287s][info][gc,ref      ] GC(199) Final: 0 encountered, 0 discovered, 0 enqueued
[2026-06-18T16:37:03.638+0800][21.287s][info][gc,ref      ] GC(199) Phantom: 1 encountered, 1 discovered, 0 enqueued
[2026-06-18T16:37:03.638+0800][21.287s][info][gc,heap     ] GC(199)                Mark Start          Mark End        Relocate Start      Relocate End           High               Low         
[2026-06-18T16:37:03.638+0800][21.287s][info][gc,heap     ] GC(199)  Capacity:      256M (100%)        256M (100%)        256M (100%)        256M (100%)        256M (100%)        256M (100%)   
[2026-06-18T16:37:03.638+0800][21.287s][info][gc,heap     ] GC(199)   Reserve:       62M (24%)          62M (24%)          62M (24%)          62M (24%)          62M (24%)          62M (24%)    
[2026-06-18T16:37:03.638+0800][21.288s][info][gc,heap     ] GC(199)      Free:       86M (34%)          48M (19%)          74M (29%)         142M (55%)         142M (55%)          48M (19%)    
[2026-06-18T16:37:03.639+0800][21.288s][info][gc,heap     ] GC(199)      Used:      108M (42%)         146M (57%)         120M (47%)          52M (20%)         146M (57%)          52M (20%)    
[2026-06-18T16:37:03.639+0800][21.288s][info][gc,heap     ] GC(199)      Live:         -                26M (10%)          26M (10%)          26M (10%)            -                  -          
[2026-06-18T16:37:03.639+0800][21.288s][info][gc,heap     ] GC(199) Allocated:         -                38M (15%)          38M (15%)          48M (19%)            -                  -          
[2026-06-18T16:37:03.639+0800][21.289s][info][gc,heap     ] GC(199)   Garbage:         -                81M (32%)          55M (22%)    17592186044399M (6         -                  -          
[2026-06-18T16:37:03.639+0800][21.289s][info][gc,heap     ] GC(199) Reclaimed:         -                  -                26M (10%)          98M (38%)            -                  -          
[2026-06-18T16:37:03.640+0800][21.289s][info][gc          ] GC(199) Garbage Collection (Allocation Rate) 108M(42%)->52M(20%)
[2026-06-18T16:37:03.713+0800][21.363s][info][gc,start    ] GC(200) Garbage Collection (Allocation Rate)
[2026-06-18T16:37:03.717+0800][21.366s][info][gc,phases   ] GC(200) Pause Mark Start 0.601ms
[2026-06-18T16:37:03.721+0800][21.370s][info][gc,phases   ] GC(200) Concurrent Mark 2.826ms
[2026-06-18T16:37:03.723+0800][21.373s][info][gc,phases   ] GC(200) Pause Mark End 0.436ms
[2026-06-18T16:37:03.724+0800][21.374s][info][gc,phases   ] GC(200) Concurrent Process Non-Strong References 0.126ms
[2026-06-18T16:37:03.725+0800][21.374s][info][gc,phases   ] GC(200) Concurrent Reset Relocation Set 0.003ms
[2026-06-18T16:37:03.726+0800][21.375s][info][gc,phases   ] GC(200) Concurrent Destroy Detached Pages 0.001ms
[2026-06-18T16:37:03.727+0800][21.377s][info][gc,phases   ] GC(200) Concurrent Select Relocation Set 0.536ms
[2026-06-18T16:37:03.728+0800][21.377s][info][gc,phases   ] GC(200) Concurrent Prepare Relocation Set 0.002ms
[2026-06-18T16:37:03.728+0800][21.378s][info][gc,phases   ] GC(200) Pause Relocate Start 0.191ms
[2026-06-18T16:37:03.729+0800][21.378s][info][gc,phases   ] GC(200) Concurrent Relocate 0.285ms
[2026-06-18T16:37:03.730+0800][21.379s][info][gc,load     ] GC(200) Load: 0.78/0.42/0.26
[2026-06-18T16:37:03.730+0800][21.379s][info][gc,mmu      ] GC(200) MMU: 2ms/39.9%, 5ms/76.0%, 10ms/85.1%, 20ms/90.0%, 50ms/96.0%, 100ms/97.1%
[2026-06-18T16:37:03.731+0800][21.380s][info][gc,marking  ] GC(200) Mark: 2 stripe(s), 2 proactive flush(es), 1 terminate flush(es), 0 completion(s), 0 continuation(s) 
[2026-06-18T16:37:03.735+0800][21.385s][info][gc,reloc    ] GC(200) Relocation: Successful, 21M relocated
[2026-06-18T16:37:03.739+0800][21.388s][info][gc,nmethod  ] GC(200) NMethods: 23 registered, 0 unregistered
[2026-06-18T16:37:03.742+0800][21.392s][info][gc,metaspace] GC(200) Metaspace: 3M used, 4M capacity, 4M committed, 8M reserved
[2026-06-18T16:37:03.745+0800][21.394s][info][gc,ref      ] GC(200) Soft: 43 encountered, 0 discovered, 0 enqueued
[2026-06-18T16:37:03.747+0800][21.396s][info][gc,ref      ] GC(200) Weak: 7 encountered, 2 discovered, 0 enqueued
[2026-06-18T16:37:03.752+0800][21.401s][info][gc,ref      ] GC(200) Final: 0 encountered, 0 discovered, 0 enqueued
[2026-06-18T16:37:03.754+0800][21.403s][info][gc,ref      ] GC(200) Phantom: 1 encountered, 1 discovered, 0 enqueued
[2026-06-18T16:37:03.755+0800][21.404s][info][gc,heap     ] GC(200)                Mark Start          Mark End        Relocate Start      Relocate End           High               Low         
[2026-06-18T16:37:03.755+0800][21.405s][info][gc,heap     ] GC(200)  Capacity:      256M (100%)        256M (100%)        256M (100%)        256M (100%)        256M (100%)        256M (100%)   
[2026-06-18T16:37:03.756+0800][21.405s][info][gc,heap     ] GC(200)   Reserve:       62M (24%)          62M (24%)          62M (24%)          62M (24%)          62M (24%)          62M (24%)    
[2026-06-18T16:37:03.757+0800][21.406s][info][gc,heap     ] GC(200)      Free:      114M (45%)          76M (30%)         106M (41%)         114M (45%)         114M (45%)          76M (30%)    
[2026-06-18T16:37:03.757+0800][21.407s][info][gc,heap     ] GC(200)      Used:       80M (31%)         118M (46%)          88M (34%)          80M (31%)         118M (46%)          80M (31%)    
[2026-06-18T16:37:03.758+0800][21.407s][info][gc,heap     ] GC(200)      Live:         -                23M (9%)           23M (9%)           23M (9%)             -                  -          
[2026-06-18T16:37:03.758+0800][21.408s][info][gc,heap     ] GC(200) Allocated:         -                38M (15%)          38M (15%)          46M (18%)            -                  -          
[2026-06-18T16:37:03.759+0800][21.408s][info][gc,heap     ] GC(200)   Garbage:         -                56M (22%)          26M (10%)          18M (7%)             -                  -          
[2026-06-18T16:37:03.760+0800][21.409s][info][gc,heap     ] GC(200) Reclaimed:         -                  -                30M (12%)          38M (15%)            -                  -          
[2026-06-18T16:37:03.760+0800][21.409s][info][gc          ] GC(200) Garbage Collection (Allocation Rate) 80M(31%)->80M(31%)
[2026-06-18T16:37:03.814+0800][21.463s][info][gc,start    ] GC(201) Garbage Collection (Allocation Rate)
[2026-06-18T16:37:03.817+0800][21.466s][info][gc,phases   ] GC(201) Pause Mark Start 0.478ms
[2026-06-18T16:37:03.821+0800][21.470s][info][gc,phases   ] GC(201) Concurrent Mark 1.970ms
[2026-06-18T16:37:03.823+0800][21.472s][info][gc,phases   ] GC(201) Pause Mark End 0.823ms
[2026-06-18T16:37:03.824+0800][21.474s][info][gc,phases   ] GC(201) Concurrent Process Non-Strong References 0.196ms
[2026-06-18T16:37:03.825+0800][21.474s][info][gc,phases   ] GC(201) Concurrent Reset Relocation Set 0.004ms
[2026-06-18T16:37:03.826+0800][21.475s][info][gc,phases   ] GC(201) Concurrent Destroy Detached Pages 0.001ms
[2026-06-18T16:37:03.828+0800][21.477s][info][gc,phases   ] GC(201) Concurrent Select Relocation Set 1.033ms
[2026-06-18T16:37:03.829+0800][21.478s][info][gc,phases   ] GC(201) Concurrent Prepare Relocation Set 0.013ms
[2026-06-18T16:37:03.830+0800][21.479s][info][gc,phases   ] GC(201) Pause Relocate Start 0.254ms
[2026-06-18T16:37:03.832+0800][21.481s][info][gc,phases   ] GC(201) Concurrent Relocate 1.405ms
[2026-06-18T16:37:03.833+0800][21.482s][info][gc,load     ] GC(201) Load: 0.78/0.42/0.26
[2026-06-18T16:37:03.833+0800][21.482s][info][gc,mmu      ] GC(201) MMU: 2ms/39.9%, 5ms/76.0%, 10ms/85.1%, 20ms/90.0%, 50ms/96.0%, 100ms/97.1%
[2026-06-18T16:37:03.834+0800][21.483s][info][gc,marking  ] GC(201) Mark: 2 stripe(s), 1 proactive flush(es), 1 terminate flush(es), 0 completion(s), 0 continuation(s) 
[2026-06-18T16:37:03.834+0800][21.483s][info][gc,reloc    ] GC(201) Relocation: Successful, 21M relocated
[2026-06-18T16:37:03.834+0800][21.484s][info][gc,nmethod  ] GC(201) NMethods: 23 registered, 0 unregistered
[2026-06-18T16:37:03.835+0800][21.484s][info][gc,metaspace] GC(201) Metaspace: 3M used, 4M capacity, 4M committed, 8M reserved
[2026-06-18T16:37:03.835+0800][21.484s][info][gc,ref      ] GC(201) Soft: 43 encountered, 0 discovered, 0 enqueued
[2026-06-18T16:37:03.836+0800][21.485s][info][gc,ref      ] GC(201) Weak: 7 encountered, 2 discovered, 0 enqueued
[2026-06-18T16:37:03.836+0800][21.485s][info][gc,ref      ] GC(201) Final: 0 encountered, 0 discovered, 0 enqueued
[2026-06-18T16:37:03.836+0800][21.485s][info][gc,ref      ] GC(201) Phantom: 1 encountered, 1 discovered, 0 enqueued
[2026-06-18T16:37:03.836+0800][21.486s][info][gc,heap     ] GC(201)                Mark Start          Mark End        Relocate Start      Relocate End           High               Low         
[2026-06-18T16:37:03.837+0800][21.486s][info][gc,heap     ] GC(201)  Capacity:      256M (100%)        256M (100%)        256M (100%)        256M (100%)        256M (100%)        256M (100%)   
[2026-06-18T16:37:03.837+0800][21.486s][info][gc,heap     ] GC(201)   Reserve:       62M (24%)          62M (24%)          62M (24%)          62M (24%)          62M (24%)          62M (24%)    
[2026-06-18T16:37:03.837+0800][21.486s][info][gc,heap     ] GC(201)      Free:       78M (30%)          78M (30%)         102M (40%)         146M (57%)         146M (57%)          64M (25%)    
[2026-06-18T16:37:03.837+0800][21.487s][info][gc,heap     ] GC(201)      Used:      116M (45%)         116M (45%)          92M (36%)          48M (19%)         130M (51%)          48M (19%)    
[2026-06-18T16:37:03.838+0800][21.487s][info][gc,heap     ] GC(201)      Live:         -                21M (8%)           21M (8%)           21M (8%)             -                  -          
[2026-06-18T16:37:03.838+0800][21.487s][info][gc,heap     ] GC(201) Allocated:         -                 0M (0%)            4M (2%)           46M (18%)            -                  -          
[2026-06-18T16:37:03.838+0800][21.487s][info][gc,heap     ] GC(201)   Garbage:         -                94M (37%)          66M (26%)          22M (9%)             -                  -          
[2026-06-18T16:37:03.838+0800][21.488s][info][gc,heap     ] GC(201) Reclaimed:         -                  -                28M (11%)          72M (28%)            -                  -          
[2026-06-18T16:37:03.839+0800][21.488s][info][gc          ] GC(201) Garbage Collection (Allocation Rate) 116M(45%)->48M(19%)
[2026-06-18T16:37:03.914+0800][21.563s][info][gc,start    ] GC(202) Garbage Collection (Allocation Rate)
[2026-06-18T16:37:03.917+0800][21.567s][info][gc,phases   ] GC(202) Pause Mark Start 0.461ms
[2026-06-18T16:37:03.922+0800][21.571s][info][gc,phases   ] GC(202) Concurrent Mark 2.340ms
[2026-06-18T16:37:03.925+0800][21.574s][info][gc,phases   ] GC(202) Pause Mark End 0.780ms
[2026-06-18T16:37:03.927+0800][21.576s][info][gc,phases   ] GC(202) Concurrent Process Non-Strong References 0.189ms
[2026-06-18T16:37:03.928+0800][21.577s][info][gc,phases   ] GC(202) Concurrent Reset Relocation Set 0.005ms
[2026-06-18T16:37:03.929+0800][21.578s][info][gc,phases   ] GC(202) Concurrent Destroy Detached Pages 0.001ms
[2026-06-18T16:37:03.930+0800][21.579s][info][gc,phases   ] GC(202) Concurrent Select Relocation Set 0.942ms
[2026-06-18T16:37:03.931+0800][21.580s][info][gc,phases   ] GC(202) Concurrent Prepare Relocation Set 0.005ms
[2026-06-18T16:37:03.932+0800][21.581s][info][gc,phases   ] GC(202) Pause Relocate Start 0.176ms
[2026-06-18T16:37:03.933+0800][21.582s][info][gc,phases   ] GC(202) Concurrent Relocate 0.244ms
[2026-06-18T16:37:03.933+0800][21.583s][info][gc,load     ] GC(202) Load: 0.78/0.42/0.26
[2026-06-18T16:37:03.934+0800][21.583s][info][gc,mmu      ] GC(202) MMU: 2ms/39.9%, 5ms/76.0%, 10ms/85.1%, 20ms/90.0%, 50ms/96.0%, 100ms/97.1%
[2026-06-18T16:37:03.934+0800][21.583s][info][gc,marking  ] GC(202) Mark: 2 stripe(s), 1 proactive flush(es), 1 terminate flush(es), 0 completion(s), 0 continuation(s) 
[2026-06-18T16:37:03.935+0800][21.584s][info][gc,reloc    ] GC(202) Relocation: Successful, 24M relocated
[2026-06-18T16:37:03.935+0800][21.585s][info][gc,nmethod  ] GC(202) NMethods: 23 registered, 0 unregistered
[2026-06-18T16:37:03.936+0800][21.585s][info][gc,metaspace] GC(202) Metaspace: 3M used, 4M capacity, 4M committed, 8M reserved
[2026-06-18T16:37:03.936+0800][21.585s][info][gc,ref      ] GC(202) Soft: 43 encountered, 0 discovered, 0 enqueued
[2026-06-18T16:37:03.936+0800][21.585s][info][gc,ref      ] GC(202) Weak: 7 encountered, 2 discovered, 0 enqueued
[2026-06-18T16:37:03.937+0800][21.586s][info][gc,ref      ] GC(202) Final: 0 encountered, 0 discovered, 0 enqueued
[2026-06-18T16:37:03.937+0800][21.586s][info][gc,ref      ] GC(202) Phantom: 1 encountered, 1 discovered, 0 enqueued
[2026-06-18T16:37:03.937+0800][21.586s][info][gc,heap     ] GC(202)                Mark Start          Mark End        Relocate Start      Relocate End           High               Low         
[2026-06-18T16:37:03.937+0800][21.587s][info][gc,heap     ] GC(202)  Capacity:      256M (100%)        256M (100%)        256M (100%)        256M (100%)        256M (100%)        256M (100%)   
[2026-06-18T16:37:03.938+0800][21.587s][info][gc,heap     ] GC(202)   Reserve:       62M (24%)          62M (24%)          62M (24%)          62M (24%)          62M (24%)          62M (24%)    
[2026-06-18T16:37:03.938+0800][21.587s][info][gc,heap     ] GC(202)      Free:      114M (45%)         110M (43%)         136M (53%)         142M (55%)         142M (55%)         110M (43%)    
[2026-06-18T16:37:03.938+0800][21.587s][info][gc,heap     ] GC(202)      Used:       80M (31%)          84M (33%)          58M (23%)          52M (20%)          84M (33%)          52M (20%)    
[2026-06-18T16:37:03.938+0800][21.588s][info][gc,heap     ] GC(202)      Live:         -                28M (11%)          28M (11%)          28M (11%)            -                  -          
[2026-06-18T16:37:03.939+0800][21.588s][info][gc,heap     ] GC(202) Allocated:         -                 4M (2%)            8M (3%)           14M (5%)             -                  -          
[2026-06-18T16:37:03.939+0800][21.588s][info][gc,heap     ] GC(202)   Garbage:         -                51M (20%)          21M (9%)           15M (6%)             -                  -          
[2026-06-18T16:37:03.939+0800][21.588s][info][gc,heap     ] GC(202) Reclaimed:         -                  -                30M (12%)          36M (14%)            -                  -          
[2026-06-18T16:37:03.939+0800][21.589s][info][gc          ] GC(202) Garbage Collection (Allocation Rate) 80M(31%)->52M(20%)
[2026-06-18T16:37:04.013+0800][21.662s][info][gc,start    ] GC(203) Garbage Collection (Allocation Rate)
[2026-06-18T16:37:04.019+0800][21.669s][info][gc,phases   ] GC(203) Pause Mark Start 0.286ms
[2026-06-18T16:37:04.026+0800][21.675s][info][gc,phases   ] GC(203) Concurrent Mark 1.630ms
[2026-06-18T16:37:04.030+0800][21.679s][info][gc,phases   ] GC(203) Pause Mark End 0.438ms
[2026-06-18T16:37:04.032+0800][21.682s][info][gc,phases   ] GC(203) Concurrent Process Non-Strong References 0.221ms
[2026-06-18T16:37:04.035+0800][21.684s][info][gc,phases   ] GC(203) Concurrent Reset Relocation Set 0.002ms
[2026-06-18T16:37:04.036+0800][21.686s][info][gc,phases   ] GC(203) Concurrent Destroy Detached Pages 0.001ms
[2026-06-18T16:37:04.038+0800][21.688s][info][gc,phases   ] GC(203) Concurrent Select Relocation Set 1.209ms
[2026-06-18T16:37:04.039+0800][21.689s][info][gc,phases   ] GC(203) Concurrent Prepare Relocation Set 0.019ms
[2026-06-18T16:37:04.041+0800][21.690s][info][gc,phases   ] GC(203) Pause Relocate Start 0.288ms
[2026-06-18T16:37:04.044+0800][21.693s][info][gc,phases   ] GC(203) Concurrent Relocate 2.091ms
[2026-06-18T16:37:04.044+0800][21.694s][info][gc,load     ] GC(203) Load: 0.78/0.42/0.26
[2026-06-18T16:37:04.045+0800][21.694s][info][gc,mmu      ] GC(203) MMU: 2ms/39.9%, 5ms/76.0%, 10ms/85.1%, 20ms/90.0%, 50ms/96.0%, 100ms/97.1%
[2026-06-18T16:37:04.046+0800][21.695s][info][gc,marking  ] GC(203) Mark: 2 stripe(s), 1 proactive flush(es), 1 terminate flush(es), 0 completion(s), 0 continuation(s) 
[2026-06-18T16:37:04.046+0800][21.695s][info][gc,reloc    ] GC(203) Relocation: Successful, 24M relocated
[2026-06-18T16:37:04.047+0800][21.696s][info][gc,nmethod  ] GC(203) NMethods: 23 registered, 0 unregistered
[2026-06-18T16:37:04.047+0800][21.697s][info][gc,metaspace] GC(203) Metaspace: 3M used, 4M capacity, 4M committed, 8M reserved
[2026-06-18T16:37:04.048+0800][21.697s][info][gc,ref      ] GC(203) Soft: 43 encountered, 0 discovered, 0 enqueued
[2026-06-18T16:37:04.048+0800][21.698s][info][gc,ref      ] GC(203) Weak: 7 encountered, 2 discovered, 0 enqueued
[2026-06-18T16:37:04.049+0800][21.698s][info][gc,ref      ] GC(203) Final: 0 encountered, 0 discovered, 0 enqueued
[2026-06-18T16:37:04.049+0800][21.699s][info][gc,ref      ] GC(203) Phantom: 1 encountered, 1 discovered, 0 enqueued
[2026-06-18T16:37:04.050+0800][21.699s][info][gc,heap     ] GC(203)                Mark Start          Mark End        Relocate Start      Relocate End           High               Low         
[2026-06-18T16:37:04.050+0800][21.699s][info][gc,heap     ] GC(203)  Capacity:      256M (100%)        256M (100%)        256M (100%)        256M (100%)        256M (100%)        256M (100%)   
[2026-06-18T16:37:04.050+0800][21.699s][info][gc,heap     ] GC(203)   Reserve:       62M (24%)          62M (24%)          62M (24%)          62M (24%)          62M (24%)          62M (24%)    
[2026-06-18T16:37:04.050+0800][21.700s][info][gc,heap     ] GC(203)      Free:       78M (30%)          42M (16%)          74M (29%)         144M (56%)         144M (56%)          42M (16%)    
[2026-06-18T16:37:04.051+0800][21.700s][info][gc,heap     ] GC(203)      Used:      116M (45%)         152M (59%)         120M (47%)          50M (20%)         152M (59%)          50M (20%)    
[2026-06-18T16:37:04.051+0800][21.700s][info][gc,heap     ] GC(203)      Live:         -                24M (9%)           24M (9%)           24M (9%)             -                  -          
[2026-06-18T16:37:04.051+0800][21.700s][info][gc,heap     ] GC(203) Allocated:         -                36M (14%)          40M (16%)          50M (20%)            -                  -          
[2026-06-18T16:37:04.051+0800][21.701s][info][gc,heap     ] GC(203)   Garbage:         -                91M (36%)          55M (22%)    17592186044401M (6         -                  -          
[2026-06-18T16:37:04.052+0800][21.701s][info][gc,heap     ] GC(203) Reclaimed:         -                  -                36M (14%)         106M (41%)            -                  -          
[2026-06-18T16:37:04.052+0800][21.701s][info][gc          ] GC(203) Garbage Collection (Allocation Rate) 116M(45%)->50M(20%)
[2026-06-18T16:37:04.113+0800][21.763s][info][gc,start    ] GC(204) Garbage Collection (Allocation Rate)
[2026-06-18T16:37:04.117+0800][21.766s][info][gc,phases   ] GC(204) Pause Mark Start 0.394ms
[2026-06-18T16:37:04.121+0800][21.770s][info][gc,phases   ] GC(204) Concurrent Mark 2.157ms
[2026-06-18T16:37:04.123+0800][21.772s][info][gc,phases   ] GC(204) Pause Mark End 0.623ms
[2026-06-18T16:37:04.125+0800][21.774s][info][gc,phases   ] GC(204) Concurrent Process Non-Strong References 0.287ms
[2026-06-18T16:37:04.126+0800][21.775s][info][gc,phases   ] GC(204) Concurrent Reset Relocation Set 0.005ms
[2026-06-18T16:37:04.127+0800][21.776s][info][gc,phases   ] GC(204) Concurrent Destroy Detached Pages 0.001ms
[2026-06-18T16:37:04.129+0800][21.778s][info][gc,phases   ] GC(204) Concurrent Select Relocation Set 0.853ms
[2026-06-18T16:37:04.129+0800][21.779s][info][gc,phases   ] GC(204) Concurrent Prepare Relocation Set 0.004ms
[2026-06-18T16:37:04.130+0800][21.780s][info][gc,phases   ] GC(204) Pause Relocate Start 0.307ms
[2026-06-18T16:37:04.131+0800][21.781s][info][gc,phases   ] GC(204) Concurrent Relocate 0.237ms
[2026-06-18T16:37:04.132+0800][21.781s][info][gc,load     ] GC(204) Load: 0.78/0.42/0.26
[2026-06-18T16:37:04.132+0800][21.782s][info][gc,mmu      ] GC(204) MMU: 2ms/39.9%, 5ms/76.0%, 10ms/85.1%, 20ms/90.0%, 50ms/96.0%, 100ms/97.1%
[2026-06-18T16:37:04.133+0800][21.782s][info][gc,marking  ] GC(204) Mark: 2 stripe(s), 1 proactive flush(es), 1 terminate flush(es), 0 completion(s), 0 continuation(s) 
[2026-06-18T16:37:04.133+0800][21.782s][info][gc,reloc    ] GC(204) Relocation: Successful, 20M relocated
[2026-06-18T16:37:04.133+0800][21.783s][info][gc,nmethod  ] GC(204) NMethods: 23 registered, 0 unregistered
[2026-06-18T16:37:04.134+0800][21.783s][info][gc,metaspace] GC(204) Metaspace: 3M used, 4M capacity, 4M committed, 8M reserved
[2026-06-18T16:37:04.134+0800][21.783s][info][gc,ref      ] GC(204) Soft: 43 encountered, 0 discovered, 0 enqueued
[2026-06-18T16:37:04.134+0800][21.784s][info][gc,ref      ] GC(204) Weak: 7 encountered, 0 discovered, 0 enqueued
[2026-06-18T16:37:04.135+0800][21.784s][info][gc,ref      ] GC(204) Final: 0 encountered, 0 discovered, 0 enqueued
[2026-06-18T16:37:04.135+0800][21.784s][info][gc,ref      ] GC(204) Phantom: 1 encountered, 0 discovered, 0 enqueued
[2026-06-18T16:37:04.135+0800][21.785s][info][gc,heap     ] GC(204)                Mark Start          Mark End        Relocate Start      Relocate End           High               Low         
[2026-06-18T16:37:04.135+0800][21.785s][info][gc,heap     ] GC(204)  Capacity:      256M (100%)        256M (100%)        256M (100%)        256M (100%)        256M (100%)        256M (100%)   
[2026-06-18T16:37:04.136+0800][21.785s][info][gc,heap     ] GC(204)   Reserve:       62M (24%)          62M (24%)          62M (24%)          62M (24%)          62M (24%)          62M (24%)    
[2026-06-18T16:37:04.136+0800][21.785s][info][gc,heap     ] GC(204)      Free:      118M (46%)         118M (46%)         140M (55%)         146M (57%)         146M (57%)         114M (45%)    
[2026-06-18T16:37:04.136+0800][21.786s][info][gc,heap     ] GC(204)      Used:       76M (30%)          76M (30%)          54M (21%)          48M (19%)          80M (31%)          48M (19%)    
[2026-06-18T16:37:04.136+0800][21.786s][info][gc,heap     ] GC(204)      Live:         -                26M (10%)          26M (10%)          26M (10%)            -                  -          
[2026-06-18T16:37:04.137+0800][21.786s][info][gc,heap     ] GC(204) Allocated:         -                 0M (0%)            4M (2%)           10M (4%)             -                  -          
[2026-06-18T16:37:04.137+0800][21.786s][info][gc,heap     ] GC(204)   Garbage:         -                49M (19%)          23M (9%)           17M (7%)             -                  -          
[2026-06-18T16:37:04.137+0800][21.786s][info][gc,heap     ] GC(204) Reclaimed:         -                  -                26M (10%)          32M (12%)            -                  -          
[2026-06-18T16:37:04.137+0800][21.787s][info][gc          ] GC(204) Garbage Collection (Allocation Rate) 76M(30%)->48M(19%)
[2026-06-18T16:37:04.214+0800][21.863s][info][gc,start    ] GC(205) Garbage Collection (Allocation Rate)
[2026-06-18T16:37:04.217+0800][21.867s][info][gc,phases   ] GC(205) Pause Mark Start 0.469ms
[2026-06-18T16:37:04.221+0800][21.871s][info][gc,phases   ] GC(205) Concurrent Mark 2.276ms
[2026-06-18T16:37:04.224+0800][21.873s][info][gc,phases   ] GC(205) Pause Mark End 0.604ms
[2026-06-18T16:37:04.225+0800][21.875s][info][gc,phases   ] GC(205) Concurrent Process Non-Strong References 0.182ms
[2026-06-18T16:37:04.226+0800][21.876s][info][gc,phases   ] GC(205) Concurrent Reset Relocation Set 0.003ms
[2026-06-18T16:37:04.227+0800][21.877s][info][gc,phases   ] GC(205) Concurrent Destroy Detached Pages 0.001ms
[2026-06-18T16:37:04.229+0800][21.879s][info][gc,phases   ] GC(205) Concurrent Select Relocation Set 0.884ms
[2026-06-18T16:37:04.230+0800][21.879s][info][gc,phases   ] GC(205) Concurrent Prepare Relocation Set 0.011ms
[2026-06-18T16:37:04.231+0800][21.880s][info][gc,phases   ] GC(205) Pause Relocate Start 0.176ms
[2026-06-18T16:37:04.233+0800][21.882s][info][gc,phases   ] GC(205) Concurrent Relocate 1.601ms
[2026-06-18T16:37:04.234+0800][21.883s][info][gc,load     ] GC(205) Load: 0.78/0.42/0.26
[2026-06-18T16:37:04.234+0800][21.883s][info][gc,mmu      ] GC(205) MMU: 2ms/39.9%, 5ms/76.0%, 10ms/85.1%, 20ms/90.0%, 50ms/96.0%, 100ms/97.1%
[2026-06-18T16:37:04.234+0800][21.884s][info][gc,marking  ] GC(205) Mark: 2 stripe(s), 1 proactive flush(es), 1 terminate flush(es), 0 completion(s), 0 continuation(s) 
[2026-06-18T16:37:04.235+0800][21.884s][info][gc,reloc    ] GC(205) Relocation: Successful, 24M relocated
[2026-06-18T16:37:04.235+0800][21.884s][info][gc,nmethod  ] GC(205) NMethods: 23 registered, 0 unregistered
[2026-06-18T16:37:04.235+0800][21.885s][info][gc,metaspace] GC(205) Metaspace: 3M used, 4M capacity, 4M committed, 8M reserved
[2026-06-18T16:37:04.236+0800][21.885s][info][gc,ref      ] GC(205) Soft: 43 encountered, 0 discovered, 0 enqueued
[2026-06-18T16:37:04.236+0800][21.885s][info][gc,ref      ] GC(205) Weak: 7 encountered, 0 discovered, 0 enqueued
[2026-06-18T16:37:04.236+0800][21.886s][info][gc,ref      ] GC(205) Final: 0 encountered, 0 discovered, 0 enqueued
[2026-06-18T16:37:04.237+0800][21.886s][info][gc,ref      ] GC(205) Phantom: 1 encountered, 0 discovered, 0 enqueued
[2026-06-18T16:37:04.237+0800][21.886s][info][gc,heap     ] GC(205)                Mark Start          Mark End        Relocate Start      Relocate End           High               Low         
[2026-06-18T16:37:04.237+0800][21.886s][info][gc,heap     ] GC(205)  Capacity:      256M (100%)        256M (100%)        256M (100%)        256M (100%)        256M (100%)        256M (100%)   
[2026-06-18T16:37:04.237+0800][21.886s][info][gc,heap     ] GC(205)   Reserve:       62M (24%)          62M (24%)          62M (24%)          62M (24%)          62M (24%)          62M (24%)    
[2026-06-18T16:37:04.237+0800][21.887s][info][gc,heap     ] GC(205)      Free:       84M (33%)          80M (31%)         106M (41%)         142M (55%)         142M (55%)          66M (26%)    
[2026-06-18T16:37:04.238+0800][21.887s][info][gc,heap     ] GC(205)      Used:      110M (43%)         114M (45%)          88M (34%)          52M (20%)         128M (50%)          52M (20%)    
[2026-06-18T16:37:04.238+0800][21.887s][info][gc,heap     ] GC(205)      Live:         -                24M (10%)          24M (10%)          24M (10%)            -                  -          
[2026-06-18T16:37:04.238+0800][21.887s][info][gc,heap     ] GC(205) Allocated:         -                 4M (2%)            6M (2%)           50M (20%)            -                  -          
[2026-06-18T16:37:04.238+0800][21.888s][info][gc,heap     ] GC(205)   Garbage:         -                85M (33%)          57M (22%)          17M (7%)             -                  -          
[2026-06-18T16:37:04.240+0800][21.889s][info][gc,heap     ] GC(205) Reclaimed:         -                  -                28M (11%)          68M (27%)            -                  -          
[2026-06-18T16:37:04.243+0800][21.892s][info][gc          ] GC(205) Garbage Collection (Allocation Rate) 110M(43%)->52M(20%)
[2026-06-18T16:37:04.314+0800][21.963s][info][gc,start    ] GC(206) Garbage Collection (Allocation Rate)
[2026-06-18T16:37:04.320+0800][21.969s][info][gc,phases   ] GC(206) Pause Mark Start 0.754ms
[2026-06-18T16:37:04.323+0800][21.973s][info][gc,phases   ] GC(206) Concurrent Mark 1.779ms
[2026-06-18T16:37:04.329+0800][21.978s][info][gc,phases   ] GC(206) Pause Mark End 0.264ms
[2026-06-18T16:37:04.331+0800][21.981s][info][gc,phases   ] GC(206) Concurrent Process Non-Strong References 0.218ms
[2026-06-18T16:37:04.336+0800][21.985s][info][gc,phases   ] GC(206) Concurrent Reset Relocation Set 0.008ms
[2026-06-18T16:37:04.337+0800][21.986s][info][gc,phases   ] GC(206) Concurrent Destroy Detached Pages 0.002ms
[2026-06-18T16:37:04.340+0800][21.989s][info][gc,phases   ] GC(206) Concurrent Select Relocation Set 1.228ms
[2026-06-18T16:37:04.342+0800][21.991s][info][gc,phases   ] GC(206) Concurrent Prepare Relocation Set 0.006ms
[2026-06-18T16:37:04.344+0800][21.994s][info][gc,phases   ] GC(206) Pause Relocate Start 0.322ms
[2026-06-18T16:37:04.346+0800][21.995s][info][gc,phases   ] GC(206) Concurrent Relocate 0.245ms
[2026-06-18T16:37:04.347+0800][21.997s][info][gc,load     ] GC(206) Load: 0.78/0.42/0.26
[2026-06-18T16:37:04.349+0800][21.998s][info][gc,mmu      ] GC(206) MMU: 2ms/39.9%, 5ms/76.0%, 10ms/85.1%, 20ms/90.0%, 50ms/96.0%, 100ms/97.1%
[2026-06-18T16:37:04.350+0800][21.999s][info][gc,marking  ] GC(206) Mark: 2 stripe(s), 1 proactive flush(es), 1 terminate flush(es), 0 completion(s), 0 continuation(s) 
[2026-06-18T16:37:04.351+0800][22.000s][info][gc,reloc    ] GC(206) Relocation: Successful, 20M relocated
[2026-06-18T16:37:04.354+0800][22.003s][info][gc,nmethod  ] GC(206) NMethods: 23 registered, 0 unregistered
[2026-06-18T16:37:04.360+0800][22.009s][info][gc,metaspace] GC(206) Metaspace: 3M used, 4M capacity, 4M committed, 8M reserved
[2026-06-18T16:37:04.362+0800][22.012s][info][gc,ref      ] GC(206) Soft: 43 encountered, 0 discovered, 0 enqueued
[2026-06-18T16:37:04.364+0800][22.013s][info][gc,ref      ] GC(206) Weak: 7 encountered, 2 discovered, 0 enqueued
[2026-06-18T16:37:04.365+0800][22.014s][info][gc,ref      ] GC(206) Final: 0 encountered, 0 discovered, 0 enqueued
[2026-06-18T16:37:04.368+0800][22.017s][info][gc,ref      ] GC(206) Phantom: 1 encountered, 0 discovered, 0 enqueued
[2026-06-18T16:37:04.371+0800][22.020s][info][gc,heap     ] GC(206)                Mark Start          Mark End        Relocate Start      Relocate End           High               Low         
[2026-06-18T16:37:04.374+0800][22.023s][info][gc,heap     ] GC(206)  Capacity:      256M (100%)        256M (100%)        256M (100%)        256M (100%)        256M (100%)        256M (100%)   
[2026-06-18T16:37:04.377+0800][22.026s][info][gc,heap     ] GC(206)   Reserve:       62M (24%)          62M (24%)          62M (24%)          62M (24%)          62M (24%)          62M (24%)    
[2026-06-18T16:37:04.379+0800][22.029s][info][gc,heap     ] GC(206)      Free:      112M (44%)          74M (29%)         100M (39%)         112M (44%)         112M (44%)          72M (28%)    
[2026-06-18T16:37:04.381+0800][22.030s][info][gc,heap     ] GC(206)      Used:       82M (32%)         120M (47%)          94M (37%)          82M (32%)         122M (48%)          82M (32%)    
[2026-06-18T16:37:04.382+0800][22.032s][info][gc,heap     ] GC(206)      Live:         -                20M (8%)           20M (8%)           20M (8%)             -                  -          
[2026-06-18T16:37:04.384+0800][22.033s][info][gc,heap     ] GC(206) Allocated:         -                38M (15%)          40M (16%)          48M (19%)            -                  -          
[2026-06-18T16:37:04.385+0800][22.035s][info][gc,heap     ] GC(206)   Garbage:         -                61M (24%)          33M (13%)          21M (9%)             -                  -          
[2026-06-18T16:37:04.386+0800][22.036s][info][gc,heap     ] GC(206) Reclaimed:         -                  -                28M (11%)          40M (16%)            -                  -          
[2026-06-18T16:37:04.388+0800][22.037s][info][gc          ] GC(206) Garbage Collection (Allocation Rate) 82M(32%)->82M(32%)
[2026-06-18T16:37:04.413+0800][22.062s][info][gc,start    ] GC(207) Garbage Collection (Allocation Rate)
[2026-06-18T16:37:04.415+0800][22.065s][info][gc,phases   ] GC(207) Pause Mark Start 0.202ms
[2026-06-18T16:37:04.418+0800][22.068s][info][gc,phases   ] GC(207) Concurrent Mark 1.387ms
[2026-06-18T16:37:04.424+0800][22.073s][info][gc,phases   ] GC(207) Pause Mark End 0.260ms
[2026-06-18T16:37:04.430+0800][22.079s][info][gc,phases   ] GC(207) Concurrent Process Non-Strong References 0.147ms
[2026-06-18T16:37:04.431+0800][22.081s][info][gc,phases   ] GC(207) Concurrent Reset Relocation Set 0.008ms
[2026-06-18T16:37:04.433+0800][22.082s][info][gc,phases   ] GC(207) Concurrent Destroy Detached Pages 0.001ms
[2026-06-18T16:37:04.435+0800][22.084s][info][gc,phases   ] GC(207) Concurrent Select Relocation Set 0.513ms
[2026-06-18T16:37:04.436+0800][22.085s][info][gc,phases   ] GC(207) Concurrent Prepare Relocation Set 0.003ms
[2026-06-18T16:37:04.438+0800][22.087s][info][gc,phases   ] GC(207) Pause Relocate Start 0.294ms
[2026-06-18T16:37:04.441+0800][22.090s][info][gc,phases   ] GC(207) Concurrent Relocate 1.559ms
[2026-06-18T16:37:04.442+0800][22.092s][info][gc,load     ] GC(207) Load: 0.78/0.42/0.26
[2026-06-18T16:37:04.443+0800][22.092s][info][gc,mmu      ] GC(207) MMU: 2ms/39.9%, 5ms/76.0%, 10ms/85.1%, 20ms/90.0%, 50ms/96.0%, 100ms/97.1%
[2026-06-18T16:37:04.444+0800][22.093s][info][gc,marking  ] GC(207) Mark: 2 stripe(s), 1 proactive flush(es), 1 terminate flush(es), 0 completion(s), 0 continuation(s) 
[2026-06-18T16:37:04.445+0800][22.094s][info][gc,reloc    ] GC(207) Relocation: Successful, 22M relocated
[2026-06-18T16:37:04.446+0800][22.096s][info][gc,nmethod  ] GC(207) NMethods: 23 registered, 0 unregistered
[2026-06-18T16:37:04.448+0800][22.097s][info][gc,metaspace] GC(207) Metaspace: 3M used, 4M capacity, 4M committed, 8M reserved
[2026-06-18T16:37:04.449+0800][22.098s][info][gc,ref      ] GC(207) Soft: 43 encountered, 0 discovered, 0 enqueued
[2026-06-18T16:37:04.450+0800][22.099s][info][gc,ref      ] GC(207) Weak: 7 encountered, 2 discovered, 0 enqueued
[2026-06-18T16:37:04.452+0800][22.101s][info][gc,ref      ] GC(207) Final: 0 encountered, 0 discovered, 0 enqueued
[2026-06-18T16:37:04.453+0800][22.103s][info][gc,ref      ] GC(207) Phantom: 1 encountered, 1 discovered, 0 enqueued
[2026-06-18T16:37:04.455+0800][22.104s][info][gc,heap     ] GC(207)                Mark Start          Mark End        Relocate Start      Relocate End           High               Low         
[2026-06-18T16:37:04.458+0800][22.107s][info][gc,heap     ] GC(207)  Capacity:      256M (100%)        256M (100%)        256M (100%)        256M (100%)        256M (100%)        256M (100%)   
[2026-06-18T16:37:04.459+0800][22.109s][info][gc,heap     ] GC(207)   Reserve:       62M (24%)          62M (24%)          62M (24%)          62M (24%)          62M (24%)          62M (24%)    
[2026-06-18T16:37:04.461+0800][22.110s][info][gc,heap     ] GC(207)      Free:       84M (33%)          46M (18%)          68M (27%)         140M (55%)         140M (55%)          44M (17%)    
[2026-06-18T16:37:04.462+0800][22.111s][info][gc,heap     ] GC(207)      Used:      110M (43%)         148M (58%)         126M (49%)          54M (21%)         150M (59%)          54M (21%)    
[2026-06-18T16:37:04.464+0800][22.113s][info][gc,heap     ] GC(207)      Live:         -                26M (10%)          26M (10%)          26M (10%)            -                  -          
[2026-06-18T16:37:04.466+0800][22.115s][info][gc,heap     ] GC(207) Allocated:         -                38M (15%)          40M (16%)          48M (19%)            -                  -          
[2026-06-18T16:37:04.469+0800][22.119s][info][gc,heap     ] GC(207)   Garbage:         -                83M (33%)          59M (23%)    17592186044403M (6         -                  -          
[2026-06-18T16:37:04.473+0800][22.122s][info][gc,heap     ] GC(207) Reclaimed:         -                  -                24M (9%)           96M (38%)            -                  -          
[2026-06-18T16:37:04.474+0800][22.124s][info][gc          ] GC(207) Garbage Collection (Allocation Rate) 110M(43%)->54M(21%)
[2026-06-18T16:37:04.513+0800][22.163s][info][gc,start    ] GC(208) Garbage Collection (Allocation Rate)
[2026-06-18T16:37:04.516+0800][22.165s][info][gc,phases   ] GC(208) Pause Mark Start 0.414ms
[2026-06-18T16:37:04.519+0800][22.168s][info][gc,phases   ] GC(208) Concurrent Mark 1.415ms
[2026-06-18T16:37:04.521+0800][22.170s][info][gc,phases   ] GC(208) Pause Mark End 0.251ms
[2026-06-18T16:37:04.522+0800][22.172s][info][gc,phases   ] GC(208) Concurrent Process Non-Strong References 0.104ms
[2026-06-18T16:37:04.525+0800][22.174s][info][gc,phases   ] GC(208) Concurrent Reset Relocation Set 0.004ms
[2026-06-18T16:37:04.529+0800][22.179s][info][gc,phases   ] GC(208) Concurrent Destroy Detached Pages 0.002ms
[2026-06-18T16:37:04.532+0800][22.181s][info][gc,phases   ] GC(208) Concurrent Select Relocation Set 0.575ms
[2026-06-18T16:37:04.533+0800][22.182s][info][gc,phases   ] GC(208) Concurrent Prepare Relocation Set 0.009ms
[2026-06-18T16:37:04.535+0800][22.184s][info][gc,phases   ] GC(208) Pause Relocate Start 0.181ms
[2026-06-18T16:37:04.536+0800][22.186s][info][gc,phases   ] GC(208) Concurrent Relocate 0.336ms
[2026-06-18T16:37:04.537+0800][22.187s][info][gc,load     ] GC(208) Load: 0.78/0.42/0.26
[2026-06-18T16:37:04.538+0800][22.187s][info][gc,mmu      ] GC(208) MMU: 2ms/39.9%, 5ms/76.0%, 10ms/85.1%, 20ms/90.0%, 50ms/96.0%, 100ms/97.1%
[2026-06-18T16:37:04.539+0800][22.188s][info][gc,marking  ] GC(208) Mark: 2 stripe(s), 2 proactive flush(es), 1 terminate flush(es), 0 completion(s), 0 continuation(s) 
[2026-06-18T16:37:04.540+0800][22.189s][info][gc,reloc    ] GC(208) Relocation: Successful, 21M relocated
[2026-06-18T16:37:04.540+0800][22.190s][info][gc,nmethod  ] GC(208) NMethods: 23 registered, 0 unregistered
[2026-06-18T16:37:04.541+0800][22.190s][info][gc,metaspace] GC(208) Metaspace: 3M used, 4M capacity, 4M committed, 8M reserved
[2026-06-18T16:37:04.543+0800][22.192s][info][gc,ref      ] GC(208) Soft: 43 encountered, 0 discovered, 0 enqueued
[2026-06-18T16:37:04.544+0800][22.194s][info][gc,ref      ] GC(208) Weak: 7 encountered, 2 discovered, 0 enqueued
[2026-06-18T16:37:04.546+0800][22.195s][info][gc,ref      ] GC(208) Final: 0 encountered, 0 discovered, 0 enqueued
[2026-06-18T16:37:04.547+0800][22.197s][info][gc,ref      ] GC(208) Phantom: 1 encountered, 1 discovered, 0 enqueued
[2026-06-18T16:37:04.549+0800][22.198s][info][gc,heap     ] GC(208)                Mark Start          Mark End        Relocate Start      Relocate End           High               Low         
[2026-06-18T16:37:04.550+0800][22.200s][info][gc,heap     ] GC(208)  Capacity:      256M (100%)        256M (100%)        256M (100%)        256M (100%)        256M (100%)        256M (100%)   
[2026-06-18T16:37:04.554+0800][22.203s][info][gc,heap     ] GC(208)   Reserve:       62M (24%)          62M (24%)          62M (24%)          62M (24%)          62M (24%)          62M (24%)    
[2026-06-18T16:37:04.555+0800][22.204s][info][gc,heap     ] GC(208)      Free:      108M (42%)          74M (29%)         100M (39%)         116M (45%)         116M (45%)          72M (28%)    
[2026-06-18T16:37:04.558+0800][22.208s][info][gc,heap     ] GC(208)      Used:       86M (34%)         120M (47%)          94M (37%)          78M (30%)         122M (48%)          78M (30%)    
[2026-06-18T16:37:04.559+0800][22.209s][info][gc,heap     ] GC(208)      Live:         -                23M (9%)           23M (9%)           23M (9%)             -                  -          
[2026-06-18T16:37:04.560+0800][22.209s][info][gc,heap     ] GC(208) Allocated:         -                34M (13%)          36M (14%)          44M (17%)            -                  -          
[2026-06-18T16:37:04.560+0800][22.210s][info][gc,heap     ] GC(208)   Garbage:         -                62M (25%)          34M (14%)          18M (7%)             -                  -          
[2026-06-18T16:37:04.561+0800][22.210s][info][gc,heap     ] GC(208) Reclaimed:         -                  -                28M (11%)          44M (17%)            -                  -          
[2026-06-18T16:37:04.562+0800][22.211s][info][gc          ] GC(208) Garbage Collection (Allocation Rate) 86M(34%)->78M(30%)
[2026-06-18T16:37:04.614+0800][22.263s][info][gc,start    ] GC(209) Garbage Collection (Allocation Rate)
[2026-06-18T16:37:04.619+0800][22.268s][info][gc,phases   ] GC(209) Pause Mark Start 0.538ms
[2026-06-18T16:37:04.622+0800][22.272s][info][gc,phases   ] GC(209) Concurrent Mark 1.778ms
[2026-06-18T16:37:04.625+0800][22.274s][info][gc,phases   ] GC(209) Pause Mark End 0.385ms
[2026-06-18T16:37:04.626+0800][22.276s][info][gc,phases   ] GC(209) Concurrent Process Non-Strong References 0.196ms
[2026-06-18T16:37:04.628+0800][22.277s][info][gc,phases   ] GC(209) Concurrent Reset Relocation Set 0.004ms
[2026-06-18T16:37:04.629+0800][22.278s][info][gc,phases   ] GC(209) Concurrent Destroy Detached Pages 0.001ms
[2026-06-18T16:37:04.630+0800][22.279s][info][gc,phases   ] GC(209) Concurrent Select Relocation Set 0.466ms
[2026-06-18T16:37:04.631+0800][22.280s][info][gc,phases   ] GC(209) Concurrent Prepare Relocation Set 0.014ms
[2026-06-18T16:37:04.632+0800][22.281s][info][gc,phases   ] GC(209) Pause Relocate Start 0.143ms
[2026-06-18T16:37:04.634+0800][22.284s][info][gc,phases   ] GC(209) Concurrent Relocate 1.417ms
[2026-06-18T16:37:04.635+0800][22.285s][info][gc,load     ] GC(209) Load: 0.78/0.42/0.26
[2026-06-18T16:37:04.636+0800][22.285s][info][gc,mmu      ] GC(209) MMU: 2ms/39.9%, 5ms/76.0%, 10ms/85.1%, 20ms/90.0%, 50ms/96.0%, 100ms/97.1%
[2026-06-18T16:37:04.637+0800][22.286s][info][gc,marking  ] GC(209) Mark: 2 stripe(s), 1 proactive flush(es), 1 terminate flush(es), 0 completion(s), 0 continuation(s) 
[2026-06-18T16:37:04.638+0800][22.287s][info][gc,reloc    ] GC(209) Relocation: Successful, 21M relocated
[2026-06-18T16:37:04.638+0800][22.288s][info][gc,nmethod  ] GC(209) NMethods: 23 registered, 0 unregistered
[2026-06-18T16:37:04.639+0800][22.288s][info][gc,metaspace] GC(209) Metaspace: 3M used, 4M capacity, 4M committed, 8M reserved
[2026-06-18T16:37:04.640+0800][22.289s][info][gc,ref      ] GC(209) Soft: 43 encountered, 0 discovered, 0 enqueued
[2026-06-18T16:37:04.640+0800][22.290s][info][gc,ref      ] GC(209) Weak: 7 encountered, 2 discovered, 0 enqueued
[2026-06-18T16:37:04.641+0800][22.290s][info][gc,ref      ] GC(209) Final: 0 encountered, 0 discovered, 0 enqueued
[2026-06-18T16:37:04.641+0800][22.291s][info][gc,ref      ] GC(209) Phantom: 1 encountered, 1 discovered, 0 enqueued
[2026-06-18T16:37:04.642+0800][22.291s][info][gc,heap     ] GC(209)                Mark Start          Mark End        Relocate Start      Relocate End           High               Low         
[2026-06-18T16:37:04.642+0800][22.292s][info][gc,heap     ] GC(209)  Capacity:      256M (100%)        256M (100%)        256M (100%)        256M (100%)        256M (100%)        256M (100%)   
[2026-06-18T16:37:04.643+0800][22.292s][info][gc,heap     ] GC(209)   Reserve:       62M (24%)          62M (24%)          62M (24%)          62M (24%)          62M (24%)          62M (24%)    
[2026-06-18T16:37:04.643+0800][22.292s][info][gc,heap     ] GC(209)      Free:       84M (33%)          82M (32%)         108M (42%)         146M (57%)         146M (57%)          70M (27%)    
[2026-06-18T16:37:04.644+0800][22.293s][info][gc,heap     ] GC(209)      Used:      110M (43%)         112M (44%)          86M (34%)          48M (19%)         124M (48%)          48M (19%)    
[2026-06-18T16:37:04.644+0800][22.293s][info][gc,heap     ] GC(209)      Live:         -                21M (8%)           21M (8%)           21M (8%)             -                  -          
[2026-06-18T16:37:04.644+0800][22.294s][info][gc,heap     ] GC(209) Allocated:         -                 2M (1%)            4M (2%)           44M (17%)            -                  -          
[2026-06-18T16:37:04.645+0800][22.294s][info][gc,heap     ] GC(209)   Garbage:         -                88M (35%)          60M (24%)          22M (9%)             -                  -          
[2026-06-18T16:37:04.645+0800][22.294s][info][gc,heap     ] GC(209) Reclaimed:         -                  -                28M (11%)          66M (26%)            -                  -          
[2026-06-18T16:37:04.646+0800][22.295s][info][gc          ] GC(209) Garbage Collection (Allocation Rate) 110M(43%)->48M(19%)
[2026-06-18T16:37:04.714+0800][22.363s][info][gc,start    ] GC(210) Garbage Collection (Allocation Rate)
[2026-06-18T16:37:04.718+0800][22.368s][info][gc,phases   ] GC(210) Pause Mark Start 0.616ms
[2026-06-18T16:37:04.721+0800][22.370s][info][gc,phases   ] GC(210) Concurrent Mark 1.504ms
[2026-06-18T16:37:04.723+0800][22.372s][info][gc,phases   ] GC(210) Pause Mark End 0.511ms
[2026-06-18T16:37:04.726+0800][22.375s][info][gc,phases   ] GC(210) Concurrent Process Non-Strong References 0.094ms
[2026-06-18T16:37:04.727+0800][22.376s][info][gc,phases   ] GC(210) Concurrent Reset Relocation Set 0.003ms
[2026-06-18T16:37:04.728+0800][22.377s][info][gc,phases   ] GC(210) Concurrent Destroy Detached Pages 0.001ms
[2026-06-18T16:37:04.729+0800][22.378s][info][gc,phases   ] GC(210) Concurrent Select Relocation Set 0.439ms
[2026-06-18T16:37:04.730+0800][22.379s][info][gc,phases   ] GC(210) Concurrent Prepare Relocation Set 0.027ms
[2026-06-18T16:37:04.737+0800][22.386s][info][gc,phases   ] GC(210) Pause Relocate Start 0.361ms
[2026-06-18T16:37:04.739+0800][22.388s][info][gc,phases   ] GC(210) Concurrent Relocate 0.799ms
[2026-06-18T16:37:04.740+0800][22.389s][info][gc,load     ] GC(210) Load: 0.78/0.42/0.26
[2026-06-18T16:37:04.742+0800][22.391s][info][gc,mmu      ] GC(210) MMU: 2ms/39.9%, 5ms/76.0%, 10ms/85.1%, 20ms/90.0%, 50ms/96.0%, 100ms/97.1%
[2026-06-18T16:37:04.743+0800][22.393s][info][gc,marking  ] GC(210) Mark: 2 stripe(s), 1 proactive flush(es), 1 terminate flush(es), 0 completion(s), 0 continuation(s) 
[2026-06-18T16:37:04.745+0800][22.394s][info][gc,reloc    ] GC(210) Relocation: Successful, 25M relocated
[2026-06-18T16:37:04.746+0800][22.396s][info][gc,nmethod  ] GC(210) NMethods: 23 registered, 0 unregistered
[2026-06-18T16:37:04.748+0800][22.398s][info][gc,metaspace] GC(210) Metaspace: 3M used, 4M capacity, 4M committed, 8M reserved
[2026-06-18T16:37:04.749+0800][22.398s][info][gc,ref      ] GC(210) Soft: 43 encountered, 0 discovered, 0 enqueued
[2026-06-18T16:37:04.750+0800][22.399s][info][gc,ref      ] GC(210) Weak: 7 encountered, 2 discovered, 0 enqueued
[2026-06-18T16:37:04.751+0800][22.400s][info][gc,ref      ] GC(210) Final: 0 encountered, 0 discovered, 0 enqueued
[2026-06-18T16:37:04.751+0800][22.401s][info][gc,ref      ] GC(210) Phantom: 1 encountered, 1 discovered, 0 enqueued
[2026-06-18T16:37:04.752+0800][22.402s][info][gc,heap     ] GC(210)                Mark Start          Mark End        Relocate Start      Relocate End           High               Low         
[2026-06-18T16:37:04.753+0800][22.403s][info][gc,heap     ] GC(210)  Capacity:      256M (100%)        256M (100%)        256M (100%)        256M (100%)        256M (100%)        256M (100%)   
[2026-06-18T16:37:04.754+0800][22.404s][info][gc,heap     ] GC(210)   Reserve:       62M (24%)          62M (24%)          62M (24%)          62M (24%)          62M (24%)          62M (24%)    
[2026-06-18T16:37:04.755+0800][22.404s][info][gc,heap     ] GC(210)      Free:      116M (45%)         112M (44%)         136M (53%)         140M (55%)         140M (55%)         112M (44%)    
[2026-06-18T16:37:04.756+0800][22.406s][info][gc,heap     ] GC(210)      Used:       78M (30%)          82M (32%)          58M (23%)          54M (21%)          82M (32%)          54M (21%)    
[2026-06-18T16:37:04.757+0800][22.406s][info][gc,heap     ] GC(210)      Live:         -                27M (11%)          27M (11%)          27M (11%)            -                  -          
[2026-06-18T16:37:04.758+0800][22.407s][info][gc,heap     ] GC(210) Allocated:         -                 4M (2%)            8M (3%)           16M (6%)             -                  -          
[2026-06-18T16:37:04.759+0800][22.408s][info][gc,heap     ] GC(210)   Garbage:         -                50M (20%)          22M (9%)           18M (7%)             -                  -          
[2026-06-18T16:37:04.759+0800][22.409s][info][gc,heap     ] GC(210) Reclaimed:         -                  -                28M (11%)          32M (12%)            -                  -          
[2026-06-18T16:37:04.760+0800][22.409s][info][gc          ] GC(210) Garbage Collection (Allocation Rate) 78M(30%)->54M(21%)
[2026-06-18T16:37:04.814+0800][22.463s][info][gc,start    ] GC(211) Garbage Collection (Allocation Rate)
[2026-06-18T16:37:04.815+0800][22.465s][info][gc,phases   ] GC(211) Pause Mark Start 0.177ms
[2026-06-18T16:37:04.818+0800][22.467s][info][gc,phases   ] GC(211) Concurrent Mark 1.554ms
[2026-06-18T16:37:04.820+0800][22.469s][info][gc,phases   ] GC(211) Pause Mark End 0.405ms
[2026-06-18T16:37:04.821+0800][22.470s][info][gc,phases   ] GC(211) Concurrent Process Non-Strong References 0.128ms
[2026-06-18T16:37:04.823+0800][22.472s][info][gc,phases   ] GC(211) Concurrent Reset Relocation Set 0.003ms
[2026-06-18T16:37:04.826+0800][22.475s][info][gc,phases   ] GC(211) Concurrent Destroy Detached Pages 0.002ms
[2026-06-18T16:37:04.828+0800][22.477s][info][gc,phases   ] GC(211) Concurrent Select Relocation Set 0.467ms
[2026-06-18T16:37:04.829+0800][22.478s][info][gc,phases   ] GC(211) Concurrent Prepare Relocation Set 0.012ms
[2026-06-18T16:37:04.832+0800][22.481s][info][gc,phases   ] GC(211) Pause Relocate Start 0.148ms
[2026-06-18T16:37:04.838+0800][22.487s][info][gc,phases   ] GC(211) Concurrent Relocate 2.114ms
[2026-06-18T16:37:04.851+0800][22.500s][info][gc,load     ] GC(211) Load: 0.78/0.42/0.26
[2026-06-18T16:37:04.852+0800][22.501s][info][gc,mmu      ] GC(211) MMU: 2ms/39.9%, 5ms/76.0%, 10ms/85.1%, 20ms/90.0%, 50ms/96.0%, 100ms/97.1%
[2026-06-18T16:37:04.854+0800][22.504s][info][gc,marking  ] GC(211) Mark: 2 stripe(s), 2 proactive flush(es), 1 terminate flush(es), 0 completion(s), 0 continuation(s) 
[2026-06-18T16:37:04.855+0800][22.504s][info][gc,reloc    ] GC(211) Relocation: Successful, 24M relocated
[2026-06-18T16:37:04.855+0800][22.504s][info][gc,nmethod  ] GC(211) NMethods: 23 registered, 0 unregistered
[2026-06-18T16:37:04.855+0800][22.505s][info][gc,metaspace] GC(211) Metaspace: 3M used, 4M capacity, 4M committed, 8M reserved
[2026-06-18T16:37:04.856+0800][22.505s][info][gc,ref      ] GC(211) Soft: 43 encountered, 0 discovered, 0 enqueued
[2026-06-18T16:37:04.856+0800][22.505s][info][gc,ref      ] GC(211) Weak: 7 encountered, 2 discovered, 0 enqueued
[2026-06-18T16:37:04.856+0800][22.506s][info][gc,ref      ] GC(211) Final: 0 encountered, 0 discovered, 0 enqueued
[2026-06-18T16:37:04.856+0800][22.506s][info][gc,ref      ] GC(211) Phantom: 1 encountered, 1 discovered, 0 enqueued
[2026-06-18T16:37:04.857+0800][22.506s][info][gc,heap     ] GC(211)                Mark Start          Mark End        Relocate Start      Relocate End           High               Low         
[2026-06-18T16:37:04.857+0800][22.506s][info][gc,heap     ] GC(211)  Capacity:      256M (100%)        256M (100%)        256M (100%)        256M (100%)        256M (100%)        256M (100%)   
[2026-06-18T16:37:04.857+0800][22.507s][info][gc,heap     ] GC(211)   Reserve:       62M (24%)          62M (24%)          62M (24%)          62M (24%)          62M (24%)          62M (24%)    
[2026-06-18T16:37:04.857+0800][22.507s][info][gc,heap     ] GC(211)      Free:       80M (31%)          76M (30%)         102M (40%)         136M (53%)         136M (53%)          64M (25%)    
[2026-06-18T16:37:04.858+0800][22.507s][info][gc,heap     ] GC(211)      Used:      114M (45%)         118M (46%)          92M (36%)          58M (23%)         130M (51%)          58M (23%)    
[2026-06-18T16:37:04.858+0800][22.507s][info][gc,heap     ] GC(211)      Live:         -                26M (10%)          26M (10%)          26M (10%)            -                  -          
[2026-06-18T16:37:04.859+0800][22.508s][info][gc,heap     ] GC(211) Allocated:         -                 4M (2%)            8M (3%)           54M (21%)            -                  -          
[2026-06-18T16:37:04.861+0800][22.510s][info][gc,heap     ] GC(211)   Garbage:         -                87M (34%)          57M (23%)          17M (7%)             -                  -          
[2026-06-18T16:37:04.862+0800][22.511s][info][gc,heap     ] GC(211) Reclaimed:         -                  -                30M (12%)          70M (27%)            -                  -          
[2026-06-18T16:37:04.863+0800][22.513s][info][gc          ] GC(211) Garbage Collection (Allocation Rate) 114M(45%)->58M(23%)
[2026-06-18T16:37:04.914+0800][22.563s][info][gc,start    ] GC(212) Garbage Collection (Allocation Rate)
[2026-06-18T16:37:04.915+0800][22.564s][info][gc,phases   ] GC(212) Pause Mark Start 0.198ms
[2026-06-18T16:37:04.917+0800][22.566s][info][gc,phases   ] GC(212) Concurrent Mark 1.471ms
[2026-06-18T16:37:04.918+0800][22.567s][info][gc,phases   ] GC(212) Pause Mark End 0.280ms
[2026-06-18T16:37:04.919+0800][22.568s][info][gc,phases   ] GC(212) Concurrent Process Non-Strong References 0.078ms
[2026-06-18T16:37:04.919+0800][22.568s][info][gc,phases   ] GC(212) Concurrent Reset Relocation Set 0.002ms
[2026-06-18T16:37:04.919+0800][22.569s][info][gc,phases   ] GC(212) Concurrent Destroy Detached Pages 0.001ms
[2026-06-18T16:37:04.920+0800][22.569s][info][gc,phases   ] GC(212) Concurrent Select Relocation Set 0.495ms
[2026-06-18T16:37:04.920+0800][22.570s][info][gc,phases   ] GC(212) Concurrent Prepare Relocation Set 0.001ms
[2026-06-18T16:37:04.921+0800][22.570s][info][gc,phases   ] GC(212) Pause Relocate Start 0.136ms
[2026-06-18T16:37:04.922+0800][22.571s][info][gc,phases   ] GC(212) Concurrent Relocate 0.129ms
[2026-06-18T16:37:04.922+0800][22.571s][info][gc,load     ] GC(212) Load: 0.78/0.42/0.26
[2026-06-18T16:37:04.922+0800][22.571s][info][gc,mmu      ] GC(212) MMU: 2ms/39.9%, 5ms/76.0%, 10ms/85.1%, 20ms/90.0%, 50ms/96.0%, 100ms/97.1%
[2026-06-18T16:37:04.922+0800][22.572s][info][gc,marking  ] GC(212) Mark: 2 stripe(s), 1 proactive flush(es), 1 terminate flush(es), 0 completion(s), 0 continuation(s) 
[2026-06-18T16:37:04.923+0800][22.572s][info][gc,reloc    ] GC(212) Relocation: Successful, 28M relocated
[2026-06-18T16:37:04.923+0800][22.572s][info][gc,nmethod  ] GC(212) NMethods: 23 registered, 0 unregistered
[2026-06-18T16:37:04.923+0800][22.573s][info][gc,metaspace] GC(212) Metaspace: 3M used, 4M capacity, 4M committed, 8M reserved
[2026-06-18T16:37:04.923+0800][22.573s][info][gc,ref      ] GC(212) Soft: 43 encountered, 0 discovered, 0 enqueued
[2026-06-18T16:37:04.924+0800][22.573s][info][gc,ref      ] GC(212) Weak: 7 encountered, 0 discovered, 0 enqueued
[2026-06-18T16:37:04.924+0800][22.573s][info][gc,ref      ] GC(212) Final: 0 encountered, 0 discovered, 0 enqueued
[2026-06-18T16:37:04.924+0800][22.573s][info][gc,ref      ] GC(212) Phantom: 1 encountered, 0 discovered, 0 enqueued
[2026-06-18T16:37:04.925+0800][22.574s][info][gc,heap     ] GC(212)                Mark Start          Mark End        Relocate Start      Relocate End           High               Low         
[2026-06-18T16:37:04.925+0800][22.574s][info][gc,heap     ] GC(212)  Capacity:      256M (100%)        256M (100%)        256M (100%)        256M (100%)        256M (100%)        256M (100%)   
[2026-06-18T16:37:04.925+0800][22.574s][info][gc,heap     ] GC(212)   Reserve:       62M (24%)          62M (24%)          62M (24%)          62M (24%)          62M (24%)          62M (24%)    
[2026-06-18T16:37:04.925+0800][22.575s][info][gc,heap     ] GC(212)      Free:      110M (43%)         110M (43%)         138M (54%)         142M (55%)         142M (55%)         106M (41%)    
[2026-06-18T16:37:04.925+0800][22.575s][info][gc,heap     ] GC(212)      Used:       84M (33%)          84M (33%)          56M (22%)          52M (20%)          88M (34%)          52M (20%)    
[2026-06-18T16:37:04.926+0800][22.575s][info][gc,heap     ] GC(212)      Live:         -                31M (12%)          31M (12%)          31M (12%)            -                  -          
[2026-06-18T16:37:04.926+0800][22.575s][info][gc,heap     ] GC(212) Allocated:         -                 0M (0%)            4M (2%)           10M (4%)             -                  -          
[2026-06-18T16:37:04.927+0800][22.576s][info][gc,heap     ] GC(212)   Garbage:         -                52M (20%)          20M (8%)           16M (6%)             -                  -          
[2026-06-18T16:37:04.927+0800][22.576s][info][gc,heap     ] GC(212) Reclaimed:         -                  -                32M (12%)          36M (14%)            -                  -          
[2026-06-18T16:37:04.927+0800][22.576s][info][gc          ] GC(212) Garbage Collection (Allocation Rate) 84M(33%)->52M(20%)
[2026-06-18T16:37:05.013+0800][22.662s][info][gc,start    ] GC(213) Garbage Collection (Allocation Rate)
[2026-06-18T16:37:05.014+0800][22.664s][info][gc,phases   ] GC(213) Pause Mark Start 0.201ms
[2026-06-18T16:37:05.016+0800][22.666s][info][gc,phases   ] GC(213) Concurrent Mark 1.391ms
[2026-06-18T16:37:05.018+0800][22.667s][info][gc,phases   ] GC(213) Pause Mark End 0.316ms
[2026-06-18T16:37:05.020+0800][22.669s][info][gc,phases   ] GC(213) Concurrent Process Non-Strong References 0.125ms
[2026-06-18T16:37:05.026+0800][22.675s][info][gc,phases   ] GC(213) Concurrent Reset Relocation Set 0.003ms
[2026-06-18T16:37:05.027+0800][22.676s][info][gc,phases   ] GC(213) Concurrent Destroy Detached Pages 0.001ms
[2026-06-18T16:37:05.028+0800][22.678s][info][gc,phases   ] GC(213) Concurrent Select Relocation Set 0.436ms
[2026-06-18T16:37:05.030+0800][22.679s][info][gc,phases   ] GC(213) Concurrent Prepare Relocation Set 0.011ms
[2026-06-18T16:37:05.035+0800][22.684s][info][gc,phases   ] GC(213) Pause Relocate Start 0.152ms
[2026-06-18T16:37:05.054+0800][22.703s][info][gc,phases   ] GC(213) Concurrent Relocate 1.448ms
[2026-06-18T16:37:05.056+0800][22.705s][info][gc,load     ] GC(213) Load: 0.78/0.42/0.26
[2026-06-18T16:37:05.057+0800][22.706s][info][gc,mmu      ] GC(213) MMU: 2ms/39.9%, 5ms/76.0%, 10ms/85.1%, 20ms/90.0%, 50ms/96.0%, 100ms/97.1%
[2026-06-18T16:37:05.058+0800][22.707s][info][gc,marking  ] GC(213) Mark: 2 stripe(s), 1 proactive flush(es), 1 terminate flush(es), 0 completion(s), 0 continuation(s) 
[2026-06-18T16:37:05.058+0800][22.707s][info][gc,reloc    ] GC(213) Relocation: Successful, 22M relocated
[2026-06-18T16:37:05.058+0800][22.708s][info][gc,nmethod  ] GC(213) NMethods: 23 registered, 0 unregistered
[2026-06-18T16:37:05.059+0800][22.708s][info][gc,metaspace] GC(213) Metaspace: 3M used, 4M capacity, 4M committed, 8M reserved
[2026-06-18T16:37:05.059+0800][22.708s][info][gc,ref      ] GC(213) Soft: 43 encountered, 0 discovered, 0 enqueued
[2026-06-18T16:37:05.059+0800][22.708s][info][gc,ref      ] GC(213) Weak: 7 encountered, 0 discovered, 0 enqueued
[2026-06-18T16:37:05.059+0800][22.709s][info][gc,ref      ] GC(213) Final: 0 encountered, 0 discovered, 0 enqueued
[2026-06-18T16:37:05.060+0800][22.709s][info][gc,ref      ] GC(213) Phantom: 1 encountered, 1 discovered, 0 enqueued
[2026-06-18T16:37:05.060+0800][22.709s][info][gc,heap     ] GC(213)                Mark Start          Mark End        Relocate Start      Relocate End           High               Low         
[2026-06-18T16:37:05.060+0800][22.709s][info][gc,heap     ] GC(213)  Capacity:      256M (100%)        256M (100%)        256M (100%)        256M (100%)        256M (100%)        256M (100%)   
[2026-06-18T16:37:05.060+0800][22.710s][info][gc,heap     ] GC(213)   Reserve:       62M (24%)          62M (24%)          62M (24%)          62M (24%)          62M (24%)          62M (24%)    
[2026-06-18T16:37:05.061+0800][22.710s][info][gc,heap     ] GC(213)      Free:       76M (30%)          76M (30%)          66M (26%)         138M (54%)         138M (54%)          38M (15%)    
[2026-06-18T16:37:05.061+0800][22.710s][info][gc,heap     ] GC(213)      Used:      118M (46%)         118M (46%)         128M (50%)          56M (22%)         156M (61%)          56M (22%)    
[2026-06-18T16:37:05.061+0800][22.710s][info][gc,heap     ] GC(213)      Live:         -                22M (9%)           22M (9%)           22M (9%)             -                  -          
[2026-06-18T16:37:05.061+0800][22.711s][info][gc,heap     ] GC(213) Allocated:         -                 0M (0%)           42M (16%)          54M (21%)            -                  -          
[2026-06-18T16:37:05.062+0800][22.711s][info][gc,heap     ] GC(213)   Garbage:         -                95M (37%)          63M (25%)    17592186044405M (6         -                  -          
[2026-06-18T16:37:05.062+0800][22.711s][info][gc,heap     ] GC(213) Reclaimed:         -                  -                32M (12%)         106M (41%)            -                  -          
[2026-06-18T16:37:05.062+0800][22.711s][info][gc          ] GC(213) Garbage Collection (Allocation Rate) 118M(46%)->56M(22%)
[2026-06-18T16:37:05.113+0800][22.762s][info][gc,start    ] GC(214) Garbage Collection (Allocation Rate)
[2026-06-18T16:37:05.114+0800][22.764s][info][gc,phases   ] GC(214) Pause Mark Start 0.190ms
[2026-06-18T16:37:05.119+0800][22.768s][info][gc,phases   ] GC(214) Concurrent Mark 1.487ms
[2026-06-18T16:37:05.120+0800][22.769s][info][gc,phases   ] GC(214) Pause Mark End 0.262ms
[2026-06-18T16:37:05.123+0800][22.772s][info][gc,phases   ] GC(214) Concurrent Process Non-Strong References 0.126ms
[2026-06-18T16:37:05.125+0800][22.774s][info][gc,phases   ] GC(214) Concurrent Reset Relocation Set 0.002ms
[2026-06-18T16:37:05.127+0800][22.777s][info][gc,phases   ] GC(214) Concurrent Destroy Detached Pages 0.001ms
[2026-06-18T16:37:05.131+0800][22.781s][info][gc,phases   ] GC(214) Concurrent Select Relocation Set 0.703ms
[2026-06-18T16:37:05.136+0800][22.785s][info][gc,phases   ] GC(214) Concurrent Prepare Relocation Set 0.019ms
[2026-06-18T16:37:05.140+0800][22.789s][info][gc,phases   ] GC(214) Pause Relocate Start 0.262ms
[2026-06-18T16:37:05.142+0800][22.791s][info][gc,phases   ] GC(214) Concurrent Relocate 0.495ms
[2026-06-18T16:37:05.144+0800][22.793s][info][gc,load     ] GC(214) Load: 0.78/0.42/0.26
[2026-06-18T16:37:05.149+0800][22.798s][info][gc,mmu      ] GC(214) MMU: 2ms/39.9%, 5ms/76.0%, 10ms/85.1%, 20ms/90.0%, 50ms/96.0%, 100ms/97.1%
[2026-06-18T16:37:05.155+0800][22.804s][info][gc,marking  ] GC(214) Mark: 2 stripe(s), 2 proactive flush(es), 1 terminate flush(es), 0 completion(s), 0 continuation(s) 
[2026-06-18T16:37:05.160+0800][22.809s][info][gc,reloc    ] GC(214) Relocation: Successful, 17M relocated
[2026-06-18T16:37:05.161+0800][22.810s][info][gc,nmethod  ] GC(214) NMethods: 23 registered, 0 unregistered
[2026-06-18T16:37:05.164+0800][22.813s][info][gc,metaspace] GC(214) Metaspace: 3M used, 4M capacity, 4M committed, 8M reserved
[2026-06-18T16:37:05.171+0800][22.821s][info][gc,ref      ] GC(214) Soft: 43 encountered, 0 discovered, 0 enqueued
[2026-06-18T16:37:05.177+0800][22.826s][info][gc,ref      ] GC(214) Weak: 7 encountered, 2 discovered, 0 enqueued
[2026-06-18T16:37:05.177+0800][22.827s][info][gc,ref      ] GC(214) Final: 0 encountered, 0 discovered, 0 enqueued
[2026-06-18T16:37:05.178+0800][22.827s][info][gc,ref      ] GC(214) Phantom: 1 encountered, 1 discovered, 0 enqueued
[2026-06-18T16:37:05.178+0800][22.828s][info][gc,heap     ] GC(214)                Mark Start          Mark End        Relocate Start      Relocate End           High               Low         
[2026-06-18T16:37:05.179+0800][22.828s][info][gc,heap     ] GC(214)  Capacity:      256M (100%)        256M (100%)        256M (100%)        256M (100%)        256M (100%)        256M (100%)   
[2026-06-18T16:37:05.179+0800][22.829s][info][gc,heap     ] GC(214)   Reserve:       62M (24%)          62M (24%)          62M (24%)          62M (24%)          62M (24%)          62M (24%)    
[2026-06-18T16:37:05.180+0800][22.829s][info][gc,heap     ] GC(214)      Free:      118M (46%)          82M (32%)          98M (38%)         108M (42%)         118M (46%)          78M (30%)    
[2026-06-18T16:37:05.180+0800][22.830s][info][gc,heap     ] GC(214)      Used:       76M (30%)         112M (44%)          96M (38%)          86M (34%)         116M (45%)          76M (30%)    
[2026-06-18T16:37:05.181+0800][22.830s][info][gc,heap     ] GC(214)      Live:         -                17M (7%)           17M (7%)           17M (7%)             -                  -          
[2026-06-18T16:37:05.181+0800][22.831s][info][gc,heap     ] GC(214) Allocated:         -                36M (14%)          44M (17%)          52M (20%)            -                  -          
[2026-06-18T16:37:05.182+0800][22.831s][info][gc,heap     ] GC(214)   Garbage:         -                58M (23%)          34M (13%)          24M (9%)             -                  -          
[2026-06-18T16:37:05.182+0800][22.832s][info][gc,heap     ] GC(214) Reclaimed:         -                  -                24M (9%)           34M (13%)            -                  -          
[2026-06-18T16:37:05.183+0800][22.832s][info][gc          ] GC(214) Garbage Collection (Allocation Rate) 76M(30%)->86M(34%)
[2026-06-18T16:37:05.213+0800][22.862s][info][gc,start    ] GC(215) Garbage Collection (Allocation Rate)
[2026-06-18T16:37:05.214+0800][22.864s][info][gc,phases   ] GC(215) Pause Mark Start 0.234ms
[2026-06-18T16:37:05.217+0800][22.866s][info][gc,phases   ] GC(215) Concurrent Mark 1.528ms
[2026-06-18T16:37:05.218+0800][22.867s][info][gc,phases   ] GC(215) Pause Mark End 0.314ms
[2026-06-18T16:37:05.218+0800][22.868s][info][gc,phases   ] GC(215) Concurrent Process Non-Strong References 0.095ms
[2026-06-18T16:37:05.219+0800][22.868s][info][gc,phases   ] GC(215) Concurrent Reset Relocation Set 0.002ms
[2026-06-18T16:37:05.219+0800][22.869s][info][gc,phases   ] GC(215) Concurrent Destroy Detached Pages 0.001ms
[2026-06-18T16:37:05.220+0800][22.870s][info][gc,phases   ] GC(215) Concurrent Select Relocation Set 0.472ms
[2026-06-18T16:37:05.221+0800][22.870s][info][gc,phases   ] GC(215) Concurrent Prepare Relocation Set 0.007ms
[2026-06-18T16:37:05.222+0800][22.871s][info][gc,phases   ] GC(215) Pause Relocate Start 0.136ms
[2026-06-18T16:37:05.224+0800][22.873s][info][gc,phases   ] GC(215) Concurrent Relocate 1.693ms
[2026-06-18T16:37:05.224+0800][22.874s][info][gc,load     ] GC(215) Load: 0.78/0.42/0.26
[2026-06-18T16:37:05.225+0800][22.874s][info][gc,mmu      ] GC(215) MMU: 2ms/39.9%, 5ms/76.0%, 10ms/85.1%, 20ms/90.0%, 50ms/96.0%, 100ms/97.1%
[2026-06-18T16:37:05.225+0800][22.874s][info][gc,marking  ] GC(215) Mark: 2 stripe(s), 1 proactive flush(es), 1 terminate flush(es), 0 completion(s), 0 continuation(s) 
[2026-06-18T16:37:05.225+0800][22.874s][info][gc,reloc    ] GC(215) Relocation: Successful, 21M relocated
[2026-06-18T16:37:05.225+0800][22.875s][info][gc,nmethod  ] GC(215) NMethods: 23 registered, 0 unregistered
[2026-06-18T16:37:05.225+0800][22.875s][info][gc,metaspace] GC(215) Metaspace: 3M used, 4M capacity, 4M committed, 8M reserved
[2026-06-18T16:37:05.226+0800][22.875s][info][gc,ref      ] GC(215) Soft: 43 encountered, 0 discovered, 0 enqueued
[2026-06-18T16:37:05.226+0800][22.875s][info][gc,ref      ] GC(215) Weak: 7 encountered, 2 discovered, 0 enqueued
[2026-06-18T16:37:05.226+0800][22.876s][info][gc,ref      ] GC(215) Final: 0 encountered, 0 discovered, 0 enqueued
[2026-06-18T16:37:05.226+0800][22.876s][info][gc,ref      ] GC(215) Phantom: 1 encountered, 1 discovered, 0 enqueued
[2026-06-18T16:37:05.227+0800][22.876s][info][gc,heap     ] GC(215)                Mark Start          Mark End        Relocate Start      Relocate End           High               Low         
[2026-06-18T16:37:05.227+0800][22.876s][info][gc,heap     ] GC(215)  Capacity:      256M (100%)        256M (100%)        256M (100%)        256M (100%)        256M (100%)        256M (100%)   
[2026-06-18T16:37:05.227+0800][22.876s][info][gc,heap     ] GC(215)   Reserve:       62M (24%)          62M (24%)          62M (24%)          62M (24%)          62M (24%)          62M (24%)    
[2026-06-18T16:37:05.227+0800][22.877s][info][gc,heap     ] GC(215)      Free:       80M (31%)          80M (31%)         114M (45%)         142M (55%)         142M (55%)          72M (28%)    
[2026-06-18T16:37:05.228+0800][22.877s][info][gc,heap     ] GC(215)      Used:      114M (45%)         114M (45%)          80M (31%)          52M (20%)         122M (48%)          52M (20%)    
[2026-06-18T16:37:05.228+0800][22.877s][info][gc,heap     ] GC(215)      Live:         -                25M (10%)          25M (10%)          25M (10%)            -                  -          
[2026-06-18T16:37:05.228+0800][22.878s][info][gc,heap     ] GC(215) Allocated:         -                 0M (0%)            0M (0%)           46M (18%)            -                  -          
[2026-06-18T16:37:05.229+0800][22.878s][info][gc,heap     ] GC(215)   Garbage:         -                88M (35%)          54M (21%)          20M (8%)             -                  -          
[2026-06-18T16:37:05.229+0800][22.878s][info][gc,heap     ] GC(215) Reclaimed:         -                  -                34M (13%)          68M (27%)            -                  -          
[2026-06-18T16:37:05.229+0800][22.879s][info][gc          ] GC(215) Garbage Collection (Allocation Rate) 114M(45%)->52M(20%)
[2026-06-18T16:37:05.313+0800][22.962s][info][gc,start    ] GC(216) Garbage Collection (Allocation Rate)
[2026-06-18T16:37:05.316+0800][22.965s][info][gc,phases   ] GC(216) Pause Mark Start 0.376ms
[2026-06-18T16:37:05.319+0800][22.968s][info][gc,phases   ] GC(216) Concurrent Mark 2.151ms
[2026-06-18T16:37:05.321+0800][22.971s][info][gc,phases   ] GC(216) Pause Mark End 0.763ms
[2026-06-18T16:37:05.323+0800][22.972s][info][gc,phases   ] GC(216) Concurrent Process Non-Strong References 0.258ms
[2026-06-18T16:37:05.324+0800][22.973s][info][gc,phases   ] GC(216) Concurrent Reset Relocation Set 0.004ms
[2026-06-18T16:37:05.324+0800][22.974s][info][gc,phases   ] GC(216) Concurrent Destroy Detached Pages 0.002ms
[2026-06-18T16:37:05.327+0800][22.976s][info][gc,phases   ] GC(216) Concurrent Select Relocation Set 1.071ms
[2026-06-18T16:37:05.328+0800][22.977s][info][gc,phases   ] GC(216) Concurrent Prepare Relocation Set 0.004ms
[2026-06-18T16:37:05.329+0800][22.978s][info][gc,phases   ] GC(216) Pause Relocate Start 0.218ms
[2026-06-18T16:37:05.330+0800][22.979s][info][gc,phases   ] GC(216) Concurrent Relocate 0.239ms
[2026-06-18T16:37:05.331+0800][22.980s][info][gc,load     ] GC(216) Load: 0.78/0.42/0.26
[2026-06-18T16:37:05.331+0800][22.981s][info][gc,mmu      ] GC(216) MMU: 2ms/39.9%, 5ms/76.0%, 10ms/85.1%, 20ms/90.0%, 50ms/96.0%, 100ms/97.1%
[2026-06-18T16:37:05.332+0800][22.981s][info][gc,marking  ] GC(216) Mark: 2 stripe(s), 2 proactive flush(es), 1 terminate flush(es), 0 completion(s), 0 continuation(s) 
[2026-06-18T16:37:05.332+0800][22.981s][info][gc,reloc    ] GC(216) Relocation: Successful, 21M relocated
[2026-06-18T16:37:05.333+0800][22.982s][info][gc,nmethod  ] GC(216) NMethods: 23 registered, 0 unregistered
[2026-06-18T16:37:05.333+0800][22.982s][info][gc,metaspace] GC(216) Metaspace: 3M used, 4M capacity, 4M committed, 8M reserved
[2026-06-18T16:37:05.333+0800][22.983s][info][gc,ref      ] GC(216) Soft: 43 encountered, 0 discovered, 0 enqueued
[2026-06-18T16:37:05.334+0800][22.983s][info][gc,ref      ] GC(216) Weak: 7 encountered, 0 discovered, 0 enqueued
[2026-06-18T16:37:05.334+0800][22.983s][info][gc,ref      ] GC(216) Final: 0 encountered, 0 discovered, 0 enqueued
[2026-06-18T16:37:05.334+0800][22.984s][info][gc,ref      ] GC(216) Phantom: 1 encountered, 0 discovered, 0 enqueued
[2026-06-18T16:37:05.335+0800][22.984s][info][gc,heap     ] GC(216)                Mark Start          Mark End        Relocate Start      Relocate End           High               Low         
[2026-06-18T16:37:05.335+0800][22.984s][info][gc,heap     ] GC(216)  Capacity:      256M (100%)        256M (100%)        256M (100%)        256M (100%)        256M (100%)        256M (100%)   
[2026-06-18T16:37:05.335+0800][22.984s][info][gc,heap     ] GC(216)   Reserve:       62M (24%)          62M (24%)          62M (24%)          62M (24%)          62M (24%)          62M (24%)    
[2026-06-18T16:37:05.335+0800][22.985s][info][gc,heap     ] GC(216)      Free:      114M (45%)          76M (30%)         100M (39%)         110M (43%)         114M (45%)          76M (30%)    
[2026-06-18T16:37:05.336+0800][22.985s][info][gc,heap     ] GC(216)      Used:       80M (31%)         118M (46%)          94M (37%)          84M (33%)         118M (46%)          80M (31%)    
[2026-06-18T16:37:05.336+0800][22.985s][info][gc,heap     ] GC(216)      Live:         -                22M (9%)           22M (9%)           22M (9%)             -                  -          
[2026-06-18T16:37:05.336+0800][22.985s][info][gc,heap     ] GC(216) Allocated:         -                38M (15%)          40M (16%)          48M (19%)            -                  -          
[2026-06-18T16:37:05.336+0800][22.986s][info][gc,heap     ] GC(216)   Garbage:         -                57M (22%)          31M (12%)          21M (8%)             -                  -          
[2026-06-18T16:37:05.337+0800][22.986s][info][gc,heap     ] GC(216) Reclaimed:         -                  -                26M (10%)          36M (14%)            -                  -          
[2026-06-18T16:37:05.337+0800][22.986s][info][gc          ] GC(216) Garbage Collection (Allocation Rate) 80M(31%)->84M(33%)
[2026-06-18T16:37:05.414+0800][23.063s][info][gc,start    ] GC(217) Garbage Collection (Allocation Rate)
[2026-06-18T16:37:05.418+0800][23.067s][info][gc,phases   ] GC(217) Pause Mark Start 0.436ms
[2026-06-18T16:37:05.422+0800][23.071s][info][gc,phases   ] GC(217) Concurrent Mark 2.040ms
[2026-06-18T16:37:05.424+0800][23.074s][info][gc,phases   ] GC(217) Pause Mark End 0.596ms
[2026-06-18T16:37:05.426+0800][23.075s][info][gc,phases   ] GC(217) Concurrent Process Non-Strong References 0.232ms
[2026-06-18T16:37:05.427+0800][23.076s][info][gc,phases   ] GC(217) Concurrent Reset Relocation Set 0.003ms
[2026-06-18T16:37:05.428+0800][23.077s][info][gc,phases   ] GC(217) Concurrent Destroy Detached Pages 0.001ms
[2026-06-18T16:37:05.429+0800][23.078s][info][gc,phases   ] GC(217) Concurrent Select Relocation Set 0.784ms
[2026-06-18T16:37:05.431+0800][23.080s][info][gc,phases   ] GC(217) Concurrent Prepare Relocation Set 0.011ms
[2026-06-18T16:37:05.432+0800][23.081s][info][gc,phases   ] GC(217) Pause Relocate Start 0.189ms
[2026-06-18T16:37:05.434+0800][23.084s][info][gc,phases   ] GC(217) Concurrent Relocate 1.399ms
[2026-06-18T16:37:05.435+0800][23.084s][info][gc,load     ] GC(217) Load: 0.78/0.42/0.26
[2026-06-18T16:37:05.435+0800][23.085s][info][gc,mmu      ] GC(217) MMU: 2ms/39.9%, 5ms/76.0%, 10ms/85.1%, 20ms/90.0%, 50ms/96.0%, 100ms/97.1%
[2026-06-18T16:37:05.436+0800][23.085s][info][gc,marking  ] GC(217) Mark: 2 stripe(s), 1 proactive flush(es), 1 terminate flush(es), 0 completion(s), 0 continuation(s) 
[2026-06-18T16:37:05.436+0800][23.086s][info][gc,reloc    ] GC(217) Relocation: Successful, 20M relocated
[2026-06-18T16:37:05.437+0800][23.086s][info][gc,nmethod  ] GC(217) NMethods: 23 registered, 0 unregistered
[2026-06-18T16:37:05.437+0800][23.086s][info][gc,metaspace] GC(217) Metaspace: 3M used, 4M capacity, 4M committed, 8M reserved
[2026-06-18T16:37:05.437+0800][23.087s][info][gc,ref      ] GC(217) Soft: 43 encountered, 0 discovered, 0 enqueued
[2026-06-18T16:37:05.438+0800][23.087s][info][gc,ref      ] GC(217) Weak: 7 encountered, 0 discovered, 0 enqueued
[2026-06-18T16:37:05.438+0800][23.087s][info][gc,ref      ] GC(217) Final: 0 encountered, 0 discovered, 0 enqueued
[2026-06-18T16:37:05.438+0800][23.087s][info][gc,ref      ] GC(217) Phantom: 1 encountered, 0 discovered, 0 enqueued
[2026-06-18T16:37:05.438+0800][23.088s][info][gc,heap     ] GC(217)                Mark Start          Mark End        Relocate Start      Relocate End           High               Low         
[2026-06-18T16:37:05.439+0800][23.088s][info][gc,heap     ] GC(217)  Capacity:      256M (100%)        256M (100%)        256M (100%)        256M (100%)        256M (100%)        256M (100%)   
[2026-06-18T16:37:05.439+0800][23.088s][info][gc,heap     ] GC(217)   Reserve:       62M (24%)          62M (24%)          62M (24%)          62M (24%)          62M (24%)          62M (24%)    
[2026-06-18T16:37:05.439+0800][23.088s][info][gc,heap     ] GC(217)      Free:       78M (30%)          74M (29%)         102M (40%)         144M (56%)         144M (56%)          62M (24%)    
[2026-06-18T16:37:05.439+0800][23.089s][info][gc,heap     ] GC(217)      Used:      116M (45%)         120M (47%)          92M (36%)          50M (20%)         132M (52%)          50M (20%)    
[2026-06-18T16:37:05.440+0800][23.089s][info][gc,heap     ] GC(217)      Live:         -                20M (8%)           20M (8%)           20M (8%)             -                  -          
[2026-06-18T16:37:05.440+0800][23.089s][info][gc,heap     ] GC(217) Allocated:         -                 4M (2%)            4M (2%)           48M (19%)            -                  -          
[2026-06-18T16:37:05.440+0800][23.089s][info][gc,heap     ] GC(217)   Garbage:         -                95M (37%)          67M (26%)          21M (8%)             -                  -          
[2026-06-18T16:37:05.440+0800][23.089s][info][gc,heap     ] GC(217) Reclaimed:         -                  -                28M (11%)          74M (29%)            -                  -          
[2026-06-18T16:37:05.440+0800][23.090s][info][gc          ] GC(217) Garbage Collection (Allocation Rate) 116M(45%)->50M(20%)
[2026-06-18T16:37:05.514+0800][23.163s][info][gc,start    ] GC(218) Garbage Collection (Allocation Rate)
[2026-06-18T16:37:05.518+0800][23.167s][info][gc,phases   ] GC(218) Pause Mark Start 0.417ms
[2026-06-18T16:37:05.524+0800][23.174s][info][gc,phases   ] GC(218) Concurrent Mark 2.202ms
[2026-06-18T16:37:05.528+0800][23.178s][info][gc,phases   ] GC(218) Pause Mark End 0.622ms
[2026-06-18T16:37:05.533+0800][23.183s][info][gc,phases   ] GC(218) Concurrent Process Non-Strong References 0.191ms
[2026-06-18T16:37:05.535+0800][23.184s][info][gc,phases   ] GC(218) Concurrent Reset Relocation Set 0.007ms
[2026-06-18T16:37:05.536+0800][23.185s][info][gc,phases   ] GC(218) Concurrent Destroy Detached Pages 0.002ms
[2026-06-18T16:37:05.539+0800][23.188s][info][gc,phases   ] GC(218) Concurrent Select Relocation Set 1.347ms
[2026-06-18T16:37:05.540+0800][23.189s][info][gc,phases   ] GC(218) Concurrent Prepare Relocation Set 0.004ms
[2026-06-18T16:37:05.541+0800][23.190s][info][gc,phases   ] GC(218) Pause Relocate Start 0.274ms
[2026-06-18T16:37:05.542+0800][23.191s][info][gc,phases   ] GC(218) Concurrent Relocate 0.304ms
[2026-06-18T16:37:05.543+0800][23.192s][info][gc,load     ] GC(218) Load: 0.78/0.42/0.26
[2026-06-18T16:37:05.544+0800][23.193s][info][gc,mmu      ] GC(218) MMU: 2ms/39.9%, 5ms/76.0%, 10ms/85.1%, 20ms/90.0%, 50ms/96.0%, 100ms/97.1%
[2026-06-18T16:37:05.544+0800][23.193s][info][gc,marking  ] GC(218) Mark: 2 stripe(s), 2 proactive flush(es), 1 terminate flush(es), 0 completion(s), 0 continuation(s) 
[2026-06-18T16:37:05.545+0800][23.194s][info][gc,reloc    ] GC(218) Relocation: Successful, 23M relocated
[2026-06-18T16:37:05.545+0800][23.194s][info][gc,nmethod  ] GC(218) NMethods: 23 registered, 0 unregistered
[2026-06-18T16:37:05.546+0800][23.195s][info][gc,metaspace] GC(218) Metaspace: 3M used, 4M capacity, 4M committed, 8M reserved
[2026-06-18T16:37:05.546+0800][23.195s][info][gc,ref      ] GC(218) Soft: 43 encountered, 0 discovered, 0 enqueued
[2026-06-18T16:37:05.547+0800][23.196s][info][gc,ref      ] GC(218) Weak: 7 encountered, 0 discovered, 0 enqueued
[2026-06-18T16:37:05.547+0800][23.197s][info][gc,ref      ] GC(218) Final: 0 encountered, 0 discovered, 0 enqueued
[2026-06-18T16:37:05.548+0800][23.197s][info][gc,ref      ] GC(218) Phantom: 1 encountered, 0 discovered, 0 enqueued
[2026-06-18T16:37:05.548+0800][23.197s][info][gc,heap     ] GC(218)                Mark Start          Mark End        Relocate Start      Relocate End           High               Low         
[2026-06-18T16:37:05.548+0800][23.198s][info][gc,heap     ] GC(218)  Capacity:      256M (100%)        256M (100%)        256M (100%)        256M (100%)        256M (100%)        256M (100%)   
[2026-06-18T16:37:05.549+0800][23.198s][info][gc,heap     ] GC(218)   Reserve:       62M (24%)          62M (24%)          62M (24%)          62M (24%)          62M (24%)          62M (24%)    
[2026-06-18T16:37:05.549+0800][23.198s][info][gc,heap     ] GC(218)      Free:      118M (46%)         114M (45%)         134M (52%)         142M (55%)         142M (55%)         110M (43%)    
[2026-06-18T16:37:05.549+0800][23.199s][info][gc,heap     ] GC(218)      Used:       76M (30%)          80M (31%)          60M (23%)          52M (20%)          84M (33%)          52M (20%)    
[2026-06-18T16:37:05.550+0800][23.199s][info][gc,heap     ] GC(218)      Live:         -                27M (11%)          27M (11%)          27M (11%)            -                  -          
[2026-06-18T16:37:05.550+0800][23.199s][info][gc,heap     ] GC(218) Allocated:         -                 4M (2%)            8M (3%)           14M (5%)             -                  -          
[2026-06-18T16:37:05.550+0800][23.200s][info][gc,heap     ] GC(218)   Garbage:         -                48M (19%)          24M (10%)          16M (7%)             -                  -          
[2026-06-18T16:37:05.551+0800][23.200s][info][gc,heap     ] GC(218) Reclaimed:         -                  -                24M (9%)           32M (12%)            -                  -          
[2026-06-18T16:37:05.551+0800][23.200s][info][gc          ] GC(218) Garbage Collection (Allocation Rate) 76M(30%)->52M(20%)
[2026-06-18T16:37:05.614+0800][23.263s][info][gc,start    ] GC(219) Garbage Collection (Allocation Rate)
[2026-06-18T16:37:05.617+0800][23.266s][info][gc,phases   ] GC(219) Pause Mark Start 0.542ms
[2026-06-18T16:37:05.620+0800][23.269s][info][gc,phases   ] GC(219) Concurrent Mark 2.064ms
[2026-06-18T16:37:05.623+0800][23.272s][info][gc,phases   ] GC(219) Pause Mark End 0.846ms
[2026-06-18T16:37:05.624+0800][23.273s][info][gc,phases   ] GC(219) Concurrent Process Non-Strong References 0.235ms
[2026-06-18T16:37:05.625+0800][23.274s][info][gc,phases   ] GC(219) Concurrent Reset Relocation Set 0.003ms
[2026-06-18T16:37:05.625+0800][23.275s][info][gc,phases   ] GC(219) Concurrent Destroy Detached Pages 0.001ms
[2026-06-18T16:37:05.627+0800][23.277s][info][gc,phases   ] GC(219) Concurrent Select Relocation Set 0.898ms
[2026-06-18T16:37:05.628+0800][23.278s][info][gc,phases   ] GC(219) Concurrent Prepare Relocation Set 0.012ms
[2026-06-18T16:37:05.630+0800][23.279s][info][gc,phases   ] GC(219) Pause Relocate Start 0.236ms
[2026-06-18T16:37:05.639+0800][23.288s][info][gc,phases   ] GC(219) Concurrent Relocate 2.050ms
[2026-06-18T16:37:05.641+0800][23.290s][info][gc,load     ] GC(219) Load: 0.78/0.42/0.26
[2026-06-18T16:37:05.644+0800][23.293s][info][gc,mmu      ] GC(219) MMU: 2ms/39.9%, 5ms/76.0%, 10ms/85.1%, 20ms/90.0%, 50ms/96.0%, 100ms/97.1%
[2026-06-18T16:37:05.659+0800][23.309s][info][gc,marking  ] GC(219) Mark: 2 stripe(s), 2 proactive flush(es), 1 terminate flush(es), 0 completion(s), 0 continuation(s) 
[2026-06-18T16:37:05.669+0800][23.319s][info][gc,reloc    ] GC(219) Relocation: Successful, 24M relocated
[2026-06-18T16:37:05.671+0800][23.320s][info][gc,nmethod  ] GC(219) NMethods: 23 registered, 0 unregistered
[2026-06-18T16:37:05.672+0800][23.321s][info][gc,metaspace] GC(219) Metaspace: 3M used, 4M capacity, 4M committed, 8M reserved
[2026-06-18T16:37:05.673+0800][23.322s][info][gc,ref      ] GC(219) Soft: 43 encountered, 0 discovered, 0 enqueued
[2026-06-18T16:37:05.674+0800][23.323s][info][gc,ref      ] GC(219) Weak: 7 encountered, 0 discovered, 0 enqueued
[2026-06-18T16:37:05.675+0800][23.324s][info][gc,ref      ] GC(219) Final: 0 encountered, 0 discovered, 0 enqueued
[2026-06-18T16:37:05.676+0800][23.325s][info][gc,ref      ] GC(219) Phantom: 1 encountered, 0 discovered, 0 enqueued
[2026-06-18T16:37:05.676+0800][23.326s][info][gc,heap     ] GC(219)                Mark Start          Mark End        Relocate Start      Relocate End           High               Low         
[2026-06-18T16:37:05.677+0800][23.326s][info][gc,heap     ] GC(219)  Capacity:      256M (100%)        256M (100%)        256M (100%)        256M (100%)        256M (100%)        256M (100%)   
[2026-06-18T16:37:05.678+0800][23.327s][info][gc,heap     ] GC(219)   Reserve:       62M (24%)          62M (24%)          62M (24%)          62M (24%)          62M (24%)          62M (24%)    
[2026-06-18T16:37:05.678+0800][23.328s][info][gc,heap     ] GC(219)      Free:       82M (32%)          78M (30%)         102M (40%)         142M (55%)         142M (55%)          64M (25%)    
[2026-06-18T16:37:05.679+0800][23.328s][info][gc,heap     ] GC(219)      Used:      112M (44%)         116M (45%)          92M (36%)          52M (20%)         130M (51%)          52M (20%)    
[2026-06-18T16:37:05.680+0800][23.329s][info][gc,heap     ] GC(219)      Live:         -                24M (9%)           24M (9%)           24M (9%)             -                  -          
[2026-06-18T16:37:05.680+0800][23.330s][info][gc,heap     ] GC(219) Allocated:         -                 4M (2%)            8M (3%)           48M (19%)            -                  -          
[2026-06-18T16:37:05.681+0800][23.330s][info][gc,heap     ] GC(219)   Garbage:         -                87M (34%)          59M (23%)          19M (8%)             -                  -          
[2026-06-18T16:37:05.682+0800][23.331s][info][gc,heap     ] GC(219) Reclaimed:         -                  -                28M (11%)          68M (27%)            -                  -          
[2026-06-18T16:37:05.682+0800][23.332s][info][gc          ] GC(219) Garbage Collection (Allocation Rate) 112M(44%)->52M(20%)
[2026-06-18T16:37:05.713+0800][23.362s][info][gc,start    ] GC(220) Garbage Collection (Allocation Rate)
[2026-06-18T16:37:05.716+0800][23.365s][info][gc,phases   ] GC(220) Pause Mark Start 0.427ms
[2026-06-18T16:37:05.720+0800][23.369s][info][gc,phases   ] GC(220) Concurrent Mark 2.306ms
[2026-06-18T16:37:05.723+0800][23.372s][info][gc,phases   ] GC(220) Pause Mark End 0.629ms
[2026-06-18T16:37:05.728+0800][23.377s][info][gc,phases   ] GC(220) Concurrent Process Non-Strong References 0.539ms
[2026-06-18T16:37:05.734+0800][23.384s][info][gc,phases   ] GC(220) Concurrent Reset Relocation Set 0.041ms
[2026-06-18T16:37:05.740+0800][23.389s][info][gc,phases   ] GC(220) Concurrent Destroy Detached Pages 0.001ms
[2026-06-18T16:37:05.742+0800][23.392s][info][gc,phases   ] GC(220) Concurrent Select Relocation Set 0.721ms
[2026-06-18T16:37:05.744+0800][23.393s][info][gc,phases   ] GC(220) Concurrent Prepare Relocation Set 0.015ms
[2026-06-18T16:37:05.746+0800][23.395s][info][gc,phases   ] GC(220) Pause Relocate Start 0.288ms
[2026-06-18T16:37:05.747+0800][23.396s][info][gc,phases   ] GC(220) Concurrent Relocate 0.446ms
[2026-06-18T16:37:05.748+0800][23.398s][info][gc,load     ] GC(220) Load: 0.78/0.42/0.26
[2026-06-18T16:37:05.749+0800][23.399s][info][gc,mmu      ] GC(220) MMU: 2ms/39.9%, 5ms/76.0%, 10ms/85.1%, 20ms/90.0%, 50ms/96.0%, 100ms/97.1%
[2026-06-18T16:37:05.750+0800][23.400s][info][gc,marking  ] GC(220) Mark: 2 stripe(s), 1 proactive flush(es), 1 terminate flush(es), 0 completion(s), 0 continuation(s) 
[2026-06-18T16:37:05.751+0800][23.401s][info][gc,reloc    ] GC(220) Relocation: Successful, 29M relocated
[2026-06-18T16:37:05.752+0800][23.401s][info][gc,nmethod  ] GC(220) NMethods: 23 registered, 0 unregistered
[2026-06-18T16:37:05.753+0800][23.402s][info][gc,metaspace] GC(220) Metaspace: 3M used, 4M capacity, 4M committed, 8M reserved
[2026-06-18T16:37:05.753+0800][23.402s][info][gc,ref      ] GC(220) Soft: 43 encountered, 0 discovered, 0 enqueued
[2026-06-18T16:37:05.754+0800][23.403s][info][gc,ref      ] GC(220) Weak: 7 encountered, 2 discovered, 0 enqueued
[2026-06-18T16:37:05.754+0800][23.403s][info][gc,ref      ] GC(220) Final: 0 encountered, 0 discovered, 0 enqueued
[2026-06-18T16:37:05.755+0800][23.404s][info][gc,ref      ] GC(220) Phantom: 1 encountered, 1 discovered, 0 enqueued
[2026-06-18T16:37:05.755+0800][23.404s][info][gc,heap     ] GC(220)                Mark Start          Mark End        Relocate Start      Relocate End           High               Low         
[2026-06-18T16:37:05.755+0800][23.405s][info][gc,heap     ] GC(220)  Capacity:      256M (100%)        256M (100%)        256M (100%)        256M (100%)        256M (100%)        256M (100%)   
[2026-06-18T16:37:05.756+0800][23.405s][info][gc,heap     ] GC(220)   Reserve:       62M (24%)          62M (24%)          62M (24%)          62M (24%)          62M (24%)          62M (24%)    
[2026-06-18T16:37:05.756+0800][23.405s][info][gc,heap     ] GC(220)      Free:      110M (43%)         110M (43%)         100M (39%)         108M (42%)         110M (43%)          68M (27%)    
[2026-06-18T16:37:05.756+0800][23.406s][info][gc,heap     ] GC(220)      Used:       84M (33%)          84M (33%)          94M (37%)          86M (34%)         126M (49%)          84M (33%)    
[2026-06-18T16:37:05.757+0800][23.406s][info][gc,heap     ] GC(220)      Live:         -                31M (12%)          31M (12%)          31M (12%)            -                  -          
[2026-06-18T16:37:05.757+0800][23.406s][info][gc,heap     ] GC(220) Allocated:         -                 0M (0%)           42M (16%)          50M (20%)            -                  -          
[2026-06-18T16:37:05.757+0800][23.407s][info][gc,heap     ] GC(220)   Garbage:         -                52M (21%)          20M (8%)           12M (5%)             -                  -          
[2026-06-18T16:37:05.758+0800][23.407s][info][gc,heap     ] GC(220) Reclaimed:         -                  -                32M (12%)          40M (16%)            -                  -          
[2026-06-18T16:37:05.758+0800][23.407s][info][gc          ] GC(220) Garbage Collection (Allocation Rate) 84M(33%)->86M(34%)
[2026-06-18T16:37:05.814+0800][23.463s][info][gc,start    ] GC(221) Garbage Collection (Allocation Rate)
[2026-06-18T16:37:05.816+0800][23.466s][info][gc,phases   ] GC(221) Pause Mark Start 0.437ms
[2026-06-18T16:37:05.820+0800][23.469s][info][gc,phases   ] GC(221) Concurrent Mark 2.237ms
[2026-06-18T16:37:05.823+0800][23.472s][info][gc,phases   ] GC(221) Pause Mark End 0.734ms
[2026-06-18T16:37:05.824+0800][23.473s][info][gc,phases   ] GC(221) Concurrent Process Non-Strong References 0.184ms
[2026-06-18T16:37:05.825+0800][23.474s][info][gc,phases   ] GC(221) Concurrent Reset Relocation Set 0.004ms
[2026-06-18T16:37:05.826+0800][23.475s][info][gc,phases   ] GC(221) Concurrent Destroy Detached Pages 0.001ms
[2026-06-18T16:37:05.827+0800][23.477s][info][gc,phases   ] GC(221) Concurrent Select Relocation Set 1.019ms
[2026-06-18T16:37:05.828+0800][23.477s][info][gc,phases   ] GC(221) Concurrent Prepare Relocation Set 0.017ms
[2026-06-18T16:37:05.829+0800][23.479s][info][gc,phases   ] GC(221) Pause Relocate Start 0.290ms
[2026-06-18T16:37:05.833+0800][23.483s][info][gc,phases   ] GC(221) Concurrent Relocate 2.372ms
[2026-06-18T16:37:05.834+0800][23.483s][info][gc,load     ] GC(221) Load: 0.72/0.41/0.26
[2026-06-18T16:37:05.835+0800][23.484s][info][gc,mmu      ] GC(221) MMU: 2ms/39.9%, 5ms/76.0%, 10ms/85.1%, 20ms/90.0%, 50ms/96.0%, 100ms/97.1%
[2026-06-18T16:37:05.835+0800][23.485s][info][gc,marking  ] GC(221) Mark: 2 stripe(s), 1 proactive flush(es), 1 terminate flush(es), 0 completion(s), 0 continuation(s) 
[2026-06-18T16:37:05.836+0800][23.485s][info][gc,reloc    ] GC(221) Relocation: Successful, 25M relocated
[2026-06-18T16:37:05.836+0800][23.485s][info][gc,nmethod  ] GC(221) NMethods: 23 registered, 0 unregistered
[2026-06-18T16:37:05.836+0800][23.486s][info][gc,metaspace] GC(221) Metaspace: 3M used, 4M capacity, 4M committed, 8M reserved
[2026-06-18T16:37:05.837+0800][23.486s][info][gc,ref      ] GC(221) Soft: 43 encountered, 0 discovered, 0 enqueued
[2026-06-18T16:37:05.837+0800][23.486s][info][gc,ref      ] GC(221) Weak: 7 encountered, 2 discovered, 0 enqueued
[2026-06-18T16:37:05.837+0800][23.487s][info][gc,ref      ] GC(221) Final: 0 encountered, 0 discovered, 0 enqueued
[2026-06-18T16:37:05.838+0800][23.487s][info][gc,ref      ] GC(221) Phantom: 1 encountered, 1 discovered, 0 enqueued
[2026-06-18T16:37:05.838+0800][23.488s][info][gc,heap     ] GC(221)                Mark Start          Mark End        Relocate Start      Relocate End           High               Low         
[2026-06-18T16:37:05.839+0800][23.488s][info][gc,heap     ] GC(221)  Capacity:      256M (100%)        256M (100%)        256M (100%)        256M (100%)        256M (100%)        256M (100%)   
[2026-06-18T16:37:05.839+0800][23.488s][info][gc,heap     ] GC(221)   Reserve:       62M (24%)          62M (24%)          62M (24%)          62M (24%)          62M (24%)          62M (24%)    
[2026-06-18T16:37:05.839+0800][23.488s][info][gc,heap     ] GC(221)      Free:       82M (32%)          82M (32%)         106M (41%)         146M (57%)         146M (57%)          68M (27%)    
[2026-06-18T16:37:05.839+0800][23.489s][info][gc,heap     ] GC(221)      Used:      112M (44%)         112M (44%)          88M (34%)          48M (19%)         126M (49%)          48M (19%)    
[2026-06-18T16:37:05.840+0800][23.489s][info][gc,heap     ] GC(221)      Live:         -                27M (11%)          27M (11%)          27M (11%)            -                  -          
[2026-06-18T16:37:05.840+0800][23.489s][info][gc,heap     ] GC(221) Allocated:         -                 0M (0%)            4M (2%)           46M (18%)            -                  -          
[2026-06-18T16:37:05.840+0800][23.489s][info][gc,heap     ] GC(221)   Garbage:         -                84M (33%)          56M (22%)          16M (7%)             -                  -          
[2026-06-18T16:37:05.840+0800][23.490s][info][gc,heap     ] GC(221) Reclaimed:         -                  -                28M (11%)          68M (27%)            -                  -          
[2026-06-18T16:37:05.841+0800][23.490s][info][gc          ] GC(221) Garbage Collection (Allocation Rate) 112M(44%)->48M(19%)
[2026-06-18T16:37:05.914+0800][23.563s][info][gc,start    ] GC(222) Garbage Collection (Allocation Rate)
[2026-06-18T16:37:05.917+0800][23.566s][info][gc,phases   ] GC(222) Pause Mark Start 0.489ms
[2026-06-18T16:37:05.921+0800][23.570s][info][gc,phases   ] GC(222) Concurrent Mark 2.184ms
[2026-06-18T16:37:05.923+0800][23.573s][info][gc,phases   ] GC(222) Pause Mark End 0.651ms
[2026-06-18T16:37:05.925+0800][23.574s][info][gc,phases   ] GC(222) Concurrent Process Non-Strong References 0.175ms
[2026-06-18T16:37:05.927+0800][23.576s][info][gc,phases   ] GC(222) Concurrent Reset Relocation Set 0.003ms
[2026-06-18T16:37:05.928+0800][23.578s][info][gc,phases   ] GC(222) Concurrent Destroy Detached Pages 0.001ms
[2026-06-18T16:37:05.931+0800][23.580s][info][gc,phases   ] GC(222) Concurrent Select Relocation Set 1.148ms
[2026-06-18T16:37:05.932+0800][23.582s][info][gc,phases   ] GC(222) Concurrent Prepare Relocation Set 0.016ms
[2026-06-18T16:37:05.934+0800][23.583s][info][gc,phases   ] GC(222) Pause Relocate Start 0.250ms
[2026-06-18T16:37:05.935+0800][23.584s][info][gc,phases   ] GC(222) Concurrent Relocate 0.564ms
[2026-06-18T16:37:05.936+0800][23.585s][info][gc,load     ] GC(222) Load: 0.72/0.41/0.26
[2026-06-18T16:37:05.936+0800][23.585s][info][gc,mmu      ] GC(222) MMU: 2ms/39.9%, 5ms/76.0%, 10ms/85.1%, 20ms/90.0%, 50ms/96.0%, 100ms/97.1%
[2026-06-18T16:37:05.937+0800][23.586s][info][gc,marking  ] GC(222) Mark: 2 stripe(s), 1 proactive flush(es), 1 terminate flush(es), 0 completion(s), 0 continuation(s) 
[2026-06-18T16:37:05.937+0800][23.586s][info][gc,reloc    ] GC(222) Relocation: Successful, 18M relocated
[2026-06-18T16:37:05.938+0800][23.587s][info][gc,nmethod  ] GC(222) NMethods: 23 registered, 0 unregistered
[2026-06-18T16:37:05.939+0800][23.588s][info][gc,metaspace] GC(222) Metaspace: 3M used, 4M capacity, 4M committed, 8M reserved
[2026-06-18T16:37:05.939+0800][23.588s][info][gc,ref      ] GC(222) Soft: 43 encountered, 0 discovered, 0 enqueued
[2026-06-18T16:37:05.939+0800][23.589s][info][gc,ref      ] GC(222) Weak: 7 encountered, 2 discovered, 0 enqueued
[2026-06-18T16:37:05.940+0800][23.589s][info][gc,ref      ] GC(222) Final: 0 encountered, 0 discovered, 0 enqueued
[2026-06-18T16:37:05.940+0800][23.589s][info][gc,ref      ] GC(222) Phantom: 1 encountered, 1 discovered, 0 enqueued
[2026-06-18T16:37:05.940+0800][23.590s][info][gc,heap     ] GC(222)                Mark Start          Mark End        Relocate Start      Relocate End           High               Low         
[2026-06-18T16:37:05.941+0800][23.590s][info][gc,heap     ] GC(222)  Capacity:      256M (100%)        256M (100%)        256M (100%)        256M (100%)        256M (100%)        256M (100%)   
[2026-06-18T16:37:05.941+0800][23.590s][info][gc,heap     ] GC(222)   Reserve:       62M (24%)          62M (24%)          62M (24%)          62M (24%)          62M (24%)          62M (24%)    
[2026-06-18T16:37:05.941+0800][23.590s][info][gc,heap     ] GC(222)      Free:      114M (45%)         110M (43%)         100M (39%)         112M (44%)         138M (54%)          96M (38%)    
[2026-06-18T16:37:05.941+0800][23.591s][info][gc,heap     ] GC(222)      Used:       80M (31%)          84M (33%)          94M (37%)          82M (32%)          98M (38%)          56M (22%)    
[2026-06-18T16:37:05.942+0800][23.591s][info][gc,heap     ] GC(222)      Live:         -                18M (7%)           18M (7%)           18M (7%)             -                  -          
[2026-06-18T16:37:05.942+0800][23.592s][info][gc,heap     ] GC(222) Allocated:         -                 4M (2%)           42M (16%)          50M (20%)            -                  -          
[2026-06-18T16:37:05.943+0800][23.592s][info][gc,heap     ] GC(222)   Garbage:         -                61M (24%)          33M (13%)          21M (8%)             -                  -          
[2026-06-18T16:37:05.943+0800][23.592s][info][gc,heap     ] GC(222) Reclaimed:         -                  -                28M (11%)          40M (16%)            -                  -          
[2026-06-18T16:37:05.943+0800][23.592s][info][gc          ] GC(222) Garbage Collection (Allocation Rate) 80M(31%)->82M(32%)
[2026-06-18T16:37:06.013+0800][23.663s][info][gc,start    ] GC(223) Garbage Collection (Allocation Rate)
[2026-06-18T16:37:06.017+0800][23.666s][info][gc,phases   ] GC(223) Pause Mark Start 0.455ms
[2026-06-18T16:37:06.021+0800][23.670s][info][gc,phases   ] GC(223) Concurrent Mark 2.458ms
[2026-06-18T16:37:06.023+0800][23.673s][info][gc,phases   ] GC(223) Pause Mark End 0.731ms
[2026-06-18T16:37:06.025+0800][23.674s][info][gc,phases   ] GC(223) Concurrent Process Non-Strong References 0.199ms
[2026-06-18T16:37:06.026+0800][23.675s][info][gc,phases   ] GC(223) Concurrent Reset Relocation Set 0.006ms
[2026-06-18T16:37:06.027+0800][23.676s][info][gc,phases   ] GC(223) Concurrent Destroy Detached Pages 0.002ms
[2026-06-18T16:37:06.028+0800][23.677s][info][gc,phases   ] GC(223) Concurrent Select Relocation Set 0.888ms
[2026-06-18T16:37:06.029+0800][23.678s][info][gc,phases   ] GC(223) Concurrent Prepare Relocation Set 0.008ms
[2026-06-18T16:37:06.030+0800][23.679s][info][gc,phases   ] GC(223) Pause Relocate Start 0.192ms
[2026-06-18T16:37:06.032+0800][23.681s][info][gc,phases   ] GC(223) Concurrent Relocate 1.523ms
[2026-06-18T16:37:06.032+0800][23.682s][info][gc,load     ] GC(223) Load: 0.72/0.41/0.26
[2026-06-18T16:37:06.033+0800][23.682s][info][gc,mmu      ] GC(223) MMU: 2ms/39.9%, 5ms/76.0%, 10ms/85.1%, 20ms/90.0%, 50ms/96.0%, 100ms/97.1%
[2026-06-18T16:37:06.033+0800][23.682s][info][gc,marking  ] GC(223) Mark: 2 stripe(s), 2 proactive flush(es), 1 terminate flush(es), 0 completion(s), 0 continuation(s) 
[2026-06-18T16:37:06.034+0800][23.683s][info][gc,reloc    ] GC(223) Relocation: Successful, 20M relocated
[2026-06-18T16:37:06.034+0800][23.683s][info][gc,nmethod  ] GC(223) NMethods: 23 registered, 0 unregistered
[2026-06-18T16:37:06.034+0800][23.684s][info][gc,metaspace] GC(223) Metaspace: 3M used, 4M capacity, 4M committed, 8M reserved
[2026-06-18T16:37:06.035+0800][23.684s][info][gc,ref      ] GC(223) Soft: 43 encountered, 0 discovered, 0 enqueued
[2026-06-18T16:37:06.035+0800][23.684s][info][gc,ref      ] GC(223) Weak: 7 encountered, 0 discovered, 0 enqueued
[2026-06-18T16:37:06.035+0800][23.685s][info][gc,ref      ] GC(223) Final: 0 encountered, 0 discovered, 0 enqueued
[2026-06-18T16:37:06.036+0800][23.685s][info][gc,ref      ] GC(223) Phantom: 1 encountered, 0 discovered, 0 enqueued
[2026-06-18T16:37:06.036+0800][23.685s][info][gc,heap     ] GC(223)                Mark Start          Mark End        Relocate Start      Relocate End           High               Low         
[2026-06-18T16:37:06.036+0800][23.686s][info][gc,heap     ] GC(223)  Capacity:      256M (100%)        256M (100%)        256M (100%)        256M (100%)        256M (100%)        256M (100%)   
[2026-06-18T16:37:06.037+0800][23.686s][info][gc,heap     ] GC(223)   Reserve:       62M (24%)          62M (24%)          62M (24%)          62M (24%)          62M (24%)          62M (24%)    
[2026-06-18T16:37:06.037+0800][23.686s][info][gc,heap     ] GC(223)      Free:       86M (34%)          82M (32%)         100M (39%)         140M (55%)         140M (55%)          66M (26%)    
[2026-06-18T16:37:06.037+0800][23.686s][info][gc,heap     ] GC(223)      Used:      108M (42%)         112M (44%)          94M (37%)          54M (21%)         128M (50%)          54M (21%)    
[2026-06-18T16:37:06.037+0800][23.686s][info][gc,heap     ] GC(223)      Live:         -                24M (9%)           24M (9%)           24M (9%)             -                  -          
[2026-06-18T16:37:06.037+0800][23.687s][info][gc,heap     ] GC(223) Allocated:         -                 4M (2%)           10M (4%)           48M (19%)            -                  -          
[2026-06-18T16:37:06.038+0800][23.687s][info][gc,heap     ] GC(223)   Garbage:         -                83M (33%)          59M (23%)    17592186044403M (6         -                  -          
[2026-06-18T16:37:06.038+0800][23.687s][info][gc,heap     ] GC(223) Reclaimed:         -                  -                24M (9%)           96M (38%)            -                  -          
[2026-06-18T16:37:06.038+0800][23.687s][info][gc          ] GC(223) Garbage Collection (Allocation Rate) 108M(42%)->54M(21%)
[2026-06-18T16:37:06.113+0800][23.763s][info][gc,start    ] GC(224) Garbage Collection (Allocation Rate)
[2026-06-18T16:37:06.117+0800][23.766s][info][gc,phases   ] GC(224) Pause Mark Start 0.644ms
[2026-06-18T16:37:06.121+0800][23.770s][info][gc,phases   ] GC(224) Concurrent Mark 2.168ms
[2026-06-18T16:37:06.124+0800][23.773s][info][gc,phases   ] GC(224) Pause Mark End 0.597ms
[2026-06-18T16:37:06.125+0800][23.774s][info][gc,phases   ] GC(224) Concurrent Process Non-Strong References 0.247ms
[2026-06-18T16:37:06.126+0800][23.775s][info][gc,phases   ] GC(224) Concurrent Reset Relocation Set 0.004ms
[2026-06-18T16:37:06.127+0800][23.776s][info][gc,phases   ] GC(224) Concurrent Destroy Detached Pages 0.001ms
[2026-06-18T16:37:06.129+0800][23.778s][info][gc,phases   ] GC(224) Concurrent Select Relocation Set 0.891ms
[2026-06-18T16:37:06.129+0800][23.779s][info][gc,phases   ] GC(224) Concurrent Prepare Relocation Set 0.009ms
[2026-06-18T16:37:06.130+0800][23.780s][info][gc,phases   ] GC(224) Pause Relocate Start 0.223ms
[2026-06-18T16:37:06.131+0800][23.781s][info][gc,phases   ] GC(224) Concurrent Relocate 0.340ms
[2026-06-18T16:37:06.132+0800][23.781s][info][gc,load     ] GC(224) Load: 0.72/0.41/0.26
[2026-06-18T16:37:06.132+0800][23.782s][info][gc,mmu      ] GC(224) MMU: 2ms/39.9%, 5ms/76.0%, 10ms/85.1%, 20ms/90.0%, 50ms/96.0%, 100ms/97.1%
[2026-06-18T16:37:06.133+0800][23.782s][info][gc,marking  ] GC(224) Mark: 2 stripe(s), 2 proactive flush(es), 1 terminate flush(es), 0 completion(s), 0 continuation(s) 
[2026-06-18T16:37:06.133+0800][23.782s][info][gc,reloc    ] GC(224) Relocation: Successful, 20M relocated
[2026-06-18T16:37:06.133+0800][23.783s][info][gc,nmethod  ] GC(224) NMethods: 23 registered, 0 unregistered
[2026-06-18T16:37:06.134+0800][23.783s][info][gc,metaspace] GC(224) Metaspace: 3M used, 4M capacity, 4M committed, 8M reserved
[2026-06-18T16:37:06.134+0800][23.783s][info][gc,ref      ] GC(224) Soft: 43 encountered, 0 discovered, 0 enqueued
[2026-06-18T16:37:06.134+0800][23.784s][info][gc,ref      ] GC(224) Weak: 7 encountered, 0 discovered, 0 enqueued
[2026-06-18T16:37:06.135+0800][23.784s][info][gc,ref      ] GC(224) Final: 0 encountered, 0 discovered, 0 enqueued
[2026-06-18T16:37:06.135+0800][23.784s][info][gc,ref      ] GC(224) Phantom: 1 encountered, 0 discovered, 0 enqueued
[2026-06-18T16:37:06.135+0800][23.784s][info][gc,heap     ] GC(224)                Mark Start          Mark End        Relocate Start      Relocate End           High               Low         
[2026-06-18T16:37:06.135+0800][23.785s][info][gc,heap     ] GC(224)  Capacity:      256M (100%)        256M (100%)        256M (100%)        256M (100%)        256M (100%)        256M (100%)   
[2026-06-18T16:37:06.136+0800][23.785s][info][gc,heap     ] GC(224)   Reserve:       62M (24%)          62M (24%)          62M (24%)          62M (24%)          62M (24%)          62M (24%)    
[2026-06-18T16:37:06.136+0800][23.785s][info][gc,heap     ] GC(224)      Free:      114M (45%)         110M (43%)         100M (39%)         110M (43%)         138M (54%)          94M (37%)    
[2026-06-18T16:37:06.136+0800][23.785s][info][gc,heap     ] GC(224)      Used:       80M (31%)          84M (33%)          94M (37%)          84M (33%)         100M (39%)          56M (22%)    
[2026-06-18T16:37:06.136+0800][23.786s][info][gc,heap     ] GC(224)      Live:         -                22M (9%)           22M (9%)           22M (9%)             -                  -          
[2026-06-18T16:37:06.137+0800][23.786s][info][gc,heap     ] GC(224) Allocated:         -                 4M (2%)           42M (16%)          50M (20%)            -                  -          
[2026-06-18T16:37:06.137+0800][23.786s][info][gc,heap     ] GC(224)   Garbage:         -                57M (23%)          29M (12%)          19M (8%)             -                  -          
[2026-06-18T16:37:06.137+0800][23.786s][info][gc,heap     ] GC(224) Reclaimed:         -                  -                28M (11%)          38M (15%)            -                  -          
[2026-06-18T16:37:06.137+0800][23.787s][info][gc          ] GC(224) Garbage Collection (Allocation Rate) 80M(31%)->84M(33%)
[2026-06-18T16:37:06.214+0800][23.863s][info][gc,start    ] GC(225) Garbage Collection (Allocation Rate)
[2026-06-18T16:37:06.217+0800][23.867s][info][gc,phases   ] GC(225) Pause Mark Start 0.579ms
[2026-06-18T16:37:06.221+0800][23.871s][info][gc,phases   ] GC(225) Concurrent Mark 2.344ms
[2026-06-18T16:37:06.228+0800][23.877s][info][gc,phases   ] GC(225) Pause Mark End 0.605ms
[2026-06-18T16:37:06.231+0800][23.881s][info][gc,phases   ] GC(225) Concurrent Process Non-Strong References 0.350ms
[2026-06-18T16:37:06.237+0800][23.887s][info][gc,phases   ] GC(225) Concurrent Reset Relocation Set 0.008ms
[2026-06-18T16:37:06.241+0800][23.891s][info][gc,phases   ] GC(225) Concurrent Destroy Detached Pages 0.002ms
[2026-06-18T16:37:06.246+0800][23.895s][info][gc,phases   ] GC(225) Concurrent Select Relocation Set 1.400ms
[2026-06-18T16:37:06.247+0800][23.897s][info][gc,phases   ] GC(225) Concurrent Prepare Relocation Set 0.011ms
[2026-06-18T16:37:06.250+0800][23.899s][info][gc,phases   ] GC(225) Pause Relocate Start 0.362ms
[2026-06-18T16:37:06.253+0800][23.902s][info][gc,phases   ] GC(225) Concurrent Relocate 2.065ms
[2026-06-18T16:37:06.255+0800][23.904s][info][gc,load     ] GC(225) Load: 0.72/0.41/0.26
[2026-06-18T16:37:06.255+0800][23.905s][info][gc,mmu      ] GC(225) MMU: 2ms/39.9%, 5ms/76.0%, 10ms/85.1%, 20ms/90.0%, 50ms/96.0%, 100ms/97.1%
[2026-06-18T16:37:06.256+0800][23.906s][info][gc,marking  ] GC(225) Mark: 2 stripe(s), 1 proactive flush(es), 1 terminate flush(es), 0 completion(s), 0 continuation(s) 
[2026-06-18T16:37:06.257+0800][23.906s][info][gc,reloc    ] GC(225) Relocation: Successful, 25M relocated
[2026-06-18T16:37:06.257+0800][23.907s][info][gc,nmethod  ] GC(225) NMethods: 23 registered, 0 unregistered
[2026-06-18T16:37:06.258+0800][23.907s][info][gc,metaspace] GC(225) Metaspace: 3M used, 4M capacity, 4M committed, 8M reserved
[2026-06-18T16:37:06.258+0800][23.907s][info][gc,ref      ] GC(225) Soft: 43 encountered, 0 discovered, 0 enqueued
[2026-06-18T16:37:06.259+0800][23.908s][info][gc,ref      ] GC(225) Weak: 7 encountered, 2 discovered, 0 enqueued
[2026-06-18T16:37:06.259+0800][23.908s][info][gc,ref      ] GC(225) Final: 0 encountered, 0 discovered, 0 enqueued
[2026-06-18T16:37:06.259+0800][23.909s][info][gc,ref      ] GC(225) Phantom: 1 encountered, 1 discovered, 0 enqueued
[2026-06-18T16:37:06.260+0800][23.909s][info][gc,heap     ] GC(225)                Mark Start          Mark End        Relocate Start      Relocate End           High               Low         
[2026-06-18T16:37:06.260+0800][23.909s][info][gc,heap     ] GC(225)  Capacity:      256M (100%)        256M (100%)        256M (100%)        256M (100%)        256M (100%)        256M (100%)   
[2026-06-18T16:37:06.260+0800][23.909s][info][gc,heap     ] GC(225)   Reserve:       62M (24%)          62M (24%)          62M (24%)          62M (24%)          62M (24%)          62M (24%)    
[2026-06-18T16:37:06.260+0800][23.910s][info][gc,heap     ] GC(225)      Free:       82M (32%)          44M (17%)          68M (27%)         136M (53%)         136M (53%)          42M (16%)    
[2026-06-18T16:37:06.261+0800][23.910s][info][gc,heap     ] GC(225)      Used:      112M (44%)         150M (59%)         126M (49%)          58M (23%)         152M (59%)          58M (23%)    
[2026-06-18T16:37:06.261+0800][23.910s][info][gc,heap     ] GC(225)      Live:         -                29M (12%)          29M (12%)          29M (12%)            -                  -          
[2026-06-18T16:37:06.261+0800][23.910s][info][gc,heap     ] GC(225) Allocated:         -                38M (15%)          44M (17%)          52M (20%)            -                  -          
[2026-06-18T16:37:06.261+0800][23.911s][info][gc,heap     ] GC(225)   Garbage:         -                82M (32%)          52M (21%)    17592186044400M (6         -                  -          
[2026-06-18T16:37:06.262+0800][23.911s][info][gc,heap     ] GC(225) Reclaimed:         -                  -                30M (12%)          98M (38%)            -                  -          
[2026-06-18T16:37:06.262+0800][23.911s][info][gc          ] GC(225) Garbage Collection (Allocation Rate) 112M(44%)->58M(23%)
[2026-06-18T16:37:06.314+0800][23.963s][info][gc,start    ] GC(226) Garbage Collection (Allocation Rate)
[2026-06-18T16:37:06.316+0800][23.965s][info][gc,phases   ] GC(226) Pause Mark Start 0.285ms
[2026-06-18T16:37:06.319+0800][23.968s][info][gc,phases   ] GC(226) Concurrent Mark 1.619ms
[2026-06-18T16:37:06.321+0800][23.970s][info][gc,phases   ] GC(226) Pause Mark End 0.449ms
[2026-06-18T16:37:06.321+0800][23.971s][info][gc,phases   ] GC(226) Concurrent Process Non-Strong References 0.114ms
[2026-06-18T16:37:06.322+0800][23.971s][info][gc,phases   ] GC(226) Concurrent Reset Relocation Set 0.002ms
[2026-06-18T16:37:06.323+0800][23.972s][info][gc,phases   ] GC(226) Concurrent Destroy Detached Pages 0.001ms
[2026-06-18T16:37:06.324+0800][23.973s][info][gc,phases   ] GC(226) Concurrent Select Relocation Set 0.685ms
[2026-06-18T16:37:06.324+0800][23.974s][info][gc,phases   ] GC(226) Concurrent Prepare Relocation Set 0.012ms
[2026-06-18T16:37:06.325+0800][23.975s][info][gc,phases   ] GC(226) Pause Relocate Start 0.200ms
[2026-06-18T16:37:06.326+0800][23.975s][info][gc,phases   ] GC(226) Concurrent Relocate 0.298ms
[2026-06-18T16:37:06.327+0800][23.976s][info][gc,load     ] GC(226) Load: 0.72/0.41/0.26
[2026-06-18T16:37:06.327+0800][23.977s][info][gc,mmu      ] GC(226) MMU: 2ms/39.9%, 5ms/76.0%, 10ms/85.1%, 20ms/90.0%, 50ms/96.0%, 100ms/97.1%
[2026-06-18T16:37:06.328+0800][23.977s][info][gc,marking  ] GC(226) Mark: 2 stripe(s), 1 proactive flush(es), 1 terminate flush(es), 0 completion(s), 0 continuation(s) 
[2026-06-18T16:37:06.328+0800][23.977s][info][gc,reloc    ] GC(226) Relocation: Successful, 24M relocated
[2026-06-18T16:37:06.328+0800][23.978s][info][gc,nmethod  ] GC(226) NMethods: 23 registered, 0 unregistered
[2026-06-18T16:37:06.329+0800][23.978s][info][gc,metaspace] GC(226) Metaspace: 3M used, 4M capacity, 4M committed, 8M reserved
[2026-06-18T16:37:06.329+0800][23.978s][info][gc,ref      ] GC(226) Soft: 43 encountered, 0 discovered, 0 enqueued
[2026-06-18T16:37:06.329+0800][23.979s][info][gc,ref      ] GC(226) Weak: 7 encountered, 2 discovered, 0 enqueued
[2026-06-18T16:37:06.330+0800][23.979s][info][gc,ref      ] GC(226) Final: 0 encountered, 0 discovered, 0 enqueued
[2026-06-18T16:37:06.330+0800][23.979s][info][gc,ref      ] GC(226) Phantom: 1 encountered, 1 discovered, 0 enqueued
[2026-06-18T16:37:06.330+0800][23.980s][info][gc,heap     ] GC(226)                Mark Start          Mark End        Relocate Start      Relocate End           High               Low         
[2026-06-18T16:37:06.331+0800][23.980s][info][gc,heap     ] GC(226)  Capacity:      256M (100%)        256M (100%)        256M (100%)        256M (100%)        256M (100%)        256M (100%)   
[2026-06-18T16:37:06.331+0800][23.980s][info][gc,heap     ] GC(226)   Reserve:       62M (24%)          62M (24%)          62M (24%)          62M (24%)          62M (24%)          62M (24%)    
[2026-06-18T16:37:06.331+0800][23.981s][info][gc,heap     ] GC(226)      Free:      112M (44%)         112M (44%)         104M (41%)         114M (45%)         114M (45%)          76M (30%)    
[2026-06-18T16:37:06.332+0800][23.981s][info][gc,heap     ] GC(226)      Used:       82M (32%)          82M (32%)          90M (35%)          80M (31%)         118M (46%)          80M (31%)    
[2026-06-18T16:37:06.334+0800][23.983s][info][gc,heap     ] GC(226)      Live:         -                25M (10%)          25M (10%)          25M (10%)            -                  -          
[2026-06-18T16:37:06.334+0800][23.983s][info][gc,heap     ] GC(226) Allocated:         -                 0M (0%)           36M (14%)          44M (17%)            -                  -          
[2026-06-18T16:37:06.334+0800][23.984s][info][gc,heap     ] GC(226)   Garbage:         -                56M (22%)          28M (11%)          18M (7%)             -                  -          
[2026-06-18T16:37:06.335+0800][23.984s][info][gc,heap     ] GC(226) Reclaimed:         -                  -                28M (11%)          38M (15%)            -                  -          
[2026-06-18T16:37:06.335+0800][23.984s][info][gc          ] GC(226) Garbage Collection (Allocation Rate) 82M(32%)->80M(31%)
[2026-06-18T16:37:06.413+0800][24.063s][info][gc,start    ] GC(227) Garbage Collection (Allocation Rate)
[2026-06-18T16:37:06.417+0800][24.066s][info][gc,phases   ] GC(227) Pause Mark Start 0.382ms
[2026-06-18T16:37:06.421+0800][24.070s][info][gc,phases   ] GC(227) Concurrent Mark 2.243ms
[2026-06-18T16:37:06.423+0800][24.072s][info][gc,phases   ] GC(227) Pause Mark End 0.502ms
[2026-06-18T16:37:06.424+0800][24.074s][info][gc,phases   ] GC(227) Concurrent Process Non-Strong References 0.220ms
[2026-06-18T16:37:06.425+0800][24.074s][info][gc,phases   ] GC(227) Concurrent Reset Relocation Set 0.004ms
[2026-06-18T16:37:06.426+0800][24.076s][info][gc,phases   ] GC(227) Concurrent Destroy Detached Pages 0.001ms
[2026-06-18T16:37:06.428+0800][24.077s][info][gc,phases   ] GC(227) Concurrent Select Relocation Set 0.802ms
[2026-06-18T16:37:06.428+0800][24.078s][info][gc,phases   ] GC(227) Concurrent Prepare Relocation Set 0.013ms
[2026-06-18T16:37:06.429+0800][24.079s][info][gc,phases   ] GC(227) Pause Relocate Start 0.205ms
[2026-06-18T16:37:06.432+0800][24.081s][info][gc,phases   ] GC(227) Concurrent Relocate 1.613ms
[2026-06-18T16:37:06.432+0800][24.082s][info][gc,load     ] GC(227) Load: 0.72/0.41/0.26
[2026-06-18T16:37:06.433+0800][24.082s][info][gc,mmu      ] GC(227) MMU: 2ms/39.9%, 5ms/76.0%, 10ms/85.1%, 20ms/90.0%, 50ms/96.0%, 100ms/97.1%
[2026-06-18T16:37:06.433+0800][24.082s][info][gc,marking  ] GC(227) Mark: 2 stripe(s), 2 proactive flush(es), 1 terminate flush(es), 0 completion(s), 0 continuation(s) 
[2026-06-18T16:37:06.433+0800][24.083s][info][gc,reloc    ] GC(227) Relocation: Successful, 21M relocated
[2026-06-18T16:37:06.434+0800][24.083s][info][gc,nmethod  ] GC(227) NMethods: 23 registered, 0 unregistered
[2026-06-18T16:37:06.434+0800][24.084s][info][gc,metaspace] GC(227) Metaspace: 3M used, 4M capacity, 4M committed, 8M reserved
[2026-06-18T16:37:06.435+0800][24.084s][info][gc,ref      ] GC(227) Soft: 43 encountered, 0 discovered, 0 enqueued
[2026-06-18T16:37:06.435+0800][24.084s][info][gc,ref      ] GC(227) Weak: 7 encountered, 0 discovered, 0 enqueued
[2026-06-18T16:37:06.435+0800][24.084s][info][gc,ref      ] GC(227) Final: 0 encountered, 0 discovered, 0 enqueued
[2026-06-18T16:37:06.435+0800][24.085s][info][gc,ref      ] GC(227) Phantom: 1 encountered, 0 discovered, 0 enqueued
[2026-06-18T16:37:06.436+0800][24.085s][info][gc,heap     ] GC(227)                Mark Start          Mark End        Relocate Start      Relocate End           High               Low         
[2026-06-18T16:37:06.436+0800][24.085s][info][gc,heap     ] GC(227)  Capacity:      256M (100%)        256M (100%)        256M (100%)        256M (100%)        256M (100%)        256M (100%)   
[2026-06-18T16:37:06.436+0800][24.085s][info][gc,heap     ] GC(227)   Reserve:       62M (24%)          62M (24%)          62M (24%)          62M (24%)          62M (24%)          62M (24%)    
[2026-06-18T16:37:06.436+0800][24.086s][info][gc,heap     ] GC(227)      Free:       82M (32%)          46M (18%)          68M (27%)         142M (55%)         142M (55%)          46M (18%)    
[2026-06-18T16:37:06.437+0800][24.086s][info][gc,heap     ] GC(227)      Used:      112M (44%)         148M (58%)         126M (49%)          52M (20%)         148M (58%)          52M (20%)    
[2026-06-18T16:37:06.437+0800][24.086s][info][gc,heap     ] GC(227)      Live:         -                23M (9%)           23M (9%)           23M (9%)             -                  -          
[2026-06-18T16:37:06.437+0800][24.086s][info][gc,heap     ] GC(227) Allocated:         -                36M (14%)          38M (15%)          50M (20%)            -                  -          
[2026-06-18T16:37:06.437+0800][24.087s][info][gc,heap     ] GC(227)   Garbage:         -                88M (35%)          64M (25%)    17592186044404M (6         -                  -          
[2026-06-18T16:37:06.437+0800][24.087s][info][gc,heap     ] GC(227) Reclaimed:         -                  -                24M (9%)          100M (39%)            -                  -          
[2026-06-18T16:37:06.438+0800][24.087s][info][gc          ] GC(227) Garbage Collection (Allocation Rate) 112M(44%)->52M(20%)
[2026-06-18T16:37:06.514+0800][24.163s][info][gc,start    ] GC(228) Garbage Collection (Allocation Rate)
[2026-06-18T16:37:06.516+0800][24.165s][info][gc,phases   ] GC(228) Pause Mark Start 0.415ms
[2026-06-18T16:37:06.519+0800][24.168s][info][gc,phases   ] GC(228) Concurrent Mark 1.921ms
[2026-06-18T16:37:06.521+0800][24.170s][info][gc,phases   ] GC(228) Pause Mark End 0.469ms
[2026-06-18T16:37:06.522+0800][24.171s][info][gc,phases   ] GC(228) Concurrent Process Non-Strong References 0.174ms
[2026-06-18T16:37:06.522+0800][24.172s][info][gc,phases   ] GC(228) Concurrent Reset Relocation Set 0.002ms
[2026-06-18T16:37:06.523+0800][24.172s][info][gc,phases   ] GC(228) Concurrent Destroy Detached Pages 0.001ms
[2026-06-18T16:37:06.524+0800][24.173s][info][gc,phases   ] GC(228) Concurrent Select Relocation Set 0.714ms
[2026-06-18T16:37:06.525+0800][24.174s][info][gc,phases   ] GC(228) Concurrent Prepare Relocation Set 0.003ms
[2026-06-18T16:37:06.525+0800][24.175s][info][gc,phases   ] GC(228) Pause Relocate Start 0.164ms
[2026-06-18T16:37:06.526+0800][24.175s][info][gc,phases   ] GC(228) Concurrent Relocate 0.213ms
[2026-06-18T16:37:06.527+0800][24.176s][info][gc,load     ] GC(228) Load: 0.72/0.41/0.26
[2026-06-18T16:37:06.527+0800][24.176s][info][gc,mmu      ] GC(228) MMU: 2ms/39.9%, 5ms/76.0%, 10ms/85.1%, 20ms/90.0%, 50ms/96.0%, 100ms/97.1%
[2026-06-18T16:37:06.527+0800][24.177s][info][gc,marking  ] GC(228) Mark: 2 stripe(s), 1 proactive flush(es), 1 terminate flush(es), 0 completion(s), 0 continuation(s) 
[2026-06-18T16:37:06.528+0800][24.177s][info][gc,reloc    ] GC(228) Relocation: Successful, 26M relocated
[2026-06-18T16:37:06.528+0800][24.177s][info][gc,nmethod  ] GC(228) NMethods: 23 registered, 0 unregistered
[2026-06-18T16:37:06.528+0800][24.178s][info][gc,metaspace] GC(228) Metaspace: 3M used, 4M capacity, 4M committed, 8M reserved
[2026-06-18T16:37:06.528+0800][24.178s][info][gc,ref      ] GC(228) Soft: 43 encountered, 0 discovered, 0 enqueued
[2026-06-18T16:37:06.529+0800][24.178s][info][gc,ref      ] GC(228) Weak: 7 encountered, 2 discovered, 0 enqueued
[2026-06-18T16:37:06.529+0800][24.178s][info][gc,ref      ] GC(228) Final: 0 encountered, 0 discovered, 0 enqueued
[2026-06-18T16:37:06.529+0800][24.179s][info][gc,ref      ] GC(228) Phantom: 1 encountered, 1 discovered, 0 enqueued
[2026-06-18T16:37:06.529+0800][24.179s][info][gc,heap     ] GC(228)                Mark Start          Mark End        Relocate Start      Relocate End           High               Low         
[2026-06-18T16:37:06.530+0800][24.179s][info][gc,heap     ] GC(228)  Capacity:      256M (100%)        256M (100%)        256M (100%)        256M (100%)        256M (100%)        256M (100%)   
[2026-06-18T16:37:06.530+0800][24.179s][info][gc,heap     ] GC(228)   Reserve:       62M (24%)          62M (24%)          62M (24%)          62M (24%)          62M (24%)          62M (24%)    
[2026-06-18T16:37:06.530+0800][24.179s][info][gc,heap     ] GC(228)      Free:      112M (44%)         112M (44%)         134M (52%)         146M (57%)         146M (57%)         112M (44%)    
[2026-06-18T16:37:06.530+0800][24.180s][info][gc,heap     ] GC(228)      Used:       82M (32%)          82M (32%)          60M (23%)          48M (19%)          82M (32%)          48M (19%)    
[2026-06-18T16:37:06.531+0800][24.180s][info][gc,heap     ] GC(228)      Live:         -                29M (12%)          29M (12%)          29M (12%)            -                  -          
[2026-06-18T16:37:06.531+0800][24.180s][info][gc,heap     ] GC(228) Allocated:         -                 0M (0%)            4M (2%)           10M (4%)             -                  -          
[2026-06-18T16:37:06.531+0800][24.180s][info][gc,heap     ] GC(228)   Garbage:         -                52M (20%)          26M (10%)          14M (6%)             -                  -          
[2026-06-18T16:37:06.531+0800][24.181s][info][gc,heap     ] GC(228) Reclaimed:         -                  -                26M (10%)          38M (15%)            -                  -          
[2026-06-18T16:37:06.531+0800][24.181s][info][gc          ] GC(228) Garbage Collection (Allocation Rate) 82M(32%)->48M(19%)
[2026-06-18T16:37:06.614+0800][24.263s][info][gc,start    ] GC(229) Garbage Collection (Allocation Rate)
[2026-06-18T16:37:06.640+0800][24.289s][info][gc,phases   ] GC(229) Pause Mark Start 0.138ms
[2026-06-18T16:37:06.704+0800][24.354s][info][gc,phases   ] GC(229) Concurrent Mark 2.266ms
[2026-06-18T16:37:06.707+0800][24.356s][info][gc,phases   ] GC(229) Pause Mark End 0.941ms
[2026-06-18T16:37:06.709+0800][24.358s][info][gc,phases   ] GC(229) Concurrent Process Non-Strong References 0.347ms
[2026-06-18T16:37:06.710+0800][24.360s][info][gc,phases   ] GC(229) Concurrent Reset Relocation Set 0.006ms
[2026-06-18T16:37:06.712+0800][24.361s][info][gc,phases   ] GC(229) Concurrent Destroy Detached Pages 0.001ms
[2026-06-18T16:37:06.714+0800][24.363s][info][gc,phases   ] GC(229) Concurrent Select Relocation Set 0.971ms
[2026-06-18T16:37:06.715+0800][24.364s][info][gc,phases   ] GC(229) Concurrent Prepare Relocation Set 0.017ms
[2026-06-18T16:37:06.716+0800][24.365s][info][gc,phases   ] GC(229) Pause Relocate Start 0.199ms
[2026-06-18T16:37:06.718+0800][24.368s][info][gc,phases   ] GC(229) Concurrent Relocate 1.907ms
[2026-06-18T16:37:06.721+0800][24.370s][info][gc,load     ] GC(229) Load: 0.72/0.41/0.26
[2026-06-18T16:37:06.732+0800][24.382s][info][gc,mmu      ] GC(229) MMU: 2ms/39.9%, 5ms/76.0%, 10ms/85.1%, 20ms/90.0%, 50ms/96.0%, 100ms/97.1%
[2026-06-18T16:37:06.735+0800][24.384s][info][gc,marking  ] GC(229) Mark: 2 stripe(s), 2 proactive flush(es), 1 terminate flush(es), 0 completion(s), 0 continuation(s) 
[2026-06-18T16:37:06.740+0800][24.389s][info][gc,reloc    ] GC(229) Relocation: Successful, 27M relocated
[2026-06-18T16:37:06.742+0800][24.391s][info][gc,nmethod  ] GC(229) NMethods: 23 registered, 0 unregistered
[2026-06-18T16:37:06.745+0800][24.394s][info][gc,metaspace] GC(229) Metaspace: 3M used, 4M capacity, 4M committed, 8M reserved
[2026-06-18T16:37:06.748+0800][24.397s][info][gc,ref      ] GC(229) Soft: 43 encountered, 0 discovered, 0 enqueued
[2026-06-18T16:37:06.749+0800][24.399s][info][gc,ref      ] GC(229) Weak: 7 encountered, 2 discovered, 0 enqueued
[2026-06-18T16:37:06.762+0800][24.412s][info][gc,ref      ] GC(229) Final: 0 encountered, 0 discovered, 0 enqueued
[2026-06-18T16:37:06.769+0800][24.418s][info][gc,ref      ] GC(229) Phantom: 1 encountered, 1 discovered, 0 enqueued
[2026-06-18T16:37:06.776+0800][24.425s][info][gc,heap     ] GC(229)                Mark Start          Mark End        Relocate Start      Relocate End           High               Low         
[2026-06-18T16:37:06.777+0800][24.426s][info][gc,heap     ] GC(229)  Capacity:      256M (100%)        256M (100%)        256M (100%)        256M (100%)        256M (100%)        256M (100%)   
[2026-06-18T16:37:06.781+0800][24.430s][info][gc,heap     ] GC(229)   Reserve:       62M (24%)          62M (24%)          62M (24%)          62M (24%)          62M (24%)          62M (24%)    
[2026-06-18T16:37:06.785+0800][24.434s][info][gc,heap     ] GC(229)      Free:       74M (29%)          36M (14%)          72M (28%)         140M (55%)         140M (55%)          36M (14%)    
[2026-06-18T16:37:06.790+0800][24.440s][info][gc,heap     ] GC(229)      Used:      120M (47%)         158M (62%)         122M (48%)          54M (21%)         158M (62%)          54M (21%)    
[2026-06-18T16:37:06.803+0800][24.452s][info][gc,heap     ] GC(229)      Live:         -                27M (11%)          27M (11%)          27M (11%)            -                  -          
[2026-06-18T16:37:06.812+0800][24.461s][info][gc,heap     ] GC(229) Allocated:         -                38M (15%)          42M (16%)          50M (20%)            -                  -          
[2026-06-18T16:37:06.815+0800][24.464s][info][gc,heap     ] GC(229)   Garbage:         -                92M (36%)          52M (21%)    17592186044400M (6         -                  -          
[2026-06-18T16:37:06.817+0800][24.466s][info][gc,heap     ] GC(229) Reclaimed:         -                  -                40M (16%)         108M (42%)            -                  -          
[2026-06-18T16:37:06.819+0800][24.469s][info][gc          ] GC(229) Garbage Collection (Allocation Rate) 120M(47%)->54M(21%)
[2026-06-18T16:37:06.913+0800][24.562s][info][gc,start    ] GC(230) Garbage Collection (Allocation Rate)
[2026-06-18T16:37:06.915+0800][24.564s][info][gc,phases   ] GC(230) Pause Mark Start 0.235ms
[2026-06-18T16:37:06.917+0800][24.567s][info][gc,phases   ] GC(230) Concurrent Mark 1.609ms
[2026-06-18T16:37:06.919+0800][24.568s][info][gc,phases   ] GC(230) Pause Mark End 0.362ms
[2026-06-18T16:37:06.920+0800][24.569s][info][gc,phases   ] GC(230) Concurrent Process Non-Strong References 0.141ms
[2026-06-18T16:37:06.920+0800][24.570s][info][gc,phases   ] GC(230) Concurrent Reset Relocation Set 0.002ms
[2026-06-18T16:37:06.921+0800][24.570s][info][gc,phases   ] GC(230) Concurrent Destroy Detached Pages 0.001ms
[2026-06-18T16:37:06.922+0800][24.571s][info][gc,phases   ] GC(230) Concurrent Select Relocation Set 0.685ms
[2026-06-18T16:37:06.923+0800][24.572s][info][gc,phases   ] GC(230) Concurrent Prepare Relocation Set 0.016ms
[2026-06-18T16:37:06.924+0800][24.573s][info][gc,phases   ] GC(230) Pause Relocate Start 0.182ms
[2026-06-18T16:37:06.926+0800][24.576s][info][gc,phases   ] GC(230) Concurrent Relocate 2.317ms
[2026-06-18T16:37:06.927+0800][24.576s][info][gc,load     ] GC(230) Load: 0.72/0.41/0.26
[2026-06-18T16:37:06.928+0800][24.577s][info][gc,mmu      ] GC(230) MMU: 2ms/39.9%, 5ms/76.0%, 10ms/85.1%, 20ms/90.0%, 50ms/96.0%, 100ms/97.1%
[2026-06-18T16:37:06.928+0800][24.577s][info][gc,marking  ] GC(230) Mark: 2 stripe(s), 2 proactive flush(es), 1 terminate flush(es), 0 completion(s), 0 continuation(s) 
[2026-06-18T16:37:06.928+0800][24.577s][info][gc,reloc    ] GC(230) Relocation: Successful, 27M relocated
[2026-06-18T16:37:06.928+0800][24.578s][info][gc,nmethod  ] GC(230) NMethods: 23 registered, 0 unregistered
[2026-06-18T16:37:06.929+0800][24.578s][info][gc,metaspace] GC(230) Metaspace: 3M used, 4M capacity, 4M committed, 8M reserved
[2026-06-18T16:37:06.929+0800][24.578s][info][gc,ref      ] GC(230) Soft: 43 encountered, 0 discovered, 0 enqueued
[2026-06-18T16:37:06.929+0800][24.578s][info][gc,ref      ] GC(230) Weak: 7 encountered, 2 discovered, 0 enqueued
[2026-06-18T16:37:06.929+0800][24.579s][info][gc,ref      ] GC(230) Final: 0 encountered, 0 discovered, 0 enqueued
[2026-06-18T16:37:06.930+0800][24.579s][info][gc,ref      ] GC(230) Phantom: 1 encountered, 1 discovered, 0 enqueued
[2026-06-18T16:37:06.930+0800][24.579s][info][gc,heap     ] GC(230)                Mark Start          Mark End        Relocate Start      Relocate End           High               Low         
[2026-06-18T16:37:06.930+0800][24.579s][info][gc,heap     ] GC(230)  Capacity:      256M (100%)        256M (100%)        256M (100%)        256M (100%)        256M (100%)        256M (100%)   
[2026-06-18T16:37:06.930+0800][24.580s][info][gc,heap     ] GC(230)   Reserve:       62M (24%)          62M (24%)          62M (24%)          62M (24%)          62M (24%)          62M (24%)    
[2026-06-18T16:37:06.931+0800][24.580s][info][gc,heap     ] GC(230)      Free:       42M (16%)          38M (15%)          94M (37%)         144M (56%)         144M (56%)          38M (15%)    
[2026-06-18T16:37:06.931+0800][24.580s][info][gc,heap     ] GC(230)      Used:      152M (59%)         156M (61%)         100M (39%)          50M (20%)         156M (61%)          50M (20%)    
[2026-06-18T16:37:06.931+0800][24.580s][info][gc,heap     ] GC(230)      Live:         -                27M (11%)          27M (11%)          27M (11%)            -                  -          
[2026-06-18T16:37:06.931+0800][24.581s][info][gc,heap     ] GC(230) Allocated:         -                 4M (2%)            4M (2%)           50M (20%)            -                  -          
[2026-06-18T16:37:06.932+0800][24.581s][info][gc,heap     ] GC(230)   Garbage:         -               124M (49%)          68M (27%)          14M (6%)             -                  -          
[2026-06-18T16:37:06.932+0800][24.581s][info][gc,heap     ] GC(230) Reclaimed:         -                  -                56M (22%)         110M (43%)            -                  -          
[2026-06-18T16:37:06.932+0800][24.581s][info][gc          ] GC(230) Garbage Collection (Allocation Rate) 152M(59%)->50M(20%)
[2026-06-18T16:37:07.013+0800][24.663s][info][gc,start    ] GC(231) Garbage Collection (Allocation Rate)
[2026-06-18T16:37:07.017+0800][24.666s][info][gc,phases   ] GC(231) Pause Mark Start 0.290ms
[2026-06-18T16:37:07.021+0800][24.671s][info][gc,phases   ] GC(231) Concurrent Mark 2.147ms
[2026-06-18T16:37:07.024+0800][24.673s][info][gc,phases   ] GC(231) Pause Mark End 0.607ms
[2026-06-18T16:37:07.027+0800][24.676s][info][gc,phases   ] GC(231) Concurrent Process Non-Strong References 0.502ms
[2026-06-18T16:37:07.028+0800][24.678s][info][gc,phases   ] GC(231) Concurrent Reset Relocation Set 0.008ms
[2026-06-18T16:37:07.030+0800][24.679s][info][gc,phases   ] GC(231) Concurrent Destroy Detached Pages 0.002ms
[2026-06-18T16:37:07.033+0800][24.682s][info][gc,phases   ] GC(231) Concurrent Select Relocation Set 1.583ms
[2026-06-18T16:37:07.035+0800][24.684s][info][gc,phases   ] GC(231) Concurrent Prepare Relocation Set 0.021ms
[2026-06-18T16:37:07.037+0800][24.687s][info][gc,phases   ] GC(231) Pause Relocate Start 0.208ms
[2026-06-18T16:37:07.039+0800][24.689s][info][gc,phases   ] GC(231) Concurrent Relocate 0.503ms
[2026-06-18T16:37:07.040+0800][24.690s][info][gc,load     ] GC(231) Load: 0.72/0.41/0.26
[2026-06-18T16:37:07.044+0800][24.694s][info][gc,mmu      ] GC(231) MMU: 2ms/39.9%, 5ms/76.0%, 10ms/85.1%, 20ms/90.0%, 50ms/96.0%, 100ms/97.1%
[2026-06-18T16:37:07.046+0800][24.695s][info][gc,marking  ] GC(231) Mark: 2 stripe(s), 1 proactive flush(es), 1 terminate flush(es), 0 completion(s), 0 continuation(s) 
[2026-06-18T16:37:07.048+0800][24.697s][info][gc,reloc    ] GC(231) Relocation: Successful, 23M relocated
[2026-06-18T16:37:07.049+0800][24.699s][info][gc,nmethod  ] GC(231) NMethods: 23 registered, 0 unregistered
[2026-06-18T16:37:07.051+0800][24.700s][info][gc,metaspace] GC(231) Metaspace: 3M used, 4M capacity, 4M committed, 8M reserved
[2026-06-18T16:37:07.052+0800][24.701s][info][gc,ref      ] GC(231) Soft: 43 encountered, 0 discovered, 0 enqueued
[2026-06-18T16:37:07.054+0800][24.703s][info][gc,ref      ] GC(231) Weak: 7 encountered, 2 discovered, 0 enqueued
[2026-06-18T16:37:07.056+0800][24.705s][info][gc,ref      ] GC(231) Final: 0 encountered, 0 discovered, 0 enqueued
[2026-06-18T16:37:07.057+0800][24.706s][info][gc,ref      ] GC(231) Phantom: 1 encountered, 1 discovered, 0 enqueued
[2026-06-18T16:37:07.058+0800][24.707s][info][gc,heap     ] GC(231)                Mark Start          Mark End        Relocate Start      Relocate End           High               Low         
[2026-06-18T16:37:07.059+0800][24.709s][info][gc,heap     ] GC(231)  Capacity:      256M (100%)        256M (100%)        256M (100%)        256M (100%)        256M (100%)        256M (100%)   
[2026-06-18T16:37:07.060+0800][24.710s][info][gc,heap     ] GC(231)   Reserve:       62M (24%)          62M (24%)          62M (24%)          62M (24%)          62M (24%)          62M (24%)    
[2026-06-18T16:37:07.062+0800][24.711s][info][gc,heap     ] GC(231)      Free:      114M (45%)          76M (30%)         104M (41%)         114M (45%)         114M (45%)          76M (30%)    
[2026-06-18T16:37:07.069+0800][24.718s][info][gc,heap     ] GC(231)      Used:       80M (31%)         118M (46%)          90M (35%)          80M (31%)         118M (46%)          80M (31%)    
[2026-06-18T16:37:07.070+0800][24.719s][info][gc,heap     ] GC(231)      Live:         -                25M (10%)          25M (10%)          25M (10%)            -                  -          
[2026-06-18T16:37:07.071+0800][24.720s][info][gc,heap     ] GC(231) Allocated:         -                38M (15%)          40M (16%)          46M (18%)            -                  -          
[2026-06-18T16:37:07.072+0800][24.721s][info][gc,heap     ] GC(231)   Garbage:         -                54M (21%)          24M (10%)          14M (6%)             -                  -          
[2026-06-18T16:37:07.073+0800][24.722s][info][gc,heap     ] GC(231) Reclaimed:         -                  -                30M (12%)          40M (16%)            -                  -          
[2026-06-18T16:37:07.077+0800][24.727s][info][gc          ] GC(231) Garbage Collection (Allocation Rate) 80M(31%)->80M(31%)
[2026-06-18T16:37:07.113+0800][24.763s][info][gc,start    ] GC(232) Garbage Collection (Allocation Rate)
[2026-06-18T16:37:07.116+0800][24.765s][info][gc,phases   ] GC(232) Pause Mark Start 0.384ms
[2026-06-18T16:37:07.120+0800][24.769s][info][gc,phases   ] GC(232) Concurrent Mark 2.123ms
[2026-06-18T16:37:07.121+0800][24.771s][info][gc,phases   ] GC(232) Pause Mark End 0.282ms
[2026-06-18T16:37:07.122+0800][24.772s][info][gc,phases   ] GC(232) Concurrent Process Non-Strong References 0.233ms
[2026-06-18T16:37:07.123+0800][24.772s][info][gc,phases   ] GC(232) Concurrent Reset Relocation Set 0.002ms
[2026-06-18T16:37:07.124+0800][24.773s][info][gc,phases   ] GC(232) Concurrent Destroy Detached Pages 0.000ms
[2026-06-18T16:37:07.125+0800][24.775s][info][gc,phases   ] GC(232) Concurrent Select Relocation Set 0.666ms
[2026-06-18T16:37:07.126+0800][24.776s][info][gc,phases   ] GC(232) Concurrent Prepare Relocation Set 0.013ms
[2026-06-18T16:37:07.128+0800][24.777s][info][gc,phases   ] GC(232) Pause Relocate Start 0.168ms
[2026-06-18T16:37:07.130+0800][24.779s][info][gc,phases   ] GC(232) Concurrent Relocate 1.428ms
[2026-06-18T16:37:07.131+0800][24.780s][info][gc,load     ] GC(232) Load: 0.72/0.41/0.26
[2026-06-18T16:37:07.132+0800][24.781s][info][gc,mmu      ] GC(232) MMU: 2ms/39.9%, 5ms/76.0%, 10ms/85.1%, 20ms/90.0%, 50ms/96.0%, 100ms/97.1%
[2026-06-18T16:37:07.133+0800][24.782s][info][gc,marking  ] GC(232) Mark: 2 stripe(s), 2 proactive flush(es), 1 terminate flush(es), 0 completion(s), 0 continuation(s) 
[2026-06-18T16:37:07.134+0800][24.783s][info][gc,reloc    ] GC(232) Relocation: Successful, 20M relocated
[2026-06-18T16:37:07.135+0800][24.784s][info][gc,nmethod  ] GC(232) NMethods: 23 registered, 0 unregistered
[2026-06-18T16:37:07.136+0800][24.785s][info][gc,metaspace] GC(232) Metaspace: 3M used, 4M capacity, 4M committed, 8M reserved
[2026-06-18T16:37:07.137+0800][24.786s][info][gc,ref      ] GC(232) Soft: 43 encountered, 0 discovered, 0 enqueued
[2026-06-18T16:37:07.138+0800][24.788s][info][gc,ref      ] GC(232) Weak: 7 encountered, 2 discovered, 0 enqueued
[2026-06-18T16:37:07.139+0800][24.789s][info][gc,ref      ] GC(232) Final: 0 encountered, 0 discovered, 0 enqueued
[2026-06-18T16:37:07.140+0800][24.789s][info][gc,ref      ] GC(232) Phantom: 1 encountered, 1 discovered, 0 enqueued
[2026-06-18T16:37:07.141+0800][24.791s][info][gc,heap     ] GC(232)                Mark Start          Mark End        Relocate Start      Relocate End           High               Low         
[2026-06-18T16:37:07.142+0800][24.792s][info][gc,heap     ] GC(232)  Capacity:      256M (100%)        256M (100%)        256M (100%)        256M (100%)        256M (100%)        256M (100%)   
[2026-06-18T16:37:07.143+0800][24.793s][info][gc,heap     ] GC(232)   Reserve:       62M (24%)          62M (24%)          62M (24%)          62M (24%)          62M (24%)          62M (24%)    
[2026-06-18T16:37:07.145+0800][24.794s][info][gc,heap     ] GC(232)      Free:       88M (34%)          50M (20%)          74M (29%)         142M (55%)         142M (55%)          50M (20%)    
[2026-06-18T16:37:07.146+0800][24.795s][info][gc,heap     ] GC(232)      Used:      106M (41%)         144M (56%)         120M (47%)          52M (20%)         144M (56%)          52M (20%)    
[2026-06-18T16:37:07.147+0800][24.796s][info][gc,heap     ] GC(232)      Live:         -                20M (8%)           20M (8%)           20M (8%)             -                  -          
[2026-06-18T16:37:07.148+0800][24.797s][info][gc,heap     ] GC(232) Allocated:         -                38M (15%)          38M (15%)          50M (20%)            -                  -          
[2026-06-18T16:37:07.149+0800][24.798s][info][gc,heap     ] GC(232)   Garbage:         -                85M (33%)          61M (24%)    17592186044405M (6         -                  -          
[2026-06-18T16:37:07.150+0800][24.799s][info][gc,heap     ] GC(232) Reclaimed:         -                  -                24M (9%)           96M (38%)            -                  -          
[2026-06-18T16:37:07.151+0800][24.801s][info][gc          ] GC(232) Garbage Collection (Allocation Rate) 106M(41%)->52M(20%)
[2026-06-18T16:37:07.214+0800][24.863s][info][gc,start    ] GC(233) Garbage Collection (Allocation Rate)
[2026-06-18T16:37:07.217+0800][24.866s][info][gc,phases   ] GC(233) Pause Mark Start 0.231ms
[2026-06-18T16:37:07.220+0800][24.869s][info][gc,phases   ] GC(233) Concurrent Mark 1.709ms
[2026-06-18T16:37:07.222+0800][24.871s][info][gc,phases   ] GC(233) Pause Mark End 0.283ms
[2026-06-18T16:37:07.224+0800][24.873s][info][gc,phases   ] GC(233) Concurrent Process Non-Strong References 0.138ms
[2026-06-18T16:37:07.225+0800][24.874s][info][gc,phases   ] GC(233) Concurrent Reset Relocation Set 0.002ms
[2026-06-18T16:37:07.226+0800][24.875s][info][gc,phases   ] GC(233) Concurrent Destroy Detached Pages 0.000ms
[2026-06-18T16:37:07.229+0800][24.878s][info][gc,phases   ] GC(233) Concurrent Select Relocation Set 1.395ms
[2026-06-18T16:37:07.230+0800][24.880s][info][gc,phases   ] GC(233) Concurrent Prepare Relocation Set 0.005ms
[2026-06-18T16:37:07.233+0800][24.882s][info][gc,phases   ] GC(233) Pause Relocate Start 0.360ms
[2026-06-18T16:37:07.235+0800][24.884s][info][gc,phases   ] GC(233) Concurrent Relocate 0.278ms
[2026-06-18T16:37:07.236+0800][24.885s][info][gc,load     ] GC(233) Load: 0.72/0.41/0.26
[2026-06-18T16:37:07.236+0800][24.886s][info][gc,mmu      ] GC(233) MMU: 2ms/39.9%, 5ms/76.0%, 10ms/85.1%, 20ms/90.0%, 50ms/96.0%, 100ms/97.1%
[2026-06-18T16:37:07.238+0800][24.887s][info][gc,marking  ] GC(233) Mark: 2 stripe(s), 1 proactive flush(es), 1 terminate flush(es), 0 completion(s), 0 continuation(s) 
[2026-06-18T16:37:07.240+0800][24.889s][info][gc,reloc    ] GC(233) Relocation: Successful, 27M relocated
[2026-06-18T16:37:07.243+0800][24.893s][info][gc,nmethod  ] GC(233) NMethods: 23 registered, 0 unregistered
[2026-06-18T16:37:07.245+0800][24.894s][info][gc,metaspace] GC(233) Metaspace: 3M used, 4M capacity, 4M committed, 8M reserved
[2026-06-18T16:37:07.246+0800][24.895s][info][gc,ref      ] GC(233) Soft: 43 encountered, 0 discovered, 0 enqueued
[2026-06-18T16:37:07.247+0800][24.897s][info][gc,ref      ] GC(233) Weak: 7 encountered, 0 discovered, 0 enqueued
[2026-06-18T16:37:07.249+0800][24.898s][info][gc,ref      ] GC(233) Final: 0 encountered, 0 discovered, 0 enqueued
[2026-06-18T16:37:07.250+0800][24.899s][info][gc,ref      ] GC(233) Phantom: 1 encountered, 0 discovered, 0 enqueued
[2026-06-18T16:37:07.251+0800][24.900s][info][gc,heap     ] GC(233)                Mark Start          Mark End        Relocate Start      Relocate End           High               Low         
[2026-06-18T16:37:07.252+0800][24.901s][info][gc,heap     ] GC(233)  Capacity:      256M (100%)        256M (100%)        256M (100%)        256M (100%)        256M (100%)        256M (100%)   
[2026-06-18T16:37:07.253+0800][24.903s][info][gc,heap     ] GC(233)   Reserve:       62M (24%)          62M (24%)          62M (24%)          62M (24%)          62M (24%)          62M (24%)    
[2026-06-18T16:37:07.254+0800][24.904s][info][gc,heap     ] GC(233)      Free:      110M (43%)         110M (43%)         132M (52%)         146M (57%)         146M (57%)         106M (41%)    
[2026-06-18T16:37:07.255+0800][24.904s][info][gc,heap     ] GC(233)      Used:       84M (33%)          84M (33%)          62M (24%)          48M (19%)          88M (34%)          48M (19%)    
[2026-06-18T16:37:07.255+0800][24.905s][info][gc,heap     ] GC(233)      Live:         -                28M (11%)          28M (11%)          28M (11%)            -                  -          
[2026-06-18T16:37:07.256+0800][24.906s][info][gc,heap     ] GC(233) Allocated:         -                 0M (0%)            4M (2%)           12M (5%)             -                  -          
[2026-06-18T16:37:07.257+0800][24.906s][info][gc,heap     ] GC(233)   Garbage:         -                55M (22%)          29M (11%)          13M (5%)             -                  -          
[2026-06-18T16:37:07.257+0800][24.907s][info][gc,heap     ] GC(233) Reclaimed:         -                  -                26M (10%)          42M (16%)            -                  -          
[2026-06-18T16:37:07.258+0800][24.907s][info][gc          ] GC(233) Garbage Collection (Allocation Rate) 84M(33%)->48M(19%)
[2026-06-18T16:37:07.314+0800][24.963s][info][gc,start    ] GC(234) Garbage Collection (Allocation Rate)
[2026-06-18T16:37:07.318+0800][24.967s][info][gc,phases   ] GC(234) Pause Mark Start 0.545ms
[2026-06-18T16:37:07.322+0800][24.971s][info][gc,phases   ] GC(234) Concurrent Mark 2.254ms
[2026-06-18T16:37:07.325+0800][24.974s][info][gc,phases   ] GC(234) Pause Mark End 0.805ms
[2026-06-18T16:37:07.327+0800][24.977s][info][gc,phases   ] GC(234) Concurrent Process Non-Strong References 0.133ms
[2026-06-18T16:37:07.328+0800][24.978s][info][gc,phases   ] GC(234) Concurrent Reset Relocation Set 0.005ms
[2026-06-18T16:37:07.329+0800][24.978s][info][gc,phases   ] GC(234) Concurrent Destroy Detached Pages 0.002ms
[2026-06-18T16:37:07.331+0800][24.980s][info][gc,phases   ] GC(234) Concurrent Select Relocation Set 1.149ms
[2026-06-18T16:37:07.332+0800][24.981s][info][gc,phases   ] GC(234) Concurrent Prepare Relocation Set 0.012ms
[2026-06-18T16:37:07.333+0800][24.982s][info][gc,phases   ] GC(234) Pause Relocate Start 0.207ms
[2026-06-18T16:37:07.335+0800][24.985s][info][gc,phases   ] GC(234) Concurrent Relocate 1.621ms
[2026-06-18T16:37:07.336+0800][24.985s][info][gc,load     ] GC(234) Load: 0.72/0.41/0.26
[2026-06-18T16:37:07.336+0800][24.986s][info][gc,mmu      ] GC(234) MMU: 2ms/39.9%, 5ms/76.0%, 10ms/85.1%, 20ms/90.0%, 50ms/96.0%, 100ms/97.1%
[2026-06-18T16:37:07.337+0800][24.986s][info][gc,marking  ] GC(234) Mark: 2 stripe(s), 2 proactive flush(es), 1 terminate flush(es), 0 completion(s), 0 continuation(s) 
[2026-06-18T16:37:07.337+0800][24.986s][info][gc,reloc    ] GC(234) Relocation: Successful, 20M relocated
[2026-06-18T16:37:07.337+0800][24.987s][info][gc,nmethod  ] GC(234) NMethods: 23 registered, 0 unregistered
[2026-06-18T16:37:07.338+0800][24.987s][info][gc,metaspace] GC(234) Metaspace: 3M used, 4M capacity, 4M committed, 8M reserved
[2026-06-18T16:37:07.338+0800][24.987s][info][gc,ref      ] GC(234) Soft: 43 encountered, 0 discovered, 0 enqueued
[2026-06-18T16:37:07.338+0800][24.988s][info][gc,ref      ] GC(234) Weak: 7 encountered, 2 discovered, 0 enqueued
[2026-06-18T16:37:07.339+0800][24.988s][info][gc,ref      ] GC(234) Final: 0 encountered, 0 discovered, 0 enqueued
[2026-06-18T16:37:07.339+0800][24.988s][info][gc,ref      ] GC(234) Phantom: 1 encountered, 1 discovered, 0 enqueued
[2026-06-18T16:37:07.339+0800][24.988s][info][gc,heap     ] GC(234)                Mark Start          Mark End        Relocate Start      Relocate End           High               Low         
[2026-06-18T16:37:07.339+0800][24.989s][info][gc,heap     ] GC(234)  Capacity:      256M (100%)        256M (100%)        256M (100%)        256M (100%)        256M (100%)        256M (100%)   
[2026-06-18T16:37:07.340+0800][24.989s][info][gc,heap     ] GC(234)   Reserve:       62M (24%)          62M (24%)          62M (24%)          62M (24%)          62M (24%)          62M (24%)    
[2026-06-18T16:37:07.340+0800][24.989s][info][gc,heap     ] GC(234)      Free:       82M (32%)          78M (30%)          98M (38%)         142M (55%)         142M (55%)          62M (24%)    
[2026-06-18T16:37:07.340+0800][24.990s][info][gc,heap     ] GC(234)      Used:      112M (44%)         116M (45%)          96M (38%)          52M (20%)         132M (52%)          52M (20%)    
[2026-06-18T16:37:07.341+0800][24.990s][info][gc,heap     ] GC(234)      Live:         -                23M (9%)           23M (9%)           23M (9%)             -                  -          
[2026-06-18T16:37:07.341+0800][24.990s][info][gc,heap     ] GC(234) Allocated:         -                 4M (2%)            8M (3%)           46M (18%)            -                  -          
[2026-06-18T16:37:07.341+0800][24.990s][info][gc,heap     ] GC(234)   Garbage:         -                88M (34%)          64M (25%)          20M (8%)             -                  -          
[2026-06-18T16:37:07.341+0800][24.991s][info][gc,heap     ] GC(234) Reclaimed:         -                  -                24M (9%)           68M (27%)            -                  -          
[2026-06-18T16:37:07.342+0800][24.991s][info][gc          ] GC(234) Garbage Collection (Allocation Rate) 112M(44%)->52M(20%)
[2026-06-18T16:37:07.413+0800][25.063s][info][gc,start    ] GC(235) Garbage Collection (Allocation Rate)
[2026-06-18T16:37:07.417+0800][25.066s][info][gc,phases   ] GC(235) Pause Mark Start 0.523ms
[2026-06-18T16:37:07.421+0800][25.070s][info][gc,phases   ] GC(235) Concurrent Mark 2.230ms
[2026-06-18T16:37:07.423+0800][25.073s][info][gc,phases   ] GC(235) Pause Mark End 0.745ms
[2026-06-18T16:37:07.425+0800][25.074s][info][gc,phases   ] GC(235) Concurrent Process Non-Strong References 0.184ms
[2026-06-18T16:37:07.425+0800][25.075s][info][gc,phases   ] GC(235) Concurrent Reset Relocation Set 0.004ms
[2026-06-18T16:37:07.426+0800][25.075s][info][gc,phases   ] GC(235) Concurrent Destroy Detached Pages 0.001ms
[2026-06-18T16:37:07.428+0800][25.077s][info][gc,phases   ] GC(235) Concurrent Select Relocation Set 0.867ms
[2026-06-18T16:37:07.428+0800][25.078s][info][gc,phases   ] GC(235) Concurrent Prepare Relocation Set 0.009ms
[2026-06-18T16:37:07.429+0800][25.079s][info][gc,phases   ] GC(235) Pause Relocate Start 0.194ms
[2026-06-18T16:37:07.431+0800][25.081s][info][gc,phases   ] GC(235) Concurrent Relocate 0.379ms
[2026-06-18T16:37:07.432+0800][25.081s][info][gc,load     ] GC(235) Load: 0.72/0.41/0.26
[2026-06-18T16:37:07.432+0800][25.082s][info][gc,mmu      ] GC(235) MMU: 2ms/39.9%, 5ms/76.0%, 10ms/85.1%, 20ms/90.0%, 50ms/96.0%, 100ms/97.1%
[2026-06-18T16:37:07.433+0800][25.082s][info][gc,marking  ] GC(235) Mark: 2 stripe(s), 1 proactive flush(es), 1 terminate flush(es), 0 completion(s), 0 continuation(s) 
[2026-06-18T16:37:07.433+0800][25.083s][info][gc,reloc    ] GC(235) Relocation: Successful, 20M relocated
[2026-06-18T16:37:07.434+0800][25.083s][info][gc,nmethod  ] GC(235) NMethods: 23 registered, 0 unregistered
[2026-06-18T16:37:07.434+0800][25.083s][info][gc,metaspace] GC(235) Metaspace: 3M used, 4M capacity, 4M committed, 8M reserved
[2026-06-18T16:37:07.435+0800][25.084s][info][gc,ref      ] GC(235) Soft: 43 encountered, 0 discovered, 0 enqueued
[2026-06-18T16:37:07.435+0800][25.084s][info][gc,ref      ] GC(235) Weak: 7 encountered, 0 discovered, 0 enqueued
[2026-06-18T16:37:07.435+0800][25.084s][info][gc,ref      ] GC(235) Final: 0 encountered, 0 discovered, 0 enqueued
[2026-06-18T16:37:07.435+0800][25.085s][info][gc,ref      ] GC(235) Phantom: 1 encountered, 0 discovered, 0 enqueued
[2026-06-18T16:37:07.436+0800][25.085s][info][gc,heap     ] GC(235)                Mark Start          Mark End        Relocate Start      Relocate End           High               Low         
[2026-06-18T16:37:07.436+0800][25.085s][info][gc,heap     ] GC(235)  Capacity:      256M (100%)        256M (100%)        256M (100%)        256M (100%)        256M (100%)        256M (100%)   
[2026-06-18T16:37:07.436+0800][25.085s][info][gc,heap     ] GC(235)   Reserve:       62M (24%)          62M (24%)          62M (24%)          62M (24%)          62M (24%)          62M (24%)    
[2026-06-18T16:37:07.436+0800][25.086s][info][gc,heap     ] GC(235)      Free:      112M (44%)         112M (44%)         142M (55%)         144M (56%)         144M (56%)         108M (42%)    
[2026-06-18T16:37:07.437+0800][25.086s][info][gc,heap     ] GC(235)      Used:       82M (32%)          82M (32%)          52M (20%)          50M (20%)          86M (34%)          50M (20%)    
[2026-06-18T16:37:07.437+0800][25.086s][info][gc,heap     ] GC(235)      Live:         -                21M (8%)           21M (8%)           21M (8%)             -                  -          
[2026-06-18T16:37:07.437+0800][25.086s][info][gc,heap     ] GC(235) Allocated:         -                 0M (0%)            4M (2%)           12M (5%)             -                  -          
[2026-06-18T16:37:07.437+0800][25.087s][info][gc,heap     ] GC(235)   Garbage:         -                60M (24%)          26M (10%)          24M (9%)             -                  -          
[2026-06-18T16:37:07.438+0800][25.087s][info][gc,heap     ] GC(235) Reclaimed:         -                  -                34M (13%)          36M (14%)            -                  -          
[2026-06-18T16:37:07.438+0800][25.087s][info][gc          ] GC(235) Garbage Collection (Allocation Rate) 82M(32%)->50M(20%)
[2026-06-18T16:37:07.513+0800][25.163s][info][gc,start    ] GC(236) Garbage Collection (Allocation Rate)
[2026-06-18T16:37:07.518+0800][25.167s][info][gc,phases   ] GC(236) Pause Mark Start 0.312ms
[2026-06-18T16:37:07.531+0800][25.180s][info][gc,phases   ] GC(236) Concurrent Mark 1.920ms
[2026-06-18T16:37:07.544+0800][25.194s][info][gc,phases   ] GC(236) Pause Mark End 0.247ms
[2026-06-18T16:37:07.556+0800][25.206s][info][gc,phases   ] GC(236) Concurrent Process Non-Strong References 0.282ms
[2026-06-18T16:37:07.558+0800][25.207s][info][gc,phases   ] GC(236) Concurrent Reset Relocation Set 0.008ms
[2026-06-18T16:37:07.561+0800][25.211s][info][gc,phases   ] GC(236) Concurrent Destroy Detached Pages 0.002ms
[2026-06-18T16:37:07.565+0800][25.215s][info][gc,phases   ] GC(236) Concurrent Select Relocation Set 1.382ms
[2026-06-18T16:37:07.568+0800][25.217s][info][gc,phases   ] GC(236) Concurrent Prepare Relocation Set 0.011ms
[2026-06-18T16:37:07.572+0800][25.221s][info][gc,phases   ] GC(236) Pause Relocate Start 0.145ms
[2026-06-18T16:37:07.576+0800][25.226s][info][gc,phases   ] GC(236) Concurrent Relocate 1.748ms
[2026-06-18T16:37:07.580+0800][25.229s][info][gc,load     ] GC(236) Load: 0.72/0.41/0.26
[2026-06-18T16:37:07.586+0800][25.235s][info][gc,mmu      ] GC(236) MMU: 2ms/39.9%, 5ms/76.0%, 10ms/85.1%, 20ms/90.0%, 50ms/96.0%, 100ms/97.1%
[2026-06-18T16:37:07.587+0800][25.236s][info][gc,marking  ] GC(236) Mark: 2 stripe(s), 2 proactive flush(es), 1 terminate flush(es), 0 completion(s), 0 continuation(s) 
[2026-06-18T16:37:07.587+0800][25.237s][info][gc,reloc    ] GC(236) Relocation: Successful, 25M relocated
[2026-06-18T16:37:07.588+0800][25.237s][info][gc,nmethod  ] GC(236) NMethods: 23 registered, 0 unregistered
[2026-06-18T16:37:07.588+0800][25.237s][info][gc,metaspace] GC(236) Metaspace: 3M used, 4M capacity, 4M committed, 8M reserved
[2026-06-18T16:37:07.589+0800][25.238s][info][gc,ref      ] GC(236) Soft: 43 encountered, 0 discovered, 0 enqueued
[2026-06-18T16:37:07.589+0800][25.238s][info][gc,ref      ] GC(236) Weak: 7 encountered, 2 discovered, 0 enqueued
[2026-06-18T16:37:07.590+0800][25.239s][info][gc,ref      ] GC(236) Final: 0 encountered, 0 discovered, 0 enqueued
[2026-06-18T16:37:07.590+0800][25.239s][info][gc,ref      ] GC(236) Phantom: 1 encountered, 1 discovered, 0 enqueued
[2026-06-18T16:37:07.590+0800][25.240s][info][gc,heap     ] GC(236)                Mark Start          Mark End        Relocate Start      Relocate End           High               Low         
[2026-06-18T16:37:07.591+0800][25.240s][info][gc,heap     ] GC(236)  Capacity:      256M (100%)        256M (100%)        256M (100%)        256M (100%)        256M (100%)        256M (100%)   
[2026-06-18T16:37:07.591+0800][25.240s][info][gc,heap     ] GC(236)   Reserve:       62M (24%)          62M (24%)          62M (24%)          62M (24%)          62M (24%)          62M (24%)    
[2026-06-18T16:37:07.592+0800][25.241s][info][gc,heap     ] GC(236)      Free:       78M (30%)          38M (15%)          56M (22%)         132M (52%)         132M (52%)          34M (13%)    
[2026-06-18T16:37:07.592+0800][25.241s][info][gc,heap     ] GC(236)      Used:      116M (45%)         156M (61%)         138M (54%)          62M (24%)         160M (62%)          62M (24%)    
[2026-06-18T16:37:07.592+0800][25.242s][info][gc,heap     ] GC(236)      Live:         -                26M (11%)          26M (11%)          26M (11%)            -                  -          
[2026-06-18T16:37:07.593+0800][25.242s][info][gc,heap     ] GC(236) Allocated:         -                40M (16%)          48M (19%)          60M (23%)            -                  -          
[2026-06-18T16:37:07.593+0800][25.243s][info][gc,heap     ] GC(236)   Garbage:         -                89M (35%)          63M (25%)    17592186044403M (6         -                  -          
[2026-06-18T16:37:07.594+0800][25.243s][info][gc,heap     ] GC(236) Reclaimed:         -                  -                26M (10%)         102M (40%)            -                  -          
[2026-06-18T16:37:07.594+0800][25.243s][info][gc          ] GC(236) Garbage Collection (Allocation Rate) 116M(45%)->62M(24%)
[2026-06-18T16:37:07.614+0800][25.263s][info][gc,start    ] GC(237) Garbage Collection (Allocation Rate)
[2026-06-18T16:37:07.616+0800][25.265s][info][gc,phases   ] GC(237) Pause Mark Start 0.371ms
[2026-06-18T16:37:07.619+0800][25.268s][info][gc,phases   ] GC(237) Concurrent Mark 1.782ms
[2026-06-18T16:37:07.620+0800][25.270s][info][gc,phases   ] GC(237) Pause Mark End 0.479ms
[2026-06-18T16:37:07.621+0800][25.271s][info][gc,phases   ] GC(237) Concurrent Process Non-Strong References 0.195ms
[2026-06-18T16:37:07.622+0800][25.271s][info][gc,phases   ] GC(237) Concurrent Reset Relocation Set 0.003ms
[2026-06-18T16:37:07.623+0800][25.272s][info][gc,phases   ] GC(237) Concurrent Destroy Detached Pages 0.001ms
[2026-06-18T16:37:07.624+0800][25.273s][info][gc,phases   ] GC(237) Concurrent Select Relocation Set 0.691ms
[2026-06-18T16:37:07.624+0800][25.274s][info][gc,phases   ] GC(237) Concurrent Prepare Relocation Set 0.010ms
[2026-06-18T16:37:07.625+0800][25.274s][info][gc,phases   ] GC(237) Pause Relocate Start 0.185ms
[2026-06-18T16:37:07.626+0800][25.276s][info][gc,phases   ] GC(237) Concurrent Relocate 0.552ms
[2026-06-18T16:37:07.627+0800][25.276s][info][gc,load     ] GC(237) Load: 0.72/0.41/0.26
[2026-06-18T16:37:07.627+0800][25.276s][info][gc,mmu      ] GC(237) MMU: 2ms/39.9%, 5ms/76.0%, 10ms/85.1%, 20ms/90.0%, 50ms/96.0%, 100ms/97.1%
[2026-06-18T16:37:07.627+0800][25.277s][info][gc,marking  ] GC(237) Mark: 2 stripe(s), 1 proactive flush(es), 1 terminate flush(es), 0 completion(s), 0 continuation(s) 
[2026-06-18T16:37:07.628+0800][25.277s][info][gc,reloc    ] GC(237) Relocation: Successful, 22M relocated
[2026-06-18T16:37:07.628+0800][25.278s][info][gc,nmethod  ] GC(237) NMethods: 23 registered, 0 unregistered
[2026-06-18T16:37:07.629+0800][25.278s][info][gc,metaspace] GC(237) Metaspace: 3M used, 4M capacity, 4M committed, 8M reserved
[2026-06-18T16:37:07.629+0800][25.278s][info][gc,ref      ] GC(237) Soft: 43 encountered, 0 discovered, 0 enqueued
[2026-06-18T16:37:07.629+0800][25.278s][info][gc,ref      ] GC(237) Weak: 7 encountered, 0 discovered, 0 enqueued
[2026-06-18T16:37:07.629+0800][25.279s][info][gc,ref      ] GC(237) Final: 0 encountered, 0 discovered, 0 enqueued
[2026-06-18T16:37:07.630+0800][25.279s][info][gc,ref      ] GC(237) Phantom: 1 encountered, 0 discovered, 0 enqueued
[2026-06-18T16:37:07.630+0800][25.279s][info][gc,heap     ] GC(237)                Mark Start          Mark End        Relocate Start      Relocate End           High               Low         
[2026-06-18T16:37:07.630+0800][25.280s][info][gc,heap     ] GC(237)  Capacity:      256M (100%)        256M (100%)        256M (100%)        256M (100%)        256M (100%)        256M (100%)   
[2026-06-18T16:37:07.630+0800][25.280s][info][gc,heap     ] GC(237)   Reserve:       62M (24%)          62M (24%)          62M (24%)          62M (24%)          62M (24%)          62M (24%)    
[2026-06-18T16:37:07.631+0800][25.280s][info][gc,heap     ] GC(237)      Free:      116M (45%)         112M (44%)         138M (54%)         148M (58%)         148M (58%)         112M (44%)    
[2026-06-18T16:37:07.631+0800][25.280s][info][gc,heap     ] GC(237)      Used:       78M (30%)          82M (32%)          56M (22%)          46M (18%)          82M (32%)          46M (18%)    
[2026-06-18T16:37:07.631+0800][25.280s][info][gc,heap     ] GC(237)      Live:         -                24M (10%)          24M (10%)          24M (10%)            -                  -          
[2026-06-18T16:37:07.631+0800][25.281s][info][gc,heap     ] GC(237) Allocated:         -                 4M (2%)            4M (2%)           12M (5%)             -                  -          
[2026-06-18T16:37:07.631+0800][25.281s][info][gc,heap     ] GC(237)   Garbage:         -                53M (21%)          27M (11%)          17M (7%)             -                  -          
[2026-06-18T16:37:07.632+0800][25.281s][info][gc,heap     ] GC(237) Reclaimed:         -                  -                26M (10%)          36M (14%)            -                  -          
[2026-06-18T16:37:07.632+0800][25.281s][info][gc          ] GC(237) Garbage Collection (Allocation Rate) 78M(30%)->46M(18%)
[2026-06-18T16:37:07.714+0800][25.363s][info][gc,start    ] GC(238) Garbage Collection (Allocation Rate)
[2026-06-18T16:37:07.717+0800][25.366s][info][gc,phases   ] GC(238) Pause Mark Start 0.457ms
[2026-06-18T16:37:07.721+0800][25.370s][info][gc,phases   ] GC(238) Concurrent Mark 2.233ms
[2026-06-18T16:37:07.723+0800][25.372s][info][gc,phases   ] GC(238) Pause Mark End 0.568ms
[2026-06-18T16:37:07.725+0800][25.374s][info][gc,phases   ] GC(238) Concurrent Process Non-Strong References 0.250ms
[2026-06-18T16:37:07.726+0800][25.375s][info][gc,phases   ] GC(238) Concurrent Reset Relocation Set 0.004ms
[2026-06-18T16:37:07.727+0800][25.376s][info][gc,phases   ] GC(238) Concurrent Destroy Detached Pages 0.001ms
[2026-06-18T16:37:07.728+0800][25.377s][info][gc,phases   ] GC(238) Concurrent Select Relocation Set 0.784ms
[2026-06-18T16:37:07.729+0800][25.378s][info][gc,phases   ] GC(238) Concurrent Prepare Relocation Set 0.003ms
[2026-06-18T16:37:07.730+0800][25.379s][info][gc,phases   ] GC(238) Pause Relocate Start 0.199ms
[2026-06-18T16:37:07.733+0800][25.382s][info][gc,phases   ] GC(238) Concurrent Relocate 2.322ms
[2026-06-18T16:37:07.734+0800][25.384s][info][gc,load     ] GC(238) Load: 0.72/0.41/0.26
[2026-06-18T16:37:07.738+0800][25.388s][info][gc,mmu      ] GC(238) MMU: 2ms/39.9%, 5ms/76.0%, 10ms/85.1%, 20ms/90.0%, 50ms/96.0%, 100ms/97.1%
[2026-06-18T16:37:07.742+0800][25.391s][info][gc,marking  ] GC(238) Mark: 2 stripe(s), 1 proactive flush(es), 1 terminate flush(es), 0 completion(s), 0 continuation(s) 
[2026-06-18T16:37:07.745+0800][25.395s][info][gc,reloc    ] GC(238) Relocation: Successful, 24M relocated
[2026-06-18T16:37:07.748+0800][25.397s][info][gc,nmethod  ] GC(238) NMethods: 23 registered, 0 unregistered
[2026-06-18T16:37:07.749+0800][25.398s][info][gc,metaspace] GC(238) Metaspace: 3M used, 4M capacity, 4M committed, 8M reserved
[2026-06-18T16:37:07.750+0800][25.399s][info][gc,ref      ] GC(238) Soft: 43 encountered, 0 discovered, 0 enqueued
[2026-06-18T16:37:07.752+0800][25.401s][info][gc,ref      ] GC(238) Weak: 7 encountered, 2 discovered, 0 enqueued
[2026-06-18T16:37:07.753+0800][25.402s][info][gc,ref      ] GC(238) Final: 0 encountered, 0 discovered, 0 enqueued
[2026-06-18T16:37:07.753+0800][25.402s][info][gc,ref      ] GC(238) Phantom: 1 encountered, 0 discovered, 0 enqueued
[2026-06-18T16:37:07.753+0800][25.403s][info][gc,heap     ] GC(238)                Mark Start          Mark End        Relocate Start      Relocate End           High               Low         
[2026-06-18T16:37:07.754+0800][25.403s][info][gc,heap     ] GC(238)  Capacity:      256M (100%)        256M (100%)        256M (100%)        256M (100%)        256M (100%)        256M (100%)   
[2026-06-18T16:37:07.755+0800][25.404s][info][gc,heap     ] GC(238)   Reserve:       62M (24%)          62M (24%)          62M (24%)          62M (24%)          62M (24%)          62M (24%)    
[2026-06-18T16:37:07.756+0800][25.405s][info][gc,heap     ] GC(238)      Free:       82M (32%)          82M (32%)         108M (42%)         148M (58%)         148M (58%)          74M (29%)    
[2026-06-18T16:37:07.756+0800][25.406s][info][gc,heap     ] GC(238)      Used:      112M (44%)         112M (44%)          86M (34%)          46M (18%)         120M (47%)          46M (18%)    
[2026-06-18T16:37:07.757+0800][25.406s][info][gc,heap     ] GC(238)      Live:         -                30M (12%)          30M (12%)          30M (12%)            -                  -          
[2026-06-18T16:37:07.758+0800][25.407s][info][gc,heap     ] GC(238) Allocated:         -                 0M (0%)            4M (2%)           40M (16%)            -                  -          
[2026-06-18T16:37:07.758+0800][25.407s][info][gc,heap     ] GC(238)   Garbage:         -                81M (32%)          51M (20%)          11M (5%)             -                  -          
[2026-06-18T16:37:07.759+0800][25.408s][info][gc,heap     ] GC(238) Reclaimed:         -                  -                30M (12%)          70M (27%)            -                  -          
[2026-06-18T16:37:07.759+0800][25.409s][info][gc          ] GC(238) Garbage Collection (Allocation Rate) 112M(44%)->46M(18%)
[2026-06-18T16:37:07.813+0800][25.463s][info][gc,start    ] GC(239) Garbage Collection (Allocation Rate)
[2026-06-18T16:37:07.817+0800][25.466s][info][gc,phases   ] GC(239) Pause Mark Start 0.687ms
[2026-06-18T16:37:07.820+0800][25.470s][info][gc,phases   ] GC(239) Concurrent Mark 2.161ms
[2026-06-18T16:37:07.824+0800][25.474s][info][gc,phases   ] GC(239) Pause Mark End 0.568ms
[2026-06-18T16:37:07.826+0800][25.475s][info][gc,phases   ] GC(239) Concurrent Process Non-Strong References 0.148ms
[2026-06-18T16:37:07.827+0800][25.476s][info][gc,phases   ] GC(239) Concurrent Reset Relocation Set 0.003ms
[2026-06-18T16:37:07.827+0800][25.477s][info][gc,phases   ] GC(239) Concurrent Destroy Detached Pages 0.001ms
[2026-06-18T16:37:07.829+0800][25.478s][info][gc,phases   ] GC(239) Concurrent Select Relocation Set 0.832ms
[2026-06-18T16:37:07.829+0800][25.479s][info][gc,phases   ] GC(239) Concurrent Prepare Relocation Set 0.011ms
[2026-06-18T16:37:07.830+0800][25.479s][info][gc,phases   ] GC(239) Pause Relocate Start 0.178ms
[2026-06-18T16:37:07.831+0800][25.481s][info][gc,phases   ] GC(239) Concurrent Relocate 0.438ms
[2026-06-18T16:37:07.832+0800][25.481s][info][gc,load     ] GC(239) Load: 0.72/0.41/0.26
[2026-06-18T16:37:07.832+0800][25.482s][info][gc,mmu      ] GC(239) MMU: 2ms/39.9%, 5ms/76.0%, 10ms/85.1%, 20ms/90.0%, 50ms/96.0%, 100ms/97.1%
[2026-06-18T16:37:07.833+0800][25.482s][info][gc,marking  ] GC(239) Mark: 2 stripe(s), 1 proactive flush(es), 1 terminate flush(es), 0 completion(s), 0 continuation(s) 
[2026-06-18T16:37:07.833+0800][25.483s][info][gc,reloc    ] GC(239) Relocation: Successful, 19M relocated
[2026-06-18T16:37:07.834+0800][25.483s][info][gc,nmethod  ] GC(239) NMethods: 23 registered, 0 unregistered
[2026-06-18T16:37:07.834+0800][25.483s][info][gc,metaspace] GC(239) Metaspace: 3M used, 4M capacity, 4M committed, 8M reserved
[2026-06-18T16:37:07.835+0800][25.484s][info][gc,ref      ] GC(239) Soft: 43 encountered, 0 discovered, 0 enqueued
[2026-06-18T16:37:07.835+0800][25.484s][info][gc,ref      ] GC(239) Weak: 7 encountered, 2 discovered, 0 enqueued
[2026-06-18T16:37:07.835+0800][25.484s][info][gc,ref      ] GC(239) Final: 0 encountered, 0 discovered, 0 enqueued
[2026-06-18T16:37:07.835+0800][25.485s][info][gc,ref      ] GC(239) Phantom: 1 encountered, 0 discovered, 0 enqueued
[2026-06-18T16:37:07.836+0800][25.485s][info][gc,heap     ] GC(239)                Mark Start          Mark End        Relocate Start      Relocate End           High               Low         
[2026-06-18T16:37:07.836+0800][25.485s][info][gc,heap     ] GC(239)  Capacity:      256M (100%)        256M (100%)        256M (100%)        256M (100%)        256M (100%)        256M (100%)   
[2026-06-18T16:37:07.836+0800][25.485s][info][gc,heap     ] GC(239)   Reserve:       62M (24%)          62M (24%)          62M (24%)          62M (24%)          62M (24%)          62M (24%)    
[2026-06-18T16:37:07.836+0800][25.486s][info][gc,heap     ] GC(239)      Free:      116M (45%)         112M (44%)         136M (53%)         112M (44%)         146M (57%)         112M (44%)    
[2026-06-18T16:37:07.837+0800][25.486s][info][gc,heap     ] GC(239)      Used:       78M (30%)          82M (32%)          58M (23%)          82M (32%)          82M (32%)          48M (19%)    
[2026-06-18T16:37:07.837+0800][25.486s][info][gc,heap     ] GC(239)      Live:         -                21M (8%)           21M (8%)           21M (8%)             -                  -          
[2026-06-18T16:37:07.837+0800][25.486s][info][gc,heap     ] GC(239) Allocated:         -                 4M (2%)            4M (2%)           46M (18%)            -                  -          
[2026-06-18T16:37:07.837+0800][25.486s][info][gc,heap     ] GC(239)   Garbage:         -                56M (22%)          32M (13%)          20M (8%)             -                  -          
[2026-06-18T16:37:07.837+0800][25.487s][info][gc,heap     ] GC(239) Reclaimed:         -                  -                24M (9%)           36M (14%)            -                  -          
[2026-06-18T16:37:07.838+0800][25.487s][info][gc          ] GC(239) Garbage Collection (Allocation Rate) 78M(30%)->82M(32%)
[2026-06-18T16:37:07.914+0800][25.563s][info][gc,start    ] GC(240) Garbage Collection (Allocation Rate)
[2026-06-18T16:37:07.917+0800][25.566s][info][gc,phases   ] GC(240) Pause Mark Start 0.446ms
[2026-06-18T16:37:07.921+0800][25.570s][info][gc,phases   ] GC(240) Concurrent Mark 2.230ms
[2026-06-18T16:37:07.924+0800][25.573s][info][gc,phases   ] GC(240) Pause Mark End 0.604ms
[2026-06-18T16:37:07.926+0800][25.575s][info][gc,phases   ] GC(240) Concurrent Process Non-Strong References 0.275ms
[2026-06-18T16:37:07.927+0800][25.576s][info][gc,phases   ] GC(240) Concurrent Reset Relocation Set 0.004ms
[2026-06-18T16:37:07.928+0800][25.577s][info][gc,phases   ] GC(240) Concurrent Destroy Detached Pages 0.001ms
[2026-06-18T16:37:07.929+0800][25.578s][info][gc,phases   ] GC(240) Concurrent Select Relocation Set 0.804ms
[2026-06-18T16:37:07.930+0800][25.579s][info][gc,phases   ] GC(240) Concurrent Prepare Relocation Set 0.007ms
[2026-06-18T16:37:07.931+0800][25.580s][info][gc,phases   ] GC(240) Pause Relocate Start 0.161ms
[2026-06-18T16:37:07.932+0800][25.582s][info][gc,phases   ] GC(240) Concurrent Relocate 1.116ms
[2026-06-18T16:37:07.933+0800][25.582s][info][gc,load     ] GC(240) Load: 0.72/0.41/0.26
[2026-06-18T16:37:07.933+0800][25.583s][info][gc,mmu      ] GC(240) MMU: 2ms/39.9%, 5ms/76.0%, 10ms/85.1%, 20ms/90.0%, 50ms/96.0%, 100ms/97.1%
[2026-06-18T16:37:07.934+0800][25.583s][info][gc,marking  ] GC(240) Mark: 2 stripe(s), 2 proactive flush(es), 1 terminate flush(es), 0 completion(s), 0 continuation(s) 
[2026-06-18T16:37:07.934+0800][25.583s][info][gc,reloc    ] GC(240) Relocation: Successful, 17M relocated
[2026-06-18T16:37:07.934+0800][25.583s][info][gc,nmethod  ] GC(240) NMethods: 23 registered, 0 unregistered
[2026-06-18T16:37:07.935+0800][25.584s][info][gc,metaspace] GC(240) Metaspace: 3M used, 4M capacity, 4M committed, 8M reserved
[2026-06-18T16:37:07.935+0800][25.584s][info][gc,ref      ] GC(240) Soft: 43 encountered, 0 discovered, 0 enqueued
[2026-06-18T16:37:07.935+0800][25.584s][info][gc,ref      ] GC(240) Weak: 7 encountered, 2 discovered, 0 enqueued
[2026-06-18T16:37:07.935+0800][25.585s][info][gc,ref      ] GC(240) Final: 0 encountered, 0 discovered, 0 enqueued
[2026-06-18T16:37:07.935+0800][25.585s][info][gc,ref      ] GC(240) Phantom: 1 encountered, 0 discovered, 0 enqueued
[2026-06-18T16:37:07.936+0800][25.585s][info][gc,heap     ] GC(240)                Mark Start          Mark End        Relocate Start      Relocate End           High               Low         
[2026-06-18T16:37:07.936+0800][25.585s][info][gc,heap     ] GC(240)  Capacity:      256M (100%)        256M (100%)        256M (100%)        256M (100%)        256M (100%)        256M (100%)   
[2026-06-18T16:37:07.936+0800][25.585s][info][gc,heap     ] GC(240)   Reserve:       62M (24%)          62M (24%)          62M (24%)          62M (24%)          62M (24%)          62M (24%)    
[2026-06-18T16:37:07.937+0800][25.586s][info][gc,heap     ] GC(240)      Free:       82M (32%)          82M (32%)          78M (30%)         148M (58%)         148M (58%)          76M (30%)    
[2026-06-18T16:37:07.937+0800][25.586s][info][gc,heap     ] GC(240)      Used:      112M (44%)         112M (44%)         116M (45%)          46M (18%)         118M (46%)          46M (18%)    
[2026-06-18T16:37:07.937+0800][25.586s][info][gc,heap     ] GC(240)      Live:         -                19M (8%)           19M (8%)           19M (8%)             -                  -          
[2026-06-18T16:37:07.937+0800][25.586s][info][gc,heap     ] GC(240) Allocated:         -                 0M (0%)           38M (15%)          42M (16%)            -                  -          
[2026-06-18T16:37:07.937+0800][25.587s][info][gc,heap     ] GC(240)   Garbage:         -                92M (36%)          58M (23%)    17592186044404M (6         -                  -          
[2026-06-18T16:37:07.937+0800][25.587s][info][gc,heap     ] GC(240) Reclaimed:         -                  -                34M (13%)         104M (41%)            -                  -          
[2026-06-18T16:37:07.938+0800][25.587s][info][gc          ] GC(240) Garbage Collection (Allocation Rate) 112M(44%)->46M(18%)
[2026-06-18T16:37:08.014+0800][25.663s][info][gc,start    ] GC(241) Garbage Collection (Allocation Rate)
[2026-06-18T16:37:08.016+0800][25.666s][info][gc,phases   ] GC(241) Pause Mark Start 0.425ms
[2026-06-18T16:37:08.020+0800][25.669s][info][gc,phases   ] GC(241) Concurrent Mark 2.370ms
[2026-06-18T16:37:08.027+0800][25.676s][info][gc,phases   ] GC(241) Pause Mark End 0.745ms
[2026-06-18T16:37:08.028+0800][25.677s][info][gc,phases   ] GC(241) Concurrent Process Non-Strong References 0.179ms
[2026-06-18T16:37:08.029+0800][25.678s][info][gc,phases   ] GC(241) Concurrent Reset Relocation Set 0.005ms
[2026-06-18T16:37:08.029+0800][25.679s][info][gc,phases   ] GC(241) Concurrent Destroy Detached Pages 0.001ms
[2026-06-18T16:37:08.031+0800][25.680s][info][gc,phases   ] GC(241) Concurrent Select Relocation Set 1.122ms
[2026-06-18T16:37:08.032+0800][25.681s][info][gc,phases   ] GC(241) Concurrent Prepare Relocation Set 0.002ms
[2026-06-18T16:37:08.033+0800][25.682s][info][gc,phases   ] GC(241) Pause Relocate Start 0.230ms
[2026-06-18T16:37:08.034+0800][25.683s][info][gc,phases   ] GC(241) Concurrent Relocate 0.273ms
[2026-06-18T16:37:08.034+0800][25.684s][info][gc,load     ] GC(241) Load: 0.72/0.41/0.26
[2026-06-18T16:37:08.035+0800][25.684s][info][gc,mmu      ] GC(241) MMU: 2ms/39.9%, 5ms/76.0%, 10ms/85.1%, 20ms/90.0%, 50ms/96.0%, 100ms/97.1%
[2026-06-18T16:37:08.035+0800][25.685s][info][gc,marking  ] GC(241) Mark: 2 stripe(s), 1 proactive flush(es), 1 terminate flush(es), 0 completion(s), 0 continuation(s) 
[2026-06-18T16:37:08.036+0800][25.685s][info][gc,reloc    ] GC(241) Relocation: Successful, 21M relocated
[2026-06-18T16:37:08.036+0800][25.686s][info][gc,nmethod  ] GC(241) NMethods: 23 registered, 0 unregistered
[2026-06-18T16:37:08.037+0800][25.686s][info][gc,metaspace] GC(241) Metaspace: 3M used, 4M capacity, 4M committed, 8M reserved
[2026-06-18T16:37:08.037+0800][25.687s][info][gc,ref      ] GC(241) Soft: 43 encountered, 0 discovered, 0 enqueued
[2026-06-18T16:37:08.038+0800][25.687s][info][gc,ref      ] GC(241) Weak: 7 encountered, 2 discovered, 0 enqueued
[2026-06-18T16:37:08.038+0800][25.687s][info][gc,ref      ] GC(241) Final: 0 encountered, 0 discovered, 0 enqueued
[2026-06-18T16:37:08.038+0800][25.687s][info][gc,ref      ] GC(241) Phantom: 1 encountered, 1 discovered, 0 enqueued
[2026-06-18T16:37:08.038+0800][25.688s][info][gc,heap     ] GC(241)                Mark Start          Mark End        Relocate Start      Relocate End           High               Low         
[2026-06-18T16:37:08.039+0800][25.688s][info][gc,heap     ] GC(241)  Capacity:      256M (100%)        256M (100%)        256M (100%)        256M (100%)        256M (100%)        256M (100%)   
[2026-06-18T16:37:08.039+0800][25.688s][info][gc,heap     ] GC(241)   Reserve:       62M (24%)          62M (24%)          62M (24%)          62M (24%)          62M (24%)          62M (24%)    
[2026-06-18T16:37:08.039+0800][25.688s][info][gc,heap     ] GC(241)      Free:      118M (46%)          80M (31%)         106M (41%)         112M (44%)         118M (46%)          80M (31%)    
[2026-06-18T16:37:08.039+0800][25.689s][info][gc,heap     ] GC(241)      Used:       76M (30%)         114M (45%)          88M (34%)          82M (32%)         114M (45%)          76M (30%)    
[2026-06-18T16:37:08.040+0800][25.689s][info][gc,heap     ] GC(241)      Live:         -                24M (10%)          24M (10%)          24M (10%)            -                  -          
[2026-06-18T16:37:08.040+0800][25.689s][info][gc,heap     ] GC(241) Allocated:         -                38M (15%)          38M (15%)          44M (17%)            -                  -          
[2026-06-18T16:37:08.040+0800][25.689s][info][gc,heap     ] GC(241)   Garbage:         -                51M (20%)          25M (10%)          19M (8%)             -                  -          
[2026-06-18T16:37:08.040+0800][25.690s][info][gc,heap     ] GC(241) Reclaimed:         -                  -                26M (10%)          32M (12%)            -                  -          
[2026-06-18T16:37:08.041+0800][25.690s][info][gc          ] GC(241) Garbage Collection (Allocation Rate) 76M(30%)->82M(32%)
[2026-06-18T16:37:08.114+0800][25.763s][info][gc,start    ] GC(242) Garbage Collection (Allocation Rate)
[2026-06-18T16:37:08.117+0800][25.767s][info][gc,phases   ] GC(242) Pause Mark Start 0.486ms
[2026-06-18T16:37:08.121+0800][25.771s][info][gc,phases   ] GC(242) Concurrent Mark 2.120ms
[2026-06-18T16:37:08.125+0800][25.774s][info][gc,phases   ] GC(242) Pause Mark End 0.700ms
[2026-06-18T16:37:08.126+0800][25.775s][info][gc,phases   ] GC(242) Concurrent Process Non-Strong References 0.169ms
[2026-06-18T16:37:08.127+0800][25.776s][info][gc,phases   ] GC(242) Concurrent Reset Relocation Set 0.003ms
[2026-06-18T16:37:08.128+0800][25.777s][info][gc,phases   ] GC(242) Concurrent Destroy Detached Pages 0.001ms
[2026-06-18T16:37:08.130+0800][25.779s][info][gc,phases   ] GC(242) Concurrent Select Relocation Set 0.985ms
[2026-06-18T16:37:08.131+0800][25.780s][info][gc,phases   ] GC(242) Concurrent Prepare Relocation Set 0.014ms
[2026-06-18T16:37:08.132+0800][25.781s][info][gc,phases   ] GC(242) Pause Relocate Start 0.215ms
[2026-06-18T16:37:08.134+0800][25.783s][info][gc,phases   ] GC(242) Concurrent Relocate 1.742ms
[2026-06-18T16:37:08.135+0800][25.784s][info][gc,load     ] GC(242) Load: 0.72/0.41/0.26
[2026-06-18T16:37:08.135+0800][25.784s][info][gc,mmu      ] GC(242) MMU: 2ms/39.9%, 5ms/76.0%, 10ms/85.1%, 20ms/90.0%, 50ms/96.0%, 100ms/97.1%
[2026-06-18T16:37:08.135+0800][25.785s][info][gc,marking  ] GC(242) Mark: 2 stripe(s), 2 proactive flush(es), 1 terminate flush(es), 0 completion(s), 0 continuation(s) 
[2026-06-18T16:37:08.136+0800][25.785s][info][gc,reloc    ] GC(242) Relocation: Successful, 23M relocated
[2026-06-18T16:37:08.136+0800][25.785s][info][gc,nmethod  ] GC(242) NMethods: 23 registered, 0 unregistered
[2026-06-18T16:37:08.137+0800][25.786s][info][gc,metaspace] GC(242) Metaspace: 3M used, 4M capacity, 4M committed, 8M reserved
[2026-06-18T16:37:08.137+0800][25.786s][info][gc,ref      ] GC(242) Soft: 43 encountered, 0 discovered, 0 enqueued
[2026-06-18T16:37:08.137+0800][25.787s][info][gc,ref      ] GC(242) Weak: 7 encountered, 2 discovered, 0 enqueued
[2026-06-18T16:37:08.138+0800][25.787s][info][gc,ref      ] GC(242) Final: 0 encountered, 0 discovered, 0 enqueued
[2026-06-18T16:37:08.138+0800][25.787s][info][gc,ref      ] GC(242) Phantom: 1 encountered, 1 discovered, 0 enqueued
[2026-06-18T16:37:08.138+0800][25.787s][info][gc,heap     ] GC(242)                Mark Start          Mark End        Relocate Start      Relocate End           High               Low         
[2026-06-18T16:37:08.138+0800][25.787s][info][gc,heap     ] GC(242)  Capacity:      256M (100%)        256M (100%)        256M (100%)        256M (100%)        256M (100%)        256M (100%)   
[2026-06-18T16:37:08.138+0800][25.788s][info][gc,heap     ] GC(242)   Reserve:       62M (24%)          62M (24%)          62M (24%)          62M (24%)          62M (24%)          62M (24%)    
[2026-06-18T16:37:08.139+0800][25.788s][info][gc,heap     ] GC(242)      Free:       84M (33%)          46M (18%)          70M (27%)         144M (56%)         144M (56%)          46M (18%)    
[2026-06-18T16:37:08.139+0800][25.788s][info][gc,heap     ] GC(242)      Used:      110M (43%)         148M (58%)         124M (48%)          50M (20%)         148M (58%)          50M (20%)    
[2026-06-18T16:37:08.139+0800][25.788s][info][gc,heap     ] GC(242)      Live:         -                23M (9%)           23M (9%)           23M (9%)             -                  -          
[2026-06-18T16:37:08.139+0800][25.789s][info][gc,heap     ] GC(242) Allocated:         -                38M (15%)          40M (16%)          50M (20%)            -                  -          
[2026-06-18T16:37:08.139+0800][25.789s][info][gc,heap     ] GC(242)   Garbage:         -                86M (34%)          60M (24%)    17592186044402M (6         -                  -          
[2026-06-18T16:37:08.140+0800][25.789s][info][gc,heap     ] GC(242) Reclaimed:         -                  -                26M (10%)         100M (39%)            -                  -          
[2026-06-18T16:37:08.140+0800][25.789s][info][gc          ] GC(242) Garbage Collection (Allocation Rate) 110M(43%)->50M(20%)
[2026-06-18T16:37:08.213+0800][25.863s][info][gc,start    ] GC(243) Garbage Collection (Allocation Rate)
[2026-06-18T16:37:08.218+0800][25.867s][info][gc,phases   ] GC(243) Pause Mark Start 0.421ms
[2026-06-18T16:37:08.221+0800][25.871s][info][gc,phases   ] GC(243) Concurrent Mark 2.357ms
[2026-06-18T16:37:08.224+0800][25.874s][info][gc,phases   ] GC(243) Pause Mark End 0.583ms
[2026-06-18T16:37:08.226+0800][25.876s][info][gc,phases   ] GC(243) Concurrent Process Non-Strong References 0.346ms
[2026-06-18T16:37:08.228+0800][25.877s][info][gc,phases   ] GC(243) Concurrent Reset Relocation Set 0.004ms
[2026-06-18T16:37:08.228+0800][25.878s][info][gc,phases   ] GC(243) Concurrent Destroy Detached Pages 0.001ms
[2026-06-18T16:37:08.230+0800][25.879s][info][gc,phases   ] GC(243) Concurrent Select Relocation Set 0.628ms
[2026-06-18T16:37:08.230+0800][25.880s][info][gc,phases   ] GC(243) Concurrent Prepare Relocation Set 0.007ms
[2026-06-18T16:37:08.232+0800][25.881s][info][gc,phases   ] GC(243) Pause Relocate Start 0.156ms
[2026-06-18T16:37:08.233+0800][25.882s][info][gc,phases   ] GC(243) Concurrent Relocate 0.328ms
[2026-06-18T16:37:08.233+0800][25.883s][info][gc,load     ] GC(243) Load: 0.72/0.41/0.26
[2026-06-18T16:37:08.234+0800][25.883s][info][gc,mmu      ] GC(243) MMU: 2ms/39.9%, 5ms/76.0%, 10ms/85.1%, 20ms/90.0%, 50ms/96.0%, 100ms/97.1%
[2026-06-18T16:37:08.234+0800][25.884s][info][gc,marking  ] GC(243) Mark: 2 stripe(s), 1 proactive flush(es), 1 terminate flush(es), 0 completion(s), 0 continuation(s) 
[2026-06-18T16:37:08.235+0800][25.884s][info][gc,reloc    ] GC(243) Relocation: Successful, 21M relocated
[2026-06-18T16:37:08.235+0800][25.884s][info][gc,nmethod  ] GC(243) NMethods: 23 registered, 0 unregistered
[2026-06-18T16:37:08.235+0800][25.885s][info][gc,metaspace] GC(243) Metaspace: 3M used, 4M capacity, 4M committed, 8M reserved
[2026-06-18T16:37:08.236+0800][25.885s][info][gc,ref      ] GC(243) Soft: 43 encountered, 0 discovered, 0 enqueued
[2026-06-18T16:37:08.236+0800][25.886s][info][gc,ref      ] GC(243) Weak: 7 encountered, 2 discovered, 0 enqueued
[2026-06-18T16:37:08.237+0800][25.886s][info][gc,ref      ] GC(243) Final: 0 encountered, 0 discovered, 0 enqueued
[2026-06-18T16:37:08.237+0800][25.886s][info][gc,ref      ] GC(243) Phantom: 1 encountered, 1 discovered, 0 enqueued
[2026-06-18T16:37:08.237+0800][25.886s][info][gc,heap     ] GC(243)                Mark Start          Mark End        Relocate Start      Relocate End           High               Low         
[2026-06-18T16:37:08.237+0800][25.887s][info][gc,heap     ] GC(243)  Capacity:      256M (100%)        256M (100%)        256M (100%)        256M (100%)        256M (100%)        256M (100%)   
[2026-06-18T16:37:08.238+0800][25.887s][info][gc,heap     ] GC(243)   Reserve:       62M (24%)          62M (24%)          62M (24%)          62M (24%)          62M (24%)          62M (24%)    
[2026-06-18T16:37:08.238+0800][25.887s][info][gc,heap     ] GC(243)      Free:      112M (44%)         112M (44%)         140M (55%)         150M (59%)         150M (59%)         108M (42%)    
[2026-06-18T16:37:08.238+0800][25.887s][info][gc,heap     ] GC(243)      Used:       82M (32%)          82M (32%)          54M (21%)          44M (17%)          86M (34%)          44M (17%)    
[2026-06-18T16:37:08.238+0800][25.888s][info][gc,heap     ] GC(243)      Live:         -                21M (8%)           21M (8%)           21M (8%)             -                  -          
[2026-06-18T16:37:08.242+0800][25.891s][info][gc,heap     ] GC(243) Allocated:         -                 0M (0%)            4M (2%)           10M (4%)             -                  -          
[2026-06-18T16:37:08.244+0800][25.893s][info][gc,heap     ] GC(243)   Garbage:         -                60M (24%)          28M (11%)          18M (7%)             -                  -          
[2026-06-18T16:37:08.244+0800][25.894s][info][gc,heap     ] GC(243) Reclaimed:         -                  -                32M (12%)          42M (16%)            -                  -          
[2026-06-18T16:37:08.245+0800][25.894s][info][gc          ] GC(243) Garbage Collection (Allocation Rate) 82M(32%)->44M(17%)
[2026-06-18T16:37:08.314+0800][25.963s][info][gc,start    ] GC(244) Garbage Collection (Allocation Rate)
[2026-06-18T16:37:08.318+0800][25.967s][info][gc,phases   ] GC(244) Pause Mark Start 0.461ms
[2026-06-18T16:37:08.322+0800][25.971s][info][gc,phases   ] GC(244) Concurrent Mark 2.224ms
[2026-06-18T16:37:08.324+0800][25.973s][info][gc,phases   ] GC(244) Pause Mark End 0.615ms
[2026-06-18T16:37:08.326+0800][25.975s][info][gc,phases   ] GC(244) Concurrent Process Non-Strong References 0.283ms
[2026-06-18T16:37:08.327+0800][25.976s][info][gc,phases   ] GC(244) Concurrent Reset Relocation Set 0.003ms
[2026-06-18T16:37:08.328+0800][25.977s][info][gc,phases   ] GC(244) Concurrent Destroy Detached Pages 0.001ms
[2026-06-18T16:37:08.329+0800][25.978s][info][gc,phases   ] GC(244) Concurrent Select Relocation Set 0.824ms
[2026-06-18T16:37:08.329+0800][25.979s][info][gc,phases   ] GC(244) Concurrent Prepare Relocation Set 0.014ms
[2026-06-18T16:37:08.330+0800][25.980s][info][gc,phases   ] GC(244) Pause Relocate Start 0.193ms
[2026-06-18T16:37:08.333+0800][25.982s][info][gc,phases   ] GC(244) Concurrent Relocate 1.848ms
[2026-06-18T16:37:08.333+0800][25.982s][info][gc,load     ] GC(244) Load: 0.72/0.41/0.26
[2026-06-18T16:37:08.333+0800][25.983s][info][gc,mmu      ] GC(244) MMU: 2ms/39.9%, 5ms/76.0%, 10ms/85.1%, 20ms/90.0%, 50ms/96.0%, 100ms/97.1%
[2026-06-18T16:37:08.334+0800][25.983s][info][gc,marking  ] GC(244) Mark: 2 stripe(s), 1 proactive flush(es), 1 terminate flush(es), 0 completion(s), 0 continuation(s) 
[2026-06-18T16:37:08.334+0800][25.983s][info][gc,reloc    ] GC(244) Relocation: Successful, 25M relocated
[2026-06-18T16:37:08.334+0800][25.983s][info][gc,nmethod  ] GC(244) NMethods: 23 registered, 0 unregistered
[2026-06-18T16:37:08.334+0800][25.984s][info][gc,metaspace] GC(244) Metaspace: 3M used, 4M capacity, 4M committed, 8M reserved
[2026-06-18T16:37:08.335+0800][25.984s][info][gc,ref      ] GC(244) Soft: 43 encountered, 0 discovered, 0 enqueued
[2026-06-18T16:37:08.335+0800][25.984s][info][gc,ref      ] GC(244) Weak: 7 encountered, 2 discovered, 0 enqueued
[2026-06-18T16:37:08.335+0800][25.984s][info][gc,ref      ] GC(244) Final: 0 encountered, 0 discovered, 0 enqueued
[2026-06-18T16:37:08.335+0800][25.985s][info][gc,ref      ] GC(244) Phantom: 1 encountered, 1 discovered, 0 enqueued
[2026-06-18T16:37:08.335+0800][25.985s][info][gc,heap     ] GC(244)                Mark Start          Mark End        Relocate Start      Relocate End           High               Low         
[2026-06-18T16:37:08.336+0800][25.985s][info][gc,heap     ] GC(244)  Capacity:      256M (100%)        256M (100%)        256M (100%)        256M (100%)        256M (100%)        256M (100%)   
[2026-06-18T16:37:08.336+0800][25.985s][info][gc,heap     ] GC(244)   Reserve:       62M (24%)          62M (24%)          62M (24%)          62M (24%)          62M (24%)          62M (24%)    
[2026-06-18T16:37:08.336+0800][25.985s][info][gc,heap     ] GC(244)      Free:       86M (34%)          82M (32%)         108M (42%)         142M (55%)         142M (55%)          70M (27%)    
[2026-06-18T16:37:08.336+0800][25.985s][info][gc,heap     ] GC(244)      Used:      108M (42%)         112M (44%)          86M (34%)          52M (20%)         124M (48%)          52M (20%)    
[2026-06-18T16:37:08.336+0800][25.986s][info][gc,heap     ] GC(244)      Live:         -                27M (11%)          27M (11%)          27M (11%)            -                  -          
[2026-06-18T16:37:08.337+0800][25.986s][info][gc,heap     ] GC(244) Allocated:         -                 4M (2%)            4M (2%)           46M (18%)            -                  -          
[2026-06-18T16:37:08.337+0800][25.986s][info][gc,heap     ] GC(244)   Garbage:         -                80M (32%)          54M (21%)          16M (7%)             -                  -          
[2026-06-18T16:37:08.337+0800][25.986s][info][gc,heap     ] GC(244) Reclaimed:         -                  -                26M (10%)          64M (25%)            -                  -          
[2026-06-18T16:37:08.337+0800][25.986s][info][gc          ] GC(244) Garbage Collection (Allocation Rate) 108M(42%)->52M(20%)
[2026-06-18T16:37:08.413+0800][26.063s][info][gc,start    ] GC(245) Garbage Collection (Allocation Rate)
[2026-06-18T16:37:08.417+0800][26.066s][info][gc,phases   ] GC(245) Pause Mark Start 0.407ms
[2026-06-18T16:37:08.421+0800][26.070s][info][gc,phases   ] GC(245) Concurrent Mark 2.651ms
[2026-06-18T16:37:08.423+0800][26.072s][info][gc,phases   ] GC(245) Pause Mark End 0.478ms
[2026-06-18T16:37:08.426+0800][26.075s][info][gc,phases   ] GC(245) Concurrent Process Non-Strong References 0.225ms
[2026-06-18T16:37:08.429+0800][26.079s][info][gc,phases   ] GC(245) Concurrent Reset Relocation Set 0.004ms
[2026-06-18T16:37:08.434+0800][26.083s][info][gc,phases   ] GC(245) Concurrent Destroy Detached Pages 0.002ms
[2026-06-18T16:37:08.436+0800][26.086s][info][gc,phases   ] GC(245) Concurrent Select Relocation Set 0.531ms
[2026-06-18T16:37:08.440+0800][26.089s][info][gc,phases   ] GC(245) Concurrent Prepare Relocation Set 0.014ms
[2026-06-18T16:37:08.444+0800][26.093s][info][gc,phases   ] GC(245) Pause Relocate Start 0.266ms
[2026-06-18T16:37:08.449+0800][26.099s][info][gc,phases   ] GC(245) Concurrent Relocate 0.479ms
[2026-06-18T16:37:08.453+0800][26.102s][info][gc,load     ] GC(245) Load: 0.72/0.41/0.26
[2026-06-18T16:37:08.457+0800][26.106s][info][gc,mmu      ] GC(245) MMU: 2ms/39.9%, 5ms/76.0%, 10ms/85.1%, 20ms/90.0%, 50ms/96.0%, 100ms/97.1%
[2026-06-18T16:37:08.460+0800][26.109s][info][gc,marking  ] GC(245) Mark: 2 stripe(s), 2 proactive flush(es), 1 terminate flush(es), 0 completion(s), 0 continuation(s) 
[2026-06-18T16:37:08.462+0800][26.111s][info][gc,reloc    ] GC(245) Relocation: Successful, 23M relocated
[2026-06-18T16:37:08.464+0800][26.113s][info][gc,nmethod  ] GC(245) NMethods: 23 registered, 0 unregistered
[2026-06-18T16:37:08.466+0800][26.115s][info][gc,metaspace] GC(245) Metaspace: 3M used, 4M capacity, 4M committed, 8M reserved
[2026-06-18T16:37:08.469+0800][26.118s][info][gc,ref      ] GC(245) Soft: 43 encountered, 0 discovered, 0 enqueued
[2026-06-18T16:37:08.474+0800][26.124s][info][gc,ref      ] GC(245) Weak: 7 encountered, 0 discovered, 0 enqueued
[2026-06-18T16:37:08.479+0800][26.129s][info][gc,ref      ] GC(245) Final: 0 encountered, 0 discovered, 0 enqueued
[2026-06-18T16:37:08.480+0800][26.130s][info][gc,ref      ] GC(245) Phantom: 1 encountered, 0 discovered, 0 enqueued
[2026-06-18T16:37:08.481+0800][26.130s][info][gc,heap     ] GC(245)                Mark Start          Mark End        Relocate Start      Relocate End           High               Low         
[2026-06-18T16:37:08.482+0800][26.131s][info][gc,heap     ] GC(245)  Capacity:      256M (100%)        256M (100%)        256M (100%)        256M (100%)        256M (100%)        256M (100%)   
[2026-06-18T16:37:08.483+0800][26.132s][info][gc,heap     ] GC(245)   Reserve:       62M (24%)          62M (24%)          62M (24%)          62M (24%)          62M (24%)          62M (24%)    
[2026-06-18T16:37:08.484+0800][26.133s][info][gc,heap     ] GC(245)      Free:      114M (45%)         110M (43%)         100M (39%)         106M (41%)         136M (53%)          94M (37%)    
[2026-06-18T16:37:08.484+0800][26.134s][info][gc,heap     ] GC(245)      Used:       80M (31%)          84M (33%)          94M (37%)          88M (34%)         100M (39%)          58M (23%)    
[2026-06-18T16:37:08.485+0800][26.134s][info][gc,heap     ] GC(245)      Live:         -                23M (9%)           23M (9%)           23M (9%)             -                  -          
[2026-06-18T16:37:08.486+0800][26.135s][info][gc,heap     ] GC(245) Allocated:         -                 4M (2%)           44M (17%)          52M (20%)            -                  -          
[2026-06-18T16:37:08.486+0800][26.135s][info][gc,heap     ] GC(245)   Garbage:         -                56M (22%)          26M (10%)          20M (8%)             -                  -          
[2026-06-18T16:37:08.487+0800][26.136s][info][gc,heap     ] GC(245) Reclaimed:         -                  -                30M (12%)          36M (14%)            -                  -          
[2026-06-18T16:37:08.487+0800][26.136s][info][gc          ] GC(245) Garbage Collection (Allocation Rate) 80M(31%)->88M(34%)
[2026-06-18T16:37:08.513+0800][26.163s][info][gc,start    ] GC(246) Garbage Collection (Allocation Rate)
[2026-06-18T16:37:08.517+0800][26.166s][info][gc,phases   ] GC(246) Pause Mark Start 0.519ms
[2026-06-18T16:37:08.521+0800][26.170s][info][gc,phases   ] GC(246) Concurrent Mark 2.242ms
[2026-06-18T16:37:08.523+0800][26.173s][info][gc,phases   ] GC(246) Pause Mark End 0.582ms
[2026-06-18T16:37:08.525+0800][26.174s][info][gc,phases   ] GC(246) Concurrent Process Non-Strong References 0.185ms
[2026-06-18T16:37:08.526+0800][26.176s][info][gc,phases   ] GC(246) Concurrent Reset Relocation Set 0.003ms
[2026-06-18T16:37:08.527+0800][26.177s][info][gc,phases   ] GC(246) Concurrent Destroy Detached Pages 0.001ms
[2026-06-18T16:37:08.529+0800][26.178s][info][gc,phases   ] GC(246) Concurrent Select Relocation Set 0.813ms
[2026-06-18T16:37:08.530+0800][26.179s][info][gc,phases   ] GC(246) Concurrent Prepare Relocation Set 0.011ms
[2026-06-18T16:37:08.531+0800][26.180s][info][gc,phases   ] GC(246) Pause Relocate Start 0.220ms
[2026-06-18T16:37:08.534+0800][26.183s][info][gc,phases   ] GC(246) Concurrent Relocate 1.859ms
[2026-06-18T16:37:08.535+0800][26.184s][info][gc,load     ] GC(246) Load: 0.72/0.41/0.26
[2026-06-18T16:37:08.535+0800][26.184s][info][gc,mmu      ] GC(246) MMU: 2ms/39.9%, 5ms/76.0%, 10ms/85.1%, 20ms/90.0%, 50ms/96.0%, 100ms/97.1%
[2026-06-18T16:37:08.535+0800][26.185s][info][gc,marking  ] GC(246) Mark: 2 stripe(s), 1 proactive flush(es), 1 terminate flush(es), 0 completion(s), 0 continuation(s) 
[2026-06-18T16:37:08.536+0800][26.185s][info][gc,reloc    ] GC(246) Relocation: Successful, 26M relocated
[2026-06-18T16:37:08.536+0800][26.186s][info][gc,nmethod  ] GC(246) NMethods: 23 registered, 0 unregistered
[2026-06-18T16:37:08.537+0800][26.186s][info][gc,metaspace] GC(246) Metaspace: 3M used, 4M capacity, 4M committed, 8M reserved
[2026-06-18T16:37:08.537+0800][26.186s][info][gc,ref      ] GC(246) Soft: 43 encountered, 0 discovered, 0 enqueued
[2026-06-18T16:37:08.538+0800][26.187s][info][gc,ref      ] GC(246) Weak: 7 encountered, 0 discovered, 0 enqueued
[2026-06-18T16:37:08.538+0800][26.187s][info][gc,ref      ] GC(246) Final: 0 encountered, 0 discovered, 0 enqueued
[2026-06-18T16:37:08.538+0800][26.187s][info][gc,ref      ] GC(246) Phantom: 1 encountered, 0 discovered, 0 enqueued
[2026-06-18T16:37:08.538+0800][26.188s][info][gc,heap     ] GC(246)                Mark Start          Mark End        Relocate Start      Relocate End           High               Low         
[2026-06-18T16:37:08.539+0800][26.188s][info][gc,heap     ] GC(246)  Capacity:      256M (100%)        256M (100%)        256M (100%)        256M (100%)        256M (100%)        256M (100%)   
[2026-06-18T16:37:08.539+0800][26.188s][info][gc,heap     ] GC(246)   Reserve:       62M (24%)          62M (24%)          62M (24%)          62M (24%)          62M (24%)          62M (24%)    
[2026-06-18T16:37:08.539+0800][26.189s][info][gc,heap     ] GC(246)      Free:       78M (30%)          78M (30%)         108M (42%)         144M (56%)         144M (56%)          70M (27%)    
[2026-06-18T16:37:08.540+0800][26.189s][info][gc,heap     ] GC(246)      Used:      116M (45%)         116M (45%)          86M (34%)          50M (20%)         124M (48%)          50M (20%)    
[2026-06-18T16:37:08.540+0800][26.189s][info][gc,heap     ] GC(246)      Live:         -                29M (12%)          29M (12%)          29M (12%)            -                  -          
[2026-06-18T16:37:08.540+0800][26.190s][info][gc,heap     ] GC(246) Allocated:         -                 0M (0%)            4M (2%)           44M (17%)            -                  -          
[2026-06-18T16:37:08.541+0800][26.190s][info][gc,heap     ] GC(246)   Garbage:         -                86M (34%)          52M (20%)          16M (6%)             -                  -          
[2026-06-18T16:37:08.541+0800][26.190s][info][gc,heap     ] GC(246) Reclaimed:         -                  -                34M (13%)          70M (27%)            -                  -          
[2026-06-18T16:37:08.541+0800][26.191s][info][gc          ] GC(246) Garbage Collection (Allocation Rate) 116M(45%)->50M(20%)
[2026-06-18T16:37:08.614+0800][26.263s][info][gc,start    ] GC(247) Garbage Collection (Allocation Rate)
[2026-06-18T16:37:08.617+0800][26.267s][info][gc,phases   ] GC(247) Pause Mark Start 0.502ms
[2026-06-18T16:37:08.621+0800][26.271s][info][gc,phases   ] GC(247) Concurrent Mark 2.127ms
[2026-06-18T16:37:08.624+0800][26.273s][info][gc,phases   ] GC(247) Pause Mark End 0.617ms
[2026-06-18T16:37:08.626+0800][26.275s][info][gc,phases   ] GC(247) Concurrent Process Non-Strong References 0.162ms
[2026-06-18T16:37:08.627+0800][26.276s][info][gc,phases   ] GC(247) Concurrent Reset Relocation Set 0.005ms
[2026-06-18T16:37:08.628+0800][26.277s][info][gc,phases   ] GC(247) Concurrent Destroy Detached Pages 0.002ms
[2026-06-18T16:37:08.629+0800][26.279s][info][gc,phases   ] GC(247) Concurrent Select Relocation Set 0.855ms
[2026-06-18T16:37:08.630+0800][26.279s][info][gc,phases   ] GC(247) Concurrent Prepare Relocation Set 0.004ms
[2026-06-18T16:37:08.631+0800][26.280s][info][gc,phases   ] GC(247) Pause Relocate Start 0.157ms
[2026-06-18T16:37:08.632+0800][26.281s][info][gc,phases   ] GC(247) Concurrent Relocate 0.309ms
[2026-06-18T16:37:08.632+0800][26.282s][info][gc,load     ] GC(247) Load: 0.72/0.41/0.26
[2026-06-18T16:37:08.633+0800][26.282s][info][gc,mmu      ] GC(247) MMU: 2ms/39.9%, 5ms/76.0%, 10ms/85.1%, 20ms/90.0%, 50ms/96.0%, 100ms/97.1%
[2026-06-18T16:37:08.633+0800][26.283s][info][gc,marking  ] GC(247) Mark: 2 stripe(s), 1 proactive flush(es), 1 terminate flush(es), 0 completion(s), 0 continuation(s) 
[2026-06-18T16:37:08.634+0800][26.283s][info][gc,reloc    ] GC(247) Relocation: Successful, 26M relocated
[2026-06-18T16:37:08.634+0800][26.283s][info][gc,nmethod  ] GC(247) NMethods: 23 registered, 0 unregistered
[2026-06-18T16:37:08.635+0800][26.284s][info][gc,metaspace] GC(247) Metaspace: 3M used, 4M capacity, 4M committed, 8M reserved
[2026-06-18T16:37:08.635+0800][26.284s][info][gc,ref      ] GC(247) Soft: 43 encountered, 0 discovered, 0 enqueued
[2026-06-18T16:37:08.635+0800][26.285s][info][gc,ref      ] GC(247) Weak: 7 encountered, 2 discovered, 0 enqueued
[2026-06-18T16:37:08.635+0800][26.285s][info][gc,ref      ] GC(247) Final: 0 encountered, 0 discovered, 0 enqueued
[2026-06-18T16:37:08.636+0800][26.285s][info][gc,ref      ] GC(247) Phantom: 1 encountered, 1 discovered, 0 enqueued
[2026-06-18T16:37:08.636+0800][26.285s][info][gc,heap     ] GC(247)                Mark Start          Mark End        Relocate Start      Relocate End           High               Low         
[2026-06-18T16:37:08.636+0800][26.285s][info][gc,heap     ] GC(247)  Capacity:      256M (100%)        256M (100%)        256M (100%)        256M (100%)        256M (100%)        256M (100%)   
[2026-06-18T16:37:08.636+0800][26.286s][info][gc,heap     ] GC(247)   Reserve:       62M (24%)          62M (24%)          62M (24%)          62M (24%)          62M (24%)          62M (24%)    
[2026-06-18T16:37:08.636+0800][26.286s][info][gc,heap     ] GC(247)      Free:      112M (44%)         108M (42%)         102M (40%)         112M (44%)         138M (54%)          98M (38%)    
[2026-06-18T16:37:08.637+0800][26.286s][info][gc,heap     ] GC(247)      Used:       82M (32%)          86M (34%)          92M (36%)          82M (32%)          96M (38%)          56M (22%)    
[2026-06-18T16:37:08.637+0800][26.286s][info][gc,heap     ] GC(247)      Live:         -                26M (10%)          26M (10%)          26M (10%)            -                  -          
[2026-06-18T16:37:08.637+0800][26.286s][info][gc,heap     ] GC(247) Allocated:         -                 4M (2%)           40M (16%)          46M (18%)            -                  -          
[2026-06-18T16:37:08.637+0800][26.287s][info][gc,heap     ] GC(247)   Garbage:         -                55M (22%)          25M (10%)          15M (6%)             -                  -          
[2026-06-18T16:37:08.638+0800][26.287s][info][gc,heap     ] GC(247) Reclaimed:         -                  -                30M (12%)          40M (16%)            -                  -          
[2026-06-18T16:37:08.638+0800][26.287s][info][gc          ] GC(247) Garbage Collection (Allocation Rate) 82M(32%)->82M(32%)
[2026-06-18T16:37:08.713+0800][26.362s][info][gc,start    ] GC(248) Garbage Collection (Allocation Rate)
[2026-06-18T16:37:08.715+0800][26.364s][info][gc,phases   ] GC(248) Pause Mark Start 0.320ms
[2026-06-18T16:37:08.718+0800][26.367s][info][gc,phases   ] GC(248) Concurrent Mark 1.737ms
[2026-06-18T16:37:08.720+0800][26.370s][info][gc,phases   ] GC(248) Pause Mark End 0.657ms
[2026-06-18T16:37:08.723+0800][26.372s][info][gc,phases   ] GC(248) Concurrent Process Non-Strong References 0.504ms
[2026-06-18T16:37:08.723+0800][26.373s][info][gc,phases   ] GC(248) Concurrent Reset Relocation Set 0.004ms
[2026-06-18T16:37:08.724+0800][26.373s][info][gc,phases   ] GC(248) Concurrent Destroy Detached Pages 0.001ms
[2026-06-18T16:37:08.726+0800][26.375s][info][gc,phases   ] GC(248) Concurrent Select Relocation Set 0.927ms
[2026-06-18T16:37:08.727+0800][26.376s][info][gc,phases   ] GC(248) Concurrent Prepare Relocation Set 0.012ms
[2026-06-18T16:37:08.730+0800][26.379s][info][gc,phases   ] GC(248) Pause Relocate Start 0.264ms
[2026-06-18T16:37:08.734+0800][26.384s][info][gc,phases   ] GC(248) Concurrent Relocate 1.295ms
[2026-06-18T16:37:08.738+0800][26.388s][info][gc,load     ] GC(248) Load: 0.72/0.41/0.26
[2026-06-18T16:37:08.741+0800][26.390s][info][gc,mmu      ] GC(248) MMU: 2ms/39.9%, 5ms/76.0%, 10ms/85.1%, 20ms/90.0%, 50ms/96.0%, 100ms/97.1%
[2026-06-18T16:37:08.745+0800][26.395s][info][gc,marking  ] GC(248) Mark: 2 stripe(s), 2 proactive flush(es), 1 terminate flush(es), 0 completion(s), 0 continuation(s) 
[2026-06-18T16:37:08.746+0800][26.396s][info][gc,reloc    ] GC(248) Relocation: Successful, 18M relocated
[2026-06-18T16:37:08.747+0800][26.397s][info][gc,nmethod  ] GC(248) NMethods: 23 registered, 0 unregistered
[2026-06-18T16:37:08.748+0800][26.397s][info][gc,metaspace] GC(248) Metaspace: 3M used, 4M capacity, 4M committed, 8M reserved
[2026-06-18T16:37:08.749+0800][26.398s][info][gc,ref      ] GC(248) Soft: 43 encountered, 0 discovered, 0 enqueued
[2026-06-18T16:37:08.750+0800][26.399s][info][gc,ref      ] GC(248) Weak: 7 encountered, 2 discovered, 0 enqueued
[2026-06-18T16:37:08.751+0800][26.400s][info][gc,ref      ] GC(248) Final: 0 encountered, 0 discovered, 0 enqueued
[2026-06-18T16:37:08.751+0800][26.401s][info][gc,ref      ] GC(248) Phantom: 1 encountered, 1 discovered, 0 enqueued
[2026-06-18T16:37:08.752+0800][26.401s][info][gc,heap     ] GC(248)                Mark Start          Mark End        Relocate Start      Relocate End           High               Low         
[2026-06-18T16:37:08.753+0800][26.402s][info][gc,heap     ] GC(248)  Capacity:      256M (100%)        256M (100%)        256M (100%)        256M (100%)        256M (100%)        256M (100%)   
[2026-06-18T16:37:08.753+0800][26.402s][info][gc,heap     ] GC(248)   Reserve:       62M (24%)          62M (24%)          62M (24%)          62M (24%)          62M (24%)          62M (24%)    
[2026-06-18T16:37:08.754+0800][26.403s][info][gc,heap     ] GC(248)      Free:       84M (33%)          80M (31%)          72M (28%)         142M (55%)         142M (55%)          68M (27%)    
[2026-06-18T16:37:08.754+0800][26.403s][info][gc,heap     ] GC(248)      Used:      110M (43%)         114M (45%)         122M (48%)          52M (20%)         126M (49%)          52M (20%)    
[2026-06-18T16:37:08.755+0800][26.404s][info][gc,heap     ] GC(248)      Live:         -                18M (7%)           18M (7%)           18M (7%)             -                  -          
[2026-06-18T16:37:08.755+0800][26.404s][info][gc,heap     ] GC(248) Allocated:         -                 4M (2%)           40M (16%)          48M (19%)            -                  -          
[2026-06-18T16:37:08.756+0800][26.405s][info][gc,heap     ] GC(248)   Garbage:         -                91M (36%)          63M (25%)    17592186044409M (6         -                  -          
[2026-06-18T16:37:08.756+0800][26.405s][info][gc,heap     ] GC(248) Reclaimed:         -                  -                28M (11%)          98M (38%)            -                  -          
[2026-06-18T16:37:08.756+0800][26.406s][info][gc          ] GC(248) Garbage Collection (Allocation Rate) 110M(43%)->52M(20%)
[2026-06-18T16:37:08.813+0800][26.463s][info][gc,start    ] GC(249) Garbage Collection (Allocation Rate)
[2026-06-18T16:37:08.816+0800][26.466s][info][gc,phases   ] GC(249) Pause Mark Start 0.521ms
[2026-06-18T16:37:08.820+0800][26.469s][info][gc,phases   ] GC(249) Concurrent Mark 2.260ms
[2026-06-18T16:37:08.824+0800][26.473s][info][gc,phases   ] GC(249) Pause Mark End 0.719ms
[2026-06-18T16:37:08.836+0800][26.486s][info][gc,phases   ] GC(249) Concurrent Process Non-Strong References 0.507ms
[2026-06-18T16:37:08.869+0800][26.518s][info][gc,phases   ] GC(249) Concurrent Reset Relocation Set 0.009ms
[2026-06-18T16:37:08.871+0800][26.520s][info][gc,phases   ] GC(249) Concurrent Destroy Detached Pages 0.003ms
[2026-06-18T16:37:08.878+0800][26.527s][info][gc,phases   ] GC(249) Concurrent Select Relocation Set 1.771ms
[2026-06-18T16:37:08.934+0800][26.583s][info][gc,phases   ] GC(249) Concurrent Prepare Relocation Set 0.022ms
[2026-06-18T16:37:08.947+0800][26.597s][info][gc,phases   ] GC(249) Pause Relocate Start 0.469ms
[2026-06-18T16:37:08.951+0800][26.600s][info][gc,phases   ] GC(249) Concurrent Relocate 1.718ms
[2026-06-18T16:37:08.952+0800][26.602s][info][gc,load     ] GC(249) Load: 0.72/0.41/0.26
[2026-06-18T16:37:08.954+0800][26.603s][info][gc,mmu      ] GC(249) MMU: 2ms/39.9%, 5ms/76.0%, 10ms/85.1%, 20ms/90.0%, 50ms/96.0%, 100ms/97.1%
[2026-06-18T16:37:08.955+0800][26.604s][info][gc,marking  ] GC(249) Mark: 2 stripe(s), 1 proactive flush(es), 1 terminate flush(es), 0 completion(s), 0 continuation(s) 
[2026-06-18T16:37:08.955+0800][26.605s][info][gc,reloc    ] GC(249) Relocation: Successful, 22M relocated
[2026-06-18T16:37:08.956+0800][26.605s][info][gc,nmethod  ] GC(249) NMethods: 23 registered, 0 unregistered
[2026-06-18T16:37:08.957+0800][26.606s][info][gc,metaspace] GC(249) Metaspace: 3M used, 4M capacity, 4M committed, 8M reserved
[2026-06-18T16:37:08.958+0800][26.607s][info][gc,ref      ] GC(249) Soft: 43 encountered, 0 discovered, 0 enqueued
[2026-06-18T16:37:08.958+0800][26.608s][info][gc,ref      ] GC(249) Weak: 7 encountered, 0 discovered, 0 enqueued
[2026-06-18T16:37:08.959+0800][26.608s][info][gc,ref      ] GC(249) Final: 0 encountered, 0 discovered, 0 enqueued
[2026-06-18T16:37:08.960+0800][26.609s][info][gc,ref      ] GC(249) Phantom: 1 encountered, 0 discovered, 0 enqueued
[2026-06-18T16:37:08.961+0800][26.610s][info][gc,heap     ] GC(249)                Mark Start          Mark End        Relocate Start      Relocate End           High               Low         
[2026-06-18T16:37:08.962+0800][26.611s][info][gc,heap     ] GC(249)  Capacity:      256M (100%)        256M (100%)        256M (100%)        256M (100%)        256M (100%)        256M (100%)   
[2026-06-18T16:37:08.963+0800][26.612s][info][gc,heap     ] GC(249)   Reserve:       62M (24%)          62M (24%)          62M (24%)          62M (24%)          62M (24%)          62M (24%)    
[2026-06-18T16:37:08.964+0800][26.613s][info][gc,heap     ] GC(249)      Free:      110M (43%)          72M (28%)          66M (26%)          72M (28%)         110M (43%)          58M (23%)    
[2026-06-18T16:37:08.964+0800][26.614s][info][gc,heap     ] GC(249)      Used:       84M (33%)         122M (48%)         128M (50%)         122M (48%)         136M (53%)          84M (33%)    
[2026-06-18T16:37:08.965+0800][26.614s][info][gc,heap     ] GC(249)      Live:         -                24M (9%)           24M (9%)           24M (9%)             -                  -          
[2026-06-18T16:37:08.966+0800][26.615s][info][gc,heap     ] GC(249) Allocated:         -                38M (15%)          78M (30%)          84M (33%)            -                  -          
[2026-06-18T16:37:08.967+0800][26.616s][info][gc,heap     ] GC(249)   Garbage:         -                59M (23%)          25M (10%)          19M (8%)             -                  -          
[2026-06-18T16:37:08.968+0800][26.617s][info][gc,heap     ] GC(249) Reclaimed:         -                  -                34M (13%)          40M (16%)            -                  -          
[2026-06-18T16:37:08.969+0800][26.618s][info][gc          ] GC(249) Garbage Collection (Allocation Rate) 84M(33%)->122M(48%)
[2026-06-18T16:37:09.014+0800][26.663s][info][gc,start    ] GC(250) Garbage Collection (Allocation Rate)
[2026-06-18T16:37:09.017+0800][26.666s][info][gc,phases   ] GC(250) Pause Mark Start 0.484ms
[2026-06-18T16:37:09.020+0800][26.669s][info][gc,phases   ] GC(250) Concurrent Mark 2.082ms
[2026-06-18T16:37:09.022+0800][26.671s][info][gc,phases   ] GC(250) Pause Mark End 0.258ms
[2026-06-18T16:37:09.023+0800][26.672s][info][gc,phases   ] GC(250) Concurrent Process Non-Strong References 0.112ms
[2026-06-18T16:37:09.024+0800][26.673s][info][gc,phases   ] GC(250) Concurrent Reset Relocation Set 0.002ms
[2026-06-18T16:37:09.024+0800][26.673s][info][gc,phases   ] GC(250) Concurrent Destroy Detached Pages 0.001ms
[2026-06-18T16:37:09.025+0800][26.675s][info][gc,phases   ] GC(250) Concurrent Select Relocation Set 0.433ms
[2026-06-18T16:37:09.026+0800][26.676s][info][gc,phases   ] GC(250) Concurrent Prepare Relocation Set 0.011ms
[2026-06-18T16:37:09.028+0800][26.678s][info][gc,phases   ] GC(250) Pause Relocate Start 0.297ms
[2026-06-18T16:37:09.031+0800][26.681s][info][gc,phases   ] GC(250) Concurrent Relocate 1.886ms
[2026-06-18T16:37:09.032+0800][26.682s][info][gc,load     ] GC(250) Load: 0.72/0.41/0.26
[2026-06-18T16:37:09.033+0800][26.683s][info][gc,mmu      ] GC(250) MMU: 2ms/39.9%, 5ms/76.0%, 10ms/85.1%, 20ms/90.0%, 50ms/96.0%, 100ms/97.1%
[2026-06-18T16:37:09.034+0800][26.683s][info][gc,marking  ] GC(250) Mark: 2 stripe(s), 2 proactive flush(es), 1 terminate flush(es), 0 completion(s), 0 continuation(s) 
[2026-06-18T16:37:09.035+0800][26.684s][info][gc,reloc    ] GC(250) Relocation: Successful, 28M relocated
[2026-06-18T16:37:09.036+0800][26.685s][info][gc,nmethod  ] GC(250) NMethods: 23 registered, 0 unregistered
[2026-06-18T16:37:09.036+0800][26.686s][info][gc,metaspace] GC(250) Metaspace: 3M used, 4M capacity, 4M committed, 8M reserved
[2026-06-18T16:37:09.037+0800][26.687s][info][gc,ref      ] GC(250) Soft: 43 encountered, 0 discovered, 0 enqueued
[2026-06-18T16:37:09.038+0800][26.688s][info][gc,ref      ] GC(250) Weak: 7 encountered, 0 discovered, 0 enqueued
[2026-06-18T16:37:09.039+0800][26.689s][info][gc,ref      ] GC(250) Final: 0 encountered, 0 discovered, 0 enqueued
[2026-06-18T16:37:09.040+0800][26.690s][info][gc,ref      ] GC(250) Phantom: 1 encountered, 1 discovered, 0 enqueued
[2026-06-18T16:37:09.041+0800][26.691s][info][gc,heap     ] GC(250)                Mark Start          Mark End        Relocate Start      Relocate End           High               Low         
[2026-06-18T16:37:09.042+0800][26.692s][info][gc,heap     ] GC(250)  Capacity:      256M (100%)        256M (100%)        256M (100%)        256M (100%)        256M (100%)        256M (100%)   
[2026-06-18T16:37:09.043+0800][26.693s][info][gc,heap     ] GC(250)   Reserve:       62M (24%)          62M (24%)          62M (24%)          62M (24%)          62M (24%)          62M (24%)    
[2026-06-18T16:37:09.044+0800][26.694s][info][gc,heap     ] GC(250)      Free:       50M (20%)          12M (5%)           64M (25%)         138M (54%)         138M (54%)          12M (5%)     
[2026-06-18T16:37:09.045+0800][26.695s][info][gc,heap     ] GC(250)      Used:      144M (56%)         182M (71%)         130M (51%)          56M (22%)         182M (71%)          56M (22%)    
[2026-06-18T16:37:09.046+0800][26.696s][info][gc,heap     ] GC(250)      Live:         -                28M (11%)          28M (11%)          28M (11%)            -                  -          
[2026-06-18T16:37:09.047+0800][26.697s][info][gc,heap     ] GC(250) Allocated:         -                38M (15%)          38M (15%)          54M (21%)            -                  -          
[2026-06-18T16:37:09.049+0800][26.698s][info][gc,heap     ] GC(250)   Garbage:         -               115M (45%)          63M (25%)    17592186044401M (6         -                  -          
[2026-06-18T16:37:09.050+0800][26.699s][info][gc,heap     ] GC(250) Reclaimed:         -                  -                52M (20%)         130M (51%)            -                  -          
[2026-06-18T16:37:09.051+0800][26.700s][info][gc          ] GC(250) Garbage Collection (Allocation Rate) 144M(56%)->56M(22%)
[2026-06-18T16:37:09.114+0800][26.763s][info][gc,start    ] GC(251) Garbage Collection (Allocation Rate)
[2026-06-18T16:37:09.118+0800][26.767s][info][gc,phases   ] GC(251) Pause Mark Start 0.330ms
[2026-06-18T16:37:09.122+0800][26.772s][info][gc,phases   ] GC(251) Concurrent Mark 1.938ms
[2026-06-18T16:37:09.127+0800][26.776s][info][gc,phases   ] GC(251) Pause Mark End 0.696ms
[2026-06-18T16:37:09.131+0800][26.780s][info][gc,phases   ] GC(251) Concurrent Process Non-Strong References 0.236ms
[2026-06-18T16:37:09.134+0800][26.784s][info][gc,phases   ] GC(251) Concurrent Reset Relocation Set 0.008ms
[2026-06-18T16:37:09.140+0800][26.789s][info][gc,phases   ] GC(251) Concurrent Destroy Detached Pages 0.002ms
[2026-06-18T16:37:09.144+0800][26.793s][info][gc,phases   ] GC(251) Concurrent Select Relocation Set 1.379ms
[2026-06-18T16:37:09.151+0800][26.800s][info][gc,phases   ] GC(251) Concurrent Prepare Relocation Set 0.018ms
[2026-06-18T16:37:09.155+0800][26.805s][info][gc,phases   ] GC(251) Pause Relocate Start 0.327ms
[2026-06-18T16:37:09.159+0800][26.809s][info][gc,phases   ] GC(251) Concurrent Relocate 0.935ms
[2026-06-18T16:37:09.163+0800][26.813s][info][gc,load     ] GC(251) Load: 0.72/0.41/0.26
[2026-06-18T16:37:09.164+0800][26.814s][info][gc,mmu      ] GC(251) MMU: 2ms/39.9%, 5ms/76.0%, 10ms/85.1%, 20ms/90.0%, 50ms/96.0%, 100ms/97.1%
[2026-06-18T16:37:09.165+0800][26.815s][info][gc,marking  ] GC(251) Mark: 2 stripe(s), 1 proactive flush(es), 1 terminate flush(es), 0 completion(s), 0 continuation(s) 
[2026-06-18T16:37:09.167+0800][26.816s][info][gc,reloc    ] GC(251) Relocation: Successful, 26M relocated
[2026-06-18T16:37:09.167+0800][26.817s][info][gc,nmethod  ] GC(251) NMethods: 23 registered, 0 unregistered
[2026-06-18T16:37:09.168+0800][26.818s][info][gc,metaspace] GC(251) Metaspace: 3M used, 4M capacity, 4M committed, 8M reserved
[2026-06-18T16:37:09.169+0800][26.819s][info][gc,ref      ] GC(251) Soft: 43 encountered, 0 discovered, 0 enqueued
[2026-06-18T16:37:09.170+0800][26.819s][info][gc,ref      ] GC(251) Weak: 7 encountered, 2 discovered, 0 enqueued
[2026-06-18T16:37:09.171+0800][26.820s][info][gc,ref      ] GC(251) Final: 0 encountered, 0 discovered, 0 enqueued
[2026-06-18T16:37:09.171+0800][26.821s][info][gc,ref      ] GC(251) Phantom: 1 encountered, 1 discovered, 0 enqueued
[2026-06-18T16:37:09.172+0800][26.821s][info][gc,heap     ] GC(251)                Mark Start          Mark End        Relocate Start      Relocate End           High               Low         
[2026-06-18T16:37:09.172+0800][26.822s][info][gc,heap     ] GC(251)  Capacity:      256M (100%)        256M (100%)        256M (100%)        256M (100%)        256M (100%)        256M (100%)   
[2026-06-18T16:37:09.173+0800][26.822s][info][gc,heap     ] GC(251)   Reserve:       62M (24%)          62M (24%)          62M (24%)          62M (24%)          62M (24%)          62M (24%)    
[2026-06-18T16:37:09.173+0800][26.823s][info][gc,heap     ] GC(251)      Free:      106M (41%)         102M (40%)          94M (37%)         102M (40%)         130M (51%)          86M (34%)    
[2026-06-18T16:37:09.174+0800][26.823s][info][gc,heap     ] GC(251)      Used:       88M (34%)          92M (36%)         100M (39%)          92M (36%)         108M (42%)          64M (25%)    
[2026-06-18T16:37:09.174+0800][26.823s][info][gc,heap     ] GC(251)      Live:         -                26M (10%)          26M (10%)          26M (10%)            -                  -          
[2026-06-18T16:37:09.174+0800][26.824s][info][gc,heap     ] GC(251) Allocated:         -                 4M (2%)           44M (17%)          56M (22%)            -                  -          
[2026-06-18T16:37:09.175+0800][26.824s][info][gc,heap     ] GC(251)   Garbage:         -                61M (24%)          29M (11%)          17M (7%)             -                  -          
[2026-06-18T16:37:09.175+0800][26.824s][info][gc,heap     ] GC(251) Reclaimed:         -                  -                32M (12%)          44M (17%)            -                  -          
[2026-06-18T16:37:09.175+0800][26.825s][info][gc          ] GC(251) Garbage Collection (Allocation Rate) 88M(34%)->92M(36%)
[2026-06-18T16:37:09.214+0800][26.863s][info][gc,start    ] GC(252) Garbage Collection (Allocation Rate)
[2026-06-18T16:37:09.218+0800][26.867s][info][gc,phases   ] GC(252) Pause Mark Start 0.693ms
[2026-06-18T16:37:09.222+0800][26.871s][info][gc,phases   ] GC(252) Concurrent Mark 2.140ms
[2026-06-18T16:37:09.224+0800][26.873s][info][gc,phases   ] GC(252) Pause Mark End 0.670ms
[2026-06-18T16:37:09.225+0800][26.875s][info][gc,phases   ] GC(252) Concurrent Process Non-Strong References 0.168ms
[2026-06-18T16:37:09.226+0800][26.876s][info][gc,phases   ] GC(252) Concurrent Reset Relocation Set 0.003ms
[2026-06-18T16:37:09.227+0800][26.876s][info][gc,phases   ] GC(252) Concurrent Destroy Detached Pages 0.001ms
[2026-06-18T16:37:09.228+0800][26.878s][info][gc,phases   ] GC(252) Concurrent Select Relocation Set 0.834ms
[2026-06-18T16:37:09.229+0800][26.879s][info][gc,phases   ] GC(252) Concurrent Prepare Relocation Set 0.003ms
[2026-06-18T16:37:09.231+0800][26.880s][info][gc,phases   ] GC(252) Pause Relocate Start 0.162ms
[2026-06-18T16:37:09.235+0800][26.885s][info][gc,phases   ] GC(252) Concurrent Relocate 1.641ms
[2026-06-18T16:37:09.237+0800][26.887s][info][gc,load     ] GC(252) Load: 0.72/0.41/0.26
[2026-06-18T16:37:09.243+0800][26.892s][info][gc,mmu      ] GC(252) MMU: 2ms/39.9%, 5ms/76.0%, 10ms/85.1%, 20ms/90.0%, 50ms/96.0%, 100ms/97.1%
[2026-06-18T16:37:09.245+0800][26.894s][info][gc,marking  ] GC(252) Mark: 2 stripe(s), 2 proactive flush(es), 1 terminate flush(es), 0 completion(s), 0 continuation(s) 
[2026-06-18T16:37:09.247+0800][26.896s][info][gc,reloc    ] GC(252) Relocation: Successful, 22M relocated
[2026-06-18T16:37:09.249+0800][26.898s][info][gc,nmethod  ] GC(252) NMethods: 23 registered, 0 unregistered
[2026-06-18T16:37:09.250+0800][26.900s][info][gc,metaspace] GC(252) Metaspace: 3M used, 4M capacity, 4M committed, 8M reserved
[2026-06-18T16:37:09.251+0800][26.901s][info][gc,ref      ] GC(252) Soft: 43 encountered, 0 discovered, 0 enqueued
[2026-06-18T16:37:09.252+0800][26.901s][info][gc,ref      ] GC(252) Weak: 7 encountered, 2 discovered, 0 enqueued
[2026-06-18T16:37:09.253+0800][26.902s][info][gc,ref      ] GC(252) Final: 0 encountered, 0 discovered, 0 enqueued
[2026-06-18T16:37:09.253+0800][26.903s][info][gc,ref      ] GC(252) Phantom: 1 encountered, 1 discovered, 0 enqueued
[2026-06-18T16:37:09.254+0800][26.903s][info][gc,heap     ] GC(252)                Mark Start          Mark End        Relocate Start      Relocate End           High               Low         
[2026-06-18T16:37:09.255+0800][26.904s][info][gc,heap     ] GC(252)  Capacity:      256M (100%)        256M (100%)        256M (100%)        256M (100%)        256M (100%)        256M (100%)   
[2026-06-18T16:37:09.255+0800][26.905s][info][gc,heap     ] GC(252)   Reserve:       62M (24%)          62M (24%)          62M (24%)          62M (24%)          62M (24%)          62M (24%)    
[2026-06-18T16:37:09.256+0800][26.905s][info][gc,heap     ] GC(252)      Free:       82M (32%)          78M (30%)         104M (41%)         142M (55%)         142M (55%)          68M (27%)    
[2026-06-18T16:37:09.257+0800][26.906s][info][gc,heap     ] GC(252)      Used:      112M (44%)         116M (45%)          90M (35%)          52M (20%)         126M (49%)          52M (20%)    
[2026-06-18T16:37:09.257+0800][26.906s][info][gc,heap     ] GC(252)      Live:         -                22M (9%)           22M (9%)           22M (9%)             -                  -          
[2026-06-18T16:37:09.258+0800][26.907s][info][gc,heap     ] GC(252) Allocated:         -                 4M (2%)            4M (2%)           46M (18%)            -                  -          
[2026-06-18T16:37:09.258+0800][26.907s][info][gc,heap     ] GC(252)   Garbage:         -                89M (35%)          63M (25%)          21M (8%)             -                  -          
[2026-06-18T16:37:09.259+0800][26.908s][info][gc,heap     ] GC(252) Reclaimed:         -                  -                26M (10%)          68M (27%)            -                  -          
[2026-06-18T16:37:09.259+0800][26.908s][info][gc          ] GC(252) Garbage Collection (Allocation Rate) 112M(44%)->52M(20%)
[2026-06-18T16:37:09.313+0800][26.963s][info][gc,start    ] GC(253) Garbage Collection (Allocation Rate)
[2026-06-18T16:37:09.318+0800][26.967s][info][gc,phases   ] GC(253) Pause Mark Start 0.511ms
[2026-06-18T16:37:09.322+0800][26.971s][info][gc,phases   ] GC(253) Concurrent Mark 2.187ms
[2026-06-18T16:37:09.324+0800][26.973s][info][gc,phases   ] GC(253) Pause Mark End 0.591ms
[2026-06-18T16:37:09.325+0800][26.974s][info][gc,phases   ] GC(253) Concurrent Process Non-Strong References 0.113ms
[2026-06-18T16:37:09.326+0800][26.975s][info][gc,phases   ] GC(253) Concurrent Reset Relocation Set 0.004ms
[2026-06-18T16:37:09.327+0800][26.977s][info][gc,phases   ] GC(253) Concurrent Destroy Detached Pages 0.001ms
[2026-06-18T16:37:09.329+0800][26.978s][info][gc,phases   ] GC(253) Concurrent Select Relocation Set 0.978ms
[2026-06-18T16:37:09.330+0800][26.979s][info][gc,phases   ] GC(253) Concurrent Prepare Relocation Set 0.002ms
[2026-06-18T16:37:09.331+0800][26.980s][info][gc,phases   ] GC(253) Pause Relocate Start 0.188ms
[2026-06-18T16:37:09.332+0800][26.981s][info][gc,phases   ] GC(253) Concurrent Relocate 0.361ms
[2026-06-18T16:37:09.333+0800][26.982s][info][gc,load     ] GC(253) Load: 0.72/0.41/0.26
[2026-06-18T16:37:09.333+0800][26.982s][info][gc,mmu      ] GC(253) MMU: 2ms/39.9%, 5ms/76.0%, 10ms/85.1%, 20ms/90.0%, 50ms/96.0%, 100ms/97.1%
[2026-06-18T16:37:09.333+0800][26.983s][info][gc,marking  ] GC(253) Mark: 2 stripe(s), 2 proactive flush(es), 1 terminate flush(es), 0 completion(s), 0 continuation(s) 
[2026-06-18T16:37:09.334+0800][26.983s][info][gc,reloc    ] GC(253) Relocation: Successful, 26M relocated
[2026-06-18T16:37:09.334+0800][26.984s][info][gc,nmethod  ] GC(253) NMethods: 23 registered, 0 unregistered
[2026-06-18T16:37:09.335+0800][26.984s][info][gc,metaspace] GC(253) Metaspace: 3M used, 4M capacity, 4M committed, 8M reserved
[2026-06-18T16:37:09.335+0800][26.985s][info][gc,ref      ] GC(253) Soft: 43 encountered, 0 discovered, 0 enqueued
[2026-06-18T16:37:09.335+0800][26.985s][info][gc,ref      ] GC(253) Weak: 7 encountered, 2 discovered, 0 enqueued
[2026-06-18T16:37:09.336+0800][26.985s][info][gc,ref      ] GC(253) Final: 0 encountered, 0 discovered, 0 enqueued
[2026-06-18T16:37:09.336+0800][26.985s][info][gc,ref      ] GC(253) Phantom: 1 encountered, 1 discovered, 0 enqueued
[2026-06-18T16:37:09.336+0800][26.985s][info][gc,heap     ] GC(253)                Mark Start          Mark End        Relocate Start      Relocate End           High               Low         
[2026-06-18T16:37:09.336+0800][26.986s][info][gc,heap     ] GC(253)  Capacity:      256M (100%)        256M (100%)        256M (100%)        256M (100%)        256M (100%)        256M (100%)   
[2026-06-18T16:37:09.337+0800][26.986s][info][gc,heap     ] GC(253)   Reserve:       62M (24%)          62M (24%)          62M (24%)          62M (24%)          62M (24%)          62M (24%)    
[2026-06-18T16:37:09.337+0800][26.986s][info][gc,heap     ] GC(253)      Free:      114M (45%)         110M (43%)         138M (54%)         140M (55%)         140M (55%)         110M (43%)    
[2026-06-18T16:37:09.337+0800][26.987s][info][gc,heap     ] GC(253)      Used:       80M (31%)          84M (33%)          56M (22%)          54M (21%)          84M (33%)          54M (21%)    
[2026-06-18T16:37:09.338+0800][26.987s][info][gc,heap     ] GC(253)      Live:         -                28M (11%)          28M (11%)          28M (11%)            -                  -          
[2026-06-18T16:37:09.338+0800][26.987s][info][gc,heap     ] GC(253) Allocated:         -                 4M (2%)            4M (2%)           14M (5%)             -                  -          
[2026-06-18T16:37:09.338+0800][26.987s][info][gc,heap     ] GC(253)   Garbage:         -                51M (20%)          23M (9%)           17M (7%)             -                  -          
[2026-06-18T16:37:09.338+0800][26.988s][info][gc,heap     ] GC(253) Reclaimed:         -                  -                28M (11%)          34M (13%)            -                  -          
[2026-06-18T16:37:09.339+0800][26.988s][info][gc          ] GC(253) Garbage Collection (Allocation Rate) 80M(31%)->54M(21%)
[2026-06-18T16:37:09.414+0800][27.063s][info][gc,start    ] GC(254) Garbage Collection (Allocation Rate)
[2026-06-18T16:37:09.418+0800][27.067s][info][gc,phases   ] GC(254) Pause Mark Start 0.339ms
[2026-06-18T16:37:09.422+0800][27.072s][info][gc,phases   ] GC(254) Concurrent Mark 1.671ms
[2026-06-18T16:37:09.424+0800][27.073s][info][gc,phases   ] GC(254) Pause Mark End 0.305ms
[2026-06-18T16:37:09.425+0800][27.075s][info][gc,phases   ] GC(254) Concurrent Process Non-Strong References 0.102ms
[2026-06-18T16:37:09.426+0800][27.075s][info][gc,phases   ] GC(254) Concurrent Reset Relocation Set 0.002ms
[2026-06-18T16:37:09.427+0800][27.076s][info][gc,phases   ] GC(254) Concurrent Destroy Detached Pages 0.001ms
[2026-06-18T16:37:09.428+0800][27.077s][info][gc,phases   ] GC(254) Concurrent Select Relocation Set 0.455ms
[2026-06-18T16:37:09.428+0800][27.078s][info][gc,phases   ] GC(254) Concurrent Prepare Relocation Set 0.015ms
[2026-06-18T16:37:09.429+0800][27.078s][info][gc,phases   ] GC(254) Pause Relocate Start 0.112ms
[2026-06-18T16:37:09.431+0800][27.081s][info][gc,phases   ] GC(254) Concurrent Relocate 1.787ms
[2026-06-18T16:37:09.432+0800][27.081s][info][gc,load     ] GC(254) Load: 0.72/0.41/0.26
[2026-06-18T16:37:09.432+0800][27.081s][info][gc,mmu      ] GC(254) MMU: 2ms/39.9%, 5ms/76.0%, 10ms/85.1%, 20ms/90.0%, 50ms/96.0%, 100ms/97.1%
[2026-06-18T16:37:09.432+0800][27.082s][info][gc,marking  ] GC(254) Mark: 2 stripe(s), 1 proactive flush(es), 1 terminate flush(es), 0 completion(s), 0 continuation(s) 
[2026-06-18T16:37:09.433+0800][27.082s][info][gc,reloc    ] GC(254) Relocation: Successful, 25M relocated
[2026-06-18T16:37:09.433+0800][27.082s][info][gc,nmethod  ] GC(254) NMethods: 23 registered, 0 unregistered
[2026-06-18T16:37:09.433+0800][27.082s][info][gc,metaspace] GC(254) Metaspace: 3M used, 4M capacity, 4M committed, 8M reserved
[2026-06-18T16:37:09.435+0800][27.084s][info][gc,ref      ] GC(254) Soft: 43 encountered, 0 discovered, 0 enqueued
[2026-06-18T16:37:09.435+0800][27.084s][info][gc,ref      ] GC(254) Weak: 7 encountered, 2 discovered, 0 enqueued
[2026-06-18T16:37:09.435+0800][27.085s][info][gc,ref      ] GC(254) Final: 0 encountered, 0 discovered, 0 enqueued
[2026-06-18T16:37:09.436+0800][27.085s][info][gc,ref      ] GC(254) Phantom: 1 encountered, 1 discovered, 0 enqueued
[2026-06-18T16:37:09.436+0800][27.085s][info][gc,heap     ] GC(254)                Mark Start          Mark End        Relocate Start      Relocate End           High               Low         
[2026-06-18T16:37:09.436+0800][27.085s][info][gc,heap     ] GC(254)  Capacity:      256M (100%)        256M (100%)        256M (100%)        256M (100%)        256M (100%)        256M (100%)   
[2026-06-18T16:37:09.436+0800][27.086s][info][gc,heap     ] GC(254)   Reserve:       62M (24%)          62M (24%)          62M (24%)          62M (24%)          62M (24%)          62M (24%)    
[2026-06-18T16:37:09.437+0800][27.086s][info][gc,heap     ] GC(254)      Free:       76M (30%)          76M (30%)         106M (41%)         146M (57%)         146M (57%)          68M (27%)    
[2026-06-18T16:37:09.437+0800][27.086s][info][gc,heap     ] GC(254)      Used:      118M (46%)         118M (46%)          88M (34%)          48M (19%)         126M (49%)          48M (19%)    
[2026-06-18T16:37:09.437+0800][27.086s][info][gc,heap     ] GC(254)      Live:         -                25M (10%)          25M (10%)          25M (10%)            -                  -          
[2026-06-18T16:37:09.437+0800][27.087s][info][gc,heap     ] GC(254) Allocated:         -                 0M (0%)            4M (2%)           48M (19%)            -                  -          
[2026-06-18T16:37:09.437+0800][27.087s][info][gc,heap     ] GC(254)   Garbage:         -                92M (36%)          58M (23%)          18M (7%)             -                  -          
[2026-06-18T16:37:09.438+0800][27.087s][info][gc,heap     ] GC(254) Reclaimed:         -                  -                34M (13%)          74M (29%)            -                  -          
[2026-06-18T16:37:09.438+0800][27.087s][info][gc          ] GC(254) Garbage Collection (Allocation Rate) 118M(46%)->48M(19%)
[2026-06-18T16:37:09.514+0800][27.163s][info][gc,start    ] GC(255) Garbage Collection (Allocation Rate)
[2026-06-18T16:37:09.519+0800][27.168s][info][gc,phases   ] GC(255) Pause Mark Start 0.415ms
[2026-06-18T16:37:09.525+0800][27.174s][info][gc,phases   ] GC(255) Concurrent Mark 1.679ms
[2026-06-18T16:37:09.532+0800][27.181s][info][gc,phases   ] GC(255) Pause Mark End 0.761ms
[2026-06-18T16:37:09.534+0800][27.183s][info][gc,phases   ] GC(255) Concurrent Process Non-Strong References 0.352ms
[2026-06-18T16:37:09.536+0800][27.186s][info][gc,phases   ] GC(255) Concurrent Reset Relocation Set 0.005ms
[2026-06-18T16:37:09.539+0800][27.188s][info][gc,phases   ] GC(255) Concurrent Destroy Detached Pages 0.001ms
[2026-06-18T16:37:09.547+0800][27.196s][info][gc,phases   ] GC(255) Concurrent Select Relocation Set 1.853ms
[2026-06-18T16:37:09.548+0800][27.197s][info][gc,phases   ] GC(255) Concurrent Prepare Relocation Set 0.015ms
[2026-06-18T16:37:09.550+0800][27.199s][info][gc,phases   ] GC(255) Pause Relocate Start 0.292ms
[2026-06-18T16:37:09.552+0800][27.201s][info][gc,phases   ] GC(255) Concurrent Relocate 0.664ms
[2026-06-18T16:37:09.553+0800][27.202s][info][gc,load     ] GC(255) Load: 0.72/0.41/0.26
[2026-06-18T16:37:09.554+0800][27.203s][info][gc,mmu      ] GC(255) MMU: 2ms/39.9%, 5ms/76.0%, 10ms/85.1%, 20ms/90.0%, 50ms/96.0%, 100ms/97.1%
[2026-06-18T16:37:09.554+0800][27.203s][info][gc,marking  ] GC(255) Mark: 2 stripe(s), 2 proactive flush(es), 1 terminate flush(es), 0 completion(s), 0 continuation(s) 
[2026-06-18T16:37:09.555+0800][27.204s][info][gc,reloc    ] GC(255) Relocation: Successful, 22M relocated
[2026-06-18T16:37:09.555+0800][27.204s][info][gc,nmethod  ] GC(255) NMethods: 23 registered, 0 unregistered
[2026-06-18T16:37:09.556+0800][27.205s][info][gc,metaspace] GC(255) Metaspace: 3M used, 4M capacity, 4M committed, 8M reserved
[2026-06-18T16:37:09.556+0800][27.205s][info][gc,ref      ] GC(255) Soft: 43 encountered, 0 discovered, 0 enqueued
[2026-06-18T16:37:09.556+0800][27.206s][info][gc,ref      ] GC(255) Weak: 7 encountered, 0 discovered, 0 enqueued
[2026-06-18T16:37:09.557+0800][27.206s][info][gc,ref      ] GC(255) Final: 0 encountered, 0 discovered, 0 enqueued
[2026-06-18T16:37:09.557+0800][27.207s][info][gc,ref      ] GC(255) Phantom: 1 encountered, 0 discovered, 0 enqueued
[2026-06-18T16:37:09.558+0800][27.207s][info][gc,heap     ] GC(255)                Mark Start          Mark End        Relocate Start      Relocate End           High               Low         
[2026-06-18T16:37:09.558+0800][27.207s][info][gc,heap     ] GC(255)  Capacity:      256M (100%)        256M (100%)        256M (100%)        256M (100%)        256M (100%)        256M (100%)   
[2026-06-18T16:37:09.558+0800][27.208s][info][gc,heap     ] GC(255)   Reserve:       62M (24%)          62M (24%)          62M (24%)          62M (24%)          62M (24%)          62M (24%)    
[2026-06-18T16:37:09.559+0800][27.208s][info][gc,heap     ] GC(255)      Free:      116M (45%)         112M (44%)         100M (39%)         110M (43%)         116M (45%)          72M (28%)    
[2026-06-18T16:37:09.559+0800][27.208s][info][gc,heap     ] GC(255)      Used:       78M (30%)          82M (32%)          94M (37%)          84M (33%)         122M (48%)          78M (30%)    
[2026-06-18T16:37:09.559+0800][27.209s][info][gc,heap     ] GC(255)      Live:         -                22M (9%)           22M (9%)           22M (9%)             -                  -          
[2026-06-18T16:37:09.559+0800][27.209s][info][gc,heap     ] GC(255) Allocated:         -                 4M (2%)           44M (17%)          52M (20%)            -                  -          
[2026-06-18T16:37:09.560+0800][27.209s][info][gc,heap     ] GC(255)   Garbage:         -                55M (22%)          27M (11%)          17M (7%)             -                  -          
[2026-06-18T16:37:09.560+0800][27.209s][info][gc,heap     ] GC(255) Reclaimed:         -                  -                28M (11%)          38M (15%)            -                  -          
[2026-06-18T16:37:09.560+0800][27.209s][info][gc          ] GC(255) Garbage Collection (Allocation Rate) 78M(30%)->84M(33%)
[2026-06-18T16:37:09.613+0800][27.263s][info][gc,start    ] GC(256) Garbage Collection (Allocation Rate)
[2026-06-18T16:37:09.616+0800][27.266s][info][gc,phases   ] GC(256) Pause Mark Start 0.509ms
[2026-06-18T16:37:09.620+0800][27.269s][info][gc,phases   ] GC(256) Concurrent Mark 2.038ms
[2026-06-18T16:37:09.622+0800][27.272s][info][gc,phases   ] GC(256) Pause Mark End 1.120ms
[2026-06-18T16:37:09.624+0800][27.273s][info][gc,phases   ] GC(256) Concurrent Process Non-Strong References 0.224ms
[2026-06-18T16:37:09.624+0800][27.274s][info][gc,phases   ] GC(256) Concurrent Reset Relocation Set 0.004ms
[2026-06-18T16:37:09.625+0800][27.274s][info][gc,phases   ] GC(256) Concurrent Destroy Detached Pages 0.001ms
[2026-06-18T16:37:09.627+0800][27.276s][info][gc,phases   ] GC(256) Concurrent Select Relocation Set 0.941ms
[2026-06-18T16:37:09.627+0800][27.276s][info][gc,phases   ] GC(256) Concurrent Prepare Relocation Set 0.002ms
[2026-06-18T16:37:09.628+0800][27.277s][info][gc,phases   ] GC(256) Pause Relocate Start 0.170ms
[2026-06-18T16:37:09.630+0800][27.279s][info][gc,phases   ] GC(256) Concurrent Relocate 1.439ms
[2026-06-18T16:37:09.631+0800][27.280s][info][gc,load     ] GC(256) Load: 0.72/0.41/0.26
[2026-06-18T16:37:09.631+0800][27.280s][info][gc,mmu      ] GC(256) MMU: 2ms/39.9%, 5ms/76.0%, 10ms/83.7%, 20ms/90.0%, 50ms/96.0%, 100ms/97.1%
[2026-06-18T16:37:09.631+0800][27.281s][info][gc,marking  ] GC(256) Mark: 2 stripe(s), 1 proactive flush(es), 1 terminate flush(es), 0 completion(s), 0 continuation(s) 
[2026-06-18T16:37:09.632+0800][27.281s][info][gc,reloc    ] GC(256) Relocation: Successful, 19M relocated
[2026-06-18T16:37:09.632+0800][27.281s][info][gc,nmethod  ] GC(256) NMethods: 23 registered, 0 unregistered
[2026-06-18T16:37:09.632+0800][27.282s][info][gc,metaspace] GC(256) Metaspace: 3M used, 4M capacity, 4M committed, 8M reserved
[2026-06-18T16:37:09.633+0800][27.282s][info][gc,ref      ] GC(256) Soft: 43 encountered, 0 discovered, 0 enqueued
[2026-06-18T16:37:09.633+0800][27.282s][info][gc,ref      ] GC(256) Weak: 7 encountered, 2 discovered, 0 enqueued
[2026-06-18T16:37:09.633+0800][27.282s][info][gc,ref      ] GC(256) Final: 0 encountered, 0 discovered, 0 enqueued
[2026-06-18T16:37:09.634+0800][27.283s][info][gc,ref      ] GC(256) Phantom: 1 encountered, 1 discovered, 0 enqueued
[2026-06-18T16:37:09.634+0800][27.283s][info][gc,heap     ] GC(256)                Mark Start          Mark End        Relocate Start      Relocate End           High               Low         
[2026-06-18T16:37:09.634+0800][27.284s][info][gc,heap     ] GC(256)  Capacity:      256M (100%)        256M (100%)        256M (100%)        256M (100%)        256M (100%)        256M (100%)   
[2026-06-18T16:37:09.635+0800][27.284s][info][gc,heap     ] GC(256)   Reserve:       62M (24%)          62M (24%)          62M (24%)          62M (24%)          62M (24%)          62M (24%)    
[2026-06-18T16:37:09.635+0800][27.284s][info][gc,heap     ] GC(256)      Free:       86M (34%)          82M (32%)         110M (43%)         144M (56%)         144M (56%)          74M (29%)    
[2026-06-18T16:37:09.635+0800][27.284s][info][gc,heap     ] GC(256)      Used:      108M (42%)         112M (44%)          84M (33%)          50M (20%)         120M (47%)          50M (20%)    
[2026-06-18T16:37:09.635+0800][27.285s][info][gc,heap     ] GC(256)      Live:         -                23M (9%)           23M (9%)           23M (9%)             -                  -          
[2026-06-18T16:37:09.635+0800][27.285s][info][gc,heap     ] GC(256) Allocated:         -                 4M (2%)            4M (2%)           46M (18%)            -                  -          
[2026-06-18T16:37:09.636+0800][27.285s][info][gc,heap     ] GC(256)   Garbage:         -                84M (33%)          56M (22%)          18M (7%)             -                  -          
[2026-06-18T16:37:09.636+0800][27.285s][info][gc,heap     ] GC(256) Reclaimed:         -                  -                28M (11%)          66M (26%)            -                  -          
[2026-06-18T16:37:09.636+0800][27.285s][info][gc          ] GC(256) Garbage Collection (Allocation Rate) 108M(42%)->50M(20%)
[2026-06-18T16:37:09.714+0800][27.363s][info][gc,start    ] GC(257) Garbage Collection (Allocation Rate)
[2026-06-18T16:37:09.719+0800][27.368s][info][gc,phases   ] GC(257) Pause Mark Start 0.408ms
[2026-06-18T16:37:09.722+0800][27.371s][info][gc,phases   ] GC(257) Concurrent Mark 1.938ms
[2026-06-18T16:37:09.725+0800][27.374s][info][gc,phases   ] GC(257) Pause Mark End 0.617ms
[2026-06-18T16:37:09.726+0800][27.375s][info][gc,phases   ] GC(257) Concurrent Process Non-Strong References 0.288ms
[2026-06-18T16:37:09.728+0800][27.378s][info][gc,phases   ] GC(257) Concurrent Reset Relocation Set 0.003ms
[2026-06-18T16:37:09.730+0800][27.379s][info][gc,phases   ] GC(257) Concurrent Destroy Detached Pages 0.002ms
[2026-06-18T16:37:09.732+0800][27.381s][info][gc,phases   ] GC(257) Concurrent Select Relocation Set 1.089ms
[2026-06-18T16:37:09.733+0800][27.382s][info][gc,phases   ] GC(257) Concurrent Prepare Relocation Set 0.021ms
[2026-06-18T16:37:09.734+0800][27.384s][info][gc,phases   ] GC(257) Pause Relocate Start 0.264ms
[2026-06-18T16:37:09.736+0800][27.385s][info][gc,phases   ] GC(257) Concurrent Relocate 0.731ms
[2026-06-18T16:37:09.737+0800][27.386s][info][gc,load     ] GC(257) Load: 0.72/0.41/0.26
[2026-06-18T16:37:09.737+0800][27.387s][info][gc,mmu      ] GC(257) MMU: 2ms/39.9%, 5ms/76.0%, 10ms/83.7%, 20ms/90.0%, 50ms/96.0%, 100ms/97.1%
[2026-06-18T16:37:09.738+0800][27.387s][info][gc,marking  ] GC(257) Mark: 2 stripe(s), 1 proactive flush(es), 1 terminate flush(es), 0 completion(s), 0 continuation(s) 
[2026-06-18T16:37:09.738+0800][27.387s][info][gc,reloc    ] GC(257) Relocation: Successful, 20M relocated
[2026-06-18T16:37:09.740+0800][27.389s][info][gc,nmethod  ] GC(257) NMethods: 23 registered, 0 unregistered
[2026-06-18T16:37:09.745+0800][27.395s][info][gc,metaspace] GC(257) Metaspace: 3M used, 4M capacity, 4M committed, 8M reserved
[2026-06-18T16:37:09.747+0800][27.397s][info][gc,ref      ] GC(257) Soft: 43 encountered, 0 discovered, 0 enqueued
[2026-06-18T16:37:09.748+0800][27.397s][info][gc,ref      ] GC(257) Weak: 7 encountered, 2 discovered, 0 enqueued
[2026-06-18T16:37:09.749+0800][27.398s][info][gc,ref      ] GC(257) Final: 0 encountered, 0 discovered, 0 enqueued
[2026-06-18T16:37:09.749+0800][27.398s][info][gc,ref      ] GC(257) Phantom: 1 encountered, 1 discovered, 0 enqueued
[2026-06-18T16:37:09.750+0800][27.399s][info][gc,heap     ] GC(257)                Mark Start          Mark End        Relocate Start      Relocate End           High               Low         
[2026-06-18T16:37:09.750+0800][27.400s][info][gc,heap     ] GC(257)  Capacity:      256M (100%)        256M (100%)        256M (100%)        256M (100%)        256M (100%)        256M (100%)   
[2026-06-18T16:37:09.751+0800][27.401s][info][gc,heap     ] GC(257)   Reserve:       62M (24%)          62M (24%)          62M (24%)          62M (24%)          62M (24%)          62M (24%)    
[2026-06-18T16:37:09.752+0800][27.401s][info][gc,heap     ] GC(257)      Free:      112M (44%)         112M (44%)         108M (42%)         118M (46%)         118M (46%)          74M (29%)    
[2026-06-18T16:37:09.752+0800][27.402s][info][gc,heap     ] GC(257)      Used:       82M (32%)          82M (32%)          86M (34%)          76M (30%)         120M (47%)          76M (30%)    
[2026-06-18T16:37:09.753+0800][27.402s][info][gc,heap     ] GC(257)      Live:         -                20M (8%)           20M (8%)           20M (8%)             -                  -          
[2026-06-18T16:37:09.753+0800][27.402s][info][gc,heap     ] GC(257) Allocated:         -                 0M (0%)           38M (15%)          44M (17%)            -                  -          
[2026-06-18T16:37:09.753+0800][27.403s][info][gc,heap     ] GC(257)   Garbage:         -                61M (24%)          27M (11%)          17M (7%)             -                  -          
[2026-06-18T16:37:09.754+0800][27.403s][info][gc,heap     ] GC(257) Reclaimed:         -                  -                34M (13%)          44M (17%)            -                  -          
[2026-06-18T16:37:09.754+0800][27.403s][info][gc          ] GC(257) Garbage Collection (Allocation Rate) 82M(32%)->76M(30%)
[2026-06-18T16:37:09.814+0800][27.463s][info][gc,start    ] GC(258) Garbage Collection (Allocation Rate)
[2026-06-18T16:37:09.818+0800][27.467s][info][gc,phases   ] GC(258) Pause Mark Start 0.390ms
[2026-06-18T16:37:09.821+0800][27.471s][info][gc,phases   ] GC(258) Concurrent Mark 2.152ms
[2026-06-18T16:37:09.824+0800][27.473s][info][gc,phases   ] GC(258) Pause Mark End 0.504ms
[2026-06-18T16:37:09.825+0800][27.474s][info][gc,phases   ] GC(258) Concurrent Process Non-Strong References 0.206ms
[2026-06-18T16:37:09.826+0800][27.475s][info][gc,phases   ] GC(258) Concurrent Reset Relocation Set 0.003ms
[2026-06-18T16:37:09.827+0800][27.476s][info][gc,phases   ] GC(258) Concurrent Destroy Detached Pages 0.001ms
[2026-06-18T16:37:09.828+0800][27.478s][info][gc,phases   ] GC(258) Concurrent Select Relocation Set 0.731ms
[2026-06-18T16:37:09.829+0800][27.478s][info][gc,phases   ] GC(258) Concurrent Prepare Relocation Set 0.007ms
[2026-06-18T16:37:09.830+0800][27.479s][info][gc,phases   ] GC(258) Pause Relocate Start 0.169ms
[2026-06-18T16:37:09.833+0800][27.482s][info][gc,phases   ] GC(258) Concurrent Relocate 1.936ms
[2026-06-18T16:37:09.833+0800][27.482s][info][gc,load     ] GC(258) Load: 0.72/0.41/0.26
[2026-06-18T16:37:09.834+0800][27.483s][info][gc,mmu      ] GC(258) MMU: 2ms/39.9%, 5ms/76.0%, 10ms/83.7%, 20ms/90.0%, 50ms/96.0%, 100ms/97.1%
[2026-06-18T16:37:09.834+0800][27.483s][info][gc,marking  ] GC(258) Mark: 2 stripe(s), 1 proactive flush(es), 1 terminate flush(es), 0 completion(s), 0 continuation(s) 
[2026-06-18T16:37:09.834+0800][27.484s][info][gc,reloc    ] GC(258) Relocation: Successful, 23M relocated
[2026-06-18T16:37:09.835+0800][27.484s][info][gc,nmethod  ] GC(258) NMethods: 23 registered, 0 unregistered
[2026-06-18T16:37:09.835+0800][27.484s][info][gc,metaspace] GC(258) Metaspace: 3M used, 4M capacity, 4M committed, 8M reserved
[2026-06-18T16:37:09.835+0800][27.485s][info][gc,ref      ] GC(258) Soft: 43 encountered, 0 discovered, 0 enqueued
[2026-06-18T16:37:09.835+0800][27.485s][info][gc,ref      ] GC(258) Weak: 7 encountered, 0 discovered, 0 enqueued
[2026-06-18T16:37:09.836+0800][27.485s][info][gc,ref      ] GC(258) Final: 0 encountered, 0 discovered, 0 enqueued
[2026-06-18T16:37:09.836+0800][27.485s][info][gc,ref      ] GC(258) Phantom: 1 encountered, 0 discovered, 0 enqueued
[2026-06-18T16:37:09.836+0800][27.485s][info][gc,heap     ] GC(258)                Mark Start          Mark End        Relocate Start      Relocate End           High               Low         
[2026-06-18T16:37:09.836+0800][27.486s][info][gc,heap     ] GC(258)  Capacity:      256M (100%)        256M (100%)        256M (100%)        256M (100%)        256M (100%)        256M (100%)   
[2026-06-18T16:37:09.837+0800][27.486s][info][gc,heap     ] GC(258)   Reserve:       62M (24%)          62M (24%)          62M (24%)          62M (24%)          62M (24%)          62M (24%)    
[2026-06-18T16:37:09.837+0800][27.486s][info][gc,heap     ] GC(258)      Free:       88M (34%)          50M (20%)          76M (30%)         140M (55%)         140M (55%)          50M (20%)    
[2026-06-18T16:37:09.837+0800][27.487s][info][gc,heap     ] GC(258)      Used:      106M (41%)         144M (56%)         118M (46%)          54M (21%)         144M (56%)          54M (21%)    
[2026-06-18T16:37:09.838+0800][27.487s][info][gc,heap     ] GC(258)      Live:         -                27M (11%)          27M (11%)          27M (11%)            -                  -          
[2026-06-18T16:37:09.838+0800][27.487s][info][gc,heap     ] GC(258) Allocated:         -                38M (15%)          38M (15%)          50M (20%)            -                  -          
[2026-06-18T16:37:09.838+0800][27.487s][info][gc,heap     ] GC(258)   Garbage:         -                78M (31%)          52M (20%)    17592186044400M (6         -                  -          
[2026-06-18T16:37:09.838+0800][27.488s][info][gc,heap     ] GC(258) Reclaimed:         -                  -                26M (10%)          94M (37%)            -                  -          
[2026-06-18T16:37:09.839+0800][27.488s][info][gc          ] GC(258) Garbage Collection (Allocation Rate) 106M(41%)->54M(21%)
[2026-06-18T16:37:09.913+0800][27.562s][info][gc,start    ] GC(259) Garbage Collection (Allocation Rate)
[2026-06-18T16:37:09.917+0800][27.566s][info][gc,phases   ] GC(259) Pause Mark Start 0.401ms
[2026-06-18T16:37:09.922+0800][27.572s][info][gc,phases   ] GC(259) Concurrent Mark 2.027ms
[2026-06-18T16:37:09.926+0800][27.576s][info][gc,phases   ] GC(259) Pause Mark End 1.053ms
[2026-06-18T16:37:09.929+0800][27.579s][info][gc,phases   ] GC(259) Concurrent Process Non-Strong References 0.161ms
[2026-06-18T16:37:09.933+0800][27.582s][info][gc,phases   ] GC(259) Concurrent Reset Relocation Set 0.006ms
[2026-06-18T16:37:09.937+0800][27.586s][info][gc,phases   ] GC(259) Concurrent Destroy Detached Pages 0.001ms
[2026-06-18T16:37:09.941+0800][27.590s][info][gc,phases   ] GC(259) Concurrent Select Relocation Set 0.616ms
[2026-06-18T16:37:09.942+0800][27.591s][info][gc,phases   ] GC(259) Concurrent Prepare Relocation Set 0.009ms
[2026-06-18T16:37:09.943+0800][27.592s][info][gc,phases   ] GC(259) Pause Relocate Start 0.176ms
[2026-06-18T16:37:09.944+0800][27.593s][info][gc,phases   ] GC(259) Concurrent Relocate 0.492ms
[2026-06-18T16:37:09.944+0800][27.594s][info][gc,load     ] GC(259) Load: 0.72/0.41/0.26
[2026-06-18T16:37:09.945+0800][27.594s][info][gc,mmu      ] GC(259) MMU: 2ms/39.9%, 5ms/76.0%, 10ms/83.7%, 20ms/90.0%, 50ms/96.0%, 100ms/97.1%
[2026-06-18T16:37:09.945+0800][27.594s][info][gc,marking  ] GC(259) Mark: 2 stripe(s), 2 proactive flush(es), 1 terminate flush(es), 0 completion(s), 0 continuation(s) 
[2026-06-18T16:37:09.945+0800][27.594s][info][gc,reloc    ] GC(259) Relocation: Successful, 24M relocated
[2026-06-18T16:37:09.945+0800][27.595s][info][gc,nmethod  ] GC(259) NMethods: 23 registered, 0 unregistered
[2026-06-18T16:37:09.946+0800][27.595s][info][gc,metaspace] GC(259) Metaspace: 3M used, 4M capacity, 4M committed, 8M reserved
[2026-06-18T16:37:09.946+0800][27.595s][info][gc,ref      ] GC(259) Soft: 43 encountered, 0 discovered, 0 enqueued
[2026-06-18T16:37:09.946+0800][27.596s][info][gc,ref      ] GC(259) Weak: 7 encountered, 2 discovered, 0 enqueued
[2026-06-18T16:37:09.947+0800][27.596s][info][gc,ref      ] GC(259) Final: 0 encountered, 0 discovered, 0 enqueued
[2026-06-18T16:37:09.947+0800][27.596s][info][gc,ref      ] GC(259) Phantom: 1 encountered, 1 discovered, 0 enqueued
[2026-06-18T16:37:09.947+0800][27.596s][info][gc,heap     ] GC(259)                Mark Start          Mark End        Relocate Start      Relocate End           High               Low         
[2026-06-18T16:37:09.947+0800][27.597s][info][gc,heap     ] GC(259)  Capacity:      256M (100%)        256M (100%)        256M (100%)        256M (100%)        256M (100%)        256M (100%)   
[2026-06-18T16:37:09.948+0800][27.597s][info][gc,heap     ] GC(259)   Reserve:       62M (24%)          62M (24%)          62M (24%)          62M (24%)          62M (24%)          62M (24%)    
[2026-06-18T16:37:09.948+0800][27.597s][info][gc,heap     ] GC(259)      Free:      112M (44%)          78M (30%)          94M (37%)         106M (41%)         112M (44%)          74M (29%)    
[2026-06-18T16:37:09.948+0800][27.597s][info][gc,heap     ] GC(259)      Used:       82M (32%)         116M (45%)         100M (39%)          88M (34%)         120M (47%)          82M (32%)    
[2026-06-18T16:37:09.948+0800][27.598s][info][gc,heap     ] GC(259)      Live:         -                26M (10%)          26M (10%)          26M (10%)            -                  -          
[2026-06-18T16:37:09.949+0800][27.598s][info][gc,heap     ] GC(259) Allocated:         -                34M (13%)          42M (16%)          50M (20%)            -                  -          
[2026-06-18T16:37:09.949+0800][27.598s][info][gc,heap     ] GC(259)   Garbage:         -                55M (22%)          31M (12%)          19M (8%)             -                  -          
[2026-06-18T16:37:09.949+0800][27.598s][info][gc,heap     ] GC(259) Reclaimed:         -                  -                24M (9%)           36M (14%)            -                  -          
[2026-06-18T16:37:09.949+0800][27.599s][info][gc          ] GC(259) Garbage Collection (Allocation Rate) 82M(32%)->88M(34%)
[2026-06-18T16:37:10.013+0800][27.663s][info][gc,start    ] GC(260) Garbage Collection (Allocation Rate)
[2026-06-18T16:37:10.017+0800][27.666s][info][gc,phases   ] GC(260) Pause Mark Start 0.436ms
[2026-06-18T16:37:10.021+0800][27.670s][info][gc,phases   ] GC(260) Concurrent Mark 2.292ms
[2026-06-18T16:37:10.024+0800][27.673s][info][gc,phases   ] GC(260) Pause Mark End 0.894ms
[2026-06-18T16:37:10.025+0800][27.674s][info][gc,phases   ] GC(260) Concurrent Process Non-Strong References 0.231ms
[2026-06-18T16:37:10.026+0800][27.675s][info][gc,phases   ] GC(260) Concurrent Reset Relocation Set 0.005ms
[2026-06-18T16:37:10.027+0800][27.676s][info][gc,phases   ] GC(260) Concurrent Destroy Detached Pages 0.001ms
[2026-06-18T16:37:10.029+0800][27.678s][info][gc,phases   ] GC(260) Concurrent Select Relocation Set 1.034ms
[2026-06-18T16:37:10.030+0800][27.679s][info][gc,phases   ] GC(260) Concurrent Prepare Relocation Set 0.009ms
[2026-06-18T16:37:10.031+0800][27.680s][info][gc,phases   ] GC(260) Pause Relocate Start 0.238ms
[2026-06-18T16:37:10.033+0800][27.682s][info][gc,phases   ] GC(260) Concurrent Relocate 1.359ms
[2026-06-18T16:37:10.034+0800][27.683s][info][gc,load     ] GC(260) Load: 0.72/0.41/0.26
[2026-06-18T16:37:10.034+0800][27.683s][info][gc,mmu      ] GC(260) MMU: 2ms/39.9%, 5ms/76.0%, 10ms/83.7%, 20ms/90.0%, 50ms/96.0%, 100ms/97.1%
[2026-06-18T16:37:10.035+0800][27.684s][info][gc,marking  ] GC(260) Mark: 2 stripe(s), 2 proactive flush(es), 1 terminate flush(es), 0 completion(s), 0 continuation(s) 
[2026-06-18T16:37:10.035+0800][27.684s][info][gc,reloc    ] GC(260) Relocation: Successful, 21M relocated
[2026-06-18T16:37:10.035+0800][27.685s][info][gc,nmethod  ] GC(260) NMethods: 23 registered, 0 unregistered
[2026-06-18T16:37:10.036+0800][27.685s][info][gc,metaspace] GC(260) Metaspace: 3M used, 4M capacity, 4M committed, 8M reserved
[2026-06-18T16:37:10.036+0800][27.685s][info][gc,ref      ] GC(260) Soft: 43 encountered, 0 discovered, 0 enqueued
[2026-06-18T16:37:10.036+0800][27.686s][info][gc,ref      ] GC(260) Weak: 7 encountered, 2 discovered, 0 enqueued
[2026-06-18T16:37:10.037+0800][27.686s][info][gc,ref      ] GC(260) Final: 0 encountered, 0 discovered, 0 enqueued
[2026-06-18T16:37:10.037+0800][27.686s][info][gc,ref      ] GC(260) Phantom: 1 encountered, 1 discovered, 0 enqueued
[2026-06-18T16:37:10.037+0800][27.686s][info][gc,heap     ] GC(260)                Mark Start          Mark End        Relocate Start      Relocate End           High               Low         
[2026-06-18T16:37:10.037+0800][27.687s][info][gc,heap     ] GC(260)  Capacity:      256M (100%)        256M (100%)        256M (100%)        256M (100%)        256M (100%)        256M (100%)   
[2026-06-18T16:37:10.038+0800][27.687s][info][gc,heap     ] GC(260)   Reserve:       62M (24%)          62M (24%)          62M (24%)          62M (24%)          62M (24%)          62M (24%)    
[2026-06-18T16:37:10.038+0800][27.687s][info][gc,heap     ] GC(260)      Free:       80M (31%)          46M (18%)          72M (28%)         144M (56%)         144M (56%)          46M (18%)    
[2026-06-18T16:37:10.038+0800][27.688s][info][gc,heap     ] GC(260)      Used:      114M (45%)         148M (58%)         122M (48%)          50M (20%)         148M (58%)          50M (20%)    
[2026-06-18T16:37:10.038+0800][27.688s][info][gc,heap     ] GC(260)      Live:         -                21M (8%)           21M (8%)           21M (8%)             -                  -          
[2026-06-18T16:37:10.039+0800][27.688s][info][gc,heap     ] GC(260) Allocated:         -                34M (13%)          38M (15%)          46M (18%)            -                  -          
[2026-06-18T16:37:10.039+0800][27.688s][info][gc,heap     ] GC(260)   Garbage:         -                92M (36%)          62M (25%)    17592186044406M (6         -                  -          
[2026-06-18T16:37:10.039+0800][27.688s][info][gc,heap     ] GC(260) Reclaimed:         -                  -                30M (12%)         102M (40%)            -                  -          
[2026-06-18T16:37:10.039+0800][27.689s][info][gc          ] GC(260) Garbage Collection (Allocation Rate) 114M(45%)->50M(20%)
[2026-06-18T16:37:10.114+0800][27.763s][info][gc,start    ] GC(261) Garbage Collection (Allocation Rate)
[2026-06-18T16:37:10.118+0800][27.767s][info][gc,phases   ] GC(261) Pause Mark Start 0.414ms
[2026-06-18T16:37:10.122+0800][27.771s][info][gc,phases   ] GC(261) Concurrent Mark 2.138ms
[2026-06-18T16:37:10.124+0800][27.774s][info][gc,phases   ] GC(261) Pause Mark End 0.521ms
[2026-06-18T16:37:10.126+0800][27.775s][info][gc,phases   ] GC(261) Concurrent Process Non-Strong References 0.210ms
[2026-06-18T16:37:10.127+0800][27.776s][info][gc,phases   ] GC(261) Concurrent Reset Relocation Set 0.002ms
[2026-06-18T16:37:10.128+0800][27.777s][info][gc,phases   ] GC(261) Concurrent Destroy Detached Pages 0.001ms
[2026-06-18T16:37:10.129+0800][27.778s][info][gc,phases   ] GC(261) Concurrent Select Relocation Set 0.540ms
[2026-06-18T16:37:10.130+0800][27.779s][info][gc,phases   ] GC(261) Concurrent Prepare Relocation Set 0.002ms
[2026-06-18T16:37:10.132+0800][27.781s][info][gc,phases   ] GC(261) Pause Relocate Start 0.109ms
[2026-06-18T16:37:10.132+0800][27.782s][info][gc,phases   ] GC(261) Concurrent Relocate 0.232ms
[2026-06-18T16:37:10.133+0800][27.782s][info][gc,load     ] GC(261) Load: 0.72/0.41/0.26
[2026-06-18T16:37:10.133+0800][27.783s][info][gc,mmu      ] GC(261) MMU: 2ms/39.9%, 5ms/76.0%, 10ms/83.7%, 20ms/90.0%, 50ms/96.0%, 100ms/97.1%
[2026-06-18T16:37:10.134+0800][27.783s][info][gc,marking  ] GC(261) Mark: 2 stripe(s), 1 proactive flush(es), 1 terminate flush(es), 0 completion(s), 0 continuation(s) 
[2026-06-18T16:37:10.135+0800][27.784s][info][gc,reloc    ] GC(261) Relocation: Successful, 28M relocated
[2026-06-18T16:37:10.135+0800][27.784s][info][gc,nmethod  ] GC(261) NMethods: 23 registered, 0 unregistered
[2026-06-18T16:37:10.135+0800][27.785s][info][gc,metaspace] GC(261) Metaspace: 3M used, 4M capacity, 4M committed, 8M reserved
[2026-06-18T16:37:10.136+0800][27.785s][info][gc,ref      ] GC(261) Soft: 43 encountered, 0 discovered, 0 enqueued
[2026-06-18T16:37:10.136+0800][27.785s][info][gc,ref      ] GC(261) Weak: 7 encountered, 2 discovered, 0 enqueued
[2026-06-18T16:37:10.136+0800][27.786s][info][gc,ref      ] GC(261) Final: 0 encountered, 0 discovered, 0 enqueued
[2026-06-18T16:37:10.137+0800][27.786s][info][gc,ref      ] GC(261) Phantom: 1 encountered, 1 discovered, 0 enqueued
[2026-06-18T16:37:10.137+0800][27.786s][info][gc,heap     ] GC(261)                Mark Start          Mark End        Relocate Start      Relocate End           High               Low         
[2026-06-18T16:37:10.137+0800][27.786s][info][gc,heap     ] GC(261)  Capacity:      256M (100%)        256M (100%)        256M (100%)        256M (100%)        256M (100%)        256M (100%)   
[2026-06-18T16:37:10.137+0800][27.787s][info][gc,heap     ] GC(261)   Reserve:       62M (24%)          62M (24%)          62M (24%)          62M (24%)          62M (24%)          62M (24%)    
[2026-06-18T16:37:10.138+0800][27.787s][info][gc,heap     ] GC(261)      Free:      114M (45%)         114M (45%)         136M (53%)         146M (57%)         146M (57%)         110M (43%)    
[2026-06-18T16:37:10.138+0800][27.787s][info][gc,heap     ] GC(261)      Used:       80M (31%)          80M (31%)          58M (23%)          48M (19%)          84M (33%)          48M (19%)    
[2026-06-18T16:37:10.138+0800][27.787s][info][gc,heap     ] GC(261)      Live:         -                29M (12%)          29M (12%)          29M (12%)            -                  -          
[2026-06-18T16:37:10.138+0800][27.788s][info][gc,heap     ] GC(261) Allocated:         -                 0M (0%)            4M (2%)           10M (4%)             -                  -          
[2026-06-18T16:37:10.138+0800][27.788s][info][gc,heap     ] GC(261)   Garbage:         -                50M (20%)          24M (9%)           14M (5%)             -                  -          
[2026-06-18T16:37:10.139+0800][27.788s][info][gc,heap     ] GC(261) Reclaimed:         -                  -                26M (10%)          36M (14%)            -                  -          
[2026-06-18T16:37:10.139+0800][27.788s][info][gc          ] GC(261) Garbage Collection (Allocation Rate) 80M(31%)->48M(19%)
[2026-06-18T16:37:10.214+0800][27.863s][info][gc,start    ] GC(262) Garbage Collection (Allocation Rate)
[2026-06-18T16:37:10.218+0800][27.867s][info][gc,phases   ] GC(262) Pause Mark Start 0.465ms
[2026-06-18T16:37:10.222+0800][27.871s][info][gc,phases   ] GC(262) Concurrent Mark 1.893ms
[2026-06-18T16:37:10.224+0800][27.873s][info][gc,phases   ] GC(262) Pause Mark End 0.512ms
[2026-06-18T16:37:10.225+0800][27.874s][info][gc,phases   ] GC(262) Concurrent Process Non-Strong References 0.101ms
[2026-06-18T16:37:10.225+0800][27.875s][info][gc,phases   ] GC(262) Concurrent Reset Relocation Set 0.003ms
[2026-06-18T16:37:10.227+0800][27.876s][info][gc,phases   ] GC(262) Concurrent Destroy Detached Pages 0.001ms
[2026-06-18T16:37:10.229+0800][27.878s][info][gc,phases   ] GC(262) Concurrent Select Relocation Set 0.859ms
[2026-06-18T16:37:10.229+0800][27.879s][info][gc,phases   ] GC(262) Concurrent Prepare Relocation Set 0.014ms
[2026-06-18T16:37:10.230+0800][27.879s][info][gc,phases   ] GC(262) Pause Relocate Start 0.193ms
[2026-06-18T16:37:10.236+0800][27.885s][info][gc,phases   ] GC(262) Concurrent Relocate 2.150ms
[2026-06-18T16:37:10.240+0800][27.889s][info][gc,load     ] GC(262) Load: 0.72/0.41/0.26
[2026-06-18T16:37:10.245+0800][27.895s][info][gc,mmu      ] GC(262) MMU: 2ms/39.9%, 5ms/76.0%, 10ms/83.7%, 20ms/90.0%, 50ms/96.0%, 100ms/97.1%
[2026-06-18T16:37:10.248+0800][27.897s][info][gc,marking  ] GC(262) Mark: 2 stripe(s), 1 proactive flush(es), 1 terminate flush(es), 0 completion(s), 0 continuation(s) 
[2026-06-18T16:37:10.251+0800][27.901s][info][gc,reloc    ] GC(262) Relocation: Successful, 25M relocated
[2026-06-18T16:37:10.252+0800][27.902s][info][gc,nmethod  ] GC(262) NMethods: 23 registered, 0 unregistered
[2026-06-18T16:37:10.254+0800][27.903s][info][gc,metaspace] GC(262) Metaspace: 3M used, 4M capacity, 4M committed, 8M reserved
[2026-06-18T16:37:10.255+0800][27.904s][info][gc,ref      ] GC(262) Soft: 43 encountered, 0 discovered, 0 enqueued
[2026-06-18T16:37:10.256+0800][27.905s][info][gc,ref      ] GC(262) Weak: 7 encountered, 2 discovered, 0 enqueued
[2026-06-18T16:37:10.257+0800][27.906s][info][gc,ref      ] GC(262) Final: 0 encountered, 0 discovered, 0 enqueued
[2026-06-18T16:37:10.257+0800][27.907s][info][gc,ref      ] GC(262) Phantom: 1 encountered, 1 discovered, 0 enqueued
[2026-06-18T16:37:10.258+0800][27.907s][info][gc,heap     ] GC(262)                Mark Start          Mark End        Relocate Start      Relocate End           High               Low         
[2026-06-18T16:37:10.258+0800][27.908s][info][gc,heap     ] GC(262)  Capacity:      256M (100%)        256M (100%)        256M (100%)        256M (100%)        256M (100%)        256M (100%)   
[2026-06-18T16:37:10.259+0800][27.908s][info][gc,heap     ] GC(262)   Reserve:       62M (24%)          62M (24%)          62M (24%)          62M (24%)          62M (24%)          62M (24%)    
[2026-06-18T16:37:10.259+0800][27.909s][info][gc,heap     ] GC(262)      Free:       82M (32%)          78M (30%)         110M (43%)         142M (55%)         142M (55%)          68M (27%)    
[2026-06-18T16:37:10.260+0800][27.909s][info][gc,heap     ] GC(262)      Used:      112M (44%)         116M (45%)          84M (33%)          52M (20%)         126M (49%)          52M (20%)    
[2026-06-18T16:37:10.260+0800][27.910s][info][gc,heap     ] GC(262)      Live:         -                25M (10%)          25M (10%)          25M (10%)            -                  -          
[2026-06-18T16:37:10.261+0800][27.910s][info][gc,heap     ] GC(262) Allocated:         -                 4M (2%)            4M (2%)           50M (20%)            -                  -          
[2026-06-18T16:37:10.261+0800][27.911s][info][gc,heap     ] GC(262)   Garbage:         -                86M (34%)          54M (21%)          18M (7%)             -                  -          
[2026-06-18T16:37:10.262+0800][27.911s][info][gc,heap     ] GC(262) Reclaimed:         -                  -                32M (12%)          68M (27%)            -                  -          
[2026-06-18T16:37:10.262+0800][27.911s][info][gc          ] GC(262) Garbage Collection (Allocation Rate) 112M(44%)->52M(20%)
[2026-06-18T16:37:10.313+0800][27.962s][info][gc,start    ] GC(263) Garbage Collection (Allocation Rate)
[2026-06-18T16:37:10.316+0800][27.966s][info][gc,phases   ] GC(263) Pause Mark Start 0.466ms
[2026-06-18T16:37:10.320+0800][27.970s][info][gc,phases   ] GC(263) Concurrent Mark 2.253ms
[2026-06-18T16:37:10.323+0800][27.972s][info][gc,phases   ] GC(263) Pause Mark End 0.768ms
[2026-06-18T16:37:10.325+0800][27.975s][info][gc,phases   ] GC(263) Concurrent Process Non-Strong References 0.198ms
[2026-06-18T16:37:10.326+0800][27.976s][info][gc,phases   ] GC(263) Concurrent Reset Relocation Set 0.005ms
[2026-06-18T16:37:10.327+0800][27.976s][info][gc,phases   ] GC(263) Concurrent Destroy Detached Pages 0.001ms
[2026-06-18T16:37:10.329+0800][27.978s][info][gc,phases   ] GC(263) Concurrent Select Relocation Set 1.000ms
[2026-06-18T16:37:10.329+0800][27.979s][info][gc,phases   ] GC(263) Concurrent Prepare Relocation Set 0.009ms
[2026-06-18T16:37:10.331+0800][27.980s][info][gc,phases   ] GC(263) Pause Relocate Start 0.232ms
[2026-06-18T16:37:10.332+0800][27.981s][info][gc,phases   ] GC(263) Concurrent Relocate 0.504ms
[2026-06-18T16:37:10.332+0800][27.982s][info][gc,load     ] GC(263) Load: 0.72/0.41/0.26
[2026-06-18T16:37:10.333+0800][27.982s][info][gc,mmu      ] GC(263) MMU: 2ms/39.9%, 5ms/76.0%, 10ms/83.7%, 20ms/90.0%, 50ms/96.0%, 100ms/97.1%
[2026-06-18T16:37:10.333+0800][27.982s][info][gc,marking  ] GC(263) Mark: 2 stripe(s), 1 proactive flush(es), 1 terminate flush(es), 0 completion(s), 0 continuation(s) 
[2026-06-18T16:37:10.334+0800][27.983s][info][gc,reloc    ] GC(263) Relocation: Successful, 21M relocated
[2026-06-18T16:37:10.334+0800][27.983s][info][gc,nmethod  ] GC(263) NMethods: 23 registered, 0 unregistered
[2026-06-18T16:37:10.334+0800][27.984s][info][gc,metaspace] GC(263) Metaspace: 3M used, 4M capacity, 4M committed, 8M reserved
[2026-06-18T16:37:10.335+0800][27.984s][info][gc,ref      ] GC(263) Soft: 43 encountered, 0 discovered, 0 enqueued
[2026-06-18T16:37:10.335+0800][27.984s][info][gc,ref      ] GC(263) Weak: 7 encountered, 0 discovered, 0 enqueued
[2026-06-18T16:37:10.335+0800][27.985s][info][gc,ref      ] GC(263) Final: 0 encountered, 0 discovered, 0 enqueued
[2026-06-18T16:37:10.335+0800][27.985s][info][gc,ref      ] GC(263) Phantom: 1 encountered, 1 discovered, 0 enqueued
[2026-06-18T16:37:10.336+0800][27.985s][info][gc,heap     ] GC(263)                Mark Start          Mark End        Relocate Start      Relocate End           High               Low         
[2026-06-18T16:37:10.336+0800][27.986s][info][gc,heap     ] GC(263)  Capacity:      256M (100%)        256M (100%)        256M (100%)        256M (100%)        256M (100%)        256M (100%)   
[2026-06-18T16:37:10.337+0800][27.986s][info][gc,heap     ] GC(263)   Reserve:       62M (24%)          62M (24%)          62M (24%)          62M (24%)          62M (24%)          62M (24%)    
[2026-06-18T16:37:10.337+0800][27.986s][info][gc,heap     ] GC(263)      Free:      114M (45%)         110M (43%)         136M (53%)         146M (57%)         146M (57%)         110M (43%)    
[2026-06-18T16:37:10.337+0800][27.987s][info][gc,heap     ] GC(263)      Used:       80M (31%)          84M (33%)          58M (23%)          48M (19%)          84M (33%)          48M (19%)    
[2026-06-18T16:37:10.338+0800][27.987s][info][gc,heap     ] GC(263)      Live:         -                22M (9%)           22M (9%)           22M (9%)             -                  -          
[2026-06-18T16:37:10.338+0800][27.987s][info][gc,heap     ] GC(263) Allocated:         -                 4M (2%)            8M (3%)           14M (5%)             -                  -          
[2026-06-18T16:37:10.338+0800][27.987s][info][gc,heap     ] GC(263)   Garbage:         -                57M (22%)          27M (11%)          17M (7%)             -                  -          
[2026-06-18T16:37:10.338+0800][27.988s][info][gc,heap     ] GC(263) Reclaimed:         -                  -                30M (12%)          40M (16%)            -                  -          
[2026-06-18T16:37:10.339+0800][27.988s][info][gc          ] GC(263) Garbage Collection (Allocation Rate) 80M(31%)->48M(19%)
[2026-06-18T16:37:10.413+0800][28.063s][info][gc,start    ] GC(264) Garbage Collection (Allocation Rate)
[2026-06-18T16:37:10.418+0800][28.067s][info][gc,phases   ] GC(264) Pause Mark Start 0.557ms
[2026-06-18T16:37:10.422+0800][28.072s][info][gc,phases   ] GC(264) Concurrent Mark 2.036ms
[2026-06-18T16:37:10.427+0800][28.077s][info][gc,phases   ] GC(264) Pause Mark End 0.725ms
[2026-06-18T16:37:10.432+0800][28.082s][info][gc,phases   ] GC(264) Concurrent Process Non-Strong References 0.274ms
[2026-06-18T16:37:10.438+0800][28.087s][info][gc,phases   ] GC(264) Concurrent Reset Relocation Set 0.007ms
[2026-06-18T16:37:10.443+0800][28.093s][info][gc,phases   ] GC(264) Concurrent Destroy Detached Pages 0.003ms
[2026-06-18T16:37:10.452+0800][28.101s][info][gc,phases   ] GC(264) Concurrent Select Relocation Set 1.416ms
[2026-06-18T16:37:10.453+0800][28.102s][info][gc,phases   ] GC(264) Concurrent Prepare Relocation Set 0.005ms
[2026-06-18T16:37:10.455+0800][28.105s][info][gc,phases   ] GC(264) Pause Relocate Start 0.313ms
[2026-06-18T16:37:10.459+0800][28.108s][info][gc,phases   ] GC(264) Concurrent Relocate 2.649ms
[2026-06-18T16:37:10.460+0800][28.110s][info][gc,load     ] GC(264) Load: 0.72/0.41/0.26
[2026-06-18T16:37:10.461+0800][28.111s][info][gc,mmu      ] GC(264) MMU: 2ms/39.9%, 5ms/76.0%, 10ms/83.7%, 20ms/90.0%, 50ms/96.0%, 100ms/97.1%
[2026-06-18T16:37:10.462+0800][28.112s][info][gc,marking  ] GC(264) Mark: 2 stripe(s), 1 proactive flush(es), 1 terminate flush(es), 0 completion(s), 0 continuation(s) 
[2026-06-18T16:37:10.463+0800][28.112s][info][gc,reloc    ] GC(264) Relocation: Successful, 25M relocated
[2026-06-18T16:37:10.464+0800][28.113s][info][gc,nmethod  ] GC(264) NMethods: 23 registered, 0 unregistered
[2026-06-18T16:37:10.464+0800][28.114s][info][gc,metaspace] GC(264) Metaspace: 3M used, 4M capacity, 4M committed, 8M reserved
[2026-06-18T16:37:10.465+0800][28.114s][info][gc,ref      ] GC(264) Soft: 43 encountered, 0 discovered, 0 enqueued
[2026-06-18T16:37:10.465+0800][28.115s][info][gc,ref      ] GC(264) Weak: 7 encountered, 2 discovered, 0 enqueued
[2026-06-18T16:37:10.466+0800][28.115s][info][gc,ref      ] GC(264) Final: 0 encountered, 0 discovered, 0 enqueued
[2026-06-18T16:37:10.466+0800][28.115s][info][gc,ref      ] GC(264) Phantom: 1 encountered, 1 discovered, 0 enqueued
[2026-06-18T16:37:10.467+0800][28.116s][info][gc,heap     ] GC(264)                Mark Start          Mark End        Relocate Start      Relocate End           High               Low         
[2026-06-18T16:37:10.467+0800][28.116s][info][gc,heap     ] GC(264)  Capacity:      256M (100%)        256M (100%)        256M (100%)        256M (100%)        256M (100%)        256M (100%)   
[2026-06-18T16:37:10.467+0800][28.117s][info][gc,heap     ] GC(264)   Reserve:       62M (24%)          62M (24%)          62M (24%)          62M (24%)          62M (24%)          62M (24%)    
[2026-06-18T16:37:10.468+0800][28.117s][info][gc,heap     ] GC(264)      Free:       82M (32%)          78M (30%)          72M (28%)         136M (53%)         136M (53%)          38M (15%)    
[2026-06-18T16:37:10.468+0800][28.117s][info][gc,heap     ] GC(264)      Used:      112M (44%)         116M (45%)         122M (48%)          58M (23%)         156M (61%)          58M (23%)    
[2026-06-18T16:37:10.468+0800][28.118s][info][gc,heap     ] GC(264)      Live:         -                28M (11%)          28M (11%)          28M (11%)            -                  -          
[2026-06-18T16:37:10.469+0800][28.118s][info][gc,heap     ] GC(264) Allocated:         -                 4M (2%)           44M (17%)          54M (21%)            -                  -          
[2026-06-18T16:37:10.469+0800][28.118s][info][gc,heap     ] GC(264)   Garbage:         -                83M (32%)          49M (19%)    17592186044397M (6         -                  -          
[2026-06-18T16:37:10.469+0800][28.118s][info][gc,heap     ] GC(264) Reclaimed:         -                  -                34M (13%)         102M (40%)            -                  -          
[2026-06-18T16:37:10.469+0800][28.119s][info][gc          ] GC(264) Garbage Collection (Allocation Rate) 112M(44%)->58M(23%)
[2026-06-18T16:37:10.514+0800][28.163s][info][gc,start    ] GC(265) Garbage Collection (Allocation Rate)
[2026-06-18T16:37:10.517+0800][28.166s][info][gc,phases   ] GC(265) Pause Mark Start 0.442ms
[2026-06-18T16:37:10.520+0800][28.169s][info][gc,phases   ] GC(265) Concurrent Mark 1.890ms
[2026-06-18T16:37:10.525+0800][28.174s][info][gc,phases   ] GC(265) Pause Mark End 0.699ms
[2026-06-18T16:37:10.531+0800][28.180s][info][gc,phases   ] GC(265) Concurrent Process Non-Strong References 0.315ms
[2026-06-18T16:37:10.533+0800][28.183s][info][gc,phases   ] GC(265) Concurrent Reset Relocation Set 0.006ms
[2026-06-18T16:37:10.538+0800][28.187s][info][gc,phases   ] GC(265) Concurrent Destroy Detached Pages 0.003ms
[2026-06-18T16:37:10.544+0800][28.193s][info][gc,phases   ] GC(265) Concurrent Select Relocation Set 1.582ms
[2026-06-18T16:37:10.548+0800][28.197s][info][gc,phases   ] GC(265) Concurrent Prepare Relocation Set 0.020ms
[2026-06-18T16:37:10.550+0800][28.199s][info][gc,phases   ] GC(265) Pause Relocate Start 0.338ms
[2026-06-18T16:37:10.552+0800][28.201s][info][gc,phases   ] GC(265) Concurrent Relocate 0.765ms
[2026-06-18T16:37:10.553+0800][28.202s][info][gc,load     ] GC(265) Load: 0.72/0.41/0.26
[2026-06-18T16:37:10.554+0800][28.203s][info][gc,mmu      ] GC(265) MMU: 2ms/39.9%, 5ms/76.0%, 10ms/83.7%, 20ms/90.0%, 50ms/96.0%, 100ms/97.1%
[2026-06-18T16:37:10.554+0800][28.204s][info][gc,marking  ] GC(265) Mark: 2 stripe(s), 1 proactive flush(es), 1 terminate flush(es), 0 completion(s), 0 continuation(s) 
[2026-06-18T16:37:10.555+0800][28.204s][info][gc,reloc    ] GC(265) Relocation: Successful, 20M relocated
[2026-06-18T16:37:10.555+0800][28.205s][info][gc,nmethod  ] GC(265) NMethods: 23 registered, 0 unregistered
[2026-06-18T16:37:10.556+0800][28.205s][info][gc,metaspace] GC(265) Metaspace: 3M used, 4M capacity, 4M committed, 8M reserved
[2026-06-18T16:37:10.556+0800][28.206s][info][gc,ref      ] GC(265) Soft: 43 encountered, 0 discovered, 0 enqueued
[2026-06-18T16:37:10.557+0800][28.206s][info][gc,ref      ] GC(265) Weak: 7 encountered, 2 discovered, 0 enqueued
[2026-06-18T16:37:10.557+0800][28.206s][info][gc,ref      ] GC(265) Final: 0 encountered, 0 discovered, 0 enqueued
[2026-06-18T16:37:10.558+0800][28.207s][info][gc,ref      ] GC(265) Phantom: 1 encountered, 1 discovered, 0 enqueued
[2026-06-18T16:37:10.558+0800][28.207s][info][gc,heap     ] GC(265)                Mark Start          Mark End        Relocate Start      Relocate End           High               Low         
[2026-06-18T16:37:10.558+0800][28.207s][info][gc,heap     ] GC(265)  Capacity:      256M (100%)        256M (100%)        256M (100%)        256M (100%)        256M (100%)        256M (100%)   
[2026-06-18T16:37:10.558+0800][28.208s][info][gc,heap     ] GC(265)   Reserve:       62M (24%)          62M (24%)          62M (24%)          62M (24%)          62M (24%)          62M (24%)    
[2026-06-18T16:37:10.559+0800][28.208s][info][gc,heap     ] GC(265)      Free:      116M (45%)         112M (44%)         100M (39%)         102M (40%)         116M (45%)          70M (27%)    
[2026-06-18T16:37:10.559+0800][28.208s][info][gc,heap     ] GC(265)      Used:       78M (30%)          82M (32%)          94M (37%)          92M (36%)         124M (48%)          78M (30%)    
[2026-06-18T16:37:10.559+0800][28.209s][info][gc,heap     ] GC(265)      Live:         -                22M (9%)           22M (9%)           22M (9%)             -                  -          
[2026-06-18T16:37:10.560+0800][28.209s][info][gc,heap     ] GC(265) Allocated:         -                 4M (2%)           46M (18%)          54M (21%)            -                  -          
[2026-06-18T16:37:10.560+0800][28.209s][info][gc,heap     ] GC(265)   Garbage:         -                55M (22%)          25M (10%)          23M (9%)             -                  -          
[2026-06-18T16:37:10.560+0800][28.209s][info][gc,heap     ] GC(265) Reclaimed:         -                  -                30M (12%)          32M (12%)            -                  -          
[2026-06-18T16:37:10.560+0800][28.210s][info][gc          ] GC(265) Garbage Collection (Allocation Rate) 78M(30%)->92M(36%)
[2026-06-18T16:37:10.613+0800][28.263s][info][gc,start    ] GC(266) Garbage Collection (Allocation Rate)
[2026-06-18T16:37:10.616+0800][28.265s][info][gc,phases   ] GC(266) Pause Mark Start 0.490ms
[2026-06-18T16:37:10.620+0800][28.269s][info][gc,phases   ] GC(266) Concurrent Mark 2.364ms
[2026-06-18T16:37:10.623+0800][28.272s][info][gc,phases   ] GC(266) Pause Mark End 0.759ms
[2026-06-18T16:37:10.624+0800][28.274s][info][gc,phases   ] GC(266) Concurrent Process Non-Strong References 0.323ms
[2026-06-18T16:37:10.625+0800][28.274s][info][gc,phases   ] GC(266) Concurrent Reset Relocation Set 0.003ms
[2026-06-18T16:37:10.626+0800][28.275s][info][gc,phases   ] GC(266) Concurrent Destroy Detached Pages 0.001ms
[2026-06-18T16:37:10.627+0800][28.276s][info][gc,phases   ] GC(266) Concurrent Select Relocation Set 0.895ms
[2026-06-18T16:37:10.628+0800][28.277s][info][gc,phases   ] GC(266) Concurrent Prepare Relocation Set 0.014ms
[2026-06-18T16:37:10.629+0800][28.278s][info][gc,phases   ] GC(266) Pause Relocate Start 0.180ms
[2026-06-18T16:37:10.631+0800][28.281s][info][gc,phases   ] GC(266) Concurrent Relocate 1.886ms
[2026-06-18T16:37:10.632+0800][28.281s][info][gc,load     ] GC(266) Load: 0.72/0.41/0.26
[2026-06-18T16:37:10.632+0800][28.281s][info][gc,mmu      ] GC(266) MMU: 2ms/39.9%, 5ms/76.0%, 10ms/83.7%, 20ms/90.0%, 50ms/96.0%, 100ms/97.1%
[2026-06-18T16:37:10.633+0800][28.282s][info][gc,marking  ] GC(266) Mark: 2 stripe(s), 2 proactive flush(es), 1 terminate flush(es), 0 completion(s), 0 continuation(s) 
[2026-06-18T16:37:10.633+0800][28.282s][info][gc,reloc    ] GC(266) Relocation: Successful, 26M relocated
[2026-06-18T16:37:10.633+0800][28.283s][info][gc,nmethod  ] GC(266) NMethods: 23 registered, 0 unregistered
[2026-06-18T16:37:10.634+0800][28.283s][info][gc,metaspace] GC(266) Metaspace: 3M used, 4M capacity, 4M committed, 8M reserved
[2026-06-18T16:37:10.635+0800][28.284s][info][gc,ref      ] GC(266) Soft: 43 encountered, 0 discovered, 0 enqueued
[2026-06-18T16:37:10.635+0800][28.284s][info][gc,ref      ] GC(266) Weak: 7 encountered, 2 discovered, 0 enqueued
[2026-06-18T16:37:10.635+0800][28.285s][info][gc,ref      ] GC(266) Final: 0 encountered, 0 discovered, 0 enqueued
[2026-06-18T16:37:10.635+0800][28.285s][info][gc,ref      ] GC(266) Phantom: 1 encountered, 1 discovered, 0 enqueued
[2026-06-18T16:37:10.636+0800][28.285s][info][gc,heap     ] GC(266)                Mark Start          Mark End        Relocate Start      Relocate End           High               Low         
[2026-06-18T16:37:10.636+0800][28.285s][info][gc,heap     ] GC(266)  Capacity:      256M (100%)        256M (100%)        256M (100%)        256M (100%)        256M (100%)        256M (100%)   
[2026-06-18T16:37:10.636+0800][28.285s][info][gc,heap     ] GC(266)   Reserve:       62M (24%)          62M (24%)          62M (24%)          62M (24%)          62M (24%)          62M (24%)    
[2026-06-18T16:37:10.636+0800][28.285s][info][gc,heap     ] GC(266)      Free:       80M (31%)          76M (30%)         100M (39%)         140M (55%)         140M (55%)          60M (23%)    
[2026-06-18T16:37:10.636+0800][28.286s][info][gc,heap     ] GC(266)      Used:      114M (45%)         118M (46%)          94M (37%)          54M (21%)         134M (52%)          54M (21%)    
[2026-06-18T16:37:10.637+0800][28.286s][info][gc,heap     ] GC(266)      Live:         -                27M (11%)          27M (11%)          27M (11%)            -                  -          
[2026-06-18T16:37:10.637+0800][28.286s][info][gc,heap     ] GC(266) Allocated:         -                 4M (2%)            6M (2%)           50M (20%)            -                  -          
[2026-06-18T16:37:10.637+0800][28.287s][info][gc,heap     ] GC(266)   Garbage:         -                86M (34%)          60M (23%)          16M (6%)             -                  -          
[2026-06-18T16:37:10.637+0800][28.287s][info][gc,heap     ] GC(266) Reclaimed:         -                  -                26M (10%)          70M (27%)            -                  -          
[2026-06-18T16:37:10.638+0800][28.287s][info][gc          ] GC(266) Garbage Collection (Allocation Rate) 114M(45%)->54M(21%)
[2026-06-18T16:37:10.713+0800][28.363s][info][gc,start    ] GC(267) Garbage Collection (Allocation Rate)
[2026-06-18T16:37:10.716+0800][28.366s][info][gc,phases   ] GC(267) Pause Mark Start 0.530ms
[2026-06-18T16:37:10.720+0800][28.370s][info][gc,phases   ] GC(267) Concurrent Mark 2.307ms
[2026-06-18T16:37:10.723+0800][28.372s][info][gc,phases   ] GC(267) Pause Mark End 0.675ms
[2026-06-18T16:37:10.724+0800][28.374s][info][gc,phases   ] GC(267) Concurrent Process Non-Strong References 0.207ms
[2026-06-18T16:37:10.725+0800][28.375s][info][gc,phases   ] GC(267) Concurrent Reset Relocation Set 0.005ms
[2026-06-18T16:37:10.726+0800][28.376s][info][gc,phases   ] GC(267) Concurrent Destroy Detached Pages 0.001ms
[2026-06-18T16:37:10.728+0800][28.377s][info][gc,phases   ] GC(267) Concurrent Select Relocation Set 0.839ms
[2026-06-18T16:37:10.729+0800][28.378s][info][gc,phases   ] GC(267) Concurrent Prepare Relocation Set 0.010ms
[2026-06-18T16:37:10.730+0800][28.379s][info][gc,phases   ] GC(267) Pause Relocate Start 0.220ms
[2026-06-18T16:37:10.731+0800][28.380s][info][gc,phases   ] GC(267) Concurrent Relocate 0.552ms
[2026-06-18T16:37:10.732+0800][28.381s][info][gc,load     ] GC(267) Load: 0.72/0.41/0.26
[2026-06-18T16:37:10.732+0800][28.381s][info][gc,mmu      ] GC(267) MMU: 2ms/39.9%, 5ms/76.0%, 10ms/83.7%, 20ms/90.0%, 50ms/96.0%, 100ms/97.1%
[2026-06-18T16:37:10.733+0800][28.382s][info][gc,marking  ] GC(267) Mark: 2 stripe(s), 1 proactive flush(es), 1 terminate flush(es), 0 completion(s), 0 continuation(s) 
[2026-06-18T16:37:10.733+0800][28.382s][info][gc,reloc    ] GC(267) Relocation: Successful, 22M relocated
[2026-06-18T16:37:10.733+0800][28.383s][info][gc,nmethod  ] GC(267) NMethods: 23 registered, 0 unregistered
[2026-06-18T16:37:10.734+0800][28.383s][info][gc,metaspace] GC(267) Metaspace: 3M used, 4M capacity, 4M committed, 8M reserved
[2026-06-18T16:37:10.734+0800][28.384s][info][gc,ref      ] GC(267) Soft: 43 encountered, 0 discovered, 0 enqueued
[2026-06-18T16:37:10.735+0800][28.384s][info][gc,ref      ] GC(267) Weak: 7 encountered, 0 discovered, 0 enqueued
[2026-06-18T16:37:10.735+0800][28.384s][info][gc,ref      ] GC(267) Final: 0 encountered, 0 discovered, 0 enqueued
[2026-06-18T16:37:10.735+0800][28.385s][info][gc,ref      ] GC(267) Phantom: 1 encountered, 0 discovered, 0 enqueued
[2026-06-18T16:37:10.736+0800][28.385s][info][gc,heap     ] GC(267)                Mark Start          Mark End        Relocate Start      Relocate End           High               Low         
[2026-06-18T16:37:10.736+0800][28.385s][info][gc,heap     ] GC(267)  Capacity:      256M (100%)        256M (100%)        256M (100%)        256M (100%)        256M (100%)        256M (100%)   
[2026-06-18T16:37:10.736+0800][28.385s][info][gc,heap     ] GC(267)   Reserve:       62M (24%)          62M (24%)          62M (24%)          62M (24%)          62M (24%)          62M (24%)    
[2026-06-18T16:37:10.736+0800][28.386s][info][gc,heap     ] GC(267)      Free:      110M (43%)         110M (43%)         104M (41%)         114M (45%)         114M (45%)          72M (28%)    
[2026-06-18T16:37:10.737+0800][28.386s][info][gc,heap     ] GC(267)      Used:       84M (33%)          84M (33%)          90M (35%)          80M (31%)         122M (48%)          80M (31%)    
[2026-06-18T16:37:10.737+0800][28.386s][info][gc,heap     ] GC(267)      Live:         -                24M (10%)          24M (10%)          24M (10%)            -                  -          
[2026-06-18T16:37:10.737+0800][28.386s][info][gc,heap     ] GC(267) Allocated:         -                 0M (0%)           38M (15%)          46M (18%)            -                  -          
[2026-06-18T16:37:10.737+0800][28.387s][info][gc,heap     ] GC(267)   Garbage:         -                59M (23%)          27M (11%)          17M (7%)             -                  -          
[2026-06-18T16:37:10.738+0800][28.387s][info][gc,heap     ] GC(267) Reclaimed:         -                  -                32M (12%)          42M (16%)            -                  -          
[2026-06-18T16:37:10.738+0800][28.387s][info][gc          ] GC(267) Garbage Collection (Allocation Rate) 84M(33%)->80M(31%)
[2026-06-18T16:37:10.814+0800][28.463s][info][gc,start    ] GC(268) Garbage Collection (Allocation Rate)
[2026-06-18T16:37:10.817+0800][28.467s][info][gc,phases   ] GC(268) Pause Mark Start 0.475ms
[2026-06-18T16:37:10.821+0800][28.470s][info][gc,phases   ] GC(268) Concurrent Mark 1.778ms
[2026-06-18T16:37:10.822+0800][28.472s][info][gc,phases   ] GC(268) Pause Mark End 0.419ms
[2026-06-18T16:37:10.824+0800][28.473s][info][gc,phases   ] GC(268) Concurrent Process Non-Strong References 0.222ms
[2026-06-18T16:37:10.824+0800][28.474s][info][gc,phases   ] GC(268) Concurrent Reset Relocation Set 0.002ms
[2026-06-18T16:37:10.826+0800][28.475s][info][gc,phases   ] GC(268) Concurrent Destroy Detached Pages 0.001ms
[2026-06-18T16:37:10.827+0800][28.476s][info][gc,phases   ] GC(268) Concurrent Select Relocation Set 0.669ms
[2026-06-18T16:37:10.828+0800][28.477s][info][gc,phases   ] GC(268) Concurrent Prepare Relocation Set 0.004ms
[2026-06-18T16:37:10.828+0800][28.478s][info][gc,phases   ] GC(268) Pause Relocate Start 0.133ms
[2026-06-18T16:37:10.830+0800][28.480s][info][gc,phases   ] GC(268) Concurrent Relocate 1.374ms
[2026-06-18T16:37:10.831+0800][28.480s][info][gc,load     ] GC(268) Load: 0.66/0.40/0.25
[2026-06-18T16:37:10.831+0800][28.481s][info][gc,mmu      ] GC(268) MMU: 2ms/39.9%, 5ms/76.0%, 10ms/83.7%, 20ms/90.0%, 50ms/96.0%, 100ms/97.1%
[2026-06-18T16:37:10.832+0800][28.481s][info][gc,marking  ] GC(268) Mark: 2 stripe(s), 1 proactive flush(es), 1 terminate flush(es), 0 completion(s), 0 continuation(s) 
[2026-06-18T16:37:10.832+0800][28.481s][info][gc,reloc    ] GC(268) Relocation: Successful, 20M relocated
[2026-06-18T16:37:10.832+0800][28.482s][info][gc,nmethod  ] GC(268) NMethods: 23 registered, 0 unregistered
[2026-06-18T16:37:10.833+0800][28.482s][info][gc,metaspace] GC(268) Metaspace: 3M used, 4M capacity, 4M committed, 8M reserved
[2026-06-18T16:37:10.833+0800][28.482s][info][gc,ref      ] GC(268) Soft: 43 encountered, 0 discovered, 0 enqueued
[2026-06-18T16:37:10.833+0800][28.482s][info][gc,ref      ] GC(268) Weak: 7 encountered, 2 discovered, 0 enqueued
[2026-06-18T16:37:10.833+0800][28.482s][info][gc,ref      ] GC(268) Final: 0 encountered, 0 discovered, 0 enqueued
[2026-06-18T16:37:10.833+0800][28.483s][info][gc,ref      ] GC(268) Phantom: 1 encountered, 1 discovered, 0 enqueued
[2026-06-18T16:37:10.834+0800][28.483s][info][gc,heap     ] GC(268)                Mark Start          Mark End        Relocate Start      Relocate End           High               Low         
[2026-06-18T16:37:10.834+0800][28.483s][info][gc,heap     ] GC(268)  Capacity:      256M (100%)        256M (100%)        256M (100%)        256M (100%)        256M (100%)        256M (100%)   
[2026-06-18T16:37:10.834+0800][28.483s][info][gc,heap     ] GC(268)   Reserve:       62M (24%)          62M (24%)          62M (24%)          62M (24%)          62M (24%)          62M (24%)    
[2026-06-18T16:37:10.834+0800][28.484s][info][gc,heap     ] GC(268)      Free:       86M (34%)          48M (19%)          74M (29%)         146M (57%)         146M (57%)          48M (19%)    
[2026-06-18T16:37:10.834+0800][28.484s][info][gc,heap     ] GC(268)      Used:      108M (42%)         146M (57%)         120M (47%)          48M (19%)         146M (57%)          48M (19%)    
[2026-06-18T16:37:10.835+0800][28.484s][info][gc,heap     ] GC(268)      Live:         -                20M (8%)           20M (8%)           20M (8%)             -                  -          
[2026-06-18T16:37:10.835+0800][28.484s][info][gc,heap     ] GC(268) Allocated:         -                38M (15%)          38M (15%)          46M (18%)            -                  -          
[2026-06-18T16:37:10.835+0800][28.484s][info][gc,heap     ] GC(268)   Garbage:         -                87M (34%)          61M (24%)    17592186044405M (6         -                  -          
[2026-06-18T16:37:10.835+0800][28.485s][info][gc,heap     ] GC(268) Reclaimed:         -                  -                26M (10%)          98M (38%)            -                  -          
[2026-06-18T16:37:10.835+0800][28.485s][info][gc          ] GC(268) Garbage Collection (Allocation Rate) 108M(42%)->48M(19%)
[2026-06-18T16:37:10.914+0800][28.563s][info][gc,start    ] GC(269) Garbage Collection (Allocation Rate)
[2026-06-18T16:37:10.916+0800][28.566s][info][gc,phases   ] GC(269) Pause Mark Start 0.376ms
[2026-06-18T16:37:10.919+0800][28.568s][info][gc,phases   ] GC(269) Concurrent Mark 1.733ms
[2026-06-18T16:37:10.921+0800][28.570s][info][gc,phases   ] GC(269) Pause Mark End 0.540ms
[2026-06-18T16:37:10.922+0800][28.571s][info][gc,phases   ] GC(269) Concurrent Process Non-Strong References 0.192ms
[2026-06-18T16:37:10.923+0800][28.572s][info][gc,phases   ] GC(269) Concurrent Reset Relocation Set 0.004ms
[2026-06-18T16:37:10.923+0800][28.573s][info][gc,phases   ] GC(269) Concurrent Destroy Detached Pages 0.001ms
[2026-06-18T16:37:10.925+0800][28.574s][info][gc,phases   ] GC(269) Concurrent Select Relocation Set 0.884ms
[2026-06-18T16:37:10.925+0800][28.575s][info][gc,phases   ] GC(269) Concurrent Prepare Relocation Set 0.002ms
[2026-06-18T16:37:10.926+0800][28.576s][info][gc,phases   ] GC(269) Pause Relocate Start 0.203ms
[2026-06-18T16:37:10.927+0800][28.577s][info][gc,phases   ] GC(269) Concurrent Relocate 0.209ms
[2026-06-18T16:37:10.928+0800][28.577s][info][gc,load     ] GC(269) Load: 0.66/0.40/0.25
[2026-06-18T16:37:10.928+0800][28.578s][info][gc,mmu      ] GC(269) MMU: 2ms/39.9%, 5ms/76.0%, 10ms/83.7%, 20ms/90.0%, 50ms/96.0%, 100ms/97.1%
[2026-06-18T16:37:10.929+0800][28.578s][info][gc,marking  ] GC(269) Mark: 2 stripe(s), 1 proactive flush(es), 1 terminate flush(es), 0 completion(s), 0 continuation(s) 
[2026-06-18T16:37:10.929+0800][28.578s][info][gc,reloc    ] GC(269) Relocation: Successful, 26M relocated
[2026-06-18T16:37:10.929+0800][28.579s][info][gc,nmethod  ] GC(269) NMethods: 23 registered, 0 unregistered
[2026-06-18T16:37:10.930+0800][28.579s][info][gc,metaspace] GC(269) Metaspace: 3M used, 4M capacity, 4M committed, 8M reserved
[2026-06-18T16:37:10.930+0800][28.579s][info][gc,ref      ] GC(269) Soft: 43 encountered, 0 discovered, 0 enqueued
[2026-06-18T16:37:10.931+0800][28.580s][info][gc,ref      ] GC(269) Weak: 7 encountered, 0 discovered, 0 enqueued
[2026-06-18T16:37:10.931+0800][28.580s][info][gc,ref      ] GC(269) Final: 0 encountered, 0 discovered, 0 enqueued
[2026-06-18T16:37:10.931+0800][28.581s][info][gc,ref      ] GC(269) Phantom: 1 encountered, 1 discovered, 0 enqueued
[2026-06-18T16:37:10.932+0800][28.581s][info][gc,heap     ] GC(269)                Mark Start          Mark End        Relocate Start      Relocate End           High               Low         
[2026-06-18T16:37:10.932+0800][28.581s][info][gc,heap     ] GC(269)  Capacity:      256M (100%)        256M (100%)        256M (100%)        256M (100%)        256M (100%)        256M (100%)   
[2026-06-18T16:37:10.932+0800][28.581s][info][gc,heap     ] GC(269)   Reserve:       62M (24%)          62M (24%)          62M (24%)          62M (24%)          62M (24%)          62M (24%)    
[2026-06-18T16:37:10.932+0800][28.582s][info][gc,heap     ] GC(269)      Free:      112M (44%)         112M (44%)         136M (53%)         146M (57%)         146M (57%)         112M (44%)    
[2026-06-18T16:37:10.932+0800][28.582s][info][gc,heap     ] GC(269)      Used:       82M (32%)          82M (32%)          58M (23%)          48M (19%)          82M (32%)          48M (19%)    
[2026-06-18T16:37:10.933+0800][28.582s][info][gc,heap     ] GC(269)      Live:         -                29M (12%)          29M (12%)          29M (12%)            -                  -          
[2026-06-18T16:37:10.933+0800][28.582s][info][gc,heap     ] GC(269) Allocated:         -                 0M (0%)            4M (2%)           10M (4%)             -                  -          
[2026-06-18T16:37:10.933+0800][28.583s][info][gc,heap     ] GC(269)   Garbage:         -                52M (20%)          24M (10%)          14M (6%)             -                  -          
[2026-06-18T16:37:10.933+0800][28.583s][info][gc,heap     ] GC(269) Reclaimed:         -                  -                28M (11%)          38M (15%)            -                  -          
[2026-06-18T16:37:10.934+0800][28.583s][info][gc          ] GC(269) Garbage Collection (Allocation Rate) 82M(32%)->48M(19%)
[2026-06-18T16:37:11.013+0800][28.663s][info][gc,start    ] GC(270) Garbage Collection (Allocation Rate)
[2026-06-18T16:37:11.016+0800][28.665s][info][gc,phases   ] GC(270) Pause Mark Start 0.416ms
[2026-06-18T16:37:11.020+0800][28.669s][info][gc,phases   ] GC(270) Concurrent Mark 2.404ms
[2026-06-18T16:37:11.023+0800][28.672s][info][gc,phases   ] GC(270) Pause Mark End 0.790ms
[2026-06-18T16:37:11.024+0800][28.673s][info][gc,phases   ] GC(270) Concurrent Process Non-Strong References 0.201ms
[2026-06-18T16:37:11.025+0800][28.675s][info][gc,phases   ] GC(270) Concurrent Reset Relocation Set 0.003ms
[2026-06-18T16:37:11.026+0800][28.676s][info][gc,phases   ] GC(270) Concurrent Destroy Detached Pages 0.001ms
[2026-06-18T16:37:11.028+0800][28.677s][info][gc,phases   ] GC(270) Concurrent Select Relocation Set 0.863ms
[2026-06-18T16:37:11.029+0800][28.678s][info][gc,phases   ] GC(270) Concurrent Prepare Relocation Set 0.012ms
[2026-06-18T16:37:11.031+0800][28.680s][info][gc,phases   ] GC(270) Pause Relocate Start 0.202ms
[2026-06-18T16:37:11.033+0800][28.683s][info][gc,phases   ] GC(270) Concurrent Relocate 1.974ms
[2026-06-18T16:37:11.034+0800][28.683s][info][gc,load     ] GC(270) Load: 0.66/0.40/0.25
[2026-06-18T16:37:11.035+0800][28.684s][info][gc,mmu      ] GC(270) MMU: 2ms/39.9%, 5ms/76.0%, 10ms/83.7%, 20ms/90.0%, 50ms/96.0%, 100ms/97.1%
[2026-06-18T16:37:11.035+0800][28.685s][info][gc,marking  ] GC(270) Mark: 2 stripe(s), 1 proactive flush(es), 1 terminate flush(es), 0 completion(s), 0 continuation(s) 
[2026-06-18T16:37:11.036+0800][28.685s][info][gc,reloc    ] GC(270) Relocation: Successful, 26M relocated
[2026-06-18T16:37:11.036+0800][28.686s][info][gc,nmethod  ] GC(270) NMethods: 23 registered, 0 unregistered
[2026-06-18T16:37:11.037+0800][28.686s][info][gc,metaspace] GC(270) Metaspace: 3M used, 4M capacity, 4M committed, 8M reserved
[2026-06-18T16:37:11.037+0800][28.686s][info][gc,ref      ] GC(270) Soft: 43 encountered, 0 discovered, 0 enqueued
[2026-06-18T16:37:11.038+0800][28.687s][info][gc,ref      ] GC(270) Weak: 7 encountered, 2 discovered, 0 enqueued
[2026-06-18T16:37:11.038+0800][28.687s][info][gc,ref      ] GC(270) Final: 0 encountered, 0 discovered, 0 enqueued
[2026-06-18T16:37:11.038+0800][28.688s][info][gc,ref      ] GC(270) Phantom: 1 encountered, 1 discovered, 0 enqueued
[2026-06-18T16:37:11.038+0800][28.688s][info][gc,heap     ] GC(270)                Mark Start          Mark End        Relocate Start      Relocate End           High               Low         
[2026-06-18T16:37:11.039+0800][28.688s][info][gc,heap     ] GC(270)  Capacity:      256M (100%)        256M (100%)        256M (100%)        256M (100%)        256M (100%)        256M (100%)   
[2026-06-18T16:37:11.039+0800][28.688s][info][gc,heap     ] GC(270)   Reserve:       62M (24%)          62M (24%)          62M (24%)          62M (24%)          62M (24%)          62M (24%)    
[2026-06-18T16:37:11.039+0800][28.688s][info][gc,heap     ] GC(270)      Free:       82M (32%)          78M (30%)         104M (41%)         142M (55%)         142M (55%)          62M (24%)    
[2026-06-18T16:37:11.039+0800][28.689s][info][gc,heap     ] GC(270)      Used:      112M (44%)         116M (45%)          90M (35%)          52M (20%)         132M (52%)          52M (20%)    
[2026-06-18T16:37:11.040+0800][28.689s][info][gc,heap     ] GC(270)      Live:         -                26M (10%)          26M (10%)          26M (10%)            -                  -          
[2026-06-18T16:37:11.040+0800][28.689s][info][gc,heap     ] GC(270) Allocated:         -                 4M (2%)            4M (2%)           50M (20%)            -                  -          
[2026-06-18T16:37:11.040+0800][28.689s][info][gc,heap     ] GC(270)   Garbage:         -                85M (33%)          59M (23%)          17M (7%)             -                  -          
[2026-06-18T16:37:11.040+0800][28.690s][info][gc,heap     ] GC(270) Reclaimed:         -                  -                26M (10%)          68M (27%)            -                  -          
[2026-06-18T16:37:11.040+0800][28.690s][info][gc          ] GC(270) Garbage Collection (Allocation Rate) 112M(44%)->52M(20%)
[2026-06-18T16:37:11.113+0800][28.763s][info][gc,start    ] GC(271) Garbage Collection (Allocation Rate)
[2026-06-18T16:37:11.173+0800][28.822s][info][gc,phases   ] GC(271) Pause Mark Start 0.151ms
[2026-06-18T16:37:11.196+0800][28.845s][info][gc,phases   ] GC(271) Concurrent Mark 2.061ms
[2026-06-18T16:37:11.234+0800][28.883s][info][gc,phases   ] GC(271) Pause Mark End 0.493ms
[2026-06-18T16:37:11.240+0800][28.889s][info][gc,phases   ] GC(271) Concurrent Process Non-Strong References 0.582ms
[2026-06-18T16:37:11.246+0800][28.895s][info][gc,phases   ] GC(271) Concurrent Reset Relocation Set 0.012ms
[2026-06-18T16:37:11.248+0800][28.897s][info][gc,phases   ] GC(271) Concurrent Destroy Detached Pages 0.004ms
[2026-06-18T16:37:11.276+0800][28.925s][info][gc,phases   ] GC(271) Concurrent Select Relocation Set 1.834ms
[2026-06-18T16:37:11.277+0800][28.926s][info][gc,phases   ] GC(271) Concurrent Prepare Relocation Set 0.006ms
[2026-06-18T16:37:11.279+0800][28.929s][info][gc,phases   ] GC(271) Pause Relocate Start 0.276ms
[2026-06-18T16:37:11.281+0800][28.930s][info][gc,phases   ] GC(271) Concurrent Relocate 0.234ms
[2026-06-18T16:37:11.295+0800][28.944s][info][gc,load     ] GC(271) Load: 0.66/0.40/0.25
[2026-06-18T16:37:11.307+0800][28.957s][info][gc,mmu      ] GC(271) MMU: 2ms/39.9%, 5ms/76.0%, 10ms/83.7%, 20ms/90.0%, 50ms/96.0%, 100ms/97.1%
[2026-06-18T16:37:11.310+0800][28.960s][info][gc,marking  ] GC(271) Mark: 2 stripe(s), 2 proactive flush(es), 1 terminate flush(es), 0 completion(s), 0 continuation(s) 
[2026-06-18T16:37:11.315+0800][28.965s][info][gc,reloc    ] GC(271) Relocation: Successful, 24M relocated
[2026-06-18T16:37:11.319+0800][28.968s][info][gc,nmethod  ] GC(271) NMethods: 23 registered, 0 unregistered
[2026-06-18T16:37:11.322+0800][28.971s][info][gc,metaspace] GC(271) Metaspace: 3M used, 4M capacity, 4M committed, 8M reserved
[2026-06-18T16:37:11.338+0800][28.987s][info][gc,ref      ] GC(271) Soft: 43 encountered, 0 discovered, 0 enqueued
[2026-06-18T16:37:11.344+0800][28.993s][info][gc,ref      ] GC(271) Weak: 7 encountered, 2 discovered, 0 enqueued
[2026-06-18T16:37:11.350+0800][28.999s][info][gc,ref      ] GC(271) Final: 0 encountered, 0 discovered, 0 enqueued
[2026-06-18T16:37:11.352+0800][29.002s][info][gc,ref      ] GC(271) Phantom: 1 encountered, 1 discovered, 0 enqueued
[2026-06-18T16:37:11.356+0800][29.005s][info][gc,heap     ] GC(271)                Mark Start          Mark End        Relocate Start      Relocate End           High               Low         
[2026-06-18T16:37:11.359+0800][29.009s][info][gc,heap     ] GC(271)  Capacity:      256M (100%)        256M (100%)        256M (100%)        256M (100%)        256M (100%)        256M (100%)   
[2026-06-18T16:37:11.363+0800][29.012s][info][gc,heap     ] GC(271)   Reserve:       62M (24%)          62M (24%)          62M (24%)          62M (24%)          62M (24%)          62M (24%)    
[2026-06-18T16:37:11.369+0800][29.019s][info][gc,heap     ] GC(271)      Free:       96M (38%)          46M (18%)          74M (29%)          88M (34%)          96M (38%)          34M (13%)    
[2026-06-18T16:37:11.378+0800][29.028s][info][gc,heap     ] GC(271)      Used:       98M (38%)         148M (58%)         120M (47%)         106M (41%)         160M (62%)          98M (38%)    
[2026-06-18T16:37:11.382+0800][29.032s][info][gc,heap     ] GC(271)      Live:         -                24M (9%)           24M (9%)           24M (9%)             -                  -          
[2026-06-18T16:37:11.386+0800][29.036s][info][gc,heap     ] GC(271) Allocated:         -                50M (20%)          64M (25%)          70M (27%)            -                  -          
[2026-06-18T16:37:11.389+0800][29.039s][info][gc,heap     ] GC(271)   Garbage:         -                73M (29%)          31M (12%)          17M (7%)             -                  -          
[2026-06-18T16:37:11.391+0800][29.041s][info][gc,heap     ] GC(271) Reclaimed:         -                  -                42M (16%)          56M (22%)            -                  -          
[2026-06-18T16:37:11.393+0800][29.042s][info][gc          ] GC(271) Garbage Collection (Allocation Rate) 98M(38%)->106M(41%)
[2026-06-18T16:37:11.414+0800][29.063s][info][gc,start    ] GC(272) Garbage Collection (Allocation Rate)
[2026-06-18T16:37:11.417+0800][29.067s][info][gc,phases   ] GC(272) Pause Mark Start 0.462ms
[2026-06-18T16:37:11.421+0800][29.071s][info][gc,phases   ] GC(272) Concurrent Mark 1.369ms
[2026-06-18T16:37:11.423+0800][29.072s][info][gc,phases   ] GC(272) Pause Mark End 0.373ms
[2026-06-18T16:37:11.426+0800][29.075s][info][gc,phases   ] GC(272) Concurrent Process Non-Strong References 0.197ms
[2026-06-18T16:37:11.428+0800][29.078s][info][gc,phases   ] GC(272) Concurrent Reset Relocation Set 0.003ms
[2026-06-18T16:37:11.433+0800][29.082s][info][gc,phases   ] GC(272) Concurrent Destroy Detached Pages 0.002ms
[2026-06-18T16:37:11.435+0800][29.084s][info][gc          ] Allocation Stall (main) 3.574ms
[2026-06-18T16:37:11.436+0800][29.085s][info][gc,phases   ] GC(272) Concurrent Select Relocation Set 0.766ms
[2026-06-18T16:37:11.445+0800][29.094s][info][gc,phases   ] GC(272) Concurrent Prepare Relocation Set 0.014ms
[2026-06-18T16:37:11.449+0800][29.099s][info][gc,phases   ] GC(272) Pause Relocate Start 0.147ms
[2026-06-18T16:37:11.456+0800][29.105s][info][gc,phases   ] GC(272) Concurrent Relocate 2.061ms
[2026-06-18T16:37:11.459+0800][29.108s][info][gc,load     ] GC(272) Load: 0.66/0.40/0.25
[2026-06-18T16:37:11.464+0800][29.113s][info][gc,mmu      ] GC(272) MMU: 2ms/39.9%, 5ms/76.0%, 10ms/83.7%, 20ms/90.0%, 50ms/96.0%, 100ms/97.1%
[2026-06-18T16:37:11.467+0800][29.117s][info][gc,marking  ] GC(272) Mark: 2 stripe(s), 1 proactive flush(es), 1 terminate flush(es), 0 completion(s), 0 continuation(s) 
[2026-06-18T16:37:11.470+0800][29.119s][info][gc,reloc    ] GC(272) Relocation: Successful, 24M relocated
[2026-06-18T16:37:11.472+0800][29.121s][info][gc,nmethod  ] GC(272) NMethods: 23 registered, 0 unregistered
[2026-06-18T16:37:11.472+0800][29.122s][info][gc,metaspace] GC(272) Metaspace: 3M used, 4M capacity, 4M committed, 8M reserved
[2026-06-18T16:37:11.473+0800][29.122s][info][gc,ref      ] GC(272) Soft: 43 encountered, 0 discovered, 0 enqueued
[2026-06-18T16:37:11.473+0800][29.122s][info][gc,ref      ] GC(272) Weak: 7 encountered, 2 discovered, 0 enqueued
[2026-06-18T16:37:11.473+0800][29.123s][info][gc,ref      ] GC(272) Final: 0 encountered, 0 discovered, 0 enqueued
[2026-06-18T16:37:11.474+0800][29.123s][info][gc,ref      ] GC(272) Phantom: 1 encountered, 1 discovered, 0 enqueued
[2026-06-18T16:37:11.474+0800][29.123s][info][gc,heap     ] GC(272)                Mark Start          Mark End        Relocate Start      Relocate End           High               Low         
[2026-06-18T16:37:11.475+0800][29.124s][info][gc,heap     ] GC(272)  Capacity:      256M (100%)        256M (100%)        256M (100%)        256M (100%)        256M (100%)        256M (100%)   
[2026-06-18T16:37:11.475+0800][29.125s][info][gc,heap     ] GC(272)   Reserve:       62M (24%)          62M (24%)          62M (24%)          62M (24%)          62M (24%)          62M (24%)    
[2026-06-18T16:37:11.476+0800][29.125s][info][gc,heap     ] GC(272)      Free:       38M (15%)           2M (1%)           58M (23%)         138M (54%)         138M (54%)           0M (0%)     
[2026-06-18T16:37:11.477+0800][29.126s][info][gc,heap     ] GC(272)      Used:      156M (61%)         192M (75%)         136M (53%)          56M (22%)         194M (76%)          56M (22%)    
[2026-06-18T16:37:11.477+0800][29.127s][info][gc,heap     ] GC(272)      Live:         -                24M (9%)           24M (9%)           24M (9%)             -                  -          
[2026-06-18T16:37:11.478+0800][29.127s][info][gc,heap     ] GC(272) Allocated:         -                36M (14%)          40M (16%)          52M (20%)            -                  -          
[2026-06-18T16:37:11.478+0800][29.128s][info][gc,heap     ] GC(272)   Garbage:         -               131M (52%)          71M (28%)    17592186044403M (6         -                  -          
[2026-06-18T16:37:11.479+0800][29.128s][info][gc,heap     ] GC(272) Reclaimed:         -                  -                60M (23%)         144M (56%)            -                  -          
[2026-06-18T16:37:11.479+0800][29.129s][info][gc          ] GC(272) Garbage Collection (Allocation Rate) 156M(61%)->56M(22%)
[2026-06-18T16:37:11.514+0800][29.164s][info][gc,start    ] GC(273) Garbage Collection (Allocation Rate)
[2026-06-18T16:37:11.517+0800][29.166s][info][gc,phases   ] GC(273) Pause Mark Start 0.435ms
[2026-06-18T16:37:11.521+0800][29.170s][info][gc,phases   ] GC(273) Concurrent Mark 2.362ms
[2026-06-18T16:37:11.524+0800][29.173s][info][gc,phases   ] GC(273) Pause Mark End 0.758ms
[2026-06-18T16:37:11.525+0800][29.174s][info][gc,phases   ] GC(273) Concurrent Process Non-Strong References 0.356ms
[2026-06-18T16:37:11.527+0800][29.176s][info][gc,phases   ] GC(273) Concurrent Reset Relocation Set 0.007ms
[2026-06-18T16:37:11.528+0800][29.177s][info][gc,phases   ] GC(273) Concurrent Destroy Detached Pages 0.002ms
[2026-06-18T16:37:11.529+0800][29.179s][info][gc,phases   ] GC(273) Concurrent Select Relocation Set 0.975ms
[2026-06-18T16:37:11.531+0800][29.180s][info][gc,phases   ] GC(273) Concurrent Prepare Relocation Set 0.010ms
[2026-06-18T16:37:11.532+0800][29.181s][info][gc,phases   ] GC(273) Pause Relocate Start 0.223ms
[2026-06-18T16:37:11.533+0800][29.182s][info][gc,phases   ] GC(273) Concurrent Relocate 0.577ms
[2026-06-18T16:37:11.533+0800][29.183s][info][gc,load     ] GC(273) Load: 0.66/0.40/0.25
[2026-06-18T16:37:11.534+0800][29.183s][info][gc,mmu      ] GC(273) MMU: 2ms/39.9%, 5ms/76.0%, 10ms/83.7%, 20ms/90.0%, 50ms/96.0%, 100ms/97.1%
[2026-06-18T16:37:11.534+0800][29.184s][info][gc,marking  ] GC(273) Mark: 2 stripe(s), 2 proactive flush(es), 1 terminate flush(es), 0 completion(s), 0 continuation(s) 
[2026-06-18T16:37:11.535+0800][29.185s][info][gc,reloc    ] GC(273) Relocation: Successful, 19M relocated
[2026-06-18T16:37:11.537+0800][29.186s][info][gc,nmethod  ] GC(273) NMethods: 23 registered, 0 unregistered
[2026-06-18T16:37:11.538+0800][29.187s][info][gc,metaspace] GC(273) Metaspace: 3M used, 4M capacity, 4M committed, 8M reserved
[2026-06-18T16:37:11.539+0800][29.188s][info][gc,ref      ] GC(273) Soft: 43 encountered, 0 discovered, 0 enqueued
[2026-06-18T16:37:11.539+0800][29.189s][info][gc,ref      ] GC(273) Weak: 7 encountered, 2 discovered, 0 enqueued
[2026-06-18T16:37:11.540+0800][29.189s][info][gc,ref      ] GC(273) Final: 0 encountered, 0 discovered, 0 enqueued
[2026-06-18T16:37:11.540+0800][29.190s][info][gc,ref      ] GC(273) Phantom: 1 encountered, 1 discovered, 0 enqueued
[2026-06-18T16:37:11.541+0800][29.190s][info][gc,heap     ] GC(273)                Mark Start          Mark End        Relocate Start      Relocate End           High               Low         
[2026-06-18T16:37:11.541+0800][29.190s][info][gc,heap     ] GC(273)  Capacity:      256M (100%)        256M (100%)        256M (100%)        256M (100%)        256M (100%)        256M (100%)   
[2026-06-18T16:37:11.541+0800][29.191s][info][gc,heap     ] GC(273)   Reserve:       62M (24%)          62M (24%)          62M (24%)          62M (24%)          62M (24%)          62M (24%)    
[2026-06-18T16:37:11.542+0800][29.191s][info][gc,heap     ] GC(273)      Free:      118M (46%)         114M (45%)         106M (41%)         112M (44%)         142M (55%)         102M (40%)    
[2026-06-18T16:37:11.542+0800][29.192s][info][gc,heap     ] GC(273)      Used:       76M (30%)          80M (31%)          88M (34%)          82M (32%)          92M (36%)          52M (20%)    
[2026-06-18T16:37:11.543+0800][29.192s][info][gc,heap     ] GC(273)      Live:         -                21M (8%)           21M (8%)           21M (8%)             -                  -          
[2026-06-18T16:37:11.543+0800][29.192s][info][gc,heap     ] GC(273) Allocated:         -                 4M (2%)           40M (16%)          46M (18%)            -                  -          
[2026-06-18T16:37:11.543+0800][29.192s][info][gc,heap     ] GC(273)   Garbage:         -                54M (21%)          26M (11%)          20M (8%)             -                  -          
[2026-06-18T16:37:11.543+0800][29.193s][info][gc,heap     ] GC(273) Reclaimed:         -                  -                28M (11%)          34M (13%)            -                  -          
[2026-06-18T16:37:11.544+0800][29.193s][info][gc          ] GC(273) Garbage Collection (Allocation Rate) 76M(30%)->82M(32%)
[2026-06-18T16:37:11.613+0800][29.263s][info][gc,start    ] GC(274) Garbage Collection (Allocation Rate)
[2026-06-18T16:37:11.615+0800][29.265s][info][gc,phases   ] GC(274) Pause Mark Start 0.252ms
[2026-06-18T16:37:11.618+0800][29.267s][info][gc,phases   ] GC(274) Concurrent Mark 1.672ms
[2026-06-18T16:37:11.619+0800][29.268s][info][gc,phases   ] GC(274) Pause Mark End 0.411ms
[2026-06-18T16:37:11.620+0800][29.269s][info][gc,phases   ] GC(274) Concurrent Process Non-Strong References 0.153ms
[2026-06-18T16:37:11.620+0800][29.269s][info][gc,phases   ] GC(274) Concurrent Reset Relocation Set 0.002ms
[2026-06-18T16:37:11.620+0800][29.270s][info][gc,phases   ] GC(274) Concurrent Destroy Detached Pages 0.001ms
[2026-06-18T16:37:11.622+0800][29.271s][info][gc,phases   ] GC(274) Concurrent Select Relocation Set 0.649ms
[2026-06-18T16:37:11.622+0800][29.271s][info][gc,phases   ] GC(274) Concurrent Prepare Relocation Set 0.002ms
[2026-06-18T16:37:11.623+0800][29.272s][info][gc,phases   ] GC(274) Pause Relocate Start 0.175ms
[2026-06-18T16:37:11.625+0800][29.275s][info][gc,phases   ] GC(274) Concurrent Relocate 1.840ms
[2026-06-18T16:37:11.626+0800][29.275s][info][gc,load     ] GC(274) Load: 0.66/0.40/0.25
[2026-06-18T16:37:11.626+0800][29.276s][info][gc,mmu      ] GC(274) MMU: 2ms/39.9%, 5ms/76.0%, 10ms/83.7%, 20ms/90.0%, 50ms/96.0%, 100ms/97.1%
[2026-06-18T16:37:11.627+0800][29.276s][info][gc,marking  ] GC(274) Mark: 2 stripe(s), 1 proactive flush(es), 1 terminate flush(es), 0 completion(s), 0 continuation(s) 
[2026-06-18T16:37:11.627+0800][29.276s][info][gc,reloc    ] GC(274) Relocation: Successful, 26M relocated
[2026-06-18T16:37:11.627+0800][29.276s][info][gc,nmethod  ] GC(274) NMethods: 23 registered, 0 unregistered
[2026-06-18T16:37:11.627+0800][29.277s][info][gc,metaspace] GC(274) Metaspace: 3M used, 4M capacity, 4M committed, 8M reserved
[2026-06-18T16:37:11.628+0800][29.277s][info][gc,ref      ] GC(274) Soft: 43 encountered, 0 discovered, 0 enqueued
[2026-06-18T16:37:11.628+0800][29.277s][info][gc,ref      ] GC(274) Weak: 7 encountered, 2 discovered, 0 enqueued
[2026-06-18T16:37:11.628+0800][29.278s][info][gc,ref      ] GC(274) Final: 0 encountered, 0 discovered, 0 enqueued
[2026-06-18T16:37:11.629+0800][29.278s][info][gc,ref      ] GC(274) Phantom: 1 encountered, 1 discovered, 0 enqueued
[2026-06-18T16:37:11.629+0800][29.278s][info][gc,heap     ] GC(274)                Mark Start          Mark End        Relocate Start      Relocate End           High               Low         
[2026-06-18T16:37:11.629+0800][29.278s][info][gc,heap     ] GC(274)  Capacity:      256M (100%)        256M (100%)        256M (100%)        256M (100%)        256M (100%)        256M (100%)   
[2026-06-18T16:37:11.629+0800][29.279s][info][gc,heap     ] GC(274)   Reserve:       62M (24%)          62M (24%)          62M (24%)          62M (24%)          62M (24%)          62M (24%)    
[2026-06-18T16:37:11.629+0800][29.279s][info][gc,heap     ] GC(274)      Free:       82M (32%)          82M (32%)         114M (45%)         142M (55%)         142M (55%)          76M (30%)    
[2026-06-18T16:37:11.630+0800][29.279s][info][gc,heap     ] GC(274)      Used:      112M (44%)         112M (44%)          80M (31%)          52M (20%)         118M (46%)          52M (20%)    
[2026-06-18T16:37:11.630+0800][29.279s][info][gc,heap     ] GC(274)      Live:         -                28M (11%)          28M (11%)          28M (11%)            -                  -          
[2026-06-18T16:37:11.630+0800][29.279s][info][gc,heap     ] GC(274) Allocated:         -                 0M (0%)            0M (0%)           46M (18%)            -                  -          
[2026-06-18T16:37:11.630+0800][29.280s][info][gc,heap     ] GC(274)   Garbage:         -                83M (33%)          51M (20%)          17M (7%)             -                  -          
[2026-06-18T16:37:11.631+0800][29.280s][info][gc,heap     ] GC(274) Reclaimed:         -                  -                32M (12%)          66M (26%)            -                  -          
[2026-06-18T16:37:11.631+0800][29.280s][info][gc          ] GC(274) Garbage Collection (Allocation Rate) 112M(44%)->52M(20%)
[2026-06-18T16:37:11.714+0800][29.363s][info][gc,start    ] GC(275) Garbage Collection (Allocation Rate)
[2026-06-18T16:37:11.718+0800][29.367s][info][gc,phases   ] GC(275) Pause Mark Start 0.427ms
[2026-06-18T16:37:11.722+0800][29.371s][info][gc,phases   ] GC(275) Concurrent Mark 1.966ms
[2026-06-18T16:37:11.724+0800][29.373s][info][gc,phases   ] GC(275) Pause Mark End 0.581ms
[2026-06-18T16:37:11.725+0800][29.375s][info][gc,phases   ] GC(275) Concurrent Process Non-Strong References 0.170ms
[2026-06-18T16:37:11.727+0800][29.376s][info][gc,phases   ] GC(275) Concurrent Reset Relocation Set 0.003ms
[2026-06-18T16:37:11.727+0800][29.377s][info][gc,phases   ] GC(275) Concurrent Destroy Detached Pages 0.001ms
[2026-06-18T16:37:11.729+0800][29.378s][info][gc,phases   ] GC(275) Concurrent Select Relocation Set 0.827ms
[2026-06-18T16:37:11.729+0800][29.379s][info][gc,phases   ] GC(275) Concurrent Prepare Relocation Set 0.018ms
[2026-06-18T16:37:11.731+0800][29.380s][info][gc,phases   ] GC(275) Pause Relocate Start 0.199ms
[2026-06-18T16:37:11.732+0800][29.381s][info][gc,phases   ] GC(275) Concurrent Relocate 0.504ms
[2026-06-18T16:37:11.733+0800][29.382s][info][gc,load     ] GC(275) Load: 0.66/0.40/0.25
[2026-06-18T16:37:11.734+0800][29.383s][info][gc,mmu      ] GC(275) MMU: 2ms/39.9%, 5ms/76.0%, 10ms/83.7%, 20ms/90.0%, 50ms/96.0%, 100ms/97.1%
[2026-06-18T16:37:11.734+0800][29.383s][info][gc,marking  ] GC(275) Mark: 2 stripe(s), 2 proactive flush(es), 1 terminate flush(es), 0 completion(s), 0 continuation(s) 
[2026-06-18T16:37:11.735+0800][29.384s][info][gc,reloc    ] GC(275) Relocation: Successful, 23M relocated
[2026-06-18T16:37:11.739+0800][29.389s][info][gc,nmethod  ] GC(275) NMethods: 23 registered, 0 unregistered
[2026-06-18T16:37:11.744+0800][29.393s][info][gc,metaspace] GC(275) Metaspace: 3M used, 4M capacity, 4M committed, 8M reserved
[2026-06-18T16:37:11.747+0800][29.396s][info][gc,ref      ] GC(275) Soft: 43 encountered, 0 discovered, 0 enqueued
[2026-06-18T16:37:11.748+0800][29.397s][info][gc,ref      ] GC(275) Weak: 7 encountered, 2 discovered, 0 enqueued
[2026-06-18T16:37:11.749+0800][29.398s][info][gc,ref      ] GC(275) Final: 0 encountered, 0 discovered, 0 enqueued
[2026-06-18T16:37:11.751+0800][29.401s][info][gc,ref      ] GC(275) Phantom: 1 encountered, 1 discovered, 0 enqueued
[2026-06-18T16:37:11.753+0800][29.402s][info][gc,heap     ] GC(275)                Mark Start          Mark End        Relocate Start      Relocate End           High               Low         
[2026-06-18T16:37:11.754+0800][29.403s][info][gc,heap     ] GC(275)  Capacity:      256M (100%)        256M (100%)        256M (100%)        256M (100%)        256M (100%)        256M (100%)   
[2026-06-18T16:37:11.755+0800][29.405s][info][gc,heap     ] GC(275)   Reserve:       62M (24%)          62M (24%)          62M (24%)          62M (24%)          62M (24%)          62M (24%)    
[2026-06-18T16:37:11.757+0800][29.406s][info][gc,heap     ] GC(275)      Free:      114M (45%)          76M (30%)         102M (40%)         110M (43%)         114M (45%)          76M (30%)    
[2026-06-18T16:37:11.758+0800][29.408s][info][gc,heap     ] GC(275)      Used:       80M (31%)         118M (46%)          92M (36%)          84M (33%)         118M (46%)          80M (31%)    
[2026-06-18T16:37:11.759+0800][29.409s][info][gc,heap     ] GC(275)      Live:         -                24M (10%)          24M (10%)          24M (10%)            -                  -          
[2026-06-18T16:37:11.760+0800][29.409s][info][gc,heap     ] GC(275) Allocated:         -                38M (15%)          38M (15%)          50M (20%)            -                  -          
[2026-06-18T16:37:11.761+0800][29.410s][info][gc,heap     ] GC(275)   Garbage:         -                55M (22%)          29M (11%)          17M (7%)             -                  -          
[2026-06-18T16:37:11.762+0800][29.411s][info][gc,heap     ] GC(275) Reclaimed:         -                  -                26M (10%)          38M (15%)            -                  -          
[2026-06-18T16:37:11.763+0800][29.413s][info][gc          ] GC(275) Garbage Collection (Allocation Rate) 80M(31%)->84M(33%)
[2026-06-18T16:37:11.814+0800][29.464s][info][gc,start    ] GC(276) Garbage Collection (Allocation Rate)
[2026-06-18T16:37:11.818+0800][29.467s][info][gc,phases   ] GC(276) Pause Mark Start 0.487ms
[2026-06-18T16:37:11.821+0800][29.471s][info][gc,phases   ] GC(276) Concurrent Mark 2.220ms
[2026-06-18T16:37:11.824+0800][29.473s][info][gc,phases   ] GC(276) Pause Mark End 0.643ms
[2026-06-18T16:37:11.825+0800][29.474s][info][gc,phases   ] GC(276) Concurrent Process Non-Strong References 0.238ms
[2026-06-18T16:37:11.827+0800][29.476s][info][gc,phases   ] GC(276) Concurrent Reset Relocation Set 0.004ms
[2026-06-18T16:37:11.828+0800][29.477s][info][gc,phases   ] GC(276) Concurrent Destroy Detached Pages 0.001ms
[2026-06-18T16:37:11.830+0800][29.479s][info][gc,phases   ] GC(276) Concurrent Select Relocation Set 0.972ms
[2026-06-18T16:37:11.831+0800][29.481s][info][gc,phases   ] GC(276) Concurrent Prepare Relocation Set 0.019ms
[2026-06-18T16:37:11.833+0800][29.482s][info][gc,phases   ] GC(276) Pause Relocate Start 0.245ms
[2026-06-18T16:37:11.836+0800][29.485s][info][gc,phases   ] GC(276) Concurrent Relocate 1.520ms
[2026-06-18T16:37:11.837+0800][29.486s][info][gc,load     ] GC(276) Load: 0.66/0.40/0.25
[2026-06-18T16:37:11.838+0800][29.487s][info][gc,mmu      ] GC(276) MMU: 2ms/39.9%, 5ms/76.0%, 10ms/83.7%, 20ms/90.0%, 50ms/96.0%, 100ms/97.1%
[2026-06-18T16:37:11.838+0800][29.487s][info][gc,marking  ] GC(276) Mark: 2 stripe(s), 2 proactive flush(es), 1 terminate flush(es), 0 completion(s), 0 continuation(s) 
[2026-06-18T16:37:11.839+0800][29.488s][info][gc,reloc    ] GC(276) Relocation: Successful, 21M relocated
[2026-06-18T16:37:11.839+0800][29.489s][info][gc,nmethod  ] GC(276) NMethods: 23 registered, 0 unregistered
[2026-06-18T16:37:11.840+0800][29.489s][info][gc,metaspace] GC(276) Metaspace: 3M used, 4M capacity, 4M committed, 8M reserved
[2026-06-18T16:37:11.840+0800][29.490s][info][gc,ref      ] GC(276) Soft: 43 encountered, 0 discovered, 0 enqueued
[2026-06-18T16:37:11.841+0800][29.490s][info][gc,ref      ] GC(276) Weak: 7 encountered, 2 discovered, 0 enqueued
[2026-06-18T16:37:11.841+0800][29.491s][info][gc,ref      ] GC(276) Final: 0 encountered, 0 discovered, 0 enqueued
[2026-06-18T16:37:11.842+0800][29.491s][info][gc,ref      ] GC(276) Phantom: 1 encountered, 1 discovered, 0 enqueued
[2026-06-18T16:37:11.842+0800][29.491s][info][gc,heap     ] GC(276)                Mark Start          Mark End        Relocate Start      Relocate End           High               Low         
[2026-06-18T16:37:11.843+0800][29.492s][info][gc,heap     ] GC(276)  Capacity:      256M (100%)        256M (100%)        256M (100%)        256M (100%)        256M (100%)        256M (100%)   
[2026-06-18T16:37:11.843+0800][29.492s][info][gc,heap     ] GC(276)   Reserve:       62M (24%)          62M (24%)          62M (24%)          62M (24%)          62M (24%)          62M (24%)    
[2026-06-18T16:37:11.843+0800][29.493s][info][gc,heap     ] GC(276)      Free:       80M (31%)          46M (18%)          76M (30%)         146M (57%)         146M (57%)          46M (18%)    
[2026-06-18T16:37:11.844+0800][29.493s][info][gc,heap     ] GC(276)      Used:      114M (45%)         148M (58%)         118M (46%)          48M (19%)         148M (58%)          48M (19%)    
[2026-06-18T16:37:11.844+0800][29.493s][info][gc,heap     ] GC(276)      Live:         -                21M (8%)           21M (8%)           21M (8%)             -                  -          
[2026-06-18T16:37:11.844+0800][29.493s][info][gc,heap     ] GC(276) Allocated:         -                34M (13%)          36M (14%)          46M (18%)            -                  -          
[2026-06-18T16:37:11.844+0800][29.494s][info][gc,heap     ] GC(276)   Garbage:         -                92M (36%)          60M (24%)    17592186044406M (6         -                  -          
[2026-06-18T16:37:11.845+0800][29.494s][info][gc,heap     ] GC(276) Reclaimed:         -                  -                32M (12%)         102M (40%)            -                  -          
[2026-06-18T16:37:11.845+0800][29.494s][info][gc          ] GC(276) Garbage Collection (Allocation Rate) 114M(45%)->48M(19%)
[2026-06-18T16:37:11.914+0800][29.563s][info][gc,start    ] GC(277) Garbage Collection (Allocation Rate)
[2026-06-18T16:37:11.918+0800][29.567s][info][gc,phases   ] GC(277) Pause Mark Start 0.449ms
[2026-06-18T16:37:11.922+0800][29.571s][info][gc,phases   ] GC(277) Concurrent Mark 2.390ms
[2026-06-18T16:37:11.925+0800][29.574s][info][gc,phases   ] GC(277) Pause Mark End 0.626ms
[2026-06-18T16:37:11.926+0800][29.576s][info][gc,phases   ] GC(277) Concurrent Process Non-Strong References 0.390ms
[2026-06-18T16:37:11.927+0800][29.577s][info][gc,phases   ] GC(277) Concurrent Reset Relocation Set 0.005ms
[2026-06-18T16:37:11.928+0800][29.578s][info][gc,phases   ] GC(277) Concurrent Destroy Detached Pages 0.001ms
[2026-06-18T16:37:11.930+0800][29.579s][info][gc,phases   ] GC(277) Concurrent Select Relocation Set 0.795ms
[2026-06-18T16:37:11.931+0800][29.580s][info][gc,phases   ] GC(277) Concurrent Prepare Relocation Set 0.008ms
[2026-06-18T16:37:11.932+0800][29.581s][info][gc,phases   ] GC(277) Pause Relocate Start 0.198ms
[2026-06-18T16:37:11.933+0800][29.583s][info][gc,phases   ] GC(277) Concurrent Relocate 0.536ms
[2026-06-18T16:37:11.934+0800][29.583s][info][gc,load     ] GC(277) Load: 0.66/0.40/0.25
[2026-06-18T16:37:11.935+0800][29.584s][info][gc,mmu      ] GC(277) MMU: 2ms/39.9%, 5ms/76.0%, 10ms/83.7%, 20ms/90.0%, 50ms/96.0%, 100ms/97.1%
[2026-06-18T16:37:11.935+0800][29.584s][info][gc,marking  ] GC(277) Mark: 2 stripe(s), 1 proactive flush(es), 1 terminate flush(es), 0 completion(s), 0 continuation(s) 
[2026-06-18T16:37:11.935+0800][29.585s][info][gc,reloc    ] GC(277) Relocation: Successful, 24M relocated
[2026-06-18T16:37:11.936+0800][29.585s][info][gc,nmethod  ] GC(277) NMethods: 23 registered, 0 unregistered
[2026-06-18T16:37:11.936+0800][29.586s][info][gc,metaspace] GC(277) Metaspace: 3M used, 4M capacity, 4M committed, 8M reserved
[2026-06-18T16:37:11.937+0800][29.586s][info][gc,ref      ] GC(277) Soft: 43 encountered, 0 discovered, 0 enqueued
[2026-06-18T16:37:11.937+0800][29.587s][info][gc,ref      ] GC(277) Weak: 7 encountered, 0 discovered, 0 enqueued
[2026-06-18T16:37:11.937+0800][29.587s][info][gc,ref      ] GC(277) Final: 0 encountered, 0 discovered, 0 enqueued
[2026-06-18T16:37:11.938+0800][29.587s][info][gc,ref      ] GC(277) Phantom: 1 encountered, 0 discovered, 0 enqueued
[2026-06-18T16:37:11.938+0800][29.587s][info][gc,heap     ] GC(277)                Mark Start          Mark End        Relocate Start      Relocate End           High               Low         
[2026-06-18T16:37:11.938+0800][29.588s][info][gc,heap     ] GC(277)  Capacity:      256M (100%)        256M (100%)        256M (100%)        256M (100%)        256M (100%)        256M (100%)   
[2026-06-18T16:37:11.939+0800][29.588s][info][gc,heap     ] GC(277)   Reserve:       62M (24%)          62M (24%)          62M (24%)          62M (24%)          62M (24%)          62M (24%)    
[2026-06-18T16:37:11.939+0800][29.588s][info][gc,heap     ] GC(277)      Free:      114M (45%)         114M (45%)         136M (53%)         146M (57%)         146M (57%)         110M (43%)    
[2026-06-18T16:37:11.939+0800][29.588s][info][gc,heap     ] GC(277)      Used:       80M (31%)          80M (31%)          58M (23%)          48M (19%)          84M (33%)          48M (19%)    
[2026-06-18T16:37:11.939+0800][29.589s][info][gc,heap     ] GC(277)      Live:         -                28M (11%)          28M (11%)          28M (11%)            -                  -          
[2026-06-18T16:37:11.940+0800][29.589s][info][gc,heap     ] GC(277) Allocated:         -                 0M (0%)            4M (2%)           10M (4%)             -                  -          
[2026-06-18T16:37:11.940+0800][29.589s][info][gc,heap     ] GC(277)   Garbage:         -                51M (20%)          25M (10%)          15M (6%)             -                  -          
[2026-06-18T16:37:11.940+0800][29.589s][info][gc,heap     ] GC(277) Reclaimed:         -                  -                26M (10%)          36M (14%)            -                  -          
[2026-06-18T16:37:11.940+0800][29.589s][info][gc          ] GC(277) Garbage Collection (Allocation Rate) 80M(31%)->48M(19%)
[2026-06-18T16:37:12.014+0800][29.663s][info][gc,start    ] GC(278) Garbage Collection (Allocation Rate)
[2026-06-18T16:37:12.016+0800][29.666s][info][gc,phases   ] GC(278) Pause Mark Start 0.408ms
[2026-06-18T16:37:12.020+0800][29.669s][info][gc,phases   ] GC(278) Concurrent Mark 2.190ms
[2026-06-18T16:37:12.022+0800][29.671s][info][gc,phases   ] GC(278) Pause Mark End 0.659ms
[2026-06-18T16:37:12.023+0800][29.673s][info][gc,phases   ] GC(278) Concurrent Process Non-Strong References 0.483ms
[2026-06-18T16:37:12.024+0800][29.674s][info][gc,phases   ] GC(278) Concurrent Reset Relocation Set 0.003ms
[2026-06-18T16:37:12.025+0800][29.674s][info][gc,phases   ] GC(278) Concurrent Destroy Detached Pages 0.001ms
[2026-06-18T16:37:12.027+0800][29.676s][info][gc,phases   ] GC(278) Concurrent Select Relocation Set 1.029ms
[2026-06-18T16:37:12.027+0800][29.677s][info][gc,phases   ] GC(278) Concurrent Prepare Relocation Set 0.005ms
[2026-06-18T16:37:12.028+0800][29.678s][info][gc,phases   ] GC(278) Pause Relocate Start 0.275ms
[2026-06-18T16:37:12.031+0800][29.680s][info][gc,phases   ] GC(278) Concurrent Relocate 1.842ms
[2026-06-18T16:37:12.031+0800][29.681s][info][gc,load     ] GC(278) Load: 0.66/0.40/0.25
[2026-06-18T16:37:12.032+0800][29.681s][info][gc,mmu      ] GC(278) MMU: 2ms/39.9%, 5ms/76.0%, 10ms/83.7%, 20ms/90.0%, 50ms/96.0%, 100ms/97.1%
[2026-06-18T16:37:12.032+0800][29.682s][info][gc,marking  ] GC(278) Mark: 2 stripe(s), 1 proactive flush(es), 1 terminate flush(es), 0 completion(s), 0 continuation(s) 
[2026-06-18T16:37:12.033+0800][29.682s][info][gc,reloc    ] GC(278) Relocation: Successful, 25M relocated
[2026-06-18T16:37:12.033+0800][29.682s][info][gc,nmethod  ] GC(278) NMethods: 23 registered, 0 unregistered
[2026-06-18T16:37:12.034+0800][29.683s][info][gc,metaspace] GC(278) Metaspace: 3M used, 4M capacity, 4M committed, 8M reserved
[2026-06-18T16:37:12.034+0800][29.683s][info][gc,ref      ] GC(278) Soft: 43 encountered, 0 discovered, 0 enqueued
[2026-06-18T16:37:12.034+0800][29.684s][info][gc,ref      ] GC(278) Weak: 7 encountered, 2 discovered, 0 enqueued
[2026-06-18T16:37:12.035+0800][29.684s][info][gc,ref      ] GC(278) Final: 0 encountered, 0 discovered, 0 enqueued
[2026-06-18T16:37:12.035+0800][29.684s][info][gc,ref      ] GC(278) Phantom: 1 encountered, 1 discovered, 0 enqueued
[2026-06-18T16:37:12.035+0800][29.685s][info][gc,heap     ] GC(278)                Mark Start          Mark End        Relocate Start      Relocate End           High               Low         
[2026-06-18T16:37:12.036+0800][29.685s][info][gc,heap     ] GC(278)  Capacity:      256M (100%)        256M (100%)        256M (100%)        256M (100%)        256M (100%)        256M (100%)   
[2026-06-18T16:37:12.036+0800][29.685s][info][gc,heap     ] GC(278)   Reserve:       62M (24%)          62M (24%)          62M (24%)          62M (24%)          62M (24%)          62M (24%)    
[2026-06-18T16:37:12.036+0800][29.686s][info][gc,heap     ] GC(278)      Free:       80M (31%)          80M (31%)         102M (40%)         146M (57%)         146M (57%)          64M (25%)    
[2026-06-18T16:37:12.036+0800][29.686s][info][gc,heap     ] GC(278)      Used:      114M (45%)         114M (45%)          92M (36%)          48M (19%)         130M (51%)          48M (19%)    
[2026-06-18T16:37:12.037+0800][29.686s][info][gc,heap     ] GC(278)      Live:         -                25M (10%)          25M (10%)          25M (10%)            -                  -          
[2026-06-18T16:37:12.037+0800][29.686s][info][gc,heap     ] GC(278) Allocated:         -                 0M (0%)            4M (2%)           44M (17%)            -                  -          
[2026-06-18T16:37:12.037+0800][29.686s][info][gc,heap     ] GC(278)   Garbage:         -                88M (35%)          62M (24%)          18M (7%)             -                  -          
[2026-06-18T16:37:12.037+0800][29.687s][info][gc,heap     ] GC(278) Reclaimed:         -                  -                26M (10%)          70M (27%)            -                  -          
[2026-06-18T16:37:12.038+0800][29.687s][info][gc          ] GC(278) Garbage Collection (Allocation Rate) 114M(45%)->48M(19%)
[2026-06-18T16:37:12.113+0800][29.763s][info][gc,start    ] GC(279) Garbage Collection (Allocation Rate)
[2026-06-18T16:37:12.117+0800][29.766s][info][gc,phases   ] GC(279) Pause Mark Start 0.537ms
[2026-06-18T16:37:12.121+0800][29.770s][info][gc,phases   ] GC(279) Concurrent Mark 2.126ms
[2026-06-18T16:37:12.123+0800][29.773s][info][gc,phases   ] GC(279) Pause Mark End 0.577ms
[2026-06-18T16:37:12.127+0800][29.776s][info][gc,phases   ] GC(279) Concurrent Process Non-Strong References 0.342ms
[2026-06-18T16:37:12.129+0800][29.778s][info][gc,phases   ] GC(279) Concurrent Reset Relocation Set 0.006ms
[2026-06-18T16:37:12.130+0800][29.779s][info][gc,phases   ] GC(279) Concurrent Destroy Detached Pages 0.001ms
[2026-06-18T16:37:12.132+0800][29.781s][info][gc,phases   ] GC(279) Concurrent Select Relocation Set 0.880ms
[2026-06-18T16:37:12.133+0800][29.782s][info][gc,phases   ] GC(279) Concurrent Prepare Relocation Set 0.012ms
[2026-06-18T16:37:12.133+0800][29.783s][info][gc,phases   ] GC(279) Pause Relocate Start 0.188ms
[2026-06-18T16:37:12.135+0800][29.785s][info][gc,phases   ] GC(279) Concurrent Relocate 0.420ms
[2026-06-18T16:37:12.136+0800][29.785s][info][gc,load     ] GC(279) Load: 0.66/0.40/0.25
[2026-06-18T16:37:12.137+0800][29.786s][info][gc,mmu      ] GC(279) MMU: 2ms/39.9%, 5ms/76.0%, 10ms/83.7%, 20ms/90.0%, 50ms/96.0%, 100ms/97.1%
[2026-06-18T16:37:12.137+0800][29.786s][info][gc,marking  ] GC(279) Mark: 2 stripe(s), 2 proactive flush(es), 1 terminate flush(es), 0 completion(s), 0 continuation(s) 
[2026-06-18T16:37:12.138+0800][29.787s][info][gc,reloc    ] GC(279) Relocation: Successful, 20M relocated
[2026-06-18T16:37:12.138+0800][29.787s][info][gc,nmethod  ] GC(279) NMethods: 23 registered, 0 unregistered
[2026-06-18T16:37:12.138+0800][29.788s][info][gc,metaspace] GC(279) Metaspace: 3M used, 4M capacity, 4M committed, 8M reserved
[2026-06-18T16:37:12.139+0800][29.788s][info][gc,ref      ] GC(279) Soft: 43 encountered, 0 discovered, 0 enqueued
[2026-06-18T16:37:12.139+0800][29.788s][info][gc,ref      ] GC(279) Weak: 7 encountered, 2 discovered, 0 enqueued
[2026-06-18T16:37:12.140+0800][29.789s][info][gc,ref      ] GC(279) Final: 0 encountered, 0 discovered, 0 enqueued
[2026-06-18T16:37:12.140+0800][29.790s][info][gc,ref      ] GC(279) Phantom: 1 encountered, 1 discovered, 0 enqueued
[2026-06-18T16:37:12.141+0800][29.790s][info][gc,heap     ] GC(279)                Mark Start          Mark End        Relocate Start      Relocate End           High               Low         
[2026-06-18T16:37:12.141+0800][29.790s][info][gc,heap     ] GC(279)  Capacity:      256M (100%)        256M (100%)        256M (100%)        256M (100%)        256M (100%)        256M (100%)   
[2026-06-18T16:37:12.141+0800][29.790s][info][gc,heap     ] GC(279)   Reserve:       62M (24%)          62M (24%)          62M (24%)          62M (24%)          62M (24%)          62M (24%)    
[2026-06-18T16:37:12.141+0800][29.791s][info][gc,heap     ] GC(279)      Free:      114M (45%)         110M (43%)         136M (53%)         144M (56%)         144M (56%)         106M (41%)    
[2026-06-18T16:37:12.142+0800][29.791s][info][gc,heap     ] GC(279)      Used:       80M (31%)          84M (33%)          58M (23%)          50M (20%)          88M (34%)          50M (20%)    
[2026-06-18T16:37:12.142+0800][29.791s][info][gc,heap     ] GC(279)      Live:         -                21M (9%)           21M (9%)           21M (9%)             -                  -          
[2026-06-18T16:37:12.142+0800][29.791s][info][gc,heap     ] GC(279) Allocated:         -                 4M (2%)            8M (3%)           14M (5%)             -                  -          
[2026-06-18T16:37:12.142+0800][29.792s][info][gc,heap     ] GC(279)   Garbage:         -                58M (23%)          28M (11%)          20M (8%)             -                  -          
[2026-06-18T16:37:12.143+0800][29.792s][info][gc,heap     ] GC(279) Reclaimed:         -                  -                30M (12%)          38M (15%)            -                  -          
[2026-06-18T16:37:12.143+0800][29.792s][info][gc          ] GC(279) Garbage Collection (Allocation Rate) 80M(31%)->50M(20%)
[2026-06-18T16:37:12.214+0800][29.863s][info][gc,start    ] GC(280) Garbage Collection (Allocation Rate)
[2026-06-18T16:37:12.216+0800][29.866s][info][gc,phases   ] GC(280) Pause Mark Start 0.543ms
[2026-06-18T16:37:12.221+0800][29.871s][info][gc,phases   ] GC(280) Concurrent Mark 2.064ms
[2026-06-18T16:37:12.224+0800][29.873s][info][gc,phases   ] GC(280) Pause Mark End 0.518ms
[2026-06-18T16:37:12.225+0800][29.874s][info][gc,phases   ] GC(280) Concurrent Process Non-Strong References 0.216ms
[2026-06-18T16:37:12.226+0800][29.875s][info][gc,phases   ] GC(280) Concurrent Reset Relocation Set 0.004ms
[2026-06-18T16:37:12.227+0800][29.876s][info][gc,phases   ] GC(280) Concurrent Destroy Detached Pages 0.001ms
[2026-06-18T16:37:12.229+0800][29.878s][info][gc,phases   ] GC(280) Concurrent Select Relocation Set 0.717ms
[2026-06-18T16:37:12.230+0800][29.879s][info][gc,phases   ] GC(280) Concurrent Prepare Relocation Set 0.015ms
[2026-06-18T16:37:12.231+0800][29.880s][info][gc,phases   ] GC(280) Pause Relocate Start 0.155ms
[2026-06-18T16:37:12.233+0800][29.882s][info][gc,phases   ] GC(280) Concurrent Relocate 1.802ms
[2026-06-18T16:37:12.235+0800][29.884s][info][gc,load     ] GC(280) Load: 0.66/0.40/0.25
[2026-06-18T16:37:12.238+0800][29.888s][info][gc,mmu      ] GC(280) MMU: 2ms/39.9%, 5ms/76.0%, 10ms/83.7%, 20ms/90.0%, 50ms/96.0%, 100ms/97.1%
[2026-06-18T16:37:12.241+0800][29.890s][info][gc,marking  ] GC(280) Mark: 2 stripe(s), 1 proactive flush(es), 1 terminate flush(es), 0 completion(s), 0 continuation(s) 
[2026-06-18T16:37:12.247+0800][29.896s][info][gc,reloc    ] GC(280) Relocation: Successful, 25M relocated
[2026-06-18T16:37:12.249+0800][29.898s][info][gc,nmethod  ] GC(280) NMethods: 23 registered, 0 unregistered
[2026-06-18T16:37:12.251+0800][29.900s][info][gc,metaspace] GC(280) Metaspace: 3M used, 4M capacity, 4M committed, 8M reserved
[2026-06-18T16:37:12.251+0800][29.901s][info][gc,ref      ] GC(280) Soft: 43 encountered, 0 discovered, 0 enqueued
[2026-06-18T16:37:12.252+0800][29.901s][info][gc,ref      ] GC(280) Weak: 7 encountered, 2 discovered, 0 enqueued
[2026-06-18T16:37:12.253+0800][29.902s][info][gc,ref      ] GC(280) Final: 0 encountered, 0 discovered, 0 enqueued
[2026-06-18T16:37:12.253+0800][29.902s][info][gc,ref      ] GC(280) Phantom: 1 encountered, 1 discovered, 0 enqueued
[2026-06-18T16:37:12.254+0800][29.903s][info][gc,heap     ] GC(280)                Mark Start          Mark End        Relocate Start      Relocate End           High               Low         
[2026-06-18T16:37:12.254+0800][29.904s][info][gc,heap     ] GC(280)  Capacity:      256M (100%)        256M (100%)        256M (100%)        256M (100%)        256M (100%)        256M (100%)   
[2026-06-18T16:37:12.255+0800][29.904s][info][gc,heap     ] GC(280)   Reserve:       62M (24%)          62M (24%)          62M (24%)          62M (24%)          62M (24%)          62M (24%)    
[2026-06-18T16:37:12.255+0800][29.905s][info][gc,heap     ] GC(280)      Free:       82M (32%)          82M (32%)         106M (41%)         144M (56%)         144M (56%)          70M (27%)    
[2026-06-18T16:37:12.256+0800][29.905s][info][gc,heap     ] GC(280)      Used:      112M (44%)         112M (44%)          88M (34%)          50M (20%)         124M (48%)          50M (20%)    
[2026-06-18T16:37:12.256+0800][29.906s][info][gc,heap     ] GC(280)      Live:         -                28M (11%)          28M (11%)          28M (11%)            -                  -          
[2026-06-18T16:37:12.257+0800][29.906s][info][gc,heap     ] GC(280) Allocated:         -                 0M (0%)            4M (2%)           44M (17%)            -                  -          
[2026-06-18T16:37:12.257+0800][29.907s][info][gc,heap     ] GC(280)   Garbage:         -                83M (33%)          55M (22%)          17M (7%)             -                  -          
[2026-06-18T16:37:12.258+0800][29.907s][info][gc,heap     ] GC(280) Reclaimed:         -                  -                28M (11%)          66M (26%)            -                  -          
[2026-06-18T16:37:12.258+0800][29.907s][info][gc          ] GC(280) Garbage Collection (Allocation Rate) 112M(44%)->50M(20%)
[2026-06-18T16:37:12.314+0800][29.963s][info][gc,start    ] GC(281) Garbage Collection (Allocation Rate)
[2026-06-18T16:37:12.316+0800][29.965s][info][gc,phases   ] GC(281) Pause Mark Start 0.265ms
[2026-06-18T16:37:12.318+0800][29.967s][info][gc,phases   ] GC(281) Concurrent Mark 1.599ms
[2026-06-18T16:37:12.320+0800][29.969s][info][gc,phases   ] GC(281) Pause Mark End 0.415ms
[2026-06-18T16:37:12.321+0800][29.970s][info][gc,phases   ] GC(281) Concurrent Process Non-Strong References 0.143ms
[2026-06-18T16:37:12.321+0800][29.971s][info][gc,phases   ] GC(281) Concurrent Reset Relocation Set 0.003ms
[2026-06-18T16:37:12.322+0800][29.971s][info][gc,phases   ] GC(281) Concurrent Destroy Detached Pages 0.001ms
[2026-06-18T16:37:12.324+0800][29.973s][info][gc,phases   ] GC(281) Concurrent Select Relocation Set 0.647ms
[2026-06-18T16:37:12.325+0800][29.974s][info][gc,phases   ] GC(281) Concurrent Prepare Relocation Set 0.004ms
[2026-06-18T16:37:12.325+0800][29.975s][info][gc,phases   ] GC(281) Pause Relocate Start 0.139ms
[2026-06-18T16:37:12.326+0800][29.975s][info][gc,phases   ] GC(281) Concurrent Relocate 0.214ms
[2026-06-18T16:37:12.327+0800][29.976s][info][gc,load     ] GC(281) Load: 0.66/0.40/0.25
[2026-06-18T16:37:12.327+0800][29.976s][info][gc,mmu      ] GC(281) MMU: 2ms/39.9%, 5ms/76.0%, 10ms/83.7%, 20ms/90.0%, 50ms/96.0%, 100ms/97.1%
[2026-06-18T16:37:12.328+0800][29.977s][info][gc,marking  ] GC(281) Mark: 2 stripe(s), 1 proactive flush(es), 1 terminate flush(es), 0 completion(s), 0 continuation(s) 
[2026-06-18T16:37:12.328+0800][29.977s][info][gc,reloc    ] GC(281) Relocation: Successful, 23M relocated
[2026-06-18T16:37:12.328+0800][29.978s][info][gc,nmethod  ] GC(281) NMethods: 23 registered, 0 unregistered
[2026-06-18T16:37:12.329+0800][29.978s][info][gc,metaspace] GC(281) Metaspace: 3M used, 4M capacity, 4M committed, 8M reserved
[2026-06-18T16:37:12.329+0800][29.978s][info][gc,ref      ] GC(281) Soft: 43 encountered, 0 discovered, 0 enqueued
[2026-06-18T16:37:12.329+0800][29.978s][info][gc,ref      ] GC(281) Weak: 7 encountered, 0 discovered, 0 enqueued
[2026-06-18T16:37:12.329+0800][29.979s][info][gc,ref      ] GC(281) Final: 0 encountered, 0 discovered, 0 enqueued
[2026-06-18T16:37:12.329+0800][29.979s][info][gc,ref      ] GC(281) Phantom: 1 encountered, 1 discovered, 0 enqueued
[2026-06-18T16:37:12.330+0800][29.979s][info][gc,heap     ] GC(281)                Mark Start          Mark End        Relocate Start      Relocate End           High               Low         
[2026-06-18T16:37:12.330+0800][29.979s][info][gc,heap     ] GC(281)  Capacity:      256M (100%)        256M (100%)        256M (100%)        256M (100%)        256M (100%)        256M (100%)   
[2026-06-18T16:37:12.330+0800][29.979s][info][gc,heap     ] GC(281)   Reserve:       62M (24%)          62M (24%)          62M (24%)          62M (24%)          62M (24%)          62M (24%)    
[2026-06-18T16:37:12.330+0800][29.980s][info][gc,heap     ] GC(281)      Free:      112M (44%)         110M (43%)         106M (41%)         116M (45%)         116M (45%)          76M (30%)    
[2026-06-18T16:37:12.331+0800][29.980s][info][gc,heap     ] GC(281)      Used:       82M (32%)          84M (33%)          88M (34%)          78M (30%)         118M (46%)          78M (30%)    
[2026-06-18T16:37:12.331+0800][29.980s][info][gc,heap     ] GC(281)      Live:         -                25M (10%)          25M (10%)          25M (10%)            -                  -          
[2026-06-18T16:37:12.331+0800][29.980s][info][gc,heap     ] GC(281) Allocated:         -                 2M (1%)           36M (14%)          42M (16%)            -                  -          
[2026-06-18T16:37:12.331+0800][29.981s][info][gc,heap     ] GC(281)   Garbage:         -                56M (22%)          26M (11%)          16M (7%)             -                  -          
[2026-06-18T16:37:12.331+0800][29.981s][info][gc,heap     ] GC(281) Reclaimed:         -                  -                30M (12%)          40M (16%)            -                  -          
[2026-06-18T16:37:12.332+0800][29.981s][info][gc          ] GC(281) Garbage Collection (Allocation Rate) 82M(32%)->78M(30%)
[2026-06-18T16:37:12.413+0800][30.062s][info][gc,stats    ] === Garbage Collection Statistics =======================================================================================================================
[2026-06-18T16:37:12.415+0800][30.064s][info][gc,stats    ]                                                              Last 10s              Last 10m              Last 10h                Total
[2026-06-18T16:37:12.415+0800][30.065s][info][gc,stats    ]                                                              Avg / Max             Avg / Max             Avg / Max             Avg / Max
[2026-06-18T16:37:12.416+0800][30.066s][info][gc,stats    ]   Collector: Garbage Collection Cycle                     30.529 / 347.574      27.490 / 347.574      27.490 / 347.574      27.490 / 347.574     ms
[2026-06-18T16:37:12.417+0800][30.067s][info][gc,stats    ]  Contention: Mark Segment Reset Contention                     0 / 2                 0 / 4                 0 / 4                 0 / 4           ops/s
[2026-06-18T16:37:12.418+0800][30.067s][info][gc,stats    ]  Contention: Mark SeqNum Reset Contention                      0 / 0                 0 / 0                 0 / 0                 0 / 0           ops/s
[2026-06-18T16:37:12.419+0800][30.068s][info][gc,stats    ]  Contention: Relocation Contention                             5 / 16                3 / 16                3 / 16                3 / 16          ops/s
[2026-06-18T16:37:12.414+0800][30.063s][info][gc,start    ] GC(282) Garbage Collection (Allocation Rate)
[2026-06-18T16:37:12.420+0800][30.069s][info][gc,stats    ]    Critical: Allocation Stall                             32.749 / 61.923       29.003 / 61.923       29.003 / 61.923       29.003 / 61.923      ms
[2026-06-18T16:37:12.421+0800][30.070s][info][gc,stats    ]    Critical: Allocation Stall                                  0 / 1                 0 / 1                 0 / 1                 0 / 1           ops/s
[2026-06-18T16:37:12.421+0800][30.070s][info][gc,phases   ] GC(282) Pause Mark Start 0.211ms
[2026-06-18T16:37:12.422+0800][30.071s][info][gc,stats    ]    Critical: GC Locker Stall                               0.000 / 0.000         0.000 / 0.000         0.000 / 0.000         0.000 / 0.000       ms
[2026-06-18T16:37:12.423+0800][30.072s][info][gc,stats    ]    Critical: GC Locker Stall                                   0 / 0                 0 / 0                 0 / 0                 0 / 0           ops/s
[2026-06-18T16:37:12.423+0800][30.073s][info][gc,stats    ]      Memory: Allocation Rate                                 578 / 632             587 / 642             587 / 642             587 / 642         MB/s
[2026-06-18T16:37:12.424+0800][30.073s][info][gc,stats    ]      Memory: Heap Used After Mark                            111 / 192             108 / 192             108 / 192             108 / 192         MB
[2026-06-18T16:37:12.424+0800][30.073s][info][gc,stats    ]      Memory: Heap Used After Relocation                       62 / 122              61 / 122              61 / 122              61 / 122         MB
[2026-06-18T16:37:12.425+0800][30.074s][info][gc,stats    ]      Memory: Heap Used Before Mark                            98 / 156              97 / 172              97 / 172              97 / 172         MB
[2026-06-18T16:37:12.425+0800][30.074s][info][gc,stats    ]      Memory: Heap Used Before Relocation                      92 / 142              91 / 144              91 / 144              91 / 144         MB
[2026-06-18T16:37:12.425+0800][30.075s][info][gc,stats    ]      Memory: Out Of Memory                                     0 / 0                 0 / 0                 0 / 0                 0 / 0           ops/s
[2026-06-18T16:37:12.426+0800][30.075s][info][gc,stats    ]      Memory: Page Cache Flush                                  3 / 34                7 / 66                7 / 66                7 / 66          MB/s
[2026-06-18T16:37:12.424+0800][30.073s][info][gc,phases   ] GC(282) Concurrent Mark 1.452ms
[2026-06-18T16:37:12.426+0800][30.075s][info][gc,stats    ]      Memory: Page Cache Hit L1                               223 / 236             221 / 237             221 / 237             221 / 237         ops/s
[2026-06-18T16:37:12.427+0800][30.076s][info][gc,stats    ]      Memory: Page Cache Hit L2                                 0 / 0                 0 / 0                 0 / 0                 0 / 0           ops/s
[2026-06-18T16:37:12.427+0800][30.077s][info][gc,stats    ]      Memory: Page Cache Miss                                   1 / 18                2 / 32                2 / 32                2 / 32          ops/s
[2026-06-18T16:37:12.427+0800][30.077s][info][gc,stats    ]      Memory: Undo Object Allocation Failed                     1 / 8                 0 / 8                 0 / 8                 0 / 8           ops/s
[2026-06-18T16:37:12.428+0800][30.077s][info][gc,stats    ]      Memory: Undo Object Allocation Succeeded                  4 / 8                 3 / 8                 3 / 8                 3 / 8           ops/s
[2026-06-18T16:37:12.427+0800][30.076s][info][gc,phases   ] GC(282) Pause Mark End 0.285ms
[2026-06-18T16:37:12.428+0800][30.077s][info][gc,stats    ]      Memory: Undo Page Allocation                              0 / 1                 0 / 1                 0 / 1                 0 / 1           ops/s
[2026-06-18T16:37:12.428+0800][30.077s][info][gc,phases   ] GC(282) Concurrent Process Non-Strong References 0.054ms
[2026-06-18T16:37:12.428+0800][30.078s][info][gc,stats    ]       Phase: Concurrent Destroy Detached Pages             0.001 / 0.007         0.006 / 1.298         0.006 / 1.298         0.006 / 1.298       ms
[2026-06-18T16:37:12.429+0800][30.078s][info][gc,phases   ] GC(282) Concurrent Reset Relocation Set 0.002ms
[2026-06-18T16:37:12.429+0800][30.078s][info][gc,stats    ]       Phase: Concurrent Mark                               2.037 / 2.826         1.928 / 5.062         1.928 / 5.062         1.928 / 5.062       ms
[2026-06-18T16:37:12.429+0800][30.079s][info][gc,stats    ]       Phase: Concurrent Mark Continue                      0.000 / 0.000         0.000 / 0.000         0.000 / 0.000         0.000 / 0.000       ms
[2026-06-18T16:37:12.429+0800][30.078s][info][gc,phases   ] GC(282) Concurrent Destroy Detached Pages 0.001ms
[2026-06-18T16:37:12.430+0800][30.079s][info][gc,stats    ]       Phase: Concurrent Prepare Relocation Set             0.010 / 0.027         0.011 / 0.169         0.011 / 0.169         0.011 / 0.169       ms
[2026-06-18T16:37:12.430+0800][30.079s][info][gc,stats    ]       Phase: Concurrent Process Non-Strong References      0.221 / 0.582         0.210 / 0.816         0.210 / 0.816         0.210 / 0.816       ms
[2026-06-18T16:37:12.432+0800][30.081s][info][gc,stats    ]       Phase: Concurrent Relocate                           1.120 / 3.605         1.090 / 4.010         1.090 / 4.010         1.090 / 4.010       ms
[2026-06-18T16:37:12.430+0800][30.080s][info][gc,phases   ] GC(282) Concurrent Select Relocation Set 0.469ms
[2026-06-18T16:37:12.433+0800][30.082s][info][gc,phases   ] GC(282) Concurrent Prepare Relocation Set 0.003ms
[2026-06-18T16:37:12.432+0800][30.082s][info][gc,stats    ]       Phase: Concurrent Reset Relocation Set               0.005 / 0.041         0.004 / 0.041         0.004 / 0.041         0.004 / 0.041       ms
[2026-06-18T16:37:12.433+0800][30.082s][info][gc,phases   ] GC(282) Pause Relocate Start 0.113ms
[2026-06-18T16:37:12.433+0800][30.083s][info][gc,stats    ]       Phase: Concurrent Select Relocation Set              0.890 / 1.853         0.876 / 6.754         0.876 / 6.754         0.876 / 6.754       ms
[2026-06-18T16:37:12.435+0800][30.084s][info][gc,stats    ]       Phase: Pause Mark End                                0.574 / 1.120         0.516 / 1.202         0.516 / 1.202         0.516 / 1.202       ms
[2026-06-18T16:37:12.435+0800][30.084s][info][gc,stats    ]       Phase: Pause Mark Start                              0.423 / 0.754         0.406 / 0.965         0.406 / 0.965         0.406 / 0.965       ms
[2026-06-18T16:37:12.435+0800][30.085s][info][gc,stats    ]       Phase: Pause Relocate Start                          0.217 / 0.469         0.225 / 0.528         0.225 / 0.528         0.225 / 0.528       ms
[2026-06-18T16:37:12.435+0800][30.084s][info][gc,phases   ] GC(282) Concurrent Relocate 1.451ms
[2026-06-18T16:37:12.435+0800][30.085s][info][gc,stats    ]    Subphase: Concurrent Mark                               1.488 / 2.260         1.379 / 4.931         1.379 / 4.931         1.379 / 4.931       ms
[2026-06-18T16:37:12.436+0800][30.085s][info][gc,load     ] GC(282) Load: 0.66/0.40/0.25
[2026-06-18T16:37:12.436+0800][30.085s][info][gc,stats    ]    Subphase: Concurrent Mark Idle                          1.192 / 1.417         1.169 / 1.507         1.169 / 1.507         1.169 / 1.507       ms
[2026-06-18T16:37:12.436+0800][30.086s][info][gc,stats    ]    Subphase: Concurrent Mark Try Flush                     0.150 / 0.540         0.130 / 3.512         0.130 / 3.512         0.130 / 3.512       ms
[2026-06-18T16:37:12.436+0800][30.085s][info][gc,mmu      ] GC(282) MMU: 2ms/39.9%, 5ms/76.0%, 10ms/83.7%, 20ms/90.0%, 50ms/96.0%, 100ms/97.1%
[2026-06-18T16:37:12.437+0800][30.086s][info][gc,stats    ]    Subphase: Concurrent Mark Try Terminate                 0.637 / 1.551         0.647 / 1.551         0.647 / 1.551         0.647 / 1.551       ms
[2026-06-18T16:37:12.437+0800][30.086s][info][gc,marking  ] GC(282) Mark: 2 stripe(s), 1 proactive flush(es), 1 terminate flush(es), 0 completion(s), 0 continuation(s) 
[2026-06-18T16:37:12.437+0800][30.087s][info][gc,reloc    ] GC(282) Relocation: Successful, 23M relocated
[2026-06-18T16:37:12.437+0800][30.086s][info][gc,stats    ]    Subphase: Concurrent References Enqueue                 0.000 / 0.001         0.000 / 0.001         0.000 / 0.001         0.000 / 0.001       ms
[2026-06-18T16:37:12.438+0800][30.087s][info][gc,nmethod  ] GC(282) NMethods: 23 registered, 0 unregistered
[2026-06-18T16:37:12.438+0800][30.087s][info][gc,metaspace] GC(282) Metaspace: 3M used, 4M capacity, 4M committed, 8M reserved
[2026-06-18T16:37:12.438+0800][30.088s][info][gc,ref      ] GC(282) Soft: 43 encountered, 0 discovered, 0 enqueued
[2026-06-18T16:37:12.438+0800][30.087s][info][gc,stats    ]    Subphase: Concurrent References Process                 0.090 / 0.263         0.090 / 0.413         0.090 / 0.413         0.090 / 0.413       ms
[2026-06-18T16:37:12.439+0800][30.088s][info][gc,stats    ]    Subphase: Concurrent Weak Roots                         0.024 / 0.278         0.019 / 0.338         0.019 / 0.338         0.019 / 0.338       ms
[2026-06-18T16:37:12.439+0800][30.088s][info][gc,ref      ] GC(282) Weak: 7 encountered, 2 discovered, 0 enqueued
[2026-06-18T16:37:12.439+0800][30.088s][info][gc,stats    ]    Subphase: Concurrent Weak Roots JNIWeakHandles          0.000 / 0.008         0.000 / 0.013         0.000 / 0.013         0.000 / 0.013       ms
[2026-06-18T16:37:12.439+0800][30.089s][info][gc,stats    ]    Subphase: Concurrent Weak Roots StringTable             0.032 / 0.276         0.027 / 0.332         0.027 / 0.332         0.027 / 0.332       ms
[2026-06-18T16:37:12.439+0800][30.089s][info][gc,ref      ] GC(282) Final: 0 encountered, 0 discovered, 0 enqueued
[2026-06-18T16:37:12.440+0800][30.089s][info][gc,ref      ] GC(282) Phantom: 1 encountered, 1 discovered, 0 enqueued
[2026-06-18T16:37:12.440+0800][30.090s][info][gc,heap     ] GC(282)                Mark Start          Mark End        Relocate Start      Relocate End           High               Low         
[2026-06-18T16:37:12.440+0800][30.089s][info][gc,stats    ]    Subphase: Concurrent Weak Roots VMWeakHandles           0.002 / 0.007         0.002 / 0.007         0.002 / 0.007         0.002 / 0.007       ms
[2026-06-18T16:37:12.441+0800][30.090s][info][gc,stats    ]    Subphase: Pause Mark Try Complete                       0.000 / 0.000         0.000 / 0.000         0.000 / 0.000         0.000 / 0.000       ms
[2026-06-18T16:37:12.440+0800][30.090s][info][gc,heap     ] GC(282)  Capacity:      256M (100%)        256M (100%)        256M (100%)        256M (100%)        256M (100%)        256M (100%)   
[2026-06-18T16:37:12.441+0800][30.090s][info][gc,stats    ]    Subphase: Pause Remap TLABS                             0.001 / 0.001         0.001 / 0.002         0.001 / 0.002         0.001 / 0.002       ms
[2026-06-18T16:37:12.441+0800][30.090s][info][gc,heap     ] GC(282)   Reserve:       62M (24%)          62M (24%)          62M (24%)          62M (24%)          62M (24%)          62M (24%)    
[2026-06-18T16:37:12.442+0800][30.091s][info][gc,heap     ] GC(282)      Free:       82M (32%)          44M (17%)          74M (29%)         142M (55%)         142M (55%)          44M (17%)    
[2026-06-18T16:37:12.442+0800][30.091s][info][gc,heap     ] GC(282)      Used:      112M (44%)         150M (59%)         120M (47%)          52M (20%)         150M (59%)          52M (20%)    
[2026-06-18T16:37:12.441+0800][30.091s][info][gc,stats    ]    Subphase: Pause Retire TLABS                            0.010 / 0.264         0.008 / 0.264         0.008 / 0.264         0.008 / 0.264       ms
[2026-06-18T16:37:12.442+0800][30.091s][info][gc,heap     ] GC(282)      Live:         -                25M (10%)          25M (10%)          25M (10%)            -                  -          
[2026-06-18T16:37:12.444+0800][30.093s][info][gc,heap     ] GC(282) Allocated:         -                38M (15%)          38M (15%)          46M (18%)            -                  -          
[2026-06-18T16:37:12.447+0800][30.096s][info][gc,heap     ] GC(282)   Garbage:         -                86M (34%)          56M (22%)    17592186044404M (6         -                  -          
[2026-06-18T16:37:12.443+0800][30.092s][info][gc,stats    ]    Subphase: Pause Roots                                   0.006 / 0.171         0.005 / 0.239         0.005 / 0.239         0.005 / 0.239       ms
[2026-06-18T16:37:12.448+0800][30.097s][info][gc,stats    ]    Subphase: Pause Roots ClassLoaderDataGraph              0.019 / 0.121         0.019 / 0.167         0.019 / 0.167         0.019 / 0.167       ms
[2026-06-18T16:37:12.447+0800][30.097s][info][gc,heap     ] GC(282) Reclaimed:         -                  -                30M (12%)          98M (38%)            -                  -          
[2026-06-18T16:37:12.448+0800][30.097s][info][gc,stats    ]    Subphase: Pause Roots CodeCache                         0.011 / 0.039         0.010 / 0.201         0.010 / 0.201         0.010 / 0.201       ms
[2026-06-18T16:37:12.448+0800][30.098s][info][gc          ] GC(282) Garbage Collection (Allocation Rate) 112M(44%)->52M(20%)
[2026-06-18T16:37:12.449+0800][30.098s][info][gc,stats    ]    Subphase: Pause Roots JNIHandles                        0.002 / 0.012         0.002 / 0.017         0.002 / 0.017         0.002 / 0.017       ms
[2026-06-18T16:37:12.449+0800][30.098s][info][gc,stats    ]    Subphase: Pause Roots JNIWeakHandles                    0.000 / 0.000         0.000 / 0.000         0.000 / 0.000         0.000 / 0.000       ms
[2026-06-18T16:37:12.449+0800][30.099s][info][gc,stats    ]    Subphase: Pause Roots JRFWeak                           0.000 / 0.000         0.000 / 0.000         0.000 / 0.000         0.000 / 0.000       ms
[2026-06-18T16:37:12.450+0800][30.099s][info][gc,stats    ]    Subphase: Pause Roots JVMTIExport                       0.001 / 0.002         0.001 / 0.005         0.001 / 0.005         0.001 / 0.005       ms
[2026-06-18T16:37:12.450+0800][30.099s][info][gc,stats    ]    Subphase: Pause Roots JVMTIWeakExport                   0.000 / 0.001         0.000 / 0.001         0.000 / 0.001         0.000 / 0.001       ms
[2026-06-18T16:37:12.450+0800][30.099s][info][gc,stats    ]    Subphase: Pause Roots Management                        0.002 / 0.004         0.002 / 0.006         0.002 / 0.006         0.002 / 0.006       ms
[2026-06-18T16:37:12.450+0800][30.099s][info][gc,stats    ]    Subphase: Pause Roots ObjectSynchronizer                0.000 / 0.001         0.000 / 0.001         0.000 / 0.001         0.000 / 0.001       ms
[2026-06-18T16:37:12.450+0800][30.100s][info][gc,stats    ]    Subphase: Pause Roots Setup                             0.001 / 0.002         0.001 / 0.009         0.001 / 0.009         0.001 / 0.009       ms
[2026-06-18T16:37:12.451+0800][30.100s][info][gc,stats    ]    Subphase: Pause Roots StringTable                       0.000 / 0.000         0.000 / 0.000         0.000 / 0.000         0.000 / 0.000       ms
[2026-06-18T16:37:12.451+0800][30.100s][info][gc,stats    ]    Subphase: Pause Roots SystemDictionary                  0.002 / 0.008         0.002 / 0.008         0.002 / 0.008         0.002 / 0.008       ms
[2026-06-18T16:37:12.451+0800][30.100s][info][gc,stats    ]    Subphase: Pause Roots Teardown                          0.001 / 0.004         0.001 / 0.009         0.001 / 0.009         0.001 / 0.009       ms
[2026-06-18T16:37:12.451+0800][30.101s][info][gc,stats    ]    Subphase: Pause Roots Threads                           0.020 / 0.127         0.019 / 0.147         0.019 / 0.147         0.019 / 0.147       ms
[2026-06-18T16:37:12.452+0800][30.101s][info][gc,stats    ]    Subphase: Pause Roots Universe                          0.005 / 0.021         0.005 / 0.038         0.005 / 0.038         0.005 / 0.038       ms
[2026-06-18T16:37:12.452+0800][30.101s][info][gc,stats    ]    Subphase: Pause Roots VMWeakHandles                     0.000 / 0.000         0.000 / 0.000         0.000 / 0.000         0.000 / 0.000       ms
[2026-06-18T16:37:12.452+0800][30.101s][info][gc,stats    ]    Subphase: Pause Weak Roots                              0.000 / 0.005         0.000 / 0.056         0.000 / 0.056         0.000 / 0.056       ms
[2026-06-18T16:37:12.452+0800][30.101s][info][gc,stats    ]    Subphase: Pause Weak Roots JFRWeak                      0.001 / 0.001         0.001 / 0.001         0.001 / 0.001         0.001 / 0.001       ms
[2026-06-18T16:37:12.452+0800][30.102s][info][gc,stats    ]    Subphase: Pause Weak Roots JNIWeakHandles               0.000 / 0.000         0.000 / 0.000         0.000 / 0.000         0.000 / 0.000       ms
[2026-06-18T16:37:12.453+0800][30.102s][info][gc,stats    ]    Subphase: Pause Weak Roots JVMTIWeakExport              0.001 / 0.001         0.001 / 0.055         0.001 / 0.055         0.001 / 0.055       ms
[2026-06-18T16:37:12.453+0800][30.102s][info][gc,stats    ]    Subphase: Pause Weak Roots Setup                        0.000 / 0.000         0.000 / 0.000         0.000 / 0.000         0.000 / 0.000       ms
[2026-06-18T16:37:12.453+0800][30.102s][info][gc,stats    ]    Subphase: Pause Weak Roots StringTable                  0.000 / 0.000         0.000 / 0.000         0.000 / 0.000         0.000 / 0.000       ms
[2026-06-18T16:37:12.453+0800][30.102s][info][gc,stats    ]    Subphase: Pause Weak Roots SymbolTable                  0.000 / 0.000         0.000 / 0.000         0.000 / 0.000         0.000 / 0.000       ms
[2026-06-18T16:37:12.453+0800][30.103s][info][gc,stats    ]    Subphase: Pause Weak Roots Teardown                     0.001 / 0.001         0.001 / 0.002         0.001 / 0.002         0.001 / 0.002       ms
[2026-06-18T16:37:12.453+0800][30.103s][info][gc,stats    ]    Subphase: Pause Weak Roots VMWeakHandles                0.000 / 0.000         0.000 / 0.000         0.000 / 0.000         0.000 / 0.000       ms
[2026-06-18T16:37:12.454+0800][30.103s][info][gc,stats    ]      System: Java Threads                                     10 / 10               10 / 11               10 / 11               10 / 11          threads
[2026-06-18T16:37:12.455+0800][30.104s][info][gc,stats    ] =========================================================================================================================================================
[2026-06-18T16:37:12.513+0800][30.163s][info][gc,start    ] GC(283) Garbage Collection (Allocation Rate)
[2026-06-18T16:37:12.519+0800][30.169s][info][gc,phases   ] GC(283) Pause Mark Start 0.431ms
[2026-06-18T16:37:12.526+0800][30.175s][info][gc,phases   ] GC(283) Concurrent Mark 1.714ms
[2026-06-18T16:37:12.531+0800][30.180s][info][gc,phases   ] GC(283) Pause Mark End 0.569ms
[2026-06-18T16:37:12.535+0800][30.185s][info][gc,phases   ] GC(283) Concurrent Process Non-Strong References 0.092ms
[2026-06-18T16:37:12.539+0800][30.188s][info][gc,phases   ] GC(283) Concurrent Reset Relocation Set 0.006ms
[2026-06-18T16:37:12.541+0800][30.190s][info][gc,phases   ] GC(283) Concurrent Destroy Detached Pages 0.002ms
[2026-06-18T16:37:12.543+0800][30.193s][info][gc,phases   ] GC(283) Concurrent Select Relocation Set 1.168ms
[2026-06-18T16:37:12.544+0800][30.194s][info][gc,phases   ] GC(283) Concurrent Prepare Relocation Set 0.012ms
[2026-06-18T16:37:12.546+0800][30.195s][info][gc,phases   ] GC(283) Pause Relocate Start 0.231ms
[2026-06-18T16:37:12.547+0800][30.197s][info][gc,phases   ] GC(283) Concurrent Relocate 0.502ms
[2026-06-18T16:37:12.548+0800][30.197s][info][gc,load     ] GC(283) Load: 0.66/0.40/0.25
[2026-06-18T16:37:12.549+0800][30.198s][info][gc,mmu      ] GC(283) MMU: 2ms/39.9%, 5ms/76.0%, 10ms/83.7%, 20ms/90.0%, 50ms/96.0%, 100ms/97.1%
[2026-06-18T16:37:12.549+0800][30.198s][info][gc,marking  ] GC(283) Mark: 2 stripe(s), 2 proactive flush(es), 1 terminate flush(es), 0 completion(s), 0 continuation(s) 
[2026-06-18T16:37:12.549+0800][30.199s][info][gc,reloc    ] GC(283) Relocation: Successful, 23M relocated
[2026-06-18T16:37:12.550+0800][30.199s][info][gc,nmethod  ] GC(283) NMethods: 23 registered, 0 unregistered
[2026-06-18T16:37:12.550+0800][30.200s][info][gc,metaspace] GC(283) Metaspace: 3M used, 4M capacity, 4M committed, 8M reserved
[2026-06-18T16:37:12.551+0800][30.200s][info][gc,ref      ] GC(283) Soft: 43 encountered, 0 discovered, 0 enqueued
[2026-06-18T16:37:12.551+0800][30.201s][info][gc,ref      ] GC(283) Weak: 7 encountered, 0 discovered, 0 enqueued
[2026-06-18T16:37:12.552+0800][30.201s][info][gc,ref      ] GC(283) Final: 0 encountered, 0 discovered, 0 enqueued
[2026-06-18T16:37:12.552+0800][30.201s][info][gc,ref      ] GC(283) Phantom: 1 encountered, 1 discovered, 0 enqueued
[2026-06-18T16:37:12.552+0800][30.201s][info][gc,heap     ] GC(283)                Mark Start          Mark End        Relocate Start      Relocate End           High               Low         
[2026-06-18T16:37:12.552+0800][30.202s][info][gc,heap     ] GC(283)  Capacity:      256M (100%)        256M (100%)        256M (100%)        256M (100%)        256M (100%)        256M (100%)   
[2026-06-18T16:37:12.553+0800][30.202s][info][gc,heap     ] GC(283)   Reserve:       62M (24%)          62M (24%)          62M (24%)          62M (24%)          62M (24%)          62M (24%)    
[2026-06-18T16:37:12.553+0800][30.202s][info][gc,heap     ] GC(283)      Free:      114M (45%)         108M (42%)         128M (50%)         136M (53%)         136M (53%)         104M (41%)    
[2026-06-18T16:37:12.553+0800][30.203s][info][gc,heap     ] GC(283)      Used:       80M (31%)          86M (34%)          66M (26%)          58M (23%)          90M (35%)          58M (23%)    
[2026-06-18T16:37:12.554+0800][30.203s][info][gc,heap     ] GC(283)      Live:         -                23M (9%)           23M (9%)           23M (9%)             -                  -          
[2026-06-18T16:37:12.554+0800][30.203s][info][gc,heap     ] GC(283) Allocated:         -                 6M (2%)           10M (4%)           22M (9%)             -                  -          
[2026-06-18T16:37:12.554+0800][30.203s][info][gc,heap     ] GC(283)   Garbage:         -                56M (22%)          32M (13%)          20M (8%)             -                  -          
[2026-06-18T16:37:12.554+0800][30.204s][info][gc,heap     ] GC(283) Reclaimed:         -                  -                24M (9%)           36M (14%)            -                  -          
[2026-06-18T16:37:12.555+0800][30.204s][info][gc          ] GC(283) Garbage Collection (Allocation Rate) 80M(31%)->58M(23%)
[2026-06-18T16:37:12.613+0800][30.262s][info][gc,start    ] GC(284) Garbage Collection (Allocation Rate)
[2026-06-18T16:37:12.615+0800][30.264s][info][gc,phases   ] GC(284) Pause Mark Start 0.274ms
[2026-06-18T16:37:12.618+0800][30.267s][info][gc,phases   ] GC(284) Concurrent Mark 1.599ms
[2026-06-18T16:37:12.619+0800][30.268s][info][gc,phases   ] GC(284) Pause Mark End 0.385ms
[2026-06-18T16:37:12.620+0800][30.269s][info][gc,phases   ] GC(284) Concurrent Process Non-Strong References 0.121ms
[2026-06-18T16:37:12.621+0800][30.270s][info][gc,phases   ] GC(284) Concurrent Reset Relocation Set 0.003ms
[2026-06-18T16:37:12.621+0800][30.271s][info][gc,phases   ] GC(284) Concurrent Destroy Detached Pages 0.001ms
[2026-06-18T16:37:12.623+0800][30.272s][info][gc,phases   ] GC(284) Concurrent Select Relocation Set 0.758ms
[2026-06-18T16:37:12.623+0800][30.272s][info][gc,phases   ] GC(284) Concurrent Prepare Relocation Set 0.009ms
[2026-06-18T16:37:12.624+0800][30.273s][info][gc,phases   ] GC(284) Pause Relocate Start 0.136ms
[2026-06-18T16:37:12.626+0800][30.275s][info][gc,phases   ] GC(284) Concurrent Relocate 1.406ms
[2026-06-18T16:37:12.626+0800][30.276s][info][gc,load     ] GC(284) Load: 0.66/0.40/0.25
[2026-06-18T16:37:12.627+0800][30.276s][info][gc,mmu      ] GC(284) MMU: 2ms/39.9%, 5ms/76.0%, 10ms/83.7%, 20ms/90.0%, 50ms/96.0%, 100ms/97.1%
[2026-06-18T16:37:12.627+0800][30.277s][info][gc,marking  ] GC(284) Mark: 2 stripe(s), 1 proactive flush(es), 1 terminate flush(es), 0 completion(s), 0 continuation(s) 
[2026-06-18T16:37:12.628+0800][30.277s][info][gc,reloc    ] GC(284) Relocation: Successful, 20M relocated
[2026-06-18T16:37:12.628+0800][30.277s][info][gc,nmethod  ] GC(284) NMethods: 23 registered, 0 unregistered
[2026-06-18T16:37:12.628+0800][30.278s][info][gc,metaspace] GC(284) Metaspace: 3M used, 4M capacity, 4M committed, 8M reserved
[2026-06-18T16:37:12.629+0800][30.278s][info][gc,ref      ] GC(284) Soft: 43 encountered, 0 discovered, 0 enqueued
[2026-06-18T16:37:12.629+0800][30.278s][info][gc,ref      ] GC(284) Weak: 7 encountered, 0 discovered, 0 enqueued
[2026-06-18T16:37:12.629+0800][30.278s][info][gc,ref      ] GC(284) Final: 0 encountered, 0 discovered, 0 enqueued
[2026-06-18T16:37:12.629+0800][30.279s][info][gc,ref      ] GC(284) Phantom: 1 encountered, 1 discovered, 0 enqueued
[2026-06-18T16:37:12.630+0800][30.279s][info][gc,heap     ] GC(284)                Mark Start          Mark End        Relocate Start      Relocate End           High               Low         
[2026-06-18T16:37:12.630+0800][30.280s][info][gc,heap     ] GC(284)  Capacity:      256M (100%)        256M (100%)        256M (100%)        256M (100%)        256M (100%)        256M (100%)   
[2026-06-18T16:37:12.631+0800][30.280s][info][gc,heap     ] GC(284)   Reserve:       62M (24%)          62M (24%)          62M (24%)          62M (24%)          62M (24%)          62M (24%)    
[2026-06-18T16:37:12.631+0800][30.280s][info][gc,heap     ] GC(284)      Free:       82M (32%)          82M (32%)          70M (27%)         146M (57%)         146M (57%)          44M (17%)    
[2026-06-18T16:37:12.631+0800][30.280s][info][gc,heap     ] GC(284)      Used:      112M (44%)         112M (44%)         124M (48%)          48M (19%)         150M (59%)          48M (19%)    
[2026-06-18T16:37:12.631+0800][30.281s][info][gc,heap     ] GC(284)      Live:         -                20M (8%)           20M (8%)           20M (8%)             -                  -          
[2026-06-18T16:37:12.632+0800][30.281s][info][gc,heap     ] GC(284) Allocated:         -                 0M (0%)           38M (15%)          48M (19%)            -                  -          
[2026-06-18T16:37:12.632+0800][30.281s][info][gc,heap     ] GC(284)   Garbage:         -                91M (36%)          65M (25%)    17592186044405M (6         -                  -          
[2026-06-18T16:37:12.632+0800][30.281s][info][gc,heap     ] GC(284) Reclaimed:         -                  -                26M (10%)         102M (40%)            -                  -          
[2026-06-18T16:37:12.632+0800][30.281s][info][gc          ] GC(284) Garbage Collection (Allocation Rate) 112M(44%)->48M(19%)
[2026-06-18T16:37:12.714+0800][30.363s][info][gc,start    ] GC(285) Garbage Collection (Allocation Rate)
[2026-06-18T16:37:12.717+0800][30.366s][info][gc,phases   ] GC(285) Pause Mark Start 0.433ms
[2026-06-18T16:37:12.721+0800][30.370s][info][gc,phases   ] GC(285) Concurrent Mark 2.062ms
[2026-06-18T16:37:12.723+0800][30.372s][info][gc,phases   ] GC(285) Pause Mark End 0.471ms
[2026-06-18T16:37:12.724+0800][30.373s][info][gc,phases   ] GC(285) Concurrent Process Non-Strong References 0.179ms
[2026-06-18T16:37:12.725+0800][30.374s][info][gc,phases   ] GC(285) Concurrent Reset Relocation Set 0.004ms
[2026-06-18T16:37:12.726+0800][30.375s][info][gc,phases   ] GC(285) Concurrent Destroy Detached Pages 0.001ms
[2026-06-18T16:37:12.727+0800][30.376s][info][gc,phases   ] GC(285) Concurrent Select Relocation Set 0.820ms
[2026-06-18T16:37:12.728+0800][30.377s][info][gc,phases   ] GC(285) Concurrent Prepare Relocation Set 0.003ms
[2026-06-18T16:37:12.728+0800][30.378s][info][gc,phases   ] GC(285) Pause Relocate Start 0.161ms
[2026-06-18T16:37:12.729+0800][30.379s][info][gc,phases   ] GC(285) Concurrent Relocate 0.211ms
[2026-06-18T16:37:12.730+0800][30.379s][info][gc,load     ] GC(285) Load: 0.66/0.40/0.25
[2026-06-18T16:37:12.730+0800][30.380s][info][gc,mmu      ] GC(285) MMU: 2ms/39.9%, 5ms/76.0%, 10ms/83.7%, 20ms/90.0%, 50ms/96.0%, 100ms/97.1%
[2026-06-18T16:37:12.731+0800][30.380s][info][gc,marking  ] GC(285) Mark: 2 stripe(s), 1 proactive flush(es), 1 terminate flush(es), 0 completion(s), 0 continuation(s) 
[2026-06-18T16:37:12.731+0800][30.381s][info][gc,reloc    ] GC(285) Relocation: Successful, 24M relocated
[2026-06-18T16:37:12.732+0800][30.381s][info][gc,nmethod  ] GC(285) NMethods: 23 registered, 0 unregistered
[2026-06-18T16:37:12.732+0800][30.381s][info][gc,metaspace] GC(285) Metaspace: 3M used, 4M capacity, 4M committed, 8M reserved
[2026-06-18T16:37:12.732+0800][30.382s][info][gc,ref      ] GC(285) Soft: 43 encountered, 0 discovered, 0 enqueued
[2026-06-18T16:37:12.733+0800][30.382s][info][gc,ref      ] GC(285) Weak: 7 encountered, 2 discovered, 0 enqueued
[2026-06-18T16:37:12.733+0800][30.383s][info][gc,ref      ] GC(285) Final: 0 encountered, 0 discovered, 0 enqueued
[2026-06-18T16:37:12.733+0800][30.383s][info][gc,ref      ] GC(285) Phantom: 1 encountered, 1 discovered, 0 enqueued
[2026-06-18T16:37:12.734+0800][30.383s][info][gc,heap     ] GC(285)                Mark Start          Mark End        Relocate Start      Relocate End           High               Low         
[2026-06-18T16:37:12.734+0800][30.383s][info][gc,heap     ] GC(285)  Capacity:      256M (100%)        256M (100%)        256M (100%)        256M (100%)        256M (100%)        256M (100%)   
[2026-06-18T16:37:12.734+0800][30.384s][info][gc,heap     ] GC(285)   Reserve:       62M (24%)          62M (24%)          62M (24%)          62M (24%)          62M (24%)          62M (24%)    
[2026-06-18T16:37:12.735+0800][30.384s][info][gc,heap     ] GC(285)      Free:      112M (44%)         112M (44%)         138M (54%)         146M (57%)         146M (57%)         108M (42%)    
[2026-06-18T16:37:12.735+0800][30.384s][info][gc,heap     ] GC(285)      Used:       82M (32%)          82M (32%)          56M (22%)          48M (19%)          86M (34%)          48M (19%)    
[2026-06-18T16:37:12.736+0800][30.385s][info][gc,heap     ] GC(285)      Live:         -                28M (11%)          28M (11%)          28M (11%)            -                  -          
[2026-06-18T16:37:12.737+0800][30.386s][info][gc,heap     ] GC(285) Allocated:         -                 0M (0%)            4M (2%)           10M (4%)             -                  -          
[2026-06-18T16:37:12.737+0800][30.387s][info][gc,heap     ] GC(285)   Garbage:         -                53M (21%)          23M (9%)           15M (6%)             -                  -          
[2026-06-18T16:37:12.738+0800][30.387s][info][gc,heap     ] GC(285) Reclaimed:         -                  -                30M (12%)          38M (15%)            -                  -          
[2026-06-18T16:37:12.739+0800][30.388s][info][gc          ] GC(285) Garbage Collection (Allocation Rate) 82M(32%)->48M(19%)
[2026-06-18T16:37:12.814+0800][30.463s][info][gc,start    ] GC(286) Garbage Collection (Allocation Rate)
[2026-06-18T16:37:12.821+0800][30.470s][info][gc,phases   ] GC(286) Pause Mark Start 0.460ms
[2026-06-18T16:37:12.828+0800][30.477s][info][gc,phases   ] GC(286) Concurrent Mark 2.217ms
[2026-06-18T16:37:12.834+0800][30.483s][info][gc,phases   ] GC(286) Pause Mark End 0.586ms
[2026-06-18T16:37:12.836+0800][30.486s][info][gc,phases   ] GC(286) Concurrent Process Non-Strong References 0.182ms
[2026-06-18T16:37:12.842+0800][30.492s][info][gc,phases   ] GC(286) Concurrent Reset Relocation Set 0.004ms
[2026-06-18T16:37:12.844+0800][30.493s][info][gc,phases   ] GC(286) Concurrent Destroy Detached Pages 0.002ms
[2026-06-18T16:37:12.849+0800][30.498s][info][gc,phases   ] GC(286) Concurrent Select Relocation Set 0.715ms
[2026-06-18T16:37:12.849+0800][30.498s][info][gc,phases   ] GC(286) Concurrent Prepare Relocation Set 0.005ms
[2026-06-18T16:37:12.850+0800][30.499s][info][gc,phases   ] GC(286) Pause Relocate Start 0.235ms
[2026-06-18T16:37:12.852+0800][30.502s][info][gc,phases   ] GC(286) Concurrent Relocate 1.574ms
[2026-06-18T16:37:12.853+0800][30.502s][info][gc,load     ] GC(286) Load: 0.66/0.40/0.25
[2026-06-18T16:37:12.853+0800][30.502s][info][gc,mmu      ] GC(286) MMU: 2ms/39.9%, 5ms/76.0%, 10ms/83.7%, 20ms/90.0%, 50ms/96.0%, 100ms/97.1%
[2026-06-18T16:37:12.853+0800][30.503s][info][gc,marking  ] GC(286) Mark: 2 stripe(s), 2 proactive flush(es), 1 terminate flush(es), 0 completion(s), 0 continuation(s) 
[2026-06-18T16:37:12.854+0800][30.503s][info][gc,reloc    ] GC(286) Relocation: Successful, 23M relocated
[2026-06-18T16:37:12.854+0800][30.503s][info][gc,nmethod  ] GC(286) NMethods: 23 registered, 0 unregistered
[2026-06-18T16:37:12.854+0800][30.503s][info][gc,metaspace] GC(286) Metaspace: 3M used, 4M capacity, 4M committed, 8M reserved
[2026-06-18T16:37:12.855+0800][30.504s][info][gc,ref      ] GC(286) Soft: 43 encountered, 0 discovered, 0 enqueued
[2026-06-18T16:37:12.855+0800][30.504s][info][gc,ref      ] GC(286) Weak: 7 encountered, 0 discovered, 0 enqueued
[2026-06-18T16:37:12.855+0800][30.504s][info][gc,ref      ] GC(286) Final: 0 encountered, 0 discovered, 0 enqueued
[2026-06-18T16:37:12.855+0800][30.505s][info][gc,ref      ] GC(286) Phantom: 1 encountered, 0 discovered, 0 enqueued
[2026-06-18T16:37:12.856+0800][30.505s][info][gc,heap     ] GC(286)                Mark Start          Mark End        Relocate Start      Relocate End           High               Low         
[2026-06-18T16:37:12.856+0800][30.505s][info][gc,heap     ] GC(286)  Capacity:      256M (100%)        256M (100%)        256M (100%)        256M (100%)        256M (100%)        256M (100%)   
[2026-06-18T16:37:12.856+0800][30.505s][info][gc,heap     ] GC(286)   Reserve:       62M (24%)          62M (24%)          62M (24%)          62M (24%)          62M (24%)          62M (24%)    
[2026-06-18T16:37:12.856+0800][30.506s][info][gc,heap     ] GC(286)      Free:       80M (31%)          76M (30%)          68M (27%)         138M (54%)         138M (54%)          36M (14%)    
[2026-06-18T16:37:12.856+0800][30.506s][info][gc,heap     ] GC(286)      Used:      114M (45%)         118M (46%)         126M (49%)          56M (22%)         158M (62%)          56M (22%)    
[2026-06-18T16:37:12.857+0800][30.506s][info][gc,heap     ] GC(286)      Live:         -                23M (9%)           23M (9%)           23M (9%)             -                  -          
[2026-06-18T16:37:12.857+0800][30.506s][info][gc,heap     ] GC(286) Allocated:         -                 4M (2%)           44M (17%)          52M (20%)            -                  -          
[2026-06-18T16:37:12.857+0800][30.507s][info][gc,heap     ] GC(286)   Garbage:         -                90M (35%)          58M (23%)    17592186044404M (6         -                  -          
[2026-06-18T16:37:12.858+0800][30.507s][info][gc,heap     ] GC(286) Reclaimed:         -                  -                32M (12%)         102M (40%)            -                  -          
[2026-06-18T16:37:12.858+0800][30.507s][info][gc          ] GC(286) Garbage Collection (Allocation Rate) 114M(45%)->56M(22%)
[2026-06-18T16:37:12.914+0800][30.563s][info][gc,start    ] GC(287) Garbage Collection (Allocation Rate)
[2026-06-18T16:37:12.917+0800][30.566s][info][gc,phases   ] GC(287) Pause Mark Start 0.517ms
[2026-06-18T16:37:12.920+0800][30.570s][info][gc,phases   ] GC(287) Concurrent Mark 2.005ms
[2026-06-18T16:37:12.923+0800][30.573s][info][gc,phases   ] GC(287) Pause Mark End 0.802ms
[2026-06-18T16:37:12.924+0800][30.574s][info][gc,phases   ] GC(287) Concurrent Process Non-Strong References 0.132ms
[2026-06-18T16:37:12.925+0800][30.575s][info][gc,phases   ] GC(287) Concurrent Reset Relocation Set 0.005ms
[2026-06-18T16:37:12.926+0800][30.575s][info][gc,phases   ] GC(287) Concurrent Destroy Detached Pages 0.001ms
[2026-06-18T16:37:12.928+0800][30.577s][info][gc,phases   ] GC(287) Concurrent Select Relocation Set 0.937ms
[2026-06-18T16:37:12.928+0800][30.577s][info][gc,phases   ] GC(287) Concurrent Prepare Relocation Set 0.011ms
[2026-06-18T16:37:12.929+0800][30.578s][info][gc,phases   ] GC(287) Pause Relocate Start 0.203ms
[2026-06-18T16:37:12.930+0800][30.579s][info][gc,phases   ] GC(287) Concurrent Relocate 0.451ms
[2026-06-18T16:37:12.930+0800][30.580s][info][gc,load     ] GC(287) Load: 0.66/0.40/0.25
[2026-06-18T16:37:12.931+0800][30.580s][info][gc,mmu      ] GC(287) MMU: 2ms/39.9%, 5ms/76.0%, 10ms/83.7%, 20ms/90.0%, 50ms/96.0%, 100ms/97.1%
[2026-06-18T16:37:12.931+0800][30.580s][info][gc,marking  ] GC(287) Mark: 2 stripe(s), 1 proactive flush(es), 1 terminate flush(es), 0 completion(s), 0 continuation(s) 
[2026-06-18T16:37:12.932+0800][30.581s][info][gc,reloc    ] GC(287) Relocation: Successful, 22M relocated
[2026-06-18T16:37:12.932+0800][30.581s][info][gc,nmethod  ] GC(287) NMethods: 23 registered, 0 unregistered
[2026-06-18T16:37:12.932+0800][30.581s][info][gc,metaspace] GC(287) Metaspace: 3M used, 4M capacity, 4M committed, 8M reserved
[2026-06-18T16:37:12.932+0800][30.582s][info][gc,ref      ] GC(287) Soft: 43 encountered, 0 discovered, 0 enqueued
[2026-06-18T16:37:12.933+0800][30.582s][info][gc,ref      ] GC(287) Weak: 7 encountered, 2 discovered, 0 enqueued
[2026-06-18T16:37:12.933+0800][30.582s][info][gc,ref      ] GC(287) Final: 0 encountered, 0 discovered, 0 enqueued
[2026-06-18T16:37:12.933+0800][30.582s][info][gc,ref      ] GC(287) Phantom: 1 encountered, 1 discovered, 0 enqueued
[2026-06-18T16:37:12.933+0800][30.583s][info][gc,heap     ] GC(287)                Mark Start          Mark End        Relocate Start      Relocate End           High               Low         
[2026-06-18T16:37:12.934+0800][30.583s][info][gc,heap     ] GC(287)  Capacity:      256M (100%)        256M (100%)        256M (100%)        256M (100%)        256M (100%)        256M (100%)   
[2026-06-18T16:37:12.934+0800][30.583s][info][gc,heap     ] GC(287)   Reserve:       62M (24%)          62M (24%)          62M (24%)          62M (24%)          62M (24%)          62M (24%)    
[2026-06-18T16:37:12.934+0800][30.583s][info][gc,heap     ] GC(287)      Free:      116M (45%)         112M (44%)         140M (55%)         150M (59%)         150M (59%)         112M (44%)    
[2026-06-18T16:37:12.934+0800][30.584s][info][gc,heap     ] GC(287)      Used:       78M (30%)          82M (32%)          54M (21%)          44M (17%)          82M (32%)          44M (17%)    
[2026-06-18T16:37:12.935+0800][30.584s][info][gc,heap     ] GC(287)      Live:         -                22M (9%)           22M (9%)           22M (9%)             -                  -          
[2026-06-18T16:37:12.935+0800][30.584s][info][gc,heap     ] GC(287) Allocated:         -                 4M (2%)            4M (2%)           12M (5%)             -                  -          
[2026-06-18T16:37:12.935+0800][30.584s][info][gc,heap     ] GC(287)   Garbage:         -                55M (22%)          27M (11%)          17M (7%)             -                  -          
[2026-06-18T16:37:12.935+0800][30.585s][info][gc,heap     ] GC(287) Reclaimed:         -                  -                28M (11%)          38M (15%)            -                  -          
[2026-06-18T16:37:12.936+0800][30.585s][info][gc          ] GC(287) Garbage Collection (Allocation Rate) 78M(30%)->44M(17%)
[2026-06-18T16:37:13.014+0800][30.663s][info][gc,start    ] GC(288) Garbage Collection (Allocation Rate)
[2026-06-18T16:37:13.017+0800][30.667s][info][gc,phases   ] GC(288) Pause Mark Start 0.480ms
[2026-06-18T16:37:13.023+0800][30.672s][info][gc,phases   ] GC(288) Concurrent Mark 2.318ms
[2026-06-18T16:37:13.026+0800][30.675s][info][gc,phases   ] GC(288) Pause Mark End 0.472ms
[2026-06-18T16:37:13.028+0800][30.677s][info][gc,phases   ] GC(288) Concurrent Process Non-Strong References 0.265ms
[2026-06-18T16:37:13.029+0800][30.678s][info][gc,phases   ] GC(288) Concurrent Reset Relocation Set 0.003ms
[2026-06-18T16:37:13.030+0800][30.679s][info][gc,phases   ] GC(288) Concurrent Destroy Detached Pages 0.001ms
[2026-06-18T16:37:13.031+0800][30.680s][info][gc,phases   ] GC(288) Concurrent Select Relocation Set 0.719ms
[2026-06-18T16:37:13.031+0800][30.681s][info][gc,phases   ] GC(288) Concurrent Prepare Relocation Set 0.013ms
[2026-06-18T16:37:13.032+0800][30.681s][info][gc,phases   ] GC(288) Pause Relocate Start 0.143ms
[2026-06-18T16:37:13.034+0800][30.684s][info][gc,phases   ] GC(288) Concurrent Relocate 1.781ms
[2026-06-18T16:37:13.035+0800][30.684s][info][gc,load     ] GC(288) Load: 0.66/0.40/0.25
[2026-06-18T16:37:13.035+0800][30.685s][info][gc,mmu      ] GC(288) MMU: 2ms/39.9%, 5ms/76.0%, 10ms/83.7%, 20ms/90.0%, 50ms/96.0%, 100ms/97.1%
[2026-06-18T16:37:13.036+0800][30.685s][info][gc,marking  ] GC(288) Mark: 2 stripe(s), 1 proactive flush(es), 1 terminate flush(es), 0 completion(s), 0 continuation(s) 
[2026-06-18T16:37:13.036+0800][30.685s][info][gc,reloc    ] GC(288) Relocation: Successful, 23M relocated
[2026-06-18T16:37:13.036+0800][30.686s][info][gc,nmethod  ] GC(288) NMethods: 23 registered, 0 unregistered
[2026-06-18T16:37:13.037+0800][30.686s][info][gc,metaspace] GC(288) Metaspace: 3M used, 4M capacity, 4M committed, 8M reserved
[2026-06-18T16:37:13.037+0800][30.686s][info][gc,ref      ] GC(288) Soft: 43 encountered, 0 discovered, 0 enqueued
[2026-06-18T16:37:13.037+0800][30.686s][info][gc,ref      ] GC(288) Weak: 7 encountered, 2 discovered, 0 enqueued
[2026-06-18T16:37:13.037+0800][30.687s][info][gc,ref      ] GC(288) Final: 0 encountered, 0 discovered, 0 enqueued
[2026-06-18T16:37:13.038+0800][30.687s][info][gc,ref      ] GC(288) Phantom: 1 encountered, 1 discovered, 0 enqueued
[2026-06-18T16:37:13.038+0800][30.687s][info][gc,heap     ] GC(288)                Mark Start          Mark End        Relocate Start      Relocate End           High               Low         
[2026-06-18T16:37:13.038+0800][30.688s][info][gc,heap     ] GC(288)  Capacity:      256M (100%)        256M (100%)        256M (100%)        256M (100%)        256M (100%)        256M (100%)   
[2026-06-18T16:37:13.039+0800][30.688s][info][gc,heap     ] GC(288)   Reserve:       62M (24%)          62M (24%)          62M (24%)          62M (24%)          62M (24%)          62M (24%)    
[2026-06-18T16:37:13.039+0800][30.688s][info][gc,heap     ] GC(288)      Free:       84M (33%)          84M (33%)         110M (43%)         148M (58%)         148M (58%)          74M (29%)    
[2026-06-18T16:37:13.039+0800][30.688s][info][gc,heap     ] GC(288)      Used:      110M (43%)         110M (43%)          84M (33%)          46M (18%)         120M (47%)          46M (18%)    
[2026-06-18T16:37:13.039+0800][30.688s][info][gc,heap     ] GC(288)      Live:         -                27M (11%)          27M (11%)          27M (11%)            -                  -          
[2026-06-18T16:37:13.039+0800][30.689s][info][gc,heap     ] GC(288) Allocated:         -                 0M (0%)            4M (2%)           40M (16%)            -                  -          
[2026-06-18T16:37:13.040+0800][30.689s][info][gc,heap     ] GC(288)   Garbage:         -                82M (32%)          52M (21%)          14M (6%)             -                  -          
[2026-06-18T16:37:13.040+0800][30.689s][info][gc,heap     ] GC(288) Reclaimed:         -                  -                30M (12%)          68M (27%)            -                  -          
[2026-06-18T16:37:13.040+0800][30.689s][info][gc          ] GC(288) Garbage Collection (Allocation Rate) 110M(43%)->46M(18%)
[2026-06-18T16:37:13.113+0800][30.762s][info][gc,start    ] GC(289) Garbage Collection (Allocation Rate)
[2026-06-18T16:37:13.116+0800][30.765s][info][gc,phases   ] GC(289) Pause Mark Start 0.665ms
[2026-06-18T16:37:13.120+0800][30.769s][info][gc,phases   ] GC(289) Concurrent Mark 2.222ms
[2026-06-18T16:37:13.122+0800][30.771s][info][gc,phases   ] GC(289) Pause Mark End 0.588ms
[2026-06-18T16:37:13.123+0800][30.773s][info][gc,phases   ] GC(289) Concurrent Process Non-Strong References 0.148ms
[2026-06-18T16:37:13.124+0800][30.774s][info][gc,phases   ] GC(289) Concurrent Reset Relocation Set 0.003ms
[2026-06-18T16:37:13.125+0800][30.774s][info][gc,phases   ] GC(289) Concurrent Destroy Detached Pages 0.001ms
[2026-06-18T16:37:13.126+0800][30.775s][info][gc,phases   ] GC(289) Concurrent Select Relocation Set 0.531ms
[2026-06-18T16:37:13.127+0800][30.776s][info][gc,phases   ] GC(289) Concurrent Prepare Relocation Set 0.003ms
[2026-06-18T16:37:13.128+0800][30.778s][info][gc,phases   ] GC(289) Pause Relocate Start 0.108ms
[2026-06-18T16:37:13.129+0800][30.779s][info][gc,phases   ] GC(289) Concurrent Relocate 0.232ms
[2026-06-18T16:37:13.130+0800][30.779s][info][gc,load     ] GC(289) Load: 0.66/0.40/0.25
[2026-06-18T16:37:13.130+0800][30.779s][info][gc,mmu      ] GC(289) MMU: 2ms/39.9%, 5ms/76.0%, 10ms/83.7%, 20ms/90.0%, 50ms/96.0%, 100ms/97.1%
[2026-06-18T16:37:13.131+0800][30.780s][info][gc,marking  ] GC(289) Mark: 2 stripe(s), 1 proactive flush(es), 1 terminate flush(es), 0 completion(s), 0 continuation(s) 
[2026-06-18T16:37:13.131+0800][30.780s][info][gc,reloc    ] GC(289) Relocation: Successful, 23M relocated
[2026-06-18T16:37:13.131+0800][30.781s][info][gc,nmethod  ] GC(289) NMethods: 23 registered, 0 unregistered
[2026-06-18T16:37:13.132+0800][30.781s][info][gc,metaspace] GC(289) Metaspace: 3M used, 4M capacity, 4M committed, 8M reserved
[2026-06-18T16:37:13.132+0800][30.781s][info][gc,ref      ] GC(289) Soft: 43 encountered, 0 discovered, 0 enqueued
[2026-06-18T16:37:13.132+0800][30.782s][info][gc,ref      ] GC(289) Weak: 7 encountered, 2 discovered, 0 enqueued
[2026-06-18T16:37:13.132+0800][30.782s][info][gc,ref      ] GC(289) Final: 0 encountered, 0 discovered, 0 enqueued
[2026-06-18T16:37:13.133+0800][30.782s][info][gc,ref      ] GC(289) Phantom: 1 encountered, 1 discovered, 0 enqueued
[2026-06-18T16:37:13.133+0800][30.782s][info][gc,heap     ] GC(289)                Mark Start          Mark End        Relocate Start      Relocate End           High               Low         
[2026-06-18T16:37:13.133+0800][30.782s][info][gc,heap     ] GC(289)  Capacity:      256M (100%)        256M (100%)        256M (100%)        256M (100%)        256M (100%)        256M (100%)   
[2026-06-18T16:37:13.133+0800][30.783s][info][gc,heap     ] GC(289)   Reserve:       62M (24%)          62M (24%)          62M (24%)          62M (24%)          62M (24%)          62M (24%)    
[2026-06-18T16:37:13.134+0800][30.783s][info][gc,heap     ] GC(289)      Free:      116M (45%)         116M (45%)         140M (55%)         150M (59%)         150M (59%)         112M (44%)    
[2026-06-18T16:37:13.134+0800][30.783s][info][gc,heap     ] GC(289)      Used:       78M (30%)          78M (30%)          54M (21%)          44M (17%)          82M (32%)          44M (17%)    
[2026-06-18T16:37:13.134+0800][30.784s][info][gc,heap     ] GC(289)      Live:         -                24M (10%)          24M (10%)          24M (10%)            -                  -          
[2026-06-18T16:37:13.135+0800][30.784s][info][gc,heap     ] GC(289) Allocated:         -                 0M (0%)            4M (2%)            8M (3%)             -                  -          
[2026-06-18T16:37:13.135+0800][30.784s][info][gc,heap     ] GC(289)   Garbage:         -                53M (21%)          25M (10%)          15M (6%)             -                  -          
[2026-06-18T16:37:13.135+0800][30.784s][info][gc,heap     ] GC(289) Reclaimed:         -                  -                28M (11%)          38M (15%)            -                  -          
[2026-06-18T16:37:13.135+0800][30.785s][info][gc          ] GC(289) Garbage Collection (Allocation Rate) 78M(30%)->44M(17%)
[2026-06-18T16:37:13.213+0800][30.863s][info][gc,start    ] GC(290) Garbage Collection (Allocation Rate)
[2026-06-18T16:37:13.216+0800][30.866s][info][gc,phases   ] GC(290) Pause Mark Start 0.358ms
[2026-06-18T16:37:13.220+0800][30.869s][info][gc,phases   ] GC(290) Concurrent Mark 1.834ms
[2026-06-18T16:37:13.222+0800][30.872s][info][gc,phases   ] GC(290) Pause Mark End 0.549ms
[2026-06-18T16:37:13.224+0800][30.873s][info][gc,phases   ] GC(290) Concurrent Process Non-Strong References 0.153ms
[2026-06-18T16:37:13.224+0800][30.874s][info][gc,phases   ] GC(290) Concurrent Reset Relocation Set 0.004ms
[2026-06-18T16:37:13.226+0800][30.875s][info][gc,phases   ] GC(290) Concurrent Destroy Detached Pages 0.001ms
[2026-06-18T16:37:13.228+0800][30.877s][info][gc,phases   ] GC(290) Concurrent Select Relocation Set 0.864ms
[2026-06-18T16:37:13.231+0800][30.880s][info][gc,phases   ] GC(290) Concurrent Prepare Relocation Set 0.004ms
[2026-06-18T16:37:13.234+0800][30.884s][info][gc,phases   ] GC(290) Pause Relocate Start 0.282ms
[2026-06-18T16:37:13.241+0800][30.890s][info][gc,phases   ] GC(290) Concurrent Relocate 2.698ms
[2026-06-18T16:37:13.243+0800][30.892s][info][gc,load     ] GC(290) Load: 0.66/0.40/0.25
[2026-06-18T16:37:13.245+0800][30.894s][info][gc,mmu      ] GC(290) MMU: 2ms/39.9%, 5ms/76.0%, 10ms/83.7%, 20ms/90.0%, 50ms/96.0%, 100ms/97.1%
[2026-06-18T16:37:13.247+0800][30.896s][info][gc,marking  ] GC(290) Mark: 2 stripe(s), 1 proactive flush(es), 1 terminate flush(es), 0 completion(s), 0 continuation(s) 
[2026-06-18T16:37:13.248+0800][30.897s][info][gc,reloc    ] GC(290) Relocation: Successful, 25M relocated
[2026-06-18T16:37:13.248+0800][30.898s][info][gc,nmethod  ] GC(290) NMethods: 23 registered, 0 unregistered
[2026-06-18T16:37:13.249+0800][30.898s][info][gc,metaspace] GC(290) Metaspace: 3M used, 4M capacity, 4M committed, 8M reserved
[2026-06-18T16:37:13.249+0800][30.898s][info][gc,ref      ] GC(290) Soft: 43 encountered, 0 discovered, 0 enqueued
[2026-06-18T16:37:13.249+0800][30.899s][info][gc,ref      ] GC(290) Weak: 7 encountered, 0 discovered, 0 enqueued
[2026-06-18T16:37:13.251+0800][30.900s][info][gc,ref      ] GC(290) Final: 0 encountered, 0 discovered, 0 enqueued
[2026-06-18T16:37:13.251+0800][30.901s][info][gc,ref      ] GC(290) Phantom: 1 encountered, 0 discovered, 0 enqueued
[2026-06-18T16:37:13.252+0800][30.901s][info][gc,heap     ] GC(290)                Mark Start          Mark End        Relocate Start      Relocate End           High               Low         
[2026-06-18T16:37:13.252+0800][30.902s][info][gc,heap     ] GC(290)  Capacity:      256M (100%)        256M (100%)        256M (100%)        256M (100%)        256M (100%)        256M (100%)   
[2026-06-18T16:37:13.253+0800][30.902s][info][gc,heap     ] GC(290)   Reserve:       62M (24%)          62M (24%)          62M (24%)          62M (24%)          62M (24%)          62M (24%)    
[2026-06-18T16:37:13.253+0800][30.902s][info][gc,heap     ] GC(290)      Free:       86M (34%)          82M (32%)          70M (27%)         140M (55%)         140M (55%)          68M (27%)    
[2026-06-18T16:37:13.253+0800][30.903s][info][gc,heap     ] GC(290)      Used:      108M (42%)         112M (44%)         124M (48%)          54M (21%)         126M (49%)          54M (21%)    
[2026-06-18T16:37:13.254+0800][30.903s][info][gc,heap     ] GC(290)      Live:         -                30M (12%)          30M (12%)          30M (12%)            -                  -          
[2026-06-18T16:37:13.254+0800][30.904s][info][gc,heap     ] GC(290) Allocated:         -                 4M (2%)           42M (16%)          48M (19%)            -                  -          
[2026-06-18T16:37:13.255+0800][30.904s][info][gc,heap     ] GC(290)   Garbage:         -                77M (30%)          51M (20%)    17592186044395M (6         -                  -          
[2026-06-18T16:37:13.255+0800][30.904s][info][gc,heap     ] GC(290) Reclaimed:         -                  -                26M (10%)          98M (38%)            -                  -          
[2026-06-18T16:37:13.255+0800][30.905s][info][gc          ] GC(290) Garbage Collection (Allocation Rate) 108M(42%)->54M(21%)
[2026-06-18T16:37:13.314+0800][30.963s][info][gc,start    ] GC(291) Garbage Collection (Allocation Rate)
[2026-06-18T16:37:13.317+0800][30.966s][info][gc,phases   ] GC(291) Pause Mark Start 0.458ms
[2026-06-18T16:37:13.321+0800][30.970s][info][gc,phases   ] GC(291) Concurrent Mark 2.115ms
[2026-06-18T16:37:13.324+0800][30.973s][info][gc,phases   ] GC(291) Pause Mark End 0.569ms
[2026-06-18T16:37:13.325+0800][30.974s][info][gc,phases   ] GC(291) Concurrent Process Non-Strong References 0.128ms
[2026-06-18T16:37:13.326+0800][30.975s][info][gc,phases   ] GC(291) Concurrent Reset Relocation Set 0.004ms
[2026-06-18T16:37:13.327+0800][30.976s][info][gc,phases   ] GC(291) Concurrent Destroy Detached Pages 0.001ms
[2026-06-18T16:37:13.329+0800][30.978s][info][gc,phases   ] GC(291) Concurrent Select Relocation Set 0.809ms
[2026-06-18T16:37:13.329+0800][30.979s][info][gc,phases   ] GC(291) Concurrent Prepare Relocation Set 0.011ms
[2026-06-18T16:37:13.330+0800][30.980s][info][gc,phases   ] GC(291) Pause Relocate Start 0.198ms
[2026-06-18T16:37:13.331+0800][30.981s][info][gc,phases   ] GC(291) Concurrent Relocate 0.439ms
[2026-06-18T16:37:13.332+0800][30.981s][info][gc,load     ] GC(291) Load: 0.66/0.40/0.25
[2026-06-18T16:37:13.333+0800][30.982s][info][gc,mmu      ] GC(291) MMU: 2ms/39.9%, 5ms/76.0%, 10ms/83.7%, 20ms/90.0%, 50ms/96.0%, 100ms/97.1%
[2026-06-18T16:37:13.333+0800][30.982s][info][gc,marking  ] GC(291) Mark: 2 stripe(s), 1 proactive flush(es), 1 terminate flush(es), 0 completion(s), 0 continuation(s) 
[2026-06-18T16:37:13.333+0800][30.983s][info][gc,reloc    ] GC(291) Relocation: Successful, 19M relocated
[2026-06-18T16:37:13.334+0800][30.983s][info][gc,nmethod  ] GC(291) NMethods: 23 registered, 0 unregistered
[2026-06-18T16:37:13.334+0800][30.984s][info][gc,metaspace] GC(291) Metaspace: 3M used, 4M capacity, 4M committed, 8M reserved
[2026-06-18T16:37:13.335+0800][30.984s][info][gc,ref      ] GC(291) Soft: 43 encountered, 0 discovered, 0 enqueued
[2026-06-18T16:37:13.335+0800][30.984s][info][gc,ref      ] GC(291) Weak: 7 encountered, 0 discovered, 0 enqueued
[2026-06-18T16:37:13.335+0800][30.984s][info][gc,ref      ] GC(291) Final: 0 encountered, 0 discovered, 0 enqueued
[2026-06-18T16:37:13.335+0800][30.985s][info][gc,ref      ] GC(291) Phantom: 1 encountered, 0 discovered, 0 enqueued
[2026-06-18T16:37:13.336+0800][30.985s][info][gc,heap     ] GC(291)                Mark Start          Mark End        Relocate Start      Relocate End           High               Low         
[2026-06-18T16:37:13.336+0800][30.985s][info][gc,heap     ] GC(291)  Capacity:      256M (100%)        256M (100%)        256M (100%)        256M (100%)        256M (100%)        256M (100%)   
[2026-06-18T16:37:13.336+0800][30.986s][info][gc,heap     ] GC(291)   Reserve:       62M (24%)          62M (24%)          62M (24%)          62M (24%)          62M (24%)          62M (24%)    
[2026-06-18T16:37:13.336+0800][30.986s][info][gc,heap     ] GC(291)      Free:      112M (44%)         112M (44%)         104M (41%)         114M (45%)         114M (45%)          74M (29%)    
[2026-06-18T16:37:13.337+0800][30.986s][info][gc,heap     ] GC(291)      Used:       82M (32%)          82M (32%)          90M (35%)          80M (31%)         120M (47%)          80M (31%)    
[2026-06-18T16:37:13.337+0800][30.986s][info][gc,heap     ] GC(291)      Live:         -                21M (8%)           21M (8%)           21M (8%)             -                  -          
[2026-06-18T16:37:13.337+0800][30.987s][info][gc,heap     ] GC(291) Allocated:         -                 0M (0%)           38M (15%)          46M (18%)            -                  -          
[2026-06-18T16:37:13.337+0800][30.987s][info][gc,heap     ] GC(291)   Garbage:         -                60M (24%)          30M (12%)          20M (8%)             -                  -          
[2026-06-18T16:37:13.338+0800][30.987s][info][gc,heap     ] GC(291) Reclaimed:         -                  -                30M (12%)          40M (16%)            -                  -          
[2026-06-18T16:37:13.338+0800][30.987s][info][gc          ] GC(291) Garbage Collection (Allocation Rate) 82M(32%)->80M(31%)
[2026-06-18T16:37:13.414+0800][31.063s][info][gc,start    ] GC(292) Garbage Collection (Allocation Rate)
[2026-06-18T16:37:13.482+0800][31.131s][info][gc,phases   ] GC(292) Pause Mark Start 0.419ms
[2026-06-18T16:37:13.515+0800][31.164s][info][gc,phases   ] GC(292) Concurrent Mark 2.245ms
[2026-06-18T16:37:13.520+0800][31.169s][info][gc,phases   ] GC(292) Pause Mark End 0.482ms
[2026-06-18T16:37:13.525+0800][31.175s][info][gc,phases   ] GC(292) Concurrent Process Non-Strong References 0.372ms
[2026-06-18T16:37:13.529+0800][31.178s][info][gc,phases   ] GC(292) Concurrent Reset Relocation Set 0.005ms
[2026-06-18T16:37:13.533+0800][31.182s][info][gc,phases   ] GC(292) Concurrent Destroy Detached Pages 0.006ms
[2026-06-18T16:37:13.560+0800][31.210s][info][gc,phases   ] GC(292) Concurrent Select Relocation Set 1.643ms
[2026-06-18T16:37:13.572+0800][31.221s][info][gc,phases   ] GC(292) Concurrent Prepare Relocation Set 0.016ms
[2026-06-18T16:37:13.580+0800][31.230s][info][gc,phases   ] GC(292) Pause Relocate Start 0.142ms
[2026-06-18T16:37:13.584+0800][31.233s][info][gc,phases   ] GC(292) Concurrent Relocate 1.218ms
[2026-06-18T16:37:13.584+0800][31.233s][info][gc,load     ] GC(292) Load: 0.66/0.40/0.25
[2026-06-18T16:37:13.584+0800][31.234s][info][gc,mmu      ] GC(292) MMU: 2ms/39.9%, 5ms/76.0%, 10ms/83.7%, 20ms/90.0%, 50ms/96.0%, 100ms/97.1%
[2026-06-18T16:37:13.585+0800][31.234s][info][gc,marking  ] GC(292) Mark: 2 stripe(s), 2 proactive flush(es), 1 terminate flush(es), 0 completion(s), 0 continuation(s) 
[2026-06-18T16:37:13.585+0800][31.234s][info][gc,reloc    ] GC(292) Relocation: Successful, 21M relocated
[2026-06-18T16:37:13.585+0800][31.235s][info][gc,nmethod  ] GC(292) NMethods: 23 registered, 0 unregistered
[2026-06-18T16:37:13.585+0800][31.235s][info][gc,metaspace] GC(292) Metaspace: 3M used, 4M capacity, 4M committed, 8M reserved
[2026-06-18T16:37:13.586+0800][31.235s][info][gc,ref      ] GC(292) Soft: 43 encountered, 0 discovered, 0 enqueued
[2026-06-18T16:37:13.586+0800][31.235s][info][gc,ref      ] GC(292) Weak: 7 encountered, 2 discovered, 0 enqueued
[2026-06-18T16:37:13.586+0800][31.235s][info][gc,ref      ] GC(292) Final: 0 encountered, 0 discovered, 0 enqueued
[2026-06-18T16:37:13.586+0800][31.236s][info][gc,ref      ] GC(292) Phantom: 1 encountered, 1 discovered, 0 enqueued
[2026-06-18T16:37:13.587+0800][31.236s][info][gc,heap     ] GC(292)                Mark Start          Mark End        Relocate Start      Relocate End           High               Low         
[2026-06-18T16:37:13.587+0800][31.236s][info][gc,heap     ] GC(292)  Capacity:      256M (100%)        256M (100%)        256M (100%)        256M (100%)        256M (100%)        256M (100%)   
[2026-06-18T16:37:13.587+0800][31.236s][info][gc,heap     ] GC(292)   Reserve:       62M (24%)          62M (24%)          62M (24%)          62M (24%)          62M (24%)          62M (24%)    
[2026-06-18T16:37:13.587+0800][31.237s][info][gc,heap     ] GC(292)      Free:       62M (24%)          24M (9%)           48M (19%)         124M (48%)         124M (48%)           8M (3%)     
[2026-06-18T16:37:13.588+0800][31.237s][info][gc,heap     ] GC(292)      Used:      132M (52%)         170M (66%)         146M (57%)          70M (27%)         186M (73%)          70M (27%)    
[2026-06-18T16:37:13.588+0800][31.237s][info][gc,heap     ] GC(292)      Live:         -                23M (9%)           23M (9%)           23M (9%)             -                  -          
[2026-06-18T16:37:13.588+0800][31.238s][info][gc,heap     ] GC(292) Allocated:         -                38M (15%)          62M (24%)          66M (26%)            -                  -          
[2026-06-18T16:37:13.589+0800][31.238s][info][gc,heap     ] GC(292)   Garbage:         -               108M (42%)          60M (24%)    17592186044400M (6         -                  -          
[2026-06-18T16:37:13.592+0800][31.241s][info][gc,heap     ] GC(292) Reclaimed:         -                  -                48M (19%)         124M (48%)            -                  -          
[2026-06-18T16:37:13.594+0800][31.243s][info][gc          ] GC(292) Garbage Collection (Allocation Rate) 132M(52%)->70M(27%)
[2026-06-18T16:37:13.613+0800][31.262s][info][gc,start    ] GC(293) Garbage Collection (Allocation Rate)
[2026-06-18T16:37:13.614+0800][31.263s][info][gc,phases   ] GC(293) Pause Mark Start 0.211ms
[2026-06-18T16:37:13.617+0800][31.266s][info][gc,phases   ] GC(293) Concurrent Mark 1.444ms
[2026-06-18T16:37:13.619+0800][31.268s][info][gc,phases   ] GC(293) Pause Mark End 0.354ms
[2026-06-18T16:37:13.623+0800][31.272s][info][gc,phases   ] GC(293) Concurrent Process Non-Strong References 0.366ms
[2026-06-18T16:37:13.638+0800][31.288s][info][gc,phases   ] GC(293) Concurrent Reset Relocation Set 0.006ms
[2026-06-18T16:37:13.647+0800][31.297s][info][gc,phases   ] GC(293) Concurrent Destroy Detached Pages 0.001ms
[2026-06-18T16:37:13.652+0800][31.302s][info][gc,phases   ] GC(293) Concurrent Select Relocation Set 1.291ms
[2026-06-18T16:37:13.655+0800][31.304s][info][gc,phases   ] GC(293) Concurrent Prepare Relocation Set 0.012ms
[2026-06-18T16:37:13.658+0800][31.307s][info][gc,phases   ] GC(293) Pause Relocate Start 0.425ms
[2026-06-18T16:37:13.666+0800][31.315s][info][gc,phases   ] GC(293) Concurrent Relocate 0.579ms
[2026-06-18T16:37:13.667+0800][31.316s][info][gc,load     ] GC(293) Load: 0.66/0.40/0.25
[2026-06-18T16:37:13.668+0800][31.317s][info][gc,mmu      ] GC(293) MMU: 2ms/39.9%, 5ms/76.0%, 10ms/83.7%, 20ms/90.0%, 50ms/96.0%, 100ms/97.1%
[2026-06-18T16:37:13.669+0800][31.319s][info][gc,marking  ] GC(293) Mark: 2 stripe(s), 1 proactive flush(es), 1 terminate flush(es), 0 completion(s), 0 continuation(s) 
[2026-06-18T16:37:13.671+0800][31.320s][info][gc,reloc    ] GC(293) Relocation: Successful, 21M relocated
[2026-06-18T16:37:13.672+0800][31.321s][info][gc,nmethod  ] GC(293) NMethods: 23 registered, 0 unregistered
[2026-06-18T16:37:13.673+0800][31.322s][info][gc,metaspace] GC(293) Metaspace: 3M used, 4M capacity, 4M committed, 8M reserved
[2026-06-18T16:37:13.674+0800][31.323s][info][gc,ref      ] GC(293) Soft: 43 encountered, 0 discovered, 0 enqueued
[2026-06-18T16:37:13.677+0800][31.326s][info][gc,ref      ] GC(293) Weak: 7 encountered, 2 discovered, 0 enqueued
[2026-06-18T16:37:13.681+0800][31.331s][info][gc,ref      ] GC(293) Final: 0 encountered, 0 discovered, 0 enqueued
[2026-06-18T16:37:13.684+0800][31.333s][info][gc,ref      ] GC(293) Phantom: 1 encountered, 1 discovered, 0 enqueued
[2026-06-18T16:37:13.687+0800][31.336s][info][gc,heap     ] GC(293)                Mark Start          Mark End        Relocate Start      Relocate End           High               Low         
[2026-06-18T16:37:13.693+0800][31.342s][info][gc,heap     ] GC(293)  Capacity:      256M (100%)        256M (100%)        256M (100%)        256M (100%)        256M (100%)        256M (100%)   
[2026-06-18T16:37:13.696+0800][31.345s][info][gc,heap     ] GC(293)   Reserve:       62M (24%)          62M (24%)          62M (24%)          62M (24%)          62M (24%)          62M (24%)    
[2026-06-18T16:37:13.702+0800][31.352s][info][gc,heap     ] GC(293)      Free:      112M (44%)         112M (44%)          90M (35%)         100M (39%)         112M (44%)          68M (27%)    
[2026-06-18T16:37:13.708+0800][31.357s][info][gc,heap     ] GC(293)      Used:       82M (32%)          82M (32%)         104M (41%)          94M (37%)         126M (49%)          82M (32%)    
[2026-06-18T16:37:13.709+0800][31.358s][info][gc,heap     ] GC(293)      Live:         -                21M (9%)           21M (9%)           21M (9%)             -                  -          
[2026-06-18T16:37:13.710+0800][31.359s][info][gc,heap     ] GC(293) Allocated:         -                 0M (0%)           48M (19%)          60M (23%)            -                  -          
[2026-06-18T16:37:13.711+0800][31.361s][info][gc,heap     ] GC(293)   Garbage:         -                60M (23%)          34M (13%)          20M (8%)             -                  -          
[2026-06-18T16:37:13.712+0800][31.362s][info][gc,heap     ] GC(293) Reclaimed:         -                  -                26M (10%)          40M (16%)            -                  -          
[2026-06-18T16:37:13.715+0800][31.365s][info][gc          ] GC(293) Garbage Collection (Allocation Rate) 82M(32%)->94M(37%)
[2026-06-18T16:37:13.813+0800][31.463s][info][gc,start    ] GC(294) Garbage Collection (Allocation Rate)
[2026-06-18T16:37:13.816+0800][31.466s][info][gc,phases   ] GC(294) Pause Mark Start 0.449ms
[2026-06-18T16:37:13.819+0800][31.469s][info][gc,phases   ] GC(294) Concurrent Mark 1.879ms
[2026-06-18T16:37:13.822+0800][31.471s][info][gc,phases   ] GC(294) Pause Mark End 0.574ms
[2026-06-18T16:37:13.823+0800][31.472s][info][gc,phases   ] GC(294) Concurrent Process Non-Strong References 0.197ms
[2026-06-18T16:37:13.824+0800][31.473s][info][gc,phases   ] GC(294) Concurrent Reset Relocation Set 0.003ms
[2026-06-18T16:37:13.824+0800][31.473s][info][gc,phases   ] GC(294) Concurrent Destroy Detached Pages 0.001ms
[2026-06-18T16:37:13.825+0800][31.475s][info][gc,phases   ] GC(294) Concurrent Select Relocation Set 0.840ms
[2026-06-18T16:37:13.826+0800][31.475s][info][gc,phases   ] GC(294) Concurrent Prepare Relocation Set 0.014ms
[2026-06-18T16:37:13.827+0800][31.476s][info][gc,phases   ] GC(294) Pause Relocate Start 0.177ms
[2026-06-18T16:37:13.829+0800][31.478s][info][gc,phases   ] GC(294) Concurrent Relocate 1.305ms
[2026-06-18T16:37:13.829+0800][31.479s][info][gc,load     ] GC(294) Load: 0.66/0.40/0.25
[2026-06-18T16:37:13.830+0800][31.479s][info][gc,mmu      ] GC(294) MMU: 2ms/39.9%, 5ms/76.0%, 10ms/83.7%, 20ms/90.0%, 50ms/96.0%, 100ms/97.1%
[2026-06-18T16:37:13.830+0800][31.479s][info][gc,marking  ] GC(294) Mark: 2 stripe(s), 1 proactive flush(es), 1 terminate flush(es), 0 completion(s), 0 continuation(s) 
[2026-06-18T16:37:13.831+0800][31.480s][info][gc,reloc    ] GC(294) Relocation: Successful, 24M relocated
[2026-06-18T16:37:13.831+0800][31.480s][info][gc,nmethod  ] GC(294) NMethods: 23 registered, 0 unregistered
[2026-06-18T16:37:13.831+0800][31.481s][info][gc,metaspace] GC(294) Metaspace: 3M used, 4M capacity, 4M committed, 8M reserved
[2026-06-18T16:37:13.832+0800][31.481s][info][gc,ref      ] GC(294) Soft: 43 encountered, 0 discovered, 0 enqueued
[2026-06-18T16:37:13.832+0800][31.481s][info][gc,ref      ] GC(294) Weak: 7 encountered, 2 discovered, 0 enqueued
[2026-06-18T16:37:13.832+0800][31.481s][info][gc,ref      ] GC(294) Final: 0 encountered, 0 discovered, 0 enqueued
[2026-06-18T16:37:13.832+0800][31.482s][info][gc,ref      ] GC(294) Phantom: 1 encountered, 1 discovered, 0 enqueued
[2026-06-18T16:37:13.832+0800][31.482s][info][gc,heap     ] GC(294)                Mark Start          Mark End        Relocate Start      Relocate End           High               Low         
[2026-06-18T16:37:13.833+0800][31.482s][info][gc,heap     ] GC(294)  Capacity:      256M (100%)        256M (100%)        256M (100%)        256M (100%)        256M (100%)        256M (100%)   
[2026-06-18T16:37:13.833+0800][31.482s][info][gc,heap     ] GC(294)   Reserve:       62M (24%)          62M (24%)          62M (24%)          62M (24%)          62M (24%)          62M (24%)    
[2026-06-18T16:37:13.833+0800][31.482s][info][gc,heap     ] GC(294)      Free:       46M (18%)          46M (18%)         104M (41%)         144M (56%)         144M (56%)          42M (16%)    
[2026-06-18T16:37:13.833+0800][31.483s][info][gc,heap     ] GC(294)      Used:      148M (58%)         148M (58%)          90M (35%)          50M (20%)         152M (59%)          50M (20%)    
[2026-06-18T16:37:13.834+0800][31.483s][info][gc,heap     ] GC(294)      Live:         -                24M (10%)          24M (10%)          24M (10%)            -                  -          
[2026-06-18T16:37:13.834+0800][31.483s][info][gc,heap     ] GC(294) Allocated:         -                 0M (0%)            4M (2%)           46M (18%)            -                  -          
[2026-06-18T16:37:13.834+0800][31.483s][info][gc,heap     ] GC(294)   Garbage:         -               123M (48%)          61M (24%)          21M (8%)             -                  -          
[2026-06-18T16:37:13.834+0800][31.484s][info][gc,heap     ] GC(294) Reclaimed:         -                  -                62M (24%)         102M (40%)            -                  -          
[2026-06-18T16:37:13.835+0800][31.484s][info][gc          ] GC(294) Garbage Collection (Allocation Rate) 148M(58%)->50M(20%)
[2026-06-18T16:37:13.914+0800][31.563s][info][gc,start    ] GC(295) Garbage Collection (Allocation Rate)
[2026-06-18T16:37:13.918+0800][31.567s][info][gc,phases   ] GC(295) Pause Mark Start 0.408ms
[2026-06-18T16:37:13.922+0800][31.571s][info][gc,phases   ] GC(295) Concurrent Mark 2.219ms
[2026-06-18T16:37:13.924+0800][31.573s][info][gc,phases   ] GC(295) Pause Mark End 0.506ms
[2026-06-18T16:37:13.926+0800][31.575s][info][gc,phases   ] GC(295) Concurrent Process Non-Strong References 0.194ms
[2026-06-18T16:37:13.927+0800][31.577s][info][gc,phases   ] GC(295) Concurrent Reset Relocation Set 0.003ms
[2026-06-18T16:37:13.928+0800][31.577s][info][gc,phases   ] GC(295) Concurrent Destroy Detached Pages 0.001ms
[2026-06-18T16:37:13.930+0800][31.579s][info][gc,phases   ] GC(295) Concurrent Select Relocation Set 0.861ms
[2026-06-18T16:37:13.930+0800][31.580s][info][gc,phases   ] GC(295) Concurrent Prepare Relocation Set 0.003ms
[2026-06-18T16:37:13.932+0800][31.581s][info][gc,phases   ] GC(295) Pause Relocate Start 0.182ms
[2026-06-18T16:37:13.933+0800][31.582s][info][gc,phases   ] GC(295) Concurrent Relocate 0.191ms
[2026-06-18T16:37:13.933+0800][31.582s][info][gc,load     ] GC(295) Load: 0.66/0.40/0.25
[2026-06-18T16:37:13.933+0800][31.583s][info][gc,mmu      ] GC(295) MMU: 2ms/39.9%, 5ms/76.0%, 10ms/83.7%, 20ms/90.0%, 50ms/96.0%, 100ms/97.1%
[2026-06-18T16:37:13.934+0800][31.583s][info][gc,marking  ] GC(295) Mark: 2 stripe(s), 2 proactive flush(es), 1 terminate flush(es), 0 completion(s), 0 continuation(s) 
[2026-06-18T16:37:13.934+0800][31.583s][info][gc,reloc    ] GC(295) Relocation: Successful, 21M relocated
[2026-06-18T16:37:13.935+0800][31.584s][info][gc,nmethod  ] GC(295) NMethods: 23 registered, 0 unregistered
[2026-06-18T16:37:13.935+0800][31.584s][info][gc,metaspace] GC(295) Metaspace: 3M used, 4M capacity, 4M committed, 8M reserved
[2026-06-18T16:37:13.935+0800][31.585s][info][gc,ref      ] GC(295) Soft: 43 encountered, 0 discovered, 0 enqueued
[2026-06-18T16:37:13.936+0800][31.585s][info][gc,ref      ] GC(295) Weak: 7 encountered, 2 discovered, 0 enqueued
[2026-06-18T16:37:13.936+0800][31.585s][info][gc,ref      ] GC(295) Final: 0 encountered, 0 discovered, 0 enqueued
[2026-06-18T16:37:13.936+0800][31.586s][info][gc,ref      ] GC(295) Phantom: 1 encountered, 1 discovered, 0 enqueued
[2026-06-18T16:37:13.937+0800][31.586s][info][gc,heap     ] GC(295)                Mark Start          Mark End        Relocate Start      Relocate End           High               Low         
[2026-06-18T16:37:13.937+0800][31.586s][info][gc,heap     ] GC(295)  Capacity:      256M (100%)        256M (100%)        256M (100%)        256M (100%)        256M (100%)        256M (100%)   
[2026-06-18T16:37:13.937+0800][31.586s][info][gc,heap     ] GC(295)   Reserve:       62M (24%)          62M (24%)          62M (24%)          62M (24%)          62M (24%)          62M (24%)    
[2026-06-18T16:37:13.937+0800][31.587s][info][gc,heap     ] GC(295)      Free:      112M (44%)         108M (42%)         100M (39%)         110M (43%)         138M (54%)          96M (38%)    
[2026-06-18T16:37:13.938+0800][31.587s][info][gc,heap     ] GC(295)      Used:       82M (32%)          86M (34%)          94M (37%)          84M (33%)          98M (38%)          56M (22%)    
[2026-06-18T16:37:13.938+0800][31.587s][info][gc,heap     ] GC(295)      Live:         -                21M (8%)           21M (8%)           21M (8%)             -                  -          
[2026-06-18T16:37:13.938+0800][31.587s][info][gc,heap     ] GC(295) Allocated:         -                 4M (2%)           42M (16%)          48M (19%)            -                  -          
[2026-06-18T16:37:13.938+0800][31.587s][info][gc,heap     ] GC(295)   Garbage:         -                60M (24%)          30M (12%)          20M (8%)             -                  -          
[2026-06-18T16:37:13.938+0800][31.588s][info][gc,heap     ] GC(295) Reclaimed:         -                  -                30M (12%)          40M (16%)            -                  -          
[2026-06-18T16:37:13.939+0800][31.588s][info][gc          ] GC(295) Garbage Collection (Allocation Rate) 82M(32%)->84M(33%)
[2026-06-18T16:37:14.014+0800][31.663s][info][gc,start    ] GC(296) Garbage Collection (Allocation Rate)
[2026-06-18T16:37:14.016+0800][31.666s][info][gc,phases   ] GC(296) Pause Mark Start 0.518ms
[2026-06-18T16:37:14.020+0800][31.669s][info][gc,phases   ] GC(296) Concurrent Mark 2.133ms
[2026-06-18T16:37:14.022+0800][31.671s][info][gc,phases   ] GC(296) Pause Mark End 0.560ms
[2026-06-18T16:37:14.023+0800][31.672s][info][gc,phases   ] GC(296) Concurrent Process Non-Strong References 0.166ms
[2026-06-18T16:37:14.024+0800][31.673s][info][gc,phases   ] GC(296) Concurrent Reset Relocation Set 0.003ms
[2026-06-18T16:37:14.025+0800][31.674s][info][gc,phases   ] GC(296) Concurrent Destroy Detached Pages 0.001ms
[2026-06-18T16:37:14.026+0800][31.675s][info][gc,phases   ] GC(296) Concurrent Select Relocation Set 0.462ms
[2026-06-18T16:37:14.026+0800][31.676s][info][gc,phases   ] GC(296) Concurrent Prepare Relocation Set 0.035ms
[2026-06-18T16:37:14.027+0800][31.676s][info][gc,phases   ] GC(296) Pause Relocate Start 0.106ms
[2026-06-18T16:37:14.029+0800][31.679s][info][gc,phases   ] GC(296) Concurrent Relocate 1.950ms
[2026-06-18T16:37:14.030+0800][31.679s][info][gc,load     ] GC(296) Load: 0.66/0.40/0.25
[2026-06-18T16:37:14.030+0800][31.679s][info][gc,mmu      ] GC(296) MMU: 2ms/39.9%, 5ms/76.0%, 10ms/83.7%, 20ms/90.0%, 50ms/96.0%, 100ms/97.1%
[2026-06-18T16:37:14.031+0800][31.680s][info][gc,marking  ] GC(296) Mark: 2 stripe(s), 1 proactive flush(es), 1 terminate flush(es), 0 completion(s), 0 continuation(s) 
[2026-06-18T16:37:14.031+0800][31.680s][info][gc,reloc    ] GC(296) Relocation: Successful, 28M relocated
[2026-06-18T16:37:14.031+0800][31.681s][info][gc,nmethod  ] GC(296) NMethods: 23 registered, 0 unregistered
[2026-06-18T16:37:14.032+0800][31.681s][info][gc,metaspace] GC(296) Metaspace: 3M used, 4M capacity, 4M committed, 8M reserved
[2026-06-18T16:37:14.032+0800][31.681s][info][gc,ref      ] GC(296) Soft: 43 encountered, 0 discovered, 0 enqueued
[2026-06-18T16:37:14.032+0800][31.681s][info][gc,ref      ] GC(296) Weak: 7 encountered, 2 discovered, 0 enqueued
[2026-06-18T16:37:14.032+0800][31.682s][info][gc,ref      ] GC(296) Final: 0 encountered, 0 discovered, 0 enqueued
[2026-06-18T16:37:14.033+0800][31.682s][info][gc,ref      ] GC(296) Phantom: 1 encountered, 1 discovered, 0 enqueued
[2026-06-18T16:37:14.033+0800][31.682s][info][gc,heap     ] GC(296)                Mark Start          Mark End        Relocate Start      Relocate End           High               Low         
[2026-06-18T16:37:14.033+0800][31.682s][info][gc,heap     ] GC(296)  Capacity:      256M (100%)        256M (100%)        256M (100%)        256M (100%)        256M (100%)        256M (100%)   
[2026-06-18T16:37:14.033+0800][31.683s][info][gc,heap     ] GC(296)   Reserve:       62M (24%)          62M (24%)          62M (24%)          62M (24%)          62M (24%)          62M (24%)    
[2026-06-18T16:37:14.034+0800][31.683s][info][gc,heap     ] GC(296)      Free:       82M (32%)          82M (32%)          74M (29%)         148M (58%)         148M (58%)          72M (28%)    
[2026-06-18T16:37:14.034+0800][31.683s][info][gc,heap     ] GC(296)      Used:      112M (44%)         112M (44%)         120M (47%)          46M (18%)         122M (48%)          46M (18%)    
[2026-06-18T16:37:14.034+0800][31.683s][info][gc,heap     ] GC(296)      Live:         -                28M (11%)          28M (11%)          28M (11%)            -                  -          
[2026-06-18T16:37:14.034+0800][31.683s][info][gc,heap     ] GC(296) Allocated:         -                 0M (0%)           38M (15%)          46M (18%)            -                  -          
[2026-06-18T16:37:14.034+0800][31.684s][info][gc,heap     ] GC(296)   Garbage:         -                83M (32%)          53M (21%)    17592186044395M (6         -                  -          
[2026-06-18T16:37:14.035+0800][31.684s][info][gc,heap     ] GC(296) Reclaimed:         -                  -                30M (12%)         104M (41%)            -                  -          
[2026-06-18T16:37:14.035+0800][31.684s][info][gc          ] GC(296) Garbage Collection (Allocation Rate) 112M(44%)->46M(18%)
[2026-06-18T16:37:14.113+0800][31.762s][info][gc,start    ] GC(297) Garbage Collection (Allocation Rate)
[2026-06-18T16:37:14.116+0800][31.766s][info][gc,phases   ] GC(297) Pause Mark Start 0.417ms
[2026-06-18T16:37:14.122+0800][31.771s][info][gc,phases   ] GC(297) Concurrent Mark 1.913ms
[2026-06-18T16:37:14.124+0800][31.773s][info][gc,phases   ] GC(297) Pause Mark End 0.462ms
[2026-06-18T16:37:14.125+0800][31.774s][info][gc,phases   ] GC(297) Concurrent Process Non-Strong References 0.168ms
[2026-06-18T16:37:14.125+0800][31.775s][info][gc,phases   ] GC(297) Concurrent Reset Relocation Set 0.003ms
[2026-06-18T16:37:14.126+0800][31.775s][info][gc,phases   ] GC(297) Concurrent Destroy Detached Pages 0.001ms
[2026-06-18T16:37:14.127+0800][31.776s][info][gc,phases   ] GC(297) Concurrent Select Relocation Set 0.818ms
[2026-06-18T16:37:14.127+0800][31.777s][info][gc,phases   ] GC(297) Concurrent Prepare Relocation Set 0.006ms
[2026-06-18T16:37:14.128+0800][31.777s][info][gc,phases   ] GC(297) Pause Relocate Start 0.138ms
[2026-06-18T16:37:14.129+0800][31.778s][info][gc,phases   ] GC(297) Concurrent Relocate 0.323ms
[2026-06-18T16:37:14.129+0800][31.779s][info][gc,load     ] GC(297) Load: 0.66/0.40/0.25
[2026-06-18T16:37:14.130+0800][31.779s][info][gc,mmu      ] GC(297) MMU: 2ms/39.9%, 5ms/76.0%, 10ms/83.7%, 20ms/90.0%, 50ms/96.0%, 100ms/97.1%
[2026-06-18T16:37:14.130+0800][31.780s][info][gc,marking  ] GC(297) Mark: 2 stripe(s), 1 proactive flush(es), 1 terminate flush(es), 0 completion(s), 0 continuation(s) 
[2026-06-18T16:37:14.131+0800][31.780s][info][gc,reloc    ] GC(297) Relocation: Successful, 23M relocated
[2026-06-18T16:37:14.131+0800][31.780s][info][gc,nmethod  ] GC(297) NMethods: 23 registered, 0 unregistered
[2026-06-18T16:37:14.131+0800][31.780s][info][gc,metaspace] GC(297) Metaspace: 3M used, 4M capacity, 4M committed, 8M reserved
[2026-06-18T16:37:14.131+0800][31.781s][info][gc,ref      ] GC(297) Soft: 43 encountered, 0 discovered, 0 enqueued
[2026-06-18T16:37:14.131+0800][31.781s][info][gc,ref      ] GC(297) Weak: 7 encountered, 2 discovered, 0 enqueued
[2026-06-18T16:37:14.132+0800][31.781s][info][gc,ref      ] GC(297) Final: 0 encountered, 0 discovered, 0 enqueued
[2026-06-18T16:37:14.132+0800][31.781s][info][gc,ref      ] GC(297) Phantom: 1 encountered, 1 discovered, 0 enqueued
[2026-06-18T16:37:14.132+0800][31.781s][info][gc,heap     ] GC(297)                Mark Start          Mark End        Relocate Start      Relocate End           High               Low         
[2026-06-18T16:37:14.132+0800][31.782s][info][gc,heap     ] GC(297)  Capacity:      256M (100%)        256M (100%)        256M (100%)        256M (100%)        256M (100%)        256M (100%)   
[2026-06-18T16:37:14.132+0800][31.782s][info][gc,heap     ] GC(297)   Reserve:       62M (24%)          62M (24%)          62M (24%)          62M (24%)          62M (24%)          62M (24%)    
[2026-06-18T16:37:14.133+0800][31.782s][info][gc,heap     ] GC(297)      Free:      118M (46%)          80M (31%)         110M (43%)         114M (45%)         118M (46%)          80M (31%)    
[2026-06-18T16:37:14.133+0800][31.782s][info][gc,heap     ] GC(297)      Used:       76M (30%)         114M (45%)          84M (33%)          80M (31%)         114M (45%)          76M (30%)    
[2026-06-18T16:37:14.133+0800][31.782s][info][gc,heap     ] GC(297)      Live:         -                24M (10%)          24M (10%)          24M (10%)            -                  -          
[2026-06-18T16:37:14.133+0800][31.782s][info][gc,heap     ] GC(297) Allocated:         -                38M (15%)          38M (15%)          44M (17%)            -                  -          
[2026-06-18T16:37:14.133+0800][31.783s][info][gc,heap     ] GC(297)   Garbage:         -                51M (20%)          21M (8%)           17M (7%)             -                  -          
[2026-06-18T16:37:14.134+0800][31.783s][info][gc,heap     ] GC(297) Reclaimed:         -                  -                30M (12%)          34M (13%)            -                  -          
[2026-06-18T16:37:14.134+0800][31.783s][info][gc          ] GC(297) Garbage Collection (Allocation Rate) 76M(30%)->80M(31%)
[2026-06-18T16:37:14.213+0800][31.862s][info][gc,start    ] GC(298) Garbage Collection (Allocation Rate)
[2026-06-18T16:37:14.216+0800][31.865s][info][gc,phases   ] GC(298) Pause Mark Start 0.245ms
[2026-06-18T16:37:14.219+0800][31.868s][info][gc,phases   ] GC(298) Concurrent Mark 1.761ms
[2026-06-18T16:37:14.220+0800][31.869s][info][gc,phases   ] GC(298) Pause Mark End 0.302ms
[2026-06-18T16:37:14.222+0800][31.871s][info][gc,phases   ] GC(298) Concurrent Process Non-Strong References 0.125ms
[2026-06-18T16:37:14.223+0800][31.872s][info][gc,phases   ] GC(298) Concurrent Reset Relocation Set 0.002ms
[2026-06-18T16:37:14.224+0800][31.873s][info][gc,phases   ] GC(298) Concurrent Destroy Detached Pages 0.001ms
[2026-06-18T16:37:14.227+0800][31.876s][info][gc,phases   ] GC(298) Concurrent Select Relocation Set 0.534ms
[2026-06-18T16:37:14.231+0800][31.880s][info][gc,phases   ] GC(298) Concurrent Prepare Relocation Set 0.011ms
[2026-06-18T16:37:14.235+0800][31.884s][info][gc,phases   ] GC(298) Pause Relocate Start 0.221ms
[2026-06-18T16:37:14.241+0800][31.890s][info][gc,phases   ] GC(298) Concurrent Relocate 1.944ms
[2026-06-18T16:37:14.244+0800][31.893s][info][gc,load     ] GC(298) Load: 0.66/0.40/0.25
[2026-06-18T16:37:14.245+0800][31.894s][info][gc,mmu      ] GC(298) MMU: 2ms/39.9%, 5ms/76.0%, 10ms/83.7%, 20ms/90.0%, 50ms/96.0%, 100ms/97.1%
[2026-06-18T16:37:14.245+0800][31.895s][info][gc,marking  ] GC(298) Mark: 2 stripe(s), 2 proactive flush(es), 1 terminate flush(es), 0 completion(s), 0 continuation(s) 
[2026-06-18T16:37:14.246+0800][31.895s][info][gc,reloc    ] GC(298) Relocation: Successful, 22M relocated
[2026-06-18T16:37:14.246+0800][31.896s][info][gc,nmethod  ] GC(298) NMethods: 23 registered, 0 unregistered
[2026-06-18T16:37:14.247+0800][31.896s][info][gc,metaspace] GC(298) Metaspace: 3M used, 4M capacity, 4M committed, 8M reserved
[2026-06-18T16:37:14.248+0800][31.897s][info][gc,ref      ] GC(298) Soft: 43 encountered, 0 discovered, 0 enqueued
[2026-06-18T16:37:14.248+0800][31.897s][info][gc,ref      ] GC(298) Weak: 7 encountered, 0 discovered, 0 enqueued
[2026-06-18T16:37:14.248+0800][31.898s][info][gc,ref      ] GC(298) Final: 0 encountered, 0 discovered, 0 enqueued
[2026-06-18T16:37:14.249+0800][31.898s][info][gc,ref      ] GC(298) Phantom: 1 encountered, 0 discovered, 0 enqueued
[2026-06-18T16:37:14.249+0800][31.899s][info][gc,heap     ] GC(298)                Mark Start          Mark End        Relocate Start      Relocate End           High               Low         
[2026-06-18T16:37:14.250+0800][31.899s][info][gc,heap     ] GC(298)  Capacity:      256M (100%)        256M (100%)        256M (100%)        256M (100%)        256M (100%)        256M (100%)   
[2026-06-18T16:37:14.250+0800][31.899s][info][gc,heap     ] GC(298)   Reserve:       62M (24%)          62M (24%)          62M (24%)          62M (24%)          62M (24%)          62M (24%)    
[2026-06-18T16:37:14.250+0800][31.900s][info][gc,heap     ] GC(298)      Free:       84M (33%)          46M (18%)          70M (27%)         140M (55%)         140M (55%)          46M (18%)    
[2026-06-18T16:37:14.251+0800][31.900s][info][gc,heap     ] GC(298)      Used:      110M (43%)         148M (58%)         124M (48%)          54M (21%)         148M (58%)          54M (21%)    
[2026-06-18T16:37:14.251+0800][31.900s][info][gc,heap     ] GC(298)      Live:         -                26M (10%)          26M (10%)          26M (10%)            -                  -          
[2026-06-18T16:37:14.251+0800][31.901s][info][gc,heap     ] GC(298) Allocated:         -                38M (15%)          40M (16%)          50M (20%)            -                  -          
[2026-06-18T16:37:14.252+0800][31.901s][info][gc,heap     ] GC(298)   Garbage:         -                83M (33%)          57M (22%)    17592186044401M (6         -                  -          
[2026-06-18T16:37:14.252+0800][31.901s][info][gc,heap     ] GC(298) Reclaimed:         -                  -                26M (10%)          98M (38%)            -                  -          
[2026-06-18T16:37:14.252+0800][31.902s][info][gc          ] GC(298) Garbage Collection (Allocation Rate) 110M(43%)->54M(21%)
[2026-06-18T16:37:14.314+0800][31.963s][info][gc,start    ] GC(299) Garbage Collection (Allocation Rate)
[2026-06-18T16:37:14.316+0800][31.966s][info][gc,phases   ] GC(299) Pause Mark Start 0.422ms
[2026-06-18T16:37:14.320+0800][31.970s][info][gc,phases   ] GC(299) Concurrent Mark 2.187ms
[2026-06-18T16:37:14.322+0800][31.972s][info][gc,phases   ] GC(299) Pause Mark End 0.609ms
[2026-06-18T16:37:14.324+0800][31.973s][info][gc,phases   ] GC(299) Concurrent Process Non-Strong References 0.183ms
[2026-06-18T16:37:14.325+0800][31.974s][info][gc,phases   ] GC(299) Concurrent Reset Relocation Set 0.004ms
[2026-06-18T16:37:14.327+0800][31.976s][info][gc,phases   ] GC(299) Concurrent Destroy Detached Pages 0.001ms
[2026-06-18T16:37:14.329+0800][31.979s][info][gc,phases   ] GC(299) Concurrent Select Relocation Set 1.087ms
[2026-06-18T16:37:14.330+0800][31.980s][info][gc,phases   ] GC(299) Concurrent Prepare Relocation Set 0.006ms
[2026-06-18T16:37:14.332+0800][31.981s][info][gc,phases   ] GC(299) Pause Relocate Start 0.246ms
[2026-06-18T16:37:14.336+0800][31.985s][info][gc,phases   ] GC(299) Concurrent Relocate 0.533ms
[2026-06-18T16:37:14.339+0800][31.988s][info][gc,load     ] GC(299) Load: 0.66/0.40/0.25
[2026-06-18T16:37:14.341+0800][31.991s][info][gc,mmu      ] GC(299) MMU: 2ms/39.9%, 5ms/76.0%, 10ms/83.7%, 20ms/90.0%, 50ms/96.0%, 100ms/97.1%
[2026-06-18T16:37:14.344+0800][31.994s][info][gc,marking  ] GC(299) Mark: 2 stripe(s), 1 proactive flush(es), 1 terminate flush(es), 0 completion(s), 0 continuation(s) 
[2026-06-18T16:37:14.350+0800][31.999s][info][gc,reloc    ] GC(299) Relocation: Successful, 23M relocated
[2026-06-18T16:37:14.356+0800][32.005s][info][gc,nmethod  ] GC(299) NMethods: 23 registered, 0 unregistered
[2026-06-18T16:37:14.360+0800][32.009s][info][gc,metaspace] GC(299) Metaspace: 3M used, 4M capacity, 4M committed, 8M reserved
[2026-06-18T16:37:14.364+0800][32.013s][info][gc,ref      ] GC(299) Soft: 43 encountered, 0 discovered, 0 enqueued
[2026-06-18T16:37:14.367+0800][32.016s][info][gc,ref      ] GC(299) Weak: 7 encountered, 2 discovered, 0 enqueued
[2026-06-18T16:37:14.368+0800][32.018s][info][gc,ref      ] GC(299) Final: 0 encountered, 0 discovered, 0 enqueued
[2026-06-18T16:37:14.371+0800][32.020s][info][gc,ref      ] GC(299) Phantom: 1 encountered, 1 discovered, 0 enqueued
[2026-06-18T16:37:14.374+0800][32.023s][info][gc,heap     ] GC(299)                Mark Start          Mark End        Relocate Start      Relocate End           High               Low         
[2026-06-18T16:37:14.376+0800][32.025s][info][gc,heap     ] GC(299)  Capacity:      256M (100%)        256M (100%)        256M (100%)        256M (100%)        256M (100%)        256M (100%)   
[2026-06-18T16:37:14.379+0800][32.028s][info][gc,heap     ] GC(299)   Reserve:       62M (24%)          62M (24%)          62M (24%)          62M (24%)          62M (24%)          62M (24%)    
[2026-06-18T16:37:14.382+0800][32.031s][info][gc,heap     ] GC(299)      Free:      112M (44%)         112M (44%)         134M (52%)         140M (55%)         140M (55%)         108M (42%)    
[2026-06-18T16:37:14.383+0800][32.033s][info][gc,heap     ] GC(299)      Used:       82M (32%)          82M (32%)          60M (23%)          54M (21%)          86M (34%)          54M (21%)    
[2026-06-18T16:37:14.384+0800][32.034s][info][gc,heap     ] GC(299)      Live:         -                23M (9%)           23M (9%)           23M (9%)             -                  -          
[2026-06-18T16:37:14.385+0800][32.035s][info][gc,heap     ] GC(299) Allocated:         -                 0M (0%)            4M (2%)           20M (8%)             -                  -          
[2026-06-18T16:37:14.386+0800][32.035s][info][gc,heap     ] GC(299)   Garbage:         -                58M (23%)          32M (13%)          22M (9%)             -                  -          
[2026-06-18T16:37:14.387+0800][32.036s][info][gc,heap     ] GC(299) Reclaimed:         -                  -                26M (10%)          36M (14%)            -                  -          
[2026-06-18T16:37:14.388+0800][32.037s][info][gc          ] GC(299) Garbage Collection (Allocation Rate) 82M(32%)->54M(21%)
[2026-06-18T16:37:14.413+0800][32.063s][info][gc,start    ] GC(300) Garbage Collection (Allocation Rate)
[2026-06-18T16:37:14.414+0800][32.064s][info][gc,phases   ] GC(300) Pause Mark Start 0.164ms
[2026-06-18T16:37:14.416+0800][32.066s][info][gc,phases   ] GC(300) Concurrent Mark 1.344ms
[2026-06-18T16:37:14.417+0800][32.067s][info][gc,phases   ] GC(300) Pause Mark End 0.238ms
[2026-06-18T16:37:14.418+0800][32.067s][info][gc,phases   ] GC(300) Concurrent Process Non-Strong References 0.101ms
[2026-06-18T16:37:14.418+0800][32.067s][info][gc,phases   ] GC(300) Concurrent Reset Relocation Set 0.002ms
[2026-06-18T16:37:14.418+0800][32.068s][info][gc,phases   ] GC(300) Concurrent Destroy Detached Pages 0.001ms
[2026-06-18T16:37:14.419+0800][32.068s][info][gc,phases   ] GC(300) Concurrent Select Relocation Set 0.472ms
[2026-06-18T16:37:14.420+0800][32.069s][info][gc,phases   ] GC(300) Concurrent Prepare Relocation Set 0.010ms
[2026-06-18T16:37:14.420+0800][32.069s][info][gc,phases   ] GC(300) Pause Relocate Start 0.129ms
[2026-06-18T16:37:14.422+0800][32.071s][info][gc,phases   ] GC(300) Concurrent Relocate 1.253ms
[2026-06-18T16:37:14.422+0800][32.071s][info][gc,load     ] GC(300) Load: 0.66/0.40/0.25
[2026-06-18T16:37:14.423+0800][32.072s][info][gc,mmu      ] GC(300) MMU: 2ms/39.9%, 5ms/76.0%, 10ms/83.7%, 20ms/90.0%, 50ms/96.0%, 100ms/97.1%
[2026-06-18T16:37:14.423+0800][32.072s][info][gc,marking  ] GC(300) Mark: 2 stripe(s), 1 proactive flush(es), 1 terminate flush(es), 0 completion(s), 0 continuation(s) 
[2026-06-18T16:37:14.423+0800][32.072s][info][gc,reloc    ] GC(300) Relocation: Successful, 20M relocated
[2026-06-18T16:37:14.423+0800][32.073s][info][gc,nmethod  ] GC(300) NMethods: 23 registered, 0 unregistered
[2026-06-18T16:37:14.424+0800][32.073s][info][gc,metaspace] GC(300) Metaspace: 3M used, 4M capacity, 4M committed, 8M reserved
[2026-06-18T16:37:14.424+0800][32.073s][info][gc,ref      ] GC(300) Soft: 43 encountered, 0 discovered, 0 enqueued
[2026-06-18T16:37:14.424+0800][32.073s][info][gc,ref      ] GC(300) Weak: 7 encountered, 0 discovered, 0 enqueued
[2026-06-18T16:37:14.424+0800][32.074s][info][gc,ref      ] GC(300) Final: 0 encountered, 0 discovered, 0 enqueued
[2026-06-18T16:37:14.425+0800][32.074s][info][gc,ref      ] GC(300) Phantom: 1 encountered, 0 discovered, 0 enqueued
[2026-06-18T16:37:14.425+0800][32.074s][info][gc,heap     ] GC(300)                Mark Start          Mark End        Relocate Start      Relocate End           High               Low         
[2026-06-18T16:37:14.426+0800][32.075s][info][gc,heap     ] GC(300)  Capacity:      256M (100%)        256M (100%)        256M (100%)        256M (100%)        256M (100%)        256M (100%)   
[2026-06-18T16:37:14.426+0800][32.075s][info][gc,heap     ] GC(300)   Reserve:       62M (24%)          62M (24%)          62M (24%)          62M (24%)          62M (24%)          62M (24%)    
[2026-06-18T16:37:14.426+0800][32.075s][info][gc,heap     ] GC(300)      Free:       80M (31%)          80M (31%)         106M (41%)         148M (58%)         148M (58%)          68M (27%)    
[2026-06-18T16:37:14.427+0800][32.076s][info][gc,heap     ] GC(300)      Used:      114M (45%)         114M (45%)          88M (34%)          46M (18%)         126M (49%)          46M (18%)    
[2026-06-18T16:37:14.431+0800][32.080s][info][gc,heap     ] GC(300)      Live:         -                20M (8%)           20M (8%)           20M (8%)             -                  -          
[2026-06-18T16:37:14.437+0800][32.086s][info][gc,heap     ] GC(300) Allocated:         -                 0M (0%)            4M (2%)           44M (17%)            -                  -          
[2026-06-18T16:37:14.438+0800][32.087s][info][gc,heap     ] GC(300)   Garbage:         -                93M (37%)          63M (25%)          21M (8%)             -                  -          
[2026-06-18T16:37:14.438+0800][32.087s][info][gc,heap     ] GC(300) Reclaimed:         -                  -                30M (12%)          72M (28%)            -                  -          
[2026-06-18T16:37:14.439+0800][32.089s][info][gc          ] GC(300) Garbage Collection (Allocation Rate) 114M(45%)->46M(18%)
[2026-06-18T16:37:14.514+0800][32.163s][info][gc,start    ] GC(301) Garbage Collection (Allocation Rate)
[2026-06-18T16:37:14.515+0800][32.164s][info][gc,phases   ] GC(301) Pause Mark Start 0.244ms
[2026-06-18T16:37:14.517+0800][32.166s][info][gc,phases   ] GC(301) Concurrent Mark 1.355ms
[2026-06-18T16:37:14.518+0800][32.167s][info][gc,phases   ] GC(301) Pause Mark End 0.335ms
[2026-06-18T16:37:14.519+0800][32.169s][info][gc,phases   ] GC(301) Concurrent Process Non-Strong References 0.065ms
[2026-06-18T16:37:14.523+0800][32.172s][info][gc,phases   ] GC(301) Concurrent Reset Relocation Set 0.003ms
[2026-06-18T16:37:14.526+0800][32.175s][info][gc,phases   ] GC(301) Concurrent Destroy Detached Pages 0.001ms
[2026-06-18T16:37:14.528+0800][32.177s][info][gc,phases   ] GC(301) Concurrent Select Relocation Set 0.471ms
[2026-06-18T16:37:14.528+0800][32.177s][info][gc,phases   ] GC(301) Concurrent Prepare Relocation Set 0.001ms
[2026-06-18T16:37:14.529+0800][32.178s][info][gc,phases   ] GC(301) Pause Relocate Start 0.162ms
[2026-06-18T16:37:14.529+0800][32.179s][info][gc,phases   ] GC(301) Concurrent Relocate 0.178ms
[2026-06-18T16:37:14.530+0800][32.179s][info][gc,load     ] GC(301) Load: 0.66/0.40/0.25
[2026-06-18T16:37:14.530+0800][32.179s][info][gc,mmu      ] GC(301) MMU: 2ms/39.9%, 5ms/76.0%, 10ms/83.7%, 20ms/90.0%, 50ms/96.0%, 100ms/97.1%
[2026-06-18T16:37:14.530+0800][32.179s][info][gc,marking  ] GC(301) Mark: 2 stripe(s), 1 proactive flush(es), 1 terminate flush(es), 0 completion(s), 0 continuation(s) 
[2026-06-18T16:37:14.530+0800][32.180s][info][gc,reloc    ] GC(301) Relocation: Successful, 22M relocated
[2026-06-18T16:37:14.531+0800][32.180s][info][gc,nmethod  ] GC(301) NMethods: 23 registered, 0 unregistered
[2026-06-18T16:37:14.531+0800][32.181s][info][gc,metaspace] GC(301) Metaspace: 3M used, 4M capacity, 4M committed, 8M reserved
[2026-06-18T16:37:14.531+0800][32.181s][info][gc,ref      ] GC(301) Soft: 43 encountered, 0 discovered, 0 enqueued
[2026-06-18T16:37:14.532+0800][32.181s][info][gc,ref      ] GC(301) Weak: 7 encountered, 2 discovered, 0 enqueued
[2026-06-18T16:37:14.532+0800][32.181s][info][gc,ref      ] GC(301) Final: 0 encountered, 0 discovered, 0 enqueued
[2026-06-18T16:37:14.532+0800][32.182s][info][gc,ref      ] GC(301) Phantom: 1 encountered, 1 discovered, 0 enqueued
[2026-06-18T16:37:14.532+0800][32.182s][info][gc,heap     ] GC(301)                Mark Start          Mark End        Relocate Start      Relocate End           High               Low         
[2026-06-18T16:37:14.533+0800][32.182s][info][gc,heap     ] GC(301)  Capacity:      256M (100%)        256M (100%)        256M (100%)        256M (100%)        256M (100%)        256M (100%)   
[2026-06-18T16:37:14.533+0800][32.182s][info][gc,heap     ] GC(301)   Reserve:       62M (24%)          62M (24%)          62M (24%)          62M (24%)          62M (24%)          62M (24%)    
[2026-06-18T16:37:14.533+0800][32.183s][info][gc,heap     ] GC(301)      Free:      112M (44%)         112M (44%)         110M (43%)         112M (44%)         112M (44%)          76M (30%)    
[2026-06-18T16:37:14.534+0800][32.183s][info][gc,heap     ] GC(301)      Used:       82M (32%)          82M (32%)          84M (33%)          82M (32%)         118M (46%)          82M (32%)    
[2026-06-18T16:37:14.534+0800][32.183s][info][gc,heap     ] GC(301)      Live:         -                25M (10%)          25M (10%)          25M (10%)            -                  -          
[2026-06-18T16:37:14.534+0800][32.184s][info][gc,heap     ] GC(301) Allocated:         -                 0M (0%)           36M (14%)          40M (16%)            -                  -          
[2026-06-18T16:37:14.535+0800][32.184s][info][gc,heap     ] GC(301)   Garbage:         -                56M (22%)          22M (9%)           20M (8%)             -                  -          
[2026-06-18T16:37:14.536+0800][32.185s][info][gc,heap     ] GC(301) Reclaimed:         -                  -                34M (13%)          36M (14%)            -                  -          
[2026-06-18T16:37:14.537+0800][32.186s][info][gc          ] GC(301) Garbage Collection (Allocation Rate) 82M(32%)->82M(32%)
[2026-06-18T16:37:14.614+0800][32.263s][info][gc,start    ] GC(302) Garbage Collection (Allocation Rate)
[2026-06-18T16:37:14.615+0800][32.264s][info][gc,phases   ] GC(302) Pause Mark Start 0.154ms
[2026-06-18T16:37:14.617+0800][32.267s][info][gc,phases   ] GC(302) Concurrent Mark 1.583ms
[2026-06-18T16:37:14.619+0800][32.268s][info][gc,phases   ] GC(302) Pause Mark End 0.262ms
[2026-06-18T16:37:14.620+0800][32.269s][info][gc,phases   ] GC(302) Concurrent Process Non-Strong References 0.138ms
[2026-06-18T16:37:14.620+0800][32.270s][info][gc,phases   ] GC(302) Concurrent Reset Relocation Set 0.002ms
[2026-06-18T16:37:14.621+0800][32.270s][info][gc,phases   ] GC(302) Concurrent Destroy Detached Pages 0.001ms
[2026-06-18T16:37:14.622+0800][32.271s][info][gc,phases   ] GC(302) Concurrent Select Relocation Set 0.685ms
[2026-06-18T16:37:14.623+0800][32.272s][info][gc,phases   ] GC(302) Concurrent Prepare Relocation Set 0.003ms
[2026-06-18T16:37:14.624+0800][32.273s][info][gc,phases   ] GC(302) Pause Relocate Start 0.119ms
[2026-06-18T16:37:14.626+0800][32.275s][info][gc,phases   ] GC(302) Concurrent Relocate 1.348ms
[2026-06-18T16:37:14.627+0800][32.277s][info][gc,load     ] GC(302) Load: 0.66/0.40/0.25
[2026-06-18T16:37:14.628+0800][32.277s][info][gc,mmu      ] GC(302) MMU: 2ms/39.9%, 5ms/76.0%, 10ms/83.7%, 20ms/90.0%, 50ms/96.0%, 100ms/97.1%
[2026-06-18T16:37:14.628+0800][32.278s][info][gc,marking  ] GC(302) Mark: 2 stripe(s), 2 proactive flush(es), 1 terminate flush(es), 0 completion(s), 0 continuation(s) 
[2026-06-18T16:37:14.629+0800][32.278s][info][gc,reloc    ] GC(302) Relocation: Successful, 22M relocated
[2026-06-18T16:37:14.629+0800][32.279s][info][gc,nmethod  ] GC(302) NMethods: 23 registered, 0 unregistered
[2026-06-18T16:37:14.630+0800][32.279s][info][gc,metaspace] GC(302) Metaspace: 3M used, 4M capacity, 4M committed, 8M reserved
[2026-06-18T16:37:14.630+0800][32.279s][info][gc,ref      ] GC(302) Soft: 43 encountered, 0 discovered, 0 enqueued
[2026-06-18T16:37:14.631+0800][32.280s][info][gc,ref      ] GC(302) Weak: 7 encountered, 2 discovered, 0 enqueued
[2026-06-18T16:37:14.631+0800][32.280s][info][gc,ref      ] GC(302) Final: 0 encountered, 0 discovered, 0 enqueued
[2026-06-18T16:37:14.631+0800][32.280s][info][gc,ref      ] GC(302) Phantom: 1 encountered, 0 discovered, 0 enqueued
[2026-06-18T16:37:14.631+0800][32.281s][info][gc,heap     ] GC(302)                Mark Start          Mark End        Relocate Start      Relocate End           High               Low         
[2026-06-18T16:37:14.632+0800][32.281s][info][gc,heap     ] GC(302)  Capacity:      256M (100%)        256M (100%)        256M (100%)        256M (100%)        256M (100%)        256M (100%)   
[2026-06-18T16:37:14.632+0800][32.281s][info][gc,heap     ] GC(302)   Reserve:       62M (24%)          62M (24%)          62M (24%)          62M (24%)          62M (24%)          62M (24%)    
[2026-06-18T16:37:14.632+0800][32.281s][info][gc,heap     ] GC(302)      Free:       78M (30%)          74M (29%)         102M (40%)         144M (56%)         144M (56%)          64M (25%)    
[2026-06-18T16:37:14.632+0800][32.282s][info][gc,heap     ] GC(302)      Used:      116M (45%)         120M (47%)          92M (36%)          50M (20%)         130M (51%)          50M (20%)    
[2026-06-18T16:37:14.632+0800][32.282s][info][gc,heap     ] GC(302)      Live:         -                23M (9%)           23M (9%)           23M (9%)             -                  -          
[2026-06-18T16:37:14.633+0800][32.282s][info][gc,heap     ] GC(302) Allocated:         -                 4M (2%)            4M (2%)           44M (17%)            -                  -          
[2026-06-18T16:37:14.633+0800][32.282s][info][gc,heap     ] GC(302)   Garbage:         -                92M (36%)          64M (25%)          22M (9%)             -                  -          
[2026-06-18T16:37:14.633+0800][32.282s][info][gc,heap     ] GC(302) Reclaimed:         -                  -                28M (11%)          70M (27%)            -                  -          
[2026-06-18T16:37:14.633+0800][32.283s][info][gc          ] GC(302) Garbage Collection (Allocation Rate) 116M(45%)->50M(20%)
[2026-06-18T16:37:14.714+0800][32.363s][info][gc,start    ] GC(303) Garbage Collection (Allocation Rate)
[2026-06-18T16:37:14.721+0800][32.371s][info][gc,phases   ] GC(303) Pause Mark Start 0.157ms
[2026-06-18T16:37:14.724+0800][32.373s][info][gc,phases   ] GC(303) Concurrent Mark 1.346ms
[2026-06-18T16:37:14.725+0800][32.374s][info][gc,phases   ] GC(303) Pause Mark End 0.309ms
[2026-06-18T16:37:14.726+0800][32.375s][info][gc,phases   ] GC(303) Concurrent Process Non-Strong References 0.136ms
[2026-06-18T16:37:14.727+0800][32.376s][info][gc,phases   ] GC(303) Concurrent Reset Relocation Set 0.004ms
[2026-06-18T16:37:14.728+0800][32.377s][info][gc,phases   ] GC(303) Concurrent Destroy Detached Pages 0.001ms
[2026-06-18T16:37:14.729+0800][32.378s][info][gc,phases   ] GC(303) Concurrent Select Relocation Set 0.462ms
[2026-06-18T16:37:14.730+0800][32.380s][info][gc,phases   ] GC(303) Concurrent Prepare Relocation Set 0.011ms
[2026-06-18T16:37:14.732+0800][32.381s][info][gc,phases   ] GC(303) Pause Relocate Start 0.151ms
[2026-06-18T16:37:14.734+0800][32.383s][info][gc,phases   ] GC(303) Concurrent Relocate 0.342ms
[2026-06-18T16:37:14.737+0800][32.386s][info][gc,load     ] GC(303) Load: 0.66/0.40/0.25
[2026-06-18T16:37:14.738+0800][32.388s][info][gc,mmu      ] GC(303) MMU: 2ms/39.9%, 5ms/76.0%, 10ms/83.7%, 20ms/90.0%, 50ms/96.0%, 100ms/97.1%
[2026-06-18T16:37:14.741+0800][32.391s][info][gc,marking  ] GC(303) Mark: 2 stripe(s), 1 proactive flush(es), 1 terminate flush(es), 0 completion(s), 0 continuation(s) 
[2026-06-18T16:37:14.744+0800][32.393s][info][gc,reloc    ] GC(303) Relocation: Successful, 22M relocated
[2026-06-18T16:37:14.747+0800][32.396s][info][gc,nmethod  ] GC(303) NMethods: 23 registered, 0 unregistered
[2026-06-18T16:37:14.749+0800][32.399s][info][gc,metaspace] GC(303) Metaspace: 3M used, 4M capacity, 4M committed, 8M reserved
[2026-06-18T16:37:14.753+0800][32.402s][info][gc,ref      ] GC(303) Soft: 43 encountered, 0 discovered, 0 enqueued
[2026-06-18T16:37:14.755+0800][32.404s][info][gc,ref      ] GC(303) Weak: 7 encountered, 2 discovered, 0 enqueued
[2026-06-18T16:37:14.759+0800][32.408s][info][gc,ref      ] GC(303) Final: 0 encountered, 0 discovered, 0 enqueued
[2026-06-18T16:37:14.761+0800][32.410s][info][gc,ref      ] GC(303) Phantom: 1 encountered, 1 discovered, 0 enqueued
[2026-06-18T16:37:14.764+0800][32.413s][info][gc,heap     ] GC(303)                Mark Start          Mark End        Relocate Start      Relocate End           High               Low         
[2026-06-18T16:37:14.765+0800][32.414s][info][gc,heap     ] GC(303)  Capacity:      256M (100%)        256M (100%)        256M (100%)        256M (100%)        256M (100%)        256M (100%)   
[2026-06-18T16:37:14.768+0800][32.417s][info][gc,heap     ] GC(303)   Reserve:       62M (24%)          62M (24%)          62M (24%)          62M (24%)          62M (24%)          62M (24%)    
[2026-06-18T16:37:14.770+0800][32.419s][info][gc,heap     ] GC(303)      Free:      106M (41%)         106M (41%)         140M (55%)         148M (58%)         148M (58%)         106M (41%)    
[2026-06-18T16:37:14.773+0800][32.423s][info][gc,heap     ] GC(303)      Used:       88M (34%)          88M (34%)          54M (21%)          46M (18%)          88M (34%)          46M (18%)    
[2026-06-18T16:37:14.777+0800][32.427s][info][gc,heap     ] GC(303)      Live:         -                24M (9%)           24M (9%)           24M (9%)             -                  -          
[2026-06-18T16:37:14.779+0800][32.428s][info][gc,heap     ] GC(303) Allocated:         -                 0M (0%)            4M (2%)           10M (4%)             -                  -          
[2026-06-18T16:37:14.780+0800][32.429s][info][gc,heap     ] GC(303)   Garbage:         -                63M (25%)          25M (10%)          17M (7%)             -                  -          
[2026-06-18T16:37:14.782+0800][32.431s][info][gc,heap     ] GC(303) Reclaimed:         -                  -                38M (15%)          46M (18%)            -                  -          
[2026-06-18T16:37:14.784+0800][32.434s][info][gc          ] GC(303) Garbage Collection (Allocation Rate) 88M(34%)->46M(18%)
[2026-06-18T16:37:14.813+0800][32.462s][info][gc,start    ] GC(304) Garbage Collection (Allocation Rate)
[2026-06-18T16:37:14.820+0800][32.470s][info][gc,phases   ] GC(304) Pause Mark Start 0.157ms
[2026-06-18T16:37:14.831+0800][32.480s][info][gc,phases   ] GC(304) Concurrent Mark 1.575ms
[2026-06-18T16:37:14.837+0800][32.486s][info][gc,phases   ] GC(304) Pause Mark End 0.268ms
[2026-06-18T16:37:14.839+0800][32.489s][info][gc,phases   ] GC(304) Concurrent Process Non-Strong References 0.103ms
[2026-06-18T16:37:14.840+0800][32.489s][info][gc,phases   ] GC(304) Concurrent Reset Relocation Set 0.003ms
[2026-06-18T16:37:14.841+0800][32.490s][info][gc,phases   ] GC(304) Concurrent Destroy Detached Pages 0.001ms
[2026-06-18T16:37:14.841+0800][32.491s][info][gc,phases   ] GC(304) Concurrent Select Relocation Set 0.472ms
[2026-06-18T16:37:14.842+0800][32.491s][info][gc,phases   ] GC(304) Concurrent Prepare Relocation Set 0.007ms
[2026-06-18T16:37:14.843+0800][32.492s][info][gc,phases   ] GC(304) Pause Relocate Start 0.129ms
[2026-06-18T16:37:14.845+0800][32.495s][info][gc,phases   ] GC(304) Concurrent Relocate 2.017ms
[2026-06-18T16:37:14.846+0800][32.495s][info][gc,load     ] GC(304) Load: 0.66/0.40/0.25
[2026-06-18T16:37:14.846+0800][32.496s][info][gc,mmu      ] GC(304) MMU: 2ms/39.9%, 5ms/76.0%, 10ms/83.7%, 20ms/90.0%, 50ms/96.0%, 100ms/97.1%
[2026-06-18T16:37:14.847+0800][32.497s][info][gc,marking  ] GC(304) Mark: 2 stripe(s), 1 proactive flush(es), 1 terminate flush(es), 0 completion(s), 0 continuation(s) 
[2026-06-18T16:37:14.848+0800][32.497s][info][gc,reloc    ] GC(304) Relocation: Successful, 28M relocated
[2026-06-18T16:37:14.848+0800][32.497s][info][gc,nmethod  ] GC(304) NMethods: 23 registered, 0 unregistered
[2026-06-18T16:37:14.848+0800][32.498s][info][gc,metaspace] GC(304) Metaspace: 3M used, 4M capacity, 4M committed, 8M reserved
[2026-06-18T16:37:14.849+0800][32.498s][info][gc,ref      ] GC(304) Soft: 43 encountered, 0 discovered, 0 enqueued
[2026-06-18T16:37:14.849+0800][32.498s][info][gc,ref      ] GC(304) Weak: 7 encountered, 0 discovered, 0 enqueued
[2026-06-18T16:37:14.849+0800][32.499s][info][gc,ref      ] GC(304) Final: 0 encountered, 0 discovered, 0 enqueued
[2026-06-18T16:37:14.850+0800][32.499s][info][gc,ref      ] GC(304) Phantom: 1 encountered, 0 discovered, 0 enqueued
[2026-06-18T16:37:14.850+0800][32.499s][info][gc,heap     ] GC(304)                Mark Start          Mark End        Relocate Start      Relocate End           High               Low         
[2026-06-18T16:37:14.850+0800][32.499s][info][gc,heap     ] GC(304)  Capacity:      256M (100%)        256M (100%)        256M (100%)        256M (100%)        256M (100%)        256M (100%)   
[2026-06-18T16:37:14.851+0800][32.500s][info][gc,heap     ] GC(304)   Reserve:       62M (24%)          62M (24%)          62M (24%)          62M (24%)          62M (24%)          62M (24%)    
[2026-06-18T16:37:14.851+0800][32.500s][info][gc,heap     ] GC(304)      Free:       86M (34%)          82M (32%)         104M (41%)         142M (55%)         142M (55%)          66M (26%)    
[2026-06-18T16:37:14.851+0800][32.501s][info][gc,heap     ] GC(304)      Used:      108M (42%)         112M (44%)          90M (35%)          52M (20%)         128M (50%)          52M (20%)    
[2026-06-18T16:37:14.851+0800][32.501s][info][gc,heap     ] GC(304)      Live:         -                30M (12%)          30M (12%)          30M (12%)            -                  -          
[2026-06-18T16:37:14.852+0800][32.501s][info][gc,heap     ] GC(304) Allocated:         -                 4M (2%)            8M (3%)           50M (20%)            -                  -          
[2026-06-18T16:37:14.852+0800][32.501s][info][gc,heap     ] GC(304)   Garbage:         -                77M (30%)          51M (20%)          13M (5%)             -                  -          
[2026-06-18T16:37:14.852+0800][32.501s][info][gc,heap     ] GC(304) Reclaimed:         -                  -                26M (10%)          64M (25%)            -                  -          
[2026-06-18T16:37:14.852+0800][32.502s][info][gc          ] GC(304) Garbage Collection (Allocation Rate) 108M(42%)->52M(20%)
[2026-06-18T16:37:14.913+0800][32.562s][info][gc,start    ] GC(305) Garbage Collection (Allocation Rate)
[2026-06-18T16:37:14.915+0800][32.564s][info][gc,phases   ] GC(305) Pause Mark Start 0.226ms
[2026-06-18T16:37:14.918+0800][32.567s][info][gc,phases   ] GC(305) Concurrent Mark 1.786ms
[2026-06-18T16:37:14.920+0800][32.569s][info][gc,phases   ] GC(305) Pause Mark End 0.608ms
[2026-06-18T16:37:14.921+0800][32.570s][info][gc,phases   ] GC(305) Concurrent Process Non-Strong References 0.155ms
[2026-06-18T16:37:14.922+0800][32.571s][info][gc,phases   ] GC(305) Concurrent Reset Relocation Set 0.003ms
[2026-06-18T16:37:14.922+0800][32.571s][info][gc,phases   ] GC(305) Concurrent Destroy Detached Pages 0.001ms
[2026-06-18T16:37:14.924+0800][32.573s][info][gc,phases   ] GC(305) Concurrent Select Relocation Set 0.765ms
[2026-06-18T16:37:14.924+0800][32.574s][info][gc,phases   ] GC(305) Concurrent Prepare Relocation Set 0.004ms
[2026-06-18T16:37:14.925+0800][32.575s][info][gc,phases   ] GC(305) Pause Relocate Start 0.193ms
[2026-06-18T16:37:14.926+0800][32.576s][info][gc,phases   ] GC(305) Concurrent Relocate 0.295ms
[2026-06-18T16:37:14.927+0800][32.576s][info][gc,load     ] GC(305) Load: 0.66/0.40/0.25
[2026-06-18T16:37:14.927+0800][32.577s][info][gc,mmu      ] GC(305) MMU: 2ms/39.9%, 5ms/76.0%, 10ms/83.7%, 20ms/90.0%, 50ms/96.0%, 100ms/97.1%
[2026-06-18T16:37:14.928+0800][32.577s][info][gc,marking  ] GC(305) Mark: 2 stripe(s), 1 proactive flush(es), 1 terminate flush(es), 0 completion(s), 0 continuation(s) 
[2026-06-18T16:37:14.928+0800][32.578s][info][gc,reloc    ] GC(305) Relocation: Successful, 26M relocated
[2026-06-18T16:37:14.929+0800][32.578s][info][gc,nmethod  ] GC(305) NMethods: 23 registered, 0 unregistered
[2026-06-18T16:37:14.929+0800][32.578s][info][gc,metaspace] GC(305) Metaspace: 3M used, 4M capacity, 4M committed, 8M reserved
[2026-06-18T16:37:14.929+0800][32.579s][info][gc,ref      ] GC(305) Soft: 43 encountered, 0 discovered, 0 enqueued
[2026-06-18T16:37:14.929+0800][32.579s][info][gc,ref      ] GC(305) Weak: 7 encountered, 0 discovered, 0 enqueued
[2026-06-18T16:37:14.930+0800][32.579s][info][gc,ref      ] GC(305) Final: 0 encountered, 0 discovered, 0 enqueued
[2026-06-18T16:37:14.931+0800][32.580s][info][gc,ref      ] GC(305) Phantom: 1 encountered, 0 discovered, 0 enqueued
[2026-06-18T16:37:14.931+0800][32.580s][info][gc,heap     ] GC(305)                Mark Start          Mark End        Relocate Start      Relocate End           High               Low         
[2026-06-18T16:37:14.931+0800][32.580s][info][gc,heap     ] GC(305)  Capacity:      256M (100%)        256M (100%)        256M (100%)        256M (100%)        256M (100%)        256M (100%)   
[2026-06-18T16:37:14.931+0800][32.581s][info][gc,heap     ] GC(305)   Reserve:       62M (24%)          62M (24%)          62M (24%)          62M (24%)          62M (24%)          62M (24%)    
[2026-06-18T16:37:14.932+0800][32.581s][info][gc,heap     ] GC(305)      Free:      114M (45%)         114M (45%)         138M (54%)         150M (59%)         150M (59%)         114M (45%)    
[2026-06-18T16:37:14.932+0800][32.581s][info][gc,heap     ] GC(305)      Used:       80M (31%)          80M (31%)          56M (22%)          44M (17%)          80M (31%)          44M (17%)    
[2026-06-18T16:37:14.932+0800][32.582s][info][gc,heap     ] GC(305)      Live:         -                28M (11%)          28M (11%)          28M (11%)            -                  -          
[2026-06-18T16:37:14.933+0800][32.582s][info][gc,heap     ] GC(305) Allocated:         -                 0M (0%)            4M (2%)           10M (4%)             -                  -          
[2026-06-18T16:37:14.933+0800][32.582s][info][gc,heap     ] GC(305)   Garbage:         -                51M (20%)          23M (9%)           11M (5%)             -                  -          
[2026-06-18T16:37:14.933+0800][32.582s][info][gc,heap     ] GC(305) Reclaimed:         -                  -                28M (11%)          40M (16%)            -                  -          
[2026-06-18T16:37:14.933+0800][32.583s][info][gc          ] GC(305) Garbage Collection (Allocation Rate) 80M(31%)->44M(17%)
[2026-06-18T16:37:15.013+0800][32.663s][info][gc,start    ] GC(306) Garbage Collection (Allocation Rate)
[2026-06-18T16:37:15.016+0800][32.665s][info][gc,phases   ] GC(306) Pause Mark Start 0.553ms
[2026-06-18T16:37:15.019+0800][32.669s][info][gc,phases   ] GC(306) Concurrent Mark 2.226ms
[2026-06-18T16:37:15.021+0800][32.670s][info][gc,phases   ] GC(306) Pause Mark End 0.376ms
[2026-06-18T16:37:15.022+0800][32.671s][info][gc,phases   ] GC(306) Concurrent Process Non-Strong References 0.116ms
[2026-06-18T16:37:15.023+0800][32.672s][info][gc,phases   ] GC(306) Concurrent Reset Relocation Set 0.002ms
[2026-06-18T16:37:15.024+0800][32.673s][info][gc,phases   ] GC(306) Concurrent Destroy Detached Pages 0.001ms
[2026-06-18T16:37:15.025+0800][32.675s][info][gc,phases   ] GC(306) Concurrent Select Relocation Set 0.444ms
[2026-06-18T16:37:15.027+0800][32.676s][info][gc,phases   ] GC(306) Concurrent Prepare Relocation Set 0.009ms
[2026-06-18T16:37:15.028+0800][32.677s][info][gc,phases   ] GC(306) Pause Relocate Start 0.107ms
[2026-06-18T16:37:15.030+0800][32.680s][info][gc,phases   ] GC(306) Concurrent Relocate 1.892ms
[2026-06-18T16:37:15.031+0800][32.680s][info][gc,load     ] GC(306) Load: 0.66/0.40/0.25
[2026-06-18T16:37:15.031+0800][32.681s][info][gc,mmu      ] GC(306) MMU: 2ms/39.9%, 5ms/76.0%, 10ms/83.7%, 20ms/90.0%, 50ms/96.0%, 100ms/97.1%
[2026-06-18T16:37:15.032+0800][32.681s][info][gc,marking  ] GC(306) Mark: 2 stripe(s), 1 proactive flush(es), 1 terminate flush(es), 0 completion(s), 0 continuation(s) 
[2026-06-18T16:37:15.032+0800][32.681s][info][gc,reloc    ] GC(306) Relocation: Successful, 23M relocated
[2026-06-18T16:37:15.033+0800][32.682s][info][gc,nmethod  ] GC(306) NMethods: 23 registered, 0 unregistered
[2026-06-18T16:37:15.033+0800][32.682s][info][gc,metaspace] GC(306) Metaspace: 3M used, 4M capacity, 4M committed, 8M reserved
[2026-06-18T16:37:15.033+0800][32.683s][info][gc,ref      ] GC(306) Soft: 43 encountered, 0 discovered, 0 enqueued
[2026-06-18T16:37:15.034+0800][32.683s][info][gc,ref      ] GC(306) Weak: 7 encountered, 2 discovered, 0 enqueued
[2026-06-18T16:37:15.034+0800][32.683s][info][gc,ref      ] GC(306) Final: 0 encountered, 0 discovered, 0 enqueued
[2026-06-18T16:37:15.034+0800][32.683s][info][gc,ref      ] GC(306) Phantom: 1 encountered, 1 discovered, 0 enqueued
[2026-06-18T16:37:15.034+0800][32.684s][info][gc,heap     ] GC(306)                Mark Start          Mark End        Relocate Start      Relocate End           High               Low         
[2026-06-18T16:37:15.035+0800][32.684s][info][gc,heap     ] GC(306)  Capacity:      256M (100%)        256M (100%)        256M (100%)        256M (100%)        256M (100%)        256M (100%)   
[2026-06-18T16:37:15.035+0800][32.684s][info][gc,heap     ] GC(306)   Reserve:       62M (24%)          62M (24%)          62M (24%)          62M (24%)          62M (24%)          62M (24%)    
[2026-06-18T16:37:15.035+0800][32.685s][info][gc,heap     ] GC(306)      Free:       88M (34%)          84M (33%)         112M (44%)         148M (58%)         148M (58%)          78M (30%)    
[2026-06-18T16:37:15.036+0800][32.685s][info][gc,heap     ] GC(306)      Used:      106M (41%)         110M (43%)          82M (32%)          46M (18%)         116M (45%)          46M (18%)    
[2026-06-18T16:37:15.036+0800][32.685s][info][gc,heap     ] GC(306)      Live:         -                23M (9%)           23M (9%)           23M (9%)             -                  -          
[2026-06-18T16:37:15.036+0800][32.685s][info][gc,heap     ] GC(306) Allocated:         -                 4M (2%)            4M (2%)           46M (18%)            -                  -          
[2026-06-18T16:37:15.036+0800][32.686s][info][gc,heap     ] GC(306)   Garbage:         -                82M (32%)          54M (21%)          14M (6%)             -                  -          
[2026-06-18T16:37:15.037+0800][32.686s][info][gc,heap     ] GC(306) Reclaimed:         -                  -                28M (11%)          68M (27%)            -                  -          
[2026-06-18T16:37:15.037+0800][32.686s][info][gc          ] GC(306) Garbage Collection (Allocation Rate) 106M(41%)->46M(18%)
[2026-06-18T16:37:15.113+0800][32.763s][info][gc,start    ] GC(307) Garbage Collection (Allocation Rate)
[2026-06-18T16:37:15.116+0800][32.766s][info][gc,phases   ] GC(307) Pause Mark Start 0.618ms
[2026-06-18T16:37:15.120+0800][32.769s][info][gc,phases   ] GC(307) Concurrent Mark 2.093ms
[2026-06-18T16:37:15.122+0800][32.771s][info][gc,phases   ] GC(307) Pause Mark End 0.593ms
[2026-06-18T16:37:15.123+0800][32.773s][info][gc,phases   ] GC(307) Concurrent Process Non-Strong References 0.156ms
[2026-06-18T16:37:15.124+0800][32.773s][info][gc,phases   ] GC(307) Concurrent Reset Relocation Set 0.004ms
[2026-06-18T16:37:15.125+0800][32.774s][info][gc,phases   ] GC(307) Concurrent Destroy Detached Pages 0.001ms
[2026-06-18T16:37:15.126+0800][32.776s][info][gc,phases   ] GC(307) Concurrent Select Relocation Set 0.904ms
[2026-06-18T16:37:15.127+0800][32.776s][info][gc,phases   ] GC(307) Concurrent Prepare Relocation Set 0.002ms
[2026-06-18T16:37:15.128+0800][32.778s][info][gc,phases   ] GC(307) Pause Relocate Start 0.223ms
[2026-06-18T16:37:15.132+0800][32.781s][info][gc,phases   ] GC(307) Concurrent Relocate 0.185ms
[2026-06-18T16:37:15.133+0800][32.782s][info][gc,load     ] GC(307) Load: 0.66/0.40/0.25
[2026-06-18T16:37:15.133+0800][32.783s][info][gc,mmu      ] GC(307) MMU: 2ms/39.9%, 5ms/76.0%, 10ms/83.7%, 20ms/90.0%, 50ms/96.0%, 100ms/97.1%
[2026-06-18T16:37:15.134+0800][32.783s][info][gc,marking  ] GC(307) Mark: 2 stripe(s), 1 proactive flush(es), 1 terminate flush(es), 0 completion(s), 0 continuation(s) 
[2026-06-18T16:37:15.135+0800][32.784s][info][gc,reloc    ] GC(307) Relocation: Successful, 21M relocated
[2026-06-18T16:37:15.135+0800][32.785s][info][gc,nmethod  ] GC(307) NMethods: 23 registered, 0 unregistered
[2026-06-18T16:37:15.136+0800][32.785s][info][gc,metaspace] GC(307) Metaspace: 3M used, 4M capacity, 4M committed, 8M reserved
[2026-06-18T16:37:15.136+0800][32.786s][info][gc,ref      ] GC(307) Soft: 43 encountered, 0 discovered, 0 enqueued
[2026-06-18T16:37:15.137+0800][32.786s][info][gc,ref      ] GC(307) Weak: 7 encountered, 2 discovered, 0 enqueued
[2026-06-18T16:37:15.137+0800][32.786s][info][gc,ref      ] GC(307) Final: 0 encountered, 0 discovered, 0 enqueued
[2026-06-18T16:37:15.137+0800][32.787s][info][gc,ref      ] GC(307) Phantom: 1 encountered, 1 discovered, 0 enqueued
[2026-06-18T16:37:15.138+0800][32.787s][info][gc,heap     ] GC(307)                Mark Start          Mark End        Relocate Start      Relocate End           High               Low         
[2026-06-18T16:37:15.138+0800][32.787s][info][gc,heap     ] GC(307)  Capacity:      256M (100%)        256M (100%)        256M (100%)        256M (100%)        256M (100%)        256M (100%)   
[2026-06-18T16:37:15.138+0800][32.788s][info][gc,heap     ] GC(307)   Reserve:       62M (24%)          62M (24%)          62M (24%)          62M (24%)          62M (24%)          62M (24%)    
[2026-06-18T16:37:15.139+0800][32.788s][info][gc,heap     ] GC(307)      Free:      116M (45%)         116M (45%)         144M (56%)         146M (57%)         146M (57%)         112M (44%)    
[2026-06-18T16:37:15.139+0800][32.788s][info][gc,heap     ] GC(307)      Used:       78M (30%)          78M (30%)          50M (20%)          48M (19%)          82M (32%)          48M (19%)    
[2026-06-18T16:37:15.139+0800][32.788s][info][gc,heap     ] GC(307)      Live:         -                24M (10%)          24M (10%)          24M (10%)            -                  -          
[2026-06-18T16:37:15.139+0800][32.789s][info][gc,heap     ] GC(307) Allocated:         -                 0M (0%)            4M (2%)            8M (3%)             -                  -          
[2026-06-18T16:37:15.140+0800][32.789s][info][gc,heap     ] GC(307)   Garbage:         -                53M (21%)          21M (8%)           19M (7%)             -                  -          
[2026-06-18T16:37:15.140+0800][32.789s][info][gc,heap     ] GC(307) Reclaimed:         -                  -                32M (12%)          34M (13%)            -                  -          
[2026-06-18T16:37:15.141+0800][32.790s][info][gc          ] GC(307) Garbage Collection (Allocation Rate) 78M(30%)->48M(19%)
[2026-06-18T16:37:15.214+0800][32.863s][info][gc,start    ] GC(308) Garbage Collection (Allocation Rate)
[2026-06-18T16:37:15.217+0800][32.866s][info][gc,phases   ] GC(308) Pause Mark Start 0.435ms
[2026-06-18T16:37:15.221+0800][32.870s][info][gc,phases   ] GC(308) Concurrent Mark 2.023ms
[2026-06-18T16:37:15.223+0800][32.872s][info][gc,phases   ] GC(308) Pause Mark End 0.550ms
[2026-06-18T16:37:15.224+0800][32.874s][info][gc,phases   ] GC(308) Concurrent Process Non-Strong References 0.212ms
[2026-06-18T16:37:15.225+0800][32.875s][info][gc,phases   ] GC(308) Concurrent Reset Relocation Set 0.002ms
[2026-06-18T16:37:15.228+0800][32.877s][info][gc,phases   ] GC(308) Concurrent Destroy Detached Pages 0.002ms
[2026-06-18T16:37:15.232+0800][32.882s][info][gc,phases   ] GC(308) Concurrent Select Relocation Set 0.930ms
[2026-06-18T16:37:15.235+0800][32.884s][info][gc,phases   ] GC(308) Concurrent Prepare Relocation Set 0.021ms
[2026-06-18T16:37:15.240+0800][32.889s][info][gc,phases   ] GC(308) Pause Relocate Start 0.305ms
[2026-06-18T16:37:15.245+0800][32.894s][info][gc,phases   ] GC(308) Concurrent Relocate 1.803ms
[2026-06-18T16:37:15.249+0800][32.898s][info][gc,load     ] GC(308) Load: 0.66/0.40/0.25
[2026-06-18T16:37:15.251+0800][32.900s][info][gc,mmu      ] GC(308) MMU: 2ms/39.9%, 5ms/76.0%, 10ms/83.7%, 20ms/90.0%, 50ms/96.0%, 100ms/97.1%
[2026-06-18T16:37:15.252+0800][32.901s][info][gc,marking  ] GC(308) Mark: 2 stripe(s), 1 proactive flush(es), 1 terminate flush(es), 0 completion(s), 0 continuation(s) 
[2026-06-18T16:37:15.253+0800][32.902s][info][gc,reloc    ] GC(308) Relocation: Successful, 20M relocated
[2026-06-18T16:37:15.254+0800][32.903s][info][gc,nmethod  ] GC(308) NMethods: 23 registered, 0 unregistered
[2026-06-18T16:37:15.255+0800][32.904s][info][gc,metaspace] GC(308) Metaspace: 3M used, 4M capacity, 4M committed, 8M reserved
[2026-06-18T16:37:15.256+0800][32.905s][info][gc,ref      ] GC(308) Soft: 43 encountered, 0 discovered, 0 enqueued
[2026-06-18T16:37:15.256+0800][32.906s][info][gc,ref      ] GC(308) Weak: 7 encountered, 2 discovered, 0 enqueued
[2026-06-18T16:37:15.257+0800][32.906s][info][gc,ref      ] GC(308) Final: 0 encountered, 0 discovered, 0 enqueued
[2026-06-18T16:37:15.258+0800][32.907s][info][gc,ref      ] GC(308) Phantom: 1 encountered, 1 discovered, 0 enqueued
[2026-06-18T16:37:15.259+0800][32.909s][info][gc,heap     ] GC(308)                Mark Start          Mark End        Relocate Start      Relocate End           High               Low         
[2026-06-18T16:37:15.261+0800][32.911s][info][gc,heap     ] GC(308)  Capacity:      256M (100%)        256M (100%)        256M (100%)        256M (100%)        256M (100%)        256M (100%)   
[2026-06-18T16:37:15.262+0800][32.911s][info][gc,heap     ] GC(308)   Reserve:       62M (24%)          62M (24%)          62M (24%)          62M (24%)          62M (24%)          62M (24%)    
[2026-06-18T16:37:15.263+0800][32.912s][info][gc,heap     ] GC(308)      Free:       82M (32%)          78M (30%)          66M (26%)         136M (53%)         136M (53%)          40M (16%)    
[2026-06-18T16:37:15.263+0800][32.913s][info][gc,heap     ] GC(308)      Used:      112M (44%)         116M (45%)         128M (50%)          58M (23%)         154M (60%)          58M (23%)    
[2026-06-18T16:37:15.264+0800][32.913s][info][gc,heap     ] GC(308)      Live:         -                20M (8%)           20M (8%)           20M (8%)             -                  -          
[2026-06-18T16:37:15.264+0800][32.914s][info][gc,heap     ] GC(308) Allocated:         -                 4M (2%)           42M (16%)          58M (23%)            -                  -          
[2026-06-18T16:37:15.265+0800][32.914s][info][gc,heap     ] GC(308)   Garbage:         -                91M (36%)          65M (26%)    17592186044409M (6         -                  -          
[2026-06-18T16:37:15.265+0800][32.915s][info][gc,heap     ] GC(308) Reclaimed:         -                  -                26M (10%)          98M (38%)            -                  -          
[2026-06-18T16:37:15.266+0800][32.915s][info][gc          ] GC(308) Garbage Collection (Allocation Rate) 112M(44%)->58M(23%)
[2026-06-18T16:37:15.314+0800][32.963s][info][gc,start    ] GC(309) Garbage Collection (Allocation Rate)
[2026-06-18T16:37:15.317+0800][32.966s][info][gc,phases   ] GC(309) Pause Mark Start 0.450ms
[2026-06-18T16:37:15.322+0800][32.971s][info][gc,phases   ] GC(309) Concurrent Mark 2.381ms
[2026-06-18T16:37:15.324+0800][32.974s][info][gc,phases   ] GC(309) Pause Mark End 0.804ms
[2026-06-18T16:37:15.326+0800][32.975s][info][gc,phases   ] GC(309) Concurrent Process Non-Strong References 0.359ms
[2026-06-18T16:37:15.327+0800][32.976s][info][gc,phases   ] GC(309) Concurrent Reset Relocation Set 0.004ms
[2026-06-18T16:37:15.328+0800][32.977s][info][gc,phases   ] GC(309) Concurrent Destroy Detached Pages 0.001ms
[2026-06-18T16:37:15.329+0800][32.978s][info][gc,phases   ] GC(309) Concurrent Select Relocation Set 0.923ms
[2026-06-18T16:37:15.330+0800][32.979s][info][gc,phases   ] GC(309) Concurrent Prepare Relocation Set 0.002ms
[2026-06-18T16:37:15.331+0800][32.980s][info][gc,phases   ] GC(309) Pause Relocate Start 0.199ms
[2026-06-18T16:37:15.332+0800][32.981s][info][gc,phases   ] GC(309) Concurrent Relocate 0.261ms
[2026-06-18T16:37:15.333+0800][32.982s][info][gc,load     ] GC(309) Load: 0.66/0.40/0.25
[2026-06-18T16:37:15.333+0800][32.982s][info][gc,mmu      ] GC(309) MMU: 2ms/39.9%, 5ms/76.0%, 10ms/83.7%, 20ms/90.0%, 50ms/96.0%, 100ms/97.1%
[2026-06-18T16:37:15.334+0800][32.983s][info][gc,marking  ] GC(309) Mark: 2 stripe(s), 2 proactive flush(es), 1 terminate flush(es), 0 completion(s), 0 continuation(s) 
[2026-06-18T16:37:15.334+0800][32.983s][info][gc,reloc    ] GC(309) Relocation: Successful, 21M relocated
[2026-06-18T16:37:15.335+0800][32.984s][info][gc,nmethod  ] GC(309) NMethods: 23 registered, 0 unregistered
[2026-06-18T16:37:15.335+0800][32.984s][info][gc,metaspace] GC(309) Metaspace: 3M used, 4M capacity, 4M committed, 8M reserved
[2026-06-18T16:37:15.336+0800][32.985s][info][gc,ref      ] GC(309) Soft: 43 encountered, 0 discovered, 0 enqueued
[2026-06-18T16:37:15.336+0800][32.985s][info][gc,ref      ] GC(309) Weak: 7 encountered, 2 discovered, 0 enqueued
[2026-06-18T16:37:15.336+0800][32.986s][info][gc,ref      ] GC(309) Final: 0 encountered, 0 discovered, 0 enqueued
[2026-06-18T16:37:15.337+0800][32.986s][info][gc,ref      ] GC(309) Phantom: 1 encountered, 1 discovered, 0 enqueued
[2026-06-18T16:37:15.337+0800][32.986s][info][gc,heap     ] GC(309)                Mark Start          Mark End        Relocate Start      Relocate End           High               Low         
[2026-06-18T16:37:15.337+0800][32.986s][info][gc,heap     ] GC(309)  Capacity:      256M (100%)        256M (100%)        256M (100%)        256M (100%)        256M (100%)        256M (100%)   
[2026-06-18T16:37:15.337+0800][32.987s][info][gc,heap     ] GC(309)   Reserve:       62M (24%)          62M (24%)          62M (24%)          62M (24%)          62M (24%)          62M (24%)    
[2026-06-18T16:37:15.338+0800][32.987s][info][gc,heap     ] GC(309)      Free:      112M (44%)         108M (42%)          94M (37%)         108M (42%)         132M (52%)          92M (36%)    
[2026-06-18T16:37:15.338+0800][32.987s][info][gc,heap     ] GC(309)      Used:       82M (32%)          86M (34%)         100M (39%)          86M (34%)         102M (40%)          62M (24%)    
[2026-06-18T16:37:15.338+0800][32.987s][info][gc,heap     ] GC(309)      Live:         -                27M (11%)          27M (11%)          27M (11%)            -                  -          
[2026-06-18T16:37:15.338+0800][32.988s][info][gc,heap     ] GC(309) Allocated:         -                 4M (2%)           42M (16%)          48M (19%)            -                  -          
[2026-06-18T16:37:15.339+0800][32.988s][info][gc,heap     ] GC(309)   Garbage:         -                54M (21%)          30M (12%)          16M (7%)             -                  -          
[2026-06-18T16:37:15.339+0800][32.988s][info][gc,heap     ] GC(309) Reclaimed:         -                  -                24M (9%)           38M (15%)            -                  -          
[2026-06-18T16:37:15.339+0800][32.988s][info][gc          ] GC(309) Garbage Collection (Allocation Rate) 82M(32%)->86M(34%)
[2026-06-18T16:37:15.413+0800][33.063s][info][gc,start    ] GC(310) Garbage Collection (Allocation Rate)
[2026-06-18T16:37:15.418+0800][33.067s][info][gc,phases   ] GC(310) Pause Mark Start 0.413ms
[2026-06-18T16:37:15.422+0800][33.071s][info][gc,phases   ] GC(310) Concurrent Mark 1.989ms
[2026-06-18T16:37:15.424+0800][33.074s][info][gc,phases   ] GC(310) Pause Mark End 0.639ms
[2026-06-18T16:37:15.426+0800][33.075s][info][gc,phases   ] GC(310) Concurrent Process Non-Strong References 0.183ms
[2026-06-18T16:37:15.428+0800][33.077s][info][gc,phases   ] GC(310) Concurrent Reset Relocation Set 0.004ms
[2026-06-18T16:37:15.429+0800][33.078s][info][gc,phases   ] GC(310) Concurrent Destroy Detached Pages 0.001ms
[2026-06-18T16:37:15.430+0800][33.080s][info][gc,phases   ] GC(310) Concurrent Select Relocation Set 0.859ms
[2026-06-18T16:37:15.432+0800][33.081s][info][gc,phases   ] GC(310) Concurrent Prepare Relocation Set 0.013ms
[2026-06-18T16:37:15.433+0800][33.082s][info][gc,phases   ] GC(310) Pause Relocate Start 0.184ms
[2026-06-18T16:37:15.435+0800][33.084s][info][gc,phases   ] GC(310) Concurrent Relocate 1.658ms
[2026-06-18T16:37:15.436+0800][33.085s][info][gc,load     ] GC(310) Load: 0.66/0.40/0.25
[2026-06-18T16:37:15.436+0800][33.085s][info][gc,mmu      ] GC(310) MMU: 2ms/39.9%, 5ms/76.0%, 10ms/83.7%, 20ms/90.0%, 50ms/96.0%, 100ms/97.1%
[2026-06-18T16:37:15.437+0800][33.086s][info][gc,marking  ] GC(310) Mark: 2 stripe(s), 1 proactive flush(es), 1 terminate flush(es), 0 completion(s), 0 continuation(s) 
[2026-06-18T16:37:15.437+0800][33.086s][info][gc,reloc    ] GC(310) Relocation: Successful, 23M relocated
[2026-06-18T16:37:15.438+0800][33.087s][info][gc,nmethod  ] GC(310) NMethods: 23 registered, 0 unregistered
[2026-06-18T16:37:15.438+0800][33.087s][info][gc,metaspace] GC(310) Metaspace: 3M used, 4M capacity, 4M committed, 8M reserved
[2026-06-18T16:37:15.438+0800][33.088s][info][gc,ref      ] GC(310) Soft: 43 encountered, 0 discovered, 0 enqueued
[2026-06-18T16:37:15.439+0800][33.088s][info][gc,ref      ] GC(310) Weak: 7 encountered, 2 discovered, 0 enqueued
[2026-06-18T16:37:15.439+0800][33.088s][info][gc,ref      ] GC(310) Final: 0 encountered, 0 discovered, 0 enqueued
[2026-06-18T16:37:15.439+0800][33.088s][info][gc,ref      ] GC(310) Phantom: 1 encountered, 1 discovered, 0 enqueued
[2026-06-18T16:37:15.439+0800][33.089s][info][gc,heap     ] GC(310)                Mark Start          Mark End        Relocate Start      Relocate End           High               Low         
[2026-06-18T16:37:15.440+0800][33.089s][info][gc,heap     ] GC(310)  Capacity:      256M (100%)        256M (100%)        256M (100%)        256M (100%)        256M (100%)        256M (100%)   
[2026-06-18T16:37:15.440+0800][33.089s][info][gc,heap     ] GC(310)   Reserve:       62M (24%)          62M (24%)          62M (24%)          62M (24%)          62M (24%)          62M (24%)    
[2026-06-18T16:37:15.440+0800][33.089s][info][gc,heap     ] GC(310)      Free:       78M (30%)          78M (30%)          70M (27%)         144M (56%)         144M (56%)          40M (16%)    
[2026-06-18T16:37:15.440+0800][33.089s][info][gc,heap     ] GC(310)      Used:      116M (45%)         116M (45%)         124M (48%)          50M (20%)         154M (60%)          50M (20%)    
[2026-06-18T16:37:15.440+0800][33.090s][info][gc,heap     ] GC(310)      Live:         -                23M (9%)           23M (9%)           23M (9%)             -                  -          
[2026-06-18T16:37:15.441+0800][33.090s][info][gc,heap     ] GC(310) Allocated:         -                 0M (0%)           38M (15%)          48M (19%)            -                  -          
[2026-06-18T16:37:15.441+0800][33.090s][info][gc,heap     ] GC(310)   Garbage:         -                92M (36%)          62M (24%)    17592186044404M (6         -                  -          
[2026-06-18T16:37:15.441+0800][33.090s][info][gc,heap     ] GC(310) Reclaimed:         -                  -                30M (12%)         104M (41%)            -                  -          
[2026-06-18T16:37:15.441+0800][33.090s][info][gc          ] GC(310) Garbage Collection (Allocation Rate) 116M(45%)->50M(20%)
[2026-06-18T16:37:15.513+0800][33.163s][info][gc,start    ] GC(311) Garbage Collection (Allocation Rate)
[2026-06-18T16:37:15.516+0800][33.165s][info][gc,phases   ] GC(311) Pause Mark Start 0.482ms
[2026-06-18T16:37:15.519+0800][33.168s][info][gc,phases   ] GC(311) Concurrent Mark 2.242ms
[2026-06-18T16:37:15.521+0800][33.170s][info][gc,phases   ] GC(311) Pause Mark End 0.563ms
[2026-06-18T16:37:15.522+0800][33.171s][info][gc,phases   ] GC(311) Concurrent Process Non-Strong References 0.232ms
[2026-06-18T16:37:15.523+0800][33.173s][info][gc,phases   ] GC(311) Concurrent Reset Relocation Set 0.005ms
[2026-06-18T16:37:15.524+0800][33.173s][info][gc,phases   ] GC(311) Concurrent Destroy Detached Pages 0.001ms
[2026-06-18T16:37:15.526+0800][33.175s][info][gc,phases   ] GC(311) Concurrent Select Relocation Set 0.846ms
[2026-06-18T16:37:15.526+0800][33.176s][info][gc,phases   ] GC(311) Concurrent Prepare Relocation Set 0.006ms
[2026-06-18T16:37:15.527+0800][33.176s][info][gc,phases   ] GC(311) Pause Relocate Start 0.165ms
[2026-06-18T16:37:15.528+0800][33.177s][info][gc,phases   ] GC(311) Concurrent Relocate 0.231ms
[2026-06-18T16:37:15.529+0800][33.178s][info][gc,load     ] GC(311) Load: 0.66/0.40/0.25
[2026-06-18T16:37:15.529+0800][33.178s][info][gc,mmu      ] GC(311) MMU: 2ms/39.9%, 5ms/76.0%, 10ms/83.7%, 20ms/90.0%, 50ms/96.0%, 100ms/97.1%
[2026-06-18T16:37:15.529+0800][33.179s][info][gc,marking  ] GC(311) Mark: 2 stripe(s), 1 proactive flush(es), 1 terminate flush(es), 0 completion(s), 0 continuation(s) 
[2026-06-18T16:37:15.530+0800][33.179s][info][gc,reloc    ] GC(311) Relocation: Successful, 19M relocated
[2026-06-18T16:37:15.530+0800][33.179s][info][gc,nmethod  ] GC(311) NMethods: 23 registered, 0 unregistered
[2026-06-18T16:37:15.531+0800][33.180s][info][gc,metaspace] GC(311) Metaspace: 3M used, 4M capacity, 4M committed, 8M reserved
[2026-06-18T16:37:15.531+0800][33.180s][info][gc,ref      ] GC(311) Soft: 43 encountered, 0 discovered, 0 enqueued
[2026-06-18T16:37:15.531+0800][33.180s][info][gc,ref      ] GC(311) Weak: 7 encountered, 2 discovered, 0 enqueued
[2026-06-18T16:37:15.531+0800][33.181s][info][gc,ref      ] GC(311) Final: 0 encountered, 0 discovered, 0 enqueued
[2026-06-18T16:37:15.532+0800][33.181s][info][gc,ref      ] GC(311) Phantom: 1 encountered, 1 discovered, 0 enqueued
[2026-06-18T16:37:15.532+0800][33.181s][info][gc,heap     ] GC(311)                Mark Start          Mark End        Relocate Start      Relocate End           High               Low         
[2026-06-18T16:37:15.532+0800][33.182s][info][gc,heap     ] GC(311)  Capacity:      256M (100%)        256M (100%)        256M (100%)        256M (100%)        256M (100%)        256M (100%)   
[2026-06-18T16:37:15.533+0800][33.182s][info][gc,heap     ] GC(311)   Reserve:       62M (24%)          62M (24%)          62M (24%)          62M (24%)          62M (24%)          62M (24%)    
[2026-06-18T16:37:15.533+0800][33.182s][info][gc,heap     ] GC(311)      Free:      114M (45%)         114M (45%)         104M (41%)         116M (45%)         116M (45%)          76M (30%)    
[2026-06-18T16:37:15.533+0800][33.182s][info][gc,heap     ] GC(311)      Used:       80M (31%)          80M (31%)          90M (35%)          78M (30%)         118M (46%)          78M (30%)    
[2026-06-18T16:37:15.533+0800][33.182s][info][gc,heap     ] GC(311)      Live:         -                21M (8%)           21M (8%)           21M (8%)             -                  -          
[2026-06-18T16:37:15.533+0800][33.183s][info][gc,heap     ] GC(311) Allocated:         -                 0M (0%)           38M (15%)          44M (17%)            -                  -          
[2026-06-18T16:37:15.534+0800][33.183s][info][gc,heap     ] GC(311)   Garbage:         -                58M (23%)          30M (12%)          18M (7%)             -                  -          
[2026-06-18T16:37:15.534+0800][33.183s][info][gc,heap     ] GC(311) Reclaimed:         -                  -                28M (11%)          40M (16%)            -                  -          
[2026-06-18T16:37:15.534+0800][33.183s][info][gc          ] GC(311) Garbage Collection (Allocation Rate) 80M(31%)->78M(30%)
[2026-06-18T16:37:15.614+0800][33.263s][info][gc,start    ] GC(312) Garbage Collection (Allocation Rate)
[2026-06-18T16:37:15.617+0800][33.266s][info][gc,phases   ] GC(312) Pause Mark Start 0.402ms
[2026-06-18T16:37:15.621+0800][33.271s][info][gc,phases   ] GC(312) Concurrent Mark 2.210ms
[2026-06-18T16:37:15.625+0800][33.275s][info][gc,phases   ] GC(312) Pause Mark End 0.683ms
[2026-06-18T16:37:15.627+0800][33.276s][info][gc,phases   ] GC(312) Concurrent Process Non-Strong References 0.330ms
[2026-06-18T16:37:15.628+0800][33.277s][info][gc,phases   ] GC(312) Concurrent Reset Relocation Set 0.004ms
[2026-06-18T16:37:15.628+0800][33.278s][info][gc,phases   ] GC(312) Concurrent Destroy Detached Pages 0.001ms
[2026-06-18T16:37:15.630+0800][33.279s][info][gc,phases   ] GC(312) Concurrent Select Relocation Set 0.597ms
[2026-06-18T16:37:15.630+0800][33.279s][info][gc,phases   ] GC(312) Concurrent Prepare Relocation Set 0.003ms
[2026-06-18T16:37:15.631+0800][33.280s][info][gc,phases   ] GC(312) Pause Relocate Start 0.213ms
[2026-06-18T16:37:15.633+0800][33.282s][info][gc,phases   ] GC(312) Concurrent Relocate 1.759ms
[2026-06-18T16:37:15.634+0800][33.283s][info][gc,load     ] GC(312) Load: 0.66/0.40/0.25
[2026-06-18T16:37:15.634+0800][33.284s][info][gc,mmu      ] GC(312) MMU: 2ms/39.9%, 5ms/76.0%, 10ms/83.7%, 20ms/90.0%, 50ms/96.0%, 100ms/97.1%
[2026-06-18T16:37:15.635+0800][33.284s][info][gc,marking  ] GC(312) Mark: 2 stripe(s), 2 proactive flush(es), 1 terminate flush(es), 0 completion(s), 0 continuation(s) 
[2026-06-18T16:37:15.635+0800][33.284s][info][gc,reloc    ] GC(312) Relocation: Successful, 27M relocated
[2026-06-18T16:37:15.636+0800][33.285s][info][gc,nmethod  ] GC(312) NMethods: 23 registered, 0 unregistered
[2026-06-18T16:37:15.636+0800][33.285s][info][gc,metaspace] GC(312) Metaspace: 3M used, 4M capacity, 4M committed, 8M reserved
[2026-06-18T16:37:15.636+0800][33.285s][info][gc,ref      ] GC(312) Soft: 43 encountered, 0 discovered, 0 enqueued
[2026-06-18T16:37:15.636+0800][33.286s][info][gc,ref      ] GC(312) Weak: 7 encountered, 0 discovered, 0 enqueued
[2026-06-18T16:37:15.637+0800][33.286s][info][gc,ref      ] GC(312) Final: 0 encountered, 0 discovered, 0 enqueued
[2026-06-18T16:37:15.637+0800][33.286s][info][gc,ref      ] GC(312) Phantom: 1 encountered, 0 discovered, 0 enqueued
[2026-06-18T16:37:15.637+0800][33.286s][info][gc,heap     ] GC(312)                Mark Start          Mark End        Relocate Start      Relocate End           High               Low         
[2026-06-18T16:37:15.637+0800][33.287s][info][gc,heap     ] GC(312)  Capacity:      256M (100%)        256M (100%)        256M (100%)        256M (100%)        256M (100%)        256M (100%)   
[2026-06-18T16:37:15.637+0800][33.287s][info][gc,heap     ] GC(312)   Reserve:       62M (24%)          62M (24%)          62M (24%)          62M (24%)          62M (24%)          62M (24%)    
[2026-06-18T16:37:15.638+0800][33.287s][info][gc,heap     ] GC(312)      Free:       88M (34%)          50M (20%)          74M (29%)         146M (57%)         146M (57%)          50M (20%)    
[2026-06-18T16:37:15.638+0800][33.287s][info][gc,heap     ] GC(312)      Used:      106M (41%)         144M (56%)         120M (47%)          48M (19%)         144M (56%)          48M (19%)    
[2026-06-18T16:37:15.638+0800][33.287s][info][gc,heap     ] GC(312)      Live:         -                29M (11%)          29M (11%)          29M (11%)            -                  -          
[2026-06-18T16:37:15.664+0800][33.313s][info][gc,heap     ] GC(312) Allocated:         -                38M (15%)          40M (16%)          46M (18%)            -                  -          
[2026-06-18T16:37:15.665+0800][33.315s][info][gc,heap     ] GC(312)   Garbage:         -                76M (30%)          50M (20%)    17592186044394M (6         -                  -          
[2026-06-18T16:37:15.667+0800][33.317s][info][gc,heap     ] GC(312) Reclaimed:         -                  -                26M (10%)          98M (38%)            -                  -          
[2026-06-18T16:37:15.669+0800][33.319s][info][gc          ] GC(312) Garbage Collection (Allocation Rate) 106M(41%)->48M(19%)
[2026-06-18T16:37:15.713+0800][33.362s][info][gc,start    ] GC(313) Garbage Collection (Allocation Rate)
[2026-06-18T16:37:15.727+0800][33.377s][info][gc,phases   ] GC(313) Pause Mark Start 0.429ms
[2026-06-18T16:37:15.732+0800][33.381s][info][gc,phases   ] GC(313) Concurrent Mark 2.204ms
[2026-06-18T16:37:15.734+0800][33.383s][info][gc,phases   ] GC(313) Pause Mark End 0.307ms
[2026-06-18T16:37:15.735+0800][33.385s][info][gc,phases   ] GC(313) Concurrent Process Non-Strong References 0.143ms
[2026-06-18T16:37:15.736+0800][33.386s][info][gc,phases   ] GC(313) Concurrent Reset Relocation Set 0.003ms
[2026-06-18T16:37:15.737+0800][33.387s][info][gc,phases   ] GC(313) Concurrent Destroy Detached Pages 0.001ms
[2026-06-18T16:37:15.739+0800][33.388s][info][gc,phases   ] GC(313) Concurrent Select Relocation Set 0.475ms
[2026-06-18T16:37:15.741+0800][33.390s][info][gc,phases   ] GC(313) Concurrent Prepare Relocation Set 0.011ms
[2026-06-18T16:37:15.743+0800][33.392s][info][gc,phases   ] GC(313) Pause Relocate Start 0.172ms
[2026-06-18T16:37:15.744+0800][33.394s][info][gc,phases   ] GC(313) Concurrent Relocate 0.380ms
[2026-06-18T16:37:15.746+0800][33.395s][info][gc,load     ] GC(313) Load: 0.66/0.40/0.25
[2026-06-18T16:37:15.749+0800][33.398s][info][gc,mmu      ] GC(313) MMU: 2ms/39.9%, 5ms/76.0%, 10ms/83.7%, 20ms/90.0%, 50ms/96.0%, 100ms/97.1%
[2026-06-18T16:37:15.757+0800][33.406s][info][gc,marking  ] GC(313) Mark: 2 stripe(s), 1 proactive flush(es), 1 terminate flush(es), 0 completion(s), 0 continuation(s) 
[2026-06-18T16:37:15.758+0800][33.407s][info][gc,reloc    ] GC(313) Relocation: Successful, 25M relocated
[2026-06-18T16:37:15.759+0800][33.408s][info][gc,nmethod  ] GC(313) NMethods: 23 registered, 0 unregistered
[2026-06-18T16:37:15.760+0800][33.409s][info][gc,metaspace] GC(313) Metaspace: 3M used, 4M capacity, 4M committed, 8M reserved
[2026-06-18T16:37:15.761+0800][33.410s][info][gc,ref      ] GC(313) Soft: 43 encountered, 0 discovered, 0 enqueued
[2026-06-18T16:37:15.762+0800][33.411s][info][gc,ref      ] GC(313) Weak: 7 encountered, 2 discovered, 0 enqueued
[2026-06-18T16:37:15.762+0800][33.412s][info][gc,ref      ] GC(313) Final: 0 encountered, 0 discovered, 0 enqueued
[2026-06-18T16:37:15.763+0800][33.413s][info][gc,ref      ] GC(313) Phantom: 1 encountered, 1 discovered, 0 enqueued
[2026-06-18T16:37:15.764+0800][33.414s][info][gc,heap     ] GC(313)                Mark Start          Mark End        Relocate Start      Relocate End           High               Low         
[2026-06-18T16:37:15.765+0800][33.415s][info][gc,heap     ] GC(313)  Capacity:      256M (100%)        256M (100%)        256M (100%)        256M (100%)        256M (100%)        256M (100%)   
[2026-06-18T16:37:15.766+0800][33.416s][info][gc,heap     ] GC(313)   Reserve:       62M (24%)          62M (24%)          62M (24%)          62M (24%)          62M (24%)          62M (24%)    
[2026-06-18T16:37:15.767+0800][33.417s][info][gc,heap     ] GC(313)      Free:      110M (43%)         110M (43%)         138M (54%)         148M (58%)         148M (58%)         106M (41%)    
[2026-06-18T16:37:15.768+0800][33.417s][info][gc,heap     ] GC(313)      Used:       84M (33%)          84M (33%)          56M (22%)          46M (18%)          88M (34%)          46M (18%)    
[2026-06-18T16:37:15.769+0800][33.419s][info][gc,heap     ] GC(313)      Live:         -                27M (11%)          27M (11%)          27M (11%)            -                  -          
[2026-06-18T16:37:15.771+0800][33.420s][info][gc,heap     ] GC(313) Allocated:         -                 0M (0%)            4M (2%)           12M (5%)             -                  -          
[2026-06-18T16:37:15.771+0800][33.421s][info][gc,heap     ] GC(313)   Garbage:         -                56M (22%)          24M (10%)          14M (6%)             -                  -          
[2026-06-18T16:37:15.772+0800][33.422s][info][gc,heap     ] GC(313) Reclaimed:         -                  -                32M (12%)          42M (16%)            -                  -          
[2026-06-18T16:37:15.773+0800][33.423s][info][gc          ] GC(313) Garbage Collection (Allocation Rate) 84M(33%)->46M(18%)
[2026-06-18T16:37:15.813+0800][33.462s][info][gc,start    ] GC(314) Garbage Collection (Allocation Rate)
[2026-06-18T16:37:15.815+0800][33.464s][info][gc,phases   ] GC(314) Pause Mark Start 0.189ms
[2026-06-18T16:37:15.817+0800][33.466s][info][gc,phases   ] GC(314) Concurrent Mark 1.453ms
[2026-06-18T16:37:15.818+0800][33.468s][info][gc,phases   ] GC(314) Pause Mark End 0.252ms
[2026-06-18T16:37:15.819+0800][33.469s][info][gc,phases   ] GC(314) Concurrent Process Non-Strong References 0.098ms
[2026-06-18T16:37:15.820+0800][33.470s][info][gc,phases   ] GC(314) Concurrent Reset Relocation Set 0.002ms
[2026-06-18T16:37:15.821+0800][33.470s][info][gc,phases   ] GC(314) Concurrent Destroy Detached Pages 0.000ms
[2026-06-18T16:37:15.822+0800][33.472s][info][gc,phases   ] GC(314) Concurrent Select Relocation Set 0.518ms
[2026-06-18T16:37:15.823+0800][33.472s][info][gc,phases   ] GC(314) Concurrent Prepare Relocation Set 0.008ms
[2026-06-18T16:37:15.824+0800][33.473s][info][gc,phases   ] GC(314) Pause Relocate Start 0.135ms
[2026-06-18T16:37:15.827+0800][33.476s][info][gc,phases   ] GC(314) Concurrent Relocate 1.680ms
[2026-06-18T16:37:15.827+0800][33.476s][info][gc,load     ] GC(314) Load: 0.66/0.40/0.25
[2026-06-18T16:37:15.828+0800][33.477s][info][gc,mmu      ] GC(314) MMU: 2ms/39.9%, 5ms/76.0%, 10ms/83.7%, 20ms/90.0%, 50ms/96.0%, 100ms/97.1%
[2026-06-18T16:37:15.829+0800][33.478s][info][gc,marking  ] GC(314) Mark: 2 stripe(s), 1 proactive flush(es), 1 terminate flush(es), 0 completion(s), 0 continuation(s) 
[2026-06-18T16:37:15.829+0800][33.479s][info][gc,reloc    ] GC(314) Relocation: Successful, 24M relocated
[2026-06-18T16:37:15.830+0800][33.480s][info][gc,nmethod  ] GC(314) NMethods: 23 registered, 0 unregistered
[2026-06-18T16:37:15.831+0800][33.480s][info][gc,metaspace] GC(314) Metaspace: 3M used, 4M capacity, 4M committed, 8M reserved
[2026-06-18T16:37:15.832+0800][33.481s][info][gc,ref      ] GC(314) Soft: 43 encountered, 0 discovered, 0 enqueued
[2026-06-18T16:37:15.833+0800][33.482s][info][gc,ref      ] GC(314) Weak: 7 encountered, 2 discovered, 0 enqueued
[2026-06-18T16:37:15.833+0800][33.483s][info][gc,ref      ] GC(314) Final: 0 encountered, 0 discovered, 0 enqueued
[2026-06-18T16:37:15.834+0800][33.484s][info][gc,ref      ] GC(314) Phantom: 1 encountered, 1 discovered, 0 enqueued
[2026-06-18T16:37:15.835+0800][33.484s][info][gc,heap     ] GC(314)                Mark Start          Mark End        Relocate Start      Relocate End           High               Low         
[2026-06-18T16:37:15.836+0800][33.485s][info][gc,heap     ] GC(314)  Capacity:      256M (100%)        256M (100%)        256M (100%)        256M (100%)        256M (100%)        256M (100%)   
[2026-06-18T16:37:15.837+0800][33.486s][info][gc,heap     ] GC(314)   Reserve:       62M (24%)          62M (24%)          62M (24%)          62M (24%)          62M (24%)          62M (24%)    
[2026-06-18T16:37:15.838+0800][33.487s][info][gc,heap     ] GC(314)      Free:       88M (34%)          88M (34%)         110M (43%)         148M (58%)         148M (58%)          72M (28%)    
[2026-06-18T16:37:15.838+0800][33.488s][info][gc,heap     ] GC(314)      Used:      106M (41%)         106M (41%)          84M (33%)          46M (18%)         122M (48%)          46M (18%)    
[2026-06-18T16:37:15.839+0800][33.489s][info][gc,heap     ] GC(314)      Live:         -                24M (10%)          24M (10%)          24M (10%)            -                  -          
[2026-06-18T16:37:15.840+0800][33.489s][info][gc,heap     ] GC(314) Allocated:         -                 0M (0%)            4M (2%)           46M (18%)            -                  -          
[2026-06-18T16:37:15.841+0800][33.490s][info][gc,heap     ] GC(314)   Garbage:         -                81M (32%)          55M (22%)          17M (7%)             -                  -          
[2026-06-18T16:37:15.842+0800][33.491s][info][gc,heap     ] GC(314) Reclaimed:         -                  -                26M (10%)          64M (25%)            -                  -          
[2026-06-18T16:37:15.843+0800][33.492s][info][gc          ] GC(314) Garbage Collection (Allocation Rate) 106M(41%)->46M(18%)
[2026-06-18T16:37:15.913+0800][33.563s][info][gc,start    ] GC(315) Garbage Collection (Allocation Rate)
[2026-06-18T16:37:15.915+0800][33.565s][info][gc,phases   ] GC(315) Pause Mark Start 0.396ms
[2026-06-18T16:37:15.918+0800][33.567s][info][gc,phases   ] GC(315) Concurrent Mark 1.826ms
[2026-06-18T16:37:15.927+0800][33.576s][info][gc,phases   ] GC(315) Pause Mark End 0.728ms
[2026-06-18T16:37:15.929+0800][33.578s][info][gc,phases   ] GC(315) Concurrent Process Non-Strong References 0.147ms
[2026-06-18T16:37:15.941+0800][33.590s][info][gc,phases   ] GC(315) Concurrent Reset Relocation Set 0.005ms
[2026-06-18T16:37:15.944+0800][33.594s][info][gc,phases   ] GC(315) Concurrent Destroy Detached Pages 0.002ms
[2026-06-18T16:37:15.950+0800][33.599s][info][gc,phases   ] GC(315) Concurrent Select Relocation Set 1.378ms
[2026-06-18T16:37:15.954+0800][33.604s][info][gc,phases   ] GC(315) Concurrent Prepare Relocation Set 0.007ms
[2026-06-18T16:37:15.958+0800][33.607s][info][gc,phases   ] GC(315) Pause Relocate Start 0.291ms
[2026-06-18T16:37:15.960+0800][33.610s][info][gc,phases   ] GC(315) Concurrent Relocate 0.263ms
[2026-06-18T16:37:15.963+0800][33.612s][info][gc,load     ] GC(315) Load: 0.61/0.40/0.25
[2026-06-18T16:37:15.966+0800][33.615s][info][gc,mmu      ] GC(315) MMU: 2ms/39.9%, 5ms/76.0%, 10ms/83.7%, 20ms/90.0%, 50ms/96.0%, 100ms/97.1%
[2026-06-18T16:37:15.971+0800][33.620s][info][gc,marking  ] GC(315) Mark: 2 stripe(s), 2 proactive flush(es), 1 terminate flush(es), 0 completion(s), 0 continuation(s) 
[2026-06-18T16:37:15.973+0800][33.622s][info][gc,reloc    ] GC(315) Relocation: Successful, 26M relocated
[2026-06-18T16:37:15.978+0800][33.627s][info][gc,nmethod  ] GC(315) NMethods: 23 registered, 0 unregistered
[2026-06-18T16:37:15.982+0800][33.632s][info][gc,metaspace] GC(315) Metaspace: 3M used, 4M capacity, 4M committed, 8M reserved
[2026-06-18T16:37:15.984+0800][33.633s][info][gc,ref      ] GC(315) Soft: 43 encountered, 0 discovered, 0 enqueued
[2026-06-18T16:37:15.987+0800][33.636s][info][gc,ref      ] GC(315) Weak: 7 encountered, 2 discovered, 0 enqueued
[2026-06-18T16:37:15.990+0800][33.639s][info][gc,ref      ] GC(315) Final: 0 encountered, 0 discovered, 0 enqueued
[2026-06-18T16:37:15.991+0800][33.640s][info][gc,ref      ] GC(315) Phantom: 1 encountered, 1 discovered, 0 enqueued
[2026-06-18T16:37:15.993+0800][33.642s][info][gc,heap     ] GC(315)                Mark Start          Mark End        Relocate Start      Relocate End           High               Low         
[2026-06-18T16:37:15.994+0800][33.643s][info][gc,heap     ] GC(315)  Capacity:      256M (100%)        256M (100%)        256M (100%)        256M (100%)        256M (100%)        256M (100%)   
[2026-06-18T16:37:15.995+0800][33.644s][info][gc,heap     ] GC(315)   Reserve:       62M (24%)          62M (24%)          62M (24%)          62M (24%)          62M (24%)          62M (24%)    
[2026-06-18T16:37:15.996+0800][33.645s][info][gc,heap     ] GC(315)      Free:      112M (44%)         108M (42%)          96M (38%)         102M (40%)         112M (44%)          66M (26%)    
[2026-06-18T16:37:15.997+0800][33.646s][info][gc,heap     ] GC(315)      Used:       82M (32%)          86M (34%)          98M (38%)          92M (36%)         128M (50%)          82M (32%)    
[2026-06-18T16:37:15.998+0800][33.647s][info][gc,heap     ] GC(315)      Live:         -                30M (12%)          30M (12%)          30M (12%)            -                  -          
[2026-06-18T16:37:15.998+0800][33.648s][info][gc,heap     ] GC(315) Allocated:         -                 4M (2%)           48M (19%)          54M (21%)            -                  -          
[2026-06-18T16:37:15.999+0800][33.648s][info][gc,heap     ] GC(315)   Garbage:         -                51M (20%)          19M (8%)           13M (5%)             -                  -          
[2026-06-18T16:37:16.000+0800][33.649s][info][gc,heap     ] GC(315) Reclaimed:         -                  -                32M (12%)          38M (15%)            -                  -          
[2026-06-18T16:37:16.001+0800][33.650s][info][gc          ] GC(315) Garbage Collection (Allocation Rate) 82M(32%)->92M(36%)
[2026-06-18T16:37:16.013+0800][33.663s][info][gc,start    ] GC(316) Garbage Collection (Allocation Rate)
[2026-06-18T16:37:16.016+0800][33.665s][info][gc,phases   ] GC(316) Pause Mark Start 0.465ms
[2026-06-18T16:37:16.019+0800][33.668s][info][gc,phases   ] GC(316) Concurrent Mark 1.994ms
[2026-06-18T16:37:16.021+0800][33.670s][info][gc,phases   ] GC(316) Pause Mark End 0.611ms
[2026-06-18T16:37:16.023+0800][33.672s][info][gc,phases   ] GC(316) Concurrent Process Non-Strong References 0.307ms
[2026-06-18T16:37:16.024+0800][33.673s][info][gc,phases   ] GC(316) Concurrent Reset Relocation Set 0.003ms
[2026-06-18T16:37:16.024+0800][33.674s][info][gc,phases   ] GC(316) Concurrent Destroy Detached Pages 0.001ms
[2026-06-18T16:37:16.026+0800][33.675s][info][gc,phases   ] GC(316) Concurrent Select Relocation Set 0.761ms
[2026-06-18T16:37:16.026+0800][33.676s][info][gc,phases   ] GC(316) Concurrent Prepare Relocation Set 0.004ms
[2026-06-18T16:37:16.027+0800][33.677s][info][gc,phases   ] GC(316) Pause Relocate Start 0.166ms
[2026-06-18T16:37:16.029+0800][33.679s][info][gc,phases   ] GC(316) Concurrent Relocate 1.701ms
[2026-06-18T16:37:16.030+0800][33.679s][info][gc,load     ] GC(316) Load: 0.61/0.40/0.25
[2026-06-18T16:37:16.031+0800][33.680s][info][gc,mmu      ] GC(316) MMU: 2ms/39.9%, 5ms/76.0%, 10ms/83.7%, 20ms/90.0%, 50ms/96.0%, 100ms/97.1%
[2026-06-18T16:37:16.031+0800][33.680s][info][gc,marking  ] GC(316) Mark: 2 stripe(s), 1 proactive flush(es), 1 terminate flush(es), 0 completion(s), 0 continuation(s) 
[2026-06-18T16:37:16.031+0800][33.681s][info][gc,reloc    ] GC(316) Relocation: Successful, 21M relocated
[2026-06-18T16:37:16.032+0800][33.681s][info][gc,nmethod  ] GC(316) NMethods: 23 registered, 0 unregistered
[2026-06-18T16:37:16.032+0800][33.681s][info][gc,metaspace] GC(316) Metaspace: 3M used, 4M capacity, 4M committed, 8M reserved
[2026-06-18T16:37:16.032+0800][33.682s][info][gc,ref      ] GC(316) Soft: 43 encountered, 0 discovered, 0 enqueued
[2026-06-18T16:37:16.032+0800][33.682s][info][gc,ref      ] GC(316) Weak: 7 encountered, 2 discovered, 0 enqueued
[2026-06-18T16:37:16.033+0800][33.682s][info][gc,ref      ] GC(316) Final: 0 encountered, 0 discovered, 0 enqueued
[2026-06-18T16:37:16.033+0800][33.682s][info][gc,ref      ] GC(316) Phantom: 1 encountered, 1 discovered, 0 enqueued
[2026-06-18T16:37:16.033+0800][33.683s][info][gc,heap     ] GC(316)                Mark Start          Mark End        Relocate Start      Relocate End           High               Low         
[2026-06-18T16:37:16.033+0800][33.683s][info][gc,heap     ] GC(316)  Capacity:      256M (100%)        256M (100%)        256M (100%)        256M (100%)        256M (100%)        256M (100%)   
[2026-06-18T16:37:16.034+0800][33.683s][info][gc,heap     ] GC(316)   Reserve:       62M (24%)          62M (24%)          62M (24%)          62M (24%)          62M (24%)          62M (24%)    
[2026-06-18T16:37:16.034+0800][33.683s][info][gc,heap     ] GC(316)      Free:       82M (32%)          78M (30%)         106M (41%)         142M (55%)         142M (55%)          68M (27%)    
[2026-06-18T16:37:16.034+0800][33.683s][info][gc,heap     ] GC(316)      Used:      112M (44%)         116M (45%)          88M (34%)          52M (20%)         126M (49%)          52M (20%)    
[2026-06-18T16:37:16.034+0800][33.684s][info][gc,heap     ] GC(316)      Live:         -                21M (8%)           21M (8%)           21M (8%)             -                  -          
[2026-06-18T16:37:16.035+0800][33.684s][info][gc,heap     ] GC(316) Allocated:         -                 4M (2%)            4M (2%)           50M (20%)            -                  -          
[2026-06-18T16:37:16.035+0800][33.684s][info][gc,heap     ] GC(316)   Garbage:         -                90M (35%)          62M (24%)          22M (9%)             -                  -          
[2026-06-18T16:37:16.035+0800][33.684s][info][gc,heap     ] GC(316) Reclaimed:         -                  -                28M (11%)          68M (27%)            -                  -          
[2026-06-18T16:37:16.035+0800][33.685s][info][gc          ] GC(316) Garbage Collection (Allocation Rate) 112M(44%)->52M(20%)
[2026-06-18T16:37:16.114+0800][33.763s][info][gc,start    ] GC(317) Garbage Collection (Allocation Rate)
[2026-06-18T16:37:16.117+0800][33.766s][info][gc,phases   ] GC(317) Pause Mark Start 0.445ms
[2026-06-18T16:37:16.121+0800][33.770s][info][gc,phases   ] GC(317) Concurrent Mark 2.247ms
[2026-06-18T16:37:16.125+0800][33.774s][info][gc,phases   ] GC(317) Pause Mark End 0.607ms
[2026-06-18T16:37:16.126+0800][33.775s][info][gc,phases   ] GC(317) Concurrent Process Non-Strong References 0.172ms
[2026-06-18T16:37:16.128+0800][33.777s][info][gc,phases   ] GC(317) Concurrent Reset Relocation Set 0.006ms
[2026-06-18T16:37:16.128+0800][33.778s][info][gc,phases   ] GC(317) Concurrent Destroy Detached Pages 0.002ms
[2026-06-18T16:37:16.130+0800][33.779s][info][gc,phases   ] GC(317) Concurrent Select Relocation Set 0.741ms
[2026-06-18T16:37:16.131+0800][33.780s][info][gc,phases   ] GC(317) Concurrent Prepare Relocation Set 0.004ms
[2026-06-18T16:37:16.132+0800][33.781s][info][gc,phases   ] GC(317) Pause Relocate Start 0.186ms
[2026-06-18T16:37:16.132+0800][33.782s][info][gc,phases   ] GC(317) Concurrent Relocate 0.229ms
[2026-06-18T16:37:16.133+0800][33.782s][info][gc,load     ] GC(317) Load: 0.61/0.40/0.25
[2026-06-18T16:37:16.133+0800][33.782s][info][gc,mmu      ] GC(317) MMU: 2ms/39.9%, 5ms/76.0%, 10ms/83.7%, 20ms/90.0%, 50ms/96.0%, 100ms/97.1%
[2026-06-18T16:37:16.133+0800][33.783s][info][gc,marking  ] GC(317) Mark: 2 stripe(s), 2 proactive flush(es), 1 terminate flush(es), 0 completion(s), 0 continuation(s) 
[2026-06-18T16:37:16.134+0800][33.783s][info][gc,reloc    ] GC(317) Relocation: Successful, 23M relocated
[2026-06-18T16:37:16.134+0800][33.784s][info][gc,nmethod  ] GC(317) NMethods: 23 registered, 0 unregistered
[2026-06-18T16:37:16.135+0800][33.784s][info][gc,metaspace] GC(317) Metaspace: 3M used, 4M capacity, 4M committed, 8M reserved
[2026-06-18T16:37:16.135+0800][33.784s][info][gc,ref      ] GC(317) Soft: 43 encountered, 0 discovered, 0 enqueued
[2026-06-18T16:37:16.135+0800][33.785s][info][gc,ref      ] GC(317) Weak: 7 encountered, 0 discovered, 0 enqueued
[2026-06-18T16:37:16.135+0800][33.785s][info][gc,ref      ] GC(317) Final: 0 encountered, 0 discovered, 0 enqueued
[2026-06-18T16:37:16.136+0800][33.785s][info][gc,ref      ] GC(317) Phantom: 1 encountered, 1 discovered, 0 enqueued
[2026-06-18T16:37:16.136+0800][33.785s][info][gc,heap     ] GC(317)                Mark Start          Mark End        Relocate Start      Relocate End           High               Low         
[2026-06-18T16:37:16.136+0800][33.786s][info][gc,heap     ] GC(317)  Capacity:      256M (100%)        256M (100%)        256M (100%)        256M (100%)        256M (100%)        256M (100%)   
[2026-06-18T16:37:16.137+0800][33.786s][info][gc,heap     ] GC(317)   Reserve:       62M (24%)          62M (24%)          62M (24%)          62M (24%)          62M (24%)          62M (24%)    
[2026-06-18T16:37:16.137+0800][33.786s][info][gc,heap     ] GC(317)      Free:      114M (45%)         110M (43%)          98M (38%)         108M (42%)         132M (52%)          94M (37%)    
[2026-06-18T16:37:16.137+0800][33.786s][info][gc,heap     ] GC(317)      Used:       80M (31%)          84M (33%)          96M (38%)          86M (34%)         100M (39%)          62M (24%)    
[2026-06-18T16:37:16.138+0800][33.787s][info][gc,heap     ] GC(317)      Live:         -                27M (11%)          27M (11%)          27M (11%)            -                  -          
[2026-06-18T16:37:16.138+0800][33.787s][info][gc,heap     ] GC(317) Allocated:         -                 4M (2%)           42M (16%)          48M (19%)            -                  -          
[2026-06-18T16:37:16.138+0800][33.787s][info][gc,heap     ] GC(317)   Garbage:         -                52M (21%)          26M (10%)          16M (7%)             -                  -          
[2026-06-18T16:37:16.138+0800][33.788s][info][gc,heap     ] GC(317) Reclaimed:         -                  -                26M (10%)          36M (14%)            -                  -          
[2026-06-18T16:37:16.138+0800][33.788s][info][gc          ] GC(317) Garbage Collection (Allocation Rate) 80M(31%)->86M(34%)
[2026-06-18T16:37:16.214+0800][33.863s][info][gc,start    ] GC(318) Garbage Collection (Allocation Rate)
[2026-06-18T16:37:16.218+0800][33.867s][info][gc,phases   ] GC(318) Pause Mark Start 0.525ms
[2026-06-18T16:37:16.222+0800][33.871s][info][gc,phases   ] GC(318) Concurrent Mark 2.129ms
[2026-06-18T16:37:16.225+0800][33.874s][info][gc,phases   ] GC(318) Pause Mark End 0.737ms
[2026-06-18T16:37:16.226+0800][33.875s][info][gc,phases   ] GC(318) Concurrent Process Non-Strong References 0.205ms
[2026-06-18T16:37:16.229+0800][33.879s][info][gc,phases   ] GC(318) Concurrent Reset Relocation Set 0.006ms
[2026-06-18T16:37:16.234+0800][33.883s][info][gc,phases   ] GC(318) Concurrent Destroy Detached Pages 0.004ms
[2026-06-18T16:37:16.244+0800][33.893s][info][gc,phases   ] GC(318) Concurrent Select Relocation Set 1.717ms
[2026-06-18T16:37:16.248+0800][33.898s][info][gc,phases   ] GC(318) Concurrent Prepare Relocation Set 0.024ms
[2026-06-18T16:37:16.250+0800][33.900s][info][gc,phases   ] GC(318) Pause Relocate Start 0.354ms
[2026-06-18T16:37:16.254+0800][33.903s][info][gc,phases   ] GC(318) Concurrent Relocate 1.981ms
[2026-06-18T16:37:16.255+0800][33.904s][info][gc,load     ] GC(318) Load: 0.61/0.40/0.25
[2026-06-18T16:37:16.256+0800][33.905s][info][gc,mmu      ] GC(318) MMU: 2ms/39.9%, 5ms/76.0%, 10ms/83.7%, 20ms/90.0%, 50ms/96.0%, 100ms/97.1%
[2026-06-18T16:37:16.257+0800][33.906s][info][gc,marking  ] GC(318) Mark: 2 stripe(s), 1 proactive flush(es), 1 terminate flush(es), 0 completion(s), 0 continuation(s) 
[2026-06-18T16:37:16.258+0800][33.907s][info][gc,reloc    ] GC(318) Relocation: Successful, 23M relocated
[2026-06-18T16:37:16.258+0800][33.907s][info][gc,nmethod  ] GC(318) NMethods: 23 registered, 0 unregistered
[2026-06-18T16:37:16.259+0800][33.908s][info][gc,metaspace] GC(318) Metaspace: 3M used, 4M capacity, 4M committed, 8M reserved
[2026-06-18T16:37:16.259+0800][33.909s][info][gc,ref      ] GC(318) Soft: 43 encountered, 0 discovered, 0 enqueued
[2026-06-18T16:37:16.260+0800][33.909s][info][gc,ref      ] GC(318) Weak: 7 encountered, 0 discovered, 0 enqueued
[2026-06-18T16:37:16.260+0800][33.909s][info][gc,ref      ] GC(318) Final: 0 encountered, 0 discovered, 0 enqueued
[2026-06-18T16:37:16.260+0800][33.910s][info][gc,ref      ] GC(318) Phantom: 1 encountered, 1 discovered, 0 enqueued
[2026-06-18T16:37:16.261+0800][33.910s][info][gc,heap     ] GC(318)                Mark Start          Mark End        Relocate Start      Relocate End           High               Low         
[2026-06-18T16:37:16.261+0800][33.910s][info][gc,heap     ] GC(318)  Capacity:      256M (100%)        256M (100%)        256M (100%)        256M (100%)        256M (100%)        256M (100%)   
[2026-06-18T16:37:16.261+0800][33.911s][info][gc,heap     ] GC(318)   Reserve:       62M (24%)          62M (24%)          62M (24%)          62M (24%)          62M (24%)          62M (24%)    
[2026-06-18T16:37:16.262+0800][33.911s][info][gc,heap     ] GC(318)      Free:       78M (30%)          78M (30%)          66M (26%)         138M (54%)         138M (54%)          38M (15%)    
[2026-06-18T16:37:16.262+0800][33.912s][info][gc,heap     ] GC(318)      Used:      116M (45%)         116M (45%)         128M (50%)          56M (22%)         156M (61%)          56M (22%)    
[2026-06-18T16:37:16.263+0800][33.912s][info][gc,heap     ] GC(318)      Live:         -                24M (10%)          24M (10%)          24M (10%)            -                  -          
[2026-06-18T16:37:16.263+0800][33.912s][info][gc,heap     ] GC(318) Allocated:         -                 0M (0%)           44M (17%)          52M (20%)            -                  -          
[2026-06-18T16:37:16.263+0800][33.912s][info][gc,heap     ] GC(318)   Garbage:         -                91M (36%)          59M (23%)    17592186044403M (6         -                  -          
[2026-06-18T16:37:16.263+0800][33.913s][info][gc,heap     ] GC(318) Reclaimed:         -                  -                32M (12%)         104M (41%)            -                  -          
[2026-06-18T16:37:16.264+0800][33.913s][info][gc          ] GC(318) Garbage Collection (Allocation Rate) 116M(45%)->56M(22%)
[2026-06-18T16:37:16.313+0800][33.962s][info][gc,start    ] GC(319) Garbage Collection (Allocation Rate)
[2026-06-18T16:37:16.316+0800][33.965s][info][gc,phases   ] GC(319) Pause Mark Start 0.470ms
[2026-06-18T16:37:16.320+0800][33.969s][info][gc,phases   ] GC(319) Concurrent Mark 2.264ms
[2026-06-18T16:37:16.324+0800][33.974s][info][gc,phases   ] GC(319) Pause Mark End 0.726ms
[2026-06-18T16:37:16.329+0800][33.979s][info][gc,phases   ] GC(319) Concurrent Process Non-Strong References 0.192ms
[2026-06-18T16:37:16.333+0800][33.982s][info][gc,phases   ] GC(319) Concurrent Reset Relocation Set 0.008ms
[2026-06-18T16:37:16.339+0800][33.988s][info][gc,phases   ] GC(319) Concurrent Destroy Detached Pages 0.002ms
[2026-06-18T16:37:16.344+0800][33.993s][info][gc,phases   ] GC(319) Concurrent Select Relocation Set 1.547ms
[2026-06-18T16:37:16.345+0800][33.994s][info][gc,phases   ] GC(319) Concurrent Prepare Relocation Set 0.007ms
[2026-06-18T16:37:16.347+0800][33.996s][info][gc,phases   ] GC(319) Pause Relocate Start 0.309ms
[2026-06-18T16:37:16.349+0800][33.998s][info][gc,phases   ] GC(319) Concurrent Relocate 0.297ms
[2026-06-18T16:37:16.349+0800][33.999s][info][gc,load     ] GC(319) Load: 0.61/0.40/0.25
[2026-06-18T16:37:16.350+0800][33.999s][info][gc,mmu      ] GC(319) MMU: 2ms/39.9%, 5ms/76.0%, 10ms/83.7%, 20ms/90.0%, 50ms/96.0%, 100ms/97.1%
[2026-06-18T16:37:16.351+0800][34.000s][info][gc,marking  ] GC(319) Mark: 2 stripe(s), 1 proactive flush(es), 1 terminate flush(es), 0 completion(s), 0 continuation(s) 
[2026-06-18T16:37:16.351+0800][34.000s][info][gc,reloc    ] GC(319) Relocation: Successful, 21M relocated
[2026-06-18T16:37:16.352+0800][34.001s][info][gc,nmethod  ] GC(319) NMethods: 24 registered, 0 unregistered
[2026-06-18T16:37:16.352+0800][34.001s][info][gc,metaspace] GC(319) Metaspace: 3M used, 4M capacity, 4M committed, 8M reserved
[2026-06-18T16:37:16.352+0800][34.002s][info][gc,ref      ] GC(319) Soft: 43 encountered, 0 discovered, 0 enqueued
[2026-06-18T16:37:16.353+0800][34.002s][info][gc,ref      ] GC(319) Weak: 7 encountered, 0 discovered, 0 enqueued
[2026-06-18T16:37:16.353+0800][34.003s][info][gc,ref      ] GC(319) Final: 0 encountered, 0 discovered, 0 enqueued
[2026-06-18T16:37:16.354+0800][34.003s][info][gc,ref      ] GC(319) Phantom: 1 encountered, 1 discovered, 0 enqueued
[2026-06-18T16:37:16.354+0800][34.003s][info][gc,heap     ] GC(319)                Mark Start          Mark End        Relocate Start      Relocate End           High               Low         
[2026-06-18T16:37:16.354+0800][34.004s][info][gc,heap     ] GC(319)  Capacity:      256M (100%)        256M (100%)        256M (100%)        256M (100%)        256M (100%)        256M (100%)   
[2026-06-18T16:37:16.355+0800][34.004s][info][gc,heap     ] GC(319)   Reserve:       62M (24%)          62M (24%)          62M (24%)          62M (24%)          62M (24%)          62M (24%)    
[2026-06-18T16:37:16.355+0800][34.004s][info][gc,heap     ] GC(319)      Free:      116M (45%)          78M (30%)          96M (38%)         110M (43%)         116M (45%)          74M (29%)    
[2026-06-18T16:37:16.355+0800][34.005s][info][gc,heap     ] GC(319)      Used:       78M (30%)         116M (45%)          98M (38%)          84M (33%)         120M (47%)          78M (30%)    
[2026-06-18T16:37:16.356+0800][34.005s][info][gc,heap     ] GC(319)      Live:         -                21M (8%)           21M (8%)           21M (8%)             -                  -          
[2026-06-18T16:37:16.356+0800][34.005s][info][gc,heap     ] GC(319) Allocated:         -                38M (15%)          44M (17%)          50M (20%)            -                  -          
[2026-06-18T16:37:16.356+0800][34.006s][info][gc,heap     ] GC(319)   Garbage:         -                56M (22%)          32M (13%)          18M (7%)             -                  -          
[2026-06-18T16:37:16.357+0800][34.006s][info][gc,heap     ] GC(319) Reclaimed:         -                  -                24M (9%)           38M (15%)            -                  -          
[2026-06-18T16:37:16.357+0800][34.006s][info][gc          ] GC(319) Garbage Collection (Allocation Rate) 78M(30%)->84M(33%)
[2026-06-18T16:37:16.414+0800][34.063s][info][gc,start    ] GC(320) Garbage Collection (Allocation Rate)
[2026-06-18T16:37:16.417+0800][34.067s][info][gc,phases   ] GC(320) Pause Mark Start 0.493ms
[2026-06-18T16:37:16.423+0800][34.072s][info][gc,phases   ] GC(320) Concurrent Mark 1.919ms
[2026-06-18T16:37:16.425+0800][34.074s][info][gc,phases   ] GC(320) Pause Mark End 0.787ms
[2026-06-18T16:37:16.427+0800][34.077s][info][gc,phases   ] GC(320) Concurrent Process Non-Strong References 0.390ms
[2026-06-18T16:37:16.428+0800][34.078s][info][gc,phases   ] GC(320) Concurrent Reset Relocation Set 0.005ms
[2026-06-18T16:37:16.430+0800][34.079s][info][gc,phases   ] GC(320) Concurrent Destroy Detached Pages 0.002ms
[2026-06-18T16:37:16.432+0800][34.081s][info][gc,phases   ] GC(320) Concurrent Select Relocation Set 1.065ms
[2026-06-18T16:37:16.433+0800][34.082s][info][gc,phases   ] GC(320) Concurrent Prepare Relocation Set 0.013ms
[2026-06-18T16:37:16.434+0800][34.083s][info][gc,phases   ] GC(320) Pause Relocate Start 0.278ms
[2026-06-18T16:37:16.437+0800][34.086s][info][gc,phases   ] GC(320) Concurrent Relocate 2.264ms
[2026-06-18T16:37:16.438+0800][34.087s][info][gc,load     ] GC(320) Load: 0.61/0.40/0.25
[2026-06-18T16:37:16.438+0800][34.087s][info][gc,mmu      ] GC(320) MMU: 2ms/39.9%, 5ms/76.0%, 10ms/83.7%, 20ms/90.0%, 50ms/96.0%, 100ms/97.1%
[2026-06-18T16:37:16.439+0800][34.088s][info][gc,marking  ] GC(320) Mark: 2 stripe(s), 2 proactive flush(es), 1 terminate flush(es), 0 completion(s), 0 continuation(s) 
[2026-06-18T16:37:16.439+0800][34.089s][info][gc,reloc    ] GC(320) Relocation: Successful, 29M relocated
[2026-06-18T16:37:16.440+0800][34.089s][info][gc,nmethod  ] GC(320) NMethods: 24 registered, 0 unregistered
[2026-06-18T16:37:16.440+0800][34.089s][info][gc,metaspace] GC(320) Metaspace: 3M used, 4M capacity, 4M committed, 8M reserved
[2026-06-18T16:37:16.441+0800][34.090s][info][gc,ref      ] GC(320) Soft: 43 encountered, 0 discovered, 0 enqueued
[2026-06-18T16:37:16.441+0800][34.090s][info][gc,ref      ] GC(320) Weak: 7 encountered, 2 discovered, 0 enqueued
[2026-06-18T16:37:16.441+0800][34.090s][info][gc,ref      ] GC(320) Final: 0 encountered, 0 discovered, 0 enqueued
[2026-06-18T16:37:16.441+0800][34.091s][info][gc,ref      ] GC(320) Phantom: 1 encountered, 1 discovered, 0 enqueued
[2026-06-18T16:37:16.442+0800][34.091s][info][gc,heap     ] GC(320)                Mark Start          Mark End        Relocate Start      Relocate End           High               Low         
[2026-06-18T16:37:16.442+0800][34.091s][info][gc,heap     ] GC(320)  Capacity:      256M (100%)        256M (100%)        256M (100%)        256M (100%)        256M (100%)        256M (100%)   
[2026-06-18T16:37:16.442+0800][34.091s][info][gc,heap     ] GC(320)   Reserve:       62M (24%)          62M (24%)          62M (24%)          62M (24%)          62M (24%)          62M (24%)    
[2026-06-18T16:37:16.442+0800][34.092s][info][gc,heap     ] GC(320)      Free:       84M (33%)          48M (19%)          66M (26%)         144M (56%)         144M (56%)          48M (19%)    
[2026-06-18T16:37:16.443+0800][34.092s][info][gc,heap     ] GC(320)      Used:      110M (43%)         146M (57%)         128M (50%)          50M (20%)         146M (57%)          50M (20%)    
[2026-06-18T16:37:16.443+0800][34.092s][info][gc,heap     ] GC(320)      Live:         -                29M (12%)          29M (12%)          29M (12%)            -                  -          
[2026-06-18T16:37:16.443+0800][34.093s][info][gc,heap     ] GC(320) Allocated:         -                36M (14%)          40M (16%)          48M (19%)            -                  -          
[2026-06-18T16:37:16.444+0800][34.093s][info][gc,heap     ] GC(320)   Garbage:         -                80M (31%)          58M (23%)    17592186044396M (6         -                  -          
[2026-06-18T16:37:16.444+0800][34.093s][info][gc,heap     ] GC(320) Reclaimed:         -                  -                22M (9%)          100M (39%)            -                  -          
[2026-06-18T16:37:16.444+0800][34.093s][info][gc          ] GC(320) Garbage Collection (Allocation Rate) 110M(43%)->50M(20%)
[2026-06-18T16:37:16.514+0800][34.163s][info][gc,start    ] GC(321) Garbage Collection (Allocation Rate)
[2026-06-18T16:37:16.517+0800][34.166s][info][gc,phases   ] GC(321) Pause Mark Start 0.413ms
[2026-06-18T16:37:16.521+0800][34.171s][info][gc,phases   ] GC(321) Concurrent Mark 2.231ms
[2026-06-18T16:37:16.524+0800][34.173s][info][gc,phases   ] GC(321) Pause Mark End 0.738ms
[2026-06-18T16:37:16.526+0800][34.175s][info][gc,phases   ] GC(321) Concurrent Process Non-Strong References 0.275ms
[2026-06-18T16:37:16.527+0800][34.177s][info][gc,phases   ] GC(321) Concurrent Reset Relocation Set 0.005ms
[2026-06-18T16:37:16.528+0800][34.177s][info][gc,phases   ] GC(321) Concurrent Destroy Detached Pages 0.001ms
[2026-06-18T16:37:16.530+0800][34.179s][info][gc,phases   ] GC(321) Concurrent Select Relocation Set 1.067ms
[2026-06-18T16:37:16.530+0800][34.180s][info][gc,phases   ] GC(321) Concurrent Prepare Relocation Set 0.010ms
[2026-06-18T16:37:16.531+0800][34.181s][info][gc,phases   ] GC(321) Pause Relocate Start 0.216ms
[2026-06-18T16:37:16.533+0800][34.182s][info][gc,phases   ] GC(321) Concurrent Relocate 0.630ms
[2026-06-18T16:37:16.533+0800][34.183s][info][gc,load     ] GC(321) Load: 0.61/0.40/0.25
[2026-06-18T16:37:16.534+0800][34.183s][info][gc,mmu      ] GC(321) MMU: 2ms/39.9%, 5ms/76.0%, 10ms/83.7%, 20ms/90.0%, 50ms/96.0%, 100ms/97.1%
[2026-06-18T16:37:16.535+0800][34.184s][info][gc,marking  ] GC(321) Mark: 2 stripe(s), 2 proactive flush(es), 1 terminate flush(es), 0 completion(s), 0 continuation(s) 
[2026-06-18T16:37:16.535+0800][34.185s][info][gc,reloc    ] GC(321) Relocation: Successful, 22M relocated
[2026-06-18T16:37:16.536+0800][34.185s][info][gc,nmethod  ] GC(321) NMethods: 24 registered, 0 unregistered
[2026-06-18T16:37:16.536+0800][34.185s][info][gc,metaspace] GC(321) Metaspace: 3M used, 4M capacity, 4M committed, 8M reserved
[2026-06-18T16:37:16.537+0800][34.186s][info][gc,ref      ] GC(321) Soft: 43 encountered, 0 discovered, 0 enqueued
[2026-06-18T16:37:16.537+0800][34.186s][info][gc,ref      ] GC(321) Weak: 7 encountered, 2 discovered, 0 enqueued
[2026-06-18T16:37:16.537+0800][34.187s][info][gc,ref      ] GC(321) Final: 0 encountered, 0 discovered, 0 enqueued
[2026-06-18T16:37:16.538+0800][34.187s][info][gc,ref      ] GC(321) Phantom: 1 encountered, 1 discovered, 0 enqueued
[2026-06-18T16:37:16.538+0800][34.187s][info][gc,heap     ] GC(321)                Mark Start          Mark End        Relocate Start      Relocate End           High               Low         
[2026-06-18T16:37:16.538+0800][34.188s][info][gc,heap     ] GC(321)  Capacity:      256M (100%)        256M (100%)        256M (100%)        256M (100%)        256M (100%)        256M (100%)   
[2026-06-18T16:37:16.539+0800][34.188s][info][gc,heap     ] GC(321)   Reserve:       62M (24%)          62M (24%)          62M (24%)          62M (24%)          62M (24%)          62M (24%)    
[2026-06-18T16:37:16.539+0800][34.188s][info][gc,heap     ] GC(321)      Free:      118M (46%)          80M (31%)         104M (41%)         110M (43%)         118M (46%)          80M (31%)    
[2026-06-18T16:37:16.539+0800][34.188s][info][gc,heap     ] GC(321)      Used:       76M (30%)         114M (45%)          90M (35%)          84M (33%)         114M (45%)          76M (30%)    
[2026-06-18T16:37:16.539+0800][34.189s][info][gc,heap     ] GC(321)      Live:         -                24M (9%)           24M (9%)           24M (9%)             -                  -          
[2026-06-18T16:37:16.540+0800][34.189s][info][gc,heap     ] GC(321) Allocated:         -                38M (15%)          40M (16%)          46M (18%)            -                  -          
[2026-06-18T16:37:16.540+0800][34.189s][info][gc,heap     ] GC(321)   Garbage:         -                51M (20%)          25M (10%)          19M (8%)             -                  -          
[2026-06-18T16:37:16.540+0800][34.189s][info][gc,heap     ] GC(321) Reclaimed:         -                  -                26M (10%)          32M (12%)            -                  -          
[2026-06-18T16:37:16.540+0800][34.190s][info][gc          ] GC(321) Garbage Collection (Allocation Rate) 76M(30%)->84M(33%)
[2026-06-18T16:37:16.613+0800][34.263s][info][gc,start    ] GC(322) Garbage Collection (Allocation Rate)
[2026-06-18T16:37:16.616+0800][34.266s][info][gc,phases   ] GC(322) Pause Mark Start 0.550ms
[2026-06-18T16:37:16.620+0800][34.270s][info][gc,phases   ] GC(322) Concurrent Mark 2.155ms
[2026-06-18T16:37:16.624+0800][34.274s][info][gc,phases   ] GC(322) Pause Mark End 0.650ms
[2026-06-18T16:37:16.627+0800][34.276s][info][gc,phases   ] GC(322) Concurrent Process Non-Strong References 0.284ms
[2026-06-18T16:37:16.629+0800][34.278s][info][gc,phases   ] GC(322) Concurrent Reset Relocation Set 0.005ms
[2026-06-18T16:37:16.631+0800][34.280s][info][gc,phases   ] GC(322) Concurrent Destroy Detached Pages 0.001ms
[2026-06-18T16:37:16.634+0800][34.283s][info][gc,phases   ] GC(322) Concurrent Select Relocation Set 1.148ms
[2026-06-18T16:37:16.635+0800][34.284s][info][gc,phases   ] GC(322) Concurrent Prepare Relocation Set 0.022ms
[2026-06-18T16:37:16.637+0800][34.286s][info][gc,phases   ] GC(322) Pause Relocate Start 0.248ms
[2026-06-18T16:37:16.640+0800][34.290s][info][gc,phases   ] GC(322) Concurrent Relocate 2.019ms
[2026-06-18T16:37:16.642+0800][34.291s][info][gc,load     ] GC(322) Load: 0.61/0.40/0.25
[2026-06-18T16:37:16.643+0800][34.293s][info][gc,mmu      ] GC(322) MMU: 2ms/39.9%, 5ms/76.0%, 10ms/83.7%, 20ms/90.0%, 50ms/96.0%, 100ms/97.1%
[2026-06-18T16:37:16.644+0800][34.294s][info][gc,marking  ] GC(322) Mark: 2 stripe(s), 1 proactive flush(es), 1 terminate flush(es), 0 completion(s), 0 continuation(s) 
[2026-06-18T16:37:16.645+0800][34.294s][info][gc,reloc    ] GC(322) Relocation: Successful, 23M relocated
[2026-06-18T16:37:16.646+0800][34.295s][info][gc,nmethod  ] GC(322) NMethods: 24 registered, 0 unregistered
[2026-06-18T16:37:16.646+0800][34.296s][info][gc,metaspace] GC(322) Metaspace: 3M used, 4M capacity, 4M committed, 8M reserved
[2026-06-18T16:37:16.647+0800][34.296s][info][gc,ref      ] GC(322) Soft: 43 encountered, 0 discovered, 0 enqueued
[2026-06-18T16:37:16.647+0800][34.297s][info][gc,ref      ] GC(322) Weak: 7 encountered, 2 discovered, 0 enqueued
[2026-06-18T16:37:16.648+0800][34.297s][info][gc,ref      ] GC(322) Final: 0 encountered, 0 discovered, 0 enqueued
[2026-06-18T16:37:16.648+0800][34.298s][info][gc,ref      ] GC(322) Phantom: 1 encountered, 1 discovered, 0 enqueued
[2026-06-18T16:37:16.649+0800][34.298s][info][gc,heap     ] GC(322)                Mark Start          Mark End        Relocate Start      Relocate End           High               Low         
[2026-06-18T16:37:16.650+0800][34.299s][info][gc,heap     ] GC(322)  Capacity:      256M (100%)        256M (100%)        256M (100%)        256M (100%)        256M (100%)        256M (100%)   
[2026-06-18T16:37:16.650+0800][34.299s][info][gc,heap     ] GC(322)   Reserve:       62M (24%)          62M (24%)          62M (24%)          62M (24%)          62M (24%)          62M (24%)    
[2026-06-18T16:37:16.650+0800][34.299s][info][gc,heap     ] GC(322)      Free:       80M (31%)          80M (31%)         106M (41%)         146M (57%)         146M (57%)          66M (26%)    
[2026-06-18T16:37:16.651+0800][34.300s][info][gc,heap     ] GC(322)      Used:      114M (45%)         114M (45%)          88M (34%)          48M (19%)         128M (50%)          48M (19%)    
[2026-06-18T16:37:16.651+0800][34.300s][info][gc,heap     ] GC(322)      Live:         -                23M (9%)           23M (9%)           23M (9%)             -                  -          
[2026-06-18T16:37:16.652+0800][34.301s][info][gc,heap     ] GC(322) Allocated:         -                 0M (0%)            4M (2%)           48M (19%)            -                  -          
[2026-06-18T16:37:16.652+0800][34.301s][info][gc,heap     ] GC(322)   Garbage:         -                90M (35%)          60M (24%)          16M (6%)             -                  -          
[2026-06-18T16:37:16.652+0800][34.302s][info][gc,heap     ] GC(322) Reclaimed:         -                  -                30M (12%)          74M (29%)            -                  -          
[2026-06-18T16:37:16.653+0800][34.302s][info][gc          ] GC(322) Garbage Collection (Allocation Rate) 114M(45%)->48M(19%)
[2026-06-18T16:37:16.713+0800][34.363s][info][gc,start    ] GC(323) Garbage Collection (Allocation Rate)
[2026-06-18T16:37:16.715+0800][34.364s][info][gc,phases   ] GC(323) Pause Mark Start 0.200ms
[2026-06-18T16:37:16.721+0800][34.370s][info][gc,phases   ] GC(323) Concurrent Mark 1.453ms
[2026-06-18T16:37:16.722+0800][34.371s][info][gc,phases   ] GC(323) Pause Mark End 0.248ms
[2026-06-18T16:37:16.722+0800][34.371s][info][gc,phases   ] GC(323) Concurrent Process Non-Strong References 0.083ms
[2026-06-18T16:37:16.722+0800][34.372s][info][gc,phases   ] GC(323) Concurrent Reset Relocation Set 0.002ms
[2026-06-18T16:37:16.723+0800][34.372s][info][gc,phases   ] GC(323) Concurrent Destroy Detached Pages 0.000ms
[2026-06-18T16:37:16.723+0800][34.373s][info][gc,phases   ] GC(323) Concurrent Select Relocation Set 0.451ms
[2026-06-18T16:37:16.724+0800][34.373s][info][gc,phases   ] GC(323) Concurrent Prepare Relocation Set 0.002ms
[2026-06-18T16:37:16.724+0800][34.374s][info][gc,phases   ] GC(323) Pause Relocate Start 0.144ms
[2026-06-18T16:37:16.725+0800][34.374s][info][gc,phases   ] GC(323) Concurrent Relocate 0.222ms
[2026-06-18T16:37:16.725+0800][34.374s][info][gc,load     ] GC(323) Load: 0.61/0.40/0.25
[2026-06-18T16:37:16.725+0800][34.375s][info][gc,mmu      ] GC(323) MMU: 2ms/39.9%, 5ms/76.0%, 10ms/83.7%, 20ms/90.0%, 50ms/96.0%, 100ms/97.1%
[2026-06-18T16:37:16.726+0800][34.375s][info][gc,marking  ] GC(323) Mark: 2 stripe(s), 1 proactive flush(es), 1 terminate flush(es), 0 completion(s), 0 continuation(s) 
[2026-06-18T16:37:16.726+0800][34.375s][info][gc,reloc    ] GC(323) Relocation: Successful, 26M relocated
[2026-06-18T16:37:16.726+0800][34.375s][info][gc,nmethod  ] GC(323) NMethods: 24 registered, 0 unregistered
[2026-06-18T16:37:16.726+0800][34.376s][info][gc,metaspace] GC(323) Metaspace: 3M used, 4M capacity, 4M committed, 8M reserved
[2026-06-18T16:37:16.727+0800][34.376s][info][gc,ref      ] GC(323) Soft: 43 encountered, 0 discovered, 0 enqueued
[2026-06-18T16:37:16.727+0800][34.376s][info][gc,ref      ] GC(323) Weak: 7 encountered, 2 discovered, 0 enqueued
[2026-06-18T16:37:16.727+0800][34.376s][info][gc,ref      ] GC(323) Final: 0 encountered, 0 discovered, 0 enqueued
[2026-06-18T16:37:16.727+0800][34.377s][info][gc,ref      ] GC(323) Phantom: 1 encountered, 1 discovered, 0 enqueued
[2026-06-18T16:37:16.728+0800][34.377s][info][gc,heap     ] GC(323)                Mark Start          Mark End        Relocate Start      Relocate End           High               Low         
[2026-06-18T16:37:16.728+0800][34.377s][info][gc,heap     ] GC(323)  Capacity:      256M (100%)        256M (100%)        256M (100%)        256M (100%)        256M (100%)        256M (100%)   
[2026-06-18T16:37:16.728+0800][34.377s][info][gc,heap     ] GC(323)   Reserve:       62M (24%)          62M (24%)          62M (24%)          62M (24%)          62M (24%)          62M (24%)    
[2026-06-18T16:37:16.728+0800][34.378s][info][gc,heap     ] GC(323)      Free:      118M (46%)         118M (46%)         140M (55%)         146M (57%)         146M (57%)         114M (45%)    
[2026-06-18T16:37:16.729+0800][34.378s][info][gc,heap     ] GC(323)      Used:       76M (30%)          76M (30%)          54M (21%)          48M (19%)          80M (31%)          48M (19%)    
[2026-06-18T16:37:16.729+0800][34.378s][info][gc,heap     ] GC(323)      Live:         -                30M (12%)          30M (12%)          30M (12%)            -                  -          
[2026-06-18T16:37:16.729+0800][34.378s][info][gc,heap     ] GC(323) Allocated:         -                 0M (0%)            4M (2%)           12M (5%)             -                  -          
[2026-06-18T16:37:16.729+0800][34.378s][info][gc,heap     ] GC(323)   Garbage:         -                45M (18%)          19M (8%)           13M (5%)             -                  -          
[2026-06-18T16:37:16.729+0800][34.379s][info][gc,heap     ] GC(323) Reclaimed:         -                  -                26M (10%)          32M (12%)            -                  -          
[2026-06-18T16:37:16.729+0800][34.379s][info][gc          ] GC(323) Garbage Collection (Allocation Rate) 76M(30%)->48M(19%)
[2026-06-18T16:37:16.814+0800][34.463s][info][gc,start    ] GC(324) Garbage Collection (Allocation Rate)
[2026-06-18T16:37:16.818+0800][34.467s][info][gc,phases   ] GC(324) Pause Mark Start 0.501ms
[2026-06-18T16:37:16.822+0800][34.471s][info][gc,phases   ] GC(324) Concurrent Mark 2.038ms
[2026-06-18T16:37:16.825+0800][34.474s][info][gc,phases   ] GC(324) Pause Mark End 0.656ms
[2026-06-18T16:37:16.826+0800][34.476s][info][gc,phases   ] GC(324) Concurrent Process Non-Strong References 0.386ms
[2026-06-18T16:37:16.827+0800][34.477s][info][gc,phases   ] GC(324) Concurrent Reset Relocation Set 0.003ms
[2026-06-18T16:37:16.828+0800][34.478s][info][gc,phases   ] GC(324) Concurrent Destroy Detached Pages 0.001ms
[2026-06-18T16:37:16.830+0800][34.479s][info][gc,phases   ] GC(324) Concurrent Select Relocation Set 0.868ms
[2026-06-18T16:37:16.830+0800][34.480s][info][gc,phases   ] GC(324) Concurrent Prepare Relocation Set 0.012ms
[2026-06-18T16:37:16.831+0800][34.481s][info][gc,phases   ] GC(324) Pause Relocate Start 0.178ms
[2026-06-18T16:37:16.834+0800][34.483s][info][gc,phases   ] GC(324) Concurrent Relocate 1.908ms
[2026-06-18T16:37:16.835+0800][34.484s][info][gc,load     ] GC(324) Load: 0.61/0.40/0.25
[2026-06-18T16:37:16.835+0800][34.485s][info][gc,mmu      ] GC(324) MMU: 2ms/39.9%, 5ms/76.0%, 10ms/83.7%, 20ms/90.0%, 50ms/96.0%, 100ms/97.1%
[2026-06-18T16:37:16.836+0800][34.485s][info][gc,marking  ] GC(324) Mark: 2 stripe(s), 2 proactive flush(es), 1 terminate flush(es), 0 completion(s), 0 continuation(s) 
[2026-06-18T16:37:16.836+0800][34.485s][info][gc,reloc    ] GC(324) Relocation: Successful, 26M relocated
[2026-06-18T16:37:16.837+0800][34.486s][info][gc,nmethod  ] GC(324) NMethods: 24 registered, 0 unregistered
[2026-06-18T16:37:16.837+0800][34.486s][info][gc,metaspace] GC(324) Metaspace: 3M used, 4M capacity, 4M committed, 8M reserved
[2026-06-18T16:37:16.837+0800][34.487s][info][gc,ref      ] GC(324) Soft: 43 encountered, 0 discovered, 0 enqueued
[2026-06-18T16:37:16.838+0800][34.487s][info][gc,ref      ] GC(324) Weak: 7 encountered, 2 discovered, 0 enqueued
[2026-06-18T16:37:16.838+0800][34.487s][info][gc,ref      ] GC(324) Final: 0 encountered, 0 discovered, 0 enqueued
[2026-06-18T16:37:16.838+0800][34.488s][info][gc,ref      ] GC(324) Phantom: 1 encountered, 1 discovered, 0 enqueued
[2026-06-18T16:37:16.839+0800][34.488s][info][gc,heap     ] GC(324)                Mark Start          Mark End        Relocate Start      Relocate End           High               Low         
[2026-06-18T16:37:16.839+0800][34.488s][info][gc,heap     ] GC(324)  Capacity:      256M (100%)        256M (100%)        256M (100%)        256M (100%)        256M (100%)        256M (100%)   
[2026-06-18T16:37:16.839+0800][34.489s][info][gc,heap     ] GC(324)   Reserve:       62M (24%)          62M (24%)          62M (24%)          62M (24%)          62M (24%)          62M (24%)    
[2026-06-18T16:37:16.839+0800][34.489s][info][gc,heap     ] GC(324)      Free:       82M (32%)          78M (30%)         100M (39%)         146M (57%)         146M (57%)          62M (24%)    
[2026-06-18T16:37:16.840+0800][34.489s][info][gc,heap     ] GC(324)      Used:      112M (44%)         116M (45%)          94M (37%)          48M (19%)         132M (52%)          48M (19%)    
[2026-06-18T16:37:16.840+0800][34.489s][info][gc,heap     ] GC(324)      Live:         -                26M (10%)          26M (10%)          26M (10%)            -                  -          
[2026-06-18T16:37:16.840+0800][34.490s][info][gc,heap     ] GC(324) Allocated:         -                 4M (2%)            8M (3%)           48M (19%)            -                  -          
[2026-06-18T16:37:16.841+0800][34.490s][info][gc,heap     ] GC(324)   Garbage:         -                85M (33%)          59M (23%)          13M (5%)             -                  -          
[2026-06-18T16:37:16.841+0800][34.490s][info][gc,heap     ] GC(324) Reclaimed:         -                  -                26M (10%)          72M (28%)            -                  -          
[2026-06-18T16:37:16.841+0800][34.491s][info][gc          ] GC(324) Garbage Collection (Allocation Rate) 112M(44%)->48M(19%)
[2026-06-18T16:37:16.913+0800][34.563s][info][gc,start    ] GC(325) Garbage Collection (Allocation Rate)
[2026-06-18T16:37:16.917+0800][34.566s][info][gc,phases   ] GC(325) Pause Mark Start 0.567ms
[2026-06-18T16:37:16.920+0800][34.570s][info][gc,phases   ] GC(325) Concurrent Mark 2.373ms
[2026-06-18T16:37:16.923+0800][34.573s][info][gc,phases   ] GC(325) Pause Mark End 0.634ms
[2026-06-18T16:37:16.925+0800][34.574s][info][gc,phases   ] GC(325) Concurrent Process Non-Strong References 0.187ms
[2026-06-18T16:37:16.926+0800][34.575s][info][gc,phases   ] GC(325) Concurrent Reset Relocation Set 0.005ms
[2026-06-18T16:37:16.927+0800][34.576s][info][gc,phases   ] GC(325) Concurrent Destroy Detached Pages 0.001ms
[2026-06-18T16:37:16.929+0800][34.578s][info][gc,phases   ] GC(325) Concurrent Select Relocation Set 0.887ms
[2026-06-18T16:37:16.929+0800][34.579s][info][gc,phases   ] GC(325) Concurrent Prepare Relocation Set 0.003ms
[2026-06-18T16:37:16.930+0800][34.580s][info][gc,phases   ] GC(325) Pause Relocate Start 0.239ms
[2026-06-18T16:37:16.932+0800][34.581s][info][gc,phases   ] GC(325) Concurrent Relocate 0.264ms
[2026-06-18T16:37:16.932+0800][34.581s][info][gc,load     ] GC(325) Load: 0.61/0.40/0.25
[2026-06-18T16:37:16.933+0800][34.582s][info][gc,mmu      ] GC(325) MMU: 2ms/39.9%, 5ms/76.0%, 10ms/83.7%, 20ms/90.0%, 50ms/96.0%, 100ms/97.1%
[2026-06-18T16:37:16.933+0800][34.582s][info][gc,marking  ] GC(325) Mark: 2 stripe(s), 1 proactive flush(es), 1 terminate flush(es), 0 completion(s), 0 continuation(s) 
[2026-06-18T16:37:16.934+0800][34.583s][info][gc,reloc    ] GC(325) Relocation: Successful, 22M relocated
[2026-06-18T16:37:16.935+0800][34.584s][info][gc,nmethod  ] GC(325) NMethods: 24 registered, 0 unregistered
[2026-06-18T16:37:16.935+0800][34.584s][info][gc,metaspace] GC(325) Metaspace: 3M used, 4M capacity, 4M committed, 8M reserved
[2026-06-18T16:37:16.935+0800][34.585s][info][gc,ref      ] GC(325) Soft: 43 encountered, 0 discovered, 0 enqueued
[2026-06-18T16:37:16.936+0800][34.585s][info][gc,ref      ] GC(325) Weak: 7 encountered, 2 discovered, 0 enqueued
[2026-06-18T16:37:16.936+0800][34.586s][info][gc,ref      ] GC(325) Final: 0 encountered, 0 discovered, 0 enqueued
[2026-06-18T16:37:16.937+0800][34.586s][info][gc,ref      ] GC(325) Phantom: 1 encountered, 1 discovered, 0 enqueued
[2026-06-18T16:37:16.937+0800][34.586s][info][gc,heap     ] GC(325)                Mark Start          Mark End        Relocate Start      Relocate End           High               Low         
[2026-06-18T16:37:16.937+0800][34.587s][info][gc,heap     ] GC(325)  Capacity:      256M (100%)        256M (100%)        256M (100%)        256M (100%)        256M (100%)        256M (100%)   
[2026-06-18T16:37:16.938+0800][34.587s][info][gc,heap     ] GC(325)   Reserve:       62M (24%)          62M (24%)          62M (24%)          62M (24%)          62M (24%)          62M (24%)    
[2026-06-18T16:37:16.938+0800][34.587s][info][gc,heap     ] GC(325)      Free:      114M (45%)         114M (45%)         142M (55%)         148M (58%)         148M (58%)         110M (43%)    
[2026-06-18T16:37:16.939+0800][34.588s][info][gc,heap     ] GC(325)      Used:       80M (31%)          80M (31%)          52M (20%)          46M (18%)          84M (33%)          46M (18%)    
[2026-06-18T16:37:16.939+0800][34.588s][info][gc,heap     ] GC(325)      Live:         -                26M (10%)          26M (10%)          26M (10%)            -                  -          
[2026-06-18T16:37:16.939+0800][34.588s][info][gc,heap     ] GC(325) Allocated:         -                 0M (0%)            4M (2%)           10M (4%)             -                  -          
[2026-06-18T16:37:16.939+0800][34.589s][info][gc,heap     ] GC(325)   Garbage:         -                53M (21%)          21M (8%)           15M (6%)             -                  -          
[2026-06-18T16:37:16.940+0800][34.589s][info][gc,heap     ] GC(325) Reclaimed:         -                  -                32M (12%)          38M (15%)            -                  -          
[2026-06-18T16:37:16.940+0800][34.589s][info][gc          ] GC(325) Garbage Collection (Allocation Rate) 80M(31%)->46M(18%)
[2026-06-18T16:37:17.013+0800][34.663s][info][gc,start    ] GC(326) Garbage Collection (Allocation Rate)
[2026-06-18T16:37:17.016+0800][34.665s][info][gc,phases   ] GC(326) Pause Mark Start 0.418ms
[2026-06-18T16:37:17.019+0800][34.669s][info][gc,phases   ] GC(326) Concurrent Mark 1.934ms
[2026-06-18T16:37:17.022+0800][34.671s][info][gc,phases   ] GC(326) Pause Mark End 0.631ms
[2026-06-18T16:37:17.023+0800][34.673s][info][gc,phases   ] GC(326) Concurrent Process Non-Strong References 0.234ms
[2026-06-18T16:37:17.024+0800][34.673s][info][gc,phases   ] GC(326) Concurrent Reset Relocation Set 0.003ms
[2026-06-18T16:37:17.025+0800][34.674s][info][gc,phases   ] GC(326) Concurrent Destroy Detached Pages 0.001ms
[2026-06-18T16:37:17.026+0800][34.676s][info][gc,phases   ] GC(326) Concurrent Select Relocation Set 0.973ms
[2026-06-18T16:37:17.027+0800][34.676s][info][gc,phases   ] GC(326) Concurrent Prepare Relocation Set 0.003ms
[2026-06-18T16:37:17.028+0800][34.678s][info][gc,phases   ] GC(326) Pause Relocate Start 0.188ms
[2026-06-18T16:37:17.031+0800][34.680s][info][gc,phases   ] GC(326) Concurrent Relocate 1.554ms
[2026-06-18T16:37:17.031+0800][34.681s][info][gc,load     ] GC(326) Load: 0.61/0.40/0.25
[2026-06-18T16:37:17.032+0800][34.681s][info][gc,mmu      ] GC(326) MMU: 2ms/39.9%, 5ms/76.0%, 10ms/83.7%, 20ms/90.0%, 50ms/96.0%, 100ms/97.1%
[2026-06-18T16:37:17.032+0800][34.681s][info][gc,marking  ] GC(326) Mark: 2 stripe(s), 1 proactive flush(es), 1 terminate flush(es), 0 completion(s), 0 continuation(s) 
[2026-06-18T16:37:17.032+0800][34.682s][info][gc,reloc    ] GC(326) Relocation: Successful, 20M relocated
[2026-06-18T16:37:17.033+0800][34.682s][info][gc,nmethod  ] GC(326) NMethods: 24 registered, 0 unregistered
[2026-06-18T16:37:17.033+0800][34.682s][info][gc,metaspace] GC(326) Metaspace: 3M used, 4M capacity, 4M committed, 8M reserved
[2026-06-18T16:37:17.033+0800][34.683s][info][gc,ref      ] GC(326) Soft: 43 encountered, 0 discovered, 0 enqueued
[2026-06-18T16:37:17.034+0800][34.683s][info][gc,ref      ] GC(326) Weak: 7 encountered, 2 discovered, 0 enqueued
[2026-06-18T16:37:17.034+0800][34.683s][info][gc,ref      ] GC(326) Final: 0 encountered, 0 discovered, 0 enqueued
[2026-06-18T16:37:17.034+0800][34.684s][info][gc,ref      ] GC(326) Phantom: 1 encountered, 1 discovered, 0 enqueued
[2026-06-18T16:37:17.035+0800][34.684s][info][gc,heap     ] GC(326)                Mark Start          Mark End        Relocate Start      Relocate End           High               Low         
[2026-06-18T16:37:17.035+0800][34.684s][info][gc,heap     ] GC(326)  Capacity:      256M (100%)        256M (100%)        256M (100%)        256M (100%)        256M (100%)        256M (100%)   
[2026-06-18T16:37:17.035+0800][34.684s][info][gc,heap     ] GC(326)   Reserve:       62M (24%)          62M (24%)          62M (24%)          62M (24%)          62M (24%)          62M (24%)    
[2026-06-18T16:37:17.035+0800][34.685s][info][gc,heap     ] GC(326)      Free:       86M (34%)          82M (32%)         108M (42%)         142M (55%)         144M (56%)          70M (27%)    
[2026-06-18T16:37:17.036+0800][34.685s][info][gc,heap     ] GC(326)      Used:      108M (42%)         112M (44%)          86M (34%)          52M (20%)         124M (48%)          50M (20%)    
[2026-06-18T16:37:17.036+0800][34.685s][info][gc,heap     ] GC(326)      Live:         -                22M (9%)           22M (9%)           22M (9%)             -                  -          
[2026-06-18T16:37:17.036+0800][34.686s][info][gc,heap     ] GC(326) Allocated:         -                 4M (2%)            4M (2%)           48M (19%)            -                  -          
[2026-06-18T16:37:17.036+0800][34.686s][info][gc,heap     ] GC(326)   Garbage:         -                85M (33%)          59M (23%)          21M (8%)             -                  -          
[2026-06-18T16:37:17.037+0800][34.686s][info][gc,heap     ] GC(326) Reclaimed:         -                  -                26M (10%)          64M (25%)            -                  -          
[2026-06-18T16:37:17.037+0800][34.686s][info][gc          ] GC(326) Garbage Collection (Allocation Rate) 108M(42%)->52M(20%)
[2026-06-18T16:37:17.114+0800][34.763s][info][gc,start    ] GC(327) Garbage Collection (Allocation Rate)
[2026-06-18T16:37:17.115+0800][34.765s][info][gc,phases   ] GC(327) Pause Mark Start 0.244ms
[2026-06-18T16:37:17.119+0800][34.768s][info][gc,phases   ] GC(327) Concurrent Mark 1.515ms
[2026-06-18T16:37:17.120+0800][34.769s][info][gc,phases   ] GC(327) Pause Mark End 0.408ms
[2026-06-18T16:37:17.121+0800][34.770s][info][gc,phases   ] GC(327) Concurrent Process Non-Strong References 0.082ms
[2026-06-18T16:37:17.121+0800][34.771s][info][gc,phases   ] GC(327) Concurrent Reset Relocation Set 0.003ms
[2026-06-18T16:37:17.122+0800][34.771s][info][gc,phases   ] GC(327) Concurrent Destroy Detached Pages 0.002ms
[2026-06-18T16:37:17.124+0800][34.773s][info][gc,phases   ] GC(327) Concurrent Select Relocation Set 0.683ms
[2026-06-18T16:37:17.124+0800][34.773s][info][gc,phases   ] GC(327) Concurrent Prepare Relocation Set 0.010ms
[2026-06-18T16:37:17.125+0800][34.774s][info][gc,phases   ] GC(327) Pause Relocate Start 0.152ms
[2026-06-18T16:37:17.126+0800][34.775s][info][gc,phases   ] GC(327) Concurrent Relocate 0.431ms
[2026-06-18T16:37:17.127+0800][34.776s][info][gc,load     ] GC(327) Load: 0.61/0.40/0.25
[2026-06-18T16:37:17.127+0800][34.776s][info][gc,mmu      ] GC(327) MMU: 2ms/39.9%, 5ms/76.0%, 10ms/83.7%, 20ms/90.0%, 50ms/96.0%, 100ms/97.1%
[2026-06-18T16:37:17.127+0800][34.777s][info][gc,marking  ] GC(327) Mark: 2 stripe(s), 1 proactive flush(es), 1 terminate flush(es), 0 completion(s), 0 continuation(s) 
[2026-06-18T16:37:17.128+0800][34.777s][info][gc,reloc    ] GC(327) Relocation: Successful, 19M relocated
[2026-06-18T16:37:17.128+0800][34.777s][info][gc,nmethod  ] GC(327) NMethods: 24 registered, 0 unregistered
[2026-06-18T16:37:17.128+0800][34.778s][info][gc,metaspace] GC(327) Metaspace: 3M used, 4M capacity, 4M committed, 8M reserved
[2026-06-18T16:37:17.129+0800][34.778s][info][gc,ref      ] GC(327) Soft: 43 encountered, 0 discovered, 0 enqueued
[2026-06-18T16:37:17.130+0800][34.779s][info][gc,ref      ] GC(327) Weak: 7 encountered, 2 discovered, 0 enqueued
[2026-06-18T16:37:17.131+0800][34.780s][info][gc,ref      ] GC(327) Final: 0 encountered, 0 discovered, 0 enqueued
[2026-06-18T16:37:17.132+0800][34.781s][info][gc,ref      ] GC(327) Phantom: 1 encountered, 1 discovered, 0 enqueued
[2026-06-18T16:37:17.132+0800][34.781s][info][gc,heap     ] GC(327)                Mark Start          Mark End        Relocate Start      Relocate End           High               Low         
[2026-06-18T16:37:17.132+0800][34.782s][info][gc,heap     ] GC(327)  Capacity:      256M (100%)        256M (100%)        256M (100%)        256M (100%)        256M (100%)        256M (100%)   
[2026-06-18T16:37:17.133+0800][34.782s][info][gc,heap     ] GC(327)   Reserve:       62M (24%)          62M (24%)          62M (24%)          62M (24%)          62M (24%)          62M (24%)    
[2026-06-18T16:37:17.133+0800][34.782s][info][gc,heap     ] GC(327)      Free:      112M (44%)         112M (44%)         138M (54%)         116M (45%)         142M (55%)         108M (42%)    
[2026-06-18T16:37:17.133+0800][34.782s][info][gc,heap     ] GC(327)      Used:       82M (32%)          82M (32%)          56M (22%)          78M (30%)          86M (34%)          52M (20%)    
[2026-06-18T16:37:17.134+0800][34.783s][info][gc,heap     ] GC(327)      Live:         -                19M (8%)           19M (8%)           19M (8%)             -                  -          
[2026-06-18T16:37:17.134+0800][34.783s][info][gc,heap     ] GC(327) Allocated:         -                 0M (0%)            4M (2%)           46M (18%)            -                  -          
[2026-06-18T16:37:17.134+0800][34.784s][info][gc,heap     ] GC(327)   Garbage:         -                62M (24%)          32M (13%)          20M (8%)             -                  -          
[2026-06-18T16:37:17.135+0800][34.784s][info][gc,heap     ] GC(327) Reclaimed:         -                  -                30M (12%)          42M (16%)            -                  -          
[2026-06-18T16:37:17.135+0800][34.784s][info][gc          ] GC(327) Garbage Collection (Allocation Rate) 82M(32%)->78M(30%)
[2026-06-18T16:37:17.214+0800][34.863s][info][gc,start    ] GC(328) Garbage Collection (Allocation Rate)
[2026-06-18T16:37:17.217+0800][34.867s][info][gc,phases   ] GC(328) Pause Mark Start 0.657ms
[2026-06-18T16:37:17.221+0800][34.870s][info][gc,phases   ] GC(328) Concurrent Mark 2.104ms
[2026-06-18T16:37:17.223+0800][34.872s][info][gc,phases   ] GC(328) Pause Mark End 0.508ms
[2026-06-18T16:37:17.225+0800][34.874s][info][gc,phases   ] GC(328) Concurrent Process Non-Strong References 0.171ms
[2026-06-18T16:37:17.230+0800][34.880s][info][gc,phases   ] GC(328) Concurrent Reset Relocation Set 0.047ms
[2026-06-18T16:37:17.233+0800][34.882s][info][gc,phases   ] GC(328) Concurrent Destroy Detached Pages 0.002ms
[2026-06-18T16:37:17.239+0800][34.888s][info][gc,phases   ] GC(328) Concurrent Select Relocation Set 1.280ms
[2026-06-18T16:37:17.243+0800][34.892s][info][gc,phases   ] GC(328) Concurrent Prepare Relocation Set 0.014ms
[2026-06-18T16:37:17.246+0800][34.896s][info][gc,phases   ] GC(328) Pause Relocate Start 0.550ms
[2026-06-18T16:37:17.249+0800][34.898s][info][gc,phases   ] GC(328) Concurrent Relocate 1.765ms
[2026-06-18T16:37:17.250+0800][34.899s][info][gc,load     ] GC(328) Load: 0.61/0.40/0.25
[2026-06-18T16:37:17.251+0800][34.900s][info][gc,mmu      ] GC(328) MMU: 2ms/39.9%, 5ms/76.0%, 10ms/83.7%, 20ms/90.0%, 50ms/96.0%, 100ms/97.1%
[2026-06-18T16:37:17.252+0800][34.901s][info][gc,marking  ] GC(328) Mark: 2 stripe(s), 1 proactive flush(es), 1 terminate flush(es), 0 completion(s), 0 continuation(s) 
[2026-06-18T16:37:17.253+0800][34.903s][info][gc,reloc    ] GC(328) Relocation: Successful, 21M relocated
[2026-06-18T16:37:17.254+0800][34.903s][info][gc,nmethod  ] GC(328) NMethods: 24 registered, 0 unregistered
[2026-06-18T16:37:17.254+0800][34.904s][info][gc,metaspace] GC(328) Metaspace: 3M used, 4M capacity, 4M committed, 8M reserved
[2026-06-18T16:37:17.255+0800][34.904s][info][gc,ref      ] GC(328) Soft: 43 encountered, 0 discovered, 0 enqueued
[2026-06-18T16:37:17.256+0800][34.905s][info][gc,ref      ] GC(328) Weak: 7 encountered, 2 discovered, 0 enqueued
[2026-06-18T16:37:17.256+0800][34.905s][info][gc,ref      ] GC(328) Final: 0 encountered, 0 discovered, 0 enqueued
[2026-06-18T16:37:17.256+0800][34.906s][info][gc,ref      ] GC(328) Phantom: 1 encountered, 1 discovered, 0 enqueued
[2026-06-18T16:37:17.257+0800][34.906s][info][gc,heap     ] GC(328)                Mark Start          Mark End        Relocate Start      Relocate End           High               Low         
[2026-06-18T16:37:17.257+0800][34.906s][info][gc,heap     ] GC(328)  Capacity:      256M (100%)        256M (100%)        256M (100%)        256M (100%)        256M (100%)        256M (100%)   
[2026-06-18T16:37:17.257+0800][34.907s][info][gc,heap     ] GC(328)   Reserve:       62M (24%)          62M (24%)          62M (24%)          62M (24%)          62M (24%)          62M (24%)    
[2026-06-18T16:37:17.258+0800][34.907s][info][gc,heap     ] GC(328)      Free:       86M (34%)          48M (19%)          70M (27%)         140M (55%)         140M (55%)          44M (17%)    
[2026-06-18T16:37:17.258+0800][34.907s][info][gc,heap     ] GC(328)      Used:      108M (42%)         146M (57%)         124M (48%)          54M (21%)         150M (59%)          54M (21%)    
[2026-06-18T16:37:17.258+0800][34.907s][info][gc,heap     ] GC(328)      Live:         -                25M (10%)          25M (10%)          25M (10%)            -                  -          
[2026-06-18T16:37:17.258+0800][34.907s][info][gc,heap     ] GC(328) Allocated:         -                38M (15%)          44M (17%)          50M (20%)            -                  -          
[2026-06-18T16:37:17.258+0800][34.908s][info][gc,heap     ] GC(328)   Garbage:         -                82M (32%)          54M (21%)    17592186044400M (6         -                  -          
[2026-06-18T16:37:17.259+0800][34.908s][info][gc,heap     ] GC(328) Reclaimed:         -                  -                28M (11%)          98M (38%)            -                  -          
[2026-06-18T16:37:17.259+0800][34.908s][info][gc          ] GC(328) Garbage Collection (Allocation Rate) 108M(42%)->54M(21%)
[2026-06-18T16:37:17.313+0800][34.962s][info][gc,start    ] GC(329) Garbage Collection (Allocation Rate)
[2026-06-18T16:37:17.316+0800][34.966s][info][gc,phases   ] GC(329) Pause Mark Start 0.515ms
[2026-06-18T16:37:17.321+0800][34.970s][info][gc,phases   ] GC(329) Concurrent Mark 1.853ms
[2026-06-18T16:37:17.325+0800][34.975s][info][gc,phases   ] GC(329) Pause Mark End 0.439ms
[2026-06-18T16:37:17.327+0800][34.976s][info][gc,phases   ] GC(329) Concurrent Process Non-Strong References 0.126ms
[2026-06-18T16:37:17.328+0800][34.978s][info][gc,phases   ] GC(329) Concurrent Reset Relocation Set 0.002ms
[2026-06-18T16:37:17.329+0800][34.979s][info][gc,phases   ] GC(329) Concurrent Destroy Detached Pages 0.001ms
[2026-06-18T16:37:17.332+0800][34.981s][info][gc,phases   ] GC(329) Concurrent Select Relocation Set 1.105ms
[2026-06-18T16:37:17.336+0800][34.985s][info][gc,phases   ] GC(329) Concurrent Prepare Relocation Set 0.004ms
[2026-06-18T16:37:17.338+0800][34.987s][info][gc,phases   ] GC(329) Pause Relocate Start 0.234ms
[2026-06-18T16:37:17.340+0800][34.989s][info][gc,phases   ] GC(329) Concurrent Relocate 0.232ms
[2026-06-18T16:37:17.340+0800][34.990s][info][gc,load     ] GC(329) Load: 0.61/0.40/0.25
[2026-06-18T16:37:17.341+0800][34.990s][info][gc,mmu      ] GC(329) MMU: 2ms/39.9%, 5ms/76.0%, 10ms/83.7%, 20ms/90.0%, 50ms/96.0%, 100ms/97.1%
[2026-06-18T16:37:17.342+0800][34.991s][info][gc,marking  ] GC(329) Mark: 2 stripe(s), 2 proactive flush(es), 1 terminate flush(es), 0 completion(s), 0 continuation(s) 
[2026-06-18T16:37:17.343+0800][34.992s][info][gc,reloc    ] GC(329) Relocation: Successful, 20M relocated
[2026-06-18T16:37:17.343+0800][34.993s][info][gc,nmethod  ] GC(329) NMethods: 24 registered, 0 unregistered
[2026-06-18T16:37:17.344+0800][34.993s][info][gc,metaspace] GC(329) Metaspace: 3M used, 4M capacity, 4M committed, 8M reserved
[2026-06-18T16:37:17.344+0800][34.993s][info][gc,ref      ] GC(329) Soft: 43 encountered, 0 discovered, 0 enqueued
[2026-06-18T16:37:17.344+0800][34.994s][info][gc,ref      ] GC(329) Weak: 7 encountered, 2 discovered, 0 enqueued
[2026-06-18T16:37:17.345+0800][34.994s][info][gc,ref      ] GC(329) Final: 0 encountered, 0 discovered, 0 enqueued
[2026-06-18T16:37:17.345+0800][34.994s][info][gc,ref      ] GC(329) Phantom: 1 encountered, 1 discovered, 0 enqueued
[2026-06-18T16:37:17.345+0800][34.994s][info][gc,heap     ] GC(329)                Mark Start          Mark End        Relocate Start      Relocate End           High               Low         
[2026-06-18T16:37:17.345+0800][34.995s][info][gc,heap     ] GC(329)  Capacity:      256M (100%)        256M (100%)        256M (100%)        256M (100%)        256M (100%)        256M (100%)   
[2026-06-18T16:37:17.346+0800][34.995s][info][gc,heap     ] GC(329)   Reserve:       62M (24%)          62M (24%)          62M (24%)          62M (24%)          62M (24%)          62M (24%)    
[2026-06-18T16:37:17.346+0800][34.995s][info][gc,heap     ] GC(329)      Free:      116M (45%)          78M (30%)         104M (41%)         112M (44%)         116M (45%)          76M (30%)    
[2026-06-18T16:37:17.346+0800][34.995s][info][gc,heap     ] GC(329)      Used:       78M (30%)         116M (45%)          90M (35%)          82M (32%)         118M (46%)          78M (30%)    
[2026-06-18T16:37:17.346+0800][34.996s][info][gc,heap     ] GC(329)      Live:         -                22M (9%)           22M (9%)           22M (9%)             -                  -          
[2026-06-18T16:37:17.346+0800][34.996s][info][gc,heap     ] GC(329) Allocated:         -                38M (15%)          40M (16%)          46M (18%)            -                  -          
[2026-06-18T16:37:17.347+0800][34.996s][info][gc,heap     ] GC(329)   Garbage:         -                55M (22%)          27M (11%)          19M (8%)             -                  -          
[2026-06-18T16:37:17.347+0800][34.996s][info][gc,heap     ] GC(329) Reclaimed:         -                  -                28M (11%)          36M (14%)            -                  -          
[2026-06-18T16:37:17.347+0800][34.996s][info][gc          ] GC(329) Garbage Collection (Allocation Rate) 78M(30%)->82M(32%)
[2026-06-18T16:37:17.413+0800][35.063s][info][gc,start    ] GC(330) Garbage Collection (Allocation Rate)
[2026-06-18T16:37:17.415+0800][35.064s][info][gc,phases   ] GC(330) Pause Mark Start 0.340ms
[2026-06-18T16:37:17.417+0800][35.067s][info][gc,phases   ] GC(330) Concurrent Mark 1.605ms
[2026-06-18T16:37:17.419+0800][35.068s][info][gc,phases   ] GC(330) Pause Mark End 0.565ms
[2026-06-18T16:37:17.420+0800][35.069s][info][gc,phases   ] GC(330) Concurrent Process Non-Strong References 0.110ms
[2026-06-18T16:37:17.420+0800][35.070s][info][gc,phases   ] GC(330) Concurrent Reset Relocation Set 0.003ms
[2026-06-18T16:37:17.421+0800][35.070s][info][gc,phases   ] GC(330) Concurrent Destroy Detached Pages 0.001ms
[2026-06-18T16:37:17.423+0800][35.072s][info][gc,phases   ] GC(330) Concurrent Select Relocation Set 1.094ms
[2026-06-18T16:37:17.423+0800][35.072s][info][gc,phases   ] GC(330) Concurrent Prepare Relocation Set 0.013ms
[2026-06-18T16:37:17.424+0800][35.073s][info][gc,phases   ] GC(330) Pause Relocate Start 0.232ms
[2026-06-18T16:37:17.426+0800][35.075s][info][gc,phases   ] GC(330) Concurrent Relocate 1.584ms
[2026-06-18T16:37:17.427+0800][35.076s][info][gc,load     ] GC(330) Load: 0.61/0.40/0.25
[2026-06-18T16:37:17.427+0800][35.076s][info][gc,mmu      ] GC(330) MMU: 2ms/39.9%, 5ms/76.0%, 10ms/83.7%, 20ms/90.0%, 50ms/96.0%, 100ms/97.1%
[2026-06-18T16:37:17.427+0800][35.077s][info][gc,marking  ] GC(330) Mark: 2 stripe(s), 1 proactive flush(es), 1 terminate flush(es), 0 completion(s), 0 continuation(s) 
[2026-06-18T16:37:17.428+0800][35.077s][info][gc,reloc    ] GC(330) Relocation: Successful, 20M relocated
[2026-06-18T16:37:17.428+0800][35.077s][info][gc,nmethod  ] GC(330) NMethods: 24 registered, 0 unregistered
[2026-06-18T16:37:17.428+0800][35.078s][info][gc,metaspace] GC(330) Metaspace: 3M used, 4M capacity, 4M committed, 8M reserved
[2026-06-18T16:37:17.429+0800][35.078s][info][gc,ref      ] GC(330) Soft: 43 encountered, 0 discovered, 0 enqueued
[2026-06-18T16:37:17.429+0800][35.078s][info][gc,ref      ] GC(330) Weak: 7 encountered, 2 discovered, 0 enqueued
[2026-06-18T16:37:17.429+0800][35.079s][info][gc,ref      ] GC(330) Final: 0 encountered, 0 discovered, 0 enqueued
[2026-06-18T16:37:17.430+0800][35.079s][info][gc,ref      ] GC(330) Phantom: 1 encountered, 1 discovered, 0 enqueued
[2026-06-18T16:37:17.430+0800][35.079s][info][gc,heap     ] GC(330)                Mark Start          Mark End        Relocate Start      Relocate End           High               Low         
[2026-06-18T16:37:17.430+0800][35.080s][info][gc,heap     ] GC(330)  Capacity:      256M (100%)        256M (100%)        256M (100%)        256M (100%)        256M (100%)        256M (100%)   
[2026-06-18T16:37:17.431+0800][35.080s][info][gc,heap     ] GC(330)   Reserve:       62M (24%)          62M (24%)          62M (24%)          62M (24%)          62M (24%)          62M (24%)    
[2026-06-18T16:37:17.431+0800][35.080s][info][gc,heap     ] GC(330)      Free:       80M (31%)          80M (31%)         110M (43%)         150M (59%)         150M (59%)          68M (27%)    
[2026-06-18T16:37:17.431+0800][35.080s][info][gc,heap     ] GC(330)      Used:      114M (45%)         114M (45%)          84M (33%)          44M (17%)         126M (49%)          44M (17%)    
[2026-06-18T16:37:17.431+0800][35.081s][info][gc,heap     ] GC(330)      Live:         -                20M (8%)           20M (8%)           20M (8%)             -                  -          
[2026-06-18T16:37:17.432+0800][35.081s][info][gc,heap     ] GC(330) Allocated:         -                 0M (0%)            0M (0%)           44M (17%)            -                  -          
[2026-06-18T16:37:17.432+0800][35.081s][info][gc,heap     ] GC(330)   Garbage:         -                93M (36%)          63M (25%)          19M (8%)             -                  -          
[2026-06-18T16:37:17.432+0800][35.081s][info][gc,heap     ] GC(330) Reclaimed:         -                  -                30M (12%)          74M (29%)            -                  -          
[2026-06-18T16:37:17.432+0800][35.082s][info][gc          ] GC(330) Garbage Collection (Allocation Rate) 114M(45%)->44M(17%)
[2026-06-18T16:37:17.514+0800][35.163s][info][gc,start    ] GC(331) Garbage Collection (Allocation Rate)
[2026-06-18T16:37:17.516+0800][35.166s][info][gc,phases   ] GC(331) Pause Mark Start 0.395ms
[2026-06-18T16:37:17.520+0800][35.169s][info][gc,phases   ] GC(331) Concurrent Mark 2.045ms
[2026-06-18T16:37:17.522+0800][35.171s][info][gc,phases   ] GC(331) Pause Mark End 0.387ms
[2026-06-18T16:37:17.523+0800][35.172s][info][gc,phases   ] GC(331) Concurrent Process Non-Strong References 0.110ms
[2026-06-18T16:37:17.524+0800][35.173s][info][gc,phases   ] GC(331) Concurrent Reset Relocation Set 0.003ms
[2026-06-18T16:37:17.524+0800][35.174s][info][gc,phases   ] GC(331) Concurrent Destroy Detached Pages 0.001ms
[2026-06-18T16:37:17.525+0800][35.175s][info][gc,phases   ] GC(331) Concurrent Select Relocation Set 0.539ms
[2026-06-18T16:37:17.527+0800][35.176s][info][gc,phases   ] GC(331) Concurrent Prepare Relocation Set 0.001ms
[2026-06-18T16:37:17.528+0800][35.177s][info][gc,phases   ] GC(331) Pause Relocate Start 0.140ms
[2026-06-18T16:37:17.528+0800][35.177s][info][gc,phases   ] GC(331) Concurrent Relocate 0.138ms
[2026-06-18T16:37:17.529+0800][35.178s][info][gc,load     ] GC(331) Load: 0.61/0.40/0.25
[2026-06-18T16:37:17.529+0800][35.178s][info][gc,mmu      ] GC(331) MMU: 2ms/39.9%, 5ms/76.0%, 10ms/83.7%, 20ms/90.0%, 50ms/96.0%, 100ms/97.1%
[2026-06-18T16:37:17.530+0800][35.179s][info][gc,marking  ] GC(331) Mark: 2 stripe(s), 1 proactive flush(es), 1 terminate flush(es), 0 completion(s), 0 continuation(s) 
[2026-06-18T16:37:17.530+0800][35.179s][info][gc,reloc    ] GC(331) Relocation: Successful, 23M relocated
[2026-06-18T16:37:17.531+0800][35.180s][info][gc,nmethod  ] GC(331) NMethods: 24 registered, 0 unregistered
[2026-06-18T16:37:17.531+0800][35.180s][info][gc,metaspace] GC(331) Metaspace: 3M used, 4M capacity, 4M committed, 8M reserved
[2026-06-18T16:37:17.531+0800][35.180s][info][gc,ref      ] GC(331) Soft: 43 encountered, 0 discovered, 0 enqueued
[2026-06-18T16:37:17.531+0800][35.181s][info][gc,ref      ] GC(331) Weak: 7 encountered, 0 discovered, 0 enqueued
[2026-06-18T16:37:17.532+0800][35.181s][info][gc,ref      ] GC(331) Final: 0 encountered, 0 discovered, 0 enqueued
[2026-06-18T16:37:17.532+0800][35.181s][info][gc,ref      ] GC(331) Phantom: 1 encountered, 0 discovered, 0 enqueued
[2026-06-18T16:37:17.532+0800][35.181s][info][gc,heap     ] GC(331)                Mark Start          Mark End        Relocate Start      Relocate End           High               Low         
[2026-06-18T16:37:17.532+0800][35.182s][info][gc,heap     ] GC(331)  Capacity:      256M (100%)        256M (100%)        256M (100%)        256M (100%)        256M (100%)        256M (100%)   
[2026-06-18T16:37:17.532+0800][35.182s][info][gc,heap     ] GC(331)   Reserve:       62M (24%)          62M (24%)          62M (24%)          62M (24%)          62M (24%)          62M (24%)    
[2026-06-18T16:37:17.533+0800][35.182s][info][gc,heap     ] GC(331)      Free:      118M (46%)         114M (45%)         138M (54%)         144M (56%)         144M (56%)         114M (45%)    
[2026-06-18T16:37:17.533+0800][35.182s][info][gc,heap     ] GC(331)      Used:       76M (30%)          80M (31%)          56M (22%)          50M (20%)          80M (31%)          50M (20%)    
[2026-06-18T16:37:17.533+0800][35.182s][info][gc,heap     ] GC(331)      Live:         -                26M (10%)          26M (10%)          26M (10%)            -                  -          
[2026-06-18T16:37:17.533+0800][35.183s][info][gc,heap     ] GC(331) Allocated:         -                 4M (2%)            4M (2%)           10M (4%)             -                  -          
[2026-06-18T16:37:17.533+0800][35.183s][info][gc,heap     ] GC(331)   Garbage:         -                49M (19%)          25M (10%)          19M (8%)             -                  -          
[2026-06-18T16:37:17.534+0800][35.183s][info][gc,heap     ] GC(331) Reclaimed:         -                  -                24M (9%)           30M (12%)            -                  -          
[2026-06-18T16:37:17.534+0800][35.183s][info][gc          ] GC(331) Garbage Collection (Allocation Rate) 76M(30%)->50M(20%)
[2026-06-18T16:37:17.614+0800][35.263s][info][gc,start    ] GC(332) Garbage Collection (Allocation Rate)
[2026-06-18T16:37:17.617+0800][35.266s][info][gc,phases   ] GC(332) Pause Mark Start 0.423ms
[2026-06-18T16:37:17.621+0800][35.270s][info][gc,phases   ] GC(332) Concurrent Mark 2.020ms
[2026-06-18T16:37:17.624+0800][35.273s][info][gc,phases   ] GC(332) Pause Mark End 0.594ms
[2026-06-18T16:37:17.625+0800][35.275s][info][gc,phases   ] GC(332) Concurrent Process Non-Strong References 0.151ms
[2026-06-18T16:37:17.626+0800][35.276s][info][gc,phases   ] GC(332) Concurrent Reset Relocation Set 0.003ms
[2026-06-18T16:37:17.627+0800][35.276s][info][gc,phases   ] GC(332) Concurrent Destroy Detached Pages 0.001ms
[2026-06-18T16:37:17.629+0800][35.278s][info][gc,phases   ] GC(332) Concurrent Select Relocation Set 0.787ms
[2026-06-18T16:37:17.629+0800][35.279s][info][gc,phases   ] GC(332) Concurrent Prepare Relocation Set 0.004ms
[2026-06-18T16:37:17.630+0800][35.280s][info][gc,phases   ] GC(332) Pause Relocate Start 0.204ms
[2026-06-18T16:37:17.633+0800][35.282s][info][gc,phases   ] GC(332) Concurrent Relocate 1.581ms
[2026-06-18T16:37:17.633+0800][35.283s][info][gc,load     ] GC(332) Load: 0.61/0.40/0.25
[2026-06-18T16:37:17.634+0800][35.283s][info][gc,mmu      ] GC(332) MMU: 2ms/39.9%, 5ms/76.0%, 10ms/83.7%, 20ms/90.0%, 50ms/96.0%, 100ms/97.1%
[2026-06-18T16:37:17.634+0800][35.283s][info][gc,marking  ] GC(332) Mark: 2 stripe(s), 1 proactive flush(es), 1 terminate flush(es), 0 completion(s), 0 continuation(s) 
[2026-06-18T16:37:17.635+0800][35.284s][info][gc,reloc    ] GC(332) Relocation: Successful, 24M relocated
[2026-06-18T16:37:17.635+0800][35.284s][info][gc,nmethod  ] GC(332) NMethods: 24 registered, 0 unregistered
[2026-06-18T16:37:17.635+0800][35.285s][info][gc,metaspace] GC(332) Metaspace: 3M used, 4M capacity, 4M committed, 8M reserved
[2026-06-18T16:37:17.636+0800][35.285s][info][gc,ref      ] GC(332) Soft: 43 encountered, 0 discovered, 0 enqueued
[2026-06-18T16:37:17.636+0800][35.285s][info][gc,ref      ] GC(332) Weak: 7 encountered, 2 discovered, 0 enqueued
[2026-06-18T16:37:17.636+0800][35.285s][info][gc,ref      ] GC(332) Final: 0 encountered, 0 discovered, 0 enqueued
[2026-06-18T16:37:17.636+0800][35.286s][info][gc,ref      ] GC(332) Phantom: 1 encountered, 1 discovered, 0 enqueued
[2026-06-18T16:37:17.637+0800][35.286s][info][gc,heap     ] GC(332)                Mark Start          Mark End        Relocate Start      Relocate End           High               Low         
[2026-06-18T16:37:17.637+0800][35.286s][info][gc,heap     ] GC(332)  Capacity:      256M (100%)        256M (100%)        256M (100%)        256M (100%)        256M (100%)        256M (100%)   
[2026-06-18T16:37:17.637+0800][35.286s][info][gc,heap     ] GC(332)   Reserve:       62M (24%)          62M (24%)          62M (24%)          62M (24%)          62M (24%)          62M (24%)    
[2026-06-18T16:37:17.637+0800][35.286s][info][gc,heap     ] GC(332)      Free:       78M (30%)          78M (30%)         106M (41%)         146M (57%)         146M (57%)          70M (27%)    
[2026-06-18T16:37:17.637+0800][35.287s][info][gc,heap     ] GC(332)      Used:      116M (45%)         116M (45%)          88M (34%)          48M (19%)         124M (48%)          48M (19%)    
[2026-06-18T16:37:17.638+0800][35.287s][info][gc,heap     ] GC(332)      Live:         -                24M (10%)          24M (10%)          24M (10%)            -                  -          
[2026-06-18T16:37:17.638+0800][35.287s][info][gc,heap     ] GC(332) Allocated:         -                 0M (0%)            4M (2%)           46M (18%)            -                  -          
[2026-06-18T16:37:17.638+0800][35.287s][info][gc,heap     ] GC(332)   Garbage:         -                91M (36%)          59M (23%)          19M (8%)             -                  -          
[2026-06-18T16:37:17.638+0800][35.288s][info][gc,heap     ] GC(332) Reclaimed:         -                  -                32M (12%)          72M (28%)            -                  -          
[2026-06-18T16:37:17.638+0800][35.288s][info][gc          ] GC(332) Garbage Collection (Allocation Rate) 116M(45%)->48M(19%)
[2026-06-18T16:37:17.713+0800][35.363s][info][gc,start    ] GC(333) Garbage Collection (Allocation Rate)
[2026-06-18T16:37:17.717+0800][35.366s][info][gc,phases   ] GC(333) Pause Mark Start 0.529ms
[2026-06-18T16:37:17.720+0800][35.370s][info][gc,phases   ] GC(333) Concurrent Mark 1.872ms
[2026-06-18T16:37:17.723+0800][35.372s][info][gc,phases   ] GC(333) Pause Mark End 0.721ms
[2026-06-18T16:37:17.724+0800][35.374s][info][gc,phases   ] GC(333) Concurrent Process Non-Strong References 0.130ms
[2026-06-18T16:37:17.725+0800][35.374s][info][gc,phases   ] GC(333) Concurrent Reset Relocation Set 0.005ms
[2026-06-18T16:37:17.726+0800][35.375s][info][gc,phases   ] GC(333) Concurrent Destroy Detached Pages 0.002ms
[2026-06-18T16:37:17.731+0800][35.381s][info][gc,phases   ] GC(333) Concurrent Select Relocation Set 1.179ms
[2026-06-18T16:37:17.736+0800][35.386s][info][gc,phases   ] GC(333) Concurrent Prepare Relocation Set 0.009ms
[2026-06-18T16:37:17.743+0800][35.392s][info][gc,phases   ] GC(333) Pause Relocate Start 0.397ms
[2026-06-18T16:37:17.748+0800][35.397s][info][gc,phases   ] GC(333) Concurrent Relocate 0.394ms
[2026-06-18T16:37:17.749+0800][35.398s][info][gc,load     ] GC(333) Load: 0.61/0.40/0.25
[2026-06-18T16:37:17.750+0800][35.399s][info][gc,mmu      ] GC(333) MMU: 2ms/39.9%, 5ms/76.0%, 10ms/83.7%, 20ms/90.0%, 50ms/96.0%, 100ms/97.1%
[2026-06-18T16:37:17.751+0800][35.400s][info][gc,marking  ] GC(333) Mark: 2 stripe(s), 1 proactive flush(es), 1 terminate flush(es), 0 completion(s), 0 continuation(s) 
[2026-06-18T16:37:17.752+0800][35.401s][info][gc,reloc    ] GC(333) Relocation: Successful, 26M relocated
[2026-06-18T16:37:17.752+0800][35.402s][info][gc,nmethod  ] GC(333) NMethods: 24 registered, 0 unregistered
[2026-06-18T16:37:17.753+0800][35.403s][info][gc,metaspace] GC(333) Metaspace: 3M used, 4M capacity, 4M committed, 8M reserved
[2026-06-18T16:37:17.754+0800][35.403s][info][gc,ref      ] GC(333) Soft: 43 encountered, 0 discovered, 0 enqueued
[2026-06-18T16:37:17.755+0800][35.404s][info][gc,ref      ] GC(333) Weak: 7 encountered, 2 discovered, 0 enqueued
[2026-06-18T16:37:17.756+0800][35.405s][info][gc,ref      ] GC(333) Final: 0 encountered, 0 discovered, 0 enqueued
[2026-06-18T16:37:17.756+0800][35.406s][info][gc,ref      ] GC(333) Phantom: 1 encountered, 1 discovered, 0 enqueued
[2026-06-18T16:37:17.757+0800][35.406s][info][gc,heap     ] GC(333)                Mark Start          Mark End        Relocate Start      Relocate End           High               Low         
[2026-06-18T16:37:17.758+0800][35.407s][info][gc,heap     ] GC(333)  Capacity:      256M (100%)        256M (100%)        256M (100%)        256M (100%)        256M (100%)        256M (100%)   
[2026-06-18T16:37:17.758+0800][35.408s][info][gc,heap     ] GC(333)   Reserve:       62M (24%)          62M (24%)          62M (24%)          62M (24%)          62M (24%)          62M (24%)    
[2026-06-18T16:37:17.759+0800][35.408s][info][gc,heap     ] GC(333)      Free:      114M (45%)         110M (43%)          96M (38%)         106M (41%)         136M (53%)          92M (36%)    
[2026-06-18T16:37:17.760+0800][35.409s][info][gc,heap     ] GC(333)      Used:       80M (31%)          84M (33%)          98M (38%)          88M (34%)         102M (40%)          58M (23%)    
[2026-06-18T16:37:17.760+0800][35.409s][info][gc,heap     ] GC(333)      Live:         -                29M (12%)          29M (12%)          29M (12%)            -                  -          
[2026-06-18T16:37:17.761+0800][35.410s][info][gc,heap     ] GC(333) Allocated:         -                 4M (2%)           44M (17%)          50M (20%)            -                  -          
[2026-06-18T16:37:17.761+0800][35.410s][info][gc,heap     ] GC(333)   Garbage:         -                50M (20%)          24M (9%)           14M (5%)             -                  -          
[2026-06-18T16:37:17.762+0800][35.411s][info][gc,heap     ] GC(333) Reclaimed:         -                  -                26M (10%)          36M (14%)            -                  -          
[2026-06-18T16:37:17.763+0800][35.412s][info][gc          ] GC(333) Garbage Collection (Allocation Rate) 80M(31%)->88M(34%)
[2026-06-18T16:37:17.814+0800][35.463s][info][gc,start    ] GC(334) Garbage Collection (Allocation Rate)
[2026-06-18T16:37:17.817+0800][35.466s][info][gc,phases   ] GC(334) Pause Mark Start 0.491ms
[2026-06-18T16:37:17.820+0800][35.469s][info][gc,phases   ] GC(334) Concurrent Mark 2.026ms
[2026-06-18T16:37:17.822+0800][35.471s][info][gc,phases   ] GC(334) Pause Mark End 0.488ms
[2026-06-18T16:37:17.825+0800][35.474s][info][gc,phases   ] GC(334) Concurrent Process Non-Strong References 0.135ms
[2026-06-18T16:37:17.825+0800][35.475s][info][gc,phases   ] GC(334) Concurrent Reset Relocation Set 0.003ms
[2026-06-18T16:37:17.826+0800][35.476s][info][gc,phases   ] GC(334) Concurrent Destroy Detached Pages 0.001ms
[2026-06-18T16:37:17.828+0800][35.477s][info][gc,phases   ] GC(334) Concurrent Select Relocation Set 0.525ms
[2026-06-18T16:37:17.828+0800][35.478s][info][gc,phases   ] GC(334) Concurrent Prepare Relocation Set 0.010ms
[2026-06-18T16:37:17.829+0800][35.478s][info][gc,phases   ] GC(334) Pause Relocate Start 0.144ms
[2026-06-18T16:37:17.831+0800][35.481s][info][gc,phases   ] GC(334) Concurrent Relocate 1.612ms
[2026-06-18T16:37:17.832+0800][35.481s][info][gc,load     ] GC(334) Load: 0.61/0.40/0.25
[2026-06-18T16:37:17.832+0800][35.482s][info][gc,mmu      ] GC(334) MMU: 2ms/39.9%, 5ms/76.0%, 10ms/83.7%, 20ms/90.0%, 50ms/96.0%, 100ms/97.1%
[2026-06-18T16:37:17.833+0800][35.482s][info][gc,marking  ] GC(334) Mark: 2 stripe(s), 1 proactive flush(es), 1 terminate flush(es), 0 completion(s), 0 continuation(s) 
[2026-06-18T16:37:17.833+0800][35.482s][info][gc,reloc    ] GC(334) Relocation: Successful, 22M relocated
[2026-06-18T16:37:17.833+0800][35.483s][info][gc,nmethod  ] GC(334) NMethods: 24 registered, 0 unregistered
[2026-06-18T16:37:17.834+0800][35.483s][info][gc,metaspace] GC(334) Metaspace: 3M used, 4M capacity, 4M committed, 8M reserved
[2026-06-18T16:37:17.834+0800][35.484s][info][gc,ref      ] GC(334) Soft: 43 encountered, 0 discovered, 0 enqueued
[2026-06-18T16:37:17.835+0800][35.484s][info][gc,ref      ] GC(334) Weak: 7 encountered, 2 discovered, 0 enqueued
[2026-06-18T16:37:17.835+0800][35.484s][info][gc,ref      ] GC(334) Final: 0 encountered, 0 discovered, 0 enqueued
[2026-06-18T16:37:17.835+0800][35.484s][info][gc,ref      ] GC(334) Phantom: 1 encountered, 1 discovered, 0 enqueued
[2026-06-18T16:37:17.835+0800][35.484s][info][gc,heap     ] GC(334)                Mark Start          Mark End        Relocate Start      Relocate End           High               Low         
[2026-06-18T16:37:17.835+0800][35.485s][info][gc,heap     ] GC(334)  Capacity:      256M (100%)        256M (100%)        256M (100%)        256M (100%)        256M (100%)        256M (100%)   
[2026-06-18T16:37:17.836+0800][35.485s][info][gc,heap     ] GC(334)   Reserve:       62M (24%)          62M (24%)          62M (24%)          62M (24%)          62M (24%)          62M (24%)    
[2026-06-18T16:37:17.836+0800][35.485s][info][gc,heap     ] GC(334)      Free:       80M (31%)          80M (31%)          70M (27%)         146M (57%)         146M (57%)          42M (16%)    
[2026-06-18T16:37:17.836+0800][35.485s][info][gc,heap     ] GC(334)      Used:      114M (45%)         114M (45%)         124M (48%)          48M (19%)         152M (59%)          48M (19%)    
[2026-06-18T16:37:17.836+0800][35.486s][info][gc,heap     ] GC(334)      Live:         -                22M (9%)           22M (9%)           22M (9%)             -                  -          
[2026-06-18T16:37:17.837+0800][35.486s][info][gc,heap     ] GC(334) Allocated:         -                 0M (0%)           38M (15%)          46M (18%)            -                  -          
[2026-06-18T16:37:17.837+0800][35.486s][info][gc,heap     ] GC(334)   Garbage:         -                91M (36%)          63M (25%)    17592186044403M (6         -                  -          
[2026-06-18T16:37:17.837+0800][35.487s][info][gc,heap     ] GC(334) Reclaimed:         -                  -                28M (11%)         104M (41%)            -                  -          
[2026-06-18T16:37:17.838+0800][35.487s][info][gc          ] GC(334) Garbage Collection (Allocation Rate) 114M(45%)->48M(19%)
[2026-06-18T16:37:17.914+0800][35.563s][info][gc,start    ] GC(335) Garbage Collection (Allocation Rate)
[2026-06-18T16:37:17.917+0800][35.566s][info][gc,phases   ] GC(335) Pause Mark Start 0.446ms
[2026-06-18T16:37:17.923+0800][35.572s][info][gc,phases   ] GC(335) Concurrent Mark 2.144ms
[2026-06-18T16:37:17.981+0800][35.630s][info][gc,phases   ] GC(335) Pause Mark End 0.303ms
[2026-06-18T16:37:18.058+0800][35.708s][info][gc,phases   ] GC(335) Concurrent Process Non-Strong References 0.195ms
[2026-06-18T16:37:18.090+0800][35.739s][info][gc,phases   ] GC(335) Concurrent Reset Relocation Set 0.009ms
[2026-06-18T16:37:18.094+0800][35.743s][info][gc,phases   ] GC(335) Concurrent Destroy Detached Pages 0.004ms
[2026-06-18T16:37:18.097+0800][35.746s][info][gc,phases   ] GC(335) Concurrent Select Relocation Set 1.317ms
[2026-06-18T16:37:18.098+0800][35.747s][info][gc,phases   ] GC(335) Concurrent Prepare Relocation Set 0.006ms
[2026-06-18T16:37:18.099+0800][35.749s][info][gc,phases   ] GC(335) Pause Relocate Start 0.262ms
[2026-06-18T16:37:18.101+0800][35.750s][info][gc,phases   ] GC(335) Concurrent Relocate 0.340ms
[2026-06-18T16:37:18.102+0800][35.752s][info][gc,load     ] GC(335) Load: 0.61/0.40/0.25
[2026-06-18T16:37:18.103+0800][35.753s][info][gc,mmu      ] GC(335) MMU: 2ms/39.9%, 5ms/76.0%, 10ms/83.7%, 20ms/90.0%, 50ms/96.0%, 100ms/97.1%
[2026-06-18T16:37:18.104+0800][35.753s][info][gc,marking  ] GC(335) Mark: 2 stripe(s), 1 proactive flush(es), 1 terminate flush(es), 0 completion(s), 0 continuation(s) 
[2026-06-18T16:37:18.104+0800][35.753s][info][gc,reloc    ] GC(335) Relocation: Successful, 18M relocated
[2026-06-18T16:37:18.105+0800][35.754s][info][gc,nmethod  ] GC(335) NMethods: 24 registered, 0 unregistered
[2026-06-18T16:37:18.105+0800][35.754s][info][gc,metaspace] GC(335) Metaspace: 3M used, 4M capacity, 4M committed, 8M reserved
[2026-06-18T16:37:18.105+0800][35.754s][info][gc,ref      ] GC(335) Soft: 43 encountered, 0 discovered, 0 enqueued
[2026-06-18T16:37:18.106+0800][35.755s][info][gc,ref      ] GC(335) Weak: 7 encountered, 2 discovered, 0 enqueued
[2026-06-18T16:37:18.106+0800][35.755s][info][gc,ref      ] GC(335) Final: 0 encountered, 0 discovered, 0 enqueued
[2026-06-18T16:37:18.106+0800][35.755s][info][gc,ref      ] GC(335) Phantom: 1 encountered, 1 discovered, 0 enqueued
[2026-06-18T16:37:18.106+0800][35.756s][info][gc,heap     ] GC(335)                Mark Start          Mark End        Relocate Start      Relocate End           High               Low         
[2026-06-18T16:37:18.107+0800][35.756s][info][gc,heap     ] GC(335)  Capacity:      256M (100%)        256M (100%)        256M (100%)        256M (100%)        256M (100%)        256M (100%)   
[2026-06-18T16:37:18.107+0800][35.756s][info][gc,heap     ] GC(335)   Reserve:       62M (24%)          62M (24%)          62M (24%)          62M (24%)          62M (24%)          62M (24%)    
[2026-06-18T16:37:18.107+0800][35.756s][info][gc,heap     ] GC(335)      Free:      116M (45%)          60M (23%)          66M (26%)          78M (30%)         116M (45%)          42M (16%)    
[2026-06-18T16:37:18.107+0800][35.756s][info][gc,heap     ] GC(335)      Used:       78M (30%)         134M (52%)         128M (50%)         116M (45%)         152M (59%)          78M (30%)    
[2026-06-18T16:37:18.107+0800][35.757s][info][gc,heap     ] GC(335)      Live:         -                18M (7%)           18M (7%)           18M (7%)             -                  -          
[2026-06-18T16:37:18.108+0800][35.757s][info][gc,heap     ] GC(335) Allocated:         -                56M (22%)          74M (29%)          82M (32%)            -                  -          
[2026-06-18T16:37:18.108+0800][35.757s][info][gc,heap     ] GC(335)   Garbage:         -                59M (23%)          35M (14%)          21M (8%)             -                  -          
[2026-06-18T16:37:18.108+0800][35.757s][info][gc,heap     ] GC(335) Reclaimed:         -                  -                24M (9%)           38M (15%)            -                  -          
[2026-06-18T16:37:18.108+0800][35.758s][info][gc          ] GC(335) Garbage Collection (Allocation Rate) 78M(30%)->116M(45%)
[2026-06-18T16:37:18.113+0800][35.762s][info][gc,start    ] GC(336) Garbage Collection (Allocation Rate)
[2026-06-18T16:37:18.115+0800][35.764s][info][gc,phases   ] GC(336) Pause Mark Start 0.131ms
[2026-06-18T16:37:18.119+0800][35.769s][info][gc,phases   ] GC(336) Concurrent Mark 1.462ms
[2026-06-18T16:37:18.123+0800][35.773s][info][gc,phases   ] GC(336) Pause Mark End 0.286ms
[2026-06-18T16:37:18.134+0800][35.784s][info][gc,phases   ] GC(336) Concurrent Process Non-Strong References 0.116ms
[2026-06-18T16:37:18.141+0800][35.790s][info][gc,phases   ] GC(336) Concurrent Reset Relocation Set 0.006ms
[2026-06-18T16:37:18.147+0800][35.797s][info][gc,phases   ] GC(336) Concurrent Destroy Detached Pages 0.001ms
[2026-06-18T16:37:18.156+0800][35.805s][info][gc,phases   ] GC(336) Concurrent Select Relocation Set 1.293ms
[2026-06-18T16:37:18.161+0800][35.810s][info][gc,phases   ] GC(336) Concurrent Prepare Relocation Set 0.007ms
[2026-06-18T16:37:18.178+0800][35.828s][info][gc,phases   ] GC(336) Pause Relocate Start 0.482ms
[2026-06-18T16:37:18.183+0800][35.832s][info][gc,phases   ] GC(336) Concurrent Relocate 1.716ms
[2026-06-18T16:37:18.192+0800][35.841s][info][gc,load     ] GC(336) Load: 0.61/0.40/0.25
[2026-06-18T16:37:18.195+0800][35.844s][info][gc,mmu      ] GC(336) MMU: 2ms/39.9%, 5ms/76.0%, 10ms/83.7%, 20ms/90.0%, 50ms/96.0%, 100ms/97.1%
[2026-06-18T16:37:18.198+0800][35.847s][info][gc,marking  ] GC(336) Mark: 2 stripe(s), 1 proactive flush(es), 1 terminate flush(es), 0 completion(s), 0 continuation(s) 
[2026-06-18T16:37:18.200+0800][35.849s][info][gc,reloc    ] GC(336) Relocation: Successful, 25M relocated
[2026-06-18T16:37:18.205+0800][35.855s][info][gc,nmethod  ] GC(336) NMethods: 24 registered, 0 unregistered
[2026-06-18T16:37:18.209+0800][35.858s][info][gc,metaspace] GC(336) Metaspace: 3M used, 4M capacity, 4M committed, 8M reserved
[2026-06-18T16:37:18.218+0800][35.867s][info][gc,ref      ] GC(336) Soft: 43 encountered, 0 discovered, 0 enqueued
[2026-06-18T16:37:18.221+0800][35.870s][info][gc,ref      ] GC(336) Weak: 7 encountered, 0 discovered, 0 enqueued
[2026-06-18T16:37:18.224+0800][35.874s][info][gc,ref      ] GC(336) Final: 0 encountered, 0 discovered, 0 enqueued
[2026-06-18T16:37:18.229+0800][35.878s][info][gc,ref      ] GC(336) Phantom: 1 encountered, 1 discovered, 0 enqueued
[2026-06-18T16:37:18.232+0800][35.882s][info][gc,heap     ] GC(336)                Mark Start          Mark End        Relocate Start      Relocate End           High               Low         
[2026-06-18T16:37:18.234+0800][35.884s][info][gc,heap     ] GC(336)  Capacity:      256M (100%)        256M (100%)        256M (100%)        256M (100%)        256M (100%)        256M (100%)   
[2026-06-18T16:37:18.238+0800][35.887s][info][gc,heap     ] GC(336)   Reserve:       62M (24%)          62M (24%)          62M (24%)          62M (24%)          62M (24%)          62M (24%)    
[2026-06-18T16:37:18.241+0800][35.891s][info][gc,heap     ] GC(336)      Free:       74M (29%)          36M (14%)          50M (20%)         124M (48%)         124M (48%)          30M (12%)    
[2026-06-18T16:37:18.245+0800][35.894s][info][gc,heap     ] GC(336)      Used:      120M (47%)         158M (62%)         144M (56%)          70M (27%)         164M (64%)          70M (27%)    
[2026-06-18T16:37:18.248+0800][35.897s][info][gc,heap     ] GC(336)      Live:         -                27M (11%)          27M (11%)          27M (11%)            -                  -          
[2026-06-18T16:37:18.250+0800][35.900s][info][gc,heap     ] GC(336) Allocated:         -                38M (15%)          56M (22%)          66M (26%)            -                  -          
[2026-06-18T16:37:18.252+0800][35.902s][info][gc,heap     ] GC(336)   Garbage:         -                92M (36%)          60M (24%)    17592186044402M (6         -                  -          
[2026-06-18T16:37:18.256+0800][35.906s][info][gc,heap     ] GC(336) Reclaimed:         -                  -                32M (12%)         106M (41%)            -                  -          
[2026-06-18T16:37:18.261+0800][35.910s][info][gc          ] GC(336) Garbage Collection (Allocation Rate) 120M(47%)->70M(27%)
[2026-06-18T16:37:18.313+0800][35.963s][info][gc,start    ] GC(337) Garbage Collection (Allocation Rate)
[2026-06-18T16:37:18.317+0800][35.966s][info][gc,phases   ] GC(337) Pause Mark Start 0.217ms
[2026-06-18T16:37:18.319+0800][35.968s][info][gc,phases   ] GC(337) Concurrent Mark 1.528ms
[2026-06-18T16:37:18.321+0800][35.970s][info][gc,phases   ] GC(337) Pause Mark End 0.533ms
[2026-06-18T16:37:18.322+0800][35.971s][info][gc,phases   ] GC(337) Concurrent Process Non-Strong References 0.168ms
[2026-06-18T16:37:18.323+0800][35.972s][info][gc,phases   ] GC(337) Concurrent Reset Relocation Set 0.004ms
[2026-06-18T16:37:18.323+0800][35.973s][info][gc,phases   ] GC(337) Concurrent Destroy Detached Pages 0.001ms
[2026-06-18T16:37:18.325+0800][35.974s][info][gc,phases   ] GC(337) Concurrent Select Relocation Set 0.928ms
[2026-06-18T16:37:18.326+0800][35.975s][info][gc,phases   ] GC(337) Concurrent Prepare Relocation Set 0.012ms
[2026-06-18T16:37:18.327+0800][35.976s][info][gc,phases   ] GC(337) Pause Relocate Start 0.197ms
[2026-06-18T16:37:18.328+0800][35.977s][info][gc,phases   ] GC(337) Concurrent Relocate 0.474ms
[2026-06-18T16:37:18.328+0800][35.978s][info][gc,load     ] GC(337) Load: 0.61/0.40/0.25
[2026-06-18T16:37:18.329+0800][35.978s][info][gc,mmu      ] GC(337) MMU: 2ms/39.9%, 5ms/76.0%, 10ms/83.7%, 20ms/90.0%, 50ms/96.0%, 100ms/97.1%
[2026-06-18T16:37:18.329+0800][35.979s][info][gc,marking  ] GC(337) Mark: 2 stripe(s), 1 proactive flush(es), 1 terminate flush(es), 0 completion(s), 0 continuation(s) 
[2026-06-18T16:37:18.330+0800][35.979s][info][gc,reloc    ] GC(337) Relocation: Successful, 21M relocated
[2026-06-18T16:37:18.330+0800][35.980s][info][gc,nmethod  ] GC(337) NMethods: 24 registered, 0 unregistered
[2026-06-18T16:37:18.331+0800][35.980s][info][gc,metaspace] GC(337) Metaspace: 3M used, 4M capacity, 4M committed, 8M reserved
[2026-06-18T16:37:18.331+0800][35.981s][info][gc,ref      ] GC(337) Soft: 43 encountered, 0 discovered, 0 enqueued
[2026-06-18T16:37:18.332+0800][35.981s][info][gc,ref      ] GC(337) Weak: 7 encountered, 2 discovered, 0 enqueued
[2026-06-18T16:37:18.332+0800][35.981s][info][gc,ref      ] GC(337) Final: 0 encountered, 0 discovered, 0 enqueued
[2026-06-18T16:37:18.332+0800][35.982s][info][gc,ref      ] GC(337) Phantom: 1 encountered, 1 discovered, 0 enqueued
[2026-06-18T16:37:18.333+0800][35.982s][info][gc,heap     ] GC(337)                Mark Start          Mark End        Relocate Start      Relocate End           High               Low         
[2026-06-18T16:37:18.333+0800][35.982s][info][gc,heap     ] GC(337)  Capacity:      256M (100%)        256M (100%)        256M (100%)        256M (100%)        256M (100%)        256M (100%)   
[2026-06-18T16:37:18.333+0800][35.983s][info][gc,heap     ] GC(337)   Reserve:       62M (24%)          62M (24%)          62M (24%)          62M (24%)          62M (24%)          62M (24%)    
[2026-06-18T16:37:18.333+0800][35.983s][info][gc,heap     ] GC(337)      Free:       72M (28%)          72M (28%)         126M (49%)         146M (57%)         146M (57%)          68M (27%)    
[2026-06-18T16:37:18.334+0800][35.983s][info][gc,heap     ] GC(337)      Used:      122M (48%)         122M (48%)          68M (27%)          48M (19%)         126M (49%)          48M (19%)    
[2026-06-18T16:37:18.334+0800][35.983s][info][gc,heap     ] GC(337)      Live:         -                21M (8%)           21M (8%)           21M (8%)             -                  -          
[2026-06-18T16:37:18.334+0800][35.983s][info][gc,heap     ] GC(337) Allocated:         -                 0M (0%)            4M (2%)           12M (5%)             -                  -          
[2026-06-18T16:37:18.334+0800][35.984s][info][gc,heap     ] GC(337)   Garbage:         -               100M (39%)          42M (17%)          22M (9%)             -                  -          
[2026-06-18T16:37:18.335+0800][35.984s][info][gc,heap     ] GC(337) Reclaimed:         -                  -                58M (23%)          78M (30%)            -                  -          
[2026-06-18T16:37:18.335+0800][35.984s][info][gc          ] GC(337) Garbage Collection (Allocation Rate) 122M(48%)->48M(19%)
[2026-06-18T16:37:18.413+0800][36.063s][info][gc,start    ] GC(338) Garbage Collection (Allocation Rate)
[2026-06-18T16:37:18.416+0800][36.065s][info][gc,phases   ] GC(338) Pause Mark Start 0.393ms
[2026-06-18T16:37:18.419+0800][36.068s][info][gc,phases   ] GC(338) Concurrent Mark 2.060ms
[2026-06-18T16:37:18.421+0800][36.070s][info][gc,phases   ] GC(338) Pause Mark End 0.528ms
[2026-06-18T16:37:18.422+0800][36.071s][info][gc,phases   ] GC(338) Concurrent Process Non-Strong References 0.161ms
[2026-06-18T16:37:18.423+0800][36.072s][info][gc,phases   ] GC(338) Concurrent Reset Relocation Set 0.004ms
[2026-06-18T16:37:18.424+0800][36.073s][info][gc,phases   ] GC(338) Concurrent Destroy Detached Pages 0.001ms
[2026-06-18T16:37:18.425+0800][36.075s][info][gc,phases   ] GC(338) Concurrent Select Relocation Set 0.861ms
[2026-06-18T16:37:18.426+0800][36.075s][info][gc,phases   ] GC(338) Concurrent Prepare Relocation Set 0.016ms
[2026-06-18T16:37:18.427+0800][36.076s][info][gc,phases   ] GC(338) Pause Relocate Start 0.185ms
[2026-06-18T16:37:18.429+0800][36.079s][info][gc,phases   ] GC(338) Concurrent Relocate 1.627ms
[2026-06-18T16:37:18.430+0800][36.079s][info][gc,load     ] GC(338) Load: 0.61/0.40/0.25
[2026-06-18T16:37:18.431+0800][36.080s][info][gc,mmu      ] GC(338) MMU: 2ms/39.9%, 5ms/76.0%, 10ms/83.7%, 20ms/90.0%, 50ms/96.0%, 100ms/97.1%
[2026-06-18T16:37:18.431+0800][36.081s][info][gc,marking  ] GC(338) Mark: 2 stripe(s), 1 proactive flush(es), 1 terminate flush(es), 0 completion(s), 0 continuation(s) 
[2026-06-18T16:37:18.432+0800][36.081s][info][gc,reloc    ] GC(338) Relocation: Successful, 24M relocated
[2026-06-18T16:37:18.432+0800][36.081s][info][gc,nmethod  ] GC(338) NMethods: 24 registered, 0 unregistered
[2026-06-18T16:37:18.432+0800][36.082s][info][gc,metaspace] GC(338) Metaspace: 3M used, 4M capacity, 4M committed, 8M reserved
[2026-06-18T16:37:18.433+0800][36.082s][info][gc,ref      ] GC(338) Soft: 43 encountered, 0 discovered, 0 enqueued
[2026-06-18T16:37:18.433+0800][36.082s][info][gc,ref      ] GC(338) Weak: 7 encountered, 2 discovered, 0 enqueued
[2026-06-18T16:37:18.433+0800][36.083s][info][gc,ref      ] GC(338) Final: 0 encountered, 0 discovered, 0 enqueued
[2026-06-18T16:37:18.434+0800][36.083s][info][gc,ref      ] GC(338) Phantom: 1 encountered, 1 discovered, 0 enqueued
[2026-06-18T16:37:18.434+0800][36.083s][info][gc,heap     ] GC(338)                Mark Start          Mark End        Relocate Start      Relocate End           High               Low         
[2026-06-18T16:37:18.434+0800][36.083s][info][gc,heap     ] GC(338)  Capacity:      256M (100%)        256M (100%)        256M (100%)        256M (100%)        256M (100%)        256M (100%)   
[2026-06-18T16:37:18.434+0800][36.084s][info][gc,heap     ] GC(338)   Reserve:       62M (24%)          62M (24%)          62M (24%)          62M (24%)          62M (24%)          62M (24%)    
[2026-06-18T16:37:18.435+0800][36.084s][info][gc,heap     ] GC(338)      Free:       82M (32%)          78M (30%)         106M (41%)         144M (56%)         144M (56%)          70M (27%)    
[2026-06-18T16:37:18.435+0800][36.084s][info][gc,heap     ] GC(338)      Used:      112M (44%)         116M (45%)          88M (34%)          50M (20%)         124M (48%)          50M (20%)    
[2026-06-18T16:37:18.435+0800][36.084s][info][gc,heap     ] GC(338)      Live:         -                27M (11%)          27M (11%)          27M (11%)            -                  -          
[2026-06-18T16:37:18.436+0800][36.085s][info][gc,heap     ] GC(338) Allocated:         -                 4M (2%)            4M (2%)           44M (17%)            -                  -          
[2026-06-18T16:37:18.436+0800][36.085s][info][gc,heap     ] GC(338)   Garbage:         -                84M (33%)          56M (22%)          18M (7%)             -                  -          
[2026-06-18T16:37:18.436+0800][36.086s][info][gc,heap     ] GC(338) Reclaimed:         -                  -                28M (11%)          66M (26%)            -                  -          
[2026-06-18T16:37:18.437+0800][36.086s][info][gc          ] GC(338) Garbage Collection (Allocation Rate) 112M(44%)->50M(20%)
[2026-06-18T16:37:18.514+0800][36.163s][info][gc,start    ] GC(339) Garbage Collection (Allocation Rate)
[2026-06-18T16:37:18.519+0800][36.168s][info][gc,phases   ] GC(339) Pause Mark Start 0.500ms
[2026-06-18T16:37:18.522+0800][36.171s][info][gc,phases   ] GC(339) Concurrent Mark 2.125ms
[2026-06-18T16:37:18.525+0800][36.174s][info][gc,phases   ] GC(339) Pause Mark End 0.534ms
[2026-06-18T16:37:18.526+0800][36.175s][info][gc,phases   ] GC(339) Concurrent Process Non-Strong References 0.203ms
[2026-06-18T16:37:18.527+0800][36.176s][info][gc,phases   ] GC(339) Concurrent Reset Relocation Set 0.003ms
[2026-06-18T16:37:18.528+0800][36.177s][info][gc,phases   ] GC(339) Concurrent Destroy Detached Pages 0.001ms
[2026-06-18T16:37:18.529+0800][36.178s][info][gc,phases   ] GC(339) Concurrent Select Relocation Set 0.822ms
[2026-06-18T16:37:18.530+0800][36.179s][info][gc,phases   ] GC(339) Concurrent Prepare Relocation Set 0.007ms
[2026-06-18T16:37:18.532+0800][36.181s][info][gc,phases   ] GC(339) Pause Relocate Start 0.211ms
[2026-06-18T16:37:18.534+0800][36.184s][info][gc,phases   ] GC(339) Concurrent Relocate 1.030ms
[2026-06-18T16:37:18.536+0800][36.186s][info][gc,load     ] GC(339) Load: 0.61/0.40/0.25
[2026-06-18T16:37:18.537+0800][36.187s][info][gc,mmu      ] GC(339) MMU: 2ms/39.9%, 5ms/76.0%, 10ms/83.7%, 20ms/90.0%, 50ms/96.0%, 100ms/97.1%
[2026-06-18T16:37:18.539+0800][36.188s][info][gc,marking  ] GC(339) Mark: 2 stripe(s), 1 proactive flush(es), 1 terminate flush(es), 0 completion(s), 0 continuation(s) 
[2026-06-18T16:37:18.540+0800][36.189s][info][gc,reloc    ] GC(339) Relocation: Successful, 23M relocated
[2026-06-18T16:37:18.541+0800][36.191s][info][gc,nmethod  ] GC(339) NMethods: 24 registered, 0 unregistered
[2026-06-18T16:37:18.542+0800][36.191s][info][gc,metaspace] GC(339) Metaspace: 3M used, 4M capacity, 4M committed, 8M reserved
[2026-06-18T16:37:18.543+0800][36.192s][info][gc,ref      ] GC(339) Soft: 43 encountered, 0 discovered, 0 enqueued
[2026-06-18T16:37:18.544+0800][36.193s][info][gc,ref      ] GC(339) Weak: 7 encountered, 2 discovered, 0 enqueued
[2026-06-18T16:37:18.544+0800][36.193s][info][gc,ref      ] GC(339) Final: 0 encountered, 0 discovered, 0 enqueued
[2026-06-18T16:37:18.545+0800][36.194s][info][gc,ref      ] GC(339) Phantom: 1 encountered, 1 discovered, 0 enqueued
[2026-06-18T16:37:18.545+0800][36.195s][info][gc,heap     ] GC(339)                Mark Start          Mark End        Relocate Start      Relocate End           High               Low         
[2026-06-18T16:37:18.546+0800][36.195s][info][gc,heap     ] GC(339)  Capacity:      256M (100%)        256M (100%)        256M (100%)        256M (100%)        256M (100%)        256M (100%)   
[2026-06-18T16:37:18.547+0800][36.196s][info][gc,heap     ] GC(339)   Reserve:       62M (24%)          62M (24%)          62M (24%)          62M (24%)          62M (24%)          62M (24%)    
[2026-06-18T16:37:18.547+0800][36.197s][info][gc,heap     ] GC(339)      Free:      110M (43%)         110M (43%)         140M (55%)         148M (58%)         148M (58%)         106M (41%)    
[2026-06-18T16:37:18.548+0800][36.197s][info][gc,heap     ] GC(339)      Used:       84M (33%)          84M (33%)          54M (21%)          46M (18%)          88M (34%)          46M (18%)    
[2026-06-18T16:37:18.548+0800][36.198s][info][gc,heap     ] GC(339)      Live:         -                24M (10%)          24M (10%)          24M (10%)            -                  -          
[2026-06-18T16:37:18.549+0800][36.198s][info][gc,heap     ] GC(339) Allocated:         -                 0M (0%)            4M (2%)           10M (4%)             -                  -          
[2026-06-18T16:37:18.549+0800][36.198s][info][gc,heap     ] GC(339)   Garbage:         -                59M (23%)          25M (10%)          17M (7%)             -                  -          
[2026-06-18T16:37:18.549+0800][36.199s][info][gc,heap     ] GC(339) Reclaimed:         -                  -                34M (13%)          42M (16%)            -                  -          
[2026-06-18T16:37:18.550+0800][36.199s][info][gc          ] GC(339) Garbage Collection (Allocation Rate) 84M(33%)->46M(18%)
[2026-06-18T16:37:18.614+0800][36.263s][info][gc,start    ] GC(340) Garbage Collection (Allocation Rate)
[2026-06-18T16:37:18.617+0800][36.266s][info][gc,phases   ] GC(340) Pause Mark Start 0.511ms
[2026-06-18T16:37:18.621+0800][36.270s][info][gc,phases   ] GC(340) Concurrent Mark 2.001ms
[2026-06-18T16:37:18.625+0800][36.274s][info][gc,phases   ] GC(340) Pause Mark End 0.570ms
[2026-06-18T16:37:18.627+0800][36.276s][info][gc,phases   ] GC(340) Concurrent Process Non-Strong References 0.221ms
[2026-06-18T16:37:18.627+0800][36.277s][info][gc,phases   ] GC(340) Concurrent Reset Relocation Set 0.003ms
[2026-06-18T16:37:18.629+0800][36.278s][info][gc,phases   ] GC(340) Concurrent Destroy Detached Pages 0.001ms
[2026-06-18T16:37:18.631+0800][36.280s][info][gc,phases   ] GC(340) Concurrent Select Relocation Set 0.681ms
[2026-06-18T16:37:18.631+0800][36.281s][info][gc,phases   ] GC(340) Concurrent Prepare Relocation Set 0.008ms
[2026-06-18T16:37:18.632+0800][36.281s][info][gc,phases   ] GC(340) Pause Relocate Start 0.156ms
[2026-06-18T16:37:18.634+0800][36.284s][info][gc,phases   ] GC(340) Concurrent Relocate 1.674ms
[2026-06-18T16:37:18.635+0800][36.284s][info][gc,load     ] GC(340) Load: 0.61/0.40/0.25
[2026-06-18T16:37:18.636+0800][36.285s][info][gc,mmu      ] GC(340) MMU: 2ms/39.9%, 5ms/76.0%, 10ms/83.7%, 20ms/90.0%, 50ms/96.0%, 100ms/97.1%
[2026-06-18T16:37:18.636+0800][36.285s][info][gc,marking  ] GC(340) Mark: 2 stripe(s), 1 proactive flush(es), 1 terminate flush(es), 0 completion(s), 0 continuation(s) 
[2026-06-18T16:37:18.636+0800][36.286s][info][gc,reloc    ] GC(340) Relocation: Successful, 22M relocated
[2026-06-18T16:37:18.638+0800][36.287s][info][gc,nmethod  ] GC(340) NMethods: 25 registered, 0 unregistered
[2026-06-18T16:37:18.639+0800][36.289s][info][gc,metaspace] GC(340) Metaspace: 3M used, 4M capacity, 4M committed, 8M reserved
[2026-06-18T16:37:18.643+0800][36.292s][info][gc,ref      ] GC(340) Soft: 43 encountered, 0 discovered, 0 enqueued
[2026-06-18T16:37:18.645+0800][36.295s][info][gc,ref      ] GC(340) Weak: 7 encountered, 2 discovered, 0 enqueued
[2026-06-18T16:37:18.649+0800][36.298s][info][gc,ref      ] GC(340) Final: 0 encountered, 0 discovered, 0 enqueued
[2026-06-18T16:37:18.653+0800][36.302s][info][gc,ref      ] GC(340) Phantom: 1 encountered, 1 discovered, 0 enqueued
[2026-06-18T16:37:18.657+0800][36.307s][info][gc,heap     ] GC(340)                Mark Start          Mark End        Relocate Start      Relocate End           High               Low         
[2026-06-18T16:37:18.661+0800][36.310s][info][gc,heap     ] GC(340)  Capacity:      256M (100%)        256M (100%)        256M (100%)        256M (100%)        256M (100%)        256M (100%)   
[2026-06-18T16:37:18.666+0800][36.315s][info][gc,heap     ] GC(340)   Reserve:       62M (24%)          62M (24%)          62M (24%)          62M (24%)          62M (24%)          62M (24%)    
[2026-06-18T16:37:18.669+0800][36.318s][info][gc,heap     ] GC(340)      Free:       82M (32%)          78M (30%)         104M (41%)         146M (57%)         146M (57%)          62M (24%)    
[2026-06-18T16:37:18.670+0800][36.319s][info][gc,heap     ] GC(340)      Used:      112M (44%)         116M (45%)          90M (35%)          48M (19%)         132M (52%)          48M (19%)    
[2026-06-18T16:37:18.671+0800][36.320s][info][gc,heap     ] GC(340)      Live:         -                22M (9%)           22M (9%)           22M (9%)             -                  -          
[2026-06-18T16:37:18.671+0800][36.320s][info][gc,heap     ] GC(340) Allocated:         -                 4M (2%)            4M (2%)           48M (19%)            -                  -          
[2026-06-18T16:37:18.672+0800][36.321s][info][gc,heap     ] GC(340)   Garbage:         -                89M (35%)          63M (25%)          17M (7%)             -                  -          
[2026-06-18T16:37:18.673+0800][36.322s][info][gc,heap     ] GC(340) Reclaimed:         -                  -                26M (10%)          72M (28%)            -                  -          
[2026-06-18T16:37:18.673+0800][36.323s][info][gc          ] GC(340) Garbage Collection (Allocation Rate) 112M(44%)->48M(19%)
[2026-06-18T16:37:18.713+0800][36.363s][info][gc,start    ] GC(341) Garbage Collection (Allocation Rate)
[2026-06-18T16:37:18.718+0800][36.367s][info][gc,phases   ] GC(341) Pause Mark Start 0.446ms
[2026-06-18T16:37:18.722+0800][36.372s][info][gc,phases   ] GC(341) Concurrent Mark 2.391ms
[2026-06-18T16:37:18.725+0800][36.374s][info][gc,phases   ] GC(341) Pause Mark End 0.707ms
[2026-06-18T16:37:18.726+0800][36.375s][info][gc,phases   ] GC(341) Concurrent Process Non-Strong References 0.194ms
[2026-06-18T16:37:18.727+0800][36.376s][info][gc,phases   ] GC(341) Concurrent Reset Relocation Set 0.005ms
[2026-06-18T16:37:18.728+0800][36.377s][info][gc,phases   ] GC(341) Concurrent Destroy Detached Pages 0.001ms
[2026-06-18T16:37:18.729+0800][36.379s][info][gc,phases   ] GC(341) Concurrent Select Relocation Set 0.941ms
[2026-06-18T16:37:18.731+0800][36.380s][info][gc,phases   ] GC(341) Concurrent Prepare Relocation Set 0.011ms
[2026-06-18T16:37:18.732+0800][36.382s][info][gc,phases   ] GC(341) Pause Relocate Start 0.257ms
[2026-06-18T16:37:18.734+0800][36.383s][info][gc,phases   ] GC(341) Concurrent Relocate 0.487ms
[2026-06-18T16:37:18.735+0800][36.384s][info][gc,load     ] GC(341) Load: 0.61/0.40/0.25
[2026-06-18T16:37:18.735+0800][36.384s][info][gc,mmu      ] GC(341) MMU: 2ms/39.9%, 5ms/76.0%, 10ms/83.7%, 20ms/90.0%, 50ms/96.0%, 100ms/97.1%
[2026-06-18T16:37:18.736+0800][36.385s][info][gc,marking  ] GC(341) Mark: 2 stripe(s), 2 proactive flush(es), 1 terminate flush(es), 0 completion(s), 0 continuation(s) 
[2026-06-18T16:37:18.736+0800][36.386s][info][gc,reloc    ] GC(341) Relocation: Successful, 25M relocated
[2026-06-18T16:37:18.737+0800][36.386s][info][gc,nmethod  ] GC(341) NMethods: 25 registered, 0 unregistered
[2026-06-18T16:37:18.737+0800][36.386s][info][gc,metaspace] GC(341) Metaspace: 3M used, 4M capacity, 4M committed, 8M reserved
[2026-06-18T16:37:18.738+0800][36.387s][info][gc,ref      ] GC(341) Soft: 43 encountered, 0 discovered, 0 enqueued
[2026-06-18T16:37:18.738+0800][36.388s][info][gc,ref      ] GC(341) Weak: 7 encountered, 2 discovered, 0 enqueued
[2026-06-18T16:37:18.739+0800][36.388s][info][gc,ref      ] GC(341) Final: 0 encountered, 0 discovered, 0 enqueued
[2026-06-18T16:37:18.739+0800][36.388s][info][gc,ref      ] GC(341) Phantom: 1 encountered, 1 discovered, 0 enqueued
[2026-06-18T16:37:18.739+0800][36.388s][info][gc,heap     ] GC(341)                Mark Start          Mark End        Relocate Start      Relocate End           High               Low         
[2026-06-18T16:37:18.739+0800][36.389s][info][gc,heap     ] GC(341)  Capacity:      256M (100%)        256M (100%)        256M (100%)        256M (100%)        256M (100%)        256M (100%)   
[2026-06-18T16:37:18.739+0800][36.389s][info][gc,heap     ] GC(341)   Reserve:       62M (24%)          62M (24%)          62M (24%)          62M (24%)          62M (24%)          62M (24%)    
[2026-06-18T16:37:18.740+0800][36.389s][info][gc,heap     ] GC(341)      Free:      120M (47%)         116M (45%)         104M (41%)         112M (44%)         142M (55%)         100M (39%)    
[2026-06-18T16:37:18.740+0800][36.389s][info][gc,heap     ] GC(341)      Used:       74M (29%)          78M (30%)          90M (35%)          82M (32%)          94M (37%)          52M (20%)    
[2026-06-18T16:37:18.740+0800][36.389s][info][gc,heap     ] GC(341)      Live:         -                29M (12%)          29M (12%)          29M (12%)            -                  -          
[2026-06-18T16:37:18.740+0800][36.390s][info][gc,heap     ] GC(341) Allocated:         -                 4M (2%)           42M (16%)          46M (18%)            -                  -          
[2026-06-18T16:37:18.740+0800][36.390s][info][gc,heap     ] GC(341)   Garbage:         -                44M (17%)          18M (7%)           10M (4%)             -                  -          
[2026-06-18T16:37:18.741+0800][36.390s][info][gc,heap     ] GC(341) Reclaimed:         -                  -                26M (10%)          34M (13%)            -                  -          
[2026-06-18T16:37:18.741+0800][36.390s][info][gc          ] GC(341) Garbage Collection (Allocation Rate) 74M(29%)->82M(32%)
[2026-06-18T16:37:18.814+0800][36.463s][info][gc,start    ] GC(342) Garbage Collection (Allocation Rate)
[2026-06-18T16:37:18.817+0800][36.467s][info][gc,phases   ] GC(342) Pause Mark Start 0.492ms
[2026-06-18T16:37:18.821+0800][36.470s][info][gc,phases   ] GC(342) Concurrent Mark 2.099ms
[2026-06-18T16:37:18.824+0800][36.473s][info][gc,phases   ] GC(342) Pause Mark End 0.740ms
[2026-06-18T16:37:18.826+0800][36.475s][info][gc,phases   ] GC(342) Concurrent Process Non-Strong References 0.230ms
[2026-06-18T16:37:18.827+0800][36.476s][info][gc,phases   ] GC(342) Concurrent Reset Relocation Set 0.003ms
[2026-06-18T16:37:18.827+0800][36.477s][info][gc,phases   ] GC(342) Concurrent Destroy Detached Pages 0.001ms
[2026-06-18T16:37:18.829+0800][36.478s][info][gc,phases   ] GC(342) Concurrent Select Relocation Set 0.819ms
[2026-06-18T16:37:18.830+0800][36.479s][info][gc,phases   ] GC(342) Concurrent Prepare Relocation Set 0.002ms
[2026-06-18T16:37:18.831+0800][36.480s][info][gc,phases   ] GC(342) Pause Relocate Start 0.184ms
[2026-06-18T16:37:18.833+0800][36.482s][info][gc,phases   ] GC(342) Concurrent Relocate 1.419ms
[2026-06-18T16:37:18.833+0800][36.483s][info][gc,load     ] GC(342) Load: 0.61/0.40/0.25
[2026-06-18T16:37:18.834+0800][36.483s][info][gc,mmu      ] GC(342) MMU: 2ms/39.9%, 5ms/76.0%, 10ms/83.7%, 20ms/90.0%, 50ms/96.0%, 100ms/97.1%
[2026-06-18T16:37:18.834+0800][36.484s][info][gc,marking  ] GC(342) Mark: 2 stripe(s), 1 proactive flush(es), 1 terminate flush(es), 0 completion(s), 0 continuation(s) 
[2026-06-18T16:37:18.835+0800][36.484s][info][gc,reloc    ] GC(342) Relocation: Successful, 19M relocated
[2026-06-18T16:37:18.835+0800][36.485s][info][gc,nmethod  ] GC(342) NMethods: 25 registered, 0 unregistered
[2026-06-18T16:37:18.836+0800][36.485s][info][gc,metaspace] GC(342) Metaspace: 3M used, 4M capacity, 4M committed, 8M reserved
[2026-06-18T16:37:18.836+0800][36.485s][info][gc,ref      ] GC(342) Soft: 43 encountered, 0 discovered, 0 enqueued
[2026-06-18T16:37:18.836+0800][36.486s][info][gc,ref      ] GC(342) Weak: 7 encountered, 2 discovered, 0 enqueued
[2026-06-18T16:37:18.837+0800][36.487s][info][gc,ref      ] GC(342) Final: 0 encountered, 0 discovered, 0 enqueued
[2026-06-18T16:37:18.838+0800][36.487s][info][gc,ref      ] GC(342) Phantom: 1 encountered, 1 discovered, 0 enqueued
[2026-06-18T16:37:18.838+0800][36.487s][info][gc,heap     ] GC(342)                Mark Start          Mark End        Relocate Start      Relocate End           High               Low         
[2026-06-18T16:37:18.838+0800][36.487s][info][gc,heap     ] GC(342)  Capacity:      256M (100%)        256M (100%)        256M (100%)        256M (100%)        256M (100%)        256M (100%)   
[2026-06-18T16:37:18.838+0800][36.488s][info][gc,heap     ] GC(342)   Reserve:       62M (24%)          62M (24%)          62M (24%)          62M (24%)          62M (24%)          62M (24%)    
[2026-06-18T16:37:18.839+0800][36.488s][info][gc,heap     ] GC(342)      Free:       82M (32%)          82M (32%)          72M (28%)         144M (56%)         144M (56%)          44M (17%)    
[2026-06-18T16:37:18.839+0800][36.488s][info][gc,heap     ] GC(342)      Used:      112M (44%)         112M (44%)         122M (48%)          50M (20%)         150M (59%)          50M (20%)    
[2026-06-18T16:37:18.839+0800][36.488s][info][gc,heap     ] GC(342)      Live:         -                19M (8%)           19M (8%)           19M (8%)             -                  -          
[2026-06-18T16:37:18.839+0800][36.489s][info][gc,heap     ] GC(342) Allocated:         -                 0M (0%)           38M (15%)          46M (18%)            -                  -          
[2026-06-18T16:37:18.839+0800][36.489s][info][gc,heap     ] GC(342)   Garbage:         -                92M (36%)          64M (25%)    17592186044408M (6         -                  -          
[2026-06-18T16:37:18.840+0800][36.489s][info][gc,heap     ] GC(342) Reclaimed:         -                  -                28M (11%)         100M (39%)            -                  -          
[2026-06-18T16:37:18.840+0800][36.489s][info][gc          ] GC(342) Garbage Collection (Allocation Rate) 112M(44%)->50M(20%)
[2026-06-18T16:37:18.913+0800][36.563s][info][gc,start    ] GC(343) Garbage Collection (Allocation Rate)
[2026-06-18T16:37:18.916+0800][36.565s][info][gc,phases   ] GC(343) Pause Mark Start 0.399ms
[2026-06-18T16:37:18.920+0800][36.569s][info][gc,phases   ] GC(343) Concurrent Mark 2.353ms
[2026-06-18T16:37:18.923+0800][36.572s][info][gc,phases   ] GC(343) Pause Mark End 0.772ms
[2026-06-18T16:37:18.925+0800][36.574s][info][gc,phases   ] GC(343) Concurrent Process Non-Strong References 0.215ms
[2026-06-18T16:37:18.926+0800][36.575s][info][gc,phases   ] GC(343) Concurrent Reset Relocation Set 0.005ms
[2026-06-18T16:37:18.927+0800][36.576s][info][gc,phases   ] GC(343) Concurrent Destroy Detached Pages 0.001ms
[2026-06-18T16:37:18.928+0800][36.578s][info][gc,phases   ] GC(343) Concurrent Select Relocation Set 0.775ms
[2026-06-18T16:37:18.929+0800][36.578s][info][gc,phases   ] GC(343) Concurrent Prepare Relocation Set 0.002ms
[2026-06-18T16:37:18.930+0800][36.580s][info][gc,phases   ] GC(343) Pause Relocate Start 0.182ms
[2026-06-18T16:37:18.931+0800][36.581s][info][gc,phases   ] GC(343) Concurrent Relocate 0.301ms
[2026-06-18T16:37:18.932+0800][36.581s][info][gc,load     ] GC(343) Load: 0.61/0.40/0.25
[2026-06-18T16:37:18.932+0800][36.582s][info][gc,mmu      ] GC(343) MMU: 2ms/39.9%, 5ms/76.0%, 10ms/83.7%, 20ms/90.0%, 50ms/96.0%, 100ms/97.1%
[2026-06-18T16:37:18.933+0800][36.582s][info][gc,marking  ] GC(343) Mark: 2 stripe(s), 1 proactive flush(es), 1 terminate flush(es), 0 completion(s), 0 continuation(s) 
[2026-06-18T16:37:18.934+0800][36.583s][info][gc,reloc    ] GC(343) Relocation: Successful, 23M relocated
[2026-06-18T16:37:18.935+0800][36.584s][info][gc,nmethod  ] GC(343) NMethods: 25 registered, 0 unregistered
[2026-06-18T16:37:18.936+0800][36.585s][info][gc,metaspace] GC(343) Metaspace: 3M used, 4M capacity, 4M committed, 8M reserved
[2026-06-18T16:37:18.936+0800][36.586s][info][gc,ref      ] GC(343) Soft: 43 encountered, 0 discovered, 0 enqueued
[2026-06-18T16:37:18.937+0800][36.586s][info][gc,ref      ] GC(343) Weak: 7 encountered, 2 discovered, 0 enqueued
[2026-06-18T16:37:18.937+0800][36.587s][info][gc,ref      ] GC(343) Final: 0 encountered, 0 discovered, 0 enqueued
[2026-06-18T16:37:18.938+0800][36.587s][info][gc,ref      ] GC(343) Phantom: 1 encountered, 1 discovered, 0 enqueued
[2026-06-18T16:37:18.938+0800][36.587s][info][gc,heap     ] GC(343)                Mark Start          Mark End        Relocate Start      Relocate End           High               Low         
[2026-06-18T16:37:18.938+0800][36.587s][info][gc,heap     ] GC(343)  Capacity:      256M (100%)        256M (100%)        256M (100%)        256M (100%)        256M (100%)        256M (100%)   
[2026-06-18T16:37:18.938+0800][36.588s][info][gc,heap     ] GC(343)   Reserve:       62M (24%)          62M (24%)          62M (24%)          62M (24%)          62M (24%)          62M (24%)    
[2026-06-18T16:37:18.939+0800][36.588s][info][gc,heap     ] GC(343)      Free:      114M (45%)          76M (30%)         104M (41%)         112M (44%)         114M (45%)          76M (30%)    
[2026-06-18T16:37:18.939+0800][36.588s][info][gc,heap     ] GC(343)      Used:       80M (31%)         118M (46%)          90M (35%)          82M (32%)         118M (46%)          80M (31%)    
[2026-06-18T16:37:18.939+0800][36.588s][info][gc,heap     ] GC(343)      Live:         -                25M (10%)          25M (10%)          25M (10%)            -                  -          
[2026-06-18T16:37:18.940+0800][36.589s][info][gc,heap     ] GC(343) Allocated:         -                38M (15%)          38M (15%)          46M (18%)            -                  -          
[2026-06-18T16:37:18.940+0800][36.589s][info][gc,heap     ] GC(343)   Garbage:         -                54M (21%)          26M (10%)          18M (7%)             -                  -          
[2026-06-18T16:37:18.940+0800][36.589s][info][gc,heap     ] GC(343) Reclaimed:         -                  -                28M (11%)          36M (14%)            -                  -          
[2026-06-18T16:37:18.940+0800][36.589s][info][gc          ] GC(343) Garbage Collection (Allocation Rate) 80M(31%)->82M(32%)
[2026-06-18T16:37:19.013+0800][36.663s][info][gc,start    ] GC(344) Garbage Collection (Allocation Rate)
[2026-06-18T16:37:19.016+0800][36.665s][info][gc,phases   ] GC(344) Pause Mark Start 0.297ms
[2026-06-18T16:37:19.020+0800][36.669s][info][gc,phases   ] GC(344) Concurrent Mark 1.648ms
[2026-06-18T16:37:19.022+0800][36.671s][info][gc,phases   ] GC(344) Pause Mark End 0.334ms
[2026-06-18T16:37:19.023+0800][36.672s][info][gc,phases   ] GC(344) Concurrent Process Non-Strong References 0.061ms
[2026-06-18T16:37:19.024+0800][36.673s][info][gc,phases   ] GC(344) Concurrent Reset Relocation Set 0.002ms
[2026-06-18T16:37:19.024+0800][36.673s][info][gc,phases   ] GC(344) Concurrent Destroy Detached Pages 0.000ms
[2026-06-18T16:37:19.025+0800][36.674s][info][gc,phases   ] GC(344) Concurrent Select Relocation Set 0.459ms
[2026-06-18T16:37:19.025+0800][36.675s][info][gc,phases   ] GC(344) Concurrent Prepare Relocation Set 0.014ms
[2026-06-18T16:37:19.026+0800][36.675s][info][gc,phases   ] GC(344) Pause Relocate Start 0.112ms
[2026-06-18T16:37:19.028+0800][36.677s][info][gc,phases   ] GC(344) Concurrent Relocate 1.199ms
[2026-06-18T16:37:19.028+0800][36.678s][info][gc,load     ] GC(344) Load: 0.61/0.40/0.25
[2026-06-18T16:37:19.029+0800][36.678s][info][gc,mmu      ] GC(344) MMU: 2ms/39.9%, 5ms/76.0%, 10ms/83.7%, 20ms/90.0%, 50ms/96.0%, 100ms/97.1%
[2026-06-18T16:37:19.029+0800][36.678s][info][gc,marking  ] GC(344) Mark: 2 stripe(s), 1 proactive flush(es), 1 terminate flush(es), 0 completion(s), 0 continuation(s) 
[2026-06-18T16:37:19.029+0800][36.679s][info][gc,reloc    ] GC(344) Relocation: Successful, 22M relocated
[2026-06-18T16:37:19.030+0800][36.679s][info][gc,nmethod  ] GC(344) NMethods: 25 registered, 0 unregistered
[2026-06-18T16:37:19.030+0800][36.679s][info][gc,metaspace] GC(344) Metaspace: 3M used, 4M capacity, 4M committed, 8M reserved
[2026-06-18T16:37:19.030+0800][36.679s][info][gc,ref      ] GC(344) Soft: 43 encountered, 0 discovered, 0 enqueued
[2026-06-18T16:37:19.030+0800][36.680s][info][gc,ref      ] GC(344) Weak: 7 encountered, 2 discovered, 0 enqueued
[2026-06-18T16:37:19.031+0800][36.680s][info][gc,ref      ] GC(344) Final: 0 encountered, 0 discovered, 0 enqueued
[2026-06-18T16:37:19.031+0800][36.680s][info][gc,ref      ] GC(344) Phantom: 1 encountered, 1 discovered, 0 enqueued
[2026-06-18T16:37:19.031+0800][36.681s][info][gc,heap     ] GC(344)                Mark Start          Mark End        Relocate Start      Relocate End           High               Low         
[2026-06-18T16:37:19.032+0800][36.681s][info][gc,heap     ] GC(344)  Capacity:      256M (100%)        256M (100%)        256M (100%)        256M (100%)        256M (100%)        256M (100%)   
[2026-06-18T16:37:19.032+0800][36.681s][info][gc,heap     ] GC(344)   Reserve:       62M (24%)          62M (24%)          62M (24%)          62M (24%)          62M (24%)          62M (24%)    
[2026-06-18T16:37:19.032+0800][36.681s][info][gc,heap     ] GC(344)      Free:       82M (32%)          44M (17%)          72M (28%)         142M (55%)         142M (55%)          44M (17%)    
[2026-06-18T16:37:19.032+0800][36.682s][info][gc,heap     ] GC(344)      Used:      112M (44%)         150M (59%)         122M (48%)          52M (20%)         150M (59%)          52M (20%)    
[2026-06-18T16:37:19.033+0800][36.682s][info][gc,heap     ] GC(344)      Live:         -                22M (9%)           22M (9%)           22M (9%)             -                  -          
[2026-06-18T16:37:19.033+0800][36.682s][info][gc,heap     ] GC(344) Allocated:         -                38M (15%)          38M (15%)          46M (18%)            -                  -          
[2026-06-18T16:37:19.033+0800][36.682s][info][gc,heap     ] GC(344)   Garbage:         -                89M (35%)          61M (24%)    17592186044407M (6         -                  -          
[2026-06-18T16:37:19.033+0800][36.682s][info][gc,heap     ] GC(344) Reclaimed:         -                  -                28M (11%)          98M (38%)            -                  -          
[2026-06-18T16:37:19.033+0800][36.683s][info][gc          ] GC(344) Garbage Collection (Allocation Rate) 112M(44%)->52M(20%)
[2026-06-18T16:37:19.114+0800][36.763s][info][gc,start    ] GC(345) Garbage Collection (Allocation Rate)
[2026-06-18T16:37:19.117+0800][36.766s][info][gc,phases   ] GC(345) Pause Mark Start 0.506ms
[2026-06-18T16:37:19.121+0800][36.771s][info][gc,phases   ] GC(345) Concurrent Mark 2.049ms
[2026-06-18T16:37:19.125+0800][36.774s][info][gc,phases   ] GC(345) Pause Mark End 0.698ms
[2026-06-18T16:37:19.126+0800][36.775s][info][gc,phases   ] GC(345) Concurrent Process Non-Strong References 0.299ms
[2026-06-18T16:37:19.127+0800][36.777s][info][gc,phases   ] GC(345) Concurrent Reset Relocation Set 0.005ms
[2026-06-18T16:37:19.128+0800][36.778s][info][gc,phases   ] GC(345) Concurrent Destroy Detached Pages 0.001ms
[2026-06-18T16:37:19.130+0800][36.780s][info][gc,phases   ] GC(345) Concurrent Select Relocation Set 0.932ms
[2026-06-18T16:37:19.131+0800][36.780s][info][gc,phases   ] GC(345) Concurrent Prepare Relocation Set 0.008ms
[2026-06-18T16:37:19.132+0800][36.781s][info][gc,phases   ] GC(345) Pause Relocate Start 0.233ms
[2026-06-18T16:37:19.133+0800][36.782s][info][gc,phases   ] GC(345) Concurrent Relocate 0.477ms
[2026-06-18T16:37:19.134+0800][36.783s][info][gc,load     ] GC(345) Load: 0.61/0.40/0.25
[2026-06-18T16:37:19.134+0800][36.783s][info][gc,mmu      ] GC(345) MMU: 2ms/39.9%, 5ms/76.0%, 10ms/83.7%, 20ms/90.0%, 50ms/96.0%, 100ms/97.1%
[2026-06-18T16:37:19.135+0800][36.784s][info][gc,marking  ] GC(345) Mark: 2 stripe(s), 1 proactive flush(es), 1 terminate flush(es), 0 completion(s), 0 continuation(s) 
[2026-06-18T16:37:19.135+0800][36.785s][info][gc,reloc    ] GC(345) Relocation: Successful, 19M relocated
[2026-06-18T16:37:19.136+0800][36.785s][info][gc,nmethod  ] GC(345) NMethods: 25 registered, 0 unregistered
[2026-06-18T16:37:19.136+0800][36.786s][info][gc,metaspace] GC(345) Metaspace: 3M used, 4M capacity, 4M committed, 8M reserved
[2026-06-18T16:37:19.137+0800][36.786s][info][gc,ref      ] GC(345) Soft: 43 encountered, 0 discovered, 0 enqueued
[2026-06-18T16:37:19.137+0800][36.787s][info][gc,ref      ] GC(345) Weak: 7 encountered, 2 discovered, 0 enqueued
[2026-06-18T16:37:19.138+0800][36.787s][info][gc,ref      ] GC(345) Final: 0 encountered, 0 discovered, 0 enqueued
[2026-06-18T16:37:19.138+0800][36.787s][info][gc,ref      ] GC(345) Phantom: 1 encountered, 1 discovered, 0 enqueued
[2026-06-18T16:37:19.138+0800][36.787s][info][gc,heap     ] GC(345)                Mark Start          Mark End        Relocate Start      Relocate End           High               Low         
[2026-06-18T16:37:19.138+0800][36.788s][info][gc,heap     ] GC(345)  Capacity:      256M (100%)        256M (100%)        256M (100%)        256M (100%)        256M (100%)        256M (100%)   
[2026-06-18T16:37:19.139+0800][36.788s][info][gc,heap     ] GC(345)   Reserve:       62M (24%)          62M (24%)          62M (24%)          62M (24%)          62M (24%)          62M (24%)    
[2026-06-18T16:37:19.139+0800][36.789s][info][gc,heap     ] GC(345)      Free:      106M (41%)         106M (41%)          98M (38%)         118M (46%)         118M (46%)          70M (27%)    
[2026-06-18T16:37:19.139+0800][36.789s][info][gc,heap     ] GC(345)      Used:       88M (34%)          88M (34%)          96M (38%)          76M (30%)         124M (48%)          76M (30%)    
[2026-06-18T16:37:19.140+0800][36.789s][info][gc,heap     ] GC(345)      Live:         -                21M (8%)           21M (8%)           21M (8%)             -                  -          
[2026-06-18T16:37:19.140+0800][36.789s][info][gc,heap     ] GC(345) Allocated:         -                 0M (0%)           36M (14%)          42M (16%)            -                  -          
[2026-06-18T16:37:19.140+0800][36.789s][info][gc,heap     ] GC(345)   Garbage:         -                66M (26%)          38M (15%)          18M (7%)             -                  -          
[2026-06-18T16:37:19.140+0800][36.790s][info][gc,heap     ] GC(345) Reclaimed:         -                  -                28M (11%)          48M (19%)            -                  -          
[2026-06-18T16:37:19.141+0800][36.790s][info][gc          ] GC(345) Garbage Collection (Allocation Rate) 88M(34%)->76M(30%)
[2026-06-18T16:37:19.214+0800][36.864s][info][gc,start    ] GC(346) Garbage Collection (Allocation Rate)
[2026-06-18T16:37:19.217+0800][36.867s][info][gc,phases   ] GC(346) Pause Mark Start 0.412ms
[2026-06-18T16:37:19.222+0800][36.871s][info][gc,phases   ] GC(346) Concurrent Mark 2.008ms
[2026-06-18T16:37:19.227+0800][36.877s][info][gc,phases   ] GC(346) Pause Mark End 0.655ms
[2026-06-18T16:37:19.234+0800][36.883s][info][gc,phases   ] GC(346) Concurrent Process Non-Strong References 0.412ms
[2026-06-18T16:37:19.237+0800][36.887s][info][gc,phases   ] GC(346) Concurrent Reset Relocation Set 0.008ms
[2026-06-18T16:37:19.241+0800][36.890s][info][gc,phases   ] GC(346) Concurrent Destroy Detached Pages 0.002ms
[2026-06-18T16:37:19.244+0800][36.894s][info][gc,phases   ] GC(346) Concurrent Select Relocation Set 1.285ms
[2026-06-18T16:37:19.246+0800][36.895s][info][gc,phases   ] GC(346) Concurrent Prepare Relocation Set 0.004ms
[2026-06-18T16:37:19.248+0800][36.898s][info][gc,phases   ] GC(346) Pause Relocate Start 0.277ms
[2026-06-18T16:37:19.252+0800][36.901s][info][gc,phases   ] GC(346) Concurrent Relocate 2.089ms
[2026-06-18T16:37:19.253+0800][36.902s][info][gc,load     ] GC(346) Load: 0.61/0.40/0.25
[2026-06-18T16:37:19.253+0800][36.903s][info][gc,mmu      ] GC(346) MMU: 2ms/39.9%, 5ms/76.0%, 10ms/83.7%, 20ms/90.0%, 50ms/96.0%, 100ms/97.1%
[2026-06-18T16:37:19.254+0800][36.903s][info][gc,marking  ] GC(346) Mark: 2 stripe(s), 1 proactive flush(es), 1 terminate flush(es), 0 completion(s), 0 continuation(s) 
[2026-06-18T16:37:19.255+0800][36.904s][info][gc,reloc    ] GC(346) Relocation: Successful, 22M relocated
[2026-06-18T16:37:19.255+0800][36.905s][info][gc,nmethod  ] GC(346) NMethods: 25 registered, 0 unregistered
[2026-06-18T16:37:19.256+0800][36.905s][info][gc,metaspace] GC(346) Metaspace: 3M used, 4M capacity, 4M committed, 8M reserved
[2026-06-18T16:37:19.257+0800][36.906s][info][gc,ref      ] GC(346) Soft: 43 encountered, 0 discovered, 0 enqueued
[2026-06-18T16:37:19.257+0800][36.906s][info][gc,ref      ] GC(346) Weak: 7 encountered, 2 discovered, 0 enqueued
[2026-06-18T16:37:19.257+0800][36.907s][info][gc,ref      ] GC(346) Final: 0 encountered, 0 discovered, 0 enqueued
[2026-06-18T16:37:19.258+0800][36.907s][info][gc,ref      ] GC(346) Phantom: 1 encountered, 1 discovered, 0 enqueued
[2026-06-18T16:37:19.259+0800][36.908s][info][gc,heap     ] GC(346)                Mark Start          Mark End        Relocate Start      Relocate End           High               Low         
[2026-06-18T16:37:19.259+0800][36.908s][info][gc,heap     ] GC(346)  Capacity:      256M (100%)        256M (100%)        256M (100%)        256M (100%)        256M (100%)        256M (100%)   
[2026-06-18T16:37:19.259+0800][36.909s][info][gc,heap     ] GC(346)   Reserve:       62M (24%)          62M (24%)          62M (24%)          62M (24%)          62M (24%)          62M (24%)    
[2026-06-18T16:37:19.260+0800][36.909s][info][gc,heap     ] GC(346)      Free:       86M (34%)          82M (32%)          72M (28%)         136M (53%)         136M (53%)          66M (26%)    
[2026-06-18T16:37:19.260+0800][36.909s][info][gc,heap     ] GC(346)      Used:      108M (42%)         112M (44%)         122M (48%)          58M (23%)         128M (50%)          58M (23%)    
[2026-06-18T16:37:19.260+0800][36.909s][info][gc,heap     ] GC(346)      Live:         -                27M (11%)          27M (11%)          27M (11%)            -                  -          
[2026-06-18T16:37:19.260+0800][36.910s][info][gc,heap     ] GC(346) Allocated:         -                 4M (2%)           44M (17%)          52M (20%)            -                  -          
[2026-06-18T16:37:19.261+0800][36.910s][info][gc,heap     ] GC(346)   Garbage:         -                80M (31%)          50M (20%)    17592186044402M (6         -                  -          
[2026-06-18T16:37:19.261+0800][36.911s][info][gc,heap     ] GC(346) Reclaimed:         -                  -                30M (12%)          94M (37%)            -                  -          
[2026-06-18T16:37:19.262+0800][36.911s][info][gc          ] GC(346) Garbage Collection (Allocation Rate) 108M(42%)->58M(23%)
[2026-06-18T16:37:19.314+0800][36.963s][info][gc,start    ] GC(347) Garbage Collection (Allocation Rate)
[2026-06-18T16:37:19.317+0800][36.966s][info][gc,phases   ] GC(347) Pause Mark Start 0.469ms
[2026-06-18T16:37:19.321+0800][36.970s][info][gc,phases   ] GC(347) Concurrent Mark 2.129ms
[2026-06-18T16:37:19.323+0800][36.972s][info][gc,phases   ] GC(347) Pause Mark End 0.582ms
[2026-06-18T16:37:19.324+0800][36.974s][info][gc,phases   ] GC(347) Concurrent Process Non-Strong References 0.157ms
[2026-06-18T16:37:19.325+0800][36.975s][info][gc,phases   ] GC(347) Concurrent Reset Relocation Set 0.004ms
[2026-06-18T16:37:19.326+0800][36.976s][info][gc,phases   ] GC(347) Concurrent Destroy Detached Pages 0.001ms
[2026-06-18T16:37:19.328+0800][36.977s][info][gc,phases   ] GC(347) Concurrent Select Relocation Set 0.861ms
[2026-06-18T16:37:19.329+0800][36.978s][info][gc,phases   ] GC(347) Concurrent Prepare Relocation Set 0.011ms
[2026-06-18T16:37:19.330+0800][36.979s][info][gc,phases   ] GC(347) Pause Relocate Start 0.189ms
[2026-06-18T16:37:19.331+0800][36.980s][info][gc,phases   ] GC(347) Concurrent Relocate 0.443ms
[2026-06-18T16:37:19.332+0800][36.981s][info][gc,load     ] GC(347) Load: 0.61/0.40/0.25
[2026-06-18T16:37:19.332+0800][36.981s][info][gc,mmu      ] GC(347) MMU: 2ms/39.9%, 5ms/76.0%, 10ms/83.7%, 20ms/90.0%, 50ms/96.0%, 100ms/97.1%
[2026-06-18T16:37:19.333+0800][36.982s][info][gc,marking  ] GC(347) Mark: 2 stripe(s), 2 proactive flush(es), 1 terminate flush(es), 0 completion(s), 0 continuation(s) 
[2026-06-18T16:37:19.333+0800][36.982s][info][gc,reloc    ] GC(347) Relocation: Successful, 22M relocated
[2026-06-18T16:37:19.333+0800][36.983s][info][gc,nmethod  ] GC(347) NMethods: 25 registered, 0 unregistered
[2026-06-18T16:37:19.334+0800][36.983s][info][gc,metaspace] GC(347) Metaspace: 3M used, 4M capacity, 4M committed, 8M reserved
[2026-06-18T16:37:19.334+0800][36.984s][info][gc,ref      ] GC(347) Soft: 43 encountered, 0 discovered, 0 enqueued
[2026-06-18T16:37:19.335+0800][36.984s][info][gc,ref      ] GC(347) Weak: 7 encountered, 2 discovered, 0 enqueued
[2026-06-18T16:37:19.335+0800][36.984s][info][gc,ref      ] GC(347) Final: 0 encountered, 0 discovered, 0 enqueued
[2026-06-18T16:37:19.335+0800][36.984s][info][gc,ref      ] GC(347) Phantom: 1 encountered, 1 discovered, 0 enqueued
[2026-06-18T16:37:19.335+0800][36.985s][info][gc,heap     ] GC(347)                Mark Start          Mark End        Relocate Start      Relocate End           High               Low         
[2026-06-18T16:37:19.336+0800][36.985s][info][gc,heap     ] GC(347)  Capacity:      256M (100%)        256M (100%)        256M (100%)        256M (100%)        256M (100%)        256M (100%)   
[2026-06-18T16:37:19.336+0800][36.985s][info][gc,heap     ] GC(347)   Reserve:       62M (24%)          62M (24%)          62M (24%)          62M (24%)          62M (24%)          62M (24%)    
[2026-06-18T16:37:19.336+0800][36.986s][info][gc,heap     ] GC(347)      Free:      112M (44%)         108M (42%)         132M (52%)         144M (56%)         144M (56%)         108M (42%)    
[2026-06-18T16:37:19.337+0800][36.986s][info][gc,heap     ] GC(347)      Used:       82M (32%)          86M (34%)          62M (24%)          50M (20%)          86M (34%)          50M (20%)    
[2026-06-18T16:37:19.337+0800][36.986s][info][gc,heap     ] GC(347)      Live:         -                24M (10%)          24M (10%)          24M (10%)            -                  -          
[2026-06-18T16:37:19.337+0800][36.987s][info][gc,heap     ] GC(347) Allocated:         -                 4M (2%)            8M (3%)           16M (6%)             -                  -          
[2026-06-18T16:37:19.337+0800][36.987s][info][gc,heap     ] GC(347)   Garbage:         -                57M (22%)          29M (12%)          17M (7%)             -                  -          
[2026-06-18T16:37:19.338+0800][36.987s][info][gc,heap     ] GC(347) Reclaimed:         -                  -                28M (11%)          40M (16%)            -                  -          
[2026-06-18T16:37:19.338+0800][36.987s][info][gc          ] GC(347) Garbage Collection (Allocation Rate) 82M(32%)->50M(20%)
[2026-06-18T16:37:19.414+0800][37.063s][info][gc,start    ] GC(348) Garbage Collection (Allocation Rate)
[2026-06-18T16:37:19.417+0800][37.066s][info][gc,phases   ] GC(348) Pause Mark Start 0.420ms
[2026-06-18T16:37:19.421+0800][37.070s][info][gc,phases   ] GC(348) Concurrent Mark 2.286ms
[2026-06-18T16:37:19.425+0800][37.074s][info][gc,phases   ] GC(348) Pause Mark End 0.834ms
[2026-06-18T16:37:19.426+0800][37.075s][info][gc,phases   ] GC(348) Concurrent Process Non-Strong References 0.334ms
[2026-06-18T16:37:19.427+0800][37.077s][info][gc,phases   ] GC(348) Concurrent Reset Relocation Set 0.005ms
[2026-06-18T16:37:19.428+0800][37.077s][info][gc,phases   ] GC(348) Concurrent Destroy Detached Pages 0.001ms
[2026-06-18T16:37:19.429+0800][37.079s][info][gc,phases   ] GC(348) Concurrent Select Relocation Set 0.838ms
[2026-06-18T16:37:19.430+0800][37.080s][info][gc,phases   ] GC(348) Concurrent Prepare Relocation Set 0.009ms
[2026-06-18T16:37:19.431+0800][37.081s][info][gc,phases   ] GC(348) Pause Relocate Start 0.243ms
[2026-06-18T16:37:19.434+0800][37.083s][info][gc,phases   ] GC(348) Concurrent Relocate 1.433ms
[2026-06-18T16:37:19.434+0800][37.083s][info][gc,load     ] GC(348) Load: 0.61/0.40/0.25
[2026-06-18T16:37:19.435+0800][37.084s][info][gc,mmu      ] GC(348) MMU: 2ms/39.9%, 5ms/76.0%, 10ms/83.7%, 20ms/90.0%, 50ms/96.0%, 100ms/97.1%
[2026-06-18T16:37:19.435+0800][37.085s][info][gc,marking  ] GC(348) Mark: 2 stripe(s), 1 proactive flush(es), 1 terminate flush(es), 0 completion(s), 0 continuation(s) 
[2026-06-18T16:37:19.436+0800][37.085s][info][gc,reloc    ] GC(348) Relocation: Successful, 19M relocated
[2026-06-18T16:37:19.436+0800][37.086s][info][gc,nmethod  ] GC(348) NMethods: 25 registered, 0 unregistered
[2026-06-18T16:37:19.437+0800][37.086s][info][gc,metaspace] GC(348) Metaspace: 3M used, 4M capacity, 4M committed, 8M reserved
[2026-06-18T16:37:19.437+0800][37.087s][info][gc,ref      ] GC(348) Soft: 43 encountered, 0 discovered, 0 enqueued
[2026-06-18T16:37:19.438+0800][37.087s][info][gc,ref      ] GC(348) Weak: 7 encountered, 0 discovered, 0 enqueued
[2026-06-18T16:37:19.438+0800][37.087s][info][gc,ref      ] GC(348) Final: 0 encountered, 0 discovered, 0 enqueued
[2026-06-18T16:37:19.438+0800][37.088s][info][gc,ref      ] GC(348) Phantom: 1 encountered, 0 discovered, 0 enqueued
[2026-06-18T16:37:19.441+0800][37.090s][info][gc,heap     ] GC(348)                Mark Start          Mark End        Relocate Start      Relocate End           High               Low         
[2026-06-18T16:37:19.444+0800][37.094s][info][gc,heap     ] GC(348)  Capacity:      256M (100%)        256M (100%)        256M (100%)        256M (100%)        256M (100%)        256M (100%)   
[2026-06-18T16:37:19.448+0800][37.097s][info][gc,heap     ] GC(348)   Reserve:       62M (24%)          62M (24%)          62M (24%)          62M (24%)          62M (24%)          62M (24%)    
[2026-06-18T16:37:19.451+0800][37.100s][info][gc,heap     ] GC(348)      Free:       80M (31%)          80M (31%)         112M (44%)         148M (58%)         148M (58%)          74M (29%)    
[2026-06-18T16:37:19.454+0800][37.103s][info][gc,heap     ] GC(348)      Used:      114M (45%)         114M (45%)          82M (32%)          46M (18%)         120M (47%)          46M (18%)    
[2026-06-18T16:37:19.459+0800][37.108s][info][gc,heap     ] GC(348)      Live:         -                20M (8%)           20M (8%)           20M (8%)             -                  -          
[2026-06-18T16:37:19.460+0800][37.109s][info][gc,heap     ] GC(348) Allocated:         -                 0M (0%)            4M (2%)           42M (16%)            -                  -          
[2026-06-18T16:37:19.463+0800][37.113s][info][gc,heap     ] GC(348)   Garbage:         -                93M (36%)          57M (22%)          21M (8%)             -                  -          
[2026-06-18T16:37:19.466+0800][37.115s][info][gc,heap     ] GC(348) Reclaimed:         -                  -                36M (14%)          72M (28%)            -                  -          
[2026-06-18T16:37:19.467+0800][37.116s][info][gc          ] GC(348) Garbage Collection (Allocation Rate) 114M(45%)->46M(18%)
[2026-06-18T16:37:19.513+0800][37.163s][info][gc,start    ] GC(349) Garbage Collection (Allocation Rate)
[2026-06-18T16:37:19.516+0800][37.165s][info][gc,phases   ] GC(349) Pause Mark Start 0.460ms
[2026-06-18T16:37:19.520+0800][37.169s][info][gc,phases   ] GC(349) Concurrent Mark 2.338ms
[2026-06-18T16:37:19.524+0800][37.173s][info][gc,phases   ] GC(349) Pause Mark End 0.700ms
[2026-06-18T16:37:19.525+0800][37.174s][info][gc,phases   ] GC(349) Concurrent Process Non-Strong References 0.270ms
[2026-06-18T16:37:19.526+0800][37.176s][info][gc,phases   ] GC(349) Concurrent Reset Relocation Set 0.005ms
[2026-06-18T16:37:19.527+0800][37.177s][info][gc,phases   ] GC(349) Concurrent Destroy Detached Pages 0.002ms
[2026-06-18T16:37:19.529+0800][37.178s][info][gc,phases   ] GC(349) Concurrent Select Relocation Set 0.940ms
[2026-06-18T16:37:19.530+0800][37.179s][info][gc,phases   ] GC(349) Concurrent Prepare Relocation Set 0.003ms
[2026-06-18T16:37:19.531+0800][37.180s][info][gc,phases   ] GC(349) Pause Relocate Start 0.226ms
[2026-06-18T16:37:19.532+0800][37.181s][info][gc,phases   ] GC(349) Concurrent Relocate 0.278ms
[2026-06-18T16:37:19.532+0800][37.182s][info][gc,load     ] GC(349) Load: 0.61/0.40/0.25
[2026-06-18T16:37:19.533+0800][37.183s][info][gc,mmu      ] GC(349) MMU: 2ms/39.9%, 5ms/76.0%, 10ms/83.7%, 20ms/90.0%, 50ms/96.0%, 100ms/97.1%
[2026-06-18T16:37:19.534+0800][37.183s][info][gc,marking  ] GC(349) Mark: 2 stripe(s), 1 proactive flush(es), 1 terminate flush(es), 0 completion(s), 0 continuation(s) 
[2026-06-18T16:37:19.535+0800][37.184s][info][gc,reloc    ] GC(349) Relocation: Successful, 24M relocated
[2026-06-18T16:37:19.536+0800][37.185s][info][gc,nmethod  ] GC(349) NMethods: 25 registered, 0 unregistered
[2026-06-18T16:37:19.536+0800][37.185s][info][gc,metaspace] GC(349) Metaspace: 3M used, 4M capacity, 4M committed, 8M reserved
[2026-06-18T16:37:19.536+0800][37.186s][info][gc,ref      ] GC(349) Soft: 43 encountered, 0 discovered, 0 enqueued
[2026-06-18T16:37:19.537+0800][37.186s][info][gc,ref      ] GC(349) Weak: 7 encountered, 0 discovered, 0 enqueued
[2026-06-18T16:37:19.537+0800][37.187s][info][gc,ref      ] GC(349) Final: 0 encountered, 0 discovered, 0 enqueued
[2026-06-18T16:37:19.538+0800][37.187s][info][gc,ref      ] GC(349) Phantom: 1 encountered, 0 discovered, 0 enqueued
[2026-06-18T16:37:19.538+0800][37.187s][info][gc,heap     ] GC(349)                Mark Start          Mark End        Relocate Start      Relocate End           High               Low         
[2026-06-18T16:37:19.538+0800][37.188s][info][gc,heap     ] GC(349)  Capacity:      256M (100%)        256M (100%)        256M (100%)        256M (100%)        256M (100%)        256M (100%)   
[2026-06-18T16:37:19.539+0800][37.188s][info][gc,heap     ] GC(349)   Reserve:       62M (24%)          62M (24%)          62M (24%)          62M (24%)          62M (24%)          62M (24%)    
[2026-06-18T16:37:19.539+0800][37.188s][info][gc,heap     ] GC(349)      Free:      116M (45%)         112M (44%)         140M (55%)         108M (42%)         140M (55%)         108M (42%)    
[2026-06-18T16:37:19.539+0800][37.188s][info][gc,heap     ] GC(349)      Used:       78M (30%)          82M (32%)          54M (21%)          86M (34%)          86M (34%)          54M (21%)    
[2026-06-18T16:37:19.539+0800][37.189s][info][gc,heap     ] GC(349)      Live:         -                27M (11%)          27M (11%)          27M (11%)            -                  -          
[2026-06-18T16:37:19.540+0800][37.189s][info][gc,heap     ] GC(349) Allocated:         -                 4M (2%)            4M (2%)           48M (19%)            -                  -          
[2026-06-18T16:37:19.540+0800][37.189s][info][gc,heap     ] GC(349)   Garbage:         -                50M (20%)          22M (9%)           16M (6%)             -                  -          
[2026-06-18T16:37:19.540+0800][37.190s][info][gc,heap     ] GC(349) Reclaimed:         -                  -                28M (11%)          34M (13%)            -                  -          
[2026-06-18T16:37:19.540+0800][37.190s][info][gc          ] GC(349) Garbage Collection (Allocation Rate) 78M(30%)->86M(34%)
[2026-06-18T16:37:19.613+0800][37.263s][info][gc,start    ] GC(350) Garbage Collection (Allocation Rate)
[2026-06-18T16:37:19.617+0800][37.266s][info][gc,phases   ] GC(350) Pause Mark Start 0.495ms
[2026-06-18T16:37:19.620+0800][37.270s][info][gc,phases   ] GC(350) Concurrent Mark 1.836ms
[2026-06-18T16:37:19.623+0800][37.272s][info][gc,phases   ] GC(350) Pause Mark End 0.666ms
[2026-06-18T16:37:19.624+0800][37.273s][info][gc,phases   ] GC(350) Concurrent Process Non-Strong References 0.125ms
[2026-06-18T16:37:19.624+0800][37.274s][info][gc,phases   ] GC(350) Concurrent Reset Relocation Set 0.003ms
[2026-06-18T16:37:19.625+0800][37.275s][info][gc,phases   ] GC(350) Concurrent Destroy Detached Pages 0.001ms
[2026-06-18T16:37:19.627+0800][37.276s][info][gc,phases   ] GC(350) Concurrent Select Relocation Set 1.121ms
[2026-06-18T16:37:19.628+0800][37.277s][info][gc,phases   ] GC(350) Concurrent Prepare Relocation Set 0.014ms
[2026-06-18T16:37:19.629+0800][37.278s][info][gc,phases   ] GC(350) Pause Relocate Start 0.241ms
[2026-06-18T16:37:19.632+0800][37.281s][info][gc,phases   ] GC(350) Concurrent Relocate 1.887ms
[2026-06-18T16:37:19.632+0800][37.282s][info][gc,load     ] GC(350) Load: 0.61/0.40/0.25
[2026-06-18T16:37:19.633+0800][37.282s][info][gc,mmu      ] GC(350) MMU: 2ms/39.9%, 5ms/76.0%, 10ms/83.7%, 20ms/90.0%, 50ms/96.0%, 100ms/97.1%
[2026-06-18T16:37:19.634+0800][37.283s][info][gc,marking  ] GC(350) Mark: 2 stripe(s), 1 proactive flush(es), 1 terminate flush(es), 0 completion(s), 0 continuation(s) 
[2026-06-18T16:37:19.634+0800][37.283s][info][gc,reloc    ] GC(350) Relocation: Successful, 23M relocated
[2026-06-18T16:37:19.635+0800][37.284s][info][gc,nmethod  ] GC(350) NMethods: 25 registered, 0 unregistered
[2026-06-18T16:37:19.635+0800][37.284s][info][gc,metaspace] GC(350) Metaspace: 3M used, 4M capacity, 4M committed, 8M reserved
[2026-06-18T16:37:19.636+0800][37.285s][info][gc,ref      ] GC(350) Soft: 43 encountered, 0 discovered, 0 enqueued
[2026-06-18T16:37:19.636+0800][37.285s][info][gc,ref      ] GC(350) Weak: 7 encountered, 2 discovered, 0 enqueued
[2026-06-18T16:37:19.636+0800][37.286s][info][gc,ref      ] GC(350) Final: 0 encountered, 0 discovered, 0 enqueued
[2026-06-18T16:37:19.637+0800][37.286s][info][gc,ref      ] GC(350) Phantom: 1 encountered, 1 discovered, 0 enqueued
[2026-06-18T16:37:19.637+0800][37.286s][info][gc,heap     ] GC(350)                Mark Start          Mark End        Relocate Start      Relocate End           High               Low         
[2026-06-18T16:37:19.637+0800][37.287s][info][gc,heap     ] GC(350)  Capacity:      256M (100%)        256M (100%)        256M (100%)        256M (100%)        256M (100%)        256M (100%)   
[2026-06-18T16:37:19.638+0800][37.287s][info][gc,heap     ] GC(350)   Reserve:       62M (24%)          62M (24%)          62M (24%)          62M (24%)          62M (24%)          62M (24%)    
[2026-06-18T16:37:19.638+0800][37.287s][info][gc,heap     ] GC(350)      Free:       78M (30%)          78M (30%)          72M (28%)         144M (56%)         144M (56%)          66M (26%)    
[2026-06-18T16:37:19.638+0800][37.288s][info][gc,heap     ] GC(350)      Used:      116M (45%)         116M (45%)         122M (48%)          50M (20%)         128M (50%)          50M (20%)    
[2026-06-18T16:37:19.639+0800][37.288s][info][gc,heap     ] GC(350)      Live:         -                24M (10%)          24M (10%)          24M (10%)            -                  -          
[2026-06-18T16:37:19.639+0800][37.288s][info][gc,heap     ] GC(350) Allocated:         -                 0M (0%)           38M (15%)          46M (18%)            -                  -          
[2026-06-18T16:37:19.639+0800][37.288s][info][gc,heap     ] GC(350)   Garbage:         -                91M (36%)          59M (23%)    17592186044403M (6         -                  -          
[2026-06-18T16:37:19.639+0800][37.289s][info][gc,heap     ] GC(350) Reclaimed:         -                  -                32M (12%)         104M (41%)            -                  -          
[2026-06-18T16:37:19.640+0800][37.289s][info][gc          ] GC(350) Garbage Collection (Allocation Rate) 116M(45%)->50M(20%)
[2026-06-18T16:37:19.714+0800][37.363s][info][gc,start    ] GC(351) Garbage Collection (Allocation Rate)
[2026-06-18T16:37:19.717+0800][37.367s][info][gc,phases   ] GC(351) Pause Mark Start 0.513ms
[2026-06-18T16:37:19.721+0800][37.371s][info][gc,phases   ] GC(351) Concurrent Mark 2.265ms
[2026-06-18T16:37:19.724+0800][37.373s][info][gc,phases   ] GC(351) Pause Mark End 0.560ms
[2026-06-18T16:37:19.728+0800][37.377s][info][gc,phases   ] GC(351) Concurrent Process Non-Strong References 0.318ms
[2026-06-18T16:37:19.731+0800][37.380s][info][gc,phases   ] GC(351) Concurrent Reset Relocation Set 0.008ms
[2026-06-18T16:37:19.735+0800][37.384s][info][gc,phases   ] GC(351) Concurrent Destroy Detached Pages 0.003ms
[2026-06-18T16:37:19.740+0800][37.389s][info][gc,phases   ] GC(351) Concurrent Select Relocation Set 0.907ms
[2026-06-18T16:37:19.741+0800][37.390s][info][gc,phases   ] GC(351) Concurrent Prepare Relocation Set 0.003ms
[2026-06-18T16:37:19.745+0800][37.394s][info][gc,phases   ] GC(351) Pause Relocate Start 0.202ms
[2026-06-18T16:37:19.747+0800][37.396s][info][gc,phases   ] GC(351) Concurrent Relocate 0.310ms
[2026-06-18T16:37:19.748+0800][37.397s][info][gc,load     ] GC(351) Load: 0.61/0.40/0.25
[2026-06-18T16:37:19.748+0800][37.398s][info][gc,mmu      ] GC(351) MMU: 2ms/39.9%, 5ms/76.0%, 10ms/83.7%, 20ms/90.0%, 50ms/96.0%, 100ms/97.1%
[2026-06-18T16:37:19.749+0800][37.398s][info][gc,marking  ] GC(351) Mark: 2 stripe(s), 1 proactive flush(es), 1 terminate flush(es), 0 completion(s), 0 continuation(s) 
[2026-06-18T16:37:19.749+0800][37.399s][info][gc,reloc    ] GC(351) Relocation: Successful, 23M relocated
[2026-06-18T16:37:19.750+0800][37.399s][info][gc,nmethod  ] GC(351) NMethods: 25 registered, 0 unregistered
[2026-06-18T16:37:19.750+0800][37.400s][info][gc,metaspace] GC(351) Metaspace: 3M used, 4M capacity, 4M committed, 8M reserved
[2026-06-18T16:37:19.751+0800][37.400s][info][gc,ref      ] GC(351) Soft: 43 encountered, 0 discovered, 0 enqueued
[2026-06-18T16:37:19.751+0800][37.401s][info][gc,ref      ] GC(351) Weak: 7 encountered, 2 discovered, 0 enqueued
[2026-06-18T16:37:19.752+0800][37.401s][info][gc,ref      ] GC(351) Final: 0 encountered, 0 discovered, 0 enqueued
[2026-06-18T16:37:19.752+0800][37.401s][info][gc,ref      ] GC(351) Phantom: 1 encountered, 1 discovered, 0 enqueued
[2026-06-18T16:37:19.753+0800][37.402s][info][gc,heap     ] GC(351)                Mark Start          Mark End        Relocate Start      Relocate End           High               Low         
[2026-06-18T16:37:19.753+0800][37.403s][info][gc,heap     ] GC(351)  Capacity:      256M (100%)        256M (100%)        256M (100%)        256M (100%)        256M (100%)        256M (100%)   
[2026-06-18T16:37:19.755+0800][37.405s][info][gc,heap     ] GC(351)   Reserve:       62M (24%)          62M (24%)          62M (24%)          62M (24%)          62M (24%)          62M (24%)    
[2026-06-18T16:37:19.756+0800][37.405s][info][gc,heap     ] GC(351)      Free:      114M (45%)          76M (30%)          96M (38%)         108M (42%)         114M (45%)          72M (28%)    
[2026-06-18T16:37:19.756+0800][37.405s][info][gc,heap     ] GC(351)      Used:       80M (31%)         118M (46%)          98M (38%)          86M (34%)         122M (48%)          80M (31%)    
[2026-06-18T16:37:19.756+0800][37.406s][info][gc,heap     ] GC(351)      Live:         -                26M (10%)          26M (10%)          26M (10%)            -                  -          
[2026-06-18T16:37:19.757+0800][37.406s][info][gc,heap     ] GC(351) Allocated:         -                38M (15%)          44M (17%)          50M (20%)            -                  -          
[2026-06-18T16:37:19.757+0800][37.406s][info][gc,heap     ] GC(351)   Garbage:         -                53M (21%)          27M (11%)          15M (6%)             -                  -          
[2026-06-18T16:37:19.757+0800][37.406s][info][gc,heap     ] GC(351) Reclaimed:         -                  -                26M (10%)          38M (15%)            -                  -          
[2026-06-18T16:37:19.757+0800][37.407s][info][gc          ] GC(351) Garbage Collection (Allocation Rate) 80M(31%)->86M(34%)
[2026-06-18T16:37:19.814+0800][37.463s][info][gc,start    ] GC(352) Garbage Collection (Allocation Rate)
[2026-06-18T16:37:19.817+0800][37.467s][info][gc,phases   ] GC(352) Pause Mark Start 0.522ms
[2026-06-18T16:37:19.821+0800][37.471s][info][gc,phases   ] GC(352) Concurrent Mark 2.139ms
[2026-06-18T16:37:19.824+0800][37.473s][info][gc,phases   ] GC(352) Pause Mark End 0.667ms
[2026-06-18T16:37:19.825+0800][37.474s][info][gc,phases   ] GC(352) Concurrent Process Non-Strong References 0.132ms
[2026-06-18T16:37:19.826+0800][37.475s][info][gc,phases   ] GC(352) Concurrent Reset Relocation Set 0.005ms
[2026-06-18T16:37:19.827+0800][37.476s][info][gc,phases   ] GC(352) Concurrent Destroy Detached Pages 0.001ms
[2026-06-18T16:37:19.829+0800][37.478s][info][gc,phases   ] GC(352) Concurrent Select Relocation Set 0.923ms
[2026-06-18T16:37:19.829+0800][37.479s][info][gc,phases   ] GC(352) Concurrent Prepare Relocation Set 0.011ms
[2026-06-18T16:37:19.830+0800][37.480s][info][gc,phases   ] GC(352) Pause Relocate Start 0.238ms
[2026-06-18T16:37:19.833+0800][37.482s][info][gc,phases   ] GC(352) Concurrent Relocate 1.447ms
[2026-06-18T16:37:19.833+0800][37.483s][info][gc,load     ] GC(352) Load: 0.61/0.40/0.25
[2026-06-18T16:37:19.834+0800][37.483s][info][gc,mmu      ] GC(352) MMU: 2ms/39.9%, 5ms/76.0%, 10ms/83.7%, 20ms/90.0%, 50ms/96.0%, 100ms/97.1%
[2026-06-18T16:37:19.834+0800][37.483s][info][gc,marking  ] GC(352) Mark: 2 stripe(s), 2 proactive flush(es), 1 terminate flush(es), 0 completion(s), 0 continuation(s) 
[2026-06-18T16:37:19.835+0800][37.484s][info][gc,reloc    ] GC(352) Relocation: Successful, 19M relocated
[2026-06-18T16:37:19.835+0800][37.484s][info][gc,nmethod  ] GC(352) NMethods: 25 registered, 0 unregistered
[2026-06-18T16:37:19.836+0800][37.485s][info][gc,metaspace] GC(352) Metaspace: 3M used, 4M capacity, 4M committed, 8M reserved
[2026-06-18T16:37:19.836+0800][37.485s][info][gc,ref      ] GC(352) Soft: 43 encountered, 0 discovered, 0 enqueued
[2026-06-18T16:37:19.837+0800][37.486s][info][gc,ref      ] GC(352) Weak: 7 encountered, 2 discovered, 0 enqueued
[2026-06-18T16:37:19.837+0800][37.486s][info][gc,ref      ] GC(352) Final: 0 encountered, 0 discovered, 0 enqueued
[2026-06-18T16:37:19.837+0800][37.486s][info][gc,ref      ] GC(352) Phantom: 1 encountered, 1 discovered, 0 enqueued
[2026-06-18T16:37:19.837+0800][37.486s][info][gc,heap     ] GC(352)                Mark Start          Mark End        Relocate Start      Relocate End           High               Low         
[2026-06-18T16:37:19.837+0800][37.487s][info][gc,heap     ] GC(352)  Capacity:      256M (100%)        256M (100%)        256M (100%)        256M (100%)        256M (100%)        256M (100%)   
[2026-06-18T16:37:19.838+0800][37.487s][info][gc,heap     ] GC(352)   Reserve:       62M (24%)          62M (24%)          62M (24%)          62M (24%)          62M (24%)          62M (24%)    
[2026-06-18T16:37:19.838+0800][37.487s][info][gc,heap     ] GC(352)      Free:       84M (33%)          48M (19%)          70M (27%)         142M (55%)         142M (55%)          48M (19%)    
[2026-06-18T16:37:19.838+0800][37.487s][info][gc,heap     ] GC(352)      Used:      110M (43%)         146M (57%)         124M (48%)          52M (20%)         146M (57%)          52M (20%)    
[2026-06-18T16:37:19.838+0800][37.488s][info][gc,heap     ] GC(352)      Live:         -                23M (9%)           23M (9%)           23M (9%)             -                  -          
[2026-06-18T16:37:19.838+0800][37.488s][info][gc,heap     ] GC(352) Allocated:         -                36M (14%)          40M (16%)          48M (19%)            -                  -          
[2026-06-18T16:37:19.839+0800][37.488s][info][gc,heap     ] GC(352)   Garbage:         -                86M (34%)          60M (24%)    17592186044404M (6         -                  -          
[2026-06-18T16:37:19.839+0800][37.488s][info][gc,heap     ] GC(352) Reclaimed:         -                  -                26M (10%)          98M (38%)            -                  -          
[2026-06-18T16:37:19.839+0800][37.488s][info][gc          ] GC(352) Garbage Collection (Allocation Rate) 110M(43%)->52M(20%)
[2026-06-18T16:37:19.913+0800][37.563s][info][gc,start    ] GC(353) Garbage Collection (Allocation Rate)
[2026-06-18T16:37:19.916+0800][37.565s][info][gc,phases   ] GC(353) Pause Mark Start 0.404ms
[2026-06-18T16:37:19.920+0800][37.569s][info][gc,phases   ] GC(353) Concurrent Mark 2.489ms
[2026-06-18T16:37:19.922+0800][37.571s][info][gc,phases   ] GC(353) Pause Mark End 0.506ms
[2026-06-18T16:37:19.923+0800][37.573s][info][gc,phases   ] GC(353) Concurrent Process Non-Strong References 0.285ms
[2026-06-18T16:37:19.924+0800][37.573s][info][gc,phases   ] GC(353) Concurrent Reset Relocation Set 0.004ms
[2026-06-18T16:37:19.925+0800][37.574s][info][gc,phases   ] GC(353) Concurrent Destroy Detached Pages 0.001ms
[2026-06-18T16:37:19.926+0800][37.575s][info][gc,phases   ] GC(353) Concurrent Select Relocation Set 0.774ms
[2026-06-18T16:37:19.927+0800][37.576s][info][gc,phases   ] GC(353) Concurrent Prepare Relocation Set 0.007ms
[2026-06-18T16:37:19.928+0800][37.577s][info][gc,phases   ] GC(353) Pause Relocate Start 0.154ms
[2026-06-18T16:37:19.928+0800][37.578s][info][gc,phases   ] GC(353) Concurrent Relocate 0.334ms
[2026-06-18T16:37:19.929+0800][37.579s][info][gc,load     ] GC(353) Load: 0.61/0.40/0.25
[2026-06-18T16:37:19.930+0800][37.579s][info][gc,mmu      ] GC(353) MMU: 2ms/39.9%, 5ms/76.0%, 10ms/83.7%, 20ms/90.0%, 50ms/96.0%, 100ms/97.1%
[2026-06-18T16:37:19.931+0800][37.580s][info][gc,marking  ] GC(353) Mark: 2 stripe(s), 2 proactive flush(es), 1 terminate flush(es), 0 completion(s), 0 continuation(s) 
[2026-06-18T16:37:19.931+0800][37.580s][info][gc,reloc    ] GC(353) Relocation: Successful, 18M relocated
[2026-06-18T16:37:19.931+0800][37.581s][info][gc,nmethod  ] GC(353) NMethods: 25 registered, 0 unregistered
[2026-06-18T16:37:19.932+0800][37.581s][info][gc,metaspace] GC(353) Metaspace: 3M used, 4M capacity, 4M committed, 8M reserved
[2026-06-18T16:37:19.932+0800][37.581s][info][gc,ref      ] GC(353) Soft: 43 encountered, 0 discovered, 0 enqueued
[2026-06-18T16:37:19.932+0800][37.581s][info][gc,ref      ] GC(353) Weak: 7 encountered, 2 discovered, 0 enqueued
[2026-06-18T16:37:19.932+0800][37.582s][info][gc,ref      ] GC(353) Final: 0 encountered, 0 discovered, 0 enqueued
[2026-06-18T16:37:19.933+0800][37.582s][info][gc,ref      ] GC(353) Phantom: 1 encountered, 1 discovered, 0 enqueued
[2026-06-18T16:37:19.933+0800][37.582s][info][gc,heap     ] GC(353)                Mark Start          Mark End        Relocate Start      Relocate End           High               Low         
[2026-06-18T16:37:19.933+0800][37.582s][info][gc,heap     ] GC(353)  Capacity:      256M (100%)        256M (100%)        256M (100%)        256M (100%)        256M (100%)        256M (100%)   
[2026-06-18T16:37:19.933+0800][37.583s][info][gc,heap     ] GC(353)   Reserve:       62M (24%)          62M (24%)          62M (24%)          62M (24%)          62M (24%)          62M (24%)    
[2026-06-18T16:37:19.934+0800][37.583s][info][gc,heap     ] GC(353)      Free:      116M (45%)          78M (30%)         102M (40%)         114M (45%)         116M (45%)          78M (30%)    
[2026-06-18T16:37:19.934+0800][37.583s][info][gc,heap     ] GC(353)      Used:       78M (30%)         116M (45%)          92M (36%)          80M (31%)         116M (45%)          78M (30%)    
[2026-06-18T16:37:19.934+0800][37.583s][info][gc,heap     ] GC(353)      Live:         -                20M (8%)           20M (8%)           20M (8%)             -                  -          
[2026-06-18T16:37:19.934+0800][37.583s][info][gc,heap     ] GC(353) Allocated:         -                38M (15%)          38M (15%)          46M (18%)            -                  -          
[2026-06-18T16:37:19.934+0800][37.584s][info][gc,heap     ] GC(353)   Garbage:         -                57M (23%)          33M (13%)          19M (8%)             -                  -          
[2026-06-18T16:37:19.935+0800][37.584s][info][gc,heap     ] GC(353) Reclaimed:         -                  -                24M (9%)           38M (15%)            -                  -          
[2026-06-18T16:37:19.935+0800][37.584s][info][gc          ] GC(353) Garbage Collection (Allocation Rate) 78M(30%)->80M(31%)
[2026-06-18T16:37:20.013+0800][37.663s][info][gc,start    ] GC(354) Garbage Collection (Allocation Rate)
[2026-06-18T16:37:20.016+0800][37.665s][info][gc,phases   ] GC(354) Pause Mark Start 0.456ms
[2026-06-18T16:37:20.020+0800][37.669s][info][gc,phases   ] GC(354) Concurrent Mark 2.250ms
[2026-06-18T16:37:20.022+0800][37.672s][info][gc,phases   ] GC(354) Pause Mark End 0.727ms
[2026-06-18T16:37:20.024+0800][37.674s][info][gc,phases   ] GC(354) Concurrent Process Non-Strong References 0.240ms
[2026-06-18T16:37:20.026+0800][37.675s][info][gc,phases   ] GC(354) Concurrent Reset Relocation Set 0.005ms
[2026-06-18T16:37:20.027+0800][37.676s][info][gc,phases   ] GC(354) Concurrent Destroy Detached Pages 0.001ms
[2026-06-18T16:37:20.028+0800][37.678s][info][gc,phases   ] GC(354) Concurrent Select Relocation Set 0.707ms
[2026-06-18T16:37:20.029+0800][37.678s][info][gc,phases   ] GC(354) Concurrent Prepare Relocation Set 0.007ms
[2026-06-18T16:37:20.030+0800][37.680s][info][gc,phases   ] GC(354) Pause Relocate Start 0.167ms
[2026-06-18T16:37:20.033+0800][37.682s][info][gc,phases   ] GC(354) Concurrent Relocate 1.643ms
[2026-06-18T16:37:20.033+0800][37.683s][info][gc,load     ] GC(354) Load: 0.61/0.40/0.25
[2026-06-18T16:37:20.034+0800][37.684s][info][gc,mmu      ] GC(354) MMU: 2ms/39.9%, 5ms/76.0%, 10ms/83.7%, 20ms/90.0%, 50ms/96.0%, 100ms/97.1%
[2026-06-18T16:37:20.035+0800][37.684s][info][gc,marking  ] GC(354) Mark: 2 stripe(s), 2 proactive flush(es), 1 terminate flush(es), 0 completion(s), 0 continuation(s) 
[2026-06-18T16:37:20.035+0800][37.685s][info][gc,reloc    ] GC(354) Relocation: Successful, 25M relocated
[2026-06-18T16:37:20.036+0800][37.685s][info][gc,nmethod  ] GC(354) NMethods: 25 registered, 0 unregistered
[2026-06-18T16:37:20.036+0800][37.685s][info][gc,metaspace] GC(354) Metaspace: 3M used, 4M capacity, 4M committed, 8M reserved
[2026-06-18T16:37:20.036+0800][37.686s][info][gc,ref      ] GC(354) Soft: 43 encountered, 0 discovered, 0 enqueued
[2026-06-18T16:37:20.037+0800][37.686s][info][gc,ref      ] GC(354) Weak: 7 encountered, 2 discovered, 0 enqueued
[2026-06-18T16:37:20.037+0800][37.686s][info][gc,ref      ] GC(354) Final: 0 encountered, 0 discovered, 0 enqueued
[2026-06-18T16:37:20.037+0800][37.686s][info][gc,ref      ] GC(354) Phantom: 1 encountered, 1 discovered, 0 enqueued
[2026-06-18T16:37:20.037+0800][37.687s][info][gc,heap     ] GC(354)                Mark Start          Mark End        Relocate Start      Relocate End           High               Low         
[2026-06-18T16:37:20.038+0800][37.687s][info][gc,heap     ] GC(354)  Capacity:      256M (100%)        256M (100%)        256M (100%)        256M (100%)        256M (100%)        256M (100%)   
[2026-06-18T16:37:20.038+0800][37.687s][info][gc,heap     ] GC(354)   Reserve:       62M (24%)          62M (24%)          62M (24%)          62M (24%)          62M (24%)          62M (24%)    
[2026-06-18T16:37:20.038+0800][37.687s][info][gc,heap     ] GC(354)      Free:       82M (32%)          82M (32%)         104M (41%)         148M (58%)         148M (58%)          70M (27%)    
[2026-06-18T16:37:20.038+0800][37.688s][info][gc,heap     ] GC(354)      Used:      112M (44%)         112M (44%)          90M (35%)          46M (18%)         124M (48%)          46M (18%)    
[2026-06-18T16:37:20.038+0800][37.688s][info][gc,heap     ] GC(354)      Live:         -                28M (11%)          28M (11%)          28M (11%)            -                  -          
[2026-06-18T16:37:20.039+0800][37.688s][info][gc,heap     ] GC(354) Allocated:         -                 0M (0%)            4M (2%)           40M (16%)            -                  -          
[2026-06-18T16:37:20.039+0800][37.688s][info][gc,heap     ] GC(354)   Garbage:         -                83M (33%)          57M (22%)          13M (5%)             -                  -          
[2026-06-18T16:37:20.039+0800][37.688s][info][gc,heap     ] GC(354) Reclaimed:         -                  -                26M (10%)          70M (27%)            -                  -          
[2026-06-18T16:37:20.039+0800][37.689s][info][gc          ] GC(354) Garbage Collection (Allocation Rate) 112M(44%)->46M(18%)
[2026-06-18T16:37:20.114+0800][37.763s][info][gc,start    ] GC(355) Garbage Collection (Allocation Rate)
[2026-06-18T16:37:20.117+0800][37.767s][info][gc,phases   ] GC(355) Pause Mark Start 0.594ms
[2026-06-18T16:37:20.121+0800][37.770s][info][gc,phases   ] GC(355) Concurrent Mark 2.296ms
[2026-06-18T16:37:20.123+0800][37.772s][info][gc,phases   ] GC(355) Pause Mark End 0.603ms
[2026-06-18T16:37:20.125+0800][37.774s][info][gc,phases   ] GC(355) Concurrent Process Non-Strong References 0.301ms
[2026-06-18T16:37:20.126+0800][37.775s][info][gc,phases   ] GC(355) Concurrent Reset Relocation Set 0.004ms
[2026-06-18T16:37:20.127+0800][37.777s][info][gc,phases   ] GC(355) Concurrent Destroy Detached Pages 0.001ms
[2026-06-18T16:37:20.128+0800][37.778s][info][gc,phases   ] GC(355) Concurrent Select Relocation Set 0.518ms
[2026-06-18T16:37:20.129+0800][37.778s][info][gc,phases   ] GC(355) Concurrent Prepare Relocation Set 0.003ms
[2026-06-18T16:37:20.130+0800][37.779s][info][gc,phases   ] GC(355) Pause Relocate Start 0.215ms
[2026-06-18T16:37:20.130+0800][37.780s][info][gc,phases   ] GC(355) Concurrent Relocate 0.365ms
[2026-06-18T16:37:20.131+0800][37.780s][info][gc,load     ] GC(355) Load: 0.61/0.40/0.25
[2026-06-18T16:37:20.131+0800][37.781s][info][gc,mmu      ] GC(355) MMU: 2ms/39.9%, 5ms/76.0%, 10ms/83.7%, 20ms/90.0%, 50ms/96.0%, 100ms/97.1%
[2026-06-18T16:37:20.132+0800][37.781s][info][gc,marking  ] GC(355) Mark: 2 stripe(s), 1 proactive flush(es), 1 terminate flush(es), 0 completion(s), 0 continuation(s) 
[2026-06-18T16:37:20.132+0800][37.781s][info][gc,reloc    ] GC(355) Relocation: Successful, 24M relocated
[2026-06-18T16:37:20.132+0800][37.782s][info][gc,nmethod  ] GC(355) NMethods: 25 registered, 0 unregistered
[2026-06-18T16:37:20.133+0800][37.782s][info][gc,metaspace] GC(355) Metaspace: 3M used, 4M capacity, 4M committed, 8M reserved
[2026-06-18T16:37:20.133+0800][37.782s][info][gc,ref      ] GC(355) Soft: 43 encountered, 0 discovered, 0 enqueued
[2026-06-18T16:37:20.133+0800][37.783s][info][gc,ref      ] GC(355) Weak: 7 encountered, 2 discovered, 0 enqueued
[2026-06-18T16:37:20.133+0800][37.783s][info][gc,ref      ] GC(355) Final: 0 encountered, 0 discovered, 0 enqueued
[2026-06-18T16:37:20.134+0800][37.783s][info][gc,ref      ] GC(355) Phantom: 1 encountered, 1 discovered, 0 enqueued
[2026-06-18T16:37:20.134+0800][37.783s][info][gc,heap     ] GC(355)                Mark Start          Mark End        Relocate Start      Relocate End           High               Low         
[2026-06-18T16:37:20.134+0800][37.783s][info][gc,heap     ] GC(355)  Capacity:      256M (100%)        256M (100%)        256M (100%)        256M (100%)        256M (100%)        256M (100%)   
[2026-06-18T16:37:20.135+0800][37.784s][info][gc,heap     ] GC(355)   Reserve:       62M (24%)          62M (24%)          62M (24%)          62M (24%)          62M (24%)          62M (24%)    
[2026-06-18T16:37:20.135+0800][37.784s][info][gc,heap     ] GC(355)      Free:      116M (45%)         112M (44%)         140M (55%)         144M (56%)         144M (56%)         112M (44%)    
[2026-06-18T16:37:20.135+0800][37.784s][info][gc,heap     ] GC(355)      Used:       78M (30%)          82M (32%)          54M (21%)          50M (20%)          82M (32%)          50M (20%)    
[2026-06-18T16:37:20.135+0800][37.784s][info][gc,heap     ] GC(355)      Live:         -                25M (10%)          25M (10%)          25M (10%)            -                  -          
[2026-06-18T16:37:20.135+0800][37.785s][info][gc,heap     ] GC(355) Allocated:         -                 4M (2%)            6M (2%)           14M (5%)             -                  -          
[2026-06-18T16:37:20.135+0800][37.785s][info][gc,heap     ] GC(355)   Garbage:         -                52M (20%)          22M (9%)           16M (6%)             -                  -          
[2026-06-18T16:37:20.136+0800][37.785s][info][gc,heap     ] GC(355) Reclaimed:         -                  -                30M (12%)          36M (14%)            -                  -          
[2026-06-18T16:37:20.136+0800][37.785s][info][gc          ] GC(355) Garbage Collection (Allocation Rate) 78M(30%)->50M(20%)
[2026-06-18T16:37:20.214+0800][37.863s][info][gc,start    ] GC(356) Garbage Collection (Allocation Rate)
[2026-06-18T16:37:20.233+0800][37.883s][info][gc,phases   ] GC(356) Pause Mark Start 0.147ms
[2026-06-18T16:37:20.239+0800][37.889s][info][gc,phases   ] GC(356) Concurrent Mark 1.875ms
[2026-06-18T16:37:20.243+0800][37.893s][info][gc,phases   ] GC(356) Pause Mark End 0.275ms
[2026-06-18T16:37:20.247+0800][37.897s][info][gc,phases   ] GC(356) Concurrent Process Non-Strong References 0.277ms
[2026-06-18T16:37:20.250+0800][37.899s][info][gc,phases   ] GC(356) Concurrent Reset Relocation Set 0.003ms
[2026-06-18T16:37:20.252+0800][37.901s][info][gc,phases   ] GC(356) Concurrent Destroy Detached Pages 0.002ms
[2026-06-18T16:37:20.257+0800][37.907s][info][gc,phases   ] GC(356) Concurrent Select Relocation Set 1.371ms
[2026-06-18T16:37:20.260+0800][37.909s][info][gc,phases   ] GC(356) Concurrent Prepare Relocation Set 0.035ms
[2026-06-18T16:37:20.263+0800][37.912s][info][gc,phases   ] GC(356) Pause Relocate Start 0.334ms
[2026-06-18T16:37:20.269+0800][37.918s][info][gc,phases   ] GC(356) Concurrent Relocate 1.613ms
[2026-06-18T16:37:20.272+0800][37.921s][info][gc,load     ] GC(356) Load: 0.61/0.40/0.25
[2026-06-18T16:37:20.274+0800][37.923s][info][gc,mmu      ] GC(356) MMU: 2ms/39.9%, 5ms/76.0%, 10ms/83.7%, 20ms/90.0%, 50ms/96.0%, 100ms/97.1%
[2026-06-18T16:37:20.276+0800][37.925s][info][gc,marking  ] GC(356) Mark: 2 stripe(s), 2 proactive flush(es), 1 terminate flush(es), 0 completion(s), 0 continuation(s) 
[2026-06-18T16:37:20.277+0800][37.926s][info][gc,reloc    ] GC(356) Relocation: Successful, 22M relocated
[2026-06-18T16:37:20.278+0800][37.927s][info][gc,nmethod  ] GC(356) NMethods: 25 registered, 0 unregistered
[2026-06-18T16:37:20.279+0800][37.928s][info][gc,metaspace] GC(356) Metaspace: 3M used, 4M capacity, 4M committed, 8M reserved
[2026-06-18T16:37:20.281+0800][37.931s][info][gc,ref      ] GC(356) Soft: 43 encountered, 0 discovered, 0 enqueued
[2026-06-18T16:37:20.283+0800][37.932s][info][gc,ref      ] GC(356) Weak: 7 encountered, 2 discovered, 0 enqueued
[2026-06-18T16:37:20.310+0800][37.959s][info][gc,ref      ] GC(356) Final: 0 encountered, 0 discovered, 0 enqueued
[2026-06-18T16:37:20.359+0800][38.009s][info][gc,ref      ] GC(356) Phantom: 1 encountered, 1 discovered, 0 enqueued
[2026-06-18T16:37:20.361+0800][38.010s][info][gc,heap     ] GC(356)                Mark Start          Mark End        Relocate Start      Relocate End           High               Low         
[2026-06-18T16:37:20.363+0800][38.012s][info][gc,heap     ] GC(356)  Capacity:      256M (100%)        256M (100%)        256M (100%)        256M (100%)        256M (100%)        256M (100%)   
[2026-06-18T16:37:20.364+0800][38.013s][info][gc,heap     ] GC(356)   Reserve:       62M (24%)          62M (24%)          62M (24%)          62M (24%)          62M (24%)          62M (24%)    
[2026-06-18T16:37:20.366+0800][38.015s][info][gc,heap     ] GC(356)      Free:       76M (30%)          38M (15%)          68M (27%)         140M (55%)         140M (55%)          34M (13%)    
[2026-06-18T16:37:20.367+0800][38.016s][info][gc,heap     ] GC(356)      Used:      118M (46%)         156M (61%)         126M (49%)          54M (21%)         160M (62%)          54M (21%)    
[2026-06-18T16:37:20.368+0800][38.017s][info][gc,heap     ] GC(356)      Live:         -                22M (9%)           22M (9%)           22M (9%)             -                  -          
[2026-06-18T16:37:20.369+0800][38.018s][info][gc,heap     ] GC(356) Allocated:         -                38M (15%)          44M (17%)          50M (20%)            -                  -          
[2026-06-18T16:37:20.370+0800][38.019s][info][gc,heap     ] GC(356)   Garbage:         -                95M (37%)          59M (23%)    17592186044403M (6         -                  -          
[2026-06-18T16:37:20.371+0800][38.020s][info][gc,heap     ] GC(356) Reclaimed:         -                  -                36M (14%)         108M (42%)            -                  -          
[2026-06-18T16:37:20.372+0800][38.021s][info][gc          ] GC(356) Garbage Collection (Allocation Rate) 118M(46%)->54M(21%)
[2026-06-18T16:37:20.413+0800][38.062s][info][gc,start    ] GC(357) Garbage Collection (Allocation Rate)
[2026-06-18T16:37:20.415+0800][38.064s][info][gc,phases   ] GC(357) Pause Mark Start 0.182ms
[2026-06-18T16:37:20.421+0800][38.071s][info][gc,phases   ] GC(357) Concurrent Mark 1.636ms
[2026-06-18T16:37:20.424+0800][38.073s][info][gc,phases   ] GC(357) Pause Mark End 0.412ms
[2026-06-18T16:37:20.426+0800][38.075s][info][gc,phases   ] GC(357) Concurrent Process Non-Strong References 0.226ms
[2026-06-18T16:37:20.426+0800][38.075s][info][gc,phases   ] GC(357) Concurrent Reset Relocation Set 0.003ms
[2026-06-18T16:37:20.431+0800][38.080s][info][gc,phases   ] GC(357) Concurrent Destroy Detached Pages 0.002ms
[2026-06-18T16:37:20.437+0800][38.086s][info][gc,phases   ] GC(357) Concurrent Select Relocation Set 0.873ms
[2026-06-18T16:37:20.441+0800][38.090s][info][gc,phases   ] GC(357) Concurrent Prepare Relocation Set 0.018ms
[2026-06-18T16:37:20.445+0800][38.094s][info][gc,phases   ] GC(357) Pause Relocate Start 0.245ms
[2026-06-18T16:37:20.448+0800][38.097s][info][gc,phases   ] GC(357) Concurrent Relocate 0.660ms
[2026-06-18T16:37:20.449+0800][38.099s][info][gc,load     ] GC(357) Load: 0.61/0.40/0.25
[2026-06-18T16:37:20.452+0800][38.101s][info][gc,mmu      ] GC(357) MMU: 2ms/39.9%, 5ms/76.0%, 10ms/83.7%, 20ms/90.0%, 50ms/96.0%, 100ms/97.1%
[2026-06-18T16:37:20.454+0800][38.104s][info][gc,marking  ] GC(357) Mark: 2 stripe(s), 2 proactive flush(es), 1 terminate flush(es), 0 completion(s), 0 continuation(s) 
[2026-06-18T16:37:20.455+0800][38.105s][info][gc,reloc    ] GC(357) Relocation: Successful, 25M relocated
[2026-06-18T16:37:20.456+0800][38.106s][info][gc,nmethod  ] GC(357) NMethods: 25 registered, 0 unregistered
[2026-06-18T16:37:20.457+0800][38.107s][info][gc,metaspace] GC(357) Metaspace: 3M used, 4M capacity, 4M committed, 8M reserved
[2026-06-18T16:37:20.458+0800][38.108s][info][gc,ref      ] GC(357) Soft: 43 encountered, 0 discovered, 0 enqueued
[2026-06-18T16:37:20.459+0800][38.109s][info][gc,ref      ] GC(357) Weak: 7 encountered, 2 discovered, 0 enqueued
[2026-06-18T16:37:20.461+0800][38.110s][info][gc,ref      ] GC(357) Final: 0 encountered, 0 discovered, 0 enqueued
[2026-06-18T16:37:20.462+0800][38.111s][info][gc,ref      ] GC(357) Phantom: 1 encountered, 1 discovered, 0 enqueued
[2026-06-18T16:37:20.463+0800][38.112s][info][gc,heap     ] GC(357)                Mark Start          Mark End        Relocate Start      Relocate End           High               Low         
[2026-06-18T16:37:20.464+0800][38.113s][info][gc,heap     ] GC(357)  Capacity:      256M (100%)        256M (100%)        256M (100%)        256M (100%)        256M (100%)        256M (100%)   
[2026-06-18T16:37:20.465+0800][38.114s][info][gc,heap     ] GC(357)   Reserve:       62M (24%)          62M (24%)          62M (24%)          62M (24%)          62M (24%)          62M (24%)    
[2026-06-18T16:37:20.466+0800][38.116s][info][gc,heap     ] GC(357)      Free:       84M (33%)          80M (31%)          90M (35%)         104M (41%)         104M (41%)          42M (16%)    
[2026-06-18T16:37:20.468+0800][38.117s][info][gc,heap     ] GC(357)      Used:      110M (43%)         114M (45%)         104M (41%)          90M (35%)         152M (59%)          90M (35%)    
[2026-06-18T16:37:20.468+0800][38.118s][info][gc,heap     ] GC(357)      Live:         -                25M (10%)          25M (10%)          25M (10%)            -                  -          
[2026-06-18T16:37:20.471+0800][38.120s][info][gc,heap     ] GC(357) Allocated:         -                 4M (2%)           44M (17%)          58M (23%)            -                  -          
[2026-06-18T16:37:20.473+0800][38.122s][info][gc,heap     ] GC(357)   Garbage:         -                84M (33%)          34M (14%)          20M (8%)             -                  -          
[2026-06-18T16:37:20.477+0800][38.126s][info][gc,heap     ] GC(357) Reclaimed:         -                  -                50M (20%)          64M (25%)            -                  -          
[2026-06-18T16:37:20.483+0800][38.132s][info][gc          ] GC(357) Garbage Collection (Allocation Rate) 110M(43%)->90M(35%)
[2026-06-18T16:37:20.513+0800][38.163s][info][gc,start    ] GC(358) Garbage Collection (Allocation Rate)
[2026-06-18T16:37:20.518+0800][38.167s][info][gc,phases   ] GC(358) Pause Mark Start 0.230ms
[2026-06-18T16:37:20.521+0800][38.170s][info][gc,phases   ] GC(358) Concurrent Mark 1.639ms
[2026-06-18T16:37:20.523+0800][38.172s][info][gc,phases   ] GC(358) Pause Mark End 0.439ms
[2026-06-18T16:37:20.526+0800][38.176s][info][gc,phases   ] GC(358) Concurrent Process Non-Strong References 0.283ms
[2026-06-18T16:37:20.529+0800][38.178s][info][gc,phases   ] GC(358) Concurrent Reset Relocation Set 0.003ms
[2026-06-18T16:37:20.534+0800][38.183s][info][gc,phases   ] GC(358) Concurrent Destroy Detached Pages 0.002ms
[2026-06-18T16:37:20.539+0800][38.188s][info][gc,phases   ] GC(358) Concurrent Select Relocation Set 1.212ms
[2026-06-18T16:37:20.543+0800][38.193s][info][gc,phases   ] GC(358) Concurrent Prepare Relocation Set 0.010ms
[2026-06-18T16:37:20.547+0800][38.197s][info][gc,phases   ] GC(358) Pause Relocate Start 0.341ms
[2026-06-18T16:37:20.553+0800][38.203s][info][gc,phases   ] GC(358) Concurrent Relocate 2.825ms
[2026-06-18T16:37:20.555+0800][38.204s][info][gc,load     ] GC(358) Load: 0.61/0.40/0.25
[2026-06-18T16:37:20.556+0800][38.205s][info][gc,mmu      ] GC(358) MMU: 2ms/39.9%, 5ms/76.0%, 10ms/83.7%, 20ms/90.0%, 50ms/96.0%, 100ms/97.1%
[2026-06-18T16:37:20.557+0800][38.206s][info][gc,marking  ] GC(358) Mark: 2 stripe(s), 1 proactive flush(es), 1 terminate flush(es), 0 completion(s), 0 continuation(s) 
[2026-06-18T16:37:20.558+0800][38.207s][info][gc,reloc    ] GC(358) Relocation: Successful, 24M relocated
[2026-06-18T16:37:20.560+0800][38.209s][info][gc,nmethod  ] GC(358) NMethods: 25 registered, 0 unregistered
[2026-06-18T16:37:20.561+0800][38.210s][info][gc,metaspace] GC(358) Metaspace: 3M used, 4M capacity, 4M committed, 8M reserved
[2026-06-18T16:37:20.562+0800][38.211s][info][gc,ref      ] GC(358) Soft: 43 encountered, 0 discovered, 0 enqueued
[2026-06-18T16:37:20.563+0800][38.212s][info][gc,ref      ] GC(358) Weak: 7 encountered, 2 discovered, 0 enqueued
[2026-06-18T16:37:20.563+0800][38.212s][info][gc,ref      ] GC(358) Final: 0 encountered, 0 discovered, 0 enqueued
[2026-06-18T16:37:20.564+0800][38.213s][info][gc,ref      ] GC(358) Phantom: 1 encountered, 1 discovered, 0 enqueued
[2026-06-18T16:37:20.564+0800][38.213s][info][gc,heap     ] GC(358)                Mark Start          Mark End        Relocate Start      Relocate End           High               Low         
[2026-06-18T16:37:20.565+0800][38.214s][info][gc,heap     ] GC(358)  Capacity:      256M (100%)        256M (100%)        256M (100%)        256M (100%)        256M (100%)        256M (100%)   
[2026-06-18T16:37:20.565+0800][38.214s][info][gc,heap     ] GC(358)   Reserve:       62M (24%)          62M (24%)          62M (24%)          62M (24%)          62M (24%)          62M (24%)    
[2026-06-18T16:37:20.565+0800][38.215s][info][gc,heap     ] GC(358)      Free:       76M (30%)          76M (30%)          68M (27%)         136M (53%)         136M (53%)          36M (14%)    
[2026-06-18T16:37:20.566+0800][38.215s][info][gc,heap     ] GC(358)      Used:      118M (46%)         118M (46%)         126M (49%)          58M (23%)         158M (62%)          58M (23%)    
[2026-06-18T16:37:20.566+0800][38.216s][info][gc,heap     ] GC(358)      Live:         -                30M (12%)          30M (12%)          30M (12%)            -                  -          
[2026-06-18T16:37:20.567+0800][38.216s][info][gc,heap     ] GC(358) Allocated:         -                 0M (0%)           40M (16%)          50M (20%)            -                  -          
[2026-06-18T16:37:20.567+0800][38.216s][info][gc,heap     ] GC(358)   Garbage:         -                87M (34%)          55M (22%)    17592186044399M (6         -                  -          
[2026-06-18T16:37:20.567+0800][38.217s][info][gc,heap     ] GC(358) Reclaimed:         -                  -                32M (12%)         104M (41%)            -                  -          
[2026-06-18T16:37:20.568+0800][38.217s][info][gc          ] GC(358) Garbage Collection (Allocation Rate) 118M(46%)->58M(23%)
[2026-06-18T16:37:20.614+0800][38.263s][info][gc,start    ] GC(359) Garbage Collection (Allocation Rate)
[2026-06-18T16:37:20.617+0800][38.266s][info][gc,phases   ] GC(359) Pause Mark Start 0.433ms
[2026-06-18T16:37:20.621+0800][38.270s][info][gc,phases   ] GC(359) Concurrent Mark 2.179ms
[2026-06-18T16:37:20.623+0800][38.272s][info][gc,phases   ] GC(359) Pause Mark End 0.587ms
[2026-06-18T16:37:20.625+0800][38.274s][info][gc,phases   ] GC(359) Concurrent Process Non-Strong References 0.168ms
[2026-06-18T16:37:20.625+0800][38.275s][info][gc,phases   ] GC(359) Concurrent Reset Relocation Set 0.004ms
[2026-06-18T16:37:20.626+0800][38.275s][info][gc,phases   ] GC(359) Concurrent Destroy Detached Pages 0.001ms
[2026-06-18T16:37:20.628+0800][38.277s][info][gc,phases   ] GC(359) Concurrent Select Relocation Set 0.887ms
[2026-06-18T16:37:20.628+0800][38.278s][info][gc,phases   ] GC(359) Concurrent Prepare Relocation Set 0.012ms
[2026-06-18T16:37:20.629+0800][38.279s][info][gc,phases   ] GC(359) Pause Relocate Start 0.253ms
[2026-06-18T16:37:20.631+0800][38.280s][info][gc,phases   ] GC(359) Concurrent Relocate 0.348ms
[2026-06-18T16:37:20.632+0800][38.281s][info][gc,load     ] GC(359) Load: 0.61/0.40/0.25
[2026-06-18T16:37:20.633+0800][38.282s][info][gc,mmu      ] GC(359) MMU: 2ms/39.9%, 5ms/76.0%, 10ms/83.7%, 20ms/90.0%, 50ms/96.0%, 100ms/97.1%
[2026-06-18T16:37:20.633+0800][38.283s][info][gc,marking  ] GC(359) Mark: 2 stripe(s), 1 proactive flush(es), 1 terminate flush(es), 0 completion(s), 0 continuation(s) 
[2026-06-18T16:37:20.634+0800][38.283s][info][gc,reloc    ] GC(359) Relocation: Successful, 19M relocated
[2026-06-18T16:37:20.634+0800][38.284s][info][gc,nmethod  ] GC(359) NMethods: 25 registered, 0 unregistered
[2026-06-18T16:37:20.635+0800][38.284s][info][gc,metaspace] GC(359) Metaspace: 3M used, 4M capacity, 4M committed, 8M reserved
[2026-06-18T16:37:20.635+0800][38.284s][info][gc,ref      ] GC(359) Soft: 43 encountered, 0 discovered, 0 enqueued
[2026-06-18T16:37:20.636+0800][38.285s][info][gc,ref      ] GC(359) Weak: 7 encountered, 2 discovered, 0 enqueued
[2026-06-18T16:37:20.636+0800][38.285s][info][gc,ref      ] GC(359) Final: 0 encountered, 0 discovered, 0 enqueued
[2026-06-18T16:37:20.636+0800][38.285s][info][gc,ref      ] GC(359) Phantom: 1 encountered, 1 discovered, 0 enqueued
[2026-06-18T16:37:20.636+0800][38.286s][info][gc,heap     ] GC(359)                Mark Start          Mark End        Relocate Start      Relocate End           High               Low         
[2026-06-18T16:37:20.637+0800][38.286s][info][gc,heap     ] GC(359)  Capacity:      256M (100%)        256M (100%)        256M (100%)        256M (100%)        256M (100%)        256M (100%)   
[2026-06-18T16:37:20.637+0800][38.286s][info][gc,heap     ] GC(359)   Reserve:       62M (24%)          62M (24%)          62M (24%)          62M (24%)          62M (24%)          62M (24%)    
[2026-06-18T16:37:20.637+0800][38.286s][info][gc,heap     ] GC(359)      Free:      112M (44%)         112M (44%)         104M (41%)         112M (44%)         112M (44%)          74M (29%)    
[2026-06-18T16:37:20.637+0800][38.287s][info][gc,heap     ] GC(359)      Used:       82M (32%)          82M (32%)          90M (35%)          82M (32%)         120M (47%)          82M (32%)    
[2026-06-18T16:37:20.638+0800][38.287s][info][gc,heap     ] GC(359)      Live:         -                21M (8%)           21M (8%)           21M (8%)             -                  -          
[2026-06-18T16:37:20.638+0800][38.287s][info][gc,heap     ] GC(359) Allocated:         -                 0M (0%)           38M (15%)          44M (17%)            -                  -          
[2026-06-18T16:37:20.638+0800][38.287s][info][gc,heap     ] GC(359)   Garbage:         -                60M (24%)          30M (12%)          22M (9%)             -                  -          
[2026-06-18T16:37:20.638+0800][38.288s][info][gc,heap     ] GC(359) Reclaimed:         -                  -                30M (12%)          38M (15%)            -                  -          
[2026-06-18T16:37:20.639+0800][38.288s][info][gc          ] GC(359) Garbage Collection (Allocation Rate) 82M(32%)->82M(32%)
[2026-06-18T16:37:20.714+0800][38.363s][info][gc,start    ] GC(360) Garbage Collection (Allocation Rate)
[2026-06-18T16:37:20.715+0800][38.365s][info][gc,phases   ] GC(360) Pause Mark Start 0.251ms
[2026-06-18T16:37:20.718+0800][38.367s][info][gc,phases   ] GC(360) Concurrent Mark 1.545ms
[2026-06-18T16:37:20.719+0800][38.369s][info][gc,phases   ] GC(360) Pause Mark End 0.410ms
[2026-06-18T16:37:20.720+0800][38.370s][info][gc,phases   ] GC(360) Concurrent Process Non-Strong References 0.160ms
[2026-06-18T16:37:20.721+0800][38.370s][info][gc,phases   ] GC(360) Concurrent Reset Relocation Set 0.002ms
[2026-06-18T16:37:20.721+0800][38.371s][info][gc,phases   ] GC(360) Concurrent Destroy Detached Pages 0.001ms
[2026-06-18T16:37:20.723+0800][38.372s][info][gc,phases   ] GC(360) Concurrent Select Relocation Set 0.727ms
[2026-06-18T16:37:20.723+0800][38.373s][info][gc,phases   ] GC(360) Concurrent Prepare Relocation Set 0.010ms
[2026-06-18T16:37:20.724+0800][38.373s][info][gc,phases   ] GC(360) Pause Relocate Start 0.166ms
[2026-06-18T16:37:20.726+0800][38.375s][info][gc,phases   ] GC(360) Concurrent Relocate 1.313ms
[2026-06-18T16:37:20.727+0800][38.376s][info][gc,load     ] GC(360) Load: 0.61/0.40/0.25
[2026-06-18T16:37:20.727+0800][38.376s][info][gc,mmu      ] GC(360) MMU: 2ms/39.9%, 5ms/76.0%, 10ms/83.7%, 20ms/90.0%, 50ms/96.0%, 100ms/97.1%
[2026-06-18T16:37:20.727+0800][38.377s][info][gc,marking  ] GC(360) Mark: 2 stripe(s), 1 proactive flush(es), 1 terminate flush(es), 0 completion(s), 0 continuation(s) 
[2026-06-18T16:37:20.728+0800][38.377s][info][gc,reloc    ] GC(360) Relocation: Successful, 18M relocated
[2026-06-18T16:37:20.728+0800][38.377s][info][gc,nmethod  ] GC(360) NMethods: 25 registered, 0 unregistered
[2026-06-18T16:37:20.728+0800][38.378s][info][gc,metaspace] GC(360) Metaspace: 3M used, 4M capacity, 4M committed, 8M reserved
[2026-06-18T16:37:20.729+0800][38.378s][info][gc,ref      ] GC(360) Soft: 43 encountered, 0 discovered, 0 enqueued
[2026-06-18T16:37:20.729+0800][38.378s][info][gc,ref      ] GC(360) Weak: 7 encountered, 2 discovered, 0 enqueued
[2026-06-18T16:37:20.729+0800][38.378s][info][gc,ref      ] GC(360) Final: 0 encountered, 0 discovered, 0 enqueued
[2026-06-18T16:37:20.729+0800][38.379s][info][gc,ref      ] GC(360) Phantom: 1 encountered, 1 discovered, 0 enqueued
[2026-06-18T16:37:20.730+0800][38.379s][info][gc,heap     ] GC(360)                Mark Start          Mark End        Relocate Start      Relocate End           High               Low         
[2026-06-18T16:37:20.730+0800][38.379s][info][gc,heap     ] GC(360)  Capacity:      256M (100%)        256M (100%)        256M (100%)        256M (100%)        256M (100%)        256M (100%)   
[2026-06-18T16:37:20.730+0800][38.380s][info][gc,heap     ] GC(360)   Reserve:       62M (24%)          62M (24%)          62M (24%)          62M (24%)          62M (24%)          62M (24%)    
[2026-06-18T16:37:20.731+0800][38.380s][info][gc,heap     ] GC(360)      Free:       82M (32%)          82M (32%)          70M (27%)         146M (57%)         146M (57%)          46M (18%)    
[2026-06-18T16:37:20.733+0800][38.382s][info][gc,heap     ] GC(360)      Used:      112M (44%)         112M (44%)         124M (48%)          48M (19%)         148M (58%)          48M (19%)    
[2026-06-18T16:37:20.737+0800][38.387s][info][gc,heap     ] GC(360)      Live:         -                18M (7%)           18M (7%)           18M (7%)             -                  -          
[2026-06-18T16:37:20.739+0800][38.388s][info][gc,heap     ] GC(360) Allocated:         -                 0M (0%)           36M (14%)          44M (17%)            -                  -          
[2026-06-18T16:37:20.742+0800][38.391s][info][gc,heap     ] GC(360)   Garbage:         -                93M (36%)          69M (27%)    17592186044409M (6         -                  -          
[2026-06-18T16:37:20.743+0800][38.393s][info][gc,heap     ] GC(360) Reclaimed:         -                  -                24M (9%)          100M (39%)            -                  -          
[2026-06-18T16:37:20.747+0800][38.397s][info][gc          ] GC(360) Garbage Collection (Allocation Rate) 112M(44%)->48M(19%)
[2026-06-18T16:37:20.814+0800][38.463s][info][gc,start    ] GC(361) Garbage Collection (Allocation Rate)
[2026-06-18T16:37:20.817+0800][38.466s][info][gc,phases   ] GC(361) Pause Mark Start 0.447ms
[2026-06-18T16:37:20.821+0800][38.470s][info][gc,phases   ] GC(361) Concurrent Mark 2.451ms
[2026-06-18T16:37:20.824+0800][38.473s][info][gc,phases   ] GC(361) Pause Mark End 0.579ms
[2026-06-18T16:37:20.826+0800][38.475s][info][gc,phases   ] GC(361) Concurrent Process Non-Strong References 0.246ms
[2026-06-18T16:37:20.827+0800][38.476s][info][gc,phases   ] GC(361) Concurrent Reset Relocation Set 0.005ms
[2026-06-18T16:37:20.828+0800][38.477s][info][gc,phases   ] GC(361) Concurrent Destroy Detached Pages 0.002ms
[2026-06-18T16:37:20.830+0800][38.479s][info][gc,phases   ] GC(361) Concurrent Select Relocation Set 0.796ms
[2026-06-18T16:37:20.830+0800][38.480s][info][gc,phases   ] GC(361) Concurrent Prepare Relocation Set 0.003ms
[2026-06-18T16:37:20.832+0800][38.481s][info][gc,phases   ] GC(361) Pause Relocate Start 0.193ms
[2026-06-18T16:37:20.832+0800][38.482s][info][gc,phases   ] GC(361) Concurrent Relocate 0.248ms
[2026-06-18T16:37:20.833+0800][38.482s][info][gc,load     ] GC(361) Load: 0.61/0.40/0.25
[2026-06-18T16:37:20.833+0800][38.483s][info][gc,mmu      ] GC(361) MMU: 2ms/39.9%, 5ms/76.0%, 10ms/83.7%, 20ms/90.0%, 50ms/96.0%, 100ms/97.1%
[2026-06-18T16:37:20.834+0800][38.483s][info][gc,marking  ] GC(361) Mark: 2 stripe(s), 2 proactive flush(es), 1 terminate flush(es), 0 completion(s), 0 continuation(s) 
[2026-06-18T16:37:20.834+0800][38.484s][info][gc,reloc    ] GC(361) Relocation: Successful, 25M relocated
[2026-06-18T16:37:20.835+0800][38.484s][info][gc,nmethod  ] GC(361) NMethods: 25 registered, 0 unregistered
[2026-06-18T16:37:20.835+0800][38.484s][info][gc,metaspace] GC(361) Metaspace: 3M used, 4M capacity, 4M committed, 8M reserved
[2026-06-18T16:37:20.836+0800][38.485s][info][gc,ref      ] GC(361) Soft: 43 encountered, 0 discovered, 0 enqueued
[2026-06-18T16:37:20.836+0800][38.485s][info][gc,ref      ] GC(361) Weak: 7 encountered, 0 discovered, 0 enqueued
[2026-06-18T16:37:20.836+0800][38.486s][info][gc,ref      ] GC(361) Final: 0 encountered, 0 discovered, 0 enqueued
[2026-06-18T16:37:20.837+0800][38.486s][info][gc,ref      ] GC(361) Phantom: 1 encountered, 1 discovered, 0 enqueued
[2026-06-18T16:37:20.837+0800][38.486s][info][gc,heap     ] GC(361)                Mark Start          Mark End        Relocate Start      Relocate End           High               Low         
[2026-06-18T16:37:20.837+0800][38.486s][info][gc,heap     ] GC(361)  Capacity:      256M (100%)        256M (100%)        256M (100%)        256M (100%)        256M (100%)        256M (100%)   
[2026-06-18T16:37:20.837+0800][38.487s][info][gc,heap     ] GC(361)   Reserve:       62M (24%)          62M (24%)          62M (24%)          62M (24%)          62M (24%)          62M (24%)    
[2026-06-18T16:37:20.837+0800][38.487s][info][gc,heap     ] GC(361)      Free:      116M (45%)          80M (31%)         102M (40%)         110M (43%)         116M (45%)          80M (31%)    
[2026-06-18T16:37:20.838+0800][38.487s][info][gc,heap     ] GC(361)      Used:       78M (30%)         114M (45%)          92M (36%)          84M (33%)         114M (45%)          78M (30%)    
[2026-06-18T16:37:20.838+0800][38.487s][info][gc,heap     ] GC(361)      Live:         -                27M (11%)          27M (11%)          27M (11%)            -                  -          
[2026-06-18T16:37:20.838+0800][38.487s][info][gc,heap     ] GC(361) Allocated:         -                36M (14%)          40M (16%)          46M (18%)            -                  -          
[2026-06-18T16:37:20.838+0800][38.488s][info][gc,heap     ] GC(361)   Garbage:         -                50M (20%)          24M (10%)          16M (6%)             -                  -          
[2026-06-18T16:37:20.839+0800][38.488s][info][gc,heap     ] GC(361) Reclaimed:         -                  -                26M (10%)          34M (13%)            -                  -          
[2026-06-18T16:37:20.839+0800][38.488s][info][gc          ] GC(361) Garbage Collection (Allocation Rate) 78M(30%)->84M(33%)
[2026-06-18T16:37:20.913+0800][38.562s][info][gc,start    ] GC(362) Garbage Collection (Allocation Rate)
[2026-06-18T16:37:20.916+0800][38.565s][info][gc,phases   ] GC(362) Pause Mark Start 0.383ms
[2026-06-18T16:37:20.920+0800][38.569s][info][gc,phases   ] GC(362) Concurrent Mark 2.062ms
[2026-06-18T16:37:20.923+0800][38.572s][info][gc,phases   ] GC(362) Pause Mark End 0.676ms
[2026-06-18T16:37:20.925+0800][38.574s][info][gc,phases   ] GC(362) Concurrent Process Non-Strong References 0.190ms
[2026-06-18T16:37:20.926+0800][38.575s][info][gc,phases   ] GC(362) Concurrent Reset Relocation Set 0.004ms
[2026-06-18T16:37:20.927+0800][38.576s][info][gc,phases   ] GC(362) Concurrent Destroy Detached Pages 0.001ms
[2026-06-18T16:37:20.928+0800][38.578s][info][gc,phases   ] GC(362) Concurrent Select Relocation Set 0.706ms
[2026-06-18T16:37:20.930+0800][38.579s][info][gc,phases   ] GC(362) Concurrent Prepare Relocation Set 0.017ms
[2026-06-18T16:37:20.931+0800][38.580s][info][gc,phases   ] GC(362) Pause Relocate Start 0.118ms
[2026-06-18T16:37:20.933+0800][38.583s][info][gc,phases   ] GC(362) Concurrent Relocate 1.677ms
[2026-06-18T16:37:20.934+0800][38.583s][info][gc,load     ] GC(362) Load: 0.56/0.39/0.25
[2026-06-18T16:37:20.935+0800][38.585s][info][gc,mmu      ] GC(362) MMU: 2ms/39.9%, 5ms/76.0%, 10ms/83.7%, 20ms/90.0%, 50ms/96.0%, 100ms/97.1%
[2026-06-18T16:37:20.936+0800][38.585s][info][gc,marking  ] GC(362) Mark: 2 stripe(s), 1 proactive flush(es), 1 terminate flush(es), 0 completion(s), 0 continuation(s) 
[2026-06-18T16:37:20.936+0800][38.586s][info][gc,reloc    ] GC(362) Relocation: Successful, 25M relocated
[2026-06-18T16:37:20.937+0800][38.586s][info][gc,nmethod  ] GC(362) NMethods: 25 registered, 0 unregistered
[2026-06-18T16:37:20.937+0800][38.587s][info][gc,metaspace] GC(362) Metaspace: 3M used, 4M capacity, 4M committed, 8M reserved
[2026-06-18T16:37:20.938+0800][38.587s][info][gc,ref      ] GC(362) Soft: 43 encountered, 0 discovered, 0 enqueued
[2026-06-18T16:37:20.938+0800][38.587s][info][gc,ref      ] GC(362) Weak: 7 encountered, 2 discovered, 0 enqueued
[2026-06-18T16:37:20.938+0800][38.588s][info][gc,ref      ] GC(362) Final: 0 encountered, 0 discovered, 0 enqueued
[2026-06-18T16:37:20.939+0800][38.588s][info][gc,ref      ] GC(362) Phantom: 1 encountered, 1 discovered, 0 enqueued
[2026-06-18T16:37:20.939+0800][38.588s][info][gc,heap     ] GC(362)                Mark Start          Mark End        Relocate Start      Relocate End           High               Low         
[2026-06-18T16:37:20.939+0800][38.588s][info][gc,heap     ] GC(362)  Capacity:      256M (100%)        256M (100%)        256M (100%)        256M (100%)        256M (100%)        256M (100%)   
[2026-06-18T16:37:20.939+0800][38.589s][info][gc,heap     ] GC(362)   Reserve:       62M (24%)          62M (24%)          62M (24%)          62M (24%)          62M (24%)          62M (24%)    
[2026-06-18T16:37:20.940+0800][38.589s][info][gc,heap     ] GC(362)      Free:       78M (30%)          78M (30%)         104M (41%)         146M (57%)         146M (57%)          66M (26%)    
[2026-06-18T16:37:20.940+0800][38.589s][info][gc,heap     ] GC(362)      Used:      116M (45%)         116M (45%)          90M (35%)          48M (19%)         128M (50%)          48M (19%)    
[2026-06-18T16:37:20.940+0800][38.589s][info][gc,heap     ] GC(362)      Live:         -                25M (10%)          25M (10%)          25M (10%)            -                  -          
[2026-06-18T16:37:20.940+0800][38.589s][info][gc,heap     ] GC(362) Allocated:         -                 0M (0%)            4M (2%)           46M (18%)            -                  -          
[2026-06-18T16:37:20.940+0800][38.590s][info][gc,heap     ] GC(362)   Garbage:         -                90M (35%)          60M (24%)          18M (7%)             -                  -          
[2026-06-18T16:37:20.941+0800][38.590s][info][gc,heap     ] GC(362) Reclaimed:         -                  -                30M (12%)          72M (28%)            -                  -          
[2026-06-18T16:37:20.941+0800][38.590s][info][gc          ] GC(362) Garbage Collection (Allocation Rate) 116M(45%)->48M(19%)
[2026-06-18T16:37:21.013+0800][38.663s][info][gc,start    ] GC(363) Garbage Collection (Allocation Rate)
[2026-06-18T16:37:21.016+0800][38.665s][info][gc,phases   ] GC(363) Pause Mark Start 0.611ms
[2026-06-18T16:37:21.019+0800][38.669s][info][gc,phases   ] GC(363) Concurrent Mark 2.197ms
[2026-06-18T16:37:21.021+0800][38.671s][info][gc,phases   ] GC(363) Pause Mark End 0.426ms
[2026-06-18T16:37:21.024+0800][38.673s][info][gc,phases   ] GC(363) Concurrent Process Non-Strong References 0.243ms
[2026-06-18T16:37:21.025+0800][38.674s][info][gc,phases   ] GC(363) Concurrent Reset Relocation Set 0.004ms
[2026-06-18T16:37:21.025+0800][38.675s][info][gc,phases   ] GC(363) Concurrent Destroy Detached Pages 0.001ms
[2026-06-18T16:37:21.027+0800][38.676s][info][gc,phases   ] GC(363) Concurrent Select Relocation Set 0.703ms
[2026-06-18T16:37:21.027+0800][38.677s][info][gc,phases   ] GC(363) Concurrent Prepare Relocation Set 0.008ms
[2026-06-18T16:37:21.028+0800][38.677s][info][gc,phases   ] GC(363) Pause Relocate Start 0.138ms
[2026-06-18T16:37:21.029+0800][38.678s][info][gc,phases   ] GC(363) Concurrent Relocate 0.186ms
[2026-06-18T16:37:21.029+0800][38.679s][info][gc,load     ] GC(363) Load: 0.56/0.39/0.25
[2026-06-18T16:37:21.030+0800][38.679s][info][gc,mmu      ] GC(363) MMU: 2ms/39.9%, 5ms/76.0%, 10ms/83.7%, 20ms/90.0%, 50ms/96.0%, 100ms/97.1%
[2026-06-18T16:37:21.030+0800][38.679s][info][gc,marking  ] GC(363) Mark: 2 stripe(s), 1 proactive flush(es), 1 terminate flush(es), 0 completion(s), 0 continuation(s) 
[2026-06-18T16:37:21.031+0800][38.680s][info][gc,reloc    ] GC(363) Relocation: Successful, 19M relocated
[2026-06-18T16:37:21.031+0800][38.681s][info][gc,nmethod  ] GC(363) NMethods: 25 registered, 0 unregistered
[2026-06-18T16:37:21.032+0800][38.681s][info][gc,metaspace] GC(363) Metaspace: 3M used, 4M capacity, 4M committed, 8M reserved
[2026-06-18T16:37:21.032+0800][38.681s][info][gc,ref      ] GC(363) Soft: 43 encountered, 0 discovered, 0 enqueued
[2026-06-18T16:37:21.032+0800][38.681s][info][gc,ref      ] GC(363) Weak: 7 encountered, 2 discovered, 0 enqueued
[2026-06-18T16:37:21.032+0800][38.682s][info][gc,ref      ] GC(363) Final: 0 encountered, 0 discovered, 0 enqueued
[2026-06-18T16:37:21.032+0800][38.682s][info][gc,ref      ] GC(363) Phantom: 1 encountered, 1 discovered, 0 enqueued
[2026-06-18T16:37:21.033+0800][38.682s][info][gc,heap     ] GC(363)                Mark Start          Mark End        Relocate Start      Relocate End           High               Low         
[2026-06-18T16:37:21.033+0800][38.682s][info][gc,heap     ] GC(363)  Capacity:      256M (100%)        256M (100%)        256M (100%)        256M (100%)        256M (100%)        256M (100%)   
[2026-06-18T16:37:21.033+0800][38.682s][info][gc,heap     ] GC(363)   Reserve:       62M (24%)          62M (24%)          62M (24%)          62M (24%)          62M (24%)          62M (24%)    
[2026-06-18T16:37:21.033+0800][38.682s][info][gc,heap     ] GC(363)      Free:      116M (45%)         112M (44%)         140M (55%)         148M (58%)         148M (58%)         112M (44%)    
[2026-06-18T16:37:21.033+0800][38.683s][info][gc,heap     ] GC(363)      Used:       78M (30%)          82M (32%)          54M (21%)          46M (18%)          82M (32%)          46M (18%)    
[2026-06-18T16:37:21.034+0800][38.683s][info][gc,heap     ] GC(363)      Live:         -                21M (8%)           21M (8%)           21M (8%)             -                  -          
[2026-06-18T16:37:21.034+0800][38.683s][info][gc,heap     ] GC(363) Allocated:         -                 4M (2%)            4M (2%)           10M (4%)             -                  -          
[2026-06-18T16:37:21.034+0800][38.684s][info][gc,heap     ] GC(363)   Garbage:         -                56M (22%)          28M (11%)          20M (8%)             -                  -          
[2026-06-18T16:37:21.035+0800][38.684s][info][gc,heap     ] GC(363) Reclaimed:         -                  -                28M (11%)          36M (14%)            -                  -          
[2026-06-18T16:37:21.035+0800][38.684s][info][gc          ] GC(363) Garbage Collection (Allocation Rate) 78M(30%)->46M(18%)
[2026-06-18T16:37:21.113+0800][38.763s][info][gc,start    ] GC(364) Garbage Collection (Allocation Rate)
[2026-06-18T16:37:21.120+0800][38.769s][info][gc,phases   ] GC(364) Pause Mark Start 0.410ms
[2026-06-18T16:37:21.123+0800][38.772s][info][gc,phases   ] GC(364) Concurrent Mark 2.186ms
[2026-06-18T16:37:21.125+0800][38.775s][info][gc,phases   ] GC(364) Pause Mark End 0.699ms
[2026-06-18T16:37:21.127+0800][38.776s][info][gc,phases   ] GC(364) Concurrent Process Non-Strong References 0.283ms
[2026-06-18T16:37:21.128+0800][38.777s][info][gc,phases   ] GC(364) Concurrent Reset Relocation Set 0.004ms
[2026-06-18T16:37:21.129+0800][38.778s][info][gc,phases   ] GC(364) Concurrent Destroy Detached Pages 0.001ms
[2026-06-18T16:37:21.131+0800][38.780s][info][gc,phases   ] GC(364) Concurrent Select Relocation Set 1.033ms
[2026-06-18T16:37:21.132+0800][38.781s][info][gc,phases   ] GC(364) Concurrent Prepare Relocation Set 0.013ms
[2026-06-18T16:37:21.133+0800][38.782s][info][gc,phases   ] GC(364) Pause Relocate Start 0.196ms
[2026-06-18T16:37:21.136+0800][38.785s][info][gc,phases   ] GC(364) Concurrent Relocate 1.946ms
[2026-06-18T16:37:21.136+0800][38.786s][info][gc,load     ] GC(364) Load: 0.56/0.39/0.25
[2026-06-18T16:37:21.137+0800][38.786s][info][gc,mmu      ] GC(364) MMU: 2ms/39.9%, 5ms/76.0%, 10ms/83.7%, 20ms/90.0%, 50ms/96.0%, 100ms/97.1%
[2026-06-18T16:37:21.137+0800][38.786s][info][gc,marking  ] GC(364) Mark: 2 stripe(s), 3 proactive flush(es), 1 terminate flush(es), 0 completion(s), 0 continuation(s) 
[2026-06-18T16:37:21.138+0800][38.787s][info][gc,reloc    ] GC(364) Relocation: Successful, 25M relocated
[2026-06-18T16:37:21.138+0800][38.787s][info][gc,nmethod  ] GC(364) NMethods: 25 registered, 0 unregistered
[2026-06-18T16:37:21.138+0800][38.788s][info][gc,metaspace] GC(364) Metaspace: 3M used, 4M capacity, 4M committed, 8M reserved
[2026-06-18T16:37:21.139+0800][38.788s][info][gc,ref      ] GC(364) Soft: 43 encountered, 0 discovered, 0 enqueued
[2026-06-18T16:37:21.139+0800][38.789s][info][gc,ref      ] GC(364) Weak: 7 encountered, 2 discovered, 0 enqueued
[2026-06-18T16:37:21.140+0800][38.789s][info][gc,ref      ] GC(364) Final: 0 encountered, 0 discovered, 0 enqueued
[2026-06-18T16:37:21.140+0800][38.789s][info][gc,ref      ] GC(364) Phantom: 1 encountered, 1 discovered, 0 enqueued
[2026-06-18T16:37:21.140+0800][38.789s][info][gc,heap     ] GC(364)                Mark Start          Mark End        Relocate Start      Relocate End           High               Low         
[2026-06-18T16:37:21.140+0800][38.790s][info][gc,heap     ] GC(364)  Capacity:      256M (100%)        256M (100%)        256M (100%)        256M (100%)        256M (100%)        256M (100%)   
[2026-06-18T16:37:21.140+0800][38.790s][info][gc,heap     ] GC(364)   Reserve:       62M (24%)          62M (24%)          62M (24%)          62M (24%)          62M (24%)          62M (24%)    
[2026-06-18T16:37:21.141+0800][38.790s][info][gc,heap     ] GC(364)      Free:       84M (33%)          80M (31%)          72M (28%)         142M (55%)         142M (55%)          66M (26%)    
[2026-06-18T16:37:21.141+0800][38.790s][info][gc,heap     ] GC(364)      Used:      110M (43%)         114M (45%)         122M (48%)          52M (20%)         128M (50%)          52M (20%)    
[2026-06-18T16:37:21.141+0800][38.790s][info][gc,heap     ] GC(364)      Live:         -                27M (11%)          27M (11%)          27M (11%)            -                  -          
[2026-06-18T16:37:21.141+0800][38.791s][info][gc,heap     ] GC(364) Allocated:         -                 4M (2%)           40M (16%)          48M (19%)            -                  -          
[2026-06-18T16:37:21.142+0800][38.791s][info][gc,heap     ] GC(364)   Garbage:         -                82M (32%)          54M (21%)    17592186044400M (6         -                  -          
[2026-06-18T16:37:21.142+0800][38.791s][info][gc,heap     ] GC(364) Reclaimed:         -                  -                28M (11%)          98M (38%)            -                  -          
[2026-06-18T16:37:21.142+0800][38.791s][info][gc          ] GC(364) Garbage Collection (Allocation Rate) 110M(43%)->52M(20%)
[2026-06-18T16:37:21.214+0800][38.863s][info][gc,start    ] GC(365) Garbage Collection (Allocation Rate)
[2026-06-18T16:37:21.217+0800][38.866s][info][gc,phases   ] GC(365) Pause Mark Start 0.479ms
[2026-06-18T16:37:21.221+0800][38.870s][info][gc,phases   ] GC(365) Concurrent Mark 2.342ms
[2026-06-18T16:37:21.223+0800][38.873s][info][gc,phases   ] GC(365) Pause Mark End 0.633ms
[2026-06-18T16:37:21.225+0800][38.874s][info][gc,phases   ] GC(365) Concurrent Process Non-Strong References 0.374ms
[2026-06-18T16:37:21.227+0800][38.876s][info][gc,phases   ] GC(365) Concurrent Reset Relocation Set 0.003ms
[2026-06-18T16:37:21.228+0800][38.877s][info][gc,phases   ] GC(365) Concurrent Destroy Detached Pages 0.001ms
[2026-06-18T16:37:21.229+0800][38.879s][info][gc,phases   ] GC(365) Concurrent Select Relocation Set 0.827ms
[2026-06-18T16:37:21.230+0800][38.879s][info][gc,phases   ] GC(365) Concurrent Prepare Relocation Set 0.005ms
[2026-06-18T16:37:21.231+0800][38.881s][info][gc,phases   ] GC(365) Pause Relocate Start 0.225ms
[2026-06-18T16:37:21.232+0800][38.882s][info][gc,phases   ] GC(365) Concurrent Relocate 0.270ms
[2026-06-18T16:37:21.233+0800][38.883s][info][gc,load     ] GC(365) Load: 0.56/0.39/0.25
[2026-06-18T16:37:21.234+0800][38.884s][info][gc,mmu      ] GC(365) MMU: 2ms/39.9%, 5ms/76.0%, 10ms/83.7%, 20ms/90.0%, 50ms/96.0%, 100ms/97.1%
[2026-06-18T16:37:21.237+0800][38.887s][info][gc,marking  ] GC(365) Mark: 2 stripe(s), 2 proactive flush(es), 1 terminate flush(es), 0 completion(s), 0 continuation(s) 
[2026-06-18T16:37:21.239+0800][38.888s][info][gc,reloc    ] GC(365) Relocation: Successful, 22M relocated
[2026-06-18T16:37:21.242+0800][38.891s][info][gc,nmethod  ] GC(365) NMethods: 25 registered, 0 unregistered
[2026-06-18T16:37:21.244+0800][38.893s][info][gc,metaspace] GC(365) Metaspace: 3M used, 4M capacity, 4M committed, 8M reserved
[2026-06-18T16:37:21.245+0800][38.895s][info][gc,ref      ] GC(365) Soft: 43 encountered, 0 discovered, 0 enqueued
[2026-06-18T16:37:21.249+0800][38.898s][info][gc,ref      ] GC(365) Weak: 7 encountered, 0 discovered, 0 enqueued
[2026-06-18T16:37:21.251+0800][38.900s][info][gc,ref      ] GC(365) Final: 0 encountered, 0 discovered, 0 enqueued
[2026-06-18T16:37:21.253+0800][38.903s][info][gc,ref      ] GC(365) Phantom: 1 encountered, 1 discovered, 0 enqueued
[2026-06-18T16:37:21.256+0800][38.905s][info][gc,heap     ] GC(365)                Mark Start          Mark End        Relocate Start      Relocate End           High               Low         
[2026-06-18T16:37:21.259+0800][38.908s][info][gc,heap     ] GC(365)  Capacity:      256M (100%)        256M (100%)        256M (100%)        256M (100%)        256M (100%)        256M (100%)   
[2026-06-18T16:37:21.262+0800][38.911s][info][gc,heap     ] GC(365)   Reserve:       62M (24%)          62M (24%)          62M (24%)          62M (24%)          62M (24%)          62M (24%)    
[2026-06-18T16:37:21.265+0800][38.915s][info][gc,heap     ] GC(365)      Free:      116M (45%)         112M (44%)         136M (53%)         146M (57%)         146M (57%)         112M (44%)    
[2026-06-18T16:37:21.269+0800][38.918s][info][gc,heap     ] GC(365)      Used:       78M (30%)          82M (32%)          58M (23%)          48M (19%)          82M (32%)          48M (19%)    
[2026-06-18T16:37:21.271+0800][38.920s][info][gc,heap     ] GC(365)      Live:         -                23M (9%)           23M (9%)           23M (9%)             -                  -          
[2026-06-18T16:37:21.272+0800][38.921s][info][gc,heap     ] GC(365) Allocated:         -                 4M (2%)            8M (3%)           14M (5%)             -                  -          
[2026-06-18T16:37:21.272+0800][38.922s][info][gc,heap     ] GC(365)   Garbage:         -                54M (21%)          26M (10%)          16M (6%)             -                  -          
[2026-06-18T16:37:21.273+0800][38.922s][info][gc,heap     ] GC(365) Reclaimed:         -                  -                28M (11%)          38M (15%)            -                  -          
[2026-06-18T16:37:21.274+0800][38.923s][info][gc          ] GC(365) Garbage Collection (Allocation Rate) 78M(30%)->48M(19%)
[2026-06-18T16:37:21.314+0800][38.963s][info][gc,start    ] GC(366) Garbage Collection (Allocation Rate)
[2026-06-18T16:37:21.317+0800][38.966s][info][gc,phases   ] GC(366) Pause Mark Start 0.499ms
[2026-06-18T16:37:21.321+0800][38.970s][info][gc,phases   ] GC(366) Concurrent Mark 2.221ms
[2026-06-18T16:37:21.324+0800][38.974s][info][gc,phases   ] GC(366) Pause Mark End 1.165ms
[2026-06-18T16:37:21.326+0800][38.976s][info][gc,phases   ] GC(366) Concurrent Process Non-Strong References 0.346ms
[2026-06-18T16:37:21.327+0800][38.977s][info][gc,phases   ] GC(366) Concurrent Reset Relocation Set 0.005ms
[2026-06-18T16:37:21.328+0800][38.978s][info][gc,phases   ] GC(366) Concurrent Destroy Detached Pages 0.002ms
[2026-06-18T16:37:21.330+0800][38.980s][info][gc,phases   ] GC(366) Concurrent Select Relocation Set 1.036ms
[2026-06-18T16:37:21.331+0800][38.981s][info][gc,phases   ] GC(366) Concurrent Prepare Relocation Set 0.007ms
[2026-06-18T16:37:21.332+0800][38.982s][info][gc,phases   ] GC(366) Pause Relocate Start 0.205ms
[2026-06-18T16:37:21.335+0800][38.985s][info][gc,phases   ] GC(366) Concurrent Relocate 2.384ms
[2026-06-18T16:37:21.341+0800][38.990s][info][gc,load     ] GC(366) Load: 0.56/0.39/0.25
[2026-06-18T16:37:21.365+0800][39.014s][info][gc,mmu      ] GC(366) MMU: 2ms/39.9%, 5ms/76.0%, 10ms/83.4%, 20ms/90.0%, 50ms/96.0%, 100ms/97.1%
[2026-06-18T16:37:21.370+0800][39.020s][info][gc,marking  ] GC(366) Mark: 2 stripe(s), 1 proactive flush(es), 1 terminate flush(es), 0 completion(s), 0 continuation(s) 
[2026-06-18T16:37:21.372+0800][39.021s][info][gc,reloc    ] GC(366) Relocation: Successful, 29M relocated
[2026-06-18T16:37:21.373+0800][39.022s][info][gc,nmethod  ] GC(366) NMethods: 25 registered, 0 unregistered
[2026-06-18T16:37:21.374+0800][39.023s][info][gc,metaspace] GC(366) Metaspace: 3M used, 4M capacity, 4M committed, 8M reserved
[2026-06-18T16:37:21.375+0800][39.025s][info][gc,ref      ] GC(366) Soft: 43 encountered, 0 discovered, 0 enqueued
[2026-06-18T16:37:21.376+0800][39.025s][info][gc,ref      ] GC(366) Weak: 7 encountered, 2 discovered, 0 enqueued
[2026-06-18T16:37:21.377+0800][39.026s][info][gc,ref      ] GC(366) Final: 0 encountered, 0 discovered, 0 enqueued
[2026-06-18T16:37:21.378+0800][39.027s][info][gc,ref      ] GC(366) Phantom: 1 encountered, 1 discovered, 0 enqueued
[2026-06-18T16:37:21.379+0800][39.028s][info][gc,heap     ] GC(366)                Mark Start          Mark End        Relocate Start      Relocate End           High               Low         
[2026-06-18T16:37:21.379+0800][39.029s][info][gc,heap     ] GC(366)  Capacity:      256M (100%)        256M (100%)        256M (100%)        256M (100%)        256M (100%)        256M (100%)   
[2026-06-18T16:37:21.380+0800][39.029s][info][gc,heap     ] GC(366)   Reserve:       62M (24%)          62M (24%)          62M (24%)          62M (24%)          62M (24%)          62M (24%)    
[2026-06-18T16:37:21.381+0800][39.030s][info][gc,heap     ] GC(366)      Free:       82M (32%)          82M (32%)         108M (42%)         146M (57%)         146M (57%)          70M (27%)    
[2026-06-18T16:37:21.381+0800][39.031s][info][gc,heap     ] GC(366)      Used:      112M (44%)         112M (44%)          86M (34%)          48M (19%)         124M (48%)          48M (19%)    
[2026-06-18T16:37:21.382+0800][39.031s][info][gc,heap     ] GC(366)      Live:         -                31M (12%)          31M (12%)          31M (12%)            -                  -          
[2026-06-18T16:37:21.383+0800][39.032s][info][gc,heap     ] GC(366) Allocated:         -                 0M (0%)            4M (2%)           46M (18%)            -                  -          
[2026-06-18T16:37:21.384+0800][39.033s][info][gc,heap     ] GC(366)   Garbage:         -                80M (32%)          50M (20%)          12M (5%)             -                  -          
[2026-06-18T16:37:21.384+0800][39.034s][info][gc,heap     ] GC(366) Reclaimed:         -                  -                30M (12%)          68M (27%)            -                  -          
[2026-06-18T16:37:21.385+0800][39.034s][info][gc          ] GC(366) Garbage Collection (Allocation Rate) 112M(44%)->48M(19%)
[2026-06-18T16:37:21.413+0800][39.062s][info][gc,start    ] GC(367) Garbage Collection (Allocation Rate)
[2026-06-18T16:37:21.416+0800][39.065s][info][gc,phases   ] GC(367) Pause Mark Start 0.501ms
[2026-06-18T16:37:21.420+0800][39.069s][info][gc,phases   ] GC(367) Concurrent Mark 1.905ms
[2026-06-18T16:37:21.423+0800][39.072s][info][gc,phases   ] GC(367) Pause Mark End 0.681ms
[2026-06-18T16:37:21.424+0800][39.073s][info][gc,phases   ] GC(367) Concurrent Process Non-Strong References 0.187ms
[2026-06-18T16:37:21.425+0800][39.074s][info][gc,phases   ] GC(367) Concurrent Reset Relocation Set 0.005ms
[2026-06-18T16:37:21.426+0800][39.075s][info][gc,phases   ] GC(367) Concurrent Destroy Detached Pages 0.002ms
[2026-06-18T16:37:21.428+0800][39.077s][info][gc,phases   ] GC(367) Concurrent Select Relocation Set 1.379ms
[2026-06-18T16:37:21.431+0800][39.080s][info][gc,phases   ] GC(367) Concurrent Prepare Relocation Set 0.016ms
[2026-06-18T16:37:21.436+0800][39.085s][info][gc,phases   ] GC(367) Pause Relocate Start 0.386ms
[2026-06-18T16:37:21.440+0800][39.089s][info][gc,phases   ] GC(367) Concurrent Relocate 0.647ms
[2026-06-18T16:37:21.443+0800][39.092s][info][gc,load     ] GC(367) Load: 0.56/0.39/0.25
[2026-06-18T16:37:21.446+0800][39.095s][info][gc,mmu      ] GC(367) MMU: 2ms/39.9%, 5ms/76.0%, 10ms/83.4%, 20ms/90.0%, 50ms/96.0%, 100ms/97.1%
[2026-06-18T16:37:21.450+0800][39.099s][info][gc,marking  ] GC(367) Mark: 2 stripe(s), 1 proactive flush(es), 1 terminate flush(es), 0 completion(s), 0 continuation(s) 
[2026-06-18T16:37:21.453+0800][39.102s][info][gc,reloc    ] GC(367) Relocation: Successful, 22M relocated
[2026-06-18T16:37:21.455+0800][39.104s][info][gc,nmethod  ] GC(367) NMethods: 25 registered, 0 unregistered
[2026-06-18T16:37:21.457+0800][39.106s][info][gc,metaspace] GC(367) Metaspace: 3M used, 4M capacity, 4M committed, 8M reserved
[2026-06-18T16:37:21.460+0800][39.109s][info][gc,ref      ] GC(367) Soft: 43 encountered, 0 discovered, 0 enqueued
[2026-06-18T16:37:21.461+0800][39.110s][info][gc,ref      ] GC(367) Weak: 7 encountered, 2 discovered, 0 enqueued
[2026-06-18T16:37:21.462+0800][39.111s][info][gc,ref      ] GC(367) Final: 0 encountered, 0 discovered, 0 enqueued
[2026-06-18T16:37:21.463+0800][39.112s][info][gc,ref      ] GC(367) Phantom: 1 encountered, 1 discovered, 0 enqueued
[2026-06-18T16:37:21.463+0800][39.113s][info][gc,heap     ] GC(367)                Mark Start          Mark End        Relocate Start      Relocate End           High               Low         
[2026-06-18T16:37:21.464+0800][39.114s][info][gc,heap     ] GC(367)  Capacity:      256M (100%)        256M (100%)        256M (100%)        256M (100%)        256M (100%)        256M (100%)   
[2026-06-18T16:37:21.465+0800][39.115s][info][gc,heap     ] GC(367)   Reserve:       62M (24%)          62M (24%)          62M (24%)          62M (24%)          62M (24%)          62M (24%)    
[2026-06-18T16:37:21.467+0800][39.116s][info][gc,heap     ] GC(367)      Free:      116M (45%)         112M (44%)         104M (41%)         112M (44%)         140M (55%)          98M (38%)    
[2026-06-18T16:37:21.467+0800][39.117s][info][gc,heap     ] GC(367)      Used:       78M (30%)          82M (32%)          90M (35%)          82M (32%)          96M (38%)          54M (21%)    
[2026-06-18T16:37:21.468+0800][39.118s][info][gc,heap     ] GC(367)      Live:         -                25M (10%)          25M (10%)          25M (10%)            -                  -          
[2026-06-18T16:37:21.469+0800][39.118s][info][gc,heap     ] GC(367) Allocated:         -                 4M (2%)           40M (16%)          46M (18%)            -                  -          
[2026-06-18T16:37:21.470+0800][39.119s][info][gc,heap     ] GC(367)   Garbage:         -                52M (20%)          24M (9%)           16M (6%)             -                  -          
[2026-06-18T16:37:21.471+0800][39.120s][info][gc,heap     ] GC(367) Reclaimed:         -                  -                28M (11%)          36M (14%)            -                  -          
[2026-06-18T16:37:21.472+0800][39.121s][info][gc          ] GC(367) Garbage Collection (Allocation Rate) 78M(30%)->82M(32%)
[2026-06-18T16:37:21.513+0800][39.163s][info][gc,start    ] GC(368) Garbage Collection (Allocation Rate)
[2026-06-18T16:37:21.516+0800][39.166s][info][gc,phases   ] GC(368) Pause Mark Start 0.556ms
[2026-06-18T16:37:21.520+0800][39.170s][info][gc,phases   ] GC(368) Concurrent Mark 2.367ms
[2026-06-18T16:37:21.523+0800][39.172s][info][gc,phases   ] GC(368) Pause Mark End 0.687ms
[2026-06-18T16:37:21.525+0800][39.174s][info][gc,phases   ] GC(368) Concurrent Process Non-Strong References 0.279ms
[2026-06-18T16:37:21.527+0800][39.176s][info][gc,phases   ] GC(368) Concurrent Reset Relocation Set 0.004ms
[2026-06-18T16:37:21.528+0800][39.178s][info][gc,phases   ] GC(368) Concurrent Destroy Detached Pages 0.001ms
[2026-06-18T16:37:21.531+0800][39.180s][info][gc,phases   ] GC(368) Concurrent Select Relocation Set 0.761ms
[2026-06-18T16:37:21.531+0800][39.181s][info][gc,phases   ] GC(368) Concurrent Prepare Relocation Set 0.010ms
[2026-06-18T16:37:21.532+0800][39.181s][info][gc,phases   ] GC(368) Pause Relocate Start 0.147ms
[2026-06-18T16:37:21.534+0800][39.183s][info][gc,phases   ] GC(368) Concurrent Relocate 1.004ms
[2026-06-18T16:37:21.534+0800][39.183s][info][gc,load     ] GC(368) Load: 0.56/0.39/0.25
[2026-06-18T16:37:21.535+0800][39.184s][info][gc,mmu      ] GC(368) MMU: 2ms/39.9%, 5ms/76.0%, 10ms/83.4%, 20ms/90.0%, 50ms/96.0%, 100ms/97.1%
[2026-06-18T16:37:21.535+0800][39.184s][info][gc,marking  ] GC(368) Mark: 2 stripe(s), 1 proactive flush(es), 1 terminate flush(es), 0 completion(s), 0 continuation(s) 
[2026-06-18T16:37:21.535+0800][39.185s][info][gc,reloc    ] GC(368) Relocation: Successful, 17M relocated
[2026-06-18T16:37:21.536+0800][39.185s][info][gc,nmethod  ] GC(368) NMethods: 25 registered, 0 unregistered
[2026-06-18T16:37:21.536+0800][39.185s][info][gc,metaspace] GC(368) Metaspace: 3M used, 4M capacity, 4M committed, 8M reserved
[2026-06-18T16:37:21.537+0800][39.186s][info][gc,ref      ] GC(368) Soft: 43 encountered, 0 discovered, 0 enqueued
[2026-06-18T16:37:21.537+0800][39.187s][info][gc,ref      ] GC(368) Weak: 7 encountered, 2 discovered, 0 enqueued
[2026-06-18T16:37:21.538+0800][39.187s][info][gc,ref      ] GC(368) Final: 0 encountered, 0 discovered, 0 enqueued
[2026-06-18T16:37:21.538+0800][39.187s][info][gc,ref      ] GC(368) Phantom: 1 encountered, 1 discovered, 0 enqueued
[2026-06-18T16:37:21.538+0800][39.187s][info][gc,heap     ] GC(368)                Mark Start          Mark End        Relocate Start      Relocate End           High               Low         
[2026-06-18T16:37:21.538+0800][39.188s][info][gc,heap     ] GC(368)  Capacity:      256M (100%)        256M (100%)        256M (100%)        256M (100%)        256M (100%)        256M (100%)   
[2026-06-18T16:37:21.539+0800][39.188s][info][gc,heap     ] GC(368)   Reserve:       62M (24%)          62M (24%)          62M (24%)          62M (24%)          62M (24%)          62M (24%)    
[2026-06-18T16:37:21.539+0800][39.188s][info][gc,heap     ] GC(368)      Free:       86M (34%)          82M (32%)          74M (29%)         146M (57%)         146M (57%)          46M (18%)    
[2026-06-18T16:37:21.539+0800][39.189s][info][gc,heap     ] GC(368)      Used:      108M (42%)         112M (44%)         120M (47%)          48M (19%)         148M (58%)          48M (19%)    
[2026-06-18T16:37:21.539+0800][39.189s][info][gc,heap     ] GC(368)      Live:         -                17M (7%)           17M (7%)           17M (7%)             -                  -          
[2026-06-18T16:37:21.540+0800][39.189s][info][gc,heap     ] GC(368) Allocated:         -                 4M (2%)           40M (16%)          46M (18%)            -                  -          
[2026-06-18T16:37:21.540+0800][39.189s][info][gc,heap     ] GC(368)   Garbage:         -                90M (35%)          62M (24%)    17592186044406M (6         -                  -          
[2026-06-18T16:37:21.540+0800][39.190s][info][gc,heap     ] GC(368) Reclaimed:         -                  -                28M (11%)         100M (39%)            -                  -          
[2026-06-18T16:37:21.540+0800][39.190s][info][gc          ] GC(368) Garbage Collection (Allocation Rate) 108M(42%)->48M(19%)
[2026-06-18T16:37:21.613+0800][39.263s][info][gc,start    ] GC(369) Garbage Collection (Allocation Rate)
[2026-06-18T16:37:21.615+0800][39.265s][info][gc,phases   ] GC(369) Pause Mark Start 0.206ms
[2026-06-18T16:37:21.618+0800][39.267s][info][gc,phases   ] GC(369) Concurrent Mark 1.542ms
[2026-06-18T16:37:21.619+0800][39.268s][info][gc,phases   ] GC(369) Pause Mark End 0.351ms
[2026-06-18T16:37:21.620+0800][39.269s][info][gc,phases   ] GC(369) Concurrent Process Non-Strong References 0.134ms
[2026-06-18T16:37:21.620+0800][39.270s][info][gc,phases   ] GC(369) Concurrent Reset Relocation Set 0.003ms
[2026-06-18T16:37:21.621+0800][39.270s][info][gc,phases   ] GC(369) Concurrent Destroy Detached Pages 0.001ms
[2026-06-18T16:37:21.622+0800][39.271s][info][gc,phases   ] GC(369) Concurrent Select Relocation Set 0.680ms
[2026-06-18T16:37:21.623+0800][39.272s][info][gc,phases   ] GC(369) Concurrent Prepare Relocation Set 0.004ms
[2026-06-18T16:37:21.623+0800][39.273s][info][gc,phases   ] GC(369) Pause Relocate Start 0.146ms
[2026-06-18T16:37:21.624+0800][39.273s][info][gc,phases   ] GC(369) Concurrent Relocate 0.213ms
[2026-06-18T16:37:21.625+0800][39.274s][info][gc,load     ] GC(369) Load: 0.56/0.39/0.25
[2026-06-18T16:37:21.625+0800][39.274s][info][gc,mmu      ] GC(369) MMU: 2ms/39.9%, 5ms/76.0%, 10ms/83.4%, 20ms/90.0%, 50ms/96.0%, 100ms/97.1%
[2026-06-18T16:37:21.625+0800][39.275s][info][gc,marking  ] GC(369) Mark: 2 stripe(s), 1 proactive flush(es), 1 terminate flush(es), 0 completion(s), 0 continuation(s) 
[2026-06-18T16:37:21.626+0800][39.275s][info][gc,reloc    ] GC(369) Relocation: Successful, 21M relocated
[2026-06-18T16:37:21.626+0800][39.275s][info][gc,nmethod  ] GC(369) NMethods: 25 registered, 0 unregistered
[2026-06-18T16:37:21.626+0800][39.276s][info][gc,metaspace] GC(369) Metaspace: 3M used, 4M capacity, 4M committed, 8M reserved
[2026-06-18T16:37:21.627+0800][39.276s][info][gc,ref      ] GC(369) Soft: 43 encountered, 0 discovered, 0 enqueued
[2026-06-18T16:37:21.627+0800][39.276s][info][gc,ref      ] GC(369) Weak: 7 encountered, 2 discovered, 0 enqueued
[2026-06-18T16:37:21.627+0800][39.277s][info][gc,ref      ] GC(369) Final: 0 encountered, 0 discovered, 0 enqueued
[2026-06-18T16:37:21.628+0800][39.277s][info][gc,ref      ] GC(369) Phantom: 1 encountered, 1 discovered, 0 enqueued
[2026-06-18T16:37:21.628+0800][39.277s][info][gc,heap     ] GC(369)                Mark Start          Mark End        Relocate Start      Relocate End           High               Low         
[2026-06-18T16:37:21.628+0800][39.277s][info][gc,heap     ] GC(369)  Capacity:      256M (100%)        256M (100%)        256M (100%)        256M (100%)        256M (100%)        256M (100%)   
[2026-06-18T16:37:21.628+0800][39.278s][info][gc,heap     ] GC(369)   Reserve:       62M (24%)          62M (24%)          62M (24%)          62M (24%)          62M (24%)          62M (24%)    
[2026-06-18T16:37:21.629+0800][39.278s][info][gc,heap     ] GC(369)      Free:      114M (45%)         114M (45%)         108M (42%)         114M (45%)         146M (57%)         102M (40%)    
[2026-06-18T16:37:21.629+0800][39.278s][info][gc,heap     ] GC(369)      Used:       80M (31%)          80M (31%)          86M (34%)          80M (31%)          92M (36%)          48M (19%)    
[2026-06-18T16:37:21.629+0800][39.278s][info][gc,heap     ] GC(369)      Live:         -                23M (9%)           23M (9%)           23M (9%)             -                  -          
[2026-06-18T16:37:21.629+0800][39.279s][info][gc,heap     ] GC(369) Allocated:         -                 0M (0%)           38M (15%)          44M (17%)            -                  -          
[2026-06-18T16:37:21.629+0800][39.279s][info][gc,heap     ] GC(369)   Garbage:         -                56M (22%)          24M (10%)          18M (7%)             -                  -          
[2026-06-18T16:37:21.630+0800][39.279s][info][gc,heap     ] GC(369) Reclaimed:         -                  -                32M (12%)          38M (15%)            -                  -          
[2026-06-18T16:37:21.630+0800][39.279s][info][gc          ] GC(369) Garbage Collection (Allocation Rate) 80M(31%)->80M(31%)
[2026-06-18T16:37:21.714+0800][39.363s][info][gc,start    ] GC(370) Garbage Collection (Allocation Rate)
[2026-06-18T16:37:21.716+0800][39.366s][info][gc,phases   ] GC(370) Pause Mark Start 0.419ms
[2026-06-18T16:37:21.720+0800][39.369s][info][gc,phases   ] GC(370) Concurrent Mark 2.184ms
[2026-06-18T16:37:21.722+0800][39.371s][info][gc,phases   ] GC(370) Pause Mark End 0.529ms
[2026-06-18T16:37:21.724+0800][39.373s][info][gc,phases   ] GC(370) Concurrent Process Non-Strong References 0.113ms
[2026-06-18T16:37:21.730+0800][39.379s][info][gc,phases   ] GC(370) Concurrent Reset Relocation Set 0.006ms
[2026-06-18T16:37:21.732+0800][39.382s][info][gc,phases   ] GC(370) Concurrent Destroy Detached Pages 0.002ms
[2026-06-18T16:37:21.739+0800][39.389s][info][gc,phases   ] GC(370) Concurrent Select Relocation Set 1.481ms
[2026-06-18T16:37:21.744+0800][39.393s][info][gc,phases   ] GC(370) Concurrent Prepare Relocation Set 0.024ms
[2026-06-18T16:37:21.747+0800][39.396s][info][gc,phases   ] GC(370) Pause Relocate Start 0.416ms
[2026-06-18T16:37:21.752+0800][39.401s][info][gc,phases   ] GC(370) Concurrent Relocate 1.825ms
[2026-06-18T16:37:21.755+0800][39.404s][info][gc,load     ] GC(370) Load: 0.56/0.39/0.25
[2026-06-18T16:37:21.757+0800][39.406s][info][gc,mmu      ] GC(370) MMU: 2ms/39.9%, 5ms/76.0%, 10ms/83.4%, 20ms/90.0%, 50ms/96.0%, 100ms/97.1%
[2026-06-18T16:37:21.758+0800][39.408s][info][gc,marking  ] GC(370) Mark: 2 stripe(s), 2 proactive flush(es), 1 terminate flush(es), 0 completion(s), 0 continuation(s) 
[2026-06-18T16:37:21.761+0800][39.411s][info][gc,reloc    ] GC(370) Relocation: Successful, 21M relocated
[2026-06-18T16:37:21.764+0800][39.413s][info][gc,nmethod  ] GC(370) NMethods: 25 registered, 0 unregistered
[2026-06-18T16:37:21.767+0800][39.416s][info][gc,metaspace] GC(370) Metaspace: 3M used, 4M capacity, 4M committed, 8M reserved
[2026-06-18T16:37:21.768+0800][39.417s][info][gc,ref      ] GC(370) Soft: 43 encountered, 0 discovered, 0 enqueued
[2026-06-18T16:37:21.769+0800][39.418s][info][gc,ref      ] GC(370) Weak: 7 encountered, 0 discovered, 0 enqueued
[2026-06-18T16:37:21.770+0800][39.419s][info][gc,ref      ] GC(370) Final: 0 encountered, 0 discovered, 0 enqueued
[2026-06-18T16:37:21.771+0800][39.420s][info][gc,ref      ] GC(370) Phantom: 1 encountered, 0 discovered, 0 enqueued
[2026-06-18T16:37:21.771+0800][39.421s][info][gc,heap     ] GC(370)                Mark Start          Mark End        Relocate Start      Relocate End           High               Low         
[2026-06-18T16:37:21.772+0800][39.421s][info][gc,heap     ] GC(370)  Capacity:      256M (100%)        256M (100%)        256M (100%)        256M (100%)        256M (100%)        256M (100%)   
[2026-06-18T16:37:21.773+0800][39.422s][info][gc,heap     ] GC(370)   Reserve:       62M (24%)          62M (24%)          62M (24%)          62M (24%)          62M (24%)          62M (24%)    
[2026-06-18T16:37:21.774+0800][39.423s][info][gc,heap     ] GC(370)      Free:       86M (34%)          48M (19%)          64M (25%)         134M (52%)         134M (52%)          44M (17%)    
[2026-06-18T16:37:21.775+0800][39.424s][info][gc,heap     ] GC(370)      Used:      108M (42%)         146M (57%)         130M (51%)          60M (23%)         150M (59%)          60M (23%)    
[2026-06-18T16:37:21.775+0800][39.424s][info][gc,heap     ] GC(370)      Live:         -                21M (8%)           21M (8%)           21M (8%)             -                  -          
[2026-06-18T16:37:21.776+0800][39.425s][info][gc,heap     ] GC(370) Allocated:         -                38M (15%)          46M (18%)          56M (22%)            -                  -          
[2026-06-18T16:37:21.776+0800][39.425s][info][gc,heap     ] GC(370)   Garbage:         -                86M (34%)          62M (25%)    17592186044406M (6         -                  -          
[2026-06-18T16:37:21.777+0800][39.426s][info][gc,heap     ] GC(370) Reclaimed:         -                  -                24M (9%)           96M (38%)            -                  -          
[2026-06-18T16:37:21.777+0800][39.426s][info][gc          ] GC(370) Garbage Collection (Allocation Rate) 108M(42%)->60M(23%)
[2026-06-18T16:37:21.814+0800][39.463s][info][gc,start    ] GC(371) Garbage Collection (Allocation Rate)
[2026-06-18T16:37:21.817+0800][39.466s][info][gc,phases   ] GC(371) Pause Mark Start 0.517ms
[2026-06-18T16:37:21.822+0800][39.471s][info][gc,phases   ] GC(371) Concurrent Mark 2.427ms
[2026-06-18T16:37:21.824+0800][39.474s][info][gc,phases   ] GC(371) Pause Mark End 0.777ms
[2026-06-18T16:37:21.826+0800][39.475s][info][gc,phases   ] GC(371) Concurrent Process Non-Strong References 0.425ms
[2026-06-18T16:37:21.827+0800][39.476s][info][gc,phases   ] GC(371) Concurrent Reset Relocation Set 0.006ms
[2026-06-18T16:37:21.828+0800][39.477s][info][gc,phases   ] GC(371) Concurrent Destroy Detached Pages 0.001ms
[2026-06-18T16:37:21.829+0800][39.479s][info][gc,phases   ] GC(371) Concurrent Select Relocation Set 0.958ms
[2026-06-18T16:37:21.830+0800][39.479s][info][gc,phases   ] GC(371) Concurrent Prepare Relocation Set 0.011ms
[2026-06-18T16:37:21.831+0800][39.480s][info][gc,phases   ] GC(371) Pause Relocate Start 0.206ms
[2026-06-18T16:37:21.832+0800][39.481s][info][gc,phases   ] GC(371) Concurrent Relocate 0.375ms
[2026-06-18T16:37:21.832+0800][39.481s][info][gc,load     ] GC(371) Load: 0.56/0.39/0.25
[2026-06-18T16:37:21.832+0800][39.482s][info][gc,mmu      ] GC(371) MMU: 2ms/39.9%, 5ms/76.0%, 10ms/83.4%, 20ms/90.0%, 50ms/96.0%, 100ms/97.1%
[2026-06-18T16:37:21.833+0800][39.482s][info][gc,marking  ] GC(371) Mark: 2 stripe(s), 1 proactive flush(es), 1 terminate flush(es), 0 completion(s), 0 continuation(s) 
[2026-06-18T16:37:21.833+0800][39.482s][info][gc,reloc    ] GC(371) Relocation: Successful, 18M relocated
[2026-06-18T16:37:21.834+0800][39.483s][info][gc,nmethod  ] GC(371) NMethods: 25 registered, 0 unregistered
[2026-06-18T16:37:21.834+0800][39.483s][info][gc,metaspace] GC(371) Metaspace: 3M used, 4M capacity, 4M committed, 8M reserved
[2026-06-18T16:37:21.834+0800][39.483s][info][gc,ref      ] GC(371) Soft: 43 encountered, 0 discovered, 0 enqueued
[2026-06-18T16:37:21.834+0800][39.484s][info][gc,ref      ] GC(371) Weak: 7 encountered, 1 discovered, 0 enqueued
[2026-06-18T16:37:21.835+0800][39.484s][info][gc,ref      ] GC(371) Final: 0 encountered, 0 discovered, 0 enqueued
[2026-06-18T16:37:21.835+0800][39.484s][info][gc,ref      ] GC(371) Phantom: 1 encountered, 0 discovered, 0 enqueued
[2026-06-18T16:37:21.835+0800][39.484s][info][gc,heap     ] GC(371)                Mark Start          Mark End        Relocate Start      Relocate End           High               Low         
[2026-06-18T16:37:21.835+0800][39.485s][info][gc,heap     ] GC(371)  Capacity:      256M (100%)        256M (100%)        256M (100%)        256M (100%)        256M (100%)        256M (100%)   
[2026-06-18T16:37:21.836+0800][39.485s][info][gc,heap     ] GC(371)   Reserve:       62M (24%)          62M (24%)          62M (24%)          62M (24%)          62M (24%)          62M (24%)    
[2026-06-18T16:37:21.836+0800][39.485s][info][gc,heap     ] GC(371)      Free:      110M (43%)         110M (43%)         136M (53%)         146M (57%)         146M (57%)         106M (41%)    
[2026-06-18T16:37:21.836+0800][39.485s][info][gc,heap     ] GC(371)      Used:       84M (33%)          84M (33%)          58M (23%)          48M (19%)          88M (34%)          48M (19%)    
[2026-06-18T16:37:21.836+0800][39.486s][info][gc,heap     ] GC(371)      Live:         -                18M (7%)           18M (7%)           18M (7%)             -                  -          
[2026-06-18T16:37:21.837+0800][39.486s][info][gc,heap     ] GC(371) Allocated:         -                 0M (0%)            4M (2%)           14M (5%)             -                  -          
[2026-06-18T16:37:21.837+0800][39.486s][info][gc,heap     ] GC(371)   Garbage:         -                65M (26%)          35M (14%)          25M (10%)            -                  -          
[2026-06-18T16:37:21.837+0800][39.486s][info][gc,heap     ] GC(371) Reclaimed:         -                  -                30M (12%)          40M (16%)            -                  -          
[2026-06-18T16:37:21.837+0800][39.487s][info][gc          ] GC(371) Garbage Collection (Allocation Rate) 84M(33%)->48M(19%)
[2026-06-18T16:37:21.913+0800][39.562s][info][gc,start    ] GC(372) Garbage Collection (Allocation Rate)
[2026-06-18T16:37:21.915+0800][39.565s][info][gc,phases   ] GC(372) Pause Mark Start 0.350ms
[2026-06-18T16:37:21.918+0800][39.567s][info][gc,phases   ] GC(372) Concurrent Mark 1.843ms
[2026-06-18T16:37:21.920+0800][39.569s][info][gc,phases   ] GC(372) Pause Mark End 0.495ms
[2026-06-18T16:37:21.921+0800][39.570s][info][gc,phases   ] GC(372) Concurrent Process Non-Strong References 0.133ms
[2026-06-18T16:37:21.922+0800][39.571s][info][gc,phases   ] GC(372) Concurrent Reset Relocation Set 0.004ms
[2026-06-18T16:37:21.922+0800][39.572s][info][gc,phases   ] GC(372) Concurrent Destroy Detached Pages 0.001ms
[2026-06-18T16:37:21.924+0800][39.573s][info][gc,phases   ] GC(372) Concurrent Select Relocation Set 0.862ms
[2026-06-18T16:37:21.925+0800][39.574s][info][gc,phases   ] GC(372) Concurrent Prepare Relocation Set 0.008ms
[2026-06-18T16:37:21.925+0800][39.575s][info][gc,phases   ] GC(372) Pause Relocate Start 0.187ms
[2026-06-18T16:37:21.928+0800][39.577s][info][gc,phases   ] GC(372) Concurrent Relocate 1.888ms
[2026-06-18T16:37:21.929+0800][39.578s][info][gc,load     ] GC(372) Load: 0.56/0.39/0.25
[2026-06-18T16:37:21.929+0800][39.578s][info][gc,mmu      ] GC(372) MMU: 2ms/39.9%, 5ms/76.0%, 10ms/83.4%, 20ms/90.0%, 50ms/96.0%, 100ms/97.1%
[2026-06-18T16:37:21.929+0800][39.579s][info][gc,marking  ] GC(372) Mark: 2 stripe(s), 1 proactive flush(es), 1 terminate flush(es), 0 completion(s), 0 continuation(s) 
[2026-06-18T16:37:21.930+0800][39.579s][info][gc,reloc    ] GC(372) Relocation: Successful, 21M relocated
[2026-06-18T16:37:21.930+0800][39.580s][info][gc,nmethod  ] GC(372) NMethods: 25 registered, 0 unregistered
[2026-06-18T16:37:21.931+0800][39.580s][info][gc,metaspace] GC(372) Metaspace: 3M used, 4M capacity, 4M committed, 8M reserved
[2026-06-18T16:37:21.931+0800][39.581s][info][gc,ref      ] GC(372) Soft: 43 encountered, 0 discovered, 0 enqueued
[2026-06-18T16:37:21.932+0800][39.581s][info][gc,ref      ] GC(372) Weak: 7 encountered, 2 discovered, 0 enqueued
[2026-06-18T16:37:21.932+0800][39.581s][info][gc,ref      ] GC(372) Final: 0 encountered, 0 discovered, 0 enqueued
[2026-06-18T16:37:21.932+0800][39.581s][info][gc,ref      ] GC(372) Phantom: 1 encountered, 1 discovered, 0 enqueued
[2026-06-18T16:37:21.932+0800][39.582s][info][gc,heap     ] GC(372)                Mark Start          Mark End        Relocate Start      Relocate End           High               Low         
[2026-06-18T16:37:21.933+0800][39.582s][info][gc,heap     ] GC(372)  Capacity:      256M (100%)        256M (100%)        256M (100%)        256M (100%)        256M (100%)        256M (100%)   
[2026-06-18T16:37:21.933+0800][39.582s][info][gc,heap     ] GC(372)   Reserve:       62M (24%)          62M (24%)          62M (24%)          62M (24%)          62M (24%)          62M (24%)    
[2026-06-18T16:37:21.934+0800][39.583s][info][gc,heap     ] GC(372)      Free:       84M (33%)          84M (33%)         106M (41%)         144M (56%)         144M (56%)          68M (27%)    
[2026-06-18T16:37:21.934+0800][39.583s][info][gc,heap     ] GC(372)      Used:      110M (43%)         110M (43%)          88M (34%)          50M (20%)         126M (49%)          50M (20%)    
[2026-06-18T16:37:21.934+0800][39.583s][info][gc,heap     ] GC(372)      Live:         -                25M (10%)          25M (10%)          25M (10%)            -                  -          
[2026-06-18T16:37:21.934+0800][39.584s][info][gc,heap     ] GC(372) Allocated:         -                 0M (0%)            4M (2%)           42M (16%)            -                  -          
[2026-06-18T16:37:21.935+0800][39.584s][info][gc,heap     ] GC(372)   Garbage:         -                84M (33%)          58M (23%)          20M (8%)             -                  -          
[2026-06-18T16:37:21.935+0800][39.584s][info][gc,heap     ] GC(372) Reclaimed:         -                  -                26M (10%)          64M (25%)            -                  -          
[2026-06-18T16:37:21.935+0800][39.584s][info][gc          ] GC(372) Garbage Collection (Allocation Rate) 110M(43%)->50M(20%)
[2026-06-18T16:37:22.013+0800][39.663s][info][gc,start    ] GC(373) Garbage Collection (Allocation Rate)
[2026-06-18T16:37:22.016+0800][39.665s][info][gc,phases   ] GC(373) Pause Mark Start 0.605ms
[2026-06-18T16:37:22.021+0800][39.670s][info][gc,phases   ] GC(373) Concurrent Mark 2.287ms
[2026-06-18T16:37:22.023+0800][39.672s][info][gc,phases   ] GC(373) Pause Mark End 0.641ms
[2026-06-18T16:37:22.024+0800][39.673s][info][gc,phases   ] GC(373) Concurrent Process Non-Strong References 0.332ms
[2026-06-18T16:37:22.025+0800][39.675s][info][gc,phases   ] GC(373) Concurrent Reset Relocation Set 0.003ms
[2026-06-18T16:37:22.026+0800][39.675s][info][gc,phases   ] GC(373) Concurrent Destroy Detached Pages 0.001ms
[2026-06-18T16:37:22.028+0800][39.677s][info][gc,phases   ] GC(373) Concurrent Select Relocation Set 0.667ms
[2026-06-18T16:37:22.028+0800][39.678s][info][gc,phases   ] GC(373) Concurrent Prepare Relocation Set 0.004ms
[2026-06-18T16:37:22.029+0800][39.678s][info][gc,phases   ] GC(373) Pause Relocate Start 0.134ms
[2026-06-18T16:37:22.030+0800][39.680s][info][gc,phases   ] GC(373) Concurrent Relocate 0.489ms
[2026-06-18T16:37:22.031+0800][39.680s][info][gc,load     ] GC(373) Load: 0.56/0.39/0.25
[2026-06-18T16:37:22.031+0800][39.681s][info][gc,mmu      ] GC(373) MMU: 2ms/39.9%, 5ms/76.0%, 10ms/83.4%, 20ms/90.0%, 50ms/96.0%, 100ms/97.1%
[2026-06-18T16:37:22.032+0800][39.681s][info][gc,marking  ] GC(373) Mark: 2 stripe(s), 2 proactive flush(es), 1 terminate flush(es), 0 completion(s), 0 continuation(s) 
[2026-06-18T16:37:22.032+0800][39.681s][info][gc,reloc    ] GC(373) Relocation: Successful, 20M relocated
[2026-06-18T16:37:22.032+0800][39.681s][info][gc,nmethod  ] GC(373) NMethods: 25 registered, 0 unregistered
[2026-06-18T16:37:22.032+0800][39.682s][info][gc,metaspace] GC(373) Metaspace: 3M used, 4M capacity, 4M committed, 8M reserved
[2026-06-18T16:37:22.033+0800][39.682s][info][gc,ref      ] GC(373) Soft: 43 encountered, 0 discovered, 0 enqueued
[2026-06-18T16:37:22.033+0800][39.682s][info][gc,ref      ] GC(373) Weak: 7 encountered, 0 discovered, 0 enqueued
[2026-06-18T16:37:22.033+0800][39.682s][info][gc,ref      ] GC(373) Final: 0 encountered, 0 discovered, 0 enqueued
[2026-06-18T16:37:22.033+0800][39.683s][info][gc,ref      ] GC(373) Phantom: 1 encountered, 0 discovered, 0 enqueued
[2026-06-18T16:37:22.034+0800][39.683s][info][gc,heap     ] GC(373)                Mark Start          Mark End        Relocate Start      Relocate End           High               Low         
[2026-06-18T16:37:22.034+0800][39.683s][info][gc,heap     ] GC(373)  Capacity:      256M (100%)        256M (100%)        256M (100%)        256M (100%)        256M (100%)        256M (100%)   
[2026-06-18T16:37:22.034+0800][39.683s][info][gc,heap     ] GC(373)   Reserve:       62M (24%)          62M (24%)          62M (24%)          62M (24%)          62M (24%)          62M (24%)    
[2026-06-18T16:37:22.034+0800][39.684s][info][gc,heap     ] GC(373)      Free:      112M (44%)         108M (42%)         138M (54%)         146M (57%)         146M (57%)         108M (42%)    
[2026-06-18T16:37:22.035+0800][39.684s][info][gc,heap     ] GC(373)      Used:       82M (32%)          86M (34%)          56M (22%)          48M (19%)          86M (34%)          48M (19%)    
[2026-06-18T16:37:22.035+0800][39.684s][info][gc,heap     ] GC(373)      Live:         -                20M (8%)           20M (8%)           20M (8%)             -                  -          
[2026-06-18T16:37:22.035+0800][39.684s][info][gc,heap     ] GC(373) Allocated:         -                 4M (2%)            4M (2%)           12M (5%)             -                  -          
[2026-06-18T16:37:22.035+0800][39.684s][info][gc,heap     ] GC(373)   Garbage:         -                61M (24%)          31M (12%)          19M (8%)             -                  -          
[2026-06-18T16:37:22.035+0800][39.685s][info][gc,heap     ] GC(373) Reclaimed:         -                  -                30M (12%)          42M (16%)            -                  -          
[2026-06-18T16:37:22.036+0800][39.685s][info][gc          ] GC(373) Garbage Collection (Allocation Rate) 82M(32%)->48M(19%)
[2026-06-18T16:37:22.114+0800][39.763s][info][gc,start    ] GC(374) Garbage Collection (Allocation Rate)
[2026-06-18T16:37:22.118+0800][39.767s][info][gc,phases   ] GC(374) Pause Mark Start 0.526ms
[2026-06-18T16:37:22.122+0800][39.771s][info][gc,phases   ] GC(374) Concurrent Mark 2.069ms
[2026-06-18T16:37:22.124+0800][39.774s][info][gc,phases   ] GC(374) Pause Mark End 0.550ms
[2026-06-18T16:37:22.126+0800][39.775s][info][gc,phases   ] GC(374) Concurrent Process Non-Strong References 0.175ms
[2026-06-18T16:37:22.126+0800][39.776s][info][gc,phases   ] GC(374) Concurrent Reset Relocation Set 0.004ms
[2026-06-18T16:37:22.127+0800][39.777s][info][gc,phases   ] GC(374) Concurrent Destroy Detached Pages 0.001ms
[2026-06-18T16:37:22.129+0800][39.778s][info][gc,phases   ] GC(374) Concurrent Select Relocation Set 0.850ms
[2026-06-18T16:37:22.129+0800][39.779s][info][gc,phases   ] GC(374) Concurrent Prepare Relocation Set 0.002ms
[2026-06-18T16:37:22.130+0800][39.779s][info][gc,phases   ] GC(374) Pause Relocate Start 0.187ms
[2026-06-18T16:37:22.133+0800][39.782s][info][gc,phases   ] GC(374) Concurrent Relocate 1.980ms
[2026-06-18T16:37:22.134+0800][39.783s][info][gc,load     ] GC(374) Load: 0.56/0.39/0.25
[2026-06-18T16:37:22.134+0800][39.783s][info][gc,mmu      ] GC(374) MMU: 2ms/39.9%, 5ms/76.0%, 10ms/83.4%, 20ms/90.0%, 50ms/96.0%, 100ms/97.1%
[2026-06-18T16:37:22.134+0800][39.784s][info][gc,marking  ] GC(374) Mark: 2 stripe(s), 1 proactive flush(es), 1 terminate flush(es), 0 completion(s), 0 continuation(s) 
[2026-06-18T16:37:22.135+0800][39.784s][info][gc,reloc    ] GC(374) Relocation: Successful, 25M relocated
[2026-06-18T16:37:22.135+0800][39.784s][info][gc,nmethod  ] GC(374) NMethods: 25 registered, 0 unregistered
[2026-06-18T16:37:22.135+0800][39.785s][info][gc,metaspace] GC(374) Metaspace: 3M used, 4M capacity, 4M committed, 8M reserved
[2026-06-18T16:37:22.136+0800][39.785s][info][gc,ref      ] GC(374) Soft: 43 encountered, 0 discovered, 0 enqueued
[2026-06-18T16:37:22.136+0800][39.785s][info][gc,ref      ] GC(374) Weak: 7 encountered, 2 discovered, 0 enqueued
[2026-06-18T16:37:22.136+0800][39.786s][info][gc,ref      ] GC(374) Final: 0 encountered, 0 discovered, 0 enqueued
[2026-06-18T16:37:22.137+0800][39.786s][info][gc,ref      ] GC(374) Phantom: 1 encountered, 1 discovered, 0 enqueued
[2026-06-18T16:37:22.137+0800][39.786s][info][gc,heap     ] GC(374)                Mark Start          Mark End        Relocate Start      Relocate End           High               Low         
[2026-06-18T16:37:22.137+0800][39.786s][info][gc,heap     ] GC(374)  Capacity:      256M (100%)        256M (100%)        256M (100%)        256M (100%)        256M (100%)        256M (100%)   
[2026-06-18T16:37:22.137+0800][39.787s][info][gc,heap     ] GC(374)   Reserve:       62M (24%)          62M (24%)          62M (24%)          62M (24%)          62M (24%)          62M (24%)    
[2026-06-18T16:37:22.138+0800][39.787s][info][gc,heap     ] GC(374)      Free:       84M (33%)          84M (33%)         112M (44%)         148M (58%)         148M (58%)          78M (30%)    
[2026-06-18T16:37:22.138+0800][39.787s][info][gc,heap     ] GC(374)      Used:      110M (43%)         110M (43%)          82M (32%)          46M (18%)         116M (45%)          46M (18%)    
[2026-06-18T16:37:22.138+0800][39.787s][info][gc,heap     ] GC(374)      Live:         -                28M (11%)          28M (11%)          28M (11%)            -                  -          
[2026-06-18T16:37:22.138+0800][39.787s][info][gc,heap     ] GC(374) Allocated:         -                 0M (0%)            4M (2%)           38M (15%)            -                  -          
[2026-06-18T16:37:22.138+0800][39.788s][info][gc,heap     ] GC(374)   Garbage:         -                81M (32%)          49M (19%)          13M (5%)             -                  -          
[2026-06-18T16:37:22.139+0800][39.788s][info][gc,heap     ] GC(374) Reclaimed:         -                  -                32M (12%)          68M (27%)            -                  -          
[2026-06-18T16:37:22.139+0800][39.789s][info][gc          ] GC(374) Garbage Collection (Allocation Rate) 110M(43%)->46M(18%)
[2026-06-18T16:37:22.214+0800][39.863s][info][gc,start    ] GC(375) Garbage Collection (Allocation Rate)
[2026-06-18T16:37:22.217+0800][39.866s][info][gc,phases   ] GC(375) Pause Mark Start 0.436ms
[2026-06-18T16:37:22.221+0800][39.870s][info][gc,phases   ] GC(375) Concurrent Mark 2.075ms
[2026-06-18T16:37:22.223+0800][39.872s][info][gc,phases   ] GC(375) Pause Mark End 0.599ms
[2026-06-18T16:37:22.225+0800][39.874s][info][gc,phases   ] GC(375) Concurrent Process Non-Strong References 0.355ms
[2026-06-18T16:37:22.226+0800][39.875s][info][gc,phases   ] GC(375) Concurrent Reset Relocation Set 0.003ms
[2026-06-18T16:37:22.227+0800][39.876s][info][gc,phases   ] GC(375) Concurrent Destroy Detached Pages 0.001ms
[2026-06-18T16:37:22.228+0800][39.877s][info][gc,phases   ] GC(375) Concurrent Select Relocation Set 0.878ms
[2026-06-18T16:37:22.229+0800][39.878s][info][gc,phases   ] GC(375) Concurrent Prepare Relocation Set 0.081ms
[2026-06-18T16:37:22.230+0800][39.879s][info][gc,phases   ] GC(375) Pause Relocate Start 0.203ms
[2026-06-18T16:37:22.231+0800][39.881s][info][gc,phases   ] GC(375) Concurrent Relocate 0.400ms
[2026-06-18T16:37:22.232+0800][39.881s][info][gc,load     ] GC(375) Load: 0.56/0.39/0.25
[2026-06-18T16:37:22.232+0800][39.882s][info][gc,mmu      ] GC(375) MMU: 2ms/39.9%, 5ms/76.0%, 10ms/83.4%, 20ms/90.0%, 50ms/96.0%, 100ms/97.1%
[2026-06-18T16:37:22.233+0800][39.882s][info][gc,marking  ] GC(375) Mark: 2 stripe(s), 1 proactive flush(es), 1 terminate flush(es), 0 completion(s), 0 continuation(s) 
[2026-06-18T16:37:22.233+0800][39.882s][info][gc,reloc    ] GC(375) Relocation: Successful, 25M relocated
[2026-06-18T16:37:22.233+0800][39.883s][info][gc,nmethod  ] GC(375) NMethods: 25 registered, 0 unregistered
[2026-06-18T16:37:22.234+0800][39.883s][info][gc,metaspace] GC(375) Metaspace: 3M used, 4M capacity, 4M committed, 8M reserved
[2026-06-18T16:37:22.234+0800][39.884s][info][gc,ref      ] GC(375) Soft: 43 encountered, 0 discovered, 0 enqueued
[2026-06-18T16:37:22.235+0800][39.884s][info][gc,ref      ] GC(375) Weak: 7 encountered, 2 discovered, 0 enqueued
[2026-06-18T16:37:22.235+0800][39.884s][info][gc,ref      ] GC(375) Final: 0 encountered, 0 discovered, 0 enqueued
[2026-06-18T16:37:22.235+0800][39.884s][info][gc,ref      ] GC(375) Phantom: 1 encountered, 1 discovered, 0 enqueued
[2026-06-18T16:37:22.235+0800][39.885s][info][gc,heap     ] GC(375)                Mark Start          Mark End        Relocate Start      Relocate End           High               Low         
[2026-06-18T16:37:22.236+0800][39.885s][info][gc,heap     ] GC(375)  Capacity:      256M (100%)        256M (100%)        256M (100%)        256M (100%)        256M (100%)        256M (100%)   
[2026-06-18T16:37:22.236+0800][39.885s][info][gc,heap     ] GC(375)   Reserve:       62M (24%)          62M (24%)          62M (24%)          62M (24%)          62M (24%)          62M (24%)    
[2026-06-18T16:37:22.236+0800][39.886s][info][gc,heap     ] GC(375)      Free:      116M (45%)          80M (31%)         110M (43%)         116M (45%)         116M (45%)          80M (31%)    
[2026-06-18T16:37:22.237+0800][39.886s][info][gc,heap     ] GC(375)      Used:       78M (30%)         114M (45%)          84M (33%)          78M (30%)         114M (45%)          78M (30%)    
[2026-06-18T16:37:22.237+0800][39.886s][info][gc,heap     ] GC(375)      Live:         -                25M (10%)          25M (10%)          25M (10%)            -                  -          
[2026-06-18T16:37:22.237+0800][39.886s][info][gc,heap     ] GC(375) Allocated:         -                36M (14%)          36M (14%)          44M (17%)            -                  -          
[2026-06-18T16:37:22.237+0800][39.887s][info][gc,heap     ] GC(375)   Garbage:         -                52M (20%)          22M (9%)           16M (6%)             -                  -          
[2026-06-18T16:37:22.237+0800][39.887s][info][gc,heap     ] GC(375) Reclaimed:         -                  -                30M (12%)          36M (14%)            -                  -          
[2026-06-18T16:37:22.238+0800][39.887s][info][gc          ] GC(375) Garbage Collection (Allocation Rate) 78M(30%)->78M(30%)
[2026-06-18T16:37:22.313+0800][39.963s][info][gc,start    ] GC(376) Garbage Collection (Allocation Rate)
[2026-06-18T16:37:22.317+0800][39.966s][info][gc,phases   ] GC(376) Pause Mark Start 0.437ms
[2026-06-18T16:37:22.321+0800][39.970s][info][gc,phases   ] GC(376) Concurrent Mark 2.481ms
[2026-06-18T16:37:22.323+0800][39.973s][info][gc,phases   ] GC(376) Pause Mark End 0.671ms
[2026-06-18T16:37:22.326+0800][39.975s][info][gc,phases   ] GC(376) Concurrent Process Non-Strong References 0.246ms
[2026-06-18T16:37:22.328+0800][39.977s][info][gc,phases   ] GC(376) Concurrent Reset Relocation Set 0.005ms
[2026-06-18T16:37:22.329+0800][39.978s][info][gc,phases   ] GC(376) Concurrent Destroy Detached Pages 0.002ms
[2026-06-18T16:37:22.331+0800][39.980s][info][gc,phases   ] GC(376) Concurrent Select Relocation Set 1.024ms
[2026-06-18T16:37:22.332+0800][39.981s][info][gc,phases   ] GC(376) Concurrent Prepare Relocation Set 0.010ms
[2026-06-18T16:37:22.334+0800][39.983s][info][gc,phases   ] GC(376) Pause Relocate Start 0.229ms
[2026-06-18T16:37:22.336+0800][39.985s][info][gc,phases   ] GC(376) Concurrent Relocate 1.713ms
[2026-06-18T16:37:22.337+0800][39.986s][info][gc,load     ] GC(376) Load: 0.56/0.39/0.25
[2026-06-18T16:37:22.337+0800][39.987s][info][gc,mmu      ] GC(376) MMU: 2ms/39.9%, 5ms/76.0%, 10ms/83.4%, 20ms/90.0%, 50ms/96.0%, 100ms/97.1%
[2026-06-18T16:37:22.338+0800][39.987s][info][gc,marking  ] GC(376) Mark: 2 stripe(s), 2 proactive flush(es), 1 terminate flush(es), 0 completion(s), 0 continuation(s) 
[2026-06-18T16:37:22.338+0800][39.987s][info][gc,reloc    ] GC(376) Relocation: Successful, 22M relocated
[2026-06-18T16:37:22.339+0800][39.988s][info][gc,nmethod  ] GC(376) NMethods: 25 registered, 0 unregistered
[2026-06-18T16:37:22.339+0800][39.989s][info][gc,metaspace] GC(376) Metaspace: 3M used, 4M capacity, 4M committed, 8M reserved
[2026-06-18T16:37:22.340+0800][39.989s][info][gc,ref      ] GC(376) Soft: 43 encountered, 0 discovered, 0 enqueued
[2026-06-18T16:37:22.340+0800][39.990s][info][gc,ref      ] GC(376) Weak: 7 encountered, 0 discovered, 0 enqueued
[2026-06-18T16:37:22.341+0800][39.990s][info][gc,ref      ] GC(376) Final: 0 encountered, 0 discovered, 0 enqueued
[2026-06-18T16:37:22.341+0800][39.990s][info][gc,ref      ] GC(376) Phantom: 1 encountered, 0 discovered, 0 enqueued
[2026-06-18T16:37:22.341+0800][39.990s][info][gc,heap     ] GC(376)                Mark Start          Mark End        Relocate Start      Relocate End           High               Low         
[2026-06-18T16:37:22.341+0800][39.991s][info][gc,heap     ] GC(376)  Capacity:      256M (100%)        256M (100%)        256M (100%)        256M (100%)        256M (100%)        256M (100%)   
[2026-06-18T16:37:22.342+0800][39.991s][info][gc,heap     ] GC(376)   Reserve:       62M (24%)          62M (24%)          62M (24%)          62M (24%)          62M (24%)          62M (24%)    
[2026-06-18T16:37:22.342+0800][39.991s][info][gc,heap     ] GC(376)      Free:       84M (33%)          80M (31%)          76M (30%)         142M (55%)         142M (55%)          42M (16%)    
[2026-06-18T16:37:22.342+0800][39.991s][info][gc,heap     ] GC(376)      Used:      110M (43%)         114M (45%)         118M (46%)          52M (20%)         152M (59%)          52M (20%)    
[2026-06-18T16:37:22.342+0800][39.991s][info][gc,heap     ] GC(376)      Live:         -                22M (9%)           22M (9%)           22M (9%)             -                  -          
[2026-06-18T16:37:22.342+0800][39.992s][info][gc,heap     ] GC(376) Allocated:         -                 4M (2%)           42M (16%)          50M (20%)            -                  -          
[2026-06-18T16:37:22.343+0800][39.992s][info][gc,heap     ] GC(376)   Garbage:         -                87M (34%)          53M (21%)    17592186044403M (6         -                  -          
[2026-06-18T16:37:22.343+0800][39.992s][info][gc,heap     ] GC(376) Reclaimed:         -                  -                34M (13%)         100M (39%)            -                  -          
[2026-06-18T16:37:22.343+0800][39.992s][info][gc          ] GC(376) Garbage Collection (Allocation Rate) 110M(43%)->52M(20%)
[2026-06-18T16:37:22.413+0800][40.063s][info][gc,start    ] GC(377) Garbage Collection (Allocation Rate)
[2026-06-18T16:37:22.413+0800][40.063s][info][gc,stats    ] === Garbage Collection Statistics =======================================================================================================================
[2026-06-18T16:37:22.419+0800][40.068s][info][gc,stats    ]                                                              Last 10s              Last 10m              Last 10h                Total
[2026-06-18T16:37:22.420+0800][40.070s][info][gc,stats    ]                                                              Avg / Max             Avg / Max             Avg / Max             Avg / Max
[2026-06-18T16:37:22.417+0800][40.067s][info][gc,phases   ] GC(377) Pause Mark Start 0.516ms
[2026-06-18T16:37:22.422+0800][40.071s][info][gc,stats    ]   Collector: Garbage Collection Cycle                     26.587 / 188.282      27.263 / 347.574      27.263 / 347.574      27.263 / 347.574     ms
[2026-06-18T16:37:22.425+0800][40.074s][info][gc,stats    ]  Contention: Mark Segment Reset Contention                     0 / 3                 0 / 4                 0 / 4                 0 / 4           ops/s
[2026-06-18T16:37:22.426+0800][40.075s][info][gc,stats    ]  Contention: Mark SeqNum Reset Contention                      0 / 0                 0 / 0                 0 / 0                 0 / 0           ops/s
[2026-06-18T16:37:22.425+0800][40.074s][info][gc,phases   ] GC(377) Concurrent Mark 1.892ms
[2026-06-18T16:37:22.427+0800][40.076s][info][gc,stats    ]  Contention: Relocation Contention                             2 / 5                 3 / 16                3 / 16                3 / 16          ops/s
[2026-06-18T16:37:22.428+0800][40.078s][info][gc,phases   ] GC(377) Pause Mark End 0.516ms
[2026-06-18T16:37:22.428+0800][40.078s][info][gc,stats    ]    Critical: Allocation Stall                              0.000 / 0.000        29.003 / 61.923       29.003 / 61.923       29.003 / 61.923      ms
[2026-06-18T16:37:22.430+0800][40.079s][info][gc,phases   ] GC(377) Concurrent Process Non-Strong References 0.130ms
[2026-06-18T16:37:22.430+0800][40.080s][info][gc,stats    ]    Critical: Allocation Stall                                  0 / 0                 0 / 1                 0 / 1                 0 / 1           ops/s
[2026-06-18T16:37:22.431+0800][40.080s][info][gc,phases   ] GC(377) Concurrent Reset Relocation Set 0.002ms
[2026-06-18T16:37:22.431+0800][40.081s][info][gc,stats    ]    Critical: GC Locker Stall                               0.000 / 0.000         0.000 / 0.000         0.000 / 0.000         0.000 / 0.000       ms
[2026-06-18T16:37:22.432+0800][40.081s][info][gc,phases   ] GC(377) Concurrent Destroy Detached Pages 0.001ms
[2026-06-18T16:37:22.432+0800][40.082s][info][gc,stats    ]    Critical: GC Locker Stall                                   0 / 0                 0 / 0                 0 / 0                 0 / 0           ops/s
[2026-06-18T16:37:22.433+0800][40.083s][info][gc,stats    ]      Memory: Allocation Rate                                 603 / 658             591 / 658             591 / 658             591 / 658         MB/s
[2026-06-18T16:37:22.434+0800][40.083s][info][gc,phases   ] GC(377) Concurrent Select Relocation Set 0.665ms
[2026-06-18T16:37:22.434+0800][40.083s][info][gc,stats    ]      Memory: Heap Used After Mark                            107 / 170             108 / 192             108 / 192             108 / 192         MB
[2026-06-18T16:37:22.434+0800][40.083s][info][gc,phases   ] GC(377) Concurrent Prepare Relocation Set 0.002ms
[2026-06-18T16:37:22.434+0800][40.084s][info][gc,stats    ]      Memory: Heap Used After Relocation                       60 / 116              61 / 122              61 / 122              61 / 122         MB
[2026-06-18T16:37:22.435+0800][40.084s][info][gc,phases   ] GC(377) Pause Relocate Start 0.153ms
[2026-06-18T16:37:22.435+0800][40.084s][info][gc,stats    ]      Memory: Heap Used Before Mark                            97 / 148              97 / 172              97 / 172              97 / 172         MB
[2026-06-18T16:37:22.436+0800][40.085s][info][gc,phases   ] GC(377) Concurrent Relocate 0.139ms
[2026-06-18T16:37:22.436+0800][40.085s][info][gc,stats    ]      Memory: Heap Used Before Relocation                      92 / 146              91 / 146              91 / 146              91 / 146         MB
[2026-06-18T16:37:22.436+0800][40.085s][info][gc,load     ] GC(377) Load: 0.56/0.39/0.25
[2026-06-18T16:37:22.436+0800][40.086s][info][gc,stats    ]      Memory: Out Of Memory                                     0 / 0                 0 / 0                 0 / 0                 0 / 0           ops/s
[2026-06-18T16:37:22.436+0800][40.086s][info][gc,mmu      ] GC(377) MMU: 2ms/39.9%, 5ms/76.0%, 10ms/83.4%, 20ms/90.0%, 50ms/96.0%, 100ms/97.1%
[2026-06-18T16:37:22.437+0800][40.086s][info][gc,stats    ]      Memory: Page Cache Flush                                  0 / 0                 5 / 66                5 / 66                5 / 66          MB/s
[2026-06-18T16:37:22.437+0800][40.086s][info][gc,marking  ] GC(377) Mark: 2 stripe(s), 1 proactive flush(es), 1 terminate flush(es), 0 completion(s), 0 continuation(s) 
[2026-06-18T16:37:22.437+0800][40.087s][info][gc,reloc    ] GC(377) Relocation: Successful, 23M relocated
[2026-06-18T16:37:22.438+0800][40.087s][info][gc,nmethod  ] GC(377) NMethods: 25 registered, 0 unregistered
[2026-06-18T16:37:22.438+0800][40.087s][info][gc,metaspace] GC(377) Metaspace: 3M used, 4M capacity, 4M committed, 8M reserved
[2026-06-18T16:37:22.437+0800][40.086s][info][gc,stats    ]      Memory: Page Cache Hit L1                               226 / 234             223 / 237             223 / 237             223 / 237         ops/s
[2026-06-18T16:37:22.438+0800][40.088s][info][gc,stats    ]      Memory: Page Cache Hit L2                                 0 / 0                 0 / 0                 0 / 0                 0 / 0           ops/s
[2026-06-18T16:37:22.439+0800][40.088s][info][gc,stats    ]      Memory: Page Cache Miss                                   0 / 0                 2 / 32                2 / 32                2 / 32          ops/s
[2026-06-18T16:37:22.438+0800][40.087s][info][gc,ref      ] GC(377) Soft: 43 encountered, 0 discovered, 0 enqueued
[2026-06-18T16:37:22.439+0800][40.088s][info][gc,stats    ]      Memory: Undo Object Allocation Failed                     0 / 0                 0 / 8                 0 / 8                 0 / 8           ops/s
[2026-06-18T16:37:22.439+0800][40.088s][info][gc,ref      ] GC(377) Weak: 7 encountered, 2 discovered, 0 enqueued
[2026-06-18T16:37:22.440+0800][40.089s][info][gc,ref      ] GC(377) Final: 0 encountered, 0 discovered, 0 enqueued
[2026-06-18T16:37:22.439+0800][40.089s][info][gc,stats    ]      Memory: Undo Object Allocation Succeeded                  2 / 5                 3 / 8                 3 / 8                 3 / 8           ops/s
[2026-06-18T16:37:22.440+0800][40.089s][info][gc,ref      ] GC(377) Phantom: 1 encountered, 1 discovered, 0 enqueued
[2026-06-18T16:37:22.440+0800][40.089s][info][gc,stats    ]      Memory: Undo Page Allocation                              0 / 0                 0 / 1                 0 / 1                 0 / 1           ops/s
[2026-06-18T16:37:22.440+0800][40.090s][info][gc,heap     ] GC(377)                Mark Start          Mark End        Relocate Start      Relocate End           High               Low         
[2026-06-18T16:37:22.441+0800][40.090s][info][gc,stats    ]       Phase: Concurrent Destroy Detached Pages             0.001 / 0.006         0.005 / 1.298         0.005 / 1.298         0.005 / 1.298       ms
[2026-06-18T16:37:22.441+0800][40.090s][info][gc,stats    ]       Phase: Concurrent Mark                               2.002 / 2.489         1.947 / 5.062         1.947 / 5.062         1.947 / 5.062       ms
[2026-06-18T16:37:22.441+0800][40.090s][info][gc,heap     ] GC(377)  Capacity:      256M (100%)        256M (100%)        256M (100%)        256M (100%)        256M (100%)        256M (100%)   
[2026-06-18T16:37:22.441+0800][40.091s][info][gc,stats    ]       Phase: Concurrent Mark Continue                      0.000 / 0.000         0.000 / 0.000         0.000 / 0.000         0.000 / 0.000       ms
[2026-06-18T16:37:22.442+0800][40.091s][info][gc,stats    ]       Phase: Concurrent Prepare Relocation Set             0.010 / 0.081         0.010 / 0.169         0.010 / 0.169         0.010 / 0.169       ms
[2026-06-18T16:37:22.442+0800][40.091s][info][gc,stats    ]       Phase: Concurrent Process Non-Strong References      0.205 / 0.425         0.208 / 0.816         0.208 / 0.816         0.208 / 0.816       ms
[2026-06-18T16:37:22.442+0800][40.092s][info][gc,stats    ]       Phase: Concurrent Relocate                           1.054 / 2.825         1.081 / 4.010         1.081 / 4.010         1.081 / 4.010       ms
[2026-06-18T16:37:22.442+0800][40.091s][info][gc,heap     ] GC(377)   Reserve:       62M (24%)          62M (24%)          62M (24%)          62M (24%)          62M (24%)          62M (24%)    
[2026-06-18T16:37:22.443+0800][40.092s][info][gc,stats    ]       Phase: Concurrent Reset Relocation Set               0.004 / 0.047         0.004 / 0.047         0.004 / 0.047         0.004 / 0.047       ms
[2026-06-18T16:37:22.443+0800][40.092s][info][gc,stats    ]       Phase: Concurrent Select Relocation Set              0.877 / 1.717         0.876 / 6.754         0.876 / 6.754         0.876 / 6.754       ms
[2026-06-18T16:37:22.443+0800][40.092s][info][gc,heap     ] GC(377)      Free:      112M (44%)          74M (29%)         106M (41%)         108M (42%)         112M (44%)          74M (29%)    
[2026-06-18T16:37:22.443+0800][40.093s][info][gc,stats    ]       Phase: Pause Mark End                                0.553 / 1.165         0.525 / 1.202         0.525 / 1.202         0.525 / 1.202       ms
[2026-06-18T16:37:22.444+0800][40.093s][info][gc,heap     ] GC(377)      Used:       82M (32%)         120M (47%)          88M (34%)          86M (34%)         120M (47%)          82M (32%)    
[2026-06-18T16:37:22.444+0800][40.093s][info][gc,stats    ]       Phase: Pause Mark Start                              0.413 / 0.665         0.408 / 0.965         0.408 / 0.965         0.408 / 0.965       ms
[2026-06-18T16:37:22.444+0800][40.093s][info][gc,heap     ] GC(377)      Live:         -                25M (10%)          25M (10%)          25M (10%)            -                  -          
[2026-06-18T16:37:22.444+0800][40.094s][info][gc,stats    ]       Phase: Pause Relocate Start                          0.212 / 0.550         0.222 / 0.550         0.222 / 0.550         0.222 / 0.550       ms
[2026-06-18T16:37:22.445+0800][40.094s][info][gc,heap     ] GC(377) Allocated:         -                38M (15%)          38M (15%)          46M (18%)            -                  -          
[2026-06-18T16:37:22.445+0800][40.094s][info][gc,stats    ]    Subphase: Concurrent Mark                               1.456 / 2.275         1.397 / 4.931         1.397 / 4.931         1.397 / 4.931       ms
[2026-06-18T16:37:22.445+0800][40.094s][info][gc,heap     ] GC(377)   Garbage:         -                56M (22%)          24M (10%)          20M (8%)             -                  -          
[2026-06-18T16:37:22.445+0800][40.095s][info][gc,stats    ]    Subphase: Concurrent Mark Idle                          1.194 / 1.484         1.175 / 1.507         1.175 / 1.507         1.175 / 1.507       ms
[2026-06-18T16:37:22.445+0800][40.095s][info][gc,heap     ] GC(377) Reclaimed:         -                  -                32M (12%)          36M (14%)            -                  -          
[2026-06-18T16:37:22.446+0800][40.095s][info][gc          ] GC(377) Garbage Collection (Allocation Rate) 82M(32%)->86M(34%)
[2026-06-18T16:37:22.446+0800][40.095s][info][gc,stats    ]    Subphase: Concurrent Mark Try Flush                     0.153 / 0.446         0.136 / 3.512         0.136 / 3.512         0.136 / 3.512       ms
[2026-06-18T16:37:22.447+0800][40.096s][info][gc,stats    ]    Subphase: Concurrent Mark Try Terminate                 0.633 / 1.488         0.644 / 1.551         0.644 / 1.551         0.644 / 1.551       ms
[2026-06-18T16:37:22.448+0800][40.097s][info][gc,stats    ]    Subphase: Concurrent References Enqueue                 0.000 / 0.001         0.000 / 0.001         0.000 / 0.001         0.000 / 0.001       ms
[2026-06-18T16:37:22.453+0800][40.103s][info][gc,stats    ]    Subphase: Concurrent References Process                 0.086 / 0.261         0.089 / 0.413         0.089 / 0.413         0.089 / 0.413       ms
[2026-06-18T16:37:22.455+0800][40.105s][info][gc,stats    ]    Subphase: Concurrent Weak Roots                         0.021 / 0.171         0.020 / 0.338         0.020 / 0.338         0.020 / 0.338       ms
[2026-06-18T16:37:22.458+0800][40.107s][info][gc,stats    ]    Subphase: Concurrent Weak Roots JNIWeakHandles          0.000 / 0.001         0.000 / 0.013         0.000 / 0.013         0.000 / 0.013       ms
[2026-06-18T16:37:22.461+0800][40.110s][info][gc,stats    ]    Subphase: Concurrent Weak Roots StringTable             0.029 / 0.170         0.028 / 0.332         0.028 / 0.332         0.028 / 0.332       ms
[2026-06-18T16:37:22.464+0800][40.113s][info][gc,stats    ]    Subphase: Concurrent Weak Roots VMWeakHandles           0.002 / 0.004         0.002 / 0.007         0.002 / 0.007         0.002 / 0.007       ms
[2026-06-18T16:37:22.467+0800][40.116s][info][gc,stats    ]    Subphase: Pause Mark Try Complete                       0.000 / 0.000         0.000 / 0.000         0.000 / 0.000         0.000 / 0.000       ms
[2026-06-18T16:37:22.469+0800][40.119s][info][gc,stats    ]    Subphase: Pause Remap TLABS                             0.001 / 0.001         0.001 / 0.002         0.001 / 0.002         0.001 / 0.002       ms
[2026-06-18T16:37:22.474+0800][40.123s][info][gc,stats    ]    Subphase: Pause Retire TLABS                            0.007 / 0.037         0.008 / 0.264         0.008 / 0.264         0.008 / 0.264       ms
[2026-06-18T16:37:22.475+0800][40.124s][info][gc,stats    ]    Subphase: Pause Roots                                   0.005 / 0.352         0.005 / 0.352         0.005 / 0.352         0.005 / 0.352       ms
[2026-06-18T16:37:22.475+0800][40.125s][info][gc,stats    ]    Subphase: Pause Roots ClassLoaderDataGraph              0.019 / 0.114         0.019 / 0.167         0.019 / 0.167         0.019 / 0.167       ms
[2026-06-18T16:37:22.476+0800][40.125s][info][gc,stats    ]    Subphase: Pause Roots CodeCache                         0.011 / 0.042         0.010 / 0.201         0.010 / 0.201         0.010 / 0.201       ms
[2026-06-18T16:37:22.477+0800][40.126s][info][gc,stats    ]    Subphase: Pause Roots JNIHandles                        0.001 / 0.012         0.002 / 0.017         0.002 / 0.017         0.002 / 0.017       ms
[2026-06-18T16:37:22.478+0800][40.127s][info][gc,stats    ]    Subphase: Pause Roots JNIWeakHandles                    0.000 / 0.000         0.000 / 0.000         0.000 / 0.000         0.000 / 0.000       ms
[2026-06-18T16:37:22.479+0800][40.128s][info][gc,stats    ]    Subphase: Pause Roots JRFWeak                           0.000 / 0.000         0.000 / 0.000         0.000 / 0.000         0.000 / 0.000       ms
[2026-06-18T16:37:22.479+0800][40.128s][info][gc,stats    ]    Subphase: Pause Roots JVMTIExport                       0.001 / 0.002         0.001 / 0.005         0.001 / 0.005         0.001 / 0.005       ms
[2026-06-18T16:37:22.480+0800][40.129s][info][gc,stats    ]    Subphase: Pause Roots JVMTIWeakExport                   0.000 / 0.001         0.000 / 0.001         0.000 / 0.001         0.000 / 0.001       ms
[2026-06-18T16:37:22.480+0800][40.130s][info][gc,stats    ]    Subphase: Pause Roots Management                        0.002 / 0.003         0.002 / 0.006         0.002 / 0.006         0.002 / 0.006       ms
[2026-06-18T16:37:22.481+0800][40.130s][info][gc,stats    ]    Subphase: Pause Roots ObjectSynchronizer                0.000 / 0.001         0.000 / 0.001         0.000 / 0.001         0.000 / 0.001       ms
[2026-06-18T16:37:22.482+0800][40.131s][info][gc,stats    ]    Subphase: Pause Roots Setup                             0.001 / 0.006         0.001 / 0.009         0.001 / 0.009         0.001 / 0.009       ms
[2026-06-18T16:37:22.482+0800][40.132s][info][gc,stats    ]    Subphase: Pause Roots StringTable                       0.000 / 0.000         0.000 / 0.000         0.000 / 0.000         0.000 / 0.000       ms
[2026-06-18T16:37:22.483+0800][40.132s][info][gc,stats    ]    Subphase: Pause Roots SystemDictionary                  0.002 / 0.005         0.002 / 0.008         0.002 / 0.008         0.002 / 0.008       ms
[2026-06-18T16:37:22.483+0800][40.133s][info][gc,stats    ]    Subphase: Pause Roots Teardown                          0.001 / 0.004         0.001 / 0.009         0.001 / 0.009         0.001 / 0.009       ms
[2026-06-18T16:37:22.484+0800][40.133s][info][gc,stats    ]    Subphase: Pause Roots Threads                           0.020 / 0.320         0.019 / 0.320         0.019 / 0.320         0.019 / 0.320       ms
[2026-06-18T16:37:22.484+0800][40.133s][info][gc,stats    ]    Subphase: Pause Roots Universe                          0.005 / 0.024         0.005 / 0.038         0.005 / 0.038         0.005 / 0.038       ms
[2026-06-18T16:37:22.484+0800][40.134s][info][gc,stats    ]    Subphase: Pause Roots VMWeakHandles                     0.000 / 0.000         0.000 / 0.000         0.000 / 0.000         0.000 / 0.000       ms
[2026-06-18T16:37:22.485+0800][40.134s][info][gc,stats    ]    Subphase: Pause Weak Roots                              0.000 / 0.005         0.000 / 0.056         0.000 / 0.056         0.000 / 0.056       ms
[2026-06-18T16:37:22.485+0800][40.134s][info][gc,stats    ]    Subphase: Pause Weak Roots JFRWeak                      0.001 / 0.001         0.001 / 0.001         0.001 / 0.001         0.001 / 0.001       ms
[2026-06-18T16:37:22.485+0800][40.135s][info][gc,stats    ]    Subphase: Pause Weak Roots JNIWeakHandles               0.000 / 0.000         0.000 / 0.000         0.000 / 0.000         0.000 / 0.000       ms
[2026-06-18T16:37:22.486+0800][40.135s][info][gc,stats    ]    Subphase: Pause Weak Roots JVMTIWeakExport              0.001 / 0.001         0.001 / 0.055         0.001 / 0.055         0.001 / 0.055       ms
[2026-06-18T16:37:22.486+0800][40.135s][info][gc,stats    ]    Subphase: Pause Weak Roots Setup                        0.000 / 0.000         0.000 / 0.000         0.000 / 0.000         0.000 / 0.000       ms
[2026-06-18T16:37:22.486+0800][40.135s][info][gc,stats    ]    Subphase: Pause Weak Roots StringTable                  0.000 / 0.000         0.000 / 0.000         0.000 / 0.000         0.000 / 0.000       ms
[2026-06-18T16:37:22.486+0800][40.136s][info][gc,stats    ]    Subphase: Pause Weak Roots SymbolTable                  0.000 / 0.000         0.000 / 0.000         0.000 / 0.000         0.000 / 0.000       ms
[2026-06-18T16:37:22.487+0800][40.136s][info][gc,stats    ]    Subphase: Pause Weak Roots Teardown                     0.001 / 0.002         0.001 / 0.002         0.001 / 0.002         0.001 / 0.002       ms
[2026-06-18T16:37:22.487+0800][40.136s][info][gc,stats    ]    Subphase: Pause Weak Roots VMWeakHandles                0.000 / 0.000         0.000 / 0.000         0.000 / 0.000         0.000 / 0.000       ms
[2026-06-18T16:37:22.487+0800][40.136s][info][gc,stats    ]      System: Java Threads                                     10 / 10               10 / 11               10 / 11               10 / 11          threads
[2026-06-18T16:37:22.487+0800][40.137s][info][gc,stats    ] =========================================================================================================================================================
[2026-06-18T16:37:22.514+0800][40.163s][info][gc,start    ] GC(378) Garbage Collection (Allocation Rate)
[2026-06-18T16:37:22.530+0800][40.179s][info][gc,phases   ] GC(378) Pause Mark Start 0.337ms
[2026-06-18T16:37:22.533+0800][40.182s][info][gc,phases   ] GC(378) Concurrent Mark 1.924ms
[2026-06-18T16:37:22.560+0800][40.209s][info][gc,phases   ] GC(378) Pause Mark End 0.618ms
[2026-06-18T16:37:22.648+0800][40.297s][info][gc,phases   ] GC(378) Concurrent Process Non-Strong References 0.599ms
[2026-06-18T16:37:22.681+0800][40.330s][info][gc,phases   ] GC(378) Concurrent Reset Relocation Set 0.007ms
[2026-06-18T16:37:22.702+0800][40.351s][info][gc,phases   ] GC(378) Concurrent Destroy Detached Pages 0.003ms
[2026-06-18T16:37:22.707+0800][40.357s][info][gc,phases   ] GC(378) Concurrent Select Relocation Set 1.505ms
[2026-06-18T16:37:22.719+0800][40.368s][info][gc,phases   ] GC(378) Concurrent Prepare Relocation Set 0.009ms
[2026-06-18T16:37:22.721+0800][40.370s][info][gc,phases   ] GC(378) Pause Relocate Start 0.389ms
[2026-06-18T16:37:22.724+0800][40.374s][info][gc,phases   ] GC(378) Concurrent Relocate 2.134ms
[2026-06-18T16:37:22.725+0800][40.375s][info][gc,load     ] GC(378) Load: 0.56/0.39/0.25
[2026-06-18T16:37:22.726+0800][40.376s][info][gc,mmu      ] GC(378) MMU: 2ms/39.9%, 5ms/76.0%, 10ms/83.4%, 20ms/90.0%, 50ms/96.0%, 100ms/97.1%
[2026-06-18T16:37:22.729+0800][40.378s][info][gc,marking  ] GC(378) Mark: 2 stripe(s), 2 proactive flush(es), 1 terminate flush(es), 0 completion(s), 0 continuation(s) 
[2026-06-18T16:37:22.736+0800][40.385s][info][gc,reloc    ] GC(378) Relocation: Successful, 23M relocated
[2026-06-18T16:37:22.740+0800][40.389s][info][gc,nmethod  ] GC(378) NMethods: 25 registered, 0 unregistered
[2026-06-18T16:37:22.752+0800][40.401s][info][gc,metaspace] GC(378) Metaspace: 3M used, 4M capacity, 4M committed, 8M reserved
[2026-06-18T16:37:22.765+0800][40.414s][info][gc,ref      ] GC(378) Soft: 43 encountered, 0 discovered, 0 enqueued
[2026-06-18T16:37:22.767+0800][40.416s][info][gc,ref      ] GC(378) Weak: 7 encountered, 2 discovered, 0 enqueued
[2026-06-18T16:37:22.773+0800][40.422s][info][gc,ref      ] GC(378) Final: 0 encountered, 0 discovered, 0 enqueued
[2026-06-18T16:37:22.775+0800][40.424s][info][gc,ref      ] GC(378) Phantom: 1 encountered, 1 discovered, 0 enqueued
[2026-06-18T16:37:22.778+0800][40.428s][info][gc,heap     ] GC(378)                Mark Start          Mark End        Relocate Start      Relocate End           High               Low         
[2026-06-18T16:37:22.782+0800][40.431s][info][gc,heap     ] GC(378)  Capacity:      256M (100%)        256M (100%)        256M (100%)        256M (100%)        256M (100%)        256M (100%)   
[2026-06-18T16:37:22.787+0800][40.436s][info][gc,heap     ] GC(378)   Reserve:       62M (24%)          62M (24%)          62M (24%)          62M (24%)          62M (24%)          62M (24%)    
[2026-06-18T16:37:22.791+0800][40.440s][info][gc,heap     ] GC(378)      Free:       76M (30%)          32M (12%)          36M (14%)         106M (41%)         106M (41%)           8M (3%)     
[2026-06-18T16:37:22.794+0800][40.443s][info][gc,heap     ] GC(378)      Used:      118M (46%)         162M (63%)         158M (62%)          88M (34%)         186M (73%)          88M (34%)    
[2026-06-18T16:37:22.799+0800][40.448s][info][gc,heap     ] GC(378)      Live:         -                23M (9%)           23M (9%)           23M (9%)             -                  -          
[2026-06-18T16:37:22.802+0800][40.451s][info][gc,heap     ] GC(378) Allocated:         -                44M (17%)          70M (27%)          84M (33%)            -                  -          
[2026-06-18T16:37:22.803+0800][40.452s][info][gc,heap     ] GC(378)   Garbage:         -                94M (37%)          64M (25%)    17592186044406M (6         -                  -          
[2026-06-18T16:37:22.805+0800][40.454s][info][gc,heap     ] GC(378) Reclaimed:         -                  -                30M (12%)         104M (41%)            -                  -          
[2026-06-18T16:37:22.809+0800][40.458s][info][gc          ] GC(378) Garbage Collection (Allocation Rate) 118M(46%)->88M(34%)
[2026-06-18T16:37:22.813+0800][40.463s][info][gc,start    ] GC(379) Garbage Collection (Allocation Rate)
[2026-06-18T16:37:22.818+0800][40.467s][info][gc,phases   ] GC(379) Pause Mark Start 0.283ms
[2026-06-18T16:37:22.829+0800][40.478s][info][gc,phases   ] GC(379) Concurrent Mark 2.167ms
[2026-06-18T16:37:22.836+0800][40.485s][info][gc,phases   ] GC(379) Pause Mark End 0.614ms
[2026-06-18T16:37:22.839+0800][40.488s][info][gc,phases   ] GC(379) Concurrent Process Non-Strong References 0.178ms
[2026-06-18T16:37:22.843+0800][40.492s][info][gc,phases   ] GC(379) Concurrent Reset Relocation Set 0.004ms
[2026-06-18T16:37:22.847+0800][40.497s][info][gc,phases   ] GC(379) Concurrent Destroy Detached Pages 0.002ms
[2026-06-18T16:37:22.852+0800][40.502s][info][gc,phases   ] GC(379) Concurrent Select Relocation Set 1.432ms
[2026-06-18T16:37:22.857+0800][40.506s][info][gc,phases   ] GC(379) Concurrent Prepare Relocation Set 0.019ms
[2026-06-18T16:37:22.862+0800][40.511s][info][gc,phases   ] GC(379) Pause Relocate Start 0.384ms
[2026-06-18T16:37:22.865+0800][40.515s][info][gc,phases   ] GC(379) Concurrent Relocate 0.450ms
[2026-06-18T16:37:22.868+0800][40.517s][info][gc,load     ] GC(379) Load: 0.56/0.39/0.25
[2026-06-18T16:37:22.871+0800][40.520s][info][gc,mmu      ] GC(379) MMU: 2ms/39.9%, 5ms/76.0%, 10ms/83.4%, 20ms/90.0%, 50ms/96.0%, 100ms/97.1%
[2026-06-18T16:37:22.877+0800][40.526s][info][gc,marking  ] GC(379) Mark: 2 stripe(s), 2 proactive flush(es), 1 terminate flush(es), 0 completion(s), 0 continuation(s) 
[2026-06-18T16:37:22.881+0800][40.530s][info][gc,reloc    ] GC(379) Relocation: Successful, 26M relocated
[2026-06-18T16:37:22.884+0800][40.533s][info][gc,nmethod  ] GC(379) NMethods: 25 registered, 0 unregistered
[2026-06-18T16:37:22.885+0800][40.534s][info][gc,metaspace] GC(379) Metaspace: 3M used, 4M capacity, 4M committed, 8M reserved
[2026-06-18T16:37:22.885+0800][40.535s][info][gc,ref      ] GC(379) Soft: 43 encountered, 0 discovered, 0 enqueued
[2026-06-18T16:37:22.886+0800][40.535s][info][gc,ref      ] GC(379) Weak: 7 encountered, 1 discovered, 0 enqueued
[2026-06-18T16:37:22.887+0800][40.536s][info][gc,ref      ] GC(379) Final: 0 encountered, 0 discovered, 0 enqueued
[2026-06-18T16:37:22.887+0800][40.537s][info][gc,ref      ] GC(379) Phantom: 1 encountered, 0 discovered, 0 enqueued
[2026-06-18T16:37:22.888+0800][40.537s][info][gc,heap     ] GC(379)                Mark Start          Mark End        Relocate Start      Relocate End           High               Low         
[2026-06-18T16:37:22.889+0800][40.538s][info][gc,heap     ] GC(379)  Capacity:      256M (100%)        256M (100%)        256M (100%)        256M (100%)        256M (100%)        256M (100%)   
[2026-06-18T16:37:22.889+0800][40.538s][info][gc,heap     ] GC(379)   Reserve:       62M (24%)          62M (24%)          62M (24%)          62M (24%)          62M (24%)          62M (24%)    
[2026-06-18T16:37:22.890+0800][40.539s][info][gc,heap     ] GC(379)      Free:       74M (29%)          70M (27%)          88M (34%)          98M (38%)          98M (38%)          30M (12%)    
[2026-06-18T16:37:22.890+0800][40.540s][info][gc,heap     ] GC(379)      Used:      120M (47%)         124M (48%)         106M (41%)          96M (38%)         164M (64%)          96M (38%)    
[2026-06-18T16:37:22.891+0800][40.540s][info][gc,heap     ] GC(379)      Live:         -                26M (10%)          26M (10%)          26M (10%)            -                  -          
[2026-06-18T16:37:22.891+0800][40.541s][info][gc,heap     ] GC(379) Allocated:         -                 4M (2%)           48M (19%)          62M (24%)            -                  -          
[2026-06-18T16:37:22.892+0800][40.541s][info][gc,heap     ] GC(379)   Garbage:         -                93M (36%)          31M (12%)          21M (8%)             -                  -          
[2026-06-18T16:37:22.892+0800][40.541s][info][gc,heap     ] GC(379) Reclaimed:         -                  -                62M (24%)          72M (28%)            -                  -          
[2026-06-18T16:37:22.892+0800][40.542s][info][gc          ] GC(379) Garbage Collection (Allocation Rate) 120M(47%)->96M(38%)
[2026-06-18T16:37:22.914+0800][40.563s][info][gc,start    ] GC(380) Garbage Collection (Allocation Rate)
[2026-06-18T16:37:22.916+0800][40.565s][info][gc,phases   ] GC(380) Pause Mark Start 0.380ms
[2026-06-18T16:37:22.918+0800][40.568s][info][gc,phases   ] GC(380) Concurrent Mark 1.914ms
[2026-06-18T16:37:22.920+0800][40.569s][info][gc,phases   ] GC(380) Pause Mark End 0.557ms
[2026-06-18T16:37:22.921+0800][40.571s][info][gc,phases   ] GC(380) Concurrent Process Non-Strong References 0.213ms
[2026-06-18T16:37:22.922+0800][40.571s][info][gc,phases   ] GC(380) Concurrent Reset Relocation Set 0.004ms
[2026-06-18T16:37:22.923+0800][40.572s][info][gc,phases   ] GC(380) Concurrent Destroy Detached Pages 0.001ms
[2026-06-18T16:37:22.924+0800][40.573s][info][gc,phases   ] GC(380) Concurrent Select Relocation Set 0.864ms
[2026-06-18T16:37:22.925+0800][40.574s][info][gc,phases   ] GC(380) Concurrent Prepare Relocation Set 0.008ms
[2026-06-18T16:37:22.926+0800][40.575s][info][gc,phases   ] GC(380) Pause Relocate Start 0.186ms
[2026-06-18T16:37:22.928+0800][40.577s][info][gc,phases   ] GC(380) Concurrent Relocate 1.687ms
[2026-06-18T16:37:22.928+0800][40.578s][info][gc,load     ] GC(380) Load: 0.56/0.39/0.25
[2026-06-18T16:37:22.929+0800][40.578s][info][gc,mmu      ] GC(380) MMU: 2ms/39.9%, 5ms/76.0%, 10ms/83.4%, 20ms/90.0%, 50ms/96.0%, 100ms/97.1%
[2026-06-18T16:37:22.929+0800][40.579s][info][gc,marking  ] GC(380) Mark: 2 stripe(s), 1 proactive flush(es), 1 terminate flush(es), 0 completion(s), 0 continuation(s) 
[2026-06-18T16:37:22.930+0800][40.579s][info][gc,reloc    ] GC(380) Relocation: Successful, 24M relocated
[2026-06-18T16:37:22.930+0800][40.579s][info][gc,nmethod  ] GC(380) NMethods: 25 registered, 0 unregistered
[2026-06-18T16:37:22.931+0800][40.580s][info][gc,metaspace] GC(380) Metaspace: 3M used, 4M capacity, 4M committed, 8M reserved
[2026-06-18T16:37:22.931+0800][40.581s][info][gc,ref      ] GC(380) Soft: 43 encountered, 0 discovered, 0 enqueued
[2026-06-18T16:37:22.932+0800][40.581s][info][gc,ref      ] GC(380) Weak: 7 encountered, 2 discovered, 0 enqueued
[2026-06-18T16:37:22.932+0800][40.581s][info][gc,ref      ] GC(380) Final: 0 encountered, 0 discovered, 0 enqueued
[2026-06-18T16:37:22.932+0800][40.581s][info][gc,ref      ] GC(380) Phantom: 1 encountered, 1 discovered, 0 enqueued
[2026-06-18T16:37:22.932+0800][40.582s][info][gc,heap     ] GC(380)                Mark Start          Mark End        Relocate Start      Relocate End           High               Low         
[2026-06-18T16:37:22.933+0800][40.582s][info][gc,heap     ] GC(380)  Capacity:      256M (100%)        256M (100%)        256M (100%)        256M (100%)        256M (100%)        256M (100%)   
[2026-06-18T16:37:22.933+0800][40.582s][info][gc,heap     ] GC(380)   Reserve:       62M (24%)          62M (24%)          62M (24%)          62M (24%)          62M (24%)          62M (24%)    
[2026-06-18T16:37:22.933+0800][40.582s][info][gc,heap     ] GC(380)      Free:       78M (30%)          78M (30%)         104M (41%)         146M (57%)         146M (57%)          68M (27%)    
[2026-06-18T16:37:22.933+0800][40.583s][info][gc,heap     ] GC(380)      Used:      116M (45%)         116M (45%)          90M (35%)          48M (19%)         126M (49%)          48M (19%)    
[2026-06-18T16:37:22.934+0800][40.583s][info][gc,heap     ] GC(380)      Live:         -                24M (9%)           24M (9%)           24M (9%)             -                  -          
[2026-06-18T16:37:22.934+0800][40.583s][info][gc,heap     ] GC(380) Allocated:         -                 0M (0%)            4M (2%)           46M (18%)            -                  -          
[2026-06-18T16:37:22.934+0800][40.583s][info][gc,heap     ] GC(380)   Garbage:         -                91M (36%)          61M (24%)          19M (8%)             -                  -          
[2026-06-18T16:37:22.934+0800][40.584s][info][gc,heap     ] GC(380) Reclaimed:         -                  -                30M (12%)          72M (28%)            -                  -          
[2026-06-18T16:37:22.935+0800][40.584s][info][gc          ] GC(380) Garbage Collection (Allocation Rate) 116M(45%)->48M(19%)
[2026-06-18T16:37:23.014+0800][40.663s][info][gc,start    ] GC(381) Garbage Collection (Allocation Rate)
[2026-06-18T16:37:23.018+0800][40.668s][info][gc,phases   ] GC(381) Pause Mark Start 0.945ms
[2026-06-18T16:37:23.023+0800][40.672s][info][gc,phases   ] GC(381) Concurrent Mark 2.703ms
[2026-06-18T16:37:23.025+0800][40.674s][info][gc,phases   ] GC(381) Pause Mark End 0.450ms
[2026-06-18T16:37:23.026+0800][40.675s][info][gc,phases   ] GC(381) Concurrent Process Non-Strong References 0.259ms
[2026-06-18T16:37:23.027+0800][40.676s][info][gc,phases   ] GC(381) Concurrent Reset Relocation Set 0.003ms
[2026-06-18T16:37:23.027+0800][40.677s][info][gc,phases   ] GC(381) Concurrent Destroy Detached Pages 0.001ms
[2026-06-18T16:37:23.029+0800][40.678s][info][gc,phases   ] GC(381) Concurrent Select Relocation Set 0.710ms
[2026-06-18T16:37:23.029+0800][40.679s][info][gc,phases   ] GC(381) Concurrent Prepare Relocation Set 0.003ms
[2026-06-18T16:37:23.030+0800][40.679s][info][gc,phases   ] GC(381) Pause Relocate Start 0.173ms
[2026-06-18T16:37:23.031+0800][40.680s][info][gc,phases   ] GC(381) Concurrent Relocate 0.308ms
[2026-06-18T16:37:23.032+0800][40.681s][info][gc,load     ] GC(381) Load: 0.56/0.39/0.25
[2026-06-18T16:37:23.032+0800][40.681s][info][gc,mmu      ] GC(381) MMU: 2ms/39.9%, 5ms/76.0%, 10ms/83.4%, 20ms/90.0%, 50ms/96.0%, 100ms/97.1%
[2026-06-18T16:37:23.033+0800][40.682s][info][gc,marking  ] GC(381) Mark: 2 stripe(s), 2 proactive flush(es), 1 terminate flush(es), 0 completion(s), 0 continuation(s) 
[2026-06-18T16:37:23.033+0800][40.682s][info][gc,reloc    ] GC(381) Relocation: Successful, 25M relocated
[2026-06-18T16:37:23.033+0800][40.683s][info][gc,nmethod  ] GC(381) NMethods: 25 registered, 0 unregistered
[2026-06-18T16:37:23.034+0800][40.683s][info][gc,metaspace] GC(381) Metaspace: 3M used, 4M capacity, 4M committed, 8M reserved
[2026-06-18T16:37:23.034+0800][40.683s][info][gc,ref      ] GC(381) Soft: 43 encountered, 0 discovered, 0 enqueued
[2026-06-18T16:37:23.034+0800][40.684s][info][gc,ref      ] GC(381) Weak: 7 encountered, 2 discovered, 0 enqueued
[2026-06-18T16:37:23.035+0800][40.684s][info][gc,ref      ] GC(381) Final: 0 encountered, 0 discovered, 0 enqueued
[2026-06-18T16:37:23.035+0800][40.684s][info][gc,ref      ] GC(381) Phantom: 1 encountered, 0 discovered, 0 enqueued
[2026-06-18T16:37:23.035+0800][40.684s][info][gc,heap     ] GC(381)                Mark Start          Mark End        Relocate Start      Relocate End           High               Low         
[2026-06-18T16:37:23.035+0800][40.685s][info][gc,heap     ] GC(381)  Capacity:      256M (100%)        256M (100%)        256M (100%)        256M (100%)        256M (100%)        256M (100%)   
[2026-06-18T16:37:23.036+0800][40.686s][info][gc,heap     ] GC(381)   Reserve:       62M (24%)          62M (24%)          62M (24%)          62M (24%)          62M (24%)          62M (24%)    
[2026-06-18T16:37:23.036+0800][40.686s][info][gc,heap     ] GC(381)      Free:      114M (45%)         110M (43%)         136M (53%)         112M (44%)         142M (55%)         110M (43%)    
[2026-06-18T16:37:23.037+0800][40.686s][info][gc,heap     ] GC(381)      Used:       80M (31%)          84M (33%)          58M (23%)          82M (32%)          84M (33%)          52M (20%)    
[2026-06-18T16:37:23.037+0800][40.686s][info][gc,heap     ] GC(381)      Live:         -                29M (11%)          29M (11%)          29M (11%)            -                  -          
[2026-06-18T16:37:23.037+0800][40.687s][info][gc,heap     ] GC(381) Allocated:         -                 4M (2%)            4M (2%)           44M (17%)            -                  -          
[2026-06-18T16:37:23.037+0800][40.687s][info][gc,heap     ] GC(381)   Garbage:         -                50M (20%)          24M (10%)          12M (5%)             -                  -          
[2026-06-18T16:37:23.038+0800][40.687s][info][gc,heap     ] GC(381) Reclaimed:         -                  -                26M (10%)          38M (15%)            -                  -          
[2026-06-18T16:37:23.038+0800][40.687s][info][gc          ] GC(381) Garbage Collection (Allocation Rate) 80M(31%)->82M(32%)
[2026-06-18T16:37:23.113+0800][40.763s][info][gc,start    ] GC(382) Garbage Collection (Allocation Rate)
[2026-06-18T16:37:23.116+0800][40.766s][info][gc,phases   ] GC(382) Pause Mark Start 0.457ms
[2026-06-18T16:37:23.121+0800][40.770s][info][gc,phases   ] GC(382) Concurrent Mark 2.155ms
[2026-06-18T16:37:23.124+0800][40.774s][info][gc,phases   ] GC(382) Pause Mark End 1.068ms
[2026-06-18T16:37:23.126+0800][40.775s][info][gc,phases   ] GC(382) Concurrent Process Non-Strong References 0.327ms
[2026-06-18T16:37:23.127+0800][40.776s][info][gc,phases   ] GC(382) Concurrent Reset Relocation Set 0.005ms
[2026-06-18T16:37:23.128+0800][40.777s][info][gc,phases   ] GC(382) Concurrent Destroy Detached Pages 0.001ms
[2026-06-18T16:37:23.130+0800][40.779s][info][gc,phases   ] GC(382) Concurrent Select Relocation Set 0.936ms
[2026-06-18T16:37:23.131+0800][40.780s][info][gc,phases   ] GC(382) Concurrent Prepare Relocation Set 0.013ms
[2026-06-18T16:37:23.132+0800][40.781s][info][gc,phases   ] GC(382) Pause Relocate Start 0.184ms
[2026-06-18T16:37:23.134+0800][40.783s][info][gc,phases   ] GC(382) Concurrent Relocate 1.757ms
[2026-06-18T16:37:23.135+0800][40.784s][info][gc,load     ] GC(382) Load: 0.56/0.39/0.25
[2026-06-18T16:37:23.135+0800][40.785s][info][gc,mmu      ] GC(382) MMU: 2ms/39.9%, 5ms/76.0%, 10ms/83.4%, 20ms/90.0%, 50ms/96.0%, 100ms/97.1%
[2026-06-18T16:37:23.136+0800][40.785s][info][gc,marking  ] GC(382) Mark: 2 stripe(s), 2 proactive flush(es), 1 terminate flush(es), 0 completion(s), 0 continuation(s) 
[2026-06-18T16:37:23.136+0800][40.786s][info][gc,reloc    ] GC(382) Relocation: Successful, 24M relocated
[2026-06-18T16:37:23.137+0800][40.786s][info][gc,nmethod  ] GC(382) NMethods: 25 registered, 0 unregistered
[2026-06-18T16:37:23.137+0800][40.787s][info][gc,metaspace] GC(382) Metaspace: 3M used, 4M capacity, 4M committed, 8M reserved
[2026-06-18T16:37:23.138+0800][40.787s][info][gc,ref      ] GC(382) Soft: 43 encountered, 0 discovered, 0 enqueued
[2026-06-18T16:37:23.138+0800][40.788s][info][gc,ref      ] GC(382) Weak: 7 encountered, 2 discovered, 0 enqueued
[2026-06-18T16:37:23.139+0800][40.788s][info][gc,ref      ] GC(382) Final: 0 encountered, 0 discovered, 0 enqueued
[2026-06-18T16:37:23.139+0800][40.788s][info][gc,ref      ] GC(382) Phantom: 1 encountered, 0 discovered, 0 enqueued
[2026-06-18T16:37:23.139+0800][40.788s][info][gc,heap     ] GC(382)                Mark Start          Mark End        Relocate Start      Relocate End           High               Low         
[2026-06-18T16:37:23.139+0800][40.789s][info][gc,heap     ] GC(382)  Capacity:      256M (100%)        256M (100%)        256M (100%)        256M (100%)        256M (100%)        256M (100%)   
[2026-06-18T16:37:23.140+0800][40.789s][info][gc,heap     ] GC(382)   Reserve:       62M (24%)          62M (24%)          62M (24%)          62M (24%)          62M (24%)          62M (24%)    
[2026-06-18T16:37:23.140+0800][40.789s][info][gc,heap     ] GC(382)      Free:       84M (33%)          80M (31%)          70M (27%)         142M (55%)         142M (55%)          64M (25%)    
[2026-06-18T16:37:23.140+0800][40.789s][info][gc,heap     ] GC(382)      Used:      110M (43%)         114M (45%)         124M (48%)          52M (20%)         130M (51%)          52M (20%)    
[2026-06-18T16:37:23.140+0800][40.790s][info][gc,heap     ] GC(382)      Live:         -                25M (10%)          25M (10%)          25M (10%)            -                  -          
[2026-06-18T16:37:23.141+0800][40.790s][info][gc,heap     ] GC(382) Allocated:         -                 4M (2%)           40M (16%)          46M (18%)            -                  -          
[2026-06-18T16:37:23.141+0800][40.790s][info][gc,heap     ] GC(382)   Garbage:         -                84M (33%)          58M (23%)    17592186044402M (6         -                  -          
[2026-06-18T16:37:23.142+0800][40.791s][info][gc,heap     ] GC(382) Reclaimed:         -                  -                26M (10%)          98M (38%)            -                  -          
[2026-06-18T16:37:23.142+0800][40.791s][info][gc          ] GC(382) Garbage Collection (Allocation Rate) 110M(43%)->52M(20%)
[2026-06-18T16:37:23.214+0800][40.863s][info][gc,start    ] GC(383) Garbage Collection (Allocation Rate)
[2026-06-18T16:37:23.218+0800][40.868s][info][gc,phases   ] GC(383) Pause Mark Start 0.430ms
[2026-06-18T16:37:23.222+0800][40.872s][info][gc,phases   ] GC(383) Concurrent Mark 2.428ms
[2026-06-18T16:37:23.225+0800][40.874s][info][gc,phases   ] GC(383) Pause Mark End 0.650ms
[2026-06-18T16:37:23.226+0800][40.876s][info][gc,phases   ] GC(383) Concurrent Process Non-Strong References 0.416ms
[2026-06-18T16:37:23.228+0800][40.877s][info][gc,phases   ] GC(383) Concurrent Reset Relocation Set 0.005ms
[2026-06-18T16:37:23.229+0800][40.878s][info][gc,phases   ] GC(383) Concurrent Destroy Detached Pages 0.002ms
[2026-06-18T16:37:23.231+0800][40.880s][info][gc,phases   ] GC(383) Concurrent Select Relocation Set 0.972ms
[2026-06-18T16:37:23.232+0800][40.881s][info][gc,phases   ] GC(383) Concurrent Prepare Relocation Set 0.004ms
[2026-06-18T16:37:23.233+0800][40.882s][info][gc,phases   ] GC(383) Pause Relocate Start 0.367ms
[2026-06-18T16:37:23.234+0800][40.884s][info][gc,phases   ] GC(383) Concurrent Relocate 0.327ms
[2026-06-18T16:37:23.235+0800][40.884s][info][gc,load     ] GC(383) Load: 0.56/0.39/0.25
[2026-06-18T16:37:23.236+0800][40.885s][info][gc,mmu      ] GC(383) MMU: 2ms/39.9%, 5ms/76.0%, 10ms/83.4%, 20ms/90.0%, 50ms/96.0%, 100ms/97.1%
[2026-06-18T16:37:23.236+0800][40.885s][info][gc,marking  ] GC(383) Mark: 2 stripe(s), 1 proactive flush(es), 1 terminate flush(es), 0 completion(s), 0 continuation(s) 
[2026-06-18T16:37:23.237+0800][40.886s][info][gc,reloc    ] GC(383) Relocation: Successful, 22M relocated
[2026-06-18T16:37:23.237+0800][40.886s][info][gc,nmethod  ] GC(383) NMethods: 25 registered, 0 unregistered
[2026-06-18T16:37:23.238+0800][40.887s][info][gc,metaspace] GC(383) Metaspace: 3M used, 4M capacity, 4M committed, 8M reserved
[2026-06-18T16:37:23.239+0800][40.888s][info][gc,ref      ] GC(383) Soft: 43 encountered, 0 discovered, 0 enqueued
[2026-06-18T16:37:23.239+0800][40.888s][info][gc,ref      ] GC(383) Weak: 7 encountered, 2 discovered, 0 enqueued
[2026-06-18T16:37:23.240+0800][40.889s][info][gc,ref      ] GC(383) Final: 0 encountered, 0 discovered, 0 enqueued
[2026-06-18T16:37:23.240+0800][40.889s][info][gc,ref      ] GC(383) Phantom: 1 encountered, 1 discovered, 0 enqueued
[2026-06-18T16:37:23.240+0800][40.890s][info][gc,heap     ] GC(383)                Mark Start          Mark End        Relocate Start      Relocate End           High               Low         
[2026-06-18T16:37:23.241+0800][40.890s][info][gc,heap     ] GC(383)  Capacity:      256M (100%)        256M (100%)        256M (100%)        256M (100%)        256M (100%)        256M (100%)   
[2026-06-18T16:37:23.241+0800][40.890s][info][gc,heap     ] GC(383)   Reserve:       62M (24%)          62M (24%)          62M (24%)          62M (24%)          62M (24%)          62M (24%)    
[2026-06-18T16:37:23.241+0800][40.890s][info][gc,heap     ] GC(383)      Free:      110M (43%)         110M (43%)         106M (41%)         114M (45%)         114M (45%)          72M (28%)    
[2026-06-18T16:37:23.242+0800][40.891s][info][gc,heap     ] GC(383)      Used:       84M (33%)          84M (33%)          88M (34%)          80M (31%)         122M (48%)          80M (31%)    
[2026-06-18T16:37:23.242+0800][40.891s][info][gc,heap     ] GC(383)      Live:         -                22M (9%)           22M (9%)           22M (9%)             -                  -          
[2026-06-18T16:37:23.242+0800][40.891s][info][gc,heap     ] GC(383) Allocated:         -                 0M (0%)           38M (15%)          44M (17%)            -                  -          
[2026-06-18T16:37:23.242+0800][40.892s][info][gc,heap     ] GC(383)   Garbage:         -                61M (24%)          27M (11%)          19M (8%)             -                  -          
[2026-06-18T16:37:23.243+0800][40.892s][info][gc,heap     ] GC(383) Reclaimed:         -                  -                34M (13%)          42M (16%)            -                  -          
[2026-06-18T16:37:23.243+0800][40.892s][info][gc          ] GC(383) Garbage Collection (Allocation Rate) 84M(33%)->80M(31%)
[2026-06-18T16:37:23.314+0800][40.963s][info][gc,start    ] GC(384) Garbage Collection (Allocation Rate)
[2026-06-18T16:37:23.317+0800][40.966s][info][gc,phases   ] GC(384) Pause Mark Start 0.521ms
[2026-06-18T16:37:23.322+0800][40.971s][info][gc,phases   ] GC(384) Concurrent Mark 1.799ms
[2026-06-18T16:37:23.326+0800][40.975s][info][gc,phases   ] GC(384) Pause Mark End 0.542ms
[2026-06-18T16:37:23.330+0800][40.979s][info][gc,phases   ] GC(384) Concurrent Process Non-Strong References 0.424ms
[2026-06-18T16:37:23.331+0800][40.981s][info][gc,phases   ] GC(384) Concurrent Reset Relocation Set 0.004ms
[2026-06-18T16:37:23.332+0800][40.982s][info][gc,phases   ] GC(384) Concurrent Destroy Detached Pages 0.001ms
[2026-06-18T16:37:23.334+0800][40.984s][info][gc,phases   ] GC(384) Concurrent Select Relocation Set 1.015ms
[2026-06-18T16:37:23.335+0800][40.985s][info][gc,phases   ] GC(384) Concurrent Prepare Relocation Set 0.003ms
[2026-06-18T16:37:23.337+0800][40.986s][info][gc,phases   ] GC(384) Pause Relocate Start 0.262ms
[2026-06-18T16:37:23.340+0800][40.989s][info][gc,phases   ] GC(384) Concurrent Relocate 2.168ms
[2026-06-18T16:37:23.341+0800][40.990s][info][gc,load     ] GC(384) Load: 0.56/0.39/0.25
[2026-06-18T16:37:23.341+0800][40.991s][info][gc,mmu      ] GC(384) MMU: 2ms/39.9%, 5ms/76.0%, 10ms/83.4%, 20ms/90.0%, 50ms/96.0%, 100ms/97.1%
[2026-06-18T16:37:23.342+0800][40.991s][info][gc,marking  ] GC(384) Mark: 2 stripe(s), 1 proactive flush(es), 1 terminate flush(es), 0 completion(s), 0 continuation(s) 
[2026-06-18T16:37:23.342+0800][40.992s][info][gc,reloc    ] GC(384) Relocation: Successful, 27M relocated
[2026-06-18T16:37:23.343+0800][40.992s][info][gc,nmethod  ] GC(384) NMethods: 25 registered, 0 unregistered
[2026-06-18T16:37:23.343+0800][40.993s][info][gc,metaspace] GC(384) Metaspace: 3M used, 4M capacity, 4M committed, 8M reserved
[2026-06-18T16:37:23.344+0800][40.993s][info][gc,ref      ] GC(384) Soft: 43 encountered, 0 discovered, 0 enqueued
[2026-06-18T16:37:23.344+0800][40.993s][info][gc,ref      ] GC(384) Weak: 7 encountered, 0 discovered, 0 enqueued
[2026-06-18T16:37:23.344+0800][40.994s][info][gc,ref      ] GC(384) Final: 0 encountered, 0 discovered, 0 enqueued
[2026-06-18T16:37:23.345+0800][40.994s][info][gc,ref      ] GC(384) Phantom: 1 encountered, 1 discovered, 0 enqueued
[2026-06-18T16:37:23.345+0800][40.994s][info][gc,heap     ] GC(384)                Mark Start          Mark End        Relocate Start      Relocate End           High               Low         
[2026-06-18T16:37:23.345+0800][40.995s][info][gc,heap     ] GC(384)  Capacity:      256M (100%)        256M (100%)        256M (100%)        256M (100%)        256M (100%)        256M (100%)   
[2026-06-18T16:37:23.346+0800][40.995s][info][gc,heap     ] GC(384)   Reserve:       62M (24%)          62M (24%)          62M (24%)          62M (24%)          62M (24%)          62M (24%)    
[2026-06-18T16:37:23.346+0800][40.995s][info][gc,heap     ] GC(384)      Free:       84M (33%)          46M (18%)          66M (26%)         138M (54%)         138M (54%)          42M (16%)    
[2026-06-18T16:37:23.346+0800][40.996s][info][gc,heap     ] GC(384)      Used:      110M (43%)         148M (58%)         128M (50%)          56M (22%)         152M (59%)          56M (22%)    
[2026-06-18T16:37:23.346+0800][40.996s][info][gc,heap     ] GC(384)      Live:         -                28M (11%)          28M (11%)          28M (11%)            -                  -          
[2026-06-18T16:37:23.347+0800][40.996s][info][gc,heap     ] GC(384) Allocated:         -                38M (15%)          42M (16%)          52M (20%)            -                  -          
[2026-06-18T16:37:23.347+0800][40.996s][info][gc,heap     ] GC(384)   Garbage:         -                81M (32%)          57M (22%)    17592186044401M (6         -                  -          
[2026-06-18T16:37:23.347+0800][40.996s][info][gc,heap     ] GC(384) Reclaimed:         -                  -                24M (9%)           96M (38%)            -                  -          
[2026-06-18T16:37:23.347+0800][40.997s][info][gc          ] GC(384) Garbage Collection (Allocation Rate) 110M(43%)->56M(22%)
[2026-06-18T16:37:23.413+0800][41.063s][info][gc,start    ] GC(385) Garbage Collection (Allocation Rate)
[2026-06-18T16:37:23.417+0800][41.066s][info][gc,phases   ] GC(385) Pause Mark Start 0.500ms
[2026-06-18T16:37:23.421+0800][41.070s][info][gc,phases   ] GC(385) Concurrent Mark 2.180ms
[2026-06-18T16:37:23.423+0800][41.073s][info][gc,phases   ] GC(385) Pause Mark End 0.612ms
[2026-06-18T16:37:23.425+0800][41.074s][info][gc,phases   ] GC(385) Concurrent Process Non-Strong References 0.123ms
[2026-06-18T16:37:23.426+0800][41.075s][info][gc,phases   ] GC(385) Concurrent Reset Relocation Set 0.004ms
[2026-06-18T16:37:23.426+0800][41.076s][info][gc,phases   ] GC(385) Concurrent Destroy Detached Pages 0.002ms
[2026-06-18T16:37:23.428+0800][41.078s][info][gc,phases   ] GC(385) Concurrent Select Relocation Set 0.999ms
[2026-06-18T16:37:23.429+0800][41.079s][info][gc,phases   ] GC(385) Concurrent Prepare Relocation Set 0.014ms
[2026-06-18T16:37:23.430+0800][41.080s][info][gc,phases   ] GC(385) Pause Relocate Start 0.284ms
[2026-06-18T16:37:23.432+0800][41.081s][info][gc,phases   ] GC(385) Concurrent Relocate 0.499ms
[2026-06-18T16:37:23.432+0800][41.082s][info][gc,load     ] GC(385) Load: 0.56/0.39/0.25
[2026-06-18T16:37:23.433+0800][41.082s][info][gc,mmu      ] GC(385) MMU: 2ms/39.9%, 5ms/76.0%, 10ms/83.4%, 20ms/90.0%, 50ms/96.0%, 100ms/97.1%
[2026-06-18T16:37:23.434+0800][41.083s][info][gc,marking  ] GC(385) Mark: 2 stripe(s), 2 proactive flush(es), 1 terminate flush(es), 0 completion(s), 0 continuation(s) 
[2026-06-18T16:37:23.434+0800][41.083s][info][gc,reloc    ] GC(385) Relocation: Successful, 18M relocated
[2026-06-18T16:37:23.435+0800][41.084s][info][gc,nmethod  ] GC(385) NMethods: 25 registered, 0 unregistered
[2026-06-18T16:37:23.435+0800][41.084s][info][gc,metaspace] GC(385) Metaspace: 3M used, 4M capacity, 4M committed, 8M reserved
[2026-06-18T16:37:23.436+0800][41.085s][info][gc,ref      ] GC(385) Soft: 43 encountered, 0 discovered, 0 enqueued
[2026-06-18T16:37:23.436+0800][41.085s][info][gc,ref      ] GC(385) Weak: 7 encountered, 2 discovered, 0 enqueued
[2026-06-18T16:37:23.437+0800][41.086s][info][gc,ref      ] GC(385) Final: 0 encountered, 0 discovered, 0 enqueued
[2026-06-18T16:37:23.437+0800][41.086s][info][gc,ref      ] GC(385) Phantom: 1 encountered, 1 discovered, 0 enqueued
[2026-06-18T16:37:23.437+0800][41.087s][info][gc,heap     ] GC(385)                Mark Start          Mark End        Relocate Start      Relocate End           High               Low         
[2026-06-18T16:37:23.438+0800][41.087s][info][gc,heap     ] GC(385)  Capacity:      256M (100%)        256M (100%)        256M (100%)        256M (100%)        256M (100%)        256M (100%)   
[2026-06-18T16:37:23.438+0800][41.087s][info][gc,heap     ] GC(385)   Reserve:       62M (24%)          62M (24%)          62M (24%)          62M (24%)          62M (24%)          62M (24%)    
[2026-06-18T16:37:23.438+0800][41.087s][info][gc,heap     ] GC(385)      Free:      112M (44%)          74M (29%)          96M (38%)         110M (43%)         112M (44%)          74M (29%)    
[2026-06-18T16:37:23.438+0800][41.088s][info][gc,heap     ] GC(385)      Used:       82M (32%)         120M (47%)          98M (38%)          84M (33%)         120M (47%)          82M (32%)    
[2026-06-18T16:37:23.439+0800][41.088s][info][gc,heap     ] GC(385)      Live:         -                20M (8%)           20M (8%)           20M (8%)             -                  -          
[2026-06-18T16:37:23.439+0800][41.088s][info][gc,heap     ] GC(385) Allocated:         -                38M (15%)          42M (16%)          48M (19%)            -                  -          
[2026-06-18T16:37:23.439+0800][41.089s][info][gc,heap     ] GC(385)   Garbage:         -                61M (24%)          35M (14%)          21M (8%)             -                  -          
[2026-06-18T16:37:23.440+0800][41.089s][info][gc,heap     ] GC(385) Reclaimed:         -                  -                26M (10%)          40M (16%)            -                  -          
[2026-06-18T16:37:23.440+0800][41.089s][info][gc          ] GC(385) Garbage Collection (Allocation Rate) 82M(32%)->84M(33%)
[2026-06-18T16:37:23.514+0800][41.163s][info][gc,start    ] GC(386) Garbage Collection (Allocation Rate)
[2026-06-18T16:37:23.517+0800][41.166s][info][gc,phases   ] GC(386) Pause Mark Start 0.501ms
[2026-06-18T16:37:23.521+0800][41.171s][info][gc,phases   ] GC(386) Concurrent Mark 2.065ms
[2026-06-18T16:37:23.524+0800][41.173s][info][gc,phases   ] GC(386) Pause Mark End 0.540ms
[2026-06-18T16:37:23.526+0800][41.175s][info][gc,phases   ] GC(386) Concurrent Process Non-Strong References 0.279ms
[2026-06-18T16:37:23.528+0800][41.177s][info][gc,phases   ] GC(386) Concurrent Reset Relocation Set 0.004ms
[2026-06-18T16:37:23.530+0800][41.179s][info][gc,phases   ] GC(386) Concurrent Destroy Detached Pages 0.001ms
[2026-06-18T16:37:23.533+0800][41.183s][info][gc,phases   ] GC(386) Concurrent Select Relocation Set 0.718ms
[2026-06-18T16:37:23.534+0800][41.183s][info][gc,phases   ] GC(386) Concurrent Prepare Relocation Set 0.009ms
[2026-06-18T16:37:23.536+0800][41.185s][info][gc,phases   ] GC(386) Pause Relocate Start 0.186ms
[2026-06-18T16:37:23.538+0800][41.187s][info][gc,phases   ] GC(386) Concurrent Relocate 1.198ms
[2026-06-18T16:37:23.538+0800][41.187s][info][gc,load     ] GC(386) Load: 0.56/0.39/0.25
[2026-06-18T16:37:23.539+0800][41.188s][info][gc,mmu      ] GC(386) MMU: 2ms/39.9%, 5ms/76.0%, 10ms/83.4%, 20ms/90.0%, 50ms/96.0%, 100ms/97.1%
[2026-06-18T16:37:23.539+0800][41.189s][info][gc,marking  ] GC(386) Mark: 2 stripe(s), 1 proactive flush(es), 1 terminate flush(es), 0 completion(s), 0 continuation(s) 
[2026-06-18T16:37:23.540+0800][41.189s][info][gc,reloc    ] GC(386) Relocation: Successful, 18M relocated
[2026-06-18T16:37:23.540+0800][41.190s][info][gc,nmethod  ] GC(386) NMethods: 25 registered, 0 unregistered
[2026-06-18T16:37:23.541+0800][41.190s][info][gc,metaspace] GC(386) Metaspace: 3M used, 4M capacity, 4M committed, 8M reserved
[2026-06-18T16:37:23.541+0800][41.191s][info][gc,ref      ] GC(386) Soft: 43 encountered, 0 discovered, 0 enqueued
[2026-06-18T16:37:23.542+0800][41.191s][info][gc,ref      ] GC(386) Weak: 7 encountered, 2 discovered, 0 enqueued
[2026-06-18T16:37:23.542+0800][41.191s][info][gc,ref      ] GC(386) Final: 0 encountered, 0 discovered, 0 enqueued
[2026-06-18T16:37:23.542+0800][41.192s][info][gc,ref      ] GC(386) Phantom: 1 encountered, 1 discovered, 0 enqueued
[2026-06-18T16:37:23.543+0800][41.192s][info][gc,heap     ] GC(386)                Mark Start          Mark End        Relocate Start      Relocate End           High               Low         
[2026-06-18T16:37:23.543+0800][41.192s][info][gc,heap     ] GC(386)  Capacity:      256M (100%)        256M (100%)        256M (100%)        256M (100%)        256M (100%)        256M (100%)   
[2026-06-18T16:37:23.543+0800][41.192s][info][gc,heap     ] GC(386)   Reserve:       62M (24%)          62M (24%)          62M (24%)          62M (24%)          62M (24%)          62M (24%)    
[2026-06-18T16:37:23.543+0800][41.193s][info][gc,heap     ] GC(386)      Free:       80M (31%)          80M (31%)         106M (41%)         142M (55%)         142M (55%)          66M (26%)    
[2026-06-18T16:37:23.544+0800][41.193s][info][gc,heap     ] GC(386)      Used:      114M (45%)         114M (45%)          88M (34%)          52M (20%)         128M (50%)          52M (20%)    
[2026-06-18T16:37:23.544+0800][41.193s][info][gc,heap     ] GC(386)      Live:         -                18M (7%)           18M (7%)           18M (7%)             -                  -          
[2026-06-18T16:37:23.544+0800][41.193s][info][gc,heap     ] GC(386) Allocated:         -                 0M (0%)            4M (2%)           48M (19%)            -                  -          
[2026-06-18T16:37:23.544+0800][41.194s][info][gc,heap     ] GC(386)   Garbage:         -                95M (37%)          65M (26%)          25M (10%)            -                  -          
[2026-06-18T16:37:23.545+0800][41.194s][info][gc,heap     ] GC(386) Reclaimed:         -                  -                30M (12%)          70M (27%)            -                  -          
[2026-06-18T16:37:23.545+0800][41.194s][info][gc          ] GC(386) Garbage Collection (Allocation Rate) 114M(45%)->52M(20%)
[2026-06-18T16:37:23.613+0800][41.263s][info][gc,start    ] GC(387) Garbage Collection (Allocation Rate)
[2026-06-18T16:37:23.616+0800][41.266s][info][gc,phases   ] GC(387) Pause Mark Start 0.443ms
[2026-06-18T16:37:23.620+0800][41.269s][info][gc,phases   ] GC(387) Concurrent Mark 2.308ms
[2026-06-18T16:37:23.623+0800][41.272s][info][gc,phases   ] GC(387) Pause Mark End 0.739ms
[2026-06-18T16:37:23.624+0800][41.273s][info][gc,phases   ] GC(387) Concurrent Process Non-Strong References 0.413ms
[2026-06-18T16:37:23.625+0800][41.274s][info][gc,phases   ] GC(387) Concurrent Reset Relocation Set 0.004ms
[2026-06-18T16:37:23.626+0800][41.275s][info][gc,phases   ] GC(387) Concurrent Destroy Detached Pages 0.001ms
[2026-06-18T16:37:23.628+0800][41.277s][info][gc,phases   ] GC(387) Concurrent Select Relocation Set 1.066ms
[2026-06-18T16:37:23.629+0800][41.278s][info][gc,phases   ] GC(387) Concurrent Prepare Relocation Set 0.003ms
[2026-06-18T16:37:23.630+0800][41.279s][info][gc,phases   ] GC(387) Pause Relocate Start 0.253ms
[2026-06-18T16:37:23.631+0800][41.280s][info][gc,phases   ] GC(387) Concurrent Relocate 0.263ms
[2026-06-18T16:37:23.632+0800][41.281s][info][gc,load     ] GC(387) Load: 0.56/0.39/0.25
[2026-06-18T16:37:23.632+0800][41.281s][info][gc,mmu      ] GC(387) MMU: 2ms/39.9%, 5ms/76.0%, 10ms/83.4%, 20ms/90.0%, 50ms/96.0%, 100ms/97.1%
[2026-06-18T16:37:23.633+0800][41.282s][info][gc,marking  ] GC(387) Mark: 2 stripe(s), 1 proactive flush(es), 1 terminate flush(es), 0 completion(s), 0 continuation(s) 
[2026-06-18T16:37:23.633+0800][41.282s][info][gc,reloc    ] GC(387) Relocation: Successful, 23M relocated
[2026-06-18T16:37:23.634+0800][41.283s][info][gc,nmethod  ] GC(387) NMethods: 25 registered, 0 unregistered
[2026-06-18T16:37:23.634+0800][41.283s][info][gc,metaspace] GC(387) Metaspace: 3M used, 4M capacity, 4M committed, 8M reserved
[2026-06-18T16:37:23.635+0800][41.284s][info][gc,ref      ] GC(387) Soft: 43 encountered, 0 discovered, 0 enqueued
[2026-06-18T16:37:23.635+0800][41.284s][info][gc,ref      ] GC(387) Weak: 7 encountered, 2 discovered, 0 enqueued
[2026-06-18T16:37:23.635+0800][41.285s][info][gc,ref      ] GC(387) Final: 0 encountered, 0 discovered, 0 enqueued
[2026-06-18T16:37:23.636+0800][41.285s][info][gc,ref      ] GC(387) Phantom: 1 encountered, 1 discovered, 0 enqueued
[2026-06-18T16:37:23.636+0800][41.285s][info][gc,heap     ] GC(387)                Mark Start          Mark End        Relocate Start      Relocate End           High               Low         
[2026-06-18T16:37:23.636+0800][41.286s][info][gc,heap     ] GC(387)  Capacity:      256M (100%)        256M (100%)        256M (100%)        256M (100%)        256M (100%)        256M (100%)   
[2026-06-18T16:37:23.636+0800][41.286s][info][gc,heap     ] GC(387)   Reserve:       62M (24%)          62M (24%)          62M (24%)          62M (24%)          62M (24%)          62M (24%)    
[2026-06-18T16:37:23.637+0800][41.286s][info][gc,heap     ] GC(387)      Free:      114M (45%)         114M (45%)         138M (54%)         146M (57%)         146M (57%)         110M (43%)    
[2026-06-18T16:37:23.637+0800][41.286s][info][gc,heap     ] GC(387)      Used:       80M (31%)          80M (31%)          56M (22%)          48M (19%)          84M (33%)          48M (19%)    
[2026-06-18T16:37:23.637+0800][41.287s][info][gc,heap     ] GC(387)      Live:         -                25M (10%)          25M (10%)          25M (10%)            -                  -          
[2026-06-18T16:37:23.638+0800][41.287s][info][gc,heap     ] GC(387) Allocated:         -                 0M (0%)            4M (2%)           10M (4%)             -                  -          
[2026-06-18T16:37:23.638+0800][41.287s][info][gc,heap     ] GC(387)   Garbage:         -                54M (21%)          26M (10%)          18M (7%)             -                  -          
[2026-06-18T16:37:23.638+0800][41.287s][info][gc,heap     ] GC(387) Reclaimed:         -                  -                28M (11%)          36M (14%)            -                  -          
[2026-06-18T16:37:23.638+0800][41.288s][info][gc          ] GC(387) Garbage Collection (Allocation Rate) 80M(31%)->48M(19%)
[2026-06-18T16:37:23.714+0800][41.363s][info][gc,start    ] GC(388) Garbage Collection (Allocation Rate)
[2026-06-18T16:37:23.716+0800][41.366s][info][gc,phases   ] GC(388) Pause Mark Start 0.700ms
[2026-06-18T16:37:23.720+0800][41.369s][info][gc,phases   ] GC(388) Concurrent Mark 1.917ms
[2026-06-18T16:37:23.721+0800][41.371s][info][gc,phases   ] GC(388) Pause Mark End 0.471ms
[2026-06-18T16:37:23.723+0800][41.372s][info][gc,phases   ] GC(388) Concurrent Process Non-Strong References 0.367ms
[2026-06-18T16:37:23.724+0800][41.373s][info][gc,phases   ] GC(388) Concurrent Reset Relocation Set 0.002ms
[2026-06-18T16:37:23.724+0800][41.374s][info][gc,phases   ] GC(388) Concurrent Destroy Detached Pages 0.001ms
[2026-06-18T16:37:23.726+0800][41.375s][info][gc,phases   ] GC(388) Concurrent Select Relocation Set 0.823ms
[2026-06-18T16:37:23.726+0800][41.376s][info][gc,phases   ] GC(388) Concurrent Prepare Relocation Set 0.011ms
[2026-06-18T16:37:23.727+0800][41.376s][info][gc,phases   ] GC(388) Pause Relocate Start 0.172ms
[2026-06-18T16:37:23.729+0800][41.379s][info][gc,phases   ] GC(388) Concurrent Relocate 1.712ms
[2026-06-18T16:37:23.730+0800][41.380s][info][gc,load     ] GC(388) Load: 0.56/0.39/0.25
[2026-06-18T16:37:23.731+0800][41.380s][info][gc,mmu      ] GC(388) MMU: 2ms/39.9%, 5ms/76.0%, 10ms/83.4%, 20ms/90.0%, 50ms/96.0%, 100ms/97.1%
[2026-06-18T16:37:23.731+0800][41.381s][info][gc,marking  ] GC(388) Mark: 2 stripe(s), 1 proactive flush(es), 1 terminate flush(es), 0 completion(s), 0 continuation(s) 
[2026-06-18T16:37:23.732+0800][41.381s][info][gc,reloc    ] GC(388) Relocation: Successful, 21M relocated
[2026-06-18T16:37:23.732+0800][41.381s][info][gc,nmethod  ] GC(388) NMethods: 25 registered, 0 unregistered
[2026-06-18T16:37:23.733+0800][41.382s][info][gc,metaspace] GC(388) Metaspace: 3M used, 4M capacity, 4M committed, 8M reserved
[2026-06-18T16:37:23.733+0800][41.382s][info][gc,ref      ] GC(388) Soft: 43 encountered, 0 discovered, 0 enqueued
[2026-06-18T16:37:23.733+0800][41.383s][info][gc,ref      ] GC(388) Weak: 7 encountered, 2 discovered, 0 enqueued
[2026-06-18T16:37:23.733+0800][41.383s][info][gc,ref      ] GC(388) Final: 0 encountered, 0 discovered, 0 enqueued
[2026-06-18T16:37:23.734+0800][41.383s][info][gc,ref      ] GC(388) Phantom: 1 encountered, 1 discovered, 0 enqueued
[2026-06-18T16:37:23.734+0800][41.383s][info][gc,heap     ] GC(388)                Mark Start          Mark End        Relocate Start      Relocate End           High               Low         
[2026-06-18T16:37:23.735+0800][41.384s][info][gc,heap     ] GC(388)  Capacity:      256M (100%)        256M (100%)        256M (100%)        256M (100%)        256M (100%)        256M (100%)   
[2026-06-18T16:37:23.735+0800][41.384s][info][gc,heap     ] GC(388)   Reserve:       62M (24%)          62M (24%)          62M (24%)          62M (24%)          62M (24%)          62M (24%)    
[2026-06-18T16:37:23.735+0800][41.385s][info][gc,heap     ] GC(388)      Free:       82M (32%)          78M (30%)         108M (42%)         144M (56%)         146M (57%)          70M (27%)    
[2026-06-18T16:37:23.736+0800][41.385s][info][gc,heap     ] GC(388)      Used:      112M (44%)         116M (45%)          86M (34%)          50M (20%)         124M (48%)          48M (19%)    
[2026-06-18T16:37:23.736+0800][41.385s][info][gc,heap     ] GC(388)      Live:         -                21M (9%)           21M (9%)           21M (9%)             -                  -          
[2026-06-18T16:37:23.736+0800][41.385s][info][gc,heap     ] GC(388) Allocated:         -                 4M (2%)            4M (2%)           46M (18%)            -                  -          
[2026-06-18T16:37:23.736+0800][41.385s][info][gc,heap     ] GC(388)   Garbage:         -                90M (35%)          60M (23%)          22M (9%)             -                  -          
[2026-06-18T16:37:23.736+0800][41.386s][info][gc,heap     ] GC(388) Reclaimed:         -                  -                30M (12%)          68M (27%)            -                  -          
[2026-06-18T16:37:23.737+0800][41.386s][info][gc          ] GC(388) Garbage Collection (Allocation Rate) 112M(44%)->50M(20%)
[2026-06-18T16:37:23.814+0800][41.463s][info][gc,start    ] GC(389) Garbage Collection (Allocation Rate)
[2026-06-18T16:37:23.817+0800][41.466s][info][gc,phases   ] GC(389) Pause Mark Start 0.480ms
[2026-06-18T16:37:23.821+0800][41.470s][info][gc,phases   ] GC(389) Concurrent Mark 2.375ms
[2026-06-18T16:37:23.824+0800][41.473s][info][gc,phases   ] GC(389) Pause Mark End 0.798ms
[2026-06-18T16:37:23.825+0800][41.474s][info][gc,phases   ] GC(389) Concurrent Process Non-Strong References 0.308ms
[2026-06-18T16:37:23.826+0800][41.475s][info][gc,phases   ] GC(389) Concurrent Reset Relocation Set 0.004ms
[2026-06-18T16:37:23.826+0800][41.476s][info][gc,phases   ] GC(389) Concurrent Destroy Detached Pages 0.001ms
[2026-06-18T16:37:23.828+0800][41.477s][info][gc,phases   ] GC(389) Concurrent Select Relocation Set 0.912ms
[2026-06-18T16:37:23.829+0800][41.478s][info][gc,phases   ] GC(389) Concurrent Prepare Relocation Set 0.004ms
[2026-06-18T16:37:23.830+0800][41.479s][info][gc,phases   ] GC(389) Pause Relocate Start 0.247ms
[2026-06-18T16:37:23.831+0800][41.480s][info][gc,phases   ] GC(389) Concurrent Relocate 0.425ms
[2026-06-18T16:37:23.831+0800][41.480s][info][gc,load     ] GC(389) Load: 0.56/0.39/0.25
[2026-06-18T16:37:23.832+0800][41.481s][info][gc,mmu      ] GC(389) MMU: 2ms/39.9%, 5ms/76.0%, 10ms/83.4%, 20ms/90.0%, 50ms/96.0%, 100ms/97.1%
[2026-06-18T16:37:23.832+0800][41.482s][info][gc,marking  ] GC(389) Mark: 2 stripe(s), 1 proactive flush(es), 1 terminate flush(es), 0 completion(s), 0 continuation(s) 
[2026-06-18T16:37:23.833+0800][41.482s][info][gc,reloc    ] GC(389) Relocation: Successful, 26M relocated
[2026-06-18T16:37:23.833+0800][41.482s][info][gc,nmethod  ] GC(389) NMethods: 25 registered, 0 unregistered
[2026-06-18T16:37:23.833+0800][41.483s][info][gc,metaspace] GC(389) Metaspace: 3M used, 4M capacity, 4M committed, 8M reserved
[2026-06-18T16:37:23.834+0800][41.483s][info][gc,ref      ] GC(389) Soft: 43 encountered, 0 discovered, 0 enqueued
[2026-06-18T16:37:23.834+0800][41.483s][info][gc,ref      ] GC(389) Weak: 7 encountered, 2 discovered, 0 enqueued
[2026-06-18T16:37:23.834+0800][41.484s][info][gc,ref      ] GC(389) Final: 0 encountered, 0 discovered, 0 enqueued
[2026-06-18T16:37:23.835+0800][41.484s][info][gc,ref      ] GC(389) Phantom: 1 encountered, 1 discovered, 0 enqueued
[2026-06-18T16:37:23.835+0800][41.484s][info][gc,heap     ] GC(389)                Mark Start          Mark End        Relocate Start      Relocate End           High               Low         
[2026-06-18T16:37:23.835+0800][41.485s][info][gc,heap     ] GC(389)  Capacity:      256M (100%)        256M (100%)        256M (100%)        256M (100%)        256M (100%)        256M (100%)   
[2026-06-18T16:37:23.836+0800][41.485s][info][gc,heap     ] GC(389)   Reserve:       62M (24%)          62M (24%)          62M (24%)          62M (24%)          62M (24%)          62M (24%)    
[2026-06-18T16:37:23.837+0800][41.486s][info][gc,heap     ] GC(389)      Free:      110M (43%)         110M (43%)         138M (54%)         146M (57%)         146M (57%)         106M (41%)    
[2026-06-18T16:37:23.841+0800][41.490s][info][gc,heap     ] GC(389)      Used:       84M (33%)          84M (33%)          56M (22%)          48M (19%)          88M (34%)          48M (19%)    
[2026-06-18T16:37:23.843+0800][41.492s][info][gc,heap     ] GC(389)      Live:         -                28M (11%)          28M (11%)          28M (11%)            -                  -          
[2026-06-18T16:37:23.846+0800][41.495s][info][gc,heap     ] GC(389) Allocated:         -                 0M (0%)            4M (2%)           12M (5%)             -                  -          
[2026-06-18T16:37:23.849+0800][41.498s][info][gc,heap     ] GC(389)   Garbage:         -                55M (22%)          23M (9%)           15M (6%)             -                  -          
[2026-06-18T16:37:23.851+0800][41.500s][info][gc,heap     ] GC(389) Reclaimed:         -                  -                32M (12%)          40M (16%)            -                  -          
[2026-06-18T16:37:23.851+0800][41.501s][info][gc          ] GC(389) Garbage Collection (Allocation Rate) 84M(33%)->48M(19%)
[2026-06-18T16:37:23.914+0800][41.563s][info][gc,start    ] GC(390) Garbage Collection (Allocation Rate)
[2026-06-18T16:37:23.918+0800][41.567s][info][gc,phases   ] GC(390) Pause Mark Start 0.375ms
[2026-06-18T16:37:23.922+0800][41.571s][info][gc,phases   ] GC(390) Concurrent Mark 1.934ms
[2026-06-18T16:37:23.925+0800][41.574s][info][gc,phases   ] GC(390) Pause Mark End 0.664ms
[2026-06-18T16:37:23.927+0800][41.577s][info][gc,phases   ] GC(390) Concurrent Process Non-Strong References 0.271ms
[2026-06-18T16:37:23.929+0800][41.579s][info][gc,phases   ] GC(390) Concurrent Reset Relocation Set 0.003ms
[2026-06-18T16:37:23.931+0800][41.580s][info][gc,phases   ] GC(390) Concurrent Destroy Detached Pages 0.001ms
[2026-06-18T16:37:23.934+0800][41.583s][info][gc,phases   ] GC(390) Concurrent Select Relocation Set 1.142ms
[2026-06-18T16:37:23.936+0800][41.585s][info][gc,phases   ] GC(390) Concurrent Prepare Relocation Set 0.014ms
[2026-06-18T16:37:23.938+0800][41.587s][info][gc,phases   ] GC(390) Pause Relocate Start 0.289ms
[2026-06-18T16:37:23.941+0800][41.591s][info][gc,phases   ] GC(390) Concurrent Relocate 2.115ms
[2026-06-18T16:37:23.943+0800][41.592s][info][gc,load     ] GC(390) Load: 0.56/0.39/0.25
[2026-06-18T16:37:23.944+0800][41.593s][info][gc,mmu      ] GC(390) MMU: 2ms/39.9%, 5ms/76.0%, 10ms/83.4%, 20ms/90.0%, 50ms/96.0%, 100ms/97.1%
[2026-06-18T16:37:23.945+0800][41.595s][info][gc,marking  ] GC(390) Mark: 2 stripe(s), 1 proactive flush(es), 1 terminate flush(es), 0 completion(s), 0 continuation(s) 
[2026-06-18T16:37:23.947+0800][41.596s][info][gc,reloc    ] GC(390) Relocation: Successful, 24M relocated
[2026-06-18T16:37:23.948+0800][41.597s][info][gc,nmethod  ] GC(390) NMethods: 25 registered, 0 unregistered
[2026-06-18T16:37:23.949+0800][41.598s][info][gc,metaspace] GC(390) Metaspace: 3M used, 4M capacity, 4M committed, 8M reserved
[2026-06-18T16:37:23.950+0800][41.599s][info][gc,ref      ] GC(390) Soft: 43 encountered, 0 discovered, 0 enqueued
[2026-06-18T16:37:23.951+0800][41.601s][info][gc,ref      ] GC(390) Weak: 7 encountered, 2 discovered, 0 enqueued
[2026-06-18T16:37:23.952+0800][41.602s][info][gc,ref      ] GC(390) Final: 0 encountered, 0 discovered, 0 enqueued
[2026-06-18T16:37:23.953+0800][41.603s][info][gc,ref      ] GC(390) Phantom: 1 encountered, 1 discovered, 0 enqueued
[2026-06-18T16:37:23.955+0800][41.604s][info][gc,heap     ] GC(390)                Mark Start          Mark End        Relocate Start      Relocate End           High               Low         
[2026-06-18T16:37:23.956+0800][41.605s][info][gc,heap     ] GC(390)  Capacity:      256M (100%)        256M (100%)        256M (100%)        256M (100%)        256M (100%)        256M (100%)   
[2026-06-18T16:37:23.957+0800][41.606s][info][gc,heap     ] GC(390)   Reserve:       62M (24%)          62M (24%)          62M (24%)          62M (24%)          62M (24%)          62M (24%)    
[2026-06-18T16:37:23.958+0800][41.607s][info][gc,heap     ] GC(390)      Free:       84M (33%)          80M (31%)          72M (28%)         144M (56%)         144M (56%)          44M (17%)    
[2026-06-18T16:37:23.959+0800][41.608s][info][gc,heap     ] GC(390)      Used:      110M (43%)         114M (45%)         122M (48%)          50M (20%)         150M (59%)          50M (20%)    
[2026-06-18T16:37:23.960+0800][41.609s][info][gc,heap     ] GC(390)      Live:         -                24M (10%)          24M (10%)          24M (10%)            -                  -          
[2026-06-18T16:37:23.961+0800][41.610s][info][gc,heap     ] GC(390) Allocated:         -                 4M (2%)           40M (16%)          50M (20%)            -                  -          
[2026-06-18T16:37:23.962+0800][41.611s][info][gc,heap     ] GC(390)   Garbage:         -                85M (33%)          57M (22%)    17592186044401M (6         -                  -          
[2026-06-18T16:37:23.964+0800][41.613s][info][gc,heap     ] GC(390) Reclaimed:         -                  -                28M (11%)         100M (39%)            -                  -          
[2026-06-18T16:37:23.965+0800][41.614s][info][gc          ] GC(390) Garbage Collection (Allocation Rate) 110M(43%)->50M(20%)
[2026-06-18T16:37:24.014+0800][41.663s][info][gc,start    ] GC(391) Garbage Collection (Allocation Rate)
[2026-06-18T16:37:24.017+0800][41.666s][info][gc,phases   ] GC(391) Pause Mark Start 0.468ms
[2026-06-18T16:37:24.021+0800][41.670s][info][gc,phases   ] GC(391) Concurrent Mark 2.147ms
[2026-06-18T16:37:24.024+0800][41.673s][info][gc,phases   ] GC(391) Pause Mark End 0.686ms
[2026-06-18T16:37:24.025+0800][41.675s][info][gc,phases   ] GC(391) Concurrent Process Non-Strong References 0.523ms
[2026-06-18T16:37:24.026+0800][41.676s][info][gc,phases   ] GC(391) Concurrent Reset Relocation Set 0.004ms
[2026-06-18T16:37:24.027+0800][41.677s][info][gc,phases   ] GC(391) Concurrent Destroy Detached Pages 0.001ms
[2026-06-18T16:37:24.029+0800][41.678s][info][gc,phases   ] GC(391) Concurrent Select Relocation Set 1.037ms
[2026-06-18T16:37:24.030+0800][41.679s][info][gc,phases   ] GC(391) Concurrent Prepare Relocation Set 0.005ms
[2026-06-18T16:37:24.031+0800][41.680s][info][gc,phases   ] GC(391) Pause Relocate Start 0.228ms
[2026-06-18T16:37:24.032+0800][41.681s][info][gc,phases   ] GC(391) Concurrent Relocate 0.310ms
[2026-06-18T16:37:24.033+0800][41.682s][info][gc,load     ] GC(391) Load: 0.56/0.39/0.25
[2026-06-18T16:37:24.033+0800][41.682s][info][gc,mmu      ] GC(391) MMU: 2ms/39.9%, 5ms/76.0%, 10ms/83.4%, 20ms/90.0%, 50ms/96.0%, 100ms/97.1%
[2026-06-18T16:37:24.033+0800][41.683s][info][gc,marking  ] GC(391) Mark: 2 stripe(s), 2 proactive flush(es), 1 terminate flush(es), 0 completion(s), 0 continuation(s) 
[2026-06-18T16:37:24.034+0800][41.683s][info][gc,reloc    ] GC(391) Relocation: Successful, 22M relocated
[2026-06-18T16:37:24.034+0800][41.684s][info][gc,nmethod  ] GC(391) NMethods: 25 registered, 0 unregistered
[2026-06-18T16:37:24.035+0800][41.684s][info][gc,metaspace] GC(391) Metaspace: 3M used, 4M capacity, 4M committed, 8M reserved
[2026-06-18T16:37:24.035+0800][41.684s][info][gc,ref      ] GC(391) Soft: 43 encountered, 0 discovered, 0 enqueued
[2026-06-18T16:37:24.036+0800][41.685s][info][gc,ref      ] GC(391) Weak: 7 encountered, 2 discovered, 0 enqueued
[2026-06-18T16:37:24.036+0800][41.685s][info][gc,ref      ] GC(391) Final: 0 encountered, 0 discovered, 0 enqueued
[2026-06-18T16:37:24.036+0800][41.685s][info][gc,ref      ] GC(391) Phantom: 1 encountered, 1 discovered, 0 enqueued
[2026-06-18T16:37:24.036+0800][41.686s][info][gc,heap     ] GC(391)                Mark Start          Mark End        Relocate Start      Relocate End           High               Low         
[2026-06-18T16:37:24.037+0800][41.686s][info][gc,heap     ] GC(391)  Capacity:      256M (100%)        256M (100%)        256M (100%)        256M (100%)        256M (100%)        256M (100%)   
[2026-06-18T16:37:24.037+0800][41.686s][info][gc,heap     ] GC(391)   Reserve:       62M (24%)          62M (24%)          62M (24%)          62M (24%)          62M (24%)          62M (24%)    
[2026-06-18T16:37:24.037+0800][41.687s][info][gc,heap     ] GC(391)      Free:      118M (46%)         114M (45%)         104M (41%)         114M (45%)         140M (55%)         100M (39%)    
[2026-06-18T16:37:24.038+0800][41.687s][info][gc,heap     ] GC(391)      Used:       76M (30%)          80M (31%)          90M (35%)          80M (31%)          94M (37%)          54M (21%)    
[2026-06-18T16:37:24.038+0800][41.687s][info][gc,heap     ] GC(391)      Live:         -                22M (9%)           22M (9%)           22M (9%)             -                  -          
[2026-06-18T16:37:24.038+0800][41.687s][info][gc,heap     ] GC(391) Allocated:         -                 4M (2%)           40M (16%)          46M (18%)            -                  -          
[2026-06-18T16:37:24.038+0800][41.688s][info][gc,heap     ] GC(391)   Garbage:         -                53M (21%)          27M (11%)          17M (7%)             -                  -          
[2026-06-18T16:37:24.039+0800][41.688s][info][gc,heap     ] GC(391) Reclaimed:         -                  -                26M (10%)          36M (14%)            -                  -          
[2026-06-18T16:37:24.039+0800][41.688s][info][gc          ] GC(391) Garbage Collection (Allocation Rate) 76M(30%)->80M(31%)
[2026-06-18T16:37:24.114+0800][41.763s][info][gc,start    ] GC(392) Garbage Collection (Allocation Rate)
[2026-06-18T16:37:24.123+0800][41.773s][info][gc,phases   ] GC(392) Pause Mark Start 0.174ms
[2026-06-18T16:37:24.125+0800][41.775s][info][gc,phases   ] GC(392) Concurrent Mark 1.504ms
[2026-06-18T16:37:24.128+0800][41.777s][info][gc,phases   ] GC(392) Pause Mark End 0.343ms
[2026-06-18T16:37:24.131+0800][41.780s][info][gc,phases   ] GC(392) Concurrent Process Non-Strong References 0.061ms
[2026-06-18T16:37:24.134+0800][41.783s][info][gc,phases   ] GC(392) Concurrent Reset Relocation Set 0.003ms
[2026-06-18T16:37:24.137+0800][41.787s][info][gc,phases   ] GC(392) Concurrent Destroy Detached Pages 0.001ms
[2026-06-18T16:37:24.138+0800][41.788s][info][gc,phases   ] GC(392) Concurrent Select Relocation Set 0.454ms
[2026-06-18T16:37:24.151+0800][41.800s][info][gc,phases   ] GC(392) Concurrent Prepare Relocation Set 0.012ms
[2026-06-18T16:37:24.156+0800][41.805s][info][gc,phases   ] GC(392) Pause Relocate Start 0.165ms
[2026-06-18T16:37:24.164+0800][41.813s][info][gc,phases   ] GC(392) Concurrent Relocate 2.066ms
[2026-06-18T16:37:24.176+0800][41.826s][info][gc,load     ] GC(392) Load: 0.56/0.39/0.25
[2026-06-18T16:37:24.178+0800][41.827s][info][gc,mmu      ] GC(392) MMU: 2ms/39.9%, 5ms/76.0%, 10ms/83.4%, 20ms/90.0%, 50ms/96.0%, 100ms/97.1%
[2026-06-18T16:37:24.182+0800][41.832s][info][gc,marking  ] GC(392) Mark: 2 stripe(s), 2 proactive flush(es), 1 terminate flush(es), 0 completion(s), 0 continuation(s) 
[2026-06-18T16:37:24.183+0800][41.833s][info][gc,reloc    ] GC(392) Relocation: Successful, 27M relocated
[2026-06-18T16:37:24.189+0800][41.838s][info][gc,nmethod  ] GC(392) NMethods: 25 registered, 0 unregistered
[2026-06-18T16:37:24.192+0800][41.841s][info][gc,metaspace] GC(392) Metaspace: 3M used, 4M capacity, 4M committed, 8M reserved
[2026-06-18T16:37:24.194+0800][41.844s][info][gc,ref      ] GC(392) Soft: 43 encountered, 0 discovered, 0 enqueued
[2026-06-18T16:37:24.195+0800][41.845s][info][gc,ref      ] GC(392) Weak: 7 encountered, 2 discovered, 0 enqueued
[2026-06-18T16:37:24.196+0800][41.845s][info][gc,ref      ] GC(392) Final: 0 encountered, 0 discovered, 0 enqueued
[2026-06-18T16:37:24.196+0800][41.845s][info][gc,ref      ] GC(392) Phantom: 1 encountered, 1 discovered, 0 enqueued
[2026-06-18T16:37:24.196+0800][41.846s][info][gc,heap     ] GC(392)                Mark Start          Mark End        Relocate Start      Relocate End           High               Low         
[2026-06-18T16:37:24.197+0800][41.846s][info][gc,heap     ] GC(392)  Capacity:      256M (100%)        256M (100%)        256M (100%)        256M (100%)        256M (100%)        256M (100%)   
[2026-06-18T16:37:24.197+0800][41.846s][info][gc,heap     ] GC(392)   Reserve:       62M (24%)          62M (24%)          62M (24%)          62M (24%)          62M (24%)          62M (24%)    
[2026-06-18T16:37:24.197+0800][41.847s][info][gc,heap     ] GC(392)      Free:       82M (32%)          44M (17%)          66M (26%)         132M (52%)         132M (52%)          40M (16%)    
[2026-06-18T16:37:24.198+0800][41.847s][info][gc,heap     ] GC(392)      Used:      112M (44%)         150M (59%)         128M (50%)          62M (24%)         154M (60%)          62M (24%)    
[2026-06-18T16:37:24.198+0800][41.847s][info][gc,heap     ] GC(392)      Live:         -                27M (11%)          27M (11%)          27M (11%)            -                  -          
[2026-06-18T16:37:24.198+0800][41.847s][info][gc,heap     ] GC(392) Allocated:         -                38M (15%)          50M (20%)          62M (24%)            -                  -          
[2026-06-18T16:37:24.198+0800][41.848s][info][gc,heap     ] GC(392)   Garbage:         -                84M (33%)          50M (20%)    17592186044400M (6         -                  -          
[2026-06-18T16:37:24.199+0800][41.848s][info][gc,heap     ] GC(392) Reclaimed:         -                  -                34M (13%)         100M (39%)            -                  -          
[2026-06-18T16:37:24.199+0800][41.848s][info][gc          ] GC(392) Garbage Collection (Allocation Rate) 112M(44%)->62M(24%)
[2026-06-18T16:37:24.214+0800][41.863s][info][gc,start    ] GC(393) Garbage Collection (Allocation Rate)
[2026-06-18T16:37:24.215+0800][41.864s][info][gc,phases   ] GC(393) Pause Mark Start 0.175ms
[2026-06-18T16:37:24.217+0800][41.866s][info][gc,phases   ] GC(393) Concurrent Mark 1.448ms
[2026-06-18T16:37:24.219+0800][41.868s][info][gc,phases   ] GC(393) Pause Mark End 0.346ms
[2026-06-18T16:37:24.219+0800][41.869s][info][gc,phases   ] GC(393) Concurrent Process Non-Strong References 0.108ms
[2026-06-18T16:37:24.220+0800][41.869s][info][gc,phases   ] GC(393) Concurrent Reset Relocation Set 0.002ms
[2026-06-18T16:37:24.220+0800][41.869s][info][gc,phases   ] GC(393) Concurrent Destroy Detached Pages 0.001ms
[2026-06-18T16:37:24.221+0800][41.870s][info][gc,phases   ] GC(393) Concurrent Select Relocation Set 0.516ms
[2026-06-18T16:37:24.221+0800][41.871s][info][gc,phases   ] GC(393) Concurrent Prepare Relocation Set 0.005ms
[2026-06-18T16:37:24.222+0800][41.871s][info][gc,phases   ] GC(393) Pause Relocate Start 0.142ms
[2026-06-18T16:37:24.222+0800][41.872s][info][gc,phases   ] GC(393) Concurrent Relocate 0.333ms
[2026-06-18T16:37:24.223+0800][41.872s][info][gc,load     ] GC(393) Load: 0.56/0.39/0.25
[2026-06-18T16:37:24.223+0800][41.872s][info][gc,mmu      ] GC(393) MMU: 2ms/39.9%, 5ms/76.0%, 10ms/83.4%, 20ms/90.0%, 50ms/96.0%, 100ms/97.1%
[2026-06-18T16:37:24.223+0800][41.873s][info][gc,marking  ] GC(393) Mark: 2 stripe(s), 1 proactive flush(es), 1 terminate flush(es), 0 completion(s), 0 continuation(s) 
[2026-06-18T16:37:24.224+0800][41.873s][info][gc,reloc    ] GC(393) Relocation: Successful, 24M relocated
[2026-06-18T16:37:24.224+0800][41.874s][info][gc,nmethod  ] GC(393) NMethods: 25 registered, 0 unregistered
[2026-06-18T16:37:24.225+0800][41.874s][info][gc,metaspace] GC(393) Metaspace: 3M used, 4M capacity, 4M committed, 8M reserved
[2026-06-18T16:37:24.225+0800][41.874s][info][gc,ref      ] GC(393) Soft: 43 encountered, 0 discovered, 0 enqueued
[2026-06-18T16:37:24.225+0800][41.874s][info][gc,ref      ] GC(393) Weak: 7 encountered, 2 discovered, 0 enqueued
[2026-06-18T16:37:24.225+0800][41.875s][info][gc,ref      ] GC(393) Final: 0 encountered, 0 discovered, 0 enqueued
[2026-06-18T16:37:24.226+0800][41.875s][info][gc,ref      ] GC(393) Phantom: 1 encountered, 1 discovered, 0 enqueued
[2026-06-18T16:37:24.226+0800][41.875s][info][gc,heap     ] GC(393)                Mark Start          Mark End        Relocate Start      Relocate End           High               Low         
[2026-06-18T16:37:24.226+0800][41.875s][info][gc,heap     ] GC(393)  Capacity:      256M (100%)        256M (100%)        256M (100%)        256M (100%)        256M (100%)        256M (100%)   
[2026-06-18T16:37:24.226+0800][41.875s][info][gc,heap     ] GC(393)   Reserve:       62M (24%)          62M (24%)          62M (24%)          62M (24%)          62M (24%)          62M (24%)    
[2026-06-18T16:37:24.226+0800][41.876s][info][gc,heap     ] GC(393)      Free:      114M (45%)          76M (30%)         106M (41%)         114M (45%)         114M (45%)          76M (30%)    
[2026-06-18T16:37:24.227+0800][41.876s][info][gc,heap     ] GC(393)      Used:       80M (31%)         118M (46%)          88M (34%)          80M (31%)         118M (46%)          80M (31%)    
[2026-06-18T16:37:24.227+0800][41.876s][info][gc,heap     ] GC(393)      Live:         -                25M (10%)          25M (10%)          25M (10%)            -                  -          
[2026-06-18T16:37:24.227+0800][41.876s][info][gc,heap     ] GC(393) Allocated:         -                38M (15%)          38M (15%)          44M (17%)            -                  -          
[2026-06-18T16:37:24.227+0800][41.876s][info][gc,heap     ] GC(393)   Garbage:         -                54M (21%)          24M (9%)           16M (6%)             -                  -          
[2026-06-18T16:37:24.227+0800][41.877s][info][gc,heap     ] GC(393) Reclaimed:         -                  -                30M (12%)          38M (15%)            -                  -          
[2026-06-18T16:37:24.228+0800][41.877s][info][gc          ] GC(393) Garbage Collection (Allocation Rate) 80M(31%)->80M(31%)
[2026-06-18T16:37:24.313+0800][41.962s][info][gc,start    ] GC(394) Garbage Collection (Allocation Rate)
[2026-06-18T16:37:24.315+0800][41.964s][info][gc,phases   ] GC(394) Pause Mark Start 0.167ms
[2026-06-18T16:37:24.317+0800][41.967s][info][gc,phases   ] GC(394) Concurrent Mark 1.497ms
[2026-06-18T16:37:24.319+0800][41.968s][info][gc,phases   ] GC(394) Pause Mark End 0.251ms
[2026-06-18T16:37:24.320+0800][41.969s][info][gc,phases   ] GC(394) Concurrent Process Non-Strong References 0.115ms
[2026-06-18T16:37:24.321+0800][41.971s][info][gc,phases   ] GC(394) Concurrent Reset Relocation Set 0.002ms
[2026-06-18T16:37:24.322+0800][41.972s][info][gc,phases   ] GC(394) Concurrent Destroy Detached Pages 0.001ms
[2026-06-18T16:37:24.324+0800][41.973s][info][gc,phases   ] GC(394) Concurrent Select Relocation Set 0.471ms
[2026-06-18T16:37:24.325+0800][41.974s][info][gc,phases   ] GC(394) Concurrent Prepare Relocation Set 0.010ms
[2026-06-18T16:37:24.326+0800][41.975s][info][gc,phases   ] GC(394) Pause Relocate Start 0.160ms
[2026-06-18T16:37:24.328+0800][41.977s][info][gc,phases   ] GC(394) Concurrent Relocate 1.103ms
[2026-06-18T16:37:24.329+0800][41.978s][info][gc,load     ] GC(394) Load: 0.56/0.39/0.25
[2026-06-18T16:37:24.330+0800][41.979s][info][gc,mmu      ] GC(394) MMU: 2ms/39.9%, 5ms/76.0%, 10ms/83.4%, 20ms/90.0%, 50ms/96.0%, 100ms/97.1%
[2026-06-18T16:37:24.330+0800][41.979s][info][gc,marking  ] GC(394) Mark: 2 stripe(s), 1 proactive flush(es), 1 terminate flush(es), 0 completion(s), 0 continuation(s) 
[2026-06-18T16:37:24.330+0800][41.980s][info][gc,reloc    ] GC(394) Relocation: Successful, 18M relocated
[2026-06-18T16:37:24.331+0800][41.981s][info][gc,nmethod  ] GC(394) NMethods: 25 registered, 0 unregistered
[2026-06-18T16:37:24.332+0800][41.981s][info][gc,metaspace] GC(394) Metaspace: 3M used, 4M capacity, 4M committed, 8M reserved
[2026-06-18T16:37:24.333+0800][41.982s][info][gc,ref      ] GC(394) Soft: 43 encountered, 0 discovered, 0 enqueued
[2026-06-18T16:37:24.334+0800][41.983s][info][gc,ref      ] GC(394) Weak: 7 encountered, 2 discovered, 0 enqueued
[2026-06-18T16:37:24.335+0800][41.984s][info][gc,ref      ] GC(394) Final: 0 encountered, 0 discovered, 0 enqueued
[2026-06-18T16:37:24.336+0800][41.985s][info][gc,ref      ] GC(394) Phantom: 1 encountered, 0 discovered, 0 enqueued
[2026-06-18T16:37:24.336+0800][41.986s][info][gc,heap     ] GC(394)                Mark Start          Mark End        Relocate Start      Relocate End           High               Low         
[2026-06-18T16:37:24.337+0800][41.987s][info][gc,heap     ] GC(394)  Capacity:      256M (100%)        256M (100%)        256M (100%)        256M (100%)        256M (100%)        256M (100%)   
[2026-06-18T16:37:24.338+0800][41.987s][info][gc,heap     ] GC(394)   Reserve:       62M (24%)          62M (24%)          62M (24%)          62M (24%)          62M (24%)          62M (24%)    
[2026-06-18T16:37:24.339+0800][41.988s][info][gc,heap     ] GC(394)      Free:       78M (30%)          78M (30%)         104M (41%)         146M (57%)         146M (57%)          66M (26%)    
[2026-06-18T16:37:24.340+0800][41.989s][info][gc,heap     ] GC(394)      Used:      116M (45%)         116M (45%)          90M (35%)          48M (19%)         128M (50%)          48M (19%)    
[2026-06-18T16:37:24.340+0800][41.990s][info][gc,heap     ] GC(394)      Live:         -                18M (7%)           18M (7%)           18M (7%)             -                  -          
[2026-06-18T16:37:24.341+0800][41.991s][info][gc,heap     ] GC(394) Allocated:         -                 0M (0%)            4M (2%)           44M (17%)            -                  -          
[2026-06-18T16:37:24.342+0800][41.991s][info][gc,heap     ] GC(394)   Garbage:         -                97M (38%)          67M (26%)          25M (10%)            -                  -          
[2026-06-18T16:37:24.343+0800][41.992s][info][gc,heap     ] GC(394) Reclaimed:         -                  -                30M (12%)          72M (28%)            -                  -          
[2026-06-18T16:37:24.344+0800][41.993s][info][gc          ] GC(394) Garbage Collection (Allocation Rate) 116M(45%)->48M(19%)
[2026-06-18T16:37:24.413+0800][42.062s][info][gc,start    ] GC(395) Garbage Collection (Allocation Rate)
[2026-06-18T16:37:24.420+0800][42.070s][info][gc,phases   ] GC(395) Pause Mark Start 0.228ms
[2026-06-18T16:37:24.423+0800][42.072s][info][gc,phases   ] GC(395) Concurrent Mark 1.544ms
[2026-06-18T16:37:24.424+0800][42.073s][info][gc,phases   ] GC(395) Pause Mark End 0.310ms
[2026-06-18T16:37:24.425+0800][42.074s][info][gc,phases   ] GC(395) Concurrent Process Non-Strong References 0.122ms
[2026-06-18T16:37:24.425+0800][42.074s][info][gc,phases   ] GC(395) Concurrent Reset Relocation Set 0.003ms
[2026-06-18T16:37:24.425+0800][42.074s][info][gc,phases   ] GC(395) Concurrent Destroy Detached Pages 0.001ms
[2026-06-18T16:37:24.426+0800][42.075s][info][gc,phases   ] GC(395) Concurrent Select Relocation Set 0.477ms
[2026-06-18T16:37:24.426+0800][42.076s][info][gc,phases   ] GC(395) Concurrent Prepare Relocation Set 0.006ms
[2026-06-18T16:37:24.427+0800][42.076s][info][gc,phases   ] GC(395) Pause Relocate Start 0.130ms
[2026-06-18T16:37:24.428+0800][42.077s][info][gc,phases   ] GC(395) Concurrent Relocate 0.526ms
[2026-06-18T16:37:24.428+0800][42.078s][info][gc,load     ] GC(395) Load: 0.56/0.39/0.25
[2026-06-18T16:37:24.429+0800][42.078s][info][gc,mmu      ] GC(395) MMU: 2ms/39.9%, 5ms/76.0%, 10ms/83.4%, 20ms/90.0%, 50ms/96.0%, 100ms/97.1%
[2026-06-18T16:37:24.429+0800][42.078s][info][gc,marking  ] GC(395) Mark: 2 stripe(s), 1 proactive flush(es), 1 terminate flush(es), 0 completion(s), 0 continuation(s) 
[2026-06-18T16:37:24.429+0800][42.078s][info][gc,reloc    ] GC(395) Relocation: Successful, 21M relocated
[2026-06-18T16:37:24.429+0800][42.079s][info][gc,nmethod  ] GC(395) NMethods: 25 registered, 0 unregistered
[2026-06-18T16:37:24.430+0800][42.079s][info][gc,metaspace] GC(395) Metaspace: 3M used, 4M capacity, 4M committed, 8M reserved
[2026-06-18T16:37:24.430+0800][42.079s][info][gc,ref      ] GC(395) Soft: 43 encountered, 0 discovered, 0 enqueued
[2026-06-18T16:37:24.430+0800][42.079s][info][gc,ref      ] GC(395) Weak: 7 encountered, 2 discovered, 0 enqueued
[2026-06-18T16:37:24.430+0800][42.080s][info][gc,ref      ] GC(395) Final: 0 encountered, 0 discovered, 0 enqueued
[2026-06-18T16:37:24.431+0800][42.080s][info][gc,ref      ] GC(395) Phantom: 1 encountered, 1 discovered, 0 enqueued
[2026-06-18T16:37:24.431+0800][42.080s][info][gc,heap     ] GC(395)                Mark Start          Mark End        Relocate Start      Relocate End           High               Low         
[2026-06-18T16:37:24.431+0800][42.081s][info][gc,heap     ] GC(395)  Capacity:      256M (100%)        256M (100%)        256M (100%)        256M (100%)        256M (100%)        256M (100%)   
[2026-06-18T16:37:24.432+0800][42.081s][info][gc,heap     ] GC(395)   Reserve:       62M (24%)          62M (24%)          62M (24%)          62M (24%)          62M (24%)          62M (24%)    
[2026-06-18T16:37:24.432+0800][42.081s][info][gc,heap     ] GC(395)      Free:      110M (43%)         110M (43%)         140M (55%)         146M (57%)         146M (57%)         110M (43%)    
[2026-06-18T16:37:24.432+0800][42.081s][info][gc,heap     ] GC(395)      Used:       84M (33%)          84M (33%)          54M (21%)          48M (19%)          84M (33%)          48M (19%)    
[2026-06-18T16:37:24.432+0800][42.082s][info][gc,heap     ] GC(395)      Live:         -                23M (9%)           23M (9%)           23M (9%)             -                  -          
[2026-06-18T16:37:24.433+0800][42.082s][info][gc,heap     ] GC(395) Allocated:         -                 0M (0%)            4M (2%)           12M (5%)             -                  -          
[2026-06-18T16:37:24.433+0800][42.082s][info][gc,heap     ] GC(395)   Garbage:         -                60M (24%)          26M (10%)          20M (8%)             -                  -          
[2026-06-18T16:37:24.433+0800][42.082s][info][gc,heap     ] GC(395) Reclaimed:         -                  -                34M (13%)          40M (16%)            -                  -          
[2026-06-18T16:37:24.433+0800][42.083s][info][gc          ] GC(395) Garbage Collection (Allocation Rate) 84M(33%)->48M(19%)
[2026-06-18T16:37:24.513+0800][42.163s][info][gc,start    ] GC(396) Garbage Collection (Allocation Rate)
[2026-06-18T16:37:24.516+0800][42.166s][info][gc,phases   ] GC(396) Pause Mark Start 0.243ms
[2026-06-18T16:37:24.520+0800][42.169s][info][gc,phases   ] GC(396) Concurrent Mark 1.723ms
[2026-06-18T16:37:24.522+0800][42.172s][info][gc,phases   ] GC(396) Pause Mark End 0.540ms
[2026-06-18T16:37:24.526+0800][42.175s][info][gc,phases   ] GC(396) Concurrent Process Non-Strong References 0.182ms
[2026-06-18T16:37:24.530+0800][42.180s][info][gc,phases   ] GC(396) Concurrent Reset Relocation Set 0.003ms
[2026-06-18T16:37:24.531+0800][42.181s][info][gc,phases   ] GC(396) Concurrent Destroy Detached Pages 0.001ms
[2026-06-18T16:37:24.534+0800][42.183s][info][gc,phases   ] GC(396) Concurrent Select Relocation Set 0.608ms
[2026-06-18T16:37:24.536+0800][42.186s][info][gc,phases   ] GC(396) Concurrent Prepare Relocation Set 0.008ms
[2026-06-18T16:37:24.538+0800][42.187s][info][gc,phases   ] GC(396) Pause Relocate Start 0.215ms
[2026-06-18T16:37:24.540+0800][42.189s][info][gc,phases   ] GC(396) Concurrent Relocate 1.383ms
[2026-06-18T16:37:24.540+0800][42.190s][info][gc,load     ] GC(396) Load: 0.56/0.39/0.25
[2026-06-18T16:37:24.541+0800][42.190s][info][gc,mmu      ] GC(396) MMU: 2ms/39.9%, 5ms/76.0%, 10ms/83.4%, 20ms/90.0%, 50ms/96.0%, 100ms/97.1%
[2026-06-18T16:37:24.541+0800][42.190s][info][gc,marking  ] GC(396) Mark: 2 stripe(s), 1 proactive flush(es), 1 terminate flush(es), 0 completion(s), 0 continuation(s) 
[2026-06-18T16:37:24.541+0800][42.190s][info][gc,reloc    ] GC(396) Relocation: Successful, 20M relocated
[2026-06-18T16:37:24.541+0800][42.191s][info][gc,nmethod  ] GC(396) NMethods: 25 registered, 0 unregistered
[2026-06-18T16:37:24.542+0800][42.191s][info][gc,metaspace] GC(396) Metaspace: 3M used, 4M capacity, 4M committed, 8M reserved
[2026-06-18T16:37:24.542+0800][42.191s][info][gc,ref      ] GC(396) Soft: 43 encountered, 0 discovered, 0 enqueued
[2026-06-18T16:37:24.542+0800][42.192s][info][gc,ref      ] GC(396) Weak: 7 encountered, 2 discovered, 0 enqueued
[2026-06-18T16:37:24.543+0800][42.192s][info][gc,ref      ] GC(396) Final: 0 encountered, 0 discovered, 0 enqueued
[2026-06-18T16:37:24.543+0800][42.192s][info][gc,ref      ] GC(396) Phantom: 1 encountered, 1 discovered, 0 enqueued
[2026-06-18T16:37:24.543+0800][42.193s][info][gc,heap     ] GC(396)                Mark Start          Mark End        Relocate Start      Relocate End           High               Low         
[2026-06-18T16:37:24.543+0800][42.193s][info][gc,heap     ] GC(396)  Capacity:      256M (100%)        256M (100%)        256M (100%)        256M (100%)        256M (100%)        256M (100%)   
[2026-06-18T16:37:24.544+0800][42.193s][info][gc,heap     ] GC(396)   Reserve:       62M (24%)          62M (24%)          62M (24%)          62M (24%)          62M (24%)          62M (24%)    
[2026-06-18T16:37:24.544+0800][42.193s][info][gc,heap     ] GC(396)      Free:       84M (33%)          80M (31%)          70M (27%)         140M (55%)         140M (55%)          42M (16%)    
[2026-06-18T16:37:24.544+0800][42.193s][info][gc,heap     ] GC(396)      Used:      110M (43%)         114M (45%)         124M (48%)          54M (21%)         152M (59%)          54M (21%)    
[2026-06-18T16:37:24.544+0800][42.194s][info][gc,heap     ] GC(396)      Live:         -                20M (8%)           20M (8%)           20M (8%)             -                  -          
[2026-06-18T16:37:24.545+0800][42.194s][info][gc,heap     ] GC(396) Allocated:         -                 4M (2%)           42M (16%)          50M (20%)            -                  -          
[2026-06-18T16:37:24.545+0800][42.194s][info][gc,heap     ] GC(396)   Garbage:         -                89M (35%)          61M (24%)    17592186044407M (6         -                  -          
[2026-06-18T16:37:24.545+0800][42.195s][info][gc,heap     ] GC(396) Reclaimed:         -                  -                28M (11%)          98M (38%)            -                  -          
[2026-06-18T16:37:24.545+0800][42.195s][info][gc          ] GC(396) Garbage Collection (Allocation Rate) 110M(43%)->54M(21%)
[2026-06-18T16:37:24.613+0800][42.263s][info][gc,start    ] GC(397) Garbage Collection (Allocation Rate)
[2026-06-18T16:37:24.615+0800][42.264s][info][gc,phases   ] GC(397) Pause Mark Start 0.135ms
[2026-06-18T16:37:24.617+0800][42.266s][info][gc,phases   ] GC(397) Concurrent Mark 1.538ms
[2026-06-18T16:37:24.620+0800][42.269s][info][gc,phases   ] GC(397) Pause Mark End 0.241ms
[2026-06-18T16:37:24.621+0800][42.270s][info][gc,phases   ] GC(397) Concurrent Process Non-Strong References 0.049ms
[2026-06-18T16:37:24.621+0800][42.271s][info][gc,phases   ] GC(397) Concurrent Reset Relocation Set 0.003ms
[2026-06-18T16:37:24.622+0800][42.271s][info][gc,phases   ] GC(397) Concurrent Destroy Detached Pages 0.001ms
[2026-06-18T16:37:24.623+0800][42.273s][info][gc,phases   ] GC(397) Concurrent Select Relocation Set 0.710ms
[2026-06-18T16:37:24.624+0800][42.273s][info][gc,phases   ] GC(397) Concurrent Prepare Relocation Set 0.003ms
[2026-06-18T16:37:24.625+0800][42.274s][info][gc,phases   ] GC(397) Pause Relocate Start 0.122ms
[2026-06-18T16:37:24.626+0800][42.275s][info][gc,phases   ] GC(397) Concurrent Relocate 0.217ms
[2026-06-18T16:37:24.626+0800][42.275s][info][gc,load     ] GC(397) Load: 0.56/0.39/0.25
[2026-06-18T16:37:24.626+0800][42.276s][info][gc,mmu      ] GC(397) MMU: 2ms/39.9%, 5ms/76.0%, 10ms/83.4%, 20ms/90.0%, 50ms/96.0%, 100ms/97.1%
[2026-06-18T16:37:24.627+0800][42.276s][info][gc,marking  ] GC(397) Mark: 2 stripe(s), 1 proactive flush(es), 1 terminate flush(es), 0 completion(s), 0 continuation(s) 
[2026-06-18T16:37:24.627+0800][42.276s][info][gc,reloc    ] GC(397) Relocation: Successful, 22M relocated
[2026-06-18T16:37:24.627+0800][42.277s][info][gc,nmethod  ] GC(397) NMethods: 25 registered, 0 unregistered
[2026-06-18T16:37:24.628+0800][42.277s][info][gc,metaspace] GC(397) Metaspace: 3M used, 4M capacity, 4M committed, 8M reserved
[2026-06-18T16:37:24.628+0800][42.277s][info][gc,ref      ] GC(397) Soft: 43 encountered, 0 discovered, 0 enqueued
[2026-06-18T16:37:24.628+0800][42.277s][info][gc,ref      ] GC(397) Weak: 7 encountered, 2 discovered, 0 enqueued
[2026-06-18T16:37:24.628+0800][42.278s][info][gc,ref      ] GC(397) Final: 0 encountered, 0 discovered, 0 enqueued
[2026-06-18T16:37:24.628+0800][42.278s][info][gc,ref      ] GC(397) Phantom: 1 encountered, 1 discovered, 0 enqueued
[2026-06-18T16:37:24.629+0800][42.278s][info][gc,heap     ] GC(397)                Mark Start          Mark End        Relocate Start      Relocate End           High               Low         
[2026-06-18T16:37:24.629+0800][42.278s][info][gc,heap     ] GC(397)  Capacity:      256M (100%)        256M (100%)        256M (100%)        256M (100%)        256M (100%)        256M (100%)   
[2026-06-18T16:37:24.629+0800][42.278s][info][gc,heap     ] GC(397)   Reserve:       62M (24%)          62M (24%)          62M (24%)          62M (24%)          62M (24%)          62M (24%)    
[2026-06-18T16:37:24.629+0800][42.279s][info][gc,heap     ] GC(397)      Free:      112M (44%)         112M (44%)         102M (40%)         112M (44%)         140M (55%)          98M (38%)    
[2026-06-18T16:37:24.630+0800][42.279s][info][gc,heap     ] GC(397)      Used:       82M (32%)          82M (32%)          92M (36%)          82M (32%)          96M (38%)          54M (21%)    
[2026-06-18T16:37:24.630+0800][42.279s][info][gc,heap     ] GC(397)      Live:         -                26M (10%)          26M (10%)          26M (10%)            -                  -          
[2026-06-18T16:37:24.630+0800][42.279s][info][gc,heap     ] GC(397) Allocated:         -                 0M (0%)           38M (15%)          44M (17%)            -                  -          
[2026-06-18T16:37:24.630+0800][42.280s][info][gc,heap     ] GC(397)   Garbage:         -                55M (22%)          27M (11%)          17M (7%)             -                  -          
[2026-06-18T16:37:24.631+0800][42.280s][info][gc,heap     ] GC(397) Reclaimed:         -                  -                28M (11%)          38M (15%)            -                  -          
[2026-06-18T16:37:24.631+0800][42.280s][info][gc          ] GC(397) Garbage Collection (Allocation Rate) 82M(32%)->82M(32%)
[2026-06-18T16:37:24.714+0800][42.363s][info][gc,start    ] GC(398) Garbage Collection (Allocation Rate)
[2026-06-18T16:37:24.717+0800][42.367s][info][gc,phases   ] GC(398) Pause Mark Start 0.523ms
[2026-06-18T16:37:24.722+0800][42.371s][info][gc,phases   ] GC(398) Concurrent Mark 2.761ms
[2026-06-18T16:37:24.725+0800][42.374s][info][gc,phases   ] GC(398) Pause Mark End 0.697ms
[2026-06-18T16:37:24.726+0800][42.375s][info][gc,phases   ] GC(398) Concurrent Process Non-Strong References 0.448ms
[2026-06-18T16:37:24.727+0800][42.376s][info][gc,phases   ] GC(398) Concurrent Reset Relocation Set 0.003ms
[2026-06-18T16:37:24.728+0800][42.377s][info][gc,phases   ] GC(398) Concurrent Destroy Detached Pages 0.001ms
[2026-06-18T16:37:24.730+0800][42.379s][info][gc,phases   ] GC(398) Concurrent Select Relocation Set 0.672ms
[2026-06-18T16:37:24.731+0800][42.380s][info][gc,phases   ] GC(398) Concurrent Prepare Relocation Set 0.016ms
[2026-06-18T16:37:24.731+0800][42.381s][info][gc,phases   ] GC(398) Pause Relocate Start 0.148ms
[2026-06-18T16:37:24.734+0800][42.383s][info][gc,phases   ] GC(398) Concurrent Relocate 1.549ms
[2026-06-18T16:37:24.734+0800][42.383s][info][gc,load     ] GC(398) Load: 0.56/0.39/0.25
[2026-06-18T16:37:24.735+0800][42.384s][info][gc,mmu      ] GC(398) MMU: 2ms/39.9%, 5ms/76.0%, 10ms/83.4%, 20ms/90.0%, 50ms/96.0%, 100ms/97.1%
[2026-06-18T16:37:24.735+0800][42.384s][info][gc,marking  ] GC(398) Mark: 2 stripe(s), 2 proactive flush(es), 1 terminate flush(es), 0 completion(s), 0 continuation(s) 
[2026-06-18T16:37:24.736+0800][42.385s][info][gc,reloc    ] GC(398) Relocation: Successful, 24M relocated
[2026-06-18T16:37:24.736+0800][42.385s][info][gc,nmethod  ] GC(398) NMethods: 25 registered, 0 unregistered
[2026-06-18T16:37:24.736+0800][42.386s][info][gc,metaspace] GC(398) Metaspace: 3M used, 4M capacity, 4M committed, 8M reserved
[2026-06-18T16:37:24.737+0800][42.386s][info][gc,ref      ] GC(398) Soft: 43 encountered, 0 discovered, 0 enqueued
[2026-06-18T16:37:24.737+0800][42.386s][info][gc,ref      ] GC(398) Weak: 7 encountered, 2 discovered, 0 enqueued
[2026-06-18T16:37:24.737+0800][42.387s][info][gc,ref      ] GC(398) Final: 0 encountered, 0 discovered, 0 enqueued
[2026-06-18T16:37:24.737+0800][42.387s][info][gc,ref      ] GC(398) Phantom: 1 encountered, 1 discovered, 0 enqueued
[2026-06-18T16:37:24.738+0800][42.387s][info][gc,heap     ] GC(398)                Mark Start          Mark End        Relocate Start      Relocate End           High               Low         
[2026-06-18T16:37:24.738+0800][42.387s][info][gc,heap     ] GC(398)  Capacity:      256M (100%)        256M (100%)        256M (100%)        256M (100%)        256M (100%)        256M (100%)   
[2026-06-18T16:37:24.738+0800][42.388s][info][gc,heap     ] GC(398)   Reserve:       62M (24%)          62M (24%)          62M (24%)          62M (24%)          62M (24%)          62M (24%)    
[2026-06-18T16:37:24.739+0800][42.388s][info][gc,heap     ] GC(398)      Free:       84M (33%)          46M (18%)          72M (28%)         142M (55%)         142M (55%)          46M (18%)    
[2026-06-18T16:37:24.739+0800][42.388s][info][gc,heap     ] GC(398)      Used:      110M (43%)         148M (58%)         122M (48%)          52M (20%)         148M (58%)          52M (20%)    
[2026-06-18T16:37:24.739+0800][42.388s][info][gc,heap     ] GC(398)      Live:         -                24M (9%)           24M (9%)           24M (9%)             -                  -          
[2026-06-18T16:37:24.739+0800][42.389s][info][gc,heap     ] GC(398) Allocated:         -                38M (15%)          40M (16%)          50M (20%)            -                  -          
[2026-06-18T16:37:24.740+0800][42.389s][info][gc,heap     ] GC(398)   Garbage:         -                85M (34%)          57M (23%)    17592186044403M (6         -                  -          
[2026-06-18T16:37:24.740+0800][42.389s][info][gc,heap     ] GC(398) Reclaimed:         -                  -                28M (11%)          98M (38%)            -                  -          
[2026-06-18T16:37:24.740+0800][42.389s][info][gc          ] GC(398) Garbage Collection (Allocation Rate) 110M(43%)->52M(20%)
[2026-06-18T16:37:24.814+0800][42.463s][info][gc,start    ] GC(399) Garbage Collection (Allocation Rate)
[2026-06-18T16:37:24.820+0800][42.469s][info][gc,phases   ] GC(399) Pause Mark Start 0.459ms
[2026-06-18T16:37:24.828+0800][42.477s][info][gc,phases   ] GC(399) Concurrent Mark 2.019ms
[2026-06-18T16:37:24.830+0800][42.479s][info][gc,phases   ] GC(399) Pause Mark End 0.607ms
[2026-06-18T16:37:24.832+0800][42.481s][info][gc,phases   ] GC(399) Concurrent Process Non-Strong References 0.186ms
[2026-06-18T16:37:24.833+0800][42.482s][info][gc,phases   ] GC(399) Concurrent Reset Relocation Set 0.005ms
[2026-06-18T16:37:24.834+0800][42.483s][info][gc,phases   ] GC(399) Concurrent Destroy Detached Pages 0.001ms
[2026-06-18T16:37:24.836+0800][42.485s][info][gc,phases   ] GC(399) Concurrent Select Relocation Set 0.885ms
[2026-06-18T16:37:24.837+0800][42.486s][info][gc,phases   ] GC(399) Concurrent Prepare Relocation Set 0.012ms
[2026-06-18T16:37:24.838+0800][42.487s][info][gc,phases   ] GC(399) Pause Relocate Start 0.197ms
[2026-06-18T16:37:24.839+0800][42.488s][info][gc,phases   ] GC(399) Concurrent Relocate 0.476ms
[2026-06-18T16:37:24.840+0800][42.489s][info][gc,load     ] GC(399) Load: 0.56/0.39/0.25
[2026-06-18T16:37:24.840+0800][42.489s][info][gc,mmu      ] GC(399) MMU: 2ms/39.9%, 5ms/76.0%, 10ms/83.4%, 20ms/90.0%, 50ms/96.0%, 100ms/97.1%
[2026-06-18T16:37:24.841+0800][42.490s][info][gc,marking  ] GC(399) Mark: 2 stripe(s), 1 proactive flush(es), 1 terminate flush(es), 0 completion(s), 0 continuation(s) 
[2026-06-18T16:37:24.841+0800][42.490s][info][gc,reloc    ] GC(399) Relocation: Successful, 21M relocated
[2026-06-18T16:37:24.841+0800][42.491s][info][gc,nmethod  ] GC(399) NMethods: 25 registered, 0 unregistered
[2026-06-18T16:37:24.842+0800][42.491s][info][gc,metaspace] GC(399) Metaspace: 3M used, 4M capacity, 4M committed, 8M reserved
[2026-06-18T16:37:24.842+0800][42.492s][info][gc,ref      ] GC(399) Soft: 43 encountered, 0 discovered, 0 enqueued
[2026-06-18T16:37:24.843+0800][42.492s][info][gc,ref      ] GC(399) Weak: 7 encountered, 0 discovered, 0 enqueued
[2026-06-18T16:37:24.843+0800][42.492s][info][gc,ref      ] GC(399) Final: 0 encountered, 0 discovered, 0 enqueued
[2026-06-18T16:37:24.843+0800][42.492s][info][gc,ref      ] GC(399) Phantom: 1 encountered, 0 discovered, 0 enqueued
[2026-06-18T16:37:24.843+0800][42.493s][info][gc,heap     ] GC(399)                Mark Start          Mark End        Relocate Start      Relocate End           High               Low         
[2026-06-18T16:37:24.844+0800][42.493s][info][gc,heap     ] GC(399)  Capacity:      256M (100%)        256M (100%)        256M (100%)        256M (100%)        256M (100%)        256M (100%)   
[2026-06-18T16:37:24.844+0800][42.494s][info][gc,heap     ] GC(399)   Reserve:       62M (24%)          62M (24%)          62M (24%)          62M (24%)          62M (24%)          62M (24%)    
[2026-06-18T16:37:24.845+0800][42.494s][info][gc,heap     ] GC(399)      Free:      110M (43%)         106M (41%)         130M (51%)         144M (56%)         144M (56%)         106M (41%)    
[2026-06-18T16:37:24.845+0800][42.494s][info][gc,heap     ] GC(399)      Used:       84M (33%)          88M (34%)          64M (25%)          50M (20%)          88M (34%)          50M (20%)    
[2026-06-18T16:37:24.845+0800][42.494s][info][gc,heap     ] GC(399)      Live:         -                21M (8%)           21M (8%)           21M (8%)             -                  -          
[2026-06-18T16:37:24.845+0800][42.495s][info][gc,heap     ] GC(399) Allocated:         -                 4M (2%)            8M (3%)           18M (7%)             -                  -          
[2026-06-18T16:37:24.846+0800][42.495s][info][gc,heap     ] GC(399)   Garbage:         -                62M (24%)          34M (13%)          20M (8%)             -                  -          
[2026-06-18T16:37:24.846+0800][42.495s][info][gc,heap     ] GC(399) Reclaimed:         -                  -                28M (11%)          42M (16%)            -                  -          
[2026-06-18T16:37:24.846+0800][42.495s][info][gc          ] GC(399) Garbage Collection (Allocation Rate) 84M(33%)->50M(20%)
[2026-06-18T16:37:24.913+0800][42.563s][info][gc,start    ] GC(400) Garbage Collection (Allocation Rate)
[2026-06-18T16:37:24.981+0800][42.630s][info][gc,phases   ] GC(400) Pause Mark Start 0.148ms
[2026-06-18T16:37:25.012+0800][42.661s][info][gc,phases   ] GC(400) Concurrent Mark 2.502ms
[2026-06-18T16:37:25.043+0800][42.693s][info][gc,phases   ] GC(400) Pause Mark End 0.315ms
[2026-06-18T16:37:25.055+0800][42.704s][info][gc,phases   ] GC(400) Concurrent Process Non-Strong References 0.241ms
[2026-06-18T16:37:25.061+0800][42.711s][info][gc,phases   ] GC(400) Concurrent Reset Relocation Set 0.007ms
[2026-06-18T16:37:25.069+0800][42.719s][info][gc,phases   ] GC(400) Concurrent Destroy Detached Pages 0.001ms
[2026-06-18T16:37:25.077+0800][42.726s][info][gc,phases   ] GC(400) Concurrent Select Relocation Set 1.567ms
[2026-06-18T16:37:25.087+0800][42.736s][info][gc,phases   ] GC(400) Concurrent Prepare Relocation Set 0.027ms
[2026-06-18T16:37:25.099+0800][42.749s][info][gc,phases   ] GC(400) Pause Relocate Start 0.386ms
[2026-06-18T16:37:25.103+0800][42.752s][info][gc,phases   ] GC(400) Concurrent Relocate 1.606ms
[2026-06-18T16:37:25.108+0800][42.757s][info][gc,load     ] GC(400) Load: 0.56/0.39/0.25
[2026-06-18T16:37:25.109+0800][42.759s][info][gc,mmu      ] GC(400) MMU: 2ms/39.9%, 5ms/76.0%, 10ms/83.4%, 20ms/90.0%, 50ms/96.0%, 100ms/97.1%
[2026-06-18T16:37:25.113+0800][42.762s][info][gc,marking  ] GC(400) Mark: 2 stripe(s), 2 proactive flush(es), 1 terminate flush(es), 0 completion(s), 0 continuation(s) 
[2026-06-18T16:37:25.120+0800][42.770s][info][gc,reloc    ] GC(400) Relocation: Successful, 23M relocated
[2026-06-18T16:37:25.131+0800][42.781s][info][gc,nmethod  ] GC(400) NMethods: 25 registered, 0 unregistered
[2026-06-18T16:37:25.133+0800][42.782s][info][gc,metaspace] GC(400) Metaspace: 3M used, 4M capacity, 4M committed, 8M reserved
[2026-06-18T16:37:25.140+0800][42.790s][info][gc,ref      ] GC(400) Soft: 43 encountered, 0 discovered, 0 enqueued
[2026-06-18T16:37:25.147+0800][42.796s][info][gc,ref      ] GC(400) Weak: 7 encountered, 0 discovered, 0 enqueued
[2026-06-18T16:37:25.150+0800][42.799s][info][gc,ref      ] GC(400) Final: 0 encountered, 0 discovered, 0 enqueued
[2026-06-18T16:37:25.160+0800][42.809s][info][gc,ref      ] GC(400) Phantom: 1 encountered, 1 discovered, 0 enqueued
[2026-06-18T16:37:25.169+0800][42.818s][info][gc,heap     ] GC(400)                Mark Start          Mark End        Relocate Start      Relocate End           High               Low         
[2026-06-18T16:37:25.175+0800][42.824s][info][gc,heap     ] GC(400)  Capacity:      256M (100%)        256M (100%)        256M (100%)        256M (100%)        256M (100%)        256M (100%)   
[2026-06-18T16:37:25.182+0800][42.831s][info][gc,heap     ] GC(400)   Reserve:       62M (24%)          62M (24%)          62M (24%)          62M (24%)          62M (24%)          62M (24%)    
[2026-06-18T16:37:25.184+0800][42.833s][info][gc,heap     ] GC(400)      Free:       60M (23%)          14M (5%)           42M (16%)         118M (46%)         118M (46%)           8M (3%)     
[2026-06-18T16:37:25.186+0800][42.836s][info][gc,heap     ] GC(400)      Used:      134M (52%)         180M (70%)         152M (59%)          76M (30%)         186M (73%)          76M (30%)    
[2026-06-18T16:37:25.188+0800][42.837s][info][gc,heap     ] GC(400)      Live:         -                23M (9%)           23M (9%)           23M (9%)             -                  -          
[2026-06-18T16:37:25.190+0800][42.840s][info][gc,heap     ] GC(400) Allocated:         -                46M (18%)          64M (25%)          76M (30%)            -                  -          
[2026-06-18T16:37:25.193+0800][42.842s][info][gc,heap     ] GC(400)   Garbage:         -               110M (43%)          64M (25%)    17592186044404M (6         -                  -          
[2026-06-18T16:37:25.200+0800][42.850s][info][gc,heap     ] GC(400) Reclaimed:         -                  -                46M (18%)         122M (48%)            -                  -          
[2026-06-18T16:37:25.207+0800][42.856s][info][gc          ] GC(400) Garbage Collection (Allocation Rate) 134M(52%)->76M(30%)
[2026-06-18T16:37:25.214+0800][42.863s][info][gc,start    ] GC(401) Garbage Collection (Allocation Rate)
[2026-06-18T16:37:25.217+0800][42.866s][info][gc,phases   ] GC(401) Pause Mark Start 0.157ms
[2026-06-18T16:37:25.224+0800][42.874s][info][gc,phases   ] GC(401) Concurrent Mark 1.704ms
[2026-06-18T16:37:25.228+0800][42.877s][info][gc,phases   ] GC(401) Pause Mark End 0.321ms
[2026-06-18T16:37:25.231+0800][42.880s][info][gc,phases   ] GC(401) Concurrent Process Non-Strong References 0.126ms
[2026-06-18T16:37:25.238+0800][42.887s][info][gc,phases   ] GC(401) Concurrent Reset Relocation Set 0.006ms
[2026-06-18T16:37:25.241+0800][42.890s][info][gc,phases   ] GC(401) Concurrent Destroy Detached Pages 0.002ms
[2026-06-18T16:37:25.246+0800][42.895s][info][gc,phases   ] GC(401) Concurrent Select Relocation Set 1.352ms
[2026-06-18T16:37:25.250+0800][42.899s][info][gc,phases   ] GC(401) Concurrent Prepare Relocation Set 0.007ms
[2026-06-18T16:37:25.256+0800][42.906s][info][gc,phases   ] GC(401) Pause Relocate Start 0.272ms
[2026-06-18T16:37:25.261+0800][42.910s][info][gc,phases   ] GC(401) Concurrent Relocate 0.345ms
[2026-06-18T16:37:25.264+0800][42.914s][info][gc,load     ] GC(401) Load: 0.56/0.39/0.25
[2026-06-18T16:37:25.268+0800][42.918s][info][gc,mmu      ] GC(401) MMU: 2ms/39.9%, 5ms/76.0%, 10ms/83.4%, 20ms/90.0%, 50ms/96.0%, 100ms/97.1%
[2026-06-18T16:37:25.269+0800][42.918s][info][gc,marking  ] GC(401) Mark: 2 stripe(s), 1 proactive flush(es), 1 terminate flush(es), 0 completion(s), 0 continuation(s) 
[2026-06-18T16:37:25.270+0800][42.919s][info][gc,reloc    ] GC(401) Relocation: Successful, 24M relocated
[2026-06-18T16:37:25.271+0800][42.920s][info][gc,nmethod  ] GC(401) NMethods: 25 registered, 0 unregistered
[2026-06-18T16:37:25.271+0800][42.921s][info][gc,metaspace] GC(401) Metaspace: 3M used, 4M capacity, 4M committed, 8M reserved
[2026-06-18T16:37:25.272+0800][42.921s][info][gc,ref      ] GC(401) Soft: 43 encountered, 0 discovered, 0 enqueued
[2026-06-18T16:37:25.272+0800][42.922s][info][gc,ref      ] GC(401) Weak: 7 encountered, 2 discovered, 0 enqueued
[2026-06-18T16:37:25.273+0800][42.922s][info][gc,ref      ] GC(401) Final: 0 encountered, 0 discovered, 0 enqueued
[2026-06-18T16:37:25.273+0800][42.923s][info][gc,ref      ] GC(401) Phantom: 1 encountered, 1 discovered, 0 enqueued
[2026-06-18T16:37:25.274+0800][42.923s][info][gc,heap     ] GC(401)                Mark Start          Mark End        Relocate Start      Relocate End           High               Low         
[2026-06-18T16:37:25.274+0800][42.924s][info][gc,heap     ] GC(401)  Capacity:      256M (100%)        256M (100%)        256M (100%)        256M (100%)        256M (100%)        256M (100%)   
[2026-06-18T16:37:25.275+0800][42.924s][info][gc,heap     ] GC(401)   Reserve:       62M (24%)          62M (24%)          62M (24%)          62M (24%)          62M (24%)          62M (24%)    
[2026-06-18T16:37:25.275+0800][42.925s][info][gc,heap     ] GC(401)      Free:       76M (30%)          72M (28%)          90M (35%)         102M (40%)         102M (40%)          36M (14%)    
[2026-06-18T16:37:25.276+0800][42.925s][info][gc,heap     ] GC(401)      Used:      118M (46%)         122M (48%)         104M (41%)          92M (36%)         158M (62%)          92M (36%)    
[2026-06-18T16:37:25.276+0800][42.926s][info][gc,heap     ] GC(401)      Live:         -                26M (10%)          26M (10%)          26M (10%)            -                  -          
[2026-06-18T16:37:25.277+0800][42.926s][info][gc,heap     ] GC(401) Allocated:         -                 4M (2%)           44M (17%)          56M (22%)            -                  -          
[2026-06-18T16:37:25.277+0800][42.926s][info][gc,heap     ] GC(401)   Garbage:         -                91M (36%)          33M (13%)          17M (7%)             -                  -          
[2026-06-18T16:37:25.278+0800][42.927s][info][gc,heap     ] GC(401) Reclaimed:         -                  -                58M (23%)          74M (29%)            -                  -          
[2026-06-18T16:37:25.278+0800][42.927s][info][gc          ] GC(401) Garbage Collection (Allocation Rate) 118M(46%)->92M(36%)
[2026-06-18T16:37:25.314+0800][42.963s][info][gc,start    ] GC(402) Garbage Collection (Allocation Rate)
[2026-06-18T16:37:25.317+0800][42.966s][info][gc,phases   ] GC(402) Pause Mark Start 0.451ms
[2026-06-18T16:37:25.320+0800][42.969s][info][gc,phases   ] GC(402) Concurrent Mark 2.102ms
[2026-06-18T16:37:25.323+0800][42.972s][info][gc,phases   ] GC(402) Pause Mark End 0.783ms
[2026-06-18T16:37:25.326+0800][42.975s][info][gc,phases   ] GC(402) Concurrent Process Non-Strong References 0.362ms
[2026-06-18T16:37:25.331+0800][42.980s][info][gc,phases   ] GC(402) Concurrent Reset Relocation Set 0.011ms
[2026-06-18T16:37:25.334+0800][42.984s][info][gc,phases   ] GC(402) Concurrent Destroy Detached Pages 0.003ms
[2026-06-18T16:37:25.340+0800][42.989s][info][gc,phases   ] GC(402) Concurrent Select Relocation Set 1.609ms
[2026-06-18T16:37:25.343+0800][42.993s][info][gc,phases   ] GC(402) Concurrent Prepare Relocation Set 0.018ms
[2026-06-18T16:37:25.347+0800][42.997s][info][gc,phases   ] GC(402) Pause Relocate Start 0.394ms
[2026-06-18T16:37:25.350+0800][43.000s][info][gc,phases   ] GC(402) Concurrent Relocate 1.589ms
[2026-06-18T16:37:25.352+0800][43.001s][info][gc,load     ] GC(402) Load: 0.56/0.39/0.25
[2026-06-18T16:37:25.353+0800][43.002s][info][gc,mmu      ] GC(402) MMU: 2ms/39.9%, 5ms/76.0%, 10ms/83.4%, 20ms/90.0%, 50ms/96.0%, 100ms/97.1%
[2026-06-18T16:37:25.354+0800][43.003s][info][gc,marking  ] GC(402) Mark: 2 stripe(s), 1 proactive flush(es), 1 terminate flush(es), 0 completion(s), 0 continuation(s) 
[2026-06-18T16:37:25.355+0800][43.004s][info][gc,reloc    ] GC(402) Relocation: Successful, 17M relocated
[2026-06-18T16:37:25.356+0800][43.005s][info][gc,nmethod  ] GC(402) NMethods: 25 registered, 0 unregistered
[2026-06-18T16:37:25.357+0800][43.006s][info][gc,metaspace] GC(402) Metaspace: 3M used, 4M capacity, 4M committed, 8M reserved
[2026-06-18T16:37:25.357+0800][43.007s][info][gc,ref      ] GC(402) Soft: 43 encountered, 0 discovered, 0 enqueued
[2026-06-18T16:37:25.358+0800][43.007s][info][gc,ref      ] GC(402) Weak: 7 encountered, 2 discovered, 0 enqueued
[2026-06-18T16:37:25.358+0800][43.008s][info][gc,ref      ] GC(402) Final: 0 encountered, 0 discovered, 0 enqueued
[2026-06-18T16:37:25.359+0800][43.008s][info][gc,ref      ] GC(402) Phantom: 1 encountered, 1 discovered, 0 enqueued
[2026-06-18T16:37:25.359+0800][43.009s][info][gc,heap     ] GC(402)                Mark Start          Mark End        Relocate Start      Relocate End           High               Low         
[2026-06-18T16:37:25.360+0800][43.009s][info][gc,heap     ] GC(402)  Capacity:      256M (100%)        256M (100%)        256M (100%)        256M (100%)        256M (100%)        256M (100%)   
[2026-06-18T16:37:25.360+0800][43.009s][info][gc,heap     ] GC(402)   Reserve:       62M (24%)          62M (24%)          62M (24%)          62M (24%)          62M (24%)          62M (24%)    
[2026-06-18T16:37:25.360+0800][43.009s][info][gc,heap     ] GC(402)      Free:       82M (32%)          82M (32%)          68M (27%)         138M (54%)         138M (54%)          42M (16%)    
[2026-06-18T16:37:25.361+0800][43.010s][info][gc,heap     ] GC(402)      Used:      112M (44%)         112M (44%)         126M (49%)          56M (22%)         152M (59%)          56M (22%)    
[2026-06-18T16:37:25.361+0800][43.010s][info][gc,heap     ] GC(402)      Live:         -                17M (7%)           17M (7%)           17M (7%)             -                  -          
[2026-06-18T16:37:25.361+0800][43.011s][info][gc,heap     ] GC(402) Allocated:         -                 0M (0%)           40M (16%)          52M (20%)            -                  -          
[2026-06-18T16:37:25.362+0800][43.011s][info][gc,heap     ] GC(402)   Garbage:         -                94M (37%)          68M (27%)    17592186044410M (6         -                  -          
[2026-06-18T16:37:25.362+0800][43.012s][info][gc,heap     ] GC(402) Reclaimed:         -                  -                26M (10%)         100M (39%)            -                  -          
[2026-06-18T16:37:25.363+0800][43.012s][info][gc          ] GC(402) Garbage Collection (Allocation Rate) 112M(44%)->56M(22%)
[2026-06-18T16:37:25.413+0800][43.063s][info][gc,start    ] GC(403) Garbage Collection (Allocation Rate)
[2026-06-18T16:37:25.416+0800][43.066s][info][gc,phases   ] GC(403) Pause Mark Start 0.550ms
[2026-06-18T16:37:25.421+0800][43.070s][info][gc,phases   ] GC(403) Concurrent Mark 2.081ms
[2026-06-18T16:37:25.424+0800][43.073s][info][gc,phases   ] GC(403) Pause Mark End 0.736ms
[2026-06-18T16:37:25.425+0800][43.075s][info][gc,phases   ] GC(403) Concurrent Process Non-Strong References 0.370ms
[2026-06-18T16:37:25.427+0800][43.076s][info][gc,phases   ] GC(403) Concurrent Reset Relocation Set 0.004ms
[2026-06-18T16:37:25.428+0800][43.077s][info][gc,phases   ] GC(403) Concurrent Destroy Detached Pages 0.001ms
[2026-06-18T16:37:25.430+0800][43.079s][info][gc,phases   ] GC(403) Concurrent Select Relocation Set 1.228ms
[2026-06-18T16:37:25.431+0800][43.080s][info][gc,phases   ] GC(403) Concurrent Prepare Relocation Set 0.004ms
[2026-06-18T16:37:25.432+0800][43.082s][info][gc,phases   ] GC(403) Pause Relocate Start 0.291ms
[2026-06-18T16:37:25.433+0800][43.083s][info][gc,phases   ] GC(403) Concurrent Relocate 0.315ms
[2026-06-18T16:37:25.434+0800][43.084s][info][gc,load     ] GC(403) Load: 0.56/0.39/0.25
[2026-06-18T16:37:25.435+0800][43.084s][info][gc,mmu      ] GC(403) MMU: 2ms/39.9%, 5ms/76.0%, 10ms/83.4%, 20ms/90.0%, 50ms/96.0%, 100ms/97.1%
[2026-06-18T16:37:25.436+0800][43.085s][info][gc,marking  ] GC(403) Mark: 2 stripe(s), 1 proactive flush(es), 1 terminate flush(es), 0 completion(s), 0 continuation(s) 
[2026-06-18T16:37:25.436+0800][43.086s][info][gc,reloc    ] GC(403) Relocation: Successful, 22M relocated
[2026-06-18T16:37:25.437+0800][43.086s][info][gc,nmethod  ] GC(403) NMethods: 25 registered, 0 unregistered
[2026-06-18T16:37:25.437+0800][43.087s][info][gc,metaspace] GC(403) Metaspace: 3M used, 4M capacity, 4M committed, 8M reserved
[2026-06-18T16:37:25.438+0800][43.087s][info][gc,ref      ] GC(403) Soft: 43 encountered, 0 discovered, 0 enqueued
[2026-06-18T16:37:25.438+0800][43.088s][info][gc,ref      ] GC(403) Weak: 7 encountered, 2 discovered, 0 enqueued
[2026-06-18T16:37:25.439+0800][43.088s][info][gc,ref      ] GC(403) Final: 0 encountered, 0 discovered, 0 enqueued
[2026-06-18T16:37:25.439+0800][43.088s][info][gc,ref      ] GC(403) Phantom: 1 encountered, 1 discovered, 0 enqueued
[2026-06-18T16:37:25.440+0800][43.089s][info][gc,heap     ] GC(403)                Mark Start          Mark End        Relocate Start      Relocate End           High               Low         
[2026-06-18T16:37:25.440+0800][43.089s][info][gc,heap     ] GC(403)  Capacity:      256M (100%)        256M (100%)        256M (100%)        256M (100%)        256M (100%)        256M (100%)   
[2026-06-18T16:37:25.440+0800][43.090s][info][gc,heap     ] GC(403)   Reserve:       62M (24%)          62M (24%)          62M (24%)          62M (24%)          62M (24%)          62M (24%)    
[2026-06-18T16:37:25.441+0800][43.090s][info][gc,heap     ] GC(403)      Free:      114M (45%)         114M (45%)         140M (55%)         146M (57%)         146M (57%)         110M (43%)    
[2026-06-18T16:37:25.441+0800][43.090s][info][gc,heap     ] GC(403)      Used:       80M (31%)          80M (31%)          54M (21%)          48M (19%)          84M (33%)          48M (19%)    
[2026-06-18T16:37:25.441+0800][43.090s][info][gc,heap     ] GC(403)      Live:         -                23M (9%)           23M (9%)           23M (9%)             -                  -          
[2026-06-18T16:37:25.441+0800][43.091s][info][gc,heap     ] GC(403) Allocated:         -                 0M (0%)            4M (2%)           10M (4%)             -                  -          
[2026-06-18T16:37:25.442+0800][43.091s][info][gc,heap     ] GC(403)   Garbage:         -                56M (22%)          26M (10%)          20M (8%)             -                  -          
[2026-06-18T16:37:25.442+0800][43.091s][info][gc,heap     ] GC(403) Reclaimed:         -                  -                30M (12%)          36M (14%)            -                  -          
[2026-06-18T16:37:25.442+0800][43.092s][info][gc          ] GC(403) Garbage Collection (Allocation Rate) 80M(31%)->48M(19%)
[2026-06-18T16:37:25.514+0800][43.163s][info][gc,start    ] GC(404) Garbage Collection (Allocation Rate)
[2026-06-18T16:37:25.517+0800][43.166s][info][gc,phases   ] GC(404) Pause Mark Start 0.459ms
[2026-06-18T16:37:25.521+0800][43.170s][info][gc,phases   ] GC(404) Concurrent Mark 1.973ms
[2026-06-18T16:37:25.524+0800][43.173s][info][gc,phases   ] GC(404) Pause Mark End 0.566ms
[2026-06-18T16:37:25.525+0800][43.174s][info][gc,phases   ] GC(404) Concurrent Process Non-Strong References 0.309ms
[2026-06-18T16:37:25.526+0800][43.175s][info][gc,phases   ] GC(404) Concurrent Reset Relocation Set 0.004ms
[2026-06-18T16:37:25.529+0800][43.178s][info][gc,phases   ] GC(404) Concurrent Destroy Detached Pages 0.006ms
[2026-06-18T16:37:25.531+0800][43.181s][info][gc,phases   ] GC(404) Concurrent Select Relocation Set 0.760ms
[2026-06-18T16:37:25.535+0800][43.184s][info][gc,phases   ] GC(404) Concurrent Prepare Relocation Set 0.007ms
[2026-06-18T16:37:25.539+0800][43.189s][info][gc,phases   ] GC(404) Pause Relocate Start 0.248ms
[2026-06-18T16:37:25.546+0800][43.195s][info][gc,phases   ] GC(404) Concurrent Relocate 1.683ms
[2026-06-18T16:37:25.549+0800][43.198s][info][gc,load     ] GC(404) Load: 0.56/0.39/0.25
[2026-06-18T16:37:25.554+0800][43.203s][info][gc,mmu      ] GC(404) MMU: 2ms/39.9%, 5ms/76.0%, 10ms/83.4%, 20ms/90.0%, 50ms/96.0%, 100ms/97.1%
[2026-06-18T16:37:25.557+0800][43.206s][info][gc,marking  ] GC(404) Mark: 2 stripe(s), 1 proactive flush(es), 1 terminate flush(es), 0 completion(s), 0 continuation(s) 
[2026-06-18T16:37:25.558+0800][43.207s][info][gc,reloc    ] GC(404) Relocation: Successful, 21M relocated
[2026-06-18T16:37:25.559+0800][43.208s][info][gc,nmethod  ] GC(404) NMethods: 25 registered, 0 unregistered
[2026-06-18T16:37:25.560+0800][43.209s][info][gc,metaspace] GC(404) Metaspace: 3M used, 4M capacity, 4M committed, 8M reserved
[2026-06-18T16:37:25.561+0800][43.210s][info][gc,ref      ] GC(404) Soft: 43 encountered, 0 discovered, 0 enqueued
[2026-06-18T16:37:25.562+0800][43.211s][info][gc,ref      ] GC(404) Weak: 7 encountered, 2 discovered, 0 enqueued
[2026-06-18T16:37:25.562+0800][43.212s][info][gc,ref      ] GC(404) Final: 0 encountered, 0 discovered, 0 enqueued
[2026-06-18T16:37:25.563+0800][43.212s][info][gc,ref      ] GC(404) Phantom: 1 encountered, 1 discovered, 0 enqueued
[2026-06-18T16:37:25.564+0800][43.213s][info][gc,heap     ] GC(404)                Mark Start          Mark End        Relocate Start      Relocate End           High               Low         
[2026-06-18T16:37:25.564+0800][43.214s][info][gc,heap     ] GC(404)  Capacity:      256M (100%)        256M (100%)        256M (100%)        256M (100%)        256M (100%)        256M (100%)   
[2026-06-18T16:37:25.565+0800][43.214s][info][gc,heap     ] GC(404)   Reserve:       62M (24%)          62M (24%)          62M (24%)          62M (24%)          62M (24%)          62M (24%)    
[2026-06-18T16:37:25.565+0800][43.215s][info][gc,heap     ] GC(404)      Free:       82M (32%)          78M (30%)          68M (27%)         138M (54%)         138M (54%)          62M (24%)    
[2026-06-18T16:37:25.566+0800][43.215s][info][gc,heap     ] GC(404)      Used:      112M (44%)         116M (45%)         126M (49%)          56M (22%)         132M (52%)          56M (22%)    
[2026-06-18T16:37:25.567+0800][43.216s][info][gc,heap     ] GC(404)      Live:         -                21M (8%)           21M (8%)           21M (8%)             -                  -          
[2026-06-18T16:37:25.567+0800][43.216s][info][gc,heap     ] GC(404) Allocated:         -                 4M (2%)           42M (16%)          52M (20%)            -                  -          
[2026-06-18T16:37:25.568+0800][43.217s][info][gc,heap     ] GC(404)   Garbage:         -                90M (35%)          62M (24%)    17592186044406M (6         -                  -          
[2026-06-18T16:37:25.568+0800][43.217s][info][gc,heap     ] GC(404) Reclaimed:         -                  -                28M (11%)         100M (39%)            -                  -          
[2026-06-18T16:37:25.568+0800][43.218s][info][gc          ] GC(404) Garbage Collection (Allocation Rate) 112M(44%)->56M(22%)
[2026-06-18T16:37:25.614+0800][43.264s][info][gc,start    ] GC(405) Garbage Collection (Allocation Rate)
[2026-06-18T16:37:25.618+0800][43.267s][info][gc,phases   ] GC(405) Pause Mark Start 0.515ms
[2026-06-18T16:37:25.622+0800][43.271s][info][gc,phases   ] GC(405) Concurrent Mark 2.205ms
[2026-06-18T16:37:25.624+0800][43.273s][info][gc,phases   ] GC(405) Pause Mark End 0.739ms
[2026-06-18T16:37:25.626+0800][43.275s][info][gc,phases   ] GC(405) Concurrent Process Non-Strong References 0.354ms
[2026-06-18T16:37:25.627+0800][43.276s][info][gc,phases   ] GC(405) Concurrent Reset Relocation Set 0.004ms
[2026-06-18T16:37:25.628+0800][43.277s][info][gc,phases   ] GC(405) Concurrent Destroy Detached Pages 0.001ms
[2026-06-18T16:37:25.630+0800][43.279s][info][gc,phases   ] GC(405) Concurrent Select Relocation Set 1.262ms
[2026-06-18T16:37:25.631+0800][43.280s][info][gc,phases   ] GC(405) Concurrent Prepare Relocation Set 0.015ms
[2026-06-18T16:37:25.632+0800][43.282s][info][gc,phases   ] GC(405) Pause Relocate Start 0.283ms
[2026-06-18T16:37:25.636+0800][43.285s][info][gc,phases   ] GC(405) Concurrent Relocate 0.852ms
[2026-06-18T16:37:25.636+0800][43.286s][info][gc,load     ] GC(405) Load: 0.56/0.39/0.25
[2026-06-18T16:37:25.637+0800][43.287s][info][gc,mmu      ] GC(405) MMU: 2ms/39.9%, 5ms/76.0%, 10ms/83.4%, 20ms/90.0%, 50ms/96.0%, 100ms/97.1%
[2026-06-18T16:37:25.638+0800][43.287s][info][gc,marking  ] GC(405) Mark: 2 stripe(s), 2 proactive flush(es), 1 terminate flush(es), 0 completion(s), 0 continuation(s) 
[2026-06-18T16:37:25.639+0800][43.288s][info][gc,reloc    ] GC(405) Relocation: Successful, 25M relocated
[2026-06-18T16:37:25.640+0800][43.289s][info][gc,nmethod  ] GC(405) NMethods: 25 registered, 0 unregistered
[2026-06-18T16:37:25.640+0800][43.289s][info][gc,metaspace] GC(405) Metaspace: 3M used, 4M capacity, 4M committed, 8M reserved
[2026-06-18T16:37:25.641+0800][43.290s][info][gc,ref      ] GC(405) Soft: 43 encountered, 0 discovered, 0 enqueued
[2026-06-18T16:37:25.641+0800][43.290s][info][gc,ref      ] GC(405) Weak: 7 encountered, 2 discovered, 0 enqueued
[2026-06-18T16:37:25.641+0800][43.291s][info][gc,ref      ] GC(405) Final: 0 encountered, 0 discovered, 0 enqueued
[2026-06-18T16:37:25.642+0800][43.291s][info][gc,ref      ] GC(405) Phantom: 1 encountered, 1 discovered, 0 enqueued
[2026-06-18T16:37:25.642+0800][43.292s][info][gc,heap     ] GC(405)                Mark Start          Mark End        Relocate Start      Relocate End           High               Low         
[2026-06-18T16:37:25.643+0800][43.292s][info][gc,heap     ] GC(405)  Capacity:      256M (100%)        256M (100%)        256M (100%)        256M (100%)        256M (100%)        256M (100%)   
[2026-06-18T16:37:25.643+0800][43.292s][info][gc,heap     ] GC(405)   Reserve:       62M (24%)          62M (24%)          62M (24%)          62M (24%)          62M (24%)          62M (24%)    
[2026-06-18T16:37:25.643+0800][43.292s][info][gc,heap     ] GC(405)      Free:      116M (45%)          80M (31%)         102M (40%)         112M (44%)         116M (45%)          80M (31%)    
[2026-06-18T16:37:25.643+0800][43.293s][info][gc,heap     ] GC(405)      Used:       78M (30%)         114M (45%)          92M (36%)          82M (32%)         114M (45%)          78M (30%)    
[2026-06-18T16:37:25.644+0800][43.293s][info][gc,heap     ] GC(405)      Live:         -                27M (11%)          27M (11%)          27M (11%)            -                  -          
[2026-06-18T16:37:25.644+0800][43.293s][info][gc,heap     ] GC(405) Allocated:         -                36M (14%)          40M (16%)          48M (19%)            -                  -          
[2026-06-18T16:37:25.644+0800][43.293s][info][gc,heap     ] GC(405)   Garbage:         -                50M (20%)          24M (9%)           14M (6%)             -                  -          
[2026-06-18T16:37:25.644+0800][43.294s][info][gc,heap     ] GC(405) Reclaimed:         -                  -                26M (10%)          36M (14%)            -                  -          
[2026-06-18T16:37:25.645+0800][43.294s][info][gc          ] GC(405) Garbage Collection (Allocation Rate) 78M(30%)->82M(32%)
[2026-06-18T16:37:25.714+0800][43.363s][info][gc,start    ] GC(406) Garbage Collection (Allocation Rate)
[2026-06-18T16:37:25.717+0800][43.367s][info][gc,phases   ] GC(406) Pause Mark Start 0.753ms
[2026-06-18T16:37:25.722+0800][43.371s][info][gc,phases   ] GC(406) Concurrent Mark 2.374ms
[2026-06-18T16:37:25.724+0800][43.374s][info][gc,phases   ] GC(406) Pause Mark End 0.567ms
[2026-06-18T16:37:25.726+0800][43.375s][info][gc,phases   ] GC(406) Concurrent Process Non-Strong References 0.534ms
[2026-06-18T16:37:25.727+0800][43.377s][info][gc,phases   ] GC(406) Concurrent Reset Relocation Set 0.005ms
[2026-06-18T16:37:25.728+0800][43.378s][info][gc,phases   ] GC(406) Concurrent Destroy Detached Pages 0.001ms
[2026-06-18T16:37:25.730+0800][43.379s][info][gc,phases   ] GC(406) Concurrent Select Relocation Set 0.899ms
[2026-06-18T16:37:25.731+0800][43.380s][info][gc,phases   ] GC(406) Concurrent Prepare Relocation Set 0.003ms
[2026-06-18T16:37:25.732+0800][43.381s][info][gc,phases   ] GC(406) Pause Relocate Start 0.229ms
[2026-06-18T16:37:25.734+0800][43.384s][info][gc,phases   ] GC(406) Concurrent Relocate 1.869ms
[2026-06-18T16:37:25.735+0800][43.384s][info][gc,load     ] GC(406) Load: 0.56/0.39/0.25
[2026-06-18T16:37:25.736+0800][43.385s][info][gc,mmu      ] GC(406) MMU: 2ms/39.9%, 5ms/76.0%, 10ms/83.4%, 20ms/90.0%, 50ms/96.0%, 100ms/97.1%
[2026-06-18T16:37:25.736+0800][43.385s][info][gc,marking  ] GC(406) Mark: 2 stripe(s), 1 proactive flush(es), 1 terminate flush(es), 0 completion(s), 0 continuation(s) 
[2026-06-18T16:37:25.737+0800][43.386s][info][gc,reloc    ] GC(406) Relocation: Successful, 25M relocated
[2026-06-18T16:37:25.737+0800][43.386s][info][gc,nmethod  ] GC(406) NMethods: 25 registered, 0 unregistered
[2026-06-18T16:37:25.737+0800][43.387s][info][gc,metaspace] GC(406) Metaspace: 3M used, 4M capacity, 4M committed, 8M reserved
[2026-06-18T16:37:25.738+0800][43.387s][info][gc,ref      ] GC(406) Soft: 43 encountered, 0 discovered, 0 enqueued
[2026-06-18T16:37:25.738+0800][43.388s][info][gc,ref      ] GC(406) Weak: 7 encountered, 2 discovered, 0 enqueued
[2026-06-18T16:37:25.739+0800][43.388s][info][gc,ref      ] GC(406) Final: 0 encountered, 0 discovered, 0 enqueued
[2026-06-18T16:37:25.739+0800][43.388s][info][gc,ref      ] GC(406) Phantom: 1 encountered, 1 discovered, 0 enqueued
[2026-06-18T16:37:25.739+0800][43.389s][info][gc,heap     ] GC(406)                Mark Start          Mark End        Relocate Start      Relocate End           High               Low         
[2026-06-18T16:37:25.739+0800][43.389s][info][gc,heap     ] GC(406)  Capacity:      256M (100%)        256M (100%)        256M (100%)        256M (100%)        256M (100%)        256M (100%)   
[2026-06-18T16:37:25.740+0800][43.389s][info][gc,heap     ] GC(406)   Reserve:       62M (24%)          62M (24%)          62M (24%)          62M (24%)          62M (24%)          62M (24%)    
[2026-06-18T16:37:25.740+0800][43.389s][info][gc,heap     ] GC(406)      Free:       82M (32%)          82M (32%)          74M (29%)         144M (56%)         144M (56%)          44M (17%)    
[2026-06-18T16:37:25.740+0800][43.390s][info][gc,heap     ] GC(406)      Used:      112M (44%)         112M (44%)         120M (47%)          50M (20%)         150M (59%)          50M (20%)    
[2026-06-18T16:37:25.741+0800][43.390s][info][gc,heap     ] GC(406)      Live:         -                25M (10%)          25M (10%)          25M (10%)            -                  -          
[2026-06-18T16:37:25.742+0800][43.392s][info][gc,heap     ] GC(406) Allocated:         -                 0M (0%)           38M (15%)          46M (18%)            -                  -          
[2026-06-18T16:37:25.743+0800][43.392s][info][gc,heap     ] GC(406)   Garbage:         -                86M (34%)          56M (22%)    17592186044402M (6         -                  -          
[2026-06-18T16:37:25.743+0800][43.392s][info][gc,heap     ] GC(406) Reclaimed:         -                  -                30M (12%)         100M (39%)            -                  -          
[2026-06-18T16:37:25.743+0800][43.393s][info][gc          ] GC(406) Garbage Collection (Allocation Rate) 112M(44%)->50M(20%)
[2026-06-18T16:37:25.814+0800][43.463s][info][gc,start    ] GC(407) Garbage Collection (Allocation Rate)
[2026-06-18T16:37:25.816+0800][43.465s][info][gc,phases   ] GC(407) Pause Mark Start 0.368ms
[2026-06-18T16:37:25.819+0800][43.468s][info][gc,phases   ] GC(407) Concurrent Mark 1.790ms
[2026-06-18T16:37:25.820+0800][43.470s][info][gc,phases   ] GC(407) Pause Mark End 0.695ms
[2026-06-18T16:37:25.821+0800][43.471s][info][gc,phases   ] GC(407) Concurrent Process Non-Strong References 0.079ms
[2026-06-18T16:37:25.822+0800][43.471s][info][gc,phases   ] GC(407) Concurrent Reset Relocation Set 0.004ms
[2026-06-18T16:37:25.822+0800][43.472s][info][gc,phases   ] GC(407) Concurrent Destroy Detached Pages 0.001ms
[2026-06-18T16:37:25.823+0800][43.473s][info][gc,phases   ] GC(407) Concurrent Select Relocation Set 0.470ms
[2026-06-18T16:37:25.824+0800][43.473s][info][gc,phases   ] GC(407) Concurrent Prepare Relocation Set 0.009ms
[2026-06-18T16:37:25.824+0800][43.474s][info][gc,phases   ] GC(407) Pause Relocate Start 0.208ms
[2026-06-18T16:37:25.825+0800][43.474s][info][gc,phases   ] GC(407) Concurrent Relocate 0.320ms
[2026-06-18T16:37:25.826+0800][43.475s][info][gc,load     ] GC(407) Load: 0.56/0.39/0.25
[2026-06-18T16:37:25.826+0800][43.476s][info][gc,mmu      ] GC(407) MMU: 2ms/39.9%, 5ms/76.0%, 10ms/83.4%, 20ms/90.0%, 50ms/96.0%, 100ms/97.1%
[2026-06-18T16:37:25.827+0800][43.476s][info][gc,marking  ] GC(407) Mark: 2 stripe(s), 1 proactive flush(es), 1 terminate flush(es), 0 completion(s), 0 continuation(s) 
[2026-06-18T16:37:25.827+0800][43.476s][info][gc,reloc    ] GC(407) Relocation: Successful, 22M relocated
[2026-06-18T16:37:25.827+0800][43.477s][info][gc,nmethod  ] GC(407) NMethods: 25 registered, 0 unregistered
[2026-06-18T16:37:25.828+0800][43.477s][info][gc,metaspace] GC(407) Metaspace: 3M used, 4M capacity, 4M committed, 8M reserved
[2026-06-18T16:37:25.828+0800][43.477s][info][gc,ref      ] GC(407) Soft: 43 encountered, 0 discovered, 0 enqueued
[2026-06-18T16:37:25.828+0800][43.477s][info][gc,ref      ] GC(407) Weak: 7 encountered, 0 discovered, 0 enqueued
[2026-06-18T16:37:25.828+0800][43.477s][info][gc,ref      ] GC(407) Final: 0 encountered, 0 discovered, 0 enqueued
[2026-06-18T16:37:25.828+0800][43.478s][info][gc,ref      ] GC(407) Phantom: 1 encountered, 0 discovered, 0 enqueued
[2026-06-18T16:37:25.829+0800][43.478s][info][gc,heap     ] GC(407)                Mark Start          Mark End        Relocate Start      Relocate End           High               Low         
[2026-06-18T16:37:25.829+0800][43.478s][info][gc,heap     ] GC(407)  Capacity:      256M (100%)        256M (100%)        256M (100%)        256M (100%)        256M (100%)        256M (100%)   
[2026-06-18T16:37:25.829+0800][43.478s][info][gc,heap     ] GC(407)   Reserve:       62M (24%)          62M (24%)          62M (24%)          62M (24%)          62M (24%)          62M (24%)    
[2026-06-18T16:37:25.829+0800][43.479s][info][gc,heap     ] GC(407)      Free:      114M (45%)         114M (45%)         104M (41%)         116M (45%)         116M (45%)          76M (30%)    
[2026-06-18T16:37:25.829+0800][43.479s][info][gc,heap     ] GC(407)      Used:       80M (31%)          80M (31%)          90M (35%)          78M (30%)         118M (46%)          78M (30%)    
[2026-06-18T16:37:25.830+0800][43.479s][info][gc,heap     ] GC(407)      Live:         -                22M (9%)           22M (9%)           22M (9%)             -                  -          
[2026-06-18T16:37:25.830+0800][43.479s][info][gc,heap     ] GC(407) Allocated:         -                 0M (0%)           38M (15%)          44M (17%)            -                  -          
[2026-06-18T16:37:25.830+0800][43.479s][info][gc,heap     ] GC(407)   Garbage:         -                57M (23%)          29M (12%)          17M (7%)             -                  -          
[2026-06-18T16:37:25.830+0800][43.480s][info][gc,heap     ] GC(407) Reclaimed:         -                  -                28M (11%)          40M (16%)            -                  -          
[2026-06-18T16:37:25.831+0800][43.480s][info][gc          ] GC(407) Garbage Collection (Allocation Rate) 80M(31%)->78M(30%)
[2026-06-18T16:37:25.913+0800][43.562s][info][gc,start    ] GC(408) Garbage Collection (Allocation Rate)
[2026-06-18T16:37:25.915+0800][43.564s][info][gc,phases   ] GC(408) Pause Mark Start 0.214ms
[2026-06-18T16:37:25.918+0800][43.567s][info][gc,phases   ] GC(408) Concurrent Mark 1.852ms
[2026-06-18T16:37:25.923+0800][43.572s][info][gc,phases   ] GC(408) Pause Mark End 0.453ms
[2026-06-18T16:37:25.925+0800][43.575s][info][gc,phases   ] GC(408) Concurrent Process Non-Strong References 0.154ms
[2026-06-18T16:37:25.930+0800][43.579s][info][gc,phases   ] GC(408) Concurrent Reset Relocation Set 0.004ms
[2026-06-18T16:37:25.931+0800][43.580s][info][gc,phases   ] GC(408) Concurrent Destroy Detached Pages 0.001ms
[2026-06-18T16:37:25.933+0800][43.582s][info][gc,phases   ] GC(408) Concurrent Select Relocation Set 0.783ms
[2026-06-18T16:37:25.934+0800][43.583s][info][gc,phases   ] GC(408) Concurrent Prepare Relocation Set 0.009ms
[2026-06-18T16:37:25.935+0800][43.585s][info][gc,phases   ] GC(408) Pause Relocate Start 0.339ms
[2026-06-18T16:37:25.938+0800][43.587s][info][gc,phases   ] GC(408) Concurrent Relocate 2.167ms
[2026-06-18T16:37:25.939+0800][43.588s][info][gc,load     ] GC(408) Load: 0.52/0.38/0.25
[2026-06-18T16:37:25.939+0800][43.589s][info][gc,mmu      ] GC(408) MMU: 2ms/39.9%, 5ms/76.0%, 10ms/83.4%, 20ms/90.0%, 50ms/96.0%, 100ms/97.1%
[2026-06-18T16:37:25.940+0800][43.589s][info][gc,marking  ] GC(408) Mark: 2 stripe(s), 1 proactive flush(es), 1 terminate flush(es), 0 completion(s), 0 continuation(s) 
[2026-06-18T16:37:25.940+0800][43.590s][info][gc,reloc    ] GC(408) Relocation: Successful, 25M relocated
[2026-06-18T16:37:25.941+0800][43.590s][info][gc,nmethod  ] GC(408) NMethods: 25 registered, 0 unregistered
[2026-06-18T16:37:25.941+0800][43.591s][info][gc,metaspace] GC(408) Metaspace: 3M used, 4M capacity, 4M committed, 8M reserved
[2026-06-18T16:37:25.942+0800][43.591s][info][gc,ref      ] GC(408) Soft: 43 encountered, 0 discovered, 0 enqueued
[2026-06-18T16:37:25.942+0800][43.591s][info][gc,ref      ] GC(408) Weak: 7 encountered, 2 discovered, 0 enqueued
[2026-06-18T16:37:25.942+0800][43.592s][info][gc,ref      ] GC(408) Final: 0 encountered, 0 discovered, 0 enqueued
[2026-06-18T16:37:25.943+0800][43.592s][info][gc,ref      ] GC(408) Phantom: 1 encountered, 1 discovered, 0 enqueued
[2026-06-18T16:37:25.943+0800][43.592s][info][gc,heap     ] GC(408)                Mark Start          Mark End        Relocate Start      Relocate End           High               Low         
[2026-06-18T16:37:25.943+0800][43.592s][info][gc,heap     ] GC(408)  Capacity:      256M (100%)        256M (100%)        256M (100%)        256M (100%)        256M (100%)        256M (100%)   
[2026-06-18T16:37:25.943+0800][43.593s][info][gc,heap     ] GC(408)   Reserve:       62M (24%)          62M (24%)          62M (24%)          62M (24%)          62M (24%)          62M (24%)    
[2026-06-18T16:37:25.944+0800][43.593s][info][gc,heap     ] GC(408)      Free:       86M (34%)          48M (19%)          74M (29%)         138M (54%)         138M (54%)          46M (18%)    
[2026-06-18T16:37:25.944+0800][43.593s][info][gc,heap     ] GC(408)      Used:      108M (42%)         146M (57%)         120M (47%)          56M (22%)         148M (58%)          56M (22%)    
[2026-06-18T16:37:25.944+0800][43.593s][info][gc,heap     ] GC(408)      Live:         -                27M (11%)          27M (11%)          27M (11%)            -                  -          
[2026-06-18T16:37:25.944+0800][43.594s][info][gc,heap     ] GC(408) Allocated:         -                38M (15%)          40M (16%)          52M (20%)            -                  -          
[2026-06-18T16:37:25.945+0800][43.594s][info][gc,heap     ] GC(408)   Garbage:         -                80M (31%)          52M (20%)    17592186044400M (6         -                  -          
[2026-06-18T16:37:25.945+0800][43.594s][info][gc,heap     ] GC(408) Reclaimed:         -                  -                28M (11%)          96M (38%)            -                  -          
[2026-06-18T16:37:25.945+0800][43.594s][info][gc          ] GC(408) Garbage Collection (Allocation Rate) 108M(42%)->56M(22%)
[2026-06-18T16:37:26.013+0800][43.663s][info][gc,start    ] GC(409) Garbage Collection (Allocation Rate)
[2026-06-18T16:37:26.016+0800][43.666s][info][gc,phases   ] GC(409) Pause Mark Start 0.558ms
[2026-06-18T16:37:26.020+0800][43.669s][info][gc,phases   ] GC(409) Concurrent Mark 2.185ms
[2026-06-18T16:37:26.023+0800][43.672s][info][gc,phases   ] GC(409) Pause Mark End 0.655ms
[2026-06-18T16:37:26.024+0800][43.674s][info][gc,phases   ] GC(409) Concurrent Process Non-Strong References 0.390ms
[2026-06-18T16:37:26.025+0800][43.675s][info][gc,phases   ] GC(409) Concurrent Reset Relocation Set 0.004ms
[2026-06-18T16:37:26.026+0800][43.676s][info][gc,phases   ] GC(409) Concurrent Destroy Detached Pages 0.002ms
[2026-06-18T16:37:26.028+0800][43.677s][info][gc,phases   ] GC(409) Concurrent Select Relocation Set 0.902ms
[2026-06-18T16:37:26.029+0800][43.678s][info][gc,phases   ] GC(409) Concurrent Prepare Relocation Set 0.009ms
[2026-06-18T16:37:26.030+0800][43.679s][info][gc,phases   ] GC(409) Pause Relocate Start 0.190ms
[2026-06-18T16:37:26.031+0800][43.680s][info][gc,phases   ] GC(409) Concurrent Relocate 0.556ms
[2026-06-18T16:37:26.032+0800][43.681s][info][gc,load     ] GC(409) Load: 0.52/0.38/0.25
[2026-06-18T16:37:26.032+0800][43.681s][info][gc,mmu      ] GC(409) MMU: 2ms/39.9%, 5ms/76.0%, 10ms/83.4%, 20ms/90.0%, 50ms/96.0%, 100ms/97.1%
[2026-06-18T16:37:26.033+0800][43.682s][info][gc,marking  ] GC(409) Mark: 2 stripe(s), 1 proactive flush(es), 1 terminate flush(es), 0 completion(s), 0 continuation(s) 
[2026-06-18T16:37:26.033+0800][43.683s][info][gc,reloc    ] GC(409) Relocation: Successful, 24M relocated
[2026-06-18T16:37:26.034+0800][43.683s][info][gc,nmethod  ] GC(409) NMethods: 25 registered, 0 unregistered
[2026-06-18T16:37:26.034+0800][43.683s][info][gc,metaspace] GC(409) Metaspace: 3M used, 4M capacity, 4M committed, 8M reserved
[2026-06-18T16:37:26.034+0800][43.684s][info][gc,ref      ] GC(409) Soft: 43 encountered, 0 discovered, 0 enqueued
[2026-06-18T16:37:26.035+0800][43.684s][info][gc,ref      ] GC(409) Weak: 7 encountered, 2 discovered, 0 enqueued
[2026-06-18T16:37:26.035+0800][43.684s][info][gc,ref      ] GC(409) Final: 0 encountered, 0 discovered, 0 enqueued
[2026-06-18T16:37:26.035+0800][43.685s][info][gc,ref      ] GC(409) Phantom: 1 encountered, 1 discovered, 0 enqueued
[2026-06-18T16:37:26.036+0800][43.685s][info][gc,heap     ] GC(409)                Mark Start          Mark End        Relocate Start      Relocate End           High               Low         
[2026-06-18T16:37:26.036+0800][43.685s][info][gc,heap     ] GC(409)  Capacity:      256M (100%)        256M (100%)        256M (100%)        256M (100%)        256M (100%)        256M (100%)   
[2026-06-18T16:37:26.036+0800][43.685s][info][gc,heap     ] GC(409)   Reserve:       62M (24%)          62M (24%)          62M (24%)          62M (24%)          62M (24%)          62M (24%)    
[2026-06-18T16:37:26.036+0800][43.686s][info][gc,heap     ] GC(409)      Free:      110M (43%)         110M (43%)         136M (53%)         148M (58%)         148M (58%)         106M (41%)    
[2026-06-18T16:37:26.037+0800][43.686s][info][gc,heap     ] GC(409)      Used:       84M (33%)          84M (33%)          58M (23%)          46M (18%)          88M (34%)          46M (18%)    
[2026-06-18T16:37:26.037+0800][43.686s][info][gc,heap     ] GC(409)      Live:         -                26M (10%)          26M (10%)          26M (10%)            -                  -          
[2026-06-18T16:37:26.037+0800][43.686s][info][gc,heap     ] GC(409) Allocated:         -                 0M (0%)            4M (2%)           12M (5%)             -                  -          
[2026-06-18T16:37:26.037+0800][43.687s][info][gc,heap     ] GC(409)   Garbage:         -                57M (22%)          27M (11%)          15M (6%)             -                  -          
[2026-06-18T16:37:26.038+0800][43.687s][info][gc,heap     ] GC(409) Reclaimed:         -                  -                30M (12%)          42M (16%)            -                  -          
[2026-06-18T16:37:26.038+0800][43.687s][info][gc          ] GC(409) Garbage Collection (Allocation Rate) 84M(33%)->46M(18%)
[2026-06-18T16:37:26.114+0800][43.763s][info][gc,start    ] GC(410) Garbage Collection (Allocation Rate)
[2026-06-18T16:37:26.117+0800][43.766s][info][gc,phases   ] GC(410) Pause Mark Start 0.669ms
[2026-06-18T16:37:26.121+0800][43.770s][info][gc,phases   ] GC(410) Concurrent Mark 2.295ms
[2026-06-18T16:37:26.126+0800][43.775s][info][gc,phases   ] GC(410) Pause Mark End 0.658ms
[2026-06-18T16:37:26.128+0800][43.777s][info][gc,phases   ] GC(410) Concurrent Process Non-Strong References 0.442ms
[2026-06-18T16:37:26.129+0800][43.778s][info][gc,phases   ] GC(410) Concurrent Reset Relocation Set 0.006ms
[2026-06-18T16:37:26.130+0800][43.779s][info][gc,phases   ] GC(410) Concurrent Destroy Detached Pages 0.001ms
[2026-06-18T16:37:26.132+0800][43.781s][info][gc,phases   ] GC(410) Concurrent Select Relocation Set 0.934ms
[2026-06-18T16:37:26.132+0800][43.782s][info][gc,phases   ] GC(410) Concurrent Prepare Relocation Set 0.015ms
[2026-06-18T16:37:26.133+0800][43.783s][info][gc,phases   ] GC(410) Pause Relocate Start 0.187ms
[2026-06-18T16:37:26.136+0800][43.785s][info][gc,phases   ] GC(410) Concurrent Relocate 1.697ms
[2026-06-18T16:37:26.136+0800][43.785s][info][gc,load     ] GC(410) Load: 0.52/0.38/0.25
[2026-06-18T16:37:26.137+0800][43.786s][info][gc,mmu      ] GC(410) MMU: 2ms/39.9%, 5ms/76.0%, 10ms/83.4%, 20ms/90.0%, 50ms/96.0%, 100ms/97.1%
[2026-06-18T16:37:26.137+0800][43.786s][info][gc,marking  ] GC(410) Mark: 2 stripe(s), 1 proactive flush(es), 1 terminate flush(es), 0 completion(s), 0 continuation(s) 
[2026-06-18T16:37:26.137+0800][43.786s][info][gc,reloc    ] GC(410) Relocation: Successful, 23M relocated
[2026-06-18T16:37:26.137+0800][43.787s][info][gc,nmethod  ] GC(410) NMethods: 25 registered, 0 unregistered
[2026-06-18T16:37:26.138+0800][43.787s][info][gc,metaspace] GC(410) Metaspace: 3M used, 4M capacity, 4M committed, 8M reserved
[2026-06-18T16:37:26.138+0800][43.787s][info][gc,ref      ] GC(410) Soft: 43 encountered, 0 discovered, 0 enqueued
[2026-06-18T16:37:26.138+0800][43.788s][info][gc,ref      ] GC(410) Weak: 7 encountered, 2 discovered, 0 enqueued
[2026-06-18T16:37:26.139+0800][43.788s][info][gc,ref      ] GC(410) Final: 0 encountered, 0 discovered, 0 enqueued
[2026-06-18T16:37:26.139+0800][43.788s][info][gc,ref      ] GC(410) Phantom: 1 encountered, 1 discovered, 0 enqueued
[2026-06-18T16:37:26.139+0800][43.788s][info][gc,heap     ] GC(410)                Mark Start          Mark End        Relocate Start      Relocate End           High               Low         
[2026-06-18T16:37:26.139+0800][43.789s][info][gc,heap     ] GC(410)  Capacity:      256M (100%)        256M (100%)        256M (100%)        256M (100%)        256M (100%)        256M (100%)   
[2026-06-18T16:37:26.139+0800][43.789s][info][gc,heap     ] GC(410)   Reserve:       62M (24%)          62M (24%)          62M (24%)          62M (24%)          62M (24%)          62M (24%)    
[2026-06-18T16:37:26.140+0800][43.789s][info][gc,heap     ] GC(410)      Free:       86M (34%)          86M (34%)         114M (45%)         148M (58%)         148M (58%)          76M (30%)    
[2026-06-18T16:37:26.140+0800][43.789s][info][gc,heap     ] GC(410)      Used:      108M (42%)         108M (42%)          80M (31%)          46M (18%)         118M (46%)          46M (18%)    
[2026-06-18T16:37:26.140+0800][43.790s][info][gc,heap     ] GC(410)      Live:         -                23M (9%)           23M (9%)           23M (9%)             -                  -          
[2026-06-18T16:37:26.141+0800][43.790s][info][gc,heap     ] GC(410) Allocated:         -                 0M (0%)            4M (2%)           44M (17%)            -                  -          
[2026-06-18T16:37:26.141+0800][43.790s][info][gc,heap     ] GC(410)   Garbage:         -                84M (33%)          52M (20%)          18M (7%)             -                  -          
[2026-06-18T16:37:26.141+0800][43.790s][info][gc,heap     ] GC(410) Reclaimed:         -                  -                32M (12%)          66M (26%)            -                  -          
[2026-06-18T16:37:26.141+0800][43.791s][info][gc          ] GC(410) Garbage Collection (Allocation Rate) 108M(42%)->46M(18%)
[2026-06-18T16:37:26.213+0800][43.863s][info][gc,start    ] GC(411) Garbage Collection (Allocation Rate)
[2026-06-18T16:37:26.217+0800][43.866s][info][gc,phases   ] GC(411) Pause Mark Start 0.513ms
[2026-06-18T16:37:26.222+0800][43.871s][info][gc,phases   ] GC(411) Concurrent Mark 2.333ms
[2026-06-18T16:37:26.225+0800][43.874s][info][gc,phases   ] GC(411) Pause Mark End 0.811ms
[2026-06-18T16:37:26.226+0800][43.876s][info][gc,phases   ] GC(411) Concurrent Process Non-Strong References 0.417ms
[2026-06-18T16:37:26.227+0800][43.877s][info][gc,phases   ] GC(411) Concurrent Reset Relocation Set 0.004ms
[2026-06-18T16:37:26.228+0800][43.878s][info][gc,phases   ] GC(411) Concurrent Destroy Detached Pages 0.001ms
[2026-06-18T16:37:26.230+0800][43.880s][info][gc,phases   ] GC(411) Concurrent Select Relocation Set 0.959ms
[2026-06-18T16:37:26.232+0800][43.881s][info][gc,phases   ] GC(411) Concurrent Prepare Relocation Set 0.011ms
[2026-06-18T16:37:26.233+0800][43.882s][info][gc,phases   ] GC(411) Pause Relocate Start 0.234ms
[2026-06-18T16:37:26.234+0800][43.883s][info][gc,phases   ] GC(411) Concurrent Relocate 0.523ms
[2026-06-18T16:37:26.235+0800][43.884s][info][gc,load     ] GC(411) Load: 0.52/0.38/0.25
[2026-06-18T16:37:26.235+0800][43.885s][info][gc,mmu      ] GC(411) MMU: 2ms/39.9%, 5ms/76.0%, 10ms/83.4%, 20ms/90.0%, 50ms/96.0%, 100ms/97.1%
[2026-06-18T16:37:26.236+0800][43.885s][info][gc,marking  ] GC(411) Mark: 2 stripe(s), 1 proactive flush(es), 1 terminate flush(es), 0 completion(s), 0 continuation(s) 
[2026-06-18T16:37:26.236+0800][43.886s][info][gc,reloc    ] GC(411) Relocation: Successful, 22M relocated
[2026-06-18T16:37:26.237+0800][43.886s][info][gc,nmethod  ] GC(411) NMethods: 25 registered, 0 unregistered
[2026-06-18T16:37:26.237+0800][43.886s][info][gc,metaspace] GC(411) Metaspace: 3M used, 4M capacity, 4M committed, 8M reserved
[2026-06-18T16:37:26.238+0800][43.887s][info][gc,ref      ] GC(411) Soft: 43 encountered, 0 discovered, 0 enqueued
[2026-06-18T16:37:26.238+0800][43.887s][info][gc,ref      ] GC(411) Weak: 7 encountered, 0 discovered, 0 enqueued
[2026-06-18T16:37:26.238+0800][43.888s][info][gc,ref      ] GC(411) Final: 0 encountered, 0 discovered, 0 enqueued
[2026-06-18T16:37:26.239+0800][43.888s][info][gc,ref      ] GC(411) Phantom: 1 encountered, 1 discovered, 0 enqueued
[2026-06-18T16:37:26.239+0800][43.888s][info][gc,heap     ] GC(411)                Mark Start          Mark End        Relocate Start      Relocate End           High               Low         
[2026-06-18T16:37:26.239+0800][43.888s][info][gc,heap     ] GC(411)  Capacity:      256M (100%)        256M (100%)        256M (100%)        256M (100%)        256M (100%)        256M (100%)   
[2026-06-18T16:37:26.239+0800][43.889s][info][gc,heap     ] GC(411)   Reserve:       62M (24%)          62M (24%)          62M (24%)          62M (24%)          62M (24%)          62M (24%)    
[2026-06-18T16:37:26.240+0800][43.889s][info][gc,heap     ] GC(411)      Free:      116M (45%)         116M (45%)         144M (56%)         148M (58%)         148M (58%)         112M (44%)    
[2026-06-18T16:37:26.240+0800][43.889s][info][gc,heap     ] GC(411)      Used:       78M (30%)          78M (30%)          50M (20%)          46M (18%)          82M (32%)          46M (18%)    
[2026-06-18T16:37:26.240+0800][43.889s][info][gc,heap     ] GC(411)      Live:         -                24M (10%)          24M (10%)          24M (10%)            -                  -          
[2026-06-18T16:37:26.240+0800][43.890s][info][gc,heap     ] GC(411) Allocated:         -                 0M (0%)            4M (2%)           10M (4%)             -                  -          
[2026-06-18T16:37:26.241+0800][43.890s][info][gc,heap     ] GC(411)   Garbage:         -                53M (21%)          21M (8%)           17M (7%)             -                  -          
[2026-06-18T16:37:26.241+0800][43.890s][info][gc,heap     ] GC(411) Reclaimed:         -                  -                32M (12%)          36M (14%)            -                  -          
[2026-06-18T16:37:26.241+0800][43.890s][info][gc          ] GC(411) Garbage Collection (Allocation Rate) 78M(30%)->46M(18%)
[2026-06-18T16:37:26.314+0800][43.963s][info][gc,start    ] GC(412) Garbage Collection (Allocation Rate)
[2026-06-18T16:37:26.317+0800][43.966s][info][gc,phases   ] GC(412) Pause Mark Start 0.468ms
[2026-06-18T16:37:26.321+0800][43.970s][info][gc,phases   ] GC(412) Concurrent Mark 2.328ms
[2026-06-18T16:37:26.323+0800][43.973s][info][gc,phases   ] GC(412) Pause Mark End 0.691ms
[2026-06-18T16:37:26.329+0800][43.979s][info][gc,phases   ] GC(412) Concurrent Process Non-Strong References 0.306ms
[2026-06-18T16:37:26.333+0800][43.982s][info][gc,phases   ] GC(412) Concurrent Reset Relocation Set 0.005ms
[2026-06-18T16:37:26.335+0800][43.984s][info][gc,phases   ] GC(412) Concurrent Destroy Detached Pages 0.002ms
[2026-06-18T16:37:26.340+0800][43.990s][info][gc,phases   ] GC(412) Concurrent Select Relocation Set 1.394ms
[2026-06-18T16:37:26.343+0800][43.993s][info][gc,phases   ] GC(412) Concurrent Prepare Relocation Set 0.015ms
[2026-06-18T16:37:26.349+0800][43.998s][info][gc,phases   ] GC(412) Pause Relocate Start 0.333ms
[2026-06-18T16:37:26.354+0800][44.003s][info][gc,phases   ] GC(412) Concurrent Relocate 2.079ms
[2026-06-18T16:37:26.356+0800][44.005s][info][gc,load     ] GC(412) Load: 0.52/0.38/0.25
[2026-06-18T16:37:26.359+0800][44.008s][info][gc,mmu      ] GC(412) MMU: 2ms/39.9%, 5ms/76.0%, 10ms/83.4%, 20ms/90.0%, 50ms/96.0%, 100ms/97.1%
[2026-06-18T16:37:26.364+0800][44.014s][info][gc,marking  ] GC(412) Mark: 2 stripe(s), 1 proactive flush(es), 1 terminate flush(es), 0 completion(s), 0 continuation(s) 
[2026-06-18T16:37:26.367+0800][44.016s][info][gc,reloc    ] GC(412) Relocation: Successful, 18M relocated
[2026-06-18T16:37:26.369+0800][44.018s][info][gc,nmethod  ] GC(412) NMethods: 25 registered, 0 unregistered
[2026-06-18T16:37:26.371+0800][44.021s][info][gc,metaspace] GC(412) Metaspace: 3M used, 4M capacity, 4M committed, 8M reserved
[2026-06-18T16:37:26.373+0800][44.023s][info][gc,ref      ] GC(412) Soft: 43 encountered, 0 discovered, 0 enqueued
[2026-06-18T16:37:26.376+0800][44.025s][info][gc,ref      ] GC(412) Weak: 7 encountered, 0 discovered, 0 enqueued
[2026-06-18T16:37:26.378+0800][44.027s][info][gc,ref      ] GC(412) Final: 0 encountered, 0 discovered, 0 enqueued
[2026-06-18T16:37:26.378+0800][44.027s][info][gc,ref      ] GC(412) Phantom: 1 encountered, 0 discovered, 0 enqueued
[2026-06-18T16:37:26.379+0800][44.028s][info][gc,heap     ] GC(412)                Mark Start          Mark End        Relocate Start      Relocate End           High               Low         
[2026-06-18T16:37:26.379+0800][44.029s][info][gc,heap     ] GC(412)  Capacity:      256M (100%)        256M (100%)        256M (100%)        256M (100%)        256M (100%)        256M (100%)   
[2026-06-18T16:37:26.380+0800][44.029s][info][gc,heap     ] GC(412)   Reserve:       62M (24%)          62M (24%)          62M (24%)          62M (24%)          62M (24%)          62M (24%)    
[2026-06-18T16:37:26.380+0800][44.030s][info][gc,heap     ] GC(412)      Free:       84M (33%)          80M (31%)         104M (41%)         140M (55%)         140M (55%)          64M (25%)    
[2026-06-18T16:37:26.381+0800][44.030s][info][gc,heap     ] GC(412)      Used:      110M (43%)         114M (45%)          90M (35%)          54M (21%)         130M (51%)          54M (21%)    
[2026-06-18T16:37:26.382+0800][44.031s][info][gc,heap     ] GC(412)      Live:         -                20M (8%)           20M (8%)           20M (8%)             -                  -          
[2026-06-18T16:37:26.383+0800][44.033s][info][gc,heap     ] GC(412) Allocated:         -                 4M (2%)            8M (3%)           50M (20%)            -                  -          
[2026-06-18T16:37:26.385+0800][44.034s][info][gc,heap     ] GC(412)   Garbage:         -                89M (35%)          61M (24%)          21M (8%)             -                  -          
[2026-06-18T16:37:26.386+0800][44.035s][info][gc,heap     ] GC(412) Reclaimed:         -                  -                28M (11%)          68M (27%)            -                  -          
[2026-06-18T16:37:26.386+0800][44.036s][info][gc          ] GC(412) Garbage Collection (Allocation Rate) 110M(43%)->54M(21%)
[2026-06-18T16:37:26.414+0800][44.063s][info][gc,start    ] GC(413) Garbage Collection (Allocation Rate)
[2026-06-18T16:37:26.417+0800][44.066s][info][gc,phases   ] GC(413) Pause Mark Start 0.478ms
[2026-06-18T16:37:26.421+0800][44.071s][info][gc,phases   ] GC(413) Concurrent Mark 2.351ms
[2026-06-18T16:37:26.424+0800][44.073s][info][gc,phases   ] GC(413) Pause Mark End 0.639ms
[2026-06-18T16:37:26.425+0800][44.074s][info][gc,phases   ] GC(413) Concurrent Process Non-Strong References 0.237ms
[2026-06-18T16:37:26.426+0800][44.075s][info][gc,phases   ] GC(413) Concurrent Reset Relocation Set 0.004ms
[2026-06-18T16:37:26.426+0800][44.076s][info][gc,phases   ] GC(413) Concurrent Destroy Detached Pages 0.001ms
[2026-06-18T16:37:26.428+0800][44.077s][info][gc,phases   ] GC(413) Concurrent Select Relocation Set 0.945ms
[2026-06-18T16:37:26.428+0800][44.078s][info][gc,phases   ] GC(413) Concurrent Prepare Relocation Set 0.003ms
[2026-06-18T16:37:26.429+0800][44.079s][info][gc,phases   ] GC(413) Pause Relocate Start 0.204ms
[2026-06-18T16:37:26.430+0800][44.079s][info][gc,phases   ] GC(413) Concurrent Relocate 0.264ms
[2026-06-18T16:37:26.431+0800][44.080s][info][gc,load     ] GC(413) Load: 0.52/0.38/0.25
[2026-06-18T16:37:26.431+0800][44.080s][info][gc,mmu      ] GC(413) MMU: 2ms/39.9%, 5ms/76.0%, 10ms/83.4%, 20ms/90.0%, 50ms/96.0%, 100ms/97.1%
[2026-06-18T16:37:26.431+0800][44.081s][info][gc,marking  ] GC(413) Mark: 2 stripe(s), 2 proactive flush(es), 1 terminate flush(es), 0 completion(s), 0 continuation(s) 
[2026-06-18T16:37:26.432+0800][44.081s][info][gc,reloc    ] GC(413) Relocation: Successful, 23M relocated
[2026-06-18T16:37:26.432+0800][44.081s][info][gc,nmethod  ] GC(413) NMethods: 25 registered, 0 unregistered
[2026-06-18T16:37:26.432+0800][44.082s][info][gc,metaspace] GC(413) Metaspace: 3M used, 4M capacity, 4M committed, 8M reserved
[2026-06-18T16:37:26.433+0800][44.082s][info][gc,ref      ] GC(413) Soft: 43 encountered, 0 discovered, 0 enqueued
[2026-06-18T16:37:26.433+0800][44.082s][info][gc,ref      ] GC(413) Weak: 7 encountered, 2 discovered, 0 enqueued
[2026-06-18T16:37:26.433+0800][44.083s][info][gc,ref      ] GC(413) Final: 0 encountered, 0 discovered, 0 enqueued
[2026-06-18T16:37:26.434+0800][44.083s][info][gc,ref      ] GC(413) Phantom: 1 encountered, 1 discovered, 0 enqueued
[2026-06-18T16:37:26.434+0800][44.083s][info][gc,heap     ] GC(413)                Mark Start          Mark End        Relocate Start      Relocate End           High               Low         
[2026-06-18T16:37:26.434+0800][44.084s][info][gc,heap     ] GC(413)  Capacity:      256M (100%)        256M (100%)        256M (100%)        256M (100%)        256M (100%)        256M (100%)   
[2026-06-18T16:37:26.435+0800][44.084s][info][gc,heap     ] GC(413)   Reserve:       62M (24%)          62M (24%)          62M (24%)          62M (24%)          62M (24%)          62M (24%)    
[2026-06-18T16:37:26.435+0800][44.084s][info][gc,heap     ] GC(413)      Free:      116M (45%)         114M (45%)         140M (55%)         144M (56%)         144M (56%)         114M (45%)    
[2026-06-18T16:37:26.435+0800][44.084s][info][gc,heap     ] GC(413)      Used:       78M (30%)          80M (31%)          54M (21%)          50M (20%)          80M (31%)          50M (20%)    
[2026-06-18T16:37:26.435+0800][44.085s][info][gc,heap     ] GC(413)      Live:         -                26M (10%)          26M (10%)          26M (10%)            -                  -          
[2026-06-18T16:37:26.435+0800][44.085s][info][gc,heap     ] GC(413) Allocated:         -                 2M (1%)            2M (1%)           12M (5%)             -                  -          
[2026-06-18T16:37:26.436+0800][44.085s][info][gc,heap     ] GC(413)   Garbage:         -                51M (20%)          25M (10%)          17M (7%)             -                  -          
[2026-06-18T16:37:26.436+0800][44.085s][info][gc,heap     ] GC(413) Reclaimed:         -                  -                26M (10%)          34M (13%)            -                  -          
[2026-06-18T16:37:26.436+0800][44.086s][info][gc          ] GC(413) Garbage Collection (Allocation Rate) 78M(30%)->50M(20%)
[2026-06-18T16:37:26.513+0800][44.163s][info][gc,start    ] GC(414) Garbage Collection (Allocation Rate)
[2026-06-18T16:37:26.517+0800][44.166s][info][gc,phases   ] GC(414) Pause Mark Start 0.319ms
[2026-06-18T16:37:26.520+0800][44.169s][info][gc,phases   ] GC(414) Concurrent Mark 1.655ms
[2026-06-18T16:37:26.521+0800][44.171s][info][gc,phases   ] GC(414) Pause Mark End 0.358ms
[2026-06-18T16:37:26.522+0800][44.172s][info][gc,phases   ] GC(414) Concurrent Process Non-Strong References 0.122ms
[2026-06-18T16:37:26.523+0800][44.172s][info][gc,phases   ] GC(414) Concurrent Reset Relocation Set 0.002ms
[2026-06-18T16:37:26.523+0800][44.173s][info][gc,phases   ] GC(414) Concurrent Destroy Detached Pages 0.001ms
[2026-06-18T16:37:26.524+0800][44.174s][info][gc,phases   ] GC(414) Concurrent Select Relocation Set 0.566ms
[2026-06-18T16:37:26.525+0800][44.174s][info][gc,phases   ] GC(414) Concurrent Prepare Relocation Set 0.003ms
[2026-06-18T16:37:26.525+0800][44.175s][info][gc,phases   ] GC(414) Pause Relocate Start 0.198ms
[2026-06-18T16:37:26.529+0800][44.178s][info][gc,phases   ] GC(414) Concurrent Relocate 1.494ms
[2026-06-18T16:37:26.530+0800][44.179s][info][gc,load     ] GC(414) Load: 0.52/0.38/0.25
[2026-06-18T16:37:26.530+0800][44.179s][info][gc,mmu      ] GC(414) MMU: 2ms/39.9%, 5ms/76.0%, 10ms/83.4%, 20ms/90.0%, 50ms/96.0%, 100ms/97.1%
[2026-06-18T16:37:26.531+0800][44.180s][info][gc,marking  ] GC(414) Mark: 2 stripe(s), 1 proactive flush(es), 1 terminate flush(es), 0 completion(s), 0 continuation(s) 
[2026-06-18T16:37:26.534+0800][44.183s][info][gc,reloc    ] GC(414) Relocation: Successful, 21M relocated
[2026-06-18T16:37:26.535+0800][44.184s][info][gc,nmethod  ] GC(414) NMethods: 25 registered, 0 unregistered
[2026-06-18T16:37:26.535+0800][44.184s][info][gc,metaspace] GC(414) Metaspace: 3M used, 4M capacity, 4M committed, 8M reserved
[2026-06-18T16:37:26.535+0800][44.185s][info][gc,ref      ] GC(414) Soft: 43 encountered, 0 discovered, 0 enqueued
[2026-06-18T16:37:26.536+0800][44.185s][info][gc,ref      ] GC(414) Weak: 7 encountered, 0 discovered, 0 enqueued
[2026-06-18T16:37:26.536+0800][44.185s][info][gc,ref      ] GC(414) Final: 0 encountered, 0 discovered, 0 enqueued
[2026-06-18T16:37:26.536+0800][44.186s][info][gc,ref      ] GC(414) Phantom: 1 encountered, 0 discovered, 0 enqueued
[2026-06-18T16:37:26.537+0800][44.186s][info][gc,heap     ] GC(414)                Mark Start          Mark End        Relocate Start      Relocate End           High               Low         
[2026-06-18T16:37:26.537+0800][44.186s][info][gc,heap     ] GC(414)  Capacity:      256M (100%)        256M (100%)        256M (100%)        256M (100%)        256M (100%)        256M (100%)   
[2026-06-18T16:37:26.537+0800][44.187s][info][gc,heap     ] GC(414)   Reserve:       62M (24%)          62M (24%)          62M (24%)          62M (24%)          62M (24%)          62M (24%)    
[2026-06-18T16:37:26.538+0800][44.187s][info][gc,heap     ] GC(414)      Free:       82M (32%)          82M (32%)         112M (44%)         146M (57%)         146M (57%)          74M (29%)    
[2026-06-18T16:37:26.538+0800][44.187s][info][gc,heap     ] GC(414)      Used:      112M (44%)         112M (44%)          82M (32%)          48M (19%)         120M (47%)          48M (19%)    
[2026-06-18T16:37:26.538+0800][44.187s][info][gc,heap     ] GC(414)      Live:         -                22M (9%)           22M (9%)           22M (9%)             -                  -          
[2026-06-18T16:37:26.538+0800][44.188s][info][gc,heap     ] GC(414) Allocated:         -                 0M (0%)            0M (0%)           44M (17%)            -                  -          
[2026-06-18T16:37:26.539+0800][44.188s][info][gc,heap     ] GC(414)   Garbage:         -                89M (35%)          59M (23%)          21M (8%)             -                  -          
[2026-06-18T16:37:26.539+0800][44.188s][info][gc,heap     ] GC(414) Reclaimed:         -                  -                30M (12%)          68M (27%)            -                  -          
[2026-06-18T16:37:26.539+0800][44.188s][info][gc          ] GC(414) Garbage Collection (Allocation Rate) 112M(44%)->48M(19%)
[2026-06-18T16:37:26.614+0800][44.263s][info][gc,start    ] GC(415) Garbage Collection (Allocation Rate)
[2026-06-18T16:37:26.616+0800][44.266s][info][gc,phases   ] GC(415) Pause Mark Start 0.438ms
[2026-06-18T16:37:26.620+0800][44.269s][info][gc,phases   ] GC(415) Concurrent Mark 2.106ms
[2026-06-18T16:37:26.622+0800][44.271s][info][gc,phases   ] GC(415) Pause Mark End 0.552ms
[2026-06-18T16:37:26.624+0800][44.273s][info][gc,phases   ] GC(415) Concurrent Process Non-Strong References 0.375ms
[2026-06-18T16:37:26.625+0800][44.274s][info][gc,phases   ] GC(415) Concurrent Reset Relocation Set 0.003ms
[2026-06-18T16:37:26.625+0800][44.275s][info][gc,phases   ] GC(415) Concurrent Destroy Detached Pages 0.001ms
[2026-06-18T16:37:26.627+0800][44.276s][info][gc,phases   ] GC(415) Concurrent Select Relocation Set 0.937ms
[2026-06-18T16:37:26.628+0800][44.277s][info][gc,phases   ] GC(415) Concurrent Prepare Relocation Set 0.011ms
[2026-06-18T16:37:26.629+0800][44.278s][info][gc,phases   ] GC(415) Pause Relocate Start 0.187ms
[2026-06-18T16:37:26.630+0800][44.279s][info][gc,phases   ] GC(415) Concurrent Relocate 0.480ms
[2026-06-18T16:37:26.630+0800][44.280s][info][gc,load     ] GC(415) Load: 0.52/0.38/0.25
[2026-06-18T16:37:26.631+0800][44.280s][info][gc,mmu      ] GC(415) MMU: 2ms/39.9%, 5ms/76.0%, 10ms/83.4%, 20ms/90.0%, 50ms/96.0%, 100ms/97.1%
[2026-06-18T16:37:26.631+0800][44.281s][info][gc,marking  ] GC(415) Mark: 2 stripe(s), 1 proactive flush(es), 1 terminate flush(es), 0 completion(s), 0 continuation(s) 
[2026-06-18T16:37:26.632+0800][44.281s][info][gc,reloc    ] GC(415) Relocation: Successful, 20M relocated
[2026-06-18T16:37:26.632+0800][44.282s][info][gc,nmethod  ] GC(415) NMethods: 25 registered, 0 unregistered
[2026-06-18T16:37:26.633+0800][44.282s][info][gc,metaspace] GC(415) Metaspace: 3M used, 4M capacity, 4M committed, 8M reserved
[2026-06-18T16:37:26.633+0800][44.282s][info][gc,ref      ] GC(415) Soft: 43 encountered, 0 discovered, 0 enqueued
[2026-06-18T16:37:26.633+0800][44.283s][info][gc,ref      ] GC(415) Weak: 7 encountered, 2 discovered, 0 enqueued
[2026-06-18T16:37:26.633+0800][44.283s][info][gc,ref      ] GC(415) Final: 0 encountered, 0 discovered, 0 enqueued
[2026-06-18T16:37:26.634+0800][44.283s][info][gc,ref      ] GC(415) Phantom: 1 encountered, 1 discovered, 0 enqueued
[2026-06-18T16:37:26.634+0800][44.283s][info][gc,heap     ] GC(415)                Mark Start          Mark End        Relocate Start      Relocate End           High               Low         
[2026-06-18T16:37:26.634+0800][44.284s][info][gc,heap     ] GC(415)  Capacity:      256M (100%)        256M (100%)        256M (100%)        256M (100%)        256M (100%)        256M (100%)   
[2026-06-18T16:37:26.635+0800][44.284s][info][gc,heap     ] GC(415)   Reserve:       62M (24%)          62M (24%)          62M (24%)          62M (24%)          62M (24%)          62M (24%)    
[2026-06-18T16:37:26.635+0800][44.284s][info][gc,heap     ] GC(415)      Free:      114M (45%)         114M (45%)         138M (54%)         148M (58%)         148M (58%)         110M (43%)    
[2026-06-18T16:37:26.635+0800][44.284s][info][gc,heap     ] GC(415)      Used:       80M (31%)          80M (31%)          56M (22%)          46M (18%)          84M (33%)          46M (18%)    
[2026-06-18T16:37:26.635+0800][44.285s][info][gc,heap     ] GC(415)      Live:         -                20M (8%)           20M (8%)           20M (8%)             -                  -          
[2026-06-18T16:37:26.636+0800][44.285s][info][gc,heap     ] GC(415) Allocated:         -                 0M (0%)            4M (2%)           12M (5%)             -                  -          
[2026-06-18T16:37:26.636+0800][44.286s][info][gc,heap     ] GC(415)   Garbage:         -                59M (23%)          31M (12%)          21M (8%)             -                  -          
[2026-06-18T16:37:26.637+0800][44.286s][info][gc,heap     ] GC(415) Reclaimed:         -                  -                28M (11%)          38M (15%)            -                  -          
[2026-06-18T16:37:26.637+0800][44.286s][info][gc          ] GC(415) Garbage Collection (Allocation Rate) 80M(31%)->46M(18%)
[2026-06-18T16:37:26.714+0800][44.363s][info][gc,start    ] GC(416) Garbage Collection (Allocation Rate)
[2026-06-18T16:37:26.719+0800][44.368s][info][gc,phases   ] GC(416) Pause Mark Start 0.513ms
[2026-06-18T16:37:26.723+0800][44.372s][info][gc,phases   ] GC(416) Concurrent Mark 2.284ms
[2026-06-18T16:37:26.725+0800][44.375s][info][gc,phases   ] GC(416) Pause Mark End 0.607ms
[2026-06-18T16:37:26.727+0800][44.376s][info][gc,phases   ] GC(416) Concurrent Process Non-Strong References 0.270ms
[2026-06-18T16:37:26.728+0800][44.377s][info][gc,phases   ] GC(416) Concurrent Reset Relocation Set 0.004ms
[2026-06-18T16:37:26.729+0800][44.378s][info][gc,phases   ] GC(416) Concurrent Destroy Detached Pages 0.001ms
[2026-06-18T16:37:26.730+0800][44.380s][info][gc,phases   ] GC(416) Concurrent Select Relocation Set 0.927ms
[2026-06-18T16:37:26.731+0800][44.380s][info][gc,phases   ] GC(416) Concurrent Prepare Relocation Set 0.007ms
[2026-06-18T16:37:26.732+0800][44.381s][info][gc,phases   ] GC(416) Pause Relocate Start 0.160ms
[2026-06-18T16:37:26.734+0800][44.383s][info][gc,phases   ] GC(416) Concurrent Relocate 1.499ms
[2026-06-18T16:37:26.735+0800][44.384s][info][gc,load     ] GC(416) Load: 0.52/0.38/0.25
[2026-06-18T16:37:26.735+0800][44.385s][info][gc,mmu      ] GC(416) MMU: 2ms/39.9%, 5ms/76.0%, 10ms/83.4%, 20ms/90.0%, 50ms/96.0%, 100ms/97.1%
[2026-06-18T16:37:26.736+0800][44.385s][info][gc,marking  ] GC(416) Mark: 2 stripe(s), 2 proactive flush(es), 1 terminate flush(es), 0 completion(s), 0 continuation(s) 
[2026-06-18T16:37:26.736+0800][44.385s][info][gc,reloc    ] GC(416) Relocation: Successful, 22M relocated
[2026-06-18T16:37:26.736+0800][44.386s][info][gc,nmethod  ] GC(416) NMethods: 25 registered, 0 unregistered
[2026-06-18T16:37:26.737+0800][44.386s][info][gc,metaspace] GC(416) Metaspace: 3M used, 4M capacity, 4M committed, 8M reserved
[2026-06-18T16:37:26.737+0800][44.386s][info][gc,ref      ] GC(416) Soft: 43 encountered, 0 discovered, 0 enqueued
[2026-06-18T16:37:26.737+0800][44.387s][info][gc,ref      ] GC(416) Weak: 7 encountered, 2 discovered, 0 enqueued
[2026-06-18T16:37:26.738+0800][44.387s][info][gc,ref      ] GC(416) Final: 0 encountered, 0 discovered, 0 enqueued
[2026-06-18T16:37:26.738+0800][44.387s][info][gc,ref      ] GC(416) Phantom: 1 encountered, 1 discovered, 0 enqueued
[2026-06-18T16:37:26.738+0800][44.387s][info][gc,heap     ] GC(416)                Mark Start          Mark End        Relocate Start      Relocate End           High               Low         
[2026-06-18T16:37:26.738+0800][44.388s][info][gc,heap     ] GC(416)  Capacity:      256M (100%)        256M (100%)        256M (100%)        256M (100%)        256M (100%)        256M (100%)   
[2026-06-18T16:37:26.739+0800][44.388s][info][gc,heap     ] GC(416)   Reserve:       62M (24%)          62M (24%)          62M (24%)          62M (24%)          62M (24%)          62M (24%)    
[2026-06-18T16:37:26.739+0800][44.388s][info][gc,heap     ] GC(416)      Free:       84M (33%)          80M (31%)          72M (28%)         138M (54%)         138M (54%)          66M (26%)    
[2026-06-18T16:37:26.739+0800][44.389s][info][gc,heap     ] GC(416)      Used:      110M (43%)         114M (45%)         122M (48%)          56M (22%)         128M (50%)          56M (22%)    
[2026-06-18T16:37:26.739+0800][44.389s][info][gc,heap     ] GC(416)      Live:         -                26M (10%)          26M (10%)          26M (10%)            -                  -          
[2026-06-18T16:37:26.740+0800][44.389s][info][gc,heap     ] GC(416) Allocated:         -                 4M (2%)           40M (16%)          46M (18%)            -                  -          
[2026-06-18T16:37:26.740+0800][44.389s][info][gc,heap     ] GC(416)   Garbage:         -                83M (33%)          55M (22%)    17592186044405M (6         -                  -          
[2026-06-18T16:37:26.740+0800][44.390s][info][gc,heap     ] GC(416) Reclaimed:         -                  -                28M (11%)          94M (37%)            -                  -          
[2026-06-18T16:37:26.740+0800][44.390s][info][gc          ] GC(416) Garbage Collection (Allocation Rate) 110M(43%)->56M(22%)
[2026-06-18T16:37:26.813+0800][44.462s][info][gc,start    ] GC(417) Garbage Collection (Allocation Rate)
[2026-06-18T16:37:26.816+0800][44.465s][info][gc,phases   ] GC(417) Pause Mark Start 0.436ms
[2026-06-18T16:37:26.820+0800][44.470s][info][gc,phases   ] GC(417) Concurrent Mark 2.573ms
[2026-06-18T16:37:26.823+0800][44.472s][info][gc,phases   ] GC(417) Pause Mark End 0.706ms
[2026-06-18T16:37:26.825+0800][44.474s][info][gc,phases   ] GC(417) Concurrent Process Non-Strong References 0.223ms
[2026-06-18T16:37:26.827+0800][44.476s][info][gc,phases   ] GC(417) Concurrent Reset Relocation Set 0.004ms
[2026-06-18T16:37:26.828+0800][44.477s][info][gc,phases   ] GC(417) Concurrent Destroy Detached Pages 0.001ms
[2026-06-18T16:37:26.830+0800][44.479s][info][gc,phases   ] GC(417) Concurrent Select Relocation Set 0.998ms
[2026-06-18T16:37:26.830+0800][44.480s][info][gc,phases   ] GC(417) Concurrent Prepare Relocation Set 0.005ms
[2026-06-18T16:37:26.831+0800][44.481s][info][gc,phases   ] GC(417) Pause Relocate Start 0.214ms
[2026-06-18T16:37:26.832+0800][44.482s][info][gc,phases   ] GC(417) Concurrent Relocate 0.253ms
[2026-06-18T16:37:26.833+0800][44.482s][info][gc,load     ] GC(417) Load: 0.52/0.38/0.25
[2026-06-18T16:37:26.833+0800][44.483s][info][gc,mmu      ] GC(417) MMU: 2ms/39.9%, 5ms/76.0%, 10ms/83.4%, 20ms/90.0%, 50ms/96.0%, 100ms/97.1%
[2026-06-18T16:37:26.834+0800][44.483s][info][gc,marking  ] GC(417) Mark: 2 stripe(s), 2 proactive flush(es), 1 terminate flush(es), 0 completion(s), 0 continuation(s) 
[2026-06-18T16:37:26.835+0800][44.484s][info][gc,reloc    ] GC(417) Relocation: Successful, 22M relocated
[2026-06-18T16:37:26.835+0800][44.484s][info][gc,nmethod  ] GC(417) NMethods: 25 registered, 0 unregistered
[2026-06-18T16:37:26.836+0800][44.485s][info][gc,metaspace] GC(417) Metaspace: 3M used, 4M capacity, 4M committed, 8M reserved
[2026-06-18T16:37:26.836+0800][44.485s][info][gc,ref      ] GC(417) Soft: 43 encountered, 0 discovered, 0 enqueued
[2026-06-18T16:37:26.836+0800][44.486s][info][gc,ref      ] GC(417) Weak: 7 encountered, 2 discovered, 0 enqueued
[2026-06-18T16:37:26.837+0800][44.486s][info][gc,ref      ] GC(417) Final: 0 encountered, 0 discovered, 0 enqueued
[2026-06-18T16:37:26.837+0800][44.486s][info][gc,ref      ] GC(417) Phantom: 1 encountered, 1 discovered, 0 enqueued
[2026-06-18T16:37:26.837+0800][44.487s][info][gc,heap     ] GC(417)                Mark Start          Mark End        Relocate Start      Relocate End           High               Low         
[2026-06-18T16:37:26.838+0800][44.487s][info][gc,heap     ] GC(417)  Capacity:      256M (100%)        256M (100%)        256M (100%)        256M (100%)        256M (100%)        256M (100%)   
[2026-06-18T16:37:26.838+0800][44.487s][info][gc,heap     ] GC(417)   Reserve:       62M (24%)          62M (24%)          62M (24%)          62M (24%)          62M (24%)          62M (24%)    
[2026-06-18T16:37:26.838+0800][44.488s][info][gc,heap     ] GC(417)      Free:      110M (43%)         106M (41%)         132M (52%)         144M (56%)         144M (56%)         102M (40%)    
[2026-06-18T16:37:26.839+0800][44.488s][info][gc,heap     ] GC(417)      Used:       84M (33%)          88M (34%)          62M (24%)          50M (20%)          92M (36%)          50M (20%)    
[2026-06-18T16:37:26.839+0800][44.488s][info][gc,heap     ] GC(417)      Live:         -                23M (9%)           23M (9%)           23M (9%)             -                  -          
[2026-06-18T16:37:26.839+0800][44.488s][info][gc,heap     ] GC(417) Allocated:         -                 4M (2%)            8M (3%)           14M (5%)             -                  -          
[2026-06-18T16:37:26.839+0800][44.489s][info][gc,heap     ] GC(417)   Garbage:         -                60M (23%)          30M (12%)          18M (7%)             -                  -          
[2026-06-18T16:37:26.840+0800][44.489s][info][gc,heap     ] GC(417) Reclaimed:         -                  -                30M (12%)          42M (16%)            -                  -          
[2026-06-18T16:37:26.840+0800][44.489s][info][gc          ] GC(417) Garbage Collection (Allocation Rate) 84M(33%)->50M(20%)
[2026-06-18T16:37:26.913+0800][44.563s][info][gc,start    ] GC(418) Garbage Collection (Allocation Rate)
[2026-06-18T16:37:26.917+0800][44.566s][info][gc,phases   ] GC(418) Pause Mark Start 0.358ms
[2026-06-18T16:37:26.920+0800][44.569s][info][gc,phases   ] GC(418) Concurrent Mark 1.957ms
[2026-06-18T16:37:26.922+0800][44.572s][info][gc,phases   ] GC(418) Pause Mark End 0.505ms
[2026-06-18T16:37:26.923+0800][44.573s][info][gc,phases   ] GC(418) Concurrent Process Non-Strong References 0.180ms
[2026-06-18T16:37:26.925+0800][44.574s][info][gc,phases   ] GC(418) Concurrent Reset Relocation Set 0.004ms
[2026-06-18T16:37:26.925+0800][44.575s][info][gc,phases   ] GC(418) Concurrent Destroy Detached Pages 0.001ms
[2026-06-18T16:37:26.927+0800][44.576s][info][gc,phases   ] GC(418) Concurrent Select Relocation Set 0.839ms
[2026-06-18T16:37:26.928+0800][44.577s][info][gc,phases   ] GC(418) Concurrent Prepare Relocation Set 0.002ms
[2026-06-18T16:37:26.929+0800][44.578s][info][gc,phases   ] GC(418) Pause Relocate Start 0.176ms
[2026-06-18T16:37:26.931+0800][44.581s][info][gc,phases   ] GC(418) Concurrent Relocate 1.986ms
[2026-06-18T16:37:26.933+0800][44.582s][info][gc,load     ] GC(418) Load: 0.52/0.38/0.25
[2026-06-18T16:37:26.933+0800][44.582s][info][gc,mmu      ] GC(418) MMU: 2ms/39.9%, 5ms/76.0%, 10ms/83.4%, 20ms/90.0%, 50ms/96.0%, 100ms/97.1%
[2026-06-18T16:37:26.933+0800][44.583s][info][gc,marking  ] GC(418) Mark: 2 stripe(s), 1 proactive flush(es), 1 terminate flush(es), 0 completion(s), 0 continuation(s) 
[2026-06-18T16:37:26.934+0800][44.583s][info][gc,reloc    ] GC(418) Relocation: Successful, 28M relocated
[2026-06-18T16:37:26.934+0800][44.583s][info][gc,nmethod  ] GC(418) NMethods: 25 registered, 0 unregistered
[2026-06-18T16:37:26.934+0800][44.584s][info][gc,metaspace] GC(418) Metaspace: 3M used, 4M capacity, 4M committed, 8M reserved
[2026-06-18T16:37:26.935+0800][44.584s][info][gc,ref      ] GC(418) Soft: 43 encountered, 0 discovered, 0 enqueued
[2026-06-18T16:37:26.935+0800][44.584s][info][gc,ref      ] GC(418) Weak: 7 encountered, 2 discovered, 0 enqueued
[2026-06-18T16:37:26.935+0800][44.585s][info][gc,ref      ] GC(418) Final: 0 encountered, 0 discovered, 0 enqueued
[2026-06-18T16:37:26.936+0800][44.585s][info][gc,ref      ] GC(418) Phantom: 1 encountered, 1 discovered, 0 enqueued
[2026-06-18T16:37:26.936+0800][44.585s][info][gc,heap     ] GC(418)                Mark Start          Mark End        Relocate Start      Relocate End           High               Low         
[2026-06-18T16:37:26.936+0800][44.585s][info][gc,heap     ] GC(418)  Capacity:      256M (100%)        256M (100%)        256M (100%)        256M (100%)        256M (100%)        256M (100%)   
[2026-06-18T16:37:26.936+0800][44.585s][info][gc,heap     ] GC(418)   Reserve:       62M (24%)          62M (24%)          62M (24%)          62M (24%)          62M (24%)          62M (24%)    
[2026-06-18T16:37:26.936+0800][44.586s][info][gc,heap     ] GC(418)      Free:       82M (32%)          82M (32%)         106M (41%)         142M (55%)         142M (55%)          68M (27%)    
[2026-06-18T16:37:26.937+0800][44.586s][info][gc,heap     ] GC(418)      Used:      112M (44%)         112M (44%)          88M (34%)          52M (20%)         126M (49%)          52M (20%)    
[2026-06-18T16:37:26.937+0800][44.586s][info][gc,heap     ] GC(418)      Live:         -                30M (12%)          30M (12%)          30M (12%)            -                  -          
[2026-06-18T16:37:26.937+0800][44.586s][info][gc,heap     ] GC(418) Allocated:         -                 0M (0%)            4M (2%)           44M (17%)            -                  -          
[2026-06-18T16:37:26.937+0800][44.586s][info][gc,heap     ] GC(418)   Garbage:         -                81M (32%)          53M (21%)          17M (7%)             -                  -          
[2026-06-18T16:37:26.937+0800][44.587s][info][gc,heap     ] GC(418) Reclaimed:         -                  -                28M (11%)          64M (25%)            -                  -          
[2026-06-18T16:37:26.938+0800][44.587s][info][gc          ] GC(418) Garbage Collection (Allocation Rate) 112M(44%)->52M(20%)
[2026-06-18T16:37:27.013+0800][44.663s][info][gc,start    ] GC(419) Garbage Collection (Allocation Rate)
[2026-06-18T16:37:27.016+0800][44.665s][info][gc,phases   ] GC(419) Pause Mark Start 0.410ms
[2026-06-18T16:37:27.020+0800][44.670s][info][gc,phases   ] GC(419) Concurrent Mark 1.753ms
[2026-06-18T16:37:27.022+0800][44.672s][info][gc,phases   ] GC(419) Pause Mark End 0.489ms
[2026-06-18T16:37:27.024+0800][44.673s][info][gc,phases   ] GC(419) Concurrent Process Non-Strong References 0.143ms
[2026-06-18T16:37:27.024+0800][44.674s][info][gc,phases   ] GC(419) Concurrent Reset Relocation Set 0.003ms
[2026-06-18T16:37:27.025+0800][44.674s][info][gc,phases   ] GC(419) Concurrent Destroy Detached Pages 0.001ms
[2026-06-18T16:37:27.026+0800][44.676s][info][gc,phases   ] GC(419) Concurrent Select Relocation Set 0.777ms
[2026-06-18T16:37:27.027+0800][44.676s][info][gc,phases   ] GC(419) Concurrent Prepare Relocation Set 0.011ms
[2026-06-18T16:37:27.028+0800][44.677s][info][gc,phases   ] GC(419) Pause Relocate Start 0.183ms
[2026-06-18T16:37:27.029+0800][44.678s][info][gc,phases   ] GC(419) Concurrent Relocate 0.358ms
[2026-06-18T16:37:27.029+0800][44.679s][info][gc,load     ] GC(419) Load: 0.52/0.38/0.25
[2026-06-18T16:37:27.030+0800][44.679s][info][gc,mmu      ] GC(419) MMU: 2ms/39.9%, 5ms/76.0%, 10ms/83.4%, 20ms/90.0%, 50ms/96.0%, 100ms/97.1%
[2026-06-18T16:37:27.030+0800][44.679s][info][gc,marking  ] GC(419) Mark: 2 stripe(s), 1 proactive flush(es), 1 terminate flush(es), 0 completion(s), 0 continuation(s) 
[2026-06-18T16:37:27.031+0800][44.680s][info][gc,reloc    ] GC(419) Relocation: Successful, 24M relocated
[2026-06-18T16:37:27.031+0800][44.680s][info][gc,nmethod  ] GC(419) NMethods: 25 registered, 0 unregistered
[2026-06-18T16:37:27.031+0800][44.680s][info][gc,metaspace] GC(419) Metaspace: 3M used, 4M capacity, 4M committed, 8M reserved
[2026-06-18T16:37:27.031+0800][44.681s][info][gc,ref      ] GC(419) Soft: 43 encountered, 0 discovered, 0 enqueued
[2026-06-18T16:37:27.032+0800][44.681s][info][gc,ref      ] GC(419) Weak: 7 encountered, 0 discovered, 0 enqueued
[2026-06-18T16:37:27.032+0800][44.681s][info][gc,ref      ] GC(419) Final: 0 encountered, 0 discovered, 0 enqueued
[2026-06-18T16:37:27.032+0800][44.681s][info][gc,ref      ] GC(419) Phantom: 1 encountered, 0 discovered, 0 enqueued
[2026-06-18T16:37:27.032+0800][44.682s][info][gc,heap     ] GC(419)                Mark Start          Mark End        Relocate Start      Relocate End           High               Low         
[2026-06-18T16:37:27.032+0800][44.682s][info][gc,heap     ] GC(419)  Capacity:      256M (100%)        256M (100%)        256M (100%)        256M (100%)        256M (100%)        256M (100%)   
[2026-06-18T16:37:27.033+0800][44.682s][info][gc,heap     ] GC(419)   Reserve:       62M (24%)          62M (24%)          62M (24%)          62M (24%)          62M (24%)          62M (24%)    
[2026-06-18T16:37:27.033+0800][44.682s][info][gc,heap     ] GC(419)      Free:      110M (43%)         106M (41%)         136M (53%)         146M (57%)         146M (57%)         106M (41%)    
[2026-06-18T16:37:27.033+0800][44.682s][info][gc,heap     ] GC(419)      Used:       84M (33%)          88M (34%)          58M (23%)          48M (19%)          88M (34%)          48M (19%)    
[2026-06-18T16:37:27.033+0800][44.683s][info][gc,heap     ] GC(419)      Live:         -                25M (10%)          25M (10%)          25M (10%)            -                  -          
[2026-06-18T16:37:27.036+0800][44.685s][info][gc,heap     ] GC(419) Allocated:         -                 4M (2%)            4M (2%)           10M (4%)             -                  -          
[2026-06-18T16:37:27.037+0800][44.687s][info][gc,heap     ] GC(419)   Garbage:         -                58M (23%)          28M (11%)          18M (7%)             -                  -          
[2026-06-18T16:37:27.039+0800][44.688s][info][gc,heap     ] GC(419) Reclaimed:         -                  -                30M (12%)          40M (16%)            -                  -          
[2026-06-18T16:37:27.039+0800][44.688s][info][gc          ] GC(419) Garbage Collection (Allocation Rate) 84M(33%)->48M(19%)
[2026-06-18T16:37:27.114+0800][44.763s][info][gc,start    ] GC(420) Garbage Collection (Allocation Rate)
[2026-06-18T16:37:27.118+0800][44.767s][info][gc,phases   ] GC(420) Pause Mark Start 0.493ms
[2026-06-18T16:37:27.124+0800][44.773s][info][gc,phases   ] GC(420) Concurrent Mark 2.466ms
[2026-06-18T16:37:27.127+0800][44.776s][info][gc,phases   ] GC(420) Pause Mark End 0.865ms
[2026-06-18T16:37:27.128+0800][44.777s][info][gc,phases   ] GC(420) Concurrent Process Non-Strong References 0.315ms
[2026-06-18T16:37:27.129+0800][44.778s][info][gc,phases   ] GC(420) Concurrent Reset Relocation Set 0.004ms
[2026-06-18T16:37:27.130+0800][44.779s][info][gc,phases   ] GC(420) Concurrent Destroy Detached Pages 0.001ms
[2026-06-18T16:37:27.132+0800][44.781s][info][gc,phases   ] GC(420) Concurrent Select Relocation Set 0.826ms
[2026-06-18T16:37:27.133+0800][44.782s][info][gc,phases   ] GC(420) Concurrent Prepare Relocation Set 0.015ms
[2026-06-18T16:37:27.134+0800][44.783s][info][gc,phases   ] GC(420) Pause Relocate Start 0.215ms
[2026-06-18T16:37:27.135+0800][44.785s][info][gc,phases   ] GC(420) Concurrent Relocate 1.058ms
[2026-06-18T16:37:27.136+0800][44.785s][info][gc,load     ] GC(420) Load: 0.52/0.38/0.25
[2026-06-18T16:37:27.136+0800][44.786s][info][gc,mmu      ] GC(420) MMU: 2ms/39.9%, 5ms/76.0%, 10ms/83.4%, 20ms/90.0%, 50ms/96.0%, 100ms/97.1%
[2026-06-18T16:37:27.137+0800][44.786s][info][gc,marking  ] GC(420) Mark: 2 stripe(s), 1 proactive flush(es), 1 terminate flush(es), 0 completion(s), 0 continuation(s) 
[2026-06-18T16:37:27.137+0800][44.786s][info][gc,reloc    ] GC(420) Relocation: Successful, 17M relocated
[2026-06-18T16:37:27.137+0800][44.787s][info][gc,nmethod  ] GC(420) NMethods: 25 registered, 0 unregistered
[2026-06-18T16:37:27.138+0800][44.787s][info][gc,metaspace] GC(420) Metaspace: 3M used, 4M capacity, 4M committed, 8M reserved
[2026-06-18T16:37:27.138+0800][44.788s][info][gc,ref      ] GC(420) Soft: 43 encountered, 0 discovered, 0 enqueued
[2026-06-18T16:37:27.139+0800][44.788s][info][gc,ref      ] GC(420) Weak: 7 encountered, 2 discovered, 0 enqueued
[2026-06-18T16:37:27.139+0800][44.788s][info][gc,ref      ] GC(420) Final: 0 encountered, 0 discovered, 0 enqueued
[2026-06-18T16:37:27.139+0800][44.789s][info][gc,ref      ] GC(420) Phantom: 1 encountered, 1 discovered, 0 enqueued
[2026-06-18T16:37:27.139+0800][44.789s][info][gc,heap     ] GC(420)                Mark Start          Mark End        Relocate Start      Relocate End           High               Low         
[2026-06-18T16:37:27.140+0800][44.789s][info][gc,heap     ] GC(420)  Capacity:      256M (100%)        256M (100%)        256M (100%)        256M (100%)        256M (100%)        256M (100%)   
[2026-06-18T16:37:27.140+0800][44.789s][info][gc,heap     ] GC(420)   Reserve:       62M (24%)          62M (24%)          62M (24%)          62M (24%)          62M (24%)          62M (24%)    
[2026-06-18T16:37:27.140+0800][44.790s][info][gc,heap     ] GC(420)      Free:       78M (30%)          78M (30%)          76M (30%)         144M (56%)         144M (56%)          40M (16%)    
[2026-06-18T16:37:27.140+0800][44.790s][info][gc,heap     ] GC(420)      Used:      116M (45%)         116M (45%)         118M (46%)          50M (20%)         154M (60%)          50M (20%)    
[2026-06-18T16:37:27.141+0800][44.790s][info][gc,heap     ] GC(420)      Live:         -                17M (7%)           17M (7%)           17M (7%)             -                  -          
[2026-06-18T16:37:27.141+0800][44.790s][info][gc,heap     ] GC(420) Allocated:         -                 0M (0%)           38M (15%)          46M (18%)            -                  -          
[2026-06-18T16:37:27.141+0800][44.790s][info][gc,heap     ] GC(420)   Garbage:         -                98M (38%)          62M (24%)    17592186044410M (6         -                  -          
[2026-06-18T16:37:27.141+0800][44.791s][info][gc,heap     ] GC(420) Reclaimed:         -                  -                36M (14%)         104M (41%)            -                  -          
[2026-06-18T16:37:27.141+0800][44.791s][info][gc          ] GC(420) Garbage Collection (Allocation Rate) 116M(45%)->50M(20%)
[2026-06-18T16:37:27.213+0800][44.862s][info][gc,start    ] GC(421) Garbage Collection (Allocation Rate)
[2026-06-18T16:37:27.217+0800][44.866s][info][gc,phases   ] GC(421) Pause Mark Start 1.147ms
[2026-06-18T16:37:27.220+0800][44.870s][info][gc,phases   ] GC(421) Concurrent Mark 2.353ms
[2026-06-18T16:37:27.223+0800][44.873s][info][gc,phases   ] GC(421) Pause Mark End 0.598ms
[2026-06-18T16:37:27.225+0800][44.874s][info][gc,phases   ] GC(421) Concurrent Process Non-Strong References 0.345ms
[2026-06-18T16:37:27.226+0800][44.875s][info][gc,phases   ] GC(421) Concurrent Reset Relocation Set 0.004ms
[2026-06-18T16:37:27.227+0800][44.876s][info][gc,phases   ] GC(421) Concurrent Destroy Detached Pages 0.001ms
[2026-06-18T16:37:27.228+0800][44.877s][info][gc,phases   ] GC(421) Concurrent Select Relocation Set 0.790ms
[2026-06-18T16:37:27.229+0800][44.878s][info][gc,phases   ] GC(421) Concurrent Prepare Relocation Set 0.006ms
[2026-06-18T16:37:27.230+0800][44.879s][info][gc,phases   ] GC(421) Pause Relocate Start 0.202ms
[2026-06-18T16:37:27.231+0800][44.880s][info][gc,phases   ] GC(421) Concurrent Relocate 0.417ms
[2026-06-18T16:37:27.231+0800][44.880s][info][gc,load     ] GC(421) Load: 0.52/0.38/0.25
[2026-06-18T16:37:27.231+0800][44.881s][info][gc,mmu      ] GC(421) MMU: 2ms/39.9%, 5ms/76.0%, 10ms/82.6%, 20ms/90.0%, 50ms/96.0%, 100ms/97.1%
[2026-06-18T16:37:27.232+0800][44.881s][info][gc,marking  ] GC(421) Mark: 2 stripe(s), 1 proactive flush(es), 1 terminate flush(es), 0 completion(s), 0 continuation(s) 
[2026-06-18T16:37:27.232+0800][44.881s][info][gc,reloc    ] GC(421) Relocation: Successful, 21M relocated
[2026-06-18T16:37:27.232+0800][44.882s][info][gc,nmethod  ] GC(421) NMethods: 25 registered, 0 unregistered
[2026-06-18T16:37:27.233+0800][44.882s][info][gc,metaspace] GC(421) Metaspace: 3M used, 4M capacity, 4M committed, 8M reserved
[2026-06-18T16:37:27.233+0800][44.882s][info][gc,ref      ] GC(421) Soft: 43 encountered, 0 discovered, 0 enqueued
[2026-06-18T16:37:27.233+0800][44.882s][info][gc,ref      ] GC(421) Weak: 7 encountered, 0 discovered, 0 enqueued
[2026-06-18T16:37:27.233+0800][44.883s][info][gc,ref      ] GC(421) Final: 0 encountered, 0 discovered, 0 enqueued
[2026-06-18T16:37:27.234+0800][44.883s][info][gc,ref      ] GC(421) Phantom: 1 encountered, 0 discovered, 0 enqueued
[2026-06-18T16:37:27.234+0800][44.883s][info][gc,heap     ] GC(421)                Mark Start          Mark End        Relocate Start      Relocate End           High               Low         
[2026-06-18T16:37:27.234+0800][44.883s][info][gc,heap     ] GC(421)  Capacity:      256M (100%)        256M (100%)        256M (100%)        256M (100%)        256M (100%)        256M (100%)   
[2026-06-18T16:37:27.235+0800][44.884s][info][gc,heap     ] GC(421)   Reserve:       62M (24%)          62M (24%)          62M (24%)          62M (24%)          62M (24%)          62M (24%)    
[2026-06-18T16:37:27.235+0800][44.884s][info][gc,heap     ] GC(421)      Free:      114M (45%)         114M (45%)         104M (41%)         112M (44%)         114M (45%)          76M (30%)    
[2026-06-18T16:37:27.235+0800][44.884s][info][gc,heap     ] GC(421)      Used:       80M (31%)          80M (31%)          90M (35%)          82M (32%)         118M (46%)          80M (31%)    
[2026-06-18T16:37:27.235+0800][44.885s][info][gc,heap     ] GC(421)      Live:         -                23M (9%)           23M (9%)           23M (9%)             -                  -          
[2026-06-18T16:37:27.236+0800][44.885s][info][gc,heap     ] GC(421) Allocated:         -                 0M (0%)           38M (15%)          44M (17%)            -                  -          
[2026-06-18T16:37:27.236+0800][44.885s][info][gc,heap     ] GC(421)   Garbage:         -                56M (22%)          28M (11%)          20M (8%)             -                  -          
[2026-06-18T16:37:27.236+0800][44.886s][info][gc,heap     ] GC(421) Reclaimed:         -                  -                28M (11%)          36M (14%)            -                  -          
[2026-06-18T16:37:27.237+0800][44.886s][info][gc          ] GC(421) Garbage Collection (Allocation Rate) 80M(31%)->82M(32%)
[2026-06-18T16:37:27.313+0800][44.963s][info][gc,start    ] GC(422) Garbage Collection (Allocation Rate)
[2026-06-18T16:37:27.317+0800][44.966s][info][gc,phases   ] GC(422) Pause Mark Start 0.492ms
[2026-06-18T16:37:27.373+0800][45.023s][info][gc,phases   ] GC(422) Concurrent Mark 2.340ms
[2026-06-18T16:37:27.383+0800][45.033s][info][gc,phases   ] GC(422) Pause Mark End 0.367ms
[2026-06-18T16:37:27.387+0800][45.036s][info][gc,phases   ] GC(422) Concurrent Process Non-Strong References 0.152ms
[2026-06-18T16:37:27.390+0800][45.040s][info][gc,phases   ] GC(422) Concurrent Reset Relocation Set 0.060ms
[2026-06-18T16:37:27.393+0800][45.042s][info][gc,phases   ] GC(422) Concurrent Destroy Detached Pages 0.003ms
[2026-06-18T16:37:27.400+0800][45.049s][info][gc,phases   ] GC(422) Concurrent Select Relocation Set 2.051ms
[2026-06-18T16:37:27.403+0800][45.052s][info][gc,phases   ] GC(422) Concurrent Prepare Relocation Set 0.019ms
[2026-06-18T16:37:27.406+0800][45.055s][info][gc,phases   ] GC(422) Pause Relocate Start 0.518ms
[2026-06-18T16:37:27.410+0800][45.059s][info][gc,phases   ] GC(422) Concurrent Relocate 2.004ms
[2026-06-18T16:37:27.411+0800][45.060s][info][gc,load     ] GC(422) Load: 0.52/0.38/0.25
[2026-06-18T16:37:27.412+0800][45.061s][info][gc,mmu      ] GC(422) MMU: 2ms/39.9%, 5ms/76.0%, 10ms/82.6%, 20ms/90.0%, 50ms/96.0%, 100ms/97.1%
[2026-06-18T16:37:27.414+0800][45.064s][info][gc,marking  ] GC(422) Mark: 2 stripe(s), 2 proactive flush(es), 1 terminate flush(es), 0 completion(s), 0 continuation(s) 
[2026-06-18T16:37:27.417+0800][45.066s][info][gc,reloc    ] GC(422) Relocation: Successful, 19M relocated
[2026-06-18T16:37:27.418+0800][45.068s][info][gc,nmethod  ] GC(422) NMethods: 25 registered, 0 unregistered
[2026-06-18T16:37:27.444+0800][45.093s][info][gc,metaspace] GC(422) Metaspace: 3M used, 4M capacity, 4M committed, 8M reserved
[2026-06-18T16:37:27.457+0800][45.106s][info][gc,ref      ] GC(422) Soft: 43 encountered, 0 discovered, 0 enqueued
[2026-06-18T16:37:27.458+0800][45.108s][info][gc,ref      ] GC(422) Weak: 7 encountered, 2 discovered, 0 enqueued
[2026-06-18T16:37:27.461+0800][45.111s][info][gc,ref      ] GC(422) Final: 0 encountered, 0 discovered, 0 enqueued
[2026-06-18T16:37:27.463+0800][45.112s][info][gc,ref      ] GC(422) Phantom: 1 encountered, 1 discovered, 0 enqueued
[2026-06-18T16:37:27.466+0800][45.115s][info][gc,heap     ] GC(422)                Mark Start          Mark End        Relocate Start      Relocate End           High               Low         
[2026-06-18T16:37:27.468+0800][45.117s][info][gc,heap     ] GC(422)  Capacity:      256M (100%)        256M (100%)        256M (100%)        256M (100%)        256M (100%)        256M (100%)   
[2026-06-18T16:37:27.472+0800][45.121s][info][gc,heap     ] GC(422)   Reserve:       62M (24%)          62M (24%)          62M (24%)          62M (24%)          62M (24%)          62M (24%)    
[2026-06-18T16:37:27.475+0800][45.125s][info][gc,heap     ] GC(422)      Free:       82M (32%)          42M (16%)          70M (27%)         138M (54%)         138M (54%)          38M (15%)    
[2026-06-18T16:37:27.477+0800][45.126s][info][gc,heap     ] GC(422)      Used:      112M (44%)         152M (59%)         124M (48%)          56M (22%)         156M (61%)          56M (22%)    
[2026-06-18T16:37:27.478+0800][45.128s][info][gc,heap     ] GC(422)      Live:         -                21M (8%)           21M (8%)           21M (8%)             -                  -          
[2026-06-18T16:37:27.481+0800][45.130s][info][gc,heap     ] GC(422) Allocated:         -                40M (16%)          44M (17%)          52M (20%)            -                  -          
[2026-06-18T16:37:27.483+0800][45.132s][info][gc,heap     ] GC(422)   Garbage:         -                90M (35%)          58M (23%)    17592186044402M (6         -                  -          
[2026-06-18T16:37:27.485+0800][45.135s][info][gc,heap     ] GC(422) Reclaimed:         -                  -                32M (12%)         104M (41%)            -                  -          
[2026-06-18T16:37:27.487+0800][45.136s][info][gc          ] GC(422) Garbage Collection (Allocation Rate) 112M(44%)->56M(22%)
[2026-06-18T16:37:27.514+0800][45.163s][info][gc,start    ] GC(423) Garbage Collection (Allocation Rate)
[2026-06-18T16:37:27.515+0800][45.164s][info][gc,phases   ] GC(423) Pause Mark Start 0.167ms
[2026-06-18T16:37:27.518+0800][45.168s][info][gc,phases   ] GC(423) Concurrent Mark 1.424ms
[2026-06-18T16:37:27.521+0800][45.170s][info][gc,phases   ] GC(423) Pause Mark End 0.270ms
[2026-06-18T16:37:27.524+0800][45.173s][info][gc,phases   ] GC(423) Concurrent Process Non-Strong References 0.084ms
[2026-06-18T16:37:27.527+0800][45.177s][info][gc,phases   ] GC(423) Concurrent Reset Relocation Set 0.002ms
[2026-06-18T16:37:27.532+0800][45.181s][info][gc,phases   ] GC(423) Concurrent Destroy Detached Pages 0.001ms
[2026-06-18T16:37:27.535+0800][45.185s][info][gc,phases   ] GC(423) Concurrent Select Relocation Set 0.610ms
[2026-06-18T16:37:27.538+0800][45.187s][info][gc,phases   ] GC(423) Concurrent Prepare Relocation Set 0.029ms
[2026-06-18T16:37:27.541+0800][45.191s][info][gc,phases   ] GC(423) Pause Relocate Start 0.264ms
[2026-06-18T16:37:27.544+0800][45.194s][info][gc,phases   ] GC(423) Concurrent Relocate 0.353ms
[2026-06-18T16:37:27.547+0800][45.196s][info][gc,load     ] GC(423) Load: 0.52/0.38/0.25
[2026-06-18T16:37:27.550+0800][45.200s][info][gc,mmu      ] GC(423) MMU: 2ms/39.9%, 5ms/76.0%, 10ms/82.6%, 20ms/90.0%, 50ms/96.0%, 100ms/97.1%
[2026-06-18T16:37:27.551+0800][45.201s][info][gc,marking  ] GC(423) Mark: 2 stripe(s), 1 proactive flush(es), 1 terminate flush(es), 0 completion(s), 0 continuation(s) 
[2026-06-18T16:37:27.553+0800][45.202s][info][gc,reloc    ] GC(423) Relocation: Successful, 23M relocated
[2026-06-18T16:37:27.554+0800][45.203s][info][gc,nmethod  ] GC(423) NMethods: 25 registered, 0 unregistered
[2026-06-18T16:37:27.563+0800][45.212s][info][gc,metaspace] GC(423) Metaspace: 3M used, 4M capacity, 4M committed, 8M reserved
[2026-06-18T16:37:27.564+0800][45.213s][info][gc,ref      ] GC(423) Soft: 43 encountered, 0 discovered, 0 enqueued
[2026-06-18T16:37:27.566+0800][45.215s][info][gc,ref      ] GC(423) Weak: 7 encountered, 2 discovered, 0 enqueued
[2026-06-18T16:37:27.571+0800][45.220s][info][gc,ref      ] GC(423) Final: 0 encountered, 0 discovered, 0 enqueued
[2026-06-18T16:37:27.574+0800][45.223s][info][gc,ref      ] GC(423) Phantom: 1 encountered, 1 discovered, 0 enqueued
[2026-06-18T16:37:27.575+0800][45.225s][info][gc,heap     ] GC(423)                Mark Start          Mark End        Relocate Start      Relocate End           High               Low         
[2026-06-18T16:37:27.580+0800][45.229s][info][gc,heap     ] GC(423)  Capacity:      256M (100%)        256M (100%)        256M (100%)        256M (100%)        256M (100%)        256M (100%)   
[2026-06-18T16:37:27.583+0800][45.233s][info][gc,heap     ] GC(423)   Reserve:       62M (24%)          62M (24%)          62M (24%)          62M (24%)          62M (24%)          62M (24%)    
[2026-06-18T16:37:27.585+0800][45.234s][info][gc,heap     ] GC(423)      Free:      100M (39%)         100M (39%)          98M (38%)         110M (43%)         110M (43%)          58M (23%)    
[2026-06-18T16:37:27.586+0800][45.235s][info][gc,heap     ] GC(423)      Used:       94M (37%)          94M (37%)          96M (38%)          84M (33%)         136M (53%)          84M (33%)    
[2026-06-18T16:37:27.587+0800][45.236s][info][gc,heap     ] GC(423)      Live:         -                23M (9%)           23M (9%)           23M (9%)             -                  -          
[2026-06-18T16:37:27.589+0800][45.239s][info][gc,heap     ] GC(423) Allocated:         -                 0M (0%)           42M (16%)          48M (19%)            -                  -          
[2026-06-18T16:37:27.592+0800][45.241s][info][gc,heap     ] GC(423)   Garbage:         -                70M (28%)          30M (12%)          18M (7%)             -                  -          
[2026-06-18T16:37:27.593+0800][45.242s][info][gc,heap     ] GC(423) Reclaimed:         -                  -                40M (16%)          52M (20%)            -                  -          
[2026-06-18T16:37:27.594+0800][45.243s][info][gc          ] GC(423) Garbage Collection (Allocation Rate) 94M(37%)->84M(33%)
[2026-06-18T16:37:27.614+0800][45.263s][info][gc,start    ] GC(424) Garbage Collection (Allocation Rate)
[2026-06-18T16:37:27.617+0800][45.266s][info][gc,phases   ] GC(424) Pause Mark Start 0.353ms
[2026-06-18T16:37:27.620+0800][45.270s][info][gc,phases   ] GC(424) Concurrent Mark 1.647ms
[2026-06-18T16:37:27.622+0800][45.272s][info][gc,phases   ] GC(424) Pause Mark End 0.315ms
[2026-06-18T16:37:27.623+0800][45.273s][info][gc,phases   ] GC(424) Concurrent Process Non-Strong References 0.095ms
[2026-06-18T16:37:27.624+0800][45.274s][info][gc,phases   ] GC(424) Concurrent Reset Relocation Set 0.004ms
[2026-06-18T16:37:27.625+0800][45.275s][info][gc,phases   ] GC(424) Concurrent Destroy Detached Pages 0.001ms
[2026-06-18T16:37:27.627+0800][45.277s][info][gc,phases   ] GC(424) Concurrent Select Relocation Set 1.097ms
[2026-06-18T16:37:27.629+0800][45.278s][info][gc,phases   ] GC(424) Concurrent Prepare Relocation Set 0.008ms
[2026-06-18T16:37:27.631+0800][45.280s][info][gc,phases   ] GC(424) Pause Relocate Start 0.330ms
[2026-06-18T16:37:27.634+0800][45.284s][info][gc,phases   ] GC(424) Concurrent Relocate 2.354ms
[2026-06-18T16:37:27.635+0800][45.285s][info][gc,load     ] GC(424) Load: 0.52/0.38/0.25
[2026-06-18T16:37:27.636+0800][45.286s][info][gc,mmu      ] GC(424) MMU: 2ms/39.9%, 5ms/76.0%, 10ms/82.6%, 20ms/90.0%, 50ms/96.0%, 100ms/97.1%
[2026-06-18T16:37:27.637+0800][45.287s][info][gc,marking  ] GC(424) Mark: 2 stripe(s), 2 proactive flush(es), 1 terminate flush(es), 0 completion(s), 0 continuation(s) 
[2026-06-18T16:37:27.638+0800][45.287s][info][gc,reloc    ] GC(424) Relocation: Successful, 27M relocated
[2026-06-18T16:37:27.639+0800][45.288s][info][gc,nmethod  ] GC(424) NMethods: 25 registered, 0 unregistered
[2026-06-18T16:37:27.640+0800][45.289s][info][gc,metaspace] GC(424) Metaspace: 3M used, 4M capacity, 4M committed, 8M reserved
[2026-06-18T16:37:27.641+0800][45.290s][info][gc,ref      ] GC(424) Soft: 43 encountered, 0 discovered, 0 enqueued
[2026-06-18T16:37:27.642+0800][45.291s][info][gc,ref      ] GC(424) Weak: 7 encountered, 0 discovered, 0 enqueued
[2026-06-18T16:37:27.642+0800][45.292s][info][gc,ref      ] GC(424) Final: 0 encountered, 0 discovered, 0 enqueued
[2026-06-18T16:37:27.643+0800][45.292s][info][gc,ref      ] GC(424) Phantom: 1 encountered, 0 discovered, 0 enqueued
[2026-06-18T16:37:27.644+0800][45.293s][info][gc,heap     ] GC(424)                Mark Start          Mark End        Relocate Start      Relocate End           High               Low         
[2026-06-18T16:37:27.645+0800][45.294s][info][gc,heap     ] GC(424)  Capacity:      256M (100%)        256M (100%)        256M (100%)        256M (100%)        256M (100%)        256M (100%)   
[2026-06-18T16:37:27.645+0800][45.295s][info][gc,heap     ] GC(424)   Reserve:       62M (24%)          62M (24%)          62M (24%)          62M (24%)          62M (24%)          62M (24%)    
[2026-06-18T16:37:27.646+0800][45.295s][info][gc,heap     ] GC(424)      Free:       84M (33%)          80M (31%)          70M (27%)         142M (55%)         142M (55%)          64M (25%)    
[2026-06-18T16:37:27.647+0800][45.296s][info][gc,heap     ] GC(424)      Used:      110M (43%)         114M (45%)         124M (48%)          52M (20%)         130M (51%)          52M (20%)    
[2026-06-18T16:37:27.648+0800][45.297s][info][gc,heap     ] GC(424)      Live:         -                28M (11%)          28M (11%)          28M (11%)            -                  -          
[2026-06-18T16:37:27.648+0800][45.298s][info][gc,heap     ] GC(424) Allocated:         -                 4M (2%)           40M (16%)          48M (19%)            -                  -          
[2026-06-18T16:37:27.649+0800][45.298s][info][gc,heap     ] GC(424)   Garbage:         -                81M (32%)          55M (22%)    17592186044399M (6         -                  -          
[2026-06-18T16:37:27.650+0800][45.299s][info][gc,heap     ] GC(424) Reclaimed:         -                  -                26M (10%)          98M (38%)            -                  -          
[2026-06-18T16:37:27.651+0800][45.300s][info][gc          ] GC(424) Garbage Collection (Allocation Rate) 110M(43%)->52M(20%)
[2026-06-18T16:37:27.714+0800][45.363s][info][gc,start    ] GC(425) Garbage Collection (Allocation Rate)
[2026-06-18T16:37:27.717+0800][45.367s][info][gc,phases   ] GC(425) Pause Mark Start 0.424ms
[2026-06-18T16:37:27.722+0800][45.371s][info][gc,phases   ] GC(425) Concurrent Mark 2.205ms
[2026-06-18T16:37:27.725+0800][45.374s][info][gc,phases   ] GC(425) Pause Mark End 0.777ms
[2026-06-18T16:37:27.726+0800][45.376s][info][gc,phases   ] GC(425) Concurrent Process Non-Strong References 0.268ms
[2026-06-18T16:37:27.727+0800][45.377s][info][gc,phases   ] GC(425) Concurrent Reset Relocation Set 0.005ms
[2026-06-18T16:37:27.728+0800][45.377s][info][gc,phases   ] GC(425) Concurrent Destroy Detached Pages 0.001ms
[2026-06-18T16:37:27.730+0800][45.379s][info][gc,phases   ] GC(425) Concurrent Select Relocation Set 0.897ms
[2026-06-18T16:37:27.731+0800][45.380s][info][gc,phases   ] GC(425) Concurrent Prepare Relocation Set 0.011ms
[2026-06-18T16:37:27.732+0800][45.381s][info][gc,phases   ] GC(425) Pause Relocate Start 0.160ms
[2026-06-18T16:37:27.733+0800][45.382s][info][gc,phases   ] GC(425) Concurrent Relocate 0.286ms
[2026-06-18T16:37:27.733+0800][45.382s][info][gc,load     ] GC(425) Load: 0.52/0.38/0.25
[2026-06-18T16:37:27.734+0800][45.383s][info][gc,mmu      ] GC(425) MMU: 2ms/39.9%, 5ms/76.0%, 10ms/82.6%, 20ms/90.0%, 50ms/96.0%, 100ms/97.1%
[2026-06-18T16:37:27.734+0800][45.383s][info][gc,marking  ] GC(425) Mark: 2 stripe(s), 1 proactive flush(es), 1 terminate flush(es), 0 completion(s), 0 continuation(s) 
[2026-06-18T16:37:27.734+0800][45.384s][info][gc,reloc    ] GC(425) Relocation: Successful, 23M relocated
[2026-06-18T16:37:27.735+0800][45.384s][info][gc,nmethod  ] GC(425) NMethods: 25 registered, 0 unregistered
[2026-06-18T16:37:27.735+0800][45.385s][info][gc,metaspace] GC(425) Metaspace: 3M used, 4M capacity, 4M committed, 8M reserved
[2026-06-18T16:37:27.736+0800][45.385s][info][gc,ref      ] GC(425) Soft: 43 encountered, 0 discovered, 0 enqueued
[2026-06-18T16:37:27.736+0800][45.385s][info][gc,ref      ] GC(425) Weak: 7 encountered, 2 discovered, 0 enqueued
[2026-06-18T16:37:27.736+0800][45.386s][info][gc,ref      ] GC(425) Final: 0 encountered, 0 discovered, 0 enqueued
[2026-06-18T16:37:27.737+0800][45.386s][info][gc,ref      ] GC(425) Phantom: 1 encountered, 1 discovered, 0 enqueued
[2026-06-18T16:37:27.737+0800][45.386s][info][gc,heap     ] GC(425)                Mark Start          Mark End        Relocate Start      Relocate End           High               Low         
[2026-06-18T16:37:27.737+0800][45.386s][info][gc,heap     ] GC(425)  Capacity:      256M (100%)        256M (100%)        256M (100%)        256M (100%)        256M (100%)        256M (100%)   
[2026-06-18T16:37:27.737+0800][45.387s][info][gc,heap     ] GC(425)   Reserve:       62M (24%)          62M (24%)          62M (24%)          62M (24%)          62M (24%)          62M (24%)    
[2026-06-18T16:37:27.738+0800][45.387s][info][gc,heap     ] GC(425)      Free:      112M (44%)         112M (44%)         106M (41%)         114M (45%)         114M (45%)          74M (29%)    
[2026-06-18T16:37:27.738+0800][45.387s][info][gc,heap     ] GC(425)      Used:       82M (32%)          82M (32%)          88M (34%)          80M (31%)         120M (47%)          80M (31%)    
[2026-06-18T16:37:27.738+0800][45.387s][info][gc,heap     ] GC(425)      Live:         -                25M (10%)          25M (10%)          25M (10%)            -                  -          
[2026-06-18T16:37:27.738+0800][45.387s][info][gc,heap     ] GC(425) Allocated:         -                 0M (0%)           38M (15%)          44M (17%)            -                  -          
[2026-06-18T16:37:27.738+0800][45.388s][info][gc,heap     ] GC(425)   Garbage:         -                56M (22%)          24M (10%)          16M (6%)             -                  -          
[2026-06-18T16:37:27.739+0800][45.388s][info][gc,heap     ] GC(425) Reclaimed:         -                  -                32M (12%)          40M (16%)            -                  -          
[2026-06-18T16:37:27.739+0800][45.388s][info][gc          ] GC(425) Garbage Collection (Allocation Rate) 82M(32%)->80M(31%)
[2026-06-18T16:37:27.813+0800][45.463s][info][gc,start    ] GC(426) Garbage Collection (Allocation Rate)
[2026-06-18T16:37:27.817+0800][45.466s][info][gc,phases   ] GC(426) Pause Mark Start 0.375ms
[2026-06-18T16:37:27.820+0800][45.470s][info][gc,phases   ] GC(426) Concurrent Mark 2.219ms
[2026-06-18T16:37:27.822+0800][45.472s][info][gc,phases   ] GC(426) Pause Mark End 0.493ms
[2026-06-18T16:37:27.824+0800][45.473s][info][gc,phases   ] GC(426) Concurrent Process Non-Strong References 0.248ms
[2026-06-18T16:37:27.825+0800][45.474s][info][gc,phases   ] GC(426) Concurrent Reset Relocation Set 0.003ms
[2026-06-18T16:37:27.825+0800][45.475s][info][gc,phases   ] GC(426) Concurrent Destroy Detached Pages 0.001ms
[2026-06-18T16:37:27.827+0800][45.476s][info][gc,phases   ] GC(426) Concurrent Select Relocation Set 0.746ms
[2026-06-18T16:37:27.827+0800][45.477s][info][gc,phases   ] GC(426) Concurrent Prepare Relocation Set 0.010ms
[2026-06-18T16:37:27.828+0800][45.477s][info][gc,phases   ] GC(426) Pause Relocate Start 0.115ms
[2026-06-18T16:37:27.830+0800][45.479s][info][gc,phases   ] GC(426) Concurrent Relocate 1.594ms
[2026-06-18T16:37:27.831+0800][45.480s][info][gc,load     ] GC(426) Load: 0.52/0.38/0.25
[2026-06-18T16:37:27.831+0800][45.481s][info][gc,mmu      ] GC(426) MMU: 2ms/39.9%, 5ms/76.0%, 10ms/82.6%, 20ms/90.0%, 50ms/96.0%, 100ms/97.1%
[2026-06-18T16:37:27.832+0800][45.481s][info][gc,marking  ] GC(426) Mark: 2 stripe(s), 1 proactive flush(es), 1 terminate flush(es), 0 completion(s), 0 continuation(s) 
[2026-06-18T16:37:27.832+0800][45.481s][info][gc,reloc    ] GC(426) Relocation: Successful, 22M relocated
[2026-06-18T16:37:27.832+0800][45.482s][info][gc,nmethod  ] GC(426) NMethods: 25 registered, 0 unregistered
[2026-06-18T16:37:27.833+0800][45.482s][info][gc,metaspace] GC(426) Metaspace: 3M used, 4M capacity, 4M committed, 8M reserved
[2026-06-18T16:37:27.833+0800][45.482s][info][gc,ref      ] GC(426) Soft: 43 encountered, 0 discovered, 0 enqueued
[2026-06-18T16:37:27.833+0800][45.483s][info][gc,ref      ] GC(426) Weak: 7 encountered, 4 discovered, 0 enqueued
[2026-06-18T16:37:27.834+0800][45.483s][info][gc,ref      ] GC(426) Final: 0 encountered, 0 discovered, 0 enqueued
[2026-06-18T16:37:27.834+0800][45.483s][info][gc,ref      ] GC(426) Phantom: 1 encountered, 1 discovered, 0 enqueued
[2026-06-18T16:37:27.834+0800][45.483s][info][gc,heap     ] GC(426)                Mark Start          Mark End        Relocate Start      Relocate End           High               Low         
[2026-06-18T16:37:27.834+0800][45.484s][info][gc,heap     ] GC(426)  Capacity:      256M (100%)        256M (100%)        256M (100%)        256M (100%)        256M (100%)        256M (100%)   
[2026-06-18T16:37:27.835+0800][45.484s][info][gc,heap     ] GC(426)   Reserve:       62M (24%)          62M (24%)          62M (24%)          62M (24%)          62M (24%)          62M (24%)    
[2026-06-18T16:37:27.835+0800][45.484s][info][gc,heap     ] GC(426)      Free:       86M (34%)          86M (34%)          74M (29%)         150M (59%)         150M (59%)          48M (19%)    
[2026-06-18T16:37:27.835+0800][45.484s][info][gc,heap     ] GC(426)      Used:      108M (42%)         108M (42%)         120M (47%)          44M (17%)         146M (57%)          44M (17%)    
[2026-06-18T16:37:27.835+0800][45.485s][info][gc,heap     ] GC(426)      Live:         -                22M (9%)           22M (9%)           22M (9%)             -                  -          
[2026-06-18T16:37:27.835+0800][45.485s][info][gc,heap     ] GC(426) Allocated:         -                 0M (0%)           38M (15%)          42M (16%)            -                  -          
[2026-06-18T16:37:27.836+0800][45.485s][info][gc,heap     ] GC(426)   Garbage:         -                85M (33%)          59M (23%)    17592186044399M (6         -                  -          
[2026-06-18T16:37:27.836+0800][45.485s][info][gc,heap     ] GC(426) Reclaimed:         -                  -                26M (10%)         102M (40%)            -                  -          
[2026-06-18T16:37:27.836+0800][45.485s][info][gc          ] GC(426) Garbage Collection (Allocation Rate) 108M(42%)->44M(17%)
[2026-06-18T16:37:27.913+0800][45.563s][info][gc,start    ] GC(427) Garbage Collection (Allocation Rate)
[2026-06-18T16:37:27.916+0800][45.565s][info][gc,phases   ] GC(427) Pause Mark Start 0.386ms
[2026-06-18T16:37:27.919+0800][45.568s][info][gc,phases   ] GC(427) Concurrent Mark 1.880ms
[2026-06-18T16:37:27.921+0800][45.570s][info][gc,phases   ] GC(427) Pause Mark End 0.525ms
[2026-06-18T16:37:27.922+0800][45.571s][info][gc,phases   ] GC(427) Concurrent Process Non-Strong References 0.210ms
[2026-06-18T16:37:27.922+0800][45.572s][info][gc,phases   ] GC(427) Concurrent Reset Relocation Set 0.008ms
[2026-06-18T16:37:27.923+0800][45.572s][info][gc,phases   ] GC(427) Concurrent Destroy Detached Pages 0.001ms
[2026-06-18T16:37:27.924+0800][45.574s][info][gc,phases   ] GC(427) Concurrent Select Relocation Set 0.822ms
[2026-06-18T16:37:27.925+0800][45.574s][info][gc,phases   ] GC(427) Concurrent Prepare Relocation Set 0.002ms
[2026-06-18T16:37:27.926+0800][45.575s][info][gc,phases   ] GC(427) Pause Relocate Start 0.191ms
[2026-06-18T16:37:27.927+0800][45.576s][info][gc,phases   ] GC(427) Concurrent Relocate 0.254ms
[2026-06-18T16:37:27.928+0800][45.577s][info][gc,load     ] GC(427) Load: 0.52/0.38/0.25
[2026-06-18T16:37:27.928+0800][45.577s][info][gc,mmu      ] GC(427) MMU: 2ms/39.9%, 5ms/76.0%, 10ms/82.6%, 20ms/90.0%, 50ms/96.0%, 100ms/97.1%
[2026-06-18T16:37:27.928+0800][45.578s][info][gc,marking  ] GC(427) Mark: 2 stripe(s), 1 proactive flush(es), 1 terminate flush(es), 0 completion(s), 0 continuation(s) 
[2026-06-18T16:37:27.929+0800][45.578s][info][gc,reloc    ] GC(427) Relocation: Successful, 27M relocated
[2026-06-18T16:37:27.930+0800][45.579s][info][gc,nmethod  ] GC(427) NMethods: 25 registered, 0 unregistered
[2026-06-18T16:37:27.930+0800][45.579s][info][gc,metaspace] GC(427) Metaspace: 3M used, 4M capacity, 4M committed, 8M reserved
[2026-06-18T16:37:27.930+0800][45.580s][info][gc,ref      ] GC(427) Soft: 43 encountered, 0 discovered, 0 enqueued
[2026-06-18T16:37:27.931+0800][45.580s][info][gc,ref      ] GC(427) Weak: 7 encountered, 2 discovered, 0 enqueued
[2026-06-18T16:37:27.931+0800][45.580s][info][gc,ref      ] GC(427) Final: 0 encountered, 0 discovered, 0 enqueued
[2026-06-18T16:37:27.931+0800][45.581s][info][gc,ref      ] GC(427) Phantom: 1 encountered, 1 discovered, 0 enqueued
[2026-06-18T16:37:27.932+0800][45.581s][info][gc,heap     ] GC(427)                Mark Start          Mark End        Relocate Start      Relocate End           High               Low         
[2026-06-18T16:37:27.932+0800][45.581s][info][gc,heap     ] GC(427)  Capacity:      256M (100%)        256M (100%)        256M (100%)        256M (100%)        256M (100%)        256M (100%)   
[2026-06-18T16:37:27.932+0800][45.581s][info][gc,heap     ] GC(427)   Reserve:       62M (24%)          62M (24%)          62M (24%)          62M (24%)          62M (24%)          62M (24%)    
[2026-06-18T16:37:27.932+0800][45.582s][info][gc,heap     ] GC(427)      Free:      120M (47%)          82M (32%)         106M (41%)         114M (45%)         120M (47%)          82M (32%)    
[2026-06-18T16:37:27.933+0800][45.582s][info][gc,heap     ] GC(427)      Used:       74M (29%)         112M (44%)          88M (34%)          80M (31%)         112M (44%)          74M (29%)    
[2026-06-18T16:37:27.933+0800][45.582s][info][gc,heap     ] GC(427)      Live:         -                29M (12%)          29M (12%)          29M (12%)            -                  -          
[2026-06-18T16:37:27.933+0800][45.582s][info][gc,heap     ] GC(427) Allocated:         -                38M (15%)          38M (15%)          44M (17%)            -                  -          
[2026-06-18T16:37:27.933+0800][45.583s][info][gc,heap     ] GC(427)   Garbage:         -                44M (17%)          20M (8%)           12M (5%)             -                  -          
[2026-06-18T16:37:27.933+0800][45.583s][info][gc,heap     ] GC(427) Reclaimed:         -                  -                24M (9%)           32M (12%)            -                  -          
[2026-06-18T16:37:27.934+0800][45.583s][info][gc          ] GC(427) Garbage Collection (Allocation Rate) 74M(29%)->80M(31%)
[2026-06-18T16:37:28.014+0800][45.663s][info][gc,start    ] GC(428) Garbage Collection (Allocation Rate)
[2026-06-18T16:37:28.017+0800][45.666s][info][gc,phases   ] GC(428) Pause Mark Start 0.373ms
[2026-06-18T16:37:28.020+0800][45.669s][info][gc,phases   ] GC(428) Concurrent Mark 1.983ms
[2026-06-18T16:37:28.023+0800][45.672s][info][gc,phases   ] GC(428) Pause Mark End 0.562ms
[2026-06-18T16:37:28.024+0800][45.673s][info][gc,phases   ] GC(428) Concurrent Process Non-Strong References 0.131ms
[2026-06-18T16:37:28.025+0800][45.674s][info][gc,phases   ] GC(428) Concurrent Reset Relocation Set 0.003ms
[2026-06-18T16:37:28.025+0800][45.675s][info][gc,phases   ] GC(428) Concurrent Destroy Detached Pages 0.001ms
[2026-06-18T16:37:28.028+0800][45.677s][info][gc,phases   ] GC(428) Concurrent Select Relocation Set 0.725ms
[2026-06-18T16:37:28.028+0800][45.678s][info][gc,phases   ] GC(428) Concurrent Prepare Relocation Set 0.011ms
[2026-06-18T16:37:28.029+0800][45.679s][info][gc,phases   ] GC(428) Pause Relocate Start 0.218ms
[2026-06-18T16:37:28.032+0800][45.681s][info][gc,phases   ] GC(428) Concurrent Relocate 1.820ms
[2026-06-18T16:37:28.032+0800][45.682s][info][gc,load     ] GC(428) Load: 0.52/0.38/0.25
[2026-06-18T16:37:28.033+0800][45.682s][info][gc,mmu      ] GC(428) MMU: 2ms/39.9%, 5ms/76.0%, 10ms/82.6%, 20ms/90.0%, 50ms/96.0%, 100ms/97.1%
[2026-06-18T16:37:28.033+0800][45.682s][info][gc,marking  ] GC(428) Mark: 2 stripe(s), 1 proactive flush(es), 1 terminate flush(es), 0 completion(s), 0 continuation(s) 
[2026-06-18T16:37:28.034+0800][45.683s][info][gc,reloc    ] GC(428) Relocation: Successful, 25M relocated
[2026-06-18T16:37:28.034+0800][45.683s][info][gc,nmethod  ] GC(428) NMethods: 25 registered, 0 unregistered
[2026-06-18T16:37:28.034+0800][45.684s][info][gc,metaspace] GC(428) Metaspace: 3M used, 4M capacity, 4M committed, 8M reserved
[2026-06-18T16:37:28.035+0800][45.684s][info][gc,ref      ] GC(428) Soft: 43 encountered, 0 discovered, 0 enqueued
[2026-06-18T16:37:28.035+0800][45.684s][info][gc,ref      ] GC(428) Weak: 7 encountered, 2 discovered, 0 enqueued
[2026-06-18T16:37:28.035+0800][45.684s][info][gc,ref      ] GC(428) Final: 0 encountered, 0 discovered, 0 enqueued
[2026-06-18T16:37:28.035+0800][45.685s][info][gc,ref      ] GC(428) Phantom: 1 encountered, 1 discovered, 0 enqueued
[2026-06-18T16:37:28.035+0800][45.685s][info][gc,heap     ] GC(428)                Mark Start          Mark End        Relocate Start      Relocate End           High               Low         
[2026-06-18T16:37:28.036+0800][45.685s][info][gc,heap     ] GC(428)  Capacity:      256M (100%)        256M (100%)        256M (100%)        256M (100%)        256M (100%)        256M (100%)   
[2026-06-18T16:37:28.036+0800][45.685s][info][gc,heap     ] GC(428)   Reserve:       62M (24%)          62M (24%)          62M (24%)          62M (24%)          62M (24%)          62M (24%)    
[2026-06-18T16:37:28.036+0800][45.686s][info][gc,heap     ] GC(428)      Free:       80M (31%)          80M (31%)         106M (41%)         146M (57%)         146M (57%)          70M (27%)    
[2026-06-18T16:37:28.036+0800][45.686s][info][gc,heap     ] GC(428)      Used:      114M (45%)         114M (45%)          88M (34%)          48M (19%)         124M (48%)          48M (19%)    
[2026-06-18T16:37:28.037+0800][45.686s][info][gc,heap     ] GC(428)      Live:         -                27M (11%)          27M (11%)          27M (11%)            -                  -          
[2026-06-18T16:37:28.037+0800][45.686s][info][gc,heap     ] GC(428) Allocated:         -                 0M (0%)            4M (2%)           42M (16%)            -                  -          
[2026-06-18T16:37:28.037+0800][45.686s][info][gc,heap     ] GC(428)   Garbage:         -                86M (34%)          56M (22%)          16M (7%)             -                  -          
[2026-06-18T16:37:28.037+0800][45.686s][info][gc,heap     ] GC(428) Reclaimed:         -                  -                30M (12%)          70M (27%)            -                  -          
[2026-06-18T16:37:28.037+0800][45.687s][info][gc          ] GC(428) Garbage Collection (Allocation Rate) 114M(45%)->48M(19%)
[2026-06-18T16:37:28.114+0800][45.763s][info][gc,start    ] GC(429) Garbage Collection (Allocation Rate)
[2026-06-18T16:37:28.117+0800][45.767s][info][gc,phases   ] GC(429) Pause Mark Start 0.649ms
[2026-06-18T16:37:28.121+0800][45.771s][info][gc,phases   ] GC(429) Concurrent Mark 2.293ms
[2026-06-18T16:37:28.124+0800][45.774s][info][gc,phases   ] GC(429) Pause Mark End 0.686ms
[2026-06-18T16:37:28.128+0800][45.778s][info][gc,phases   ] GC(429) Concurrent Process Non-Strong References 0.295ms
[2026-06-18T16:37:28.130+0800][45.779s][info][gc,phases   ] GC(429) Concurrent Reset Relocation Set 0.005ms
[2026-06-18T16:37:28.131+0800][45.780s][info][gc,phases   ] GC(429) Concurrent Destroy Detached Pages 0.002ms
[2026-06-18T16:37:28.133+0800][45.782s][info][gc,phases   ] GC(429) Concurrent Select Relocation Set 0.935ms
[2026-06-18T16:37:28.134+0800][45.783s][info][gc,phases   ] GC(429) Concurrent Prepare Relocation Set 0.008ms
[2026-06-18T16:37:28.135+0800][45.784s][info][gc,phases   ] GC(429) Pause Relocate Start 0.517ms
[2026-06-18T16:37:28.136+0800][45.786s][info][gc,phases   ] GC(429) Concurrent Relocate 0.491ms
[2026-06-18T16:37:28.137+0800][45.787s][info][gc,load     ] GC(429) Load: 0.52/0.38/0.25
[2026-06-18T16:37:28.138+0800][45.787s][info][gc,mmu      ] GC(429) MMU: 2ms/39.9%, 5ms/76.0%, 10ms/82.6%, 20ms/90.0%, 50ms/96.0%, 100ms/97.1%
[2026-06-18T16:37:28.138+0800][45.787s][info][gc,marking  ] GC(429) Mark: 2 stripe(s), 1 proactive flush(es), 1 terminate flush(es), 0 completion(s), 0 continuation(s) 
[2026-06-18T16:37:28.139+0800][45.788s][info][gc,reloc    ] GC(429) Relocation: Successful, 18M relocated
[2026-06-18T16:37:28.139+0800][45.788s][info][gc,nmethod  ] GC(429) NMethods: 25 registered, 0 unregistered
[2026-06-18T16:37:28.140+0800][45.789s][info][gc,metaspace] GC(429) Metaspace: 3M used, 4M capacity, 4M committed, 8M reserved
[2026-06-18T16:37:28.140+0800][45.789s][info][gc,ref      ] GC(429) Soft: 43 encountered, 0 discovered, 0 enqueued
[2026-06-18T16:37:28.140+0800][45.790s][info][gc,ref      ] GC(429) Weak: 7 encountered, 0 discovered, 0 enqueued
[2026-06-18T16:37:28.141+0800][45.790s][info][gc,ref      ] GC(429) Final: 0 encountered, 0 discovered, 0 enqueued
[2026-06-18T16:37:28.141+0800][45.791s][info][gc,ref      ] GC(429) Phantom: 1 encountered, 1 discovered, 0 enqueued
[2026-06-18T16:37:28.142+0800][45.791s][info][gc,heap     ] GC(429)                Mark Start          Mark End        Relocate Start      Relocate End           High               Low         
[2026-06-18T16:37:28.142+0800][45.791s][info][gc,heap     ] GC(429)  Capacity:      256M (100%)        256M (100%)        256M (100%)        256M (100%)        256M (100%)        256M (100%)   
[2026-06-18T16:37:28.142+0800][45.792s][info][gc,heap     ] GC(429)   Reserve:       62M (24%)          62M (24%)          62M (24%)          62M (24%)          62M (24%)          62M (24%)    
[2026-06-18T16:37:28.142+0800][45.792s][info][gc,heap     ] GC(429)      Free:      114M (45%)         110M (43%)         138M (54%)         146M (57%)         146M (57%)         106M (41%)    
[2026-06-18T16:37:28.143+0800][45.792s][info][gc,heap     ] GC(429)      Used:       80M (31%)          84M (33%)          56M (22%)          48M (19%)          88M (34%)          48M (19%)    
[2026-06-18T16:37:28.143+0800][45.792s][info][gc,heap     ] GC(429)      Live:         -                18M (7%)           18M (7%)           18M (7%)             -                  -          
[2026-06-18T16:37:28.143+0800][45.792s][info][gc,heap     ] GC(429) Allocated:         -                 4M (2%)            8M (3%)           12M (5%)             -                  -          
[2026-06-18T16:37:28.143+0800][45.793s][info][gc,heap     ] GC(429)   Garbage:         -                61M (24%)          29M (11%)          21M (8%)             -                  -          
[2026-06-18T16:37:28.143+0800][45.793s][info][gc,heap     ] GC(429) Reclaimed:         -                  -                32M (12%)          40M (16%)            -                  -          
[2026-06-18T16:37:28.144+0800][45.793s][info][gc          ] GC(429) Garbage Collection (Allocation Rate) 80M(31%)->48M(19%)
[2026-06-18T16:37:28.213+0800][45.863s][info][gc,start    ] GC(430) Garbage Collection (Allocation Rate)
[2026-06-18T16:37:28.216+0800][45.866s][info][gc,phases   ] GC(430) Pause Mark Start 0.451ms
[2026-06-18T16:37:28.221+0800][45.870s][info][gc,phases   ] GC(430) Concurrent Mark 2.408ms
[2026-06-18T16:37:28.223+0800][45.872s][info][gc,phases   ] GC(430) Pause Mark End 0.465ms
[2026-06-18T16:37:28.224+0800][45.873s][info][gc,phases   ] GC(430) Concurrent Process Non-Strong References 0.141ms
[2026-06-18T16:37:28.224+0800][45.874s][info][gc,phases   ] GC(430) Concurrent Reset Relocation Set 0.002ms
[2026-06-18T16:37:28.225+0800][45.874s][info][gc,phases   ] GC(430) Concurrent Destroy Detached Pages 0.001ms
[2026-06-18T16:37:28.226+0800][45.876s][info][gc,phases   ] GC(430) Concurrent Select Relocation Set 0.799ms
[2026-06-18T16:37:28.227+0800][45.876s][info][gc,phases   ] GC(430) Concurrent Prepare Relocation Set 0.007ms
[2026-06-18T16:37:28.228+0800][45.877s][info][gc,phases   ] GC(430) Pause Relocate Start 0.145ms
[2026-06-18T16:37:28.230+0800][45.879s][info][gc,phases   ] GC(430) Concurrent Relocate 1.712ms
[2026-06-18T16:37:28.231+0800][45.880s][info][gc,load     ] GC(430) Load: 0.52/0.38/0.25
[2026-06-18T16:37:28.231+0800][45.880s][info][gc,mmu      ] GC(430) MMU: 2ms/39.9%, 5ms/76.0%, 10ms/82.6%, 20ms/90.0%, 50ms/96.0%, 100ms/97.1%
[2026-06-18T16:37:28.232+0800][45.881s][info][gc,marking  ] GC(430) Mark: 2 stripe(s), 2 proactive flush(es), 1 terminate flush(es), 0 completion(s), 0 continuation(s) 
[2026-06-18T16:37:28.232+0800][45.881s][info][gc,reloc    ] GC(430) Relocation: Successful, 23M relocated
[2026-06-18T16:37:28.232+0800][45.882s][info][gc,nmethod  ] GC(430) NMethods: 25 registered, 0 unregistered
[2026-06-18T16:37:28.233+0800][45.882s][info][gc,metaspace] GC(430) Metaspace: 3M used, 4M capacity, 4M committed, 8M reserved
[2026-06-18T16:37:28.233+0800][45.882s][info][gc,ref      ] GC(430) Soft: 43 encountered, 0 discovered, 0 enqueued
[2026-06-18T16:37:28.233+0800][45.882s][info][gc,ref      ] GC(430) Weak: 7 encountered, 2 discovered, 0 enqueued
[2026-06-18T16:37:28.233+0800][45.883s][info][gc,ref      ] GC(430) Final: 0 encountered, 0 discovered, 0 enqueued
[2026-06-18T16:37:28.233+0800][45.883s][info][gc,ref      ] GC(430) Phantom: 1 encountered, 1 discovered, 0 enqueued
[2026-06-18T16:37:28.234+0800][45.883s][info][gc,heap     ] GC(430)                Mark Start          Mark End        Relocate Start      Relocate End           High               Low         
[2026-06-18T16:37:28.234+0800][45.883s][info][gc,heap     ] GC(430)  Capacity:      256M (100%)        256M (100%)        256M (100%)        256M (100%)        256M (100%)        256M (100%)   
[2026-06-18T16:37:28.234+0800][45.883s][info][gc,heap     ] GC(430)   Reserve:       62M (24%)          62M (24%)          62M (24%)          62M (24%)          62M (24%)          62M (24%)    
[2026-06-18T16:37:28.234+0800][45.884s][info][gc,heap     ] GC(430)      Free:       88M (34%)          84M (33%)         112M (44%)         142M (55%)         142M (55%)          74M (29%)    
[2026-06-18T16:37:28.234+0800][45.884s][info][gc,heap     ] GC(430)      Used:      106M (41%)         110M (43%)          82M (32%)          52M (20%)         120M (47%)          52M (20%)    
[2026-06-18T16:37:28.235+0800][45.884s][info][gc,heap     ] GC(430)      Live:         -                24M (10%)          24M (10%)          24M (10%)            -                  -          
[2026-06-18T16:37:28.235+0800][45.884s][info][gc,heap     ] GC(430) Allocated:         -                 4M (2%)            4M (2%)           50M (20%)            -                  -          
[2026-06-18T16:37:28.235+0800][45.884s][info][gc,heap     ] GC(430)   Garbage:         -                81M (32%)          53M (21%)          19M (8%)             -                  -          
[2026-06-18T16:37:28.235+0800][45.884s][info][gc,heap     ] GC(430) Reclaimed:         -                  -                28M (11%)          62M (24%)            -                  -          
[2026-06-18T16:37:28.235+0800][45.885s][info][gc          ] GC(430) Garbage Collection (Allocation Rate) 106M(41%)->52M(20%)
[2026-06-18T16:37:28.313+0800][45.963s][info][gc,start    ] GC(431) Garbage Collection (Allocation Rate)
[2026-06-18T16:37:28.317+0800][45.966s][info][gc,phases   ] GC(431) Pause Mark Start 0.453ms
[2026-06-18T16:37:28.321+0800][45.970s][info][gc,phases   ] GC(431) Concurrent Mark 2.260ms
[2026-06-18T16:37:28.323+0800][45.972s][info][gc,phases   ] GC(431) Pause Mark End 0.937ms
[2026-06-18T16:37:28.325+0800][45.975s][info][gc,phases   ] GC(431) Concurrent Process Non-Strong References 0.258ms
[2026-06-18T16:37:28.326+0800][45.975s][info][gc,phases   ] GC(431) Concurrent Reset Relocation Set 0.004ms
[2026-06-18T16:37:28.327+0800][45.976s][info][gc,phases   ] GC(431) Concurrent Destroy Detached Pages 0.002ms
[2026-06-18T16:37:28.329+0800][45.978s][info][gc,phases   ] GC(431) Concurrent Select Relocation Set 1.017ms
[2026-06-18T16:37:28.330+0800][45.979s][info][gc,phases   ] GC(431) Concurrent Prepare Relocation Set 0.009ms
[2026-06-18T16:37:28.331+0800][45.980s][info][gc,phases   ] GC(431) Pause Relocate Start 0.201ms
[2026-06-18T16:37:28.332+0800][45.981s][info][gc,phases   ] GC(431) Concurrent Relocate 0.426ms
[2026-06-18T16:37:28.333+0800][45.982s][info][gc,load     ] GC(431) Load: 0.52/0.38/0.25
[2026-06-18T16:37:28.333+0800][45.982s][info][gc,mmu      ] GC(431) MMU: 2ms/39.9%, 5ms/76.0%, 10ms/82.6%, 20ms/90.0%, 50ms/96.0%, 100ms/97.1%
[2026-06-18T16:37:28.333+0800][45.983s][info][gc,marking  ] GC(431) Mark: 2 stripe(s), 1 proactive flush(es), 1 terminate flush(es), 0 completion(s), 0 continuation(s) 
[2026-06-18T16:37:28.334+0800][45.983s][info][gc,reloc    ] GC(431) Relocation: Successful, 20M relocated
[2026-06-18T16:37:28.334+0800][45.984s][info][gc,nmethod  ] GC(431) NMethods: 25 registered, 0 unregistered
[2026-06-18T16:37:28.335+0800][45.984s][info][gc,metaspace] GC(431) Metaspace: 3M used, 4M capacity, 4M committed, 8M reserved
[2026-06-18T16:37:28.336+0800][45.985s][info][gc,ref      ] GC(431) Soft: 43 encountered, 0 discovered, 0 enqueued
[2026-06-18T16:37:28.336+0800][45.985s][info][gc,ref      ] GC(431) Weak: 7 encountered, 0 discovered, 0 enqueued
[2026-06-18T16:37:28.336+0800][45.986s][info][gc,ref      ] GC(431) Final: 0 encountered, 0 discovered, 0 enqueued
[2026-06-18T16:37:28.337+0800][45.986s][info][gc,ref      ] GC(431) Phantom: 1 encountered, 0 discovered, 0 enqueued
[2026-06-18T16:37:28.337+0800][45.986s][info][gc,heap     ] GC(431)                Mark Start          Mark End        Relocate Start      Relocate End           High               Low         
[2026-06-18T16:37:28.338+0800][45.987s][info][gc,heap     ] GC(431)  Capacity:      256M (100%)        256M (100%)        256M (100%)        256M (100%)        256M (100%)        256M (100%)   
[2026-06-18T16:37:28.339+0800][45.988s][info][gc,heap     ] GC(431)   Reserve:       62M (24%)          62M (24%)          62M (24%)          62M (24%)          62M (24%)          62M (24%)    
[2026-06-18T16:37:28.340+0800][45.989s][info][gc,heap     ] GC(431)      Free:      110M (43%)         110M (43%)         138M (54%)         148M (58%)         148M (58%)         106M (41%)    
[2026-06-18T16:37:28.341+0800][45.991s][info][gc,heap     ] GC(431)      Used:       84M (33%)          84M (33%)          56M (22%)          46M (18%)          88M (34%)          46M (18%)    
[2026-06-18T16:37:28.342+0800][45.992s][info][gc,heap     ] GC(431)      Live:         -                22M (9%)           22M (9%)           22M (9%)             -                  -          
[2026-06-18T16:37:28.343+0800][45.992s][info][gc,heap     ] GC(431) Allocated:         -                 0M (0%)            4M (2%)            8M (3%)             -                  -          
[2026-06-18T16:37:28.343+0800][45.993s][info][gc,heap     ] GC(431)   Garbage:         -                61M (24%)          29M (12%)          19M (8%)             -                  -          
[2026-06-18T16:37:28.344+0800][45.993s][info][gc,heap     ] GC(431) Reclaimed:         -                  -                32M (12%)          42M (16%)            -                  -          
[2026-06-18T16:37:28.344+0800][45.993s][info][gc          ] GC(431) Garbage Collection (Allocation Rate) 84M(33%)->46M(18%)
[2026-06-18T16:37:28.414+0800][46.063s][info][gc,start    ] GC(432) Garbage Collection (Allocation Rate)
[2026-06-18T16:37:28.419+0800][46.068s][info][gc,phases   ] GC(432) Pause Mark Start 0.409ms
[2026-06-18T16:37:28.423+0800][46.073s][info][gc,phases   ] GC(432) Concurrent Mark 2.146ms
[2026-06-18T16:37:28.426+0800][46.075s][info][gc,phases   ] GC(432) Pause Mark End 0.532ms
[2026-06-18T16:37:28.427+0800][46.076s][info][gc,phases   ] GC(432) Concurrent Process Non-Strong References 0.133ms
[2026-06-18T16:37:28.428+0800][46.077s][info][gc,phases   ] GC(432) Concurrent Reset Relocation Set 0.004ms
[2026-06-18T16:37:28.429+0800][46.078s][info][gc,phases   ] GC(432) Concurrent Destroy Detached Pages 0.001ms
[2026-06-18T16:37:28.430+0800][46.079s][info][gc,phases   ] GC(432) Concurrent Select Relocation Set 0.747ms
[2026-06-18T16:37:28.431+0800][46.080s][info][gc,phases   ] GC(432) Concurrent Prepare Relocation Set 0.007ms
[2026-06-18T16:37:28.431+0800][46.081s][info][gc,phases   ] GC(432) Pause Relocate Start 0.173ms
[2026-06-18T16:37:28.434+0800][46.083s][info][gc,phases   ] GC(432) Concurrent Relocate 1.822ms
[2026-06-18T16:37:28.435+0800][46.084s][info][gc,load     ] GC(432) Load: 0.52/0.38/0.25
[2026-06-18T16:37:28.435+0800][46.084s][info][gc,mmu      ] GC(432) MMU: 2ms/39.9%, 5ms/76.0%, 10ms/82.6%, 20ms/90.0%, 50ms/96.0%, 100ms/97.1%
[2026-06-18T16:37:28.435+0800][46.085s][info][gc,marking  ] GC(432) Mark: 2 stripe(s), 2 proactive flush(es), 1 terminate flush(es), 0 completion(s), 0 continuation(s) 
[2026-06-18T16:37:28.436+0800][46.085s][info][gc,reloc    ] GC(432) Relocation: Successful, 26M relocated
[2026-06-18T16:37:28.436+0800][46.085s][info][gc,nmethod  ] GC(432) NMethods: 25 registered, 0 unregistered
[2026-06-18T16:37:28.436+0800][46.086s][info][gc,metaspace] GC(432) Metaspace: 3M used, 4M capacity, 4M committed, 8M reserved
[2026-06-18T16:37:28.437+0800][46.086s][info][gc,ref      ] GC(432) Soft: 43 encountered, 0 discovered, 0 enqueued
[2026-06-18T16:37:28.437+0800][46.086s][info][gc,ref      ] GC(432) Weak: 7 encountered, 2 discovered, 0 enqueued
[2026-06-18T16:37:28.437+0800][46.087s][info][gc,ref      ] GC(432) Final: 0 encountered, 0 discovered, 0 enqueued
[2026-06-18T16:37:28.437+0800][46.087s][info][gc,ref      ] GC(432) Phantom: 1 encountered, 1 discovered, 0 enqueued
[2026-06-18T16:37:28.438+0800][46.087s][info][gc,heap     ] GC(432)                Mark Start          Mark End        Relocate Start      Relocate End           High               Low         
[2026-06-18T16:37:28.438+0800][46.087s][info][gc,heap     ] GC(432)  Capacity:      256M (100%)        256M (100%)        256M (100%)        256M (100%)        256M (100%)        256M (100%)   
[2026-06-18T16:37:28.438+0800][46.088s][info][gc,heap     ] GC(432)   Reserve:       62M (24%)          62M (24%)          62M (24%)          62M (24%)          62M (24%)          62M (24%)    
[2026-06-18T16:37:28.438+0800][46.088s][info][gc,heap     ] GC(432)      Free:       84M (33%)          48M (19%)          76M (30%)         138M (54%)         138M (54%)          48M (19%)    
[2026-06-18T16:37:28.439+0800][46.088s][info][gc,heap     ] GC(432)      Used:      110M (43%)         146M (57%)         118M (46%)          56M (22%)         146M (57%)          56M (22%)    
[2026-06-18T16:37:28.439+0800][46.088s][info][gc,heap     ] GC(432)      Live:         -                28M (11%)          28M (11%)          28M (11%)            -                  -          
[2026-06-18T16:37:28.439+0800][46.088s][info][gc,heap     ] GC(432) Allocated:         -                36M (14%)          36M (14%)          50M (20%)            -                  -          
[2026-06-18T16:37:28.439+0800][46.089s][info][gc,heap     ] GC(432)   Garbage:         -                81M (32%)          53M (21%)    17592186044401M (6         -                  -          
[2026-06-18T16:37:28.440+0800][46.089s][info][gc,heap     ] GC(432) Reclaimed:         -                  -                28M (11%)          96M (38%)            -                  -          
[2026-06-18T16:37:28.440+0800][46.089s][info][gc          ] GC(432) Garbage Collection (Allocation Rate) 110M(43%)->56M(22%)
[2026-06-18T16:37:28.514+0800][46.163s][info][gc,start    ] GC(433) Garbage Collection (Allocation Rate)
[2026-06-18T16:37:28.516+0800][46.166s][info][gc,phases   ] GC(433) Pause Mark Start 0.402ms
[2026-06-18T16:37:28.520+0800][46.169s][info][gc,phases   ] GC(433) Concurrent Mark 1.943ms
[2026-06-18T16:37:28.521+0800][46.171s][info][gc,phases   ] GC(433) Pause Mark End 0.595ms
[2026-06-18T16:37:28.523+0800][46.172s][info][gc,phases   ] GC(433) Concurrent Process Non-Strong References 0.143ms
[2026-06-18T16:37:28.523+0800][46.173s][info][gc,phases   ] GC(433) Concurrent Reset Relocation Set 0.003ms
[2026-06-18T16:37:28.524+0800][46.173s][info][gc,phases   ] GC(433) Concurrent Destroy Detached Pages 0.001ms
[2026-06-18T16:37:28.525+0800][46.175s][info][gc,phases   ] GC(433) Concurrent Select Relocation Set 0.860ms
[2026-06-18T16:37:28.526+0800][46.175s][info][gc,phases   ] GC(433) Concurrent Prepare Relocation Set 0.004ms
[2026-06-18T16:37:28.527+0800][46.176s][info][gc,phases   ] GC(433) Pause Relocate Start 0.187ms
[2026-06-18T16:37:28.528+0800][46.178s][info][gc,phases   ] GC(433) Concurrent Relocate 0.369ms
[2026-06-18T16:37:28.529+0800][46.178s][info][gc,load     ] GC(433) Load: 0.52/0.38/0.25
[2026-06-18T16:37:28.529+0800][46.179s][info][gc,mmu      ] GC(433) MMU: 2ms/39.9%, 5ms/76.0%, 10ms/82.6%, 20ms/90.0%, 50ms/96.0%, 100ms/97.1%
[2026-06-18T16:37:28.530+0800][46.179s][info][gc,marking  ] GC(433) Mark: 2 stripe(s), 1 proactive flush(es), 1 terminate flush(es), 0 completion(s), 0 continuation(s) 
[2026-06-18T16:37:28.530+0800][46.179s][info][gc,reloc    ] GC(433) Relocation: Successful, 22M relocated
[2026-06-18T16:37:28.531+0800][46.180s][info][gc,nmethod  ] GC(433) NMethods: 25 registered, 0 unregistered
[2026-06-18T16:37:28.531+0800][46.180s][info][gc,metaspace] GC(433) Metaspace: 3M used, 4M capacity, 4M committed, 8M reserved
[2026-06-18T16:37:28.531+0800][46.181s][info][gc,ref      ] GC(433) Soft: 43 encountered, 0 discovered, 0 enqueued
[2026-06-18T16:37:28.532+0800][46.181s][info][gc,ref      ] GC(433) Weak: 7 encountered, 0 discovered, 0 enqueued
[2026-06-18T16:37:28.532+0800][46.181s][info][gc,ref      ] GC(433) Final: 0 encountered, 0 discovered, 0 enqueued
[2026-06-18T16:37:28.532+0800][46.182s][info][gc,ref      ] GC(433) Phantom: 1 encountered, 0 discovered, 0 enqueued
[2026-06-18T16:37:28.533+0800][46.182s][info][gc,heap     ] GC(433)                Mark Start          Mark End        Relocate Start      Relocate End           High               Low         
[2026-06-18T16:37:28.533+0800][46.182s][info][gc,heap     ] GC(433)  Capacity:      256M (100%)        256M (100%)        256M (100%)        256M (100%)        256M (100%)        256M (100%)   
[2026-06-18T16:37:28.533+0800][46.182s][info][gc,heap     ] GC(433)   Reserve:       62M (24%)          62M (24%)          62M (24%)          62M (24%)          62M (24%)          62M (24%)    
[2026-06-18T16:37:28.533+0800][46.183s][info][gc,heap     ] GC(433)      Free:      110M (43%)         106M (41%)         136M (53%)         148M (58%)         148M (58%)         106M (41%)    
[2026-06-18T16:37:28.534+0800][46.183s][info][gc,heap     ] GC(433)      Used:       84M (33%)          88M (34%)          58M (23%)          46M (18%)          88M (34%)          46M (18%)    
[2026-06-18T16:37:28.534+0800][46.183s][info][gc,heap     ] GC(433)      Live:         -                23M (9%)           23M (9%)           23M (9%)             -                  -          
[2026-06-18T16:37:28.534+0800][46.184s][info][gc,heap     ] GC(433) Allocated:         -                 4M (2%)            4M (2%)           12M (5%)             -                  -          
[2026-06-18T16:37:28.535+0800][46.184s][info][gc,heap     ] GC(433)   Garbage:         -                60M (23%)          30M (12%)          18M (7%)             -                  -          
[2026-06-18T16:37:28.535+0800][46.184s][info][gc,heap     ] GC(433) Reclaimed:         -                  -                30M (12%)          42M (16%)            -                  -          
[2026-06-18T16:37:28.536+0800][46.185s][info][gc          ] GC(433) Garbage Collection (Allocation Rate) 84M(33%)->46M(18%)
[2026-06-18T16:37:28.614+0800][46.263s][info][gc,start    ] GC(434) Garbage Collection (Allocation Rate)
[2026-06-18T16:37:28.617+0800][46.266s][info][gc,phases   ] GC(434) Pause Mark Start 0.435ms
[2026-06-18T16:37:28.621+0800][46.271s][info][gc,phases   ] GC(434) Concurrent Mark 2.226ms
[2026-06-18T16:37:28.624+0800][46.273s][info][gc,phases   ] GC(434) Pause Mark End 0.629ms
[2026-06-18T16:37:28.626+0800][46.276s][info][gc,phases   ] GC(434) Concurrent Process Non-Strong References 0.299ms
[2026-06-18T16:37:28.630+0800][46.279s][info][gc,phases   ] GC(434) Concurrent Reset Relocation Set 0.008ms
[2026-06-18T16:37:28.635+0800][46.284s][info][gc,phases   ] GC(434) Concurrent Destroy Detached Pages 0.003ms
[2026-06-18T16:37:28.640+0800][46.289s][info][gc,phases   ] GC(434) Concurrent Select Relocation Set 0.764ms
[2026-06-18T16:37:28.644+0800][46.293s][info][gc,phases   ] GC(434) Concurrent Prepare Relocation Set 0.012ms
[2026-06-18T16:37:28.649+0800][46.299s][info][gc,phases   ] GC(434) Pause Relocate Start 0.310ms
[2026-06-18T16:37:28.652+0800][46.302s][info][gc,phases   ] GC(434) Concurrent Relocate 1.404ms
[2026-06-18T16:37:28.655+0800][46.304s][info][gc,load     ] GC(434) Load: 0.52/0.38/0.25
[2026-06-18T16:37:28.656+0800][46.305s][info][gc,mmu      ] GC(434) MMU: 2ms/39.9%, 5ms/76.0%, 10ms/82.6%, 20ms/90.0%, 50ms/96.0%, 100ms/97.1%
[2026-06-18T16:37:28.657+0800][46.306s][info][gc,marking  ] GC(434) Mark: 2 stripe(s), 1 proactive flush(es), 1 terminate flush(es), 0 completion(s), 0 continuation(s) 
[2026-06-18T16:37:28.658+0800][46.307s][info][gc,reloc    ] GC(434) Relocation: Successful, 20M relocated
[2026-06-18T16:37:28.659+0800][46.308s][info][gc,nmethod  ] GC(434) NMethods: 25 registered, 0 unregistered
[2026-06-18T16:37:28.660+0800][46.310s][info][gc,metaspace] GC(434) Metaspace: 3M used, 4M capacity, 4M committed, 8M reserved
[2026-06-18T16:37:28.661+0800][46.310s][info][gc,ref      ] GC(434) Soft: 43 encountered, 0 discovered, 0 enqueued
[2026-06-18T16:37:28.662+0800][46.311s][info][gc,ref      ] GC(434) Weak: 7 encountered, 0 discovered, 0 enqueued
[2026-06-18T16:37:28.662+0800][46.312s][info][gc,ref      ] GC(434) Final: 0 encountered, 0 discovered, 0 enqueued
[2026-06-18T16:37:28.663+0800][46.312s][info][gc,ref      ] GC(434) Phantom: 1 encountered, 0 discovered, 0 enqueued
[2026-06-18T16:37:28.663+0800][46.313s][info][gc,heap     ] GC(434)                Mark Start          Mark End        Relocate Start      Relocate End           High               Low         
[2026-06-18T16:37:28.664+0800][46.313s][info][gc,heap     ] GC(434)  Capacity:      256M (100%)        256M (100%)        256M (100%)        256M (100%)        256M (100%)        256M (100%)   
[2026-06-18T16:37:28.664+0800][46.314s][info][gc,heap     ] GC(434)   Reserve:       62M (24%)          62M (24%)          62M (24%)          62M (24%)          62M (24%)          62M (24%)    
[2026-06-18T16:37:28.665+0800][46.314s][info][gc,heap     ] GC(434)      Free:       82M (32%)          82M (32%)          72M (28%)         138M (54%)         138M (54%)          42M (16%)    
[2026-06-18T16:37:28.665+0800][46.314s][info][gc,heap     ] GC(434)      Used:      112M (44%)         112M (44%)         122M (48%)          56M (22%)         152M (59%)          56M (22%)    
[2026-06-18T16:37:28.665+0800][46.315s][info][gc,heap     ] GC(434)      Live:         -                20M (8%)           20M (8%)           20M (8%)             -                  -          
[2026-06-18T16:37:28.666+0800][46.315s][info][gc,heap     ] GC(434) Allocated:         -                 0M (0%)           44M (17%)          52M (20%)            -                  -          
[2026-06-18T16:37:28.666+0800][46.315s][info][gc,heap     ] GC(434)   Garbage:         -                91M (36%)          57M (22%)    17592186044407M (6         -                  -          
[2026-06-18T16:37:28.666+0800][46.315s][info][gc,heap     ] GC(434) Reclaimed:         -                  -                34M (13%)         100M (39%)            -                  -          
[2026-06-18T16:37:28.666+0800][46.316s][info][gc          ] GC(434) Garbage Collection (Allocation Rate) 112M(44%)->56M(22%)
[2026-06-18T16:37:28.713+0800][46.363s][info][gc,start    ] GC(435) Garbage Collection (Allocation Rate)
[2026-06-18T16:37:28.717+0800][46.366s][info][gc,phases   ] GC(435) Pause Mark Start 0.456ms
[2026-06-18T16:37:28.720+0800][46.370s][info][gc,phases   ] GC(435) Concurrent Mark 2.077ms
[2026-06-18T16:37:28.723+0800][46.372s][info][gc,phases   ] GC(435) Pause Mark End 0.525ms
[2026-06-18T16:37:28.724+0800][46.374s][info][gc,phases   ] GC(435) Concurrent Process Non-Strong References 0.158ms
[2026-06-18T16:37:28.725+0800][46.375s][info][gc,phases   ] GC(435) Concurrent Reset Relocation Set 0.004ms
[2026-06-18T16:37:28.726+0800][46.376s][info][gc,phases   ] GC(435) Concurrent Destroy Detached Pages 0.001ms
[2026-06-18T16:37:28.728+0800][46.378s][info][gc,phases   ] GC(435) Concurrent Select Relocation Set 0.790ms
[2026-06-18T16:37:28.729+0800][46.378s][info][gc,phases   ] GC(435) Concurrent Prepare Relocation Set 0.004ms
[2026-06-18T16:37:28.730+0800][46.379s][info][gc,phases   ] GC(435) Pause Relocate Start 0.187ms
[2026-06-18T16:37:28.731+0800][46.380s][info][gc,phases   ] GC(435) Concurrent Relocate 0.271ms
[2026-06-18T16:37:28.732+0800][46.381s][info][gc,load     ] GC(435) Load: 0.52/0.38/0.25
[2026-06-18T16:37:28.732+0800][46.381s][info][gc,mmu      ] GC(435) MMU: 2ms/39.9%, 5ms/76.0%, 10ms/82.6%, 20ms/90.0%, 50ms/96.0%, 100ms/97.1%
[2026-06-18T16:37:28.732+0800][46.382s][info][gc,marking  ] GC(435) Mark: 2 stripe(s), 1 proactive flush(es), 1 terminate flush(es), 0 completion(s), 0 continuation(s) 
[2026-06-18T16:37:28.733+0800][46.382s][info][gc,reloc    ] GC(435) Relocation: Successful, 24M relocated
[2026-06-18T16:37:28.733+0800][46.383s][info][gc,nmethod  ] GC(435) NMethods: 25 registered, 0 unregistered
[2026-06-18T16:37:28.734+0800][46.383s][info][gc,metaspace] GC(435) Metaspace: 3M used, 4M capacity, 4M committed, 8M reserved
[2026-06-18T16:37:28.734+0800][46.383s][info][gc,ref      ] GC(435) Soft: 43 encountered, 0 discovered, 0 enqueued
[2026-06-18T16:37:28.735+0800][46.384s][info][gc,ref      ] GC(435) Weak: 7 encountered, 2 discovered, 0 enqueued
[2026-06-18T16:37:28.735+0800][46.384s][info][gc,ref      ] GC(435) Final: 0 encountered, 0 discovered, 0 enqueued
[2026-06-18T16:37:28.735+0800][46.384s][info][gc,ref      ] GC(435) Phantom: 1 encountered, 1 discovered, 0 enqueued
[2026-06-18T16:37:28.735+0800][46.385s][info][gc,heap     ] GC(435)                Mark Start          Mark End        Relocate Start      Relocate End           High               Low         
[2026-06-18T16:37:28.736+0800][46.385s][info][gc,heap     ] GC(435)  Capacity:      256M (100%)        256M (100%)        256M (100%)        256M (100%)        256M (100%)        256M (100%)   
[2026-06-18T16:37:28.736+0800][46.385s][info][gc,heap     ] GC(435)   Reserve:       62M (24%)          62M (24%)          62M (24%)          62M (24%)          62M (24%)          62M (24%)    
[2026-06-18T16:37:28.736+0800][46.385s][info][gc,heap     ] GC(435)      Free:      116M (45%)          78M (30%)         104M (41%)         114M (45%)         116M (45%)          78M (30%)    
[2026-06-18T16:37:28.736+0800][46.386s][info][gc,heap     ] GC(435)      Used:       78M (30%)         116M (45%)          90M (35%)          80M (31%)         116M (45%)          78M (30%)    
[2026-06-18T16:37:28.737+0800][46.386s][info][gc,heap     ] GC(435)      Live:         -                26M (10%)          26M (10%)          26M (10%)            -                  -          
[2026-06-18T16:37:28.737+0800][46.386s][info][gc,heap     ] GC(435) Allocated:         -                38M (15%)          38M (15%)          42M (16%)            -                  -          
[2026-06-18T16:37:28.737+0800][46.386s][info][gc,heap     ] GC(435)   Garbage:         -                51M (20%)          25M (10%)          15M (6%)             -                  -          
[2026-06-18T16:37:28.737+0800][46.386s][info][gc,heap     ] GC(435) Reclaimed:         -                  -                26M (10%)          36M (14%)            -                  -          
[2026-06-18T16:37:28.737+0800][46.387s][info][gc          ] GC(435) Garbage Collection (Allocation Rate) 78M(30%)->80M(31%)
[2026-06-18T16:37:28.814+0800][46.463s][info][gc,start    ] GC(436) Garbage Collection (Allocation Rate)
[2026-06-18T16:37:28.817+0800][46.466s][info][gc,phases   ] GC(436) Pause Mark Start 0.431ms
[2026-06-18T16:37:28.822+0800][46.471s][info][gc,phases   ] GC(436) Concurrent Mark 2.336ms
[2026-06-18T16:37:28.825+0800][46.474s][info][gc,phases   ] GC(436) Pause Mark End 0.707ms
[2026-06-18T16:37:28.826+0800][46.476s][info][gc,phases   ] GC(436) Concurrent Process Non-Strong References 0.309ms
[2026-06-18T16:37:28.827+0800][46.477s][info][gc,phases   ] GC(436) Concurrent Reset Relocation Set 0.004ms
[2026-06-18T16:37:28.828+0800][46.477s][info][gc,phases   ] GC(436) Concurrent Destroy Detached Pages 0.001ms
[2026-06-18T16:37:28.829+0800][46.479s][info][gc,phases   ] GC(436) Concurrent Select Relocation Set 0.801ms
[2026-06-18T16:37:28.830+0800][46.480s][info][gc,phases   ] GC(436) Concurrent Prepare Relocation Set 0.011ms
[2026-06-18T16:37:28.831+0800][46.481s][info][gc,phases   ] GC(436) Pause Relocate Start 0.195ms
[2026-06-18T16:37:28.834+0800][46.483s][info][gc,phases   ] GC(436) Concurrent Relocate 1.749ms
[2026-06-18T16:37:28.835+0800][46.484s][info][gc,load     ] GC(436) Load: 0.52/0.38/0.25
[2026-06-18T16:37:28.835+0800][46.484s][info][gc,mmu      ] GC(436) MMU: 2ms/39.9%, 5ms/76.0%, 10ms/82.6%, 20ms/90.0%, 50ms/96.0%, 100ms/97.1%
[2026-06-18T16:37:28.835+0800][46.485s][info][gc,marking  ] GC(436) Mark: 2 stripe(s), 2 proactive flush(es), 1 terminate flush(es), 0 completion(s), 0 continuation(s) 
[2026-06-18T16:37:28.837+0800][46.486s][info][gc,reloc    ] GC(436) Relocation: Successful, 25M relocated
[2026-06-18T16:37:28.838+0800][46.487s][info][gc,nmethod  ] GC(436) NMethods: 25 registered, 0 unregistered
[2026-06-18T16:37:28.838+0800][46.487s][info][gc,metaspace] GC(436) Metaspace: 3M used, 4M capacity, 4M committed, 8M reserved
[2026-06-18T16:37:28.838+0800][46.488s][info][gc,ref      ] GC(436) Soft: 43 encountered, 0 discovered, 0 enqueued
[2026-06-18T16:37:28.839+0800][46.488s][info][gc,ref      ] GC(436) Weak: 7 encountered, 2 discovered, 0 enqueued
[2026-06-18T16:37:28.839+0800][46.488s][info][gc,ref      ] GC(436) Final: 0 encountered, 0 discovered, 0 enqueued
[2026-06-18T16:37:28.839+0800][46.489s][info][gc,ref      ] GC(436) Phantom: 1 encountered, 1 discovered, 0 enqueued
[2026-06-18T16:37:28.840+0800][46.489s][info][gc,heap     ] GC(436)                Mark Start          Mark End        Relocate Start      Relocate End           High               Low         
[2026-06-18T16:37:28.840+0800][46.489s][info][gc,heap     ] GC(436)  Capacity:      256M (100%)        256M (100%)        256M (100%)        256M (100%)        256M (100%)        256M (100%)   
[2026-06-18T16:37:28.840+0800][46.489s][info][gc,heap     ] GC(436)   Reserve:       62M (24%)          62M (24%)          62M (24%)          62M (24%)          62M (24%)          62M (24%)    
[2026-06-18T16:37:28.840+0800][46.490s][info][gc,heap     ] GC(436)      Free:       84M (33%)          46M (18%)          72M (28%)         142M (55%)         142M (55%)          46M (18%)    
[2026-06-18T16:37:28.840+0800][46.490s][info][gc,heap     ] GC(436)      Used:      110M (43%)         148M (58%)         122M (48%)          52M (20%)         148M (58%)          52M (20%)    
[2026-06-18T16:37:28.841+0800][46.490s][info][gc,heap     ] GC(436)      Live:         -                25M (10%)          25M (10%)          25M (10%)            -                  -          
[2026-06-18T16:37:28.841+0800][46.490s][info][gc,heap     ] GC(436) Allocated:         -                38M (15%)          40M (16%)          48M (19%)            -                  -          
[2026-06-18T16:37:28.841+0800][46.491s][info][gc,heap     ] GC(436)   Garbage:         -                84M (33%)          56M (22%)    17592186044402M (6         -                  -          
[2026-06-18T16:37:28.841+0800][46.491s][info][gc,heap     ] GC(436) Reclaimed:         -                  -                28M (11%)          98M (38%)            -                  -          
[2026-06-18T16:37:28.842+0800][46.491s][info][gc          ] GC(436) Garbage Collection (Allocation Rate) 110M(43%)->52M(20%)
[2026-06-18T16:37:28.913+0800][46.562s][info][gc,start    ] GC(437) Garbage Collection (Allocation Rate)
[2026-06-18T16:37:28.916+0800][46.566s][info][gc,phases   ] GC(437) Pause Mark Start 0.313ms
[2026-06-18T16:37:28.920+0800][46.569s][info][gc,phases   ] GC(437) Concurrent Mark 1.974ms
[2026-06-18T16:37:28.922+0800][46.571s][info][gc,phases   ] GC(437) Pause Mark End 0.467ms
[2026-06-18T16:37:28.923+0800][46.572s][info][gc,phases   ] GC(437) Concurrent Process Non-Strong References 0.136ms
[2026-06-18T16:37:28.924+0800][46.573s][info][gc,phases   ] GC(437) Concurrent Reset Relocation Set 0.003ms
[2026-06-18T16:37:28.924+0800][46.574s][info][gc,phases   ] GC(437) Concurrent Destroy Detached Pages 0.001ms
[2026-06-18T16:37:28.925+0800][46.575s][info][gc,phases   ] GC(437) Concurrent Select Relocation Set 0.715ms
[2026-06-18T16:37:28.926+0800][46.575s][info][gc,phases   ] GC(437) Concurrent Prepare Relocation Set 0.007ms
[2026-06-18T16:37:28.927+0800][46.576s][info][gc,phases   ] GC(437) Pause Relocate Start 0.155ms
[2026-06-18T16:37:28.928+0800][46.577s][info][gc,phases   ] GC(437) Concurrent Relocate 0.363ms
[2026-06-18T16:37:28.928+0800][46.577s][info][gc,load     ] GC(437) Load: 0.52/0.38/0.25
[2026-06-18T16:37:28.928+0800][46.578s][info][gc,mmu      ] GC(437) MMU: 2ms/39.9%, 5ms/76.0%, 10ms/82.6%, 20ms/90.0%, 50ms/96.0%, 100ms/97.1%
[2026-06-18T16:37:28.929+0800][46.578s][info][gc,marking  ] GC(437) Mark: 2 stripe(s), 1 proactive flush(es), 1 terminate flush(es), 0 completion(s), 0 continuation(s) 
[2026-06-18T16:37:28.929+0800][46.578s][info][gc,reloc    ] GC(437) Relocation: Successful, 22M relocated
[2026-06-18T16:37:28.929+0800][46.579s][info][gc,nmethod  ] GC(437) NMethods: 25 registered, 0 unregistered
[2026-06-18T16:37:28.930+0800][46.579s][info][gc,metaspace] GC(437) Metaspace: 3M used, 4M capacity, 4M committed, 8M reserved
[2026-06-18T16:37:28.930+0800][46.579s][info][gc,ref      ] GC(437) Soft: 43 encountered, 0 discovered, 0 enqueued
[2026-06-18T16:37:28.930+0800][46.579s][info][gc,ref      ] GC(437) Weak: 7 encountered, 2 discovered, 0 enqueued
[2026-06-18T16:37:28.930+0800][46.579s][info][gc,ref      ] GC(437) Final: 0 encountered, 0 discovered, 0 enqueued
[2026-06-18T16:37:28.930+0800][46.580s][info][gc,ref      ] GC(437) Phantom: 1 encountered, 1 discovered, 0 enqueued
[2026-06-18T16:37:28.931+0800][46.580s][info][gc,heap     ] GC(437)                Mark Start          Mark End        Relocate Start      Relocate End           High               Low         
[2026-06-18T16:37:28.931+0800][46.580s][info][gc,heap     ] GC(437)  Capacity:      256M (100%)        256M (100%)        256M (100%)        256M (100%)        256M (100%)        256M (100%)   
[2026-06-18T16:37:28.931+0800][46.580s][info][gc,heap     ] GC(437)   Reserve:       62M (24%)          62M (24%)          62M (24%)          62M (24%)          62M (24%)          62M (24%)    
[2026-06-18T16:37:28.931+0800][46.581s][info][gc,heap     ] GC(437)      Free:      110M (43%)         110M (43%)         134M (52%)         148M (58%)         148M (58%)         108M (42%)    
[2026-06-18T16:37:28.931+0800][46.581s][info][gc,heap     ] GC(437)      Used:       84M (33%)          84M (33%)          60M (23%)          46M (18%)          86M (34%)          46M (18%)    
[2026-06-18T16:37:28.932+0800][46.581s][info][gc,heap     ] GC(437)      Live:         -                22M (9%)           22M (9%)           22M (9%)             -                  -          
[2026-06-18T16:37:28.932+0800][46.581s][info][gc,heap     ] GC(437) Allocated:         -                 0M (0%)            4M (2%)           12M (5%)             -                  -          
[2026-06-18T16:37:28.932+0800][46.581s][info][gc,heap     ] GC(437)   Garbage:         -                61M (24%)          33M (13%)          19M (8%)             -                  -          
[2026-06-18T16:37:28.932+0800][46.582s][info][gc,heap     ] GC(437) Reclaimed:         -                  -                28M (11%)          42M (16%)            -                  -          
[2026-06-18T16:37:28.932+0800][46.582s][info][gc          ] GC(437) Garbage Collection (Allocation Rate) 84M(33%)->46M(18%)
[2026-06-18T16:37:29.013+0800][46.662s][info][gc,start    ] GC(438) Garbage Collection (Allocation Rate)
[2026-06-18T16:37:29.017+0800][46.666s][info][gc,phases   ] GC(438) Pause Mark Start 0.471ms
[2026-06-18T16:37:29.022+0800][46.671s][info][gc,phases   ] GC(438) Concurrent Mark 2.371ms
[2026-06-18T16:37:29.026+0800][46.675s][info][gc,phases   ] GC(438) Pause Mark End 0.580ms
[2026-06-18T16:37:29.031+0800][46.680s][info][gc,phases   ] GC(438) Concurrent Process Non-Strong References 0.664ms
[2026-06-18T16:37:29.033+0800][46.683s][info][gc,phases   ] GC(438) Concurrent Reset Relocation Set 0.007ms
[2026-06-18T16:37:29.037+0800][46.686s][info][gc,phases   ] GC(438) Concurrent Destroy Detached Pages 0.002ms
[2026-06-18T16:37:29.040+0800][46.689s][info][gc,phases   ] GC(438) Concurrent Select Relocation Set 1.288ms
[2026-06-18T16:37:29.041+0800][46.690s][info][gc,phases   ] GC(438) Concurrent Prepare Relocation Set 0.109ms
[2026-06-18T16:37:29.043+0800][46.692s][info][gc,phases   ] GC(438) Pause Relocate Start 0.382ms
[2026-06-18T16:37:29.045+0800][46.695s][info][gc,phases   ] GC(438) Concurrent Relocate 1.655ms
[2026-06-18T16:37:29.046+0800][46.695s][info][gc,load     ] GC(438) Load: 0.52/0.38/0.25
[2026-06-18T16:37:29.047+0800][46.696s][info][gc,mmu      ] GC(438) MMU: 2ms/39.9%, 5ms/76.0%, 10ms/82.6%, 20ms/90.0%, 50ms/96.0%, 100ms/97.1%
[2026-06-18T16:37:29.047+0800][46.697s][info][gc,marking  ] GC(438) Mark: 2 stripe(s), 1 proactive flush(es), 1 terminate flush(es), 0 completion(s), 0 continuation(s) 
[2026-06-18T16:37:29.048+0800][46.697s][info][gc,reloc    ] GC(438) Relocation: Successful, 20M relocated
[2026-06-18T16:37:29.048+0800][46.698s][info][gc,nmethod  ] GC(438) NMethods: 25 registered, 0 unregistered
[2026-06-18T16:37:29.049+0800][46.698s][info][gc,metaspace] GC(438) Metaspace: 3M used, 4M capacity, 4M committed, 8M reserved
[2026-06-18T16:37:29.049+0800][46.699s][info][gc,ref      ] GC(438) Soft: 43 encountered, 0 discovered, 0 enqueued
[2026-06-18T16:37:29.050+0800][46.700s][info][gc,ref      ] GC(438) Weak: 7 encountered, 2 discovered, 0 enqueued
[2026-06-18T16:37:29.051+0800][46.700s][info][gc,ref      ] GC(438) Final: 0 encountered, 0 discovered, 0 enqueued
[2026-06-18T16:37:29.051+0800][46.700s][info][gc,ref      ] GC(438) Phantom: 1 encountered, 1 discovered, 0 enqueued
[2026-06-18T16:37:29.051+0800][46.701s][info][gc,heap     ] GC(438)                Mark Start          Mark End        Relocate Start      Relocate End           High               Low         
[2026-06-18T16:37:29.052+0800][46.701s][info][gc,heap     ] GC(438)  Capacity:      256M (100%)        256M (100%)        256M (100%)        256M (100%)        256M (100%)        256M (100%)   
[2026-06-18T16:37:29.052+0800][46.701s][info][gc,heap     ] GC(438)   Reserve:       62M (24%)          62M (24%)          62M (24%)          62M (24%)          62M (24%)          62M (24%)    
[2026-06-18T16:37:29.052+0800][46.702s][info][gc,heap     ] GC(438)      Free:       84M (33%)          80M (31%)         104M (41%)         136M (53%)         136M (53%)          62M (24%)    
[2026-06-18T16:37:29.052+0800][46.702s][info][gc,heap     ] GC(438)      Used:      110M (43%)         114M (45%)          90M (35%)          58M (23%)         132M (52%)          58M (23%)    
[2026-06-18T16:37:29.053+0800][46.702s][info][gc,heap     ] GC(438)      Live:         -                22M (9%)           22M (9%)           22M (9%)             -                  -          
[2026-06-18T16:37:29.053+0800][46.702s][info][gc,heap     ] GC(438) Allocated:         -                 4M (2%)            8M (3%)           54M (21%)            -                  -          
[2026-06-18T16:37:29.054+0800][46.703s][info][gc,heap     ] GC(438)   Garbage:         -                87M (34%)          59M (23%)          23M (9%)             -                  -          
[2026-06-18T16:37:29.054+0800][46.703s][info][gc,heap     ] GC(438) Reclaimed:         -                  -                28M (11%)          64M (25%)            -                  -          
[2026-06-18T16:37:29.054+0800][46.704s][info][gc          ] GC(438) Garbage Collection (Allocation Rate) 110M(43%)->58M(23%)
[2026-06-18T16:37:29.114+0800][46.763s][info][gc,start    ] GC(439) Garbage Collection (Allocation Rate)
[2026-06-18T16:37:29.117+0800][46.766s][info][gc,phases   ] GC(439) Pause Mark Start 0.551ms
[2026-06-18T16:37:29.120+0800][46.770s][info][gc,phases   ] GC(439) Concurrent Mark 2.264ms
[2026-06-18T16:37:29.123+0800][46.772s][info][gc,phases   ] GC(439) Pause Mark End 0.701ms
[2026-06-18T16:37:29.124+0800][46.774s][info][gc,phases   ] GC(439) Concurrent Process Non-Strong References 0.187ms
[2026-06-18T16:37:29.125+0800][46.775s][info][gc,phases   ] GC(439) Concurrent Reset Relocation Set 0.004ms
[2026-06-18T16:37:29.127+0800][46.776s][info][gc,phases   ] GC(439) Concurrent Destroy Detached Pages 0.001ms
[2026-06-18T16:37:29.129+0800][46.778s][info][gc,phases   ] GC(439) Concurrent Select Relocation Set 0.991ms
[2026-06-18T16:37:29.130+0800][46.779s][info][gc,phases   ] GC(439) Concurrent Prepare Relocation Set 0.011ms
[2026-06-18T16:37:29.131+0800][46.780s][info][gc,phases   ] GC(439) Pause Relocate Start 0.230ms
[2026-06-18T16:37:29.132+0800][46.782s][info][gc,phases   ] GC(439) Concurrent Relocate 0.733ms
[2026-06-18T16:37:29.133+0800][46.782s][info][gc,load     ] GC(439) Load: 0.52/0.38/0.25
[2026-06-18T16:37:29.134+0800][46.783s][info][gc,mmu      ] GC(439) MMU: 2ms/39.9%, 5ms/76.0%, 10ms/82.6%, 20ms/90.0%, 50ms/96.0%, 100ms/97.1%
[2026-06-18T16:37:29.134+0800][46.783s][info][gc,marking  ] GC(439) Mark: 2 stripe(s), 2 proactive flush(es), 1 terminate flush(es), 0 completion(s), 0 continuation(s) 
[2026-06-18T16:37:29.135+0800][46.784s][info][gc,reloc    ] GC(439) Relocation: Successful, 18M relocated
[2026-06-18T16:37:29.135+0800][46.785s][info][gc,nmethod  ] GC(439) NMethods: 25 registered, 0 unregistered
[2026-06-18T16:37:29.136+0800][46.785s][info][gc,metaspace] GC(439) Metaspace: 3M used, 4M capacity, 4M committed, 8M reserved
[2026-06-18T16:37:29.136+0800][46.785s][info][gc,ref      ] GC(439) Soft: 43 encountered, 0 discovered, 0 enqueued
[2026-06-18T16:37:29.137+0800][46.786s][info][gc,ref      ] GC(439) Weak: 7 encountered, 2 discovered, 0 enqueued
[2026-06-18T16:37:29.137+0800][46.786s][info][gc,ref      ] GC(439) Final: 0 encountered, 0 discovered, 0 enqueued
[2026-06-18T16:37:29.137+0800][46.786s][info][gc,ref      ] GC(439) Phantom: 1 encountered, 1 discovered, 0 enqueued
[2026-06-18T16:37:29.137+0800][46.787s][info][gc,heap     ] GC(439)                Mark Start          Mark End        Relocate Start      Relocate End           High               Low         
[2026-06-18T16:37:29.138+0800][46.787s][info][gc,heap     ] GC(439)  Capacity:      256M (100%)        256M (100%)        256M (100%)        256M (100%)        256M (100%)        256M (100%)   
[2026-06-18T16:37:29.138+0800][46.787s][info][gc,heap     ] GC(439)   Reserve:       62M (24%)          62M (24%)          62M (24%)          62M (24%)          62M (24%)          62M (24%)    
[2026-06-18T16:37:29.138+0800][46.788s][info][gc,heap     ] GC(439)      Free:      112M (44%)         108M (42%)         132M (52%)         144M (56%)         144M (56%)         108M (42%)    
[2026-06-18T16:37:29.139+0800][46.788s][info][gc,heap     ] GC(439)      Used:       82M (32%)          86M (34%)          62M (24%)          50M (20%)          86M (34%)          50M (20%)    
[2026-06-18T16:37:29.139+0800][46.788s][info][gc,heap     ] GC(439)      Live:         -                20M (8%)           20M (8%)           20M (8%)             -                  -          
[2026-06-18T16:37:29.139+0800][46.789s][info][gc,heap     ] GC(439) Allocated:         -                 4M (2%)            8M (3%)           14M (5%)             -                  -          
[2026-06-18T16:37:29.140+0800][46.789s][info][gc,heap     ] GC(439)   Garbage:         -                61M (24%)          33M (13%)          21M (8%)             -                  -          
[2026-06-18T16:37:29.140+0800][46.789s][info][gc,heap     ] GC(439) Reclaimed:         -                  -                28M (11%)          40M (16%)            -                  -          
[2026-06-18T16:37:29.140+0800][46.790s][info][gc          ] GC(439) Garbage Collection (Allocation Rate) 82M(32%)->50M(20%)
[2026-06-18T16:37:29.214+0800][46.863s][info][gc,start    ] GC(440) Garbage Collection (Allocation Rate)
[2026-06-18T16:37:29.216+0800][46.866s][info][gc,phases   ] GC(440) Pause Mark Start 0.418ms
[2026-06-18T16:37:29.220+0800][46.870s][info][gc,phases   ] GC(440) Concurrent Mark 2.239ms
[2026-06-18T16:37:29.222+0800][46.872s][info][gc,phases   ] GC(440) Pause Mark End 0.529ms
[2026-06-18T16:37:29.224+0800][46.873s][info][gc,phases   ] GC(440) Concurrent Process Non-Strong References 0.137ms
[2026-06-18T16:37:29.225+0800][46.874s][info][gc,phases   ] GC(440) Concurrent Reset Relocation Set 0.003ms
[2026-06-18T16:37:29.225+0800][46.875s][info][gc,phases   ] GC(440) Concurrent Destroy Detached Pages 0.001ms
[2026-06-18T16:37:29.227+0800][46.876s][info][gc,phases   ] GC(440) Concurrent Select Relocation Set 0.929ms
[2026-06-18T16:37:29.228+0800][46.877s][info][gc,phases   ] GC(440) Concurrent Prepare Relocation Set 0.008ms
[2026-06-18T16:37:29.228+0800][46.878s][info][gc,phases   ] GC(440) Pause Relocate Start 0.181ms
[2026-06-18T16:37:29.231+0800][46.880s][info][gc,phases   ] GC(440) Concurrent Relocate 1.752ms
[2026-06-18T16:37:29.231+0800][46.881s][info][gc,load     ] GC(440) Load: 0.52/0.38/0.25
[2026-06-18T16:37:29.232+0800][46.881s][info][gc,mmu      ] GC(440) MMU: 2ms/39.9%, 5ms/76.0%, 10ms/82.6%, 20ms/90.0%, 50ms/96.0%, 100ms/97.1%
[2026-06-18T16:37:29.232+0800][46.881s][info][gc,marking  ] GC(440) Mark: 2 stripe(s), 1 proactive flush(es), 1 terminate flush(es), 0 completion(s), 0 continuation(s) 
[2026-06-18T16:37:29.233+0800][46.882s][info][gc,reloc    ] GC(440) Relocation: Successful, 24M relocated
[2026-06-18T16:37:29.233+0800][46.882s][info][gc,nmethod  ] GC(440) NMethods: 25 registered, 0 unregistered
[2026-06-18T16:37:29.233+0800][46.883s][info][gc,metaspace] GC(440) Metaspace: 3M used, 4M capacity, 4M committed, 8M reserved
[2026-06-18T16:37:29.234+0800][46.883s][info][gc,ref      ] GC(440) Soft: 43 encountered, 0 discovered, 0 enqueued
[2026-06-18T16:37:29.234+0800][46.883s][info][gc,ref      ] GC(440) Weak: 7 encountered, 2 discovered, 0 enqueued
[2026-06-18T16:37:29.234+0800][46.883s][info][gc,ref      ] GC(440) Final: 0 encountered, 0 discovered, 0 enqueued
[2026-06-18T16:37:29.234+0800][46.884s][info][gc,ref      ] GC(440) Phantom: 1 encountered, 1 discovered, 0 enqueued
[2026-06-18T16:37:29.234+0800][46.884s][info][gc,heap     ] GC(440)                Mark Start          Mark End        Relocate Start      Relocate End           High               Low         
[2026-06-18T16:37:29.235+0800][46.884s][info][gc,heap     ] GC(440)  Capacity:      256M (100%)        256M (100%)        256M (100%)        256M (100%)        256M (100%)        256M (100%)   
[2026-06-18T16:37:29.235+0800][46.884s][info][gc,heap     ] GC(440)   Reserve:       62M (24%)          62M (24%)          62M (24%)          62M (24%)          62M (24%)          62M (24%)    
[2026-06-18T16:37:29.235+0800][46.885s][info][gc,heap     ] GC(440)      Free:       82M (32%)          82M (32%)         106M (41%)         146M (57%)         146M (57%)          68M (27%)    
[2026-06-18T16:37:29.236+0800][46.885s][info][gc,heap     ] GC(440)      Used:      112M (44%)         112M (44%)          88M (34%)          48M (19%)         126M (49%)          48M (19%)    
[2026-06-18T16:37:29.236+0800][46.885s][info][gc,heap     ] GC(440)      Live:         -                26M (10%)          26M (10%)          26M (10%)            -                  -          
[2026-06-18T16:37:29.236+0800][46.885s][info][gc,heap     ] GC(440) Allocated:         -                 0M (0%)            4M (2%)           44M (17%)            -                  -          
[2026-06-18T16:37:29.236+0800][46.886s][info][gc,heap     ] GC(440)   Garbage:         -                85M (33%)          57M (22%)          17M (7%)             -                  -          
[2026-06-18T16:37:29.237+0800][46.886s][info][gc,heap     ] GC(440) Reclaimed:         -                  -                28M (11%)          68M (27%)            -                  -          
[2026-06-18T16:37:29.237+0800][46.886s][info][gc          ] GC(440) Garbage Collection (Allocation Rate) 112M(44%)->48M(19%)
[2026-06-18T16:37:29.314+0800][46.963s][info][gc,start    ] GC(441) Garbage Collection (Allocation Rate)
[2026-06-18T16:37:29.317+0800][46.966s][info][gc,phases   ] GC(441) Pause Mark Start 0.517ms
[2026-06-18T16:37:29.321+0800][46.970s][info][gc,phases   ] GC(441) Concurrent Mark 2.137ms
[2026-06-18T16:37:29.323+0800][46.972s][info][gc,phases   ] GC(441) Pause Mark End 0.706ms
[2026-06-18T16:37:29.324+0800][46.974s][info][gc,phases   ] GC(441) Concurrent Process Non-Strong References 0.265ms
[2026-06-18T16:37:29.325+0800][46.975s][info][gc,phases   ] GC(441) Concurrent Reset Relocation Set 0.003ms
[2026-06-18T16:37:29.327+0800][46.976s][info][gc,phases   ] GC(441) Concurrent Destroy Detached Pages 0.001ms
[2026-06-18T16:37:29.329+0800][46.979s][info][gc,phases   ] GC(441) Concurrent Select Relocation Set 1.115ms
[2026-06-18T16:37:29.330+0800][46.980s][info][gc,phases   ] GC(441) Concurrent Prepare Relocation Set 0.006ms
[2026-06-18T16:37:29.332+0800][46.981s][info][gc,phases   ] GC(441) Pause Relocate Start 0.262ms
[2026-06-18T16:37:29.333+0800][46.982s][info][gc,phases   ] GC(441) Concurrent Relocate 0.317ms
[2026-06-18T16:37:29.333+0800][46.983s][info][gc,load     ] GC(441) Load: 0.52/0.38/0.25
[2026-06-18T16:37:29.334+0800][46.983s][info][gc,mmu      ] GC(441) MMU: 2ms/39.9%, 5ms/76.0%, 10ms/82.6%, 20ms/90.0%, 50ms/96.0%, 100ms/97.1%
[2026-06-18T16:37:29.335+0800][46.984s][info][gc,marking  ] GC(441) Mark: 2 stripe(s), 1 proactive flush(es), 1 terminate flush(es), 0 completion(s), 0 continuation(s) 
[2026-06-18T16:37:29.335+0800][46.984s][info][gc,reloc    ] GC(441) Relocation: Successful, 21M relocated
[2026-06-18T16:37:29.336+0800][46.985s][info][gc,nmethod  ] GC(441) NMethods: 25 registered, 0 unregistered
[2026-06-18T16:37:29.336+0800][46.985s][info][gc,metaspace] GC(441) Metaspace: 3M used, 4M capacity, 4M committed, 8M reserved
[2026-06-18T16:37:29.336+0800][46.986s][info][gc,ref      ] GC(441) Soft: 43 encountered, 0 discovered, 0 enqueued
[2026-06-18T16:37:29.337+0800][46.986s][info][gc,ref      ] GC(441) Weak: 7 encountered, 2 discovered, 0 enqueued
[2026-06-18T16:37:29.337+0800][46.987s][info][gc,ref      ] GC(441) Final: 0 encountered, 0 discovered, 0 enqueued
[2026-06-18T16:37:29.338+0800][46.987s][info][gc,ref      ] GC(441) Phantom: 1 encountered, 1 discovered, 0 enqueued
[2026-06-18T16:37:29.338+0800][46.987s][info][gc,heap     ] GC(441)                Mark Start          Mark End        Relocate Start      Relocate End           High               Low         
[2026-06-18T16:37:29.338+0800][46.988s][info][gc,heap     ] GC(441)  Capacity:      256M (100%)        256M (100%)        256M (100%)        256M (100%)        256M (100%)        256M (100%)   
[2026-06-18T16:37:29.339+0800][46.988s][info][gc,heap     ] GC(441)   Reserve:       62M (24%)          62M (24%)          62M (24%)          62M (24%)          62M (24%)          62M (24%)    
[2026-06-18T16:37:29.339+0800][46.988s][info][gc,heap     ] GC(441)      Free:      116M (45%)         112M (44%)         138M (54%)         110M (43%)         140M (55%)         106M (41%)    
[2026-06-18T16:37:29.339+0800][46.989s][info][gc,heap     ] GC(441)      Used:       78M (30%)          82M (32%)          56M (22%)          84M (33%)          88M (34%)          54M (21%)    
[2026-06-18T16:37:29.340+0800][46.989s][info][gc,heap     ] GC(441)      Live:         -                23M (9%)           23M (9%)           23M (9%)             -                  -          
[2026-06-18T16:37:29.340+0800][46.989s][info][gc,heap     ] GC(441) Allocated:         -                 4M (2%)            6M (2%)           48M (19%)            -                  -          
[2026-06-18T16:37:29.340+0800][46.989s][info][gc,heap     ] GC(441)   Garbage:         -                54M (21%)          26M (10%)          18M (7%)             -                  -          
[2026-06-18T16:37:29.340+0800][46.990s][info][gc,heap     ] GC(441) Reclaimed:         -                  -                28M (11%)          36M (14%)            -                  -          
[2026-06-18T16:37:29.341+0800][46.990s][info][gc          ] GC(441) Garbage Collection (Allocation Rate) 78M(30%)->84M(33%)
[2026-06-18T16:37:29.413+0800][47.062s][info][gc,start    ] GC(442) Garbage Collection (Allocation Rate)
[2026-06-18T16:37:29.415+0800][47.064s][info][gc,phases   ] GC(442) Pause Mark Start 0.271ms
[2026-06-18T16:37:29.421+0800][47.070s][info][gc,phases   ] GC(442) Concurrent Mark 1.888ms
[2026-06-18T16:37:29.425+0800][47.074s][info][gc,phases   ] GC(442) Pause Mark End 0.691ms
[2026-06-18T16:37:29.429+0800][47.079s][info][gc,phases   ] GC(442) Concurrent Process Non-Strong References 0.389ms
[2026-06-18T16:37:29.433+0800][47.082s][info][gc,phases   ] GC(442) Concurrent Reset Relocation Set 0.007ms
[2026-06-18T16:37:29.436+0800][47.085s][info][gc,phases   ] GC(442) Concurrent Destroy Detached Pages 0.002ms
[2026-06-18T16:37:29.442+0800][47.091s][info][gc,phases   ] GC(442) Concurrent Select Relocation Set 1.508ms
[2026-06-18T16:37:29.447+0800][47.096s][info][gc,phases   ] GC(442) Concurrent Prepare Relocation Set 0.019ms
[2026-06-18T16:37:29.451+0800][47.101s][info][gc,phases   ] GC(442) Pause Relocate Start 0.433ms
[2026-06-18T16:37:29.455+0800][47.104s][info][gc,phases   ] GC(442) Concurrent Relocate 1.959ms
[2026-06-18T16:37:29.456+0800][47.105s][info][gc,load     ] GC(442) Load: 0.52/0.38/0.25
[2026-06-18T16:37:29.456+0800][47.106s][info][gc,mmu      ] GC(442) MMU: 2ms/39.9%, 5ms/76.0%, 10ms/82.6%, 20ms/90.0%, 50ms/96.0%, 100ms/97.1%
[2026-06-18T16:37:29.457+0800][47.107s][info][gc,marking  ] GC(442) Mark: 2 stripe(s), 2 proactive flush(es), 1 terminate flush(es), 0 completion(s), 0 continuation(s) 
[2026-06-18T16:37:29.458+0800][47.107s][info][gc,reloc    ] GC(442) Relocation: Successful, 19M relocated
[2026-06-18T16:37:29.459+0800][47.108s][info][gc,nmethod  ] GC(442) NMethods: 25 registered, 0 unregistered
[2026-06-18T16:37:29.459+0800][47.109s][info][gc,metaspace] GC(442) Metaspace: 3M used, 4M capacity, 4M committed, 8M reserved
[2026-06-18T16:37:29.460+0800][47.109s][info][gc,ref      ] GC(442) Soft: 43 encountered, 0 discovered, 0 enqueued
[2026-06-18T16:37:29.460+0800][47.110s][info][gc,ref      ] GC(442) Weak: 7 encountered, 2 discovered, 0 enqueued
[2026-06-18T16:37:29.461+0800][47.110s][info][gc,ref      ] GC(442) Final: 0 encountered, 0 discovered, 0 enqueued
[2026-06-18T16:37:29.461+0800][47.110s][info][gc,ref      ] GC(442) Phantom: 1 encountered, 1 discovered, 0 enqueued
[2026-06-18T16:37:29.462+0800][47.111s][info][gc,heap     ] GC(442)                Mark Start          Mark End        Relocate Start      Relocate End           High               Low         
[2026-06-18T16:37:29.462+0800][47.111s][info][gc,heap     ] GC(442)  Capacity:      256M (100%)        256M (100%)        256M (100%)        256M (100%)        256M (100%)        256M (100%)   
[2026-06-18T16:37:29.462+0800][47.112s][info][gc,heap     ] GC(442)   Reserve:       62M (24%)          62M (24%)          62M (24%)          62M (24%)          62M (24%)          62M (24%)    
[2026-06-18T16:37:29.463+0800][47.112s][info][gc,heap     ] GC(442)      Free:       84M (33%)          80M (31%)          66M (26%)         138M (54%)         138M (54%)          42M (16%)    
[2026-06-18T16:37:29.463+0800][47.112s][info][gc,heap     ] GC(442)      Used:      110M (43%)         114M (45%)         128M (50%)          56M (22%)         152M (59%)          56M (22%)    
[2026-06-18T16:37:29.463+0800][47.113s][info][gc,heap     ] GC(442)      Live:         -                19M (8%)           19M (8%)           19M (8%)             -                  -          
[2026-06-18T16:37:29.464+0800][47.113s][info][gc,heap     ] GC(442) Allocated:         -                 4M (2%)           44M (17%)          52M (20%)            -                  -          
[2026-06-18T16:37:29.464+0800][47.113s][info][gc,heap     ] GC(442)   Garbage:         -                90M (35%)          64M (25%)    17592186044404M (6         -                  -          
[2026-06-18T16:37:29.464+0800][47.114s][info][gc,heap     ] GC(442) Reclaimed:         -                  -                26M (10%)         102M (40%)            -                  -          
[2026-06-18T16:37:29.465+0800][47.114s][info][gc          ] GC(442) Garbage Collection (Allocation Rate) 110M(43%)->56M(22%)
[2026-06-18T16:37:29.513+0800][47.163s][info][gc,start    ] GC(443) Garbage Collection (Allocation Rate)
[2026-06-18T16:37:29.516+0800][47.166s][info][gc,phases   ] GC(443) Pause Mark Start 0.558ms
[2026-06-18T16:37:29.521+0800][47.170s][info][gc,phases   ] GC(443) Concurrent Mark 2.430ms
[2026-06-18T16:37:29.523+0800][47.172s][info][gc,phases   ] GC(443) Pause Mark End 0.637ms
[2026-06-18T16:37:29.525+0800][47.174s][info][gc,phases   ] GC(443) Concurrent Process Non-Strong References 0.344ms
[2026-06-18T16:37:29.526+0800][47.175s][info][gc,phases   ] GC(443) Concurrent Reset Relocation Set 0.004ms
[2026-06-18T16:37:29.527+0800][47.176s][info][gc,phases   ] GC(443) Concurrent Destroy Detached Pages 0.001ms
[2026-06-18T16:37:29.528+0800][47.178s][info][gc,phases   ] GC(443) Concurrent Select Relocation Set 0.908ms
[2026-06-18T16:37:29.530+0800][47.179s][info][gc,phases   ] GC(443) Concurrent Prepare Relocation Set 0.002ms
[2026-06-18T16:37:29.531+0800][47.181s][info][gc,phases   ] GC(443) Pause Relocate Start 0.195ms
[2026-06-18T16:37:29.532+0800][47.182s][info][gc,phases   ] GC(443) Concurrent Relocate 0.365ms
[2026-06-18T16:37:29.533+0800][47.182s][info][gc,load     ] GC(443) Load: 0.52/0.38/0.25
[2026-06-18T16:37:29.533+0800][47.183s][info][gc,mmu      ] GC(443) MMU: 2ms/39.9%, 5ms/76.0%, 10ms/82.6%, 20ms/90.0%, 50ms/96.0%, 100ms/97.1%
[2026-06-18T16:37:29.534+0800][47.183s][info][gc,marking  ] GC(443) Mark: 2 stripe(s), 2 proactive flush(es), 1 terminate flush(es), 0 completion(s), 0 continuation(s) 
[2026-06-18T16:37:29.534+0800][47.184s][info][gc,reloc    ] GC(443) Relocation: Successful, 23M relocated
[2026-06-18T16:37:29.535+0800][47.184s][info][gc,nmethod  ] GC(443) NMethods: 25 registered, 0 unregistered
[2026-06-18T16:37:29.535+0800][47.185s][info][gc,metaspace] GC(443) Metaspace: 3M used, 4M capacity, 4M committed, 8M reserved
[2026-06-18T16:37:29.536+0800][47.185s][info][gc,ref      ] GC(443) Soft: 43 encountered, 0 discovered, 0 enqueued
[2026-06-18T16:37:29.536+0800][47.185s][info][gc,ref      ] GC(443) Weak: 7 encountered, 0 discovered, 0 enqueued
[2026-06-18T16:37:29.536+0800][47.186s][info][gc,ref      ] GC(443) Final: 0 encountered, 0 discovered, 0 enqueued
[2026-06-18T16:37:29.536+0800][47.186s][info][gc,ref      ] GC(443) Phantom: 1 encountered, 1 discovered, 0 enqueued
[2026-06-18T16:37:29.537+0800][47.186s][info][gc,heap     ] GC(443)                Mark Start          Mark End        Relocate Start      Relocate End           High               Low         
[2026-06-18T16:37:29.537+0800][47.186s][info][gc,heap     ] GC(443)  Capacity:      256M (100%)        256M (100%)        256M (100%)        256M (100%)        256M (100%)        256M (100%)   
[2026-06-18T16:37:29.537+0800][47.187s][info][gc,heap     ] GC(443)   Reserve:       62M (24%)          62M (24%)          62M (24%)          62M (24%)          62M (24%)          62M (24%)    
[2026-06-18T16:37:29.539+0800][47.188s][info][gc,heap     ] GC(443)      Free:      118M (46%)          82M (32%)         100M (39%)         108M (42%)         118M (46%)          82M (32%)    
[2026-06-18T16:37:29.542+0800][47.191s][info][gc,heap     ] GC(443)      Used:       76M (30%)         112M (44%)          94M (37%)          86M (34%)         112M (44%)          76M (30%)    
[2026-06-18T16:37:29.544+0800][47.193s][info][gc,heap     ] GC(443)      Live:         -                25M (10%)          25M (10%)          25M (10%)            -                  -          
[2026-06-18T16:37:29.548+0800][47.197s][info][gc,heap     ] GC(443) Allocated:         -                36M (14%)          42M (16%)          50M (20%)            -                  -          
[2026-06-18T16:37:29.549+0800][47.199s][info][gc,heap     ] GC(443)   Garbage:         -                50M (20%)          26M (11%)          18M (7%)             -                  -          
[2026-06-18T16:37:29.550+0800][47.200s][info][gc,heap     ] GC(443) Reclaimed:         -                  -                24M (9%)           32M (12%)            -                  -          
[2026-06-18T16:37:29.555+0800][47.204s][info][gc          ] GC(443) Garbage Collection (Allocation Rate) 76M(30%)->86M(34%)
[2026-06-18T16:37:29.614+0800][47.263s][info][gc,start    ] GC(444) Garbage Collection (Allocation Rate)
[2026-06-18T16:37:29.617+0800][47.267s][info][gc,phases   ] GC(444) Pause Mark Start 0.867ms
[2026-06-18T16:37:29.621+0800][47.271s][info][gc,phases   ] GC(444) Concurrent Mark 1.980ms
[2026-06-18T16:37:29.623+0800][47.273s][info][gc,phases   ] GC(444) Pause Mark End 0.484ms
[2026-06-18T16:37:29.661+0800][47.310s][info][gc,phases   ] GC(444) Concurrent Process Non-Strong References 0.715ms
[2026-06-18T16:37:29.666+0800][47.315s][info][gc,phases   ] GC(444) Concurrent Reset Relocation Set 0.011ms
[2026-06-18T16:37:29.670+0800][47.319s][info][gc,phases   ] GC(444) Concurrent Destroy Detached Pages 0.005ms
[2026-06-18T16:37:29.673+0800][47.323s][info][gc,phases   ] GC(444) Concurrent Select Relocation Set 0.454ms
[2026-06-18T16:37:29.678+0800][47.327s][info][gc,phases   ] GC(444) Concurrent Prepare Relocation Set 0.013ms
[2026-06-18T16:37:29.684+0800][47.333s][info][gc,phases   ] GC(444) Pause Relocate Start 0.484ms
[2026-06-18T16:37:29.753+0800][47.402s][info][gc,phases   ] GC(444) Concurrent Relocate 2.541ms
[2026-06-18T16:37:29.808+0800][47.457s][info][gc,load     ] GC(444) Load: 0.52/0.38/0.25
[2026-06-18T16:37:29.809+0800][47.458s][info][gc,mmu      ] GC(444) MMU: 2ms/39.9%, 5ms/76.0%, 10ms/82.6%, 20ms/90.0%, 50ms/96.0%, 100ms/97.1%
[2026-06-18T16:37:29.811+0800][47.460s][info][gc,marking  ] GC(444) Mark: 2 stripe(s), 1 proactive flush(es), 1 terminate flush(es), 0 completion(s), 0 continuation(s) 
[2026-06-18T16:37:29.812+0800][47.462s][info][gc,reloc    ] GC(444) Relocation: Successful, 21M relocated
[2026-06-18T16:37:29.814+0800][47.463s][info][gc,nmethod  ] GC(444) NMethods: 25 registered, 0 unregistered
[2026-06-18T16:37:29.816+0800][47.465s][info][gc,metaspace] GC(444) Metaspace: 3M used, 4M capacity, 4M committed, 8M reserved
[2026-06-18T16:37:29.817+0800][47.466s][info][gc,ref      ] GC(444) Soft: 43 encountered, 0 discovered, 0 enqueued
[2026-06-18T16:37:29.818+0800][47.467s][info][gc,ref      ] GC(444) Weak: 7 encountered, 0 discovered, 0 enqueued
[2026-06-18T16:37:29.819+0800][47.468s][info][gc,ref      ] GC(444) Final: 0 encountered, 0 discovered, 0 enqueued
[2026-06-18T16:37:29.819+0800][47.469s][info][gc,ref      ] GC(444) Phantom: 1 encountered, 0 discovered, 0 enqueued
[2026-06-18T16:37:29.820+0800][47.469s][info][gc,heap     ] GC(444)                Mark Start          Mark End        Relocate Start      Relocate End           High               Low         
[2026-06-18T16:37:29.821+0800][47.470s][info][gc,heap     ] GC(444)  Capacity:      256M (100%)        256M (100%)        256M (100%)        256M (100%)        256M (100%)        256M (100%)   
[2026-06-18T16:37:29.821+0800][47.470s][info][gc,heap     ] GC(444)   Reserve:       62M (24%)          62M (24%)          62M (24%)          62M (24%)          62M (24%)          62M (24%)    
[2026-06-18T16:37:29.822+0800][47.471s][info][gc,heap     ] GC(444)      Free:       80M (31%)          80M (31%)          66M (26%)         132M (52%)         132M (52%)          38M (15%)    
[2026-06-18T16:37:29.822+0800][47.471s][info][gc,heap     ] GC(444)      Used:      114M (45%)         114M (45%)         128M (50%)          62M (24%)         156M (61%)          62M (24%)    
[2026-06-18T16:37:29.823+0800][47.472s][info][gc,heap     ] GC(444)      Live:         -                22M (9%)           22M (9%)           22M (9%)             -                  -          
[2026-06-18T16:37:29.823+0800][47.472s][info][gc,heap     ] GC(444) Allocated:         -                 0M (0%)           44M (17%)          58M (23%)            -                  -          
[2026-06-18T16:37:29.823+0800][47.473s][info][gc,heap     ] GC(444)   Garbage:         -                91M (36%)          61M (24%)    17592186044405M (6         -                  -          
[2026-06-18T16:37:29.824+0800][47.473s][info][gc,heap     ] GC(444) Reclaimed:         -                  -                30M (12%)         102M (40%)            -                  -          
[2026-06-18T16:37:29.824+0800][47.473s][info][gc          ] GC(444) Garbage Collection (Allocation Rate) 114M(45%)->62M(24%)
[2026-06-18T16:37:29.913+0800][47.562s][info][gc,start    ] GC(445) Garbage Collection (Allocation Rate)
[2026-06-18T16:37:29.916+0800][47.566s][info][gc,phases   ] GC(445) Pause Mark Start 0.440ms
[2026-06-18T16:37:29.923+0800][47.573s][info][gc,phases   ] GC(445) Concurrent Mark 1.799ms
[2026-06-18T16:37:29.928+0800][47.577s][info][gc,phases   ] GC(445) Pause Mark End 0.420ms
[2026-06-18T16:37:29.933+0800][47.582s][info][gc,phases   ] GC(445) Concurrent Process Non-Strong References 0.351ms
[2026-06-18T16:37:29.936+0800][47.586s][info][gc,phases   ] GC(445) Concurrent Reset Relocation Set 0.003ms
[2026-06-18T16:37:29.938+0800][47.587s][info][gc,phases   ] GC(445) Concurrent Destroy Detached Pages 0.001ms
[2026-06-18T16:37:29.939+0800][47.588s][info][gc,phases   ] GC(445) Concurrent Select Relocation Set 0.467ms
[2026-06-18T16:37:29.939+0800][47.588s][info][gc,phases   ] GC(445) Concurrent Prepare Relocation Set 0.006ms
[2026-06-18T16:37:29.941+0800][47.590s][info][gc,phases   ] GC(445) Pause Relocate Start 0.317ms
[2026-06-18T16:37:29.943+0800][47.592s][info][gc,phases   ] GC(445) Concurrent Relocate 0.916ms
[2026-06-18T16:37:29.944+0800][47.593s][info][gc,load     ] GC(445) Load: 0.52/0.38/0.25
[2026-06-18T16:37:29.945+0800][47.594s][info][gc,mmu      ] GC(445) MMU: 2ms/39.9%, 5ms/76.0%, 10ms/82.6%, 20ms/90.0%, 50ms/96.0%, 100ms/97.1%
[2026-06-18T16:37:29.946+0800][47.595s][info][gc,marking  ] GC(445) Mark: 2 stripe(s), 2 proactive flush(es), 1 terminate flush(es), 0 completion(s), 0 continuation(s) 
[2026-06-18T16:37:29.946+0800][47.596s][info][gc,reloc    ] GC(445) Relocation: Successful, 29M relocated
[2026-06-18T16:37:29.947+0800][47.596s][info][gc,nmethod  ] GC(445) NMethods: 25 registered, 0 unregistered
[2026-06-18T16:37:29.947+0800][47.597s][info][gc,metaspace] GC(445) Metaspace: 3M used, 4M capacity, 4M committed, 8M reserved
[2026-06-18T16:37:29.948+0800][47.597s][info][gc,ref      ] GC(445) Soft: 43 encountered, 0 discovered, 0 enqueued
[2026-06-18T16:37:29.948+0800][47.598s][info][gc,ref      ] GC(445) Weak: 7 encountered, 2 discovered, 0 enqueued
[2026-06-18T16:37:29.949+0800][47.598s][info][gc,ref      ] GC(445) Final: 0 encountered, 0 discovered, 0 enqueued
[2026-06-18T16:37:29.949+0800][47.599s][info][gc,ref      ] GC(445) Phantom: 1 encountered, 1 discovered, 0 enqueued
[2026-06-18T16:37:29.950+0800][47.599s][info][gc,heap     ] GC(445)                Mark Start          Mark End        Relocate Start      Relocate End           High               Low         
[2026-06-18T16:37:29.950+0800][47.599s][info][gc,heap     ] GC(445)  Capacity:      256M (100%)        256M (100%)        256M (100%)        256M (100%)        256M (100%)        256M (100%)   
[2026-06-18T16:37:29.951+0800][47.600s][info][gc,heap     ] GC(445)   Reserve:       62M (24%)          62M (24%)          62M (24%)          62M (24%)          62M (24%)          62M (24%)    
[2026-06-18T16:37:29.951+0800][47.600s][info][gc,heap     ] GC(445)      Free:       74M (29%)          70M (27%)         122M (48%)         104M (41%)         138M (54%)          66M (26%)    
[2026-06-18T16:37:29.951+0800][47.601s][info][gc,heap     ] GC(445)      Used:      120M (47%)         124M (48%)          72M (28%)          90M (35%)         128M (50%)          56M (22%)    
[2026-06-18T16:37:29.952+0800][47.601s][info][gc,heap     ] GC(445)      Live:         -                29M (12%)          29M (12%)          29M (12%)            -                  -          
[2026-06-18T16:37:29.952+0800][47.601s][info][gc,heap     ] GC(445) Allocated:         -                 4M (2%)            8M (3%)           56M (22%)            -                  -          
[2026-06-18T16:37:29.952+0800][47.601s][info][gc,heap     ] GC(445)   Garbage:         -                90M (35%)          34M (13%)          16M (6%)             -                  -          
[2026-06-18T16:37:29.952+0800][47.602s][info][gc,heap     ] GC(445) Reclaimed:         -                  -                56M (22%)          74M (29%)            -                  -          
[2026-06-18T16:37:29.953+0800][47.602s][info][gc          ] GC(445) Garbage Collection (Allocation Rate) 120M(47%)->90M(35%)
[2026-06-18T16:37:30.014+0800][47.663s][info][gc,start    ] GC(446) Garbage Collection (Allocation Rate)
[2026-06-18T16:37:30.017+0800][47.666s][info][gc,phases   ] GC(446) Pause Mark Start 0.545ms
[2026-06-18T16:37:30.022+0800][47.671s][info][gc,phases   ] GC(446) Concurrent Mark 2.422ms
[2026-06-18T16:37:30.024+0800][47.674s][info][gc,phases   ] GC(446) Pause Mark End 0.841ms
[2026-06-18T16:37:30.026+0800][47.675s][info][gc,phases   ] GC(446) Concurrent Process Non-Strong References 0.286ms
[2026-06-18T16:37:30.027+0800][47.676s][info][gc,phases   ] GC(446) Concurrent Reset Relocation Set 0.006ms
[2026-06-18T16:37:30.028+0800][47.677s][info][gc,phases   ] GC(446) Concurrent Destroy Detached Pages 0.001ms
[2026-06-18T16:37:30.030+0800][47.679s][info][gc,phases   ] GC(446) Concurrent Select Relocation Set 0.840ms
[2026-06-18T16:37:30.031+0800][47.680s][info][gc,phases   ] GC(446) Concurrent Prepare Relocation Set 0.003ms
[2026-06-18T16:37:30.032+0800][47.681s][info][gc,phases   ] GC(446) Pause Relocate Start 0.212ms
[2026-06-18T16:37:30.034+0800][47.683s][info][gc,phases   ] GC(446) Concurrent Relocate 1.410ms
[2026-06-18T16:37:30.035+0800][47.684s][info][gc,load     ] GC(446) Load: 0.52/0.38/0.25
[2026-06-18T16:37:30.035+0800][47.684s][info][gc,mmu      ] GC(446) MMU: 2ms/39.9%, 5ms/76.0%, 10ms/82.6%, 20ms/90.0%, 50ms/96.0%, 100ms/97.1%
[2026-06-18T16:37:30.035+0800][47.685s][info][gc,marking  ] GC(446) Mark: 2 stripe(s), 2 proactive flush(es), 1 terminate flush(es), 0 completion(s), 0 continuation(s) 
[2026-06-18T16:37:30.036+0800][47.685s][info][gc,reloc    ] GC(446) Relocation: Successful, 21M relocated
[2026-06-18T16:37:30.036+0800][47.685s][info][gc,nmethod  ] GC(446) NMethods: 25 registered, 0 unregistered
[2026-06-18T16:37:30.036+0800][47.686s][info][gc,metaspace] GC(446) Metaspace: 3M used, 4M capacity, 4M committed, 8M reserved
[2026-06-18T16:37:30.037+0800][47.686s][info][gc,ref      ] GC(446) Soft: 43 encountered, 0 discovered, 0 enqueued
[2026-06-18T16:37:30.037+0800][47.686s][info][gc,ref      ] GC(446) Weak: 7 encountered, 2 discovered, 0 enqueued
[2026-06-18T16:37:30.037+0800][47.687s][info][gc,ref      ] GC(446) Final: 0 encountered, 0 discovered, 0 enqueued
[2026-06-18T16:37:30.038+0800][47.687s][info][gc,ref      ] GC(446) Phantom: 1 encountered, 1 discovered, 0 enqueued
[2026-06-18T16:37:30.038+0800][47.687s][info][gc,heap     ] GC(446)                Mark Start          Mark End        Relocate Start      Relocate End           High               Low         
[2026-06-18T16:37:30.038+0800][47.687s][info][gc,heap     ] GC(446)  Capacity:      256M (100%)        256M (100%)        256M (100%)        256M (100%)        256M (100%)        256M (100%)   
[2026-06-18T16:37:30.038+0800][47.687s][info][gc,heap     ] GC(446)   Reserve:       62M (24%)          62M (24%)          62M (24%)          62M (24%)          62M (24%)          62M (24%)    
[2026-06-18T16:37:30.038+0800][47.688s][info][gc,heap     ] GC(446)      Free:       80M (31%)          76M (30%)         104M (41%)         142M (55%)         142M (55%)          66M (26%)    
[2026-06-18T16:37:30.039+0800][47.688s][info][gc,heap     ] GC(446)      Used:      114M (45%)         118M (46%)          90M (35%)          52M (20%)         128M (50%)          52M (20%)    
[2026-06-18T16:37:30.039+0800][47.688s][info][gc,heap     ] GC(446)      Live:         -                21M (8%)           21M (8%)           21M (8%)             -                  -          
[2026-06-18T16:37:30.039+0800][47.688s][info][gc,heap     ] GC(446) Allocated:         -                 4M (2%)            8M (3%)           48M (19%)            -                  -          
[2026-06-18T16:37:30.039+0800][47.689s][info][gc,heap     ] GC(446)   Garbage:         -                92M (36%)          60M (24%)          22M (9%)             -                  -          
[2026-06-18T16:37:30.040+0800][47.689s][info][gc,heap     ] GC(446) Reclaimed:         -                  -                32M (12%)          70M (27%)            -                  -          
[2026-06-18T16:37:30.040+0800][47.689s][info][gc          ] GC(446) Garbage Collection (Allocation Rate) 114M(45%)->52M(20%)
[2026-06-18T16:37:30.114+0800][47.763s][info][gc,start    ] GC(447) Garbage Collection (Allocation Rate)
[2026-06-18T16:37:30.117+0800][47.766s][info][gc,phases   ] GC(447) Pause Mark Start 0.431ms
[2026-06-18T16:37:30.121+0800][47.770s][info][gc,phases   ] GC(447) Concurrent Mark 1.755ms
[2026-06-18T16:37:30.123+0800][47.772s][info][gc,phases   ] GC(447) Pause Mark End 0.792ms
[2026-06-18T16:37:30.124+0800][47.774s][info][gc,phases   ] GC(447) Concurrent Process Non-Strong References 0.183ms
[2026-06-18T16:37:30.125+0800][47.775s][info][gc,phases   ] GC(447) Concurrent Reset Relocation Set 0.003ms
[2026-06-18T16:37:30.126+0800][47.775s][info][gc,phases   ] GC(447) Concurrent Destroy Detached Pages 0.001ms
[2026-06-18T16:37:30.128+0800][47.777s][info][gc,phases   ] GC(447) Concurrent Select Relocation Set 0.586ms
[2026-06-18T16:37:30.129+0800][47.778s][info][gc,phases   ] GC(447) Concurrent Prepare Relocation Set 0.002ms
[2026-06-18T16:37:30.129+0800][47.779s][info][gc,phases   ] GC(447) Pause Relocate Start 0.198ms
[2026-06-18T16:37:30.130+0800][47.780s][info][gc,phases   ] GC(447) Concurrent Relocate 0.279ms
[2026-06-18T16:37:30.131+0800][47.780s][info][gc,load     ] GC(447) Load: 0.52/0.38/0.25
[2026-06-18T16:37:30.131+0800][47.781s][info][gc,mmu      ] GC(447) MMU: 2ms/39.9%, 5ms/76.0%, 10ms/82.6%, 20ms/90.0%, 50ms/96.0%, 100ms/97.1%
[2026-06-18T16:37:30.132+0800][47.781s][info][gc,marking  ] GC(447) Mark: 2 stripe(s), 1 proactive flush(es), 1 terminate flush(es), 0 completion(s), 0 continuation(s) 
[2026-06-18T16:37:30.132+0800][47.782s][info][gc,reloc    ] GC(447) Relocation: Successful, 25M relocated
[2026-06-18T16:37:30.133+0800][47.782s][info][gc,nmethod  ] GC(447) NMethods: 25 registered, 0 unregistered
[2026-06-18T16:37:30.133+0800][47.783s][info][gc,metaspace] GC(447) Metaspace: 3M used, 4M capacity, 4M committed, 8M reserved
[2026-06-18T16:37:30.134+0800][47.783s][info][gc,ref      ] GC(447) Soft: 43 encountered, 0 discovered, 0 enqueued
[2026-06-18T16:37:30.134+0800][47.783s][info][gc,ref      ] GC(447) Weak: 7 encountered, 2 discovered, 0 enqueued
[2026-06-18T16:37:30.134+0800][47.783s][info][gc,ref      ] GC(447) Final: 0 encountered, 0 discovered, 0 enqueued
[2026-06-18T16:37:30.134+0800][47.784s][info][gc,ref      ] GC(447) Phantom: 1 encountered, 1 discovered, 0 enqueued
[2026-06-18T16:37:30.135+0800][47.784s][info][gc,heap     ] GC(447)                Mark Start          Mark End        Relocate Start      Relocate End           High               Low         
[2026-06-18T16:37:30.135+0800][47.784s][info][gc,heap     ] GC(447)  Capacity:      256M (100%)        256M (100%)        256M (100%)        256M (100%)        256M (100%)        256M (100%)   
[2026-06-18T16:37:30.135+0800][47.784s][info][gc,heap     ] GC(447)   Reserve:       62M (24%)          62M (24%)          62M (24%)          62M (24%)          62M (24%)          62M (24%)    
[2026-06-18T16:37:30.135+0800][47.785s][info][gc,heap     ] GC(447)      Free:      112M (44%)         112M (44%)         138M (54%)         146M (57%)         146M (57%)         108M (42%)    
[2026-06-18T16:37:30.136+0800][47.785s][info][gc,heap     ] GC(447)      Used:       82M (32%)          82M (32%)          56M (22%)          48M (19%)          86M (34%)          48M (19%)    
[2026-06-18T16:37:30.136+0800][47.785s][info][gc,heap     ] GC(447)      Live:         -                27M (11%)          27M (11%)          27M (11%)            -                  -          
[2026-06-18T16:37:30.136+0800][47.786s][info][gc,heap     ] GC(447) Allocated:         -                 0M (0%)            4M (2%)            8M (3%)             -                  -          
[2026-06-18T16:37:30.137+0800][47.786s][info][gc,heap     ] GC(447)   Garbage:         -                54M (21%)          24M (10%)          16M (7%)             -                  -          
[2026-06-18T16:37:30.137+0800][47.786s][info][gc,heap     ] GC(447) Reclaimed:         -                  -                30M (12%)          38M (15%)            -                  -          
[2026-06-18T16:37:30.137+0800][47.786s][info][gc          ] GC(447) Garbage Collection (Allocation Rate) 82M(32%)->48M(19%)
[2026-06-18T16:37:30.213+0800][47.863s][info][gc,start    ] GC(448) Garbage Collection (Allocation Rate)
[2026-06-18T16:37:30.216+0800][47.866s][info][gc,phases   ] GC(448) Pause Mark Start 0.466ms
[2026-06-18T16:37:30.220+0800][47.869s][info][gc,phases   ] GC(448) Concurrent Mark 2.135ms
[2026-06-18T16:37:30.223+0800][47.872s][info][gc,phases   ] GC(448) Pause Mark End 0.579ms
[2026-06-18T16:37:30.225+0800][47.874s][info][gc,phases   ] GC(448) Concurrent Process Non-Strong References 0.243ms
[2026-06-18T16:37:30.226+0800][47.875s][info][gc,phases   ] GC(448) Concurrent Reset Relocation Set 0.003ms
[2026-06-18T16:37:30.227+0800][47.876s][info][gc,phases   ] GC(448) Concurrent Destroy Detached Pages 0.001ms
[2026-06-18T16:37:30.228+0800][47.877s][info][gc,phases   ] GC(448) Concurrent Select Relocation Set 0.744ms
[2026-06-18T16:37:30.229+0800][47.878s][info][gc,phases   ] GC(448) Concurrent Prepare Relocation Set 0.016ms
[2026-06-18T16:37:30.230+0800][47.879s][info][gc,phases   ] GC(448) Pause Relocate Start 0.156ms
[2026-06-18T16:37:30.232+0800][47.882s][info][gc,phases   ] GC(448) Concurrent Relocate 1.525ms
[2026-06-18T16:37:30.233+0800][47.882s][info][gc,load     ] GC(448) Load: 0.52/0.38/0.25
[2026-06-18T16:37:30.233+0800][47.883s][info][gc,mmu      ] GC(448) MMU: 2ms/39.9%, 5ms/76.0%, 10ms/82.6%, 20ms/90.0%, 50ms/96.0%, 100ms/97.1%
[2026-06-18T16:37:30.234+0800][47.883s][info][gc,marking  ] GC(448) Mark: 2 stripe(s), 1 proactive flush(es), 1 terminate flush(es), 0 completion(s), 0 continuation(s) 
[2026-06-18T16:37:30.234+0800][47.883s][info][gc,reloc    ] GC(448) Relocation: Successful, 21M relocated
[2026-06-18T16:37:30.234+0800][47.884s][info][gc,nmethod  ] GC(448) NMethods: 25 registered, 0 unregistered
[2026-06-18T16:37:30.235+0800][47.884s][info][gc,metaspace] GC(448) Metaspace: 3M used, 4M capacity, 4M committed, 8M reserved
[2026-06-18T16:37:30.235+0800][47.885s][info][gc,ref      ] GC(448) Soft: 43 encountered, 0 discovered, 0 enqueued
[2026-06-18T16:37:30.236+0800][47.885s][info][gc,ref      ] GC(448) Weak: 7 encountered, 2 discovered, 0 enqueued
[2026-06-18T16:37:30.236+0800][47.885s][info][gc,ref      ] GC(448) Final: 0 encountered, 0 discovered, 0 enqueued
[2026-06-18T16:37:30.236+0800][47.885s][info][gc,ref      ] GC(448) Phantom: 1 encountered, 1 discovered, 0 enqueued
[2026-06-18T16:37:30.236+0800][47.886s][info][gc,heap     ] GC(448)                Mark Start          Mark End        Relocate Start      Relocate End           High               Low         
[2026-06-18T16:37:30.236+0800][47.886s][info][gc,heap     ] GC(448)  Capacity:      256M (100%)        256M (100%)        256M (100%)        256M (100%)        256M (100%)        256M (100%)   
[2026-06-18T16:37:30.237+0800][47.886s][info][gc,heap     ] GC(448)   Reserve:       62M (24%)          62M (24%)          62M (24%)          62M (24%)          62M (24%)          62M (24%)    
[2026-06-18T16:37:30.237+0800][47.886s][info][gc,heap     ] GC(448)      Free:       80M (31%)          76M (30%)         106M (41%)         144M (56%)         144M (56%)          68M (27%)    
[2026-06-18T16:37:30.237+0800][47.886s][info][gc,heap     ] GC(448)      Used:      114M (45%)         118M (46%)          88M (34%)          50M (20%)         126M (49%)          50M (20%)    
[2026-06-18T16:37:30.237+0800][47.887s][info][gc,heap     ] GC(448)      Live:         -                22M (9%)           22M (9%)           22M (9%)             -                  -          
[2026-06-18T16:37:30.237+0800][47.887s][info][gc,heap     ] GC(448) Allocated:         -                 4M (2%)            4M (2%)           46M (18%)            -                  -          
[2026-06-18T16:37:30.238+0800][47.887s][info][gc,heap     ] GC(448)   Garbage:         -                91M (36%)          61M (24%)          19M (8%)             -                  -          
[2026-06-18T16:37:30.238+0800][47.887s][info][gc,heap     ] GC(448) Reclaimed:         -                  -                30M (12%)          72M (28%)            -                  -          
[2026-06-18T16:37:30.238+0800][47.887s][info][gc          ] GC(448) Garbage Collection (Allocation Rate) 114M(45%)->50M(20%)
[2026-06-18T16:37:30.314+0800][47.963s][info][gc,start    ] GC(449) Garbage Collection (Allocation Rate)
[2026-06-18T16:37:30.317+0800][47.967s][info][gc,phases   ] GC(449) Pause Mark Start 0.401ms
[2026-06-18T16:37:30.321+0800][47.970s][info][gc,phases   ] GC(449) Concurrent Mark 2.056ms
[2026-06-18T16:37:30.323+0800][47.972s][info][gc,phases   ] GC(449) Pause Mark End 0.315ms
[2026-06-18T16:37:30.324+0800][47.974s][info][gc,phases   ] GC(449) Concurrent Process Non-Strong References 0.215ms
[2026-06-18T16:37:30.325+0800][47.975s][info][gc,phases   ] GC(449) Concurrent Reset Relocation Set 0.003ms
[2026-06-18T16:37:30.326+0800][47.975s][info][gc,phases   ] GC(449) Concurrent Destroy Detached Pages 0.001ms
[2026-06-18T16:37:30.328+0800][47.977s][info][gc,phases   ] GC(449) Concurrent Select Relocation Set 0.848ms
[2026-06-18T16:37:30.329+0800][47.978s][info][gc,phases   ] GC(449) Concurrent Prepare Relocation Set 0.002ms
[2026-06-18T16:37:30.329+0800][47.979s][info][gc,phases   ] GC(449) Pause Relocate Start 0.127ms
[2026-06-18T16:37:30.330+0800][47.979s][info][gc,phases   ] GC(449) Concurrent Relocate 0.245ms
[2026-06-18T16:37:30.331+0800][47.980s][info][gc,load     ] GC(449) Load: 0.52/0.38/0.25
[2026-06-18T16:37:30.331+0800][47.980s][info][gc,mmu      ] GC(449) MMU: 2ms/39.9%, 5ms/76.0%, 10ms/82.6%, 20ms/90.0%, 50ms/96.0%, 100ms/97.1%
[2026-06-18T16:37:30.331+0800][47.981s][info][gc,marking  ] GC(449) Mark: 2 stripe(s), 1 proactive flush(es), 1 terminate flush(es), 0 completion(s), 0 continuation(s) 
[2026-06-18T16:37:30.332+0800][47.981s][info][gc,reloc    ] GC(449) Relocation: Successful, 18M relocated
[2026-06-18T16:37:30.332+0800][47.981s][info][gc,nmethod  ] GC(449) NMethods: 25 registered, 0 unregistered
[2026-06-18T16:37:30.332+0800][47.981s][info][gc,metaspace] GC(449) Metaspace: 3M used, 4M capacity, 4M committed, 8M reserved
[2026-06-18T16:37:30.332+0800][47.982s][info][gc,ref      ] GC(449) Soft: 43 encountered, 0 discovered, 0 enqueued
[2026-06-18T16:37:30.333+0800][47.982s][info][gc,ref      ] GC(449) Weak: 7 encountered, 0 discovered, 0 enqueued
[2026-06-18T16:37:30.333+0800][47.982s][info][gc,ref      ] GC(449) Final: 0 encountered, 0 discovered, 0 enqueued
[2026-06-18T16:37:30.333+0800][47.982s][info][gc,ref      ] GC(449) Phantom: 1 encountered, 0 discovered, 0 enqueued
[2026-06-18T16:37:30.333+0800][47.983s][info][gc,heap     ] GC(449)                Mark Start          Mark End        Relocate Start      Relocate End           High               Low         
[2026-06-18T16:37:30.334+0800][47.983s][info][gc,heap     ] GC(449)  Capacity:      256M (100%)        256M (100%)        256M (100%)        256M (100%)        256M (100%)        256M (100%)   
[2026-06-18T16:37:30.334+0800][47.983s][info][gc,heap     ] GC(449)   Reserve:       62M (24%)          62M (24%)          62M (24%)          62M (24%)          62M (24%)          62M (24%)    
[2026-06-18T16:37:30.334+0800][47.983s][info][gc,heap     ] GC(449)      Free:      114M (45%)         114M (45%)         106M (41%)         116M (45%)         116M (45%)          76M (30%)    
[2026-06-18T16:37:30.334+0800][47.984s][info][gc,heap     ] GC(449)      Used:       80M (31%)          80M (31%)          88M (34%)          78M (30%)         118M (46%)          78M (30%)    
[2026-06-18T16:37:30.335+0800][47.984s][info][gc,heap     ] GC(449)      Live:         -                18M (7%)           18M (7%)           18M (7%)             -                  -          
[2026-06-18T16:37:30.335+0800][47.984s][info][gc,heap     ] GC(449) Allocated:         -                 0M (0%)           38M (15%)          42M (16%)            -                  -          
[2026-06-18T16:37:30.335+0800][47.984s][info][gc,heap     ] GC(449)   Garbage:         -                61M (24%)          31M (12%)          21M (8%)             -                  -          
[2026-06-18T16:37:30.335+0800][47.985s][info][gc,heap     ] GC(449) Reclaimed:         -                  -                30M (12%)          40M (16%)            -                  -          
[2026-06-18T16:37:30.336+0800][47.985s][info][gc          ] GC(449) Garbage Collection (Allocation Rate) 80M(31%)->78M(30%)
[2026-06-18T16:37:30.414+0800][48.063s][info][gc,start    ] GC(450) Garbage Collection (Allocation Rate)
[2026-06-18T16:37:30.418+0800][48.067s][info][gc,phases   ] GC(450) Pause Mark Start 0.453ms
[2026-06-18T16:37:30.423+0800][48.073s][info][gc,phases   ] GC(450) Concurrent Mark 2.140ms
[2026-06-18T16:37:30.425+0800][48.075s][info][gc,phases   ] GC(450) Pause Mark End 0.549ms
[2026-06-18T16:37:30.431+0800][48.081s][info][gc,phases   ] GC(450) Concurrent Process Non-Strong References 0.505ms
[2026-06-18T16:37:30.435+0800][48.084s][info][gc,phases   ] GC(450) Concurrent Reset Relocation Set 0.006ms
[2026-06-18T16:37:30.438+0800][48.088s][info][gc,phases   ] GC(450) Concurrent Destroy Detached Pages 0.003ms
[2026-06-18T16:37:30.444+0800][48.093s][info][gc,phases   ] GC(450) Concurrent Select Relocation Set 1.634ms
[2026-06-18T16:37:30.447+0800][48.096s][info][gc,phases   ] GC(450) Concurrent Prepare Relocation Set 0.004ms
[2026-06-18T16:37:30.452+0800][48.101s][info][gc,phases   ] GC(450) Pause Relocate Start 0.318ms
[2026-06-18T16:37:30.455+0800][48.104s][info][gc,phases   ] GC(450) Concurrent Relocate 1.888ms
[2026-06-18T16:37:30.456+0800][48.105s][info][gc,load     ] GC(450) Load: 0.52/0.38/0.25
[2026-06-18T16:37:30.457+0800][48.106s][info][gc,mmu      ] GC(450) MMU: 2ms/39.9%, 5ms/76.0%, 10ms/82.6%, 20ms/90.0%, 50ms/96.0%, 100ms/97.1%
[2026-06-18T16:37:30.458+0800][48.107s][info][gc,marking  ] GC(450) Mark: 2 stripe(s), 1 proactive flush(es), 1 terminate flush(es), 0 completion(s), 0 continuation(s) 
[2026-06-18T16:37:30.459+0800][48.108s][info][gc,reloc    ] GC(450) Relocation: Successful, 23M relocated
[2026-06-18T16:37:30.459+0800][48.109s][info][gc,nmethod  ] GC(450) NMethods: 25 registered, 0 unregistered
[2026-06-18T16:37:30.460+0800][48.109s][info][gc,metaspace] GC(450) Metaspace: 3M used, 4M capacity, 4M committed, 8M reserved
[2026-06-18T16:37:30.460+0800][48.110s][info][gc,ref      ] GC(450) Soft: 43 encountered, 0 discovered, 0 enqueued
[2026-06-18T16:37:30.461+0800][48.110s][info][gc,ref      ] GC(450) Weak: 7 encountered, 2 discovered, 0 enqueued
[2026-06-18T16:37:30.461+0800][48.110s][info][gc,ref      ] GC(450) Final: 0 encountered, 0 discovered, 0 enqueued
[2026-06-18T16:37:30.462+0800][48.111s][info][gc,ref      ] GC(450) Phantom: 1 encountered, 1 discovered, 0 enqueued
[2026-06-18T16:37:30.462+0800][48.111s][info][gc,heap     ] GC(450)                Mark Start          Mark End        Relocate Start      Relocate End           High               Low         
[2026-06-18T16:37:30.462+0800][48.112s][info][gc,heap     ] GC(450)  Capacity:      256M (100%)        256M (100%)        256M (100%)        256M (100%)        256M (100%)        256M (100%)   
[2026-06-18T16:37:30.463+0800][48.112s][info][gc,heap     ] GC(450)   Reserve:       62M (24%)          62M (24%)          62M (24%)          62M (24%)          62M (24%)          62M (24%)    
[2026-06-18T16:37:30.463+0800][48.112s][info][gc,heap     ] GC(450)      Free:       86M (34%)          48M (19%)          70M (27%)         132M (52%)         132M (52%)          44M (17%)    
[2026-06-18T16:37:30.463+0800][48.113s][info][gc,heap     ] GC(450)      Used:      108M (42%)         146M (57%)         124M (48%)          62M (24%)         150M (59%)          62M (24%)    
[2026-06-18T16:37:30.463+0800][48.113s][info][gc,heap     ] GC(450)      Live:         -                25M (10%)          25M (10%)          25M (10%)            -                  -          
[2026-06-18T16:37:30.464+0800][48.113s][info][gc,heap     ] GC(450) Allocated:         -                38M (15%)          44M (17%)          52M (20%)            -                  -          
[2026-06-18T16:37:30.464+0800][48.113s][info][gc,heap     ] GC(450)   Garbage:         -                82M (32%)          54M (21%)    17592186044402M (6         -                  -          
[2026-06-18T16:37:30.464+0800][48.113s][info][gc,heap     ] GC(450) Reclaimed:         -                  -                28M (11%)          96M (38%)            -                  -          
[2026-06-18T16:37:30.464+0800][48.114s][info][gc          ] GC(450) Garbage Collection (Allocation Rate) 108M(42%)->62M(24%)
[2026-06-18T16:37:30.513+0800][48.163s][info][gc,start    ] GC(451) Garbage Collection (Allocation Rate)
[2026-06-18T16:37:30.517+0800][48.166s][info][gc,phases   ] GC(451) Pause Mark Start 0.468ms
[2026-06-18T16:37:30.520+0800][48.170s][info][gc,phases   ] GC(451) Concurrent Mark 1.795ms
[2026-06-18T16:37:30.523+0800][48.172s][info][gc,phases   ] GC(451) Pause Mark End 0.613ms
[2026-06-18T16:37:30.524+0800][48.173s][info][gc,phases   ] GC(451) Concurrent Process Non-Strong References 0.329ms
[2026-06-18T16:37:30.526+0800][48.176s][info][gc,phases   ] GC(451) Concurrent Reset Relocation Set 0.005ms
[2026-06-18T16:37:30.527+0800][48.177s][info][gc,phases   ] GC(451) Concurrent Destroy Detached Pages 0.001ms
[2026-06-18T16:37:30.530+0800][48.179s][info][gc,phases   ] GC(451) Concurrent Select Relocation Set 1.022ms
[2026-06-18T16:37:30.531+0800][48.180s][info][gc,phases   ] GC(451) Concurrent Prepare Relocation Set 0.013ms
[2026-06-18T16:37:30.532+0800][48.181s][info][gc,phases   ] GC(451) Pause Relocate Start 0.220ms
[2026-06-18T16:37:30.533+0800][48.182s][info][gc,phases   ] GC(451) Concurrent Relocate 0.459ms
[2026-06-18T16:37:30.533+0800][48.183s][info][gc,load     ] GC(451) Load: 0.52/0.38/0.25
[2026-06-18T16:37:30.534+0800][48.183s][info][gc,mmu      ] GC(451) MMU: 2ms/39.9%, 5ms/76.0%, 10ms/82.6%, 20ms/90.0%, 50ms/96.0%, 100ms/97.1%
[2026-06-18T16:37:30.534+0800][48.183s][info][gc,marking  ] GC(451) Mark: 2 stripe(s), 2 proactive flush(es), 1 terminate flush(es), 0 completion(s), 0 continuation(s) 
[2026-06-18T16:37:30.535+0800][48.184s][info][gc,reloc    ] GC(451) Relocation: Successful, 21M relocated
[2026-06-18T16:37:30.535+0800][48.184s][info][gc,nmethod  ] GC(451) NMethods: 25 registered, 0 unregistered
[2026-06-18T16:37:30.535+0800][48.185s][info][gc,metaspace] GC(451) Metaspace: 3M used, 4M capacity, 4M committed, 8M reserved
[2026-06-18T16:37:30.536+0800][48.185s][info][gc,ref      ] GC(451) Soft: 43 encountered, 0 discovered, 0 enqueued
[2026-06-18T16:37:30.536+0800][48.185s][info][gc,ref      ] GC(451) Weak: 7 encountered, 0 discovered, 0 enqueued
[2026-06-18T16:37:30.536+0800][48.185s][info][gc,ref      ] GC(451) Final: 0 encountered, 0 discovered, 0 enqueued
[2026-06-18T16:37:30.536+0800][48.186s][info][gc,ref      ] GC(451) Phantom: 1 encountered, 0 discovered, 0 enqueued
[2026-06-18T16:37:30.537+0800][48.186s][info][gc,heap     ] GC(451)                Mark Start          Mark End        Relocate Start      Relocate End           High               Low         
[2026-06-18T16:37:30.537+0800][48.187s][info][gc,heap     ] GC(451)  Capacity:      256M (100%)        256M (100%)        256M (100%)        256M (100%)        256M (100%)        256M (100%)   
[2026-06-18T16:37:30.538+0800][48.187s][info][gc,heap     ] GC(451)   Reserve:       62M (24%)          62M (24%)          62M (24%)          62M (24%)          62M (24%)          62M (24%)    
[2026-06-18T16:37:30.538+0800][48.187s][info][gc,heap     ] GC(451)      Free:      114M (45%)          76M (30%)          98M (38%)         110M (43%)         114M (45%)          76M (30%)    
[2026-06-18T16:37:30.538+0800][48.188s][info][gc,heap     ] GC(451)      Used:       80M (31%)         118M (46%)          96M (38%)          84M (33%)         118M (46%)          80M (31%)    
[2026-06-18T16:37:30.539+0800][48.188s][info][gc,heap     ] GC(451)      Live:         -                21M (8%)           21M (8%)           21M (8%)             -                  -          
[2026-06-18T16:37:30.539+0800][48.188s][info][gc,heap     ] GC(451) Allocated:         -                38M (15%)          42M (16%)          50M (20%)            -                  -          
[2026-06-18T16:37:30.539+0800][48.188s][info][gc,heap     ] GC(451)   Garbage:         -                58M (23%)          32M (13%)          20M (8%)             -                  -          
[2026-06-18T16:37:30.539+0800][48.189s][info][gc,heap     ] GC(451) Reclaimed:         -                  -                26M (10%)          38M (15%)            -                  -          
[2026-06-18T16:37:30.540+0800][48.189s][info][gc          ] GC(451) Garbage Collection (Allocation Rate) 80M(31%)->84M(33%)
[2026-06-18T16:37:30.614+0800][48.263s][info][gc,start    ] GC(452) Garbage Collection (Allocation Rate)
[2026-06-18T16:37:30.616+0800][48.266s][info][gc,phases   ] GC(452) Pause Mark Start 0.487ms
[2026-06-18T16:37:30.620+0800][48.269s][info][gc,phases   ] GC(452) Concurrent Mark 2.240ms
[2026-06-18T16:37:30.622+0800][48.271s][info][gc,phases   ] GC(452) Pause Mark End 0.671ms
[2026-06-18T16:37:30.623+0800][48.272s][info][gc,phases   ] GC(452) Concurrent Process Non-Strong References 0.177ms
[2026-06-18T16:37:30.624+0800][48.273s][info][gc,phases   ] GC(452) Concurrent Reset Relocation Set 0.005ms
[2026-06-18T16:37:30.625+0800][48.274s][info][gc,phases   ] GC(452) Concurrent Destroy Detached Pages 0.001ms
[2026-06-18T16:37:30.626+0800][48.276s][info][gc,phases   ] GC(452) Concurrent Select Relocation Set 1.099ms
[2026-06-18T16:37:30.627+0800][48.276s][info][gc,phases   ] GC(452) Concurrent Prepare Relocation Set 0.016ms
[2026-06-18T16:37:30.628+0800][48.277s][info][gc,phases   ] GC(452) Pause Relocate Start 0.206ms
[2026-06-18T16:37:30.630+0800][48.279s][info][gc,phases   ] GC(452) Concurrent Relocate 1.290ms
[2026-06-18T16:37:30.631+0800][48.280s][info][gc,load     ] GC(452) Load: 0.52/0.38/0.25
[2026-06-18T16:37:30.631+0800][48.280s][info][gc,mmu      ] GC(452) MMU: 2ms/39.9%, 5ms/76.0%, 10ms/82.6%, 20ms/90.0%, 50ms/96.0%, 100ms/97.1%
[2026-06-18T16:37:30.631+0800][48.281s][info][gc,marking  ] GC(452) Mark: 2 stripe(s), 1 proactive flush(es), 1 terminate flush(es), 0 completion(s), 0 continuation(s) 
[2026-06-18T16:37:30.632+0800][48.281s][info][gc,reloc    ] GC(452) Relocation: Successful, 19M relocated
[2026-06-18T16:37:30.632+0800][48.281s][info][gc,nmethod  ] GC(452) NMethods: 25 registered, 0 unregistered
[2026-06-18T16:37:30.632+0800][48.282s][info][gc,metaspace] GC(452) Metaspace: 3M used, 4M capacity, 4M committed, 8M reserved
[2026-06-18T16:37:30.633+0800][48.282s][info][gc,ref      ] GC(452) Soft: 43 encountered, 0 discovered, 0 enqueued
[2026-06-18T16:37:30.633+0800][48.282s][info][gc,ref      ] GC(452) Weak: 7 encountered, 2 discovered, 0 enqueued
[2026-06-18T16:37:30.633+0800][48.283s][info][gc,ref      ] GC(452) Final: 0 encountered, 0 discovered, 0 enqueued
[2026-06-18T16:37:30.634+0800][48.283s][info][gc,ref      ] GC(452) Phantom: 1 encountered, 1 discovered, 0 enqueued
[2026-06-18T16:37:30.634+0800][48.283s][info][gc,heap     ] GC(452)                Mark Start          Mark End        Relocate Start      Relocate End           High               Low         
[2026-06-18T16:37:30.634+0800][48.283s][info][gc,heap     ] GC(452)  Capacity:      256M (100%)        256M (100%)        256M (100%)        256M (100%)        256M (100%)        256M (100%)   
[2026-06-18T16:37:30.634+0800][48.284s][info][gc,heap     ] GC(452)   Reserve:       62M (24%)          62M (24%)          62M (24%)          62M (24%)          62M (24%)          62M (24%)    
[2026-06-18T16:37:30.635+0800][48.284s][info][gc,heap     ] GC(452)      Free:       80M (31%)          80M (31%)         108M (42%)         148M (58%)         148M (58%)          72M (28%)    
[2026-06-18T16:37:30.635+0800][48.284s][info][gc,heap     ] GC(452)      Used:      114M (45%)         114M (45%)          86M (34%)          46M (18%)         122M (48%)          46M (18%)    
[2026-06-18T16:37:30.635+0800][48.284s][info][gc,heap     ] GC(452)      Live:         -                20M (8%)           20M (8%)           20M (8%)             -                  -          
[2026-06-18T16:37:30.635+0800][48.285s][info][gc,heap     ] GC(452) Allocated:         -                 0M (0%)            4M (2%)           42M (16%)            -                  -          
[2026-06-18T16:37:30.635+0800][48.285s][info][gc,heap     ] GC(452)   Garbage:         -                93M (36%)          61M (24%)          21M (8%)             -                  -          
[2026-06-18T16:37:30.636+0800][48.285s][info][gc,heap     ] GC(452) Reclaimed:         -                  -                32M (12%)          72M (28%)            -                  -          
[2026-06-18T16:37:30.636+0800][48.285s][info][gc          ] GC(452) Garbage Collection (Allocation Rate) 114M(45%)->46M(18%)
[2026-06-18T16:37:30.714+0800][48.364s][info][gc,start    ] GC(453) Garbage Collection (Allocation Rate)
[2026-06-18T16:37:30.717+0800][48.367s][info][gc,phases   ] GC(453) Pause Mark Start 0.701ms
[2026-06-18T16:37:30.722+0800][48.371s][info][gc,phases   ] GC(453) Concurrent Mark 2.183ms
[2026-06-18T16:37:30.725+0800][48.375s][info][gc,phases   ] GC(453) Pause Mark End 0.619ms
[2026-06-18T16:37:30.727+0800][48.376s][info][gc,phases   ] GC(453) Concurrent Process Non-Strong References 0.220ms
[2026-06-18T16:37:30.728+0800][48.377s][info][gc,phases   ] GC(453) Concurrent Reset Relocation Set 0.004ms
[2026-06-18T16:37:30.728+0800][48.378s][info][gc,phases   ] GC(453) Concurrent Destroy Detached Pages 0.001ms
[2026-06-18T16:37:30.730+0800][48.379s][info][gc,phases   ] GC(453) Concurrent Select Relocation Set 0.780ms
[2026-06-18T16:37:30.731+0800][48.380s][info][gc,phases   ] GC(453) Concurrent Prepare Relocation Set 0.002ms
[2026-06-18T16:37:30.732+0800][48.381s][info][gc,phases   ] GC(453) Pause Relocate Start 0.186ms
[2026-06-18T16:37:30.732+0800][48.382s][info][gc,phases   ] GC(453) Concurrent Relocate 0.199ms
[2026-06-18T16:37:30.733+0800][48.382s][info][gc,load     ] GC(453) Load: 0.52/0.38/0.25
[2026-06-18T16:37:30.733+0800][48.382s][info][gc,mmu      ] GC(453) MMU: 2ms/39.9%, 5ms/76.0%, 10ms/82.6%, 20ms/90.0%, 50ms/96.0%, 100ms/97.1%
[2026-06-18T16:37:30.733+0800][48.383s][info][gc,marking  ] GC(453) Mark: 2 stripe(s), 2 proactive flush(es), 1 terminate flush(es), 0 completion(s), 0 continuation(s) 
[2026-06-18T16:37:30.734+0800][48.383s][info][gc,reloc    ] GC(453) Relocation: Successful, 24M relocated
[2026-06-18T16:37:30.734+0800][48.383s][info][gc,nmethod  ] GC(453) NMethods: 25 registered, 0 unregistered
[2026-06-18T16:37:30.735+0800][48.384s][info][gc,metaspace] GC(453) Metaspace: 3M used, 4M capacity, 4M committed, 8M reserved
[2026-06-18T16:37:30.736+0800][48.385s][info][gc,ref      ] GC(453) Soft: 43 encountered, 0 discovered, 0 enqueued
[2026-06-18T16:37:30.736+0800][48.385s][info][gc,ref      ] GC(453) Weak: 7 encountered, 0 discovered, 0 enqueued
[2026-06-18T16:37:30.736+0800][48.385s][info][gc,ref      ] GC(453) Final: 0 encountered, 0 discovered, 0 enqueued
[2026-06-18T16:37:30.736+0800][48.386s][info][gc,ref      ] GC(453) Phantom: 1 encountered, 0 discovered, 0 enqueued
[2026-06-18T16:37:30.737+0800][48.386s][info][gc,heap     ] GC(453)                Mark Start          Mark End        Relocate Start      Relocate End           High               Low         
[2026-06-18T16:37:30.737+0800][48.386s][info][gc,heap     ] GC(453)  Capacity:      256M (100%)        256M (100%)        256M (100%)        256M (100%)        256M (100%)        256M (100%)   
[2026-06-18T16:37:30.737+0800][48.386s][info][gc,heap     ] GC(453)   Reserve:       62M (24%)          62M (24%)          62M (24%)          62M (24%)          62M (24%)          62M (24%)    
[2026-06-18T16:37:30.737+0800][48.387s][info][gc,heap     ] GC(453)      Free:      118M (46%)         114M (45%)         136M (53%)         142M (55%)         142M (55%)         114M (45%)    
[2026-06-18T16:37:30.738+0800][48.387s][info][gc,heap     ] GC(453)      Used:       76M (30%)          80M (31%)          58M (23%)          52M (20%)          80M (31%)          52M (20%)    
[2026-06-18T16:37:30.738+0800][48.387s][info][gc,heap     ] GC(453)      Live:         -                27M (11%)          27M (11%)          27M (11%)            -                  -          
[2026-06-18T16:37:30.738+0800][48.387s][info][gc,heap     ] GC(453) Allocated:         -                 4M (2%)            8M (3%)           14M (5%)             -                  -          
[2026-06-18T16:37:30.738+0800][48.388s][info][gc,heap     ] GC(453)   Garbage:         -                48M (19%)          22M (9%)           16M (6%)             -                  -          
[2026-06-18T16:37:30.738+0800][48.388s][info][gc,heap     ] GC(453) Reclaimed:         -                  -                26M (10%)          32M (12%)            -                  -          
[2026-06-18T16:37:30.739+0800][48.388s][info][gc          ] GC(453) Garbage Collection (Allocation Rate) 76M(30%)->52M(20%)
[2026-06-18T16:37:30.813+0800][48.463s][info][gc,start    ] GC(454) Garbage Collection (Allocation Rate)
[2026-06-18T16:37:30.816+0800][48.466s][info][gc,phases   ] GC(454) Pause Mark Start 0.946ms
[2026-06-18T16:37:30.822+0800][48.472s][info][gc,phases   ] GC(454) Concurrent Mark 1.569ms
[2026-06-18T16:37:30.826+0800][48.475s][info][gc,phases   ] GC(454) Pause Mark End 0.260ms
[2026-06-18T16:37:30.827+0800][48.476s][info][gc,phases   ] GC(454) Concurrent Process Non-Strong References 0.100ms
[2026-06-18T16:37:30.828+0800][48.477s][info][gc,phases   ] GC(454) Concurrent Reset Relocation Set 0.002ms
[2026-06-18T16:37:30.829+0800][48.478s][info][gc,phases   ] GC(454) Concurrent Destroy Detached Pages 0.001ms
[2026-06-18T16:37:30.830+0800][48.479s][info][gc,phases   ] GC(454) Concurrent Select Relocation Set 0.443ms
[2026-06-18T16:37:30.831+0800][48.480s][info][gc,phases   ] GC(454) Concurrent Prepare Relocation Set 0.009ms
[2026-06-18T16:37:30.832+0800][48.481s][info][gc,phases   ] GC(454) Pause Relocate Start 0.221ms
[2026-06-18T16:37:30.834+0800][48.484s][info][gc,phases   ] GC(454) Concurrent Relocate 2.055ms
[2026-06-18T16:37:30.835+0800][48.485s][info][gc,load     ] GC(454) Load: 0.52/0.38/0.25
[2026-06-18T16:37:30.836+0800][48.485s][info][gc,mmu      ] GC(454) MMU: 2ms/39.9%, 5ms/76.0%, 10ms/82.6%, 20ms/90.0%, 50ms/96.0%, 100ms/97.1%
[2026-06-18T16:37:30.836+0800][48.486s][info][gc,marking  ] GC(454) Mark: 2 stripe(s), 1 proactive flush(es), 1 terminate flush(es), 0 completion(s), 0 continuation(s) 
[2026-06-18T16:37:30.837+0800][48.486s][info][gc,reloc    ] GC(454) Relocation: Successful, 24M relocated
[2026-06-18T16:37:30.837+0800][48.487s][info][gc,nmethod  ] GC(454) NMethods: 25 registered, 0 unregistered
[2026-06-18T16:37:30.838+0800][48.487s][info][gc,metaspace] GC(454) Metaspace: 3M used, 4M capacity, 4M committed, 8M reserved
[2026-06-18T16:37:30.838+0800][48.487s][info][gc,ref      ] GC(454) Soft: 43 encountered, 0 discovered, 0 enqueued
[2026-06-18T16:37:30.838+0800][48.487s][info][gc,ref      ] GC(454) Weak: 7 encountered, 2 discovered, 0 enqueued
[2026-06-18T16:37:30.838+0800][48.488s][info][gc,ref      ] GC(454) Final: 0 encountered, 0 discovered, 0 enqueued
[2026-06-18T16:37:30.839+0800][48.488s][info][gc,ref      ] GC(454) Phantom: 1 encountered, 1 discovered, 0 enqueued
[2026-06-18T16:37:30.839+0800][48.488s][info][gc,heap     ] GC(454)                Mark Start          Mark End        Relocate Start      Relocate End           High               Low         
[2026-06-18T16:37:30.839+0800][48.488s][info][gc,heap     ] GC(454)  Capacity:      256M (100%)        256M (100%)        256M (100%)        256M (100%)        256M (100%)        256M (100%)   
[2026-06-18T16:37:30.840+0800][48.489s][info][gc,heap     ] GC(454)   Reserve:       62M (24%)          62M (24%)          62M (24%)          62M (24%)          62M (24%)          62M (24%)    
[2026-06-18T16:37:30.840+0800][48.489s][info][gc,heap     ] GC(454)      Free:       80M (31%)          76M (30%)         106M (41%)         150M (59%)         150M (59%)          70M (27%)    
[2026-06-18T16:37:30.840+0800][48.489s][info][gc,heap     ] GC(454)      Used:      114M (45%)         118M (46%)          88M (34%)          44M (17%)         124M (48%)          44M (17%)    
[2026-06-18T16:37:30.840+0800][48.490s][info][gc,heap     ] GC(454)      Live:         -                24M (10%)          24M (10%)          24M (10%)            -                  -          
[2026-06-18T16:37:30.840+0800][48.490s][info][gc,heap     ] GC(454) Allocated:         -                 4M (2%)            4M (2%)           44M (17%)            -                  -          
[2026-06-18T16:37:30.841+0800][48.490s][info][gc,heap     ] GC(454)   Garbage:         -                89M (35%)          59M (23%)          15M (6%)             -                  -          
[2026-06-18T16:37:30.841+0800][48.490s][info][gc,heap     ] GC(454) Reclaimed:         -                  -                30M (12%)          74M (29%)            -                  -          
[2026-06-18T16:37:30.841+0800][48.490s][info][gc          ] GC(454) Garbage Collection (Allocation Rate) 114M(45%)->44M(17%)
[2026-06-18T16:37:30.914+0800][48.563s][info][gc,start    ] GC(455) Garbage Collection (Allocation Rate)
[2026-06-18T16:37:30.916+0800][48.566s][info][gc,phases   ] GC(455) Pause Mark Start 0.402ms
[2026-06-18T16:37:30.920+0800][48.569s][info][gc,phases   ] GC(455) Concurrent Mark 2.160ms
[2026-06-18T16:37:30.922+0800][48.572s][info][gc,phases   ] GC(455) Pause Mark End 0.530ms
[2026-06-18T16:37:30.923+0800][48.573s][info][gc,phases   ] GC(455) Concurrent Process Non-Strong References 0.172ms
[2026-06-18T16:37:30.924+0800][48.574s][info][gc,phases   ] GC(455) Concurrent Reset Relocation Set 0.004ms
[2026-06-18T16:37:30.925+0800][48.574s][info][gc,phases   ] GC(455) Concurrent Destroy Detached Pages 0.001ms
[2026-06-18T16:37:30.926+0800][48.575s][info][gc,phases   ] GC(455) Concurrent Select Relocation Set 0.796ms
[2026-06-18T16:37:30.927+0800][48.576s][info][gc,phases   ] GC(455) Concurrent Prepare Relocation Set 0.002ms
[2026-06-18T16:37:30.928+0800][48.577s][info][gc,phases   ] GC(455) Pause Relocate Start 0.188ms
[2026-06-18T16:37:30.929+0800][48.578s][info][gc,phases   ] GC(455) Concurrent Relocate 0.238ms
[2026-06-18T16:37:30.930+0800][48.579s][info][gc,load     ] GC(455) Load: 0.47/0.38/0.25
[2026-06-18T16:37:30.930+0800][48.579s][info][gc,mmu      ] GC(455) MMU: 2ms/39.9%, 5ms/76.0%, 10ms/82.6%, 20ms/90.0%, 50ms/96.0%, 100ms/97.1%
[2026-06-18T16:37:30.931+0800][48.580s][info][gc,marking  ] GC(455) Mark: 2 stripe(s), 1 proactive flush(es), 1 terminate flush(es), 0 completion(s), 0 continuation(s) 
[2026-06-18T16:37:30.931+0800][48.580s][info][gc,reloc    ] GC(455) Relocation: Successful, 21M relocated
[2026-06-18T16:37:30.931+0800][48.581s][info][gc,nmethod  ] GC(455) NMethods: 25 registered, 0 unregistered
[2026-06-18T16:37:30.932+0800][48.581s][info][gc,metaspace] GC(455) Metaspace: 3M used, 4M capacity, 4M committed, 8M reserved
[2026-06-18T16:37:30.932+0800][48.582s][info][gc,ref      ] GC(455) Soft: 43 encountered, 0 discovered, 0 enqueued
[2026-06-18T16:37:30.933+0800][48.582s][info][gc,ref      ] GC(455) Weak: 7 encountered, 2 discovered, 0 enqueued
[2026-06-18T16:37:30.933+0800][48.582s][info][gc,ref      ] GC(455) Final: 0 encountered, 0 discovered, 0 enqueued
[2026-06-18T16:37:30.933+0800][48.582s][info][gc,ref      ] GC(455) Phantom: 1 encountered, 0 discovered, 0 enqueued
[2026-06-18T16:37:30.933+0800][48.583s][info][gc,heap     ] GC(455)                Mark Start          Mark End        Relocate Start      Relocate End           High               Low         
[2026-06-18T16:37:30.934+0800][48.583s][info][gc,heap     ] GC(455)  Capacity:      256M (100%)        256M (100%)        256M (100%)        256M (100%)        256M (100%)        256M (100%)   
[2026-06-18T16:37:30.934+0800][48.583s][info][gc,heap     ] GC(455)   Reserve:       62M (24%)          62M (24%)          62M (24%)          62M (24%)          62M (24%)          62M (24%)    
[2026-06-18T16:37:30.934+0800][48.583s][info][gc,heap     ] GC(455)      Free:      118M (46%)         114M (45%)         140M (55%)         146M (57%)         146M (57%)         114M (45%)    
[2026-06-18T16:37:30.934+0800][48.584s][info][gc,heap     ] GC(455)      Used:       76M (30%)          80M (31%)          54M (21%)          48M (19%)          80M (31%)          48M (19%)    
[2026-06-18T16:37:30.934+0800][48.584s][info][gc,heap     ] GC(455)      Live:         -                25M (10%)          25M (10%)          25M (10%)            -                  -          
[2026-06-18T16:37:30.935+0800][48.584s][info][gc,heap     ] GC(455) Allocated:         -                 4M (2%)            4M (2%)           10M (4%)             -                  -          
[2026-06-18T16:37:30.935+0800][48.584s][info][gc,heap     ] GC(455)   Garbage:         -                50M (20%)          24M (10%)          18M (7%)             -                  -          
[2026-06-18T16:37:30.935+0800][48.584s][info][gc,heap     ] GC(455) Reclaimed:         -                  -                26M (10%)          32M (12%)            -                  -          
[2026-06-18T16:37:30.935+0800][48.585s][info][gc          ] GC(455) Garbage Collection (Allocation Rate) 76M(30%)->48M(19%)
[2026-06-18T16:37:31.015+0800][48.664s][info][gc,start    ] GC(456) Garbage Collection (Allocation Rate)
[2026-06-18T16:37:31.018+0800][48.667s][info][gc,phases   ] GC(456) Pause Mark Start 0.575ms
[2026-06-18T16:37:31.023+0800][48.672s][info][gc,phases   ] GC(456) Concurrent Mark 1.920ms
[2026-06-18T16:37:31.025+0800][48.674s][info][gc,phases   ] GC(456) Pause Mark End 0.412ms
[2026-06-18T16:37:31.026+0800][48.676s][info][gc,phases   ] GC(456) Concurrent Process Non-Strong References 0.244ms
[2026-06-18T16:37:31.027+0800][48.676s][info][gc,phases   ] GC(456) Concurrent Reset Relocation Set 0.002ms
[2026-06-18T16:37:31.028+0800][48.677s][info][gc,phases   ] GC(456) Concurrent Destroy Detached Pages 0.001ms
[2026-06-18T16:37:31.029+0800][48.678s][info][gc,phases   ] GC(456) Concurrent Select Relocation Set 0.592ms
[2026-06-18T16:37:31.030+0800][48.679s][info][gc,phases   ] GC(456) Concurrent Prepare Relocation Set 0.010ms
[2026-06-18T16:37:31.030+0800][48.680s][info][gc,phases   ] GC(456) Pause Relocate Start 0.158ms
[2026-06-18T16:37:31.032+0800][48.682s][info][gc,phases   ] GC(456) Concurrent Relocate 1.214ms
[2026-06-18T16:37:31.033+0800][48.682s][info][gc,load     ] GC(456) Load: 0.47/0.38/0.25
[2026-06-18T16:37:31.033+0800][48.683s][info][gc,mmu      ] GC(456) MMU: 2ms/39.9%, 5ms/76.0%, 10ms/82.6%, 20ms/90.0%, 50ms/96.0%, 100ms/97.1%
[2026-06-18T16:37:31.033+0800][48.683s][info][gc,marking  ] GC(456) Mark: 2 stripe(s), 1 proactive flush(es), 1 terminate flush(es), 0 completion(s), 0 continuation(s) 
[2026-06-18T16:37:31.034+0800][48.683s][info][gc,reloc    ] GC(456) Relocation: Successful, 20M relocated
[2026-06-18T16:37:31.034+0800][48.683s][info][gc,nmethod  ] GC(456) NMethods: 25 registered, 0 unregistered
[2026-06-18T16:37:31.035+0800][48.684s][info][gc,metaspace] GC(456) Metaspace: 3M used, 4M capacity, 4M committed, 8M reserved
[2026-06-18T16:37:31.035+0800][48.684s][info][gc,ref      ] GC(456) Soft: 43 encountered, 0 discovered, 0 enqueued
[2026-06-18T16:37:31.035+0800][48.684s][info][gc,ref      ] GC(456) Weak: 7 encountered, 2 discovered, 0 enqueued
[2026-06-18T16:37:31.035+0800][48.684s][info][gc,ref      ] GC(456) Final: 0 encountered, 0 discovered, 0 enqueued
[2026-06-18T16:37:31.035+0800][48.685s][info][gc,ref      ] GC(456) Phantom: 1 encountered, 1 discovered, 0 enqueued
[2026-06-18T16:37:31.035+0800][48.685s][info][gc,heap     ] GC(456)                Mark Start          Mark End        Relocate Start      Relocate End           High               Low         
[2026-06-18T16:37:31.036+0800][48.685s][info][gc,heap     ] GC(456)  Capacity:      256M (100%)        256M (100%)        256M (100%)        256M (100%)        256M (100%)        256M (100%)   
[2026-06-18T16:37:31.036+0800][48.685s][info][gc,heap     ] GC(456)   Reserve:       62M (24%)          62M (24%)          62M (24%)          62M (24%)          62M (24%)          62M (24%)    
[2026-06-18T16:37:31.036+0800][48.686s][info][gc,heap     ] GC(456)      Free:       80M (31%)          80M (31%)          72M (28%)         144M (56%)         144M (56%)          42M (16%)    
[2026-06-18T16:37:31.036+0800][48.686s][info][gc,heap     ] GC(456)      Used:      114M (45%)         114M (45%)         122M (48%)          50M (20%)         152M (59%)          50M (20%)    
[2026-06-18T16:37:31.037+0800][48.686s][info][gc,heap     ] GC(456)      Live:         -                20M (8%)           20M (8%)           20M (8%)             -                  -          
[2026-06-18T16:37:31.037+0800][48.686s][info][gc,heap     ] GC(456) Allocated:         -                 0M (0%)           38M (15%)          46M (18%)            -                  -          
[2026-06-18T16:37:31.037+0800][48.686s][info][gc,heap     ] GC(456)   Garbage:         -                93M (36%)          63M (25%)    17592186044407M (6         -                  -          
[2026-06-18T16:37:31.037+0800][48.686s][info][gc,heap     ] GC(456) Reclaimed:         -                  -                30M (12%)         102M (40%)            -                  -          
[2026-06-18T16:37:31.037+0800][48.687s][info][gc          ] GC(456) Garbage Collection (Allocation Rate) 114M(45%)->50M(20%)
[2026-06-18T16:37:31.113+0800][48.762s][info][gc,start    ] GC(457) Garbage Collection (Allocation Rate)
[2026-06-18T16:37:31.115+0800][48.764s][info][gc,phases   ] GC(457) Pause Mark Start 0.162ms
[2026-06-18T16:37:31.117+0800][48.766s][info][gc,phases   ] GC(457) Concurrent Mark 1.455ms
[2026-06-18T16:37:31.119+0800][48.768s][info][gc,phases   ] GC(457) Pause Mark End 1.052ms
[2026-06-18T16:37:31.120+0800][48.769s][info][gc,phases   ] GC(457) Concurrent Process Non-Strong References 0.166ms
[2026-06-18T16:37:31.121+0800][48.770s][info][gc,phases   ] GC(457) Concurrent Reset Relocation Set 0.004ms
[2026-06-18T16:37:31.121+0800][48.771s][info][gc,phases   ] GC(457) Concurrent Destroy Detached Pages 0.001ms
[2026-06-18T16:37:31.123+0800][48.772s][info][gc,phases   ] GC(457) Concurrent Select Relocation Set 0.967ms
[2026-06-18T16:37:31.124+0800][48.773s][info][gc,phases   ] GC(457) Concurrent Prepare Relocation Set 0.015ms
[2026-06-18T16:37:31.125+0800][48.774s][info][gc,phases   ] GC(457) Pause Relocate Start 0.185ms
[2026-06-18T16:37:31.126+0800][48.775s][info][gc,phases   ] GC(457) Concurrent Relocate 0.485ms
[2026-06-18T16:37:31.127+0800][48.776s][info][gc,load     ] GC(457) Load: 0.47/0.38/0.25
[2026-06-18T16:37:31.127+0800][48.776s][info][gc,mmu      ] GC(457) MMU: 2ms/39.9%, 5ms/75.7%, 10ms/82.6%, 20ms/90.0%, 50ms/96.0%, 100ms/97.1%
[2026-06-18T16:37:31.127+0800][48.777s][info][gc,marking  ] GC(457) Mark: 2 stripe(s), 2 proactive flush(es), 1 terminate flush(es), 0 completion(s), 0 continuation(s) 
[2026-06-18T16:37:31.128+0800][48.777s][info][gc,reloc    ] GC(457) Relocation: Successful, 19M relocated
[2026-06-18T16:37:31.128+0800][48.777s][info][gc,nmethod  ] GC(457) NMethods: 25 registered, 0 unregistered
[2026-06-18T16:37:31.128+0800][48.778s][info][gc,metaspace] GC(457) Metaspace: 3M used, 4M capacity, 4M committed, 8M reserved
[2026-06-18T16:37:31.129+0800][48.778s][info][gc,ref      ] GC(457) Soft: 43 encountered, 0 discovered, 0 enqueued
[2026-06-18T16:37:31.129+0800][48.778s][info][gc,ref      ] GC(457) Weak: 7 encountered, 2 discovered, 0 enqueued
[2026-06-18T16:37:31.129+0800][48.779s][info][gc,ref      ] GC(457) Final: 0 encountered, 0 discovered, 0 enqueued
[2026-06-18T16:37:31.130+0800][48.779s][info][gc,ref      ] GC(457) Phantom: 1 encountered, 1 discovered, 0 enqueued
[2026-06-18T16:37:31.130+0800][48.779s][info][gc,heap     ] GC(457)                Mark Start          Mark End        Relocate Start      Relocate End           High               Low         
[2026-06-18T16:37:31.130+0800][48.780s][info][gc,heap     ] GC(457)  Capacity:      256M (100%)        256M (100%)        256M (100%)        256M (100%)        256M (100%)        256M (100%)   
[2026-06-18T16:37:31.131+0800][48.780s][info][gc,heap     ] GC(457)   Reserve:       62M (24%)          62M (24%)          62M (24%)          62M (24%)          62M (24%)          62M (24%)    
[2026-06-18T16:37:31.131+0800][48.780s][info][gc,heap     ] GC(457)      Free:      118M (46%)         114M (45%)         136M (53%)         112M (44%)         144M (56%)         108M (42%)    
[2026-06-18T16:37:31.131+0800][48.780s][info][gc,heap     ] GC(457)      Used:       76M (30%)          80M (31%)          58M (23%)          82M (32%)          86M (34%)          50M (20%)    
[2026-06-18T16:37:31.131+0800][48.781s][info][gc,heap     ] GC(457)      Live:         -                19M (8%)           19M (8%)           19M (8%)             -                  -          
[2026-06-18T16:37:31.131+0800][48.781s][info][gc,heap     ] GC(457) Allocated:         -                 4M (2%)            4M (2%)           48M (19%)            -                  -          
[2026-06-18T16:37:31.132+0800][48.781s][info][gc,heap     ] GC(457)   Garbage:         -                56M (22%)          34M (13%)          22M (9%)             -                  -          
[2026-06-18T16:37:31.132+0800][48.781s][info][gc,heap     ] GC(457) Reclaimed:         -                  -                22M (9%)           34M (13%)            -                  -          
[2026-06-18T16:37:31.132+0800][48.781s][info][gc          ] GC(457) Garbage Collection (Allocation Rate) 76M(30%)->82M(32%)
[2026-06-18T16:37:31.213+0800][48.863s][info][gc,start    ] GC(458) Garbage Collection (Allocation Rate)
[2026-06-18T16:37:31.217+0800][48.866s][info][gc,phases   ] GC(458) Pause Mark Start 0.718ms
[2026-06-18T16:37:31.221+0800][48.870s][info][gc,phases   ] GC(458) Concurrent Mark 2.173ms
[2026-06-18T16:37:31.223+0800][48.873s][info][gc,phases   ] GC(458) Pause Mark End 0.822ms
[2026-06-18T16:37:31.224+0800][48.874s][info][gc,phases   ] GC(458) Concurrent Process Non-Strong References 0.140ms
[2026-06-18T16:37:31.225+0800][48.874s][info][gc,phases   ] GC(458) Concurrent Reset Relocation Set 0.003ms
[2026-06-18T16:37:31.226+0800][48.875s][info][gc,phases   ] GC(458) Concurrent Destroy Detached Pages 0.001ms
[2026-06-18T16:37:31.227+0800][48.876s][info][gc,phases   ] GC(458) Concurrent Select Relocation Set 0.548ms
[2026-06-18T16:37:31.228+0800][48.877s][info][gc,phases   ] GC(458) Concurrent Prepare Relocation Set 0.009ms
[2026-06-18T16:37:31.228+0800][48.878s][info][gc,phases   ] GC(458) Pause Relocate Start 0.109ms
[2026-06-18T16:37:31.231+0800][48.880s][info][gc,phases   ] GC(458) Concurrent Relocate 1.537ms
[2026-06-18T16:37:31.231+0800][48.881s][info][gc,load     ] GC(458) Load: 0.47/0.38/0.25
[2026-06-18T16:37:31.232+0800][48.881s][info][gc,mmu      ] GC(458) MMU: 2ms/39.9%, 5ms/75.7%, 10ms/82.6%, 20ms/90.0%, 50ms/96.0%, 100ms/97.1%
[2026-06-18T16:37:31.232+0800][48.882s][info][gc,marking  ] GC(458) Mark: 2 stripe(s), 1 proactive flush(es), 1 terminate flush(es), 0 completion(s), 0 continuation(s) 
[2026-06-18T16:37:31.233+0800][48.882s][info][gc,reloc    ] GC(458) Relocation: Successful, 22M relocated
[2026-06-18T16:37:31.233+0800][48.882s][info][gc,nmethod  ] GC(458) NMethods: 25 registered, 0 unregistered
[2026-06-18T16:37:31.233+0800][48.882s][info][gc,metaspace] GC(458) Metaspace: 3M used, 4M capacity, 4M committed, 8M reserved
[2026-06-18T16:37:31.233+0800][48.883s][info][gc,ref      ] GC(458) Soft: 43 encountered, 0 discovered, 0 enqueued
[2026-06-18T16:37:31.234+0800][48.883s][info][gc,ref      ] GC(458) Weak: 7 encountered, 0 discovered, 0 enqueued
[2026-06-18T16:37:31.234+0800][48.883s][info][gc,ref      ] GC(458) Final: 0 encountered, 0 discovered, 0 enqueued
[2026-06-18T16:37:31.234+0800][48.883s][info][gc,ref      ] GC(458) Phantom: 1 encountered, 0 discovered, 0 enqueued
[2026-06-18T16:37:31.235+0800][48.884s][info][gc,heap     ] GC(458)                Mark Start          Mark End        Relocate Start      Relocate End           High               Low         
[2026-06-18T16:37:31.235+0800][48.884s][info][gc,heap     ] GC(458)  Capacity:      256M (100%)        256M (100%)        256M (100%)        256M (100%)        256M (100%)        256M (100%)   
[2026-06-18T16:37:31.235+0800][48.885s][info][gc,heap     ] GC(458)   Reserve:       62M (24%)          62M (24%)          62M (24%)          62M (24%)          62M (24%)          62M (24%)    
[2026-06-18T16:37:31.235+0800][48.885s][info][gc,heap     ] GC(458)      Free:       82M (32%)          44M (17%)          70M (27%)         146M (57%)         146M (57%)          44M (17%)    
[2026-06-18T16:37:31.236+0800][48.885s][info][gc,heap     ] GC(458)      Used:      112M (44%)         150M (59%)         124M (48%)          48M (19%)         150M (59%)          48M (19%)    
[2026-06-18T16:37:31.236+0800][48.885s][info][gc,heap     ] GC(458)      Live:         -                24M (9%)           24M (9%)           24M (9%)             -                  -          
[2026-06-18T16:37:31.236+0800][48.885s][info][gc,heap     ] GC(458) Allocated:         -                38M (15%)          38M (15%)          44M (17%)            -                  -          
[2026-06-18T16:37:31.236+0800][48.886s][info][gc,heap     ] GC(458)   Garbage:         -                87M (34%)          61M (24%)    17592186044401M (6         -                  -          
[2026-06-18T16:37:31.237+0800][48.886s][info][gc,heap     ] GC(458) Reclaimed:         -                  -                26M (10%)         102M (40%)            -                  -          
[2026-06-18T16:37:31.237+0800][48.886s][info][gc          ] GC(458) Garbage Collection (Allocation Rate) 112M(44%)->48M(19%)
[2026-06-18T16:37:31.314+0800][48.963s][info][gc,start    ] GC(459) Garbage Collection (Allocation Rate)
[2026-06-18T16:37:31.318+0800][48.967s][info][gc,phases   ] GC(459) Pause Mark Start 0.517ms
[2026-06-18T16:37:31.322+0800][48.971s][info][gc,phases   ] GC(459) Concurrent Mark 2.029ms
[2026-06-18T16:37:31.325+0800][48.974s][info][gc,phases   ] GC(459) Pause Mark End 0.798ms
[2026-06-18T16:37:31.326+0800][48.975s][info][gc,phases   ] GC(459) Concurrent Process Non-Strong References 0.242ms
[2026-06-18T16:37:31.327+0800][48.977s][info][gc,phases   ] GC(459) Concurrent Reset Relocation Set 0.004ms
[2026-06-18T16:37:31.328+0800][48.978s][info][gc,phases   ] GC(459) Concurrent Destroy Detached Pages 0.001ms
[2026-06-18T16:37:31.330+0800][48.979s][info][gc,phases   ] GC(459) Concurrent Select Relocation Set 0.834ms
[2026-06-18T16:37:31.331+0800][48.980s][info][gc,phases   ] GC(459) Concurrent Prepare Relocation Set 0.023ms
[2026-06-18T16:37:31.332+0800][48.981s][info][gc,phases   ] GC(459) Pause Relocate Start 0.167ms
[2026-06-18T16:37:31.333+0800][48.982s][info][gc,phases   ] GC(459) Concurrent Relocate 0.496ms
[2026-06-18T16:37:31.334+0800][48.983s][info][gc,load     ] GC(459) Load: 0.47/0.38/0.25
[2026-06-18T16:37:31.334+0800][48.983s][info][gc,mmu      ] GC(459) MMU: 2ms/39.9%, 5ms/75.7%, 10ms/82.6%, 20ms/90.0%, 50ms/96.0%, 100ms/97.1%
[2026-06-18T16:37:31.335+0800][48.984s][info][gc,marking  ] GC(459) Mark: 2 stripe(s), 2 proactive flush(es), 1 terminate flush(es), 0 completion(s), 0 continuation(s) 
[2026-06-18T16:37:31.335+0800][48.984s][info][gc,reloc    ] GC(459) Relocation: Successful, 20M relocated
[2026-06-18T16:37:31.335+0800][48.985s][info][gc,nmethod  ] GC(459) NMethods: 25 registered, 0 unregistered
[2026-06-18T16:37:31.336+0800][48.985s][info][gc,metaspace] GC(459) Metaspace: 3M used, 4M capacity, 4M committed, 8M reserved
[2026-06-18T16:37:31.336+0800][48.985s][info][gc,ref      ] GC(459) Soft: 43 encountered, 0 discovered, 0 enqueued
[2026-06-18T16:37:31.336+0800][48.986s][info][gc,ref      ] GC(459) Weak: 7 encountered, 2 discovered, 0 enqueued
[2026-06-18T16:37:31.337+0800][48.986s][info][gc,ref      ] GC(459) Final: 0 encountered, 0 discovered, 0 enqueued
[2026-06-18T16:37:31.337+0800][48.986s][info][gc,ref      ] GC(459) Phantom: 1 encountered, 1 discovered, 0 enqueued
[2026-06-18T16:37:31.337+0800][48.986s][info][gc,heap     ] GC(459)                Mark Start          Mark End        Relocate Start      Relocate End           High               Low         
[2026-06-18T16:37:31.337+0800][48.987s][info][gc,heap     ] GC(459)  Capacity:      256M (100%)        256M (100%)        256M (100%)        256M (100%)        256M (100%)        256M (100%)   
[2026-06-18T16:37:31.338+0800][48.987s][info][gc,heap     ] GC(459)   Reserve:       62M (24%)          62M (24%)          62M (24%)          62M (24%)          62M (24%)          62M (24%)    
[2026-06-18T16:37:31.338+0800][48.987s][info][gc,heap     ] GC(459)      Free:      110M (43%)         108M (42%)         132M (52%)         146M (57%)         146M (57%)         108M (42%)    
[2026-06-18T16:37:31.338+0800][48.987s][info][gc,heap     ] GC(459)      Used:       84M (33%)          86M (34%)          62M (24%)          48M (19%)          86M (34%)          48M (19%)    
[2026-06-18T16:37:31.338+0800][48.988s][info][gc,heap     ] GC(459)      Live:         -                22M (9%)           22M (9%)           22M (9%)             -                  -          
[2026-06-18T16:37:31.339+0800][48.988s][info][gc,heap     ] GC(459) Allocated:         -                 2M (1%)            6M (2%)           12M (5%)             -                  -          
[2026-06-18T16:37:31.339+0800][48.988s][info][gc,heap     ] GC(459)   Garbage:         -                61M (24%)          33M (13%)          19M (8%)             -                  -          
[2026-06-18T16:37:31.339+0800][48.988s][info][gc,heap     ] GC(459) Reclaimed:         -                  -                28M (11%)          42M (16%)            -                  -          
[2026-06-18T16:37:31.339+0800][48.989s][info][gc          ] GC(459) Garbage Collection (Allocation Rate) 84M(33%)->48M(19%)
[2026-06-18T16:37:31.414+0800][49.063s][info][gc,start    ] GC(460) Garbage Collection (Allocation Rate)
[2026-06-18T16:37:31.417+0800][49.066s][info][gc,phases   ] GC(460) Pause Mark Start 0.580ms
[2026-06-18T16:37:31.424+0800][49.073s][info][gc,phases   ] GC(460) Concurrent Mark 2.325ms
[2026-06-18T16:37:31.430+0800][49.079s][info][gc,phases   ] GC(460) Pause Mark End 0.757ms
[2026-06-18T16:37:31.435+0800][49.084s][info][gc,phases   ] GC(460) Concurrent Process Non-Strong References 0.672ms
[2026-06-18T16:37:31.439+0800][49.089s][info][gc,phases   ] GC(460) Concurrent Reset Relocation Set 0.007ms
[2026-06-18T16:37:31.441+0800][49.090s][info][gc,phases   ] GC(460) Concurrent Destroy Detached Pages 0.002ms
[2026-06-18T16:37:31.443+0800][49.093s][info][gc,phases   ] GC(460) Concurrent Select Relocation Set 1.268ms
[2026-06-18T16:37:31.444+0800][49.094s][info][gc,phases   ] GC(460) Concurrent Prepare Relocation Set 0.015ms
[2026-06-18T16:37:31.446+0800][49.095s][info][gc,phases   ] GC(460) Pause Relocate Start 0.259ms
[2026-06-18T16:37:31.449+0800][49.098s][info][gc,phases   ] GC(460) Concurrent Relocate 1.565ms
[2026-06-18T16:37:31.450+0800][49.099s][info][gc,load     ] GC(460) Load: 0.47/0.38/0.25
[2026-06-18T16:37:31.450+0800][49.100s][info][gc,mmu      ] GC(460) MMU: 2ms/39.9%, 5ms/75.7%, 10ms/82.6%, 20ms/90.0%, 50ms/96.0%, 100ms/97.1%
[2026-06-18T16:37:31.451+0800][49.100s][info][gc,marking  ] GC(460) Mark: 2 stripe(s), 1 proactive flush(es), 1 terminate flush(es), 0 completion(s), 0 continuation(s) 
[2026-06-18T16:37:31.452+0800][49.101s][info][gc,reloc    ] GC(460) Relocation: Successful, 18M relocated
[2026-06-18T16:37:31.452+0800][49.101s][info][gc,nmethod  ] GC(460) NMethods: 25 registered, 0 unregistered
[2026-06-18T16:37:31.452+0800][49.102s][info][gc,metaspace] GC(460) Metaspace: 3M used, 4M capacity, 4M committed, 8M reserved
[2026-06-18T16:37:31.453+0800][49.102s][info][gc,ref      ] GC(460) Soft: 43 encountered, 0 discovered, 0 enqueued
[2026-06-18T16:37:31.454+0800][49.103s][info][gc,ref      ] GC(460) Weak: 7 encountered, 0 discovered, 0 enqueued
[2026-06-18T16:37:31.454+0800][49.103s][info][gc,ref      ] GC(460) Final: 0 encountered, 0 discovered, 0 enqueued
[2026-06-18T16:37:31.454+0800][49.104s][info][gc,ref      ] GC(460) Phantom: 1 encountered, 0 discovered, 0 enqueued
[2026-06-18T16:37:31.455+0800][49.104s][info][gc,heap     ] GC(460)                Mark Start          Mark End        Relocate Start      Relocate End           High               Low         
[2026-06-18T16:37:31.455+0800][49.104s][info][gc,heap     ] GC(460)  Capacity:      256M (100%)        256M (100%)        256M (100%)        256M (100%)        256M (100%)        256M (100%)   
[2026-06-18T16:37:31.455+0800][49.104s][info][gc,heap     ] GC(460)   Reserve:       62M (24%)          62M (24%)          62M (24%)          62M (24%)          62M (24%)          62M (24%)    
[2026-06-18T16:37:31.456+0800][49.105s][info][gc,heap     ] GC(460)      Free:       84M (33%)          48M (19%)          72M (28%)         140M (55%)         140M (55%)          44M (17%)    
[2026-06-18T16:37:31.456+0800][49.105s][info][gc,heap     ] GC(460)      Used:      110M (43%)         146M (57%)         122M (48%)          54M (21%)         150M (59%)          54M (21%)    
[2026-06-18T16:37:31.456+0800][49.105s][info][gc,heap     ] GC(460)      Live:         -                18M (7%)           18M (7%)           18M (7%)             -                  -          
[2026-06-18T16:37:31.456+0800][49.106s][info][gc,heap     ] GC(460) Allocated:         -                36M (14%)          40M (16%)          54M (21%)            -                  -          
[2026-06-18T16:37:31.457+0800][49.106s][info][gc,heap     ] GC(460)   Garbage:         -                91M (36%)          63M (25%)    17592186044407M (6         -                  -          
[2026-06-18T16:37:31.457+0800][49.106s][info][gc,heap     ] GC(460) Reclaimed:         -                  -                28M (11%)         100M (39%)            -                  -          
[2026-06-18T16:37:31.457+0800][49.107s][info][gc          ] GC(460) Garbage Collection (Allocation Rate) 110M(43%)->54M(21%)
[2026-06-18T16:37:31.513+0800][49.162s][info][gc,start    ] GC(461) Garbage Collection (Allocation Rate)
[2026-06-18T16:37:31.517+0800][49.166s][info][gc,phases   ] GC(461) Pause Mark Start 0.447ms
[2026-06-18T16:37:31.520+0800][49.170s][info][gc,phases   ] GC(461) Concurrent Mark 1.977ms
[2026-06-18T16:37:31.523+0800][49.172s][info][gc,phases   ] GC(461) Pause Mark End 0.554ms
[2026-06-18T16:37:31.524+0800][49.173s][info][gc,phases   ] GC(461) Concurrent Process Non-Strong References 0.235ms
[2026-06-18T16:37:31.525+0800][49.174s][info][gc,phases   ] GC(461) Concurrent Reset Relocation Set 0.003ms
[2026-06-18T16:37:31.526+0800][49.175s][info][gc,phases   ] GC(461) Concurrent Destroy Detached Pages 0.001ms
[2026-06-18T16:37:31.527+0800][49.177s][info][gc,phases   ] GC(461) Concurrent Select Relocation Set 0.750ms
[2026-06-18T16:37:31.528+0800][49.177s][info][gc,phases   ] GC(461) Concurrent Prepare Relocation Set 0.002ms
[2026-06-18T16:37:31.529+0800][49.178s][info][gc,phases   ] GC(461) Pause Relocate Start 0.200ms
[2026-06-18T16:37:31.530+0800][49.179s][info][gc,phases   ] GC(461) Concurrent Relocate 0.219ms
[2026-06-18T16:37:31.531+0800][49.181s][info][gc,load     ] GC(461) Load: 0.47/0.38/0.25
[2026-06-18T16:37:31.533+0800][49.182s][info][gc,mmu      ] GC(461) MMU: 2ms/39.9%, 5ms/75.7%, 10ms/82.6%, 20ms/90.0%, 50ms/96.0%, 100ms/97.1%
[2026-06-18T16:37:31.534+0800][49.183s][info][gc,marking  ] GC(461) Mark: 2 stripe(s), 1 proactive flush(es), 1 terminate flush(es), 0 completion(s), 0 continuation(s) 
[2026-06-18T16:37:31.534+0800][49.184s][info][gc,reloc    ] GC(461) Relocation: Successful, 20M relocated
[2026-06-18T16:37:31.535+0800][49.184s][info][gc,nmethod  ] GC(461) NMethods: 25 registered, 0 unregistered
[2026-06-18T16:37:31.535+0800][49.185s][info][gc,metaspace] GC(461) Metaspace: 3M used, 4M capacity, 4M committed, 8M reserved
[2026-06-18T16:37:31.536+0800][49.185s][info][gc,ref      ] GC(461) Soft: 43 encountered, 0 discovered, 0 enqueued
[2026-06-18T16:37:31.536+0800][49.185s][info][gc,ref      ] GC(461) Weak: 7 encountered, 2 discovered, 0 enqueued
[2026-06-18T16:37:31.537+0800][49.186s][info][gc,ref      ] GC(461) Final: 0 encountered, 0 discovered, 0 enqueued
[2026-06-18T16:37:31.537+0800][49.186s][info][gc,ref      ] GC(461) Phantom: 1 encountered, 1 discovered, 0 enqueued
[2026-06-18T16:37:31.537+0800][49.187s][info][gc,heap     ] GC(461)                Mark Start          Mark End        Relocate Start      Relocate End           High               Low         
[2026-06-18T16:37:31.538+0800][49.187s][info][gc,heap     ] GC(461)  Capacity:      256M (100%)        256M (100%)        256M (100%)        256M (100%)        256M (100%)        256M (100%)   
[2026-06-18T16:37:31.538+0800][49.187s][info][gc,heap     ] GC(461)   Reserve:       62M (24%)          62M (24%)          62M (24%)          62M (24%)          62M (24%)          62M (24%)    
[2026-06-18T16:37:31.539+0800][49.188s][info][gc,heap     ] GC(461)      Free:      118M (46%)         114M (45%)         140M (55%)         146M (57%)         146M (57%)         114M (45%)    
[2026-06-18T16:37:31.539+0800][49.188s][info][gc,heap     ] GC(461)      Used:       76M (30%)          80M (31%)          54M (21%)          48M (19%)          80M (31%)          48M (19%)    
[2026-06-18T16:37:31.539+0800][49.189s][info][gc,heap     ] GC(461)      Live:         -                26M (10%)          26M (10%)          26M (10%)            -                  -          
[2026-06-18T16:37:31.539+0800][49.189s][info][gc,heap     ] GC(461) Allocated:         -                 4M (2%)            4M (2%)           10M (4%)             -                  -          
