[2026-06-17T10:04:18.115+0800][0.017s][info][gc,init] CardTable entry size: 512
[2026-06-17T10:04:18.115+0800][0.018s][info][gc     ] Using Serial
[2026-06-17T10:04:18.116+0800][0.018s][info][gc,init] Version: 25.0.3+9-LTS (release)
[2026-06-17T10:04:18.116+0800][0.018s][info][gc,init] CPUs: 24 total, 24 available
[2026-06-17T10:04:18.116+0800][0.019s][info][gc,init] Memory: 15856M
[2026-06-17T10:04:18.117+0800][0.019s][info][gc,init] Large Page Support: Disabled
[2026-06-17T10:04:18.117+0800][0.019s][info][gc,init] NUMA Support: Disabled
[2026-06-17T10:04:18.117+0800][0.019s][info][gc,init] Compressed Oops: Enabled (32-bit)
[2026-06-17T10:04:18.117+0800][0.019s][info][gc,init] Heap Min Capacity: 64M
[2026-06-17T10:04:18.117+0800][0.019s][info][gc,init] Heap Initial Capacity: 64M
[2026-06-17T10:04:18.117+0800][0.020s][info][gc,init] Heap Max Capacity: 64M
[2026-06-17T10:04:18.118+0800][0.020s][info][gc,init] Pre-touch: Disabled
[2026-06-17T10:04:18.121+0800][0.023s][info][gc,metaspace] CDS archive(s) mapped at: [0x000000001d000000-0x000000001dc95000-0x000000001dc95000), size 13193216, SharedBaseAddress: 0x000000001d000000, ArchiveRelocationMode: 1.
[2026-06-17T10:04:18.121+0800][0.023s][info][gc,metaspace] Compressed class space mapped at: 0x000000001e000000-0x000000005e000000, reserved size: 1073741824
[2026-06-17T10:04:18.121+0800][0.023s][info][gc,metaspace] UseCompressedClassPointers 1, UseCompactObjectHeaders 0
[2026-06-17T10:04:18.121+0800][0.024s][info][gc,metaspace] Narrow klass pointer bits 32, Max shift 3
[2026-06-17T10:04:18.122+0800][0.024s][info][gc,metaspace] Narrow klass base: 0x000000001d000000, Narrow klass shift: 0
[2026-06-17T10:04:18.122+0800][0.024s][info][gc,metaspace] Encoding Range: [0x000000001d000000 - 0x000000011d000000), (4294967296 bytes)
[2026-06-17T10:04:18.122+0800][0.024s][info][gc,metaspace] Klass Range:    [0x000000001d001000 - 0x000000005e000000), (1090514944 bytes)
[2026-06-17T10:04:18.122+0800][0.024s][info][gc,metaspace] Klass ID Range:  [4096 - 1090519033) (1090514937)
[2026-06-17T10:04:18.122+0800][0.024s][info][gc,metaspace] Protection zone: [0x000000001d000000 - 0x000000001d001000), (4096 bytes)
[2026-06-17T10:04:18.180+0800][0.083s][info][gc,start    ] GC(0) Pause Young (Allocation Failure)
[2026-06-17T10:04:18.185+0800][0.087s][info][gc,heap     ] GC(0) DefNew: 17472K(19648K)->2159K(19648K) Eden: 17472K(17472K)->0K(17472K) From: 0K(2176K)->2159K(2176K)
[2026-06-17T10:04:18.185+0800][0.088s][info][gc,heap     ] GC(0) Tenured: 1088K(43712K)->2368K(43712K)
[2026-06-17T10:04:18.186+0800][0.088s][info][gc,metaspace] GC(0) Metaspace: 104K(320K)->104K(320K) NonClass: 97K(192K)->97K(192K) Class: 7K(128K)->7K(128K)
[2026-06-17T10:04:18.187+0800][0.089s][info][gc          ] GC(0) Pause Young (Allocation Failure) 18M->4M(61M) 6.207ms
[2026-06-17T10:04:18.187+0800][0.089s][info][gc,cpu      ] GC(0) User=0.00s Sys=0.00s Real=0.01s
[2026-06-17T10:04:18.230+0800][0.132s][info][gc,start    ] GC(1) Pause Young (Allocation Failure)
[2026-06-17T10:04:18.239+0800][0.141s][info][gc,heap     ] GC(1) DefNew: 19615K(19648K)->2175K(19648K) Eden: 17456K(17472K)->0K(17472K) From: 2159K(2176K)->2175K(2176K)
[2026-06-17T10:04:18.240+0800][0.142s][info][gc,heap     ] GC(1) Tenured: 2368K(43712K)->9137K(43712K)
[2026-06-17T10:04:18.240+0800][0.142s][info][gc,metaspace] GC(1) Metaspace: 104K(320K)->104K(320K) NonClass: 97K(192K)->97K(192K) Class: 7K(128K)->7K(128K)
[2026-06-17T10:04:18.241+0800][0.143s][info][gc          ] GC(1) Pause Young (Allocation Failure) 21M->11M(61M) 10.313ms
[2026-06-17T10:04:18.241+0800][0.143s][info][gc,cpu      ] GC(1) User=0.01s Sys=0.01s Real=0.01s
[2026-06-17T10:04:18.295+0800][0.198s][info][gc,start    ] GC(2) Pause Young (Allocation Failure)
[2026-06-17T10:04:18.297+0800][0.199s][info][gc,heap     ] GC(2) DefNew: 19629K(19648K)->2083K(19648K) Eden: 17454K(17472K)->0K(17472K) From: 2175K(2176K)->2083K(2176K)
[2026-06-17T10:04:18.298+0800][0.200s][info][gc,heap     ] GC(2) Tenured: 9137K(43712K)->9574K(43712K)
[2026-06-17T10:04:18.298+0800][0.201s][info][gc,metaspace] GC(2) Metaspace: 104K(320K)->104K(320K) NonClass: 97K(192K)->97K(192K) Class: 7K(128K)->7K(128K)
[2026-06-17T10:04:18.299+0800][0.201s][info][gc          ] GC(2) Pause Young (Allocation Failure) 28M->11M(61M) 3.881ms
[2026-06-17T10:04:18.300+0800][0.202s][info][gc,cpu      ] GC(2) User=0.00s Sys=0.00s Real=0.00s
[2026-06-17T10:04:18.343+0800][0.246s][info][gc,start    ] GC(3) Pause Young (Allocation Failure)
[2026-06-17T10:04:18.345+0800][0.247s][info][gc,heap     ] GC(3) DefNew: 19529K(19648K)->2118K(19648K) Eden: 17446K(17472K)->0K(17472K) From: 2083K(2176K)->2118K(2176K)
[2026-06-17T10:04:18.346+0800][0.248s][info][gc,heap     ] GC(3) Tenured: 9574K(43712K)->13004K(43712K)
[2026-06-17T10:04:18.346+0800][0.248s][info][gc,metaspace] GC(3) Metaspace: 104K(320K)->104K(320K) NonClass: 97K(192K)->97K(192K) Class: 7K(128K)->7K(128K)
[2026-06-17T10:04:18.346+0800][0.248s][info][gc          ] GC(3) Pause Young (Allocation Failure) 28M->14M(61M) 2.675ms
[2026-06-17T10:04:18.346+0800][0.248s][info][gc,cpu      ] GC(3) User=0.00s Sys=0.00s Real=0.00s
[2026-06-17T10:04:18.389+0800][0.291s][info][gc,start    ] GC(4) Pause Young (Allocation Failure)
[2026-06-17T10:04:18.393+0800][0.296s][info][gc,heap     ] GC(4) DefNew: 19590K(19648K)->2169K(19648K) Eden: 17472K(17472K)->0K(17472K) From: 2118K(2176K)->2169K(2176K)
[2026-06-17T10:04:18.394+0800][0.296s][info][gc,heap     ] GC(4) Tenured: 13004K(43712K)->16954K(43712K)
[2026-06-17T10:04:18.395+0800][0.297s][info][gc,metaspace] GC(4) Metaspace: 104K(320K)->104K(320K) NonClass: 97K(192K)->97K(192K) Class: 7K(128K)->7K(128K)
[2026-06-17T10:04:18.395+0800][0.297s][info][gc          ] GC(4) Pause Young (Allocation Failure) 31M->18M(61M) 6.322ms
[2026-06-17T10:04:18.395+0800][0.298s][info][gc,cpu      ] GC(4) User=0.00s Sys=0.00s Real=0.01s
[2026-06-17T10:04:18.439+0800][0.342s][info][gc,start    ] GC(5) Pause Young (Allocation Failure)
[2026-06-17T10:04:18.445+0800][0.347s][info][gc,heap     ] GC(5) DefNew: 19641K(19648K)->2168K(19648K) Eden: 17472K(17472K)->0K(17472K) From: 2169K(2176K)->2168K(2176K)
[2026-06-17T10:04:18.446+0800][0.348s][info][gc,heap     ] GC(5) Tenured: 16954K(43712K)->20639K(43712K)
[2026-06-17T10:04:18.446+0800][0.348s][info][gc,metaspace] GC(5) Metaspace: 104K(320K)->104K(320K) NonClass: 97K(192K)->97K(192K) Class: 7K(128K)->7K(128K)
[2026-06-17T10:04:18.447+0800][0.349s][info][gc          ] GC(5) Pause Young (Allocation Failure) 35M->22M(61M) 7.585ms
[2026-06-17T10:04:18.448+0800][0.350s][info][gc,cpu      ] GC(5) User=0.00s Sys=0.01s Real=0.01s
[2026-06-17T10:04:18.492+0800][0.395s][info][gc,start    ] GC(6) Pause Young (Allocation Failure)
[2026-06-17T10:04:18.498+0800][0.401s][info][gc,heap     ] GC(6) DefNew: 19639K(19648K)->2170K(19648K) Eden: 17471K(17472K)->0K(17472K) From: 2168K(2176K)->2170K(2176K)
[2026-06-17T10:04:18.499+0800][0.401s][info][gc,heap     ] GC(6) Tenured: 20639K(43712K)->24455K(43712K)
[2026-06-17T10:04:18.500+0800][0.402s][info][gc,metaspace] GC(6) Metaspace: 104K(320K)->104K(320K) NonClass: 97K(192K)->97K(192K) Class: 7K(128K)->7K(128K)
[2026-06-17T10:04:18.500+0800][0.402s][info][gc          ] GC(6) Pause Young (Allocation Failure) 39M->26M(61M) 7.813ms
[2026-06-17T10:04:18.501+0800][0.403s][info][gc,cpu      ] GC(6) User=0.00s Sys=0.00s Real=0.00s
[2026-06-17T10:04:18.555+0800][0.457s][info][gc,start    ] GC(7) Pause Young (Allocation Failure)
[2026-06-17T10:04:18.557+0800][0.459s][info][gc,heap     ] GC(7) DefNew: 19640K(19648K)->2069K(19648K) Eden: 17470K(17472K)->0K(17472K) From: 2170K(2176K)->2069K(2176K)
[2026-06-17T10:04:18.558+0800][0.460s][info][gc,heap     ] GC(7) Tenured: 24455K(43712K)->24985K(43712K)
[2026-06-17T10:04:18.559+0800][0.461s][info][gc,metaspace] GC(7) Metaspace: 105K(320K)->105K(320K) NonClass: 98K(192K)->98K(192K) Class: 7K(128K)->7K(128K)
[2026-06-17T10:04:18.559+0800][0.461s][info][gc          ] GC(7) Pause Young (Allocation Failure) 43M->26M(61M) 3.942ms
[2026-06-17T10:04:18.560+0800][0.462s][info][gc,cpu      ] GC(7) User=0.00s Sys=0.00s Real=0.00s
[2026-06-17T10:04:18.594+0800][0.497s][info][gc,start    ] GC(8) Pause Young (Allocation Failure)
[2026-06-17T10:04:18.599+0800][0.502s][info][gc,heap     ] GC(8) DefNew: 19476K(19648K)->2167K(19648K) Eden: 17406K(17472K)->0K(17472K) From: 2069K(2176K)->2167K(2176K)
[2026-06-17T10:04:18.600+0800][0.502s][info][gc,heap     ] GC(8) Tenured: 24985K(43712K)->28469K(43712K)
[2026-06-17T10:04:18.601+0800][0.504s][info][gc,metaspace] GC(8) Metaspace: 105K(320K)->105K(320K) NonClass: 98K(192K)->98K(192K) Class: 7K(128K)->7K(128K)
[2026-06-17T10:04:18.602+0800][0.504s][info][gc          ] GC(8) Pause Young (Allocation Failure) 43M->29M(61M) 7.680ms
[2026-06-17T10:04:18.603+0800][0.505s][info][gc,cpu      ] GC(8) User=0.00s Sys=0.01s Real=0.01s
[2026-06-17T10:04:18.658+0800][0.560s][info][gc,start    ] GC(9) Pause Young (Allocation Failure)
[2026-06-17T10:04:18.663+0800][0.565s][info][gc,heap     ] GC(9) DefNew: 19594K(19648K)->2121K(19648K) Eden: 17427K(17472K)->0K(17472K) From: 2167K(2176K)->2121K(2176K)
[2026-06-17T10:04:18.664+0800][0.566s][info][gc,heap     ] GC(9) Tenured: 28469K(43712K)->32455K(43712K)
[2026-06-17T10:04:18.664+0800][0.566s][info][gc,metaspace] GC(9) Metaspace: 105K(320K)->105K(320K) NonClass: 98K(192K)->98K(192K) Class: 7K(128K)->7K(128K)
[2026-06-17T10:04:18.665+0800][0.567s][info][gc          ] GC(9) Pause Young (Allocation Failure) 46M->33M(61M) 7.158ms
[2026-06-17T10:04:18.665+0800][0.568s][info][gc,cpu      ] GC(9) User=0.00s Sys=0.00s Real=0.01s
[2026-06-17T10:04:18.710+0800][0.612s][info][gc,start    ] GC(10) Pause Young (Allocation Failure)
[2026-06-17T10:04:18.715+0800][0.617s][info][gc,heap     ] GC(10) DefNew: 19583K(19648K)->2144K(19648K) Eden: 17462K(17472K)->0K(17472K) From: 2121K(2176K)->2144K(2176K)
[2026-06-17T10:04:18.715+0800][0.618s][info][gc,heap     ] GC(10) Tenured: 32455K(43712K)->35687K(43712K)
[2026-06-17T10:04:18.716+0800][0.618s][info][gc,metaspace] GC(10) Metaspace: 105K(320K)->105K(320K) NonClass: 98K(192K)->98K(192K) Class: 7K(128K)->7K(128K)
[2026-06-17T10:04:18.716+0800][0.619s][info][gc          ] GC(10) Pause Young (Allocation Failure) 50M->36M(61M) 6.291ms
[2026-06-17T10:04:18.717+0800][0.619s][info][gc,cpu      ] GC(10) User=0.00s Sys=0.00s Real=0.01s
[2026-06-17T10:04:18.762+0800][0.664s][info][gc,start    ] GC(11) Pause Young (Allocation Failure)
[2026-06-17T10:04:18.768+0800][0.670s][info][gc,heap     ] GC(11) DefNew: 19556K(19648K)->2134K(19648K) Eden: 17412K(17472K)->0K(17472K) From: 2144K(2176K)->2134K(2176K)
[2026-06-17T10:04:18.768+0800][0.671s][info][gc,heap     ] GC(11) Tenured: 35687K(43712K)->39404K(43712K)
[2026-06-17T10:04:18.769+0800][0.671s][info][gc,metaspace] GC(11) Metaspace: 105K(320K)->105K(320K) NonClass: 98K(192K)->98K(192K) Class: 7K(128K)->7K(128K)
[2026-06-17T10:04:18.770+0800][0.672s][info][gc          ] GC(11) Pause Young (Allocation Failure) 53M->40M(61M) 8.012ms
[2026-06-17T10:04:18.770+0800][0.672s][info][gc,cpu      ] GC(11) User=0.00s Sys=0.01s Real=0.01s
[2026-06-17T10:04:18.815+0800][0.717s][info][gc,start    ] GC(12) Pause Full (Allocation Failure)
[2026-06-17T10:04:18.816+0800][0.718s][info][gc,phases,start] GC(12) Phase 1: Mark live objects
[2026-06-17T10:04:18.818+0800][0.720s][info][gc,phases      ] GC(12) Phase 1: Mark live objects 2.449ms
[2026-06-17T10:04:18.820+0800][0.722s][info][gc,phases,start] GC(12) Phase 2: Compute new object addresses
[2026-06-17T10:04:18.821+0800][0.723s][info][gc,phases      ] GC(12) Phase 2: Compute new object addresses 1.413ms
[2026-06-17T10:04:18.822+0800][0.724s][info][gc,phases,start] GC(12) Phase 3: Adjust pointers
[2026-06-17T10:04:18.823+0800][0.725s][info][gc,phases      ] GC(12) Phase 3: Adjust pointers 1.374ms
[2026-06-17T10:04:18.824+0800][0.726s][info][gc,phases,start] GC(12) Phase 4: Move objects
[2026-06-17T10:04:18.827+0800][0.730s][info][gc,phases      ] GC(12) Phase 4: Move objects 3.740ms
[2026-06-17T10:04:18.828+0800][0.730s][info][gc,heap        ] GC(12) DefNew: 19592K(19648K)->0K(19648K) Eden: 17458K(17472K)->0K(17472K) From: 2134K(2176K)->0K(2176K)
[2026-06-17T10:04:18.829+0800][0.731s][info][gc,heap        ] GC(12) Tenured: 39404K(43712K)->26116K(43712K)
[2026-06-17T10:04:18.829+0800][0.731s][info][gc,metaspace   ] GC(12) Metaspace: 105K(320K)->105K(320K) NonClass: 98K(192K)->98K(192K) Class: 7K(128K)->7K(128K)
[2026-06-17T10:04:18.830+0800][0.732s][info][gc             ] GC(12) Pause Full (Allocation Failure) 57M->25M(61M) 14.939ms
[2026-06-17T10:04:18.830+0800][0.732s][info][gc,cpu         ] GC(12) User=0.01s Sys=0.00s Real=0.01s
[2026-06-17T10:04:18.874+0800][0.776s][info][gc,start       ] GC(13) Pause Young (Allocation Failure)
[2026-06-17T10:04:18.877+0800][0.779s][info][gc,heap        ] GC(13) DefNew: 17436K(19648K)->2171K(19648K) Eden: 17436K(17472K)->0K(17472K) From: 0K(2176K)->2171K(2176K)
[2026-06-17T10:04:18.877+0800][0.779s][info][gc,heap        ] GC(13) Tenured: 26116K(43712K)->30657K(43712K)
[2026-06-17T10:04:18.877+0800][0.780s][info][gc,metaspace   ] GC(13) Metaspace: 105K(320K)->105K(320K) NonClass: 98K(192K)->98K(192K) Class: 7K(128K)->7K(128K)
[2026-06-17T10:04:18.878+0800][0.780s][info][gc             ] GC(13) Pause Young (Allocation Failure) 42M->32M(61M) 3.690ms
[2026-06-17T10:04:18.878+0800][0.780s][info][gc,cpu         ] GC(13) User=0.00s Sys=0.00s Real=0.00s
[2026-06-17T10:04:18.923+0800][0.825s][info][gc,start       ] GC(14) Pause Young (Allocation Failure)
[2026-06-17T10:04:18.925+0800][0.827s][info][gc,heap        ] GC(14) DefNew: 19585K(19648K)->2173K(19648K) Eden: 17414K(17472K)->0K(17472K) From: 2171K(2176K)->2173K(2176K)
[2026-06-17T10:04:18.926+0800][0.828s][info][gc,heap        ] GC(14) Tenured: 30657K(43712K)->35806K(43712K)
[2026-06-17T10:04:18.926+0800][0.828s][info][gc,metaspace   ] GC(14) Metaspace: 105K(320K)->105K(320K) NonClass: 98K(192K)->98K(192K) Class: 7K(128K)->7K(128K)
[2026-06-17T10:04:18.927+0800][0.829s][info][gc             ] GC(14) Pause Young (Allocation Failure) 49M->37M(61M) 4.035ms
[2026-06-17T10:04:18.927+0800][0.829s][info][gc,cpu         ] GC(14) User=0.00s Sys=0.01s Real=0.00s
[2026-06-17T10:04:18.983+0800][0.885s][info][gc,start       ] GC(15) Pause Young (Allocation Failure)
[2026-06-17T10:04:18.985+0800][0.887s][info][gc,heap        ] GC(15) DefNew: 19645K(19648K)->1928K(19648K) Eden: 17472K(17472K)->0K(17472K) From: 2173K(2176K)->1928K(2176K)
[2026-06-17T10:04:18.985+0800][0.887s][info][gc,heap        ] GC(15) Tenured: 35806K(43712K)->36714K(43712K)
[2026-06-17T10:04:18.986+0800][0.888s][info][gc,metaspace   ] GC(15) Metaspace: 105K(320K)->105K(320K) NonClass: 98K(192K)->98K(192K) Class: 7K(128K)->7K(128K)
[2026-06-17T10:04:18.987+0800][0.889s][info][gc             ] GC(15) Pause Young (Allocation Failure) 54M->37M(61M) 3.767ms
[2026-06-17T10:04:18.987+0800][0.890s][info][gc,cpu         ] GC(15) User=0.00s Sys=0.00s Real=0.00s
[2026-06-17T10:04:19.022+0800][0.924s][info][gc,start       ] GC(16) Pause Young (Allocation Failure)
[2026-06-17T10:04:19.025+0800][0.927s][info][gc,heap        ] GC(16) DefNew: 19249K(19648K)->2160K(19648K) Eden: 17320K(17472K)->0K(17472K) From: 1928K(2176K)->2160K(2176K)
[2026-06-17T10:04:19.026+0800][0.928s][info][gc,heap        ] GC(16) Tenured: 36714K(43712K)->39629K(43712K)
[2026-06-17T10:04:19.026+0800][0.928s][info][gc,metaspace   ] GC(16) Metaspace: 105K(320K)->105K(320K) NonClass: 98K(192K)->98K(192K) Class: 7K(128K)->7K(128K)
[2026-06-17T10:04:19.027+0800][0.929s][info][gc             ] GC(16) Pause Young (Allocation Failure) 54M->40M(61M) 4.864ms
[2026-06-17T10:04:19.028+0800][0.930s][info][gc,cpu         ] GC(16) User=0.00s Sys=0.00s Real=0.01s
[2026-06-17T10:04:19.081+0800][0.983s][info][gc,start       ] GC(17) Pause Full (Allocation Failure)
[2026-06-17T10:04:19.082+0800][0.984s][info][gc,phases,start] GC(17) Phase 1: Mark live objects
[2026-06-17T10:04:19.084+0800][0.986s][info][gc,phases      ] GC(17) Phase 1: Mark live objects 1.996ms
[2026-06-17T10:04:19.084+0800][0.987s][info][gc,phases,start] GC(17) Phase 2: Compute new object addresses
[2026-06-17T10:04:19.086+0800][0.988s][info][gc,phases      ] GC(17) Phase 2: Compute new object addresses 1.146ms
[2026-06-17T10:04:19.086+0800][0.988s][info][gc,phases,start] GC(17) Phase 3: Adjust pointers
[2026-06-17T10:04:19.087+0800][0.989s][info][gc,phases      ] GC(17) Phase 3: Adjust pointers 1.186ms
[2026-06-17T10:04:19.088+0800][0.990s][info][gc,phases,start] GC(17) Phase 4: Move objects
[2026-06-17T10:04:19.091+0800][0.993s][info][gc,phases      ] GC(17) Phase 4: Move objects 3.037ms
[2026-06-17T10:04:19.091+0800][0.994s][info][gc,heap        ] GC(17) DefNew: 19627K(19648K)->0K(19648K) Eden: 17467K(17472K)->0K(17472K) From: 2160K(2176K)->0K(2176K)
[2026-06-17T10:04:19.092+0800][0.994s][info][gc,heap        ] GC(17) Tenured: 39629K(43712K)->29487K(43712K)
[2026-06-17T10:04:19.092+0800][0.994s][info][gc,metaspace   ] GC(17) Metaspace: 105K(320K)->105K(320K) NonClass: 98K(192K)->98K(192K) Class: 7K(128K)->7K(128K)
[2026-06-17T10:04:19.092+0800][0.995s][info][gc             ] GC(17) Pause Full (Allocation Failure) 57M->28M(61M) 11.433ms
[2026-06-17T10:04:19.093+0800][0.995s][info][gc,cpu         ] GC(17) User=0.01s Sys=0.00s Real=0.02s
[2026-06-17T10:04:19.136+0800][1.038s][info][gc,start       ] GC(18) Pause Young (Allocation Failure)
[2026-06-17T10:04:19.139+0800][1.041s][info][gc,heap        ] GC(18) DefNew: 17440K(19648K)->2173K(19648K) Eden: 17440K(17472K)->0K(17472K) From: 0K(2176K)->2173K(2176K)
[2026-06-17T10:04:19.140+0800][1.042s][info][gc,heap        ] GC(18) Tenured: 29487K(43712K)->34139K(43712K)
[2026-06-17T10:04:19.140+0800][1.042s][info][gc,metaspace   ] GC(18) Metaspace: 105K(320K)->105K(320K) NonClass: 98K(192K)->98K(192K) Class: 7K(128K)->7K(128K)
[2026-06-17T10:04:19.141+0800][1.043s][info][gc             ] GC(18) Pause Young (Allocation Failure) 45M->35M(61M) 4.691ms
[2026-06-17T10:04:19.141+0800][1.044s][info][gc,cpu         ] GC(18) User=0.00s Sys=0.00s Real=0.00s
[2026-06-17T10:04:19.185+0800][1.088s][info][gc,start       ] GC(19) Pause Young (Allocation Failure)
[2026-06-17T10:04:19.195+0800][1.097s][info][gc,heap        ] GC(19) DefNew: 19635K(19648K)->2142K(19648K) Eden: 17461K(17472K)->0K(17472K) From: 2173K(2176K)->2142K(2176K)
[2026-06-17T10:04:19.196+0800][1.098s][info][gc,heap        ] GC(19) Tenured: 34139K(43712K)->39289K(43712K)
[2026-06-17T10:04:19.199+0800][1.101s][info][gc,metaspace   ] GC(19) Metaspace: 105K(320K)->105K(320K) NonClass: 98K(192K)->98K(192K) Class: 7K(128K)->7K(128K)
[2026-06-17T10:04:19.203+0800][1.105s][info][gc             ] GC(19) Pause Young (Allocation Failure) 52M->40M(61M) 17.433ms
[2026-06-17T10:04:19.204+0800][1.106s][info][gc,cpu         ] GC(19) User=0.01s Sys=0.00s Real=0.02s
[2026-06-17T10:04:19.252+0800][1.154s][info][gc,start       ] GC(20) Pause Full (Allocation Failure)
[2026-06-17T10:04:19.253+0800][1.155s][info][gc,phases,start] GC(20) Phase 1: Mark live objects
[2026-06-17T10:04:19.256+0800][1.158s][info][gc,phases      ] GC(20) Phase 1: Mark live objects 2.594ms
[2026-06-17T10:04:19.269+0800][1.171s][info][gc,phases,start] GC(20) Phase 2: Compute new object addresses
[2026-06-17T10:04:19.270+0800][1.172s][info][gc,phases      ] GC(20) Phase 2: Compute new object addresses 1.635ms
[2026-06-17T10:04:19.284+0800][1.187s][info][gc,phases,start] GC(20) Phase 3: Adjust pointers
[2026-06-17T10:04:19.287+0800][1.189s][info][gc,phases      ] GC(20) Phase 3: Adjust pointers 2.079ms
[2026-06-17T10:04:19.291+0800][1.193s][info][gc,phases,start] GC(20) Phase 4: Move objects
[2026-06-17T10:04:19.294+0800][1.196s][info][gc,phases      ] GC(20) Phase 4: Move objects 3.007ms
[2026-06-17T10:04:19.306+0800][1.208s][info][gc,heap        ] GC(20) DefNew: 19567K(19648K)->0K(19648K) Eden: 17425K(17472K)->0K(17472K) From: 2142K(2176K)->0K(2176K)
[2026-06-17T10:04:19.307+0800][1.209s][info][gc,heap        ] GC(20) Tenured: 39289K(43712K)->29823K(43712K)
[2026-06-17T10:04:19.307+0800][1.210s][info][gc,metaspace   ] GC(20) Metaspace: 105K(320K)->105K(320K) NonClass: 98K(192K)->98K(192K) Class: 7K(128K)->7K(128K)
[2026-06-17T10:04:19.308+0800][1.210s][info][gc             ] GC(20) Pause Full (Allocation Failure) 57M->29M(61M) 55.635ms
[2026-06-17T10:04:19.313+0800][1.215s][info][gc,cpu         ] GC(20) User=0.00s Sys=0.00s Real=0.06s
[2026-06-17T10:04:19.357+0800][1.259s][info][gc,start       ] GC(21) Pause Young (Allocation Failure)
[2026-06-17T10:04:19.360+0800][1.262s][info][gc,heap        ] GC(21) DefNew: 17324K(19648K)->2131K(19648K) Eden: 17324K(17472K)->0K(17472K) From: 0K(2176K)->2131K(2176K)
[2026-06-17T10:04:19.368+0800][1.270s][info][gc,heap        ] GC(21) Tenured: 29823K(43712K)->31255K(43712K)
[2026-06-17T10:04:19.375+0800][1.277s][info][gc,metaspace   ] GC(21) Metaspace: 105K(320K)->105K(320K) NonClass: 98K(192K)->98K(192K) Class: 7K(128K)->7K(128K)
[2026-06-17T10:04:19.379+0800][1.281s][info][gc             ] GC(21) Pause Young (Allocation Failure) 46M->32M(61M) 21.663ms
[2026-06-17T10:04:19.389+0800][1.291s][info][gc,cpu         ] GC(21) User=0.00s Sys=0.00s Real=0.03s
[2026-06-17T10:04:19.433+0800][1.336s][info][gc,start       ] GC(22) Pause Young (Allocation Failure)
[2026-06-17T10:04:19.435+0800][1.337s][info][gc,heap        ] GC(22) DefNew: 19579K(19648K)->2175K(19648K) Eden: 17447K(17472K)->0K(17472K) From: 2131K(2176K)->2175K(2176K)
[2026-06-17T10:04:19.438+0800][1.340s][info][gc,heap        ] GC(22) Tenured: 31255K(43712K)->37983K(43712K)
[2026-06-17T10:04:19.438+0800][1.341s][info][gc,metaspace   ] GC(22) Metaspace: 105K(320K)->105K(320K) NonClass: 98K(192K)->98K(192K) Class: 7K(128K)->7K(128K)
[2026-06-17T10:04:19.439+0800][1.341s][info][gc             ] GC(22) Pause Young (Allocation Failure) 49M->39M(61M) 5.341ms
[2026-06-17T10:04:19.440+0800][1.342s][info][gc,cpu         ] GC(22) User=0.00s Sys=0.00s Real=0.00s
[2026-06-17T10:04:19.495+0800][1.397s][info][gc,start       ] GC(23) Pause Full (Allocation Failure)
[2026-06-17T10:04:19.496+0800][1.398s][info][gc,phases,start] GC(23) Phase 1: Mark live objects
[2026-06-17T10:04:19.499+0800][1.401s][info][gc,phases      ] GC(23) Phase 1: Mark live objects 2.764ms
[2026-06-17T10:04:19.499+0800][1.402s][info][gc,phases,start] GC(23) Phase 2: Compute new object addresses
[2026-06-17T10:04:19.501+0800][1.403s][info][gc,phases      ] GC(23) Phase 2: Compute new object addresses 1.386ms
[2026-06-17T10:04:19.501+0800][1.404s][info][gc,phases,start] GC(23) Phase 3: Adjust pointers
[2026-06-17T10:04:19.503+0800][1.405s][info][gc,phases      ] GC(23) Phase 3: Adjust pointers 1.507ms
[2026-06-17T10:04:19.503+0800][1.406s][info][gc,phases,start] GC(23) Phase 4: Move objects
[2026-06-17T10:04:19.508+0800][1.410s][info][gc,phases      ] GC(23) Phase 4: Move objects 4.721ms
[2026-06-17T10:04:19.509+0800][1.411s][info][gc,heap        ] GC(23) DefNew: 19647K(19648K)->0K(19648K) Eden: 17472K(17472K)->0K(17472K) From: 2175K(2176K)->0K(2176K)
[2026-06-17T10:04:19.509+0800][1.411s][info][gc,heap        ] GC(23) Tenured: 37983K(43712K)->25479K(43712K)
[2026-06-17T10:04:19.510+0800][1.412s][info][gc,metaspace   ] GC(23) Metaspace: 105K(320K)->105K(320K) NonClass: 98K(192K)->98K(192K) Class: 7K(128K)->7K(128K)
[2026-06-17T10:04:19.510+0800][1.412s][info][gc             ] GC(23) Pause Full (Allocation Failure) 56M->24M(61M) 15.240ms
[2026-06-17T10:04:19.511+0800][1.413s][info][gc,cpu         ] GC(23) User=0.01s Sys=0.00s Real=0.02s
[2026-06-17T10:04:19.555+0800][1.457s][info][gc,start       ] GC(24) Pause Young (Allocation Failure)
[2026-06-17T10:04:19.558+0800][1.460s][info][gc,heap        ] GC(24) DefNew: 17472K(19648K)->2175K(19648K) Eden: 17472K(17472K)->0K(17472K) From: 0K(2176K)->2175K(2176K)
[2026-06-17T10:04:19.558+0800][1.460s][info][gc,heap        ] GC(24) Tenured: 25479K(43712K)->30590K(43712K)
[2026-06-17T10:04:19.559+0800][1.461s][info][gc,metaspace   ] GC(24) Metaspace: 105K(320K)->105K(320K) NonClass: 98K(192K)->98K(192K) Class: 7K(128K)->7K(128K)
[2026-06-17T10:04:19.559+0800][1.462s][info][gc             ] GC(24) Pause Young (Allocation Failure) 41M->31M(61M) 4.472ms
[2026-06-17T10:04:19.560+0800][1.462s][info][gc,cpu         ] GC(24) User=0.01s Sys=0.00s Real=0.00s
[2026-06-17T10:04:19.605+0800][1.507s][info][gc,start       ] GC(25) Pause Young (Allocation Failure)
[2026-06-17T10:04:19.608+0800][1.510s][info][gc,heap        ] GC(25) DefNew: 19647K(19648K)->2174K(19648K) Eden: 17472K(17472K)->0K(17472K) From: 2175K(2176K)->2174K(2176K)
[2026-06-17T10:04:19.611+0800][1.513s][info][gc,heap        ] GC(25) Tenured: 30590K(43712K)->37872K(43712K)
[2026-06-17T10:04:19.614+0800][1.516s][info][gc,metaspace   ] GC(25) Metaspace: 107K(320K)->107K(320K) NonClass: 100K(192K)->100K(192K) Class: 7K(128K)->7K(128K)
[2026-06-17T10:04:19.616+0800][1.518s][info][gc             ] GC(25) Pause Young (Allocation Failure) 49M->39M(61M) 10.612ms
[2026-06-17T10:04:19.617+0800][1.520s][info][gc,cpu         ] GC(25) User=0.00s Sys=0.00s Real=0.01s
[2026-06-17T10:04:19.665+0800][1.568s][info][gc,start       ] GC(26) Pause Full (Allocation Failure)
[2026-06-17T10:04:19.666+0800][1.569s][info][gc,phases,start] GC(26) Phase 1: Mark live objects
[2026-06-17T10:04:19.670+0800][1.572s][info][gc,phases      ] GC(26) Phase 1: Mark live objects 3.188ms
[2026-06-17T10:04:19.670+0800][1.573s][info][gc,phases,start] GC(26) Phase 2: Compute new object addresses
[2026-06-17T10:04:19.672+0800][1.574s][info][gc,phases      ] GC(26) Phase 2: Compute new object addresses 1.359ms
[2026-06-17T10:04:19.672+0800][1.575s][info][gc,phases,start] GC(26) Phase 3: Adjust pointers
[2026-06-17T10:04:19.674+0800][1.576s][info][gc,phases      ] GC(26) Phase 3: Adjust pointers 1.460ms
[2026-06-17T10:04:19.674+0800][1.577s][info][gc,phases,start] GC(26) Phase 4: Move objects
[2026-06-17T10:04:19.677+0800][1.580s][info][gc,phases      ] GC(26) Phase 4: Move objects 2.989ms
[2026-06-17T10:04:19.678+0800][1.580s][info][gc,heap        ] GC(26) DefNew: 19467K(19648K)->0K(19648K) Eden: 17293K(17472K)->0K(17472K) From: 2174K(2176K)->0K(2176K)
[2026-06-17T10:04:19.679+0800][1.581s][info][gc,heap        ] GC(26) Tenured: 37872K(43712K)->22968K(43712K)
[2026-06-17T10:04:19.679+0800][1.581s][info][gc,metaspace   ] GC(26) Metaspace: 107K(320K)->107K(320K) NonClass: 100K(192K)->100K(192K) Class: 7K(128K)->7K(128K)
[2026-06-17T10:04:19.680+0800][1.582s][info][gc             ] GC(26) Pause Full (Allocation Failure) 55M->22M(61M) 14.353ms
[2026-06-17T10:04:19.680+0800][1.582s][info][gc,cpu         ] GC(26) User=0.00s Sys=0.00s Real=0.01s
[2026-06-17T10:04:19.724+0800][1.626s][info][gc,start       ] GC(27) Pause Young (Allocation Failure)
[2026-06-17T10:04:19.727+0800][1.629s][info][gc,heap        ] GC(27) DefNew: 17472K(19648K)->2175K(19648K) Eden: 17472K(17472K)->0K(17472K) From: 0K(2176K)->2175K(2176K)
[2026-06-17T10:04:19.727+0800][1.630s][info][gc,heap        ] GC(27) Tenured: 22968K(43712K)->27591K(43712K)
[2026-06-17T10:04:19.728+0800][1.630s][info][gc,metaspace   ] GC(27) Metaspace: 107K(320K)->107K(320K) NonClass: 100K(192K)->100K(192K) Class: 7K(128K)->7K(128K)
[2026-06-17T10:04:19.730+0800][1.632s][info][gc             ] GC(27) Pause Young (Allocation Failure) 39M->29M(61M) 6.330ms
[2026-06-17T10:04:19.731+0800][1.633s][info][gc,cpu         ] GC(27) User=0.00s Sys=0.00s Real=0.01s
[2026-06-17T10:04:19.784+0800][1.686s][info][gc,start       ] GC(28) Pause Young (Allocation Failure)
[2026-06-17T10:04:19.785+0800][1.687s][info][gc,heap        ] GC(28) DefNew: 19647K(19648K)->2077K(19648K) Eden: 17472K(17472K)->0K(17472K) From: 2175K(2176K)->2077K(2176K)
[2026-06-17T10:04:19.785+0800][1.688s][info][gc,heap        ] GC(28) Tenured: 27591K(43712K)->30511K(43712K)
[2026-06-17T10:04:19.786+0800][1.688s][info][gc,metaspace   ] GC(28) Metaspace: 107K(320K)->107K(320K) NonClass: 100K(192K)->100K(192K) Class: 7K(128K)->7K(128K)
[2026-06-17T10:04:19.786+0800][1.688s][info][gc             ] GC(28) Pause Young (Allocation Failure) 46M->31M(61M) 2.401ms
[2026-06-17T10:04:19.786+0800][1.689s][info][gc,cpu         ] GC(28) User=0.00s Sys=0.00s Real=0.00s
[2026-06-17T10:04:19.818+0800][1.721s][info][gc,start       ] GC(29) Pause Young (Allocation Failure)
[2026-06-17T10:04:19.820+0800][1.722s][info][gc,heap        ] GC(29) DefNew: 19420K(19648K)->2069K(19648K) Eden: 17342K(17472K)->0K(17472K) From: 2077K(2176K)->2069K(2176K)
[2026-06-17T10:04:19.820+0800][1.722s][info][gc,heap        ] GC(29) Tenured: 30511K(43712K)->33701K(43712K)
[2026-06-17T10:04:19.820+0800][1.722s][info][gc,metaspace   ] GC(29) Metaspace: 107K(320K)->107K(320K) NonClass: 100K(192K)->100K(192K) Class: 7K(128K)->7K(128K)
[2026-06-17T10:04:19.821+0800][1.723s][info][gc             ] GC(29) Pause Young (Allocation Failure) 48M->34M(61M) 2.063ms
[2026-06-17T10:04:19.821+0800][1.723s][info][gc,cpu         ] GC(29) User=0.00s Sys=0.00s Real=0.00s
[2026-06-17T10:04:19.873+0800][1.776s][info][gc,start       ] GC(30) Pause Young (Allocation Failure)
[2026-06-17T10:04:19.875+0800][1.777s][info][gc,heap        ] GC(30) DefNew: 19537K(19648K)->2115K(19648K) Eden: 17467K(17472K)->0K(17472K) From: 2069K(2176K)->2115K(2176K)
[2026-06-17T10:04:19.875+0800][1.777s][info][gc,heap        ] GC(30) Tenured: 33701K(43712K)->37319K(43712K)
[2026-06-17T10:04:19.876+0800][1.778s][info][gc,metaspace   ] GC(30) Metaspace: 107K(320K)->107K(320K) NonClass: 100K(192K)->100K(192K) Class: 7K(128K)->7K(128K)
[2026-06-17T10:04:19.876+0800][1.778s][info][gc             ] GC(30) Pause Young (Allocation Failure) 51M->38M(61M) 2.512ms
[2026-06-17T10:04:19.876+0800][1.778s][info][gc,cpu         ] GC(30) User=0.00s Sys=0.00s Real=0.00s
[2026-06-17T10:04:19.920+0800][1.822s][info][gc,start       ] GC(31) Pause Full (Allocation Failure)
[2026-06-17T10:04:19.922+0800][1.824s][info][gc,phases,start] GC(31) Phase 1: Mark live objects
[2026-06-17T10:04:19.924+0800][1.826s][info][gc,phases      ] GC(31) Phase 1: Mark live objects 2.332ms
[2026-06-17T10:04:19.927+0800][1.829s][info][gc,phases,start] GC(31) Phase 2: Compute new object addresses
[2026-06-17T10:04:19.928+0800][1.830s][info][gc,phases      ] GC(31) Phase 2: Compute new object addresses 1.377ms
[2026-06-17T10:04:19.929+0800][1.831s][info][gc,phases,start] GC(31) Phase 3: Adjust pointers
[2026-06-17T10:04:19.931+0800][1.833s][info][gc,phases      ] GC(31) Phase 3: Adjust pointers 1.717ms
[2026-06-17T10:04:19.932+0800][1.834s][info][gc,phases,start] GC(31) Phase 4: Move objects
[2026-06-17T10:04:19.937+0800][1.840s][info][gc,phases      ] GC(31) Phase 4: Move objects 5.325ms
[2026-06-17T10:04:19.939+0800][1.841s][info][gc,heap        ] GC(31) DefNew: 19549K(19648K)->0K(19648K) Eden: 17433K(17472K)->0K(17472K) From: 2115K(2176K)->0K(2176K)
[2026-06-17T10:04:19.939+0800][1.841s][info][gc,heap        ] GC(31) Tenured: 37319K(43712K)->30664K(43712K)
[2026-06-17T10:04:19.940+0800][1.842s][info][gc,metaspace   ] GC(31) Metaspace: 107K(320K)->107K(320K) NonClass: 100K(192K)->100K(192K) Class: 7K(128K)->7K(128K)
[2026-06-17T10:04:19.943+0800][1.845s][info][gc             ] GC(31) Pause Full (Allocation Failure) 55M->29M(61M) 22.955ms
[2026-06-17T10:04:19.943+0800][1.846s][info][gc,cpu         ] GC(31) User=0.01s Sys=0.00s Real=0.03s
[2026-06-17T10:04:19.989+0800][1.892s][info][gc,start       ] GC(32) Pause Young (Allocation Failure)
[2026-06-17T10:04:19.991+0800][1.893s][info][gc,heap        ] GC(32) DefNew: 17452K(19648K)->2175K(19648K) Eden: 17452K(17472K)->0K(17472K) From: 0K(2176K)->2175K(2176K)
[2026-06-17T10:04:19.992+0800][1.894s][info][gc,heap        ] GC(32) Tenured: 30664K(43712K)->35423K(43712K)
[2026-06-17T10:04:19.992+0800][1.894s][info][gc,metaspace   ] GC(32) Metaspace: 107K(320K)->107K(320K) NonClass: 100K(192K)->100K(192K) Class: 7K(128K)->7K(128K)
[2026-06-17T10:04:19.993+0800][1.895s][info][gc             ] GC(32) Pause Young (Allocation Failure) 46M->36M(61M) 3.155ms
[2026-06-17T10:04:19.993+0800][1.895s][info][gc,cpu         ] GC(32) User=0.00s Sys=0.00s Real=0.01s
[2026-06-17T10:04:20.036+0800][1.938s][info][gc,start       ] GC(33) Pause Young (Allocation Failure)
[2026-06-17T10:04:20.038+0800][1.941s][info][gc,heap        ] GC(33) DefNew: 19619K(19648K)->2168K(19648K) Eden: 17443K(17472K)->0K(17472K) From: 2175K(2176K)->2168K(2176K)
[2026-06-17T10:04:20.039+0800][1.941s][info][gc,heap        ] GC(33) Tenured: 35423K(43712K)->39815K(43712K)
[2026-06-17T10:04:20.039+0800][1.941s][info][gc,metaspace   ] GC(33) Metaspace: 107K(320K)->107K(320K) NonClass: 100K(192K)->100K(192K) Class: 7K(128K)->7K(128K)
[2026-06-17T10:04:20.040+0800][1.942s][info][gc             ] GC(33) Pause Young (Allocation Failure) 53M->41M(61M) 3.382ms
[2026-06-17T10:04:20.040+0800][1.943s][info][gc,cpu         ] GC(33) User=0.01s Sys=0.00s Real=0.00s
[2026-06-17T10:04:20.084+0800][1.986s][info][gc,start       ] GC(34) Pause Full (Allocation Failure)
[2026-06-17T10:04:20.084+0800][1.986s][info][gc,phases,start] GC(34) Phase 1: Mark live objects
[2026-06-17T10:04:20.087+0800][1.989s][info][gc,phases      ] GC(34) Phase 1: Mark live objects 2.341ms
[2026-06-17T10:04:20.087+0800][1.989s][info][gc,phases,start] GC(34) Phase 2: Compute new object addresses
[2026-06-17T10:04:20.090+0800][1.992s][info][gc,phases      ] GC(34) Phase 2: Compute new object addresses 2.598ms
[2026-06-17T10:04:20.091+0800][1.994s][info][gc,phases,start] GC(34) Phase 3: Adjust pointers
[2026-06-17T10:04:20.093+0800][1.995s][info][gc,phases      ] GC(34) Phase 3: Adjust pointers 1.339ms
[2026-06-17T10:04:20.094+0800][1.997s][info][gc,phases,start] GC(34) Phase 4: Move objects
[2026-06-17T10:04:20.097+0800][1.999s][info][gc,phases      ] GC(34) Phase 4: Move objects 2.663ms
[2026-06-17T10:04:20.099+0800][2.001s][info][gc,heap        ] GC(34) DefNew: 19530K(19648K)->0K(19648K) Eden: 17361K(17472K)->0K(17472K) From: 2168K(2176K)->0K(2176K)
[2026-06-17T10:04:20.101+0800][2.003s][info][gc,heap        ] GC(34) Tenured: 39815K(43712K)->28503K(43712K)
[2026-06-17T10:04:20.103+0800][2.005s][info][gc,metaspace   ] GC(34) Metaspace: 107K(320K)->107K(320K) NonClass: 100K(192K)->100K(192K) Class: 7K(128K)->7K(128K)
[2026-06-17T10:04:20.103+0800][2.005s][info][gc             ] GC(34) Pause Full (Allocation Failure) 57M->27M(61M) 19.768ms
[2026-06-17T10:04:20.106+0800][2.008s][info][gc,cpu         ] GC(34) User=0.00s Sys=0.00s Real=0.02s
[2026-06-17T10:04:20.160+0800][2.062s][info][gc,start       ] GC(35) Pause Young (Allocation Failure)
[2026-06-17T10:04:20.161+0800][2.063s][info][gc,heap        ] GC(35) DefNew: 17462K(19648K)->2163K(19648K) Eden: 17462K(17472K)->0K(17472K) From: 0K(2176K)->2163K(2176K)
[2026-06-17T10:04:20.161+0800][2.064s][info][gc,heap        ] GC(35) Tenured: 28503K(43712K)->30200K(43712K)
[2026-06-17T10:04:20.162+0800][2.064s][info][gc,metaspace   ] GC(35) Metaspace: 107K(320K)->107K(320K) NonClass: 100K(192K)->100K(192K) Class: 7K(128K)->7K(128K)
[2026-06-17T10:04:20.162+0800][2.064s][info][gc             ] GC(35) Pause Young (Allocation Failure) 44M->31M(61M) 2.080ms
[2026-06-17T10:04:20.162+0800][2.064s][info][gc,cpu         ] GC(35) User=0.00s Sys=0.00s Real=0.00s
[2026-06-17T10:04:20.206+0800][2.108s][info][gc,start       ] GC(36) Pause Young (Allocation Failure)
[2026-06-17T10:04:20.208+0800][2.111s][info][gc,heap        ] GC(36) DefNew: 19619K(19648K)->2172K(19648K) Eden: 17455K(17472K)->0K(17472K) From: 2163K(2176K)->2172K(2176K)
[2026-06-17T10:04:20.209+0800][2.111s][info][gc,heap        ] GC(36) Tenured: 30200K(43712K)->33813K(43712K)
[2026-06-17T10:04:20.210+0800][2.112s][info][gc,metaspace   ] GC(36) Metaspace: 107K(320K)->107K(320K) NonClass: 100K(192K)->100K(192K) Class: 7K(128K)->7K(128K)
[2026-06-17T10:04:20.210+0800][2.113s][info][gc             ] GC(36) Pause Young (Allocation Failure) 48M->35M(61M) 4.275ms
[2026-06-17T10:04:20.211+0800][2.113s][info][gc,cpu         ] GC(36) User=0.00s Sys=0.00s Real=0.01s
[2026-06-17T10:04:20.255+0800][2.157s][info][gc,start       ] GC(37) Pause Young (Allocation Failure)
[2026-06-17T10:04:20.257+0800][2.159s][info][gc,heap        ] GC(37) DefNew: 19644K(19648K)->2139K(19648K) Eden: 17472K(17472K)->0K(17472K) From: 2172K(2176K)->2139K(2176K)
[2026-06-17T10:04:20.257+0800][2.159s][info][gc,heap        ] GC(37) Tenured: 33813K(43712K)->37682K(43712K)
[2026-06-17T10:04:20.258+0800][2.160s][info][gc,metaspace   ] GC(37) Metaspace: 107K(320K)->107K(320K) NonClass: 100K(192K)->100K(192K) Class: 7K(128K)->7K(128K)
[2026-06-17T10:04:20.259+0800][2.161s][info][gc             ] GC(37) Pause Young (Allocation Failure) 52M->38M(61M) 3.786ms
[2026-06-17T10:04:20.259+0800][2.161s][info][gc,cpu         ] GC(37) User=0.01s Sys=0.00s Real=0.00s
[2026-06-17T10:04:20.303+0800][2.205s][info][gc,start       ] GC(38) Pause Full (Allocation Failure)
[2026-06-17T10:04:20.304+0800][2.206s][info][gc,phases,start] GC(38) Phase 1: Mark live objects
[2026-06-17T10:04:20.307+0800][2.209s][info][gc,phases      ] GC(38) Phase 1: Mark live objects 2.880ms
[2026-06-17T10:04:20.308+0800][2.210s][info][gc,phases,start] GC(38) Phase 2: Compute new object addresses
[2026-06-17T10:04:20.309+0800][2.211s][info][gc,phases      ] GC(38) Phase 2: Compute new object addresses 1.361ms
[2026-06-17T10:04:20.310+0800][2.212s][info][gc,phases,start] GC(38) Phase 3: Adjust pointers
[2026-06-17T10:04:20.311+0800][2.213s][info][gc,phases      ] GC(38) Phase 3: Adjust pointers 1.480ms
[2026-06-17T10:04:20.312+0800][2.214s][info][gc,phases,start] GC(38) Phase 4: Move objects
[2026-06-17T10:04:20.315+0800][2.217s][info][gc,phases      ] GC(38) Phase 4: Move objects 3.100ms
[2026-06-17T10:04:20.315+0800][2.217s][info][gc,heap        ] GC(38) DefNew: 19577K(19648K)->0K(19648K) Eden: 17437K(17472K)->0K(17472K) From: 2139K(2176K)->0K(2176K)
[2026-06-17T10:04:20.316+0800][2.218s][info][gc,heap        ] GC(38) Tenured: 37682K(43712K)->31566K(43712K)
[2026-06-17T10:04:20.316+0800][2.218s][info][gc,metaspace   ] GC(38) Metaspace: 107K(320K)->107K(320K) NonClass: 100K(192K)->100K(192K) Class: 7K(128K)->7K(128K)
[2026-06-17T10:04:20.316+0800][2.218s][info][gc             ] GC(38) Pause Full (Allocation Failure) 55M->30M(61M) 13.126ms
[2026-06-17T10:04:20.317+0800][2.219s][info][gc,cpu         ] GC(38) User=0.01s Sys=0.00s Real=0.01s
[2026-06-17T10:04:20.359+0800][2.261s][info][gc,start       ] GC(39) Pause Young (Allocation Failure)
[2026-06-17T10:04:20.360+0800][2.262s][info][gc,heap        ] GC(39) DefNew: 17291K(19648K)->2070K(19648K) Eden: 17291K(17472K)->0K(17472K) From: 0K(2176K)->2070K(2176K)
[2026-06-17T10:04:20.361+0800][2.263s][info][gc,heap        ] GC(39) Tenured: 31566K(43712K)->32433K(43712K)
[2026-06-17T10:04:20.361+0800][2.263s][info][gc,metaspace   ] GC(39) Metaspace: 107K(320K)->107K(320K) NonClass: 100K(192K)->100K(192K) Class: 7K(128K)->7K(128K)
[2026-06-17T10:04:20.361+0800][2.264s][info][gc             ] GC(39) Pause Young (Allocation Failure) 47M->33M(61M) 2.394ms
[2026-06-17T10:04:20.362+0800][2.264s][info][gc,cpu         ] GC(39) User=0.00s Sys=0.00s Real=0.00s
[2026-06-17T10:04:20.405+0800][2.307s][info][gc,start       ] GC(40) Pause Young (Allocation Failure)
[2026-06-17T10:04:20.407+0800][2.309s][info][gc,heap        ] GC(40) DefNew: 19528K(19648K)->2168K(19648K) Eden: 17457K(17472K)->0K(17472K) From: 2070K(2176K)->2168K(2176K)
[2026-06-17T10:04:20.407+0800][2.310s][info][gc,heap        ] GC(40) Tenured: 32433K(43712K)->39435K(43712K)
[2026-06-17T10:04:20.408+0800][2.310s][info][gc,metaspace   ] GC(40) Metaspace: 107K(320K)->107K(320K) NonClass: 100K(192K)->100K(192K) Class: 7K(128K)->7K(128K)
[2026-06-17T10:04:20.408+0800][2.310s][info][gc             ] GC(40) Pause Young (Allocation Failure) 50M->40M(61M) 3.325ms
[2026-06-17T10:04:20.408+0800][2.310s][info][gc,cpu         ] GC(40) User=0.00s Sys=0.00s Real=0.00s
[2026-06-17T10:04:20.461+0800][2.364s][info][gc,start       ] GC(41) Pause Full (Allocation Failure)
[2026-06-17T10:04:20.462+0800][2.364s][info][gc,phases,start] GC(41) Phase 1: Mark live objects
[2026-06-17T10:04:20.464+0800][2.366s][info][gc,phases      ] GC(41) Phase 1: Mark live objects 1.938ms
[2026-06-17T10:04:20.465+0800][2.367s][info][gc,phases,start] GC(41) Phase 2: Compute new object addresses
[2026-06-17T10:04:20.466+0800][2.368s][info][gc,phases      ] GC(41) Phase 2: Compute new object addresses 1.006ms
[2026-06-17T10:04:20.466+0800][2.368s][info][gc,phases,start] GC(41) Phase 3: Adjust pointers
[2026-06-17T10:04:20.467+0800][2.369s][info][gc,phases      ] GC(41) Phase 3: Adjust pointers 1.265ms
[2026-06-17T10:04:20.468+0800][2.370s][info][gc,phases,start] GC(41) Phase 4: Move objects
[2026-06-17T10:04:20.471+0800][2.373s][info][gc,phases      ] GC(41) Phase 4: Move objects 3.239ms
[2026-06-17T10:04:20.471+0800][2.374s][info][gc,heap        ] GC(41) DefNew: 19613K(19648K)->0K(19648K) Eden: 17444K(17472K)->0K(17472K) From: 2168K(2176K)->0K(2176K)
[2026-06-17T10:04:20.472+0800][2.374s][info][gc,heap        ] GC(41) Tenured: 39435K(43712K)->24637K(43712K)
[2026-06-17T10:04:20.472+0800][2.374s][info][gc,metaspace   ] GC(41) Metaspace: 107K(320K)->107K(320K) NonClass: 100K(192K)->100K(192K) Class: 7K(128K)->7K(128K)
[2026-06-17T10:04:20.472+0800][2.374s][info][gc             ] GC(41) Pause Full (Allocation Failure) 57M->24M(61M) 10.834ms
[2026-06-17T10:04:20.472+0800][2.375s][info][gc,cpu         ] GC(41) User=0.00s Sys=0.00s Real=0.02s
[2026-06-17T10:04:20.516+0800][2.418s][info][gc,start       ] GC(42) Pause Young (Allocation Failure)
[2026-06-17T10:04:20.517+0800][2.419s][info][gc,heap        ] GC(42) DefNew: 17457K(19648K)->2175K(19648K) Eden: 17457K(17472K)->0K(17472K) From: 0K(2176K)->2175K(2176K)
[2026-06-17T10:04:20.518+0800][2.420s][info][gc,heap        ] GC(42) Tenured: 24637K(43712K)->29391K(43712K)
[2026-06-17T10:04:20.518+0800][2.420s][info][gc,metaspace   ] GC(42) Metaspace: 107K(320K)->107K(320K) NonClass: 100K(192K)->100K(192K) Class: 7K(128K)->7K(128K)
[2026-06-17T10:04:20.518+0800][2.420s][info][gc             ] GC(42) Pause Young (Allocation Failure) 41M->30M(61M) 2.333ms
[2026-06-17T10:04:20.518+0800][2.420s][info][gc,cpu         ] GC(42) User=0.01s Sys=0.00s Real=0.00s
[2026-06-17T10:04:20.561+0800][2.464s][info][gc,start       ] GC(43) Pause Young (Allocation Failure)
[2026-06-17T10:04:20.563+0800][2.465s][info][gc,heap        ] GC(43) DefNew: 19596K(19648K)->2100K(19648K) Eden: 17420K(17472K)->0K(17472K) From: 2175K(2176K)->2100K(2176K)
[2026-06-17T10:04:20.564+0800][2.466s][info][gc,heap        ] GC(43) Tenured: 29391K(43712K)->33375K(43712K)
[2026-06-17T10:04:20.564+0800][2.467s][info][gc,metaspace   ] GC(43) Metaspace: 108K(320K)->108K(320K) NonClass: 101K(192K)->101K(192K) Class: 7K(128K)->7K(128K)
[2026-06-17T10:04:20.565+0800][2.467s][info][gc             ] GC(43) Pause Young (Allocation Failure) 47M->34M(61M) 3.492ms
[2026-06-17T10:04:20.565+0800][2.467s][info][gc,cpu         ] GC(43) User=0.00s Sys=0.00s Real=0.01s
[2026-06-17T10:04:20.608+0800][2.510s][info][gc,start       ] GC(44) Pause Young (Allocation Failure)
[2026-06-17T10:04:20.610+0800][2.512s][info][gc,heap        ] GC(44) DefNew: 19531K(19648K)->2171K(19648K) Eden: 17431K(17472K)->0K(17472K) From: 2100K(2176K)->2171K(2176K)
[2026-06-17T10:04:20.610+0800][2.512s][info][gc,heap        ] GC(44) Tenured: 33375K(43712K)->36410K(43712K)
[2026-06-17T10:04:20.611+0800][2.513s][info][gc,metaspace   ] GC(44) Metaspace: 108K(320K)->108K(320K) NonClass: 101K(192K)->101K(192K) Class: 7K(128K)->7K(128K)
[2026-06-17T10:04:20.611+0800][2.513s][info][gc             ] GC(44) Pause Young (Allocation Failure) 51M->37M(61M) 2.878ms
[2026-06-17T10:04:20.611+0800][2.514s][info][gc,cpu         ] GC(44) User=0.00s Sys=0.00s Real=0.01s
[2026-06-17T10:04:20.655+0800][2.557s][info][gc,start       ] GC(45) Pause Young (Allocation Failure)
[2026-06-17T10:04:20.658+0800][2.560s][info][gc,heap        ] GC(45) DefNew: 19643K(19648K)->2168K(19648K) Eden: 17472K(17472K)->0K(17472K) From: 2171K(2176K)->2168K(2176K)
[2026-06-17T10:04:20.659+0800][2.561s][info][gc,heap        ] GC(45) Tenured: 36410K(43712K)->40732K(43712K)
[2026-06-17T10:04:20.659+0800][2.561s][info][gc,metaspace   ] GC(45) Metaspace: 108K(320K)->108K(320K) NonClass: 101K(192K)->101K(192K) Class: 7K(128K)->7K(128K)
[2026-06-17T10:04:20.659+0800][2.562s][info][gc             ] GC(45) Pause Young (Allocation Failure) 54M->41M(61M) 4.504ms
[2026-06-17T10:04:20.660+0800][2.562s][info][gc,cpu         ] GC(45) User=0.00s Sys=0.00s Real=0.00s
[2026-06-17T10:04:20.714+0800][2.616s][info][gc,start       ] GC(46) Pause Full (Allocation Failure)
[2026-06-17T10:04:20.715+0800][2.617s][info][gc,phases,start] GC(46) Phase 1: Mark live objects
[2026-06-17T10:04:20.718+0800][2.620s][info][gc,phases      ] GC(46) Phase 1: Mark live objects 2.638ms
[2026-06-17T10:04:20.718+0800][2.620s][info][gc,phases,start] GC(46) Phase 2: Compute new object addresses
[2026-06-17T10:04:20.719+0800][2.622s][info][gc,phases      ] GC(46) Phase 2: Compute new object addresses 1.240ms
[2026-06-17T10:04:20.720+0800][2.622s][info][gc,phases,start] GC(46) Phase 3: Adjust pointers
[2026-06-17T10:04:20.721+0800][2.623s][info][gc,phases      ] GC(46) Phase 3: Adjust pointers 1.171ms
[2026-06-17T10:04:20.722+0800][2.624s][info][gc,phases,start] GC(46) Phase 4: Move objects
[2026-06-17T10:04:20.725+0800][2.627s][info][gc,phases      ] GC(46) Phase 4: Move objects 3.568ms
[2026-06-17T10:04:20.726+0800][2.628s][info][gc,heap        ] GC(46) DefNew: 19608K(19648K)->0K(19648K) Eden: 17440K(17472K)->0K(17472K) From: 2168K(2176K)->0K(2176K)
[2026-06-17T10:04:20.726+0800][2.628s][info][gc,heap        ] GC(46) Tenured: 40732K(43712K)->29728K(43712K)
[2026-06-17T10:04:20.727+0800][2.629s][info][gc,metaspace   ] GC(46) Metaspace: 108K(320K)->108K(320K) NonClass: 101K(192K)->101K(192K) Class: 7K(128K)->7K(128K)
[2026-06-17T10:04:20.727+0800][2.629s][info][gc             ] GC(46) Pause Full (Allocation Failure) 58M->29M(61M) 13.004ms
[2026-06-17T10:04:20.727+0800][2.630s][info][gc,cpu         ] GC(46) User=0.01s Sys=0.00s Real=0.01s
[2026-06-17T10:04:20.770+0800][2.672s][info][gc,start       ] GC(47) Pause Young (Allocation Failure)
[2026-06-17T10:04:20.773+0800][2.675s][info][gc,heap        ] GC(47) DefNew: 17456K(19648K)->2175K(19648K) Eden: 17456K(17472K)->0K(17472K) From: 0K(2176K)->2175K(2176K)
[2026-06-17T10:04:20.775+0800][2.677s][info][gc,heap        ] GC(47) Tenured: 29728K(43712K)->34596K(43712K)
[2026-06-17T10:04:20.776+0800][2.678s][info][gc,metaspace   ] GC(47) Metaspace: 108K(320K)->108K(320K) NonClass: 101K(192K)->101K(192K) Class: 7K(128K)->7K(128K)
[2026-06-17T10:04:20.776+0800][2.678s][info][gc             ] GC(47) Pause Young (Allocation Failure) 46M->35M(61M) 5.939ms
[2026-06-17T10:04:20.776+0800][2.679s][info][gc,cpu         ] GC(47) User=0.00s Sys=0.00s Real=0.01s
[2026-06-17T10:04:20.820+0800][2.722s][info][gc,start       ] GC(48) Pause Young (Allocation Failure)
[2026-06-17T10:04:20.830+0800][2.732s][info][gc,heap        ] GC(48) DefNew: 19618K(19648K)->2164K(19648K) Eden: 17443K(17472K)->0K(17472K) From: 2175K(2176K)->2164K(2176K)
[2026-06-17T10:04:20.833+0800][2.735s][info][gc,heap        ] GC(48) Tenured: 34596K(43712K)->38443K(43712K)
[2026-06-17T10:04:20.835+0800][2.737s][info][gc,metaspace   ] GC(48) Metaspace: 111K(320K)->111K(320K) NonClass: 104K(192K)->104K(192K) Class: 7K(128K)->7K(128K)
[2026-06-17T10:04:20.836+0800][2.738s][info][gc             ] GC(48) Pause Young (Allocation Failure) 52M->39M(61M) 16.211ms
[2026-06-17T10:04:20.839+0800][2.741s][info][gc,cpu         ] GC(48) User=0.01s Sys=0.00s Real=0.02s
[2026-06-17T10:04:20.882+0800][2.784s][info][gc,start       ] GC(49) Pause Full (Allocation Failure)
[2026-06-17T10:04:20.883+0800][2.785s][info][gc,phases,start] GC(49) Phase 1: Mark live objects
[2026-06-17T10:04:20.884+0800][2.786s][info][gc,phases      ] GC(49) Phase 1: Mark live objects 1.495ms
[2026-06-17T10:04:20.884+0800][2.787s][info][gc,phases,start] GC(49) Phase 2: Compute new object addresses
[2026-06-17T10:04:20.885+0800][2.788s][info][gc,phases      ] GC(49) Phase 2: Compute new object addresses 0.949ms
[2026-06-17T10:04:20.886+0800][2.788s][info][gc,phases,start] GC(49) Phase 3: Adjust pointers
[2026-06-17T10:04:20.887+0800][2.789s][info][gc,phases      ] GC(49) Phase 3: Adjust pointers 1.028ms
[2026-06-17T10:04:20.887+0800][2.789s][info][gc,phases,start] GC(49) Phase 4: Move objects
[2026-06-17T10:04:20.890+0800][2.792s][info][gc,phases      ] GC(49) Phase 4: Move objects 3.223ms
[2026-06-17T10:04:20.891+0800][2.793s][info][gc,heap        ] GC(49) DefNew: 19608K(19648K)->0K(19648K) Eden: 17443K(17472K)->0K(17472K) From: 2164K(2176K)->0K(2176K)
[2026-06-17T10:04:20.891+0800][2.793s][info][gc,heap        ] GC(49) Tenured: 38443K(43712K)->31183K(43712K)
[2026-06-17T10:04:20.891+0800][2.794s][info][gc,metaspace   ] GC(49) Metaspace: 111K(320K)->111K(320K) NonClass: 104K(192K)->104K(192K) Class: 7K(128K)->7K(128K)
[2026-06-17T10:04:20.892+0800][2.794s][info][gc             ] GC(49) Pause Full (Allocation Failure) 56M->30M(61M) 9.612ms
[2026-06-17T10:04:20.892+0800][2.794s][info][gc,cpu         ] GC(49) User=0.00s Sys=0.00s Real=0.02s
[2026-06-17T10:04:20.935+0800][2.838s][info][gc,start       ] GC(50) Pause Young (Allocation Failure)
[2026-06-17T10:04:20.938+0800][2.840s][info][gc,heap        ] GC(50) DefNew: 17448K(19648K)->2174K(19648K) Eden: 17448K(17472K)->0K(17472K) From: 0K(2176K)->2174K(2176K)
[2026-06-17T10:04:20.939+0800][2.841s][info][gc,heap        ] GC(50) Tenured: 31183K(43712K)->36025K(43712K)
[2026-06-17T10:04:20.940+0800][2.842s][info][gc,metaspace   ] GC(50) Metaspace: 111K(320K)->111K(320K) NonClass: 104K(192K)->104K(192K) Class: 7K(128K)->7K(128K)
[2026-06-17T10:04:20.941+0800][2.843s][info][gc             ] GC(50) Pause Young (Allocation Failure) 47M->37M(61M) 5.318ms
[2026-06-17T10:04:20.941+0800][2.843s][info][gc,cpu         ] GC(50) User=0.00s Sys=0.00s Real=0.00s
[2026-06-17T10:04:20.996+0800][2.898s][info][gc,start       ] GC(51) Pause Young (Allocation Failure)
[2026-06-17T10:04:20.998+0800][2.900s][info][gc,heap        ] GC(51) DefNew: 19636K(19648K)->1987K(19648K) Eden: 17462K(17472K)->0K(17472K) From: 2174K(2176K)->1987K(2176K)
[2026-06-17T10:04:20.998+0800][2.900s][info][gc,heap        ] GC(51) Tenured: 36025K(43712K)->36920K(43712K)
[2026-06-17T10:04:20.999+0800][2.901s][info][gc,metaspace   ] GC(51) Metaspace: 111K(320K)->111K(320K) NonClass: 104K(192K)->104K(192K) Class: 7K(128K)->7K(128K)
[2026-06-17T10:04:20.999+0800][2.901s][info][gc             ] GC(51) Pause Young (Allocation Failure) 54M->37M(61M) 2.960ms
[2026-06-17T10:04:21.000+0800][2.902s][info][gc,cpu         ] GC(51) User=0.00s Sys=0.00s Real=0.00s
[2026-06-17T10:04:21.034+0800][2.936s][info][gc,start       ] GC(52) Pause Full (Allocation Failure)
[2026-06-17T10:04:21.035+0800][2.937s][info][gc,phases,start] GC(52) Phase 1: Mark live objects
[2026-06-17T10:04:21.037+0800][2.939s][info][gc,phases      ] GC(52) Phase 1: Mark live objects 2.328ms
[2026-06-17T10:04:21.037+0800][2.940s][info][gc,phases,start] GC(52) Phase 2: Compute new object addresses
[2026-06-17T10:04:21.039+0800][2.941s][info][gc,phases      ] GC(52) Phase 2: Compute new object addresses 1.266ms
[2026-06-17T10:04:21.039+0800][2.941s][info][gc,phases,start] GC(52) Phase 3: Adjust pointers
[2026-06-17T10:04:21.041+0800][2.943s][info][gc,phases      ] GC(52) Phase 3: Adjust pointers 1.319ms
[2026-06-17T10:04:21.041+0800][2.943s][info][gc,phases,start] GC(52) Phase 4: Move objects
[2026-06-17T10:04:21.045+0800][2.947s][info][gc,phases      ] GC(52) Phase 4: Move objects 3.876ms
[2026-06-17T10:04:21.046+0800][2.948s][info][gc,heap        ] GC(52) DefNew: 19307K(19648K)->0K(19648K) Eden: 17319K(17472K)->0K(17472K) From: 1987K(2176K)->0K(2176K)
[2026-06-17T10:04:21.046+0800][2.948s][info][gc,heap        ] GC(52) Tenured: 36920K(43712K)->26076K(43712K)
[2026-06-17T10:04:21.046+0800][2.948s][info][gc,metaspace   ] GC(52) Metaspace: 111K(320K)->111K(320K) NonClass: 104K(192K)->104K(192K) Class: 7K(128K)->7K(128K)
[2026-06-17T10:04:21.047+0800][2.949s][info][gc             ] GC(52) Pause Full (Allocation Failure) 54M->25M(61M) 13.028ms
[2026-06-17T10:04:21.047+0800][2.949s][info][gc,cpu         ] GC(52) User=0.01s Sys=0.00s Real=0.01s
[2026-06-17T10:04:21.091+0800][2.993s][info][gc,start       ] GC(53) Pause Young (Allocation Failure)
[2026-06-17T10:04:21.094+0800][2.996s][info][gc,heap        ] GC(53) DefNew: 17424K(19648K)->2171K(19648K) Eden: 17424K(17472K)->0K(17472K) From: 0K(2176K)->2171K(2176K)
[2026-06-17T10:04:21.094+0800][2.996s][info][gc,heap        ] GC(53) Tenured: 26076K(43712K)->31179K(43712K)
[2026-06-17T10:04:21.095+0800][2.997s][info][gc,metaspace   ] GC(53) Metaspace: 111K(320K)->111K(320K) NonClass: 104K(192K)->104K(192K) Class: 7K(128K)->7K(128K)
[2026-06-17T10:04:21.095+0800][2.997s][info][gc             ] GC(53) Pause Young (Allocation Failure) 42M->32M(61M) 4.071ms
[2026-06-17T10:04:21.096+0800][2.998s][info][gc,cpu         ] GC(53) User=0.00s Sys=0.00s Real=0.00s
[2026-06-17T10:04:21.149+0800][3.052s][info][gc,start       ] GC(54) Pause Young (Allocation Failure)
[2026-06-17T10:04:21.152+0800][3.054s][info][gc,heap        ] GC(54) DefNew: 19635K(19648K)->2130K(19648K) Eden: 17463K(17472K)->0K(17472K) From: 2171K(2176K)->2130K(2176K)
[2026-06-17T10:04:21.155+0800][3.057s][info][gc,heap        ] GC(54) Tenured: 31179K(43712K)->34316K(43712K)
[2026-06-17T10:04:21.157+0800][3.059s][info][gc,metaspace   ] GC(54) Metaspace: 111K(320K)->111K(320K) NonClass: 104K(192K)->104K(192K) Class: 7K(128K)->7K(128K)
[2026-06-17T10:04:21.158+0800][3.060s][info][gc             ] GC(54) Pause Young (Allocation Failure) 49M->35M(61M) 8.525ms
[2026-06-17T10:04:21.159+0800][3.061s][info][gc,cpu         ] GC(54) User=0.01s Sys=0.00s Real=0.01s
[2026-06-17T10:04:21.204+0800][3.106s][info][gc,start       ] GC(55) Pause Young (Allocation Failure)
[2026-06-17T10:04:21.205+0800][3.107s][info][gc,heap        ] GC(55) DefNew: 19602K(19648K)->2107K(19648K) Eden: 17472K(17472K)->0K(17472K) From: 2130K(2176K)->2107K(2176K)
[2026-06-17T10:04:21.206+0800][3.108s][info][gc,heap        ] GC(55) Tenured: 34316K(43712K)->37596K(43712K)
[2026-06-17T10:04:21.206+0800][3.108s][info][gc,metaspace   ] GC(55) Metaspace: 111K(320K)->111K(320K) NonClass: 104K(192K)->104K(192K) Class: 7K(128K)->7K(128K)
[2026-06-17T10:04:21.207+0800][3.109s][info][gc             ] GC(55) Pause Young (Allocation Failure) 52M->38M(61M) 3.037ms
[2026-06-17T10:04:21.207+0800][3.109s][info][gc,cpu         ] GC(55) User=0.00s Sys=0.00s Real=0.00s
[2026-06-17T10:04:21.251+0800][3.153s][info][gc,start       ] GC(56) Pause Full (Allocation Failure)
[2026-06-17T10:04:21.252+0800][3.154s][info][gc,phases,start] GC(56) Phase 1: Mark live objects
[2026-06-17T10:04:21.253+0800][3.155s][info][gc,phases      ] GC(56) Phase 1: Mark live objects 1.496ms
[2026-06-17T10:04:21.253+0800][3.156s][info][gc,phases,start] GC(56) Phase 2: Compute new object addresses
[2026-06-17T10:04:21.254+0800][3.157s][info][gc,phases      ] GC(56) Phase 2: Compute new object addresses 0.853ms
[2026-06-17T10:04:21.255+0800][3.157s][info][gc,phases,start] GC(56) Phase 3: Adjust pointers
[2026-06-17T10:04:21.256+0800][3.158s][info][gc,phases      ] GC(56) Phase 3: Adjust pointers 0.862ms
[2026-06-17T10:04:21.256+0800][3.158s][info][gc,phases,start] GC(56) Phase 4: Move objects
[2026-06-17T10:04:21.259+0800][3.161s][info][gc,phases      ] GC(56) Phase 4: Move objects 2.590ms
[2026-06-17T10:04:21.261+0800][3.163s][info][gc,heap        ] GC(56) DefNew: 19541K(19648K)->0K(19648K) Eden: 17434K(17472K)->0K(17472K) From: 2107K(2176K)->0K(2176K)
[2026-06-17T10:04:21.264+0800][3.166s][info][gc,heap        ] GC(56) Tenured: 37596K(43712K)->30336K(43712K)
[2026-06-17T10:04:21.266+0800][3.168s][info][gc,metaspace   ] GC(56) Metaspace: 111K(320K)->111K(320K) NonClass: 104K(192K)->104K(192K) Class: 7K(128K)->7K(128K)
[2026-06-17T10:04:21.270+0800][3.172s][info][gc             ] GC(56) Pause Full (Allocation Failure) 55M->29M(61M) 18.819ms
[2026-06-17T10:04:21.271+0800][3.173s][info][gc,cpu         ] GC(56) User=0.01s Sys=0.00s Real=0.02s
[2026-06-17T10:04:21.316+0800][3.218s][info][gc,start       ] GC(57) Pause Young (Allocation Failure)
[2026-06-17T10:04:21.319+0800][3.221s][info][gc,heap        ] GC(57) DefNew: 17462K(19648K)->2173K(19648K) Eden: 17462K(17472K)->0K(17472K) From: 0K(2176K)->2173K(2176K)
[2026-06-17T10:04:21.320+0800][3.222s][info][gc,heap        ] GC(57) Tenured: 30336K(43712K)->31688K(43712K)
[2026-06-17T10:04:21.320+0800][3.222s][info][gc,metaspace   ] GC(57) Metaspace: 111K(320K)->111K(320K) NonClass: 104K(192K)->104K(192K) Class: 7K(128K)->7K(128K)
[2026-06-17T10:04:21.321+0800][3.223s][info][gc             ] GC(57) Pause Young (Allocation Failure) 46M->33M(61M) 4.698ms
[2026-06-17T10:04:21.322+0800][3.224s][info][gc,cpu         ] GC(57) User=0.00s Sys=0.00s Real=0.00s
[2026-06-17T10:04:21.366+0800][3.268s][info][gc,start       ] GC(58) Pause Young (Allocation Failure)
[2026-06-17T10:04:21.369+0800][3.271s][info][gc,heap        ] GC(58) DefNew: 19592K(19648K)->2175K(19648K) Eden: 17419K(17472K)->0K(17472K) From: 2173K(2176K)->2175K(2176K)
[2026-06-17T10:04:21.370+0800][3.272s][info][gc,heap        ] GC(58) Tenured: 31688K(43712K)->38505K(43712K)
[2026-06-17T10:04:21.371+0800][3.273s][info][gc,metaspace   ] GC(58) Metaspace: 111K(320K)->111K(320K) NonClass: 104K(192K)->104K(192K) Class: 7K(128K)->7K(128K)
[2026-06-17T10:04:21.371+0800][3.273s][info][gc             ] GC(58) Pause Young (Allocation Failure) 50M->39M(61M) 5.307ms
[2026-06-17T10:04:21.372+0800][3.274s][info][gc,cpu         ] GC(58) User=0.01s Sys=0.00s Real=0.01s
[2026-06-17T10:04:21.427+0800][3.329s][info][gc,start       ] GC(59) Pause Full (Allocation Failure)
[2026-06-17T10:04:21.428+0800][3.330s][info][gc,phases,start] GC(59) Phase 1: Mark live objects
[2026-06-17T10:04:21.431+0800][3.333s][info][gc,phases      ] GC(59) Phase 1: Mark live objects 2.729ms
[2026-06-17T10:04:21.431+0800][3.334s][info][gc,phases,start] GC(59) Phase 2: Compute new object addresses
[2026-06-17T10:04:21.433+0800][3.335s][info][gc,phases      ] GC(59) Phase 2: Compute new object addresses 1.385ms
[2026-06-17T10:04:21.433+0800][3.336s][info][gc,phases,start] GC(59) Phase 3: Adjust pointers
[2026-06-17T10:04:21.435+0800][3.337s][info][gc,phases      ] GC(59) Phase 3: Adjust pointers 1.469ms
[2026-06-17T10:04:21.435+0800][3.338s][info][gc,phases,start] GC(59) Phase 4: Move objects
[2026-06-17T10:04:21.439+0800][3.341s][info][gc,phases      ] GC(59) Phase 4: Move objects 3.202ms
[2026-06-17T10:04:21.439+0800][3.341s][info][gc,heap        ] GC(59) DefNew: 19641K(19648K)->0K(19648K) Eden: 17465K(17472K)->0K(17472K) From: 2175K(2176K)->0K(2176K)
[2026-06-17T10:04:21.440+0800][3.342s][info][gc,heap        ] GC(59) Tenured: 38505K(43712K)->27737K(43712K)
[2026-06-17T10:04:21.440+0800][3.342s][info][gc,metaspace   ] GC(59) Metaspace: 111K(320K)->111K(320K) NonClass: 104K(192K)->104K(192K) Class: 7K(128K)->7K(128K)
[2026-06-17T10:04:21.441+0800][3.344s][info][gc             ] GC(59) Pause Full (Allocation Failure) 56M->27M(61M) 14.434ms
[2026-06-17T10:04:21.442+0800][3.344s][info][gc,cpu         ] GC(59) User=0.01s Sys=0.00s Real=0.01s
[2026-06-17T10:04:21.486+0800][3.388s][info][gc,start       ] GC(60) Pause Young (Allocation Failure)
[2026-06-17T10:04:21.493+0800][3.395s][info][gc,heap        ] GC(60) DefNew: 17470K(19648K)->2174K(19648K) Eden: 17470K(17472K)->0K(17472K) From: 0K(2176K)->2174K(2176K)
[2026-06-17T10:04:21.494+0800][3.396s][info][gc,heap        ] GC(60) Tenured: 27737K(43712K)->32479K(43712K)
[2026-06-17T10:04:21.495+0800][3.397s][info][gc,metaspace   ] GC(60) Metaspace: 111K(320K)->111K(320K) NonClass: 104K(192K)->104K(192K) Class: 7K(128K)->7K(128K)
[2026-06-17T10:04:21.496+0800][3.398s][info][gc             ] GC(60) Pause Young (Allocation Failure) 44M->33M(61M) 10.015ms
[2026-06-17T10:04:21.508+0800][3.410s][info][gc,cpu         ] GC(60) User=0.00s Sys=0.00s Real=0.02s
[2026-06-17T10:04:21.552+0800][3.454s][info][gc,start       ] GC(61) Pause Young (Allocation Failure)
[2026-06-17T10:04:21.594+0800][3.496s][info][gc,heap        ] GC(61) DefNew: 19646K(19648K)->2170K(19648K) Eden: 17472K(17472K)->0K(17472K) From: 2174K(2176K)->2170K(2176K)
[2026-06-17T10:04:21.595+0800][3.497s][info][gc,heap        ] GC(61) Tenured: 32479K(43712K)->36416K(43712K)
[2026-06-17T10:04:21.598+0800][3.500s][info][gc,metaspace   ] GC(61) Metaspace: 114K(320K)->114K(320K) NonClass: 107K(192K)->107K(192K) Class: 7K(128K)->7K(128K)
[2026-06-17T10:04:21.601+0800][3.503s][info][gc             ] GC(61) Pause Young (Allocation Failure) 50M->37M(61M) 49.077ms
[2026-06-17T10:04:21.607+0800][3.509s][info][gc,cpu         ] GC(61) User=0.00s Sys=0.00s Real=0.05s
[2026-06-17T10:04:21.651+0800][3.553s][info][gc,start       ] GC(62) Pause Full (Allocation Failure)
[2026-06-17T10:04:21.651+0800][3.553s][info][gc,phases,start] GC(62) Phase 1: Mark live objects
[2026-06-17T10:04:21.656+0800][3.558s][info][gc,phases      ] GC(62) Phase 1: Mark live objects 5.040ms
[2026-06-17T10:04:21.659+0800][3.561s][info][gc,phases,start] GC(62) Phase 2: Compute new object addresses
[2026-06-17T10:04:21.662+0800][3.564s][info][gc,phases      ] GC(62) Phase 2: Compute new object addresses 3.398ms
[2026-06-17T10:04:21.663+0800][3.565s][info][gc,phases,start] GC(62) Phase 3: Adjust pointers
[2026-06-17T10:04:21.667+0800][3.569s][info][gc,phases      ] GC(62) Phase 3: Adjust pointers 3.867ms
[2026-06-17T10:04:21.675+0800][3.578s][info][gc,phases,start] GC(62) Phase 4: Move objects
[2026-06-17T10:04:21.680+0800][3.582s][info][gc,phases      ] GC(62) Phase 4: Move objects 4.326ms
[2026-06-17T10:04:21.683+0800][3.585s][info][gc,heap        ] GC(62) DefNew: 19603K(19648K)->0K(19648K) Eden: 17432K(17472K)->0K(17472K) From: 2170K(2176K)->0K(2176K)
[2026-06-17T10:04:21.683+0800][3.586s][info][gc,heap        ] GC(62) Tenured: 36416K(43712K)->23510K(43712K)
[2026-06-17T10:04:21.687+0800][3.589s][info][gc,metaspace   ] GC(62) Metaspace: 114K(320K)->114K(320K) NonClass: 107K(192K)->107K(192K) Class: 7K(128K)->7K(128K)
[2026-06-17T10:04:21.689+0800][3.591s][info][gc             ] GC(62) Pause Full (Allocation Failure) 54M->22M(61M) 38.063ms
[2026-06-17T10:04:21.692+0800][3.594s][info][gc,cpu         ] GC(62) User=0.00s Sys=0.00s Real=0.04s
[2026-06-17T10:04:21.735+0800][3.637s][info][gc,start       ] GC(63) Pause Young (Allocation Failure)
[2026-06-17T10:04:21.739+0800][3.641s][info][gc,heap        ] GC(63) DefNew: 17472K(19648K)->2175K(19648K) Eden: 17472K(17472K)->0K(17472K) From: 0K(2176K)->2175K(2176K)
[2026-06-17T10:04:21.740+0800][3.642s][info][gc,heap        ] GC(63) Tenured: 23510K(43712K)->28580K(43712K)
[2026-06-17T10:04:21.742+0800][3.644s][info][gc,metaspace   ] GC(63) Metaspace: 114K(320K)->114K(320K) NonClass: 107K(192K)->107K(192K) Class: 7K(128K)->7K(128K)
[2026-06-17T10:04:21.745+0800][3.648s][info][gc             ] GC(63) Pause Young (Allocation Failure) 40M->30M(61M) 10.286ms
[2026-06-17T10:04:21.747+0800][3.650s][info][gc,cpu         ] GC(63) User=0.00s Sys=0.00s Real=0.01s
[2026-06-17T10:04:21.803+0800][3.705s][info][gc,start       ] GC(64) Pause Young (Allocation Failure)
[2026-06-17T10:04:21.805+0800][3.707s][info][gc,heap        ] GC(64) DefNew: 19631K(19648K)->2069K(19648K) Eden: 17455K(17472K)->0K(17472K) From: 2175K(2176K)->2069K(2176K)
[2026-06-17T10:04:21.805+0800][3.707s][info][gc,heap        ] GC(64) Tenured: 28580K(43712K)->29924K(43712K)
[2026-06-17T10:04:21.806+0800][3.708s][info][gc,metaspace   ] GC(64) Metaspace: 114K(320K)->114K(320K) NonClass: 107K(192K)->107K(192K) Class: 7K(128K)->7K(128K)
[2026-06-17T10:04:21.807+0800][3.709s][info][gc             ] GC(64) Pause Young (Allocation Failure) 47M->31M(61M) 3.648ms
[2026-06-17T10:04:21.807+0800][3.709s][info][gc,cpu         ] GC(64) User=0.00s Sys=0.00s Real=0.00s
[2026-06-17T10:04:21.852+0800][3.754s][info][gc,start       ] GC(65) Pause Young (Allocation Failure)
[2026-06-17T10:04:21.854+0800][3.757s][info][gc,heap        ] GC(65) DefNew: 19540K(19648K)->2097K(19648K) Eden: 17471K(17472K)->0K(17472K) From: 2069K(2176K)->2097K(2176K)
[2026-06-17T10:04:21.855+0800][3.757s][info][gc,heap        ] GC(65) Tenured: 29924K(43712K)->33289K(43712K)
[2026-06-17T10:04:21.856+0800][3.758s][info][gc,metaspace   ] GC(65) Metaspace: 114K(320K)->114K(320K) NonClass: 107K(192K)->107K(192K) Class: 7K(128K)->7K(128K)
[2026-06-17T10:04:21.856+0800][3.759s][info][gc             ] GC(65) Pause Young (Allocation Failure) 48M->34M(61M) 4.317ms
[2026-06-17T10:04:21.857+0800][3.759s][info][gc,cpu         ] GC(65) User=0.00s Sys=0.00s Real=0.00s
[2026-06-17T10:04:21.902+0800][3.804s][info][gc,start       ] GC(66) Pause Young (Allocation Failure)
[2026-06-17T10:04:21.905+0800][3.807s][info][gc,heap        ] GC(66) DefNew: 19569K(19648K)->1993K(19648K) Eden: 17472K(17472K)->0K(17472K) From: 2097K(2176K)->1993K(2176K)
[2026-06-17T10:04:21.906+0800][3.808s][info][gc,heap        ] GC(66) Tenured: 33289K(43712K)->37159K(43712K)
[2026-06-17T10:04:21.906+0800][3.808s][info][gc,metaspace   ] GC(66) Metaspace: 114K(320K)->114K(320K) NonClass: 107K(192K)->107K(192K) Class: 7K(128K)->7K(128K)
[2026-06-17T10:04:21.907+0800][3.809s][info][gc             ] GC(66) Pause Young (Allocation Failure) 51M->38M(61M) 4.984ms
[2026-06-17T10:04:21.908+0800][3.810s][info][gc,cpu         ] GC(66) User=0.01s Sys=0.00s Real=0.01s
[2026-06-17T10:04:21.952+0800][3.855s][info][gc,start       ] GC(67) Pause Full (Allocation Failure)
[2026-06-17T10:04:21.954+0800][3.856s][info][gc,phases,start] GC(67) Phase 1: Mark live objects
[2026-06-17T10:04:21.956+0800][3.859s][info][gc,phases      ] GC(67) Phase 1: Mark live objects 2.848ms
[2026-06-17T10:04:21.958+0800][3.860s][info][gc,phases,start] GC(67) Phase 2: Compute new object addresses
[2026-06-17T10:04:21.959+0800][3.862s][info][gc,phases      ] GC(67) Phase 2: Compute new object addresses 1.309ms
[2026-06-17T10:04:21.960+0800][3.862s][info][gc,phases,start] GC(67) Phase 3: Adjust pointers
[2026-06-17T10:04:21.961+0800][3.863s][info][gc,phases      ] GC(67) Phase 3: Adjust pointers 1.046ms
[2026-06-17T10:04:21.961+0800][3.864s][info][gc,phases,start] GC(67) Phase 4: Move objects
[2026-06-17T10:04:21.964+0800][3.866s][info][gc,phases      ] GC(67) Phase 4: Move objects 2.524ms
[2026-06-17T10:04:21.965+0800][3.867s][info][gc,heap        ] GC(67) DefNew: 19453K(19648K)->0K(19648K) Eden: 17460K(17472K)->0K(17472K) From: 1993K(2176K)->0K(2176K)
[2026-06-17T10:04:21.965+0800][3.867s][info][gc,heap        ] GC(67) Tenured: 37159K(43712K)->28375K(43712K)
[2026-06-17T10:04:21.965+0800][3.867s][info][gc,metaspace   ] GC(67) Metaspace: 114K(320K)->114K(320K) NonClass: 107K(192K)->107K(192K) Class: 7K(128K)->7K(128K)
[2026-06-17T10:04:21.965+0800][3.868s][info][gc             ] GC(67) Pause Full (Allocation Failure) 55M->27M(61M) 12.953ms
[2026-06-17T10:04:21.966+0800][3.868s][info][gc,cpu         ] GC(67) User=0.00s Sys=0.00s Real=0.01s
[2026-06-17T10:04:22.009+0800][3.911s][info][gc,start       ] GC(68) Pause Young (Allocation Failure)
[2026-06-17T10:04:22.011+0800][3.914s][info][gc,heap        ] GC(68) DefNew: 17472K(19648K)->2170K(19648K) Eden: 17472K(17472K)->0K(17472K) From: 0K(2176K)->2170K(2176K)
[2026-06-17T10:04:22.012+0800][3.914s][info][gc,heap        ] GC(68) Tenured: 28375K(43712K)->33106K(43712K)
[2026-06-17T10:04:22.013+0800][3.915s][info][gc,metaspace   ] GC(68) Metaspace: 114K(320K)->114K(320K) NonClass: 107K(192K)->107K(192K) Class: 7K(128K)->7K(128K)
[2026-06-17T10:04:22.013+0800][3.915s][info][gc             ] GC(68) Pause Young (Allocation Failure) 44M->34M(61M) 4.333ms
[2026-06-17T10:04:22.014+0800][3.916s][info][gc,cpu         ] GC(68) User=0.00s Sys=0.00s Real=0.01s
[2026-06-17T10:04:22.069+0800][3.971s][info][gc,start       ] GC(69) Pause Young (Allocation Failure)
[2026-06-17T10:04:22.070+0800][3.972s][info][gc,heap        ] GC(69) DefNew: 19642K(19648K)->2087K(19648K) Eden: 17472K(17472K)->0K(17472K) From: 2170K(2176K)->2087K(2176K)
[2026-06-17T10:04:22.071+0800][3.973s][info][gc,heap        ] GC(69) Tenured: 33106K(43712K)->34469K(43712K)
[2026-06-17T10:04:22.071+0800][3.973s][info][gc,metaspace   ] GC(69) Metaspace: 114K(320K)->114K(320K) NonClass: 107K(192K)->107K(192K) Class: 7K(128K)->7K(128K)
[2026-06-17T10:04:22.071+0800][3.974s][info][gc             ] GC(69) Pause Young (Allocation Failure) 51M->35M(61M) 2.836ms
[2026-06-17T10:04:22.072+0800][3.974s][info][gc,cpu         ] GC(69) User=0.00s Sys=0.00s Real=0.01s
[2026-06-17T10:04:22.115+0800][4.017s][info][gc,start       ] GC(70) Pause Young (Allocation Failure)
[2026-06-17T10:04:22.117+0800][4.019s][info][gc,heap        ] GC(70) DefNew: 19559K(19648K)->2157K(19648K) Eden: 17472K(17472K)->0K(17472K) From: 2087K(2176K)->2157K(2176K)
[2026-06-17T10:04:22.117+0800][4.020s][info][gc,heap        ] GC(70) Tenured: 34469K(43712K)->38380K(43712K)
[2026-06-17T10:04:22.118+0800][4.020s][info][gc,metaspace   ] GC(70) Metaspace: 114K(320K)->114K(320K) NonClass: 107K(192K)->107K(192K) Class: 7K(128K)->7K(128K)
[2026-06-17T10:04:22.118+0800][4.020s][info][gc             ] GC(70) Pause Young (Allocation Failure) 52M->39M(61M) 2.971ms
[2026-06-17T10:04:22.118+0800][4.021s][info][gc,cpu         ] GC(70) User=0.01s Sys=0.00s Real=0.00s
[2026-06-17T10:04:22.161+0800][4.063s][info][gc,start       ] GC(71) Pause Full (Allocation Failure)
[2026-06-17T10:04:22.164+0800][4.066s][info][gc,phases,start] GC(71) Phase 1: Mark live objects
[2026-06-17T10:04:22.166+0800][4.068s][info][gc,phases      ] GC(71) Phase 1: Mark live objects 1.947ms
[2026-06-17T10:04:22.167+0800][4.069s][info][gc,phases,start] GC(71) Phase 2: Compute new object addresses
[2026-06-17T10:04:22.169+0800][4.071s][info][gc,phases      ] GC(71) Phase 2: Compute new object addresses 2.026ms
[2026-06-17T10:04:22.169+0800][4.071s][info][gc,phases,start] GC(71) Phase 3: Adjust pointers
[2026-06-17T10:04:22.171+0800][4.073s][info][gc,phases      ] GC(71) Phase 3: Adjust pointers 1.298ms
[2026-06-17T10:04:22.171+0800][4.073s][info][gc,phases,start] GC(71) Phase 4: Move objects
[2026-06-17T10:04:22.174+0800][4.076s][info][gc,phases      ] GC(71) Phase 4: Move objects 2.763ms
[2026-06-17T10:04:22.174+0800][4.076s][info][gc,heap        ] GC(71) DefNew: 19623K(19648K)->0K(19648K) Eden: 17465K(17472K)->0K(17472K) From: 2157K(2176K)->0K(2176K)
[2026-06-17T10:04:22.175+0800][4.077s][info][gc,heap        ] GC(71) Tenured: 38380K(43712K)->30438K(43712K)
[2026-06-17T10:04:22.175+0800][4.077s][info][gc,metaspace   ] GC(71) Metaspace: 114K(320K)->114K(320K) NonClass: 107K(192K)->107K(192K) Class: 7K(128K)->7K(128K)
[2026-06-17T10:04:22.175+0800][4.077s][info][gc             ] GC(71) Pause Full (Allocation Failure) 56M->29M(61M) 14.052ms
[2026-06-17T10:04:22.175+0800][4.078s][info][gc,cpu         ] GC(71) User=0.00s Sys=0.00s Real=0.02s
[2026-06-17T10:04:22.218+0800][4.120s][info][gc,start       ] GC(72) Pause Young (Allocation Failure)
[2026-06-17T10:04:22.219+0800][4.121s][info][gc,heap        ] GC(72) DefNew: 17385K(19648K)->2168K(19648K) Eden: 17385K(17472K)->0K(17472K) From: 0K(2176K)->2168K(2176K)
[2026-06-17T10:04:22.219+0800][4.121s][info][gc,heap        ] GC(72) Tenured: 30438K(43712K)->31897K(43712K)
[2026-06-17T10:04:22.219+0800][4.122s][info][gc,metaspace   ] GC(72) Metaspace: 114K(320K)->114K(320K) NonClass: 107K(192K)->107K(192K) Class: 7K(128K)->7K(128K)
[2026-06-17T10:04:22.220+0800][4.122s][info][gc             ] GC(72) Pause Young (Allocation Failure) 46M->33M(61M) 1.634ms
[2026-06-17T10:04:22.220+0800][4.122s][info][gc,cpu         ] GC(72) User=0.01s Sys=0.00s Real=0.00s
[2026-06-17T10:04:22.262+0800][4.164s][info][gc,start       ] GC(73) Pause Young (Allocation Failure)
[2026-06-17T10:04:22.264+0800][4.166s][info][gc,heap        ] GC(73) DefNew: 19633K(19648K)->2169K(19648K) Eden: 17464K(17472K)->0K(17472K) From: 2168K(2176K)->2169K(2176K)
[2026-06-17T10:04:22.264+0800][4.166s][info][gc,heap        ] GC(73) Tenured: 31897K(43712K)->38959K(43712K)
[2026-06-17T10:04:22.264+0800][4.166s][info][gc,metaspace   ] GC(73) Metaspace: 114K(320K)->114K(320K) NonClass: 107K(192K)->107K(192K) Class: 7K(128K)->7K(128K)
[2026-06-17T10:04:22.264+0800][4.167s][info][gc             ] GC(73) Pause Young (Allocation Failure) 50M->40M(61M) 2.458ms
[2026-06-17T10:04:22.265+0800][4.167s][info][gc,cpu         ] GC(73) User=0.00s Sys=0.00s Real=0.01s
[2026-06-17T10:04:22.318+0800][4.220s][info][gc,start       ] GC(74) Pause Full (Allocation Failure)
[2026-06-17T10:04:22.322+0800][4.224s][info][gc,phases,start] GC(74) Phase 1: Mark live objects
[2026-06-17T10:04:22.325+0800][4.227s][info][gc,phases      ] GC(74) Phase 1: Mark live objects 3.745ms
[2026-06-17T10:04:22.327+0800][4.229s][info][gc,phases,start] GC(74) Phase 2: Compute new object addresses
[2026-06-17T10:04:22.330+0800][4.232s][info][gc,phases      ] GC(74) Phase 2: Compute new object addresses 3.375ms
[2026-06-17T10:04:22.330+0800][4.233s][info][gc,phases,start] GC(74) Phase 3: Adjust pointers
[2026-06-17T10:04:22.331+0800][4.233s][info][gc,phases      ] GC(74) Phase 3: Adjust pointers 0.553ms
[2026-06-17T10:04:22.331+0800][4.233s][info][gc,phases,start] GC(74) Phase 4: Move objects
[2026-06-17T10:04:22.333+0800][4.235s][info][gc,phases      ] GC(74) Phase 4: Move objects 1.834ms
[2026-06-17T10:04:22.333+0800][4.235s][info][gc,heap        ] GC(74) DefNew: 19641K(19648K)->0K(19648K) Eden: 17472K(17472K)->0K(17472K) From: 2169K(2176K)->0K(2176K)
[2026-06-17T10:04:22.333+0800][4.236s][info][gc,heap        ] GC(74) Tenured: 38959K(43712K)->28560K(43712K)
[2026-06-17T10:04:22.334+0800][4.236s][info][gc,metaspace   ] GC(74) Metaspace: 114K(320K)->114K(320K) NonClass: 107K(192K)->107K(192K) Class: 7K(128K)->7K(128K)
[2026-06-17T10:04:22.334+0800][4.236s][info][gc             ] GC(74) Pause Full (Allocation Failure) 57M->27M(61M) 16.094ms
[2026-06-17T10:04:22.334+0800][4.236s][info][gc,cpu         ] GC(74) User=0.00s Sys=0.00s Real=0.02s
[2026-06-17T10:04:22.366+0800][4.268s][info][gc,start       ] GC(75) Pause Young (Allocation Failure)
[2026-06-17T10:04:22.367+0800][4.270s][info][gc,heap        ] GC(75) DefNew: 17132K(19648K)->2167K(19648K) Eden: 17132K(17472K)->0K(17472K) From: 0K(2176K)->2167K(2176K)
[2026-06-17T10:04:22.368+0800][4.270s][info][gc,heap        ] GC(75) Tenured: 28560K(43712K)->32956K(43712K)
[2026-06-17T10:04:22.368+0800][4.270s][info][gc,metaspace   ] GC(75) Metaspace: 114K(320K)->114K(320K) NonClass: 107K(192K)->107K(192K) Class: 7K(128K)->7K(128K)
[2026-06-17T10:04:22.368+0800][4.271s][info][gc             ] GC(75) Pause Young (Allocation Failure) 44M->34M(61M) 2.720ms
[2026-06-17T10:04:22.369+0800][4.271s][info][gc,cpu         ] GC(75) User=0.00s Sys=0.00s Real=0.00s
[2026-06-17T10:04:22.423+0800][4.325s][info][gc,start       ] GC(76) Pause Young (Allocation Failure)
[2026-06-17T10:04:22.425+0800][4.328s][info][gc,heap        ] GC(76) DefNew: 19610K(19648K)->2094K(19648K) Eden: 17443K(17472K)->0K(17472K) From: 2167K(2176K)->2094K(2176K)
[2026-06-17T10:04:22.426+0800][4.328s][info][gc,heap        ] GC(76) Tenured: 32956K(43712K)->36416K(43712K)
[2026-06-17T10:04:22.427+0800][4.329s][info][gc,metaspace   ] GC(76) Metaspace: 114K(320K)->114K(320K) NonClass: 107K(192K)->107K(192K) Class: 7K(128K)->7K(128K)
[2026-06-17T10:04:22.427+0800][4.329s][info][gc             ] GC(76) Pause Young (Allocation Failure) 51M->37M(61M) 4.126ms
[2026-06-17T10:04:22.428+0800][4.330s][info][gc,cpu         ] GC(76) User=0.00s Sys=0.00s Real=0.00s
[2026-06-17T10:04:22.472+0800][4.374s][info][gc,start       ] GC(77) Pause Full (Allocation Failure)
[2026-06-17T10:04:22.473+0800][4.376s][info][gc,phases,start] GC(77) Phase 1: Mark live objects
[2026-06-17T10:04:22.476+0800][4.378s][info][gc,phases      ] GC(77) Phase 1: Mark live objects 2.836ms
[2026-06-17T10:04:22.477+0800][4.379s][info][gc,phases,start] GC(77) Phase 2: Compute new object addresses
[2026-06-17T10:04:22.479+0800][4.381s][info][gc,phases      ] GC(77) Phase 2: Compute new object addresses 1.794ms
[2026-06-17T10:04:22.480+0800][4.382s][info][gc,phases,start] GC(77) Phase 3: Adjust pointers
[2026-06-17T10:04:22.482+0800][4.384s][info][gc,phases      ] GC(77) Phase 3: Adjust pointers 1.678ms
[2026-06-17T10:04:22.483+0800][4.386s][info][gc,phases,start] GC(77) Phase 4: Move objects
[2026-06-17T10:04:22.487+0800][4.389s][info][gc,phases      ] GC(77) Phase 4: Move objects 3.859ms
[2026-06-17T10:04:22.488+0800][4.390s][info][gc,heap        ] GC(77) DefNew: 19541K(19648K)->0K(19648K) Eden: 17447K(17472K)->0K(17472K) From: 2094K(2176K)->0K(2176K)
[2026-06-17T10:04:22.489+0800][4.391s][info][gc,heap        ] GC(77) Tenured: 36416K(43712K)->29720K(43712K)
[2026-06-17T10:04:22.490+0800][4.392s][info][gc,metaspace   ] GC(77) Metaspace: 114K(320K)->114K(320K) NonClass: 107K(192K)->107K(192K) Class: 7K(128K)->7K(128K)
[2026-06-17T10:04:22.490+0800][4.392s][info][gc             ] GC(77) Pause Full (Allocation Failure) 54M->29M(61M) 18.159ms
[2026-06-17T10:04:22.491+0800][4.393s][info][gc,cpu         ] GC(77) User=0.01s Sys=0.00s Real=0.02s
[2026-06-17T10:04:22.534+0800][4.436s][info][gc,start       ] GC(78) Pause Young (Allocation Failure)
[2026-06-17T10:04:22.535+0800][4.438s][info][gc,heap        ] GC(78) DefNew: 17417K(19648K)->2175K(19648K) Eden: 17417K(17472K)->0K(17472K) From: 0K(2176K)->2175K(2176K)
[2026-06-17T10:04:22.536+0800][4.438s][info][gc,heap        ] GC(78) Tenured: 29720K(43712K)->34843K(43712K)
[2026-06-17T10:04:22.536+0800][4.439s][info][gc,metaspace   ] GC(78) Metaspace: 114K(320K)->114K(320K) NonClass: 107K(192K)->107K(192K) Class: 7K(128K)->7K(128K)
[2026-06-17T10:04:22.537+0800][4.439s][info][gc             ] GC(78) Pause Young (Allocation Failure) 46M->36M(61M) 2.749ms
[2026-06-17T10:04:22.537+0800][4.439s][info][gc,cpu         ] GC(78) User=0.00s Sys=0.00s Real=0.00s
[2026-06-17T10:04:22.580+0800][4.482s][info][gc,start       ] GC(79) Pause Young (Allocation Failure)
[2026-06-17T10:04:22.581+0800][4.483s][info][gc,heap        ] GC(79) DefNew: 19647K(19648K)->2167K(19648K) Eden: 17472K(17472K)->0K(17472K) From: 2175K(2176K)->2167K(2176K)
[2026-06-17T10:04:22.582+0800][4.484s][info][gc,heap        ] GC(79) Tenured: 34843K(43712K)->39308K(43712K)
[2026-06-17T10:04:22.582+0800][4.484s][info][gc,metaspace   ] GC(79) Metaspace: 114K(320K)->114K(320K) NonClass: 107K(192K)->107K(192K) Class: 7K(128K)->7K(128K)
[2026-06-17T10:04:22.582+0800][4.485s][info][gc             ] GC(79) Pause Young (Allocation Failure) 53M->40M(61M) 2.535ms
[2026-06-17T10:04:22.583+0800][4.485s][info][gc,cpu         ] GC(79) User=0.00s Sys=0.00s Real=0.01s
[2026-06-17T10:04:22.635+0800][4.537s][info][gc,start       ] GC(80) Pause Full (Allocation Failure)
[2026-06-17T10:04:22.636+0800][4.538s][info][gc,phases,start] GC(80) Phase 1: Mark live objects
[2026-06-17T10:04:22.638+0800][4.540s][info][gc,phases      ] GC(80) Phase 1: Mark live objects 2.039ms
[2026-06-17T10:04:22.638+0800][4.540s][info][gc,phases,start] GC(80) Phase 2: Compute new object addresses
[2026-06-17T10:04:22.639+0800][4.541s][info][gc,phases      ] GC(80) Phase 2: Compute new object addresses 0.509ms
[2026-06-17T10:04:22.639+0800][4.541s][info][gc,phases,start] GC(80) Phase 3: Adjust pointers
[2026-06-17T10:04:22.639+0800][4.542s][info][gc,phases      ] GC(80) Phase 3: Adjust pointers 0.579ms
[2026-06-17T10:04:22.640+0800][4.542s][info][gc,phases,start] GC(80) Phase 4: Move objects
[2026-06-17T10:04:22.641+0800][4.544s][info][gc,phases      ] GC(80) Phase 4: Move objects 1.809ms
[2026-06-17T10:04:22.642+0800][4.544s][info][gc,heap        ] GC(80) DefNew: 19623K(19648K)->0K(19648K) Eden: 17456K(17472K)->0K(17472K) From: 2167K(2176K)->0K(2176K)
[2026-06-17T10:04:22.642+0800][4.544s][info][gc,heap        ] GC(80) Tenured: 39308K(43712K)->27899K(43712K)
[2026-06-17T10:04:22.642+0800][4.544s][info][gc,metaspace   ] GC(80) Metaspace: 114K(320K)->114K(320K) NonClass: 107K(192K)->107K(192K) Class: 7K(128K)->7K(128K)
[2026-06-17T10:04:22.643+0800][4.545s][info][gc             ] GC(80) Pause Full (Allocation Failure) 57M->27M(61M) 7.332ms
[2026-06-17T10:04:22.643+0800][4.545s][info][gc,cpu         ] GC(80) User=0.00s Sys=0.00s Real=0.01s
[2026-06-17T10:04:22.686+0800][4.588s][info][gc,start       ] GC(81) Pause Young (Allocation Failure)
[2026-06-17T10:04:22.687+0800][4.590s][info][gc,heap        ] GC(81) DefNew: 17442K(19648K)->2171K(19648K) Eden: 17442K(17472K)->0K(17472K) From: 0K(2176K)->2171K(2176K)
[2026-06-17T10:04:22.688+0800][4.591s][info][gc,heap        ] GC(81) Tenured: 27899K(43712K)->33027K(43712K)
[2026-06-17T10:04:22.690+0800][4.593s][info][gc,metaspace   ] GC(81) Metaspace: 114K(320K)->114K(320K) NonClass: 107K(192K)->107K(192K) Class: 7K(128K)->7K(128K)
[2026-06-17T10:04:22.691+0800][4.593s][info][gc             ] GC(81) Pause Young (Allocation Failure) 44M->34M(61M) 5.212ms
[2026-06-17T10:04:22.691+0800][4.593s][info][gc,cpu         ] GC(81) User=0.01s Sys=0.00s Real=0.01s
[2026-06-17T10:04:22.734+0800][4.636s][info][gc,start       ] GC(82) Pause Young (Allocation Failure)
[2026-06-17T10:04:22.735+0800][4.638s][info][gc,heap        ] GC(82) DefNew: 19643K(19648K)->2175K(19648K) Eden: 17472K(17472K)->0K(17472K) From: 2171K(2176K)->2175K(2176K)
[2026-06-17T10:04:22.736+0800][4.638s][info][gc,heap        ] GC(82) Tenured: 33027K(43712K)->37834K(43712K)
[2026-06-17T10:04:22.736+0800][4.638s][info][gc,metaspace   ] GC(82) Metaspace: 114K(320K)->114K(320K) NonClass: 107K(192K)->107K(192K) Class: 7K(128K)->7K(128K)
[2026-06-17T10:04:22.736+0800][4.639s][info][gc             ] GC(82) Pause Young (Allocation Failure) 51M->39M(61M) 2.312ms
[2026-06-17T10:04:22.737+0800][4.639s][info][gc,cpu         ] GC(82) User=0.00s Sys=0.00s Real=0.00s
[2026-06-17T10:04:22.789+0800][4.691s][info][gc,start       ] GC(83) Pause Full (Allocation Failure)
[2026-06-17T10:04:22.790+0800][4.692s][info][gc,phases,start] GC(83) Phase 1: Mark live objects
[2026-06-17T10:04:22.791+0800][4.693s][info][gc,phases      ] GC(83) Phase 1: Mark live objects 1.233ms
[2026-06-17T10:04:22.791+0800][4.693s][info][gc,phases,start] GC(83) Phase 2: Compute new object addresses
[2026-06-17T10:04:22.792+0800][4.694s][info][gc,phases      ] GC(83) Phase 2: Compute new object addresses 0.593ms
[2026-06-17T10:04:22.792+0800][4.694s][info][gc,phases,start] GC(83) Phase 3: Adjust pointers
[2026-06-17T10:04:22.793+0800][4.695s][info][gc,phases      ] GC(83) Phase 3: Adjust pointers 0.578ms
[2026-06-17T10:04:22.793+0800][4.695s][info][gc,phases,start] GC(83) Phase 4: Move objects
[2026-06-17T10:04:22.795+0800][4.697s][info][gc,phases      ] GC(83) Phase 4: Move objects 2.116ms
[2026-06-17T10:04:22.795+0800][4.698s][info][gc,heap        ] GC(83) DefNew: 19635K(19648K)->0K(19648K) Eden: 17459K(17472K)->0K(17472K) From: 2175K(2176K)->0K(2176K)
[2026-06-17T10:04:22.796+0800][4.698s][info][gc,heap        ] GC(83) Tenured: 37834K(43712K)->20351K(43712K)
[2026-06-17T10:04:22.796+0800][4.698s][info][gc,metaspace   ] GC(83) Metaspace: 114K(320K)->114K(320K) NonClass: 107K(192K)->107K(192K) Class: 7K(128K)->7K(128K)
[2026-06-17T10:04:22.796+0800][4.698s][info][gc             ] GC(83) Pause Full (Allocation Failure) 56M->19M(61M) 6.860ms
[2026-06-17T10:04:22.796+0800][4.698s][info][gc,cpu         ] GC(83) User=0.00s Sys=0.00s Real=0.01s
[2026-06-17T10:04:22.838+0800][4.741s][info][gc,start       ] GC(84) Pause Young (Allocation Failure)
[2026-06-17T10:04:22.840+0800][4.742s][info][gc,heap        ] GC(84) DefNew: 17472K(19648K)->2170K(19648K) Eden: 17472K(17472K)->0K(17472K) From: 0K(2176K)->2170K(2176K)
[2026-06-17T10:04:22.840+0800][4.743s][info][gc,heap        ] GC(84) Tenured: 20351K(43712K)->25016K(43712K)
[2026-06-17T10:04:22.841+0800][4.743s][info][gc,metaspace   ] GC(84) Metaspace: 114K(320K)->114K(320K) NonClass: 107K(192K)->107K(192K) Class: 7K(128K)->7K(128K)
[2026-06-17T10:04:22.841+0800][4.743s][info][gc             ] GC(84) Pause Young (Allocation Failure) 36M->26M(61M) 2.605ms
[2026-06-17T10:04:22.841+0800][4.743s][info][gc,cpu         ] GC(84) User=0.00s Sys=0.00s Real=0.00s
[2026-06-17T10:04:22.884+0800][4.786s][info][gc,start       ] GC(85) Pause Young (Allocation Failure)
[2026-06-17T10:04:22.886+0800][4.788s][info][gc,heap        ] GC(85) DefNew: 19636K(19648K)->2120K(19648K) Eden: 17466K(17472K)->0K(17472K) From: 2170K(2176K)->2120K(2176K)
[2026-06-17T10:04:22.886+0800][4.789s][info][gc,heap        ] GC(85) Tenured: 25016K(43712K)->30153K(43712K)
[2026-06-17T10:04:22.887+0800][4.789s][info][gc,metaspace   ] GC(85) Metaspace: 114K(320K)->114K(320K) NonClass: 107K(192K)->107K(192K) Class: 7K(128K)->7K(128K)
[2026-06-17T10:04:22.888+0800][4.790s][info][gc             ] GC(85) Pause Young (Allocation Failure) 43M->31M(61M) 3.474ms
[2026-06-17T10:04:22.888+0800][4.790s][info][gc,cpu         ] GC(85) User=0.00s Sys=0.00s Real=0.00s
[2026-06-17T10:04:22.931+0800][4.834s][info][gc,start       ] GC(86) Pause Young (Allocation Failure)
[2026-06-17T10:04:22.933+0800][4.835s][info][gc,heap        ] GC(86) DefNew: 19569K(19648K)->2063K(19648K) Eden: 17448K(17472K)->0K(17472K) From: 2120K(2176K)->2063K(2176K)
[2026-06-17T10:04:22.934+0800][4.836s][info][gc,heap        ] GC(86) Tenured: 30153K(43712K)->33886K(43712K)
[2026-06-17T10:04:22.934+0800][4.836s][info][gc,metaspace   ] GC(86) Metaspace: 114K(320K)->114K(320K) NonClass: 107K(192K)->107K(192K) Class: 7K(128K)->7K(128K)
[2026-06-17T10:04:22.935+0800][4.837s][info][gc             ] GC(86) Pause Young (Allocation Failure) 48M->35M(61M) 3.144ms
[2026-06-17T10:04:22.935+0800][4.837s][info][gc,cpu         ] GC(86) User=0.00s Sys=0.00s Real=0.00s
[2026-06-17T10:04:22.979+0800][4.881s][info][gc,start       ] GC(87) Pause Young (Allocation Failure)
[2026-06-17T10:04:22.980+0800][4.882s][info][gc,heap        ] GC(87) DefNew: 19535K(19648K)->2036K(19648K) Eden: 17472K(17472K)->0K(17472K) From: 2063K(2176K)->2036K(2176K)
[2026-06-17T10:04:22.981+0800][4.883s][info][gc,heap        ] GC(87) Tenured: 33886K(43712K)->34204K(43712K)
[2026-06-17T10:04:22.981+0800][4.884s][info][gc,metaspace   ] GC(87) Metaspace: 114K(320K)->114K(320K) NonClass: 107K(192K)->107K(192K) Class: 7K(128K)->7K(128K)
[2026-06-17T10:04:22.982+0800][4.884s][info][gc             ] GC(87) Pause Young (Allocation Failure) 52M->35M(61M) 3.051ms
[2026-06-17T10:04:22.983+0800][4.885s][info][gc,cpu         ] GC(87) User=0.00s Sys=0.00s Real=0.01s
[2026-06-17T10:04:23.037+0800][4.940s][info][gc,start       ] GC(88) Pause Young (Allocation Failure)
[2026-06-17T10:04:23.041+0800][4.943s][info][gc,heap        ] GC(88) DefNew: 19486K(19648K)->2162K(19648K) Eden: 17450K(17472K)->0K(17472K) From: 2036K(2176K)->2162K(2176K)
[2026-06-17T10:04:23.042+0800][4.944s][info][gc,heap        ] GC(88) Tenured: 34204K(43712K)->37428K(43712K)
[2026-06-17T10:04:23.042+0800][4.944s][info][gc,metaspace   ] GC(88) Metaspace: 114K(320K)->114K(320K) NonClass: 107K(192K)->107K(192K) Class: 7K(128K)->7K(128K)
[2026-06-17T10:04:23.043+0800][4.945s][info][gc             ] GC(88) Pause Young (Allocation Failure) 52M->38M(61M) 5.329ms
[2026-06-17T10:04:23.043+0800][4.946s][info][gc,cpu         ] GC(88) User=0.00s Sys=0.00s Real=0.01s
[2026-06-17T10:04:23.087+0800][4.989s][info][gc,start       ] GC(89) Pause Full (Allocation Failure)
[2026-06-17T10:04:23.088+0800][4.990s][info][gc,phases,start] GC(89) Phase 1: Mark live objects
[2026-06-17T10:04:23.089+0800][4.991s][info][gc,phases      ] GC(89) Phase 1: Mark live objects 1.425ms
[2026-06-17T10:04:23.090+0800][4.992s][info][gc,phases,start] GC(89) Phase 2: Compute new object addresses
[2026-06-17T10:04:23.090+0800][4.993s][info][gc,phases      ] GC(89) Phase 2: Compute new object addresses 0.777ms
[2026-06-17T10:04:23.091+0800][4.993s][info][gc,phases,start] GC(89) Phase 3: Adjust pointers
[2026-06-17T10:04:23.092+0800][4.994s][info][gc,phases      ] GC(89) Phase 3: Adjust pointers 0.893ms
[2026-06-17T10:04:23.092+0800][4.994s][info][gc,phases,start] GC(89) Phase 4: Move objects
[2026-06-17T10:04:23.095+0800][4.997s][info][gc,phases      ] GC(89) Phase 4: Move objects 2.661ms
[2026-06-17T10:04:23.095+0800][4.997s][info][gc,heap        ] GC(89) DefNew: 19634K(19648K)->0K(19648K) Eden: 17472K(17472K)->0K(17472K) From: 2162K(2176K)->0K(2176K)
[2026-06-17T10:04:23.095+0800][4.998s][info][gc,heap        ] GC(89) Tenured: 37428K(43712K)->30191K(43712K)
[2026-06-17T10:04:23.096+0800][4.998s][info][gc,metaspace   ] GC(89) Metaspace: 114K(320K)->114K(320K) NonClass: 107K(192K)->107K(192K) Class: 7K(128K)->7K(128K)
[2026-06-17T10:04:23.096+0800][4.998s][info][gc             ] GC(89) Pause Full (Allocation Failure) 55M->29M(61M) 9.119ms
[2026-06-17T10:04:23.096+0800][4.999s][info][gc,cpu         ] GC(89) User=0.01s Sys=0.00s Real=0.01s
[2026-06-17T10:04:23.128+0800][5.031s][info][gc,start       ] GC(90) Pause Young (Allocation Failure)
[2026-06-17T10:04:23.129+0800][5.032s][info][gc,heap        ] GC(90) DefNew: 17196K(19648K)->2159K(19648K) Eden: 17196K(17472K)->0K(17472K) From: 0K(2176K)->2159K(2176K)
[2026-06-17T10:04:23.130+0800][5.032s][info][gc,heap        ] GC(90) Tenured: 30191K(43712K)->33617K(43712K)
[2026-06-17T10:04:23.130+0800][5.032s][info][gc,metaspace   ] GC(90) Metaspace: 114K(320K)->114K(320K) NonClass: 107K(192K)->107K(192K) Class: 7K(128K)->7K(128K)
[2026-06-17T10:04:23.130+0800][5.032s][info][gc             ] GC(90) Pause Young (Allocation Failure) 46M->34M(61M) 1.678ms
[2026-06-17T10:04:23.130+0800][5.032s][info][gc,cpu         ] GC(90) User=0.00s Sys=0.00s Real=0.00s
[2026-06-17T10:04:23.186+0800][5.088s][info][gc,start       ] GC(91) Pause Young (Allocation Failure)
[2026-06-17T10:04:23.187+0800][5.090s][info][gc,heap        ] GC(91) DefNew: 19603K(19648K)->2116K(19648K) Eden: 17444K(17472K)->0K(17472K) From: 2159K(2176K)->2116K(2176K)
[2026-06-17T10:04:23.188+0800][5.090s][info][gc,heap        ] GC(91) Tenured: 33617K(43712K)->37756K(43712K)
[2026-06-17T10:04:23.189+0800][5.091s][info][gc,metaspace   ] GC(91) Metaspace: 114K(320K)->114K(320K) NonClass: 107K(192K)->107K(192K) Class: 7K(128K)->7K(128K)
[2026-06-17T10:04:23.191+0800][5.094s][info][gc             ] GC(91) Pause Young (Allocation Failure) 51M->38M(61M) 5.333ms
[2026-06-17T10:04:23.193+0800][5.096s][info][gc,cpu         ] GC(91) User=0.01s Sys=0.00s Real=0.01s
[2026-06-17T10:04:23.237+0800][5.140s][info][gc,start       ] GC(92) Pause Full (Allocation Failure)
[2026-06-17T10:04:23.238+0800][5.140s][info][gc,phases,start] GC(92) Phase 1: Mark live objects
[2026-06-17T10:04:23.240+0800][5.142s][info][gc,phases      ] GC(92) Phase 1: Mark live objects 1.804ms
[2026-06-17T10:04:23.240+0800][5.142s][info][gc,phases,start] GC(92) Phase 2: Compute new object addresses
[2026-06-17T10:04:23.241+0800][5.143s][info][gc,phases      ] GC(92) Phase 2: Compute new object addresses 0.929ms
[2026-06-17T10:04:23.242+0800][5.144s][info][gc,phases,start] GC(92) Phase 3: Adjust pointers
[2026-06-17T10:04:23.243+0800][5.145s][info][gc,phases      ] GC(92) Phase 3: Adjust pointers 0.920ms
[2026-06-17T10:04:23.243+0800][5.145s][info][gc,phases,start] GC(92) Phase 4: Move objects
[2026-06-17T10:04:23.246+0800][5.148s][info][gc,phases      ] GC(92) Phase 4: Move objects 2.811ms
[2026-06-17T10:04:23.247+0800][5.149s][info][gc,heap        ] GC(92) DefNew: 19588K(19648K)->0K(19648K) Eden: 17472K(17472K)->0K(17472K) From: 2116K(2176K)->0K(2176K)
[2026-06-17T10:04:23.247+0800][5.149s][info][gc,heap        ] GC(92) Tenured: 37756K(43712K)->27485K(43712K)
[2026-06-17T10:04:23.247+0800][5.150s][info][gc,metaspace   ] GC(92) Metaspace: 114K(320K)->114K(320K) NonClass: 107K(192K)->107K(192K) Class: 7K(128K)->7K(128K)
[2026-06-17T10:04:23.248+0800][5.150s][info][gc             ] GC(92) Pause Full (Allocation Failure) 56M->26M(61M) 10.467ms
[2026-06-17T10:04:23.248+0800][5.150s][info][gc,cpu         ] GC(92) User=0.00s Sys=0.00s Real=0.01s
[2026-06-17T10:04:23.291+0800][5.193s][info][gc,start       ] GC(93) Pause Young (Allocation Failure)
[2026-06-17T10:04:23.293+0800][5.195s][info][gc,heap        ] GC(93) DefNew: 17420K(19648K)->2168K(19648K) Eden: 17420K(17472K)->0K(17472K) From: 0K(2176K)->2168K(2176K)
[2026-06-17T10:04:23.294+0800][5.196s][info][gc,heap        ] GC(93) Tenured: 27485K(43712K)->32176K(43712K)
[2026-06-17T10:04:23.295+0800][5.197s][info][gc,metaspace   ] GC(93) Metaspace: 114K(320K)->114K(320K) NonClass: 107K(192K)->107K(192K) Class: 7K(128K)->7K(128K)
[2026-06-17T10:04:23.295+0800][5.197s][info][gc             ] GC(93) Pause Young (Allocation Failure) 43M->33M(61M) 4.026ms
[2026-06-17T10:04:23.296+0800][5.198s][info][gc,cpu         ] GC(93) User=0.00s Sys=0.00s Real=0.00s
[2026-06-17T10:04:23.339+0800][5.241s][info][gc,start       ] GC(94) Pause Young (Allocation Failure)
[2026-06-17T10:04:23.341+0800][5.243s][info][gc,heap        ] GC(94) DefNew: 19609K(19648K)->2175K(19648K) Eden: 17441K(17472K)->0K(17472K) From: 2168K(2176K)->2175K(2176K)
[2026-06-17T10:04:23.343+0800][5.245s][info][gc,heap        ] GC(94) Tenured: 32176K(43712K)->38966K(43712K)
[2026-06-17T10:04:23.343+0800][5.245s][info][gc,metaspace   ] GC(94) Metaspace: 114K(320K)->114K(320K) NonClass: 107K(192K)->107K(192K) Class: 7K(128K)->7K(128K)
[2026-06-17T10:04:23.343+0800][5.245s][info][gc             ] GC(94) Pause Young (Allocation Failure) 50M->40M(61M) 4.638ms
[2026-06-17T10:04:23.343+0800][5.246s][info][gc,cpu         ] GC(94) User=0.01s Sys=0.00s Real=0.01s
[2026-06-17T10:04:23.386+0800][5.288s][info][gc,start       ] GC(95) Pause Full (Allocation Failure)
[2026-06-17T10:04:23.386+0800][5.288s][info][gc,phases,start] GC(95) Phase 1: Mark live objects
[2026-06-17T10:04:23.388+0800][5.290s][info][gc,phases      ] GC(95) Phase 1: Mark live objects 1.624ms
[2026-06-17T10:04:23.388+0800][5.290s][info][gc,phases,start] GC(95) Phase 2: Compute new object addresses
[2026-06-17T10:04:23.389+0800][5.291s][info][gc,phases      ] GC(95) Phase 2: Compute new object addresses 0.935ms
[2026-06-17T10:04:23.390+0800][5.292s][info][gc,phases,start] GC(95) Phase 3: Adjust pointers
[2026-06-17T10:04:23.391+0800][5.293s][info][gc,phases      ] GC(95) Phase 3: Adjust pointers 0.950ms
[2026-06-17T10:04:23.391+0800][5.293s][info][gc,phases,start] GC(95) Phase 4: Move objects
[2026-06-17T10:04:23.393+0800][5.295s][info][gc,phases      ] GC(95) Phase 4: Move objects 2.316ms
[2026-06-17T10:04:23.394+0800][5.296s][info][gc,heap        ] GC(95) DefNew: 19500K(19648K)->0K(19648K) Eden: 17324K(17472K)->0K(17472K) From: 2175K(2176K)->0K(2176K)
[2026-06-17T10:04:23.394+0800][5.296s][info][gc,heap        ] GC(95) Tenured: 38966K(43712K)->28244K(43712K)
[2026-06-17T10:04:23.395+0800][5.297s][info][gc,metaspace   ] GC(95) Metaspace: 114K(320K)->114K(320K) NonClass: 107K(192K)->107K(192K) Class: 7K(128K)->7K(128K)
[2026-06-17T10:04:23.395+0800][5.297s][info][gc             ] GC(95) Pause Full (Allocation Failure) 57M->27M(61M) 9.182ms
[2026-06-17T10:04:23.395+0800][5.297s][info][gc,cpu         ] GC(95) User=0.00s Sys=0.00s Real=0.01s
[2026-06-17T10:04:23.438+0800][5.340s][info][gc,start       ] GC(96) Pause Young (Allocation Failure)
[2026-06-17T10:04:23.440+0800][5.342s][info][gc,heap        ] GC(96) DefNew: 17472K(19648K)->2175K(19648K) Eden: 17472K(17472K)->0K(17472K) From: 0K(2176K)->2175K(2176K)
[2026-06-17T10:04:23.440+0800][5.342s][info][gc,heap        ] GC(96) Tenured: 28244K(43712K)->33191K(43712K)
[2026-06-17T10:04:23.441+0800][5.343s][info][gc,metaspace   ] GC(96) Metaspace: 114K(320K)->114K(320K) NonClass: 107K(192K)->107K(192K) Class: 7K(128K)->7K(128K)
[2026-06-17T10:04:23.441+0800][5.343s][info][gc             ] GC(96) Pause Young (Allocation Failure) 44M->34M(61M) 3.130ms
[2026-06-17T10:04:23.441+0800][5.343s][info][gc,cpu         ] GC(96) User=0.01s Sys=0.00s Real=0.00s
[2026-06-17T10:04:23.495+0800][5.397s][info][gc,start       ] GC(97) Pause Young (Allocation Failure)
[2026-06-17T10:04:23.497+0800][5.399s][info][gc,heap        ] GC(97) DefNew: 19647K(19648K)->2060K(19648K) Eden: 17472K(17472K)->0K(17472K) From: 2175K(2176K)->2060K(2176K)
[2026-06-17T10:04:23.498+0800][5.400s][info][gc,heap        ] GC(97) Tenured: 33191K(43712K)->35876K(43712K)
[2026-06-17T10:04:23.499+0800][5.401s][info][gc,metaspace   ] GC(97) Metaspace: 114K(320K)->114K(320K) NonClass: 107K(192K)->107K(192K) Class: 7K(128K)->7K(128K)
[2026-06-17T10:04:23.499+0800][5.402s][info][gc             ] GC(97) Pause Young (Allocation Failure) 51M->37M(61M) 4.310ms
[2026-06-17T10:04:23.500+0800][5.402s][info][gc,cpu         ] GC(97) User=0.00s Sys=0.00s Real=0.00s
[2026-06-17T10:04:23.544+0800][5.446s][info][gc,start       ] GC(98) Pause Young (Allocation Failure)
[2026-06-17T10:04:23.547+0800][5.449s][info][gc,heap        ] GC(98) DefNew: 19532K(19648K)->2081K(19648K) Eden: 17472K(17472K)->0K(17472K) From: 2060K(2176K)->2081K(2176K)
[2026-06-17T10:04:23.548+0800][5.450s][info][gc,heap        ] GC(98) Tenured: 35876K(43712K)->39679K(43712K)
[2026-06-17T10:04:23.548+0800][5.451s][info][gc,metaspace   ] GC(98) Metaspace: 114K(320K)->114K(320K) NonClass: 107K(192K)->107K(192K) Class: 7K(128K)->7K(128K)
[2026-06-17T10:04:23.549+0800][5.451s][info][gc             ] GC(98) Pause Young (Allocation Failure) 54M->40M(61M) 4.830ms
[2026-06-17T10:04:23.550+0800][5.452s][info][gc,cpu         ] GC(98) User=0.00s Sys=0.00s Real=0.00s
[2026-06-17T10:04:23.594+0800][5.496s][info][gc,start       ] GC(99) Pause Full (Allocation Failure)
[2026-06-17T10:04:23.595+0800][5.497s][info][gc,phases,start] GC(99) Phase 1: Mark live objects
[2026-06-17T10:04:23.597+0800][5.499s][info][gc,phases      ] GC(99) Phase 1: Mark live objects 1.681ms
[2026-06-17T10:04:23.597+0800][5.500s][info][gc,phases,start] GC(99) Phase 2: Compute new object addresses
[2026-06-17T10:04:23.599+0800][5.501s][info][gc,phases      ] GC(99) Phase 2: Compute new object addresses 1.625ms
[2026-06-17T10:04:23.600+0800][5.502s][info][gc,phases,start] GC(99) Phase 3: Adjust pointers
[2026-06-17T10:04:23.600+0800][5.502s][info][gc,phases      ] GC(99) Phase 3: Adjust pointers 0.643ms
[2026-06-17T10:04:23.600+0800][5.503s][info][gc,phases,start] GC(99) Phase 4: Move objects
[2026-06-17T10:04:23.603+0800][5.505s][info][gc,phases      ] GC(99) Phase 4: Move objects 2.162ms
[2026-06-17T10:04:23.603+0800][5.505s][info][gc,heap        ] GC(99) DefNew: 19547K(19648K)->0K(19648K) Eden: 17466K(17472K)->0K(17472K) From: 2081K(2176K)->0K(2176K)
[2026-06-17T10:04:23.604+0800][5.506s][info][gc,heap        ] GC(99) Tenured: 39679K(43712K)->32994K(43712K)
[2026-06-17T10:04:23.604+0800][5.506s][info][gc,metaspace   ] GC(99) Metaspace: 114K(320K)->114K(320K) NonClass: 107K(192K)->107K(192K) Class: 7K(128K)->7K(128K)
[2026-06-17T10:04:23.604+0800][5.506s][info][gc             ] GC(99) Pause Full (Allocation Failure) 57M->32M(61M) 9.970ms
[2026-06-17T10:04:23.604+0800][5.507s][info][gc,cpu         ] GC(99) User=0.01s Sys=0.00s Real=0.01s
[2026-06-17T10:04:23.648+0800][5.550s][info][gc,start       ] GC(100) Pause Young (Allocation Failure)
[2026-06-17T10:04:23.649+0800][5.552s][info][gc,heap        ] GC(100) DefNew: 17356K(19648K)->2041K(19648K) Eden: 17356K(17472K)->0K(17472K) From: 0K(2176K)->2041K(2176K)
[2026-06-17T10:04:23.650+0800][5.552s][info][gc,heap        ] GC(100) Tenured: 32994K(43712K)->34319K(43712K)
[2026-06-17T10:04:23.651+0800][5.553s][info][gc,metaspace   ] GC(100) Metaspace: 114K(320K)->114K(320K) NonClass: 107K(192K)->107K(192K) Class: 7K(128K)->7K(128K)
[2026-06-17T10:04:23.651+0800][5.553s][info][gc             ] GC(100) Pause Young (Allocation Failure) 49M->35M(61M) 3.510ms
[2026-06-17T10:04:23.652+0800][5.554s][info][gc,cpu         ] GC(100) User=0.00s Sys=0.00s Real=0.01s
[2026-06-17T10:04:23.707+0800][5.609s][info][gc,start       ] GC(101) Pause Young (Allocation Failure)
[2026-06-17T10:04:23.709+0800][5.612s][info][gc,heap        ] GC(101) DefNew: 19513K(19648K)->2160K(19648K) Eden: 17472K(17472K)->0K(17472K) From: 2041K(2176K)->2160K(2176K)
[2026-06-17T10:04:23.710+0800][5.612s][info][gc,heap        ] GC(101) Tenured: 34319K(43712K)->37815K(43712K)
[2026-06-17T10:04:23.711+0800][5.613s][info][gc,metaspace   ] GC(101) Metaspace: 114K(320K)->114K(320K) NonClass: 107K(192K)->107K(192K) Class: 7K(128K)->7K(128K)
[2026-06-17T10:04:23.711+0800][5.614s][info][gc             ] GC(101) Pause Young (Allocation Failure) 52M->39M(61M) 4.930ms
[2026-06-17T10:04:23.712+0800][5.614s][info][gc,cpu         ] GC(101) User=0.01s Sys=0.00s Real=0.01s
[2026-06-17T10:04:23.756+0800][5.659s][info][gc,start       ] GC(102) Pause Full (Allocation Failure)
[2026-06-17T10:04:23.757+0800][5.659s][info][gc,phases,start] GC(102) Phase 1: Mark live objects
[2026-06-17T10:04:23.759+0800][5.662s][info][gc,phases      ] GC(102) Phase 1: Mark live objects 2.272ms
[2026-06-17T10:04:23.760+0800][5.662s][info][gc,phases,start] GC(102) Phase 2: Compute new object addresses
[2026-06-17T10:04:23.761+0800][5.663s][info][gc,phases      ] GC(102) Phase 2: Compute new object addresses 1.256ms
[2026-06-17T10:04:23.762+0800][5.664s][info][gc,phases,start] GC(102) Phase 3: Adjust pointers
[2026-06-17T10:04:23.763+0800][5.665s][info][gc,phases      ] GC(102) Phase 3: Adjust pointers 1.318ms
[2026-06-17T10:04:23.764+0800][5.666s][info][gc,phases,start] GC(102) Phase 4: Move objects
[2026-06-17T10:04:23.767+0800][5.669s][info][gc,phases      ] GC(102) Phase 4: Move objects 3.568ms
[2026-06-17T10:04:23.768+0800][5.670s][info][gc,heap        ] GC(102) DefNew: 19617K(19648K)->0K(19648K) Eden: 17457K(17472K)->0K(17472K) From: 2160K(2176K)->0K(2176K)
[2026-06-17T10:04:23.768+0800][5.670s][info][gc,heap        ] GC(102) Tenured: 37815K(43712K)->23011K(43712K)
[2026-06-17T10:04:23.768+0800][5.670s][info][gc,metaspace   ] GC(102) Metaspace: 114K(320K)->114K(320K) NonClass: 107K(192K)->107K(192K) Class: 7K(128K)->7K(128K)
[2026-06-17T10:04:23.769+0800][5.671s][info][gc             ] GC(102) Pause Full (Allocation Failure) 56M->22M(61M) 12.467ms
[2026-06-17T10:04:23.770+0800][5.672s][info][gc,cpu         ] GC(102) User=0.01s Sys=0.00s Real=0.01s
[2026-06-17T10:04:23.813+0800][5.716s][info][gc,start       ] GC(103) Pause Young (Allocation Failure)
[2026-06-17T10:04:23.818+0800][5.721s][info][gc,heap        ] GC(103) DefNew: 17442K(19648K)->2174K(19648K) Eden: 17442K(17472K)->0K(17472K) From: 0K(2176K)->2174K(2176K)
[2026-06-17T10:04:23.848+0800][5.750s][info][gc,heap        ] GC(103) Tenured: 23011K(43712K)->27893K(43712K)
[2026-06-17T10:04:23.849+0800][5.751s][info][gc,metaspace   ] GC(103) Metaspace: 114K(320K)->114K(320K) NonClass: 107K(192K)->107K(192K) Class: 7K(128K)->7K(128K)
[2026-06-17T10:04:23.850+0800][5.752s][info][gc             ] GC(103) Pause Young (Allocation Failure) 39M->29M(61M) 36.335ms
[2026-06-17T10:04:23.850+0800][5.752s][info][gc,cpu         ] GC(103) User=0.00s Sys=0.00s Real=0.03s
[2026-06-17T10:04:23.896+0800][5.798s][info][gc,start       ] GC(104) Pause Young (Allocation Failure)
[2026-06-17T10:04:23.908+0800][5.810s][info][gc,heap        ] GC(104) DefNew: 19604K(19648K)->2107K(19648K) Eden: 17429K(17472K)->0K(17472K) From: 2174K(2176K)->2107K(2176K)
[2026-06-17T10:04:23.910+0800][5.812s][info][gc,heap        ] GC(104) Tenured: 27893K(43712K)->31727K(43712K)
[2026-06-17T10:04:23.931+0800][5.833s][info][gc,metaspace   ] GC(104) Metaspace: 114K(320K)->114K(320K) NonClass: 107K(192K)->107K(192K) Class: 7K(128K)->7K(128K)
[2026-06-17T10:04:23.931+0800][5.834s][info][gc             ] GC(104) Pause Young (Allocation Failure) 46M->33M(61M) 35.309ms
[2026-06-17T10:04:23.940+0800][5.842s][info][gc,cpu         ] GC(104) User=0.00s Sys=0.00s Real=0.04s
[2026-06-17T10:04:23.983+0800][5.885s][info][gc,start       ] GC(105) Pause Young (Allocation Failure)
[2026-06-17T10:04:23.984+0800][5.886s][info][gc,heap        ] GC(105) DefNew: 19478K(19648K)->1772K(19648K) Eden: 17371K(17472K)->0K(17472K) From: 2107K(2176K)->1772K(2176K)
[2026-06-17T10:04:23.985+0800][5.887s][info][gc,heap        ] GC(105) Tenured: 31727K(43712K)->31963K(43712K)
[2026-06-17T10:04:23.985+0800][5.888s][info][gc,metaspace   ] GC(105) Metaspace: 114K(320K)->114K(320K) NonClass: 107K(192K)->107K(192K) Class: 7K(128K)->7K(128K)
[2026-06-17T10:04:23.986+0800][5.888s][info][gc             ] GC(105) Pause Young (Allocation Failure) 50M->32M(61M) 2.817ms
[2026-06-17T10:04:23.987+0800][5.889s][info][gc,cpu         ] GC(105) User=0.00s Sys=0.00s Real=0.00s
[2026-06-17T10:04:24.030+0800][5.932s][info][gc,start       ] GC(106) Pause Young (Allocation Failure)
[2026-06-17T10:04:24.032+0800][5.934s][info][gc,heap        ] GC(106) DefNew: 19229K(19648K)->2173K(19648K) Eden: 17456K(17472K)->0K(17472K) From: 1772K(2176K)->2173K(2176K)
[2026-06-17T10:04:24.032+0800][5.935s][info][gc,heap        ] GC(106) Tenured: 31963K(43712K)->38206K(43712K)
[2026-06-17T10:04:24.033+0800][5.935s][info][gc,metaspace   ] GC(106) Metaspace: 114K(320K)->114K(320K) NonClass: 107K(192K)->107K(192K) Class: 7K(128K)->7K(128K)
[2026-06-17T10:04:24.034+0800][5.936s][info][gc             ] GC(106) Pause Young (Allocation Failure) 49M->39M(61M) 3.777ms
[2026-06-17T10:04:24.035+0800][5.937s][info][gc,cpu         ] GC(106) User=0.00s Sys=0.00s Real=0.01s
[2026-06-17T10:04:24.090+0800][5.992s][info][gc,start       ] GC(107) Pause Full (Allocation Failure)
[2026-06-17T10:04:24.090+0800][5.993s][info][gc,phases,start] GC(107) Phase 1: Mark live objects
[2026-06-17T10:04:24.095+0800][5.997s][info][gc,phases      ] GC(107) Phase 1: Mark live objects 4.637ms
[2026-06-17T10:04:24.096+0800][5.998s][info][gc,phases,start] GC(107) Phase 2: Compute new object addresses
[2026-06-17T10:04:24.096+0800][5.999s][info][gc,phases      ] GC(107) Phase 2: Compute new object addresses 0.838ms
[2026-06-17T10:04:24.097+0800][6.000s][info][gc,phases,start] GC(107) Phase 3: Adjust pointers
[2026-06-17T10:04:24.100+0800][6.002s][info][gc,phases      ] GC(107) Phase 3: Adjust pointers 2.893ms
[2026-06-17T10:04:24.101+0800][6.003s][info][gc,phases,start] GC(107) Phase 4: Move objects
[2026-06-17T10:04:24.103+0800][6.005s][info][gc,phases      ] GC(107) Phase 4: Move objects 2.726ms
[2026-06-17T10:04:24.104+0800][6.006s][info][gc,heap        ] GC(107) DefNew: 19645K(19648K)->0K(19648K) Eden: 17472K(17472K)->0K(17472K) From: 2173K(2176K)->0K(2176K)
[2026-06-17T10:04:24.104+0800][6.006s][info][gc,heap        ] GC(107) Tenured: 38206K(43712K)->27602K(43712K)
[2026-06-17T10:04:24.105+0800][6.007s][info][gc,metaspace   ] GC(107) Metaspace: 114K(320K)->114K(320K) NonClass: 107K(192K)->107K(192K) Class: 7K(128K)->7K(128K)
[2026-06-17T10:04:24.105+0800][6.007s][info][gc             ] GC(107) Pause Full (Allocation Failure) 56M->26M(61M) 15.438ms
[2026-06-17T10:04:24.106+0800][6.008s][info][gc,cpu         ] GC(107) User=0.01s Sys=0.00s Real=0.02s
[2026-06-17T10:04:24.148+0800][6.050s][info][gc,start       ] GC(108) Pause Young (Allocation Failure)
[2026-06-17T10:04:24.149+0800][6.052s][info][gc,heap        ] GC(108) DefNew: 17455K(19648K)->2168K(19648K) Eden: 17455K(17472K)->0K(17472K) From: 0K(2176K)->2168K(2176K)
[2026-06-17T10:04:24.150+0800][6.052s][info][gc,heap        ] GC(108) Tenured: 27602K(43712K)->32584K(43712K)
[2026-06-17T10:04:24.150+0800][6.052s][info][gc,metaspace   ] GC(108) Metaspace: 114K(320K)->114K(320K) NonClass: 107K(192K)->107K(192K) Class: 7K(128K)->7K(128K)
[2026-06-17T10:04:24.151+0800][6.053s][info][gc             ] GC(108) Pause Young (Allocation Failure) 44M->33M(61M) 2.502ms
[2026-06-17T10:04:24.151+0800][6.053s][info][gc,cpu         ] GC(108) User=0.00s Sys=0.00s Real=0.01s
[2026-06-17T10:04:24.194+0800][6.096s][info][gc,start       ] GC(109) Pause Young (Allocation Failure)
[2026-06-17T10:04:24.196+0800][6.098s][info][gc,heap        ] GC(109) DefNew: 19612K(19648K)->2165K(19648K) Eden: 17444K(17472K)->0K(17472K) From: 2168K(2176K)->2165K(2176K)
[2026-06-17T10:04:24.196+0800][6.099s][info][gc,heap        ] GC(109) Tenured: 32584K(43712K)->36076K(43712K)
[2026-06-17T10:04:24.197+0800][6.099s][info][gc,metaspace   ] GC(109) Metaspace: 114K(320K)->114K(320K) NonClass: 107K(192K)->107K(192K) Class: 7K(128K)->7K(128K)
[2026-06-17T10:04:24.197+0800][6.100s][info][gc             ] GC(109) Pause Young (Allocation Failure) 50M->37M(61M) 3.420ms
[2026-06-17T10:04:24.198+0800][6.100s][info][gc,cpu         ] GC(109) User=0.00s Sys=0.00s Real=0.00s
[2026-06-17T10:04:24.241+0800][6.143s][info][gc,start       ] GC(110) Pause Full (Allocation Failure)
[2026-06-17T10:04:24.241+0800][6.143s][info][gc,phases,start] GC(110) Phase 1: Mark live objects
[2026-06-17T10:04:24.242+0800][6.144s][info][gc,phases      ] GC(110) Phase 1: Mark live objects 0.986ms
[2026-06-17T10:04:24.242+0800][6.145s][info][gc,phases,start] GC(110) Phase 2: Compute new object addresses
[2026-06-17T10:04:24.243+0800][6.145s][info][gc,phases      ] GC(110) Phase 2: Compute new object addresses 0.584ms
[2026-06-17T10:04:24.243+0800][6.145s][info][gc,phases,start] GC(110) Phase 3: Adjust pointers
[2026-06-17T10:04:24.244+0800][6.146s][info][gc,phases      ] GC(110) Phase 3: Adjust pointers 0.529ms
[2026-06-17T10:04:24.244+0800][6.146s][info][gc,phases,start] GC(110) Phase 4: Move objects
[2026-06-17T10:04:24.246+0800][6.148s][info][gc,phases      ] GC(110) Phase 4: Move objects 2.016ms
[2026-06-17T10:04:24.246+0800][6.149s][info][gc,heap        ] GC(110) DefNew: 19597K(19648K)->0K(19648K) Eden: 17431K(17472K)->0K(17472K) From: 2165K(2176K)->0K(2176K)
[2026-06-17T10:04:24.247+0800][6.149s][info][gc,heap        ] GC(110) Tenured: 36076K(43712K)->29649K(43712K)
[2026-06-17T10:04:24.247+0800][6.149s][info][gc,metaspace   ] GC(110) Metaspace: 114K(320K)->114K(320K) NonClass: 107K(192K)->107K(192K) Class: 7K(128K)->7K(128K)
[2026-06-17T10:04:24.247+0800][6.149s][info][gc             ] GC(110) Pause Full (Allocation Failure) 54M->28M(61M) 6.396ms
[2026-06-17T10:04:24.247+0800][6.149s][info][gc,cpu         ] GC(110) User=0.00s Sys=0.01s Real=0.01s
[2026-06-17T10:04:24.289+0800][6.191s][info][gc,start       ] GC(111) Pause Young (Allocation Failure)
[2026-06-17T10:04:24.293+0800][6.195s][info][gc,heap        ] GC(111) DefNew: 17443K(19648K)->2167K(19648K) Eden: 17443K(17472K)->0K(17472K) From: 0K(2176K)->2167K(2176K)
[2026-06-17T10:04:24.298+0800][6.200s][info][gc,heap        ] GC(111) Tenured: 29649K(43712K)->34574K(43712K)
[2026-06-17T10:04:24.303+0800][6.205s][info][gc,metaspace   ] GC(111) Metaspace: 114K(320K)->114K(320K) NonClass: 107K(192K)->107K(192K) Class: 7K(128K)->7K(128K)
[2026-06-17T10:04:24.307+0800][6.209s][info][gc             ] GC(111) Pause Young (Allocation Failure) 45M->35M(61M) 17.732ms
[2026-06-17T10:04:24.310+0800][6.212s][info][gc,cpu         ] GC(111) User=0.00s Sys=0.00s Real=0.02s
[2026-06-17T10:04:24.367+0800][6.269s][info][gc,start       ] GC(112) Pause Young (Allocation Failure)
[2026-06-17T10:04:24.368+0800][6.270s][info][gc,heap        ] GC(112) DefNew: 19639K(19648K)->1996K(19648K) Eden: 17472K(17472K)->0K(17472K) From: 2167K(2176K)->1996K(2176K)
[2026-06-17T10:04:24.369+0800][6.271s][info][gc,heap        ] GC(112) Tenured: 34574K(43712K)->35807K(43712K)
[2026-06-17T10:04:24.371+0800][6.273s][info][gc,metaspace   ] GC(112) Metaspace: 114K(320K)->114K(320K) NonClass: 107K(192K)->107K(192K) Class: 7K(128K)->7K(128K)
[2026-06-17T10:04:24.373+0800][6.275s][info][gc             ] GC(112) Pause Young (Allocation Failure) 52M->36M(61M) 6.383ms
[2026-06-17T10:04:24.375+0800][6.277s][info][gc,cpu         ] GC(112) User=0.00s Sys=0.00s Real=0.01s
[2026-06-17T10:04:24.409+0800][6.311s][info][gc,start       ] GC(113) Pause Young (Allocation Failure)
[2026-06-17T10:04:24.416+0800][6.318s][info][gc,heap        ] GC(113) DefNew: 19292K(19648K)->2161K(19648K) Eden: 17295K(17472K)->0K(17472K) From: 1996K(2176K)->2161K(2176K)
[2026-06-17T10:04:24.423+0800][6.325s][info][gc,heap        ] GC(113) Tenured: 35807K(43712K)->38692K(43712K)
[2026-06-17T10:04:24.427+0800][6.329s][info][gc,metaspace   ] GC(113) Metaspace: 114K(320K)->114K(320K) NonClass: 107K(192K)->107K(192K) Class: 7K(128K)->7K(128K)
[2026-06-17T10:04:24.428+0800][6.330s][info][gc             ] GC(113) Pause Young (Allocation Failure) 53M->39M(61M) 19.082ms
[2026-06-17T10:04:24.429+0800][6.331s][info][gc,cpu         ] GC(113) User=0.00s Sys=0.00s Real=0.02s
[2026-06-17T10:04:24.474+0800][6.376s][info][gc,start       ] GC(114) Pause Full (Allocation Failure)
[2026-06-17T10:04:24.478+0800][6.380s][info][gc,phases,start] GC(114) Phase 1: Mark live objects
[2026-06-17T10:04:24.482+0800][6.384s][info][gc,phases      ] GC(114) Phase 1: Mark live objects 4.561ms
[2026-06-17T10:04:24.486+0800][6.388s][info][gc,phases,start] GC(114) Phase 2: Compute new object addresses
[2026-06-17T10:04:24.488+0800][6.390s][info][gc,phases      ] GC(114) Phase 2: Compute new object addresses 1.868ms
[2026-06-17T10:04:24.489+0800][6.391s][info][gc,phases,start] GC(114) Phase 3: Adjust pointers
[2026-06-17T10:04:24.492+0800][6.394s][info][gc,phases      ] GC(114) Phase 3: Adjust pointers 3.664ms
[2026-06-17T10:04:24.496+0800][6.398s][info][gc,phases,start] GC(114) Phase 4: Move objects
[2026-06-17T10:04:24.503+0800][6.405s][info][gc,phases      ] GC(114) Phase 4: Move objects 6.919ms
[2026-06-17T10:04:24.506+0800][6.409s][info][gc,heap        ] GC(114) DefNew: 19603K(19648K)->0K(19648K) Eden: 17442K(17472K)->0K(17472K) From: 2161K(2176K)->0K(2176K)
[2026-06-17T10:04:24.510+0800][6.413s][info][gc,heap        ] GC(114) Tenured: 38692K(43712K)->34018K(43712K)
[2026-06-17T10:04:24.515+0800][6.417s][info][gc,metaspace   ] GC(114) Metaspace: 114K(320K)->114K(320K) NonClass: 107K(192K)->107K(192K) Class: 7K(128K)->7K(128K)
[2026-06-17T10:04:24.519+0800][6.422s][info][gc             ] GC(114) Pause Full (Allocation Failure) 56M->33M(61M) 45.732ms
[2026-06-17T10:04:24.523+0800][6.426s][info][gc,cpu         ] GC(114) User=0.01s Sys=0.00s Real=0.05s
[2026-06-17T10:04:24.580+0800][6.482s][info][gc,start       ] GC(115) Pause Young (Allocation Failure)
[2026-06-17T10:04:24.581+0800][6.484s][info][gc,heap        ] GC(115) DefNew: 17472K(19648K)->2107K(19648K) Eden: 17472K(17472K)->0K(17472K) From: 0K(2176K)->2107K(2176K)
[2026-06-17T10:04:24.582+0800][6.484s][info][gc,heap        ] GC(115) Tenured: 34018K(43712K)->35320K(43712K)
[2026-06-17T10:04:24.583+0800][6.485s][info][gc,metaspace   ] GC(115) Metaspace: 114K(320K)->114K(320K) NonClass: 107K(192K)->107K(192K) Class: 7K(128K)->7K(128K)
[2026-06-17T10:04:24.584+0800][6.486s][info][gc             ] GC(115) Pause Young (Allocation Failure) 50M->36M(61M) 3.554ms
[2026-06-17T10:04:24.584+0800][6.486s][info][gc,cpu         ] GC(115) User=0.00s Sys=0.00s Real=0.01s
[2026-06-17T10:04:24.628+0800][6.530s][info][gc,start       ] GC(116) Pause Young (Allocation Failure)
[2026-06-17T10:04:24.629+0800][6.531s][info][gc,heap        ] GC(116) DefNew: 19578K(19648K)->2124K(19648K) Eden: 17471K(17472K)->0K(17472K) From: 2107K(2176K)->2124K(2176K)
[2026-06-17T10:04:24.631+0800][6.533s][info][gc,heap        ] GC(116) Tenured: 35320K(43712K)->38634K(43712K)
[2026-06-17T10:04:24.631+0800][6.533s][info][gc,metaspace   ] GC(116) Metaspace: 114K(320K)->114K(320K) NonClass: 107K(192K)->107K(192K) Class: 7K(128K)->7K(128K)
[2026-06-17T10:04:24.632+0800][6.534s][info][gc             ] GC(116) Pause Young (Allocation Failure) 53M->39M(61M) 4.163ms
[2026-06-17T10:04:24.632+0800][6.535s][info][gc,cpu         ] GC(116) User=0.00s Sys=0.00s Real=0.01s
[2026-06-17T10:04:24.676+0800][6.578s][info][gc,start       ] GC(117) Pause Full (Allocation Failure)
[2026-06-17T10:04:24.676+0800][6.579s][info][gc,phases,start] GC(117) Phase 1: Mark live objects
[2026-06-17T10:04:24.678+0800][6.580s][info][gc,phases      ] GC(117) Phase 1: Mark live objects 1.868ms
[2026-06-17T10:04:24.679+0800][6.581s][info][gc,phases,start] GC(117) Phase 2: Compute new object addresses
[2026-06-17T10:04:24.680+0800][6.582s][info][gc,phases      ] GC(117) Phase 2: Compute new object addresses 1.024ms
[2026-06-17T10:04:24.680+0800][6.582s][info][gc,phases,start] GC(117) Phase 3: Adjust pointers
[2026-06-17T10:04:24.681+0800][6.583s][info][gc,phases      ] GC(117) Phase 3: Adjust pointers 1.026ms
[2026-06-17T10:04:24.681+0800][6.584s][info][gc,phases,start] GC(117) Phase 4: Move objects
[2026-06-17T10:04:24.684+0800][6.586s][info][gc,phases      ] GC(117) Phase 4: Move objects 2.628ms
[2026-06-17T10:04:24.685+0800][6.587s][info][gc,heap        ] GC(117) DefNew: 19574K(19648K)->0K(19648K) Eden: 17450K(17472K)->0K(17472K) From: 2124K(2176K)->0K(2176K)
[2026-06-17T10:04:24.685+0800][6.587s][info][gc,heap        ] GC(117) Tenured: 38634K(43712K)->31475K(43712K)
[2026-06-17T10:04:24.685+0800][6.587s][info][gc,metaspace   ] GC(117) Metaspace: 114K(320K)->114K(320K) NonClass: 107K(192K)->107K(192K) Class: 7K(128K)->7K(128K)
[2026-06-17T10:04:24.685+0800][6.587s][info][gc             ] GC(117) Pause Full (Allocation Failure) 56M->30M(61M) 9.399ms
[2026-06-17T10:04:24.685+0800][6.587s][info][gc,cpu         ] GC(117) User=0.00s Sys=0.00s Real=0.01s
[2026-06-17T10:04:24.728+0800][6.630s][info][gc,start       ] GC(118) Pause Young (Allocation Failure)
[2026-06-17T10:04:24.730+0800][6.632s][info][gc,heap        ] GC(118) DefNew: 17472K(19648K)->2175K(19648K) Eden: 17472K(17472K)->0K(17472K) From: 0K(2176K)->2175K(2176K)
[2026-06-17T10:04:24.730+0800][6.632s][info][gc,heap        ] GC(118) Tenured: 31475K(43712K)->35901K(43712K)
[2026-06-17T10:04:24.731+0800][6.633s][info][gc,metaspace   ] GC(118) Metaspace: 114K(320K)->114K(320K) NonClass: 107K(192K)->107K(192K) Class: 7K(128K)->7K(128K)
[2026-06-17T10:04:24.731+0800][6.633s][info][gc             ] GC(118) Pause Young (Allocation Failure) 47M->37M(61M) 3.044ms
[2026-06-17T10:04:24.731+0800][6.633s][info][gc,cpu         ] GC(118) User=0.01s Sys=0.00s Real=0.01s
[2026-06-17T10:04:24.775+0800][6.677s][info][gc,start       ] GC(119) Pause Young (Allocation Failure)
[2026-06-17T10:04:24.779+0800][6.681s][info][gc,heap        ] GC(119) DefNew: 19609K(19648K)->2171K(19648K) Eden: 17433K(17472K)->0K(17472K) From: 2175K(2176K)->2171K(2176K)
[2026-06-17T10:04:24.779+0800][6.682s][info][gc,heap        ] GC(119) Tenured: 35901K(43712K)->42045K(43712K)
[2026-06-17T10:04:24.780+0800][6.682s][info][gc,metaspace   ] GC(119) Metaspace: 114K(320K)->114K(320K) NonClass: 107K(192K)->107K(192K) Class: 7K(128K)->7K(128K)
[2026-06-17T10:04:24.781+0800][6.683s][info][gc             ] GC(119) Pause Young (Allocation Failure) 54M->43M(61M) 5.829ms
[2026-06-17T10:04:24.781+0800][6.683s][info][gc,cpu         ] GC(119) User=0.00s Sys=0.00s Real=0.00s
[2026-06-17T10:04:24.837+0800][6.739s][info][gc,start       ] GC(120) Pause Full (Allocation Failure)
[2026-06-17T10:04:24.838+0800][6.740s][info][gc,phases,start] GC(120) Phase 1: Mark live objects
[2026-06-17T10:04:24.841+0800][6.743s][info][gc,phases      ] GC(120) Phase 1: Mark live objects 2.845ms
[2026-06-17T10:04:24.841+0800][6.744s][info][gc,phases,start] GC(120) Phase 2: Compute new object addresses
[2026-06-17T10:04:24.843+0800][6.745s][info][gc,phases      ] GC(120) Phase 2: Compute new object addresses 1.536ms
[2026-06-17T10:04:24.844+0800][6.746s][info][gc,phases,start] GC(120) Phase 3: Adjust pointers
[2026-06-17T10:04:24.845+0800][6.747s][info][gc,phases      ] GC(120) Phase 3: Adjust pointers 1.499ms
[2026-06-17T10:04:24.846+0800][6.748s][info][gc,phases,start] GC(120) Phase 4: Move objects
[2026-06-17T10:04:24.849+0800][6.752s][info][gc,phases      ] GC(120) Phase 4: Move objects 3.658ms
[2026-06-17T10:04:24.850+0800][6.752s][info][gc,heap        ] GC(120) DefNew: 19643K(19648K)->0K(19648K) Eden: 17472K(17472K)->0K(17472K) From: 2171K(2176K)->0K(2176K)
[2026-06-17T10:04:24.851+0800][6.753s][info][gc,heap        ] GC(120) Tenured: 42045K(43712K)->28681K(43712K)
[2026-06-17T10:04:24.851+0800][6.753s][info][gc,metaspace   ] GC(120) Metaspace: 114K(320K)->114K(320K) NonClass: 107K(192K)->107K(192K) Class: 7K(128K)->7K(128K)
[2026-06-17T10:04:24.852+0800][6.754s][info][gc             ] GC(120) Pause Full (Allocation Failure) 60M->28M(61M) 14.957ms
[2026-06-17T10:04:24.852+0800][6.754s][info][gc,cpu         ] GC(120) User=0.01s Sys=0.00s Real=0.02s
[2026-06-17T10:04:24.896+0800][6.798s][info][gc,start       ] GC(121) Pause Young (Allocation Failure)
[2026-06-17T10:04:24.900+0800][6.802s][info][gc,heap        ] GC(121) DefNew: 17469K(19648K)->2172K(19648K) Eden: 17469K(17472K)->0K(17472K) From: 0K(2176K)->2172K(2176K)
[2026-06-17T10:04:24.901+0800][6.803s][info][gc,heap        ] GC(121) Tenured: 28681K(43712K)->34137K(43712K)
[2026-06-17T10:04:24.902+0800][6.804s][info][gc,metaspace   ] GC(121) Metaspace: 114K(320K)->114K(320K) NonClass: 107K(192K)->107K(192K) Class: 7K(128K)->7K(128K)
[2026-06-17T10:04:24.902+0800][6.804s][info][gc             ] GC(121) Pause Young (Allocation Failure) 45M->35M(61M) 6.379ms
[2026-06-17T10:04:24.903+0800][6.805s][info][gc,cpu         ] GC(121) User=0.00s Sys=0.00s Real=0.01s
[2026-06-17T10:04:24.948+0800][6.850s][info][gc,start       ] GC(122) Pause Young (Allocation Failure)
[2026-06-17T10:04:24.951+0800][6.853s][info][gc,heap        ] GC(122) DefNew: 19644K(19648K)->2173K(19648K) Eden: 17472K(17472K)->0K(17472K) From: 2172K(2176K)->2173K(2176K)
[2026-06-17T10:04:24.952+0800][6.854s][info][gc,heap        ] GC(122) Tenured: 34137K(43712K)->38639K(43712K)
[2026-06-17T10:04:24.952+0800][6.854s][info][gc,metaspace   ] GC(122) Metaspace: 114K(320K)->114K(320K) NonClass: 107K(192K)->107K(192K) Class: 7K(128K)->7K(128K)
[2026-06-17T10:04:24.953+0800][6.855s][info][gc             ] GC(122) Pause Young (Allocation Failure) 52M->39M(61M) 4.449ms
[2026-06-17T10:04:24.953+0800][6.855s][info][gc,cpu         ] GC(122) User=0.00s Sys=0.00s Real=0.01s
[2026-06-17T10:04:24.998+0800][6.900s][info][gc,start       ] GC(123) Pause Full (Allocation Failure)
[2026-06-17T10:04:24.998+0800][6.901s][info][gc,phases,start] GC(123) Phase 1: Mark live objects
[2026-06-17T10:04:25.000+0800][6.903s][info][gc,phases      ] GC(123) Phase 1: Mark live objects 1.999ms
[2026-06-17T10:04:25.001+0800][6.903s][info][gc,phases,start] GC(123) Phase 2: Compute new object addresses
[2026-06-17T10:04:25.002+0800][6.904s][info][gc,phases      ] GC(123) Phase 2: Compute new object addresses 1.198ms
[2026-06-17T10:04:25.003+0800][6.905s][info][gc,phases,start] GC(123) Phase 3: Adjust pointers
[2026-06-17T10:04:25.004+0800][6.906s][info][gc,phases      ] GC(123) Phase 3: Adjust pointers 1.281ms
[2026-06-17T10:04:25.005+0800][6.907s][info][gc,phases,start] GC(123) Phase 4: Move objects
[2026-06-17T10:04:25.008+0800][6.910s][info][gc,phases      ] GC(123) Phase 4: Move objects 3.316ms
[2026-06-17T10:04:25.008+0800][6.911s][info][gc,heap        ] GC(123) DefNew: 19637K(19648K)->0K(19648K) Eden: 17463K(17472K)->0K(17472K) From: 2173K(2176K)->0K(2176K)
[2026-06-17T10:04:25.009+0800][6.911s][info][gc,heap        ] GC(123) Tenured: 38639K(43712K)->25523K(43712K)
[2026-06-17T10:04:25.009+0800][6.911s][info][gc,metaspace   ] GC(123) Metaspace: 114K(320K)->114K(320K) NonClass: 107K(192K)->107K(192K) Class: 7K(128K)->7K(128K)
[2026-06-17T10:04:25.009+0800][6.911s][info][gc             ] GC(123) Pause Full (Allocation Failure) 56M->24M(61M) 11.478ms
[2026-06-17T10:04:25.009+0800][6.912s][info][gc,cpu         ] GC(123) User=0.01s Sys=0.00s Real=0.01s
[2026-06-17T10:04:25.053+0800][6.955s][info][gc,start       ] GC(124) Pause Young (Allocation Failure)
[2026-06-17T10:04:25.056+0800][6.958s][info][gc,heap        ] GC(124) DefNew: 17464K(19648K)->2169K(19648K) Eden: 17464K(17472K)->0K(17472K) From: 0K(2176K)->2169K(2176K)
[2026-06-17T10:04:25.056+0800][6.959s][info][gc,heap        ] GC(124) Tenured: 25523K(43712K)->30322K(43712K)
[2026-06-17T10:04:25.057+0800][6.959s][info][gc,metaspace   ] GC(124) Metaspace: 114K(320K)->114K(320K) NonClass: 107K(192K)->107K(192K) Class: 7K(128K)->7K(128K)
[2026-06-17T10:04:25.057+0800][6.960s][info][gc             ] GC(124) Pause Young (Allocation Failure) 41M->31M(61M) 4.500ms
[2026-06-17T10:04:25.058+0800][6.960s][info][gc,cpu         ] GC(124) User=0.00s Sys=0.00s Real=0.00s
[2026-06-17T10:04:25.112+0800][7.014s][info][gc,start       ] GC(125) Pause Young (Allocation Failure)
[2026-06-17T10:04:25.113+0800][7.015s][info][gc,heap        ] GC(125) DefNew: 19641K(19648K)->2176K(19648K) Eden: 17472K(17472K)->0K(17472K) From: 2169K(2176K)->2176K(2176K)
[2026-06-17T10:04:25.114+0800][7.016s][info][gc,heap        ] GC(125) Tenured: 30322K(43712K)->31444K(43712K)
[2026-06-17T10:04:25.115+0800][7.017s][info][gc,metaspace   ] GC(125) Metaspace: 114K(320K)->114K(320K) NonClass: 107K(192K)->107K(192K) Class: 7K(128K)->7K(128K)
[2026-06-17T10:04:25.117+0800][7.019s][info][gc             ] GC(125) Pause Young (Allocation Failure) 48M->32M(61M) 5.284ms
[2026-06-17T10:04:25.117+0800][7.020s][info][gc,cpu         ] GC(125) User=0.00s Sys=0.00s Real=0.00s
[2026-06-17T10:04:25.150+0800][7.052s][info][gc,start       ] GC(126) Pause Young (Allocation Failure)
[2026-06-17T10:04:25.151+0800][7.054s][info][gc,heap        ] GC(126) DefNew: 19367K(19648K)->2065K(19648K) Eden: 17191K(17472K)->0K(17472K) From: 2176K(2176K)->2065K(2176K)
[2026-06-17T10:04:25.152+0800][7.054s][info][gc,heap        ] GC(126) Tenured: 31444K(43712K)->34452K(43712K)
[2026-06-17T10:04:25.152+0800][7.055s][info][gc,metaspace   ] GC(126) Metaspace: 114K(320K)->114K(320K) NonClass: 107K(192K)->107K(192K) Class: 7K(128K)->7K(128K)
[2026-06-17T10:04:25.153+0800][7.055s][info][gc             ] GC(126) Pause Young (Allocation Failure) 49M->35M(61M) 3.045ms
[2026-06-17T10:04:25.153+0800][7.056s][info][gc,cpu         ] GC(126) User=0.00s Sys=0.00s Real=0.01s
[2026-06-17T10:04:25.207+0800][7.109s][info][gc,start       ] GC(127) Pause Young (Allocation Failure)
[2026-06-17T10:04:25.208+0800][7.111s][info][gc,heap        ] GC(127) DefNew: 19479K(19648K)->2109K(19648K) Eden: 17414K(17472K)->0K(17472K) From: 2065K(2176K)->2109K(2176K)
[2026-06-17T10:04:25.210+0800][7.112s][info][gc,heap        ] GC(127) Tenured: 34452K(43712K)->37872K(43712K)
[2026-06-17T10:04:25.211+0800][7.113s][info][gc,metaspace   ] GC(127) Metaspace: 114K(320K)->114K(320K) NonClass: 107K(192K)->107K(192K) Class: 7K(128K)->7K(128K)
[2026-06-17T10:04:25.211+0800][7.113s][info][gc             ] GC(127) Pause Young (Allocation Failure) 52M->39M(61M) 4.170ms
[2026-06-17T10:04:25.211+0800][7.114s][info][gc,cpu         ] GC(127) User=0.00s Sys=0.01s Real=0.01s
[2026-06-17T10:04:25.254+0800][7.156s][info][gc,start       ] GC(128) Pause Full (Allocation Failure)
[2026-06-17T10:04:25.255+0800][7.157s][info][gc,phases,start] GC(128) Phase 1: Mark live objects
[2026-06-17T10:04:25.256+0800][7.159s][info][gc,phases      ] GC(128) Phase 1: Mark live objects 1.121ms
[2026-06-17T10:04:25.258+0800][7.160s][info][gc,phases,start] GC(128) Phase 2: Compute new object addresses
[2026-06-17T10:04:25.258+0800][7.161s][info][gc,phases      ] GC(128) Phase 2: Compute new object addresses 0.850ms
[2026-06-17T10:04:25.259+0800][7.161s][info][gc,phases,start] GC(128) Phase 3: Adjust pointers
[2026-06-17T10:04:25.260+0800][7.162s][info][gc,phases      ] GC(128) Phase 3: Adjust pointers 1.132ms
[2026-06-17T10:04:25.261+0800][7.163s][info][gc,phases,start] GC(128) Phase 4: Move objects
[2026-06-17T10:04:25.264+0800][7.166s][info][gc,phases      ] GC(128) Phase 4: Move objects 3.391ms
[2026-06-17T10:04:25.265+0800][7.168s][info][gc,heap        ] GC(128) DefNew: 19581K(19648K)->0K(19648K) Eden: 17472K(17472K)->0K(17472K) From: 2109K(2176K)->0K(2176K)
[2026-06-17T10:04:25.267+0800][7.169s][info][gc,heap        ] GC(128) Tenured: 37872K(43712K)->29869K(43712K)
[2026-06-17T10:04:25.268+0800][7.170s][info][gc,metaspace   ] GC(128) Metaspace: 114K(320K)->114K(320K) NonClass: 107K(192K)->107K(192K) Class: 7K(128K)->7K(128K)
[2026-06-17T10:04:25.268+0800][7.170s][info][gc             ] GC(128) Pause Full (Allocation Failure) 56M->29M(61M) 13.975ms
[2026-06-17T10:04:25.269+0800][7.171s][info][gc,cpu         ] GC(128) User=0.00s Sys=0.00s Real=0.01s
[2026-06-17T10:04:25.311+0800][7.213s][info][gc,start       ] GC(129) Pause Young (Allocation Failure)
[2026-06-17T10:04:25.312+0800][7.214s][info][gc,heap        ] GC(129) DefNew: 17453K(19648K)->2175K(19648K) Eden: 17453K(17472K)->0K(17472K) From: 0K(2176K)->2175K(2176K)
[2026-06-17T10:04:25.313+0800][7.215s][info][gc,heap        ] GC(129) Tenured: 29869K(43712K)->34748K(43712K)
[2026-06-17T10:04:25.313+0800][7.215s][info][gc,metaspace   ] GC(129) Metaspace: 114K(320K)->114K(320K) NonClass: 107K(192K)->107K(192K) Class: 7K(128K)->7K(128K)
[2026-06-17T10:04:25.313+0800][7.215s][info][gc             ] GC(129) Pause Young (Allocation Failure) 46M->36M(61M) 2.481ms
[2026-06-17T10:04:25.314+0800][7.216s][info][gc,cpu         ] GC(129) User=0.00s Sys=0.00s Real=0.00s
[2026-06-17T10:04:25.356+0800][7.258s][info][gc,start       ] GC(130) Pause Young (Allocation Failure)
[2026-06-17T10:04:25.357+0800][7.260s][info][gc,heap        ] GC(130) DefNew: 19641K(19648K)->2174K(19648K) Eden: 17466K(17472K)->0K(17472K) From: 2175K(2176K)->2174K(2176K)
[2026-06-17T10:04:25.358+0800][7.260s][info][gc,heap        ] GC(130) Tenured: 34748K(43712K)->39275K(43712K)
[2026-06-17T10:04:25.358+0800][7.260s][info][gc,metaspace   ] GC(130) Metaspace: 114K(320K)->114K(320K) NonClass: 107K(192K)->107K(192K) Class: 7K(128K)->7K(128K)
[2026-06-17T10:04:25.359+0800][7.261s][info][gc             ] GC(130) Pause Young (Allocation Failure) 53M->40M(61M) 2.899ms
[2026-06-17T10:04:25.359+0800][7.261s][info][gc,cpu         ] GC(130) User=0.01s Sys=0.00s Real=0.00s
[2026-06-17T10:04:25.402+0800][7.304s][info][gc,start       ] GC(131) Pause Full (Allocation Failure)
[2026-06-17T10:04:25.403+0800][7.305s][info][gc,phases,start] GC(131) Phase 1: Mark live objects
[2026-06-17T10:04:25.404+0800][7.307s][info][gc,phases      ] GC(131) Phase 1: Mark live objects 1.664ms
[2026-06-17T10:04:25.405+0800][7.307s][info][gc,phases,start] GC(131) Phase 2: Compute new object addresses
[2026-06-17T10:04:25.406+0800][7.308s][info][gc,phases      ] GC(131) Phase 2: Compute new object addresses 0.766ms
[2026-06-17T10:04:25.406+0800][7.308s][info][gc,phases,start] GC(131) Phase 3: Adjust pointers
[2026-06-17T10:04:25.407+0800][7.309s][info][gc,phases      ] GC(131) Phase 3: Adjust pointers 0.835ms
[2026-06-17T10:04:25.407+0800][7.310s][info][gc,phases,start] GC(131) Phase 4: Move objects
[2026-06-17T10:04:25.409+0800][7.312s][info][gc,phases      ] GC(131) Phase 4: Move objects 2.087ms
[2026-06-17T10:04:25.410+0800][7.313s][info][gc,heap        ] GC(131) DefNew: 19627K(19648K)->0K(19648K) Eden: 17452K(17472K)->0K(17472K) From: 2174K(2176K)->0K(2176K)
[2026-06-17T10:04:25.413+0800][7.315s][info][gc,heap        ] GC(131) Tenured: 39275K(43712K)->27137K(43712K)
[2026-06-17T10:04:25.415+0800][7.317s][info][gc,metaspace   ] GC(131) Metaspace: 114K(320K)->114K(320K) NonClass: 107K(192K)->107K(192K) Class: 7K(128K)->7K(128K)
[2026-06-17T10:04:25.415+0800][7.317s][info][gc             ] GC(131) Pause Full (Allocation Failure) 57M->26M(61M) 13.074ms
[2026-06-17T10:04:25.415+0800][7.317s][info][gc,cpu         ] GC(131) User=0.00s Sys=0.00s Real=0.02s
[2026-06-17T10:04:25.468+0800][7.370s][info][gc,start       ] GC(132) Pause Young (Allocation Failure)
[2026-06-17T10:04:25.470+0800][7.372s][info][gc,heap        ] GC(132) DefNew: 17446K(19648K)->2158K(19648K) Eden: 17446K(17472K)->0K(17472K) From: 0K(2176K)->2158K(2176K)
[2026-06-17T10:04:25.472+0800][7.375s][info][gc,heap        ] GC(132) Tenured: 27137K(43712K)->28551K(43712K)
[2026-06-17T10:04:25.473+0800][7.375s][info][gc,metaspace   ] GC(132) Metaspace: 114K(320K)->114K(320K) NonClass: 107K(192K)->107K(192K) Class: 7K(128K)->7K(128K)
[2026-06-17T10:04:25.474+0800][7.376s][info][gc             ] GC(132) Pause Young (Allocation Failure) 43M->29M(61M) 5.928ms
[2026-06-17T10:04:25.477+0800][7.379s][info][gc,cpu         ] GC(132) User=0.01s Sys=0.00s Real=0.01s
[2026-06-17T10:04:25.521+0800][7.423s][info][gc,start       ] GC(133) Pause Young (Allocation Failure)
[2026-06-17T10:04:25.523+0800][7.425s][info][gc,heap        ] GC(133) DefNew: 19620K(19648K)->2169K(19648K) Eden: 17461K(17472K)->0K(17472K) From: 2158K(2176K)->2169K(2176K)
[2026-06-17T10:04:25.524+0800][7.426s][info][gc,heap        ] GC(133) Tenured: 28551K(43712K)->32199K(43712K)
[2026-06-17T10:04:25.524+0800][7.426s][info][gc,metaspace   ] GC(133) Metaspace: 114K(320K)->114K(320K) NonClass: 107K(192K)->107K(192K) Class: 7K(128K)->7K(128K)
[2026-06-17T10:04:25.525+0800][7.427s][info][gc             ] GC(133) Pause Young (Allocation Failure) 47M->33M(61M) 3.529ms
[2026-06-17T10:04:25.525+0800][7.427s][info][gc,cpu         ] GC(133) User=0.00s Sys=0.00s Real=0.01s
[2026-06-17T10:04:25.569+0800][7.472s][info][gc,start       ] GC(134) Pause Young (Allocation Failure)
[2026-06-17T10:04:25.572+0800][7.474s][info][gc,heap        ] GC(134) DefNew: 19623K(19648K)->2172K(19648K) Eden: 17453K(17472K)->0K(17472K) From: 2169K(2176K)->2172K(2176K)
[2026-06-17T10:04:25.573+0800][7.475s][info][gc,heap        ] GC(134) Tenured: 32199K(43712K)->35671K(43712K)
[2026-06-17T10:04:25.574+0800][7.476s][info][gc,metaspace   ] GC(134) Metaspace: 114K(320K)->114K(320K) NonClass: 107K(192K)->107K(192K) Class: 7K(128K)->7K(128K)
[2026-06-17T10:04:25.575+0800][7.477s][info][gc             ] GC(134) Pause Young (Allocation Failure) 50M->36M(61M) 5.118ms
[2026-06-17T10:04:25.575+0800][7.477s][info][gc,cpu         ] GC(134) User=0.00s Sys=0.00s Real=0.01s
[2026-06-17T10:04:25.619+0800][7.522s][info][gc,start       ] GC(135) Pause Young (Allocation Failure)
[2026-06-17T10:04:25.621+0800][7.524s][info][gc,heap        ] GC(135) DefNew: 19644K(19648K)->2172K(19648K) Eden: 17472K(17472K)->0K(17472K) From: 2172K(2176K)->2172K(2176K)
[2026-06-17T10:04:25.622+0800][7.524s][info][gc,heap        ] GC(135) Tenured: 35671K(43712K)->39300K(43712K)
[2026-06-17T10:04:25.623+0800][7.525s][info][gc,metaspace   ] GC(135) Metaspace: 114K(320K)->114K(320K) NonClass: 107K(192K)->107K(192K) Class: 7K(128K)->7K(128K)
[2026-06-17T10:04:25.623+0800][7.525s][info][gc             ] GC(135) Pause Young (Allocation Failure) 54M->40M(61M) 3.823ms
[2026-06-17T10:04:25.624+0800][7.526s][info][gc,cpu         ] GC(135) User=0.00s Sys=0.00s Real=0.01s
[2026-06-17T10:04:25.669+0800][7.571s][info][gc,start       ] GC(136) Pause Full (Allocation Failure)
[2026-06-17T10:04:25.670+0800][7.572s][info][gc,phases,start] GC(136) Phase 1: Mark live objects
[2026-06-17T10:04:25.673+0800][7.575s][info][gc,phases      ] GC(136) Phase 1: Mark live objects 2.418ms
[2026-06-17T10:04:25.673+0800][7.575s][info][gc,phases,start] GC(136) Phase 2: Compute new object addresses
[2026-06-17T10:04:25.675+0800][7.577s][info][gc,phases      ] GC(136) Phase 2: Compute new object addresses 1.366ms
[2026-06-17T10:04:25.676+0800][7.578s][info][gc,phases,start] GC(136) Phase 3: Adjust pointers
[2026-06-17T10:04:25.677+0800][7.579s][info][gc,phases      ] GC(136) Phase 3: Adjust pointers 1.363ms
[2026-06-17T10:04:25.677+0800][7.580s][info][gc,phases,start] GC(136) Phase 4: Move objects
[2026-06-17T10:04:25.681+0800][7.583s][info][gc,phases      ] GC(136) Phase 4: Move objects 3.199ms
[2026-06-17T10:04:25.681+0800][7.583s][info][gc,heap        ] GC(136) DefNew: 19491K(19648K)->0K(19648K) Eden: 17319K(17472K)->0K(17472K) From: 2172K(2176K)->0K(2176K)
[2026-06-17T10:04:25.682+0800][7.584s][info][gc,heap        ] GC(136) Tenured: 39300K(43712K)->33379K(43712K)
[2026-06-17T10:04:25.682+0800][7.584s][info][gc,metaspace   ] GC(136) Metaspace: 114K(320K)->114K(320K) NonClass: 107K(192K)->107K(192K) Class: 7K(128K)->7K(128K)
[2026-06-17T10:04:25.682+0800][7.585s][info][gc             ] GC(136) Pause Full (Allocation Failure) 57M->32M(61M) 13.137ms
[2026-06-17T10:04:25.683+0800][7.585s][info][gc,cpu         ] GC(136) User=0.01s Sys=0.00s Real=0.02s
[2026-06-17T10:04:25.735+0800][7.638s][info][gc,start       ] GC(137) Pause Young (Allocation Failure)
[2026-06-17T10:04:25.737+0800][7.639s][info][gc,heap        ] GC(137) DefNew: 17467K(19648K)->2141K(19648K) Eden: 17467K(17472K)->0K(17472K) From: 0K(2176K)->2141K(2176K)
[2026-06-17T10:04:25.737+0800][7.640s][info][gc,heap        ] GC(137) Tenured: 33379K(43712K)->34651K(43712K)
[2026-06-17T10:04:25.738+0800][7.640s][info][gc,metaspace   ] GC(137) Metaspace: 114K(320K)->114K(320K) NonClass: 107K(192K)->107K(192K) Class: 7K(128K)->7K(128K)
[2026-06-17T10:04:25.739+0800][7.641s][info][gc             ] GC(137) Pause Young (Allocation Failure) 49M->35M(61M) 3.140ms
[2026-06-17T10:04:25.739+0800][7.641s][info][gc,cpu         ] GC(137) User=0.00s Sys=0.00s Real=0.00s
[2026-06-17T10:04:25.782+0800][7.684s][info][gc,start       ] GC(138) Pause Young (Allocation Failure)
[2026-06-17T10:04:25.784+0800][7.686s][info][gc,heap        ] GC(138) DefNew: 19583K(19648K)->2108K(19648K) Eden: 17441K(17472K)->0K(17472K) From: 2141K(2176K)->2108K(2176K)
[2026-06-17T10:04:25.785+0800][7.687s][info][gc,heap        ] GC(138) Tenured: 34651K(43712K)->38020K(43712K)
[2026-06-17T10:04:25.787+0800][7.689s][info][gc,metaspace   ] GC(138) Metaspace: 114K(320K)->114K(320K) NonClass: 107K(192K)->107K(192K) Class: 7K(128K)->7K(128K)
[2026-06-17T10:04:25.791+0800][7.693s][info][gc             ] GC(138) Pause Young (Allocation Failure) 52M->39M(61M) 9.103ms
[2026-06-17T10:04:25.792+0800][7.694s][info][gc,cpu         ] GC(138) User=0.00s Sys=0.00s Real=0.02s
[2026-06-17T10:04:25.825+0800][7.727s][info][gc,start       ] GC(139) Pause Full (Allocation Failure)
[2026-06-17T10:04:25.825+0800][7.727s][info][gc,phases,start] GC(139) Phase 1: Mark live objects
[2026-06-17T10:04:25.827+0800][7.729s][info][gc,phases      ] GC(139) Phase 1: Mark live objects 1.857ms
[2026-06-17T10:04:25.828+0800][7.730s][info][gc,phases,start] GC(139) Phase 2: Compute new object addresses
[2026-06-17T10:04:25.829+0800][7.731s][info][gc,phases      ] GC(139) Phase 2: Compute new object addresses 1.048ms
[2026-06-17T10:04:25.830+0800][7.732s][info][gc,phases,start] GC(139) Phase 3: Adjust pointers
[2026-06-17T10:04:25.831+0800][7.733s][info][gc,phases      ] GC(139) Phase 3: Adjust pointers 0.894ms
[2026-06-17T10:04:25.831+0800][7.733s][info][gc,phases,start] GC(139) Phase 4: Move objects
[2026-06-17T10:04:25.834+0800][7.736s][info][gc,phases      ] GC(139) Phase 4: Move objects 2.445ms
[2026-06-17T10:04:25.834+0800][7.736s][info][gc,heap        ] GC(139) DefNew: 19502K(19648K)->0K(19648K) Eden: 17393K(17472K)->0K(17472K) From: 2108K(2176K)->0K(2176K)
[2026-06-17T10:04:25.835+0800][7.737s][info][gc,heap        ] GC(139) Tenured: 38020K(43712K)->31608K(43712K)
[2026-06-17T10:04:25.835+0800][7.737s][info][gc,metaspace   ] GC(139) Metaspace: 114K(320K)->114K(320K) NonClass: 107K(192K)->107K(192K) Class: 7K(128K)->7K(128K)
[2026-06-17T10:04:25.836+0800][7.738s][info][gc             ] GC(139) Pause Full (Allocation Failure) 56M->30M(61M) 10.903ms
[2026-06-17T10:04:25.836+0800][7.738s][info][gc,cpu         ] GC(139) User=0.01s Sys=0.00s Real=0.01s
[2026-06-17T10:04:25.889+0800][7.791s][info][gc,start       ] GC(140) Pause Young (Allocation Failure)
[2026-06-17T10:04:25.890+0800][7.792s][info][gc,heap        ] GC(140) DefNew: 17472K(19648K)->2166K(19648K) Eden: 17472K(17472K)->0K(17472K) From: 0K(2176K)->2166K(2176K)
[2026-06-17T10:04:25.890+0800][7.792s][info][gc,heap        ] GC(140) Tenured: 31608K(43712K)->32105K(43712K)
[2026-06-17T10:04:25.891+0800][7.793s][info][gc,metaspace   ] GC(140) Metaspace: 114K(320K)->114K(320K) NonClass: 107K(192K)->107K(192K) Class: 7K(128K)->7K(128K)
[2026-06-17T10:04:25.891+0800][7.794s][info][gc             ] GC(140) Pause Young (Allocation Failure) 47M->33M(61M) 2.466ms
[2026-06-17T10:04:25.893+0800][7.795s][info][gc,cpu         ] GC(140) User=0.00s Sys=0.00s Real=0.01s
[2026-06-17T10:04:25.936+0800][7.838s][info][gc,start       ] GC(141) Pause Young (Allocation Failure)
[2026-06-17T10:04:25.937+0800][7.840s][info][gc,heap        ] GC(141) DefNew: 19638K(19648K)->2116K(19648K) Eden: 17472K(17472K)->0K(17472K) From: 2166K(2176K)->2116K(2176K)
[2026-06-17T10:04:25.938+0800][7.840s][info][gc,heap        ] GC(141) Tenured: 32105K(43712K)->35421K(43712K)
[2026-06-17T10:04:25.939+0800][7.841s][info][gc,metaspace   ] GC(141) Metaspace: 114K(320K)->114K(320K) NonClass: 107K(192K)->107K(192K) Class: 7K(128K)->7K(128K)
[2026-06-17T10:04:25.940+0800][7.842s][info][gc             ] GC(141) Pause Young (Allocation Failure) 50M->36M(61M) 3.933ms
[2026-06-17T10:04:25.940+0800][7.843s][info][gc,cpu         ] GC(141) User=0.01s Sys=0.00s Real=0.00s
[2026-06-17T10:04:25.983+0800][7.885s][info][gc,start       ] GC(142) Pause Young (Allocation Failure)
[2026-06-17T10:04:25.985+0800][7.887s][info][gc,heap        ] GC(142) DefNew: 19546K(19648K)->2069K(19648K) Eden: 17430K(17472K)->0K(17472K) From: 2116K(2176K)->2069K(2176K)
[2026-06-17T10:04:25.987+0800][7.890s][info][gc,heap        ] GC(142) Tenured: 35421K(43712K)->39080K(43712K)
[2026-06-17T10:04:25.989+0800][7.891s][info][gc,metaspace   ] GC(142) Metaspace: 114K(320K)->114K(320K) NonClass: 107K(192K)->107K(192K) Class: 7K(128K)->7K(128K)
[2026-06-17T10:04:25.989+0800][7.891s][info][gc             ] GC(142) Pause Young (Allocation Failure) 53M->40M(61M) 6.067ms
[2026-06-17T10:04:25.992+0800][7.894s][info][gc,cpu         ] GC(142) User=0.00s Sys=0.00s Real=0.01s
[2026-06-17T10:04:26.035+0800][7.937s][info][gc,start       ] GC(143) Pause Full (Allocation Failure)
[2026-06-17T10:04:26.035+0800][7.937s][info][gc,phases,start] GC(143) Phase 1: Mark live objects
[2026-06-17T10:04:26.036+0800][7.938s][info][gc,phases      ] GC(143) Phase 1: Mark live objects 0.979ms
[2026-06-17T10:04:26.036+0800][7.939s][info][gc,phases,start] GC(143) Phase 2: Compute new object addresses
[2026-06-17T10:04:26.037+0800][7.939s][info][gc,phases      ] GC(143) Phase 2: Compute new object addresses 0.619ms
[2026-06-17T10:04:26.037+0800][7.940s][info][gc,phases,start] GC(143) Phase 3: Adjust pointers
[2026-06-17T10:04:26.038+0800][7.940s][info][gc,phases      ] GC(143) Phase 3: Adjust pointers 0.658ms
[2026-06-17T10:04:26.038+0800][7.940s][info][gc,phases,start] GC(143) Phase 4: Move objects
[2026-06-17T10:04:26.041+0800][7.943s][info][gc,phases      ] GC(143) Phase 4: Move objects 2.596ms
[2026-06-17T10:04:26.041+0800][7.943s][info][gc,heap        ] GC(143) DefNew: 19489K(19648K)->0K(19648K) Eden: 17420K(17472K)->0K(17472K) From: 2069K(2176K)->0K(2176K)
[2026-06-17T10:04:26.042+0800][7.944s][info][gc,heap        ] GC(143) Tenured: 39080K(43712K)->28988K(43712K)
[2026-06-17T10:04:26.042+0800][7.944s][info][gc,metaspace   ] GC(143) Metaspace: 114K(320K)->114K(320K) NonClass: 107K(192K)->107K(192K) Class: 7K(128K)->7K(128K)
[2026-06-17T10:04:26.042+0800][7.944s][info][gc             ] GC(143) Pause Full (Allocation Failure) 57M->28M(61M) 7.521ms
[2026-06-17T10:04:26.043+0800][7.945s][info][gc,cpu         ] GC(143) User=0.00s Sys=0.00s Real=0.01s
[2026-06-17T10:04:26.085+0800][7.987s][info][gc,start       ] GC(144) Pause Young (Allocation Failure)
[2026-06-17T10:04:26.086+0800][7.989s][info][gc,heap        ] GC(144) DefNew: 17445K(19648K)->2169K(19648K) Eden: 17445K(17472K)->0K(17472K) From: 0K(2176K)->2169K(2176K)
[2026-06-17T10:04:26.087+0800][7.989s][info][gc,heap        ] GC(144) Tenured: 28988K(43712K)->34066K(43712K)
[2026-06-17T10:04:26.087+0800][7.989s][info][gc,metaspace   ] GC(144) Metaspace: 114K(320K)->114K(320K) NonClass: 107K(192K)->107K(192K) Class: 7K(128K)->7K(128K)
[2026-06-17T10:04:26.087+0800][7.989s][info][gc             ] GC(144) Pause Young (Allocation Failure) 45M->35M(61M) 2.044ms
[2026-06-17T10:04:26.087+0800][7.990s][info][gc,cpu         ] GC(144) User=0.00s Sys=0.00s Real=0.00s
[2026-06-17T10:04:26.129+0800][8.032s][info][gc,start       ] GC(145) Pause Young (Allocation Failure)
[2026-06-17T10:04:26.134+0800][8.036s][info][gc,heap        ] GC(145) DefNew: 19629K(19648K)->2172K(19648K) Eden: 17460K(17472K)->0K(17472K) From: 2169K(2176K)->2172K(2176K)
[2026-06-17T10:04:26.135+0800][8.037s][info][gc,heap        ] GC(145) Tenured: 34066K(43712K)->40497K(43712K)
[2026-06-17T10:04:26.138+0800][8.040s][info][gc,metaspace   ] GC(145) Metaspace: 114K(320K)->114K(320K) NonClass: 107K(192K)->107K(192K) Class: 7K(128K)->7K(128K)
[2026-06-17T10:04:26.139+0800][8.041s][info][gc             ] GC(145) Pause Young (Allocation Failure) 52M->41M(61M) 9.170ms
[2026-06-17T10:04:26.140+0800][8.042s][info][gc,cpu         ] GC(145) User=0.00s Sys=0.00s Real=0.01s
[2026-06-17T10:04:26.192+0800][8.094s][info][gc,start       ] GC(146) Pause Full (Allocation Failure)
[2026-06-17T10:04:26.193+0800][8.095s][info][gc,phases,start] GC(146) Phase 1: Mark live objects
[2026-06-17T10:04:26.196+0800][8.098s][info][gc,phases      ] GC(146) Phase 1: Mark live objects 2.614ms
[2026-06-17T10:04:26.196+0800][8.098s][info][gc,phases,start] GC(146) Phase 2: Compute new object addresses
[2026-06-17T10:04:26.197+0800][8.099s][info][gc,phases      ] GC(146) Phase 2: Compute new object addresses 0.750ms
[2026-06-17T10:04:26.197+0800][8.099s][info][gc,phases,start] GC(146) Phase 3: Adjust pointers
[2026-06-17T10:04:26.198+0800][8.100s][info][gc,phases      ] GC(146) Phase 3: Adjust pointers 0.716ms
[2026-06-17T10:04:26.198+0800][8.101s][info][gc,phases,start] GC(146) Phase 4: Move objects
[2026-06-17T10:04:26.201+0800][8.103s][info][gc,phases      ] GC(146) Phase 4: Move objects 2.779ms
[2026-06-17T10:04:26.202+0800][8.104s][info][gc,heap        ] GC(146) DefNew: 19608K(19648K)->0K(19648K) Eden: 17436K(17472K)->0K(17472K) From: 2172K(2176K)->0K(2176K)
[2026-06-17T10:04:26.202+0800][8.104s][info][gc,heap        ] GC(146) Tenured: 40497K(43712K)->26761K(43712K)
[2026-06-17T10:04:26.202+0800][8.104s][info][gc,metaspace   ] GC(146) Metaspace: 114K(320K)->114K(320K) NonClass: 107K(192K)->107K(192K) Class: 7K(128K)->7K(128K)
[2026-06-17T10:04:26.202+0800][8.105s][info][gc             ] GC(146) Pause Full (Allocation Failure) 58M->26M(61M) 10.151ms
[2026-06-17T10:04:26.203+0800][8.105s][info][gc,cpu         ] GC(146) User=0.00s Sys=0.00s Real=0.01s
[2026-06-17T10:04:26.235+0800][8.137s][info][gc,start       ] GC(147) Pause Young (Allocation Failure)
[2026-06-17T10:04:26.237+0800][8.139s][info][gc,heap        ] GC(147) DefNew: 17296K(19648K)->2175K(19648K) Eden: 17296K(17472K)->0K(17472K) From: 0K(2176K)->2175K(2176K)
[2026-06-17T10:04:26.237+0800][8.139s][info][gc,heap        ] GC(147) Tenured: 26761K(43712K)->31673K(43712K)
[2026-06-17T10:04:26.237+0800][8.140s][info][gc,metaspace   ] GC(147) Metaspace: 114K(320K)->114K(320K) NonClass: 107K(192K)->107K(192K) Class: 7K(128K)->7K(128K)
[2026-06-17T10:04:26.238+0800][8.140s][info][gc             ] GC(147) Pause Young (Allocation Failure) 43M->33M(61M) 2.885ms
[2026-06-17T10:04:26.238+0800][8.140s][info][gc,cpu         ] GC(147) User=0.00s Sys=0.00s Real=0.00s
[2026-06-17T10:04:26.291+0800][8.194s][info][gc,start       ] GC(148) Pause Young (Allocation Failure)
[2026-06-17T10:04:26.294+0800][8.196s][info][gc,heap        ] GC(148) DefNew: 19641K(19648K)->2056K(19648K) Eden: 17466K(17472K)->0K(17472K) From: 2175K(2176K)->2056K(2176K)
[2026-06-17T10:04:26.295+0800][8.197s][info][gc,heap        ] GC(148) Tenured: 31673K(43712K)->35533K(43712K)
[2026-06-17T10:04:26.296+0800][8.199s][info][gc,metaspace   ] GC(148) Metaspace: 114K(320K)->114K(320K) NonClass: 107K(192K)->107K(192K) Class: 7K(128K)->7K(128K)
[2026-06-17T10:04:26.298+0800][8.201s][info][gc             ] GC(148) Pause Young (Allocation Failure) 50M->36M(61M) 7.025ms
[2026-06-17T10:04:26.299+0800][8.201s][info][gc,cpu         ] GC(148) User=0.01s Sys=0.00s Real=0.00s
[2026-06-17T10:04:26.342+0800][8.244s][info][gc,start       ] GC(149) Pause Young (Allocation Failure)
[2026-06-17T10:04:26.343+0800][8.245s][info][gc,heap        ] GC(149) DefNew: 19508K(19648K)->2175K(19648K) Eden: 17452K(17472K)->0K(17472K) From: 2056K(2176K)->2175K(2176K)
[2026-06-17T10:04:26.343+0800][8.245s][info][gc,heap        ] GC(149) Tenured: 35533K(43712K)->38336K(43712K)
[2026-06-17T10:04:26.343+0800][8.245s][info][gc,metaspace   ] GC(149) Metaspace: 114K(320K)->114K(320K) NonClass: 107K(192K)->107K(192K) Class: 7K(128K)->7K(128K)
[2026-06-17T10:04:26.343+0800][8.246s][info][gc             ] GC(149) Pause Young (Allocation Failure) 53M->39M(61M) 1.519ms
[2026-06-17T10:04:26.343+0800][8.246s][info][gc,cpu         ] GC(149) User=0.00s Sys=0.00s Real=0.01s
[2026-06-17T10:04:26.386+0800][8.288s][info][gc,start       ] GC(150) Pause Full (Allocation Failure)
[2026-06-17T10:04:26.386+0800][8.288s][info][gc,phases,start] GC(150) Phase 1: Mark live objects
[2026-06-17T10:04:26.388+0800][8.290s][info][gc,phases      ] GC(150) Phase 1: Mark live objects 1.453ms
[2026-06-17T10:04:26.388+0800][8.290s][info][gc,phases,start] GC(150) Phase 2: Compute new object addresses
[2026-06-17T10:04:26.389+0800][8.291s][info][gc,phases      ] GC(150) Phase 2: Compute new object addresses 0.850ms
[2026-06-17T10:04:26.389+0800][8.291s][info][gc,phases,start] GC(150) Phase 3: Adjust pointers
[2026-06-17T10:04:26.390+0800][8.292s][info][gc,phases      ] GC(150) Phase 3: Adjust pointers 0.739ms
[2026-06-17T10:04:26.390+0800][8.293s][info][gc,phases,start] GC(150) Phase 4: Move objects
[2026-06-17T10:04:26.393+0800][8.295s][info][gc,phases      ] GC(150) Phase 4: Move objects 2.688ms
[2026-06-17T10:04:26.393+0800][8.296s][info][gc,heap        ] GC(150) DefNew: 19625K(19648K)->0K(19648K) Eden: 17450K(17472K)->0K(17472K) From: 2175K(2176K)->0K(2176K)
[2026-06-17T10:04:26.394+0800][8.296s][info][gc,heap        ] GC(150) Tenured: 38336K(43712K)->31093K(43712K)
[2026-06-17T10:04:26.394+0800][8.296s][info][gc,metaspace   ] GC(150) Metaspace: 114K(320K)->114K(320K) NonClass: 107K(192K)->107K(192K) Class: 7K(128K)->7K(128K)
[2026-06-17T10:04:26.394+0800][8.296s][info][gc             ] GC(150) Pause Full (Allocation Failure) 56M->30M(61M) 8.264ms
[2026-06-17T10:04:26.394+0800][8.296s][info][gc,cpu         ] GC(150) User=0.00s Sys=0.00s Real=0.01s
[2026-06-17T10:04:26.437+0800][8.339s][info][gc,start       ] GC(151) Pause Young (Allocation Failure)
[2026-06-17T10:04:26.439+0800][8.341s][info][gc,heap        ] GC(151) DefNew: 17443K(19648K)->2169K(19648K) Eden: 17443K(17472K)->0K(17472K) From: 0K(2176K)->2169K(2176K)
[2026-06-17T10:04:26.439+0800][8.342s][info][gc,heap        ] GC(151) Tenured: 31093K(43712K)->36290K(43712K)
[2026-06-17T10:04:26.440+0800][8.342s][info][gc,metaspace   ] GC(151) Metaspace: 114K(320K)->114K(320K) NonClass: 107K(192K)->107K(192K) Class: 7K(128K)->7K(128K)
[2026-06-17T10:04:26.440+0800][8.342s][info][gc             ] GC(151) Pause Young (Allocation Failure) 47M->37M(61M) 3.007ms
[2026-06-17T10:04:26.440+0800][8.342s][info][gc,cpu         ] GC(151) User=0.00s Sys=0.00s Real=0.00s
[2026-06-17T10:04:26.484+0800][8.386s][info][gc,start       ] GC(152) Pause Full (Allocation Failure)
[2026-06-17T10:04:26.485+0800][8.387s][info][gc,phases,start] GC(152) Phase 1: Mark live objects
[2026-06-17T10:04:26.487+0800][8.390s][info][gc,phases      ] GC(152) Phase 1: Mark live objects 2.500ms
[2026-06-17T10:04:26.488+0800][8.390s][info][gc,phases,start] GC(152) Phase 2: Compute new object addresses
[2026-06-17T10:04:26.489+0800][8.391s][info][gc,phases      ] GC(152) Phase 2: Compute new object addresses 1.215ms
[2026-06-17T10:04:26.490+0800][8.392s][info][gc,phases,start] GC(152) Phase 3: Adjust pointers
[2026-06-17T10:04:26.491+0800][8.393s][info][gc,phases      ] GC(152) Phase 3: Adjust pointers 1.443ms
[2026-06-17T10:04:26.492+0800][8.394s][info][gc,phases,start] GC(152) Phase 4: Move objects
[2026-06-17T10:04:26.495+0800][8.397s][info][gc,phases      ] GC(152) Phase 4: Move objects 3.063ms
[2026-06-17T10:04:26.495+0800][8.398s][info][gc,heap        ] GC(152) DefNew: 19590K(19648K)->0K(19648K) Eden: 17420K(17472K)->0K(17472K) From: 2169K(2176K)->0K(2176K)
[2026-06-17T10:04:26.496+0800][8.398s][info][gc,heap        ] GC(152) Tenured: 36290K(43712K)->25530K(43712K)
[2026-06-17T10:04:26.496+0800][8.399s][info][gc,metaspace   ] GC(152) Metaspace: 114K(320K)->114K(320K) NonClass: 107K(192K)->107K(192K) Class: 7K(128K)->7K(128K)
[2026-06-17T10:04:26.497+0800][8.399s][info][gc             ] GC(152) Pause Full (Allocation Failure) 54M->24M(61M) 12.971ms
[2026-06-17T10:04:26.497+0800][8.399s][info][gc,cpu         ] GC(152) User=0.01s Sys=0.00s Real=0.01s
[2026-06-17T10:04:26.551+0800][8.453s][info][gc,start       ] GC(153) Pause Young (Allocation Failure)
[2026-06-17T10:04:26.554+0800][8.456s][info][gc,heap        ] GC(153) DefNew: 17472K(19648K)->2103K(19648K) Eden: 17472K(17472K)->0K(17472K) From: 0K(2176K)->2103K(2176K)
[2026-06-17T10:04:26.555+0800][8.457s][info][gc,heap        ] GC(153) Tenured: 25530K(43712K)->27026K(43712K)
[2026-06-17T10:04:26.555+0800][8.457s][info][gc,metaspace   ] GC(153) Metaspace: 114K(320K)->114K(320K) NonClass: 107K(192K)->107K(192K) Class: 7K(128K)->7K(128K)
[2026-06-17T10:04:26.556+0800][8.458s][info][gc             ] GC(153) Pause Young (Allocation Failure) 41M->28M(61M) 4.606ms
[2026-06-17T10:04:26.556+0800][8.458s][info][gc,cpu         ] GC(153) User=0.00s Sys=0.00s Real=0.00s
[2026-06-17T10:04:26.600+0800][8.502s][info][gc,start       ] GC(154) Pause Young (Allocation Failure)
[2026-06-17T10:04:26.602+0800][8.504s][info][gc,heap        ] GC(154) DefNew: 19545K(19648K)->2174K(19648K) Eden: 17442K(17472K)->0K(17472K) From: 2103K(2176K)->2174K(2176K)
[2026-06-17T10:04:26.603+0800][8.505s][info][gc,heap        ] GC(154) Tenured: 27026K(43712K)->30314K(43712K)
[2026-06-17T10:04:26.603+0800][8.505s][info][gc,metaspace   ] GC(154) Metaspace: 114K(320K)->114K(320K) NonClass: 107K(192K)->107K(192K) Class: 7K(128K)->7K(128K)
[2026-06-17T10:04:26.604+0800][8.506s][info][gc             ] GC(154) Pause Young (Allocation Failure) 45M->31M(61M) 3.523ms
[2026-06-17T10:04:26.604+0800][8.507s][info][gc,cpu         ] GC(154) User=0.01s Sys=0.00s Real=0.01s
[2026-06-17T10:04:26.649+0800][8.551s][info][gc,start       ] GC(155) Pause Young (Allocation Failure)
[2026-06-17T10:04:26.651+0800][8.553s][info][gc,heap        ] GC(155) DefNew: 19631K(19648K)->2175K(19648K) Eden: 17457K(17472K)->0K(17472K) From: 2174K(2176K)->2175K(2176K)
[2026-06-17T10:04:26.652+0800][8.554s][info][gc,heap        ] GC(155) Tenured: 30314K(43712K)->34619K(43712K)
[2026-06-17T10:04:26.652+0800][8.555s][info][gc,metaspace   ] GC(155) Metaspace: 114K(320K)->114K(320K) NonClass: 107K(192K)->107K(192K) Class: 7K(128K)->7K(128K)
[2026-06-17T10:04:26.653+0800][8.555s][info][gc             ] GC(155) Pause Young (Allocation Failure) 48M->35M(61M) 3.880ms
[2026-06-17T10:04:26.654+0800][8.556s][info][gc,cpu         ] GC(155) User=0.00s Sys=0.00s Real=0.01s
[2026-06-17T10:04:26.697+0800][8.599s][info][gc,start       ] GC(156) Pause Young (Allocation Failure)
[2026-06-17T10:04:26.699+0800][8.601s][info][gc,heap        ] GC(156) DefNew: 19589K(19648K)->2173K(19648K) Eden: 17413K(17472K)->0K(17472K) From: 2175K(2176K)->2173K(2176K)
[2026-06-17T10:04:26.700+0800][8.602s][info][gc,heap        ] GC(156) Tenured: 34619K(43712K)->39191K(43712K)
[2026-06-17T10:04:26.700+0800][8.602s][info][gc,metaspace   ] GC(156) Metaspace: 114K(320K)->114K(320K) NonClass: 107K(192K)->107K(192K) Class: 7K(128K)->7K(128K)
[2026-06-17T10:04:26.701+0800][8.603s][info][gc             ] GC(156) Pause Young (Allocation Failure) 52M->40M(61M) 3.764ms
[2026-06-17T10:04:26.701+0800][8.603s][info][gc,cpu         ] GC(156) User=0.01s Sys=0.00s Real=0.00s
[2026-06-17T10:04:26.744+0800][8.646s][info][gc,start       ] GC(157) Pause Full (Allocation Failure)
[2026-06-17T10:04:26.744+0800][8.646s][info][gc,phases,start] GC(157) Phase 1: Mark live objects
[2026-06-17T10:04:26.745+0800][8.647s][info][gc,phases      ] GC(157) Phase 1: Mark live objects 1.031ms
[2026-06-17T10:04:26.746+0800][8.649s][info][gc,phases,start] GC(157) Phase 2: Compute new object addresses
[2026-06-17T10:04:26.747+0800][8.649s][info][gc,phases      ] GC(157) Phase 2: Compute new object addresses 0.571ms
[2026-06-17T10:04:26.747+0800][8.649s][info][gc,phases,start] GC(157) Phase 3: Adjust pointers
[2026-06-17T10:04:26.748+0800][8.650s][info][gc,phases      ] GC(157) Phase 3: Adjust pointers 0.566ms
[2026-06-17T10:04:26.748+0800][8.650s][info][gc,phases,start] GC(157) Phase 4: Move objects
[2026-06-17T10:04:26.750+0800][8.652s][info][gc,phases      ] GC(157) Phase 4: Move objects 2.017ms
[2026-06-17T10:04:26.751+0800][8.653s][info][gc,heap        ] GC(157) DefNew: 19590K(19648K)->0K(19648K) Eden: 17416K(17472K)->0K(17472K) From: 2173K(2176K)->0K(2176K)
[2026-06-17T10:04:26.751+0800][8.653s][info][gc,heap        ] GC(157) Tenured: 39191K(43712K)->32747K(43712K)
[2026-06-17T10:04:26.751+0800][8.653s][info][gc,metaspace   ] GC(157) Metaspace: 114K(320K)->114K(320K) NonClass: 107K(192K)->107K(192K) Class: 7K(128K)->7K(128K)
[2026-06-17T10:04:26.751+0800][8.654s][info][gc             ] GC(157) Pause Full (Allocation Failure) 57M->31M(61M) 7.955ms
[2026-06-17T10:04:26.752+0800][8.654s][info][gc,cpu         ] GC(157) User=0.00s Sys=0.00s Real=0.01s
[2026-06-17T10:04:26.804+0800][8.707s][info][gc,start       ] GC(158) Pause Young (Allocation Failure)
[2026-06-17T10:04:26.805+0800][8.708s][info][gc,heap        ] GC(158) DefNew: 17472K(19648K)->2136K(19648K) Eden: 17472K(17472K)->0K(17472K) From: 0K(2176K)->2136K(2176K)
[2026-06-17T10:04:26.806+0800][8.708s][info][gc,heap        ] GC(158) Tenured: 32747K(43712K)->34372K(43712K)
[2026-06-17T10:04:26.806+0800][8.708s][info][gc,metaspace   ] GC(158) Metaspace: 114K(320K)->114K(320K) NonClass: 107K(192K)->107K(192K) Class: 7K(128K)->7K(128K)
[2026-06-17T10:04:26.806+0800][8.709s][info][gc             ] GC(158) Pause Young (Allocation Failure) 49M->35M(61M) 1.918ms
[2026-06-17T10:04:26.807+0800][8.709s][info][gc,cpu         ] GC(158) User=0.00s Sys=0.00s Real=0.00s
[2026-06-17T10:04:26.849+0800][8.751s][info][gc,start       ] GC(159) Pause Young (Allocation Failure)
[2026-06-17T10:04:26.850+0800][8.752s][info][gc,heap        ] GC(159) DefNew: 19594K(19648K)->2168K(19648K) Eden: 17458K(17472K)->0K(17472K) From: 2136K(2176K)->2168K(2176K)
[2026-06-17T10:04:26.851+0800][8.753s][info][gc,heap        ] GC(159) Tenured: 34372K(43712K)->37776K(43712K)
[2026-06-17T10:04:26.851+0800][8.753s][info][gc,metaspace   ] GC(159) Metaspace: 114K(320K)->114K(320K) NonClass: 107K(192K)->107K(192K) Class: 7K(128K)->7K(128K)
[2026-06-17T10:04:26.851+0800][8.753s][info][gc             ] GC(159) Pause Young (Allocation Failure) 52M->39M(61M) 2.462ms
[2026-06-17T10:04:26.852+0800][8.754s][info][gc,cpu         ] GC(159) User=0.01s Sys=0.00s Real=0.01s
[2026-06-17T10:04:26.894+0800][8.796s][info][gc,start       ] GC(160) Pause Full (Allocation Failure)
[2026-06-17T10:04:26.894+0800][8.796s][info][gc,phases,start] GC(160) Phase 1: Mark live objects
[2026-06-17T10:04:26.895+0800][8.797s][info][gc,phases      ] GC(160) Phase 1: Mark live objects 1.230ms
[2026-06-17T10:04:26.896+0800][8.798s][info][gc,phases,start] GC(160) Phase 2: Compute new object addresses
[2026-06-17T10:04:26.896+0800][8.798s][info][gc,phases      ] GC(160) Phase 2: Compute new object addresses 0.578ms
[2026-06-17T10:04:26.896+0800][8.799s][info][gc,phases,start] GC(160) Phase 3: Adjust pointers
[2026-06-17T10:04:26.897+0800][8.799s][info][gc,phases      ] GC(160) Phase 3: Adjust pointers 0.664ms
[2026-06-17T10:04:26.897+0800][8.799s][info][gc,phases,start] GC(160) Phase 4: Move objects
[2026-06-17T10:04:26.899+0800][8.802s][info][gc,phases      ] GC(160) Phase 4: Move objects 2.185ms
[2026-06-17T10:04:26.900+0800][8.802s][info][gc,heap        ] GC(160) DefNew: 19631K(19648K)->0K(19648K) Eden: 17463K(17472K)->0K(17472K) From: 2168K(2176K)->0K(2176K)
[2026-06-17T10:04:26.900+0800][8.802s][info][gc,heap        ] GC(160) Tenured: 37776K(43712K)->34503K(43712K)
[2026-06-17T10:04:26.900+0800][8.803s][info][gc,metaspace   ] GC(160) Metaspace: 114K(320K)->114K(320K) NonClass: 107K(192K)->107K(192K) Class: 7K(128K)->7K(128K)
[2026-06-17T10:04:26.901+0800][8.803s][info][gc             ] GC(160) Pause Full (Allocation Failure) 56M->33M(61M) 6.976ms
[2026-06-17T10:04:26.901+0800][8.803s][info][gc,cpu         ] GC(160) User=0.00s Sys=0.00s Real=0.00s
[2026-06-17T10:04:26.953+0800][8.855s][info][gc,start       ] GC(161) Pause Young (Allocation Failure)
[2026-06-17T10:04:26.955+0800][8.858s][info][gc,heap        ] GC(161) DefNew: 17472K(19648K)->2067K(19648K) Eden: 17472K(17472K)->0K(17472K) From: 0K(2176K)->2067K(2176K)
[2026-06-17T10:04:26.956+0800][8.859s][info][gc,heap        ] GC(161) Tenured: 34503K(43712K)->35795K(43712K)
[2026-06-17T10:04:26.958+0800][8.860s][info][gc,metaspace   ] GC(161) Metaspace: 114K(320K)->114K(320K) NonClass: 107K(192K)->107K(192K) Class: 7K(128K)->7K(128K)
[2026-06-17T10:04:26.959+0800][8.861s][info][gc             ] GC(161) Pause Young (Allocation Failure) 50M->36M(61M) 5.735ms
[2026-06-17T10:04:26.960+0800][8.862s][info][gc,cpu         ] GC(161) User=0.00s Sys=0.00s Real=0.00s
[2026-06-17T10:04:27.002+0800][8.904s][info][gc,start       ] GC(162) Pause Young (Allocation Failure)
[2026-06-17T10:04:27.004+0800][8.906s][info][gc,heap        ] GC(162) DefNew: 19539K(19648K)->2168K(19648K) Eden: 17472K(17472K)->0K(17472K) From: 2067K(2176K)->2168K(2176K)
[2026-06-17T10:04:27.005+0800][8.907s][info][gc,heap        ] GC(162) Tenured: 35795K(43712K)->39823K(43712K)
[2026-06-17T10:04:27.005+0800][8.907s][info][gc,metaspace   ] GC(162) Metaspace: 114K(320K)->114K(320K) NonClass: 107K(192K)->107K(192K) Class: 7K(128K)->7K(128K)
[2026-06-17T10:04:27.006+0800][8.908s][info][gc             ] GC(162) Pause Young (Allocation Failure) 54M->41M(61M) 3.319ms
[2026-06-17T10:04:27.007+0800][8.909s][info][gc,cpu         ] GC(162) User=0.00s Sys=0.00s Real=0.01s
[2026-06-17T10:04:27.051+0800][8.953s][info][gc,start       ] GC(163) Pause Full (Allocation Failure)
[2026-06-17T10:04:27.052+0800][8.954s][info][gc,phases,start] GC(163) Phase 1: Mark live objects
[2026-06-17T10:04:27.054+0800][8.957s][info][gc,phases      ] GC(163) Phase 1: Mark live objects 2.627ms
[2026-06-17T10:04:27.055+0800][8.957s][info][gc,phases,start] GC(163) Phase 2: Compute new object addresses
[2026-06-17T10:04:27.056+0800][8.958s][info][gc,phases      ] GC(163) Phase 2: Compute new object addresses 1.128ms
[2026-06-17T10:04:27.057+0800][8.959s][info][gc,phases,start] GC(163) Phase 3: Adjust pointers
[2026-06-17T10:04:27.058+0800][8.960s][info][gc,phases      ] GC(163) Phase 3: Adjust pointers 1.185ms
[2026-06-17T10:04:27.058+0800][8.960s][info][gc,phases,start] GC(163) Phase 4: Move objects
[2026-06-17T10:04:27.062+0800][8.964s][info][gc,phases      ] GC(163) Phase 4: Move objects 3.719ms
[2026-06-17T10:04:27.062+0800][8.965s][info][gc,heap        ] GC(163) DefNew: 19633K(19648K)->0K(19648K) Eden: 17464K(17472K)->0K(17472K) From: 2168K(2176K)->0K(2176K)
[2026-06-17T10:04:27.063+0800][8.965s][info][gc,heap        ] GC(163) Tenured: 39823K(43712K)->25322K(43712K)
[2026-06-17T10:04:27.063+0800][8.965s][info][gc,metaspace   ] GC(163) Metaspace: 114K(320K)->114K(320K) NonClass: 107K(192K)->107K(192K) Class: 7K(128K)->7K(128K)
[2026-06-17T10:04:27.063+0800][8.966s][info][gc             ] GC(163) Pause Full (Allocation Failure) 58M->24M(61M) 12.591ms
[2026-06-17T10:04:27.064+0800][8.966s][info][gc,cpu         ] GC(163) User=0.01s Sys=0.00s Real=0.01s
[2026-06-17T10:04:27.107+0800][9.009s][info][gc,start       ] GC(164) Pause Young (Allocation Failure)
[2026-06-17T10:04:27.109+0800][9.011s][info][gc,heap        ] GC(164) DefNew: 17465K(19648K)->2172K(19648K) Eden: 17465K(17472K)->0K(17472K) From: 0K(2176K)->2172K(2176K)
[2026-06-17T10:04:27.110+0800][9.012s][info][gc,heap        ] GC(164) Tenured: 25322K(43712K)->30590K(43712K)
[2026-06-17T10:04:27.110+0800][9.013s][info][gc,metaspace   ] GC(164) Metaspace: 114K(320K)->114K(320K) NonClass: 107K(192K)->107K(192K) Class: 7K(128K)->7K(128K)
[2026-06-17T10:04:27.111+0800][9.013s][info][gc             ] GC(164) Pause Young (Allocation Failure) 41M->31M(61M) 3.745ms
[2026-06-17T10:04:27.111+0800][9.013s][info][gc,cpu         ] GC(164) User=0.00s Sys=0.00s Real=0.01s
[2026-06-17T10:04:27.154+0800][9.056s][info][gc,start       ] GC(165) Pause Young (Allocation Failure)
[2026-06-17T10:04:27.156+0800][9.058s][info][gc,heap        ] GC(165) DefNew: 19644K(19648K)->2168K(19648K) Eden: 17472K(17472K)->0K(17472K) From: 2172K(2176K)->2168K(2176K)
[2026-06-17T10:04:27.156+0800][9.058s][info][gc,heap        ] GC(165) Tenured: 30590K(43712K)->37128K(43712K)
[2026-06-17T10:04:27.156+0800][9.059s][info][gc,metaspace   ] GC(165) Metaspace: 114K(320K)->114K(320K) NonClass: 107K(192K)->107K(192K) Class: 7K(128K)->7K(128K)
[2026-06-17T10:04:27.157+0800][9.059s][info][gc             ] GC(165) Pause Young (Allocation Failure) 49M->38M(61M) 2.615ms
[2026-06-17T10:04:27.157+0800][9.059s][info][gc,cpu         ] GC(165) User=0.00s Sys=0.00s Real=0.00s
[2026-06-17T10:04:27.199+0800][9.102s][info][gc,start       ] GC(166) Pause Full (Allocation Failure)
[2026-06-17T10:04:27.200+0800][9.102s][info][gc,phases,start] GC(166) Phase 1: Mark live objects
[2026-06-17T10:04:27.202+0800][9.104s][info][gc,phases      ] GC(166) Phase 1: Mark live objects 1.720ms
[2026-06-17T10:04:27.202+0800][9.104s][info][gc,phases,start] GC(166) Phase 2: Compute new object addresses
[2026-06-17T10:04:27.203+0800][9.105s][info][gc,phases      ] GC(166) Phase 2: Compute new object addresses 0.771ms
[2026-06-17T10:04:27.203+0800][9.105s][info][gc,phases,start] GC(166) Phase 3: Adjust pointers
[2026-06-17T10:04:27.204+0800][9.106s][info][gc,phases      ] GC(166) Phase 3: Adjust pointers 0.686ms
[2026-06-17T10:04:27.204+0800][9.106s][info][gc,phases,start] GC(166) Phase 4: Move objects
[2026-06-17T10:04:27.207+0800][9.109s][info][gc,phases      ] GC(166) Phase 4: Move objects 2.526ms
[2026-06-17T10:04:27.207+0800][9.109s][info][gc,heap        ] GC(166) DefNew: 19630K(19648K)->0K(19648K) Eden: 17461K(17472K)->0K(17472K) From: 2168K(2176K)->0K(2176K)
[2026-06-17T10:04:27.207+0800][9.110s][info][gc,heap        ] GC(166) Tenured: 37128K(43712K)->26248K(43712K)
[2026-06-17T10:04:27.208+0800][9.110s][info][gc,metaspace   ] GC(166) Metaspace: 114K(320K)->114K(320K) NonClass: 107K(192K)->107K(192K) Class: 7K(128K)->7K(128K)
[2026-06-17T10:04:27.208+0800][9.110s][info][gc             ] GC(166) Pause Full (Allocation Failure) 55M->25M(61M) 8.515ms
[2026-06-17T10:04:27.208+0800][9.110s][info][gc,cpu         ] GC(166) User=0.00s Sys=0.00s Real=0.01s
[2026-06-17T10:04:27.251+0800][9.154s][info][gc,start       ] GC(167) Pause Young (Allocation Failure)
[2026-06-17T10:04:27.253+0800][9.155s][info][gc,heap        ] GC(167) DefNew: 17218K(19648K)->2102K(19648K) Eden: 17218K(17472K)->0K(17472K) From: 0K(2176K)->2102K(2176K)
[2026-06-17T10:04:27.254+0800][9.156s][info][gc,heap        ] GC(167) Tenured: 26248K(43712K)->27155K(43712K)
[2026-06-17T10:04:27.254+0800][9.157s][info][gc,metaspace   ] GC(167) Metaspace: 114K(320K)->114K(320K) NonClass: 107K(192K)->107K(192K) Class: 7K(128K)->7K(128K)
[2026-06-17T10:04:27.255+0800][9.157s][info][gc             ] GC(167) Pause Young (Allocation Failure) 42M->28M(61M) 3.677ms
[2026-06-17T10:04:27.256+0800][9.158s][info][gc,cpu         ] GC(167) User=0.00s Sys=0.01s Real=0.00s
[2026-06-17T10:04:27.299+0800][9.201s][info][gc,start       ] GC(168) Pause Young (Allocation Failure)
[2026-06-17T10:04:27.302+0800][9.204s][info][gc,heap        ] GC(168) DefNew: 19537K(19648K)->2170K(19648K) Eden: 17435K(17472K)->0K(17472K) From: 2102K(2176K)->2170K(2176K)
[2026-06-17T10:04:27.303+0800][9.205s][info][gc,heap        ] GC(168) Tenured: 27155K(43712K)->33998K(43712K)
[2026-06-17T10:04:27.305+0800][9.207s][info][gc,metaspace   ] GC(168) Metaspace: 114K(320K)->114K(320K) NonClass: 107K(192K)->107K(192K) Class: 7K(128K)->7K(128K)
[2026-06-17T10:04:27.307+0800][9.209s][info][gc             ] GC(168) Pause Young (Allocation Failure) 45M->35M(61M) 7.842ms
[2026-06-17T10:04:27.308+0800][9.210s][info][gc,cpu         ] GC(168) User=0.01s Sys=0.00s Real=0.01s
[2026-06-17T10:04:27.363+0800][9.265s][info][gc,start       ] GC(169) Pause Young (Allocation Failure)
[2026-06-17T10:04:27.364+0800][9.266s][info][gc,heap        ] GC(169) DefNew: 19600K(19648K)->2133K(19648K) Eden: 17430K(17472K)->0K(17472K) From: 2170K(2176K)->2133K(2176K)
[2026-06-17T10:04:27.365+0800][9.267s][info][gc,heap        ] GC(169) Tenured: 33998K(43712K)->35487K(43712K)
[2026-06-17T10:04:27.365+0800][9.267s][info][gc,metaspace   ] GC(169) Metaspace: 114K(320K)->114K(320K) NonClass: 107K(192K)->107K(192K) Class: 7K(128K)->7K(128K)
[2026-06-17T10:04:27.365+0800][9.268s][info][gc             ] GC(169) Pause Young (Allocation Failure) 52M->36M(61M) 2.632ms
[2026-06-17T10:04:27.366+0800][9.268s][info][gc,cpu         ] GC(169) User=0.00s Sys=0.00s Real=0.00s
[2026-06-17T10:04:27.408+0800][9.311s][info][gc,start       ] GC(170) Pause Full (Allocation Failure)
[2026-06-17T10:04:27.409+0800][9.311s][info][gc,phases,start] GC(170) Phase 1: Mark live objects
[2026-06-17T10:04:27.410+0800][9.312s][info][gc,phases      ] GC(170) Phase 1: Mark live objects 1.066ms
[2026-06-17T10:04:27.410+0800][9.312s][info][gc,phases,start] GC(170) Phase 2: Compute new object addresses
[2026-06-17T10:04:27.411+0800][9.313s][info][gc,phases      ] GC(170) Phase 2: Compute new object addresses 0.473ms
[2026-06-17T10:04:27.411+0800][9.313s][info][gc,phases,start] GC(170) Phase 3: Adjust pointers
[2026-06-17T10:04:27.411+0800][9.314s][info][gc,phases      ] GC(170) Phase 3: Adjust pointers 0.522ms
[2026-06-17T10:04:27.412+0800][9.314s][info][gc,phases,start] GC(170) Phase 4: Move objects
[2026-06-17T10:04:27.413+0800][9.316s][info][gc,phases      ] GC(170) Phase 4: Move objects 1.647ms
[2026-06-17T10:04:27.414+0800][9.316s][info][gc,heap        ] GC(170) DefNew: 19557K(19648K)->0K(19648K) Eden: 17424K(17472K)->0K(17472K) From: 2133K(2176K)->0K(2176K)
[2026-06-17T10:04:27.414+0800][9.316s][info][gc,heap        ] GC(170) Tenured: 35487K(43712K)->28200K(43712K)
[2026-06-17T10:04:27.414+0800][9.316s][info][gc,metaspace   ] GC(170) Metaspace: 114K(320K)->114K(320K) NonClass: 107K(192K)->107K(192K) Class: 7K(128K)->7K(128K)
[2026-06-17T10:04:27.414+0800][9.316s][info][gc             ] GC(170) Pause Full (Allocation Failure) 53M->27M(61M) 5.849ms
[2026-06-17T10:04:27.414+0800][9.317s][info][gc,cpu         ] GC(170) User=0.00s Sys=0.00s Real=0.01s
[2026-06-17T10:04:27.456+0800][9.359s][info][gc,start       ] GC(171) Pause Young (Allocation Failure)
[2026-06-17T10:04:27.458+0800][9.360s][info][gc,heap        ] GC(171) DefNew: 17472K(19648K)->2168K(19648K) Eden: 17472K(17472K)->0K(17472K) From: 0K(2176K)->2168K(2176K)
[2026-06-17T10:04:27.458+0800][9.360s][info][gc,heap        ] GC(171) Tenured: 28200K(43712K)->32881K(43712K)
[2026-06-17T10:04:27.458+0800][9.360s][info][gc,metaspace   ] GC(171) Metaspace: 114K(320K)->114K(320K) NonClass: 107K(192K)->107K(192K) Class: 7K(128K)->7K(128K)
[2026-06-17T10:04:27.458+0800][9.361s][info][gc             ] GC(171) Pause Young (Allocation Failure) 44M->34M(61M) 1.879ms
[2026-06-17T10:04:27.459+0800][9.361s][info][gc,cpu         ] GC(171) User=0.00s Sys=0.00s Real=0.00s
[2026-06-17T10:04:27.501+0800][9.403s][info][gc,start       ] GC(172) Pause Young (Allocation Failure)
[2026-06-17T10:04:27.502+0800][9.404s][info][gc,heap        ] GC(172) DefNew: 19605K(19648K)->2174K(19648K) Eden: 17436K(17472K)->0K(17472K) From: 2168K(2176K)->2174K(2176K)
[2026-06-17T10:04:27.502+0800][9.405s][info][gc,heap        ] GC(172) Tenured: 32881K(43712K)->37980K(43712K)
[2026-06-17T10:04:27.503+0800][9.405s][info][gc,metaspace   ] GC(172) Metaspace: 114K(320K)->114K(320K) NonClass: 107K(192K)->107K(192K) Class: 7K(128K)->7K(128K)
[2026-06-17T10:04:27.503+0800][9.405s][info][gc             ] GC(172) Pause Young (Allocation Failure) 51M->39M(61M) 2.498ms
[2026-06-17T10:04:27.503+0800][9.406s][info][gc,cpu         ] GC(172) User=0.00s Sys=0.00s Real=0.01s
[2026-06-17T10:04:27.546+0800][9.448s][info][gc,start       ] GC(173) Pause Full (Allocation Failure)
[2026-06-17T10:04:27.547+0800][9.449s][info][gc,phases,start] GC(173) Phase 1: Mark live objects
[2026-06-17T10:04:27.549+0800][9.451s][info][gc,phases      ] GC(173) Phase 1: Mark live objects 2.040ms
[2026-06-17T10:04:27.549+0800][9.451s][info][gc,phases,start] GC(173) Phase 2: Compute new object addresses
[2026-06-17T10:04:27.550+0800][9.452s][info][gc,phases      ] GC(173) Phase 2: Compute new object addresses 0.890ms
[2026-06-17T10:04:27.550+0800][9.452s][info][gc,phases,start] GC(173) Phase 3: Adjust pointers
[2026-06-17T10:04:27.551+0800][9.453s][info][gc,phases      ] GC(173) Phase 3: Adjust pointers 0.896ms
[2026-06-17T10:04:27.552+0800][9.454s][info][gc,phases,start] GC(173) Phase 4: Move objects
[2026-06-17T10:04:27.554+0800][9.456s][info][gc,phases      ] GC(173) Phase 4: Move objects 2.361ms
[2026-06-17T10:04:27.555+0800][9.457s][info][gc,heap        ] GC(173) DefNew: 19621K(19648K)->0K(19648K) Eden: 17446K(17472K)->0K(17472K) From: 2174K(2176K)->0K(2176K)
[2026-06-17T10:04:27.555+0800][9.457s][info][gc,heap        ] GC(173) Tenured: 37980K(43712K)->29233K(43712K)
[2026-06-17T10:04:27.555+0800][9.457s][info][gc,metaspace   ] GC(173) Metaspace: 114K(320K)->114K(320K) NonClass: 107K(192K)->107K(192K) Class: 7K(128K)->7K(128K)
[2026-06-17T10:04:27.555+0800][9.458s][info][gc             ] GC(173) Pause Full (Allocation Failure) 56M->28M(61M) 9.579ms
[2026-06-17T10:04:27.556+0800][9.458s][info][gc,cpu         ] GC(173) User=0.00s Sys=0.00s Real=0.01s
[2026-06-17T10:04:27.608+0800][9.510s][info][gc,start       ] GC(174) Pause Young (Allocation Failure)
[2026-06-17T10:04:27.613+0800][9.515s][info][gc,heap        ] GC(174) DefNew: 17472K(19648K)->2134K(19648K) Eden: 17472K(17472K)->0K(17472K) From: 0K(2176K)->2134K(2176K)
[2026-06-17T10:04:27.614+0800][9.516s][info][gc,heap        ] GC(174) Tenured: 29233K(43712K)->31384K(43712K)
[2026-06-17T10:04:27.615+0800][9.517s][info][gc,metaspace   ] GC(174) Metaspace: 114K(320K)->114K(320K) NonClass: 107K(192K)->107K(192K) Class: 7K(128K)->7K(128K)
[2026-06-17T10:04:27.615+0800][9.517s][info][gc             ] GC(174) Pause Young (Allocation Failure) 45M->32M(61M) 7.449ms
[2026-06-17T10:04:27.616+0800][9.518s][info][gc,cpu         ] GC(174) User=0.01s Sys=0.00s Real=0.01s
[2026-06-17T10:04:27.658+0800][9.560s][info][gc,start       ] GC(175) Pause Young (Allocation Failure)
[2026-06-17T10:04:27.659+0800][9.561s][info][gc,heap        ] GC(175) DefNew: 19602K(19648K)->2131K(19648K) Eden: 17467K(17472K)->0K(17472K) From: 2134K(2176K)->2131K(2176K)
[2026-06-17T10:04:27.660+0800][9.562s][info][gc,heap        ] GC(175) Tenured: 31384K(43712K)->34995K(43712K)
[2026-06-17T10:04:27.660+0800][9.562s][info][gc,metaspace   ] GC(175) Metaspace: 114K(320K)->114K(320K) NonClass: 107K(192K)->107K(192K) Class: 7K(128K)->7K(128K)
[2026-06-17T10:04:27.661+0800][9.563s][info][gc             ] GC(175) Pause Young (Allocation Failure) 49M->36M(61M) 2.878ms
[2026-06-17T10:04:27.661+0800][9.563s][info][gc,cpu         ] GC(175) User=0.00s Sys=0.00s Real=0.00s
[2026-06-17T10:04:27.704+0800][9.606s][info][gc,start       ] GC(176) Pause Young (Allocation Failure)
[2026-06-17T10:04:27.705+0800][9.607s][info][gc,heap        ] GC(176) DefNew: 19584K(19648K)->2163K(19648K) Eden: 17452K(17472K)->0K(17472K) From: 2131K(2176K)->2163K(2176K)
[2026-06-17T10:04:27.705+0800][9.607s][info][gc,heap        ] GC(176) Tenured: 34995K(43712K)->38688K(43712K)
[2026-06-17T10:04:27.705+0800][9.607s][info][gc,metaspace   ] GC(176) Metaspace: 114K(320K)->114K(320K) NonClass: 107K(192K)->107K(192K) Class: 7K(128K)->7K(128K)
[2026-06-17T10:04:27.705+0800][9.608s][info][gc             ] GC(176) Pause Young (Allocation Failure) 53M->39M(61M) 1.801ms
[2026-06-17T10:04:27.706+0800][9.608s][info][gc,cpu         ] GC(176) User=0.00s Sys=0.00s Real=0.00s
[2026-06-17T10:04:27.747+0800][9.650s][info][gc,start       ] GC(177) Pause Full (Allocation Failure)
[2026-06-17T10:04:27.748+0800][9.650s][info][gc,phases,start] GC(177) Phase 1: Mark live objects
[2026-06-17T10:04:27.749+0800][9.651s][info][gc,phases      ] GC(177) Phase 1: Mark live objects 0.907ms
[2026-06-17T10:04:27.749+0800][9.651s][info][gc,phases,start] GC(177) Phase 2: Compute new object addresses
[2026-06-17T10:04:27.750+0800][9.652s][info][gc,phases      ] GC(177) Phase 2: Compute new object addresses 0.456ms
[2026-06-17T10:04:27.750+0800][9.652s][info][gc,phases,start] GC(177) Phase 3: Adjust pointers
[2026-06-17T10:04:27.750+0800][9.653s][info][gc,phases      ] GC(177) Phase 3: Adjust pointers 0.508ms
[2026-06-17T10:04:27.750+0800][9.653s][info][gc,phases,start] GC(177) Phase 4: Move objects
[2026-06-17T10:04:27.752+0800][9.654s][info][gc,phases      ] GC(177) Phase 4: Move objects 1.641ms
[2026-06-17T10:04:27.752+0800][9.655s][info][gc,heap        ] GC(177) DefNew: 19492K(19648K)->0K(19648K) Eden: 17329K(17472K)->0K(17472K) From: 2163K(2176K)->0K(2176K)
[2026-06-17T10:04:27.753+0800][9.655s][info][gc,heap        ] GC(177) Tenured: 38688K(43712K)->27601K(43712K)
[2026-06-17T10:04:27.753+0800][9.655s][info][gc,metaspace   ] GC(177) Metaspace: 114K(320K)->114K(320K) NonClass: 107K(192K)->107K(192K) Class: 7K(128K)->7K(128K)
[2026-06-17T10:04:27.753+0800][9.655s][info][gc             ] GC(177) Pause Full (Allocation Failure) 56M->26M(61M) 5.404ms
[2026-06-17T10:04:27.753+0800][9.655s][info][gc,cpu         ] GC(177) User=0.00s Sys=0.00s Real=0.01s
[2026-06-17T10:04:27.806+0800][9.708s][info][gc,start       ] GC(178) Pause Young (Allocation Failure)
[2026-06-17T10:04:27.807+0800][9.709s][info][gc,heap        ] GC(178) DefNew: 17472K(19648K)->2156K(19648K) Eden: 17472K(17472K)->0K(17472K) From: 0K(2176K)->2156K(2176K)
[2026-06-17T10:04:27.807+0800][9.709s][info][gc,heap        ] GC(178) Tenured: 27601K(43712K)->29142K(43712K)
[2026-06-17T10:04:27.808+0800][9.710s][info][gc,metaspace   ] GC(178) Metaspace: 114K(320K)->114K(320K) NonClass: 107K(192K)->107K(192K) Class: 7K(128K)->7K(128K)
[2026-06-17T10:04:27.808+0800][9.710s][info][gc             ] GC(178) Pause Young (Allocation Failure) 44M->30M(61M) 2.127ms
[2026-06-17T10:04:27.808+0800][9.710s][info][gc,cpu         ] GC(178) User=0.00s Sys=0.00s Real=0.00s
[2026-06-17T10:04:27.850+0800][9.752s][info][gc,start       ] GC(179) Pause Young (Allocation Failure)
[2026-06-17T10:04:27.852+0800][9.754s][info][gc,heap        ] GC(179) DefNew: 19607K(19648K)->2120K(19648K) Eden: 17450K(17472K)->0K(17472K) From: 2156K(2176K)->2120K(2176K)
[2026-06-17T10:04:27.853+0800][9.755s][info][gc,heap        ] GC(179) Tenured: 29142K(43712K)->32709K(43712K)
[2026-06-17T10:04:27.854+0800][9.756s][info][gc,metaspace   ] GC(179) Metaspace: 114K(320K)->114K(320K) NonClass: 107K(192K)->107K(192K) Class: 7K(128K)->7K(128K)
[2026-06-17T10:04:27.854+0800][9.756s][info][gc             ] GC(179) Pause Young (Allocation Failure) 47M->34M(61M) 4.307ms
[2026-06-17T10:04:27.855+0800][9.757s][info][gc,cpu         ] GC(179) User=0.00s Sys=0.00s Real=0.01s
[2026-06-17T10:04:27.886+0800][9.789s][info][gc,start       ] GC(180) Pause Young (Allocation Failure)
[2026-06-17T10:04:27.891+0800][9.794s][info][gc,heap        ] GC(180) DefNew: 19509K(19648K)->2130K(19648K) Eden: 17389K(17472K)->0K(17472K) From: 2120K(2176K)->2130K(2176K)
[2026-06-17T10:04:27.892+0800][9.794s][info][gc,heap        ] GC(180) Tenured: 32709K(43712K)->36083K(43712K)
[2026-06-17T10:04:27.893+0800][9.795s][info][gc,metaspace   ] GC(180) Metaspace: 114K(320K)->114K(320K) NonClass: 107K(192K)->107K(192K) Class: 7K(128K)->7K(128K)
[2026-06-17T10:04:27.893+0800][9.795s][info][gc             ] GC(180) Pause Young (Allocation Failure) 50M->37M(61M) 6.921ms
[2026-06-17T10:04:27.899+0800][9.801s][info][gc,cpu         ] GC(180) User=0.00s Sys=0.00s Real=0.01s
[2026-06-17T10:04:27.953+0800][9.855s][info][gc,start       ] GC(181) Pause Young (Allocation Failure)
[2026-06-17T10:04:27.954+0800][9.856s][info][gc,heap        ] GC(181) DefNew: 19547K(19648K)->2159K(19648K) Eden: 17416K(17472K)->0K(17472K) From: 2130K(2176K)->2159K(2176K)
[2026-06-17T10:04:27.954+0800][9.856s][info][gc,heap        ] GC(181) Tenured: 36083K(43712K)->39195K(43712K)
[2026-06-17T10:04:27.954+0800][9.856s][info][gc,metaspace   ] GC(181) Metaspace: 114K(320K)->114K(320K) NonClass: 107K(192K)->107K(192K) Class: 7K(128K)->7K(128K)
[2026-06-17T10:04:27.954+0800][9.857s][info][gc             ] GC(181) Pause Young (Allocation Failure) 54M->40M(61M) 1.627ms
[2026-06-17T10:04:27.955+0800][9.857s][info][gc,cpu         ] GC(181) User=0.00s Sys=0.00s Real=0.00s
[2026-06-17T10:04:27.996+0800][9.899s][info][gc,start       ] GC(182) Pause Full (Allocation Failure)
[2026-06-17T10:04:27.997+0800][9.899s][info][gc,phases,start] GC(182) Phase 1: Mark live objects
[2026-06-17T10:04:27.998+0800][9.900s][info][gc,phases      ] GC(182) Phase 1: Mark live objects 0.885ms
[2026-06-17T10:04:27.998+0800][9.900s][info][gc,phases,start] GC(182) Phase 2: Compute new object addresses
[2026-06-17T10:04:27.999+0800][9.901s][info][gc,phases      ] GC(182) Phase 2: Compute new object addresses 0.458ms
[2026-06-17T10:04:27.999+0800][9.901s][info][gc,phases,start] GC(182) Phase 3: Adjust pointers
[2026-06-17T10:04:27.999+0800][9.902s][info][gc,phases      ] GC(182) Phase 3: Adjust pointers 0.485ms
[2026-06-17T10:04:28.000+0800][9.902s][info][gc,phases,start] GC(182) Phase 4: Move objects
[2026-06-17T10:04:28.002+0800][9.904s][info][gc,phases      ] GC(182) Phase 4: Move objects 2.245ms
[2026-06-17T10:04:28.002+0800][9.904s][info][gc,heap        ] GC(182) DefNew: 19605K(19648K)->0K(19648K) Eden: 17445K(17472K)->0K(17472K) From: 2159K(2176K)->0K(2176K)
[2026-06-17T10:04:28.003+0800][9.905s][info][gc,heap        ] GC(182) Tenured: 39195K(43712K)->32812K(43712K)
[2026-06-17T10:04:28.003+0800][9.905s][info][gc,metaspace   ] GC(182) Metaspace: 114K(320K)->114K(320K) NonClass: 107K(192K)->107K(192K) Class: 7K(128K)->7K(128K)
[2026-06-17T10:04:28.003+0800][9.905s][info][gc             ] GC(182) Pause Full (Allocation Failure) 57M->32M(61M) 6.500ms
[2026-06-17T10:04:28.003+0800][9.905s][info][gc,cpu         ] GC(182) User=0.01s Sys=0.00s Real=0.01s
[2026-06-17T10:04:28.045+0800][9.947s][info][gc,start       ] GC(183) Pause Young (Allocation Failure)
[2026-06-17T10:04:28.046+0800][9.948s][info][gc,heap        ] GC(183) DefNew: 17472K(19648K)->2169K(19648K) Eden: 17472K(17472K)->0K(17472K) From: 0K(2176K)->2169K(2176K)
[2026-06-17T10:04:28.046+0800][9.949s][info][gc,heap        ] GC(183) Tenured: 32812K(43712K)->37515K(43712K)
[2026-06-17T10:04:28.047+0800][9.949s][info][gc,metaspace   ] GC(183) Metaspace: 115K(320K)->115K(320K) NonClass: 108K(192K)->108K(192K) Class: 7K(128K)->7K(128K)
[2026-06-17T10:04:28.047+0800][9.949s][info][gc             ] GC(183) Pause Young (Allocation Failure) 49M->38M(61M) 1.641ms
[2026-06-17T10:04:28.047+0800][9.949s][info][gc,cpu         ] GC(183) User=0.00s Sys=0.00s Real=0.00s
[2026-06-17T10:04:28.089+0800][9.992s][info][gc,start       ] GC(184) Pause Full (Allocation Failure)
[2026-06-17T10:04:28.090+0800][9.992s][info][gc,phases,start] GC(184) Phase 1: Mark live objects
[2026-06-17T10:04:28.093+0800][9.995s][info][gc,phases      ] GC(184) Phase 1: Mark live objects 3.013ms
[2026-06-17T10:04:28.094+0800][9.996s][info][gc,phases,start] GC(184) Phase 2: Compute new object addresses
[2026-06-17T10:04:28.095+0800][9.997s][info][gc,phases      ] GC(184) Phase 2: Compute new object addresses 1.215ms
[2026-06-17T10:04:28.095+0800][9.997s][info][gc,phases,start] GC(184) Phase 3: Adjust pointers
[2026-06-17T10:04:28.096+0800][9.999s][info][gc,phases      ] GC(184) Phase 3: Adjust pointers 1.133ms
[2026-06-17T10:04:28.097+0800][9.999s][info][gc,phases,start] GC(184) Phase 4: Move objects
[2026-06-17T10:04:28.100+0800][10.003s][info][gc,phases      ] GC(184) Phase 4: Move objects 3.534ms
[2026-06-17T10:04:28.101+0800][10.003s][info][gc,heap        ] GC(184) DefNew: 19624K(19648K)->0K(19648K) Eden: 17455K(17472K)->0K(17472K) From: 2169K(2176K)->0K(2176K)
[2026-06-17T10:04:28.101+0800][10.003s][info][gc,heap        ] GC(184) Tenured: 37515K(43712K)->24094K(43712K)
[2026-06-17T10:04:28.102+0800][10.004s][info][gc,metaspace   ] GC(184) Metaspace: 115K(320K)->115K(320K) NonClass: 108K(192K)->108K(192K) Class: 7K(128K)->7K(128K)
[2026-06-17T10:04:28.102+0800][10.004s][info][gc             ] GC(184) Pause Full (Allocation Failure) 55M->23M(61M) 12.400ms
[2026-06-17T10:04:28.102+0800][10.004s][info][gc,cpu         ] GC(184) User=0.01s Sys=0.00s Real=0.01s
[2026-06-17T10:04:28.145+0800][10.047s][info][gc,start       ] GC(185) Pause Young (Allocation Failure)
[2026-06-17T10:04:28.147+0800][10.049s][info][gc,heap        ] GC(185) DefNew: 17323K(19648K)->2135K(19648K) Eden: 17323K(17472K)->0K(17472K) From: 0K(2176K)->2135K(2176K)
[2026-06-17T10:04:28.147+0800][10.050s][info][gc,heap        ] GC(185) Tenured: 24094K(43712K)->25167K(43712K)
[2026-06-17T10:04:28.148+0800][10.050s][info][gc,metaspace   ] GC(185) Metaspace: 115K(320K)->115K(320K) NonClass: 108K(192K)->108K(192K) Class: 7K(128K)->7K(128K)
[2026-06-17T10:04:28.149+0800][10.051s][info][gc             ] GC(185) Pause Young (Allocation Failure) 40M->26M(61M) 3.933ms
[2026-06-17T10:04:28.149+0800][10.051s][info][gc,cpu         ] GC(185) User=0.00s Sys=0.00s Real=0.00s
[2026-06-17T10:04:28.204+0800][10.106s][info][gc,start       ] GC(186) Pause Young (Allocation Failure)
[2026-06-17T10:04:28.206+0800][10.108s][info][gc,heap        ] GC(186) DefNew: 19607K(19648K)->2078K(19648K) Eden: 17472K(17472K)->0K(17472K) From: 2135K(2176K)->2078K(2176K)
[2026-06-17T10:04:28.207+0800][10.109s][info][gc,heap        ] GC(186) Tenured: 25167K(43712K)->29009K(43712K)
[2026-06-17T10:04:28.207+0800][10.109s][info][gc,metaspace   ] GC(186) Metaspace: 115K(320K)->115K(320K) NonClass: 108K(192K)->108K(192K) Class: 7K(128K)->7K(128K)
[2026-06-17T10:04:28.208+0800][10.110s][info][gc             ] GC(186) Pause Young (Allocation Failure) 43M->30M(61M) 3.829ms
[2026-06-17T10:04:28.209+0800][10.111s][info][gc,cpu         ] GC(186) User=0.00s Sys=0.00s Real=0.00s
[2026-06-17T10:04:28.252+0800][10.154s][info][gc,start       ] GC(187) Pause Young (Allocation Failure)
[2026-06-17T10:04:28.254+0800][10.156s][info][gc,heap        ] GC(187) DefNew: 19550K(19648K)->2123K(19648K) Eden: 17472K(17472K)->0K(17472K) From: 2078K(2176K)->2123K(2176K)
[2026-06-17T10:04:28.254+0800][10.156s][info][gc,heap        ] GC(187) Tenured: 29009K(43712K)->32345K(43712K)
[2026-06-17T10:04:28.255+0800][10.157s][info][gc,metaspace   ] GC(187) Metaspace: 115K(320K)->115K(320K) NonClass: 108K(192K)->108K(192K) Class: 7K(128K)->7K(128K)
[2026-06-17T10:04:28.255+0800][10.157s][info][gc             ] GC(187) Pause Young (Allocation Failure) 47M->33M(61M) 2.818ms
[2026-06-17T10:04:28.255+0800][10.157s][info][gc,cpu         ] GC(187) User=0.00s Sys=0.00s Real=0.00s
[2026-06-17T10:04:28.298+0800][10.200s][info][gc,start       ] GC(188) Pause Young (Allocation Failure)
[2026-06-17T10:04:28.301+0800][10.203s][info][gc,heap        ] GC(188) DefNew: 19590K(19648K)->2175K(19648K) Eden: 17467K(17472K)->0K(17472K) From: 2123K(2176K)->2175K(2176K)
[2026-06-17T10:04:28.301+0800][10.204s][info][gc,heap        ] GC(188) Tenured: 32345K(43712K)->35707K(43712K)
[2026-06-17T10:04:28.302+0800][10.204s][info][gc,metaspace   ] GC(188) Metaspace: 115K(320K)->115K(320K) NonClass: 108K(192K)->108K(192K) Class: 7K(128K)->7K(128K)
[2026-06-17T10:04:28.302+0800][10.204s][info][gc             ] GC(188) Pause Young (Allocation Failure) 50M->36M(61M) 4.718ms
[2026-06-17T10:04:28.303+0800][10.205s][info][gc,cpu         ] GC(188) User=0.00s Sys=0.00s Real=0.01s
[2026-06-17T10:04:28.345+0800][10.247s][info][gc,start       ] GC(189) Pause Young (Allocation Failure)
[2026-06-17T10:04:28.348+0800][10.250s][info][gc,heap        ] GC(189) DefNew: 19647K(19648K)->2170K(19648K) Eden: 17472K(17472K)->0K(17472K) From: 2175K(2176K)->2170K(2176K)
[2026-06-17T10:04:28.351+0800][10.253s][info][gc,heap        ] GC(189) Tenured: 35707K(43712K)->39470K(43712K)
[2026-06-17T10:04:28.351+0800][10.254s][info][gc,metaspace   ] GC(189) Metaspace: 115K(320K)->115K(320K) NonClass: 108K(192K)->108K(192K) Class: 7K(128K)->7K(128K)
[2026-06-17T10:04:28.352+0800][10.254s][info][gc             ] GC(189) Pause Young (Allocation Failure) 54M->40M(61M) 6.581ms
[2026-06-17T10:04:28.353+0800][10.255s][info][gc,cpu         ] GC(189) User=0.00s Sys=0.00s Real=0.01s
[2026-06-17T10:04:28.409+0800][10.311s][info][gc,start       ] GC(190) Pause Full (Allocation Failure)
[2026-06-17T10:04:28.411+0800][10.313s][info][gc,phases,start] GC(190) Phase 1: Mark live objects
[2026-06-17T10:04:28.416+0800][10.318s][info][gc,phases      ] GC(190) Phase 1: Mark live objects 5.414ms
[2026-06-17T10:04:28.418+0800][10.320s][info][gc,phases,start] GC(190) Phase 2: Compute new object addresses
[2026-06-17T10:04:28.421+0800][10.323s][info][gc,phases      ] GC(190) Phase 2: Compute new object addresses 2.565ms
[2026-06-17T10:04:28.422+0800][10.324s][info][gc,phases,start] GC(190) Phase 3: Adjust pointers
[2026-06-17T10:04:28.424+0800][10.327s][info][gc,phases      ] GC(190) Phase 3: Adjust pointers 2.816ms
[2026-06-17T10:04:28.426+0800][10.328s][info][gc,phases,start] GC(190) Phase 4: Move objects
[2026-06-17T10:04:28.430+0800][10.332s][info][gc,phases      ] GC(190) Phase 4: Move objects 4.068ms
[2026-06-17T10:04:28.432+0800][10.334s][info][gc,heap        ] GC(190) DefNew: 19638K(19648K)->0K(19648K) Eden: 17467K(17472K)->0K(17472K) From: 2170K(2176K)->0K(2176K)
[2026-06-17T10:04:28.432+0800][10.335s][info][gc,heap        ] GC(190) Tenured: 39470K(43712K)->20314K(43712K)
[2026-06-17T10:04:28.435+0800][10.337s][info][gc,metaspace   ] GC(190) Metaspace: 116K(320K)->116K(320K) NonClass: 109K(192K)->109K(192K) Class: 7K(128K)->7K(128K)
[2026-06-17T10:04:28.437+0800][10.340s][info][gc             ] GC(190) Pause Full (Allocation Failure) 57M->19M(61M) 28.824ms
[2026-06-17T10:04:28.438+0800][10.341s][info][gc,cpu         ] GC(190) User=0.01s Sys=0.00s Real=0.03s
[2026-06-17T10:04:28.483+0800][10.386s][info][gc,start       ] GC(191) Pause Young (Allocation Failure)
[2026-06-17T10:04:28.486+0800][10.388s][info][gc,heap        ] GC(191) DefNew: 17467K(19648K)->2171K(19648K) Eden: 17467K(17472K)->0K(17472K) From: 0K(2176K)->2171K(2176K)
[2026-06-17T10:04:28.487+0800][10.389s][info][gc,heap        ] GC(191) Tenured: 20314K(43712K)->24922K(43712K)
[2026-06-17T10:04:28.488+0800][10.390s][info][gc,metaspace   ] GC(191) Metaspace: 116K(320K)->116K(320K) NonClass: 109K(192K)->109K(192K) Class: 7K(128K)->7K(128K)
[2026-06-17T10:04:28.488+0800][10.391s][info][gc             ] GC(191) Pause Young (Allocation Failure) 36M->26M(61M) 4.900ms
[2026-06-17T10:04:28.489+0800][10.391s][info][gc,cpu         ] GC(191) User=0.00s Sys=0.00s Real=0.00s
[2026-06-17T10:04:28.533+0800][10.435s][info][gc,start       ] GC(192) Pause Young (Allocation Failure)
[2026-06-17T10:04:28.534+0800][10.437s][info][gc,heap        ] GC(192) DefNew: 19625K(19648K)->2034K(19648K) Eden: 17454K(17472K)->0K(17472K) From: 2171K(2176K)->2034K(2176K)
[2026-06-17T10:04:28.535+0800][10.437s][info][gc,heap        ] GC(192) Tenured: 24922K(43712K)->29098K(43712K)
[2026-06-17T10:04:28.536+0800][10.438s][info][gc,metaspace   ] GC(192) Metaspace: 116K(320K)->116K(320K) NonClass: 109K(192K)->109K(192K) Class: 7K(128K)->7K(128K)
[2026-06-17T10:04:28.536+0800][10.438s][info][gc             ] GC(192) Pause Young (Allocation Failure) 43M->30M(61M) 3.681ms
[2026-06-17T10:04:28.537+0800][10.439s][info][gc,cpu         ] GC(192) User=0.00s Sys=0.00s Real=0.00s
[2026-06-17T10:04:28.582+0800][10.484s][info][gc,start       ] GC(193) Pause Young (Allocation Failure)
[2026-06-17T10:04:28.584+0800][10.487s][info][gc,heap        ] GC(193) DefNew: 19505K(19648K)->2091K(19648K) Eden: 17470K(17472K)->0K(17472K) From: 2034K(2176K)->2091K(2176K)
[2026-06-17T10:04:28.585+0800][10.487s][info][gc,heap        ] GC(193) Tenured: 29098K(43712K)->32570K(43712K)
[2026-06-17T10:04:28.586+0800][10.488s][info][gc,metaspace   ] GC(193) Metaspace: 116K(320K)->116K(320K) NonClass: 109K(192K)->109K(192K) Class: 7K(128K)->7K(128K)
[2026-06-17T10:04:28.586+0800][10.489s][info][gc             ] GC(193) Pause Young (Allocation Failure) 47M->33M(61M) 4.137ms
[2026-06-17T10:04:28.588+0800][10.490s][info][gc,cpu         ] GC(193) User=0.01s Sys=0.00s Real=0.01s
[2026-06-17T10:04:28.632+0800][10.534s][info][gc,start       ] GC(194) Pause Young (Allocation Failure)
[2026-06-17T10:04:28.633+0800][10.536s][info][gc,heap        ] GC(194) DefNew: 19543K(19648K)->2173K(19648K) Eden: 17452K(17472K)->0K(17472K) From: 2091K(2176K)->2173K(2176K)
[2026-06-17T10:04:28.634+0800][10.536s][info][gc,heap        ] GC(194) Tenured: 32570K(43712K)->36064K(43712K)
[2026-06-17T10:04:28.635+0800][10.538s][info][gc,metaspace   ] GC(194) Metaspace: 116K(320K)->116K(320K) NonClass: 109K(192K)->109K(192K) Class: 7K(128K)->7K(128K)
[2026-06-17T10:04:28.636+0800][10.538s][info][gc             ] GC(194) Pause Young (Allocation Failure) 50M->37M(61M) 4.043ms
[2026-06-17T10:04:28.636+0800][10.539s][info][gc,cpu         ] GC(194) User=0.00s Sys=0.00s Real=0.00s
[2026-06-17T10:04:28.681+0800][10.583s][info][gc,start       ] GC(195) Pause Young (Allocation Failure)
[2026-06-17T10:04:28.682+0800][10.584s][info][gc,heap        ] GC(195) DefNew: 19357K(19648K)->2126K(19648K) Eden: 17183K(17472K)->0K(17472K) From: 2173K(2176K)->2126K(2176K)
[2026-06-17T10:04:28.684+0800][10.586s][info][gc,heap        ] GC(195) Tenured: 36064K(43712K)->36941K(43712K)
[2026-06-17T10:04:28.684+0800][10.587s][info][gc,metaspace   ] GC(195) Metaspace: 116K(320K)->116K(320K) NonClass: 109K(192K)->109K(192K) Class: 7K(128K)->7K(128K)
[2026-06-17T10:04:28.685+0800][10.587s][info][gc             ] GC(195) Pause Young (Allocation Failure) 54M->38M(61M) 4.595ms
[2026-06-17T10:04:28.686+0800][10.588s][info][gc,cpu         ] GC(195) User=0.00s Sys=0.00s Real=0.01s
[2026-06-17T10:04:28.740+0800][10.642s][info][gc,start       ] GC(196) Pause Young (Allocation Failure)
[2026-06-17T10:04:28.742+0800][10.644s][info][gc,heap        ] GC(196) DefNew: 19598K(19648K)->2070K(19648K) Eden: 17472K(17472K)->0K(17472K) From: 2126K(2176K)->2070K(2176K)
[2026-06-17T10:04:28.743+0800][10.645s][info][gc,heap        ] GC(196) Tenured: 36941K(43712K)->41432K(43712K)
[2026-06-17T10:04:28.743+0800][10.645s][info][gc,metaspace   ] GC(196) Metaspace: 116K(320K)->116K(320K) NonClass: 109K(192K)->109K(192K) Class: 7K(128K)->7K(128K)
[2026-06-17T10:04:28.744+0800][10.646s][info][gc             ] GC(196) Pause Young (Allocation Failure) 55M->42M(61M) 3.954ms
[2026-06-17T10:04:28.745+0800][10.647s][info][gc,cpu         ] GC(196) User=0.00s Sys=0.00s Real=0.01s
[2026-06-17T10:04:28.788+0800][10.690s][info][gc,start       ] GC(197) Pause Full (Allocation Failure)
[2026-06-17T10:04:28.789+0800][10.691s][info][gc,phases,start] GC(197) Phase 1: Mark live objects
[2026-06-17T10:04:28.791+0800][10.693s][info][gc,phases      ] GC(197) Phase 1: Mark live objects 2.299ms
[2026-06-17T10:04:28.791+0800][10.693s][info][gc,phases,start] GC(197) Phase 2: Compute new object addresses
[2026-06-17T10:04:28.792+0800][10.694s][info][gc,phases      ] GC(197) Phase 2: Compute new object addresses 0.891ms
[2026-06-17T10:04:28.793+0800][10.695s][info][gc,phases,start] GC(197) Phase 3: Adjust pointers
[2026-06-17T10:04:28.793+0800][10.696s][info][gc,phases      ] GC(197) Phase 3: Adjust pointers 0.949ms
[2026-06-17T10:04:28.794+0800][10.696s][info][gc,phases,start] GC(197) Phase 4: Move objects
[2026-06-17T10:04:28.797+0800][10.699s][info][gc,phases      ] GC(197) Phase 4: Move objects 2.756ms
[2026-06-17T10:04:28.797+0800][10.699s][info][gc,heap        ] GC(197) DefNew: 19542K(19648K)->0K(19648K) Eden: 17472K(17472K)->0K(17472K) From: 2070K(2176K)->0K(2176K)
[2026-06-17T10:04:28.797+0800][10.699s][info][gc,heap        ] GC(197) Tenured: 41432K(43712K)->35931K(43712K)
[2026-06-17T10:04:28.797+0800][10.700s][info][gc,metaspace   ] GC(197) Metaspace: 116K(320K)->116K(320K) NonClass: 109K(192K)->109K(192K) Class: 7K(128K)->7K(128K)
[2026-06-17T10:04:28.798+0800][10.700s][info][gc             ] GC(197) Pause Full (Allocation Failure) 59M->35M(61M) 9.782ms
[2026-06-17T10:04:28.798+0800][10.700s][info][gc,cpu         ] GC(197) User=0.00s Sys=0.00s Real=0.01s
[2026-06-17T10:04:28.840+0800][10.742s][info][gc,start       ] GC(198) Pause Young (Allocation Failure)
[2026-06-17T10:04:28.843+0800][10.745s][info][gc,heap        ] GC(198) DefNew: 17466K(19648K)->2169K(19648K) Eden: 17466K(17472K)->0K(17472K) From: 0K(2176K)->2169K(2176K)
[2026-06-17T10:04:28.843+0800][10.746s][info][gc,heap        ] GC(198) Tenured: 35931K(43712K)->40606K(43712K)
[2026-06-17T10:04:28.846+0800][10.748s][info][gc,metaspace   ] GC(198) Metaspace: 116K(320K)->116K(320K) NonClass: 109K(192K)->109K(192K) Class: 7K(128K)->7K(128K)
[2026-06-17T10:04:28.847+0800][10.749s][info][gc             ] GC(198) Pause Young (Allocation Failure) 52M->41M(61M) 7.025ms
[2026-06-17T10:04:28.849+0800][10.751s][info][gc,cpu         ] GC(198) User=0.01s Sys=0.00s Real=0.01s
[2026-06-17T10:04:28.893+0800][10.795s][info][gc,start       ] GC(199) Pause Full (Allocation Failure)
[2026-06-17T10:04:28.893+0800][10.795s][info][gc,phases,start] GC(199) Phase 1: Mark live objects
[2026-06-17T10:04:28.895+0800][10.797s][info][gc,phases      ] GC(199) Phase 1: Mark live objects 1.922ms
[2026-06-17T10:04:28.896+0800][10.798s][info][gc,phases,start] GC(199) Phase 2: Compute new object addresses
[2026-06-17T10:04:28.897+0800][10.799s][info][gc,phases      ] GC(199) Phase 2: Compute new object addresses 0.963ms
[2026-06-17T10:04:28.897+0800][10.799s][info][gc,phases,start] GC(199) Phase 3: Adjust pointers
[2026-06-17T10:04:28.898+0800][10.800s][info][gc,phases      ] GC(199) Phase 3: Adjust pointers 1.241ms
[2026-06-17T10:04:28.899+0800][10.801s][info][gc,phases,start] GC(199) Phase 4: Move objects
[2026-06-17T10:04:28.905+0800][10.808s][info][gc,phases      ] GC(199) Phase 4: Move objects 6.411ms
[2026-06-17T10:04:28.911+0800][10.813s][info][gc,heap        ] GC(199) DefNew: 19223K(19648K)->0K(19648K) Eden: 17053K(17472K)->0K(17472K) From: 2169K(2176K)->0K(2176K)
[2026-06-17T10:04:28.911+0800][10.813s][info][gc,heap        ] GC(199) Tenured: 40606K(43712K)->26799K(43712K)
[2026-06-17T10:04:28.912+0800][10.814s][info][gc,metaspace   ] GC(199) Metaspace: 116K(320K)->116K(320K) NonClass: 109K(192K)->109K(192K) Class: 7K(128K)->7K(128K)
[2026-06-17T10:04:28.915+0800][10.817s][info][gc             ] GC(199) Pause Full (Allocation Failure) 58M->26M(61M) 22.551ms
[2026-06-17T10:04:28.919+0800][10.821s][info][gc,cpu         ] GC(199) User=0.00s Sys=0.00s Real=0.02s
[2026-06-17T10:04:28.962+0800][10.864s][info][gc,start       ] GC(200) Pause Young (Allocation Failure)
[2026-06-17T10:04:28.964+0800][10.866s][info][gc,heap        ] GC(200) DefNew: 17472K(19648K)->2156K(19648K) Eden: 17472K(17472K)->0K(17472K) From: 0K(2176K)->2156K(2176K)
[2026-06-17T10:04:28.964+0800][10.866s][info][gc,heap        ] GC(200) Tenured: 26799K(43712K)->27902K(43712K)
[2026-06-17T10:04:28.967+0800][10.869s][info][gc,metaspace   ] GC(200) Metaspace: 116K(320K)->116K(320K) NonClass: 109K(192K)->109K(192K) Class: 7K(128K)->7K(128K)
[2026-06-17T10:04:28.969+0800][10.871s][info][gc             ] GC(200) Pause Young (Allocation Failure) 43M->29M(61M) 6.885ms
[2026-06-17T10:04:28.970+0800][10.872s][info][gc,cpu         ] GC(200) User=0.00s Sys=0.00s Real=0.01s
[2026-06-17T10:04:29.023+0800][10.925s][info][gc,start       ] GC(201) Pause Young (Allocation Failure)
[2026-06-17T10:04:29.026+0800][10.928s][info][gc,heap        ] GC(201) DefNew: 19617K(19648K)->2119K(19648K) Eden: 17461K(17472K)->0K(17472K) From: 2156K(2176K)->2119K(2176K)
[2026-06-17T10:04:29.026+0800][10.928s][info][gc,heap        ] GC(201) Tenured: 27902K(43712K)->31875K(43712K)
[2026-06-17T10:04:29.028+0800][10.930s][info][gc,metaspace   ] GC(201) Metaspace: 116K(320K)->116K(320K) NonClass: 109K(192K)->109K(192K) Class: 7K(128K)->7K(128K)
[2026-06-17T10:04:29.028+0800][10.931s][info][gc             ] GC(201) Pause Young (Allocation Failure) 46M->33M(61M) 5.510ms
[2026-06-17T10:04:29.029+0800][10.931s][info][gc,cpu         ] GC(201) User=0.00s Sys=0.00s Real=0.00s
[2026-06-17T10:04:29.073+0800][10.975s][info][gc,start       ] GC(202) Pause Young (Allocation Failure)
[2026-06-17T10:04:29.074+0800][10.976s][info][gc,heap        ] GC(202) DefNew: 19591K(19648K)->2170K(19648K) Eden: 17472K(17472K)->0K(17472K) From: 2119K(2176K)->2170K(2176K)
[2026-06-17T10:04:29.074+0800][10.977s][info][gc,heap        ] GC(202) Tenured: 31875K(43712K)->34502K(43712K)
[2026-06-17T10:04:29.075+0800][10.977s][info][gc,metaspace   ] GC(202) Metaspace: 116K(320K)->116K(320K) NonClass: 109K(192K)->109K(192K) Class: 7K(128K)->7K(128K)
[2026-06-17T10:04:29.075+0800][10.977s][info][gc             ] GC(202) Pause Young (Allocation Failure) 50M->35M(61M) 2.151ms
[2026-06-17T10:04:29.075+0800][10.977s][info][gc,cpu         ] GC(202) User=0.00s Sys=0.00s Real=0.00s
[2026-06-17T10:04:29.118+0800][11.020s][info][gc,start       ] GC(203) Pause Young (Allocation Failure)
[2026-06-17T10:04:29.119+0800][11.021s][info][gc,heap        ] GC(203) DefNew: 19626K(19648K)->2153K(19648K) Eden: 17456K(17472K)->0K(17472K) From: 2170K(2176K)->2153K(2176K)
[2026-06-17T10:04:29.120+0800][11.022s][info][gc,heap        ] GC(203) Tenured: 34502K(43712K)->38110K(43712K)
[2026-06-17T10:04:29.120+0800][11.022s][info][gc,metaspace   ] GC(203) Metaspace: 116K(320K)->116K(320K) NonClass: 109K(192K)->109K(192K) Class: 7K(128K)->7K(128K)
[2026-06-17T10:04:29.120+0800][11.023s][info][gc             ] GC(203) Pause Young (Allocation Failure) 52M->39M(61M) 2.827ms
[2026-06-17T10:04:29.121+0800][11.023s][info][gc,cpu         ] GC(203) User=0.00s Sys=0.00s Real=0.00s
[2026-06-17T10:04:29.164+0800][11.066s][info][gc,start       ] GC(204) Pause Full (Allocation Failure)
[2026-06-17T10:04:29.164+0800][11.067s][info][gc,phases,start] GC(204) Phase 1: Mark live objects
[2026-06-17T10:04:29.166+0800][11.068s][info][gc,phases      ] GC(204) Phase 1: Mark live objects 1.633ms
[2026-06-17T10:04:29.166+0800][11.069s][info][gc,phases,start] GC(204) Phase 2: Compute new object addresses
[2026-06-17T10:04:29.167+0800][11.069s][info][gc,phases      ] GC(204) Phase 2: Compute new object addresses 0.752ms
[2026-06-17T10:04:29.167+0800][11.070s][info][gc,phases,start] GC(204) Phase 3: Adjust pointers
[2026-06-17T10:04:29.168+0800][11.070s][info][gc,phases      ] GC(204) Phase 3: Adjust pointers 0.754ms
[2026-06-17T10:04:29.168+0800][11.071s][info][gc,phases,start] GC(204) Phase 4: Move objects
[2026-06-17T10:04:29.172+0800][11.074s][info][gc,phases      ] GC(204) Phase 4: Move objects 3.280ms
[2026-06-17T10:04:29.172+0800][11.074s][info][gc,heap        ] GC(204) DefNew: 19601K(19648K)->0K(19648K) Eden: 17448K(17472K)->0K(17472K) From: 2153K(2176K)->0K(2176K)
[2026-06-17T10:04:29.172+0800][11.075s][info][gc,heap        ] GC(204) Tenured: 38110K(43712K)->28926K(43712K)
[2026-06-17T10:04:29.173+0800][11.075s][info][gc,metaspace   ] GC(204) Metaspace: 116K(320K)->116K(320K) NonClass: 109K(192K)->109K(192K) Class: 7K(128K)->7K(128K)
[2026-06-17T10:04:29.173+0800][11.075s][info][gc             ] GC(204) Pause Full (Allocation Failure) 56M->28M(61M) 9.209ms
[2026-06-17T10:04:29.173+0800][11.075s][info][gc,cpu         ] GC(204) User=0.00s Sys=0.00s Real=0.01s
[2026-06-17T10:04:29.216+0800][11.118s][info][gc,start       ] GC(205) Pause Young (Allocation Failure)
[2026-06-17T10:04:29.220+0800][11.122s][info][gc,heap        ] GC(205) DefNew: 17113K(19648K)->2118K(19648K) Eden: 17113K(17472K)->0K(17472K) From: 0K(2176K)->2118K(2176K)
[2026-06-17T10:04:29.223+0800][11.125s][info][gc,heap        ] GC(205) Tenured: 28926K(43712K)->29718K(43712K)
[2026-06-17T10:04:29.225+0800][11.127s][info][gc,metaspace   ] GC(205) Metaspace: 116K(320K)->116K(320K) NonClass: 109K(192K)->109K(192K) Class: 7K(128K)->7K(128K)
[2026-06-17T10:04:29.226+0800][11.129s][info][gc             ] GC(205) Pause Young (Allocation Failure) 44M->31M(61M) 10.588ms
[2026-06-17T10:04:29.227+0800][11.129s][info][gc,cpu         ] GC(205) User=0.00s Sys=0.00s Real=0.01s
[2026-06-17T10:04:29.270+0800][11.172s][info][gc,start       ] GC(206) Pause Young (Allocation Failure)
[2026-06-17T10:04:29.273+0800][11.175s][info][gc,heap        ] GC(206) DefNew: 19577K(19648K)->2172K(19648K) Eden: 17459K(17472K)->0K(17472K) From: 2118K(2176K)->2172K(2176K)
[2026-06-17T10:04:29.273+0800][11.176s][info][gc,heap        ] GC(206) Tenured: 29718K(43712K)->36542K(43712K)
[2026-06-17T10:04:29.274+0800][11.176s][info][gc,metaspace   ] GC(206) Metaspace: 116K(320K)->116K(320K) NonClass: 109K(192K)->109K(192K) Class: 7K(128K)->7K(128K)
[2026-06-17T10:04:29.274+0800][11.177s][info][gc             ] GC(206) Pause Young (Allocation Failure) 48M->37M(61M) 4.127ms
[2026-06-17T10:04:29.275+0800][11.177s][info][gc,cpu         ] GC(206) User=0.00s Sys=0.00s Real=0.01s
[2026-06-17T10:04:29.328+0800][11.230s][info][gc,start       ] GC(207) Pause Full (Allocation Failure)
[2026-06-17T10:04:29.328+0800][11.230s][info][gc,phases,start] GC(207) Phase 1: Mark live objects
[2026-06-17T10:04:29.329+0800][11.231s][info][gc,phases      ] GC(207) Phase 1: Mark live objects 0.937ms
[2026-06-17T10:04:29.329+0800][11.232s][info][gc,phases,start] GC(207) Phase 2: Compute new object addresses
[2026-06-17T10:04:29.330+0800][11.232s][info][gc,phases      ] GC(207) Phase 2: Compute new object addresses 0.505ms
[2026-06-17T10:04:29.330+0800][11.232s][info][gc,phases,start] GC(207) Phase 3: Adjust pointers
[2026-06-17T10:04:29.331+0800][11.233s][info][gc,phases      ] GC(207) Phase 3: Adjust pointers 0.477ms
[2026-06-17T10:04:29.331+0800][11.233s][info][gc,phases,start] GC(207) Phase 4: Move objects
[2026-06-17T10:04:29.333+0800][11.235s][info][gc,phases      ] GC(207) Phase 4: Move objects 1.851ms
[2026-06-17T10:04:29.333+0800][11.235s][info][gc,heap        ] GC(207) DefNew: 19644K(19648K)->0K(19648K) Eden: 17472K(17472K)->0K(17472K) From: 2172K(2176K)->0K(2176K)
[2026-06-17T10:04:29.333+0800][11.236s][info][gc,heap        ] GC(207) Tenured: 36542K(43712K)->26580K(43712K)
[2026-06-17T10:04:29.334+0800][11.236s][info][gc,metaspace   ] GC(207) Metaspace: 116K(320K)->116K(320K) NonClass: 109K(192K)->109K(192K) Class: 7K(128K)->7K(128K)
[2026-06-17T10:04:29.334+0800][11.236s][info][gc             ] GC(207) Pause Full (Allocation Failure) 54M->25M(61M) 5.911ms
[2026-06-17T10:04:29.334+0800][11.237s][info][gc,cpu         ] GC(207) User=0.01s Sys=0.00s Real=0.01s
[2026-06-17T10:04:29.366+0800][11.269s][info][gc,start       ] GC(208) Pause Young (Allocation Failure)
[2026-06-17T10:04:29.368+0800][11.270s][info][gc,heap        ] GC(208) DefNew: 17330K(19648K)->2171K(19648K) Eden: 17330K(17472K)->0K(17472K) From: 0K(2176K)->2171K(2176K)
[2026-06-17T10:04:29.369+0800][11.271s][info][gc,heap        ] GC(208) Tenured: 26580K(43712K)->31382K(43712K)
[2026-06-17T10:04:29.370+0800][11.272s][info][gc,metaspace   ] GC(208) Metaspace: 116K(320K)->116K(320K) NonClass: 109K(192K)->109K(192K) Class: 7K(128K)->7K(128K)
[2026-06-17T10:04:29.371+0800][11.273s][info][gc             ] GC(208) Pause Young (Allocation Failure) 42M->32M(61M) 4.667ms
[2026-06-17T10:04:29.374+0800][11.276s][info][gc,cpu         ] GC(208) User=0.00s Sys=0.00s Real=0.01s
[2026-06-17T10:04:29.428+0800][11.330s][info][gc,start       ] GC(209) Pause Young (Allocation Failure)
[2026-06-17T10:04:29.430+0800][11.332s][info][gc,heap        ] GC(209) DefNew: 19626K(19648K)->2124K(19648K) Eden: 17455K(17472K)->0K(17472K) From: 2171K(2176K)->2124K(2176K)
[2026-06-17T10:04:29.431+0800][11.333s][info][gc,heap        ] GC(209) Tenured: 31382K(43712K)->34872K(43712K)
[2026-06-17T10:04:29.431+0800][11.333s][info][gc,metaspace   ] GC(209) Metaspace: 116K(320K)->116K(320K) NonClass: 109K(192K)->109K(192K) Class: 7K(128K)->7K(128K)
[2026-06-17T10:04:29.431+0800][11.334s][info][gc             ] GC(209) Pause Young (Allocation Failure) 49M->36M(61M) 3.716ms
[2026-06-17T10:04:29.432+0800][11.334s][info][gc,cpu         ] GC(209) User=0.00s Sys=0.00s Real=0.01s
[2026-06-17T10:04:29.475+0800][11.377s][info][gc,start       ] GC(210) Pause Young (Allocation Failure)
[2026-06-17T10:04:29.477+0800][11.379s][info][gc,heap        ] GC(210) DefNew: 19596K(19648K)->2172K(19648K) Eden: 17472K(17472K)->0K(17472K) From: 2124K(2176K)->2172K(2176K)
[2026-06-17T10:04:29.477+0800][11.380s][info][gc,heap        ] GC(210) Tenured: 34872K(43712K)->38439K(43712K)
[2026-06-17T10:04:29.478+0800][11.380s][info][gc,metaspace   ] GC(210) Metaspace: 116K(320K)->116K(320K) NonClass: 109K(192K)->109K(192K) Class: 7K(128K)->7K(128K)
[2026-06-17T10:04:29.478+0800][11.380s][info][gc             ] GC(210) Pause Young (Allocation Failure) 53M->39M(61M) 2.714ms
[2026-06-17T10:04:29.478+0800][11.380s][info][gc,cpu         ] GC(210) User=0.00s Sys=0.00s Real=0.00s
[2026-06-17T10:04:29.521+0800][11.423s][info][gc,start       ] GC(211) Pause Full (Allocation Failure)
[2026-06-17T10:04:29.522+0800][11.424s][info][gc,phases,start] GC(211) Phase 1: Mark live objects
[2026-06-17T10:04:29.523+0800][11.425s][info][gc,phases      ] GC(211) Phase 1: Mark live objects 1.373ms
[2026-06-17T10:04:29.524+0800][11.426s][info][gc,phases,start] GC(211) Phase 2: Compute new object addresses
[2026-06-17T10:04:29.524+0800][11.426s][info][gc,phases      ] GC(211) Phase 2: Compute new object addresses 0.710ms
[2026-06-17T10:04:29.525+0800][11.427s][info][gc,phases,start] GC(211) Phase 3: Adjust pointers
[2026-06-17T10:04:29.525+0800][11.428s][info][gc,phases      ] GC(211) Phase 3: Adjust pointers 0.768ms
[2026-06-17T10:04:29.526+0800][11.428s][info][gc,phases,start] GC(211) Phase 4: Move objects
[2026-06-17T10:04:29.528+0800][11.431s][info][gc,phases      ] GC(211) Phase 4: Move objects 2.674ms
[2026-06-17T10:04:29.529+0800][11.431s][info][gc,heap        ] GC(211) DefNew: 19643K(19648K)->0K(19648K) Eden: 17470K(17472K)->0K(17472K) From: 2172K(2176K)->0K(2176K)
[2026-06-17T10:04:29.531+0800][11.433s][info][gc,heap        ] GC(211) Tenured: 38439K(43712K)->30334K(43712K)
[2026-06-17T10:04:29.533+0800][11.435s][info][gc,metaspace   ] GC(211) Metaspace: 116K(320K)->116K(320K) NonClass: 109K(192K)->109K(192K) Class: 7K(128K)->7K(128K)
[2026-06-17T10:04:29.534+0800][11.437s][info][gc             ] GC(211) Pause Full (Allocation Failure) 56M->29M(61M) 13.491ms
[2026-06-17T10:04:29.535+0800][11.437s][info][gc,cpu         ] GC(211) User=0.00s Sys=0.00s Real=0.02s
[2026-06-17T10:04:29.579+0800][11.482s][info][gc,start       ] GC(212) Pause Young (Allocation Failure)
[2026-06-17T10:04:29.582+0800][11.484s][info][gc,heap        ] GC(212) DefNew: 17459K(19648K)->2168K(19648K) Eden: 17459K(17472K)->0K(17472K) From: 0K(2176K)->2168K(2176K)
[2026-06-17T10:04:29.583+0800][11.485s][info][gc,heap        ] GC(212) Tenured: 30334K(43712K)->35282K(43712K)
[2026-06-17T10:04:29.583+0800][11.485s][info][gc,metaspace   ] GC(212) Metaspace: 116K(320K)->116K(320K) NonClass: 109K(192K)->109K(192K) Class: 7K(128K)->7K(128K)
[2026-06-17T10:04:29.584+0800][11.486s][info][gc             ] GC(212) Pause Young (Allocation Failure) 46M->36M(61M) 4.411ms
[2026-06-17T10:04:29.584+0800][11.487s][info][gc,cpu         ] GC(212) User=0.00s Sys=0.00s Real=0.01s
[2026-06-17T10:04:29.628+0800][11.530s][info][gc,start       ] GC(213) Pause Young (Allocation Failure)
[2026-06-17T10:04:29.629+0800][11.531s][info][gc,heap        ] GC(213) DefNew: 19360K(19648K)->1941K(19648K) Eden: 17191K(17472K)->0K(17472K) From: 2168K(2176K)->1941K(2176K)
[2026-06-17T10:04:29.629+0800][11.532s][info][gc,heap        ] GC(213) Tenured: 35282K(43712K)->37450K(43712K)
[2026-06-17T10:04:29.630+0800][11.532s][info][gc,metaspace   ] GC(213) Metaspace: 116K(320K)->116K(320K) NonClass: 109K(192K)->109K(192K) Class: 7K(128K)->7K(128K)
[2026-06-17T10:04:29.630+0800][11.533s][info][gc             ] GC(213) Pause Young (Allocation Failure) 53M->38M(61M) 2.331ms
[2026-06-17T10:04:29.631+0800][11.533s][info][gc,cpu         ] GC(213) User=0.00s Sys=0.00s Real=0.01s
[2026-06-17T10:04:29.683+0800][11.586s][info][gc,start       ] GC(214) Pause Full (Allocation Failure)
[2026-06-17T10:04:29.684+0800][11.586s][info][gc,phases,start] GC(214) Phase 1: Mark live objects
[2026-06-17T10:04:29.686+0800][11.588s][info][gc,phases      ] GC(214) Phase 1: Mark live objects 1.797ms
[2026-06-17T10:04:29.687+0800][11.589s][info][gc,phases,start] GC(214) Phase 2: Compute new object addresses
[2026-06-17T10:04:29.688+0800][11.590s][info][gc,phases      ] GC(214) Phase 2: Compute new object addresses 1.281ms
[2026-06-17T10:04:29.689+0800][11.591s][info][gc,phases,start] GC(214) Phase 3: Adjust pointers
[2026-06-17T10:04:29.691+0800][11.593s][info][gc,phases      ] GC(214) Phase 3: Adjust pointers 1.515ms
[2026-06-17T10:04:29.691+0800][11.593s][info][gc,phases,start] GC(214) Phase 4: Move objects
[2026-06-17T10:04:29.694+0800][11.596s][info][gc,phases      ] GC(214) Phase 4: Move objects 2.785ms
[2026-06-17T10:04:29.695+0800][11.597s][info][gc,heap        ] GC(214) DefNew: 19377K(19648K)->0K(19648K) Eden: 17436K(17472K)->0K(17472K) From: 1941K(2176K)->0K(2176K)
[2026-06-17T10:04:29.695+0800][11.598s][info][gc,heap        ] GC(214) Tenured: 37450K(43712K)->27548K(43712K)
[2026-06-17T10:04:29.696+0800][11.598s][info][gc,metaspace   ] GC(214) Metaspace: 116K(320K)->116K(320K) NonClass: 109K(192K)->109K(192K) Class: 7K(128K)->7K(128K)
[2026-06-17T10:04:29.697+0800][11.599s][info][gc             ] GC(214) Pause Full (Allocation Failure) 55M->26M(61M) 13.286ms
[2026-06-17T10:04:29.697+0800][11.599s][info][gc,cpu         ] GC(214) User=0.01s Sys=0.00s Real=0.01s
[2026-06-17T10:04:29.741+0800][11.643s][info][gc,start       ] GC(215) Pause Young (Allocation Failure)
[2026-06-17T10:04:29.744+0800][11.646s][info][gc,heap        ] GC(215) DefNew: 17449K(19648K)->2173K(19648K) Eden: 17449K(17472K)->0K(17472K) From: 0K(2176K)->2173K(2176K)
[2026-06-17T10:04:29.744+0800][11.646s][info][gc,heap        ] GC(215) Tenured: 27548K(43712K)->32579K(43712K)
[2026-06-17T10:04:29.745+0800][11.647s][info][gc,metaspace   ] GC(215) Metaspace: 116K(320K)->116K(320K) NonClass: 109K(192K)->109K(192K) Class: 7K(128K)->7K(128K)
[2026-06-17T10:04:29.745+0800][11.648s][info][gc             ] GC(215) Pause Young (Allocation Failure) 43M->33M(61M) 4.443ms
[2026-06-17T10:04:29.746+0800][11.648s][info][gc,cpu         ] GC(215) User=0.00s Sys=0.00s Real=0.01s
[2026-06-17T10:04:29.790+0800][11.693s][info][gc,start       ] GC(216) Pause Young (Allocation Failure)
[2026-06-17T10:04:29.793+0800][11.695s][info][gc,heap        ] GC(216) DefNew: 19626K(19648K)->2159K(19648K) Eden: 17452K(17472K)->0K(17472K) From: 2173K(2176K)->2159K(2176K)
[2026-06-17T10:04:29.794+0800][11.696s][info][gc,heap        ] GC(216) Tenured: 32579K(43712K)->38097K(43712K)
[2026-06-17T10:04:29.795+0800][11.697s][info][gc,metaspace   ] GC(216) Metaspace: 116K(320K)->116K(320K) NonClass: 109K(192K)->109K(192K) Class: 7K(128K)->7K(128K)
[2026-06-17T10:04:29.795+0800][11.698s][info][gc             ] GC(216) Pause Young (Allocation Failure) 50M->39M(61M) 5.109ms
[2026-06-17T10:04:29.796+0800][11.698s][info][gc,cpu         ] GC(216) User=0.01s Sys=0.00s Real=0.01s
[2026-06-17T10:04:29.841+0800][11.743s][info][gc,start       ] GC(217) Pause Full (Allocation Failure)
[2026-06-17T10:04:29.842+0800][11.744s][info][gc,phases,start] GC(217) Phase 1: Mark live objects
[2026-06-17T10:04:29.845+0800][11.747s][info][gc,phases      ] GC(217) Phase 1: Mark live objects 2.939ms
[2026-06-17T10:04:29.846+0800][11.748s][info][gc,phases,start] GC(217) Phase 2: Compute new object addresses
[2026-06-17T10:04:29.847+0800][11.749s][info][gc,phases      ] GC(217) Phase 2: Compute new object addresses 1.403ms
[2026-06-17T10:04:29.848+0800][11.750s][info][gc,phases,start] GC(217) Phase 3: Adjust pointers
[2026-06-17T10:04:29.849+0800][11.751s][info][gc,phases      ] GC(217) Phase 3: Adjust pointers 1.485ms
[2026-06-17T10:04:29.850+0800][11.752s][info][gc,phases,start] GC(217) Phase 4: Move objects
[2026-06-17T10:04:29.853+0800][11.755s][info][gc,phases      ] GC(217) Phase 4: Move objects 3.477ms
[2026-06-17T10:04:29.854+0800][11.756s][info][gc,heap        ] GC(217) DefNew: 19631K(19648K)->0K(19648K) Eden: 17472K(17472K)->0K(17472K) From: 2159K(2176K)->0K(2176K)
[2026-06-17T10:04:29.854+0800][11.757s][info][gc,heap        ] GC(217) Tenured: 38097K(43712K)->29631K(43712K)
[2026-06-17T10:04:29.855+0800][11.757s][info][gc,metaspace   ] GC(217) Metaspace: 116K(320K)->116K(320K) NonClass: 109K(192K)->109K(192K) Class: 7K(128K)->7K(128K)
[2026-06-17T10:04:29.855+0800][11.757s][info][gc             ] GC(217) Pause Full (Allocation Failure) 56M->28M(61M) 14.206ms
[2026-06-17T10:04:29.856+0800][11.758s][info][gc,cpu         ] GC(217) User=0.01s Sys=0.00s Real=0.02s
[2026-06-17T10:04:29.900+0800][11.803s][info][gc,start       ] GC(218) Pause Young (Allocation Failure)
[2026-06-17T10:04:29.902+0800][11.805s][info][gc,heap        ] GC(218) DefNew: 17472K(19648K)->2095K(19648K) Eden: 17472K(17472K)->0K(17472K) From: 0K(2176K)->2095K(2176K)
[2026-06-17T10:04:29.903+0800][11.806s][info][gc,heap        ] GC(218) Tenured: 29631K(43712K)->30965K(43712K)
[2026-06-17T10:04:29.904+0800][11.806s][info][gc,metaspace   ] GC(218) Metaspace: 116K(320K)->116K(320K) NonClass: 109K(192K)->109K(192K) Class: 7K(128K)->7K(128K)
[2026-06-17T10:04:29.905+0800][11.807s][info][gc             ] GC(218) Pause Young (Allocation Failure) 45M->32M(61M) 4.409ms
[2026-06-17T10:04:29.905+0800][11.808s][info][gc,cpu         ] GC(218) User=0.00s Sys=0.00s Real=0.01s
[2026-06-17T10:04:29.950+0800][11.852s][info][gc,start       ] GC(219) Pause Young (Allocation Failure)
[2026-06-17T10:04:29.953+0800][11.855s][info][gc,heap        ] GC(219) DefNew: 19531K(19648K)->2168K(19648K) Eden: 17435K(17472K)->0K(17472K) From: 2095K(2176K)->2168K(2176K)
[2026-06-17T10:04:29.954+0800][11.856s][info][gc,heap        ] GC(219) Tenured: 30965K(43712K)->37549K(43712K)
[2026-06-17T10:04:29.955+0800][11.857s][info][gc,metaspace   ] GC(219) Metaspace: 116K(320K)->116K(320K) NonClass: 109K(192K)->109K(192K) Class: 7K(128K)->7K(128K)
[2026-06-17T10:04:29.955+0800][11.857s][info][gc             ] GC(219) Pause Young (Allocation Failure) 49M->38M(61M) 5.110ms
[2026-06-17T10:04:29.956+0800][11.858s][info][gc,cpu         ] GC(219) User=0.00s Sys=0.00s Real=0.01s
[2026-06-17T10:04:30.011+0800][11.913s][info][gc,start       ] GC(220) Pause Full (Allocation Failure)
[2026-06-17T10:04:30.012+0800][11.914s][info][gc,phases,start] GC(220) Phase 1: Mark live objects
[2026-06-17T10:04:30.014+0800][11.916s][info][gc,phases      ] GC(220) Phase 1: Mark live objects 2.398ms
[2026-06-17T10:04:30.015+0800][11.917s][info][gc,phases,start] GC(220) Phase 2: Compute new object addresses
[2026-06-17T10:04:30.016+0800][11.918s][info][gc,phases      ] GC(220) Phase 2: Compute new object addresses 1.314ms
[2026-06-17T10:04:30.017+0800][11.919s][info][gc,phases,start] GC(220) Phase 3: Adjust pointers
[2026-06-17T10:04:30.018+0800][11.920s][info][gc,phases      ] GC(220) Phase 3: Adjust pointers 1.340ms
[2026-06-17T10:04:30.019+0800][11.921s][info][gc,phases,start] GC(220) Phase 4: Move objects
[2026-06-17T10:04:30.021+0800][11.924s][info][gc,phases      ] GC(220) Phase 4: Move objects 2.675ms
[2026-06-17T10:04:30.022+0800][11.924s][info][gc,heap        ] GC(220) DefNew: 19617K(19648K)->0K(19648K) Eden: 17449K(17472K)->0K(17472K) From: 2168K(2176K)->0K(2176K)
[2026-06-17T10:04:30.022+0800][11.924s][info][gc,heap        ] GC(220) Tenured: 37549K(43712K)->26810K(43712K)
[2026-06-17T10:04:30.022+0800][11.925s][info][gc,metaspace   ] GC(220) Metaspace: 116K(320K)->116K(320K) NonClass: 109K(192K)->109K(192K) Class: 7K(128K)->7K(128K)
[2026-06-17T10:04:30.023+0800][11.925s][info][gc             ] GC(220) Pause Full (Allocation Failure) 55M->26M(61M) 11.512ms
[2026-06-17T10:04:30.023+0800][11.925s][info][gc,cpu         ] GC(220) User=0.01s Sys=0.00s Real=0.01s
[2026-06-17T10:04:30.056+0800][11.958s][info][gc,start       ] GC(221) Pause Young (Allocation Failure)
[2026-06-17T10:04:30.060+0800][11.962s][info][gc,heap        ] GC(221) DefNew: 17342K(19648K)->2173K(19648K) Eden: 17342K(17472K)->0K(17472K) From: 0K(2176K)->2173K(2176K)
[2026-06-17T10:04:30.062+0800][11.964s][info][gc,heap        ] GC(221) Tenured: 26810K(43712K)->31363K(43712K)
[2026-06-17T10:04:30.063+0800][11.965s][info][gc,metaspace   ] GC(221) Metaspace: 116K(320K)->116K(320K) NonClass: 109K(192K)->109K(192K) Class: 7K(128K)->7K(128K)
[2026-06-17T10:04:30.064+0800][11.966s][info][gc             ] GC(221) Pause Young (Allocation Failure) 43M->32M(61M) 7.940ms
[2026-06-17T10:04:30.064+0800][11.967s][info][gc,cpu         ] GC(221) User=0.00s Sys=0.00s Real=0.01s
[2026-06-17T10:04:30.117+0800][12.020s][info][gc,start       ] GC(222) Pause Young (Allocation Failure)
[2026-06-17T10:04:30.118+0800][12.021s][info][gc,heap        ] GC(222) DefNew: 19603K(19648K)->2082K(19648K) Eden: 17430K(17472K)->0K(17472K) From: 2173K(2176K)->2082K(2176K)
[2026-06-17T10:04:30.119+0800][12.021s][info][gc,heap        ] GC(222) Tenured: 31363K(43712K)->35121K(43712K)
[2026-06-17T10:04:30.119+0800][12.021s][info][gc,metaspace   ] GC(222) Metaspace: 116K(320K)->116K(320K) NonClass: 109K(192K)->109K(192K) Class: 7K(128K)->7K(128K)
[2026-06-17T10:04:30.119+0800][12.021s][info][gc             ] GC(222) Pause Young (Allocation Failure) 49M->36M(61M) 1.598ms
[2026-06-17T10:04:30.119+0800][12.021s][info][gc,cpu         ] GC(222) User=0.00s Sys=0.00s Real=0.00s
[2026-06-17T10:04:30.161+0800][12.064s][info][gc,start       ] GC(223) Pause Young (Allocation Failure)
[2026-06-17T10:04:30.162+0800][12.064s][info][gc,heap        ] GC(223) DefNew: 19543K(19648K)->2058K(19648K) Eden: 17460K(17472K)->0K(17472K) From: 2082K(2176K)->2058K(2176K)
[2026-06-17T10:04:30.162+0800][12.065s][info][gc,heap        ] GC(223) Tenured: 35121K(43712K)->37869K(43712K)
[2026-06-17T10:04:30.163+0800][12.065s][info][gc,metaspace   ] GC(223) Metaspace: 116K(320K)->116K(320K) NonClass: 109K(192K)->109K(192K) Class: 7K(128K)->7K(128K)
[2026-06-17T10:04:30.163+0800][12.065s][info][gc             ] GC(223) Pause Young (Allocation Failure) 53M->38M(61M) 1.396ms
[2026-06-17T10:04:30.163+0800][12.065s][info][gc,cpu         ] GC(223) User=0.00s Sys=0.00s Real=0.01s
[2026-06-17T10:04:30.205+0800][12.107s][info][gc,start       ] GC(224) Pause Full (Allocation Failure)
[2026-06-17T10:04:30.206+0800][12.108s][info][gc,phases,start] GC(224) Phase 1: Mark live objects
[2026-06-17T10:04:30.207+0800][12.109s][info][gc,phases      ] GC(224) Phase 1: Mark live objects 1.064ms
[2026-06-17T10:04:30.207+0800][12.109s][info][gc,phases,start] GC(224) Phase 2: Compute new object addresses
[2026-06-17T10:04:30.207+0800][12.110s][info][gc,phases      ] GC(224) Phase 2: Compute new object addresses 0.607ms
[2026-06-17T10:04:30.208+0800][12.110s][info][gc,phases,start] GC(224) Phase 3: Adjust pointers
[2026-06-17T10:04:30.208+0800][12.110s][info][gc,phases      ] GC(224) Phase 3: Adjust pointers 0.471ms
[2026-06-17T10:04:30.208+0800][12.111s][info][gc,phases,start] GC(224) Phase 4: Move objects
[2026-06-17T10:04:30.211+0800][12.113s][info][gc,phases      ] GC(224) Phase 4: Move objects 2.171ms
[2026-06-17T10:04:30.211+0800][12.113s][info][gc,heap        ] GC(224) DefNew: 19515K(19648K)->0K(19648K) Eden: 17457K(17472K)->0K(17472K) From: 2058K(2176K)->0K(2176K)
[2026-06-17T10:04:30.211+0800][12.113s][info][gc,heap        ] GC(224) Tenured: 37869K(43712K)->23430K(43712K)
[2026-06-17T10:04:30.211+0800][12.114s][info][gc,metaspace   ] GC(224) Metaspace: 116K(320K)->116K(320K) NonClass: 109K(192K)->109K(192K) Class: 7K(128K)->7K(128K)
[2026-06-17T10:04:30.212+0800][12.114s][info][gc             ] GC(224) Pause Full (Allocation Failure) 56M->22M(61M) 6.380ms
[2026-06-17T10:04:30.212+0800][12.114s][info][gc,cpu         ] GC(224) User=0.00s Sys=0.00s Real=0.01s
[2026-06-17T10:04:30.254+0800][12.156s][info][gc,start       ] GC(225) Pause Young (Allocation Failure)
[2026-06-17T10:04:30.255+0800][12.157s][info][gc,heap        ] GC(225) DefNew: 17472K(19648K)->2174K(19648K) Eden: 17472K(17472K)->0K(17472K) From: 0K(2176K)->2174K(2176K)
[2026-06-17T10:04:30.255+0800][12.158s][info][gc,heap        ] GC(225) Tenured: 23430K(43712K)->28312K(43712K)
[2026-06-17T10:04:30.256+0800][12.158s][info][gc,metaspace   ] GC(225) Metaspace: 116K(320K)->116K(320K) NonClass: 109K(192K)->109K(192K) Class: 7K(128K)->7K(128K)
[2026-06-17T10:04:30.256+0800][12.158s][info][gc             ] GC(225) Pause Young (Allocation Failure) 39M->29M(61M) 1.795ms
[2026-06-17T10:04:30.256+0800][12.158s][info][gc,cpu         ] GC(225) User=0.00s Sys=0.00s Real=0.00s
[2026-06-17T10:04:30.298+0800][12.200s][info][gc,start       ] GC(226) Pause Young (Allocation Failure)
[2026-06-17T10:04:30.300+0800][12.202s][info][gc,heap        ] GC(226) DefNew: 19602K(19648K)->2169K(19648K) Eden: 17427K(17472K)->0K(17472K) From: 2174K(2176K)->2169K(2176K)
[2026-06-17T10:04:30.301+0800][12.203s][info][gc,heap        ] GC(226) Tenured: 28312K(43712K)->33719K(43712K)
[2026-06-17T10:04:30.301+0800][12.203s][info][gc,metaspace   ] GC(226) Metaspace: 116K(320K)->116K(320K) NonClass: 109K(192K)->109K(192K) Class: 7K(128K)->7K(128K)
[2026-06-17T10:04:30.302+0800][12.204s][info][gc             ] GC(226) Pause Young (Allocation Failure) 46M->35M(61M) 3.356ms
[2026-06-17T10:04:30.306+0800][12.208s][info][gc,cpu         ] GC(226) User=0.00s Sys=0.00s Real=0.01s
[2026-06-17T10:04:30.348+0800][12.250s][info][gc,start       ] GC(227) Pause Young (Allocation Failure)
[2026-06-17T10:04:30.349+0800][12.251s][info][gc,heap        ] GC(227) DefNew: 19590K(19648K)->2167K(19648K) Eden: 17421K(17472K)->0K(17472K) From: 2169K(2176K)->2167K(2176K)
[2026-06-17T10:04:30.349+0800][12.251s][info][gc,heap        ] GC(227) Tenured: 33719K(43712K)->38121K(43712K)
[2026-06-17T10:04:30.349+0800][12.251s][info][gc,metaspace   ] GC(227) Metaspace: 116K(320K)->116K(320K) NonClass: 109K(192K)->109K(192K) Class: 7K(128K)->7K(128K)
[2026-06-17T10:04:30.349+0800][12.252s][info][gc             ] GC(227) Pause Young (Allocation Failure) 52M->39M(61M) 1.593ms
[2026-06-17T10:04:30.350+0800][12.252s][info][gc,cpu         ] GC(227) User=0.00s Sys=0.00s Real=0.00s
[2026-06-17T10:04:30.392+0800][12.294s][info][gc,start       ] GC(228) Pause Full (Allocation Failure)
[2026-06-17T10:04:30.392+0800][12.294s][info][gc,phases,start] GC(228) Phase 1: Mark live objects
[2026-06-17T10:04:30.393+0800][12.295s][info][gc,phases      ] GC(228) Phase 1: Mark live objects 1.200ms
[2026-06-17T10:04:30.394+0800][12.296s][info][gc,phases,start] GC(228) Phase 2: Compute new object addresses
[2026-06-17T10:04:30.395+0800][12.297s][info][gc,phases      ] GC(228) Phase 2: Compute new object addresses 0.905ms
[2026-06-17T10:04:30.395+0800][12.298s][info][gc,phases,start] GC(228) Phase 3: Adjust pointers
[2026-06-17T10:04:30.397+0800][12.299s][info][gc,phases      ] GC(228) Phase 3: Adjust pointers 1.206ms
[2026-06-17T10:04:30.397+0800][12.299s][info][gc,phases,start] GC(228) Phase 4: Move objects
[2026-06-17T10:04:30.400+0800][12.302s][info][gc,phases      ] GC(228) Phase 4: Move objects 2.952ms
[2026-06-17T10:04:30.402+0800][12.304s][info][gc,heap        ] GC(228) DefNew: 19639K(19648K)->0K(19648K) Eden: 17472K(17472K)->0K(17472K) From: 2167K(2176K)->0K(2176K)
[2026-06-17T10:04:30.402+0800][12.304s][info][gc,heap        ] GC(228) Tenured: 38121K(43712K)->27519K(43712K)
[2026-06-17T10:04:30.402+0800][12.305s][info][gc,metaspace   ] GC(228) Metaspace: 116K(320K)->116K(320K) NonClass: 109K(192K)->109K(192K) Class: 7K(128K)->7K(128K)
[2026-06-17T10:04:30.403+0800][12.305s][info][gc             ] GC(228) Pause Full (Allocation Failure) 56M->26M(61M) 11.110ms
[2026-06-17T10:04:30.403+0800][12.305s][info][gc,cpu         ] GC(228) User=0.00s Sys=0.00s Real=0.01s
[2026-06-17T10:04:30.446+0800][12.348s][info][gc,start       ] GC(229) Pause Young (Allocation Failure)
[2026-06-17T10:04:30.457+0800][12.360s][info][gc,heap        ] GC(229) DefNew: 17227K(19648K)->2068K(19648K) Eden: 17227K(17472K)->0K(17472K) From: 0K(2176K)->2068K(2176K)
[2026-06-17T10:04:30.458+0800][12.360s][info][gc,heap        ] GC(229) Tenured: 27519K(43712K)->29259K(43712K)
[2026-06-17T10:04:30.458+0800][12.361s][info][gc,metaspace   ] GC(229) Metaspace: 116K(320K)->116K(320K) NonClass: 109K(192K)->109K(192K) Class: 7K(128K)->7K(128K)
[2026-06-17T10:04:30.459+0800][12.361s][info][gc             ] GC(229) Pause Young (Allocation Failure) 43M->30M(61M) 12.816ms
[2026-06-17T10:04:30.459+0800][12.361s][info][gc,cpu         ] GC(229) User=0.00s Sys=0.00s Real=0.01s
[2026-06-17T10:04:30.512+0800][12.415s][info][gc,start       ] GC(230) Pause Young (Allocation Failure)
[2026-06-17T10:04:30.517+0800][12.419s][info][gc,heap        ] GC(230) DefNew: 19540K(19648K)->2075K(19648K) Eden: 17472K(17472K)->0K(17472K) From: 2068K(2176K)->2075K(2176K)
[2026-06-17T10:04:30.520+0800][12.422s][info][gc,heap        ] GC(230) Tenured: 29259K(43712K)->33551K(43712K)
[2026-06-17T10:04:30.520+0800][12.422s][info][gc,metaspace   ] GC(230) Metaspace: 116K(320K)->116K(320K) NonClass: 109K(192K)->109K(192K) Class: 7K(128K)->7K(128K)
[2026-06-17T10:04:30.520+0800][12.423s][info][gc             ] GC(230) Pause Young (Allocation Failure) 47M->34M(61M) 8.028ms
[2026-06-17T10:04:30.521+0800][12.423s][info][gc,cpu         ] GC(230) User=0.00s Sys=0.00s Real=0.00s
[2026-06-17T10:04:30.563+0800][12.465s][info][gc,start       ] GC(231) Pause Young (Allocation Failure)
[2026-06-17T10:04:30.565+0800][12.468s][info][gc,heap        ] GC(231) DefNew: 19211K(19648K)->1438K(19648K) Eden: 17136K(17472K)->0K(17472K) From: 2075K(2176K)->1438K(2176K)
[2026-06-17T10:04:30.566+0800][12.468s][info][gc,heap        ] GC(231) Tenured: 33551K(43712K)->34207K(43712K)
[2026-06-17T10:04:30.566+0800][12.468s][info][gc,metaspace   ] GC(231) Metaspace: 116K(320K)->116K(320K) NonClass: 109K(192K)->109K(192K) Class: 7K(128K)->7K(128K)
[2026-06-17T10:04:30.567+0800][12.469s][info][gc             ] GC(231) Pause Young (Allocation Failure) 51M->34M(61M) 3.567ms
[2026-06-17T10:04:30.569+0800][12.471s][info][gc,cpu         ] GC(231) User=0.00s Sys=0.00s Real=0.00s
[2026-06-17T10:04:30.612+0800][12.514s][info][gc,start       ] GC(232) Pause Young (Allocation Failure)
[2026-06-17T10:04:30.615+0800][12.517s][info][gc,heap        ] GC(232) DefNew: 18882K(19648K)->2170K(19648K) Eden: 17444K(17472K)->0K(17472K) From: 1438K(2176K)->2170K(2176K)
[2026-06-17T10:04:30.615+0800][12.517s][info][gc,heap        ] GC(232) Tenured: 34207K(43712K)->40809K(43712K)
[2026-06-17T10:04:30.616+0800][12.518s][info][gc,metaspace   ] GC(232) Metaspace: 116K(320K)->116K(320K) NonClass: 109K(192K)->109K(192K) Class: 7K(128K)->7K(128K)
[2026-06-17T10:04:30.616+0800][12.518s][info][gc             ] GC(232) Pause Young (Allocation Failure) 51M->41M(61M) 4.529ms
[2026-06-17T10:04:30.617+0800][12.519s][info][gc,cpu         ] GC(232) User=0.01s Sys=0.00s Real=0.00s
[2026-06-17T10:04:30.669+0800][12.571s][info][gc,start       ] GC(233) Pause Full (Allocation Failure)
[2026-06-17T10:04:30.673+0800][12.575s][info][gc,phases,start] GC(233) Phase 1: Mark live objects
[2026-06-17T10:04:30.674+0800][12.576s][info][gc,phases      ] GC(233) Phase 1: Mark live objects 0.893ms
[2026-06-17T10:04:30.679+0800][12.581s][info][gc,phases,start] GC(233) Phase 2: Compute new object addresses
[2026-06-17T10:04:30.679+0800][12.581s][info][gc,phases      ] GC(233) Phase 2: Compute new object addresses 0.496ms
[2026-06-17T10:04:30.679+0800][12.582s][info][gc,phases,start] GC(233) Phase 3: Adjust pointers
[2026-06-17T10:04:30.680+0800][12.582s][info][gc,phases      ] GC(233) Phase 3: Adjust pointers 0.426ms
[2026-06-17T10:04:30.680+0800][12.582s][info][gc,phases,start] GC(233) Phase 4: Move objects
[2026-06-17T10:04:30.682+0800][12.585s][info][gc,phases      ] GC(233) Phase 4: Move objects 2.423ms
[2026-06-17T10:04:30.685+0800][12.587s][info][gc,heap        ] GC(233) DefNew: 19637K(19648K)->0K(19648K) Eden: 17466K(17472K)->0K(17472K) From: 2170K(2176K)->0K(2176K)
[2026-06-17T10:04:30.685+0800][12.588s][info][gc,heap        ] GC(233) Tenured: 40809K(43712K)->30455K(43712K)
[2026-06-17T10:04:30.686+0800][12.588s][info][gc,metaspace   ] GC(233) Metaspace: 116K(320K)->116K(320K) NonClass: 109K(192K)->109K(192K) Class: 7K(128K)->7K(128K)
[2026-06-17T10:04:30.686+0800][12.588s][info][gc             ] GC(233) Pause Full (Allocation Failure) 59M->29M(61M) 17.662ms
[2026-06-17T10:04:30.688+0800][12.590s][info][gc,cpu         ] GC(233) User=0.00s Sys=0.00s Real=0.02s
[2026-06-17T10:04:30.731+0800][12.633s][info][gc,start       ] GC(234) Pause Young (Allocation Failure)
[2026-06-17T10:04:30.733+0800][12.636s][info][gc,heap        ] GC(234) DefNew: 17472K(19648K)->2168K(19648K) Eden: 17472K(17472K)->0K(17472K) From: 0K(2176K)->2168K(2176K)
[2026-06-17T10:04:30.735+0800][12.637s][info][gc,heap        ] GC(234) Tenured: 30455K(43712K)->34630K(43712K)
[2026-06-17T10:04:30.736+0800][12.638s][info][gc,metaspace   ] GC(234) Metaspace: 116K(320K)->116K(320K) NonClass: 109K(192K)->109K(192K) Class: 7K(128K)->7K(128K)
[2026-06-17T10:04:30.737+0800][12.639s][info][gc             ] GC(234) Pause Young (Allocation Failure) 46M->35M(61M) 5.975ms
[2026-06-17T10:04:30.738+0800][12.640s][info][gc,cpu         ] GC(234) User=0.00s Sys=0.00s Real=0.00s
[2026-06-17T10:04:30.782+0800][12.684s][info][gc,start       ] GC(235) Pause Young (Allocation Failure)
[2026-06-17T10:04:30.783+0800][12.685s][info][gc,heap        ] GC(235) DefNew: 19629K(19648K)->2166K(19648K) Eden: 17461K(17472K)->0K(17472K) From: 2168K(2176K)->2166K(2176K)
[2026-06-17T10:04:30.783+0800][12.686s][info][gc,heap        ] GC(235) Tenured: 34630K(43712K)->38757K(43712K)
[2026-06-17T10:04:30.784+0800][12.686s][info][gc,metaspace   ] GC(235) Metaspace: 116K(320K)->116K(320K) NonClass: 109K(192K)->109K(192K) Class: 7K(128K)->7K(128K)
[2026-06-17T10:04:30.784+0800][12.686s][info][gc             ] GC(235) Pause Young (Allocation Failure) 52M->39M(61M) 1.626ms
[2026-06-17T10:04:30.784+0800][12.686s][info][gc,cpu         ] GC(235) User=0.01s Sys=0.00s Real=0.01s
[2026-06-17T10:04:30.826+0800][12.728s][info][gc,start       ] GC(236) Pause Full (Allocation Failure)
[2026-06-17T10:04:30.826+0800][12.728s][info][gc,phases,start] GC(236) Phase 1: Mark live objects
[2026-06-17T10:04:30.827+0800][12.729s][info][gc,phases      ] GC(236) Phase 1: Mark live objects 1.035ms
[2026-06-17T10:04:30.828+0800][12.730s][info][gc,phases,start] GC(236) Phase 2: Compute new object addresses
[2026-06-17T10:04:30.828+0800][12.730s][info][gc,phases      ] GC(236) Phase 2: Compute new object addresses 0.480ms
[2026-06-17T10:04:30.828+0800][12.731s][info][gc,phases,start] GC(236) Phase 3: Adjust pointers
[2026-06-17T10:04:30.829+0800][12.731s][info][gc,phases      ] GC(236) Phase 3: Adjust pointers 0.459ms
[2026-06-17T10:04:30.829+0800][12.731s][info][gc,phases,start] GC(236) Phase 4: Move objects
[2026-06-17T10:04:30.831+0800][12.733s][info][gc,phases      ] GC(236) Phase 4: Move objects 2.129ms
[2026-06-17T10:04:30.832+0800][12.734s][info][gc,heap        ] GC(236) DefNew: 19638K(19648K)->0K(19648K) Eden: 17472K(17472K)->0K(17472K) From: 2166K(2176K)->0K(2176K)
[2026-06-17T10:04:30.832+0800][12.734s][info][gc,heap        ] GC(236) Tenured: 38757K(43712K)->30973K(43712K)
[2026-06-17T10:04:30.832+0800][12.734s][info][gc,metaspace   ] GC(236) Metaspace: 116K(320K)->116K(320K) NonClass: 109K(192K)->109K(192K) Class: 7K(128K)->7K(128K)
[2026-06-17T10:04:30.832+0800][12.734s][info][gc             ] GC(236) Pause Full (Allocation Failure) 57M->30M(61M) 6.050ms
[2026-06-17T10:04:30.832+0800][12.734s][info][gc,cpu         ] GC(236) User=0.00s Sys=0.00s Real=0.01s
[2026-06-17T10:04:30.884+0800][12.787s][info][gc,start       ] GC(237) Pause Young (Allocation Failure)
[2026-06-17T10:04:30.886+0800][12.788s][info][gc,heap        ] GC(237) DefNew: 17472K(19648K)->2141K(19648K) Eden: 17472K(17472K)->0K(17472K) From: 0K(2176K)->2141K(2176K)
[2026-06-17T10:04:30.886+0800][12.788s][info][gc,heap        ] GC(237) Tenured: 30973K(43712K)->32783K(43712K)
[2026-06-17T10:04:30.886+0800][12.788s][info][gc,metaspace   ] GC(237) Metaspace: 116K(320K)->116K(320K) NonClass: 109K(192K)->109K(192K) Class: 7K(128K)->7K(128K)
[2026-06-17T10:04:30.887+0800][12.789s][info][gc             ] GC(237) Pause Young (Allocation Failure) 47M->34M(61M) 2.149ms
[2026-06-17T10:04:30.887+0800][12.789s][info][gc,cpu         ] GC(237) User=0.00s Sys=0.00s Real=0.00s
[2026-06-17T10:04:30.930+0800][12.832s][info][gc,start       ] GC(238) Pause Young (Allocation Failure)
[2026-06-17T10:04:30.931+0800][12.833s][info][gc,heap        ] GC(238) DefNew: 19601K(19648K)->2164K(19648K) Eden: 17459K(17472K)->0K(17472K) From: 2141K(2176K)->2164K(2176K)
[2026-06-17T10:04:30.931+0800][12.833s][info][gc,heap        ] GC(238) Tenured: 32783K(43712K)->36327K(43712K)
[2026-06-17T10:04:30.932+0800][12.834s][info][gc,metaspace   ] GC(238) Metaspace: 116K(320K)->116K(320K) NonClass: 109K(192K)->109K(192K) Class: 7K(128K)->7K(128K)
[2026-06-17T10:04:30.932+0800][12.834s][info][gc             ] GC(238) Pause Young (Allocation Failure) 51M->37M(61M) 2.313ms
[2026-06-17T10:04:30.932+0800][12.834s][info][gc,cpu         ] GC(238) User=0.00s Sys=0.00s Real=0.01s
[2026-06-17T10:04:30.974+0800][12.876s][info][gc,start       ] GC(239) Pause Young (Allocation Failure)
[2026-06-17T10:04:30.975+0800][12.878s][info][gc,heap        ] GC(239) DefNew: 19612K(19648K)->2095K(19648K) Eden: 17448K(17472K)->0K(17472K) From: 2164K(2176K)->2095K(2176K)
[2026-06-17T10:04:30.976+0800][12.878s][info][gc,heap        ] GC(239) Tenured: 36327K(43712K)->40260K(43712K)
[2026-06-17T10:04:30.976+0800][12.878s][info][gc,metaspace   ] GC(239) Metaspace: 116K(320K)->116K(320K) NonClass: 109K(192K)->109K(192K) Class: 7K(128K)->7K(128K)
[2026-06-17T10:04:30.976+0800][12.878s][info][gc             ] GC(239) Pause Young (Allocation Failure) 54M->41M(61M) 1.734ms
[2026-06-17T10:04:30.976+0800][12.878s][info][gc,cpu         ] GC(239) User=0.00s Sys=0.00s Real=0.00s
[2026-06-17T10:04:31.019+0800][12.922s][info][gc,start       ] GC(240) Pause Full (Allocation Failure)
[2026-06-17T10:04:31.020+0800][12.922s][info][gc,phases,start] GC(240) Phase 1: Mark live objects
[2026-06-17T10:04:31.023+0800][12.925s][info][gc,phases      ] GC(240) Phase 1: Mark live objects 2.648ms
[2026-06-17T10:04:31.024+0800][12.926s][info][gc,phases,start] GC(240) Phase 2: Compute new object addresses
[2026-06-17T10:04:31.025+0800][12.927s][info][gc,phases      ] GC(240) Phase 2: Compute new object addresses 1.153ms
[2026-06-17T10:04:31.025+0800][12.927s][info][gc,phases,start] GC(240) Phase 3: Adjust pointers
[2026-06-17T10:04:31.026+0800][12.928s][info][gc,phases      ] GC(240) Phase 3: Adjust pointers 1.099ms
[2026-06-17T10:04:31.027+0800][12.929s][info][gc,phases,start] GC(240) Phase 4: Move objects
[2026-06-17T10:04:31.030+0800][12.933s][info][gc,phases      ] GC(240) Phase 4: Move objects 3.760ms
[2026-06-17T10:04:31.031+0800][12.933s][info][gc,heap        ] GC(240) DefNew: 19567K(19648K)->0K(19648K) Eden: 17472K(17472K)->0K(17472K) From: 2095K(2176K)->0K(2176K)
[2026-06-17T10:04:31.031+0800][12.934s][info][gc,heap        ] GC(240) Tenured: 40260K(43712K)->33475K(43712K)
[2026-06-17T10:04:31.032+0800][12.934s][info][gc,metaspace   ] GC(240) Metaspace: 116K(320K)->116K(320K) NonClass: 109K(192K)->109K(192K) Class: 7K(128K)->7K(128K)
[2026-06-17T10:04:31.032+0800][12.934s][info][gc             ] GC(240) Pause Full (Allocation Failure) 58M->32M(61M) 12.685ms
[2026-06-17T10:04:31.032+0800][12.934s][info][gc,cpu         ] GC(240) User=0.01s Sys=0.00s Real=0.02s
[2026-06-17T10:04:31.076+0800][12.978s][info][gc,start       ] GC(241) Pause Young (Allocation Failure)
[2026-06-17T10:04:31.077+0800][12.979s][info][gc,heap        ] GC(241) DefNew: 17393K(19648K)->2071K(19648K) Eden: 17393K(17472K)->0K(17472K) From: 0K(2176K)->2071K(2176K)
[2026-06-17T10:04:31.077+0800][12.979s][info][gc,heap        ] GC(241) Tenured: 33475K(43712K)->35175K(43712K)
[2026-06-17T10:04:31.078+0800][12.980s][info][gc,metaspace   ] GC(241) Metaspace: 116K(320K)->116K(320K) NonClass: 109K(192K)->109K(192K) Class: 7K(128K)->7K(128K)
[2026-06-17T10:04:31.078+0800][12.980s][info][gc             ] GC(241) Pause Young (Allocation Failure) 49M->36M(61M) 2.327ms
[2026-06-17T10:04:31.078+0800][12.980s][info][gc,cpu         ] GC(241) User=0.00s Sys=0.00s Real=0.00s
[2026-06-17T10:04:31.132+0800][13.034s][info][gc,start       ] GC(242) Pause Young (Allocation Failure)
[2026-06-17T10:04:31.133+0800][13.036s][info][gc,heap        ] GC(242) DefNew: 19523K(19648K)->2107K(19648K) Eden: 17451K(17472K)->0K(17472K) From: 2071K(2176K)->2107K(2176K)
[2026-06-17T10:04:31.134+0800][13.036s][info][gc,heap        ] GC(242) Tenured: 35175K(43712K)->38631K(43712K)
[2026-06-17T10:04:31.135+0800][13.037s][info][gc,metaspace   ] GC(242) Metaspace: 116K(320K)->116K(320K) NonClass: 109K(192K)->109K(192K) Class: 7K(128K)->7K(128K)
[2026-06-17T10:04:31.135+0800][13.037s][info][gc             ] GC(242) Pause Young (Allocation Failure) 53M->39M(61M) 3.569ms
[2026-06-17T10:04:31.136+0800][13.038s][info][gc,cpu         ] GC(242) User=0.01s Sys=0.00s Real=0.00s
[2026-06-17T10:04:31.179+0800][13.081s][info][gc,start       ] GC(243) Pause Full (Allocation Failure)
[2026-06-17T10:04:31.179+0800][13.081s][info][gc,phases,start] GC(243) Phase 1: Mark live objects
[2026-06-17T10:04:31.181+0800][13.083s][info][gc,phases      ] GC(243) Phase 1: Mark live objects 1.246ms
[2026-06-17T10:04:31.181+0800][13.083s][info][gc,phases,start] GC(243) Phase 2: Compute new object addresses
[2026-06-17T10:04:31.182+0800][13.084s][info][gc,phases      ] GC(243) Phase 2: Compute new object addresses 0.957ms
[2026-06-17T10:04:31.182+0800][13.085s][info][gc,phases,start] GC(243) Phase 3: Adjust pointers
[2026-06-17T10:04:31.183+0800][13.085s][info][gc,phases      ] GC(243) Phase 3: Adjust pointers 0.798ms
[2026-06-17T10:04:31.183+0800][13.086s][info][gc,phases,start] GC(243) Phase 4: Move objects
[2026-06-17T10:04:31.187+0800][13.089s][info][gc,phases      ] GC(243) Phase 4: Move objects 3.191ms
[2026-06-17T10:04:31.187+0800][13.089s][info][gc,heap        ] GC(243) DefNew: 19550K(19648K)->0K(19648K) Eden: 17442K(17472K)->0K(17472K) From: 2107K(2176K)->0K(2176K)
[2026-06-17T10:04:31.187+0800][13.090s][info][gc,heap        ] GC(243) Tenured: 38631K(43712K)->31369K(43712K)
[2026-06-17T10:04:31.188+0800][13.090s][info][gc,metaspace   ] GC(243) Metaspace: 116K(320K)->116K(320K) NonClass: 109K(192K)->109K(192K) Class: 7K(128K)->7K(128K)
[2026-06-17T10:04:31.188+0800][13.090s][info][gc             ] GC(243) Pause Full (Allocation Failure) 56M->30M(61M) 9.392ms
[2026-06-17T10:04:31.188+0800][13.091s][info][gc,cpu         ] GC(243) User=0.00s Sys=0.00s Real=0.01s
[2026-06-17T10:04:31.231+0800][13.133s][info][gc,start       ] GC(244) Pause Young (Allocation Failure)
[2026-06-17T10:04:31.231+0800][13.134s][info][gc,heap        ] GC(244) DefNew: 17459K(19648K)->2172K(19648K) Eden: 17459K(17472K)->0K(17472K) From: 0K(2176K)->2172K(2176K)
[2026-06-17T10:04:31.232+0800][13.134s][info][gc,heap        ] GC(244) Tenured: 31369K(43712K)->36127K(43712K)
[2026-06-17T10:04:31.232+0800][13.134s][info][gc,metaspace   ] GC(244) Metaspace: 116K(320K)->116K(320K) NonClass: 109K(192K)->109K(192K) Class: 7K(128K)->7K(128K)
[2026-06-17T10:04:31.232+0800][13.134s][info][gc             ] GC(244) Pause Young (Allocation Failure) 47M->37M(61M) 1.614ms
[2026-06-17T10:04:31.232+0800][13.134s][info][gc,cpu         ] GC(244) User=0.00s Sys=0.00s Real=0.00s
[2026-06-17T10:04:31.274+0800][13.176s][info][gc,start       ] GC(245) Pause Young (Allocation Failure)
[2026-06-17T10:04:31.276+0800][13.178s][info][gc,heap        ] GC(245) DefNew: 19644K(19648K)->2171K(19648K) Eden: 17472K(17472K)->0K(17472K) From: 2172K(2176K)->2171K(2176K)
[2026-06-17T10:04:31.276+0800][13.178s][info][gc,heap        ] GC(245) Tenured: 36127K(43712K)->40526K(43712K)
[2026-06-17T10:04:31.276+0800][13.178s][info][gc,metaspace   ] GC(245) Metaspace: 116K(320K)->116K(320K) NonClass: 109K(192K)->109K(192K) Class: 7K(128K)->7K(128K)
[2026-06-17T10:04:31.276+0800][13.178s][info][gc             ] GC(245) Pause Young (Allocation Failure) 54M->41M(61M) 2.075ms
[2026-06-17T10:04:31.276+0800][13.178s][info][gc,cpu         ] GC(245) User=0.00s Sys=0.00s Real=0.00s
[2026-06-17T10:04:31.318+0800][13.220s][info][gc,start       ] GC(246) Pause Full (Allocation Failure)
[2026-06-17T10:04:31.319+0800][13.221s][info][gc,phases,start] GC(246) Phase 1: Mark live objects
[2026-06-17T10:04:31.320+0800][13.222s][info][gc,phases      ] GC(246) Phase 1: Mark live objects 1.329ms
[2026-06-17T10:04:31.321+0800][13.223s][info][gc,phases,start] GC(246) Phase 2: Compute new object addresses
[2026-06-17T10:04:31.322+0800][13.224s][info][gc,phases      ] GC(246) Phase 2: Compute new object addresses 1.421ms
[2026-06-17T10:04:31.322+0800][13.224s][info][gc,phases,start] GC(246) Phase 3: Adjust pointers
[2026-06-17T10:04:31.323+0800][13.225s][info][gc,phases      ] GC(246) Phase 3: Adjust pointers 0.638ms
[2026-06-17T10:04:31.323+0800][13.226s][info][gc,phases,start] GC(246) Phase 4: Move objects
[2026-06-17T10:04:31.326+0800][13.228s][info][gc,phases      ] GC(246) Phase 4: Move objects 2.619ms
[2026-06-17T10:04:31.326+0800][13.229s][info][gc,heap        ] GC(246) DefNew: 19531K(19648K)->0K(19648K) Eden: 17359K(17472K)->0K(17472K) From: 2171K(2176K)->0K(2176K)
[2026-06-17T10:04:31.327+0800][13.229s][info][gc,heap        ] GC(246) Tenured: 40526K(43712K)->23670K(43712K)
[2026-06-17T10:04:31.327+0800][13.229s][info][gc,metaspace   ] GC(246) Metaspace: 116K(320K)->116K(320K) NonClass: 109K(192K)->109K(192K) Class: 7K(128K)->7K(128K)
[2026-06-17T10:04:31.328+0800][13.230s][info][gc             ] GC(246) Pause Full (Allocation Failure) 58M->23M(61M) 9.585ms
[2026-06-17T10:04:31.328+0800][13.230s][info][gc,cpu         ] GC(246) User=0.00s Sys=0.00s Real=0.01s
[2026-06-17T10:04:31.381+0800][13.283s][info][gc,start       ] GC(247) Pause Young (Allocation Failure)
[2026-06-17T10:04:31.382+0800][13.284s][info][gc,heap        ] GC(247) DefNew: 17456K(19648K)->2125K(19648K) Eden: 17456K(17472K)->0K(17472K) From: 0K(2176K)->2125K(2176K)
[2026-06-17T10:04:31.382+0800][13.284s][info][gc,heap        ] GC(247) Tenured: 23670K(43712K)->25202K(43712K)
[2026-06-17T10:04:31.387+0800][13.289s][info][gc,metaspace   ] GC(247) Metaspace: 116K(320K)->116K(320K) NonClass: 109K(192K)->109K(192K) Class: 7K(128K)->7K(128K)
[2026-06-17T10:04:31.388+0800][13.290s][info][gc             ] GC(247) Pause Young (Allocation Failure) 40M->26M(61M) 6.996ms
[2026-06-17T10:04:31.388+0800][13.290s][info][gc,cpu         ] GC(247) User=0.00s Sys=0.00s Real=0.01s
[2026-06-17T10:04:31.435+0800][13.337s][info][gc,start       ] GC(248) Pause Young (Allocation Failure)
[2026-06-17T10:04:31.437+0800][13.339s][info][gc,heap        ] GC(248) DefNew: 19559K(19648K)->2161K(19648K) Eden: 17433K(17472K)->0K(17472K) From: 2125K(2176K)->2161K(2176K)
[2026-06-17T10:04:31.437+0800][13.339s][info][gc,heap        ] GC(248) Tenured: 25202K(43712K)->28859K(43712K)
[2026-06-17T10:04:31.438+0800][13.340s][info][gc,metaspace   ] GC(248) Metaspace: 116K(320K)->116K(320K) NonClass: 109K(192K)->109K(192K) Class: 7K(128K)->7K(128K)
[2026-06-17T10:04:31.438+0800][13.340s][info][gc             ] GC(248) Pause Young (Allocation Failure) 43M->30M(61M) 3.013ms
[2026-06-17T10:04:31.439+0800][13.341s][info][gc,cpu         ] GC(248) User=0.00s Sys=0.00s Real=0.00s
[2026-06-17T10:04:31.481+0800][13.383s][info][gc,start       ] GC(249) Pause Young (Allocation Failure)
[2026-06-17T10:04:31.482+0800][13.384s][info][gc,heap        ] GC(249) DefNew: 19633K(19648K)->2078K(19648K) Eden: 17472K(17472K)->0K(17472K) From: 2161K(2176K)->2078K(2176K)
[2026-06-17T10:04:31.483+0800][13.385s][info][gc,heap        ] GC(249) Tenured: 28859K(43712K)->32594K(43712K)
[2026-06-17T10:04:31.483+0800][13.385s][info][gc,metaspace   ] GC(249) Metaspace: 116K(320K)->116K(320K) NonClass: 109K(192K)->109K(192K) Class: 7K(128K)->7K(128K)
[2026-06-17T10:04:31.483+0800][13.385s][info][gc             ] GC(249) Pause Young (Allocation Failure) 47M->33M(61M) 1.978ms
[2026-06-17T10:04:31.483+0800][13.386s][info][gc,cpu         ] GC(249) User=0.00s Sys=0.00s Real=0.01s
[2026-06-17T10:04:31.526+0800][13.429s][info][gc,start       ] GC(250) Pause Young (Allocation Failure)
[2026-06-17T10:04:31.529+0800][13.431s][info][gc,heap        ] GC(250) DefNew: 19542K(19648K)->2171K(19648K) Eden: 17464K(17472K)->0K(17472K) From: 2078K(2176K)->2171K(2176K)
[2026-06-17T10:04:31.529+0800][13.432s][info][gc,heap        ] GC(250) Tenured: 32594K(43712K)->35734K(43712K)
[2026-06-17T10:04:31.530+0800][13.432s][info][gc,metaspace   ] GC(250) Metaspace: 116K(320K)->116K(320K) NonClass: 109K(192K)->109K(192K) Class: 7K(128K)->7K(128K)
[2026-06-17T10:04:31.531+0800][13.433s][info][gc             ] GC(250) Pause Young (Allocation Failure) 50M->37M(61M) 4.133ms
[2026-06-17T10:04:31.531+0800][13.433s][info][gc,cpu         ] GC(250) User=0.00s Sys=0.01s Real=0.01s
[2026-06-17T10:04:31.575+0800][13.478s][info][gc,start       ] GC(251) Pause Young (Allocation Failure)
[2026-06-17T10:04:31.578+0800][13.480s][info][gc,heap        ] GC(251) DefNew: 19643K(19648K)->2064K(19648K) Eden: 17471K(17472K)->0K(17472K) From: 2171K(2176K)->2064K(2176K)
[2026-06-17T10:04:31.579+0800][13.481s][info][gc,heap        ] GC(251) Tenured: 35734K(43712K)->36675K(43712K)
[2026-06-17T10:04:31.579+0800][13.481s][info][gc,metaspace   ] GC(251) Metaspace: 116K(320K)->116K(320K) NonClass: 109K(192K)->109K(192K) Class: 7K(128K)->7K(128K)
[2026-06-17T10:04:31.580+0800][13.482s][info][gc             ] GC(251) Pause Young (Allocation Failure) 54M->37M(61M) 4.251ms
[2026-06-17T10:04:31.580+0800][13.482s][info][gc,cpu         ] GC(251) User=0.00s Sys=0.00s Real=0.00s
[2026-06-17T10:04:31.624+0800][13.526s][info][gc,start       ] GC(252) Pause Young (Allocation Failure)
[2026-06-17T10:04:31.625+0800][13.527s][info][gc,heap        ] GC(252) DefNew: 19262K(19648K)->2026K(19648K) Eden: 17197K(17472K)->0K(17472K) From: 2064K(2176K)->2026K(2176K)
[2026-06-17T10:04:31.626+0800][13.528s][info][gc,heap        ] GC(252) Tenured: 36675K(43712K)->39663K(43712K)
[2026-06-17T10:04:31.626+0800][13.528s][info][gc,metaspace   ] GC(252) Metaspace: 116K(320K)->116K(320K) NonClass: 109K(192K)->109K(192K) Class: 7K(128K)->7K(128K)
[2026-06-17T10:04:31.627+0800][13.529s][info][gc             ] GC(252) Pause Young (Allocation Failure) 54M->40M(61M) 3.033ms
[2026-06-17T10:04:31.627+0800][13.529s][info][gc,cpu         ] GC(252) User=0.01s Sys=0.00s Real=0.00s
[2026-06-17T10:04:31.682+0800][13.584s][info][gc,start       ] GC(253) Pause Full (Allocation Failure)
[2026-06-17T10:04:31.683+0800][13.585s][info][gc,phases,start] GC(253) Phase 1: Mark live objects
[2026-06-17T10:04:31.685+0800][13.587s][info][gc,phases      ] GC(253) Phase 1: Mark live objects 1.865ms
[2026-06-17T10:04:31.685+0800][13.588s][info][gc,phases,start] GC(253) Phase 2: Compute new object addresses
[2026-06-17T10:04:31.686+0800][13.589s][info][gc,phases      ] GC(253) Phase 2: Compute new object addresses 0.869ms
[2026-06-17T10:04:31.687+0800][13.589s][info][gc,phases,start] GC(253) Phase 3: Adjust pointers
[2026-06-17T10:04:31.688+0800][13.590s][info][gc,phases      ] GC(253) Phase 3: Adjust pointers 0.897ms
[2026-06-17T10:04:31.688+0800][13.591s][info][gc,phases,start] GC(253) Phase 4: Move objects
[2026-06-17T10:04:31.690+0800][13.593s][info][gc,phases      ] GC(253) Phase 4: Move objects 2.082ms
[2026-06-17T10:04:31.691+0800][13.593s][info][gc,heap        ] GC(253) DefNew: 19498K(19648K)->0K(19648K) Eden: 17472K(17472K)->0K(17472K) From: 2026K(2176K)->0K(2176K)
[2026-06-17T10:04:31.691+0800][13.593s][info][gc,heap        ] GC(253) Tenured: 39663K(43712K)->25761K(43712K)
[2026-06-17T10:04:31.692+0800][13.594s][info][gc,metaspace   ] GC(253) Metaspace: 116K(320K)->116K(320K) NonClass: 109K(192K)->109K(192K) Class: 7K(128K)->7K(128K)
[2026-06-17T10:04:31.692+0800][13.594s][info][gc             ] GC(253) Pause Full (Allocation Failure) 57M->25M(61M) 10.103ms
[2026-06-17T10:04:31.693+0800][13.595s][info][gc,cpu         ] GC(253) User=0.00s Sys=0.00s Real=0.02s
[2026-06-17T10:04:31.725+0800][13.627s][info][gc,start       ] GC(254) Pause Young (Allocation Failure)
[2026-06-17T10:04:31.726+0800][13.628s][info][gc,heap        ] GC(254) DefNew: 17336K(19648K)->2174K(19648K) Eden: 17336K(17472K)->0K(17472K) From: 0K(2176K)->2174K(2176K)
[2026-06-17T10:04:31.726+0800][13.628s][info][gc,heap        ] GC(254) Tenured: 25761K(43712K)->30101K(43712K)
[2026-06-17T10:04:31.727+0800][13.629s][info][gc,metaspace   ] GC(254) Metaspace: 116K(320K)->116K(320K) NonClass: 109K(192K)->109K(192K) Class: 7K(128K)->7K(128K)
[2026-06-17T10:04:31.727+0800][13.629s][info][gc             ] GC(254) Pause Young (Allocation Failure) 42M->31M(61M) 2.319ms
[2026-06-17T10:04:31.727+0800][13.630s][info][gc,cpu         ] GC(254) User=0.01s Sys=0.00s Real=0.00s
[2026-06-17T10:04:31.780+0800][13.682s][info][gc,start       ] GC(255) Pause Young (Allocation Failure)
[2026-06-17T10:04:31.781+0800][13.683s][info][gc,heap        ] GC(255) DefNew: 19646K(19648K)->2134K(19648K) Eden: 17472K(17472K)->0K(17472K) From: 2174K(2176K)->2134K(2176K)
[2026-06-17T10:04:31.782+0800][13.684s][info][gc,heap        ] GC(255) Tenured: 30101K(43712K)->33767K(43712K)
[2026-06-17T10:04:31.782+0800][13.684s][info][gc,metaspace   ] GC(255) Metaspace: 116K(320K)->116K(320K) NonClass: 109K(192K)->109K(192K) Class: 7K(128K)->7K(128K)
[2026-06-17T10:04:31.782+0800][13.684s][info][gc             ] GC(255) Pause Young (Allocation Failure) 48M->35M(61M) 2.129ms
[2026-06-17T10:04:31.783+0800][13.685s][info][gc,cpu         ] GC(255) User=0.00s Sys=0.00s Real=0.01s
[2026-06-17T10:04:31.825+0800][13.727s][info][gc,start       ] GC(256) Pause Young (Allocation Failure)
[2026-06-17T10:04:31.826+0800][13.729s][info][gc,heap        ] GC(256) DefNew: 19591K(19648K)->2170K(19648K) Eden: 17457K(17472K)->0K(17472K) From: 2134K(2176K)->2170K(2176K)
[2026-06-17T10:04:31.827+0800][13.729s][info][gc,heap        ] GC(256) Tenured: 33767K(43712K)->37573K(43712K)
[2026-06-17T10:04:31.828+0800][13.730s][info][gc,metaspace   ] GC(256) Metaspace: 116K(320K)->116K(320K) NonClass: 109K(192K)->109K(192K) Class: 7K(128K)->7K(128K)
[2026-06-17T10:04:31.828+0800][13.730s][info][gc             ] GC(256) Pause Young (Allocation Failure) 52M->38M(61M) 3.180ms
[2026-06-17T10:04:31.828+0800][13.731s][info][gc,cpu         ] GC(256) User=0.00s Sys=0.00s Real=0.00s
[2026-06-17T10:04:31.871+0800][13.773s][info][gc,start       ] GC(257) Pause Full (Allocation Failure)
[2026-06-17T10:04:31.871+0800][13.773s][info][gc,phases,start] GC(257) Phase 1: Mark live objects
[2026-06-17T10:04:31.872+0800][13.774s][info][gc,phases      ] GC(257) Phase 1: Mark live objects 0.879ms
[2026-06-17T10:04:31.872+0800][13.774s][info][gc,phases,start] GC(257) Phase 2: Compute new object addresses
[2026-06-17T10:04:31.873+0800][13.775s][info][gc,phases      ] GC(257) Phase 2: Compute new object addresses 0.609ms
[2026-06-17T10:04:31.873+0800][13.775s][info][gc,phases,start] GC(257) Phase 3: Adjust pointers
[2026-06-17T10:04:31.874+0800][13.776s][info][gc,phases      ] GC(257) Phase 3: Adjust pointers 0.456ms
[2026-06-17T10:04:31.874+0800][13.776s][info][gc,phases,start] GC(257) Phase 4: Move objects
[2026-06-17T10:04:31.876+0800][13.778s][info][gc,phases      ] GC(257) Phase 4: Move objects 1.858ms
[2026-06-17T10:04:31.876+0800][13.778s][info][gc,heap        ] GC(257) DefNew: 19642K(19648K)->0K(19648K) Eden: 17472K(17472K)->0K(17472K) From: 2170K(2176K)->0K(2176K)
[2026-06-17T10:04:31.876+0800][13.778s][info][gc,heap        ] GC(257) Tenured: 37573K(43712K)->33223K(43712K)
[2026-06-17T10:04:31.876+0800][13.779s][info][gc,metaspace   ] GC(257) Metaspace: 116K(320K)->116K(320K) NonClass: 109K(192K)->109K(192K) Class: 7K(128K)->7K(128K)
[2026-06-17T10:04:31.877+0800][13.779s][info][gc             ] GC(257) Pause Full (Allocation Failure) 55M->32M(61M) 5.755ms
[2026-06-17T10:04:31.877+0800][13.779s][info][gc,cpu         ] GC(257) User=0.00s Sys=0.00s Real=0.00s
[2026-06-17T10:04:31.929+0800][13.831s][info][gc,start       ] GC(258) Pause Young (Allocation Failure)
[2026-06-17T10:04:31.929+0800][13.832s][info][gc,heap        ] GC(258) DefNew: 17472K(19648K)->2077K(19648K) Eden: 17472K(17472K)->0K(17472K) From: 0K(2176K)->2077K(2176K)
[2026-06-17T10:04:31.930+0800][13.832s][info][gc,heap        ] GC(258) Tenured: 33223K(43712K)->34642K(43712K)
[2026-06-17T10:04:31.930+0800][13.832s][info][gc,metaspace   ] GC(258) Metaspace: 116K(320K)->116K(320K) NonClass: 109K(192K)->109K(192K) Class: 7K(128K)->7K(128K)
[2026-06-17T10:04:31.930+0800][13.832s][info][gc             ] GC(258) Pause Young (Allocation Failure) 49M->35M(61M) 1.459ms
[2026-06-17T10:04:31.930+0800][13.832s][info][gc,cpu         ] GC(258) User=0.00s Sys=0.00s Real=0.00s
[2026-06-17T10:04:31.972+0800][13.874s][info][gc,start       ] GC(259) Pause Young (Allocation Failure)
[2026-06-17T10:04:31.973+0800][13.875s][info][gc,heap        ] GC(259) DefNew: 19499K(19648K)->2121K(19648K) Eden: 17422K(17472K)->0K(17472K) From: 2077K(2176K)->2121K(2176K)
[2026-06-17T10:04:31.973+0800][13.875s][info][gc,heap        ] GC(259) Tenured: 34642K(43712K)->38678K(43712K)
[2026-06-17T10:04:31.973+0800][13.876s][info][gc,metaspace   ] GC(259) Metaspace: 116K(320K)->116K(320K) NonClass: 109K(192K)->109K(192K) Class: 7K(128K)->7K(128K)
[2026-06-17T10:04:31.974+0800][13.876s][info][gc             ] GC(259) Pause Young (Allocation Failure) 52M->39M(61M) 1.451ms
[2026-06-17T10:04:31.974+0800][13.876s][info][gc,cpu         ] GC(259) User=0.00s Sys=0.00s Real=0.00s
[2026-06-17T10:04:32.016+0800][13.918s][info][gc,start       ] GC(260) Pause Full (Allocation Failure)
[2026-06-17T10:04:32.016+0800][13.918s][info][gc,phases,start] GC(260) Phase 1: Mark live objects
[2026-06-17T10:04:32.017+0800][13.919s][info][gc,phases      ] GC(260) Phase 1: Mark live objects 0.795ms
[2026-06-17T10:04:32.017+0800][13.919s][info][gc,phases,start] GC(260) Phase 2: Compute new object addresses
[2026-06-17T10:04:32.017+0800][13.920s][info][gc,phases      ] GC(260) Phase 2: Compute new object addresses 0.418ms
[2026-06-17T10:04:32.018+0800][13.920s][info][gc,phases,start] GC(260) Phase 3: Adjust pointers
[2026-06-17T10:04:32.018+0800][13.920s][info][gc,phases      ] GC(260) Phase 3: Adjust pointers 0.526ms
[2026-06-17T10:04:32.018+0800][13.921s][info][gc,phases,start] GC(260) Phase 4: Move objects
[2026-06-17T10:04:32.020+0800][13.922s][info][gc,phases      ] GC(260) Phase 4: Move objects 1.902ms
[2026-06-17T10:04:32.021+0800][13.923s][info][gc,heap        ] GC(260) DefNew: 19593K(19648K)->0K(19648K) Eden: 17471K(17472K)->0K(17472K) From: 2121K(2176K)->0K(2176K)
[2026-06-17T10:04:32.021+0800][13.923s][info][gc,heap        ] GC(260) Tenured: 38678K(43712K)->29388K(43712K)
[2026-06-17T10:04:32.021+0800][13.923s][info][gc,metaspace   ] GC(260) Metaspace: 116K(320K)->116K(320K) NonClass: 109K(192K)->109K(192K) Class: 7K(128K)->7K(128K)
[2026-06-17T10:04:32.021+0800][13.923s][info][gc             ] GC(260) Pause Full (Allocation Failure) 56M->28M(61M) 5.436ms
[2026-06-17T10:04:32.021+0800][13.923s][info][gc,cpu         ] GC(260) User=0.00s Sys=0.00s Real=0.00s
[2026-06-17T10:04:32.063+0800][13.965s][info][gc,start       ] GC(261) Pause Young (Allocation Failure)
[2026-06-17T10:04:32.064+0800][13.966s][info][gc,heap        ] GC(261) DefNew: 17472K(19648K)->2026K(19648K) Eden: 17472K(17472K)->0K(17472K) From: 0K(2176K)->2026K(2176K)
[2026-06-17T10:04:32.064+0800][13.966s][info][gc,heap        ] GC(261) Tenured: 29388K(43712K)->31111K(43712K)
[2026-06-17T10:04:32.064+0800][13.966s][info][gc,metaspace   ] GC(261) Metaspace: 116K(320K)->116K(320K) NonClass: 109K(192K)->109K(192K) Class: 7K(128K)->7K(128K)
[2026-06-17T10:04:32.064+0800][13.967s][info][gc             ] GC(261) Pause Young (Allocation Failure) 45M->32M(61M) 1.343ms
[2026-06-17T10:04:32.064+0800][13.967s][info][gc,cpu         ] GC(261) User=0.00s Sys=0.00s Real=0.00s
[2026-06-17T10:04:32.106+0800][14.008s][info][gc,start       ] GC(262) Pause Young (Allocation Failure)
[2026-06-17T10:04:32.107+0800][14.010s][info][gc,heap        ] GC(262) DefNew: 19498K(19648K)->2174K(19648K) Eden: 17471K(17472K)->0K(17472K) From: 2026K(2176K)->2174K(2176K)
[2026-06-17T10:04:32.108+0800][14.010s][info][gc,heap        ] GC(262) Tenured: 31111K(43712K)->38409K(43712K)
[2026-06-17T10:04:32.108+0800][14.010s][info][gc,metaspace   ] GC(262) Metaspace: 116K(320K)->116K(320K) NonClass: 109K(192K)->109K(192K) Class: 7K(128K)->7K(128K)
[2026-06-17T10:04:32.108+0800][14.010s][info][gc             ] GC(262) Pause Young (Allocation Failure) 49M->39M(61M) 2.025ms
[2026-06-17T10:04:32.108+0800][14.010s][info][gc,cpu         ] GC(262) User=0.01s Sys=0.00s Real=0.00s
[2026-06-17T10:04:32.160+0800][14.062s][info][gc,start       ] GC(263) Pause Full (Allocation Failure)
[2026-06-17T10:04:32.161+0800][14.063s][info][gc,phases,start] GC(263) Phase 1: Mark live objects
[2026-06-17T10:04:32.161+0800][14.064s][info][gc,phases      ] GC(263) Phase 1: Mark live objects 0.836ms
[2026-06-17T10:04:32.162+0800][14.064s][info][gc,phases,start] GC(263) Phase 2: Compute new object addresses
[2026-06-17T10:04:32.162+0800][14.064s][info][gc,phases      ] GC(263) Phase 2: Compute new object addresses 0.397ms
[2026-06-17T10:04:32.162+0800][14.064s][info][gc,phases,start] GC(263) Phase 3: Adjust pointers
[2026-06-17T10:04:32.163+0800][14.065s][info][gc,phases      ] GC(263) Phase 3: Adjust pointers 0.473ms
[2026-06-17T10:04:32.163+0800][14.065s][info][gc,phases,start] GC(263) Phase 4: Move objects
[2026-06-17T10:04:32.165+0800][14.067s][info][gc,phases      ] GC(263) Phase 4: Move objects 1.641ms
[2026-06-17T10:04:32.165+0800][14.067s][info][gc,heap        ] GC(263) DefNew: 19614K(19648K)->0K(19648K) Eden: 17440K(17472K)->0K(17472K) From: 2174K(2176K)->0K(2176K)
[2026-06-17T10:04:32.165+0800][14.067s][info][gc,heap        ] GC(263) Tenured: 38409K(43712K)->28365K(43712K)
[2026-06-17T10:04:32.165+0800][14.067s][info][gc,metaspace   ] GC(263) Metaspace: 116K(320K)->116K(320K) NonClass: 109K(192K)->109K(192K) Class: 7K(128K)->7K(128K)
[2026-06-17T10:04:32.166+0800][14.068s][info][gc             ] GC(263) Pause Full (Allocation Failure) 56M->27M(61M) 5.440ms
[2026-06-17T10:04:32.166+0800][14.068s][info][gc,cpu         ] GC(263) User=0.00s Sys=0.00s Real=0.01s
[2026-06-17T10:04:32.208+0800][14.110s][info][gc,start       ] GC(264) Pause Young (Allocation Failure)
[2026-06-17T10:04:32.213+0800][14.115s][info][gc,heap        ] GC(264) DefNew: 17468K(19648K)->2174K(19648K) Eden: 17468K(17472K)->0K(17472K) From: 0K(2176K)->2174K(2176K)
[2026-06-17T10:04:32.214+0800][14.116s][info][gc,heap        ] GC(264) Tenured: 28365K(43712K)->33251K(43712K)
[2026-06-17T10:04:32.214+0800][14.116s][info][gc,metaspace   ] GC(264) Metaspace: 116K(320K)->116K(320K) NonClass: 109K(192K)->109K(192K) Class: 7K(128K)->7K(128K)
[2026-06-17T10:04:32.215+0800][14.117s][info][gc             ] GC(264) Pause Young (Allocation Failure) 44M->34M(61M) 7.101ms
[2026-06-17T10:04:32.215+0800][14.117s][info][gc,cpu         ] GC(264) User=0.00s Sys=0.00s Real=0.01s
[2026-06-17T10:04:32.257+0800][14.159s][info][gc,start       ] GC(265) Pause Young (Allocation Failure)
[2026-06-17T10:04:32.258+0800][14.160s][info][gc,heap        ] GC(265) DefNew: 19643K(19648K)->2118K(19648K) Eden: 17469K(17472K)->0K(17472K) From: 2174K(2176K)->2118K(2176K)
[2026-06-17T10:04:32.258+0800][14.160s][info][gc,heap        ] GC(265) Tenured: 33251K(43712K)->36380K(43712K)
[2026-06-17T10:04:32.258+0800][14.160s][info][gc,metaspace   ] GC(265) Metaspace: 116K(320K)->116K(320K) NonClass: 109K(192K)->109K(192K) Class: 7K(128K)->7K(128K)
[2026-06-17T10:04:32.258+0800][14.160s][info][gc             ] GC(265) Pause Young (Allocation Failure) 51M->37M(61M) 1.475ms
[2026-06-17T10:04:32.258+0800][14.160s][info][gc,cpu         ] GC(265) User=0.00s Sys=0.00s Real=0.00s
[2026-06-17T10:04:32.300+0800][14.202s][info][gc,start       ] GC(266) Pause Young (Allocation Failure)
[2026-06-17T10:04:32.301+0800][14.203s][info][gc,heap        ] GC(266) DefNew: 19550K(19648K)->2069K(19648K) Eden: 17431K(17472K)->0K(17472K) From: 2118K(2176K)->2069K(2176K)
[2026-06-17T10:04:32.301+0800][14.203s][info][gc,heap        ] GC(266) Tenured: 36380K(43712K)->39512K(43712K)
[2026-06-17T10:04:32.301+0800][14.203s][info][gc,metaspace   ] GC(266) Metaspace: 116K(320K)->116K(320K) NonClass: 109K(192K)->109K(192K) Class: 7K(128K)->7K(128K)
[2026-06-17T10:04:32.302+0800][14.204s][info][gc             ] GC(266) Pause Young (Allocation Failure) 54M->40M(61M) 1.400ms
[2026-06-17T10:04:32.302+0800][14.204s][info][gc,cpu         ] GC(266) User=0.00s Sys=0.00s Real=0.00s
[2026-06-17T10:04:32.343+0800][14.245s][info][gc,start       ] GC(267) Pause Full (Allocation Failure)
[2026-06-17T10:04:32.344+0800][14.246s][info][gc,phases,start] GC(267) Phase 1: Mark live objects
[2026-06-17T10:04:32.345+0800][14.247s][info][gc,phases      ] GC(267) Phase 1: Mark live objects 1.063ms
[2026-06-17T10:04:32.345+0800][14.247s][info][gc,phases,start] GC(267) Phase 2: Compute new object addresses
[2026-06-17T10:04:32.345+0800][14.248s][info][gc,phases      ] GC(267) Phase 2: Compute new object addresses 0.413ms
[2026-06-17T10:04:32.346+0800][14.248s][info][gc,phases,start] GC(267) Phase 3: Adjust pointers
[2026-06-17T10:04:32.346+0800][14.248s][info][gc,phases      ] GC(267) Phase 3: Adjust pointers 0.401ms
[2026-06-17T10:04:32.346+0800][14.248s][info][gc,phases,start] GC(267) Phase 4: Move objects
[2026-06-17T10:04:32.348+0800][14.251s][info][gc,phases      ] GC(267) Phase 4: Move objects 2.112ms
[2026-06-17T10:04:32.349+0800][14.251s][info][gc,heap        ] GC(267) DefNew: 19541K(19648K)->0K(19648K) Eden: 17472K(17472K)->0K(17472K) From: 2069K(2176K)->0K(2176K)
[2026-06-17T10:04:32.349+0800][14.251s][info][gc,heap        ] GC(267) Tenured: 39512K(43712K)->26746K(43712K)
[2026-06-17T10:04:32.349+0800][14.251s][info][gc,metaspace   ] GC(267) Metaspace: 116K(320K)->116K(320K) NonClass: 109K(192K)->109K(192K) Class: 7K(128K)->7K(128K)
[2026-06-17T10:04:32.349+0800][14.251s][info][gc             ] GC(267) Pause Full (Allocation Failure) 57M->26M(61M) 5.895ms
[2026-06-17T10:04:32.349+0800][14.251s][info][gc,cpu         ] GC(267) User=0.00s Sys=0.00s Real=0.00s
[2026-06-17T10:04:32.401+0800][14.303s][info][gc,start       ] GC(268) Pause Young (Allocation Failure)
[2026-06-17T10:04:32.403+0800][14.306s][info][gc,heap        ] GC(268) DefNew: 17449K(19648K)->2092K(19648K) Eden: 17449K(17472K)->0K(17472K) From: 0K(2176K)->2092K(2176K)
[2026-06-17T10:04:32.404+0800][14.306s][info][gc,heap        ] GC(268) Tenured: 26746K(43712K)->28371K(43712K)
[2026-06-17T10:04:32.404+0800][14.306s][info][gc,metaspace   ] GC(268) Metaspace: 116K(320K)->116K(320K) NonClass: 109K(192K)->109K(192K) Class: 7K(128K)->7K(128K)
[2026-06-17T10:04:32.404+0800][14.306s][info][gc             ] GC(268) Pause Young (Allocation Failure) 43M->29M(61M) 2.845ms
[2026-06-17T10:04:32.404+0800][14.306s][info][gc,cpu         ] GC(268) User=0.00s Sys=0.00s Real=0.01s
[2026-06-17T10:04:32.436+0800][14.338s][info][gc,start       ] GC(269) Pause Young (Allocation Failure)
[2026-06-17T10:04:32.437+0800][14.339s][info][gc,heap        ] GC(269) DefNew: 19223K(19648K)->2159K(19648K) Eden: 17130K(17472K)->0K(17472K) From: 2092K(2176K)->2159K(2176K)
[2026-06-17T10:04:32.437+0800][14.339s][info][gc,heap        ] GC(269) Tenured: 28371K(43712K)->32064K(43712K)
[2026-06-17T10:04:32.437+0800][14.339s][info][gc,metaspace   ] GC(269) Metaspace: 116K(320K)->116K(320K) NonClass: 109K(192K)->109K(192K) Class: 7K(128K)->7K(128K)
[2026-06-17T10:04:32.437+0800][14.339s][info][gc             ] GC(269) Pause Young (Allocation Failure) 46M->33M(61M) 1.449ms
[2026-06-17T10:04:32.437+0800][14.340s][info][gc,cpu         ] GC(269) User=0.00s Sys=0.00s Real=0.00s
[2026-06-17T10:04:32.479+0800][14.381s][info][gc,start       ] GC(270) Pause Young (Allocation Failure)
[2026-06-17T10:04:32.498+0800][14.401s][info][gc,heap        ] GC(270) DefNew: 19620K(19648K)->2167K(19648K) Eden: 17461K(17472K)->0K(17472K) From: 2159K(2176K)->2167K(2176K)
[2026-06-17T10:04:32.499+0800][14.401s][info][gc,heap        ] GC(270) Tenured: 32064K(43712K)->38799K(43712K)
[2026-06-17T10:04:32.499+0800][14.401s][info][gc,metaspace   ] GC(270) Metaspace: 116K(320K)->116K(320K) NonClass: 109K(192K)->109K(192K) Class: 7K(128K)->7K(128K)
[2026-06-17T10:04:32.499+0800][14.401s][info][gc             ] GC(270) Pause Young (Allocation Failure) 50M->40M(61M) 19.825ms
[2026-06-17T10:04:32.499+0800][14.401s][info][gc,cpu         ] GC(270) User=0.00s Sys=0.00s Real=0.02s
[2026-06-17T10:04:32.551+0800][14.453s][info][gc,start       ] GC(271) Pause Full (Allocation Failure)
[2026-06-17T10:04:32.552+0800][14.454s][info][gc,phases,start] GC(271) Phase 1: Mark live objects
[2026-06-17T10:04:32.553+0800][14.455s][info][gc,phases      ] GC(271) Phase 1: Mark live objects 0.852ms
[2026-06-17T10:04:32.553+0800][14.455s][info][gc,phases,start] GC(271) Phase 2: Compute new object addresses
[2026-06-17T10:04:32.554+0800][14.456s][info][gc,phases      ] GC(271) Phase 2: Compute new object addresses 0.659ms
[2026-06-17T10:04:32.554+0800][14.456s][info][gc,phases,start] GC(271) Phase 3: Adjust pointers
[2026-06-17T10:04:32.554+0800][14.457s][info][gc,phases      ] GC(271) Phase 3: Adjust pointers 0.575ms
[2026-06-17T10:04:32.555+0800][14.457s][info][gc,phases,start] GC(271) Phase 4: Move objects
[2026-06-17T10:04:32.556+0800][14.459s][info][gc,phases      ] GC(271) Phase 4: Move objects 1.810ms
[2026-06-17T10:04:32.557+0800][14.459s][info][gc,heap        ] GC(271) DefNew: 19639K(19648K)->0K(19648K) Eden: 17472K(17472K)->0K(17472K) From: 2167K(2176K)->0K(2176K)
[2026-06-17T10:04:32.557+0800][14.459s][info][gc,heap        ] GC(271) Tenured: 38799K(43712K)->26758K(43712K)
[2026-06-17T10:04:32.557+0800][14.459s][info][gc,metaspace   ] GC(271) Metaspace: 116K(320K)->116K(320K) NonClass: 109K(192K)->109K(192K) Class: 7K(128K)->7K(128K)
[2026-06-17T10:04:32.557+0800][14.460s][info][gc             ] GC(271) Pause Full (Allocation Failure) 57M->26M(61M) 6.014ms
[2026-06-17T10:04:32.557+0800][14.460s][info][gc,cpu         ] GC(271) User=0.00s Sys=0.00s Real=0.00s
[2026-06-17T10:04:32.599+0800][14.501s][info][gc,start       ] GC(272) Pause Young (Allocation Failure)
[2026-06-17T10:04:32.600+0800][14.502s][info][gc,heap        ] GC(272) DefNew: 17472K(19648K)->2172K(19648K) Eden: 17472K(17472K)->0K(17472K) From: 0K(2176K)->2172K(2176K)
[2026-06-17T10:04:32.601+0800][14.503s][info][gc,heap        ] GC(272) Tenured: 26758K(43712K)->31635K(43712K)
[2026-06-17T10:04:32.601+0800][14.503s][info][gc,metaspace   ] GC(272) Metaspace: 116K(320K)->116K(320K) NonClass: 109K(192K)->109K(192K) Class: 7K(128K)->7K(128K)
[2026-06-17T10:04:32.602+0800][14.504s][info][gc             ] GC(272) Pause Young (Allocation Failure) 43M->33M(61M) 2.311ms
[2026-06-17T10:04:32.602+0800][14.504s][info][gc,cpu         ] GC(272) User=0.00s Sys=0.00s Real=0.00s
[2026-06-17T10:04:32.644+0800][14.546s][info][gc,start       ] GC(273) Pause Young (Allocation Failure)
[2026-06-17T10:04:32.646+0800][14.548s][info][gc,heap        ] GC(273) DefNew: 19607K(19648K)->2171K(19648K) Eden: 17435K(17472K)->0K(17472K) From: 2172K(2176K)->2171K(2176K)
[2026-06-17T10:04:32.647+0800][14.549s][info][gc,heap        ] GC(273) Tenured: 31635K(43712K)->36642K(43712K)
[2026-06-17T10:04:32.649+0800][14.551s][info][gc,metaspace   ] GC(273) Metaspace: 116K(320K)->116K(320K) NonClass: 109K(192K)->109K(192K) Class: 7K(128K)->7K(128K)
[2026-06-17T10:04:32.650+0800][14.552s][info][gc             ] GC(273) Pause Young (Allocation Failure) 50M->37M(61M) 5.512ms
[2026-06-17T10:04:32.650+0800][14.552s][info][gc,cpu         ] GC(273) User=0.00s Sys=0.00s Real=0.00s
[2026-06-17T10:04:32.692+0800][14.594s][info][gc,start       ] GC(274) Pause Full (Allocation Failure)
[2026-06-17T10:04:32.693+0800][14.595s][info][gc,phases,start] GC(274) Phase 1: Mark live objects
[2026-06-17T10:04:32.694+0800][14.596s][info][gc,phases      ] GC(274) Phase 1: Mark live objects 0.875ms
[2026-06-17T10:04:32.694+0800][14.596s][info][gc,phases,start] GC(274) Phase 2: Compute new object addresses
[2026-06-17T10:04:32.694+0800][14.596s][info][gc,phases      ] GC(274) Phase 2: Compute new object addresses 0.443ms
[2026-06-17T10:04:32.694+0800][14.597s][info][gc,phases,start] GC(274) Phase 3: Adjust pointers
[2026-06-17T10:04:32.695+0800][14.597s][info][gc,phases      ] GC(274) Phase 3: Adjust pointers 0.455ms
[2026-06-17T10:04:32.695+0800][14.597s][info][gc,phases,start] GC(274) Phase 4: Move objects
[2026-06-17T10:04:32.697+0800][14.600s][info][gc,phases      ] GC(274) Phase 4: Move objects 2.306ms
[2026-06-17T10:04:32.698+0800][14.600s][info][gc,heap        ] GC(274) DefNew: 19637K(19648K)->0K(19648K) Eden: 17466K(17472K)->0K(17472K) From: 2171K(2176K)->0K(2176K)
[2026-06-17T10:04:32.698+0800][14.600s][info][gc,heap        ] GC(274) Tenured: 36642K(43712K)->27671K(43712K)
[2026-06-17T10:04:32.698+0800][14.600s][info][gc,metaspace   ] GC(274) Metaspace: 116K(320K)->116K(320K) NonClass: 109K(192K)->109K(192K) Class: 7K(128K)->7K(128K)
[2026-06-17T10:04:32.698+0800][14.600s][info][gc             ] GC(274) Pause Full (Allocation Failure) 54M->27M(61M) 5.948ms
[2026-06-17T10:04:32.698+0800][14.601s][info][gc,cpu         ] GC(274) User=0.00s Sys=0.00s Real=0.00s
[2026-06-17T10:04:32.750+0800][14.653s][info][gc,start       ] GC(275) Pause Young (Allocation Failure)
[2026-06-17T10:04:32.751+0800][14.654s][info][gc,heap        ] GC(275) DefNew: 17472K(19648K)->2083K(19648K) Eden: 17472K(17472K)->0K(17472K) From: 0K(2176K)->2083K(2176K)
[2026-06-17T10:04:32.752+0800][14.654s][info][gc,heap        ] GC(275) Tenured: 27671K(43712K)->29774K(43712K)
[2026-06-17T10:04:32.752+0800][14.654s][info][gc,metaspace   ] GC(275) Metaspace: 116K(320K)->116K(320K) NonClass: 109K(192K)->109K(192K) Class: 7K(128K)->7K(128K)
[2026-06-17T10:04:32.752+0800][14.654s][info][gc             ] GC(275) Pause Young (Allocation Failure) 44M->31M(61M) 1.533ms
[2026-06-17T10:04:32.752+0800][14.654s][info][gc,cpu         ] GC(275) User=0.00s Sys=0.00s Real=0.00s
[2026-06-17T10:04:32.794+0800][14.696s][info][gc,start       ] GC(276) Pause Young (Allocation Failure)
[2026-06-17T10:04:32.801+0800][14.703s][info][gc,heap        ] GC(276) DefNew: 19546K(19648K)->2165K(19648K) Eden: 17462K(17472K)->0K(17472K) From: 2083K(2176K)->2165K(2176K)
[2026-06-17T10:04:32.804+0800][14.706s][info][gc,heap        ] GC(276) Tenured: 29774K(43712K)->32961K(43712K)
[2026-06-17T10:04:32.804+0800][14.706s][info][gc,metaspace   ] GC(276) Metaspace: 116K(320K)->116K(320K) NonClass: 109K(192K)->109K(192K) Class: 7K(128K)->7K(128K)
[2026-06-17T10:04:32.805+0800][14.707s][info][gc             ] GC(276) Pause Young (Allocation Failure) 48M->34M(61M) 10.524ms
[2026-06-17T10:04:32.805+0800][14.707s][info][gc,cpu         ] GC(276) User=0.00s Sys=0.00s Real=0.01s
[2026-06-17T10:04:32.837+0800][14.740s][info][gc,start       ] GC(277) Pause Young (Allocation Failure)
[2026-06-17T10:04:32.870+0800][14.772s][info][gc,heap        ] GC(277) DefNew: 19579K(19648K)->2132K(19648K) Eden: 17414K(17472K)->0K(17472K) From: 2165K(2176K)->2132K(2176K)
[2026-06-17T10:04:32.875+0800][14.777s][info][gc,heap        ] GC(277) Tenured: 32961K(43712K)->36304K(43712K)
[2026-06-17T10:04:32.876+0800][14.778s][info][gc,metaspace   ] GC(277) Metaspace: 116K(320K)->116K(320K) NonClass: 109K(192K)->109K(192K) Class: 7K(128K)->7K(128K)
[2026-06-17T10:04:32.877+0800][14.779s][info][gc             ] GC(277) Pause Young (Allocation Failure) 51M->37M(61M) 39.620ms
[2026-06-17T10:04:32.882+0800][14.784s][info][gc,cpu         ] GC(277) User=0.00s Sys=0.00s Real=0.04s
[2026-06-17T10:04:32.939+0800][14.841s][info][gc,start       ] GC(278) Pause Young (Allocation Failure)
[2026-06-17T10:04:32.940+0800][14.842s][info][gc,heap        ] GC(278) DefNew: 19583K(19648K)->2143K(19648K) Eden: 17451K(17472K)->0K(17472K) From: 2132K(2176K)->2143K(2176K)
[2026-06-17T10:04:32.940+0800][14.842s][info][gc,heap        ] GC(278) Tenured: 36304K(43712K)->39331K(43712K)
[2026-06-17T10:04:32.940+0800][14.842s][info][gc,metaspace   ] GC(278) Metaspace: 116K(320K)->116K(320K) NonClass: 109K(192K)->109K(192K) Class: 7K(128K)->7K(128K)
[2026-06-17T10:04:32.940+0800][14.843s][info][gc             ] GC(278) Pause Young (Allocation Failure) 54M->40M(61M) 1.722ms
[2026-06-17T10:04:32.941+0800][14.843s][info][gc,cpu         ] GC(278) User=0.00s Sys=0.00s Real=0.00s
[2026-06-17T10:04:32.982+0800][14.885s][info][gc,start       ] GC(279) Pause Full (Allocation Failure)
[2026-06-17T10:04:32.985+0800][14.887s][info][gc,phases,start] GC(279) Phase 1: Mark live objects
[2026-06-17T10:04:32.989+0800][14.891s][info][gc,phases      ] GC(279) Phase 1: Mark live objects 4.527ms
[2026-06-17T10:04:32.990+0800][14.892s][info][gc,phases,start] GC(279) Phase 2: Compute new object addresses
[2026-06-17T10:04:32.992+0800][14.894s][info][gc,phases      ] GC(279) Phase 2: Compute new object addresses 2.165ms
[2026-06-17T10:04:32.994+0800][14.896s][info][gc,phases,start] GC(279) Phase 3: Adjust pointers
[2026-06-17T10:04:32.995+0800][14.897s][info][gc,phases      ] GC(279) Phase 3: Adjust pointers 1.092ms
[2026-06-17T10:04:32.998+0800][14.900s][info][gc,phases,start] GC(279) Phase 4: Move objects
[2026-06-17T10:04:33.004+0800][14.906s][info][gc,phases      ] GC(279) Phase 4: Move objects 5.901ms
[2026-06-17T10:04:33.005+0800][14.908s][info][gc,heap        ] GC(279) DefNew: 19575K(19648K)->0K(19648K) Eden: 17431K(17472K)->0K(17472K) From: 2143K(2176K)->0K(2176K)
[2026-06-17T10:04:33.008+0800][14.910s][info][gc,heap        ] GC(279) Tenured: 39331K(43712K)->32383K(43712K)
[2026-06-17T10:04:33.011+0800][14.914s][info][gc,metaspace   ] GC(279) Metaspace: 116K(320K)->116K(320K) NonClass: 109K(192K)->109K(192K) Class: 7K(128K)->7K(128K)
[2026-06-17T10:04:33.012+0800][14.914s][info][gc             ] GC(279) Pause Full (Allocation Failure) 57M->31M(61M) 29.388ms
[2026-06-17T10:04:33.014+0800][14.916s][info][gc,cpu         ] GC(279) User=0.00s Sys=0.00s Real=0.03s
[2026-06-17T10:04:33.056+0800][14.958s][info][gc,start       ] GC(280) Pause Young (Allocation Failure)
[2026-06-17T10:04:33.057+0800][14.959s][info][gc,heap        ] GC(280) DefNew: 17443K(19648K)->2174K(19648K) Eden: 17443K(17472K)->0K(17472K) From: 0K(2176K)->2174K(2176K)
[2026-06-17T10:04:33.057+0800][14.960s][info][gc,heap        ] GC(280) Tenured: 32383K(43712K)->36894K(43712K)
[2026-06-17T10:04:33.058+0800][14.960s][info][gc,metaspace   ] GC(280) Metaspace: 116K(320K)->116K(320K) NonClass: 109K(192K)->109K(192K) Class: 7K(128K)->7K(128K)
[2026-06-17T10:04:33.058+0800][14.960s][info][gc             ] GC(280) Pause Young (Allocation Failure) 48M->38M(61M) 2.065ms
[2026-06-17T10:04:33.058+0800][14.961s][info][gc,cpu         ] GC(280) User=0.00s Sys=0.00s Real=0.00s
[2026-06-17T10:04:33.101+0800][15.003s][info][gc,start       ] GC(281) Pause Young (Allocation Failure)
[2026-06-17T10:04:33.101+0800][15.004s][info][gc,heap        ] GC(281) DefNew: 19625K(19648K)->2175K(19648K) Eden: 17451K(17472K)->0K(17472K) From: 2174K(2176K)->2175K(2176K)
[2026-06-17T10:04:33.102+0800][15.004s][info][gc,heap        ] GC(281) Tenured: 36894K(43712K)->41634K(43712K)
[2026-06-17T10:04:33.102+0800][15.004s][info][gc,metaspace   ] GC(281) Metaspace: 116K(320K)->116K(320K) NonClass: 109K(192K)->109K(192K) Class: 7K(128K)->7K(128K)
[2026-06-17T10:04:33.103+0800][15.005s][info][gc             ] GC(281) Pause Young (Allocation Failure) 55M->42M(61M) 2.096ms
[2026-06-17T10:04:33.103+0800][15.005s][info][gc,cpu         ] GC(281) User=0.00s Sys=0.00s Real=0.01s
[2026-06-17T10:04:33.145+0800][15.047s][info][gc,start       ] GC(282) Pause Full (Allocation Failure)
[2026-06-17T10:04:33.145+0800][15.048s][info][gc,phases,start] GC(282) Phase 1: Mark live objects
[2026-06-17T10:04:33.146+0800][15.048s][info][gc,phases      ] GC(282) Phase 1: Mark live objects 0.907ms
[2026-06-17T10:04:33.147+0800][15.049s][info][gc,phases,start] GC(282) Phase 2: Compute new object addresses
[2026-06-17T10:04:33.147+0800][15.049s][info][gc,phases      ] GC(282) Phase 2: Compute new object addresses 0.534ms
[2026-06-17T10:04:33.148+0800][15.050s][info][gc,phases,start] GC(282) Phase 3: Adjust pointers
[2026-06-17T10:04:33.148+0800][15.050s][info][gc,phases      ] GC(282) Phase 3: Adjust pointers 0.562ms
[2026-06-17T10:04:33.148+0800][15.050s][info][gc,phases,start] GC(282) Phase 4: Move objects
[2026-06-17T10:04:33.150+0800][15.052s][info][gc,phases      ] GC(282) Phase 4: Move objects 1.880ms
[2026-06-17T10:04:33.151+0800][15.053s][info][gc,heap        ] GC(282) DefNew: 19556K(19648K)->0K(19648K) Eden: 17381K(17472K)->0K(17472K) From: 2175K(2176K)->0K(2176K)
[2026-06-17T10:04:33.151+0800][15.054s][info][gc,heap        ] GC(282) Tenured: 41634K(43712K)->29538K(43712K)
[2026-06-17T10:04:33.152+0800][15.054s][info][gc,metaspace   ] GC(282) Metaspace: 116K(320K)->116K(320K) NonClass: 109K(192K)->109K(192K) Class: 7K(128K)->7K(128K)
[2026-06-17T10:04:33.152+0800][15.054s][info][gc             ] GC(282) Pause Full (Allocation Failure) 59M->28M(61M) 7.272ms
[2026-06-17T10:04:33.153+0800][15.055s][info][gc,cpu         ] GC(282) User=0.01s Sys=0.00s Real=0.01s
[2026-06-17T10:04:33.206+0800][15.109s][info][gc,start       ] GC(283) Pause Young (Allocation Failure)
[2026-06-17T10:04:33.207+0800][15.110s][info][gc,heap        ] GC(283) DefNew: 17467K(19648K)->2093K(19648K) Eden: 17467K(17472K)->0K(17472K) From: 0K(2176K)->2093K(2176K)
[2026-06-17T10:04:33.208+0800][15.110s][info][gc,heap        ] GC(283) Tenured: 29538K(43712K)->30804K(43712K)
[2026-06-17T10:04:33.208+0800][15.110s][info][gc,metaspace   ] GC(283) Metaspace: 116K(320K)->116K(320K) NonClass: 109K(192K)->109K(192K) Class: 7K(128K)->7K(128K)
[2026-06-17T10:04:33.209+0800][15.111s][info][gc             ] GC(283) Pause Young (Allocation Failure) 45M->32M(61M) 2.102ms
[2026-06-17T10:04:33.209+0800][15.111s][info][gc,cpu         ] GC(283) User=0.00s Sys=0.00s Real=0.00s
[2026-06-17T10:04:33.251+0800][15.153s][info][gc,start       ] GC(284) Pause Young (Allocation Failure)
[2026-06-17T10:04:33.251+0800][15.154s][info][gc,heap        ] GC(284) DefNew: 19552K(19648K)->2169K(19648K) Eden: 17458K(17472K)->0K(17472K) From: 2093K(2176K)->2169K(2176K)
[2026-06-17T10:04:33.252+0800][15.154s][info][gc,heap        ] GC(284) Tenured: 30804K(43712K)->33773K(43712K)
[2026-06-17T10:04:33.252+0800][15.154s][info][gc,metaspace   ] GC(284) Metaspace: 116K(320K)->116K(320K) NonClass: 109K(192K)->109K(192K) Class: 7K(128K)->7K(128K)
[2026-06-17T10:04:33.252+0800][15.154s][info][gc             ] GC(284) Pause Young (Allocation Failure) 49M->35M(61M) 1.332ms
[2026-06-17T10:04:33.252+0800][15.154s][info][gc,cpu         ] GC(284) User=0.00s Sys=0.00s Real=0.00s
[2026-06-17T10:04:33.294+0800][15.196s][info][gc,start       ] GC(285) Pause Young (Allocation Failure)
[2026-06-17T10:04:33.295+0800][15.197s][info][gc,heap        ] GC(285) DefNew: 19641K(19648K)->2164K(19648K) Eden: 17472K(17472K)->0K(17472K) From: 2169K(2176K)->2164K(2176K)
[2026-06-17T10:04:33.295+0800][15.197s][info][gc,heap        ] GC(285) Tenured: 33773K(43712K)->37606K(43712K)
[2026-06-17T10:04:33.295+0800][15.197s][info][gc,metaspace   ] GC(285) Metaspace: 116K(320K)->116K(320K) NonClass: 109K(192K)->109K(192K) Class: 7K(128K)->7K(128K)
[2026-06-17T10:04:33.296+0800][15.198s][info][gc             ] GC(285) Pause Young (Allocation Failure) 52M->38M(61M) 1.800ms
[2026-06-17T10:04:33.296+0800][15.198s][info][gc,cpu         ] GC(285) User=0.00s Sys=0.00s Real=0.00s
[2026-06-17T10:04:33.338+0800][15.240s][info][gc,start       ] GC(286) Pause Full (Allocation Failure)
[2026-06-17T10:04:33.338+0800][15.241s][info][gc,phases,start] GC(286) Phase 1: Mark live objects
[2026-06-17T10:04:33.339+0800][15.241s][info][gc,phases      ] GC(286) Phase 1: Mark live objects 0.846ms
[2026-06-17T10:04:33.339+0800][15.242s][info][gc,phases,start] GC(286) Phase 2: Compute new object addresses
[2026-06-17T10:04:33.340+0800][15.242s][info][gc,phases      ] GC(286) Phase 2: Compute new object addresses 0.504ms
[2026-06-17T10:04:33.340+0800][15.243s][info][gc,phases,start] GC(286) Phase 3: Adjust pointers
[2026-06-17T10:04:33.341+0800][15.243s][info][gc,phases      ] GC(286) Phase 3: Adjust pointers 0.575ms
[2026-06-17T10:04:33.341+0800][15.243s][info][gc,phases,start] GC(286) Phase 4: Move objects
[2026-06-17T10:04:33.344+0800][15.246s][info][gc,phases      ] GC(286) Phase 4: Move objects 2.469ms
[2026-06-17T10:04:33.344+0800][15.246s][info][gc,heap        ] GC(286) DefNew: 19636K(19648K)->0K(19648K) Eden: 17472K(17472K)->0K(17472K) From: 2164K(2176K)->0K(2176K)
[2026-06-17T10:04:33.344+0800][15.246s][info][gc,heap        ] GC(286) Tenured: 37606K(43712K)->27914K(43712K)
[2026-06-17T10:04:33.344+0800][15.247s][info][gc,metaspace   ] GC(286) Metaspace: 116K(320K)->116K(320K) NonClass: 109K(192K)->109K(192K) Class: 7K(128K)->7K(128K)
[2026-06-17T10:04:33.344+0800][15.247s][info][gc             ] GC(286) Pause Full (Allocation Failure) 55M->27M(61M) 6.451ms
[2026-06-17T10:04:33.345+0800][15.247s][info][gc,cpu         ] GC(286) User=0.01s Sys=0.00s Real=0.01s
[2026-06-17T10:04:33.387+0800][15.289s][info][gc,start       ] GC(287) Pause Young (Allocation Failure)
[2026-06-17T10:04:33.387+0800][15.290s][info][gc,heap        ] GC(287) DefNew: 17360K(19648K)->2082K(19648K) Eden: 17360K(17472K)->0K(17472K) From: 0K(2176K)->2082K(2176K)
[2026-06-17T10:04:33.388+0800][15.290s][info][gc,heap        ] GC(287) Tenured: 27914K(43712K)->29506K(43712K)
[2026-06-17T10:04:33.388+0800][15.290s][info][gc,metaspace   ] GC(287) Metaspace: 116K(320K)->116K(320K) NonClass: 109K(192K)->109K(192K) Class: 7K(128K)->7K(128K)
[2026-06-17T10:04:33.389+0800][15.291s][info][gc             ] GC(287) Pause Young (Allocation Failure) 44M->30M(61M) 1.926ms
[2026-06-17T10:04:33.389+0800][15.291s][info][gc,cpu         ] GC(287) User=0.00s Sys=0.00s Real=0.00s
[2026-06-17T10:04:33.441+0800][15.344s][info][gc,start       ] GC(288) Pause Young (Allocation Failure)
[2026-06-17T10:04:33.444+0800][15.346s][info][gc,heap        ] GC(288) DefNew: 19554K(19648K)->2153K(19648K) Eden: 17472K(17472K)->0K(17472K) From: 2082K(2176K)->2153K(2176K)
[2026-06-17T10:04:33.445+0800][15.347s][info][gc,heap        ] GC(288) Tenured: 29506K(43712K)->33288K(43712K)
[2026-06-17T10:04:33.447+0800][15.349s][info][gc,metaspace   ] GC(288) Metaspace: 116K(320K)->116K(320K) NonClass: 109K(192K)->109K(192K) Class: 7K(128K)->7K(128K)
[2026-06-17T10:04:33.448+0800][15.350s][info][gc             ] GC(288) Pause Young (Allocation Failure) 47M->34M(61M) 6.953ms
[2026-06-17T10:04:33.451+0800][15.353s][info][gc,cpu         ] GC(288) User=0.00s Sys=0.00s Real=0.02s
[2026-06-17T10:04:33.496+0800][15.398s][info][gc,start       ] GC(289) Pause Young (Allocation Failure)
[2026-06-17T10:04:33.499+0800][15.401s][info][gc,heap        ] GC(289) DefNew: 19591K(19648K)->2169K(19648K) Eden: 17438K(17472K)->0K(17472K) From: 2153K(2176K)->2169K(2176K)
[2026-06-17T10:04:33.502+0800][15.405s][info][gc,heap        ] GC(289) Tenured: 33288K(43712K)->37001K(43712K)
[2026-06-17T10:04:33.503+0800][15.406s][info][gc,metaspace   ] GC(289) Metaspace: 116K(320K)->116K(320K) NonClass: 109K(192K)->109K(192K) Class: 7K(128K)->7K(128K)
[2026-06-17T10:04:33.505+0800][15.407s][info][gc             ] GC(289) Pause Young (Allocation Failure) 51M->38M(61M) 9.000ms
[2026-06-17T10:04:33.507+0800][15.409s][info][gc,cpu         ] GC(289) User=0.00s Sys=0.01s Real=0.01s
[2026-06-17T10:04:33.550+0800][15.452s][info][gc,start       ] GC(290) Pause Young (Allocation Failure)
[2026-06-17T10:04:33.551+0800][15.453s][info][gc,heap        ] GC(290) DefNew: 19616K(19648K)->2174K(19648K) Eden: 17446K(17472K)->0K(17472K) From: 2169K(2176K)->2174K(2176K)
[2026-06-17T10:04:33.551+0800][15.454s][info][gc,heap        ] GC(290) Tenured: 37001K(43712K)->42027K(43712K)
[2026-06-17T10:04:33.552+0800][15.454s][info][gc,metaspace   ] GC(290) Metaspace: 116K(320K)->116K(320K) NonClass: 109K(192K)->109K(192K) Class: 7K(128K)->7K(128K)
[2026-06-17T10:04:33.552+0800][15.454s][info][gc             ] GC(290) Pause Young (Allocation Failure) 55M->43M(61M) 2.289ms
[2026-06-17T10:04:33.552+0800][15.454s][info][gc,cpu         ] GC(290) User=0.00s Sys=0.00s Real=0.01s
[2026-06-17T10:04:33.604+0800][15.507s][info][gc,start       ] GC(291) Pause Full (Allocation Failure)
[2026-06-17T10:04:33.605+0800][15.507s][info][gc,phases,start] GC(291) Phase 1: Mark live objects
[2026-06-17T10:04:33.606+0800][15.508s][info][gc,phases      ] GC(291) Phase 1: Mark live objects 1.437ms
[2026-06-17T10:04:33.607+0800][15.509s][info][gc,phases,start] GC(291) Phase 2: Compute new object addresses
[2026-06-17T10:04:33.607+0800][15.510s][info][gc,phases      ] GC(291) Phase 2: Compute new object addresses 0.716ms
[2026-06-17T10:04:33.608+0800][15.510s][info][gc,phases,start] GC(291) Phase 3: Adjust pointers
[2026-06-17T10:04:33.609+0800][15.511s][info][gc,phases      ] GC(291) Phase 3: Adjust pointers 0.702ms
[2026-06-17T10:04:33.609+0800][15.511s][info][gc,phases,start] GC(291) Phase 4: Move objects
[2026-06-17T10:04:33.610+0800][15.513s][info][gc,phases      ] GC(291) Phase 4: Move objects 1.548ms
[2026-06-17T10:04:33.611+0800][15.513s][info][gc,heap        ] GC(291) DefNew: 19623K(19648K)->0K(19648K) Eden: 17448K(17472K)->0K(17472K) From: 2174K(2176K)->0K(2176K)
[2026-06-17T10:04:33.611+0800][15.513s][info][gc,heap        ] GC(291) Tenured: 42027K(43712K)->20171K(43712K)
[2026-06-17T10:04:33.611+0800][15.513s][info][gc,metaspace   ] GC(291) Metaspace: 116K(320K)->116K(320K) NonClass: 109K(192K)->109K(192K) Class: 7K(128K)->7K(128K)
[2026-06-17T10:04:33.611+0800][15.514s][info][gc             ] GC(291) Pause Full (Allocation Failure) 60M->19M(61M) 7.015ms
[2026-06-17T10:04:33.612+0800][15.514s][info][gc,cpu         ] GC(291) User=0.00s Sys=0.00s Real=0.01s
[2026-06-17T10:04:33.644+0800][15.546s][info][gc,start       ] GC(292) Pause Young (Allocation Failure)
[2026-06-17T10:04:33.646+0800][15.548s][info][gc,heap        ] GC(292) DefNew: 17438K(19648K)->2175K(19648K) Eden: 17438K(17472K)->0K(17472K) From: 0K(2176K)->2175K(2176K)
[2026-06-17T10:04:33.646+0800][15.548s][info][gc,heap        ] GC(292) Tenured: 20171K(43712K)->24793K(43712K)
[2026-06-17T10:04:33.647+0800][15.549s][info][gc,metaspace   ] GC(292) Metaspace: 116K(320K)->116K(320K) NonClass: 109K(192K)->109K(192K) Class: 7K(128K)->7K(128K)
[2026-06-17T10:04:33.647+0800][15.549s][info][gc             ] GC(292) Pause Young (Allocation Failure) 36M->26M(61M) 2.971ms
[2026-06-17T10:04:33.647+0800][15.550s][info][gc,cpu         ] GC(292) User=0.00s Sys=0.00s Real=0.00s
[2026-06-17T10:04:33.700+0800][15.602s][info][gc,start       ] GC(293) Pause Young (Allocation Failure)
[2026-06-17T10:04:33.702+0800][15.604s][info][gc,heap        ] GC(293) DefNew: 19631K(19648K)->2109K(19648K) Eden: 17456K(17472K)->0K(17472K) From: 2175K(2176K)->2109K(2176K)
[2026-06-17T10:04:33.703+0800][15.605s][info][gc,heap        ] GC(293) Tenured: 24793K(43712K)->28418K(43712K)
[2026-06-17T10:04:33.703+0800][15.605s][info][gc,metaspace   ] GC(293) Metaspace: 116K(320K)->116K(320K) NonClass: 109K(192K)->109K(192K) Class: 7K(128K)->7K(128K)
[2026-06-17T10:04:33.703+0800][15.606s][info][gc             ] GC(293) Pause Young (Allocation Failure) 43M->29M(61M) 3.135ms
[2026-06-17T10:04:33.704+0800][15.606s][info][gc,cpu         ] GC(293) User=0.00s Sys=0.00s Real=0.01s
[2026-06-17T10:04:33.747+0800][15.649s][info][gc,start       ] GC(294) Pause Young (Allocation Failure)
[2026-06-17T10:04:33.748+0800][15.651s][info][gc,heap        ] GC(294) DefNew: 19570K(19648K)->2074K(19648K) Eden: 17460K(17472K)->0K(17472K) From: 2109K(2176K)->2074K(2176K)
[2026-06-17T10:04:33.749+0800][15.651s][info][gc,heap        ] GC(294) Tenured: 28418K(43712K)->32286K(43712K)
[2026-06-17T10:04:33.749+0800][15.651s][info][gc,metaspace   ] GC(294) Metaspace: 116K(320K)->116K(320K) NonClass: 109K(192K)->109K(192K) Class: 7K(128K)->7K(128K)
[2026-06-17T10:04:33.750+0800][15.652s][info][gc             ] GC(294) Pause Young (Allocation Failure) 46M->33M(61M) 2.791ms
[2026-06-17T10:04:33.750+0800][15.652s][info][gc,cpu         ] GC(294) User=0.00s Sys=0.00s Real=0.00s
[2026-06-17T10:04:33.793+0800][15.695s][info][gc,start       ] GC(295) Pause Young (Allocation Failure)
[2026-06-17T10:04:33.793+0800][15.696s][info][gc,heap        ] GC(295) DefNew: 19546K(19648K)->2128K(19648K) Eden: 17472K(17472K)->0K(17472K) From: 2074K(2176K)->2128K(2176K)
[2026-06-17T10:04:33.794+0800][15.696s][info][gc,heap        ] GC(295) Tenured: 32286K(43712K)->35689K(43712K)
[2026-06-17T10:04:33.794+0800][15.696s][info][gc,metaspace   ] GC(295) Metaspace: 116K(320K)->116K(320K) NonClass: 109K(192K)->109K(192K) Class: 7K(128K)->7K(128K)
[2026-06-17T10:04:33.794+0800][15.697s][info][gc             ] GC(295) Pause Young (Allocation Failure) 50M->36M(61M) 1.850ms
[2026-06-17T10:04:33.795+0800][15.697s][info][gc,cpu         ] GC(295) User=0.00s Sys=0.00s Real=0.00s
[2026-06-17T10:04:33.837+0800][15.739s][info][gc,start       ] GC(296) Pause Young (Allocation Failure)
[2026-06-17T10:04:33.838+0800][15.740s][info][gc,heap        ] GC(296) DefNew: 19570K(19648K)->2171K(19648K) Eden: 17442K(17472K)->0K(17472K) From: 2128K(2176K)->2171K(2176K)
[2026-06-17T10:04:33.838+0800][15.740s][info][gc,heap        ] GC(296) Tenured: 35689K(43712K)->39189K(43712K)
[2026-06-17T10:04:33.838+0800][15.741s][info][gc,metaspace   ] GC(296) Metaspace: 116K(320K)->116K(320K) NonClass: 109K(192K)->109K(192K) Class: 7K(128K)->7K(128K)
[2026-06-17T10:04:33.839+0800][15.741s][info][gc             ] GC(296) Pause Young (Allocation Failure) 53M->40M(61M) 1.902ms
[2026-06-17T10:04:33.839+0800][15.741s][info][gc,cpu         ] GC(296) User=0.01s Sys=0.00s Real=0.00s
[2026-06-17T10:04:33.881+0800][15.783s][info][gc,start       ] GC(297) Pause Full (Allocation Failure)
[2026-06-17T10:04:33.881+0800][15.784s][info][gc,phases,start] GC(297) Phase 1: Mark live objects
[2026-06-17T10:04:33.882+0800][15.785s][info][gc,phases      ] GC(297) Phase 1: Mark live objects 0.912ms
[2026-06-17T10:04:33.883+0800][15.785s][info][gc,phases,start] GC(297) Phase 2: Compute new object addresses
[2026-06-17T10:04:33.883+0800][15.785s][info][gc,phases      ] GC(297) Phase 2: Compute new object addresses 0.523ms
[2026-06-17T10:04:33.884+0800][15.786s][info][gc,phases,start] GC(297) Phase 3: Adjust pointers
[2026-06-17T10:04:33.884+0800][15.786s][info][gc,phases      ] GC(297) Phase 3: Adjust pointers 0.535ms
[2026-06-17T10:04:33.884+0800][15.786s][info][gc,phases,start] GC(297) Phase 4: Move objects
[2026-06-17T10:04:33.887+0800][15.789s][info][gc,phases      ] GC(297) Phase 4: Move objects 2.412ms
[2026-06-17T10:04:33.887+0800][15.789s][info][gc,heap        ] GC(297) DefNew: 19584K(19648K)->0K(19648K) Eden: 17412K(17472K)->0K(17472K) From: 2171K(2176K)->0K(2176K)
[2026-06-17T10:04:33.887+0800][15.790s][info][gc,heap        ] GC(297) Tenured: 39189K(43712K)->32920K(43712K)
[2026-06-17T10:04:33.888+0800][15.790s][info][gc,metaspace   ] GC(297) Metaspace: 116K(320K)->116K(320K) NonClass: 109K(192K)->109K(192K) Class: 7K(128K)->7K(128K)
[2026-06-17T10:04:33.888+0800][15.790s][info][gc             ] GC(297) Pause Full (Allocation Failure) 57M->32M(61M) 6.885ms
[2026-06-17T10:04:33.888+0800][15.790s][info][gc,cpu         ] GC(297) User=0.00s Sys=0.00s Real=0.01s
[2026-06-17T10:04:33.930+0800][15.832s][info][gc,start       ] GC(298) Pause Young (Allocation Failure)
[2026-06-17T10:04:33.931+0800][15.833s][info][gc,heap        ] GC(298) DefNew: 17458K(19648K)->2172K(19648K) Eden: 17458K(17472K)->0K(17472K) From: 0K(2176K)->2172K(2176K)
[2026-06-17T10:04:33.931+0800][15.834s][info][gc,heap        ] GC(298) Tenured: 32920K(43712K)->37898K(43712K)
[2026-06-17T10:04:33.932+0800][15.834s][info][gc,metaspace   ] GC(298) Metaspace: 116K(320K)->116K(320K) NonClass: 109K(192K)->109K(192K) Class: 7K(128K)->7K(128K)
[2026-06-17T10:04:33.932+0800][15.834s][info][gc             ] GC(298) Pause Young (Allocation Failure) 49M->39M(61M) 1.924ms
[2026-06-17T10:04:33.932+0800][15.834s][info][gc,cpu         ] GC(298) User=0.00s Sys=0.00s Real=0.01s
[2026-06-17T10:04:33.984+0800][15.886s][info][gc,start       ] GC(299) Pause Full (Allocation Failure)
[2026-06-17T10:04:33.984+0800][15.887s][info][gc,phases,start] GC(299) Phase 1: Mark live objects
[2026-06-17T10:04:33.985+0800][15.888s][info][gc,phases      ] GC(299) Phase 1: Mark live objects 1.000ms
[2026-06-17T10:04:33.986+0800][15.888s][info][gc,phases,start] GC(299) Phase 2: Compute new object addresses
[2026-06-17T10:04:33.986+0800][15.889s][info][gc,phases      ] GC(299) Phase 2: Compute new object addresses 0.530ms
[2026-06-17T10:04:33.987+0800][15.889s][info][gc,phases,start] GC(299) Phase 3: Adjust pointers
[2026-06-17T10:04:33.987+0800][15.889s][info][gc,phases      ] GC(299) Phase 3: Adjust pointers 0.418ms
[2026-06-17T10:04:33.987+0800][15.889s][info][gc,phases,start] GC(299) Phase 4: Move objects
[2026-06-17T10:04:33.989+0800][15.891s][info][gc,phases      ] GC(299) Phase 4: Move objects 1.675ms
[2026-06-17T10:04:33.989+0800][15.891s][info][gc,heap        ] GC(299) DefNew: 19637K(19648K)->0K(19648K) Eden: 17464K(17472K)->0K(17472K) From: 2172K(2176K)->0K(2176K)
[2026-06-17T10:04:33.989+0800][15.892s][info][gc,heap        ] GC(299) Tenured: 37898K(43712K)->26642K(43712K)
[2026-06-17T10:04:33.990+0800][15.892s][info][gc,metaspace   ] GC(299) Metaspace: 116K(320K)->116K(320K) NonClass: 109K(192K)->109K(192K) Class: 7K(128K)->7K(128K)
[2026-06-17T10:04:33.990+0800][15.892s][info][gc             ] GC(299) Pause Full (Allocation Failure) 56M->26M(61M) 5.780ms
[2026-06-17T10:04:33.990+0800][15.892s][info][gc,cpu         ] GC(299) User=0.01s Sys=0.00s Real=0.00s
[2026-06-17T10:04:34.032+0800][15.934s][info][gc,start       ] GC(300) Pause Young (Allocation Failure)
[2026-06-17T10:04:34.034+0800][15.936s][info][gc,heap        ] GC(300) DefNew: 17458K(19648K)->2174K(19648K) Eden: 17458K(17472K)->0K(17472K) From: 0K(2176K)->2174K(2176K)
[2026-06-17T10:04:34.034+0800][15.936s][info][gc,heap        ] GC(300) Tenured: 26642K(43712K)->31616K(43712K)
[2026-06-17T10:04:34.034+0800][15.936s][info][gc,metaspace   ] GC(300) Metaspace: 116K(320K)->116K(320K) NonClass: 109K(192K)->109K(192K) Class: 7K(128K)->7K(128K)
[2026-06-17T10:04:34.034+0800][15.937s][info][gc             ] GC(300) Pause Young (Allocation Failure) 43M->32M(61M) 2.176ms
[2026-06-17T10:04:34.035+0800][15.937s][info][gc,cpu         ] GC(300) User=0.00s Sys=0.00s Real=0.00s
[2026-06-17T10:04:34.077+0800][15.979s][info][gc,start       ] GC(301) Pause Young (Allocation Failure)
[2026-06-17T10:04:34.078+0800][15.980s][info][gc,heap        ] GC(301) DefNew: 19627K(19648K)->2175K(19648K) Eden: 17453K(17472K)->0K(17472K) From: 2174K(2176K)->2175K(2176K)
[2026-06-17T10:04:34.079+0800][15.981s][info][gc,heap        ] GC(301) Tenured: 31616K(43712K)->36242K(43712K)
[2026-06-17T10:04:34.079+0800][15.981s][info][gc,metaspace   ] GC(301) Metaspace: 116K(320K)->116K(320K) NonClass: 109K(192K)->109K(192K) Class: 7K(128K)->7K(128K)
[2026-06-17T10:04:34.079+0800][15.982s][info][gc             ] GC(301) Pause Young (Allocation Failure) 50M->37M(61M) 2.687ms
[2026-06-17T10:04:34.080+0800][15.982s][info][gc,cpu         ] GC(301) User=0.00s Sys=0.00s Real=0.00s
[2026-06-17T10:04:34.122+0800][16.024s][info][gc,start       ] GC(302) Pause Young (Allocation Failure)
[2026-06-17T10:04:34.122+0800][16.025s][info][gc,heap        ] GC(302) DefNew: 19636K(19648K)->1929K(19648K) Eden: 17460K(17472K)->0K(17472K) From: 2175K(2176K)->1929K(2176K)
[2026-06-17T10:04:34.123+0800][16.025s][info][gc,heap        ] GC(302) Tenured: 36242K(43712K)->37763K(43712K)
[2026-06-17T10:04:34.123+0800][16.025s][info][gc,metaspace   ] GC(302) Metaspace: 116K(320K)->116K(320K) NonClass: 109K(192K)->109K(192K) Class: 7K(128K)->7K(128K)
[2026-06-17T10:04:34.123+0800][16.025s][info][gc             ] GC(302) Pause Young (Allocation Failure) 54M->38M(61M) 1.219ms
[2026-06-17T10:04:34.123+0800][16.025s][info][gc,cpu         ] GC(302) User=0.00s Sys=0.00s Real=0.01s
[2026-06-17T10:04:34.165+0800][16.067s][info][gc,start       ] GC(303) Pause Full (Allocation Failure)
[2026-06-17T10:04:34.165+0800][16.067s][info][gc,phases,start] GC(303) Phase 1: Mark live objects
[2026-06-17T10:04:34.166+0800][16.068s][info][gc,phases      ] GC(303) Phase 1: Mark live objects 0.840ms
[2026-06-17T10:04:34.166+0800][16.068s][info][gc,phases,start] GC(303) Phase 2: Compute new object addresses
[2026-06-17T10:04:34.167+0800][16.069s][info][gc,phases      ] GC(303) Phase 2: Compute new object addresses 0.498ms
[2026-06-17T10:04:34.167+0800][16.069s][info][gc,phases,start] GC(303) Phase 3: Adjust pointers
[2026-06-17T10:04:34.168+0800][16.070s][info][gc,phases      ] GC(303) Phase 3: Adjust pointers 0.565ms
[2026-06-17T10:04:34.168+0800][16.070s][info][gc,phases,start] GC(303) Phase 4: Move objects
[2026-06-17T10:04:34.170+0800][16.072s][info][gc,phases      ] GC(303) Phase 4: Move objects 2.222ms
[2026-06-17T10:04:34.171+0800][16.073s][info][gc,heap        ] GC(303) DefNew: 19401K(19648K)->0K(19648K) Eden: 17472K(17472K)->0K(17472K) From: 1929K(2176K)->0K(2176K)
[2026-06-17T10:04:34.171+0800][16.073s][info][gc,heap        ] GC(303) Tenured: 37763K(43712K)->32072K(43712K)
[2026-06-17T10:04:34.171+0800][16.073s][info][gc,metaspace   ] GC(303) Metaspace: 116K(320K)->116K(320K) NonClass: 109K(192K)->109K(192K) Class: 7K(128K)->7K(128K)
[2026-06-17T10:04:34.171+0800][16.074s][info][gc             ] GC(303) Pause Full (Allocation Failure) 55M->31M(61M) 6.558ms
[2026-06-17T10:04:34.172+0800][16.074s][info][gc,cpu         ] GC(303) User=0.00s Sys=0.00s Real=0.01s
[2026-06-17T10:04:34.224+0800][16.127s][info][gc,start       ] GC(304) Pause Young (Allocation Failure)
[2026-06-17T10:04:34.225+0800][16.127s][info][gc,heap        ] GC(304) DefNew: 17472K(19648K)->2157K(19648K) Eden: 17472K(17472K)->0K(17472K) From: 0K(2176K)->2157K(2176K)
[2026-06-17T10:04:34.226+0800][16.128s][info][gc,heap        ] GC(304) Tenured: 32072K(43712K)->33532K(43712K)
[2026-06-17T10:04:34.226+0800][16.128s][info][gc,metaspace   ] GC(304) Metaspace: 116K(320K)->116K(320K) NonClass: 109K(192K)->109K(192K) Class: 7K(128K)->7K(128K)
[2026-06-17T10:04:34.226+0800][16.128s][info][gc             ] GC(304) Pause Young (Allocation Failure) 48M->34M(61M) 1.638ms
[2026-06-17T10:04:34.226+0800][16.128s][info][gc,cpu         ] GC(304) User=0.00s Sys=0.00s Real=0.00s
[2026-06-17T10:04:34.258+0800][16.160s][info][gc,start       ] GC(305) Pause Young (Allocation Failure)
[2026-06-17T10:04:34.259+0800][16.161s][info][gc,heap        ] GC(305) DefNew: 18778K(19648K)->2164K(19648K) Eden: 16621K(17472K)->0K(17472K) From: 2157K(2176K)->2164K(2176K)
[2026-06-17T10:04:34.259+0800][16.161s][info][gc,heap        ] GC(305) Tenured: 33532K(43712K)->36515K(43712K)
[2026-06-17T10:04:34.259+0800][16.161s][info][gc,metaspace   ] GC(305) Metaspace: 116K(320K)->116K(320K) NonClass: 109K(192K)->109K(192K) Class: 7K(128K)->7K(128K)
[2026-06-17T10:04:34.259+0800][16.161s][info][gc             ] GC(305) Pause Young (Allocation Failure) 51M->37M(61M) 1.461ms
[2026-06-17T10:04:34.259+0800][16.162s][info][gc,cpu         ] GC(305) User=0.00s Sys=0.00s Real=0.00s
[2026-06-17T10:04:34.312+0800][16.214s][info][gc,start       ] GC(306) Pause Young (Allocation Failure)
[2026-06-17T10:04:34.313+0800][16.215s][info][gc,heap        ] GC(306) DefNew: 19636K(19648K)->2163K(19648K) Eden: 17472K(17472K)->0K(17472K) From: 2164K(2176K)->2163K(2176K)
[2026-06-17T10:04:34.314+0800][16.216s][info][gc,heap        ] GC(306) Tenured: 36515K(43712K)->40176K(43712K)
[2026-06-17T10:04:34.314+0800][16.216s][info][gc,metaspace   ] GC(306) Metaspace: 116K(320K)->116K(320K) NonClass: 109K(192K)->109K(192K) Class: 7K(128K)->7K(128K)
[2026-06-17T10:04:34.314+0800][16.216s][info][gc             ] GC(306) Pause Young (Allocation Failure) 54M->41M(61M) 2.293ms
[2026-06-17T10:04:34.315+0800][16.217s][info][gc,cpu         ] GC(306) User=0.01s Sys=0.00s Real=0.00s
[2026-06-17T10:04:34.357+0800][16.259s][info][gc,start       ] GC(307) Pause Full (Allocation Failure)
[2026-06-17T10:04:34.357+0800][16.259s][info][gc,phases,start] GC(307) Phase 1: Mark live objects
[2026-06-17T10:04:34.358+0800][16.260s][info][gc,phases      ] GC(307) Phase 1: Mark live objects 1.008ms
[2026-06-17T10:04:34.359+0800][16.261s][info][gc,phases,start] GC(307) Phase 2: Compute new object addresses
[2026-06-17T10:04:34.359+0800][16.261s][info][gc,phases      ] GC(307) Phase 2: Compute new object addresses 0.443ms
[2026-06-17T10:04:34.359+0800][16.261s][info][gc,phases,start] GC(307) Phase 3: Adjust pointers
[2026-06-17T10:04:34.360+0800][16.262s][info][gc,phases      ] GC(307) Phase 3: Adjust pointers 0.427ms
[2026-06-17T10:04:34.360+0800][16.262s][info][gc,phases,start] GC(307) Phase 4: Move objects
[2026-06-17T10:04:34.362+0800][16.264s][info][gc,phases      ] GC(307) Phase 4: Move objects 2.396ms
[2026-06-17T10:04:34.363+0800][16.265s][info][gc,heap        ] GC(307) DefNew: 19611K(19648K)->0K(19648K) Eden: 17447K(17472K)->0K(17472K) From: 2163K(2176K)->0K(2176K)
[2026-06-17T10:04:34.363+0800][16.265s][info][gc,heap        ] GC(307) Tenured: 40176K(43712K)->26661K(43712K)
[2026-06-17T10:04:34.363+0800][16.266s][info][gc,metaspace   ] GC(307) Metaspace: 116K(320K)->116K(320K) NonClass: 109K(192K)->109K(192K) Class: 7K(128K)->7K(128K)
[2026-06-17T10:04:34.363+0800][16.266s][info][gc             ] GC(307) Pause Full (Allocation Failure) 58M->26M(61M) 6.711ms
[2026-06-17T10:04:34.364+0800][16.266s][info][gc,cpu         ] GC(307) User=0.00s Sys=0.00s Real=0.01s
[2026-06-17T10:04:34.406+0800][16.308s][info][gc,start       ] GC(308) Pause Young (Allocation Failure)
[2026-06-17T10:04:34.407+0800][16.309s][info][gc,heap        ] GC(308) DefNew: 17466K(19648K)->2173K(19648K) Eden: 17466K(17472K)->0K(17472K) From: 0K(2176K)->2173K(2176K)
[2026-06-17T10:04:34.408+0800][16.310s][info][gc,heap        ] GC(308) Tenured: 26661K(43712K)->31889K(43712K)
[2026-06-17T10:04:34.408+0800][16.310s][info][gc,metaspace   ] GC(308) Metaspace: 116K(320K)->116K(320K) NonClass: 109K(192K)->109K(192K) Class: 7K(128K)->7K(128K)
[2026-06-17T10:04:34.408+0800][16.310s][info][gc             ] GC(308) Pause Young (Allocation Failure) 43M->33M(61M) 2.392ms
[2026-06-17T10:04:34.409+0800][16.311s][info][gc,cpu         ] GC(308) User=0.00s Sys=0.00s Real=0.00s
[2026-06-17T10:04:34.451+0800][16.353s][info][gc,start       ] GC(309) Pause Young (Allocation Failure)
[2026-06-17T10:04:34.452+0800][16.354s][info][gc,heap        ] GC(309) DefNew: 19217K(19648K)->1716K(19648K) Eden: 17044K(17472K)->0K(17472K) From: 2173K(2176K)->1716K(2176K)
[2026-06-17T10:04:34.453+0800][16.355s][info][gc,heap        ] GC(309) Tenured: 31889K(43712K)->33433K(43712K)
[2026-06-17T10:04:34.453+0800][16.355s][info][gc,metaspace   ] GC(309) Metaspace: 116K(320K)->116K(320K) NonClass: 109K(192K)->109K(192K) Class: 7K(128K)->7K(128K)
[2026-06-17T10:04:34.453+0800][16.355s][info][gc             ] GC(309) Pause Young (Allocation Failure) 49M->34M(61M) 2.292ms
[2026-06-17T10:04:34.453+0800][16.355s][info][gc,cpu         ] GC(309) User=0.00s Sys=0.00s Real=0.00s
[2026-06-17T10:04:34.495+0800][16.398s][info][gc,start       ] GC(310) Pause Young (Allocation Failure)
[2026-06-17T10:04:34.496+0800][16.399s][info][gc,heap        ] GC(310) DefNew: 19183K(19648K)->2166K(19648K) Eden: 17467K(17472K)->0K(17472K) From: 1716K(2176K)->2166K(2176K)
[2026-06-17T10:04:34.503+0800][16.405s][info][gc,heap        ] GC(310) Tenured: 33433K(43712K)->36829K(43712K)
[2026-06-17T10:04:34.504+0800][16.407s][info][gc,metaspace   ] GC(310) Metaspace: 116K(320K)->116K(320K) NonClass: 109K(192K)->109K(192K) Class: 7K(128K)->7K(128K)
[2026-06-17T10:04:34.505+0800][16.407s][info][gc             ] GC(310) Pause Young (Allocation Failure) 51M->38M(61M) 9.844ms
[2026-06-17T10:04:34.506+0800][16.408s][info][gc,cpu         ] GC(310) User=0.00s Sys=0.00s Real=0.01s
[2026-06-17T10:04:34.563+0800][16.465s][info][gc,start       ] GC(311) Pause Young (Allocation Failure)
[2026-06-17T10:04:34.564+0800][16.466s][info][gc,heap        ] GC(311) DefNew: 19581K(19648K)->2170K(19648K) Eden: 17415K(17472K)->0K(17472K) From: 2166K(2176K)->2170K(2176K)
[2026-06-17T10:04:34.564+0800][16.466s][info][gc,heap        ] GC(311) Tenured: 36829K(43712K)->40961K(43712K)
[2026-06-17T10:04:34.565+0800][16.467s][info][gc,metaspace   ] GC(311) Metaspace: 116K(320K)->116K(320K) NonClass: 109K(192K)->109K(192K) Class: 7K(128K)->7K(128K)
[2026-06-17T10:04:34.565+0800][16.467s][info][gc             ] GC(311) Pause Young (Allocation Failure) 55M->42M(61M) 2.252ms
[2026-06-17T10:04:34.565+0800][16.467s][info][gc,cpu         ] GC(311) User=0.00s Sys=0.00s Real=0.00s
[2026-06-17T10:04:34.607+0800][16.510s][info][gc,start       ] GC(312) Pause Full (Allocation Failure)
[2026-06-17T10:04:34.608+0800][16.510s][info][gc,phases,start] GC(312) Phase 1: Mark live objects
[2026-06-17T10:04:34.609+0800][16.511s][info][gc,phases      ] GC(312) Phase 1: Mark live objects 0.876ms
[2026-06-17T10:04:34.609+0800][16.511s][info][gc,phases,start] GC(312) Phase 2: Compute new object addresses
[2026-06-17T10:04:34.610+0800][16.512s][info][gc,phases      ] GC(312) Phase 2: Compute new object addresses 0.437ms
[2026-06-17T10:04:34.610+0800][16.512s][info][gc,phases,start] GC(312) Phase 3: Adjust pointers
[2026-06-17T10:04:34.610+0800][16.512s][info][gc,phases      ] GC(312) Phase 3: Adjust pointers 0.452ms
[2026-06-17T10:04:34.610+0800][16.513s][info][gc,phases,start] GC(312) Phase 4: Move objects
[2026-06-17T10:04:34.613+0800][16.515s][info][gc,phases      ] GC(312) Phase 4: Move objects 2.296ms
[2026-06-17T10:04:34.613+0800][16.515s][info][gc,heap        ] GC(312) DefNew: 19629K(19648K)->0K(19648K) Eden: 17459K(17472K)->0K(17472K) From: 2170K(2176K)->0K(2176K)
[2026-06-17T10:04:34.613+0800][16.515s][info][gc,heap        ] GC(312) Tenured: 40961K(43712K)->31719K(43712K)
[2026-06-17T10:04:34.613+0800][16.515s][info][gc,metaspace   ] GC(312) Metaspace: 116K(320K)->116K(320K) NonClass: 109K(192K)->109K(192K) Class: 7K(128K)->7K(128K)
[2026-06-17T10:04:34.613+0800][16.516s][info][gc             ] GC(312) Pause Full (Allocation Failure) 59M->30M(61M) 5.977ms
[2026-06-17T10:04:34.614+0800][16.516s][info][gc,cpu         ] GC(312) User=0.01s Sys=0.00s Real=0.01s
[2026-06-17T10:04:34.655+0800][16.558s][info][gc,start       ] GC(313) Pause Young (Allocation Failure)
[2026-06-17T10:04:34.656+0800][16.559s][info][gc,heap        ] GC(313) DefNew: 17472K(19648K)->2175K(19648K) Eden: 17472K(17472K)->0K(17472K) From: 0K(2176K)->2175K(2176K)
[2026-06-17T10:04:34.657+0800][16.559s][info][gc,heap        ] GC(313) Tenured: 31719K(43712K)->36282K(43712K)
[2026-06-17T10:04:34.657+0800][16.559s][info][gc,metaspace   ] GC(313) Metaspace: 116K(320K)->116K(320K) NonClass: 109K(192K)->109K(192K) Class: 7K(128K)->7K(128K)
[2026-06-17T10:04:34.657+0800][16.559s][info][gc             ] GC(313) Pause Young (Allocation Failure) 48M->37M(61M) 1.597ms
[2026-06-17T10:04:34.657+0800][16.559s][info][gc,cpu         ] GC(313) User=0.00s Sys=0.00s Real=0.00s
[2026-06-17T10:04:34.699+0800][16.602s][info][gc,start       ] GC(314) Pause Young (Allocation Failure)
[2026-06-17T10:04:34.701+0800][16.603s][info][gc,heap        ] GC(314) DefNew: 19641K(19648K)->2170K(19648K) Eden: 17465K(17472K)->0K(17472K) From: 2175K(2176K)->2170K(2176K)
[2026-06-17T10:04:34.702+0800][16.604s][info][gc,heap        ] GC(314) Tenured: 36282K(43712K)->40417K(43712K)
[2026-06-17T10:04:34.702+0800][16.604s][info][gc,metaspace   ] GC(314) Metaspace: 116K(320K)->116K(320K) NonClass: 109K(192K)->109K(192K) Class: 7K(128K)->7K(128K)
[2026-06-17T10:04:34.702+0800][16.605s][info][gc             ] GC(314) Pause Young (Allocation Failure) 54M->41M(61M) 2.994ms
[2026-06-17T10:04:34.703+0800][16.605s][info][gc,cpu         ] GC(314) User=0.00s Sys=0.00s Real=0.01s
[2026-06-17T10:04:34.756+0800][16.658s][info][gc,start       ] GC(315) Pause Full (Allocation Failure)
[2026-06-17T10:04:34.756+0800][16.658s][info][gc,phases,start] GC(315) Phase 1: Mark live objects
[2026-06-17T10:04:34.757+0800][16.659s][info][gc,phases      ] GC(315) Phase 1: Mark live objects 0.904ms
[2026-06-17T10:04:34.757+0800][16.659s][info][gc,phases,start] GC(315) Phase 2: Compute new object addresses
[2026-06-17T10:04:34.758+0800][16.660s][info][gc,phases      ] GC(315) Phase 2: Compute new object addresses 0.418ms
[2026-06-17T10:04:34.758+0800][16.660s][info][gc,phases,start] GC(315) Phase 3: Adjust pointers
[2026-06-17T10:04:34.759+0800][16.661s][info][gc,phases      ] GC(315) Phase 3: Adjust pointers 0.620ms
[2026-06-17T10:04:34.759+0800][16.661s][info][gc,phases,start] GC(315) Phase 4: Move objects
[2026-06-17T10:04:34.761+0800][16.663s][info][gc,phases      ] GC(315) Phase 4: Move objects 2.047ms
[2026-06-17T10:04:34.761+0800][16.663s][info][gc,heap        ] GC(315) DefNew: 19642K(19648K)->0K(19648K) Eden: 17472K(17472K)->0K(17472K) From: 2170K(2176K)->0K(2176K)
[2026-06-17T10:04:34.761+0800][16.664s][info][gc,heap        ] GC(315) Tenured: 40417K(43712K)->29045K(43712K)
[2026-06-17T10:04:34.762+0800][16.664s][info][gc,metaspace   ] GC(315) Metaspace: 116K(320K)->116K(320K) NonClass: 109K(192K)->109K(192K) Class: 7K(128K)->7K(128K)
[2026-06-17T10:04:34.762+0800][16.664s][info][gc             ] GC(315) Pause Full (Allocation Failure) 58M->28M(61M) 6.562ms
[2026-06-17T10:04:34.762+0800][16.665s][info][gc,cpu         ] GC(315) User=0.01s Sys=0.00s Real=0.01s
[2026-06-17T10:04:34.805+0800][16.707s][info][gc,start       ] GC(316) Pause Young (Allocation Failure)
[2026-06-17T10:04:34.806+0800][16.708s][info][gc,heap        ] GC(316) DefNew: 17452K(19648K)->2175K(19648K) Eden: 17452K(17472K)->0K(17472K) From: 0K(2176K)->2175K(2176K)
[2026-06-17T10:04:34.806+0800][16.708s][info][gc,heap        ] GC(316) Tenured: 29045K(43712K)->33887K(43712K)
[2026-06-17T10:04:34.806+0800][16.709s][info][gc,metaspace   ] GC(316) Metaspace: 116K(320K)->116K(320K) NonClass: 109K(192K)->109K(192K) Class: 7K(128K)->7K(128K)
[2026-06-17T10:04:34.807+0800][16.709s][info][gc             ] GC(316) Pause Young (Allocation Failure) 45M->35M(61M) 1.946ms
[2026-06-17T10:04:34.807+0800][16.709s][info][gc,cpu         ] GC(316) User=0.00s Sys=0.00s Real=0.00s
[2026-06-17T10:04:34.849+0800][16.751s][info][gc,start       ] GC(317) Pause Young (Allocation Failure)
[2026-06-17T10:04:34.850+0800][16.752s][info][gc,heap        ] GC(317) DefNew: 19647K(19648K)->2169K(19648K) Eden: 17472K(17472K)->0K(17472K) From: 2175K(2176K)->2169K(2176K)
[2026-06-17T10:04:34.851+0800][16.753s][info][gc,heap        ] GC(317) Tenured: 33887K(43712K)->38768K(43712K)
[2026-06-17T10:04:34.851+0800][16.753s][info][gc,metaspace   ] GC(317) Metaspace: 116K(320K)->116K(320K) NonClass: 109K(192K)->109K(192K) Class: 7K(128K)->7K(128K)
[2026-06-17T10:04:34.851+0800][16.754s][info][gc             ] GC(317) Pause Young (Allocation Failure) 52M->39M(61M) 2.747ms
[2026-06-17T10:04:34.852+0800][16.754s][info][gc,cpu         ] GC(317) User=0.00s Sys=0.00s Real=0.01s
[2026-06-17T10:04:34.894+0800][16.796s][info][gc,start       ] GC(318) Pause Full (Allocation Failure)
[2026-06-17T10:04:34.894+0800][16.796s][info][gc,phases,start] GC(318) Phase 1: Mark live objects
[2026-06-17T10:04:34.895+0800][16.797s][info][gc,phases      ] GC(318) Phase 1: Mark live objects 1.179ms
[2026-06-17T10:04:34.896+0800][16.798s][info][gc,phases,start] GC(318) Phase 2: Compute new object addresses
[2026-06-17T10:04:34.896+0800][16.798s][info][gc,phases      ] GC(318) Phase 2: Compute new object addresses 0.425ms
[2026-06-17T10:04:34.896+0800][16.798s][info][gc,phases,start] GC(318) Phase 3: Adjust pointers
[2026-06-17T10:04:34.897+0800][16.799s][info][gc,phases      ] GC(318) Phase 3: Adjust pointers 0.453ms
[2026-06-17T10:04:34.897+0800][16.799s][info][gc,phases,start] GC(318) Phase 4: Move objects
[2026-06-17T10:04:34.899+0800][16.801s][info][gc,phases      ] GC(318) Phase 4: Move objects 2.119ms
[2026-06-17T10:04:34.899+0800][16.802s][info][gc,heap        ] GC(318) DefNew: 19632K(19648K)->0K(19648K) Eden: 17463K(17472K)->0K(17472K) From: 2169K(2176K)->0K(2176K)
[2026-06-17T10:04:34.900+0800][16.802s][info][gc,heap        ] GC(318) Tenured: 38768K(43712K)->30325K(43712K)
[2026-06-17T10:04:34.900+0800][16.802s][info][gc,metaspace   ] GC(318) Metaspace: 116K(320K)->116K(320K) NonClass: 109K(192K)->109K(192K) Class: 7K(128K)->7K(128K)
[2026-06-17T10:04:34.900+0800][16.802s][info][gc             ] GC(318) Pause Full (Allocation Failure) 57M->29M(61M) 6.384ms
[2026-06-17T10:04:34.900+0800][16.802s][info][gc,cpu         ] GC(318) User=0.01s Sys=0.00s Real=0.00s
[2026-06-17T10:04:34.953+0800][16.855s][info][gc,start       ] GC(319) Pause Young (Allocation Failure)
[2026-06-17T10:04:34.954+0800][16.856s][info][gc,heap        ] GC(319) DefNew: 17429K(19648K)->1957K(19648K) Eden: 17429K(17472K)->0K(17472K) From: 0K(2176K)->1957K(2176K)
[2026-06-17T10:04:34.955+0800][16.857s][info][gc,heap        ] GC(319) Tenured: 30325K(43712K)->31880K(43712K)
[2026-06-17T10:04:34.957+0800][16.859s][info][gc,metaspace   ] GC(319) Metaspace: 116K(320K)->116K(320K) NonClass: 109K(192K)->109K(192K) Class: 7K(128K)->7K(128K)
[2026-06-17T10:04:34.958+0800][16.860s][info][gc             ] GC(319) Pause Young (Allocation Failure) 46M->33M(61M) 5.328ms
[2026-06-17T10:04:34.959+0800][16.861s][info][gc,cpu         ] GC(319) User=0.00s Sys=0.00s Real=0.00s
[2026-06-17T10:04:35.002+0800][16.904s][info][gc,start       ] GC(320) Pause Young (Allocation Failure)
[2026-06-17T10:04:35.003+0800][16.905s][info][gc,heap        ] GC(320) DefNew: 19429K(19648K)->2130K(19648K) Eden: 17472K(17472K)->0K(17472K) From: 1957K(2176K)->2130K(2176K)
[2026-06-17T10:04:35.011+0800][16.913s][info][gc,heap        ] GC(320) Tenured: 31880K(43712K)->35419K(43712K)
[2026-06-17T10:04:35.017+0800][16.919s][info][gc,metaspace   ] GC(320) Metaspace: 116K(320K)->116K(320K) NonClass: 109K(192K)->109K(192K) Class: 7K(128K)->7K(128K)
[2026-06-17T10:04:35.017+0800][16.919s][info][gc             ] GC(320) Pause Young (Allocation Failure) 50M->36M(61M) 15.459ms
[2026-06-17T10:04:35.017+0800][16.919s][info][gc,cpu         ] GC(320) User=0.00s Sys=0.00s Real=0.02s
[2026-06-17T10:04:35.059+0800][16.962s][info][gc,start       ] GC(321) Pause Young (Allocation Failure)
[2026-06-17T10:04:35.060+0800][16.963s][info][gc,heap        ] GC(321) DefNew: 19587K(19648K)->2118K(19648K) Eden: 17456K(17472K)->0K(17472K) From: 2130K(2176K)->2118K(2176K)
[2026-06-17T10:04:35.061+0800][16.963s][info][gc,heap        ] GC(321) Tenured: 35419K(43712K)->38436K(43712K)
[2026-06-17T10:04:35.061+0800][16.963s][info][gc,metaspace   ] GC(321) Metaspace: 116K(320K)->116K(320K) NonClass: 109K(192K)->109K(192K) Class: 7K(128K)->7K(128K)
[2026-06-17T10:04:35.062+0800][16.964s][info][gc             ] GC(321) Pause Young (Allocation Failure) 53M->39M(61M) 2.347ms
[2026-06-17T10:04:35.062+0800][16.964s][info][gc,cpu         ] GC(321) User=0.00s Sys=0.00s Real=0.00s
[2026-06-17T10:04:35.105+0800][17.007s][info][gc,start       ] GC(322) Pause Full (Allocation Failure)
[2026-06-17T10:04:35.105+0800][17.007s][info][gc,phases,start] GC(322) Phase 1: Mark live objects
[2026-06-17T10:04:35.106+0800][17.008s][info][gc,phases      ] GC(322) Phase 1: Mark live objects 0.890ms
[2026-06-17T10:04:35.106+0800][17.009s][info][gc,phases,start] GC(322) Phase 2: Compute new object addresses
[2026-06-17T10:04:35.107+0800][17.010s][info][gc,phases      ] GC(322) Phase 2: Compute new object addresses 1.092ms
[2026-06-17T10:04:35.111+0800][17.013s][info][gc,phases,start] GC(322) Phase 3: Adjust pointers
[2026-06-17T10:04:35.112+0800][17.015s][info][gc,phases      ] GC(322) Phase 3: Adjust pointers 1.797ms
[2026-06-17T10:04:35.115+0800][17.017s][info][gc,phases,start] GC(322) Phase 4: Move objects
[2026-06-17T10:04:35.118+0800][17.021s][info][gc,phases      ] GC(322) Phase 4: Move objects 3.095ms
[2026-06-17T10:04:35.120+0800][17.022s][info][gc,heap        ] GC(322) DefNew: 19576K(19648K)->0K(19648K) Eden: 17458K(17472K)->0K(17472K) From: 2118K(2176K)->0K(2176K)
[2026-06-17T10:04:35.122+0800][17.024s][info][gc,heap        ] GC(322) Tenured: 38436K(43712K)->32182K(43712K)
[2026-06-17T10:04:35.123+0800][17.025s][info][gc,metaspace   ] GC(322) Metaspace: 116K(320K)->116K(320K) NonClass: 109K(192K)->109K(192K) Class: 7K(128K)->7K(128K)
[2026-06-17T10:04:35.124+0800][17.026s][info][gc             ] GC(322) Pause Full (Allocation Failure) 56M->31M(61M) 18.825ms
[2026-06-17T10:04:35.125+0800][17.028s][info][gc,cpu         ] GC(322) User=0.01s Sys=0.00s Real=0.02s
[2026-06-17T10:04:35.168+0800][17.070s][info][gc,start       ] GC(323) Pause Young (Allocation Failure)
[2026-06-17T10:04:35.169+0800][17.071s][info][gc,heap        ] GC(323) DefNew: 17472K(19648K)->2175K(19648K) Eden: 17472K(17472K)->0K(17472K) From: 0K(2176K)->2175K(2176K)
[2026-06-17T10:04:35.169+0800][17.071s][info][gc,heap        ] GC(323) Tenured: 32182K(43712K)->37011K(43712K)
[2026-06-17T10:04:35.170+0800][17.072s][info][gc,metaspace   ] GC(323) Metaspace: 116K(320K)->116K(320K) NonClass: 109K(192K)->109K(192K) Class: 7K(128K)->7K(128K)
[2026-06-17T10:04:35.170+0800][17.072s][info][gc             ] GC(323) Pause Young (Allocation Failure) 48M->38M(61M) 2.026ms
[2026-06-17T10:04:35.170+0800][17.072s][info][gc,cpu         ] GC(323) User=0.00s Sys=0.00s Real=0.00s
[2026-06-17T10:04:35.212+0800][17.114s][info][gc,start       ] GC(324) Pause Young (Allocation Failure)
[2026-06-17T10:04:35.213+0800][17.115s][info][gc,heap        ] GC(324) DefNew: 19640K(19648K)->2168K(19648K) Eden: 17464K(17472K)->0K(17472K) From: 2175K(2176K)->2168K(2176K)
[2026-06-17T10:04:35.215+0800][17.117s][info][gc,heap        ] GC(324) Tenured: 37011K(43712K)->41235K(43712K)
[2026-06-17T10:04:35.215+0800][17.117s][info][gc,metaspace   ] GC(324) Metaspace: 116K(320K)->116K(320K) NonClass: 109K(192K)->109K(192K) Class: 7K(128K)->7K(128K)
[2026-06-17T10:04:35.217+0800][17.120s][info][gc             ] GC(324) Pause Young (Allocation Failure) 55M->42M(61M) 5.443ms
[2026-06-17T10:04:35.218+0800][17.120s][info][gc,cpu         ] GC(324) User=0.00s Sys=0.00s Real=0.00s
[2026-06-17T10:04:35.262+0800][17.164s][info][gc,start       ] GC(325) Pause Full (Allocation Failure)
[2026-06-17T10:04:35.267+0800][17.169s][info][gc,phases,start] GC(325) Phase 1: Mark live objects
[2026-06-17T10:04:35.270+0800][17.172s][info][gc,phases      ] GC(325) Phase 1: Mark live objects 2.911ms
[2026-06-17T10:04:35.270+0800][17.173s][info][gc,phases,start] GC(325) Phase 2: Compute new object addresses
[2026-06-17T10:04:35.274+0800][17.176s][info][gc,phases      ] GC(325) Phase 2: Compute new object addresses 3.367ms
[2026-06-17T10:04:35.275+0800][17.177s][info][gc,phases,start] GC(325) Phase 3: Adjust pointers
[2026-06-17T10:04:35.276+0800][17.178s][info][gc,phases      ] GC(325) Phase 3: Adjust pointers 0.680ms
[2026-06-17T10:04:35.276+0800][17.178s][info][gc,phases,start] GC(325) Phase 4: Move objects
[2026-06-17T10:04:35.278+0800][17.180s][info][gc,phases      ] GC(325) Phase 4: Move objects 1.901ms
[2026-06-17T10:04:35.278+0800][17.180s][info][gc,heap        ] GC(325) DefNew: 19615K(19648K)->0K(19648K) Eden: 17447K(17472K)->0K(17472K) From: 2168K(2176K)->0K(2176K)
[2026-06-17T10:04:35.279+0800][17.181s][info][gc,heap        ] GC(325) Tenured: 41235K(43712K)->30144K(43712K)
[2026-06-17T10:04:35.279+0800][17.181s][info][gc,metaspace   ] GC(325) Metaspace: 116K(320K)->116K(320K) NonClass: 109K(192K)->109K(192K) Class: 7K(128K)->7K(128K)
[2026-06-17T10:04:35.279+0800][17.181s][info][gc             ] GC(325) Pause Full (Allocation Failure) 59M->29M(61M) 17.384ms
[2026-06-17T10:04:35.280+0800][17.182s][info][gc,cpu         ] GC(325) User=0.01s Sys=0.00s Real=0.02s
[2026-06-17T10:04:35.323+0800][17.225s][info][gc,start       ] GC(326) Pause Young (Allocation Failure)
[2026-06-17T10:04:35.324+0800][17.226s][info][gc,heap        ] GC(326) DefNew: 17423K(19648K)->2168K(19648K) Eden: 17423K(17472K)->0K(17472K) From: 0K(2176K)->2168K(2176K)
[2026-06-17T10:04:35.324+0800][17.226s][info][gc,heap        ] GC(326) Tenured: 30144K(43712K)->34400K(43712K)
[2026-06-17T10:04:35.325+0800][17.227s][info][gc,metaspace   ] GC(326) Metaspace: 116K(320K)->116K(320K) NonClass: 109K(192K)->109K(192K) Class: 7K(128K)->7K(128K)
[2026-06-17T10:04:35.325+0800][17.227s][info][gc             ] GC(326) Pause Young (Allocation Failure) 46M->35M(61M) 2.081ms
[2026-06-17T10:04:35.325+0800][17.227s][info][gc,cpu         ] GC(326) User=0.00s Sys=0.00s Real=0.00s
[2026-06-17T10:04:35.377+0800][17.279s][info][gc,start       ] GC(327) Pause Young (Allocation Failure)
[2026-06-17T10:04:35.378+0800][17.280s][info][gc,heap        ] GC(327) DefNew: 19610K(19648K)->2083K(19648K) Eden: 17441K(17472K)->0K(17472K) From: 2168K(2176K)->2083K(2176K)
[2026-06-17T10:04:35.378+0800][17.280s][info][gc,heap        ] GC(327) Tenured: 34400K(43712K)->36514K(43712K)
[2026-06-17T10:04:35.378+0800][17.281s][info][gc,metaspace   ] GC(327) Metaspace: 116K(320K)->116K(320K) NonClass: 109K(192K)->109K(192K) Class: 7K(128K)->7K(128K)
[2026-06-17T10:04:35.379+0800][17.281s][info][gc             ] GC(327) Pause Young (Allocation Failure) 52M->37M(61M) 1.537ms
[2026-06-17T10:04:35.379+0800][17.281s][info][gc,cpu         ] GC(327) User=0.00s Sys=0.00s Real=0.00s
[2026-06-17T10:04:35.447+0800][17.349s][info][gc,start       ] GC(328) Pause Young (Allocation Failure)
[2026-06-17T10:04:35.451+0800][17.353s][info][gc,heap        ] GC(328) DefNew: 19555K(19648K)->2139K(19648K) Eden: 17472K(17472K)->0K(17472K) From: 2083K(2176K)->2139K(2176K)
[2026-06-17T10:04:35.452+0800][17.354s][info][gc,heap        ] GC(328) Tenured: 36514K(43712K)->40260K(43712K)
[2026-06-17T10:04:35.454+0800][17.356s][info][gc,metaspace   ] GC(328) Metaspace: 116K(320K)->116K(320K) NonClass: 109K(192K)->109K(192K) Class: 7K(128K)->7K(128K)
[2026-06-17T10:04:35.455+0800][17.357s][info][gc             ] GC(328) Pause Young (Allocation Failure) 54M->41M(61M) 8.028ms
[2026-06-17T10:04:35.456+0800][17.358s][info][gc,cpu         ] GC(328) User=0.00s Sys=0.00s Real=0.01s
[2026-06-17T10:04:35.498+0800][17.400s][info][gc,start       ] GC(329) Pause Full (Allocation Failure)
[2026-06-17T10:04:35.498+0800][17.400s][info][gc,phases,start] GC(329) Phase 1: Mark live objects
[2026-06-17T10:04:35.500+0800][17.402s][info][gc,phases      ] GC(329) Phase 1: Mark live objects 1.322ms
[2026-06-17T10:04:35.500+0800][17.402s][info][gc,phases,start] GC(329) Phase 2: Compute new object addresses
[2026-06-17T10:04:35.501+0800][17.403s][info][gc,phases      ] GC(329) Phase 2: Compute new object addresses 0.502ms
[2026-06-17T10:04:35.501+0800][17.403s][info][gc,phases,start] GC(329) Phase 3: Adjust pointers
[2026-06-17T10:04:35.502+0800][17.404s][info][gc,phases      ] GC(329) Phase 3: Adjust pointers 0.864ms
[2026-06-17T10:04:35.502+0800][17.404s][info][gc,phases,start] GC(329) Phase 4: Move objects
[2026-06-17T10:04:35.505+0800][17.407s][info][gc,phases      ] GC(329) Phase 4: Move objects 2.912ms
[2026-06-17T10:04:35.505+0800][17.407s][info][gc,heap        ] GC(329) DefNew: 19606K(19648K)->0K(19648K) Eden: 17466K(17472K)->0K(17472K) From: 2139K(2176K)->0K(2176K)
[2026-06-17T10:04:35.505+0800][17.407s][info][gc,heap        ] GC(329) Tenured: 40260K(43712K)->28269K(43712K)
[2026-06-17T10:04:35.505+0800][17.407s][info][gc,metaspace   ] GC(329) Metaspace: 116K(320K)->116K(320K) NonClass: 109K(192K)->109K(192K) Class: 7K(128K)->7K(128K)
[2026-06-17T10:04:35.507+0800][17.409s][info][gc             ] GC(329) Pause Full (Allocation Failure) 58M->27M(61M) 8.759ms
[2026-06-17T10:04:35.507+0800][17.409s][info][gc,cpu         ] GC(329) User=0.00s Sys=0.00s Real=0.01s
[2026-06-17T10:04:35.549+0800][17.452s][info][gc,start       ] GC(330) Pause Young (Allocation Failure)
[2026-06-17T10:04:35.551+0800][17.453s][info][gc,heap        ] GC(330) DefNew: 17472K(19648K)->2170K(19648K) Eden: 17472K(17472K)->0K(17472K) From: 0K(2176K)->2170K(2176K)
[2026-06-17T10:04:35.551+0800][17.453s][info][gc,heap        ] GC(330) Tenured: 28269K(43712K)->33622K(43712K)
[2026-06-17T10:04:35.552+0800][17.454s][info][gc,metaspace   ] GC(330) Metaspace: 116K(320K)->116K(320K) NonClass: 109K(192K)->109K(192K) Class: 7K(128K)->7K(128K)
[2026-06-17T10:04:35.552+0800][17.454s][info][gc             ] GC(330) Pause Young (Allocation Failure) 44M->34M(61M) 2.871ms
[2026-06-17T10:04:35.553+0800][17.455s][info][gc,cpu         ] GC(330) User=0.00s Sys=0.00s Real=0.01s
[2026-06-17T10:04:35.595+0800][17.497s][info][gc,start       ] GC(331) Pause Young (Allocation Failure)
[2026-06-17T10:04:35.597+0800][17.499s][info][gc,heap        ] GC(331) DefNew: 19625K(19648K)->2175K(19648K) Eden: 17455K(17472K)->0K(17472K) From: 2170K(2176K)->2175K(2176K)
[2026-06-17T10:04:35.597+0800][17.499s][info][gc,heap        ] GC(331) Tenured: 33622K(43712K)->40201K(43712K)
[2026-06-17T10:04:35.598+0800][17.500s][info][gc,metaspace   ] GC(331) Metaspace: 116K(320K)->116K(320K) NonClass: 109K(192K)->109K(192K) Class: 7K(128K)->7K(128K)
[2026-06-17T10:04:35.599+0800][17.501s][info][gc             ] GC(331) Pause Young (Allocation Failure) 51M->41M(61M) 3.577ms
[2026-06-17T10:04:35.599+0800][17.502s][info][gc,cpu         ] GC(331) User=0.01s Sys=0.00s Real=0.00s
[2026-06-17T10:04:35.652+0800][17.555s][info][gc,start       ] GC(332) Pause Full (Allocation Failure)
[2026-06-17T10:04:35.653+0800][17.555s][info][gc,phases,start] GC(332) Phase 1: Mark live objects
[2026-06-17T10:04:35.655+0800][17.557s][info][gc,phases      ] GC(332) Phase 1: Mark live objects 1.418ms
[2026-06-17T10:04:35.655+0800][17.557s][info][gc,phases,start] GC(332) Phase 2: Compute new object addresses
[2026-06-17T10:04:35.656+0800][17.558s][info][gc,phases      ] GC(332) Phase 2: Compute new object addresses 0.983ms
[2026-06-17T10:04:35.657+0800][17.559s][info][gc,phases,start] GC(332) Phase 3: Adjust pointers
[2026-06-17T10:04:35.658+0800][17.560s][info][gc,phases      ] GC(332) Phase 3: Adjust pointers 0.957ms
[2026-06-17T10:04:35.659+0800][17.561s][info][gc,phases,start] GC(332) Phase 4: Move objects
[2026-06-17T10:04:35.661+0800][17.564s][info][gc,phases      ] GC(332) Phase 4: Move objects 2.811ms
[2026-06-17T10:04:35.662+0800][17.564s][info][gc,heap        ] GC(332) DefNew: 19643K(19648K)->0K(19648K) Eden: 17468K(17472K)->0K(17472K) From: 2175K(2176K)->0K(2176K)
[2026-06-17T10:04:35.662+0800][17.564s][info][gc,heap        ] GC(332) Tenured: 40201K(43712K)->25177K(43712K)
[2026-06-17T10:04:35.663+0800][17.565s][info][gc,metaspace   ] GC(332) Metaspace: 116K(320K)->116K(320K) NonClass: 109K(192K)->109K(192K) Class: 7K(128K)->7K(128K)
[2026-06-17T10:04:35.663+0800][17.565s][info][gc             ] GC(332) Pause Full (Allocation Failure) 58M->24M(61M) 10.422ms
[2026-06-17T10:04:35.663+0800][17.565s][info][gc,cpu         ] GC(332) User=0.00s Sys=0.00s Real=0.01s
[2026-06-17T10:04:35.695+0800][17.597s][info][gc,start       ] GC(333) Pause Young (Allocation Failure)
[2026-06-17T10:04:35.696+0800][17.598s][info][gc,heap        ] GC(333) DefNew: 17368K(19648K)->2172K(19648K) Eden: 17368K(17472K)->0K(17472K) From: 0K(2176K)->2172K(2176K)
[2026-06-17T10:04:35.696+0800][17.598s][info][gc,heap        ] GC(333) Tenured: 25177K(43712K)->29787K(43712K)
[2026-06-17T10:04:35.696+0800][17.599s][info][gc,metaspace   ] GC(333) Metaspace: 116K(320K)->116K(320K) NonClass: 109K(192K)->109K(192K) Class: 7K(128K)->7K(128K)
[2026-06-17T10:04:35.697+0800][17.599s][info][gc             ] GC(333) Pause Young (Allocation Failure) 41M->31M(61M) 1.640ms
[2026-06-17T10:04:35.697+0800][17.599s][info][gc,cpu         ] GC(333) User=0.00s Sys=0.00s Real=0.00s
[2026-06-17T10:04:35.749+0800][17.651s][info][gc,start       ] GC(334) Pause Young (Allocation Failure)
[2026-06-17T10:04:35.750+0800][17.652s][info][gc,heap        ] GC(334) DefNew: 19644K(19648K)->2129K(19648K) Eden: 17472K(17472K)->0K(17472K) From: 2172K(2176K)->2129K(2176K)
[2026-06-17T10:04:35.750+0800][17.652s][info][gc,heap        ] GC(334) Tenured: 29787K(43712K)->33502K(43712K)
[2026-06-17T10:04:35.751+0800][17.654s][info][gc,metaspace   ] GC(334) Metaspace: 116K(320K)->116K(320K) NonClass: 109K(192K)->109K(192K) Class: 7K(128K)->7K(128K)
[2026-06-17T10:04:35.752+0800][17.654s][info][gc             ] GC(334) Pause Young (Allocation Failure) 48M->34M(61M) 2.633ms
[2026-06-17T10:04:35.752+0800][17.654s][info][gc,cpu         ] GC(334) User=0.00s Sys=0.00s Real=0.01s
[2026-06-17T10:04:35.794+0800][17.696s][info][gc,start       ] GC(335) Pause Young (Allocation Failure)
[2026-06-17T10:04:35.795+0800][17.697s][info][gc,heap        ] GC(335) DefNew: 19601K(19648K)->2166K(19648K) Eden: 17472K(17472K)->0K(17472K) From: 2129K(2176K)->2166K(2176K)
[2026-06-17T10:04:35.796+0800][17.698s][info][gc,heap        ] GC(335) Tenured: 33502K(43712K)->37201K(43712K)
[2026-06-17T10:04:35.796+0800][17.698s][info][gc,metaspace   ] GC(335) Metaspace: 116K(320K)->116K(320K) NonClass: 109K(192K)->109K(192K) Class: 7K(128K)->7K(128K)
[2026-06-17T10:04:35.796+0800][17.698s][info][gc             ] GC(335) Pause Young (Allocation Failure) 51M->38M(61M) 2.321ms
[2026-06-17T10:04:35.797+0800][17.699s][info][gc,cpu         ] GC(335) User=0.00s Sys=0.00s Real=0.00s
[2026-06-17T10:04:35.839+0800][17.741s][info][gc,start       ] GC(336) Pause Full (Allocation Failure)
[2026-06-17T10:04:35.839+0800][17.742s][info][gc,phases,start] GC(336) Phase 1: Mark live objects
[2026-06-17T10:04:35.840+0800][17.742s][info][gc,phases      ] GC(336) Phase 1: Mark live objects 0.777ms
[2026-06-17T10:04:35.840+0800][17.743s][info][gc,phases,start] GC(336) Phase 2: Compute new object addresses
[2026-06-17T10:04:35.841+0800][17.743s][info][gc,phases      ] GC(336) Phase 2: Compute new object addresses 0.401ms
[2026-06-17T10:04:35.841+0800][17.743s][info][gc,phases,start] GC(336) Phase 3: Adjust pointers
[2026-06-17T10:04:35.842+0800][17.744s][info][gc,phases      ] GC(336) Phase 3: Adjust pointers 0.563ms
[2026-06-17T10:04:35.842+0800][17.744s][info][gc,phases,start] GC(336) Phase 4: Move objects
[2026-06-17T10:04:35.844+0800][17.746s][info][gc,phases      ] GC(336) Phase 4: Move objects 2.148ms
[2026-06-17T10:04:35.844+0800][17.747s][info][gc,heap        ] GC(336) DefNew: 19636K(19648K)->0K(19648K) Eden: 17470K(17472K)->0K(17472K) From: 2166K(2176K)->0K(2176K)
[2026-06-17T10:04:35.845+0800][17.747s][info][gc,heap        ] GC(336) Tenured: 37201K(43712K)->30073K(43712K)
[2026-06-17T10:04:35.845+0800][17.747s][info][gc,metaspace   ] GC(336) Metaspace: 116K(320K)->116K(320K) NonClass: 109K(192K)->109K(192K) Class: 7K(128K)->7K(128K)
[2026-06-17T10:04:35.845+0800][17.747s][info][gc             ] GC(336) Pause Full (Allocation Failure) 55M->29M(61M) 6.225ms
[2026-06-17T10:04:35.845+0800][17.748s][info][gc,cpu         ] GC(336) User=0.00s Sys=0.00s Real=0.01s
[2026-06-17T10:04:35.887+0800][17.789s][info][gc,start       ] GC(337) Pause Young (Allocation Failure)
[2026-06-17T10:04:35.888+0800][17.790s][info][gc,heap        ] GC(337) DefNew: 17446K(19648K)->2173K(19648K) Eden: 17446K(17472K)->0K(17472K) From: 0K(2176K)->2173K(2176K)
[2026-06-17T10:04:35.889+0800][17.791s][info][gc,heap        ] GC(337) Tenured: 30073K(43712K)->35151K(43712K)
[2026-06-17T10:04:35.889+0800][17.791s][info][gc,metaspace   ] GC(337) Metaspace: 116K(320K)->116K(320K) NonClass: 109K(192K)->109K(192K) Class: 7K(128K)->7K(128K)
[2026-06-17T10:04:35.889+0800][17.791s][info][gc             ] GC(337) Pause Young (Allocation Failure) 46M->36M(61M) 1.647ms
[2026-06-17T10:04:35.889+0800][17.791s][info][gc,cpu         ] GC(337) User=0.00s Sys=0.00s Real=0.00s
[2026-06-17T10:04:35.931+0800][17.833s][info][gc,start       ] GC(338) Pause Young (Allocation Failure)
[2026-06-17T10:04:35.932+0800][17.834s][info][gc,heap        ] GC(338) DefNew: 19645K(19648K)->2118K(19648K) Eden: 17472K(17472K)->0K(17472K) From: 2173K(2176K)->2118K(2176K)
[2026-06-17T10:04:35.932+0800][17.834s][info][gc,heap        ] GC(338) Tenured: 35151K(43712K)->37958K(43712K)
[2026-06-17T10:04:35.932+0800][17.834s][info][gc,metaspace   ] GC(338) Metaspace: 116K(320K)->116K(320K) NonClass: 109K(192K)->109K(192K) Class: 7K(128K)->7K(128K)
[2026-06-17T10:04:35.932+0800][17.834s][info][gc             ] GC(338) Pause Young (Allocation Failure) 53M->39M(61M) 1.309ms
[2026-06-17T10:04:35.932+0800][17.834s][info][gc,cpu         ] GC(338) User=0.00s Sys=0.00s Real=0.00s
[2026-06-17T10:04:35.974+0800][17.876s][info][gc,start       ] GC(339) Pause Full (Allocation Failure)
[2026-06-17T10:04:35.974+0800][17.877s][info][gc,phases,start] GC(339) Phase 1: Mark live objects
[2026-06-17T10:04:35.976+0800][17.878s][info][gc,phases      ] GC(339) Phase 1: Mark live objects 1.520ms
[2026-06-17T10:04:35.976+0800][17.879s][info][gc,phases,start] GC(339) Phase 2: Compute new object addresses
[2026-06-17T10:04:35.977+0800][17.879s][info][gc,phases      ] GC(339) Phase 2: Compute new object addresses 0.506ms
[2026-06-17T10:04:35.977+0800][17.879s][info][gc,phases,start] GC(339) Phase 3: Adjust pointers
[2026-06-17T10:04:35.978+0800][17.880s][info][gc,phases      ] GC(339) Phase 3: Adjust pointers 0.508ms
[2026-06-17T10:04:35.978+0800][17.880s][info][gc,phases,start] GC(339) Phase 4: Move objects
[2026-06-17T10:04:35.980+0800][17.882s][info][gc,phases      ] GC(339) Phase 4: Move objects 2.083ms
[2026-06-17T10:04:35.980+0800][17.883s][info][gc,heap        ] GC(339) DefNew: 19590K(19648K)->0K(19648K) Eden: 17472K(17472K)->0K(17472K) From: 2118K(2176K)->0K(2176K)
[2026-06-17T10:04:35.981+0800][17.883s][info][gc,heap        ] GC(339) Tenured: 37958K(43712K)->30285K(43712K)
[2026-06-17T10:04:35.981+0800][17.883s][info][gc,metaspace   ] GC(339) Metaspace: 116K(320K)->116K(320K) NonClass: 109K(192K)->109K(192K) Class: 7K(128K)->7K(128K)
[2026-06-17T10:04:35.981+0800][17.884s][info][gc             ] GC(339) Pause Full (Allocation Failure) 56M->29M(61M) 7.421ms
[2026-06-17T10:04:35.982+0800][17.884s][info][gc,cpu         ] GC(339) User=0.00s Sys=0.00s Real=0.00s
[2026-06-17T10:04:36.034+0800][17.936s][info][gc,start       ] GC(340) Pause Young (Allocation Failure)
[2026-06-17T10:04:36.035+0800][17.937s][info][gc,heap        ] GC(340) DefNew: 17445K(19648K)->2021K(19648K) Eden: 17445K(17472K)->0K(17472K) From: 0K(2176K)->2021K(2176K)
[2026-06-17T10:04:36.035+0800][17.937s][info][gc,heap        ] GC(340) Tenured: 30285K(43712K)->31902K(43712K)
[2026-06-17T10:04:36.036+0800][17.938s][info][gc,metaspace   ] GC(340) Metaspace: 116K(320K)->116K(320K) NonClass: 109K(192K)->109K(192K) Class: 7K(128K)->7K(128K)
[2026-06-17T10:04:36.036+0800][17.938s][info][gc             ] GC(340) Pause Young (Allocation Failure) 46M->33M(61M) 2.110ms
[2026-06-17T10:04:36.036+0800][17.938s][info][gc,cpu         ] GC(340) User=0.00s Sys=0.00s Real=0.00s
[2026-06-17T10:04:36.078+0800][17.980s][info][gc,start       ] GC(341) Pause Young (Allocation Failure)
[2026-06-17T10:04:36.080+0800][17.982s][info][gc,heap        ] GC(341) DefNew: 19455K(19648K)->2164K(19648K) Eden: 17433K(17472K)->0K(17472K) From: 2021K(2176K)->2164K(2176K)
[2026-06-17T10:04:36.080+0800][17.982s][info][gc,heap        ] GC(341) Tenured: 31902K(43712K)->34949K(43712K)
[2026-06-17T10:04:36.081+0800][17.983s][info][gc,metaspace   ] GC(341) Metaspace: 116K(320K)->116K(320K) NonClass: 109K(192K)->109K(192K) Class: 7K(128K)->7K(128K)
[2026-06-17T10:04:36.081+0800][17.983s][info][gc             ] GC(341) Pause Young (Allocation Failure) 50M->36M(61M) 2.753ms
[2026-06-17T10:04:36.081+0800][17.983s][info][gc,cpu         ] GC(341) User=0.00s Sys=0.00s Real=0.00s
[2026-06-17T10:04:36.123+0800][18.025s][info][gc,start       ] GC(342) Pause Young (Allocation Failure)
[2026-06-17T10:04:36.124+0800][18.026s][info][gc,heap        ] GC(342) DefNew: 19636K(19648K)->2173K(19648K) Eden: 17472K(17472K)->0K(17472K) From: 2164K(2176K)->2173K(2176K)
[2026-06-17T10:04:36.125+0800][18.027s][info][gc,heap        ] GC(342) Tenured: 34949K(43712K)->39074K(43712K)
[2026-06-17T10:04:36.125+0800][18.028s][info][gc,metaspace   ] GC(342) Metaspace: 116K(320K)->116K(320K) NonClass: 109K(192K)->109K(192K) Class: 7K(128K)->7K(128K)
[2026-06-17T10:04:36.126+0800][18.028s][info][gc             ] GC(342) Pause Young (Allocation Failure) 53M->40M(61M) 2.398ms
[2026-06-17T10:04:36.126+0800][18.028s][info][gc,cpu         ] GC(342) User=0.00s Sys=0.00s Real=0.00s
[2026-06-17T10:04:36.168+0800][18.070s][info][gc,start       ] GC(343) Pause Full (Allocation Failure)
[2026-06-17T10:04:36.169+0800][18.071s][info][gc,phases,start] GC(343) Phase 1: Mark live objects
[2026-06-17T10:04:36.170+0800][18.072s][info][gc,phases      ] GC(343) Phase 1: Mark live objects 1.047ms
[2026-06-17T10:04:36.170+0800][18.072s][info][gc,phases,start] GC(343) Phase 2: Compute new object addresses
[2026-06-17T10:04:36.171+0800][18.073s][info][gc,phases      ] GC(343) Phase 2: Compute new object addresses 0.667ms
[2026-06-17T10:04:36.171+0800][18.073s][info][gc,phases,start] GC(343) Phase 3: Adjust pointers
[2026-06-17T10:04:36.172+0800][18.075s][info][gc,phases      ] GC(343) Phase 3: Adjust pointers 1.262ms
[2026-06-17T10:04:36.173+0800][18.075s][info][gc,phases,start] GC(343) Phase 4: Move objects
[2026-06-17T10:04:36.174+0800][18.077s][info][gc,phases      ] GC(343) Phase 4: Move objects 1.806ms
[2026-06-17T10:04:36.175+0800][18.077s][info][gc,heap        ] GC(343) DefNew: 19494K(19648K)->0K(19648K) Eden: 17320K(17472K)->0K(17472K) From: 2173K(2176K)->0K(2176K)
[2026-06-17T10:04:36.175+0800][18.077s][info][gc,heap        ] GC(343) Tenured: 39074K(43712K)->29587K(43712K)
[2026-06-17T10:04:36.175+0800][18.077s][info][gc,metaspace   ] GC(343) Metaspace: 116K(320K)->116K(320K) NonClass: 109K(192K)->109K(192K) Class: 7K(128K)->7K(128K)
[2026-06-17T10:04:36.175+0800][18.078s][info][gc             ] GC(343) Pause Full (Allocation Failure) 57M->28M(61M) 7.431ms
[2026-06-17T10:04:36.176+0800][18.078s][info][gc,cpu         ] GC(343) User=0.00s Sys=0.00s Real=0.01s
[2026-06-17T10:04:36.228+0800][18.130s][info][gc,start       ] GC(344) Pause Young (Allocation Failure)
[2026-06-17T10:04:36.229+0800][18.131s][info][gc,heap        ] GC(344) DefNew: 17467K(19648K)->2162K(19648K) Eden: 17467K(17472K)->0K(17472K) From: 0K(2176K)->2162K(2176K)
[2026-06-17T10:04:36.229+0800][18.132s][info][gc,heap        ] GC(344) Tenured: 29587K(43712K)->31549K(43712K)
[2026-06-17T10:04:36.230+0800][18.132s][info][gc,metaspace   ] GC(344) Metaspace: 116K(320K)->116K(320K) NonClass: 109K(192K)->109K(192K) Class: 7K(128K)->7K(128K)
[2026-06-17T10:04:36.230+0800][18.132s][info][gc             ] GC(344) Pause Young (Allocation Failure) 45M->32M(61M) 1.750ms
[2026-06-17T10:04:36.230+0800][18.132s][info][gc,cpu         ] GC(344) User=0.00s Sys=0.00s Real=0.00s
[2026-06-17T10:04:36.272+0800][18.174s][info][gc,start       ] GC(345) Pause Young (Allocation Failure)
[2026-06-17T10:04:36.273+0800][18.175s][info][gc,heap        ] GC(345) DefNew: 19596K(19648K)->2153K(19648K) Eden: 17433K(17472K)->0K(17472K) From: 2162K(2176K)->2153K(2176K)
[2026-06-17T10:04:36.273+0800][18.175s][info][gc,heap        ] GC(345) Tenured: 31549K(43712K)->35614K(43712K)
[2026-06-17T10:04:36.273+0800][18.175s][info][gc,metaspace   ] GC(345) Metaspace: 116K(320K)->116K(320K) NonClass: 109K(192K)->109K(192K) Class: 7K(128K)->7K(128K)
[2026-06-17T10:04:36.273+0800][18.176s][info][gc             ] GC(345) Pause Young (Allocation Failure) 49M->36M(61M) 1.440ms
[2026-06-17T10:04:36.274+0800][18.176s][info][gc,cpu         ] GC(345) User=0.01s Sys=0.00s Real=0.00s
[2026-06-17T10:04:36.315+0800][18.218s][info][gc,start       ] GC(346) Pause Young (Allocation Failure)
[2026-06-17T10:04:36.317+0800][18.219s][info][gc,heap        ] GC(346) DefNew: 19625K(19648K)->2142K(19648K) Eden: 17472K(17472K)->0K(17472K) From: 2153K(2176K)->2142K(2176K)
[2026-06-17T10:04:36.317+0800][18.219s][info][gc,heap        ] GC(346) Tenured: 35614K(43712K)->39252K(43712K)
[2026-06-17T10:04:36.317+0800][18.219s][info][gc,metaspace   ] GC(346) Metaspace: 116K(320K)->116K(320K) NonClass: 109K(192K)->109K(192K) Class: 7K(128K)->7K(128K)
[2026-06-17T10:04:36.317+0800][18.219s][info][gc             ] GC(346) Pause Young (Allocation Failure) 53M->40M(61M) 1.927ms
[2026-06-17T10:04:36.317+0800][18.220s][info][gc,cpu         ] GC(346) User=0.00s Sys=0.00s Real=0.00s
[2026-06-17T10:04:36.360+0800][18.262s][info][gc,start       ] GC(347) Pause Full (Allocation Failure)
[2026-06-17T10:04:36.361+0800][18.263s][info][gc,phases,start] GC(347) Phase 1: Mark live objects
[2026-06-17T10:04:36.362+0800][18.264s][info][gc,phases      ] GC(347) Phase 1: Mark live objects 1.179ms
[2026-06-17T10:04:36.362+0800][18.264s][info][gc,phases,start] GC(347) Phase 2: Compute new object addresses
[2026-06-17T10:04:36.362+0800][18.265s][info][gc,phases      ] GC(347) Phase 2: Compute new object addresses 0.470ms
[2026-06-17T10:04:36.363+0800][18.265s][info][gc,phases,start] GC(347) Phase 3: Adjust pointers
[2026-06-17T10:04:36.363+0800][18.265s][info][gc,phases      ] GC(347) Phase 3: Adjust pointers 0.551ms
[2026-06-17T10:04:36.363+0800][18.265s][info][gc,phases,start] GC(347) Phase 4: Move objects
[2026-06-17T10:04:36.366+0800][18.268s][info][gc,phases      ] GC(347) Phase 4: Move objects 2.902ms
[2026-06-17T10:04:36.367+0800][18.269s][info][gc,heap        ] GC(347) DefNew: 19614K(19648K)->0K(19648K) Eden: 17472K(17472K)->0K(17472K) From: 2142K(2176K)->0K(2176K)
[2026-06-17T10:04:36.367+0800][18.269s][info][gc,heap        ] GC(347) Tenured: 39252K(43712K)->28329K(43712K)
[2026-06-17T10:04:36.367+0800][18.269s][info][gc,metaspace   ] GC(347) Metaspace: 116K(320K)->116K(320K) NonClass: 109K(192K)->109K(192K) Class: 7K(128K)->7K(128K)
[2026-06-17T10:04:36.367+0800][18.269s][info][gc             ] GC(347) Pause Full (Allocation Failure) 57M->27M(61M) 6.518ms
[2026-06-17T10:04:36.367+0800][18.269s][info][gc,cpu         ] GC(347) User=0.00s Sys=0.00s Real=0.01s
[2026-06-17T10:04:36.409+0800][18.311s][info][gc,start       ] GC(348) Pause Young (Allocation Failure)
[2026-06-17T10:04:36.409+0800][18.312s][info][gc,heap        ] GC(348) DefNew: 17336K(19648K)->2090K(19648K) Eden: 17336K(17472K)->0K(17472K) From: 0K(2176K)->2090K(2176K)
[2026-06-17T10:04:36.410+0800][18.312s][info][gc,heap        ] GC(348) Tenured: 28329K(43712K)->30299K(43712K)
[2026-06-17T10:04:36.410+0800][18.312s][info][gc,metaspace   ] GC(348) Metaspace: 116K(320K)->116K(320K) NonClass: 109K(192K)->109K(192K) Class: 7K(128K)->7K(128K)
[2026-06-17T10:04:36.410+0800][18.312s][info][gc             ] GC(348) Pause Young (Allocation Failure) 44M->31M(61M) 1.108ms
[2026-06-17T10:04:36.410+0800][18.312s][info][gc,cpu         ] GC(348) User=0.00s Sys=0.00s Real=0.00s
[2026-06-17T10:04:36.452+0800][18.355s][info][gc,start       ] GC(349) Pause Young (Allocation Failure)
[2026-06-17T10:04:36.454+0800][18.356s][info][gc,heap        ] GC(349) DefNew: 19549K(19648K)->2174K(19648K) Eden: 17458K(17472K)->0K(17472K) From: 2090K(2176K)->2174K(2176K)
[2026-06-17T10:04:36.455+0800][18.357s][info][gc,heap        ] GC(349) Tenured: 30299K(43712K)->37185K(43712K)
[2026-06-17T10:04:36.455+0800][18.358s][info][gc,metaspace   ] GC(349) Metaspace: 116K(320K)->116K(320K) NonClass: 109K(192K)->109K(192K) Class: 7K(128K)->7K(128K)
[2026-06-17T10:04:36.456+0800][18.358s][info][gc             ] GC(349) Pause Young (Allocation Failure) 48M->38M(61M) 3.537ms
[2026-06-17T10:04:36.457+0800][18.359s][info][gc,cpu         ] GC(349) User=0.00s Sys=0.00s Real=0.00s
[2026-06-17T10:04:36.509+0800][18.412s][info][gc,start       ] GC(350) Pause Full (Allocation Failure)
[2026-06-17T10:04:36.510+0800][18.412s][info][gc,phases,start] GC(350) Phase 1: Mark live objects
[2026-06-17T10:04:36.511+0800][18.413s][info][gc,phases      ] GC(350) Phase 1: Mark live objects 0.973ms
[2026-06-17T10:04:36.511+0800][18.413s][info][gc,phases,start] GC(350) Phase 2: Compute new object addresses
[2026-06-17T10:04:36.512+0800][18.414s][info][gc,phases      ] GC(350) Phase 2: Compute new object addresses 0.502ms
[2026-06-17T10:04:36.512+0800][18.414s][info][gc,phases,start] GC(350) Phase 3: Adjust pointers
[2026-06-17T10:04:36.512+0800][18.415s][info][gc,phases      ] GC(350) Phase 3: Adjust pointers 0.503ms
[2026-06-17T10:04:36.513+0800][18.415s][info][gc,phases,start] GC(350) Phase 4: Move objects
[2026-06-17T10:04:36.515+0800][18.417s][info][gc,phases      ] GC(350) Phase 4: Move objects 2.185ms
[2026-06-17T10:04:36.515+0800][18.417s][info][gc,heap        ] GC(350) DefNew: 19623K(19648K)->0K(19648K) Eden: 17448K(17472K)->0K(17472K) From: 2174K(2176K)->0K(2176K)
[2026-06-17T10:04:36.516+0800][18.418s][info][gc,heap        ] GC(350) Tenured: 37185K(43712K)->26285K(43712K)
[2026-06-17T10:04:36.516+0800][18.418s][info][gc,metaspace   ] GC(350) Metaspace: 116K(320K)->116K(320K) NonClass: 109K(192K)->109K(192K) Class: 7K(128K)->7K(128K)
[2026-06-17T10:04:36.516+0800][18.418s][info][gc             ] GC(350) Pause Full (Allocation Failure) 55M->25M(61M) 6.476ms
[2026-06-17T10:04:36.516+0800][18.418s][info][gc,cpu         ] GC(350) User=0.00s Sys=0.00s Real=0.01s
[2026-06-17T10:04:36.558+0800][18.460s][info][gc,start       ] GC(351) Pause Young (Allocation Failure)
[2026-06-17T10:04:36.559+0800][18.461s][info][gc,heap        ] GC(351) DefNew: 17472K(19648K)->2168K(19648K) Eden: 17472K(17472K)->0K(17472K) From: 0K(2176K)->2168K(2176K)
[2026-06-17T10:04:36.559+0800][18.461s][info][gc,heap        ] GC(351) Tenured: 26285K(43712K)->31644K(43712K)
[2026-06-17T10:04:36.560+0800][18.462s][info][gc,metaspace   ] GC(351) Metaspace: 116K(320K)->116K(320K) NonClass: 109K(192K)->109K(192K) Class: 7K(128K)->7K(128K)
[2026-06-17T10:04:36.560+0800][18.462s][info][gc             ] GC(351) Pause Young (Allocation Failure) 42M->33M(61M) 1.863ms
[2026-06-17T10:04:36.560+0800][18.462s][info][gc,cpu         ] GC(351) User=0.00s Sys=0.00s Real=0.00s
[2026-06-17T10:04:36.602+0800][18.504s][info][gc,start       ] GC(352) Pause Young (Allocation Failure)
[2026-06-17T10:04:36.603+0800][18.505s][info][gc,heap        ] GC(352) DefNew: 19640K(19648K)->2011K(19648K) Eden: 17472K(17472K)->0K(17472K) From: 2168K(2176K)->2011K(2176K)
[2026-06-17T10:04:36.603+0800][18.506s][info][gc,heap        ] GC(352) Tenured: 31644K(43712K)->35615K(43712K)
[2026-06-17T10:04:36.604+0800][18.506s][info][gc,metaspace   ] GC(352) Metaspace: 116K(320K)->116K(320K) NonClass: 109K(192K)->109K(192K) Class: 7K(128K)->7K(128K)
[2026-06-17T10:04:36.604+0800][18.506s][info][gc             ] GC(352) Pause Young (Allocation Failure) 50M->36M(61M) 1.534ms
[2026-06-17T10:04:36.604+0800][18.506s][info][gc,cpu         ] GC(352) User=0.00s Sys=0.00s Real=0.01s
[2026-06-17T10:04:36.646+0800][18.548s][info][gc,start       ] GC(353) Pause Young (Allocation Failure)
[2026-06-17T10:04:36.646+0800][18.548s][info][gc,heap        ] GC(353) DefNew: 19479K(19648K)->2168K(19648K) Eden: 17467K(17472K)->0K(17472K) From: 2011K(2176K)->2168K(2176K)
[2026-06-17T10:04:36.647+0800][18.549s][info][gc,heap        ] GC(353) Tenured: 35615K(43712K)->38930K(43712K)
[2026-06-17T10:04:36.647+0800][18.549s][info][gc,metaspace   ] GC(353) Metaspace: 116K(320K)->116K(320K) NonClass: 109K(192K)->109K(192K) Class: 7K(128K)->7K(128K)
[2026-06-17T10:04:36.647+0800][18.549s][info][gc             ] GC(353) Pause Young (Allocation Failure) 53M->40M(61M) 1.347ms
[2026-06-17T10:04:36.647+0800][18.549s][info][gc,cpu         ] GC(353) User=0.00s Sys=0.00s Real=0.00s
[2026-06-17T10:04:36.689+0800][18.591s][info][gc,start       ] GC(354) Pause Full (Allocation Failure)
[2026-06-17T10:04:36.689+0800][18.591s][info][gc,phases,start] GC(354) Phase 1: Mark live objects
[2026-06-17T10:04:36.690+0800][18.592s][info][gc,phases      ] GC(354) Phase 1: Mark live objects 0.830ms
[2026-06-17T10:04:36.690+0800][18.592s][info][gc,phases,start] GC(354) Phase 2: Compute new object addresses
[2026-06-17T10:04:36.691+0800][18.593s][info][gc,phases      ] GC(354) Phase 2: Compute new object addresses 0.450ms
[2026-06-17T10:04:36.691+0800][18.593s][info][gc,phases,start] GC(354) Phase 3: Adjust pointers
[2026-06-17T10:04:36.691+0800][18.594s][info][gc,phases      ] GC(354) Phase 3: Adjust pointers 0.479ms
[2026-06-17T10:04:36.692+0800][18.594s][info][gc,phases,start] GC(354) Phase 4: Move objects
[2026-06-17T10:04:36.694+0800][18.596s][info][gc,phases      ] GC(354) Phase 4: Move objects 2.138ms
[2026-06-17T10:04:36.694+0800][18.596s][info][gc,heap        ] GC(354) DefNew: 19625K(19648K)->0K(19648K) Eden: 17457K(17472K)->0K(17472K) From: 2168K(2176K)->0K(2176K)
[2026-06-17T10:04:36.694+0800][18.596s][info][gc,heap        ] GC(354) Tenured: 38930K(43712K)->30458K(43712K)
[2026-06-17T10:04:36.694+0800][18.596s][info][gc,metaspace   ] GC(354) Metaspace: 116K(320K)->116K(320K) NonClass: 109K(192K)->109K(192K) Class: 7K(128K)->7K(128K)
[2026-06-17T10:04:36.694+0800][18.597s][info][gc             ] GC(354) Pause Full (Allocation Failure) 57M->29M(61M) 5.642ms
[2026-06-17T10:04:36.695+0800][18.597s][info][gc,cpu         ] GC(354) User=0.01s Sys=0.00s Real=0.01s
[2026-06-17T10:04:36.747+0800][18.649s][info][gc,start       ] GC(355) Pause Young (Allocation Failure)
[2026-06-17T10:04:36.748+0800][18.650s][info][gc,heap        ] GC(355) DefNew: 17445K(19648K)->2144K(19648K) Eden: 17445K(17472K)->0K(17472K) From: 0K(2176K)->2144K(2176K)
[2026-06-17T10:04:36.748+0800][18.650s][info][gc,heap        ] GC(355) Tenured: 30458K(43712K)->31930K(43712K)
[2026-06-17T10:04:36.749+0800][18.651s][info][gc,metaspace   ] GC(355) Metaspace: 116K(320K)->116K(320K) NonClass: 109K(192K)->109K(192K) Class: 7K(128K)->7K(128K)
[2026-06-17T10:04:36.750+0800][18.652s][info][gc             ] GC(355) Pause Young (Allocation Failure) 46M->33M(61M) 2.990ms
[2026-06-17T10:04:36.750+0800][18.652s][info][gc,cpu         ] GC(355) User=0.00s Sys=0.00s Real=0.00s
[2026-06-17T10:04:36.782+0800][18.684s][info][gc,start       ] GC(356) Pause Young (Allocation Failure)
[2026-06-17T10:04:36.783+0800][18.685s][info][gc,heap        ] GC(356) DefNew: 19375K(19648K)->2100K(19648K) Eden: 17231K(17472K)->0K(17472K) From: 2144K(2176K)->2100K(2176K)
[2026-06-17T10:04:36.783+0800][18.685s][info][gc,heap        ] GC(356) Tenured: 31930K(43712K)->34979K(43712K)
[2026-06-17T10:04:36.783+0800][18.686s][info][gc,metaspace   ] GC(356) Metaspace: 116K(320K)->116K(320K) NonClass: 109K(192K)->109K(192K) Class: 7K(128K)->7K(128K)
[2026-06-17T10:04:36.783+0800][18.686s][info][gc             ] GC(356) Pause Young (Allocation Failure) 50M->36M(61M) 1.637ms
[2026-06-17T10:04:36.784+0800][18.686s][info][gc,cpu         ] GC(356) User=0.00s Sys=0.00s Real=0.01s
[2026-06-17T10:04:36.836+0800][18.738s][info][gc,start       ] GC(357) Pause Young (Allocation Failure)
[2026-06-17T10:04:36.847+0800][18.749s][info][gc,heap        ] GC(357) DefNew: 19535K(19648K)->2070K(19648K) Eden: 17435K(17472K)->0K(17472K) From: 2100K(2176K)->2070K(2176K)
[2026-06-17T10:04:36.847+0800][18.749s][info][gc,heap        ] GC(357) Tenured: 34979K(43712K)->38851K(43712K)
[2026-06-17T10:04:36.847+0800][18.749s][info][gc,metaspace   ] GC(357) Metaspace: 116K(320K)->116K(320K) NonClass: 109K(192K)->109K(192K) Class: 7K(128K)->7K(128K)
[2026-06-17T10:04:36.847+0800][18.749s][info][gc             ] GC(357) Pause Young (Allocation Failure) 53M->39M(61M) 11.594ms
[2026-06-17T10:04:36.847+0800][18.750s][info][gc,cpu         ] GC(357) User=0.00s Sys=0.00s Real=0.01s
[2026-06-17T10:04:36.889+0800][18.792s][info][gc,start       ] GC(358) Pause Full (Allocation Failure)
[2026-06-17T10:04:36.890+0800][18.792s][info][gc,phases,start] GC(358) Phase 1: Mark live objects
[2026-06-17T10:04:36.891+0800][18.793s][info][gc,phases      ] GC(358) Phase 1: Mark live objects 0.962ms
[2026-06-17T10:04:36.891+0800][18.793s][info][gc,phases,start] GC(358) Phase 2: Compute new object addresses
[2026-06-17T10:04:36.892+0800][18.794s][info][gc,phases      ] GC(358) Phase 2: Compute new object addresses 0.828ms
[2026-06-17T10:04:36.892+0800][18.794s][info][gc,phases,start] GC(358) Phase 3: Adjust pointers
[2026-06-17T10:04:36.892+0800][18.794s][info][gc,phases      ] GC(358) Phase 3: Adjust pointers 0.438ms
[2026-06-17T10:04:36.892+0800][18.794s][info][gc,phases,start] GC(358) Phase 4: Move objects
[2026-06-17T10:04:36.894+0800][18.797s][info][gc,phases      ] GC(358) Phase 4: Move objects 2.085ms
[2026-06-17T10:04:36.895+0800][18.797s][info][gc,heap        ] GC(358) DefNew: 19522K(19648K)->0K(19648K) Eden: 17452K(17472K)->0K(17472K) From: 2070K(2176K)->0K(2176K)
[2026-06-17T10:04:36.895+0800][18.797s][info][gc,heap        ] GC(358) Tenured: 38851K(43712K)->31031K(43712K)
[2026-06-17T10:04:36.895+0800][18.797s][info][gc,metaspace   ] GC(358) Metaspace: 116K(320K)->116K(320K) NonClass: 109K(192K)->109K(192K) Class: 7K(128K)->7K(128K)
[2026-06-17T10:04:36.895+0800][18.797s][info][gc             ] GC(358) Pause Full (Allocation Failure) 57M->30M(61M) 5.541ms
[2026-06-17T10:04:36.895+0800][18.797s][info][gc,cpu         ] GC(358) User=0.01s Sys=0.00s Real=0.01s
[2026-06-17T10:04:36.937+0800][18.839s][info][gc,start       ] GC(359) Pause Young (Allocation Failure)
[2026-06-17T10:04:36.938+0800][18.840s][info][gc,heap        ] GC(359) DefNew: 17471K(19648K)->2175K(19648K) Eden: 17471K(17472K)->0K(17472K) From: 0K(2176K)->2175K(2176K)
[2026-06-17T10:04:36.938+0800][18.841s][info][gc,heap        ] GC(359) Tenured: 31031K(43712K)->35830K(43712K)
[2026-06-17T10:04:36.939+0800][18.841s][info][gc,metaspace   ] GC(359) Metaspace: 116K(320K)->116K(320K) NonClass: 109K(192K)->109K(192K) Class: 7K(128K)->7K(128K)
[2026-06-17T10:04:36.939+0800][18.841s][info][gc             ] GC(359) Pause Young (Allocation Failure) 47M->37M(61M) 2.091ms
[2026-06-17T10:04:36.939+0800][18.841s][info][gc,cpu         ] GC(359) User=0.00s Sys=0.00s Real=0.00s
[2026-06-17T10:04:36.981+0800][18.883s][info][gc,start       ] GC(360) Pause Young (Allocation Failure)
[2026-06-17T10:04:36.982+0800][18.885s][info][gc,heap        ] GC(360) DefNew: 19647K(19648K)->2171K(19648K) Eden: 17472K(17472K)->0K(17472K) From: 2175K(2176K)->2171K(2176K)
[2026-06-17T10:04:36.983+0800][18.885s][info][gc,heap        ] GC(360) Tenured: 35830K(43712K)->40655K(43712K)
[2026-06-17T10:04:36.983+0800][18.885s][info][gc,metaspace   ] GC(360) Metaspace: 116K(320K)->116K(320K) NonClass: 109K(192K)->109K(192K) Class: 7K(128K)->7K(128K)
[2026-06-17T10:04:36.983+0800][18.885s][info][gc             ] GC(360) Pause Young (Allocation Failure) 54M->41M(61M) 1.922ms
[2026-06-17T10:04:36.984+0800][18.886s][info][gc,cpu         ] GC(360) User=0.00s Sys=0.00s Real=0.01s
[2026-06-17T10:04:37.025+0800][18.927s][info][gc,start       ] GC(361) Pause Full (Allocation Failure)
[2026-06-17T10:04:37.026+0800][18.928s][info][gc,phases,start] GC(361) Phase 1: Mark live objects
[2026-06-17T10:04:37.027+0800][18.929s][info][gc,phases      ] GC(361) Phase 1: Mark live objects 0.899ms
[2026-06-17T10:04:37.027+0800][18.929s][info][gc,phases,start] GC(361) Phase 2: Compute new object addresses
[2026-06-17T10:04:37.027+0800][18.929s][info][gc,phases      ] GC(361) Phase 2: Compute new object addresses 0.438ms
[2026-06-17T10:04:37.027+0800][18.930s][info][gc,phases,start] GC(361) Phase 3: Adjust pointers
[2026-06-17T10:04:37.028+0800][18.930s][info][gc,phases      ] GC(361) Phase 3: Adjust pointers 0.435ms
[2026-06-17T10:04:37.028+0800][18.930s][info][gc,phases,start] GC(361) Phase 4: Move objects
[2026-06-17T10:04:37.030+0800][18.932s][info][gc,phases      ] GC(361) Phase 4: Move objects 1.984ms
[2026-06-17T10:04:37.031+0800][18.933s][info][gc,heap        ] GC(361) DefNew: 19488K(19648K)->0K(19648K) Eden: 17316K(17472K)->0K(17472K) From: 2171K(2176K)->0K(2176K)
[2026-06-17T10:04:37.031+0800][18.933s][info][gc,heap        ] GC(361) Tenured: 40655K(43712K)->28360K(43712K)
[2026-06-17T10:04:37.031+0800][18.933s][info][gc,metaspace   ] GC(361) Metaspace: 116K(320K)->116K(320K) NonClass: 109K(192K)->109K(192K) Class: 7K(128K)->7K(128K)
[2026-06-17T10:04:37.031+0800][18.933s][info][gc             ] GC(361) Pause Full (Allocation Failure) 58M->27M(61M) 5.730ms
[2026-06-17T10:04:37.031+0800][18.933s][info][gc,cpu         ] GC(361) User=0.01s Sys=0.00s Real=0.01s
[2026-06-17T10:04:37.073+0800][18.975s][info][gc,start       ] GC(362) Pause Young (Allocation Failure)
[2026-06-17T10:04:37.074+0800][18.976s][info][gc,heap        ] GC(362) DefNew: 17244K(19648K)->2143K(19648K) Eden: 17244K(17472K)->0K(17472K) From: 0K(2176K)->2143K(2176K)
[2026-06-17T10:04:37.074+0800][18.976s][info][gc,heap        ] GC(362) Tenured: 28360K(43712K)->29663K(43712K)
[2026-06-17T10:04:37.074+0800][18.976s][info][gc,metaspace   ] GC(362) Metaspace: 116K(320K)->116K(320K) NonClass: 109K(192K)->109K(192K) Class: 7K(128K)->7K(128K)
[2026-06-17T10:04:37.075+0800][18.977s][info][gc             ] GC(362) Pause Young (Allocation Failure) 44M->31M(61M) 1.477ms
[2026-06-17T10:04:37.075+0800][18.977s][info][gc,cpu         ] GC(362) User=0.00s Sys=0.00s Real=0.00s
[2026-06-17T10:04:37.127+0800][19.029s][info][gc,start       ] GC(363) Pause Young (Allocation Failure)
[2026-06-17T10:04:37.128+0800][19.030s][info][gc,heap        ] GC(363) DefNew: 19615K(19648K)->2153K(19648K) Eden: 17472K(17472K)->0K(17472K) From: 2143K(2176K)->2153K(2176K)
[2026-06-17T10:04:37.128+0800][19.030s][info][gc,heap        ] GC(363) Tenured: 29663K(43712K)->33259K(43712K)
[2026-06-17T10:04:37.128+0800][19.031s][info][gc,metaspace   ] GC(363) Metaspace: 116K(320K)->116K(320K) NonClass: 109K(192K)->109K(192K) Class: 7K(128K)->7K(128K)
[2026-06-17T10:04:37.129+0800][19.031s][info][gc             ] GC(363) Pause Young (Allocation Failure) 48M->34M(61M) 2.075ms
[2026-06-17T10:04:37.129+0800][19.031s][info][gc,cpu         ] GC(363) User=0.00s Sys=0.00s Real=0.00s
[2026-06-17T10:04:37.161+0800][19.063s][info][gc,start       ] GC(364) Pause Young (Allocation Failure)
[2026-06-17T10:04:37.162+0800][19.064s][info][gc,heap        ] GC(364) DefNew: 19517K(19648K)->2106K(19648K) Eden: 17363K(17472K)->0K(17472K) From: 2153K(2176K)->2106K(2176K)
[2026-06-17T10:04:37.162+0800][19.064s][info][gc,heap        ] GC(364) Tenured: 33259K(43712K)->36299K(43712K)
[2026-06-17T10:04:37.162+0800][19.065s][info][gc,metaspace   ] GC(364) Metaspace: 116K(320K)->116K(320K) NonClass: 109K(192K)->109K(192K) Class: 7K(128K)->7K(128K)
[2026-06-17T10:04:37.163+0800][19.065s][info][gc             ] GC(364) Pause Young (Allocation Failure) 51M->37M(61M) 1.691ms
[2026-06-17T10:04:37.163+0800][19.065s][info][gc,cpu         ] GC(364) User=0.00s Sys=0.00s Real=0.01s
[2026-06-17T10:04:37.215+0800][19.117s][info][gc,start       ] GC(365) Pause Young (Allocation Failure)
[2026-06-17T10:04:37.216+0800][19.118s][info][gc,heap        ] GC(365) DefNew: 19557K(19648K)->2040K(19648K) Eden: 17451K(17472K)->0K(17472K) From: 2106K(2176K)->2040K(2176K)
[2026-06-17T10:04:37.216+0800][19.119s][info][gc,heap        ] GC(365) Tenured: 36299K(43712K)->40285K(43712K)
[2026-06-17T10:04:37.217+0800][19.119s][info][gc,metaspace   ] GC(365) Metaspace: 116K(320K)->116K(320K) NonClass: 109K(192K)->109K(192K) Class: 7K(128K)->7K(128K)
[2026-06-17T10:04:37.217+0800][19.119s][info][gc             ] GC(365) Pause Young (Allocation Failure) 54M->41M(61M) 1.978ms
[2026-06-17T10:04:37.217+0800][19.119s][info][gc,cpu         ] GC(365) User=0.00s Sys=0.00s Real=0.00s
[2026-06-17T10:04:37.259+0800][19.161s][info][gc,start       ] GC(366) Pause Full (Allocation Failure)
[2026-06-17T10:04:37.259+0800][19.161s][info][gc,phases,start] GC(366) Phase 1: Mark live objects
[2026-06-17T10:04:37.260+0800][19.162s][info][gc,phases      ] GC(366) Phase 1: Mark live objects 0.972ms
[2026-06-17T10:04:37.260+0800][19.163s][info][gc,phases,start] GC(366) Phase 2: Compute new object addresses
[2026-06-17T10:04:37.261+0800][19.163s][info][gc,phases      ] GC(366) Phase 2: Compute new object addresses 0.438ms
[2026-06-17T10:04:37.261+0800][19.163s][info][gc,phases,start] GC(366) Phase 3: Adjust pointers
[2026-06-17T10:04:37.262+0800][19.164s][info][gc,phases      ] GC(366) Phase 3: Adjust pointers 0.423ms
[2026-06-17T10:04:37.262+0800][19.164s][info][gc,phases,start] GC(366) Phase 4: Move objects
[2026-06-17T10:04:37.264+0800][19.166s][info][gc,phases      ] GC(366) Phase 4: Move objects 2.496ms
[2026-06-17T10:04:37.265+0800][19.167s][info][gc,heap        ] GC(366) DefNew: 19481K(19648K)->0K(19648K) Eden: 17440K(17472K)->0K(17472K) From: 2040K(2176K)->0K(2176K)
[2026-06-17T10:04:37.265+0800][19.168s][info][gc,heap        ] GC(366) Tenured: 40285K(43712K)->35692K(43712K)
[2026-06-17T10:04:37.266+0800][19.168s][info][gc,metaspace   ] GC(366) Metaspace: 116K(320K)->116K(320K) NonClass: 109K(192K)->109K(192K) Class: 7K(128K)->7K(128K)
[2026-06-17T10:04:37.267+0800][19.169s][info][gc             ] GC(366) Pause Full (Allocation Failure) 58M->34M(61M) 7.777ms
[2026-06-17T10:04:37.267+0800][19.169s][info][gc,cpu         ] GC(366) User=0.00s Sys=0.00s Real=0.01s
[2026-06-17T10:04:37.309+0800][19.211s][info][gc,start       ] GC(367) Pause Young (Allocation Failure)
[2026-06-17T10:04:37.312+0800][19.215s][info][gc,heap        ] GC(367) DefNew: 17436K(19648K)->2173K(19648K) Eden: 17436K(17472K)->0K(17472K) From: 0K(2176K)->2173K(2176K)
[2026-06-17T10:04:37.313+0800][19.215s][info][gc,heap        ] GC(367) Tenured: 35692K(43712K)->40782K(43712K)
[2026-06-17T10:04:37.313+0800][19.215s][info][gc,metaspace   ] GC(367) Metaspace: 116K(320K)->116K(320K) NonClass: 109K(192K)->109K(192K) Class: 7K(128K)->7K(128K)
[2026-06-17T10:04:37.313+0800][19.215s][info][gc             ] GC(367) Pause Young (Allocation Failure) 51M->41M(61M) 4.165ms
[2026-06-17T10:04:37.313+0800][19.216s][info][gc,cpu         ] GC(367) User=0.00s Sys=0.00s Real=0.01s
[2026-06-17T10:04:37.355+0800][19.258s][info][gc,start       ] GC(368) Pause Full (Allocation Failure)
[2026-06-17T10:04:37.356+0800][19.258s][info][gc,phases,start] GC(368) Phase 1: Mark live objects
[2026-06-17T10:04:37.357+0800][19.259s][info][gc,phases      ] GC(368) Phase 1: Mark live objects 0.871ms
[2026-06-17T10:04:37.357+0800][19.259s][info][gc,phases,start] GC(368) Phase 2: Compute new object addresses
[2026-06-17T10:04:37.357+0800][19.260s][info][gc,phases      ] GC(368) Phase 2: Compute new object addresses 0.452ms
[2026-06-17T10:04:37.358+0800][19.260s][info][gc,phases,start] GC(368) Phase 3: Adjust pointers
[2026-06-17T10:04:37.360+0800][19.263s][info][gc,phases      ] GC(368) Phase 3: Adjust pointers 2.278ms
[2026-06-17T10:04:37.362+0800][19.264s][info][gc,phases,start] GC(368) Phase 4: Move objects
[2026-06-17T10:04:37.366+0800][19.269s][info][gc,phases      ] GC(368) Phase 4: Move objects 4.551ms
[2026-06-17T10:04:37.368+0800][19.270s][info][gc,heap        ] GC(368) DefNew: 19645K(19648K)->0K(19648K) Eden: 17472K(17472K)->0K(17472K) From: 2173K(2176K)->0K(2176K)
[2026-06-17T10:04:37.371+0800][19.273s][info][gc,heap        ] GC(368) Tenured: 40782K(43712K)->27711K(43712K)
[2026-06-17T10:04:37.373+0800][19.275s][info][gc,metaspace   ] GC(368) Metaspace: 116K(320K)->116K(320K) NonClass: 109K(192K)->109K(192K) Class: 7K(128K)->7K(128K)
[2026-06-17T10:04:37.374+0800][19.277s][info][gc             ] GC(368) Pause Full (Allocation Failure) 59M->27M(61M) 19.040ms
[2026-06-17T10:04:37.375+0800][19.277s][info][gc,cpu         ] GC(368) User=0.01s Sys=0.00s Real=0.02s
[2026-06-17T10:04:37.417+0800][19.320s][info][gc,start       ] GC(369) Pause Young (Allocation Failure)
[2026-06-17T10:04:37.419+0800][19.322s][info][gc,heap        ] GC(369) DefNew: 17419K(19648K)->2172K(19648K) Eden: 17419K(17472K)->0K(17472K) From: 0K(2176K)->2172K(2176K)
[2026-06-17T10:04:37.423+0800][19.325s][info][gc,heap        ] GC(369) Tenured: 27711K(43712K)->28980K(43712K)
[2026-06-17T10:04:37.423+0800][19.325s][info][gc,metaspace   ] GC(369) Metaspace: 116K(320K)->116K(320K) NonClass: 109K(192K)->109K(192K) Class: 7K(128K)->7K(128K)
[2026-06-17T10:04:37.423+0800][19.325s][info][gc             ] GC(369) Pause Young (Allocation Failure) 44M->30M(61M) 5.706ms
[2026-06-17T10:04:37.423+0800][19.325s][info][gc,cpu         ] GC(369) User=0.00s Sys=0.00s Real=0.01s
[2026-06-17T10:04:37.475+0800][19.378s][info][gc,start       ] GC(370) Pause Young (Allocation Failure)
[2026-06-17T10:04:37.477+0800][19.379s][info][gc,heap        ] GC(370) DefNew: 19644K(19648K)->2134K(19648K) Eden: 17472K(17472K)->0K(17472K) From: 2172K(2176K)->2134K(2176K)
[2026-06-17T10:04:37.478+0800][19.380s][info][gc,heap        ] GC(370) Tenured: 28980K(43712K)->33108K(43712K)
[2026-06-17T10:04:37.480+0800][19.382s][info][gc,metaspace   ] GC(370) Metaspace: 116K(320K)->116K(320K) NonClass: 109K(192K)->109K(192K) Class: 7K(128K)->7K(128K)
[2026-06-17T10:04:37.484+0800][19.386s][info][gc             ] GC(370) Pause Young (Allocation Failure) 47M->34M(61M) 8.697ms
[2026-06-17T10:04:37.485+0800][19.387s][info][gc,cpu         ] GC(370) User=0.00s Sys=0.00s Real=0.01s
[2026-06-17T10:04:37.529+0800][19.431s][info][gc,start       ] GC(371) Pause Young (Allocation Failure)
[2026-06-17T10:04:37.530+0800][19.432s][info][gc,heap        ] GC(371) DefNew: 19602K(19648K)->2175K(19648K) Eden: 17467K(17472K)->0K(17472K) From: 2134K(2176K)->2175K(2176K)
[2026-06-17T10:04:37.532+0800][19.434s][info][gc,heap        ] GC(371) Tenured: 33108K(43712K)->36293K(43712K)
[2026-06-17T10:04:37.534+0800][19.436s][info][gc,metaspace   ] GC(371) Metaspace: 116K(320K)->116K(320K) NonClass: 109K(192K)->109K(192K) Class: 7K(128K)->7K(128K)
[2026-06-17T10:04:37.536+0800][19.438s][info][gc             ] GC(371) Pause Young (Allocation Failure) 51M->37M(61M) 6.586ms
[2026-06-17T10:04:37.537+0800][19.440s][info][gc,cpu         ] GC(371) User=0.00s Sys=0.00s Real=0.01s
[2026-06-17T10:04:37.581+0800][19.483s][info][gc,start       ] GC(372) Pause Young (Allocation Failure)
[2026-06-17T10:04:37.582+0800][19.484s][info][gc,heap        ] GC(372) DefNew: 19647K(19648K)->2175K(19648K) Eden: 17472K(17472K)->0K(17472K) From: 2175K(2176K)->2175K(2176K)
[2026-06-17T10:04:37.582+0800][19.484s][info][gc,heap        ] GC(372) Tenured: 36293K(43712K)->40506K(43712K)
[2026-06-17T10:04:37.583+0800][19.485s][info][gc,metaspace   ] GC(372) Metaspace: 116K(320K)->116K(320K) NonClass: 109K(192K)->109K(192K) Class: 7K(128K)->7K(128K)
[2026-06-17T10:04:37.583+0800][19.485s][info][gc             ] GC(372) Pause Young (Allocation Failure) 54M->41M(61M) 1.983ms
[2026-06-17T10:04:37.583+0800][19.485s][info][gc,cpu         ] GC(372) User=0.01s Sys=0.00s Real=0.01s
[2026-06-17T10:04:37.625+0800][19.528s][info][gc,start       ] GC(373) Pause Full (Allocation Failure)
[2026-06-17T10:04:37.633+0800][19.535s][info][gc,phases,start] GC(373) Phase 1: Mark live objects
[2026-06-17T10:04:37.635+0800][19.537s][info][gc,phases      ] GC(373) Phase 1: Mark live objects 1.617ms
[2026-06-17T10:04:37.635+0800][19.537s][info][gc,phases,start] GC(373) Phase 2: Compute new object addresses
[2026-06-17T10:04:37.636+0800][19.538s][info][gc,phases      ] GC(373) Phase 2: Compute new object addresses 0.666ms
[2026-06-17T10:04:37.636+0800][19.539s][info][gc,phases,start] GC(373) Phase 3: Adjust pointers
[2026-06-17T10:04:37.637+0800][19.539s][info][gc,phases      ] GC(373) Phase 3: Adjust pointers 0.655ms
[2026-06-17T10:04:37.637+0800][19.540s][info][gc,phases,start] GC(373) Phase 4: Move objects
[2026-06-17T10:04:37.640+0800][19.542s][info][gc,phases      ] GC(373) Phase 4: Move objects 2.552ms
[2026-06-17T10:04:37.641+0800][19.543s][info][gc,heap        ] GC(373) DefNew: 19601K(19648K)->0K(19648K) Eden: 17426K(17472K)->0K(17472K) From: 2175K(2176K)->0K(2176K)
[2026-06-17T10:04:37.641+0800][19.543s][info][gc,heap        ] GC(373) Tenured: 40506K(43712K)->34040K(43712K)
[2026-06-17T10:04:37.642+0800][19.544s][info][gc,metaspace   ] GC(373) Metaspace: 116K(320K)->116K(320K) NonClass: 109K(192K)->109K(192K) Class: 7K(128K)->7K(128K)
[2026-06-17T10:04:37.642+0800][19.544s][info][gc             ] GC(373) Pause Full (Allocation Failure) 58M->33M(61M) 16.578ms
[2026-06-17T10:04:37.642+0800][19.545s][info][gc,cpu         ] GC(373) User=0.00s Sys=0.00s Real=0.02s
[2026-06-17T10:04:37.685+0800][19.587s][info][gc,start       ] GC(374) Pause Young (Allocation Failure)
[2026-06-17T10:04:37.688+0800][19.590s][info][gc,heap        ] GC(374) DefNew: 17363K(19648K)->2157K(19648K) Eden: 17363K(17472K)->0K(17472K) From: 0K(2176K)->2157K(2176K)
[2026-06-17T10:04:37.689+0800][19.591s][info][gc,heap        ] GC(374) Tenured: 34040K(43712K)->35433K(43712K)
[2026-06-17T10:04:37.690+0800][19.592s][info][gc,metaspace   ] GC(374) Metaspace: 116K(320K)->116K(320K) NonClass: 109K(192K)->109K(192K) Class: 7K(128K)->7K(128K)
[2026-06-17T10:04:37.690+0800][19.592s][info][gc             ] GC(374) Pause Young (Allocation Failure) 50M->36M(61M) 5.226ms
[2026-06-17T10:04:37.691+0800][19.593s][info][gc,cpu         ] GC(374) User=0.00s Sys=0.00s Real=0.01s
[2026-06-17T10:04:37.733+0800][19.635s][info][gc,start       ] GC(375) Pause Young (Allocation Failure)
[2026-06-17T10:04:37.735+0800][19.638s][info][gc,heap        ] GC(375) DefNew: 19618K(19648K)->2175K(19648K) Eden: 17460K(17472K)->0K(17472K) From: 2157K(2176K)->2175K(2176K)
[2026-06-17T10:04:37.736+0800][19.638s][info][gc,heap        ] GC(375) Tenured: 35433K(43712K)->42493K(43712K)
[2026-06-17T10:04:37.737+0800][19.639s][info][gc,metaspace   ] GC(375) Metaspace: 116K(320K)->116K(320K) NonClass: 109K(192K)->109K(192K) Class: 7K(128K)->7K(128K)
[2026-06-17T10:04:37.738+0800][19.640s][info][gc             ] GC(375) Pause Young (Allocation Failure) 53M->43M(61M) 4.443ms
[2026-06-17T10:04:37.739+0800][19.641s][info][gc,cpu         ] GC(375) User=0.01s Sys=0.00s Real=0.00s
[2026-06-17T10:04:37.791+0800][19.694s][info][gc,start       ] GC(376) Pause Full (Allocation Failure)
[2026-06-17T10:04:37.792+0800][19.694s][info][gc,phases,start] GC(376) Phase 1: Mark live objects
[2026-06-17T10:04:37.793+0800][19.695s][info][gc,phases      ] GC(376) Phase 1: Mark live objects 1.125ms
[2026-06-17T10:04:37.794+0800][19.696s][info][gc,phases,start] GC(376) Phase 2: Compute new object addresses
[2026-06-17T10:04:37.795+0800][19.697s][info][gc,phases      ] GC(376) Phase 2: Compute new object addresses 0.905ms
[2026-06-17T10:04:37.795+0800][19.697s][info][gc,phases,start] GC(376) Phase 3: Adjust pointers
[2026-06-17T10:04:37.796+0800][19.698s][info][gc,phases      ] GC(376) Phase 3: Adjust pointers 0.972ms
[2026-06-17T10:04:37.797+0800][19.699s][info][gc,phases,start] GC(376) Phase 4: Move objects
[2026-06-17T10:04:37.800+0800][19.702s][info][gc,phases      ] GC(376) Phase 4: Move objects 2.880ms
[2026-06-17T10:04:37.800+0800][19.702s][info][gc,heap        ] GC(376) DefNew: 19647K(19648K)->0K(19648K) Eden: 17472K(17472K)->0K(17472K) From: 2175K(2176K)->0K(2176K)
[2026-06-17T10:04:37.801+0800][19.703s][info][gc,heap        ] GC(376) Tenured: 42493K(43712K)->31287K(43712K)
[2026-06-17T10:04:37.801+0800][19.703s][info][gc,metaspace   ] GC(376) Metaspace: 116K(320K)->116K(320K) NonClass: 109K(192K)->109K(192K) Class: 7K(128K)->7K(128K)
[2026-06-17T10:04:37.802+0800][19.704s][info][gc             ] GC(376) Pause Full (Allocation Failure) 60M->30M(61M) 10.090ms
[2026-06-17T10:04:37.802+0800][19.704s][info][gc,cpu         ] GC(376) User=0.00s Sys=0.00s Real=0.00s
[2026-06-17T10:04:37.844+0800][19.746s][info][gc,start       ] GC(377) Pause Young (Allocation Failure)
[2026-06-17T10:04:37.855+0800][19.757s][info][gc,heap        ] GC(377) DefNew: 17470K(19648K)->2168K(19648K) Eden: 17470K(17472K)->0K(17472K) From: 0K(2176K)->2168K(2176K)
[2026-06-17T10:04:37.865+0800][19.768s][info][gc,heap        ] GC(377) Tenured: 31287K(43712K)->36018K(43712K)
[2026-06-17T10:04:37.867+0800][19.769s][info][gc,metaspace   ] GC(377) Metaspace: 116K(320K)->116K(320K) NonClass: 109K(192K)->109K(192K) Class: 7K(128K)->7K(128K)
[2026-06-17T10:04:37.868+0800][19.770s][info][gc             ] GC(377) Pause Young (Allocation Failure) 47M->37M(61M) 23.402ms
[2026-06-17T10:04:37.868+0800][19.770s][info][gc,cpu         ] GC(377) User=0.00s Sys=0.00s Real=0.02s
[2026-06-17T10:04:37.911+0800][19.813s][info][gc,start       ] GC(378) Pause Young (Allocation Failure)
[2026-06-17T10:04:37.912+0800][19.814s][info][gc,heap        ] GC(378) DefNew: 19639K(19648K)->2171K(19648K) Eden: 17470K(17472K)->0K(17472K) From: 2168K(2176K)->2171K(2176K)
[2026-06-17T10:04:37.912+0800][19.814s][info][gc,heap        ] GC(378) Tenured: 36018K(43712K)->39361K(43712K)
[2026-06-17T10:04:37.912+0800][19.814s][info][gc,metaspace   ] GC(378) Metaspace: 116K(320K)->116K(320K) NonClass: 109K(192K)->109K(192K) Class: 7K(128K)->7K(128K)
[2026-06-17T10:04:37.912+0800][19.815s][info][gc             ] GC(378) Pause Young (Allocation Failure) 54M->40M(61M) 1.720ms
[2026-06-17T10:04:37.913+0800][19.815s][info][gc,cpu         ] GC(378) User=0.00s Sys=0.00s Real=0.00s
[2026-06-17T10:04:37.955+0800][19.857s][info][gc,start       ] GC(379) Pause Full (Allocation Failure)
[2026-06-17T10:04:37.955+0800][19.858s][info][gc,phases,start] GC(379) Phase 1: Mark live objects
[2026-06-17T10:04:37.956+0800][19.858s][info][gc,phases      ] GC(379) Phase 1: Mark live objects 0.883ms
[2026-06-17T10:04:37.957+0800][19.859s][info][gc,phases,start] GC(379) Phase 2: Compute new object addresses
[2026-06-17T10:04:37.957+0800][19.860s][info][gc,phases      ] GC(379) Phase 2: Compute new object addresses 0.617ms
[2026-06-17T10:04:37.958+0800][19.860s][info][gc,phases,start] GC(379) Phase 3: Adjust pointers
[2026-06-17T10:04:37.958+0800][19.860s][info][gc,phases      ] GC(379) Phase 3: Adjust pointers 0.493ms
[2026-06-17T10:04:37.959+0800][19.861s][info][gc,phases,start] GC(379) Phase 4: Move objects
[2026-06-17T10:04:37.961+0800][19.863s][info][gc,phases      ] GC(379) Phase 4: Move objects 2.272ms
[2026-06-17T10:04:37.961+0800][19.863s][info][gc,heap        ] GC(379) DefNew: 19631K(19648K)->0K(19648K) Eden: 17460K(17472K)->0K(17472K) From: 2171K(2176K)->0K(2176K)
[2026-06-17T10:04:37.961+0800][19.864s][info][gc,heap        ] GC(379) Tenured: 39361K(43712K)->30822K(43712K)
[2026-06-17T10:04:37.962+0800][19.864s][info][gc,metaspace   ] GC(379) Metaspace: 116K(320K)->116K(320K) NonClass: 109K(192K)->109K(192K) Class: 7K(128K)->7K(128K)
[2026-06-17T10:04:37.962+0800][19.864s][info][gc             ] GC(379) Pause Full (Allocation Failure) 57M->30M(61M) 6.728ms
[2026-06-17T10:04:37.962+0800][19.864s][info][gc,cpu         ] GC(379) User=0.00s Sys=0.00s Real=0.00s
[2026-06-17T10:04:38.004+0800][19.906s][info][gc,start       ] GC(380) Pause Young (Allocation Failure)
[2026-06-17T10:04:38.006+0800][19.908s][info][gc,heap        ] GC(380) DefNew: 17445K(19648K)->2175K(19648K) Eden: 17445K(17472K)->0K(17472K) From: 0K(2176K)->2175K(2176K)
[2026-06-17T10:04:38.006+0800][19.908s][info][gc,heap        ] GC(380) Tenured: 30822K(43712K)->35466K(43712K)
[2026-06-17T10:04:38.006+0800][19.908s][info][gc,metaspace   ] GC(380) Metaspace: 116K(320K)->116K(320K) NonClass: 109K(192K)->109K(192K) Class: 7K(128K)->7K(128K)
[2026-06-17T10:04:38.006+0800][19.909s][info][gc             ] GC(380) Pause Young (Allocation Failure) 47M->36M(61M) 2.353ms
[2026-06-17T10:04:38.007+0800][19.909s][info][gc,cpu         ] GC(380) User=0.00s Sys=0.00s Real=0.00s
[2026-06-17T10:04:38.049+0800][19.951s][info][gc,start       ] GC(381) Pause Young (Allocation Failure)
[2026-06-17T10:04:38.050+0800][19.952s][info][gc,heap        ] GC(381) DefNew: 19647K(19648K)->2160K(19648K) Eden: 17472K(17472K)->0K(17472K) From: 2175K(2176K)->2160K(2176K)
[2026-06-17T10:04:38.050+0800][19.952s][info][gc,heap        ] GC(381) Tenured: 35466K(43712K)->38794K(43712K)
[2026-06-17T10:04:38.050+0800][19.952s][info][gc,metaspace   ] GC(381) Metaspace: 116K(320K)->116K(320K) NonClass: 109K(192K)->109K(192K) Class: 7K(128K)->7K(128K)
[2026-06-17T10:04:38.051+0800][19.953s][info][gc             ] GC(381) Pause Young (Allocation Failure) 53M->39M(61M) 1.906ms
[2026-06-17T10:04:38.051+0800][19.953s][info][gc,cpu         ] GC(381) User=0.00s Sys=0.00s Real=0.01s
[2026-06-17T10:04:38.093+0800][19.995s][info][gc,start       ] GC(382) Pause Full (Allocation Failure)
[2026-06-17T10:04:38.093+0800][19.995s][info][gc,phases,start] GC(382) Phase 1: Mark live objects
[2026-06-17T10:04:38.094+0800][19.996s][info][gc,phases      ] GC(382) Phase 1: Mark live objects 0.767ms
[2026-06-17T10:04:38.094+0800][19.996s][info][gc,phases,start] GC(382) Phase 2: Compute new object addresses
[2026-06-17T10:04:38.094+0800][19.997s][info][gc,phases      ] GC(382) Phase 2: Compute new object addresses 0.464ms
[2026-06-17T10:04:38.095+0800][19.997s][info][gc,phases,start] GC(382) Phase 3: Adjust pointers
[2026-06-17T10:04:38.095+0800][19.997s][info][gc,phases      ] GC(382) Phase 3: Adjust pointers 0.462ms
[2026-06-17T10:04:38.095+0800][19.998s][info][gc,phases,start] GC(382) Phase 4: Move objects
[2026-06-17T10:04:38.097+0800][20.000s][info][gc,phases      ] GC(382) Phase 4: Move objects 1.868ms
[2026-06-17T10:04:38.098+0800][20.000s][info][gc,heap        ] GC(382) DefNew: 19608K(19648K)->0K(19648K) Eden: 17448K(17472K)->0K(17472K) From: 2160K(2176K)->0K(2176K)
[2026-06-17T10:04:38.098+0800][20.000s][info][gc,heap        ] GC(382) Tenured: 38794K(43712K)->30954K(43712K)
[2026-06-17T10:04:38.098+0800][20.000s][info][gc,metaspace   ] GC(382) Metaspace: 116K(320K)->116K(320K) NonClass: 109K(192K)->109K(192K) Class: 7K(128K)->7K(128K)
[2026-06-17T10:04:38.098+0800][20.000s][info][gc             ] GC(382) Pause Full (Allocation Failure) 57M->30M(61M) 5.539ms
[2026-06-17T10:04:38.098+0800][20.000s][info][gc,cpu         ] GC(382) User=0.00s Sys=0.00s Real=0.00s
[2026-06-17T10:04:38.140+0800][20.042s][info][gc,start       ] GC(383) Pause Young (Allocation Failure)
[2026-06-17T10:04:38.142+0800][20.044s][info][gc,heap        ] GC(383) DefNew: 17463K(19648K)->2169K(19648K) Eden: 17463K(17472K)->0K(17472K) From: 0K(2176K)->2169K(2176K)
[2026-06-17T10:04:38.142+0800][20.045s][info][gc,heap        ] GC(383) Tenured: 30954K(43712K)->35888K(43712K)
[2026-06-17T10:04:38.144+0800][20.046s][info][gc,metaspace   ] GC(383) Metaspace: 116K(320K)->116K(320K) NonClass: 109K(192K)->109K(192K) Class: 7K(128K)->7K(128K)
[2026-06-17T10:04:38.146+0800][20.048s][info][gc             ] GC(383) Pause Young (Allocation Failure) 47M->37M(61M) 6.152ms
[2026-06-17T10:04:38.148+0800][20.050s][info][gc,cpu         ] GC(383) User=0.00s Sys=0.00s Real=0.01s
[2026-06-17T10:04:38.202+0800][20.104s][info][gc,start       ] GC(384) Pause Young (Allocation Failure)
[2026-06-17T10:04:38.203+0800][20.105s][info][gc,heap        ] GC(384) DefNew: 19641K(19648K)->1988K(19648K) Eden: 17472K(17472K)->0K(17472K) From: 2169K(2176K)->1988K(2176K)
[2026-06-17T10:04:38.203+0800][20.105s][info][gc,heap        ] GC(384) Tenured: 35888K(43712K)->37413K(43712K)
[2026-06-17T10:04:38.203+0800][20.106s][info][gc,metaspace   ] GC(384) Metaspace: 116K(320K)->116K(320K) NonClass: 109K(192K)->109K(192K) Class: 7K(128K)->7K(128K)
[2026-06-17T10:04:38.203+0800][20.106s][info][gc             ] GC(384) Pause Young (Allocation Failure) 54M->38M(61M) 1.281ms
[2026-06-17T10:04:38.204+0800][20.106s][info][gc,cpu         ] GC(384) User=0.00s Sys=0.00s Real=0.01s
[2026-06-17T10:04:38.246+0800][20.148s][info][gc,start       ] GC(385) Pause Full (Allocation Failure)
[2026-06-17T10:04:38.246+0800][20.148s][info][gc,phases,start] GC(385) Phase 1: Mark live objects
[2026-06-17T10:04:38.247+0800][20.149s][info][gc,phases      ] GC(385) Phase 1: Mark live objects 0.974ms
[2026-06-17T10:04:38.247+0800][20.150s][info][gc,phases,start] GC(385) Phase 2: Compute new object addresses
[2026-06-17T10:04:38.248+0800][20.150s][info][gc,phases      ] GC(385) Phase 2: Compute new object addresses 0.551ms
[2026-06-17T10:04:38.248+0800][20.150s][info][gc,phases,start] GC(385) Phase 3: Adjust pointers
[2026-06-17T10:04:38.249+0800][20.151s][info][gc,phases      ] GC(385) Phase 3: Adjust pointers 0.426ms
[2026-06-17T10:04:38.249+0800][20.151s][info][gc,phases,start] GC(385) Phase 4: Move objects
[2026-06-17T10:04:38.250+0800][20.152s][info][gc,phases      ] GC(385) Phase 4: Move objects 1.533ms
[2026-06-17T10:04:38.251+0800][20.153s][info][gc,heap        ] GC(385) DefNew: 19406K(19648K)->0K(19648K) Eden: 17418K(17472K)->0K(17472K) From: 1988K(2176K)->0K(2176K)
[2026-06-17T10:04:38.251+0800][20.153s][info][gc,heap        ] GC(385) Tenured: 37413K(43712K)->27992K(43712K)
[2026-06-17T10:04:38.251+0800][20.153s][info][gc,metaspace   ] GC(385) Metaspace: 116K(320K)->116K(320K) NonClass: 109K(192K)->109K(192K) Class: 7K(128K)->7K(128K)
[2026-06-17T10:04:38.251+0800][20.153s][info][gc             ] GC(385) Pause Full (Allocation Failure) 55M->27M(61M) 5.530ms
[2026-06-17T10:04:38.251+0800][20.153s][info][gc,cpu         ] GC(385) User=0.01s Sys=0.00s Real=0.01s
[2026-06-17T10:04:38.293+0800][20.195s][info][gc,start       ] GC(386) Pause Young (Allocation Failure)
[2026-06-17T10:04:38.294+0800][20.196s][info][gc,heap        ] GC(386) DefNew: 17454K(19648K)->2174K(19648K) Eden: 17454K(17472K)->0K(17472K) From: 0K(2176K)->2174K(2176K)
[2026-06-17T10:04:38.296+0800][20.198s][info][gc,heap        ] GC(386) Tenured: 27992K(43712K)->32772K(43712K)
[2026-06-17T10:04:38.296+0800][20.198s][info][gc,metaspace   ] GC(386) Metaspace: 116K(320K)->116K(320K) NonClass: 109K(192K)->109K(192K) Class: 7K(128K)->7K(128K)
[2026-06-17T10:04:38.297+0800][20.199s][info][gc             ] GC(386) Pause Young (Allocation Failure) 44M->34M(61M) 3.482ms
[2026-06-17T10:04:38.297+0800][20.199s][info][gc,cpu         ] GC(386) User=0.00s Sys=0.00s Real=0.00s
[2026-06-17T10:04:38.339+0800][20.241s][info][gc,start       ] GC(387) Pause Young (Allocation Failure)
[2026-06-17T10:04:38.340+0800][20.243s][info][gc,heap        ] GC(387) DefNew: 19601K(19648K)->2170K(19648K) Eden: 17427K(17472K)->0K(17472K) From: 2174K(2176K)->2170K(2176K)
[2026-06-17T10:04:38.341+0800][20.243s][info][gc,heap        ] GC(387) Tenured: 32772K(43712K)->38779K(43712K)
[2026-06-17T10:04:38.341+0800][20.243s][info][gc,metaspace   ] GC(387) Metaspace: 116K(320K)->116K(320K) NonClass: 109K(192K)->109K(192K) Class: 7K(128K)->7K(128K)
[2026-06-17T10:04:38.341+0800][20.244s][info][gc             ] GC(387) Pause Young (Allocation Failure) 51M->39M(61M) 2.498ms
[2026-06-17T10:04:38.341+0800][20.244s][info][gc,cpu         ] GC(387) User=0.00s Sys=0.00s Real=0.00s
[2026-06-17T10:04:38.384+0800][20.286s][info][gc,start       ] GC(388) Pause Full (Allocation Failure)
[2026-06-17T10:04:38.384+0800][20.286s][info][gc,phases,start] GC(388) Phase 1: Mark live objects
[2026-06-17T10:04:38.385+0800][20.287s][info][gc,phases      ] GC(388) Phase 1: Mark live objects 0.839ms
[2026-06-17T10:04:38.385+0800][20.287s][info][gc,phases,start] GC(388) Phase 2: Compute new object addresses
[2026-06-17T10:04:38.385+0800][20.288s][info][gc,phases      ] GC(388) Phase 2: Compute new object addresses 0.454ms
[2026-06-17T10:04:38.386+0800][20.288s][info][gc,phases,start] GC(388) Phase 3: Adjust pointers
[2026-06-17T10:04:38.386+0800][20.288s][info][gc,phases      ] GC(388) Phase 3: Adjust pointers 0.436ms
[2026-06-17T10:04:38.386+0800][20.289s][info][gc,phases,start] GC(388) Phase 4: Move objects
[2026-06-17T10:04:38.389+0800][20.291s][info][gc,phases      ] GC(388) Phase 4: Move objects 2.225ms
[2026-06-17T10:04:38.389+0800][20.291s][info][gc,heap        ] GC(388) DefNew: 19642K(19648K)->0K(19648K) Eden: 17472K(17472K)->0K(17472K) From: 2170K(2176K)->0K(2176K)
[2026-06-17T10:04:38.389+0800][20.291s][info][gc,heap        ] GC(388) Tenured: 38779K(43712K)->22817K(43712K)
[2026-06-17T10:04:38.389+0800][20.291s][info][gc,metaspace   ] GC(388) Metaspace: 116K(320K)->116K(320K) NonClass: 109K(192K)->109K(192K) Class: 7K(128K)->7K(128K)
[2026-06-17T10:04:38.389+0800][20.292s][info][gc             ] GC(388) Pause Full (Allocation Failure) 57M->22M(61M) 5.919ms
[2026-06-17T10:04:38.390+0800][20.292s][info][gc,cpu         ] GC(388) User=0.01s Sys=0.00s Real=0.00s
[2026-06-17T10:04:38.441+0800][20.344s][info][gc,start       ] GC(389) Pause Young (Allocation Failure)
[2026-06-17T10:04:38.442+0800][20.344s][info][gc,heap        ] GC(389) DefNew: 17457K(19648K)->2034K(19648K) Eden: 17457K(17472K)->0K(17472K) From: 0K(2176K)->2034K(2176K)
[2026-06-17T10:04:38.443+0800][20.345s][info][gc,heap        ] GC(389) Tenured: 22817K(43712K)->24878K(43712K)
[2026-06-17T10:04:38.443+0800][20.345s][info][gc,metaspace   ] GC(389) Metaspace: 116K(320K)->116K(320K) NonClass: 109K(192K)->109K(192K) Class: 7K(128K)->7K(128K)
[2026-06-17T10:04:38.443+0800][20.345s][info][gc             ] GC(389) Pause Young (Allocation Failure) 39M->26M(61M) 1.406ms
[2026-06-17T10:04:38.443+0800][20.345s][info][gc,cpu         ] GC(389) User=0.00s Sys=0.00s Real=0.01s
[2026-06-17T10:04:38.485+0800][20.387s][info][gc,start       ] GC(390) Pause Young (Allocation Failure)
[2026-06-17T10:04:38.486+0800][20.388s][info][gc,heap        ] GC(390) DefNew: 19506K(19648K)->2174K(19648K) Eden: 17472K(17472K)->0K(17472K) From: 2034K(2176K)->2174K(2176K)
[2026-06-17T10:04:38.486+0800][20.388s][info][gc,heap        ] GC(390) Tenured: 24878K(43712K)->28616K(43712K)
[2026-06-17T10:04:38.486+0800][20.389s][info][gc,metaspace   ] GC(390) Metaspace: 116K(320K)->116K(320K) NonClass: 109K(192K)->109K(192K) Class: 7K(128K)->7K(128K)
[2026-06-17T10:04:38.487+0800][20.389s][info][gc             ] GC(390) Pause Young (Allocation Failure) 43M->30M(61M) 1.766ms
[2026-06-17T10:04:38.487+0800][20.389s][info][gc,cpu         ] GC(390) User=0.00s Sys=0.00s Real=0.00s
[2026-06-17T10:04:38.529+0800][20.431s][info][gc,start       ] GC(391) Pause Young (Allocation Failure)
[2026-06-17T10:04:38.530+0800][20.432s][info][gc,heap        ] GC(391) DefNew: 19600K(19648K)->2175K(19648K) Eden: 17426K(17472K)->0K(17472K) From: 2174K(2176K)->2175K(2176K)
[2026-06-17T10:04:38.530+0800][20.432s][info][gc,heap        ] GC(391) Tenured: 28616K(43712K)->32317K(43712K)
[2026-06-17T10:04:38.530+0800][20.432s][info][gc,metaspace   ] GC(391) Metaspace: 116K(320K)->116K(320K) NonClass: 109K(192K)->109K(192K) Class: 7K(128K)->7K(128K)
[2026-06-17T10:04:38.530+0800][20.433s][info][gc             ] GC(391) Pause Young (Allocation Failure) 47M->33M(61M) 1.451ms
[2026-06-17T10:04:38.531+0800][20.433s][info][gc,cpu         ] GC(391) User=0.00s Sys=0.00s Real=0.01s
[2026-06-17T10:04:38.573+0800][20.475s][info][gc,start       ] GC(392) Pause Young (Allocation Failure)
[2026-06-17T10:04:38.574+0800][20.476s][info][gc,heap        ] GC(392) DefNew: 19647K(19648K)->2175K(19648K) Eden: 17472K(17472K)->0K(17472K) From: 2175K(2176K)->2175K(2176K)
[2026-06-17T10:04:38.574+0800][20.476s][info][gc,heap        ] GC(392) Tenured: 32317K(43712K)->36667K(43712K)
[2026-06-17T10:04:38.574+0800][20.477s][info][gc,metaspace   ] GC(392) Metaspace: 116K(320K)->116K(320K) NonClass: 109K(192K)->109K(192K) Class: 7K(128K)->7K(128K)
[2026-06-17T10:04:38.575+0800][20.477s][info][gc             ] GC(392) Pause Young (Allocation Failure) 50M->37M(61M) 2.205ms
[2026-06-17T10:04:38.575+0800][20.477s][info][gc,cpu         ] GC(392) User=0.01s Sys=0.00s Real=0.00s
[2026-06-17T10:04:38.617+0800][20.519s][info][gc,start       ] GC(393) Pause Full (Allocation Failure)
[2026-06-17T10:04:38.618+0800][20.520s][info][gc,phases,start] GC(393) Phase 1: Mark live objects
[2026-06-17T10:04:38.621+0800][20.523s][info][gc,phases      ] GC(393) Phase 1: Mark live objects 2.565ms
[2026-06-17T10:04:38.622+0800][20.524s][info][gc,phases,start] GC(393) Phase 2: Compute new object addresses
[2026-06-17T10:04:38.623+0800][20.525s][info][gc,phases      ] GC(393) Phase 2: Compute new object addresses 1.232ms
[2026-06-17T10:04:38.623+0800][20.525s][info][gc,phases,start] GC(393) Phase 3: Adjust pointers
[2026-06-17T10:04:38.626+0800][20.528s][info][gc,phases      ] GC(393) Phase 3: Adjust pointers 3.021ms
[2026-06-17T10:04:38.629+0800][20.531s][info][gc,phases,start] GC(393) Phase 4: Move objects
[2026-06-17T10:04:38.631+0800][20.533s][info][gc,phases      ] GC(393) Phase 4: Move objects 2.259ms
[2026-06-17T10:04:38.632+0800][20.535s][info][gc,heap        ] GC(393) DefNew: 19630K(19648K)->0K(19648K) Eden: 17455K(17472K)->0K(17472K) From: 2175K(2176K)->0K(2176K)
[2026-06-17T10:04:38.635+0800][20.537s][info][gc,heap        ] GC(393) Tenured: 36667K(43712K)->29825K(43712K)
[2026-06-17T10:04:38.637+0800][20.539s][info][gc,metaspace   ] GC(393) Metaspace: 116K(320K)->116K(320K) NonClass: 109K(192K)->109K(192K) Class: 7K(128K)->7K(128K)
[2026-06-17T10:04:38.637+0800][20.539s][info][gc             ] GC(393) Pause Full (Allocation Failure) 54M->29M(61M) 19.808ms
[2026-06-17T10:04:38.637+0800][20.539s][info][gc,cpu         ] GC(393) User=0.00s Sys=0.00s Real=0.02s
[2026-06-17T10:04:38.689+0800][20.592s][info][gc,start       ] GC(394) Pause Young (Allocation Failure)
[2026-06-17T10:04:38.690+0800][20.592s][info][gc,heap        ] GC(394) DefNew: 17446K(19648K)->2150K(19648K) Eden: 17446K(17472K)->0K(17472K) From: 0K(2176K)->2150K(2176K)
[2026-06-17T10:04:38.691+0800][20.593s][info][gc,heap        ] GC(394) Tenured: 29825K(43712K)->31495K(43712K)
[2026-06-17T10:04:38.691+0800][20.593s][info][gc,metaspace   ] GC(394) Metaspace: 116K(320K)->116K(320K) NonClass: 109K(192K)->109K(192K) Class: 7K(128K)->7K(128K)
[2026-06-17T10:04:38.691+0800][20.593s][info][gc             ] GC(394) Pause Young (Allocation Failure) 46M->32M(61M) 1.900ms
[2026-06-17T10:04:38.692+0800][20.594s][info][gc,cpu         ] GC(394) User=0.00s Sys=0.00s Real=0.01s
[2026-06-17T10:04:38.724+0800][20.626s][info][gc,start       ] GC(395) Pause Young (Allocation Failure)
[2026-06-17T10:04:38.726+0800][20.629s][info][gc,heap        ] GC(395) DefNew: 19604K(19648K)->2165K(19648K) Eden: 17453K(17472K)->0K(17472K) From: 2150K(2176K)->2165K(2176K)
[2026-06-17T10:04:38.728+0800][20.630s][info][gc,heap        ] GC(395) Tenured: 31495K(43712K)->35338K(43712K)
[2026-06-17T10:04:38.730+0800][20.632s][info][gc,metaspace   ] GC(395) Metaspace: 116K(320K)->116K(320K) NonClass: 109K(192K)->109K(192K) Class: 7K(128K)->7K(128K)
[2026-06-17T10:04:38.731+0800][20.633s][info][gc             ] GC(395) Pause Young (Allocation Failure) 49M->36M(61M) 7.015ms
[2026-06-17T10:04:38.731+0800][20.633s][info][gc,cpu         ] GC(395) User=0.00s Sys=0.00s Real=0.01s
[2026-06-17T10:04:38.783+0800][20.686s][info][gc,start       ] GC(396) Pause Young (Allocation Failure)
[2026-06-17T10:04:38.789+0800][20.692s][info][gc,heap        ] GC(396) DefNew: 19588K(19648K)->2171K(19648K) Eden: 17423K(17472K)->0K(17472K) From: 2165K(2176K)->2171K(2176K)
[2026-06-17T10:04:38.794+0800][20.696s][info][gc,heap        ] GC(396) Tenured: 35338K(43712K)->38947K(43712K)
[2026-06-17T10:04:38.795+0800][20.698s][info][gc,metaspace   ] GC(396) Metaspace: 116K(320K)->116K(320K) NonClass: 109K(192K)->109K(192K) Class: 7K(128K)->7K(128K)
[2026-06-17T10:04:38.796+0800][20.698s][info][gc             ] GC(396) Pause Young (Allocation Failure) 53M->40M(61M) 12.250ms
[2026-06-17T10:04:38.796+0800][20.698s][info][gc,cpu         ] GC(396) User=0.00s Sys=0.00s Real=0.01s
[2026-06-17T10:04:38.838+0800][20.740s][info][gc,start       ] GC(397) Pause Full (Allocation Failure)
[2026-06-17T10:04:38.843+0800][20.745s][info][gc,phases,start] GC(397) Phase 1: Mark live objects
[2026-06-17T10:04:38.848+0800][20.750s][info][gc,phases      ] GC(397) Phase 1: Mark live objects 5.212ms
[2026-06-17T10:04:38.852+0800][20.754s][info][gc,phases,start] GC(397) Phase 2: Compute new object addresses
[2026-06-17T10:04:38.857+0800][20.759s][info][gc,phases      ] GC(397) Phase 2: Compute new object addresses 5.442ms
[2026-06-17T10:04:38.858+0800][20.760s][info][gc,phases,start] GC(397) Phase 3: Adjust pointers
[2026-06-17T10:04:38.858+0800][20.760s][info][gc,phases      ] GC(397) Phase 3: Adjust pointers 0.677ms
[2026-06-17T10:04:38.859+0800][20.761s][info][gc,phases,start] GC(397) Phase 4: Move objects
[2026-06-17T10:04:38.865+0800][20.767s][info][gc,phases      ] GC(397) Phase 4: Move objects 6.374ms
[2026-06-17T10:04:38.871+0800][20.773s][info][gc,heap        ] GC(397) DefNew: 19640K(19648K)->0K(19648K) Eden: 17469K(17472K)->0K(17472K) From: 2171K(2176K)->0K(2176K)
[2026-06-17T10:04:38.877+0800][20.779s][info][gc,heap        ] GC(397) Tenured: 38947K(43712K)->32056K(43712K)
[2026-06-17T10:04:38.881+0800][20.783s][info][gc,metaspace   ] GC(397) Metaspace: 116K(320K)->116K(320K) NonClass: 109K(192K)->109K(192K) Class: 7K(128K)->7K(128K)
[2026-06-17T10:04:38.883+0800][20.785s][info][gc             ] GC(397) Pause Full (Allocation Failure) 57M->31M(61M) 44.983ms
[2026-06-17T10:04:38.888+0800][20.790s][info][gc,cpu         ] GC(397) User=0.00s Sys=0.00s Real=0.05s
[2026-06-17T10:04:38.934+0800][20.836s][info][gc,start       ] GC(398) Pause Young (Allocation Failure)
[2026-06-17T10:04:38.941+0800][20.844s][info][gc,heap        ] GC(398) DefNew: 17467K(19648K)->2173K(19648K) Eden: 17467K(17472K)->0K(17472K) From: 0K(2176K)->2173K(2176K)
[2026-06-17T10:04:38.945+0800][20.847s][info][gc,heap        ] GC(398) Tenured: 32056K(43712K)->37255K(43712K)
[2026-06-17T10:04:38.951+0800][20.853s][info][gc,metaspace   ] GC(398) Metaspace: 116K(320K)->116K(320K) NonClass: 109K(192K)->109K(192K) Class: 7K(128K)->7K(128K)
[2026-06-17T10:04:38.957+0800][20.859s][info][gc             ] GC(398) Pause Young (Allocation Failure) 48M->38M(61M) 22.264ms
[2026-06-17T10:04:38.961+0800][20.863s][info][gc,cpu         ] GC(398) User=0.00s Sys=0.00s Real=0.02s
[2026-06-17T10:04:39.010+0800][20.913s][info][gc,start       ] GC(399) Pause Full (Allocation Failure)
[2026-06-17T10:04:39.011+0800][20.913s][info][gc,phases,start] GC(399) Phase 1: Mark live objects
[2026-06-17T10:04:39.012+0800][20.914s][info][gc,phases      ] GC(399) Phase 1: Mark live objects 0.781ms
[2026-06-17T10:04:39.012+0800][20.914s][info][gc,phases,start] GC(399) Phase 2: Compute new object addresses
[2026-06-17T10:04:39.012+0800][20.914s][info][gc,phases      ] GC(399) Phase 2: Compute new object addresses 0.530ms
[2026-06-17T10:04:39.013+0800][20.915s][info][gc,phases,start] GC(399) Phase 3: Adjust pointers
[2026-06-17T10:04:39.013+0800][20.915s][info][gc,phases      ] GC(399) Phase 3: Adjust pointers 0.444ms
[2026-06-17T10:04:39.013+0800][20.915s][info][gc,phases,start] GC(399) Phase 4: Move objects
[2026-06-17T10:04:39.015+0800][20.917s][info][gc,phases      ] GC(399) Phase 4: Move objects 1.643ms
[2026-06-17T10:04:39.015+0800][20.917s][info][gc,heap        ] GC(399) DefNew: 19645K(19648K)->0K(19648K) Eden: 17471K(17472K)->0K(17472K) From: 2173K(2176K)->0K(2176K)
[2026-06-17T10:04:39.015+0800][20.917s][info][gc,heap        ] GC(399) Tenured: 37255K(43712K)->29034K(43712K)
[2026-06-17T10:04:39.015+0800][20.918s][info][gc,metaspace   ] GC(399) Metaspace: 116K(320K)->116K(320K) NonClass: 109K(192K)->109K(192K) Class: 7K(128K)->7K(128K)
[2026-06-17T10:04:39.016+0800][20.918s][info][gc             ] GC(399) Pause Full (Allocation Failure) 55M->28M(61M) 5.204ms
[2026-06-17T10:04:39.016+0800][20.918s][info][gc,cpu         ] GC(399) User=0.00s Sys=0.00s Real=0.01s
[2026-06-17T10:04:39.058+0800][20.960s][info][gc,start       ] GC(400) Pause Young (Allocation Failure)
[2026-06-17T10:04:39.058+0800][20.961s][info][gc,heap        ] GC(400) DefNew: 17392K(19648K)->2029K(19648K) Eden: 17392K(17472K)->0K(17472K) From: 0K(2176K)->2029K(2176K)
[2026-06-17T10:04:39.059+0800][20.961s][info][gc,heap        ] GC(400) Tenured: 29034K(43712K)->30566K(43712K)
[2026-06-17T10:04:39.059+0800][20.961s][info][gc,metaspace   ] GC(400) Metaspace: 116K(320K)->116K(320K) NonClass: 109K(192K)->109K(192K) Class: 7K(128K)->7K(128K)
[2026-06-17T10:04:39.059+0800][20.961s][info][gc             ] GC(400) Pause Young (Allocation Failure) 45M->31M(61M) 1.467ms
[2026-06-17T10:04:39.059+0800][20.961s][info][gc,cpu         ] GC(400) User=0.00s Sys=0.00s Real=0.00s
[2026-06-17T10:04:39.111+0800][21.014s][info][gc,start       ] GC(401) Pause Young (Allocation Failure)
[2026-06-17T10:04:39.113+0800][21.015s][info][gc,heap        ] GC(401) DefNew: 19501K(19648K)->2151K(19648K) Eden: 17472K(17472K)->0K(17472K) From: 2029K(2176K)->2151K(2176K)
[2026-06-17T10:04:39.113+0800][21.015s][info][gc,heap        ] GC(401) Tenured: 30566K(43712K)->34292K(43712K)
[2026-06-17T10:04:39.113+0800][21.015s][info][gc,metaspace   ] GC(401) Metaspace: 116K(320K)->116K(320K) NonClass: 109K(192K)->109K(192K) Class: 7K(128K)->7K(128K)
[2026-06-17T10:04:39.113+0800][21.016s][info][gc             ] GC(401) Pause Young (Allocation Failure) 48M->35M(61M) 1.975ms
[2026-06-17T10:04:39.113+0800][21.016s][info][gc,cpu         ] GC(401) User=0.00s Sys=0.00s Real=0.00s
[2026-06-17T10:04:39.155+0800][21.057s][info][gc,start       ] GC(402) Pause Young (Allocation Failure)
[2026-06-17T10:04:39.156+0800][21.058s][info][gc,heap        ] GC(402) DefNew: 19623K(19648K)->2170K(19648K) Eden: 17472K(17472K)->0K(17472K) From: 2151K(2176K)->2170K(2176K)
[2026-06-17T10:04:39.156+0800][21.059s][info][gc,heap        ] GC(402) Tenured: 34292K(43712K)->37566K(43712K)
[2026-06-17T10:04:39.157+0800][21.059s][info][gc,metaspace   ] GC(402) Metaspace: 116K(320K)->116K(320K) NonClass: 109K(192K)->109K(192K) Class: 7K(128K)->7K(128K)
[2026-06-17T10:04:39.157+0800][21.059s][info][gc             ] GC(402) Pause Young (Allocation Failure) 52M->38M(61M) 1.621ms
[2026-06-17T10:04:39.157+0800][21.059s][info][gc,cpu         ] GC(402) User=0.01s Sys=0.00s Real=0.00s
[2026-06-17T10:04:39.199+0800][21.101s][info][gc,start       ] GC(403) Pause Full (Allocation Failure)
[2026-06-17T10:04:39.199+0800][21.101s][info][gc,phases,start] GC(403) Phase 1: Mark live objects
[2026-06-17T10:04:39.200+0800][21.102s][info][gc,phases      ] GC(403) Phase 1: Mark live objects 0.821ms
[2026-06-17T10:04:39.200+0800][21.102s][info][gc,phases,start] GC(403) Phase 2: Compute new object addresses
[2026-06-17T10:04:39.201+0800][21.103s][info][gc,phases      ] GC(403) Phase 2: Compute new object addresses 0.407ms
[2026-06-17T10:04:39.201+0800][21.103s][info][gc,phases,start] GC(403) Phase 3: Adjust pointers
[2026-06-17T10:04:39.201+0800][21.104s][info][gc,phases      ] GC(403) Phase 3: Adjust pointers 0.424ms
[2026-06-17T10:04:39.202+0800][21.104s][info][gc,phases,start] GC(403) Phase 4: Move objects
[2026-06-17T10:04:39.203+0800][21.105s][info][gc,phases      ] GC(403) Phase 4: Move objects 1.716ms
[2026-06-17T10:04:39.204+0800][21.106s][info][gc,heap        ] GC(403) DefNew: 19642K(19648K)->0K(19648K) Eden: 17472K(17472K)->0K(17472K) From: 2170K(2176K)->0K(2176K)
[2026-06-17T10:04:39.204+0800][21.106s][info][gc,heap        ] GC(403) Tenured: 37566K(43712K)->30684K(43712K)
[2026-06-17T10:04:39.204+0800][21.106s][info][gc,metaspace   ] GC(403) Metaspace: 116K(320K)->116K(320K) NonClass: 109K(192K)->109K(192K) Class: 7K(128K)->7K(128K)
[2026-06-17T10:04:39.204+0800][21.106s][info][gc             ] GC(403) Pause Full (Allocation Failure) 55M->29M(61M) 5.498ms
[2026-06-17T10:04:39.205+0800][21.107s][info][gc,cpu         ] GC(403) User=0.00s Sys=0.00s Real=0.01s
[2026-06-17T10:04:39.247+0800][21.149s][info][gc,start       ] GC(404) Pause Young (Allocation Failure)
[2026-06-17T10:04:39.248+0800][21.150s][info][gc,heap        ] GC(404) DefNew: 17438K(19648K)->2167K(19648K) Eden: 17438K(17472K)->0K(17472K) From: 0K(2176K)->2167K(2176K)
[2026-06-17T10:04:39.248+0800][21.150s][info][gc,heap        ] GC(404) Tenured: 30684K(43712K)->35363K(43712K)
[2026-06-17T10:04:39.248+0800][21.150s][info][gc,metaspace   ] GC(404) Metaspace: 116K(320K)->116K(320K) NonClass: 109K(192K)->109K(192K) Class: 7K(128K)->7K(128K)
[2026-06-17T10:04:39.248+0800][21.151s][info][gc             ] GC(404) Pause Young (Allocation Failure) 46M->36M(61M) 1.640ms
[2026-06-17T10:04:39.248+0800][21.151s][info][gc,cpu         ] GC(404) User=0.00s Sys=0.00s Real=0.00s
[2026-06-17T10:04:39.290+0800][21.192s][info][gc,start       ] GC(405) Pause Young (Allocation Failure)
[2026-06-17T10:04:39.291+0800][21.193s][info][gc,heap        ] GC(405) DefNew: 19423K(19648K)->2108K(19648K) Eden: 17256K(17472K)->0K(17472K) From: 2167K(2176K)->2108K(2176K)
[2026-06-17T10:04:39.291+0800][21.193s][info][gc,heap        ] GC(405) Tenured: 35363K(43712K)->38473K(43712K)
[2026-06-17T10:04:39.291+0800][21.194s][info][gc,metaspace   ] GC(405) Metaspace: 116K(320K)->116K(320K) NonClass: 109K(192K)->109K(192K) Class: 7K(128K)->7K(128K)
[2026-06-17T10:04:39.292+0800][21.194s][info][gc             ] GC(405) Pause Young (Allocation Failure) 53M->39M(61M) 1.362ms
[2026-06-17T10:04:39.292+0800][21.194s][info][gc,cpu         ] GC(405) User=0.00s Sys=0.00s Real=0.01s
[2026-06-17T10:04:39.344+0800][21.246s][info][gc,start       ] GC(406) Pause Full (Allocation Failure)
[2026-06-17T10:04:39.344+0800][21.246s][info][gc,phases,start] GC(406) Phase 1: Mark live objects
[2026-06-17T10:04:39.345+0800][21.247s][info][gc,phases      ] GC(406) Phase 1: Mark live objects 0.907ms
[2026-06-17T10:04:39.345+0800][21.248s][info][gc,phases,start] GC(406) Phase 2: Compute new object addresses
[2026-06-17T10:04:39.346+0800][21.248s][info][gc,phases      ] GC(406) Phase 2: Compute new object addresses 0.491ms
[2026-06-17T10:04:39.346+0800][21.248s][info][gc,phases,start] GC(406) Phase 3: Adjust pointers
[2026-06-17T10:04:39.347+0800][21.249s][info][gc,phases      ] GC(406) Phase 3: Adjust pointers 0.453ms
[2026-06-17T10:04:39.347+0800][21.249s][info][gc,phases,start] GC(406) Phase 4: Move objects
[2026-06-17T10:04:39.348+0800][21.250s][info][gc,phases      ] GC(406) Phase 4: Move objects 1.543ms
[2026-06-17T10:04:39.349+0800][21.251s][info][gc,heap        ] GC(406) DefNew: 19580K(19648K)->0K(19648K) Eden: 17472K(17472K)->0K(17472K) From: 2108K(2176K)->0K(2176K)
[2026-06-17T10:04:39.349+0800][21.251s][info][gc,heap        ] GC(406) Tenured: 38473K(43712K)->25511K(43712K)
[2026-06-17T10:04:39.349+0800][21.251s][info][gc,metaspace   ] GC(406) Metaspace: 116K(320K)->116K(320K) NonClass: 109K(192K)->109K(192K) Class: 7K(128K)->7K(128K)
[2026-06-17T10:04:39.349+0800][21.252s][info][gc             ] GC(406) Pause Full (Allocation Failure) 56M->24M(61M) 5.791ms
[2026-06-17T10:04:39.350+0800][21.252s][info][gc,cpu         ] GC(406) User=0.01s Sys=0.00s Real=0.00s
[2026-06-17T10:04:39.392+0800][21.294s][info][gc,start       ] GC(407) Pause Young (Allocation Failure)
[2026-06-17T10:04:39.393+0800][21.295s][info][gc,heap        ] GC(407) DefNew: 17427K(19648K)->2175K(19648K) Eden: 17427K(17472K)->0K(17472K) From: 0K(2176K)->2175K(2176K)
[2026-06-17T10:04:39.394+0800][21.296s][info][gc,heap        ] GC(407) Tenured: 25511K(43712K)->30348K(43712K)
[2026-06-17T10:04:39.394+0800][21.296s][info][gc,metaspace   ] GC(407) Metaspace: 116K(320K)->116K(320K) NonClass: 109K(192K)->109K(192K) Class: 7K(128K)->7K(128K)
[2026-06-17T10:04:39.394+0800][21.296s][info][gc             ] GC(407) Pause Young (Allocation Failure) 41M->31M(61M) 2.494ms
[2026-06-17T10:04:39.394+0800][21.296s][info][gc,cpu         ] GC(407) User=0.00s Sys=0.00s Real=0.00s
[2026-06-17T10:04:39.436+0800][21.339s][info][gc,start       ] GC(408) Pause Young (Allocation Failure)
[2026-06-17T10:04:39.437+0800][21.340s][info][gc,heap        ] GC(408) DefNew: 19596K(19648K)->2054K(19648K) Eden: 17420K(17472K)->0K(17472K) From: 2175K(2176K)->2054K(2176K)
[2026-06-17T10:04:39.438+0800][21.340s][info][gc,heap        ] GC(408) Tenured: 30348K(43712K)->35455K(43712K)
[2026-06-17T10:04:39.438+0800][21.340s][info][gc,metaspace   ] GC(408) Metaspace: 116K(320K)->116K(320K) NonClass: 109K(192K)->109K(192K) Class: 7K(128K)->7K(128K)
[2026-06-17T10:04:39.438+0800][21.340s][info][gc             ] GC(408) Pause Young (Allocation Failure) 48M->36M(61M) 1.667ms
[2026-06-17T10:04:39.438+0800][21.340s][info][gc,cpu         ] GC(408) User=0.00s Sys=0.00s Real=0.00s
[2026-06-17T10:04:39.481+0800][21.383s][info][gc,start       ] GC(409) Pause Young (Allocation Failure)
[2026-06-17T10:04:39.481+0800][21.384s][info][gc,heap        ] GC(409) DefNew: 19462K(19648K)->2126K(19648K) Eden: 17408K(17472K)->0K(17472K) From: 2054K(2176K)->2126K(2176K)
[2026-06-17T10:04:39.482+0800][21.384s][info][gc,heap        ] GC(409) Tenured: 35455K(43712K)->38011K(43712K)
[2026-06-17T10:04:39.482+0800][21.384s][info][gc,metaspace   ] GC(409) Metaspace: 116K(320K)->116K(320K) NonClass: 109K(192K)->109K(192K) Class: 7K(128K)->7K(128K)
[2026-06-17T10:04:39.482+0800][21.384s][info][gc             ] GC(409) Pause Young (Allocation Failure) 53M->39M(61M) 1.290ms
[2026-06-17T10:04:39.482+0800][21.384s][info][gc,cpu         ] GC(409) User=0.00s Sys=0.00s Real=0.00s
[2026-06-17T10:04:39.524+0800][21.426s][info][gc,start       ] GC(410) Pause Full (Allocation Failure)
[2026-06-17T10:04:39.525+0800][21.427s][info][gc,phases,start] GC(410) Phase 1: Mark live objects
[2026-06-17T10:04:39.528+0800][21.430s][info][gc,phases      ] GC(410) Phase 1: Mark live objects 2.689ms
[2026-06-17T10:04:39.528+0800][21.430s][info][gc,phases,start] GC(410) Phase 2: Compute new object addresses
[2026-06-17T10:04:39.529+0800][21.431s][info][gc,phases      ] GC(410) Phase 2: Compute new object addresses 0.571ms
[2026-06-17T10:04:39.529+0800][21.431s][info][gc,phases,start] GC(410) Phase 3: Adjust pointers
[2026-06-17T10:04:39.529+0800][21.432s][info][gc,phases      ] GC(410) Phase 3: Adjust pointers 0.463ms
[2026-06-17T10:04:39.530+0800][21.432s][info][gc,phases,start] GC(410) Phase 4: Move objects
[2026-06-17T10:04:39.532+0800][21.434s][info][gc,phases      ] GC(410) Phase 4: Move objects 2.178ms
[2026-06-17T10:04:39.532+0800][21.434s][info][gc,heap        ] GC(410) DefNew: 19585K(19648K)->0K(19648K) Eden: 17459K(17472K)->0K(17472K) From: 2126K(2176K)->0K(2176K)
[2026-06-17T10:04:39.532+0800][21.435s][info][gc,heap        ] GC(410) Tenured: 38011K(43712K)->23045K(43712K)
[2026-06-17T10:04:39.533+0800][21.435s][info][gc,metaspace   ] GC(410) Metaspace: 116K(320K)->116K(320K) NonClass: 109K(192K)->109K(192K) Class: 7K(128K)->7K(128K)
[2026-06-17T10:04:39.533+0800][21.435s][info][gc             ] GC(410) Pause Full (Allocation Failure) 56M->22M(61M) 8.578ms
[2026-06-17T10:04:39.533+0800][21.435s][info][gc,cpu         ] GC(410) User=0.00s Sys=0.00s Real=0.01s
[2026-06-17T10:04:39.575+0800][21.477s][info][gc,start       ] GC(411) Pause Young (Allocation Failure)
[2026-06-17T10:04:39.576+0800][21.478s][info][gc,heap        ] GC(411) DefNew: 17464K(19648K)->2168K(19648K) Eden: 17464K(17472K)->0K(17472K) From: 0K(2176K)->2168K(2176K)
[2026-06-17T10:04:39.576+0800][21.478s][info][gc,heap        ] GC(411) Tenured: 23045K(43712K)->27628K(43712K)
[2026-06-17T10:04:39.577+0800][21.479s][info][gc,metaspace   ] GC(411) Metaspace: 116K(320K)->116K(320K) NonClass: 109K(192K)->109K(192K) Class: 7K(128K)->7K(128K)
[2026-06-17T10:04:39.577+0800][21.479s][info][gc             ] GC(411) Pause Young (Allocation Failure) 39M->29M(61M) 2.242ms
[2026-06-17T10:04:39.577+0800][21.479s][info][gc,cpu         ] GC(411) User=0.00s Sys=0.00s Real=0.00s
[2026-06-17T10:04:39.619+0800][21.522s][info][gc,start       ] GC(412) Pause Young (Allocation Failure)
[2026-06-17T10:04:39.620+0800][21.523s][info][gc,heap        ] GC(412) DefNew: 19640K(19648K)->2174K(19648K) Eden: 17472K(17472K)->0K(17472K) From: 2168K(2176K)->2174K(2176K)
[2026-06-17T10:04:39.621+0800][21.523s][info][gc,heap        ] GC(412) Tenured: 27628K(43712K)->30814K(43712K)
[2026-06-17T10:04:39.621+0800][21.523s][info][gc,metaspace   ] GC(412) Metaspace: 116K(320K)->116K(320K) NonClass: 109K(192K)->109K(192K) Class: 7K(128K)->7K(128K)
[2026-06-17T10:04:39.621+0800][21.523s][info][gc             ] GC(412) Pause Young (Allocation Failure) 46M->32M(61M) 1.706ms
[2026-06-17T10:04:39.621+0800][21.523s][info][gc,cpu         ] GC(412) User=0.00s Sys=0.00s Real=0.00s
[2026-06-17T10:04:39.663+0800][21.565s][info][gc,start       ] GC(413) Pause Young (Allocation Failure)
[2026-06-17T10:04:39.665+0800][21.567s][info][gc,heap        ] GC(413) DefNew: 19382K(19648K)->1666K(19648K) Eden: 17208K(17472K)->0K(17472K) From: 2174K(2176K)->1666K(2176K)
[2026-06-17T10:04:39.666+0800][21.568s][info][gc,heap        ] GC(413) Tenured: 30814K(43712K)->31669K(43712K)
[2026-06-17T10:04:39.667+0800][21.569s][info][gc,metaspace   ] GC(413) Metaspace: 116K(320K)->116K(320K) NonClass: 109K(192K)->109K(192K) Class: 7K(128K)->7K(128K)
[2026-06-17T10:04:39.669+0800][21.571s][info][gc             ] GC(413) Pause Young (Allocation Failure) 49M->32M(61M) 5.439ms
[2026-06-17T10:04:39.673+0800][21.575s][info][gc,cpu         ] GC(413) User=0.00s Sys=0.00s Real=0.01s
[2026-06-17T10:04:39.734+0800][21.636s][info][gc,start       ] GC(414) Pause Young (Allocation Failure)
[2026-06-17T10:04:39.736+0800][21.639s][info][gc,heap        ] GC(414) DefNew: 19138K(19648K)->2165K(19648K) Eden: 17472K(17472K)->0K(17472K) From: 1666K(2176K)->2165K(2176K)
[2026-06-17T10:04:39.738+0800][21.640s][info][gc,heap        ] GC(414) Tenured: 31669K(43712K)->35122K(43712K)
[2026-06-17T10:04:39.741+0800][21.644s][info][gc,metaspace   ] GC(414) Metaspace: 116K(320K)->116K(320K) NonClass: 109K(192K)->109K(192K) Class: 7K(128K)->7K(128K)
[2026-06-17T10:04:39.750+0800][21.652s][info][gc             ] GC(414) Pause Young (Allocation Failure) 49M->36M(61M) 15.843ms
[2026-06-17T10:04:39.750+0800][21.652s][info][gc,cpu         ] GC(414) User=0.00s Sys=0.00s Real=0.01s
[2026-06-17T10:04:39.792+0800][21.694s][info][gc,start       ] GC(415) Pause Young (Allocation Failure)
[2026-06-17T10:04:39.794+0800][21.697s][info][gc,heap        ] GC(415) DefNew: 19637K(19648K)->2154K(19648K) Eden: 17472K(17472K)->0K(17472K) From: 2165K(2176K)->2154K(2176K)
[2026-06-17T10:04:39.797+0800][21.699s][info][gc,heap        ] GC(415) Tenured: 35122K(43712K)->38694K(43712K)
[2026-06-17T10:04:39.800+0800][21.702s][info][gc,metaspace   ] GC(415) Metaspace: 116K(320K)->116K(320K) NonClass: 109K(192K)->109K(192K) Class: 7K(128K)->7K(128K)
[2026-06-17T10:04:39.804+0800][21.706s][info][gc             ] GC(415) Pause Young (Allocation Failure) 53M->39M(61M) 11.523ms
[2026-06-17T10:04:39.805+0800][21.708s][info][gc,cpu         ] GC(415) User=0.00s Sys=0.00s Real=0.01s
[2026-06-17T10:04:39.848+0800][21.750s][info][gc,start       ] GC(416) Pause Full (Allocation Failure)
[2026-06-17T10:04:39.848+0800][21.750s][info][gc,phases,start] GC(416) Phase 1: Mark live objects
[2026-06-17T10:04:39.849+0800][21.751s][info][gc,phases      ] GC(416) Phase 1: Mark live objects 0.950ms
[2026-06-17T10:04:39.850+0800][21.752s][info][gc,phases,start] GC(416) Phase 2: Compute new object addresses
[2026-06-17T10:04:39.850+0800][21.752s][info][gc,phases      ] GC(416) Phase 2: Compute new object addresses 0.463ms
[2026-06-17T10:04:39.850+0800][21.752s][info][gc,phases,start] GC(416) Phase 3: Adjust pointers
[2026-06-17T10:04:39.851+0800][21.753s][info][gc,phases      ] GC(416) Phase 3: Adjust pointers 0.481ms
[2026-06-17T10:04:39.851+0800][21.753s][info][gc,phases,start] GC(416) Phase 4: Move objects
[2026-06-17T10:04:39.853+0800][21.755s][info][gc,phases      ] GC(416) Phase 4: Move objects 2.105ms
[2026-06-17T10:04:39.853+0800][21.756s][info][gc,heap        ] GC(416) DefNew: 19620K(19648K)->0K(19648K) Eden: 17465K(17472K)->0K(17472K) From: 2154K(2176K)->0K(2176K)
[2026-06-17T10:04:39.854+0800][21.756s][info][gc,heap        ] GC(416) Tenured: 38694K(43712K)->30561K(43712K)
[2026-06-17T10:04:39.854+0800][21.756s][info][gc,metaspace   ] GC(416) Metaspace: 116K(320K)->116K(320K) NonClass: 109K(192K)->109K(192K) Class: 7K(128K)->7K(128K)
[2026-06-17T10:04:39.854+0800][21.756s][info][gc             ] GC(416) Pause Full (Allocation Failure) 56M->29M(61M) 6.334ms
[2026-06-17T10:04:39.854+0800][21.757s][info][gc,cpu         ] GC(416) User=0.00s Sys=0.00s Real=0.01s
[2026-06-17T10:04:39.896+0800][21.798s][info][gc,start       ] GC(417) Pause Young (Allocation Failure)
[2026-06-17T10:04:39.897+0800][21.799s][info][gc,heap        ] GC(417) DefNew: 17461K(19648K)->2175K(19648K) Eden: 17461K(17472K)->0K(17472K) From: 0K(2176K)->2175K(2176K)
[2026-06-17T10:04:39.898+0800][21.800s][info][gc,heap        ] GC(417) Tenured: 30561K(43712K)->35745K(43712K)
[2026-06-17T10:04:39.898+0800][21.800s][info][gc,metaspace   ] GC(417) Metaspace: 116K(320K)->116K(320K) NonClass: 109K(192K)->109K(192K) Class: 7K(128K)->7K(128K)
[2026-06-17T10:04:39.898+0800][21.800s][info][gc             ] GC(417) Pause Young (Allocation Failure) 46M->37M(61M) 1.704ms
[2026-06-17T10:04:39.898+0800][21.800s][info][gc,cpu         ] GC(417) User=0.00s Sys=0.00s Real=0.00s
[2026-06-17T10:04:39.940+0800][21.842s][info][gc,start       ] GC(418) Pause Young (Allocation Failure)
[2026-06-17T10:04:39.941+0800][21.843s][info][gc,heap        ] GC(418) DefNew: 19540K(19648K)->2106K(19648K) Eden: 17364K(17472K)->0K(17472K) From: 2175K(2176K)->2106K(2176K)
[2026-06-17T10:04:39.941+0800][21.843s][info][gc,heap        ] GC(418) Tenured: 35745K(43712K)->37912K(43712K)
[2026-06-17T10:04:39.941+0800][21.843s][info][gc,metaspace   ] GC(418) Metaspace: 116K(320K)->116K(320K) NonClass: 109K(192K)->109K(192K) Class: 7K(128K)->7K(128K)
[2026-06-17T10:04:39.941+0800][21.844s][info][gc             ] GC(418) Pause Young (Allocation Failure) 53M->39M(61M) 1.509ms
[2026-06-17T10:04:39.942+0800][21.844s][info][gc,cpu         ] GC(418) User=0.01s Sys=0.00s Real=0.00s
[2026-06-17T10:04:39.984+0800][21.886s][info][gc,start       ] GC(419) Pause Full (Allocation Failure)
[2026-06-17T10:04:39.984+0800][21.887s][info][gc,phases,start] GC(419) Phase 1: Mark live objects
[2026-06-17T10:04:39.985+0800][21.888s][info][gc,phases      ] GC(419) Phase 1: Mark live objects 1.005ms
[2026-06-17T10:04:39.986+0800][21.888s][info][gc,phases,start] GC(419) Phase 2: Compute new object addresses
[2026-06-17T10:04:39.987+0800][21.889s][info][gc,phases      ] GC(419) Phase 2: Compute new object addresses 0.965ms
[2026-06-17T10:04:39.987+0800][21.889s][info][gc,phases,start] GC(419) Phase 3: Adjust pointers
[2026-06-17T10:04:39.988+0800][21.890s][info][gc,phases      ] GC(419) Phase 3: Adjust pointers 0.628ms
[2026-06-17T10:04:39.988+0800][21.890s][info][gc,phases,start] GC(419) Phase 4: Move objects
[2026-06-17T10:04:39.990+0800][21.893s][info][gc,phases      ] GC(419) Phase 4: Move objects 2.171ms
[2026-06-17T10:04:39.991+0800][21.893s][info][gc,heap        ] GC(419) DefNew: 19564K(19648K)->0K(19648K) Eden: 17457K(17472K)->0K(17472K) From: 2106K(2176K)->0K(2176K)
[2026-06-17T10:04:39.991+0800][21.894s][info][gc,heap        ] GC(419) Tenured: 37912K(43712K)->30866K(43712K)
[2026-06-17T10:04:39.992+0800][21.894s][info][gc,metaspace   ] GC(419) Metaspace: 116K(320K)->116K(320K) NonClass: 109K(192K)->109K(192K) Class: 7K(128K)->7K(128K)
[2026-06-17T10:04:39.992+0800][21.894s][info][gc             ] GC(419) Pause Full (Allocation Failure) 56M->30M(61M) 8.370ms
[2026-06-17T10:04:39.993+0800][21.895s][info][gc,cpu         ] GC(419) User=0.00s Sys=0.00s Real=0.01s
[2026-06-17T10:04:40.035+0800][21.937s][info][gc,start       ] GC(420) Pause Young (Allocation Failure)
[2026-06-17T10:04:40.036+0800][21.938s][info][gc,heap        ] GC(420) DefNew: 17472K(19648K)->2173K(19648K) Eden: 17472K(17472K)->0K(17472K) From: 0K(2176K)->2173K(2176K)
[2026-06-17T10:04:40.036+0800][21.939s][info][gc,heap        ] GC(420) Tenured: 30866K(43712K)->35719K(43712K)
[2026-06-17T10:04:40.037+0800][21.939s][info][gc,metaspace   ] GC(420) Metaspace: 116K(320K)->116K(320K) NonClass: 109K(192K)->109K(192K) Class: 7K(128K)->7K(128K)
[2026-06-17T10:04:40.037+0800][21.939s][info][gc             ] GC(420) Pause Young (Allocation Failure) 47M->37M(61M) 2.305ms
[2026-06-17T10:04:40.037+0800][21.940s][info][gc,cpu         ] GC(420) User=0.00s Sys=0.00s Real=0.00s
[2026-06-17T10:04:40.080+0800][21.982s][info][gc,start       ] GC(421) Pause Young (Allocation Failure)
[2026-06-17T10:04:40.080+0800][21.982s][info][gc,heap        ] GC(421) DefNew: 19462K(19648K)->2166K(19648K) Eden: 17288K(17472K)->0K(17472K) From: 2173K(2176K)->2166K(2176K)
[2026-06-17T10:04:40.081+0800][21.983s][info][gc,heap        ] GC(421) Tenured: 35719K(43712K)->38223K(43712K)
[2026-06-17T10:04:40.081+0800][21.983s][info][gc,metaspace   ] GC(421) Metaspace: 116K(320K)->116K(320K) NonClass: 109K(192K)->109K(192K) Class: 7K(128K)->7K(128K)
[2026-06-17T10:04:40.081+0800][21.983s][info][gc             ] GC(421) Pause Young (Allocation Failure) 53M->39M(61M) 1.384ms
[2026-06-17T10:04:40.081+0800][21.983s][info][gc,cpu         ] GC(421) User=0.01s Sys=0.00s Real=0.00s
[2026-06-17T10:04:40.133+0800][22.035s][info][gc,start       ] GC(422) Pause Full (Allocation Failure)
[2026-06-17T10:04:40.133+0800][22.036s][info][gc,phases,start] GC(422) Phase 1: Mark live objects
[2026-06-17T10:04:40.134+0800][22.036s][info][gc,phases      ] GC(422) Phase 1: Mark live objects 0.913ms
[2026-06-17T10:04:40.135+0800][22.037s][info][gc,phases,start] GC(422) Phase 2: Compute new object addresses
[2026-06-17T10:04:40.135+0800][22.037s][info][gc,phases      ] GC(422) Phase 2: Compute new object addresses 0.498ms
[2026-06-17T10:04:40.135+0800][22.038s][info][gc,phases,start] GC(422) Phase 3: Adjust pointers
[2026-06-17T10:04:40.136+0800][22.038s][info][gc,phases      ] GC(422) Phase 3: Adjust pointers 0.615ms
[2026-06-17T10:04:40.136+0800][22.039s][info][gc,phases,start] GC(422) Phase 4: Move objects
[2026-06-17T10:04:40.138+0800][22.040s][info][gc,phases      ] GC(422) Phase 4: Move objects 1.723ms
[2026-06-17T10:04:40.139+0800][22.041s][info][gc,heap        ] GC(422) DefNew: 19605K(19648K)->0K(19648K) Eden: 17438K(17472K)->0K(17472K) From: 2166K(2176K)->0K(2176K)
[2026-06-17T10:04:40.139+0800][22.041s][info][gc,heap        ] GC(422) Tenured: 38223K(43712K)->28588K(43712K)
[2026-06-17T10:04:40.139+0800][22.042s][info][gc,metaspace   ] GC(422) Metaspace: 116K(320K)->116K(320K) NonClass: 109K(192K)->109K(192K) Class: 7K(128K)->7K(128K)
[2026-06-17T10:04:40.140+0800][22.042s][info][gc             ] GC(422) Pause Full (Allocation Failure) 56M->27M(61M) 7.120ms
[2026-06-17T10:04:40.140+0800][22.043s][info][gc,cpu         ] GC(422) User=0.00s Sys=0.00s Real=0.00s
[2026-06-17T10:04:40.182+0800][22.085s][info][gc,start       ] GC(423) Pause Young (Allocation Failure)
[2026-06-17T10:04:40.183+0800][22.086s][info][gc,heap        ] GC(423) DefNew: 17448K(19648K)->2175K(19648K) Eden: 17448K(17472K)->0K(17472K) From: 0K(2176K)->2175K(2176K)
[2026-06-17T10:04:40.184+0800][22.086s][info][gc,heap        ] GC(423) Tenured: 28588K(43712K)->33263K(43712K)
[2026-06-17T10:04:40.184+0800][22.086s][info][gc,metaspace   ] GC(423) Metaspace: 116K(320K)->116K(320K) NonClass: 109K(192K)->109K(192K) Class: 7K(128K)->7K(128K)
[2026-06-17T10:04:40.184+0800][22.086s][info][gc             ] GC(423) Pause Young (Allocation Failure) 44M->34M(61M) 1.727ms
[2026-06-17T10:04:40.184+0800][22.086s][info][gc,cpu         ] GC(423) User=0.00s Sys=0.00s Real=0.01s
[2026-06-17T10:04:40.226+0800][22.128s][info][gc,start       ] GC(424) Pause Young (Allocation Failure)
[2026-06-17T10:04:40.227+0800][22.129s][info][gc,heap        ] GC(424) DefNew: 19647K(19648K)->2146K(19648K) Eden: 17472K(17472K)->0K(17472K) From: 2175K(2176K)->2146K(2176K)
[2026-06-17T10:04:40.227+0800][22.130s][info][gc,heap        ] GC(424) Tenured: 33263K(43712K)->39303K(43712K)
[2026-06-17T10:04:40.228+0800][22.130s][info][gc,metaspace   ] GC(424) Metaspace: 116K(320K)->116K(320K) NonClass: 109K(192K)->109K(192K) Class: 7K(128K)->7K(128K)
[2026-06-17T10:04:40.228+0800][22.130s][info][gc             ] GC(424) Pause Young (Allocation Failure) 51M->40M(61M) 1.739ms
[2026-06-17T10:04:40.228+0800][22.130s][info][gc,cpu         ] GC(424) User=0.00s Sys=0.00s Real=0.00s
[2026-06-17T10:04:40.271+0800][22.173s][info][gc,start       ] GC(425) Pause Full (Allocation Failure)
[2026-06-17T10:04:40.272+0800][22.174s][info][gc,phases,start] GC(425) Phase 1: Mark live objects
[2026-06-17T10:04:40.273+0800][22.175s][info][gc,phases      ] GC(425) Phase 1: Mark live objects 0.916ms
[2026-06-17T10:04:40.273+0800][22.175s][info][gc,phases,start] GC(425) Phase 2: Compute new object addresses
[2026-06-17T10:04:40.274+0800][22.176s][info][gc,phases      ] GC(425) Phase 2: Compute new object addresses 0.413ms
[2026-06-17T10:04:40.274+0800][22.176s][info][gc,phases,start] GC(425) Phase 3: Adjust pointers
[2026-06-17T10:04:40.274+0800][22.176s][info][gc,phases      ] GC(425) Phase 3: Adjust pointers 0.406ms
[2026-06-17T10:04:40.274+0800][22.177s][info][gc,phases,start] GC(425) Phase 4: Move objects
[2026-06-17T10:04:40.276+0800][22.178s][info][gc,phases      ] GC(425) Phase 4: Move objects 1.710ms
[2026-06-17T10:04:40.277+0800][22.179s][info][gc,heap        ] GC(425) DefNew: 19601K(19648K)->0K(19648K) Eden: 17455K(17472K)->0K(17472K) From: 2146K(2176K)->0K(2176K)
[2026-06-17T10:04:40.277+0800][22.179s][info][gc,heap        ] GC(425) Tenured: 39303K(43712K)->28663K(43712K)
[2026-06-17T10:04:40.277+0800][22.180s][info][gc,metaspace   ] GC(425) Metaspace: 116K(320K)->116K(320K) NonClass: 109K(192K)->109K(192K) Class: 7K(128K)->7K(128K)
[2026-06-17T10:04:40.278+0800][22.180s][info][gc             ] GC(425) Pause Full (Allocation Failure) 57M->27M(61M) 6.215ms
[2026-06-17T10:04:40.278+0800][22.180s][info][gc,cpu         ] GC(425) User=0.00s Sys=0.00s Real=0.00s
[2026-06-17T10:04:40.320+0800][22.222s][info][gc,start       ] GC(426) Pause Young (Allocation Failure)
[2026-06-17T10:04:40.320+0800][22.223s][info][gc,heap        ] GC(426) DefNew: 17389K(19648K)->2087K(19648K) Eden: 17389K(17472K)->0K(17472K) From: 0K(2176K)->2087K(2176K)
[2026-06-17T10:04:40.321+0800][22.223s][info][gc,heap        ] GC(426) Tenured: 28663K(43712K)->30099K(43712K)
[2026-06-17T10:04:40.321+0800][22.224s][info][gc,metaspace   ] GC(426) Metaspace: 116K(320K)->116K(320K) NonClass: 109K(192K)->109K(192K) Class: 7K(128K)->7K(128K)
[2026-06-17T10:04:40.322+0800][22.224s][info][gc             ] GC(426) Pause Young (Allocation Failure) 44M->31M(61M) 1.984ms
[2026-06-17T10:04:40.322+0800][22.224s][info][gc,cpu         ] GC(426) User=0.00s Sys=0.00s Real=0.00s
[2026-06-17T10:04:40.374+0800][22.276s][info][gc,start       ] GC(427) Pause Young (Allocation Failure)
[2026-06-17T10:04:40.375+0800][22.277s][info][gc,heap        ] GC(427) DefNew: 19551K(19648K)->2089K(19648K) Eden: 17464K(17472K)->0K(17472K) From: 2087K(2176K)->2089K(2176K)
[2026-06-17T10:04:40.375+0800][22.277s][info][gc,heap        ] GC(427) Tenured: 30099K(43712K)->33823K(43712K)
[2026-06-17T10:04:40.375+0800][22.278s][info][gc,metaspace   ] GC(427) Metaspace: 116K(320K)->116K(320K) NonClass: 109K(192K)->109K(192K) Class: 7K(128K)->7K(128K)
[2026-06-17T10:04:40.376+0800][22.278s][info][gc             ] GC(427) Pause Young (Allocation Failure) 48M->35M(61M) 1.907ms
[2026-06-17T10:04:40.376+0800][22.278s][info][gc,cpu         ] GC(427) User=0.00s Sys=0.00s Real=0.00s
[2026-06-17T10:04:40.418+0800][22.320s][info][gc,start       ] GC(428) Pause Young (Allocation Failure)
[2026-06-17T10:04:40.419+0800][22.321s][info][gc,heap        ] GC(428) DefNew: 19513K(19648K)->2171K(19648K) Eden: 17423K(17472K)->0K(17472K) From: 2089K(2176K)->2171K(2176K)
[2026-06-17T10:04:40.419+0800][22.321s][info][gc,heap        ] GC(428) Tenured: 33823K(43712K)->37631K(43712K)
[2026-06-17T10:04:40.419+0800][22.322s][info][gc,metaspace   ] GC(428) Metaspace: 116K(320K)->116K(320K) NonClass: 109K(192K)->109K(192K) Class: 7K(128K)->7K(128K)
[2026-06-17T10:04:40.420+0800][22.322s][info][gc             ] GC(428) Pause Young (Allocation Failure) 52M->38M(61M) 1.742ms
[2026-06-17T10:04:40.420+0800][22.322s][info][gc,cpu         ] GC(428) User=0.00s Sys=0.00s Real=0.00s
[2026-06-17T10:04:40.462+0800][22.364s][info][gc,start       ] GC(429) Pause Full (Allocation Failure)
[2026-06-17T10:04:40.462+0800][22.364s][info][gc,phases,start] GC(429) Phase 1: Mark live objects
[2026-06-17T10:04:40.463+0800][22.365s][info][gc,phases      ] GC(429) Phase 1: Mark live objects 0.936ms
[2026-06-17T10:04:40.463+0800][22.365s][info][gc,phases,start] GC(429) Phase 2: Compute new object addresses
[2026-06-17T10:04:40.464+0800][22.366s][info][gc,phases      ] GC(429) Phase 2: Compute new object addresses 0.438ms
[2026-06-17T10:04:40.464+0800][22.366s][info][gc,phases,start] GC(429) Phase 3: Adjust pointers
[2026-06-17T10:04:40.464+0800][22.366s][info][gc,phases      ] GC(429) Phase 3: Adjust pointers 0.398ms
[2026-06-17T10:04:40.464+0800][22.367s][info][gc,phases,start] GC(429) Phase 4: Move objects
[2026-06-17T10:04:40.467+0800][22.369s][info][gc,phases      ] GC(429) Phase 4: Move objects 2.635ms
[2026-06-17T10:04:40.468+0800][22.370s][info][gc,heap        ] GC(429) DefNew: 19643K(19648K)->0K(19648K) Eden: 17472K(17472K)->0K(17472K) From: 2171K(2176K)->0K(2176K)
[2026-06-17T10:04:40.468+0800][22.370s][info][gc,heap        ] GC(429) Tenured: 37631K(43712K)->24517K(43712K)
[2026-06-17T10:04:40.468+0800][22.370s][info][gc,metaspace   ] GC(429) Metaspace: 116K(320K)->116K(320K) NonClass: 109K(192K)->109K(192K) Class: 7K(128K)->7K(128K)
[2026-06-17T10:04:40.468+0800][22.370s][info][gc             ] GC(429) Pause Full (Allocation Failure) 55M->23M(61M) 6.476ms
[2026-06-17T10:04:40.468+0800][22.370s][info][gc,cpu         ] GC(429) User=0.01s Sys=0.00s Real=0.01s
[2026-06-17T10:04:40.510+0800][22.412s][info][gc,start       ] GC(430) Pause Young (Allocation Failure)
[2026-06-17T10:04:40.511+0800][22.414s][info][gc,heap        ] GC(430) DefNew: 17444K(19648K)->2171K(19648K) Eden: 17444K(17472K)->0K(17472K) From: 0K(2176K)->2171K(2176K)
[2026-06-17T10:04:40.512+0800][22.414s][info][gc,heap        ] GC(430) Tenured: 24517K(43712K)->29427K(43712K)
[2026-06-17T10:04:40.512+0800][22.414s][info][gc,metaspace   ] GC(430) Metaspace: 116K(320K)->116K(320K) NonClass: 109K(192K)->109K(192K) Class: 7K(128K)->7K(128K)
[2026-06-17T10:04:40.512+0800][22.414s][info][gc             ] GC(430) Pause Young (Allocation Failure) 40M->30M(61M) 1.771ms
[2026-06-17T10:04:40.512+0800][22.414s][info][gc,cpu         ] GC(430) User=0.00s Sys=0.00s Real=0.01s
[2026-06-17T10:04:40.554+0800][22.456s][info][gc,start       ] GC(431) Pause Young (Allocation Failure)
[2026-06-17T10:04:40.555+0800][22.457s][info][gc,heap        ] GC(431) DefNew: 19493K(19648K)->1925K(19648K) Eden: 17321K(17472K)->0K(17472K) From: 2171K(2176K)->1925K(2176K)
[2026-06-17T10:04:40.555+0800][22.457s][info][gc,heap        ] GC(431) Tenured: 29427K(43712K)->32156K(43712K)
[2026-06-17T10:04:40.555+0800][22.458s][info][gc,metaspace   ] GC(431) Metaspace: 116K(320K)->116K(320K) NonClass: 109K(192K)->109K(192K) Class: 7K(128K)->7K(128K)
[2026-06-17T10:04:40.555+0800][22.458s][info][gc             ] GC(431) Pause Young (Allocation Failure) 47M->33M(61M) 1.348ms
[2026-06-17T10:04:40.556+0800][22.458s][info][gc,cpu         ] GC(431) User=0.00s Sys=0.00s Real=0.00s
[2026-06-17T10:04:40.598+0800][22.500s][info][gc,start       ] GC(432) Pause Young (Allocation Failure)
[2026-06-17T10:04:40.599+0800][22.501s][info][gc,heap        ] GC(432) DefNew: 19360K(19648K)->2173K(19648K) Eden: 17434K(17472K)->0K(17472K) From: 1925K(2176K)->2173K(2176K)
[2026-06-17T10:04:40.599+0800][22.501s][info][gc,heap        ] GC(432) Tenured: 32156K(43712K)->39299K(43712K)
[2026-06-17T10:04:40.599+0800][22.501s][info][gc,metaspace   ] GC(432) Metaspace: 116K(320K)->116K(320K) NonClass: 109K(192K)->109K(192K) Class: 7K(128K)->7K(128K)
[2026-06-17T10:04:40.599+0800][22.502s][info][gc             ] GC(432) Pause Young (Allocation Failure) 50M->40M(61M) 1.923ms
[2026-06-17T10:04:40.600+0800][22.502s][info][gc,cpu         ] GC(432) User=0.00s Sys=0.00s Real=0.00s
[2026-06-17T10:04:40.651+0800][22.554s][info][gc,start       ] GC(433) Pause Full (Allocation Failure)
[2026-06-17T10:04:40.652+0800][22.554s][info][gc,phases,start] GC(433) Phase 1: Mark live objects
[2026-06-17T10:04:40.653+0800][22.555s][info][gc,phases      ] GC(433) Phase 1: Mark live objects 0.898ms
[2026-06-17T10:04:40.653+0800][22.555s][info][gc,phases,start] GC(433) Phase 2: Compute new object addresses
[2026-06-17T10:04:40.653+0800][22.555s][info][gc,phases      ] GC(433) Phase 2: Compute new object addresses 0.446ms
[2026-06-17T10:04:40.653+0800][22.556s][info][gc,phases,start] GC(433) Phase 3: Adjust pointers
[2026-06-17T10:04:40.654+0800][22.556s][info][gc,phases      ] GC(433) Phase 3: Adjust pointers 0.441ms
[2026-06-17T10:04:40.654+0800][22.556s][info][gc,phases,start] GC(433) Phase 4: Move objects
[2026-06-17T10:04:40.656+0800][22.558s][info][gc,phases      ] GC(433) Phase 4: Move objects 2.186ms
[2026-06-17T10:04:40.657+0800][22.559s][info][gc,heap        ] GC(433) DefNew: 19593K(19648K)->0K(19648K) Eden: 17420K(17472K)->0K(17472K) From: 2173K(2176K)->0K(2176K)
[2026-06-17T10:04:40.657+0800][22.559s][info][gc,heap        ] GC(433) Tenured: 39299K(43712K)->26010K(43712K)
[2026-06-17T10:04:40.657+0800][22.559s][info][gc,metaspace   ] GC(433) Metaspace: 116K(320K)->116K(320K) NonClass: 109K(192K)->109K(192K) Class: 7K(128K)->7K(128K)
[2026-06-17T10:04:40.657+0800][22.559s][info][gc             ] GC(433) Pause Full (Allocation Failure) 57M->25M(61M) 5.590ms
[2026-06-17T10:04:40.657+0800][22.559s][info][gc,cpu         ] GC(433) User=0.00s Sys=0.00s Real=0.00s
[2026-06-17T10:04:40.699+0800][22.601s][info][gc,start       ] GC(434) Pause Young (Allocation Failure)
[2026-06-17T10:04:40.700+0800][22.602s][info][gc,heap        ] GC(434) DefNew: 17472K(19648K)->2174K(19648K) Eden: 17472K(17472K)->0K(17472K) From: 0K(2176K)->2174K(2176K)
[2026-06-17T10:04:40.701+0800][22.603s][info][gc,heap        ] GC(434) Tenured: 26010K(43712K)->30140K(43712K)
[2026-06-17T10:04:40.701+0800][22.603s][info][gc,metaspace   ] GC(434) Metaspace: 116K(320K)->116K(320K) NonClass: 109K(192K)->109K(192K) Class: 7K(128K)->7K(128K)
[2026-06-17T10:04:40.701+0800][22.604s][info][gc             ] GC(434) Pause Young (Allocation Failure) 42M->31M(61M) 2.166ms
[2026-06-17T10:04:40.702+0800][22.604s][info][gc,cpu         ] GC(434) User=0.00s Sys=0.00s Real=0.00s
[2026-06-17T10:04:40.744+0800][22.646s][info][gc,start       ] GC(435) Pause Young (Allocation Failure)
[2026-06-17T10:04:40.745+0800][22.647s][info][gc,heap        ] GC(435) DefNew: 19618K(19648K)->2171K(19648K) Eden: 17443K(17472K)->0K(17472K) From: 2174K(2176K)->2171K(2176K)
[2026-06-17T10:04:40.745+0800][22.647s][info][gc,heap        ] GC(435) Tenured: 30140K(43712K)->34588K(43712K)
[2026-06-17T10:04:40.745+0800][22.648s][info][gc,metaspace   ] GC(435) Metaspace: 116K(320K)->116K(320K) NonClass: 109K(192K)->109K(192K) Class: 7K(128K)->7K(128K)
[2026-06-17T10:04:40.746+0800][22.648s][info][gc             ] GC(435) Pause Young (Allocation Failure) 48M->35M(61M) 1.898ms
[2026-06-17T10:04:40.746+0800][22.648s][info][gc,cpu         ] GC(435) User=0.00s Sys=0.00s Real=0.00s
[2026-06-17T10:04:40.788+0800][22.690s][info][gc,start       ] GC(436) Pause Young (Allocation Failure)
[2026-06-17T10:04:40.789+0800][22.691s][info][gc,heap        ] GC(436) DefNew: 19638K(19648K)->2169K(19648K) Eden: 17467K(17472K)->0K(17472K) From: 2171K(2176K)->2169K(2176K)
[2026-06-17T10:04:40.789+0800][22.691s][info][gc,heap        ] GC(436) Tenured: 34588K(43712K)->38232K(43712K)
[2026-06-17T10:04:40.789+0800][22.691s][info][gc,metaspace   ] GC(436) Metaspace: 116K(320K)->116K(320K) NonClass: 109K(192K)->109K(192K) Class: 7K(128K)->7K(128K)
[2026-06-17T10:04:40.789+0800][22.691s][info][gc             ] GC(436) Pause Young (Allocation Failure) 52M->39M(61M) 1.425ms
[2026-06-17T10:04:40.789+0800][22.692s][info][gc,cpu         ] GC(436) User=0.00s Sys=0.00s Real=0.00s
[2026-06-17T10:04:40.841+0800][22.743s][info][gc,start       ] GC(437) Pause Full (Allocation Failure)
[2026-06-17T10:04:40.842+0800][22.744s][info][gc,phases,start] GC(437) Phase 1: Mark live objects
[2026-06-17T10:04:40.843+0800][22.745s][info][gc,phases      ] GC(437) Phase 1: Mark live objects 0.918ms
[2026-06-17T10:04:40.843+0800][22.745s][info][gc,phases,start] GC(437) Phase 2: Compute new object addresses
[2026-06-17T10:04:40.843+0800][22.745s][info][gc,phases      ] GC(437) Phase 2: Compute new object addresses 0.416ms
[2026-06-17T10:04:40.843+0800][22.746s][info][gc,phases,start] GC(437) Phase 3: Adjust pointers
[2026-06-17T10:04:40.844+0800][22.746s][info][gc,phases      ] GC(437) Phase 3: Adjust pointers 0.443ms
[2026-06-17T10:04:40.844+0800][22.746s][info][gc,phases,start] GC(437) Phase 4: Move objects
[2026-06-17T10:04:40.846+0800][22.748s][info][gc,phases      ] GC(437) Phase 4: Move objects 1.756ms
[2026-06-17T10:04:40.846+0800][22.748s][info][gc,heap        ] GC(437) DefNew: 19631K(19648K)->0K(19648K) Eden: 17462K(17472K)->0K(17472K) From: 2169K(2176K)->0K(2176K)
[2026-06-17T10:04:40.846+0800][22.748s][info][gc,heap        ] GC(437) Tenured: 38232K(43712K)->27413K(43712K)
[2026-06-17T10:04:40.846+0800][22.749s][info][gc,metaspace   ] GC(437) Metaspace: 116K(320K)->116K(320K) NonClass: 109K(192K)->109K(192K) Class: 7K(128K)->7K(128K)
[2026-06-17T10:04:40.847+0800][22.749s][info][gc             ] GC(437) Pause Full (Allocation Failure) 56M->26M(61M) 5.321ms
[2026-06-17T10:04:40.847+0800][22.749s][info][gc,cpu         ] GC(437) User=0.00s Sys=0.00s Real=0.01s
[2026-06-17T10:04:40.888+0800][22.791s][info][gc,start       ] GC(438) Pause Young (Allocation Failure)
[2026-06-17T10:04:40.889+0800][22.792s][info][gc,heap        ] GC(438) DefNew: 17472K(19648K)->2175K(19648K) Eden: 17472K(17472K)->0K(17472K) From: 0K(2176K)->2175K(2176K)
[2026-06-17T10:04:40.890+0800][22.792s][info][gc,heap        ] GC(438) Tenured: 27413K(43712K)->32084K(43712K)
[2026-06-17T10:04:40.890+0800][22.792s][info][gc,metaspace   ] GC(438) Metaspace: 116K(320K)->116K(320K) NonClass: 109K(192K)->109K(192K) Class: 7K(128K)->7K(128K)
[2026-06-17T10:04:40.890+0800][22.792s][info][gc             ] GC(438) Pause Young (Allocation Failure) 43M->33M(61M) 1.469ms
[2026-06-17T10:04:40.890+0800][22.792s][info][gc,cpu         ] GC(438) User=0.00s Sys=0.00s Real=0.00s
[2026-06-17T10:04:40.932+0800][22.834s][info][gc,start       ] GC(439) Pause Young (Allocation Failure)
[2026-06-17T10:04:40.933+0800][22.835s][info][gc,heap        ] GC(439) DefNew: 19600K(19648K)->2170K(19648K) Eden: 17424K(17472K)->0K(17472K) From: 2175K(2176K)->2170K(2176K)
[2026-06-17T10:04:40.933+0800][22.836s][info][gc,heap        ] GC(439) Tenured: 32084K(43712K)->39033K(43712K)
[2026-06-17T10:04:40.934+0800][22.836s][info][gc,metaspace   ] GC(439) Metaspace: 116K(320K)->116K(320K) NonClass: 109K(192K)->109K(192K) Class: 7K(128K)->7K(128K)
[2026-06-17T10:04:40.934+0800][22.836s][info][gc             ] GC(439) Pause Young (Allocation Failure) 50M->40M(61M) 2.197ms
[2026-06-17T10:04:40.935+0800][22.837s][info][gc,cpu         ] GC(439) User=0.00s Sys=0.00s Real=0.00s
[2026-06-17T10:04:40.976+0800][22.879s][info][gc,start       ] GC(440) Pause Full (Allocation Failure)
[2026-06-17T10:04:40.977+0800][22.879s][info][gc,phases,start] GC(440) Phase 1: Mark live objects
[2026-06-17T10:04:40.978+0800][22.880s][info][gc,phases      ] GC(440) Phase 1: Mark live objects 0.764ms
[2026-06-17T10:04:40.978+0800][22.880s][info][gc,phases,start] GC(440) Phase 2: Compute new object addresses
[2026-06-17T10:04:40.978+0800][22.881s][info][gc,phases      ] GC(440) Phase 2: Compute new object addresses 0.571ms
[2026-06-17T10:04:40.979+0800][22.881s][info][gc,phases,start] GC(440) Phase 3: Adjust pointers
[2026-06-17T10:04:40.979+0800][22.881s][info][gc,phases      ] GC(440) Phase 3: Adjust pointers 0.410ms
[2026-06-17T10:04:40.979+0800][22.881s][info][gc,phases,start] GC(440) Phase 4: Move objects
[2026-06-17T10:04:40.981+0800][22.883s][info][gc,phases      ] GC(440) Phase 4: Move objects 1.841ms
[2026-06-17T10:04:40.981+0800][22.884s][info][gc,heap        ] GC(440) DefNew: 19604K(19648K)->0K(19648K) Eden: 17434K(17472K)->0K(17472K) From: 2170K(2176K)->0K(2176K)
[2026-06-17T10:04:40.982+0800][22.884s][info][gc,heap        ] GC(440) Tenured: 39033K(43712K)->28396K(43712K)
[2026-06-17T10:04:40.982+0800][22.884s][info][gc,metaspace   ] GC(440) Metaspace: 116K(320K)->116K(320K) NonClass: 109K(192K)->109K(192K) Class: 7K(128K)->7K(128K)
[2026-06-17T10:04:40.982+0800][22.884s][info][gc             ] GC(440) Pause Full (Allocation Failure) 57M->27M(61M) 5.266ms
[2026-06-17T10:04:40.982+0800][22.884s][info][gc,cpu         ] GC(440) User=0.01s Sys=0.00s Real=0.00s
[2026-06-17T10:04:41.024+0800][22.926s][info][gc,start       ] GC(441) Pause Young (Allocation Failure)
[2026-06-17T10:04:41.024+0800][22.926s][info][gc,heap        ] GC(441) DefNew: 17472K(19648K)->2174K(19648K) Eden: 17472K(17472K)->0K(17472K) From: 0K(2176K)->2174K(2176K)
[2026-06-17T10:04:41.024+0800][22.927s][info][gc,heap        ] GC(441) Tenured: 28396K(43712K)->29727K(43712K)
[2026-06-17T10:04:41.025+0800][22.927s][info][gc,metaspace   ] GC(441) Metaspace: 116K(320K)->116K(320K) NonClass: 109K(192K)->109K(192K) Class: 7K(128K)->7K(128K)
[2026-06-17T10:04:41.025+0800][22.927s][info][gc             ] GC(441) Pause Young (Allocation Failure) 44M->31M(61M) 1.243ms
[2026-06-17T10:04:41.025+0800][22.927s][info][gc,cpu         ] GC(441) User=0.00s Sys=0.00s Real=0.00s
[2026-06-17T10:04:41.077+0800][22.979s][info][gc,start       ] GC(442) Pause Young (Allocation Failure)
[2026-06-17T10:04:41.078+0800][22.981s][info][gc,heap        ] GC(442) DefNew: 19646K(19648K)->2046K(19648K) Eden: 17472K(17472K)->0K(17472K) From: 2174K(2176K)->2046K(2176K)
[2026-06-17T10:04:41.082+0800][22.984s][info][gc,heap        ] GC(442) Tenured: 29727K(43712K)->33110K(43712K)
[2026-06-17T10:04:41.085+0800][22.987s][info][gc,metaspace   ] GC(442) Metaspace: 116K(320K)->116K(320K) NonClass: 109K(192K)->109K(192K) Class: 7K(128K)->7K(128K)
[2026-06-17T10:04:41.088+0800][22.990s][info][gc             ] GC(442) Pause Young (Allocation Failure) 48M->34M(61M) 11.155ms
[2026-06-17T10:04:41.090+0800][22.993s][info][gc,cpu         ] GC(442) User=0.00s Sys=0.00s Real=0.01s
[2026-06-17T10:04:41.134+0800][23.036s][info][gc,start       ] GC(443) Pause Young (Allocation Failure)
[2026-06-17T10:04:41.135+0800][23.037s][info][gc,heap        ] GC(443) DefNew: 19518K(19648K)->1951K(19648K) Eden: 17472K(17472K)->0K(17472K) From: 2046K(2176K)->1951K(2176K)
[2026-06-17T10:04:41.135+0800][23.038s][info][gc,heap        ] GC(443) Tenured: 33110K(43712K)->36382K(43712K)
[2026-06-17T10:04:41.136+0800][23.038s][info][gc,metaspace   ] GC(443) Metaspace: 116K(320K)->116K(320K) NonClass: 109K(192K)->109K(192K) Class: 7K(128K)->7K(128K)
[2026-06-17T10:04:41.136+0800][23.038s][info][gc             ] GC(443) Pause Young (Allocation Failure) 51M->37M(61M) 2.414ms
[2026-06-17T10:04:41.137+0800][23.039s][info][gc,cpu         ] GC(443) User=0.00s Sys=0.00s Real=0.00s
[2026-06-17T10:04:41.179+0800][23.081s][info][gc,start       ] GC(444) Pause Young (Allocation Failure)
[2026-06-17T10:04:41.180+0800][23.082s][info][gc,heap        ] GC(444) DefNew: 19413K(19648K)->2091K(19648K) Eden: 17462K(17472K)->0K(17472K) From: 1951K(2176K)->2091K(2176K)
[2026-06-17T10:04:41.181+0800][23.083s][info][gc,heap        ] GC(444) Tenured: 36382K(43712K)->40327K(43712K)
[2026-06-17T10:04:41.181+0800][23.083s][info][gc,metaspace   ] GC(444) Metaspace: 116K(320K)->116K(320K) NonClass: 109K(192K)->109K(192K) Class: 7K(128K)->7K(128K)
[2026-06-17T10:04:41.181+0800][23.083s][info][gc             ] GC(444) Pause Young (Allocation Failure) 54M->41M(61M) 1.987ms
[2026-06-17T10:04:41.181+0800][23.084s][info][gc,cpu         ] GC(444) User=0.00s Sys=0.00s Real=0.00s
[2026-06-17T10:04:41.224+0800][23.126s][info][gc,start       ] GC(445) Pause Full (Allocation Failure)
[2026-06-17T10:04:41.224+0800][23.126s][info][gc,phases,start] GC(445) Phase 1: Mark live objects
[2026-06-17T10:04:41.225+0800][23.128s][info][gc,phases      ] GC(445) Phase 1: Mark live objects 1.169ms
[2026-06-17T10:04:41.226+0800][23.128s][info][gc,phases,start] GC(445) Phase 2: Compute new object addresses
[2026-06-17T10:04:41.227+0800][23.129s][info][gc,phases      ] GC(445) Phase 2: Compute new object addresses 0.817ms
[2026-06-17T10:04:41.227+0800][23.130s][info][gc,phases,start] GC(445) Phase 3: Adjust pointers
[2026-06-17T10:04:41.228+0800][23.130s][info][gc,phases      ] GC(445) Phase 3: Adjust pointers 0.875ms
[2026-06-17T10:04:41.229+0800][23.131s][info][gc,phases,start] GC(445) Phase 4: Move objects
[2026-06-17T10:04:41.231+0800][23.133s][info][gc,phases      ] GC(445) Phase 4: Move objects 2.479ms
[2026-06-17T10:04:41.232+0800][23.134s][info][gc,heap        ] GC(445) DefNew: 19563K(19648K)->0K(19648K) Eden: 17471K(17472K)->0K(17472K) From: 2091K(2176K)->0K(2176K)
[2026-06-17T10:04:41.232+0800][23.134s][info][gc,heap        ] GC(445) Tenured: 40327K(43712K)->32747K(43712K)
[2026-06-17T10:04:41.233+0800][23.135s][info][gc,metaspace   ] GC(445) Metaspace: 116K(320K)->116K(320K) NonClass: 109K(192K)->109K(192K) Class: 7K(128K)->7K(128K)
[2026-06-17T10:04:41.233+0800][23.135s][info][gc             ] GC(445) Pause Full (Allocation Failure) 58M->31M(61M) 9.559ms
[2026-06-17T10:04:41.234+0800][23.136s][info][gc,cpu         ] GC(445) User=0.00s Sys=0.00s Real=0.01s
[2026-06-17T10:04:41.276+0800][23.178s][info][gc,start       ] GC(446) Pause Young (Allocation Failure)
[2026-06-17T10:04:41.277+0800][23.179s][info][gc,heap        ] GC(446) DefNew: 17297K(19648K)->2044K(19648K) Eden: 17297K(17472K)->0K(17472K) From: 0K(2176K)->2044K(2176K)
[2026-06-17T10:04:41.277+0800][23.179s][info][gc,heap        ] GC(446) Tenured: 32747K(43712K)->34264K(43712K)
[2026-06-17T10:04:41.277+0800][23.180s][info][gc,metaspace   ] GC(446) Metaspace: 116K(320K)->116K(320K) NonClass: 109K(192K)->109K(192K) Class: 7K(128K)->7K(128K)
[2026-06-17T10:04:41.278+0800][23.180s][info][gc             ] GC(446) Pause Young (Allocation Failure) 48M->35M(61M) 1.773ms
[2026-06-17T10:04:41.278+0800][23.180s][info][gc,cpu         ] GC(446) User=0.00s Sys=0.00s Real=0.00s
[2026-06-17T10:04:41.320+0800][23.222s][info][gc,start       ] GC(447) Pause Young (Allocation Failure)
[2026-06-17T10:04:41.322+0800][23.224s][info][gc,heap        ] GC(447) DefNew: 19516K(19648K)->2166K(19648K) Eden: 17472K(17472K)->0K(17472K) From: 2044K(2176K)->2166K(2176K)
[2026-06-17T10:04:41.322+0800][23.224s][info][gc,heap        ] GC(447) Tenured: 34264K(43712K)->40876K(43712K)
[2026-06-17T10:04:41.323+0800][23.225s][info][gc,metaspace   ] GC(447) Metaspace: 116K(320K)->116K(320K) NonClass: 109K(192K)->109K(192K) Class: 7K(128K)->7K(128K)
[2026-06-17T10:04:41.323+0800][23.225s][info][gc             ] GC(447) Pause Young (Allocation Failure) 52M->42M(61M) 2.715ms
[2026-06-17T10:04:41.323+0800][23.225s][info][gc,cpu         ] GC(447) User=0.01s Sys=0.00s Real=0.01s
[2026-06-17T10:04:41.375+0800][23.277s][info][gc,start       ] GC(448) Pause Full (Allocation Failure)
[2026-06-17T10:04:41.376+0800][23.278s][info][gc,phases,start] GC(448) Phase 1: Mark live objects
[2026-06-17T10:04:41.377+0800][23.279s][info][gc,phases      ] GC(448) Phase 1: Mark live objects 0.864ms
[2026-06-17T10:04:41.377+0800][23.279s][info][gc,phases,start] GC(448) Phase 2: Compute new object addresses
[2026-06-17T10:04:41.377+0800][23.279s][info][gc,phases      ] GC(448) Phase 2: Compute new object addresses 0.409ms
[2026-06-17T10:04:41.377+0800][23.280s][info][gc,phases,start] GC(448) Phase 3: Adjust pointers
[2026-06-17T10:04:41.378+0800][23.280s][info][gc,phases      ] GC(448) Phase 3: Adjust pointers 0.436ms
[2026-06-17T10:04:41.378+0800][23.280s][info][gc,phases,start] GC(448) Phase 4: Move objects
[2026-06-17T10:04:41.381+0800][23.283s][info][gc,phases      ] GC(448) Phase 4: Move objects 2.487ms
[2026-06-17T10:04:41.382+0800][23.284s][info][gc,heap        ] GC(448) DefNew: 19638K(19648K)->0K(19648K) Eden: 17472K(17472K)->0K(17472K) From: 2166K(2176K)->0K(2176K)
[2026-06-17T10:04:41.383+0800][23.285s][info][gc,heap        ] GC(448) Tenured: 40876K(43712K)->25516K(43712K)
[2026-06-17T10:04:41.385+0800][23.287s][info][gc,metaspace   ] GC(448) Metaspace: 116K(320K)->116K(320K) NonClass: 109K(192K)->109K(192K) Class: 7K(128K)->7K(128K)
[2026-06-17T10:04:41.387+0800][23.289s][info][gc             ] GC(448) Pause Full (Allocation Failure) 59M->24M(61M) 11.476ms
[2026-06-17T10:04:41.389+0800][23.292s][info][gc,cpu         ] GC(448) User=0.00s Sys=0.00s Real=0.01s
[2026-06-17T10:04:41.432+0800][23.334s][info][gc,start       ] GC(449) Pause Young (Allocation Failure)
[2026-06-17T10:04:41.433+0800][23.335s][info][gc,heap        ] GC(449) DefNew: 17437K(19648K)->2175K(19648K) Eden: 17437K(17472K)->0K(17472K) From: 0K(2176K)->2175K(2176K)
[2026-06-17T10:04:41.433+0800][23.335s][info][gc,heap        ] GC(449) Tenured: 25516K(43712K)->30877K(43712K)
[2026-06-17T10:04:41.433+0800][23.335s][info][gc,metaspace   ] GC(449) Metaspace: 116K(320K)->116K(320K) NonClass: 109K(192K)->109K(192K) Class: 7K(128K)->7K(128K)
[2026-06-17T10:04:41.433+0800][23.335s][info][gc             ] GC(449) Pause Young (Allocation Failure) 41M->32M(61M) 1.633ms
[2026-06-17T10:04:41.433+0800][23.335s][info][gc,cpu         ] GC(449) User=0.00s Sys=0.00s Real=0.00s
[2026-06-17T10:04:41.475+0800][23.377s][info][gc,start       ] GC(450) Pause Young (Allocation Failure)
[2026-06-17T10:04:41.476+0800][23.378s][info][gc,heap        ] GC(450) DefNew: 19647K(19648K)->2133K(19648K) Eden: 17472K(17472K)->0K(17472K) From: 2175K(2176K)->2133K(2176K)
[2026-06-17T10:04:41.476+0800][23.379s][info][gc,heap        ] GC(450) Tenured: 30877K(43712K)->34303K(43712K)
[2026-06-17T10:04:41.477+0800][23.379s][info][gc,metaspace   ] GC(450) Metaspace: 116K(320K)->116K(320K) NonClass: 109K(192K)->109K(192K) Class: 7K(128K)->7K(128K)
[2026-06-17T10:04:41.477+0800][23.379s][info][gc             ] GC(450) Pause Young (Allocation Failure) 49M->35M(61M) 1.552ms
[2026-06-17T10:04:41.477+0800][23.379s][info][gc,cpu         ] GC(450) User=0.01s Sys=0.00s Real=0.00s
[2026-06-17T10:04:41.519+0800][23.421s][info][gc,start       ] GC(451) Pause Young (Allocation Failure)
[2026-06-17T10:04:41.520+0800][23.422s][info][gc,heap        ] GC(451) DefNew: 19570K(19648K)->2168K(19648K) Eden: 17437K(17472K)->0K(17472K) From: 2133K(2176K)->2168K(2176K)
[2026-06-17T10:04:41.520+0800][23.422s][info][gc,heap        ] GC(451) Tenured: 34303K(43712K)->37841K(43712K)
[2026-06-17T10:04:41.520+0800][23.422s][info][gc,metaspace   ] GC(451) Metaspace: 116K(320K)->116K(320K) NonClass: 109K(192K)->109K(192K) Class: 7K(128K)->7K(128K)
[2026-06-17T10:04:41.521+0800][23.423s][info][gc             ] GC(451) Pause Young (Allocation Failure) 52M->39M(61M) 2.238ms
[2026-06-17T10:04:41.521+0800][23.423s][info][gc,cpu         ] GC(451) User=0.00s Sys=0.00s Real=0.00s
[2026-06-17T10:04:41.563+0800][23.465s][info][gc,start       ] GC(452) Pause Full (Allocation Failure)
[2026-06-17T10:04:41.563+0800][23.466s][info][gc,phases,start] GC(452) Phase 1: Mark live objects
[2026-06-17T10:04:41.564+0800][23.467s][info][gc,phases      ] GC(452) Phase 1: Mark live objects 0.880ms
[2026-06-17T10:04:41.565+0800][23.467s][info][gc,phases,start] GC(452) Phase 2: Compute new object addresses
[2026-06-17T10:04:41.566+0800][23.468s][info][gc,phases      ] GC(452) Phase 2: Compute new object addresses 1.168ms
[2026-06-17T10:04:41.566+0800][23.468s][info][gc,phases,start] GC(452) Phase 3: Adjust pointers
[2026-06-17T10:04:41.566+0800][23.469s][info][gc,phases      ] GC(452) Phase 3: Adjust pointers 0.475ms
[2026-06-17T10:04:41.567+0800][23.469s][info][gc,phases,start] GC(452) Phase 4: Move objects
[2026-06-17T10:04:41.569+0800][23.471s][info][gc,phases      ] GC(452) Phase 4: Move objects 2.356ms
[2026-06-17T10:04:41.570+0800][23.472s][info][gc,heap        ] GC(452) DefNew: 19631K(19648K)->0K(19648K) Eden: 17463K(17472K)->0K(17472K) From: 2168K(2176K)->0K(2176K)
[2026-06-17T10:04:41.570+0800][23.472s][info][gc,heap        ] GC(452) Tenured: 37841K(43712K)->30652K(43712K)
[2026-06-17T10:04:41.570+0800][23.472s][info][gc,metaspace   ] GC(452) Metaspace: 116K(320K)->116K(320K) NonClass: 109K(192K)->109K(192K) Class: 7K(128K)->7K(128K)
[2026-06-17T10:04:41.570+0800][23.472s][info][gc             ] GC(452) Pause Full (Allocation Failure) 56M->29M(61M) 7.283ms
[2026-06-17T10:04:41.571+0800][23.473s][info][gc,cpu         ] GC(452) User=0.00s Sys=0.00s Real=0.01s
[2026-06-17T10:04:41.613+0800][23.515s][info][gc,start       ] GC(453) Pause Young (Allocation Failure)
[2026-06-17T10:04:41.614+0800][23.516s][info][gc,heap        ] GC(453) DefNew: 17460K(19648K)->2174K(19648K) Eden: 17460K(17472K)->0K(17472K) From: 0K(2176K)->2174K(2176K)
[2026-06-17T10:04:41.614+0800][23.516s][info][gc,heap        ] GC(453) Tenured: 30652K(43712K)->35577K(43712K)
[2026-06-17T10:04:41.614+0800][23.516s][info][gc,metaspace   ] GC(453) Metaspace: 116K(320K)->116K(320K) NonClass: 109K(192K)->109K(192K) Class: 7K(128K)->7K(128K)
[2026-06-17T10:04:41.614+0800][23.516s][info][gc             ] GC(453) Pause Young (Allocation Failure) 46M->36M(61M) 1.578ms
[2026-06-17T10:04:41.614+0800][23.516s][info][gc,cpu         ] GC(453) User=0.00s Sys=0.00s Real=0.00s
[2026-06-17T10:04:41.656+0800][23.558s][info][gc,start       ] GC(454) Pause Young (Allocation Failure)
[2026-06-17T10:04:41.657+0800][23.559s][info][gc,heap        ] GC(454) DefNew: 19351K(19648K)->1872K(19648K) Eden: 17177K(17472K)->0K(17472K) From: 2174K(2176K)->1872K(2176K)
[2026-06-17T10:04:41.657+0800][23.559s][info][gc,heap        ] GC(454) Tenured: 35577K(43712K)->38072K(43712K)
[2026-06-17T10:04:41.657+0800][23.560s][info][gc,metaspace   ] GC(454) Metaspace: 116K(320K)->116K(320K) NonClass: 109K(192K)->109K(192K) Class: 7K(128K)->7K(128K)
[2026-06-17T10:04:41.658+0800][23.560s][info][gc             ] GC(454) Pause Young (Allocation Failure) 53M->39M(61M) 1.494ms
[2026-06-17T10:04:41.658+0800][23.560s][info][gc,cpu         ] GC(454) User=0.00s Sys=0.00s Real=0.00s
[2026-06-17T10:04:41.700+0800][23.602s][info][gc,start       ] GC(455) Pause Full (Allocation Failure)
[2026-06-17T10:04:41.701+0800][23.603s][info][gc,phases,start] GC(455) Phase 1: Mark live objects
[2026-06-17T10:04:41.703+0800][23.605s][info][gc,phases      ] GC(455) Phase 1: Mark live objects 2.151ms
[2026-06-17T10:04:41.705+0800][23.607s][info][gc,phases,start] GC(455) Phase 2: Compute new object addresses
[2026-06-17T10:04:41.706+0800][23.608s][info][gc,phases      ] GC(455) Phase 2: Compute new object addresses 1.116ms
[2026-06-17T10:04:41.706+0800][23.609s][info][gc,phases,start] GC(455) Phase 3: Adjust pointers
[2026-06-17T10:04:41.707+0800][23.609s][info][gc,phases      ] GC(455) Phase 3: Adjust pointers 0.475ms
[2026-06-17T10:04:41.707+0800][23.609s][info][gc,phases,start] GC(455) Phase 4: Move objects
[2026-06-17T10:04:41.710+0800][23.612s][info][gc,phases      ] GC(455) Phase 4: Move objects 2.712ms
[2026-06-17T10:04:41.710+0800][23.612s][info][gc,heap        ] GC(455) DefNew: 19296K(19648K)->0K(19648K) Eden: 17424K(17472K)->0K(17472K) From: 1872K(2176K)->0K(2176K)
[2026-06-17T10:04:41.710+0800][23.613s][info][gc,heap        ] GC(455) Tenured: 38072K(43712K)->30241K(43712K)
[2026-06-17T10:04:41.711+0800][23.613s][info][gc,metaspace   ] GC(455) Metaspace: 116K(320K)->116K(320K) NonClass: 109K(192K)->109K(192K) Class: 7K(128K)->7K(128K)
[2026-06-17T10:04:41.711+0800][23.613s][info][gc             ] GC(455) Pause Full (Allocation Failure) 56M->29M(61M) 10.736ms
[2026-06-17T10:04:41.711+0800][23.613s][info][gc,cpu         ] GC(455) User=0.00s Sys=0.01s Real=0.02s
[2026-06-17T10:04:41.753+0800][23.655s][info][gc,start       ] GC(456) Pause Young (Allocation Failure)
[2026-06-17T10:04:41.753+0800][23.656s][info][gc,heap        ] GC(456) DefNew: 16621K(19648K)->2082K(19648K) Eden: 16621K(17472K)->0K(17472K) From: 0K(2176K)->2082K(2176K)
[2026-06-17T10:04:41.754+0800][23.656s][info][gc,heap        ] GC(456) Tenured: 30241K(43712K)->30901K(43712K)
[2026-06-17T10:04:41.754+0800][23.656s][info][gc,metaspace   ] GC(456) Metaspace: 116K(320K)->116K(320K) NonClass: 109K(192K)->109K(192K) Class: 7K(128K)->7K(128K)
[2026-06-17T10:04:41.754+0800][23.656s][info][gc             ] GC(456) Pause Young (Allocation Failure) 45M->32M(61M) 1.281ms
[2026-06-17T10:04:41.754+0800][23.656s][info][gc,cpu         ] GC(456) User=0.00s Sys=0.00s Real=0.00s
[2026-06-17T10:04:41.796+0800][23.698s][info][gc,start       ] GC(457) Pause Young (Allocation Failure)
[2026-06-17T10:04:41.797+0800][23.699s][info][gc,heap        ] GC(457) DefNew: 19373K(19648K)->2167K(19648K) Eden: 17291K(17472K)->0K(17472K) From: 2082K(2176K)->2167K(2176K)
[2026-06-17T10:04:41.797+0800][23.700s][info][gc,heap        ] GC(457) Tenured: 30901K(43712K)->34158K(43712K)
[2026-06-17T10:04:41.798+0800][23.700s][info][gc,metaspace   ] GC(457) Metaspace: 116K(320K)->116K(320K) NonClass: 109K(192K)->109K(192K) Class: 7K(128K)->7K(128K)
[2026-06-17T10:04:41.798+0800][23.700s][info][gc             ] GC(457) Pause Young (Allocation Failure) 49M->35M(61M) 1.660ms
[2026-06-17T10:04:41.798+0800][23.700s][info][gc,cpu         ] GC(457) User=0.00s Sys=0.00s Real=0.00s
[2026-06-17T10:04:41.840+0800][23.742s][info][gc,start       ] GC(458) Pause Young (Allocation Failure)
[2026-06-17T10:04:41.841+0800][23.744s][info][gc,heap        ] GC(458) DefNew: 19603K(19648K)->2174K(19648K) Eden: 17436K(17472K)->0K(17472K) From: 2167K(2176K)->2174K(2176K)
[2026-06-17T10:04:41.842+0800][23.744s][info][gc,heap        ] GC(458) Tenured: 34158K(43712K)->40943K(43712K)
[2026-06-17T10:04:41.842+0800][23.744s][info][gc,metaspace   ] GC(458) Metaspace: 116K(320K)->116K(320K) NonClass: 109K(192K)->109K(192K) Class: 7K(128K)->7K(128K)
[2026-06-17T10:04:41.842+0800][23.745s][info][gc             ] GC(458) Pause Young (Allocation Failure) 52M->42M(61M) 2.314ms
[2026-06-17T10:04:41.843+0800][23.745s][info][gc,cpu         ] GC(458) User=0.00s Sys=0.00s Real=0.01s
[2026-06-17T10:04:41.895+0800][23.797s][info][gc,start       ] GC(459) Pause Full (Allocation Failure)
[2026-06-17T10:04:41.895+0800][23.797s][info][gc,phases,start] GC(459) Phase 1: Mark live objects
[2026-06-17T10:04:41.896+0800][23.798s][info][gc,phases      ] GC(459) Phase 1: Mark live objects 0.961ms
[2026-06-17T10:04:41.897+0800][23.799s][info][gc,phases,start] GC(459) Phase 2: Compute new object addresses
[2026-06-17T10:04:41.897+0800][23.799s][info][gc,phases      ] GC(459) Phase 2: Compute new object addresses 0.583ms
[2026-06-17T10:04:41.898+0800][23.800s][info][gc,phases,start] GC(459) Phase 3: Adjust pointers
[2026-06-17T10:04:41.898+0800][23.800s][info][gc,phases      ] GC(459) Phase 3: Adjust pointers 0.578ms
[2026-06-17T10:04:41.898+0800][23.801s][info][gc,phases,start] GC(459) Phase 4: Move objects
[2026-06-17T10:04:41.901+0800][23.803s][info][gc,phases      ] GC(459) Phase 4: Move objects 2.459ms
[2026-06-17T10:04:41.901+0800][23.803s][info][gc,heap        ] GC(459) DefNew: 19604K(19648K)->0K(19648K) Eden: 17429K(17472K)->0K(17472K) From: 2174K(2176K)->0K(2176K)
[2026-06-17T10:04:41.901+0800][23.804s][info][gc,heap        ] GC(459) Tenured: 40943K(43712K)->29129K(43712K)
[2026-06-17T10:04:41.902+0800][23.804s][info][gc,metaspace   ] GC(459) Metaspace: 116K(320K)->116K(320K) NonClass: 109K(192K)->109K(192K) Class: 7K(128K)->7K(128K)
[2026-06-17T10:04:41.902+0800][23.804s][info][gc             ] GC(459) Pause Full (Allocation Failure) 59M->28M(61M) 7.224ms
[2026-06-17T10:04:41.902+0800][23.804s][info][gc,cpu         ] GC(459) User=0.01s Sys=0.01s Real=0.00s
[2026-06-17T10:04:41.945+0800][23.847s][info][gc,start       ] GC(460) Pause Young (Allocation Failure)
[2026-06-17T10:04:41.946+0800][23.848s][info][gc,heap        ] GC(460) DefNew: 17458K(19648K)->2172K(19648K) Eden: 17458K(17472K)->0K(17472K) From: 0K(2176K)->2172K(2176K)
[2026-06-17T10:04:41.947+0800][23.849s][info][gc,heap        ] GC(460) Tenured: 29129K(43712K)->34286K(43712K)
[2026-06-17T10:04:41.947+0800][23.849s][info][gc,metaspace   ] GC(460) Metaspace: 116K(320K)->116K(320K) NonClass: 109K(192K)->109K(192K) Class: 7K(128K)->7K(128K)
[2026-06-17T10:04:41.947+0800][23.849s][info][gc             ] GC(460) Pause Young (Allocation Failure) 45M->35M(61M) 2.455ms
[2026-06-17T10:04:41.947+0800][23.850s][info][gc,cpu         ] GC(460) User=0.00s Sys=0.00s Real=0.00s
[2026-06-17T10:04:41.989+0800][23.892s][info][gc,start       ] GC(461) Pause Young (Allocation Failure)
[2026-06-17T10:04:41.992+0800][23.894s][info][gc,heap        ] GC(461) DefNew: 19617K(19648K)->2166K(19648K) Eden: 17445K(17472K)->0K(17472K) From: 2172K(2176K)->2166K(2176K)
[2026-06-17T10:04:41.993+0800][23.895s][info][gc,heap        ] GC(461) Tenured: 34286K(43712K)->39645K(43712K)
[2026-06-17T10:04:41.993+0800][23.896s][info][gc,metaspace   ] GC(461) Metaspace: 116K(320K)->116K(320K) NonClass: 109K(192K)->109K(192K) Class: 7K(128K)->7K(128K)
[2026-06-17T10:04:41.996+0800][23.898s][info][gc             ] GC(461) Pause Young (Allocation Failure) 52M->40M(61M) 6.278ms
[2026-06-17T10:04:41.997+0800][23.899s][info][gc,cpu         ] GC(461) User=0.00s Sys=0.00s Real=0.01s
[2026-06-17T10:04:42.040+0800][23.942s][info][gc,start       ] GC(462) Pause Full (Allocation Failure)
[2026-06-17T10:04:42.040+0800][23.942s][info][gc,phases,start] GC(462) Phase 1: Mark live objects
[2026-06-17T10:04:42.041+0800][23.943s][info][gc,phases      ] GC(462) Phase 1: Mark live objects 0.807ms
[2026-06-17T10:04:42.041+0800][23.943s][info][gc,phases,start] GC(462) Phase 2: Compute new object addresses
[2026-06-17T10:04:42.041+0800][23.944s][info][gc,phases      ] GC(462) Phase 2: Compute new object addresses 0.456ms
[2026-06-17T10:04:42.042+0800][23.944s][info][gc,phases,start] GC(462) Phase 3: Adjust pointers
[2026-06-17T10:04:42.042+0800][23.944s][info][gc,phases      ] GC(462) Phase 3: Adjust pointers 0.556ms
[2026-06-17T10:04:42.043+0800][23.945s][info][gc,phases,start] GC(462) Phase 4: Move objects
[2026-06-17T10:04:42.044+0800][23.946s][info][gc,phases      ] GC(462) Phase 4: Move objects 1.635ms
[2026-06-17T10:04:42.044+0800][23.947s][info][gc,heap        ] GC(462) DefNew: 19508K(19648K)->0K(19648K) Eden: 17341K(17472K)->0K(17472K) From: 2166K(2176K)->0K(2176K)
[2026-06-17T10:04:42.045+0800][23.947s][info][gc,heap        ] GC(462) Tenured: 39645K(43712K)->26284K(43712K)
[2026-06-17T10:04:42.045+0800][23.947s][info][gc,metaspace   ] GC(462) Metaspace: 116K(320K)->116K(320K) NonClass: 109K(192K)->109K(192K) Class: 7K(128K)->7K(128K)
[2026-06-17T10:04:42.045+0800][23.947s][info][gc             ] GC(462) Pause Full (Allocation Failure) 57M->25M(61M) 5.467ms
[2026-06-17T10:04:42.045+0800][23.947s][info][gc,cpu         ] GC(462) User=0.01s Sys=0.00s Real=0.01s
[2026-06-17T10:04:42.087+0800][23.989s][info][gc,start       ] GC(463) Pause Young (Allocation Failure)
[2026-06-17T10:04:42.088+0800][23.990s][info][gc,heap        ] GC(463) DefNew: 17469K(19648K)->2169K(19648K) Eden: 17469K(17472K)->0K(17472K) From: 0K(2176K)->2169K(2176K)
[2026-06-17T10:04:42.088+0800][23.990s][info][gc,heap        ] GC(463) Tenured: 26284K(43712K)->31049K(43712K)
[2026-06-17T10:04:42.088+0800][23.991s][info][gc,metaspace   ] GC(463) Metaspace: 116K(320K)->116K(320K) NonClass: 109K(192K)->109K(192K) Class: 7K(128K)->7K(128K)
[2026-06-17T10:04:42.088+0800][23.991s][info][gc             ] GC(463) Pause Young (Allocation Failure) 42M->32M(61M) 1.556ms
[2026-06-17T10:04:42.089+0800][23.991s][info][gc,cpu         ] GC(463) User=0.00s Sys=0.00s Real=0.00s
[2026-06-17T10:04:42.141+0800][24.043s][info][gc,start       ] GC(464) Pause Young (Allocation Failure)
[2026-06-17T10:04:42.142+0800][24.044s][info][gc,heap        ] GC(464) DefNew: 19641K(19648K)->2168K(19648K) Eden: 17472K(17472K)->0K(17472K) From: 2169K(2176K)->2168K(2176K)
[2026-06-17T10:04:42.142+0800][24.044s][info][gc,heap        ] GC(464) Tenured: 31049K(43712K)->33726K(43712K)
[2026-06-17T10:04:42.142+0800][24.044s][info][gc,metaspace   ] GC(464) Metaspace: 116K(320K)->116K(320K) NonClass: 109K(192K)->109K(192K) Class: 7K(128K)->7K(128K)
[2026-06-17T10:04:42.142+0800][24.044s][info][gc             ] GC(464) Pause Young (Allocation Failure) 49M->35M(61M) 1.479ms
[2026-06-17T10:04:42.142+0800][24.045s][info][gc,cpu         ] GC(464) User=0.00s Sys=0.00s Real=0.01s
[2026-06-17T10:04:42.184+0800][24.087s][info][gc,start       ] GC(465) Pause Young (Allocation Failure)
[2026-06-17T10:04:42.185+0800][24.087s][info][gc,heap        ] GC(465) DefNew: 19640K(19648K)->2121K(19648K) Eden: 17472K(17472K)->0K(17472K) From: 2168K(2176K)->2121K(2176K)
[2026-06-17T10:04:42.186+0800][24.088s][info][gc,heap        ] GC(465) Tenured: 33726K(43712K)->37132K(43712K)
[2026-06-17T10:04:42.186+0800][24.088s][info][gc,metaspace   ] GC(465) Metaspace: 116K(320K)->116K(320K) NonClass: 109K(192K)->109K(192K) Class: 7K(128K)->7K(128K)
[2026-06-17T10:04:42.186+0800][24.088s][info][gc             ] GC(465) Pause Young (Allocation Failure) 52M->38M(61M) 1.863ms
[2026-06-17T10:04:42.187+0800][24.089s][info][gc,cpu         ] GC(465) User=0.00s Sys=0.00s Real=0.00s
[2026-06-17T10:04:42.229+0800][24.131s][info][gc,start       ] GC(466) Pause Full (Allocation Failure)
[2026-06-17T10:04:42.229+0800][24.131s][info][gc,phases,start] GC(466) Phase 1: Mark live objects
[2026-06-17T10:04:42.230+0800][24.132s][info][gc,phases      ] GC(466) Phase 1: Mark live objects 0.996ms
[2026-06-17T10:04:42.230+0800][24.133s][info][gc,phases,start] GC(466) Phase 2: Compute new object addresses
[2026-06-17T10:04:42.231+0800][24.133s][info][gc,phases      ] GC(466) Phase 2: Compute new object addresses 0.478ms
[2026-06-17T10:04:42.231+0800][24.133s][info][gc,phases,start] GC(466) Phase 3: Adjust pointers
[2026-06-17T10:04:42.232+0800][24.134s][info][gc,phases      ] GC(466) Phase 3: Adjust pointers 0.509ms
[2026-06-17T10:04:42.232+0800][24.134s][info][gc,phases,start] GC(466) Phase 4: Move objects
[2026-06-17T10:04:42.234+0800][24.136s][info][gc,phases      ] GC(466) Phase 4: Move objects 1.922ms
[2026-06-17T10:04:42.234+0800][24.136s][info][gc,heap        ] GC(466) DefNew: 19583K(19648K)->0K(19648K) Eden: 17461K(17472K)->0K(17472K) From: 2121K(2176K)->0K(2176K)
[2026-06-17T10:04:42.234+0800][24.136s][info][gc,heap        ] GC(466) Tenured: 37132K(43712K)->30621K(43712K)
[2026-06-17T10:04:42.234+0800][24.136s][info][gc,metaspace   ] GC(466) Metaspace: 116K(320K)->116K(320K) NonClass: 109K(192K)->109K(192K) Class: 7K(128K)->7K(128K)
[2026-06-17T10:04:42.234+0800][24.137s][info][gc             ] GC(466) Pause Full (Allocation Failure) 55M->29M(61M) 5.710ms
[2026-06-17T10:04:42.235+0800][24.137s][info][gc,cpu         ] GC(466) User=0.00s Sys=0.00s Real=0.01s
[2026-06-17T10:04:42.276+0800][24.178s][info][gc,start       ] GC(467) Pause Young (Allocation Failure)
[2026-06-17T10:04:42.277+0800][24.179s][info][gc,heap        ] GC(467) DefNew: 17454K(19648K)->2168K(19648K) Eden: 17454K(17472K)->0K(17472K) From: 0K(2176K)->2168K(2176K)
[2026-06-17T10:04:42.278+0800][24.181s][info][gc,heap        ] GC(467) Tenured: 30621K(43712K)->35239K(43712K)
[2026-06-17T10:04:42.279+0800][24.181s][info][gc,metaspace   ] GC(467) Metaspace: 116K(320K)->116K(320K) NonClass: 109K(192K)->109K(192K) Class: 7K(128K)->7K(128K)
[2026-06-17T10:04:42.279+0800][24.181s][info][gc             ] GC(467) Pause Young (Allocation Failure) 46M->36M(61M) 2.922ms
[2026-06-17T10:04:42.279+0800][24.181s][info][gc,cpu         ] GC(467) User=0.01s Sys=0.00s Real=0.00s
[2026-06-17T10:04:42.331+0800][24.233s][info][gc,start       ] GC(468) Pause Young (Allocation Failure)
[2026-06-17T10:04:42.332+0800][24.234s][info][gc,heap        ] GC(468) DefNew: 19640K(19648K)->2087K(19648K) Eden: 17472K(17472K)->0K(17472K) From: 2168K(2176K)->2087K(2176K)
[2026-06-17T10:04:42.333+0800][24.235s][info][gc,heap        ] GC(468) Tenured: 35239K(43712K)->38249K(43712K)
[2026-06-17T10:04:42.333+0800][24.235s][info][gc,metaspace   ] GC(468) Metaspace: 116K(320K)->116K(320K) NonClass: 109K(192K)->109K(192K) Class: 7K(128K)->7K(128K)
[2026-06-17T10:04:42.333+0800][24.235s][info][gc             ] GC(468) Pause Young (Allocation Failure) 53M->39M(61M) 1.874ms
[2026-06-17T10:04:42.333+0800][24.235s][info][gc,cpu         ] GC(468) User=0.00s Sys=0.00s Real=0.00s
[2026-06-17T10:04:42.365+0800][24.267s][info][gc,start       ] GC(469) Pause Full (Allocation Failure)
[2026-06-17T10:04:42.365+0800][24.268s][info][gc,phases,start] GC(469) Phase 1: Mark live objects
[2026-06-17T10:04:42.366+0800][24.268s][info][gc,phases      ] GC(469) Phase 1: Mark live objects 0.826ms
[2026-06-17T10:04:42.367+0800][24.269s][info][gc,phases,start] GC(469) Phase 2: Compute new object addresses
[2026-06-17T10:04:42.367+0800][24.269s][info][gc,phases      ] GC(469) Phase 2: Compute new object addresses 0.401ms
[2026-06-17T10:04:42.367+0800][24.269s][info][gc,phases,start] GC(469) Phase 3: Adjust pointers
[2026-06-17T10:04:42.368+0800][24.270s][info][gc,phases      ] GC(469) Phase 3: Adjust pointers 0.429ms
[2026-06-17T10:04:42.368+0800][24.270s][info][gc,phases,start] GC(469) Phase 4: Move objects
[2026-06-17T10:04:42.370+0800][24.272s][info][gc,phases      ] GC(469) Phase 4: Move objects 2.167ms
[2026-06-17T10:04:42.371+0800][24.273s][info][gc,heap        ] GC(469) DefNew: 19515K(19648K)->0K(19648K) Eden: 17427K(17472K)->0K(17472K) From: 2087K(2176K)->0K(2176K)
[2026-06-17T10:04:42.371+0800][24.273s][info][gc,heap        ] GC(469) Tenured: 38249K(43712K)->26767K(43712K)
[2026-06-17T10:04:42.371+0800][24.273s][info][gc,metaspace   ] GC(469) Metaspace: 116K(320K)->116K(320K) NonClass: 109K(192K)->109K(192K) Class: 7K(128K)->7K(128K)
[2026-06-17T10:04:42.371+0800][24.273s][info][gc             ] GC(469) Pause Full (Allocation Failure) 56M->26M(61M) 6.102ms
[2026-06-17T10:04:42.371+0800][24.273s][info][gc,cpu         ] GC(469) User=0.00s Sys=0.00s Real=0.01s
[2026-06-17T10:04:42.413+0800][24.315s][info][gc,start       ] GC(470) Pause Young (Allocation Failure)
[2026-06-17T10:04:42.414+0800][24.316s][info][gc,heap        ] GC(470) DefNew: 17214K(19648K)->2138K(19648K) Eden: 17214K(17472K)->0K(17472K) From: 0K(2176K)->2138K(2176K)
[2026-06-17T10:04:42.414+0800][24.316s][info][gc,heap        ] GC(470) Tenured: 26767K(43712K)->27848K(43712K)
[2026-06-17T10:04:42.414+0800][24.316s][info][gc,metaspace   ] GC(470) Metaspace: 116K(320K)->116K(320K) NonClass: 109K(192K)->109K(192K) Class: 7K(128K)->7K(128K)
[2026-06-17T10:04:42.415+0800][24.317s][info][gc             ] GC(470) Pause Young (Allocation Failure) 42M->29M(61M) 1.563ms
[2026-06-17T10:04:42.417+0800][24.320s][info][gc,cpu         ] GC(470) User=0.00s Sys=0.00s Real=0.00s
[2026-06-17T10:04:42.471+0800][24.373s][info][gc,start       ] GC(471) Pause Young (Allocation Failure)
[2026-06-17T10:04:42.472+0800][24.374s][info][gc,heap        ] GC(471) DefNew: 19554K(19648K)->2073K(19648K) Eden: 17415K(17472K)->0K(17472K) From: 2138K(2176K)->2073K(2176K)
[2026-06-17T10:04:42.473+0800][24.375s][info][gc,heap        ] GC(471) Tenured: 27848K(43712K)->31952K(43712K)
[2026-06-17T10:04:42.473+0800][24.375s][info][gc,metaspace   ] GC(471) Metaspace: 116K(320K)->116K(320K) NonClass: 109K(192K)->109K(192K) Class: 7K(128K)->7K(128K)
[2026-06-17T10:04:42.474+0800][24.376s][info][gc             ] GC(471) Pause Young (Allocation Failure) 46M->33M(61M) 3.053ms
[2026-06-17T10:04:42.474+0800][24.376s][info][gc,cpu         ] GC(471) User=0.00s Sys=0.00s Real=0.00s
[2026-06-17T10:04:42.517+0800][24.419s][info][gc,start       ] GC(472) Pause Young (Allocation Failure)
[2026-06-17T10:04:42.518+0800][24.421s][info][gc,heap        ] GC(472) DefNew: 19508K(19648K)->2155K(19648K) Eden: 17434K(17472K)->0K(17472K) From: 2073K(2176K)->2155K(2176K)
[2026-06-17T10:04:42.519+0800][24.421s][info][gc,heap        ] GC(472) Tenured: 31952K(43712K)->35287K(43712K)
[2026-06-17T10:04:42.519+0800][24.421s][info][gc,metaspace   ] GC(472) Metaspace: 116K(320K)->116K(320K) NonClass: 109K(192K)->109K(192K) Class: 7K(128K)->7K(128K)
[2026-06-17T10:04:42.519+0800][24.422s][info][gc             ] GC(472) Pause Young (Allocation Failure) 50M->36M(61M) 2.263ms
[2026-06-17T10:04:42.520+0800][24.422s][info][gc,cpu         ] GC(472) User=0.00s Sys=0.00s Real=0.00s
[2026-06-17T10:04:42.562+0800][24.464s][info][gc,start       ] GC(473) Pause Young (Allocation Failure)
[2026-06-17T10:04:42.563+0800][24.465s][info][gc,heap        ] GC(473) DefNew: 19627K(19648K)->2050K(19648K) Eden: 17472K(17472K)->0K(17472K) From: 2155K(2176K)->2050K(2176K)
[2026-06-17T10:04:42.563+0800][24.465s][info][gc,heap        ] GC(473) Tenured: 35287K(43712K)->38930K(43712K)
[2026-06-17T10:04:42.563+0800][24.465s][info][gc,metaspace   ] GC(473) Metaspace: 116K(320K)->116K(320K) NonClass: 109K(192K)->109K(192K) Class: 7K(128K)->7K(128K)
[2026-06-17T10:04:42.563+0800][24.466s][info][gc             ] GC(473) Pause Young (Allocation Failure) 53M->40M(61M) 1.479ms
[2026-06-17T10:04:42.564+0800][24.466s][info][gc,cpu         ] GC(473) User=0.00s Sys=0.00s Real=0.01s
[2026-06-17T10:04:42.605+0800][24.507s][info][gc,start       ] GC(474) Pause Full (Allocation Failure)
[2026-06-17T10:04:42.606+0800][24.508s][info][gc,phases,start] GC(474) Phase 1: Mark live objects
[2026-06-17T10:04:42.609+0800][24.511s][info][gc,phases      ] GC(474) Phase 1: Mark live objects 2.600ms
[2026-06-17T10:04:42.610+0800][24.512s][info][gc,phases,start] GC(474) Phase 2: Compute new object addresses
[2026-06-17T10:04:42.612+0800][24.514s][info][gc,phases      ] GC(474) Phase 2: Compute new object addresses 2.035ms
[2026-06-17T10:04:42.614+0800][24.517s][info][gc,phases,start] GC(474) Phase 3: Adjust pointers
[2026-06-17T10:04:42.617+0800][24.519s][info][gc,phases      ] GC(474) Phase 3: Adjust pointers 2.210ms
[2026-06-17T10:04:42.617+0800][24.519s][info][gc,phases,start] GC(474) Phase 4: Move objects
[2026-06-17T10:04:42.620+0800][24.522s][info][gc,phases      ] GC(474) Phase 4: Move objects 3.089ms
[2026-06-17T10:04:42.622+0800][24.525s][info][gc,heap        ] GC(474) DefNew: 19508K(19648K)->0K(19648K) Eden: 17457K(17472K)->0K(17472K) From: 2050K(2176K)->0K(2176K)
[2026-06-17T10:04:42.624+0800][24.526s][info][gc,heap        ] GC(474) Tenured: 38930K(43712K)->31604K(43712K)
[2026-06-17T10:04:42.626+0800][24.528s][info][gc,metaspace   ] GC(474) Metaspace: 116K(320K)->116K(320K) NonClass: 109K(192K)->109K(192K) Class: 7K(128K)->7K(128K)
[2026-06-17T10:04:42.627+0800][24.529s][info][gc             ] GC(474) Pause Full (Allocation Failure) 57M->30M(61M) 21.356ms
[2026-06-17T10:04:42.627+0800][24.529s][info][gc,cpu         ] GC(474) User=0.01s Sys=0.00s Real=0.02s
[2026-06-17T10:04:42.669+0800][24.571s][info][gc,start       ] GC(475) Pause Young (Allocation Failure)
[2026-06-17T10:04:42.670+0800][24.572s][info][gc,heap        ] GC(475) DefNew: 17204K(19648K)->2087K(19648K) Eden: 17204K(17472K)->0K(17472K) From: 0K(2176K)->2087K(2176K)
[2026-06-17T10:04:42.670+0800][24.572s][info][gc,heap        ] GC(475) Tenured: 31604K(43712K)->32802K(43712K)
[2026-06-17T10:04:42.671+0800][24.573s][info][gc,metaspace   ] GC(475) Metaspace: 116K(320K)->116K(320K) NonClass: 109K(192K)->109K(192K) Class: 7K(128K)->7K(128K)
[2026-06-17T10:04:42.671+0800][24.573s][info][gc             ] GC(475) Pause Young (Allocation Failure) 47M->34M(61M) 2.002ms
[2026-06-17T10:04:42.671+0800][24.573s][info][gc,cpu         ] GC(475) User=0.00s Sys=0.00s Real=0.01s
[2026-06-17T10:04:42.713+0800][24.615s][info][gc,start       ] GC(476) Pause Young (Allocation Failure)
[2026-06-17T10:04:42.714+0800][24.616s][info][gc,heap        ] GC(476) DefNew: 19534K(19648K)->2167K(19648K) Eden: 17447K(17472K)->0K(17472K) From: 2087K(2176K)->2167K(2176K)
[2026-06-17T10:04:42.715+0800][24.617s][info][gc,heap        ] GC(476) Tenured: 32802K(43712K)->39462K(43712K)
[2026-06-17T10:04:42.715+0800][24.617s][info][gc,metaspace   ] GC(476) Metaspace: 116K(320K)->116K(320K) NonClass: 109K(192K)->109K(192K) Class: 7K(128K)->7K(128K)
[2026-06-17T10:04:42.715+0800][24.617s][info][gc             ] GC(476) Pause Young (Allocation Failure) 51M->40M(61M) 1.858ms
[2026-06-17T10:04:42.715+0800][24.617s][info][gc,cpu         ] GC(476) User=0.00s Sys=0.00s Real=0.00s
[2026-06-17T10:04:42.757+0800][24.659s][info][gc,start       ] GC(477) Pause Full (Allocation Failure)
[2026-06-17T10:04:42.757+0800][24.660s][info][gc,phases,start] GC(477) Phase 1: Mark live objects
[2026-06-17T10:04:42.758+0800][24.661s][info][gc,phases      ] GC(477) Phase 1: Mark live objects 0.862ms
[2026-06-17T10:04:42.759+0800][24.661s][info][gc,phases,start] GC(477) Phase 2: Compute new object addresses
[2026-06-17T10:04:42.759+0800][24.661s][info][gc,phases      ] GC(477) Phase 2: Compute new object addresses 0.438ms
[2026-06-17T10:04:42.759+0800][24.662s][info][gc,phases,start] GC(477) Phase 3: Adjust pointers
[2026-06-17T10:04:42.760+0800][24.662s][info][gc,phases      ] GC(477) Phase 3: Adjust pointers 0.565ms
[2026-06-17T10:04:42.760+0800][24.663s][info][gc,phases,start] GC(477) Phase 4: Move objects
[2026-06-17T10:04:42.763+0800][24.665s][info][gc,phases      ] GC(477) Phase 4: Move objects 2.208ms
[2026-06-17T10:04:42.763+0800][24.665s][info][gc,heap        ] GC(477) DefNew: 19618K(19648K)->0K(19648K) Eden: 17450K(17472K)->0K(17472K) From: 2167K(2176K)->0K(2176K)
[2026-06-17T10:04:42.763+0800][24.665s][info][gc,heap        ] GC(477) Tenured: 39462K(43712K)->33269K(43712K)
[2026-06-17T10:04:42.763+0800][24.666s][info][gc,metaspace   ] GC(477) Metaspace: 116K(320K)->116K(320K) NonClass: 109K(192K)->109K(192K) Class: 7K(128K)->7K(128K)
[2026-06-17T10:04:42.764+0800][24.666s][info][gc             ] GC(477) Pause Full (Allocation Failure) 57M->32M(61M) 6.513ms
[2026-06-17T10:04:42.764+0800][24.666s][info][gc,cpu         ] GC(477) User=0.00s Sys=0.00s Real=0.01s
[2026-06-17T10:04:42.806+0800][24.708s][info][gc,start       ] GC(478) Pause Young (Allocation Failure)
[2026-06-17T10:04:42.806+0800][24.708s][info][gc,heap        ] GC(478) DefNew: 17341K(19648K)->1955K(19648K) Eden: 17341K(17472K)->0K(17472K) From: 0K(2176K)->1955K(2176K)
[2026-06-17T10:04:42.806+0800][24.709s][info][gc,heap        ] GC(478) Tenured: 33269K(43712K)->35081K(43712K)
[2026-06-17T10:04:42.807+0800][24.709s][info][gc,metaspace   ] GC(478) Metaspace: 116K(320K)->116K(320K) NonClass: 109K(192K)->109K(192K) Class: 7K(128K)->7K(128K)
[2026-06-17T10:04:42.807+0800][24.709s][info][gc             ] GC(478) Pause Young (Allocation Failure) 49M->36M(61M) 1.334ms
[2026-06-17T10:04:42.807+0800][24.709s][info][gc,cpu         ] GC(478) User=0.00s Sys=0.00s Real=0.00s
[2026-06-17T10:04:42.859+0800][24.761s][info][gc,start       ] GC(479) Pause Young (Allocation Failure)
[2026-06-17T10:04:42.860+0800][24.762s][info][gc,heap        ] GC(479) DefNew: 19367K(19648K)->2034K(19648K) Eden: 17412K(17472K)->0K(17472K) From: 1955K(2176K)->2034K(2176K)
[2026-06-17T10:04:42.860+0800][24.762s][info][gc,heap        ] GC(479) Tenured: 35081K(43712K)->38212K(43712K)
[2026-06-17T10:04:42.860+0800][24.763s][info][gc,metaspace   ] GC(479) Metaspace: 116K(320K)->116K(320K) NonClass: 109K(192K)->109K(192K) Class: 7K(128K)->7K(128K)
[2026-06-17T10:04:42.861+0800][24.763s][info][gc             ] GC(479) Pause Young (Allocation Failure) 53M->39M(61M) 1.528ms
[2026-06-17T10:04:42.861+0800][24.763s][info][gc,cpu         ] GC(479) User=0.00s Sys=0.00s Real=0.00s
[2026-06-17T10:04:42.902+0800][24.805s][info][gc,start       ] GC(480) Pause Full (Allocation Failure)
[2026-06-17T10:04:42.903+0800][24.805s][info][gc,phases,start] GC(480) Phase 1: Mark live objects
[2026-06-17T10:04:42.904+0800][24.806s][info][gc,phases      ] GC(480) Phase 1: Mark live objects 0.800ms
[2026-06-17T10:04:42.904+0800][24.806s][info][gc,phases,start] GC(480) Phase 2: Compute new object addresses
[2026-06-17T10:04:42.904+0800][24.806s][info][gc,phases      ] GC(480) Phase 2: Compute new object addresses 0.389ms
[2026-06-17T10:04:42.904+0800][24.807s][info][gc,phases,start] GC(480) Phase 3: Adjust pointers
[2026-06-17T10:04:42.905+0800][24.807s][info][gc,phases      ] GC(480) Phase 3: Adjust pointers 0.429ms
[2026-06-17T10:04:42.905+0800][24.807s][info][gc,phases,start] GC(480) Phase 4: Move objects
[2026-06-17T10:04:42.907+0800][24.809s][info][gc,phases      ] GC(480) Phase 4: Move objects 1.974ms
[2026-06-17T10:04:42.907+0800][24.810s][info][gc,heap        ] GC(480) DefNew: 19506K(19648K)->0K(19648K) Eden: 17472K(17472K)->0K(17472K) From: 2034K(2176K)->0K(2176K)
[2026-06-17T10:04:42.907+0800][24.810s][info][gc,heap        ] GC(480) Tenured: 38212K(43712K)->29175K(43712K)
[2026-06-17T10:04:42.908+0800][24.810s][info][gc,metaspace   ] GC(480) Metaspace: 116K(320K)->116K(320K) NonClass: 109K(192K)->109K(192K) Class: 7K(128K)->7K(128K)
[2026-06-17T10:04:42.908+0800][24.810s][info][gc             ] GC(480) Pause Full (Allocation Failure) 56M->28M(61M) 5.841ms
[2026-06-17T10:04:42.908+0800][24.811s][info][gc,cpu         ] GC(480) User=0.00s Sys=0.00s Real=0.01s
[2026-06-17T10:04:42.950+0800][24.852s][info][gc,start       ] GC(481) Pause Young (Allocation Failure)
[2026-06-17T10:04:42.951+0800][24.853s][info][gc,heap        ] GC(481) DefNew: 17472K(19648K)->2172K(19648K) Eden: 17472K(17472K)->0K(17472K) From: 0K(2176K)->2172K(2176K)
[2026-06-17T10:04:42.951+0800][24.854s][info][gc,heap        ] GC(481) Tenured: 29175K(43712K)->34107K(43712K)
[2026-06-17T10:04:42.952+0800][24.854s][info][gc,metaspace   ] GC(481) Metaspace: 116K(320K)->116K(320K) NonClass: 109K(192K)->109K(192K) Class: 7K(128K)->7K(128K)
[2026-06-17T10:04:42.952+0800][24.854s][info][gc             ] GC(481) Pause Young (Allocation Failure) 45M->35M(61M) 1.627ms
[2026-06-17T10:04:42.952+0800][24.854s][info][gc,cpu         ] GC(481) User=0.00s Sys=0.00s Real=0.01s
[2026-06-17T10:04:42.994+0800][24.896s][info][gc,start       ] GC(482) Pause Young (Allocation Failure)
[2026-06-17T10:04:42.995+0800][24.897s][info][gc,heap        ] GC(482) DefNew: 19599K(19648K)->2175K(19648K) Eden: 17427K(17472K)->0K(17472K) From: 2172K(2176K)->2175K(2176K)
[2026-06-17T10:04:42.995+0800][24.897s][info][gc,heap        ] GC(482) Tenured: 34107K(43712K)->38497K(43712K)
[2026-06-17T10:04:42.995+0800][24.897s][info][gc,metaspace   ] GC(482) Metaspace: 116K(320K)->116K(320K) NonClass: 109K(192K)->109K(192K) Class: 7K(128K)->7K(128K)
[2026-06-17T10:04:42.995+0800][24.897s][info][gc             ] GC(482) Pause Young (Allocation Failure) 52M->39M(61M) 1.541ms
[2026-06-17T10:04:42.995+0800][24.898s][info][gc,cpu         ] GC(482) User=0.00s Sys=0.00s Real=0.00s
[2026-06-17T10:04:43.037+0800][24.939s][info][gc,start       ] GC(483) Pause Full (Allocation Failure)
[2026-06-17T10:04:43.038+0800][24.940s][info][gc,phases,start] GC(483) Phase 1: Mark live objects
[2026-06-17T10:04:43.038+0800][24.941s][info][gc,phases      ] GC(483) Phase 1: Mark live objects 0.933ms
[2026-06-17T10:04:43.039+0800][24.941s][info][gc,phases,start] GC(483) Phase 2: Compute new object addresses
[2026-06-17T10:04:43.039+0800][24.941s][info][gc,phases      ] GC(483) Phase 2: Compute new object addresses 0.430ms
[2026-06-17T10:04:43.039+0800][24.942s][info][gc,phases,start] GC(483) Phase 3: Adjust pointers
[2026-06-17T10:04:43.040+0800][24.942s][info][gc,phases      ] GC(483) Phase 3: Adjust pointers 0.437ms
[2026-06-17T10:04:43.040+0800][24.942s][info][gc,phases,start] GC(483) Phase 4: Move objects
[2026-06-17T10:04:43.042+0800][24.944s][info][gc,phases      ] GC(483) Phase 4: Move objects 1.609ms
[2026-06-17T10:04:43.042+0800][24.944s][info][gc,heap        ] GC(483) DefNew: 19361K(19648K)->0K(19648K) Eden: 17185K(17472K)->0K(17472K) From: 2175K(2176K)->0K(2176K)
[2026-06-17T10:04:43.042+0800][24.945s][info][gc,heap        ] GC(483) Tenured: 38497K(43712K)->26132K(43712K)
[2026-06-17T10:04:43.043+0800][24.945s][info][gc,metaspace   ] GC(483) Metaspace: 116K(320K)->116K(320K) NonClass: 109K(192K)->109K(192K) Class: 7K(128K)->7K(128K)
[2026-06-17T10:04:43.043+0800][24.945s][info][gc             ] GC(483) Pause Full (Allocation Failure) 56M->25M(61M) 5.575ms
[2026-06-17T10:04:43.043+0800][24.945s][info][gc,cpu         ] GC(483) User=0.00s Sys=0.00s Real=0.01s
[2026-06-17T10:04:43.095+0800][24.997s][info][gc,start       ] GC(484) Pause Young (Allocation Failure)
[2026-06-17T10:04:43.095+0800][24.998s][info][gc,heap        ] GC(484) DefNew: 17461K(19648K)->2157K(19648K) Eden: 17461K(17472K)->0K(17472K) From: 0K(2176K)->2157K(2176K)
[2026-06-17T10:04:43.096+0800][24.998s][info][gc,heap        ] GC(484) Tenured: 26132K(43712K)->27602K(43712K)
[2026-06-17T10:04:43.096+0800][24.998s][info][gc,metaspace   ] GC(484) Metaspace: 116K(320K)->116K(320K) NonClass: 109K(192K)->109K(192K) Class: 7K(128K)->7K(128K)
[2026-06-17T10:04:43.096+0800][24.999s][info][gc             ] GC(484) Pause Young (Allocation Failure) 42M->29M(61M) 1.803ms
[2026-06-17T10:04:43.097+0800][24.999s][info][gc,cpu         ] GC(484) User=0.00s Sys=0.00s Real=0.00s
[2026-06-17T10:04:43.139+0800][25.041s][info][gc,start       ] GC(485) Pause Young (Allocation Failure)
[2026-06-17T10:04:43.140+0800][25.042s][info][gc,heap        ] GC(485) DefNew: 19629K(19648K)->2166K(19648K) Eden: 17472K(17472K)->0K(17472K) From: 2157K(2176K)->2166K(2176K)
[2026-06-17T10:04:43.140+0800][25.042s][info][gc,heap        ] GC(485) Tenured: 27602K(43712K)->31146K(43712K)
[2026-06-17T10:04:43.141+0800][25.043s][info][gc,metaspace   ] GC(485) Metaspace: 116K(320K)->116K(320K) NonClass: 109K(192K)->109K(192K) Class: 7K(128K)->7K(128K)
[2026-06-17T10:04:43.141+0800][25.043s][info][gc             ] GC(485) Pause Young (Allocation Failure) 46M->32M(61M) 2.708ms
[2026-06-17T10:04:43.142+0800][25.044s][info][gc,cpu         ] GC(485) User=0.00s Sys=0.00s Real=0.00s
[2026-06-17T10:04:43.187+0800][25.089s][info][gc,start       ] GC(486) Pause Young (Allocation Failure)
[2026-06-17T10:04:43.188+0800][25.090s][info][gc,heap        ] GC(486) DefNew: 19638K(19648K)->2059K(19648K) Eden: 17472K(17472K)->0K(17472K) From: 2166K(2176K)->2059K(2176K)
[2026-06-17T10:04:43.188+0800][25.090s][info][gc,heap        ] GC(486) Tenured: 31146K(43712K)->34720K(43712K)
[2026-06-17T10:04:43.188+0800][25.090s][info][gc,metaspace   ] GC(486) Metaspace: 116K(320K)->116K(320K) NonClass: 109K(192K)->109K(192K) Class: 7K(128K)->7K(128K)
[2026-06-17T10:04:43.188+0800][25.091s][info][gc             ] GC(486) Pause Young (Allocation Failure) 49M->35M(61M) 1.855ms
[2026-06-17T10:04:43.189+0800][25.091s][info][gc,cpu         ] GC(486) User=0.00s Sys=0.00s Real=0.00s
[2026-06-17T10:04:43.231+0800][25.133s][info][gc,start       ] GC(487) Pause Young (Allocation Failure)
[2026-06-17T10:04:43.232+0800][25.135s][info][gc,heap        ] GC(487) DefNew: 19510K(19648K)->2132K(19648K) Eden: 17450K(17472K)->0K(17472K) From: 2059K(2176K)->2132K(2176K)
[2026-06-17T10:04:43.233+0800][25.135s][info][gc,heap        ] GC(487) Tenured: 34720K(43712K)->37811K(43712K)
[2026-06-17T10:04:43.233+0800][25.135s][info][gc,metaspace   ] GC(487) Metaspace: 116K(320K)->116K(320K) NonClass: 109K(192K)->109K(192K) Class: 7K(128K)->7K(128K)
[2026-06-17T10:04:43.234+0800][25.136s][info][gc             ] GC(487) Pause Young (Allocation Failure) 52M->39M(61M) 2.905ms
[2026-06-17T10:04:43.234+0800][25.136s][info][gc,cpu         ] GC(487) User=0.00s Sys=0.00s Real=0.00s
[2026-06-17T10:04:43.276+0800][25.179s][info][gc,start       ] GC(488) Pause Full (Allocation Failure)
[2026-06-17T10:04:43.277+0800][25.179s][info][gc,phases,start] GC(488) Phase 1: Mark live objects
[2026-06-17T10:04:43.278+0800][25.180s][info][gc,phases      ] GC(488) Phase 1: Mark live objects 1.190ms
[2026-06-17T10:04:43.279+0800][25.181s][info][gc,phases,start] GC(488) Phase 2: Compute new object addresses
[2026-06-17T10:04:43.279+0800][25.182s][info][gc,phases      ] GC(488) Phase 2: Compute new object addresses 0.765ms
[2026-06-17T10:04:43.280+0800][25.182s][info][gc,phases,start] GC(488) Phase 3: Adjust pointers
[2026-06-17T10:04:43.281+0800][25.183s][info][gc,phases      ] GC(488) Phase 3: Adjust pointers 0.726ms
[2026-06-17T10:04:43.281+0800][25.183s][info][gc,phases,start] GC(488) Phase 4: Move objects
[2026-06-17T10:04:43.284+0800][25.186s][info][gc,phases      ] GC(488) Phase 4: Move objects 2.622ms
[2026-06-17T10:04:43.284+0800][25.186s][info][gc,heap        ] GC(488) DefNew: 19604K(19648K)->0K(19648K) Eden: 17472K(17472K)->0K(17472K) From: 2132K(2176K)->0K(2176K)
[2026-06-17T10:04:43.285+0800][25.187s][info][gc,heap        ] GC(488) Tenured: 37811K(43712K)->33408K(43712K)
[2026-06-17T10:04:43.285+0800][25.188s][info][gc,metaspace   ] GC(488) Metaspace: 116K(320K)->116K(320K) NonClass: 109K(192K)->109K(192K) Class: 7K(128K)->7K(128K)
[2026-06-17T10:04:43.286+0800][25.188s][info][gc             ] GC(488) Pause Full (Allocation Failure) 56M->32M(61M) 9.476ms
[2026-06-17T10:04:43.287+0800][25.189s][info][gc,cpu         ] GC(488) User=0.00s Sys=0.00s Real=0.01s
[2026-06-17T10:04:43.329+0800][25.231s][info][gc,start       ] GC(489) Pause Young (Allocation Failure)
[2026-06-17T10:04:43.331+0800][25.233s][info][gc,heap        ] GC(489) DefNew: 17472K(19648K)->2172K(19648K) Eden: 17472K(17472K)->0K(17472K) From: 0K(2176K)->2172K(2176K)
[2026-06-17T10:04:43.331+0800][25.233s][info][gc,heap        ] GC(489) Tenured: 33408K(43712K)->38167K(43712K)
[2026-06-17T10:04:43.332+0800][25.234s][info][gc,metaspace   ] GC(489) Metaspace: 116K(320K)->116K(320K) NonClass: 109K(192K)->109K(192K) Class: 7K(128K)->7K(128K)
[2026-06-17T10:04:43.332+0800][25.234s][info][gc             ] GC(489) Pause Young (Allocation Failure) 49M->39M(61M) 3.032ms
[2026-06-17T10:04:43.332+0800][25.235s][info][gc,cpu         ] GC(489) User=0.00s Sys=0.00s Real=0.01s
[2026-06-17T10:04:43.385+0800][25.287s][info][gc,start       ] GC(490) Pause Full (Allocation Failure)
[2026-06-17T10:04:43.385+0800][25.288s][info][gc,phases,start] GC(490) Phase 1: Mark live objects
[2026-06-17T10:04:43.387+0800][25.289s][info][gc,phases      ] GC(490) Phase 1: Mark live objects 1.098ms
[2026-06-17T10:04:43.387+0800][25.289s][info][gc,phases,start] GC(490) Phase 2: Compute new object addresses
[2026-06-17T10:04:43.388+0800][25.290s][info][gc,phases      ] GC(490) Phase 2: Compute new object addresses 0.724ms
[2026-06-17T10:04:43.388+0800][25.290s][info][gc,phases,start] GC(490) Phase 3: Adjust pointers
[2026-06-17T10:04:43.389+0800][25.291s][info][gc,phases      ] GC(490) Phase 3: Adjust pointers 0.710ms
[2026-06-17T10:04:43.389+0800][25.292s][info][gc,phases,start] GC(490) Phase 4: Move objects
[2026-06-17T10:04:43.392+0800][25.294s][info][gc,phases      ] GC(490) Phase 4: Move objects 2.340ms
[2026-06-17T10:04:43.392+0800][25.294s][info][gc,heap        ] GC(490) DefNew: 19644K(19648K)->0K(19648K) Eden: 17472K(17472K)->0K(17472K) From: 2172K(2176K)->0K(2176K)
[2026-06-17T10:04:43.392+0800][25.295s][info][gc,heap        ] GC(490) Tenured: 38167K(43712K)->21772K(43712K)
[2026-06-17T10:04:43.393+0800][25.295s][info][gc,metaspace   ] GC(490) Metaspace: 116K(320K)->116K(320K) NonClass: 109K(192K)->109K(192K) Class: 7K(128K)->7K(128K)
[2026-06-17T10:04:43.393+0800][25.295s][info][gc             ] GC(490) Pause Full (Allocation Failure) 56M->21M(61M) 8.109ms
[2026-06-17T10:04:43.393+0800][25.296s][info][gc,cpu         ] GC(490) User=0.00s Sys=0.00s Real=0.01s
[2026-06-17T10:04:43.436+0800][25.338s][info][gc,start       ] GC(491) Pause Young (Allocation Failure)
[2026-06-17T10:04:43.437+0800][25.339s][info][gc,heap        ] GC(491) DefNew: 17472K(19648K)->2167K(19648K) Eden: 17472K(17472K)->0K(17472K) From: 0K(2176K)->2167K(2176K)
[2026-06-17T10:04:43.437+0800][25.340s][info][gc,heap        ] GC(491) Tenured: 21772K(43712K)->27094K(43712K)
[2026-06-17T10:04:43.438+0800][25.340s][info][gc,metaspace   ] GC(491) Metaspace: 116K(320K)->116K(320K) NonClass: 109K(192K)->109K(192K) Class: 7K(128K)->7K(128K)
[2026-06-17T10:04:43.438+0800][25.341s][info][gc             ] GC(491) Pause Young (Allocation Failure) 38M->28M(61M) 2.642ms
[2026-06-17T10:04:43.439+0800][25.341s][info][gc,cpu         ] GC(491) User=0.01s Sys=0.00s Real=0.00s
[2026-06-17T10:04:43.481+0800][25.383s][info][gc,start       ] GC(492) Pause Young (Allocation Failure)
[2026-06-17T10:04:43.482+0800][25.384s][info][gc,heap        ] GC(492) DefNew: 19619K(19648K)->2159K(19648K) Eden: 17452K(17472K)->0K(17472K) From: 2167K(2176K)->2159K(2176K)
[2026-06-17T10:04:43.483+0800][25.385s][info][gc,heap        ] GC(492) Tenured: 27094K(43712K)->31320K(43712K)
[2026-06-17T10:04:43.483+0800][25.385s][info][gc,metaspace   ] GC(492) Metaspace: 116K(320K)->116K(320K) NonClass: 109K(192K)->109K(192K) Class: 7K(128K)->7K(128K)
[2026-06-17T10:04:43.483+0800][25.385s][info][gc             ] GC(492) Pause Young (Allocation Failure) 45M->32M(61M) 2.041ms
[2026-06-17T10:04:43.483+0800][25.386s][info][gc,cpu         ] GC(492) User=0.00s Sys=0.00s Real=0.01s
[2026-06-17T10:04:43.526+0800][25.428s][info][gc,start       ] GC(493) Pause Young (Allocation Failure)
[2026-06-17T10:04:43.528+0800][25.430s][info][gc,heap        ] GC(493) DefNew: 19605K(19648K)->2175K(19648K) Eden: 17446K(17472K)->0K(17472K) From: 2159K(2176K)->2175K(2176K)
[2026-06-17T10:04:43.529+0800][25.431s][info][gc,heap        ] GC(493) Tenured: 31320K(43712K)->35364K(43712K)
[2026-06-17T10:04:43.529+0800][25.432s][info][gc,metaspace   ] GC(493) Metaspace: 116K(320K)->116K(320K) NonClass: 109K(192K)->109K(192K) Class: 7K(128K)->7K(128K)
[2026-06-17T10:04:43.530+0800][25.432s][info][gc             ] GC(493) Pause Young (Allocation Failure) 49M->36M(61M) 3.841ms
[2026-06-17T10:04:43.531+0800][25.433s][info][gc,cpu         ] GC(493) User=0.00s Sys=0.00s Real=0.01s
[2026-06-17T10:04:43.574+0800][25.476s][info][gc,start       ] GC(494) Pause Young (Allocation Failure)
[2026-06-17T10:04:43.577+0800][25.479s][info][gc,heap        ] GC(494) DefNew: 19641K(19648K)->2165K(19648K) Eden: 17465K(17472K)->0K(17472K) From: 2175K(2176K)->2165K(2176K)
[2026-06-17T10:04:43.578+0800][25.480s][info][gc,heap        ] GC(494) Tenured: 35364K(43712K)->40705K(43712K)
[2026-06-17T10:04:43.578+0800][25.480s][info][gc,metaspace   ] GC(494) Metaspace: 116K(320K)->116K(320K) NonClass: 109K(192K)->109K(192K) Class: 7K(128K)->7K(128K)
[2026-06-17T10:04:43.580+0800][25.482s][info][gc             ] GC(494) Pause Young (Allocation Failure) 53M->41M(61M) 5.872ms
[2026-06-17T10:04:43.581+0800][25.483s][info][gc,cpu         ] GC(494) User=0.00s Sys=0.00s Real=0.00s
[2026-06-17T10:04:43.634+0800][25.536s][info][gc,start       ] GC(495) Pause Full (Allocation Failure)
[2026-06-17T10:04:43.634+0800][25.536s][info][gc,phases,start] GC(495) Phase 1: Mark live objects
[2026-06-17T10:04:43.636+0800][25.538s][info][gc,phases      ] GC(495) Phase 1: Mark live objects 1.299ms
[2026-06-17T10:04:43.636+0800][25.538s][info][gc,phases,start] GC(495) Phase 2: Compute new object addresses
[2026-06-17T10:04:43.637+0800][25.539s][info][gc,phases      ] GC(495) Phase 2: Compute new object addresses 0.931ms
[2026-06-17T10:04:43.638+0800][25.540s][info][gc,phases,start] GC(495) Phase 3: Adjust pointers
[2026-06-17T10:04:43.639+0800][25.541s][info][gc,phases      ] GC(495) Phase 3: Adjust pointers 1.009ms
[2026-06-17T10:04:43.639+0800][25.542s][info][gc,phases,start] GC(495) Phase 4: Move objects
[2026-06-17T10:04:43.642+0800][25.544s][info][gc,phases      ] GC(495) Phase 4: Move objects 2.508ms
[2026-06-17T10:04:43.643+0800][25.545s][info][gc,heap        ] GC(495) DefNew: 19614K(19648K)->0K(19648K) Eden: 17448K(17472K)->0K(17472K) From: 2165K(2176K)->0K(2176K)
[2026-06-17T10:04:43.643+0800][25.545s][info][gc,heap        ] GC(495) Tenured: 40705K(43712K)->27628K(43712K)
[2026-06-17T10:04:43.644+0800][25.546s][info][gc,metaspace   ] GC(495) Metaspace: 116K(320K)->116K(320K) NonClass: 109K(192K)->109K(192K) Class: 7K(128K)->7K(128K)
[2026-06-17T10:04:43.644+0800][25.546s][info][gc             ] GC(495) Pause Full (Allocation Failure) 58M->26M(61M) 10.700ms
[2026-06-17T10:04:43.645+0800][25.547s][info][gc,cpu         ] GC(495) User=0.01s Sys=0.00s Real=0.01s
[2026-06-17T10:04:43.677+0800][25.579s][info][gc,start       ] GC(496) Pause Young (Allocation Failure)
[2026-06-17T10:04:43.678+0800][25.580s][info][gc,heap        ] GC(496) DefNew: 17134K(19648K)->2173K(19648K) Eden: 17134K(17472K)->0K(17472K) From: 0K(2176K)->2173K(2176K)
[2026-06-17T10:04:43.679+0800][25.581s][info][gc,heap        ] GC(496) Tenured: 27628K(43712K)->32129K(43712K)
[2026-06-17T10:04:43.679+0800][25.581s][info][gc,metaspace   ] GC(496) Metaspace: 116K(320K)->116K(320K) NonClass: 109K(192K)->109K(192K) Class: 7K(128K)->7K(128K)
[2026-06-17T10:04:43.680+0800][25.582s][info][gc             ] GC(496) Pause Young (Allocation Failure) 43M->33M(61M) 3.156ms
[2026-06-17T10:04:43.680+0800][25.583s][info][gc,cpu         ] GC(496) User=0.00s Sys=0.00s Real=0.00s
[2026-06-17T10:04:43.723+0800][25.625s][info][gc,start       ] GC(497) Pause Young (Allocation Failure)
[2026-06-17T10:04:43.724+0800][25.626s][info][gc,heap        ] GC(497) DefNew: 18758K(19648K)->2142K(19648K) Eden: 16585K(17472K)->0K(17472K) From: 2173K(2176K)->2142K(2176K)
[2026-06-17T10:04:43.725+0800][25.627s][info][gc,heap        ] GC(497) Tenured: 32129K(43712K)->35412K(43712K)
[2026-06-17T10:04:43.725+0800][25.627s][info][gc,metaspace   ] GC(497) Metaspace: 116K(320K)->116K(320K) NonClass: 109K(192K)->109K(192K) Class: 7K(128K)->7K(128K)
[2026-06-17T10:04:43.726+0800][25.628s][info][gc             ] GC(497) Pause Young (Allocation Failure) 49M->36M(61M) 3.252ms
[2026-06-17T10:04:43.727+0800][25.629s][info][gc,cpu         ] GC(497) User=0.00s Sys=0.00s Real=0.00s
[2026-06-17T10:04:43.779+0800][25.681s][info][gc,start       ] GC(498) Pause Young (Allocation Failure)
[2026-06-17T10:04:43.780+0800][25.683s][info][gc,heap        ] GC(498) DefNew: 19605K(19648K)->2046K(19648K) Eden: 17463K(17472K)->0K(17472K) From: 2142K(2176K)->2046K(2176K)
[2026-06-17T10:04:43.782+0800][25.684s][info][gc,heap        ] GC(498) Tenured: 35412K(43712K)->38987K(43712K)
[2026-06-17T10:04:43.782+0800][25.684s][info][gc,metaspace   ] GC(498) Metaspace: 116K(320K)->116K(320K) NonClass: 109K(192K)->109K(192K) Class: 7K(128K)->7K(128K)
[2026-06-17T10:04:43.782+0800][25.684s][info][gc             ] GC(498) Pause Young (Allocation Failure) 53M->40M(61M) 3.124ms
[2026-06-17T10:04:43.782+0800][25.685s][info][gc,cpu         ] GC(498) User=0.00s Sys=0.00s Real=0.01s
[2026-06-17T10:04:43.825+0800][25.727s][info][gc,start       ] GC(499) Pause Full (Allocation Failure)
[2026-06-17T10:04:43.825+0800][25.728s][info][gc,phases,start] GC(499) Phase 1: Mark live objects
[2026-06-17T10:04:43.827+0800][25.729s][info][gc,phases      ] GC(499) Phase 1: Mark live objects 1.219ms
[2026-06-17T10:04:43.827+0800][25.729s][info][gc,phases,start] GC(499) Phase 2: Compute new object addresses
[2026-06-17T10:04:43.828+0800][25.730s][info][gc,phases      ] GC(499) Phase 2: Compute new object addresses 0.794ms
[2026-06-17T10:04:43.829+0800][25.731s][info][gc,phases,start] GC(499) Phase 3: Adjust pointers
[2026-06-17T10:04:43.829+0800][25.732s][info][gc,phases      ] GC(499) Phase 3: Adjust pointers 0.917ms
[2026-06-17T10:04:43.830+0800][25.732s][info][gc,phases,start] GC(499) Phase 4: Move objects
[2026-06-17T10:04:43.832+0800][25.734s][info][gc,phases      ] GC(499) Phase 4: Move objects 2.375ms
[2026-06-17T10:04:43.833+0800][25.735s][info][gc,heap        ] GC(499) DefNew: 19470K(19648K)->0K(19648K) Eden: 17424K(17472K)->0K(17472K) From: 2046K(2176K)->0K(2176K)
[2026-06-17T10:04:43.833+0800][25.735s][info][gc,heap        ] GC(499) Tenured: 38987K(43712K)->31860K(43712K)
[2026-06-17T10:04:43.834+0800][25.736s][info][gc,metaspace   ] GC(499) Metaspace: 116K(320K)->116K(320K) NonClass: 109K(192K)->109K(192K) Class: 7K(128K)->7K(128K)
[2026-06-17T10:04:43.834+0800][25.736s][info][gc             ] GC(499) Pause Full (Allocation Failure) 57M->31M(61M) 9.256ms
[2026-06-17T10:04:43.834+0800][25.737s][info][gc,cpu         ] GC(499) User=0.01s Sys=0.00s Real=0.01s
[2026-06-17T10:04:43.877+0800][25.779s][info][gc,start       ] GC(500) Pause Young (Allocation Failure)
[2026-06-17T10:04:43.879+0800][25.781s][info][gc,heap        ] GC(500) DefNew: 17472K(19648K)->2170K(19648K) Eden: 17472K(17472K)->0K(17472K) From: 0K(2176K)->2170K(2176K)
[2026-06-17T10:04:43.880+0800][25.782s][info][gc,heap        ] GC(500) Tenured: 31860K(43712K)->36585K(43712K)
[2026-06-17T10:04:43.880+0800][25.782s][info][gc,metaspace   ] GC(500) Metaspace: 116K(320K)->116K(320K) NonClass: 109K(192K)->109K(192K) Class: 7K(128K)->7K(128K)
[2026-06-17T10:04:43.881+0800][25.783s][info][gc             ] GC(500) Pause Young (Allocation Failure) 48M->37M(61M) 3.769ms
[2026-06-17T10:04:43.882+0800][25.784s][info][gc,cpu         ] GC(500) User=0.00s Sys=0.00s Real=0.00s
[2026-06-17T10:04:43.924+0800][25.826s][info][gc,start       ] GC(501) Pause Young (Allocation Failure)
[2026-06-17T10:04:43.925+0800][25.827s][info][gc,heap        ] GC(501) DefNew: 19576K(19648K)->1572K(19648K) Eden: 17406K(17472K)->0K(17472K) From: 2170K(2176K)->1572K(2176K)
[2026-06-17T10:04:43.926+0800][25.828s][info][gc,heap        ] GC(501) Tenured: 36585K(43712K)->38755K(43712K)
[2026-06-17T10:04:43.927+0800][25.829s][info][gc,metaspace   ] GC(501) Metaspace: 116K(320K)->116K(320K) NonClass: 109K(192K)->109K(192K) Class: 7K(128K)->7K(128K)
[2026-06-17T10:04:43.927+0800][25.829s][info][gc             ] GC(501) Pause Young (Allocation Failure) 54M->39M(61M) 3.073ms
[2026-06-17T10:04:43.928+0800][25.830s][info][gc,cpu         ] GC(501) User=0.00s Sys=0.00s Real=0.00s
[2026-06-17T10:04:43.970+0800][25.873s][info][gc,start       ] GC(502) Pause Full (Allocation Failure)
[2026-06-17T10:04:43.971+0800][25.873s][info][gc,phases,start] GC(502) Phase 1: Mark live objects
[2026-06-17T10:04:43.972+0800][25.874s][info][gc,phases      ] GC(502) Phase 1: Mark live objects 1.039ms
[2026-06-17T10:04:43.972+0800][25.874s][info][gc,phases,start] GC(502) Phase 2: Compute new object addresses
[2026-06-17T10:04:43.973+0800][25.875s][info][gc,phases      ] GC(502) Phase 2: Compute new object addresses 0.512ms
[2026-06-17T10:04:43.973+0800][25.875s][info][gc,phases,start] GC(502) Phase 3: Adjust pointers
[2026-06-17T10:04:43.974+0800][25.876s][info][gc,phases      ] GC(502) Phase 3: Adjust pointers 0.651ms
[2026-06-17T10:04:43.974+0800][25.876s][info][gc,phases,start] GC(502) Phase 4: Move objects
[2026-06-17T10:04:43.977+0800][25.879s][info][gc,phases      ] GC(502) Phase 4: Move objects 2.817ms
[2026-06-17T10:04:43.977+0800][25.879s][info][gc,heap        ] GC(502) DefNew: 19035K(19648K)->0K(19648K) Eden: 17463K(17472K)->0K(17472K) From: 1572K(2176K)->0K(2176K)
[2026-06-17T10:04:43.977+0800][25.880s][info][gc,heap        ] GC(502) Tenured: 38755K(43712K)->32635K(43712K)
[2026-06-17T10:04:43.978+0800][25.880s][info][gc,metaspace   ] GC(502) Metaspace: 116K(320K)->116K(320K) NonClass: 109K(192K)->109K(192K) Class: 7K(128K)->7K(128K)
[2026-06-17T10:04:43.978+0800][25.880s][info][gc             ] GC(502) Pause Full (Allocation Failure) 56M->31M(61M) 7.859ms
[2026-06-17T10:04:43.979+0800][25.881s][info][gc,cpu         ] GC(502) User=0.01s Sys=0.00s Real=0.01s
[2026-06-17T10:04:44.031+0800][25.933s][info][gc,start       ] GC(503) Pause Young (Allocation Failure)
[2026-06-17T10:04:44.032+0800][25.935s][info][gc,heap        ] GC(503) DefNew: 17441K(19648K)->2077K(19648K) Eden: 17441K(17472K)->0K(17472K) From: 0K(2176K)->2077K(2176K)
[2026-06-17T10:04:44.033+0800][25.935s][info][gc,heap        ] GC(503) Tenured: 32635K(43712K)->34279K(43712K)
[2026-06-17T10:04:44.034+0800][25.936s][info][gc,metaspace   ] GC(503) Metaspace: 116K(320K)->116K(320K) NonClass: 109K(192K)->109K(192K) Class: 7K(128K)->7K(128K)
[2026-06-17T10:04:44.034+0800][25.936s][info][gc             ] GC(503) Pause Young (Allocation Failure) 48M->35M(61M) 3.219ms
[2026-06-17T10:04:44.036+0800][25.938s][info][gc,cpu         ] GC(503) User=0.00s Sys=0.00s Real=0.00s
[2026-06-17T10:04:44.079+0800][25.981s][info][gc,start       ] GC(504) Pause Young (Allocation Failure)
[2026-06-17T10:04:44.080+0800][25.982s][info][gc,heap        ] GC(504) DefNew: 19549K(19648K)->2097K(19648K) Eden: 17472K(17472K)->0K(17472K) From: 2077K(2176K)->2097K(2176K)
[2026-06-17T10:04:44.081+0800][25.983s][info][gc,heap        ] GC(504) Tenured: 34279K(43712K)->37665K(43712K)
[2026-06-17T10:04:44.081+0800][25.983s][info][gc,metaspace   ] GC(504) Metaspace: 116K(320K)->116K(320K) NonClass: 109K(192K)->109K(192K) Class: 7K(128K)->7K(128K)
[2026-06-17T10:04:44.082+0800][25.984s][info][gc             ] GC(504) Pause Young (Allocation Failure) 52M->38M(61M) 2.738ms
[2026-06-17T10:04:44.082+0800][25.984s][info][gc,cpu         ] GC(504) User=0.00s Sys=0.00s Real=0.00s
[2026-06-17T10:04:44.124+0800][26.027s][info][gc,start       ] GC(505) Pause Full (Allocation Failure)
[2026-06-17T10:04:44.126+0800][26.029s][info][gc,phases,start] GC(505) Phase 1: Mark live objects
[2026-06-17T10:04:44.127+0800][26.030s][info][gc,phases      ] GC(505) Phase 1: Mark live objects 1.098ms
[2026-06-17T10:04:44.128+0800][26.030s][info][gc,phases,start] GC(505) Phase 2: Compute new object addresses
[2026-06-17T10:04:44.129+0800][26.031s][info][gc,phases      ] GC(505) Phase 2: Compute new object addresses 0.641ms
[2026-06-17T10:04:44.131+0800][26.033s][info][gc,phases,start] GC(505) Phase 3: Adjust pointers
[2026-06-17T10:04:44.131+0800][26.034s][info][gc,phases      ] GC(505) Phase 3: Adjust pointers 0.780ms
[2026-06-17T10:04:44.133+0800][26.035s][info][gc,phases,start] GC(505) Phase 4: Move objects
[2026-06-17T10:04:44.136+0800][26.038s][info][gc,phases      ] GC(505) Phase 4: Move objects 3.563ms
[2026-06-17T10:04:44.137+0800][26.039s][info][gc,heap        ] GC(505) DefNew: 19569K(19648K)->0K(19648K) Eden: 17472K(17472K)->0K(17472K) From: 2097K(2176K)->0K(2176K)
[2026-06-17T10:04:44.138+0800][26.040s][info][gc,heap        ] GC(505) Tenured: 37665K(43712K)->29524K(43712K)
[2026-06-17T10:04:44.139+0800][26.041s][info][gc,metaspace   ] GC(505) Metaspace: 116K(320K)->116K(320K) NonClass: 109K(192K)->109K(192K) Class: 7K(128K)->7K(128K)
[2026-06-17T10:04:44.139+0800][26.041s][info][gc             ] GC(505) Pause Full (Allocation Failure) 55M->28M(61M) 14.899ms
[2026-06-17T10:04:44.140+0800][26.042s][info][gc,cpu         ] GC(505) User=0.01s Sys=0.00s Real=0.01s
[2026-06-17T10:04:44.183+0800][26.085s][info][gc,start       ] GC(506) Pause Young (Allocation Failure)
[2026-06-17T10:04:44.184+0800][26.086s][info][gc,heap        ] GC(506) DefNew: 17452K(19648K)->2172K(19648K) Eden: 17452K(17472K)->0K(17472K) From: 0K(2176K)->2172K(2176K)
[2026-06-17T10:04:44.185+0800][26.087s][info][gc,heap        ] GC(506) Tenured: 29524K(43712K)->34500K(43712K)
[2026-06-17T10:04:44.186+0800][26.088s][info][gc,metaspace   ] GC(506) Metaspace: 116K(320K)->116K(320K) NonClass: 109K(192K)->109K(192K) Class: 7K(128K)->7K(128K)
[2026-06-17T10:04:44.188+0800][26.090s][info][gc             ] GC(506) Pause Young (Allocation Failure) 45M->35M(61M) 5.082ms
[2026-06-17T10:04:44.188+0800][26.090s][info][gc,cpu         ] GC(506) User=0.00s Sys=0.00s Real=0.00s
[2026-06-17T10:04:44.230+0800][26.133s][info][gc,start       ] GC(507) Pause Young (Allocation Failure)
[2026-06-17T10:04:44.233+0800][26.135s][info][gc,heap        ] GC(507) DefNew: 19643K(19648K)->2156K(19648K) Eden: 17470K(17472K)->0K(17472K) From: 2172K(2176K)->2156K(2176K)
[2026-06-17T10:04:44.234+0800][26.136s][info][gc,heap        ] GC(507) Tenured: 34500K(43712K)->39967K(43712K)
[2026-06-17T10:04:44.235+0800][26.137s][info][gc,metaspace   ] GC(507) Metaspace: 116K(320K)->116K(320K) NonClass: 109K(192K)->109K(192K) Class: 7K(128K)->7K(128K)
[2026-06-17T10:04:44.235+0800][26.137s][info][gc             ] GC(507) Pause Young (Allocation Failure) 52M->41M(61M) 4.959ms
[2026-06-17T10:04:44.236+0800][26.138s][info][gc,cpu         ] GC(507) User=0.00s Sys=0.00s Real=0.01s
[2026-06-17T10:04:44.278+0800][26.180s][info][gc,start       ] GC(508) Pause Full (Allocation Failure)
[2026-06-17T10:04:44.279+0800][26.181s][info][gc,phases,start] GC(508) Phase 1: Mark live objects
[2026-06-17T10:04:44.280+0800][26.182s][info][gc,phases      ] GC(508) Phase 1: Mark live objects 1.217ms
[2026-06-17T10:04:44.280+0800][26.182s][info][gc,phases,start] GC(508) Phase 2: Compute new object addresses
[2026-06-17T10:04:44.281+0800][26.183s][info][gc,phases      ] GC(508) Phase 2: Compute new object addresses 0.640ms
[2026-06-17T10:04:44.281+0800][26.184s][info][gc,phases,start] GC(508) Phase 3: Adjust pointers
[2026-06-17T10:04:44.282+0800][26.184s][info][gc,phases      ] GC(508) Phase 3: Adjust pointers 0.603ms
[2026-06-17T10:04:44.282+0800][26.185s][info][gc,phases,start] GC(508) Phase 4: Move objects
[2026-06-17T10:04:44.285+0800][26.187s][info][gc,phases      ] GC(508) Phase 4: Move objects 2.356ms
[2026-06-17T10:04:44.285+0800][26.188s][info][gc,heap        ] GC(508) DefNew: 19609K(19648K)->0K(19648K) Eden: 17453K(17472K)->0K(17472K) From: 2156K(2176K)->0K(2176K)
[2026-06-17T10:04:44.287+0800][26.190s][info][gc,heap        ] GC(508) Tenured: 39967K(43712K)->30299K(43712K)
[2026-06-17T10:04:44.288+0800][26.190s][info][gc,metaspace   ] GC(508) Metaspace: 116K(320K)->116K(320K) NonClass: 109K(192K)->109K(192K) Class: 7K(128K)->7K(128K)
[2026-06-17T10:04:44.288+0800][26.190s][info][gc             ] GC(508) Pause Full (Allocation Failure) 58M->29M(61M) 10.019ms
[2026-06-17T10:04:44.288+0800][26.191s][info][gc,cpu         ] GC(508) User=0.01s Sys=0.00s Real=0.01s
[2026-06-17T10:04:44.332+0800][26.234s][info][gc,start       ] GC(509) Pause Young (Allocation Failure)
[2026-06-17T10:04:44.333+0800][26.235s][info][gc,heap        ] GC(509) DefNew: 17438K(19648K)->2131K(19648K) Eden: 17438K(17472K)->0K(17472K) From: 0K(2176K)->2131K(2176K)
[2026-06-17T10:04:44.334+0800][26.236s][info][gc,heap        ] GC(509) Tenured: 30299K(43712K)->31671K(43712K)
[2026-06-17T10:04:44.334+0800][26.237s][info][gc,metaspace   ] GC(509) Metaspace: 116K(320K)->116K(320K) NonClass: 109K(192K)->109K(192K) Class: 7K(128K)->7K(128K)
[2026-06-17T10:04:44.336+0800][26.238s][info][gc             ] GC(509) Pause Young (Allocation Failure) 46M->33M(61M) 4.349ms
[2026-06-17T10:04:44.337+0800][26.239s][info][gc,cpu         ] GC(509) User=0.00s Sys=0.00s Real=0.00s
[2026-06-17T10:04:44.380+0800][26.282s][info][gc,start       ] GC(510) Pause Young (Allocation Failure)
[2026-06-17T10:04:44.382+0800][26.284s][info][gc,heap        ] GC(510) DefNew: 19597K(19648K)->2169K(19648K) Eden: 17465K(17472K)->0K(17472K) From: 2131K(2176K)->2169K(2176K)
[2026-06-17T10:04:44.383+0800][26.285s][info][gc,heap        ] GC(510) Tenured: 31671K(43712K)->38181K(43712K)
[2026-06-17T10:04:44.384+0800][26.286s][info][gc,metaspace   ] GC(510) Metaspace: 116K(320K)->116K(320K) NonClass: 109K(192K)->109K(192K) Class: 7K(128K)->7K(128K)
[2026-06-17T10:04:44.384+0800][26.287s][info][gc             ] GC(510) Pause Young (Allocation Failure) 50M->39M(61M) 4.618ms
[2026-06-17T10:04:44.387+0800][26.289s][info][gc,cpu         ] GC(510) User=0.00s Sys=0.00s Real=0.01s
[2026-06-17T10:04:44.443+0800][26.345s][info][gc,start       ] GC(511) Pause Full (Allocation Failure)
[2026-06-17T10:04:44.443+0800][26.345s][info][gc,phases,start] GC(511) Phase 1: Mark live objects
[2026-06-17T10:04:44.444+0800][26.346s][info][gc,phases      ] GC(511) Phase 1: Mark live objects 0.836ms
[2026-06-17T10:04:44.444+0800][26.347s][info][gc,phases,start] GC(511) Phase 2: Compute new object addresses
[2026-06-17T10:04:44.445+0800][26.347s][info][gc,phases      ] GC(511) Phase 2: Compute new object addresses 0.406ms
[2026-06-17T10:04:44.445+0800][26.347s][info][gc,phases,start] GC(511) Phase 3: Adjust pointers
[2026-06-17T10:04:44.445+0800][26.348s][info][gc,phases      ] GC(511) Phase 3: Adjust pointers 0.401ms
[2026-06-17T10:04:44.446+0800][26.348s][info][gc,phases,start] GC(511) Phase 4: Move objects
[2026-06-17T10:04:44.448+0800][26.350s][info][gc,phases      ] GC(511) Phase 4: Move objects 1.900ms
[2026-06-17T10:04:44.448+0800][26.350s][info][gc,heap        ] GC(511) DefNew: 19608K(19648K)->0K(19648K) Eden: 17439K(17472K)->0K(17472K) From: 2169K(2176K)->0K(2176K)
[2026-06-17T10:04:44.448+0800][26.350s][info][gc,heap        ] GC(511) Tenured: 38181K(43712K)->20977K(43712K)
[2026-06-17T10:04:44.448+0800][26.351s][info][gc,metaspace   ] GC(511) Metaspace: 116K(320K)->116K(320K) NonClass: 109K(192K)->109K(192K) Class: 7K(128K)->7K(128K)
[2026-06-17T10:04:44.449+0800][26.351s][info][gc             ] GC(511) Pause Full (Allocation Failure) 56M->20M(61M) 5.702ms
[2026-06-17T10:04:44.449+0800][26.351s][info][gc,cpu         ] GC(511) User=0.00s Sys=0.00s Real=0.00s
[2026-06-17T10:04:44.481+0800][26.383s][info][gc,start       ] GC(512) Pause Young (Allocation Failure)
[2026-06-17T10:04:44.483+0800][26.385s][info][gc,heap        ] GC(512) DefNew: 17267K(19648K)->2176K(19648K) Eden: 17267K(17472K)->0K(17472K) From: 0K(2176K)->2176K(2176K)
[2026-06-17T10:04:44.485+0800][26.387s][info][gc,heap        ] GC(512) Tenured: 20977K(43712K)->25269K(43712K)
[2026-06-17T10:04:44.486+0800][26.388s][info][gc,metaspace   ] GC(512) Metaspace: 116K(320K)->116K(320K) NonClass: 109K(192K)->109K(192K) Class: 7K(128K)->7K(128K)
[2026-06-17T10:04:44.487+0800][26.390s][info][gc             ] GC(512) Pause Young (Allocation Failure) 37M->26M(61M) 6.751ms
[2026-06-17T10:04:44.488+0800][26.390s][info][gc,cpu         ] GC(512) User=0.00s Sys=0.00s Real=0.01s
[2026-06-17T10:04:44.540+0800][26.442s][info][gc,start       ] GC(513) Pause Young (Allocation Failure)
[2026-06-17T10:04:44.541+0800][26.443s][info][gc,heap        ] GC(513) DefNew: 19634K(19648K)->2164K(19648K) Eden: 17458K(17472K)->0K(17472K) From: 2176K(2176K)->2164K(2176K)
[2026-06-17T10:04:44.541+0800][26.444s][info][gc,heap        ] GC(513) Tenured: 25269K(43712K)->28743K(43712K)
[2026-06-17T10:04:44.542+0800][26.444s][info][gc,metaspace   ] GC(513) Metaspace: 116K(320K)->116K(320K) NonClass: 109K(192K)->109K(192K) Class: 7K(128K)->7K(128K)
[2026-06-17T10:04:44.542+0800][26.444s][info][gc             ] GC(513) Pause Young (Allocation Failure) 43M->30M(61M) 1.635ms
[2026-06-17T10:04:44.542+0800][26.444s][info][gc,cpu         ] GC(513) User=0.00s Sys=0.00s Real=0.00s
[2026-06-17T10:04:44.584+0800][26.486s][info][gc,start       ] GC(514) Pause Young (Allocation Failure)
[2026-06-17T10:04:44.585+0800][26.487s][info][gc,heap        ] GC(514) DefNew: 19621K(19648K)->2170K(19648K) Eden: 17457K(17472K)->0K(17472K) From: 2164K(2176K)->2170K(2176K)
[2026-06-17T10:04:44.585+0800][26.488s][info][gc,heap        ] GC(514) Tenured: 28743K(43712K)->32079K(43712K)
[2026-06-17T10:04:44.586+0800][26.488s][info][gc,metaspace   ] GC(514) Metaspace: 116K(320K)->116K(320K) NonClass: 109K(192K)->109K(192K) Class: 7K(128K)->7K(128K)
[2026-06-17T10:04:44.586+0800][26.488s][info][gc             ] GC(514) Pause Young (Allocation Failure) 47M->33M(61M) 2.107ms
[2026-06-17T10:04:44.586+0800][26.489s][info][gc,cpu         ] GC(514) User=0.00s Sys=0.00s Real=0.00s
[2026-06-17T10:04:44.629+0800][26.531s][info][gc,start       ] GC(515) Pause Young (Allocation Failure)
[2026-06-17T10:04:44.634+0800][26.536s][info][gc,heap        ] GC(515) DefNew: 19629K(19648K)->2150K(19648K) Eden: 17459K(17472K)->0K(17472K) From: 2170K(2176K)->2150K(2176K)
[2026-06-17T10:04:44.639+0800][26.542s][info][gc,heap        ] GC(515) Tenured: 32079K(43712K)->35806K(43712K)
[2026-06-17T10:04:44.641+0800][26.543s][info][gc,metaspace   ] GC(515) Metaspace: 116K(320K)->116K(320K) NonClass: 109K(192K)->109K(192K) Class: 7K(128K)->7K(128K)
[2026-06-17T10:04:44.646+0800][26.548s][info][gc             ] GC(515) Pause Young (Allocation Failure) 50M->37M(61M) 17.322ms
[2026-06-17T10:04:44.650+0800][26.552s][info][gc,cpu         ] GC(515) User=0.00s Sys=0.00s Real=0.02s
[2026-06-17T10:04:44.698+0800][26.600s][info][gc,start       ] GC(516) Pause Young (Allocation Failure)
[2026-06-17T10:04:44.699+0800][26.602s][info][gc,heap        ] GC(516) DefNew: 19622K(19648K)->2174K(19648K) Eden: 17472K(17472K)->0K(17472K) From: 2150K(2176K)->2174K(2176K)
[2026-06-17T10:04:44.700+0800][26.602s][info][gc,heap        ] GC(516) Tenured: 35806K(43712K)->39266K(43712K)
[2026-06-17T10:04:44.700+0800][26.602s][info][gc,metaspace   ] GC(516) Metaspace: 116K(320K)->116K(320K) NonClass: 109K(192K)->109K(192K) Class: 7K(128K)->7K(128K)
[2026-06-17T10:04:44.700+0800][26.603s][info][gc             ] GC(516) Pause Young (Allocation Failure) 54M->40M(61M) 2.154ms
[2026-06-17T10:04:44.702+0800][26.605s][info][gc,cpu         ] GC(516) User=0.01s Sys=0.00s Real=0.01s
[2026-06-17T10:04:44.745+0800][26.647s][info][gc,start       ] GC(517) Pause Full (Allocation Failure)
[2026-06-17T10:04:44.745+0800][26.647s][info][gc,phases,start] GC(517) Phase 1: Mark live objects
[2026-06-17T10:04:44.746+0800][26.648s][info][gc,phases      ] GC(517) Phase 1: Mark live objects 0.860ms
[2026-06-17T10:04:44.746+0800][26.648s][info][gc,phases,start] GC(517) Phase 2: Compute new object addresses
[2026-06-17T10:04:44.747+0800][26.649s][info][gc,phases      ] GC(517) Phase 2: Compute new object addresses 0.539ms
[2026-06-17T10:04:44.747+0800][26.649s][info][gc,phases,start] GC(517) Phase 3: Adjust pointers
[2026-06-17T10:04:44.747+0800][26.650s][info][gc,phases      ] GC(517) Phase 3: Adjust pointers 0.401ms
[2026-06-17T10:04:44.748+0800][26.650s][info][gc,phases,start] GC(517) Phase 4: Move objects
[2026-06-17T10:04:44.752+0800][26.654s][info][gc,phases      ] GC(517) Phase 4: Move objects 4.224ms
[2026-06-17T10:04:44.752+0800][26.654s][info][gc,heap        ] GC(517) DefNew: 19438K(19648K)->0K(19648K) Eden: 17264K(17472K)->0K(17472K) From: 2174K(2176K)->0K(2176K)
[2026-06-17T10:04:44.753+0800][26.655s][info][gc,heap        ] GC(517) Tenured: 39266K(43712K)->27210K(43712K)
[2026-06-17T10:04:44.753+0800][26.655s][info][gc,metaspace   ] GC(517) Metaspace: 116K(320K)->116K(320K) NonClass: 109K(192K)->109K(192K) Class: 7K(128K)->7K(128K)
[2026-06-17T10:04:44.754+0800][26.656s][info][gc             ] GC(517) Pause Full (Allocation Failure) 57M->26M(61M) 8.884ms
[2026-06-17T10:04:44.754+0800][26.656s][info][gc,cpu         ] GC(517) User=0.00s Sys=0.01s Real=0.01s
[2026-06-17T10:04:44.796+0800][26.698s][info][gc,start       ] GC(518) Pause Young (Allocation Failure)
[2026-06-17T10:04:44.798+0800][26.700s][info][gc,heap        ] GC(518) DefNew: 17459K(19648K)->2172K(19648K) Eden: 17459K(17472K)->0K(17472K) From: 0K(2176K)->2172K(2176K)
[2026-06-17T10:04:44.803+0800][26.705s][info][gc,heap        ] GC(518) Tenured: 27210K(43712K)->31957K(43712K)
[2026-06-17T10:04:44.807+0800][26.709s][info][gc,metaspace   ] GC(518) Metaspace: 116K(320K)->116K(320K) NonClass: 109K(192K)->109K(192K) Class: 7K(128K)->7K(128K)
[2026-06-17T10:04:44.811+0800][26.713s][info][gc             ] GC(518) Pause Young (Allocation Failure) 43M->33M(61M) 14.977ms
[2026-06-17T10:04:44.817+0800][26.719s][info][gc,cpu         ] GC(518) User=0.00s Sys=0.00s Real=0.02s
[2026-06-17T10:04:44.873+0800][26.775s][info][gc,start       ] GC(519) Pause Young (Allocation Failure)
[2026-06-17T10:04:44.874+0800][26.776s][info][gc,heap        ] GC(519) DefNew: 19644K(19648K)->2161K(19648K) Eden: 17472K(17472K)->0K(17472K) From: 2172K(2176K)->2161K(2176K)
[2026-06-17T10:04:44.874+0800][26.777s][info][gc,heap        ] GC(519) Tenured: 31957K(43712K)->34605K(43712K)
[2026-06-17T10:04:44.875+0800][26.777s][info][gc,metaspace   ] GC(519) Metaspace: 116K(320K)->116K(320K) NonClass: 109K(192K)->109K(192K) Class: 7K(128K)->7K(128K)
[2026-06-17T10:04:44.875+0800][26.777s][info][gc             ] GC(519) Pause Young (Allocation Failure) 50M->35M(61M) 1.684ms
[2026-06-17T10:04:44.875+0800][26.777s][info][gc,cpu         ] GC(519) User=0.00s Sys=0.00s Real=0.00s
[2026-06-17T10:04:44.917+0800][26.819s][info][gc,start       ] GC(520) Pause Young (Allocation Failure)
[2026-06-17T10:04:44.918+0800][26.820s][info][gc,heap        ] GC(520) DefNew: 19611K(19648K)->2015K(19648K) Eden: 17449K(17472K)->0K(17472K) From: 2161K(2176K)->2015K(2176K)
[2026-06-17T10:04:44.919+0800][26.821s][info][gc,heap        ] GC(520) Tenured: 34605K(43712K)->37960K(43712K)
[2026-06-17T10:04:44.919+0800][26.821s][info][gc,metaspace   ] GC(520) Metaspace: 116K(320K)->116K(320K) NonClass: 109K(192K)->109K(192K) Class: 7K(128K)->7K(128K)
[2026-06-17T10:04:44.919+0800][26.821s][info][gc             ] GC(520) Pause Young (Allocation Failure) 52M->39M(61M) 2.204ms
[2026-06-17T10:04:44.920+0800][26.822s][info][gc,cpu         ] GC(520) User=0.00s Sys=0.00s Real=0.00s
[2026-06-17T10:04:44.962+0800][26.864s][info][gc,start       ] GC(521) Pause Full (Allocation Failure)
[2026-06-17T10:04:44.962+0800][26.864s][info][gc,phases,start] GC(521) Phase 1: Mark live objects
[2026-06-17T10:04:44.963+0800][26.866s][info][gc,phases      ] GC(521) Phase 1: Mark live objects 1.276ms
[2026-06-17T10:04:44.964+0800][26.866s][info][gc,phases,start] GC(521) Phase 2: Compute new object addresses
[2026-06-17T10:04:44.964+0800][26.866s][info][gc,phases      ] GC(521) Phase 2: Compute new object addresses 0.446ms
[2026-06-17T10:04:44.965+0800][26.867s][info][gc,phases,start] GC(521) Phase 3: Adjust pointers
[2026-06-17T10:04:44.965+0800][26.867s][info][gc,phases      ] GC(521) Phase 3: Adjust pointers 0.448ms
[2026-06-17T10:04:44.965+0800][26.867s][info][gc,phases,start] GC(521) Phase 4: Move objects
[2026-06-17T10:04:44.967+0800][26.869s][info][gc,phases      ] GC(521) Phase 4: Move objects 1.986ms
[2026-06-17T10:04:44.968+0800][26.870s][info][gc,heap        ] GC(521) DefNew: 19469K(19648K)->0K(19648K) Eden: 17453K(17472K)->0K(17472K) From: 2015K(2176K)->0K(2176K)
[2026-06-17T10:04:44.968+0800][26.870s][info][gc,heap        ] GC(521) Tenured: 37960K(43712K)->33662K(43712K)
[2026-06-17T10:04:44.968+0800][26.870s][info][gc,metaspace   ] GC(521) Metaspace: 116K(320K)->116K(320K) NonClass: 109K(192K)->109K(192K) Class: 7K(128K)->7K(128K)
[2026-06-17T10:04:44.968+0800][26.870s][info][gc             ] GC(521) Pause Full (Allocation Failure) 56M->32M(61M) 6.404ms
[2026-06-17T10:04:44.968+0800][26.870s][info][gc,cpu         ] GC(521) User=0.01s Sys=0.00s Real=0.01s
[2026-06-17T10:04:45.010+0800][26.912s][info][gc,start       ] GC(522) Pause Young (Allocation Failure)
[2026-06-17T10:04:45.011+0800][26.914s][info][gc,heap        ] GC(522) DefNew: 17463K(19648K)->2175K(19648K) Eden: 17463K(17472K)->0K(17472K) From: 0K(2176K)->2175K(2176K)
[2026-06-17T10:04:45.012+0800][26.914s][info][gc,heap        ] GC(522) Tenured: 33662K(43712K)->38764K(43712K)
[2026-06-17T10:04:45.012+0800][26.914s][info][gc,metaspace   ] GC(522) Metaspace: 116K(320K)->116K(320K) NonClass: 109K(192K)->109K(192K) Class: 7K(128K)->7K(128K)
[2026-06-17T10:04:45.012+0800][26.914s][info][gc             ] GC(522) Pause Young (Allocation Failure) 49M->39M(61M) 1.834ms
[2026-06-17T10:04:45.012+0800][26.915s][info][gc,cpu         ] GC(522) User=0.00s Sys=0.00s Real=0.01s
[2026-06-17T10:04:45.055+0800][26.957s][info][gc,start       ] GC(523) Pause Full (Allocation Failure)
[2026-06-17T10:04:45.055+0800][26.957s][info][gc,phases,start] GC(523) Phase 1: Mark live objects
[2026-06-17T10:04:45.056+0800][26.958s][info][gc,phases      ] GC(523) Phase 1: Mark live objects 0.965ms
[2026-06-17T10:04:45.056+0800][26.959s][info][gc,phases,start] GC(523) Phase 2: Compute new object addresses
[2026-06-17T10:04:45.057+0800][26.959s][info][gc,phases      ] GC(523) Phase 2: Compute new object addresses 0.421ms
[2026-06-17T10:04:45.057+0800][26.959s][info][gc,phases,start] GC(523) Phase 3: Adjust pointers
[2026-06-17T10:04:45.058+0800][26.960s][info][gc,phases      ] GC(523) Phase 3: Adjust pointers 0.431ms
[2026-06-17T10:04:45.058+0800][26.960s][info][gc,phases,start] GC(523) Phase 4: Move objects
[2026-06-17T10:04:45.060+0800][26.962s][info][gc,phases      ] GC(523) Phase 4: Move objects 2.386ms
[2026-06-17T10:04:45.060+0800][26.963s][info][gc,heap        ] GC(523) DefNew: 19647K(19648K)->0K(19648K) Eden: 17472K(17472K)->0K(17472K) From: 2175K(2176K)->0K(2176K)
[2026-06-17T10:04:45.061+0800][26.963s][info][gc,heap        ] GC(523) Tenured: 38764K(43712K)->29536K(43712K)
[2026-06-17T10:04:45.061+0800][26.963s][info][gc,metaspace   ] GC(523) Metaspace: 116K(320K)->116K(320K) NonClass: 109K(192K)->109K(192K) Class: 7K(128K)->7K(128K)
[2026-06-17T10:04:45.061+0800][26.963s][info][gc             ] GC(523) Pause Full (Allocation Failure) 57M->28M(61M) 6.230ms
[2026-06-17T10:04:45.061+0800][26.963s][info][gc,cpu         ] GC(523) User=0.01s Sys=0.00s Real=0.00s
[2026-06-17T10:04:45.113+0800][27.016s][info][gc,start       ] GC(524) Pause Young (Allocation Failure)
[2026-06-17T10:04:45.115+0800][27.017s][info][gc,heap        ] GC(524) DefNew: 17414K(19648K)->2145K(19648K) Eden: 17414K(17472K)->0K(17472K) From: 0K(2176K)->2145K(2176K)
[2026-06-17T10:04:45.115+0800][27.018s][info][gc,heap        ] GC(524) Tenured: 29536K(43712K)->30935K(43712K)
[2026-06-17T10:04:45.116+0800][27.018s][info][gc,metaspace   ] GC(524) Metaspace: 116K(320K)->116K(320K) NonClass: 109K(192K)->109K(192K) Class: 7K(128K)->7K(128K)
[2026-06-17T10:04:45.116+0800][27.018s][info][gc             ] GC(524) Pause Young (Allocation Failure) 45M->32M(61M) 2.794ms
[2026-06-17T10:04:45.116+0800][27.019s][info][gc,cpu         ] GC(524) User=0.00s Sys=0.00s Real=0.00s
[2026-06-17T10:04:45.158+0800][27.060s][info][gc,start       ] GC(525) Pause Young (Allocation Failure)
[2026-06-17T10:04:45.159+0800][27.061s][info][gc,heap        ] GC(525) DefNew: 19564K(19648K)->2175K(19648K) Eden: 17419K(17472K)->0K(17472K) From: 2145K(2176K)->2175K(2176K)
[2026-06-17T10:04:45.159+0800][27.062s][info][gc,heap        ] GC(525) Tenured: 30935K(43712K)->34492K(43712K)
[2026-06-17T10:04:45.160+0800][27.062s][info][gc,metaspace   ] GC(525) Metaspace: 116K(320K)->116K(320K) NonClass: 109K(192K)->109K(192K) Class: 7K(128K)->7K(128K)
[2026-06-17T10:04:45.160+0800][27.062s][info][gc             ] GC(525) Pause Young (Allocation Failure) 49M->35M(61M) 1.783ms
[2026-06-17T10:04:45.160+0800][27.062s][info][gc,cpu         ] GC(525) User=0.00s Sys=0.00s Real=0.00s
[2026-06-17T10:04:45.202+0800][27.104s][info][gc,start       ] GC(526) Pause Young (Allocation Failure)
[2026-06-17T10:04:45.203+0800][27.105s][info][gc,heap        ] GC(526) DefNew: 19647K(19648K)->2123K(19648K) Eden: 17472K(17472K)->0K(17472K) From: 2175K(2176K)->2123K(2176K)
[2026-06-17T10:04:45.204+0800][27.106s][info][gc,heap        ] GC(526) Tenured: 34492K(43712K)->38417K(43712K)
[2026-06-17T10:04:45.204+0800][27.106s][info][gc,metaspace   ] GC(526) Metaspace: 116K(320K)->116K(320K) NonClass: 109K(192K)->109K(192K) Class: 7K(128K)->7K(128K)
[2026-06-17T10:04:45.204+0800][27.106s][info][gc             ] GC(526) Pause Young (Allocation Failure) 52M->39M(61M) 1.751ms
[2026-06-17T10:04:45.204+0800][27.106s][info][gc,cpu         ] GC(526) User=0.00s Sys=0.00s Real=0.01s
[2026-06-17T10:04:45.246+0800][27.148s][info][gc,start       ] GC(527) Pause Full (Allocation Failure)
[2026-06-17T10:04:45.246+0800][27.148s][info][gc,phases,start] GC(527) Phase 1: Mark live objects
[2026-06-17T10:04:45.247+0800][27.150s][info][gc,phases      ] GC(527) Phase 1: Mark live objects 1.259ms
[2026-06-17T10:04:45.248+0800][27.150s][info][gc,phases,start] GC(527) Phase 2: Compute new object addresses
[2026-06-17T10:04:45.248+0800][27.150s][info][gc,phases      ] GC(527) Phase 2: Compute new object addresses 0.402ms
[2026-06-17T10:04:45.248+0800][27.151s][info][gc,phases,start] GC(527) Phase 3: Adjust pointers
[2026-06-17T10:04:45.249+0800][27.151s][info][gc,phases      ] GC(527) Phase 3: Adjust pointers 0.393ms
[2026-06-17T10:04:45.249+0800][27.151s][info][gc,phases,start] GC(527) Phase 4: Move objects
[2026-06-17T10:04:45.251+0800][27.153s][info][gc,phases      ] GC(527) Phase 4: Move objects 1.769ms
[2026-06-17T10:04:45.251+0800][27.153s][info][gc,heap        ] GC(527) DefNew: 19595K(19648K)->0K(19648K) Eden: 17472K(17472K)->0K(17472K) From: 2123K(2176K)->0K(2176K)
[2026-06-17T10:04:45.251+0800][27.153s][info][gc,heap        ] GC(527) Tenured: 38417K(43712K)->32674K(43712K)
[2026-06-17T10:04:45.251+0800][27.153s][info][gc,metaspace   ] GC(527) Metaspace: 116K(320K)->116K(320K) NonClass: 109K(192K)->109K(192K) Class: 7K(128K)->7K(128K)
[2026-06-17T10:04:45.251+0800][27.154s][info][gc             ] GC(527) Pause Full (Allocation Failure) 56M->31M(61M) 5.586ms
[2026-06-17T10:04:45.252+0800][27.154s][info][gc,cpu         ] GC(527) User=0.01s Sys=0.00s Real=0.01s
[2026-06-17T10:04:45.294+0800][27.196s][info][gc,start       ] GC(528) Pause Young (Allocation Failure)
[2026-06-17T10:04:45.295+0800][27.197s][info][gc,heap        ] GC(528) DefNew: 17437K(19648K)->2172K(19648K) Eden: 17437K(17472K)->0K(17472K) From: 0K(2176K)->2172K(2176K)
[2026-06-17T10:04:45.295+0800][27.197s][info][gc,heap        ] GC(528) Tenured: 32674K(43712K)->37311K(43712K)
[2026-06-17T10:04:45.295+0800][27.198s][info][gc,metaspace   ] GC(528) Metaspace: 116K(320K)->116K(320K) NonClass: 109K(192K)->109K(192K) Class: 7K(128K)->7K(128K)
[2026-06-17T10:04:45.296+0800][27.198s][info][gc             ] GC(528) Pause Young (Allocation Failure) 48M->38M(61M) 2.035ms
[2026-06-17T10:04:45.296+0800][27.198s][info][gc,cpu         ] GC(528) User=0.00s Sys=0.00s Real=0.00s
[2026-06-17T10:04:45.338+0800][27.240s][info][gc,start       ] GC(529) Pause Full (Allocation Failure)
[2026-06-17T10:04:45.338+0800][27.240s][info][gc,phases,start] GC(529) Phase 1: Mark live objects
[2026-06-17T10:04:45.339+0800][27.241s][info][gc,phases      ] GC(529) Phase 1: Mark live objects 0.850ms
[2026-06-17T10:04:45.339+0800][27.241s][info][gc,phases,start] GC(529) Phase 2: Compute new object addresses
[2026-06-17T10:04:45.340+0800][27.242s][info][gc,phases      ] GC(529) Phase 2: Compute new object addresses 0.422ms
[2026-06-17T10:04:45.340+0800][27.242s][info][gc,phases,start] GC(529) Phase 3: Adjust pointers
[2026-06-17T10:04:45.340+0800][27.243s][info][gc,phases      ] GC(529) Phase 3: Adjust pointers 0.439ms
[2026-06-17T10:04:45.341+0800][27.243s][info][gc,phases,start] GC(529) Phase 4: Move objects
[2026-06-17T10:04:45.342+0800][27.244s][info][gc,phases      ] GC(529) Phase 4: Move objects 1.420ms
[2026-06-17T10:04:45.342+0800][27.245s][info][gc,heap        ] GC(529) DefNew: 19604K(19648K)->0K(19648K) Eden: 17432K(17472K)->0K(17472K) From: 2172K(2176K)->0K(2176K)
[2026-06-17T10:04:45.342+0800][27.245s][info][gc,heap        ] GC(529) Tenured: 37311K(43712K)->28627K(43712K)
[2026-06-17T10:04:45.343+0800][27.245s][info][gc,metaspace   ] GC(529) Metaspace: 116K(320K)->116K(320K) NonClass: 109K(192K)->109K(192K) Class: 7K(128K)->7K(128K)
[2026-06-17T10:04:45.343+0800][27.245s][info][gc             ] GC(529) Pause Full (Allocation Failure) 55M->27M(61M) 4.962ms
[2026-06-17T10:04:45.343+0800][27.245s][info][gc,cpu         ] GC(529) User=0.00s Sys=0.00s Real=0.01s
[2026-06-17T10:04:45.385+0800][27.287s][info][gc,start       ] GC(530) Pause Young (Allocation Failure)
[2026-06-17T10:04:45.386+0800][27.288s][info][gc,heap        ] GC(530) DefNew: 17472K(19648K)->2173K(19648K) Eden: 17472K(17472K)->0K(17472K) From: 0K(2176K)->2173K(2176K)
[2026-06-17T10:04:45.386+0800][27.288s][info][gc,heap        ] GC(530) Tenured: 28627K(43712K)->33770K(43712K)
[2026-06-17T10:04:45.386+0800][27.288s][info][gc,metaspace   ] GC(530) Metaspace: 116K(320K)->116K(320K) NonClass: 109K(192K)->109K(192K) Class: 7K(128K)->7K(128K)
[2026-06-17T10:04:45.386+0800][27.288s][info][gc             ] GC(530) Pause Young (Allocation Failure) 45M->35M(61M) 1.674ms
[2026-06-17T10:04:45.387+0800][27.289s][info][gc,cpu         ] GC(530) User=0.00s Sys=0.00s Real=0.00s
[2026-06-17T10:04:45.428+0800][27.330s][info][gc,start       ] GC(531) Pause Young (Allocation Failure)
[2026-06-17T10:04:45.429+0800][27.332s][info][gc,heap        ] GC(531) DefNew: 19645K(19648K)->2171K(19648K) Eden: 17472K(17472K)->0K(17472K) From: 2173K(2176K)->2171K(2176K)
[2026-06-17T10:04:45.430+0800][27.332s][info][gc,heap        ] GC(531) Tenured: 33770K(43712K)->39936K(43712K)
[2026-06-17T10:04:45.430+0800][27.332s][info][gc,metaspace   ] GC(531) Metaspace: 116K(320K)->116K(320K) NonClass: 109K(192K)->109K(192K) Class: 7K(128K)->7K(128K)
[2026-06-17T10:04:45.430+0800][27.333s][info][gc             ] GC(531) Pause Young (Allocation Failure) 52M->41M(61M) 2.149ms
[2026-06-17T10:04:45.431+0800][27.333s][info][gc,cpu         ] GC(531) User=0.00s Sys=0.00s Real=0.01s
[2026-06-17T10:04:45.483+0800][27.385s][info][gc,start       ] GC(532) Pause Full (Allocation Failure)
[2026-06-17T10:04:45.483+0800][27.385s][info][gc,phases,start] GC(532) Phase 1: Mark live objects
[2026-06-17T10:04:45.484+0800][27.386s][info][gc,phases      ] GC(532) Phase 1: Mark live objects 0.870ms
[2026-06-17T10:04:45.484+0800][27.386s][info][gc,phases,start] GC(532) Phase 2: Compute new object addresses
[2026-06-17T10:04:45.484+0800][27.387s][info][gc,phases      ] GC(532) Phase 2: Compute new object addresses 0.451ms
[2026-06-17T10:04:45.485+0800][27.387s][info][gc,phases,start] GC(532) Phase 3: Adjust pointers
[2026-06-17T10:04:45.485+0800][27.387s][info][gc,phases      ] GC(532) Phase 3: Adjust pointers 0.429ms
[2026-06-17T10:04:45.485+0800][27.388s][info][gc,phases,start] GC(532) Phase 4: Move objects
[2026-06-17T10:04:45.488+0800][27.390s][info][gc,phases      ] GC(532) Phase 4: Move objects 2.223ms
[2026-06-17T10:04:45.488+0800][27.390s][info][gc,heap        ] GC(532) DefNew: 19626K(19648K)->0K(19648K) Eden: 17454K(17472K)->0K(17472K) From: 2171K(2176K)->0K(2176K)
[2026-06-17T10:04:45.488+0800][27.390s][info][gc,heap        ] GC(532) Tenured: 39936K(43712K)->28505K(43712K)
[2026-06-17T10:04:45.488+0800][27.391s][info][gc,metaspace   ] GC(532) Metaspace: 116K(320K)->116K(320K) NonClass: 109K(192K)->109K(192K) Class: 7K(128K)->7K(128K)
[2026-06-17T10:04:45.489+0800][27.391s][info][gc             ] GC(532) Pause Full (Allocation Failure) 58M->27M(61M) 5.851ms
[2026-06-17T10:04:45.489+0800][27.391s][info][gc,cpu         ] GC(532) User=0.00s Sys=0.00s Real=0.00s
[2026-06-17T10:04:45.531+0800][27.433s][info][gc,start       ] GC(533) Pause Young (Allocation Failure)
[2026-06-17T10:04:45.532+0800][27.434s][info][gc,heap        ] GC(533) DefNew: 17472K(19648K)->2170K(19648K) Eden: 17472K(17472K)->0K(17472K) From: 0K(2176K)->2170K(2176K)
[2026-06-17T10:04:45.532+0800][27.434s][info][gc,heap        ] GC(533) Tenured: 28505K(43712K)->33068K(43712K)
[2026-06-17T10:04:45.532+0800][27.434s][info][gc,metaspace   ] GC(533) Metaspace: 116K(320K)->116K(320K) NonClass: 109K(192K)->109K(192K) Class: 7K(128K)->7K(128K)
[2026-06-17T10:04:45.533+0800][27.435s][info][gc             ] GC(533) Pause Young (Allocation Failure) 44M->34M(61M) 1.864ms
[2026-06-17T10:04:45.533+0800][27.435s][info][gc,cpu         ] GC(533) User=0.00s Sys=0.00s Real=0.00s
[2026-06-17T10:04:45.575+0800][27.477s][info][gc,start       ] GC(534) Pause Young (Allocation Failure)
[2026-06-17T10:04:45.576+0800][27.478s][info][gc,heap        ] GC(534) DefNew: 19642K(19648K)->2170K(19648K) Eden: 17472K(17472K)->0K(17472K) From: 2170K(2176K)->2170K(2176K)
[2026-06-17T10:04:45.576+0800][27.478s][info][gc,heap        ] GC(534) Tenured: 33068K(43712K)->37354K(43712K)
[2026-06-17T10:04:45.576+0800][27.478s][info][gc,metaspace   ] GC(534) Metaspace: 116K(320K)->116K(320K) NonClass: 109K(192K)->109K(192K) Class: 7K(128K)->7K(128K)
[2026-06-17T10:04:45.576+0800][27.478s][info][gc             ] GC(534) Pause Young (Allocation Failure) 51M->38M(61M) 1.529ms
[2026-06-17T10:04:45.576+0800][27.478s][info][gc,cpu         ] GC(534) User=0.00s Sys=0.00s Real=0.00s
[2026-06-17T10:04:45.618+0800][27.520s][info][gc,start       ] GC(535) Pause Full (Allocation Failure)
[2026-06-17T10:04:45.618+0800][27.520s][info][gc,phases,start] GC(535) Phase 1: Mark live objects
[2026-06-17T10:04:45.619+0800][27.521s][info][gc,phases      ] GC(535) Phase 1: Mark live objects 0.938ms
[2026-06-17T10:04:45.619+0800][27.522s][info][gc,phases,start] GC(535) Phase 2: Compute new object addresses
[2026-06-17T10:04:45.622+0800][27.524s][info][gc,phases      ] GC(535) Phase 2: Compute new object addresses 2.362ms
[2026-06-17T10:04:45.622+0800][27.524s][info][gc,phases,start] GC(535) Phase 3: Adjust pointers
[2026-06-17T10:04:45.625+0800][27.528s][info][gc,phases      ] GC(535) Phase 3: Adjust pointers 3.203ms
[2026-06-17T10:04:45.626+0800][27.528s][info][gc,phases,start] GC(535) Phase 4: Move objects
[2026-06-17T10:04:45.630+0800][27.533s][info][gc,phases      ] GC(535) Phase 4: Move objects 4.143ms
[2026-06-17T10:04:45.631+0800][27.533s][info][gc,heap        ] GC(535) DefNew: 19611K(19648K)->0K(19648K) Eden: 17441K(17472K)->0K(17472K) From: 2170K(2176K)->0K(2176K)
[2026-06-17T10:04:45.633+0800][27.536s][info][gc,heap        ] GC(535) Tenured: 37354K(43712K)->29872K(43712K)
[2026-06-17T10:04:45.634+0800][27.536s][info][gc,metaspace   ] GC(535) Metaspace: 116K(320K)->116K(320K) NonClass: 109K(192K)->109K(192K) Class: 7K(128K)->7K(128K)
[2026-06-17T10:04:45.637+0800][27.539s][info][gc             ] GC(535) Pause Full (Allocation Failure) 55M->29M(61M) 19.313ms
[2026-06-17T10:04:45.638+0800][27.540s][info][gc,cpu         ] GC(535) User=0.00s Sys=0.00s Real=0.02s
[2026-06-17T10:04:45.691+0800][27.593s][info][gc,start       ] GC(536) Pause Young (Allocation Failure)
[2026-06-17T10:04:45.693+0800][27.595s][info][gc,heap        ] GC(536) DefNew: 17436K(19648K)->2115K(19648K) Eden: 17436K(17472K)->0K(17472K) From: 0K(2176K)->2115K(2176K)
[2026-06-17T10:04:45.694+0800][27.596s][info][gc,heap        ] GC(536) Tenured: 29872K(43712K)->31775K(43712K)
[2026-06-17T10:04:45.695+0800][27.598s][info][gc,metaspace   ] GC(536) Metaspace: 116K(320K)->116K(320K) NonClass: 109K(192K)->109K(192K) Class: 7K(128K)->7K(128K)
[2026-06-17T10:04:45.696+0800][27.598s][info][gc             ] GC(536) Pause Young (Allocation Failure) 46M->33M(61M) 4.912ms
[2026-06-17T10:04:45.696+0800][27.598s][info][gc,cpu         ] GC(536) User=0.01s Sys=0.00s Real=0.00s
[2026-06-17T10:04:45.738+0800][27.640s][info][gc,start       ] GC(537) Pause Young (Allocation Failure)
[2026-06-17T10:04:45.739+0800][27.641s][info][gc,heap        ] GC(537) DefNew: 19543K(19648K)->2160K(19648K) Eden: 17428K(17472K)->0K(17472K) From: 2115K(2176K)->2160K(2176K)
[2026-06-17T10:04:45.739+0800][27.641s][info][gc,heap        ] GC(537) Tenured: 31775K(43712K)->35560K(43712K)
[2026-06-17T10:04:45.740+0800][27.642s][info][gc,metaspace   ] GC(537) Metaspace: 116K(320K)->116K(320K) NonClass: 109K(192K)->109K(192K) Class: 7K(128K)->7K(128K)
[2026-06-17T10:04:45.740+0800][27.642s][info][gc             ] GC(537) Pause Young (Allocation Failure) 50M->36M(61M) 1.849ms
[2026-06-17T10:04:45.740+0800][27.642s][info][gc,cpu         ] GC(537) User=0.00s Sys=0.00s Real=0.00s
[2026-06-17T10:04:45.782+0800][27.684s][info][gc,start       ] GC(538) Pause Young (Allocation Failure)
[2026-06-17T10:04:45.783+0800][27.685s][info][gc,heap        ] GC(538) DefNew: 19602K(19648K)->2151K(19648K) Eden: 17442K(17472K)->0K(17472K) From: 2160K(2176K)->2151K(2176K)
[2026-06-17T10:04:45.783+0800][27.685s][info][gc,heap        ] GC(538) Tenured: 35560K(43712K)->39001K(43712K)
[2026-06-17T10:04:45.783+0800][27.685s][info][gc,metaspace   ] GC(538) Metaspace: 116K(320K)->116K(320K) NonClass: 109K(192K)->109K(192K) Class: 7K(128K)->7K(128K)
[2026-06-17T10:04:45.783+0800][27.686s][info][gc             ] GC(538) Pause Young (Allocation Failure) 53M->40M(61M) 1.650ms
[2026-06-17T10:04:45.783+0800][27.686s][info][gc,cpu         ] GC(538) User=0.00s Sys=0.00s Real=0.01s
[2026-06-17T10:04:45.825+0800][27.728s][info][gc,start       ] GC(539) Pause Full (Allocation Failure)
[2026-06-17T10:04:45.826+0800][27.728s][info][gc,phases,start] GC(539) Phase 1: Mark live objects
[2026-06-17T10:04:45.827+0800][27.729s][info][gc,phases      ] GC(539) Phase 1: Mark live objects 1.297ms
[2026-06-17T10:04:45.827+0800][27.730s][info][gc,phases,start] GC(539) Phase 2: Compute new object addresses
[2026-06-17T10:04:45.828+0800][27.730s][info][gc,phases      ] GC(539) Phase 2: Compute new object addresses 0.426ms
[2026-06-17T10:04:45.828+0800][27.730s][info][gc,phases,start] GC(539) Phase 3: Adjust pointers
[2026-06-17T10:04:45.828+0800][27.731s][info][gc,phases      ] GC(539) Phase 3: Adjust pointers 0.430ms
[2026-06-17T10:04:45.829+0800][27.731s][info][gc,phases,start] GC(539) Phase 4: Move objects
[2026-06-17T10:04:45.831+0800][27.733s][info][gc,phases      ] GC(539) Phase 4: Move objects 2.400ms
[2026-06-17T10:04:45.831+0800][27.734s][info][gc,heap        ] GC(539) DefNew: 19617K(19648K)->0K(19648K) Eden: 17466K(17472K)->0K(17472K) From: 2151K(2176K)->0K(2176K)
[2026-06-17T10:04:45.832+0800][27.734s][info][gc,heap        ] GC(539) Tenured: 39001K(43712K)->30493K(43712K)
[2026-06-17T10:04:45.832+0800][27.734s][info][gc,metaspace   ] GC(539) Metaspace: 116K(320K)->116K(320K) NonClass: 109K(192K)->109K(192K) Class: 7K(128K)->7K(128K)
[2026-06-17T10:04:45.832+0800][27.734s][info][gc             ] GC(539) Pause Full (Allocation Failure) 57M->29M(61M) 6.540ms
[2026-06-17T10:04:45.832+0800][27.734s][info][gc,cpu         ] GC(539) User=0.00s Sys=0.00s Real=0.01s
[2026-06-17T10:04:45.874+0800][27.776s][info][gc,start       ] GC(540) Pause Young (Allocation Failure)
[2026-06-17T10:04:45.875+0800][27.777s][info][gc,heap        ] GC(540) DefNew: 17414K(19648K)->2071K(19648K) Eden: 17414K(17472K)->0K(17472K) From: 0K(2176K)->2071K(2176K)
[2026-06-17T10:04:45.875+0800][27.778s][info][gc,heap        ] GC(540) Tenured: 30493K(43712K)->31362K(43712K)
[2026-06-17T10:04:45.875+0800][27.778s][info][gc,metaspace   ] GC(540) Metaspace: 116K(320K)->116K(320K) NonClass: 109K(192K)->109K(192K) Class: 7K(128K)->7K(128K)
[2026-06-17T10:04:45.876+0800][27.778s][info][gc             ] GC(540) Pause Young (Allocation Failure) 46M->32M(61M) 1.414ms
[2026-06-17T10:04:45.876+0800][27.778s][info][gc,cpu         ] GC(540) User=0.00s Sys=0.00s Real=0.00s
[2026-06-17T10:04:45.918+0800][27.820s][info][gc,start       ] GC(541) Pause Young (Allocation Failure)
[2026-06-17T10:04:45.919+0800][27.821s][info][gc,heap        ] GC(541) DefNew: 19539K(19648K)->2170K(19648K) Eden: 17467K(17472K)->0K(17472K) From: 2071K(2176K)->2170K(2176K)
[2026-06-17T10:04:45.919+0800][27.822s][info][gc,heap        ] GC(541) Tenured: 31362K(43712K)->38207K(43712K)
[2026-06-17T10:04:45.920+0800][27.822s][info][gc,metaspace   ] GC(541) Metaspace: 116K(320K)->116K(320K) NonClass: 109K(192K)->109K(192K) Class: 7K(128K)->7K(128K)
[2026-06-17T10:04:45.920+0800][27.823s][info][gc             ] GC(541) Pause Young (Allocation Failure) 49M->39M(61M) 2.767ms
[2026-06-17T10:04:45.921+0800][27.823s][info][gc,cpu         ] GC(541) User=0.00s Sys=0.00s Real=0.00s
[2026-06-17T10:04:45.963+0800][27.865s][info][gc,start       ] GC(542) Pause Full (Allocation Failure)
[2026-06-17T10:04:45.963+0800][27.866s][info][gc,phases,start] GC(542) Phase 1: Mark live objects
[2026-06-17T10:04:45.964+0800][27.866s][info][gc,phases      ] GC(542) Phase 1: Mark live objects 0.805ms
[2026-06-17T10:04:45.964+0800][27.867s][info][gc,phases,start] GC(542) Phase 2: Compute new object addresses
[2026-06-17T10:04:45.965+0800][27.867s][info][gc,phases      ] GC(542) Phase 2: Compute new object addresses 0.425ms
[2026-06-17T10:04:45.965+0800][27.867s][info][gc,phases,start] GC(542) Phase 3: Adjust pointers
[2026-06-17T10:04:45.966+0800][27.868s][info][gc,phases      ] GC(542) Phase 3: Adjust pointers 0.430ms
[2026-06-17T10:04:45.966+0800][27.868s][info][gc,phases,start] GC(542) Phase 4: Move objects
[2026-06-17T10:04:45.968+0800][27.870s][info][gc,phases      ] GC(542) Phase 4: Move objects 1.693ms
[2026-06-17T10:04:45.968+0800][27.870s][info][gc,heap        ] GC(542) DefNew: 19376K(19648K)->0K(19648K) Eden: 17206K(17472K)->0K(17472K) From: 2170K(2176K)->0K(2176K)
[2026-06-17T10:04:45.968+0800][27.870s][info][gc,heap        ] GC(542) Tenured: 38207K(43712K)->26343K(43712K)
[2026-06-17T10:04:45.968+0800][27.871s][info][gc,metaspace   ] GC(542) Metaspace: 116K(320K)->116K(320K) NonClass: 109K(192K)->109K(192K) Class: 7K(128K)->7K(128K)
[2026-06-17T10:04:45.969+0800][27.871s][info][gc             ] GC(542) Pause Full (Allocation Failure) 56M->25M(61M) 5.562ms
[2026-06-17T10:04:45.969+0800][27.871s][info][gc,cpu         ] GC(542) User=0.00s Sys=0.00s Real=0.00s
[2026-06-17T10:04:46.010+0800][27.913s][info][gc,start       ] GC(543) Pause Young (Allocation Failure)
[2026-06-17T10:04:46.011+0800][27.913s][info][gc,heap        ] GC(543) DefNew: 17236K(19648K)->2002K(19648K) Eden: 17236K(17472K)->0K(17472K) From: 0K(2176K)->2002K(2176K)
[2026-06-17T10:04:46.012+0800][27.914s][info][gc,heap        ] GC(543) Tenured: 26343K(43712K)->27693K(43712K)
[2026-06-17T10:04:46.012+0800][27.914s][info][gc,metaspace   ] GC(543) Metaspace: 116K(320K)->116K(320K) NonClass: 109K(192K)->109K(192K) Class: 7K(128K)->7K(128K)
[2026-06-17T10:04:46.012+0800][27.914s][info][gc             ] GC(543) Pause Young (Allocation Failure) 42M->28M(61M) 1.694ms
[2026-06-17T10:04:46.012+0800][27.914s][info][gc,cpu         ] GC(543) User=0.01s Sys=0.00s Real=0.01s
[2026-06-17T10:04:46.065+0800][27.967s][info][gc,start       ] GC(544) Pause Young (Allocation Failure)
[2026-06-17T10:04:46.066+0800][27.968s][info][gc,heap        ] GC(544) DefNew: 19474K(19648K)->2153K(19648K) Eden: 17472K(17472K)->0K(17472K) From: 2002K(2176K)->2153K(2176K)
[2026-06-17T10:04:46.066+0800][27.968s][info][gc,heap        ] GC(544) Tenured: 27693K(43712K)->31441K(43712K)
[2026-06-17T10:04:46.066+0800][27.968s][info][gc,metaspace   ] GC(544) Metaspace: 116K(320K)->116K(320K) NonClass: 109K(192K)->109K(192K) Class: 7K(128K)->7K(128K)
[2026-06-17T10:04:46.066+0800][27.969s][info][gc             ] GC(544) Pause Young (Allocation Failure) 46M->32M(61M) 1.769ms
[2026-06-17T10:04:46.067+0800][27.969s][info][gc,cpu         ] GC(544) User=0.00s Sys=0.00s Real=0.00s
[2026-06-17T10:04:46.109+0800][28.011s][info][gc,start       ] GC(545) Pause Young (Allocation Failure)
[2026-06-17T10:04:46.110+0800][28.012s][info][gc,heap        ] GC(545) DefNew: 19594K(19648K)->2088K(19648K) Eden: 17440K(17472K)->0K(17472K) From: 2153K(2176K)->2088K(2176K)
[2026-06-17T10:04:46.110+0800][28.012s][info][gc,heap        ] GC(545) Tenured: 31441K(43712K)->34946K(43712K)
[2026-06-17T10:04:46.110+0800][28.013s][info][gc,metaspace   ] GC(545) Metaspace: 116K(320K)->116K(320K) NonClass: 109K(192K)->109K(192K) Class: 7K(128K)->7K(128K)
[2026-06-17T10:04:46.111+0800][28.013s][info][gc             ] GC(545) Pause Young (Allocation Failure) 49M->36M(61M) 1.809ms
[2026-06-17T10:04:46.111+0800][28.013s][info][gc,cpu         ] GC(545) User=0.00s Sys=0.00s Real=0.01s
[2026-06-17T10:04:46.153+0800][28.055s][info][gc,start       ] GC(546) Pause Young (Allocation Failure)
[2026-06-17T10:04:46.154+0800][28.056s][info][gc,heap        ] GC(546) DefNew: 19560K(19648K)->2165K(19648K) Eden: 17472K(17472K)->0K(17472K) From: 2088K(2176K)->2165K(2176K)
[2026-06-17T10:04:46.154+0800][28.056s][info][gc,heap        ] GC(546) Tenured: 34946K(43712K)->38112K(43712K)
[2026-06-17T10:04:46.154+0800][28.057s][info][gc,metaspace   ] GC(546) Metaspace: 116K(320K)->116K(320K) NonClass: 109K(192K)->109K(192K) Class: 7K(128K)->7K(128K)
[2026-06-17T10:04:46.154+0800][28.057s][info][gc             ] GC(546) Pause Young (Allocation Failure) 53M->39M(61M) 1.645ms
[2026-06-17T10:04:46.155+0800][28.057s][info][gc,cpu         ] GC(546) User=0.00s Sys=0.00s Real=0.00s
[2026-06-17T10:04:46.196+0800][28.099s][info][gc,start       ] GC(547) Pause Full (Allocation Failure)
[2026-06-17T10:04:46.197+0800][28.099s][info][gc,phases,start] GC(547) Phase 1: Mark live objects
[2026-06-17T10:04:46.198+0800][28.100s][info][gc,phases      ] GC(547) Phase 1: Mark live objects 0.777ms
[2026-06-17T10:04:46.198+0800][28.100s][info][gc,phases,start] GC(547) Phase 2: Compute new object addresses
[2026-06-17T10:04:46.198+0800][28.100s][info][gc,phases      ] GC(547) Phase 2: Compute new object addresses 0.400ms
[2026-06-17T10:04:46.198+0800][28.101s][info][gc,phases,start] GC(547) Phase 3: Adjust pointers
[2026-06-17T10:04:46.199+0800][28.101s][info][gc,phases      ] GC(547) Phase 3: Adjust pointers 0.446ms
[2026-06-17T10:04:46.199+0800][28.101s][info][gc,phases,start] GC(547) Phase 4: Move objects
[2026-06-17T10:04:46.201+0800][28.103s][info][gc,phases      ] GC(547) Phase 4: Move objects 1.537ms
[2026-06-17T10:04:46.201+0800][28.103s][info][gc,heap        ] GC(547) DefNew: 19637K(19648K)->0K(19648K) Eden: 17472K(17472K)->0K(17472K) From: 2165K(2176K)->0K(2176K)
[2026-06-17T10:04:46.201+0800][28.103s][info][gc,heap        ] GC(547) Tenured: 38112K(43712K)->24669K(43712K)
[2026-06-17T10:04:46.201+0800][28.103s][info][gc,metaspace   ] GC(547) Metaspace: 116K(320K)->116K(320K) NonClass: 109K(192K)->109K(192K) Class: 7K(128K)->7K(128K)
[2026-06-17T10:04:46.201+0800][28.103s][info][gc             ] GC(547) Pause Full (Allocation Failure) 56M->24M(61M) 4.727ms
[2026-06-17T10:04:46.201+0800][28.103s][info][gc,cpu         ] GC(547) User=0.01s Sys=0.00s Real=0.00s
[2026-06-17T10:04:46.243+0800][28.145s][info][gc,start       ] GC(548) Pause Young (Allocation Failure)
[2026-06-17T10:04:46.244+0800][28.146s][info][gc,heap        ] GC(548) DefNew: 17224K(19648K)->2085K(19648K) Eden: 17224K(17472K)->0K(17472K) From: 0K(2176K)->2085K(2176K)
[2026-06-17T10:04:46.244+0800][28.146s][info][gc,heap        ] GC(548) Tenured: 24669K(43712K)->25987K(43712K)
[2026-06-17T10:04:46.244+0800][28.146s][info][gc,metaspace   ] GC(548) Metaspace: 116K(320K)->116K(320K) NonClass: 109K(192K)->109K(192K) Class: 7K(128K)->7K(128K)
[2026-06-17T10:04:46.244+0800][28.147s][info][gc             ] GC(548) Pause Young (Allocation Failure) 40M->27M(61M) 1.348ms
[2026-06-17T10:04:46.244+0800][28.147s][info][gc,cpu         ] GC(548) User=0.00s Sys=0.00s Real=0.00s
[2026-06-17T10:04:46.286+0800][28.188s][info][gc,start       ] GC(549) Pause Young (Allocation Failure)
[2026-06-17T10:04:46.288+0800][28.190s][info][gc,heap        ] GC(549) DefNew: 19556K(19648K)->2167K(19648K) Eden: 17470K(17472K)->0K(17472K) From: 2085K(2176K)->2167K(2176K)
[2026-06-17T10:04:46.288+0800][28.190s][info][gc,heap        ] GC(549) Tenured: 25987K(43712K)->33158K(43712K)
[2026-06-17T10:04:46.289+0800][28.191s][info][gc,metaspace   ] GC(549) Metaspace: 116K(320K)->116K(320K) NonClass: 109K(192K)->109K(192K) Class: 7K(128K)->7K(128K)
[2026-06-17T10:04:46.289+0800][28.191s][info][gc             ] GC(549) Pause Young (Allocation Failure) 44M->34M(61M) 2.701ms
[2026-06-17T10:04:46.289+0800][28.191s][info][gc,cpu         ] GC(549) User=0.00s Sys=0.00s Real=0.00s
[2026-06-17T10:04:46.342+0800][28.244s][info][gc,start       ] GC(550) Pause Young (Allocation Failure)
[2026-06-17T10:04:46.343+0800][28.245s][info][gc,heap        ] GC(550) DefNew: 19594K(19648K)->2014K(19648K) Eden: 17427K(17472K)->0K(17472K) From: 2167K(2176K)->2014K(2176K)
[2026-06-17T10:04:46.343+0800][28.245s][info][gc,heap        ] GC(550) Tenured: 33158K(43712K)->34520K(43712K)
[2026-06-17T10:04:46.343+0800][28.245s][info][gc,metaspace   ] GC(550) Metaspace: 116K(320K)->116K(320K) NonClass: 109K(192K)->109K(192K) Class: 7K(128K)->7K(128K)
[2026-06-17T10:04:46.343+0800][28.245s][info][gc             ] GC(550) Pause Young (Allocation Failure) 51M->35M(61M) 1.378ms
[2026-06-17T10:04:46.343+0800][28.246s][info][gc,cpu         ] GC(550) User=0.00s Sys=0.00s Real=0.01s
[2026-06-17T10:04:46.375+0800][28.277s][info][gc,start       ] GC(551) Pause Young (Allocation Failure)
[2026-06-17T10:04:46.418+0800][28.320s][info][gc,heap        ] GC(551) DefNew: 19453K(19648K)->2082K(19648K) Eden: 17438K(17472K)->0K(17472K) From: 2014K(2176K)->2082K(2176K)
[2026-06-17T10:04:46.419+0800][28.321s][info][gc,heap        ] GC(551) Tenured: 34520K(43712K)->38021K(43712K)
[2026-06-17T10:04:46.420+0800][28.322s][info][gc,metaspace   ] GC(551) Metaspace: 116K(320K)->116K(320K) NonClass: 109K(192K)->109K(192K) Class: 7K(128K)->7K(128K)
[2026-06-17T10:04:46.421+0800][28.323s][info][gc             ] GC(551) Pause Young (Allocation Failure) 52M->39M(61M) 45.616ms
[2026-06-17T10:04:46.422+0800][28.324s][info][gc,cpu         ] GC(551) User=0.00s Sys=0.00s Real=0.04s
[2026-06-17T10:04:46.471+0800][28.373s][info][gc,start       ] GC(552) Pause Full (Allocation Failure)
[2026-06-17T10:04:46.472+0800][28.374s][info][gc,phases,start] GC(552) Phase 1: Mark live objects
[2026-06-17T10:04:46.480+0800][28.383s][info][gc,phases      ] GC(552) Phase 1: Mark live objects 8.214ms
[2026-06-17T10:04:46.481+0800][28.383s][info][gc,phases,start] GC(552) Phase 2: Compute new object addresses
[2026-06-17T10:04:46.482+0800][28.384s][info][gc,phases      ] GC(552) Phase 2: Compute new object addresses 0.588ms
[2026-06-17T10:04:46.483+0800][28.385s][info][gc,phases,start] GC(552) Phase 3: Adjust pointers
[2026-06-17T10:04:46.485+0800][28.388s][info][gc,phases      ] GC(552) Phase 3: Adjust pointers 2.374ms
[2026-06-17T10:04:46.486+0800][28.388s][info][gc,phases,start] GC(552) Phase 4: Move objects
[2026-06-17T10:04:46.490+0800][28.392s][info][gc,phases      ] GC(552) Phase 4: Move objects 3.970ms
[2026-06-17T10:04:46.491+0800][28.393s][info][gc,heap        ] GC(552) DefNew: 19531K(19648K)->0K(19648K) Eden: 17449K(17472K)->0K(17472K) From: 2082K(2176K)->0K(2176K)
[2026-06-17T10:04:46.495+0800][28.397s][info][gc,heap        ] GC(552) Tenured: 38021K(43712K)->27803K(43712K)
[2026-06-17T10:04:46.499+0800][28.402s][info][gc,metaspace   ] GC(552) Metaspace: 116K(320K)->116K(320K) NonClass: 109K(192K)->109K(192K) Class: 7K(128K)->7K(128K)
[2026-06-17T10:04:46.500+0800][28.402s][info][gc             ] GC(552) Pause Full (Allocation Failure) 56M->27M(61M) 28.475ms
[2026-06-17T10:04:46.500+0800][28.402s][info][gc,cpu         ] GC(552) User=0.00s Sys=0.00s Real=0.02s
[2026-06-17T10:04:46.553+0800][28.455s][info][gc,start       ] GC(553) Pause Young (Allocation Failure)
[2026-06-17T10:04:46.556+0800][28.459s][info][gc,heap        ] GC(553) DefNew: 17431K(19648K)->2174K(19648K) Eden: 17431K(17472K)->0K(17472K) From: 0K(2176K)->2174K(2176K)
[2026-06-17T10:04:46.560+0800][28.462s][info][gc,heap        ] GC(553) Tenured: 27803K(43712K)->29247K(43712K)
[2026-06-17T10:04:46.566+0800][28.468s][info][gc,metaspace   ] GC(553) Metaspace: 116K(320K)->116K(320K) NonClass: 109K(192K)->109K(192K) Class: 7K(128K)->7K(128K)
[2026-06-17T10:04:46.570+0800][28.472s][info][gc             ] GC(553) Pause Young (Allocation Failure) 44M->30M(61M) 17.340ms
[2026-06-17T10:04:46.571+0800][28.473s][info][gc,cpu         ] GC(553) User=0.00s Sys=0.00s Real=0.02s
[2026-06-17T10:04:46.614+0800][28.516s][info][gc,start       ] GC(554) Pause Young (Allocation Failure)
[2026-06-17T10:04:46.616+0800][28.518s][info][gc,heap        ] GC(554) DefNew: 19646K(19648K)->2149K(19648K) Eden: 17472K(17472K)->0K(17472K) From: 2174K(2176K)->2149K(2176K)
[2026-06-17T10:04:46.617+0800][28.520s][info][gc,heap        ] GC(554) Tenured: 29247K(43712K)->32962K(43712K)
[2026-06-17T10:04:46.621+0800][28.524s][info][gc,metaspace   ] GC(554) Metaspace: 116K(320K)->116K(320K) NonClass: 109K(192K)->109K(192K) Class: 7K(128K)->7K(128K)
[2026-06-17T10:04:46.625+0800][28.527s][info][gc             ] GC(554) Pause Young (Allocation Failure) 47M->34M(61M) 11.352ms
[2026-06-17T10:04:46.627+0800][28.529s][info][gc,cpu         ] GC(554) User=0.01s Sys=0.00s Real=0.01s
[2026-06-17T10:04:46.672+0800][28.574s][info][gc,start       ] GC(555) Pause Young (Allocation Failure)
[2026-06-17T10:04:46.674+0800][28.576s][info][gc,heap        ] GC(555) DefNew: 19613K(19648K)->2174K(19648K) Eden: 17463K(17472K)->0K(17472K) From: 2149K(2176K)->2174K(2176K)
[2026-06-17T10:04:46.674+0800][28.576s][info][gc,heap        ] GC(555) Tenured: 32962K(43712K)->36971K(43712K)
[2026-06-17T10:04:46.675+0800][28.577s][info][gc,metaspace   ] GC(555) Metaspace: 116K(320K)->116K(320K) NonClass: 109K(192K)->109K(192K) Class: 7K(128K)->7K(128K)
[2026-06-17T10:04:46.675+0800][28.577s][info][gc             ] GC(555) Pause Young (Allocation Failure) 51M->38M(61M) 3.041ms
[2026-06-17T10:04:46.676+0800][28.578s][info][gc,cpu         ] GC(555) User=0.00s Sys=0.00s Real=0.00s
[2026-06-17T10:04:46.718+0800][28.621s][info][gc,start       ] GC(556) Pause Full (Allocation Failure)
[2026-06-17T10:04:46.719+0800][28.621s][info][gc,phases,start] GC(556) Phase 1: Mark live objects
[2026-06-17T10:04:46.721+0800][28.623s][info][gc,phases      ] GC(556) Phase 1: Mark live objects 1.939ms
[2026-06-17T10:04:46.721+0800][28.624s][info][gc,phases,start] GC(556) Phase 2: Compute new object addresses
[2026-06-17T10:04:46.722+0800][28.625s][info][gc,phases      ] GC(556) Phase 2: Compute new object addresses 0.941ms
[2026-06-17T10:04:46.723+0800][28.625s][info][gc,phases,start] GC(556) Phase 3: Adjust pointers
[2026-06-17T10:04:46.724+0800][28.626s][info][gc,phases      ] GC(556) Phase 3: Adjust pointers 0.943ms
[2026-06-17T10:04:46.724+0800][28.626s][info][gc,phases,start] GC(556) Phase 4: Move objects
[2026-06-17T10:04:46.726+0800][28.628s][info][gc,phases      ] GC(556) Phase 4: Move objects 2.318ms
[2026-06-17T10:04:46.727+0800][28.629s][info][gc,heap        ] GC(556) DefNew: 19611K(19648K)->0K(19648K) Eden: 17436K(17472K)->0K(17472K) From: 2174K(2176K)->0K(2176K)
[2026-06-17T10:04:46.727+0800][28.629s][info][gc,heap        ] GC(556) Tenured: 36971K(43712K)->25459K(43712K)
[2026-06-17T10:04:46.727+0800][28.630s][info][gc,metaspace   ] GC(556) Metaspace: 116K(320K)->116K(320K) NonClass: 109K(192K)->109K(192K) Class: 7K(128K)->7K(128K)
[2026-06-17T10:04:46.728+0800][28.630s][info][gc             ] GC(556) Pause Full (Allocation Failure) 55M->24M(61M) 9.137ms
[2026-06-17T10:04:46.728+0800][28.630s][info][gc,cpu         ] GC(556) User=0.01s Sys=0.00s Real=0.01s
[2026-06-17T10:04:46.771+0800][28.673s][info][gc,start       ] GC(557) Pause Young (Allocation Failure)
[2026-06-17T10:04:46.773+0800][28.675s][info][gc,heap        ] GC(557) DefNew: 17440K(19648K)->2170K(19648K) Eden: 17440K(17472K)->0K(17472K) From: 0K(2176K)->2170K(2176K)
[2026-06-17T10:04:46.774+0800][28.676s][info][gc,heap        ] GC(557) Tenured: 25459K(43712K)->29798K(43712K)
[2026-06-17T10:04:46.774+0800][28.677s][info][gc,metaspace   ] GC(557) Metaspace: 116K(320K)->116K(320K) NonClass: 109K(192K)->109K(192K) Class: 7K(128K)->7K(128K)
[2026-06-17T10:04:46.775+0800][28.677s][info][gc             ] GC(557) Pause Young (Allocation Failure) 41M->31M(61M) 4.207ms
[2026-06-17T10:04:46.775+0800][28.677s][info][gc,cpu         ] GC(557) User=0.00s Sys=0.00s Real=0.00s
[2026-06-17T10:04:46.829+0800][28.731s][info][gc,start       ] GC(558) Pause Young (Allocation Failure)
[2026-06-17T10:04:46.830+0800][28.732s][info][gc,heap        ] GC(558) DefNew: 19642K(19648K)->2095K(19648K) Eden: 17472K(17472K)->0K(17472K) From: 2170K(2176K)->2095K(2176K)
[2026-06-17T10:04:46.830+0800][28.733s][info][gc,heap        ] GC(558) Tenured: 29798K(43712K)->32580K(43712K)
[2026-06-17T10:04:46.831+0800][28.733s][info][gc,metaspace   ] GC(558) Metaspace: 116K(320K)->116K(320K) NonClass: 109K(192K)->109K(192K) Class: 7K(128K)->7K(128K)
[2026-06-17T10:04:46.831+0800][28.733s][info][gc             ] GC(558) Pause Young (Allocation Failure) 48M->33M(61M) 2.656ms
[2026-06-17T10:04:46.832+0800][28.734s][info][gc,cpu         ] GC(558) User=0.00s Sys=0.00s Real=0.01s
[2026-06-17T10:04:46.865+0800][28.767s][info][gc,start       ] GC(559) Pause Young (Allocation Failure)
[2026-06-17T10:04:46.867+0800][28.769s][info][gc,heap        ] GC(559) DefNew: 19502K(19648K)->2069K(19648K) Eden: 17406K(17472K)->0K(17472K) From: 2095K(2176K)->2069K(2176K)
[2026-06-17T10:04:46.868+0800][28.770s][info][gc,heap        ] GC(559) Tenured: 32580K(43712K)->36087K(43712K)
[2026-06-17T10:04:46.868+0800][28.770s][info][gc,metaspace   ] GC(559) Metaspace: 116K(320K)->116K(320K) NonClass: 109K(192K)->109K(192K) Class: 7K(128K)->7K(128K)
[2026-06-17T10:04:46.868+0800][28.771s][info][gc             ] GC(559) Pause Young (Allocation Failure) 50M->37M(61M) 3.604ms
[2026-06-17T10:04:46.869+0800][28.771s][info][gc,cpu         ] GC(559) User=0.00s Sys=0.00s Real=0.00s
[2026-06-17T10:04:46.922+0800][28.824s][info][gc,start       ] GC(560) Pause Young (Allocation Failure)
[2026-06-17T10:04:46.923+0800][28.826s][info][gc,heap        ] GC(560) DefNew: 19496K(19648K)->2075K(19648K) Eden: 17427K(17472K)->0K(17472K) From: 2069K(2176K)->2075K(2176K)
[2026-06-17T10:04:46.924+0800][28.826s][info][gc,heap        ] GC(560) Tenured: 36087K(43712K)->39897K(43712K)
[2026-06-17T10:04:46.924+0800][28.826s][info][gc,metaspace   ] GC(560) Metaspace: 116K(320K)->116K(320K) NonClass: 109K(192K)->109K(192K) Class: 7K(128K)->7K(128K)
[2026-06-17T10:04:46.925+0800][28.827s][info][gc             ] GC(560) Pause Young (Allocation Failure) 54M->40M(61M) 2.488ms
[2026-06-17T10:04:46.925+0800][28.827s][info][gc,cpu         ] GC(560) User=0.01s Sys=0.00s Real=0.01s
[2026-06-17T10:04:46.968+0800][28.870s][info][gc,start       ] GC(561) Pause Full (Allocation Failure)
[2026-06-17T10:04:46.968+0800][28.871s][info][gc,phases,start] GC(561) Phase 1: Mark live objects
[2026-06-17T10:04:46.970+0800][28.872s][info][gc,phases      ] GC(561) Phase 1: Mark live objects 1.704ms
[2026-06-17T10:04:46.970+0800][28.873s][info][gc,phases,start] GC(561) Phase 2: Compute new object addresses
[2026-06-17T10:04:46.971+0800][28.873s][info][gc,phases      ] GC(561) Phase 2: Compute new object addresses 0.826ms
[2026-06-17T10:04:46.972+0800][28.874s][info][gc,phases,start] GC(561) Phase 3: Adjust pointers
[2026-06-17T10:04:46.972+0800][28.875s][info][gc,phases      ] GC(561) Phase 3: Adjust pointers 0.764ms
[2026-06-17T10:04:46.973+0800][28.875s][info][gc,phases,start] GC(561) Phase 4: Move objects
[2026-06-17T10:04:46.976+0800][28.878s][info][gc,phases      ] GC(561) Phase 4: Move objects 2.949ms
[2026-06-17T10:04:46.976+0800][28.878s][info][gc,heap        ] GC(561) DefNew: 19519K(19648K)->0K(19648K) Eden: 17444K(17472K)->0K(17472K) From: 2075K(2176K)->0K(2176K)
[2026-06-17T10:04:46.976+0800][28.879s][info][gc,heap        ] GC(561) Tenured: 39897K(43712K)->32525K(43712K)
[2026-06-17T10:04:46.977+0800][28.879s][info][gc,metaspace   ] GC(561) Metaspace: 116K(320K)->116K(320K) NonClass: 109K(192K)->109K(192K) Class: 7K(128K)->7K(128K)
[2026-06-17T10:04:46.977+0800][28.879s][info][gc             ] GC(561) Pause Full (Allocation Failure) 58M->31M(61M) 8.980ms
[2026-06-17T10:04:46.977+0800][28.879s][info][gc,cpu         ] GC(561) User=0.00s Sys=0.00s Real=0.01s
[2026-06-17T10:04:47.019+0800][28.921s][info][gc,start       ] GC(562) Pause Young (Allocation Failure)
[2026-06-17T10:04:47.021+0800][28.923s][info][gc,heap        ] GC(562) DefNew: 17455K(19648K)->2175K(19648K) Eden: 17455K(17472K)->0K(17472K) From: 0K(2176K)->2175K(2176K)
[2026-06-17T10:04:47.021+0800][28.924s][info][gc,heap        ] GC(562) Tenured: 32525K(43712K)->37283K(43712K)
[2026-06-17T10:04:47.022+0800][28.924s][info][gc,metaspace   ] GC(562) Metaspace: 116K(320K)->116K(320K) NonClass: 109K(192K)->109K(192K) Class: 7K(128K)->7K(128K)
[2026-06-17T10:04:47.022+0800][28.924s][info][gc             ] GC(562) Pause Young (Allocation Failure) 48M->38M(61M) 2.831ms
[2026-06-17T10:04:47.022+0800][28.924s][info][gc,cpu         ] GC(562) User=0.01s Sys=0.00s Real=0.00s
[2026-06-17T10:04:47.065+0800][28.967s][info][gc,start       ] GC(563) Pause Full (Allocation Failure)
[2026-06-17T10:04:47.067+0800][28.970s][info][gc,phases,start] GC(563) Phase 1: Mark live objects
[2026-06-17T10:04:47.069+0800][28.971s][info][gc,phases      ] GC(563) Phase 1: Mark live objects 1.369ms
[2026-06-17T10:04:47.070+0800][28.973s][info][gc,phases,start] GC(563) Phase 2: Compute new object addresses
[2026-06-17T10:04:47.073+0800][28.975s][info][gc,phases      ] GC(563) Phase 2: Compute new object addresses 2.133ms
[2026-06-17T10:04:47.073+0800][28.975s][info][gc,phases,start] GC(563) Phase 3: Adjust pointers
[2026-06-17T10:04:47.076+0800][28.978s][info][gc,phases      ] GC(563) Phase 3: Adjust pointers 3.084ms
[2026-06-17T10:04:47.076+0800][28.979s][info][gc,phases,start] GC(563) Phase 4: Move objects
[2026-06-17T10:04:47.079+0800][28.981s][info][gc,phases      ] GC(563) Phase 4: Move objects 2.599ms
[2026-06-17T10:04:47.079+0800][28.982s][info][gc,heap        ] GC(563) DefNew: 19614K(19648K)->0K(19648K) Eden: 17438K(17472K)->0K(17472K) From: 2175K(2176K)->0K(2176K)
[2026-06-17T10:04:47.080+0800][28.982s][info][gc,heap        ] GC(563) Tenured: 37283K(43712K)->29201K(43712K)
[2026-06-17T10:04:47.080+0800][28.982s][info][gc,metaspace   ] GC(563) Metaspace: 116K(320K)->116K(320K) NonClass: 109K(192K)->109K(192K) Class: 7K(128K)->7K(128K)
[2026-06-17T10:04:47.081+0800][28.983s][info][gc             ] GC(563) Pause Full (Allocation Failure) 55M->28M(61M) 15.841ms
[2026-06-17T10:04:47.081+0800][28.983s][info][gc,cpu         ] GC(563) User=0.00s Sys=0.00s Real=0.01s
[2026-06-17T10:04:47.123+0800][29.025s][info][gc,start       ] GC(564) Pause Young (Allocation Failure)
[2026-06-17T10:04:47.124+0800][29.026s][info][gc,heap        ] GC(564) DefNew: 17333K(19648K)->2106K(19648K) Eden: 17333K(17472K)->0K(17472K) From: 0K(2176K)->2106K(2176K)
[2026-06-17T10:04:47.124+0800][29.026s][info][gc,heap        ] GC(564) Tenured: 29201K(43712K)->30404K(43712K)
[2026-06-17T10:04:47.125+0800][29.027s][info][gc,metaspace   ] GC(564) Metaspace: 116K(320K)->116K(320K) NonClass: 109K(192K)->109K(192K) Class: 7K(128K)->7K(128K)
[2026-06-17T10:04:47.125+0800][29.027s][info][gc             ] GC(564) Pause Young (Allocation Failure) 45M->31M(61M) 1.879ms
[2026-06-17T10:04:47.125+0800][29.027s][info][gc,cpu         ] GC(564) User=0.00s Sys=0.00s Real=0.00s
[2026-06-17T10:04:47.178+0800][29.080s][info][gc,start       ] GC(565) Pause Young (Allocation Failure)
[2026-06-17T10:04:47.180+0800][29.082s][info][gc,heap        ] GC(565) DefNew: 19573K(19648K)->2090K(19648K) Eden: 17466K(17472K)->0K(17472K) From: 2106K(2176K)->2090K(2176K)
[2026-06-17T10:04:47.180+0800][29.082s][info][gc,heap        ] GC(565) Tenured: 30404K(43712K)->34379K(43712K)
[2026-06-17T10:04:47.182+0800][29.084s][info][gc,metaspace   ] GC(565) Metaspace: 116K(320K)->116K(320K) NonClass: 109K(192K)->109K(192K) Class: 7K(128K)->7K(128K)
[2026-06-17T10:04:47.182+0800][29.085s][info][gc             ] GC(565) Pause Young (Allocation Failure) 48M->35M(61M) 4.435ms
[2026-06-17T10:04:47.184+0800][29.086s][info][gc,cpu         ] GC(565) User=0.00s Sys=0.00s Real=0.01s
[2026-06-17T10:04:47.226+0800][29.128s][info][gc,start       ] GC(566) Pause Young (Allocation Failure)
[2026-06-17T10:04:47.228+0800][29.130s][info][gc,heap        ] GC(566) DefNew: 19534K(19648K)->2155K(19648K) Eden: 17443K(17472K)->0K(17472K) From: 2090K(2176K)->2155K(2176K)
[2026-06-17T10:04:47.230+0800][29.132s][info][gc,heap        ] GC(566) Tenured: 34379K(43712K)->37983K(43712K)
[2026-06-17T10:04:47.231+0800][29.133s][info][gc,metaspace   ] GC(566) Metaspace: 116K(320K)->116K(320K) NonClass: 109K(192K)->109K(192K) Class: 7K(128K)->7K(128K)
[2026-06-17T10:04:47.232+0800][29.134s][info][gc             ] GC(566) Pause Young (Allocation Failure) 52M->39M(61M) 5.435ms
[2026-06-17T10:04:47.232+0800][29.135s][info][gc,cpu         ] GC(566) User=0.00s Sys=0.00s Real=0.01s
[2026-06-17T10:04:47.277+0800][29.179s][info][gc,start       ] GC(567) Pause Full (Allocation Failure)
[2026-06-17T10:04:47.278+0800][29.180s][info][gc,phases,start] GC(567) Phase 1: Mark live objects
[2026-06-17T10:04:47.279+0800][29.182s][info][gc,phases      ] GC(567) Phase 1: Mark live objects 1.805ms
[2026-06-17T10:04:47.280+0800][29.182s][info][gc,phases,start] GC(567) Phase 2: Compute new object addresses
[2026-06-17T10:04:47.281+0800][29.183s][info][gc,phases      ] GC(567) Phase 2: Compute new object addresses 0.840ms
[2026-06-17T10:04:47.281+0800][29.183s][info][gc,phases,start] GC(567) Phase 3: Adjust pointers
[2026-06-17T10:04:47.282+0800][29.184s][info][gc,phases      ] GC(567) Phase 3: Adjust pointers 0.735ms
[2026-06-17T10:04:47.282+0800][29.184s][info][gc,phases,start] GC(567) Phase 4: Move objects
[2026-06-17T10:04:47.285+0800][29.187s][info][gc,phases      ] GC(567) Phase 4: Move objects 2.589ms
[2026-06-17T10:04:47.285+0800][29.187s][info][gc,heap        ] GC(567) DefNew: 19586K(19648K)->0K(19648K) Eden: 17431K(17472K)->0K(17472K) From: 2155K(2176K)->0K(2176K)
[2026-06-17T10:04:47.285+0800][29.188s][info][gc,heap        ] GC(567) Tenured: 37983K(43712K)->30209K(43712K)
[2026-06-17T10:04:47.286+0800][29.188s][info][gc,metaspace   ] GC(567) Metaspace: 116K(320K)->116K(320K) NonClass: 109K(192K)->109K(192K) Class: 7K(128K)->7K(128K)
[2026-06-17T10:04:47.286+0800][29.188s][info][gc             ] GC(567) Pause Full (Allocation Failure) 56M->29M(61M) 8.812ms
[2026-06-17T10:04:47.286+0800][29.188s][info][gc,cpu         ] GC(567) User=0.01s Sys=0.00s Real=0.01s
[2026-06-17T10:04:47.329+0800][29.231s][info][gc,start       ] GC(568) Pause Young (Allocation Failure)
[2026-06-17T10:04:47.330+0800][29.232s][info][gc,heap        ] GC(568) DefNew: 17472K(19648K)->2169K(19648K) Eden: 17472K(17472K)->0K(17472K) From: 0K(2176K)->2169K(2176K)
[2026-06-17T10:04:47.330+0800][29.232s][info][gc,heap        ] GC(568) Tenured: 30209K(43712K)->34854K(43712K)
[2026-06-17T10:04:47.330+0800][29.232s][info][gc,metaspace   ] GC(568) Metaspace: 116K(320K)->116K(320K) NonClass: 109K(192K)->109K(192K) Class: 7K(128K)->7K(128K)
[2026-06-17T10:04:47.331+0800][29.233s][info][gc             ] GC(568) Pause Young (Allocation Failure) 46M->36M(61M) 2.054ms
[2026-06-17T10:04:47.331+0800][29.233s][info][gc,cpu         ] GC(568) User=0.00s Sys=0.00s Real=0.01s
[2026-06-17T10:04:47.373+0800][29.276s][info][gc,start       ] GC(569) Pause Young (Allocation Failure)
[2026-06-17T10:04:47.375+0800][29.277s][info][gc,heap        ] GC(569) DefNew: 19576K(19648K)->1830K(19648K) Eden: 17407K(17472K)->0K(17472K) From: 2169K(2176K)->1830K(2176K)
[2026-06-17T10:04:47.376+0800][29.278s][info][gc,heap        ] GC(569) Tenured: 34854K(43712K)->37023K(43712K)
[2026-06-17T10:04:47.376+0800][29.278s][info][gc,metaspace   ] GC(569) Metaspace: 116K(320K)->116K(320K) NonClass: 109K(192K)->109K(192K) Class: 7K(128K)->7K(128K)
[2026-06-17T10:04:47.377+0800][29.279s][info][gc             ] GC(569) Pause Young (Allocation Failure) 53M->37M(61M) 3.161ms
[2026-06-17T10:04:47.377+0800][29.279s][info][gc,cpu         ] GC(569) User=0.00s Sys=0.00s Real=0.00s
[2026-06-17T10:04:47.431+0800][29.333s][info][gc,start       ] GC(570) Pause Young (Allocation Failure)
[2026-06-17T10:04:47.433+0800][29.335s][info][gc,heap        ] GC(570) DefNew: 19302K(19648K)->2139K(19648K) Eden: 17472K(17472K)->0K(17472K) From: 1830K(2176K)->2139K(2176K)
[2026-06-17T10:04:47.433+0800][29.336s][info][gc,heap        ] GC(570) Tenured: 37023K(43712K)->40263K(43712K)
[2026-06-17T10:04:47.434+0800][29.336s][info][gc,metaspace   ] GC(570) Metaspace: 116K(320K)->116K(320K) NonClass: 109K(192K)->109K(192K) Class: 7K(128K)->7K(128K)
[2026-06-17T10:04:47.434+0800][29.336s][info][gc             ] GC(570) Pause Young (Allocation Failure) 55M->41M(61M) 2.774ms
[2026-06-17T10:04:47.435+0800][29.337s][info][gc,cpu         ] GC(570) User=0.00s Sys=0.00s Real=0.00s
[2026-06-17T10:04:47.478+0800][29.380s][info][gc,start       ] GC(571) Pause Full (Allocation Failure)
[2026-06-17T10:04:47.478+0800][29.381s][info][gc,phases,start] GC(571) Phase 1: Mark live objects
[2026-06-17T10:04:47.479+0800][29.382s][info][gc,phases      ] GC(571) Phase 1: Mark live objects 0.954ms
[2026-06-17T10:04:47.480+0800][29.382s][info][gc,phases,start] GC(571) Phase 2: Compute new object addresses
[2026-06-17T10:04:47.480+0800][29.382s][info][gc,phases      ] GC(571) Phase 2: Compute new object addresses 0.569ms
[2026-06-17T10:04:47.481+0800][29.383s][info][gc,phases,start] GC(571) Phase 3: Adjust pointers
[2026-06-17T10:04:47.481+0800][29.383s][info][gc,phases      ] GC(571) Phase 3: Adjust pointers 0.489ms
[2026-06-17T10:04:47.481+0800][29.383s][info][gc,phases,start] GC(571) Phase 4: Move objects
[2026-06-17T10:04:47.484+0800][29.386s][info][gc,phases      ] GC(571) Phase 4: Move objects 2.370ms
[2026-06-17T10:04:47.484+0800][29.386s][info][gc,heap        ] GC(571) DefNew: 19563K(19648K)->0K(19648K) Eden: 17423K(17472K)->0K(17472K) From: 2139K(2176K)->0K(2176K)
[2026-06-17T10:04:47.484+0800][29.387s][info][gc,heap        ] GC(571) Tenured: 40263K(43712K)->25820K(43712K)
[2026-06-17T10:04:47.485+0800][29.387s][info][gc,metaspace   ] GC(571) Metaspace: 116K(320K)->116K(320K) NonClass: 109K(192K)->109K(192K) Class: 7K(128K)->7K(128K)
[2026-06-17T10:04:47.485+0800][29.387s][info][gc             ] GC(571) Pause Full (Allocation Failure) 58M->25M(61M) 6.988ms
[2026-06-17T10:04:47.485+0800][29.387s][info][gc,cpu         ] GC(571) User=0.00s Sys=0.00s Real=0.01s
[2026-06-17T10:04:47.527+0800][29.429s][info][gc,start       ] GC(572) Pause Young (Allocation Failure)
[2026-06-17T10:04:47.528+0800][29.431s][info][gc,heap        ] GC(572) DefNew: 17450K(19648K)->2175K(19648K) Eden: 17450K(17472K)->0K(17472K) From: 0K(2176K)->2175K(2176K)
[2026-06-17T10:04:47.529+0800][29.431s][info][gc,heap        ] GC(572) Tenured: 25820K(43712K)->30779K(43712K)
[2026-06-17T10:04:47.530+0800][29.432s][info][gc,metaspace   ] GC(572) Metaspace: 116K(320K)->116K(320K) NonClass: 109K(192K)->109K(192K) Class: 7K(128K)->7K(128K)
[2026-06-17T10:04:47.530+0800][29.432s][info][gc             ] GC(572) Pause Young (Allocation Failure) 42M->32M(61M) 2.801ms
[2026-06-17T10:04:47.531+0800][29.433s][info][gc,cpu         ] GC(572) User=0.00s Sys=0.00s Real=0.01s
[2026-06-17T10:04:47.573+0800][29.475s][info][gc,start       ] GC(573) Pause Young (Allocation Failure)
[2026-06-17T10:04:47.577+0800][29.479s][info][gc,heap        ] GC(573) DefNew: 19621K(19648K)->2172K(19648K) Eden: 17445K(17472K)->0K(17472K) From: 2175K(2176K)->2172K(2176K)
[2026-06-17T10:04:47.577+0800][29.479s][info][gc,heap        ] GC(573) Tenured: 30779K(43712K)->35271K(43712K)
[2026-06-17T10:04:47.579+0800][29.481s][info][gc,metaspace   ] GC(573) Metaspace: 116K(320K)->116K(320K) NonClass: 109K(192K)->109K(192K) Class: 7K(128K)->7K(128K)
[2026-06-17T10:04:47.580+0800][29.482s][info][gc             ] GC(573) Pause Young (Allocation Failure) 49M->36M(61M) 7.418ms
[2026-06-17T10:04:47.581+0800][29.483s][info][gc,cpu         ] GC(573) User=0.00s Sys=0.00s Real=0.00s
[2026-06-17T10:04:47.624+0800][29.526s][info][gc,start       ] GC(574) Pause Young (Allocation Failure)
[2026-06-17T10:04:47.625+0800][29.527s][info][gc,heap        ] GC(574) DefNew: 19368K(19648K)->2033K(19648K) Eden: 17196K(17472K)->0K(17472K) From: 2172K(2176K)->2033K(2176K)
[2026-06-17T10:04:47.627+0800][29.529s][info][gc,heap        ] GC(574) Tenured: 35271K(43712K)->36018K(43712K)
[2026-06-17T10:04:47.627+0800][29.529s][info][gc,metaspace   ] GC(574) Metaspace: 116K(320K)->116K(320K) NonClass: 109K(192K)->109K(192K) Class: 7K(128K)->7K(128K)
[2026-06-17T10:04:47.628+0800][29.530s][info][gc             ] GC(574) Pause Young (Allocation Failure) 53M->37M(61M) 3.608ms
[2026-06-17T10:04:47.628+0800][29.530s][info][gc,cpu         ] GC(574) User=0.00s Sys=0.00s Real=0.00s
[2026-06-17T10:04:47.671+0800][29.573s][info][gc,start       ] GC(575) Pause Young (Allocation Failure)
[2026-06-17T10:04:47.672+0800][29.575s][info][gc,heap        ] GC(575) DefNew: 19492K(19648K)->2174K(19648K) Eden: 17459K(17472K)->0K(17472K) From: 2033K(2176K)->2174K(2176K)
[2026-06-17T10:04:47.673+0800][29.575s][info][gc,heap        ] GC(575) Tenured: 36018K(43712K)->42558K(43712K)
[2026-06-17T10:04:47.674+0800][29.576s][info][gc,metaspace   ] GC(575) Metaspace: 116K(320K)->116K(320K) NonClass: 109K(192K)->109K(192K) Class: 7K(128K)->7K(128K)
[2026-06-17T10:04:47.675+0800][29.577s][info][gc             ] GC(575) Pause Young (Allocation Failure) 54M->43M(61M) 3.786ms
[2026-06-17T10:04:47.675+0800][29.577s][info][gc,cpu         ] GC(575) User=0.00s Sys=0.00s Real=0.00s
[2026-06-17T10:04:47.728+0800][29.630s][info][gc,start       ] GC(576) Pause Full (Allocation Failure)
[2026-06-17T10:04:47.729+0800][29.631s][info][gc,phases,start] GC(576) Phase 1: Mark live objects
[2026-06-17T10:04:47.730+0800][29.632s][info][gc,phases      ] GC(576) Phase 1: Mark live objects 1.277ms
[2026-06-17T10:04:47.731+0800][29.633s][info][gc,phases,start] GC(576) Phase 2: Compute new object addresses
[2026-06-17T10:04:47.731+0800][29.634s][info][gc,phases      ] GC(576) Phase 2: Compute new object addresses 0.846ms
[2026-06-17T10:04:47.732+0800][29.634s][info][gc,phases,start] GC(576) Phase 3: Adjust pointers
[2026-06-17T10:04:47.733+0800][29.635s][info][gc,phases      ] GC(576) Phase 3: Adjust pointers 0.801ms
[2026-06-17T10:04:47.733+0800][29.635s][info][gc,phases,start] GC(576) Phase 4: Move objects
[2026-06-17T10:04:47.735+0800][29.637s][info][gc,phases      ] GC(576) Phase 4: Move objects 1.875ms
[2026-06-17T10:04:47.736+0800][29.638s][info][gc,heap        ] GC(576) DefNew: 19624K(19648K)->0K(19648K) Eden: 17449K(17472K)->0K(17472K) From: 2174K(2176K)->0K(2176K)
[2026-06-17T10:04:47.736+0800][29.638s][info][gc,heap        ] GC(576) Tenured: 42558K(43712K)->21862K(43712K)
[2026-06-17T10:04:47.736+0800][29.639s][info][gc,metaspace   ] GC(576) Metaspace: 116K(320K)->116K(320K) NonClass: 109K(192K)->109K(192K) Class: 7K(128K)->7K(128K)
[2026-06-17T10:04:47.737+0800][29.639s][info][gc             ] GC(576) Pause Full (Allocation Failure) 60M->21M(61M) 8.758ms
[2026-06-17T10:04:47.737+0800][29.639s][info][gc,cpu         ] GC(576) User=0.00s Sys=0.00s Real=0.01s
[2026-06-17T10:04:47.780+0800][29.682s][info][gc,start       ] GC(577) Pause Young (Allocation Failure)
[2026-06-17T10:04:47.781+0800][29.684s][info][gc,heap        ] GC(577) DefNew: 17430K(19648K)->2168K(19648K) Eden: 17430K(17472K)->0K(17472K) From: 0K(2176K)->2168K(2176K)
[2026-06-17T10:04:47.782+0800][29.684s][info][gc,heap        ] GC(577) Tenured: 21862K(43712K)->26223K(43712K)
[2026-06-17T10:04:47.782+0800][29.684s][info][gc,metaspace   ] GC(577) Metaspace: 116K(320K)->116K(320K) NonClass: 109K(192K)->109K(192K) Class: 7K(128K)->7K(128K)
[2026-06-17T10:04:47.782+0800][29.684s][info][gc             ] GC(577) Pause Young (Allocation Failure) 38M->27M(61M) 1.896ms
[2026-06-17T10:04:47.782+0800][29.684s][info][gc,cpu         ] GC(577) User=0.00s Sys=0.00s Real=0.00s
[2026-06-17T10:04:47.825+0800][29.727s][info][gc,start       ] GC(578) Pause Young (Allocation Failure)
[2026-06-17T10:04:47.826+0800][29.728s][info][gc,heap        ] GC(578) DefNew: 19593K(19648K)->2155K(19648K) Eden: 17424K(17472K)->0K(17472K) From: 2168K(2176K)->2155K(2176K)
[2026-06-17T10:04:47.826+0800][29.728s][info][gc,heap        ] GC(578) Tenured: 26223K(43712K)->29712K(43712K)
[2026-06-17T10:04:47.826+0800][29.728s][info][gc,metaspace   ] GC(578) Metaspace: 116K(320K)->116K(320K) NonClass: 109K(192K)->109K(192K) Class: 7K(128K)->7K(128K)
[2026-06-17T10:04:47.826+0800][29.729s][info][gc             ] GC(578) Pause Young (Allocation Failure) 44M->31M(61M) 1.931ms
[2026-06-17T10:04:47.827+0800][29.729s][info][gc,cpu         ] GC(578) User=0.00s Sys=0.00s Real=0.00s
[2026-06-17T10:04:47.869+0800][29.771s][info][gc,start       ] GC(579) Pause Young (Allocation Failure)
[2026-06-17T10:04:47.871+0800][29.773s][info][gc,heap        ] GC(579) DefNew: 19627K(19648K)->2173K(19648K) Eden: 17472K(17472K)->0K(17472K) From: 2155K(2176K)->2173K(2176K)
[2026-06-17T10:04:47.874+0800][29.777s][info][gc,heap        ] GC(579) Tenured: 29712K(43712K)->33014K(43712K)
[2026-06-17T10:04:47.877+0800][29.779s][info][gc,metaspace   ] GC(579) Metaspace: 116K(320K)->116K(320K) NonClass: 109K(192K)->109K(192K) Class: 7K(128K)->7K(128K)
[2026-06-17T10:04:47.878+0800][29.781s][info][gc             ] GC(579) Pause Young (Allocation Failure) 48M->34M(61M) 9.667ms
[2026-06-17T10:04:47.879+0800][29.781s][info][gc,cpu         ] GC(579) User=0.00s Sys=0.00s Real=0.01s
[2026-06-17T10:04:47.923+0800][29.825s][info][gc,start       ] GC(580) Pause Young (Allocation Failure)
[2026-06-17T10:04:47.925+0800][29.827s][info][gc,heap        ] GC(580) DefNew: 19618K(19648K)->2130K(19648K) Eden: 17444K(17472K)->0K(17472K) From: 2173K(2176K)->2130K(2176K)
[2026-06-17T10:04:47.927+0800][29.829s][info][gc,heap        ] GC(580) Tenured: 33014K(43712K)->38334K(43712K)
[2026-06-17T10:04:47.928+0800][29.830s][info][gc,metaspace   ] GC(580) Metaspace: 116K(320K)->116K(320K) NonClass: 109K(192K)->109K(192K) Class: 7K(128K)->7K(128K)
[2026-06-17T10:04:47.928+0800][29.830s][info][gc             ] GC(580) Pause Young (Allocation Failure) 51M->39M(61M) 5.363ms
[2026-06-17T10:04:47.929+0800][29.831s][info][gc,cpu         ] GC(580) User=0.00s Sys=0.00s Real=0.00s
[2026-06-17T10:04:47.971+0800][29.873s][info][gc,start       ] GC(581) Pause Full (Allocation Failure)
[2026-06-17T10:04:47.974+0800][29.876s][info][gc,phases,start] GC(581) Phase 1: Mark live objects
[2026-06-17T10:04:47.976+0800][29.878s][info][gc,phases      ] GC(581) Phase 1: Mark live objects 1.302ms
[2026-06-17T10:04:47.978+0800][29.880s][info][gc,phases,start] GC(581) Phase 2: Compute new object addresses
[2026-06-17T10:04:47.979+0800][29.881s][info][gc,phases      ] GC(581) Phase 2: Compute new object addresses 0.851ms
[2026-06-17T10:04:47.981+0800][29.883s][info][gc,phases,start] GC(581) Phase 3: Adjust pointers
[2026-06-17T10:04:47.983+0800][29.885s][info][gc,phases      ] GC(581) Phase 3: Adjust pointers 1.900ms
[2026-06-17T10:04:47.984+0800][29.886s][info][gc,phases,start] GC(581) Phase 4: Move objects
[2026-06-17T10:04:47.988+0800][29.890s][info][gc,phases      ] GC(581) Phase 4: Move objects 3.955ms
[2026-06-17T10:04:47.990+0800][29.892s][info][gc,heap        ] GC(581) DefNew: 19602K(19648K)->0K(19648K) Eden: 17472K(17472K)->0K(17472K) From: 2130K(2176K)->0K(2176K)
[2026-06-17T10:04:47.992+0800][29.895s][info][gc,heap        ] GC(581) Tenured: 38334K(43712K)->29454K(43712K)
[2026-06-17T10:04:47.994+0800][29.897s][info][gc,metaspace   ] GC(581) Metaspace: 116K(320K)->116K(320K) NonClass: 109K(192K)->109K(192K) Class: 7K(128K)->7K(128K)
[2026-06-17T10:04:47.995+0800][29.898s][info][gc             ] GC(581) Pause Full (Allocation Failure) 56M->28M(61M) 24.571ms
[2026-06-17T10:04:47.998+0800][29.900s][info][gc,cpu         ] GC(581) User=0.00s Sys=0.01s Real=0.02s
[2026-06-17T10:04:48.041+0800][29.943s][info][gc,start       ] GC(582) Pause Young (Allocation Failure)
[2026-06-17T10:04:48.042+0800][29.944s][info][gc,heap        ] GC(582) DefNew: 17249K(19648K)->2162K(19648K) Eden: 17249K(17472K)->0K(17472K) From: 0K(2176K)->2162K(2176K)
[2026-06-17T10:04:48.043+0800][29.945s][info][gc,heap        ] GC(582) Tenured: 29454K(43712K)->30462K(43712K)
[2026-06-17T10:04:48.045+0800][29.947s][info][gc,metaspace   ] GC(582) Metaspace: 116K(320K)->116K(320K) NonClass: 109K(192K)->109K(192K) Class: 7K(128K)->7K(128K)
[2026-06-17T10:04:48.046+0800][29.948s][info][gc             ] GC(582) Pause Young (Allocation Failure) 45M->31M(61M) 5.232ms
[2026-06-17T10:04:48.047+0800][29.949s][info][gc,cpu         ] GC(582) User=0.00s Sys=0.00s Real=0.01s
[2026-06-17T10:04:48.090+0800][29.992s][info][gc,start       ] GC(583) Pause Young (Allocation Failure)
[2026-06-17T10:04:48.091+0800][29.993s][info][gc,heap        ] GC(583) DefNew: 19073K(19648K)->2105K(19648K) Eden: 16910K(17472K)->0K(17472K) From: 2162K(2176K)->2105K(2176K)
[2026-06-17T10:04:48.091+0800][29.993s][info][gc,heap        ] GC(583) Tenured: 30462K(43712K)->33551K(43712K)
[2026-06-17T10:04:48.091+0800][29.993s][info][gc,metaspace   ] GC(583) Metaspace: 116K(320K)->116K(320K) NonClass: 109K(192K)->109K(192K) Class: 7K(128K)->7K(128K)
[2026-06-17T10:04:48.091+0800][29.994s][info][gc             ] GC(583) Pause Young (Allocation Failure) 48M->34M(61M) 1.787ms
[2026-06-17T10:04:48.092+0800][29.994s][info][gc,cpu         ] GC(583) User=0.00s Sys=0.00s Real=0.01s
[2026-06-17T10:04:48.144+0800][30.046s][info][gc,start       ] GC(584) Pause Young (Allocation Failure)
[2026-06-17T10:04:48.145+0800][30.047s][info][gc,heap        ] GC(584) DefNew: 19577K(19648K)->2078K(19648K) Eden: 17472K(17472K)->0K(17472K) From: 2105K(2176K)->2078K(2176K)
[2026-06-17T10:04:48.145+0800][30.048s][info][gc,heap        ] GC(584) Tenured: 33551K(43712K)->37391K(43712K)
[2026-06-17T10:04:48.146+0800][30.048s][info][gc,metaspace   ] GC(584) Metaspace: 116K(320K)->116K(320K) NonClass: 109K(192K)->109K(192K) Class: 7K(128K)->7K(128K)
[2026-06-17T10:04:48.146+0800][30.048s][info][gc             ] GC(584) Pause Young (Allocation Failure) 51M->38M(61M) 2.111ms
[2026-06-17T10:04:48.146+0800][30.048s][info][gc,cpu         ] GC(584) User=0.00s Sys=0.00s Real=0.00s
[2026-06-17T10:04:48.189+0800][30.091s][info][gc,start       ] GC(585) Pause Full (Allocation Failure)
[2026-06-17T10:04:48.189+0800][30.091s][info][gc,phases,start] GC(585) Phase 1: Mark live objects
[2026-06-17T10:04:48.190+0800][30.092s][info][gc,phases      ] GC(585) Phase 1: Mark live objects 0.914ms
[2026-06-17T10:04:48.191+0800][30.093s][info][gc,phases,start] GC(585) Phase 2: Compute new object addresses
[2026-06-17T10:04:48.191+0800][30.093s][info][gc,phases      ] GC(585) Phase 2: Compute new object addresses 0.558ms
[2026-06-17T10:04:48.192+0800][30.094s][info][gc,phases,start] GC(585) Phase 3: Adjust pointers
[2026-06-17T10:04:48.192+0800][30.094s][info][gc,phases      ] GC(585) Phase 3: Adjust pointers 0.649ms
[2026-06-17T10:04:48.192+0800][30.095s][info][gc,phases,start] GC(585) Phase 4: Move objects
[2026-06-17T10:04:48.195+0800][30.097s][info][gc,phases      ] GC(585) Phase 4: Move objects 2.254ms
[2026-06-17T10:04:48.195+0800][30.097s][info][gc,heap        ] GC(585) DefNew: 19550K(19648K)->0K(19648K) Eden: 17472K(17472K)->0K(17472K) From: 2078K(2176K)->0K(2176K)
[2026-06-17T10:04:48.195+0800][30.097s][info][gc,heap        ] GC(585) Tenured: 37391K(43712K)->30563K(43712K)
[2026-06-17T10:04:48.195+0800][30.098s][info][gc,metaspace   ] GC(585) Metaspace: 116K(320K)->116K(320K) NonClass: 109K(192K)->109K(192K) Class: 7K(128K)->7K(128K)
[2026-06-17T10:04:48.196+0800][30.098s][info][gc             ] GC(585) Pause Full (Allocation Failure) 55M->29M(61M) 6.781ms
[2026-06-17T10:04:48.196+0800][30.098s][info][gc,cpu         ] GC(585) User=0.01s Sys=0.00s Real=0.01s
[2026-06-17T10:04:48.238+0800][30.140s][info][gc,start       ] GC(586) Pause Young (Allocation Failure)
[2026-06-17T10:04:48.239+0800][30.141s][info][gc,heap        ] GC(586) DefNew: 17462K(19648K)->2169K(19648K) Eden: 17462K(17472K)->0K(17472K) From: 0K(2176K)->2169K(2176K)
[2026-06-17T10:04:48.239+0800][30.142s][info][gc,heap        ] GC(586) Tenured: 30563K(43712K)->34695K(43712K)
[2026-06-17T10:04:48.240+0800][30.142s][info][gc,metaspace   ] GC(586) Metaspace: 116K(320K)->116K(320K) NonClass: 109K(192K)->109K(192K) Class: 7K(128K)->7K(128K)
[2026-06-17T10:04:48.240+0800][30.142s][info][gc             ] GC(586) Pause Young (Allocation Failure) 46M->36M(61M) 1.776ms
[2026-06-17T10:04:48.240+0800][30.142s][info][gc,cpu         ] GC(586) User=0.00s Sys=0.00s Real=0.00s
[2026-06-17T10:04:48.282+0800][30.184s][info][gc,start       ] GC(587) Pause Young (Allocation Failure)
[2026-06-17T10:04:48.283+0800][30.185s][info][gc,heap        ] GC(587) DefNew: 19641K(19648K)->2063K(19648K) Eden: 17471K(17472K)->0K(17472K) From: 2169K(2176K)->2063K(2176K)
[2026-06-17T10:04:48.284+0800][30.186s][info][gc,heap        ] GC(587) Tenured: 34695K(43712K)->36864K(43712K)
[2026-06-17T10:04:48.284+0800][30.186s][info][gc,metaspace   ] GC(587) Metaspace: 116K(320K)->116K(320K) NonClass: 109K(192K)->109K(192K) Class: 7K(128K)->7K(128K)
[2026-06-17T10:04:48.284+0800][30.186s][info][gc             ] GC(587) Pause Young (Allocation Failure) 53M->38M(61M) 1.999ms
[2026-06-17T10:04:48.284+0800][30.187s][info][gc,cpu         ] GC(587) User=0.00s Sys=0.00s Real=0.01s
[2026-06-17T10:04:48.326+0800][30.229s][info][gc,start       ] GC(588) Pause Young (Allocation Failure)
[2026-06-17T10:04:48.328+0800][30.231s][info][gc,heap        ] GC(588) DefNew: 19535K(19648K)->2173K(19648K) Eden: 17472K(17472K)->0K(17472K) From: 2063K(2176K)->2173K(2176K)
[2026-06-17T10:04:48.329+0800][30.231s][info][gc,heap        ] GC(588) Tenured: 36864K(43712K)->43556K(43712K)
[2026-06-17T10:04:48.329+0800][30.231s][info][gc,metaspace   ] GC(588) Metaspace: 116K(320K)->116K(320K) NonClass: 109K(192K)->109K(192K) Class: 7K(128K)->7K(128K)
[2026-06-17T10:04:48.329+0800][30.231s][info][gc             ] GC(588) Pause Young (Allocation Failure) 55M->44M(61M) 2.896ms
[2026-06-17T10:04:48.329+0800][30.232s][info][gc,cpu         ] GC(588) User=0.01s Sys=0.00s Real=0.00s
[2026-06-17T10:04:48.382+0800][30.284s][info][gc,start       ] GC(589) Pause Full (Allocation Failure)
[2026-06-17T10:04:48.382+0800][30.284s][info][gc,phases,start] GC(589) Phase 1: Mark live objects
[2026-06-17T10:04:48.383+0800][30.285s][info][gc,phases      ] GC(589) Phase 1: Mark live objects 0.907ms
[2026-06-17T10:04:48.383+0800][30.286s][info][gc,phases,start] GC(589) Phase 2: Compute new object addresses
[2026-06-17T10:04:48.384+0800][30.286s][info][gc,phases      ] GC(589) Phase 2: Compute new object addresses 0.453ms
[2026-06-17T10:04:48.384+0800][30.286s][info][gc,phases,start] GC(589) Phase 3: Adjust pointers
[2026-06-17T10:04:48.384+0800][30.287s][info][gc,phases      ] GC(589) Phase 3: Adjust pointers 0.433ms
[2026-06-17T10:04:48.385+0800][30.287s][info][gc,phases,start] GC(589) Phase 4: Move objects
[2026-06-17T10:04:48.387+0800][30.289s][info][gc,phases      ] GC(589) Phase 4: Move objects 1.918ms
[2026-06-17T10:04:48.387+0800][30.290s][info][gc,heap        ] GC(589) DefNew: 19645K(19648K)->0K(19648K) Eden: 17472K(17472K)->0K(17472K) From: 2173K(2176K)->0K(2176K)
[2026-06-17T10:04:48.388+0800][30.290s][info][gc,heap        ] GC(589) Tenured: 43556K(43712K)->30805K(43712K)
[2026-06-17T10:04:48.388+0800][30.290s][info][gc,metaspace   ] GC(589) Metaspace: 116K(320K)->116K(320K) NonClass: 109K(192K)->109K(192K) Class: 7K(128K)->7K(128K)
[2026-06-17T10:04:48.388+0800][30.290s][info][gc             ] GC(589) Pause Full (Allocation Failure) 61M->30M(61M) 6.213ms
[2026-06-17T10:04:48.388+0800][30.290s][info][gc,cpu         ] GC(589) User=0.00s Sys=0.00s Real=0.01s
[2026-06-17T10:04:48.430+0800][30.332s][info][gc,start       ] GC(590) Pause Young (Allocation Failure)
[2026-06-17T10:04:48.431+0800][30.333s][info][gc,heap        ] GC(590) DefNew: 17472K(19648K)->2173K(19648K) Eden: 17472K(17472K)->0K(17472K) From: 0K(2176K)->2173K(2176K)
[2026-06-17T10:04:48.431+0800][30.334s][info][gc,heap        ] GC(590) Tenured: 30805K(43712K)->35920K(43712K)
[2026-06-17T10:04:48.432+0800][30.334s][info][gc,metaspace   ] GC(590) Metaspace: 116K(320K)->116K(320K) NonClass: 109K(192K)->109K(192K) Class: 7K(128K)->7K(128K)
[2026-06-17T10:04:48.432+0800][30.334s][info][gc             ] GC(590) Pause Young (Allocation Failure) 47M->37M(61M) 1.623ms
[2026-06-17T10:04:48.432+0800][30.334s][info][gc,cpu         ] GC(590) User=0.00s Sys=0.00s Real=0.01s
[2026-06-17T10:04:48.474+0800][30.376s][info][gc,start       ] GC(591) Pause Young (Allocation Failure)
[2026-06-17T10:04:48.475+0800][30.377s][info][gc,heap        ] GC(591) DefNew: 19645K(19648K)->2163K(19648K) Eden: 17472K(17472K)->0K(17472K) From: 2173K(2176K)->2163K(2176K)
[2026-06-17T10:04:48.475+0800][30.378s][info][gc,heap        ] GC(591) Tenured: 35920K(43712K)->40210K(43712K)
[2026-06-17T10:04:48.476+0800][30.378s][info][gc,metaspace   ] GC(591) Metaspace: 116K(320K)->116K(320K) NonClass: 109K(192K)->109K(192K) Class: 7K(128K)->7K(128K)
[2026-06-17T10:04:48.476+0800][30.378s][info][gc             ] GC(591) Pause Young (Allocation Failure) 54M->41M(61M) 1.740ms
[2026-06-17T10:04:48.476+0800][30.378s][info][gc,cpu         ] GC(591) User=0.00s Sys=0.00s Real=0.00s
[2026-06-17T10:04:48.518+0800][30.420s][info][gc,start       ] GC(592) Pause Full (Allocation Failure)
[2026-06-17T10:04:48.519+0800][30.421s][info][gc,phases,start] GC(592) Phase 1: Mark live objects
[2026-06-17T10:04:48.520+0800][30.422s][info][gc,phases      ] GC(592) Phase 1: Mark live objects 1.062ms
[2026-06-17T10:04:48.523+0800][30.426s][info][gc,phases,start] GC(592) Phase 2: Compute new object addresses
[2026-06-17T10:04:48.524+0800][30.426s][info][gc,phases      ] GC(592) Phase 2: Compute new object addresses 0.727ms
[2026-06-17T10:04:48.525+0800][30.427s][info][gc,phases,start] GC(592) Phase 3: Adjust pointers
[2026-06-17T10:04:48.525+0800][30.427s][info][gc,phases      ] GC(592) Phase 3: Adjust pointers 0.572ms
[2026-06-17T10:04:48.525+0800][30.428s][info][gc,phases,start] GC(592) Phase 4: Move objects
[2026-06-17T10:04:48.528+0800][30.430s][info][gc,phases      ] GC(592) Phase 4: Move objects 2.702ms
[2026-06-17T10:04:48.529+0800][30.431s][info][gc,heap        ] GC(592) DefNew: 19635K(19648K)->0K(19648K) Eden: 17472K(17472K)->0K(17472K) From: 2163K(2176K)->0K(2176K)
[2026-06-17T10:04:48.529+0800][30.431s][info][gc,heap        ] GC(592) Tenured: 40210K(43712K)->26790K(43712K)
[2026-06-17T10:04:48.529+0800][30.431s][info][gc,metaspace   ] GC(592) Metaspace: 116K(320K)->116K(320K) NonClass: 109K(192K)->109K(192K) Class: 7K(128K)->7K(128K)
[2026-06-17T10:04:48.530+0800][30.432s][info][gc             ] GC(592) Pause Full (Allocation Failure) 58M->26M(61M) 11.216ms
[2026-06-17T10:04:48.530+0800][30.432s][info][gc,cpu         ] GC(592) User=0.00s Sys=0.00s Real=0.01s
[2026-06-17T10:04:48.572+0800][30.474s][info][gc,start       ] GC(593) Pause Young (Allocation Failure)
[2026-06-17T10:04:48.573+0800][30.475s][info][gc,heap        ] GC(593) DefNew: 17443K(19648K)->2163K(19648K) Eden: 17443K(17472K)->0K(17472K) From: 0K(2176K)->2163K(2176K)
[2026-06-17T10:04:48.574+0800][30.476s][info][gc,heap        ] GC(593) Tenured: 26790K(43712K)->31568K(43712K)
[2026-06-17T10:04:48.574+0800][30.476s][info][gc,metaspace   ] GC(593) Metaspace: 116K(320K)->116K(320K) NonClass: 109K(192K)->109K(192K) Class: 7K(128K)->7K(128K)
[2026-06-17T10:04:48.574+0800][30.477s][info][gc             ] GC(593) Pause Young (Allocation Failure) 43M->32M(61M) 2.244ms
[2026-06-17T10:04:48.575+0800][30.477s][info][gc,cpu         ] GC(593) User=0.00s Sys=0.00s Real=0.00s
[2026-06-17T10:04:48.627+0800][30.530s][info][gc,start       ] GC(594) Pause Young (Allocation Failure)
[2026-06-17T10:04:48.628+0800][30.531s][info][gc,heap        ] GC(594) DefNew: 19635K(19648K)->2032K(19648K) Eden: 17472K(17472K)->0K(17472K) From: 2163K(2176K)->2032K(2176K)
[2026-06-17T10:04:48.629+0800][30.531s][info][gc,heap        ] GC(594) Tenured: 31568K(43712K)->32328K(43712K)
[2026-06-17T10:04:48.630+0800][30.532s][info][gc,metaspace   ] GC(594) Metaspace: 116K(320K)->116K(320K) NonClass: 109K(192K)->109K(192K) Class: 7K(128K)->7K(128K)
[2026-06-17T10:04:48.630+0800][30.532s][info][gc             ] GC(594) Pause Young (Allocation Failure) 50M->33M(61M) 2.330ms
[2026-06-17T10:04:48.630+0800][30.532s][info][gc,cpu         ] GC(594) User=0.00s Sys=0.00s Real=0.00s
[2026-06-17T10:04:48.662+0800][30.565s][info][gc,start       ] GC(595) Pause Young (Allocation Failure)
[2026-06-17T10:04:48.696+0800][30.598s][info][gc,heap        ] GC(595) DefNew: 19463K(19648K)->2055K(19648K) Eden: 17431K(17472K)->0K(17472K) From: 2032K(2176K)->2055K(2176K)
[2026-06-17T10:04:48.697+0800][30.599s][info][gc,heap        ] GC(595) Tenured: 32328K(43712K)->35581K(43712K)
[2026-06-17T10:04:48.697+0800][30.599s][info][gc,metaspace   ] GC(595) Metaspace: 116K(320K)->116K(320K) NonClass: 109K(192K)->109K(192K) Class: 7K(128K)->7K(128K)
[2026-06-17T10:04:48.700+0800][30.602s][info][gc             ] GC(595) Pause Young (Allocation Failure) 50M->36M(61M) 37.157ms
[2026-06-17T10:04:48.701+0800][30.603s][info][gc,cpu         ] GC(595) User=0.00s Sys=0.00s Real=0.03s
[2026-06-17T10:04:48.745+0800][30.647s][info][gc,start       ] GC(596) Pause Young (Allocation Failure)
[2026-06-17T10:04:48.746+0800][30.648s][info][gc,heap        ] GC(596) DefNew: 19515K(19648K)->2173K(19648K) Eden: 17460K(17472K)->0K(17472K) From: 2055K(2176K)->2173K(2176K)
[2026-06-17T10:04:48.747+0800][30.649s][info][gc,heap        ] GC(596) Tenured: 35581K(43712K)->42307K(43712K)
[2026-06-17T10:04:48.747+0800][30.649s][info][gc,metaspace   ] GC(596) Metaspace: 116K(320K)->116K(320K) NonClass: 109K(192K)->109K(192K) Class: 7K(128K)->7K(128K)
[2026-06-17T10:04:48.748+0800][30.650s][info][gc             ] GC(596) Pause Young (Allocation Failure) 53M->43M(61M) 3.014ms
[2026-06-17T10:04:48.748+0800][30.650s][info][gc,cpu         ] GC(596) User=0.00s Sys=0.00s Real=0.00s
[2026-06-17T10:04:48.801+0800][30.703s][info][gc,start       ] GC(597) Pause Full (Allocation Failure)
[2026-06-17T10:04:48.802+0800][30.704s][info][gc,phases,start] GC(597) Phase 1: Mark live objects
[2026-06-17T10:04:48.803+0800][30.705s][info][gc,phases      ] GC(597) Phase 1: Mark live objects 0.961ms
[2026-06-17T10:04:48.803+0800][30.705s][info][gc,phases,start] GC(597) Phase 2: Compute new object addresses
[2026-06-17T10:04:48.804+0800][30.706s][info][gc,phases      ] GC(597) Phase 2: Compute new object addresses 0.761ms
[2026-06-17T10:04:48.804+0800][30.706s][info][gc,phases,start] GC(597) Phase 3: Adjust pointers
[2026-06-17T10:04:48.805+0800][30.708s][info][gc,phases      ] GC(597) Phase 3: Adjust pointers 1.179ms
[2026-06-17T10:04:48.806+0800][30.708s][info][gc,phases,start] GC(597) Phase 4: Move objects
[2026-06-17T10:04:48.809+0800][30.711s][info][gc,phases      ] GC(597) Phase 4: Move objects 2.698ms
[2026-06-17T10:04:48.809+0800][30.711s][info][gc,heap        ] GC(597) DefNew: 19636K(19648K)->0K(19648K) Eden: 17463K(17472K)->0K(17472K) From: 2173K(2176K)->0K(2176K)
[2026-06-17T10:04:48.810+0800][30.712s][info][gc,heap        ] GC(597) Tenured: 42307K(43712K)->30329K(43712K)
[2026-06-17T10:04:48.810+0800][30.712s][info][gc,metaspace   ] GC(597) Metaspace: 116K(320K)->116K(320K) NonClass: 109K(192K)->109K(192K) Class: 7K(128K)->7K(128K)
[2026-06-17T10:04:48.810+0800][30.713s][info][gc             ] GC(597) Pause Full (Allocation Failure) 60M->29M(61M) 9.185ms
[2026-06-17T10:04:48.811+0800][30.713s][info][gc,cpu         ] GC(597) User=0.01s Sys=0.00s Real=0.02s
[2026-06-17T10:04:48.853+0800][30.756s][info][gc,start       ] GC(598) Pause Young (Allocation Failure)
[2026-06-17T10:04:48.855+0800][30.757s][info][gc,heap        ] GC(598) DefNew: 17465K(19648K)->2171K(19648K) Eden: 17465K(17472K)->0K(17472K) From: 0K(2176K)->2171K(2176K)
[2026-06-17T10:04:48.856+0800][30.758s][info][gc,heap        ] GC(598) Tenured: 30329K(43712K)->35313K(43712K)
[2026-06-17T10:04:48.856+0800][30.758s][info][gc,metaspace   ] GC(598) Metaspace: 116K(320K)->116K(320K) NonClass: 109K(192K)->109K(192K) Class: 7K(128K)->7K(128K)
[2026-06-17T10:04:48.857+0800][30.759s][info][gc             ] GC(598) Pause Young (Allocation Failure) 46M->36M(61M) 3.275ms
[2026-06-17T10:04:48.857+0800][30.760s][info][gc,cpu         ] GC(598) User=0.00s Sys=0.00s Real=0.00s
[2026-06-17T10:04:48.900+0800][30.802s][info][gc,start       ] GC(599) Pause Young (Allocation Failure)
[2026-06-17T10:04:48.902+0800][30.804s][info][gc,heap        ] GC(599) DefNew: 19643K(19648K)->2174K(19648K) Eden: 17472K(17472K)->0K(17472K) From: 2171K(2176K)->2174K(2176K)
[2026-06-17T10:04:48.904+0800][30.806s][info][gc,heap        ] GC(599) Tenured: 35313K(43712K)->39954K(43712K)
[2026-06-17T10:04:48.905+0800][30.807s][info][gc,metaspace   ] GC(599) Metaspace: 116K(320K)->116K(320K) NonClass: 109K(192K)->109K(192K) Class: 7K(128K)->7K(128K)
[2026-06-17T10:04:48.905+0800][30.807s][info][gc             ] GC(599) Pause Young (Allocation Failure) 53M->41M(61M) 4.846ms
[2026-06-17T10:04:48.905+0800][30.807s][info][gc,cpu         ] GC(599) User=0.00s Sys=0.00s Real=0.01s
[2026-06-17T10:04:48.947+0800][30.849s][info][gc,start       ] GC(600) Pause Full (Allocation Failure)
[2026-06-17T10:04:48.948+0800][30.850s][info][gc,phases,start] GC(600) Phase 1: Mark live objects
[2026-06-17T10:04:48.949+0800][30.851s][info][gc,phases      ] GC(600) Phase 1: Mark live objects 0.841ms
[2026-06-17T10:04:48.949+0800][30.851s][info][gc,phases,start] GC(600) Phase 2: Compute new object addresses
[2026-06-17T10:04:48.949+0800][30.852s][info][gc,phases      ] GC(600) Phase 2: Compute new object addresses 0.498ms
[2026-06-17T10:04:48.950+0800][30.852s][info][gc,phases,start] GC(600) Phase 3: Adjust pointers
[2026-06-17T10:04:48.951+0800][30.853s][info][gc,phases      ] GC(600) Phase 3: Adjust pointers 1.047ms
[2026-06-17T10:04:48.955+0800][30.857s][info][gc,phases,start] GC(600) Phase 4: Move objects
[2026-06-17T10:04:48.963+0800][30.865s][info][gc,phases      ] GC(600) Phase 4: Move objects 8.032ms
[2026-06-17T10:04:48.968+0800][30.870s][info][gc,heap        ] GC(600) DefNew: 19572K(19648K)->0K(19648K) Eden: 17397K(17472K)->0K(17472K) From: 2174K(2176K)->0K(2176K)
[2026-06-17T10:04:48.972+0800][30.874s][info][gc,heap        ] GC(600) Tenured: 39954K(43712K)->28536K(43712K)
[2026-06-17T10:04:48.976+0800][30.878s][info][gc,metaspace   ] GC(600) Metaspace: 116K(320K)->116K(320K) NonClass: 109K(192K)->109K(192K) Class: 7K(128K)->7K(128K)
[2026-06-17T10:04:48.980+0800][30.882s][info][gc             ] GC(600) Pause Full (Allocation Failure) 58M->27M(61M) 32.569ms
[2026-06-17T10:04:48.983+0800][30.885s][info][gc,cpu         ] GC(600) User=0.00s Sys=0.01s Real=0.04s
[2026-06-17T10:04:49.026+0800][30.928s][info][gc,start       ] GC(601) Pause Young (Allocation Failure)
[2026-06-17T10:04:49.027+0800][30.929s][info][gc,heap        ] GC(601) DefNew: 17472K(19648K)->2174K(19648K) Eden: 17472K(17472K)->0K(17472K) From: 0K(2176K)->2174K(2176K)
[2026-06-17T10:04:49.027+0800][30.929s][info][gc,heap        ] GC(601) Tenured: 28536K(43712K)->33609K(43712K)
[2026-06-17T10:04:49.028+0800][30.930s][info][gc,metaspace   ] GC(601) Metaspace: 116K(320K)->116K(320K) NonClass: 109K(192K)->109K(192K) Class: 7K(128K)->7K(128K)
[2026-06-17T10:04:49.028+0800][30.930s][info][gc             ] GC(601) Pause Young (Allocation Failure) 44M->34M(61M) 2.482ms
[2026-06-17T10:04:49.029+0800][30.931s][info][gc,cpu         ] GC(601) User=0.01s Sys=0.00s Real=0.00s
[2026-06-17T10:04:49.081+0800][30.983s][info][gc,start       ] GC(602) Pause Young (Allocation Failure)
[2026-06-17T10:04:49.082+0800][30.984s][info][gc,heap        ] GC(602) DefNew: 19620K(19648K)->1939K(19648K) Eden: 17446K(17472K)->0K(17472K) From: 2174K(2176K)->1939K(2176K)
[2026-06-17T10:04:49.083+0800][30.985s][info][gc,heap        ] GC(602) Tenured: 33609K(43712K)->37201K(43712K)
[2026-06-17T10:04:49.083+0800][30.985s][info][gc,metaspace   ] GC(602) Metaspace: 116K(320K)->116K(320K) NonClass: 109K(192K)->109K(192K) Class: 7K(128K)->7K(128K)
[2026-06-17T10:04:49.083+0800][30.985s][info][gc             ] GC(602) Pause Young (Allocation Failure) 51M->38M(61M) 1.988ms
[2026-06-17T10:04:49.084+0800][30.986s][info][gc,cpu         ] GC(602) User=0.00s Sys=0.00s Real=0.01s
[2026-06-17T10:04:49.126+0800][31.028s][info][gc,start       ] GC(603) Pause Full (Allocation Failure)
[2026-06-17T10:04:49.127+0800][31.029s][info][gc,phases,start] GC(603) Phase 1: Mark live objects
[2026-06-17T10:04:49.128+0800][31.030s][info][gc,phases      ] GC(603) Phase 1: Mark live objects 1.155ms
[2026-06-17T10:04:49.128+0800][31.030s][info][gc,phases,start] GC(603) Phase 2: Compute new object addresses
[2026-06-17T10:04:49.129+0800][31.031s][info][gc,phases      ] GC(603) Phase 2: Compute new object addresses 0.501ms
[2026-06-17T10:04:49.129+0800][31.031s][info][gc,phases,start] GC(603) Phase 3: Adjust pointers
[2026-06-17T10:04:49.129+0800][31.032s][info][gc,phases      ] GC(603) Phase 3: Adjust pointers 0.522ms
[2026-06-17T10:04:49.130+0800][31.032s][info][gc,phases,start] GC(603) Phase 4: Move objects
[2026-06-17T10:04:49.132+0800][31.034s][info][gc,phases      ] GC(603) Phase 4: Move objects 2.255ms
[2026-06-17T10:04:49.133+0800][31.035s][info][gc,heap        ] GC(603) DefNew: 19386K(19648K)->0K(19648K) Eden: 17447K(17472K)->0K(17472K) From: 1939K(2176K)->0K(2176K)
[2026-06-17T10:04:49.133+0800][31.035s][info][gc,heap        ] GC(603) Tenured: 37201K(43712K)->30401K(43712K)
[2026-06-17T10:04:49.135+0800][31.037s][info][gc,metaspace   ] GC(603) Metaspace: 116K(320K)->116K(320K) NonClass: 109K(192K)->109K(192K) Class: 7K(128K)->7K(128K)
[2026-06-17T10:04:49.137+0800][31.040s][info][gc             ] GC(603) Pause Full (Allocation Failure) 55M->29M(61M) 11.487ms
[2026-06-17T10:04:49.139+0800][31.041s][info][gc,cpu         ] GC(603) User=0.00s Sys=0.00s Real=0.01s
[2026-06-17T10:04:49.183+0800][31.085s][info][gc,start       ] GC(604) Pause Young (Allocation Failure)
[2026-06-17T10:04:49.184+0800][31.086s][info][gc,heap        ] GC(604) DefNew: 17458K(19648K)->2170K(19648K) Eden: 17458K(17472K)->0K(17472K) From: 0K(2176K)->2170K(2176K)
[2026-06-17T10:04:49.185+0800][31.087s][info][gc,heap        ] GC(604) Tenured: 30401K(43712K)->35361K(43712K)
[2026-06-17T10:04:49.185+0800][31.087s][info][gc,metaspace   ] GC(604) Metaspace: 116K(320K)->116K(320K) NonClass: 109K(192K)->109K(192K) Class: 7K(128K)->7K(128K)
[2026-06-17T10:04:49.185+0800][31.087s][info][gc             ] GC(604) Pause Young (Allocation Failure) 46M->36M(61M) 2.169ms
[2026-06-17T10:04:49.185+0800][31.088s][info][gc,cpu         ] GC(604) User=0.00s Sys=0.00s Real=0.00s
[2026-06-17T10:04:49.228+0800][31.130s][info][gc,start       ] GC(605) Pause Young (Allocation Failure)
[2026-06-17T10:04:49.228+0800][31.131s][info][gc,heap        ] GC(605) DefNew: 19619K(19648K)->2132K(19648K) Eden: 17448K(17472K)->0K(17472K) From: 2170K(2176K)->2132K(2176K)
[2026-06-17T10:04:49.229+0800][31.131s][info][gc,heap        ] GC(605) Tenured: 35361K(43712K)->37531K(43712K)
[2026-06-17T10:04:49.229+0800][31.131s][info][gc,metaspace   ] GC(605) Metaspace: 116K(320K)->116K(320K) NonClass: 109K(192K)->109K(192K) Class: 7K(128K)->7K(128K)
[2026-06-17T10:04:49.229+0800][31.132s][info][gc             ] GC(605) Pause Young (Allocation Failure) 53M->38M(61M) 1.811ms
[2026-06-17T10:04:49.230+0800][31.132s][info][gc,cpu         ] GC(605) User=0.00s Sys=0.00s Real=0.00s
[2026-06-17T10:04:49.272+0800][31.174s][info][gc,start       ] GC(606) Pause Full (Allocation Failure)
[2026-06-17T10:04:49.273+0800][31.175s][info][gc,phases,start] GC(606) Phase 1: Mark live objects
[2026-06-17T10:04:49.274+0800][31.176s][info][gc,phases      ] GC(606) Phase 1: Mark live objects 1.063ms
[2026-06-17T10:04:49.274+0800][31.176s][info][gc,phases,start] GC(606) Phase 2: Compute new object addresses
[2026-06-17T10:04:49.275+0800][31.177s][info][gc,phases      ] GC(606) Phase 2: Compute new object addresses 0.539ms
[2026-06-17T10:04:49.275+0800][31.177s][info][gc,phases,start] GC(606) Phase 3: Adjust pointers
[2026-06-17T10:04:49.275+0800][31.177s][info][gc,phases      ] GC(606) Phase 3: Adjust pointers 0.522ms
[2026-06-17T10:04:49.275+0800][31.178s][info][gc,phases,start] GC(606) Phase 4: Move objects
[2026-06-17T10:04:49.278+0800][31.180s][info][gc,phases      ] GC(606) Phase 4: Move objects 2.084ms
[2026-06-17T10:04:49.278+0800][31.180s][info][gc,heap        ] GC(606) DefNew: 19571K(19648K)->0K(19648K) Eden: 17439K(17472K)->0K(17472K) From: 2132K(2176K)->0K(2176K)
[2026-06-17T10:04:49.278+0800][31.180s][info][gc,heap        ] GC(606) Tenured: 37531K(43712K)->31949K(43712K)
[2026-06-17T10:04:49.279+0800][31.181s][info][gc,metaspace   ] GC(606) Metaspace: 116K(320K)->116K(320K) NonClass: 109K(192K)->109K(192K) Class: 7K(128K)->7K(128K)
[2026-06-17T10:04:49.279+0800][31.181s][info][gc             ] GC(606) Pause Full (Allocation Failure) 55M->31M(61M) 6.750ms
[2026-06-17T10:04:49.279+0800][31.181s][info][gc,cpu         ] GC(606) User=0.00s Sys=0.00s Real=0.00s
[2026-06-17T10:04:49.332+0800][31.234s][info][gc,start       ] GC(607) Pause Young (Allocation Failure)
[2026-06-17T10:04:49.333+0800][31.235s][info][gc,heap        ] GC(607) DefNew: 17466K(19648K)->2146K(19648K) Eden: 17466K(17472K)->0K(17472K) From: 0K(2176K)->2146K(2176K)
[2026-06-17T10:04:49.333+0800][31.235s][info][gc,heap        ] GC(607) Tenured: 31949K(43712K)->33156K(43712K)
[2026-06-17T10:04:49.333+0800][31.235s][info][gc,metaspace   ] GC(607) Metaspace: 116K(320K)->116K(320K) NonClass: 109K(192K)->109K(192K) Class: 7K(128K)->7K(128K)
[2026-06-17T10:04:49.333+0800][31.235s][info][gc             ] GC(607) Pause Young (Allocation Failure) 48M->34M(61M) 1.587ms
[2026-06-17T10:04:49.334+0800][31.236s][info][gc,cpu         ] GC(607) User=0.00s Sys=0.00s Real=0.00s
[2026-06-17T10:04:49.366+0800][31.268s][info][gc,start       ] GC(608) Pause Young (Allocation Failure)
[2026-06-17T10:04:49.367+0800][31.269s][info][gc,heap        ] GC(608) DefNew: 19558K(19648K)->2077K(19648K) Eden: 17412K(17472K)->0K(17472K) From: 2146K(2176K)->2077K(2176K)
[2026-06-17T10:04:49.367+0800][31.269s][info][gc,heap        ] GC(608) Tenured: 33156K(43712K)->36397K(43712K)
[2026-06-17T10:04:49.367+0800][31.269s][info][gc,metaspace   ] GC(608) Metaspace: 116K(320K)->116K(320K) NonClass: 109K(192K)->109K(192K) Class: 7K(128K)->7K(128K)
[2026-06-17T10:04:49.368+0800][31.270s][info][gc             ] GC(608) Pause Young (Allocation Failure) 51M->37M(61M) 1.971ms
[2026-06-17T10:04:49.368+0800][31.270s][info][gc,cpu         ] GC(608) User=0.00s Sys=0.00s Real=0.00s
[2026-06-17T10:04:49.421+0800][31.323s][info][gc,start       ] GC(609) Pause Young (Allocation Failure)
[2026-06-17T10:04:49.422+0800][31.324s][info][gc,heap        ] GC(609) DefNew: 19549K(19648K)->1994K(19648K) Eden: 17472K(17472K)->0K(17472K) From: 2077K(2176K)->1994K(2176K)
[2026-06-17T10:04:49.422+0800][31.324s][info][gc,heap        ] GC(609) Tenured: 36397K(43712K)->40118K(43712K)
[2026-06-17T10:04:49.423+0800][31.325s][info][gc,metaspace   ] GC(609) Metaspace: 116K(320K)->116K(320K) NonClass: 109K(192K)->109K(192K) Class: 7K(128K)->7K(128K)
[2026-06-17T10:04:49.423+0800][31.325s][info][gc             ] GC(609) Pause Young (Allocation Failure) 54M->41M(61M) 2.531ms
[2026-06-17T10:04:49.424+0800][31.326s][info][gc,cpu         ] GC(609) User=0.00s Sys=0.00s Real=0.01s
[2026-06-17T10:04:49.466+0800][31.368s][info][gc,start       ] GC(610) Pause Full (Allocation Failure)
[2026-06-17T10:04:49.467+0800][31.369s][info][gc,phases,start] GC(610) Phase 1: Mark live objects
[2026-06-17T10:04:49.468+0800][31.370s][info][gc,phases      ] GC(610) Phase 1: Mark live objects 1.003ms
[2026-06-17T10:04:49.468+0800][31.370s][info][gc,phases,start] GC(610) Phase 2: Compute new object addresses
[2026-06-17T10:04:49.468+0800][31.371s][info][gc,phases      ] GC(610) Phase 2: Compute new object addresses 0.467ms
[2026-06-17T10:04:49.469+0800][31.371s][info][gc,phases,start] GC(610) Phase 3: Adjust pointers
[2026-06-17T10:04:49.469+0800][31.371s][info][gc,phases      ] GC(610) Phase 3: Adjust pointers 0.491ms
[2026-06-17T10:04:49.470+0800][31.372s][info][gc,phases,start] GC(610) Phase 4: Move objects
[2026-06-17T10:04:49.472+0800][31.374s][info][gc,phases      ] GC(610) Phase 4: Move objects 2.191ms
[2026-06-17T10:04:49.472+0800][31.374s][info][gc,heap        ] GC(610) DefNew: 19439K(19648K)->0K(19648K) Eden: 17444K(17472K)->0K(17472K) From: 1994K(2176K)->0K(2176K)
[2026-06-17T10:04:49.472+0800][31.375s][info][gc,heap        ] GC(610) Tenured: 40118K(43712K)->32065K(43712K)
[2026-06-17T10:04:49.473+0800][31.375s][info][gc,metaspace   ] GC(610) Metaspace: 116K(320K)->116K(320K) NonClass: 109K(192K)->109K(192K) Class: 7K(128K)->7K(128K)
[2026-06-17T10:04:49.473+0800][31.375s][info][gc             ] GC(610) Pause Full (Allocation Failure) 58M->31M(61M) 6.932ms
[2026-06-17T10:04:49.473+0800][31.375s][info][gc,cpu         ] GC(610) User=0.00s Sys=0.00s Real=0.01s
[2026-06-17T10:04:49.515+0800][31.418s][info][gc,start       ] GC(611) Pause Young (Allocation Failure)
[2026-06-17T10:04:49.516+0800][31.419s][info][gc,heap        ] GC(611) DefNew: 17446K(19648K)->2170K(19648K) Eden: 17446K(17472K)->0K(17472K) From: 0K(2176K)->2170K(2176K)
[2026-06-17T10:04:49.517+0800][31.419s][info][gc,heap        ] GC(611) Tenured: 32065K(43712K)->36453K(43712K)
[2026-06-17T10:04:49.517+0800][31.419s][info][gc,metaspace   ] GC(611) Metaspace: 116K(320K)->116K(320K) NonClass: 109K(192K)->109K(192K) Class: 7K(128K)->7K(128K)
[2026-06-17T10:04:49.518+0800][31.420s][info][gc             ] GC(611) Pause Young (Allocation Failure) 48M->37M(61M) 2.117ms
[2026-06-17T10:04:49.518+0800][31.420s][info][gc,cpu         ] GC(611) User=0.00s Sys=0.00s Real=0.00s
[2026-06-17T10:04:49.560+0800][31.462s][info][gc,start       ] GC(612) Pause Young (Allocation Failure)
[2026-06-17T10:04:49.561+0800][31.463s][info][gc,heap        ] GC(612) DefNew: 19609K(19648K)->2153K(19648K) Eden: 17439K(17472K)->0K(17472K) From: 2170K(2176K)->2153K(2176K)
[2026-06-17T10:04:49.562+0800][31.464s][info][gc,heap        ] GC(612) Tenured: 36453K(43712K)->40769K(43712K)
[2026-06-17T10:04:49.562+0800][31.464s][info][gc,metaspace   ] GC(612) Metaspace: 116K(320K)->116K(320K) NonClass: 109K(192K)->109K(192K) Class: 7K(128K)->7K(128K)
[2026-06-17T10:04:49.562+0800][31.465s][info][gc             ] GC(612) Pause Young (Allocation Failure) 54M->41M(61M) 2.193ms
[2026-06-17T10:04:49.563+0800][31.465s][info][gc,cpu         ] GC(612) User=0.00s Sys=0.00s Real=0.01s
[2026-06-17T10:04:49.605+0800][31.507s][info][gc,start       ] GC(613) Pause Full (Allocation Failure)
[2026-06-17T10:04:49.606+0800][31.508s][info][gc,phases,start] GC(613) Phase 1: Mark live objects
[2026-06-17T10:04:49.607+0800][31.509s][info][gc,phases      ] GC(613) Phase 1: Mark live objects 1.385ms
[2026-06-17T10:04:49.608+0800][31.510s][info][gc,phases,start] GC(613) Phase 2: Compute new object addresses
[2026-06-17T10:04:49.608+0800][31.510s][info][gc,phases      ] GC(613) Phase 2: Compute new object addresses 0.778ms
[2026-06-17T10:04:49.609+0800][31.511s][info][gc,phases,start] GC(613) Phase 3: Adjust pointers
[2026-06-17T10:04:49.609+0800][31.512s][info][gc,phases      ] GC(613) Phase 3: Adjust pointers 0.748ms
[2026-06-17T10:04:49.610+0800][31.512s][info][gc,phases,start] GC(613) Phase 4: Move objects
[2026-06-17T10:04:49.613+0800][31.515s][info][gc,phases      ] GC(613) Phase 4: Move objects 2.880ms
[2026-06-17T10:04:49.613+0800][31.515s][info][gc,heap        ] GC(613) DefNew: 19625K(19648K)->0K(19648K) Eden: 17472K(17472K)->0K(17472K) From: 2153K(2176K)->0K(2176K)
[2026-06-17T10:04:49.614+0800][31.516s][info][gc,heap        ] GC(613) Tenured: 40769K(43712K)->25319K(43712K)
[2026-06-17T10:04:49.614+0800][31.516s][info][gc,metaspace   ] GC(613) Metaspace: 116K(320K)->116K(320K) NonClass: 109K(192K)->109K(192K) Class: 7K(128K)->7K(128K)
[2026-06-17T10:04:49.615+0800][31.517s][info][gc             ] GC(613) Pause Full (Allocation Failure) 58M->24M(61M) 9.702ms
[2026-06-17T10:04:49.615+0800][31.517s][info][gc,cpu         ] GC(613) User=0.00s Sys=0.00s Real=0.01s
[2026-06-17T10:04:49.658+0800][31.560s][info][gc,start       ] GC(614) Pause Young (Allocation Failure)
[2026-06-17T10:04:49.660+0800][31.562s][info][gc,heap        ] GC(614) DefNew: 17430K(19648K)->2172K(19648K) Eden: 17430K(17472K)->0K(17472K) From: 0K(2176K)->2172K(2176K)
[2026-06-17T10:04:49.660+0800][31.562s][info][gc,heap        ] GC(614) Tenured: 25319K(43712K)->29680K(43712K)
[2026-06-17T10:04:49.660+0800][31.563s][info][gc,metaspace   ] GC(614) Metaspace: 116K(320K)->116K(320K) NonClass: 109K(192K)->109K(192K) Class: 7K(128K)->7K(128K)
[2026-06-17T10:04:49.661+0800][31.563s][info][gc             ] GC(614) Pause Young (Allocation Failure) 41M->31M(61M) 2.870ms
[2026-06-17T10:04:49.661+0800][31.564s][info][gc,cpu         ] GC(614) User=0.00s Sys=0.00s Real=0.00s
[2026-06-17T10:04:49.714+0800][31.616s][info][gc,start       ] GC(615) Pause Young (Allocation Failure)
[2026-06-17T10:04:49.715+0800][31.617s][info][gc,heap        ] GC(615) DefNew: 19616K(19648K)->2145K(19648K) Eden: 17444K(17472K)->0K(17472K) From: 2172K(2176K)->2145K(2176K)
[2026-06-17T10:04:49.717+0800][31.619s][info][gc,heap        ] GC(615) Tenured: 29680K(43712K)->30267K(43712K)
[2026-06-17T10:04:49.719+0800][31.621s][info][gc,metaspace   ] GC(615) Metaspace: 116K(320K)->116K(320K) NonClass: 109K(192K)->109K(192K) Class: 7K(128K)->7K(128K)
[2026-06-17T10:04:49.720+0800][31.623s][info][gc             ] GC(615) Pause Young (Allocation Failure) 48M->31M(61M) 6.326ms
[2026-06-17T10:04:49.722+0800][31.624s][info][gc,cpu         ] GC(615) User=0.00s Sys=0.00s Real=0.00s
[2026-06-17T10:04:49.756+0800][31.659s][info][gc,start       ] GC(616) Pause Young (Allocation Failure)
[2026-06-17T10:04:49.758+0800][31.660s][info][gc,heap        ] GC(616) DefNew: 19617K(19648K)->2136K(19648K) Eden: 17472K(17472K)->0K(17472K) From: 2145K(2176K)->2136K(2176K)
[2026-06-17T10:04:49.758+0800][31.661s][info][gc,heap        ] GC(616) Tenured: 30267K(43712K)->33315K(43712K)
[2026-06-17T10:04:49.759+0800][31.661s][info][gc,metaspace   ] GC(616) Metaspace: 116K(320K)->116K(320K) NonClass: 109K(192K)->109K(192K) Class: 7K(128K)->7K(128K)
[2026-06-17T10:04:49.759+0800][31.661s][info][gc             ] GC(616) Pause Young (Allocation Failure) 48M->34M(61M) 2.680ms
[2026-06-17T10:04:49.759+0800][31.662s][info][gc,cpu         ] GC(616) User=0.00s Sys=0.00s Real=0.00s
[2026-06-17T10:04:49.812+0800][31.714s][info][gc,start       ] GC(617) Pause Young (Allocation Failure)
[2026-06-17T10:04:49.813+0800][31.716s][info][gc,heap        ] GC(617) DefNew: 19608K(19648K)->2173K(19648K) Eden: 17472K(17472K)->0K(17472K) From: 2136K(2176K)->2173K(2176K)
[2026-06-17T10:04:49.814+0800][31.716s][info][gc,heap        ] GC(617) Tenured: 33315K(43712K)->36635K(43712K)
[2026-06-17T10:04:49.816+0800][31.718s][info][gc,metaspace   ] GC(617) Metaspace: 116K(320K)->116K(320K) NonClass: 109K(192K)->109K(192K) Class: 7K(128K)->7K(128K)
[2026-06-17T10:04:49.818+0800][31.720s][info][gc             ] GC(617) Pause Young (Allocation Failure) 51M->37M(61M) 6.275ms
[2026-06-17T10:04:49.820+0800][31.722s][info][gc,cpu         ] GC(617) User=0.00s Sys=0.00s Real=0.00s
[2026-06-17T10:04:49.863+0800][31.765s][info][gc,start       ] GC(618) Pause Young (Allocation Failure)
[2026-06-17T10:04:49.864+0800][31.766s][info][gc,heap        ] GC(618) DefNew: 19645K(19648K)->2058K(19648K) Eden: 17472K(17472K)->0K(17472K) From: 2173K(2176K)->2058K(2176K)
[2026-06-17T10:04:49.865+0800][31.767s][info][gc,heap        ] GC(618) Tenured: 36635K(43712K)->40427K(43712K)
[2026-06-17T10:04:49.865+0800][31.767s][info][gc,metaspace   ] GC(618) Metaspace: 116K(320K)->116K(320K) NonClass: 109K(192K)->109K(192K) Class: 7K(128K)->7K(128K)
[2026-06-17T10:04:49.866+0800][31.768s][info][gc             ] GC(618) Pause Young (Allocation Failure) 54M->41M(61M) 3.015ms
[2026-06-17T10:04:49.866+0800][31.768s][info][gc,cpu         ] GC(618) User=0.01s Sys=0.00s Real=0.00s
[2026-06-17T10:04:49.908+0800][31.811s][info][gc,start       ] GC(619) Pause Full (Allocation Failure)
[2026-06-17T10:04:49.909+0800][31.811s][info][gc,phases,start] GC(619) Phase 1: Mark live objects
[2026-06-17T10:04:49.910+0800][31.812s][info][gc,phases      ] GC(619) Phase 1: Mark live objects 1.263ms
[2026-06-17T10:04:49.911+0800][31.813s][info][gc,phases,start] GC(619) Phase 2: Compute new object addresses
[2026-06-17T10:04:49.912+0800][31.814s][info][gc,phases      ] GC(619) Phase 2: Compute new object addresses 1.011ms
[2026-06-17T10:04:49.913+0800][31.815s][info][gc,phases,start] GC(619) Phase 3: Adjust pointers
[2026-06-17T10:04:49.914+0800][31.816s][info][gc,phases      ] GC(619) Phase 3: Adjust pointers 1.138ms
[2026-06-17T10:04:49.914+0800][31.816s][info][gc,phases,start] GC(619) Phase 4: Move objects
[2026-06-17T10:04:49.916+0800][31.818s][info][gc,phases      ] GC(619) Phase 4: Move objects 1.713ms
[2026-06-17T10:04:49.916+0800][31.819s][info][gc,heap        ] GC(619) DefNew: 19493K(19648K)->0K(19648K) Eden: 17434K(17472K)->0K(17472K) From: 2058K(2176K)->0K(2176K)
[2026-06-17T10:04:49.917+0800][31.819s][info][gc,heap        ] GC(619) Tenured: 40427K(43712K)->22154K(43712K)
[2026-06-17T10:04:49.917+0800][31.819s][info][gc,metaspace   ] GC(619) Metaspace: 116K(320K)->116K(320K) NonClass: 109K(192K)->109K(192K) Class: 7K(128K)->7K(128K)
[2026-06-17T10:04:49.917+0800][31.820s][info][gc             ] GC(619) Pause Full (Allocation Failure) 58M->21M(61M) 8.964ms
[2026-06-17T10:04:49.918+0800][31.820s][info][gc,cpu         ] GC(619) User=0.00s Sys=0.00s Real=0.01s
[2026-06-17T10:04:49.960+0800][31.862s][info][gc,start       ] GC(620) Pause Young (Allocation Failure)
[2026-06-17T10:04:49.961+0800][31.863s][info][gc,heap        ] GC(620) DefNew: 17472K(19648K)->2172K(19648K) Eden: 17472K(17472K)->0K(17472K) From: 0K(2176K)->2172K(2176K)
[2026-06-17T10:04:49.961+0800][31.863s][info][gc,heap        ] GC(620) Tenured: 22154K(43712K)->27252K(43712K)
[2026-06-17T10:04:49.962+0800][31.864s][info][gc,metaspace   ] GC(620) Metaspace: 116K(320K)->116K(320K) NonClass: 109K(192K)->109K(192K) Class: 7K(128K)->7K(128K)
[2026-06-17T10:04:49.962+0800][31.864s][info][gc             ] GC(620) Pause Young (Allocation Failure) 38M->28M(61M) 1.992ms
[2026-06-17T10:04:49.962+0800][31.864s][info][gc,cpu         ] GC(620) User=0.00s Sys=0.00s Real=0.00s
[2026-06-17T10:04:50.005+0800][31.907s][info][gc,start       ] GC(621) Pause Young (Allocation Failure)
[2026-06-17T10:04:50.006+0800][31.908s][info][gc,heap        ] GC(621) DefNew: 19513K(19648K)->2027K(19648K) Eden: 17341K(17472K)->0K(17472K) From: 2172K(2176K)->2027K(2176K)
[2026-06-17T10:04:50.007+0800][31.909s][info][gc,heap        ] GC(621) Tenured: 27252K(43712K)->29579K(43712K)
[2026-06-17T10:04:50.007+0800][31.909s][info][gc,metaspace   ] GC(621) Metaspace: 116K(320K)->116K(320K) NonClass: 109K(192K)->109K(192K) Class: 7K(128K)->7K(128K)
[2026-06-17T10:04:50.007+0800][31.909s][info][gc             ] GC(621) Pause Young (Allocation Failure) 45M->30M(61M) 2.520ms
[2026-06-17T10:04:50.007+0800][31.910s][info][gc,cpu         ] GC(621) User=0.00s Sys=0.00s Real=0.00s
[2026-06-17T10:04:50.060+0800][31.962s][info][gc,start       ] GC(622) Pause Young (Allocation Failure)
[2026-06-17T10:04:50.061+0800][31.963s][info][gc,heap        ] GC(622) DefNew: 19499K(19648K)->2125K(19648K) Eden: 17472K(17472K)->0K(17472K) From: 2027K(2176K)->2125K(2176K)
[2026-06-17T10:04:50.062+0800][31.964s][info][gc,heap        ] GC(622) Tenured: 29579K(43712K)->32718K(43712K)
[2026-06-17T10:04:50.062+0800][31.964s][info][gc,metaspace   ] GC(622) Metaspace: 116K(320K)->116K(320K) NonClass: 109K(192K)->109K(192K) Class: 7K(128K)->7K(128K)
[2026-06-17T10:04:50.062+0800][31.964s][info][gc             ] GC(622) Pause Young (Allocation Failure) 47M->34M(61M) 2.165ms
[2026-06-17T10:04:50.063+0800][31.965s][info][gc,cpu         ] GC(622) User=0.01s Sys=0.00s Real=0.01s
[2026-06-17T10:04:50.105+0800][32.007s][info][gc,start       ] GC(623) Pause Young (Allocation Failure)
[2026-06-17T10:04:50.106+0800][32.008s][info][gc,heap        ] GC(623) DefNew: 19590K(19648K)->2087K(19648K) Eden: 17465K(17472K)->0K(17472K) From: 2125K(2176K)->2087K(2176K)
[2026-06-17T10:04:50.107+0800][32.009s][info][gc,heap        ] GC(623) Tenured: 32718K(43712K)->36694K(43712K)
[2026-06-17T10:04:50.107+0800][32.009s][info][gc,metaspace   ] GC(623) Metaspace: 116K(320K)->116K(320K) NonClass: 109K(192K)->109K(192K) Class: 7K(128K)->7K(128K)
[2026-06-17T10:04:50.108+0800][32.010s][info][gc             ] GC(623) Pause Young (Allocation Failure) 51M->37M(61M) 2.528ms
[2026-06-17T10:04:50.108+0800][32.010s][info][gc,cpu         ] GC(623) User=0.00s Sys=0.00s Real=0.00s
[2026-06-17T10:04:50.140+0800][32.042s][info][gc,start       ] GC(624) Pause Young (Allocation Failure)
[2026-06-17T10:04:50.141+0800][32.043s][info][gc,heap        ] GC(624) DefNew: 18854K(19648K)->2079K(19648K) Eden: 16767K(17472K)->0K(17472K) From: 2087K(2176K)->2079K(2176K)
[2026-06-17T10:04:50.141+0800][32.043s][info][gc,heap        ] GC(624) Tenured: 36694K(43712K)->39148K(43712K)
[2026-06-17T10:04:50.141+0800][32.044s][info][gc,metaspace   ] GC(624) Metaspace: 116K(320K)->116K(320K) NonClass: 109K(192K)->109K(192K) Class: 7K(128K)->7K(128K)
[2026-06-17T10:04:50.142+0800][32.044s][info][gc             ] GC(624) Pause Young (Allocation Failure) 54M->40M(61M) 1.682ms
[2026-06-17T10:04:50.142+0800][32.044s][info][gc,cpu         ] GC(624) User=0.00s Sys=0.00s Real=0.00s
[2026-06-17T10:04:50.194+0800][32.097s][info][gc,start       ] GC(625) Pause Full (Allocation Failure)
[2026-06-17T10:04:50.195+0800][32.097s][info][gc,phases,start] GC(625) Phase 1: Mark live objects
[2026-06-17T10:04:50.196+0800][32.098s][info][gc,phases      ] GC(625) Phase 1: Mark live objects 0.972ms
[2026-06-17T10:04:50.196+0800][32.098s][info][gc,phases,start] GC(625) Phase 2: Compute new object addresses
[2026-06-17T10:04:50.197+0800][32.099s][info][gc,phases      ] GC(625) Phase 2: Compute new object addresses 0.492ms
[2026-06-17T10:04:50.197+0800][32.099s][info][gc,phases,start] GC(625) Phase 3: Adjust pointers
[2026-06-17T10:04:50.198+0800][32.100s][info][gc,phases      ] GC(625) Phase 3: Adjust pointers 0.488ms
[2026-06-17T10:04:50.198+0800][32.100s][info][gc,phases,start] GC(625) Phase 4: Move objects
[2026-06-17T10:04:50.200+0800][32.102s][info][gc,phases      ] GC(625) Phase 4: Move objects 2.245ms
[2026-06-17T10:04:50.201+0800][32.103s][info][gc,heap        ] GC(625) DefNew: 19513K(19648K)->0K(19648K) Eden: 17434K(17472K)->0K(17472K) From: 2079K(2176K)->0K(2176K)
[2026-06-17T10:04:50.201+0800][32.103s][info][gc,heap        ] GC(625) Tenured: 39148K(43712K)->30986K(43712K)
[2026-06-17T10:04:50.201+0800][32.103s][info][gc,metaspace   ] GC(625) Metaspace: 116K(320K)->116K(320K) NonClass: 109K(192K)->109K(192K) Class: 7K(128K)->7K(128K)
[2026-06-17T10:04:50.202+0800][32.104s][info][gc             ] GC(625) Pause Full (Allocation Failure) 57M->30M(61M) 7.077ms
[2026-06-17T10:04:50.202+0800][32.104s][info][gc,cpu         ] GC(625) User=0.00s Sys=0.00s Real=0.00s
[2026-06-17T10:04:50.244+0800][32.147s][info][gc,start       ] GC(626) Pause Young (Allocation Failure)
[2026-06-17T10:04:50.245+0800][32.148s][info][gc,heap        ] GC(626) DefNew: 17472K(19648K)->2168K(19648K) Eden: 17472K(17472K)->0K(17472K) From: 0K(2176K)->2168K(2176K)
[2026-06-17T10:04:50.246+0800][32.148s][info][gc,heap        ] GC(626) Tenured: 30986K(43712K)->35904K(43712K)
[2026-06-17T10:04:50.246+0800][32.148s][info][gc,metaspace   ] GC(626) Metaspace: 116K(320K)->116K(320K) NonClass: 109K(192K)->109K(192K) Class: 7K(128K)->7K(128K)
[2026-06-17T10:04:50.246+0800][32.148s][info][gc             ] GC(626) Pause Young (Allocation Failure) 47M->37M(61M) 1.938ms
[2026-06-17T10:04:50.247+0800][32.149s][info][gc,cpu         ] GC(626) User=0.01s Sys=0.00s Real=0.00s
[2026-06-17T10:04:50.289+0800][32.192s][info][gc,start       ] GC(627) Pause Young (Allocation Failure)
[2026-06-17T10:04:50.293+0800][32.195s][info][gc,heap        ] GC(627) DefNew: 19627K(19648K)->2106K(19648K) Eden: 17459K(17472K)->0K(17472K) From: 2168K(2176K)->2106K(2176K)
[2026-06-17T10:04:50.294+0800][32.196s][info][gc,heap        ] GC(627) Tenured: 35904K(43712K)->41597K(43712K)
[2026-06-17T10:04:50.296+0800][32.198s][info][gc,metaspace   ] GC(627) Metaspace: 116K(320K)->116K(320K) NonClass: 109K(192K)->109K(192K) Class: 7K(128K)->7K(128K)
[2026-06-17T10:04:50.298+0800][32.200s][info][gc             ] GC(627) Pause Young (Allocation Failure) 54M->42M(61M) 8.497ms
[2026-06-17T10:04:50.300+0800][32.202s][info][gc,cpu         ] GC(627) User=0.00s Sys=0.00s Real=0.01s
[2026-06-17T10:04:50.344+0800][32.246s][info][gc,start       ] GC(628) Pause Full (Allocation Failure)
[2026-06-17T10:04:50.345+0800][32.247s][info][gc,phases,start] GC(628) Phase 1: Mark live objects
[2026-06-17T10:04:50.346+0800][32.248s][info][gc,phases      ] GC(628) Phase 1: Mark live objects 1.183ms
[2026-06-17T10:04:50.346+0800][32.249s][info][gc,phases,start] GC(628) Phase 2: Compute new object addresses
[2026-06-17T10:04:50.347+0800][32.249s][info][gc,phases      ] GC(628) Phase 2: Compute new object addresses 0.589ms
[2026-06-17T10:04:50.347+0800][32.249s][info][gc,phases,start] GC(628) Phase 3: Adjust pointers
[2026-06-17T10:04:50.348+0800][32.250s][info][gc,phases      ] GC(628) Phase 3: Adjust pointers 0.488ms
[2026-06-17T10:04:50.348+0800][32.250s][info][gc,phases,start] GC(628) Phase 4: Move objects
[2026-06-17T10:04:50.350+0800][32.252s][info][gc,phases      ] GC(628) Phase 4: Move objects 1.859ms
[2026-06-17T10:04:50.350+0800][32.252s][info][gc,heap        ] GC(628) DefNew: 19578K(19648K)->0K(19648K) Eden: 17472K(17472K)->0K(17472K) From: 2106K(2176K)->0K(2176K)
[2026-06-17T10:04:50.351+0800][32.253s][info][gc,heap        ] GC(628) Tenured: 41597K(43712K)->32471K(43712K)
[2026-06-17T10:04:50.351+0800][32.253s][info][gc,metaspace   ] GC(628) Metaspace: 116K(320K)->116K(320K) NonClass: 109K(192K)->109K(192K) Class: 7K(128K)->7K(128K)
[2026-06-17T10:04:50.351+0800][32.253s][info][gc             ] GC(628) Pause Full (Allocation Failure) 59M->31M(61M) 7.261ms
[2026-06-17T10:04:50.352+0800][32.254s][info][gc,cpu         ] GC(628) User=0.00s Sys=0.00s Real=0.01s
[2026-06-17T10:04:50.393+0800][32.296s][info][gc,start       ] GC(629) Pause Young (Allocation Failure)
[2026-06-17T10:04:50.395+0800][32.297s][info][gc,heap        ] GC(629) DefNew: 17472K(19648K)->2173K(19648K) Eden: 17472K(17472K)->0K(17472K) From: 0K(2176K)->2173K(2176K)
[2026-06-17T10:04:50.395+0800][32.297s][info][gc,heap        ] GC(629) Tenured: 32471K(43712K)->36928K(43712K)
[2026-06-17T10:04:50.395+0800][32.297s][info][gc,metaspace   ] GC(629) Metaspace: 116K(320K)->116K(320K) NonClass: 109K(192K)->109K(192K) Class: 7K(128K)->7K(128K)
[2026-06-17T10:04:50.395+0800][32.297s][info][gc             ] GC(629) Pause Young (Allocation Failure) 48M->38M(61M) 1.672ms
[2026-06-17T10:04:50.395+0800][32.297s][info][gc,cpu         ] GC(629) User=0.00s Sys=0.00s Real=0.00s
[2026-06-17T10:04:50.437+0800][32.339s][info][gc,start       ] GC(630) Pause Full (Allocation Failure)
[2026-06-17T10:04:50.438+0800][32.340s][info][gc,phases,start] GC(630) Phase 1: Mark live objects
[2026-06-17T10:04:50.439+0800][32.341s][info][gc,phases      ] GC(630) Phase 1: Mark live objects 1.071ms
[2026-06-17T10:04:50.439+0800][32.341s][info][gc,phases,start] GC(630) Phase 2: Compute new object addresses
[2026-06-17T10:04:50.440+0800][32.342s][info][gc,phases      ] GC(630) Phase 2: Compute new object addresses 0.492ms
[2026-06-17T10:04:50.440+0800][32.342s][info][gc,phases,start] GC(630) Phase 3: Adjust pointers
[2026-06-17T10:04:50.440+0800][32.343s][info][gc,phases      ] GC(630) Phase 3: Adjust pointers 0.563ms
[2026-06-17T10:04:50.441+0800][32.343s][info][gc,phases,start] GC(630) Phase 4: Move objects
[2026-06-17T10:04:50.443+0800][32.346s][info][gc,phases      ] GC(630) Phase 4: Move objects 2.667ms
[2026-06-17T10:04:50.444+0800][32.346s][info][gc,heap        ] GC(630) DefNew: 19609K(19648K)->0K(19648K) Eden: 17435K(17472K)->0K(17472K) From: 2173K(2176K)->0K(2176K)
[2026-06-17T10:04:50.444+0800][32.346s][info][gc,heap        ] GC(630) Tenured: 36928K(43712K)->27178K(43712K)
[2026-06-17T10:04:50.444+0800][32.346s][info][gc,metaspace   ] GC(630) Metaspace: 116K(320K)->116K(320K) NonClass: 109K(192K)->109K(192K) Class: 7K(128K)->7K(128K)
[2026-06-17T10:04:50.444+0800][32.346s][info][gc             ] GC(630) Pause Full (Allocation Failure) 55M->26M(61M) 6.983ms
[2026-06-17T10:04:50.444+0800][32.347s][info][gc,cpu         ] GC(630) User=0.00s Sys=0.00s Real=0.01s
[2026-06-17T10:04:50.486+0800][32.389s][info][gc,start       ] GC(631) Pause Young (Allocation Failure)
[2026-06-17T10:04:50.487+0800][32.390s][info][gc,heap        ] GC(631) DefNew: 17430K(19648K)->2171K(19648K) Eden: 17430K(17472K)->0K(17472K) From: 0K(2176K)->2171K(2176K)
[2026-06-17T10:04:50.488+0800][32.390s][info][gc,heap        ] GC(631) Tenured: 27178K(43712K)->31934K(43712K)
[2026-06-17T10:04:50.488+0800][32.390s][info][gc,metaspace   ] GC(631) Metaspace: 116K(320K)->116K(320K) NonClass: 109K(192K)->109K(192K) Class: 7K(128K)->7K(128K)
[2026-06-17T10:04:50.488+0800][32.390s][info][gc             ] GC(631) Pause Young (Allocation Failure) 43M->33M(61M) 1.520ms
[2026-06-17T10:04:50.488+0800][32.390s][info][gc,cpu         ] GC(631) User=0.00s Sys=0.00s Real=0.00s
[2026-06-17T10:04:50.530+0800][32.432s][info][gc,start       ] GC(632) Pause Young (Allocation Failure)
[2026-06-17T10:04:50.531+0800][32.433s][info][gc,heap        ] GC(632) DefNew: 19437K(19648K)->2134K(19648K) Eden: 17266K(17472K)->0K(17472K) From: 2171K(2176K)->2134K(2176K)
[2026-06-17T10:04:50.531+0800][32.433s][info][gc,heap        ] GC(632) Tenured: 31934K(43712K)->34518K(43712K)
[2026-06-17T10:04:50.532+0800][32.434s][info][gc,metaspace   ] GC(632) Metaspace: 116K(320K)->116K(320K) NonClass: 109K(192K)->109K(192K) Class: 7K(128K)->7K(128K)
[2026-06-17T10:04:50.532+0800][32.435s][info][gc             ] GC(632) Pause Young (Allocation Failure) 50M->35M(61M) 2.229ms
[2026-06-17T10:04:50.533+0800][32.435s][info][gc,cpu         ] GC(632) User=0.00s Sys=0.00s Real=0.01s
[2026-06-17T10:04:50.585+0800][32.487s][info][gc,start       ] GC(633) Pause Young (Allocation Failure)
[2026-06-17T10:04:50.586+0800][32.488s][info][gc,heap        ] GC(633) DefNew: 19606K(19648K)->2052K(19648K) Eden: 17472K(17472K)->0K(17472K) From: 2134K(2176K)->2052K(2176K)
[2026-06-17T10:04:50.587+0800][32.489s][info][gc,heap        ] GC(633) Tenured: 34518K(43712K)->38572K(43712K)
[2026-06-17T10:04:50.587+0800][32.490s][info][gc,metaspace   ] GC(633) Metaspace: 116K(320K)->116K(320K) NonClass: 109K(192K)->109K(192K) Class: 7K(128K)->7K(128K)
[2026-06-17T10:04:50.588+0800][32.490s][info][gc             ] GC(633) Pause Young (Allocation Failure) 52M->39M(61M) 2.874ms
[2026-06-17T10:04:50.588+0800][32.490s][info][gc,cpu         ] GC(633) User=0.00s Sys=0.00s Real=0.00s
[2026-06-17T10:04:50.630+0800][32.532s][info][gc,start       ] GC(634) Pause Full (Allocation Failure)
[2026-06-17T10:04:50.631+0800][32.533s][info][gc,phases,start] GC(634) Phase 1: Mark live objects
[2026-06-17T10:04:50.632+0800][32.534s][info][gc,phases      ] GC(634) Phase 1: Mark live objects 1.037ms
[2026-06-17T10:04:50.632+0800][32.534s][info][gc,phases,start] GC(634) Phase 2: Compute new object addresses
[2026-06-17T10:04:50.633+0800][32.535s][info][gc,phases      ] GC(634) Phase 2: Compute new object addresses 0.564ms
[2026-06-17T10:04:50.633+0800][32.535s][info][gc,phases,start] GC(634) Phase 3: Adjust pointers
[2026-06-17T10:04:50.634+0800][32.536s][info][gc,phases      ] GC(634) Phase 3: Adjust pointers 0.579ms
[2026-06-17T10:04:50.634+0800][32.536s][info][gc,phases,start] GC(634) Phase 4: Move objects
[2026-06-17T10:04:50.636+0800][32.538s][info][gc,phases      ] GC(634) Phase 4: Move objects 2.188ms
[2026-06-17T10:04:50.637+0800][32.539s][info][gc,heap        ] GC(634) DefNew: 19522K(19648K)->0K(19648K) Eden: 17470K(17472K)->0K(17472K) From: 2052K(2176K)->0K(2176K)
[2026-06-17T10:04:50.637+0800][32.539s][info][gc,heap        ] GC(634) Tenured: 38572K(43712K)->21973K(43712K)
[2026-06-17T10:04:50.637+0800][32.539s][info][gc,metaspace   ] GC(634) Metaspace: 116K(320K)->116K(320K) NonClass: 109K(192K)->109K(192K) Class: 7K(128K)->7K(128K)
[2026-06-17T10:04:50.637+0800][32.540s][info][gc             ] GC(634) Pause Full (Allocation Failure) 56M->21M(61M) 7.107ms
[2026-06-17T10:04:50.638+0800][32.540s][info][gc,cpu         ] GC(634) User=0.00s Sys=0.00s Real=0.01s
[2026-06-17T10:04:50.680+0800][32.582s][info][gc,start       ] GC(635) Pause Young (Allocation Failure)
[2026-06-17T10:04:50.681+0800][32.583s][info][gc,heap        ] GC(635) DefNew: 17463K(19648K)->2165K(19648K) Eden: 17463K(17472K)->0K(17472K) From: 0K(2176K)->2165K(2176K)
[2026-06-17T10:04:50.681+0800][32.584s][info][gc,heap        ] GC(635) Tenured: 21973K(43712K)->27055K(43712K)
[2026-06-17T10:04:50.682+0800][32.584s][info][gc,metaspace   ] GC(635) Metaspace: 116K(320K)->116K(320K) NonClass: 109K(192K)->109K(192K) Class: 7K(128K)->7K(128K)
[2026-06-17T10:04:50.682+0800][32.584s][info][gc             ] GC(635) Pause Young (Allocation Failure) 38M->28M(61M) 2.092ms
[2026-06-17T10:04:50.682+0800][32.584s][info][gc,cpu         ] GC(635) User=0.00s Sys=0.00s Real=0.00s
[2026-06-17T10:04:50.725+0800][32.627s][info][gc,start       ] GC(636) Pause Young (Allocation Failure)
[2026-06-17T10:04:50.726+0800][32.628s][info][gc,heap        ] GC(636) DefNew: 19605K(19648K)->2172K(19648K) Eden: 17439K(17472K)->0K(17472K) From: 2165K(2176K)->2172K(2176K)
[2026-06-17T10:04:50.726+0800][32.629s][info][gc,heap        ] GC(636) Tenured: 27055K(43712K)->30885K(43712K)
[2026-06-17T10:04:50.727+0800][32.629s][info][gc,metaspace   ] GC(636) Metaspace: 116K(320K)->116K(320K) NonClass: 109K(192K)->109K(192K) Class: 7K(128K)->7K(128K)
[2026-06-17T10:04:50.727+0800][32.629s][info][gc             ] GC(636) Pause Young (Allocation Failure) 45M->32M(61M) 2.264ms
[2026-06-17T10:04:50.727+0800][32.630s][info][gc,cpu         ] GC(636) User=0.00s Sys=0.00s Real=0.00s
[2026-06-17T10:04:50.770+0800][32.672s][info][gc,start       ] GC(637) Pause Young (Allocation Failure)
[2026-06-17T10:04:50.771+0800][32.673s][info][gc,heap        ] GC(637) DefNew: 19644K(19648K)->2037K(19648K) Eden: 17472K(17472K)->0K(17472K) From: 2172K(2176K)->2037K(2176K)
[2026-06-17T10:04:50.771+0800][32.674s][info][gc,heap        ] GC(637) Tenured: 30885K(43712K)->31954K(43712K)
[2026-06-17T10:04:50.772+0800][32.674s][info][gc,metaspace   ] GC(637) Metaspace: 116K(320K)->116K(320K) NonClass: 109K(192K)->109K(192K) Class: 7K(128K)->7K(128K)
[2026-06-17T10:04:50.772+0800][32.674s][info][gc             ] GC(637) Pause Young (Allocation Failure) 49M->33M(61M) 2.294ms
[2026-06-17T10:04:50.773+0800][32.675s][info][gc,cpu         ] GC(637) User=0.00s Sys=0.00s Real=0.01s
[2026-06-17T10:04:50.815+0800][32.717s][info][gc,start       ] GC(638) Pause Young (Allocation Failure)
[2026-06-17T10:04:50.817+0800][32.719s][info][gc,heap        ] GC(638) DefNew: 19494K(19648K)->2174K(19648K) Eden: 17456K(17472K)->0K(17472K) From: 2037K(2176K)->2174K(2176K)
[2026-06-17T10:04:50.817+0800][32.719s][info][gc,heap        ] GC(638) Tenured: 31954K(43712K)->38881K(43712K)
[2026-06-17T10:04:50.817+0800][32.720s][info][gc,metaspace   ] GC(638) Metaspace: 116K(320K)->116K(320K) NonClass: 109K(192K)->109K(192K) Class: 7K(128K)->7K(128K)
[2026-06-17T10:04:50.818+0800][32.720s][info][gc             ] GC(638) Pause Young (Allocation Failure) 50M->40M(61M) 2.491ms
[2026-06-17T10:04:50.818+0800][32.720s][info][gc,cpu         ] GC(638) User=0.00s Sys=0.00s Real=0.00s
[2026-06-17T10:04:50.871+0800][32.773s][info][gc,start       ] GC(639) Pause Full (Allocation Failure)
[2026-06-17T10:04:50.872+0800][32.774s][info][gc,phases,start] GC(639) Phase 1: Mark live objects
[2026-06-17T10:04:50.873+0800][32.775s][info][gc,phases      ] GC(639) Phase 1: Mark live objects 1.053ms
[2026-06-17T10:04:50.874+0800][32.776s][info][gc,phases,start] GC(639) Phase 2: Compute new object addresses
[2026-06-17T10:04:50.874+0800][32.776s][info][gc,phases      ] GC(639) Phase 2: Compute new object addresses 0.510ms
[2026-06-17T10:04:50.874+0800][32.776s][info][gc,phases,start] GC(639) Phase 3: Adjust pointers
[2026-06-17T10:04:50.875+0800][32.777s][info][gc,phases      ] GC(639) Phase 3: Adjust pointers 0.525ms
[2026-06-17T10:04:50.875+0800][32.777s][info][gc,phases,start] GC(639) Phase 4: Move objects
[2026-06-17T10:04:50.877+0800][32.779s][info][gc,phases      ] GC(639) Phase 4: Move objects 1.748ms
[2026-06-17T10:04:50.878+0800][32.780s][info][gc,heap        ] GC(639) DefNew: 19635K(19648K)->0K(19648K) Eden: 17461K(17472K)->0K(17472K) From: 2174K(2176K)->0K(2176K)
[2026-06-17T10:04:50.878+0800][32.780s][info][gc,heap        ] GC(639) Tenured: 38881K(43712K)->29188K(43712K)
[2026-06-17T10:04:50.878+0800][32.780s][info][gc,metaspace   ] GC(639) Metaspace: 116K(320K)->116K(320K) NonClass: 109K(192K)->109K(192K) Class: 7K(128K)->7K(128K)
[2026-06-17T10:04:50.878+0800][32.781s][info][gc             ] GC(639) Pause Full (Allocation Failure) 57M->28M(61M) 7.495ms
[2026-06-17T10:04:50.879+0800][32.781s][info][gc,cpu         ] GC(639) User=0.00s Sys=0.00s Real=0.00s
[2026-06-17T10:04:50.921+0800][32.823s][info][gc,start       ] GC(640) Pause Young (Allocation Failure)
[2026-06-17T10:04:50.955+0800][32.857s][info][gc,heap        ] GC(640) DefNew: 17461K(19648K)->2174K(19648K) Eden: 17461K(17472K)->0K(17472K) From: 0K(2176K)->2174K(2176K)
[2026-06-17T10:04:50.956+0800][32.859s][info][gc,heap        ] GC(640) Tenured: 29188K(43712K)->33966K(43712K)
[2026-06-17T10:04:50.957+0800][32.859s][info][gc,metaspace   ] GC(640) Metaspace: 116K(320K)->116K(320K) NonClass: 109K(192K)->109K(192K) Class: 7K(128K)->7K(128K)
[2026-06-17T10:04:50.959+0800][32.861s][info][gc             ] GC(640) Pause Young (Allocation Failure) 45M->35M(61M) 37.745ms
[2026-06-17T10:04:50.960+0800][32.862s][info][gc,cpu         ] GC(640) User=0.00s Sys=0.00s Real=0.04s
[2026-06-17T10:04:51.004+0800][32.906s][info][gc,start       ] GC(641) Pause Young (Allocation Failure)
[2026-06-17T10:04:51.006+0800][32.908s][info][gc,heap        ] GC(641) DefNew: 19646K(19648K)->2172K(19648K) Eden: 17472K(17472K)->0K(17472K) From: 2174K(2176K)->2172K(2176K)
[2026-06-17T10:04:51.024+0800][32.926s][info][gc,heap        ] GC(641) Tenured: 33966K(43712K)->38795K(43712K)
[2026-06-17T10:04:51.024+0800][32.927s][info][gc,metaspace   ] GC(641) Metaspace: 116K(320K)->116K(320K) NonClass: 109K(192K)->109K(192K) Class: 7K(128K)->7K(128K)
[2026-06-17T10:04:51.025+0800][32.927s][info][gc             ] GC(641) Pause Young (Allocation Failure) 52M->40M(61M) 20.908ms
[2026-06-17T10:04:51.033+0800][32.935s][info][gc,cpu         ] GC(641) User=0.00s Sys=0.00s Real=0.03s
[2026-06-17T10:04:51.078+0800][32.980s][info][gc,start       ] GC(642) Pause Full (Allocation Failure)
[2026-06-17T10:04:51.078+0800][32.980s][info][gc,phases,start] GC(642) Phase 1: Mark live objects
[2026-06-17T10:04:51.080+0800][32.982s][info][gc,phases      ] GC(642) Phase 1: Mark live objects 1.749ms
[2026-06-17T10:04:51.083+0800][32.985s][info][gc,phases,start] GC(642) Phase 2: Compute new object addresses
[2026-06-17T10:04:51.084+0800][32.986s][info][gc,phases      ] GC(642) Phase 2: Compute new object addresses 1.181ms
[2026-06-17T10:04:51.084+0800][32.986s][info][gc,phases,start] GC(642) Phase 3: Adjust pointers
[2026-06-17T10:04:51.085+0800][32.987s][info][gc,phases      ] GC(642) Phase 3: Adjust pointers 1.075ms
[2026-06-17T10:04:51.086+0800][32.989s][info][gc,phases,start] GC(642) Phase 4: Move objects
[2026-06-17T10:04:51.089+0800][32.991s][info][gc,phases      ] GC(642) Phase 4: Move objects 2.513ms
[2026-06-17T10:04:51.092+0800][32.994s][info][gc,heap        ] GC(642) DefNew: 19565K(19648K)->0K(19648K) Eden: 17392K(17472K)->0K(17472K) From: 2172K(2176K)->0K(2176K)
[2026-06-17T10:04:51.092+0800][32.994s][info][gc,heap        ] GC(642) Tenured: 38795K(43712K)->26134K(43712K)
[2026-06-17T10:04:51.094+0800][32.996s][info][gc,metaspace   ] GC(642) Metaspace: 116K(320K)->116K(320K) NonClass: 109K(192K)->109K(192K) Class: 7K(128K)->7K(128K)
[2026-06-17T10:04:51.095+0800][32.997s][info][gc             ] GC(642) Pause Full (Allocation Failure) 56M->25M(61M) 17.004ms
[2026-06-17T10:04:51.097+0800][32.999s][info][gc,cpu         ] GC(642) User=0.00s Sys=0.00s Real=0.02s
[2026-06-17T10:04:51.153+0800][33.055s][info][gc,start       ] GC(643) Pause Young (Allocation Failure)
[2026-06-17T10:04:51.154+0800][33.056s][info][gc,heap        ] GC(643) DefNew: 17472K(19648K)->2121K(19648K) Eden: 17472K(17472K)->0K(17472K) From: 0K(2176K)->2121K(2176K)
[2026-06-17T10:04:51.155+0800][33.057s][info][gc,heap        ] GC(643) Tenured: 26134K(43712K)->27505K(43712K)
[2026-06-17T10:04:51.156+0800][33.058s][info][gc,metaspace   ] GC(643) Metaspace: 116K(320K)->116K(320K) NonClass: 109K(192K)->109K(192K) Class: 7K(128K)->7K(128K)
[2026-06-17T10:04:51.156+0800][33.058s][info][gc             ] GC(643) Pause Young (Allocation Failure) 42M->28M(61M) 2.907ms
[2026-06-17T10:04:51.156+0800][33.059s][info][gc,cpu         ] GC(643) User=0.00s Sys=0.00s Real=0.00s
[2026-06-17T10:04:51.199+0800][33.101s][info][gc,start       ] GC(644) Pause Young (Allocation Failure)
[2026-06-17T10:04:51.200+0800][33.103s][info][gc,heap        ] GC(644) DefNew: 19571K(19648K)->2175K(19648K) Eden: 17449K(17472K)->0K(17472K) From: 2121K(2176K)->2175K(2176K)
[2026-06-17T10:04:51.201+0800][33.103s][info][gc,heap        ] GC(644) Tenured: 27505K(43712K)->31564K(43712K)
[2026-06-17T10:04:51.202+0800][33.104s][info][gc,metaspace   ] GC(644) Metaspace: 116K(320K)->116K(320K) NonClass: 109K(192K)->109K(192K) Class: 7K(128K)->7K(128K)
[2026-06-17T10:04:51.202+0800][33.105s][info][gc             ] GC(644) Pause Young (Allocation Failure) 45M->32M(61M) 3.428ms
[2026-06-17T10:04:51.203+0800][33.105s][info][gc,cpu         ] GC(644) User=0.01s Sys=0.00s Real=0.01s
[2026-06-17T10:04:51.245+0800][33.148s][info][gc,start       ] GC(645) Pause Young (Allocation Failure)
[2026-06-17T10:04:51.246+0800][33.149s][info][gc,heap        ] GC(645) DefNew: 19634K(19648K)->2173K(19648K) Eden: 17458K(17472K)->0K(17472K) From: 2175K(2176K)->2173K(2176K)
[2026-06-17T10:04:51.247+0800][33.149s][info][gc,heap        ] GC(645) Tenured: 31564K(43712K)->35776K(43712K)
[2026-06-17T10:04:51.247+0800][33.149s][info][gc,metaspace   ] GC(645) Metaspace: 116K(320K)->116K(320K) NonClass: 109K(192K)->109K(192K) Class: 7K(128K)->7K(128K)
[2026-06-17T10:04:51.247+0800][33.149s][info][gc             ] GC(645) Pause Young (Allocation Failure) 49M->37M(61M) 1.920ms
[2026-06-17T10:04:51.248+0800][33.150s][info][gc,cpu         ] GC(645) User=0.00s Sys=0.00s Real=0.00s
[2026-06-17T10:04:51.290+0800][33.192s][info][gc,start       ] GC(646) Pause Young (Allocation Failure)
[2026-06-17T10:04:51.291+0800][33.193s][info][gc,heap        ] GC(646) DefNew: 19639K(19648K)->2174K(19648K) Eden: 17466K(17472K)->0K(17472K) From: 2173K(2176K)->2174K(2176K)
[2026-06-17T10:04:51.291+0800][33.193s][info][gc,heap        ] GC(646) Tenured: 35776K(43712K)->39137K(43712K)
[2026-06-17T10:04:51.291+0800][33.194s][info][gc,metaspace   ] GC(646) Metaspace: 116K(320K)->116K(320K) NonClass: 109K(192K)->109K(192K) Class: 7K(128K)->7K(128K)
[2026-06-17T10:04:51.292+0800][33.194s][info][gc             ] GC(646) Pause Young (Allocation Failure) 54M->40M(61M) 1.990ms
[2026-06-17T10:04:51.292+0800][33.194s][info][gc,cpu         ] GC(646) User=0.00s Sys=0.00s Real=0.01s
[2026-06-17T10:04:51.334+0800][33.236s][info][gc,start       ] GC(647) Pause Full (Allocation Failure)
[2026-06-17T10:04:51.334+0800][33.237s][info][gc,phases,start] GC(647) Phase 1: Mark live objects
[2026-06-17T10:04:51.335+0800][33.238s][info][gc,phases      ] GC(647) Phase 1: Mark live objects 0.915ms
[2026-06-17T10:04:51.336+0800][33.238s][info][gc,phases,start] GC(647) Phase 2: Compute new object addresses
[2026-06-17T10:04:51.336+0800][33.239s][info][gc,phases      ] GC(647) Phase 2: Compute new object addresses 0.732ms
[2026-06-17T10:04:51.337+0800][33.239s][info][gc,phases,start] GC(647) Phase 3: Adjust pointers
[2026-06-17T10:04:51.337+0800][33.240s][info][gc,phases      ] GC(647) Phase 3: Adjust pointers 0.559ms
[2026-06-17T10:04:51.338+0800][33.240s][info][gc,phases,start] GC(647) Phase 4: Move objects
[2026-06-17T10:04:51.340+0800][33.242s][info][gc,phases      ] GC(647) Phase 4: Move objects 2.114ms
[2026-06-17T10:04:51.340+0800][33.242s][info][gc,heap        ] GC(647) DefNew: 19420K(19648K)->0K(19648K) Eden: 17245K(17472K)->0K(17472K) From: 2174K(2176K)->0K(2176K)
[2026-06-17T10:04:51.340+0800][33.243s][info][gc,heap        ] GC(647) Tenured: 39137K(43712K)->28945K(43712K)
[2026-06-17T10:04:51.341+0800][33.243s][info][gc,metaspace   ] GC(647) Metaspace: 116K(320K)->116K(320K) NonClass: 109K(192K)->109K(192K) Class: 7K(128K)->7K(128K)
[2026-06-17T10:04:51.341+0800][33.243s][info][gc             ] GC(647) Pause Full (Allocation Failure) 57M->28M(61M) 6.714ms
[2026-06-17T10:04:51.341+0800][33.243s][info][gc,cpu         ] GC(647) User=0.01s Sys=0.00s Real=0.00s
[2026-06-17T10:04:51.393+0800][33.295s][info][gc,start       ] GC(648) Pause Young (Allocation Failure)
[2026-06-17T10:04:51.394+0800][33.296s][info][gc,heap        ] GC(648) DefNew: 17419K(19648K)->2072K(19648K) Eden: 17419K(17472K)->0K(17472K) From: 0K(2176K)->2072K(2176K)
[2026-06-17T10:04:51.395+0800][33.297s][info][gc,heap        ] GC(648) Tenured: 28945K(43712K)->30446K(43712K)
[2026-06-17T10:04:51.395+0800][33.297s][info][gc,metaspace   ] GC(648) Metaspace: 116K(320K)->116K(320K) NonClass: 109K(192K)->109K(192K) Class: 7K(128K)->7K(128K)
[2026-06-17T10:04:51.395+0800][33.297s][info][gc             ] GC(648) Pause Young (Allocation Failure) 45M->31M(61M) 1.978ms
[2026-06-17T10:04:51.395+0800][33.298s][info][gc,cpu         ] GC(648) User=0.00s Sys=0.00s Real=0.00s
[2026-06-17T10:04:51.438+0800][33.340s][info][gc,start       ] GC(649) Pause Young (Allocation Failure)
[2026-06-17T10:04:51.438+0800][33.341s][info][gc,heap        ] GC(649) DefNew: 19498K(19648K)->2160K(19648K) Eden: 17426K(17472K)->0K(17472K) From: 2072K(2176K)->2160K(2176K)
[2026-06-17T10:04:51.439+0800][33.341s][info][gc,heap        ] GC(649) Tenured: 30446K(43712K)->33690K(43712K)
[2026-06-17T10:04:51.439+0800][33.341s][info][gc,metaspace   ] GC(649) Metaspace: 116K(320K)->116K(320K) NonClass: 109K(192K)->109K(192K) Class: 7K(128K)->7K(128K)
[2026-06-17T10:04:51.439+0800][33.341s][info][gc             ] GC(649) Pause Young (Allocation Failure) 48M->35M(61M) 1.571ms
[2026-06-17T10:04:51.439+0800][33.341s][info][gc,cpu         ] GC(649) User=0.00s Sys=0.00s Real=0.00s
[2026-06-17T10:04:51.482+0800][33.384s][info][gc,start       ] GC(650) Pause Young (Allocation Failure)
[2026-06-17T10:04:51.483+0800][33.385s][info][gc,heap        ] GC(650) DefNew: 19632K(19648K)->2092K(19648K) Eden: 17472K(17472K)->0K(17472K) From: 2160K(2176K)->2092K(2176K)
[2026-06-17T10:04:51.483+0800][33.385s][info][gc,heap        ] GC(650) Tenured: 33690K(43712K)->37676K(43712K)
[2026-06-17T10:04:51.483+0800][33.386s][info][gc,metaspace   ] GC(650) Metaspace: 116K(320K)->116K(320K) NonClass: 109K(192K)->109K(192K) Class: 7K(128K)->7K(128K)
[2026-06-17T10:04:51.484+0800][33.386s][info][gc             ] GC(650) Pause Young (Allocation Failure) 52M->38M(61M) 2.154ms
[2026-06-17T10:04:51.484+0800][33.386s][info][gc,cpu         ] GC(650) User=0.00s Sys=0.00s Real=0.01s
[2026-06-17T10:04:51.527+0800][33.429s][info][gc,start       ] GC(651) Pause Full (Allocation Failure)
[2026-06-17T10:04:51.527+0800][33.429s][info][gc,phases,start] GC(651) Phase 1: Mark live objects
[2026-06-17T10:04:51.528+0800][33.430s][info][gc,phases      ] GC(651) Phase 1: Mark live objects 1.040ms
[2026-06-17T10:04:51.528+0800][33.431s][info][gc,phases,start] GC(651) Phase 2: Compute new object addresses
[2026-06-17T10:04:51.529+0800][33.431s][info][gc,phases      ] GC(651) Phase 2: Compute new object addresses 0.571ms
[2026-06-17T10:04:51.529+0800][33.432s][info][gc,phases,start] GC(651) Phase 3: Adjust pointers
[2026-06-17T10:04:51.530+0800][33.432s][info][gc,phases      ] GC(651) Phase 3: Adjust pointers 0.609ms
[2026-06-17T10:04:51.531+0800][33.433s][info][gc,phases,start] GC(651) Phase 4: Move objects
[2026-06-17T10:04:51.533+0800][33.435s][info][gc,phases      ] GC(651) Phase 4: Move objects 2.430ms
[2026-06-17T10:04:51.533+0800][33.436s][info][gc,heap        ] GC(651) DefNew: 19564K(19648K)->0K(19648K) Eden: 17472K(17472K)->0K(17472K) From: 2092K(2176K)->0K(2176K)
[2026-06-17T10:04:51.534+0800][33.436s][info][gc,heap        ] GC(651) Tenured: 37676K(43712K)->33085K(43712K)
[2026-06-17T10:04:51.534+0800][33.436s][info][gc,metaspace   ] GC(651) Metaspace: 116K(320K)->116K(320K) NonClass: 109K(192K)->109K(192K) Class: 7K(128K)->7K(128K)
[2026-06-17T10:04:51.534+0800][33.436s][info][gc             ] GC(651) Pause Full (Allocation Failure) 55M->32M(61M) 7.634ms
[2026-06-17T10:04:51.534+0800][33.437s][info][gc,cpu         ] GC(651) User=0.01s Sys=0.00s Real=0.01s
[2026-06-17T10:04:51.577+0800][33.479s][info][gc,start       ] GC(652) Pause Young (Allocation Failure)
[2026-06-17T10:04:51.578+0800][33.480s][info][gc,heap        ] GC(652) DefNew: 17330K(19648K)->2106K(19648K) Eden: 17330K(17472K)->0K(17472K) From: 0K(2176K)->2106K(2176K)
[2026-06-17T10:04:51.580+0800][33.482s][info][gc,heap        ] GC(652) Tenured: 33085K(43712K)->34377K(43712K)
[2026-06-17T10:04:51.581+0800][33.483s][info][gc,metaspace   ] GC(652) Metaspace: 116K(320K)->116K(320K) NonClass: 109K(192K)->109K(192K) Class: 7K(128K)->7K(128K)
[2026-06-17T10:04:51.582+0800][33.484s][info][gc             ] GC(652) Pause Young (Allocation Failure) 49M->35M(61M) 4.937ms
[2026-06-17T10:04:51.582+0800][33.485s][info][gc,cpu         ] GC(652) User=0.00s Sys=0.00s Real=0.00s
[2026-06-17T10:04:51.626+0800][33.528s][info][gc,start       ] GC(653) Pause Young (Allocation Failure)
[2026-06-17T10:04:51.627+0800][33.529s][info][gc,heap        ] GC(653) DefNew: 19543K(19648K)->2171K(19648K) Eden: 17436K(17472K)->0K(17472K) From: 2106K(2176K)->2171K(2176K)
[2026-06-17T10:04:51.628+0800][33.530s][info][gc,heap        ] GC(653) Tenured: 34377K(43712K)->41001K(43712K)
[2026-06-17T10:04:51.628+0800][33.530s][info][gc,metaspace   ] GC(653) Metaspace: 116K(320K)->116K(320K) NonClass: 109K(192K)->109K(192K) Class: 7K(128K)->7K(128K)
[2026-06-17T10:04:51.629+0800][33.531s][info][gc             ] GC(653) Pause Young (Allocation Failure) 52M->42M(61M) 2.803ms
[2026-06-17T10:04:51.630+0800][33.532s][info][gc,cpu         ] GC(653) User=0.00s Sys=0.00s Real=0.00s
[2026-06-17T10:04:51.673+0800][33.575s][info][gc,start       ] GC(654) Pause Full (Allocation Failure)
[2026-06-17T10:04:51.673+0800][33.576s][info][gc,phases,start] GC(654) Phase 1: Mark live objects
[2026-06-17T10:04:51.675+0800][33.577s][info][gc,phases      ] GC(654) Phase 1: Mark live objects 1.371ms
[2026-06-17T10:04:51.675+0800][33.578s][info][gc,phases,start] GC(654) Phase 2: Compute new object addresses
[2026-06-17T10:04:51.676+0800][33.579s][info][gc,phases      ] GC(654) Phase 2: Compute new object addresses 0.990ms
[2026-06-17T10:04:51.677+0800][33.579s][info][gc,phases,start] GC(654) Phase 3: Adjust pointers
[2026-06-17T10:04:51.678+0800][33.580s][info][gc,phases      ] GC(654) Phase 3: Adjust pointers 0.725ms
[2026-06-17T10:04:51.678+0800][33.580s][info][gc,phases,start] GC(654) Phase 4: Move objects
[2026-06-17T10:04:51.681+0800][33.583s][info][gc,phases      ] GC(654) Phase 4: Move objects 3.002ms
[2026-06-17T10:04:51.682+0800][33.584s][info][gc,heap        ] GC(654) DefNew: 19635K(19648K)->0K(19648K) Eden: 17464K(17472K)->0K(17472K) From: 2171K(2176K)->0K(2176K)
[2026-06-17T10:04:51.683+0800][33.585s][info][gc,heap        ] GC(654) Tenured: 41001K(43712K)->29069K(43712K)
[2026-06-17T10:04:51.683+0800][33.585s][info][gc,metaspace   ] GC(654) Metaspace: 116K(320K)->116K(320K) NonClass: 109K(192K)->109K(192K) Class: 7K(128K)->7K(128K)
[2026-06-17T10:04:51.684+0800][33.586s][info][gc             ] GC(654) Pause Full (Allocation Failure) 59M->28M(61M) 10.719ms
[2026-06-17T10:04:51.684+0800][33.586s][info][gc,cpu         ] GC(654) User=0.01s Sys=0.00s Real=0.01s
[2026-06-17T10:04:51.737+0800][33.639s][info][gc,start       ] GC(655) Pause Young (Allocation Failure)
[2026-06-17T10:04:51.738+0800][33.640s][info][gc,heap        ] GC(655) DefNew: 17472K(19648K)->2117K(19648K) Eden: 17472K(17472K)->0K(17472K) From: 0K(2176K)->2117K(2176K)
[2026-06-17T10:04:51.738+0800][33.640s][info][gc,heap        ] GC(655) Tenured: 29069K(43712K)->30869K(43712K)
[2026-06-17T10:04:51.739+0800][33.641s][info][gc,metaspace   ] GC(655) Metaspace: 116K(320K)->116K(320K) NonClass: 109K(192K)->109K(192K) Class: 7K(128K)->7K(128K)
[2026-06-17T10:04:51.739+0800][33.641s][info][gc             ] GC(655) Pause Young (Allocation Failure) 45M->32M(61M) 2.029ms
[2026-06-17T10:04:51.739+0800][33.641s][info][gc,cpu         ] GC(655) User=0.00s Sys=0.00s Real=0.00s
[2026-06-17T10:04:51.781+0800][33.683s][info][gc,start       ] GC(656) Pause Young (Allocation Failure)
[2026-06-17T10:04:51.782+0800][33.684s][info][gc,heap        ] GC(656) DefNew: 19589K(19648K)->2077K(19648K) Eden: 17472K(17472K)->0K(17472K) From: 2117K(2176K)->2077K(2176K)
[2026-06-17T10:04:51.783+0800][33.685s][info][gc,heap        ] GC(656) Tenured: 30869K(43712K)->34931K(43712K)
[2026-06-17T10:04:51.783+0800][33.685s][info][gc,metaspace   ] GC(656) Metaspace: 116K(320K)->116K(320K) NonClass: 109K(192K)->109K(192K) Class: 7K(128K)->7K(128K)
[2026-06-17T10:04:51.783+0800][33.686s][info][gc             ] GC(656) Pause Young (Allocation Failure) 49M->36M(61M) 2.385ms
[2026-06-17T10:04:51.784+0800][33.686s][info][gc,cpu         ] GC(656) User=0.00s Sys=0.00s Real=0.01s
[2026-06-17T10:04:51.826+0800][33.728s][info][gc,start       ] GC(657) Pause Young (Allocation Failure)
[2026-06-17T10:04:51.827+0800][33.729s][info][gc,heap        ] GC(657) DefNew: 19533K(19648K)->2169K(19648K) Eden: 17455K(17472K)->0K(17472K) From: 2077K(2176K)->2169K(2176K)
[2026-06-17T10:04:51.827+0800][33.730s][info][gc,heap        ] GC(657) Tenured: 34931K(43712K)->38599K(43712K)
[2026-06-17T10:04:51.828+0800][33.730s][info][gc,metaspace   ] GC(657) Metaspace: 116K(320K)->116K(320K) NonClass: 109K(192K)->109K(192K) Class: 7K(128K)->7K(128K)
[2026-06-17T10:04:51.828+0800][33.731s][info][gc             ] GC(657) Pause Young (Allocation Failure) 53M->39M(61M) 2.506ms
[2026-06-17T10:04:51.829+0800][33.731s][info][gc,cpu         ] GC(657) User=0.00s Sys=0.00s Real=0.00s
[2026-06-17T10:04:51.871+0800][33.773s][info][gc,start       ] GC(658) Pause Full (Allocation Failure)
[2026-06-17T10:04:51.871+0800][33.774s][info][gc,phases,start] GC(658) Phase 1: Mark live objects
[2026-06-17T10:04:51.873+0800][33.775s][info][gc,phases      ] GC(658) Phase 1: Mark live objects 1.068ms
[2026-06-17T10:04:51.873+0800][33.775s][info][gc,phases,start] GC(658) Phase 2: Compute new object addresses
[2026-06-17T10:04:51.874+0800][33.776s][info][gc,phases      ] GC(658) Phase 2: Compute new object addresses 0.928ms
[2026-06-17T10:04:51.874+0800][33.777s][info][gc,phases,start] GC(658) Phase 3: Adjust pointers
[2026-06-17T10:04:51.876+0800][33.778s][info][gc,phases      ] GC(658) Phase 3: Adjust pointers 1.044ms
[2026-06-17T10:04:51.876+0800][33.778s][info][gc,phases,start] GC(658) Phase 4: Move objects
[2026-06-17T10:04:51.879+0800][33.781s][info][gc,phases      ] GC(658) Phase 4: Move objects 2.818ms
[2026-06-17T10:04:51.880+0800][33.782s][info][gc,heap        ] GC(658) DefNew: 19633K(19648K)->0K(19648K) Eden: 17463K(17472K)->0K(17472K) From: 2169K(2176K)->0K(2176K)
[2026-06-17T10:04:51.881+0800][33.783s][info][gc,heap        ] GC(658) Tenured: 38599K(43712K)->31313K(43712K)
[2026-06-17T10:04:51.881+0800][33.783s][info][gc,metaspace   ] GC(658) Metaspace: 116K(320K)->116K(320K) NonClass: 109K(192K)->109K(192K) Class: 7K(128K)->7K(128K)
[2026-06-17T10:04:51.882+0800][33.784s][info][gc             ] GC(658) Pause Full (Allocation Failure) 56M->30M(61M) 11.030ms
[2026-06-17T10:04:51.883+0800][33.785s][info][gc,cpu         ] GC(658) User=0.00s Sys=0.00s Real=0.01s
[2026-06-17T10:04:51.925+0800][33.827s][info][gc,start       ] GC(659) Pause Young (Allocation Failure)
[2026-06-17T10:04:51.927+0800][33.829s][info][gc,heap        ] GC(659) DefNew: 17436K(19648K)->2174K(19648K) Eden: 17436K(17472K)->0K(17472K) From: 0K(2176K)->2174K(2176K)
[2026-06-17T10:04:51.927+0800][33.829s][info][gc,heap        ] GC(659) Tenured: 31313K(43712K)->35763K(43712K)
[2026-06-17T10:04:51.927+0800][33.829s][info][gc,metaspace   ] GC(659) Metaspace: 116K(320K)->116K(320K) NonClass: 109K(192K)->109K(192K) Class: 7K(128K)->7K(128K)
[2026-06-17T10:04:51.928+0800][33.830s][info][gc             ] GC(659) Pause Young (Allocation Failure) 47M->37M(61M) 2.206ms
[2026-06-17T10:04:51.928+0800][33.830s][info][gc,cpu         ] GC(659) User=0.00s Sys=0.00s Real=0.00s
[2026-06-17T10:04:51.970+0800][33.872s][info][gc,start       ] GC(660) Pause Young (Allocation Failure)
[2026-06-17T10:04:51.971+0800][33.873s][info][gc,heap        ] GC(660) DefNew: 19398K(19648K)->2142K(19648K) Eden: 17224K(17472K)->0K(17472K) From: 2174K(2176K)->2142K(2176K)
[2026-06-17T10:04:51.971+0800][33.873s][info][gc,heap        ] GC(660) Tenured: 35763K(43712K)->37774K(43712K)
[2026-06-17T10:04:51.971+0800][33.873s][info][gc,metaspace   ] GC(660) Metaspace: 116K(320K)->116K(320K) NonClass: 109K(192K)->109K(192K) Class: 7K(128K)->7K(128K)
[2026-06-17T10:04:51.971+0800][33.874s][info][gc             ] GC(660) Pause Young (Allocation Failure) 53M->38M(61M) 1.561ms
[2026-06-17T10:04:51.972+0800][33.874s][info][gc,cpu         ] GC(660) User=0.00s Sys=0.00s Real=0.01s
[2026-06-17T10:04:52.014+0800][33.916s][info][gc,start       ] GC(661) Pause Full (Allocation Failure)
[2026-06-17T10:04:52.014+0800][33.916s][info][gc,phases,start] GC(661) Phase 1: Mark live objects
[2026-06-17T10:04:52.015+0800][33.917s][info][gc,phases      ] GC(661) Phase 1: Mark live objects 0.974ms
[2026-06-17T10:04:52.015+0800][33.918s][info][gc,phases,start] GC(661) Phase 2: Compute new object addresses
[2026-06-17T10:04:52.016+0800][33.918s][info][gc,phases      ] GC(661) Phase 2: Compute new object addresses 0.561ms
[2026-06-17T10:04:52.016+0800][33.918s][info][gc,phases,start] GC(661) Phase 3: Adjust pointers
[2026-06-17T10:04:52.017+0800][33.919s][info][gc,phases      ] GC(661) Phase 3: Adjust pointers 0.493ms
[2026-06-17T10:04:52.017+0800][33.919s][info][gc,phases,start] GC(661) Phase 4: Move objects
[2026-06-17T10:04:52.019+0800][33.921s][info][gc,phases      ] GC(661) Phase 4: Move objects 2.314ms
[2026-06-17T10:04:52.020+0800][33.922s][info][gc,heap        ] GC(661) DefNew: 19592K(19648K)->0K(19648K) Eden: 17450K(17472K)->0K(17472K) From: 2142K(2176K)->0K(2176K)
[2026-06-17T10:04:52.020+0800][33.922s][info][gc,heap        ] GC(661) Tenured: 37774K(43712K)->31146K(43712K)
[2026-06-17T10:04:52.020+0800][33.922s][info][gc,metaspace   ] GC(661) Metaspace: 116K(320K)->116K(320K) NonClass: 109K(192K)->109K(192K) Class: 7K(128K)->7K(128K)
[2026-06-17T10:04:52.020+0800][33.922s][info][gc             ] GC(661) Pause Full (Allocation Failure) 56M->30M(61M) 6.499ms
[2026-06-17T10:04:52.020+0800][33.922s][info][gc,cpu         ] GC(661) User=0.00s Sys=0.00s Real=0.00s
[2026-06-17T10:04:52.072+0800][33.974s][info][gc,start       ] GC(662) Pause Young (Allocation Failure)
[2026-06-17T10:04:52.073+0800][33.975s][info][gc,heap        ] GC(662) DefNew: 17470K(19648K)->2060K(19648K) Eden: 17470K(17472K)->0K(17472K) From: 0K(2176K)->2060K(2176K)
[2026-06-17T10:04:52.073+0800][33.975s][info][gc,heap        ] GC(662) Tenured: 31146K(43712K)->32435K(43712K)
[2026-06-17T10:04:52.074+0800][33.976s][info][gc,metaspace   ] GC(662) Metaspace: 116K(320K)->116K(320K) NonClass: 109K(192K)->109K(192K) Class: 7K(128K)->7K(128K)
[2026-06-17T10:04:52.074+0800][33.976s][info][gc             ] GC(662) Pause Young (Allocation Failure) 47M->33M(61M) 1.513ms
[2026-06-17T10:04:52.074+0800][33.976s][info][gc,cpu         ] GC(662) User=0.00s Sys=0.00s Real=0.00s
[2026-06-17T10:04:52.106+0800][34.008s][info][gc,start       ] GC(663) Pause Young (Allocation Failure)
[2026-06-17T10:04:52.107+0800][34.009s][info][gc,heap        ] GC(663) DefNew: 19376K(19648K)->2116K(19648K) Eden: 17316K(17472K)->0K(17472K) From: 2060K(2176K)->2116K(2176K)
[2026-06-17T10:04:52.107+0800][34.009s][info][gc,heap        ] GC(663) Tenured: 32435K(43712K)->35452K(43712K)
[2026-06-17T10:04:52.108+0800][34.010s][info][gc,metaspace   ] GC(663) Metaspace: 116K(320K)->116K(320K) NonClass: 109K(192K)->109K(192K) Class: 7K(128K)->7K(128K)
[2026-06-17T10:04:52.108+0800][34.010s][info][gc             ] GC(663) Pause Young (Allocation Failure) 50M->36M(61M) 1.908ms
[2026-06-17T10:04:52.108+0800][34.010s][info][gc,cpu         ] GC(663) User=0.00s Sys=0.00s Real=0.00s
[2026-06-17T10:04:52.160+0800][34.062s][info][gc,start       ] GC(664) Pause Young (Allocation Failure)
[2026-06-17T10:04:52.161+0800][34.063s][info][gc,heap        ] GC(664) DefNew: 19553K(19648K)->2113K(19648K) Eden: 17437K(17472K)->0K(17472K) From: 2116K(2176K)->2113K(2176K)
[2026-06-17T10:04:52.162+0800][34.064s][info][gc,heap        ] GC(664) Tenured: 35452K(43712K)->38759K(43712K)
[2026-06-17T10:04:52.162+0800][34.064s][info][gc,metaspace   ] GC(664) Metaspace: 116K(320K)->116K(320K) NonClass: 109K(192K)->109K(192K) Class: 7K(128K)->7K(128K)
[2026-06-17T10:04:52.163+0800][34.065s][info][gc             ] GC(664) Pause Young (Allocation Failure) 53M->39M(61M) 2.419ms
[2026-06-17T10:04:52.163+0800][34.065s][info][gc,cpu         ] GC(664) User=0.00s Sys=0.00s Real=0.01s
[2026-06-17T10:04:52.205+0800][34.107s][info][gc,start       ] GC(665) Pause Full (Allocation Failure)
[2026-06-17T10:04:52.205+0800][34.107s][info][gc,phases,start] GC(665) Phase 1: Mark live objects
[2026-06-17T10:04:52.206+0800][34.108s][info][gc,phases      ] GC(665) Phase 1: Mark live objects 0.911ms
[2026-06-17T10:04:52.206+0800][34.108s][info][gc,phases,start] GC(665) Phase 2: Compute new object addresses
[2026-06-17T10:04:52.207+0800][34.109s][info][gc,phases      ] GC(665) Phase 2: Compute new object addresses 0.477ms
[2026-06-17T10:04:52.207+0800][34.109s][info][gc,phases,start] GC(665) Phase 3: Adjust pointers
[2026-06-17T10:04:52.208+0800][34.110s][info][gc,phases      ] GC(665) Phase 3: Adjust pointers 0.529ms
[2026-06-17T10:04:52.208+0800][34.110s][info][gc,phases,start] GC(665) Phase 4: Move objects
[2026-06-17T10:04:52.210+0800][34.112s][info][gc,phases      ] GC(665) Phase 4: Move objects 2.090ms
[2026-06-17T10:04:52.210+0800][34.113s][info][gc,heap        ] GC(665) DefNew: 19578K(19648K)->0K(19648K) Eden: 17464K(17472K)->0K(17472K) From: 2113K(2176K)->0K(2176K)
[2026-06-17T10:04:52.211+0800][34.113s][info][gc,heap        ] GC(665) Tenured: 38759K(43712K)->30534K(43712K)
[2026-06-17T10:04:52.211+0800][34.113s][info][gc,metaspace   ] GC(665) Metaspace: 116K(320K)->116K(320K) NonClass: 109K(192K)->109K(192K) Class: 7K(128K)->7K(128K)
[2026-06-17T10:04:52.211+0800][34.113s][info][gc             ] GC(665) Pause Full (Allocation Failure) 56M->29M(61M) 6.214ms
[2026-06-17T10:04:52.211+0800][34.113s][info][gc,cpu         ] GC(665) User=0.00s Sys=0.00s Real=0.01s
[2026-06-17T10:04:52.254+0800][34.156s][info][gc,start       ] GC(666) Pause Young (Allocation Failure)
[2026-06-17T10:04:52.256+0800][34.158s][info][gc,heap        ] GC(666) DefNew: 17472K(19648K)->2175K(19648K) Eden: 17472K(17472K)->0K(17472K) From: 0K(2176K)->2175K(2176K)
[2026-06-17T10:04:52.260+0800][34.162s][info][gc,heap        ] GC(666) Tenured: 30534K(43712K)->35416K(43712K)
[2026-06-17T10:04:52.260+0800][34.163s][info][gc,metaspace   ] GC(666) Metaspace: 116K(320K)->116K(320K) NonClass: 109K(192K)->109K(192K) Class: 7K(128K)->7K(128K)
[2026-06-17T10:04:52.261+0800][34.163s][info][gc             ] GC(666) Pause Young (Allocation Failure) 46M->36M(61M) 7.229ms
[2026-06-17T10:04:52.261+0800][34.163s][info][gc,cpu         ] GC(666) User=0.00s Sys=0.00s Real=0.00s
[2026-06-17T10:04:52.313+0800][34.215s][info][gc,start       ] GC(667) Pause Young (Allocation Failure)
[2026-06-17T10:04:52.314+0800][34.216s][info][gc,heap        ] GC(667) DefNew: 19644K(19648K)->1959K(19648K) Eden: 17469K(17472K)->0K(17472K) From: 2175K(2176K)->1959K(2176K)
[2026-06-17T10:04:52.314+0800][34.217s][info][gc,heap        ] GC(667) Tenured: 35416K(43712K)->37890K(43712K)
[2026-06-17T10:04:52.315+0800][34.217s][info][gc,metaspace   ] GC(667) Metaspace: 116K(320K)->116K(320K) NonClass: 109K(192K)->109K(192K) Class: 7K(128K)->7K(128K)
[2026-06-17T10:04:52.315+0800][34.217s][info][gc             ] GC(667) Pause Young (Allocation Failure) 53M->38M(61M) 1.765ms
[2026-06-17T10:04:52.315+0800][34.217s][info][gc,cpu         ] GC(667) User=0.00s Sys=0.00s Real=0.00s
[2026-06-17T10:04:52.357+0800][34.259s][info][gc,start       ] GC(668) Pause Full (Allocation Failure)
[2026-06-17T10:04:52.358+0800][34.260s][info][gc,phases,start] GC(668) Phase 1: Mark live objects
[2026-06-17T10:04:52.359+0800][34.261s][info][gc,phases      ] GC(668) Phase 1: Mark live objects 1.092ms
[2026-06-17T10:04:52.359+0800][34.261s][info][gc,phases,start] GC(668) Phase 2: Compute new object addresses
[2026-06-17T10:04:52.360+0800][34.262s][info][gc,phases      ] GC(668) Phase 2: Compute new object addresses 0.637ms
[2026-06-17T10:04:52.360+0800][34.262s][info][gc,phases,start] GC(668) Phase 3: Adjust pointers
[2026-06-17T10:04:52.361+0800][34.263s][info][gc,phases      ] GC(668) Phase 3: Adjust pointers 0.629ms
[2026-06-17T10:04:52.361+0800][34.263s][info][gc,phases,start] GC(668) Phase 4: Move objects
[2026-06-17T10:04:52.363+0800][34.266s][info][gc,phases      ] GC(668) Phase 4: Move objects 2.167ms
[2026-06-17T10:04:52.364+0800][34.266s][info][gc,heap        ] GC(668) DefNew: 19431K(19648K)->0K(19648K) Eden: 17472K(17472K)->0K(17472K) From: 1959K(2176K)->0K(2176K)
[2026-06-17T10:04:52.364+0800][34.266s][info][gc,heap        ] GC(668) Tenured: 37890K(43712K)->28813K(43712K)
[2026-06-17T10:04:52.365+0800][34.267s][info][gc,metaspace   ] GC(668) Metaspace: 116K(320K)->116K(320K) NonClass: 109K(192K)->109K(192K) Class: 7K(128K)->7K(128K)
[2026-06-17T10:04:52.365+0800][34.267s][info][gc             ] GC(668) Pause Full (Allocation Failure) 55M->28M(61M) 7.863ms
[2026-06-17T10:04:52.365+0800][34.268s][info][gc,cpu         ] GC(668) User=0.01s Sys=0.00s Real=0.01s
[2026-06-17T10:04:52.408+0800][34.310s][info][gc,start       ] GC(669) Pause Young (Allocation Failure)
[2026-06-17T10:04:52.409+0800][34.311s][info][gc,heap        ] GC(669) DefNew: 17472K(19648K)->2175K(19648K) Eden: 17472K(17472K)->0K(17472K) From: 0K(2176K)->2175K(2176K)
[2026-06-17T10:04:52.409+0800][34.311s][info][gc,heap        ] GC(669) Tenured: 28813K(43712K)->33498K(43712K)
[2026-06-17T10:04:52.409+0800][34.312s][info][gc,metaspace   ] GC(669) Metaspace: 116K(320K)->116K(320K) NonClass: 109K(192K)->109K(192K) Class: 7K(128K)->7K(128K)
[2026-06-17T10:04:52.410+0800][34.312s][info][gc             ] GC(669) Pause Young (Allocation Failure) 45M->34M(61M) 1.886ms
[2026-06-17T10:04:52.410+0800][34.312s][info][gc,cpu         ] GC(669) User=0.00s Sys=0.00s Real=0.00s
[2026-06-17T10:04:52.452+0800][34.354s][info][gc,start       ] GC(670) Pause Young (Allocation Failure)
[2026-06-17T10:04:52.453+0800][34.355s][info][gc,heap        ] GC(670) DefNew: 19640K(19648K)->2170K(19648K) Eden: 17464K(17472K)->0K(17472K) From: 2175K(2176K)->2170K(2176K)
[2026-06-17T10:04:52.454+0800][34.356s][info][gc,heap        ] GC(670) Tenured: 33498K(43712K)->36970K(43712K)
[2026-06-17T10:04:52.454+0800][34.356s][info][gc,metaspace   ] GC(670) Metaspace: 116K(320K)->116K(320K) NonClass: 109K(192K)->109K(192K) Class: 7K(128K)->7K(128K)
[2026-06-17T10:04:52.454+0800][34.356s][info][gc             ] GC(670) Pause Young (Allocation Failure) 51M->38M(61M) 2.290ms
[2026-06-17T10:04:52.455+0800][34.357s][info][gc,cpu         ] GC(670) User=0.00s Sys=0.00s Real=0.00s
[2026-06-17T10:04:52.497+0800][34.399s][info][gc,start       ] GC(671) Pause Young (Allocation Failure)
[2026-06-17T10:04:52.498+0800][34.400s][info][gc,heap        ] GC(671) DefNew: 19595K(19648K)->2152K(19648K) Eden: 17425K(17472K)->0K(17472K) From: 2170K(2176K)->2152K(2176K)
[2026-06-17T10:04:52.498+0800][34.400s][info][gc,heap        ] GC(671) Tenured: 36970K(43712K)->40195K(43712K)
[2026-06-17T10:04:52.498+0800][34.400s][info][gc,metaspace   ] GC(671) Metaspace: 116K(320K)->116K(320K) NonClass: 109K(192K)->109K(192K) Class: 7K(128K)->7K(128K)
[2026-06-17T10:04:52.498+0800][34.401s][info][gc             ] GC(671) Pause Young (Allocation Failure) 55M->41M(61M) 1.584ms
[2026-06-17T10:04:52.499+0800][34.401s][info][gc,cpu         ] GC(671) User=0.00s Sys=0.00s Real=0.00s
[2026-06-17T10:04:52.541+0800][34.443s][info][gc,start       ] GC(672) Pause Full (Allocation Failure)
[2026-06-17T10:04:52.541+0800][34.443s][info][gc,phases,start] GC(672) Phase 1: Mark live objects
[2026-06-17T10:04:52.542+0800][34.444s][info][gc,phases      ] GC(672) Phase 1: Mark live objects 0.985ms
[2026-06-17T10:04:52.543+0800][34.445s][info][gc,phases,start] GC(672) Phase 2: Compute new object addresses
[2026-06-17T10:04:52.543+0800][34.446s][info][gc,phases      ] GC(672) Phase 2: Compute new object addresses 0.715ms
[2026-06-17T10:04:52.544+0800][34.446s][info][gc,phases,start] GC(672) Phase 3: Adjust pointers
[2026-06-17T10:04:52.545+0800][34.447s][info][gc,phases      ] GC(672) Phase 3: Adjust pointers 0.602ms
[2026-06-17T10:04:52.545+0800][34.447s][info][gc,phases,start] GC(672) Phase 4: Move objects
[2026-06-17T10:04:52.547+0800][34.449s][info][gc,phases      ] GC(672) Phase 4: Move objects 2.124ms
[2026-06-17T10:04:52.548+0800][34.450s][info][gc,heap        ] GC(672) DefNew: 19621K(19648K)->0K(19648K) Eden: 17468K(17472K)->0K(17472K) From: 2152K(2176K)->0K(2176K)
[2026-06-17T10:04:52.548+0800][34.450s][info][gc,heap        ] GC(672) Tenured: 40195K(43712K)->33520K(43712K)
[2026-06-17T10:04:52.548+0800][34.450s][info][gc,metaspace   ] GC(672) Metaspace: 116K(320K)->116K(320K) NonClass: 109K(192K)->109K(192K) Class: 7K(128K)->7K(128K)
[2026-06-17T10:04:52.548+0800][34.450s][info][gc             ] GC(672) Pause Full (Allocation Failure) 58M->32M(61M) 7.513ms
[2026-06-17T10:04:52.549+0800][34.451s][info][gc,cpu         ] GC(672) User=0.01s Sys=0.00s Real=0.01s
[2026-06-17T10:04:52.591+0800][34.493s][info][gc,start       ] GC(673) Pause Young (Allocation Failure)
[2026-06-17T10:04:52.592+0800][34.494s][info][gc,heap        ] GC(673) DefNew: 17309K(19648K)->2085K(19648K) Eden: 17309K(17472K)->0K(17472K) From: 0K(2176K)->2085K(2176K)
[2026-06-17T10:04:52.592+0800][34.494s][info][gc,heap        ] GC(673) Tenured: 33520K(43712K)->34621K(43712K)
[2026-06-17T10:04:52.593+0800][34.495s][info][gc,metaspace   ] GC(673) Metaspace: 116K(320K)->116K(320K) NonClass: 109K(192K)->109K(192K) Class: 7K(128K)->7K(128K)
[2026-06-17T10:04:52.593+0800][34.495s][info][gc             ] GC(673) Pause Young (Allocation Failure) 49M->35M(61M) 1.774ms
[2026-06-17T10:04:52.593+0800][34.495s][info][gc,cpu         ] GC(673) User=0.00s Sys=0.00s Real=0.00s
[2026-06-17T10:04:52.635+0800][34.537s][info][gc,start       ] GC(674) Pause Young (Allocation Failure)
[2026-06-17T10:04:52.637+0800][34.539s][info][gc,heap        ] GC(674) DefNew: 19540K(19648K)->2175K(19648K) Eden: 17454K(17472K)->0K(17472K) From: 2085K(2176K)->2175K(2176K)
[2026-06-17T10:04:52.637+0800][34.539s][info][gc,heap        ] GC(674) Tenured: 34621K(43712K)->41648K(43712K)
[2026-06-17T10:04:52.637+0800][34.540s][info][gc,metaspace   ] GC(674) Metaspace: 116K(320K)->116K(320K) NonClass: 109K(192K)->109K(192K) Class: 7K(128K)->7K(128K)
[2026-06-17T10:04:52.638+0800][34.540s][info][gc             ] GC(674) Pause Young (Allocation Failure) 52M->42M(61M) 2.456ms
[2026-06-17T10:04:52.638+0800][34.540s][info][gc,cpu         ] GC(674) User=0.00s Sys=0.00s Real=0.00s
[2026-06-17T10:04:52.690+0800][34.593s][info][gc,start       ] GC(675) Pause Full (Allocation Failure)
[2026-06-17T10:04:52.691+0800][34.593s][info][gc,phases,start] GC(675) Phase 1: Mark live objects
[2026-06-17T10:04:52.692+0800][34.594s][info][gc,phases      ] GC(675) Phase 1: Mark live objects 1.040ms
[2026-06-17T10:04:52.692+0800][34.595s][info][gc,phases,start] GC(675) Phase 2: Compute new object addresses
[2026-06-17T10:04:52.693+0800][34.595s][info][gc,phases      ] GC(675) Phase 2: Compute new object addresses 0.535ms
[2026-06-17T10:04:52.694+0800][34.596s][info][gc,phases,start] GC(675) Phase 3: Adjust pointers
[2026-06-17T10:04:52.694+0800][34.596s][info][gc,phases      ] GC(675) Phase 3: Adjust pointers 0.590ms
[2026-06-17T10:04:52.695+0800][34.597s][info][gc,phases,start] GC(675) Phase 4: Move objects
[2026-06-17T10:04:52.697+0800][34.599s][info][gc,phases      ] GC(675) Phase 4: Move objects 2.372ms
[2026-06-17T10:04:52.697+0800][34.600s][info][gc,heap        ] GC(675) DefNew: 19642K(19648K)->0K(19648K) Eden: 17466K(17472K)->0K(17472K) From: 2175K(2176K)->0K(2176K)
[2026-06-17T10:04:52.698+0800][34.600s][info][gc,heap        ] GC(675) Tenured: 41648K(43712K)->24954K(43712K)
[2026-06-17T10:04:52.698+0800][34.600s][info][gc,metaspace   ] GC(675) Metaspace: 116K(320K)->116K(320K) NonClass: 109K(192K)->109K(192K) Class: 7K(128K)->7K(128K)
[2026-06-17T10:04:52.698+0800][34.600s][info][gc             ] GC(675) Pause Full (Allocation Failure) 59M->24M(61M) 7.844ms
[2026-06-17T10:04:52.699+0800][34.601s][info][gc,cpu         ] GC(675) User=0.01s Sys=0.00s Real=0.00s
[2026-06-17T10:04:52.741+0800][34.643s][info][gc,start       ] GC(676) Pause Young (Allocation Failure)
[2026-06-17T10:04:52.742+0800][34.644s][info][gc,heap        ] GC(676) DefNew: 17466K(19648K)->2172K(19648K) Eden: 17466K(17472K)->0K(17472K) From: 0K(2176K)->2172K(2176K)
[2026-06-17T10:04:52.742+0800][34.644s][info][gc,heap        ] GC(676) Tenured: 24954K(43712K)->29999K(43712K)
[2026-06-17T10:04:52.742+0800][34.645s][info][gc,metaspace   ] GC(676) Metaspace: 116K(320K)->116K(320K) NonClass: 109K(192K)->109K(192K) Class: 7K(128K)->7K(128K)
[2026-06-17T10:04:52.743+0800][34.645s][info][gc             ] GC(676) Pause Young (Allocation Failure) 41M->31M(61M) 2.099ms
[2026-06-17T10:04:52.743+0800][34.645s][info][gc,cpu         ] GC(676) User=0.00s Sys=0.00s Real=0.01s
[2026-06-17T10:04:52.785+0800][34.688s][info][gc,start       ] GC(677) Pause Young (Allocation Failure)
[2026-06-17T10:04:52.787+0800][34.689s][info][gc,heap        ] GC(677) DefNew: 19644K(19648K)->2175K(19648K) Eden: 17472K(17472K)->0K(17472K) From: 2172K(2176K)->2175K(2176K)
[2026-06-17T10:04:52.788+0800][34.690s][info][gc,heap        ] GC(677) Tenured: 29999K(43712K)->35324K(43712K)
[2026-06-17T10:04:52.788+0800][34.690s][info][gc,metaspace   ] GC(677) Metaspace: 116K(320K)->116K(320K) NonClass: 109K(192K)->109K(192K) Class: 7K(128K)->7K(128K)
[2026-06-17T10:04:52.789+0800][34.691s][info][gc             ] GC(677) Pause Young (Allocation Failure) 48M->36M(61M) 3.113ms
[2026-06-17T10:04:52.789+0800][34.691s][info][gc,cpu         ] GC(677) User=0.00s Sys=0.00s Real=0.00s
[2026-06-17T10:04:52.831+0800][34.734s][info][gc,start       ] GC(678) Pause Young (Allocation Failure)
[2026-06-17T10:04:52.833+0800][34.735s][info][gc,heap        ] GC(678) DefNew: 19628K(19648K)->2171K(19648K) Eden: 17452K(17472K)->0K(17472K) From: 2175K(2176K)->2171K(2176K)
[2026-06-17T10:04:52.833+0800][34.736s][info][gc,heap        ] GC(678) Tenured: 35324K(43712K)->39763K(43712K)
[2026-06-17T10:04:52.834+0800][34.736s][info][gc,metaspace   ] GC(678) Metaspace: 116K(320K)->116K(320K) NonClass: 109K(192K)->109K(192K) Class: 7K(128K)->7K(128K)
[2026-06-17T10:04:52.835+0800][34.737s][info][gc             ] GC(678) Pause Young (Allocation Failure) 53M->40M(61M) 3.529ms
[2026-06-17T10:04:52.835+0800][34.737s][info][gc,cpu         ] GC(678) User=0.00s Sys=0.00s Real=0.00s
[2026-06-17T10:04:52.878+0800][34.780s][info][gc,start       ] GC(679) Pause Full (Allocation Failure)
[2026-06-17T10:04:52.878+0800][34.781s][info][gc,phases,start] GC(679) Phase 1: Mark live objects
[2026-06-17T10:04:52.880+0800][34.782s][info][gc,phases      ] GC(679) Phase 1: Mark live objects 1.110ms
[2026-06-17T10:04:52.880+0800][34.782s][info][gc,phases,start] GC(679) Phase 2: Compute new object addresses
[2026-06-17T10:04:52.881+0800][34.783s][info][gc,phases      ] GC(679) Phase 2: Compute new object addresses 0.608ms
[2026-06-17T10:04:52.881+0800][34.783s][info][gc,phases,start] GC(679) Phase 3: Adjust pointers
[2026-06-17T10:04:52.882+0800][34.784s][info][gc,phases      ] GC(679) Phase 3: Adjust pointers 0.532ms
[2026-06-17T10:04:52.882+0800][34.784s][info][gc,phases,start] GC(679) Phase 4: Move objects
[2026-06-17T10:04:52.884+0800][34.786s][info][gc,phases      ] GC(679) Phase 4: Move objects 2.150ms
[2026-06-17T10:04:52.884+0800][34.787s][info][gc,heap        ] GC(679) DefNew: 19643K(19648K)->0K(19648K) Eden: 17472K(17472K)->0K(17472K) From: 2171K(2176K)->0K(2176K)
[2026-06-17T10:04:52.885+0800][34.787s][info][gc,heap        ] GC(679) Tenured: 39763K(43712K)->29146K(43712K)
[2026-06-17T10:04:52.885+0800][34.787s][info][gc,metaspace   ] GC(679) Metaspace: 116K(320K)->116K(320K) NonClass: 109K(192K)->109K(192K) Class: 7K(128K)->7K(128K)
[2026-06-17T10:04:52.885+0800][34.788s][info][gc             ] GC(679) Pause Full (Allocation Failure) 58M->28M(61M) 7.788ms
[2026-06-17T10:04:52.886+0800][34.788s][info][gc,cpu         ] GC(679) User=0.01s Sys=0.00s Real=0.01s
[2026-06-17T10:04:52.938+0800][34.840s][info][gc,start       ] GC(680) Pause Young (Allocation Failure)
[2026-06-17T10:04:52.939+0800][34.841s][info][gc,heap        ] GC(680) DefNew: 17440K(19648K)->2121K(19648K) Eden: 17440K(17472K)->0K(17472K) From: 0K(2176K)->2121K(2176K)
[2026-06-17T10:04:52.939+0800][34.842s][info][gc,heap        ] GC(680) Tenured: 29146K(43712K)->30936K(43712K)
[2026-06-17T10:04:52.940+0800][34.842s][info][gc,metaspace   ] GC(680) Metaspace: 116K(320K)->116K(320K) NonClass: 109K(192K)->109K(192K) Class: 7K(128K)->7K(128K)
[2026-06-17T10:04:52.940+0800][34.842s][info][gc             ] GC(680) Pause Young (Allocation Failure) 45M->32M(61M) 2.098ms
[2026-06-17T10:04:52.940+0800][34.842s][info][gc,cpu         ] GC(680) User=0.00s Sys=0.00s Real=0.00s
[2026-06-17T10:04:52.982+0800][34.884s][info][gc,start       ] GC(681) Pause Young (Allocation Failure)
[2026-06-17T10:04:52.983+0800][34.885s][info][gc,heap        ] GC(681) DefNew: 19545K(19648K)->2149K(19648K) Eden: 17423K(17472K)->0K(17472K) From: 2121K(2176K)->2149K(2176K)
[2026-06-17T10:04:52.983+0800][34.886s][info][gc,heap        ] GC(681) Tenured: 30936K(43712K)->34558K(43712K)
[2026-06-17T10:04:52.984+0800][34.886s][info][gc,metaspace   ] GC(681) Metaspace: 116K(320K)->116K(320K) NonClass: 109K(192K)->109K(192K) Class: 7K(128K)->7K(128K)
[2026-06-17T10:04:52.984+0800][34.886s][info][gc             ] GC(681) Pause Young (Allocation Failure) 49M->35M(61M) 1.582ms
[2026-06-17T10:04:52.984+0800][34.886s][info][gc,cpu         ] GC(681) User=0.00s Sys=0.00s Real=0.01s
[2026-06-17T10:04:53.026+0800][34.928s][info][gc,start       ] GC(682) Pause Young (Allocation Failure)
[2026-06-17T10:04:53.028+0800][34.930s][info][gc,heap        ] GC(682) DefNew: 19621K(19648K)->2172K(19648K) Eden: 17472K(17472K)->0K(17472K) From: 2149K(2176K)->2172K(2176K)
[2026-06-17T10:04:53.030+0800][34.932s][info][gc,heap        ] GC(682) Tenured: 34558K(43712K)->37931K(43712K)
[2026-06-17T10:04:53.033+0800][34.935s][info][gc,metaspace   ] GC(682) Metaspace: 116K(320K)->116K(320K) NonClass: 109K(192K)->109K(192K) Class: 7K(128K)->7K(128K)
[2026-06-17T10:04:53.035+0800][34.937s][info][gc             ] GC(682) Pause Young (Allocation Failure) 52M->39M(61M) 9.398ms
[2026-06-17T10:04:53.036+0800][34.938s][info][gc,cpu         ] GC(682) User=0.00s Sys=0.00s Real=0.01s
[2026-06-17T10:04:53.078+0800][34.980s][info][gc,start       ] GC(683) Pause Full (Allocation Failure)
[2026-06-17T10:04:53.078+0800][34.981s][info][gc,phases,start] GC(683) Phase 1: Mark live objects
[2026-06-17T10:04:53.080+0800][34.982s][info][gc,phases      ] GC(683) Phase 1: Mark live objects 1.010ms
[2026-06-17T10:04:53.080+0800][34.982s][info][gc,phases,start] GC(683) Phase 2: Compute new object addresses
[2026-06-17T10:04:53.080+0800][34.983s][info][gc,phases      ] GC(683) Phase 2: Compute new object addresses 0.494ms
[2026-06-17T10:04:53.081+0800][34.983s][info][gc,phases,start] GC(683) Phase 3: Adjust pointers
[2026-06-17T10:04:53.081+0800][34.983s][info][gc,phases      ] GC(683) Phase 3: Adjust pointers 0.510ms
[2026-06-17T10:04:53.082+0800][34.984s][info][gc,phases,start] GC(683) Phase 4: Move objects
[2026-06-17T10:04:53.084+0800][34.986s][info][gc,phases      ] GC(683) Phase 4: Move objects 2.091ms
[2026-06-17T10:04:53.084+0800][34.986s][info][gc,heap        ] GC(683) DefNew: 19469K(19648K)->0K(19648K) Eden: 17296K(17472K)->0K(17472K) From: 2172K(2176K)->0K(2176K)
[2026-06-17T10:04:53.085+0800][34.987s][info][gc,heap        ] GC(683) Tenured: 37931K(43712K)->28206K(43712K)
[2026-06-17T10:04:53.085+0800][34.987s][info][gc,metaspace   ] GC(683) Metaspace: 116K(320K)->116K(320K) NonClass: 109K(192K)->109K(192K) Class: 7K(128K)->7K(128K)
[2026-06-17T10:04:53.085+0800][34.987s][info][gc             ] GC(683) Pause Full (Allocation Failure) 56M->27M(61M) 7.141ms
[2026-06-17T10:04:53.085+0800][34.988s][info][gc,cpu         ] GC(683) User=0.00s Sys=0.00s Real=0.01s
[2026-06-17T10:04:53.138+0800][35.040s][info][gc,start       ] GC(684) Pause Young (Allocation Failure)
[2026-06-17T10:04:53.139+0800][35.041s][info][gc,heap        ] GC(684) DefNew: 17451K(19648K)->2118K(19648K) Eden: 17451K(17472K)->0K(17472K) From: 0K(2176K)->2118K(2176K)
[2026-06-17T10:04:53.139+0800][35.042s][info][gc,heap        ] GC(684) Tenured: 28206K(43712K)->29461K(43712K)
[2026-06-17T10:04:53.140+0800][35.042s][info][gc,metaspace   ] GC(684) Metaspace: 116K(320K)->116K(320K) NonClass: 109K(192K)->109K(192K) Class: 7K(128K)->7K(128K)
[2026-06-17T10:04:53.140+0800][35.042s][info][gc             ] GC(684) Pause Young (Allocation Failure) 44M->30M(61M) 1.803ms
[2026-06-17T10:04:53.140+0800][35.042s][info][gc,cpu         ] GC(684) User=0.00s Sys=0.00s Real=0.00s
[2026-06-17T10:04:53.182+0800][35.085s][info][gc,start       ] GC(685) Pause Young (Allocation Failure)
[2026-06-17T10:04:53.186+0800][35.088s][info][gc,heap        ] GC(685) DefNew: 19590K(19648K)->2172K(19648K) Eden: 17472K(17472K)->0K(17472K) From: 2118K(2176K)->2172K(2176K)
[2026-06-17T10:04:53.192+0800][35.095s][info][gc,heap        ] GC(685) Tenured: 29461K(43712K)->33527K(43712K)
[2026-06-17T10:04:53.202+0800][35.104s][info][gc,metaspace   ] GC(685) Metaspace: 116K(320K)->116K(320K) NonClass: 109K(192K)->109K(192K) Class: 7K(128K)->7K(128K)
[2026-06-17T10:04:53.204+0800][35.107s][info][gc             ] GC(685) Pause Young (Allocation Failure) 47M->34M(61M) 22.042ms
[2026-06-17T10:04:53.205+0800][35.107s][info][gc,cpu         ] GC(685) User=0.00s Sys=0.00s Real=0.02s
[2026-06-17T10:04:53.278+0800][35.180s][info][gc,start       ] GC(686) Pause Young (Allocation Failure)
[2026-06-17T10:04:53.280+0800][35.182s][info][gc,heap        ] GC(686) DefNew: 19635K(19648K)->2143K(19648K) Eden: 17462K(17472K)->0K(17472K) From: 2172K(2176K)->2143K(2176K)
[2026-06-17T10:04:53.282+0800][35.184s][info][gc,heap        ] GC(686) Tenured: 33527K(43712K)->37441K(43712K)
[2026-06-17T10:04:53.284+0800][35.187s][info][gc,metaspace   ] GC(686) Metaspace: 116K(320K)->116K(320K) NonClass: 109K(192K)->109K(192K) Class: 7K(128K)->7K(128K)
[2026-06-17T10:04:53.288+0800][35.191s][info][gc             ] GC(686) Pause Young (Allocation Failure) 51M->38M(61M) 10.412ms
[2026-06-17T10:04:53.290+0800][35.192s][info][gc,cpu         ] GC(686) User=0.00s Sys=0.00s Real=0.01s
[2026-06-17T10:04:53.333+0800][35.235s][info][gc,start       ] GC(687) Pause Full (Allocation Failure)
[2026-06-17T10:04:53.334+0800][35.236s][info][gc,phases,start] GC(687) Phase 1: Mark live objects
[2026-06-17T10:04:53.336+0800][35.238s][info][gc,phases      ] GC(687) Phase 1: Mark live objects 2.488ms
[2026-06-17T10:04:53.337+0800][35.239s][info][gc,phases,start] GC(687) Phase 2: Compute new object addresses
[2026-06-17T10:04:53.338+0800][35.240s][info][gc,phases      ] GC(687) Phase 2: Compute new object addresses 0.687ms
[2026-06-17T10:04:53.338+0800][35.240s][info][gc,phases,start] GC(687) Phase 3: Adjust pointers
[2026-06-17T10:04:53.339+0800][35.241s][info][gc,phases      ] GC(687) Phase 3: Adjust pointers 1.000ms
[2026-06-17T10:04:53.339+0800][35.242s][info][gc,phases,start] GC(687) Phase 4: Move objects
[2026-06-17T10:04:53.342+0800][35.244s][info][gc,phases      ] GC(687) Phase 4: Move objects 2.719ms
[2026-06-17T10:04:53.344+0800][35.246s][info][gc,heap        ] GC(687) DefNew: 19595K(19648K)->0K(19648K) Eden: 17451K(17472K)->0K(17472K) From: 2143K(2176K)->0K(2176K)
[2026-06-17T10:04:53.344+0800][35.246s][info][gc,heap        ] GC(687) Tenured: 37441K(43712K)->33506K(43712K)
[2026-06-17T10:04:53.345+0800][35.247s][info][gc,metaspace   ] GC(687) Metaspace: 116K(320K)->116K(320K) NonClass: 109K(192K)->109K(192K) Class: 7K(128K)->7K(128K)
[2026-06-17T10:04:53.345+0800][35.247s][info][gc             ] GC(687) Pause Full (Allocation Failure) 55M->32M(61M) 12.084ms
[2026-06-17T10:04:53.345+0800][35.248s][info][gc,cpu         ] GC(687) User=0.00s Sys=0.00s Real=0.01s
[2026-06-17T10:04:53.388+0800][35.290s][info][gc,start       ] GC(688) Pause Young (Allocation Failure)
[2026-06-17T10:04:53.389+0800][35.291s][info][gc,heap        ] GC(688) DefNew: 17277K(19648K)->2099K(19648K) Eden: 17277K(17472K)->0K(17472K) From: 0K(2176K)->2099K(2176K)
[2026-06-17T10:04:53.389+0800][35.291s][info][gc,heap        ] GC(688) Tenured: 33506K(43712K)->34716K(43712K)
[2026-06-17T10:04:53.389+0800][35.291s][info][gc,metaspace   ] GC(688) Metaspace: 116K(320K)->116K(320K) NonClass: 109K(192K)->109K(192K) Class: 7K(128K)->7K(128K)
[2026-06-17T10:04:53.389+0800][35.292s][info][gc             ] GC(688) Pause Young (Allocation Failure) 49M->35M(61M) 1.788ms
[2026-06-17T10:04:53.390+0800][35.292s][info][gc,cpu         ] GC(688) User=0.00s Sys=0.00s Real=0.00s
[2026-06-17T10:04:53.432+0800][35.334s][info][gc,start       ] GC(689) Pause Young (Allocation Failure)
[2026-06-17T10:04:53.434+0800][35.336s][info][gc,heap        ] GC(689) DefNew: 19569K(19648K)->2168K(19648K) Eden: 17469K(17472K)->0K(17472K) From: 2099K(2176K)->2168K(2176K)
[2026-06-17T10:04:53.434+0800][35.336s][info][gc,heap        ] GC(689) Tenured: 34716K(43712K)->41203K(43712K)
[2026-06-17T10:04:53.434+0800][35.336s][info][gc,metaspace   ] GC(689) Metaspace: 116K(320K)->116K(320K) NonClass: 109K(192K)->109K(192K) Class: 7K(128K)->7K(128K)
[2026-06-17T10:04:53.434+0800][35.337s][info][gc             ] GC(689) Pause Young (Allocation Failure) 53M->42M(61M) 2.213ms
[2026-06-17T10:04:53.435+0800][35.337s][info][gc,cpu         ] GC(689) User=0.00s Sys=0.00s Real=0.00s
[2026-06-17T10:04:53.477+0800][35.379s][info][gc,start       ] GC(690) Pause Full (Allocation Failure)
[2026-06-17T10:04:53.477+0800][35.380s][info][gc,phases,start] GC(690) Phase 1: Mark live objects
[2026-06-17T10:04:53.478+0800][35.380s][info][gc,phases      ] GC(690) Phase 1: Mark live objects 0.849ms
[2026-06-17T10:04:53.479+0800][35.381s][info][gc,phases,start] GC(690) Phase 2: Compute new object addresses
[2026-06-17T10:04:53.479+0800][35.381s][info][gc,phases      ] GC(690) Phase 2: Compute new object addresses 0.435ms
[2026-06-17T10:04:53.479+0800][35.381s][info][gc,phases,start] GC(690) Phase 3: Adjust pointers
[2026-06-17T10:04:53.480+0800][35.382s][info][gc,phases      ] GC(690) Phase 3: Adjust pointers 0.838ms
[2026-06-17T10:04:53.480+0800][35.382s][info][gc,phases,start] GC(690) Phase 4: Move objects
[2026-06-17T10:04:53.482+0800][35.385s][info][gc,phases      ] GC(690) Phase 4: Move objects 2.220ms
[2026-06-17T10:04:53.483+0800][35.385s][info][gc,heap        ] GC(690) DefNew: 19584K(19648K)->0K(19648K) Eden: 17416K(17472K)->0K(17472K) From: 2168K(2176K)->0K(2176K)
[2026-06-17T10:04:53.483+0800][35.385s][info][gc,heap        ] GC(690) Tenured: 41203K(43712K)->34484K(43712K)
[2026-06-17T10:04:53.483+0800][35.385s][info][gc,metaspace   ] GC(690) Metaspace: 116K(320K)->116K(320K) NonClass: 109K(192K)->109K(192K) Class: 7K(128K)->7K(128K)
[2026-06-17T10:04:53.483+0800][35.386s][info][gc             ] GC(690) Pause Full (Allocation Failure) 59M->33M(61M) 6.339ms
[2026-06-17T10:04:53.483+0800][35.386s][info][gc,cpu         ] GC(690) User=0.00s Sys=0.00s Real=0.01s
[2026-06-17T10:04:53.526+0800][35.428s][info][gc,start       ] GC(691) Pause Young (Allocation Failure)
[2026-06-17T10:04:53.527+0800][35.429s][info][gc,heap        ] GC(691) DefNew: 17304K(19648K)->2175K(19648K) Eden: 17304K(17472K)->0K(17472K) From: 0K(2176K)->2175K(2176K)
[2026-06-17T10:04:53.527+0800][35.429s][info][gc,heap        ] GC(691) Tenured: 34484K(43712K)->35985K(43712K)
[2026-06-17T10:04:53.528+0800][35.430s][info][gc,metaspace   ] GC(691) Metaspace: 116K(320K)->116K(320K) NonClass: 109K(192K)->109K(192K) Class: 7K(128K)->7K(128K)
[2026-06-17T10:04:53.528+0800][35.430s][info][gc             ] GC(691) Pause Young (Allocation Failure) 50M->37M(61M) 2.491ms
[2026-06-17T10:04:53.529+0800][35.431s][info][gc,cpu         ] GC(691) User=0.00s Sys=0.00s Real=0.00s
[2026-06-17T10:04:53.581+0800][35.483s][info][gc,start       ] GC(692) Pause Young (Allocation Failure)
[2026-06-17T10:04:53.582+0800][35.485s][info][gc,heap        ] GC(692) DefNew: 19641K(19648K)->2098K(19648K) Eden: 17466K(17472K)->0K(17472K) From: 2175K(2176K)->2098K(2176K)
[2026-06-17T10:04:53.583+0800][35.485s][info][gc,heap        ] GC(692) Tenured: 35985K(43712K)->39879K(43712K)
[2026-06-17T10:04:53.583+0800][35.485s][info][gc,metaspace   ] GC(692) Metaspace: 116K(320K)->116K(320K) NonClass: 109K(192K)->109K(192K) Class: 7K(128K)->7K(128K)
[2026-06-17T10:04:53.583+0800][35.486s][info][gc             ] GC(692) Pause Young (Allocation Failure) 54M->40M(61M) 2.166ms
[2026-06-17T10:04:53.584+0800][35.486s][info][gc,cpu         ] GC(692) User=0.00s Sys=0.00s Real=0.01s
[2026-06-17T10:04:53.626+0800][35.528s][info][gc,start       ] GC(693) Pause Full (Allocation Failure)
[2026-06-17T10:04:53.626+0800][35.529s][info][gc,phases,start] GC(693) Phase 1: Mark live objects
[2026-06-17T10:04:53.627+0800][35.530s][info][gc,phases      ] GC(693) Phase 1: Mark live objects 1.001ms
[2026-06-17T10:04:53.628+0800][35.530s][info][gc,phases,start] GC(693) Phase 2: Compute new object addresses
[2026-06-17T10:04:53.629+0800][35.531s][info][gc,phases      ] GC(693) Phase 2: Compute new object addresses 0.800ms
[2026-06-17T10:04:53.629+0800][35.531s][info][gc,phases,start] GC(693) Phase 3: Adjust pointers
[2026-06-17T10:04:53.629+0800][35.531s][info][gc,phases      ] GC(693) Phase 3: Adjust pointers 0.464ms
[2026-06-17T10:04:53.629+0800][35.532s][info][gc,phases,start] GC(693) Phase 4: Move objects
[2026-06-17T10:04:53.631+0800][35.534s][info][gc,phases      ] GC(693) Phase 4: Move objects 1.894ms
[2026-06-17T10:04:53.632+0800][35.534s][info][gc,heap        ] GC(693) DefNew: 19570K(19648K)->0K(19648K) Eden: 17472K(17472K)->0K(17472K) From: 2098K(2176K)->0K(2176K)
[2026-06-17T10:04:53.632+0800][35.534s][info][gc,heap        ] GC(693) Tenured: 39879K(43712K)->32143K(43712K)
[2026-06-17T10:04:53.632+0800][35.534s][info][gc,metaspace   ] GC(693) Metaspace: 116K(320K)->116K(320K) NonClass: 109K(192K)->109K(192K) Class: 7K(128K)->7K(128K)
[2026-06-17T10:04:53.632+0800][35.535s][info][gc             ] GC(693) Pause Full (Allocation Failure) 58M->31M(61M) 6.579ms
[2026-06-17T10:04:53.632+0800][35.535s][info][gc,cpu         ] GC(693) User=0.00s Sys=0.00s Real=0.01s
[2026-06-17T10:04:53.674+0800][35.577s][info][gc,start       ] GC(694) Pause Young (Allocation Failure)
[2026-06-17T10:04:53.676+0800][35.578s][info][gc,heap        ] GC(694) DefNew: 17413K(19648K)->2167K(19648K) Eden: 17413K(17472K)->0K(17472K) From: 0K(2176K)->2167K(2176K)
[2026-06-17T10:04:53.676+0800][35.578s][info][gc,heap        ] GC(694) Tenured: 32143K(43712K)->37209K(43712K)
[2026-06-17T10:04:53.676+0800][35.578s][info][gc,metaspace   ] GC(694) Metaspace: 116K(320K)->116K(320K) NonClass: 109K(192K)->109K(192K) Class: 7K(128K)->7K(128K)
[2026-06-17T10:04:53.676+0800][35.578s][info][gc             ] GC(694) Pause Young (Allocation Failure) 48M->38M(61M) 1.658ms
[2026-06-17T10:04:53.676+0800][35.578s][info][gc,cpu         ] GC(694) User=0.00s Sys=0.00s Real=0.00s
[2026-06-17T10:04:53.718+0800][35.620s][info][gc,start       ] GC(695) Pause Full (Allocation Failure)
[2026-06-17T10:04:53.719+0800][35.621s][info][gc,phases,start] GC(695) Phase 1: Mark live objects
[2026-06-17T10:04:53.720+0800][35.622s][info][gc,phases      ] GC(695) Phase 1: Mark live objects 0.911ms
[2026-06-17T10:04:53.720+0800][35.622s][info][gc,phases,start] GC(695) Phase 2: Compute new object addresses
[2026-06-17T10:04:53.721+0800][35.623s][info][gc,phases      ] GC(695) Phase 2: Compute new object addresses 0.574ms
[2026-06-17T10:04:53.721+0800][35.623s][info][gc,phases,start] GC(695) Phase 3: Adjust pointers
[2026-06-17T10:04:53.722+0800][35.624s][info][gc,phases      ] GC(695) Phase 3: Adjust pointers 0.456ms
[2026-06-17T10:04:53.722+0800][35.624s][info][gc,phases,start] GC(695) Phase 4: Move objects
[2026-06-17T10:04:53.724+0800][35.626s][info][gc,phases      ] GC(695) Phase 4: Move objects 2.079ms
[2026-06-17T10:04:53.724+0800][35.626s][info][gc,heap        ] GC(695) DefNew: 19634K(19648K)->0K(19648K) Eden: 17466K(17472K)->0K(17472K) From: 2167K(2176K)->0K(2176K)
[2026-06-17T10:04:53.724+0800][35.626s][info][gc,heap        ] GC(695) Tenured: 37209K(43712K)->22423K(43712K)
[2026-06-17T10:04:53.724+0800][35.627s][info][gc,metaspace   ] GC(695) Metaspace: 116K(320K)->116K(320K) NonClass: 109K(192K)->109K(192K) Class: 7K(128K)->7K(128K)
[2026-06-17T10:04:53.725+0800][35.627s][info][gc             ] GC(695) Pause Full (Allocation Failure) 55M->21M(61M) 6.334ms
[2026-06-17T10:04:53.725+0800][35.627s][info][gc,cpu         ] GC(695) User=0.01s Sys=0.00s Real=0.01s
[2026-06-17T10:04:53.767+0800][35.669s][info][gc,start       ] GC(696) Pause Young (Allocation Failure)
[2026-06-17T10:04:53.768+0800][35.670s][info][gc,heap        ] GC(696) DefNew: 17472K(19648K)->2173K(19648K) Eden: 17472K(17472K)->0K(17472K) From: 0K(2176K)->2173K(2176K)
[2026-06-17T10:04:53.768+0800][35.671s][info][gc,heap        ] GC(696) Tenured: 22423K(43712K)->27664K(43712K)
[2026-06-17T10:04:53.769+0800][35.671s][info][gc,metaspace   ] GC(696) Metaspace: 116K(320K)->116K(320K) NonClass: 109K(192K)->109K(192K) Class: 7K(128K)->7K(128K)
[2026-06-17T10:04:53.769+0800][35.671s][info][gc             ] GC(696) Pause Young (Allocation Failure) 38M->29M(61M) 1.979ms
[2026-06-17T10:04:53.769+0800][35.671s][info][gc,cpu         ] GC(696) User=0.00s Sys=0.00s Real=0.00s
[2026-06-17T10:04:53.821+0800][35.723s][info][gc,start       ] GC(697) Pause Young (Allocation Failure)
[2026-06-17T10:04:53.822+0800][35.724s][info][gc,heap        ] GC(697) DefNew: 19645K(19648K)->2087K(19648K) Eden: 17472K(17472K)->0K(17472K) From: 2173K(2176K)->2087K(2176K)
[2026-06-17T10:04:53.823+0800][35.725s][info][gc,heap        ] GC(697) Tenured: 27664K(43712K)->31226K(43712K)
[2026-06-17T10:04:53.823+0800][35.725s][info][gc,metaspace   ] GC(697) Metaspace: 116K(320K)->116K(320K) NonClass: 109K(192K)->109K(192K) Class: 7K(128K)->7K(128K)
[2026-06-17T10:04:53.823+0800][35.726s][info][gc             ] GC(697) Pause Young (Allocation Failure) 46M->32M(61M) 2.297ms
[2026-06-17T10:04:53.824+0800][35.726s][info][gc,cpu         ] GC(697) User=0.00s Sys=0.00s Real=0.01s
[2026-06-17T10:04:53.866+0800][35.768s][info][gc,start       ] GC(698) Pause Young (Allocation Failure)
[2026-06-17T10:04:53.867+0800][35.769s][info][gc,heap        ] GC(698) DefNew: 19559K(19648K)->2099K(19648K) Eden: 17472K(17472K)->0K(17472K) From: 2087K(2176K)->2099K(2176K)
[2026-06-17T10:04:53.867+0800][35.769s][info][gc,heap        ] GC(698) Tenured: 31226K(43712K)->34561K(43712K)
[2026-06-17T10:04:53.867+0800][35.769s][info][gc,metaspace   ] GC(698) Metaspace: 116K(320K)->116K(320K) NonClass: 109K(192K)->109K(192K) Class: 7K(128K)->7K(128K)
[2026-06-17T10:04:53.867+0800][35.770s][info][gc             ] GC(698) Pause Young (Allocation Failure) 49M->35M(61M) 1.631ms
[2026-06-17T10:04:53.868+0800][35.770s][info][gc,cpu         ] GC(698) User=0.00s Sys=0.00s Real=0.00s
[2026-06-17T10:04:53.900+0800][35.802s][info][gc,start       ] GC(699) Pause Young (Allocation Failure)
[2026-06-17T10:04:53.901+0800][35.803s][info][gc,heap        ] GC(699) DefNew: 19413K(19648K)->2173K(19648K) Eden: 17313K(17472K)->0K(17472K) From: 2099K(2176K)->2173K(2176K)
[2026-06-17T10:04:53.901+0800][35.804s][info][gc,heap        ] GC(699) Tenured: 34561K(43712K)->37553K(43712K)
[2026-06-17T10:04:53.902+0800][35.804s][info][gc,metaspace   ] GC(699) Metaspace: 116K(320K)->116K(320K) NonClass: 109K(192K)->109K(192K) Class: 7K(128K)->7K(128K)
[2026-06-17T10:04:53.902+0800][35.804s][info][gc             ] GC(699) Pause Young (Allocation Failure) 52M->38M(61M) 1.933ms
[2026-06-17T10:04:53.902+0800][35.804s][info][gc,cpu         ] GC(699) User=0.00s Sys=0.01s Real=0.00s
[2026-06-17T10:04:53.955+0800][35.857s][info][gc,start       ] GC(700) Pause Full (Allocation Failure)
[2026-06-17T10:04:53.955+0800][35.857s][info][gc,phases,start] GC(700) Phase 1: Mark live objects
[2026-06-17T10:04:53.956+0800][35.859s][info][gc,phases      ] GC(700) Phase 1: Mark live objects 1.213ms
[2026-06-17T10:04:53.957+0800][35.859s][info][gc,phases,start] GC(700) Phase 2: Compute new object addresses
[2026-06-17T10:04:53.957+0800][35.859s][info][gc,phases      ] GC(700) Phase 2: Compute new object addresses 0.445ms
[2026-06-17T10:04:53.958+0800][35.860s][info][gc,phases,start] GC(700) Phase 3: Adjust pointers
[2026-06-17T10:04:53.958+0800][35.860s][info][gc,phases      ] GC(700) Phase 3: Adjust pointers 0.596ms
[2026-06-17T10:04:53.959+0800][35.861s][info][gc,phases,start] GC(700) Phase 4: Move objects
[2026-06-17T10:04:53.960+0800][35.862s][info][gc,phases      ] GC(700) Phase 4: Move objects 1.785ms
[2026-06-17T10:04:53.961+0800][35.863s][info][gc,heap        ] GC(700) DefNew: 19644K(19648K)->0K(19648K) Eden: 17471K(17472K)->0K(17472K) From: 2173K(2176K)->0K(2176K)
[2026-06-17T10:04:53.961+0800][35.863s][info][gc,heap        ] GC(700) Tenured: 37553K(43712K)->26838K(43712K)
[2026-06-17T10:04:53.961+0800][35.863s][info][gc,metaspace   ] GC(700) Metaspace: 116K(320K)->116K(320K) NonClass: 109K(192K)->109K(192K) Class: 7K(128K)->7K(128K)
[2026-06-17T10:04:53.961+0800][35.863s][info][gc             ] GC(700) Pause Full (Allocation Failure) 55M->26M(61M) 6.208ms
[2026-06-17T10:04:53.961+0800][35.863s][info][gc,cpu         ] GC(700) User=0.01s Sys=0.00s Real=0.00s
[2026-06-17T10:04:54.003+0800][35.905s][info][gc,start       ] GC(701) Pause Young (Allocation Failure)
[2026-06-17T10:04:54.005+0800][35.907s][info][gc,heap        ] GC(701) DefNew: 17472K(19648K)->2175K(19648K) Eden: 17472K(17472K)->0K(17472K) From: 0K(2176K)->2175K(2176K)
[2026-06-17T10:04:54.006+0800][35.908s][info][gc,heap        ] GC(701) Tenured: 26838K(43712K)->31765K(43712K)
[2026-06-17T10:04:54.006+0800][35.908s][info][gc,metaspace   ] GC(701) Metaspace: 116K(320K)->116K(320K) NonClass: 109K(192K)->109K(192K) Class: 7K(128K)->7K(128K)
[2026-06-17T10:04:54.006+0800][35.909s][info][gc             ] GC(701) Pause Young (Allocation Failure) 43M->33M(61M) 3.140ms
[2026-06-17T10:04:54.007+0800][35.909s][info][gc,cpu         ] GC(701) User=0.00s Sys=0.00s Real=0.00s
[2026-06-17T10:04:54.049+0800][35.951s][info][gc,start       ] GC(702) Pause Young (Allocation Failure)
[2026-06-17T10:04:54.050+0800][35.953s][info][gc,heap        ] GC(702) DefNew: 19622K(19648K)->2172K(19648K) Eden: 17446K(17472K)->0K(17472K) From: 2175K(2176K)->2172K(2176K)
[2026-06-17T10:04:54.051+0800][35.953s][info][gc,heap        ] GC(702) Tenured: 31765K(43712K)->38598K(43712K)
[2026-06-17T10:04:54.051+0800][35.953s][info][gc,metaspace   ] GC(702) Metaspace: 116K(320K)->116K(320K) NonClass: 109K(192K)->109K(192K) Class: 7K(128K)->7K(128K)
[2026-06-17T10:04:54.052+0800][35.954s][info][gc             ] GC(702) Pause Young (Allocation Failure) 50M->39M(61M) 2.496ms
[2026-06-17T10:04:54.052+0800][35.954s][info][gc,cpu         ] GC(702) User=0.00s Sys=0.00s Real=0.01s
[2026-06-17T10:04:54.094+0800][35.996s][info][gc,start       ] GC(703) Pause Full (Allocation Failure)
[2026-06-17T10:04:54.095+0800][35.997s][info][gc,phases,start] GC(703) Phase 1: Mark live objects
[2026-06-17T10:04:54.096+0800][35.998s][info][gc,phases      ] GC(703) Phase 1: Mark live objects 1.189ms
[2026-06-17T10:04:54.096+0800][35.998s][info][gc,phases,start] GC(703) Phase 2: Compute new object addresses
[2026-06-17T10:04:54.097+0800][35.999s][info][gc,phases      ] GC(703) Phase 2: Compute new object addresses 0.472ms
[2026-06-17T10:04:54.097+0800][35.999s][info][gc,phases,start] GC(703) Phase 3: Adjust pointers
[2026-06-17T10:04:54.098+0800][36.000s][info][gc,phases      ] GC(703) Phase 3: Adjust pointers 0.669ms
[2026-06-17T10:04:54.098+0800][36.000s][info][gc,phases,start] GC(703) Phase 4: Move objects
[2026-06-17T10:04:54.100+0800][36.002s][info][gc,phases      ] GC(703) Phase 4: Move objects 2.067ms
[2026-06-17T10:04:54.100+0800][36.003s][info][gc,heap        ] GC(703) DefNew: 19644K(19648K)->0K(19648K) Eden: 17472K(17472K)->0K(17472K) From: 2172K(2176K)->0K(2176K)
[2026-06-17T10:04:54.101+0800][36.003s][info][gc,heap        ] GC(703) Tenured: 38598K(43712K)->26659K(43712K)
[2026-06-17T10:04:54.101+0800][36.003s][info][gc,metaspace   ] GC(703) Metaspace: 116K(320K)->116K(320K) NonClass: 109K(192K)->109K(192K) Class: 7K(128K)->7K(128K)
[2026-06-17T10:04:54.101+0800][36.004s][info][gc             ] GC(703) Pause Full (Allocation Failure) 56M->26M(61M) 7.413ms
[2026-06-17T10:04:54.102+0800][36.004s][info][gc,cpu         ] GC(703) User=0.01s Sys=0.00s Real=0.00s
[2026-06-17T10:04:54.144+0800][36.046s][info][gc,start       ] GC(704) Pause Young (Allocation Failure)
[2026-06-17T10:04:54.146+0800][36.048s][info][gc,heap        ] GC(704) DefNew: 17451K(19648K)->2174K(19648K) Eden: 17451K(17472K)->0K(17472K) From: 0K(2176K)->2174K(2176K)
[2026-06-17T10:04:54.147+0800][36.049s][info][gc,heap        ] GC(704) Tenured: 26659K(43712K)->31122K(43712K)
[2026-06-17T10:04:54.147+0800][36.049s][info][gc,metaspace   ] GC(704) Metaspace: 116K(320K)->116K(320K) NonClass: 109K(192K)->109K(192K) Class: 7K(128K)->7K(128K)
[2026-06-17T10:04:54.147+0800][36.049s][info][gc             ] GC(704) Pause Young (Allocation Failure) 43M->32M(61M) 3.010ms
[2026-06-17T10:04:54.147+0800][36.049s][info][gc,cpu         ] GC(704) User=0.00s Sys=0.00s Real=0.00s
[2026-06-17T10:04:54.190+0800][36.092s][info][gc,start       ] GC(705) Pause Young (Allocation Failure)
[2026-06-17T10:04:54.191+0800][36.093s][info][gc,heap        ] GC(705) DefNew: 19646K(19648K)->2175K(19648K) Eden: 17472K(17472K)->0K(17472K) From: 2174K(2176K)->2175K(2176K)
[2026-06-17T10:04:54.191+0800][36.093s][info][gc,heap        ] GC(705) Tenured: 31122K(43712K)->36915K(43712K)
[2026-06-17T10:04:54.192+0800][36.094s][info][gc,metaspace   ] GC(705) Metaspace: 116K(320K)->116K(320K) NonClass: 109K(192K)->109K(192K) Class: 7K(128K)->7K(128K)
[2026-06-17T10:04:54.192+0800][36.094s][info][gc             ] GC(705) Pause Young (Allocation Failure) 49M->38M(61M) 2.150ms
[2026-06-17T10:04:54.192+0800][36.095s][info][gc,cpu         ] GC(705) User=0.00s Sys=0.00s Real=0.01s
[2026-06-17T10:04:54.235+0800][36.137s][info][gc,start       ] GC(706) Pause Full (Allocation Failure)
[2026-06-17T10:04:54.235+0800][36.137s][info][gc,phases,start] GC(706) Phase 1: Mark live objects
[2026-06-17T10:04:54.236+0800][36.138s][info][gc,phases      ] GC(706) Phase 1: Mark live objects 0.908ms
[2026-06-17T10:04:54.236+0800][36.139s][info][gc,phases,start] GC(706) Phase 2: Compute new object addresses
[2026-06-17T10:04:54.237+0800][36.139s][info][gc,phases      ] GC(706) Phase 2: Compute new object addresses 0.598ms
[2026-06-17T10:04:54.237+0800][36.139s][info][gc,phases,start] GC(706) Phase 3: Adjust pointers
[2026-06-17T10:04:54.238+0800][36.140s][info][gc,phases      ] GC(706) Phase 3: Adjust pointers 0.431ms
[2026-06-17T10:04:54.238+0800][36.140s][info][gc,phases,start] GC(706) Phase 4: Move objects
[2026-06-17T10:04:54.240+0800][36.142s][info][gc,phases      ] GC(706) Phase 4: Move objects 1.655ms
[2026-06-17T10:04:54.240+0800][36.142s][info][gc,heap        ] GC(706) DefNew: 19647K(19648K)->0K(19648K) Eden: 17472K(17472K)->0K(17472K) From: 2175K(2176K)->0K(2176K)
[2026-06-17T10:04:54.240+0800][36.142s][info][gc,heap        ] GC(706) Tenured: 36915K(43712K)->26755K(43712K)
[2026-06-17T10:04:54.240+0800][36.142s][info][gc,metaspace   ] GC(706) Metaspace: 116K(320K)->116K(320K) NonClass: 109K(192K)->109K(192K) Class: 7K(128K)->7K(128K)
[2026-06-17T10:04:54.241+0800][36.143s][info][gc             ] GC(706) Pause Full (Allocation Failure) 55M->26M(61M) 5.999ms
[2026-06-17T10:04:54.241+0800][36.143s][info][gc,cpu         ] GC(706) User=0.01s Sys=0.00s Real=0.00s
[2026-06-17T10:04:54.283+0800][36.185s][info][gc,start       ] GC(707) Pause Young (Allocation Failure)
[2026-06-17T10:04:54.284+0800][36.186s][info][gc,heap        ] GC(707) DefNew: 17342K(19648K)->2141K(19648K) Eden: 17342K(17472K)->0K(17472K) From: 0K(2176K)->2141K(2176K)
[2026-06-17T10:04:54.285+0800][36.187s][info][gc,heap        ] GC(707) Tenured: 26755K(43712K)->28367K(43712K)
[2026-06-17T10:04:54.285+0800][36.187s][info][gc,metaspace   ] GC(707) Metaspace: 116K(320K)->116K(320K) NonClass: 109K(192K)->109K(192K) Class: 7K(128K)->7K(128K)
[2026-06-17T10:04:54.285+0800][36.187s][info][gc             ] GC(707) Pause Young (Allocation Failure) 43M->29M(61M) 1.795ms
[2026-06-17T10:04:54.285+0800][36.187s][info][gc,cpu         ] GC(707) User=0.00s Sys=0.00s Real=0.00s
[2026-06-17T10:04:54.337+0800][36.240s][info][gc,start       ] GC(708) Pause Young (Allocation Failure)
[2026-06-17T10:04:54.339+0800][36.241s][info][gc,heap        ] GC(708) DefNew: 19571K(19648K)->2115K(19648K) Eden: 17430K(17472K)->0K(17472K) From: 2141K(2176K)->2115K(2176K)
[2026-06-17T10:04:54.339+0800][36.241s][info][gc,heap        ] GC(708) Tenured: 28367K(43712K)->31811K(43712K)
[2026-06-17T10:04:54.339+0800][36.242s][info][gc,metaspace   ] GC(708) Metaspace: 116K(320K)->116K(320K) NonClass: 109K(192K)->109K(192K) Class: 7K(128K)->7K(128K)
[2026-06-17T10:04:54.340+0800][36.242s][info][gc             ] GC(708) Pause Young (Allocation Failure) 46M->33M(61M) 2.141ms
[2026-06-17T10:04:54.340+0800][36.242s][info][gc,cpu         ] GC(708) User=0.00s Sys=0.00s Real=0.00s
[2026-06-17T10:04:54.382+0800][36.284s][info][gc,start       ] GC(709) Pause Young (Allocation Failure)
[2026-06-17T10:04:54.383+0800][36.285s][info][gc,heap        ] GC(709) DefNew: 19587K(19648K)->2166K(19648K) Eden: 17472K(17472K)->0K(17472K) From: 2115K(2176K)->2166K(2176K)
[2026-06-17T10:04:54.383+0800][36.286s][info][gc,heap        ] GC(709) Tenured: 31811K(43712K)->35380K(43712K)
[2026-06-17T10:04:54.383+0800][36.286s][info][gc,metaspace   ] GC(709) Metaspace: 116K(320K)->116K(320K) NonClass: 109K(192K)->109K(192K) Class: 7K(128K)->7K(128K)
[2026-06-17T10:04:54.384+0800][36.286s][info][gc             ] GC(709) Pause Young (Allocation Failure) 50M->36M(61M) 1.751ms
[2026-06-17T10:04:54.384+0800][36.286s][info][gc,cpu         ] GC(709) User=0.00s Sys=0.00s Real=0.01s
[2026-06-17T10:04:54.426+0800][36.328s][info][gc,start       ] GC(710) Pause Young (Allocation Failure)
[2026-06-17T10:04:54.427+0800][36.329s][info][gc,heap        ] GC(710) DefNew: 19638K(19648K)->2172K(19648K) Eden: 17472K(17472K)->0K(17472K) From: 2166K(2176K)->2172K(2176K)
[2026-06-17T10:04:54.427+0800][36.329s][info][gc,heap        ] GC(710) Tenured: 35380K(43712K)->39501K(43712K)
[2026-06-17T10:04:54.427+0800][36.329s][info][gc,metaspace   ] GC(710) Metaspace: 116K(320K)->116K(320K) NonClass: 109K(192K)->109K(192K) Class: 7K(128K)->7K(128K)
[2026-06-17T10:04:54.427+0800][36.330s][info][gc             ] GC(710) Pause Young (Allocation Failure) 53M->40M(61M) 1.697ms
[2026-06-17T10:04:54.428+0800][36.330s][info][gc,cpu         ] GC(710) User=0.00s Sys=0.00s Real=0.00s
[2026-06-17T10:04:54.470+0800][36.372s][info][gc,start       ] GC(711) Pause Full (Allocation Failure)
[2026-06-17T10:04:54.470+0800][36.372s][info][gc,phases,start] GC(711) Phase 1: Mark live objects
[2026-06-17T10:04:54.471+0800][36.373s][info][gc,phases      ] GC(711) Phase 1: Mark live objects 0.991ms
[2026-06-17T10:04:54.471+0800][36.373s][info][gc,phases,start] GC(711) Phase 2: Compute new object addresses
[2026-06-17T10:04:54.472+0800][36.374s][info][gc,phases      ] GC(711) Phase 2: Compute new object addresses 0.491ms
[2026-06-17T10:04:54.472+0800][36.374s][info][gc,phases,start] GC(711) Phase 3: Adjust pointers
[2026-06-17T10:04:54.473+0800][36.375s][info][gc,phases      ] GC(711) Phase 3: Adjust pointers 0.514ms
[2026-06-17T10:04:54.473+0800][36.375s][info][gc,phases,start] GC(711) Phase 4: Move objects
[2026-06-17T10:04:54.475+0800][36.377s][info][gc,phases      ] GC(711) Phase 4: Move objects 2.033ms
[2026-06-17T10:04:54.475+0800][36.377s][info][gc,heap        ] GC(711) DefNew: 19644K(19648K)->0K(19648K) Eden: 17472K(17472K)->0K(17472K) From: 2172K(2176K)->0K(2176K)
[2026-06-17T10:04:54.475+0800][36.378s][info][gc,heap        ] GC(711) Tenured: 39501K(43712K)->31223K(43712K)
[2026-06-17T10:04:54.476+0800][36.378s][info][gc,metaspace   ] GC(711) Metaspace: 116K(320K)->116K(320K) NonClass: 109K(192K)->109K(192K) Class: 7K(128K)->7K(128K)
[2026-06-17T10:04:54.476+0800][36.378s][info][gc             ] GC(711) Pause Full (Allocation Failure) 57M->30M(61M) 6.107ms
[2026-06-17T10:04:54.476+0800][36.378s][info][gc,cpu         ] GC(711) User=0.00s Sys=0.00s Real=0.01s
[2026-06-17T10:04:54.518+0800][36.420s][info][gc,start       ] GC(712) Pause Young (Allocation Failure)
[2026-06-17T10:04:54.519+0800][36.421s][info][gc,heap        ] GC(712) DefNew: 17427K(19648K)->2124K(19648K) Eden: 17427K(17472K)->0K(17472K) From: 0K(2176K)->2124K(2176K)
[2026-06-17T10:04:54.519+0800][36.421s][info][gc,heap        ] GC(712) Tenured: 31223K(43712K)->32826K(43712K)
[2026-06-17T10:04:54.519+0800][36.421s][info][gc,metaspace   ] GC(712) Metaspace: 116K(320K)->116K(320K) NonClass: 109K(192K)->109K(192K) Class: 7K(128K)->7K(128K)
[2026-06-17T10:04:54.520+0800][36.422s][info][gc             ] GC(712) Pause Young (Allocation Failure) 47M->34M(61M) 2.420ms
[2026-06-17T10:04:54.520+0800][36.423s][info][gc,cpu         ] GC(712) User=0.00s Sys=0.00s Real=0.00s
[2026-06-17T10:04:54.573+0800][36.475s][info][gc,start       ] GC(713) Pause Young (Allocation Failure)
[2026-06-17T10:04:54.574+0800][36.476s][info][gc,heap        ] GC(713) DefNew: 19542K(19648K)->1950K(19648K) Eden: 17418K(17472K)->0K(17472K) From: 2124K(2176K)->1950K(2176K)
[2026-06-17T10:04:54.574+0800][36.476s][info][gc,heap        ] GC(713) Tenured: 32826K(43712K)->36704K(43712K)
[2026-06-17T10:04:54.575+0800][36.477s][info][gc,metaspace   ] GC(713) Metaspace: 116K(320K)->116K(320K) NonClass: 109K(192K)->109K(192K) Class: 7K(128K)->7K(128K)
[2026-06-17T10:04:54.575+0800][36.477s][info][gc             ] GC(713) Pause Young (Allocation Failure) 51M->37M(61M) 2.059ms
[2026-06-17T10:04:54.575+0800][36.477s][info][gc,cpu         ] GC(713) User=0.00s Sys=0.00s Real=0.00s
[2026-06-17T10:04:54.617+0800][36.519s][info][gc,start       ] GC(714) Pause Young (Allocation Failure)
[2026-06-17T10:04:54.618+0800][36.520s][info][gc,heap        ] GC(714) DefNew: 19411K(19648K)->2173K(19648K) Eden: 17460K(17472K)->0K(17472K) From: 1950K(2176K)->2173K(2176K)
[2026-06-17T10:04:54.618+0800][36.521s][info][gc,heap        ] GC(714) Tenured: 36704K(43712K)->40715K(43712K)
[2026-06-17T10:04:54.619+0800][36.521s][info][gc,metaspace   ] GC(714) Metaspace: 116K(320K)->116K(320K) NonClass: 109K(192K)->109K(192K) Class: 7K(128K)->7K(128K)
[2026-06-17T10:04:54.619+0800][36.521s][info][gc             ] GC(714) Pause Young (Allocation Failure) 54M->41M(61M) 1.830ms
[2026-06-17T10:04:54.619+0800][36.521s][info][gc,cpu         ] GC(714) User=0.00s Sys=0.00s Real=0.00s
[2026-06-17T10:04:54.661+0800][36.563s][info][gc,start       ] GC(715) Pause Full (Allocation Failure)
[2026-06-17T10:04:54.661+0800][36.564s][info][gc,phases,start] GC(715) Phase 1: Mark live objects
[2026-06-17T10:04:54.662+0800][36.565s][info][gc,phases      ] GC(715) Phase 1: Mark live objects 0.857ms
[2026-06-17T10:04:54.663+0800][36.565s][info][gc,phases,start] GC(715) Phase 2: Compute new object addresses
[2026-06-17T10:04:54.663+0800][36.565s][info][gc,phases      ] GC(715) Phase 2: Compute new object addresses 0.384ms
[2026-06-17T10:04:54.663+0800][36.565s][info][gc,phases,start] GC(715) Phase 3: Adjust pointers
[2026-06-17T10:04:54.664+0800][36.566s][info][gc,phases      ] GC(715) Phase 3: Adjust pointers 0.478ms
[2026-06-17T10:04:54.664+0800][36.566s][info][gc,phases,start] GC(715) Phase 4: Move objects
[2026-06-17T10:04:54.667+0800][36.569s][info][gc,phases      ] GC(715) Phase 4: Move objects 2.700ms
[2026-06-17T10:04:54.667+0800][36.569s][info][gc,heap        ] GC(715) DefNew: 19644K(19648K)->0K(19648K) Eden: 17470K(17472K)->0K(17472K) From: 2173K(2176K)->0K(2176K)
[2026-06-17T10:04:54.667+0800][36.569s][info][gc,heap        ] GC(715) Tenured: 40715K(43712K)->27654K(43712K)
[2026-06-17T10:04:54.667+0800][36.570s][info][gc,metaspace   ] GC(715) Metaspace: 116K(320K)->116K(320K) NonClass: 109K(192K)->109K(192K) Class: 7K(128K)->7K(128K)
[2026-06-17T10:04:54.668+0800][36.570s][info][gc             ] GC(715) Pause Full (Allocation Failure) 58M->27M(61M) 6.517ms
[2026-06-17T10:04:54.668+0800][36.570s][info][gc,cpu         ] GC(715) User=0.00s Sys=0.00s Real=0.01s
[2026-06-17T10:04:54.710+0800][36.612s][info][gc,start       ] GC(716) Pause Young (Allocation Failure)
[2026-06-17T10:04:54.711+0800][36.613s][info][gc,heap        ] GC(716) DefNew: 17472K(19648K)->2170K(19648K) Eden: 17472K(17472K)->0K(17472K) From: 0K(2176K)->2170K(2176K)
[2026-06-17T10:04:54.711+0800][36.613s][info][gc,heap        ] GC(716) Tenured: 27654K(43712K)->32343K(43712K)
[2026-06-17T10:04:54.711+0800][36.613s][info][gc,metaspace   ] GC(716) Metaspace: 116K(320K)->116K(320K) NonClass: 109K(192K)->109K(192K) Class: 7K(128K)->7K(128K)
[2026-06-17T10:04:54.711+0800][36.614s][info][gc             ] GC(716) Pause Young (Allocation Failure) 44M->33M(61M) 1.690ms
[2026-06-17T10:04:54.711+0800][36.614s][info][gc,cpu         ] GC(716) User=0.00s Sys=0.00s Real=0.01s
[2026-06-17T10:04:54.754+0800][36.656s][info][gc,start       ] GC(717) Pause Young (Allocation Failure)
[2026-06-17T10:04:54.755+0800][36.657s][info][gc,heap        ] GC(717) DefNew: 19623K(19648K)->2071K(19648K) Eden: 17453K(17472K)->0K(17472K) From: 2170K(2176K)->2071K(2176K)
[2026-06-17T10:04:54.755+0800][36.657s][info][gc,heap        ] GC(717) Tenured: 32343K(43712K)->34828K(43712K)
[2026-06-17T10:04:54.756+0800][36.658s][info][gc,metaspace   ] GC(717) Metaspace: 116K(320K)->116K(320K) NonClass: 109K(192K)->109K(192K) Class: 7K(128K)->7K(128K)
[2026-06-17T10:04:54.756+0800][36.658s][info][gc             ] GC(717) Pause Young (Allocation Failure) 50M->36M(61M) 2.584ms
[2026-06-17T10:04:54.757+0800][36.659s][info][gc,cpu         ] GC(717) User=0.01s Sys=0.00s Real=0.00s
[2026-06-17T10:04:54.799+0800][36.701s][info][gc,start       ] GC(718) Pause Young (Allocation Failure)
[2026-06-17T10:04:54.800+0800][36.702s][info][gc,heap        ] GC(718) DefNew: 19119K(19648K)->2158K(19648K) Eden: 17048K(17472K)->0K(17472K) From: 2071K(2176K)->2158K(2176K)
[2026-06-17T10:04:54.800+0800][36.703s][info][gc,heap        ] GC(718) Tenured: 34828K(43712K)->37518K(43712K)
[2026-06-17T10:04:54.801+0800][36.703s][info][gc,metaspace   ] GC(718) Metaspace: 116K(320K)->116K(320K) NonClass: 109K(192K)->109K(192K) Class: 7K(128K)->7K(128K)
[2026-06-17T10:04:54.801+0800][36.703s][info][gc             ] GC(718) Pause Young (Allocation Failure) 52M->38M(61M) 1.846ms
[2026-06-17T10:04:54.801+0800][36.704s][info][gc,cpu         ] GC(718) User=0.00s Sys=0.00s Real=0.00s
[2026-06-17T10:04:54.854+0800][36.756s][info][gc,start       ] GC(719) Pause Full (Allocation Failure)
[2026-06-17T10:04:54.856+0800][36.758s][info][gc,phases,start] GC(719) Phase 1: Mark live objects
[2026-06-17T10:04:54.859+0800][36.761s][info][gc,phases      ] GC(719) Phase 1: Mark live objects 3.238ms
[2026-06-17T10:04:54.859+0800][36.762s][info][gc,phases,start] GC(719) Phase 2: Compute new object addresses
[2026-06-17T10:04:54.862+0800][36.764s][info][gc,phases      ] GC(719) Phase 2: Compute new object addresses 2.850ms
[2026-06-17T10:04:54.866+0800][36.768s][info][gc,phases,start] GC(719) Phase 3: Adjust pointers
[2026-06-17T10:04:54.867+0800][36.770s][info][gc,phases      ] GC(719) Phase 3: Adjust pointers 1.382ms
[2026-06-17T10:04:54.869+0800][36.772s][info][gc,phases,start] GC(719) Phase 4: Move objects
[2026-06-17T10:04:54.872+0800][36.774s][info][gc,phases      ] GC(719) Phase 4: Move objects 2.595ms
[2026-06-17T10:04:54.874+0800][36.776s][info][gc,heap        ] GC(719) DefNew: 19621K(19648K)->0K(19648K) Eden: 17463K(17472K)->0K(17472K) From: 2158K(2176K)->0K(2176K)
[2026-06-17T10:04:54.874+0800][36.776s][info][gc,heap        ] GC(719) Tenured: 37518K(43712K)->28650K(43712K)
[2026-06-17T10:04:54.876+0800][36.778s][info][gc,metaspace   ] GC(719) Metaspace: 116K(320K)->116K(320K) NonClass: 109K(192K)->109K(192K) Class: 7K(128K)->7K(128K)
[2026-06-17T10:04:54.877+0800][36.780s][info][gc             ] GC(719) Pause Full (Allocation Failure) 55M->27M(61M) 23.130ms
[2026-06-17T10:04:54.880+0800][36.782s][info][gc,cpu         ] GC(719) User=0.00s Sys=0.00s Real=0.02s
[2026-06-17T10:04:54.914+0800][36.816s][info][gc,start       ] GC(720) Pause Young (Allocation Failure)
[2026-06-17T10:04:54.915+0800][36.817s][info][gc,heap        ] GC(720) DefNew: 17291K(19648K)->2172K(19648K) Eden: 17291K(17472K)->0K(17472K) From: 0K(2176K)->2172K(2176K)
[2026-06-17T10:04:54.915+0800][36.817s][info][gc,heap        ] GC(720) Tenured: 28650K(43712K)->33148K(43712K)
[2026-06-17T10:04:54.915+0800][36.818s][info][gc,metaspace   ] GC(720) Metaspace: 116K(320K)->116K(320K) NonClass: 109K(192K)->109K(192K) Class: 7K(128K)->7K(128K)
[2026-06-17T10:04:54.916+0800][36.818s][info][gc             ] GC(720) Pause Young (Allocation Failure) 44M->34M(61M) 2.003ms
[2026-06-17T10:04:54.916+0800][36.818s][info][gc,cpu         ] GC(720) User=0.01s Sys=0.00s Real=0.00s
[2026-06-17T10:04:54.969+0800][36.871s][info][gc,start       ] GC(721) Pause Young (Allocation Failure)
[2026-06-17T10:04:54.970+0800][36.872s][info][gc,heap        ] GC(721) DefNew: 19613K(19648K)->2166K(19648K) Eden: 17441K(17472K)->0K(17472K) From: 2172K(2176K)->2166K(2176K)
[2026-06-17T10:04:54.970+0800][36.872s][info][gc,heap        ] GC(721) Tenured: 33148K(43712K)->36714K(43712K)
[2026-06-17T10:04:54.970+0800][36.872s][info][gc,metaspace   ] GC(721) Metaspace: 116K(320K)->116K(320K) NonClass: 109K(192K)->109K(192K) Class: 7K(128K)->7K(128K)
[2026-06-17T10:04:54.971+0800][36.873s][info][gc             ] GC(721) Pause Young (Allocation Failure) 51M->37M(61M) 1.778ms
[2026-06-17T10:04:54.971+0800][36.873s][info][gc,cpu         ] GC(721) User=0.00s Sys=0.00s Real=0.01s
[2026-06-17T10:04:55.013+0800][36.916s][info][gc,start       ] GC(722) Pause Young (Allocation Failure)
[2026-06-17T10:04:55.014+0800][36.917s][info][gc,heap        ] GC(722) DefNew: 19617K(19648K)->2151K(19648K) Eden: 17451K(17472K)->0K(17472K) From: 2166K(2176K)->2151K(2176K)
[2026-06-17T10:04:55.015+0800][36.917s][info][gc,heap        ] GC(722) Tenured: 36714K(43712K)->39499K(43712K)
[2026-06-17T10:04:55.015+0800][36.917s][info][gc,metaspace   ] GC(722) Metaspace: 116K(320K)->116K(320K) NonClass: 109K(192K)->109K(192K) Class: 7K(128K)->7K(128K)
[2026-06-17T10:04:55.015+0800][36.918s][info][gc             ] GC(722) Pause Young (Allocation Failure) 55M->40M(61M) 1.909ms
[2026-06-17T10:04:55.016+0800][36.918s][info][gc,cpu         ] GC(722) User=0.00s Sys=0.00s Real=0.00s
[2026-06-17T10:04:55.059+0800][36.961s][info][gc,start       ] GC(723) Pause Full (Allocation Failure)
[2026-06-17T10:04:55.059+0800][36.961s][info][gc,phases,start] GC(723) Phase 1: Mark live objects
[2026-06-17T10:04:55.060+0800][36.962s][info][gc,phases      ] GC(723) Phase 1: Mark live objects 0.995ms
[2026-06-17T10:04:55.061+0800][36.963s][info][gc,phases,start] GC(723) Phase 2: Compute new object addresses
[2026-06-17T10:04:55.061+0800][36.963s][info][gc,phases      ] GC(723) Phase 2: Compute new object addresses 0.540ms
[2026-06-17T10:04:55.061+0800][36.964s][info][gc,phases,start] GC(723) Phase 3: Adjust pointers
[2026-06-17T10:04:55.062+0800][36.964s][info][gc,phases      ] GC(723) Phase 3: Adjust pointers 0.548ms
[2026-06-17T10:04:55.062+0800][36.964s][info][gc,phases,start] GC(723) Phase 4: Move objects
[2026-06-17T10:04:55.065+0800][36.967s][info][gc,phases      ] GC(723) Phase 4: Move objects 2.303ms
[2026-06-17T10:04:55.065+0800][36.967s][info][gc,heap        ] GC(723) DefNew: 19615K(19648K)->0K(19648K) Eden: 17464K(17472K)->0K(17472K) From: 2151K(2176K)->0K(2176K)
[2026-06-17T10:04:55.065+0800][36.967s][info][gc,heap        ] GC(723) Tenured: 39499K(43712K)->31370K(43712K)
[2026-06-17T10:04:55.066+0800][36.968s][info][gc,metaspace   ] GC(723) Metaspace: 116K(320K)->116K(320K) NonClass: 109K(192K)->109K(192K) Class: 7K(128K)->7K(128K)
[2026-06-17T10:04:55.068+0800][36.970s][info][gc             ] GC(723) Pause Full (Allocation Failure) 57M->30M(61M) 9.677ms
[2026-06-17T10:04:55.070+0800][36.972s][info][gc,cpu         ] GC(723) User=0.01s Sys=0.00s Real=0.01s
[2026-06-17T10:04:55.114+0800][37.016s][info][gc,start       ] GC(724) Pause Young (Allocation Failure)
[2026-06-17T10:04:55.115+0800][37.017s][info][gc,heap        ] GC(724) DefNew: 17472K(19648K)->2175K(19648K) Eden: 17472K(17472K)->0K(17472K) From: 0K(2176K)->2175K(2176K)
[2026-06-17T10:04:55.116+0800][37.018s][info][gc,heap        ] GC(724) Tenured: 31370K(43712K)->36110K(43712K)
[2026-06-17T10:04:55.116+0800][37.018s][info][gc,metaspace   ] GC(724) Metaspace: 116K(320K)->116K(320K) NonClass: 109K(192K)->109K(192K) Class: 7K(128K)->7K(128K)
[2026-06-17T10:04:55.116+0800][37.018s][info][gc             ] GC(724) Pause Young (Allocation Failure) 47M->37M(61M) 2.408ms
[2026-06-17T10:04:55.116+0800][37.019s][info][gc,cpu         ] GC(724) User=0.00s Sys=0.00s Real=0.00s
[2026-06-17T10:04:55.159+0800][37.061s][info][gc,start       ] GC(725) Pause Young (Allocation Failure)
[2026-06-17T10:04:55.160+0800][37.062s][info][gc,heap        ] GC(725) DefNew: 19488K(19648K)->2135K(19648K) Eden: 17313K(17472K)->0K(17472K) From: 2175K(2176K)->2135K(2176K)
[2026-06-17T10:04:55.161+0800][37.063s][info][gc,heap        ] GC(725) Tenured: 36110K(43712K)->38522K(43712K)
[2026-06-17T10:04:55.161+0800][37.063s][info][gc,metaspace   ] GC(725) Metaspace: 116K(320K)->116K(320K) NonClass: 109K(192K)->109K(192K) Class: 7K(128K)->7K(128K)
[2026-06-17T10:04:55.161+0800][37.063s][info][gc             ] GC(725) Pause Young (Allocation Failure) 54M->39M(61M) 2.156ms
[2026-06-17T10:04:55.161+0800][37.064s][info][gc,cpu         ] GC(725) User=0.00s Sys=0.00s Real=0.00s
[2026-06-17T10:04:55.214+0800][37.116s][info][gc,start       ] GC(726) Pause Full (Allocation Failure)
[2026-06-17T10:04:55.215+0800][37.117s][info][gc,phases,start] GC(726) Phase 1: Mark live objects
[2026-06-17T10:04:55.216+0800][37.118s][info][gc,phases      ] GC(726) Phase 1: Mark live objects 0.926ms
[2026-06-17T10:04:55.216+0800][37.118s][info][gc,phases,start] GC(726) Phase 2: Compute new object addresses
[2026-06-17T10:04:55.217+0800][37.119s][info][gc,phases      ] GC(726) Phase 2: Compute new object addresses 0.586ms
[2026-06-17T10:04:55.217+0800][37.119s][info][gc,phases,start] GC(726) Phase 3: Adjust pointers
[2026-06-17T10:04:55.218+0800][37.120s][info][gc,phases      ] GC(726) Phase 3: Adjust pointers 0.584ms
[2026-06-17T10:04:55.218+0800][37.120s][info][gc,phases,start] GC(726) Phase 4: Move objects
[2026-06-17T10:04:55.220+0800][37.122s][info][gc,phases      ] GC(726) Phase 4: Move objects 1.814ms
[2026-06-17T10:04:55.221+0800][37.123s][info][gc,heap        ] GC(726) DefNew: 19600K(19648K)->0K(19648K) Eden: 17465K(17472K)->0K(17472K) From: 2135K(2176K)->0K(2176K)
[2026-06-17T10:04:55.221+0800][37.123s][info][gc,heap        ] GC(726) Tenured: 38522K(43712K)->29290K(43712K)
[2026-06-17T10:04:55.221+0800][37.123s][info][gc,metaspace   ] GC(726) Metaspace: 116K(320K)->116K(320K) NonClass: 109K(192K)->109K(192K) Class: 7K(128K)->7K(128K)
[2026-06-17T10:04:55.221+0800][37.124s][info][gc             ] GC(726) Pause Full (Allocation Failure) 56M->28M(61M) 7.113ms
[2026-06-17T10:04:55.222+0800][37.124s][info][gc,cpu         ] GC(726) User=0.00s Sys=0.00s Real=0.00s
[2026-06-17T10:04:55.264+0800][37.166s][info][gc,start       ] GC(727) Pause Young (Allocation Failure)
[2026-06-17T10:04:55.265+0800][37.168s][info][gc,heap        ] GC(727) DefNew: 17472K(19648K)->2174K(19648K) Eden: 17472K(17472K)->0K(17472K) From: 0K(2176K)->2174K(2176K)
[2026-06-17T10:04:55.266+0800][37.168s][info][gc,heap        ] GC(727) Tenured: 29290K(43712K)->34037K(43712K)
[2026-06-17T10:04:55.266+0800][37.168s][info][gc,metaspace   ] GC(727) Metaspace: 116K(320K)->116K(320K) NonClass: 109K(192K)->109K(192K) Class: 7K(128K)->7K(128K)
[2026-06-17T10:04:55.266+0800][37.169s][info][gc             ] GC(727) Pause Young (Allocation Failure) 45M->35M(61M) 2.589ms
[2026-06-17T10:04:55.267+0800][37.169s][info][gc,cpu         ] GC(727) User=0.00s Sys=0.00s Real=0.00s
[2026-06-17T10:04:55.309+0800][37.211s][info][gc,start       ] GC(728) Pause Young (Allocation Failure)
[2026-06-17T10:04:55.310+0800][37.213s][info][gc,heap        ] GC(728) DefNew: 19646K(19648K)->2157K(19648K) Eden: 17472K(17472K)->0K(17472K) From: 2174K(2176K)->2157K(2176K)
[2026-06-17T10:04:55.311+0800][37.213s][info][gc,heap        ] GC(728) Tenured: 34037K(43712K)->39392K(43712K)
[2026-06-17T10:04:55.311+0800][37.214s][info][gc,metaspace   ] GC(728) Metaspace: 116K(320K)->116K(320K) NonClass: 109K(192K)->109K(192K) Class: 7K(128K)->7K(128K)
[2026-06-17T10:04:55.312+0800][37.214s][info][gc             ] GC(728) Pause Young (Allocation Failure) 52M->40M(61M) 2.410ms
[2026-06-17T10:04:55.312+0800][37.214s][info][gc,cpu         ] GC(728) User=0.00s Sys=0.00s Real=0.01s
[2026-06-17T10:04:55.365+0800][37.267s][info][gc,start       ] GC(729) Pause Full (Allocation Failure)
[2026-06-17T10:04:55.367+0800][37.270s][info][gc,phases,start] GC(729) Phase 1: Mark live objects
[2026-06-17T10:04:55.370+0800][37.272s][info][gc,phases      ] GC(729) Phase 1: Mark live objects 2.128ms
[2026-06-17T10:04:55.371+0800][37.273s][info][gc,phases,start] GC(729) Phase 2: Compute new object addresses
[2026-06-17T10:04:55.373+0800][37.275s][info][gc,phases      ] GC(729) Phase 2: Compute new object addresses 2.544ms
[2026-06-17T10:04:55.375+0800][37.277s][info][gc,phases,start] GC(729) Phase 3: Adjust pointers
[2026-06-17T10:04:55.376+0800][37.278s][info][gc,phases      ] GC(729) Phase 3: Adjust pointers 0.783ms
[2026-06-17T10:04:55.377+0800][37.279s][info][gc,phases,start] GC(729) Phase 4: Move objects
[2026-06-17T10:04:55.378+0800][37.280s][info][gc,phases      ] GC(729) Phase 4: Move objects 1.814ms
[2026-06-17T10:04:55.379+0800][37.281s][info][gc,heap        ] GC(729) DefNew: 19587K(19648K)->0K(19648K) Eden: 17429K(17472K)->0K(17472K) From: 2157K(2176K)->0K(2176K)
[2026-06-17T10:04:55.379+0800][37.281s][info][gc,heap        ] GC(729) Tenured: 39392K(43712K)->27350K(43712K)
[2026-06-17T10:04:55.380+0800][37.282s][info][gc,metaspace   ] GC(729) Metaspace: 116K(320K)->116K(320K) NonClass: 109K(192K)->109K(192K) Class: 7K(128K)->7K(128K)
[2026-06-17T10:04:55.380+0800][37.283s][info][gc             ] GC(729) Pause Full (Allocation Failure) 57M->26M(61M) 15.773ms
[2026-06-17T10:04:55.381+0800][37.283s][info][gc,cpu         ] GC(729) User=0.00s Sys=0.00s Real=0.01s
[2026-06-17T10:04:55.424+0800][37.326s][info][gc,start       ] GC(730) Pause Young (Allocation Failure)
[2026-06-17T10:04:55.425+0800][37.327s][info][gc,heap        ] GC(730) DefNew: 17430K(19648K)->2175K(19648K) Eden: 17430K(17472K)->0K(17472K) From: 0K(2176K)->2175K(2176K)
[2026-06-17T10:04:55.425+0800][37.327s][info][gc,heap        ] GC(730) Tenured: 27350K(43712K)->31972K(43712K)
[2026-06-17T10:04:55.425+0800][37.327s][info][gc,metaspace   ] GC(730) Metaspace: 116K(320K)->116K(320K) NonClass: 109K(192K)->109K(192K) Class: 7K(128K)->7K(128K)
[2026-06-17T10:04:55.426+0800][37.328s][info][gc             ] GC(730) Pause Young (Allocation Failure) 43M->33M(61M) 2.051ms
[2026-06-17T10:04:55.426+0800][37.328s][info][gc,cpu         ] GC(730) User=0.01s Sys=0.00s Real=0.00s
[2026-06-17T10:04:55.469+0800][37.371s][info][gc,start       ] GC(731) Pause Young (Allocation Failure)
[2026-06-17T10:04:55.470+0800][37.372s][info][gc,heap        ] GC(731) DefNew: 19614K(19648K)->2072K(19648K) Eden: 17439K(17472K)->0K(17472K) From: 2175K(2176K)->2072K(2176K)
[2026-06-17T10:04:55.470+0800][37.372s][info][gc,heap        ] GC(731) Tenured: 31972K(43712K)->35494K(43712K)
[2026-06-17T10:04:55.471+0800][37.373s][info][gc,metaspace   ] GC(731) Metaspace: 116K(320K)->116K(320K) NonClass: 109K(192K)->109K(192K) Class: 7K(128K)->7K(128K)
[2026-06-17T10:04:55.471+0800][37.373s][info][gc             ] GC(731) Pause Young (Allocation Failure) 50M->36M(61M) 2.523ms
[2026-06-17T10:04:55.471+0800][37.374s][info][gc,cpu         ] GC(731) User=0.00s Sys=0.00s Real=0.01s
[2026-06-17T10:04:55.514+0800][37.416s][info][gc,start       ] GC(732) Pause Young (Allocation Failure)
[2026-06-17T10:04:55.515+0800][37.418s][info][gc,heap        ] GC(732) DefNew: 19518K(19648K)->2171K(19648K) Eden: 17446K(17472K)->0K(17472K) From: 2072K(2176K)->2171K(2176K)
[2026-06-17T10:04:55.520+0800][37.423s][info][gc,heap        ] GC(732) Tenured: 35494K(43712K)->39084K(43712K)
[2026-06-17T10:04:55.524+0800][37.426s][info][gc,metaspace   ] GC(732) Metaspace: 116K(320K)->116K(320K) NonClass: 109K(192K)->109K(192K) Class: 7K(128K)->7K(128K)
[2026-06-17T10:04:55.526+0800][37.428s][info][gc             ] GC(732) Pause Young (Allocation Failure) 53M->40M(61M) 12.187ms
[2026-06-17T10:04:55.527+0800][37.429s][info][gc,cpu         ] GC(732) User=0.00s Sys=0.00s Real=0.01s
[2026-06-17T10:04:55.569+0800][37.471s][info][gc,start       ] GC(733) Pause Full (Allocation Failure)
[2026-06-17T10:04:55.577+0800][37.479s][info][gc,phases,start] GC(733) Phase 1: Mark live objects
[2026-06-17T10:04:55.578+0800][37.480s][info][gc,phases      ] GC(733) Phase 1: Mark live objects 1.032ms
[2026-06-17T10:04:55.580+0800][37.483s][info][gc,phases,start] GC(733) Phase 2: Compute new object addresses
[2026-06-17T10:04:55.585+0800][37.487s][info][gc,phases      ] GC(733) Phase 2: Compute new object addresses 4.354ms
[2026-06-17T10:04:55.586+0800][37.488s][info][gc,phases,start] GC(733) Phase 3: Adjust pointers
[2026-06-17T10:04:55.588+0800][37.490s][info][gc,phases      ] GC(733) Phase 3: Adjust pointers 1.849ms
[2026-06-17T10:04:55.590+0800][37.492s][info][gc,phases,start] GC(733) Phase 4: Move objects
[2026-06-17T10:04:55.601+0800][37.503s][info][gc,phases      ] GC(733) Phase 4: Move objects 10.675ms
[2026-06-17T10:04:55.602+0800][37.504s][info][gc,heap        ] GC(733) DefNew: 19626K(19648K)->0K(19648K) Eden: 17454K(17472K)->0K(17472K) From: 2171K(2176K)->0K(2176K)
[2026-06-17T10:04:55.605+0800][37.508s][info][gc,heap        ] GC(733) Tenured: 39084K(43712K)->31090K(43712K)
[2026-06-17T10:04:55.606+0800][37.508s][info][gc,metaspace   ] GC(733) Metaspace: 116K(320K)->116K(320K) NonClass: 109K(192K)->109K(192K) Class: 7K(128K)->7K(128K)
[2026-06-17T10:04:55.606+0800][37.508s][info][gc             ] GC(733) Pause Full (Allocation Failure) 57M->30M(61M) 37.182ms
[2026-06-17T10:04:55.608+0800][37.510s][info][gc,cpu         ] GC(733) User=0.01s Sys=0.00s Real=0.04s
[2026-06-17T10:04:55.665+0800][37.567s][info][gc,start       ] GC(734) Pause Young (Allocation Failure)
[2026-06-17T10:04:55.667+0800][37.569s][info][gc,heap        ] GC(734) DefNew: 17444K(19648K)->2162K(19648K) Eden: 17444K(17472K)->0K(17472K) From: 0K(2176K)->2162K(2176K)
[2026-06-17T10:04:55.668+0800][37.570s][info][gc,heap        ] GC(734) Tenured: 31090K(43712K)->32785K(43712K)
[2026-06-17T10:04:55.670+0800][37.572s][info][gc,metaspace   ] GC(734) Metaspace: 116K(320K)->116K(320K) NonClass: 109K(192K)->109K(192K) Class: 7K(128K)->7K(128K)
[2026-06-17T10:04:55.674+0800][37.576s][info][gc             ] GC(734) Pause Young (Allocation Failure) 47M->34M(61M) 9.007ms
[2026-06-17T10:04:55.677+0800][37.580s][info][gc,cpu         ] GC(734) User=0.00s Sys=0.00s Real=0.01s
[2026-06-17T10:04:55.713+0800][37.615s][info][gc,start       ] GC(735) Pause Young (Allocation Failure)
[2026-06-17T10:04:55.714+0800][37.616s][info][gc,heap        ] GC(735) DefNew: 19475K(19648K)->2152K(19648K) Eden: 17312K(17472K)->0K(17472K) From: 2162K(2176K)->2152K(2176K)
[2026-06-17T10:04:55.715+0800][37.617s][info][gc,heap        ] GC(735) Tenured: 32785K(43712K)->35681K(43712K)
[2026-06-17T10:04:55.715+0800][37.617s][info][gc,metaspace   ] GC(735) Metaspace: 116K(320K)->116K(320K) NonClass: 109K(192K)->109K(192K) Class: 7K(128K)->7K(128K)
[2026-06-17T10:04:55.716+0800][37.618s][info][gc             ] GC(735) Pause Young (Allocation Failure) 51M->36M(61M) 2.796ms
[2026-06-17T10:04:55.716+0800][37.618s][info][gc,cpu         ] GC(735) User=0.00s Sys=0.00s Real=0.00s
[2026-06-17T10:04:55.769+0800][37.671s][info][gc,start       ] GC(736) Pause Young (Allocation Failure)
[2026-06-17T10:04:55.770+0800][37.672s][info][gc,heap        ] GC(736) DefNew: 19612K(19648K)->2096K(19648K) Eden: 17460K(17472K)->0K(17472K) From: 2152K(2176K)->2096K(2176K)
[2026-06-17T10:04:55.770+0800][37.672s][info][gc,heap        ] GC(736) Tenured: 35681K(43712K)->38866K(43712K)
[2026-06-17T10:04:55.771+0800][37.673s][info][gc,metaspace   ] GC(736) Metaspace: 116K(320K)->116K(320K) NonClass: 109K(192K)->109K(192K) Class: 7K(128K)->7K(128K)
[2026-06-17T10:04:55.771+0800][37.673s][info][gc             ] GC(736) Pause Young (Allocation Failure) 53M->40M(61M) 2.059ms
[2026-06-17T10:04:55.771+0800][37.673s][info][gc,cpu         ] GC(736) User=0.00s Sys=0.00s Real=0.01s
[2026-06-17T10:04:55.814+0800][37.716s][info][gc,start       ] GC(737) Pause Full (Allocation Failure)
[2026-06-17T10:04:55.814+0800][37.716s][info][gc,phases,start] GC(737) Phase 1: Mark live objects
[2026-06-17T10:04:55.815+0800][37.717s][info][gc,phases      ] GC(737) Phase 1: Mark live objects 1.042ms
[2026-06-17T10:04:55.816+0800][37.718s][info][gc,phases,start] GC(737) Phase 2: Compute new object addresses
[2026-06-17T10:04:55.816+0800][37.718s][info][gc,phases      ] GC(737) Phase 2: Compute new object addresses 0.634ms
[2026-06-17T10:04:55.817+0800][37.719s][info][gc,phases,start] GC(737) Phase 3: Adjust pointers
[2026-06-17T10:04:55.818+0800][37.720s][info][gc,phases      ] GC(737) Phase 3: Adjust pointers 0.502ms
[2026-06-17T10:04:55.818+0800][37.720s][info][gc,phases,start] GC(737) Phase 4: Move objects
[2026-06-17T10:04:55.820+0800][37.722s][info][gc,phases      ] GC(737) Phase 4: Move objects 2.323ms
[2026-06-17T10:04:55.821+0800][37.723s][info][gc,heap        ] GC(737) DefNew: 19543K(19648K)->0K(19648K) Eden: 17446K(17472K)->0K(17472K) From: 2096K(2176K)->0K(2176K)
[2026-06-17T10:04:55.821+0800][37.723s][info][gc,heap        ] GC(737) Tenured: 38866K(43712K)->26984K(43712K)
[2026-06-17T10:04:55.821+0800][37.723s][info][gc,metaspace   ] GC(737) Metaspace: 116K(320K)->116K(320K) NonClass: 109K(192K)->109K(192K) Class: 7K(128K)->7K(128K)
[2026-06-17T10:04:55.822+0800][37.724s][info][gc             ] GC(737) Pause Full (Allocation Failure) 57M->26M(61M) 7.945ms
[2026-06-17T10:04:55.822+0800][37.724s][info][gc,cpu         ] GC(737) User=0.01s Sys=0.00s Real=0.00s
[2026-06-17T10:04:55.865+0800][37.767s][info][gc,start       ] GC(738) Pause Young (Allocation Failure)
[2026-06-17T10:04:55.866+0800][37.768s][info][gc,heap        ] GC(738) DefNew: 17472K(19648K)->2167K(19648K) Eden: 17472K(17472K)->0K(17472K) From: 0K(2176K)->2167K(2176K)
[2026-06-17T10:04:55.867+0800][37.769s][info][gc,heap        ] GC(738) Tenured: 26984K(43712K)->31822K(43712K)
[2026-06-17T10:04:55.867+0800][37.769s][info][gc,metaspace   ] GC(738) Metaspace: 116K(320K)->116K(320K) NonClass: 109K(192K)->109K(192K) Class: 7K(128K)->7K(128K)
[2026-06-17T10:04:55.867+0800][37.769s][info][gc             ] GC(738) Pause Young (Allocation Failure) 43M->33M(61M) 2.723ms
[2026-06-17T10:04:55.868+0800][37.770s][info][gc,cpu         ] GC(738) User=0.00s Sys=0.00s Real=0.00s
[2026-06-17T10:04:55.910+0800][37.812s][info][gc,start       ] GC(739) Pause Young (Allocation Failure)
[2026-06-17T10:04:55.911+0800][37.813s][info][gc,heap        ] GC(739) DefNew: 19625K(19648K)->2167K(19648K) Eden: 17458K(17472K)->0K(17472K) From: 2167K(2176K)->2167K(2176K)
[2026-06-17T10:04:55.912+0800][37.814s][info][gc,heap        ] GC(739) Tenured: 31822K(43712K)->35889K(43712K)
[2026-06-17T10:04:55.912+0800][37.814s][info][gc,metaspace   ] GC(739) Metaspace: 116K(320K)->116K(320K) NonClass: 109K(192K)->109K(192K) Class: 7K(128K)->7K(128K)
[2026-06-17T10:04:55.912+0800][37.814s][info][gc             ] GC(739) Pause Young (Allocation Failure) 50M->37M(61M) 2.086ms
[2026-06-17T10:04:55.913+0800][37.815s][info][gc,cpu         ] GC(739) User=0.00s Sys=0.00s Real=0.01s
[2026-06-17T10:04:55.955+0800][37.857s][info][gc,start       ] GC(740) Pause Young (Allocation Failure)
[2026-06-17T10:04:55.957+0800][37.859s][info][gc,heap        ] GC(740) DefNew: 19513K(19648K)->1840K(19648K) Eden: 17345K(17472K)->0K(17472K) From: 2167K(2176K)->1840K(2176K)
[2026-06-17T10:04:55.957+0800][37.859s][info][gc,heap        ] GC(740) Tenured: 35889K(43712K)->37368K(43712K)
[2026-06-17T10:04:55.957+0800][37.859s][info][gc,metaspace   ] GC(740) Metaspace: 116K(320K)->116K(320K) NonClass: 109K(192K)->109K(192K) Class: 7K(128K)->7K(128K)
[2026-06-17T10:04:55.958+0800][37.860s][info][gc             ] GC(740) Pause Young (Allocation Failure) 54M->38M(61M) 2.211ms
[2026-06-17T10:04:55.958+0800][37.860s][info][gc,cpu         ] GC(740) User=0.01s Sys=0.00s Real=0.00s
[2026-06-17T10:04:56.011+0800][37.913s][info][gc,start       ] GC(741) Pause Young (Allocation Failure)
[2026-06-17T10:04:56.012+0800][37.915s][info][gc,heap        ] GC(741) DefNew: 19271K(19648K)->2172K(19648K) Eden: 17430K(17472K)->0K(17472K) From: 1840K(2176K)->2172K(2176K)
[2026-06-17T10:04:56.013+0800][37.915s][info][gc,heap        ] GC(741) Tenured: 37368K(43712K)->40997K(43712K)
[2026-06-17T10:04:56.013+0800][37.916s][info][gc,metaspace   ] GC(741) Metaspace: 116K(320K)->116K(320K) NonClass: 109K(192K)->109K(192K) Class: 7K(128K)->7K(128K)
[2026-06-17T10:04:56.014+0800][37.916s][info][gc             ] GC(741) Pause Young (Allocation Failure) 55M->42M(61M) 3.140ms
[2026-06-17T10:04:56.014+0800][37.916s][info][gc,cpu         ] GC(741) User=0.00s Sys=0.00s Real=0.00s
[2026-06-17T10:04:56.057+0800][37.959s][info][gc,start       ] GC(742) Pause Full (Allocation Failure)
[2026-06-17T10:04:56.057+0800][37.959s][info][gc,phases,start] GC(742) Phase 1: Mark live objects
[2026-06-17T10:04:56.058+0800][37.960s][info][gc,phases      ] GC(742) Phase 1: Mark live objects 0.885ms
[2026-06-17T10:04:56.059+0800][37.961s][info][gc,phases,start] GC(742) Phase 2: Compute new object addresses
[2026-06-17T10:04:56.060+0800][37.962s][info][gc,phases      ] GC(742) Phase 2: Compute new object addresses 1.156ms
[2026-06-17T10:04:56.060+0800][37.962s][info][gc,phases,start] GC(742) Phase 3: Adjust pointers
[2026-06-17T10:04:56.061+0800][37.963s][info][gc,phases      ] GC(742) Phase 3: Adjust pointers 0.536ms
[2026-06-17T10:04:56.061+0800][37.963s][info][gc,phases,start] GC(742) Phase 4: Move objects
[2026-06-17T10:04:56.063+0800][37.965s][info][gc,phases      ] GC(742) Phase 4: Move objects 1.589ms
[2026-06-17T10:04:56.063+0800][37.965s][info][gc,heap        ] GC(742) DefNew: 19612K(19648K)->0K(19648K) Eden: 17439K(17472K)->0K(17472K) From: 2172K(2176K)->0K(2176K)
[2026-06-17T10:04:56.063+0800][37.965s][info][gc,heap        ] GC(742) Tenured: 40997K(43712K)->23650K(43712K)
[2026-06-17T10:04:56.064+0800][37.966s][info][gc,metaspace   ] GC(742) Metaspace: 117K(320K)->117K(320K) NonClass: 110K(192K)->110K(192K) Class: 7K(128K)->7K(128K)
[2026-06-17T10:04:56.064+0800][37.966s][info][gc             ] GC(742) Pause Full (Allocation Failure) 59M->23M(61M) 7.125ms
[2026-06-17T10:04:56.064+0800][37.966s][info][gc,cpu         ] GC(742) User=0.00s Sys=0.00s Real=0.01s
[2026-06-17T10:04:56.106+0800][38.009s][info][gc,start       ] GC(743) Pause Young (Allocation Failure)
[2026-06-17T10:04:56.108+0800][38.011s][info][gc,heap        ] GC(743) DefNew: 17457K(19648K)->2169K(19648K) Eden: 17457K(17472K)->0K(17472K) From: 0K(2176K)->2169K(2176K)
[2026-06-17T10:04:56.111+0800][38.013s][info][gc,heap        ] GC(743) Tenured: 23650K(43712K)->28262K(43712K)
[2026-06-17T10:04:56.111+0800][38.013s][info][gc,metaspace   ] GC(743) Metaspace: 117K(320K)->117K(320K) NonClass: 110K(192K)->110K(192K) Class: 7K(128K)->7K(128K)
[2026-06-17T10:04:56.111+0800][38.014s][info][gc             ] GC(743) Pause Young (Allocation Failure) 40M->29M(61M) 4.891ms
[2026-06-17T10:04:56.112+0800][38.014s][info][gc,cpu         ] GC(743) User=0.00s Sys=0.00s Real=0.01s
[2026-06-17T10:04:56.154+0800][38.056s][info][gc,start       ] GC(744) Pause Young (Allocation Failure)
[2026-06-17T10:04:56.155+0800][38.057s][info][gc,heap        ] GC(744) DefNew: 19626K(19648K)->2166K(19648K) Eden: 17456K(17472K)->0K(17472K) From: 2169K(2176K)->2166K(2176K)
[2026-06-17T10:04:56.155+0800][38.057s][info][gc,heap        ] GC(744) Tenured: 28262K(43712K)->32408K(43712K)
[2026-06-17T10:04:56.156+0800][38.058s][info][gc,metaspace   ] GC(744) Metaspace: 117K(320K)->117K(320K) NonClass: 110K(192K)->110K(192K) Class: 7K(128K)->7K(128K)
[2026-06-17T10:04:56.156+0800][38.058s][info][gc             ] GC(744) Pause Young (Allocation Failure) 46M->33M(61M) 2.372ms
[2026-06-17T10:04:56.156+0800][38.059s][info][gc,cpu         ] GC(744) User=0.00s Sys=0.00s Real=0.00s
[2026-06-17T10:04:56.199+0800][38.101s][info][gc,start       ] GC(745) Pause Young (Allocation Failure)
[2026-06-17T10:04:56.200+0800][38.102s][info][gc,heap        ] GC(745) DefNew: 19625K(19648K)->2172K(19648K) Eden: 17459K(17472K)->0K(17472K) From: 2166K(2176K)->2172K(2176K)
[2026-06-17T10:04:56.200+0800][38.102s][info][gc,heap        ] GC(745) Tenured: 32408K(43712K)->35152K(43712K)
[2026-06-17T10:04:56.200+0800][38.102s][info][gc,metaspace   ] GC(745) Metaspace: 117K(320K)->117K(320K) NonClass: 110K(192K)->110K(192K) Class: 7K(128K)->7K(128K)
[2026-06-17T10:04:56.200+0800][38.103s][info][gc             ] GC(745) Pause Young (Allocation Failure) 50M->36M(61M) 1.773ms
[2026-06-17T10:04:56.201+0800][38.103s][info][gc,cpu         ] GC(745) User=0.01s Sys=0.00s Real=0.00s
[2026-06-17T10:04:56.243+0800][38.145s][info][gc,start       ] GC(746) Pause Young (Allocation Failure)
[2026-06-17T10:04:56.244+0800][38.146s][info][gc,heap        ] GC(746) DefNew: 19620K(19648K)->2119K(19648K) Eden: 17448K(17472K)->0K(17472K) From: 2172K(2176K)->2119K(2176K)
[2026-06-17T10:04:56.244+0800][38.146s][info][gc,heap        ] GC(746) Tenured: 35152K(43712K)->38952K(43712K)
[2026-06-17T10:04:56.245+0800][38.147s][info][gc,metaspace   ] GC(746) Metaspace: 117K(320K)->117K(320K) NonClass: 110K(192K)->110K(192K) Class: 7K(128K)->7K(128K)
[2026-06-17T10:04:56.245+0800][38.147s][info][gc             ] GC(746) Pause Young (Allocation Failure) 53M->40M(61M) 1.751ms
[2026-06-17T10:04:56.245+0800][38.147s][info][gc,cpu         ] GC(746) User=0.00s Sys=0.00s Real=0.00s
[2026-06-17T10:04:56.287+0800][38.189s][info][gc,start       ] GC(747) Pause Full (Allocation Failure)
[2026-06-17T10:04:56.288+0800][38.190s][info][gc,phases,start] GC(747) Phase 1: Mark live objects
[2026-06-17T10:04:56.288+0800][38.191s][info][gc,phases      ] GC(747) Phase 1: Mark live objects 0.856ms
[2026-06-17T10:04:56.289+0800][38.191s][info][gc,phases,start] GC(747) Phase 2: Compute new object addresses
[2026-06-17T10:04:56.289+0800][38.192s][info][gc,phases      ] GC(747) Phase 2: Compute new object addresses 0.537ms
[2026-06-17T10:04:56.290+0800][38.192s][info][gc,phases,start] GC(747) Phase 3: Adjust pointers
[2026-06-17T10:04:56.290+0800][38.193s][info][gc,phases      ] GC(747) Phase 3: Adjust pointers 0.639ms
[2026-06-17T10:04:56.291+0800][38.193s][info][gc,phases,start] GC(747) Phase 4: Move objects
[2026-06-17T10:04:56.293+0800][38.195s][info][gc,phases      ] GC(747) Phase 4: Move objects 2.168ms
[2026-06-17T10:04:56.293+0800][38.195s][info][gc,heap        ] GC(747) DefNew: 19591K(19648K)->0K(19648K) Eden: 17472K(17472K)->0K(17472K) From: 2119K(2176K)->0K(2176K)
[2026-06-17T10:04:56.294+0800][38.196s][info][gc,heap        ] GC(747) Tenured: 38952K(43712K)->31318K(43712K)
[2026-06-17T10:04:56.294+0800][38.196s][info][gc,metaspace   ] GC(747) Metaspace: 117K(320K)->117K(320K) NonClass: 110K(192K)->110K(192K) Class: 7K(128K)->7K(128K)
[2026-06-17T10:04:56.294+0800][38.196s][info][gc             ] GC(747) Pause Full (Allocation Failure) 57M->30M(61M) 7.175ms
[2026-06-17T10:04:56.295+0800][38.197s][info][gc,cpu         ] GC(747) User=0.00s Sys=0.00s Real=0.01s
[2026-06-17T10:04:56.337+0800][38.239s][info][gc,start       ] GC(748) Pause Young (Allocation Failure)
[2026-06-17T10:04:56.338+0800][38.240s][info][gc,heap        ] GC(748) DefNew: 17445K(19648K)->2175K(19648K) Eden: 17445K(17472K)->0K(17472K) From: 0K(2176K)->2175K(2176K)
[2026-06-17T10:04:56.338+0800][38.241s][info][gc,heap        ] GC(748) Tenured: 31318K(43712K)->35835K(43712K)
[2026-06-17T10:04:56.339+0800][38.241s][info][gc,metaspace   ] GC(748) Metaspace: 117K(320K)->117K(320K) NonClass: 110K(192K)->110K(192K) Class: 7K(128K)->7K(128K)
[2026-06-17T10:04:56.339+0800][38.241s][info][gc             ] GC(748) Pause Young (Allocation Failure) 47M->37M(61M) 2.090ms
[2026-06-17T10:04:56.339+0800][38.241s][info][gc,cpu         ] GC(748) User=0.00s Sys=0.00s Real=0.00s
[2026-06-17T10:04:56.381+0800][38.284s][info][gc,start       ] GC(749) Pause Young (Allocation Failure)
[2026-06-17T10:04:56.383+0800][38.285s][info][gc,heap        ] GC(749) DefNew: 19627K(19648K)->2168K(19648K) Eden: 17451K(17472K)->0K(17472K) From: 2175K(2176K)->2168K(2176K)
[2026-06-17T10:04:56.384+0800][38.286s][info][gc,heap        ] GC(749) Tenured: 35835K(43712K)->41944K(43712K)
[2026-06-17T10:04:56.384+0800][38.286s][info][gc,metaspace   ] GC(749) Metaspace: 117K(320K)->117K(320K) NonClass: 110K(192K)->110K(192K) Class: 7K(128K)->7K(128K)
[2026-06-17T10:04:56.385+0800][38.287s][info][gc             ] GC(749) Pause Young (Allocation Failure) 54M->43M(61M) 3.126ms
[2026-06-17T10:04:56.385+0800][38.287s][info][gc,cpu         ] GC(749) User=0.00s Sys=0.00s Real=0.01s
[2026-06-17T10:04:56.438+0800][38.340s][info][gc,start       ] GC(750) Pause Full (Allocation Failure)
[2026-06-17T10:04:56.439+0800][38.341s][info][gc,phases,start] GC(750) Phase 1: Mark live objects
[2026-06-17T10:04:56.440+0800][38.342s][info][gc,phases      ] GC(750) Phase 1: Mark live objects 1.528ms
[2026-06-17T10:04:56.441+0800][38.343s][info][gc,phases,start] GC(750) Phase 2: Compute new object addresses
[2026-06-17T10:04:56.442+0800][38.344s][info][gc,phases      ] GC(750) Phase 2: Compute new object addresses 0.853ms
[2026-06-17T10:04:56.442+0800][38.344s][info][gc,phases,start] GC(750) Phase 3: Adjust pointers
[2026-06-17T10:04:56.443+0800][38.345s][info][gc,phases      ] GC(750) Phase 3: Adjust pointers 0.956ms
[2026-06-17T10:04:56.443+0800][38.346s][info][gc,phases,start] GC(750) Phase 4: Move objects
[2026-06-17T10:04:56.446+0800][38.348s][info][gc,phases      ] GC(750) Phase 4: Move objects 2.675ms
[2026-06-17T10:04:56.447+0800][38.349s][info][gc,heap        ] GC(750) DefNew: 19635K(19648K)->0K(19648K) Eden: 17467K(17472K)->0K(17472K) From: 2168K(2176K)->0K(2176K)
[2026-06-17T10:04:56.447+0800][38.350s][info][gc,heap        ] GC(750) Tenured: 41944K(43712K)->27692K(43712K)
[2026-06-17T10:04:56.448+0800][38.350s][info][gc,metaspace   ] GC(750) Metaspace: 117K(320K)->117K(320K) NonClass: 110K(192K)->110K(192K) Class: 7K(128K)->7K(128K)
[2026-06-17T10:04:56.449+0800][38.351s][info][gc             ] GC(750) Pause Full (Allocation Failure) 60M->27M(61M) 10.629ms
[2026-06-17T10:04:56.449+0800][38.351s][info][gc,cpu         ] GC(750) User=0.00s Sys=0.00s Real=0.01s
[2026-06-17T10:04:56.482+0800][38.384s][info][gc,start       ] GC(751) Pause Young (Allocation Failure)
[2026-06-17T10:04:56.484+0800][38.386s][info][gc,heap        ] GC(751) DefNew: 17324K(19648K)->2172K(19648K) Eden: 17324K(17472K)->0K(17472K) From: 0K(2176K)->2172K(2176K)
[2026-06-17T10:04:56.484+0800][38.387s][info][gc,heap        ] GC(751) Tenured: 27692K(43712K)->32016K(43712K)
[2026-06-17T10:04:56.485+0800][38.387s][info][gc,metaspace   ] GC(751) Metaspace: 117K(320K)->117K(320K) NonClass: 110K(192K)->110K(192K) Class: 7K(128K)->7K(128K)
[2026-06-17T10:04:56.486+0800][38.388s][info][gc             ] GC(751) Pause Young (Allocation Failure) 43M->33M(61M) 4.158ms
[2026-06-17T10:04:56.487+0800][38.389s][info][gc,cpu         ] GC(751) User=0.00s Sys=0.00s Real=0.01s
[2026-06-17T10:04:56.540+0800][38.443s][info][gc,start       ] GC(752) Pause Young (Allocation Failure)
[2026-06-17T10:04:56.542+0800][38.444s][info][gc,heap        ] GC(752) DefNew: 19642K(19648K)->2125K(19648K) Eden: 17470K(17472K)->0K(17472K) From: 2172K(2176K)->2125K(2176K)
[2026-06-17T10:04:56.543+0800][38.445s][info][gc,heap        ] GC(752) Tenured: 32016K(43712K)->35359K(43712K)
[2026-06-17T10:04:56.543+0800][38.445s][info][gc,metaspace   ] GC(752) Metaspace: 117K(320K)->117K(320K) NonClass: 110K(192K)->110K(192K) Class: 7K(128K)->7K(128K)
[2026-06-17T10:04:56.544+0800][38.446s][info][gc             ] GC(752) Pause Young (Allocation Failure) 50M->36M(61M) 3.487ms
[2026-06-17T10:04:56.545+0800][38.447s][info][gc,cpu         ] GC(752) User=0.00s Sys=0.00s Real=0.01s
[2026-06-17T10:04:56.588+0800][38.490s][info][gc,start       ] GC(753) Pause Young (Allocation Failure)
[2026-06-17T10:04:56.589+0800][38.492s][info][gc,heap        ] GC(753) DefNew: 19551K(19648K)->2167K(19648K) Eden: 17425K(17472K)->0K(17472K) From: 2125K(2176K)->2167K(2176K)
[2026-06-17T10:04:56.590+0800][38.492s][info][gc,heap        ] GC(753) Tenured: 35359K(43712K)->38875K(43712K)
[2026-06-17T10:04:56.591+0800][38.493s][info][gc,metaspace   ] GC(753) Metaspace: 117K(320K)->117K(320K) NonClass: 110K(192K)->110K(192K) Class: 7K(128K)->7K(128K)
[2026-06-17T10:04:56.591+0800][38.493s][info][gc             ] GC(753) Pause Young (Allocation Failure) 53M->40M(61M) 3.568ms
[2026-06-17T10:04:56.592+0800][38.494s][info][gc,cpu         ] GC(753) User=0.00s Sys=0.00s Real=0.01s
[2026-06-17T10:04:56.635+0800][38.537s][info][gc,start       ] GC(754) Pause Full (Allocation Failure)
[2026-06-17T10:04:56.636+0800][38.538s][info][gc,phases,start] GC(754) Phase 1: Mark live objects
[2026-06-17T10:04:56.638+0800][38.540s][info][gc,phases      ] GC(754) Phase 1: Mark live objects 1.886ms
[2026-06-17T10:04:56.638+0800][38.541s][info][gc,phases,start] GC(754) Phase 2: Compute new object addresses
[2026-06-17T10:04:56.639+0800][38.542s][info][gc,phases      ] GC(754) Phase 2: Compute new object addresses 1.042ms
[2026-06-17T10:04:56.640+0800][38.542s][info][gc,phases,start] GC(754) Phase 3: Adjust pointers
[2026-06-17T10:04:56.642+0800][38.544s][info][gc,phases      ] GC(754) Phase 3: Adjust pointers 2.040ms
[2026-06-17T10:04:56.643+0800][38.545s][info][gc,phases,start] GC(754) Phase 4: Move objects
[2026-06-17T10:04:56.645+0800][38.548s][info][gc,phases      ] GC(754) Phase 4: Move objects 2.504ms
[2026-06-17T10:04:56.646+0800][38.548s][info][gc,heap        ] GC(754) DefNew: 19609K(19648K)->0K(19648K) Eden: 17442K(17472K)->0K(17472K) From: 2167K(2176K)->0K(2176K)
[2026-06-17T10:04:56.647+0800][38.549s][info][gc,heap        ] GC(754) Tenured: 38875K(43712K)->30681K(43712K)
[2026-06-17T10:04:56.647+0800][38.549s][info][gc,metaspace   ] GC(754) Metaspace: 117K(320K)->117K(320K) NonClass: 110K(192K)->110K(192K) Class: 7K(128K)->7K(128K)
[2026-06-17T10:04:56.648+0800][38.550s][info][gc             ] GC(754) Pause Full (Allocation Failure) 57M->29M(61M) 12.897ms
[2026-06-17T10:04:56.648+0800][38.551s][info][gc,cpu         ] GC(754) User=0.01s Sys=0.00s Real=0.01s
[2026-06-17T10:04:56.692+0800][38.594s][info][gc,start       ] GC(755) Pause Young (Allocation Failure)
[2026-06-17T10:04:56.694+0800][38.596s][info][gc,heap        ] GC(755) DefNew: 17457K(19648K)->2174K(19648K) Eden: 17457K(17472K)->0K(17472K) From: 0K(2176K)->2174K(2176K)
[2026-06-17T10:04:56.695+0800][38.597s][info][gc,heap        ] GC(755) Tenured: 30681K(43712K)->35136K(43712K)
[2026-06-17T10:04:56.695+0800][38.598s][info][gc,metaspace   ] GC(755) Metaspace: 117K(320K)->117K(320K) NonClass: 110K(192K)->110K(192K) Class: 7K(128K)->7K(128K)
[2026-06-17T10:04:56.696+0800][38.598s][info][gc             ] GC(755) Pause Young (Allocation Failure) 47M->36M(61M) 4.776ms
[2026-06-17T10:04:56.697+0800][38.599s][info][gc,cpu         ] GC(755) User=0.00s Sys=0.00s Real=0.00s
[2026-06-17T10:04:56.740+0800][38.642s][info][gc,start       ] GC(756) Pause Young (Allocation Failure)
[2026-06-17T10:04:56.742+0800][38.644s][info][gc,heap        ] GC(756) DefNew: 19398K(19648K)->1856K(19648K) Eden: 17223K(17472K)->0K(17472K) From: 2174K(2176K)->1856K(2176K)
[2026-06-17T10:04:56.743+0800][38.645s][info][gc,heap        ] GC(756) Tenured: 35136K(43712K)->38025K(43712K)
[2026-06-17T10:04:56.743+0800][38.646s][info][gc,metaspace   ] GC(756) Metaspace: 117K(320K)->117K(320K) NonClass: 110K(192K)->110K(192K) Class: 7K(128K)->7K(128K)
[2026-06-17T10:04:56.744+0800][38.646s][info][gc             ] GC(756) Pause Young (Allocation Failure) 53M->38M(61M) 3.948ms
[2026-06-17T10:04:56.745+0800][38.647s][info][gc,cpu         ] GC(756) User=0.00s Sys=0.00s Real=0.01s
[2026-06-17T10:04:56.798+0800][38.700s][info][gc,start       ] GC(757) Pause Full (Allocation Failure)
[2026-06-17T10:04:56.799+0800][38.701s][info][gc,phases,start] GC(757) Phase 1: Mark live objects
[2026-06-17T10:04:56.801+0800][38.703s][info][gc,phases      ] GC(757) Phase 1: Mark live objects 1.541ms
[2026-06-17T10:04:56.801+0800][38.704s][info][gc,phases,start] GC(757) Phase 2: Compute new object addresses
[2026-06-17T10:04:56.803+0800][38.705s][info][gc,phases      ] GC(757) Phase 2: Compute new object addresses 1.249ms
[2026-06-17T10:04:56.803+0800][38.705s][info][gc,phases,start] GC(757) Phase 3: Adjust pointers
[2026-06-17T10:04:56.804+0800][38.707s][info][gc,phases      ] GC(757) Phase 3: Adjust pointers 1.252ms
[2026-06-17T10:04:56.805+0800][38.707s][info][gc,phases,start] GC(757) Phase 4: Move objects
[2026-06-17T10:04:56.808+0800][38.710s][info][gc,phases      ] GC(757) Phase 4: Move objects 2.750ms
[2026-06-17T10:04:56.809+0800][38.711s][info][gc,heap        ] GC(757) DefNew: 19294K(19648K)->0K(19648K) Eden: 17438K(17472K)->0K(17472K) From: 1856K(2176K)->0K(2176K)
[2026-06-17T10:04:56.810+0800][38.712s][info][gc,heap        ] GC(757) Tenured: 38025K(43712K)->22611K(43712K)
[2026-06-17T10:04:56.810+0800][38.712s][info][gc,metaspace   ] GC(757) Metaspace: 117K(320K)->117K(320K) NonClass: 110K(192K)->110K(192K) Class: 7K(128K)->7K(128K)
[2026-06-17T10:04:56.811+0800][38.713s][info][gc             ] GC(757) Pause Full (Allocation Failure) 55M->22M(61M) 12.823ms
[2026-06-17T10:04:56.811+0800][38.714s][info][gc,cpu         ] GC(757) User=0.00s Sys=0.00s Real=0.02s
[2026-06-17T10:04:56.854+0800][38.756s][info][gc,start       ] GC(758) Pause Young (Allocation Failure)
[2026-06-17T10:04:56.856+0800][38.758s][info][gc,heap        ] GC(758) DefNew: 17467K(19648K)->2171K(19648K) Eden: 17467K(17472K)->0K(17472K) From: 0K(2176K)->2171K(2176K)
[2026-06-17T10:04:56.856+0800][38.759s][info][gc,heap        ] GC(758) Tenured: 22611K(43712K)->27523K(43712K)
[2026-06-17T10:04:56.858+0800][38.761s][info][gc,metaspace   ] GC(758) Metaspace: 117K(320K)->117K(320K) NonClass: 110K(192K)->110K(192K) Class: 7K(128K)->7K(128K)
[2026-06-17T10:04:56.859+0800][38.761s][info][gc             ] GC(758) Pause Young (Allocation Failure) 39M->28M(61M) 4.932ms
[2026-06-17T10:04:56.859+0800][38.762s][info][gc,cpu         ] GC(758) User=0.00s Sys=0.00s Real=0.00s
[2026-06-17T10:04:56.903+0800][38.805s][info][gc,start       ] GC(759) Pause Young (Allocation Failure)
[2026-06-17T10:04:56.905+0800][38.807s][info][gc,heap        ] GC(759) DefNew: 19643K(19648K)->2144K(19648K) Eden: 17472K(17472K)->0K(17472K) From: 2171K(2176K)->2144K(2176K)
[2026-06-17T10:04:56.906+0800][38.808s][info][gc,heap        ] GC(759) Tenured: 27523K(43712K)->33334K(43712K)
[2026-06-17T10:04:56.907+0800][38.809s][info][gc,metaspace   ] GC(759) Metaspace: 117K(320K)->117K(320K) NonClass: 110K(192K)->110K(192K) Class: 7K(128K)->7K(128K)
[2026-06-17T10:04:56.908+0800][38.810s][info][gc             ] GC(759) Pause Young (Allocation Failure) 46M->34M(61M) 5.430ms
[2026-06-17T10:04:56.909+0800][38.811s][info][gc,cpu         ] GC(759) User=0.01s Sys=0.00s Real=0.00s
[2026-06-17T10:04:56.952+0800][38.855s][info][gc,start       ] GC(760) Pause Young (Allocation Failure)
[2026-06-17T10:04:56.954+0800][38.856s][info][gc,heap        ] GC(760) DefNew: 19581K(19648K)->2173K(19648K) Eden: 17436K(17472K)->0K(17472K) From: 2144K(2176K)->2173K(2176K)
[2026-06-17T10:04:56.955+0800][38.857s][info][gc,heap        ] GC(760) Tenured: 33334K(43712K)->37240K(43712K)
[2026-06-17T10:04:56.956+0800][38.858s][info][gc,metaspace   ] GC(760) Metaspace: 117K(320K)->117K(320K) NonClass: 110K(192K)->110K(192K) Class: 7K(128K)->7K(128K)
[2026-06-17T10:04:56.957+0800][38.859s][info][gc             ] GC(760) Pause Young (Allocation Failure) 51M->38M(61M) 4.405ms
[2026-06-17T10:04:56.958+0800][38.860s][info][gc,cpu         ] GC(760) User=0.00s Sys=0.00s Real=0.00s
[2026-06-17T10:04:57.002+0800][38.904s][info][gc,start       ] GC(761) Pause Full (Allocation Failure)
[2026-06-17T10:04:57.003+0800][38.905s][info][gc,phases,start] GC(761) Phase 1: Mark live objects
[2026-06-17T10:04:57.005+0800][38.907s][info][gc,phases      ] GC(761) Phase 1: Mark live objects 2.023ms
[2026-06-17T10:04:57.005+0800][38.908s][info][gc,phases,start] GC(761) Phase 2: Compute new object addresses
[2026-06-17T10:04:57.006+0800][38.909s][info][gc,phases      ] GC(761) Phase 2: Compute new object addresses 1.113ms
[2026-06-17T10:04:57.007+0800][38.909s][info][gc,phases,start] GC(761) Phase 3: Adjust pointers
[2026-06-17T10:04:57.009+0800][38.911s][info][gc,phases      ] GC(761) Phase 3: Adjust pointers 1.389ms
[2026-06-17T10:04:57.010+0800][38.912s][info][gc,phases,start] GC(761) Phase 4: Move objects
[2026-06-17T10:04:57.012+0800][38.914s][info][gc,phases      ] GC(761) Phase 4: Move objects 2.688ms
[2026-06-17T10:04:57.013+0800][38.915s][info][gc,heap        ] GC(761) DefNew: 19522K(19648K)->0K(19648K) Eden: 17348K(17472K)->0K(17472K) From: 2173K(2176K)->0K(2176K)
[2026-06-17T10:04:57.014+0800][38.916s][info][gc,heap        ] GC(761) Tenured: 37240K(43712K)->23907K(43712K)
[2026-06-17T10:04:57.015+0800][38.917s][info][gc,metaspace   ] GC(761) Metaspace: 117K(320K)->117K(320K) NonClass: 110K(192K)->110K(192K) Class: 7K(128K)->7K(128K)
[2026-06-17T10:04:57.015+0800][38.918s][info][gc             ] GC(761) Pause Full (Allocation Failure) 55M->23M(61M) 13.883ms
[2026-06-17T10:04:57.016+0800][38.918s][info][gc,cpu         ] GC(761) User=0.01s Sys=0.00s Real=0.02s
[2026-06-17T10:04:57.070+0800][38.972s][info][gc,start       ] GC(762) Pause Young (Allocation Failure)
[2026-06-17T10:04:57.071+0800][38.973s][info][gc,heap        ] GC(762) DefNew: 17472K(19648K)->2147K(19648K) Eden: 17472K(17472K)->0K(17472K) From: 0K(2176K)->2147K(2176K)
[2026-06-17T10:04:57.072+0800][38.974s][info][gc,heap        ] GC(762) Tenured: 23907K(43712K)->25139K(43712K)
[2026-06-17T10:04:57.073+0800][38.975s][info][gc,metaspace   ] GC(762) Metaspace: 117K(320K)->117K(320K) NonClass: 110K(192K)->110K(192K) Class: 7K(128K)->7K(128K)
[2026-06-17T10:04:57.073+0800][38.975s][info][gc             ] GC(762) Pause Young (Allocation Failure) 40M->26M(61M) 3.730ms
[2026-06-17T10:04:57.074+0800][38.976s][info][gc,cpu         ] GC(762) User=0.00s Sys=0.00s Real=0.01s
[2026-06-17T10:04:57.107+0800][39.009s][info][gc,start       ] GC(763) Pause Young (Allocation Failure)
[2026-06-17T10:04:57.109+0800][39.011s][info][gc,heap        ] GC(763) DefNew: 18937K(19648K)->2110K(19648K) Eden: 16789K(17472K)->0K(17472K) From: 2147K(2176K)->2110K(2176K)
[2026-06-17T10:04:57.109+0800][39.012s][info][gc,heap        ] GC(763) Tenured: 25139K(43712K)->26822K(43712K)
[2026-06-17T10:04:57.110+0800][39.012s][info][gc,metaspace   ] GC(763) Metaspace: 117K(320K)->117K(320K) NonClass: 110K(192K)->110K(192K) Class: 7K(128K)->7K(128K)
[2026-06-17T10:04:57.111+0800][39.013s][info][gc             ] GC(763) Pause Young (Allocation Failure) 43M->28M(61M) 3.691ms
[2026-06-17T10:04:57.111+0800][39.014s][info][gc,cpu         ] GC(763) User=0.00s Sys=0.00s Real=0.01s
[2026-06-17T10:04:57.156+0800][39.058s][info][gc,start       ] GC(764) Pause Young (Allocation Failure)
[2026-06-17T10:04:57.158+0800][39.060s][info][gc,heap        ] GC(764) DefNew: 19469K(19648K)->2124K(19648K) Eden: 17359K(17472K)->0K(17472K) From: 2110K(2176K)->2124K(2176K)
[2026-06-17T10:04:57.159+0800][39.061s][info][gc,heap        ] GC(764) Tenured: 26822K(43712K)->30200K(43712K)
[2026-06-17T10:04:57.160+0800][39.062s][info][gc,metaspace   ] GC(764) Metaspace: 117K(320K)->117K(320K) NonClass: 110K(192K)->110K(192K) Class: 7K(128K)->7K(128K)
[2026-06-17T10:04:57.161+0800][39.063s][info][gc             ] GC(764) Pause Young (Allocation Failure) 45M->31M(61M) 5.114ms
[2026-06-17T10:04:57.162+0800][39.064s][info][gc,cpu         ] GC(764) User=0.01s Sys=0.00s Real=0.00s
[2026-06-17T10:04:57.216+0800][39.118s][info][gc,start       ] GC(765) Pause Young (Allocation Failure)
[2026-06-17T10:04:57.218+0800][39.120s][info][gc,heap        ] GC(765) DefNew: 19565K(19648K)->2151K(19648K) Eden: 17441K(17472K)->0K(17472K) From: 2124K(2176K)->2151K(2176K)
[2026-06-17T10:04:57.219+0800][39.121s][info][gc,heap        ] GC(765) Tenured: 30200K(43712K)->33955K(43712K)
[2026-06-17T10:04:57.220+0800][39.122s][info][gc,metaspace   ] GC(765) Metaspace: 117K(320K)->117K(320K) NonClass: 110K(192K)->110K(192K) Class: 7K(128K)->7K(128K)
[2026-06-17T10:04:57.220+0800][39.123s][info][gc             ] GC(765) Pause Young (Allocation Failure) 48M->35M(61M) 4.646ms
[2026-06-17T10:04:57.221+0800][39.123s][info][gc,cpu         ] GC(765) User=0.00s Sys=0.00s Real=0.00s
[2026-06-17T10:04:57.266+0800][39.168s][info][gc,start       ] GC(766) Pause Young (Allocation Failure)
[2026-06-17T10:04:57.269+0800][39.171s][info][gc,heap        ] GC(766) DefNew: 19622K(19648K)->2074K(19648K) Eden: 17471K(17472K)->0K(17472K) From: 2151K(2176K)->2074K(2176K)
[2026-06-17T10:04:57.269+0800][39.172s][info][gc,heap        ] GC(766) Tenured: 33955K(43712K)->37596K(43712K)
[2026-06-17T10:04:57.271+0800][39.173s][info][gc,metaspace   ] GC(766) Metaspace: 117K(320K)->117K(320K) NonClass: 110K(192K)->110K(192K) Class: 7K(128K)->7K(128K)
[2026-06-17T10:04:57.272+0800][39.174s][info][gc             ] GC(766) Pause Young (Allocation Failure) 52M->38M(61M) 5.805ms
[2026-06-17T10:04:57.273+0800][39.175s][info][gc,cpu         ] GC(766) User=0.00s Sys=0.00s Real=0.01s
[2026-06-17T10:04:57.317+0800][39.219s][info][gc,start       ] GC(767) Pause Full (Allocation Failure)
[2026-06-17T10:04:57.318+0800][39.220s][info][gc,phases,start] GC(767) Phase 1: Mark live objects
[2026-06-17T10:04:57.321+0800][39.223s][info][gc,phases      ] GC(767) Phase 1: Mark live objects 2.973ms
[2026-06-17T10:04:57.321+0800][39.224s][info][gc,phases,start] GC(767) Phase 2: Compute new object addresses
[2026-06-17T10:04:57.322+0800][39.224s][info][gc,phases      ] GC(767) Phase 2: Compute new object addresses 0.918ms
[2026-06-17T10:04:57.323+0800][39.225s][info][gc,phases,start] GC(767) Phase 3: Adjust pointers
[2026-06-17T10:04:57.324+0800][39.226s][info][gc,phases      ] GC(767) Phase 3: Adjust pointers 0.972ms
[2026-06-17T10:04:57.325+0800][39.227s][info][gc,phases,start] GC(767) Phase 4: Move objects
[2026-06-17T10:04:57.327+0800][39.229s][info][gc,phases      ] GC(767) Phase 4: Move objects 2.526ms
[2026-06-17T10:04:57.328+0800][39.230s][info][gc,heap        ] GC(767) DefNew: 19533K(19648K)->0K(19648K) Eden: 17459K(17472K)->0K(17472K) From: 2074K(2176K)->0K(2176K)
[2026-06-17T10:04:57.328+0800][39.230s][info][gc,heap        ] GC(767) Tenured: 37596K(43712K)->24023K(43712K)
[2026-06-17T10:04:57.329+0800][39.231s][info][gc,metaspace   ] GC(767) Metaspace: 117K(320K)->117K(320K) NonClass: 110K(192K)->110K(192K) Class: 7K(128K)->7K(128K)
[2026-06-17T10:04:57.329+0800][39.232s][info][gc             ] GC(767) Pause Full (Allocation Failure) 55M->23M(61M) 12.723ms
[2026-06-17T10:04:57.330+0800][39.232s][info][gc,cpu         ] GC(767) User=0.00s Sys=0.00s Real=0.01s
[2026-06-17T10:04:57.373+0800][39.275s][info][gc,start       ] GC(768) Pause Young (Allocation Failure)
[2026-06-17T10:04:57.374+0800][39.276s][info][gc,heap        ] GC(768) DefNew: 17470K(19648K)->2169K(19648K) Eden: 17470K(17472K)->0K(17472K) From: 0K(2176K)->2169K(2176K)
[2026-06-17T10:04:57.374+0800][39.276s][info][gc,heap        ] GC(768) Tenured: 24023K(43712K)->28832K(43712K)
[2026-06-17T10:04:57.374+0800][39.276s][info][gc,metaspace   ] GC(768) Metaspace: 117K(320K)->117K(320K) NonClass: 110K(192K)->110K(192K) Class: 7K(128K)->7K(128K)
[2026-06-17T10:04:57.374+0800][39.276s][info][gc             ] GC(768) Pause Young (Allocation Failure) 40M->30M(61M) 1.572ms
[2026-06-17T10:04:57.374+0800][39.277s][info][gc,cpu         ] GC(768) User=0.00s Sys=0.00s Real=0.00s
[2026-06-17T10:04:57.416+0800][39.318s][info][gc,start       ] GC(769) Pause Young (Allocation Failure)
[2026-06-17T10:04:57.417+0800][39.319s][info][gc,heap        ] GC(769) DefNew: 19593K(19648K)->2118K(19648K) Eden: 17424K(17472K)->0K(17472K) From: 2169K(2176K)->2118K(2176K)
[2026-06-17T10:04:57.418+0800][39.320s][info][gc,heap        ] GC(769) Tenured: 28832K(43712K)->32479K(43712K)
[2026-06-17T10:04:57.418+0800][39.320s][info][gc,metaspace   ] GC(769) Metaspace: 117K(320K)->117K(320K) NonClass: 110K(192K)->110K(192K) Class: 7K(128K)->7K(128K)
[2026-06-17T10:04:57.419+0800][39.321s][info][gc             ] GC(769) Pause Young (Allocation Failure) 47M->33M(61M) 2.207ms
[2026-06-17T10:04:57.419+0800][39.321s][info][gc,cpu         ] GC(769) User=0.00s Sys=0.00s Real=0.00s
[2026-06-17T10:04:57.462+0800][39.364s][info][gc,start       ] GC(770) Pause Young (Allocation Failure)
[2026-06-17T10:04:57.464+0800][39.366s][info][gc,heap        ] GC(770) DefNew: 19557K(19648K)->2109K(19648K) Eden: 17438K(17472K)->0K(17472K) From: 2118K(2176K)->2109K(2176K)
[2026-06-17T10:04:57.464+0800][39.367s][info][gc,heap        ] GC(770) Tenured: 32479K(43712K)->36161K(43712K)
[2026-06-17T10:04:57.465+0800][39.367s][info][gc,metaspace   ] GC(770) Metaspace: 117K(320K)->117K(320K) NonClass: 110K(192K)->110K(192K) Class: 7K(128K)->7K(128K)
[2026-06-17T10:04:57.465+0800][39.367s][info][gc             ] GC(770) Pause Young (Allocation Failure) 50M->37M(61M) 3.599ms
[2026-06-17T10:04:57.465+0800][39.368s][info][gc,cpu         ] GC(770) User=0.01s Sys=0.00s Real=0.01s
[2026-06-17T10:04:57.509+0800][39.411s][info][gc,start       ] GC(771) Pause Young (Allocation Failure)
[2026-06-17T10:04:57.511+0800][39.413s][info][gc,heap        ] GC(771) DefNew: 19574K(19648K)->2171K(19648K) Eden: 17465K(17472K)->0K(17472K) From: 2109K(2176K)->2171K(2176K)
[2026-06-17T10:04:57.511+0800][39.413s][info][gc,heap        ] GC(771) Tenured: 36161K(43712K)->39702K(43712K)
[2026-06-17T10:04:57.512+0800][39.414s][info][gc,metaspace   ] GC(771) Metaspace: 117K(320K)->117K(320K) NonClass: 110K(192K)->110K(192K) Class: 7K(128K)->7K(128K)
[2026-06-17T10:04:57.512+0800][39.414s][info][gc             ] GC(771) Pause Young (Allocation Failure) 54M->40M(61M) 3.145ms
[2026-06-17T10:04:57.513+0800][39.415s][info][gc,cpu         ] GC(771) User=0.00s Sys=0.00s Real=0.01s
[2026-06-17T10:04:57.556+0800][39.458s][info][gc,start       ] GC(772) Pause Full (Allocation Failure)
[2026-06-17T10:04:57.557+0800][39.459s][info][gc,phases,start] GC(772) Phase 1: Mark live objects
[2026-06-17T10:04:57.559+0800][39.461s][info][gc,phases      ] GC(772) Phase 1: Mark live objects 1.727ms
[2026-06-17T10:04:57.559+0800][39.461s][info][gc,phases,start] GC(772) Phase 2: Compute new object addresses
[2026-06-17T10:04:57.560+0800][39.462s][info][gc,phases      ] GC(772) Phase 2: Compute new object addresses 0.834ms
[2026-06-17T10:04:57.560+0800][39.462s][info][gc,phases,start] GC(772) Phase 3: Adjust pointers
[2026-06-17T10:04:57.561+0800][39.463s][info][gc,phases      ] GC(772) Phase 3: Adjust pointers 0.729ms
[2026-06-17T10:04:57.561+0800][39.463s][info][gc,phases,start] GC(772) Phase 4: Move objects
[2026-06-17T10:04:57.563+0800][39.465s][info][gc,phases      ] GC(772) Phase 4: Move objects 2.054ms
[2026-06-17T10:04:57.564+0800][39.466s][info][gc,heap        ] GC(772) DefNew: 19519K(19648K)->0K(19648K) Eden: 17348K(17472K)->0K(17472K) From: 2171K(2176K)->0K(2176K)
[2026-06-17T10:04:57.564+0800][39.466s][info][gc,heap        ] GC(772) Tenured: 39702K(43712K)->30313K(43712K)
[2026-06-17T10:04:57.564+0800][39.466s][info][gc,metaspace   ] GC(772) Metaspace: 117K(320K)->117K(320K) NonClass: 110K(192K)->110K(192K) Class: 7K(128K)->7K(128K)
[2026-06-17T10:04:57.565+0800][39.467s][info][gc             ] GC(772) Pause Full (Allocation Failure) 57M->29M(61M) 8.347ms
[2026-06-17T10:04:57.565+0800][39.467s][info][gc,cpu         ] GC(772) User=0.01s Sys=0.00s Real=0.01s
[2026-06-17T10:04:57.607+0800][39.509s][info][gc,start       ] GC(773) Pause Young (Allocation Failure)
[2026-06-17T10:04:57.614+0800][39.516s][info][gc,heap        ] GC(773) DefNew: 17446K(19648K)->2175K(19648K) Eden: 17446K(17472K)->0K(17472K) From: 0K(2176K)->2175K(2176K)
[2026-06-17T10:04:57.619+0800][39.521s][info][gc,heap        ] GC(773) Tenured: 30313K(43712K)->35625K(43712K)
[2026-06-17T10:04:57.619+0800][39.522s][info][gc,metaspace   ] GC(773) Metaspace: 117K(320K)->117K(320K) NonClass: 110K(192K)->110K(192K) Class: 7K(128K)->7K(128K)
[2026-06-17T10:04:57.620+0800][39.522s][info][gc             ] GC(773) Pause Young (Allocation Failure) 46M->36M(61M) 13.396ms
[2026-06-17T10:04:57.621+0800][39.523s][info][gc,cpu         ] GC(773) User=0.00s Sys=0.00s Real=0.01s
[2026-06-17T10:04:57.674+0800][39.576s][info][gc,start       ] GC(774) Pause Young (Allocation Failure)
[2026-06-17T10:04:57.681+0800][39.583s][info][gc,heap        ] GC(774) DefNew: 19609K(19648K)->2136K(19648K) Eden: 17433K(17472K)->0K(17472K) From: 2175K(2176K)->2136K(2176K)
[2026-06-17T10:04:57.682+0800][39.584s][info][gc,heap        ] GC(774) Tenured: 35625K(43712K)->38774K(43712K)
[2026-06-17T10:04:57.683+0800][39.585s][info][gc,metaspace   ] GC(774) Metaspace: 117K(320K)->117K(320K) NonClass: 110K(192K)->110K(192K) Class: 7K(128K)->7K(128K)
[2026-06-17T10:04:57.689+0800][39.592s][info][gc             ] GC(774) Pause Young (Allocation Failure) 53M->39M(61M) 15.625ms
[2026-06-17T10:04:57.692+0800][39.594s][info][gc,cpu         ] GC(774) User=0.00s Sys=0.00s Real=0.02s
[2026-06-17T10:04:57.736+0800][39.638s][info][gc,start       ] GC(775) Pause Full (Allocation Failure)
[2026-06-17T10:04:57.738+0800][39.640s][info][gc,phases,start] GC(775) Phase 1: Mark live objects
[2026-06-17T10:04:57.740+0800][39.642s][info][gc,phases      ] GC(775) Phase 1: Mark live objects 1.327ms
[2026-06-17T10:04:57.740+0800][39.642s][info][gc,phases,start] GC(775) Phase 2: Compute new object addresses
[2026-06-17T10:04:57.741+0800][39.643s][info][gc,phases      ] GC(775) Phase 2: Compute new object addresses 0.762ms
[2026-06-17T10:04:57.741+0800][39.643s][info][gc,phases,start] GC(775) Phase 3: Adjust pointers
[2026-06-17T10:04:57.742+0800][39.644s][info][gc,phases      ] GC(775) Phase 3: Adjust pointers 0.732ms
[2026-06-17T10:04:57.743+0800][39.645s][info][gc,phases,start] GC(775) Phase 4: Move objects
[2026-06-17T10:04:57.745+0800][39.647s][info][gc,phases      ] GC(775) Phase 4: Move objects 2.284ms
[2026-06-17T10:04:57.746+0800][39.648s][info][gc,heap        ] GC(775) DefNew: 19608K(19648K)->0K(19648K) Eden: 17472K(17472K)->0K(17472K) From: 2136K(2176K)->0K(2176K)
[2026-06-17T10:04:57.746+0800][39.648s][info][gc,heap        ] GC(775) Tenured: 38774K(43712K)->30926K(43712K)
[2026-06-17T10:04:57.747+0800][39.649s][info][gc,metaspace   ] GC(775) Metaspace: 117K(320K)->117K(320K) NonClass: 110K(192K)->110K(192K) Class: 7K(128K)->7K(128K)
[2026-06-17T10:04:57.747+0800][39.650s][info][gc             ] GC(775) Pause Full (Allocation Failure) 57M->30M(61M) 11.688ms
[2026-06-17T10:04:57.748+0800][39.650s][info][gc,cpu         ] GC(775) User=0.01s Sys=0.00s Real=0.01s
[2026-06-17T10:04:57.790+0800][39.693s][info][gc,start       ] GC(776) Pause Young (Allocation Failure)
[2026-06-17T10:04:57.792+0800][39.694s][info][gc,heap        ] GC(776) DefNew: 17472K(19648K)->2175K(19648K) Eden: 17472K(17472K)->0K(17472K) From: 0K(2176K)->2175K(2176K)
[2026-06-17T10:04:57.792+0800][39.694s][info][gc,heap        ] GC(776) Tenured: 30926K(43712K)->35747K(43712K)
[2026-06-17T10:04:57.793+0800][39.695s][info][gc,metaspace   ] GC(776) Metaspace: 117K(320K)->117K(320K) NonClass: 110K(192K)->110K(192K) Class: 7K(128K)->7K(128K)
[2026-06-17T10:04:57.793+0800][39.696s][info][gc             ] GC(776) Pause Young (Allocation Failure) 47M->37M(61M) 2.875ms
[2026-06-17T10:04:57.794+0800][39.696s][info][gc,cpu         ] GC(776) User=0.00s Sys=0.00s Real=0.00s
[2026-06-17T10:04:57.836+0800][39.738s][info][gc,start       ] GC(777) Pause Young (Allocation Failure)
[2026-06-17T10:04:57.837+0800][39.739s][info][gc,heap        ] GC(777) DefNew: 19473K(19648K)->1861K(19648K) Eden: 17298K(17472K)->0K(17472K) From: 2175K(2176K)->1861K(2176K)
[2026-06-17T10:04:57.837+0800][39.739s][info][gc,heap        ] GC(777) Tenured: 35747K(43712K)->37922K(43712K)
[2026-06-17T10:04:57.837+0800][39.740s][info][gc,metaspace   ] GC(777) Metaspace: 117K(320K)->117K(320K) NonClass: 110K(192K)->110K(192K) Class: 7K(128K)->7K(128K)
[2026-06-17T10:04:57.840+0800][39.742s][info][gc             ] GC(777) Pause Young (Allocation Failure) 53M->38M(61M) 3.866ms
[2026-06-17T10:04:57.842+0800][39.744s][info][gc,cpu         ] GC(777) User=0.00s Sys=0.00s Real=0.00s
[2026-06-17T10:04:57.886+0800][39.788s][info][gc,start       ] GC(778) Pause Full (Allocation Failure)
[2026-06-17T10:04:57.887+0800][39.789s][info][gc,phases,start] GC(778) Phase 1: Mark live objects
[2026-06-17T10:04:57.889+0800][39.792s][info][gc,phases      ] GC(778) Phase 1: Mark live objects 2.340ms
[2026-06-17T10:04:57.891+0800][39.794s][info][gc,phases,start] GC(778) Phase 2: Compute new object addresses
[2026-06-17T10:04:57.895+0800][39.797s][info][gc,phases      ] GC(778) Phase 2: Compute new object addresses 3.093ms
[2026-06-17T10:04:57.895+0800][39.797s][info][gc,phases,start] GC(778) Phase 3: Adjust pointers
[2026-06-17T10:04:57.897+0800][39.799s][info][gc,phases      ] GC(778) Phase 3: Adjust pointers 1.693ms
[2026-06-17T10:04:57.898+0800][39.800s][info][gc,phases,start] GC(778) Phase 4: Move objects
[2026-06-17T10:04:57.901+0800][39.803s][info][gc,phases      ] GC(778) Phase 4: Move objects 3.050ms
[2026-06-17T10:04:57.903+0800][39.805s][info][gc,heap        ] GC(778) DefNew: 19333K(19648K)->0K(19648K) Eden: 17472K(17472K)->0K(17472K) From: 1861K(2176K)->0K(2176K)
[2026-06-17T10:04:57.904+0800][39.806s][info][gc,heap        ] GC(778) Tenured: 37922K(43712K)->23390K(43712K)
[2026-06-17T10:04:57.913+0800][39.816s][info][gc,metaspace   ] GC(778) Metaspace: 117K(320K)->117K(320K) NonClass: 110K(192K)->110K(192K) Class: 7K(128K)->7K(128K)
[2026-06-17T10:04:57.914+0800][39.816s][info][gc             ] GC(778) Pause Full (Allocation Failure) 55M->22M(61M) 27.657ms
[2026-06-17T10:04:57.916+0800][39.818s][info][gc,cpu         ] GC(778) User=0.01s Sys=0.00s Real=0.03s
[2026-06-17T10:04:57.969+0800][39.872s][info][gc,start       ] GC(779) Pause Young (Allocation Failure)
[2026-06-17T10:04:57.971+0800][39.874s][info][gc,heap        ] GC(779) DefNew: 17427K(19648K)->2148K(19648K) Eden: 17427K(17472K)->0K(17472K) From: 0K(2176K)->2148K(2176K)
[2026-06-17T10:04:57.973+0800][39.876s][info][gc,heap        ] GC(779) Tenured: 23390K(43712K)->24360K(43712K)
[2026-06-17T10:04:57.975+0800][39.877s][info][gc,metaspace   ] GC(779) Metaspace: 117K(320K)->117K(320K) NonClass: 110K(192K)->110K(192K) Class: 7K(128K)->7K(128K)
[2026-06-17T10:04:57.977+0800][39.879s][info][gc             ] GC(779) Pause Young (Allocation Failure) 39M->25M(61M) 7.424ms
[2026-06-17T10:04:57.978+0800][39.880s][info][gc,cpu         ] GC(779) User=0.00s Sys=0.00s Real=0.01s
[2026-06-17T10:04:58.011+0800][39.914s][info][gc,start       ] GC(780) Pause Young (Allocation Failure)
[2026-06-17T10:04:58.013+0800][39.915s][info][gc,heap        ] GC(780) DefNew: 19575K(19648K)->2118K(19648K) Eden: 17427K(17472K)->0K(17472K) From: 2148K(2176K)->2118K(2176K)
[2026-06-17T10:04:58.013+0800][39.915s][info][gc,heap        ] GC(780) Tenured: 24360K(43712K)->27460K(43712K)
[2026-06-17T10:04:58.013+0800][39.915s][info][gc,metaspace   ] GC(780) Metaspace: 117K(320K)->117K(320K) NonClass: 110K(192K)->110K(192K) Class: 7K(128K)->7K(128K)
[2026-06-17T10:04:58.014+0800][39.916s][info][gc             ] GC(780) Pause Young (Allocation Failure) 42M->28M(61M) 2.144ms
[2026-06-17T10:04:58.014+0800][39.916s][info][gc,cpu         ] GC(780) User=0.00s Sys=0.00s Real=0.00s
[2026-06-17T10:04:58.066+0800][39.968s][info][gc,start       ] GC(781) Pause Young (Allocation Failure)
[2026-06-17T10:04:58.067+0800][39.969s][info][gc,heap        ] GC(781) DefNew: 19590K(19648K)->2162K(19648K) Eden: 17472K(17472K)->0K(17472K) From: 2118K(2176K)->2162K(2176K)
[2026-06-17T10:04:58.067+0800][39.970s][info][gc,heap        ] GC(781) Tenured: 27460K(43712K)->30817K(43712K)
[2026-06-17T10:04:58.068+0800][39.970s][info][gc,metaspace   ] GC(781) Metaspace: 117K(320K)->117K(320K) NonClass: 110K(192K)->110K(192K) Class: 7K(128K)->7K(128K)
[2026-06-17T10:04:58.068+0800][39.970s][info][gc             ] GC(781) Pause Young (Allocation Failure) 45M->32M(61M) 1.906ms
[2026-06-17T10:04:58.068+0800][39.970s][info][gc,cpu         ] GC(781) User=0.00s Sys=0.00s Real=0.00s
[2026-06-17T10:04:58.110+0800][40.012s][info][gc,start       ] GC(782) Pause Young (Allocation Failure)
[2026-06-17T10:04:58.111+0800][40.013s][info][gc,heap        ] GC(782) DefNew: 19622K(19648K)->2160K(19648K) Eden: 17459K(17472K)->0K(17472K) From: 2162K(2176K)->2160K(2176K)
[2026-06-17T10:04:58.112+0800][40.014s][info][gc,heap        ] GC(782) Tenured: 30817K(43712K)->34437K(43712K)
[2026-06-17T10:04:58.112+0800][40.014s][info][gc,metaspace   ] GC(782) Metaspace: 117K(320K)->117K(320K) NonClass: 110K(192K)->110K(192K) Class: 7K(128K)->7K(128K)
[2026-06-17T10:04:58.112+0800][40.014s][info][gc             ] GC(782) Pause Young (Allocation Failure) 49M->35M(61M) 1.861ms
[2026-06-17T10:04:58.112+0800][40.015s][info][gc,cpu         ] GC(782) User=0.00s Sys=0.00s Real=0.01s
[2026-06-17T10:04:58.155+0800][40.057s][info][gc,start       ] GC(783) Pause Young (Allocation Failure)
[2026-06-17T10:04:58.157+0800][40.059s][info][gc,heap        ] GC(783) DefNew: 19632K(19648K)->2171K(19648K) Eden: 17472K(17472K)->0K(17472K) From: 2160K(2176K)->2171K(2176K)
[2026-06-17T10:04:58.158+0800][40.060s][info][gc,heap        ] GC(783) Tenured: 34437K(43712K)->38375K(43712K)
[2026-06-17T10:04:58.159+0800][40.061s][info][gc,metaspace   ] GC(783) Metaspace: 117K(320K)->117K(320K) NonClass: 110K(192K)->110K(192K) Class: 7K(128K)->7K(128K)
[2026-06-17T10:04:58.160+0800][40.062s][info][gc             ] GC(783) Pause Young (Allocation Failure) 52M->39M(61M) 4.911ms
[2026-06-17T10:04:58.161+0800][40.063s][info][gc,cpu         ] GC(783) User=0.00s Sys=0.00s Real=0.00s
[2026-06-17T10:04:58.206+0800][40.108s][info][gc,start       ] GC(784) Pause Full (Allocation Failure)
[2026-06-17T10:04:58.207+0800][40.109s][info][gc,phases,start] GC(784) Phase 1: Mark live objects
[2026-06-17T10:04:58.209+0800][40.111s][info][gc,phases      ] GC(784) Phase 1: Mark live objects 1.991ms
[2026-06-17T10:04:58.209+0800][40.112s][info][gc,phases,start] GC(784) Phase 2: Compute new object addresses
[2026-06-17T10:04:58.211+0800][40.114s][info][gc,phases      ] GC(784) Phase 2: Compute new object addresses 1.988ms
[2026-06-17T10:04:58.212+0800][40.114s][info][gc,phases,start] GC(784) Phase 3: Adjust pointers
[2026-06-17T10:04:58.214+0800][40.116s][info][gc,phases      ] GC(784) Phase 3: Adjust pointers 1.687ms
[2026-06-17T10:04:58.215+0800][40.117s][info][gc,phases,start] GC(784) Phase 4: Move objects
[2026-06-17T10:04:58.220+0800][40.122s][info][gc,phases      ] GC(784) Phase 4: Move objects 4.745ms
[2026-06-17T10:04:58.221+0800][40.123s][info][gc,heap        ] GC(784) DefNew: 19596K(19648K)->0K(19648K) Eden: 17425K(17472K)->0K(17472K) From: 2171K(2176K)->0K(2176K)
[2026-06-17T10:04:58.222+0800][40.124s][info][gc,heap        ] GC(784) Tenured: 38375K(43712K)->30384K(43712K)
[2026-06-17T10:04:58.223+0800][40.125s][info][gc,metaspace   ] GC(784) Metaspace: 117K(320K)->117K(320K) NonClass: 110K(192K)->110K(192K) Class: 7K(128K)->7K(128K)
[2026-06-17T10:04:58.224+0800][40.126s][info][gc             ] GC(784) Pause Full (Allocation Failure) 56M->29M(61M) 18.399ms
[2026-06-17T10:04:58.225+0800][40.127s][info][gc,cpu         ] GC(784) User=0.01s Sys=0.00s Real=0.02s
[2026-06-17T10:04:58.270+0800][40.172s][info][gc,start       ] GC(785) Pause Young (Allocation Failure)
[2026-06-17T10:04:58.271+0800][40.173s][info][gc,heap        ] GC(785) DefNew: 17198K(19648K)->2095K(19648K) Eden: 17198K(17472K)->0K(17472K) From: 0K(2176K)->2095K(2176K)
[2026-06-17T10:04:58.271+0800][40.174s][info][gc,heap        ] GC(785) Tenured: 30384K(43712K)->31566K(43712K)
[2026-06-17T10:04:58.272+0800][40.174s][info][gc,metaspace   ] GC(785) Metaspace: 117K(320K)->117K(320K) NonClass: 110K(192K)->110K(192K) Class: 7K(128K)->7K(128K)
[2026-06-17T10:04:58.273+0800][40.175s][info][gc             ] GC(785) Pause Young (Allocation Failure) 46M->32M(61M) 3.502ms
[2026-06-17T10:04:58.274+0800][40.176s][info][gc,cpu         ] GC(785) User=0.00s Sys=0.00s Real=0.01s
[2026-06-17T10:04:58.328+0800][40.230s][info][gc,start       ] GC(786) Pause Young (Allocation Failure)
[2026-06-17T10:04:58.329+0800][40.231s][info][gc,heap        ] GC(786) DefNew: 19531K(19648K)->2156K(19648K) Eden: 17435K(17472K)->0K(17472K) From: 2095K(2176K)->2156K(2176K)
[2026-06-17T10:04:58.330+0800][40.232s][info][gc,heap        ] GC(786) Tenured: 31566K(43712K)->35237K(43712K)
[2026-06-17T10:04:58.330+0800][40.233s][info][gc,metaspace   ] GC(786) Metaspace: 117K(320K)->117K(320K) NonClass: 110K(192K)->110K(192K) Class: 7K(128K)->7K(128K)
[2026-06-17T10:04:58.331+0800][40.233s][info][gc             ] GC(786) Pause Young (Allocation Failure) 49M->36M(61M) 3.480ms
[2026-06-17T10:04:58.332+0800][40.234s][info][gc,cpu         ] GC(786) User=0.00s Sys=0.00s Real=0.01s
[2026-06-17T10:04:58.374+0800][40.277s][info][gc,start       ] GC(787) Pause Young (Allocation Failure)
[2026-06-17T10:04:58.377+0800][40.279s][info][gc,heap        ] GC(787) DefNew: 19628K(19648K)->2168K(19648K) Eden: 17472K(17472K)->0K(17472K) From: 2156K(2176K)->2168K(2176K)
[2026-06-17T10:04:58.378+0800][40.280s][info][gc,heap        ] GC(787) Tenured: 35237K(43712K)->39228K(43712K)
[2026-06-17T10:04:58.378+0800][40.280s][info][gc,metaspace   ] GC(787) Metaspace: 117K(320K)->117K(320K) NonClass: 110K(192K)->110K(192K) Class: 7K(128K)->7K(128K)
[2026-06-17T10:04:58.379+0800][40.281s][info][gc             ] GC(787) Pause Young (Allocation Failure) 53M->40M(61M) 4.707ms
[2026-06-17T10:04:58.381+0800][40.283s][info][gc,cpu         ] GC(787) User=0.00s Sys=0.00s Real=0.00s
[2026-06-17T10:04:58.424+0800][40.326s][info][gc,start       ] GC(788) Pause Full (Allocation Failure)
[2026-06-17T10:04:58.425+0800][40.327s][info][gc,phases,start] GC(788) Phase 1: Mark live objects
[2026-06-17T10:04:58.427+0800][40.329s][info][gc,phases      ] GC(788) Phase 1: Mark live objects 1.591ms
[2026-06-17T10:04:58.427+0800][40.330s][info][gc,phases,start] GC(788) Phase 2: Compute new object addresses
[2026-06-17T10:04:58.428+0800][40.330s][info][gc,phases      ] GC(788) Phase 2: Compute new object addresses 0.904ms
[2026-06-17T10:04:58.429+0800][40.331s][info][gc,phases,start] GC(788) Phase 3: Adjust pointers
[2026-06-17T10:04:58.430+0800][40.332s][info][gc,phases      ] GC(788) Phase 3: Adjust pointers 1.118ms
[2026-06-17T10:04:58.431+0800][40.333s][info][gc,phases,start] GC(788) Phase 4: Move objects
[2026-06-17T10:04:58.434+0800][40.336s][info][gc,phases      ] GC(788) Phase 4: Move objects 2.693ms
[2026-06-17T10:04:58.435+0800][40.337s][info][gc,heap        ] GC(788) DefNew: 19640K(19648K)->0K(19648K) Eden: 17472K(17472K)->0K(17472K) From: 2168K(2176K)->0K(2176K)
[2026-06-17T10:04:58.436+0800][40.338s][info][gc,heap        ] GC(788) Tenured: 39228K(43712K)->32423K(43712K)
[2026-06-17T10:04:58.436+0800][40.338s][info][gc,metaspace   ] GC(788) Metaspace: 117K(320K)->117K(320K) NonClass: 110K(192K)->110K(192K) Class: 7K(128K)->7K(128K)
[2026-06-17T10:04:58.437+0800][40.339s][info][gc             ] GC(788) Pause Full (Allocation Failure) 57M->31M(61M) 12.965ms
[2026-06-17T10:04:58.438+0800][40.340s][info][gc,cpu         ] GC(788) User=0.00s Sys=0.00s Real=0.01s
[2026-06-17T10:04:58.481+0800][40.384s][info][gc,start       ] GC(789) Pause Young (Allocation Failure)
[2026-06-17T10:04:58.484+0800][40.386s][info][gc,heap        ] GC(789) DefNew: 17472K(19648K)->2175K(19648K) Eden: 17472K(17472K)->0K(17472K) From: 0K(2176K)->2175K(2176K)
[2026-06-17T10:04:58.485+0800][40.387s][info][gc,heap        ] GC(789) Tenured: 32423K(43712K)->37597K(43712K)
[2026-06-17T10:04:58.487+0800][40.389s][info][gc,metaspace   ] GC(789) Metaspace: 117K(320K)->117K(320K) NonClass: 110K(192K)->110K(192K) Class: 7K(128K)->7K(128K)
[2026-06-17T10:04:58.489+0800][40.391s][info][gc             ] GC(789) Pause Young (Allocation Failure) 48M->38M(61M) 7.374ms
[2026-06-17T10:04:58.490+0800][40.392s][info][gc,cpu         ] GC(789) User=0.00s Sys=0.00s Real=0.01s
[2026-06-17T10:04:58.546+0800][40.448s][info][gc,start       ] GC(790) Pause Full (Allocation Failure)
[2026-06-17T10:04:58.547+0800][40.449s][info][gc,phases,start] GC(790) Phase 1: Mark live objects
[2026-06-17T10:04:58.549+0800][40.451s][info][gc,phases      ] GC(790) Phase 1: Mark live objects 2.364ms
[2026-06-17T10:04:58.550+0800][40.452s][info][gc,phases,start] GC(790) Phase 2: Compute new object addresses
[2026-06-17T10:04:58.551+0800][40.453s][info][gc,phases      ] GC(790) Phase 2: Compute new object addresses 1.116ms
[2026-06-17T10:04:58.551+0800][40.454s][info][gc,phases,start] GC(790) Phase 3: Adjust pointers
[2026-06-17T10:04:58.552+0800][40.455s][info][gc,phases      ] GC(790) Phase 3: Adjust pointers 0.924ms
[2026-06-17T10:04:58.553+0800][40.455s][info][gc,phases,start] GC(790) Phase 4: Move objects
[2026-06-17T10:04:58.556+0800][40.458s][info][gc,phases      ] GC(790) Phase 4: Move objects 3.208ms
[2026-06-17T10:04:58.557+0800][40.459s][info][gc,heap        ] GC(790) DefNew: 19642K(19648K)->0K(19648K) Eden: 17467K(17472K)->0K(17472K) From: 2175K(2176K)->0K(2176K)
[2026-06-17T10:04:58.557+0800][40.459s][info][gc,heap        ] GC(790) Tenured: 37597K(43712K)->27870K(43712K)
[2026-06-17T10:04:58.558+0800][40.460s][info][gc,metaspace   ] GC(790) Metaspace: 117K(320K)->117K(320K) NonClass: 110K(192K)->110K(192K) Class: 7K(128K)->7K(128K)
[2026-06-17T10:04:58.558+0800][40.460s][info][gc             ] GC(790) Pause Full (Allocation Failure) 55M->27M(61M) 12.617ms
[2026-06-17T10:04:58.559+0800][40.461s][info][gc,cpu         ] GC(790) User=0.00s Sys=0.00s Real=0.01s
[2026-06-17T10:04:58.603+0800][40.505s][info][gc,start       ] GC(791) Pause Young (Allocation Failure)
[2026-06-17T10:04:58.605+0800][40.508s][info][gc,heap        ] GC(791) DefNew: 17433K(19648K)->2174K(19648K) Eden: 17433K(17472K)->0K(17472K) From: 0K(2176K)->2174K(2176K)
[2026-06-17T10:04:58.606+0800][40.508s][info][gc,heap        ] GC(791) Tenured: 27870K(43712K)->32672K(43712K)
[2026-06-17T10:04:58.607+0800][40.509s][info][gc,metaspace   ] GC(791) Metaspace: 117K(320K)->117K(320K) NonClass: 110K(192K)->110K(192K) Class: 7K(128K)->7K(128K)
[2026-06-17T10:04:58.607+0800][40.510s][info][gc             ] GC(791) Pause Young (Allocation Failure) 44M->34M(61M) 4.497ms
[2026-06-17T10:04:58.608+0800][40.510s][info][gc,cpu         ] GC(791) User=0.00s Sys=0.00s Real=0.00s
[2026-06-17T10:04:58.652+0800][40.554s][info][gc,start       ] GC(792) Pause Young (Allocation Failure)
[2026-06-17T10:04:58.655+0800][40.557s][info][gc,heap        ] GC(792) DefNew: 19646K(19648K)->2166K(19648K) Eden: 17471K(17472K)->0K(17472K) From: 2174K(2176K)->2166K(2176K)
[2026-06-17T10:04:58.655+0800][40.557s][info][gc,heap        ] GC(792) Tenured: 32672K(43712K)->38305K(43712K)
[2026-06-17T10:04:58.656+0800][40.558s][info][gc,metaspace   ] GC(792) Metaspace: 117K(320K)->117K(320K) NonClass: 110K(192K)->110K(192K) Class: 7K(128K)->7K(128K)
[2026-06-17T10:04:58.656+0800][40.558s][info][gc             ] GC(792) Pause Young (Allocation Failure) 51M->39M(61M) 4.399ms
[2026-06-17T10:04:58.657+0800][40.559s][info][gc,cpu         ] GC(792) User=0.00s Sys=0.00s Real=0.00s
[2026-06-17T10:04:58.702+0800][40.604s][info][gc,start       ] GC(793) Pause Full (Allocation Failure)
[2026-06-17T10:04:58.703+0800][40.605s][info][gc,phases,start] GC(793) Phase 1: Mark live objects
[2026-06-17T10:04:58.708+0800][40.610s][info][gc,phases      ] GC(793) Phase 1: Mark live objects 5.167ms
[2026-06-17T10:04:58.708+0800][40.611s][info][gc,phases,start] GC(793) Phase 2: Compute new object addresses
[2026-06-17T10:04:58.709+0800][40.612s][info][gc,phases      ] GC(793) Phase 2: Compute new object addresses 1.102ms
[2026-06-17T10:04:58.710+0800][40.612s][info][gc,phases,start] GC(793) Phase 3: Adjust pointers
[2026-06-17T10:04:58.711+0800][40.613s][info][gc,phases      ] GC(793) Phase 3: Adjust pointers 1.149ms
[2026-06-17T10:04:58.712+0800][40.614s][info][gc,phases,start] GC(793) Phase 4: Move objects
[2026-06-17T10:04:58.714+0800][40.616s][info][gc,phases      ] GC(793) Phase 4: Move objects 2.518ms
[2026-06-17T10:04:58.715+0800][40.617s][info][gc,heap        ] GC(793) DefNew: 19638K(19648K)->0K(19648K) Eden: 17472K(17472K)->0K(17472K) From: 2166K(2176K)->0K(2176K)
[2026-06-17T10:04:58.715+0800][40.617s][info][gc,heap        ] GC(793) Tenured: 38305K(43712K)->28368K(43712K)
[2026-06-17T10:04:58.715+0800][40.617s][info][gc,metaspace   ] GC(793) Metaspace: 121K(320K)->121K(320K) NonClass: 114K(192K)->114K(192K) Class: 7K(128K)->7K(128K)
[2026-06-17T10:04:58.716+0800][40.618s][info][gc             ] GC(793) Pause Full (Allocation Failure) 56M->27M(61M) 13.904ms
[2026-06-17T10:04:58.716+0800][40.618s][info][gc,cpu         ] GC(793) User=0.00s Sys=0.00s Real=0.02s
[2026-06-17T10:04:58.769+0800][40.671s][info][gc,start       ] GC(794) Pause Young (Allocation Failure)
[2026-06-17T10:04:58.771+0800][40.673s][info][gc,heap        ] GC(794) DefNew: 17472K(19648K)->2157K(19648K) Eden: 17472K(17472K)->0K(17472K) From: 0K(2176K)->2157K(2176K)
[2026-06-17T10:04:58.771+0800][40.673s][info][gc,heap        ] GC(794) Tenured: 28368K(43712K)->30149K(43712K)
[2026-06-17T10:04:58.771+0800][40.674s][info][gc,metaspace   ] GC(794) Metaspace: 121K(320K)->121K(320K) NonClass: 114K(192K)->114K(192K) Class: 7K(128K)->7K(128K)
[2026-06-17T10:04:58.772+0800][40.674s][info][gc             ] GC(794) Pause Young (Allocation Failure) 44M->31M(61M) 2.585ms
[2026-06-17T10:04:58.772+0800][40.674s][info][gc,cpu         ] GC(794) User=0.00s Sys=0.00s Real=0.01s
[2026-06-17T10:04:58.814+0800][40.716s][info][gc,start       ] GC(795) Pause Young (Allocation Failure)
[2026-06-17T10:04:58.816+0800][40.718s][info][gc,heap        ] GC(795) DefNew: 19629K(19648K)->2149K(19648K) Eden: 17472K(17472K)->0K(17472K) From: 2157K(2176K)->2149K(2176K)
[2026-06-17T10:04:58.816+0800][40.718s][info][gc,heap        ] GC(795) Tenured: 30149K(43712K)->33784K(43712K)
[2026-06-17T10:04:58.816+0800][40.718s][info][gc,metaspace   ] GC(795) Metaspace: 121K(320K)->121K(320K) NonClass: 114K(192K)->114K(192K) Class: 7K(128K)->7K(128K)
[2026-06-17T10:04:58.817+0800][40.719s][info][gc             ] GC(795) Pause Young (Allocation Failure) 48M->35M(61M) 2.312ms
[2026-06-17T10:04:58.817+0800][40.719s][info][gc,cpu         ] GC(795) User=0.00s Sys=0.00s Real=0.00s
[2026-06-17T10:04:58.860+0800][40.762s][info][gc,start       ] GC(796) Pause Young (Allocation Failure)
[2026-06-17T10:04:58.861+0800][40.763s][info][gc,heap        ] GC(796) DefNew: 19591K(19648K)->2113K(19648K) Eden: 17441K(17472K)->0K(17472K) From: 2149K(2176K)->2113K(2176K)
[2026-06-17T10:04:58.862+0800][40.764s][info][gc,heap        ] GC(796) Tenured: 33784K(43712K)->37004K(43712K)
[2026-06-17T10:04:58.862+0800][40.764s][info][gc,metaspace   ] GC(796) Metaspace: 121K(320K)->121K(320K) NonClass: 114K(192K)->114K(192K) Class: 7K(128K)->7K(128K)
[2026-06-17T10:04:58.862+0800][40.764s][info][gc             ] GC(796) Pause Young (Allocation Failure) 52M->38M(61M) 2.240ms
[2026-06-17T10:04:58.862+0800][40.764s][info][gc,cpu         ] GC(796) User=0.00s Sys=0.00s Real=0.00s
[2026-06-17T10:04:58.905+0800][40.807s][info][gc,start       ] GC(797) Pause Young (Allocation Failure)
[2026-06-17T10:04:58.906+0800][40.808s][info][gc,heap        ] GC(797) DefNew: 19553K(19648K)->2055K(19648K) Eden: 17440K(17472K)->0K(17472K) From: 2113K(2176K)->2055K(2176K)
[2026-06-17T10:04:58.908+0800][40.810s][info][gc,heap        ] GC(797) Tenured: 37004K(43712K)->40588K(43712K)
[2026-06-17T10:04:58.909+0800][40.811s][info][gc,metaspace   ] GC(797) Metaspace: 121K(320K)->121K(320K) NonClass: 114K(192K)->114K(192K) Class: 7K(128K)->7K(128K)
[2026-06-17T10:04:58.912+0800][40.815s][info][gc             ] GC(797) Pause Young (Allocation Failure) 55M->41M(61M) 7.790ms
[2026-06-17T10:04:58.913+0800][40.815s][info][gc,cpu         ] GC(797) User=0.00s Sys=0.00s Real=0.01s
[2026-06-17T10:04:58.959+0800][40.861s][info][gc,start       ] GC(798) Pause Full (Allocation Failure)
[2026-06-17T10:04:58.960+0800][40.862s][info][gc,phases,start] GC(798) Phase 1: Mark live objects
[2026-06-17T10:04:58.962+0800][40.864s][info][gc,phases      ] GC(798) Phase 1: Mark live objects 2.367ms
[2026-06-17T10:04:58.963+0800][40.865s][info][gc,phases,start] GC(798) Phase 2: Compute new object addresses
[2026-06-17T10:04:58.964+0800][40.866s][info][gc,phases      ] GC(798) Phase 2: Compute new object addresses 1.117ms
[2026-06-17T10:04:58.964+0800][40.866s][info][gc,phases,start] GC(798) Phase 3: Adjust pointers
[2026-06-17T10:04:58.965+0800][40.867s][info][gc,phases      ] GC(798) Phase 3: Adjust pointers 1.140ms
[2026-06-17T10:04:58.966+0800][40.868s][info][gc,phases,start] GC(798) Phase 4: Move objects
[2026-06-17T10:04:58.969+0800][40.871s][info][gc,phases      ] GC(798) Phase 4: Move objects 3.627ms
[2026-06-17T10:04:58.970+0800][40.872s][info][gc,heap        ] GC(798) DefNew: 19520K(19648K)->0K(19648K) Eden: 17465K(17472K)->0K(17472K) From: 2055K(2176K)->0K(2176K)
[2026-06-17T10:04:58.970+0800][40.872s][info][gc,heap        ] GC(798) Tenured: 40588K(43712K)->26854K(43712K)
[2026-06-17T10:04:58.970+0800][40.872s][info][gc,metaspace   ] GC(798) Metaspace: 121K(320K)->121K(320K) NonClass: 114K(192K)->114K(192K) Class: 7K(128K)->7K(128K)
[2026-06-17T10:04:58.970+0800][40.872s][info][gc             ] GC(798) Pause Full (Allocation Failure) 58M->26M(61M) 11.378ms
[2026-06-17T10:04:58.970+0800][40.873s][info][gc,cpu         ] GC(798) User=0.00s Sys=0.00s Real=0.02s
[2026-06-17T10:04:59.013+0800][40.916s][info][gc,start       ] GC(799) Pause Young (Allocation Failure)
[2026-06-17T10:04:59.016+0800][40.918s][info][gc,heap        ] GC(799) DefNew: 17463K(19648K)->2174K(19648K) Eden: 17463K(17472K)->0K(17472K) From: 0K(2176K)->2174K(2176K)
[2026-06-17T10:04:59.016+0800][40.918s][info][gc,heap        ] GC(799) Tenured: 26854K(43712K)->31959K(43712K)
[2026-06-17T10:04:59.016+0800][40.919s][info][gc,metaspace   ] GC(799) Metaspace: 121K(320K)->121K(320K) NonClass: 114K(192K)->114K(192K) Class: 7K(128K)->7K(128K)
[2026-06-17T10:04:59.017+0800][40.919s][info][gc             ] GC(799) Pause Young (Allocation Failure) 43M->33M(61M) 3.507ms
[2026-06-17T10:04:59.017+0800][40.919s][info][gc,cpu         ] GC(799) User=0.00s Sys=0.00s Real=0.00s
[2026-06-17T10:04:59.061+0800][40.963s][info][gc,start       ] GC(800) Pause Young (Allocation Failure)
[2026-06-17T10:04:59.063+0800][40.965s][info][gc,heap        ] GC(800) DefNew: 19487K(19648K)->2135K(19648K) Eden: 17312K(17472K)->0K(17472K) From: 2174K(2176K)->2135K(2176K)
[2026-06-17T10:04:59.063+0800][40.965s][info][gc,heap        ] GC(800) Tenured: 31959K(43712K)->35024K(43712K)
[2026-06-17T10:04:59.064+0800][40.966s][info][gc,metaspace   ] GC(800) Metaspace: 121K(320K)->121K(320K) NonClass: 114K(192K)->114K(192K) Class: 7K(128K)->7K(128K)
[2026-06-17T10:04:59.064+0800][40.966s][info][gc             ] GC(800) Pause Young (Allocation Failure) 50M->36M(61M) 3.133ms
[2026-06-17T10:04:59.065+0800][40.967s][info][gc,cpu         ] GC(800) User=0.00s Sys=0.00s Real=0.01s
[2026-06-17T10:04:59.107+0800][41.009s][info][gc,start       ] GC(801) Pause Young (Allocation Failure)
[2026-06-17T10:04:59.109+0800][41.011s][info][gc,heap        ] GC(801) DefNew: 19607K(19648K)->2169K(19648K) Eden: 17472K(17472K)->0K(17472K) From: 2135K(2176K)->2169K(2176K)
[2026-06-17T10:04:59.110+0800][41.012s][info][gc,heap        ] GC(801) Tenured: 35024K(43712K)->42356K(43712K)
[2026-06-17T10:04:59.111+0800][41.013s][info][gc,metaspace   ] GC(801) Metaspace: 121K(320K)->121K(320K) NonClass: 114K(192K)->114K(192K) Class: 7K(128K)->7K(128K)
[2026-06-17T10:04:59.111+0800][41.013s][info][gc             ] GC(801) Pause Young (Allocation Failure) 53M->43M(61M) 3.690ms
[2026-06-17T10:04:59.111+0800][41.013s][info][gc,cpu         ] GC(801) User=0.00s Sys=0.00s Real=0.01s
[2026-06-17T10:04:59.164+0800][41.066s][info][gc,start       ] GC(802) Pause Full (Allocation Failure)
[2026-06-17T10:04:59.164+0800][41.066s][info][gc,phases,start] GC(802) Phase 1: Mark live objects
[2026-06-17T10:04:59.166+0800][41.068s][info][gc,phases      ] GC(802) Phase 1: Mark live objects 1.953ms
[2026-06-17T10:04:59.167+0800][41.069s][info][gc,phases,start] GC(802) Phase 2: Compute new object addresses
[2026-06-17T10:04:59.167+0800][41.069s][info][gc,phases      ] GC(802) Phase 2: Compute new object addresses 0.765ms
[2026-06-17T10:04:59.168+0800][41.070s][info][gc,phases,start] GC(802) Phase 3: Adjust pointers
[2026-06-17T10:04:59.168+0800][41.071s][info][gc,phases      ] GC(802) Phase 3: Adjust pointers 0.795ms
[2026-06-17T10:04:59.169+0800][41.071s][info][gc,phases,start] GC(802) Phase 4: Move objects
[2026-06-17T10:04:59.172+0800][41.074s][info][gc,phases      ] GC(802) Phase 4: Move objects 2.688ms
[2026-06-17T10:04:59.172+0800][41.074s][info][gc,heap        ] GC(802) DefNew: 19641K(19648K)->0K(19648K) Eden: 17472K(17472K)->0K(17472K) From: 2169K(2176K)->0K(2176K)
[2026-06-17T10:04:59.172+0800][41.075s][info][gc,heap        ] GC(802) Tenured: 42356K(43712K)->28958K(43712K)
[2026-06-17T10:04:59.172+0800][41.075s][info][gc,metaspace   ] GC(802) Metaspace: 121K(320K)->121K(320K) NonClass: 114K(192K)->114K(192K) Class: 7K(128K)->7K(128K)
[2026-06-17T10:04:59.173+0800][41.075s][info][gc             ] GC(802) Pause Full (Allocation Failure) 60M->28M(61M) 9.024ms
[2026-06-17T10:04:59.173+0800][41.075s][info][gc,cpu         ] GC(802) User=0.01s Sys=0.00s Real=0.01s
[2026-06-17T10:04:59.205+0800][41.107s][info][gc,start       ] GC(803) Pause Young (Allocation Failure)
[2026-06-17T10:04:59.207+0800][41.109s][info][gc,heap        ] GC(803) DefNew: 17349K(19648K)->2173K(19648K) Eden: 17349K(17472K)->0K(17472K) From: 0K(2176K)->2173K(2176K)
[2026-06-17T10:04:59.208+0800][41.111s][info][gc,heap        ] GC(803) Tenured: 28958K(43712K)->33268K(43712K)
[2026-06-17T10:04:59.209+0800][41.111s][info][gc,metaspace   ] GC(803) Metaspace: 121K(320K)->121K(320K) NonClass: 114K(192K)->114K(192K) Class: 7K(128K)->7K(128K)
[2026-06-17T10:04:59.209+0800][41.111s][info][gc             ] GC(803) Pause Young (Allocation Failure) 45M->34M(61M) 4.231ms
[2026-06-17T10:04:59.209+0800][41.112s][info][gc,cpu         ] GC(803) User=0.00s Sys=0.00s Real=0.00s
[2026-06-17T10:04:59.265+0800][41.167s][info][gc,start       ] GC(804) Pause Young (Allocation Failure)
[2026-06-17T10:04:59.267+0800][41.169s][info][gc,heap        ] GC(804) DefNew: 19603K(19648K)->2148K(19648K) Eden: 17430K(17472K)->0K(17472K) From: 2173K(2176K)->2148K(2176K)
[2026-06-17T10:04:59.268+0800][41.170s][info][gc,heap        ] GC(804) Tenured: 33268K(43712K)->36610K(43712K)
[2026-06-17T10:04:59.268+0800][41.170s][info][gc,metaspace   ] GC(804) Metaspace: 121K(320K)->121K(320K) NonClass: 114K(192K)->114K(192K) Class: 7K(128K)->7K(128K)
[2026-06-17T10:04:59.269+0800][41.171s][info][gc             ] GC(804) Pause Young (Allocation Failure) 51M->37M(61M) 3.628ms
[2026-06-17T10:04:59.269+0800][41.171s][info][gc,cpu         ] GC(804) User=0.01s Sys=0.00s Real=0.00s
[2026-06-17T10:04:59.312+0800][41.214s][info][gc,start       ] GC(805) Pause Full (Allocation Failure)
[2026-06-17T10:04:59.313+0800][41.215s][info][gc,phases,start] GC(805) Phase 1: Mark live objects
[2026-06-17T10:04:59.315+0800][41.217s][info][gc,phases      ] GC(805) Phase 1: Mark live objects 1.954ms
[2026-06-17T10:04:59.315+0800][41.217s][info][gc,phases,start] GC(805) Phase 2: Compute new object addresses
[2026-06-17T10:04:59.316+0800][41.218s][info][gc,phases      ] GC(805) Phase 2: Compute new object addresses 0.642ms
[2026-06-17T10:04:59.316+0800][41.218s][info][gc,phases,start] GC(805) Phase 3: Adjust pointers
[2026-06-17T10:04:59.317+0800][41.219s][info][gc,phases      ] GC(805) Phase 3: Adjust pointers 0.580ms
[2026-06-17T10:04:59.317+0800][41.219s][info][gc,phases,start] GC(805) Phase 4: Move objects
[2026-06-17T10:04:59.319+0800][41.221s][info][gc,phases      ] GC(805) Phase 4: Move objects 2.060ms
[2026-06-17T10:04:59.320+0800][41.222s][info][gc,heap        ] GC(805) DefNew: 19620K(19648K)->0K(19648K) Eden: 17472K(17472K)->0K(17472K) From: 2148K(2176K)->0K(2176K)
[2026-06-17T10:04:59.321+0800][41.224s][info][gc,heap        ] GC(805) Tenured: 36610K(43712K)->30195K(43712K)
[2026-06-17T10:04:59.322+0800][41.224s][info][gc,metaspace   ] GC(805) Metaspace: 121K(320K)->121K(320K) NonClass: 114K(192K)->114K(192K) Class: 7K(128K)->7K(128K)
[2026-06-17T10:04:59.322+0800][41.224s][info][gc             ] GC(805) Pause Full (Allocation Failure) 54M->29M(61M) 9.559ms
[2026-06-17T10:04:59.322+0800][41.224s][info][gc,cpu         ] GC(805) User=0.00s Sys=0.00s Real=0.00s
[2026-06-17T10:04:59.365+0800][41.267s][info][gc,start       ] GC(806) Pause Young (Allocation Failure)
[2026-06-17T10:04:59.367+0800][41.269s][info][gc,heap        ] GC(806) DefNew: 17435K(19648K)->2172K(19648K) Eden: 17435K(17472K)->0K(17472K) From: 0K(2176K)->2172K(2176K)
[2026-06-17T10:04:59.369+0800][41.271s][info][gc,heap        ] GC(806) Tenured: 30195K(43712K)->34687K(43712K)
[2026-06-17T10:04:59.369+0800][41.271s][info][gc,metaspace   ] GC(806) Metaspace: 121K(320K)->121K(320K) NonClass: 114K(192K)->114K(192K) Class: 7K(128K)->7K(128K)
[2026-06-17T10:04:59.370+0800][41.272s][info][gc             ] GC(806) Pause Young (Allocation Failure) 46M->35M(61M) 5.117ms
[2026-06-17T10:04:59.370+0800][41.273s][info][gc,cpu         ] GC(806) User=0.01s Sys=0.00s Real=0.00s
[2026-06-17T10:04:59.415+0800][41.317s][info][gc,start       ] GC(807) Pause Young (Allocation Failure)
[2026-06-17T10:04:59.417+0800][41.319s][info][gc,heap        ] GC(807) DefNew: 19630K(19648K)->2173K(19648K) Eden: 17457K(17472K)->0K(17472K) From: 2172K(2176K)->2173K(2176K)
[2026-06-17T10:04:59.418+0800][41.320s][info][gc,heap        ] GC(807) Tenured: 34687K(43712K)->38689K(43712K)
[2026-06-17T10:04:59.419+0800][41.321s][info][gc,metaspace   ] GC(807) Metaspace: 121K(320K)->121K(320K) NonClass: 114K(192K)->114K(192K) Class: 7K(128K)->7K(128K)
[2026-06-17T10:04:59.419+0800][41.321s][info][gc             ] GC(807) Pause Young (Allocation Failure) 53M->39M(61M) 4.536ms
[2026-06-17T10:04:59.419+0800][41.321s][info][gc,cpu         ] GC(807) User=0.00s Sys=0.00s Real=0.00s
[2026-06-17T10:04:59.462+0800][41.365s][info][gc,start       ] GC(808) Pause Full (Allocation Failure)
[2026-06-17T10:04:59.463+0800][41.365s][info][gc,phases,start] GC(808) Phase 1: Mark live objects
[2026-06-17T10:04:59.464+0800][41.366s][info][gc,phases      ] GC(808) Phase 1: Mark live objects 0.895ms
[2026-06-17T10:04:59.464+0800][41.366s][info][gc,phases,start] GC(808) Phase 2: Compute new object addresses
[2026-06-17T10:04:59.465+0800][41.367s][info][gc,phases      ] GC(808) Phase 2: Compute new object addresses 0.579ms
[2026-06-17T10:04:59.465+0800][41.367s][info][gc,phases,start] GC(808) Phase 3: Adjust pointers
[2026-06-17T10:04:59.467+0800][41.369s][info][gc,phases      ] GC(808) Phase 3: Adjust pointers 1.647ms
[2026-06-17T10:04:59.467+0800][41.369s][info][gc,phases,start] GC(808) Phase 4: Move objects
[2026-06-17T10:04:59.469+0800][41.371s][info][gc,phases      ] GC(808) Phase 4: Move objects 2.126ms
[2026-06-17T10:04:59.470+0800][41.372s][info][gc,heap        ] GC(808) DefNew: 19361K(19648K)->0K(19648K) Eden: 17188K(17472K)->0K(17472K) From: 2173K(2176K)->0K(2176K)
[2026-06-17T10:04:59.470+0800][41.372s][info][gc,heap        ] GC(808) Tenured: 38689K(43712K)->25620K(43712K)
[2026-06-17T10:04:59.470+0800][41.372s][info][gc,metaspace   ] GC(808) Metaspace: 121K(320K)->121K(320K) NonClass: 114K(192K)->114K(192K) Class: 7K(128K)->7K(128K)
[2026-06-17T10:04:59.470+0800][41.372s][info][gc             ] GC(808) Pause Full (Allocation Failure) 56M->25M(61M) 7.903ms
[2026-06-17T10:04:59.470+0800][41.373s][info][gc,cpu         ] GC(808) User=0.01s Sys=0.00s Real=0.02s
[2026-06-17T10:04:59.513+0800][41.415s][info][gc,start       ] GC(809) Pause Young (Allocation Failure)
[2026-06-17T10:04:59.514+0800][41.416s][info][gc,heap        ] GC(809) DefNew: 17472K(19648K)->2167K(19648K) Eden: 17472K(17472K)->0K(17472K) From: 0K(2176K)->2167K(2176K)
[2026-06-17T10:04:59.514+0800][41.416s][info][gc,heap        ] GC(809) Tenured: 25620K(43712K)->30491K(43712K)
[2026-06-17T10:04:59.515+0800][41.417s][info][gc,metaspace   ] GC(809) Metaspace: 121K(320K)->121K(320K) NonClass: 114K(192K)->114K(192K) Class: 7K(128K)->7K(128K)
[2026-06-17T10:04:59.515+0800][41.417s][info][gc             ] GC(809) Pause Young (Allocation Failure) 42M->31M(61M) 2.550ms
[2026-06-17T10:04:59.515+0800][41.418s][info][gc,cpu         ] GC(809) User=0.00s Sys=0.00s Real=0.00s
[2026-06-17T10:04:59.558+0800][41.460s][info][gc,start       ] GC(810) Pause Young (Allocation Failure)
[2026-06-17T10:04:59.559+0800][41.461s][info][gc,heap        ] GC(810) DefNew: 19629K(19648K)->2153K(19648K) Eden: 17462K(17472K)->0K(17472K) From: 2167K(2176K)->2153K(2176K)
[2026-06-17T10:04:59.559+0800][41.461s][info][gc,heap        ] GC(810) Tenured: 30491K(43712K)->35033K(43712K)
[2026-06-17T10:04:59.560+0800][41.462s][info][gc,metaspace   ] GC(810) Metaspace: 121K(320K)->121K(320K) NonClass: 114K(192K)->114K(192K) Class: 7K(128K)->7K(128K)
[2026-06-17T10:04:59.560+0800][41.462s][info][gc             ] GC(810) Pause Young (Allocation Failure) 48M->36M(61M) 2.227ms
[2026-06-17T10:04:59.560+0800][41.462s][info][gc,cpu         ] GC(810) User=0.00s Sys=0.00s Real=0.00s
[2026-06-17T10:04:59.603+0800][41.505s][info][gc,start       ] GC(811) Pause Young (Allocation Failure)
[2026-06-17T10:04:59.604+0800][41.506s][info][gc,heap        ] GC(811) DefNew: 19622K(19648K)->2165K(19648K) Eden: 17469K(17472K)->0K(17472K) From: 2153K(2176K)->2165K(2176K)
[2026-06-17T10:04:59.605+0800][41.507s][info][gc,heap        ] GC(811) Tenured: 35033K(43712K)->38617K(43712K)
[2026-06-17T10:04:59.605+0800][41.507s][info][gc,metaspace   ] GC(811) Metaspace: 121K(320K)->121K(320K) NonClass: 114K(192K)->114K(192K) Class: 7K(128K)->7K(128K)
[2026-06-17T10:04:59.606+0800][41.508s][info][gc             ] GC(811) Pause Young (Allocation Failure) 53M->39M(61M) 2.993ms
[2026-06-17T10:04:59.606+0800][41.508s][info][gc,cpu         ] GC(811) User=0.00s Sys=0.00s Real=0.00s
[2026-06-17T10:04:59.649+0800][41.551s][info][gc,start       ] GC(812) Pause Full (Allocation Failure)
[2026-06-17T10:04:59.653+0800][41.555s][info][gc,phases,start] GC(812) Phase 1: Mark live objects
[2026-06-17T10:04:59.656+0800][41.558s][info][gc,phases      ] GC(812) Phase 1: Mark live objects 3.385ms
[2026-06-17T10:04:59.660+0800][41.562s][info][gc,phases,start] GC(812) Phase 2: Compute new object addresses
[2026-06-17T10:04:59.666+0800][41.568s][info][gc,phases      ] GC(812) Phase 2: Compute new object addresses 5.747ms
[2026-06-17T10:04:59.671+0800][41.573s][info][gc,phases,start] GC(812) Phase 3: Adjust pointers
[2026-06-17T10:04:59.672+0800][41.575s][info][gc,phases      ] GC(812) Phase 3: Adjust pointers 1.684ms
[2026-06-17T10:04:59.677+0800][41.579s][info][gc,phases,start] GC(812) Phase 4: Move objects
[2026-06-17T10:04:59.680+0800][41.582s][info][gc,phases      ] GC(812) Phase 4: Move objects 2.678ms
[2026-06-17T10:04:59.682+0800][41.585s][info][gc,heap        ] GC(812) DefNew: 19622K(19648K)->0K(19648K) Eden: 17457K(17472K)->0K(17472K) From: 2165K(2176K)->0K(2176K)
[2026-06-17T10:04:59.684+0800][41.586s][info][gc,heap        ] GC(812) Tenured: 38617K(43712K)->31983K(43712K)
[2026-06-17T10:04:59.685+0800][41.587s][info][gc,metaspace   ] GC(812) Metaspace: 121K(320K)->121K(320K) NonClass: 114K(192K)->114K(192K) Class: 7K(128K)->7K(128K)
[2026-06-17T10:04:59.685+0800][41.587s][info][gc             ] GC(812) Pause Full (Allocation Failure) 56M->31M(61M) 36.073ms
[2026-06-17T10:04:59.685+0800][41.587s][info][gc,cpu         ] GC(812) User=0.01s Sys=0.00s Real=0.04s
[2026-06-17T10:04:59.728+0800][41.630s][info][gc,start       ] GC(813) Pause Young (Allocation Failure)
[2026-06-17T10:04:59.729+0800][41.631s][info][gc,heap        ] GC(813) DefNew: 17472K(19648K)->2175K(19648K) Eden: 17472K(17472K)->0K(17472K) From: 0K(2176K)->2175K(2176K)
[2026-06-17T10:04:59.729+0800][41.631s][info][gc,heap        ] GC(813) Tenured: 31983K(43712K)->36866K(43712K)
[2026-06-17T10:04:59.730+0800][41.632s][info][gc,metaspace   ] GC(813) Metaspace: 121K(320K)->121K(320K) NonClass: 114K(192K)->114K(192K) Class: 7K(128K)->7K(128K)
[2026-06-17T10:04:59.730+0800][41.632s][info][gc             ] GC(813) Pause Young (Allocation Failure) 48M->38M(61M) 2.095ms
[2026-06-17T10:04:59.730+0800][41.632s][info][gc,cpu         ] GC(813) User=0.00s Sys=0.00s Real=0.00s
[2026-06-17T10:04:59.772+0800][41.674s][info][gc,start       ] GC(814) Pause Full (Allocation Failure)
[2026-06-17T10:04:59.773+0800][41.675s][info][gc,phases,start] GC(814) Phase 1: Mark live objects
[2026-06-17T10:04:59.774+0800][41.676s][info][gc,phases      ] GC(814) Phase 1: Mark live objects 0.953ms
[2026-06-17T10:04:59.774+0800][41.676s][info][gc,phases,start] GC(814) Phase 2: Compute new object addresses
[2026-06-17T10:04:59.775+0800][41.677s][info][gc,phases      ] GC(814) Phase 2: Compute new object addresses 0.556ms
[2026-06-17T10:04:59.775+0800][41.677s][info][gc,phases,start] GC(814) Phase 3: Adjust pointers
[2026-06-17T10:04:59.775+0800][41.678s][info][gc,phases      ] GC(814) Phase 3: Adjust pointers 0.534ms
[2026-06-17T10:04:59.776+0800][41.678s][info][gc,phases,start] GC(814) Phase 4: Move objects
[2026-06-17T10:04:59.776+0800][41.679s][info][gc,phases      ] GC(814) Phase 4: Move objects 0.794ms
[2026-06-17T10:04:59.777+0800][41.679s][info][gc,heap        ] GC(814) DefNew: 19441K(19648K)->0K(19648K) Eden: 17265K(17472K)->0K(17472K) From: 2175K(2176K)->0K(2176K)
[2026-06-17T10:04:59.777+0800][41.679s][info][gc,heap        ] GC(814) Tenured: 36866K(43712K)->35160K(43712K)
[2026-06-17T10:04:59.777+0800][41.679s][info][gc,metaspace   ] GC(814) Metaspace: 121K(320K)->121K(320K) NonClass: 114K(192K)->114K(192K) Class: 7K(128K)->7K(128K)
[2026-06-17T10:04:59.777+0800][41.680s][info][gc             ] GC(814) Pause Full (Allocation Failure) 54M->34M(61M) 5.267ms
[2026-06-17T10:04:59.778+0800][41.680s][info][gc,cpu         ] GC(814) User=0.00s Sys=0.00s Real=0.00s
[2026-06-17T10:04:59.830+0800][41.732s][info][gc,start       ] GC(815) Pause Young (Allocation Failure)
[2026-06-17T10:04:59.831+0800][41.733s][info][gc,heap        ] GC(815) DefNew: 17457K(19648K)->2075K(19648K) Eden: 17457K(17472K)->0K(17472K) From: 0K(2176K)->2075K(2176K)
[2026-06-17T10:04:59.831+0800][41.733s][info][gc,heap        ] GC(815) Tenured: 35160K(43712K)->36632K(43712K)
[2026-06-17T10:04:59.831+0800][41.733s][info][gc,metaspace   ] GC(815) Metaspace: 121K(320K)->121K(320K) NonClass: 114K(192K)->114K(192K) Class: 7K(128K)->7K(128K)
[2026-06-17T10:04:59.831+0800][41.734s][info][gc             ] GC(815) Pause Young (Allocation Failure) 51M->37M(61M) 1.257ms
[2026-06-17T10:04:59.832+0800][41.734s][info][gc,cpu         ] GC(815) User=0.00s Sys=0.00s Real=0.01s
[2026-06-17T10:04:59.874+0800][41.776s][info][gc,start       ] GC(816) Pause Young (Allocation Failure)
[2026-06-17T10:04:59.875+0800][41.777s][info][gc,heap        ] GC(816) DefNew: 19509K(19648K)->2112K(19648K) Eden: 17434K(17472K)->0K(17472K) From: 2075K(2176K)->2112K(2176K)
[2026-06-17T10:04:59.876+0800][41.778s][info][gc,heap        ] GC(816) Tenured: 36632K(43712K)->40245K(43712K)
[2026-06-17T10:04:59.876+0800][41.778s][info][gc,metaspace   ] GC(816) Metaspace: 121K(320K)->121K(320K) NonClass: 114K(192K)->114K(192K) Class: 7K(128K)->7K(128K)
[2026-06-17T10:04:59.877+0800][41.779s][info][gc             ] GC(816) Pause Young (Allocation Failure) 54M->41M(61M) 2.381ms
[2026-06-17T10:04:59.877+0800][41.779s][info][gc,cpu         ] GC(816) User=0.00s Sys=0.00s Real=0.00s
[2026-06-17T10:04:59.919+0800][41.822s][info][gc,start       ] GC(817) Pause Full (Allocation Failure)
[2026-06-17T10:04:59.921+0800][41.823s][info][gc,phases,start] GC(817) Phase 1: Mark live objects
[2026-06-17T10:04:59.922+0800][41.824s][info][gc,phases      ] GC(817) Phase 1: Mark live objects 1.040ms
[2026-06-17T10:04:59.922+0800][41.824s][info][gc,phases,start] GC(817) Phase 2: Compute new object addresses
[2026-06-17T10:04:59.923+0800][41.825s][info][gc,phases      ] GC(817) Phase 2: Compute new object addresses 0.519ms
[2026-06-17T10:04:59.923+0800][41.825s][info][gc,phases,start] GC(817) Phase 3: Adjust pointers
[2026-06-17T10:04:59.924+0800][41.826s][info][gc,phases      ] GC(817) Phase 3: Adjust pointers 0.511ms
[2026-06-17T10:04:59.924+0800][41.826s][info][gc,phases,start] GC(817) Phase 4: Move objects
[2026-06-17T10:04:59.927+0800][41.829s][info][gc,phases      ] GC(817) Phase 4: Move objects 3.019ms
[2026-06-17T10:04:59.930+0800][41.832s][info][gc,heap        ] GC(817) DefNew: 19584K(19648K)->0K(19648K) Eden: 17472K(17472K)->0K(17472K) From: 2112K(2176K)->0K(2176K)
[2026-06-17T10:04:59.932+0800][41.834s][info][gc,heap        ] GC(817) Tenured: 40245K(43712K)->28930K(43712K)
[2026-06-17T10:04:59.934+0800][41.836s][info][gc,metaspace   ] GC(817) Metaspace: 121K(320K)->121K(320K) NonClass: 114K(192K)->114K(192K) Class: 7K(128K)->7K(128K)
[2026-06-17T10:04:59.934+0800][41.836s][info][gc             ] GC(817) Pause Full (Allocation Failure) 58M->28M(61M) 14.827ms
[2026-06-17T10:04:59.937+0800][41.839s][info][gc,cpu         ] GC(817) User=0.00s Sys=0.00s Real=0.02s
[2026-06-17T10:04:59.981+0800][41.883s][info][gc,start       ] GC(818) Pause Young (Allocation Failure)
[2026-06-17T10:04:59.983+0800][41.885s][info][gc,heap        ] GC(818) DefNew: 17472K(19648K)->2175K(19648K) Eden: 17472K(17472K)->0K(17472K) From: 0K(2176K)->2175K(2176K)
[2026-06-17T10:04:59.994+0800][41.896s][info][gc,heap        ] GC(818) Tenured: 28930K(43712K)->33851K(43712K)
[2026-06-17T10:04:59.995+0800][41.897s][info][gc,metaspace   ] GC(818) Metaspace: 121K(320K)->121K(320K) NonClass: 114K(192K)->114K(192K) Class: 7K(128K)->7K(128K)
[2026-06-17T10:04:59.995+0800][41.897s][info][gc             ] GC(818) Pause Young (Allocation Failure) 45M->35M(61M) 14.412ms
[2026-06-17T10:04:59.996+0800][41.898s][info][gc,cpu         ] GC(818) User=0.00s Sys=0.00s Real=0.02s
[2026-06-17T10:05:00.039+0800][41.941s][info][gc,start       ] GC(819) Pause Young (Allocation Failure)
[2026-06-17T10:05:00.040+0800][41.942s][info][gc,heap        ] GC(819) DefNew: 19470K(19648K)->2056K(19648K) Eden: 17294K(17472K)->0K(17472K) From: 2175K(2176K)->2056K(2176K)
[2026-06-17T10:05:00.041+0800][41.943s][info][gc,heap        ] GC(819) Tenured: 33851K(43712K)->36969K(43712K)
[2026-06-17T10:05:00.041+0800][41.943s][info][gc,metaspace   ] GC(819) Metaspace: 121K(320K)->121K(320K) NonClass: 114K(192K)->114K(192K) Class: 7K(128K)->7K(128K)
[2026-06-17T10:05:00.042+0800][41.944s][info][gc             ] GC(819) Pause Young (Allocation Failure) 52M->38M(61M) 3.156ms
[2026-06-17T10:05:00.042+0800][41.945s][info][gc,cpu         ] GC(819) User=0.00s Sys=0.00s Real=0.00s
[2026-06-17T10:05:00.095+0800][41.998s][info][gc,start       ] GC(820) Pause Young (Allocation Failure)
[2026-06-17T10:05:00.097+0800][41.999s][info][gc,heap        ] GC(820) DefNew: 19501K(19648K)->2173K(19648K) Eden: 17444K(17472K)->0K(17472K) From: 2056K(2176K)->2173K(2176K)
[2026-06-17T10:05:00.097+0800][41.999s][info][gc,heap        ] GC(820) Tenured: 36969K(43712K)->40839K(43712K)
[2026-06-17T10:05:00.098+0800][42.000s][info][gc,metaspace   ] GC(820) Metaspace: 121K(320K)->121K(320K) NonClass: 114K(192K)->114K(192K) Class: 7K(128K)->7K(128K)
[2026-06-17T10:05:00.099+0800][42.001s][info][gc             ] GC(820) Pause Young (Allocation Failure) 55M->42M(61M) 3.336ms
[2026-06-17T10:05:00.100+0800][42.002s][info][gc,cpu         ] GC(820) User=0.00s Sys=0.00s Real=0.00s
[2026-06-17T10:05:00.143+0800][42.045s][info][gc,start       ] GC(821) Pause Full (Allocation Failure)
[2026-06-17T10:05:00.143+0800][42.045s][info][gc,phases,start] GC(821) Phase 1: Mark live objects
[2026-06-17T10:05:00.145+0800][42.047s][info][gc,phases      ] GC(821) Phase 1: Mark live objects 1.707ms
[2026-06-17T10:05:00.145+0800][42.047s][info][gc,phases,start] GC(821) Phase 2: Compute new object addresses
[2026-06-17T10:05:00.146+0800][42.048s][info][gc,phases      ] GC(821) Phase 2: Compute new object addresses 0.584ms
[2026-06-17T10:05:00.146+0800][42.048s][info][gc,phases,start] GC(821) Phase 3: Adjust pointers
[2026-06-17T10:05:00.147+0800][42.049s][info][gc,phases      ] GC(821) Phase 3: Adjust pointers 0.648ms
[2026-06-17T10:05:00.147+0800][42.049s][info][gc,phases,start] GC(821) Phase 4: Move objects
[2026-06-17T10:05:00.150+0800][42.052s][info][gc,phases      ] GC(821) Phase 4: Move objects 2.418ms
[2026-06-17T10:05:00.150+0800][42.053s][info][gc,heap        ] GC(821) DefNew: 19645K(19648K)->0K(19648K) Eden: 17472K(17472K)->0K(17472K) From: 2173K(2176K)->0K(2176K)
[2026-06-17T10:05:00.151+0800][42.053s][info][gc,heap        ] GC(821) Tenured: 40839K(43712K)->30716K(43712K)
[2026-06-17T10:05:00.153+0800][42.055s][info][gc,metaspace   ] GC(821) Metaspace: 121K(320K)->121K(320K) NonClass: 114K(192K)->114K(192K) Class: 7K(128K)->7K(128K)
[2026-06-17T10:05:00.163+0800][42.065s][info][gc             ] GC(821) Pause Full (Allocation Failure) 59M->29M(61M) 20.064ms
[2026-06-17T10:05:00.163+0800][42.065s][info][gc,cpu         ] GC(821) User=0.00s Sys=0.00s Real=0.02s
[2026-06-17T10:05:00.206+0800][42.108s][info][gc,start       ] GC(822) Pause Young (Allocation Failure)
[2026-06-17T10:05:00.209+0800][42.111s][info][gc,heap        ] GC(822) DefNew: 17439K(19648K)->2173K(19648K) Eden: 17439K(17472K)->0K(17472K) From: 0K(2176K)->2173K(2176K)
[2026-06-17T10:05:00.210+0800][42.112s][info][gc,heap        ] GC(822) Tenured: 30716K(43712K)->35726K(43712K)
[2026-06-17T10:05:00.214+0800][42.116s][info][gc,metaspace   ] GC(822) Metaspace: 121K(320K)->121K(320K) NonClass: 114K(192K)->114K(192K) Class: 7K(128K)->7K(128K)
[2026-06-17T10:05:00.216+0800][42.118s][info][gc             ] GC(822) Pause Young (Allocation Failure) 47M->37M(61M) 10.190ms
[2026-06-17T10:05:00.217+0800][42.119s][info][gc,cpu         ] GC(822) User=0.00s Sys=0.00s Real=0.01s
[2026-06-17T10:05:00.272+0800][42.174s][info][gc,start       ] GC(823) Pause Young (Allocation Failure)
[2026-06-17T10:05:00.273+0800][42.175s][info][gc,heap        ] GC(823) DefNew: 19619K(19648K)->1735K(19648K) Eden: 17445K(17472K)->0K(17472K) From: 2173K(2176K)->1735K(2176K)
[2026-06-17T10:05:00.274+0800][42.176s][info][gc,heap        ] GC(823) Tenured: 35726K(43712K)->37453K(43712K)
[2026-06-17T10:05:00.274+0800][42.176s][info][gc,metaspace   ] GC(823) Metaspace: 121K(320K)->121K(320K) NonClass: 114K(192K)->114K(192K) Class: 7K(128K)->7K(128K)
[2026-06-17T10:05:00.274+0800][42.176s][info][gc             ] GC(823) Pause Young (Allocation Failure) 54M->38M(61M) 1.785ms
[2026-06-17T10:05:00.274+0800][42.177s][info][gc,cpu         ] GC(823) User=0.00s Sys=0.00s Real=0.00s
[2026-06-17T10:05:00.317+0800][42.219s][info][gc,start       ] GC(824) Pause Full (Allocation Failure)
[2026-06-17T10:05:00.317+0800][42.219s][info][gc,phases,start] GC(824) Phase 1: Mark live objects
[2026-06-17T10:05:00.318+0800][42.220s][info][gc,phases      ] GC(824) Phase 1: Mark live objects 0.936ms
[2026-06-17T10:05:00.319+0800][42.221s][info][gc,phases,start] GC(824) Phase 2: Compute new object addresses
[2026-06-17T10:05:00.319+0800][42.222s][info][gc,phases      ] GC(824) Phase 2: Compute new object addresses 0.714ms
[2026-06-17T10:05:00.321+0800][42.223s][info][gc,phases,start] GC(824) Phase 3: Adjust pointers
[2026-06-17T10:05:00.321+0800][42.224s][info][gc,phases      ] GC(824) Phase 3: Adjust pointers 0.760ms
[2026-06-17T10:05:00.322+0800][42.224s][info][gc,phases,start] GC(824) Phase 4: Move objects
[2026-06-17T10:05:00.325+0800][42.227s][info][gc,phases      ] GC(824) Phase 4: Move objects 3.051ms
[2026-06-17T10:05:00.325+0800][42.228s][info][gc,heap        ] GC(824) DefNew: 19189K(19648K)->0K(19648K) Eden: 17453K(17472K)->0K(17472K) From: 1735K(2176K)->0K(2176K)
[2026-06-17T10:05:00.326+0800][42.229s][info][gc,heap        ] GC(824) Tenured: 37453K(43712K)->29228K(43712K)
[2026-06-17T10:05:00.327+0800][42.229s][info][gc,metaspace   ] GC(824) Metaspace: 121K(320K)->121K(320K) NonClass: 114K(192K)->114K(192K) Class: 7K(128K)->7K(128K)
[2026-06-17T10:05:00.327+0800][42.229s][info][gc             ] GC(824) Pause Full (Allocation Failure) 55M->28M(61M) 10.626ms
[2026-06-17T10:05:00.328+0800][42.230s][info][gc,cpu         ] GC(824) User=0.01s Sys=0.00s Real=0.01s
[2026-06-17T10:05:00.370+0800][42.272s][info][gc,start       ] GC(825) Pause Young (Allocation Failure)
[2026-06-17T10:05:00.371+0800][42.274s][info][gc,heap        ] GC(825) DefNew: 17472K(19648K)->2171K(19648K) Eden: 17472K(17472K)->0K(17472K) From: 0K(2176K)->2171K(2176K)
[2026-06-17T10:05:00.372+0800][42.274s][info][gc,heap        ] GC(825) Tenured: 29228K(43712K)->34665K(43712K)
[2026-06-17T10:05:00.372+0800][42.274s][info][gc,metaspace   ] GC(825) Metaspace: 121K(320K)->121K(320K) NonClass: 114K(192K)->114K(192K) Class: 7K(128K)->7K(128K)
[2026-06-17T10:05:00.373+0800][42.275s][info][gc             ] GC(825) Pause Young (Allocation Failure) 45M->35M(61M) 2.416ms
[2026-06-17T10:05:00.373+0800][42.275s][info][gc,cpu         ] GC(825) User=0.00s Sys=0.00s Real=0.01s
[2026-06-17T10:05:00.416+0800][42.318s][info][gc,start       ] GC(826) Pause Young (Allocation Failure)
[2026-06-17T10:05:00.417+0800][42.319s][info][gc,heap        ] GC(826) DefNew: 19638K(19648K)->2173K(19648K) Eden: 17467K(17472K)->0K(17472K) From: 2171K(2176K)->2173K(2176K)
[2026-06-17T10:05:00.417+0800][42.319s][info][gc,heap        ] GC(826) Tenured: 34665K(43712K)->38849K(43712K)
[2026-06-17T10:05:00.418+0800][42.320s][info][gc,metaspace   ] GC(826) Metaspace: 121K(320K)->121K(320K) NonClass: 114K(192K)->114K(192K) Class: 7K(128K)->7K(128K)
[2026-06-17T10:05:00.418+0800][42.320s][info][gc             ] GC(826) Pause Young (Allocation Failure) 53M->40M(61M) 2.256ms
[2026-06-17T10:05:00.418+0800][42.320s][info][gc,cpu         ] GC(826) User=0.00s Sys=0.00s Real=0.00s
[2026-06-17T10:05:00.461+0800][42.363s][info][gc,start       ] GC(827) Pause Full (Allocation Failure)
[2026-06-17T10:05:00.461+0800][42.363s][info][gc,phases,start] GC(827) Phase 1: Mark live objects
[2026-06-17T10:05:00.462+0800][42.364s][info][gc,phases      ] GC(827) Phase 1: Mark live objects 0.909ms
[2026-06-17T10:05:00.462+0800][42.365s][info][gc,phases,start] GC(827) Phase 2: Compute new object addresses
[2026-06-17T10:05:00.463+0800][42.365s][info][gc,phases      ] GC(827) Phase 2: Compute new object addresses 0.625ms
[2026-06-17T10:05:00.463+0800][42.365s][info][gc,phases,start] GC(827) Phase 3: Adjust pointers
[2026-06-17T10:05:00.464+0800][42.366s][info][gc,phases      ] GC(827) Phase 3: Adjust pointers 0.484ms
[2026-06-17T10:05:00.464+0800][42.366s][info][gc,phases,start] GC(827) Phase 4: Move objects
[2026-06-17T10:05:00.467+0800][42.369s][info][gc,phases      ] GC(827) Phase 4: Move objects 2.446ms
[2026-06-17T10:05:00.467+0800][42.369s][info][gc,heap        ] GC(827) DefNew: 19626K(19648K)->0K(19648K) Eden: 17452K(17472K)->0K(17472K) From: 2173K(2176K)->0K(2176K)
[2026-06-17T10:05:00.467+0800][42.369s][info][gc,heap        ] GC(827) Tenured: 38849K(43712K)->31198K(43712K)
[2026-06-17T10:05:00.467+0800][42.370s][info][gc,metaspace   ] GC(827) Metaspace: 121K(320K)->121K(320K) NonClass: 114K(192K)->114K(192K) Class: 7K(128K)->7K(128K)
[2026-06-17T10:05:00.468+0800][42.370s][info][gc             ] GC(827) Pause Full (Allocation Failure) 57M->30M(61M) 7.018ms
[2026-06-17T10:05:00.468+0800][42.370s][info][gc,cpu         ] GC(827) User=0.00s Sys=0.00s Real=0.01s
[2026-06-17T10:05:00.520+0800][42.423s][info][gc,start       ] GC(828) Pause Young (Allocation Failure)
[2026-06-17T10:05:00.521+0800][42.423s][info][gc,heap        ] GC(828) DefNew: 17450K(19648K)->2135K(19648K) Eden: 17450K(17472K)->0K(17472K) From: 0K(2176K)->2135K(2176K)
[2026-06-17T10:05:00.522+0800][42.424s][info][gc,heap        ] GC(828) Tenured: 31198K(43712K)->32154K(43712K)
[2026-06-17T10:05:00.522+0800][42.424s][info][gc,metaspace   ] GC(828) Metaspace: 121K(320K)->121K(320K) NonClass: 114K(192K)->114K(192K) Class: 7K(128K)->7K(128K)
[2026-06-17T10:05:00.522+0800][42.424s][info][gc             ] GC(828) Pause Young (Allocation Failure) 47M->33M(61M) 1.728ms
[2026-06-17T10:05:00.522+0800][42.425s][info][gc,cpu         ] GC(828) User=0.00s Sys=0.00s Real=0.01s
[2026-06-17T10:05:00.555+0800][42.457s][info][gc,start       ] GC(829) Pause Young (Allocation Failure)
[2026-06-17T10:05:00.556+0800][42.458s][info][gc,heap        ] GC(829) DefNew: 19488K(19648K)->2117K(19648K) Eden: 17352K(17472K)->0K(17472K) From: 2135K(2176K)->2117K(2176K)
[2026-06-17T10:05:00.557+0800][42.459s][info][gc,heap        ] GC(829) Tenured: 32154K(43712K)->35736K(43712K)
[2026-06-17T10:05:00.559+0800][42.462s][info][gc,metaspace   ] GC(829) Metaspace: 121K(320K)->121K(320K) NonClass: 114K(192K)->114K(192K) Class: 7K(128K)->7K(128K)
[2026-06-17T10:05:00.562+0800][42.464s][info][gc             ] GC(829) Pause Young (Allocation Failure) 50M->36M(61M) 6.962ms
[2026-06-17T10:05:00.563+0800][42.465s][info][gc,cpu         ] GC(829) User=0.00s Sys=0.00s Real=0.01s
[2026-06-17T10:05:00.616+0800][42.519s][info][gc,start       ] GC(830) Pause Young (Allocation Failure)
[2026-06-17T10:05:00.618+0800][42.520s][info][gc,heap        ] GC(830) DefNew: 19563K(19648K)->2128K(19648K) Eden: 17446K(17472K)->0K(17472K) From: 2117K(2176K)->2128K(2176K)
[2026-06-17T10:05:00.618+0800][42.521s][info][gc,heap        ] GC(830) Tenured: 35736K(43712K)->39039K(43712K)
[2026-06-17T10:05:00.619+0800][42.521s][info][gc,metaspace   ] GC(830) Metaspace: 121K(320K)->121K(320K) NonClass: 114K(192K)->114K(192K) Class: 7K(128K)->7K(128K)
[2026-06-17T10:05:00.619+0800][42.521s][info][gc             ] GC(830) Pause Young (Allocation Failure) 54M->40M(61M) 2.815ms
[2026-06-17T10:05:00.620+0800][42.522s][info][gc,cpu         ] GC(830) User=0.00s Sys=0.00s Real=0.00s
[2026-06-17T10:05:00.662+0800][42.564s][info][gc,start       ] GC(831) Pause Full (Allocation Failure)
[2026-06-17T10:05:00.663+0800][42.565s][info][gc,phases,start] GC(831) Phase 1: Mark live objects
[2026-06-17T10:05:00.664+0800][42.566s][info][gc,phases      ] GC(831) Phase 1: Mark live objects 1.032ms
[2026-06-17T10:05:00.664+0800][42.566s][info][gc,phases,start] GC(831) Phase 2: Compute new object addresses
[2026-06-17T10:05:00.665+0800][42.567s][info][gc,phases      ] GC(831) Phase 2: Compute new object addresses 0.588ms
[2026-06-17T10:05:00.665+0800][42.567s][info][gc,phases,start] GC(831) Phase 3: Adjust pointers
[2026-06-17T10:05:00.666+0800][42.568s][info][gc,phases      ] GC(831) Phase 3: Adjust pointers 0.653ms
[2026-06-17T10:05:00.666+0800][42.568s][info][gc,phases,start] GC(831) Phase 4: Move objects
[2026-06-17T10:05:00.668+0800][42.570s][info][gc,phases      ] GC(831) Phase 4: Move objects 2.130ms
[2026-06-17T10:05:00.669+0800][42.571s][info][gc,heap        ] GC(831) DefNew: 19600K(19648K)->0K(19648K) Eden: 17472K(17472K)->0K(17472K) From: 2128K(2176K)->0K(2176K)
[2026-06-17T10:05:00.669+0800][42.571s][info][gc,heap        ] GC(831) Tenured: 39039K(43712K)->31891K(43712K)
[2026-06-17T10:05:00.670+0800][42.572s][info][gc,metaspace   ] GC(831) Metaspace: 121K(320K)->121K(320K) NonClass: 114K(192K)->114K(192K) Class: 7K(128K)->7K(128K)
[2026-06-17T10:05:00.670+0800][42.572s][info][gc             ] GC(831) Pause Full (Allocation Failure) 57M->31M(61M) 7.745ms
[2026-06-17T10:05:00.670+0800][42.572s][info][gc,cpu         ] GC(831) User=0.01s Sys=0.00s Real=0.01s
[2026-06-17T10:05:00.713+0800][42.615s][info][gc,start       ] GC(832) Pause Young (Allocation Failure)
[2026-06-17T10:05:00.714+0800][42.616s][info][gc,heap        ] GC(832) DefNew: 17472K(19648K)->2173K(19648K) Eden: 17472K(17472K)->0K(17472K) From: 0K(2176K)->2173K(2176K)
[2026-06-17T10:05:00.715+0800][42.617s][info][gc,heap        ] GC(832) Tenured: 31891K(43712K)->37208K(43712K)
[2026-06-17T10:05:00.715+0800][42.617s][info][gc,metaspace   ] GC(832) Metaspace: 121K(320K)->121K(320K) NonClass: 114K(192K)->114K(192K) Class: 7K(128K)->7K(128K)
[2026-06-17T10:05:00.715+0800][42.617s][info][gc             ] GC(832) Pause Young (Allocation Failure) 48M->38M(61M) 2.569ms
[2026-06-17T10:05:00.715+0800][42.618s][info][gc,cpu         ] GC(832) User=0.00s Sys=0.00s Real=0.00s
[2026-06-17T10:05:00.758+0800][42.660s][info][gc,start       ] GC(833) Pause Full (Allocation Failure)
[2026-06-17T10:05:00.758+0800][42.661s][info][gc,phases,start] GC(833) Phase 1: Mark live objects
[2026-06-17T10:05:00.759+0800][42.661s][info][gc,phases      ] GC(833) Phase 1: Mark live objects 0.834ms
[2026-06-17T10:05:00.760+0800][42.662s][info][gc,phases,start] GC(833) Phase 2: Compute new object addresses
[2026-06-17T10:05:00.760+0800][42.662s][info][gc,phases      ] GC(833) Phase 2: Compute new object addresses 0.574ms
[2026-06-17T10:05:00.761+0800][42.663s][info][gc,phases,start] GC(833) Phase 3: Adjust pointers
[2026-06-17T10:05:00.761+0800][42.663s][info][gc,phases      ] GC(833) Phase 3: Adjust pointers 0.612ms
[2026-06-17T10:05:00.762+0800][42.664s][info][gc,phases,start] GC(833) Phase 4: Move objects
[2026-06-17T10:05:00.764+0800][42.666s][info][gc,phases      ] GC(833) Phase 4: Move objects 1.898ms
[2026-06-17T10:05:00.764+0800][42.666s][info][gc,heap        ] GC(833) DefNew: 19602K(19648K)->0K(19648K) Eden: 17429K(17472K)->0K(17472K) From: 2173K(2176K)->0K(2176K)
[2026-06-17T10:05:00.764+0800][42.667s][info][gc,heap        ] GC(833) Tenured: 37208K(43712K)->32129K(43712K)
[2026-06-17T10:05:00.765+0800][42.667s][info][gc,metaspace   ] GC(833) Metaspace: 121K(320K)->121K(320K) NonClass: 114K(192K)->114K(192K) Class: 7K(128K)->7K(128K)
[2026-06-17T10:05:00.765+0800][42.667s][info][gc             ] GC(833) Pause Full (Allocation Failure) 55M->31M(61M) 7.144ms
[2026-06-17T10:05:00.765+0800][42.667s][info][gc,cpu         ] GC(833) User=0.00s Sys=0.00s Real=0.01s
[2026-06-17T10:05:00.807+0800][42.710s][info][gc,start       ] GC(834) Pause Young (Allocation Failure)
[2026-06-17T10:05:00.808+0800][42.711s][info][gc,heap        ] GC(834) DefNew: 17435K(19648K)->2171K(19648K) Eden: 17435K(17472K)->0K(17472K) From: 0K(2176K)->2171K(2176K)
[2026-06-17T10:05:00.809+0800][42.711s][info][gc,heap        ] GC(834) Tenured: 32129K(43712K)->36474K(43712K)
[2026-06-17T10:05:00.809+0800][42.712s][info][gc,metaspace   ] GC(834) Metaspace: 121K(320K)->121K(320K) NonClass: 114K(192K)->114K(192K) Class: 7K(128K)->7K(128K)
[2026-06-17T10:05:00.810+0800][42.712s][info][gc             ] GC(834) Pause Young (Allocation Failure) 48M->37M(61M) 2.481ms
[2026-06-17T10:05:00.810+0800][42.712s][info][gc,cpu         ] GC(834) User=0.00s Sys=0.00s Real=0.00s
[2026-06-17T10:05:00.853+0800][42.755s][info][gc,start       ] GC(835) Pause Young (Allocation Failure)
[2026-06-17T10:05:00.855+0800][42.757s][info][gc,heap        ] GC(835) DefNew: 19643K(19648K)->2172K(19648K) Eden: 17472K(17472K)->0K(17472K) From: 2171K(2176K)->2172K(2176K)
[2026-06-17T10:05:00.855+0800][42.757s][info][gc,heap        ] GC(835) Tenured: 36474K(43712K)->42386K(43712K)
[2026-06-17T10:05:00.855+0800][42.757s][info][gc,metaspace   ] GC(835) Metaspace: 121K(320K)->121K(320K) NonClass: 114K(192K)->114K(192K) Class: 7K(128K)->7K(128K)
[2026-06-17T10:05:00.856+0800][42.758s][info][gc             ] GC(835) Pause Young (Allocation Failure) 54M->43M(61M) 2.469ms
[2026-06-17T10:05:00.856+0800][42.758s][info][gc,cpu         ] GC(835) User=0.00s Sys=0.00s Real=0.00s
[2026-06-17T10:05:00.909+0800][42.811s][info][gc,start       ] GC(836) Pause Full (Allocation Failure)
[2026-06-17T10:05:00.909+0800][42.811s][info][gc,phases,start] GC(836) Phase 1: Mark live objects
[2026-06-17T10:05:00.910+0800][42.812s][info][gc,phases      ] GC(836) Phase 1: Mark live objects 0.892ms
[2026-06-17T10:05:00.910+0800][42.813s][info][gc,phases,start] GC(836) Phase 2: Compute new object addresses
[2026-06-17T10:05:00.911+0800][42.813s][info][gc,phases      ] GC(836) Phase 2: Compute new object addresses 0.605ms
[2026-06-17T10:05:00.912+0800][42.814s][info][gc,phases,start] GC(836) Phase 3: Adjust pointers
[2026-06-17T10:05:00.912+0800][42.814s][info][gc,phases      ] GC(836) Phase 3: Adjust pointers 0.798ms
[2026-06-17T10:05:00.913+0800][42.815s][info][gc,phases,start] GC(836) Phase 4: Move objects
[2026-06-17T10:05:00.915+0800][42.817s][info][gc,phases      ] GC(836) Phase 4: Move objects 1.835ms
[2026-06-17T10:05:00.915+0800][42.817s][info][gc,heap        ] GC(836) DefNew: 19633K(19648K)->0K(19648K) Eden: 17461K(17472K)->0K(17472K) From: 2172K(2176K)->0K(2176K)
[2026-06-17T10:05:00.915+0800][42.818s][info][gc,heap        ] GC(836) Tenured: 42386K(43712K)->26831K(43712K)
[2026-06-17T10:05:00.916+0800][42.818s][info][gc,metaspace   ] GC(836) Metaspace: 121K(320K)->121K(320K) NonClass: 114K(192K)->114K(192K) Class: 7K(128K)->7K(128K)
[2026-06-17T10:05:00.916+0800][42.818s][info][gc             ] GC(836) Pause Full (Allocation Failure) 60M->26M(61M) 7.221ms
[2026-06-17T10:05:00.916+0800][42.818s][info][gc,cpu         ] GC(836) User=0.00s Sys=0.00s Real=0.01s
[2026-06-17T10:05:00.949+0800][42.851s][info][gc,start       ] GC(837) Pause Young (Allocation Failure)
[2026-06-17T10:05:00.950+0800][42.852s][info][gc,heap        ] GC(837) DefNew: 17366K(19648K)->2169K(19648K) Eden: 17366K(17472K)->0K(17472K) From: 0K(2176K)->2169K(2176K)
[2026-06-17T10:05:00.951+0800][42.853s][info][gc,heap        ] GC(837) Tenured: 26831K(43712K)->31581K(43712K)
[2026-06-17T10:05:00.951+0800][42.853s][info][gc,metaspace   ] GC(837) Metaspace: 121K(320K)->121K(320K) NonClass: 114K(192K)->114K(192K) Class: 7K(128K)->7K(128K)
[2026-06-17T10:05:00.952+0800][42.854s][info][gc             ] GC(837) Pause Young (Allocation Failure) 43M->32M(61M) 3.086ms
[2026-06-17T10:05:00.952+0800][42.854s][info][gc,cpu         ] GC(837) User=0.00s Sys=0.00s Real=0.01s
[2026-06-17T10:05:01.005+0800][42.907s][info][gc,start       ] GC(838) Pause Young (Allocation Failure)
[2026-06-17T10:05:01.006+0800][42.908s][info][gc,heap        ] GC(838) DefNew: 19621K(19648K)->2173K(19648K) Eden: 17452K(17472K)->0K(17472K) From: 2169K(2176K)->2173K(2176K)
[2026-06-17T10:05:01.007+0800][42.909s][info][gc,heap        ] GC(838) Tenured: 31581K(43712K)->35270K(43712K)
[2026-06-17T10:05:01.007+0800][42.909s][info][gc,metaspace   ] GC(838) Metaspace: 121K(320K)->121K(320K) NonClass: 114K(192K)->114K(192K) Class: 7K(128K)->7K(128K)
[2026-06-17T10:05:01.007+0800][42.909s][info][gc             ] GC(838) Pause Young (Allocation Failure) 50M->36M(61M) 2.086ms
[2026-06-17T10:05:01.007+0800][42.910s][info][gc,cpu         ] GC(838) User=0.00s Sys=0.00s Real=0.00s
[2026-06-17T10:05:01.050+0800][42.952s][info][gc,start       ] GC(839) Pause Young (Allocation Failure)
[2026-06-17T10:05:01.051+0800][42.953s][info][gc,heap        ] GC(839) DefNew: 19645K(19648K)->2076K(19648K) Eden: 17472K(17472K)->0K(17472K) From: 2173K(2176K)->2076K(2176K)
[2026-06-17T10:05:01.051+0800][42.954s][info][gc,heap        ] GC(839) Tenured: 35270K(43712K)->38774K(43712K)
[2026-06-17T10:05:01.052+0800][42.954s][info][gc,metaspace   ] GC(839) Metaspace: 121K(320K)->121K(320K) NonClass: 114K(192K)->114K(192K) Class: 7K(128K)->7K(128K)
[2026-06-17T10:05:01.052+0800][42.954s][info][gc             ] GC(839) Pause Young (Allocation Failure) 53M->39M(61M) 2.354ms
[2026-06-17T10:05:01.053+0800][42.955s][info][gc,cpu         ] GC(839) User=0.00s Sys=0.00s Real=0.01s
[2026-06-17T10:05:01.096+0800][42.998s][info][gc,start       ] GC(840) Pause Full (Allocation Failure)
[2026-06-17T10:05:01.096+0800][42.998s][info][gc,phases,start] GC(840) Phase 1: Mark live objects
[2026-06-17T10:05:01.097+0800][42.999s][info][gc,phases      ] GC(840) Phase 1: Mark live objects 0.899ms
[2026-06-17T10:05:01.097+0800][43.000s][info][gc,phases,start] GC(840) Phase 2: Compute new object addresses
[2026-06-17T10:05:01.098+0800][43.000s][info][gc,phases      ] GC(840) Phase 2: Compute new object addresses 0.492ms
[2026-06-17T10:05:01.098+0800][43.000s][info][gc,phases,start] GC(840) Phase 3: Adjust pointers
[2026-06-17T10:05:01.099+0800][43.001s][info][gc,phases      ] GC(840) Phase 3: Adjust pointers 0.586ms
[2026-06-17T10:05:01.099+0800][43.001s][info][gc,phases,start] GC(840) Phase 4: Move objects
[2026-06-17T10:05:01.102+0800][43.004s][info][gc,phases      ] GC(840) Phase 4: Move objects 2.645ms
[2026-06-17T10:05:01.102+0800][43.005s][info][gc,heap        ] GC(840) DefNew: 19548K(19648K)->0K(19648K) Eden: 17472K(17472K)->0K(17472K) From: 2076K(2176K)->0K(2176K)
[2026-06-17T10:05:01.103+0800][43.005s][info][gc,heap        ] GC(840) Tenured: 38774K(43712K)->24301K(43712K)
[2026-06-17T10:05:01.103+0800][43.005s][info][gc,metaspace   ] GC(840) Metaspace: 121K(320K)->121K(320K) NonClass: 114K(192K)->114K(192K) Class: 7K(128K)->7K(128K)
[2026-06-17T10:05:01.103+0800][43.006s][info][gc             ] GC(840) Pause Full (Allocation Failure) 56M->23M(61M) 7.650ms
[2026-06-17T10:05:01.104+0800][43.006s][info][gc,cpu         ] GC(840) User=0.00s Sys=0.01s Real=0.01s
[2026-06-17T10:05:01.146+0800][43.048s][info][gc,start       ] GC(841) Pause Young (Allocation Failure)
[2026-06-17T10:05:01.147+0800][43.049s][info][gc,heap        ] GC(841) DefNew: 17472K(19648K)->2173K(19648K) Eden: 17472K(17472K)->0K(17472K) From: 0K(2176K)->2173K(2176K)
[2026-06-17T10:05:01.148+0800][43.050s][info][gc,heap        ] GC(841) Tenured: 24301K(43712K)->29170K(43712K)
[2026-06-17T10:05:01.148+0800][43.050s][info][gc,metaspace   ] GC(841) Metaspace: 121K(320K)->121K(320K) NonClass: 114K(192K)->114K(192K) Class: 7K(128K)->7K(128K)
[2026-06-17T10:05:01.148+0800][43.051s][info][gc             ] GC(841) Pause Young (Allocation Failure) 40M->30M(61M) 2.322ms
[2026-06-17T10:05:01.149+0800][43.051s][info][gc,cpu         ] GC(841) User=0.00s Sys=0.00s Real=0.00s
[2026-06-17T10:05:01.192+0800][43.094s][info][gc,start       ] GC(842) Pause Young (Allocation Failure)
[2026-06-17T10:05:01.193+0800][43.095s][info][gc,heap        ] GC(842) DefNew: 19398K(19648K)->1690K(19648K) Eden: 17224K(17472K)->0K(17472K) From: 2173K(2176K)->1690K(2176K)
[2026-06-17T10:05:01.193+0800][43.095s][info][gc,heap        ] GC(842) Tenured: 29170K(43712K)->31344K(43712K)
[2026-06-17T10:05:01.193+0800][43.096s][info][gc,metaspace   ] GC(842) Metaspace: 121K(320K)->121K(320K) NonClass: 114K(192K)->114K(192K) Class: 7K(128K)->7K(128K)
[2026-06-17T10:05:01.194+0800][43.096s][info][gc             ] GC(842) Pause Young (Allocation Failure) 47M->32M(61M) 2.166ms
[2026-06-17T10:05:01.194+0800][43.096s][info][gc,cpu         ] GC(842) User=0.00s Sys=0.00s Real=0.00s
[2026-06-17T10:05:01.237+0800][43.139s][info][gc,start       ] GC(843) Pause Young (Allocation Failure)
[2026-06-17T10:05:01.243+0800][43.145s][info][gc,heap        ] GC(843) DefNew: 19162K(19648K)->2172K(19648K) Eden: 17472K(17472K)->0K(17472K) From: 1690K(2176K)->2172K(2176K)
[2026-06-17T10:05:01.244+0800][43.147s][info][gc,heap        ] GC(843) Tenured: 31344K(43712K)->38055K(43712K)
[2026-06-17T10:05:01.247+0800][43.149s][info][gc,metaspace   ] GC(843) Metaspace: 121K(320K)->121K(320K) NonClass: 114K(192K)->114K(192K) Class: 7K(128K)->7K(128K)
[2026-06-17T10:05:01.247+0800][43.149s][info][gc             ] GC(843) Pause Young (Allocation Failure) 49M->39M(61M) 10.438ms
[2026-06-17T10:05:01.251+0800][43.153s][info][gc,cpu         ] GC(843) User=0.00s Sys=0.00s Real=0.02s
[2026-06-17T10:05:01.305+0800][43.207s][info][gc,start       ] GC(844) Pause Full (Allocation Failure)
[2026-06-17T10:05:01.305+0800][43.207s][info][gc,phases,start] GC(844) Phase 1: Mark live objects
[2026-06-17T10:05:01.306+0800][43.208s][info][gc,phases      ] GC(844) Phase 1: Mark live objects 0.898ms
[2026-06-17T10:05:01.306+0800][43.208s][info][gc,phases,start] GC(844) Phase 2: Compute new object addresses
[2026-06-17T10:05:01.307+0800][43.209s][info][gc,phases      ] GC(844) Phase 2: Compute new object addresses 0.896ms
[2026-06-17T10:05:01.308+0800][43.210s][info][gc,phases,start] GC(844) Phase 3: Adjust pointers
[2026-06-17T10:05:01.308+0800][43.210s][info][gc,phases      ] GC(844) Phase 3: Adjust pointers 0.551ms
[2026-06-17T10:05:01.308+0800][43.210s][info][gc,phases,start] GC(844) Phase 4: Move objects
[2026-06-17T10:05:01.310+0800][43.212s][info][gc,phases      ] GC(844) Phase 4: Move objects 1.533ms
[2026-06-17T10:05:01.310+0800][43.212s][info][gc,heap        ] GC(844) DefNew: 19641K(19648K)->0K(19648K) Eden: 17468K(17472K)->0K(17472K) From: 2172K(2176K)->0K(2176K)
[2026-06-17T10:05:01.310+0800][43.213s][info][gc,heap        ] GC(844) Tenured: 38055K(43712K)->25338K(43712K)
[2026-06-17T10:05:01.311+0800][43.213s][info][gc,metaspace   ] GC(844) Metaspace: 121K(320K)->121K(320K) NonClass: 114K(192K)->114K(192K) Class: 7K(128K)->7K(128K)
[2026-06-17T10:05:01.311+0800][43.213s][info][gc             ] GC(844) Pause Full (Allocation Failure) 56M->24M(61M) 6.084ms
[2026-06-17T10:05:01.311+0800][43.213s][info][gc,cpu         ] GC(844) User=0.00s Sys=0.00s Real=0.01s
[2026-06-17T10:05:01.353+0800][43.255s][info][gc,start       ] GC(845) Pause Young (Allocation Failure)
[2026-06-17T10:05:01.354+0800][43.256s][info][gc,heap        ] GC(845) DefNew: 17465K(19648K)->2175K(19648K) Eden: 17465K(17472K)->0K(17472K) From: 0K(2176K)->2175K(2176K)
[2026-06-17T10:05:01.355+0800][43.257s][info][gc,heap        ] GC(845) Tenured: 25338K(43712K)->29823K(43712K)
[2026-06-17T10:05:01.355+0800][43.257s][info][gc,metaspace   ] GC(845) Metaspace: 121K(320K)->121K(320K) NonClass: 114K(192K)->114K(192K) Class: 7K(128K)->7K(128K)
[2026-06-17T10:05:01.355+0800][43.258s][info][gc             ] GC(845) Pause Young (Allocation Failure) 41M->31M(61M) 2.292ms
[2026-06-17T10:05:01.356+0800][43.258s][info][gc,cpu         ] GC(845) User=0.00s Sys=0.00s Real=0.00s
[2026-06-17T10:05:01.399+0800][43.301s][info][gc,start       ] GC(846) Pause Young (Allocation Failure)
[2026-06-17T10:05:01.400+0800][43.302s][info][gc,heap        ] GC(846) DefNew: 19647K(19648K)->2124K(19648K) Eden: 17472K(17472K)->0K(17472K) From: 2175K(2176K)->2124K(2176K)
[2026-06-17T10:05:01.400+0800][43.302s][info][gc,heap        ] GC(846) Tenured: 29823K(43712K)->33687K(43712K)
[2026-06-17T10:05:01.400+0800][43.302s][info][gc,metaspace   ] GC(846) Metaspace: 121K(320K)->121K(320K) NonClass: 114K(192K)->114K(192K) Class: 7K(128K)->7K(128K)
[2026-06-17T10:05:01.401+0800][43.303s][info][gc             ] GC(846) Pause Young (Allocation Failure) 48M->34M(61M) 2.154ms
[2026-06-17T10:05:01.401+0800][43.303s][info][gc,cpu         ] GC(846) User=0.00s Sys=0.00s Real=0.00s
[2026-06-17T10:05:01.444+0800][43.346s][info][gc,start       ] GC(847) Pause Young (Allocation Failure)
[2026-06-17T10:05:01.444+0800][43.347s][info][gc,heap        ] GC(847) DefNew: 19487K(19648K)->2153K(19648K) Eden: 17363K(17472K)->0K(17472K) From: 2124K(2176K)->2153K(2176K)
[2026-06-17T10:05:01.445+0800][43.347s][info][gc,heap        ] GC(847) Tenured: 33687K(43712K)->34224K(43712K)
[2026-06-17T10:05:01.445+0800][43.348s][info][gc,metaspace   ] GC(847) Metaspace: 121K(320K)->121K(320K) NonClass: 114K(192K)->114K(192K) Class: 7K(128K)->7K(128K)
[2026-06-17T10:05:01.446+0800][43.348s][info][gc             ] GC(847) Pause Young (Allocation Failure) 51M->35M(61M) 2.640ms
[2026-06-17T10:05:01.447+0800][43.349s][info][gc,cpu         ] GC(847) User=0.00s Sys=0.00s Real=0.00s
[2026-06-17T10:05:01.499+0800][43.401s][info][gc,start       ] GC(848) Pause Young (Allocation Failure)
[2026-06-17T10:05:01.500+0800][43.402s][info][gc,heap        ] GC(848) DefNew: 19575K(19648K)->2175K(19648K) Eden: 17421K(17472K)->0K(17472K) From: 2153K(2176K)->2175K(2176K)
[2026-06-17T10:05:01.501+0800][43.403s][info][gc,heap        ] GC(848) Tenured: 34224K(43712K)->37538K(43712K)
[2026-06-17T10:05:01.502+0800][43.404s][info][gc,metaspace   ] GC(848) Metaspace: 121K(320K)->121K(320K) NonClass: 114K(192K)->114K(192K) Class: 7K(128K)->7K(128K)
[2026-06-17T10:05:01.502+0800][43.404s][info][gc             ] GC(848) Pause Young (Allocation Failure) 52M->38M(61M) 2.763ms
[2026-06-17T10:05:01.502+0800][43.405s][info][gc,cpu         ] GC(848) User=0.00s Sys=0.00s Real=0.00s
[2026-06-17T10:05:01.545+0800][43.447s][info][gc,start       ] GC(849) Pause Full (Allocation Failure)
[2026-06-17T10:05:01.545+0800][43.447s][info][gc,phases,start] GC(849) Phase 1: Mark live objects
[2026-06-17T10:05:01.546+0800][43.448s][info][gc,phases      ] GC(849) Phase 1: Mark live objects 1.083ms
[2026-06-17T10:05:01.547+0800][43.449s][info][gc,phases,start] GC(849) Phase 2: Compute new object addresses
[2026-06-17T10:05:01.547+0800][43.449s][info][gc,phases      ] GC(849) Phase 2: Compute new object addresses 0.675ms
[2026-06-17T10:05:01.548+0800][43.450s][info][gc,phases,start] GC(849) Phase 3: Adjust pointers
[2026-06-17T10:05:01.548+0800][43.450s][info][gc,phases      ] GC(849) Phase 3: Adjust pointers 0.596ms
[2026-06-17T10:05:01.548+0800][43.451s][info][gc,phases,start] GC(849) Phase 4: Move objects
[2026-06-17T10:05:01.551+0800][43.453s][info][gc,phases      ] GC(849) Phase 4: Move objects 2.417ms
[2026-06-17T10:05:01.551+0800][43.453s][info][gc,heap        ] GC(849) DefNew: 19647K(19648K)->0K(19648K) Eden: 17472K(17472K)->0K(17472K) From: 2175K(2176K)->0K(2176K)
[2026-06-17T10:05:01.552+0800][43.454s][info][gc,heap        ] GC(849) Tenured: 37538K(43712K)->30110K(43712K)
[2026-06-17T10:05:01.552+0800][43.454s][info][gc,metaspace   ] GC(849) Metaspace: 121K(320K)->121K(320K) NonClass: 114K(192K)->114K(192K) Class: 7K(128K)->7K(128K)
[2026-06-17T10:05:01.552+0800][43.454s][info][gc             ] GC(849) Pause Full (Allocation Failure) 55M->29M(61M) 7.367ms
[2026-06-17T10:05:01.552+0800][43.454s][info][gc,cpu         ] GC(849) User=0.00s Sys=0.00s Real=0.01s
[2026-06-17T10:05:01.595+0800][43.497s][info][gc,start       ] GC(850) Pause Young (Allocation Failure)
[2026-06-17T10:05:01.597+0800][43.499s][info][gc,heap        ] GC(850) DefNew: 17472K(19648K)->2175K(19648K) Eden: 17472K(17472K)->0K(17472K) From: 0K(2176K)->2175K(2176K)
[2026-06-17T10:05:01.598+0800][43.500s][info][gc,heap        ] GC(850) Tenured: 30110K(43712K)->35037K(43712K)
[2026-06-17T10:05:01.598+0800][43.500s][info][gc,metaspace   ] GC(850) Metaspace: 121K(320K)->121K(320K) NonClass: 114K(192K)->114K(192K) Class: 7K(128K)->7K(128K)
[2026-06-17T10:05:01.599+0800][43.501s][info][gc             ] GC(850) Pause Young (Allocation Failure) 46M->36M(61M) 4.264ms
[2026-06-17T10:05:01.599+0800][43.502s][info][gc,cpu         ] GC(850) User=0.00s Sys=0.00s Real=0.00s
[2026-06-17T10:05:01.642+0800][43.544s][info][gc,start       ] GC(851) Pause Young (Allocation Failure)
[2026-06-17T10:05:01.643+0800][43.545s][info][gc,heap        ] GC(851) DefNew: 19617K(19648K)->2174K(19648K) Eden: 17442K(17472K)->0K(17472K) From: 2175K(2176K)->2174K(2176K)
[2026-06-17T10:05:01.643+0800][43.546s][info][gc,heap        ] GC(851) Tenured: 35037K(43712K)->39273K(43712K)
[2026-06-17T10:05:01.644+0800][43.546s][info][gc,metaspace   ] GC(851) Metaspace: 121K(320K)->121K(320K) NonClass: 114K(192K)->114K(192K) Class: 7K(128K)->7K(128K)
[2026-06-17T10:05:01.644+0800][43.546s][info][gc             ] GC(851) Pause Young (Allocation Failure) 53M->40M(61M) 2.031ms
[2026-06-17T10:05:01.644+0800][43.546s][info][gc,cpu         ] GC(851) User=0.00s Sys=0.00s Real=0.01s
[2026-06-17T10:05:01.686+0800][43.589s][info][gc,start       ] GC(852) Pause Full (Allocation Failure)
[2026-06-17T10:05:01.687+0800][43.589s][info][gc,phases,start] GC(852) Phase 1: Mark live objects
[2026-06-17T10:05:01.688+0800][43.590s][info][gc,phases      ] GC(852) Phase 1: Mark live objects 1.059ms
[2026-06-17T10:05:01.689+0800][43.591s][info][gc,phases,start] GC(852) Phase 2: Compute new object addresses
[2026-06-17T10:05:01.689+0800][43.591s][info][gc,phases      ] GC(852) Phase 2: Compute new object addresses 0.687ms
[2026-06-17T10:05:01.690+0800][43.592s][info][gc,phases,start] GC(852) Phase 3: Adjust pointers
[2026-06-17T10:05:01.690+0800][43.592s][info][gc,phases      ] GC(852) Phase 3: Adjust pointers 0.549ms
[2026-06-17T10:05:01.691+0800][43.593s][info][gc,phases,start] GC(852) Phase 4: Move objects
[2026-06-17T10:05:01.692+0800][43.595s][info][gc,phases      ] GC(852) Phase 4: Move objects 1.736ms
[2026-06-17T10:05:01.693+0800][43.595s][info][gc,heap        ] GC(852) DefNew: 19566K(19648K)->0K(19648K) Eden: 17391K(17472K)->0K(17472K) From: 2174K(2176K)->0K(2176K)
[2026-06-17T10:05:01.693+0800][43.595s][info][gc,heap        ] GC(852) Tenured: 39273K(43712K)->28424K(43712K)
[2026-06-17T10:05:01.694+0800][43.596s][info][gc,metaspace   ] GC(852) Metaspace: 121K(320K)->121K(320K) NonClass: 114K(192K)->114K(192K) Class: 7K(128K)->7K(128K)
[2026-06-17T10:05:01.694+0800][43.596s][info][gc             ] GC(852) Pause Full (Allocation Failure) 57M->27M(61M) 7.550ms
[2026-06-17T10:05:01.694+0800][43.596s][info][gc,cpu         ] GC(852) User=0.00s Sys=0.00s Real=0.01s
[2026-06-17T10:05:01.737+0800][43.639s][info][gc,start       ] GC(853) Pause Young (Allocation Failure)
[2026-06-17T10:05:01.738+0800][43.640s][info][gc,heap        ] GC(853) DefNew: 16819K(19648K)->2117K(19648K) Eden: 16819K(17472K)->0K(17472K) From: 0K(2176K)->2117K(2176K)
[2026-06-17T10:05:01.739+0800][43.641s][info][gc,heap        ] GC(853) Tenured: 28424K(43712K)->28800K(43712K)
[2026-06-17T10:05:01.739+0800][43.641s][info][gc,metaspace   ] GC(853) Metaspace: 121K(320K)->121K(320K) NonClass: 114K(192K)->114K(192K) Class: 7K(128K)->7K(128K)
[2026-06-17T10:05:01.739+0800][43.642s][info][gc             ] GC(853) Pause Young (Allocation Failure) 44M->30M(61M) 2.620ms
[2026-06-17T10:05:01.740+0800][43.642s][info][gc,cpu         ] GC(853) User=0.00s Sys=0.00s Real=0.00s
[2026-06-17T10:05:01.792+0800][43.694s][info][gc,start       ] GC(854) Pause Young (Allocation Failure)
[2026-06-17T10:05:01.793+0800][43.696s][info][gc,heap        ] GC(854) DefNew: 19589K(19648K)->2062K(19648K) Eden: 17472K(17472K)->0K(17472K) From: 2117K(2176K)->2062K(2176K)
[2026-06-17T10:05:01.794+0800][43.696s][info][gc,heap        ] GC(854) Tenured: 28800K(43712K)->32330K(43712K)
[2026-06-17T10:05:01.794+0800][43.696s][info][gc,metaspace   ] GC(854) Metaspace: 121K(320K)->121K(320K) NonClass: 114K(192K)->114K(192K) Class: 7K(128K)->7K(128K)
[2026-06-17T10:05:01.794+0800][43.697s][info][gc             ] GC(854) Pause Young (Allocation Failure) 47M->33M(61M) 2.215ms
[2026-06-17T10:05:01.795+0800][43.697s][info][gc,cpu         ] GC(854) User=0.00s Sys=0.00s Real=0.00s
[2026-06-17T10:05:01.837+0800][43.739s][info][gc,start       ] GC(855) Pause Young (Allocation Failure)
[2026-06-17T10:05:01.838+0800][43.740s][info][gc,heap        ] GC(855) DefNew: 19534K(19648K)->2057K(19648K) Eden: 17472K(17472K)->0K(17472K) From: 2062K(2176K)->2057K(2176K)
[2026-06-17T10:05:01.838+0800][43.741s][info][gc,heap        ] GC(855) Tenured: 32330K(43712K)->36064K(43712K)
[2026-06-17T10:05:01.839+0800][43.741s][info][gc,metaspace   ] GC(855) Metaspace: 121K(320K)->121K(320K) NonClass: 114K(192K)->114K(192K) Class: 7K(128K)->7K(128K)
[2026-06-17T10:05:01.839+0800][43.741s][info][gc             ] GC(855) Pause Young (Allocation Failure) 50M->37M(61M) 1.997ms
[2026-06-17T10:05:01.839+0800][43.742s][info][gc,cpu         ] GC(855) User=0.00s Sys=0.00s Real=0.00s
[2026-06-17T10:05:01.882+0800][43.784s][info][gc,start       ] GC(856) Pause Young (Allocation Failure)
[2026-06-17T10:05:01.883+0800][43.785s][info][gc,heap        ] GC(856) DefNew: 19507K(19648K)->2167K(19648K) Eden: 17450K(17472K)->0K(17472K) From: 2057K(2176K)->2167K(2176K)
[2026-06-17T10:05:01.884+0800][43.786s][info][gc,heap        ] GC(856) Tenured: 36064K(43712K)->40065K(43712K)
[2026-06-17T10:05:01.884+0800][43.786s][info][gc,metaspace   ] GC(856) Metaspace: 121K(320K)->121K(320K) NonClass: 114K(192K)->114K(192K) Class: 7K(128K)->7K(128K)
[2026-06-17T10:05:01.884+0800][43.787s][info][gc             ] GC(856) Pause Young (Allocation Failure) 54M->41M(61M) 2.621ms
[2026-06-17T10:05:01.885+0800][43.787s][info][gc,cpu         ] GC(856) User=0.00s Sys=0.00s Real=0.01s
[2026-06-17T10:05:01.927+0800][43.830s][info][gc,start       ] GC(857) Pause Full (Allocation Failure)
[2026-06-17T10:05:01.928+0800][43.830s][info][gc,phases,start] GC(857) Phase 1: Mark live objects
[2026-06-17T10:05:01.931+0800][43.833s][info][gc,phases      ] GC(857) Phase 1: Mark live objects 2.354ms
[2026-06-17T10:05:01.931+0800][43.833s][info][gc,phases,start] GC(857) Phase 2: Compute new object addresses
[2026-06-17T10:05:01.932+0800][43.834s][info][gc,phases      ] GC(857) Phase 2: Compute new object addresses 0.777ms
[2026-06-17T10:05:01.932+0800][43.835s][info][gc,phases,start] GC(857) Phase 3: Adjust pointers
[2026-06-17T10:05:01.934+0800][43.837s][info][gc,phases      ] GC(857) Phase 3: Adjust pointers 2.044ms
[2026-06-17T10:05:01.936+0800][43.838s][info][gc,phases,start] GC(857) Phase 4: Move objects
[2026-06-17T10:05:01.939+0800][43.842s][info][gc,phases      ] GC(857) Phase 4: Move objects 3.330ms
[2026-06-17T10:05:01.940+0800][43.842s][info][gc,heap        ] GC(857) DefNew: 19527K(19648K)->0K(19648K) Eden: 17360K(17472K)->0K(17472K) From: 2167K(2176K)->0K(2176K)
[2026-06-17T10:05:01.940+0800][43.843s][info][gc,heap        ] GC(857) Tenured: 40065K(43712K)->32902K(43712K)
[2026-06-17T10:05:01.941+0800][43.843s][info][gc,metaspace   ] GC(857) Metaspace: 121K(320K)->121K(320K) NonClass: 114K(192K)->114K(192K) Class: 7K(128K)->7K(128K)
[2026-06-17T10:05:01.941+0800][43.843s][info][gc             ] GC(857) Pause Full (Allocation Failure) 58M->32M(61M) 13.815ms
[2026-06-17T10:05:01.942+0800][43.844s][info][gc,cpu         ] GC(857) User=0.01s Sys=0.01s Real=0.01s
[2026-06-17T10:05:01.984+0800][43.887s][info][gc,start       ] GC(858) Pause Young (Allocation Failure)
[2026-06-17T10:05:01.986+0800][43.888s][info][gc,heap        ] GC(858) DefNew: 17440K(19648K)->2172K(19648K) Eden: 17440K(17472K)->0K(17472K) From: 0K(2176K)->2172K(2176K)
[2026-06-17T10:05:01.987+0800][43.889s][info][gc,heap        ] GC(858) Tenured: 32902K(43712K)->37803K(43712K)
[2026-06-17T10:05:01.987+0800][43.890s][info][gc,metaspace   ] GC(858) Metaspace: 121K(320K)->121K(320K) NonClass: 114K(192K)->114K(192K) Class: 7K(128K)->7K(128K)
[2026-06-17T10:05:01.988+0800][43.890s][info][gc             ] GC(858) Pause Young (Allocation Failure) 49M->39M(61M) 3.619ms
[2026-06-17T10:05:01.989+0800][43.891s][info][gc,cpu         ] GC(858) User=0.00s Sys=0.00s Real=0.00s
[2026-06-17T10:05:02.042+0800][43.944s][info][gc,start       ] GC(859) Pause Full (Allocation Failure)
[2026-06-17T10:05:02.042+0800][43.944s][info][gc,phases,start] GC(859) Phase 1: Mark live objects
[2026-06-17T10:05:02.043+0800][43.945s][info][gc,phases      ] GC(859) Phase 1: Mark live objects 1.005ms
[2026-06-17T10:05:02.043+0800][43.946s][info][gc,phases,start] GC(859) Phase 2: Compute new object addresses
[2026-06-17T10:05:02.044+0800][43.946s][info][gc,phases      ] GC(859) Phase 2: Compute new object addresses 0.549ms
[2026-06-17T10:05:02.044+0800][43.946s][info][gc,phases,start] GC(859) Phase 3: Adjust pointers
[2026-06-17T10:05:02.045+0800][43.947s][info][gc,phases      ] GC(859) Phase 3: Adjust pointers 0.424ms
[2026-06-17T10:05:02.045+0800][43.947s][info][gc,phases,start] GC(859) Phase 4: Move objects
[2026-06-17T10:05:02.047+0800][43.949s][info][gc,phases      ] GC(859) Phase 4: Move objects 2.400ms
[2026-06-17T10:05:02.048+0800][43.950s][info][gc,heap        ] GC(859) DefNew: 19618K(19648K)->0K(19648K) Eden: 17446K(17472K)->0K(17472K) From: 2172K(2176K)->0K(2176K)
[2026-06-17T10:05:02.048+0800][43.950s][info][gc,heap        ] GC(859) Tenured: 37803K(43712K)->25591K(43712K)
[2026-06-17T10:05:02.048+0800][43.950s][info][gc,metaspace   ] GC(859) Metaspace: 121K(320K)->121K(320K) NonClass: 114K(192K)->114K(192K) Class: 7K(128K)->7K(128K)
[2026-06-17T10:05:02.048+0800][43.951s][info][gc             ] GC(859) Pause Full (Allocation Failure) 56M->24M(61M) 6.759ms
[2026-06-17T10:05:02.049+0800][43.951s][info][gc,cpu         ] GC(859) User=0.00s Sys=0.00s Real=0.01s
[2026-06-17T10:05:02.091+0800][43.993s][info][gc,start       ] GC(860) Pause Young (Allocation Failure)
[2026-06-17T10:05:02.092+0800][43.994s][info][gc,heap        ] GC(860) DefNew: 17441K(19648K)->2172K(19648K) Eden: 17441K(17472K)->0K(17472K) From: 0K(2176K)->2172K(2176K)
[2026-06-17T10:05:02.092+0800][43.994s][info][gc,heap        ] GC(860) Tenured: 25591K(43712K)->30024K(43712K)
[2026-06-17T10:05:02.092+0800][43.995s][info][gc,metaspace   ] GC(860) Metaspace: 121K(320K)->121K(320K) NonClass: 114K(192K)->114K(192K) Class: 7K(128K)->7K(128K)
[2026-06-17T10:05:02.093+0800][43.995s][info][gc             ] GC(860) Pause Young (Allocation Failure) 42M->31M(61M) 1.770ms
[2026-06-17T10:05:02.093+0800][43.995s][info][gc,cpu         ] GC(860) User=0.00s Sys=0.00s Real=0.00s
[2026-06-17T10:05:02.135+0800][44.037s][info][gc,start       ] GC(861) Pause Young (Allocation Failure)
[2026-06-17T10:05:02.136+0800][44.038s][info][gc,heap        ] GC(861) DefNew: 19614K(19648K)->2090K(19648K) Eden: 17442K(17472K)->0K(17472K) From: 2172K(2176K)->2090K(2176K)
[2026-06-17T10:05:02.137+0800][44.039s][info][gc,heap        ] GC(861) Tenured: 30024K(43712K)->34360K(43712K)
[2026-06-17T10:05:02.138+0800][44.040s][info][gc,metaspace   ] GC(861) Metaspace: 121K(320K)->121K(320K) NonClass: 114K(192K)->114K(192K) Class: 7K(128K)->7K(128K)
[2026-06-17T10:05:02.138+0800][44.040s][info][gc             ] GC(861) Pause Young (Allocation Failure) 48M->35M(61M) 3.107ms
[2026-06-17T10:05:02.139+0800][44.041s][info][gc,cpu         ] GC(861) User=0.00s Sys=0.00s Real=0.00s
[2026-06-17T10:05:02.181+0800][44.083s][info][gc,start       ] GC(862) Pause Young (Allocation Failure)
[2026-06-17T10:05:02.182+0800][44.084s][info][gc,heap        ] GC(862) DefNew: 19557K(19648K)->2175K(19648K) Eden: 17467K(17472K)->0K(17472K) From: 2090K(2176K)->2175K(2176K)
[2026-06-17T10:05:02.182+0800][44.084s][info][gc,heap        ] GC(862) Tenured: 34360K(43712K)->37922K(43712K)
[2026-06-17T10:05:02.182+0800][44.085s][info][gc,metaspace   ] GC(862) Metaspace: 121K(320K)->121K(320K) NonClass: 114K(192K)->114K(192K) Class: 7K(128K)->7K(128K)
[2026-06-17T10:05:02.183+0800][44.085s][info][gc             ] GC(862) Pause Young (Allocation Failure) 52M->39M(61M) 1.795ms
[2026-06-17T10:05:02.183+0800][44.085s][info][gc,cpu         ] GC(862) User=0.00s Sys=0.00s Real=0.01s
[2026-06-17T10:05:02.225+0800][44.127s][info][gc,start       ] GC(863) Pause Full (Allocation Failure)
[2026-06-17T10:05:02.226+0800][44.128s][info][gc,phases,start] GC(863) Phase 1: Mark live objects
[2026-06-17T10:05:02.227+0800][44.129s][info][gc,phases      ] GC(863) Phase 1: Mark live objects 0.887ms
[2026-06-17T10:05:02.227+0800][44.129s][info][gc,phases,start] GC(863) Phase 2: Compute new object addresses
[2026-06-17T10:05:02.227+0800][44.129s][info][gc,phases      ] GC(863) Phase 2: Compute new object addresses 0.457ms
[2026-06-17T10:05:02.228+0800][44.130s][info][gc,phases,start] GC(863) Phase 3: Adjust pointers
[2026-06-17T10:05:02.230+0800][44.132s][info][gc,phases      ] GC(863) Phase 3: Adjust pointers 1.736ms
[2026-06-17T10:05:02.230+0800][44.132s][info][gc,phases,start] GC(863) Phase 4: Move objects
[2026-06-17T10:05:02.232+0800][44.134s][info][gc,phases      ] GC(863) Phase 4: Move objects 2.315ms
[2026-06-17T10:05:02.233+0800][44.135s][info][gc,heap        ] GC(863) DefNew: 19630K(19648K)->0K(19648K) Eden: 17455K(17472K)->0K(17472K) From: 2175K(2176K)->0K(2176K)
[2026-06-17T10:05:02.233+0800][44.135s][info][gc,heap        ] GC(863) Tenured: 37922K(43712K)->31496K(43712K)
[2026-06-17T10:05:02.233+0800][44.135s][info][gc,metaspace   ] GC(863) Metaspace: 121K(320K)->121K(320K) NonClass: 114K(192K)->114K(192K) Class: 7K(128K)->7K(128K)
[2026-06-17T10:05:02.233+0800][44.135s][info][gc             ] GC(863) Pause Full (Allocation Failure) 56M->30M(61M) 7.846ms
[2026-06-17T10:05:02.233+0800][44.135s][info][gc,cpu         ] GC(863) User=0.01s Sys=0.00s Real=0.01s
[2026-06-17T10:05:02.285+0800][44.188s][info][gc,start       ] GC(864) Pause Young (Allocation Failure)
[2026-06-17T10:05:02.289+0800][44.191s][info][gc,heap        ] GC(864) DefNew: 17464K(19648K)->2121K(19648K) Eden: 17464K(17472K)->0K(17472K) From: 0K(2176K)->2121K(2176K)
[2026-06-17T10:05:02.290+0800][44.192s][info][gc,heap        ] GC(864) Tenured: 31496K(43712K)->33000K(43712K)
[2026-06-17T10:05:02.326+0800][44.228s][info][gc,metaspace   ] GC(864) Metaspace: 121K(320K)->121K(320K) NonClass: 114K(192K)->114K(192K) Class: 7K(128K)->7K(128K)
[2026-06-17T10:05:02.326+0800][44.229s][info][gc             ] GC(864) Pause Young (Allocation Failure) 47M->34M(61M) 40.979ms
[2026-06-17T10:05:02.328+0800][44.231s][info][gc,cpu         ] GC(864) User=0.00s Sys=0.00s Real=0.04s
[2026-06-17T10:05:02.361+0800][44.263s][info][gc,start       ] GC(865) Pause Young (Allocation Failure)
[2026-06-17T10:05:02.371+0800][44.273s][info][gc,heap        ] GC(865) DefNew: 19500K(19648K)->2168K(19648K) Eden: 17379K(17472K)->0K(17472K) From: 2121K(2176K)->2168K(2176K)
[2026-06-17T10:05:02.373+0800][44.276s][info][gc,heap        ] GC(865) Tenured: 33000K(43712K)->36729K(43712K)
[2026-06-17T10:05:02.374+0800][44.276s][info][gc,metaspace   ] GC(865) Metaspace: 121K(320K)->121K(320K) NonClass: 114K(192K)->114K(192K) Class: 7K(128K)->7K(128K)
[2026-06-17T10:05:02.374+0800][44.276s][info][gc             ] GC(865) Pause Young (Allocation Failure) 51M->37M(61M) 13.596ms
[2026-06-17T10:05:02.375+0800][44.277s][info][gc,cpu         ] GC(865) User=0.00s Sys=0.00s Real=0.02s
[2026-06-17T10:05:02.418+0800][44.320s][info][gc,start       ] GC(866) Pause Young (Allocation Failure)
[2026-06-17T10:05:02.420+0800][44.322s][info][gc,heap        ] GC(866) DefNew: 19640K(19648K)->2173K(19648K) Eden: 17472K(17472K)->0K(17472K) From: 2168K(2176K)->2173K(2176K)
[2026-06-17T10:05:02.422+0800][44.324s][info][gc,heap        ] GC(866) Tenured: 36729K(43712K)->43545K(43712K)
[2026-06-17T10:05:02.422+0800][44.324s][info][gc,metaspace   ] GC(866) Metaspace: 121K(320K)->121K(320K) NonClass: 114K(192K)->114K(192K) Class: 7K(128K)->7K(128K)
[2026-06-17T10:05:02.423+0800][44.325s][info][gc             ] GC(866) Pause Young (Allocation Failure) 55M->44M(61M) 4.740ms
[2026-06-17T10:05:02.423+0800][44.325s][info][gc,cpu         ] GC(866) User=0.00s Sys=0.00s Real=0.01s
[2026-06-17T10:05:02.476+0800][44.378s][info][gc,start       ] GC(867) Pause Full (Allocation Failure)
[2026-06-17T10:05:02.477+0800][44.380s][info][gc,phases,start] GC(867) Phase 1: Mark live objects
[2026-06-17T10:05:02.479+0800][44.381s][info][gc,phases      ] GC(867) Phase 1: Mark live objects 1.519ms
[2026-06-17T10:05:02.481+0800][44.383s][info][gc,phases,start] GC(867) Phase 2: Compute new object addresses
[2026-06-17T10:05:02.483+0800][44.386s][info][gc,phases      ] GC(867) Phase 2: Compute new object addresses 2.335ms
[2026-06-17T10:05:02.484+0800][44.386s][info][gc,phases,start] GC(867) Phase 3: Adjust pointers
[2026-06-17T10:05:02.485+0800][44.387s][info][gc,phases      ] GC(867) Phase 3: Adjust pointers 0.743ms
[2026-06-17T10:05:02.485+0800][44.387s][info][gc,phases,start] GC(867) Phase 4: Move objects
[2026-06-17T10:05:02.488+0800][44.390s][info][gc,phases      ] GC(867) Phase 4: Move objects 2.690ms
[2026-06-17T10:05:02.488+0800][44.390s][info][gc,heap        ] GC(867) DefNew: 19645K(19648K)->0K(19648K) Eden: 17472K(17472K)->0K(17472K) From: 2173K(2176K)->0K(2176K)
[2026-06-17T10:05:02.489+0800][44.391s][info][gc,heap        ] GC(867) Tenured: 43545K(43712K)->31386K(43712K)
[2026-06-17T10:05:02.489+0800][44.392s][info][gc,metaspace   ] GC(867) Metaspace: 121K(320K)->121K(320K) NonClass: 114K(192K)->114K(192K) Class: 7K(128K)->7K(128K)
[2026-06-17T10:05:02.490+0800][44.392s][info][gc             ] GC(867) Pause Full (Allocation Failure) 61M->30M(61M) 14.014ms
[2026-06-17T10:05:02.490+0800][44.392s][info][gc,cpu         ] GC(867) User=0.00s Sys=0.00s Real=0.01s
[2026-06-17T10:05:02.533+0800][44.435s][info][gc,start       ] GC(868) Pause Young (Allocation Failure)
[2026-06-17T10:05:02.534+0800][44.437s][info][gc,heap        ] GC(868) DefNew: 17453K(19648K)->2165K(19648K) Eden: 17453K(17472K)->0K(17472K) From: 0K(2176K)->2165K(2176K)
[2026-06-17T10:05:02.535+0800][44.437s][info][gc,heap        ] GC(868) Tenured: 31386K(43712K)->35974K(43712K)
[2026-06-17T10:05:02.536+0800][44.438s][info][gc,metaspace   ] GC(868) Metaspace: 121K(320K)->121K(320K) NonClass: 114K(192K)->114K(192K) Class: 7K(128K)->7K(128K)
[2026-06-17T10:05:02.536+0800][44.438s][info][gc             ] GC(868) Pause Young (Allocation Failure) 47M->37M(61M) 2.985ms
[2026-06-17T10:05:02.537+0800][44.439s][info][gc,cpu         ] GC(868) User=0.00s Sys=0.00s Real=0.00s
[2026-06-17T10:05:02.579+0800][44.482s][info][gc,start       ] GC(869) Pause Full (Allocation Failure)
[2026-06-17T10:05:02.580+0800][44.482s][info][gc,phases,start] GC(869) Phase 1: Mark live objects
[2026-06-17T10:05:02.581+0800][44.483s][info][gc,phases      ] GC(869) Phase 1: Mark live objects 1.069ms
[2026-06-17T10:05:02.581+0800][44.483s][info][gc,phases,start] GC(869) Phase 2: Compute new object addresses
[2026-06-17T10:05:02.582+0800][44.484s][info][gc,phases      ] GC(869) Phase 2: Compute new object addresses 0.424ms
[2026-06-17T10:05:02.582+0800][44.484s][info][gc,phases,start] GC(869) Phase 3: Adjust pointers
[2026-06-17T10:05:02.582+0800][44.485s][info][gc,phases      ] GC(869) Phase 3: Adjust pointers 0.449ms
[2026-06-17T10:05:02.583+0800][44.485s][info][gc,phases,start] GC(869) Phase 4: Move objects
[2026-06-17T10:05:02.584+0800][44.487s][info][gc,phases      ] GC(869) Phase 4: Move objects 1.885ms
[2026-06-17T10:05:02.585+0800][44.487s][info][gc,heap        ] GC(869) DefNew: 19637K(19648K)->0K(19648K) Eden: 17472K(17472K)->0K(17472K) From: 2165K(2176K)->0K(2176K)
[2026-06-17T10:05:02.585+0800][44.487s][info][gc,heap        ] GC(869) Tenured: 35974K(43712K)->28161K(43712K)
[2026-06-17T10:05:02.585+0800][44.488s][info][gc,metaspace   ] GC(869) Metaspace: 121K(320K)->121K(320K) NonClass: 114K(192K)->114K(192K) Class: 7K(128K)->7K(128K)
[2026-06-17T10:05:02.586+0800][44.488s][info][gc             ] GC(869) Pause Full (Allocation Failure) 54M->27M(61M) 6.225ms
[2026-06-17T10:05:02.586+0800][44.488s][info][gc,cpu         ] GC(869) User=0.01s Sys=0.00s Real=0.01s
[2026-06-17T10:05:02.628+0800][44.530s][info][gc,start       ] GC(870) Pause Young (Allocation Failure)
[2026-06-17T10:05:02.629+0800][44.531s][info][gc,heap        ] GC(870) DefNew: 17437K(19648K)->2172K(19648K) Eden: 17437K(17472K)->0K(17472K) From: 0K(2176K)->2172K(2176K)
[2026-06-17T10:05:02.629+0800][44.532s][info][gc,heap        ] GC(870) Tenured: 28161K(43712K)->33202K(43712K)
[2026-06-17T10:05:02.630+0800][44.532s][info][gc,metaspace   ] GC(870) Metaspace: 121K(320K)->121K(320K) NonClass: 114K(192K)->114K(192K) Class: 7K(128K)->7K(128K)
[2026-06-17T10:05:02.630+0800][44.532s][info][gc             ] GC(870) Pause Young (Allocation Failure) 44M->34M(61M) 1.920ms
[2026-06-17T10:05:02.630+0800][44.532s][info][gc,cpu         ] GC(870) User=0.00s Sys=0.00s Real=0.00s
[2026-06-17T10:05:02.672+0800][44.574s][info][gc,start       ] GC(871) Pause Young (Allocation Failure)
[2026-06-17T10:05:02.673+0800][44.575s][info][gc,heap        ] GC(871) DefNew: 19640K(19648K)->2086K(19648K) Eden: 17467K(17472K)->0K(17472K) From: 2172K(2176K)->2086K(2176K)
[2026-06-17T10:05:02.673+0800][44.576s][info][gc,heap        ] GC(871) Tenured: 33202K(43712K)->38648K(43712K)
[2026-06-17T10:05:02.674+0800][44.576s][info][gc,metaspace   ] GC(871) Metaspace: 121K(320K)->121K(320K) NonClass: 114K(192K)->114K(192K) Class: 7K(128K)->7K(128K)
[2026-06-17T10:05:02.674+0800][44.576s][info][gc             ] GC(871) Pause Young (Allocation Failure) 51M->39M(61M) 2.222ms
[2026-06-17T10:05:02.674+0800][44.576s][info][gc,cpu         ] GC(871) User=0.00s Sys=0.00s Real=0.00s
[2026-06-17T10:05:02.716+0800][44.618s][info][gc,start       ] GC(872) Pause Full (Allocation Failure)
[2026-06-17T10:05:02.717+0800][44.619s][info][gc,phases,start] GC(872) Phase 1: Mark live objects
[2026-06-17T10:05:02.718+0800][44.620s][info][gc,phases      ] GC(872) Phase 1: Mark live objects 1.082ms
[2026-06-17T10:05:02.718+0800][44.620s][info][gc,phases,start] GC(872) Phase 2: Compute new object addresses
[2026-06-17T10:05:02.719+0800][44.621s][info][gc,phases      ] GC(872) Phase 2: Compute new object addresses 0.604ms
[2026-06-17T10:05:02.719+0800][44.621s][info][gc,phases,start] GC(872) Phase 3: Adjust pointers
[2026-06-17T10:05:02.721+0800][44.623s][info][gc,phases      ] GC(872) Phase 3: Adjust pointers 1.972ms
[2026-06-17T10:05:02.721+0800][44.623s][info][gc,phases,start] GC(872) Phase 4: Move objects
[2026-06-17T10:05:02.723+0800][44.625s][info][gc,phases      ] GC(872) Phase 4: Move objects 1.815ms
[2026-06-17T10:05:02.723+0800][44.626s][info][gc,heap        ] GC(872) DefNew: 19537K(19648K)->0K(19648K) Eden: 17450K(17472K)->0K(17472K) From: 2086K(2176K)->0K(2176K)
[2026-06-17T10:05:02.724+0800][44.626s][info][gc,heap        ] GC(872) Tenured: 38648K(43712K)->28170K(43712K)
[2026-06-17T10:05:02.724+0800][44.626s][info][gc,metaspace   ] GC(872) Metaspace: 121K(320K)->121K(320K) NonClass: 114K(192K)->114K(192K) Class: 7K(128K)->7K(128K)
[2026-06-17T10:05:02.724+0800][44.626s][info][gc             ] GC(872) Pause Full (Allocation Failure) 56M->27M(61M) 7.697ms
[2026-06-17T10:05:02.724+0800][44.626s][info][gc,cpu         ] GC(872) User=0.01s Sys=0.00s Real=0.01s
[2026-06-17T10:05:02.766+0800][44.669s][info][gc,start       ] GC(873) Pause Young (Allocation Failure)
[2026-06-17T10:05:02.767+0800][44.669s][info][gc,heap        ] GC(873) DefNew: 17299K(19648K)->2074K(19648K) Eden: 17299K(17472K)->0K(17472K) From: 0K(2176K)->2074K(2176K)
[2026-06-17T10:05:02.768+0800][44.670s][info][gc,heap        ] GC(873) Tenured: 28170K(43712K)->29600K(43712K)
[2026-06-17T10:05:02.768+0800][44.671s][info][gc,metaspace   ] GC(873) Metaspace: 121K(320K)->121K(320K) NonClass: 114K(192K)->114K(192K) Class: 7K(128K)->7K(128K)
[2026-06-17T10:05:02.769+0800][44.671s][info][gc             ] GC(873) Pause Young (Allocation Failure) 44M->30M(61M) 2.310ms
[2026-06-17T10:05:02.769+0800][44.671s][info][gc,cpu         ] GC(873) User=0.00s Sys=0.00s Real=0.00s
[2026-06-17T10:05:02.811+0800][44.713s][info][gc,start       ] GC(874) Pause Young (Allocation Failure)
[2026-06-17T10:05:02.813+0800][44.715s][info][gc,heap        ] GC(874) DefNew: 19546K(19648K)->2168K(19648K) Eden: 17472K(17472K)->0K(17472K) From: 2074K(2176K)->2168K(2176K)
[2026-06-17T10:05:02.813+0800][44.715s][info][gc,heap        ] GC(874) Tenured: 29600K(43712K)->36369K(43712K)
[2026-06-17T10:05:02.813+0800][44.715s][info][gc,metaspace   ] GC(874) Metaspace: 121K(320K)->121K(320K) NonClass: 114K(192K)->114K(192K) Class: 7K(128K)->7K(128K)
[2026-06-17T10:05:02.814+0800][44.716s][info][gc             ] GC(874) Pause Young (Allocation Failure) 47M->37M(61M) 2.482ms
[2026-06-17T10:05:02.814+0800][44.716s][info][gc,cpu         ] GC(874) User=0.00s Sys=0.00s Real=0.00s
[2026-06-17T10:05:02.867+0800][44.769s][info][gc,start       ] GC(875) Pause Full (Allocation Failure)
[2026-06-17T10:05:02.867+0800][44.769s][info][gc,phases,start] GC(875) Phase 1: Mark live objects
[2026-06-17T10:05:02.868+0800][44.770s][info][gc,phases      ] GC(875) Phase 1: Mark live objects 1.026ms
[2026-06-17T10:05:02.869+0800][44.771s][info][gc,phases,start] GC(875) Phase 2: Compute new object addresses
[2026-06-17T10:05:02.869+0800][44.771s][info][gc,phases      ] GC(875) Phase 2: Compute new object addresses 0.486ms
[2026-06-17T10:05:02.869+0800][44.772s][info][gc,phases,start] GC(875) Phase 3: Adjust pointers
[2026-06-17T10:05:02.870+0800][44.772s][info][gc,phases      ] GC(875) Phase 3: Adjust pointers 0.610ms
[2026-06-17T10:05:02.870+0800][44.773s][info][gc,phases,start] GC(875) Phase 4: Move objects
[2026-06-17T10:05:02.872+0800][44.774s][info][gc,phases      ] GC(875) Phase 4: Move objects 1.219ms
[2026-06-17T10:05:02.872+0800][44.774s][info][gc,heap        ] GC(875) DefNew: 19590K(19648K)->0K(19648K) Eden: 17421K(17472K)->0K(17472K) From: 2168K(2176K)->0K(2176K)
[2026-06-17T10:05:02.872+0800][44.774s][info][gc,heap        ] GC(875) Tenured: 36369K(43712K)->34479K(43712K)
[2026-06-17T10:05:02.872+0800][44.775s][info][gc,metaspace   ] GC(875) Metaspace: 121K(320K)->121K(320K) NonClass: 114K(192K)->114K(192K) Class: 7K(128K)->7K(128K)
[2026-06-17T10:05:02.873+0800][44.775s][info][gc             ] GC(875) Pause Full (Allocation Failure) 54M->33M(61M) 5.779ms
[2026-06-17T10:05:02.873+0800][44.775s][info][gc,cpu         ] GC(875) User=0.01s Sys=0.00s Real=0.01s
[2026-06-17T10:05:02.915+0800][44.817s][info][gc,start       ] GC(876) Pause Young (Allocation Failure)
[2026-06-17T10:05:02.916+0800][44.818s][info][gc,heap        ] GC(876) DefNew: 17434K(19648K)->2167K(19648K) Eden: 17434K(17472K)->0K(17472K) From: 0K(2176K)->2167K(2176K)
[2026-06-17T10:05:02.916+0800][44.818s][info][gc,heap        ] GC(876) Tenured: 34479K(43712K)->38900K(43712K)
[2026-06-17T10:05:02.916+0800][44.819s][info][gc,metaspace   ] GC(876) Metaspace: 121K(320K)->121K(320K) NonClass: 114K(192K)->114K(192K) Class: 7K(128K)->7K(128K)
[2026-06-17T10:05:02.917+0800][44.819s][info][gc             ] GC(876) Pause Young (Allocation Failure) 50M->40M(61M) 1.926ms
[2026-06-17T10:05:02.917+0800][44.819s][info][gc,cpu         ] GC(876) User=0.00s Sys=0.00s Real=0.00s
[2026-06-17T10:05:02.959+0800][44.861s][info][gc,start       ] GC(877) Pause Full (Allocation Failure)
[2026-06-17T10:05:02.959+0800][44.861s][info][gc,phases,start] GC(877) Phase 1: Mark live objects
[2026-06-17T10:05:02.960+0800][44.862s][info][gc,phases      ] GC(877) Phase 1: Mark live objects 0.868ms
[2026-06-17T10:05:02.960+0800][44.862s][info][gc,phases,start] GC(877) Phase 2: Compute new object addresses
[2026-06-17T10:05:02.961+0800][44.863s][info][gc,phases      ] GC(877) Phase 2: Compute new object addresses 0.659ms
[2026-06-17T10:05:02.961+0800][44.864s][info][gc,phases,start] GC(877) Phase 3: Adjust pointers
[2026-06-17T10:05:02.962+0800][44.864s][info][gc,phases      ] GC(877) Phase 3: Adjust pointers 0.700ms
[2026-06-17T10:05:02.962+0800][44.865s][info][gc,phases,start] GC(877) Phase 4: Move objects
[2026-06-17T10:05:02.964+0800][44.867s][info][gc,phases      ] GC(877) Phase 4: Move objects 1.922ms
[2026-06-17T10:05:02.965+0800][44.867s][info][gc,heap        ] GC(877) DefNew: 19608K(19648K)->0K(19648K) Eden: 17440K(17472K)->0K(17472K) From: 2167K(2176K)->0K(2176K)
[2026-06-17T10:05:02.965+0800][44.867s][info][gc,heap        ] GC(877) Tenured: 38900K(43712K)->31273K(43712K)
[2026-06-17T10:05:02.965+0800][44.867s][info][gc,metaspace   ] GC(877) Metaspace: 121K(320K)->121K(320K) NonClass: 114K(192K)->114K(192K) Class: 7K(128K)->7K(128K)
[2026-06-17T10:05:02.965+0800][44.868s][info][gc             ] GC(877) Pause Full (Allocation Failure) 57M->30M(61M) 6.785ms
[2026-06-17T10:05:02.966+0800][44.868s][info][gc,cpu         ] GC(877) User=0.00s Sys=0.00s Real=0.01s
[2026-06-17T10:05:03.008+0800][44.910s][info][gc,start       ] GC(878) Pause Young (Allocation Failure)
[2026-06-17T10:05:03.009+0800][44.911s][info][gc,heap        ] GC(878) DefNew: 17471K(19648K)->2169K(19648K) Eden: 17471K(17472K)->0K(17472K) From: 0K(2176K)->2169K(2176K)
[2026-06-17T10:05:03.010+0800][44.912s][info][gc,heap        ] GC(878) Tenured: 31273K(43712K)->36701K(43712K)
[2026-06-17T10:05:03.011+0800][44.913s][info][gc,metaspace   ] GC(878) Metaspace: 121K(320K)->121K(320K) NonClass: 114K(192K)->114K(192K) Class: 7K(128K)->7K(128K)
[2026-06-17T10:05:03.011+0800][44.913s][info][gc             ] GC(878) Pause Young (Allocation Failure) 47M->37M(61M) 3.247ms
[2026-06-17T10:05:03.011+0800][44.913s][info][gc,cpu         ] GC(878) User=0.00s Sys=0.00s Real=0.01s
[2026-06-17T10:05:03.053+0800][44.956s][info][gc,start       ] GC(879) Pause Full (Allocation Failure)
[2026-06-17T10:05:03.056+0800][44.959s][info][gc,phases,start] GC(879) Phase 1: Mark live objects
[2026-06-17T10:05:03.057+0800][44.960s][info][gc,phases      ] GC(879) Phase 1: Mark live objects 1.007ms
[2026-06-17T10:05:03.062+0800][44.965s][info][gc,phases,start] GC(879) Phase 2: Compute new object addresses
[2026-06-17T10:05:03.072+0800][44.974s][info][gc,phases      ] GC(879) Phase 2: Compute new object addresses 9.459ms
[2026-06-17T10:05:03.073+0800][44.975s][info][gc,phases,start] GC(879) Phase 3: Adjust pointers
[2026-06-17T10:05:03.073+0800][44.975s][info][gc,phases      ] GC(879) Phase 3: Adjust pointers 0.570ms
[2026-06-17T10:05:03.074+0800][44.976s][info][gc,phases,start] GC(879) Phase 4: Move objects
[2026-06-17T10:05:03.076+0800][44.979s][info][gc,phases      ] GC(879) Phase 4: Move objects 2.626ms
[2026-06-17T10:05:03.077+0800][44.979s][info][gc,heap        ] GC(879) DefNew: 19594K(19648K)->0K(19648K) Eden: 17424K(17472K)->0K(17472K) From: 2169K(2176K)->0K(2176K)
[2026-06-17T10:05:03.077+0800][44.979s][info][gc,heap        ] GC(879) Tenured: 36701K(43712K)->22304K(43712K)
[2026-06-17T10:05:03.077+0800][44.980s][info][gc,metaspace   ] GC(879) Metaspace: 121K(320K)->121K(320K) NonClass: 114K(192K)->114K(192K) Class: 7K(128K)->7K(128K)
[2026-06-17T10:05:03.078+0800][44.980s][info][gc             ] GC(879) Pause Full (Allocation Failure) 54M->21M(61M) 24.295ms
[2026-06-17T10:05:03.078+0800][44.980s][info][gc,cpu         ] GC(879) User=0.01s Sys=0.00s Real=0.02s
[2026-06-17T10:05:03.130+0800][45.032s][info][gc,start       ] GC(880) Pause Young (Allocation Failure)
[2026-06-17T10:05:03.131+0800][45.033s][info][gc,heap        ] GC(880) DefNew: 17452K(19648K)->2043K(19648K) Eden: 17452K(17472K)->0K(17472K) From: 0K(2176K)->2043K(2176K)
[2026-06-17T10:05:03.132+0800][45.034s][info][gc,heap        ] GC(880) Tenured: 22304K(43712K)->23963K(43712K)
[2026-06-17T10:05:03.132+0800][45.035s][info][gc,metaspace   ] GC(880) Metaspace: 121K(320K)->121K(320K) NonClass: 114K(192K)->114K(192K) Class: 7K(128K)->7K(128K)
[2026-06-17T10:05:03.133+0800][45.035s][info][gc             ] GC(880) Pause Young (Allocation Failure) 38M->25M(61M) 2.665ms
[2026-06-17T10:05:03.133+0800][45.035s][info][gc,cpu         ] GC(880) User=0.00s Sys=0.00s Real=0.01s
[2026-06-17T10:05:03.167+0800][45.069s][info][gc,start       ] GC(881) Pause Young (Allocation Failure)
[2026-06-17T10:05:03.168+0800][45.070s][info][gc,heap        ] GC(881) DefNew: 19416K(19648K)->2031K(19648K) Eden: 17372K(17472K)->0K(17472K) From: 2043K(2176K)->2031K(2176K)
[2026-06-17T10:05:03.168+0800][45.071s][info][gc,heap        ] GC(881) Tenured: 23963K(43712K)->27568K(43712K)
[2026-06-17T10:05:03.169+0800][45.071s][info][gc,metaspace   ] GC(881) Metaspace: 121K(320K)->121K(320K) NonClass: 114K(192K)->114K(192K) Class: 7K(128K)->7K(128K)
[2026-06-17T10:05:03.169+0800][45.071s][info][gc             ] GC(881) Pause Young (Allocation Failure) 42M->28M(61M) 2.225ms
[2026-06-17T10:05:03.169+0800][45.072s][info][gc,cpu         ] GC(881) User=0.00s Sys=0.00s Real=0.00s
[2026-06-17T10:05:03.212+0800][45.114s][info][gc,start       ] GC(882) Pause Young (Allocation Failure)
[2026-06-17T10:05:03.213+0800][45.116s][info][gc,heap        ] GC(882) DefNew: 19503K(19648K)->2172K(19648K) Eden: 17472K(17472K)->0K(17472K) From: 2031K(2176K)->2172K(2176K)
[2026-06-17T10:05:03.214+0800][45.116s][info][gc,heap        ] GC(882) Tenured: 27568K(43712K)->34112K(43712K)
[2026-06-17T10:05:03.214+0800][45.116s][info][gc,metaspace   ] GC(882) Metaspace: 121K(320K)->121K(320K) NonClass: 114K(192K)->114K(192K) Class: 7K(128K)->7K(128K)
[2026-06-17T10:05:03.214+0800][45.117s][info][gc             ] GC(882) Pause Young (Allocation Failure) 45M->35M(61M) 2.833ms
[2026-06-17T10:05:03.215+0800][45.117s][info][gc,cpu         ] GC(882) User=0.00s Sys=0.00s Real=0.00s
[2026-06-17T10:05:03.268+0800][45.170s][info][gc,start       ] GC(883) Pause Young (Allocation Failure)
[2026-06-17T10:05:03.268+0800][45.171s][info][gc,heap        ] GC(883) DefNew: 19625K(19648K)->2132K(19648K) Eden: 17452K(17472K)->0K(17472K) From: 2172K(2176K)->2132K(2176K)
[2026-06-17T10:05:03.269+0800][45.171s][info][gc,heap        ] GC(883) Tenured: 34112K(43712K)->36551K(43712K)
[2026-06-17T10:05:03.269+0800][45.171s][info][gc,metaspace   ] GC(883) Metaspace: 121K(320K)->121K(320K) NonClass: 114K(192K)->114K(192K) Class: 7K(128K)->7K(128K)
[2026-06-17T10:05:03.269+0800][45.171s][info][gc             ] GC(883) Pause Young (Allocation Failure) 52M->37M(61M) 1.432ms
[2026-06-17T10:05:03.269+0800][45.171s][info][gc,cpu         ] GC(883) User=0.00s Sys=0.00s Real=0.00s
[2026-06-17T10:05:03.311+0800][45.213s][info][gc,start       ] GC(884) Pause Full (Allocation Failure)
[2026-06-17T10:05:03.312+0800][45.214s][info][gc,phases,start] GC(884) Phase 1: Mark live objects
[2026-06-17T10:05:03.314+0800][45.216s][info][gc,phases      ] GC(884) Phase 1: Mark live objects 1.736ms
[2026-06-17T10:05:03.316+0800][45.218s][info][gc,phases,start] GC(884) Phase 2: Compute new object addresses
[2026-06-17T10:05:03.318+0800][45.220s][info][gc,phases      ] GC(884) Phase 2: Compute new object addresses 2.277ms
[2026-06-17T10:05:03.321+0800][45.223s][info][gc,phases,start] GC(884) Phase 3: Adjust pointers
[2026-06-17T10:05:03.322+0800][45.224s][info][gc,phases      ] GC(884) Phase 3: Adjust pointers 1.060ms
[2026-06-17T10:05:03.323+0800][45.225s][info][gc,phases,start] GC(884) Phase 4: Move objects
[2026-06-17T10:05:03.325+0800][45.227s][info][gc,phases      ] GC(884) Phase 4: Move objects 2.711ms
[2026-06-17T10:05:03.326+0800][45.228s][info][gc,heap        ] GC(884) DefNew: 19587K(19648K)->0K(19648K) Eden: 17455K(17472K)->0K(17472K) From: 2132K(2176K)->0K(2176K)
[2026-06-17T10:05:03.326+0800][45.228s][info][gc,heap        ] GC(884) Tenured: 36551K(43712K)->26870K(43712K)
[2026-06-17T10:05:03.326+0800][45.229s][info][gc,metaspace   ] GC(884) Metaspace: 121K(320K)->121K(320K) NonClass: 114K(192K)->114K(192K) Class: 7K(128K)->7K(128K)
[2026-06-17T10:05:03.327+0800][45.229s][info][gc             ] GC(884) Pause Full (Allocation Failure) 54M->26M(61M) 15.556ms
[2026-06-17T10:05:03.327+0800][45.229s][info][gc,cpu         ] GC(884) User=0.00s Sys=0.00s Real=0.01s
[2026-06-17T10:05:03.369+0800][45.271s][info][gc,start       ] GC(885) Pause Young (Allocation Failure)
[2026-06-17T10:05:03.371+0800][45.273s][info][gc,heap        ] GC(885) DefNew: 17452K(19648K)->2171K(19648K) Eden: 17452K(17472K)->0K(17472K) From: 0K(2176K)->2171K(2176K)
[2026-06-17T10:05:03.371+0800][45.273s][info][gc,heap        ] GC(885) Tenured: 26870K(43712K)->31709K(43712K)
[2026-06-17T10:05:03.371+0800][45.273s][info][gc,metaspace   ] GC(885) Metaspace: 121K(320K)->121K(320K) NonClass: 114K(192K)->114K(192K) Class: 7K(128K)->7K(128K)
[2026-06-17T10:05:03.371+0800][45.273s][info][gc             ] GC(885) Pause Young (Allocation Failure) 43M->33M(61M) 1.773ms
[2026-06-17T10:05:03.371+0800][45.273s][info][gc,cpu         ] GC(885) User=0.01s Sys=0.00s Real=0.01s
[2026-06-17T10:05:03.413+0800][45.315s][info][gc,start       ] GC(886) Pause Young (Allocation Failure)
[2026-06-17T10:05:03.415+0800][45.317s][info][gc,heap        ] GC(886) DefNew: 19643K(19648K)->2171K(19648K) Eden: 17472K(17472K)->0K(17472K) From: 2171K(2176K)->2171K(2176K)
[2026-06-17T10:05:03.415+0800][45.317s][info][gc,heap        ] GC(886) Tenured: 31709K(43712K)->38337K(43712K)
[2026-06-17T10:05:03.415+0800][45.317s][info][gc,metaspace   ] GC(886) Metaspace: 121K(320K)->121K(320K) NonClass: 114K(192K)->114K(192K) Class: 7K(128K)->7K(128K)
[2026-06-17T10:05:03.415+0800][45.317s][info][gc             ] GC(886) Pause Young (Allocation Failure) 50M->39M(61M) 2.034ms
[2026-06-17T10:05:03.416+0800][45.318s][info][gc,cpu         ] GC(886) User=0.00s Sys=0.00s Real=0.00s
[2026-06-17T10:05:03.458+0800][45.360s][info][gc,start       ] GC(887) Pause Full (Allocation Failure)
[2026-06-17T10:05:03.459+0800][45.361s][info][gc,phases,start] GC(887) Phase 1: Mark live objects
[2026-06-17T10:05:03.460+0800][45.362s][info][gc,phases      ] GC(887) Phase 1: Mark live objects 1.359ms
[2026-06-17T10:05:03.460+0800][45.362s][info][gc,phases,start] GC(887) Phase 2: Compute new object addresses
[2026-06-17T10:05:03.461+0800][45.363s][info][gc,phases      ] GC(887) Phase 2: Compute new object addresses 0.534ms
[2026-06-17T10:05:03.461+0800][45.363s][info][gc,phases,start] GC(887) Phase 3: Adjust pointers
[2026-06-17T10:05:03.461+0800][45.364s][info][gc,phases      ] GC(887) Phase 3: Adjust pointers 0.390ms
[2026-06-17T10:05:03.462+0800][45.364s][info][gc,phases,start] GC(887) Phase 4: Move objects
[2026-06-17T10:05:03.464+0800][45.366s][info][gc,phases      ] GC(887) Phase 4: Move objects 1.915ms
[2026-06-17T10:05:03.464+0800][45.366s][info][gc,heap        ] GC(887) DefNew: 19630K(19648K)->0K(19648K) Eden: 17459K(17472K)->0K(17472K) From: 2171K(2176K)->0K(2176K)
[2026-06-17T10:05:03.464+0800][45.366s][info][gc,heap        ] GC(887) Tenured: 38337K(43712K)->29878K(43712K)
[2026-06-17T10:05:03.464+0800][45.366s][info][gc,metaspace   ] GC(887) Metaspace: 121K(320K)->121K(320K) NonClass: 114K(192K)->114K(192K) Class: 7K(128K)->7K(128K)
[2026-06-17T10:05:03.464+0800][45.367s][info][gc             ] GC(887) Pause Full (Allocation Failure) 56M->29M(61M) 6.469ms
[2026-06-17T10:05:03.465+0800][45.367s][info][gc,cpu         ] GC(887) User=0.00s Sys=0.00s Real=0.01s
[2026-06-17T10:05:03.517+0800][45.419s][info][gc,start       ] GC(888) Pause Young (Allocation Failure)
[2026-06-17T10:05:03.518+0800][45.420s][info][gc,heap        ] GC(888) DefNew: 17448K(19648K)->2057K(19648K) Eden: 17448K(17472K)->0K(17472K) From: 0K(2176K)->2057K(2176K)
[2026-06-17T10:05:03.518+0800][45.420s][info][gc,heap        ] GC(888) Tenured: 29878K(43712K)->31096K(43712K)
[2026-06-17T10:05:03.518+0800][45.420s][info][gc,metaspace   ] GC(888) Metaspace: 121K(320K)->121K(320K) NonClass: 114K(192K)->114K(192K) Class: 7K(128K)->7K(128K)
[2026-06-17T10:05:03.518+0800][45.420s][info][gc             ] GC(888) Pause Young (Allocation Failure) 46M->32M(61M) 1.374ms
[2026-06-17T10:05:03.519+0800][45.421s][info][gc,cpu         ] GC(888) User=0.00s Sys=0.00s Real=0.00s
[2026-06-17T10:05:03.550+0800][45.453s][info][gc,start       ] GC(889) Pause Young (Allocation Failure)
[2026-06-17T10:05:03.551+0800][45.454s][info][gc,heap        ] GC(889) DefNew: 19456K(19648K)->2119K(19648K) Eden: 17398K(17472K)->0K(17472K) From: 2057K(2176K)->2119K(2176K)
[2026-06-17T10:05:03.552+0800][45.454s][info][gc,heap        ] GC(889) Tenured: 31096K(43712K)->34762K(43712K)
[2026-06-17T10:05:03.552+0800][45.454s][info][gc,metaspace   ] GC(889) Metaspace: 121K(320K)->121K(320K) NonClass: 114K(192K)->114K(192K) Class: 7K(128K)->7K(128K)
[2026-06-17T10:05:03.552+0800][45.454s][info][gc             ] GC(889) Pause Young (Allocation Failure) 49M->36M(61M) 1.778ms
[2026-06-17T10:05:03.553+0800][45.455s][info][gc,cpu         ] GC(889) User=0.00s Sys=0.01s Real=0.00s
[2026-06-17T10:05:03.605+0800][45.507s][info][gc,start       ] GC(890) Pause Young (Allocation Failure)
[2026-06-17T10:05:03.606+0800][45.508s][info][gc,heap        ] GC(890) DefNew: 19591K(19648K)->2147K(19648K) Eden: 17472K(17472K)->0K(17472K) From: 2119K(2176K)->2147K(2176K)
[2026-06-17T10:05:03.606+0800][45.509s][info][gc,heap        ] GC(890) Tenured: 34762K(43712K)->38537K(43712K)
[2026-06-17T10:05:03.607+0800][45.509s][info][gc,metaspace   ] GC(890) Metaspace: 121K(320K)->121K(320K) NonClass: 114K(192K)->114K(192K) Class: 7K(128K)->7K(128K)
[2026-06-17T10:05:03.607+0800][45.509s][info][gc             ] GC(890) Pause Young (Allocation Failure) 53M->39M(61M) 1.478ms
[2026-06-17T10:05:03.607+0800][45.509s][info][gc,cpu         ] GC(890) User=0.00s Sys=0.00s Real=0.00s
[2026-06-17T10:05:03.649+0800][45.551s][info][gc,start       ] GC(891) Pause Full (Allocation Failure)
[2026-06-17T10:05:03.650+0800][45.552s][info][gc,phases,start] GC(891) Phase 1: Mark live objects
[2026-06-17T10:05:03.651+0800][45.553s][info][gc,phases      ] GC(891) Phase 1: Mark live objects 1.113ms
[2026-06-17T10:05:03.651+0800][45.553s][info][gc,phases,start] GC(891) Phase 2: Compute new object addresses
[2026-06-17T10:05:03.652+0800][45.554s][info][gc,phases      ] GC(891) Phase 2: Compute new object addresses 0.511ms
[2026-06-17T10:05:03.652+0800][45.554s][info][gc,phases,start] GC(891) Phase 3: Adjust pointers
[2026-06-17T10:05:03.653+0800][45.555s][info][gc,phases      ] GC(891) Phase 3: Adjust pointers 0.732ms
[2026-06-17T10:05:03.653+0800][45.555s][info][gc,phases,start] GC(891) Phase 4: Move objects
[2026-06-17T10:05:03.655+0800][45.558s][info][gc,phases      ] GC(891) Phase 4: Move objects 2.080ms
[2026-06-17T10:05:03.656+0800][45.558s][info][gc,heap        ] GC(891) DefNew: 19619K(19648K)->0K(19648K) Eden: 17472K(17472K)->0K(17472K) From: 2147K(2176K)->0K(2176K)
[2026-06-17T10:05:03.656+0800][45.558s][info][gc,heap        ] GC(891) Tenured: 38537K(43712K)->29091K(43712K)
[2026-06-17T10:05:03.656+0800][45.558s][info][gc,metaspace   ] GC(891) Metaspace: 121K(320K)->121K(320K) NonClass: 114K(192K)->114K(192K) Class: 7K(128K)->7K(128K)
[2026-06-17T10:05:03.656+0800][45.559s][info][gc             ] GC(891) Pause Full (Allocation Failure) 56M->28M(61M) 7.327ms
[2026-06-17T10:05:03.657+0800][45.559s][info][gc,cpu         ] GC(891) User=0.00s Sys=0.00s Real=0.01s
[2026-06-17T10:05:03.699+0800][45.601s][info][gc,start       ] GC(892) Pause Young (Allocation Failure)
[2026-06-17T10:05:03.700+0800][45.602s][info][gc,heap        ] GC(892) DefNew: 17464K(19648K)->2173K(19648K) Eden: 17464K(17472K)->0K(17472K) From: 0K(2176K)->2173K(2176K)
[2026-06-17T10:05:03.700+0800][45.602s][info][gc,heap        ] GC(892) Tenured: 29091K(43712K)->33612K(43712K)
[2026-06-17T10:05:03.700+0800][45.602s][info][gc,metaspace   ] GC(892) Metaspace: 121K(320K)->121K(320K) NonClass: 114K(192K)->114K(192K) Class: 7K(128K)->7K(128K)
[2026-06-17T10:05:03.701+0800][45.603s][info][gc             ] GC(892) Pause Young (Allocation Failure) 45M->34M(61M) 1.787ms
[2026-06-17T10:05:03.701+0800][45.603s][info][gc,cpu         ] GC(892) User=0.00s Sys=0.00s Real=0.00s
[2026-06-17T10:05:03.743+0800][45.645s][info][gc,start       ] GC(893) Pause Young (Allocation Failure)
[2026-06-17T10:05:03.744+0800][45.646s][info][gc,heap        ] GC(893) DefNew: 19635K(19648K)->2173K(19648K) Eden: 17461K(17472K)->0K(17472K) From: 2173K(2176K)->2173K(2176K)
[2026-06-17T10:05:03.745+0800][45.647s][info][gc,heap        ] GC(893) Tenured: 33612K(43712K)->37425K(43712K)
[2026-06-17T10:05:03.745+0800][45.647s][info][gc,metaspace   ] GC(893) Metaspace: 121K(320K)->121K(320K) NonClass: 114K(192K)->114K(192K) Class: 7K(128K)->7K(128K)
[2026-06-17T10:05:03.745+0800][45.647s][info][gc             ] GC(893) Pause Young (Allocation Failure) 51M->38M(61M) 1.767ms
[2026-06-17T10:05:03.745+0800][45.647s][info][gc,cpu         ] GC(893) User=0.00s Sys=0.00s Real=0.00s
[2026-06-17T10:05:03.787+0800][45.689s][info][gc,start       ] GC(894) Pause Full (Allocation Failure)
[2026-06-17T10:05:03.788+0800][45.690s][info][gc,phases,start] GC(894) Phase 1: Mark live objects
[2026-06-17T10:05:03.789+0800][45.691s][info][gc,phases      ] GC(894) Phase 1: Mark live objects 0.905ms
[2026-06-17T10:05:03.789+0800][45.691s][info][gc,phases,start] GC(894) Phase 2: Compute new object addresses
[2026-06-17T10:05:03.790+0800][45.692s][info][gc,phases      ] GC(894) Phase 2: Compute new object addresses 0.591ms
[2026-06-17T10:05:03.790+0800][45.692s][info][gc,phases,start] GC(894) Phase 3: Adjust pointers
[2026-06-17T10:05:03.790+0800][45.692s][info][gc,phases      ] GC(894) Phase 3: Adjust pointers 0.417ms
[2026-06-17T10:05:03.791+0800][45.693s][info][gc,phases,start] GC(894) Phase 4: Move objects
[2026-06-17T10:05:03.792+0800][45.694s][info][gc,phases      ] GC(894) Phase 4: Move objects 1.604ms
[2026-06-17T10:05:03.793+0800][45.695s][info][gc,heap        ] GC(894) DefNew: 19482K(19648K)->0K(19648K) Eden: 17309K(17472K)->0K(17472K) From: 2173K(2176K)->0K(2176K)
[2026-06-17T10:05:03.793+0800][45.695s][info][gc,heap        ] GC(894) Tenured: 37425K(43712K)->25043K(43712K)
[2026-06-17T10:05:03.793+0800][45.695s][info][gc,metaspace   ] GC(894) Metaspace: 121K(320K)->121K(320K) NonClass: 114K(192K)->114K(192K) Class: 7K(128K)->7K(128K)
[2026-06-17T10:05:03.793+0800][45.696s][info][gc             ] GC(894) Pause Full (Allocation Failure) 55M->24M(61M) 6.335ms
[2026-06-17T10:05:03.794+0800][45.696s][info][gc,cpu         ] GC(894) User=0.00s Sys=0.00s Real=0.01s
[2026-06-17T10:05:03.836+0800][45.738s][info][gc,start       ] GC(895) Pause Young (Allocation Failure)
[2026-06-17T10:05:03.837+0800][45.739s][info][gc,heap        ] GC(895) DefNew: 17439K(19648K)->2175K(19648K) Eden: 17439K(17472K)->0K(17472K) From: 0K(2176K)->2175K(2176K)
[2026-06-17T10:05:03.837+0800][45.739s][info][gc,heap        ] GC(895) Tenured: 25043K(43712K)->29896K(43712K)
[2026-06-17T10:05:03.837+0800][45.740s][info][gc,metaspace   ] GC(895) Metaspace: 121K(320K)->121K(320K) NonClass: 114K(192K)->114K(192K) Class: 7K(128K)->7K(128K)
[2026-06-17T10:05:03.838+0800][45.740s][info][gc             ] GC(895) Pause Young (Allocation Failure) 41M->31M(61M) 2.000ms
[2026-06-17T10:05:03.838+0800][45.740s][info][gc,cpu         ] GC(895) User=0.00s Sys=0.00s Real=0.00s
[2026-06-17T10:05:03.880+0800][45.782s][info][gc,start       ] GC(896) Pause Young (Allocation Failure)
[2026-06-17T10:05:03.881+0800][45.783s][info][gc,heap        ] GC(896) DefNew: 19647K(19648K)->2170K(19648K) Eden: 17472K(17472K)->0K(17472K) From: 2175K(2176K)->2170K(2176K)
[2026-06-17T10:05:03.881+0800][45.783s][info][gc,heap        ] GC(896) Tenured: 29896K(43712K)->34932K(43712K)
[2026-06-17T10:05:03.881+0800][45.783s][info][gc,metaspace   ] GC(896) Metaspace: 121K(320K)->121K(320K) NonClass: 114K(192K)->114K(192K) Class: 7K(128K)->7K(128K)
[2026-06-17T10:05:03.881+0800][45.784s][info][gc             ] GC(896) Pause Young (Allocation Failure) 48M->36M(61M) 1.708ms
[2026-06-17T10:05:03.882+0800][45.784s][info][gc,cpu         ] GC(896) User=0.01s Sys=0.00s Real=0.00s
[2026-06-17T10:05:03.924+0800][45.826s][info][gc,start       ] GC(897) Pause Young (Allocation Failure)
[2026-06-17T10:05:03.924+0800][45.827s][info][gc,heap        ] GC(897) DefNew: 19446K(19648K)->2100K(19648K) Eden: 17276K(17472K)->0K(17472K) From: 2170K(2176K)->2100K(2176K)
[2026-06-17T10:05:03.925+0800][45.827s][info][gc,heap        ] GC(897) Tenured: 34932K(43712K)->36297K(43712K)
[2026-06-17T10:05:03.925+0800][45.827s][info][gc,metaspace   ] GC(897) Metaspace: 121K(320K)->121K(320K) NonClass: 114K(192K)->114K(192K) Class: 7K(128K)->7K(128K)
[2026-06-17T10:05:03.926+0800][45.828s][info][gc             ] GC(897) Pause Young (Allocation Failure) 53M->37M(61M) 2.180ms
[2026-06-17T10:05:03.926+0800][45.828s][info][gc,cpu         ] GC(897) User=0.00s Sys=0.00s Real=0.00s
[2026-06-17T10:05:03.979+0800][45.881s][info][gc,start       ] GC(898) Pause Full (Allocation Failure)
[2026-06-17T10:05:03.979+0800][45.881s][info][gc,phases,start] GC(898) Phase 1: Mark live objects
[2026-06-17T10:05:03.981+0800][45.883s][info][gc,phases      ] GC(898) Phase 1: Mark live objects 1.466ms
[2026-06-17T10:05:03.981+0800][45.883s][info][gc,phases,start] GC(898) Phase 2: Compute new object addresses
[2026-06-17T10:05:03.981+0800][45.884s][info][gc,phases      ] GC(898) Phase 2: Compute new object addresses 0.430ms
[2026-06-17T10:05:03.982+0800][45.884s][info][gc,phases,start] GC(898) Phase 3: Adjust pointers
[2026-06-17T10:05:03.982+0800][45.884s][info][gc,phases      ] GC(898) Phase 3: Adjust pointers 0.584ms
[2026-06-17T10:05:03.983+0800][45.885s][info][gc,phases,start] GC(898) Phase 4: Move objects
[2026-06-17T10:05:03.984+0800][45.887s][info][gc,phases      ] GC(898) Phase 4: Move objects 1.731ms
[2026-06-17T10:05:03.985+0800][45.887s][info][gc,heap        ] GC(898) DefNew: 19552K(19648K)->0K(19648K) Eden: 17451K(17472K)->0K(17472K) From: 2100K(2176K)->0K(2176K)
[2026-06-17T10:05:03.985+0800][45.887s][info][gc,heap        ] GC(898) Tenured: 36297K(43712K)->28782K(43712K)
[2026-06-17T10:05:03.985+0800][45.887s][info][gc,metaspace   ] GC(898) Metaspace: 121K(320K)->121K(320K) NonClass: 114K(192K)->114K(192K) Class: 7K(128K)->7K(128K)
[2026-06-17T10:05:03.986+0800][45.888s][info][gc             ] GC(898) Pause Full (Allocation Failure) 54M->28M(61M) 7.439ms
[2026-06-17T10:05:03.987+0800][45.889s][info][gc,cpu         ] GC(898) User=0.00s Sys=0.00s Real=0.01s
[2026-06-17T10:05:04.029+0800][45.931s][info][gc,start       ] GC(899) Pause Young (Allocation Failure)
[2026-06-17T10:05:04.031+0800][45.933s][info][gc,heap        ] GC(899) DefNew: 17454K(19648K)->2174K(19648K) Eden: 17454K(17472K)->0K(17472K) From: 0K(2176K)->2174K(2176K)
[2026-06-17T10:05:04.032+0800][45.934s][info][gc,heap        ] GC(899) Tenured: 28782K(43712K)->33539K(43712K)
[2026-06-17T10:05:04.032+0800][45.934s][info][gc,metaspace   ] GC(899) Metaspace: 121K(320K)->121K(320K) NonClass: 114K(192K)->114K(192K) Class: 7K(128K)->7K(128K)
[2026-06-17T10:05:04.032+0800][45.934s][info][gc             ] GC(899) Pause Young (Allocation Failure) 45M->34M(61M) 2.855ms
[2026-06-17T10:05:04.032+0800][45.934s][info][gc,cpu         ] GC(899) User=0.00s Sys=0.00s Real=0.01s
[2026-06-17T10:05:04.089+0800][45.991s][info][gc,start       ] GC(900) Pause Young (Allocation Failure)
[2026-06-17T10:05:04.090+0800][45.993s][info][gc,heap        ] GC(900) DefNew: 19614K(19648K)->2113K(19648K) Eden: 17439K(17472K)->0K(17472K) From: 2174K(2176K)->2113K(2176K)
[2026-06-17T10:05:04.091+0800][45.993s][info][gc,heap        ] GC(900) Tenured: 33539K(43712K)->38878K(43712K)
[2026-06-17T10:05:04.091+0800][45.993s][info][gc,metaspace   ] GC(900) Metaspace: 121K(320K)->121K(320K) NonClass: 114K(192K)->114K(192K) Class: 7K(128K)->7K(128K)
[2026-06-17T10:05:04.091+0800][45.993s][info][gc             ] GC(900) Pause Young (Allocation Failure) 51M->40M(61M) 2.050ms
[2026-06-17T10:05:04.091+0800][45.993s][info][gc,cpu         ] GC(900) User=0.00s Sys=0.00s Real=0.01s
[2026-06-17T10:05:04.133+0800][46.035s][info][gc,start       ] GC(901) Pause Full (Allocation Failure)
[2026-06-17T10:05:04.134+0800][46.036s][info][gc,phases,start] GC(901) Phase 1: Mark live objects
[2026-06-17T10:05:04.135+0800][46.038s][info][gc,phases      ] GC(901) Phase 1: Mark live objects 1.618ms
[2026-06-17T10:05:04.136+0800][46.038s][info][gc,phases,start] GC(901) Phase 2: Compute new object addresses
[2026-06-17T10:05:04.136+0800][46.039s][info][gc,phases      ] GC(901) Phase 2: Compute new object addresses 0.557ms
[2026-06-17T10:05:04.137+0800][46.039s][info][gc,phases,start] GC(901) Phase 3: Adjust pointers
[2026-06-17T10:05:04.137+0800][46.039s][info][gc,phases      ] GC(901) Phase 3: Adjust pointers 0.657ms
[2026-06-17T10:05:04.138+0800][46.040s][info][gc,phases,start] GC(901) Phase 4: Move objects
[2026-06-17T10:05:04.141+0800][46.043s][info][gc,phases      ] GC(901) Phase 4: Move objects 2.979ms
[2026-06-17T10:05:04.141+0800][46.043s][info][gc,heap        ] GC(901) DefNew: 19552K(19648K)->0K(19648K) Eden: 17439K(17472K)->0K(17472K) From: 2113K(2176K)->0K(2176K)
[2026-06-17T10:05:04.141+0800][46.043s][info][gc,heap        ] GC(901) Tenured: 38878K(43712K)->21941K(43712K)
[2026-06-17T10:05:04.141+0800][46.043s][info][gc,metaspace   ] GC(901) Metaspace: 121K(320K)->121K(320K) NonClass: 114K(192K)->114K(192K) Class: 7K(128K)->7K(128K)
[2026-06-17T10:05:04.141+0800][46.043s][info][gc             ] GC(901) Pause Full (Allocation Failure) 57M->21M(61M) 8.050ms
[2026-06-17T10:05:04.141+0800][46.044s][info][gc,cpu         ] GC(901) User=0.00s Sys=0.00s Real=0.00s
[2026-06-17T10:05:04.184+0800][46.086s][info][gc,start       ] GC(902) Pause Young (Allocation Failure)
[2026-06-17T10:05:04.185+0800][46.087s][info][gc,heap        ] GC(902) DefNew: 17347K(19648K)->2099K(19648K) Eden: 17347K(17472K)->0K(17472K) From: 0K(2176K)->2099K(2176K)
[2026-06-17T10:05:04.185+0800][46.088s][info][gc,heap        ] GC(902) Tenured: 21941K(43712K)->23074K(43712K)
[2026-06-17T10:05:04.186+0800][46.088s][info][gc,metaspace   ] GC(902) Metaspace: 121K(320K)->121K(320K) NonClass: 114K(192K)->114K(192K) Class: 7K(128K)->7K(128K)
[2026-06-17T10:05:04.186+0800][46.089s][info][gc             ] GC(902) Pause Young (Allocation Failure) 38M->24M(61M) 2.725ms
[2026-06-17T10:05:04.187+0800][46.089s][info][gc,cpu         ] GC(902) User=0.00s Sys=0.00s Real=0.00s
[2026-06-17T10:05:04.229+0800][46.131s][info][gc,start       ] GC(903) Pause Young (Allocation Failure)
[2026-06-17T10:05:04.231+0800][46.133s][info][gc,heap        ] GC(903) DefNew: 19571K(19648K)->2166K(19648K) Eden: 17472K(17472K)->0K(17472K) From: 2099K(2176K)->2166K(2176K)
[2026-06-17T10:05:04.231+0800][46.134s][info][gc,heap        ] GC(903) Tenured: 23074K(43712K)->29675K(43712K)
[2026-06-17T10:05:04.232+0800][46.134s][info][gc,metaspace   ] GC(903) Metaspace: 121K(320K)->121K(320K) NonClass: 114K(192K)->114K(192K) Class: 7K(128K)->7K(128K)
[2026-06-17T10:05:04.232+0800][46.135s][info][gc             ] GC(903) Pause Young (Allocation Failure) 41M->31M(61M) 3.183ms
[2026-06-17T10:05:04.233+0800][46.135s][info][gc,cpu         ] GC(903) User=0.00s Sys=0.00s Real=0.01s
[2026-06-17T10:05:04.276+0800][46.178s][info][gc,start       ] GC(904) Pause Young (Allocation Failure)
[2026-06-17T10:05:04.277+0800][46.179s][info][gc,heap        ] GC(904) DefNew: 19638K(19648K)->2172K(19648K) Eden: 17472K(17472K)->0K(17472K) From: 2166K(2176K)->2172K(2176K)
[2026-06-17T10:05:04.278+0800][46.180s][info][gc,heap        ] GC(904) Tenured: 29675K(43712K)->33843K(43712K)
[2026-06-17T10:05:04.279+0800][46.181s][info][gc,metaspace   ] GC(904) Metaspace: 121K(320K)->121K(320K) NonClass: 114K(192K)->114K(192K) Class: 7K(128K)->7K(128K)
[2026-06-17T10:05:04.280+0800][46.182s][info][gc             ] GC(904) Pause Young (Allocation Failure) 48M->35M(61M) 3.684ms
[2026-06-17T10:05:04.280+0800][46.182s][info][gc,cpu         ] GC(904) User=0.00s Sys=0.00s Real=0.00s
[2026-06-17T10:05:04.323+0800][46.225s][info][gc,start       ] GC(905) Pause Young (Allocation Failure)
[2026-06-17T10:05:04.324+0800][46.226s][info][gc,heap        ] GC(905) DefNew: 19493K(19648K)->1943K(19648K) Eden: 17320K(17472K)->0K(17472K) From: 2172K(2176K)->1943K(2176K)
[2026-06-17T10:05:04.324+0800][46.226s][info][gc,heap        ] GC(905) Tenured: 33843K(43712K)->34950K(43712K)
[2026-06-17T10:05:04.324+0800][46.226s][info][gc,metaspace   ] GC(905) Metaspace: 121K(320K)->121K(320K) NonClass: 114K(192K)->114K(192K) Class: 7K(128K)->7K(128K)
[2026-06-17T10:05:04.325+0800][46.227s][info][gc             ] GC(905) Pause Young (Allocation Failure) 52M->36M(61M) 2.051ms
[2026-06-17T10:05:04.325+0800][46.227s][info][gc,cpu         ] GC(905) User=0.00s Sys=0.00s Real=0.00s
[2026-06-17T10:05:04.378+0800][46.280s][info][gc,start       ] GC(906) Pause Young (Allocation Failure)
[2026-06-17T10:05:04.378+0800][46.281s][info][gc,heap        ] GC(906) DefNew: 19409K(19648K)->2083K(19648K) Eden: 17466K(17472K)->0K(17472K) From: 1943K(2176K)->2083K(2176K)
[2026-06-17T10:05:04.379+0800][46.281s][info][gc,heap        ] GC(906) Tenured: 34950K(43712K)->38371K(43712K)
[2026-06-17T10:05:04.379+0800][46.281s][info][gc,metaspace   ] GC(906) Metaspace: 121K(320K)->121K(320K) NonClass: 114K(192K)->114K(192K) Class: 7K(128K)->7K(128K)
[2026-06-17T10:05:04.379+0800][46.281s][info][gc             ] GC(906) Pause Young (Allocation Failure) 53M->39M(61M) 1.392ms
[2026-06-17T10:05:04.379+0800][46.281s][info][gc,cpu         ] GC(906) User=0.01s Sys=0.00s Real=0.00s
[2026-06-17T10:05:04.421+0800][46.324s][info][gc,start       ] GC(907) Pause Full (Allocation Failure)
[2026-06-17T10:05:04.422+0800][46.324s][info][gc,phases,start] GC(907) Phase 1: Mark live objects
[2026-06-17T10:05:04.423+0800][46.325s][info][gc,phases      ] GC(907) Phase 1: Mark live objects 0.937ms
[2026-06-17T10:05:04.423+0800][46.325s][info][gc,phases,start] GC(907) Phase 2: Compute new object addresses
[2026-06-17T10:05:04.423+0800][46.325s][info][gc,phases      ] GC(907) Phase 2: Compute new object addresses 0.445ms
[2026-06-17T10:05:04.423+0800][46.326s][info][gc,phases,start] GC(907) Phase 3: Adjust pointers
[2026-06-17T10:05:04.424+0800][46.326s][info][gc,phases      ] GC(907) Phase 3: Adjust pointers 0.436ms
[2026-06-17T10:05:04.424+0800][46.326s][info][gc,phases,start] GC(907) Phase 4: Move objects
[2026-06-17T10:05:04.426+0800][46.328s][info][gc,phases      ] GC(907) Phase 4: Move objects 2.097ms
[2026-06-17T10:05:04.426+0800][46.329s][info][gc,heap        ] GC(907) DefNew: 19555K(19648K)->0K(19648K) Eden: 17472K(17472K)->0K(17472K) From: 2083K(2176K)->0K(2176K)
[2026-06-17T10:05:04.427+0800][46.329s][info][gc,heap        ] GC(907) Tenured: 38371K(43712K)->30005K(43712K)
[2026-06-17T10:05:04.427+0800][46.329s][info][gc,metaspace   ] GC(907) Metaspace: 121K(320K)->121K(320K) NonClass: 114K(192K)->114K(192K) Class: 7K(128K)->7K(128K)
[2026-06-17T10:05:04.427+0800][46.329s][info][gc             ] GC(907) Pause Full (Allocation Failure) 56M->29M(61M) 5.400ms
[2026-06-17T10:05:04.427+0800][46.329s][info][gc,cpu         ] GC(907) User=0.00s Sys=0.00s Real=0.01s
[2026-06-17T10:05:04.469+0800][46.371s][info][gc,start       ] GC(908) Pause Young (Allocation Failure)
[2026-06-17T10:05:04.470+0800][46.372s][info][gc,heap        ] GC(908) DefNew: 17428K(19648K)->2170K(19648K) Eden: 17428K(17472K)->0K(17472K) From: 0K(2176K)->2170K(2176K)
[2026-06-17T10:05:04.471+0800][46.373s][info][gc,heap        ] GC(908) Tenured: 30005K(43712K)->34677K(43712K)
[2026-06-17T10:05:04.471+0800][46.373s][info][gc,metaspace   ] GC(908) Metaspace: 121K(320K)->121K(320K) NonClass: 114K(192K)->114K(192K) Class: 7K(128K)->7K(128K)
[2026-06-17T10:05:04.472+0800][46.374s][info][gc             ] GC(908) Pause Young (Allocation Failure) 46M->35M(61M) 2.937ms
[2026-06-17T10:05:04.472+0800][46.374s][info][gc,cpu         ] GC(908) User=0.00s Sys=0.00s Real=0.01s
[2026-06-17T10:05:04.514+0800][46.416s][info][gc,start       ] GC(909) Pause Young (Allocation Failure)
[2026-06-17T10:05:04.515+0800][46.418s][info][gc,heap        ] GC(909) DefNew: 19632K(19648K)->2168K(19648K) Eden: 17461K(17472K)->0K(17472K) From: 2170K(2176K)->2168K(2176K)
[2026-06-17T10:05:04.516+0800][46.418s][info][gc,heap        ] GC(909) Tenured: 34677K(43712K)->38774K(43712K)
[2026-06-17T10:05:04.516+0800][46.418s][info][gc,metaspace   ] GC(909) Metaspace: 121K(320K)->121K(320K) NonClass: 114K(192K)->114K(192K) Class: 7K(128K)->7K(128K)
[2026-06-17T10:05:04.516+0800][46.419s][info][gc             ] GC(909) Pause Young (Allocation Failure) 53M->39M(61M) 2.277ms
[2026-06-17T10:05:04.517+0800][46.419s][info][gc,cpu         ] GC(909) User=0.01s Sys=0.00s Real=0.00s
[2026-06-17T10:05:04.559+0800][46.461s][info][gc,start       ] GC(910) Pause Full (Allocation Failure)
[2026-06-17T10:05:04.560+0800][46.462s][info][gc,phases,start] GC(910) Phase 1: Mark live objects
[2026-06-17T10:05:04.561+0800][46.463s][info][gc,phases      ] GC(910) Phase 1: Mark live objects 1.200ms
[2026-06-17T10:05:04.561+0800][46.463s][info][gc,phases,start] GC(910) Phase 2: Compute new object addresses
[2026-06-17T10:05:04.562+0800][46.464s][info][gc,phases      ] GC(910) Phase 2: Compute new object addresses 0.674ms
[2026-06-17T10:05:04.562+0800][46.465s][info][gc,phases,start] GC(910) Phase 3: Adjust pointers
[2026-06-17T10:05:04.563+0800][46.465s][info][gc,phases      ] GC(910) Phase 3: Adjust pointers 0.653ms
[2026-06-17T10:05:04.563+0800][46.465s][info][gc,phases,start] GC(910) Phase 4: Move objects
[2026-06-17T10:05:04.566+0800][46.468s][info][gc,phases      ] GC(910) Phase 4: Move objects 2.322ms
[2026-06-17T10:05:04.566+0800][46.468s][info][gc,heap        ] GC(910) DefNew: 19545K(19648K)->0K(19648K) Eden: 17376K(17472K)->0K(17472K) From: 2168K(2176K)->0K(2176K)
[2026-06-17T10:05:04.566+0800][46.468s][info][gc,heap        ] GC(910) Tenured: 38774K(43712K)->27369K(43712K)
[2026-06-17T10:05:04.567+0800][46.469s][info][gc,metaspace   ] GC(910) Metaspace: 121K(320K)->121K(320K) NonClass: 114K(192K)->114K(192K) Class: 7K(128K)->7K(128K)
[2026-06-17T10:05:04.567+0800][46.470s][info][gc             ] GC(910) Pause Full (Allocation Failure) 56M->26M(61M) 8.519ms
[2026-06-17T10:05:04.568+0800][46.470s][info][gc,cpu         ] GC(910) User=0.00s Sys=0.00s Real=0.01s
[2026-06-17T10:05:04.621+0800][46.523s][info][gc,start       ] GC(911) Pause Young (Allocation Failure)
[2026-06-17T10:05:04.622+0800][46.524s][info][gc,heap        ] GC(911) DefNew: 17447K(19648K)->2170K(19648K) Eden: 17447K(17472K)->0K(17472K) From: 0K(2176K)->2170K(2176K)
[2026-06-17T10:05:04.622+0800][46.524s][info][gc,heap        ] GC(911) Tenured: 27369K(43712K)->28718K(43712K)
[2026-06-17T10:05:04.622+0800][46.525s][info][gc,metaspace   ] GC(911) Metaspace: 121K(320K)->121K(320K) NonClass: 114K(192K)->114K(192K) Class: 7K(128K)->7K(128K)
[2026-06-17T10:05:04.623+0800][46.525s][info][gc             ] GC(911) Pause Young (Allocation Failure) 43M->30M(61M) 2.198ms
[2026-06-17T10:05:04.623+0800][46.525s][info][gc,cpu         ] GC(911) User=0.00s Sys=0.00s Real=0.01s
[2026-06-17T10:05:04.665+0800][46.567s][info][gc,start       ] GC(912) Pause Young (Allocation Failure)
[2026-06-17T10:05:04.666+0800][46.569s][info][gc,heap        ] GC(912) DefNew: 19607K(19648K)->2128K(19648K) Eden: 17436K(17472K)->0K(17472K) From: 2170K(2176K)->2128K(2176K)
[2026-06-17T10:05:04.667+0800][46.569s][info][gc,heap        ] GC(912) Tenured: 28718K(43712K)->32149K(43712K)
[2026-06-17T10:05:04.667+0800][46.569s][info][gc,metaspace   ] GC(912) Metaspace: 121K(320K)->121K(320K) NonClass: 114K(192K)->114K(192K) Class: 7K(128K)->7K(128K)
[2026-06-17T10:05:04.667+0800][46.569s][info][gc             ] GC(912) Pause Young (Allocation Failure) 47M->33M(61M) 1.876ms
[2026-06-17T10:05:04.667+0800][46.569s][info][gc,cpu         ] GC(912) User=0.00s Sys=0.00s Real=0.00s
[2026-06-17T10:05:04.710+0800][46.612s][info][gc,start       ] GC(913) Pause Young (Allocation Failure)
[2026-06-17T10:05:04.711+0800][46.613s][info][gc,heap        ] GC(913) DefNew: 19598K(19648K)->2134K(19648K) Eden: 17470K(17472K)->0K(17472K) From: 2128K(2176K)->2134K(2176K)
[2026-06-17T10:05:04.711+0800][46.613s][info][gc,heap        ] GC(913) Tenured: 32149K(43712K)->35736K(43712K)
[2026-06-17T10:05:04.711+0800][46.613s][info][gc,metaspace   ] GC(913) Metaspace: 121K(320K)->121K(320K) NonClass: 114K(192K)->114K(192K) Class: 7K(128K)->7K(128K)
[2026-06-17T10:05:04.711+0800][46.613s][info][gc             ] GC(913) Pause Young (Allocation Failure) 50M->36M(61M) 1.440ms
[2026-06-17T10:05:04.711+0800][46.613s][info][gc,cpu         ] GC(913) User=0.00s Sys=0.00s Real=0.01s
[2026-06-17T10:05:04.753+0800][46.655s][info][gc,start       ] GC(914) Pause Young (Allocation Failure)
[2026-06-17T10:05:04.755+0800][46.657s][info][gc,heap        ] GC(914) DefNew: 19593K(19648K)->2170K(19648K) Eden: 17459K(17472K)->0K(17472K) From: 2134K(2176K)->2170K(2176K)
[2026-06-17T10:05:04.756+0800][46.659s][info][gc,heap        ] GC(914) Tenured: 35736K(43712K)->39093K(43712K)
[2026-06-17T10:05:04.759+0800][46.661s][info][gc,metaspace   ] GC(914) Metaspace: 121K(320K)->121K(320K) NonClass: 114K(192K)->114K(192K) Class: 7K(128K)->7K(128K)
[2026-06-17T10:05:04.762+0800][46.664s][info][gc             ] GC(914) Pause Young (Allocation Failure) 54M->40M(61M) 8.977ms
[2026-06-17T10:05:04.764+0800][46.666s][info][gc,cpu         ] GC(914) User=0.00s Sys=0.00s Real=0.01s
[2026-06-17T10:05:04.808+0800][46.710s][info][gc,start       ] GC(915) Pause Full (Allocation Failure)
[2026-06-17T10:05:04.810+0800][46.712s][info][gc,phases,start] GC(915) Phase 1: Mark live objects
[2026-06-17T10:05:04.812+0800][46.714s][info][gc,phases      ] GC(915) Phase 1: Mark live objects 2.000ms
[2026-06-17T10:05:04.812+0800][46.714s][info][gc,phases,start] GC(915) Phase 2: Compute new object addresses
[2026-06-17T10:05:04.815+0800][46.717s][info][gc,phases      ] GC(915) Phase 2: Compute new object addresses 2.409ms
[2026-06-17T10:05:04.817+0800][46.719s][info][gc,phases,start] GC(915) Phase 3: Adjust pointers
[2026-06-17T10:05:04.818+0800][46.720s][info][gc,phases      ] GC(915) Phase 3: Adjust pointers 1.435ms
[2026-06-17T10:05:04.820+0800][46.722s][info][gc,phases,start] GC(915) Phase 4: Move objects
[2026-06-17T10:05:04.822+0800][46.725s][info][gc,phases      ] GC(915) Phase 4: Move objects 2.521ms
[2026-06-17T10:05:04.824+0800][46.726s][info][gc,heap        ] GC(915) DefNew: 19351K(19648K)->0K(19648K) Eden: 17180K(17472K)->0K(17472K) From: 2170K(2176K)->0K(2176K)
[2026-06-17T10:05:04.827+0800][46.729s][info][gc,heap        ] GC(915) Tenured: 39093K(43712K)->31101K(43712K)
[2026-06-17T10:05:04.827+0800][46.730s][info][gc,metaspace   ] GC(915) Metaspace: 121K(320K)->121K(320K) NonClass: 114K(192K)->114K(192K) Class: 7K(128K)->7K(128K)
[2026-06-17T10:05:04.828+0800][46.730s][info][gc             ] GC(915) Pause Full (Allocation Failure) 57M->30M(61M) 19.826ms
[2026-06-17T10:05:04.828+0800][46.730s][info][gc,cpu         ] GC(915) User=0.01s Sys=0.00s Real=0.02s
[2026-06-17T10:05:04.880+0800][46.782s][info][gc,start       ] GC(916) Pause Young (Allocation Failure)
[2026-06-17T10:05:04.884+0800][46.786s][info][gc,heap        ] GC(916) DefNew: 17472K(19648K)->2087K(19648K) Eden: 17472K(17472K)->0K(17472K) From: 0K(2176K)->2087K(2176K)
[2026-06-17T10:05:04.885+0800][46.787s][info][gc,heap        ] GC(916) Tenured: 31101K(43712K)->32777K(43712K)
[2026-06-17T10:05:04.886+0800][46.788s][info][gc,metaspace   ] GC(916) Metaspace: 121K(320K)->121K(320K) NonClass: 114K(192K)->114K(192K) Class: 7K(128K)->7K(128K)
[2026-06-17T10:05:04.886+0800][46.788s][info][gc             ] GC(916) Pause Young (Allocation Failure) 47M->34M(61M) 5.801ms
[2026-06-17T10:05:04.886+0800][46.789s][info][gc,cpu         ] GC(916) User=0.00s Sys=0.00s Real=0.01s
[2026-06-17T10:05:04.928+0800][46.831s][info][gc,start       ] GC(917) Pause Young (Allocation Failure)
[2026-06-17T10:05:04.930+0800][46.832s][info][gc,heap        ] GC(917) DefNew: 19542K(19648K)->2133K(19648K) Eden: 17455K(17472K)->0K(17472K) From: 2087K(2176K)->2133K(2176K)
[2026-06-17T10:05:04.930+0800][46.832s][info][gc,heap        ] GC(917) Tenured: 32777K(43712K)->36149K(43712K)
[2026-06-17T10:05:04.930+0800][46.832s][info][gc,metaspace   ] GC(917) Metaspace: 121K(320K)->121K(320K) NonClass: 114K(192K)->114K(192K) Class: 7K(128K)->7K(128K)
[2026-06-17T10:05:04.931+0800][46.833s][info][gc             ] GC(917) Pause Young (Allocation Failure) 51M->37M(61M) 2.151ms
[2026-06-17T10:05:04.931+0800][46.833s][info][gc,cpu         ] GC(917) User=0.00s Sys=0.00s Real=0.01s
[2026-06-17T10:05:04.973+0800][46.876s][info][gc,start       ] GC(918) Pause Young (Allocation Failure)
[2026-06-17T10:05:04.975+0800][46.877s][info][gc,heap        ] GC(918) DefNew: 19596K(19648K)->2135K(19648K) Eden: 17463K(17472K)->0K(17472K) From: 2133K(2176K)->2135K(2176K)
[2026-06-17T10:05:04.975+0800][46.877s][info][gc,heap        ] GC(918) Tenured: 36149K(43712K)->39232K(43712K)
[2026-06-17T10:05:04.975+0800][46.878s][info][gc,metaspace   ] GC(918) Metaspace: 121K(320K)->121K(320K) NonClass: 114K(192K)->114K(192K) Class: 7K(128K)->7K(128K)
[2026-06-17T10:05:04.976+0800][46.878s][info][gc             ] GC(918) Pause Young (Allocation Failure) 54M->40M(61M) 2.656ms
[2026-06-17T10:05:04.977+0800][46.879s][info][gc,cpu         ] GC(918) User=0.00s Sys=0.00s Real=0.00s
[2026-06-17T10:05:05.019+0800][46.921s][info][gc,start       ] GC(919) Pause Full (Allocation Failure)
[2026-06-17T10:05:05.020+0800][46.922s][info][gc,phases,start] GC(919) Phase 1: Mark live objects
[2026-06-17T10:05:05.021+0800][46.923s][info][gc,phases      ] GC(919) Phase 1: Mark live objects 0.989ms
[2026-06-17T10:05:05.021+0800][46.923s][info][gc,phases,start] GC(919) Phase 2: Compute new object addresses
[2026-06-17T10:05:05.022+0800][46.924s][info][gc,phases      ] GC(919) Phase 2: Compute new object addresses 1.221ms
[2026-06-17T10:05:05.023+0800][46.925s][info][gc,phases,start] GC(919) Phase 3: Adjust pointers
[2026-06-17T10:05:05.023+0800][46.925s][info][gc,phases      ] GC(919) Phase 3: Adjust pointers 0.616ms
[2026-06-17T10:05:05.024+0800][46.926s][info][gc,phases,start] GC(919) Phase 4: Move objects
[2026-06-17T10:05:05.026+0800][46.928s][info][gc,phases      ] GC(919) Phase 4: Move objects 2.120ms
[2026-06-17T10:05:05.026+0800][46.929s][info][gc,heap        ] GC(919) DefNew: 19606K(19648K)->0K(19648K) Eden: 17470K(17472K)->0K(17472K) From: 2135K(2176K)->0K(2176K)
[2026-06-17T10:05:05.027+0800][46.929s][info][gc,heap        ] GC(919) Tenured: 39232K(43712K)->20137K(43712K)
[2026-06-17T10:05:05.027+0800][46.929s][info][gc,metaspace   ] GC(919) Metaspace: 121K(320K)->121K(320K) NonClass: 114K(192K)->114K(192K) Class: 7K(128K)->7K(128K)
[2026-06-17T10:05:05.028+0800][46.930s][info][gc             ] GC(919) Pause Full (Allocation Failure) 57M->19M(61M) 8.701ms
[2026-06-17T10:05:05.028+0800][46.930s][info][gc,cpu         ] GC(919) User=0.01s Sys=0.00s Real=0.01s
[2026-06-17T10:05:05.071+0800][46.973s][info][gc,start       ] GC(920) Pause Young (Allocation Failure)
[2026-06-17T10:05:05.072+0800][46.974s][info][gc,heap        ] GC(920) DefNew: 17445K(19648K)->2173K(19648K) Eden: 17445K(17472K)->0K(17472K) From: 0K(2176K)->2173K(2176K)
[2026-06-17T10:05:05.073+0800][46.975s][info][gc,heap        ] GC(920) Tenured: 20137K(43712K)->25025K(43712K)
[2026-06-17T10:05:05.075+0800][46.977s][info][gc,metaspace   ] GC(920) Metaspace: 121K(320K)->121K(320K) NonClass: 114K(192K)->114K(192K) Class: 7K(128K)->7K(128K)
[2026-06-17T10:05:05.077+0800][46.979s][info][gc             ] GC(920) Pause Young (Allocation Failure) 36M->26M(61M) 6.600ms
[2026-06-17T10:05:05.078+0800][46.981s][info][gc,cpu         ] GC(920) User=0.00s Sys=0.00s Real=0.00s
[2026-06-17T10:05:05.121+0800][47.023s][info][gc,start       ] GC(921) Pause Young (Allocation Failure)
[2026-06-17T10:05:05.123+0800][47.025s][info][gc,heap        ] GC(921) DefNew: 19645K(19648K)->2077K(19648K) Eden: 17472K(17472K)->0K(17472K) From: 2173K(2176K)->2077K(2176K)
[2026-06-17T10:05:05.123+0800][47.025s][info][gc,heap        ] GC(921) Tenured: 25025K(43712K)->30300K(43712K)
[2026-06-17T10:05:05.123+0800][47.025s][info][gc,metaspace   ] GC(921) Metaspace: 121K(320K)->121K(320K) NonClass: 114K(192K)->114K(192K) Class: 7K(128K)->7K(128K)
[2026-06-17T10:05:05.124+0800][47.026s][info][gc             ] GC(921) Pause Young (Allocation Failure) 43M->31M(61M) 2.321ms
[2026-06-17T10:05:05.124+0800][47.026s][info][gc,cpu         ] GC(921) User=0.00s Sys=0.00s Real=0.01s
[2026-06-17T10:05:05.166+0800][47.068s][info][gc,start       ] GC(922) Pause Young (Allocation Failure)
[2026-06-17T10:05:05.167+0800][47.070s][info][gc,heap        ] GC(922) DefNew: 19519K(19648K)->2173K(19648K) Eden: 17441K(17472K)->0K(17472K) From: 2077K(2176K)->2173K(2176K)
[2026-06-17T10:05:05.168+0800][47.070s][info][gc,heap        ] GC(922) Tenured: 30300K(43712K)->33531K(43712K)
[2026-06-17T10:05:05.168+0800][47.070s][info][gc,metaspace   ] GC(922) Metaspace: 121K(320K)->121K(320K) NonClass: 114K(192K)->114K(192K) Class: 7K(128K)->7K(128K)
[2026-06-17T10:05:05.168+0800][47.071s][info][gc             ] GC(922) Pause Young (Allocation Failure) 48M->34M(61M) 2.276ms
[2026-06-17T10:05:05.169+0800][47.071s][info][gc,cpu         ] GC(922) User=0.00s Sys=0.00s Real=0.00s
[2026-06-17T10:05:05.211+0800][47.113s][info][gc,start       ] GC(923) Pause Young (Allocation Failure)
[2026-06-17T10:05:05.212+0800][47.115s][info][gc,heap        ] GC(923) DefNew: 19642K(19648K)->2175K(19648K) Eden: 17469K(17472K)->0K(17472K) From: 2173K(2176K)->2175K(2176K)
[2026-06-17T10:05:05.213+0800][47.115s][info][gc,heap        ] GC(923) Tenured: 33531K(43712K)->37960K(43712K)
[2026-06-17T10:05:05.213+0800][47.115s][info][gc,metaspace   ] GC(923) Metaspace: 121K(320K)->121K(320K) NonClass: 114K(192K)->114K(192K) Class: 7K(128K)->7K(128K)
[2026-06-17T10:05:05.213+0800][47.116s][info][gc             ] GC(923) Pause Young (Allocation Failure) 51M->39M(61M) 2.392ms
[2026-06-17T10:05:05.214+0800][47.116s][info][gc,cpu         ] GC(923) User=0.00s Sys=0.00s Real=0.00s
[2026-06-17T10:05:05.256+0800][47.158s][info][gc,start       ] GC(924) Pause Full (Allocation Failure)
[2026-06-17T10:05:05.257+0800][47.159s][info][gc,phases,start] GC(924) Phase 1: Mark live objects
[2026-06-17T10:05:05.257+0800][47.160s][info][gc,phases      ] GC(924) Phase 1: Mark live objects 0.917ms
[2026-06-17T10:05:05.258+0800][47.160s][info][gc,phases,start] GC(924) Phase 2: Compute new object addresses
[2026-06-17T10:05:05.258+0800][47.161s][info][gc,phases      ] GC(924) Phase 2: Compute new object addresses 0.635ms
[2026-06-17T10:05:05.259+0800][47.161s][info][gc,phases,start] GC(924) Phase 3: Adjust pointers
[2026-06-17T10:05:05.259+0800][47.161s][info][gc,phases      ] GC(924) Phase 3: Adjust pointers 0.571ms
[2026-06-17T10:05:05.259+0800][47.162s][info][gc,phases,start] GC(924) Phase 4: Move objects
[2026-06-17T10:05:05.262+0800][47.164s][info][gc,phases      ] GC(924) Phase 4: Move objects 2.628ms
[2026-06-17T10:05:05.263+0800][47.165s][info][gc,heap        ] GC(924) DefNew: 19640K(19648K)->0K(19648K) Eden: 17464K(17472K)->0K(17472K) From: 2175K(2176K)->0K(2176K)
[2026-06-17T10:05:05.263+0800][47.165s][info][gc,heap        ] GC(924) Tenured: 37960K(43712K)->27639K(43712K)
[2026-06-17T10:05:05.263+0800][47.165s][info][gc,metaspace   ] GC(924) Metaspace: 121K(320K)->121K(320K) NonClass: 114K(192K)->114K(192K) Class: 7K(128K)->7K(128K)
[2026-06-17T10:05:05.263+0800][47.165s][info][gc             ] GC(924) Pause Full (Allocation Failure) 56M->26M(61M) 7.179ms
[2026-06-17T10:05:05.263+0800][47.166s][info][gc,cpu         ] GC(924) User=0.00s Sys=0.00s Real=0.01s
[2026-06-17T10:05:05.316+0800][47.218s][info][gc,start       ] GC(925) Pause Young (Allocation Failure)
[2026-06-17T10:05:05.325+0800][47.228s][info][gc,heap        ] GC(925) DefNew: 17437K(19648K)->2172K(19648K) Eden: 17437K(17472K)->0K(17472K) From: 0K(2176K)->2172K(2176K)
[2026-06-17T10:05:05.326+0800][47.228s][info][gc,heap        ] GC(925) Tenured: 27639K(43712K)->29442K(43712K)
[2026-06-17T10:05:05.326+0800][47.228s][info][gc,metaspace   ] GC(925) Metaspace: 121K(320K)->121K(320K) NonClass: 114K(192K)->114K(192K) Class: 7K(128K)->7K(128K)
[2026-06-17T10:05:05.326+0800][47.228s][info][gc             ] GC(925) Pause Young (Allocation Failure) 44M->30M(61M) 10.356ms
[2026-06-17T10:05:05.326+0800][47.229s][info][gc,cpu         ] GC(925) User=0.00s Sys=0.00s Real=0.01s
[2026-06-17T10:05:05.374+0800][47.276s][info][gc,start       ] GC(926) Pause Young (Allocation Failure)
[2026-06-17T10:05:05.375+0800][47.277s][info][gc,heap        ] GC(926) DefNew: 19644K(19648K)->2152K(19648K) Eden: 17472K(17472K)->0K(17472K) From: 2172K(2176K)->2152K(2176K)
[2026-06-17T10:05:05.375+0800][47.277s][info][gc,heap        ] GC(926) Tenured: 29442K(43712K)->33086K(43712K)
[2026-06-17T10:05:05.375+0800][47.277s][info][gc,metaspace   ] GC(926) Metaspace: 121K(320K)->121K(320K) NonClass: 114K(192K)->114K(192K) Class: 7K(128K)->7K(128K)
[2026-06-17T10:05:05.375+0800][47.278s][info][gc             ] GC(926) Pause Young (Allocation Failure) 47M->34M(61M) 1.647ms
[2026-06-17T10:05:05.375+0800][47.278s][info][gc,cpu         ] GC(926) User=0.00s Sys=0.00s Real=0.00s
[2026-06-17T10:05:05.418+0800][47.320s][info][gc,start       ] GC(927) Pause Young (Allocation Failure)
[2026-06-17T10:05:05.419+0800][47.321s][info][gc,heap        ] GC(927) DefNew: 19622K(19648K)->2175K(19648K) Eden: 17470K(17472K)->0K(17472K) From: 2152K(2176K)->2175K(2176K)
[2026-06-17T10:05:05.419+0800][47.321s][info][gc,heap        ] GC(927) Tenured: 33086K(43712K)->36698K(43712K)
[2026-06-17T10:05:05.420+0800][47.322s][info][gc,metaspace   ] GC(927) Metaspace: 121K(320K)->121K(320K) NonClass: 114K(192K)->114K(192K) Class: 7K(128K)->7K(128K)
[2026-06-17T10:05:05.421+0800][47.323s][info][gc             ] GC(927) Pause Young (Allocation Failure) 51M->37M(61M) 2.994ms
[2026-06-17T10:05:05.421+0800][47.323s][info][gc,cpu         ] GC(927) User=0.00s Sys=0.00s Real=0.00s
[2026-06-17T10:05:05.463+0800][47.365s][info][gc,start       ] GC(928) Pause Young (Allocation Failure)
[2026-06-17T10:05:05.464+0800][47.366s][info][gc,heap        ] GC(928) DefNew: 19582K(19648K)->2157K(19648K) Eden: 17407K(17472K)->0K(17472K) From: 2175K(2176K)->2157K(2176K)
[2026-06-17T10:05:05.464+0800][47.367s][info][gc,heap        ] GC(928) Tenured: 36698K(43712K)->38661K(43712K)
[2026-06-17T10:05:05.465+0800][47.367s][info][gc,metaspace   ] GC(928) Metaspace: 121K(320K)->121K(320K) NonClass: 114K(192K)->114K(192K) Class: 7K(128K)->7K(128K)
[2026-06-17T10:05:05.465+0800][47.367s][info][gc             ] GC(928) Pause Young (Allocation Failure) 54M->39M(61M) 1.599ms
[2026-06-17T10:05:05.465+0800][47.367s][info][gc,cpu         ] GC(928) User=0.00s Sys=0.00s Real=0.00s
[2026-06-17T10:05:05.518+0800][47.420s][info][gc,start       ] GC(929) Pause Full (Allocation Failure)
[2026-06-17T10:05:05.518+0800][47.421s][info][gc,phases,start] GC(929) Phase 1: Mark live objects
[2026-06-17T10:05:05.519+0800][47.422s][info][gc,phases      ] GC(929) Phase 1: Mark live objects 1.061ms
[2026-06-17T10:05:05.520+0800][47.422s][info][gc,phases,start] GC(929) Phase 2: Compute new object addresses
[2026-06-17T10:05:05.520+0800][47.422s][info][gc,phases      ] GC(929) Phase 2: Compute new object addresses 0.470ms
[2026-06-17T10:05:05.520+0800][47.423s][info][gc,phases,start] GC(929) Phase 3: Adjust pointers
[2026-06-17T10:05:05.521+0800][47.423s][info][gc,phases      ] GC(929) Phase 3: Adjust pointers 0.571ms
[2026-06-17T10:05:05.521+0800][47.423s][info][gc,phases,start] GC(929) Phase 4: Move objects
[2026-06-17T10:05:05.524+0800][47.426s][info][gc,phases      ] GC(929) Phase 4: Move objects 2.503ms
[2026-06-17T10:05:05.524+0800][47.426s][info][gc,heap        ] GC(929) DefNew: 19629K(19648K)->0K(19648K) Eden: 17472K(17472K)->0K(17472K) From: 2157K(2176K)->0K(2176K)
[2026-06-17T10:05:05.525+0800][47.427s][info][gc,heap        ] GC(929) Tenured: 38661K(43712K)->32154K(43712K)
[2026-06-17T10:05:05.525+0800][47.427s][info][gc,metaspace   ] GC(929) Metaspace: 121K(320K)->121K(320K) NonClass: 114K(192K)->114K(192K) Class: 7K(128K)->7K(128K)
[2026-06-17T10:05:05.525+0800][47.427s][info][gc             ] GC(929) Pause Full (Allocation Failure) 56M->31M(61M) 7.183ms
[2026-06-17T10:05:05.525+0800][47.428s][info][gc,cpu         ] GC(929) User=0.00s Sys=0.00s Real=0.01s
[2026-06-17T10:05:05.568+0800][47.470s][info][gc,start       ] GC(930) Pause Young (Allocation Failure)
[2026-06-17T10:05:05.569+0800][47.471s][info][gc,heap        ] GC(930) DefNew: 17459K(19648K)->2175K(19648K) Eden: 17459K(17472K)->0K(17472K) From: 0K(2176K)->2175K(2176K)
[2026-06-17T10:05:05.569+0800][47.471s][info][gc,heap        ] GC(930) Tenured: 32154K(43712K)->36878K(43712K)
[2026-06-17T10:05:05.572+0800][47.474s][info][gc,metaspace   ] GC(930) Metaspace: 121K(320K)->121K(320K) NonClass: 114K(192K)->114K(192K) Class: 7K(128K)->7K(128K)
[2026-06-17T10:05:05.574+0800][47.476s][info][gc             ] GC(930) Pause Young (Allocation Failure) 48M->38M(61M) 6.439ms
[2026-06-17T10:05:05.574+0800][47.476s][info][gc,cpu         ] GC(930) User=0.00s Sys=0.00s Real=0.01s
[2026-06-17T10:05:05.617+0800][47.519s][info][gc,start       ] GC(931) Pause Young (Allocation Failure)
[2026-06-17T10:05:05.618+0800][47.520s][info][gc,heap        ] GC(931) DefNew: 19640K(19648K)->2169K(19648K) Eden: 17465K(17472K)->0K(17472K) From: 2175K(2176K)->2169K(2176K)
[2026-06-17T10:05:05.619+0800][47.521s][info][gc,heap        ] GC(931) Tenured: 36878K(43712K)->43490K(43712K)
[2026-06-17T10:05:05.619+0800][47.521s][info][gc,metaspace   ] GC(931) Metaspace: 121K(320K)->121K(320K) NonClass: 114K(192K)->114K(192K) Class: 7K(128K)->7K(128K)
[2026-06-17T10:05:05.620+0800][47.522s][info][gc             ] GC(931) Pause Young (Allocation Failure) 55M->44M(61M) 2.863ms
[2026-06-17T10:05:05.620+0800][47.523s][info][gc,cpu         ] GC(931) User=0.00s Sys=0.00s Real=0.00s
[2026-06-17T10:05:05.663+0800][47.565s][info][gc,start       ] GC(932) Pause Full (Allocation Failure)
[2026-06-17T10:05:05.664+0800][47.566s][info][gc,phases,start] GC(932) Phase 1: Mark live objects
[2026-06-17T10:05:05.665+0800][47.567s][info][gc,phases      ] GC(932) Phase 1: Mark live objects 1.701ms
[2026-06-17T10:05:05.666+0800][47.568s][info][gc,phases,start] GC(932) Phase 2: Compute new object addresses
[2026-06-17T10:05:05.666+0800][47.569s][info][gc,phases      ] GC(932) Phase 2: Compute new object addresses 0.831ms
[2026-06-17T10:05:05.667+0800][47.569s][info][gc,phases,start] GC(932) Phase 3: Adjust pointers
[2026-06-17T10:05:05.668+0800][47.570s][info][gc,phases      ] GC(932) Phase 3: Adjust pointers 0.694ms
[2026-06-17T10:05:05.668+0800][47.570s][info][gc,phases,start] GC(932) Phase 4: Move objects
[2026-06-17T10:05:05.671+0800][47.573s][info][gc,phases      ] GC(932) Phase 4: Move objects 2.734ms
[2026-06-17T10:05:05.671+0800][47.573s][info][gc,heap        ] GC(932) DefNew: 19627K(19648K)->0K(19648K) Eden: 17457K(17472K)->0K(17472K) From: 2169K(2176K)->0K(2176K)
[2026-06-17T10:05:05.672+0800][47.574s][info][gc,heap        ] GC(932) Tenured: 43490K(43712K)->32896K(43712K)
[2026-06-17T10:05:05.672+0800][47.574s][info][gc,metaspace   ] GC(932) Metaspace: 121K(320K)->121K(320K) NonClass: 114K(192K)->114K(192K) Class: 7K(128K)->7K(128K)
[2026-06-17T10:05:05.672+0800][47.574s][info][gc             ] GC(932) Pause Full (Allocation Failure) 61M->32M(61M) 9.318ms
[2026-06-17T10:05:05.673+0800][47.575s][info][gc,cpu         ] GC(932) User=0.00s Sys=0.00s Real=0.01s
[2026-06-17T10:05:05.715+0800][47.617s][info][gc,start       ] GC(933) Pause Young (Allocation Failure)
[2026-06-17T10:05:05.717+0800][47.619s][info][gc,heap        ] GC(933) DefNew: 17458K(19648K)->2172K(19648K) Eden: 17458K(17472K)->0K(17472K) From: 0K(2176K)->2172K(2176K)
[2026-06-17T10:05:05.718+0800][47.620s][info][gc,heap        ] GC(933) Tenured: 32896K(43712K)->37712K(43712K)
[2026-06-17T10:05:05.718+0800][47.620s][info][gc,metaspace   ] GC(933) Metaspace: 121K(320K)->121K(320K) NonClass: 114K(192K)->114K(192K) Class: 7K(128K)->7K(128K)
[2026-06-17T10:05:05.719+0800][47.621s][info][gc             ] GC(933) Pause Young (Allocation Failure) 49M->38M(61M) 4.362ms
[2026-06-17T10:05:05.720+0800][47.622s][info][gc,cpu         ] GC(933) User=0.00s Sys=0.00s Real=0.00s
[2026-06-17T10:05:05.762+0800][47.664s][info][gc,start       ] GC(934) Pause Full (Allocation Failure)
[2026-06-17T10:05:05.763+0800][47.665s][info][gc,phases,start] GC(934) Phase 1: Mark live objects
[2026-06-17T10:05:05.764+0800][47.666s][info][gc,phases      ] GC(934) Phase 1: Mark live objects 1.226ms
[2026-06-17T10:05:05.765+0800][47.667s][info][gc,phases,start] GC(934) Phase 2: Compute new object addresses
[2026-06-17T10:05:05.765+0800][47.667s][info][gc,phases      ] GC(934) Phase 2: Compute new object addresses 0.659ms
[2026-06-17T10:05:05.766+0800][47.668s][info][gc,phases,start] GC(934) Phase 3: Adjust pointers
[2026-06-17T10:05:05.766+0800][47.668s][info][gc,phases      ] GC(934) Phase 3: Adjust pointers 0.650ms
[2026-06-17T10:05:05.767+0800][47.669s][info][gc,phases,start] GC(934) Phase 4: Move objects
[2026-06-17T10:05:05.769+0800][47.671s][info][gc,phases      ] GC(934) Phase 4: Move objects 2.249ms
[2026-06-17T10:05:05.769+0800][47.671s][info][gc,heap        ] GC(934) DefNew: 19644K(19648K)->0K(19648K) Eden: 17472K(17472K)->0K(17472K) From: 2172K(2176K)->0K(2176K)
[2026-06-17T10:05:05.770+0800][47.672s][info][gc,heap        ] GC(934) Tenured: 37712K(43712K)->31513K(43712K)
[2026-06-17T10:05:05.770+0800][47.672s][info][gc,metaspace   ] GC(934) Metaspace: 121K(320K)->121K(320K) NonClass: 114K(192K)->114K(192K) Class: 7K(128K)->7K(128K)
[2026-06-17T10:05:05.770+0800][47.672s][info][gc             ] GC(934) Pause Full (Allocation Failure) 56M->30M(61M) 7.722ms
[2026-06-17T10:05:05.770+0800][47.673s][info][gc,cpu         ] GC(934) User=0.01s Sys=0.01s Real=0.01s
[2026-06-17T10:05:05.812+0800][47.715s][info][gc,start       ] GC(935) Pause Young (Allocation Failure)
[2026-06-17T10:05:05.813+0800][47.715s][info][gc,heap        ] GC(935) DefNew: 17137K(19648K)->2055K(19648K) Eden: 17137K(17472K)->0K(17472K) From: 0K(2176K)->2055K(2176K)
[2026-06-17T10:05:05.813+0800][47.716s][info][gc,heap        ] GC(935) Tenured: 31513K(43712K)->32198K(43712K)
[2026-06-17T10:05:05.814+0800][47.716s][info][gc,metaspace   ] GC(935) Metaspace: 121K(320K)->121K(320K) NonClass: 114K(192K)->114K(192K) Class: 7K(128K)->7K(128K)
[2026-06-17T10:05:05.814+0800][47.716s][info][gc             ] GC(935) Pause Young (Allocation Failure) 47M->33M(61M) 1.230ms
[2026-06-17T10:05:05.814+0800][47.716s][info][gc,cpu         ] GC(935) User=0.00s Sys=0.00s Real=0.00s
[2026-06-17T10:05:05.856+0800][47.758s][info][gc,start       ] GC(936) Pause Young (Allocation Failure)
[2026-06-17T10:05:05.857+0800][47.759s][info][gc,heap        ] GC(936) DefNew: 19259K(19648K)->2129K(19648K) Eden: 17204K(17472K)->0K(17472K) From: 2055K(2176K)->2129K(2176K)
[2026-06-17T10:05:05.857+0800][47.759s][info][gc,heap        ] GC(936) Tenured: 32198K(43712K)->35521K(43712K)
[2026-06-17T10:05:05.857+0800][47.759s][info][gc,metaspace   ] GC(936) Metaspace: 121K(320K)->121K(320K) NonClass: 114K(192K)->114K(192K) Class: 7K(128K)->7K(128K)
[2026-06-17T10:05:05.857+0800][47.759s][info][gc             ] GC(936) Pause Young (Allocation Failure) 50M->36M(61M) 1.485ms
[2026-06-17T10:05:05.857+0800][47.759s][info][gc,cpu         ] GC(936) User=0.00s Sys=0.00s Real=0.00s
[2026-06-17T10:05:05.899+0800][47.801s][info][gc,start       ] GC(937) Pause Young (Allocation Failure)
[2026-06-17T10:05:05.900+0800][47.803s][info][gc,heap        ] GC(937) DefNew: 19601K(19648K)->2170K(19648K) Eden: 17472K(17472K)->0K(17472K) From: 2129K(2176K)->2170K(2176K)
[2026-06-17T10:05:05.901+0800][47.803s][info][gc,heap        ] GC(937) Tenured: 35521K(43712K)->42300K(43712K)
[2026-06-17T10:05:05.901+0800][47.803s][info][gc,metaspace   ] GC(937) Metaspace: 121K(320K)->121K(320K) NonClass: 114K(192K)->114K(192K) Class: 7K(128K)->7K(128K)
[2026-06-17T10:05:05.901+0800][47.804s][info][gc             ] GC(937) Pause Young (Allocation Failure) 53M->43M(61M) 2.265ms
[2026-06-17T10:05:05.902+0800][47.804s][info][gc,cpu         ] GC(937) User=0.00s Sys=0.00s Real=0.00s
[2026-06-17T10:05:05.954+0800][47.856s][info][gc,start       ] GC(938) Pause Full (Allocation Failure)
[2026-06-17T10:05:05.954+0800][47.856s][info][gc,phases,start] GC(938) Phase 1: Mark live objects
[2026-06-17T10:05:05.955+0800][47.857s][info][gc,phases      ] GC(938) Phase 1: Mark live objects 0.873ms
[2026-06-17T10:05:05.956+0800][47.858s][info][gc,phases,start] GC(938) Phase 2: Compute new object addresses
[2026-06-17T10:05:05.956+0800][47.858s][info][gc,phases      ] GC(938) Phase 2: Compute new object addresses 0.576ms
[2026-06-17T10:05:05.957+0800][47.859s][info][gc,phases,start] GC(938) Phase 3: Adjust pointers
[2026-06-17T10:05:05.957+0800][47.859s][info][gc,phases      ] GC(938) Phase 3: Adjust pointers 0.711ms
[2026-06-17T10:05:05.958+0800][47.860s][info][gc,phases,start] GC(938) Phase 4: Move objects
[2026-06-17T10:05:05.960+0800][47.862s][info][gc,phases      ] GC(938) Phase 4: Move objects 2.012ms
[2026-06-17T10:05:05.960+0800][47.862s][info][gc,heap        ] GC(938) DefNew: 19611K(19648K)->0K(19648K) Eden: 17441K(17472K)->0K(17472K) From: 2170K(2176K)->0K(2176K)
[2026-06-17T10:05:05.960+0800][47.862s][info][gc,heap        ] GC(938) Tenured: 42300K(43712K)->27346K(43712K)
[2026-06-17T10:05:05.960+0800][47.863s][info][gc,metaspace   ] GC(938) Metaspace: 121K(320K)->121K(320K) NonClass: 114K(192K)->114K(192K) Class: 7K(128K)->7K(128K)
[2026-06-17T10:05:05.961+0800][47.863s][info][gc             ] GC(938) Pause Full (Allocation Failure) 60M->26M(61M) 6.734ms
[2026-06-17T10:05:05.961+0800][47.863s][info][gc,cpu         ] GC(938) User=0.00s Sys=0.00s Real=0.00s
[2026-06-17T10:05:05.993+0800][47.895s][info][gc,start       ] GC(939) Pause Young (Allocation Failure)
[2026-06-17T10:05:05.994+0800][47.896s][info][gc,heap        ] GC(939) DefNew: 17422K(19648K)->2170K(19648K) Eden: 17422K(17472K)->0K(17472K) From: 0K(2176K)->2170K(2176K)
[2026-06-17T10:05:05.994+0800][47.896s][info][gc,heap        ] GC(939) Tenured: 27346K(43712K)->31927K(43712K)
[2026-06-17T10:05:05.994+0800][47.896s][info][gc,metaspace   ] GC(939) Metaspace: 121K(320K)->121K(320K) NonClass: 114K(192K)->114K(192K) Class: 7K(128K)->7K(128K)
[2026-06-17T10:05:05.995+0800][47.897s][info][gc             ] GC(939) Pause Young (Allocation Failure) 43M->33M(61M) 1.875ms
[2026-06-17T10:05:05.995+0800][47.897s][info][gc,cpu         ] GC(939) User=0.00s Sys=0.00s Real=0.00s
[2026-06-17T10:05:06.047+0800][47.949s][info][gc,start       ] GC(940) Pause Young (Allocation Failure)
[2026-06-17T10:05:06.048+0800][47.950s][info][gc,heap        ] GC(940) DefNew: 19642K(19648K)->2103K(19648K) Eden: 17472K(17472K)->0K(17472K) From: 2170K(2176K)->2103K(2176K)
[2026-06-17T10:05:06.048+0800][47.951s][info][gc,heap        ] GC(940) Tenured: 31927K(43712K)->35294K(43712K)
[2026-06-17T10:05:06.049+0800][47.951s][info][gc,metaspace   ] GC(940) Metaspace: 121K(320K)->121K(320K) NonClass: 114K(192K)->114K(192K) Class: 7K(128K)->7K(128K)
[2026-06-17T10:05:06.049+0800][47.951s][info][gc             ] GC(940) Pause Young (Allocation Failure) 50M->36M(61M) 1.838ms
[2026-06-17T10:05:06.049+0800][47.951s][info][gc,cpu         ] GC(940) User=0.00s Sys=0.00s Real=0.00s
[2026-06-17T10:05:06.091+0800][47.993s][info][gc,start       ] GC(941) Pause Young (Allocation Failure)
[2026-06-17T10:05:06.092+0800][47.994s][info][gc,heap        ] GC(941) DefNew: 19549K(19648K)->2152K(19648K) Eden: 17445K(17472K)->0K(17472K) From: 2103K(2176K)->2152K(2176K)
[2026-06-17T10:05:06.092+0800][47.994s][info][gc,heap        ] GC(941) Tenured: 35294K(43712K)->39398K(43712K)
[2026-06-17T10:05:06.092+0800][47.995s][info][gc,metaspace   ] GC(941) Metaspace: 121K(320K)->121K(320K) NonClass: 114K(192K)->114K(192K) Class: 7K(128K)->7K(128K)
[2026-06-17T10:05:06.093+0800][47.995s][info][gc             ] GC(941) Pause Young (Allocation Failure) 53M->40M(61M) 1.676ms
[2026-06-17T10:05:06.093+0800][47.995s][info][gc,cpu         ] GC(941) User=0.00s Sys=0.00s Real=0.00s
[2026-06-17T10:05:06.135+0800][48.037s][info][gc,start       ] GC(942) Pause Full (Allocation Failure)
[2026-06-17T10:05:06.135+0800][48.037s][info][gc,phases,start] GC(942) Phase 1: Mark live objects
[2026-06-17T10:05:06.136+0800][48.038s][info][gc,phases      ] GC(942) Phase 1: Mark live objects 0.960ms
[2026-06-17T10:05:06.136+0800][48.039s][info][gc,phases,start] GC(942) Phase 2: Compute new object addresses
[2026-06-17T10:05:06.137+0800][48.039s][info][gc,phases      ] GC(942) Phase 2: Compute new object addresses 0.427ms
[2026-06-17T10:05:06.137+0800][48.039s][info][gc,phases,start] GC(942) Phase 3: Adjust pointers
[2026-06-17T10:05:06.138+0800][48.040s][info][gc,phases      ] GC(942) Phase 3: Adjust pointers 0.551ms
[2026-06-17T10:05:06.138+0800][48.040s][info][gc,phases,start] GC(942) Phase 4: Move objects
[2026-06-17T10:05:06.140+0800][48.042s][info][gc,phases      ] GC(942) Phase 4: Move objects 2.394ms
[2026-06-17T10:05:06.141+0800][48.043s][info][gc,heap        ] GC(942) DefNew: 19610K(19648K)->0K(19648K) Eden: 17457K(17472K)->0K(17472K) From: 2152K(2176K)->0K(2176K)
[2026-06-17T10:05:06.141+0800][48.043s][info][gc,heap        ] GC(942) Tenured: 39398K(43712K)->25334K(43712K)
[2026-06-17T10:05:06.141+0800][48.043s][info][gc,metaspace   ] GC(942) Metaspace: 121K(320K)->121K(320K) NonClass: 114K(192K)->114K(192K) Class: 7K(128K)->7K(128K)
[2026-06-17T10:05:06.141+0800][48.043s][info][gc             ] GC(942) Pause Full (Allocation Failure) 57M->24M(61M) 6.521ms
[2026-06-17T10:05:06.141+0800][48.044s][info][gc,cpu         ] GC(942) User=0.00s Sys=0.00s Real=0.00s
[2026-06-17T10:05:06.183+0800][48.085s][info][gc,start       ] GC(943) Pause Young (Allocation Failure)
[2026-06-17T10:05:06.184+0800][48.087s][info][gc,heap        ] GC(943) DefNew: 17472K(19648K)->2173K(19648K) Eden: 17472K(17472K)->0K(17472K) From: 0K(2176K)->2173K(2176K)
[2026-06-17T10:05:06.185+0800][48.087s][info][gc,heap        ] GC(943) Tenured: 25334K(43712K)->30107K(43712K)
[2026-06-17T10:05:06.185+0800][48.087s][info][gc,metaspace   ] GC(943) Metaspace: 121K(320K)->121K(320K) NonClass: 114K(192K)->114K(192K) Class: 7K(128K)->7K(128K)
[2026-06-17T10:05:06.185+0800][48.087s][info][gc             ] GC(943) Pause Young (Allocation Failure) 41M->31M(61M) 1.657ms
[2026-06-17T10:05:06.185+0800][48.087s][info][gc,cpu         ] GC(943) User=0.00s Sys=0.00s Real=0.00s
[2026-06-17T10:05:06.227+0800][48.130s][info][gc,start       ] GC(944) Pause Young (Allocation Failure)
[2026-06-17T10:05:06.229+0800][48.131s][info][gc,heap        ] GC(944) DefNew: 19645K(19648K)->2171K(19648K) Eden: 17472K(17472K)->0K(17472K) From: 2173K(2176K)->2171K(2176K)
[2026-06-17T10:05:06.229+0800][48.132s][info][gc,heap        ] GC(944) Tenured: 30107K(43712K)->36137K(43712K)
[2026-06-17T10:05:06.230+0800][48.132s][info][gc,metaspace   ] GC(944) Metaspace: 121K(320K)->121K(320K) NonClass: 114K(192K)->114K(192K) Class: 7K(128K)->7K(128K)
[2026-06-17T10:05:06.230+0800][48.132s][info][gc             ] GC(944) Pause Young (Allocation Failure) 48M->37M(61M) 2.448ms
[2026-06-17T10:05:06.230+0800][48.132s][info][gc,cpu         ] GC(944) User=0.00s Sys=0.00s Real=0.00s
[2026-06-17T10:05:06.272+0800][48.174s][info][gc,start       ] GC(945) Pause Full (Allocation Failure)
[2026-06-17T10:05:06.273+0800][48.175s][info][gc,phases,start] GC(945) Phase 1: Mark live objects
[2026-06-17T10:05:06.274+0800][48.176s][info][gc,phases      ] GC(945) Phase 1: Mark live objects 0.968ms
[2026-06-17T10:05:06.274+0800][48.176s][info][gc,phases,start] GC(945) Phase 2: Compute new object addresses
[2026-06-17T10:05:06.274+0800][48.177s][info][gc,phases      ] GC(945) Phase 2: Compute new object addresses 0.442ms
[2026-06-17T10:05:06.275+0800][48.177s][info][gc,phases,start] GC(945) Phase 3: Adjust pointers
[2026-06-17T10:05:06.275+0800][48.177s][info][gc,phases      ] GC(945) Phase 3: Adjust pointers 0.568ms
[2026-06-17T10:05:06.275+0800][48.178s][info][gc,phases,start] GC(945) Phase 4: Move objects
[2026-06-17T10:05:06.277+0800][48.180s][info][gc,phases      ] GC(945) Phase 4: Move objects 1.934ms
[2026-06-17T10:05:06.278+0800][48.180s][info][gc,heap        ] GC(945) DefNew: 19635K(19648K)->0K(19648K) Eden: 17463K(17472K)->0K(17472K) From: 2171K(2176K)->0K(2176K)
[2026-06-17T10:05:06.278+0800][48.180s][info][gc,heap        ] GC(945) Tenured: 36137K(43712K)->25714K(43712K)
[2026-06-17T10:05:06.278+0800][48.180s][info][gc,metaspace   ] GC(945) Metaspace: 121K(320K)->121K(320K) NonClass: 114K(192K)->114K(192K) Class: 7K(128K)->7K(128K)
[2026-06-17T10:05:06.278+0800][48.181s][info][gc             ] GC(945) Pause Full (Allocation Failure) 54M->25M(61M) 6.236ms
[2026-06-17T10:05:06.279+0800][48.181s][info][gc,cpu         ] GC(945) User=0.00s Sys=0.00s Real=0.00s
[2026-06-17T10:05:06.331+0800][48.233s][info][gc,start       ] GC(946) Pause Young (Allocation Failure)
[2026-06-17T10:05:06.332+0800][48.234s][info][gc,heap        ] GC(946) DefNew: 17472K(19648K)->2113K(19648K) Eden: 17472K(17472K)->0K(17472K) From: 0K(2176K)->2113K(2176K)
[2026-06-17T10:05:06.332+0800][48.234s][info][gc,heap        ] GC(946) Tenured: 25714K(43712K)->26727K(43712K)
[2026-06-17T10:05:06.332+0800][48.234s][info][gc,metaspace   ] GC(946) Metaspace: 121K(320K)->121K(320K) NonClass: 114K(192K)->114K(192K) Class: 7K(128K)->7K(128K)
[2026-06-17T10:05:06.332+0800][48.234s][info][gc             ] GC(946) Pause Young (Allocation Failure) 42M->28M(61M) 1.560ms
[2026-06-17T10:05:06.333+0800][48.235s][info][gc,cpu         ] GC(946) User=0.00s Sys=0.00s Real=0.00s
[2026-06-17T10:05:06.374+0800][48.277s][info][gc,start       ] GC(947) Pause Young (Allocation Failure)
[2026-06-17T10:05:06.378+0800][48.280s][info][gc,heap        ] GC(947) DefNew: 19585K(19648K)->2103K(19648K) Eden: 17472K(17472K)->0K(17472K) From: 2113K(2176K)->2103K(2176K)
[2026-06-17T10:05:06.382+0800][48.284s][info][gc,heap        ] GC(947) Tenured: 26727K(43712K)->30417K(43712K)
[2026-06-17T10:05:06.384+0800][48.286s][info][gc,metaspace   ] GC(947) Metaspace: 121K(320K)->121K(320K) NonClass: 114K(192K)->114K(192K) Class: 7K(128K)->7K(128K)
[2026-06-17T10:05:06.386+0800][48.288s][info][gc             ] GC(947) Pause Young (Allocation Failure) 45M->31M(61M) 11.121ms
[2026-06-17T10:05:06.387+0800][48.289s][info][gc,cpu         ] GC(947) User=0.00s Sys=0.00s Real=0.01s
[2026-06-17T10:05:06.431+0800][48.333s][info][gc,start       ] GC(948) Pause Young (Allocation Failure)
[2026-06-17T10:05:06.432+0800][48.334s][info][gc,heap        ] GC(948) DefNew: 19553K(19648K)->2170K(19648K) Eden: 17449K(17472K)->0K(17472K) From: 2103K(2176K)->2170K(2176K)
[2026-06-17T10:05:06.432+0800][48.334s][info][gc,heap        ] GC(948) Tenured: 30417K(43712K)->34384K(43712K)
[2026-06-17T10:05:06.432+0800][48.334s][info][gc,metaspace   ] GC(948) Metaspace: 121K(320K)->121K(320K) NonClass: 114K(192K)->114K(192K) Class: 7K(128K)->7K(128K)
[2026-06-17T10:05:06.432+0800][48.335s][info][gc             ] GC(948) Pause Young (Allocation Failure) 48M->35M(61M) 1.569ms
[2026-06-17T10:05:06.432+0800][48.335s][info][gc,cpu         ] GC(948) User=0.00s Sys=0.00s Real=0.00s
[2026-06-17T10:05:06.475+0800][48.377s][info][gc,start       ] GC(949) Pause Young (Allocation Failure)
[2026-06-17T10:05:06.476+0800][48.378s][info][gc,heap        ] GC(949) DefNew: 19635K(19648K)->2175K(19648K) Eden: 17464K(17472K)->0K(17472K) From: 2170K(2176K)->2175K(2176K)
[2026-06-17T10:05:06.476+0800][48.378s][info][gc,heap        ] GC(949) Tenured: 34384K(43712K)->38560K(43712K)
[2026-06-17T10:05:06.476+0800][48.379s][info][gc,metaspace   ] GC(949) Metaspace: 121K(320K)->121K(320K) NonClass: 114K(192K)->114K(192K) Class: 7K(128K)->7K(128K)
[2026-06-17T10:05:06.477+0800][48.379s][info][gc             ] GC(949) Pause Young (Allocation Failure) 52M->39M(61M) 2.071ms
[2026-06-17T10:05:06.477+0800][48.379s][info][gc,cpu         ] GC(949) User=0.00s Sys=0.00s Real=0.00s
[2026-06-17T10:05:06.519+0800][48.421s][info][gc,start       ] GC(950) Pause Full (Allocation Failure)
[2026-06-17T10:05:06.520+0800][48.422s][info][gc,phases,start] GC(950) Phase 1: Mark live objects
[2026-06-17T10:05:06.521+0800][48.423s][info][gc,phases      ] GC(950) Phase 1: Mark live objects 1.035ms
[2026-06-17T10:05:06.521+0800][48.423s][info][gc,phases,start] GC(950) Phase 2: Compute new object addresses
[2026-06-17T10:05:06.522+0800][48.424s][info][gc,phases      ] GC(950) Phase 2: Compute new object addresses 0.698ms
[2026-06-17T10:05:06.522+0800][48.424s][info][gc,phases,start] GC(950) Phase 3: Adjust pointers
[2026-06-17T10:05:06.522+0800][48.425s][info][gc,phases      ] GC(950) Phase 3: Adjust pointers 0.496ms
[2026-06-17T10:05:06.523+0800][48.425s][info][gc,phases,start] GC(950) Phase 4: Move objects
[2026-06-17T10:05:06.525+0800][48.427s][info][gc,phases      ] GC(950) Phase 4: Move objects 2.080ms
[2026-06-17T10:05:06.525+0800][48.428s][info][gc,heap        ] GC(950) DefNew: 19633K(19648K)->0K(19648K) Eden: 17457K(17472K)->0K(17472K) From: 2175K(2176K)->0K(2176K)
[2026-06-17T10:05:06.526+0800][48.428s][info][gc,heap        ] GC(950) Tenured: 38560K(43712K)->30202K(43712K)
[2026-06-17T10:05:06.526+0800][48.428s][info][gc,metaspace   ] GC(950) Metaspace: 121K(320K)->121K(320K) NonClass: 114K(192K)->114K(192K) Class: 7K(128K)->7K(128K)
[2026-06-17T10:05:06.526+0800][48.428s][info][gc             ] GC(950) Pause Full (Allocation Failure) 56M->29M(61M) 6.947ms
[2026-06-17T10:05:06.526+0800][48.428s][info][gc,cpu         ] GC(950) User=0.00s Sys=0.00s Real=0.01s
[2026-06-17T10:05:06.578+0800][48.481s][info][gc,start       ] GC(951) Pause Young (Allocation Failure)
[2026-06-17T10:05:06.579+0800][48.481s][info][gc,heap        ] GC(951) DefNew: 17438K(19648K)->2084K(19648K) Eden: 17438K(17472K)->0K(17472K) From: 0K(2176K)->2084K(2176K)
[2026-06-17T10:05:06.580+0800][48.482s][info][gc,heap        ] GC(951) Tenured: 30202K(43712K)->31913K(43712K)
[2026-06-17T10:05:06.580+0800][48.482s][info][gc,metaspace   ] GC(951) Metaspace: 121K(320K)->121K(320K) NonClass: 114K(192K)->114K(192K) Class: 7K(128K)->7K(128K)
[2026-06-17T10:05:06.580+0800][48.483s][info][gc             ] GC(951) Pause Young (Allocation Failure) 46M->33M(61M) 1.982ms
[2026-06-17T10:05:06.581+0800][48.483s][info][gc,cpu         ] GC(951) User=0.01s Sys=0.00s Real=0.00s
[2026-06-17T10:05:06.623+0800][48.525s][info][gc,start       ] GC(952) Pause Young (Allocation Failure)
[2026-06-17T10:05:06.624+0800][48.526s][info][gc,heap        ] GC(952) DefNew: 19554K(19648K)->2165K(19648K) Eden: 17470K(17472K)->0K(17472K) From: 2084K(2176K)->2165K(2176K)
[2026-06-17T10:05:06.624+0800][48.526s][info][gc,heap        ] GC(952) Tenured: 31913K(43712K)->35460K(43712K)
[2026-06-17T10:05:06.624+0800][48.526s][info][gc,metaspace   ] GC(952) Metaspace: 121K(320K)->121K(320K) NonClass: 114K(192K)->114K(192K) Class: 7K(128K)->7K(128K)
[2026-06-17T10:05:06.624+0800][48.526s][info][gc             ] GC(952) Pause Young (Allocation Failure) 50M->36M(61M) 1.738ms
[2026-06-17T10:05:06.624+0800][48.527s][info][gc,cpu         ] GC(952) User=0.00s Sys=0.00s Real=0.00s
[2026-06-17T10:05:06.666+0800][48.568s][info][gc,start       ] GC(953) Pause Young (Allocation Failure)
[2026-06-17T10:05:06.667+0800][48.569s][info][gc,heap        ] GC(953) DefNew: 19637K(19648K)->2168K(19648K) Eden: 17472K(17472K)->0K(17472K) From: 2165K(2176K)->2168K(2176K)
[2026-06-17T10:05:06.668+0800][48.570s][info][gc,heap        ] GC(953) Tenured: 35460K(43712K)->39103K(43712K)
[2026-06-17T10:05:06.668+0800][48.570s][info][gc,metaspace   ] GC(953) Metaspace: 121K(320K)->121K(320K) NonClass: 114K(192K)->114K(192K) Class: 7K(128K)->7K(128K)
[2026-06-17T10:05:06.668+0800][48.570s][info][gc             ] GC(953) Pause Young (Allocation Failure) 53M->40M(61M) 1.608ms
[2026-06-17T10:05:06.668+0800][48.570s][info][gc,cpu         ] GC(953) User=0.00s Sys=0.00s Real=0.00s
[2026-06-17T10:05:06.710+0800][48.612s][info][gc,start       ] GC(954) Pause Full (Allocation Failure)
[2026-06-17T10:05:06.711+0800][48.613s][info][gc,phases,start] GC(954) Phase 1: Mark live objects
[2026-06-17T10:05:06.711+0800][48.614s][info][gc,phases      ] GC(954) Phase 1: Mark live objects 0.844ms
[2026-06-17T10:05:06.712+0800][48.614s][info][gc,phases,start] GC(954) Phase 2: Compute new object addresses
[2026-06-17T10:05:06.712+0800][48.614s][info][gc,phases      ] GC(954) Phase 2: Compute new object addresses 0.450ms
[2026-06-17T10:05:06.712+0800][48.615s][info][gc,phases,start] GC(954) Phase 3: Adjust pointers
[2026-06-17T10:05:06.713+0800][48.615s][info][gc,phases      ] GC(954) Phase 3: Adjust pointers 0.612ms
[2026-06-17T10:05:06.713+0800][48.615s][info][gc,phases,start] GC(954) Phase 4: Move objects
[2026-06-17T10:05:06.715+0800][48.618s][info][gc,phases      ] GC(954) Phase 4: Move objects 2.151ms
[2026-06-17T10:05:06.716+0800][48.618s][info][gc,heap        ] GC(954) DefNew: 19516K(19648K)->0K(19648K) Eden: 17347K(17472K)->0K(17472K) From: 2168K(2176K)->0K(2176K)
[2026-06-17T10:05:06.716+0800][48.618s][info][gc,heap        ] GC(954) Tenured: 39103K(43712K)->28726K(43712K)
[2026-06-17T10:05:06.716+0800][48.619s][info][gc,metaspace   ] GC(954) Metaspace: 121K(320K)->121K(320K) NonClass: 114K(192K)->114K(192K) Class: 7K(128K)->7K(128K)
[2026-06-17T10:05:06.717+0800][48.619s][info][gc             ] GC(954) Pause Full (Allocation Failure) 57M->28M(61M) 6.382ms
[2026-06-17T10:05:06.717+0800][48.619s][info][gc,cpu         ] GC(954) User=0.00s Sys=0.00s Real=0.01s
[2026-06-17T10:05:06.769+0800][48.671s][info][gc,start       ] GC(955) Pause Young (Allocation Failure)
[2026-06-17T10:05:06.771+0800][48.673s][info][gc,heap        ] GC(955) DefNew: 17427K(19648K)->2170K(19648K) Eden: 17427K(17472K)->0K(17472K) From: 0K(2176K)->2170K(2176K)
[2026-06-17T10:05:06.772+0800][48.674s][info][gc,heap        ] GC(955) Tenured: 28726K(43712K)->30296K(43712K)
[2026-06-17T10:05:06.773+0800][48.675s][info][gc,metaspace   ] GC(955) Metaspace: 121K(320K)->121K(320K) NonClass: 114K(192K)->114K(192K) Class: 7K(128K)->7K(128K)
[2026-06-17T10:05:06.774+0800][48.676s][info][gc             ] GC(955) Pause Young (Allocation Failure) 45M->31M(61M) 5.053ms
[2026-06-17T10:05:06.774+0800][48.676s][info][gc,cpu         ] GC(955) User=0.00s Sys=0.00s Real=0.01s
[2026-06-17T10:05:06.816+0800][48.718s][info][gc,start       ] GC(956) Pause Young (Allocation Failure)
[2026-06-17T10:05:06.817+0800][48.720s][info][gc,heap        ] GC(956) DefNew: 19642K(19648K)->2167K(19648K) Eden: 17472K(17472K)->0K(17472K) From: 2170K(2176K)->2167K(2176K)
[2026-06-17T10:05:06.818+0800][48.720s][info][gc,heap        ] GC(956) Tenured: 30296K(43712K)->33734K(43712K)
[2026-06-17T10:05:06.818+0800][48.720s][info][gc,metaspace   ] GC(956) Metaspace: 121K(320K)->121K(320K) NonClass: 114K(192K)->114K(192K) Class: 7K(128K)->7K(128K)
[2026-06-17T10:05:06.818+0800][48.720s][info][gc             ] GC(956) Pause Young (Allocation Failure) 48M->35M(61M) 1.721ms
[2026-06-17T10:05:06.818+0800][48.720s][info][gc,cpu         ] GC(956) User=0.00s Sys=0.00s Real=0.00s
[2026-06-17T10:05:06.850+0800][48.752s][info][gc,start       ] GC(957) Pause Young (Allocation Failure)
[2026-06-17T10:05:06.865+0800][48.767s][info][gc,heap        ] GC(957) DefNew: 19335K(19648K)->2061K(19648K) Eden: 17168K(17472K)->0K(17472K) From: 2167K(2176K)->2061K(2176K)
[2026-06-17T10:05:06.883+0800][48.785s][info][gc,heap        ] GC(957) Tenured: 33734K(43712K)->36907K(43712K)
[2026-06-17T10:05:06.884+0800][48.786s][info][gc,metaspace   ] GC(957) Metaspace: 121K(320K)->121K(320K) NonClass: 114K(192K)->114K(192K) Class: 7K(128K)->7K(128K)
[2026-06-17T10:05:06.908+0800][48.810s][info][gc             ] GC(957) Pause Young (Allocation Failure) 51M->38M(61M) 57.747ms
[2026-06-17T10:05:06.921+0800][48.823s][info][gc,cpu         ] GC(957) User=0.00s Sys=0.00s Real=0.07s
[2026-06-17T10:05:06.984+0800][48.886s][info][gc,start       ] GC(958) Pause Young (Allocation Failure)
[2026-06-17T10:05:06.985+0800][48.887s][info][gc,heap        ] GC(958) DefNew: 19533K(19648K)->2120K(19648K) Eden: 17472K(17472K)->0K(17472K) From: 2061K(2176K)->2120K(2176K)
[2026-06-17T10:05:06.988+0800][48.890s][info][gc,heap        ] GC(958) Tenured: 36907K(43712K)->40600K(43712K)
[2026-06-17T10:05:06.989+0800][48.892s][info][gc,metaspace   ] GC(958) Metaspace: 121K(320K)->121K(320K) NonClass: 114K(192K)->114K(192K) Class: 7K(128K)->7K(128K)
[2026-06-17T10:05:06.990+0800][48.893s][info][gc             ] GC(958) Pause Young (Allocation Failure) 55M->41M(61M) 6.255ms
[2026-06-17T10:05:06.991+0800][48.893s][info][gc,cpu         ] GC(958) User=0.00s Sys=0.00s Real=0.01s
[2026-06-17T10:05:07.034+0800][48.936s][info][gc,start       ] GC(959) Pause Full (Allocation Failure)
[2026-06-17T10:05:07.036+0800][48.938s][info][gc,phases,start] GC(959) Phase 1: Mark live objects
[2026-06-17T10:05:07.037+0800][48.939s][info][gc,phases      ] GC(959) Phase 1: Mark live objects 1.662ms
[2026-06-17T10:05:07.039+0800][48.942s][info][gc,phases,start] GC(959) Phase 2: Compute new object addresses
[2026-06-17T10:05:07.041+0800][48.943s][info][gc,phases      ] GC(959) Phase 2: Compute new object addresses 1.553ms
[2026-06-17T10:05:07.041+0800][48.943s][info][gc,phases,start] GC(959) Phase 3: Adjust pointers
[2026-06-17T10:05:07.043+0800][48.946s][info][gc,phases      ] GC(959) Phase 3: Adjust pointers 2.099ms
[2026-06-17T10:05:07.045+0800][48.947s][info][gc,phases,start] GC(959) Phase 4: Move objects
[2026-06-17T10:05:07.048+0800][48.950s][info][gc,phases      ] GC(959) Phase 4: Move objects 3.023ms
[2026-06-17T10:05:07.050+0800][48.952s][info][gc,heap        ] GC(959) DefNew: 19591K(19648K)->0K(19648K) Eden: 17471K(17472K)->0K(17472K) From: 2120K(2176K)->0K(2176K)
[2026-06-17T10:05:07.052+0800][48.955s][info][gc,heap        ] GC(959) Tenured: 40600K(43712K)->30014K(43712K)
[2026-06-17T10:05:07.053+0800][48.955s][info][gc,metaspace   ] GC(959) Metaspace: 121K(320K)->121K(320K) NonClass: 114K(192K)->114K(192K) Class: 7K(128K)->7K(128K)
[2026-06-17T10:05:07.053+0800][48.955s][info][gc             ] GC(959) Pause Full (Allocation Failure) 58M->29M(61M) 19.406ms
[2026-06-17T10:05:07.053+0800][48.956s][info][gc,cpu         ] GC(959) User=0.00s Sys=0.00s Real=0.02s
[2026-06-17T10:05:07.096+0800][48.998s][info][gc,start       ] GC(960) Pause Young (Allocation Failure)
[2026-06-17T10:05:07.098+0800][49.000s][info][gc,heap        ] GC(960) DefNew: 17471K(19648K)->2173K(19648K) Eden: 17471K(17472K)->0K(17472K) From: 0K(2176K)->2173K(2176K)
[2026-06-17T10:05:07.099+0800][49.001s][info][gc,heap        ] GC(960) Tenured: 30014K(43712K)->34762K(43712K)
[2026-06-17T10:05:07.101+0800][49.003s][info][gc,metaspace   ] GC(960) Metaspace: 121K(320K)->121K(320K) NonClass: 114K(192K)->114K(192K) Class: 7K(128K)->7K(128K)
[2026-06-17T10:05:07.101+0800][49.004s][info][gc             ] GC(960) Pause Young (Allocation Failure) 46M->36M(61M) 5.706ms
[2026-06-17T10:05:07.102+0800][49.004s][info][gc,cpu         ] GC(960) User=0.00s Sys=0.00s Real=0.00s
[2026-06-17T10:05:07.145+0800][49.047s][info][gc,start       ] GC(961) Pause Young (Allocation Failure)
[2026-06-17T10:05:07.148+0800][49.050s][info][gc,heap        ] GC(961) DefNew: 19639K(19648K)->2173K(19648K) Eden: 17466K(17472K)->0K(17472K) From: 2173K(2176K)->2173K(2176K)
[2026-06-17T10:05:07.150+0800][49.052s][info][gc,heap        ] GC(961) Tenured: 34762K(43712K)->39328K(43712K)
[2026-06-17T10:05:07.153+0800][49.056s][info][gc,metaspace   ] GC(961) Metaspace: 121K(320K)->121K(320K) NonClass: 114K(192K)->114K(192K) Class: 7K(128K)->7K(128K)
[2026-06-17T10:05:07.156+0800][49.058s][info][gc             ] GC(961) Pause Young (Allocation Failure) 53M->40M(61M) 10.879ms
[2026-06-17T10:05:07.157+0800][49.059s][info][gc,cpu         ] GC(961) User=0.00s Sys=0.00s Real=0.01s
[2026-06-17T10:05:07.199+0800][49.101s][info][gc,start       ] GC(962) Pause Full (Allocation Failure)
[2026-06-17T10:05:07.200+0800][49.102s][info][gc,phases,start] GC(962) Phase 1: Mark live objects
[2026-06-17T10:05:07.201+0800][49.103s][info][gc,phases      ] GC(962) Phase 1: Mark live objects 0.968ms
[2026-06-17T10:05:07.201+0800][49.103s][info][gc,phases,start] GC(962) Phase 2: Compute new object addresses
[2026-06-17T10:05:07.201+0800][49.104s][info][gc,phases      ] GC(962) Phase 2: Compute new object addresses 0.411ms
[2026-06-17T10:05:07.202+0800][49.104s][info][gc,phases,start] GC(962) Phase 3: Adjust pointers
[2026-06-17T10:05:07.202+0800][49.104s][info][gc,phases      ] GC(962) Phase 3: Adjust pointers 0.486ms
[2026-06-17T10:05:07.202+0800][49.104s][info][gc,phases,start] GC(962) Phase 4: Move objects
[2026-06-17T10:05:07.205+0800][49.107s][info][gc,phases      ] GC(962) Phase 4: Move objects 2.673ms
[2026-06-17T10:05:07.205+0800][49.108s][info][gc,heap        ] GC(962) DefNew: 19480K(19648K)->0K(19648K) Eden: 17307K(17472K)->0K(17472K) From: 2173K(2176K)->0K(2176K)
[2026-06-17T10:05:07.206+0800][49.108s][info][gc,heap        ] GC(962) Tenured: 39328K(43712K)->28320K(43712K)
[2026-06-17T10:05:07.206+0800][49.108s][info][gc,metaspace   ] GC(962) Metaspace: 121K(320K)->121K(320K) NonClass: 114K(192K)->114K(192K) Class: 7K(128K)->7K(128K)
[2026-06-17T10:05:07.206+0800][49.108s][info][gc             ] GC(962) Pause Full (Allocation Failure) 57M->27M(61M) 6.893ms
[2026-06-17T10:05:07.206+0800][49.109s][info][gc,cpu         ] GC(962) User=0.00s Sys=0.00s Real=0.01s
[2026-06-17T10:05:07.259+0800][49.161s][info][gc,start       ] GC(963) Pause Young (Allocation Failure)
[2026-06-17T10:05:07.259+0800][49.162s][info][gc,heap        ] GC(963) DefNew: 17420K(19648K)->2173K(19648K) Eden: 17420K(17472K)->0K(17472K) From: 0K(2176K)->2173K(2176K)
[2026-06-17T10:05:07.260+0800][49.162s][info][gc,heap        ] GC(963) Tenured: 28320K(43712K)->29346K(43712K)
[2026-06-17T10:05:07.260+0800][49.162s][info][gc,metaspace   ] GC(963) Metaspace: 121K(320K)->121K(320K) NonClass: 114K(192K)->114K(192K) Class: 7K(128K)->7K(128K)
[2026-06-17T10:05:07.260+0800][49.163s][info][gc             ] GC(963) Pause Young (Allocation Failure) 44M->30M(61M) 1.787ms
[2026-06-17T10:05:07.260+0800][49.163s][info][gc,cpu         ] GC(963) User=0.00s Sys=0.00s Real=0.00s
[2026-06-17T10:05:07.303+0800][49.205s][info][gc,start       ] GC(964) Pause Young (Allocation Failure)
[2026-06-17T10:05:07.304+0800][49.206s][info][gc,heap        ] GC(964) DefNew: 19645K(19648K)->2134K(19648K) Eden: 17472K(17472K)->0K(17472K) From: 2173K(2176K)->2134K(2176K)
[2026-06-17T10:05:07.304+0800][49.206s][info][gc,heap        ] GC(964) Tenured: 29346K(43712K)->32721K(43712K)
[2026-06-17T10:05:07.304+0800][49.206s][info][gc,metaspace   ] GC(964) Metaspace: 121K(320K)->121K(320K) NonClass: 114K(192K)->114K(192K) Class: 7K(128K)->7K(128K)
[2026-06-17T10:05:07.304+0800][49.206s][info][gc             ] GC(964) Pause Young (Allocation Failure) 47M->34M(61M) 1.712ms
[2026-06-17T10:05:07.305+0800][49.208s][info][gc,cpu         ] GC(964) User=0.00s Sys=0.00s Real=0.00s
[2026-06-17T10:05:07.347+0800][49.250s][info][gc,start       ] GC(965) Pause Young (Allocation Failure)
[2026-06-17T10:05:07.348+0800][49.251s][info][gc,heap        ] GC(965) DefNew: 19606K(19648K)->2091K(19648K) Eden: 17472K(17472K)->0K(17472K) From: 2134K(2176K)->2091K(2176K)
[2026-06-17T10:05:07.349+0800][49.251s][info][gc,heap        ] GC(965) Tenured: 32721K(43712K)->36354K(43712K)
[2026-06-17T10:05:07.349+0800][49.251s][info][gc,metaspace   ] GC(965) Metaspace: 121K(320K)->121K(320K) NonClass: 114K(192K)->114K(192K) Class: 7K(128K)->7K(128K)
[2026-06-17T10:05:07.349+0800][49.252s][info][gc             ] GC(965) Pause Young (Allocation Failure) 51M->37M(61M) 1.945ms
[2026-06-17T10:05:07.350+0800][49.252s][info][gc,cpu         ] GC(965) User=0.00s Sys=0.00s Real=0.00s
[2026-06-17T10:05:07.392+0800][49.294s][info][gc,start       ] GC(966) Pause Young (Allocation Failure)
[2026-06-17T10:05:07.393+0800][49.295s][info][gc,heap        ] GC(966) DefNew: 19541K(19648K)->2164K(19648K) Eden: 17449K(17472K)->0K(17472K) From: 2091K(2176K)->2164K(2176K)
[2026-06-17T10:05:07.393+0800][49.296s][info][gc,heap        ] GC(966) Tenured: 36354K(43712K)->39533K(43712K)
[2026-06-17T10:05:07.394+0800][49.296s][info][gc,metaspace   ] GC(966) Metaspace: 121K(320K)->121K(320K) NonClass: 114K(192K)->114K(192K) Class: 7K(128K)->7K(128K)
[2026-06-17T10:05:07.394+0800][49.296s][info][gc             ] GC(966) Pause Young (Allocation Failure) 54M->40M(61M) 2.056ms
[2026-06-17T10:05:07.394+0800][49.296s][info][gc,cpu         ] GC(966) User=0.01s Sys=0.00s Real=0.00s
[2026-06-17T10:05:07.436+0800][49.339s][info][gc,start       ] GC(967) Pause Full (Allocation Failure)
[2026-06-17T10:05:07.437+0800][49.339s][info][gc,phases,start] GC(967) Phase 1: Mark live objects
[2026-06-17T10:05:07.438+0800][49.340s][info][gc,phases      ] GC(967) Phase 1: Mark live objects 0.898ms
[2026-06-17T10:05:07.438+0800][49.340s][info][gc,phases,start] GC(967) Phase 2: Compute new object addresses
[2026-06-17T10:05:07.439+0800][49.341s][info][gc,phases      ] GC(967) Phase 2: Compute new object addresses 0.521ms
[2026-06-17T10:05:07.439+0800][49.341s][info][gc,phases,start] GC(967) Phase 3: Adjust pointers
[2026-06-17T10:05:07.439+0800][49.341s][info][gc,phases      ] GC(967) Phase 3: Adjust pointers 0.486ms
[2026-06-17T10:05:07.439+0800][49.342s][info][gc,phases,start] GC(967) Phase 4: Move objects
[2026-06-17T10:05:07.442+0800][49.344s][info][gc,phases      ] GC(967) Phase 4: Move objects 2.391ms
[2026-06-17T10:05:07.442+0800][49.344s][info][gc,heap        ] GC(967) DefNew: 19636K(19648K)->0K(19648K) Eden: 17472K(17472K)->0K(17472K) From: 2164K(2176K)->0K(2176K)
[2026-06-17T10:05:07.443+0800][49.345s][info][gc,heap        ] GC(967) Tenured: 39533K(43712K)->25691K(43712K)
[2026-06-17T10:05:07.443+0800][49.345s][info][gc,metaspace   ] GC(967) Metaspace: 121K(320K)->121K(320K) NonClass: 114K(192K)->114K(192K) Class: 7K(128K)->7K(128K)
[2026-06-17T10:05:07.443+0800][49.345s][info][gc             ] GC(967) Pause Full (Allocation Failure) 57M->25M(61M) 6.614ms
[2026-06-17T10:05:07.443+0800][49.345s][info][gc,cpu         ] GC(967) User=0.00s Sys=0.00s Real=0.01s
[2026-06-17T10:05:07.485+0800][49.387s][info][gc,start       ] GC(968) Pause Young (Allocation Failure)
[2026-06-17T10:05:07.486+0800][49.388s][info][gc,heap        ] GC(968) DefNew: 17472K(19648K)->2169K(19648K) Eden: 17472K(17472K)->0K(17472K) From: 0K(2176K)->2169K(2176K)
[2026-06-17T10:05:07.487+0800][49.389s][info][gc,heap        ] GC(968) Tenured: 25691K(43712K)->30702K(43712K)
[2026-06-17T10:05:07.487+0800][49.389s][info][gc,metaspace   ] GC(968) Metaspace: 121K(320K)->121K(320K) NonClass: 114K(192K)->114K(192K) Class: 7K(128K)->7K(128K)
[2026-06-17T10:05:07.487+0800][49.389s][info][gc             ] GC(968) Pause Young (Allocation Failure) 42M->32M(61M) 1.617ms
[2026-06-17T10:05:07.487+0800][49.389s][info][gc,cpu         ] GC(968) User=0.00s Sys=0.00s Real=0.00s
[2026-06-17T10:05:07.539+0800][49.441s][info][gc,start       ] GC(969) Pause Young (Allocation Failure)
[2026-06-17T10:05:07.540+0800][49.442s][info][gc,heap        ] GC(969) DefNew: 19641K(19648K)->1955K(19648K) Eden: 17472K(17472K)->0K(17472K) From: 2169K(2176K)->1955K(2176K)
[2026-06-17T10:05:07.540+0800][49.442s][info][gc,heap        ] GC(969) Tenured: 30702K(43712K)->32509K(43712K)
[2026-06-17T10:05:07.540+0800][49.443s][info][gc,metaspace   ] GC(969) Metaspace: 121K(320K)->121K(320K) NonClass: 114K(192K)->114K(192K) Class: 7K(128K)->7K(128K)
[2026-06-17T10:05:07.541+0800][49.443s][info][gc             ] GC(969) Pause Young (Allocation Failure) 49M->33M(61M) 1.572ms
[2026-06-17T10:05:07.541+0800][49.443s][info][gc,cpu         ] GC(969) User=0.00s Sys=0.00s Real=0.00s
[2026-06-17T10:05:07.583+0800][49.485s][info][gc,start       ] GC(970) Pause Young (Allocation Failure)
[2026-06-17T10:05:07.584+0800][49.486s][info][gc,heap        ] GC(970) DefNew: 19427K(19648K)->2121K(19648K) Eden: 17472K(17472K)->0K(17472K) From: 1955K(2176K)->2121K(2176K)
[2026-06-17T10:05:07.584+0800][49.486s][info][gc,heap        ] GC(970) Tenured: 32509K(43712K)->36067K(43712K)
[2026-06-17T10:05:07.584+0800][49.486s][info][gc,metaspace   ] GC(970) Metaspace: 121K(320K)->121K(320K) NonClass: 114K(192K)->114K(192K) Class: 7K(128K)->7K(128K)
[2026-06-17T10:05:07.584+0800][49.487s][info][gc             ] GC(970) Pause Young (Allocation Failure) 50M->37M(61M) 1.501ms
[2026-06-17T10:05:07.584+0800][49.487s][info][gc,cpu         ] GC(970) User=0.00s Sys=0.00s Real=0.00s
[2026-06-17T10:05:07.627+0800][49.529s][info][gc,start       ] GC(971) Pause Young (Allocation Failure)
[2026-06-17T10:05:07.628+0800][49.530s][info][gc,heap        ] GC(971) DefNew: 19589K(19648K)->2173K(19648K) Eden: 17467K(17472K)->0K(17472K) From: 2121K(2176K)->2173K(2176K)
[2026-06-17T10:05:07.629+0800][49.531s][info][gc,heap        ] GC(971) Tenured: 36067K(43712K)->39966K(43712K)
[2026-06-17T10:05:07.629+0800][49.531s][info][gc,metaspace   ] GC(971) Metaspace: 121K(320K)->121K(320K) NonClass: 114K(192K)->114K(192K) Class: 7K(128K)->7K(128K)
[2026-06-17T10:05:07.633+0800][49.535s][info][gc             ] GC(971) Pause Young (Allocation Failure) 54M->41M(61M) 5.898ms
[2026-06-17T10:05:07.639+0800][49.541s][info][gc,cpu         ] GC(971) User=0.00s Sys=0.00s Real=0.01s
[2026-06-17T10:05:07.682+0800][49.584s][info][gc,start       ] GC(972) Pause Full (Allocation Failure)
[2026-06-17T10:05:07.683+0800][49.585s][info][gc,phases,start] GC(972) Phase 1: Mark live objects
[2026-06-17T10:05:07.684+0800][49.586s][info][gc,phases      ] GC(972) Phase 1: Mark live objects 1.108ms
[2026-06-17T10:05:07.684+0800][49.586s][info][gc,phases,start] GC(972) Phase 2: Compute new object addresses
[2026-06-17T10:05:07.685+0800][49.587s][info][gc,phases      ] GC(972) Phase 2: Compute new object addresses 0.806ms
[2026-06-17T10:05:07.685+0800][49.588s][info][gc,phases,start] GC(972) Phase 3: Adjust pointers
[2026-06-17T10:05:07.686+0800][49.589s][info][gc,phases      ] GC(972) Phase 3: Adjust pointers 0.901ms
[2026-06-17T10:05:07.687+0800][49.589s][info][gc,phases,start] GC(972) Phase 4: Move objects
[2026-06-17T10:05:07.689+0800][49.592s][info][gc,phases      ] GC(972) Phase 4: Move objects 2.910ms
[2026-06-17T10:05:07.690+0800][49.592s][info][gc,heap        ] GC(972) DefNew: 19634K(19648K)->0K(19648K) Eden: 17460K(17472K)->0K(17472K) From: 2173K(2176K)->0K(2176K)
[2026-06-17T10:05:07.690+0800][49.593s][info][gc,heap        ] GC(972) Tenured: 39966K(43712K)->31133K(43712K)
[2026-06-17T10:05:07.691+0800][49.593s][info][gc,metaspace   ] GC(972) Metaspace: 121K(320K)->121K(320K) NonClass: 114K(192K)->114K(192K) Class: 7K(128K)->7K(128K)
[2026-06-17T10:05:07.691+0800][49.593s][info][gc             ] GC(972) Pause Full (Allocation Failure) 58M->30M(61M) 9.258ms
[2026-06-17T10:05:07.691+0800][49.594s][info][gc,cpu         ] GC(972) User=0.01s Sys=0.00s Real=0.02s
[2026-06-17T10:05:07.734+0800][49.636s][info][gc,start       ] GC(973) Pause Young (Allocation Failure)
[2026-06-17T10:05:07.735+0800][49.637s][info][gc,heap        ] GC(973) DefNew: 17472K(19648K)->2172K(19648K) Eden: 17472K(17472K)->0K(17472K) From: 0K(2176K)->2172K(2176K)
[2026-06-17T10:05:07.736+0800][49.638s][info][gc,heap        ] GC(973) Tenured: 31133K(43712K)->36333K(43712K)
[2026-06-17T10:05:07.736+0800][49.638s][info][gc,metaspace   ] GC(973) Metaspace: 121K(320K)->121K(320K) NonClass: 114K(192K)->114K(192K) Class: 7K(128K)->7K(128K)
[2026-06-17T10:05:07.737+0800][49.639s][info][gc             ] GC(973) Pause Young (Allocation Failure) 47M->37M(61M) 2.923ms
[2026-06-17T10:05:07.737+0800][49.639s][info][gc,cpu         ] GC(973) User=0.00s Sys=0.00s Real=0.00s
[2026-06-17T10:05:07.790+0800][49.692s][info][gc,start       ] GC(974) Pause Young (Allocation Failure)
[2026-06-17T10:05:07.791+0800][49.694s][info][gc,heap        ] GC(974) DefNew: 19590K(19648K)->2155K(19648K) Eden: 17418K(17472K)->0K(17472K) From: 2172K(2176K)->2155K(2176K)
[2026-06-17T10:05:07.792+0800][49.694s][info][gc,heap        ] GC(974) Tenured: 36333K(43712K)->37333K(43712K)
[2026-06-17T10:05:07.792+0800][49.694s][info][gc,metaspace   ] GC(974) Metaspace: 121K(320K)->121K(320K) NonClass: 114K(192K)->114K(192K) Class: 7K(128K)->7K(128K)
[2026-06-17T10:05:07.792+0800][49.694s][info][gc             ] GC(974) Pause Young (Allocation Failure) 54M->38M(61M) 2.324ms
[2026-06-17T10:05:07.793+0800][49.695s][info][gc,cpu         ] GC(974) User=0.00s Sys=0.00s Real=0.01s
[2026-06-17T10:05:07.835+0800][49.737s][info][gc,start       ] GC(975) Pause Full (Allocation Failure)
[2026-06-17T10:05:07.835+0800][49.738s][info][gc,phases,start] GC(975) Phase 1: Mark live objects
[2026-06-17T10:05:07.836+0800][49.738s][info][gc,phases      ] GC(975) Phase 1: Mark live objects 0.820ms
[2026-06-17T10:05:07.836+0800][49.739s][info][gc,phases,start] GC(975) Phase 2: Compute new object addresses
[2026-06-17T10:05:07.837+0800][49.739s][info][gc,phases      ] GC(975) Phase 2: Compute new object addresses 0.490ms
[2026-06-17T10:05:07.837+0800][49.739s][info][gc,phases,start] GC(975) Phase 3: Adjust pointers
[2026-06-17T10:05:07.837+0800][49.740s][info][gc,phases      ] GC(975) Phase 3: Adjust pointers 0.438ms
[2026-06-17T10:05:07.838+0800][49.740s][info][gc,phases,start] GC(975) Phase 4: Move objects
[2026-06-17T10:05:07.840+0800][49.742s][info][gc,phases      ] GC(975) Phase 4: Move objects 2.441ms
[2026-06-17T10:05:07.841+0800][49.743s][info][gc,heap        ] GC(975) DefNew: 19627K(19648K)->0K(19648K) Eden: 17472K(17472K)->0K(17472K) From: 2155K(2176K)->0K(2176K)
[2026-06-17T10:05:07.841+0800][49.743s][info][gc,heap        ] GC(975) Tenured: 37333K(43712K)->28956K(43712K)
[2026-06-17T10:05:07.841+0800][49.743s][info][gc,metaspace   ] GC(975) Metaspace: 121K(320K)->121K(320K) NonClass: 114K(192K)->114K(192K) Class: 7K(128K)->7K(128K)
[2026-06-17T10:05:07.841+0800][49.744s][info][gc             ] GC(975) Pause Full (Allocation Failure) 55M->28M(61M) 6.369ms
[2026-06-17T10:05:07.842+0800][49.744s][info][gc,cpu         ] GC(975) User=0.01s Sys=0.00s Real=0.00s
[2026-06-17T10:05:07.884+0800][49.786s][info][gc,start       ] GC(976) Pause Young (Allocation Failure)
[2026-06-17T10:05:07.886+0800][49.788s][info][gc,heap        ] GC(976) DefNew: 17472K(19648K)->2169K(19648K) Eden: 17472K(17472K)->0K(17472K) From: 0K(2176K)->2169K(2176K)
[2026-06-17T10:05:07.887+0800][49.789s][info][gc,heap        ] GC(976) Tenured: 28956K(43712K)->33752K(43712K)
[2026-06-17T10:05:07.888+0800][49.790s][info][gc,metaspace   ] GC(976) Metaspace: 121K(320K)->121K(320K) NonClass: 114K(192K)->114K(192K) Class: 7K(128K)->7K(128K)
[2026-06-17T10:05:07.888+0800][49.791s][info][gc             ] GC(976) Pause Young (Allocation Failure) 45M->35M(61M) 4.516ms
[2026-06-17T10:05:07.889+0800][49.792s][info][gc,cpu         ] GC(976) User=0.00s Sys=0.00s Real=0.00s
[2026-06-17T10:05:07.932+0800][49.834s][info][gc,start       ] GC(977) Pause Young (Allocation Failure)
[2026-06-17T10:05:07.934+0800][49.836s][info][gc,heap        ] GC(977) DefNew: 19636K(19648K)->2174K(19648K) Eden: 17466K(17472K)->0K(17472K) From: 2169K(2176K)->2174K(2176K)
[2026-06-17T10:05:07.934+0800][49.836s][info][gc,heap        ] GC(977) Tenured: 33752K(43712K)->38648K(43712K)
[2026-06-17T10:05:07.935+0800][49.837s][info][gc,metaspace   ] GC(977) Metaspace: 121K(320K)->121K(320K) NonClass: 114K(192K)->114K(192K) Class: 7K(128K)->7K(128K)
[2026-06-17T10:05:07.935+0800][49.837s][info][gc             ] GC(977) Pause Young (Allocation Failure) 52M->39M(61M) 3.187ms
[2026-06-17T10:05:07.936+0800][49.838s][info][gc,cpu         ] GC(977) User=0.00s Sys=0.00s Real=0.00s
[2026-06-17T10:05:07.979+0800][49.881s][info][gc,start       ] GC(978) Pause Full (Allocation Failure)
[2026-06-17T10:05:07.980+0800][49.882s][info][gc,phases,start] GC(978) Phase 1: Mark live objects
[2026-06-17T10:05:07.981+0800][49.883s][info][gc,phases      ] GC(978) Phase 1: Mark live objects 1.141ms
[2026-06-17T10:05:07.982+0800][49.884s][info][gc,phases,start] GC(978) Phase 2: Compute new object addresses
[2026-06-17T10:05:07.983+0800][49.885s][info][gc,phases      ] GC(978) Phase 2: Compute new object addresses 0.865ms
[2026-06-17T10:05:07.983+0800][49.886s][info][gc,phases,start] GC(978) Phase 3: Adjust pointers
[2026-06-17T10:05:07.984+0800][49.886s][info][gc,phases      ] GC(978) Phase 3: Adjust pointers 0.776ms
[2026-06-17T10:05:07.985+0800][49.887s][info][gc,phases,start] GC(978) Phase 4: Move objects
[2026-06-17T10:05:07.987+0800][49.889s][info][gc,phases      ] GC(978) Phase 4: Move objects 2.613ms
[2026-06-17T10:05:07.988+0800][49.890s][info][gc,heap        ] GC(978) DefNew: 19646K(19648K)->0K(19648K) Eden: 17472K(17472K)->0K(17472K) From: 2174K(2176K)->0K(2176K)
[2026-06-17T10:05:07.989+0800][49.891s][info][gc,heap        ] GC(978) Tenured: 38648K(43712K)->31009K(43712K)
[2026-06-17T10:05:07.989+0800][49.891s][info][gc,metaspace   ] GC(978) Metaspace: 121K(320K)->121K(320K) NonClass: 114K(192K)->114K(192K) Class: 7K(128K)->7K(128K)
[2026-06-17T10:05:07.990+0800][49.892s][info][gc             ] GC(978) Pause Full (Allocation Failure) 56M->30M(61M) 10.801ms
[2026-06-17T10:05:07.990+0800][49.892s][info][gc,cpu         ] GC(978) User=0.01s Sys=0.00s Real=0.01s
[2026-06-17T10:05:08.042+0800][49.945s][info][gc,start       ] GC(979) Pause Young (Allocation Failure)
[2026-06-17T10:05:08.043+0800][49.945s][info][gc,heap        ] GC(979) DefNew: 17472K(19648K)->2148K(19648K) Eden: 17472K(17472K)->0K(17472K) From: 0K(2176K)->2148K(2176K)
[2026-06-17T10:05:08.044+0800][49.946s][info][gc,heap        ] GC(979) Tenured: 31009K(43712K)->32569K(43712K)
[2026-06-17T10:05:08.044+0800][49.946s][info][gc,metaspace   ] GC(979) Metaspace: 121K(320K)->121K(320K) NonClass: 114K(192K)->114K(192K) Class: 7K(128K)->7K(128K)
[2026-06-17T10:05:08.044+0800][49.946s][info][gc             ] GC(979) Pause Young (Allocation Failure) 47M->33M(61M) 1.404ms
[2026-06-17T10:05:08.044+0800][49.946s][info][gc,cpu         ] GC(979) User=0.00s Sys=0.00s Real=0.00s
[2026-06-17T10:05:08.086+0800][49.988s][info][gc,start       ] GC(980) Pause Young (Allocation Failure)
[2026-06-17T10:05:08.087+0800][49.989s][info][gc,heap        ] GC(980) DefNew: 19614K(19648K)->2126K(19648K) Eden: 17465K(17472K)->0K(17472K) From: 2148K(2176K)->2126K(2176K)
[2026-06-17T10:05:08.087+0800][49.989s][info][gc,heap        ] GC(980) Tenured: 32569K(43712K)->35887K(43712K)
[2026-06-17T10:05:08.087+0800][49.990s][info][gc,metaspace   ] GC(980) Metaspace: 121K(320K)->121K(320K) NonClass: 114K(192K)->114K(192K) Class: 7K(128K)->7K(128K)
[2026-06-17T10:05:08.087+0800][49.990s][info][gc             ] GC(980) Pause Young (Allocation Failure) 50M->37M(61M) 1.177ms
[2026-06-17T10:05:08.088+0800][49.990s][info][gc,cpu         ] GC(980) User=0.00s Sys=0.00s Real=0.00s
[2026-06-17T10:05:08.129+0800][50.032s][info][gc,start       ] GC(981) Pause Young (Allocation Failure)
[2026-06-17T10:05:08.130+0800][50.033s][info][gc,heap        ] GC(981) DefNew: 19592K(19648K)->2124K(19648K) Eden: 17465K(17472K)->0K(17472K) From: 2126K(2176K)->2124K(2176K)
[2026-06-17T10:05:08.131+0800][50.033s][info][gc,heap        ] GC(981) Tenured: 35887K(43712K)->39705K(43712K)
[2026-06-17T10:05:08.132+0800][50.034s][info][gc,metaspace   ] GC(981) Metaspace: 121K(320K)->121K(320K) NonClass: 114K(192K)->114K(192K) Class: 7K(128K)->7K(128K)
[2026-06-17T10:05:08.132+0800][50.034s][info][gc             ] GC(981) Pause Young (Allocation Failure) 54M->40M(61M) 2.836ms
[2026-06-17T10:05:08.133+0800][50.035s][info][gc,cpu         ] GC(981) User=0.00s Sys=0.00s Real=0.01s
[2026-06-17T10:05:08.175+0800][50.077s][info][gc,start       ] GC(982) Pause Full (Allocation Failure)
[2026-06-17T10:05:08.175+0800][50.077s][info][gc,phases,start] GC(982) Phase 1: Mark live objects
[2026-06-17T10:05:08.176+0800][50.078s][info][gc,phases      ] GC(982) Phase 1: Mark live objects 1.003ms
[2026-06-17T10:05:08.177+0800][50.079s][info][gc,phases,start] GC(982) Phase 2: Compute new object addresses
[2026-06-17T10:05:08.177+0800][50.079s][info][gc,phases      ] GC(982) Phase 2: Compute new object addresses 0.443ms
[2026-06-17T10:05:08.177+0800][50.079s][info][gc,phases,start] GC(982) Phase 3: Adjust pointers
[2026-06-17T10:05:08.178+0800][50.080s][info][gc,phases      ] GC(982) Phase 3: Adjust pointers 0.436ms
[2026-06-17T10:05:08.178+0800][50.080s][info][gc,phases,start] GC(982) Phase 4: Move objects
[2026-06-17T10:05:08.181+0800][50.083s][info][gc,phases      ] GC(982) Phase 4: Move objects 2.739ms
[2026-06-17T10:05:08.181+0800][50.083s][info][gc,heap        ] GC(982) DefNew: 19596K(19648K)->0K(19648K) Eden: 17472K(17472K)->0K(17472K) From: 2124K(2176K)->0K(2176K)
[2026-06-17T10:05:08.181+0800][50.083s][info][gc,heap        ] GC(982) Tenured: 39705K(43712K)->26095K(43712K)
[2026-06-17T10:05:08.181+0800][50.084s][info][gc,metaspace   ] GC(982) Metaspace: 121K(320K)->121K(320K) NonClass: 114K(192K)->114K(192K) Class: 7K(128K)->7K(128K)
[2026-06-17T10:05:08.182+0800][50.084s][info][gc             ] GC(982) Pause Full (Allocation Failure) 57M->25M(61M) 6.758ms
[2026-06-17T10:05:08.182+0800][50.084s][info][gc,cpu         ] GC(982) User=0.01s Sys=0.00s Real=0.00s
[2026-06-17T10:05:08.224+0800][50.126s][info][gc,start       ] GC(983) Pause Young (Allocation Failure)
[2026-06-17T10:05:08.225+0800][50.127s][info][gc,heap        ] GC(983) DefNew: 17472K(19648K)->2165K(19648K) Eden: 17472K(17472K)->0K(17472K) From: 0K(2176K)->2165K(2176K)
[2026-06-17T10:05:08.225+0800][50.128s][info][gc,heap        ] GC(983) Tenured: 26095K(43712K)->31019K(43712K)
[2026-06-17T10:05:08.226+0800][50.128s][info][gc,metaspace   ] GC(983) Metaspace: 121K(320K)->121K(320K) NonClass: 114K(192K)->114K(192K) Class: 7K(128K)->7K(128K)
[2026-06-17T10:05:08.226+0800][50.128s][info][gc             ] GC(983) Pause Young (Allocation Failure) 42M->32M(61M) 1.835ms
[2026-06-17T10:05:08.226+0800][50.128s][info][gc,cpu         ] GC(983) User=0.00s Sys=0.00s Real=0.00s
[2026-06-17T10:05:08.268+0800][50.171s][info][gc,start       ] GC(984) Pause Young (Allocation Failure)
[2026-06-17T10:05:08.269+0800][50.171s][info][gc,heap        ] GC(984) DefNew: 18728K(19648K)->1433K(19648K) Eden: 16563K(17472K)->0K(17472K) From: 2165K(2176K)->1433K(2176K)
[2026-06-17T10:05:08.269+0800][50.171s][info][gc,heap        ] GC(984) Tenured: 31019K(43712K)->31368K(43712K)
[2026-06-17T10:05:08.270+0800][50.172s][info][gc,metaspace   ] GC(984) Metaspace: 121K(320K)->121K(320K) NonClass: 114K(192K)->114K(192K) Class: 7K(128K)->7K(128K)
[2026-06-17T10:05:08.270+0800][50.172s][info][gc             ] GC(984) Pause Young (Allocation Failure) 48M->32M(61M) 1.290ms
[2026-06-17T10:05:08.270+0800][50.172s][info][gc,cpu         ] GC(984) User=0.00s Sys=0.00s Real=0.00s
[2026-06-17T10:05:08.312+0800][50.214s][info][gc,start       ] GC(985) Pause Young (Allocation Failure)
[2026-06-17T10:05:08.314+0800][50.216s][info][gc,heap        ] GC(985) DefNew: 18814K(19648K)->2036K(19648K) Eden: 17381K(17472K)->0K(17472K) From: 1433K(2176K)->2036K(2176K)
[2026-06-17T10:05:08.316+0800][50.218s][info][gc,heap        ] GC(985) Tenured: 31368K(43712K)->34367K(43712K)
[2026-06-17T10:05:08.318+0800][50.220s][info][gc,metaspace   ] GC(985) Metaspace: 121K(320K)->121K(320K) NonClass: 114K(192K)->114K(192K) Class: 7K(128K)->7K(128K)
[2026-06-17T10:05:08.319+0800][50.221s][info][gc             ] GC(985) Pause Young (Allocation Failure) 49M->35M(61M) 7.067ms
[2026-06-17T10:05:08.320+0800][50.222s][info][gc,cpu         ] GC(985) User=0.00s Sys=0.00s Real=0.00s
[2026-06-17T10:05:08.363+0800][50.265s][info][gc,start       ] GC(986) Pause Young (Allocation Failure)
[2026-06-17T10:05:08.364+0800][50.267s][info][gc,heap        ] GC(986) DefNew: 19508K(19648K)->2169K(19648K) Eden: 17472K(17472K)->0K(17472K) From: 2036K(2176K)->2169K(2176K)
[2026-06-17T10:05:08.365+0800][50.267s][info][gc,heap        ] GC(986) Tenured: 34367K(43712K)->41252K(43712K)
[2026-06-17T10:05:08.365+0800][50.267s][info][gc,metaspace   ] GC(986) Metaspace: 121K(320K)->121K(320K) NonClass: 114K(192K)->114K(192K) Class: 7K(128K)->7K(128K)
[2026-06-17T10:05:08.365+0800][50.267s][info][gc             ] GC(986) Pause Young (Allocation Failure) 52M->42M(61M) 1.863ms
[2026-06-17T10:05:08.365+0800][50.267s][info][gc,cpu         ] GC(986) User=0.00s Sys=0.00s Real=0.00s
[2026-06-17T10:05:08.418+0800][50.320s][info][gc,start       ] GC(987) Pause Full (Allocation Failure)
[2026-06-17T10:05:08.418+0800][50.321s][info][gc,phases,start] GC(987) Phase 1: Mark live objects
[2026-06-17T10:05:08.420+0800][50.322s][info][gc,phases      ] GC(987) Phase 1: Mark live objects 1.418ms
[2026-06-17T10:05:08.420+0800][50.322s][info][gc,phases,start] GC(987) Phase 2: Compute new object addresses
[2026-06-17T10:05:08.421+0800][50.323s][info][gc,phases      ] GC(987) Phase 2: Compute new object addresses 0.464ms
[2026-06-17T10:05:08.421+0800][50.323s][info][gc,phases,start] GC(987) Phase 3: Adjust pointers
[2026-06-17T10:05:08.421+0800][50.324s][info][gc,phases      ] GC(987) Phase 3: Adjust pointers 0.494ms
[2026-06-17T10:05:08.422+0800][50.324s][info][gc,phases,start] GC(987) Phase 4: Move objects
[2026-06-17T10:05:08.425+0800][50.327s][info][gc,phases      ] GC(987) Phase 4: Move objects 2.647ms
[2026-06-17T10:05:08.425+0800][50.327s][info][gc,heap        ] GC(987) DefNew: 19609K(19648K)->0K(19648K) Eden: 17439K(17472K)->0K(17472K) From: 2169K(2176K)->0K(2176K)
[2026-06-17T10:05:08.425+0800][50.327s][info][gc,heap        ] GC(987) Tenured: 41252K(43712K)->30480K(43712K)
[2026-06-17T10:05:08.425+0800][50.327s][info][gc,metaspace   ] GC(987) Metaspace: 121K(320K)->121K(320K) NonClass: 114K(192K)->114K(192K) Class: 7K(128K)->7K(128K)
[2026-06-17T10:05:08.425+0800][50.328s][info][gc             ] GC(987) Pause Full (Allocation Failure) 59M->29M(61M) 7.785ms
[2026-06-17T10:05:08.426+0800][50.328s][info][gc,cpu         ] GC(987) User=0.00s Sys=0.00s Real=0.01s
[2026-06-17T10:05:08.468+0800][50.370s][info][gc,start       ] GC(988) Pause Young (Allocation Failure)
[2026-06-17T10:05:08.469+0800][50.371s][info][gc,heap        ] GC(988) DefNew: 17448K(19648K)->2173K(19648K) Eden: 17448K(17472K)->0K(17472K) From: 0K(2176K)->2173K(2176K)
[2026-06-17T10:05:08.469+0800][50.371s][info][gc,heap        ] GC(988) Tenured: 30480K(43712K)->35182K(43712K)
[2026-06-17T10:05:08.469+0800][50.372s][info][gc,metaspace   ] GC(988) Metaspace: 121K(320K)->121K(320K) NonClass: 114K(192K)->114K(192K) Class: 7K(128K)->7K(128K)
[2026-06-17T10:05:08.470+0800][50.372s][info][gc             ] GC(988) Pause Young (Allocation Failure) 46M->36M(61M) 2.069ms
[2026-06-17T10:05:08.470+0800][50.372s][info][gc,cpu         ] GC(988) User=0.00s Sys=0.00s Real=0.00s
[2026-06-17T10:05:08.513+0800][50.415s][info][gc,start       ] GC(989) Pause Young (Allocation Failure)
[2026-06-17T10:05:08.514+0800][50.416s][info][gc,heap        ] GC(989) DefNew: 19644K(19648K)->2170K(19648K) Eden: 17470K(17472K)->0K(17472K) From: 2173K(2176K)->2170K(2176K)
[2026-06-17T10:05:08.514+0800][50.416s][info][gc,heap        ] GC(989) Tenured: 35182K(43712K)->39666K(43712K)
[2026-06-17T10:05:08.514+0800][50.416s][info][gc,metaspace   ] GC(989) Metaspace: 121K(320K)->121K(320K) NonClass: 114K(192K)->114K(192K) Class: 7K(128K)->7K(128K)
[2026-06-17T10:05:08.514+0800][50.417s][info][gc             ] GC(989) Pause Young (Allocation Failure) 53M->40M(61M) 1.738ms
[2026-06-17T10:05:08.515+0800][50.417s][info][gc,cpu         ] GC(989) User=0.00s Sys=0.00s Real=0.00s
[2026-06-17T10:05:08.557+0800][50.459s][info][gc,start       ] GC(990) Pause Full (Allocation Failure)
[2026-06-17T10:05:08.557+0800][50.459s][info][gc,phases,start] GC(990) Phase 1: Mark live objects
[2026-06-17T10:05:08.558+0800][50.460s][info][gc,phases      ] GC(990) Phase 1: Mark live objects 1.048ms
[2026-06-17T10:05:08.559+0800][50.461s][info][gc,phases,start] GC(990) Phase 2: Compute new object addresses
[2026-06-17T10:05:08.559+0800][50.461s][info][gc,phases      ] GC(990) Phase 2: Compute new object addresses 0.412ms
[2026-06-17T10:05:08.559+0800][50.462s][info][gc,phases,start] GC(990) Phase 3: Adjust pointers
[2026-06-17T10:05:08.560+0800][50.462s][info][gc,phases      ] GC(990) Phase 3: Adjust pointers 0.641ms
[2026-06-17T10:05:08.560+0800][50.462s][info][gc,phases,start] GC(990) Phase 4: Move objects
[2026-06-17T10:05:08.563+0800][50.465s][info][gc,phases      ] GC(990) Phase 4: Move objects 2.592ms
[2026-06-17T10:05:08.563+0800][50.465s][info][gc,heap        ] GC(990) DefNew: 19626K(19648K)->0K(19648K) Eden: 17456K(17472K)->0K(17472K) From: 2170K(2176K)->0K(2176K)
[2026-06-17T10:05:08.564+0800][50.466s][info][gc,heap        ] GC(990) Tenured: 39666K(43712K)->32842K(43712K)
[2026-06-17T10:05:08.564+0800][50.466s][info][gc,metaspace   ] GC(990) Metaspace: 121K(320K)->121K(320K) NonClass: 114K(192K)->114K(192K) Class: 7K(128K)->7K(128K)
[2026-06-17T10:05:08.564+0800][50.466s][info][gc             ] GC(990) Pause Full (Allocation Failure) 57M->32M(61M) 7.341ms
[2026-06-17T10:05:08.564+0800][50.466s][info][gc,cpu         ] GC(990) User=0.00s Sys=0.00s Real=0.01s
[2026-06-17T10:05:08.606+0800][50.508s][info][gc,start       ] GC(991) Pause Young (Allocation Failure)
[2026-06-17T10:05:08.608+0800][50.511s][info][gc,heap        ] GC(991) DefNew: 17457K(19648K)->2172K(19648K) Eden: 17457K(17472K)->0K(17472K) From: 0K(2176K)->2172K(2176K)
[2026-06-17T10:05:08.609+0800][50.511s][info][gc,heap        ] GC(991) Tenured: 32842K(43712K)->37390K(43712K)
[2026-06-17T10:05:08.609+0800][50.511s][info][gc,metaspace   ] GC(991) Metaspace: 121K(320K)->121K(320K) NonClass: 114K(192K)->114K(192K) Class: 7K(128K)->7K(128K)
[2026-06-17T10:05:08.609+0800][50.512s][info][gc             ] GC(991) Pause Young (Allocation Failure) 49M->38M(61M) 3.219ms
[2026-06-17T10:05:08.610+0800][50.512s][info][gc,cpu         ] GC(991) User=0.00s Sys=0.01s Real=0.00s
[2026-06-17T10:05:08.662+0800][50.564s][info][gc,start       ] GC(992) Pause Full (Allocation Failure)
[2026-06-17T10:05:08.663+0800][50.565s][info][gc,phases,start] GC(992) Phase 1: Mark live objects
[2026-06-17T10:05:08.664+0800][50.566s][info][gc,phases      ] GC(992) Phase 1: Mark live objects 1.078ms
[2026-06-17T10:05:08.664+0800][50.567s][info][gc,phases,start] GC(992) Phase 2: Compute new object addresses
[2026-06-17T10:05:08.665+0800][50.568s][info][gc,phases      ] GC(992) Phase 2: Compute new object addresses 0.971ms
[2026-06-17T10:05:08.666+0800][50.568s][info][gc,phases,start] GC(992) Phase 3: Adjust pointers
[2026-06-17T10:05:08.666+0800][50.568s][info][gc,phases      ] GC(992) Phase 3: Adjust pointers 0.489ms
[2026-06-17T10:05:08.666+0800][50.569s][info][gc,phases,start] GC(992) Phase 4: Move objects
[2026-06-17T10:05:08.668+0800][50.570s][info][gc,phases      ] GC(992) Phase 4: Move objects 1.617ms
[2026-06-17T10:05:08.669+0800][50.571s][info][gc,heap        ] GC(992) DefNew: 19644K(19648K)->0K(19648K) Eden: 17472K(17472K)->0K(17472K) From: 2172K(2176K)->0K(2176K)
[2026-06-17T10:05:08.672+0800][50.574s][info][gc,heap        ] GC(992) Tenured: 37390K(43712K)->25705K(43712K)
[2026-06-17T10:05:08.672+0800][50.574s][info][gc,metaspace   ] GC(992) Metaspace: 121K(320K)->121K(320K) NonClass: 114K(192K)->114K(192K) Class: 7K(128K)->7K(128K)
[2026-06-17T10:05:08.672+0800][50.574s][info][gc             ] GC(992) Pause Full (Allocation Failure) 55M->25M(61M) 10.385ms
[2026-06-17T10:05:08.672+0800][50.575s][info][gc,cpu         ] GC(992) User=0.01s Sys=0.00s Real=0.02s
[2026-06-17T10:05:08.705+0800][50.607s][info][gc,start       ] GC(993) Pause Young (Allocation Failure)
[2026-06-17T10:05:08.706+0800][50.608s][info][gc,heap        ] GC(993) DefNew: 17296K(19648K)->2173K(19648K) Eden: 17296K(17472K)->0K(17472K) From: 0K(2176K)->2173K(2176K)
[2026-06-17T10:05:08.707+0800][50.609s][info][gc,heap        ] GC(993) Tenured: 25705K(43712K)->30384K(43712K)
[2026-06-17T10:05:08.707+0800][50.609s][info][gc,metaspace   ] GC(993) Metaspace: 121K(320K)->121K(320K) NonClass: 114K(192K)->114K(192K) Class: 7K(128K)->7K(128K)
[2026-06-17T10:05:08.707+0800][50.609s][info][gc             ] GC(993) Pause Young (Allocation Failure) 41M->31M(61M) 2.326ms
[2026-06-17T10:05:08.707+0800][50.609s][info][gc,cpu         ] GC(993) User=0.00s Sys=0.00s Real=0.00s
[2026-06-17T10:05:08.760+0800][50.662s][info][gc,start       ] GC(994) Pause Young (Allocation Failure)
[2026-06-17T10:05:08.761+0800][50.663s][info][gc,heap        ] GC(994) DefNew: 19605K(19648K)->2111K(19648K) Eden: 17431K(17472K)->0K(17472K) From: 2173K(2176K)->2111K(2176K)
[2026-06-17T10:05:08.761+0800][50.663s][info][gc,heap        ] GC(994) Tenured: 30384K(43712K)->34614K(43712K)
[2026-06-17T10:05:08.762+0800][50.664s][info][gc,metaspace   ] GC(994) Metaspace: 121K(320K)->121K(320K) NonClass: 114K(192K)->114K(192K) Class: 7K(128K)->7K(128K)
[2026-06-17T10:05:08.762+0800][50.664s][info][gc             ] GC(994) Pause Young (Allocation Failure) 48M->35M(61M) 2.234ms
[2026-06-17T10:05:08.762+0800][50.664s][info][gc,cpu         ] GC(994) User=0.00s Sys=0.00s Real=0.00s
[2026-06-17T10:05:08.804+0800][50.706s][info][gc,start       ] GC(995) Pause Young (Allocation Failure)
[2026-06-17T10:05:08.805+0800][50.707s][info][gc,heap        ] GC(995) DefNew: 19583K(19648K)->2167K(19648K) Eden: 17472K(17472K)->0K(17472K) From: 2111K(2176K)->2167K(2176K)
[2026-06-17T10:05:08.805+0800][50.708s][info][gc,heap        ] GC(995) Tenured: 34614K(43712K)->38134K(43712K)
[2026-06-17T10:05:08.806+0800][50.708s][info][gc,metaspace   ] GC(995) Metaspace: 121K(320K)->121K(320K) NonClass: 114K(192K)->114K(192K) Class: 7K(128K)->7K(128K)
[2026-06-17T10:05:08.806+0800][50.708s][info][gc             ] GC(995) Pause Young (Allocation Failure) 52M->39M(61M) 1.661ms
[2026-06-17T10:05:08.806+0800][50.708s][info][gc,cpu         ] GC(995) User=0.00s Sys=0.00s Real=0.00s
[2026-06-17T10:05:08.848+0800][50.750s][info][gc,start       ] GC(996) Pause Full (Allocation Failure)
[2026-06-17T10:05:08.849+0800][50.751s][info][gc,phases,start] GC(996) Phase 1: Mark live objects
[2026-06-17T10:05:08.850+0800][50.752s][info][gc,phases      ] GC(996) Phase 1: Mark live objects 0.900ms
[2026-06-17T10:05:08.850+0800][50.752s][info][gc,phases,start] GC(996) Phase 2: Compute new object addresses
[2026-06-17T10:05:08.851+0800][50.753s][info][gc,phases      ] GC(996) Phase 2: Compute new object addresses 0.603ms
[2026-06-17T10:05:08.851+0800][50.753s][info][gc,phases,start] GC(996) Phase 3: Adjust pointers
[2026-06-17T10:05:08.851+0800][50.753s][info][gc,phases      ] GC(996) Phase 3: Adjust pointers 0.487ms
[2026-06-17T10:05:08.852+0800][50.754s][info][gc,phases,start] GC(996) Phase 4: Move objects
[2026-06-17T10:05:08.854+0800][50.756s][info][gc,phases      ] GC(996) Phase 4: Move objects 2.002ms
[2026-06-17T10:05:08.854+0800][50.756s][info][gc,heap        ] GC(996) DefNew: 19592K(19648K)->0K(19648K) Eden: 17424K(17472K)->0K(17472K) From: 2167K(2176K)->0K(2176K)
[2026-06-17T10:05:08.854+0800][50.756s][info][gc,heap        ] GC(996) Tenured: 38134K(43712K)->31200K(43712K)
[2026-06-17T10:05:08.854+0800][50.757s][info][gc,metaspace   ] GC(996) Metaspace: 121K(320K)->121K(320K) NonClass: 114K(192K)->114K(192K) Class: 7K(128K)->7K(128K)
[2026-06-17T10:05:08.855+0800][50.757s][info][gc             ] GC(996) Pause Full (Allocation Failure) 56M->30M(61M) 6.356ms
[2026-06-17T10:05:08.855+0800][50.757s][info][gc,cpu         ] GC(996) User=0.01s Sys=0.00s Real=0.01s
[2026-06-17T10:05:08.907+0800][50.809s][info][gc,start       ] GC(997) Pause Young (Allocation Failure)
[2026-06-17T10:05:08.908+0800][50.810s][info][gc,heap        ] GC(997) DefNew: 17472K(19648K)->2166K(19648K) Eden: 17472K(17472K)->0K(17472K) From: 0K(2176K)->2166K(2176K)
[2026-06-17T10:05:08.908+0800][50.810s][info][gc,heap        ] GC(997) Tenured: 31200K(43712K)->32474K(43712K)
[2026-06-17T10:05:08.908+0800][50.811s][info][gc,metaspace   ] GC(997) Metaspace: 121K(320K)->121K(320K) NonClass: 114K(192K)->114K(192K) Class: 7K(128K)->7K(128K)
[2026-06-17T10:05:08.909+0800][50.811s][info][gc             ] GC(997) Pause Young (Allocation Failure) 47M->33M(61M) 1.463ms
[2026-06-17T10:05:08.909+0800][50.811s][info][gc,cpu         ] GC(997) User=0.00s Sys=0.00s Real=0.00s
[2026-06-17T10:05:08.941+0800][50.843s][info][gc,start       ] GC(998) Pause Young (Allocation Failure)
[2026-06-17T10:05:08.942+0800][50.844s][info][gc,heap        ] GC(998) DefNew: 19575K(19648K)->2053K(19648K) Eden: 17408K(17472K)->0K(17472K) From: 2166K(2176K)->2053K(2176K)
[2026-06-17T10:05:08.942+0800][50.844s][info][gc,heap        ] GC(998) Tenured: 32474K(43712K)->35960K(43712K)
[2026-06-17T10:05:08.943+0800][50.845s][info][gc,metaspace   ] GC(998) Metaspace: 121K(320K)->121K(320K) NonClass: 114K(192K)->114K(192K) Class: 7K(128K)->7K(128K)
[2026-06-17T10:05:08.943+0800][50.845s][info][gc             ] GC(998) Pause Young (Allocation Failure) 50M->37M(61M) 2.260ms
[2026-06-17T10:05:08.943+0800][50.845s][info][gc,cpu         ] GC(998) User=0.00s Sys=0.00s Real=0.01s
[2026-06-17T10:05:08.996+0800][50.898s][info][gc,start       ] GC(999) Pause Young (Allocation Failure)
[2026-06-17T10:05:08.997+0800][50.899s][info][gc,heap        ] GC(999) DefNew: 19484K(19648K)->2130K(19648K) Eden: 17431K(17472K)->0K(17472K) From: 2053K(2176K)->2130K(2176K)
[2026-06-17T10:05:08.997+0800][50.899s][info][gc,heap        ] GC(999) Tenured: 35960K(43712K)->39720K(43712K)
[2026-06-17T10:05:08.997+0800][50.899s][info][gc,metaspace   ] GC(999) Metaspace: 121K(320K)->121K(320K) NonClass: 114K(192K)->114K(192K) Class: 7K(128K)->7K(128K)
[2026-06-17T10:05:08.998+0800][50.900s][info][gc             ] GC(999) Pause Young (Allocation Failure) 54M->40M(61M) 1.971ms
[2026-06-17T10:05:08.998+0800][50.900s][info][gc,cpu         ] GC(999) User=0.00s Sys=0.00s Real=0.00s
[2026-06-17T10:05:09.040+0800][50.942s][info][gc,start       ] GC(1000) Pause Full (Allocation Failure)
[2026-06-17T10:05:09.041+0800][50.943s][info][gc,phases,start] GC(1000) Phase 1: Mark live objects
[2026-06-17T10:05:09.042+0800][50.944s][info][gc,phases      ] GC(1000) Phase 1: Mark live objects 1.040ms
[2026-06-17T10:05:09.042+0800][50.944s][info][gc,phases,start] GC(1000) Phase 2: Compute new object addresses
[2026-06-17T10:05:09.042+0800][50.944s][info][gc,phases      ] GC(1000) Phase 2: Compute new object addresses 0.416ms
[2026-06-17T10:05:09.043+0800][50.945s][info][gc,phases,start] GC(1000) Phase 3: Adjust pointers
[2026-06-17T10:05:09.043+0800][50.946s][info][gc,phases      ] GC(1000) Phase 3: Adjust pointers 0.884ms
[2026-06-17T10:05:09.044+0800][50.946s][info][gc,phases,start] GC(1000) Phase 4: Move objects
[2026-06-17T10:05:09.046+0800][50.948s][info][gc,phases      ] GC(1000) Phase 4: Move objects 2.323ms
[2026-06-17T10:05:09.047+0800][50.949s][info][gc,heap        ] GC(1000) DefNew: 19567K(19648K)->0K(19648K) Eden: 17436K(17472K)->0K(17472K) From: 2130K(2176K)->0K(2176K)
[2026-06-17T10:05:09.047+0800][50.949s][info][gc,heap        ] GC(1000) Tenured: 39720K(43712K)->30487K(43712K)
[2026-06-17T10:05:09.047+0800][50.949s][info][gc,metaspace   ] GC(1000) Metaspace: 121K(320K)->121K(320K) NonClass: 114K(192K)->114K(192K) Class: 7K(128K)->7K(128K)
[2026-06-17T10:05:09.047+0800][50.949s][info][gc             ] GC(1000) Pause Full (Allocation Failure) 57M->29M(61M) 7.020ms
[2026-06-17T10:05:09.047+0800][50.949s][info][gc,cpu         ] GC(1000) User=0.01s Sys=0.00s Real=0.01s
[2026-06-17T10:05:09.089+0800][50.992s][info][gc,start       ] GC(1001) Pause Young (Allocation Failure)
[2026-06-17T10:05:09.091+0800][50.993s][info][gc,heap        ] GC(1001) DefNew: 17453K(19648K)->2169K(19648K) Eden: 17453K(17472K)->0K(17472K) From: 0K(2176K)->2169K(2176K)
[2026-06-17T10:05:09.091+0800][50.994s][info][gc,heap        ] GC(1001) Tenured: 30487K(43712K)->35985K(43712K)
[2026-06-17T10:05:09.092+0800][50.994s][info][gc,metaspace   ] GC(1001) Metaspace: 121K(320K)->121K(320K) NonClass: 114K(192K)->114K(192K) Class: 7K(128K)->7K(128K)
[2026-06-17T10:05:09.092+0800][50.994s][info][gc             ] GC(1001) Pause Young (Allocation Failure) 46M->37M(61M) 2.713ms
[2026-06-17T10:05:09.092+0800][50.995s][info][gc,cpu         ] GC(1001) User=0.00s Sys=0.00s Real=0.01s
[2026-06-17T10:05:09.134+0800][51.037s][info][gc,start       ] GC(1002) Pause Young (Allocation Failure)
[2026-06-17T10:05:09.139+0800][51.041s][info][gc,heap        ] GC(1002) DefNew: 19641K(19648K)->2167K(19648K) Eden: 17472K(17472K)->0K(17472K) From: 2169K(2176K)->2167K(2176K)
[2026-06-17T10:05:09.144+0800][51.046s][info][gc,heap        ] GC(1002) Tenured: 35985K(43712K)->40181K(43712K)
[2026-06-17T10:05:09.145+0800][51.047s][info][gc,metaspace   ] GC(1002) Metaspace: 121K(320K)->121K(320K) NonClass: 114K(192K)->114K(192K) Class: 7K(128K)->7K(128K)
[2026-06-17T10:05:09.145+0800][51.047s][info][gc             ] GC(1002) Pause Young (Allocation Failure) 54M->41M(61M) 10.649ms
[2026-06-17T10:05:09.146+0800][51.048s][info][gc,cpu         ] GC(1002) User=0.00s Sys=0.00s Real=0.01s
[2026-06-17T10:05:09.189+0800][51.091s][info][gc,start       ] GC(1003) Pause Full (Allocation Failure)
[2026-06-17T10:05:09.192+0800][51.094s][info][gc,phases,start] GC(1003) Phase 1: Mark live objects
[2026-06-17T10:05:09.193+0800][51.095s][info][gc,phases      ] GC(1003) Phase 1: Mark live objects 1.103ms
[2026-06-17T10:05:09.219+0800][51.121s][info][gc,phases,start] GC(1003) Phase 2: Compute new object addresses
[2026-06-17T10:05:09.219+0800][51.122s][info][gc,phases      ] GC(1003) Phase 2: Compute new object addresses 0.737ms
[2026-06-17T10:05:09.234+0800][51.136s][info][gc,phases,start] GC(1003) Phase 3: Adjust pointers
[2026-06-17T10:05:09.235+0800][51.137s][info][gc,phases      ] GC(1003) Phase 3: Adjust pointers 0.954ms
[2026-06-17T10:05:09.238+0800][51.140s][info][gc,phases,start] GC(1003) Phase 4: Move objects
[2026-06-17T10:05:09.243+0800][51.145s][info][gc,phases      ] GC(1003) Phase 4: Move objects 4.736ms
[2026-06-17T10:05:09.244+0800][51.146s][info][gc,heap        ] GC(1003) DefNew: 19412K(19648K)->0K(19648K) Eden: 17245K(17472K)->0K(17472K) From: 2167K(2176K)->0K(2176K)
[2026-06-17T10:05:09.253+0800][51.155s][info][gc,heap        ] GC(1003) Tenured: 40181K(43712K)->22353K(43712K)
[2026-06-17T10:05:09.253+0800][51.155s][info][gc,metaspace   ] GC(1003) Metaspace: 121K(320K)->121K(320K) NonClass: 114K(192K)->114K(192K) Class: 7K(128K)->7K(128K)
[2026-06-17T10:05:09.259+0800][51.161s][info][gc             ] GC(1003) Pause Full (Allocation Failure) 58M->21M(61M) 69.950ms
[2026-06-17T10:05:09.259+0800][51.161s][info][gc,cpu         ] GC(1003) User=0.00s Sys=0.00s Real=0.07s
[2026-06-17T10:05:09.312+0800][51.214s][info][gc,start       ] GC(1004) Pause Young (Allocation Failure)
[2026-06-17T10:05:09.313+0800][51.215s][info][gc,heap        ] GC(1004) DefNew: 17460K(19648K)->2085K(19648K) Eden: 17460K(17472K)->0K(17472K) From: 0K(2176K)->2085K(2176K)
[2026-06-17T10:05:09.313+0800][51.215s][info][gc,heap        ] GC(1004) Tenured: 22353K(43712K)->23828K(43712K)
[2026-06-17T10:05:09.313+0800][51.216s][info][gc,metaspace   ] GC(1004) Metaspace: 121K(320K)->121K(320K) NonClass: 114K(192K)->114K(192K) Class: 7K(128K)->7K(128K)
[2026-06-17T10:05:09.314+0800][51.216s][info][gc             ] GC(1004) Pause Young (Allocation Failure) 38M->25M(61M) 1.975ms
[2026-06-17T10:05:09.314+0800][51.216s][info][gc,cpu         ] GC(1004) User=0.00s Sys=0.00s Real=0.00s
[2026-06-17T10:05:09.356+0800][51.258s][info][gc,start       ] GC(1005) Pause Young (Allocation Failure)
[2026-06-17T10:05:09.358+0800][51.260s][info][gc,heap        ] GC(1005) DefNew: 19522K(19648K)->2171K(19648K) Eden: 17437K(17472K)->0K(17472K) From: 2085K(2176K)->2171K(2176K)
[2026-06-17T10:05:09.360+0800][51.262s][info][gc,heap        ] GC(1005) Tenured: 23828K(43712K)->27689K(43712K)
[2026-06-17T10:05:09.362+0800][51.264s][info][gc,metaspace   ] GC(1005) Metaspace: 121K(320K)->121K(320K) NonClass: 114K(192K)->114K(192K) Class: 7K(128K)->7K(128K)
[2026-06-17T10:05:09.364+0800][51.266s][info][gc             ] GC(1005) Pause Young (Allocation Failure) 42M->29M(61M) 7.774ms
[2026-06-17T10:05:09.366+0800][51.268s][info][gc,cpu         ] GC(1005) User=0.00s Sys=0.00s Real=0.01s
[2026-06-17T10:05:09.408+0800][51.311s][info][gc,start       ] GC(1006) Pause Young (Allocation Failure)
[2026-06-17T10:05:09.410+0800][51.312s][info][gc,heap        ] GC(1006) DefNew: 19612K(19648K)->2141K(19648K) Eden: 17440K(17472K)->0K(17472K) From: 2171K(2176K)->2141K(2176K)
[2026-06-17T10:05:09.410+0800][51.312s][info][gc,heap        ] GC(1006) Tenured: 27689K(43712K)->31715K(43712K)
[2026-06-17T10:05:09.410+0800][51.313s][info][gc,metaspace   ] GC(1006) Metaspace: 121K(320K)->121K(320K) NonClass: 114K(192K)->114K(192K) Class: 7K(128K)->7K(128K)
[2026-06-17T10:05:09.411+0800][51.313s][info][gc             ] GC(1006) Pause Young (Allocation Failure) 46M->33M(61M) 2.171ms
[2026-06-17T10:05:09.411+0800][51.313s][info][gc,cpu         ] GC(1006) User=0.00s Sys=0.00s Real=0.01s
[2026-06-17T10:05:09.453+0800][51.355s][info][gc,start       ] GC(1007) Pause Young (Allocation Failure)
[2026-06-17T10:05:09.454+0800][51.356s][info][gc,heap        ] GC(1007) DefNew: 19602K(19648K)->2174K(19648K) Eden: 17460K(17472K)->0K(17472K) From: 2141K(2176K)->2174K(2176K)
[2026-06-17T10:05:09.455+0800][51.357s][info][gc,heap        ] GC(1007) Tenured: 31715K(43712K)->35206K(43712K)
[2026-06-17T10:05:09.455+0800][51.357s][info][gc,metaspace   ] GC(1007) Metaspace: 121K(320K)->121K(320K) NonClass: 114K(192K)->114K(192K) Class: 7K(128K)->7K(128K)
[2026-06-17T10:05:09.455+0800][51.357s][info][gc             ] GC(1007) Pause Young (Allocation Failure) 50M->36M(61M) 1.934ms
[2026-06-17T10:05:09.455+0800][51.357s][info][gc,cpu         ] GC(1007) User=0.00s Sys=0.00s Real=0.00s
[2026-06-17T10:05:09.497+0800][51.399s][info][gc,start       ] GC(1008) Pause Young (Allocation Failure)
[2026-06-17T10:05:09.498+0800][51.400s][info][gc,heap        ] GC(1008) DefNew: 19563K(19648K)->2040K(19648K) Eden: 17388K(17472K)->0K(17472K) From: 2174K(2176K)->2040K(2176K)
[2026-06-17T10:05:09.498+0800][51.400s][info][gc,heap        ] GC(1008) Tenured: 35206K(43712K)->35573K(43712K)
[2026-06-17T10:05:09.498+0800][51.401s][info][gc,metaspace   ] GC(1008) Metaspace: 121K(320K)->121K(320K) NonClass: 114K(192K)->114K(192K) Class: 7K(128K)->7K(128K)
[2026-06-17T10:05:09.499+0800][51.401s][info][gc             ] GC(1008) Pause Young (Allocation Failure) 53M->36M(61M) 1.484ms
[2026-06-17T10:05:09.499+0800][51.401s][info][gc,cpu         ] GC(1008) User=0.00s Sys=0.00s Real=0.00s
[2026-06-17T10:05:09.541+0800][51.443s][info][gc,start       ] GC(1009) Pause Young (Allocation Failure)
[2026-06-17T10:05:09.542+0800][51.444s][info][gc,heap        ] GC(1009) DefNew: 19498K(19648K)->2173K(19648K) Eden: 17458K(17472K)->0K(17472K) From: 2040K(2176K)->2173K(2176K)
[2026-06-17T10:05:09.543+0800][51.445s][info][gc,heap        ] GC(1009) Tenured: 35573K(43712K)->42590K(43712K)
[2026-06-17T10:05:09.543+0800][51.446s][info][gc,metaspace   ] GC(1009) Metaspace: 121K(320K)->121K(320K) NonClass: 114K(192K)->114K(192K) Class: 7K(128K)->7K(128K)
[2026-06-17T10:05:09.544+0800][51.446s][info][gc             ] GC(1009) Pause Young (Allocation Failure) 53M->43M(61M) 2.621ms
[2026-06-17T10:05:09.544+0800][51.446s][info][gc,cpu         ] GC(1009) User=0.00s Sys=0.00s Real=0.01s
[2026-06-17T10:05:09.597+0800][51.499s][info][gc,start       ] GC(1010) Pause Full (Allocation Failure)
[2026-06-17T10:05:09.597+0800][51.499s][info][gc,phases,start] GC(1010) Phase 1: Mark live objects
[2026-06-17T10:05:09.598+0800][51.500s][info][gc,phases      ] GC(1010) Phase 1: Mark live objects 1.323ms
[2026-06-17T10:05:09.599+0800][51.501s][info][gc,phases,start] GC(1010) Phase 2: Compute new object addresses
[2026-06-17T10:05:09.599+0800][51.501s][info][gc,phases      ] GC(1010) Phase 2: Compute new object addresses 0.515ms
[2026-06-17T10:05:09.599+0800][51.502s][info][gc,phases,start] GC(1010) Phase 3: Adjust pointers
[2026-06-17T10:05:09.600+0800][51.502s][info][gc,phases      ] GC(1010) Phase 3: Adjust pointers 0.523ms
[2026-06-17T10:05:09.600+0800][51.502s][info][gc,phases,start] GC(1010) Phase 4: Move objects
[2026-06-17T10:05:09.602+0800][51.504s][info][gc,phases      ] GC(1010) Phase 4: Move objects 1.756ms
[2026-06-17T10:05:09.602+0800][51.504s][info][gc,heap        ] GC(1010) DefNew: 19634K(19648K)->0K(19648K) Eden: 17460K(17472K)->0K(17472K) From: 2173K(2176K)->0K(2176K)
[2026-06-17T10:05:09.602+0800][51.505s][info][gc,heap        ] GC(1010) Tenured: 42590K(43712K)->23273K(43712K)
[2026-06-17T10:05:09.603+0800][51.505s][info][gc,metaspace   ] GC(1010) Metaspace: 121K(320K)->121K(320K) NonClass: 114K(192K)->114K(192K) Class: 7K(128K)->7K(128K)
[2026-06-17T10:05:09.603+0800][51.505s][info][gc             ] GC(1010) Pause Full (Allocation Failure) 60M->22M(61M) 6.258ms
[2026-06-17T10:05:09.603+0800][51.505s][info][gc,cpu         ] GC(1010) User=0.01s Sys=0.00s Real=0.01s
[2026-06-17T10:05:09.645+0800][51.547s][info][gc,start       ] GC(1011) Pause Young (Allocation Failure)
[2026-06-17T10:05:09.646+0800][51.548s][info][gc,heap        ] GC(1011) DefNew: 17462K(19648K)->2175K(19648K) Eden: 17462K(17472K)->0K(17472K) From: 0K(2176K)->2175K(2176K)
[2026-06-17T10:05:09.647+0800][51.549s][info][gc,heap        ] GC(1011) Tenured: 23273K(43712K)->27941K(43712K)
[2026-06-17T10:05:09.647+0800][51.549s][info][gc,metaspace   ] GC(1011) Metaspace: 121K(320K)->121K(320K) NonClass: 114K(192K)->114K(192K) Class: 7K(128K)->7K(128K)
[2026-06-17T10:05:09.647+0800][51.549s][info][gc             ] GC(1011) Pause Young (Allocation Failure) 39M->29M(61M) 2.040ms
[2026-06-17T10:05:09.647+0800][51.549s][info][gc,cpu         ] GC(1011) User=0.00s Sys=0.00s Real=0.00s
[2026-06-17T10:05:09.689+0800][51.591s][info][gc,start       ] GC(1012) Pause Young (Allocation Failure)
[2026-06-17T10:05:09.690+0800][51.592s][info][gc,heap        ] GC(1012) DefNew: 19638K(19648K)->2166K(19648K) Eden: 17462K(17472K)->0K(17472K) From: 2175K(2176K)->2166K(2176K)
[2026-06-17T10:05:09.691+0800][51.593s][info][gc,heap        ] GC(1012) Tenured: 27941K(43712K)->31851K(43712K)
[2026-06-17T10:05:09.691+0800][51.593s][info][gc,metaspace   ] GC(1012) Metaspace: 121K(320K)->121K(320K) NonClass: 114K(192K)->114K(192K) Class: 7K(128K)->7K(128K)
[2026-06-17T10:05:09.691+0800][51.593s][info][gc             ] GC(1012) Pause Young (Allocation Failure) 46M->33M(61M) 1.959ms
[2026-06-17T10:05:09.691+0800][51.594s][info][gc,cpu         ] GC(1012) User=0.00s Sys=0.00s Real=0.01s
[2026-06-17T10:05:09.733+0800][51.636s][info][gc,start       ] GC(1013) Pause Young (Allocation Failure)
[2026-06-17T10:05:09.734+0800][51.636s][info][gc,heap        ] GC(1013) DefNew: 19623K(19648K)->2175K(19648K) Eden: 17457K(17472K)->0K(17472K) From: 2166K(2176K)->2175K(2176K)
[2026-06-17T10:05:09.735+0800][51.637s][info][gc,heap        ] GC(1013) Tenured: 31851K(43712K)->35094K(43712K)
[2026-06-17T10:05:09.735+0800][51.637s][info][gc,metaspace   ] GC(1013) Metaspace: 121K(320K)->121K(320K) NonClass: 114K(192K)->114K(192K) Class: 7K(128K)->7K(128K)
[2026-06-17T10:05:09.735+0800][51.637s][info][gc             ] GC(1013) Pause Young (Allocation Failure) 50M->36M(61M) 1.622ms
[2026-06-17T10:05:09.735+0800][51.637s][info][gc,cpu         ] GC(1013) User=0.01s Sys=0.00s Real=0.00s
[2026-06-17T10:05:09.777+0800][51.679s][info][gc,start       ] GC(1014) Pause Young (Allocation Failure)
[2026-06-17T10:05:09.778+0800][51.680s][info][gc,heap        ] GC(1014) DefNew: 19647K(19648K)->2068K(19648K) Eden: 17472K(17472K)->0K(17472K) From: 2175K(2176K)->2068K(2176K)
[2026-06-17T10:05:09.779+0800][51.681s][info][gc,heap        ] GC(1014) Tenured: 35094K(43712K)->40585K(43712K)
[2026-06-17T10:05:09.779+0800][51.681s][info][gc,metaspace   ] GC(1014) Metaspace: 121K(320K)->121K(320K) NonClass: 114K(192K)->114K(192K) Class: 7K(128K)->7K(128K)
[2026-06-17T10:05:09.779+0800][51.681s][info][gc             ] GC(1014) Pause Young (Allocation Failure) 53M->41M(61M) 2.056ms
[2026-06-17T10:05:09.779+0800][51.682s][info][gc,cpu         ] GC(1014) User=0.00s Sys=0.00s Real=0.00s
[2026-06-17T10:05:09.831+0800][51.734s][info][gc,start       ] GC(1015) Pause Full (Allocation Failure)
[2026-06-17T10:05:09.833+0800][51.735s][info][gc,phases,start] GC(1015) Phase 1: Mark live objects
[2026-06-17T10:05:09.834+0800][51.736s][info][gc,phases      ] GC(1015) Phase 1: Mark live objects 0.998ms
[2026-06-17T10:05:09.834+0800][51.736s][info][gc,phases,start] GC(1015) Phase 2: Compute new object addresses
[2026-06-17T10:05:09.835+0800][51.737s][info][gc,phases      ] GC(1015) Phase 2: Compute new object addresses 0.649ms
[2026-06-17T10:05:09.835+0800][51.737s][info][gc,phases,start] GC(1015) Phase 3: Adjust pointers
[2026-06-17T10:05:09.835+0800][51.738s][info][gc,phases      ] GC(1015) Phase 3: Adjust pointers 0.475ms
[2026-06-17T10:05:09.836+0800][51.738s][info][gc,phases,start] GC(1015) Phase 4: Move objects
[2026-06-17T10:05:09.838+0800][51.740s][info][gc,phases      ] GC(1015) Phase 4: Move objects 1.799ms
[2026-06-17T10:05:09.838+0800][51.740s][info][gc,heap        ] GC(1015) DefNew: 19508K(19648K)->0K(19648K) Eden: 17439K(17472K)->0K(17472K) From: 2068K(2176K)->0K(2176K)
[2026-06-17T10:05:09.838+0800][51.740s][info][gc,heap        ] GC(1015) Tenured: 40585K(43712K)->28120K(43712K)
[2026-06-17T10:05:09.838+0800][51.740s][info][gc,metaspace   ] GC(1015) Metaspace: 121K(320K)->121K(320K) NonClass: 114K(192K)->114K(192K) Class: 7K(128K)->7K(128K)
[2026-06-17T10:05:09.838+0800][51.741s][info][gc             ] GC(1015) Pause Full (Allocation Failure) 58M->27M(61M) 6.928ms
[2026-06-17T10:05:09.839+0800][51.741s][info][gc,cpu         ] GC(1015) User=0.00s Sys=0.00s Real=0.00s
[2026-06-17T10:05:09.871+0800][51.773s][info][gc,start       ] GC(1016) Pause Young (Allocation Failure)
[2026-06-17T10:05:09.875+0800][51.777s][info][gc,heap        ] GC(1016) DefNew: 17353K(19648K)->2168K(19648K) Eden: 17353K(17472K)->0K(17472K) From: 0K(2176K)->2168K(2176K)
[2026-06-17T10:05:09.877+0800][51.779s][info][gc,heap        ] GC(1016) Tenured: 28120K(43712K)->32576K(43712K)
[2026-06-17T10:05:09.879+0800][51.782s][info][gc,metaspace   ] GC(1016) Metaspace: 121K(320K)->121K(320K) NonClass: 114K(192K)->114K(192K) Class: 7K(128K)->7K(128K)
[2026-06-17T10:05:09.881+0800][51.784s][info][gc             ] GC(1016) Pause Young (Allocation Failure) 44M->33M(61M) 10.536ms
[2026-06-17T10:05:09.883+0800][51.785s][info][gc,cpu         ] GC(1016) User=0.01s Sys=0.00s Real=0.01s
[2026-06-17T10:05:09.927+0800][51.829s][info][gc,start       ] GC(1017) Pause Young (Allocation Failure)
[2026-06-17T10:05:09.928+0800][51.830s][info][gc,heap        ] GC(1017) DefNew: 19640K(19648K)->2172K(19648K) Eden: 17472K(17472K)->0K(17472K) From: 2168K(2176K)->2172K(2176K)
[2026-06-17T10:05:09.929+0800][51.831s][info][gc,heap        ] GC(1017) Tenured: 32576K(43712K)->39644K(43712K)
[2026-06-17T10:05:09.929+0800][51.831s][info][gc,metaspace   ] GC(1017) Metaspace: 121K(320K)->121K(320K) NonClass: 114K(192K)->114K(192K) Class: 7K(128K)->7K(128K)
[2026-06-17T10:05:09.929+0800][51.831s][info][gc             ] GC(1017) Pause Young (Allocation Failure) 50M->40M(61M) 2.085ms
[2026-06-17T10:05:09.929+0800][51.831s][info][gc,cpu         ] GC(1017) User=0.00s Sys=0.00s Real=0.00s
[2026-06-17T10:05:09.981+0800][51.883s][info][gc,start       ] GC(1018) Pause Full (Allocation Failure)
[2026-06-17T10:05:09.982+0800][51.884s][info][gc,phases,start] GC(1018) Phase 1: Mark live objects
[2026-06-17T10:05:09.983+0800][51.885s][info][gc,phases      ] GC(1018) Phase 1: Mark live objects 1.068ms
[2026-06-17T10:05:09.983+0800][51.885s][info][gc,phases,start] GC(1018) Phase 2: Compute new object addresses
[2026-06-17T10:05:09.983+0800][51.886s][info][gc,phases      ] GC(1018) Phase 2: Compute new object addresses 0.509ms
[2026-06-17T10:05:09.984+0800][51.886s][info][gc,phases,start] GC(1018) Phase 3: Adjust pointers
[2026-06-17T10:05:09.984+0800][51.886s][info][gc,phases      ] GC(1018) Phase 3: Adjust pointers 0.425ms
[2026-06-17T10:05:09.984+0800][51.886s][info][gc,phases,start] GC(1018) Phase 4: Move objects
[2026-06-17T10:05:09.986+0800][51.889s][info][gc,phases      ] GC(1018) Phase 4: Move objects 2.166ms
[2026-06-17T10:05:09.987+0800][51.889s][info][gc,heap        ] GC(1018) DefNew: 19624K(19648K)->0K(19648K) Eden: 17451K(17472K)->0K(17472K) From: 2172K(2176K)->0K(2176K)
[2026-06-17T10:05:09.987+0800][51.889s][info][gc,heap        ] GC(1018) Tenured: 39644K(43712K)->29583K(43712K)
[2026-06-17T10:05:09.987+0800][51.889s][info][gc,metaspace   ] GC(1018) Metaspace: 121K(320K)->121K(320K) NonClass: 114K(192K)->114K(192K) Class: 7K(128K)->7K(128K)
[2026-06-17T10:05:09.987+0800][51.890s][info][gc             ] GC(1018) Pause Full (Allocation Failure) 57M->28M(61M) 6.365ms
[2026-06-17T10:05:09.988+0800][51.890s][info][gc,cpu         ] GC(1018) User=0.00s Sys=0.00s Real=0.01s
[2026-06-17T10:05:10.030+0800][51.932s][info][gc,start       ] GC(1019) Pause Young (Allocation Failure)
[2026-06-17T10:05:10.031+0800][51.933s][info][gc,heap        ] GC(1019) DefNew: 17472K(19648K)->2173K(19648K) Eden: 17472K(17472K)->0K(17472K) From: 0K(2176K)->2173K(2176K)
[2026-06-17T10:05:10.031+0800][51.933s][info][gc,heap        ] GC(1019) Tenured: 29583K(43712K)->34685K(43712K)
[2026-06-17T10:05:10.032+0800][51.934s][info][gc,metaspace   ] GC(1019) Metaspace: 121K(320K)->121K(320K) NonClass: 114K(192K)->114K(192K) Class: 7K(128K)->7K(128K)
[2026-06-17T10:05:10.032+0800][51.934s][info][gc             ] GC(1019) Pause Young (Allocation Failure) 45M->35M(61M) 2.055ms
[2026-06-17T10:05:10.032+0800][51.934s][info][gc,cpu         ] GC(1019) User=0.01s Sys=0.00s Real=0.01s
[2026-06-17T10:05:10.074+0800][51.976s][info][gc,start       ] GC(1020) Pause Young (Allocation Failure)
[2026-06-17T10:05:10.075+0800][51.977s][info][gc,heap        ] GC(1020) DefNew: 19635K(19648K)->2164K(19648K) Eden: 17462K(17472K)->0K(17472K) From: 2173K(2176K)->2164K(2176K)
[2026-06-17T10:05:10.075+0800][51.978s][info][gc,heap        ] GC(1020) Tenured: 34685K(43712K)->39293K(43712K)
[2026-06-17T10:05:10.076+0800][51.978s][info][gc,metaspace   ] GC(1020) Metaspace: 121K(320K)->121K(320K) NonClass: 114K(192K)->114K(192K) Class: 7K(128K)->7K(128K)
[2026-06-17T10:05:10.077+0800][51.979s][info][gc             ] GC(1020) Pause Young (Allocation Failure) 53M->40M(61M) 2.653ms
[2026-06-17T10:05:10.077+0800][51.979s][info][gc,cpu         ] GC(1020) User=0.00s Sys=0.00s Real=0.00s
[2026-06-17T10:05:10.119+0800][52.021s][info][gc,start       ] GC(1021) Pause Full (Allocation Failure)
[2026-06-17T10:05:10.119+0800][52.022s][info][gc,phases,start] GC(1021) Phase 1: Mark live objects
[2026-06-17T10:05:10.121+0800][52.023s][info][gc,phases      ] GC(1021) Phase 1: Mark live objects 1.554ms
[2026-06-17T10:05:10.121+0800][52.024s][info][gc,phases,start] GC(1021) Phase 2: Compute new object addresses
[2026-06-17T10:05:10.122+0800][52.024s][info][gc,phases      ] GC(1021) Phase 2: Compute new object addresses 0.558ms
[2026-06-17T10:05:10.122+0800][52.024s][info][gc,phases,start] GC(1021) Phase 3: Adjust pointers
[2026-06-17T10:05:10.123+0800][52.025s][info][gc,phases      ] GC(1021) Phase 3: Adjust pointers 0.524ms
[2026-06-17T10:05:10.123+0800][52.025s][info][gc,phases,start] GC(1021) Phase 4: Move objects
[2026-06-17T10:05:10.125+0800][52.028s][info][gc,phases      ] GC(1021) Phase 4: Move objects 2.506ms
[2026-06-17T10:05:10.126+0800][52.028s][info][gc,heap        ] GC(1021) DefNew: 19621K(19648K)->0K(19648K) Eden: 17457K(17472K)->0K(17472K) From: 2164K(2176K)->0K(2176K)
[2026-06-17T10:05:10.126+0800][52.028s][info][gc,heap        ] GC(1021) Tenured: 39293K(43712K)->25307K(43712K)
[2026-06-17T10:05:10.126+0800][52.028s][info][gc,metaspace   ] GC(1021) Metaspace: 121K(320K)->121K(320K) NonClass: 114K(192K)->114K(192K) Class: 7K(128K)->7K(128K)
[2026-06-17T10:05:10.126+0800][52.029s][info][gc             ] GC(1021) Pause Full (Allocation Failure) 57M->24M(61M) 7.433ms
[2026-06-17T10:05:10.127+0800][52.029s][info][gc,cpu         ] GC(1021) User=0.00s Sys=0.00s Real=0.01s
[2026-06-17T10:05:10.169+0800][52.072s][info][gc,start       ] GC(1022) Pause Young (Allocation Failure)
[2026-06-17T10:05:10.171+0800][52.073s][info][gc,heap        ] GC(1022) DefNew: 17448K(19648K)->2174K(19648K) Eden: 17448K(17472K)->0K(17472K) From: 0K(2176K)->2174K(2176K)
[2026-06-17T10:05:10.171+0800][52.073s][info][gc,heap        ] GC(1022) Tenured: 25307K(43712K)->30364K(43712K)
[2026-06-17T10:05:10.171+0800][52.073s][info][gc,metaspace   ] GC(1022) Metaspace: 121K(320K)->121K(320K) NonClass: 114K(192K)->114K(192K) Class: 7K(128K)->7K(128K)
[2026-06-17T10:05:10.171+0800][52.073s][info][gc             ] GC(1022) Pause Young (Allocation Failure) 41M->31M(61M) 1.706ms
[2026-06-17T10:05:10.171+0800][52.074s][info][gc,cpu         ] GC(1022) User=0.00s Sys=0.00s Real=0.01s
[2026-06-17T10:05:10.224+0800][52.126s][info][gc,start       ] GC(1023) Pause Young (Allocation Failure)
[2026-06-17T10:05:10.225+0800][52.127s][info][gc,heap        ] GC(1023) DefNew: 19596K(19648K)->2082K(19648K) Eden: 17422K(17472K)->0K(17472K) From: 2174K(2176K)->2082K(2176K)
[2026-06-17T10:05:10.225+0800][52.127s][info][gc,heap        ] GC(1023) Tenured: 30364K(43712K)->31348K(43712K)
[2026-06-17T10:05:10.225+0800][52.127s][info][gc,metaspace   ] GC(1023) Metaspace: 121K(320K)->121K(320K) NonClass: 114K(192K)->114K(192K) Class: 7K(128K)->7K(128K)
[2026-06-17T10:05:10.225+0800][52.127s][info][gc             ] GC(1023) Pause Young (Allocation Failure) 48M->32M(61M) 1.615ms
[2026-06-17T10:05:10.226+0800][52.128s][info][gc,cpu         ] GC(1023) User=0.00s Sys=0.00s Real=0.00s
[2026-06-17T10:05:10.267+0800][52.170s][info][gc,start       ] GC(1024) Pause Young (Allocation Failure)
[2026-06-17T10:05:10.268+0800][52.171s][info][gc,heap        ] GC(1024) DefNew: 19554K(19648K)->2113K(19648K) Eden: 17472K(17472K)->0K(17472K) From: 2082K(2176K)->2113K(2176K)
[2026-06-17T10:05:10.269+0800][52.171s][info][gc,heap        ] GC(1024) Tenured: 31348K(43712K)->34876K(43712K)
[2026-06-17T10:05:10.269+0800][52.171s][info][gc,metaspace   ] GC(1024) Metaspace: 121K(320K)->121K(320K) NonClass: 114K(192K)->114K(192K) Class: 7K(128K)->7K(128K)
[2026-06-17T10:05:10.269+0800][52.171s][info][gc             ] GC(1024) Pause Young (Allocation Failure) 49M->36M(61M) 1.751ms
[2026-06-17T10:05:10.269+0800][52.172s][info][gc,cpu         ] GC(1024) User=0.00s Sys=0.00s Real=0.00s
[2026-06-17T10:05:10.312+0800][52.214s][info][gc,start       ] GC(1025) Pause Young (Allocation Failure)
[2026-06-17T10:05:10.313+0800][52.215s][info][gc,heap        ] GC(1025) DefNew: 19579K(19648K)->2168K(19648K) Eden: 17465K(17472K)->0K(17472K) From: 2113K(2176K)->2168K(2176K)
[2026-06-17T10:05:10.313+0800][52.216s][info][gc,heap        ] GC(1025) Tenured: 34876K(43712K)->38214K(43712K)
[2026-06-17T10:05:10.314+0800][52.216s][info][gc,metaspace   ] GC(1025) Metaspace: 121K(320K)->121K(320K) NonClass: 114K(192K)->114K(192K) Class: 7K(128K)->7K(128K)
[2026-06-17T10:05:10.314+0800][52.216s][info][gc             ] GC(1025) Pause Young (Allocation Failure) 53M->39M(61M) 2.214ms
[2026-06-17T10:05:10.314+0800][52.216s][info][gc,cpu         ] GC(1025) User=0.00s Sys=0.00s Real=0.00s
[2026-06-17T10:05:10.356+0800][52.258s][info][gc,start       ] GC(1026) Pause Full (Allocation Failure)
[2026-06-17T10:05:10.357+0800][52.259s][info][gc,phases,start] GC(1026) Phase 1: Mark live objects
[2026-06-17T10:05:10.357+0800][52.260s][info][gc,phases      ] GC(1026) Phase 1: Mark live objects 0.844ms
[2026-06-17T10:05:10.358+0800][52.260s][info][gc,phases,start] GC(1026) Phase 2: Compute new object addresses
[2026-06-17T10:05:10.359+0800][52.261s][info][gc,phases      ] GC(1026) Phase 2: Compute new object addresses 0.761ms
[2026-06-17T10:05:10.359+0800][52.261s][info][gc,phases,start] GC(1026) Phase 3: Adjust pointers
[2026-06-17T10:05:10.360+0800][52.262s][info][gc,phases      ] GC(1026) Phase 3: Adjust pointers 0.577ms
[2026-06-17T10:05:10.360+0800][52.262s][info][gc,phases,start] GC(1026) Phase 4: Move objects
[2026-06-17T10:05:10.362+0800][52.265s][info][gc,phases      ] GC(1026) Phase 4: Move objects 2.551ms
[2026-06-17T10:05:10.363+0800][52.265s][info][gc,heap        ] GC(1026) DefNew: 19614K(19648K)->0K(19648K) Eden: 17445K(17472K)->0K(17472K) From: 2168K(2176K)->0K(2176K)
[2026-06-17T10:05:10.363+0800][52.265s][info][gc,heap        ] GC(1026) Tenured: 38214K(43712K)->29802K(43712K)
[2026-06-17T10:05:10.363+0800][52.265s][info][gc,metaspace   ] GC(1026) Metaspace: 121K(320K)->121K(320K) NonClass: 114K(192K)->114K(192K) Class: 7K(128K)->7K(128K)
[2026-06-17T10:05:10.363+0800][52.265s][info][gc             ] GC(1026) Pause Full (Allocation Failure) 56M->29M(61M) 7.186ms
[2026-06-17T10:05:10.363+0800][52.266s][info][gc,cpu         ] GC(1026) User=0.01s Sys=0.00s Real=0.01s
[2026-06-17T10:05:10.406+0800][52.308s][info][gc,start       ] GC(1027) Pause Young (Allocation Failure)
[2026-06-17T10:05:10.407+0800][52.309s][info][gc,heap        ] GC(1027) DefNew: 17472K(19648K)->2170K(19648K) Eden: 17472K(17472K)->0K(17472K) From: 0K(2176K)->2170K(2176K)
[2026-06-17T10:05:10.407+0800][52.309s][info][gc,heap        ] GC(1027) Tenured: 29802K(43712K)->34881K(43712K)
[2026-06-17T10:05:10.408+0800][52.310s][info][gc,metaspace   ] GC(1027) Metaspace: 121K(320K)->121K(320K) NonClass: 114K(192K)->114K(192K) Class: 7K(128K)->7K(128K)
[2026-06-17T10:05:10.408+0800][52.310s][info][gc             ] GC(1027) Pause Young (Allocation Failure) 46M->36M(61M) 2.251ms
[2026-06-17T10:05:10.408+0800][52.310s][info][gc,cpu         ] GC(1027) User=0.00s Sys=0.00s Real=0.00s
[2026-06-17T10:05:10.460+0800][52.362s][info][gc,start       ] GC(1028) Pause Young (Allocation Failure)
[2026-06-17T10:05:10.461+0800][52.363s][info][gc,heap        ] GC(1028) DefNew: 19639K(19648K)->2171K(19648K) Eden: 17468K(17472K)->0K(17472K) From: 2170K(2176K)->2171K(2176K)
[2026-06-17T10:05:10.461+0800][52.364s][info][gc,heap        ] GC(1028) Tenured: 34881K(43712K)->36608K(43712K)
[2026-06-17T10:05:10.461+0800][52.364s][info][gc,metaspace   ] GC(1028) Metaspace: 121K(320K)->121K(320K) NonClass: 114K(192K)->114K(192K) Class: 7K(128K)->7K(128K)
[2026-06-17T10:05:10.462+0800][52.364s][info][gc             ] GC(1028) Pause Young (Allocation Failure) 53M->37M(61M) 1.505ms
[2026-06-17T10:05:10.462+0800][52.364s][info][gc,cpu         ] GC(1028) User=0.00s Sys=0.00s Real=0.00s
[2026-06-17T10:05:10.493+0800][52.396s][info][gc,start       ] GC(1029) Pause Full (Allocation Failure)
[2026-06-17T10:05:10.494+0800][52.396s][info][gc,phases,start] GC(1029) Phase 1: Mark live objects
[2026-06-17T10:05:10.496+0800][52.398s][info][gc,phases      ] GC(1029) Phase 1: Mark live objects 1.528ms
[2026-06-17T10:05:10.496+0800][52.398s][info][gc,phases,start] GC(1029) Phase 2: Compute new object addresses
[2026-06-17T10:05:10.498+0800][52.400s][info][gc,phases      ] GC(1029) Phase 2: Compute new object addresses 2.068ms
[2026-06-17T10:05:10.499+0800][52.401s][info][gc,phases,start] GC(1029) Phase 3: Adjust pointers
[2026-06-17T10:05:10.501+0800][52.403s][info][gc,phases      ] GC(1029) Phase 3: Adjust pointers 2.391ms
[2026-06-17T10:05:10.503+0800][52.405s][info][gc,phases,start] GC(1029) Phase 4: Move objects
[2026-06-17T10:05:10.506+0800][52.408s][info][gc,phases      ] GC(1029) Phase 4: Move objects 3.409ms
[2026-06-17T10:05:10.507+0800][52.409s][info][gc,heap        ] GC(1029) DefNew: 18494K(19648K)->0K(19648K) Eden: 16323K(17472K)->0K(17472K) From: 2171K(2176K)->0K(2176K)
[2026-06-17T10:05:10.507+0800][52.409s][info][gc,heap        ] GC(1029) Tenured: 36608K(43712K)->27341K(43712K)
[2026-06-17T10:05:10.507+0800][52.409s][info][gc,metaspace   ] GC(1029) Metaspace: 121K(320K)->121K(320K) NonClass: 114K(192K)->114K(192K) Class: 7K(128K)->7K(128K)
[2026-06-17T10:05:10.507+0800][52.410s][info][gc             ] GC(1029) Pause Full (Allocation Failure) 53M->26M(61M) 13.967ms
[2026-06-17T10:05:10.508+0800][52.410s][info][gc,cpu         ] GC(1029) User=0.00s Sys=0.00s Real=0.01s
[2026-06-17T10:05:10.560+0800][52.462s][info][gc,start       ] GC(1030) Pause Young (Allocation Failure)
[2026-06-17T10:05:10.561+0800][52.463s][info][gc,heap        ] GC(1030) DefNew: 17445K(19648K)->2151K(19648K) Eden: 17445K(17472K)->0K(17472K) From: 0K(2176K)->2151K(2176K)
[2026-06-17T10:05:10.561+0800][52.463s][info][gc,heap        ] GC(1030) Tenured: 27341K(43712K)->28472K(43712K)
[2026-06-17T10:05:10.561+0800][52.463s][info][gc,metaspace   ] GC(1030) Metaspace: 121K(320K)->121K(320K) NonClass: 114K(192K)->114K(192K) Class: 7K(128K)->7K(128K)
[2026-06-17T10:05:10.561+0800][52.463s][info][gc             ] GC(1030) Pause Young (Allocation Failure) 43M->29M(61M) 1.355ms
[2026-06-17T10:05:10.561+0800][52.463s][info][gc,cpu         ] GC(1030) User=0.00s Sys=0.00s Real=0.00s
[2026-06-17T10:05:10.603+0800][52.505s][info][gc,start       ] GC(1031) Pause Young (Allocation Failure)
[2026-06-17T10:05:10.604+0800][52.506s][info][gc,heap        ] GC(1031) DefNew: 19623K(19648K)->2129K(19648K) Eden: 17472K(17472K)->0K(17472K) From: 2151K(2176K)->2129K(2176K)
[2026-06-17T10:05:10.605+0800][52.507s][info][gc,heap        ] GC(1031) Tenured: 28472K(43712K)->32232K(43712K)
[2026-06-17T10:05:10.605+0800][52.507s][info][gc,metaspace   ] GC(1031) Metaspace: 121K(320K)->121K(320K) NonClass: 114K(192K)->114K(192K) Class: 7K(128K)->7K(128K)
[2026-06-17T10:05:10.605+0800][52.507s][info][gc             ] GC(1031) Pause Young (Allocation Failure) 46M->33M(61M) 1.645ms
[2026-06-17T10:05:10.605+0800][52.507s][info][gc,cpu         ] GC(1031) User=0.00s Sys=0.00s Real=0.00s
[2026-06-17T10:05:10.647+0800][52.549s][info][gc,start       ] GC(1032) Pause Young (Allocation Failure)
[2026-06-17T10:05:10.648+0800][52.550s][info][gc,heap        ] GC(1032) DefNew: 19601K(19648K)->2148K(19648K) Eden: 17472K(17472K)->0K(17472K) From: 2129K(2176K)->2148K(2176K)
[2026-06-17T10:05:10.648+0800][52.551s][info][gc,heap        ] GC(1032) Tenured: 32232K(43712K)->36204K(43712K)
[2026-06-17T10:05:10.649+0800][52.551s][info][gc,metaspace   ] GC(1032) Metaspace: 121K(320K)->121K(320K) NonClass: 114K(192K)->114K(192K) Class: 7K(128K)->7K(128K)
[2026-06-17T10:05:10.649+0800][52.551s][info][gc             ] GC(1032) Pause Young (Allocation Failure) 50M->37M(61M) 1.719ms
[2026-06-17T10:05:10.649+0800][52.551s][info][gc,cpu         ] GC(1032) User=0.00s Sys=0.00s Real=0.00s
[2026-06-17T10:05:10.691+0800][52.593s][info][gc,start       ] GC(1033) Pause Young (Allocation Failure)
[2026-06-17T10:05:10.692+0800][52.594s][info][gc,heap        ] GC(1033) DefNew: 18742K(19648K)->1787K(19648K) Eden: 16593K(17472K)->0K(17472K) From: 2148K(2176K)->1787K(2176K)
[2026-06-17T10:05:10.692+0800][52.594s][info][gc,heap        ] GC(1033) Tenured: 36204K(43712K)->36492K(43712K)
[2026-06-17T10:05:10.692+0800][52.594s][info][gc,metaspace   ] GC(1033) Metaspace: 121K(320K)->121K(320K) NonClass: 114K(192K)->114K(192K) Class: 7K(128K)->7K(128K)
[2026-06-17T10:05:10.693+0800][52.595s][info][gc             ] GC(1033) Pause Young (Allocation Failure) 53M->37M(61M) 1.667ms
[2026-06-17T10:05:10.693+0800][52.595s][info][gc,cpu         ] GC(1033) User=0.00s Sys=0.00s Real=0.00s
[2026-06-17T10:05:10.735+0800][52.637s][info][gc,start       ] GC(1034) Pause Young (Allocation Failure)
[2026-06-17T10:05:10.736+0800][52.638s][info][gc,heap        ] GC(1034) DefNew: 19088K(19648K)->2141K(19648K) Eden: 17301K(17472K)->0K(17472K) From: 1787K(2176K)->2141K(2176K)
[2026-06-17T10:05:10.736+0800][52.638s][info][gc,heap        ] GC(1034) Tenured: 36492K(43712K)->39408K(43712K)
[2026-06-17T10:05:10.736+0800][52.638s][info][gc,metaspace   ] GC(1034) Metaspace: 121K(320K)->121K(320K) NonClass: 114K(192K)->114K(192K) Class: 7K(128K)->7K(128K)
[2026-06-17T10:05:10.737+0800][52.639s][info][gc             ] GC(1034) Pause Young (Allocation Failure) 54M->40M(61M) 1.854ms
[2026-06-17T10:05:10.737+0800][52.639s][info][gc,cpu         ] GC(1034) User=0.00s Sys=0.00s Real=0.00s
[2026-06-17T10:05:10.779+0800][52.681s][info][gc,start       ] GC(1035) Pause Full (Allocation Failure)
[2026-06-17T10:05:10.780+0800][52.682s][info][gc,phases,start] GC(1035) Phase 1: Mark live objects
[2026-06-17T10:05:10.781+0800][52.683s][info][gc,phases      ] GC(1035) Phase 1: Mark live objects 0.848ms
[2026-06-17T10:05:10.781+0800][52.683s][info][gc,phases,start] GC(1035) Phase 2: Compute new object addresses
[2026-06-17T10:05:10.781+0800][52.684s][info][gc,phases      ] GC(1035) Phase 2: Compute new object addresses 0.382ms
[2026-06-17T10:05:10.782+0800][52.684s][info][gc,phases,start] GC(1035) Phase 3: Adjust pointers
[2026-06-17T10:05:10.782+0800][52.684s][info][gc,phases      ] GC(1035) Phase 3: Adjust pointers 0.441ms
[2026-06-17T10:05:10.782+0800][52.684s][info][gc,phases,start] GC(1035) Phase 4: Move objects
[2026-06-17T10:05:10.784+0800][52.686s][info][gc,phases      ] GC(1035) Phase 4: Move objects 1.896ms
[2026-06-17T10:05:10.784+0800][52.687s][info][gc,heap        ] GC(1035) DefNew: 19600K(19648K)->0K(19648K) Eden: 17458K(17472K)->0K(17472K) From: 2141K(2176K)->0K(2176K)
[2026-06-17T10:05:10.785+0800][52.687s][info][gc,heap        ] GC(1035) Tenured: 39408K(43712K)->28946K(43712K)
[2026-06-17T10:05:10.785+0800][52.687s][info][gc,metaspace   ] GC(1035) Metaspace: 121K(320K)->121K(320K) NonClass: 114K(192K)->114K(192K) Class: 7K(128K)->7K(128K)
[2026-06-17T10:05:10.785+0800][52.688s][info][gc             ] GC(1035) Pause Full (Allocation Failure) 57M->28M(61M) 6.167ms
[2026-06-17T10:05:10.786+0800][52.688s][info][gc,cpu         ] GC(1035) User=0.00s Sys=0.00s Real=0.01s
[2026-06-17T10:05:10.838+0800][52.740s][info][gc,start       ] GC(1036) Pause Young (Allocation Failure)
[2026-06-17T10:05:10.839+0800][52.741s][info][gc,heap        ] GC(1036) DefNew: 17434K(19648K)->2169K(19648K) Eden: 17434K(17472K)->0K(17472K) From: 0K(2176K)->2169K(2176K)
[2026-06-17T10:05:10.839+0800][52.741s][info][gc,heap        ] GC(1036) Tenured: 28946K(43712K)->30824K(43712K)
[2026-06-17T10:05:10.839+0800][52.741s][info][gc,metaspace   ] GC(1036) Metaspace: 121K(320K)->121K(320K) NonClass: 114K(192K)->114K(192K) Class: 7K(128K)->7K(128K)
[2026-06-17T10:05:10.839+0800][52.741s][info][gc             ] GC(1036) Pause Young (Allocation Failure) 45M->32M(61M) 1.548ms
[2026-06-17T10:05:10.840+0800][52.742s][info][gc,cpu         ] GC(1036) User=0.00s Sys=0.00s Real=0.00s
[2026-06-17T10:05:10.882+0800][52.784s][info][gc,start       ] GC(1037) Pause Young (Allocation Failure)
[2026-06-17T10:05:10.883+0800][52.785s][info][gc,heap        ] GC(1037) DefNew: 19596K(19648K)->2048K(19648K) Eden: 17426K(17472K)->0K(17472K) From: 2169K(2176K)->2048K(2176K)
[2026-06-17T10:05:10.883+0800][52.785s][info][gc,heap        ] GC(1037) Tenured: 30824K(43712K)->34455K(43712K)
[2026-06-17T10:05:10.883+0800][52.786s][info][gc,metaspace   ] GC(1037) Metaspace: 121K(320K)->121K(320K) NonClass: 114K(192K)->114K(192K) Class: 7K(128K)->7K(128K)
[2026-06-17T10:05:10.884+0800][52.786s][info][gc             ] GC(1037) Pause Young (Allocation Failure) 49M->35M(61M) 1.902ms
[2026-06-17T10:05:10.884+0800][52.786s][info][gc,cpu         ] GC(1037) User=0.00s Sys=0.00s Real=0.01s
[2026-06-17T10:05:10.926+0800][52.828s][info][gc,start       ] GC(1038) Pause Young (Allocation Failure)
[2026-06-17T10:05:10.927+0800][52.829s][info][gc,heap        ] GC(1038) DefNew: 19520K(19648K)->2160K(19648K) Eden: 17472K(17472K)->0K(17472K) From: 2048K(2176K)->2160K(2176K)
[2026-06-17T10:05:10.927+0800][52.829s][info][gc,heap        ] GC(1038) Tenured: 34455K(43712K)->37285K(43712K)
[2026-06-17T10:05:10.927+0800][52.830s][info][gc,metaspace   ] GC(1038) Metaspace: 121K(320K)->121K(320K) NonClass: 114K(192K)->114K(192K) Class: 7K(128K)->7K(128K)
[2026-06-17T10:05:10.928+0800][52.830s][info][gc             ] GC(1038) Pause Young (Allocation Failure) 52M->38M(61M) 1.499ms
[2026-06-17T10:05:10.928+0800][52.830s][info][gc,cpu         ] GC(1038) User=0.00s Sys=0.00s Real=0.00s
[2026-06-17T10:05:10.970+0800][52.872s][info][gc,start       ] GC(1039) Pause Young (Allocation Failure)
[2026-06-17T10:05:10.971+0800][52.873s][info][gc,heap        ] GC(1039) DefNew: 19626K(19648K)->2172K(19648K) Eden: 17465K(17472K)->0K(17472K) From: 2160K(2176K)->2172K(2176K)
[2026-06-17T10:05:10.971+0800][52.873s][info][gc,heap        ] GC(1039) Tenured: 37285K(43712K)->41348K(43712K)
[2026-06-17T10:05:10.971+0800][52.873s][info][gc,metaspace   ] GC(1039) Metaspace: 121K(320K)->121K(320K) NonClass: 114K(192K)->114K(192K) Class: 7K(128K)->7K(128K)
[2026-06-17T10:05:10.972+0800][52.874s][info][gc             ] GC(1039) Pause Young (Allocation Failure) 55M->42M(61M) 1.740ms
[2026-06-17T10:05:10.972+0800][52.874s][info][gc,cpu         ] GC(1039) User=0.00s Sys=0.00s Real=0.01s
[2026-06-17T10:05:11.014+0800][52.916s][info][gc,start       ] GC(1040) Pause Full (Allocation Failure)
[2026-06-17T10:05:11.014+0800][52.916s][info][gc,phases,start] GC(1040) Phase 1: Mark live objects
[2026-06-17T10:05:11.015+0800][52.917s][info][gc,phases      ] GC(1040) Phase 1: Mark live objects 0.894ms
[2026-06-17T10:05:11.015+0800][52.918s][info][gc,phases,start] GC(1040) Phase 2: Compute new object addresses
[2026-06-17T10:05:11.016+0800][52.918s][info][gc,phases      ] GC(1040) Phase 2: Compute new object addresses 0.915ms
[2026-06-17T10:05:11.017+0800][52.919s][info][gc,phases,start] GC(1040) Phase 3: Adjust pointers
[2026-06-17T10:05:11.017+0800][52.919s][info][gc,phases      ] GC(1040) Phase 3: Adjust pointers 0.494ms
[2026-06-17T10:05:11.017+0800][52.919s][info][gc,phases,start] GC(1040) Phase 4: Move objects
[2026-06-17T10:05:11.019+0800][52.922s][info][gc,phases      ] GC(1040) Phase 4: Move objects 2.081ms
[2026-06-17T10:05:11.020+0800][52.922s][info][gc,heap        ] GC(1040) DefNew: 19639K(19648K)->0K(19648K) Eden: 17467K(17472K)->0K(17472K) From: 2172K(2176K)->0K(2176K)
[2026-06-17T10:05:11.020+0800][52.922s][info][gc,heap        ] GC(1040) Tenured: 41348K(43712K)->33858K(43712K)
[2026-06-17T10:05:11.020+0800][52.922s][info][gc,metaspace   ] GC(1040) Metaspace: 121K(320K)->121K(320K) NonClass: 114K(192K)->114K(192K) Class: 7K(128K)->7K(128K)
[2026-06-17T10:05:11.020+0800][52.923s][info][gc             ] GC(1040) Pause Full (Allocation Failure) 59M->33M(61M) 6.779ms
[2026-06-17T10:05:11.021+0800][52.923s][info][gc,cpu         ] GC(1040) User=0.00s Sys=0.00s Real=0.00s
[2026-06-17T10:05:11.073+0800][52.975s][info][gc,start       ] GC(1041) Pause Young (Allocation Failure)
[2026-06-17T10:05:11.083+0800][52.985s][info][gc,heap        ] GC(1041) DefNew: 17449K(19648K)->2125K(19648K) Eden: 17449K(17472K)->0K(17472K) From: 0K(2176K)->2125K(2176K)
[2026-06-17T10:05:11.085+0800][52.987s][info][gc,heap        ] GC(1041) Tenured: 33858K(43712K)->34628K(43712K)
[2026-06-17T10:05:11.088+0800][52.990s][info][gc,metaspace   ] GC(1041) Metaspace: 121K(320K)->121K(320K) NonClass: 114K(192K)->114K(192K) Class: 7K(128K)->7K(128K)
[2026-06-17T10:05:11.089+0800][52.991s][info][gc             ] GC(1041) Pause Young (Allocation Failure) 50M->35M(61M) 15.457ms
[2026-06-17T10:05:11.089+0800][52.991s][info][gc,cpu         ] GC(1041) User=0.01s Sys=0.00s Real=0.01s
[2026-06-17T10:05:11.121+0800][53.023s][info][gc,start       ] GC(1042) Pause Young (Allocation Failure)
[2026-06-17T10:05:11.122+0800][53.024s][info][gc,heap        ] GC(1042) DefNew: 19427K(19648K)->2142K(19648K) Eden: 17302K(17472K)->0K(17472K) From: 2125K(2176K)->2142K(2176K)
[2026-06-17T10:05:11.122+0800][53.024s][info][gc,heap        ] GC(1042) Tenured: 34628K(43712K)->37691K(43712K)
[2026-06-17T10:05:11.122+0800][53.024s][info][gc,metaspace   ] GC(1042) Metaspace: 121K(320K)->121K(320K) NonClass: 114K(192K)->114K(192K) Class: 7K(128K)->7K(128K)
[2026-06-17T10:05:11.122+0800][53.025s][info][gc             ] GC(1042) Pause Young (Allocation Failure) 52M->38M(61M) 1.605ms
[2026-06-17T10:05:11.122+0800][53.025s][info][gc,cpu         ] GC(1042) User=0.00s Sys=0.00s Real=0.01s
[2026-06-17T10:05:11.165+0800][53.067s][info][gc,start       ] GC(1043) Pause Young (Allocation Failure)
[2026-06-17T10:05:11.166+0800][53.068s][info][gc,promotion   ] GC(1043) Promotion failed
[2026-06-17T10:05:11.166+0800][53.068s][info][gc,heap        ] GC(1043) DefNew: 19598K(19648K)->19598K(19648K) Eden: 17456K(17472K)->17456K(17472K) From: 2142K(2176K)->2142K(2176K)
[2026-06-17T10:05:11.166+0800][53.068s][info][gc,heap        ] GC(1043) Tenured: 37691K(43712K)->43518K(43712K)
[2026-06-17T10:05:11.167+0800][53.069s][info][gc,metaspace   ] GC(1043) Metaspace: 121K(320K)->121K(320K) NonClass: 114K(192K)->114K(192K) Class: 7K(128K)->7K(128K)
[2026-06-17T10:05:11.167+0800][53.069s][info][gc             ] GC(1043) Pause Young (Allocation Failure) 55M->61M(61M) 2.225ms
[2026-06-17T10:05:11.167+0800][53.069s][info][gc,cpu         ] GC(1043) User=0.00s Sys=0.00s Real=0.00s
[2026-06-17T10:05:11.167+0800][53.069s][info][gc,start       ] GC(1044) Pause Full (Allocation Failure)
[2026-06-17T10:05:11.167+0800][53.070s][info][gc,phases,start] GC(1044) Phase 1: Mark live objects
[2026-06-17T10:05:11.168+0800][53.071s][info][gc,phases      ] GC(1044) Phase 1: Mark live objects 0.865ms
[2026-06-17T10:05:11.169+0800][53.071s][info][gc,phases,start] GC(1044) Phase 2: Compute new object addresses
[2026-06-17T10:05:11.169+0800][53.071s][info][gc,phases      ] GC(1044) Phase 2: Compute new object addresses 0.364ms
[2026-06-17T10:05:11.169+0800][53.071s][info][gc,phases,start] GC(1044) Phase 3: Adjust pointers
[2026-06-17T10:05:11.170+0800][53.072s][info][gc,phases      ] GC(1044) Phase 3: Adjust pointers 0.448ms
[2026-06-17T10:05:11.170+0800][53.072s][info][gc,phases,start] GC(1044) Phase 4: Move objects
[2026-06-17T10:05:11.172+0800][53.074s][info][gc,phases      ] GC(1044) Phase 4: Move objects 2.412ms
[2026-06-17T10:05:11.173+0800][53.075s][info][gc,heap        ] GC(1044) DefNew: 19598K(19648K)->0K(19648K) Eden: 17456K(17472K)->0K(17472K) From: 2142K(2176K)->0K(2176K)
[2026-06-17T10:05:11.173+0800][53.075s][info][gc,heap        ] GC(1044) Tenured: 43518K(43712K)->27799K(43712K)
[2026-06-17T10:05:11.173+0800][53.076s][info][gc,metaspace   ] GC(1044) Metaspace: 121K(320K)->121K(320K) NonClass: 114K(192K)->114K(192K) Class: 7K(128K)->7K(128K)
[2026-06-17T10:05:11.174+0800][53.076s][info][gc             ] GC(1044) Pause Full (Allocation Failure) 61M->27M(61M) 6.426ms
[2026-06-17T10:05:11.174+0800][53.076s][info][gc,cpu         ] GC(1044) User=0.00s Sys=0.00s Real=0.01s
[2026-06-17T10:05:11.226+0800][53.128s][info][gc,start       ] GC(1045) Pause Young (Allocation Failure)
[2026-06-17T10:05:11.227+0800][53.129s][info][gc,heap        ] GC(1045) DefNew: 17421K(19648K)->2036K(19648K) Eden: 17421K(17472K)->0K(17472K) From: 0K(2176K)->2036K(2176K)
[2026-06-17T10:05:11.228+0800][53.130s][info][gc,heap        ] GC(1045) Tenured: 27799K(43712K)->29574K(43712K)
[2026-06-17T10:05:11.228+0800][53.130s][info][gc,metaspace   ] GC(1045) Metaspace: 121K(320K)->121K(320K) NonClass: 114K(192K)->114K(192K) Class: 7K(128K)->7K(128K)
[2026-06-17T10:05:11.228+0800][53.130s][info][gc             ] GC(1045) Pause Young (Allocation Failure) 44M->30M(61M) 1.726ms
[2026-06-17T10:05:11.228+0800][53.131s][info][gc,cpu         ] GC(1045) User=0.00s Sys=0.00s Real=0.00s
[2026-06-17T10:05:11.271+0800][53.173s][info][gc,start       ] GC(1046) Pause Young (Allocation Failure)
[2026-06-17T10:05:11.272+0800][53.174s][info][gc,heap        ] GC(1046) DefNew: 19486K(19648K)->2125K(19648K) Eden: 17450K(17472K)->0K(17472K) From: 2036K(2176K)->2125K(2176K)
[2026-06-17T10:05:11.272+0800][53.174s][info][gc,heap        ] GC(1046) Tenured: 29574K(43712K)->33251K(43712K)
[2026-06-17T10:05:11.272+0800][53.175s][info][gc,metaspace   ] GC(1046) Metaspace: 121K(320K)->121K(320K) NonClass: 114K(192K)->114K(192K) Class: 7K(128K)->7K(128K)
[2026-06-17T10:05:11.273+0800][53.175s][info][gc             ] GC(1046) Pause Young (Allocation Failure) 47M->34M(61M) 2.042ms
[2026-06-17T10:05:11.273+0800][53.175s][info][gc,cpu         ] GC(1046) User=0.00s Sys=0.00s Real=0.00s
[2026-06-17T10:05:11.315+0800][53.217s][info][gc,start       ] GC(1047) Pause Young (Allocation Failure)
[2026-06-17T10:05:11.316+0800][53.218s][info][gc,heap        ] GC(1047) DefNew: 19581K(19648K)->2123K(19648K) Eden: 17456K(17472K)->0K(17472K) From: 2125K(2176K)->2123K(2176K)
[2026-06-17T10:05:11.316+0800][53.218s][info][gc,heap        ] GC(1047) Tenured: 33251K(43712K)->36912K(43712K)
[2026-06-17T10:05:11.316+0800][53.218s][info][gc,metaspace   ] GC(1047) Metaspace: 121K(320K)->121K(320K) NonClass: 114K(192K)->114K(192K) Class: 7K(128K)->7K(128K)
[2026-06-17T10:05:11.316+0800][53.218s][info][gc             ] GC(1047) Pause Young (Allocation Failure) 51M->38M(61M) 1.589ms
[2026-06-17T10:05:11.317+0800][53.219s][info][gc,cpu         ] GC(1047) User=0.00s Sys=0.00s Real=0.00s
[2026-06-17T10:05:11.359+0800][53.261s][info][gc,start       ] GC(1048) Pause Young (Allocation Failure)
[2026-06-17T10:05:11.360+0800][53.262s][info][gc,heap        ] GC(1048) DefNew: 19567K(19648K)->2140K(19648K) Eden: 17443K(17472K)->0K(17472K) From: 2123K(2176K)->2140K(2176K)
[2026-06-17T10:05:11.360+0800][53.262s][info][gc,heap        ] GC(1048) Tenured: 36912K(43712K)->39887K(43712K)
[2026-06-17T10:05:11.360+0800][53.262s][info][gc,metaspace   ] GC(1048) Metaspace: 121K(320K)->121K(320K) NonClass: 114K(192K)->114K(192K) Class: 7K(128K)->7K(128K)
[2026-06-17T10:05:11.360+0800][53.262s][info][gc             ] GC(1048) Pause Young (Allocation Failure) 55M->41M(61M) 1.454ms
[2026-06-17T10:05:11.360+0800][53.262s][info][gc,cpu         ] GC(1048) User=0.00s Sys=0.00s Real=0.00s
[2026-06-17T10:05:11.402+0800][53.305s][info][gc,start       ] GC(1049) Pause Full (Allocation Failure)
[2026-06-17T10:05:11.403+0800][53.305s][info][gc,phases,start] GC(1049) Phase 1: Mark live objects
[2026-06-17T10:05:11.404+0800][53.307s][info][gc,phases      ] GC(1049) Phase 1: Mark live objects 1.610ms
[2026-06-17T10:05:11.405+0800][53.307s][info][gc,phases,start] GC(1049) Phase 2: Compute new object addresses
[2026-06-17T10:05:11.406+0800][53.308s][info][gc,phases      ] GC(1049) Phase 2: Compute new object addresses 0.626ms
[2026-06-17T10:05:11.406+0800][53.308s][info][gc,phases,start] GC(1049) Phase 3: Adjust pointers
[2026-06-17T10:05:11.407+0800][53.309s][info][gc,phases      ] GC(1049) Phase 3: Adjust pointers 0.678ms
[2026-06-17T10:05:11.407+0800][53.309s][info][gc,phases,start] GC(1049) Phase 4: Move objects
[2026-06-17T10:05:11.409+0800][53.312s][info][gc,phases      ] GC(1049) Phase 4: Move objects 2.360ms
[2026-06-17T10:05:11.410+0800][53.312s][info][gc,heap        ] GC(1049) DefNew: 19612K(19648K)->0K(19648K) Eden: 17472K(17472K)->0K(17472K) From: 2140K(2176K)->0K(2176K)
[2026-06-17T10:05:11.410+0800][53.312s][info][gc,heap        ] GC(1049) Tenured: 39887K(43712K)->34358K(43712K)
[2026-06-17T10:05:11.411+0800][53.313s][info][gc,metaspace   ] GC(1049) Metaspace: 121K(320K)->121K(320K) NonClass: 114K(192K)->114K(192K) Class: 7K(128K)->7K(128K)
[2026-06-17T10:05:11.411+0800][53.313s][info][gc             ] GC(1049) Pause Full (Allocation Failure) 58M->33M(61M) 8.351ms
[2026-06-17T10:05:11.411+0800][53.313s][info][gc,cpu         ] GC(1049) User=0.00s Sys=0.00s Real=0.01s
[2026-06-17T10:05:11.463+0800][53.366s][info][gc,start       ] GC(1050) Pause Young (Allocation Failure)
[2026-06-17T10:05:11.471+0800][53.373s][info][gc,heap        ] GC(1050) DefNew: 17465K(19648K)->2154K(19648K) Eden: 17465K(17472K)->0K(17472K) From: 0K(2176K)->2154K(2176K)
[2026-06-17T10:05:11.490+0800][53.393s][info][gc,heap        ] GC(1050) Tenured: 34358K(43712K)->35397K(43712K)
[2026-06-17T10:05:11.491+0800][53.393s][info][gc,metaspace   ] GC(1050) Metaspace: 121K(320K)->121K(320K) NonClass: 114K(192K)->114K(192K) Class: 7K(128K)->7K(128K)
[2026-06-17T10:05:11.491+0800][53.393s][info][gc             ] GC(1050) Pause Young (Allocation Failure) 50M->36M(61M) 27.340ms
[2026-06-17T10:05:11.491+0800][53.393s][info][gc,cpu         ] GC(1050) User=0.00s Sys=0.00s Real=0.03s
[2026-06-17T10:05:11.523+0800][53.425s][info][gc,start       ] GC(1051) Pause Young (Allocation Failure)
[2026-06-17T10:05:11.525+0800][53.427s][info][gc,heap        ] GC(1051) DefNew: 19602K(19648K)->2157K(19648K) Eden: 17448K(17472K)->0K(17472K) From: 2154K(2176K)->2157K(2176K)
[2026-06-17T10:05:11.527+0800][53.429s][info][gc,heap        ] GC(1051) Tenured: 35397K(43712K)->39303K(43712K)
[2026-06-17T10:05:11.528+0800][53.431s][info][gc,metaspace   ] GC(1051) Metaspace: 121K(320K)->121K(320K) NonClass: 114K(192K)->114K(192K) Class: 7K(128K)->7K(128K)
[2026-06-17T10:05:11.529+0800][53.431s][info][gc             ] GC(1051) Pause Young (Allocation Failure) 53M->40M(61M) 6.173ms
[2026-06-17T10:05:11.530+0800][53.432s][info][gc,cpu         ] GC(1051) User=0.00s Sys=0.00s Real=0.00s
[2026-06-17T10:05:11.583+0800][53.485s][info][gc,start       ] GC(1052) Pause Full (Allocation Failure)
[2026-06-17T10:05:11.588+0800][53.491s][info][gc,phases,start] GC(1052) Phase 1: Mark live objects
[2026-06-17T10:05:11.591+0800][53.493s][info][gc,phases      ] GC(1052) Phase 1: Mark live objects 2.255ms
[2026-06-17T10:05:11.592+0800][53.494s][info][gc,phases,start] GC(1052) Phase 2: Compute new object addresses
[2026-06-17T10:05:11.593+0800][53.495s][info][gc,phases      ] GC(1052) Phase 2: Compute new object addresses 0.876ms
[2026-06-17T10:05:11.594+0800][53.496s][info][gc,phases,start] GC(1052) Phase 3: Adjust pointers
[2026-06-17T10:05:11.595+0800][53.497s][info][gc,phases      ] GC(1052) Phase 3: Adjust pointers 1.016ms
[2026-06-17T10:05:11.597+0800][53.499s][info][gc,phases,start] GC(1052) Phase 4: Move objects
[2026-06-17T10:05:11.601+0800][53.503s][info][gc,phases      ] GC(1052) Phase 4: Move objects 3.825ms
[2026-06-17T10:05:11.603+0800][53.505s][info][gc,heap        ] GC(1052) DefNew: 19568K(19648K)->0K(19648K) Eden: 17411K(17472K)->0K(17472K) From: 2157K(2176K)->0K(2176K)
[2026-06-17T10:05:11.604+0800][53.507s][info][gc,heap        ] GC(1052) Tenured: 39303K(43712K)->29263K(43712K)
[2026-06-17T10:05:11.608+0800][53.510s][info][gc,metaspace   ] GC(1052) Metaspace: 121K(320K)->121K(320K) NonClass: 114K(192K)->114K(192K) Class: 7K(128K)->7K(128K)
[2026-06-17T10:05:11.610+0800][53.512s][info][gc             ] GC(1052) Pause Full (Allocation Failure) 57M->28M(61M) 27.095ms
[2026-06-17T10:05:11.610+0800][53.512s][info][gc,cpu         ] GC(1052) User=0.00s Sys=0.00s Real=0.02s
[2026-06-17T10:05:11.652+0800][53.554s][info][gc,start       ] GC(1053) Pause Young (Allocation Failure)
[2026-06-17T10:05:11.654+0800][53.556s][info][gc,heap        ] GC(1053) DefNew: 17462K(19648K)->2174K(19648K) Eden: 17462K(17472K)->0K(17472K) From: 0K(2176K)->2174K(2176K)
[2026-06-17T10:05:11.654+0800][53.556s][info][gc,heap        ] GC(1053) Tenured: 29263K(43712K)->34342K(43712K)
[2026-06-17T10:05:11.654+0800][53.557s][info][gc,metaspace   ] GC(1053) Metaspace: 121K(320K)->121K(320K) NonClass: 114K(192K)->114K(192K) Class: 7K(128K)->7K(128K)
[2026-06-17T10:05:11.655+0800][53.557s][info][gc             ] GC(1053) Pause Young (Allocation Failure) 45M->35M(61M) 2.454ms
[2026-06-17T10:05:11.655+0800][53.557s][info][gc,cpu         ] GC(1053) User=0.00s Sys=0.00s Real=0.00s
[2026-06-17T10:05:11.697+0800][53.599s][info][gc,start       ] GC(1054) Pause Young (Allocation Failure)
[2026-06-17T10:05:11.698+0800][53.600s][info][gc,heap        ] GC(1054) DefNew: 19633K(19648K)->2169K(19648K) Eden: 17459K(17472K)->0K(17472K) From: 2174K(2176K)->2169K(2176K)
[2026-06-17T10:05:11.699+0800][53.601s][info][gc,heap        ] GC(1054) Tenured: 34342K(43712K)->40170K(43712K)
[2026-06-17T10:05:11.699+0800][53.601s][info][gc,metaspace   ] GC(1054) Metaspace: 121K(320K)->121K(320K) NonClass: 114K(192K)->114K(192K) Class: 7K(128K)->7K(128K)
[2026-06-17T10:05:11.699+0800][53.601s][info][gc             ] GC(1054) Pause Young (Allocation Failure) 52M->41M(61M) 2.117ms
[2026-06-17T10:05:11.699+0800][53.601s][info][gc,cpu         ] GC(1054) User=0.00s Sys=0.00s Real=0.00s
[2026-06-17T10:05:11.742+0800][53.644s][info][gc,start       ] GC(1055) Pause Full (Allocation Failure)
[2026-06-17T10:05:11.744+0800][53.646s][info][gc,phases,start] GC(1055) Phase 1: Mark live objects
[2026-06-17T10:05:11.746+0800][53.648s][info][gc,phases      ] GC(1055) Phase 1: Mark live objects 2.460ms
[2026-06-17T10:05:11.747+0800][53.649s][info][gc,phases,start] GC(1055) Phase 2: Compute new object addresses
[2026-06-17T10:05:11.748+0800][53.650s][info][gc,phases      ] GC(1055) Phase 2: Compute new object addresses 0.647ms
[2026-06-17T10:05:11.748+0800][53.650s][info][gc,phases,start] GC(1055) Phase 3: Adjust pointers
[2026-06-17T10:05:11.749+0800][53.651s][info][gc,phases      ] GC(1055) Phase 3: Adjust pointers 0.614ms
[2026-06-17T10:05:11.749+0800][53.651s][info][gc,phases,start] GC(1055) Phase 4: Move objects
[2026-06-17T10:05:11.751+0800][53.653s][info][gc,phases      ] GC(1055) Phase 4: Move objects 2.127ms
[2026-06-17T10:05:11.751+0800][53.653s][info][gc,heap        ] GC(1055) DefNew: 19600K(19648K)->0K(19648K) Eden: 17431K(17472K)->0K(17472K) From: 2169K(2176K)->0K(2176K)
[2026-06-17T10:05:11.752+0800][53.654s][info][gc,heap        ] GC(1055) Tenured: 40170K(43712K)->29153K(43712K)
[2026-06-17T10:05:11.752+0800][53.654s][info][gc,metaspace   ] GC(1055) Metaspace: 121K(320K)->121K(320K) NonClass: 114K(192K)->114K(192K) Class: 7K(128K)->7K(128K)
[2026-06-17T10:05:11.752+0800][53.654s][info][gc             ] GC(1055) Pause Full (Allocation Failure) 58M->28M(61M) 10.505ms
[2026-06-17T10:05:11.752+0800][53.654s][info][gc,cpu         ] GC(1055) User=0.00s Sys=0.00s Real=0.02s
[2026-06-17T10:05:11.794+0800][53.697s][info][gc,start       ] GC(1056) Pause Young (Allocation Failure)
[2026-06-17T10:05:11.795+0800][53.697s][info][gc,heap        ] GC(1056) DefNew: 17369K(19648K)->2095K(19648K) Eden: 17369K(17472K)->0K(17472K) From: 0K(2176K)->2095K(2176K)
[2026-06-17T10:05:11.795+0800][53.698s][info][gc,heap        ] GC(1056) Tenured: 29153K(43712K)->30536K(43712K)
[2026-06-17T10:05:11.796+0800][53.698s][info][gc,metaspace   ] GC(1056) Metaspace: 121K(320K)->121K(320K) NonClass: 114K(192K)->114K(192K) Class: 7K(128K)->7K(128K)
[2026-06-17T10:05:11.796+0800][53.698s][info][gc             ] GC(1056) Pause Young (Allocation Failure) 45M->31M(61M) 1.407ms
[2026-06-17T10:05:11.796+0800][53.698s][info][gc,cpu         ] GC(1056) User=0.00s Sys=0.00s Real=0.00s
[2026-06-17T10:05:11.848+0800][53.750s][info][gc,start       ] GC(1057) Pause Young (Allocation Failure)
[2026-06-17T10:05:11.849+0800][53.751s][info][gc,heap        ] GC(1057) DefNew: 19551K(19648K)->2161K(19648K) Eden: 17456K(17472K)->0K(17472K) From: 2095K(2176K)->2161K(2176K)
[2026-06-17T10:05:11.849+0800][53.752s][info][gc,heap        ] GC(1057) Tenured: 30536K(43712K)->34053K(43712K)
[2026-06-17T10:05:11.850+0800][53.752s][info][gc,metaspace   ] GC(1057) Metaspace: 121K(320K)->121K(320K) NonClass: 114K(192K)->114K(192K) Class: 7K(128K)->7K(128K)
[2026-06-17T10:05:11.850+0800][53.752s][info][gc             ] GC(1057) Pause Young (Allocation Failure) 48M->35M(61M) 1.711ms
[2026-06-17T10:05:11.850+0800][53.752s][info][gc,cpu         ] GC(1057) User=0.00s Sys=0.00s Real=0.00s
[2026-06-17T10:05:11.892+0800][53.794s][info][gc,start       ] GC(1058) Pause Young (Allocation Failure)
[2026-06-17T10:05:11.893+0800][53.796s][info][gc,heap        ] GC(1058) DefNew: 19590K(19648K)->2173K(19648K) Eden: 17429K(17472K)->0K(17472K) From: 2161K(2176K)->2173K(2176K)
[2026-06-17T10:05:11.894+0800][53.796s][info][gc,heap        ] GC(1058) Tenured: 34053K(43712K)->37668K(43712K)
[2026-06-17T10:05:11.894+0800][53.796s][info][gc,metaspace   ] GC(1058) Metaspace: 121K(320K)->121K(320K) NonClass: 114K(192K)->114K(192K) Class: 7K(128K)->7K(128K)
[2026-06-17T10:05:11.894+0800][53.796s][info][gc             ] GC(1058) Pause Young (Allocation Failure) 52M->38M(61M) 1.988ms
[2026-06-17T10:05:11.895+0800][53.797s][info][gc,cpu         ] GC(1058) User=0.00s Sys=0.00s Real=0.00s
[2026-06-17T10:05:11.937+0800][53.839s][info][gc,start       ] GC(1059) Pause Full (Allocation Failure)
[2026-06-17T10:05:11.937+0800][53.840s][info][gc,phases,start] GC(1059) Phase 1: Mark live objects
[2026-06-17T10:05:11.938+0800][53.840s][info][gc,phases      ] GC(1059) Phase 1: Mark live objects 0.830ms
[2026-06-17T10:05:11.939+0800][53.841s][info][gc,phases,start] GC(1059) Phase 2: Compute new object addresses
[2026-06-17T10:05:11.941+0800][53.844s][info][gc,phases      ] GC(1059) Phase 2: Compute new object addresses 2.719ms
[2026-06-17T10:05:11.943+0800][53.845s][info][gc,phases,start] GC(1059) Phase 3: Adjust pointers
[2026-06-17T10:05:11.944+0800][53.846s][info][gc,phases      ] GC(1059) Phase 3: Adjust pointers 1.184ms
[2026-06-17T10:05:11.946+0800][53.848s][info][gc,phases,start] GC(1059) Phase 4: Move objects
[2026-06-17T10:05:11.951+0800][53.853s][info][gc,phases      ] GC(1059) Phase 4: Move objects 4.767ms
[2026-06-17T10:05:11.953+0800][53.855s][info][gc,heap        ] GC(1059) DefNew: 19636K(19648K)->0K(19648K) Eden: 17463K(17472K)->0K(17472K) From: 2173K(2176K)->0K(2176K)
[2026-06-17T10:05:11.955+0800][53.857s][info][gc,heap        ] GC(1059) Tenured: 37668K(43712K)->30605K(43712K)
[2026-06-17T10:05:11.956+0800][53.858s][info][gc,metaspace   ] GC(1059) Metaspace: 121K(320K)->121K(320K) NonClass: 114K(192K)->114K(192K) Class: 7K(128K)->7K(128K)
[2026-06-17T10:05:11.957+0800][53.859s][info][gc             ] GC(1059) Pause Full (Allocation Failure) 55M->29M(61M) 19.690ms
[2026-06-17T10:05:11.957+0800][53.859s][info][gc,cpu         ] GC(1059) User=0.01s Sys=0.00s Real=0.02s
[2026-06-17T10:05:12.009+0800][53.911s][info][gc,start       ] GC(1060) Pause Young (Allocation Failure)
[2026-06-17T10:05:12.010+0800][53.912s][info][gc,heap        ] GC(1060) DefNew: 17472K(19648K)->2167K(19648K) Eden: 17472K(17472K)->0K(17472K) From: 0K(2176K)->2167K(2176K)
[2026-06-17T10:05:12.010+0800][53.913s][info][gc,heap        ] GC(1060) Tenured: 30605K(43712K)->32385K(43712K)
[2026-06-17T10:05:12.010+0800][53.913s][info][gc,metaspace   ] GC(1060) Metaspace: 121K(320K)->121K(320K) NonClass: 114K(192K)->114K(192K) Class: 7K(128K)->7K(128K)
[2026-06-17T10:05:12.011+0800][53.913s][info][gc             ] GC(1060) Pause Young (Allocation Failure) 46M->33M(61M) 1.455ms
[2026-06-17T10:05:12.011+0800][53.913s][info][gc,cpu         ] GC(1060) User=0.00s Sys=0.00s Real=0.01s
[2026-06-17T10:05:12.053+0800][53.955s][info][gc,start       ] GC(1061) Pause Young (Allocation Failure)
[2026-06-17T10:05:12.054+0800][53.956s][info][gc,heap        ] GC(1061) DefNew: 19639K(19648K)->2122K(19648K) Eden: 17472K(17472K)->0K(17472K) From: 2167K(2176K)->2122K(2176K)
[2026-06-17T10:05:12.054+0800][53.956s][info][gc,heap        ] GC(1061) Tenured: 32385K(43712K)->36091K(43712K)
[2026-06-17T10:05:12.055+0800][53.957s][info][gc,metaspace   ] GC(1061) Metaspace: 121K(320K)->121K(320K) NonClass: 114K(192K)->114K(192K) Class: 7K(128K)->7K(128K)
[2026-06-17T10:05:12.055+0800][53.957s][info][gc             ] GC(1061) Pause Young (Allocation Failure) 50M->37M(61M) 2.014ms
[2026-06-17T10:05:12.055+0800][53.957s][info][gc,cpu         ] GC(1061) User=0.00s Sys=0.00s Real=0.00s
[2026-06-17T10:05:12.097+0800][53.999s][info][gc,start       ] GC(1062) Pause Young (Allocation Failure)
[2026-06-17T10:05:12.098+0800][54.000s][info][gc,heap        ] GC(1062) DefNew: 19553K(19648K)->2172K(19648K) Eden: 17431K(17472K)->0K(17472K) From: 2122K(2176K)->2172K(2176K)
[2026-06-17T10:05:12.098+0800][54.000s][info][gc,heap        ] GC(1062) Tenured: 36091K(43712K)->39986K(43712K)
[2026-06-17T10:05:12.098+0800][54.001s][info][gc,metaspace   ] GC(1062) Metaspace: 121K(320K)->121K(320K) NonClass: 114K(192K)->114K(192K) Class: 7K(128K)->7K(128K)
[2026-06-17T10:05:12.099+0800][54.001s][info][gc             ] GC(1062) Pause Young (Allocation Failure) 54M->41M(61M) 1.613ms
[2026-06-17T10:05:12.099+0800][54.001s][info][gc,cpu         ] GC(1062) User=0.00s Sys=0.00s Real=0.00s
[2026-06-17T10:05:12.141+0800][54.043s][info][gc,start       ] GC(1063) Pause Full (Allocation Failure)
[2026-06-17T10:05:12.141+0800][54.043s][info][gc,phases,start] GC(1063) Phase 1: Mark live objects
[2026-06-17T10:05:12.142+0800][54.044s][info][gc,phases      ] GC(1063) Phase 1: Mark live objects 0.827ms
[2026-06-17T10:05:12.142+0800][54.044s][info][gc,phases,start] GC(1063) Phase 2: Compute new object addresses
[2026-06-17T10:05:12.143+0800][54.045s][info][gc,phases      ] GC(1063) Phase 2: Compute new object addresses 0.494ms
[2026-06-17T10:05:12.143+0800][54.045s][info][gc,phases,start] GC(1063) Phase 3: Adjust pointers
[2026-06-17T10:05:12.144+0800][54.046s][info][gc,phases      ] GC(1063) Phase 3: Adjust pointers 0.542ms
[2026-06-17T10:05:12.144+0800][54.046s][info][gc,phases,start] GC(1063) Phase 4: Move objects
[2026-06-17T10:05:12.146+0800][54.048s][info][gc,phases      ] GC(1063) Phase 4: Move objects 2.108ms
[2026-06-17T10:05:12.146+0800][54.048s][info][gc,heap        ] GC(1063) DefNew: 19463K(19648K)->0K(19648K) Eden: 17291K(17472K)->0K(17472K) From: 2172K(2176K)->0K(2176K)
[2026-06-17T10:05:12.146+0800][54.049s][info][gc,heap        ] GC(1063) Tenured: 39986K(43712K)->24059K(43712K)
[2026-06-17T10:05:12.147+0800][54.049s][info][gc,metaspace   ] GC(1063) Metaspace: 121K(320K)->121K(320K) NonClass: 114K(192K)->114K(192K) Class: 7K(128K)->7K(128K)
[2026-06-17T10:05:12.147+0800][54.049s][info][gc             ] GC(1063) Pause Full (Allocation Failure) 58M->23M(61M) 6.144ms
[2026-06-17T10:05:12.147+0800][54.049s][info][gc,cpu         ] GC(1063) User=0.01s Sys=0.00s Real=0.01s
[2026-06-17T10:05:12.199+0800][54.101s][info][gc,start       ] GC(1064) Pause Young (Allocation Failure)
[2026-06-17T10:05:12.200+0800][54.102s][info][gc,heap        ] GC(1064) DefNew: 17432K(19648K)->2067K(19648K) Eden: 17432K(17472K)->0K(17472K) From: 0K(2176K)->2067K(2176K)
[2026-06-17T10:05:12.200+0800][54.103s][info][gc,heap        ] GC(1064) Tenured: 24059K(43712K)->26130K(43712K)
[2026-06-17T10:05:12.201+0800][54.103s][info][gc,metaspace   ] GC(1064) Metaspace: 121K(320K)->121K(320K) NonClass: 114K(192K)->114K(192K) Class: 7K(128K)->7K(128K)
[2026-06-17T10:05:12.201+0800][54.103s][info][gc             ] GC(1064) Pause Young (Allocation Failure) 40M->27M(61M) 1.427ms
[2026-06-17T10:05:12.201+0800][54.103s][info][gc,cpu         ] GC(1064) User=0.00s Sys=0.00s Real=0.00s
[2026-06-17T10:05:12.243+0800][54.145s][info][gc,start       ] GC(1065) Pause Young (Allocation Failure)
[2026-06-17T10:05:12.244+0800][54.146s][info][gc,heap        ] GC(1065) DefNew: 19511K(19648K)->2153K(19648K) Eden: 17443K(17472K)->0K(17472K) From: 2067K(2176K)->2153K(2176K)
[2026-06-17T10:05:12.244+0800][54.146s][info][gc,heap        ] GC(1065) Tenured: 26130K(43712K)->29840K(43712K)
[2026-06-17T10:05:12.244+0800][54.146s][info][gc,metaspace   ] GC(1065) Metaspace: 121K(320K)->121K(320K) NonClass: 114K(192K)->114K(192K) Class: 7K(128K)->7K(128K)
[2026-06-17T10:05:12.244+0800][54.147s][info][gc             ] GC(1065) Pause Young (Allocation Failure) 44M->31M(61M) 1.686ms
[2026-06-17T10:05:12.245+0800][54.147s][info][gc,cpu         ] GC(1065) User=0.00s Sys=0.00s Real=0.00s
[2026-06-17T10:05:12.286+0800][54.189s][info][gc,start       ] GC(1066) Pause Young (Allocation Failure)
[2026-06-17T10:05:12.287+0800][54.190s][info][gc,heap        ] GC(1066) DefNew: 19620K(19648K)->2174K(19648K) Eden: 17466K(17472K)->0K(17472K) From: 2153K(2176K)->2174K(2176K)
[2026-06-17T10:05:12.288+0800][54.190s][info][gc,heap        ] GC(1066) Tenured: 29840K(43712K)->34055K(43712K)
[2026-06-17T10:05:12.288+0800][54.191s][info][gc,metaspace   ] GC(1066) Metaspace: 121K(320K)->121K(320K) NonClass: 114K(192K)->114K(192K) Class: 7K(128K)->7K(128K)
[2026-06-17T10:05:12.289+0800][54.191s][info][gc             ] GC(1066) Pause Young (Allocation Failure) 48M->35M(61M) 2.427ms
[2026-06-17T10:05:12.289+0800][54.191s][info][gc,cpu         ] GC(1066) User=0.00s Sys=0.00s Real=0.00s
[2026-06-17T10:05:12.331+0800][54.233s][info][gc,start       ] GC(1067) Pause Young (Allocation Failure)
[2026-06-17T10:05:12.332+0800][54.234s][info][gc,heap        ] GC(1067) DefNew: 19646K(19648K)->2168K(19648K) Eden: 17472K(17472K)->0K(17472K) From: 2174K(2176K)->2168K(2176K)
[2026-06-17T10:05:12.333+0800][54.235s][info][gc,heap        ] GC(1067) Tenured: 34055K(43712K)->38473K(43712K)
[2026-06-17T10:05:12.333+0800][54.235s][info][gc,metaspace   ] GC(1067) Metaspace: 121K(320K)->121K(320K) NonClass: 114K(192K)->114K(192K) Class: 7K(128K)->7K(128K)
[2026-06-17T10:05:12.333+0800][54.235s][info][gc             ] GC(1067) Pause Young (Allocation Failure) 52M->39M(61M) 1.898ms
[2026-06-17T10:05:12.333+0800][54.235s][info][gc,cpu         ] GC(1067) User=0.00s Sys=0.00s Real=0.00s
[2026-06-17T10:05:12.375+0800][54.277s][info][gc,start       ] GC(1068) Pause Full (Allocation Failure)
[2026-06-17T10:05:12.376+0800][54.278s][info][gc,phases,start] GC(1068) Phase 1: Mark live objects
[2026-06-17T10:05:12.377+0800][54.279s][info][gc,phases      ] GC(1068) Phase 1: Mark live objects 0.871ms
[2026-06-17T10:05:12.377+0800][54.279s][info][gc,phases,start] GC(1068) Phase 2: Compute new object addresses
[2026-06-17T10:05:12.377+0800][54.280s][info][gc,phases      ] GC(1068) Phase 2: Compute new object addresses 0.541ms
[2026-06-17T10:05:12.378+0800][54.280s][info][gc,phases,start] GC(1068) Phase 3: Adjust pointers
[2026-06-17T10:05:12.378+0800][54.280s][info][gc,phases      ] GC(1068) Phase 3: Adjust pointers 0.452ms
[2026-06-17T10:05:12.378+0800][54.281s][info][gc,phases,start] GC(1068) Phase 4: Move objects
[2026-06-17T10:05:12.380+0800][54.283s][info][gc,phases      ] GC(1068) Phase 4: Move objects 2.009ms
[2026-06-17T10:05:12.381+0800][54.283s][info][gc,heap        ] GC(1068) DefNew: 19512K(19648K)->0K(19648K) Eden: 17343K(17472K)->0K(17472K) From: 2168K(2176K)->0K(2176K)
[2026-06-17T10:05:12.381+0800][54.283s][info][gc,heap        ] GC(1068) Tenured: 38473K(43712K)->22358K(43712K)
[2026-06-17T10:05:12.381+0800][54.283s][info][gc,metaspace   ] GC(1068) Metaspace: 121K(320K)->121K(320K) NonClass: 114K(192K)->114K(192K) Class: 7K(128K)->7K(128K)
[2026-06-17T10:05:12.381+0800][54.283s][info][gc             ] GC(1068) Pause Full (Allocation Failure) 56M->21M(61M) 6.212ms
[2026-06-17T10:05:12.381+0800][54.284s][info][gc,cpu         ] GC(1068) User=0.00s Sys=0.00s Real=0.00s
[2026-06-17T10:05:12.433+0800][54.336s][info][gc,start       ] GC(1069) Pause Young (Allocation Failure)
[2026-06-17T10:05:12.434+0800][54.337s][info][gc,heap        ] GC(1069) DefNew: 17458K(19648K)->2167K(19648K) Eden: 17458K(17472K)->0K(17472K) From: 0K(2176K)->2167K(2176K)
[2026-06-17T10:05:12.435+0800][54.337s][info][gc,heap        ] GC(1069) Tenured: 22358K(43712K)->24135K(43712K)
[2026-06-17T10:05:12.435+0800][54.337s][info][gc,metaspace   ] GC(1069) Metaspace: 121K(320K)->121K(320K) NonClass: 114K(192K)->114K(192K) Class: 7K(128K)->7K(128K)
[2026-06-17T10:05:12.435+0800][54.337s][info][gc             ] GC(1069) Pause Young (Allocation Failure) 38M->25M(61M) 1.528ms
[2026-06-17T10:05:12.435+0800][54.337s][info][gc,cpu         ] GC(1069) User=0.00s Sys=0.00s Real=0.00s
[2026-06-17T10:05:12.477+0800][54.380s][info][gc,start       ] GC(1070) Pause Young (Allocation Failure)
[2026-06-17T10:05:12.478+0800][54.381s][info][gc,heap        ] GC(1070) DefNew: 19639K(19648K)->2171K(19648K) Eden: 17472K(17472K)->0K(17472K) From: 2167K(2176K)->2171K(2176K)
[2026-06-17T10:05:12.479+0800][54.381s][info][gc,heap        ] GC(1070) Tenured: 24135K(43712K)->27259K(43712K)
[2026-06-17T10:05:12.479+0800][54.381s][info][gc,metaspace   ] GC(1070) Metaspace: 121K(320K)->121K(320K) NonClass: 114K(192K)->114K(192K) Class: 7K(128K)->7K(128K)
[2026-06-17T10:05:12.479+0800][54.382s][info][gc             ] GC(1070) Pause Young (Allocation Failure) 42M->28M(61M) 2.049ms
[2026-06-17T10:05:12.480+0800][54.382s][info][gc,cpu         ] GC(1070) User=0.00s Sys=0.00s Real=0.00s
[2026-06-17T10:05:12.522+0800][54.424s][info][gc,start       ] GC(1071) Pause Young (Allocation Failure)
[2026-06-17T10:05:12.523+0800][54.425s][info][gc,heap        ] GC(1071) DefNew: 19627K(19648K)->2175K(19648K) Eden: 17456K(17472K)->0K(17472K) From: 2171K(2176K)->2175K(2176K)
[2026-06-17T10:05:12.524+0800][54.426s][info][gc,heap        ] GC(1071) Tenured: 27259K(43712K)->31875K(43712K)
[2026-06-17T10:05:12.524+0800][54.426s][info][gc,metaspace   ] GC(1071) Metaspace: 121K(320K)->121K(320K) NonClass: 114K(192K)->114K(192K) Class: 7K(128K)->7K(128K)
[2026-06-17T10:05:12.524+0800][54.426s][info][gc             ] GC(1071) Pause Young (Allocation Failure) 45M->33M(61M) 2.104ms
[2026-06-17T10:05:12.524+0800][54.427s][info][gc,cpu         ] GC(1071) User=0.00s Sys=0.00s Real=0.01s
[2026-06-17T10:05:12.566+0800][54.468s][info][gc,start       ] GC(1072) Pause Young (Allocation Failure)
[2026-06-17T10:05:12.568+0800][54.470s][info][gc,heap        ] GC(1072) DefNew: 19635K(19648K)->2175K(19648K) Eden: 17460K(17472K)->0K(17472K) From: 2175K(2176K)->2175K(2176K)
[2026-06-17T10:05:12.568+0800][54.470s][info][gc,heap        ] GC(1072) Tenured: 31875K(43712K)->36137K(43712K)
[2026-06-17T10:05:12.571+0800][54.473s][info][gc,metaspace   ] GC(1072) Metaspace: 121K(320K)->121K(320K) NonClass: 114K(192K)->114K(192K) Class: 7K(128K)->7K(128K)
[2026-06-17T10:05:12.572+0800][54.474s][info][gc             ] GC(1072) Pause Young (Allocation Failure) 50M->37M(61M) 5.552ms
[2026-06-17T10:05:12.572+0800][54.474s][info][gc,cpu         ] GC(1072) User=0.00s Sys=0.00s Real=0.01s
[2026-06-17T10:05:12.614+0800][54.517s][info][gc,start       ] GC(1073) Pause Young (Allocation Failure)
[2026-06-17T10:05:12.615+0800][54.517s][info][gc,heap        ] GC(1073) DefNew: 19603K(19648K)->2129K(19648K) Eden: 17427K(17472K)->0K(17472K) From: 2175K(2176K)->2129K(2176K)
[2026-06-17T10:05:12.616+0800][54.518s][info][gc,heap        ] GC(1073) Tenured: 36137K(43712K)->37441K(43712K)
[2026-06-17T10:05:12.616+0800][54.518s][info][gc,metaspace   ] GC(1073) Metaspace: 121K(320K)->121K(320K) NonClass: 114K(192K)->114K(192K) Class: 7K(128K)->7K(128K)
[2026-06-17T10:05:12.616+0800][54.518s][info][gc             ] GC(1073) Pause Young (Allocation Failure) 54M->38M(61M) 1.876ms
[2026-06-17T10:05:12.616+0800][54.519s][info][gc,cpu         ] GC(1073) User=0.00s Sys=0.00s Real=0.00s
[2026-06-17T10:05:12.669+0800][54.571s][info][gc,start       ] GC(1074) Pause Full (Allocation Failure)
[2026-06-17T10:05:12.669+0800][54.572s][info][gc,phases,start] GC(1074) Phase 1: Mark live objects
[2026-06-17T10:05:12.671+0800][54.573s][info][gc,phases      ] GC(1074) Phase 1: Mark live objects 1.188ms
[2026-06-17T10:05:12.671+0800][54.573s][info][gc,phases,start] GC(1074) Phase 2: Compute new object addresses
[2026-06-17T10:05:12.671+0800][54.573s][info][gc,phases      ] GC(1074) Phase 2: Compute new object addresses 0.482ms
[2026-06-17T10:05:12.672+0800][54.574s][info][gc,phases,start] GC(1074) Phase 3: Adjust pointers
[2026-06-17T10:05:12.672+0800][54.574s][info][gc,phases      ] GC(1074) Phase 3: Adjust pointers 0.473ms
[2026-06-17T10:05:12.672+0800][54.574s][info][gc,phases,start] GC(1074) Phase 4: Move objects
[2026-06-17T10:05:12.674+0800][54.577s][info][gc,phases      ] GC(1074) Phase 4: Move objects 2.171ms
[2026-06-17T10:05:12.675+0800][54.577s][info][gc,heap        ] GC(1074) DefNew: 19581K(19648K)->0K(19648K) Eden: 17452K(17472K)->0K(17472K) From: 2129K(2176K)->0K(2176K)
[2026-06-17T10:05:12.675+0800][54.577s][info][gc,heap        ] GC(1074) Tenured: 37441K(43712K)->29752K(43712K)
[2026-06-17T10:05:12.675+0800][54.577s][info][gc,metaspace   ] GC(1074) Metaspace: 121K(320K)->121K(320K) NonClass: 114K(192K)->114K(192K) Class: 7K(128K)->7K(128K)
[2026-06-17T10:05:12.675+0800][54.577s][info][gc             ] GC(1074) Pause Full (Allocation Failure) 55M->29M(61M) 6.351ms
[2026-06-17T10:05:12.675+0800][54.578s][info][gc,cpu         ] GC(1074) User=0.00s Sys=0.00s Real=0.01s
[2026-06-17T10:05:12.718+0800][54.620s][info][gc,start       ] GC(1075) Pause Young (Allocation Failure)
[2026-06-17T10:05:12.719+0800][54.621s][info][gc,heap        ] GC(1075) DefNew: 17472K(19648K)->2172K(19648K) Eden: 17472K(17472K)->0K(17472K) From: 0K(2176K)->2172K(2176K)
[2026-06-17T10:05:12.720+0800][54.622s][info][gc,heap        ] GC(1075) Tenured: 29752K(43712K)->34547K(43712K)
[2026-06-17T10:05:12.720+0800][54.622s][info][gc,metaspace   ] GC(1075) Metaspace: 121K(320K)->121K(320K) NonClass: 114K(192K)->114K(192K) Class: 7K(128K)->7K(128K)
[2026-06-17T10:05:12.720+0800][54.623s][info][gc             ] GC(1075) Pause Young (Allocation Failure) 46M->35M(61M) 2.482ms
[2026-06-17T10:05:12.721+0800][54.623s][info][gc,cpu         ] GC(1075) User=0.00s Sys=0.00s Real=0.00s
[2026-06-17T10:05:12.763+0800][54.665s][info][gc,start       ] GC(1076) Pause Young (Allocation Failure)
[2026-06-17T10:05:12.764+0800][54.666s][info][gc,heap        ] GC(1076) DefNew: 19642K(19648K)->2167K(19648K) Eden: 17469K(17472K)->0K(17472K) From: 2172K(2176K)->2167K(2176K)
[2026-06-17T10:05:12.765+0800][54.667s][info][gc,heap        ] GC(1076) Tenured: 34547K(43712K)->40067K(43712K)
[2026-06-17T10:05:12.765+0800][54.667s][info][gc,metaspace   ] GC(1076) Metaspace: 121K(320K)->121K(320K) NonClass: 114K(192K)->114K(192K) Class: 7K(128K)->7K(128K)
[2026-06-17T10:05:12.765+0800][54.667s][info][gc             ] GC(1076) Pause Young (Allocation Failure) 52M->41M(61M) 2.005ms
[2026-06-17T10:05:12.765+0800][54.667s][info][gc,cpu         ] GC(1076) User=0.00s Sys=0.00s Real=0.00s
[2026-06-17T10:05:12.817+0800][54.719s][info][gc,start       ] GC(1077) Pause Full (Allocation Failure)
[2026-06-17T10:05:12.817+0800][54.720s][info][gc,phases,start] GC(1077) Phase 1: Mark live objects
[2026-06-17T10:05:12.818+0800][54.720s][info][gc,phases      ] GC(1077) Phase 1: Mark live objects 0.845ms
[2026-06-17T10:05:12.819+0800][54.721s][info][gc,phases,start] GC(1077) Phase 2: Compute new object addresses
[2026-06-17T10:05:12.819+0800][54.722s][info][gc,phases      ] GC(1077) Phase 2: Compute new object addresses 0.647ms
[2026-06-17T10:05:12.820+0800][54.722s][info][gc,phases,start] GC(1077) Phase 3: Adjust pointers
[2026-06-17T10:05:12.820+0800][54.722s][info][gc,phases      ] GC(1077) Phase 3: Adjust pointers 0.464ms
[2026-06-17T10:05:12.820+0800][54.723s][info][gc,phases,start] GC(1077) Phase 4: Move objects
[2026-06-17T10:05:12.823+0800][54.725s][info][gc,phases      ] GC(1077) Phase 4: Move objects 2.173ms
[2026-06-17T10:05:12.823+0800][54.725s][info][gc,heap        ] GC(1077) DefNew: 19639K(19648K)->0K(19648K) Eden: 17472K(17472K)->0K(17472K) From: 2167K(2176K)->0K(2176K)
[2026-06-17T10:05:12.823+0800][54.725s][info][gc,heap        ] GC(1077) Tenured: 40067K(43712K)->28414K(43712K)
[2026-06-17T10:05:12.824+0800][54.726s][info][gc,metaspace   ] GC(1077) Metaspace: 121K(320K)->121K(320K) NonClass: 114K(192K)->114K(192K) Class: 7K(128K)->7K(128K)
[2026-06-17T10:05:12.824+0800][54.726s][info][gc             ] GC(1077) Pause Full (Allocation Failure) 58M->27M(61M) 6.907ms
[2026-06-17T10:05:12.824+0800][54.726s][info][gc,cpu         ] GC(1077) User=0.00s Sys=0.00s Real=0.01s
[2026-06-17T10:05:12.866+0800][54.768s][info][gc,start       ] GC(1078) Pause Young (Allocation Failure)
[2026-06-17T10:05:12.867+0800][54.769s][info][gc,heap        ] GC(1078) DefNew: 17420K(19648K)->2175K(19648K) Eden: 17420K(17472K)->0K(17472K) From: 0K(2176K)->2175K(2176K)
[2026-06-17T10:05:12.867+0800][54.769s][info][gc,heap        ] GC(1078) Tenured: 28414K(43712K)->33472K(43712K)
[2026-06-17T10:05:12.867+0800][54.770s][info][gc,metaspace   ] GC(1078) Metaspace: 121K(320K)->121K(320K) NonClass: 114K(192K)->114K(192K) Class: 7K(128K)->7K(128K)
[2026-06-17T10:05:12.868+0800][54.770s][info][gc             ] GC(1078) Pause Young (Allocation Failure) 44M->34M(61M) 1.597ms
[2026-06-17T10:05:12.868+0800][54.770s][info][gc,cpu         ] GC(1078) User=0.00s Sys=0.00s Real=0.00s
[2026-06-17T10:05:12.910+0800][54.812s][info][gc,start       ] GC(1079) Pause Young (Allocation Failure)
[2026-06-17T10:05:12.911+0800][54.813s][info][gc,heap        ] GC(1079) DefNew: 19647K(19648K)->2116K(19648K) Eden: 17472K(17472K)->0K(17472K) From: 2175K(2176K)->2116K(2176K)
[2026-06-17T10:05:12.911+0800][54.813s][info][gc,heap        ] GC(1079) Tenured: 33472K(43712K)->38155K(43712K)
[2026-06-17T10:05:12.911+0800][54.813s][info][gc,metaspace   ] GC(1079) Metaspace: 121K(320K)->121K(320K) NonClass: 114K(192K)->114K(192K) Class: 7K(128K)->7K(128K)
[2026-06-17T10:05:12.911+0800][54.814s][info][gc             ] GC(1079) Pause Young (Allocation Failure) 51M->39M(61M) 1.756ms
[2026-06-17T10:05:12.911+0800][54.814s][info][gc,cpu         ] GC(1079) User=0.00s Sys=0.00s Real=0.01s
[2026-06-17T10:05:12.953+0800][54.856s][info][gc,start       ] GC(1080) Pause Full (Allocation Failure)
[2026-06-17T10:05:12.954+0800][54.856s][info][gc,phases,start] GC(1080) Phase 1: Mark live objects
[2026-06-17T10:05:12.955+0800][54.857s][info][gc,phases      ] GC(1080) Phase 1: Mark live objects 0.959ms
[2026-06-17T10:05:12.955+0800][54.857s][info][gc,phases,start] GC(1080) Phase 2: Compute new object addresses
[2026-06-17T10:05:12.956+0800][54.858s][info][gc,phases      ] GC(1080) Phase 2: Compute new object addresses 0.642ms
[2026-06-17T10:05:12.956+0800][54.858s][info][gc,phases,start] GC(1080) Phase 3: Adjust pointers
[2026-06-17T10:05:12.957+0800][54.859s][info][gc,phases      ] GC(1080) Phase 3: Adjust pointers 0.508ms
[2026-06-17T10:05:12.957+0800][54.859s][info][gc,phases,start] GC(1080) Phase 4: Move objects
[2026-06-17T10:05:12.959+0800][54.861s][info][gc,phases      ] GC(1080) Phase 4: Move objects 1.928ms
[2026-06-17T10:05:12.959+0800][54.861s][info][gc,heap        ] GC(1080) DefNew: 19540K(19648K)->0K(19648K) Eden: 17424K(17472K)->0K(17472K) From: 2116K(2176K)->0K(2176K)
[2026-06-17T10:05:12.959+0800][54.862s][info][gc,heap        ] GC(1080) Tenured: 38155K(43712K)->31488K(43712K)
[2026-06-17T10:05:12.959+0800][54.862s][info][gc,metaspace   ] GC(1080) Metaspace: 121K(320K)->121K(320K) NonClass: 114K(192K)->114K(192K) Class: 7K(128K)->7K(128K)
[2026-06-17T10:05:12.960+0800][54.862s][info][gc             ] GC(1080) Pause Full (Allocation Failure) 56M->30M(61M) 6.293ms
[2026-06-17T10:05:12.960+0800][54.862s][info][gc,cpu         ] GC(1080) User=0.00s Sys=0.00s Real=0.00s
[2026-06-17T10:05:13.002+0800][54.904s][info][gc,start       ] GC(1081) Pause Young (Allocation Failure)
[2026-06-17T10:05:13.003+0800][54.905s][info][gc,heap        ] GC(1081) DefNew: 17446K(19648K)->2173K(19648K) Eden: 17446K(17472K)->0K(17472K) From: 0K(2176K)->2173K(2176K)
[2026-06-17T10:05:13.004+0800][54.906s][info][gc,heap        ] GC(1081) Tenured: 31488K(43712K)->36050K(43712K)
[2026-06-17T10:05:13.004+0800][54.906s][info][gc,metaspace   ] GC(1081) Metaspace: 121K(320K)->121K(320K) NonClass: 114K(192K)->114K(192K) Class: 7K(128K)->7K(128K)
[2026-06-17T10:05:13.004+0800][54.906s][info][gc             ] GC(1081) Pause Young (Allocation Failure) 47M->37M(61M) 2.171ms
[2026-06-17T10:05:13.004+0800][54.906s][info][gc,cpu         ] GC(1081) User=0.01s Sys=0.00s Real=0.01s
[2026-06-17T10:05:13.056+0800][54.959s][info][gc,start       ] GC(1082) Pause Young (Allocation Failure)
[2026-06-17T10:05:13.057+0800][54.959s][info][gc,heap        ] GC(1082) DefNew: 19626K(19648K)->2166K(19648K) Eden: 17452K(17472K)->0K(17472K) From: 2173K(2176K)->2166K(2176K)
[2026-06-17T10:05:13.058+0800][54.960s][info][gc,heap        ] GC(1082) Tenured: 36050K(43712K)->37086K(43712K)
[2026-06-17T10:05:13.058+0800][54.960s][info][gc,metaspace   ] GC(1082) Metaspace: 121K(320K)->121K(320K) NonClass: 114K(192K)->114K(192K) Class: 7K(128K)->7K(128K)
[2026-06-17T10:05:13.058+0800][54.961s][info][gc             ] GC(1082) Pause Young (Allocation Failure) 54M->38M(61M) 1.909ms
[2026-06-17T10:05:13.059+0800][54.961s][info][gc,cpu         ] GC(1082) User=0.00s Sys=0.00s Real=0.00s
[2026-06-17T10:05:13.091+0800][54.993s][info][gc,start       ] GC(1083) Pause Full (Allocation Failure)
[2026-06-17T10:05:13.091+0800][54.994s][info][gc,phases,start] GC(1083) Phase 1: Mark live objects
[2026-06-17T10:05:13.092+0800][54.994s][info][gc,phases      ] GC(1083) Phase 1: Mark live objects 0.902ms
[2026-06-17T10:05:13.093+0800][54.995s][info][gc,phases,start] GC(1083) Phase 2: Compute new object addresses
[2026-06-17T10:05:13.093+0800][54.995s][info][gc,phases      ] GC(1083) Phase 2: Compute new object addresses 0.385ms
[2026-06-17T10:05:13.093+0800][54.995s][info][gc,phases,start] GC(1083) Phase 3: Adjust pointers
[2026-06-17T10:05:13.094+0800][54.996s][info][gc,phases      ] GC(1083) Phase 3: Adjust pointers 0.409ms
[2026-06-17T10:05:13.094+0800][54.996s][info][gc,phases,start] GC(1083) Phase 4: Move objects
[2026-06-17T10:05:13.096+0800][54.999s][info][gc,phases      ] GC(1083) Phase 4: Move objects 2.517ms
[2026-06-17T10:05:13.097+0800][54.999s][info][gc,heap        ] GC(1083) DefNew: 19483K(19648K)->0K(19648K) Eden: 17316K(17472K)->0K(17472K) From: 2166K(2176K)->0K(2176K)
[2026-06-17T10:05:13.097+0800][54.999s][info][gc,heap        ] GC(1083) Tenured: 37086K(43712K)->22957K(43712K)
[2026-06-17T10:05:13.097+0800][55.000s][info][gc,metaspace   ] GC(1083) Metaspace: 121K(320K)->121K(320K) NonClass: 114K(192K)->114K(192K) Class: 7K(128K)->7K(128K)
[2026-06-17T10:05:13.098+0800][55.000s][info][gc             ] GC(1083) Pause Full (Allocation Failure) 55M->22M(61M) 6.622ms
[2026-06-17T10:05:13.098+0800][55.000s][info][gc,cpu         ] GC(1083) User=0.00s Sys=0.00s Real=0.00s
[2026-06-17T10:05:13.150+0800][55.052s][info][gc,start       ] GC(1084) Pause Young (Allocation Failure)
[2026-06-17T10:05:13.151+0800][55.053s][info][gc,heap        ] GC(1084) DefNew: 17472K(19648K)->2093K(19648K) Eden: 17472K(17472K)->0K(17472K) From: 0K(2176K)->2093K(2176K)
[2026-06-17T10:05:13.151+0800][55.053s][info][gc,heap        ] GC(1084) Tenured: 22957K(43712K)->24240K(43712K)
[2026-06-17T10:05:13.151+0800][55.054s][info][gc,metaspace   ] GC(1084) Metaspace: 121K(320K)->121K(320K) NonClass: 114K(192K)->114K(192K) Class: 7K(128K)->7K(128K)
[2026-06-17T10:05:13.152+0800][55.054s][info][gc             ] GC(1084) Pause Young (Allocation Failure) 39M->25M(61M) 1.597ms
[2026-06-17T10:05:13.152+0800][55.054s][info][gc,cpu         ] GC(1084) User=0.01s Sys=0.00s Real=0.01s
[2026-06-17T10:05:13.194+0800][55.096s][info][gc,start       ] GC(1085) Pause Young (Allocation Failure)
[2026-06-17T10:05:13.196+0800][55.098s][info][gc,heap        ] GC(1085) DefNew: 19565K(19648K)->2173K(19648K) Eden: 17472K(17472K)->0K(17472K) From: 2093K(2176K)->2173K(2176K)
[2026-06-17T10:05:13.196+0800][55.098s][info][gc,heap        ] GC(1085) Tenured: 24240K(43712K)->27747K(43712K)
[2026-06-17T10:05:13.196+0800][55.098s][info][gc,metaspace   ] GC(1085) Metaspace: 121K(320K)->121K(320K) NonClass: 114K(192K)->114K(192K) Class: 7K(128K)->7K(128K)
[2026-06-17T10:05:13.196+0800][55.098s][info][gc             ] GC(1085) Pause Young (Allocation Failure) 42M->29M(61M) 2.198ms
[2026-06-17T10:05:13.196+0800][55.099s][info][gc,cpu         ] GC(1085) User=0.00s Sys=0.00s Real=0.00s
[2026-06-17T10:05:13.239+0800][55.141s][info][gc,start       ] GC(1086) Pause Young (Allocation Failure)
[2026-06-17T10:05:13.240+0800][55.142s][info][gc,heap        ] GC(1086) DefNew: 19624K(19648K)->2164K(19648K) Eden: 17450K(17472K)->0K(17472K) From: 2173K(2176K)->2164K(2176K)
[2026-06-17T10:05:13.241+0800][55.143s][info][gc,heap        ] GC(1086) Tenured: 27747K(43712K)->31498K(43712K)
[2026-06-17T10:05:13.241+0800][55.143s][info][gc,metaspace   ] GC(1086) Metaspace: 121K(320K)->121K(320K) NonClass: 114K(192K)->114K(192K) Class: 7K(128K)->7K(128K)
[2026-06-17T10:05:13.242+0800][55.144s][info][gc             ] GC(1086) Pause Young (Allocation Failure) 46M->32M(61M) 2.738ms
[2026-06-17T10:05:13.243+0800][55.145s][info][gc,cpu         ] GC(1086) User=0.00s Sys=0.00s Real=0.01s
[2026-06-17T10:05:13.286+0800][55.188s][info][gc,start       ] GC(1087) Pause Young (Allocation Failure)
[2026-06-17T10:05:13.287+0800][55.189s][info][gc,heap        ] GC(1087) DefNew: 19586K(19648K)->2175K(19648K) Eden: 17422K(17472K)->0K(17472K) From: 2164K(2176K)->2175K(2176K)
[2026-06-17T10:05:13.287+0800][55.189s][info][gc,heap        ] GC(1087) Tenured: 31498K(43712K)->35005K(43712K)
[2026-06-17T10:05:13.287+0800][55.189s][info][gc,metaspace   ] GC(1087) Metaspace: 121K(320K)->121K(320K) NonClass: 114K(192K)->114K(192K) Class: 7K(128K)->7K(128K)
[2026-06-17T10:05:13.287+0800][55.190s][info][gc             ] GC(1087) Pause Young (Allocation Failure) 49M->36M(61M) 1.650ms
[2026-06-17T10:05:13.287+0800][55.190s][info][gc,cpu         ] GC(1087) User=0.00s Sys=0.00s Real=0.00s
[2026-06-17T10:05:13.330+0800][55.233s][info][gc,start       ] GC(1088) Pause Young (Allocation Failure)
[2026-06-17T10:05:13.332+0800][55.234s][info][gc,heap        ] GC(1088) DefNew: 19397K(19648K)->2141K(19648K) Eden: 17221K(17472K)->0K(17472K) From: 2175K(2176K)->2141K(2176K)
[2026-06-17T10:05:13.332+0800][55.234s][info][gc,heap        ] GC(1088) Tenured: 35005K(43712K)->36519K(43712K)
[2026-06-17T10:05:13.332+0800][55.235s][info][gc,metaspace   ] GC(1088) Metaspace: 121K(320K)->121K(320K) NonClass: 114K(192K)->114K(192K) Class: 7K(128K)->7K(128K)
[2026-06-17T10:05:13.333+0800][55.235s][info][gc             ] GC(1088) Pause Young (Allocation Failure) 53M->37M(61M) 2.208ms
[2026-06-17T10:05:13.333+0800][55.235s][info][gc,cpu         ] GC(1088) User=0.01s Sys=0.00s Real=0.01s
[2026-06-17T10:05:13.375+0800][55.277s][info][gc,start       ] GC(1089) Pause Young (Allocation Failure)
[2026-06-17T10:05:13.376+0800][55.278s][info][gc,heap        ] GC(1089) DefNew: 19604K(19648K)->2173K(19648K) Eden: 17463K(17472K)->0K(17472K) From: 2141K(2176K)->2173K(2176K)
[2026-06-17T10:05:13.376+0800][55.279s][info][gc,heap        ] GC(1089) Tenured: 36519K(43712K)->43627K(43712K)
[2026-06-17T10:05:13.377+0800][55.279s][info][gc,metaspace   ] GC(1089) Metaspace: 121K(320K)->121K(320K) NonClass: 114K(192K)->114K(192K) Class: 7K(128K)->7K(128K)
[2026-06-17T10:05:13.377+0800][55.279s][info][gc             ] GC(1089) Pause Young (Allocation Failure) 54M->44M(61M) 2.101ms
[2026-06-17T10:05:13.377+0800][55.279s][info][gc,cpu         ] GC(1089) User=0.00s Sys=0.00s Real=0.00s
[2026-06-17T10:05:13.429+0800][55.331s][info][gc,start       ] GC(1090) Pause Full (Allocation Failure)
[2026-06-17T10:05:13.430+0800][55.332s][info][gc,phases,start] GC(1090) Phase 1: Mark live objects
[2026-06-17T10:05:13.431+0800][55.333s][info][gc,phases      ] GC(1090) Phase 1: Mark live objects 0.978ms
[2026-06-17T10:05:13.431+0800][55.333s][info][gc,phases,start] GC(1090) Phase 2: Compute new object addresses
[2026-06-17T10:05:13.431+0800][55.334s][info][gc,phases      ] GC(1090) Phase 2: Compute new object addresses 0.508ms
[2026-06-17T10:05:13.432+0800][55.334s][info][gc,phases,start] GC(1090) Phase 3: Adjust pointers
[2026-06-17T10:05:13.432+0800][55.334s][info][gc,phases      ] GC(1090) Phase 3: Adjust pointers 0.556ms
[2026-06-17T10:05:13.432+0800][55.335s][info][gc,phases,start] GC(1090) Phase 4: Move objects
[2026-06-17T10:05:13.435+0800][55.337s][info][gc,phases      ] GC(1090) Phase 4: Move objects 2.174ms
[2026-06-17T10:05:13.435+0800][55.337s][info][gc,heap        ] GC(1090) DefNew: 19619K(19648K)->0K(19648K) Eden: 17446K(17472K)->0K(17472K) From: 2173K(2176K)->0K(2176K)
[2026-06-17T10:05:13.435+0800][55.337s][info][gc,heap        ] GC(1090) Tenured: 43627K(43712K)->24533K(43712K)
[2026-06-17T10:05:13.435+0800][55.337s][info][gc,metaspace   ] GC(1090) Metaspace: 121K(320K)->121K(320K) NonClass: 114K(192K)->114K(192K) Class: 7K(128K)->7K(128K)
[2026-06-17T10:05:13.435+0800][55.338s][info][gc             ] GC(1090) Pause Full (Allocation Failure) 61M->23M(61M) 6.178ms
[2026-06-17T10:05:13.436+0800][55.338s][info][gc,cpu         ] GC(1090) User=0.00s Sys=0.00s Real=0.01s
[2026-06-17T10:05:13.467+0800][55.370s][info][gc,start       ] GC(1091) Pause Young (Allocation Failure)
[2026-06-17T10:05:13.469+0800][55.371s][info][gc,heap        ] GC(1091) DefNew: 16987K(19648K)->2173K(19648K) Eden: 16987K(17472K)->0K(17472K) From: 0K(2176K)->2173K(2176K)
[2026-06-17T10:05:13.469+0800][55.372s][info][gc,heap        ] GC(1091) Tenured: 24533K(43712K)->29067K(43712K)
[2026-06-17T10:05:13.470+0800][55.372s][info][gc,metaspace   ] GC(1091) Metaspace: 121K(320K)->121K(320K) NonClass: 114K(192K)->114K(192K) Class: 7K(128K)->7K(128K)
[2026-06-17T10:05:13.470+0800][55.373s][info][gc             ] GC(1091) Pause Young (Allocation Failure) 40M->30M(61M) 2.972ms
[2026-06-17T10:05:13.471+0800][55.373s][info][gc,cpu         ] GC(1091) User=0.01s Sys=0.00s Real=0.01s
[2026-06-17T10:05:13.513+0800][55.416s][info][gc,start       ] GC(1092) Pause Young (Allocation Failure)
[2026-06-17T10:05:13.515+0800][55.417s][info][gc,heap        ] GC(1092) DefNew: 19645K(19648K)->2167K(19648K) Eden: 17472K(17472K)->0K(17472K) From: 2173K(2176K)->2167K(2176K)
[2026-06-17T10:05:13.516+0800][55.418s][info][gc,heap        ] GC(1092) Tenured: 29067K(43712K)->35589K(43712K)
[2026-06-17T10:05:13.516+0800][55.418s][info][gc,metaspace   ] GC(1092) Metaspace: 121K(320K)->121K(320K) NonClass: 114K(192K)->114K(192K) Class: 7K(128K)->7K(128K)
[2026-06-17T10:05:13.516+0800][55.419s][info][gc             ] GC(1092) Pause Young (Allocation Failure) 47M->36M(61M) 2.907ms
[2026-06-17T10:05:13.517+0800][55.419s][info][gc,cpu         ] GC(1092) User=0.00s Sys=0.00s Real=0.00s
[2026-06-17T10:05:13.569+0800][55.471s][info][gc,start       ] GC(1093) Pause Full (Allocation Failure)
[2026-06-17T10:05:13.570+0800][55.472s][info][gc,phases,start] GC(1093) Phase 1: Mark live objects
[2026-06-17T10:05:13.571+0800][55.473s][info][gc,phases      ] GC(1093) Phase 1: Mark live objects 1.164ms
[2026-06-17T10:05:13.571+0800][55.474s][info][gc,phases,start] GC(1093) Phase 2: Compute new object addresses
[2026-06-17T10:05:13.572+0800][55.474s][info][gc,phases      ] GC(1093) Phase 2: Compute new object addresses 0.705ms
[2026-06-17T10:05:13.573+0800][55.475s][info][gc,phases,start] GC(1093) Phase 3: Adjust pointers
[2026-06-17T10:05:13.573+0800][55.476s][info][gc,phases      ] GC(1093) Phase 3: Adjust pointers 0.814ms
[2026-06-17T10:05:13.574+0800][55.476s][info][gc,phases,start] GC(1093) Phase 4: Move objects
[2026-06-17T10:05:13.576+0800][55.478s][info][gc,phases      ] GC(1093) Phase 4: Move objects 2.093ms
[2026-06-17T10:05:13.577+0800][55.479s][info][gc,heap        ] GC(1093) DefNew: 19582K(19648K)->0K(19648K) Eden: 17414K(17472K)->0K(17472K) From: 2167K(2176K)->0K(2176K)
[2026-06-17T10:05:13.577+0800][55.479s][info][gc,heap        ] GC(1093) Tenured: 35589K(43712K)->24228K(43712K)
[2026-06-17T10:05:13.577+0800][55.479s][info][gc,metaspace   ] GC(1093) Metaspace: 121K(320K)->121K(320K) NonClass: 114K(192K)->114K(192K) Class: 7K(128K)->7K(128K)
[2026-06-17T10:05:13.578+0800][55.480s][info][gc             ] GC(1093) Pause Full (Allocation Failure) 53M->23M(61M) 8.366ms
[2026-06-17T10:05:13.578+0800][55.480s][info][gc,cpu         ] GC(1093) User=0.00s Sys=0.00s Real=0.01s
[2026-06-17T10:05:13.620+0800][55.523s][info][gc,start       ] GC(1094) Pause Young (Allocation Failure)
[2026-06-17T10:05:13.622+0800][55.524s][info][gc,heap        ] GC(1094) DefNew: 17472K(19648K)->2172K(19648K) Eden: 17472K(17472K)->0K(17472K) From: 0K(2176K)->2172K(2176K)
[2026-06-17T10:05:13.622+0800][55.524s][info][gc,heap        ] GC(1094) Tenured: 24228K(43712K)->29126K(43712K)
[2026-06-17T10:05:13.623+0800][55.525s][info][gc,metaspace   ] GC(1094) Metaspace: 121K(320K)->121K(320K) NonClass: 114K(192K)->114K(192K) Class: 7K(128K)->7K(128K)
[2026-06-17T10:05:13.623+0800][55.525s][info][gc             ] GC(1094) Pause Young (Allocation Failure) 40M->30M(61M) 2.590ms
[2026-06-17T10:05:13.623+0800][55.526s][info][gc,cpu         ] GC(1094) User=0.01s Sys=0.00s Real=0.01s
[2026-06-17T10:05:13.666+0800][55.568s][info][gc,start       ] GC(1095) Pause Young (Allocation Failure)
[2026-06-17T10:05:13.667+0800][55.569s][info][gc,heap        ] GC(1095) DefNew: 19603K(19648K)->2172K(19648K) Eden: 17430K(17472K)->0K(17472K) From: 2172K(2176K)->2172K(2176K)
[2026-06-17T10:05:13.667+0800][55.570s][info][gc,heap        ] GC(1095) Tenured: 29126K(43712K)->33668K(43712K)
[2026-06-17T10:05:13.668+0800][55.570s][info][gc,metaspace   ] GC(1095) Metaspace: 121K(320K)->121K(320K) NonClass: 114K(192K)->114K(192K) Class: 7K(128K)->7K(128K)
[2026-06-17T10:05:13.668+0800][55.571s][info][gc             ] GC(1095) Pause Young (Allocation Failure) 47M->35M(61M) 2.779ms
[2026-06-17T10:05:13.669+0800][55.571s][info][gc,cpu         ] GC(1095) User=0.00s Sys=0.00s Real=0.00s
[2026-06-17T10:05:13.712+0800][55.614s][info][gc,start       ] GC(1096) Pause Young (Allocation Failure)
[2026-06-17T10:05:13.730+0800][55.632s][info][gc,heap        ] GC(1096) DefNew: 19625K(19648K)->2170K(19648K) Eden: 17453K(17472K)->0K(17472K) From: 2172K(2176K)->2170K(2176K)
[2026-06-17T10:05:13.730+0800][55.633s][info][gc,heap        ] GC(1096) Tenured: 33668K(43712K)->37276K(43712K)
[2026-06-17T10:05:13.731+0800][55.633s][info][gc,metaspace   ] GC(1096) Metaspace: 121K(320K)->121K(320K) NonClass: 114K(192K)->114K(192K) Class: 7K(128K)->7K(128K)
[2026-06-17T10:05:13.731+0800][55.633s][info][gc             ] GC(1096) Pause Young (Allocation Failure) 52M->38M(61M) 19.448ms
[2026-06-17T10:05:13.732+0800][55.634s][info][gc,cpu         ] GC(1096) User=0.00s Sys=0.00s Real=0.02s
[2026-06-17T10:05:13.774+0800][55.676s][info][gc,start       ] GC(1097) Pause Full (Allocation Failure)
[2026-06-17T10:05:13.776+0800][55.678s][info][gc,phases,start] GC(1097) Phase 1: Mark live objects
[2026-06-17T10:05:13.782+0800][55.684s][info][gc,phases      ] GC(1097) Phase 1: Mark live objects 6.039ms
[2026-06-17T10:05:13.787+0800][55.689s][info][gc,phases,start] GC(1097) Phase 2: Compute new object addresses
[2026-06-17T10:05:13.787+0800][55.689s][info][gc,phases      ] GC(1097) Phase 2: Compute new object addresses 0.534ms
[2026-06-17T10:05:13.789+0800][55.691s][info][gc,phases,start] GC(1097) Phase 3: Adjust pointers
[2026-06-17T10:05:13.798+0800][55.700s][info][gc,phases      ] GC(1097) Phase 3: Adjust pointers 8.599ms
[2026-06-17T10:05:13.798+0800][55.700s][info][gc,phases,start] GC(1097) Phase 4: Move objects
[2026-06-17T10:05:13.800+0800][55.702s][info][gc,phases      ] GC(1097) Phase 4: Move objects 2.039ms
[2026-06-17T10:05:13.807+0800][55.709s][info][gc,heap        ] GC(1097) DefNew: 19642K(19648K)->0K(19648K) Eden: 17472K(17472K)->0K(17472K) From: 2170K(2176K)->0K(2176K)
[2026-06-17T10:05:13.807+0800][55.709s][info][gc,heap        ] GC(1097) Tenured: 37276K(43712K)->28123K(43712K)
[2026-06-17T10:05:13.807+0800][55.710s][info][gc,metaspace   ] GC(1097) Metaspace: 121K(320K)->121K(320K) NonClass: 114K(192K)->114K(192K) Class: 7K(128K)->7K(128K)
[2026-06-17T10:05:13.808+0800][55.710s][info][gc             ] GC(1097) Pause Full (Allocation Failure) 55M->27M(61M) 33.514ms
[2026-06-17T10:05:13.808+0800][55.710s][info][gc,cpu         ] GC(1097) User=0.01s Sys=0.00s Real=0.03s
[2026-06-17T10:05:13.850+0800][55.752s][info][gc,start       ] GC(1098) Pause Young (Allocation Failure)
[2026-06-17T10:05:13.851+0800][55.753s][info][gc,heap        ] GC(1098) DefNew: 17472K(19648K)->2175K(19648K) Eden: 17472K(17472K)->0K(17472K) From: 0K(2176K)->2175K(2176K)
[2026-06-17T10:05:13.852+0800][55.754s][info][gc,heap        ] GC(1098) Tenured: 28123K(43712K)->32895K(43712K)
[2026-06-17T10:05:13.853+0800][55.755s][info][gc,metaspace   ] GC(1098) Metaspace: 121K(320K)->121K(320K) NonClass: 114K(192K)->114K(192K) Class: 7K(128K)->7K(128K)
[2026-06-17T10:05:13.853+0800][55.755s][info][gc             ] GC(1098) Pause Young (Allocation Failure) 44M->34M(61M) 2.867ms
[2026-06-17T10:05:13.859+0800][55.761s][info][gc,cpu         ] GC(1098) User=0.00s Sys=0.00s Real=0.01s
[2026-06-17T10:05:13.915+0800][55.817s][info][gc,start       ] GC(1099) Pause Young (Allocation Failure)
[2026-06-17T10:05:13.918+0800][55.820s][info][gc,heap        ] GC(1099) DefNew: 19647K(19648K)->2074K(19648K) Eden: 17472K(17472K)->0K(17472K) From: 2175K(2176K)->2074K(2176K)
[2026-06-17T10:05:13.919+0800][55.821s][info][gc,heap        ] GC(1099) Tenured: 32895K(43712K)->36148K(43712K)
[2026-06-17T10:05:13.922+0800][55.825s][info][gc,metaspace   ] GC(1099) Metaspace: 121K(320K)->121K(320K) NonClass: 114K(192K)->114K(192K) Class: 7K(128K)->7K(128K)
[2026-06-17T10:05:13.925+0800][55.827s][info][gc             ] GC(1099) Pause Young (Allocation Failure) 51M->37M(61M) 9.573ms
[2026-06-17T10:05:13.926+0800][55.828s][info][gc,cpu         ] GC(1099) User=0.00s Sys=0.00s Real=0.01s
[2026-06-17T10:05:13.970+0800][55.872s][info][gc,start       ] GC(1100) Pause Young (Allocation Failure)
[2026-06-17T10:05:13.971+0800][55.873s][info][gc,heap        ] GC(1100) DefNew: 19498K(19648K)->2127K(19648K) Eden: 17423K(17472K)->0K(17472K) From: 2074K(2176K)->2127K(2176K)
[2026-06-17T10:05:13.971+0800][55.873s][info][gc,heap        ] GC(1100) Tenured: 36148K(43712K)->39588K(43712K)
[2026-06-17T10:05:13.971+0800][55.873s][info][gc,metaspace   ] GC(1100) Metaspace: 121K(320K)->121K(320K) NonClass: 114K(192K)->114K(192K) Class: 7K(128K)->7K(128K)
[2026-06-17T10:05:13.971+0800][55.874s][info][gc             ] GC(1100) Pause Young (Allocation Failure) 54M->40M(61M) 1.652ms
[2026-06-17T10:05:13.972+0800][55.874s][info][gc,cpu         ] GC(1100) User=0.00s Sys=0.00s Real=0.01s
[2026-06-17T10:05:14.014+0800][55.916s][info][gc,start       ] GC(1101) Pause Full (Allocation Failure)
[2026-06-17T10:05:14.014+0800][55.916s][info][gc,phases,start] GC(1101) Phase 1: Mark live objects
[2026-06-17T10:05:14.016+0800][55.918s][info][gc,phases      ] GC(1101) Phase 1: Mark live objects 1.474ms
[2026-06-17T10:05:14.016+0800][55.918s][info][gc,phases,start] GC(1101) Phase 2: Compute new object addresses
[2026-06-17T10:05:14.018+0800][55.920s][info][gc,phases      ] GC(1101) Phase 2: Compute new object addresses 1.286ms
[2026-06-17T10:05:14.018+0800][55.920s][info][gc,phases,start] GC(1101) Phase 3: Adjust pointers
[2026-06-17T10:05:14.019+0800][55.921s][info][gc,phases      ] GC(1101) Phase 3: Adjust pointers 0.888ms
[2026-06-17T10:05:14.020+0800][55.922s][info][gc,phases,start] GC(1101) Phase 4: Move objects
[2026-06-17T10:05:14.022+0800][55.924s][info][gc,phases      ] GC(1101) Phase 4: Move objects 2.474ms
[2026-06-17T10:05:14.023+0800][55.925s][info][gc,heap        ] GC(1101) DefNew: 19556K(19648K)->0K(19648K) Eden: 17428K(17472K)->0K(17472K) From: 2127K(2176K)->0K(2176K)
[2026-06-17T10:05:14.023+0800][55.925s][info][gc,heap        ] GC(1101) Tenured: 39588K(43712K)->28499K(43712K)
[2026-06-17T10:05:14.024+0800][55.926s][info][gc,metaspace   ] GC(1101) Metaspace: 121K(320K)->121K(320K) NonClass: 114K(192K)->114K(192K) Class: 7K(128K)->7K(128K)
[2026-06-17T10:05:14.024+0800][55.926s][info][gc             ] GC(1101) Pause Full (Allocation Failure) 57M->27M(61M) 10.231ms
[2026-06-17T10:05:14.024+0800][55.926s][info][gc,cpu         ] GC(1101) User=0.01s Sys=0.00s Real=0.01s
[2026-06-17T10:05:14.066+0800][55.968s][info][gc,start       ] GC(1102) Pause Young (Allocation Failure)
[2026-06-17T10:05:14.067+0800][55.970s][info][gc,heap        ] GC(1102) DefNew: 17472K(19648K)->2171K(19648K) Eden: 17472K(17472K)->0K(17472K) From: 0K(2176K)->2171K(2176K)
[2026-06-17T10:05:14.068+0800][55.970s][info][gc,heap        ] GC(1102) Tenured: 28499K(43712K)->33445K(43712K)
[2026-06-17T10:05:14.069+0800][55.971s][info][gc,metaspace   ] GC(1102) Metaspace: 121K(320K)->121K(320K) NonClass: 114K(192K)->114K(192K) Class: 7K(128K)->7K(128K)
[2026-06-17T10:05:14.069+0800][55.971s][info][gc             ] GC(1102) Pause Young (Allocation Failure) 44M->34M(61M) 3.098ms
[2026-06-17T10:05:14.070+0800][55.972s][info][gc,cpu         ] GC(1102) User=0.00s Sys=0.00s Real=0.00s
[2026-06-17T10:05:14.112+0800][56.015s][info][gc,start       ] GC(1103) Pause Young (Allocation Failure)
[2026-06-17T10:05:14.114+0800][56.016s][info][gc,heap        ] GC(1103) DefNew: 19596K(19648K)->2170K(19648K) Eden: 17425K(17472K)->0K(17472K) From: 2171K(2176K)->2170K(2176K)
[2026-06-17T10:05:14.114+0800][56.016s][info][gc,heap        ] GC(1103) Tenured: 33445K(43712K)->37728K(43712K)
[2026-06-17T10:05:14.115+0800][56.017s][info][gc,metaspace   ] GC(1103) Metaspace: 121K(320K)->121K(320K) NonClass: 114K(192K)->114K(192K) Class: 7K(128K)->7K(128K)
[2026-06-17T10:05:14.116+0800][56.018s][info][gc             ] GC(1103) Pause Young (Allocation Failure) 51M->38M(61M) 3.255ms
[2026-06-17T10:05:14.116+0800][56.018s][info][gc,cpu         ] GC(1103) User=0.00s Sys=0.00s Real=0.00s
[2026-06-17T10:05:14.158+0800][56.061s][info][gc,start       ] GC(1104) Pause Full (Allocation Failure)
[2026-06-17T10:05:14.159+0800][56.061s][info][gc,phases,start] GC(1104) Phase 1: Mark live objects
[2026-06-17T10:05:14.160+0800][56.062s][info][gc,phases      ] GC(1104) Phase 1: Mark live objects 0.843ms
[2026-06-17T10:05:14.160+0800][56.062s][info][gc,phases,start] GC(1104) Phase 2: Compute new object addresses
[2026-06-17T10:05:14.160+0800][56.063s][info][gc,phases      ] GC(1104) Phase 2: Compute new object addresses 0.484ms
[2026-06-17T10:05:14.161+0800][56.063s][info][gc,phases,start] GC(1104) Phase 3: Adjust pointers
[2026-06-17T10:05:14.162+0800][56.064s][info][gc,phases      ] GC(1104) Phase 3: Adjust pointers 1.040ms
[2026-06-17T10:05:14.162+0800][56.064s][info][gc,phases,start] GC(1104) Phase 4: Move objects
[2026-06-17T10:05:14.164+0800][56.067s][info][gc,phases      ] GC(1104) Phase 4: Move objects 2.089ms
[2026-06-17T10:05:14.165+0800][56.067s][info][gc,heap        ] GC(1104) DefNew: 19628K(19648K)->0K(19648K) Eden: 17458K(17472K)->0K(17472K) From: 2170K(2176K)->0K(2176K)
[2026-06-17T10:05:14.165+0800][56.067s][info][gc,heap        ] GC(1104) Tenured: 37728K(43712K)->23085K(43712K)
[2026-06-17T10:05:14.165+0800][56.067s][info][gc,metaspace   ] GC(1104) Metaspace: 121K(320K)->121K(320K) NonClass: 114K(192K)->114K(192K) Class: 7K(128K)->7K(128K)
[2026-06-17T10:05:14.165+0800][56.067s][info][gc             ] GC(1104) Pause Full (Allocation Failure) 56M->22M(61M) 6.862ms
[2026-06-17T10:05:14.165+0800][56.068s][info][gc,cpu         ] GC(1104) User=0.00s Sys=0.00s Real=0.01s
[2026-06-17T10:05:14.208+0800][56.110s][info][gc,start       ] GC(1105) Pause Young (Allocation Failure)
[2026-06-17T10:05:14.210+0800][56.112s][info][gc,heap        ] GC(1105) DefNew: 17419K(19648K)->2166K(19648K) Eden: 17419K(17472K)->0K(17472K) From: 0K(2176K)->2166K(2176K)
[2026-06-17T10:05:14.211+0800][56.113s][info][gc,heap        ] GC(1105) Tenured: 23085K(43712K)->28166K(43712K)
[2026-06-17T10:05:14.211+0800][56.113s][info][gc,metaspace   ] GC(1105) Metaspace: 121K(320K)->121K(320K) NonClass: 114K(192K)->114K(192K) Class: 7K(128K)->7K(128K)
[2026-06-17T10:05:14.211+0800][56.114s][info][gc             ] GC(1105) Pause Young (Allocation Failure) 39M->29M(61M) 3.823ms
[2026-06-17T10:05:14.212+0800][56.114s][info][gc,cpu         ] GC(1105) User=0.00s Sys=0.00s Real=0.01s
[2026-06-17T10:05:14.264+0800][56.166s][info][gc,start       ] GC(1106) Pause Young (Allocation Failure)
[2026-06-17T10:05:14.265+0800][56.167s][info][gc,heap        ] GC(1106) DefNew: 19638K(19648K)->2126K(19648K) Eden: 17472K(17472K)->0K(17472K) From: 2166K(2176K)->2126K(2176K)
[2026-06-17T10:05:14.266+0800][56.168s][info][gc,heap        ] GC(1106) Tenured: 28166K(43712K)->29646K(43712K)
[2026-06-17T10:05:14.266+0800][56.168s][info][gc,metaspace   ] GC(1106) Metaspace: 121K(320K)->121K(320K) NonClass: 114K(192K)->114K(192K) Class: 7K(128K)->7K(128K)
[2026-06-17T10:05:14.267+0800][56.169s][info][gc             ] GC(1106) Pause Young (Allocation Failure) 46M->31M(61M) 2.478ms
[2026-06-17T10:05:14.267+0800][56.169s][info][gc,cpu         ] GC(1106) User=0.00s Sys=0.00s Real=0.00s
[2026-06-17T10:05:14.309+0800][56.211s][info][gc,start       ] GC(1107) Pause Young (Allocation Failure)
[2026-06-17T10:05:14.310+0800][56.212s][info][gc,heap        ] GC(1107) DefNew: 19588K(19648K)->2149K(19648K) Eden: 17461K(17472K)->0K(17472K) From: 2126K(2176K)->2149K(2176K)
[2026-06-17T10:05:14.310+0800][56.213s][info][gc,heap        ] GC(1107) Tenured: 29646K(43712K)->33263K(43712K)
[2026-06-17T10:05:14.311+0800][56.213s][info][gc,metaspace   ] GC(1107) Metaspace: 121K(320K)->121K(320K) NonClass: 114K(192K)->114K(192K) Class: 7K(128K)->7K(128K)
[2026-06-17T10:05:14.311+0800][56.213s][info][gc             ] GC(1107) Pause Young (Allocation Failure) 48M->34M(61M) 2.214ms
[2026-06-17T10:05:14.311+0800][56.214s][info][gc,cpu         ] GC(1107) User=0.00s Sys=0.00s Real=0.01s
[2026-06-17T10:05:14.353+0800][56.256s][info][gc,start       ] GC(1108) Pause Young (Allocation Failure)
[2026-06-17T10:05:14.354+0800][56.257s][info][gc,heap        ] GC(1108) DefNew: 19621K(19648K)->2167K(19648K) Eden: 17472K(17472K)->0K(17472K) From: 2149K(2176K)->2167K(2176K)
[2026-06-17T10:05:14.355+0800][56.257s][info][gc,heap        ] GC(1108) Tenured: 33263K(43712K)->36584K(43712K)
[2026-06-17T10:05:14.355+0800][56.257s][info][gc,metaspace   ] GC(1108) Metaspace: 121K(320K)->121K(320K) NonClass: 114K(192K)->114K(192K) Class: 7K(128K)->7K(128K)
[2026-06-17T10:05:14.355+0800][56.257s][info][gc             ] GC(1108) Pause Young (Allocation Failure) 51M->37M(61M) 1.522ms
[2026-06-17T10:05:14.355+0800][56.257s][info][gc,cpu         ] GC(1108) User=0.00s Sys=0.00s Real=0.00s
[2026-06-17T10:05:14.397+0800][56.299s][info][gc,start       ] GC(1109) Pause Young (Allocation Failure)
[2026-06-17T10:05:14.398+0800][56.300s][info][gc,heap        ] GC(1109) DefNew: 19628K(19648K)->2172K(19648K) Eden: 17460K(17472K)->0K(17472K) From: 2167K(2176K)->2172K(2176K)
[2026-06-17T10:05:14.399+0800][56.301s][info][gc,heap        ] GC(1109) Tenured: 36584K(43712K)->40088K(43712K)
[2026-06-17T10:05:14.399+0800][56.301s][info][gc,metaspace   ] GC(1109) Metaspace: 121K(320K)->121K(320K) NonClass: 114K(192K)->114K(192K) Class: 7K(128K)->7K(128K)
[2026-06-17T10:05:14.399+0800][56.301s][info][gc             ] GC(1109) Pause Young (Allocation Failure) 54M->41M(61M) 1.990ms
[2026-06-17T10:05:14.399+0800][56.301s][info][gc,cpu         ] GC(1109) User=0.00s Sys=0.00s Real=0.00s
[2026-06-17T10:05:14.441+0800][56.343s][info][gc,start       ] GC(1110) Pause Full (Allocation Failure)
[2026-06-17T10:05:14.442+0800][56.344s][info][gc,phases,start] GC(1110) Phase 1: Mark live objects
[2026-06-17T10:05:14.443+0800][56.345s][info][gc,phases      ] GC(1110) Phase 1: Mark live objects 0.899ms
[2026-06-17T10:05:14.443+0800][56.345s][info][gc,phases,start] GC(1110) Phase 2: Compute new object addresses
[2026-06-17T10:05:14.443+0800][56.345s][info][gc,phases      ] GC(1110) Phase 2: Compute new object addresses 0.418ms
[2026-06-17T10:05:14.444+0800][56.346s][info][gc,phases,start] GC(1110) Phase 3: Adjust pointers
[2026-06-17T10:05:14.444+0800][56.346s][info][gc,phases      ] GC(1110) Phase 3: Adjust pointers 0.447ms
[2026-06-17T10:05:14.444+0800][56.346s][info][gc,phases,start] GC(1110) Phase 4: Move objects
[2026-06-17T10:05:14.447+0800][56.349s][info][gc,phases      ] GC(1110) Phase 4: Move objects 2.483ms
[2026-06-17T10:05:14.447+0800][56.349s][info][gc,heap        ] GC(1110) DefNew: 19591K(19648K)->0K(19648K) Eden: 17419K(17472K)->0K(17472K) From: 2172K(2176K)->0K(2176K)
[2026-06-17T10:05:14.448+0800][56.350s][info][gc,heap        ] GC(1110) Tenured: 40088K(43712K)->30242K(43712K)
[2026-06-17T10:05:14.448+0800][56.350s][info][gc,metaspace   ] GC(1110) Metaspace: 121K(320K)->121K(320K) NonClass: 114K(192K)->114K(192K) Class: 7K(128K)->7K(128K)
[2026-06-17T10:05:14.448+0800][56.350s][info][gc             ] GC(1110) Pause Full (Allocation Failure) 58M->29M(61M) 6.971ms
[2026-06-17T10:05:14.448+0800][56.351s][info][gc,cpu         ] GC(1110) User=0.00s Sys=0.00s Real=0.01s
[2026-06-17T10:05:14.490+0800][56.393s][info][gc,start       ] GC(1111) Pause Young (Allocation Failure)
[2026-06-17T10:05:14.492+0800][56.394s][info][gc,heap        ] GC(1111) DefNew: 17472K(19648K)->2173K(19648K) Eden: 17472K(17472K)->0K(17472K) From: 0K(2176K)->2173K(2176K)
[2026-06-17T10:05:14.492+0800][56.394s][info][gc,heap        ] GC(1111) Tenured: 30242K(43712K)->35535K(43712K)
[2026-06-17T10:05:14.492+0800][56.394s][info][gc,metaspace   ] GC(1111) Metaspace: 121K(320K)->121K(320K) NonClass: 114K(192K)->114K(192K) Class: 7K(128K)->7K(128K)
[2026-06-17T10:05:14.492+0800][56.395s][info][gc             ] GC(1111) Pause Young (Allocation Failure) 46M->36M(61M) 1.989ms
[2026-06-17T10:05:14.493+0800][56.395s][info][gc,cpu         ] GC(1111) User=0.00s Sys=0.01s Real=0.00s
[2026-06-17T10:05:14.535+0800][56.437s][info][gc,start       ] GC(1112) Pause Young (Allocation Failure)
[2026-06-17T10:05:14.536+0800][56.438s][info][gc,heap        ] GC(1112) DefNew: 19540K(19648K)->2156K(19648K) Eden: 17366K(17472K)->0K(17472K) From: 2173K(2176K)->2156K(2176K)
[2026-06-17T10:05:14.536+0800][56.439s][info][gc,heap        ] GC(1112) Tenured: 35535K(43712K)->38542K(43712K)
[2026-06-17T10:05:14.537+0800][56.439s][info][gc,metaspace   ] GC(1112) Metaspace: 121K(320K)->121K(320K) NonClass: 114K(192K)->114K(192K) Class: 7K(128K)->7K(128K)
[2026-06-17T10:05:14.537+0800][56.439s][info][gc             ] GC(1112) Pause Young (Allocation Failure) 53M->39M(61M) 2.109ms
[2026-06-17T10:05:14.537+0800][56.439s][info][gc,cpu         ] GC(1112) User=0.00s Sys=0.00s Real=0.00s
[2026-06-17T10:05:14.579+0800][56.482s][info][gc,start       ] GC(1113) Pause Full (Allocation Failure)
[2026-06-17T10:05:14.580+0800][56.482s][info][gc,phases,start] GC(1113) Phase 1: Mark live objects
[2026-06-17T10:05:14.581+0800][56.483s][info][gc,phases      ] GC(1113) Phase 1: Mark live objects 0.900ms
[2026-06-17T10:05:14.581+0800][56.483s][info][gc,phases,start] GC(1113) Phase 2: Compute new object addresses
[2026-06-17T10:05:14.582+0800][56.484s][info][gc,phases      ] GC(1113) Phase 2: Compute new object addresses 0.471ms
[2026-06-17T10:05:14.582+0800][56.484s][info][gc,phases,start] GC(1113) Phase 3: Adjust pointers
[2026-06-17T10:05:14.582+0800][56.485s][info][gc,phases      ] GC(1113) Phase 3: Adjust pointers 0.442ms
[2026-06-17T10:05:14.583+0800][56.485s][info][gc,phases,start] GC(1113) Phase 4: Move objects
[2026-06-17T10:05:14.585+0800][56.487s][info][gc,phases      ] GC(1113) Phase 4: Move objects 2.068ms
[2026-06-17T10:05:14.585+0800][56.487s][info][gc,heap        ] GC(1113) DefNew: 19602K(19648K)->0K(19648K) Eden: 17446K(17472K)->0K(17472K) From: 2156K(2176K)->0K(2176K)
[2026-06-17T10:05:14.585+0800][56.488s][info][gc,heap        ] GC(1113) Tenured: 38542K(43712K)->34130K(43712K)
[2026-06-17T10:05:14.586+0800][56.488s][info][gc,metaspace   ] GC(1113) Metaspace: 121K(320K)->121K(320K) NonClass: 114K(192K)->114K(192K) Class: 7K(128K)->7K(128K)
[2026-06-17T10:05:14.586+0800][56.488s][info][gc             ] GC(1113) Pause Full (Allocation Failure) 56M->33M(61M) 6.487ms
[2026-06-17T10:05:14.586+0800][56.488s][info][gc,cpu         ] GC(1113) User=0.01s Sys=0.00s Real=0.01s
[2026-06-17T10:05:14.639+0800][56.541s][info][gc,start       ] GC(1114) Pause Young (Allocation Failure)
[2026-06-17T10:05:14.640+0800][56.542s][info][gc,heap        ] GC(1114) DefNew: 17451K(19648K)->2114K(19648K) Eden: 17451K(17472K)->0K(17472K) From: 0K(2176K)->2114K(2176K)
[2026-06-17T10:05:14.640+0800][56.542s][info][gc,heap        ] GC(1114) Tenured: 34130K(43712K)->35554K(43712K)
[2026-06-17T10:05:14.640+0800][56.543s][info][gc,metaspace   ] GC(1114) Metaspace: 121K(320K)->121K(320K) NonClass: 114K(192K)->114K(192K) Class: 7K(128K)->7K(128K)
[2026-06-17T10:05:14.641+0800][56.543s][info][gc             ] GC(1114) Pause Young (Allocation Failure) 50M->36M(61M) 1.762ms
[2026-06-17T10:05:14.641+0800][56.543s][info][gc,cpu         ] GC(1114) User=0.00s Sys=0.00s Real=0.00s
[2026-06-17T10:05:14.683+0800][56.585s][info][gc,start       ] GC(1115) Pause Young (Allocation Failure)
[2026-06-17T10:05:14.684+0800][56.586s][info][gc,heap        ] GC(1115) DefNew: 19537K(19648K)->2089K(19648K) Eden: 17423K(17472K)->0K(17472K) From: 2114K(2176K)->2089K(2176K)
[2026-06-17T10:05:14.685+0800][56.587s][info][gc,heap        ] GC(1115) Tenured: 35554K(43712K)->39423K(43712K)
[2026-06-17T10:05:14.685+0800][56.587s][info][gc,metaspace   ] GC(1115) Metaspace: 121K(320K)->121K(320K) NonClass: 114K(192K)->114K(192K) Class: 7K(128K)->7K(128K)
[2026-06-17T10:05:14.685+0800][56.587s][info][gc             ] GC(1115) Pause Young (Allocation Failure) 53M->40M(61M) 1.746ms
[2026-06-17T10:05:14.685+0800][56.587s][info][gc,cpu         ] GC(1115) User=0.00s Sys=0.00s Real=0.00s
[2026-06-17T10:05:14.727+0800][56.629s][info][gc,start       ] GC(1116) Pause Full (Allocation Failure)
[2026-06-17T10:05:14.727+0800][56.630s][info][gc,phases,start] GC(1116) Phase 1: Mark live objects
[2026-06-17T10:05:14.728+0800][56.630s][info][gc,phases      ] GC(1116) Phase 1: Mark live objects 0.809ms
[2026-06-17T10:05:14.729+0800][56.631s][info][gc,phases,start] GC(1116) Phase 2: Compute new object addresses
[2026-06-17T10:05:14.729+0800][56.631s][info][gc,phases      ] GC(1116) Phase 2: Compute new object addresses 0.462ms
[2026-06-17T10:05:14.729+0800][56.631s][info][gc,phases,start] GC(1116) Phase 3: Adjust pointers
[2026-06-17T10:05:14.730+0800][56.632s][info][gc,phases      ] GC(1116) Phase 3: Adjust pointers 0.449ms
[2026-06-17T10:05:14.730+0800][56.632s][info][gc,phases,start] GC(1116) Phase 4: Move objects
[2026-06-17T10:05:14.732+0800][56.635s][info][gc,phases      ] GC(1116) Phase 4: Move objects 2.383ms
[2026-06-17T10:05:14.733+0800][56.635s][info][gc,heap        ] GC(1116) DefNew: 19530K(19648K)->0K(19648K) Eden: 17441K(17472K)->0K(17472K) From: 2089K(2176K)->0K(2176K)
[2026-06-17T10:05:14.733+0800][56.635s][info][gc,heap        ] GC(1116) Tenured: 39423K(43712K)->29602K(43712K)
[2026-06-17T10:05:14.733+0800][56.635s][info][gc,metaspace   ] GC(1116) Metaspace: 121K(320K)->121K(320K) NonClass: 114K(192K)->114K(192K) Class: 7K(128K)->7K(128K)
[2026-06-17T10:05:14.733+0800][56.636s][info][gc             ] GC(1116) Pause Full (Allocation Failure) 57M->28M(61M) 6.348ms
[2026-06-17T10:05:14.734+0800][56.636s][info][gc,cpu         ] GC(1116) User=0.01s Sys=0.00s Real=0.01s
[2026-06-17T10:05:14.776+0800][56.678s][info][gc,start       ] GC(1117) Pause Young (Allocation Failure)
[2026-06-17T10:05:14.776+0800][56.679s][info][gc,heap        ] GC(1117) DefNew: 17287K(19648K)->2175K(19648K) Eden: 17287K(17472K)->0K(17472K) From: 0K(2176K)->2175K(2176K)
[2026-06-17T10:05:14.777+0800][56.679s][info][gc,heap        ] GC(1117) Tenured: 29602K(43712K)->30561K(43712K)
[2026-06-17T10:05:14.778+0800][56.680s][info][gc,metaspace   ] GC(1117) Metaspace: 121K(320K)->121K(320K) NonClass: 114K(192K)->114K(192K) Class: 7K(128K)->7K(128K)
[2026-06-17T10:05:14.779+0800][56.681s][info][gc             ] GC(1117) Pause Young (Allocation Failure) 45M->31M(61M) 3.472ms
[2026-06-17T10:05:14.780+0800][56.682s][info][gc,cpu         ] GC(1117) User=0.00s Sys=0.00s Real=0.00s
[2026-06-17T10:05:14.835+0800][56.737s][info][gc,start       ] GC(1118) Pause Young (Allocation Failure)
[2026-06-17T10:05:14.836+0800][56.738s][info][gc,heap        ] GC(1118) DefNew: 19646K(19648K)->2113K(19648K) Eden: 17470K(17472K)->0K(17472K) From: 2175K(2176K)->2113K(2176K)
[2026-06-17T10:05:14.836+0800][56.738s][info][gc,heap        ] GC(1118) Tenured: 30561K(43712K)->34539K(43712K)
[2026-06-17T10:05:14.836+0800][56.738s][info][gc,metaspace   ] GC(1118) Metaspace: 121K(320K)->121K(320K) NonClass: 114K(192K)->114K(192K) Class: 7K(128K)->7K(128K)
[2026-06-17T10:05:14.837+0800][56.739s][info][gc             ] GC(1118) Pause Young (Allocation Failure) 49M->35M(61M) 1.856ms
[2026-06-17T10:05:14.837+0800][56.739s][info][gc,cpu         ] GC(1118) User=0.00s Sys=0.00s Real=0.00s
[2026-06-17T10:05:14.879+0800][56.781s][info][gc,start       ] GC(1119) Pause Young (Allocation Failure)
[2026-06-17T10:05:14.880+0800][56.782s][info][gc,heap        ] GC(1119) DefNew: 19585K(19648K)->1947K(19648K) Eden: 17472K(17472K)->0K(17472K) From: 2113K(2176K)->1947K(2176K)
[2026-06-17T10:05:14.880+0800][56.782s][info][gc,heap        ] GC(1119) Tenured: 34539K(43712K)->38044K(43712K)
[2026-06-17T10:05:14.880+0800][56.782s][info][gc,metaspace   ] GC(1119) Metaspace: 121K(320K)->121K(320K) NonClass: 114K(192K)->114K(192K) Class: 7K(128K)->7K(128K)
[2026-06-17T10:05:14.880+0800][56.783s][info][gc             ] GC(1119) Pause Young (Allocation Failure) 52M->39M(61M) 1.531ms
[2026-06-17T10:05:14.881+0800][56.783s][info][gc,cpu         ] GC(1119) User=0.00s Sys=0.00s Real=0.00s
[2026-06-17T10:05:14.923+0800][56.825s][info][gc,start       ] GC(1120) Pause Full (Allocation Failure)
[2026-06-17T10:05:14.923+0800][56.826s][info][gc,phases,start] GC(1120) Phase 1: Mark live objects
[2026-06-17T10:05:14.924+0800][56.826s][info][gc,phases      ] GC(1120) Phase 1: Mark live objects 0.916ms
[2026-06-17T10:05:14.925+0800][56.827s][info][gc,phases,start] GC(1120) Phase 2: Compute new object addresses
[2026-06-17T10:05:14.925+0800][56.828s][info][gc,phases      ] GC(1120) Phase 2: Compute new object addresses 0.596ms
[2026-06-17T10:05:14.926+0800][56.828s][info][gc,phases,start] GC(1120) Phase 3: Adjust pointers
[2026-06-17T10:05:14.926+0800][56.828s][info][gc,phases      ] GC(1120) Phase 3: Adjust pointers 0.574ms
[2026-06-17T10:05:14.927+0800][56.829s][info][gc,phases,start] GC(1120) Phase 4: Move objects
[2026-06-17T10:05:14.929+0800][56.831s][info][gc,phases      ] GC(1120) Phase 4: Move objects 1.957ms
[2026-06-17T10:05:14.929+0800][56.831s][info][gc,heap        ] GC(1120) DefNew: 19405K(19648K)->0K(19648K) Eden: 17458K(17472K)->0K(17472K) From: 1947K(2176K)->0K(2176K)
[2026-06-17T10:05:14.929+0800][56.831s][info][gc,heap        ] GC(1120) Tenured: 38044K(43712K)->30602K(43712K)
[2026-06-17T10:05:14.929+0800][56.831s][info][gc,metaspace   ] GC(1120) Metaspace: 121K(320K)->121K(320K) NonClass: 114K(192K)->114K(192K) Class: 7K(128K)->7K(128K)
[2026-06-17T10:05:14.929+0800][56.831s][info][gc             ] GC(1120) Pause Full (Allocation Failure) 56M->29M(61M) 6.369ms
[2026-06-17T10:05:14.929+0800][56.832s][info][gc,cpu         ] GC(1120) User=0.01s Sys=0.00s Real=0.00s
[2026-06-17T10:05:14.971+0800][56.874s][info][gc,start       ] GC(1121) Pause Young (Allocation Failure)
[2026-06-17T10:05:14.973+0800][56.875s][info][gc,heap        ] GC(1121) DefNew: 17472K(19648K)->2174K(19648K) Eden: 17472K(17472K)->0K(17472K) From: 0K(2176K)->2174K(2176K)
[2026-06-17T10:05:14.973+0800][56.875s][info][gc,heap        ] GC(1121) Tenured: 30602K(43712K)->35302K(43712K)
[2026-06-17T10:05:14.973+0800][56.876s][info][gc,metaspace   ] GC(1121) Metaspace: 121K(320K)->121K(320K) NonClass: 114K(192K)->114K(192K) Class: 7K(128K)->7K(128K)
[2026-06-17T10:05:14.974+0800][56.876s][info][gc             ] GC(1121) Pause Young (Allocation Failure) 46M->36M(61M) 2.241ms
[2026-06-17T10:05:14.974+0800][56.876s][info][gc,cpu         ] GC(1121) User=0.00s Sys=0.00s Real=0.00s
[2026-06-17T10:05:15.016+0800][56.918s][info][gc,start       ] GC(1122) Pause Young (Allocation Failure)
[2026-06-17T10:05:15.017+0800][56.919s][info][gc,heap        ] GC(1122) DefNew: 19640K(19648K)->2169K(19648K) Eden: 17466K(17472K)->0K(17472K) From: 2174K(2176K)->2169K(2176K)
[2026-06-17T10:05:15.017+0800][56.920s][info][gc,heap        ] GC(1122) Tenured: 35302K(43712K)->40295K(43712K)
[2026-06-17T10:05:15.018+0800][56.920s][info][gc,metaspace   ] GC(1122) Metaspace: 121K(320K)->121K(320K) NonClass: 114K(192K)->114K(192K) Class: 7K(128K)->7K(128K)
[2026-06-17T10:05:15.018+0800][56.920s][info][gc             ] GC(1122) Pause Young (Allocation Failure) 53M->41M(61M) 1.812ms
[2026-06-17T10:05:15.018+0800][56.920s][info][gc,cpu         ] GC(1122) User=0.00s Sys=0.00s Real=0.00s
[2026-06-17T10:05:15.060+0800][56.962s][info][gc,start       ] GC(1123) Pause Full (Allocation Failure)
[2026-06-17T10:05:15.062+0800][56.964s][info][gc,phases,start] GC(1123) Phase 1: Mark live objects
[2026-06-17T10:05:15.063+0800][56.965s][info][gc,phases      ] GC(1123) Phase 1: Mark live objects 1.115ms
[2026-06-17T10:05:15.063+0800][56.965s][info][gc,phases,start] GC(1123) Phase 2: Compute new object addresses
[2026-06-17T10:05:15.063+0800][56.966s][info][gc,phases      ] GC(1123) Phase 2: Compute new object addresses 0.463ms
[2026-06-17T10:05:15.064+0800][56.966s][info][gc,phases,start] GC(1123) Phase 3: Adjust pointers
[2026-06-17T10:05:15.064+0800][56.967s][info][gc,phases      ] GC(1123) Phase 3: Adjust pointers 0.645ms
[2026-06-17T10:05:15.065+0800][56.967s][info][gc,phases,start] GC(1123) Phase 4: Move objects
[2026-06-17T10:05:15.067+0800][56.969s][info][gc,phases      ] GC(1123) Phase 4: Move objects 2.025ms
[2026-06-17T10:05:15.067+0800][56.969s][info][gc,heap        ] GC(1123) DefNew: 19609K(19648K)->0K(19648K) Eden: 17439K(17472K)->0K(17472K) From: 2169K(2176K)->0K(2176K)
[2026-06-17T10:05:15.067+0800][56.970s][info][gc,heap        ] GC(1123) Tenured: 40295K(43712K)->31407K(43712K)
[2026-06-17T10:05:15.068+0800][56.970s][info][gc,metaspace   ] GC(1123) Metaspace: 121K(320K)->121K(320K) NonClass: 114K(192K)->114K(192K) Class: 7K(128K)->7K(128K)
[2026-06-17T10:05:15.068+0800][56.970s][info][gc             ] GC(1123) Pause Full (Allocation Failure) 58M->30M(61M) 7.706ms
[2026-06-17T10:05:15.068+0800][56.970s][info][gc,cpu         ] GC(1123) User=0.01s Sys=0.00s Real=0.01s
[2026-06-17T10:05:15.110+0800][57.012s][info][gc,start       ] GC(1124) Pause Young (Allocation Failure)
[2026-06-17T10:05:15.111+0800][57.013s][info][gc,heap        ] GC(1124) DefNew: 17472K(19648K)->2171K(19648K) Eden: 17472K(17472K)->0K(17472K) From: 0K(2176K)->2171K(2176K)
[2026-06-17T10:05:15.111+0800][57.014s][info][gc,heap        ] GC(1124) Tenured: 31407K(43712K)->36050K(43712K)
[2026-06-17T10:05:15.111+0800][57.014s][info][gc,metaspace   ] GC(1124) Metaspace: 121K(320K)->121K(320K) NonClass: 114K(192K)->114K(192K) Class: 7K(128K)->7K(128K)
[2026-06-17T10:05:15.112+0800][57.014s][info][gc             ] GC(1124) Pause Young (Allocation Failure) 47M->37M(61M) 1.736ms
[2026-06-17T10:05:15.112+0800][57.014s][info][gc,cpu         ] GC(1124) User=0.00s Sys=0.00s Real=0.01s
[2026-06-17T10:05:15.154+0800][57.056s][info][gc,start       ] GC(1125) Pause Young (Allocation Failure)
[2026-06-17T10:05:15.155+0800][57.057s][info][gc,heap        ] GC(1125) DefNew: 19458K(19648K)->2062K(19648K) Eden: 17287K(17472K)->0K(17472K) From: 2171K(2176K)->2062K(2176K)
[2026-06-17T10:05:15.156+0800][57.058s][info][gc,heap        ] GC(1125) Tenured: 36050K(43712K)->38383K(43712K)
[2026-06-17T10:05:15.156+0800][57.058s][info][gc,metaspace   ] GC(1125) Metaspace: 121K(320K)->121K(320K) NonClass: 114K(192K)->114K(192K) Class: 7K(128K)->7K(128K)
[2026-06-17T10:05:15.156+0800][57.058s][info][gc             ] GC(1125) Pause Young (Allocation Failure) 54M->39M(61M) 1.768ms
[2026-06-17T10:05:15.156+0800][57.058s][info][gc,cpu         ] GC(1125) User=0.00s Sys=0.00s Real=0.00s
[2026-06-17T10:05:15.208+0800][57.111s][info][gc,start       ] GC(1126) Pause Full (Allocation Failure)
[2026-06-17T10:05:15.209+0800][57.111s][info][gc,phases,start] GC(1126) Phase 1: Mark live objects
[2026-06-17T10:05:15.211+0800][57.113s][info][gc,phases      ] GC(1126) Phase 1: Mark live objects 1.669ms
[2026-06-17T10:05:15.211+0800][57.113s][info][gc,phases,start] GC(1126) Phase 2: Compute new object addresses
[2026-06-17T10:05:15.212+0800][57.114s][info][gc,phases      ] GC(1126) Phase 2: Compute new object addresses 0.687ms
[2026-06-17T10:05:15.212+0800][57.114s][info][gc,phases,start] GC(1126) Phase 3: Adjust pointers
[2026-06-17T10:05:15.212+0800][57.115s][info][gc,phases      ] GC(1126) Phase 3: Adjust pointers 0.478ms
[2026-06-17T10:05:15.213+0800][57.115s][info][gc,phases,start] GC(1126) Phase 4: Move objects
[2026-06-17T10:05:15.215+0800][57.117s][info][gc,phases      ] GC(1126) Phase 4: Move objects 1.981ms
[2026-06-17T10:05:15.215+0800][57.117s][info][gc,heap        ] GC(1126) DefNew: 19520K(19648K)->0K(19648K) Eden: 17457K(17472K)->0K(17472K) From: 2062K(2176K)->0K(2176K)
[2026-06-17T10:05:15.215+0800][57.117s][info][gc,heap        ] GC(1126) Tenured: 38383K(43712K)->21761K(43712K)
[2026-06-17T10:05:15.215+0800][57.118s][info][gc,metaspace   ] GC(1126) Metaspace: 121K(320K)->121K(320K) NonClass: 114K(192K)->114K(192K) Class: 7K(128K)->7K(128K)
[2026-06-17T10:05:15.216+0800][57.118s][info][gc             ] GC(1126) Pause Full (Allocation Failure) 56M->21M(61M) 7.199ms
[2026-06-17T10:05:15.216+0800][57.118s][info][gc,cpu         ] GC(1126) User=0.01s Sys=0.00s Real=0.01s
[2026-06-17T10:05:15.258+0800][57.160s][info][gc,start       ] GC(1127) Pause Young (Allocation Failure)
[2026-06-17T10:05:15.259+0800][57.161s][info][gc,heap        ] GC(1127) DefNew: 17454K(19648K)->2175K(19648K) Eden: 17454K(17472K)->0K(17472K) From: 0K(2176K)->2175K(2176K)
[2026-06-17T10:05:15.260+0800][57.162s][info][gc,heap        ] GC(1127) Tenured: 21761K(43712K)->26498K(43712K)
[2026-06-17T10:05:15.260+0800][57.162s][info][gc,metaspace   ] GC(1127) Metaspace: 121K(320K)->121K(320K) NonClass: 114K(192K)->114K(192K) Class: 7K(128K)->7K(128K)
[2026-06-17T10:05:15.260+0800][57.162s][info][gc             ] GC(1127) Pause Young (Allocation Failure) 38M->28M(61M) 1.814ms
[2026-06-17T10:05:15.260+0800][57.162s][info][gc,cpu         ] GC(1127) User=0.00s Sys=0.00s Real=0.00s
[2026-06-17T10:05:15.302+0800][57.204s][info][gc,start       ] GC(1128) Pause Young (Allocation Failure)
[2026-06-17T10:05:15.303+0800][57.205s][info][gc,heap        ] GC(1128) DefNew: 19647K(19648K)->2175K(19648K) Eden: 17472K(17472K)->0K(17472K) From: 2175K(2176K)->2175K(2176K)
[2026-06-17T10:05:15.304+0800][57.206s][info][gc,heap        ] GC(1128) Tenured: 26498K(43712K)->33808K(43712K)
[2026-06-17T10:05:15.304+0800][57.206s][info][gc,metaspace   ] GC(1128) Metaspace: 121K(320K)->121K(320K) NonClass: 114K(192K)->114K(192K) Class: 7K(128K)->7K(128K)
[2026-06-17T10:05:15.304+0800][57.206s][info][gc             ] GC(1128) Pause Young (Allocation Failure) 45M->35M(61M) 2.004ms
[2026-06-17T10:05:15.304+0800][57.206s][info][gc,cpu         ] GC(1128) User=0.00s Sys=0.00s Real=0.01s
[2026-06-17T10:05:15.346+0800][57.248s][info][gc,start       ] GC(1129) Pause Young (Allocation Failure)
[2026-06-17T10:05:15.347+0800][57.249s][info][gc,heap        ] GC(1129) DefNew: 19645K(19648K)->2169K(19648K) Eden: 17470K(17472K)->0K(17472K) From: 2175K(2176K)->2169K(2176K)
[2026-06-17T10:05:15.348+0800][57.250s][info][gc,heap        ] GC(1129) Tenured: 33808K(43712K)->38485K(43712K)
[2026-06-17T10:05:15.348+0800][57.250s][info][gc,metaspace   ] GC(1129) Metaspace: 121K(320K)->121K(320K) NonClass: 114K(192K)->114K(192K) Class: 7K(128K)->7K(128K)
[2026-06-17T10:05:15.348+0800][57.250s][info][gc             ] GC(1129) Pause Young (Allocation Failure) 52M->39M(61M) 1.730ms
[2026-06-17T10:05:15.348+0800][57.250s][info][gc,cpu         ] GC(1129) User=0.00s Sys=0.00s Real=0.00s
[2026-06-17T10:05:15.390+0800][57.292s][info][gc,start       ] GC(1130) Pause Full (Allocation Failure)
[2026-06-17T10:05:15.391+0800][57.293s][info][gc,phases,start] GC(1130) Phase 1: Mark live objects
[2026-06-17T10:05:15.392+0800][57.295s][info][gc,phases      ] GC(1130) Phase 1: Mark live objects 1.787ms
[2026-06-17T10:05:15.393+0800][57.295s][info][gc,phases,start] GC(1130) Phase 2: Compute new object addresses
[2026-06-17T10:05:15.393+0800][57.295s][info][gc,phases      ] GC(1130) Phase 2: Compute new object addresses 0.528ms
[2026-06-17T10:05:15.394+0800][57.296s][info][gc,phases,start] GC(1130) Phase 3: Adjust pointers
[2026-06-17T10:05:15.394+0800][57.296s][info][gc,phases      ] GC(1130) Phase 3: Adjust pointers 0.741ms
[2026-06-17T10:05:15.395+0800][57.297s][info][gc,phases,start] GC(1130) Phase 4: Move objects
[2026-06-17T10:05:15.396+0800][57.298s][info][gc,phases      ] GC(1130) Phase 4: Move objects 1.448ms
[2026-06-17T10:05:15.396+0800][57.299s][info][gc,heap        ] GC(1130) DefNew: 19390K(19648K)->0K(19648K) Eden: 17220K(17472K)->0K(17472K) From: 2169K(2176K)->0K(2176K)
[2026-06-17T10:05:15.397+0800][57.299s][info][gc,heap        ] GC(1130) Tenured: 38485K(43712K)->22079K(43712K)
[2026-06-17T10:05:15.397+0800][57.299s][info][gc,metaspace   ] GC(1130) Metaspace: 121K(320K)->121K(320K) NonClass: 114K(192K)->114K(192K) Class: 7K(128K)->7K(128K)
[2026-06-17T10:05:15.397+0800][57.299s][info][gc             ] GC(1130) Pause Full (Allocation Failure) 56M->21M(61M) 6.911ms
[2026-06-17T10:05:15.397+0800][57.300s][info][gc,cpu         ] GC(1130) User=0.00s Sys=0.00s Real=0.01s
[2026-06-17T10:05:15.450+0800][57.352s][info][gc,start       ] GC(1131) Pause Young (Allocation Failure)
[2026-06-17T10:05:15.451+0800][57.353s][info][gc,heap        ] GC(1131) DefNew: 17444K(19648K)->2119K(19648K) Eden: 17444K(17472K)->0K(17472K) From: 0K(2176K)->2119K(2176K)
[2026-06-17T10:05:15.451+0800][57.353s][info][gc,heap        ] GC(1131) Tenured: 22079K(43712K)->23373K(43712K)
[2026-06-17T10:05:15.451+0800][57.353s][info][gc,metaspace   ] GC(1131) Metaspace: 121K(320K)->121K(320K) NonClass: 114K(192K)->114K(192K) Class: 7K(128K)->7K(128K)
[2026-06-17T10:05:15.452+0800][57.354s][info][gc             ] GC(1131) Pause Young (Allocation Failure) 38M->24M(61M) 1.754ms
[2026-06-17T10:05:15.452+0800][57.354s][info][gc,cpu         ] GC(1131) User=0.00s Sys=0.00s Real=0.01s
[2026-06-17T10:05:15.494+0800][57.396s][info][gc,start       ] GC(1132) Pause Young (Allocation Failure)
[2026-06-17T10:05:15.495+0800][57.397s][info][gc,heap        ] GC(1132) DefNew: 19587K(19648K)->2109K(19648K) Eden: 17467K(17472K)->0K(17472K) From: 2119K(2176K)->2109K(2176K)
[2026-06-17T10:05:15.495+0800][57.398s][info][gc,heap        ] GC(1132) Tenured: 23373K(43712K)->26728K(43712K)
[2026-06-17T10:05:15.496+0800][57.398s][info][gc,metaspace   ] GC(1132) Metaspace: 121K(320K)->121K(320K) NonClass: 114K(192K)->114K(192K) Class: 7K(128K)->7K(128K)
[2026-06-17T10:05:15.496+0800][57.398s][info][gc             ] GC(1132) Pause Young (Allocation Failure) 41M->28M(61M) 1.940ms
[2026-06-17T10:05:15.496+0800][57.398s][info][gc,cpu         ] GC(1132) User=0.00s Sys=0.00s Real=0.00s
[2026-06-17T10:05:15.528+0800][57.430s][info][gc,start       ] GC(1133) Pause Young (Allocation Failure)
[2026-06-17T10:05:15.529+0800][57.431s][info][gc,heap        ] GC(1133) DefNew: 19392K(19648K)->2161K(19648K) Eden: 17282K(17472K)->0K(17472K) From: 2109K(2176K)->2161K(2176K)
[2026-06-17T10:05:15.529+0800][57.431s][info][gc,heap        ] GC(1133) Tenured: 26728K(43712K)->30094K(43712K)
[2026-06-17T10:05:15.529+0800][57.432s][info][gc,metaspace   ] GC(1133) Metaspace: 121K(320K)->121K(320K) NonClass: 114K(192K)->114K(192K) Class: 7K(128K)->7K(128K)
[2026-06-17T10:05:15.530+0800][57.432s][info][gc             ] GC(1133) Pause Young (Allocation Failure) 45M->31M(61M) 1.651ms
[2026-06-17T10:05:15.530+0800][57.432s][info][gc,cpu         ] GC(1133) User=0.01s Sys=0.00s Real=0.00s
[2026-06-17T10:05:15.582+0800][57.484s][info][gc,start       ] GC(1134) Pause Young (Allocation Failure)
[2026-06-17T10:05:15.583+0800][57.485s][info][gc,heap        ] GC(1134) DefNew: 19633K(19648K)->2130K(19648K) Eden: 17472K(17472K)->0K(17472K) From: 2161K(2176K)->2130K(2176K)
[2026-06-17T10:05:15.583+0800][57.485s][info][gc,heap        ] GC(1134) Tenured: 30094K(43712K)->33319K(43712K)
[2026-06-17T10:05:15.583+0800][57.486s][info][gc,metaspace   ] GC(1134) Metaspace: 121K(320K)->121K(320K) NonClass: 114K(192K)->114K(192K) Class: 7K(128K)->7K(128K)
[2026-06-17T10:05:15.583+0800][57.486s][info][gc             ] GC(1134) Pause Young (Allocation Failure) 48M->34M(61M) 1.595ms
[2026-06-17T10:05:15.584+0800][57.486s][info][gc,cpu         ] GC(1134) User=0.00s Sys=0.00s Real=0.01s
[2026-06-17T10:05:15.626+0800][57.528s][info][gc,start       ] GC(1135) Pause Young (Allocation Failure)
[2026-06-17T10:05:15.629+0800][57.531s][info][gc,heap        ] GC(1135) DefNew: 19567K(19648K)->2169K(19648K) Eden: 17436K(17472K)->0K(17472K) From: 2130K(2176K)->2169K(2176K)
[2026-06-17T10:05:15.630+0800][57.532s][info][gc,heap        ] GC(1135) Tenured: 33319K(43712K)->37126K(43712K)
[2026-06-17T10:05:15.632+0800][57.534s][info][gc,metaspace   ] GC(1135) Metaspace: 121K(320K)->121K(320K) NonClass: 114K(192K)->114K(192K) Class: 7K(128K)->7K(128K)
[2026-06-17T10:05:15.635+0800][57.537s][info][gc             ] GC(1135) Pause Young (Allocation Failure) 51M->38M(61M) 8.722ms
[2026-06-17T10:05:15.639+0800][57.541s][info][gc,cpu         ] GC(1135) User=0.00s Sys=0.00s Real=0.01s
[2026-06-17T10:05:15.682+0800][57.584s][info][gc,start       ] GC(1136) Pause Full (Allocation Failure)
[2026-06-17T10:05:15.683+0800][57.585s][info][gc,phases,start] GC(1136) Phase 1: Mark live objects
[2026-06-17T10:05:15.684+0800][57.586s][info][gc,phases      ] GC(1136) Phase 1: Mark live objects 1.116ms
[2026-06-17T10:05:15.684+0800][57.587s][info][gc,phases,start] GC(1136) Phase 2: Compute new object addresses
[2026-06-17T10:05:15.685+0800][57.587s][info][gc,phases      ] GC(1136) Phase 2: Compute new object addresses 0.675ms
[2026-06-17T10:05:15.685+0800][57.588s][info][gc,phases,start] GC(1136) Phase 3: Adjust pointers
[2026-06-17T10:05:15.686+0800][57.588s][info][gc,phases      ] GC(1136) Phase 3: Adjust pointers 0.493ms
[2026-06-17T10:05:15.686+0800][57.588s][info][gc,phases,start] GC(1136) Phase 4: Move objects
[2026-06-17T10:05:15.688+0800][57.590s][info][gc,phases      ] GC(1136) Phase 4: Move objects 1.561ms
[2026-06-17T10:05:15.688+0800][57.590s][info][gc,heap        ] GC(1136) DefNew: 19626K(19648K)->0K(19648K) Eden: 17456K(17472K)->0K(17472K) From: 2169K(2176K)->0K(2176K)
[2026-06-17T10:05:15.689+0800][57.591s][info][gc,heap        ] GC(1136) Tenured: 37126K(43712K)->24380K(43712K)
[2026-06-17T10:05:15.689+0800][57.591s][info][gc,metaspace   ] GC(1136) Metaspace: 121K(320K)->121K(320K) NonClass: 114K(192K)->114K(192K) Class: 7K(128K)->7K(128K)
[2026-06-17T10:05:15.689+0800][57.592s][info][gc             ] GC(1136) Pause Full (Allocation Failure) 55M->23M(61M) 7.332ms
[2026-06-17T10:05:15.690+0800][57.592s][info][gc,cpu         ] GC(1136) User=0.00s Sys=0.00s Real=0.01s
[2026-06-17T10:05:15.742+0800][57.644s][info][gc,start       ] GC(1137) Pause Young (Allocation Failure)
[2026-06-17T10:05:15.743+0800][57.645s][info][gc,heap        ] GC(1137) DefNew: 17436K(19648K)->2014K(19648K) Eden: 17436K(17472K)->0K(17472K) From: 0K(2176K)->2014K(2176K)
[2026-06-17T10:05:15.744+0800][57.646s][info][gc,heap        ] GC(1137) Tenured: 24380K(43712K)->26033K(43712K)
[2026-06-17T10:05:15.744+0800][57.646s][info][gc,metaspace   ] GC(1137) Metaspace: 121K(320K)->121K(320K) NonClass: 114K(192K)->114K(192K) Class: 7K(128K)->7K(128K)
[2026-06-17T10:05:15.744+0800][57.646s][info][gc             ] GC(1137) Pause Young (Allocation Failure) 40M->27M(61M) 2.321ms
[2026-06-17T10:05:15.744+0800][57.647s][info][gc,cpu         ] GC(1137) User=0.00s Sys=0.00s Real=0.01s
[2026-06-17T10:05:15.786+0800][57.689s][info][gc,start       ] GC(1138) Pause Young (Allocation Failure)
[2026-06-17T10:05:15.787+0800][57.690s][info][gc,heap        ] GC(1138) DefNew: 19486K(19648K)->2122K(19648K) Eden: 17472K(17472K)->0K(17472K) From: 2014K(2176K)->2122K(2176K)
[2026-06-17T10:05:15.788+0800][57.690s][info][gc,heap        ] GC(1138) Tenured: 26033K(43712K)->30213K(43712K)
[2026-06-17T10:05:15.788+0800][57.690s][info][gc,metaspace   ] GC(1138) Metaspace: 121K(320K)->121K(320K) NonClass: 114K(192K)->114K(192K) Class: 7K(128K)->7K(128K)
[2026-06-17T10:05:15.788+0800][57.690s][info][gc             ] GC(1138) Pause Young (Allocation Failure) 44M->31M(61M) 1.749ms
[2026-06-17T10:05:15.788+0800][57.690s][info][gc,cpu         ] GC(1138) User=0.00s Sys=0.00s Real=0.00s
[2026-06-17T10:05:15.830+0800][57.732s][info][gc,start       ] GC(1139) Pause Young (Allocation Failure)
[2026-06-17T10:05:15.831+0800][57.733s][info][gc,heap        ] GC(1139) DefNew: 19594K(19648K)->2168K(19648K) Eden: 17472K(17472K)->0K(17472K) From: 2122K(2176K)->2168K(2176K)
[2026-06-17T10:05:15.831+0800][57.734s][info][gc,heap        ] GC(1139) Tenured: 30213K(43712K)->34025K(43712K)
[2026-06-17T10:05:15.832+0800][57.734s][info][gc,metaspace   ] GC(1139) Metaspace: 121K(320K)->121K(320K) NonClass: 114K(192K)->114K(192K) Class: 7K(128K)->7K(128K)
[2026-06-17T10:05:15.832+0800][57.734s][info][gc             ] GC(1139) Pause Young (Allocation Failure) 48M->35M(61M) 1.541ms
[2026-06-17T10:05:15.832+0800][57.734s][info][gc,cpu         ] GC(1139) User=0.00s Sys=0.00s Real=0.01s
[2026-06-17T10:05:15.874+0800][57.776s][info][gc,start       ] GC(1140) Pause Young (Allocation Failure)
[2026-06-17T10:05:15.875+0800][57.777s][info][gc,heap        ] GC(1140) DefNew: 19602K(19648K)->1802K(19648K) Eden: 17434K(17472K)->0K(17472K) From: 2168K(2176K)->1802K(2176K)
[2026-06-17T10:05:15.875+0800][57.777s][info][gc,heap        ] GC(1140) Tenured: 34025K(43712K)->34025K(43712K)
[2026-06-17T10:05:15.875+0800][57.777s][info][gc,metaspace   ] GC(1140) Metaspace: 121K(320K)->121K(320K) NonClass: 114K(192K)->114K(192K) Class: 7K(128K)->7K(128K)
[2026-06-17T10:05:15.875+0800][57.778s][info][gc             ] GC(1140) Pause Young (Allocation Failure) 52M->34M(61M) 1.369ms
[2026-06-17T10:05:15.876+0800][57.778s][info][gc,cpu         ] GC(1140) User=0.00s Sys=0.00s Real=0.00s
[2026-06-17T10:05:15.918+0800][57.821s][info][gc,start       ] GC(1141) Pause Young (Allocation Failure)
[2026-06-17T10:05:15.920+0800][57.822s][info][gc,heap        ] GC(1141) DefNew: 19274K(19648K)->2175K(19648K) Eden: 17472K(17472K)->0K(17472K) From: 1802K(2176K)->2175K(2176K)
[2026-06-17T10:05:15.921+0800][57.823s][info][gc,heap        ] GC(1141) Tenured: 34025K(43712K)->40634K(43712K)
[2026-06-17T10:05:15.921+0800][57.823s][info][gc,metaspace   ] GC(1141) Metaspace: 121K(320K)->121K(320K) NonClass: 114K(192K)->114K(192K) Class: 7K(128K)->7K(128K)
[2026-06-17T10:05:15.921+0800][57.823s][info][gc             ] GC(1141) Pause Young (Allocation Failure) 52M->41M(61M) 2.557ms
[2026-06-17T10:05:15.921+0800][57.823s][info][gc,cpu         ] GC(1141) User=0.01s Sys=0.00s Real=0.00s
[2026-06-17T10:05:15.963+0800][57.865s][info][gc,start       ] GC(1142) Pause Full (Allocation Failure)
[2026-06-17T10:05:15.991+0800][57.893s][info][gc,phases,start] GC(1142) Phase 1: Mark live objects
[2026-06-17T10:05:15.992+0800][57.894s][info][gc,phases      ] GC(1142) Phase 1: Mark live objects 1.018ms
[2026-06-17T10:05:16.033+0800][57.935s][info][gc,phases,start] GC(1142) Phase 2: Compute new object addresses
[2026-06-17T10:05:16.037+0800][57.940s][info][gc,phases      ] GC(1142) Phase 2: Compute new object addresses 4.946ms
[2026-06-17T10:05:16.039+0800][57.941s][info][gc,phases,start] GC(1142) Phase 3: Adjust pointers
[2026-06-17T10:05:16.040+0800][57.942s][info][gc,phases      ] GC(1142) Phase 3: Adjust pointers 1.114ms
[2026-06-17T10:05:16.040+0800][57.942s][info][gc,phases,start] GC(1142) Phase 4: Move objects
[2026-06-17T10:05:16.055+0800][57.957s][info][gc,phases      ] GC(1142) Phase 4: Move objects 14.927ms
[2026-06-17T10:05:16.062+0800][57.964s][info][gc,heap        ] GC(1142) DefNew: 19645K(19648K)->0K(19648K) Eden: 17470K(17472K)->0K(17472K) From: 2175K(2176K)->0K(2176K)
[2026-06-17T10:05:16.062+0800][57.964s][info][gc,heap        ] GC(1142) Tenured: 40634K(43712K)->33328K(43712K)
[2026-06-17T10:05:16.063+0800][57.965s][info][gc,metaspace   ] GC(1142) Metaspace: 121K(320K)->121K(320K) NonClass: 114K(192K)->114K(192K) Class: 7K(128K)->7K(128K)
[2026-06-17T10:05:16.063+0800][57.965s][info][gc             ] GC(1142) Pause Full (Allocation Failure) 58M->32M(61M) 100.005ms
[2026-06-17T10:05:16.063+0800][57.966s][info][gc,cpu         ] GC(1142) User=0.00s Sys=0.00s Real=0.10s
[2026-06-17T10:05:16.106+0800][58.008s][info][gc,start       ] GC(1143) Pause Young (Allocation Failure)
[2026-06-17T10:05:16.113+0800][58.015s][info][gc,heap        ] GC(1143) DefNew: 17228K(19648K)->2029K(19648K) Eden: 17228K(17472K)->0K(17472K) From: 0K(2176K)->2029K(2176K)
[2026-06-17T10:05:16.115+0800][58.017s][info][gc,heap        ] GC(1143) Tenured: 33328K(43712K)->34359K(43712K)
[2026-06-17T10:05:16.118+0800][58.020s][info][gc,metaspace   ] GC(1143) Metaspace: 121K(320K)->121K(320K) NonClass: 114K(192K)->114K(192K) Class: 7K(128K)->7K(128K)
[2026-06-17T10:05:16.125+0800][58.028s][info][gc             ] GC(1143) Pause Young (Allocation Failure) 49M->35M(61M) 19.434ms
[2026-06-17T10:05:16.126+0800][58.028s][info][gc,cpu         ] GC(1143) User=0.00s Sys=0.00s Real=0.02s
[2026-06-17T10:05:16.184+0800][58.086s][info][gc,start       ] GC(1144) Pause Young (Allocation Failure)
[2026-06-17T10:05:16.186+0800][58.088s][info][gc,heap        ] GC(1144) DefNew: 19501K(19648K)->2148K(19648K) Eden: 17472K(17472K)->0K(17472K) From: 2029K(2176K)->2148K(2176K)
[2026-06-17T10:05:16.188+0800][58.090s][info][gc,heap        ] GC(1144) Tenured: 34359K(43712K)->37860K(43712K)
[2026-06-17T10:05:16.189+0800][58.091s][info][gc,metaspace   ] GC(1144) Metaspace: 121K(320K)->121K(320K) NonClass: 114K(192K)->114K(192K) Class: 7K(128K)->7K(128K)
[2026-06-17T10:05:16.189+0800][58.092s][info][gc             ] GC(1144) Pause Young (Allocation Failure) 52M->39M(61M) 5.733ms
[2026-06-17T10:05:16.190+0800][58.092s][info][gc,cpu         ] GC(1144) User=0.01s Sys=0.00s Real=0.00s
[2026-06-17T10:05:16.232+0800][58.134s][info][gc,start       ] GC(1145) Pause Full (Allocation Failure)
[2026-06-17T10:05:16.232+0800][58.134s][info][gc,phases,start] GC(1145) Phase 1: Mark live objects
[2026-06-17T10:05:16.233+0800][58.135s][info][gc,phases      ] GC(1145) Phase 1: Mark live objects 0.979ms
[2026-06-17T10:05:16.234+0800][58.136s][info][gc,phases,start] GC(1145) Phase 2: Compute new object addresses
[2026-06-17T10:05:16.234+0800][58.136s][info][gc,phases      ] GC(1145) Phase 2: Compute new object addresses 0.517ms
[2026-06-17T10:05:16.234+0800][58.137s][info][gc,phases,start] GC(1145) Phase 3: Adjust pointers
[2026-06-17T10:05:16.235+0800][58.137s][info][gc,phases      ] GC(1145) Phase 3: Adjust pointers 0.596ms
[2026-06-17T10:05:16.235+0800][58.138s][info][gc,phases,start] GC(1145) Phase 4: Move objects
[2026-06-17T10:05:16.238+0800][58.140s][info][gc,phases      ] GC(1145) Phase 4: Move objects 2.281ms
[2026-06-17T10:05:16.238+0800][58.140s][info][gc,heap        ] GC(1145) DefNew: 19562K(19648K)->0K(19648K) Eden: 17413K(17472K)->0K(17472K) From: 2148K(2176K)->0K(2176K)
[2026-06-17T10:05:16.238+0800][58.140s][info][gc,heap        ] GC(1145) Tenured: 37860K(43712K)->24776K(43712K)
[2026-06-17T10:05:16.238+0800][58.141s][info][gc,metaspace   ] GC(1145) Metaspace: 121K(320K)->121K(320K) NonClass: 114K(192K)->114K(192K) Class: 7K(128K)->7K(128K)
[2026-06-17T10:05:16.238+0800][58.141s][info][gc             ] GC(1145) Pause Full (Allocation Failure) 56M->24M(61M) 6.713ms
[2026-06-17T10:05:16.239+0800][58.141s][info][gc,cpu         ] GC(1145) User=0.00s Sys=0.00s Real=0.00s
[2026-06-17T10:05:16.281+0800][58.183s][info][gc,start       ] GC(1146) Pause Young (Allocation Failure)
[2026-06-17T10:05:16.282+0800][58.184s][info][gc,heap        ] GC(1146) DefNew: 17472K(19648K)->2175K(19648K) Eden: 17472K(17472K)->0K(17472K) From: 0K(2176K)->2175K(2176K)
[2026-06-17T10:05:16.282+0800][58.184s][info][gc,heap        ] GC(1146) Tenured: 24776K(43712K)->29689K(43712K)
[2026-06-17T10:05:16.283+0800][58.185s][info][gc,metaspace   ] GC(1146) Metaspace: 121K(320K)->121K(320K) NonClass: 114K(192K)->114K(192K) Class: 7K(128K)->7K(128K)
[2026-06-17T10:05:16.283+0800][58.185s][info][gc             ] GC(1146) Pause Young (Allocation Failure) 41M->31M(61M) 2.408ms
[2026-06-17T10:05:16.283+0800][58.185s][info][gc,cpu         ] GC(1146) User=0.00s Sys=0.00s Real=0.01s
[2026-06-17T10:05:16.325+0800][58.228s][info][gc,start       ] GC(1147) Pause Young (Allocation Failure)
[2026-06-17T10:05:16.327+0800][58.229s][info][gc,heap        ] GC(1147) DefNew: 19643K(19648K)->2152K(19648K) Eden: 17468K(17472K)->0K(17472K) From: 2175K(2176K)->2152K(2176K)
[2026-06-17T10:05:16.328+0800][58.230s][info][gc,heap        ] GC(1147) Tenured: 29689K(43712K)->33251K(43712K)
[2026-06-17T10:05:16.329+0800][58.231s][info][gc,metaspace   ] GC(1147) Metaspace: 121K(320K)->121K(320K) NonClass: 114K(192K)->114K(192K) Class: 7K(128K)->7K(128K)
[2026-06-17T10:05:16.329+0800][58.232s][info][gc             ] GC(1147) Pause Young (Allocation Failure) 48M->34M(61M) 3.983ms
[2026-06-17T10:05:16.330+0800][58.232s][info][gc,cpu         ] GC(1147) User=0.00s Sys=0.00s Real=0.00s
[2026-06-17T10:05:16.372+0800][58.274s][info][gc,start       ] GC(1148) Pause Young (Allocation Failure)
[2026-06-17T10:05:16.373+0800][58.275s][info][gc,heap        ] GC(1148) DefNew: 19455K(19648K)->1387K(19648K) Eden: 17303K(17472K)->0K(17472K) From: 2152K(2176K)->1387K(2176K)
[2026-06-17T10:05:16.373+0800][58.276s][info][gc,heap        ] GC(1148) Tenured: 33251K(43712K)->34143K(43712K)
[2026-06-17T10:05:16.374+0800][58.276s][info][gc,metaspace   ] GC(1148) Metaspace: 121K(320K)->121K(320K) NonClass: 114K(192K)->114K(192K) Class: 7K(128K)->7K(128K)
[2026-06-17T10:05:16.374+0800][58.276s][info][gc             ] GC(1148) Pause Young (Allocation Failure) 51M->34M(61M) 1.905ms
[2026-06-17T10:05:16.374+0800][58.277s][info][gc,cpu         ] GC(1148) User=0.00s Sys=0.00s Real=0.00s
[2026-06-17T10:05:16.416+0800][58.319s][info][gc,start       ] GC(1149) Pause Young (Allocation Failure)
[2026-06-17T10:05:16.418+0800][58.320s][info][gc,heap        ] GC(1149) DefNew: 18815K(19648K)->2173K(19648K) Eden: 17428K(17472K)->0K(17472K) From: 1387K(2176K)->2173K(2176K)
[2026-06-17T10:05:16.418+0800][58.320s][info][gc,heap        ] GC(1149) Tenured: 34143K(43712K)->40221K(43712K)
[2026-06-17T10:05:16.418+0800][58.321s][info][gc,metaspace   ] GC(1149) Metaspace: 121K(320K)->121K(320K) NonClass: 114K(192K)->114K(192K) Class: 7K(128K)->7K(128K)
[2026-06-17T10:05:16.419+0800][58.321s][info][gc             ] GC(1149) Pause Young (Allocation Failure) 51M->41M(61M) 2.126ms
[2026-06-17T10:05:16.419+0800][58.321s][info][gc,cpu         ] GC(1149) User=0.00s Sys=0.00s Real=0.00s
[2026-06-17T10:05:16.471+0800][58.373s][info][gc,start       ] GC(1150) Pause Full (Allocation Failure)
[2026-06-17T10:05:16.472+0800][58.374s][info][gc,phases,start] GC(1150) Phase 1: Mark live objects
[2026-06-17T10:05:16.472+0800][58.375s][info][gc,phases      ] GC(1150) Phase 1: Mark live objects 0.850ms
[2026-06-17T10:05:16.473+0800][58.375s][info][gc,phases,start] GC(1150) Phase 2: Compute new object addresses
[2026-06-17T10:05:16.473+0800][58.375s][info][gc,phases      ] GC(1150) Phase 2: Compute new object addresses 0.436ms
[2026-06-17T10:05:16.473+0800][58.376s][info][gc,phases,start] GC(1150) Phase 3: Adjust pointers
[2026-06-17T10:05:16.474+0800][58.376s][info][gc,phases      ] GC(1150) Phase 3: Adjust pointers 0.461ms
[2026-06-17T10:05:16.474+0800][58.376s][info][gc,phases,start] GC(1150) Phase 4: Move objects
[2026-06-17T10:05:16.477+0800][58.379s][info][gc,phases      ] GC(1150) Phase 4: Move objects 2.471ms
[2026-06-17T10:05:16.477+0800][58.379s][info][gc,heap        ] GC(1150) DefNew: 19621K(19648K)->0K(19648K) Eden: 17448K(17472K)->0K(17472K) From: 2173K(2176K)->0K(2176K)
[2026-06-17T10:05:16.478+0800][58.380s][info][gc,heap        ] GC(1150) Tenured: 40221K(43712K)->28070K(43712K)
[2026-06-17T10:05:16.478+0800][58.380s][info][gc,metaspace   ] GC(1150) Metaspace: 121K(320K)->121K(320K) NonClass: 114K(192K)->114K(192K) Class: 7K(128K)->7K(128K)
[2026-06-17T10:05:16.478+0800][58.380s][info][gc             ] GC(1150) Pause Full (Allocation Failure) 58M->27M(61M) 7.066ms
[2026-06-17T10:05:16.479+0800][58.381s][info][gc,cpu         ] GC(1150) User=0.01s Sys=0.00s Real=0.00s
[2026-06-17T10:05:16.521+0800][58.423s][info][gc,start       ] GC(1151) Pause Young (Allocation Failure)
[2026-06-17T10:05:16.522+0800][58.424s][info][gc,heap        ] GC(1151) DefNew: 17434K(19648K)->2170K(19648K) Eden: 17434K(17472K)->0K(17472K) From: 0K(2176K)->2170K(2176K)
[2026-06-17T10:05:16.522+0800][58.425s][info][gc,heap        ] GC(1151) Tenured: 28070K(43712K)->32651K(43712K)
[2026-06-17T10:05:16.523+0800][58.425s][info][gc,metaspace   ] GC(1151) Metaspace: 121K(320K)->121K(320K) NonClass: 114K(192K)->114K(192K) Class: 7K(128K)->7K(128K)
[2026-06-17T10:05:16.523+0800][58.425s][info][gc             ] GC(1151) Pause Young (Allocation Failure) 44M->34M(61M) 2.207ms
[2026-06-17T10:05:16.523+0800][58.426s][info][gc,cpu         ] GC(1151) User=0.00s Sys=0.00s Real=0.01s
[2026-06-17T10:05:16.566+0800][58.468s][info][gc,start       ] GC(1152) Pause Young (Allocation Failure)
[2026-06-17T10:05:16.567+0800][58.469s][info][gc,heap        ] GC(1152) DefNew: 19610K(19648K)->2165K(19648K) Eden: 17440K(17472K)->0K(17472K) From: 2170K(2176K)->2165K(2176K)
[2026-06-17T10:05:16.568+0800][58.470s][info][gc,heap        ] GC(1152) Tenured: 32651K(43712K)->35704K(43712K)
[2026-06-17T10:05:16.568+0800][58.470s][info][gc,metaspace   ] GC(1152) Metaspace: 121K(320K)->121K(320K) NonClass: 114K(192K)->114K(192K) Class: 7K(128K)->7K(128K)
[2026-06-17T10:05:16.568+0800][58.471s][info][gc             ] GC(1152) Pause Young (Allocation Failure) 51M->36M(61M) 2.796ms
[2026-06-17T10:05:16.569+0800][58.471s][info][gc,cpu         ] GC(1152) User=0.00s Sys=0.00s Real=0.00s
[2026-06-17T10:05:16.611+0800][58.513s][info][gc,start       ] GC(1153) Pause Young (Allocation Failure)
[2026-06-17T10:05:16.613+0800][58.516s][info][gc,heap        ] GC(1153) DefNew: 19625K(19648K)->2169K(19648K) Eden: 17459K(17472K)->0K(17472K) From: 2165K(2176K)->2169K(2176K)
[2026-06-17T10:05:16.615+0800][58.517s][info][gc,heap        ] GC(1153) Tenured: 35704K(43712K)->38720K(43712K)
[2026-06-17T10:05:16.616+0800][58.518s][info][gc,metaspace   ] GC(1153) Metaspace: 121K(320K)->121K(320K) NonClass: 114K(192K)->114K(192K) Class: 7K(128K)->7K(128K)
[2026-06-17T10:05:16.618+0800][58.520s][info][gc             ] GC(1153) Pause Young (Allocation Failure) 54M->39M(61M) 7.303ms
[2026-06-17T10:05:16.620+0800][58.522s][info][gc,cpu         ] GC(1153) User=0.00s Sys=0.00s Real=0.00s
[2026-06-17T10:05:16.662+0800][58.564s][info][gc,start       ] GC(1154) Pause Full (Allocation Failure)
[2026-06-17T10:05:16.664+0800][58.566s][info][gc,phases,start] GC(1154) Phase 1: Mark live objects
[2026-06-17T10:05:16.665+0800][58.568s][info][gc,phases      ] GC(1154) Phase 1: Mark live objects 1.183ms
[2026-06-17T10:05:16.668+0800][58.570s][info][gc,phases,start] GC(1154) Phase 2: Compute new object addresses
[2026-06-17T10:05:16.670+0800][58.572s][info][gc,phases      ] GC(1154) Phase 2: Compute new object addresses 2.607ms
[2026-06-17T10:05:16.670+0800][58.573s][info][gc,phases,start] GC(1154) Phase 3: Adjust pointers
[2026-06-17T10:05:16.671+0800][58.573s][info][gc,phases      ] GC(1154) Phase 3: Adjust pointers 0.632ms
[2026-06-17T10:05:16.672+0800][58.574s][info][gc,phases,start] GC(1154) Phase 4: Move objects
[2026-06-17T10:05:16.674+0800][58.576s][info][gc,phases      ] GC(1154) Phase 4: Move objects 1.906ms
[2026-06-17T10:05:16.675+0800][58.577s][info][gc,heap        ] GC(1154) DefNew: 19641K(19648K)->0K(19648K) Eden: 17472K(17472K)->0K(17472K) From: 2169K(2176K)->0K(2176K)
[2026-06-17T10:05:16.675+0800][58.577s][info][gc,heap        ] GC(1154) Tenured: 38720K(43712K)->21655K(43712K)
[2026-06-17T10:05:16.675+0800][58.577s][info][gc,metaspace   ] GC(1154) Metaspace: 121K(320K)->121K(320K) NonClass: 114K(192K)->114K(192K) Class: 7K(128K)->7K(128K)
[2026-06-17T10:05:16.675+0800][58.578s][info][gc             ] GC(1154) Pause Full (Allocation Failure) 56M->21M(61M) 13.340ms
[2026-06-17T10:05:16.676+0800][58.578s][info][gc,cpu         ] GC(1154) User=0.01s Sys=0.00s Real=0.02s
[2026-06-17T10:05:16.718+0800][58.620s][info][gc,start       ] GC(1155) Pause Young (Allocation Failure)
[2026-06-17T10:05:16.720+0800][58.622s][info][gc,heap        ] GC(1155) DefNew: 17461K(19648K)->2175K(19648K) Eden: 17461K(17472K)->0K(17472K) From: 0K(2176K)->2175K(2176K)
[2026-06-17T10:05:16.720+0800][58.622s][info][gc,heap        ] GC(1155) Tenured: 21655K(43712K)->26660K(43712K)
[2026-06-17T10:05:16.720+0800][58.622s][info][gc,metaspace   ] GC(1155) Metaspace: 121K(320K)->121K(320K) NonClass: 114K(192K)->114K(192K) Class: 7K(128K)->7K(128K)
[2026-06-17T10:05:16.720+0800][58.622s][info][gc             ] GC(1155) Pause Young (Allocation Failure) 38M->28M(61M) 2.133ms
[2026-06-17T10:05:16.720+0800][58.623s][info][gc,cpu         ] GC(1155) User=0.00s Sys=0.00s Real=0.00s
[2026-06-17T10:05:16.762+0800][58.665s][info][gc,start       ] GC(1156) Pause Young (Allocation Failure)
[2026-06-17T10:05:16.763+0800][58.665s][info][gc,heap        ] GC(1156) DefNew: 19640K(19648K)->2068K(19648K) Eden: 17465K(17472K)->0K(17472K) From: 2175K(2176K)->2068K(2176K)
[2026-06-17T10:05:16.764+0800][58.666s][info][gc,heap        ] GC(1156) Tenured: 26660K(43712K)->29362K(43712K)
[2026-06-17T10:05:16.764+0800][58.666s][info][gc,metaspace   ] GC(1156) Metaspace: 121K(320K)->121K(320K) NonClass: 114K(192K)->114K(192K) Class: 7K(128K)->7K(128K)
[2026-06-17T10:05:16.764+0800][58.666s][info][gc             ] GC(1156) Pause Young (Allocation Failure) 45M->30M(61M) 1.401ms
[2026-06-17T10:05:16.764+0800][58.666s][info][gc,cpu         ] GC(1156) User=0.00s Sys=0.00s Real=0.01s
[2026-06-17T10:05:16.806+0800][58.708s][info][gc,start       ] GC(1157) Pause Young (Allocation Failure)
[2026-06-17T10:05:16.807+0800][58.709s][info][gc,heap        ] GC(1157) DefNew: 19525K(19648K)->2171K(19648K) Eden: 17456K(17472K)->0K(17472K) From: 2068K(2176K)->2171K(2176K)
[2026-06-17T10:05:16.807+0800][58.710s][info][gc,heap        ] GC(1157) Tenured: 29362K(43712K)->36177K(43712K)
[2026-06-17T10:05:16.808+0800][58.710s][info][gc,metaspace   ] GC(1157) Metaspace: 121K(320K)->121K(320K) NonClass: 114K(192K)->114K(192K) Class: 7K(128K)->7K(128K)
[2026-06-17T10:05:16.808+0800][58.710s][info][gc             ] GC(1157) Pause Young (Allocation Failure) 47M->37M(61M) 1.622ms
[2026-06-17T10:05:16.808+0800][58.710s][info][gc,cpu         ] GC(1157) User=0.00s Sys=0.00s Real=0.00s
[2026-06-17T10:05:16.860+0800][58.762s][info][gc,start       ] GC(1158) Pause Full (Allocation Failure)
[2026-06-17T10:05:16.860+0800][58.762s][info][gc,phases,start] GC(1158) Phase 1: Mark live objects
[2026-06-17T10:05:16.861+0800][58.763s][info][gc,phases      ] GC(1158) Phase 1: Mark live objects 0.896ms
[2026-06-17T10:05:16.861+0800][58.764s][info][gc,phases,start] GC(1158) Phase 2: Compute new object addresses
[2026-06-17T10:05:16.862+0800][58.764s][info][gc,phases      ] GC(1158) Phase 2: Compute new object addresses 0.498ms
[2026-06-17T10:05:16.862+0800][58.764s][info][gc,phases,start] GC(1158) Phase 3: Adjust pointers
[2026-06-17T10:05:16.863+0800][58.765s][info][gc,phases      ] GC(1158) Phase 3: Adjust pointers 0.527ms
[2026-06-17T10:05:16.863+0800][58.765s][info][gc,phases,start] GC(1158) Phase 4: Move objects
[2026-06-17T10:05:16.865+0800][58.767s][info][gc,phases      ] GC(1158) Phase 4: Move objects 1.714ms
[2026-06-17T10:05:16.865+0800][58.767s][info][gc,heap        ] GC(1158) DefNew: 19643K(19648K)->0K(19648K) Eden: 17472K(17472K)->0K(17472K) From: 2171K(2176K)->0K(2176K)
[2026-06-17T10:05:16.865+0800][58.768s][info][gc,heap        ] GC(1158) Tenured: 36177K(43712K)->23102K(43712K)
[2026-06-17T10:05:16.866+0800][58.768s][info][gc,metaspace   ] GC(1158) Metaspace: 121K(320K)->121K(320K) NonClass: 114K(192K)->114K(192K) Class: 7K(128K)->7K(128K)
[2026-06-17T10:05:16.866+0800][58.768s][info][gc             ] GC(1158) Pause Full (Allocation Failure) 54M->22M(61M) 6.082ms
[2026-06-17T10:05:16.866+0800][58.768s][info][gc,cpu         ] GC(1158) User=0.00s Sys=0.00s Real=0.01s
[2026-06-17T10:05:16.908+0800][58.810s][info][gc,start       ] GC(1159) Pause Young (Allocation Failure)
[2026-06-17T10:05:16.909+0800][58.811s][info][gc,heap        ] GC(1159) DefNew: 17411K(19648K)->2172K(19648K) Eden: 17411K(17472K)->0K(17472K) From: 0K(2176K)->2172K(2176K)
[2026-06-17T10:05:16.909+0800][58.811s][info][gc,heap        ] GC(1159) Tenured: 23102K(43712K)->27876K(43712K)
[2026-06-17T10:05:16.909+0800][58.812s][info][gc,metaspace   ] GC(1159) Metaspace: 121K(320K)->121K(320K) NonClass: 114K(192K)->114K(192K) Class: 7K(128K)->7K(128K)
[2026-06-17T10:05:16.909+0800][58.812s][info][gc             ] GC(1159) Pause Young (Allocation Failure) 39M->29M(61M) 1.688ms
[2026-06-17T10:05:16.910+0800][58.812s][info][gc,cpu         ] GC(1159) User=0.00s Sys=0.00s Real=0.00s
[2026-06-17T10:05:16.952+0800][58.854s][info][gc,start       ] GC(1160) Pause Young (Allocation Failure)
[2026-06-17T10:05:16.953+0800][58.855s][info][gc,heap        ] GC(1160) DefNew: 19644K(19648K)->2167K(19648K) Eden: 17472K(17472K)->0K(17472K) From: 2172K(2176K)->2167K(2176K)
[2026-06-17T10:05:16.953+0800][58.855s][info][gc,heap        ] GC(1160) Tenured: 27876K(43712K)->32504K(43712K)
[2026-06-17T10:05:16.953+0800][58.855s][info][gc,metaspace   ] GC(1160) Metaspace: 121K(320K)->121K(320K) NonClass: 114K(192K)->114K(192K) Class: 7K(128K)->7K(128K)
[2026-06-17T10:05:16.953+0800][58.855s][info][gc             ] GC(1160) Pause Young (Allocation Failure) 46M->33M(61M) 1.617ms
[2026-06-17T10:05:16.953+0800][58.856s][info][gc,cpu         ] GC(1160) User=0.00s Sys=0.00s Real=0.00s
[2026-06-17T10:05:16.995+0800][58.898s][info][gc,start       ] GC(1161) Pause Young (Allocation Failure)
[2026-06-17T10:05:16.996+0800][58.898s][info][gc,heap        ] GC(1161) DefNew: 19428K(19648K)->2140K(19648K) Eden: 17261K(17472K)->0K(17472K) From: 2167K(2176K)->2140K(2176K)
[2026-06-17T10:05:16.997+0800][58.899s][info][gc,heap        ] GC(1161) Tenured: 32504K(43712K)->34017K(43712K)
[2026-06-17T10:05:16.997+0800][58.899s][info][gc,metaspace   ] GC(1161) Metaspace: 121K(320K)->121K(320K) NonClass: 114K(192K)->114K(192K) Class: 7K(128K)->7K(128K)
[2026-06-17T10:05:16.997+0800][58.900s][info][gc             ] GC(1161) Pause Young (Allocation Failure) 50M->35M(61M) 2.006ms
[2026-06-17T10:05:16.998+0800][58.900s][info][gc,cpu         ] GC(1161) User=0.01s Sys=0.00s Real=0.00s
[2026-06-17T10:05:17.050+0800][58.952s][info][gc,start       ] GC(1162) Pause Young (Allocation Failure)
[2026-06-17T10:05:17.051+0800][58.953s][info][gc,heap        ] GC(1162) DefNew: 19612K(19648K)->2132K(19648K) Eden: 17472K(17472K)->0K(17472K) From: 2140K(2176K)->2132K(2176K)
[2026-06-17T10:05:17.051+0800][58.954s][info][gc,heap        ] GC(1162) Tenured: 34017K(43712K)->36991K(43712K)
[2026-06-17T10:05:17.052+0800][58.954s][info][gc,metaspace   ] GC(1162) Metaspace: 121K(320K)->121K(320K) NonClass: 114K(192K)->114K(192K) Class: 7K(128K)->7K(128K)
[2026-06-17T10:05:17.052+0800][58.954s][info][gc             ] GC(1162) Pause Young (Allocation Failure) 52M->38M(61M) 1.829ms
[2026-06-17T10:05:17.052+0800][58.955s][info][gc,cpu         ] GC(1162) User=0.00s Sys=0.00s Real=0.01s
[2026-06-17T10:05:17.095+0800][58.997s][info][gc,start       ] GC(1163) Pause Full (Allocation Failure)
[2026-06-17T10:05:17.095+0800][58.997s][info][gc,phases,start] GC(1163) Phase 1: Mark live objects
[2026-06-17T10:05:17.096+0800][58.998s][info][gc,phases      ] GC(1163) Phase 1: Mark live objects 0.812ms
[2026-06-17T10:05:17.096+0800][58.998s][info][gc,phases,start] GC(1163) Phase 2: Compute new object addresses
[2026-06-17T10:05:17.097+0800][58.999s][info][gc,phases      ] GC(1163) Phase 2: Compute new object addresses 0.677ms
[2026-06-17T10:05:17.097+0800][58.999s][info][gc,phases,start] GC(1163) Phase 3: Adjust pointers
[2026-06-17T10:05:17.098+0800][59.000s][info][gc,phases      ] GC(1163) Phase 3: Adjust pointers 0.489ms
[2026-06-17T10:05:17.098+0800][59.000s][info][gc,phases,start] GC(1163) Phase 4: Move objects
[2026-06-17T10:05:17.100+0800][59.002s][info][gc,phases      ] GC(1163) Phase 4: Move objects 1.808ms
[2026-06-17T10:05:17.100+0800][59.002s][info][gc,heap        ] GC(1163) DefNew: 19589K(19648K)->0K(19648K) Eden: 17456K(17472K)->0K(17472K) From: 2132K(2176K)->0K(2176K)
[2026-06-17T10:05:17.101+0800][59.003s][info][gc,heap        ] GC(1163) Tenured: 36991K(43712K)->28782K(43712K)
[2026-06-17T10:05:17.101+0800][59.003s][info][gc,metaspace   ] GC(1163) Metaspace: 121K(320K)->121K(320K) NonClass: 114K(192K)->114K(192K) Class: 7K(128K)->7K(128K)
[2026-06-17T10:05:17.101+0800][59.003s][info][gc             ] GC(1163) Pause Full (Allocation Failure) 55M->28M(61M) 6.626ms
[2026-06-17T10:05:17.101+0800][59.004s][info][gc,cpu         ] GC(1163) User=0.00s Sys=0.00s Real=0.00s
[2026-06-17T10:05:17.144+0800][59.046s][info][gc,start       ] GC(1164) Pause Young (Allocation Failure)
[2026-06-17T10:05:17.145+0800][59.047s][info][gc,heap        ] GC(1164) DefNew: 17464K(19648K)->2175K(19648K) Eden: 17464K(17472K)->0K(17472K) From: 0K(2176K)->2175K(2176K)
[2026-06-17T10:05:17.145+0800][59.047s][info][gc,heap        ] GC(1164) Tenured: 28782K(43712K)->33810K(43712K)
[2026-06-17T10:05:17.145+0800][59.047s][info][gc,metaspace   ] GC(1164) Metaspace: 121K(320K)->121K(320K) NonClass: 114K(192K)->114K(192K) Class: 7K(128K)->7K(128K)
[2026-06-17T10:05:17.145+0800][59.048s][info][gc             ] GC(1164) Pause Young (Allocation Failure) 45M->35M(61M) 1.823ms
[2026-06-17T10:05:17.146+0800][59.048s][info][gc,cpu         ] GC(1164) User=0.00s Sys=0.00s Real=0.00s
[2026-06-17T10:05:17.188+0800][59.090s][info][gc,start       ] GC(1165) Pause Young (Allocation Failure)
[2026-06-17T10:05:17.189+0800][59.091s][info][gc,heap        ] GC(1165) DefNew: 19613K(19648K)->2171K(19648K) Eden: 17437K(17472K)->0K(17472K) From: 2175K(2176K)->2171K(2176K)
[2026-06-17T10:05:17.189+0800][59.092s][info][gc,heap        ] GC(1165) Tenured: 33810K(43712K)->38810K(43712K)
[2026-06-17T10:05:17.190+0800][59.092s][info][gc,metaspace   ] GC(1165) Metaspace: 121K(320K)->121K(320K) NonClass: 114K(192K)->114K(192K) Class: 7K(128K)->7K(128K)
[2026-06-17T10:05:17.190+0800][59.092s][info][gc             ] GC(1165) Pause Young (Allocation Failure) 52M->40M(61M) 1.780ms
[2026-06-17T10:05:17.190+0800][59.092s][info][gc,cpu         ] GC(1165) User=0.00s Sys=0.00s Real=0.00s
[2026-06-17T10:05:17.232+0800][59.134s][info][gc,start       ] GC(1166) Pause Full (Allocation Failure)
[2026-06-17T10:05:17.232+0800][59.134s][info][gc,phases,start] GC(1166) Phase 1: Mark live objects
[2026-06-17T10:05:17.233+0800][59.135s][info][gc,phases      ] GC(1166) Phase 1: Mark live objects 0.859ms
[2026-06-17T10:05:17.234+0800][59.136s][info][gc,phases,start] GC(1166) Phase 2: Compute new object addresses
[2026-06-17T10:05:17.234+0800][59.136s][info][gc,phases      ] GC(1166) Phase 2: Compute new object addresses 0.674ms
[2026-06-17T10:05:17.235+0800][59.137s][info][gc,phases,start] GC(1166) Phase 3: Adjust pointers
[2026-06-17T10:05:17.235+0800][59.137s][info][gc,phases      ] GC(1166) Phase 3: Adjust pointers 0.639ms
[2026-06-17T10:05:17.236+0800][59.138s][info][gc,phases,start] GC(1166) Phase 4: Move objects
[2026-06-17T10:05:17.238+0800][59.140s][info][gc,phases      ] GC(1166) Phase 4: Move objects 2.279ms
[2026-06-17T10:05:17.238+0800][59.140s][info][gc,heap        ] GC(1166) DefNew: 19643K(19648K)->0K(19648K) Eden: 17472K(17472K)->0K(17472K) From: 2171K(2176K)->0K(2176K)
[2026-06-17T10:05:17.239+0800][59.141s][info][gc,heap        ] GC(1166) Tenured: 38810K(43712K)->24210K(43712K)
[2026-06-17T10:05:17.239+0800][59.141s][info][gc,metaspace   ] GC(1166) Metaspace: 121K(320K)->121K(320K) NonClass: 114K(192K)->114K(192K) Class: 7K(128K)->7K(128K)
[2026-06-17T10:05:17.239+0800][59.141s][info][gc             ] GC(1166) Pause Full (Allocation Failure) 57M->23M(61M) 6.968ms
[2026-06-17T10:05:17.239+0800][59.141s][info][gc,cpu         ] GC(1166) User=0.00s Sys=0.00s Real=0.00s
[2026-06-17T10:05:17.291+0800][59.193s][info][gc,start       ] GC(1167) Pause Young (Allocation Failure)
[2026-06-17T10:05:17.292+0800][59.194s][info][gc,heap        ] GC(1167) DefNew: 17472K(19648K)->2165K(19648K) Eden: 17472K(17472K)->0K(17472K) From: 0K(2176K)->2165K(2176K)
[2026-06-17T10:05:17.292+0800][59.195s][info][gc,heap        ] GC(1167) Tenured: 24210K(43712K)->25831K(43712K)
[2026-06-17T10:05:17.293+0800][59.195s][info][gc,metaspace   ] GC(1167) Metaspace: 121K(320K)->121K(320K) NonClass: 114K(192K)->114K(192K) Class: 7K(128K)->7K(128K)
[2026-06-17T10:05:17.293+0800][59.195s][info][gc             ] GC(1167) Pause Young (Allocation Failure) 40M->27M(61M) 1.370ms
[2026-06-17T10:05:17.293+0800][59.195s][info][gc,cpu         ] GC(1167) User=0.00s Sys=0.00s Real=0.00s
[2026-06-17T10:05:17.335+0800][59.237s][info][gc,start       ] GC(1168) Pause Young (Allocation Failure)
[2026-06-17T10:05:17.336+0800][59.238s][info][gc,heap        ] GC(1168) DefNew: 19589K(19648K)->2048K(19648K) Eden: 17423K(17472K)->0K(17472K) From: 2165K(2176K)->2048K(2176K)
[2026-06-17T10:05:17.337+0800][59.239s][info][gc,heap        ] GC(1168) Tenured: 25831K(43712K)->29702K(43712K)
[2026-06-17T10:05:17.337+0800][59.240s][info][gc,metaspace   ] GC(1168) Metaspace: 121K(320K)->121K(320K) NonClass: 114K(192K)->114K(192K) Class: 7K(128K)->7K(128K)
[2026-06-17T10:05:17.338+0800][59.240s][info][gc             ] GC(1168) Pause Young (Allocation Failure) 44M->31M(61M) 2.591ms
[2026-06-17T10:05:17.338+0800][59.240s][info][gc,cpu         ] GC(1168) User=0.00s Sys=0.00s Real=0.00s
[2026-06-17T10:05:17.380+0800][59.282s][info][gc,start       ] GC(1169) Pause Young (Allocation Failure)
[2026-06-17T10:05:17.381+0800][59.283s][info][gc,heap        ] GC(1169) DefNew: 19520K(19648K)->2170K(19648K) Eden: 17472K(17472K)->0K(17472K) From: 2048K(2176K)->2170K(2176K)
[2026-06-17T10:05:17.381+0800][59.283s][info][gc,heap        ] GC(1169) Tenured: 29702K(43712K)->33207K(43712K)
[2026-06-17T10:05:17.381+0800][59.283s][info][gc,metaspace   ] GC(1169) Metaspace: 121K(320K)->121K(320K) NonClass: 114K(192K)->114K(192K) Class: 7K(128K)->7K(128K)
[2026-06-17T10:05:17.381+0800][59.284s][info][gc             ] GC(1169) Pause Young (Allocation Failure) 48M->34M(61M) 1.552ms
[2026-06-17T10:05:17.382+0800][59.284s][info][gc,cpu         ] GC(1169) User=0.00s Sys=0.00s Real=0.00s
[2026-06-17T10:05:17.424+0800][59.326s][info][gc,start       ] GC(1170) Pause Young (Allocation Failure)
[2026-06-17T10:05:17.425+0800][59.327s][info][gc,heap        ] GC(1170) DefNew: 19642K(19648K)->2112K(19648K) Eden: 17472K(17472K)->0K(17472K) From: 2170K(2176K)->2112K(2176K)
[2026-06-17T10:05:17.425+0800][59.327s][info][gc,heap        ] GC(1170) Tenured: 33207K(43712K)->37127K(43712K)
[2026-06-17T10:05:17.425+0800][59.327s][info][gc,metaspace   ] GC(1170) Metaspace: 121K(320K)->121K(320K) NonClass: 114K(192K)->114K(192K) Class: 7K(128K)->7K(128K)
[2026-06-17T10:05:17.425+0800][59.328s][info][gc             ] GC(1170) Pause Young (Allocation Failure) 51M->38M(61M) 1.791ms
[2026-06-17T10:05:17.426+0800][59.328s][info][gc,cpu         ] GC(1170) User=0.00s Sys=0.00s Real=0.00s
[2026-06-17T10:05:17.468+0800][59.370s][info][gc,start       ] GC(1171) Pause Full (Allocation Failure)
[2026-06-17T10:05:17.468+0800][59.370s][info][gc,phases,start] GC(1171) Phase 1: Mark live objects
[2026-06-17T10:05:17.469+0800][59.371s][info][gc,phases      ] GC(1171) Phase 1: Mark live objects 0.912ms
[2026-06-17T10:05:17.469+0800][59.372s][info][gc,phases,start] GC(1171) Phase 2: Compute new object addresses
[2026-06-17T10:05:17.470+0800][59.372s][info][gc,phases      ] GC(1171) Phase 2: Compute new object addresses 0.549ms
[2026-06-17T10:05:17.470+0800][59.372s][info][gc,phases,start] GC(1171) Phase 3: Adjust pointers
[2026-06-17T10:05:17.471+0800][59.373s][info][gc,phases      ] GC(1171) Phase 3: Adjust pointers 0.636ms
[2026-06-17T10:05:17.471+0800][59.373s][info][gc,phases,start] GC(1171) Phase 4: Move objects
[2026-06-17T10:05:17.473+0800][59.376s][info][gc,phases      ] GC(1171) Phase 4: Move objects 2.404ms
[2026-06-17T10:05:17.474+0800][59.376s][info][gc,heap        ] GC(1171) DefNew: 19579K(19648K)->0K(19648K) Eden: 17466K(17472K)->0K(17472K) From: 2112K(2176K)->0K(2176K)
[2026-06-17T10:05:17.474+0800][59.376s][info][gc,heap        ] GC(1171) Tenured: 37127K(43712K)->29942K(43712K)
[2026-06-17T10:05:17.474+0800][59.376s][info][gc,metaspace   ] GC(1171) Metaspace: 121K(320K)->121K(320K) NonClass: 114K(192K)->114K(192K) Class: 7K(128K)->7K(128K)
[2026-06-17T10:05:17.474+0800][59.377s][info][gc             ] GC(1171) Pause Full (Allocation Failure) 55M->29M(61M) 6.619ms
[2026-06-17T10:05:17.474+0800][59.377s][info][gc,cpu         ] GC(1171) User=0.01s Sys=0.00s Real=0.01s
[2026-06-17T10:05:17.527+0800][59.429s][info][gc,start       ] GC(1172) Pause Young (Allocation Failure)
[2026-06-17T10:05:17.528+0800][59.430s][info][gc,heap        ] GC(1172) DefNew: 17472K(19648K)->2148K(19648K) Eden: 17472K(17472K)->0K(17472K) From: 0K(2176K)->2148K(2176K)
[2026-06-17T10:05:17.528+0800][59.430s][info][gc,heap        ] GC(1172) Tenured: 29942K(43712K)->31581K(43712K)
[2026-06-17T10:05:17.528+0800][59.430s][info][gc,metaspace   ] GC(1172) Metaspace: 121K(320K)->121K(320K) NonClass: 114K(192K)->114K(192K) Class: 7K(128K)->7K(128K)
[2026-06-17T10:05:17.528+0800][59.431s][info][gc             ] GC(1172) Pause Young (Allocation Failure) 46M->32M(61M) 1.574ms
[2026-06-17T10:05:17.528+0800][59.431s][info][gc,cpu         ] GC(1172) User=0.00s Sys=0.00s Real=0.00s
[2026-06-17T10:05:17.572+0800][59.474s][info][gc,start       ] GC(1173) Pause Young (Allocation Failure)
[2026-06-17T10:05:17.573+0800][59.475s][info][gc,heap        ] GC(1173) DefNew: 19620K(19648K)->2123K(19648K) Eden: 17472K(17472K)->0K(17472K) From: 2148K(2176K)->2123K(2176K)
[2026-06-17T10:05:17.574+0800][59.476s][info][gc,heap        ] GC(1173) Tenured: 31581K(43712K)->35575K(43712K)
[2026-06-17T10:05:17.574+0800][59.476s][info][gc,metaspace   ] GC(1173) Metaspace: 121K(320K)->121K(320K) NonClass: 114K(192K)->114K(192K) Class: 7K(128K)->7K(128K)
[2026-06-17T10:05:17.574+0800][59.476s][info][gc             ] GC(1173) Pause Young (Allocation Failure) 50M->36M(61M) 1.932ms
[2026-06-17T10:05:17.574+0800][59.476s][info][gc,cpu         ] GC(1173) User=0.00s Sys=0.00s Real=0.00s
[2026-06-17T10:05:17.606+0800][59.508s][info][gc,start       ] GC(1174) Pause Young (Allocation Failure)
[2026-06-17T10:05:17.607+0800][59.509s][info][gc,heap        ] GC(1174) DefNew: 19502K(19648K)->2110K(19648K) Eden: 17378K(17472K)->0K(17472K) From: 2123K(2176K)->2110K(2176K)
[2026-06-17T10:05:17.607+0800][59.509s][info][gc,heap        ] GC(1174) Tenured: 35575K(43712K)->38678K(43712K)
[2026-06-17T10:05:17.607+0800][59.510s][info][gc,metaspace   ] GC(1174) Metaspace: 121K(320K)->121K(320K) NonClass: 114K(192K)->114K(192K) Class: 7K(128K)->7K(128K)
[2026-06-17T10:05:17.608+0800][59.510s][info][gc             ] GC(1174) Pause Young (Allocation Failure) 53M->39M(61M) 1.466ms
[2026-06-17T10:05:17.608+0800][59.510s][info][gc,cpu         ] GC(1174) User=0.00s Sys=0.00s Real=0.00s
[2026-06-17T10:05:17.660+0800][59.562s][info][gc,start       ] GC(1175) Pause Full (Allocation Failure)
[2026-06-17T10:05:17.660+0800][59.563s][info][gc,phases,start] GC(1175) Phase 1: Mark live objects
[2026-06-17T10:05:17.662+0800][59.564s][info][gc,phases      ] GC(1175) Phase 1: Mark live objects 1.102ms
[2026-06-17T10:05:17.662+0800][59.564s][info][gc,phases,start] GC(1175) Phase 2: Compute new object addresses
[2026-06-17T10:05:17.663+0800][59.565s][info][gc,phases      ] GC(1175) Phase 2: Compute new object addresses 0.972ms
[2026-06-17T10:05:17.663+0800][59.565s][info][gc,phases,start] GC(1175) Phase 3: Adjust pointers
[2026-06-17T10:05:17.664+0800][59.566s][info][gc,phases      ] GC(1175) Phase 3: Adjust pointers 0.899ms
[2026-06-17T10:05:17.664+0800][59.567s][info][gc,phases,start] GC(1175) Phase 4: Move objects
[2026-06-17T10:05:17.667+0800][59.569s][info][gc,phases      ] GC(1175) Phase 4: Move objects 2.755ms
[2026-06-17T10:05:17.668+0800][59.570s][info][gc,heap        ] GC(1175) DefNew: 19535K(19648K)->0K(19648K) Eden: 17425K(17472K)->0K(17472K) From: 2110K(2176K)->0K(2176K)
[2026-06-17T10:05:17.668+0800][59.570s][info][gc,heap        ] GC(1175) Tenured: 38678K(43712K)->31643K(43712K)
[2026-06-17T10:05:17.668+0800][59.571s][info][gc,metaspace   ] GC(1175) Metaspace: 121K(320K)->121K(320K) NonClass: 114K(192K)->114K(192K) Class: 7K(128K)->7K(128K)
[2026-06-17T10:05:17.669+0800][59.571s][info][gc             ] GC(1175) Pause Full (Allocation Failure) 56M->30M(61M) 8.801ms
[2026-06-17T10:05:17.669+0800][59.571s][info][gc,cpu         ] GC(1175) User=0.01s Sys=0.00s Real=0.01s
[2026-06-17T10:05:17.712+0800][59.614s][info][gc,start       ] GC(1176) Pause Young (Allocation Failure)
[2026-06-17T10:05:17.713+0800][59.615s][info][gc,heap        ] GC(1176) DefNew: 17469K(19648K)->2175K(19648K) Eden: 17469K(17472K)->0K(17472K) From: 0K(2176K)->2175K(2176K)
[2026-06-17T10:05:17.714+0800][59.616s][info][gc,heap        ] GC(1176) Tenured: 31643K(43712K)->36611K(43712K)
[2026-06-17T10:05:17.714+0800][59.616s][info][gc,metaspace   ] GC(1176) Metaspace: 121K(320K)->121K(320K) NonClass: 114K(192K)->114K(192K) Class: 7K(128K)->7K(128K)
[2026-06-17T10:05:17.714+0800][59.617s][info][gc             ] GC(1176) Pause Young (Allocation Failure) 47M->37M(61M) 2.529ms
[2026-06-17T10:05:17.715+0800][59.617s][info][gc,cpu         ] GC(1176) User=0.00s Sys=0.00s Real=0.00s
[2026-06-17T10:05:17.757+0800][59.659s][info][gc,start       ] GC(1177) Pause Young (Allocation Failure)
[2026-06-17T10:05:17.759+0800][59.661s][info][gc,heap        ] GC(1177) DefNew: 19640K(19648K)->2155K(19648K) Eden: 17464K(17472K)->0K(17472K) From: 2175K(2176K)->2155K(2176K)
[2026-06-17T10:05:17.760+0800][59.662s][info][gc,heap        ] GC(1177) Tenured: 36611K(43712K)->42575K(43712K)
[2026-06-17T10:05:17.760+0800][59.662s][info][gc,metaspace   ] GC(1177) Metaspace: 121K(320K)->121K(320K) NonClass: 114K(192K)->114K(192K) Class: 7K(128K)->7K(128K)
[2026-06-17T10:05:17.761+0800][59.663s][info][gc             ] GC(1177) Pause Young (Allocation Failure) 54M->43M(61M) 3.570ms
[2026-06-17T10:05:17.762+0800][59.664s][info][gc,cpu         ] GC(1177) User=0.00s Sys=0.00s Real=0.00s
[2026-06-17T10:05:17.804+0800][59.706s][info][gc,start       ] GC(1178) Pause Full (Allocation Failure)
[2026-06-17T10:05:17.805+0800][59.707s][info][gc,phases,start] GC(1178) Phase 1: Mark live objects
[2026-06-17T10:05:17.806+0800][59.708s][info][gc,phases      ] GC(1178) Phase 1: Mark live objects 1.256ms
[2026-06-17T10:05:17.806+0800][59.708s][info][gc,phases,start] GC(1178) Phase 2: Compute new object addresses
[2026-06-17T10:05:17.807+0800][59.709s][info][gc,phases      ] GC(1178) Phase 2: Compute new object addresses 0.816ms
[2026-06-17T10:05:17.808+0800][59.710s][info][gc,phases,start] GC(1178) Phase 3: Adjust pointers
[2026-06-17T10:05:17.809+0800][59.711s][info][gc,phases      ] GC(1178) Phase 3: Adjust pointers 1.328ms
[2026-06-17T10:05:17.810+0800][59.712s][info][gc,phases,start] GC(1178) Phase 4: Move objects
[2026-06-17T10:05:17.812+0800][59.715s][info][gc,phases      ] GC(1178) Phase 4: Move objects 2.581ms
[2026-06-17T10:05:17.813+0800][59.715s][info][gc,heap        ] GC(1178) DefNew: 19627K(19648K)->0K(19648K) Eden: 17472K(17472K)->0K(17472K) From: 2155K(2176K)->0K(2176K)
[2026-06-17T10:05:17.816+0800][59.718s][info][gc,heap        ] GC(1178) Tenured: 42575K(43712K)->31920K(43712K)
[2026-06-17T10:05:17.817+0800][59.719s][info][gc,metaspace   ] GC(1178) Metaspace: 121K(320K)->121K(320K) NonClass: 114K(192K)->114K(192K) Class: 7K(128K)->7K(128K)
[2026-06-17T10:05:17.817+0800][59.719s][info][gc             ] GC(1178) Pause Full (Allocation Failure) 60M->31M(61M) 13.089ms
[2026-06-17T10:05:17.818+0800][59.720s][info][gc,cpu         ] GC(1178) User=0.01s Sys=0.00s Real=0.01s
[2026-06-17T10:05:17.860+0800][59.762s][info][gc,start       ] GC(1179) Pause Young (Allocation Failure)
[2026-06-17T10:05:17.861+0800][59.763s][info][gc,heap        ] GC(1179) DefNew: 17245K(19648K)->2109K(19648K) Eden: 17245K(17472K)->0K(17472K) From: 0K(2176K)->2109K(2176K)
[2026-06-17T10:05:17.862+0800][59.764s][info][gc,heap        ] GC(1179) Tenured: 31920K(43712K)->33199K(43712K)
[2026-06-17T10:05:17.862+0800][59.765s][info][gc,metaspace   ] GC(1179) Metaspace: 121K(320K)->121K(320K) NonClass: 114K(192K)->114K(192K) Class: 7K(128K)->7K(128K)
[2026-06-17T10:05:17.863+0800][59.765s][info][gc             ] GC(1179) Pause Young (Allocation Failure) 48M->34M(61M) 3.199ms
[2026-06-17T10:05:17.864+0800][59.766s][info][gc,cpu         ] GC(1179) User=0.00s Sys=0.00s Real=0.01s
[2026-06-17T10:05:17.906+0800][59.808s][info][gc,start       ] GC(1180) Pause Young (Allocation Failure)
[2026-06-17T10:05:17.908+0800][59.810s][info][gc,heap        ] GC(1180) DefNew: 19566K(19648K)->2175K(19648K) Eden: 17457K(17472K)->0K(17472K) From: 2109K(2176K)->2175K(2176K)
[2026-06-17T10:05:17.908+0800][59.811s][info][gc,heap        ] GC(1180) Tenured: 33199K(43712K)->39977K(43712K)
[2026-06-17T10:05:17.909+0800][59.811s][info][gc,metaspace   ] GC(1180) Metaspace: 121K(320K)->121K(320K) NonClass: 114K(192K)->114K(192K) Class: 7K(128K)->7K(128K)
[2026-06-17T10:05:17.909+0800][59.812s][info][gc             ] GC(1180) Pause Young (Allocation Failure) 51M->41M(61M) 3.287ms
[2026-06-17T10:05:17.910+0800][59.812s][info][gc,cpu         ] GC(1180) User=0.00s Sys=0.00s Real=0.00s
[2026-06-17T10:05:17.963+0800][59.865s][info][gc,start       ] GC(1181) Pause Full (Allocation Failure)
[2026-06-17T10:05:17.971+0800][59.873s][info][gc,phases,start] GC(1181) Phase 1: Mark live objects
[2026-06-17T10:05:17.974+0800][59.876s][info][gc,phases      ] GC(1181) Phase 1: Mark live objects 2.519ms
[2026-06-17T10:05:17.974+0800][59.877s][info][gc,phases,start] GC(1181) Phase 2: Compute new object addresses
[2026-06-17T10:05:17.975+0800][59.878s][info][gc,phases      ] GC(1181) Phase 2: Compute new object addresses 0.838ms
[2026-06-17T10:05:17.976+0800][59.878s][info][gc,phases,start] GC(1181) Phase 3: Adjust pointers
[2026-06-17T10:05:17.976+0800][59.878s][info][gc,phases      ] GC(1181) Phase 3: Adjust pointers 0.733ms
[2026-06-17T10:05:17.976+0800][59.879s][info][gc,phases,start] GC(1181) Phase 4: Move objects
[2026-06-17T10:05:17.979+0800][59.881s][info][gc,phases      ] GC(1181) Phase 4: Move objects 2.528ms
[2026-06-17T10:05:17.979+0800][59.882s][info][gc,heap        ] GC(1181) DefNew: 19607K(19648K)->0K(19648K) Eden: 17432K(17472K)->0K(17472K) From: 2175K(2176K)->0K(2176K)
[2026-06-17T10:05:17.980+0800][59.882s][info][gc,heap        ] GC(1181) Tenured: 39977K(43712K)->29265K(43712K)
[2026-06-17T10:05:17.980+0800][59.882s][info][gc,metaspace   ] GC(1181) Metaspace: 121K(320K)->121K(320K) NonClass: 114K(192K)->114K(192K) Class: 7K(128K)->7K(128K)
[2026-06-17T10:05:17.980+0800][59.882s][info][gc             ] GC(1181) Pause Full (Allocation Failure) 58M->28M(61M) 17.215ms
[2026-06-17T10:05:17.980+0800][59.882s][info][gc,cpu         ] GC(1181) User=0.01s Sys=0.00s Real=0.01s
[2026-06-17T10:05:18.022+0800][59.924s][info][gc,start       ] GC(1182) Pause Young (Allocation Failure)
[2026-06-17T10:05:18.026+0800][59.928s][info][gc,heap        ] GC(1182) DefNew: 17462K(19648K)->2175K(19648K) Eden: 17462K(17472K)->0K(17472K) From: 0K(2176K)->2175K(2176K)
[2026-06-17T10:05:18.027+0800][59.929s][info][gc,heap        ] GC(1182) Tenured: 29265K(43712K)->33718K(43712K)
[2026-06-17T10:05:18.027+0800][59.930s][info][gc,metaspace   ] GC(1182) Metaspace: 121K(320K)->121K(320K) NonClass: 114K(192K)->114K(192K) Class: 7K(128K)->7K(128K)
[2026-06-17T10:05:18.028+0800][59.930s][info][gc             ] GC(1182) Pause Young (Allocation Failure) 45M->35M(61M) 5.418ms
[2026-06-17T10:05:18.028+0800][59.930s][info][gc,cpu         ] GC(1182) User=0.00s Sys=0.00s Real=0.01s
[2026-06-17T10:05:18.070+0800][59.972s][info][gc,start       ] GC(1183) Pause Young (Allocation Failure)
[2026-06-17T10:05:18.075+0800][59.977s][info][gc,heap        ] GC(1183) DefNew: 19647K(19648K)->2169K(19648K) Eden: 17472K(17472K)->0K(17472K) From: 2175K(2176K)->2169K(2176K)
[2026-06-17T10:05:18.076+0800][59.978s][info][gc,heap        ] GC(1183) Tenured: 33718K(43712K)->40449K(43712K)
[2026-06-17T10:05:18.077+0800][59.979s][info][gc,metaspace   ] GC(1183) Metaspace: 121K(320K)->121K(320K) NonClass: 114K(192K)->114K(192K) Class: 7K(128K)->7K(128K)
[2026-06-17T10:05:18.077+0800][59.979s][info][gc             ] GC(1183) Pause Young (Allocation Failure) 52M->41M(61M) 6.910ms
[2026-06-17T10:05:18.077+0800][59.980s][info][gc,cpu         ] GC(1183) User=0.00s Sys=0.00s Real=0.01s
[2026-06-17T10:05:18.120+0800][60.022s][info][gc,start       ] GC(1184) Pause Full (Allocation Failure)
[2026-06-17T10:05:18.120+0800][60.023s][info][gc,phases,start] GC(1184) Phase 1: Mark live objects
[2026-06-17T10:05:18.122+0800][60.024s][info][gc,phases      ] GC(1184) Phase 1: Mark live objects 1.114ms
[2026-06-17T10:05:18.122+0800][60.024s][info][gc,phases,start] GC(1184) Phase 2: Compute new object addresses
[2026-06-17T10:05:18.123+0800][60.025s][info][gc,phases      ] GC(1184) Phase 2: Compute new object addresses 0.706ms
[2026-06-17T10:05:18.123+0800][60.025s][info][gc,phases,start] GC(1184) Phase 3: Adjust pointers
[2026-06-17T10:05:18.124+0800][60.026s][info][gc,phases      ] GC(1184) Phase 3: Adjust pointers 0.680ms
[2026-06-17T10:05:18.124+0800][60.026s][info][gc,phases,start] GC(1184) Phase 4: Move objects
[2026-06-17T10:05:18.127+0800][60.029s][info][gc,phases      ] GC(1184) Phase 4: Move objects 2.423ms
[2026-06-17T10:05:18.127+0800][60.029s][info][gc,heap        ] GC(1184) DefNew: 19585K(19648K)->0K(19648K) Eden: 17416K(17472K)->0K(17472K) From: 2169K(2176K)->0K(2176K)
[2026-06-17T10:05:18.128+0800][60.030s][info][gc,heap        ] GC(1184) Tenured: 40449K(43712K)->28586K(43712K)
[2026-06-17T10:05:18.128+0800][60.030s][info][gc,metaspace   ] GC(1184) Metaspace: 121K(320K)->121K(320K) NonClass: 114K(192K)->114K(192K) Class: 7K(128K)->7K(128K)
[2026-06-17T10:05:18.128+0800][60.031s][info][gc             ] GC(1184) Pause Full (Allocation Failure) 58M->27M(61M) 8.685ms
[2026-06-17T10:05:18.129+0800][60.031s][info][gc,cpu         ] GC(1184) User=0.01s Sys=0.00s Real=0.01s
[2026-06-17T10:05:19.141+0800][61.043s][info][gc,exit        ] Heap
[2026-06-17T10:05:19.141+0800][61.043s][info][gc,exit        ]  DefNew     total 19648K, used 3481K [0x00000000fc000000, 0x00000000fd550000, 0x00000000fd550000)
[2026-06-17T10:05:19.141+0800][61.043s][info][gc,exit        ]   eden space 17472K,  19% used [0x00000000fc000000, 0x00000000fc366460, 0x00000000fd110000)
[2026-06-17T10:05:19.141+0800][61.044s][info][gc,exit        ]   from space 2176K,   0% used [0x00000000fd330000, 0x00000000fd330000, 0x00000000fd550000)
[2026-06-17T10:05:19.142+0800][61.044s][info][gc,exit        ]   to   space 2176K,   0% used [0x00000000fd110000, 0x00000000fd110000, 0x00000000fd330000)
[2026-06-17T10:05:19.142+0800][61.044s][info][gc,exit        ]  Tenured    total 43712K, used 28586K [0x00000000fd550000, 0x0000000100000000, 0x0000000100000000)
[2026-06-17T10:05:19.142+0800][61.044s][info][gc,exit        ]   the  space 43712K,  65% used [0x00000000fd550000, 0x00000000ff13ab70, 0x0000000100000000)
[2026-06-17T10:05:19.142+0800][61.044s][info][gc,exit        ]  Metaspace       used 121K, committed 320K, reserved 1114112K
[2026-06-17T10:05:19.142+0800][61.045s][info][gc,exit        ]   class space    used 7K, committed 128K, reserved 1048576K
