[2026-06-18T14:29:07.345+0800][0.007s][info][gc,init] Initializing The Z Garbage Collector
[2026-06-18T14:29:07.347+0800][0.008s][info][gc,init] Version: 25.0.3+9-LTS (release)
[2026-06-18T14:29:07.348+0800][0.009s][info][gc,init] NUMA Support: Disabled
[2026-06-18T14:29:07.350+0800][0.012s][info][gc,init] CPUs: 24 total, 24 available
[2026-06-18T14:29:07.351+0800][0.012s][info][gc,init] Memory: 15855M
[2026-06-18T14:29:07.352+0800][0.014s][info][gc,init] Large Page Support: Disabled
[2026-06-18T14:29:07.353+0800][0.015s][info][gc,init] Address Space Size: unlimited
[2026-06-18T14:29:07.354+0800][0.015s][info][gc,init] Reserved Space Type: Contiguous/Unrestricted/Complete
[2026-06-18T14:29:07.355+0800][0.016s][info][gc,init] Reserved Space Size: 4G
[2026-06-18T14:29:07.356+0800][0.017s][info][gc,init] Heap Backing File: /memfd:java_heap
[2026-06-18T14:29:07.356+0800][0.018s][info][gc,init] Heap Backing Filesystem: tmpfs (0x1021994)
[2026-06-18T14:29:07.357+0800][0.019s][info][gc,init] Min Capacity: 256M
[2026-06-18T14:29:07.358+0800][0.019s][info][gc,init] Initial Capacity: 256M
[2026-06-18T14:29:07.359+0800][0.020s][info][gc,init] Max Capacity: 256M
[2026-06-18T14:29:07.360+0800][0.021s][info][gc,init] Soft Max Capacity: 256M
[2026-06-18T14:29:07.361+0800][0.022s][info][gc,init] Page Size Medium: Range [2M, 8M]
[2026-06-18T14:29:07.361+0800][0.023s][info][gc,init] Pre-touch: Disabled
[2026-06-18T14:29:07.362+0800][0.023s][info][gc,init] Available space on backing filesystem: N/A
[2026-06-18T14:29:07.363+0800][0.024s][info][gc,init] Uncommit: Implicitly Disabled (-Xms equals -Xmx)
[2026-06-18T14:29:07.363+0800][0.025s][info][gc,init] GC Workers for Old Generation: 2 (dynamic)
[2026-06-18T14:29:07.365+0800][0.026s][info][gc,init] GC Workers for Young Generation: 2 (dynamic)
[2026-06-18T14:29:07.401+0800][0.062s][info][gc,init] GC Workers Max: 2 (dynamic)
[2026-06-18T14:29:07.403+0800][0.065s][info][gc,init] Runtime Workers: 2
[2026-06-18T14:29:07.407+0800][0.069s][info][gc     ] Using The Z Garbage Collector
[2026-06-18T14:29:07.412+0800][0.073s][info][gc,metaspace] CDS archive(s) mapped at: [0x0000000093000000-0x0000000093c95000-0x0000000093c95000), size 13193216, SharedBaseAddress: 0x0000000093000000, ArchiveRelocationMode: 1.
[2026-06-18T14:29:07.413+0800][0.075s][info][gc,metaspace] Compressed class space mapped at: 0x0000000094000000-0x00000000d4000000, reserved size: 1073741824
[2026-06-18T14:29:07.415+0800][0.076s][info][gc,metaspace] UseCompressedClassPointers 1, UseCompactObjectHeaders 0
[2026-06-18T14:29:07.416+0800][0.077s][info][gc,metaspace] Narrow klass pointer bits 32, Max shift 3
[2026-06-18T14:29:07.417+0800][0.079s][info][gc,metaspace] Narrow klass base: 0x0000000093000000, Narrow klass shift: 0
[2026-06-18T14:29:07.418+0800][0.080s][info][gc,metaspace] Encoding Range: [0x0000000093000000 - 0x0000000193000000), (4294967296 bytes)
[2026-06-18T14:29:07.420+0800][0.082s][info][gc,metaspace] Klass Range:    [0x0000000093001000 - 0x00000000d4000000), (1090514944 bytes)
[2026-06-18T14:29:07.421+0800][0.083s][info][gc,metaspace] Klass ID Range:  [4096 - 1090519033) (1090514937)
[2026-06-18T14:29:07.422+0800][0.083s][info][gc,metaspace] Protection zone: [0x0000000093000000 - 0x0000000093001000), (4096 bytes)
[2026-06-18T14:29:07.521+0800][0.182s][info][gc          ] GC(0) Major Collection (Warmup)
[2026-06-18T14:29:07.523+0800][0.184s][info][gc,task     ] GC(0) Using 2 Workers for Young Generation
[2026-06-18T14:29:07.525+0800][0.186s][info][gc,task     ] GC(0) Using 1 Workers for Old Generation
[2026-06-18T14:29:07.526+0800][0.187s][info][gc,phases   ] GC(0) Y: Young Generation
[2026-06-18T14:29:07.530+0800][0.191s][info][gc,phases   ] GC(0) Y: Pause Mark Start (Major) 0.018ms
[2026-06-18T14:29:07.532+0800][0.193s][info][gc,phases   ] GC(0) Y: Concurrent Mark 0.741ms
[2026-06-18T14:29:07.535+0800][0.197s][info][gc,phases   ] GC(0) Y: Pause Mark End 0.012ms
[2026-06-18T14:29:07.538+0800][0.199s][info][gc,phases   ] GC(0) Y: Concurrent Mark Free 0.003ms
[2026-06-18T14:29:07.539+0800][0.201s][info][gc,phases   ] GC(0) Y: Concurrent Reset Relocation Set 0.001ms
[2026-06-18T14:29:07.541+0800][0.203s][info][gc,reloc    ] GC(0) Y: Using tenuring threshold: 1 (Computed)
[2026-06-18T14:29:07.546+0800][0.208s][info][gc,phases   ] GC(0) Y: Concurrent Select Relocation Set 5.037ms
[2026-06-18T14:29:07.547+0800][0.209s][info][gc,phases   ] GC(0) Y: Pause Relocate Start 0.012ms
[2026-06-18T14:29:07.549+0800][0.211s][info][gc,phases   ] GC(0) Y: Concurrent Relocate 0.452ms
[2026-06-18T14:29:07.553+0800][0.215s][info][gc,alloc    ] GC(0) Y:                         Mark Start        Mark End      Relocate Start    Relocate End   
[2026-06-18T14:29:07.559+0800][0.220s][info][gc,alloc    ] GC(0) Y: Allocation Stalls:          0                0                0                0         
[2026-06-18T14:29:07.561+0800][0.222s][info][gc,load     ] GC(0) Y: Load: 0.62 (3%) / 0.35 (1%) / 0.31 (1%)
[2026-06-18T14:29:07.563+0800][0.224s][info][gc,mmu      ] GC(0) Y: MMU: 2ms/99.1%, 5ms/99.6%, 10ms/99.7%, 20ms/99.8%, 50ms/99.9%, 100ms/100.0%
[2026-06-18T14:29:07.564+0800][0.226s][info][gc,marking  ] GC(0) Y: Mark: 2 stripe(s), 1 proactive flush(es), 1 terminate flush(es), 0 completion(s), 0 continuation(s) 
[2026-06-18T14:29:07.565+0800][0.227s][info][gc,nmethod  ] GC(0) Y: NMethods: 72 registered, 0 unregistered
[2026-06-18T14:29:07.568+0800][0.230s][info][gc,metaspace] GC(0) Y: Metaspace: 0M used, 0M committed, 1088M reserved
[2026-06-18T14:29:07.573+0800][0.235s][info][gc,reloc    ] GC(0) Y:                        Candidates     Selected     In-Place         Size        Empty    Relocated 
[2026-06-18T14:29:07.576+0800][0.238s][info][gc,reloc    ] GC(0) Y: Small Pages:                    9            2            0          18M          10M           1M 
[2026-06-18T14:29:07.577+0800][0.239s][info][gc,reloc    ] GC(0) Y: Medium Pages:                   1            0            0           8M           0M           0M 
[2026-06-18T14:29:07.586+0800][0.248s][info][gc,reloc    ] GC(0) Y: Large Pages:                    1            0            0           2M           0M           0M 
[2026-06-18T14:29:07.588+0800][0.250s][info][gc,reloc    ] GC(0) Y: Forwarding Usage: 0M
[2026-06-18T14:29:07.599+0800][0.261s][info][gc,reloc    ] GC(0) Y: Age Table:
[2026-06-18T14:29:07.601+0800][0.263s][info][gc,reloc    ] GC(0) Y:                    Live             Garbage             Small              Medium             Large        
[2026-06-18T14:29:07.603+0800][0.264s][info][gc,reloc    ] GC(0) Y: Eden               5M (2%)           22M (9%)           9 / 2              1 / 0              1 / 0        
[2026-06-18T14:29:07.604+0800][0.266s][info][gc,heap     ] GC(0) Y: Min Capacity: 256M(100%)
[2026-06-18T14:29:07.608+0800][0.270s][info][gc,heap     ] GC(0) Y: Max Capacity: 256M(100%)
[2026-06-18T14:29:07.609+0800][0.271s][info][gc,heap     ] GC(0) Y: Soft Max Capacity: 256M(100%)
[2026-06-18T14:29:07.610+0800][0.272s][info][gc,heap     ] GC(0) Y: Heap Statistics:
[2026-06-18T14:29:07.612+0800][0.273s][info][gc,heap     ] GC(0) Y:                Mark Start          Mark End        Relocate Start      Relocate End           High               Low         
[2026-06-18T14:29:07.617+0800][0.278s][info][gc,heap     ] GC(0) Y:  Capacity:      256M (100%)        256M (100%)        256M (100%)        256M (100%)        256M (100%)        256M (100%)   
[2026-06-18T14:29:07.626+0800][0.288s][info][gc,heap     ] GC(0) Y:      Free:      228M (89%)         224M (88%)         230M (90%)         232M (91%)         234M (91%)         224M (88%)    
[2026-06-18T14:29:07.627+0800][0.288s][info][gc,heap     ] GC(0) Y:      Used:       28M (11%)          32M (12%)          26M (10%)          24M (9%)           32M (12%)          22M (9%)     
[2026-06-18T14:29:07.631+0800][0.293s][info][gc,heap     ] GC(0) Y: Young Generation Statistics:
[2026-06-18T14:29:07.632+0800][0.294s][info][gc,heap     ] GC(0) Y:                Mark Start          Mark End        Relocate Start      Relocate End    
[2026-06-18T14:29:07.641+0800][0.302s][info][gc,heap     ] GC(0) Y:      Used:       28M (11%)          32M (12%)          26M (10%)          24M (9%)     
[2026-06-18T14:29:07.642+0800][0.304s][info][gc,heap     ] GC(0) Y:      Live:         -                 5M (2%)            5M (2%)            5M (2%)     
[2026-06-18T14:29:07.643+0800][0.305s][info][gc,heap     ] GC(0) Y:   Garbage:         -                22M (9%)           12M (5%)            7M (3%)     
[2026-06-18T14:29:07.646+0800][0.307s][info][gc,heap     ] GC(0) Y: Allocated:         -                 4M (2%)            8M (3%)           10M (4%)     
[2026-06-18T14:29:07.647+0800][0.308s][info][gc,heap     ] GC(0) Y: Reclaimed:         -                  -                10M (4%)           14M (6%)     
[2026-06-18T14:29:07.650+0800][0.312s][info][gc,heap     ] GC(0) Y:  Promoted:         -                  -                 0M (0%)            0M (0%)     
[2026-06-18T14:29:07.653+0800][0.314s][info][gc,heap     ] GC(0) Y: Compacted:         -                  -                  -                 1M (1%)     
[2026-06-18T14:29:07.659+0800][0.321s][info][gc,phases   ] GC(0) Y: Young Generation 28M(11%)->24M(9%) 0.028s
[2026-06-18T14:29:07.660+0800][0.322s][info][gc,phases   ] GC(0) O: Old Generation
[2026-06-18T14:29:07.662+0800][0.323s][info][gc,phases   ] GC(0) O: Concurrent Mark 0.341ms
[2026-06-18T14:29:07.663+0800][0.325s][info][gc,phases   ] GC(0) O: Pause Mark End 0.014ms
[2026-06-18T14:29:07.666+0800][0.327s][info][gc,phases   ] GC(0) O: Concurrent Mark Free 0.001ms
[2026-06-18T14:29:07.670+0800][0.332s][info][gc,phases   ] GC(0) O: Concurrent Process Non-Strong 0.379ms
[2026-06-18T14:29:07.675+0800][0.336s][info][gc,phases   ] GC(0) O: Concurrent Reset Relocation Set 0.001ms
[2026-06-18T14:29:07.678+0800][0.339s][info][gc,phases   ] GC(0) O: Concurrent Select Relocation Set 0.054ms
[2026-06-18T14:29:07.682+0800][0.343s][info][gc,task     ] GC(0) O: Using 2 Workers for Old Generation
[2026-06-18T14:29:07.686+0800][0.348s][info][gc,task     ] GC(0) O: Using 1 Workers for Old Generation
[2026-06-18T14:29:07.691+0800][0.352s][info][gc,phases   ] GC(0) O: Concurrent Remap Roots 9.232ms
[2026-06-18T14:29:07.694+0800][0.356s][info][gc,phases   ] GC(0) O: Pause Relocate Start 0.014ms
[2026-06-18T14:29:07.696+0800][0.358s][info][gc,phases   ] GC(0) O: Concurrent Relocate 0.103ms
[2026-06-18T14:29:07.700+0800][0.361s][info][gc,alloc    ] GC(0) O:                         Mark Start        Mark End      Relocate Start    Relocate End   
[2026-06-18T14:29:07.702+0800][0.364s][info][gc,alloc    ] GC(0) O: Allocation Stalls:          0                0                0                0         
[2026-06-18T14:29:07.705+0800][0.366s][info][gc,load     ] GC(0) O: Load: 0.62 (3%) / 0.35 (1%) / 0.31 (1%)
[2026-06-18T14:29:07.709+0800][0.371s][info][gc,mmu      ] GC(0) O: MMU: 2ms/99.1%, 5ms/99.6%, 10ms/99.7%, 20ms/99.8%, 50ms/99.9%, 100ms/100.0%
[2026-06-18T14:29:07.711+0800][0.372s][info][gc,marking  ] GC(0) O: Mark: 1 stripe(s), 1 proactive flush(es), 1 terminate flush(es), 0 completion(s), 0 continuation(s) 
[2026-06-18T14:29:07.715+0800][0.377s][info][gc,nmethod  ] GC(0) O: NMethods: 70 registered, 3 unregistered
[2026-06-18T14:29:07.716+0800][0.378s][info][gc,metaspace] GC(0) O: Metaspace: 0M used, 0M committed, 1088M reserved
[2026-06-18T14:29:07.719+0800][0.381s][info][gc,ref      ] GC(0) O:                       Encountered   Discovered     Enqueued 
[2026-06-18T14:29:07.720+0800][0.381s][info][gc,ref      ] GC(0) O: Soft References:                2            0            0 
[2026-06-18T14:29:07.721+0800][0.382s][info][gc,ref      ] GC(0) O: Weak References:                6            0            0 
[2026-06-18T14:29:07.723+0800][0.384s][info][gc,ref      ] GC(0) O: Final References:               0            0            0 
[2026-06-18T14:29:07.725+0800][0.386s][info][gc,ref      ] GC(0) O: Phantom References:             1            0            0 
[2026-06-18T14:29:07.726+0800][0.388s][info][gc,heap     ] GC(0) O: Min Capacity: 256M(100%)
[2026-06-18T14:29:07.727+0800][0.389s][info][gc,heap     ] GC(0) O: Max Capacity: 256M(100%)
[2026-06-18T14:29:07.729+0800][0.391s][info][gc,heap     ] GC(0) O: Soft Max Capacity: 256M(100%)
[2026-06-18T14:29:07.731+0800][0.392s][info][gc,heap     ] GC(0) O: Heap Statistics:
[2026-06-18T14:29:07.733+0800][0.395s][info][gc,heap     ] GC(0) O:                Mark Start          Mark End        Relocate Start      Relocate End           High               Low         
[2026-06-18T14:29:07.735+0800][0.397s][info][gc,heap     ] GC(0) O:  Capacity:      256M (100%)        256M (100%)        256M (100%)        256M (100%)        256M (100%)        256M (100%)   
[2026-06-18T14:29:07.740+0800][0.402s][info][gc,heap     ] GC(0) O:      Free:      228M (89%)         186M (73%)         174M (68%)         174M (68%)         234M (91%)         174M (68%)    
[2026-06-18T14:29:07.746+0800][0.407s][info][gc,heap     ] GC(0) O:      Used:       28M (11%)          70M (27%)          82M (32%)          82M (32%)          82M (32%)          22M (9%)     
[2026-06-18T14:29:07.756+0800][0.417s][info][gc,heap     ] GC(0) O: Old Generation Statistics:
[2026-06-18T14:29:07.758+0800][0.420s][info][gc,heap     ] GC(0) O:                Mark Start          Mark End        Relocate Start      Relocate End    
[2026-06-18T14:29:07.763+0800][0.425s][info][gc,heap     ] GC(0) O:      Used:        0M (0%)            0M (0%)            0M (0%)            0M (0%)     
[2026-06-18T14:29:07.765+0800][0.426s][info][gc,heap     ] GC(0) O:      Live:         -                 0M (0%)            0M (0%)            0M (0%)     
[2026-06-18T14:29:07.769+0800][0.430s][info][gc,heap     ] GC(0) O:   Garbage:         -                 0M (0%)            0M (0%)            0M (0%)     
[2026-06-18T14:29:07.774+0800][0.436s][info][gc,heap     ] GC(0) O: Allocated:         -                 0M (0%)            0M (0%)            0M (0%)     
[2026-06-18T14:29:07.776+0800][0.438s][info][gc,heap     ] GC(0) O: Reclaimed:         -                  -                 0M (0%)            0M (0%)     
[2026-06-18T14:29:07.779+0800][0.441s][info][gc,heap     ] GC(0) O: Compacted:         -                  -                  -                 0M (0%)     
[2026-06-18T14:29:07.780+0800][0.442s][info][gc,phases   ] GC(0) O: Old Generation 70M(27%)->82M(32%) 0.039s
[2026-06-18T14:29:07.781+0800][0.442s][info][gc          ] GC(0) Major Collection (Warmup) 26M(10%)->112M(44%) 0.260s
[2026-06-18T14:29:07.790+0800][0.452s][info][gc          ] GC(1) Major Collection (Warmup)
[2026-06-18T14:29:07.793+0800][0.454s][info][gc,task     ] GC(1) Using 2 Workers for Young Generation
[2026-06-18T14:29:07.794+0800][0.455s][info][gc,task     ] GC(1) Using 1 Workers for Old Generation
[2026-06-18T14:29:07.798+0800][0.460s][info][gc,phases   ] GC(1) Y: Young Generation
[2026-06-18T14:29:07.799+0800][0.461s][info][gc,phases   ] GC(1) Y: Pause Mark Start (Major) 0.025ms
[2026-06-18T14:29:07.802+0800][0.464s][info][gc,phases   ] GC(1) Y: Concurrent Mark 1.083ms
[2026-06-18T14:29:07.803+0800][0.465s][info][gc,phases   ] GC(1) Y: Pause Mark End 0.019ms
[2026-06-18T14:29:07.805+0800][0.467s][info][gc,phases   ] GC(1) Y: Concurrent Mark Free 0.004ms
[2026-06-18T14:29:07.806+0800][0.468s][info][gc,phases   ] GC(1) Y: Concurrent Reset Relocation Set 0.002ms
[2026-06-18T14:29:07.808+0800][0.469s][info][gc,reloc    ] GC(1) Y: Using tenuring threshold: 2 (Computed)
[2026-06-18T14:29:07.809+0800][0.471s][info][gc,phases   ] GC(1) Y: Concurrent Select Relocation Set 1.520ms
[2026-06-18T14:29:07.813+0800][0.474s][info][gc,phases   ] GC(1) Y: Pause Relocate Start 0.013ms
[2026-06-18T14:29:07.814+0800][0.476s][info][gc,phases   ] GC(1) Y: Concurrent Relocate 0.803ms
[2026-06-18T14:29:07.815+0800][0.477s][info][gc,alloc    ] GC(1) Y:                         Mark Start        Mark End      Relocate Start    Relocate End   
[2026-06-18T14:29:07.818+0800][0.479s][info][gc,alloc    ] GC(1) Y: Allocation Stalls:          0                0                0                0         
[2026-06-18T14:29:07.819+0800][0.480s][info][gc,load     ] GC(1) Y: Load: 0.62 (3%) / 0.35 (1%) / 0.31 (1%)
[2026-06-18T14:29:07.819+0800][0.481s][info][gc,mmu      ] GC(1) Y: MMU: 2ms/98.8%, 5ms/99.1%, 10ms/99.6%, 20ms/99.7%, 50ms/99.9%, 100ms/99.9%
[2026-06-18T14:29:07.820+0800][0.482s][info][gc,marking  ] GC(1) Y: Mark: 2 stripe(s), 1 proactive flush(es), 1 terminate flush(es), 0 completion(s), 0 continuation(s) 
[2026-06-18T14:29:07.821+0800][0.483s][info][gc,nmethod  ] GC(1) Y: NMethods: 70 registered, 3 unregistered
[2026-06-18T14:29:07.822+0800][0.484s][info][gc,metaspace] GC(1) Y: Metaspace: 0M used, 0M committed, 1088M reserved
[2026-06-18T14:29:07.823+0800][0.485s][info][gc,reloc    ] GC(1) Y:                        Candidates     Selected     In-Place         Size        Empty    Relocated 
[2026-06-18T14:29:07.824+0800][0.486s][info][gc,reloc    ] GC(1) Y: Small Pages:                   48           12            0          96M          60M           4M 
[2026-06-18T14:29:07.825+0800][0.486s][info][gc,reloc    ] GC(1) Y: Medium Pages:                   2            0            0          16M           0M           0M 
[2026-06-18T14:29:07.826+0800][0.487s][info][gc,reloc    ] GC(1) Y: Large Pages:                    2            0            0           4M           0M           0M 
[2026-06-18T14:29:07.827+0800][0.488s][info][gc,reloc    ] GC(1) Y: Forwarding Usage: 0M
[2026-06-18T14:29:07.828+0800][0.489s][info][gc,reloc    ] GC(1) Y: Age Table:
[2026-06-18T14:29:07.829+0800][0.490s][info][gc,reloc    ] GC(1) Y:                    Live             Garbage             Small              Medium             Large        
[2026-06-18T14:29:07.830+0800][0.491s][info][gc,reloc    ] GC(1) Y: Eden              16M (7%)           83M (33%)         45 / 10             1 / 0              1 / 0        
[2026-06-18T14:29:07.831+0800][0.492s][info][gc,reloc    ] GC(1) Y: Survivor 1         5M (2%)           10M (4%)           3 / 2              1 / 0              1 / 0        
[2026-06-18T14:29:07.832+0800][0.493s][info][gc,heap     ] GC(1) Y: Min Capacity: 256M(100%)
[2026-06-18T14:29:07.833+0800][0.495s][info][gc,heap     ] GC(1) Y: Max Capacity: 256M(100%)
[2026-06-18T14:29:07.834+0800][0.496s][info][gc,heap     ] GC(1) Y: Soft Max Capacity: 256M(100%)
[2026-06-18T14:29:07.835+0800][0.496s][info][gc,heap     ] GC(1) Y: Heap Statistics:
[2026-06-18T14:29:07.835+0800][0.497s][info][gc,heap     ] GC(1) Y:                Mark Start          Mark End        Relocate Start      Relocate End           High               Low         
[2026-06-18T14:29:07.836+0800][0.498s][info][gc,heap     ] GC(1) Y:  Capacity:      256M (100%)        256M (100%)        256M (100%)        256M (100%)        256M (100%)        256M (100%)   
[2026-06-18T14:29:07.837+0800][0.498s][info][gc,heap     ] GC(1) Y:      Free:      140M (55%)         138M (54%)         196M (77%)         218M (85%)         218M (85%)         136M (53%)    
[2026-06-18T14:29:07.837+0800][0.499s][info][gc,heap     ] GC(1) Y:      Used:      116M (45%)         118M (46%)          60M (23%)          38M (15%)         120M (47%)          38M (15%)    
[2026-06-18T14:29:07.838+0800][0.499s][info][gc,heap     ] GC(1) Y: Young Generation Statistics:
[2026-06-18T14:29:07.838+0800][0.500s][info][gc,heap     ] GC(1) Y:                Mark Start          Mark End        Relocate Start      Relocate End    
[2026-06-18T14:29:07.839+0800][0.501s][info][gc,heap     ] GC(1) Y:      Used:      116M (45%)         118M (46%)          60M (23%)          38M (15%)    
[2026-06-18T14:29:07.840+0800][0.501s][info][gc,heap     ] GC(1) Y:      Live:         -                22M (9%)           22M (9%)           22M (9%)     
[2026-06-18T14:29:07.841+0800][0.502s][info][gc,heap     ] GC(1) Y:   Garbage:         -                93M (36%)          33M (13%)           7M (3%)     
[2026-06-18T14:29:07.841+0800][0.503s][info][gc,heap     ] GC(1) Y: Allocated:         -                 2M (1%)            4M (2%)            8M (3%)     
[2026-06-18T14:29:07.842+0800][0.503s][info][gc,heap     ] GC(1) Y: Reclaimed:         -                  -                60M (23%)          86M (34%)    
[2026-06-18T14:29:07.843+0800][0.504s][info][gc,heap     ] GC(1) Y:  Promoted:         -                  -                 0M (0%)            0M (0%)     
[2026-06-18T14:29:07.843+0800][0.505s][info][gc,heap     ] GC(1) Y: Compacted:         -                  -                  -                 7M (3%)     
[2026-06-18T14:29:07.845+0800][0.506s][info][gc,phases   ] GC(1) Y: Young Generation 116M(45%)->38M(15%) 0.017s
[2026-06-18T14:29:07.846+0800][0.507s][info][gc,phases   ] GC(1) O: Old Generation
[2026-06-18T14:29:07.847+0800][0.509s][info][gc,phases   ] GC(1) O: Concurrent Mark 0.329ms
[2026-06-18T14:29:07.848+0800][0.510s][info][gc,phases   ] GC(1) O: Pause Mark End 0.010ms
[2026-06-18T14:29:07.849+0800][0.511s][info][gc,phases   ] GC(1) O: Concurrent Mark Free 0.001ms
[2026-06-18T14:29:07.851+0800][0.512s][info][gc,phases   ] GC(1) O: Concurrent Process Non-Strong 0.463ms
[2026-06-18T14:29:07.852+0800][0.513s][info][gc,phases   ] GC(1) O: Concurrent Reset Relocation Set 0.000ms
[2026-06-18T14:29:07.853+0800][0.514s][info][gc,phases   ] GC(1) O: Concurrent Select Relocation Set 0.044ms
[2026-06-18T14:29:07.854+0800][0.515s][info][gc,task     ] GC(1) O: Using 2 Workers for Old Generation
[2026-06-18T14:29:07.854+0800][0.516s][info][gc,task     ] GC(1) O: Using 1 Workers for Old Generation
[2026-06-18T14:29:07.855+0800][0.517s][info][gc,phases   ] GC(1) O: Concurrent Remap Roots 1.681ms
[2026-06-18T14:29:07.856+0800][0.518s][info][gc,phases   ] GC(1) O: Pause Relocate Start 0.011ms
[2026-06-18T14:29:07.857+0800][0.518s][info][gc,phases   ] GC(1) O: Concurrent Relocate 0.069ms
[2026-06-18T14:29:07.858+0800][0.519s][info][gc,alloc    ] GC(1) O:                         Mark Start        Mark End      Relocate Start    Relocate End   
[2026-06-18T14:29:07.858+0800][0.520s][info][gc,alloc    ] GC(1) O: Allocation Stalls:          0                0                0                0         
[2026-06-18T14:29:07.859+0800][0.520s][info][gc,load     ] GC(1) O: Load: 0.62 (3%) / 0.35 (1%) / 0.31 (1%)
[2026-06-18T14:29:07.860+0800][0.521s][info][gc,mmu      ] GC(1) O: MMU: 2ms/98.8%, 5ms/99.1%, 10ms/99.6%, 20ms/99.7%, 50ms/99.9%, 100ms/99.9%
[2026-06-18T14:29:07.860+0800][0.522s][info][gc,marking  ] GC(1) O: Mark: 1 stripe(s), 1 proactive flush(es), 1 terminate flush(es), 0 completion(s), 0 continuation(s) 
[2026-06-18T14:29:07.861+0800][0.523s][info][gc,nmethod  ] GC(1) O: NMethods: 70 registered, 4 unregistered
[2026-06-18T14:29:07.862+0800][0.524s][info][gc,metaspace] GC(1) O: Metaspace: 0M used, 0M committed, 1088M reserved
[2026-06-18T14:29:07.863+0800][0.524s][info][gc,ref      ] GC(1) O:                       Encountered   Discovered     Enqueued 
[2026-06-18T14:29:07.863+0800][0.525s][info][gc,ref      ] GC(1) O: Soft References:                2            0            0 
[2026-06-18T14:29:07.864+0800][0.525s][info][gc,ref      ] GC(1) O: Weak References:                6            0            0 
[2026-06-18T14:29:07.864+0800][0.526s][info][gc,ref      ] GC(1) O: Final References:               0            0            0 
[2026-06-18T14:29:07.865+0800][0.526s][info][gc,ref      ] GC(1) O: Phantom References:             1            0            0 
[2026-06-18T14:29:07.865+0800][0.527s][info][gc,heap     ] GC(1) O: Min Capacity: 256M(100%)
[2026-06-18T14:29:07.866+0800][0.528s][info][gc,heap     ] GC(1) O: Max Capacity: 256M(100%)
[2026-06-18T14:29:07.867+0800][0.528s][info][gc,heap     ] GC(1) O: Soft Max Capacity: 256M(100%)
[2026-06-18T14:29:07.867+0800][0.529s][info][gc,heap     ] GC(1) O: Heap Statistics:
[2026-06-18T14:29:07.868+0800][0.530s][info][gc,heap     ] GC(1) O:                Mark Start          Mark End        Relocate Start      Relocate End           High               Low         
[2026-06-18T14:29:07.869+0800][0.531s][info][gc,heap     ] GC(1) O:  Capacity:      256M (100%)        256M (100%)        256M (100%)        256M (100%)        256M (100%)        256M (100%)   
[2026-06-18T14:29:07.870+0800][0.531s][info][gc,heap     ] GC(1) O:      Free:      140M (55%)         194M (76%)         194M (76%)         194M (76%)         218M (85%)         136M (53%)    
[2026-06-18T14:29:07.870+0800][0.532s][info][gc,heap     ] GC(1) O:      Used:      116M (45%)          62M (24%)          62M (24%)          62M (24%)         120M (47%)          38M (15%)    
[2026-06-18T14:29:07.871+0800][0.532s][info][gc,heap     ] GC(1) O: Old Generation Statistics:
[2026-06-18T14:29:07.872+0800][0.533s][info][gc,heap     ] GC(1) O:                Mark Start          Mark End        Relocate Start      Relocate End    
[2026-06-18T14:29:07.872+0800][0.534s][info][gc,heap     ] GC(1) O:      Used:        0M (0%)            0M (0%)            0M (0%)            0M (0%)     
[2026-06-18T14:29:07.873+0800][0.535s][info][gc,heap     ] GC(1) O:      Live:         -                 0M (0%)            0M (0%)            0M (0%)     
[2026-06-18T14:29:07.874+0800][0.536s][info][gc,heap     ] GC(1) O:   Garbage:         -                 0M (0%)            0M (0%)            0M (0%)     
[2026-06-18T14:29:07.875+0800][0.536s][info][gc,heap     ] GC(1) O: Allocated:         -                 0M (0%)            0M (0%)            0M (0%)     
[2026-06-18T14:29:07.876+0800][0.537s][info][gc,heap     ] GC(1) O: Reclaimed:         -                  -                 0M (0%)            0M (0%)     
[2026-06-18T14:29:07.876+0800][0.538s][info][gc,heap     ] GC(1) O: Compacted:         -                  -                  -                 0M (0%)     
[2026-06-18T14:29:07.877+0800][0.538s][info][gc,phases   ] GC(1) O: Old Generation 58M(23%)->62M(24%) 0.012s
[2026-06-18T14:29:07.877+0800][0.539s][info][gc          ] GC(1) Major Collection (Warmup) 112M(44%)->68M(27%) 0.087s
[2026-06-18T14:29:07.900+0800][0.561s][info][gc          ] GC(2) Major Collection (Warmup)
[2026-06-18T14:29:07.901+0800][0.562s][info][gc,task     ] GC(2) Using 2 Workers for Young Generation
[2026-06-18T14:29:07.901+0800][0.563s][info][gc,task     ] GC(2) Using 1 Workers for Old Generation
[2026-06-18T14:29:07.905+0800][0.566s][info][gc,phases   ] GC(2) Y: Young Generation
[2026-06-18T14:29:07.906+0800][0.567s][info][gc,phases   ] GC(2) Y: Pause Mark Start (Major) 0.016ms
[2026-06-18T14:29:07.908+0800][0.569s][info][gc,phases   ] GC(2) Y: Concurrent Mark 1.106ms
[2026-06-18T14:29:07.909+0800][0.570s][info][gc,phases   ] GC(2) Y: Pause Mark End 0.009ms
[2026-06-18T14:29:07.910+0800][0.572s][info][gc,phases   ] GC(2) Y: Concurrent Mark Free 0.002ms
[2026-06-18T14:29:07.911+0800][0.572s][info][gc,phases   ] GC(2) Y: Concurrent Reset Relocation Set 0.001ms
[2026-06-18T14:29:07.911+0800][0.573s][info][gc,reloc    ] GC(2) Y: Using tenuring threshold: 3 (Computed)
[2026-06-18T14:29:07.912+0800][0.574s][info][gc,phases   ] GC(2) Y: Concurrent Select Relocation Set 0.704ms
[2026-06-18T14:29:07.913+0800][0.574s][info][gc,phases   ] GC(2) Y: Pause Relocate Start 0.025ms
[2026-06-18T14:29:07.915+0800][0.576s][info][gc,phases   ] GC(2) Y: Concurrent Relocate 0.864ms
[2026-06-18T14:29:07.915+0800][0.577s][info][gc,alloc    ] GC(2) Y:                         Mark Start        Mark End      Relocate Start    Relocate End   
[2026-06-18T14:29:07.916+0800][0.578s][info][gc,alloc    ] GC(2) Y: Allocation Stalls:          0                0                0                0         
[2026-06-18T14:29:07.917+0800][0.579s][info][gc,load     ] GC(2) Y: Load: 0.62 (3%) / 0.35 (1%) / 0.31 (1%)
[2026-06-18T14:29:07.918+0800][0.579s][info][gc,mmu      ] GC(2) Y: MMU: 2ms/98.7%, 5ms/99.1%, 10ms/99.5%, 20ms/99.7%, 50ms/99.9%, 100ms/99.9%
[2026-06-18T14:29:07.918+0800][0.580s][info][gc,marking  ] GC(2) Y: Mark: 2 stripe(s), 1 proactive flush(es), 1 terminate flush(es), 0 completion(s), 0 continuation(s) 
[2026-06-18T14:29:07.919+0800][0.581s][info][gc,nmethod  ] GC(2) Y: NMethods: 70 registered, 4 unregistered
[2026-06-18T14:29:07.920+0800][0.581s][info][gc,metaspace] GC(2) Y: Metaspace: 0M used, 0M committed, 1088M reserved
[2026-06-18T14:29:07.920+0800][0.582s][info][gc,reloc    ] GC(2) Y:                        Candidates     Selected     In-Place         Size        Empty    Relocated 
[2026-06-18T14:29:07.921+0800][0.582s][info][gc,reloc    ] GC(2) Y: Small Pages:                   26            8            0          52M          28M           3M 
[2026-06-18T14:29:07.921+0800][0.583s][info][gc,reloc    ] GC(2) Y: Medium Pages:                   3            0            0          24M           8M           0M 
[2026-06-18T14:29:07.922+0800][0.584s][info][gc,reloc    ] GC(2) Y: Large Pages:                    2            0            0           4M           0M           0M 
[2026-06-18T14:29:07.923+0800][0.585s][info][gc,reloc    ] GC(2) Y: Forwarding Usage: 0M
[2026-06-18T14:29:07.924+0800][0.585s][info][gc,reloc    ] GC(2) Y: Age Table:
[2026-06-18T14:29:07.925+0800][0.586s][info][gc,reloc    ] GC(2) Y:                    Live             Garbage             Small              Medium             Large        
[2026-06-18T14:29:07.925+0800][0.587s][info][gc,reloc    ] GC(2) Y: Eden               6M (2%)           39M (16%)         19 / 4              1 / 0              0 / 0        
[2026-06-18T14:29:07.926+0800][0.587s][info][gc,reloc    ] GC(2) Y: Survivor 1        11M (5%)            8M (3%)           5 / 2              1 / 0              1 / 0        
[2026-06-18T14:29:07.927+0800][0.588s][info][gc,reloc    ] GC(2) Y: Survivor 2         2M (1%)           11M (4%)           2 / 2              1 / 0              1 / 0        
[2026-06-18T14:29:07.927+0800][0.589s][info][gc,heap     ] GC(2) Y: Min Capacity: 256M(100%)
[2026-06-18T14:29:07.928+0800][0.589s][info][gc,heap     ] GC(2) Y: Max Capacity: 256M(100%)
[2026-06-18T14:29:07.928+0800][0.590s][info][gc,heap     ] GC(2) Y: Soft Max Capacity: 256M(100%)
[2026-06-18T14:29:07.929+0800][0.591s][info][gc,heap     ] GC(2) Y: Heap Statistics:
[2026-06-18T14:29:07.930+0800][0.591s][info][gc,heap     ] GC(2) Y:                Mark Start          Mark End        Relocate Start      Relocate End           High               Low         
[2026-06-18T14:29:07.930+0800][0.592s][info][gc,heap     ] GC(2) Y:  Capacity:      256M (100%)        256M (100%)        256M (100%)        256M (100%)        256M (100%)        256M (100%)   
[2026-06-18T14:29:07.931+0800][0.593s][info][gc,heap     ] GC(2) Y:      Free:      176M (69%)         176M (69%)         208M (81%)         218M (85%)         218M (85%)         172M (67%)    
[2026-06-18T14:29:07.932+0800][0.593s][info][gc,heap     ] GC(2) Y:      Used:       80M (31%)          80M (31%)          48M (19%)          38M (15%)          84M (33%)          38M (15%)    
[2026-06-18T14:29:07.932+0800][0.594s][info][gc,heap     ] GC(2) Y: Young Generation Statistics:
[2026-06-18T14:29:07.933+0800][0.595s][info][gc,heap     ] GC(2) Y:                Mark Start          Mark End        Relocate Start      Relocate End    
[2026-06-18T14:29:07.934+0800][0.595s][info][gc,heap     ] GC(2) Y:      Used:       80M (31%)          80M (31%)          48M (19%)          38M (15%)    
[2026-06-18T14:29:07.934+0800][0.596s][info][gc,heap     ] GC(2) Y:      Live:         -                20M (8%)           20M (8%)           20M (8%)     
[2026-06-18T14:29:07.935+0800][0.597s][info][gc,heap     ] GC(2) Y:   Garbage:         -                59M (23%)          23M (9%)            6M (3%)     
[2026-06-18T14:29:07.936+0800][0.598s][info][gc,heap     ] GC(2) Y: Allocated:         -                 0M (0%)            4M (2%)           11M (4%)     
[2026-06-18T14:29:07.937+0800][0.598s][info][gc,heap     ] GC(2) Y: Reclaimed:         -                  -                36M (14%)          53M (21%)    
[2026-06-18T14:29:07.938+0800][0.599s][info][gc,heap     ] GC(2) Y:  Promoted:         -                  -                 0M (0%)            0M (0%)     
[2026-06-18T14:29:07.938+0800][0.600s][info][gc,heap     ] GC(2) Y: Compacted:         -                  -                  -                 6M (3%)     
[2026-06-18T14:29:07.939+0800][0.601s][info][gc,phases   ] GC(2) Y: Young Generation 80M(31%)->38M(15%) 0.011s
[2026-06-18T14:29:07.940+0800][0.601s][info][gc,phases   ] GC(2) O: Old Generation
[2026-06-18T14:29:07.941+0800][0.603s][info][gc,phases   ] GC(2) O: Concurrent Mark 0.322ms
[2026-06-18T14:29:07.942+0800][0.603s][info][gc,phases   ] GC(2) O: Pause Mark End 0.013ms
[2026-06-18T14:29:07.943+0800][0.604s][info][gc,phases   ] GC(2) O: Concurrent Mark Free 0.001ms
[2026-06-18T14:29:07.944+0800][0.605s][info][gc,phases   ] GC(2) O: Concurrent Process Non-Strong 0.351ms
[2026-06-18T14:29:07.944+0800][0.606s][info][gc,phases   ] GC(2) O: Concurrent Reset Relocation Set 0.001ms
[2026-06-18T14:29:07.945+0800][0.607s][info][gc,phases   ] GC(2) O: Concurrent Select Relocation Set 0.054ms
[2026-06-18T14:29:07.946+0800][0.607s][info][gc,task     ] GC(2) O: Using 2 Workers for Old Generation
[2026-06-18T14:29:07.947+0800][0.608s][info][gc,task     ] GC(2) O: Using 1 Workers for Old Generation
[2026-06-18T14:29:07.947+0800][0.609s][info][gc,phases   ] GC(2) O: Concurrent Remap Roots 1.534ms
[2026-06-18T14:29:07.948+0800][0.609s][info][gc,phases   ] GC(2) O: Pause Relocate Start 0.012ms
[2026-06-18T14:29:07.949+0800][0.610s][info][gc,phases   ] GC(2) O: Concurrent Relocate 0.070ms
[2026-06-18T14:29:07.949+0800][0.611s][info][gc,alloc    ] GC(2) O:                         Mark Start        Mark End      Relocate Start    Relocate End   
[2026-06-18T14:29:07.950+0800][0.611s][info][gc,alloc    ] GC(2) O: Allocation Stalls:          0                0                0                0         
[2026-06-18T14:29:07.950+0800][0.612s][info][gc,load     ] GC(2) O: Load: 0.62 (3%) / 0.35 (1%) / 0.31 (1%)
[2026-06-18T14:29:07.951+0800][0.612s][info][gc,mmu      ] GC(2) O: MMU: 2ms/98.7%, 5ms/99.1%, 10ms/99.5%, 20ms/99.7%, 50ms/99.8%, 100ms/99.9%
[2026-06-18T14:29:07.951+0800][0.613s][info][gc,marking  ] GC(2) O: Mark: 1 stripe(s), 1 proactive flush(es), 1 terminate flush(es), 0 completion(s), 0 continuation(s) 
[2026-06-18T14:29:07.952+0800][0.613s][info][gc,nmethod  ] GC(2) O: NMethods: 70 registered, 4 unregistered
[2026-06-18T14:29:07.952+0800][0.614s][info][gc,metaspace] GC(2) O: Metaspace: 0M used, 0M committed, 1088M reserved
[2026-06-18T14:29:07.953+0800][0.614s][info][gc,ref      ] GC(2) O:                       Encountered   Discovered     Enqueued 
[2026-06-18T14:29:07.953+0800][0.615s][info][gc,ref      ] GC(2) O: Soft References:                2            0            0 
[2026-06-18T14:29:07.954+0800][0.615s][info][gc,ref      ] GC(2) O: Weak References:                6            0            0 
[2026-06-18T14:29:07.955+0800][0.616s][info][gc,ref      ] GC(2) O: Final References:               0            0            0 
[2026-06-18T14:29:07.956+0800][0.617s][info][gc,ref      ] GC(2) O: Phantom References:             1            0            0 
[2026-06-18T14:29:07.956+0800][0.618s][info][gc,heap     ] GC(2) O: Min Capacity: 256M(100%)
[2026-06-18T14:29:07.957+0800][0.619s][info][gc,heap     ] GC(2) O: Max Capacity: 256M(100%)
[2026-06-18T14:29:07.958+0800][0.619s][info][gc,heap     ] GC(2) O: Soft Max Capacity: 256M(100%)
[2026-06-18T14:29:07.958+0800][0.620s][info][gc,heap     ] GC(2) O: Heap Statistics:
[2026-06-18T14:29:07.959+0800][0.621s][info][gc,heap     ] GC(2) O:                Mark Start          Mark End        Relocate Start      Relocate End           High               Low         
[2026-06-18T14:29:07.960+0800][0.622s][info][gc,heap     ] GC(2) O:  Capacity:      256M (100%)        256M (100%)        256M (100%)        256M (100%)        256M (100%)        256M (100%)   
[2026-06-18T14:29:07.961+0800][0.622s][info][gc,heap     ] GC(2) O:      Free:      176M (69%)         198M (77%)         198M (77%)         198M (77%)         218M (85%)         172M (67%)    
[2026-06-18T14:29:07.961+0800][0.622s][info][gc,heap     ] GC(2) O:      Used:       80M (31%)          58M (23%)          58M (23%)          58M (23%)          84M (33%)          38M (15%)    
[2026-06-18T14:29:07.962+0800][0.623s][info][gc,heap     ] GC(2) O: Old Generation Statistics:
[2026-06-18T14:29:07.962+0800][0.624s][info][gc,heap     ] GC(2) O:                Mark Start          Mark End        Relocate Start      Relocate End    
[2026-06-18T14:29:07.963+0800][0.624s][info][gc,heap     ] GC(2) O:      Used:        0M (0%)            0M (0%)            0M (0%)            0M (0%)     
[2026-06-18T14:29:07.964+0800][0.625s][info][gc,heap     ] GC(2) O:      Live:         -                 0M (0%)            0M (0%)            0M (0%)     
[2026-06-18T14:29:07.964+0800][0.626s][info][gc,heap     ] GC(2) O:   Garbage:         -                 0M (0%)            0M (0%)            0M (0%)     
[2026-06-18T14:29:07.965+0800][0.627s][info][gc,heap     ] GC(2) O: Allocated:         -                 0M (0%)            0M (0%)            0M (0%)     
[2026-06-18T14:29:07.966+0800][0.627s][info][gc,heap     ] GC(2) O: Reclaimed:         -                  -                 0M (0%)            0M (0%)     
[2026-06-18T14:29:07.966+0800][0.628s][info][gc,heap     ] GC(2) O: Compacted:         -                  -                  -                 0M (0%)     
[2026-06-18T14:29:07.967+0800][0.628s][info][gc,phases   ] GC(2) O: Old Generation 54M(21%)->58M(23%) 0.009s
[2026-06-18T14:29:07.967+0800][0.629s][info][gc          ] GC(2) Major Collection (Warmup) 78M(30%)->66M(26%) 0.067s
[2026-06-18T14:29:08.356+0800][1.018s][info][gc          ] GC(3) Minor Collection (Allocation Rate)
[2026-06-18T14:29:08.358+0800][1.020s][info][gc,task     ] GC(3) Using 1 Workers for Young Generation
[2026-06-18T14:29:08.359+0800][1.021s][info][gc,phases   ] GC(3) y: Young Generation
[2026-06-18T14:29:08.361+0800][1.023s][info][gc,phases   ] GC(3) y: Pause Mark Start 0.021ms
[2026-06-18T14:29:08.366+0800][1.027s][info][gc,phases   ] GC(3) y: Concurrent Mark 1.163ms
[2026-06-18T14:29:08.375+0800][1.036s][info][gc,phases   ] GC(3) y: Pause Mark End 0.014ms
[2026-06-18T14:29:08.376+0800][1.037s][info][gc,phases   ] GC(3) y: Concurrent Mark Free 0.003ms
[2026-06-18T14:29:08.377+0800][1.039s][info][gc,phases   ] GC(3) y: Concurrent Reset Relocation Set 0.002ms
[2026-06-18T14:29:08.379+0800][1.041s][info][gc,task     ] Adjusting Workers for Young Generation: 1 -> 2
[2026-06-18T14:29:08.382+0800][1.043s][info][gc,reloc    ] GC(3) y: Using tenuring threshold: 3 (Computed)
[2026-06-18T14:29:08.390+0800][1.051s][info][gc,phases   ] GC(3) y: Concurrent Select Relocation Set 8.057ms
[2026-06-18T14:29:08.393+0800][1.054s][info][gc,phases   ] GC(3) y: Pause Relocate Start 0.012ms
[2026-06-18T14:29:08.395+0800][1.056s][info][gc,phases   ] GC(3) y: Concurrent Relocate 1.312ms
[2026-06-18T14:29:08.396+0800][1.058s][info][gc,alloc    ] GC(3) y:                         Mark Start        Mark End      Relocate Start    Relocate End   
[2026-06-18T14:29:08.397+0800][1.059s][info][gc,alloc    ] GC(3) y: Allocation Stalls:          0                0                0                0         
[2026-06-18T14:29:08.398+0800][1.060s][info][gc,load     ] GC(3) y: Load: 0.62 (3%) / 0.35 (1%) / 0.31 (1%)
[2026-06-18T14:29:08.400+0800][1.062s][info][gc,mmu      ] GC(3) y: MMU: 2ms/98.7%, 5ms/99.1%, 10ms/99.5%, 20ms/99.7%, 50ms/99.8%, 100ms/99.9%
[2026-06-18T14:29:08.401+0800][1.062s][info][gc,marking  ] GC(3) y: Mark: 1 stripe(s), 1 proactive flush(es), 1 terminate flush(es), 0 completion(s), 0 continuation(s) 
[2026-06-18T14:29:08.402+0800][1.063s][info][gc,nmethod  ] GC(3) y: NMethods: 73 registered, 4 unregistered
[2026-06-18T14:29:08.403+0800][1.065s][info][gc,metaspace] GC(3) y: Metaspace: 0M used, 0M committed, 1088M reserved
[2026-06-18T14:29:08.404+0800][1.066s][info][gc,reloc    ] GC(3) y:                        Candidates     Selected     In-Place         Size        Empty    Relocated 
[2026-06-18T14:29:08.405+0800][1.067s][info][gc,reloc    ] GC(3) y: Small Pages:                   85           12            0         170M         140M           3M 
[2026-06-18T14:29:08.406+0800][1.068s][info][gc,reloc    ] GC(3) y: Medium Pages:                   5            2            0          40M           8M           2M 
[2026-06-18T14:29:08.413+0800][1.074s][info][gc,reloc    ] GC(3) y: Large Pages:                    3            0            0           6M           0M           0M 
[2026-06-18T14:29:08.417+0800][1.079s][info][gc,reloc    ] GC(3) y: Forwarding Usage: 0M
[2026-06-18T14:29:08.418+0800][1.080s][info][gc,reloc    ] GC(3) y: Age Table:
[2026-06-18T14:29:08.419+0800][1.081s][info][gc,reloc    ] GC(3) y:                    Live             Garbage             Small              Medium             Large        
[2026-06-18T14:29:08.421+0800][1.083s][info][gc,reloc    ] GC(3) y: Eden              16M (6%)          165M (65%)         78 / 10             3 / 1              1 / 0        
[2026-06-18T14:29:08.425+0800][1.086s][info][gc,reloc    ] GC(3) y: Survivor 1         0M (0%)           11M (4%)           2 / 0              1 / 1              0 / 0        
[2026-06-18T14:29:08.425+0800][1.087s][info][gc,reloc    ] GC(3) y: Survivor 2         2M (1%)           14M (5%)           3 / 0              1 / 0              1 / 0        
[2026-06-18T14:29:08.428+0800][1.089s][info][gc,reloc    ] GC(3) y: Survivor 3         2M (1%)            3M (1%)           2 / 2              0 / 0              1 / 0        
[2026-06-18T14:29:08.430+0800][1.092s][info][gc,heap     ] GC(3) y: Min Capacity: 256M(100%)
[2026-06-18T14:29:08.433+0800][1.095s][info][gc,heap     ] GC(3) y: Max Capacity: 256M(100%)
[2026-06-18T14:29:08.434+0800][1.095s][info][gc,heap     ] GC(3) y: Soft Max Capacity: 256M(100%)
[2026-06-18T14:29:08.435+0800][1.097s][info][gc,heap     ] GC(3) y: Heap Statistics:
[2026-06-18T14:29:08.440+0800][1.102s][info][gc,heap     ] GC(3) y:                Mark Start          Mark End        Relocate Start      Relocate End           High               Low         
[2026-06-18T14:29:08.441+0800][1.102s][info][gc,heap     ] GC(3) y:  Capacity:      256M (100%)        256M (100%)        256M (100%)        256M (100%)        256M (100%)        256M (100%)   
[2026-06-18T14:29:08.447+0800][1.109s][info][gc,heap     ] GC(3) y:      Free:       40M (16%)          36M (14%)         168M (66%)         196M (77%)         196M (77%)          22M (9%)     
[2026-06-18T14:29:08.448+0800][1.109s][info][gc,heap     ] GC(3) y:      Used:      216M (84%)         220M (86%)          88M (34%)          60M (23%)         234M (91%)          60M (23%)    
[2026-06-18T14:29:08.448+0800][1.110s][info][gc,heap     ] GC(3) y: Young Generation Statistics:
[2026-06-18T14:29:08.455+0800][1.117s][info][gc,heap     ] GC(3) y:                Mark Start          Mark End        Relocate Start      Relocate End    
[2026-06-18T14:29:08.460+0800][1.121s][info][gc,heap     ] GC(3) y:      Used:      216M (84%)         220M (86%)          86M (34%)          56M (22%)    
[2026-06-18T14:29:08.466+0800][1.127s][info][gc,heap     ] GC(3) y:      Live:         -                21M (8%)           19M (8%)           19M (7%)     
[2026-06-18T14:29:08.475+0800][1.137s][info][gc,heap     ] GC(3) y:   Garbage:         -               194M (76%)          46M (18%)           0M (0%)     
[2026-06-18T14:29:08.477+0800][1.139s][info][gc,heap     ] GC(3) y: Allocated:         -                 4M (2%)           20M (8%)           36M (14%)    
[2026-06-18T14:29:08.479+0800][1.140s][info][gc,heap     ] GC(3) y: Reclaimed:         -                  -               148M (58%)         193M (76%)    
[2026-06-18T14:29:08.483+0800][1.144s][info][gc,heap     ] GC(3) y:  Promoted:         -                  -                 2M (1%)            2M (1%)     
[2026-06-18T14:29:08.487+0800][1.148s][info][gc,heap     ] GC(3) y: Compacted:         -                  -                  -                 7M (3%)     
[2026-06-18T14:29:08.491+0800][1.152s][info][gc,phases   ] GC(3) y: Young Generation 216M(84%)->60M(23%) 0.037s
[2026-06-18T14:29:08.493+0800][1.154s][info][gc          ] GC(3) Minor Collection (Allocation Rate) 214M(84%)->94M(37%) 0.136s
[2026-06-18T14:29:08.741+0800][1.402s][info][gc          ] GC(4) Minor Collection (Allocation Rate)
[2026-06-18T14:29:08.749+0800][1.410s][info][gc,task     ] GC(4) Using 1 Workers for Young Generation
[2026-06-18T14:29:08.752+0800][1.413s][info][gc,phases   ] GC(4) y: Young Generation
[2026-06-18T14:29:08.757+0800][1.418s][info][gc,phases   ] GC(4) y: Pause Mark Start 0.016ms
[2026-06-18T14:29:08.761+0800][1.423s][info][gc,phases   ] GC(4) y: Concurrent Mark 0.830ms
[2026-06-18T14:29:08.763+0800][1.424s][info][gc,phases   ] GC(4) y: Pause Mark End 0.012ms
[2026-06-18T14:29:08.765+0800][1.427s][info][gc,phases   ] GC(4) y: Concurrent Mark Free 0.002ms
[2026-06-18T14:29:08.770+0800][1.431s][info][gc,phases   ] GC(4) y: Concurrent Reset Relocation Set 0.005ms
[2026-06-18T14:29:08.778+0800][1.440s][info][gc,reloc    ] GC(4) y: Using tenuring threshold: 4 (Computed)
[2026-06-18T14:29:08.779+0800][1.441s][info][gc,phases   ] GC(4) y: Concurrent Select Relocation Set 1.311ms
[2026-06-18T14:29:08.787+0800][1.449s][info][gc,phases   ] GC(4) y: Pause Relocate Start 0.013ms
[2026-06-18T14:29:08.790+0800][1.452s][info][gc,phases   ] GC(4) y: Concurrent Relocate 1.342ms
[2026-06-18T14:29:08.794+0800][1.455s][info][gc,alloc    ] GC(4) y:                         Mark Start        Mark End      Relocate Start    Relocate End   
[2026-06-18T14:29:08.797+0800][1.459s][info][gc,alloc    ] GC(4) y: Allocation Stalls:          0                0                0                0         
[2026-06-18T14:29:08.798+0800][1.460s][info][gc,load     ] GC(4) y: Load: 0.62 (3%) / 0.35 (1%) / 0.31 (1%)
[2026-06-18T14:29:08.804+0800][1.466s][info][gc,mmu      ] GC(4) y: MMU: 2ms/98.7%, 5ms/99.1%, 10ms/99.5%, 20ms/99.7%, 50ms/99.8%, 100ms/99.9%
[2026-06-18T14:29:08.805+0800][1.467s][info][gc,marking  ] GC(4) y: Mark: 1 stripe(s), 1 proactive flush(es), 1 terminate flush(es), 0 completion(s), 0 continuation(s) 
[2026-06-18T14:29:08.806+0800][1.468s][info][gc,nmethod  ] GC(4) y: NMethods: 77 registered, 4 unregistered
[2026-06-18T14:29:08.810+0800][1.471s][info][gc,metaspace] GC(4) y: Metaspace: 0M used, 0M committed, 1088M reserved
[2026-06-18T14:29:08.812+0800][1.473s][info][gc,reloc    ] GC(4) y:                        Candidates     Selected     In-Place         Size        Empty    Relocated 
[2026-06-18T14:29:08.813+0800][1.474s][info][gc,reloc    ] GC(4) y: Small Pages:                   71           12            0         142M         110M           3M 
[2026-06-18T14:29:08.813+0800][1.475s][info][gc,reloc    ] GC(4) y: Medium Pages:                   5            2            0          40M           8M           5M 
[2026-06-18T14:29:08.815+0800][1.477s][info][gc,reloc    ] GC(4) y: Large Pages:                    3            0            0           6M           0M           0M 
[2026-06-18T14:29:08.817+0800][1.478s][info][gc,reloc    ] GC(4) y: Forwarding Usage: 0M
[2026-06-18T14:29:08.818+0800][1.479s][info][gc,reloc    ] GC(4) y: Age Table:
[2026-06-18T14:29:08.821+0800][1.483s][info][gc,reloc    ] GC(4) y:                    Live             Garbage             Small              Medium             Large        
[2026-06-18T14:29:08.823+0800][1.485s][info][gc,reloc    ] GC(4) y: Eden              19M (8%)          132M (52%)         67 / 11             2 / 1              1 / 0        
[2026-06-18T14:29:08.825+0800][1.486s][info][gc,reloc    ] GC(4) y: Survivor 1         2M (1%)           21M (8%)           3 / 1              2 / 0              1 / 0        
[2026-06-18T14:29:08.826+0800][1.488s][info][gc,reloc    ] GC(4) y: Survivor 2         0M (0%)            9M (4%)           1 / 0              1 / 1              0 / 0        
[2026-06-18T14:29:08.828+0800][1.489s][info][gc,reloc    ] GC(4) y: Survivor 3         2M (1%)            0M (0%)           0 / 0              0 / 0              1 / 0        
[2026-06-18T14:29:08.829+0800][1.490s][info][gc,heap     ] GC(4) y: Min Capacity: 256M(100%)
[2026-06-18T14:29:08.830+0800][1.492s][info][gc,heap     ] GC(4) y: Max Capacity: 256M(100%)
[2026-06-18T14:29:08.835+0800][1.496s][info][gc,heap     ] GC(4) y: Soft Max Capacity: 256M(100%)
[2026-06-18T14:29:08.837+0800][1.499s][info][gc,heap     ] GC(4) y: Heap Statistics:
[2026-06-18T14:29:08.839+0800][1.501s][info][gc,heap     ] GC(4) y:                Mark Start          Mark End        Relocate Start      Relocate End           High               Low         
[2026-06-18T14:29:08.841+0800][1.503s][info][gc,heap     ] GC(4) y:  Capacity:      256M (100%)        256M (100%)        256M (100%)        256M (100%)        256M (100%)        256M (100%)   
[2026-06-18T14:29:08.842+0800][1.504s][info][gc,heap     ] GC(4) y:      Free:       64M (25%)          52M (20%)         162M (63%)         182M (71%)         182M (71%)          48M (19%)    
[2026-06-18T14:29:08.847+0800][1.509s][info][gc,heap     ] GC(4) y:      Used:      192M (75%)         204M (80%)          94M (37%)          74M (29%)         208M (81%)          74M (29%)    
[2026-06-18T14:29:08.848+0800][1.510s][info][gc,heap     ] GC(4) y: Young Generation Statistics:
[2026-06-18T14:29:08.850+0800][1.511s][info][gc,heap     ] GC(4) y:                Mark Start          Mark End        Relocate Start      Relocate End    
[2026-06-18T14:29:08.850+0800][1.512s][info][gc,heap     ] GC(4) y:      Used:      188M (73%)         200M (78%)          90M (35%)          70M (27%)    
[2026-06-18T14:29:08.852+0800][1.513s][info][gc,heap     ] GC(4) y:      Live:         -                25M (10%)          25M (10%)          25M (10%)    
[2026-06-18T14:29:08.853+0800][1.514s][info][gc,heap     ] GC(4) y:   Garbage:         -               162M (64%)          44M (18%)           2M (1%)     
[2026-06-18T14:29:08.854+0800][1.515s][info][gc,heap     ] GC(4) y: Allocated:         -                12M (5%)           20M (8%)           42M (17%)    
[2026-06-18T14:29:08.855+0800][1.516s][info][gc,heap     ] GC(4) y: Reclaimed:         -                  -               118M (46%)         160M (63%)    
[2026-06-18T14:29:08.856+0800][1.517s][info][gc,heap     ] GC(4) y:  Promoted:         -                  -                 0M (0%)            0M (0%)     
[2026-06-18T14:29:08.856+0800][1.518s][info][gc,heap     ] GC(4) y: Compacted:         -                  -                  -                11M (5%)     
[2026-06-18T14:29:08.857+0800][1.519s][info][gc,phases   ] GC(4) y: Young Generation 192M(75%)->74M(29%) 0.042s
[2026-06-18T14:29:08.858+0800][1.520s][info][gc          ] GC(4) Minor Collection (Allocation Rate) 190M(74%)->100M(39%) 0.118s
[2026-06-18T14:29:09.097+0800][1.759s][info][gc          ] GC(5) Minor Collection (Allocation Rate)
[2026-06-18T14:29:09.098+0800][1.760s][info][gc,task     ] GC(5) Using 1 Workers for Young Generation
[2026-06-18T14:29:09.099+0800][1.760s][info][gc,phases   ] GC(5) y: Young Generation
[2026-06-18T14:29:09.100+0800][1.761s][info][gc,phases   ] GC(5) y: Pause Mark Start 0.015ms
[2026-06-18T14:29:09.102+0800][1.763s][info][gc,phases   ] GC(5) y: Concurrent Mark 0.686ms
[2026-06-18T14:29:09.102+0800][1.764s][info][gc,phases   ] GC(5) y: Pause Mark End 0.009ms
[2026-06-18T14:29:09.103+0800][1.765s][info][gc,phases   ] GC(5) y: Concurrent Mark Free 0.001ms
[2026-06-18T14:29:09.104+0800][1.765s][info][gc,phases   ] GC(5) y: Concurrent Reset Relocation Set 0.002ms
[2026-06-18T14:29:09.104+0800][1.766s][info][gc,reloc    ] GC(5) y: Using tenuring threshold: 3 (Computed)
[2026-06-18T14:29:09.106+0800][1.768s][info][gc,phases   ] GC(5) y: Concurrent Select Relocation Set 1.674ms
[2026-06-18T14:29:09.107+0800][1.769s][info][gc,phases   ] GC(5) y: Pause Relocate Start 0.014ms
[2026-06-18T14:29:09.110+0800][1.771s][info][gc,phases   ] GC(5) y: Concurrent Relocate 1.238ms
[2026-06-18T14:29:09.111+0800][1.772s][info][gc,alloc    ] GC(5) y:                         Mark Start        Mark End      Relocate Start    Relocate End   
[2026-06-18T14:29:09.111+0800][1.773s][info][gc,alloc    ] GC(5) y: Allocation Stalls:          0                0                0                0         
[2026-06-18T14:29:09.112+0800][1.773s][info][gc,load     ] GC(5) y: Load: 0.62 (3%) / 0.35 (1%) / 0.31 (1%)
[2026-06-18T14:29:09.113+0800][1.774s][info][gc,mmu      ] GC(5) y: MMU: 2ms/98.7%, 5ms/99.1%, 10ms/99.5%, 20ms/99.7%, 50ms/99.8%, 100ms/99.9%
[2026-06-18T14:29:09.113+0800][1.775s][info][gc,marking  ] GC(5) y: Mark: 1 stripe(s), 1 proactive flush(es), 1 terminate flush(es), 0 completion(s), 0 continuation(s) 
[2026-06-18T14:29:09.114+0800][1.775s][info][gc,nmethod  ] GC(5) y: NMethods: 79 registered, 4 unregistered
[2026-06-18T14:29:09.115+0800][1.776s][info][gc,metaspace] GC(5) y: Metaspace: 0M used, 0M committed, 1088M reserved
[2026-06-18T14:29:09.115+0800][1.777s][info][gc,reloc    ] GC(5) y:                        Candidates     Selected     In-Place         Size        Empty    Relocated 
[2026-06-18T14:29:09.116+0800][1.777s][info][gc,reloc    ] GC(5) y: Small Pages:                   67           14            0         134M          96M           4M 
[2026-06-18T14:29:09.117+0800][1.778s][info][gc,reloc    ] GC(5) y: Medium Pages:                   6            2            0          48M           8M           1M 
[2026-06-18T14:29:09.118+0800][1.779s][info][gc,reloc    ] GC(5) y: Large Pages:                    3            0            0           6M           0M           0M 
[2026-06-18T14:29:09.118+0800][1.780s][info][gc,reloc    ] GC(5) y: Forwarding Usage: 0M
[2026-06-18T14:29:09.119+0800][1.781s][info][gc,reloc    ] GC(5) y: Age Table:
[2026-06-18T14:29:09.120+0800][1.781s][info][gc,reloc    ] GC(5) y:                    Live             Garbage             Small              Medium             Large        
[2026-06-18T14:29:09.120+0800][1.782s][info][gc,reloc    ] GC(5) y: Eden              20M (8%)          117M (46%)         61 / 13             2 / 0              0 / 0        
[2026-06-18T14:29:09.121+0800][1.782s][info][gc,reloc    ] GC(5) y: Survivor 1         2M (1%)           23M (9%)           4 / 0              2 / 0              1 / 0        
[2026-06-18T14:29:09.121+0800][1.783s][info][gc,reloc    ] GC(5) y: Survivor 2         2M (1%)            9M (4%)           1 / 0              1 / 1              1 / 0        
[2026-06-18T14:29:09.122+0800][1.784s][info][gc,reloc    ] GC(5) y: Survivor 3         0M (0%)            9M (4%)           1 / 1              1 / 1              0 / 0        
[2026-06-18T14:29:09.123+0800][1.784s][info][gc,reloc    ] GC(5) y: Survivor 4         2M (1%)            0M (0%)           0 / 0              0 / 0              1 / 0        
[2026-06-18T14:29:09.124+0800][1.785s][info][gc,heap     ] GC(5) y: Min Capacity: 256M(100%)
[2026-06-18T14:29:09.124+0800][1.786s][info][gc,heap     ] GC(5) y: Max Capacity: 256M(100%)
[2026-06-18T14:29:09.125+0800][1.787s][info][gc,heap     ] GC(5) y: Soft Max Capacity: 256M(100%)
[2026-06-18T14:29:09.126+0800][1.787s][info][gc,heap     ] GC(5) y: Heap Statistics:
[2026-06-18T14:29:09.126+0800][1.788s][info][gc,heap     ] GC(5) y:                Mark Start          Mark End        Relocate Start      Relocate End           High               Low         
[2026-06-18T14:29:09.129+0800][1.790s][info][gc,heap     ] GC(5) y:  Capacity:      256M (100%)        256M (100%)        256M (100%)        256M (100%)        256M (100%)        256M (100%)   
[2026-06-18T14:29:09.129+0800][1.791s][info][gc,heap     ] GC(5) y:      Free:       64M (25%)          64M (25%)         166M (65%)         174M (68%)         174M (68%)          64M (25%)    
[2026-06-18T14:29:09.130+0800][1.792s][info][gc,heap     ] GC(5) y:      Used:      192M (75%)         192M (75%)          90M (35%)          82M (32%)         192M (75%)          82M (32%)    
[2026-06-18T14:29:09.131+0800][1.792s][info][gc,heap     ] GC(5) y: Young Generation Statistics:
[2026-06-18T14:29:09.131+0800][1.793s][info][gc,heap     ] GC(5) y:                Mark Start          Mark End        Relocate Start      Relocate End    
[2026-06-18T14:29:09.132+0800][1.793s][info][gc,heap     ] GC(5) y:      Used:      188M (73%)         188M (73%)          84M (33%)          64M (25%)    
[2026-06-18T14:29:09.132+0800][1.794s][info][gc,heap     ] GC(5) y:      Live:         -                29M (11%)          27M (11%)          26M (10%)    
[2026-06-18T14:29:09.133+0800][1.795s][info][gc,heap     ] GC(5) y:   Garbage:         -               158M (62%)          54M (21%)           3M (1%)     
[2026-06-18T14:29:09.134+0800][1.795s][info][gc,heap     ] GC(5) y: Allocated:         -                 0M (0%)            2M (1%)           33M (13%)    
[2026-06-18T14:29:09.134+0800][1.796s][info][gc,heap     ] GC(5) y: Reclaimed:         -                  -               104M (41%)         154M (61%)    
[2026-06-18T14:29:09.135+0800][1.796s][info][gc,heap     ] GC(5) y:  Promoted:         -                  -                 2M (1%)            2M (1%)     
[2026-06-18T14:29:09.136+0800][1.797s][info][gc,heap     ] GC(5) y: Compacted:         -                  -                  -                 8M (3%)     
[2026-06-18T14:29:09.136+0800][1.798s][info][gc,phases   ] GC(5) y: Young Generation 192M(75%)->82M(32%) 0.012s
[2026-06-18T14:29:09.137+0800][1.798s][info][gc          ] GC(5) Minor Collection (Allocation Rate) 192M(75%)->88M(34%) 0.040s
[2026-06-18T14:29:09.183+0800][1.844s][info][gc          ] GC(6) Major Collection (System.gc())
[2026-06-18T14:29:09.184+0800][1.845s][info][gc,task     ] GC(6) Using 2 Workers for Young Generation
[2026-06-18T14:29:09.185+0800][1.846s][info][gc,task     ] GC(6) Using 2 Workers for Old Generation
[2026-06-18T14:29:09.186+0800][1.847s][info][gc,phases   ] GC(6) Y: Young Generation (Promote All)
[2026-06-18T14:29:09.187+0800][1.848s][info][gc,phases   ] GC(6) Y: Pause Mark Start 0.017ms
[2026-06-18T14:29:09.188+0800][1.850s][info][gc,phases   ] GC(6) Y: Concurrent Mark 0.492ms
[2026-06-18T14:29:09.189+0800][1.851s][info][gc,phases   ] GC(6) Y: Pause Mark End 0.009ms
[2026-06-18T14:29:09.190+0800][1.851s][info][gc,phases   ] GC(6) Y: Concurrent Mark Free 0.001ms
[2026-06-18T14:29:09.191+0800][1.853s][info][gc,phases   ] GC(6) Y: Concurrent Reset Relocation Set 0.005ms
[2026-06-18T14:29:09.192+0800][1.854s][info][gc,reloc    ] GC(6) Y: Using tenuring threshold: 0 (Promote All)
[2026-06-18T14:29:09.193+0800][1.855s][info][gc,phases   ] GC(6) Y: Concurrent Select Relocation Set 1.506ms
[2026-06-18T14:29:09.195+0800][1.856s][info][gc,phases   ] GC(6) Y: Pause Relocate Start 0.012ms
[2026-06-18T14:29:09.196+0800][1.858s][info][gc,phases   ] GC(6) Y: Concurrent Relocate 0.818ms
[2026-06-18T14:29:09.197+0800][1.859s][info][gc,alloc    ] GC(6) Y:                         Mark Start        Mark End      Relocate Start    Relocate End   
[2026-06-18T14:29:09.198+0800][1.860s][info][gc,alloc    ] GC(6) Y: Allocation Stalls:          0                0                0                0         
[2026-06-18T14:29:09.199+0800][1.861s][info][gc,load     ] GC(6) Y: Load: 0.62 (3%) / 0.35 (1%) / 0.31 (1%)
[2026-06-18T14:29:09.200+0800][1.862s][info][gc,mmu      ] GC(6) Y: MMU: 2ms/98.7%, 5ms/99.1%, 10ms/99.5%, 20ms/99.7%, 50ms/99.8%, 100ms/99.9%
[2026-06-18T14:29:09.201+0800][1.863s][info][gc,marking  ] GC(6) Y: Mark: 2 stripe(s), 1 proactive flush(es), 1 terminate flush(es), 0 completion(s), 0 continuation(s) 
[2026-06-18T14:29:09.202+0800][1.864s][info][gc,nmethod  ] GC(6) Y: NMethods: 79 registered, 4 unregistered
[2026-06-18T14:29:09.203+0800][1.865s][info][gc,metaspace] GC(6) Y: Metaspace: 0M used, 0M committed, 1088M reserved
[2026-06-18T14:29:09.204+0800][1.865s][info][gc,reloc    ] GC(6) Y:                        Candidates     Selected     In-Place         Size        Empty    Relocated 
[2026-06-18T14:29:09.204+0800][1.866s][info][gc,reloc    ] GC(6) Y: Small Pages:                   23            7            0          46M          24M           1M 
[2026-06-18T14:29:09.205+0800][1.866s][info][gc,reloc    ] GC(6) Y: Medium Pages:                   5            3            0          40M           0M           5M 
[2026-06-18T14:29:09.206+0800][1.867s][info][gc,reloc    ] GC(6) Y: Large Pages:                    3            0            0           6M           0M           0M 
[2026-06-18T14:29:09.206+0800][1.868s][info][gc,reloc    ] GC(6) Y: Forwarding Usage: 0M
[2026-06-18T14:29:09.207+0800][1.868s][info][gc,reloc    ] GC(6) Y: Age Table:
[2026-06-18T14:29:09.208+0800][1.869s][info][gc,reloc    ] GC(6) Y:                    Live             Garbage             Small              Medium             Large        
[2026-06-18T14:29:09.208+0800][1.870s][info][gc,reloc    ] GC(6) Y: Eden               7M (3%)           34M (14%)         16 / 6              1 / 1              1 / 0        
[2026-06-18T14:29:09.209+0800][1.871s][info][gc,reloc    ] GC(6) Y: Survivor 1        11M (4%)           16M (6%)           6 / 0              2 / 1              0 / 0        
[2026-06-18T14:29:09.210+0800][1.871s][info][gc,reloc    ] GC(6) Y: Survivor 2         2M (1%)            7M (3%)           0 / 0              1 / 0              1 / 0        
[2026-06-18T14:29:09.211+0800][1.872s][info][gc,reloc    ] GC(6) Y: Survivor 3         2M (1%)            9M (4%)           1 / 1              1 / 1              1 / 0        
[2026-06-18T14:29:09.211+0800][1.873s][info][gc,heap     ] GC(6) Y: Min Capacity: 256M(100%)
[2026-06-18T14:29:09.212+0800][1.873s][info][gc,heap     ] GC(6) Y: Max Capacity: 256M(100%)
[2026-06-18T14:29:09.212+0800][1.874s][info][gc,heap     ] GC(6) Y: Soft Max Capacity: 256M(100%)
[2026-06-18T14:29:09.213+0800][1.874s][info][gc,heap     ] GC(6) Y: Heap Statistics:
[2026-06-18T14:29:09.214+0800][1.875s][info][gc,heap     ] GC(6) Y:                Mark Start          Mark End        Relocate Start      Relocate End           High               Low         
[2026-06-18T14:29:09.214+0800][1.876s][info][gc,heap     ] GC(6) Y:  Capacity:      256M (100%)        256M (100%)        256M (100%)        256M (100%)        256M (100%)        256M (100%)   
[2026-06-18T14:29:09.215+0800][1.876s][info][gc,heap     ] GC(6) Y:      Free:      146M (57%)         146M (57%)         170M (66%)         208M (81%)         208M (81%)         146M (57%)    
[2026-06-18T14:29:09.216+0800][1.877s][info][gc,heap     ] GC(6) Y:      Used:      110M (43%)         110M (43%)          86M (34%)          48M (19%)         110M (43%)          48M (19%)    
[2026-06-18T14:29:09.216+0800][1.878s][info][gc,heap     ] GC(6) Y: Young Generation Statistics:
[2026-06-18T14:29:09.217+0800][1.878s][info][gc,heap     ] GC(6) Y:                Mark Start          Mark End        Relocate Start      Relocate End    
[2026-06-18T14:29:09.217+0800][1.879s][info][gc,heap     ] GC(6) Y:      Used:       92M (36%)          92M (36%)          50M (20%)           0M (0%)     
[2026-06-18T14:29:09.218+0800][1.879s][info][gc,heap     ] GC(6) Y:      Live:         -                24M (9%)            8M (3%)            0M (0%)     
[2026-06-18T14:29:09.219+0800][1.880s][info][gc,heap     ] GC(6) Y:   Garbage:         -                67M (26%)          41M (16%)           0M (0%)     
[2026-06-18T14:29:09.219+0800][1.881s][info][gc,heap     ] GC(6) Y: Allocated:         -                 0M (0%)            0M (0%)            0M (0%)     
[2026-06-18T14:29:09.220+0800][1.882s][info][gc,heap     ] GC(6) Y: Reclaimed:         -                  -                26M (10%)          67M (26%)    
[2026-06-18T14:29:09.221+0800][1.883s][info][gc,heap     ] GC(6) Y:  Promoted:         -                  -                15M (6%)           24M (9%)     
[2026-06-18T14:29:09.222+0800][1.883s][info][gc,heap     ] GC(6) Y: Compacted:         -                  -                  -                 0M (0%)     
[2026-06-18T14:29:09.223+0800][1.884s][info][gc,phases   ] GC(6) Y: Young Generation (Promote All) 110M(43%)->48M(19%) 0.012s
[2026-06-18T14:29:09.223+0800][1.885s][info][gc,phases   ] GC(6) Y: Young Generation (Collect Roots)
[2026-06-18T14:29:09.224+0800][1.885s][info][gc,phases   ] GC(6) Y: Pause Mark Start (Major) 0.014ms
[2026-06-18T14:29:09.225+0800][1.887s][info][gc,phases   ] GC(6) Y: Concurrent Mark 0.398ms
[2026-06-18T14:29:09.227+0800][1.888s][info][gc,phases   ] GC(6) Y: Pause Mark End 0.011ms
[2026-06-18T14:29:09.228+0800][1.889s][info][gc,phases   ] GC(6) Y: Concurrent Mark Free 0.001ms
[2026-06-18T14:29:09.228+0800][1.890s][info][gc,phases   ] GC(6) Y: Concurrent Reset Relocation Set 0.006ms
[2026-06-18T14:29:09.229+0800][1.891s][info][gc,reloc    ] GC(6) Y: Using tenuring threshold: 0 (Computed)
[2026-06-18T14:29:09.230+0800][1.892s][info][gc,phases   ] GC(6) Y: Concurrent Select Relocation Set 0.943ms
[2026-06-18T14:29:09.231+0800][1.892s][info][gc,phases   ] GC(6) Y: Pause Relocate Start 0.009ms
[2026-06-18T14:29:09.232+0800][1.893s][info][gc,phases   ] GC(6) Y: Concurrent Relocate 0.097ms
[2026-06-18T14:29:09.233+0800][1.894s][info][gc,alloc    ] GC(6) Y:                         Mark Start        Mark End      Relocate Start    Relocate End   
[2026-06-18T14:29:09.233+0800][1.895s][info][gc,alloc    ] GC(6) Y: Allocation Stalls:          0                0                0                0         
[2026-06-18T14:29:09.234+0800][1.895s][info][gc,load     ] GC(6) Y: Load: 0.62 (3%) / 0.35 (1%) / 0.31 (1%)
[2026-06-18T14:29:09.235+0800][1.896s][info][gc,mmu      ] GC(6) Y: MMU: 2ms/98.7%, 5ms/99.1%, 10ms/99.5%, 20ms/99.7%, 50ms/99.8%, 100ms/99.9%
[2026-06-18T14:29:09.235+0800][1.897s][info][gc,marking  ] GC(6) Y: Mark: 2 stripe(s), 1 proactive flush(es), 1 terminate flush(es), 0 completion(s), 0 continuation(s) 
[2026-06-18T14:29:09.236+0800][1.898s][info][gc,nmethod  ] GC(6) Y: NMethods: 79 registered, 4 unregistered
[2026-06-18T14:29:09.237+0800][1.898s][info][gc,metaspace] GC(6) Y: Metaspace: 0M used, 0M committed, 1088M reserved
[2026-06-18T14:29:09.237+0800][1.899s][info][gc,heap     ] GC(6) Y: Min Capacity: 256M(100%)
[2026-06-18T14:29:09.238+0800][1.899s][info][gc,heap     ] GC(6) Y: Max Capacity: 256M(100%)
[2026-06-18T14:29:09.247+0800][1.909s][info][gc,heap     ] GC(6) Y: Soft Max Capacity: 256M(100%)
[2026-06-18T14:29:09.248+0800][1.909s][info][gc,heap     ] GC(6) Y: Heap Statistics:
[2026-06-18T14:29:09.248+0800][1.910s][info][gc,heap     ] GC(6) Y:                Mark Start          Mark End        Relocate Start      Relocate End           High               Low         
[2026-06-18T14:29:09.249+0800][1.911s][info][gc,heap     ] GC(6) Y:  Capacity:      256M (100%)        256M (100%)        256M (100%)        256M (100%)        256M (100%)        256M (100%)   
[2026-06-18T14:29:09.249+0800][1.911s][info][gc,heap     ] GC(6) Y:      Free:      208M (81%)         208M (81%)         208M (81%)         208M (81%)         208M (81%)         208M (81%)    
[2026-06-18T14:29:09.250+0800][1.912s][info][gc,heap     ] GC(6) Y:      Used:       48M (19%)          48M (19%)          48M (19%)          48M (19%)          48M (19%)          48M (19%)    
[2026-06-18T14:29:09.251+0800][1.913s][info][gc,heap     ] GC(6) Y: Young Generation Statistics:
[2026-06-18T14:29:09.252+0800][1.913s][info][gc,heap     ] GC(6) Y:                Mark Start          Mark End        Relocate Start      Relocate End    
[2026-06-18T14:29:09.252+0800][1.914s][info][gc,heap     ] GC(6) Y:      Used:        0M (0%)            0M (0%)            0M (0%)            0M (0%)     
[2026-06-18T14:29:09.253+0800][1.915s][info][gc,heap     ] GC(6) Y:      Live:         -                 0M (0%)            0M (0%)            0M (0%)     
[2026-06-18T14:29:09.254+0800][1.915s][info][gc,heap     ] GC(6) Y:   Garbage:         -                 0M (0%)            0M (0%)            0M (0%)     
[2026-06-18T14:29:09.254+0800][1.916s][info][gc,heap     ] GC(6) Y: Allocated:         -                 0M (0%)            0M (0%)            0M (0%)     
[2026-06-18T14:29:09.255+0800][1.916s][info][gc,heap     ] GC(6) Y: Reclaimed:         -                  -                 0M (0%)            0M (0%)     
[2026-06-18T14:29:09.256+0800][1.917s][info][gc,heap     ] GC(6) Y:  Promoted:         -                  -                 0M (0%)            0M (0%)     
[2026-06-18T14:29:09.256+0800][1.917s][info][gc,heap     ] GC(6) Y: Compacted:         -                  -                  -                 0M (0%)     
[2026-06-18T14:29:09.256+0800][1.918s][info][gc,phases   ] GC(6) Y: Young Generation (Collect Roots) 48M(19%)->48M(19%) 0.009s
[2026-06-18T14:29:09.257+0800][1.918s][info][gc,phases   ] GC(6) O: Old Generation
[2026-06-18T14:29:09.258+0800][1.920s][info][gc,phases   ] GC(6) O: Concurrent Mark 0.745ms
[2026-06-18T14:29:09.259+0800][1.920s][info][gc,phases   ] GC(6) O: Pause Mark End 0.010ms
[2026-06-18T14:29:09.261+0800][1.922s][info][gc,phases   ] GC(6) O: Concurrent Mark Free 0.003ms
[2026-06-18T14:29:09.262+0800][1.923s][info][gc,phases   ] GC(6) O: Concurrent Process Non-Strong 0.400ms
[2026-06-18T14:29:09.262+0800][1.924s][info][gc,phases   ] GC(6) O: Concurrent Reset Relocation Set 0.001ms
[2026-06-18T14:29:09.263+0800][1.925s][info][gc,phases   ] GC(6) O: Concurrent Select Relocation Set 0.141ms
[2026-06-18T14:29:09.265+0800][1.926s][info][gc,task     ] GC(6) O: Using 2 Workers for Old Generation
[2026-06-18T14:29:09.265+0800][1.927s][info][gc,task     ] GC(6) O: Using 2 Workers for Old Generation
[2026-06-18T14:29:09.266+0800][1.928s][info][gc,phases   ] GC(6) O: Concurrent Remap Roots 1.695ms
[2026-06-18T14:29:09.267+0800][1.929s][info][gc,phases   ] GC(6) O: Pause Relocate Start 0.011ms
[2026-06-18T14:29:09.269+0800][1.930s][info][gc,phases   ] GC(6) O: Concurrent Relocate 0.864ms
[2026-06-18T14:29:09.270+0800][1.931s][info][gc,alloc    ] GC(6) O:                         Mark Start        Mark End      Relocate Start    Relocate End   
[2026-06-18T14:29:09.270+0800][1.931s][info][gc,alloc    ] GC(6) O: Allocation Stalls:          0                0                0                0         
[2026-06-18T14:29:09.270+0800][1.932s][info][gc,load     ] GC(6) O: Load: 0.62 (3%) / 0.35 (1%) / 0.31 (1%)
[2026-06-18T14:29:09.272+0800][1.933s][info][gc,mmu      ] GC(6) O: MMU: 2ms/98.7%, 5ms/99.1%, 10ms/99.5%, 20ms/99.7%, 50ms/99.8%, 100ms/99.9%
[2026-06-18T14:29:09.273+0800][1.934s][info][gc,marking  ] GC(6) O: Mark: 2 stripe(s), 1 proactive flush(es), 1 terminate flush(es), 0 completion(s), 0 continuation(s) 
[2026-06-18T14:29:09.273+0800][1.935s][info][gc,nmethod  ] GC(6) O: NMethods: 77 registered, 6 unregistered
[2026-06-18T14:29:09.274+0800][1.935s][info][gc,metaspace] GC(6) O: Metaspace: 0M used, 0M committed, 1088M reserved
[2026-06-18T14:29:09.274+0800][1.936s][info][gc,ref      ] GC(6) O:                       Encountered   Discovered     Enqueued 
[2026-06-18T14:29:09.275+0800][1.936s][info][gc,ref      ] GC(6) O: Soft References:                2            0            0 
[2026-06-18T14:29:09.276+0800][1.938s][info][gc,ref      ] GC(6) O: Weak References:                6            0            0 
[2026-06-18T14:29:09.277+0800][1.938s][info][gc,ref      ] GC(6) O: Final References:               0            0            0 
[2026-06-18T14:29:09.277+0800][1.939s][info][gc,ref      ] GC(6) O: Phantom References:             1            1            0 
[2026-06-18T14:29:09.278+0800][1.940s][info][gc,reloc    ] GC(6) O:                        Candidates     Selected     In-Place         Size        Empty    Relocated 
[2026-06-18T14:29:09.279+0800][1.940s][info][gc,reloc    ] GC(6) O: Small Pages:                    7            3            0          14M           0M           1M 
[2026-06-18T14:29:09.279+0800][1.941s][info][gc,reloc    ] GC(6) O: Medium Pages:                   3            1            0          24M           0M           5M 
[2026-06-18T14:29:09.280+0800][1.941s][info][gc,reloc    ] GC(6) O: Large Pages:                    5            0            0          10M           0M           0M 
[2026-06-18T14:29:09.280+0800][1.942s][info][gc,reloc    ] GC(6) O: Forwarding Usage: 0M
[2026-06-18T14:29:09.281+0800][1.942s][info][gc,heap     ] GC(6) O: Min Capacity: 256M(100%)
[2026-06-18T14:29:09.281+0800][1.943s][info][gc,heap     ] GC(6) O: Max Capacity: 256M(100%)
[2026-06-18T14:29:09.282+0800][1.943s][info][gc,heap     ] GC(6) O: Soft Max Capacity: 256M(100%)
[2026-06-18T14:29:09.283+0800][1.944s][info][gc,heap     ] GC(6) O: Heap Statistics:
[2026-06-18T14:29:09.283+0800][1.945s][info][gc,heap     ] GC(6) O:                Mark Start          Mark End        Relocate Start      Relocate End           High               Low         
[2026-06-18T14:29:09.284+0800][1.945s][info][gc,heap     ] GC(6) O:  Capacity:      256M (100%)        256M (100%)        256M (100%)        256M (100%)        256M (100%)        256M (100%)   
[2026-06-18T14:29:09.284+0800][1.946s][info][gc,heap     ] GC(6) O:      Free:      208M (81%)         208M (81%)         208M (81%)         222M (87%)         222M (87%)         200M (78%)    
[2026-06-18T14:29:09.285+0800][1.947s][info][gc,heap     ] GC(6) O:      Used:       48M (19%)          48M (19%)          48M (19%)          34M (13%)          56M (22%)          34M (13%)    
[2026-06-18T14:29:09.291+0800][1.952s][info][gc,heap     ] GC(6) O: Old Generation Statistics:
[2026-06-18T14:29:09.292+0800][1.954s][info][gc,heap     ] GC(6) O:                Mark Start          Mark End        Relocate Start      Relocate End    
[2026-06-18T14:29:09.293+0800][1.955s][info][gc,heap     ] GC(6) O:      Used:       48M (19%)          48M (19%)          48M (19%)          34M (13%)    
[2026-06-18T14:29:09.294+0800][1.956s][info][gc,heap     ] GC(6) O:      Live:         -                29M (12%)          29M (12%)          29M (12%)    
[2026-06-18T14:29:09.295+0800][1.956s][info][gc,heap     ] GC(6) O:   Garbage:         -                18M (7%)           18M (7%)            2M (1%)     
[2026-06-18T14:29:09.301+0800][1.962s][info][gc,heap     ] GC(6) O: Allocated:         -                 0M (0%)            0M (0%)            1M (1%)     
[2026-06-18T14:29:09.302+0800][1.963s][info][gc,heap     ] GC(6) O: Reclaimed:         -                  -                 0M (0%)           15M (6%)     
[2026-06-18T14:29:09.302+0800][1.964s][info][gc,heap     ] GC(6) O: Compacted:         -                  -                  -                 8M (3%)     
[2026-06-18T14:29:09.303+0800][1.964s][info][gc,phases   ] GC(6) O: Old Generation 48M(19%)->34M(13%) 0.013s
[2026-06-18T14:29:09.303+0800][1.965s][info][gc          ] GC(6) Major Collection (System.gc()) 110M(43%)->34M(13%) 0.121s
[2026-06-18T14:29:09.681+0800][2.342s][info][gc          ] GC(7) Minor Collection (Allocation Rate)
[2026-06-18T14:29:09.682+0800][2.343s][info][gc,task     ] GC(7) Using 1 Workers for Young Generation
[2026-06-18T14:29:09.682+0800][2.344s][info][gc,phases   ] GC(7) y: Young Generation
[2026-06-18T14:29:09.682+0800][2.344s][info][gc,phases   ] GC(7) y: Pause Mark Start 0.010ms
[2026-06-18T14:29:09.683+0800][2.345s][info][gc,phases   ] GC(7) y: Concurrent Mark 0.491ms
[2026-06-18T14:29:09.684+0800][2.345s][info][gc,phases   ] GC(7) y: Pause Mark End 0.006ms
[2026-06-18T14:29:09.684+0800][2.346s][info][gc,phases   ] GC(7) y: Concurrent Mark Free 0.002ms
[2026-06-18T14:29:09.685+0800][2.346s][info][gc,phases   ] GC(7) y: Concurrent Reset Relocation Set 0.001ms
[2026-06-18T14:29:09.686+0800][2.347s][info][gc,reloc    ] GC(7) y: Using tenuring threshold: 1 (Computed)
[2026-06-18T14:29:09.686+0800][2.348s][info][gc,phases   ] GC(7) y: Concurrent Select Relocation Set 0.758ms
[2026-06-18T14:29:09.687+0800][2.348s][info][gc,phases   ] GC(7) y: Pause Relocate Start 0.009ms
[2026-06-18T14:29:09.689+0800][2.350s][info][gc,phases   ] GC(7) y: Concurrent Relocate 1.428ms
[2026-06-18T14:29:09.689+0800][2.350s][info][gc,alloc    ] GC(7) y:                         Mark Start        Mark End      Relocate Start    Relocate End   
[2026-06-18T14:29:09.689+0800][2.351s][info][gc,alloc    ] GC(7) y: Allocation Stalls:          0                0                0                0         
[2026-06-18T14:29:09.689+0800][2.351s][info][gc,load     ] GC(7) y: Load: 0.62 (3%) / 0.35 (1%) / 0.31 (1%)
[2026-06-18T14:29:09.690+0800][2.351s][info][gc,mmu      ] GC(7) y: MMU: 2ms/98.7%, 5ms/99.1%, 10ms/99.5%, 20ms/99.7%, 50ms/99.8%, 100ms/99.9%
[2026-06-18T14:29:09.690+0800][2.351s][info][gc,marking  ] GC(7) y: Mark: 1 stripe(s), 1 proactive flush(es), 1 terminate flush(es), 0 completion(s), 0 continuation(s) 
[2026-06-18T14:29:09.690+0800][2.352s][info][gc,nmethod  ] GC(7) y: NMethods: 78 registered, 6 unregistered
[2026-06-18T14:29:09.690+0800][2.352s][info][gc,metaspace] GC(7) y: Metaspace: 0M used, 0M committed, 1088M reserved
[2026-06-18T14:29:09.691+0800][2.352s][info][gc,reloc    ] GC(7) y:                        Candidates     Selected     In-Place         Size        Empty    Relocated 
[2026-06-18T14:29:09.691+0800][2.353s][info][gc,reloc    ] GC(7) y: Small Pages:                   66           13            0         132M          98M           4M 
[2026-06-18T14:29:09.692+0800][2.353s][info][gc,reloc    ] GC(7) y: Medium Pages:                   3            1            0          24M           0M           5M 
[2026-06-18T14:29:09.692+0800][2.354s][info][gc,reloc    ] GC(7) y: Large Pages:                    1            0            0           2M           0M           0M 
[2026-06-18T14:29:09.692+0800][2.354s][info][gc,reloc    ] GC(7) y: Forwarding Usage: 0M
[2026-06-18T14:29:09.693+0800][2.354s][info][gc,reloc    ] GC(7) y: Age Table:
[2026-06-18T14:29:09.693+0800][2.354s][info][gc,reloc    ] GC(7) y:                    Live             Garbage             Small              Medium             Large        
[2026-06-18T14:29:09.693+0800][2.355s][info][gc,reloc    ] GC(7) y: Eden              23M (9%)          134M (53%)         66 / 13             3 / 1              1 / 0        
[2026-06-18T14:29:09.693+0800][2.355s][info][gc,heap     ] GC(7) y: Min Capacity: 256M(100%)
[2026-06-18T14:29:09.694+0800][2.355s][info][gc,heap     ] GC(7) y: Max Capacity: 256M(100%)
[2026-06-18T14:29:09.694+0800][2.355s][info][gc,heap     ] GC(7) y: Soft Max Capacity: 256M(100%)
[2026-06-18T14:29:09.694+0800][2.356s][info][gc,heap     ] GC(7) y: Heap Statistics:
[2026-06-18T14:29:09.695+0800][2.356s][info][gc,heap     ] GC(7) y:                Mark Start          Mark End        Relocate Start      Relocate End           High               Low         
[2026-06-18T14:29:09.695+0800][2.356s][info][gc,heap     ] GC(7) y:  Capacity:      256M (100%)        256M (100%)        256M (100%)        256M (100%)        256M (100%)        256M (100%)   
[2026-06-18T14:29:09.695+0800][2.356s][info][gc,heap     ] GC(7) y:      Free:       64M (25%)          64M (25%)         162M (63%)         196M (77%)         196M (77%)          64M (25%)    
[2026-06-18T14:29:09.695+0800][2.357s][info][gc,heap     ] GC(7) y:      Used:      192M (75%)         192M (75%)          94M (37%)          60M (23%)         192M (75%)          60M (23%)    
[2026-06-18T14:29:09.695+0800][2.357s][info][gc,heap     ] GC(7) y: Young Generation Statistics:
[2026-06-18T14:29:09.696+0800][2.357s][info][gc,heap     ] GC(7) y:                Mark Start          Mark End        Relocate Start      Relocate End    
[2026-06-18T14:29:09.696+0800][2.357s][info][gc,heap     ] GC(7) y:      Used:      158M (62%)         158M (62%)          60M (23%)          26M (10%)    
[2026-06-18T14:29:09.696+0800][2.357s][info][gc,heap     ] GC(7) y:      Live:         -                23M (9%)           23M (9%)           23M (9%)     
[2026-06-18T14:29:09.696+0800][2.358s][info][gc,heap     ] GC(7) y:   Garbage:         -               134M (53%)          36M (14%)           0M (0%)     
[2026-06-18T14:29:09.697+0800][2.358s][info][gc,heap     ] GC(7) y: Allocated:         -                 0M (0%)            0M (0%)            2M (1%)     
[2026-06-18T14:29:09.697+0800][2.359s][info][gc,heap     ] GC(7) y: Reclaimed:         -                  -                98M (38%)         134M (53%)    
[2026-06-18T14:29:09.698+0800][2.359s][info][gc,heap     ] GC(7) y:  Promoted:         -                  -                 0M (0%)            0M (0%)     
[2026-06-18T14:29:09.698+0800][2.359s][info][gc,heap     ] GC(7) y: Compacted:         -                  -                  -                13M (5%)     
[2026-06-18T14:29:09.698+0800][2.360s][info][gc,phases   ] GC(7) y: Young Generation 192M(75%)->60M(23%) 0.007s
[2026-06-18T14:29:09.698+0800][2.360s][info][gc          ] GC(7) Minor Collection (Allocation Rate) 192M(75%)->64M(25%) 0.018s
[2026-06-18T14:29:10.036+0800][2.698s][info][gc          ] GC(8) Minor Collection (Allocation Rate)
[2026-06-18T14:29:10.037+0800][2.698s][info][gc,task     ] GC(8) Using 1 Workers for Young Generation
[2026-06-18T14:29:10.037+0800][2.699s][info][gc,phases   ] GC(8) y: Young Generation
[2026-06-18T14:29:10.038+0800][2.700s][info][gc,phases   ] GC(8) y: Pause Mark Start 0.018ms
[2026-06-18T14:29:10.039+0800][2.701s][info][gc,phases   ] GC(8) y: Concurrent Mark 0.702ms
[2026-06-18T14:29:10.046+0800][2.708s][info][gc,phases   ] GC(8) y: Pause Mark End 0.016ms
[2026-06-18T14:29:10.063+0800][2.725s][info][gc,phases   ] GC(8) y: Concurrent Mark Free 0.003ms
[2026-06-18T14:29:10.067+0800][2.729s][info][gc,phases   ] GC(8) y: Concurrent Reset Relocation Set 0.002ms
[2026-06-18T14:29:10.073+0800][2.735s][info][gc,reloc    ] GC(8) y: Using tenuring threshold: 2 (Computed)
[2026-06-18T14:29:10.088+0800][2.749s][info][gc,phases   ] GC(8) y: Concurrent Select Relocation Set 14.720ms
[2026-06-18T14:29:10.089+0800][2.751s][info][gc,phases   ] GC(8) y: Pause Relocate Start 0.012ms
[2026-06-18T14:29:10.100+0800][2.762s][info][gc,phases   ] GC(8) y: Concurrent Relocate 0.979ms
[2026-06-18T14:29:10.123+0800][2.784s][info][gc,alloc    ] GC(8) y:                         Mark Start        Mark End      Relocate Start    Relocate End   
[2026-06-18T14:29:10.126+0800][2.787s][info][gc,alloc    ] GC(8) y: Allocation Stalls:          0                0                0                0         
[2026-06-18T14:29:10.127+0800][2.788s][info][gc,load     ] GC(8) y: Load: 0.65 (3%) / 0.37 (2%) / 0.31 (1%)
[2026-06-18T14:29:10.128+0800][2.789s][info][gc,mmu      ] GC(8) y: MMU: 2ms/98.7%, 5ms/99.1%, 10ms/99.5%, 20ms/99.7%, 50ms/99.8%, 100ms/99.9%
[2026-06-18T14:29:10.129+0800][2.790s][info][gc,marking  ] GC(8) y: Mark: 1 stripe(s), 1 proactive flush(es), 1 terminate flush(es), 0 completion(s), 0 continuation(s) 
[2026-06-18T14:29:10.129+0800][2.791s][info][gc,nmethod  ] GC(8) y: NMethods: 79 registered, 6 unregistered
[2026-06-18T14:29:10.130+0800][2.792s][info][gc,metaspace] GC(8) y: Metaspace: 0M used, 0M committed, 1088M reserved
[2026-06-18T14:29:10.131+0800][2.792s][info][gc,reloc    ] GC(8) y:                        Candidates     Selected     In-Place         Size        Empty    Relocated 
[2026-06-18T14:29:10.132+0800][2.793s][info][gc,reloc    ] GC(8) y: Small Pages:                   67            9            0         134M         110M           2M 
[2026-06-18T14:29:10.133+0800][2.795s][info][gc,reloc    ] GC(8) y: Medium Pages:                   4            1            0          32M           8M           3M 
[2026-06-18T14:29:10.134+0800][2.795s][info][gc,reloc    ] GC(8) y: Large Pages:                    2            0            0           4M           0M           0M 
[2026-06-18T14:29:10.142+0800][2.804s][info][gc,reloc    ] GC(8) y: Forwarding Usage: 0M
[2026-06-18T14:29:10.143+0800][2.805s][info][gc,reloc    ] GC(8) y: Age Table:
[2026-06-18T14:29:10.145+0800][2.806s][info][gc,reloc    ] GC(8) y:                    Live             Garbage             Small              Medium             Large        
[2026-06-18T14:29:10.148+0800][2.809s][info][gc,reloc    ] GC(8) y: Eden              14M (5%)          129M (51%)         63 / 9              2 / 1              1 / 0        
[2026-06-18T14:29:10.152+0800][2.813s][info][gc,reloc    ] GC(8) y: Survivor 1         2M (1%)           23M (9%)           4 / 0              2 / 0              1 / 0        
[2026-06-18T14:29:10.154+0800][2.816s][info][gc,heap     ] GC(8) y: Min Capacity: 256M(100%)
[2026-06-18T14:29:10.158+0800][2.819s][info][gc,heap     ] GC(8) y: Max Capacity: 256M(100%)
[2026-06-18T14:29:10.160+0800][2.822s][info][gc,heap     ] GC(8) y: Soft Max Capacity: 256M(100%)
[2026-06-18T14:29:10.161+0800][2.822s][info][gc,heap     ] GC(8) y: Heap Statistics:
[2026-06-18T14:29:10.162+0800][2.823s][info][gc,heap     ] GC(8) y:                Mark Start          Mark End        Relocate Start      Relocate End           High               Low         
[2026-06-18T14:29:10.163+0800][2.825s][info][gc,heap     ] GC(8) y:  Capacity:      256M (100%)        256M (100%)        256M (100%)        256M (100%)        256M (100%)        256M (100%)   
[2026-06-18T14:29:10.164+0800][2.826s][info][gc,heap     ] GC(8) y:      Free:       52M (20%)          50M (20%)         150M (59%)         162M (63%)         162M (63%)          38M (15%)    
[2026-06-18T14:29:10.165+0800][2.827s][info][gc,heap     ] GC(8) y:      Used:      204M (80%)         206M (80%)         106M (41%)          94M (37%)         218M (85%)          94M (37%)    
[2026-06-18T14:29:10.166+0800][2.827s][info][gc,heap     ] GC(8) y: Young Generation Statistics:
[2026-06-18T14:29:10.166+0800][2.828s][info][gc,heap     ] GC(8) y:                Mark Start          Mark End        Relocate Start      Relocate End    
[2026-06-18T14:29:10.167+0800][2.829s][info][gc,heap     ] GC(8) y:      Used:      170M (66%)         172M (67%)          72M (28%)          60M (23%)    
[2026-06-18T14:29:10.168+0800][2.830s][info][gc,heap     ] GC(8) y:      Live:         -                16M (7%)           16M (7%)           16M (7%)     
[2026-06-18T14:29:10.169+0800][2.831s][info][gc,heap     ] GC(8) y:   Garbage:         -               153M (60%)          35M (14%)           4M (2%)     
[2026-06-18T14:29:10.170+0800][2.832s][info][gc,heap     ] GC(8) y: Allocated:         -                 2M (1%)           20M (8%)           38M (15%)    
[2026-06-18T14:29:10.171+0800][2.832s][info][gc,heap     ] GC(8) y: Reclaimed:         -                  -               118M (46%)         148M (58%)    
[2026-06-18T14:29:10.172+0800][2.833s][info][gc,heap     ] GC(8) y:  Promoted:         -                  -                 0M (0%)            0M (0%)     
[2026-06-18T14:29:10.172+0800][2.834s][info][gc,heap     ] GC(8) y: Compacted:         -                  -                  -                 7M (3%)     
[2026-06-18T14:29:10.173+0800][2.835s][info][gc,phases   ] GC(8) y: Young Generation 204M(80%)->94M(37%) 0.085s
[2026-06-18T14:29:10.174+0800][2.836s][info][gc          ] GC(8) Minor Collection (Allocation Rate) 204M(80%)->120M(47%) 0.138s
[2026-06-18T14:29:10.176+0800][2.838s][info][gc          ] GC(9) Minor Collection (Allocation Rate)
[2026-06-18T14:29:10.178+0800][2.839s][info][gc,task     ] GC(9) Using 2 Workers for Young Generation
[2026-06-18T14:29:10.179+0800][2.840s][info][gc,phases   ] GC(9) y: Young Generation
[2026-06-18T14:29:10.180+0800][2.842s][info][gc,phases   ] GC(9) y: Pause Mark Start 0.030ms
[2026-06-18T14:29:10.182+0800][2.843s][info][gc,phases   ] GC(9) y: Concurrent Mark 0.504ms
[2026-06-18T14:29:10.183+0800][2.844s][info][gc,phases   ] GC(9) y: Pause Mark End 0.009ms
[2026-06-18T14:29:10.185+0800][2.846s][info][gc,phases   ] GC(9) y: Concurrent Mark Free 0.001ms
[2026-06-18T14:29:10.186+0800][2.848s][info][gc,phases   ] GC(9) y: Concurrent Reset Relocation Set 0.004ms
[2026-06-18T14:29:10.187+0800][2.849s][info][gc,reloc    ] GC(9) y: Using tenuring threshold: 3 (Computed)
[2026-06-18T14:29:10.189+0800][2.851s][info][gc,phases   ] GC(9) y: Concurrent Select Relocation Set 1.792ms
[2026-06-18T14:29:10.190+0800][2.852s][info][gc,phases   ] GC(9) y: Pause Relocate Start 0.025ms
[2026-06-18T14:29:10.193+0800][2.854s][info][gc,phases   ] GC(9) y: Concurrent Relocate 1.224ms
[2026-06-18T14:29:10.194+0800][2.855s][info][gc,alloc    ] GC(9) y:                         Mark Start        Mark End      Relocate Start    Relocate End   
[2026-06-18T14:29:10.195+0800][2.856s][info][gc,alloc    ] GC(9) y: Allocation Stalls:          0                0                0                0         
[2026-06-18T14:29:10.196+0800][2.857s][info][gc,load     ] GC(9) y: Load: 0.65 (3%) / 0.37 (2%) / 0.31 (1%)
[2026-06-18T14:29:10.200+0800][2.862s][info][gc,mmu      ] GC(9) y: MMU: 2ms/98.5%, 5ms/99.1%, 10ms/99.5%, 20ms/99.7%, 50ms/99.8%, 100ms/99.9%
[2026-06-18T14:29:10.202+0800][2.864s][info][gc,marking  ] GC(9) y: Mark: 2 stripe(s), 1 proactive flush(es), 1 terminate flush(es), 0 completion(s), 0 continuation(s) 
[2026-06-18T14:29:10.204+0800][2.865s][info][gc,nmethod  ] GC(9) y: NMethods: 79 registered, 6 unregistered
[2026-06-18T14:29:10.204+0800][2.866s][info][gc,metaspace] GC(9) y: Metaspace: 0M used, 0M committed, 1088M reserved
[2026-06-18T14:29:10.205+0800][2.866s][info][gc,reloc    ] GC(9) y:                        Candidates     Selected     In-Place         Size        Empty    Relocated 
[2026-06-18T14:29:10.205+0800][2.867s][info][gc,reloc    ] GC(9) y: Small Pages:                   25            8            0          50M          26M           3M 
[2026-06-18T14:29:10.206+0800][2.868s][info][gc,reloc    ] GC(9) y: Medium Pages:                   4            1            0          32M           0M           3M 
[2026-06-18T14:29:10.207+0800][2.869s][info][gc,reloc    ] GC(9) y: Large Pages:                    2            0            0           4M           0M           0M 
[2026-06-18T14:29:10.208+0800][2.869s][info][gc,reloc    ] GC(9) y: Forwarding Usage: 0M
[2026-06-18T14:29:10.209+0800][2.870s][info][gc,reloc    ] GC(9) y: Age Table:
[2026-06-18T14:29:10.210+0800][2.871s][info][gc,reloc    ] GC(9) y:                    Live             Garbage             Small              Medium             Large        
[2026-06-18T14:29:10.211+0800][2.872s][info][gc,reloc    ] GC(9) y: Eden               8M (3%)           41M (16%)         21 / 6              1 / 0              0 / 0        
[2026-06-18T14:29:10.212+0800][2.873s][info][gc,reloc    ] GC(9) y: Survivor 1        14M (5%)            9M (4%)           3 / 1              2 / 1              1 / 0        
[2026-06-18T14:29:10.212+0800][2.874s][info][gc,reloc    ] GC(9) y: Survivor 2         2M (1%)            9M (4%)           1 / 1              1 / 0              1 / 0        
[2026-06-18T14:29:10.213+0800][2.875s][info][gc,heap     ] GC(9) y: Min Capacity: 256M(100%)
[2026-06-18T14:29:10.214+0800][2.875s][info][gc,heap     ] GC(9) y: Max Capacity: 256M(100%)
[2026-06-18T14:29:10.215+0800][2.876s][info][gc,heap     ] GC(9) y: Soft Max Capacity: 256M(100%)
[2026-06-18T14:29:10.216+0800][2.877s][info][gc,heap     ] GC(9) y: Heap Statistics:
[2026-06-18T14:29:10.217+0800][2.878s][info][gc,heap     ] GC(9) y:                Mark Start          Mark End        Relocate Start      Relocate End           High               Low         
[2026-06-18T14:29:10.218+0800][2.879s][info][gc,heap     ] GC(9) y:  Capacity:      256M (100%)        256M (100%)        256M (100%)        256M (100%)        256M (100%)        256M (100%)   
[2026-06-18T14:29:10.218+0800][2.880s][info][gc,heap     ] GC(9) y:      Free:      136M (53%)         136M (53%)         158M (62%)         168M (66%)         168M (66%)         132M (52%)    
[2026-06-18T14:29:10.219+0800][2.881s][info][gc,heap     ] GC(9) y:      Used:      120M (47%)         120M (47%)          98M (38%)          88M (34%)         124M (48%)          88M (34%)    
[2026-06-18T14:29:10.220+0800][2.881s][info][gc,heap     ] GC(9) y: Young Generation Statistics:
[2026-06-18T14:29:10.220+0800][2.882s][info][gc,heap     ] GC(9) y:                Mark Start          Mark End        Relocate Start      Relocate End    
[2026-06-18T14:29:10.221+0800][2.883s][info][gc,heap     ] GC(9) y:      Used:       86M (34%)          86M (34%)          64M (25%)          54M (21%)    
[2026-06-18T14:29:10.222+0800][2.883s][info][gc,heap     ] GC(9) y:      Live:         -                25M (10%)          25M (10%)          25M (10%)    
[2026-06-18T14:29:10.223+0800][2.884s][info][gc,heap     ] GC(9) y:   Garbage:         -                60M (24%)          34M (14%)           6M (3%)     
[2026-06-18T14:29:10.223+0800][2.885s][info][gc,heap     ] GC(9) y: Allocated:         -                 0M (0%)            4M (2%)           22M (9%)     
[2026-06-18T14:29:10.224+0800][2.886s][info][gc,heap     ] GC(9) y: Reclaimed:         -                  -                26M (10%)          54M (21%)    
[2026-06-18T14:29:10.225+0800][2.886s][info][gc,heap     ] GC(9) y:  Promoted:         -                  -                 0M (0%)            0M (0%)     
[2026-06-18T14:29:10.225+0800][2.887s][info][gc,heap     ] GC(9) y: Compacted:         -                  -                  -                 9M (4%)     
[2026-06-18T14:29:10.226+0800][2.888s][info][gc,phases   ] GC(9) y: Young Generation 120M(47%)->88M(34%) 0.015s
[2026-06-18T14:29:10.227+0800][2.889s][info][gc          ] GC(9) Minor Collection (Allocation Rate) 120M(47%)->112M(44%) 0.051s
[2026-06-18T14:29:10.228+0800][2.889s][info][gc          ] GC(10) Minor Collection (Allocation Rate)
[2026-06-18T14:29:10.229+0800][2.890s][info][gc,task     ] GC(10) Using 1 Workers for Young Generation
[2026-06-18T14:29:10.230+0800][2.891s][info][gc,phases   ] GC(10) y: Young Generation
[2026-06-18T14:29:10.231+0800][2.892s][info][gc,phases   ] GC(10) y: Pause Mark Start 0.011ms
[2026-06-18T14:29:10.232+0800][2.894s][info][gc,phases   ] GC(10) y: Concurrent Mark 0.676ms
[2026-06-18T14:29:10.233+0800][2.895s][info][gc,phases   ] GC(10) y: Pause Mark End 0.010ms
[2026-06-18T14:29:10.234+0800][2.896s][info][gc,phases   ] GC(10) y: Concurrent Mark Free 0.001ms
[2026-06-18T14:29:10.235+0800][2.897s][info][gc,phases   ] GC(10) y: Concurrent Reset Relocation Set 0.004ms
[2026-06-18T14:29:10.238+0800][2.900s][info][gc,reloc    ] GC(10) y: Using tenuring threshold: 3 (Computed)
[2026-06-18T14:29:10.239+0800][2.901s][info][gc,phases   ] GC(10) y: Concurrent Select Relocation Set 0.925ms
[2026-06-18T14:29:10.242+0800][2.904s][info][gc,phases   ] GC(10) y: Pause Relocate Start 0.011ms
[2026-06-18T14:29:10.244+0800][2.906s][info][gc,phases   ] GC(10) y: Concurrent Relocate 1.128ms
[2026-06-18T14:29:10.245+0800][2.907s][info][gc,alloc    ] GC(10) y:                         Mark Start        Mark End      Relocate Start    Relocate End   
[2026-06-18T14:29:10.246+0800][2.908s][info][gc,alloc    ] GC(10) y: Allocation Stalls:          0                0                0                0         
[2026-06-18T14:29:10.247+0800][2.909s][info][gc,load     ] GC(10) y: Load: 0.65 (3%) / 0.37 (2%) / 0.31 (1%)
[2026-06-18T14:29:10.248+0800][2.910s][info][gc,mmu      ] GC(10) y: MMU: 2ms/98.5%, 5ms/99.1%, 10ms/99.5%, 20ms/99.7%, 50ms/99.8%, 100ms/99.9%
[2026-06-18T14:29:10.248+0800][2.910s][info][gc,marking  ] GC(10) y: Mark: 1 stripe(s), 1 proactive flush(es), 1 terminate flush(es), 0 completion(s), 0 continuation(s) 
[2026-06-18T14:29:10.249+0800][2.911s][info][gc,nmethod  ] GC(10) y: NMethods: 79 registered, 6 unregistered
[2026-06-18T14:29:10.251+0800][2.912s][info][gc,metaspace] GC(10) y: Metaspace: 0M used, 0M committed, 1088M reserved
[2026-06-18T14:29:10.252+0800][2.914s][info][gc,reloc    ] GC(10) y:                        Candidates     Selected     In-Place         Size        Empty    Relocated 
[2026-06-18T14:29:10.253+0800][2.915s][info][gc,reloc    ] GC(10) y: Small Pages:                   17            6            0          34M          16M           2M 
[2026-06-18T14:29:10.254+0800][2.915s][info][gc,reloc    ] GC(10) y: Medium Pages:                   5            3            0          40M           0M           4M 
[2026-06-18T14:29:10.254+0800][2.916s][info][gc,reloc    ] GC(10) y: Large Pages:                    2            0            0           4M           0M           0M 
[2026-06-18T14:29:10.255+0800][2.916s][info][gc,reloc    ] GC(10) y: Forwarding Usage: 0M
[2026-06-18T14:29:10.255+0800][2.917s][info][gc,reloc    ] GC(10) y: Age Table:
[2026-06-18T14:29:10.256+0800][2.918s][info][gc,reloc    ] GC(10) y:                    Live             Garbage             Small              Medium             Large        
[2026-06-18T14:29:10.257+0800][2.919s][info][gc,reloc    ] GC(10) y: Eden               3M (1%)           24M (10%)         10 / 2              1 / 1              0 / 0        
[2026-06-18T14:29:10.258+0800][2.919s][info][gc,reloc    ] GC(10) y: Survivor 1         8M (3%)            5M (2%)           3 / 2              1 / 0              0 / 0        
[2026-06-18T14:29:10.259+0800][2.920s][info][gc,reloc    ] GC(10) y: Survivor 2         4M (2%)           19M (8%)           3 / 2              2 / 1              1 / 0        
[2026-06-18T14:29:10.259+0800][2.921s][info][gc,reloc    ] GC(10) y: Survivor 3         2M (1%)            9M (4%)           1 / 0              1 / 1              1 / 0        
[2026-06-18T14:29:10.260+0800][2.922s][info][gc,heap     ] GC(10) y: Min Capacity: 256M(100%)
[2026-06-18T14:29:10.261+0800][2.923s][info][gc,heap     ] GC(10) y: Max Capacity: 256M(100%)
[2026-06-18T14:29:10.263+0800][2.924s][info][gc,heap     ] GC(10) y: Soft Max Capacity: 256M(100%)
[2026-06-18T14:29:10.264+0800][2.925s][info][gc,heap     ] GC(10) y: Heap Statistics:
[2026-06-18T14:29:10.265+0800][2.926s][info][gc,heap     ] GC(10) y:                Mark Start          Mark End        Relocate Start      Relocate End           High               Low         
[2026-06-18T14:29:10.265+0800][2.927s][info][gc,heap     ] GC(10) y:  Capacity:      256M (100%)        256M (100%)        256M (100%)        256M (100%)        256M (100%)        256M (100%)   
[2026-06-18T14:29:10.266+0800][2.928s][info][gc,heap     ] GC(10) y:      Free:      144M (56%)         144M (56%)         156M (61%)         172M (67%)         172M (67%)         140M (55%)    
[2026-06-18T14:29:10.267+0800][2.928s][info][gc,heap     ] GC(10) y:      Used:      112M (44%)         112M (44%)         100M (39%)          84M (33%)         116M (45%)          84M (33%)    
[2026-06-18T14:29:10.268+0800][2.929s][info][gc,heap     ] GC(10) y: Young Generation Statistics:
[2026-06-18T14:29:10.268+0800][2.930s][info][gc,heap     ] GC(10) y:                Mark Start          Mark End        Relocate Start      Relocate End    
[2026-06-18T14:29:10.269+0800][2.931s][info][gc,heap     ] GC(10) y:      Used:       78M (30%)          78M (30%)          64M (25%)          38M (15%)    
[2026-06-18T14:29:10.270+0800][2.931s][info][gc,heap     ] GC(10) y:      Live:         -                19M (8%)           17M (7%)           16M (6%)     
[2026-06-18T14:29:10.270+0800][2.932s][info][gc,heap     ] GC(10) y:   Garbage:         -                58M (23%)          42M (17%)           2M (1%)     
[2026-06-18T14:29:10.271+0800][2.932s][info][gc,heap     ] GC(10) y: Allocated:         -                 0M (0%)            4M (2%)           18M (7%)     
[2026-06-18T14:29:10.272+0800][2.933s][info][gc,heap     ] GC(10) y: Reclaimed:         -                  -                16M (6%)           55M (22%)    
[2026-06-18T14:29:10.272+0800][2.934s][info][gc,heap     ] GC(10) y:  Promoted:         -                  -                 2M (1%)            2M (1%)     
[2026-06-18T14:29:10.273+0800][2.934s][info][gc,heap     ] GC(10) y: Compacted:         -                  -                  -                 7M (3%)     
[2026-06-18T14:29:10.274+0800][2.935s][info][gc,phases   ] GC(10) y: Young Generation 112M(44%)->84M(33%) 0.016s
[2026-06-18T14:29:10.274+0800][2.936s][info][gc          ] GC(10) Minor Collection (Allocation Rate) 112M(44%)->104M(41%) 0.046s
[2026-06-18T14:29:10.438+0800][3.100s][info][gc          ] GC(11) Major Collection (System.gc())
[2026-06-18T14:29:10.440+0800][3.102s][info][gc,task     ] GC(11) Using 2 Workers for Young Generation
[2026-06-18T14:29:10.442+0800][3.104s][info][gc,task     ] GC(11) Using 2 Workers for Old Generation
[2026-06-18T14:29:10.444+0800][3.106s][info][gc,phases   ] GC(11) Y: Young Generation (Promote All)
[2026-06-18T14:29:10.447+0800][3.108s][info][gc,phases   ] GC(11) Y: Pause Mark Start 0.020ms
[2026-06-18T14:29:10.450+0800][3.111s][info][gc,phases   ] GC(11) Y: Concurrent Mark 1.340ms
[2026-06-18T14:29:10.451+0800][3.113s][info][gc,phases   ] GC(11) Y: Pause Mark End 0.010ms
[2026-06-18T14:29:10.453+0800][3.114s][info][gc,phases   ] GC(11) Y: Concurrent Mark Free 0.002ms
[2026-06-18T14:29:10.454+0800][3.116s][info][gc,phases   ] GC(11) Y: Concurrent Reset Relocation Set 0.005ms
[2026-06-18T14:29:10.455+0800][3.117s][info][gc,reloc    ] GC(11) Y: Using tenuring threshold: 0 (Promote All)
[2026-06-18T14:29:10.457+0800][3.118s][info][gc,phases   ] GC(11) Y: Concurrent Select Relocation Set 1.321ms
[2026-06-18T14:29:10.458+0800][3.119s][info][gc,phases   ] GC(11) Y: Pause Relocate Start 0.011ms
[2026-06-18T14:29:10.461+0800][3.122s][info][gc,phases   ] GC(11) Y: Concurrent Relocate 1.661ms
[2026-06-18T14:29:10.462+0800][3.124s][info][gc,alloc    ] GC(11) Y:                         Mark Start        Mark End      Relocate Start    Relocate End   
[2026-06-18T14:29:10.463+0800][3.125s][info][gc,alloc    ] GC(11) Y: Allocation Stalls:          0                0                0                0         
[2026-06-18T14:29:10.465+0800][3.127s][info][gc,load     ] GC(11) Y: Load: 0.65 (3%) / 0.37 (2%) / 0.31 (1%)
[2026-06-18T14:29:10.466+0800][3.128s][info][gc,mmu      ] GC(11) Y: MMU: 2ms/98.5%, 5ms/99.1%, 10ms/99.5%, 20ms/99.7%, 50ms/99.8%, 100ms/99.9%
[2026-06-18T14:29:10.468+0800][3.129s][info][gc,marking  ] GC(11) Y: Mark: 2 stripe(s), 1 proactive flush(es), 1 terminate flush(es), 0 completion(s), 0 continuation(s) 
[2026-06-18T14:29:10.469+0800][3.130s][info][gc,nmethod  ] GC(11) Y: NMethods: 85 registered, 6 unregistered
[2026-06-18T14:29:10.470+0800][3.131s][info][gc,metaspace] GC(11) Y: Metaspace: 0M used, 0M committed, 1088M reserved
[2026-06-18T14:29:10.471+0800][3.133s][info][gc,reloc    ] GC(11) Y:                        Candidates     Selected     In-Place         Size        Empty    Relocated 
[2026-06-18T14:29:10.472+0800][3.134s][info][gc,reloc    ] GC(11) Y: Small Pages:                   41            9            0          82M          56M           3M 
[2026-06-18T14:29:10.474+0800][3.136s][info][gc,reloc    ] GC(11) Y: Medium Pages:                   4            2            0          32M           0M           3M 
[2026-06-18T14:29:10.476+0800][3.137s][info][gc,reloc    ] GC(11) Y: Large Pages:                    2            0            0           4M           0M           0M 
[2026-06-18T14:29:10.478+0800][3.139s][info][gc,reloc    ] GC(11) Y: Forwarding Usage: 0M
[2026-06-18T14:29:10.479+0800][3.140s][info][gc,reloc    ] GC(11) Y: Age Table:
[2026-06-18T14:29:10.480+0800][3.141s][info][gc,reloc    ] GC(11) Y:                    Live             Garbage             Small              Medium             Large        
[2026-06-18T14:29:10.481+0800][3.142s][info][gc,reloc    ] GC(11) Y: Eden              12M (5%)           71M (28%)         37 / 9              1 / 0              1 / 0        
[2026-06-18T14:29:10.482+0800][3.143s][info][gc,reloc    ] GC(11) Y: Survivor 1         3M (1%)            6M (2%)           1 / 0              1 / 1              0 / 0        
[2026-06-18T14:29:10.483+0800][3.145s][info][gc,reloc    ] GC(11) Y: Survivor 2         0M (0%)           11M (4%)           2 / 0              1 / 1              0 / 0        
[2026-06-18T14:29:10.484+0800][3.146s][info][gc,reloc    ] GC(11) Y: Survivor 3         2M (1%)            9M (4%)           1 / 0              1 / 0              1 / 0        
[2026-06-18T14:29:10.485+0800][3.147s][info][gc,heap     ] GC(11) Y: Min Capacity: 256M(100%)
[2026-06-18T14:29:10.486+0800][3.147s][info][gc,heap     ] GC(11) Y: Max Capacity: 256M(100%)
[2026-06-18T14:29:10.487+0800][3.148s][info][gc,heap     ] GC(11) Y: Soft Max Capacity: 256M(100%)
[2026-06-18T14:29:10.488+0800][3.149s][info][gc,heap     ] GC(11) Y: Heap Statistics:
[2026-06-18T14:29:10.489+0800][3.150s][info][gc,heap     ] GC(11) Y:                Mark Start          Mark End        Relocate Start      Relocate End           High               Low         
[2026-06-18T14:29:10.489+0800][3.151s][info][gc,heap     ] GC(11) Y:  Capacity:      256M (100%)        256M (100%)        256M (100%)        256M (100%)        256M (100%)        256M (100%)   
[2026-06-18T14:29:10.490+0800][3.152s][info][gc,heap     ] GC(11) Y:      Free:       92M (36%)          92M (36%)         148M (58%)         180M (70%)         180M (70%)          92M (36%)    
[2026-06-18T14:29:10.491+0800][3.153s][info][gc,heap     ] GC(11) Y:      Used:      164M (64%)         164M (64%)         108M (42%)          76M (30%)         164M (64%)          76M (30%)    
[2026-06-18T14:29:10.492+0800][3.154s][info][gc,heap     ] GC(11) Y: Young Generation Statistics:
[2026-06-18T14:29:10.493+0800][3.155s][info][gc,heap     ] GC(11) Y:                Mark Start          Mark End        Relocate Start      Relocate End    
[2026-06-18T14:29:10.494+0800][3.156s][info][gc,heap     ] GC(11) Y:      Used:      118M (46%)         118M (46%)          48M (19%)           0M (0%)     
[2026-06-18T14:29:10.495+0800][3.156s][info][gc,heap     ] GC(11) Y:      Live:         -                19M (8%)            8M (4%)            0M (0%)     
[2026-06-18T14:29:10.496+0800][3.157s][info][gc,heap     ] GC(11) Y:   Garbage:         -                98M (38%)          39M (15%)           0M (0%)     
[2026-06-18T14:29:10.496+0800][3.158s][info][gc,heap     ] GC(11) Y: Allocated:         -                 0M (0%)            0M (0%)            0M (0%)     
[2026-06-18T14:29:10.497+0800][3.159s][info][gc,heap     ] GC(11) Y: Reclaimed:         -                  -                59M (23%)          98M (38%)    
[2026-06-18T14:29:10.498+0800][3.159s][info][gc,heap     ] GC(11) Y:  Promoted:         -                  -                10M (4%)           19M (8%)     
[2026-06-18T14:29:10.499+0800][3.160s][info][gc,heap     ] GC(11) Y: Compacted:         -                  -                  -                 0M (0%)     
[2026-06-18T14:29:10.499+0800][3.161s][info][gc,phases   ] GC(11) Y: Young Generation (Promote All) 164M(64%)->76M(30%) 0.018s
[2026-06-18T14:29:10.500+0800][3.162s][info][gc,phases   ] GC(11) Y: Young Generation (Collect Roots)
[2026-06-18T14:29:10.501+0800][3.163s][info][gc,phases   ] GC(11) Y: Pause Mark Start (Major) 0.016ms
[2026-06-18T14:29:10.503+0800][3.164s][info][gc,phases   ] GC(11) Y: Concurrent Mark 0.560ms
[2026-06-18T14:29:10.503+0800][3.165s][info][gc,phases   ] GC(11) Y: Pause Mark End 0.009ms
[2026-06-18T14:29:10.504+0800][3.166s][info][gc,phases   ] GC(11) Y: Concurrent Mark Free 0.001ms
[2026-06-18T14:29:10.505+0800][3.167s][info][gc,phases   ] GC(11) Y: Concurrent Reset Relocation Set 0.006ms
[2026-06-18T14:29:10.506+0800][3.167s][info][gc,reloc    ] GC(11) Y: Using tenuring threshold: 0 (Computed)
[2026-06-18T14:29:10.507+0800][3.168s][info][gc,phases   ] GC(11) Y: Concurrent Select Relocation Set 0.977ms
[2026-06-18T14:29:10.508+0800][3.169s][info][gc,phases   ] GC(11) Y: Pause Relocate Start 0.010ms
[2026-06-18T14:29:10.508+0800][3.170s][info][gc,phases   ] GC(11) Y: Concurrent Relocate 0.069ms
[2026-06-18T14:29:10.509+0800][3.171s][info][gc,alloc    ] GC(11) Y:                         Mark Start        Mark End      Relocate Start    Relocate End   
[2026-06-18T14:29:10.510+0800][3.172s][info][gc,alloc    ] GC(11) Y: Allocation Stalls:          0                0                0                0         
[2026-06-18T14:29:10.511+0800][3.173s][info][gc,load     ] GC(11) Y: Load: 0.65 (3%) / 0.37 (2%) / 0.31 (1%)
[2026-06-18T14:29:10.512+0800][3.173s][info][gc,mmu      ] GC(11) Y: MMU: 2ms/98.5%, 5ms/99.1%, 10ms/99.5%, 20ms/99.7%, 50ms/99.8%, 100ms/99.9%
[2026-06-18T14:29:10.513+0800][3.174s][info][gc,marking  ] GC(11) Y: Mark: 2 stripe(s), 1 proactive flush(es), 1 terminate flush(es), 0 completion(s), 0 continuation(s) 
[2026-06-18T14:29:10.513+0800][3.175s][info][gc,nmethod  ] GC(11) Y: NMethods: 85 registered, 6 unregistered
[2026-06-18T14:29:10.514+0800][3.175s][info][gc,metaspace] GC(11) Y: Metaspace: 0M used, 0M committed, 1088M reserved
[2026-06-18T14:29:10.514+0800][3.176s][info][gc,heap     ] GC(11) Y: Min Capacity: 256M(100%)
[2026-06-18T14:29:10.515+0800][3.176s][info][gc,heap     ] GC(11) Y: Max Capacity: 256M(100%)
[2026-06-18T14:29:10.516+0800][3.177s][info][gc,heap     ] GC(11) Y: Soft Max Capacity: 256M(100%)
[2026-06-18T14:29:10.516+0800][3.178s][info][gc,heap     ] GC(11) Y: Heap Statistics:
[2026-06-18T14:29:10.517+0800][3.178s][info][gc,heap     ] GC(11) Y:                Mark Start          Mark End        Relocate Start      Relocate End           High               Low         
[2026-06-18T14:29:10.517+0800][3.179s][info][gc,heap     ] GC(11) Y:  Capacity:      256M (100%)        256M (100%)        256M (100%)        256M (100%)        256M (100%)        256M (100%)   
[2026-06-18T14:29:10.518+0800][3.180s][info][gc,heap     ] GC(11) Y:      Free:      180M (70%)         180M (70%)         180M (70%)         180M (70%)         180M (70%)         180M (70%)    
[2026-06-18T14:29:10.519+0800][3.180s][info][gc,heap     ] GC(11) Y:      Used:       76M (30%)          76M (30%)          76M (30%)          76M (30%)          76M (30%)          76M (30%)    
[2026-06-18T14:29:10.519+0800][3.181s][info][gc,heap     ] GC(11) Y: Young Generation Statistics:
[2026-06-18T14:29:10.520+0800][3.182s][info][gc,heap     ] GC(11) Y:                Mark Start          Mark End        Relocate Start      Relocate End    
[2026-06-18T14:29:10.521+0800][3.182s][info][gc,heap     ] GC(11) Y:      Used:        0M (0%)            0M (0%)            0M (0%)            0M (0%)     
[2026-06-18T14:29:10.522+0800][3.183s][info][gc,heap     ] GC(11) Y:      Live:         -                 0M (0%)            0M (0%)            0M (0%)     
[2026-06-18T14:29:10.522+0800][3.184s][info][gc,heap     ] GC(11) Y:   Garbage:         -                 0M (0%)            0M (0%)            0M (0%)     
[2026-06-18T14:29:10.523+0800][3.185s][info][gc,heap     ] GC(11) Y: Allocated:         -                 0M (0%)            0M (0%)            0M (0%)     
[2026-06-18T14:29:10.527+0800][3.188s][info][gc,heap     ] GC(11) Y: Reclaimed:         -                  -                 0M (0%)            0M (0%)     
[2026-06-18T14:29:10.528+0800][3.189s][info][gc,heap     ] GC(11) Y:  Promoted:         -                  -                 0M (0%)            0M (0%)     
[2026-06-18T14:29:10.529+0800][3.190s][info][gc,heap     ] GC(11) Y: Compacted:         -                  -                  -                 0M (0%)     
[2026-06-18T14:29:10.529+0800][3.191s][info][gc,phases   ] GC(11) Y: Young Generation (Collect Roots) 76M(30%)->76M(30%) 0.009s
[2026-06-18T14:29:10.530+0800][3.192s][info][gc,phases   ] GC(11) O: Old Generation
[2026-06-18T14:29:10.532+0800][3.193s][info][gc,phases   ] GC(11) O: Concurrent Mark 0.776ms
[2026-06-18T14:29:10.532+0800][3.194s][info][gc,phases   ] GC(11) O: Pause Mark End 0.010ms
[2026-06-18T14:29:10.533+0800][3.194s][info][gc,phases   ] GC(11) O: Concurrent Mark Free 0.001ms
[2026-06-18T14:29:10.534+0800][3.195s][info][gc,phases   ] GC(11) O: Concurrent Process Non-Strong 0.396ms
[2026-06-18T14:29:10.535+0800][3.196s][info][gc,phases   ] GC(11) O: Concurrent Reset Relocation Set 0.002ms
[2026-06-18T14:29:10.536+0800][3.197s][info][gc,phases   ] GC(11) O: Concurrent Select Relocation Set 0.110ms
[2026-06-18T14:29:10.536+0800][3.198s][info][gc,task     ] GC(11) O: Using 2 Workers for Old Generation
[2026-06-18T14:29:10.537+0800][3.198s][info][gc,task     ] GC(11) O: Using 2 Workers for Old Generation
[2026-06-18T14:29:10.537+0800][3.199s][info][gc,phases   ] GC(11) O: Concurrent Remap Roots 1.209ms
[2026-06-18T14:29:10.538+0800][3.200s][info][gc,phases   ] GC(11) O: Pause Relocate Start 0.010ms
[2026-06-18T14:29:10.540+0800][3.201s][info][gc,phases   ] GC(11) O: Concurrent Relocate 1.009ms
[2026-06-18T14:29:10.541+0800][3.203s][info][gc,alloc    ] GC(11) O:                         Mark Start        Mark End      Relocate Start    Relocate End   
[2026-06-18T14:29:10.542+0800][3.203s][info][gc,alloc    ] GC(11) O: Allocation Stalls:          0                0                0                0         
[2026-06-18T14:29:10.542+0800][3.204s][info][gc,load     ] GC(11) O: Load: 0.65 (3%) / 0.37 (2%) / 0.31 (1%)
[2026-06-18T14:29:10.543+0800][3.205s][info][gc,mmu      ] GC(11) O: MMU: 2ms/98.5%, 5ms/99.1%, 10ms/99.5%, 20ms/99.7%, 50ms/99.8%, 100ms/99.9%
[2026-06-18T14:29:10.544+0800][3.205s][info][gc,marking  ] GC(11) O: Mark: 2 stripe(s), 1 proactive flush(es), 1 terminate flush(es), 0 completion(s), 0 continuation(s) 
[2026-06-18T14:29:10.545+0800][3.206s][info][gc,nmethod  ] GC(11) O: NMethods: 85 registered, 6 unregistered
[2026-06-18T14:29:10.545+0800][3.207s][info][gc,metaspace] GC(11) O: Metaspace: 0M used, 0M committed, 1088M reserved
[2026-06-18T14:29:10.546+0800][3.208s][info][gc,ref      ] GC(11) O:                       Encountered   Discovered     Enqueued 
[2026-06-18T14:29:10.547+0800][3.209s][info][gc,ref      ] GC(11) O: Soft References:                2            0            0 
[2026-06-18T14:29:10.548+0800][3.209s][info][gc,ref      ] GC(11) O: Weak References:                6            5            0 
[2026-06-18T14:29:10.549+0800][3.210s][info][gc,ref      ] GC(11) O: Final References:               0            0            0 
[2026-06-18T14:29:10.551+0800][3.212s][info][gc,ref      ] GC(11) O: Phantom References:             1            1            0 
[2026-06-18T14:29:10.554+0800][3.215s][info][gc,reloc    ] GC(11) O:                        Candidates     Selected     In-Place         Size        Empty    Relocated 
[2026-06-18T14:29:10.558+0800][3.220s][info][gc,reloc    ] GC(11) O: Small Pages:                   10            4            0          20M           4M           2M 
[2026-06-18T14:29:10.560+0800][3.222s][info][gc,reloc    ] GC(11) O: Medium Pages:                   5            1            0          40M          16M           3M 
[2026-06-18T14:29:10.561+0800][3.223s][info][gc,reloc    ] GC(11) O: Large Pages:                    8            0            0          16M          10M           0M 
[2026-06-18T14:29:10.562+0800][3.223s][info][gc,reloc    ] GC(11) O: Forwarding Usage: 0M
[2026-06-18T14:29:10.563+0800][3.224s][info][gc,heap     ] GC(11) O: Min Capacity: 256M(100%)
[2026-06-18T14:29:10.563+0800][3.225s][info][gc,heap     ] GC(11) O: Max Capacity: 256M(100%)
[2026-06-18T14:29:10.564+0800][3.226s][info][gc,heap     ] GC(11) O: Soft Max Capacity: 256M(100%)
[2026-06-18T14:29:10.565+0800][3.226s][info][gc,heap     ] GC(11) O: Heap Statistics:
[2026-06-18T14:29:10.565+0800][3.227s][info][gc,heap     ] GC(11) O:                Mark Start          Mark End        Relocate Start      Relocate End           High               Low         
[2026-06-18T14:29:10.566+0800][3.227s][info][gc,heap     ] GC(11) O:  Capacity:      256M (100%)        256M (100%)        256M (100%)        256M (100%)        256M (100%)        256M (100%)   
[2026-06-18T14:29:10.567+0800][3.228s][info][gc,heap     ] GC(11) O:      Free:      180M (70%)         180M (70%)         210M (82%)         224M (88%)         224M (88%)         180M (70%)    
[2026-06-18T14:29:10.567+0800][3.229s][info][gc,heap     ] GC(11) O:      Used:       76M (30%)          76M (30%)          46M (18%)          32M (12%)          76M (30%)          32M (12%)    
[2026-06-18T14:29:10.568+0800][3.229s][info][gc,heap     ] GC(11) O: Old Generation Statistics:
[2026-06-18T14:29:10.568+0800][3.230s][info][gc,heap     ] GC(11) O:                Mark Start          Mark End        Relocate Start      Relocate End    
[2026-06-18T14:29:10.569+0800][3.230s][info][gc,heap     ] GC(11) O:      Used:       76M (30%)          76M (30%)          46M (18%)          32M (12%)    
[2026-06-18T14:29:10.569+0800][3.231s][info][gc,heap     ] GC(11) O:      Live:         -                23M (9%)           23M (9%)           23M (9%)     
[2026-06-18T14:29:10.570+0800][3.232s][info][gc,heap     ] GC(11) O:   Garbage:         -                52M (21%)          22M (9%)            2M (1%)     
[2026-06-18T14:29:10.571+0800][3.232s][info][gc,heap     ] GC(11) O: Allocated:         -                 0M (0%)            0M (0%)            5M (2%)     
[2026-06-18T14:29:10.571+0800][3.233s][info][gc,heap     ] GC(11) O: Reclaimed:         -                  -                30M (12%)          49M (19%)    
[2026-06-18T14:29:10.572+0800][3.233s][info][gc,heap     ] GC(11) O: Compacted:         -                  -                  -                 8M (3%)     
[2026-06-18T14:29:10.572+0800][3.234s][info][gc,phases   ] GC(11) O: Old Generation 76M(30%)->32M(12%) 0.011s
[2026-06-18T14:29:10.573+0800][3.234s][info][gc          ] GC(11) Major Collection (System.gc()) 164M(64%)->32M(12%) 0.135s
[2026-06-18T14:29:10.849+0800][3.511s][info][gc          ] GC(12) Major Collection (System.gc())
[2026-06-18T14:29:10.851+0800][3.512s][info][gc,task     ] GC(12) Using 2 Workers for Young Generation
[2026-06-18T14:29:10.854+0800][3.516s][info][gc,task     ] GC(12) Using 2 Workers for Old Generation
[2026-06-18T14:29:10.856+0800][3.518s][info][gc,phases   ] GC(12) Y: Young Generation (Promote All)
[2026-06-18T14:29:10.860+0800][3.522s][info][gc,phases   ] GC(12) Y: Pause Mark Start 0.013ms
[2026-06-18T14:29:10.865+0800][3.527s][info][gc,phases   ] GC(12) Y: Concurrent Mark 0.866ms
[2026-06-18T14:29:10.867+0800][3.528s][info][gc,phases   ] GC(12) Y: Pause Mark End 0.010ms
[2026-06-18T14:29:10.869+0800][3.531s][info][gc,phases   ] GC(12) Y: Concurrent Mark Free 0.001ms
[2026-06-18T14:29:10.872+0800][3.534s][info][gc,phases   ] GC(12) Y: Concurrent Reset Relocation Set 0.001ms
[2026-06-18T14:29:10.876+0800][3.537s][info][gc,reloc    ] GC(12) Y: Using tenuring threshold: 0 (Promote All)
[2026-06-18T14:29:10.877+0800][3.539s][info][gc,phases   ] GC(12) Y: Concurrent Select Relocation Set 1.463ms
[2026-06-18T14:29:10.878+0800][3.540s][info][gc,phases   ] GC(12) Y: Pause Relocate Start 0.012ms
[2026-06-18T14:29:10.879+0800][3.541s][info][gc,phases   ] GC(12) Y: Concurrent Relocate 0.467ms
[2026-06-18T14:29:10.880+0800][3.541s][info][gc,alloc    ] GC(12) Y:                         Mark Start        Mark End      Relocate Start    Relocate End   
[2026-06-18T14:29:10.880+0800][3.542s][info][gc,alloc    ] GC(12) Y: Allocation Stalls:          0                0                0                0         
[2026-06-18T14:29:10.881+0800][3.542s][info][gc,load     ] GC(12) Y: Load: 0.65 (3%) / 0.37 (2%) / 0.31 (1%)
[2026-06-18T14:29:10.881+0800][3.543s][info][gc,mmu      ] GC(12) Y: MMU: 2ms/98.5%, 5ms/99.1%, 10ms/99.5%, 20ms/99.7%, 50ms/99.8%, 100ms/99.9%
[2026-06-18T14:29:10.882+0800][3.543s][info][gc,marking  ] GC(12) Y: Mark: 2 stripe(s), 1 proactive flush(es), 1 terminate flush(es), 0 completion(s), 0 continuation(s) 
[2026-06-18T14:29:10.882+0800][3.544s][info][gc,nmethod  ] GC(12) Y: NMethods: 85 registered, 6 unregistered
[2026-06-18T14:29:10.883+0800][3.544s][info][gc,metaspace] GC(12) Y: Metaspace: 0M used, 0M committed, 1088M reserved
[2026-06-18T14:29:10.883+0800][3.545s][info][gc,reloc    ] GC(12) Y:                        Candidates     Selected     In-Place         Size        Empty    Relocated 
[2026-06-18T14:29:10.883+0800][3.545s][info][gc,reloc    ] GC(12) Y: Small Pages:                   48           12            0          96M          66M           3M 
[2026-06-18T14:29:10.884+0800][3.545s][info][gc,reloc    ] GC(12) Y: Medium Pages:                   2            0            0          16M           0M           0M 
[2026-06-18T14:29:10.884+0800][3.545s][info][gc,reloc    ] GC(12) Y: Large Pages:                    2            0            0           4M           0M           0M 
[2026-06-18T14:29:10.884+0800][3.546s][info][gc,reloc    ] GC(12) Y: Forwarding Usage: 0M
[2026-06-18T14:29:10.884+0800][3.546s][info][gc,reloc    ] GC(12) Y: Age Table:
[2026-06-18T14:29:10.885+0800][3.546s][info][gc,reloc    ] GC(12) Y:                    Live             Garbage             Small              Medium             Large        
[2026-06-18T14:29:10.885+0800][3.546s][info][gc,reloc    ] GC(12) Y: Eden              16M (7%)           99M (39%)         48 / 12             2 / 0              2 / 0        
[2026-06-18T14:29:10.885+0800][3.547s][info][gc,heap     ] GC(12) Y: Min Capacity: 256M(100%)
[2026-06-18T14:29:10.885+0800][3.547s][info][gc,heap     ] GC(12) Y: Max Capacity: 256M(100%)
[2026-06-18T14:29:10.886+0800][3.547s][info][gc,heap     ] GC(12) Y: Soft Max Capacity: 256M(100%)
[2026-06-18T14:29:10.886+0800][3.547s][info][gc,heap     ] GC(12) Y: Heap Statistics:
[2026-06-18T14:29:10.886+0800][3.547s][info][gc,heap     ] GC(12) Y:                Mark Start          Mark End        Relocate Start      Relocate End           High               Low         
[2026-06-18T14:29:10.886+0800][3.548s][info][gc,heap     ] GC(12) Y:  Capacity:      256M (100%)        256M (100%)        256M (100%)        256M (100%)        256M (100%)        256M (100%)   
[2026-06-18T14:29:10.886+0800][3.548s][info][gc,heap     ] GC(12) Y:      Free:      108M (42%)         108M (42%)         174M (68%)         196M (77%)         196M (77%)         108M (42%)    
[2026-06-18T14:29:10.887+0800][3.548s][info][gc,heap     ] GC(12) Y:      Used:      148M (58%)         148M (58%)          82M (32%)          60M (23%)         148M (58%)          60M (23%)    
[2026-06-18T14:29:10.887+0800][3.548s][info][gc,heap     ] GC(12) Y: Young Generation Statistics:
[2026-06-18T14:29:10.887+0800][3.549s][info][gc,heap     ] GC(12) Y:                Mark Start          Mark End        Relocate Start      Relocate End    
[2026-06-18T14:29:10.887+0800][3.549s][info][gc,heap     ] GC(12) Y:      Used:      116M (45%)         116M (45%)          30M (12%)           0M (0%)     
[2026-06-18T14:29:10.888+0800][3.549s][info][gc,heap     ] GC(12) Y:      Live:         -                16M (7%)            5M (2%)            0M (0%)     
[2026-06-18T14:29:10.888+0800][3.549s][info][gc,heap     ] GC(12) Y:   Garbage:         -                99M (39%)          24M (10%)           0M (0%)     
[2026-06-18T14:29:10.889+0800][3.550s][info][gc,heap     ] GC(12) Y: Allocated:         -                 0M (0%)            0M (0%)            0M (0%)     
[2026-06-18T14:29:10.889+0800][3.550s][info][gc,heap     ] GC(12) Y: Reclaimed:         -                  -                74M (29%)          99M (39%)    
[2026-06-18T14:29:10.889+0800][3.551s][info][gc,heap     ] GC(12) Y:  Promoted:         -                  -                11M (5%)           16M (7%)     
[2026-06-18T14:29:10.889+0800][3.551s][info][gc,heap     ] GC(12) Y: Compacted:         -                  -                  -                 0M (0%)     
[2026-06-18T14:29:10.890+0800][3.551s][info][gc,phases   ] GC(12) Y: Young Generation (Promote All) 148M(58%)->60M(23%) 0.024s
[2026-06-18T14:29:10.890+0800][3.551s][info][gc,phases   ] GC(12) Y: Young Generation (Collect Roots)
[2026-06-18T14:29:10.890+0800][3.552s][info][gc,phases   ] GC(12) Y: Pause Mark Start (Major) 0.014ms
[2026-06-18T14:29:10.891+0800][3.552s][info][gc,phases   ] GC(12) Y: Concurrent Mark 0.363ms
[2026-06-18T14:29:10.891+0800][3.553s][info][gc,phases   ] GC(12) Y: Pause Mark End 0.008ms
[2026-06-18T14:29:10.892+0800][3.553s][info][gc,phases   ] GC(12) Y: Concurrent Mark Free 0.001ms
[2026-06-18T14:29:10.892+0800][3.553s][info][gc,phases   ] GC(12) Y: Concurrent Reset Relocation Set 0.003ms
[2026-06-18T14:29:10.892+0800][3.554s][info][gc,reloc    ] GC(12) Y: Using tenuring threshold: 0 (Computed)
[2026-06-18T14:29:10.892+0800][3.554s][info][gc,phases   ] GC(12) Y: Concurrent Select Relocation Set 0.284ms
[2026-06-18T14:29:10.893+0800][3.554s][info][gc,phases   ] GC(12) Y: Pause Relocate Start 0.005ms
[2026-06-18T14:29:10.893+0800][3.554s][info][gc,phases   ] GC(12) Y: Concurrent Relocate 0.057ms
[2026-06-18T14:29:10.893+0800][3.555s][info][gc,alloc    ] GC(12) Y:                         Mark Start        Mark End      Relocate Start    Relocate End   
[2026-06-18T14:29:10.894+0800][3.555s][info][gc,alloc    ] GC(12) Y: Allocation Stalls:          0                0                0                0         
[2026-06-18T14:29:10.895+0800][3.556s][info][gc,load     ] GC(12) Y: Load: 0.65 (3%) / 0.37 (2%) / 0.31 (1%)
[2026-06-18T14:29:10.896+0800][3.557s][info][gc,mmu      ] GC(12) Y: MMU: 2ms/98.5%, 5ms/99.1%, 10ms/99.5%, 20ms/99.7%, 50ms/99.8%, 100ms/99.9%
[2026-06-18T14:29:10.896+0800][3.557s][info][gc,marking  ] GC(12) Y: Mark: 2 stripe(s), 1 proactive flush(es), 1 terminate flush(es), 0 completion(s), 0 continuation(s) 
[2026-06-18T14:29:10.896+0800][3.558s][info][gc,nmethod  ] GC(12) Y: NMethods: 85 registered, 6 unregistered
[2026-06-18T14:29:10.897+0800][3.558s][info][gc,metaspace] GC(12) Y: Metaspace: 0M used, 0M committed, 1088M reserved
[2026-06-18T14:29:10.897+0800][3.558s][info][gc,heap     ] GC(12) Y: Min Capacity: 256M(100%)
[2026-06-18T14:29:10.897+0800][3.559s][info][gc,heap     ] GC(12) Y: Max Capacity: 256M(100%)
[2026-06-18T14:29:10.897+0800][3.559s][info][gc,heap     ] GC(12) Y: Soft Max Capacity: 256M(100%)
[2026-06-18T14:29:10.898+0800][3.559s][info][gc,heap     ] GC(12) Y: Heap Statistics:
[2026-06-18T14:29:10.898+0800][3.559s][info][gc,heap     ] GC(12) Y:                Mark Start          Mark End        Relocate Start      Relocate End           High               Low         
[2026-06-18T14:29:10.898+0800][3.560s][info][gc,heap     ] GC(12) Y:  Capacity:      256M (100%)        256M (100%)        256M (100%)        256M (100%)        256M (100%)        256M (100%)   
[2026-06-18T14:29:10.898+0800][3.560s][info][gc,heap     ] GC(12) Y:      Free:      196M (77%)         196M (77%)         196M (77%)         196M (77%)         196M (77%)         196M (77%)    
[2026-06-18T14:29:10.899+0800][3.560s][info][gc,heap     ] GC(12) Y:      Used:       60M (23%)          60M (23%)          60M (23%)          60M (23%)          60M (23%)          60M (23%)    
[2026-06-18T14:29:10.899+0800][3.560s][info][gc,heap     ] GC(12) Y: Young Generation Statistics:
[2026-06-18T14:29:10.899+0800][3.561s][info][gc,heap     ] GC(12) Y:                Mark Start          Mark End        Relocate Start      Relocate End    
[2026-06-18T14:29:10.899+0800][3.561s][info][gc,heap     ] GC(12) Y:      Used:        0M (0%)            0M (0%)            0M (0%)            0M (0%)     
[2026-06-18T14:29:10.900+0800][3.561s][info][gc,heap     ] GC(12) Y:      Live:         -                 0M (0%)            0M (0%)            0M (0%)     
[2026-06-18T14:29:10.900+0800][3.562s][info][gc,heap     ] GC(12) Y:   Garbage:         -                 0M (0%)            0M (0%)            0M (0%)     
[2026-06-18T14:29:10.901+0800][3.562s][info][gc,heap     ] GC(12) Y: Allocated:         -                 0M (0%)            0M (0%)            0M (0%)     
[2026-06-18T14:29:10.901+0800][3.562s][info][gc,heap     ] GC(12) Y: Reclaimed:         -                  -                 0M (0%)            0M (0%)     
[2026-06-18T14:29:10.901+0800][3.563s][info][gc,heap     ] GC(12) Y:  Promoted:         -                  -                 0M (0%)            0M (0%)     
[2026-06-18T14:29:10.902+0800][3.563s][info][gc,heap     ] GC(12) Y: Compacted:         -                  -                  -                 0M (0%)     
[2026-06-18T14:29:10.902+0800][3.563s][info][gc,phases   ] GC(12) Y: Young Generation (Collect Roots) 60M(23%)->60M(23%) 0.003s
[2026-06-18T14:29:10.902+0800][3.564s][info][gc,phases   ] GC(12) O: Old Generation
[2026-06-18T14:29:10.903+0800][3.565s][info][gc,phases   ] GC(12) O: Concurrent Mark 0.730ms
[2026-06-18T14:29:10.903+0800][3.565s][info][gc,phases   ] GC(12) O: Pause Mark End 0.010ms
[2026-06-18T14:29:10.904+0800][3.565s][info][gc,phases   ] GC(12) O: Concurrent Mark Free 0.002ms
[2026-06-18T14:29:10.904+0800][3.566s][info][gc,phases   ] GC(12) O: Concurrent Process Non-Strong 0.279ms
[2026-06-18T14:29:10.905+0800][3.566s][info][gc,phases   ] GC(12) O: Concurrent Reset Relocation Set 0.001ms
[2026-06-18T14:29:10.905+0800][3.566s][info][gc,phases   ] GC(12) O: Concurrent Select Relocation Set 0.063ms
[2026-06-18T14:29:10.905+0800][3.567s][info][gc,task     ] GC(12) O: Using 2 Workers for Old Generation
[2026-06-18T14:29:10.906+0800][3.567s][info][gc,task     ] GC(12) O: Using 2 Workers for Old Generation
[2026-06-18T14:29:10.906+0800][3.568s][info][gc,phases   ] GC(12) O: Concurrent Remap Roots 0.879ms
[2026-06-18T14:29:10.906+0800][3.568s][info][gc,phases   ] GC(12) O: Pause Relocate Start 0.007ms
[2026-06-18T14:29:10.907+0800][3.569s][info][gc,phases   ] GC(12) O: Concurrent Relocate 0.655ms
[2026-06-18T14:29:10.908+0800][3.569s][info][gc,alloc    ] GC(12) O:                         Mark Start        Mark End      Relocate Start    Relocate End   
[2026-06-18T14:29:10.908+0800][3.570s][info][gc,alloc    ] GC(12) O: Allocation Stalls:          0                0                0                0         
[2026-06-18T14:29:10.908+0800][3.570s][info][gc,load     ] GC(12) O: Load: 0.65 (3%) / 0.37 (2%) / 0.31 (1%)
[2026-06-18T14:29:10.909+0800][3.570s][info][gc,mmu      ] GC(12) O: MMU: 2ms/98.5%, 5ms/99.1%, 10ms/99.5%, 20ms/99.7%, 50ms/99.8%, 100ms/99.9%
[2026-06-18T14:29:10.909+0800][3.570s][info][gc,marking  ] GC(12) O: Mark: 2 stripe(s), 1 proactive flush(es), 1 terminate flush(es), 0 completion(s), 0 continuation(s) 
[2026-06-18T14:29:10.909+0800][3.571s][info][gc,nmethod  ] GC(12) O: NMethods: 85 registered, 6 unregistered
[2026-06-18T14:29:10.909+0800][3.571s][info][gc,metaspace] GC(12) O: Metaspace: 0M used, 0M committed, 1088M reserved
[2026-06-18T14:29:10.910+0800][3.571s][info][gc,ref      ] GC(12) O:                       Encountered   Discovered     Enqueued 
[2026-06-18T14:29:10.910+0800][3.571s][info][gc,ref      ] GC(12) O: Soft References:                2            0            0 
[2026-06-18T14:29:10.910+0800][3.572s][info][gc,ref      ] GC(12) O: Weak References:                6            0            0 
[2026-06-18T14:29:10.910+0800][3.572s][info][gc,ref      ] GC(12) O: Final References:               0            0            0 
[2026-06-18T14:29:10.911+0800][3.572s][info][gc,ref      ] GC(12) O: Phantom References:             1            1            0 
[2026-06-18T14:29:10.911+0800][3.573s][info][gc,reloc    ] GC(12) O:                        Candidates     Selected     In-Place         Size        Empty    Relocated 
[2026-06-18T14:29:10.912+0800][3.573s][info][gc,reloc    ] GC(12) O: Small Pages:                    9            2            0          18M           8M           1M 
[2026-06-18T14:29:10.912+0800][3.574s][info][gc,reloc    ] GC(12) O: Medium Pages:                   4            1            0          32M           8M           2M 
[2026-06-18T14:29:10.913+0800][3.574s][info][gc,reloc    ] GC(12) O: Large Pages:                    5            0            0          10M           0M           0M 
[2026-06-18T14:29:10.913+0800][3.574s][info][gc,reloc    ] GC(12) O: Forwarding Usage: 0M
[2026-06-18T14:29:10.913+0800][3.575s][info][gc,heap     ] GC(12) O: Min Capacity: 256M(100%)
[2026-06-18T14:29:10.913+0800][3.575s][info][gc,heap     ] GC(12) O: Max Capacity: 256M(100%)
[2026-06-18T14:29:10.914+0800][3.575s][info][gc,heap     ] GC(12) O: Soft Max Capacity: 256M(100%)
[2026-06-18T14:29:10.914+0800][3.575s][info][gc,heap     ] GC(12) O: Heap Statistics:
[2026-06-18T14:29:10.914+0800][3.576s][info][gc,heap     ] GC(12) O:                Mark Start          Mark End        Relocate Start      Relocate End           High               Low         
[2026-06-18T14:29:10.914+0800][3.576s][info][gc,heap     ] GC(12) O:  Capacity:      256M (100%)        256M (100%)        256M (100%)        256M (100%)        256M (100%)        256M (100%)   
[2026-06-18T14:29:10.915+0800][3.576s][info][gc,heap     ] GC(12) O:      Free:      196M (77%)         196M (77%)         212M (83%)         222M (87%)         222M (87%)         196M (77%)    
[2026-06-18T14:29:10.915+0800][3.576s][info][gc,heap     ] GC(12) O:      Used:       60M (23%)          60M (23%)          44M (17%)          34M (13%)          60M (23%)          34M (13%)    
[2026-06-18T14:29:10.915+0800][3.576s][info][gc,heap     ] GC(12) O: Old Generation Statistics:
[2026-06-18T14:29:10.915+0800][3.577s][info][gc,heap     ] GC(12) O:                Mark Start          Mark End        Relocate Start      Relocate End    
[2026-06-18T14:29:10.915+0800][3.577s][info][gc,heap     ] GC(12) O:      Used:       60M (23%)          60M (23%)          44M (17%)          34M (13%)    
[2026-06-18T14:29:10.916+0800][3.577s][info][gc,heap     ] GC(12) O:      Live:         -                26M (10%)          26M (10%)          26M (10%)    
[2026-06-18T14:29:10.916+0800][3.577s][info][gc,heap     ] GC(12) O:   Garbage:         -                33M (13%)          17M (7%)            1M (1%)     
[2026-06-18T14:29:10.916+0800][3.578s][info][gc,heap     ] GC(12) O: Allocated:         -                 0M (0%)            0M (0%)            5M (2%)     
[2026-06-18T14:29:10.916+0800][3.578s][info][gc,heap     ] GC(12) O: Reclaimed:         -                  -                16M (6%)           31M (12%)    
[2026-06-18T14:29:10.916+0800][3.578s][info][gc,heap     ] GC(12) O: Compacted:         -                  -                  -                 6M (2%)     
[2026-06-18T14:29:10.917+0800][3.578s][info][gc,phases   ] GC(12) O: Old Generation 60M(23%)->34M(13%) 0.006s
[2026-06-18T14:29:10.917+0800][3.579s][info][gc          ] GC(12) Major Collection (System.gc()) 148M(58%)->34M(13%) 0.068s
[2026-06-18T14:29:11.283+0800][3.944s][info][gc          ] GC(13) Major Collection (Allocation Rate)
[2026-06-18T14:29:11.284+0800][3.946s][info][gc,task     ] GC(13) Using 1 Workers for Young Generation
[2026-06-18T14:29:11.285+0800][3.947s][info][gc,task     ] GC(13) Using 1 Workers for Old Generation
[2026-06-18T14:29:11.286+0800][3.948s][info][gc,phases   ] GC(13) Y: Young Generation
[2026-06-18T14:29:11.287+0800][3.949s][info][gc,phases   ] GC(13) Y: Pause Mark Start (Major) 0.013ms
[2026-06-18T14:29:11.289+0800][3.951s][info][gc,phases   ] GC(13) Y: Concurrent Mark 0.685ms
[2026-06-18T14:29:11.290+0800][3.952s][info][gc,phases   ] GC(13) Y: Pause Mark End 0.008ms
[2026-06-18T14:29:11.291+0800][3.952s][info][gc,phases   ] GC(13) Y: Concurrent Mark Free 0.001ms
[2026-06-18T14:29:11.292+0800][3.953s][info][gc,phases   ] GC(13) Y: Concurrent Reset Relocation Set 0.000ms
[2026-06-18T14:29:11.292+0800][3.954s][info][gc,reloc    ] GC(13) Y: Using tenuring threshold: 1 (Computed)
[2026-06-18T14:29:11.293+0800][3.955s][info][gc,phases   ] GC(13) Y: Concurrent Select Relocation Set 0.963ms
[2026-06-18T14:29:11.294+0800][3.956s][info][gc,phases   ] GC(13) Y: Pause Relocate Start 0.007ms
[2026-06-18T14:29:11.296+0800][3.957s][info][gc,phases   ] GC(13) Y: Concurrent Relocate 0.791ms
[2026-06-18T14:29:11.297+0800][3.958s][info][gc,alloc    ] GC(13) Y:                         Mark Start        Mark End      Relocate Start    Relocate End   
[2026-06-18T14:29:11.298+0800][3.959s][info][gc,alloc    ] GC(13) Y: Allocation Stalls:          0                0                0                0         
[2026-06-18T14:29:11.299+0800][3.960s][info][gc,load     ] GC(13) Y: Load: 0.65 (3%) / 0.37 (2%) / 0.31 (1%)
[2026-06-18T14:29:11.300+0800][3.961s][info][gc,mmu      ] GC(13) Y: MMU: 2ms/98.5%, 5ms/99.1%, 10ms/99.5%, 20ms/99.7%, 50ms/99.8%, 100ms/99.9%
[2026-06-18T14:29:11.300+0800][3.962s][info][gc,marking  ] GC(13) Y: Mark: 1 stripe(s), 1 proactive flush(es), 1 terminate flush(es), 0 completion(s), 0 continuation(s) 
[2026-06-18T14:29:11.301+0800][3.963s][info][gc,nmethod  ] GC(13) Y: NMethods: 85 registered, 6 unregistered
[2026-06-18T14:29:11.302+0800][3.963s][info][gc,metaspace] GC(13) Y: Metaspace: 0M used, 0M committed, 1088M reserved
[2026-06-18T14:29:11.303+0800][3.964s][info][gc,reloc    ] GC(13) Y:                        Candidates     Selected     In-Place         Size        Empty    Relocated 
[2026-06-18T14:29:11.304+0800][3.965s][info][gc,reloc    ] GC(13) Y: Small Pages:                   65           12            0         130M          98M           4M 
[2026-06-18T14:29:11.304+0800][3.966s][info][gc,reloc    ] GC(13) Y: Medium Pages:                   2            0            0          16M           0M           0M 
[2026-06-18T14:29:11.305+0800][3.967s][info][gc,reloc    ] GC(13) Y: Large Pages:                    1            0            0           2M           0M           0M 
[2026-06-18T14:29:11.306+0800][3.967s][info][gc,reloc    ] GC(13) Y: Forwarding Usage: 0M
[2026-06-18T14:29:11.307+0800][3.969s][info][gc,reloc    ] GC(13) Y: Age Table:
[2026-06-18T14:29:11.310+0800][3.971s][info][gc,reloc    ] GC(13) Y:                    Live             Garbage             Small              Medium             Large        
[2026-06-18T14:29:11.311+0800][3.972s][info][gc,reloc    ] GC(13) Y: Eden              19M (8%)          128M (50%)         65 / 12             2 / 0              1 / 0        
[2026-06-18T14:29:11.312+0800][3.973s][info][gc,heap     ] GC(13) Y: Min Capacity: 256M(100%)
[2026-06-18T14:29:11.312+0800][3.974s][info][gc,heap     ] GC(13) Y: Max Capacity: 256M(100%)
[2026-06-18T14:29:11.313+0800][3.974s][info][gc,heap     ] GC(13) Y: Soft Max Capacity: 256M(100%)
[2026-06-18T14:29:11.313+0800][3.975s][info][gc,heap     ] GC(13) Y: Heap Statistics:
[2026-06-18T14:29:11.315+0800][3.976s][info][gc,heap     ] GC(13) Y:                Mark Start          Mark End        Relocate Start      Relocate End           High               Low         
[2026-06-18T14:29:11.316+0800][3.977s][info][gc,heap     ] GC(13) Y:  Capacity:      256M (100%)        256M (100%)        256M (100%)        256M (100%)        256M (100%)        256M (100%)   
[2026-06-18T14:29:11.316+0800][3.978s][info][gc,heap     ] GC(13) Y:      Free:       74M (29%)          74M (29%)         172M (67%)         196M (77%)         196M (77%)          74M (29%)    
[2026-06-18T14:29:11.317+0800][3.979s][info][gc,heap     ] GC(13) Y:      Used:      182M (71%)         182M (71%)          84M (33%)          60M (23%)         182M (71%)          60M (23%)    
[2026-06-18T14:29:11.318+0800][3.980s][info][gc,heap     ] GC(13) Y: Young Generation Statistics:
[2026-06-18T14:29:11.320+0800][3.981s][info][gc,heap     ] GC(13) Y:                Mark Start          Mark End        Relocate Start      Relocate End    
[2026-06-18T14:29:11.321+0800][3.982s][info][gc,heap     ] GC(13) Y:      Used:      148M (58%)         148M (58%)          50M (20%)          26M (10%)    
[2026-06-18T14:29:11.322+0800][3.983s][info][gc,heap     ] GC(13) Y:      Live:         -                19M (8%)           19M (8%)           19M (8%)     
[2026-06-18T14:29:11.323+0800][3.985s][info][gc,heap     ] GC(13) Y:   Garbage:         -               128M (50%)          30M (12%)           5M (2%)     
[2026-06-18T14:29:11.324+0800][3.986s][info][gc,heap     ] GC(13) Y: Allocated:         -                 0M (0%)            0M (0%)            1M (1%)     
[2026-06-18T14:29:11.325+0800][3.987s][info][gc,heap     ] GC(13) Y: Reclaimed:         -                  -                98M (38%)         123M (48%)    
[2026-06-18T14:29:11.326+0800][3.988s][info][gc,heap     ] GC(13) Y:  Promoted:         -                  -                 0M (0%)            0M (0%)     
[2026-06-18T14:29:11.327+0800][3.989s][info][gc,heap     ] GC(13) Y: Compacted:         -                  -                  -                 6M (3%)     
[2026-06-18T14:29:11.328+0800][3.989s][info][gc,phases   ] GC(13) Y: Young Generation 182M(71%)->60M(23%) 0.011s
[2026-06-18T14:29:11.329+0800][3.990s][info][gc,phases   ] GC(13) O: Old Generation
[2026-06-18T14:29:11.331+0800][3.993s][info][gc,phases   ] GC(13) O: Concurrent Mark 1.239ms
[2026-06-18T14:29:11.332+0800][3.994s][info][gc,phases   ] GC(13) O: Pause Mark End 0.016ms
[2026-06-18T14:29:11.333+0800][3.995s][info][gc,phases   ] GC(13) O: Concurrent Mark Free 0.002ms
[2026-06-18T14:29:11.334+0800][3.996s][info][gc,phases   ] GC(13) O: Concurrent Process Non-Strong 0.305ms
[2026-06-18T14:29:11.335+0800][3.997s][info][gc,phases   ] GC(13) O: Concurrent Reset Relocation Set 0.001ms
[2026-06-18T14:29:11.336+0800][3.997s][info][gc,phases   ] GC(13) O: Concurrent Select Relocation Set 0.101ms
[2026-06-18T14:29:11.337+0800][3.998s][info][gc,task     ] GC(13) O: Using 2 Workers for Old Generation
[2026-06-18T14:29:11.338+0800][3.999s][info][gc,task     ] GC(13) O: Using 1 Workers for Old Generation
[2026-06-18T14:29:11.338+0800][4.000s][info][gc,phases   ] GC(13) O: Concurrent Remap Roots 1.641ms
[2026-06-18T14:29:11.340+0800][4.001s][info][gc,phases   ] GC(13) O: Pause Relocate Start 0.010ms
[2026-06-18T14:29:11.341+0800][4.002s][info][gc,phases   ] GC(13) O: Concurrent Relocate 0.074ms
[2026-06-18T14:29:11.342+0800][4.003s][info][gc,alloc    ] GC(13) O:                         Mark Start        Mark End      Relocate Start    Relocate End   
[2026-06-18T14:29:11.343+0800][4.004s][info][gc,alloc    ] GC(13) O: Allocation Stalls:          0                0                0                0         
[2026-06-18T14:29:11.343+0800][4.005s][info][gc,load     ] GC(13) O: Load: 0.65 (3%) / 0.37 (2%) / 0.31 (1%)
[2026-06-18T14:29:11.344+0800][4.006s][info][gc,mmu      ] GC(13) O: MMU: 2ms/98.5%, 5ms/99.1%, 10ms/99.5%, 20ms/99.7%, 50ms/99.8%, 100ms/99.9%
[2026-06-18T14:29:11.345+0800][4.007s][info][gc,marking  ] GC(13) O: Mark: 1 stripe(s), 1 proactive flush(es), 1 terminate flush(es), 0 completion(s), 0 continuation(s) 
[2026-06-18T14:29:11.346+0800][4.007s][info][gc,nmethod  ] GC(13) O: NMethods: 85 registered, 6 unregistered
[2026-06-18T14:29:11.347+0800][4.008s][info][gc,metaspace] GC(13) O: Metaspace: 0M used, 0M committed, 1088M reserved
[2026-06-18T14:29:11.347+0800][4.009s][info][gc,ref      ] GC(13) O:                       Encountered   Discovered     Enqueued 
[2026-06-18T14:29:11.348+0800][4.010s][info][gc,ref      ] GC(13) O: Soft References:                2            0            0 
[2026-06-18T14:29:11.349+0800][4.011s][info][gc,ref      ] GC(13) O: Weak References:                6            0            0 
[2026-06-18T14:29:11.350+0800][4.012s][info][gc,ref      ] GC(13) O: Final References:               0            0            0 
[2026-06-18T14:29:11.351+0800][4.013s][info][gc,ref      ] GC(13) O: Phantom References:             1            1            0 
[2026-06-18T14:29:11.352+0800][4.014s][info][gc,reloc    ] GC(13) O:                        Candidates     Selected     In-Place         Size        Empty    Relocated 
[2026-06-18T14:29:11.353+0800][4.015s][info][gc,reloc    ] GC(13) O: Small Pages:                    4            0            0           8M           6M           0M 
[2026-06-18T14:29:11.354+0800][4.016s][info][gc,reloc    ] GC(13) O: Medium Pages:                   2            0            0          16M           8M           0M 
[2026-06-18T14:29:11.355+0800][4.017s][info][gc,reloc    ] GC(13) O: Large Pages:                    5            0            0          10M           0M           0M 
[2026-06-18T14:29:11.356+0800][4.017s][info][gc,reloc    ] GC(13) O: Forwarding Usage: 0M
[2026-06-18T14:29:11.357+0800][4.018s][info][gc,heap     ] GC(13) O: Min Capacity: 256M(100%)
[2026-06-18T14:29:11.357+0800][4.019s][info][gc,heap     ] GC(13) O: Max Capacity: 256M(100%)
[2026-06-18T14:29:11.358+0800][4.020s][info][gc,heap     ] GC(13) O: Soft Max Capacity: 256M(100%)
[2026-06-18T14:29:11.359+0800][4.020s][info][gc,heap     ] GC(13) O: Heap Statistics:
[2026-06-18T14:29:11.359+0800][4.021s][info][gc,heap     ] GC(13) O:                Mark Start          Mark End        Relocate Start      Relocate End           High               Low         
[2026-06-18T14:29:11.360+0800][4.022s][info][gc,heap     ] GC(13) O:  Capacity:      256M (100%)        256M (100%)        256M (100%)        256M (100%)        256M (100%)        256M (100%)   
[2026-06-18T14:29:11.361+0800][4.022s][info][gc,heap     ] GC(13) O:      Free:       74M (29%)         196M (77%)         210M (82%)         210M (82%)         210M (82%)          74M (29%)    
[2026-06-18T14:29:11.362+0800][4.023s][info][gc,heap     ] GC(13) O:      Used:      182M (71%)          60M (23%)          46M (18%)          46M (18%)         182M (71%)          46M (18%)    
[2026-06-18T14:29:11.362+0800][4.024s][info][gc,heap     ] GC(13) O: Old Generation Statistics:
[2026-06-18T14:29:11.363+0800][4.024s][info][gc,heap     ] GC(13) O:                Mark Start          Mark End        Relocate Start      Relocate End    
[2026-06-18T14:29:11.363+0800][4.025s][info][gc,heap     ] GC(13) O:      Used:       34M (13%)          34M (13%)          20M (8%)           20M (8%)     
[2026-06-18T14:29:11.364+0800][4.026s][info][gc,heap     ] GC(13) O:      Live:         -                13M (5%)           13M (5%)           13M (5%)     
[2026-06-18T14:29:11.365+0800][4.026s][info][gc,heap     ] GC(13) O:   Garbage:         -                20M (8%)            6M (3%)            6M (3%)     
[2026-06-18T14:29:11.366+0800][4.027s][info][gc,heap     ] GC(13) O: Allocated:         -                 0M (0%)            0M (0%)            0M (0%)     
[2026-06-18T14:29:11.366+0800][4.028s][info][gc,heap     ] GC(13) O: Reclaimed:         -                  -                14M (5%)           14M (5%)     
[2026-06-18T14:29:11.367+0800][4.029s][info][gc,heap     ] GC(13) O: Compacted:         -                  -                  -                 0M (0%)     
[2026-06-18T14:29:11.368+0800][4.030s][info][gc,phases   ] GC(13) O: Old Generation 60M(23%)->46M(18%) 0.013s
[2026-06-18T14:29:11.369+0800][4.030s][info][gc          ] GC(13) Major Collection (Allocation Rate) 182M(71%)->46M(18%) 0.086s
[2026-06-18T14:29:11.369+0800][4.031s][info][gc          ] GC(14) Major Collection (System.gc())
[2026-06-18T14:29:11.370+0800][4.032s][info][gc,task     ] GC(14) Using 2 Workers for Young Generation
[2026-06-18T14:29:11.371+0800][4.032s][info][gc,task     ] GC(14) Using 2 Workers for Old Generation
[2026-06-18T14:29:11.372+0800][4.033s][info][gc,phases   ] GC(14) Y: Young Generation (Promote All)
[2026-06-18T14:29:11.372+0800][4.034s][info][gc,phases   ] GC(14) Y: Pause Mark Start 0.013ms
[2026-06-18T14:29:11.373+0800][4.035s][info][gc,phases   ] GC(14) Y: Concurrent Mark 0.393ms
[2026-06-18T14:29:11.374+0800][4.036s][info][gc,phases   ] GC(14) Y: Pause Mark End 0.007ms
[2026-06-18T14:29:11.375+0800][4.036s][info][gc,phases   ] GC(14) Y: Concurrent Mark Free 0.001ms
[2026-06-18T14:29:11.376+0800][4.037s][info][gc,phases   ] GC(14) Y: Concurrent Reset Relocation Set 0.001ms
[2026-06-18T14:29:11.377+0800][4.038s][info][gc,reloc    ] GC(14) Y: Using tenuring threshold: 0 (Promote All)
[2026-06-18T14:29:11.379+0800][4.040s][info][gc,phases   ] GC(14) Y: Concurrent Select Relocation Set 2.292ms
[2026-06-18T14:29:11.380+0800][4.041s][info][gc,phases   ] GC(14) Y: Pause Relocate Start 0.011ms
[2026-06-18T14:29:11.381+0800][4.042s][info][gc,phases   ] GC(14) Y: Concurrent Relocate 0.102ms
[2026-06-18T14:29:11.381+0800][4.043s][info][gc,alloc    ] GC(14) Y:                         Mark Start        Mark End      Relocate Start    Relocate End   
[2026-06-18T14:29:11.382+0800][4.044s][info][gc,alloc    ] GC(14) Y: Allocation Stalls:          0                0                0                0         
[2026-06-18T14:29:11.382+0800][4.044s][info][gc,load     ] GC(14) Y: Load: 0.65 (3%) / 0.37 (2%) / 0.31 (1%)
[2026-06-18T14:29:11.383+0800][4.045s][info][gc,mmu      ] GC(14) Y: MMU: 2ms/98.5%, 5ms/99.1%, 10ms/99.5%, 20ms/99.7%, 50ms/99.8%, 100ms/99.9%
[2026-06-18T14:29:11.384+0800][4.045s][info][gc,marking  ] GC(14) Y: Mark: 2 stripe(s), 1 proactive flush(es), 1 terminate flush(es), 0 completion(s), 0 continuation(s) 
[2026-06-18T14:29:11.384+0800][4.046s][info][gc,nmethod  ] GC(14) Y: NMethods: 85 registered, 6 unregistered
[2026-06-18T14:29:11.385+0800][4.046s][info][gc,metaspace] GC(14) Y: Metaspace: 0M used, 0M committed, 1088M reserved
[2026-06-18T14:29:11.386+0800][4.047s][info][gc,reloc    ] GC(14) Y:                        Candidates     Selected     In-Place         Size        Empty    Relocated 
[2026-06-18T14:29:11.386+0800][4.048s][info][gc,reloc    ] GC(14) Y: Small Pages:                    4            0            0           8M           0M           0M 
[2026-06-18T14:29:11.387+0800][4.049s][info][gc,reloc    ] GC(14) Y: Medium Pages:                   2            0            0          16M           0M           0M 
[2026-06-18T14:29:11.388+0800][4.050s][info][gc,reloc    ] GC(14) Y: Large Pages:                    1            0            0           2M           0M           0M 
[2026-06-18T14:29:11.389+0800][4.050s][info][gc,reloc    ] GC(14) Y: Forwarding Usage: 0M
[2026-06-18T14:29:11.390+0800][4.051s][info][gc,reloc    ] GC(14) Y: Age Table:
[2026-06-18T14:29:11.390+0800][4.052s][info][gc,reloc    ] GC(14) Y:                    Live             Garbage             Small              Medium             Large        
[2026-06-18T14:29:11.391+0800][4.053s][info][gc,reloc    ] GC(14) Y: Eden                -                 0M (0%)           0 / 0              0 / 0              0 / 0        
[2026-06-18T14:29:11.392+0800][4.053s][info][gc,reloc    ] GC(14) Y: Survivor 1        19M (8%)            6M (3%)           4 / 0              2 / 0              1 / 0        
[2026-06-18T14:29:11.392+0800][4.054s][info][gc,heap     ] GC(14) Y: Min Capacity: 256M(100%)
[2026-06-18T14:29:11.393+0800][4.054s][info][gc,heap     ] GC(14) Y: Max Capacity: 256M(100%)
[2026-06-18T14:29:11.393+0800][4.055s][info][gc,heap     ] GC(14) Y: Soft Max Capacity: 256M(100%)
[2026-06-18T14:29:11.394+0800][4.055s][info][gc,heap     ] GC(14) Y: Heap Statistics:
[2026-06-18T14:29:11.395+0800][4.056s][info][gc,heap     ] GC(14) Y:                Mark Start          Mark End        Relocate Start      Relocate End           High               Low         
[2026-06-18T14:29:11.395+0800][4.057s][info][gc,heap     ] GC(14) Y:  Capacity:      256M (100%)        256M (100%)        256M (100%)        256M (100%)        256M (100%)        256M (100%)   
[2026-06-18T14:29:11.396+0800][4.057s][info][gc,heap     ] GC(14) Y:      Free:      210M (82%)         210M (82%)         210M (82%)         210M (82%)         210M (82%)         210M (82%)    
[2026-06-18T14:29:11.396+0800][4.058s][info][gc,heap     ] GC(14) Y:      Used:       46M (18%)          46M (18%)          46M (18%)          46M (18%)          46M (18%)          46M (18%)    
[2026-06-18T14:29:11.397+0800][4.058s][info][gc,heap     ] GC(14) Y: Young Generation Statistics:
[2026-06-18T14:29:11.397+0800][4.059s][info][gc,heap     ] GC(14) Y:                Mark Start          Mark End        Relocate Start      Relocate End    
[2026-06-18T14:29:11.398+0800][4.059s][info][gc,heap     ] GC(14) Y:      Used:       26M (10%)          26M (10%)           0M (0%)            0M (0%)     
[2026-06-18T14:29:11.398+0800][4.060s][info][gc,heap     ] GC(14) Y:      Live:         -                19M (8%)            0M (0%)            0M (0%)     
[2026-06-18T14:29:11.398+0800][4.060s][info][gc,heap     ] GC(14) Y:   Garbage:         -                 6M (3%)            0M (0%)            0M (0%)     
[2026-06-18T14:29:11.399+0800][4.061s][info][gc,heap     ] GC(14) Y: Allocated:         -                 0M (0%)            0M (0%)            0M (0%)     
[2026-06-18T14:29:11.400+0800][4.061s][info][gc,heap     ] GC(14) Y: Reclaimed:         -                  -                 6M (3%)            6M (3%)     
[2026-06-18T14:29:11.400+0800][4.062s][info][gc,heap     ] GC(14) Y:  Promoted:         -                  -                19M (8%)           19M (8%)     
[2026-06-18T14:29:11.401+0800][4.063s][info][gc,heap     ] GC(14) Y: Compacted:         -                  -                  -                 0M (0%)     
[2026-06-18T14:29:11.402+0800][4.063s][info][gc,phases   ] GC(14) Y: Young Generation (Promote All) 46M(18%)->46M(18%) 0.010s
[2026-06-18T14:29:11.402+0800][4.064s][info][gc,phases   ] GC(14) Y: Young Generation (Collect Roots)
[2026-06-18T14:29:11.403+0800][4.064s][info][gc,phases   ] GC(14) Y: Pause Mark Start (Major) 0.015ms
[2026-06-18T14:29:11.404+0800][4.066s][info][gc,phases   ] GC(14) Y: Concurrent Mark 0.403ms
[2026-06-18T14:29:11.405+0800][4.066s][info][gc,phases   ] GC(14) Y: Pause Mark End 0.007ms
[2026-06-18T14:29:11.405+0800][4.067s][info][gc,phases   ] GC(14) Y: Concurrent Mark Free 0.001ms
[2026-06-18T14:29:11.406+0800][4.068s][info][gc,phases   ] GC(14) Y: Concurrent Reset Relocation Set 0.005ms
[2026-06-18T14:29:11.407+0800][4.068s][info][gc,reloc    ] GC(14) Y: Using tenuring threshold: 0 (Computed)
[2026-06-18T14:29:11.407+0800][4.069s][info][gc,phases   ] GC(14) Y: Concurrent Select Relocation Set 0.718ms
[2026-06-18T14:29:11.408+0800][4.069s][info][gc,phases   ] GC(14) Y: Pause Relocate Start 0.011ms
[2026-06-18T14:29:11.409+0800][4.070s][info][gc,phases   ] GC(14) Y: Concurrent Relocate 0.080ms
[2026-06-18T14:29:11.409+0800][4.070s][info][gc,alloc    ] GC(14) Y:                         Mark Start        Mark End      Relocate Start    Relocate End   
[2026-06-18T14:29:11.410+0800][4.071s][info][gc,alloc    ] GC(14) Y: Allocation Stalls:          0                0                0                0         
[2026-06-18T14:29:11.410+0800][4.071s][info][gc,load     ] GC(14) Y: Load: 0.65 (3%) / 0.37 (2%) / 0.31 (1%)
[2026-06-18T14:29:11.411+0800][4.072s][info][gc,mmu      ] GC(14) Y: MMU: 2ms/98.5%, 5ms/99.1%, 10ms/99.5%, 20ms/99.7%, 50ms/99.8%, 100ms/99.9%
[2026-06-18T14:29:11.411+0800][4.073s][info][gc,marking  ] GC(14) Y: Mark: 2 stripe(s), 1 proactive flush(es), 1 terminate flush(es), 0 completion(s), 0 continuation(s) 
[2026-06-18T14:29:11.413+0800][4.075s][info][gc,nmethod  ] GC(14) Y: NMethods: 85 registered, 6 unregistered
[2026-06-18T14:29:11.414+0800][4.075s][info][gc,metaspace] GC(14) Y: Metaspace: 0M used, 0M committed, 1088M reserved
[2026-06-18T14:29:11.415+0800][4.076s][info][gc,heap     ] GC(14) Y: Min Capacity: 256M(100%)
[2026-06-18T14:29:11.415+0800][4.077s][info][gc,heap     ] GC(14) Y: Max Capacity: 256M(100%)
[2026-06-18T14:29:11.416+0800][4.077s][info][gc,heap     ] GC(14) Y: Soft Max Capacity: 256M(100%)
[2026-06-18T14:29:11.417+0800][4.078s][info][gc,heap     ] GC(14) Y: Heap Statistics:
[2026-06-18T14:29:11.419+0800][4.080s][info][gc,heap     ] GC(14) Y:                Mark Start          Mark End        Relocate Start      Relocate End           High               Low         
[2026-06-18T14:29:11.420+0800][4.081s][info][gc,heap     ] GC(14) Y:  Capacity:      256M (100%)        256M (100%)        256M (100%)        256M (100%)        256M (100%)        256M (100%)   
[2026-06-18T14:29:11.420+0800][4.082s][info][gc,heap     ] GC(14) Y:      Free:      210M (82%)         210M (82%)         210M (82%)         210M (82%)         210M (82%)         210M (82%)    
[2026-06-18T14:29:11.424+0800][4.085s][info][gc,heap     ] GC(14) Y:      Used:       46M (18%)          46M (18%)          46M (18%)          46M (18%)          46M (18%)          46M (18%)    
[2026-06-18T14:29:11.424+0800][4.086s][info][gc,heap     ] GC(14) Y: Young Generation Statistics:
[2026-06-18T14:29:11.425+0800][4.086s][info][gc,heap     ] GC(14) Y:                Mark Start          Mark End        Relocate Start      Relocate End    
[2026-06-18T14:29:11.427+0800][4.088s][info][gc,heap     ] GC(14) Y:      Used:        0M (0%)            0M (0%)            0M (0%)            0M (0%)     
[2026-06-18T14:29:11.427+0800][4.089s][info][gc,heap     ] GC(14) Y:      Live:         -                 0M (0%)            0M (0%)            0M (0%)     
[2026-06-18T14:29:11.428+0800][4.089s][info][gc,heap     ] GC(14) Y:   Garbage:         -                 0M (0%)            0M (0%)            0M (0%)     
[2026-06-18T14:29:11.428+0800][4.090s][info][gc,heap     ] GC(14) Y: Allocated:         -                 0M (0%)            0M (0%)            0M (0%)     
[2026-06-18T14:29:11.429+0800][4.090s][info][gc,heap     ] GC(14) Y: Reclaimed:         -                  -                 0M (0%)            0M (0%)     
[2026-06-18T14:29:11.429+0800][4.091s][info][gc,heap     ] GC(14) Y:  Promoted:         -                  -                 0M (0%)            0M (0%)     
[2026-06-18T14:29:11.430+0800][4.091s][info][gc,heap     ] GC(14) Y: Compacted:         -                  -                  -                 0M (0%)     
[2026-06-18T14:29:11.430+0800][4.092s][info][gc,phases   ] GC(14) Y: Young Generation (Collect Roots) 46M(18%)->46M(18%) 0.007s
[2026-06-18T14:29:11.431+0800][4.093s][info][gc,phases   ] GC(14) O: Old Generation
[2026-06-18T14:29:11.435+0800][4.096s][info][gc,phases   ] GC(14) O: Concurrent Mark 0.819ms
[2026-06-18T14:29:11.437+0800][4.098s][info][gc,phases   ] GC(14) O: Pause Mark End 0.012ms
[2026-06-18T14:29:11.437+0800][4.099s][info][gc,phases   ] GC(14) O: Concurrent Mark Free 0.001ms
[2026-06-18T14:29:11.438+0800][4.099s][info][gc,phases   ] GC(14) O: Concurrent Process Non-Strong 0.274ms
[2026-06-18T14:29:11.439+0800][4.100s][info][gc,phases   ] GC(14) O: Concurrent Reset Relocation Set 0.000ms
[2026-06-18T14:29:11.439+0800][4.101s][info][gc,phases   ] GC(14) O: Concurrent Select Relocation Set 0.138ms
[2026-06-18T14:29:11.441+0800][4.103s][info][gc,task     ] GC(14) O: Using 2 Workers for Old Generation
[2026-06-18T14:29:11.442+0800][4.104s][info][gc,task     ] GC(14) O: Using 2 Workers for Old Generation
[2026-06-18T14:29:11.443+0800][4.104s][info][gc,phases   ] GC(14) O: Concurrent Remap Roots 1.579ms
[2026-06-18T14:29:11.443+0800][4.105s][info][gc,phases   ] GC(14) O: Pause Relocate Start 0.011ms
[2026-06-18T14:29:11.445+0800][4.107s][info][gc,phases   ] GC(14) O: Concurrent Relocate 1.257ms
[2026-06-18T14:29:11.446+0800][4.107s][info][gc,alloc    ] GC(14) O:                         Mark Start        Mark End      Relocate Start    Relocate End   
[2026-06-18T14:29:11.447+0800][4.108s][info][gc,alloc    ] GC(14) O: Allocation Stalls:          0                0                0                0         
[2026-06-18T14:29:11.447+0800][4.109s][info][gc,load     ] GC(14) O: Load: 0.65 (3%) / 0.37 (2%) / 0.31 (1%)
[2026-06-18T14:29:11.447+0800][4.109s][info][gc,mmu      ] GC(14) O: MMU: 2ms/98.5%, 5ms/99.1%, 10ms/99.5%, 20ms/99.7%, 50ms/99.8%, 100ms/99.9%
[2026-06-18T14:29:11.448+0800][4.110s][info][gc,marking  ] GC(14) O: Mark: 2 stripe(s), 1 proactive flush(es), 1 terminate flush(es), 0 completion(s), 0 continuation(s) 
[2026-06-18T14:29:11.449+0800][4.111s][info][gc,nmethod  ] GC(14) O: NMethods: 85 registered, 6 unregistered
[2026-06-18T14:29:11.450+0800][4.112s][info][gc,metaspace] GC(14) O: Metaspace: 0M used, 0M committed, 1088M reserved
[2026-06-18T14:29:11.451+0800][4.112s][info][gc,ref      ] GC(14) O:                       Encountered   Discovered     Enqueued 
[2026-06-18T14:29:11.451+0800][4.113s][info][gc,ref      ] GC(14) O: Soft References:                2            0            0 
[2026-06-18T14:29:11.452+0800][4.113s][info][gc,ref      ] GC(14) O: Weak References:                6            0            0 
[2026-06-18T14:29:11.453+0800][4.114s][info][gc,ref      ] GC(14) O: Final References:               0            0            0 
[2026-06-18T14:29:11.453+0800][4.115s][info][gc,ref      ] GC(14) O: Phantom References:             1            1            0 
[2026-06-18T14:29:11.454+0800][4.115s][info][gc,reloc    ] GC(14) O:                        Candidates     Selected     In-Place         Size        Empty    Relocated 
[2026-06-18T14:29:11.454+0800][4.116s][info][gc,reloc    ] GC(14) O: Small Pages:                    5            1            0          10M           0M           0M 
[2026-06-18T14:29:11.455+0800][4.116s][info][gc,reloc    ] GC(14) O: Medium Pages:                   3            1            0          24M           0M           5M 
[2026-06-18T14:29:11.456+0800][4.117s][info][gc,reloc    ] GC(14) O: Large Pages:                    6            0            0          12M           0M           0M 
[2026-06-18T14:29:11.456+0800][4.118s][info][gc,reloc    ] GC(14) O: Forwarding Usage: 0M
[2026-06-18T14:29:11.456+0800][4.118s][info][gc,heap     ] GC(14) O: Min Capacity: 256M(100%)
[2026-06-18T14:29:11.457+0800][4.118s][info][gc,heap     ] GC(14) O: Max Capacity: 256M(100%)
[2026-06-18T14:29:11.458+0800][4.119s][info][gc,heap     ] GC(14) O: Soft Max Capacity: 256M(100%)
[2026-06-18T14:29:11.458+0800][4.120s][info][gc,heap     ] GC(14) O: Heap Statistics:
[2026-06-18T14:29:11.459+0800][4.120s][info][gc,heap     ] GC(14) O:                Mark Start          Mark End        Relocate Start      Relocate End           High               Low         
[2026-06-18T14:29:11.459+0800][4.121s][info][gc,heap     ] GC(14) O:  Capacity:      256M (100%)        256M (100%)        256M (100%)        256M (100%)        256M (100%)        256M (100%)   
[2026-06-18T14:29:11.460+0800][4.121s][info][gc,heap     ] GC(14) O:      Free:      210M (82%)         210M (82%)         210M (82%)         218M (85%)         218M (85%)         202M (79%)    
[2026-06-18T14:29:11.460+0800][4.122s][info][gc,heap     ] GC(14) O:      Used:       46M (18%)          46M (18%)          46M (18%)          38M (15%)          54M (21%)          38M (15%)    
[2026-06-18T14:29:11.461+0800][4.122s][info][gc,heap     ] GC(14) O: Old Generation Statistics:
[2026-06-18T14:29:11.462+0800][4.123s][info][gc,heap     ] GC(14) O:                Mark Start          Mark End        Relocate Start      Relocate End    
[2026-06-18T14:29:11.463+0800][4.124s][info][gc,heap     ] GC(14) O:      Used:       46M (18%)          46M (18%)          46M (18%)          38M (15%)    
[2026-06-18T14:29:11.463+0800][4.125s][info][gc,heap     ] GC(14) O:      Live:         -                32M (13%)          32M (13%)          32M (13%)    
[2026-06-18T14:29:11.464+0800][4.125s][info][gc,heap     ] GC(14) O:   Garbage:         -                13M (5%)           13M (5%)            0M (0%)     
[2026-06-18T14:29:11.464+0800][4.126s][info][gc,heap     ] GC(14) O: Allocated:         -                 0M (0%)            0M (0%)            5M (2%)     
[2026-06-18T14:29:11.465+0800][4.126s][info][gc,heap     ] GC(14) O: Reclaimed:         -                  -                 0M (0%)           13M (5%)     
[2026-06-18T14:29:11.465+0800][4.127s][info][gc,heap     ] GC(14) O: Compacted:         -                  -                  -                14M (6%)     
[2026-06-18T14:29:11.466+0800][4.128s][info][gc,phases   ] GC(14) O: Old Generation 46M(18%)->38M(15%) 0.015s
[2026-06-18T14:29:11.466+0800][4.128s][info][gc          ] GC(14) Major Collection (System.gc()) 46M(18%)->38M(15%) 0.097s
[2026-06-18T14:29:11.887+0800][4.549s][info][gc          ] GC(15) Minor Collection (Allocation Rate)
[2026-06-18T14:29:11.889+0800][4.550s][info][gc,task     ] GC(15) Using 1 Workers for Young Generation
[2026-06-18T14:29:11.889+0800][4.551s][info][gc,phases   ] GC(15) y: Young Generation
[2026-06-18T14:29:11.890+0800][4.552s][info][gc,phases   ] GC(15) y: Pause Mark Start 0.010ms
[2026-06-18T14:29:11.891+0800][4.552s][info][gc,phases   ] GC(15) y: Concurrent Mark 0.493ms
[2026-06-18T14:29:11.891+0800][4.553s][info][gc,phases   ] GC(15) y: Pause Mark End 0.007ms
[2026-06-18T14:29:11.892+0800][4.553s][info][gc,phases   ] GC(15) y: Concurrent Mark Free 0.001ms
[2026-06-18T14:29:11.892+0800][4.554s][info][gc,phases   ] GC(15) y: Concurrent Reset Relocation Set 0.000ms
[2026-06-18T14:29:11.893+0800][4.554s][info][gc,reloc    ] GC(15) y: Using tenuring threshold: 1 (Computed)
[2026-06-18T14:29:11.894+0800][4.555s][info][gc,phases   ] GC(15) y: Concurrent Select Relocation Set 0.888ms
[2026-06-18T14:29:11.894+0800][4.556s][info][gc,phases   ] GC(15) y: Pause Relocate Start 0.007ms
[2026-06-18T14:29:11.896+0800][4.557s][info][gc,phases   ] GC(15) y: Concurrent Relocate 1.086ms
[2026-06-18T14:29:11.896+0800][4.557s][info][gc,alloc    ] GC(15) y:                         Mark Start        Mark End      Relocate Start    Relocate End   
[2026-06-18T14:29:11.896+0800][4.558s][info][gc,alloc    ] GC(15) y: Allocation Stalls:          0                0                0                0         
[2026-06-18T14:29:11.897+0800][4.558s][info][gc,load     ] GC(15) y: Load: 0.65 (3%) / 0.37 (2%) / 0.31 (1%)
[2026-06-18T14:29:11.897+0800][4.558s][info][gc,mmu      ] GC(15) y: MMU: 2ms/98.5%, 5ms/99.1%, 10ms/99.5%, 20ms/99.7%, 50ms/99.8%, 100ms/99.9%
[2026-06-18T14:29:11.897+0800][4.558s][info][gc,marking  ] GC(15) y: Mark: 1 stripe(s), 1 proactive flush(es), 1 terminate flush(es), 0 completion(s), 0 continuation(s) 
[2026-06-18T14:29:11.897+0800][4.559s][info][gc,nmethod  ] GC(15) y: NMethods: 87 registered, 6 unregistered
[2026-06-18T14:29:11.897+0800][4.559s][info][gc,metaspace] GC(15) y: Metaspace: 0M used, 0M committed, 1088M reserved
[2026-06-18T14:29:11.898+0800][4.559s][info][gc,reloc    ] GC(15) y:                        Candidates     Selected     In-Place         Size        Empty    Relocated 
[2026-06-18T14:29:11.898+0800][4.559s][info][gc,reloc    ] GC(15) y: Small Pages:                   74           11            0         148M         118M           3M 
[2026-06-18T14:29:11.898+0800][4.560s][info][gc,reloc    ] GC(15) y: Medium Pages:                   2            1            0          16M           0M           5M 
[2026-06-18T14:29:11.898+0800][4.560s][info][gc,reloc    ] GC(15) y: Large Pages:                    2            0            0           4M           0M           0M 
[2026-06-18T14:29:11.898+0800][4.560s][info][gc,reloc    ] GC(15) y: Forwarding Usage: 0M
[2026-06-18T14:29:11.899+0800][4.560s][info][gc,reloc    ] GC(15) y: Age Table:
[2026-06-18T14:29:11.899+0800][4.561s][info][gc,reloc    ] GC(15) y:                    Live             Garbage             Small              Medium             Large        
[2026-06-18T14:29:11.900+0800][4.561s][info][gc,reloc    ] GC(15) y: Eden              16M (6%)          151M (59%)         74 / 11             2 / 1              2 / 0        
[2026-06-18T14:29:11.900+0800][4.561s][info][gc,heap     ] GC(15) y: Min Capacity: 256M(100%)
[2026-06-18T14:29:11.900+0800][4.562s][info][gc,heap     ] GC(15) y: Max Capacity: 256M(100%)
[2026-06-18T14:29:11.901+0800][4.562s][info][gc,heap     ] GC(15) y: Soft Max Capacity: 256M(100%)
[2026-06-18T14:29:11.901+0800][4.562s][info][gc,heap     ] GC(15) y: Heap Statistics:
[2026-06-18T14:29:11.901+0800][4.563s][info][gc,heap     ] GC(15) y:                Mark Start          Mark End        Relocate Start      Relocate End           High               Low         
[2026-06-18T14:29:11.901+0800][4.563s][info][gc,heap     ] GC(15) y:  Capacity:      256M (100%)        256M (100%)        256M (100%)        256M (100%)        256M (100%)        256M (100%)   
[2026-06-18T14:29:11.902+0800][4.563s][info][gc,heap     ] GC(15) y:      Free:       50M (20%)          50M (20%)         168M (66%)         198M (77%)         198M (77%)          50M (20%)    
[2026-06-18T14:29:11.902+0800][4.563s][info][gc,heap     ] GC(15) y:      Used:      206M (80%)         206M (80%)          88M (34%)          58M (23%)         206M (80%)          58M (23%)    
[2026-06-18T14:29:11.902+0800][4.564s][info][gc,heap     ] GC(15) y: Young Generation Statistics:
[2026-06-18T14:29:11.902+0800][4.564s][info][gc,heap     ] GC(15) y:                Mark Start          Mark End        Relocate Start      Relocate End    
[2026-06-18T14:29:11.902+0800][4.564s][info][gc,heap     ] GC(15) y:      Used:      168M (66%)         168M (66%)          50M (20%)          20M (8%)     
[2026-06-18T14:29:11.903+0800][4.564s][info][gc,heap     ] GC(15) y:      Live:         -                16M (6%)           16M (6%)           16M (6%)     
[2026-06-18T14:29:11.903+0800][4.564s][info][gc,heap     ] GC(15) y:   Garbage:         -               151M (59%)          33M (13%)           0M (0%)     
[2026-06-18T14:29:11.904+0800][4.565s][info][gc,heap     ] GC(15) y: Allocated:         -                 0M (0%)            0M (0%)            2M (1%)     
[2026-06-18T14:29:11.904+0800][4.566s][info][gc,heap     ] GC(15) y: Reclaimed:         -                  -               118M (46%)         150M (59%)    
[2026-06-18T14:29:11.905+0800][4.566s][info][gc,heap     ] GC(15) y:  Promoted:         -                  -                 0M (0%)            0M (0%)     
[2026-06-18T14:29:11.906+0800][4.567s][info][gc,heap     ] GC(15) y: Compacted:         -                  -                  -                11M (4%)     
[2026-06-18T14:29:11.906+0800][4.568s][info][gc,phases   ] GC(15) y: Young Generation 206M(80%)->58M(23%) 0.006s
[2026-06-18T14:29:11.907+0800][4.569s][info][gc          ] GC(15) Minor Collection (Allocation Rate) 206M(80%)->62M(24%) 0.020s
[2026-06-18T14:29:12.254+0800][4.916s][info][gc          ] GC(16) Minor Collection (Allocation Rate)
[2026-06-18T14:29:12.255+0800][4.917s][info][gc,task     ] GC(16) Using 1 Workers for Young Generation
[2026-06-18T14:29:12.256+0800][4.917s][info][gc,phases   ] GC(16) y: Young Generation
[2026-06-18T14:29:12.256+0800][4.918s][info][gc,phases   ] GC(16) y: Pause Mark Start 0.010ms
[2026-06-18T14:29:12.257+0800][4.919s][info][gc,phases   ] GC(16) y: Concurrent Mark 0.493ms
[2026-06-18T14:29:12.258+0800][4.920s][info][gc,phases   ] GC(16) y: Pause Mark End 0.007ms
[2026-06-18T14:29:12.260+0800][4.921s][info][gc,phases   ] GC(16) y: Concurrent Mark Free 0.002ms
[2026-06-18T14:29:12.261+0800][4.922s][info][gc,phases   ] GC(16) y: Concurrent Reset Relocation Set 0.003ms
[2026-06-18T14:29:12.262+0800][4.923s][info][gc,reloc    ] GC(16) y: Using tenuring threshold: 2 (Computed)
[2026-06-18T14:29:12.263+0800][4.924s][info][gc,phases   ] GC(16) y: Concurrent Select Relocation Set 0.985ms
[2026-06-18T14:29:12.264+0800][4.925s][info][gc,phases   ] GC(16) y: Pause Relocate Start 0.009ms
[2026-06-18T14:29:12.266+0800][4.927s][info][gc,phases   ] GC(16) y: Concurrent Relocate 1.330ms
[2026-06-18T14:29:12.267+0800][4.928s][info][gc,alloc    ] GC(16) y:                         Mark Start        Mark End      Relocate Start    Relocate End   
[2026-06-18T14:29:12.267+0800][4.929s][info][gc,alloc    ] GC(16) y: Allocation Stalls:          0                0                0                0         
[2026-06-18T14:29:12.268+0800][4.929s][info][gc,load     ] GC(16) y: Load: 0.65 (3%) / 0.37 (2%) / 0.31 (1%)
[2026-06-18T14:29:12.268+0800][4.930s][info][gc,mmu      ] GC(16) y: MMU: 2ms/98.5%, 5ms/99.1%, 10ms/99.5%, 20ms/99.7%, 50ms/99.8%, 100ms/99.9%
[2026-06-18T14:29:12.269+0800][4.930s][info][gc,marking  ] GC(16) y: Mark: 1 stripe(s), 1 proactive flush(es), 1 terminate flush(es), 0 completion(s), 0 continuation(s) 
[2026-06-18T14:29:12.269+0800][4.930s][info][gc,nmethod  ] GC(16) y: NMethods: 89 registered, 6 unregistered
[2026-06-18T14:29:12.269+0800][4.931s][info][gc,metaspace] GC(16) y: Metaspace: 0M used, 0M committed, 1088M reserved
[2026-06-18T14:29:12.270+0800][4.931s][info][gc,reloc    ] GC(16) y:                        Candidates     Selected     In-Place         Size        Empty    Relocated 
[2026-06-18T14:29:12.270+0800][4.931s][info][gc,reloc    ] GC(16) y: Small Pages:                   69           10            0         138M         108M           4M 
[2026-06-18T14:29:12.270+0800][4.932s][info][gc,reloc    ] GC(16) y: Medium Pages:                   3            0            0          24M           8M           0M 
[2026-06-18T14:29:12.270+0800][4.932s][info][gc,reloc    ] GC(16) y: Large Pages:                    4            0            0           8M           0M           0M 
[2026-06-18T14:29:12.271+0800][4.932s][info][gc,reloc    ] GC(16) y: Forwarding Usage: 0M
[2026-06-18T14:29:12.271+0800][4.933s][info][gc,reloc    ] GC(16) y: Age Table:
[2026-06-18T14:29:12.272+0800][4.933s][info][gc,reloc    ] GC(16) y:                    Live             Garbage             Small              Medium             Large        
[2026-06-18T14:29:12.272+0800][4.934s][info][gc,reloc    ] GC(16) y: Eden              21M (8%)          128M (50%)         65 / 10             2 / 0              2 / 0        
[2026-06-18T14:29:12.273+0800][4.934s][info][gc,reloc    ] GC(16) y: Survivor 1         4M (2%)           16M (6%)           4 / 0              1 / 0              2 / 0        
[2026-06-18T14:29:12.273+0800][4.934s][info][gc,heap     ] GC(16) y: Min Capacity: 256M(100%)
[2026-06-18T14:29:12.273+0800][4.935s][info][gc,heap     ] GC(16) y: Max Capacity: 256M(100%)
[2026-06-18T14:29:12.273+0800][4.935s][info][gc,heap     ] GC(16) y: Soft Max Capacity: 256M(100%)
[2026-06-18T14:29:12.274+0800][4.935s][info][gc,heap     ] GC(16) y: Heap Statistics:
[2026-06-18T14:29:12.274+0800][4.935s][info][gc,heap     ] GC(16) y:                Mark Start          Mark End        Relocate Start      Relocate End           High               Low         
[2026-06-18T14:29:12.274+0800][4.936s][info][gc,heap     ] GC(16) y:  Capacity:      256M (100%)        256M (100%)        256M (100%)        256M (100%)        256M (100%)        256M (100%)   
[2026-06-18T14:29:12.274+0800][4.936s][info][gc,heap     ] GC(16) y:      Free:       48M (19%)          48M (19%)         164M (64%)         180M (70%)         180M (70%)          48M (19%)    
[2026-06-18T14:29:12.274+0800][4.936s][info][gc,heap     ] GC(16) y:      Used:      208M (81%)         208M (81%)          92M (36%)          76M (30%)         208M (81%)          76M (30%)    
[2026-06-18T14:29:12.275+0800][4.936s][info][gc,heap     ] GC(16) y: Young Generation Statistics:
[2026-06-18T14:29:12.275+0800][4.936s][info][gc,heap     ] GC(16) y:                Mark Start          Mark End        Relocate Start      Relocate End    
[2026-06-18T14:29:12.275+0800][4.937s][info][gc,heap     ] GC(16) y:      Used:      170M (66%)         170M (66%)          54M (21%)          38M (15%)    
[2026-06-18T14:29:12.275+0800][4.937s][info][gc,heap     ] GC(16) y:      Live:         -                25M (10%)          25M (10%)          25M (10%)    
[2026-06-18T14:29:12.277+0800][4.938s][info][gc,heap     ] GC(16) y:   Garbage:         -               144M (56%)          28M (11%)           6M (3%)     
[2026-06-18T14:29:12.278+0800][4.940s][info][gc,heap     ] GC(16) y: Allocated:         -                 0M (0%)            0M (0%)            5M (2%)     
[2026-06-18T14:29:12.281+0800][4.942s][info][gc,heap     ] GC(16) y: Reclaimed:         -                  -               116M (45%)         137M (54%)    
[2026-06-18T14:29:12.281+0800][4.943s][info][gc,heap     ] GC(16) y:  Promoted:         -                  -                 0M (0%)            0M (0%)     
[2026-06-18T14:29:12.282+0800][4.943s][info][gc,heap     ] GC(16) y: Compacted:         -                  -                  -                 6M (3%)     
[2026-06-18T14:29:12.282+0800][4.943s][info][gc,phases   ] GC(16) y: Young Generation 208M(81%)->76M(30%) 0.011s
[2026-06-18T14:29:12.282+0800][4.944s][info][gc          ] GC(16) Minor Collection (Allocation Rate) 208M(81%)->80M(31%) 0.028s
[2026-06-18T14:29:12.338+0800][4.999s][info][gc          ] GC(17) Major Collection (System.gc())
[2026-06-18T14:29:12.341+0800][5.003s][info][gc,task     ] GC(17) Using 2 Workers for Young Generation
[2026-06-18T14:29:12.344+0800][5.006s][info][gc,task     ] GC(17) Using 2 Workers for Old Generation
[2026-06-18T14:29:12.348+0800][5.009s][info][gc,phases   ] GC(17) Y: Young Generation (Promote All)
[2026-06-18T14:29:12.349+0800][5.011s][info][gc,phases   ] GC(17) Y: Pause Mark Start 0.017ms
[2026-06-18T14:29:12.352+0800][5.013s][info][gc,phases   ] GC(17) Y: Concurrent Mark 1.117ms
[2026-06-18T14:29:12.353+0800][5.015s][info][gc,phases   ] GC(17) Y: Pause Mark End 0.014ms
[2026-06-18T14:29:12.354+0800][5.016s][info][gc,phases   ] GC(17) Y: Concurrent Mark Free 0.002ms
[2026-06-18T14:29:12.356+0800][5.017s][info][gc,phases   ] GC(17) Y: Concurrent Reset Relocation Set 0.002ms
[2026-06-18T14:29:12.357+0800][5.018s][info][gc,reloc    ] GC(17) Y: Using tenuring threshold: 0 (Promote All)
[2026-06-18T14:29:12.358+0800][5.020s][info][gc,phases   ] GC(17) Y: Concurrent Select Relocation Set 1.591ms
[2026-06-18T14:29:12.359+0800][5.021s][info][gc,phases   ] GC(17) Y: Pause Relocate Start 0.011ms
[2026-06-18T14:29:12.361+0800][5.023s][info][gc,phases   ] GC(17) Y: Concurrent Relocate 0.600ms
[2026-06-18T14:29:12.363+0800][5.024s][info][gc,alloc    ] GC(17) Y:                         Mark Start        Mark End      Relocate Start    Relocate End   
[2026-06-18T14:29:12.364+0800][5.025s][info][gc,alloc    ] GC(17) Y: Allocation Stalls:          0                0                0                0         
[2026-06-18T14:29:12.365+0800][5.027s][info][gc,load     ] GC(17) Y: Load: 0.65 (3%) / 0.37 (2%) / 0.31 (1%)
[2026-06-18T14:29:12.366+0800][5.027s][info][gc,mmu      ] GC(17) Y: MMU: 2ms/98.5%, 5ms/99.1%, 10ms/99.5%, 20ms/99.7%, 50ms/99.8%, 100ms/99.9%
[2026-06-18T14:29:12.367+0800][5.029s][info][gc,marking  ] GC(17) Y: Mark: 2 stripe(s), 1 proactive flush(es), 1 terminate flush(es), 0 completion(s), 0 continuation(s) 
[2026-06-18T14:29:12.368+0800][5.029s][info][gc,nmethod  ] GC(17) Y: NMethods: 89 registered, 6 unregistered
[2026-06-18T14:29:12.368+0800][5.030s][info][gc,metaspace] GC(17) Y: Metaspace: 0M used, 0M committed, 1088M reserved
[2026-06-18T14:29:12.369+0800][5.030s][info][gc,reloc    ] GC(17) Y:                        Candidates     Selected     In-Place         Size        Empty    Relocated 
[2026-06-18T14:29:12.369+0800][5.031s][info][gc,reloc    ] GC(17) Y: Small Pages:                   20            3            0          40M          26M           1M 
[2026-06-18T14:29:12.369+0800][5.031s][info][gc,reloc    ] GC(17) Y: Medium Pages:                   3            1            0          24M           8M           3M 
[2026-06-18T14:29:12.370+0800][5.031s][info][gc,reloc    ] GC(17) Y: Large Pages:                    4            0            0           8M           0M           0M 
[2026-06-18T14:29:12.370+0800][5.031s][info][gc,reloc    ] GC(17) Y: Forwarding Usage: 0M
[2026-06-18T14:29:12.370+0800][5.032s][info][gc,reloc    ] GC(17) Y: Age Table:
[2026-06-18T14:29:12.370+0800][5.032s][info][gc,reloc    ] GC(17) Y:                    Live             Garbage             Small              Medium             Large        
[2026-06-18T14:29:12.371+0800][5.032s][info][gc,reloc    ] GC(17) Y: Eden               4M (2%)           33M (13%)         15 / 1              1 / 0              0 / 0        
[2026-06-18T14:29:12.371+0800][5.033s][info][gc,reloc    ] GC(17) Y: Survivor 1        11M (4%)           18M (7%)           5 / 2              2 / 1              2 / 0        
[2026-06-18T14:29:12.372+0800][5.033s][info][gc,reloc    ] GC(17) Y: Survivor 2         4M (2%)            0M (0%)           0 / 0              0 / 0              2 / 0        
[2026-06-18T14:29:12.372+0800][5.034s][info][gc,heap     ] GC(17) Y: Min Capacity: 256M(100%)
[2026-06-18T14:29:12.372+0800][5.034s][info][gc,heap     ] GC(17) Y: Max Capacity: 256M(100%)
[2026-06-18T14:29:12.373+0800][5.034s][info][gc,heap     ] GC(17) Y: Soft Max Capacity: 256M(100%)
[2026-06-18T14:29:12.373+0800][5.034s][info][gc,heap     ] GC(17) Y: Heap Statistics:
[2026-06-18T14:29:12.373+0800][5.034s][info][gc,heap     ] GC(17) Y:                Mark Start          Mark End        Relocate Start      Relocate End           High               Low         
[2026-06-18T14:29:12.373+0800][5.035s][info][gc,heap     ] GC(17) Y:  Capacity:      256M (100%)        256M (100%)        256M (100%)        256M (100%)        256M (100%)        256M (100%)   
[2026-06-18T14:29:12.374+0800][5.035s][info][gc,heap     ] GC(17) Y:      Free:      146M (57%)         144M (56%)         178M (70%)         192M (75%)         192M (75%)         144M (56%)    
[2026-06-18T14:29:12.374+0800][5.035s][info][gc,heap     ] GC(17) Y:      Used:      110M (43%)         112M (44%)          78M (30%)          64M (25%)         112M (44%)          64M (25%)    
[2026-06-18T14:29:12.374+0800][5.036s][info][gc,heap     ] GC(17) Y: Young Generation Statistics:
[2026-06-18T14:29:12.374+0800][5.036s][info][gc,heap     ] GC(17) Y:                Mark Start          Mark End        Relocate Start      Relocate End    
[2026-06-18T14:29:12.378+0800][5.039s][info][gc,heap     ] GC(17) Y:      Used:       72M (28%)          74M (29%)          26M (10%)           2M (1%)     
[2026-06-18T14:29:12.379+0800][5.040s][info][gc,heap     ] GC(17) Y:      Live:         -                19M (7%)            7M (3%)            0M (0%)     
[2026-06-18T14:29:12.379+0800][5.040s][info][gc,heap     ] GC(17) Y:   Garbage:         -                52M (21%)          16M (6%)            0M (0%)     
[2026-06-18T14:29:12.379+0800][5.041s][info][gc,heap     ] GC(17) Y: Allocated:         -                 2M (1%)            2M (1%)            2M (1%)     
[2026-06-18T14:29:12.379+0800][5.041s][info][gc,heap     ] GC(17) Y: Reclaimed:         -                  -                36M (14%)          52M (21%)    
[2026-06-18T14:29:12.380+0800][5.041s][info][gc,heap     ] GC(17) Y:  Promoted:         -                  -                11M (5%)           19M (7%)     
[2026-06-18T14:29:12.380+0800][5.041s][info][gc,heap     ] GC(17) Y: Compacted:         -                  -                  -                 0M (0%)     
[2026-06-18T14:29:12.380+0800][5.042s][info][gc,phases   ] GC(17) Y: Young Generation (Promote All) 110M(43%)->64M(25%) 0.015s
[2026-06-18T14:29:12.381+0800][5.042s][info][gc,phases   ] GC(17) Y: Young Generation (Collect Roots)
[2026-06-18T14:29:12.381+0800][5.043s][info][gc,phases   ] GC(17) Y: Pause Mark Start (Major) 0.018ms
[2026-06-18T14:29:12.385+0800][5.046s][info][gc,phases   ] GC(17) Y: Concurrent Mark 0.403ms
[2026-06-18T14:29:12.389+0800][5.050s][info][gc,phases   ] GC(17) Y: Pause Mark End 0.012ms
[2026-06-18T14:29:12.393+0800][5.055s][info][gc,phases   ] GC(17) Y: Concurrent Mark Free 0.002ms
[2026-06-18T14:29:12.400+0800][5.061s][info][gc,phases   ] GC(17) Y: Concurrent Reset Relocation Set 0.008ms
[2026-06-18T14:29:12.405+0800][5.066s][info][gc,reloc    ] GC(17) Y: Using tenuring threshold: 1 (Computed)
[2026-06-18T14:29:12.406+0800][5.067s][info][gc,phases   ] GC(17) Y: Concurrent Select Relocation Set 1.112ms
[2026-06-18T14:29:12.406+0800][5.068s][info][gc,phases   ] GC(17) Y: Pause Relocate Start 0.012ms
[2026-06-18T14:29:12.407+0800][5.068s][info][gc,phases   ] GC(17) Y: Concurrent Relocate 0.074ms
[2026-06-18T14:29:12.407+0800][5.068s][info][gc,alloc    ] GC(17) Y:                         Mark Start        Mark End      Relocate Start    Relocate End   
[2026-06-18T14:29:12.407+0800][5.069s][info][gc,alloc    ] GC(17) Y: Allocation Stalls:          0                0                0                0         
[2026-06-18T14:29:12.407+0800][5.069s][info][gc,load     ] GC(17) Y: Load: 0.65 (3%) / 0.37 (2%) / 0.31 (1%)
[2026-06-18T14:29:12.408+0800][5.069s][info][gc,mmu      ] GC(17) Y: MMU: 2ms/98.5%, 5ms/99.1%, 10ms/99.5%, 20ms/99.7%, 50ms/99.8%, 100ms/99.9%
[2026-06-18T14:29:12.408+0800][5.069s][info][gc,marking  ] GC(17) Y: Mark: 2 stripe(s), 1 proactive flush(es), 1 terminate flush(es), 0 completion(s), 0 continuation(s) 
[2026-06-18T14:29:12.408+0800][5.070s][info][gc,nmethod  ] GC(17) Y: NMethods: 89 registered, 6 unregistered
[2026-06-18T14:29:12.409+0800][5.070s][info][gc,metaspace] GC(17) Y: Metaspace: 0M used, 0M committed, 1088M reserved
[2026-06-18T14:29:12.409+0800][5.070s][info][gc,reloc    ] GC(17) Y:                        Candidates     Selected     In-Place         Size        Empty    Relocated 
[2026-06-18T14:29:12.409+0800][5.070s][info][gc,reloc    ] GC(17) Y: Small Pages:                    1            0            0           2M           0M           0M 
[2026-06-18T14:29:12.409+0800][5.071s][info][gc,reloc    ] GC(17) Y: Medium Pages:                   0            0            0           0M           0M           0M 
[2026-06-18T14:29:12.409+0800][5.071s][info][gc,reloc    ] GC(17) Y: Large Pages:                    0            0            0           0M           0M           0M 
[2026-06-18T14:29:12.410+0800][5.071s][info][gc,reloc    ] GC(17) Y: Forwarding Usage: 0M
[2026-06-18T14:29:12.410+0800][5.071s][info][gc,reloc    ] GC(17) Y: Age Table:
[2026-06-18T14:29:12.410+0800][5.072s][info][gc,reloc    ] GC(17) Y:                    Live             Garbage             Small              Medium             Large        
[2026-06-18T14:29:12.411+0800][5.072s][info][gc,reloc    ] GC(17) Y: Eden               0M (0%)            1M (1%)           1 / 0              0 / 0              0 / 0        
[2026-06-18T14:29:12.411+0800][5.072s][info][gc,heap     ] GC(17) Y: Min Capacity: 256M(100%)
[2026-06-18T14:29:12.412+0800][5.073s][info][gc,heap     ] GC(17) Y: Max Capacity: 256M(100%)
[2026-06-18T14:29:12.412+0800][5.073s][info][gc,heap     ] GC(17) Y: Soft Max Capacity: 256M(100%)
[2026-06-18T14:29:12.412+0800][5.074s][info][gc,heap     ] GC(17) Y: Heap Statistics:
[2026-06-18T14:29:12.413+0800][5.074s][info][gc,heap     ] GC(17) Y:                Mark Start          Mark End        Relocate Start      Relocate End           High               Low         
[2026-06-18T14:29:12.413+0800][5.074s][info][gc,heap     ] GC(17) Y:  Capacity:      256M (100%)        256M (100%)        256M (100%)        256M (100%)        256M (100%)        256M (100%)   
[2026-06-18T14:29:12.413+0800][5.075s][info][gc,heap     ] GC(17) Y:      Free:      192M (75%)         192M (75%)         192M (75%)         192M (75%)         192M (75%)         192M (75%)    
[2026-06-18T14:29:12.413+0800][5.075s][info][gc,heap     ] GC(17) Y:      Used:       64M (25%)          64M (25%)          64M (25%)          64M (25%)          64M (25%)          64M (25%)    
[2026-06-18T14:29:12.414+0800][5.075s][info][gc,heap     ] GC(17) Y: Young Generation Statistics:
[2026-06-18T14:29:12.414+0800][5.075s][info][gc,heap     ] GC(17) Y:                Mark Start          Mark End        Relocate Start      Relocate End    
[2026-06-18T14:29:12.414+0800][5.076s][info][gc,heap     ] GC(17) Y:      Used:        2M (1%)            2M (1%)            2M (1%)            2M (1%)     
[2026-06-18T14:29:12.414+0800][5.076s][info][gc,heap     ] GC(17) Y:      Live:         -                 0M (0%)            0M (0%)            0M (0%)     
[2026-06-18T14:29:12.415+0800][5.076s][info][gc,heap     ] GC(17) Y:   Garbage:         -                 1M (1%)            1M (1%)            1M (1%)     
[2026-06-18T14:29:12.415+0800][5.076s][info][gc,heap     ] GC(17) Y: Allocated:         -                 0M (0%)            0M (0%)            0M (0%)     
[2026-06-18T14:29:12.415+0800][5.077s][info][gc,heap     ] GC(17) Y: Reclaimed:         -                  -                 0M (0%)            0M (0%)     
[2026-06-18T14:29:12.415+0800][5.077s][info][gc,heap     ] GC(17) Y:  Promoted:         -                  -                 0M (0%)            0M (0%)     
[2026-06-18T14:29:12.416+0800][5.077s][info][gc,heap     ] GC(17) Y: Compacted:         -                  -                  -                 0M (0%)     
[2026-06-18T14:29:12.416+0800][5.077s][info][gc,phases   ] GC(17) Y: Young Generation (Collect Roots) 64M(25%)->64M(25%) 0.026s
[2026-06-18T14:29:12.416+0800][5.078s][info][gc,phases   ] GC(17) O: Old Generation
[2026-06-18T14:29:12.417+0800][5.079s][info][gc,phases   ] GC(17) O: Concurrent Mark 0.774ms
[2026-06-18T14:29:12.418+0800][5.079s][info][gc,phases   ] GC(17) O: Pause Mark End 0.010ms
[2026-06-18T14:29:12.418+0800][5.079s][info][gc,phases   ] GC(17) O: Concurrent Mark Free 0.001ms
[2026-06-18T14:29:12.419+0800][5.080s][info][gc,phases   ] GC(17) O: Concurrent Process Non-Strong 0.226ms
[2026-06-18T14:29:12.419+0800][5.080s][info][gc,phases   ] GC(17) O: Concurrent Reset Relocation Set 0.001ms
[2026-06-18T14:29:12.419+0800][5.081s][info][gc,phases   ] GC(17) O: Concurrent Select Relocation Set 0.059ms
[2026-06-18T14:29:12.419+0800][5.081s][info][gc,task     ] GC(17) O: Using 2 Workers for Old Generation
[2026-06-18T14:29:12.420+0800][5.081s][info][gc,task     ] GC(17) O: Using 2 Workers for Old Generation
[2026-06-18T14:29:12.420+0800][5.082s][info][gc,phases   ] GC(17) O: Concurrent Remap Roots 0.620ms
[2026-06-18T14:29:12.420+0800][5.082s][info][gc,phases   ] GC(17) O: Pause Relocate Start 0.006ms
[2026-06-18T14:29:12.421+0800][5.083s][info][gc,phases   ] GC(17) O: Concurrent Relocate 0.706ms
[2026-06-18T14:29:12.422+0800][5.083s][info][gc,alloc    ] GC(17) O:                         Mark Start        Mark End      Relocate Start    Relocate End   
[2026-06-18T14:29:12.422+0800][5.084s][info][gc,alloc    ] GC(17) O: Allocation Stalls:          0                0                0                0         
[2026-06-18T14:29:12.422+0800][5.084s][info][gc,load     ] GC(17) O: Load: 0.65 (3%) / 0.37 (2%) / 0.31 (1%)
[2026-06-18T14:29:12.423+0800][5.084s][info][gc,mmu      ] GC(17) O: MMU: 2ms/98.5%, 5ms/99.1%, 10ms/99.5%, 20ms/99.7%, 50ms/99.8%, 100ms/99.9%
[2026-06-18T14:29:12.423+0800][5.085s][info][gc,marking  ] GC(17) O: Mark: 2 stripe(s), 1 proactive flush(es), 1 terminate flush(es), 0 completion(s), 0 continuation(s) 
[2026-06-18T14:29:12.423+0800][5.085s][info][gc,nmethod  ] GC(17) O: NMethods: 89 registered, 6 unregistered
[2026-06-18T14:29:12.424+0800][5.085s][info][gc,metaspace] GC(17) O: Metaspace: 0M used, 0M committed, 1088M reserved
[2026-06-18T14:29:12.424+0800][5.086s][info][gc,ref      ] GC(17) O:                       Encountered   Discovered     Enqueued 
[2026-06-18T14:29:12.424+0800][5.086s][info][gc,ref      ] GC(17) O: Soft References:                2            0            0 
[2026-06-18T14:29:12.425+0800][5.086s][info][gc,ref      ] GC(17) O: Weak References:                6            0            0 
[2026-06-18T14:29:12.425+0800][5.086s][info][gc,ref      ] GC(17) O: Final References:               0            0            0 
[2026-06-18T14:29:12.425+0800][5.087s][info][gc,ref      ] GC(17) O: Phantom References:             1            1            0 
[2026-06-18T14:29:12.425+0800][5.087s][info][gc,reloc    ] GC(17) O:                        Candidates     Selected     In-Place         Size        Empty    Relocated 
[2026-06-18T14:29:12.426+0800][5.087s][info][gc,reloc    ] GC(17) O: Small Pages:                    9            1            0          18M           8M           1M 
[2026-06-18T14:29:12.426+0800][5.087s][info][gc,reloc    ] GC(17) O: Medium Pages:                   3            1            0          24M           8M           5M 
[2026-06-18T14:29:12.426+0800][5.088s][info][gc,reloc    ] GC(17) O: Large Pages:                   10            0            0          20M           4M           0M 
[2026-06-18T14:29:12.426+0800][5.088s][info][gc,reloc    ] GC(17) O: Forwarding Usage: 0M
[2026-06-18T14:29:12.427+0800][5.088s][info][gc,heap     ] GC(17) O: Min Capacity: 256M(100%)
[2026-06-18T14:29:12.427+0800][5.088s][info][gc,heap     ] GC(17) O: Max Capacity: 256M(100%)
[2026-06-18T14:29:12.427+0800][5.089s][info][gc,heap     ] GC(17) O: Soft Max Capacity: 256M(100%)
[2026-06-18T14:29:12.427+0800][5.089s][info][gc,heap     ] GC(17) O: Heap Statistics:
[2026-06-18T14:29:12.428+0800][5.089s][info][gc,heap     ] GC(17) O:                Mark Start          Mark End        Relocate Start      Relocate End           High               Low         
[2026-06-18T14:29:12.428+0800][5.089s][info][gc,heap     ] GC(17) O:  Capacity:      256M (100%)        256M (100%)        256M (100%)        256M (100%)        256M (100%)        256M (100%)   
[2026-06-18T14:29:12.428+0800][5.090s][info][gc,heap     ] GC(17) O:      Free:      192M (75%)         192M (75%)         212M (83%)         222M (87%)         222M (87%)         192M (75%)    
[2026-06-18T14:29:12.429+0800][5.090s][info][gc,heap     ] GC(17) O:      Used:       64M (25%)          64M (25%)          44M (17%)          34M (13%)          64M (25%)          34M (13%)    
[2026-06-18T14:29:12.429+0800][5.091s][info][gc,heap     ] GC(17) O: Old Generation Statistics:
[2026-06-18T14:29:12.429+0800][5.091s][info][gc,heap     ] GC(17) O:                Mark Start          Mark End        Relocate Start      Relocate End    
[2026-06-18T14:29:12.430+0800][5.091s][info][gc,heap     ] GC(17) O:      Used:       62M (24%)          62M (24%)          42M (16%)          32M (12%)    
[2026-06-18T14:29:12.430+0800][5.091s][info][gc,heap     ] GC(17) O:      Live:         -                28M (11%)          28M (11%)          28M (11%)    
[2026-06-18T14:29:12.430+0800][5.092s][info][gc,heap     ] GC(17) O:   Garbage:         -                33M (13%)          13M (5%)            1M (1%)     
[2026-06-18T14:29:12.430+0800][5.092s][info][gc,heap     ] GC(17) O: Allocated:         -                 0M (0%)            0M (0%)            1M (1%)     
[2026-06-18T14:29:12.431+0800][5.092s][info][gc,heap     ] GC(17) O: Reclaimed:         -                  -                20M (8%)           31M (12%)    
[2026-06-18T14:29:12.431+0800][5.092s][info][gc,heap     ] GC(17) O: Compacted:         -                  -                  -                 8M (3%)     
[2026-06-18T14:29:12.431+0800][5.093s][info][gc,phases   ] GC(17) O: Old Generation 64M(25%)->34M(13%) 0.006s
[2026-06-18T14:29:12.432+0800][5.093s][info][gc          ] GC(17) Major Collection (System.gc()) 110M(43%)->34M(13%) 0.094s
[2026-06-18T14:29:12.896+0800][5.558s][info][gc          ] GC(18) Minor Collection (Allocation Rate)
[2026-06-18T14:29:12.897+0800][5.559s][info][gc,task     ] GC(18) Using 2 Workers for Young Generation
[2026-06-18T14:29:12.899+0800][5.561s][info][gc,phases   ] GC(18) y: Young Generation
[2026-06-18T14:29:12.900+0800][5.562s][info][gc,phases   ] GC(18) y: Pause Mark Start 0.012ms
[2026-06-18T14:29:12.902+0800][5.563s][info][gc,phases   ] GC(18) y: Concurrent Mark 0.541ms
[2026-06-18T14:29:12.903+0800][5.565s][info][gc,phases   ] GC(18) y: Pause Mark End 0.007ms
[2026-06-18T14:29:12.905+0800][5.566s][info][gc,phases   ] GC(18) y: Concurrent Mark Free 0.002ms
[2026-06-18T14:29:12.906+0800][5.567s][info][gc,phases   ] GC(18) y: Concurrent Reset Relocation Set 0.001ms
[2026-06-18T14:29:12.907+0800][5.568s][info][gc,reloc    ] GC(18) y: Using tenuring threshold: 2 (Computed)
[2026-06-18T14:29:12.908+0800][5.569s][info][gc,phases   ] GC(18) y: Concurrent Select Relocation Set 1.403ms
[2026-06-18T14:29:12.910+0800][5.571s][info][gc,phases   ] GC(18) y: Pause Relocate Start 0.009ms
[2026-06-18T14:29:12.911+0800][5.572s][info][gc,phases   ] GC(18) y: Concurrent Relocate 0.541ms
[2026-06-18T14:29:12.912+0800][5.573s][info][gc,alloc    ] GC(18) y:                         Mark Start        Mark End      Relocate Start    Relocate End   
[2026-06-18T14:29:12.912+0800][5.573s][info][gc,alloc    ] GC(18) y: Allocation Stalls:          0                0                0                0         
[2026-06-18T14:29:12.912+0800][5.574s][info][gc,load     ] GC(18) y: Load: 0.65 (3%) / 0.37 (2%) / 0.31 (1%)
[2026-06-18T14:29:12.913+0800][5.574s][info][gc,mmu      ] GC(18) y: MMU: 2ms/98.5%, 5ms/99.1%, 10ms/99.5%, 20ms/99.7%, 50ms/99.8%, 100ms/99.9%
[2026-06-18T14:29:12.913+0800][5.574s][info][gc,marking  ] GC(18) y: Mark: 2 stripe(s), 1 proactive flush(es), 1 terminate flush(es), 0 completion(s), 0 continuation(s) 
[2026-06-18T14:29:12.913+0800][5.575s][info][gc,nmethod  ] GC(18) y: NMethods: 89 registered, 6 unregistered
[2026-06-18T14:29:12.914+0800][5.575s][info][gc,metaspace] GC(18) y: Metaspace: 0M used, 0M committed, 1088M reserved
[2026-06-18T14:29:12.914+0800][5.575s][info][gc,reloc    ] GC(18) y:                        Candidates     Selected     In-Place         Size        Empty    Relocated 
[2026-06-18T14:29:12.914+0800][5.575s][info][gc,reloc    ] GC(18) y: Small Pages:                   84           10            0         168M         140M           2M 
[2026-06-18T14:29:12.916+0800][5.578s][info][gc,reloc    ] GC(18) y: Medium Pages:                   3            1            0          24M           0M           0M 
[2026-06-18T14:29:12.917+0800][5.578s][info][gc,reloc    ] GC(18) y: Large Pages:                    1            0            0           2M           0M           0M 
[2026-06-18T14:29:12.917+0800][5.579s][info][gc,reloc    ] GC(18) y: Forwarding Usage: 0M
[2026-06-18T14:29:12.918+0800][5.579s][info][gc,reloc    ] GC(18) y: Age Table:
[2026-06-18T14:29:12.918+0800][5.579s][info][gc,reloc    ] GC(18) y:                    Live             Garbage             Small              Medium             Large        
[2026-06-18T14:29:12.918+0800][5.580s][info][gc,reloc    ] GC(18) y: Eden              14M (6%)          177M (69%)         83 / 10             3 / 1              1 / 0        
[2026-06-18T14:29:12.918+0800][5.580s][info][gc,reloc    ] GC(18) y: Survivor 1         0M (0%)            1M (1%)           1 / 0              0 / 0              0 / 0        
[2026-06-18T14:29:12.918+0800][5.580s][info][gc,heap     ] GC(18) y: Min Capacity: 256M(100%)
[2026-06-18T14:29:12.919+0800][5.580s][info][gc,heap     ] GC(18) y: Max Capacity: 256M(100%)
[2026-06-18T14:29:12.919+0800][5.580s][info][gc,heap     ] GC(18) y: Soft Max Capacity: 256M(100%)
[2026-06-18T14:29:12.919+0800][5.581s][info][gc,heap     ] GC(18) y: Heap Statistics:
[2026-06-18T14:29:12.919+0800][5.581s][info][gc,heap     ] GC(18) y:                Mark Start          Mark End        Relocate Start      Relocate End           High               Low         
[2026-06-18T14:29:12.919+0800][5.581s][info][gc,heap     ] GC(18) y:  Capacity:      256M (100%)        256M (100%)        256M (100%)        256M (100%)        256M (100%)        256M (100%)   
[2026-06-18T14:29:12.920+0800][5.581s][info][gc,heap     ] GC(18) y:      Free:       30M (12%)          30M (12%)         166M (65%)         192M (75%)         192M (75%)          26M (10%)    
[2026-06-18T14:29:12.920+0800][5.581s][info][gc,heap     ] GC(18) y:      Used:      226M (88%)         226M (88%)          90M (35%)          64M (25%)         230M (90%)          64M (25%)    
[2026-06-18T14:29:12.920+0800][5.581s][info][gc,heap     ] GC(18) y: Young Generation Statistics:
[2026-06-18T14:29:12.920+0800][5.582s][info][gc,heap     ] GC(18) y:                Mark Start          Mark End        Relocate Start      Relocate End    
[2026-06-18T14:29:12.920+0800][5.582s][info][gc,heap     ] GC(18) y:      Used:      194M (76%)         194M (76%)          58M (23%)          32M (12%)    
[2026-06-18T14:29:12.921+0800][5.582s][info][gc,heap     ] GC(18) y:      Live:         -                14M (6%)           14M (6%)           14M (6%)     
[2026-06-18T14:29:12.921+0800][5.582s][info][gc,heap     ] GC(18) y:   Garbage:         -               179M (70%)          39M (15%)           3M (1%)     
[2026-06-18T14:29:12.921+0800][5.583s][info][gc,heap     ] GC(18) y: Allocated:         -                 0M (0%)            4M (2%)           13M (5%)     
[2026-06-18T14:29:12.921+0800][5.583s][info][gc,heap     ] GC(18) y: Reclaimed:         -                  -               140M (55%)         175M (69%)    
[2026-06-18T14:29:12.922+0800][5.583s][info][gc,heap     ] GC(18) y:  Promoted:         -                  -                 0M (0%)            0M (0%)     
[2026-06-18T14:29:12.922+0800][5.583s][info][gc,heap     ] GC(18) y: Compacted:         -                  -                  -                 4M (2%)     
[2026-06-18T14:29:12.922+0800][5.584s][info][gc,phases   ] GC(18) y: Young Generation 226M(88%)->64M(25%) 0.012s
[2026-06-18T14:29:12.922+0800][5.584s][info][gc          ] GC(18) Minor Collection (Allocation Rate) 226M(88%)->76M(30%) 0.026s
[2026-06-18T14:29:13.296+0800][5.958s][info][gc          ] GC(19) Minor Collection (Allocation Rate)
[2026-06-18T14:29:13.298+0800][5.960s][info][gc,task     ] GC(19) Using 1 Workers for Young Generation
[2026-06-18T14:29:13.300+0800][5.961s][info][gc,phases   ] GC(19) y: Young Generation
[2026-06-18T14:29:13.301+0800][5.962s][info][gc,phases   ] GC(19) y: Pause Mark Start 0.020ms
[2026-06-18T14:29:13.303+0800][5.965s][info][gc,phases   ] GC(19) y: Concurrent Mark 0.622ms
[2026-06-18T14:29:13.305+0800][5.966s][info][gc,phases   ] GC(19) y: Pause Mark End 0.011ms
[2026-06-18T14:29:13.306+0800][5.967s][info][gc,phases   ] GC(19) y: Concurrent Mark Free 0.002ms
[2026-06-18T14:29:13.307+0800][5.968s][info][gc,phases   ] GC(19) y: Concurrent Reset Relocation Set 0.002ms
[2026-06-18T14:29:13.308+0800][5.969s][info][gc,reloc    ] GC(19) y: Using tenuring threshold: 3 (Computed)
[2026-06-18T14:29:13.309+0800][5.970s][info][gc,phases   ] GC(19) y: Concurrent Select Relocation Set 1.017ms
[2026-06-18T14:29:13.310+0800][5.972s][info][gc,phases   ] GC(19) y: Pause Relocate Start 0.010ms
[2026-06-18T14:29:13.312+0800][5.973s][info][gc,phases   ] GC(19) y: Concurrent Relocate 1.116ms
[2026-06-18T14:29:13.313+0800][5.974s][info][gc,alloc    ] GC(19) y:                         Mark Start        Mark End      Relocate Start    Relocate End   
[2026-06-18T14:29:13.314+0800][5.975s][info][gc,alloc    ] GC(19) y: Allocation Stalls:          0                0                0                0         
[2026-06-18T14:29:13.314+0800][5.976s][info][gc,load     ] GC(19) y: Load: 0.65 (3%) / 0.37 (2%) / 0.31 (1%)
[2026-06-18T14:29:13.315+0800][5.977s][info][gc,mmu      ] GC(19) y: MMU: 2ms/98.5%, 5ms/99.1%, 10ms/99.5%, 20ms/99.7%, 50ms/99.8%, 100ms/99.9%
[2026-06-18T14:29:13.316+0800][5.978s][info][gc,marking  ] GC(19) y: Mark: 1 stripe(s), 1 proactive flush(es), 1 terminate flush(es), 0 completion(s), 0 continuation(s) 
[2026-06-18T14:29:13.317+0800][5.978s][info][gc,nmethod  ] GC(19) y: NMethods: 89 registered, 6 unregistered
[2026-06-18T14:29:13.318+0800][5.979s][info][gc,metaspace] GC(19) y: Metaspace: 0M used, 0M committed, 1088M reserved
[2026-06-18T14:29:13.319+0800][5.980s][info][gc,reloc    ] GC(19) y:                        Candidates     Selected     In-Place         Size        Empty    Relocated 
[2026-06-18T14:29:13.320+0800][5.981s][info][gc,reloc    ] GC(19) y: Small Pages:                   75           12            0         150M         118M           3M 
[2026-06-18T14:29:13.321+0800][5.982s][info][gc,reloc    ] GC(19) y: Medium Pages:                   5            2            0          40M           0M           3M 
[2026-06-18T14:29:13.321+0800][5.983s][info][gc,reloc    ] GC(19) y: Large Pages:                    1            0            0           2M           0M           0M 
[2026-06-18T14:29:13.322+0800][5.984s][info][gc,reloc    ] GC(19) y: Forwarding Usage: 0M
[2026-06-18T14:29:13.323+0800][5.985s][info][gc,reloc    ] GC(19) y: Age Table:
[2026-06-18T14:29:13.324+0800][5.986s][info][gc,reloc    ] GC(19) y:                    Live             Garbage             Small              Medium             Large        
[2026-06-18T14:29:13.325+0800][5.987s][info][gc,reloc    ] GC(19) y: Eden              19M (7%)          144M (57%)         70 / 12             3 / 1              0 / 0        
[2026-06-18T14:29:13.326+0800][5.988s][info][gc,reloc    ] GC(19) y: Survivor 1         3M (2%)           22M (9%)           4 / 0              2 / 1              1 / 0        
[2026-06-18T14:29:13.327+0800][5.989s][info][gc,reloc    ] GC(19) y: Survivor 2         0M (0%)            1M (1%)           1 / 0              0 / 0              0 / 0        
[2026-06-18T14:29:13.328+0800][5.990s][info][gc,heap     ] GC(19) y: Min Capacity: 256M(100%)
[2026-06-18T14:29:13.329+0800][5.991s][info][gc,heap     ] GC(19) y: Max Capacity: 256M(100%)
[2026-06-18T14:29:13.330+0800][5.992s][info][gc,heap     ] GC(19) y: Soft Max Capacity: 256M(100%)
[2026-06-18T14:29:13.331+0800][5.993s][info][gc,heap     ] GC(19) y: Heap Statistics:
[2026-06-18T14:29:13.332+0800][5.994s][info][gc,heap     ] GC(19) y:                Mark Start          Mark End        Relocate Start      Relocate End           High               Low         
[2026-06-18T14:29:13.333+0800][5.995s][info][gc,heap     ] GC(19) y:  Capacity:      256M (100%)        256M (100%)        256M (100%)        256M (100%)        256M (100%)        256M (100%)   
[2026-06-18T14:29:13.334+0800][5.995s][info][gc,heap     ] GC(19) y:      Free:       32M (12%)          32M (12%)         146M (57%)         176M (69%)         176M (69%)          28M (11%)    
[2026-06-18T14:29:13.335+0800][5.996s][info][gc,heap     ] GC(19) y:      Used:      224M (88%)         224M (88%)         110M (43%)          80M (31%)         228M (89%)          80M (31%)    
[2026-06-18T14:29:13.336+0800][5.997s][info][gc,heap     ] GC(19) y: Young Generation Statistics:
[2026-06-18T14:29:13.337+0800][5.998s][info][gc,heap     ] GC(19) y:                Mark Start          Mark End        Relocate Start      Relocate End    
[2026-06-18T14:29:13.338+0800][5.999s][info][gc,heap     ] GC(19) y:      Used:      192M (75%)         192M (75%)          78M (30%)          48M (19%)    
[2026-06-18T14:29:13.339+0800][6.000s][info][gc,heap     ] GC(19) y:      Live:         -                23M (9%)           23M (9%)           23M (9%)     
[2026-06-18T14:29:13.340+0800][6.001s][info][gc,heap     ] GC(19) y:   Garbage:         -               168M (66%)          50M (20%)           6M (2%)     
[2026-06-18T14:29:13.341+0800][6.002s][info][gc,heap     ] GC(19) y: Allocated:         -                 0M (0%)            4M (2%)           18M (7%)     
[2026-06-18T14:29:13.342+0800][6.003s][info][gc,heap     ] GC(19) y: Reclaimed:         -                  -               118M (46%)         162M (63%)    
[2026-06-18T14:29:13.343+0800][6.004s][info][gc,heap     ] GC(19) y:  Promoted:         -                  -                 0M (0%)            0M (0%)     
[2026-06-18T14:29:13.343+0800][6.005s][info][gc,heap     ] GC(19) y: Compacted:         -                  -                  -                 9M (4%)     
[2026-06-18T14:29:13.345+0800][6.006s][info][gc,phases   ] GC(19) y: Young Generation 224M(88%)->80M(31%) 0.013s
[2026-06-18T14:29:13.345+0800][6.007s][info][gc          ] GC(19) Minor Collection (Allocation Rate) 224M(88%)->102M(40%) 0.049s
[2026-06-18T14:29:13.684+0800][6.345s][info][gc          ] GC(20) Minor Collection (Allocation Rate)
[2026-06-18T14:29:13.685+0800][6.346s][info][gc,task     ] GC(20) Using 2 Workers for Young Generation
[2026-06-18T14:29:13.686+0800][6.347s][info][gc,phases   ] GC(20) y: Young Generation
[2026-06-18T14:29:13.686+0800][6.348s][info][gc,phases   ] GC(20) y: Pause Mark Start 0.013ms
[2026-06-18T14:29:13.688+0800][6.349s][info][gc,phases   ] GC(20) y: Concurrent Mark 0.479ms
[2026-06-18T14:29:13.688+0800][6.350s][info][gc,phases   ] GC(20) y: Pause Mark End 0.011ms
[2026-06-18T14:29:13.689+0800][6.350s][info][gc,phases   ] GC(20) y: Concurrent Mark Free 0.001ms
[2026-06-18T14:29:13.690+0800][6.351s][info][gc,phases   ] GC(20) y: Concurrent Reset Relocation Set 0.002ms
[2026-06-18T14:29:13.690+0800][6.352s][info][gc,reloc    ] GC(20) y: Using tenuring threshold: 4 (Computed)
[2026-06-18T14:29:13.691+0800][6.352s][info][gc,phases   ] GC(20) y: Concurrent Select Relocation Set 0.499ms
[2026-06-18T14:29:13.691+0800][6.353s][info][gc,phases   ] GC(20) y: Pause Relocate Start 0.007ms
[2026-06-18T14:29:13.692+0800][6.353s][info][gc,phases   ] GC(20) y: Concurrent Relocate 0.470ms
[2026-06-18T14:29:13.693+0800][6.354s][info][gc,alloc    ] GC(20) y:                         Mark Start        Mark End      Relocate Start    Relocate End   
[2026-06-18T14:29:13.693+0800][6.354s][info][gc,alloc    ] GC(20) y: Allocation Stalls:          0                0                0                0         
[2026-06-18T14:29:13.693+0800][6.355s][info][gc,load     ] GC(20) y: Load: 0.65 (3%) / 0.37 (2%) / 0.31 (1%)
[2026-06-18T14:29:13.693+0800][6.355s][info][gc,mmu      ] GC(20) y: MMU: 2ms/98.5%, 5ms/99.1%, 10ms/99.5%, 20ms/99.7%, 50ms/99.8%, 100ms/99.9%
[2026-06-18T14:29:13.694+0800][6.355s][info][gc,marking  ] GC(20) y: Mark: 2 stripe(s), 1 proactive flush(es), 1 terminate flush(es), 0 completion(s), 0 continuation(s) 
[2026-06-18T14:29:13.694+0800][6.355s][info][gc,nmethod  ] GC(20) y: NMethods: 89 registered, 6 unregistered
[2026-06-18T14:29:13.694+0800][6.355s][info][gc,metaspace] GC(20) y: Metaspace: 0M used, 0M committed, 1088M reserved
[2026-06-18T14:29:13.694+0800][6.356s][info][gc,reloc    ] GC(20) y:                        Candidates     Selected     In-Place         Size        Empty    Relocated 
[2026-06-18T14:29:13.694+0800][6.356s][info][gc,reloc    ] GC(20) y: Small Pages:                   73            9            0         146M         122M           2M 
[2026-06-18T14:29:13.695+0800][6.356s][info][gc,reloc    ] GC(20) y: Medium Pages:                   6            3            0          48M           8M           3M 
[2026-06-18T14:29:13.695+0800][6.357s][info][gc,reloc    ] GC(20) y: Large Pages:                    3            0            0           6M           0M           0M 
[2026-06-18T14:29:13.696+0800][6.357s][info][gc,reloc    ] GC(20) y: Forwarding Usage: 0M
[2026-06-18T14:29:13.696+0800][6.358s][info][gc,reloc    ] GC(20) y: Age Table:
[2026-06-18T14:29:13.696+0800][6.358s][info][gc,reloc    ] GC(20) y:                    Live             Garbage             Small              Medium             Large        
[2026-06-18T14:29:13.697+0800][6.358s][info][gc,reloc    ] GC(20) y: Eden              16M (6%)          139M (55%)         68 / 9              2 / 1              2 / 0        
[2026-06-18T14:29:13.697+0800][6.358s][info][gc,reloc    ] GC(20) y: Survivor 1         1M (1%)           30M (12%)          4 / 0              3 / 1              0 / 0        
[2026-06-18T14:29:13.697+0800][6.359s][info][gc,reloc    ] GC(20) y: Survivor 2         2M (1%)            7M (3%)           0 / 0              1 / 1              1 / 0        
[2026-06-18T14:29:13.697+0800][6.359s][info][gc,reloc    ] GC(20) y: Survivor 3         0M (0%)            1M (1%)           1 / 0              0 / 0              0 / 0        
[2026-06-18T14:29:13.698+0800][6.359s][info][gc,heap     ] GC(20) y: Min Capacity: 256M(100%)
[2026-06-18T14:29:13.698+0800][6.359s][info][gc,heap     ] GC(20) y: Max Capacity: 256M(100%)
[2026-06-18T14:29:13.698+0800][6.360s][info][gc,heap     ] GC(20) y: Soft Max Capacity: 256M(100%)
[2026-06-18T14:29:13.698+0800][6.360s][info][gc,heap     ] GC(20) y: Heap Statistics:
[2026-06-18T14:29:13.699+0800][6.360s][info][gc,heap     ] GC(20) y:                Mark Start          Mark End        Relocate Start      Relocate End           High               Low         
[2026-06-18T14:29:13.699+0800][6.360s][info][gc,heap     ] GC(20) y:  Capacity:      256M (100%)        256M (100%)        256M (100%)        256M (100%)        256M (100%)        256M (100%)   
[2026-06-18T14:29:13.699+0800][6.360s][info][gc,heap     ] GC(20) y:      Free:       24M (9%)           24M (9%)          154M (60%)         178M (70%)         178M (70%)          24M (9%)     
[2026-06-18T14:29:13.699+0800][6.361s][info][gc,heap     ] GC(20) y:      Used:      232M (91%)         232M (91%)         102M (40%)          78M (30%)         232M (91%)          78M (30%)    
[2026-06-18T14:29:13.699+0800][6.361s][info][gc,heap     ] GC(20) y: Young Generation Statistics:
[2026-06-18T14:29:13.700+0800][6.361s][info][gc,heap     ] GC(20) y:                Mark Start          Mark End        Relocate Start      Relocate End    
[2026-06-18T14:29:13.700+0800][6.361s][info][gc,heap     ] GC(20) y:      Used:      200M (78%)         200M (78%)          70M (27%)          46M (18%)    
[2026-06-18T14:29:13.704+0800][6.366s][info][gc,heap     ] GC(20) y:      Live:         -                20M (8%)           20M (8%)           20M (8%)     
[2026-06-18T14:29:13.725+0800][6.386s][info][gc,heap     ] GC(20) y:   Garbage:         -               179M (70%)          49M (19%)           2M (1%)     
[2026-06-18T14:29:13.727+0800][6.388s][info][gc,heap     ] GC(20) y: Allocated:         -                 0M (0%)            0M (0%)           22M (9%)     
[2026-06-18T14:29:13.728+0800][6.390s][info][gc,heap     ] GC(20) y: Reclaimed:         -                  -               130M (51%)         176M (69%)    
[2026-06-18T14:29:13.734+0800][6.396s][info][gc,heap     ] GC(20) y:  Promoted:         -                  -                 0M (0%)            0M (0%)     
[2026-06-18T14:29:13.735+0800][6.397s][info][gc,heap     ] GC(20) y: Compacted:         -                  -                  -                 7M (3%)     
[2026-06-18T14:29:13.737+0800][6.398s][info][gc,phases   ] GC(20) y: Young Generation 232M(91%)->78M(30%) 0.007s
[2026-06-18T14:29:13.738+0800][6.399s][info][gc          ] GC(20) Minor Collection (Allocation Rate) 232M(91%)->106M(41%) 0.054s
[2026-06-18T14:29:14.061+0800][6.722s][info][gc          ] GC(21) Minor Collection (Allocation Rate)
[2026-06-18T14:29:14.062+0800][6.724s][info][gc,task     ] GC(21) Using 2 Workers for Young Generation
[2026-06-18T14:29:14.063+0800][6.724s][info][gc,phases   ] GC(21) y: Young Generation
[2026-06-18T14:29:14.063+0800][6.725s][info][gc,phases   ] GC(21) y: Pause Mark Start 0.012ms
[2026-06-18T14:29:14.064+0800][6.726s][info][gc,phases   ] GC(21) y: Concurrent Mark 0.439ms
[2026-06-18T14:29:14.065+0800][6.726s][info][gc,phases   ] GC(21) y: Pause Mark End 0.007ms
[2026-06-18T14:29:14.066+0800][6.727s][info][gc,phases   ] GC(21) y: Concurrent Mark Free 0.001ms
[2026-06-18T14:29:14.066+0800][6.727s][info][gc,phases   ] GC(21) y: Concurrent Reset Relocation Set 0.001ms
[2026-06-18T14:29:14.066+0800][6.728s][info][gc,reloc    ] GC(21) y: Using tenuring threshold: 5 (Computed)
[2026-06-18T14:29:14.067+0800][6.729s][info][gc,phases   ] GC(21) y: Concurrent Select Relocation Set 0.945ms
[2026-06-18T14:29:14.068+0800][6.730s][info][gc,phases   ] GC(21) y: Pause Relocate Start 0.008ms
[2026-06-18T14:29:14.069+0800][6.730s][info][gc,phases   ] GC(21) y: Concurrent Relocate 0.529ms
[2026-06-18T14:29:14.069+0800][6.731s][info][gc,alloc    ] GC(21) y:                         Mark Start        Mark End      Relocate Start    Relocate End   
[2026-06-18T14:29:14.070+0800][6.731s][info][gc,alloc    ] GC(21) y: Allocation Stalls:          0                0                0                0         
[2026-06-18T14:29:14.070+0800][6.732s][info][gc,load     ] GC(21) y: Load: 0.65 (3%) / 0.37 (2%) / 0.31 (1%)
[2026-06-18T14:29:14.070+0800][6.732s][info][gc,mmu      ] GC(21) y: MMU: 2ms/98.5%, 5ms/99.1%, 10ms/99.5%, 20ms/99.7%, 50ms/99.8%, 100ms/99.9%
[2026-06-18T14:29:14.071+0800][6.732s][info][gc,marking  ] GC(21) y: Mark: 2 stripe(s), 1 proactive flush(es), 1 terminate flush(es), 0 completion(s), 0 continuation(s) 
[2026-06-18T14:29:14.071+0800][6.732s][info][gc,nmethod  ] GC(21) y: NMethods: 90 registered, 6 unregistered
[2026-06-18T14:29:14.071+0800][6.732s][info][gc,metaspace] GC(21) y: Metaspace: 0M used, 0M committed, 1088M reserved
[2026-06-18T14:29:14.071+0800][6.733s][info][gc,reloc    ] GC(21) y:                        Candidates     Selected     In-Place         Size        Empty    Relocated 
[2026-06-18T14:29:14.071+0800][6.733s][info][gc,reloc    ] GC(21) y: Small Pages:                   71           10            0         142M         114M           2M 
[2026-06-18T14:29:14.072+0800][6.733s][info][gc,reloc    ] GC(21) y: Medium Pages:                   6            1            0          48M          16M           1M 
[2026-06-18T14:29:14.072+0800][6.733s][info][gc,reloc    ] GC(21) y: Large Pages:                    5            0            0          10M           0M           0M 
[2026-06-18T14:29:14.072+0800][6.734s][info][gc,reloc    ] GC(21) y: Forwarding Usage: 0M
[2026-06-18T14:29:14.072+0800][6.734s][info][gc,reloc    ] GC(21) y: Age Table:
[2026-06-18T14:29:14.073+0800][6.734s][info][gc,reloc    ] GC(21) y:                    Live             Garbage             Small              Medium             Large        
[2026-06-18T14:29:14.073+0800][6.735s][info][gc,reloc    ] GC(21) y: Eden              20M (8%)          133M (52%)         67 / 10             2 / 0              2 / 0        
[2026-06-18T14:29:14.073+0800][6.735s][info][gc,reloc    ] GC(21) y: Survivor 1         4M (2%)           22M (9%)           3 / 0              2 / 0              2 / 0        
[2026-06-18T14:29:14.074+0800][6.735s][info][gc,reloc    ] GC(21) y: Survivor 2         1M (1%)            6M (2%)           0 / 0              1 / 1              0 / 0        
[2026-06-18T14:29:14.074+0800][6.735s][info][gc,reloc    ] GC(21) y: Survivor 3         2M (1%)            7M (3%)           0 / 0              1 / 0              1 / 0        
[2026-06-18T14:29:14.074+0800][6.736s][info][gc,reloc    ] GC(21) y: Survivor 4         0M (0%)            1M (1%)           1 / 0              0 / 0              0 / 0        
[2026-06-18T14:29:14.074+0800][6.736s][info][gc,heap     ] GC(21) y: Min Capacity: 256M(100%)
[2026-06-18T14:29:14.075+0800][6.736s][info][gc,heap     ] GC(21) y: Max Capacity: 256M(100%)
[2026-06-18T14:29:14.075+0800][6.736s][info][gc,heap     ] GC(21) y: Soft Max Capacity: 256M(100%)
[2026-06-18T14:29:14.075+0800][6.737s][info][gc,heap     ] GC(21) y: Heap Statistics:
[2026-06-18T14:29:14.075+0800][6.737s][info][gc,heap     ] GC(21) y:                Mark Start          Mark End        Relocate Start      Relocate End           High               Low         
[2026-06-18T14:29:14.075+0800][6.737s][info][gc,heap     ] GC(21) y:  Capacity:      256M (100%)        256M (100%)        256M (100%)        256M (100%)        256M (100%)        256M (100%)   
[2026-06-18T14:29:14.076+0800][6.737s][info][gc,heap     ] GC(21) y:      Free:       24M (9%)           24M (9%)          154M (60%)         172M (67%)         172M (67%)          24M (9%)     
[2026-06-18T14:29:14.076+0800][6.737s][info][gc,heap     ] GC(21) y:      Used:      232M (91%)         232M (91%)         102M (40%)          84M (33%)         232M (91%)          84M (33%)    
[2026-06-18T14:29:14.076+0800][6.738s][info][gc,heap     ] GC(21) y: Young Generation Statistics:
[2026-06-18T14:29:14.076+0800][6.738s][info][gc,heap     ] GC(21) y:                Mark Start          Mark End        Relocate Start      Relocate End    
[2026-06-18T14:29:14.077+0800][6.738s][info][gc,heap     ] GC(21) y:      Used:      200M (78%)         200M (78%)          70M (27%)          52M (20%)    
[2026-06-18T14:29:14.077+0800][6.738s][info][gc,heap     ] GC(21) y:      Live:         -                28M (11%)          28M (11%)          28M (11%)    
[2026-06-18T14:29:14.077+0800][6.738s][info][gc,heap     ] GC(21) y:   Garbage:         -               171M (67%)          41M (16%)           6M (2%)     
[2026-06-18T14:29:14.077+0800][6.739s][info][gc,heap     ] GC(21) y: Allocated:         -                 0M (0%)            0M (0%)           16M (7%)     
[2026-06-18T14:29:14.077+0800][6.739s][info][gc,heap     ] GC(21) y: Reclaimed:         -                  -               130M (51%)         164M (64%)    
[2026-06-18T14:29:14.078+0800][6.739s][info][gc,heap     ] GC(21) y:  Promoted:         -                  -                 0M (0%)            0M (0%)     
[2026-06-18T14:29:14.078+0800][6.739s][info][gc,heap     ] GC(21) y: Compacted:         -                  -                  -                 7M (3%)     
[2026-06-18T14:29:14.078+0800][6.740s][info][gc,phases   ] GC(21) y: Young Generation 232M(91%)->84M(33%) 0.007s
[2026-06-18T14:29:14.079+0800][6.740s][info][gc          ] GC(21) Minor Collection (Allocation Rate) 232M(91%)->88M(34%) 0.018s
[2026-06-18T14:29:14.079+0800][6.741s][info][gc          ] GC(22) Major Collection (Proactive)
[2026-06-18T14:29:14.080+0800][6.741s][info][gc,task     ] GC(22) Using 1 Workers for Young Generation
[2026-06-18T14:29:14.080+0800][6.742s][info][gc,task     ] GC(22) Using 1 Workers for Old Generation
[2026-06-18T14:29:14.080+0800][6.742s][info][gc,phases   ] GC(22) Y: Young Generation
[2026-06-18T14:29:14.081+0800][6.742s][info][gc,phases   ] GC(22) Y: Pause Mark Start (Major) 0.010ms
[2026-06-18T14:29:14.081+0800][6.743s][info][gc,phases   ] GC(22) Y: Concurrent Mark 0.405ms
[2026-06-18T14:29:14.082+0800][6.743s][info][gc,phases   ] GC(22) Y: Pause Mark End 0.005ms
[2026-06-18T14:29:14.082+0800][6.744s][info][gc,phases   ] GC(22) Y: Concurrent Mark Free 0.001ms
[2026-06-18T14:29:14.082+0800][6.744s][info][gc,phases   ] GC(22) Y: Concurrent Reset Relocation Set 0.001ms
[2026-06-18T14:29:14.082+0800][6.744s][info][gc,reloc    ] GC(22) Y: Using tenuring threshold: 5 (Computed)
[2026-06-18T14:29:14.083+0800][6.744s][info][gc,phases   ] GC(22) Y: Concurrent Select Relocation Set 0.327ms
[2026-06-18T14:29:14.083+0800][6.744s][info][gc,phases   ] GC(22) Y: Pause Relocate Start 0.004ms
[2026-06-18T14:29:14.084+0800][6.745s][info][gc,phases   ] GC(22) Y: Concurrent Relocate 0.491ms
[2026-06-18T14:29:14.084+0800][6.745s][info][gc,alloc    ] GC(22) Y:                         Mark Start        Mark End      Relocate Start    Relocate End   
[2026-06-18T14:29:14.084+0800][6.746s][info][gc,alloc    ] GC(22) Y: Allocation Stalls:          0                0                0                0         
[2026-06-18T14:29:14.085+0800][6.747s][info][gc,load     ] GC(22) Y: Load: 0.65 (3%) / 0.37 (2%) / 0.31 (1%)
[2026-06-18T14:29:14.085+0800][6.747s][info][gc,mmu      ] GC(22) Y: MMU: 2ms/98.5%, 5ms/99.1%, 10ms/99.5%, 20ms/99.7%, 50ms/99.8%, 100ms/99.9%
[2026-06-18T14:29:14.086+0800][6.747s][info][gc,marking  ] GC(22) Y: Mark: 1 stripe(s), 1 proactive flush(es), 1 terminate flush(es), 0 completion(s), 0 continuation(s) 
[2026-06-18T14:29:14.086+0800][6.747s][info][gc,nmethod  ] GC(22) Y: NMethods: 90 registered, 6 unregistered
[2026-06-18T14:29:14.086+0800][6.748s][info][gc,metaspace] GC(22) Y: Metaspace: 0M used, 0M committed, 1088M reserved
[2026-06-18T14:29:14.086+0800][6.748s][info][gc,reloc    ] GC(22) Y:                        Candidates     Selected     In-Place         Size        Empty    Relocated 
[2026-06-18T14:29:14.087+0800][6.748s][info][gc,reloc    ] GC(22) Y: Small Pages:                    7            2            0          14M           4M           1M 
[2026-06-18T14:29:14.087+0800][6.748s][info][gc,reloc    ] GC(22) Y: Medium Pages:                   4            1            0          32M           0M           1M 
[2026-06-18T14:29:14.087+0800][6.749s][info][gc,reloc    ] GC(22) Y: Large Pages:                    5            0            0          10M           0M           0M 
[2026-06-18T14:29:14.087+0800][6.749s][info][gc,reloc    ] GC(22) Y: Forwarding Usage: 0M
[2026-06-18T14:29:14.087+0800][6.749s][info][gc,reloc    ] GC(22) Y: Age Table:
[2026-06-18T14:29:14.088+0800][6.749s][info][gc,reloc    ] GC(22) Y:                    Live             Garbage             Small              Medium             Large        
[2026-06-18T14:29:14.088+0800][6.750s][info][gc,reloc    ] GC(22) Y: Eden                -                 4M (2%)           2 / 0              0 / 0              0 / 0        
[2026-06-18T14:29:14.088+0800][6.750s][info][gc,reloc    ] GC(22) Y: Survivor 1        20M (8%)            7M (3%)           4 / 2              2 / 0              2 / 0        
[2026-06-18T14:29:14.089+0800][6.750s][info][gc,reloc    ] GC(22) Y: Survivor 2         4M (2%)            0M (0%)           0 / 0              0 / 0              2 / 0        
[2026-06-18T14:29:14.089+0800][6.750s][info][gc,reloc    ] GC(22) Y: Survivor 3         1M (1%)            6M (2%)           0 / 0              1 / 1              0 / 0        
[2026-06-18T14:29:14.089+0800][6.750s][info][gc,reloc    ] GC(22) Y: Survivor 4         2M (1%)            7M (3%)           0 / 0              1 / 0              1 / 0        
[2026-06-18T14:29:14.089+0800][6.751s][info][gc,reloc    ] GC(22) Y: Survivor 5         0M (0%)            1M (1%)           1 / 0              0 / 0              0 / 0        
[2026-06-18T14:29:14.089+0800][6.751s][info][gc,heap     ] GC(22) Y: Min Capacity: 256M(100%)
[2026-06-18T14:29:14.090+0800][6.751s][info][gc,heap     ] GC(22) Y: Max Capacity: 256M(100%)
[2026-06-18T14:29:14.090+0800][6.752s][info][gc,heap     ] GC(22) Y: Soft Max Capacity: 256M(100%)
[2026-06-18T14:29:14.091+0800][6.752s][info][gc,heap     ] GC(22) Y: Heap Statistics:
[2026-06-18T14:29:14.091+0800][6.752s][info][gc,heap     ] GC(22) Y:                Mark Start          Mark End        Relocate Start      Relocate End           High               Low         
[2026-06-18T14:29:14.091+0800][6.753s][info][gc,heap     ] GC(22) Y:  Capacity:      256M (100%)        256M (100%)        256M (100%)        256M (100%)        256M (100%)        256M (100%)   
[2026-06-18T14:29:14.091+0800][6.753s][info][gc,heap     ] GC(22) Y:      Free:      168M (66%)         154M (60%)         158M (62%)         160M (62%)         168M (66%)         150M (59%)    
[2026-06-18T14:29:14.092+0800][6.753s][info][gc,heap     ] GC(22) Y:      Used:       88M (34%)         102M (40%)          98M (38%)          96M (38%)         106M (41%)          88M (34%)    
[2026-06-18T14:29:14.092+0800][6.754s][info][gc,heap     ] GC(22) Y: Young Generation Statistics:
[2026-06-18T14:29:14.092+0800][6.754s][info][gc,heap     ] GC(22) Y:                Mark Start          Mark End        Relocate Start      Relocate End    
[2026-06-18T14:29:14.093+0800][6.754s][info][gc,heap     ] GC(22) Y:      Used:       56M (22%)          70M (27%)          66M (26%)          62M (24%)    
[2026-06-18T14:29:14.093+0800][6.754s][info][gc,heap     ] GC(22) Y:      Live:         -                28M (11%)          28M (11%)          28M (11%)    
[2026-06-18T14:29:14.093+0800][6.755s][info][gc,heap     ] GC(22) Y:   Garbage:         -                27M (11%)          23M (9%)            5M (2%)     
[2026-06-18T14:29:14.093+0800][6.755s][info][gc,heap     ] GC(22) Y: Allocated:         -                14M (5%)           14M (5%)           27M (11%)    
[2026-06-18T14:29:14.093+0800][6.755s][info][gc,heap     ] GC(22) Y: Reclaimed:         -                  -                 4M (2%)           21M (8%)     
[2026-06-18T14:29:14.094+0800][6.755s][info][gc,heap     ] GC(22) Y:  Promoted:         -                  -                 0M (0%)            0M (0%)     
[2026-06-18T14:29:14.094+0800][6.755s][info][gc,heap     ] GC(22) Y: Compacted:         -                  -                  -                 4M (2%)     
[2026-06-18T14:29:14.094+0800][6.756s][info][gc,phases   ] GC(22) Y: Young Generation 88M(34%)->96M(38%) 0.004s
[2026-06-18T14:29:14.094+0800][6.756s][info][gc,phases   ] GC(22) O: Old Generation
[2026-06-18T14:29:14.096+0800][6.757s][info][gc,phases   ] GC(22) O: Concurrent Mark 1.174ms
[2026-06-18T14:29:14.096+0800][6.758s][info][gc,phases   ] GC(22) O: Pause Mark End 0.015ms
[2026-06-18T14:29:14.097+0800][6.758s][info][gc,phases   ] GC(22) O: Concurrent Mark Free 0.002ms
[2026-06-18T14:29:14.097+0800][6.759s][info][gc,phases   ] GC(22) O: Concurrent Process Non-Strong 0.300ms
[2026-06-18T14:29:14.098+0800][6.759s][info][gc,phases   ] GC(22) O: Concurrent Reset Relocation Set 0.001ms
[2026-06-18T14:29:14.098+0800][6.760s][info][gc,phases   ] GC(22) O: Concurrent Select Relocation Set 0.058ms
[2026-06-18T14:29:14.098+0800][6.760s][info][gc,task     ] GC(22) O: Using 2 Workers for Old Generation
[2026-06-18T14:29:14.099+0800][6.760s][info][gc,task     ] GC(22) O: Using 1 Workers for Old Generation
[2026-06-18T14:29:14.099+0800][6.760s][info][gc,phases   ] GC(22) O: Concurrent Remap Roots 0.502ms
[2026-06-18T14:29:14.099+0800][6.761s][info][gc,phases   ] GC(22) O: Pause Relocate Start 0.007ms
[2026-06-18T14:29:14.099+0800][6.761s][info][gc,phases   ] GC(22) O: Concurrent Relocate 0.057ms
[2026-06-18T14:29:14.100+0800][6.761s][info][gc,alloc    ] GC(22) O:                         Mark Start        Mark End      Relocate Start    Relocate End   
[2026-06-18T14:29:14.100+0800][6.761s][info][gc,alloc    ] GC(22) O: Allocation Stalls:          0                0                0                0         
[2026-06-18T14:29:14.100+0800][6.762s][info][gc,load     ] GC(22) O: Load: 0.65 (3%) / 0.37 (2%) / 0.31 (1%)
[2026-06-18T14:29:14.100+0800][6.762s][info][gc,mmu      ] GC(22) O: MMU: 2ms/98.5%, 5ms/99.1%, 10ms/99.5%, 20ms/99.7%, 50ms/99.8%, 100ms/99.9%
[2026-06-18T14:29:14.101+0800][6.762s][info][gc,marking  ] GC(22) O: Mark: 1 stripe(s), 2 proactive flush(es), 1 terminate flush(es), 0 completion(s), 0 continuation(s) 
[2026-06-18T14:29:14.101+0800][6.762s][info][gc,nmethod  ] GC(22) O: NMethods: 90 registered, 6 unregistered
[2026-06-18T14:29:14.101+0800][6.763s][info][gc,metaspace] GC(22) O: Metaspace: 0M used, 0M committed, 1088M reserved
[2026-06-18T14:29:14.101+0800][6.763s][info][gc,ref      ] GC(22) O:                       Encountered   Discovered     Enqueued 
[2026-06-18T14:29:14.102+0800][6.763s][info][gc,ref      ] GC(22) O: Soft References:                2            0            0 
[2026-06-18T14:29:14.103+0800][6.764s][info][gc,ref      ] GC(22) O: Weak References:                6            0            0 
[2026-06-18T14:29:14.103+0800][6.764s][info][gc,ref      ] GC(22) O: Final References:               0            0            0 
[2026-06-18T14:29:14.103+0800][6.765s][info][gc,ref      ] GC(22) O: Phantom References:             1            1            0 
[2026-06-18T14:29:14.104+0800][6.765s][info][gc,reloc    ] GC(22) O:                        Candidates     Selected     In-Place         Size        Empty    Relocated 
[2026-06-18T14:29:14.104+0800][6.765s][info][gc,reloc    ] GC(22) O: Small Pages:                    4            0            0           8M           6M           0M 
[2026-06-18T14:29:14.104+0800][6.766s][info][gc,reloc    ] GC(22) O: Medium Pages:                   1            0            0           8M           8M           0M 
[2026-06-18T14:29:14.104+0800][6.766s][info][gc,reloc    ] GC(22) O: Large Pages:                    8            0            0          16M          16M           0M 
[2026-06-18T14:29:14.105+0800][6.766s][info][gc,reloc    ] GC(22) O: Forwarding Usage: 0M
[2026-06-18T14:29:14.105+0800][6.766s][info][gc,heap     ] GC(22) O: Min Capacity: 256M(100%)
[2026-06-18T14:29:14.105+0800][6.767s][info][gc,heap     ] GC(22) O: Max Capacity: 256M(100%)
[2026-06-18T14:29:14.105+0800][6.767s][info][gc,heap     ] GC(22) O: Soft Max Capacity: 256M(100%)
[2026-06-18T14:29:14.105+0800][6.767s][info][gc,heap     ] GC(22) O: Heap Statistics:
[2026-06-18T14:29:14.106+0800][6.767s][info][gc,heap     ] GC(22) O:                Mark Start          Mark End        Relocate Start      Relocate End           High               Low         
[2026-06-18T14:29:14.106+0800][6.767s][info][gc,heap     ] GC(22) O:  Capacity:      256M (100%)        256M (100%)        256M (100%)        256M (100%)        256M (100%)        256M (100%)   
[2026-06-18T14:29:14.106+0800][6.768s][info][gc,heap     ] GC(22) O:      Free:      168M (66%)         158M (62%)         188M (73%)         188M (73%)         188M (73%)         150M (59%)    
[2026-06-18T14:29:14.106+0800][6.768s][info][gc,heap     ] GC(22) O:      Used:       88M (34%)          98M (38%)          68M (27%)          68M (27%)         106M (41%)          68M (27%)    
[2026-06-18T14:29:14.107+0800][6.768s][info][gc,heap     ] GC(22) O: Old Generation Statistics:
[2026-06-18T14:29:14.107+0800][6.768s][info][gc,heap     ] GC(22) O:                Mark Start          Mark End        Relocate Start      Relocate End    
[2026-06-18T14:29:14.107+0800][6.769s][info][gc,heap     ] GC(22) O:      Used:       32M (12%)          34M (13%)           4M (2%)            4M (2%)     
[2026-06-18T14:29:14.108+0800][6.769s][info][gc,heap     ] GC(22) O:      Live:         -                 0M (0%)            0M (0%)            0M (0%)     
[2026-06-18T14:29:14.108+0800][6.770s][info][gc,heap     ] GC(22) O:   Garbage:         -                31M (12%)           1M (1%)            1M (1%)     
[2026-06-18T14:29:14.108+0800][6.770s][info][gc,heap     ] GC(22) O: Allocated:         -                 2M (1%)            2M (1%)            2M (1%)     
[2026-06-18T14:29:14.109+0800][6.770s][info][gc,heap     ] GC(22) O: Reclaimed:         -                  -                30M (12%)          30M (12%)    
[2026-06-18T14:29:14.109+0800][6.771s][info][gc,heap     ] GC(22) O: Compacted:         -                  -                  -                 0M (0%)     
[2026-06-18T14:29:14.109+0800][6.771s][info][gc,phases   ] GC(22) O: Old Generation 98M(38%)->68M(27%) 0.005s
[2026-06-18T14:29:14.110+0800][6.771s][info][gc          ] GC(22) Major Collection (Proactive) 88M(34%)->72M(28%) 0.031s
[2026-06-18T14:29:14.502+0800][7.163s][info][gc          ] GC(23) Minor Collection (High Usage)
[2026-06-18T14:29:14.504+0800][7.165s][info][gc,task     ] GC(23) Using 1 Workers for Young Generation
[2026-06-18T14:29:14.505+0800][7.166s][info][gc,phases   ] GC(23) y: Young Generation
[2026-06-18T14:29:14.506+0800][7.167s][info][gc,phases   ] GC(23) y: Pause Mark Start 0.012ms
[2026-06-18T14:29:14.507+0800][7.168s][info][gc,phases   ] GC(23) y: Concurrent Mark 0.426ms
[2026-06-18T14:29:14.508+0800][7.169s][info][gc,phases   ] GC(23) y: Pause Mark End 0.007ms
[2026-06-18T14:29:14.509+0800][7.171s][info][gc,phases   ] GC(23) y: Concurrent Mark Free 0.002ms
[2026-06-18T14:29:14.510+0800][7.171s][info][gc,phases   ] GC(23) y: Concurrent Reset Relocation Set 0.001ms
[2026-06-18T14:29:14.510+0800][7.172s][info][gc,reloc    ] GC(23) y: Using tenuring threshold: 4 (Computed)
[2026-06-18T14:29:14.511+0800][7.172s][info][gc,phases   ] GC(23) y: Concurrent Select Relocation Set 0.562ms
[2026-06-18T14:29:14.511+0800][7.173s][info][gc,phases   ] GC(23) y: Pause Relocate Start 0.008ms
[2026-06-18T14:29:14.513+0800][7.174s][info][gc,phases   ] GC(23) y: Concurrent Relocate 0.724ms
[2026-06-18T14:29:14.513+0800][7.175s][info][gc,alloc    ] GC(23) y:                         Mark Start        Mark End      Relocate Start    Relocate End   
[2026-06-18T14:29:14.513+0800][7.175s][info][gc,alloc    ] GC(23) y: Allocation Stalls:          0                0                0                0         
[2026-06-18T14:29:14.514+0800][7.175s][info][gc,load     ] GC(23) y: Load: 0.65 (3%) / 0.37 (2%) / 0.31 (1%)
[2026-06-18T14:29:14.514+0800][7.176s][info][gc,mmu      ] GC(23) y: MMU: 2ms/98.5%, 5ms/99.1%, 10ms/99.5%, 20ms/99.7%, 50ms/99.8%, 100ms/99.9%
[2026-06-18T14:29:14.515+0800][7.177s][info][gc,marking  ] GC(23) y: Mark: 1 stripe(s), 1 proactive flush(es), 1 terminate flush(es), 0 completion(s), 0 continuation(s) 
[2026-06-18T14:29:14.515+0800][7.177s][info][gc,nmethod  ] GC(23) y: NMethods: 90 registered, 6 unregistered
[2026-06-18T14:29:14.516+0800][7.177s][info][gc,metaspace] GC(23) y: Metaspace: 0M used, 0M committed, 1088M reserved
[2026-06-18T14:29:14.516+0800][7.177s][info][gc,reloc    ] GC(23) y:                        Candidates     Selected     In-Place         Size        Empty    Relocated 
[2026-06-18T14:29:14.516+0800][7.178s][info][gc,reloc    ] GC(23) y: Small Pages:                   80           11            0         160M         132M           3M 
[2026-06-18T14:29:14.517+0800][7.178s][info][gc,reloc    ] GC(23) y: Medium Pages:                   7            1            0          56M          32M           0M 
[2026-06-18T14:29:14.517+0800][7.178s][info][gc,reloc    ] GC(23) y: Large Pages:                    7            0            0          14M           4M           0M 
[2026-06-18T14:29:14.517+0800][7.178s][info][gc,reloc    ] GC(23) y: Forwarding Usage: 0M
[2026-06-18T14:29:14.517+0800][7.179s][info][gc,reloc    ] GC(23) y: Age Table:
[2026-06-18T14:29:14.517+0800][7.179s][info][gc,reloc    ] GC(23) y:                    Live             Garbage             Small              Medium             Large        
[2026-06-18T14:29:14.518+0800][7.179s][info][gc,reloc    ] GC(23) y: Eden              16M (7%)          165M (65%)         77 / 11             3 / 0              2 / 0        
[2026-06-18T14:29:14.518+0800][7.179s][info][gc,reloc    ] GC(23) y: Survivor 1          -                 0M (0%)           0 / 0              0 / 0              0 / 0        
[2026-06-18T14:29:14.518+0800][7.179s][info][gc,reloc    ] GC(23) y: Survivor 2         4M (2%)           21M (8%)           3 / 0              2 / 1              2 / 0        
[2026-06-18T14:29:14.518+0800][7.180s][info][gc,reloc    ] GC(23) y: Survivor 3         2M (1%)            2M (1%)           0 / 0              0 / 0              2 / 0        
[2026-06-18T14:29:14.519+0800][7.180s][info][gc,reloc    ] GC(23) y: Survivor 4          -                 8M (3%)           0 / 0              1 / 0              0 / 0        
[2026-06-18T14:29:14.519+0800][7.180s][info][gc,reloc    ] GC(23) y: Survivor 5          -                10M (4%)           0 / 0              1 / 0              1 / 0        
[2026-06-18T14:29:14.519+0800][7.181s][info][gc,heap     ] GC(23) y: Min Capacity: 256M(100%)
[2026-06-18T14:29:14.519+0800][7.181s][info][gc,heap     ] GC(23) y: Max Capacity: 256M(100%)
[2026-06-18T14:29:14.520+0800][7.181s][info][gc,heap     ] GC(23) y: Soft Max Capacity: 256M(100%)
[2026-06-18T14:29:14.520+0800][7.181s][info][gc,heap     ] GC(23) y: Heap Statistics:
[2026-06-18T14:29:14.520+0800][7.182s][info][gc,heap     ] GC(23) y:                Mark Start          Mark End        Relocate Start      Relocate End           High               Low         
[2026-06-18T14:29:14.521+0800][7.182s][info][gc,heap     ] GC(23) y:  Capacity:      256M (100%)        256M (100%)        256M (100%)        256M (100%)        256M (100%)        256M (100%)   
[2026-06-18T14:29:14.521+0800][7.182s][info][gc,heap     ] GC(23) y:      Free:       22M (9%)           22M (9%)          190M (74%)         206M (80%)         206M (80%)          22M (9%)     
[2026-06-18T14:29:14.521+0800][7.183s][info][gc,heap     ] GC(23) y:      Used:      234M (91%)         234M (91%)          66M (26%)          50M (20%)         234M (91%)          50M (20%)    
[2026-06-18T14:29:14.521+0800][7.183s][info][gc,heap     ] GC(23) y: Young Generation Statistics:
[2026-06-18T14:29:14.522+0800][7.183s][info][gc,heap     ] GC(23) y:                Mark Start          Mark End        Relocate Start      Relocate End    
[2026-06-18T14:29:14.522+0800][7.183s][info][gc,heap     ] GC(23) y:      Used:      230M (90%)         230M (90%)          62M (24%)          46M (18%)    
[2026-06-18T14:29:14.522+0800][7.184s][info][gc,heap     ] GC(23) y:      Live:         -                23M (9%)           23M (9%)           23M (9%)     
[2026-06-18T14:29:14.522+0800][7.184s][info][gc,heap     ] GC(23) y:   Garbage:         -               206M (81%)          38M (15%)           0M (0%)     
[2026-06-18T14:29:14.523+0800][7.184s][info][gc,heap     ] GC(23) y: Allocated:         -                 0M (0%)            0M (0%)           21M (8%)     
[2026-06-18T14:29:14.523+0800][7.185s][info][gc,heap     ] GC(23) y: Reclaimed:         -                  -               168M (66%)         205M (80%)    
[2026-06-18T14:29:14.523+0800][7.185s][info][gc,heap     ] GC(23) y:  Promoted:         -                  -                 0M (0%)            0M (0%)     
[2026-06-18T14:29:14.523+0800][7.185s][info][gc,heap     ] GC(23) y: Compacted:         -                  -                  -                 6M (2%)     
[2026-06-18T14:29:14.524+0800][7.185s][info][gc,phases   ] GC(23) y: Young Generation 234M(91%)->50M(20%) 0.008s
[2026-06-18T14:29:14.524+0800][7.185s][info][gc          ] GC(23) Minor Collection (High Usage) 232M(91%)->62M(24%) 0.022s
[2026-06-18T14:29:14.964+0800][7.625s][info][gc          ] GC(24) Minor Collection (Allocation Rate)
[2026-06-18T14:29:14.964+0800][7.626s][info][gc,task     ] GC(24) Using 1 Workers for Young Generation
[2026-06-18T14:29:14.965+0800][7.626s][info][gc,phases   ] GC(24) y: Young Generation
[2026-06-18T14:29:14.965+0800][7.627s][info][gc,phases   ] GC(24) y: Pause Mark Start 0.011ms
[2026-06-18T14:29:14.966+0800][7.628s][info][gc,phases   ] GC(24) y: Concurrent Mark 0.437ms
[2026-06-18T14:29:14.967+0800][7.629s][info][gc,phases   ] GC(24) y: Pause Mark End 0.009ms
[2026-06-18T14:29:14.968+0800][7.630s][info][gc,phases   ] GC(24) y: Concurrent Mark Free 0.002ms
[2026-06-18T14:29:14.969+0800][7.630s][info][gc,phases   ] GC(24) y: Concurrent Reset Relocation Set 0.002ms
[2026-06-18T14:29:14.969+0800][7.631s][info][gc,reloc    ] GC(24) y: Using tenuring threshold: 5 (Computed)
[2026-06-18T14:29:14.970+0800][7.631s][info][gc,phases   ] GC(24) y: Concurrent Select Relocation Set 0.624ms
[2026-06-18T14:29:14.970+0800][7.632s][info][gc,phases   ] GC(24) y: Pause Relocate Start 0.007ms
[2026-06-18T14:29:14.971+0800][7.633s][info][gc,phases   ] GC(24) y: Concurrent Relocate 0.797ms
[2026-06-18T14:29:14.972+0800][7.633s][info][gc,alloc    ] GC(24) y:                         Mark Start        Mark End      Relocate Start    Relocate End   
[2026-06-18T14:29:14.972+0800][7.633s][info][gc,alloc    ] GC(24) y: Allocation Stalls:          0                0                0                0         
[2026-06-18T14:29:14.972+0800][7.633s][info][gc,load     ] GC(24) y: Load: 0.65 (3%) / 0.37 (2%) / 0.31 (1%)
[2026-06-18T14:29:14.972+0800][7.634s][info][gc,mmu      ] GC(24) y: MMU: 2ms/98.5%, 5ms/99.1%, 10ms/99.5%, 20ms/99.7%, 50ms/99.8%, 100ms/99.9%
[2026-06-18T14:29:14.972+0800][7.634s][info][gc,marking  ] GC(24) y: Mark: 1 stripe(s), 1 proactive flush(es), 1 terminate flush(es), 0 completion(s), 0 continuation(s) 
[2026-06-18T14:29:14.973+0800][7.634s][info][gc,nmethod  ] GC(24) y: NMethods: 91 registered, 6 unregistered
[2026-06-18T14:29:14.973+0800][7.635s][info][gc,metaspace] GC(24) y: Metaspace: 0M used, 0M committed, 1088M reserved
[2026-06-18T14:29:14.974+0800][7.635s][info][gc,reloc    ] GC(24) y:                        Candidates     Selected     In-Place         Size        Empty    Relocated 
[2026-06-18T14:29:14.974+0800][7.636s][info][gc,reloc    ] GC(24) y: Small Pages:                   85           11            0         170M         140M           3M 
[2026-06-18T14:29:14.975+0800][7.636s][info][gc,reloc    ] GC(24) y: Medium Pages:                   6            1            0          48M          24M           2M 
[2026-06-18T14:29:14.975+0800][7.636s][info][gc,reloc    ] GC(24) y: Large Pages:                    6            0            0          12M           0M           0M 
[2026-06-18T14:29:14.975+0800][7.637s][info][gc,reloc    ] GC(24) y: Forwarding Usage: 0M
[2026-06-18T14:29:14.975+0800][7.637s][info][gc,reloc    ] GC(24) y: Age Table:
[2026-06-18T14:29:14.976+0800][7.637s][info][gc,reloc    ] GC(24) y:                    Live             Garbage             Small              Medium             Large        
[2026-06-18T14:29:14.976+0800][7.637s][info][gc,reloc    ] GC(24) y: Eden              17M (7%)          170M (67%)         81 / 11             3 / 1              1 / 0        
[2026-06-18T14:29:14.976+0800][7.637s][info][gc,reloc    ] GC(24) y: Survivor 1         4M (2%)           22M (9%)           3 / 0              2 / 0              2 / 0        
[2026-06-18T14:29:14.976+0800][7.638s][info][gc,reloc    ] GC(24) y: Survivor 2          -                 0M (0%)           0 / 0              0 / 0              0 / 0        
[2026-06-18T14:29:14.976+0800][7.638s][info][gc,reloc    ] GC(24) y: Survivor 3         4M (2%)            9M (4%)           1 / 0              1 / 0              2 / 0        
[2026-06-18T14:29:14.977+0800][7.638s][info][gc,reloc    ] GC(24) y: Survivor 4         2M (1%)            0M (0%)           0 / 0              0 / 0              1 / 0        
[2026-06-18T14:29:14.977+0800][7.638s][info][gc,heap     ] GC(24) y: Min Capacity: 256M(100%)
[2026-06-18T14:29:14.977+0800][7.639s][info][gc,heap     ] GC(24) y: Max Capacity: 256M(100%)
[2026-06-18T14:29:14.977+0800][7.639s][info][gc,heap     ] GC(24) y: Soft Max Capacity: 256M(100%)
[2026-06-18T14:29:14.977+0800][7.639s][info][gc,heap     ] GC(24) y: Heap Statistics:
[2026-06-18T14:29:14.978+0800][7.639s][info][gc,heap     ] GC(24) y:                Mark Start          Mark End        Relocate Start      Relocate End           High               Low         
[2026-06-18T14:29:14.978+0800][7.640s][info][gc,heap     ] GC(24) y:  Capacity:      256M (100%)        256M (100%)        256M (100%)        256M (100%)        256M (100%)        256M (100%)   
[2026-06-18T14:29:14.979+0800][7.640s][info][gc,heap     ] GC(24) y:      Free:       22M (9%)           22M (9%)          186M (73%)         206M (80%)         206M (80%)          22M (9%)     
[2026-06-18T14:29:14.979+0800][7.640s][info][gc,heap     ] GC(24) y:      Used:      234M (91%)         234M (91%)          70M (27%)          50M (20%)         234M (91%)          50M (20%)    
[2026-06-18T14:29:14.979+0800][7.641s][info][gc,heap     ] GC(24) y: Young Generation Statistics:
[2026-06-18T14:29:14.979+0800][7.641s][info][gc,heap     ] GC(24) y:                Mark Start          Mark End        Relocate Start      Relocate End    
[2026-06-18T14:29:14.980+0800][7.642s][info][gc,heap     ] GC(24) y:      Used:      230M (90%)         230M (90%)          66M (26%)          46M (18%)    
[2026-06-18T14:29:14.981+0800][7.642s][info][gc,heap     ] GC(24) y:      Live:         -                27M (11%)          27M (11%)          27M (11%)    
[2026-06-18T14:29:14.981+0800][7.642s][info][gc,heap     ] GC(24) y:   Garbage:         -               202M (79%)          38M (15%)           2M (1%)     
[2026-06-18T14:29:14.981+0800][7.643s][info][gc,heap     ] GC(24) y: Allocated:         -                 0M (0%)            0M (0%)           16M (6%)     
[2026-06-18T14:29:14.981+0800][7.643s][info][gc,heap     ] GC(24) y: Reclaimed:         -                  -               164M (64%)         200M (78%)    
[2026-06-18T14:29:14.982+0800][7.643s][info][gc,heap     ] GC(24) y:  Promoted:         -                  -                 0M (0%)            0M (0%)     
[2026-06-18T14:29:14.982+0800][7.643s][info][gc,heap     ] GC(24) y: Compacted:         -                  -                  -                 7M (3%)     
[2026-06-18T14:29:14.982+0800][7.643s][info][gc,phases   ] GC(24) y: Young Generation 234M(91%)->50M(20%) 0.007s
[2026-06-18T14:29:14.982+0800][7.644s][info][gc          ] GC(24) Minor Collection (Allocation Rate) 234M(91%)->54M(21%) 0.019s
[2026-06-18T14:29:15.329+0800][7.991s][info][gc          ] GC(25) Major Collection (Proactive)
[2026-06-18T14:29:15.330+0800][7.992s][info][gc,task     ] GC(25) Using 1 Workers for Young Generation
[2026-06-18T14:29:15.331+0800][7.993s][info][gc,task     ] GC(25) Using 1 Workers for Old Generation
[2026-06-18T14:29:15.332+0800][7.993s][info][gc,phases   ] GC(25) Y: Young Generation
[2026-06-18T14:29:15.333+0800][7.995s][info][gc,phases   ] GC(25) Y: Pause Mark Start (Major) 0.013ms
[2026-06-18T14:29:15.335+0800][7.996s][info][gc,phases   ] GC(25) Y: Concurrent Mark 0.590ms
[2026-06-18T14:29:15.335+0800][7.997s][info][gc,phases   ] GC(25) Y: Pause Mark End 0.009ms
[2026-06-18T14:29:15.336+0800][7.997s][info][gc,phases   ] GC(25) Y: Concurrent Mark Free 0.001ms
[2026-06-18T14:29:15.336+0800][7.998s][info][gc,phases   ] GC(25) Y: Concurrent Reset Relocation Set 0.002ms
[2026-06-18T14:29:15.337+0800][7.998s][info][gc,reloc    ] GC(25) Y: Using tenuring threshold: 5 (Computed)
[2026-06-18T14:29:15.337+0800][7.999s][info][gc,phases   ] GC(25) Y: Concurrent Select Relocation Set 0.574ms
[2026-06-18T14:29:15.338+0800][7.999s][info][gc,phases   ] GC(25) Y: Pause Relocate Start 0.006ms
[2026-06-18T14:29:15.339+0800][8.001s][info][gc,phases   ] GC(25) Y: Concurrent Relocate 1.080ms
[2026-06-18T14:29:15.340+0800][8.002s][info][gc,alloc    ] GC(25) Y:                         Mark Start        Mark End      Relocate Start    Relocate End   
[2026-06-18T14:29:15.341+0800][8.002s][info][gc,alloc    ] GC(25) Y: Allocation Stalls:          0                0                0                0         
[2026-06-18T14:29:15.341+0800][8.003s][info][gc,load     ] GC(25) Y: Load: 0.60 (2%) / 0.36 (1%) / 0.31 (1%)
[2026-06-18T14:29:15.341+0800][8.003s][info][gc,mmu      ] GC(25) Y: MMU: 2ms/98.5%, 5ms/99.1%, 10ms/99.5%, 20ms/99.7%, 50ms/99.8%, 100ms/99.9%
[2026-06-18T14:29:15.342+0800][8.003s][info][gc,marking  ] GC(25) Y: Mark: 1 stripe(s), 1 proactive flush(es), 1 terminate flush(es), 0 completion(s), 0 continuation(s) 
[2026-06-18T14:29:15.342+0800][8.003s][info][gc,nmethod  ] GC(25) Y: NMethods: 91 registered, 6 unregistered
[2026-06-18T14:29:15.342+0800][8.004s][info][gc,metaspace] GC(25) Y: Metaspace: 0M used, 0M committed, 1088M reserved
[2026-06-18T14:29:15.342+0800][8.004s][info][gc,reloc    ] GC(25) Y:                        Candidates     Selected     In-Place         Size        Empty    Relocated 
[2026-06-18T14:29:15.343+0800][8.004s][info][gc,reloc    ] GC(25) Y: Small Pages:                   68           12            0         136M         104M           3M 
[2026-06-18T14:29:15.343+0800][8.004s][info][gc,reloc    ] GC(25) Y: Medium Pages:                   5            2            0          40M           8M           5M 
[2026-06-18T14:29:15.343+0800][8.005s][info][gc,reloc    ] GC(25) Y: Large Pages:                    6            0            0          12M           8M           0M 
[2026-06-18T14:29:15.343+0800][8.005s][info][gc,reloc    ] GC(25) Y: Forwarding Usage: 0M
[2026-06-18T14:29:15.343+0800][8.005s][info][gc,reloc    ] GC(25) Y: Age Table:
[2026-06-18T14:29:15.344+0800][8.005s][info][gc,reloc    ] GC(25) Y:                    Live             Garbage             Small              Medium             Large        
[2026-06-18T14:29:15.344+0800][8.005s][info][gc,reloc    ] GC(25) Y: Eden              16M (7%)          125M (49%)         63 / 12             2 / 1              0 / 0        
[2026-06-18T14:29:15.344+0800][8.006s][info][gc,reloc    ] GC(25) Y: Survivor 1         3M (1%)           22M (9%)           4 / 0              2 / 1              1 / 0        
[2026-06-18T14:29:15.344+0800][8.006s][info][gc,reloc    ] GC(25) Y: Survivor 2         2M (1%)            2M (1%)           0 / 0              0 / 0              2 / 0        
[2026-06-18T14:29:15.345+0800][8.006s][info][gc,reloc    ] GC(25) Y: Survivor 3          -                 0M (0%)           0 / 0              0 / 0              0 / 0        
[2026-06-18T14:29:15.345+0800][8.006s][info][gc,reloc    ] GC(25) Y: Survivor 4         0M (0%)           13M (5%)           1 / 0              1 / 0              2 / 0        
[2026-06-18T14:29:15.345+0800][8.007s][info][gc,reloc    ] GC(25) Y: Survivor 5          -                 2M (1%)           0 / 0              0 / 0              1 / 0        
[2026-06-18T14:29:15.346+0800][8.007s][info][gc,heap     ] GC(25) Y: Min Capacity: 256M(100%)
[2026-06-18T14:29:15.346+0800][8.007s][info][gc,heap     ] GC(25) Y: Max Capacity: 256M(100%)
[2026-06-18T14:29:15.346+0800][8.008s][info][gc,heap     ] GC(25) Y: Soft Max Capacity: 256M(100%)
[2026-06-18T14:29:15.346+0800][8.008s][info][gc,heap     ] GC(25) Y: Heap Statistics:
[2026-06-18T14:29:15.347+0800][8.008s][info][gc,heap     ] GC(25) Y:                Mark Start          Mark End        Relocate Start      Relocate End           High               Low         
[2026-06-18T14:29:15.347+0800][8.008s][info][gc,heap     ] GC(25) Y:  Capacity:      256M (100%)        256M (100%)        256M (100%)        256M (100%)        256M (100%)        256M (100%)   
[2026-06-18T14:29:15.347+0800][8.008s][info][gc,heap     ] GC(25) Y:      Free:       64M (25%)          64M (25%)         184M (72%)         214M (84%)         214M (84%)          64M (25%)    
[2026-06-18T14:29:15.347+0800][8.009s][info][gc,heap     ] GC(25) Y:      Used:      192M (75%)         192M (75%)          72M (28%)          42M (16%)         192M (75%)          42M (16%)    
[2026-06-18T14:29:15.347+0800][8.009s][info][gc,heap     ] GC(25) Y: Young Generation Statistics:
[2026-06-18T14:29:15.348+0800][8.009s][info][gc,heap     ] GC(25) Y:                Mark Start          Mark End        Relocate Start      Relocate End    
[2026-06-18T14:29:15.348+0800][8.009s][info][gc,heap     ] GC(25) Y:      Used:      188M (73%)         188M (73%)          68M (27%)          38M (15%)    
[2026-06-18T14:29:15.348+0800][8.010s][info][gc,heap     ] GC(25) Y:      Live:         -                22M (9%)           22M (9%)           22M (9%)     
[2026-06-18T14:29:15.348+0800][8.010s][info][gc,heap     ] GC(25) Y:   Garbage:         -               165M (65%)          45M (18%)           2M (1%)     
[2026-06-18T14:29:15.349+0800][8.010s][info][gc,heap     ] GC(25) Y: Allocated:         -                 0M (0%)            0M (0%)           13M (5%)     
[2026-06-18T14:29:15.349+0800][8.010s][info][gc,heap     ] GC(25) Y: Reclaimed:         -                  -               120M (47%)         163M (64%)    
[2026-06-18T14:29:15.349+0800][8.011s][info][gc,heap     ] GC(25) Y:  Promoted:         -                  -                 0M (0%)            0M (0%)     
[2026-06-18T14:29:15.349+0800][8.011s][info][gc,heap     ] GC(25) Y: Compacted:         -                  -                  -                10M (4%)     
[2026-06-18T14:29:15.350+0800][8.011s][info][gc,phases   ] GC(25) Y: Young Generation 192M(75%)->42M(16%) 0.008s
[2026-06-18T14:29:15.350+0800][8.011s][info][gc,phases   ] GC(25) O: Old Generation
[2026-06-18T14:29:15.351+0800][8.013s][info][gc,phases   ] GC(25) O: Concurrent Mark 0.947ms
[2026-06-18T14:29:15.352+0800][8.013s][info][gc,phases   ] GC(25) O: Pause Mark End 0.010ms
[2026-06-18T14:29:15.352+0800][8.013s][info][gc,phases   ] GC(25) O: Concurrent Mark Free 0.002ms
[2026-06-18T14:29:15.352+0800][8.014s][info][gc,phases   ] GC(25) O: Concurrent Process Non-Strong 0.314ms
[2026-06-18T14:29:15.353+0800][8.014s][info][gc,phases   ] GC(25) O: Concurrent Reset Relocation Set 0.000ms
[2026-06-18T14:29:15.353+0800][8.015s][info][gc,phases   ] GC(25) O: Concurrent Select Relocation Set 0.057ms
[2026-06-18T14:29:15.353+0800][8.015s][info][gc,task     ] GC(25) O: Using 2 Workers for Old Generation
[2026-06-18T14:29:15.354+0800][8.015s][info][gc,task     ] GC(25) O: Using 1 Workers for Old Generation
[2026-06-18T14:29:15.354+0800][8.016s][info][gc,phases   ] GC(25) O: Concurrent Remap Roots 0.572ms
[2026-06-18T14:29:15.354+0800][8.016s][info][gc,phases   ] GC(25) O: Pause Relocate Start 0.005ms
[2026-06-18T14:29:15.355+0800][8.016s][info][gc,phases   ] GC(25) O: Concurrent Relocate 0.378ms
[2026-06-18T14:29:15.355+0800][8.017s][info][gc,alloc    ] GC(25) O:                         Mark Start        Mark End      Relocate Start    Relocate End   
[2026-06-18T14:29:15.356+0800][8.017s][info][gc,alloc    ] GC(25) O: Allocation Stalls:          0                0                0                0         
[2026-06-18T14:29:15.356+0800][8.017s][info][gc,load     ] GC(25) O: Load: 0.60 (2%) / 0.36 (1%) / 0.31 (1%)
[2026-06-18T14:29:15.356+0800][8.018s][info][gc,mmu      ] GC(25) O: MMU: 2ms/98.5%, 5ms/99.1%, 10ms/99.5%, 20ms/99.7%, 50ms/99.8%, 100ms/99.9%
[2026-06-18T14:29:15.356+0800][8.018s][info][gc,marking  ] GC(25) O: Mark: 1 stripe(s), 2 proactive flush(es), 1 terminate flush(es), 0 completion(s), 0 continuation(s) 
[2026-06-18T14:29:15.357+0800][8.018s][info][gc,nmethod  ] GC(25) O: NMethods: 90 registered, 7 unregistered
[2026-06-18T14:29:15.357+0800][8.018s][info][gc,metaspace] GC(25) O: Metaspace: 0M used, 0M committed, 1088M reserved
[2026-06-18T14:29:15.357+0800][8.019s][info][gc,ref      ] GC(25) O:                       Encountered   Discovered     Enqueued 
[2026-06-18T14:29:15.357+0800][8.019s][info][gc,ref      ] GC(25) O: Soft References:                2            0            0 
[2026-06-18T14:29:15.358+0800][8.019s][info][gc,ref      ] GC(25) O: Weak References:                6            0            0 
[2026-06-18T14:29:15.358+0800][8.020s][info][gc,ref      ] GC(25) O: Final References:               0            0            0 
[2026-06-18T14:29:15.358+0800][8.020s][info][gc,ref      ] GC(25) O: Phantom References:             1            1            0 
[2026-06-18T14:29:15.359+0800][8.020s][info][gc,reloc    ] GC(25) O:                        Candidates     Selected     In-Place         Size        Empty    Relocated 
[2026-06-18T14:29:15.359+0800][8.020s][info][gc,reloc    ] GC(25) O: Small Pages:                    2            1            0           4M           0M           0M 
[2026-06-18T14:29:15.359+0800][8.021s][info][gc,reloc    ] GC(25) O: Medium Pages:                   0            0            0           0M           0M           0M 
[2026-06-18T14:29:15.359+0800][8.021s][info][gc,reloc    ] GC(25) O: Large Pages:                    0            0            0           0M           0M           0M 
[2026-06-18T14:29:15.360+0800][8.021s][info][gc,reloc    ] GC(25) O: Forwarding Usage: 0M
[2026-06-18T14:29:15.360+0800][8.021s][info][gc,heap     ] GC(25) O: Min Capacity: 256M(100%)
[2026-06-18T14:29:15.360+0800][8.021s][info][gc,heap     ] GC(25) O: Max Capacity: 256M(100%)
[2026-06-18T14:29:15.360+0800][8.022s][info][gc,heap     ] GC(25) O: Soft Max Capacity: 256M(100%)
[2026-06-18T14:29:15.360+0800][8.022s][info][gc,heap     ] GC(25) O: Heap Statistics:
[2026-06-18T14:29:15.361+0800][8.022s][info][gc,heap     ] GC(25) O:                Mark Start          Mark End        Relocate Start      Relocate End           High               Low         
[2026-06-18T14:29:15.361+0800][8.022s][info][gc,heap     ] GC(25) O:  Capacity:      256M (100%)        256M (100%)        256M (100%)        256M (100%)        256M (100%)        256M (100%)   
[2026-06-18T14:29:15.361+0800][8.023s][info][gc,heap     ] GC(25) O:      Free:       64M (25%)         198M (77%)         198M (77%)         200M (78%)         214M (84%)          64M (25%)    
[2026-06-18T14:29:15.361+0800][8.023s][info][gc,heap     ] GC(25) O:      Used:      192M (75%)          58M (23%)          58M (23%)          56M (22%)         192M (75%)          42M (16%)    
[2026-06-18T14:29:15.361+0800][8.023s][info][gc,heap     ] GC(25) O: Old Generation Statistics:
[2026-06-18T14:29:15.362+0800][8.023s][info][gc,heap     ] GC(25) O:                Mark Start          Mark End        Relocate Start      Relocate End    
[2026-06-18T14:29:15.362+0800][8.023s][info][gc,heap     ] GC(25) O:      Used:        4M (2%)            4M (2%)            4M (2%)            2M (1%)     
[2026-06-18T14:29:15.362+0800][8.024s][info][gc,heap     ] GC(25) O:      Live:         -                 0M (0%)            0M (0%)            0M (0%)     
[2026-06-18T14:29:15.362+0800][8.024s][info][gc,heap     ] GC(25) O:   Garbage:         -                 3M (1%)            3M (1%)            0M (0%)     
[2026-06-18T14:29:15.363+0800][8.024s][info][gc,heap     ] GC(25) O: Allocated:         -                 0M (0%)            0M (0%)            1M (1%)     
[2026-06-18T14:29:15.363+0800][8.024s][info][gc,heap     ] GC(25) O: Reclaimed:         -                  -                 0M (0%)            3M (1%)     
[2026-06-18T14:29:15.363+0800][8.025s][info][gc,heap     ] GC(25) O: Compacted:         -                  -                  -                 0M (0%)     
[2026-06-18T14:29:15.364+0800][8.025s][info][gc,phases   ] GC(25) O: Old Generation 56M(22%)->56M(22%) 0.005s
[2026-06-18T14:29:15.364+0800][8.025s][info][gc          ] GC(25) Major Collection (Proactive) 190M(74%)->60M(23%) 0.035s
[2026-06-18T14:29:15.811+0800][8.473s][info][gc          ] GC(26) Minor Collection (Allocation Rate)
[2026-06-18T14:29:15.814+0800][8.475s][info][gc,task     ] GC(26) Using 2 Workers for Young Generation
[2026-06-18T14:29:15.815+0800][8.477s][info][gc,phases   ] GC(26) y: Young Generation
[2026-06-18T14:29:15.817+0800][8.479s][info][gc,phases   ] GC(26) y: Pause Mark Start 0.031ms
[2026-06-18T14:29:15.822+0800][8.483s][info][gc,phases   ] GC(26) y: Concurrent Mark 2.145ms
[2026-06-18T14:29:15.824+0800][8.485s][info][gc,phases   ] GC(26) y: Pause Mark End 0.021ms
[2026-06-18T14:29:15.825+0800][8.487s][info][gc,phases   ] GC(26) y: Concurrent Mark Free 0.004ms
[2026-06-18T14:29:15.827+0800][8.488s][info][gc,phases   ] GC(26) y: Concurrent Reset Relocation Set 0.002ms
[2026-06-18T14:29:15.827+0800][8.489s][info][gc,reloc    ] GC(26) y: Using tenuring threshold: 4 (Computed)
[2026-06-18T14:29:15.829+0800][8.490s][info][gc,phases   ] GC(26) y: Concurrent Select Relocation Set 1.186ms
[2026-06-18T14:29:15.830+0800][8.492s][info][gc,phases   ] GC(26) y: Pause Relocate Start 0.015ms
[2026-06-18T14:29:15.832+0800][8.493s][info][gc,phases   ] GC(26) y: Concurrent Relocate 0.792ms
[2026-06-18T14:29:15.833+0800][8.494s][info][gc,alloc    ] GC(26) y:                         Mark Start        Mark End      Relocate Start    Relocate End   
[2026-06-18T14:29:15.833+0800][8.495s][info][gc,alloc    ] GC(26) y: Allocation Stalls:          0                0                0                0         
[2026-06-18T14:29:15.834+0800][8.496s][info][gc,load     ] GC(26) y: Load: 0.60 (2%) / 0.36 (1%) / 0.31 (1%)
[2026-06-18T14:29:15.837+0800][8.499s][info][gc,mmu      ] GC(26) y: MMU: 2ms/98.5%, 5ms/99.1%, 10ms/99.5%, 20ms/99.7%, 50ms/99.8%, 100ms/99.9%
[2026-06-18T14:29:15.839+0800][8.501s][info][gc,marking  ] GC(26) y: Mark: 2 stripe(s), 1 proactive flush(es), 1 terminate flush(es), 0 completion(s), 0 continuation(s) 
[2026-06-18T14:29:15.842+0800][8.503s][info][gc,nmethod  ] GC(26) y: NMethods: 90 registered, 7 unregistered
[2026-06-18T14:29:15.842+0800][8.504s][info][gc,metaspace] GC(26) y: Metaspace: 0M used, 0M committed, 1088M reserved
[2026-06-18T14:29:15.843+0800][8.505s][info][gc,reloc    ] GC(26) y:                        Candidates     Selected     In-Place         Size        Empty    Relocated 
[2026-06-18T14:29:15.844+0800][8.505s][info][gc,reloc    ] GC(26) y: Small Pages:                   90           13            0         180M         144M           4M 
[2026-06-18T14:29:15.845+0800][8.506s][info][gc,reloc    ] GC(26) y: Medium Pages:                   6            3            0          48M           8M           3M 
[2026-06-18T14:29:15.846+0800][8.507s][info][gc,reloc    ] GC(26) y: Large Pages:                    4            0            0           8M           0M           0M 
[2026-06-18T14:29:15.847+0800][8.508s][info][gc,reloc    ] GC(26) y: Forwarding Usage: 0M
[2026-06-18T14:29:15.847+0800][8.509s][info][gc,reloc    ] GC(26) y: Age Table:
[2026-06-18T14:29:15.848+0800][8.509s][info][gc,reloc    ] GC(26) y:                    Live             Garbage             Small              Medium             Large        
[2026-06-18T14:29:15.848+0800][8.510s][info][gc,reloc    ] GC(26) y: Eden              20M (8%)          177M (69%)         85 / 13             3 / 0              2 / 0        
[2026-06-18T14:29:15.849+0800][8.510s][info][gc,reloc    ] GC(26) y: Survivor 1         1M (1%)           22M (9%)           4 / 0              2 / 2              0 / 0        
[2026-06-18T14:29:15.849+0800][8.511s][info][gc,reloc    ] GC(26) y: Survivor 2         3M (1%)            6M (2%)           0 / 0              1 / 1              1 / 0        
[2026-06-18T14:29:15.849+0800][8.511s][info][gc,reloc    ] GC(26) y: Survivor 3         2M (1%)            0M (0%)           0 / 0              0 / 0              1 / 0        
[2026-06-18T14:29:15.850+0800][8.511s][info][gc,reloc    ] GC(26) y: Survivor 4          -                 0M (0%)           0 / 0              0 / 0              0 / 0        
[2026-06-18T14:29:15.850+0800][8.512s][info][gc,reloc    ] GC(26) y: Survivor 5         0M (0%)            1M (1%)           1 / 0              0 / 0              0 / 0        
[2026-06-18T14:29:15.851+0800][8.512s][info][gc,heap     ] GC(26) y: Min Capacity: 256M(100%)
[2026-06-18T14:29:15.851+0800][8.513s][info][gc,heap     ] GC(26) y: Max Capacity: 256M(100%)
[2026-06-18T14:29:15.851+0800][8.513s][info][gc,heap     ] GC(26) y: Soft Max Capacity: 256M(100%)
[2026-06-18T14:29:15.852+0800][8.513s][info][gc,heap     ] GC(26) y: Heap Statistics:
[2026-06-18T14:29:15.853+0800][8.514s][info][gc,heap     ] GC(26) y:                Mark Start          Mark End        Relocate Start      Relocate End           High               Low         
[2026-06-18T14:29:15.853+0800][8.514s][info][gc,heap     ] GC(26) y:  Capacity:      256M (100%)        256M (100%)        256M (100%)        256M (100%)        256M (100%)        256M (100%)   
[2026-06-18T14:29:15.853+0800][8.515s][info][gc,heap     ] GC(26) y:      Free:       18M (7%)           14M (5%)          166M (65%)         198M (77%)         198M (77%)          14M (5%)     
[2026-06-18T14:29:15.854+0800][8.515s][info][gc,heap     ] GC(26) y:      Used:      238M (93%)         242M (95%)          90M (35%)          58M (23%)         242M (95%)          58M (23%)    
[2026-06-18T14:29:15.854+0800][8.516s][info][gc,heap     ] GC(26) y: Young Generation Statistics:
[2026-06-18T14:29:15.854+0800][8.516s][info][gc,heap     ] GC(26) y:                Mark Start          Mark End        Relocate Start      Relocate End    
[2026-06-18T14:29:15.855+0800][8.517s][info][gc,heap     ] GC(26) y:      Used:      236M (92%)         240M (94%)          88M (34%)          54M (21%)    
[2026-06-18T14:29:15.856+0800][8.517s][info][gc,heap     ] GC(26) y:      Live:         -                27M (11%)          27M (11%)          27M (11%)    
[2026-06-18T14:29:15.856+0800][8.518s][info][gc,heap     ] GC(26) y:   Garbage:         -               208M (81%)          56M (22%)           1M (0%)     
[2026-06-18T14:29:15.857+0800][8.519s][info][gc,heap     ] GC(26) y: Allocated:         -                 4M (2%)            4M (2%)           25M (10%)    
[2026-06-18T14:29:15.859+0800][8.520s][info][gc,heap     ] GC(26) y: Reclaimed:         -                  -               152M (59%)         207M (81%)    
[2026-06-18T14:29:15.860+0800][8.521s][info][gc,heap     ] GC(26) y:  Promoted:         -                  -                 0M (0%)            0M (0%)     
[2026-06-18T14:29:15.860+0800][8.522s][info][gc,heap     ] GC(26) y: Compacted:         -                  -                  -                10M (4%)     
[2026-06-18T14:29:15.861+0800][8.522s][info][gc,phases   ] GC(26) y: Young Generation 238M(93%)->58M(23%) 0.018s
[2026-06-18T14:29:15.862+0800][8.523s][info][gc          ] GC(26) Minor Collection (Allocation Rate) 238M(93%)->80M(31%) 0.051s
[2026-06-18T14:29:16.230+0800][8.892s][info][gc          ] GC(27) Minor Collection (Allocation Rate)
[2026-06-18T14:29:16.242+0800][8.904s][info][gc,task     ] GC(27) Using 2 Workers for Young Generation
[2026-06-18T14:29:16.244+0800][8.905s][info][gc,phases   ] GC(27) y: Young Generation
[2026-06-18T14:29:16.486+0800][9.147s][info][gc,phases   ] GC(27) y: Pause Mark Start 0.028ms
[2026-06-18T14:29:16.487+0800][9.149s][info][gc,phases   ] GC(27) y: Concurrent Mark 0.647ms
[2026-06-18T14:29:16.494+0800][9.156s][info][gc,phases   ] GC(27) y: Pause Mark End 0.017ms
[2026-06-18T14:29:16.509+0800][9.170s][info][gc,phases   ] GC(27) y: Concurrent Mark Free 0.004ms
[2026-06-18T14:29:16.522+0800][9.184s][info][gc,phases   ] GC(27) y: Concurrent Reset Relocation Set 0.004ms
[2026-06-18T14:29:16.527+0800][9.188s][info][gc,reloc    ] GC(27) y: Using tenuring threshold: 3 (Computed)
[2026-06-18T14:29:16.527+0800][9.188s][info][gc          ] Allocation Stall (main) 209.191ms
[2026-06-18T14:29:16.528+0800][9.190s][info][gc,phases   ] GC(27) y: Concurrent Select Relocation Set 1.524ms
[2026-06-18T14:29:16.530+0800][9.192s][info][gc,phases   ] GC(27) y: Pause Relocate Start 0.012ms
[2026-06-18T14:29:16.532+0800][9.193s][info][gc,phases   ] GC(27) y: Concurrent Relocate 0.958ms
[2026-06-18T14:29:16.533+0800][9.194s][info][gc,alloc    ] GC(27) y:                         Mark Start        Mark End      Relocate Start    Relocate End   
[2026-06-18T14:29:16.533+0800][9.195s][info][gc,alloc    ] GC(27) y: Allocation Stalls:          1                1                0                0         
[2026-06-18T14:29:16.534+0800][9.195s][info][gc,load     ] GC(27) y: Load: 0.60 (2%) / 0.36 (1%) / 0.31 (1%)
[2026-06-18T14:29:16.536+0800][9.197s][info][gc,mmu      ] GC(27) y: MMU: 2ms/98.5%, 5ms/99.1%, 10ms/99.5%, 20ms/99.7%, 50ms/99.8%, 100ms/99.9%
[2026-06-18T14:29:16.537+0800][9.198s][info][gc,marking  ] GC(27) y: Mark: 2 stripe(s), 1 proactive flush(es), 1 terminate flush(es), 0 completion(s), 0 continuation(s) 
[2026-06-18T14:29:16.538+0800][9.199s][info][gc,nmethod  ] GC(27) y: NMethods: 91 registered, 7 unregistered
[2026-06-18T14:29:16.538+0800][9.200s][info][gc,metaspace] GC(27) y: Metaspace: 0M used, 0M committed, 1088M reserved
[2026-06-18T14:29:16.539+0800][9.201s][info][gc,reloc    ] GC(27) y:                        Candidates     Selected     In-Place         Size        Empty    Relocated 
[2026-06-18T14:29:16.540+0800][9.201s][info][gc,reloc    ] GC(27) y: Small Pages:                   91           13            0         182M         144M           4M 
[2026-06-18T14:29:16.541+0800][9.202s][info][gc,reloc    ] GC(27) y: Medium Pages:                   7            1            0          56M          32M           2M 
[2026-06-18T14:29:16.542+0800][9.203s][info][gc,reloc    ] GC(27) y: Large Pages:                    7            0            0          14M           4M           0M 
[2026-06-18T14:29:16.542+0800][9.204s][info][gc,reloc    ] GC(27) y: Forwarding Usage: 0M
[2026-06-18T14:29:16.543+0800][9.205s][info][gc,reloc    ] GC(27) y: Age Table:
[2026-06-18T14:29:16.544+0800][9.206s][info][gc,reloc    ] GC(27) y:                    Live             Garbage             Small              Medium             Large        
[2026-06-18T14:29:16.545+0800][9.206s][info][gc,reloc    ] GC(27) y: Eden              25M (10%)         176M (69%)         86 / 13             3 / 1              3 / 0        
[2026-06-18T14:29:16.545+0800][9.207s][info][gc,reloc    ] GC(27) y: Survivor 1         4M (2%)           26M (10%)          5 / 0              2 / 0              2 / 0        
[2026-06-18T14:29:16.546+0800][9.208s][info][gc,reloc    ] GC(27) y: Survivor 2         0M (0%)            7M (3%)           0 / 0              1 / 0              0 / 0        
[2026-06-18T14:29:16.547+0800][9.209s][info][gc,reloc    ] GC(27) y: Survivor 3          -                10M (4%)           0 / 0              1 / 0              1 / 0        
[2026-06-18T14:29:16.548+0800][9.210s][info][gc,reloc    ] GC(27) y: Survivor 4          -                 2M (1%)           0 / 0              0 / 0              1 / 0        
[2026-06-18T14:29:16.549+0800][9.211s][info][gc,heap     ] GC(27) y: Min Capacity: 256M(100%)
[2026-06-18T14:29:16.550+0800][9.211s][info][gc,heap     ] GC(27) y: Max Capacity: 256M(100%)
[2026-06-18T14:29:16.550+0800][9.212s][info][gc,heap     ] GC(27) y: Soft Max Capacity: 256M(100%)
[2026-06-18T14:29:16.551+0800][9.213s][info][gc,heap     ] GC(27) y: Heap Statistics:
[2026-06-18T14:29:16.555+0800][9.217s][info][gc,heap     ] GC(27) y:                Mark Start          Mark End        Relocate Start      Relocate End           High               Low         
[2026-06-18T14:29:16.557+0800][9.218s][info][gc,heap     ] GC(27) y:  Capacity:      256M (100%)        256M (100%)        256M (100%)        256M (100%)        256M (100%)        256M (100%)   
[2026-06-18T14:29:16.558+0800][9.220s][info][gc,heap     ] GC(27) y:      Free:        0M (0%)            0M (0%)          178M (70%)         202M (79%)         202M (79%)           0M (0%)     
[2026-06-18T14:29:16.559+0800][9.220s][info][gc,heap     ] GC(27) y:      Used:      256M (100%)        256M (100%)         78M (30%)          54M (21%)         256M (100%)         54M (21%)    
[2026-06-18T14:29:16.559+0800][9.221s][info][gc,heap     ] GC(27) y: Young Generation Statistics:
[2026-06-18T14:29:16.560+0800][9.221s][info][gc,heap     ] GC(27) y:                Mark Start          Mark End        Relocate Start      Relocate End    
[2026-06-18T14:29:16.561+0800][9.222s][info][gc,heap     ] GC(27) y:      Used:      252M (98%)         252M (98%)          74M (29%)          50M (20%)    
[2026-06-18T14:29:16.562+0800][9.223s][info][gc,heap     ] GC(27) y:      Live:         -                30M (12%)          30M (12%)          30M (12%)    
[2026-06-18T14:29:16.562+0800][9.224s][info][gc,heap     ] GC(27) y:   Garbage:         -               221M (86%)          41M (16%)           1M (1%)     
[2026-06-18T14:29:16.563+0800][9.225s][info][gc,heap     ] GC(27) y: Allocated:         -                 0M (0%)            2M (1%)           17M (7%)     
[2026-06-18T14:29:16.564+0800][9.225s][info][gc,heap     ] GC(27) y: Reclaimed:         -                  -               180M (70%)         219M (86%)    
[2026-06-18T14:29:16.564+0800][9.226s][info][gc,heap     ] GC(27) y:  Promoted:         -                  -                 0M (0%)            0M (0%)     
[2026-06-18T14:29:16.565+0800][9.226s][info][gc,heap     ] GC(27) y: Compacted:         -                  -                  -                10M (4%)     
[2026-06-18T14:29:16.566+0800][9.227s][info][gc,phases   ] GC(27) y: Young Generation 256M(100%)->54M(21%) 0.289s
[2026-06-18T14:29:16.567+0800][9.228s][info][gc          ] GC(27) Minor Collection (Allocation Rate) 220M(86%)->72M(28%) 0.336s
[2026-06-18T14:29:16.737+0800][9.399s][info][gc          ] GC(28) Minor Collection (Allocation Rate)
[2026-06-18T14:29:16.738+0800][9.400s][info][gc,task     ] GC(28) Using 1 Workers for Young Generation
[2026-06-18T14:29:16.738+0800][9.400s][info][gc,phases   ] GC(28) y: Young Generation
[2026-06-18T14:29:16.739+0800][9.400s][info][gc,phases   ] GC(28) y: Pause Mark Start 0.009ms
[2026-06-18T14:29:16.740+0800][9.402s][info][gc,phases   ] GC(28) y: Concurrent Mark 0.687ms
[2026-06-18T14:29:16.741+0800][9.402s][info][gc,phases   ] GC(28) y: Pause Mark End 0.008ms
[2026-06-18T14:29:16.741+0800][9.403s][info][gc,phases   ] GC(28) y: Concurrent Mark Free 0.001ms
[2026-06-18T14:29:16.742+0800][9.403s][info][gc,phases   ] GC(28) y: Concurrent Reset Relocation Set 0.002ms
[2026-06-18T14:29:16.742+0800][9.403s][info][gc,reloc    ] GC(28) y: Using tenuring threshold: 4 (Computed)
[2026-06-18T14:29:16.742+0800][9.404s][info][gc,phases   ] GC(28) y: Concurrent Select Relocation Set 0.534ms
[2026-06-18T14:29:16.743+0800][9.404s][info][gc,phases   ] GC(28) y: Pause Relocate Start 0.006ms
[2026-06-18T14:29:16.744+0800][9.405s][info][gc,phases   ] GC(28) y: Concurrent Relocate 0.742ms
[2026-06-18T14:29:16.744+0800][9.406s][info][gc,alloc    ] GC(28) y:                         Mark Start        Mark End      Relocate Start    Relocate End   
[2026-06-18T14:29:16.744+0800][9.406s][info][gc,alloc    ] GC(28) y: Allocation Stalls:          0                0                0                0         
[2026-06-18T14:29:16.745+0800][9.406s][info][gc,load     ] GC(28) y: Load: 0.60 (2%) / 0.36 (1%) / 0.31 (1%)
[2026-06-18T14:29:16.745+0800][9.407s][info][gc,mmu      ] GC(28) y: MMU: 2ms/98.5%, 5ms/99.1%, 10ms/99.5%, 20ms/99.7%, 50ms/99.8%, 100ms/99.9%
[2026-06-18T14:29:16.745+0800][9.407s][info][gc,marking  ] GC(28) y: Mark: 1 stripe(s), 1 proactive flush(es), 1 terminate flush(es), 0 completion(s), 0 continuation(s) 
[2026-06-18T14:29:16.746+0800][9.407s][info][gc,nmethod  ] GC(28) y: NMethods: 92 registered, 7 unregistered
[2026-06-18T14:29:16.746+0800][9.407s][info][gc,metaspace] GC(28) y: Metaspace: 0M used, 0M committed, 1088M reserved
[2026-06-18T14:29:16.746+0800][9.408s][info][gc,reloc    ] GC(28) y:                        Candidates     Selected     In-Place         Size        Empty    Relocated 
[2026-06-18T14:29:16.746+0800][9.408s][info][gc,reloc    ] GC(28) y: Small Pages:                   44            9            0          88M          64M           2M 
[2026-06-18T14:29:16.747+0800][9.408s][info][gc,reloc    ] GC(28) y: Medium Pages:                   5            1            0          40M          16M           1M 
[2026-06-18T14:29:16.747+0800][9.408s][info][gc,reloc    ] GC(28) y: Large Pages:                    5            0            0          10M           0M           0M 
[2026-06-18T14:29:16.747+0800][9.409s][info][gc,reloc    ] GC(28) y: Forwarding Usage: 0M
[2026-06-18T14:29:16.747+0800][9.409s][info][gc,reloc    ] GC(28) y: Age Table:
[2026-06-18T14:29:16.748+0800][9.409s][info][gc,reloc    ] GC(28) y:                    Live             Garbage             Small              Medium             Large        
[2026-06-18T14:29:16.748+0800][9.410s][info][gc,reloc    ] GC(28) y: Eden              12M (5%)           77M (30%)         37 / 9              2 / 1              0 / 0        
[2026-06-18T14:29:16.748+0800][9.410s][info][gc,reloc    ] GC(28) y: Survivor 1         6M (2%)           30M (12%)          7 / 0              2 / 0              3 / 0        
[2026-06-18T14:29:16.749+0800][9.410s][info][gc,reloc    ] GC(28) y: Survivor 2         4M (2%)            0M (0%)           0 / 0              0 / 0              2 / 0        
[2026-06-18T14:29:16.749+0800][9.410s][info][gc,reloc    ] GC(28) y: Survivor 3         0M (0%)            7M (3%)           0 / 0              1 / 0              0 / 0        
[2026-06-18T14:29:16.749+0800][9.410s][info][gc,heap     ] GC(28) y: Min Capacity: 256M(100%)
[2026-06-18T14:29:16.749+0800][9.411s][info][gc,heap     ] GC(28) y: Max Capacity: 256M(100%)
[2026-06-18T14:29:16.749+0800][9.411s][info][gc,heap     ] GC(28) y: Soft Max Capacity: 256M(100%)
[2026-06-18T14:29:16.750+0800][9.411s][info][gc,heap     ] GC(28) y: Heap Statistics:
[2026-06-18T14:29:16.750+0800][9.411s][info][gc,heap     ] GC(28) y:                Mark Start          Mark End        Relocate Start      Relocate End           High               Low         
[2026-06-18T14:29:16.750+0800][9.412s][info][gc,heap     ] GC(28) y:  Capacity:      256M (100%)        256M (100%)        256M (100%)        256M (100%)        256M (100%)        256M (100%)   
[2026-06-18T14:29:16.750+0800][9.412s][info][gc,heap     ] GC(28) y:      Free:      114M (45%)         114M (45%)         194M (76%)         212M (83%)         212M (83%)         114M (45%)    
[2026-06-18T14:29:16.751+0800][9.412s][info][gc,heap     ] GC(28) y:      Used:      142M (55%)         142M (55%)          62M (24%)          44M (17%)         142M (55%)          44M (17%)    
[2026-06-18T14:29:16.751+0800][9.412s][info][gc,heap     ] GC(28) y: Young Generation Statistics:
[2026-06-18T14:29:16.751+0800][9.412s][info][gc,heap     ] GC(28) y:                Mark Start          Mark End        Relocate Start      Relocate End    
[2026-06-18T14:29:16.751+0800][9.413s][info][gc,heap     ] GC(28) y:      Used:      138M (54%)         138M (54%)          58M (23%)          40M (16%)    
[2026-06-18T14:29:16.752+0800][9.413s][info][gc,heap     ] GC(28) y:      Live:         -                23M (9%)           23M (9%)           23M (9%)     
[2026-06-18T14:29:16.752+0800][9.413s][info][gc,heap     ] GC(28) y:   Garbage:         -               114M (45%)          34M (14%)           3M (1%)     
[2026-06-18T14:29:16.752+0800][9.414s][info][gc,heap     ] GC(28) y: Allocated:         -                 0M (0%)            0M (0%)           13M (5%)     
[2026-06-18T14:29:16.753+0800][9.414s][info][gc,heap     ] GC(28) y: Reclaimed:         -                  -                80M (31%)         111M (44%)    
[2026-06-18T14:29:16.753+0800][9.414s][info][gc,heap     ] GC(28) y:  Promoted:         -                  -                 0M (0%)            0M (0%)     
[2026-06-18T14:29:16.753+0800][9.415s][info][gc,heap     ] GC(28) y: Compacted:         -                  -                  -                 6M (2%)     
[2026-06-18T14:29:16.753+0800][9.415s][info][gc,phases   ] GC(28) y: Young Generation 142M(55%)->44M(17%) 0.006s
[2026-06-18T14:29:16.754+0800][9.415s][info][gc          ] GC(28) Minor Collection (Allocation Rate) 140M(55%)->48M(19%) 0.017s
[2026-06-18T14:29:17.092+0800][9.754s][info][gc          ] GC(29) Minor Collection (Allocation Rate)
[2026-06-18T14:29:17.094+0800][9.756s][info][gc,task     ] GC(29) Using 1 Workers for Young Generation
[2026-06-18T14:29:17.095+0800][9.757s][info][gc,phases   ] GC(29) y: Young Generation
[2026-06-18T14:29:17.097+0800][9.758s][info][gc,phases   ] GC(29) y: Pause Mark Start 0.013ms
[2026-06-18T14:29:17.098+0800][9.760s][info][gc,phases   ] GC(29) y: Concurrent Mark 0.397ms
[2026-06-18T14:29:17.099+0800][9.761s][info][gc,phases   ] GC(29) y: Pause Mark End 0.006ms
[2026-06-18T14:29:17.100+0800][9.762s][info][gc,phases   ] GC(29) y: Concurrent Mark Free 0.002ms
[2026-06-18T14:29:17.102+0800][9.763s][info][gc,phases   ] GC(29) y: Concurrent Reset Relocation Set 0.002ms
[2026-06-18T14:29:17.103+0800][9.764s][info][gc,reloc    ] GC(29) y: Using tenuring threshold: 1 (Computed)
[2026-06-18T14:29:17.104+0800][9.765s][info][gc,phases   ] GC(29) y: Concurrent Select Relocation Set 1.386ms
[2026-06-18T14:29:17.105+0800][9.767s][info][gc,phases   ] GC(29) y: Pause Relocate Start 0.008ms
[2026-06-18T14:29:17.108+0800][9.769s][info][gc,phases   ] GC(29) y: Concurrent Relocate 1.315ms
[2026-06-18T14:29:17.109+0800][9.770s][info][gc,alloc    ] GC(29) y:                         Mark Start        Mark End      Relocate Start    Relocate End   
[2026-06-18T14:29:17.109+0800][9.771s][info][gc,alloc    ] GC(29) y: Allocation Stalls:          0                0                0                0         
[2026-06-18T14:29:17.111+0800][9.773s][info][gc,load     ] GC(29) y: Load: 0.60 (2%) / 0.36 (1%) / 0.31 (1%)
[2026-06-18T14:29:17.112+0800][9.773s][info][gc,mmu      ] GC(29) y: MMU: 2ms/98.5%, 5ms/99.1%, 10ms/99.5%, 20ms/99.7%, 50ms/99.8%, 100ms/99.9%
[2026-06-18T14:29:17.112+0800][9.773s][info][gc,marking  ] GC(29) y: Mark: 1 stripe(s), 1 proactive flush(es), 1 terminate flush(es), 0 completion(s), 0 continuation(s) 
[2026-06-18T14:29:17.112+0800][9.774s][info][gc,nmethod  ] GC(29) y: NMethods: 92 registered, 7 unregistered
[2026-06-18T14:29:17.113+0800][9.774s][info][gc,metaspace] GC(29) y: Metaspace: 0M used, 0M committed, 1088M reserved
[2026-06-18T14:29:17.113+0800][9.775s][info][gc,reloc    ] GC(29) y:                        Candidates     Selected     In-Place         Size        Empty    Relocated 
[2026-06-18T14:29:17.114+0800][9.775s][info][gc,reloc    ] GC(29) y: Small Pages:                   65            9            0         130M         106M           3M 
[2026-06-18T14:29:17.114+0800][9.775s][info][gc,reloc    ] GC(29) y: Medium Pages:                   5            2            0          40M           8M           3M 
[2026-06-18T14:29:17.114+0800][9.776s][info][gc,reloc    ] GC(29) y: Large Pages:                    6            0            0          12M           0M           0M 
[2026-06-18T14:29:17.114+0800][9.776s][info][gc,reloc    ] GC(29) y: Forwarding Usage: 0M
[2026-06-18T14:29:17.115+0800][9.776s][info][gc,reloc    ] GC(29) y: Age Table:
[2026-06-18T14:29:17.115+0800][9.776s][info][gc,reloc    ] GC(29) y:                    Live             Garbage             Small              Medium             Large        
[2026-06-18T14:29:17.115+0800][9.777s][info][gc,reloc    ] GC(29) y: Eden              16M (6%)          125M (49%)         62 / 9              2 / 1              1 / 0        
[2026-06-18T14:29:17.115+0800][9.777s][info][gc,reloc    ] GC(29) y: Survivor 1         0M (0%)           21M (8%)           3 / 0              2 / 0              0 / 0        
[2026-06-18T14:29:17.116+0800][9.777s][info][gc,reloc    ] GC(29) y: Survivor 2         6M (2%)            0M (0%)           0 / 0              0 / 0              3 / 0        
[2026-06-18T14:29:17.116+0800][9.777s][info][gc,reloc    ] GC(29) y: Survivor 3         4M (2%)            0M (0%)           0 / 0              0 / 0              2 / 0        
[2026-06-18T14:29:17.116+0800][9.778s][info][gc,reloc    ] GC(29) y: Survivor 4         0M (0%)            7M (3%)           0 / 0              1 / 1              0 / 0        
[2026-06-18T14:29:17.116+0800][9.778s][info][gc,heap     ] GC(29) y: Min Capacity: 256M(100%)
[2026-06-18T14:29:17.117+0800][9.778s][info][gc,heap     ] GC(29) y: Max Capacity: 256M(100%)
[2026-06-18T14:29:17.117+0800][9.778s][info][gc,heap     ] GC(29) y: Soft Max Capacity: 256M(100%)
[2026-06-18T14:29:17.117+0800][9.778s][info][gc,heap     ] GC(29) y: Heap Statistics:
[2026-06-18T14:29:17.117+0800][9.779s][info][gc,heap     ] GC(29) y:                Mark Start          Mark End        Relocate Start      Relocate End           High               Low         
[2026-06-18T14:29:17.117+0800][9.779s][info][gc,heap     ] GC(29) y:  Capacity:      256M (100%)        256M (100%)        256M (100%)        256M (100%)        256M (100%)        256M (100%)   
[2026-06-18T14:29:17.118+0800][9.779s][info][gc,heap     ] GC(29) y:      Free:       70M (27%)          70M (27%)         172M (67%)         198M (77%)         198M (77%)          58M (23%)    
[2026-06-18T14:29:17.118+0800][9.780s][info][gc,heap     ] GC(29) y:      Used:      186M (73%)         186M (73%)          84M (33%)          58M (23%)         198M (77%)          58M (23%)    
[2026-06-18T14:29:17.118+0800][9.780s][info][gc,heap     ] GC(29) y: Young Generation Statistics:
[2026-06-18T14:29:17.119+0800][9.780s][info][gc,heap     ] GC(29) y:                Mark Start          Mark End        Relocate Start      Relocate End    
[2026-06-18T14:29:17.119+0800][9.780s][info][gc,heap     ] GC(29) y:      Used:      182M (71%)         182M (71%)          70M (27%)          36M (14%)    
[2026-06-18T14:29:17.119+0800][9.781s][info][gc,heap     ] GC(29) y:      Live:         -                27M (11%)          17M (7%)           16M (6%)     
[2026-06-18T14:29:17.119+0800][9.781s][info][gc,heap     ] GC(29) y:   Garbage:         -               154M (60%)          40M (16%)           1M (1%)     
[2026-06-18T14:29:17.120+0800][9.781s][info][gc,heap     ] GC(29) y: Allocated:         -                 0M (0%)           12M (5%)           18M (7%)     
[2026-06-18T14:29:17.120+0800][9.781s][info][gc,heap     ] GC(29) y: Reclaimed:         -                  -               114M (45%)         152M (60%)    
[2026-06-18T14:29:17.120+0800][9.782s][info][gc,heap     ] GC(29) y:  Promoted:         -                  -                10M (4%)           11M (5%)     
[2026-06-18T14:29:17.120+0800][9.782s][info][gc,heap     ] GC(29) y: Compacted:         -                  -                  -                 7M (3%)     
[2026-06-18T14:29:17.121+0800][9.782s][info][gc,phases   ] GC(29) y: Young Generation 186M(73%)->58M(23%) 0.013s
[2026-06-18T14:29:17.121+0800][9.782s][info][gc          ] GC(29) Minor Collection (Allocation Rate) 186M(73%)->62M(24%) 0.029s
[2026-06-18T14:29:17.447+0800][10.109s][info][gc          ] GC(30) Major Collection (Allocation Rate)
[2026-06-18T14:29:17.448+0800][10.110s][info][gc,task     ] GC(30) Using 1 Workers for Young Generation
[2026-06-18T14:29:17.449+0800][10.111s][info][gc,task     ] GC(30) Using 1 Workers for Old Generation
[2026-06-18T14:29:17.450+0800][10.112s][info][gc,phases   ] GC(30) Y: Young Generation
[2026-06-18T14:29:17.451+0800][10.112s][info][gc,phases   ] GC(30) Y: Pause Mark Start (Major) 0.014ms
[2026-06-18T14:29:17.452+0800][10.113s][info][gc,phases   ] GC(30) Y: Concurrent Mark 0.456ms
[2026-06-18T14:29:17.452+0800][10.114s][info][gc,phases   ] GC(30) Y: Pause Mark End 0.007ms
[2026-06-18T14:29:17.453+0800][10.114s][info][gc,phases   ] GC(30) Y: Concurrent Mark Free 0.002ms
[2026-06-18T14:29:17.453+0800][10.115s][info][gc,phases   ] GC(30) Y: Concurrent Reset Relocation Set 0.003ms
[2026-06-18T14:29:17.453+0800][10.115s][info][gc,reloc    ] GC(30) Y: Using tenuring threshold: 2 (Computed)
[2026-06-18T14:29:17.454+0800][10.115s][info][gc,phases   ] GC(30) Y: Concurrent Select Relocation Set 0.436ms
[2026-06-18T14:29:17.454+0800][10.116s][info][gc,phases   ] GC(30) Y: Pause Relocate Start 0.005ms
[2026-06-18T14:29:17.456+0800][10.117s][info][gc,phases   ] GC(30) Y: Concurrent Relocate 1.371ms
[2026-06-18T14:29:17.457+0800][10.118s][info][gc,alloc    ] GC(30) Y:                         Mark Start        Mark End      Relocate Start    Relocate End   
[2026-06-18T14:29:17.457+0800][10.118s][info][gc,alloc    ] GC(30) Y: Allocation Stalls:          0                0                0                0         
[2026-06-18T14:29:17.457+0800][10.119s][info][gc,load     ] GC(30) Y: Load: 0.60 (2%) / 0.36 (1%) / 0.31 (1%)
[2026-06-18T14:29:17.457+0800][10.119s][info][gc,mmu      ] GC(30) Y: MMU: 2ms/98.5%, 5ms/99.1%, 10ms/99.5%, 20ms/99.7%, 50ms/99.8%, 100ms/99.9%
[2026-06-18T14:29:17.457+0800][10.119s][info][gc,marking  ] GC(30) Y: Mark: 1 stripe(s), 1 proactive flush(es), 1 terminate flush(es), 0 completion(s), 0 continuation(s) 
[2026-06-18T14:29:17.458+0800][10.119s][info][gc,nmethod  ] GC(30) Y: NMethods: 92 registered, 7 unregistered
[2026-06-18T14:29:17.458+0800][10.120s][info][gc,metaspace] GC(30) Y: Metaspace: 0M used, 0M committed, 1088M reserved
[2026-06-18T14:29:17.458+0800][10.120s][info][gc,reloc    ] GC(30) Y:                        Candidates     Selected     In-Place         Size        Empty    Relocated 
[2026-06-18T14:29:17.458+0800][10.120s][info][gc,reloc    ] GC(30) Y: Small Pages:                   66           13            0         132M          98M           4M 
[2026-06-18T14:29:17.459+0800][10.120s][info][gc,reloc    ] GC(30) Y: Medium Pages:                   4            1            0          32M           8M           5M 
[2026-06-18T14:29:17.459+0800][10.121s][info][gc,reloc    ] GC(30) Y: Large Pages:                    2            0            0           4M           0M           0M 
[2026-06-18T14:29:17.459+0800][10.121s][info][gc,reloc    ] GC(30) Y: Forwarding Usage: 0M
[2026-06-18T14:29:17.460+0800][10.121s][info][gc,reloc    ] GC(30) Y: Age Table:
[2026-06-18T14:29:17.460+0800][10.121s][info][gc,reloc    ] GC(30) Y:                    Live             Garbage             Small              Medium             Large        
[2026-06-18T14:29:17.460+0800][10.122s][info][gc,reloc    ] GC(30) Y: Eden              19M (8%)          124M (48%)         63 / 13             2 / 1              1 / 0        
[2026-06-18T14:29:17.461+0800][10.122s][info][gc,reloc    ] GC(30) Y: Survivor 1         2M (1%)           21M (8%)           3 / 0              2 / 0              1 / 0        
[2026-06-18T14:29:17.461+0800][10.123s][info][gc,heap     ] GC(30) Y: Min Capacity: 256M(100%)
[2026-06-18T14:29:17.461+0800][10.123s][info][gc,heap     ] GC(30) Y: Max Capacity: 256M(100%)
[2026-06-18T14:29:17.462+0800][10.123s][info][gc,heap     ] GC(30) Y: Soft Max Capacity: 256M(100%)
[2026-06-18T14:29:17.462+0800][10.123s][info][gc,heap     ] GC(30) Y: Heap Statistics:
[2026-06-18T14:29:17.462+0800][10.124s][info][gc,heap     ] GC(30) Y:                Mark Start          Mark End        Relocate Start      Relocate End           High               Low         
[2026-06-18T14:29:17.462+0800][10.124s][info][gc,heap     ] GC(30) Y:  Capacity:      256M (100%)        256M (100%)        256M (100%)        256M (100%)        256M (100%)        256M (100%)   
[2026-06-18T14:29:17.463+0800][10.124s][info][gc,heap     ] GC(30) Y:      Free:       66M (26%)          66M (26%)         172M (67%)         198M (77%)         198M (77%)          66M (26%)    
[2026-06-18T14:29:17.463+0800][10.124s][info][gc,heap     ] GC(30) Y:      Used:      190M (74%)         190M (74%)          84M (33%)          58M (23%)         190M (74%)          58M (23%)    
[2026-06-18T14:29:17.463+0800][10.124s][info][gc,heap     ] GC(30) Y: Young Generation Statistics:
[2026-06-18T14:29:17.463+0800][10.125s][info][gc,heap     ] GC(30) Y:                Mark Start          Mark End        Relocate Start      Relocate End    
[2026-06-18T14:29:17.463+0800][10.125s][info][gc,heap     ] GC(30) Y:      Used:      168M (66%)         168M (66%)          62M (24%)          36M (14%)    
[2026-06-18T14:29:17.464+0800][10.125s][info][gc,heap     ] GC(30) Y:      Live:         -                22M (9%)           22M (9%)           22M (9%)     
[2026-06-18T14:29:17.464+0800][10.125s][info][gc,heap     ] GC(30) Y:   Garbage:         -               145M (57%)          39M (15%)           1M (1%)     
[2026-06-18T14:29:17.464+0800][10.125s][info][gc,heap     ] GC(30) Y: Allocated:         -                 0M (0%)            0M (0%)           11M (4%)     
[2026-06-18T14:29:17.464+0800][10.126s][info][gc,heap     ] GC(30) Y: Reclaimed:         -                  -               106M (41%)         143M (56%)    
[2026-06-18T14:29:17.464+0800][10.126s][info][gc,heap     ] GC(30) Y:  Promoted:         -                  -                 0M (0%)            0M (0%)     
[2026-06-18T14:29:17.465+0800][10.126s][info][gc,heap     ] GC(30) Y: Compacted:         -                  -                  -                12M (5%)     
[2026-06-18T14:29:17.465+0800][10.126s][info][gc,phases   ] GC(30) Y: Young Generation 190M(74%)->58M(23%) 0.006s
[2026-06-18T14:29:17.465+0800][10.127s][info][gc,phases   ] GC(30) O: Old Generation
[2026-06-18T14:29:17.467+0800][10.128s][info][gc,phases   ] GC(30) O: Concurrent Mark 1.223ms
[2026-06-18T14:29:17.467+0800][10.128s][info][gc,phases   ] GC(30) O: Pause Mark End 0.012ms
[2026-06-18T14:29:17.467+0800][10.129s][info][gc,phases   ] GC(30) O: Concurrent Mark Free 0.003ms
[2026-06-18T14:29:17.468+0800][10.129s][info][gc,phases   ] GC(30) O: Concurrent Process Non-Strong 0.269ms
[2026-06-18T14:29:17.468+0800][10.130s][info][gc,phases   ] GC(30) O: Concurrent Reset Relocation Set 0.030ms
[2026-06-18T14:29:17.469+0800][10.130s][info][gc,phases   ] GC(30) O: Concurrent Select Relocation Set 0.060ms
[2026-06-18T14:29:17.469+0800][10.130s][info][gc,task     ] GC(30) O: Using 2 Workers for Old Generation
[2026-06-18T14:29:17.469+0800][10.131s][info][gc,task     ] GC(30) O: Using 1 Workers for Old Generation
[2026-06-18T14:29:17.470+0800][10.131s][info][gc,phases   ] GC(30) O: Concurrent Remap Roots 0.576ms
[2026-06-18T14:29:17.470+0800][10.131s][info][gc,phases   ] GC(30) O: Pause Relocate Start 0.006ms
[2026-06-18T14:29:17.470+0800][10.132s][info][gc,phases   ] GC(30) O: Concurrent Relocate 0.376ms
[2026-06-18T14:29:17.471+0800][10.132s][info][gc,alloc    ] GC(30) O:                         Mark Start        Mark End      Relocate Start    Relocate End   
[2026-06-18T14:29:17.471+0800][10.132s][info][gc,alloc    ] GC(30) O: Allocation Stalls:          0                0                0                0         
[2026-06-18T14:29:17.471+0800][10.133s][info][gc,load     ] GC(30) O: Load: 0.60 (2%) / 0.36 (1%) / 0.31 (1%)
[2026-06-18T14:29:17.471+0800][10.133s][info][gc,mmu      ] GC(30) O: MMU: 2ms/98.5%, 5ms/99.1%, 10ms/99.5%, 20ms/99.7%, 50ms/99.8%, 100ms/99.9%
[2026-06-18T14:29:17.471+0800][10.133s][info][gc,marking  ] GC(30) O: Mark: 1 stripe(s), 2 proactive flush(es), 1 terminate flush(es), 0 completion(s), 0 continuation(s) 
[2026-06-18T14:29:17.472+0800][10.133s][info][gc,nmethod  ] GC(30) O: NMethods: 92 registered, 7 unregistered
[2026-06-18T14:29:17.472+0800][10.133s][info][gc,metaspace] GC(30) O: Metaspace: 0M used, 0M committed, 1088M reserved
[2026-06-18T14:29:17.472+0800][10.134s][info][gc,ref      ] GC(30) O:                       Encountered   Discovered     Enqueued 
[2026-06-18T14:29:17.473+0800][10.134s][info][gc,ref      ] GC(30) O: Soft References:                2            0            0 
[2026-06-18T14:29:17.473+0800][10.135s][info][gc,ref      ] GC(30) O: Weak References:                6            0            0 
[2026-06-18T14:29:17.475+0800][10.136s][info][gc,ref      ] GC(30) O: Final References:               0            0            0 
[2026-06-18T14:29:17.476+0800][10.137s][info][gc,ref      ] GC(30) O: Phantom References:             1            1            0 
[2026-06-18T14:29:17.476+0800][10.138s][info][gc,reloc    ] GC(30) O:                        Candidates     Selected     In-Place         Size        Empty    Relocated 
[2026-06-18T14:29:17.479+0800][10.140s][info][gc,reloc    ] GC(30) O: Small Pages:                    2            1            0           4M           0M           0M 
[2026-06-18T14:29:17.481+0800][10.143s][info][gc,reloc    ] GC(30) O: Medium Pages:                   1            0            0           8M           0M           0M 
[2026-06-18T14:29:17.485+0800][10.146s][info][gc,reloc    ] GC(30) O: Large Pages:                    5            0            0          10M           8M           0M 
[2026-06-18T14:29:17.490+0800][10.151s][info][gc,reloc    ] GC(30) O: Forwarding Usage: 0M
[2026-06-18T14:29:17.492+0800][10.154s][info][gc,heap     ] GC(30) O: Min Capacity: 256M(100%)
[2026-06-18T14:29:17.496+0800][10.157s][info][gc,heap     ] GC(30) O: Max Capacity: 256M(100%)
[2026-06-18T14:29:17.498+0800][10.160s][info][gc,heap     ] GC(30) O: Soft Max Capacity: 256M(100%)
[2026-06-18T14:29:17.500+0800][10.161s][info][gc,heap     ] GC(30) O: Heap Statistics:
[2026-06-18T14:29:17.502+0800][10.163s][info][gc,heap     ] GC(30) O:                Mark Start          Mark End        Relocate Start      Relocate End           High               Low         
[2026-06-18T14:29:17.504+0800][10.166s][info][gc,heap     ] GC(30) O:  Capacity:      256M (100%)        256M (100%)        256M (100%)        256M (100%)        256M (100%)        256M (100%)   
[2026-06-18T14:29:17.506+0800][10.168s][info][gc,heap     ] GC(30) O:      Free:       66M (26%)         194M (76%)         198M (77%)         200M (78%)         200M (78%)          66M (26%)    
[2026-06-18T14:29:17.508+0800][10.169s][info][gc,heap     ] GC(30) O:      Used:      190M (74%)          62M (24%)          58M (23%)          56M (22%)         190M (74%)          56M (22%)    
[2026-06-18T14:29:17.509+0800][10.171s][info][gc,heap     ] GC(30) O: Old Generation Statistics:
[2026-06-18T14:29:17.510+0800][10.172s][info][gc,heap     ] GC(30) O:                Mark Start          Mark End        Relocate Start      Relocate End    
[2026-06-18T14:29:17.512+0800][10.173s][info][gc,heap     ] GC(30) O:      Used:       22M (9%)           22M (9%)           14M (5%)           12M (5%)     
[2026-06-18T14:29:17.514+0800][10.176s][info][gc,heap     ] GC(30) O:      Live:         -                 3M (1%)            3M (1%)            3M (1%)     
[2026-06-18T14:29:17.516+0800][10.178s][info][gc,heap     ] GC(30) O:   Garbage:         -                18M (7%)           10M (4%)            7M (3%)     
[2026-06-18T14:29:17.519+0800][10.181s][info][gc,heap     ] GC(30) O: Allocated:         -                 0M (0%)            0M (0%)            1M (1%)     
[2026-06-18T14:29:17.524+0800][10.186s][info][gc,heap     ] GC(30) O: Reclaimed:         -                  -                 8M (3%)           11M (4%)     
[2026-06-18T14:29:17.528+0800][10.189s][info][gc,heap     ] GC(30) O: Compacted:         -                  -                  -                 0M (0%)     
[2026-06-18T14:29:17.531+0800][10.193s][info][gc,phases   ] GC(30) O: Old Generation 62M(24%)->56M(22%) 0.006s
[2026-06-18T14:29:17.535+0800][10.196s][info][gc          ] GC(30) Major Collection (Allocation Rate) 188M(73%)->88M(34%) 0.087s
[2026-06-18T14:29:17.858+0800][10.520s][info][gc          ] GC(31) Minor Collection (Allocation Rate)
[2026-06-18T14:29:17.877+0800][10.539s][info][gc,task     ] GC(31) Using 2 Workers for Young Generation
[2026-06-18T14:29:17.878+0800][10.539s][info][gc,phases   ] GC(31) y: Young Generation
[2026-06-18T14:29:17.904+0800][10.565s][info][gc,phases   ] GC(31) y: Pause Mark Start 0.017ms
[2026-06-18T14:29:17.905+0800][10.567s][info][gc,phases   ] GC(31) y: Concurrent Mark 0.478ms
[2026-06-18T14:29:17.906+0800][10.568s][info][gc,phases   ] GC(31) y: Pause Mark End 0.010ms
[2026-06-18T14:29:17.935+0800][10.597s][info][gc,phases   ] GC(31) y: Concurrent Mark Free 0.004ms
[2026-06-18T14:29:17.956+0800][10.618s][info][gc,phases   ] GC(31) y: Concurrent Reset Relocation Set 0.003ms
[2026-06-18T14:29:17.957+0800][10.619s][info][gc,reloc    ] GC(31) y: Using tenuring threshold: 3 (Computed)
[2026-06-18T14:29:17.961+0800][10.623s][info][gc,phases   ] GC(31) y: Concurrent Select Relocation Set 3.814ms
[2026-06-18T14:29:17.973+0800][10.635s][info][gc,phases   ] GC(31) y: Pause Relocate Start 0.014ms
[2026-06-18T14:29:17.979+0800][10.640s][info][gc,phases   ] GC(31) y: Concurrent Relocate 0.783ms
[2026-06-18T14:29:17.979+0800][10.641s][info][gc,alloc    ] GC(31) y:                         Mark Start        Mark End      Relocate Start    Relocate End   
[2026-06-18T14:29:17.980+0800][10.641s][info][gc,alloc    ] GC(31) y: Allocation Stalls:          0                0                0                0         
[2026-06-18T14:29:17.981+0800][10.642s][info][gc,load     ] GC(31) y: Load: 0.60 (2%) / 0.36 (1%) / 0.31 (1%)
[2026-06-18T14:29:17.981+0800][10.643s][info][gc,mmu      ] GC(31) y: MMU: 2ms/98.5%, 5ms/99.1%, 10ms/99.5%, 20ms/99.7%, 50ms/99.8%, 100ms/99.9%
[2026-06-18T14:29:17.982+0800][10.643s][info][gc,marking  ] GC(31) y: Mark: 2 stripe(s), 1 proactive flush(es), 1 terminate flush(es), 0 completion(s), 0 continuation(s) 
[2026-06-18T14:29:17.982+0800][10.644s][info][gc,nmethod  ] GC(31) y: NMethods: 92 registered, 7 unregistered
[2026-06-18T14:29:17.982+0800][10.644s][info][gc,metaspace] GC(31) y: Metaspace: 0M used, 0M committed, 1088M reserved
[2026-06-18T14:29:17.983+0800][10.644s][info][gc,reloc    ] GC(31) y:                        Candidates     Selected     In-Place         Size        Empty    Relocated 
[2026-06-18T14:29:17.988+0800][10.649s][info][gc,reloc    ] GC(31) y: Small Pages:                   83           10            0         166M         140M           3M 
[2026-06-18T14:29:17.991+0800][10.652s][info][gc,reloc    ] GC(31) y: Medium Pages:                   6            2            0          48M           8M           2M 
[2026-06-18T14:29:17.994+0800][10.655s][info][gc,reloc    ] GC(31) y: Large Pages:                    4            0            0           8M           0M           0M 
[2026-06-18T14:29:17.999+0800][10.660s][info][gc,reloc    ] GC(31) y: Forwarding Usage: 0M
[2026-06-18T14:29:18.001+0800][10.662s][info][gc,reloc    ] GC(31) y: Age Table:
[2026-06-18T14:29:18.002+0800][10.664s][info][gc,reloc    ] GC(31) y:                    Live             Garbage             Small              Medium             Large        
[2026-06-18T14:29:18.005+0800][10.666s][info][gc,reloc    ] GC(31) y: Eden              20M (8%)          165M (64%)         79 / 10             3 / 1              2 / 0        
[2026-06-18T14:29:18.010+0800][10.671s][info][gc,reloc    ] GC(31) y: Survivor 1         2M (1%)           23M (9%)           4 / 0              2 / 1              1 / 0        
[2026-06-18T14:29:18.013+0800][10.674s][info][gc,reloc    ] GC(31) y: Survivor 2         2M (1%)            7M (3%)           0 / 0              1 / 0              1 / 0        
[2026-06-18T14:29:18.019+0800][10.681s][info][gc,heap     ] GC(31) y: Min Capacity: 256M(100%)
[2026-06-18T14:29:18.022+0800][10.683s][info][gc,heap     ] GC(31) y: Max Capacity: 256M(100%)
[2026-06-18T14:29:18.031+0800][10.693s][info][gc,heap     ] GC(31) y: Soft Max Capacity: 256M(100%)
[2026-06-18T14:29:18.034+0800][10.695s][info][gc,heap     ] GC(31) y: Heap Statistics:
[2026-06-18T14:29:18.039+0800][10.701s][info][gc,heap     ] GC(31) y:                Mark Start          Mark End        Relocate Start      Relocate End           High               Low         
[2026-06-18T14:29:18.052+0800][10.714s][info][gc,heap     ] GC(31) y:  Capacity:      256M (100%)        256M (100%)        256M (100%)        256M (100%)        256M (100%)        256M (100%)   
[2026-06-18T14:29:18.055+0800][10.716s][info][gc,heap     ] GC(31) y:      Free:       22M (9%)           22M (9%)          146M (57%)         162M (63%)         162M (63%)           2M (1%)     
[2026-06-18T14:29:18.058+0800][10.719s][info][gc,heap     ] GC(31) y:      Used:      234M (91%)         234M (91%)         110M (43%)          94M (37%)         254M (99%)          94M (37%)    
[2026-06-18T14:29:18.065+0800][10.726s][info][gc,heap     ] GC(31) y: Young Generation Statistics:
[2026-06-18T14:29:18.065+0800][10.727s][info][gc,heap     ] GC(31) y:                Mark Start          Mark End        Relocate Start      Relocate End    
[2026-06-18T14:29:18.089+0800][10.750s][info][gc,heap     ] GC(31) y:      Used:      222M (87%)         222M (87%)          98M (38%)          82M (32%)    
[2026-06-18T14:29:18.092+0800][10.753s][info][gc,heap     ] GC(31) y:      Live:         -                26M (10%)          26M (10%)          26M (10%)    
[2026-06-18T14:29:18.095+0800][10.756s][info][gc,heap     ] GC(31) y:   Garbage:         -               195M (76%)          47M (18%)           5M (2%)     
[2026-06-18T14:29:18.101+0800][10.763s][info][gc,heap     ] GC(31) y: Allocated:         -                 0M (0%)           24M (9%)           49M (20%)    
[2026-06-18T14:29:18.103+0800][10.765s][info][gc,heap     ] GC(31) y: Reclaimed:         -                  -               148M (58%)         189M (74%)    
[2026-06-18T14:29:18.105+0800][10.766s][info][gc,heap     ] GC(31) y:  Promoted:         -                  -                 0M (0%)            0M (0%)     
[2026-06-18T14:29:18.108+0800][10.769s][info][gc,heap     ] GC(31) y: Compacted:         -                  -                  -                 8M (3%)     
[2026-06-18T14:29:18.112+0800][10.774s][info][gc,phases   ] GC(31) y: Young Generation 234M(91%)->94M(37%) 0.101s
[2026-06-18T14:29:18.116+0800][10.778s][info][gc          ] GC(31) Minor Collection (Allocation Rate) 220M(86%)->144M(56%) 0.258s
[2026-06-18T14:29:18.121+0800][10.783s][info][gc          ] GC(32) Major Collection (Allocation Rate)
[2026-06-18T14:29:18.124+0800][10.785s][info][gc,task     ] GC(32) Using 2 Workers for Young Generation
[2026-06-18T14:29:18.129+0800][10.790s][info][gc,task     ] GC(32) Using 1 Workers for Old Generation
[2026-06-18T14:29:18.132+0800][10.794s][info][gc,phases   ] GC(32) Y: Young Generation
[2026-06-18T14:29:18.136+0800][10.797s][info][gc,phases   ] GC(32) Y: Pause Mark Start (Major) 0.015ms
[2026-06-18T14:29:18.139+0800][10.800s][info][gc,phases   ] GC(32) Y: Concurrent Mark 0.345ms
[2026-06-18T14:29:18.142+0800][10.803s][info][gc,phases   ] GC(32) Y: Pause Mark End 0.010ms
[2026-06-18T14:29:18.147+0800][10.809s][info][gc,phases   ] GC(32) Y: Concurrent Mark Free 0.003ms
[2026-06-18T14:29:18.149+0800][10.810s][info][gc,phases   ] GC(32) Y: Concurrent Reset Relocation Set 0.002ms
[2026-06-18T14:29:18.152+0800][10.813s][info][gc,reloc    ] GC(32) Y: Using tenuring threshold: 4 (Computed)
[2026-06-18T14:29:18.153+0800][10.815s][info][gc,phases   ] GC(32) Y: Concurrent Select Relocation Set 1.509ms
[2026-06-18T14:29:18.154+0800][10.815s][info][gc,phases   ] GC(32) Y: Pause Relocate Start 0.010ms
[2026-06-18T14:29:18.155+0800][10.817s][info][gc,phases   ] GC(32) Y: Concurrent Relocate 0.879ms
[2026-06-18T14:29:18.156+0800][10.817s][info][gc,alloc    ] GC(32) Y:                         Mark Start        Mark End      Relocate Start    Relocate End   
[2026-06-18T14:29:18.156+0800][10.818s][info][gc,alloc    ] GC(32) Y: Allocation Stalls:          0                0                0                0         
[2026-06-18T14:29:18.157+0800][10.818s][info][gc,load     ] GC(32) Y: Load: 0.60 (2%) / 0.36 (1%) / 0.31 (1%)
[2026-06-18T14:29:18.157+0800][10.819s][info][gc,mmu      ] GC(32) Y: MMU: 2ms/98.5%, 5ms/99.1%, 10ms/99.5%, 20ms/99.7%, 50ms/99.8%, 100ms/99.9%
[2026-06-18T14:29:18.157+0800][10.819s][info][gc,marking  ] GC(32) Y: Mark: 2 stripe(s), 1 proactive flush(es), 1 terminate flush(es), 0 completion(s), 0 continuation(s) 
[2026-06-18T14:29:18.158+0800][10.819s][info][gc,nmethod  ] GC(32) Y: NMethods: 92 registered, 7 unregistered
[2026-06-18T14:29:18.158+0800][10.820s][info][gc,metaspace] GC(32) Y: Metaspace: 0M used, 0M committed, 1088M reserved
[2026-06-18T14:29:18.159+0800][10.820s][info][gc,reloc    ] GC(32) Y:                        Candidates     Selected     In-Place         Size        Empty    Relocated 
[2026-06-18T14:29:18.159+0800][10.821s][info][gc,reloc    ] GC(32) Y: Small Pages:                   41           10            0          82M          52M           3M 
[2026-06-18T14:29:18.159+0800][10.821s][info][gc,reloc    ] GC(32) Y: Medium Pages:                   6            3            0          48M           8M           6M 
[2026-06-18T14:29:18.160+0800][10.821s][info][gc,reloc    ] GC(32) Y: Large Pages:                    5            0            0          10M           0M           0M 
[2026-06-18T14:29:18.160+0800][10.821s][info][gc,reloc    ] GC(32) Y: Forwarding Usage: 0M
[2026-06-18T14:29:18.160+0800][10.822s][info][gc,reloc    ] GC(32) Y: Age Table:
[2026-06-18T14:29:18.160+0800][10.822s][info][gc,reloc    ] GC(32) Y:                    Live             Garbage             Small              Medium             Large        
[2026-06-18T14:29:18.161+0800][10.822s][info][gc,reloc    ] GC(32) Y: Eden              14M (6%)           71M (28%)         38 / 9              1 / 0              1 / 0        
[2026-06-18T14:29:18.161+0800][10.822s][info][gc,reloc    ] GC(32) Y: Survivor 1        10M (4%)           23M (9%)           3 / 1              3 / 2              2 / 0        
[2026-06-18T14:29:18.161+0800][10.822s][info][gc,reloc    ] GC(32) Y: Survivor 2         2M (1%)            7M (3%)           0 / 0              1 / 1              1 / 0        
[2026-06-18T14:29:18.161+0800][10.823s][info][gc,reloc    ] GC(32) Y: Survivor 3         2M (1%)            7M (3%)           0 / 0              1 / 0              1 / 0        
[2026-06-18T14:29:18.161+0800][10.823s][info][gc,heap     ] GC(32) Y: Min Capacity: 256M(100%)
[2026-06-18T14:29:18.162+0800][10.823s][info][gc,heap     ] GC(32) Y: Max Capacity: 256M(100%)
[2026-06-18T14:29:18.162+0800][10.823s][info][gc,heap     ] GC(32) Y: Soft Max Capacity: 256M(100%)
[2026-06-18T14:29:18.162+0800][10.824s][info][gc,heap     ] GC(32) Y: Heap Statistics:
[2026-06-18T14:29:18.162+0800][10.824s][info][gc,heap     ] GC(32) Y:                Mark Start          Mark End        Relocate Start      Relocate End           High               Low         
[2026-06-18T14:29:18.163+0800][10.824s][info][gc,heap     ] GC(32) Y:  Capacity:      256M (100%)        256M (100%)        256M (100%)        256M (100%)        256M (100%)        256M (100%)   
[2026-06-18T14:29:18.163+0800][10.824s][info][gc,heap     ] GC(32) Y:      Free:      104M (41%)         104M (41%)         160M (62%)         186M (73%)         186M (73%)         100M (39%)    
[2026-06-18T14:29:18.163+0800][10.825s][info][gc,heap     ] GC(32) Y:      Used:      152M (59%)         152M (59%)          96M (38%)          70M (27%)         156M (61%)          70M (27%)    
[2026-06-18T14:29:18.163+0800][10.825s][info][gc,heap     ] GC(32) Y: Young Generation Statistics:
[2026-06-18T14:29:18.164+0800][10.825s][info][gc,heap     ] GC(32) Y:                Mark Start          Mark End        Relocate Start      Relocate End    
[2026-06-18T14:29:18.164+0800][10.825s][info][gc,heap     ] GC(32) Y:      Used:      140M (55%)         140M (55%)          84M (33%)          58M (23%)    
[2026-06-18T14:29:18.164+0800][10.826s][info][gc,heap     ] GC(32) Y:      Live:         -                31M (12%)          31M (12%)          31M (12%)    
[2026-06-18T14:29:18.164+0800][10.826s][info][gc,heap     ] GC(32) Y:   Garbage:         -               108M (42%)          48M (19%)           2M (1%)     
[2026-06-18T14:29:18.165+0800][10.826s][info][gc,heap     ] GC(32) Y: Allocated:         -                 0M (0%)            4M (2%)           24M (10%)    
[2026-06-18T14:29:18.165+0800][10.827s][info][gc,heap     ] GC(32) Y: Reclaimed:         -                  -                60M (23%)         106M (42%)    
[2026-06-18T14:29:18.165+0800][10.827s][info][gc,heap     ] GC(32) Y:  Promoted:         -                  -                 0M (0%)            0M (0%)     
[2026-06-18T14:29:18.166+0800][10.827s][info][gc,heap     ] GC(32) Y: Compacted:         -                  -                  -                13M (5%)     
[2026-06-18T14:29:18.166+0800][10.827s][info][gc,phases   ] GC(32) Y: Young Generation 152M(59%)->70M(27%) 0.024s
[2026-06-18T14:29:18.166+0800][10.828s][info][gc,phases   ] GC(32) O: Old Generation
[2026-06-18T14:29:18.168+0800][10.829s][info][gc,phases   ] GC(32) O: Concurrent Mark 1.173ms
[2026-06-18T14:29:18.168+0800][10.829s][info][gc,phases   ] GC(32) O: Pause Mark End 0.010ms
[2026-06-18T14:29:18.168+0800][10.830s][info][gc,phases   ] GC(32) O: Concurrent Mark Free 0.001ms
[2026-06-18T14:29:18.169+0800][10.830s][info][gc,phases   ] GC(32) O: Concurrent Process Non-Strong 0.302ms
[2026-06-18T14:29:18.169+0800][10.831s][info][gc,phases   ] GC(32) O: Concurrent Reset Relocation Set 0.001ms
[2026-06-18T14:29:18.169+0800][10.831s][info][gc,phases   ] GC(32) O: Concurrent Select Relocation Set 0.040ms
[2026-06-18T14:29:18.170+0800][10.831s][info][gc,task     ] GC(32) O: Using 2 Workers for Old Generation
[2026-06-18T14:29:18.170+0800][10.832s][info][gc,task     ] GC(32) O: Using 1 Workers for Old Generation
[2026-06-18T14:29:18.170+0800][10.832s][info][gc,phases   ] GC(32) O: Concurrent Remap Roots 0.694ms
[2026-06-18T14:29:18.171+0800][10.832s][info][gc,phases   ] GC(32) O: Pause Relocate Start 0.008ms
[2026-06-18T14:29:18.171+0800][10.833s][info][gc,phases   ] GC(32) O: Concurrent Relocate 0.061ms
[2026-06-18T14:29:18.172+0800][10.833s][info][gc,alloc    ] GC(32) O:                         Mark Start        Mark End      Relocate Start    Relocate End   
[2026-06-18T14:29:18.172+0800][10.833s][info][gc,alloc    ] GC(32) O: Allocation Stalls:          0                0                0                0         
[2026-06-18T14:29:18.172+0800][10.833s][info][gc,load     ] GC(32) O: Load: 0.60 (2%) / 0.36 (1%) / 0.31 (1%)
[2026-06-18T14:29:18.172+0800][10.834s][info][gc,mmu      ] GC(32) O: MMU: 2ms/98.5%, 5ms/99.1%, 10ms/99.5%, 20ms/99.7%, 50ms/99.8%, 100ms/99.9%
[2026-06-18T14:29:18.172+0800][10.834s][info][gc,marking  ] GC(32) O: Mark: 1 stripe(s), 2 proactive flush(es), 1 terminate flush(es), 0 completion(s), 0 continuation(s) 
[2026-06-18T14:29:18.173+0800][10.834s][info][gc,nmethod  ] GC(32) O: NMethods: 92 registered, 7 unregistered
[2026-06-18T14:29:18.173+0800][10.834s][info][gc,metaspace] GC(32) O: Metaspace: 0M used, 0M committed, 1088M reserved
[2026-06-18T14:29:18.173+0800][10.835s][info][gc,ref      ] GC(32) O:                       Encountered   Discovered     Enqueued 
[2026-06-18T14:29:18.173+0800][10.835s][info][gc,ref      ] GC(32) O: Soft References:                2            0            0 
[2026-06-18T14:29:18.173+0800][10.835s][info][gc,ref      ] GC(32) O: Weak References:                6            0            0 
[2026-06-18T14:29:18.174+0800][10.835s][info][gc,ref      ] GC(32) O: Final References:               0            0            0 
[2026-06-18T14:29:18.174+0800][10.836s][info][gc,ref      ] GC(32) O: Phantom References:             1            1            0 
[2026-06-18T14:29:18.174+0800][10.836s][info][gc,reloc    ] GC(32) O:                        Candidates     Selected     In-Place         Size        Empty    Relocated 
[2026-06-18T14:29:18.174+0800][10.836s][info][gc,reloc    ] GC(32) O: Small Pages:                    1            0            0           2M           0M           0M 
[2026-06-18T14:29:18.175+0800][10.836s][info][gc,reloc    ] GC(32) O: Medium Pages:                   1            0            0           8M           0M           0M 
[2026-06-18T14:29:18.175+0800][10.837s][info][gc,reloc    ] GC(32) O: Large Pages:                    1            0            0           2M           0M           0M 
[2026-06-18T14:29:18.175+0800][10.837s][info][gc,reloc    ] GC(32) O: Forwarding Usage: 0M
[2026-06-18T14:29:18.176+0800][10.837s][info][gc,heap     ] GC(32) O: Min Capacity: 256M(100%)
[2026-06-18T14:29:18.176+0800][10.838s][info][gc,heap     ] GC(32) O: Max Capacity: 256M(100%)
[2026-06-18T14:29:18.176+0800][10.838s][info][gc,heap     ] GC(32) O: Soft Max Capacity: 256M(100%)
[2026-06-18T14:29:18.177+0800][10.838s][info][gc,heap     ] GC(32) O: Heap Statistics:
[2026-06-18T14:29:18.177+0800][10.838s][info][gc,heap     ] GC(32) O:                Mark Start          Mark End        Relocate Start      Relocate End           High               Low         
[2026-06-18T14:29:18.177+0800][10.839s][info][gc,heap     ] GC(32) O:  Capacity:      256M (100%)        256M (100%)        256M (100%)        256M (100%)        256M (100%)        256M (100%)   
[2026-06-18T14:29:18.177+0800][10.839s][info][gc,heap     ] GC(32) O:      Free:      104M (41%)         182M (71%)         176M (69%)         176M (69%)         186M (73%)         100M (39%)    
[2026-06-18T14:29:18.178+0800][10.839s][info][gc,heap     ] GC(32) O:      Used:      152M (59%)          74M (29%)          80M (31%)          80M (31%)         156M (61%)          70M (27%)    
[2026-06-18T14:29:18.178+0800][10.839s][info][gc,heap     ] GC(32) O: Old Generation Statistics:
[2026-06-18T14:29:18.178+0800][10.840s][info][gc,heap     ] GC(32) O:                Mark Start          Mark End        Relocate Start      Relocate End    
[2026-06-18T14:29:18.178+0800][10.840s][info][gc,heap     ] GC(32) O:      Used:       12M (5%)           12M (5%)           12M (5%)           12M (5%)     
[2026-06-18T14:29:18.179+0800][10.840s][info][gc,heap     ] GC(32) O:      Live:         -                 3M (1%)            3M (1%)            3M (1%)     
[2026-06-18T14:29:18.179+0800][10.840s][info][gc,heap     ] GC(32) O:   Garbage:         -                 8M (3%)            8M (3%)            8M (3%)     
[2026-06-18T14:29:18.179+0800][10.841s][info][gc,heap     ] GC(32) O: Allocated:         -                 0M (0%)            0M (0%)            0M (0%)     
[2026-06-18T14:29:18.179+0800][10.841s][info][gc,heap     ] GC(32) O: Reclaimed:         -                  -                 0M (0%)            0M (0%)     
[2026-06-18T14:29:18.180+0800][10.841s][info][gc,heap     ] GC(32) O: Compacted:         -                  -                  -                 0M (0%)     
[2026-06-18T14:29:18.180+0800][10.841s][info][gc,phases   ] GC(32) O: Old Generation 74M(29%)->80M(31%) 0.005s
[2026-06-18T14:29:18.180+0800][10.842s][info][gc          ] GC(32) Major Collection (Allocation Rate) 144M(56%)->82M(32%) 0.059s
[2026-06-18T14:29:18.326+0800][10.988s][info][gc          ] GC(33) Minor Collection (Allocation Rate)
[2026-06-18T14:29:18.328+0800][10.989s][info][gc,task     ] GC(33) Using 1 Workers for Young Generation
[2026-06-18T14:29:18.328+0800][10.990s][info][gc,phases   ] GC(33) y: Young Generation
[2026-06-18T14:29:18.329+0800][10.991s][info][gc,phases   ] GC(33) y: Pause Mark Start 0.011ms
[2026-06-18T14:29:18.331+0800][10.992s][info][gc,phases   ] GC(33) y: Concurrent Mark 0.581ms
[2026-06-18T14:29:18.332+0800][10.993s][info][gc,phases   ] GC(33) y: Pause Mark End 0.007ms
[2026-06-18T14:29:18.333+0800][10.994s][info][gc,phases   ] GC(33) y: Concurrent Mark Free 0.002ms
[2026-06-18T14:29:18.334+0800][10.995s][info][gc,phases   ] GC(33) y: Concurrent Reset Relocation Set 0.002ms
[2026-06-18T14:29:18.334+0800][10.996s][info][gc,reloc    ] GC(33) y: Using tenuring threshold: 4 (Computed)
[2026-06-18T14:29:18.335+0800][10.996s][info][gc,phases   ] GC(33) y: Concurrent Select Relocation Set 0.751ms
[2026-06-18T14:29:18.335+0800][10.997s][info][gc,phases   ] GC(33) y: Pause Relocate Start 0.007ms
[2026-06-18T14:29:18.336+0800][10.998s][info][gc,phases   ] GC(33) y: Concurrent Relocate 0.654ms
[2026-06-18T14:29:18.337+0800][10.998s][info][gc,alloc    ] GC(33) y:                         Mark Start        Mark End      Relocate Start    Relocate End   
[2026-06-18T14:29:18.337+0800][10.999s][info][gc,alloc    ] GC(33) y: Allocation Stalls:          0                0                0                0         
[2026-06-18T14:29:18.337+0800][10.999s][info][gc,load     ] GC(33) y: Load: 0.60 (2%) / 0.36 (1%) / 0.31 (1%)
[2026-06-18T14:29:18.338+0800][10.999s][info][gc,mmu      ] GC(33) y: MMU: 2ms/98.5%, 5ms/99.1%, 10ms/99.5%, 20ms/99.7%, 50ms/99.8%, 100ms/99.9%
[2026-06-18T14:29:18.338+0800][11.000s][info][gc,marking  ] GC(33) y: Mark: 1 stripe(s), 1 proactive flush(es), 1 terminate flush(es), 0 completion(s), 0 continuation(s) 
[2026-06-18T14:29:18.339+0800][11.000s][info][gc,nmethod  ] GC(33) y: NMethods: 92 registered, 7 unregistered
[2026-06-18T14:29:18.339+0800][11.001s][info][gc,metaspace] GC(33) y: Metaspace: 0M used, 0M committed, 1088M reserved
[2026-06-18T14:29:18.340+0800][11.002s][info][gc,reloc    ] GC(33) y:                        Candidates     Selected     In-Place         Size        Empty    Relocated 
[2026-06-18T14:29:18.341+0800][11.002s][info][gc,reloc    ] GC(33) y: Small Pages:                   40            7            0          80M          60M           2M 
[2026-06-18T14:29:18.341+0800][11.002s][info][gc,reloc    ] GC(33) y: Medium Pages:                   6            2            0          48M          16M           1M 
[2026-06-18T14:29:18.341+0800][11.003s][info][gc,reloc    ] GC(33) y: Large Pages:                    5            0            0          10M           4M           0M 
[2026-06-18T14:29:18.341+0800][11.003s][info][gc,reloc    ] GC(33) y: Forwarding Usage: 0M
[2026-06-18T14:29:18.342+0800][11.003s][info][gc,reloc    ] GC(33) y: Age Table:
[2026-06-18T14:29:18.342+0800][11.003s][info][gc,reloc    ] GC(33) y:                    Live             Garbage             Small              Medium             Large        
[2026-06-18T14:29:18.342+0800][11.004s][info][gc,reloc    ] GC(33) y: Eden              12M (5%)           71M (28%)         34 / 7              2 / 0              0 / 0        
[2026-06-18T14:29:18.342+0800][11.004s][info][gc,reloc    ] GC(33) y: Survivor 1         2M (1%)           16M (6%)           4 / 0              1 / 0              1 / 0        
[2026-06-18T14:29:18.342+0800][11.004s][info][gc,reloc    ] GC(33) y: Survivor 2         4M (2%)           11M (4%)           2 / 0              1 / 1              2 / 0        
[2026-06-18T14:29:18.343+0800][11.004s][info][gc,reloc    ] GC(33) y: Survivor 3         0M (0%)            9M (4%)           0 / 0              1 / 1              1 / 0        
[2026-06-18T14:29:18.345+0800][11.006s][info][gc,reloc    ] GC(33) y: Survivor 4          -                10M (4%)           0 / 0              1 / 0              1 / 0        
[2026-06-18T14:29:18.346+0800][11.007s][info][gc,heap     ] GC(33) y: Min Capacity: 256M(100%)
[2026-06-18T14:29:18.347+0800][11.008s][info][gc,heap     ] GC(33) y: Max Capacity: 256M(100%)
[2026-06-18T14:29:18.347+0800][11.009s][info][gc,heap     ] GC(33) y: Soft Max Capacity: 256M(100%)
[2026-06-18T14:29:18.347+0800][11.009s][info][gc,heap     ] GC(33) y: Heap Statistics:
[2026-06-18T14:29:18.348+0800][11.009s][info][gc,heap     ] GC(33) y:                Mark Start          Mark End        Relocate Start      Relocate End           High               Low         
[2026-06-18T14:29:18.348+0800][11.009s][info][gc,heap     ] GC(33) y:  Capacity:      256M (100%)        256M (100%)        256M (100%)        256M (100%)        256M (100%)        256M (100%)   
[2026-06-18T14:29:18.348+0800][11.010s][info][gc,heap     ] GC(33) y:      Free:      106M (41%)         106M (41%)         186M (73%)         200M (78%)         200M (78%)         106M (41%)    
[2026-06-18T14:29:18.348+0800][11.010s][info][gc,heap     ] GC(33) y:      Used:      150M (59%)         150M (59%)          70M (27%)          56M (22%)         150M (59%)          56M (22%)    
[2026-06-18T14:29:18.349+0800][11.010s][info][gc,heap     ] GC(33) y: Young Generation Statistics:
[2026-06-18T14:29:18.349+0800][11.010s][info][gc,heap     ] GC(33) y:                Mark Start          Mark End        Relocate Start      Relocate End    
[2026-06-18T14:29:18.349+0800][11.011s][info][gc,heap     ] GC(33) y:      Used:      138M (54%)         138M (54%)          58M (23%)          44M (17%)    
[2026-06-18T14:29:18.349+0800][11.011s][info][gc,heap     ] GC(33) y:      Live:         -                20M (8%)           20M (8%)           20M (8%)     
[2026-06-18T14:29:18.350+0800][11.011s][info][gc,heap     ] GC(33) y:   Garbage:         -               117M (46%)          37M (15%)           0M (0%)     
[2026-06-18T14:29:18.350+0800][11.012s][info][gc,heap     ] GC(33) y: Allocated:         -                 0M (0%)            0M (0%)           22M (9%)     
[2026-06-18T14:29:18.350+0800][11.012s][info][gc,heap     ] GC(33) y: Reclaimed:         -                  -                80M (31%)         116M (45%)    
[2026-06-18T14:29:18.351+0800][11.012s][info][gc,heap     ] GC(33) y:  Promoted:         -                  -                 0M (0%)            0M (0%)     
[2026-06-18T14:29:18.351+0800][11.013s][info][gc,heap     ] GC(33) y: Compacted:         -                  -                  -                 5M (2%)     
[2026-06-18T14:29:18.351+0800][11.013s][info][gc,phases   ] GC(33) y: Young Generation 150M(59%)->56M(22%) 0.008s
[2026-06-18T14:29:18.351+0800][11.013s][info][gc          ] GC(33) Minor Collection (Allocation Rate) 150M(59%)->64M(25%) 0.025s
[2026-06-18T14:29:18.618+0800][11.280s][info][gc          ] GC(34) Minor Collection (Allocation Rate)
[2026-06-18T14:29:18.619+0800][11.281s][info][gc,task     ] GC(34) Using 1 Workers for Young Generation
[2026-06-18T14:29:18.620+0800][11.281s][info][gc,phases   ] GC(34) y: Young Generation
[2026-06-18T14:29:18.620+0800][11.281s][info][gc,phases   ] GC(34) y: Pause Mark Start 0.010ms
[2026-06-18T14:29:18.621+0800][11.282s][info][gc,phases   ] GC(34) y: Concurrent Mark 0.433ms
[2026-06-18T14:29:18.621+0800][11.283s][info][gc,phases   ] GC(34) y: Pause Mark End 0.006ms
[2026-06-18T14:29:18.622+0800][11.283s][info][gc,phases   ] GC(34) y: Concurrent Mark Free 0.002ms
[2026-06-18T14:29:18.622+0800][11.284s][info][gc,phases   ] GC(34) y: Concurrent Reset Relocation Set 0.002ms
[2026-06-18T14:29:18.623+0800][11.284s][info][gc,reloc    ] GC(34) y: Using tenuring threshold: 4 (Computed)
[2026-06-18T14:29:18.623+0800][11.285s][info][gc,phases   ] GC(34) y: Concurrent Select Relocation Set 0.803ms
[2026-06-18T14:29:18.624+0800][11.285s][info][gc,phases   ] GC(34) y: Pause Relocate Start 0.006ms
[2026-06-18T14:29:18.625+0800][11.287s][info][gc,phases   ] GC(34) y: Concurrent Relocate 1.043ms
[2026-06-18T14:29:18.626+0800][11.287s][info][gc,alloc    ] GC(34) y:                         Mark Start        Mark End      Relocate Start    Relocate End   
[2026-06-18T14:29:18.626+0800][11.287s][info][gc,alloc    ] GC(34) y: Allocation Stalls:          0                0                0                0         
[2026-06-18T14:29:18.626+0800][11.288s][info][gc,load     ] GC(34) y: Load: 0.60 (2%) / 0.36 (1%) / 0.31 (1%)
[2026-06-18T14:29:18.626+0800][11.288s][info][gc,mmu      ] GC(34) y: MMU: 2ms/98.5%, 5ms/99.1%, 10ms/99.5%, 20ms/99.7%, 50ms/99.8%, 100ms/99.9%
[2026-06-18T14:29:18.627+0800][11.288s][info][gc,marking  ] GC(34) y: Mark: 1 stripe(s), 1 proactive flush(es), 1 terminate flush(es), 0 completion(s), 0 continuation(s) 
[2026-06-18T14:29:18.627+0800][11.288s][info][gc,nmethod  ] GC(34) y: NMethods: 92 registered, 7 unregistered
[2026-06-18T14:29:18.627+0800][11.288s][info][gc,metaspace] GC(34) y: Metaspace: 0M used, 0M committed, 1088M reserved
[2026-06-18T14:29:18.627+0800][11.289s][info][gc,reloc    ] GC(34) y:                        Candidates     Selected     In-Place         Size        Empty    Relocated 
[2026-06-18T14:29:18.627+0800][11.289s][info][gc,reloc    ] GC(34) y: Small Pages:                   54           11            0         108M          76M           4M 
[2026-06-18T14:29:18.628+0800][11.289s][info][gc,reloc    ] GC(34) y: Medium Pages:                   6            3            0          48M           0M           3M 
[2026-06-18T14:29:18.628+0800][11.289s][info][gc,reloc    ] GC(34) y: Large Pages:                    4            0            0           8M           0M           0M 
[2026-06-18T14:29:18.628+0800][11.289s][info][gc,reloc    ] GC(34) y: Forwarding Usage: 0M
[2026-06-18T14:29:18.628+0800][11.290s][info][gc,reloc    ] GC(34) y: Age Table:
[2026-06-18T14:29:18.629+0800][11.291s][info][gc,reloc    ] GC(34) y:                    Live             Garbage             Small              Medium             Large        
[2026-06-18T14:29:18.629+0800][11.291s][info][gc,reloc    ] GC(34) y: Eden              20M (8%)           99M (39%)         51 / 10             2 / 0              1 / 0        
[2026-06-18T14:29:18.630+0800][11.291s][info][gc,reloc    ] GC(34) y: Survivor 1         2M (1%)           19M (7%)           3 / 1              2 / 1              0 / 0        
[2026-06-18T14:29:18.630+0800][11.292s][info][gc,reloc    ] GC(34) y: Survivor 2         2M (1%)            0M (0%)           0 / 0              0 / 0              1 / 0        
[2026-06-18T14:29:18.630+0800][11.292s][info][gc,reloc    ] GC(34) y: Survivor 3         4M (2%)            7M (3%)           0 / 0              1 / 1              2 / 0        
[2026-06-18T14:29:18.631+0800][11.292s][info][gc,reloc    ] GC(34) y: Survivor 4         0M (0%)            7M (3%)           0 / 0              1 / 1              0 / 0        
[2026-06-18T14:29:18.631+0800][11.292s][info][gc,heap     ] GC(34) y: Min Capacity: 256M(100%)
[2026-06-18T14:29:18.631+0800][11.292s][info][gc,heap     ] GC(34) y: Max Capacity: 256M(100%)
[2026-06-18T14:29:18.631+0800][11.293s][info][gc,heap     ] GC(34) y: Soft Max Capacity: 256M(100%)
[2026-06-18T14:29:18.631+0800][11.293s][info][gc,heap     ] GC(34) y: Heap Statistics:
[2026-06-18T14:29:18.632+0800][11.293s][info][gc,heap     ] GC(34) y:                Mark Start          Mark End        Relocate Start      Relocate End           High               Low         
[2026-06-18T14:29:18.632+0800][11.293s][info][gc,heap     ] GC(34) y:  Capacity:      256M (100%)        256M (100%)        256M (100%)        256M (100%)        256M (100%)        256M (100%)   
[2026-06-18T14:29:18.632+0800][11.293s][info][gc,heap     ] GC(34) y:      Free:       80M (31%)          80M (31%)         156M (61%)         184M (72%)         184M (72%)          80M (31%)    
[2026-06-18T14:29:18.632+0800][11.294s][info][gc,heap     ] GC(34) y:      Used:      176M (69%)         176M (69%)         100M (39%)          72M (28%)         176M (69%)          72M (28%)    
[2026-06-18T14:29:18.633+0800][11.294s][info][gc,heap     ] GC(34) y: Young Generation Statistics:
[2026-06-18T14:29:18.633+0800][11.294s][info][gc,heap     ] GC(34) y:                Mark Start          Mark End        Relocate Start      Relocate End    
[2026-06-18T14:29:18.633+0800][11.294s][info][gc,heap     ] GC(34) y:      Used:      164M (64%)         164M (64%)          88M (34%)          52M (20%)    
[2026-06-18T14:29:18.633+0800][11.295s][info][gc,heap     ] GC(34) y:      Live:         -                31M (12%)          31M (12%)          30M (12%)    
[2026-06-18T14:29:18.633+0800][11.295s][info][gc,heap     ] GC(34) y:   Garbage:         -               132M (52%)          56M (22%)           5M (2%)     
[2026-06-18T14:29:18.634+0800][11.295s][info][gc,heap     ] GC(34) y: Allocated:         -                 0M (0%)            0M (0%)           16M (6%)     
[2026-06-18T14:29:18.634+0800][11.295s][info][gc,heap     ] GC(34) y: Reclaimed:         -                  -                76M (30%)         127M (50%)    
[2026-06-18T14:29:18.634+0800][11.296s][info][gc,heap     ] GC(34) y:  Promoted:         -                  -                 0M (0%)            0M (0%)     
[2026-06-18T14:29:18.635+0800][11.296s][info][gc,heap     ] GC(34) y: Compacted:         -                  -                  -                 9M (4%)     
[2026-06-18T14:29:18.635+0800][11.297s][info][gc,phases   ] GC(34) y: Young Generation 176M(69%)->72M(28%) 0.006s
[2026-06-18T14:29:18.635+0800][11.297s][info][gc          ] GC(34) Minor Collection (Allocation Rate) 176M(69%)->76M(30%) 0.017s
[2026-06-18T14:29:18.942+0800][11.603s][info][gc          ] GC(35) Major Collection (Allocation Rate)
[2026-06-18T14:29:18.943+0800][11.604s][info][gc,task     ] GC(35) Using 1 Workers for Young Generation
[2026-06-18T14:29:18.943+0800][11.605s][info][gc,task     ] GC(35) Using 1 Workers for Old Generation
[2026-06-18T14:29:18.944+0800][11.605s][info][gc,phases   ] GC(35) Y: Young Generation
[2026-06-18T14:29:18.944+0800][11.606s][info][gc,phases   ] GC(35) Y: Pause Mark Start (Major) 0.044ms
[2026-06-18T14:29:18.945+0800][11.607s][info][gc,phases   ] GC(35) Y: Concurrent Mark 0.387ms
[2026-06-18T14:29:18.946+0800][11.607s][info][gc,phases   ] GC(35) Y: Pause Mark End 0.006ms
[2026-06-18T14:29:18.946+0800][11.608s][info][gc,phases   ] GC(35) Y: Concurrent Mark Free 0.002ms
[2026-06-18T14:29:18.946+0800][11.608s][info][gc,phases   ] GC(35) Y: Concurrent Reset Relocation Set 0.002ms
[2026-06-18T14:29:18.947+0800][11.608s][info][gc,reloc    ] GC(35) Y: Using tenuring threshold: 2 (Computed)
[2026-06-18T14:29:18.947+0800][11.608s][info][gc,phases   ] GC(35) Y: Concurrent Select Relocation Set 0.363ms
[2026-06-18T14:29:18.947+0800][11.609s][info][gc,phases   ] GC(35) Y: Pause Relocate Start 0.017ms
[2026-06-18T14:29:18.949+0800][11.610s][info][gc,phases   ] GC(35) Y: Concurrent Relocate 1.171ms
[2026-06-18T14:29:18.949+0800][11.611s][info][gc,alloc    ] GC(35) Y:                         Mark Start        Mark End      Relocate Start    Relocate End   
[2026-06-18T14:29:18.950+0800][11.611s][info][gc,alloc    ] GC(35) Y: Allocation Stalls:          0                0                0                0         
[2026-06-18T14:29:18.950+0800][11.612s][info][gc,load     ] GC(35) Y: Load: 0.60 (2%) / 0.36 (1%) / 0.31 (1%)
[2026-06-18T14:29:18.950+0800][11.612s][info][gc,mmu      ] GC(35) Y: MMU: 2ms/97.5%, 5ms/98.6%, 10ms/99.3%, 20ms/99.7%, 50ms/99.8%, 100ms/99.9%
[2026-06-18T14:29:18.950+0800][11.612s][info][gc,marking  ] GC(35) Y: Mark: 1 stripe(s), 1 proactive flush(es), 1 terminate flush(es), 0 completion(s), 0 continuation(s) 
[2026-06-18T14:29:18.951+0800][11.612s][info][gc,nmethod  ] GC(35) Y: NMethods: 92 registered, 7 unregistered
[2026-06-18T14:29:18.951+0800][11.612s][info][gc,metaspace] GC(35) Y: Metaspace: 0M used, 0M committed, 1088M reserved
[2026-06-18T14:29:18.951+0800][11.613s][info][gc,reloc    ] GC(35) Y:                        Candidates     Selected     In-Place         Size        Empty    Relocated 
[2026-06-18T14:29:18.951+0800][11.613s][info][gc,reloc    ] GC(35) Y: Small Pages:                   63           15            0         126M          88M           4M 
[2026-06-18T14:29:18.952+0800][11.613s][info][gc,reloc    ] GC(35) Y: Medium Pages:                   6            2            0          48M           8M           1M 
[2026-06-18T14:29:18.952+0800][11.613s][info][gc,reloc    ] GC(35) Y: Large Pages:                    5            0            0          10M           0M           0M 
[2026-06-18T14:29:18.952+0800][11.614s][info][gc,reloc    ] GC(35) Y: Forwarding Usage: 0M
[2026-06-18T14:29:18.952+0800][11.614s][info][gc,reloc    ] GC(35) Y: Age Table:
[2026-06-18T14:29:18.953+0800][11.614s][info][gc,reloc    ] GC(35) Y:                    Live             Garbage             Small              Medium             Large        
[2026-06-18T14:29:18.953+0800][11.614s][info][gc,reloc    ] GC(35) Y: Eden              22M (9%)          109M (43%)         57 / 15             2 / 0              1 / 0        
[2026-06-18T14:29:18.953+0800][11.614s][info][gc,reloc    ] GC(35) Y: Survivor 1         2M (1%)           25M (10%)          5 / 0              2 / 0              1 / 0        
[2026-06-18T14:29:18.955+0800][11.617s][info][gc,reloc    ] GC(35) Y: Survivor 2         0M (0%)            9M (4%)           1 / 0              1 / 1              0 / 0        
[2026-06-18T14:29:18.956+0800][11.617s][info][gc,reloc    ] GC(35) Y: Survivor 3         2M (1%)            0M (0%)           0 / 0              0 / 0              1 / 0        
[2026-06-18T14:29:18.956+0800][11.617s][info][gc,reloc    ] GC(35) Y: Survivor 4         4M (2%)            7M (3%)           0 / 0              1 / 1              2 / 0        
[2026-06-18T14:29:18.956+0800][11.618s][info][gc,heap     ] GC(35) Y: Min Capacity: 256M(100%)
[2026-06-18T14:29:18.957+0800][11.618s][info][gc,heap     ] GC(35) Y: Max Capacity: 256M(100%)
[2026-06-18T14:29:18.957+0800][11.618s][info][gc,heap     ] GC(35) Y: Soft Max Capacity: 256M(100%)
[2026-06-18T14:29:18.957+0800][11.619s][info][gc,heap     ] GC(35) Y: Heap Statistics:
[2026-06-18T14:29:18.957+0800][11.619s][info][gc,heap     ] GC(35) Y:                Mark Start          Mark End        Relocate Start      Relocate End           High               Low         
[2026-06-18T14:29:18.958+0800][11.619s][info][gc,heap     ] GC(35) Y:  Capacity:      256M (100%)        256M (100%)        256M (100%)        256M (100%)        256M (100%)        256M (100%)   
[2026-06-18T14:29:18.958+0800][11.619s][info][gc,heap     ] GC(35) Y:      Free:       52M (20%)          52M (20%)         148M (58%)         186M (73%)         186M (73%)          52M (20%)    
[2026-06-18T14:29:18.958+0800][11.619s][info][gc,heap     ] GC(35) Y:      Used:      204M (80%)         204M (80%)         108M (42%)          70M (27%)         204M (80%)          70M (27%)    
[2026-06-18T14:29:18.958+0800][11.620s][info][gc,heap     ] GC(35) Y: Young Generation Statistics:
[2026-06-18T14:29:18.958+0800][11.620s][info][gc,heap     ] GC(35) Y:                Mark Start          Mark End        Relocate Start      Relocate End    
[2026-06-18T14:29:18.958+0800][11.620s][info][gc,heap     ] GC(35) Y:      Used:      184M (72%)         184M (72%)          82M (32%)          36M (14%)    
[2026-06-18T14:29:18.959+0800][11.620s][info][gc,heap     ] GC(35) Y:      Live:         -                32M (13%)          26M (10%)          24M (10%)    
[2026-06-18T14:29:18.959+0800][11.621s][info][gc,heap     ] GC(35) Y:   Garbage:         -               151M (59%)          55M (22%)           2M (1%)     
[2026-06-18T14:29:18.959+0800][11.621s][info][gc,heap     ] GC(35) Y: Allocated:         -                 0M (0%)            0M (0%)            8M (3%)     
[2026-06-18T14:29:18.959+0800][11.621s][info][gc,heap     ] GC(35) Y: Reclaimed:         -                  -                96M (38%)         148M (58%)    
[2026-06-18T14:29:18.960+0800][11.621s][info][gc,heap     ] GC(35) Y:  Promoted:         -                  -                 6M (2%)            7M (3%)     
[2026-06-18T14:29:18.960+0800][11.621s][info][gc,heap     ] GC(35) Y: Compacted:         -                  -                  -                 7M (3%)     
[2026-06-18T14:29:18.960+0800][11.622s][info][gc,phases   ] GC(35) Y: Young Generation 204M(80%)->70M(27%) 0.005s
[2026-06-18T14:29:18.961+0800][11.622s][info][gc,phases   ] GC(35) O: Old Generation
[2026-06-18T14:29:18.962+0800][11.623s][info][gc,phases   ] GC(35) O: Concurrent Mark 1.046ms
[2026-06-18T14:29:18.963+0800][11.624s][info][gc,phases   ] GC(35) O: Pause Mark End 0.011ms
[2026-06-18T14:29:18.963+0800][11.624s][info][gc,phases   ] GC(35) O: Concurrent Mark Free 0.002ms
[2026-06-18T14:29:18.963+0800][11.625s][info][gc,phases   ] GC(35) O: Concurrent Process Non-Strong 0.249ms
[2026-06-18T14:29:18.964+0800][11.625s][info][gc,phases   ] GC(35) O: Concurrent Reset Relocation Set 0.001ms
[2026-06-18T14:29:18.964+0800][11.625s][info][gc,phases   ] GC(35) O: Concurrent Select Relocation Set 0.042ms
[2026-06-18T14:29:18.964+0800][11.626s][info][gc,task     ] GC(35) O: Using 2 Workers for Old Generation
[2026-06-18T14:29:18.964+0800][11.626s][info][gc,task     ] GC(35) O: Using 1 Workers for Old Generation
[2026-06-18T14:29:18.965+0800][11.626s][info][gc,phases   ] GC(35) O: Concurrent Remap Roots 0.570ms
[2026-06-18T14:29:18.965+0800][11.626s][info][gc,phases   ] GC(35) O: Pause Relocate Start 0.006ms
[2026-06-18T14:29:18.965+0800][11.627s][info][gc,phases   ] GC(35) O: Concurrent Relocate 0.140ms
[2026-06-18T14:29:18.966+0800][11.627s][info][gc,alloc    ] GC(35) O:                         Mark Start        Mark End      Relocate Start    Relocate End   
[2026-06-18T14:29:18.966+0800][11.628s][info][gc,alloc    ] GC(35) O: Allocation Stalls:          0                0                0                0         
[2026-06-18T14:29:18.966+0800][11.628s][info][gc,load     ] GC(35) O: Load: 0.60 (2%) / 0.36 (1%) / 0.31 (1%)
[2026-06-18T14:29:18.967+0800][11.628s][info][gc,mmu      ] GC(35) O: MMU: 2ms/97.5%, 5ms/98.6%, 10ms/99.3%, 20ms/99.6%, 50ms/99.8%, 100ms/99.9%
[2026-06-18T14:29:18.967+0800][11.628s][info][gc,marking  ] GC(35) O: Mark: 1 stripe(s), 2 proactive flush(es), 1 terminate flush(es), 0 completion(s), 0 continuation(s) 
[2026-06-18T14:29:18.967+0800][11.629s][info][gc,nmethod  ] GC(35) O: NMethods: 92 registered, 7 unregistered
[2026-06-18T14:29:18.967+0800][11.629s][info][gc,metaspace] GC(35) O: Metaspace: 0M used, 0M committed, 1088M reserved
[2026-06-18T14:29:18.968+0800][11.629s][info][gc,ref      ] GC(35) O:                       Encountered   Discovered     Enqueued 
[2026-06-18T14:29:18.968+0800][11.629s][info][gc,ref      ] GC(35) O: Soft References:                2            0            0 
[2026-06-18T14:29:18.968+0800][11.630s][info][gc,ref      ] GC(35) O: Weak References:                6            0            0 
[2026-06-18T14:29:18.968+0800][11.630s][info][gc,ref      ] GC(35) O: Final References:               0            0            0 
[2026-06-18T14:29:18.968+0800][11.630s][info][gc,ref      ] GC(35) O: Phantom References:             1            1            0 
[2026-06-18T14:29:18.969+0800][11.630s][info][gc,reloc    ] GC(35) O:                        Candidates     Selected     In-Place         Size        Empty    Relocated 
[2026-06-18T14:29:18.969+0800][11.630s][info][gc,reloc    ] GC(35) O: Small Pages:                    1            0            0           2M           0M           0M 
[2026-06-18T14:29:18.969+0800][11.631s][info][gc,reloc    ] GC(35) O: Medium Pages:                   2            0            0          16M           8M           0M 
[2026-06-18T14:29:18.969+0800][11.631s][info][gc,reloc    ] GC(35) O: Large Pages:                    1            0            0           2M           2M           0M 
[2026-06-18T14:29:18.969+0800][11.631s][info][gc,reloc    ] GC(35) O: Forwarding Usage: 0M
[2026-06-18T14:29:18.970+0800][11.631s][info][gc,heap     ] GC(35) O: Min Capacity: 256M(100%)
[2026-06-18T14:29:18.970+0800][11.631s][info][gc,heap     ] GC(35) O: Max Capacity: 256M(100%)
[2026-06-18T14:29:18.970+0800][11.631s][info][gc,heap     ] GC(35) O: Soft Max Capacity: 256M(100%)
[2026-06-18T14:29:18.970+0800][11.632s][info][gc,heap     ] GC(35) O: Heap Statistics:
[2026-06-18T14:29:18.970+0800][11.632s][info][gc,heap     ] GC(35) O:                Mark Start          Mark End        Relocate Start      Relocate End           High               Low         
[2026-06-18T14:29:18.971+0800][11.632s][info][gc,heap     ] GC(35) O:  Capacity:      256M (100%)        256M (100%)        256M (100%)        256M (100%)        256M (100%)        256M (100%)   
[2026-06-18T14:29:18.971+0800][11.632s][info][gc,heap     ] GC(35) O:      Free:       52M (20%)         172M (67%)         180M (70%)         180M (70%)         186M (73%)          52M (20%)    
[2026-06-18T14:29:18.971+0800][11.632s][info][gc,heap     ] GC(35) O:      Used:      204M (80%)          84M (33%)          76M (30%)          76M (30%)         204M (80%)          70M (27%)    
[2026-06-18T14:29:18.971+0800][11.633s][info][gc,heap     ] GC(35) O: Old Generation Statistics:
[2026-06-18T14:29:18.972+0800][11.633s][info][gc,heap     ] GC(35) O:                Mark Start          Mark End        Relocate Start      Relocate End    
[2026-06-18T14:29:18.972+0800][11.634s][info][gc,heap     ] GC(35) O:      Used:       20M (8%)           34M (13%)          24M (9%)           24M (9%)     
[2026-06-18T14:29:18.972+0800][11.634s][info][gc,heap     ] GC(35) O:      Live:         -                 1M (1%)            1M (1%)            1M (1%)     
[2026-06-18T14:29:18.973+0800][11.634s][info][gc,heap     ] GC(35) O:   Garbage:         -                18M (7%)            8M (3%)            8M (3%)     
[2026-06-18T14:29:18.973+0800][11.634s][info][gc,heap     ] GC(35) O: Allocated:         -                14M (5%)           14M (5%)           14M (5%)     
[2026-06-18T14:29:18.973+0800][11.635s][info][gc,heap     ] GC(35) O: Reclaimed:         -                  -                10M (4%)           10M (4%)     
[2026-06-18T14:29:18.974+0800][11.635s][info][gc,heap     ] GC(35) O: Compacted:         -                  -                  -                 0M (0%)     
[2026-06-18T14:29:18.974+0800][11.635s][info][gc,phases   ] GC(35) O: Old Generation 84M(33%)->76M(30%) 0.005s
[2026-06-18T14:29:18.974+0800][11.636s][info][gc          ] GC(35) Major Collection (Allocation Rate) 204M(80%)->80M(31%) 0.032s
[2026-06-18T14:29:19.350+0800][12.012s][info][gc          ] GC(36) Minor Collection (Allocation Rate)
[2026-06-18T14:29:19.352+0800][12.013s][info][gc,task     ] GC(36) Using 2 Workers for Young Generation
[2026-06-18T14:29:19.353+0800][12.015s][info][gc,phases   ] GC(36) y: Young Generation
[2026-06-18T14:29:19.355+0800][12.016s][info][gc,phases   ] GC(36) y: Pause Mark Start 0.036ms
[2026-06-18T14:29:19.357+0800][12.018s][info][gc,phases   ] GC(36) y: Concurrent Mark 0.468ms
[2026-06-18T14:29:19.358+0800][12.019s][info][gc,phases   ] GC(36) y: Pause Mark End 0.008ms
[2026-06-18T14:29:19.359+0800][12.020s][info][gc,phases   ] GC(36) y: Concurrent Mark Free 0.001ms
[2026-06-18T14:29:19.360+0800][12.021s][info][gc,phases   ] GC(36) y: Concurrent Reset Relocation Set 0.003ms
[2026-06-18T14:29:19.361+0800][12.023s][info][gc,reloc    ] GC(36) y: Using tenuring threshold: 3 (Computed)
[2026-06-18T14:29:19.362+0800][12.024s][info][gc,phases   ] GC(36) y: Concurrent Select Relocation Set 1.186ms
[2026-06-18T14:29:19.363+0800][12.025s][info][gc,phases   ] GC(36) y: Pause Relocate Start 0.008ms
[2026-06-18T14:29:19.365+0800][12.026s][info][gc,phases   ] GC(36) y: Concurrent Relocate 0.680ms
[2026-06-18T14:29:19.366+0800][12.028s][info][gc,alloc    ] GC(36) y:                         Mark Start        Mark End      Relocate Start    Relocate End   
[2026-06-18T14:29:19.367+0800][12.029s][info][gc,alloc    ] GC(36) y: Allocation Stalls:          0                0                0                0         
[2026-06-18T14:29:19.368+0800][12.029s][info][gc,load     ] GC(36) y: Load: 0.60 (2%) / 0.36 (1%) / 0.31 (1%)
[2026-06-18T14:29:19.369+0800][12.030s][info][gc,mmu      ] GC(36) y: MMU: 2ms/97.5%, 5ms/98.6%, 10ms/99.3%, 20ms/99.6%, 50ms/99.8%, 100ms/99.9%
[2026-06-18T14:29:19.370+0800][12.031s][info][gc,marking  ] GC(36) y: Mark: 2 stripe(s), 1 proactive flush(es), 1 terminate flush(es), 0 completion(s), 0 continuation(s) 
[2026-06-18T14:29:19.371+0800][12.033s][info][gc,nmethod  ] GC(36) y: NMethods: 92 registered, 7 unregistered
[2026-06-18T14:29:19.372+0800][12.034s][info][gc,metaspace] GC(36) y: Metaspace: 0M used, 0M committed, 1088M reserved
[2026-06-18T14:29:19.373+0800][12.034s][info][gc,reloc    ] GC(36) y:                        Candidates     Selected     In-Place         Size        Empty    Relocated 
[2026-06-18T14:29:19.374+0800][12.035s][info][gc,reloc    ] GC(36) y: Small Pages:                   76            9            0         152M         126M           3M 
[2026-06-18T14:29:19.374+0800][12.036s][info][gc,reloc    ] GC(36) y: Medium Pages:                   5            2            0          40M           8M           3M 
[2026-06-18T14:29:19.375+0800][12.037s][info][gc,reloc    ] GC(36) y: Large Pages:                    4            0            0           8M           0M           0M 
[2026-06-18T14:29:19.376+0800][12.037s][info][gc,reloc    ] GC(36) y: Forwarding Usage: 0M
[2026-06-18T14:29:19.377+0800][12.038s][info][gc,reloc    ] GC(36) y: Age Table:
[2026-06-18T14:29:19.378+0800][12.039s][info][gc,reloc    ] GC(36) y:                    Live             Garbage             Small              Medium             Large        
[2026-06-18T14:29:19.378+0800][12.040s][info][gc,reloc    ] GC(36) y: Eden              19M (8%)          144M (56%)         72 / 9              2 / 1              2 / 0        
[2026-06-18T14:29:19.379+0800][12.041s][info][gc,reloc    ] GC(36) y: Survivor 1         2M (1%)           23M (9%)           4 / 0              2 / 1              1 / 0        
[2026-06-18T14:29:19.380+0800][12.042s][info][gc,reloc    ] GC(36) y: Survivor 2         2M (1%)            7M (3%)           0 / 0              1 / 0              1 / 0        
[2026-06-18T14:29:19.381+0800][12.043s][info][gc,heap     ] GC(36) y: Min Capacity: 256M(100%)
[2026-06-18T14:29:19.382+0800][12.044s][info][gc,heap     ] GC(36) y: Max Capacity: 256M(100%)
[2026-06-18T14:29:19.383+0800][12.044s][info][gc,heap     ] GC(36) y: Soft Max Capacity: 256M(100%)
[2026-06-18T14:29:19.383+0800][12.044s][info][gc,heap     ] GC(36) y: Heap Statistics:
[2026-06-18T14:29:19.383+0800][12.045s][info][gc,heap     ] GC(36) y:                Mark Start          Mark End        Relocate Start      Relocate End           High               Low         
[2026-06-18T14:29:19.383+0800][12.045s][info][gc,heap     ] GC(36) y:  Capacity:      256M (100%)        256M (100%)        256M (100%)        256M (100%)        256M (100%)        256M (100%)   
[2026-06-18T14:29:19.384+0800][12.045s][info][gc,heap     ] GC(36) y:      Free:       32M (12%)          32M (12%)         154M (60%)         172M (67%)         172M (67%)          20M (8%)     
[2026-06-18T14:29:19.384+0800][12.045s][info][gc,heap     ] GC(36) y:      Used:      224M (88%)         224M (88%)         102M (40%)          84M (33%)         236M (92%)          84M (33%)    
[2026-06-18T14:29:19.384+0800][12.046s][info][gc,heap     ] GC(36) y: Young Generation Statistics:
[2026-06-18T14:29:19.384+0800][12.046s][info][gc,heap     ] GC(36) y:                Mark Start          Mark End        Relocate Start      Relocate End    
[2026-06-18T14:29:19.385+0800][12.046s][info][gc,heap     ] GC(36) y:      Used:      200M (78%)         200M (78%)          78M (30%)          60M (23%)    
[2026-06-18T14:29:19.385+0800][12.047s][info][gc,heap     ] GC(36) y:      Live:         -                25M (10%)          25M (10%)          25M (10%)    
[2026-06-18T14:29:19.385+0800][12.047s][info][gc,heap     ] GC(36) y:   Garbage:         -               174M (68%)          40M (16%)           1M (1%)     
[2026-06-18T14:29:19.386+0800][12.047s][info][gc,heap     ] GC(36) y: Allocated:         -                 0M (0%)           12M (5%)           33M (13%)    
[2026-06-18T14:29:19.386+0800][12.047s][info][gc,heap     ] GC(36) y: Reclaimed:         -                  -               134M (52%)         173M (68%)    
[2026-06-18T14:29:19.386+0800][12.048s][info][gc,heap     ] GC(36) y:  Promoted:         -                  -                 0M (0%)            0M (0%)     
[2026-06-18T14:29:19.386+0800][12.048s][info][gc,heap     ] GC(36) y: Compacted:         -                  -                  -                 8M (3%)     
[2026-06-18T14:29:19.386+0800][12.048s][info][gc,phases   ] GC(36) y: Young Generation 224M(88%)->84M(33%) 0.013s
[2026-06-18T14:29:19.387+0800][12.048s][info][gc          ] GC(36) Minor Collection (Allocation Rate) 222M(87%)->92M(36%) 0.037s
[2026-06-18T14:29:19.727+0800][12.388s][info][gc          ] GC(37) Minor Collection (Allocation Rate)
[2026-06-18T14:29:19.728+0800][12.390s][info][gc,task     ] GC(37) Using 1 Workers for Young Generation
[2026-06-18T14:29:19.729+0800][12.391s][info][gc,phases   ] GC(37) y: Young Generation
[2026-06-18T14:29:19.729+0800][12.391s][info][gc,phases   ] GC(37) y: Pause Mark Start 0.011ms
[2026-06-18T14:29:19.730+0800][12.392s][info][gc,phases   ] GC(37) y: Concurrent Mark 0.426ms
[2026-06-18T14:29:19.731+0800][12.392s][info][gc,phases   ] GC(37) y: Pause Mark End 0.007ms
[2026-06-18T14:29:19.731+0800][12.393s][info][gc,phases   ] GC(37) y: Concurrent Mark Free 0.001ms
[2026-06-18T14:29:19.732+0800][12.393s][info][gc,phases   ] GC(37) y: Concurrent Reset Relocation Set 0.001ms
[2026-06-18T14:29:19.732+0800][12.393s][info][gc,reloc    ] GC(37) y: Using tenuring threshold: 4 (Computed)
[2026-06-18T14:29:19.732+0800][12.394s][info][gc,phases   ] GC(37) y: Concurrent Select Relocation Set 0.545ms
[2026-06-18T14:29:19.733+0800][12.394s][info][gc,phases   ] GC(37) y: Pause Relocate Start 0.005ms
[2026-06-18T14:29:19.734+0800][12.396s][info][gc,phases   ] GC(37) y: Concurrent Relocate 0.955ms
[2026-06-18T14:29:19.735+0800][12.396s][info][gc,alloc    ] GC(37) y:                         Mark Start        Mark End      Relocate Start    Relocate End   
[2026-06-18T14:29:19.735+0800][12.397s][info][gc,alloc    ] GC(37) y: Allocation Stalls:          0                0                0                0         
[2026-06-18T14:29:19.735+0800][12.397s][info][gc,load     ] GC(37) y: Load: 0.60 (2%) / 0.36 (1%) / 0.31 (1%)
[2026-06-18T14:29:19.736+0800][12.397s][info][gc,mmu      ] GC(37) y: MMU: 2ms/97.5%, 5ms/98.6%, 10ms/99.3%, 20ms/99.6%, 50ms/99.8%, 100ms/99.9%
[2026-06-18T14:29:19.736+0800][12.397s][info][gc,marking  ] GC(37) y: Mark: 1 stripe(s), 1 proactive flush(es), 1 terminate flush(es), 0 completion(s), 0 continuation(s) 
[2026-06-18T14:29:19.736+0800][12.398s][info][gc,nmethod  ] GC(37) y: NMethods: 92 registered, 7 unregistered
[2026-06-18T14:29:19.736+0800][12.398s][info][gc,metaspace] GC(37) y: Metaspace: 0M used, 0M committed, 1088M reserved
[2026-06-18T14:29:19.737+0800][12.398s][info][gc,reloc    ] GC(37) y:                        Candidates     Selected     In-Place         Size        Empty    Relocated 
[2026-06-18T14:29:19.737+0800][12.398s][info][gc,reloc    ] GC(37) y: Small Pages:                   71           15            0         142M         102M           4M 
[2026-06-18T14:29:19.737+0800][12.399s][info][gc,reloc    ] GC(37) y: Medium Pages:                   6            1            0          48M          16M           0M 
[2026-06-18T14:29:19.737+0800][12.399s][info][gc,reloc    ] GC(37) y: Large Pages:                    5            0            0          10M           0M           0M 
[2026-06-18T14:29:19.737+0800][12.399s][info][gc,reloc    ] GC(37) y: Forwarding Usage: 0M
[2026-06-18T14:29:19.738+0800][12.399s][info][gc,reloc    ] GC(37) y: Age Table:
[2026-06-18T14:29:19.738+0800][12.399s][info][gc,reloc    ] GC(37) y:                    Live             Garbage             Small              Medium             Large        
[2026-06-18T14:29:19.738+0800][12.399s][info][gc,reloc    ] GC(37) y: Eden              21M (8%)          130M (51%)         67 / 15             2 / 0              1 / 0        
[2026-06-18T14:29:19.738+0800][12.400s][info][gc,reloc    ] GC(37) y: Survivor 1         4M (2%)           24M (9%)           4 / 0              2 / 0              2 / 0        
[2026-06-18T14:29:19.739+0800][12.400s][info][gc,reloc    ] GC(37) y: Survivor 2         2M (1%)            7M (3%)           0 / 0              1 / 1              1 / 0        
[2026-06-18T14:29:19.739+0800][12.401s][info][gc,reloc    ] GC(37) y: Survivor 3         2M (1%)            7M (3%)           0 / 0              1 / 0              1 / 0        
[2026-06-18T14:29:19.739+0800][12.401s][info][gc,heap     ] GC(37) y: Min Capacity: 256M(100%)
[2026-06-18T14:29:19.740+0800][12.401s][info][gc,heap     ] GC(37) y: Max Capacity: 256M(100%)
[2026-06-18T14:29:19.740+0800][12.402s][info][gc,heap     ] GC(37) y: Soft Max Capacity: 256M(100%)
[2026-06-18T14:29:19.740+0800][12.402s][info][gc,heap     ] GC(37) y: Heap Statistics:
[2026-06-18T14:29:19.741+0800][12.402s][info][gc,heap     ] GC(37) y:                Mark Start          Mark End        Relocate Start      Relocate End           High               Low         
[2026-06-18T14:29:19.741+0800][12.402s][info][gc,heap     ] GC(37) y:  Capacity:      256M (100%)        256M (100%)        256M (100%)        256M (100%)        256M (100%)        256M (100%)   
[2026-06-18T14:29:19.741+0800][12.403s][info][gc,heap     ] GC(37) y:      Free:       32M (12%)          32M (12%)         150M (59%)         180M (70%)         180M (70%)          32M (12%)    
[2026-06-18T14:29:19.741+0800][12.403s][info][gc,heap     ] GC(37) y:      Used:      224M (88%)         224M (88%)         106M (41%)          76M (30%)         224M (88%)          76M (30%)    
[2026-06-18T14:29:19.742+0800][12.403s][info][gc,heap     ] GC(37) y: Young Generation Statistics:
[2026-06-18T14:29:19.742+0800][12.403s][info][gc,heap     ] GC(37) y:                Mark Start          Mark End        Relocate Start      Relocate End    
[2026-06-18T14:29:19.742+0800][12.403s][info][gc,heap     ] GC(37) y:      Used:      200M (78%)         200M (78%)          82M (32%)          52M (20%)    
[2026-06-18T14:29:19.742+0800][12.404s][info][gc,heap     ] GC(37) y:      Live:         -                31M (12%)          31M (12%)          31M (12%)    
[2026-06-18T14:29:19.742+0800][12.404s][info][gc,heap     ] GC(37) y:   Garbage:         -               168M (66%)          50M (20%)           4M (2%)     
[2026-06-18T14:29:19.743+0800][12.404s][info][gc,heap     ] GC(37) y: Allocated:         -                 0M (0%)            0M (0%)           15M (6%)     
[2026-06-18T14:29:19.743+0800][12.404s][info][gc,heap     ] GC(37) y: Reclaimed:         -                  -               118M (46%)         163M (64%)    
[2026-06-18T14:29:19.743+0800][12.405s][info][gc,heap     ] GC(37) y:  Promoted:         -                  -                 0M (0%)            0M (0%)     
[2026-06-18T14:29:19.743+0800][12.405s][info][gc,heap     ] GC(37) y: Compacted:         -                  -                  -                 8M (3%)     
[2026-06-18T14:29:19.744+0800][12.405s][info][gc,phases   ] GC(37) y: Young Generation 224M(88%)->76M(30%) 0.006s
[2026-06-18T14:29:19.744+0800][12.405s][info][gc          ] GC(37) Minor Collection (Allocation Rate) 222M(87%)->90M(35%) 0.017s
[2026-06-18T14:29:20.102+0800][12.763s][info][gc          ] GC(38) Minor Collection (Allocation Rate)
[2026-06-18T14:29:20.126+0800][12.788s][info][gc,task     ] GC(38) Using 1 Workers for Young Generation
[2026-06-18T14:29:20.233+0800][12.895s][info][gc,phases   ] GC(38) y: Young Generation
[2026-06-18T14:29:20.252+0800][12.914s][info][gc,phases   ] GC(38) y: Pause Mark Start 0.017ms
[2026-06-18T14:29:20.255+0800][12.916s][info][gc,task     ] Adjusting Workers for Young Generation: 1 -> 2
[2026-06-18T14:29:20.265+0800][12.927s][info][gc,phases   ] GC(38) y: Concurrent Mark 8.278ms
[2026-06-18T14:29:20.268+0800][12.929s][info][gc,phases   ] GC(38) y: Pause Mark End 0.013ms
[2026-06-18T14:29:20.272+0800][12.933s][info][gc,phases   ] GC(38) y: Concurrent Mark Free 0.002ms
[2026-06-18T14:29:20.275+0800][12.936s][info][gc,phases   ] GC(38) y: Concurrent Reset Relocation Set 0.003ms
[2026-06-18T14:29:20.277+0800][12.939s][info][gc,reloc    ] GC(38) y: Using tenuring threshold: 3 (Computed)
[2026-06-18T14:29:20.277+0800][12.939s][info][gc          ] Allocation Stall (main) 103.206ms
[2026-06-18T14:29:20.285+0800][12.947s][info][gc,phases   ] GC(38) y: Concurrent Select Relocation Set 7.812ms
[2026-06-18T14:29:20.298+0800][12.959s][info][gc,phases   ] GC(38) y: Pause Relocate Start 0.013ms
[2026-06-18T14:29:20.307+0800][12.969s][info][gc,phases   ] GC(38) y: Concurrent Relocate 0.933ms
[2026-06-18T14:29:20.310+0800][12.972s][info][gc,alloc    ] GC(38) y:                         Mark Start        Mark End      Relocate Start    Relocate End   
[2026-06-18T14:29:20.314+0800][12.975s][info][gc,alloc    ] GC(38) y: Allocation Stalls:          1                1                0                0         
[2026-06-18T14:29:20.317+0800][12.979s][info][gc,load     ] GC(38) y: Load: 0.55 (2%) / 0.35 (1%) / 0.31 (1%)
[2026-06-18T14:29:20.319+0800][12.981s][info][gc,mmu      ] GC(38) y: MMU: 2ms/97.5%, 5ms/98.6%, 10ms/99.3%, 20ms/99.6%, 50ms/99.8%, 100ms/99.9%
[2026-06-18T14:29:20.325+0800][12.987s][info][gc,marking  ] GC(38) y: Mark: 1 stripe(s), 1 proactive flush(es), 1 terminate flush(es), 0 completion(s), 0 continuation(s) 
[2026-06-18T14:29:20.337+0800][12.998s][info][gc,nmethod  ] GC(38) y: NMethods: 92 registered, 7 unregistered
[2026-06-18T14:29:20.344+0800][13.006s][info][gc,metaspace] GC(38) y: Metaspace: 0M used, 0M committed, 1088M reserved
[2026-06-18T14:29:20.349+0800][13.011s][info][gc,reloc    ] GC(38) y:                        Candidates     Selected     In-Place         Size        Empty    Relocated 
[2026-06-18T14:29:20.355+0800][13.016s][info][gc,reloc    ] GC(38) y: Small Pages:                   81           13            0         162M         128M           4M 
[2026-06-18T14:29:20.360+0800][13.022s][info][gc,reloc    ] GC(38) y: Medium Pages:                   7            2            0          56M          24M           3M 
[2026-06-18T14:29:20.366+0800][13.027s][info][gc,reloc    ] GC(38) y: Large Pages:                    7            0            0          14M           4M           0M 
[2026-06-18T14:29:20.369+0800][13.030s][info][gc,reloc    ] GC(38) y: Forwarding Usage: 0M
[2026-06-18T14:29:20.370+0800][13.031s][info][gc,reloc    ] GC(38) y: Age Table:
[2026-06-18T14:29:20.371+0800][13.033s][info][gc,reloc    ] GC(38) y:                    Live             Garbage             Small              Medium             Large        
[2026-06-18T14:29:20.373+0800][13.035s][info][gc,reloc    ] GC(38) y: Eden              21M (9%)          158M (62%)         76 / 13             3 / 2              2 / 0        
[2026-06-18T14:29:20.374+0800][13.036s][info][gc,reloc    ] GC(38) y: Survivor 1         2M (1%)           25M (10%)          5 / 0              2 / 0              1 / 0        
[2026-06-18T14:29:20.377+0800][13.039s][info][gc,reloc    ] GC(38) y: Survivor 2         4M (2%)            0M (0%)           0 / 0              0 / 0              2 / 0        
[2026-06-18T14:29:20.381+0800][13.042s][info][gc,reloc    ] GC(38) y: Survivor 3          -                10M (4%)           0 / 0              1 / 0              1 / 0        
[2026-06-18T14:29:20.382+0800][13.044s][info][gc,reloc    ] GC(38) y: Survivor 4          -                10M (4%)           0 / 0              1 / 0              1 / 0        
[2026-06-18T14:29:20.385+0800][13.047s][info][gc,heap     ] GC(38) y: Min Capacity: 256M(100%)
[2026-06-18T14:29:20.388+0800][13.049s][info][gc,heap     ] GC(38) y: Max Capacity: 256M(100%)
[2026-06-18T14:29:20.392+0800][13.054s][info][gc,heap     ] GC(38) y: Soft Max Capacity: 256M(100%)
[2026-06-18T14:29:20.396+0800][13.058s][info][gc,heap     ] GC(38) y: Heap Statistics:
[2026-06-18T14:29:20.401+0800][13.062s][info][gc,heap     ] GC(38) y:                Mark Start          Mark End        Relocate Start      Relocate End           High               Low         
[2026-06-18T14:29:20.403+0800][13.064s][info][gc,heap     ] GC(38) y:  Capacity:      256M (100%)        256M (100%)        256M (100%)        256M (100%)        256M (100%)        256M (100%)   
[2026-06-18T14:29:20.406+0800][13.068s][info][gc,heap     ] GC(38) y:      Free:        0M (0%)            0M (0%)          144M (56%)         174M (68%)         174M (68%)           0M (0%)     
[2026-06-18T14:29:20.407+0800][13.069s][info][gc,heap     ] GC(38) y:      Used:      256M (100%)        256M (100%)        112M (44%)          82M (32%)         256M (100%)         82M (32%)    
[2026-06-18T14:29:20.409+0800][13.070s][info][gc,heap     ] GC(38) y: Young Generation Statistics:
[2026-06-18T14:29:20.413+0800][13.074s][info][gc,heap     ] GC(38) y:                Mark Start          Mark End        Relocate Start      Relocate End    
[2026-06-18T14:29:20.414+0800][13.076s][info][gc,heap     ] GC(38) y:      Used:      232M (91%)         232M (91%)          88M (34%)          58M (23%)    
[2026-06-18T14:29:20.417+0800][13.079s][info][gc,heap     ] GC(38) y:      Live:         -                28M (11%)          28M (11%)          28M (11%)    
[2026-06-18T14:29:20.418+0800][13.079s][info][gc,heap     ] GC(38) y:   Garbage:         -               203M (79%)          47M (18%)           0M (0%)     
[2026-06-18T14:29:20.418+0800][13.080s][info][gc,heap     ] GC(38) y: Allocated:         -                 0M (0%)           12M (5%)           29M (11%)    
[2026-06-18T14:29:20.419+0800][13.080s][info][gc,heap     ] GC(38) y: Reclaimed:         -                  -               156M (61%)         203M (79%)    
[2026-06-18T14:29:20.420+0800][13.081s][info][gc,heap     ] GC(38) y:  Promoted:         -                  -                 0M (0%)            0M (0%)     
[2026-06-18T14:29:20.420+0800][13.082s][info][gc,heap     ] GC(38) y: Compacted:         -                  -                  -                10M (4%)     
[2026-06-18T14:29:20.421+0800][13.082s][info][gc,phases   ] GC(38) y: Young Generation 256M(100%)->82M(32%) 0.077s
[2026-06-18T14:29:20.421+0800][13.083s][info][gc          ] GC(38) Minor Collection (Allocation Rate) 228M(89%)->120M(47%) 0.320s
[2026-06-18T14:29:20.422+0800][13.083s][info][gc          ] GC(39) Major Collection (Proactive)
[2026-06-18T14:29:20.422+0800][13.084s][info][gc,task     ] GC(39) Using 2 Workers for Young Generation
[2026-06-18T14:29:20.422+0800][13.084s][info][gc,task     ] GC(39) Using 2 Workers for Old Generation
[2026-06-18T14:29:20.423+0800][13.084s][info][gc,phases   ] GC(39) Y: Young Generation
[2026-06-18T14:29:20.423+0800][13.084s][info][gc,phases   ] GC(39) Y: Pause Mark Start (Major) 0.012ms
[2026-06-18T14:29:20.424+0800][13.085s][info][gc,phases   ] GC(39) Y: Concurrent Mark 0.388ms
[2026-06-18T14:29:20.424+0800][13.086s][info][gc,phases   ] GC(39) Y: Pause Mark End 0.007ms
[2026-06-18T14:29:20.425+0800][13.087s][info][gc,phases   ] GC(39) Y: Concurrent Mark Free 0.002ms
[2026-06-18T14:29:20.425+0800][13.087s][info][gc,phases   ] GC(39) Y: Concurrent Reset Relocation Set 0.001ms
[2026-06-18T14:29:20.426+0800][13.087s][info][gc,reloc    ] GC(39) Y: Using tenuring threshold: 3 (Computed)
[2026-06-18T14:29:20.426+0800][13.088s][info][gc,phases   ] GC(39) Y: Concurrent Select Relocation Set 0.407ms
[2026-06-18T14:29:20.426+0800][13.088s][info][gc,phases   ] GC(39) Y: Pause Relocate Start 0.008ms
[2026-06-18T14:29:20.428+0800][13.089s][info][gc,phases   ] GC(39) Y: Concurrent Relocate 0.777ms
[2026-06-18T14:29:20.428+0800][13.089s][info][gc,alloc    ] GC(39) Y:                         Mark Start        Mark End      Relocate Start    Relocate End   
[2026-06-18T14:29:20.428+0800][13.090s][info][gc,alloc    ] GC(39) Y: Allocation Stalls:          0                0                0                0         
[2026-06-18T14:29:20.429+0800][13.090s][info][gc,load     ] GC(39) Y: Load: 0.55 (2%) / 0.35 (1%) / 0.31 (1%)
[2026-06-18T14:29:20.429+0800][13.090s][info][gc,mmu      ] GC(39) Y: MMU: 2ms/97.5%, 5ms/98.6%, 10ms/99.3%, 20ms/99.6%, 50ms/99.8%, 100ms/99.9%
[2026-06-18T14:29:20.429+0800][13.091s][info][gc,marking  ] GC(39) Y: Mark: 2 stripe(s), 1 proactive flush(es), 1 terminate flush(es), 0 completion(s), 0 continuation(s) 
[2026-06-18T14:29:20.429+0800][13.091s][info][gc,nmethod  ] GC(39) Y: NMethods: 92 registered, 7 unregistered
[2026-06-18T14:29:20.429+0800][13.091s][info][gc,metaspace] GC(39) Y: Metaspace: 0M used, 0M committed, 1088M reserved
[2026-06-18T14:29:20.430+0800][13.091s][info][gc,reloc    ] GC(39) Y:                        Candidates     Selected     In-Place         Size        Empty    Relocated 
[2026-06-18T14:29:20.430+0800][13.092s][info][gc,reloc    ] GC(39) Y: Small Pages:                   29            8            0          58M          34M           3M 
[2026-06-18T14:29:20.431+0800][13.092s][info][gc,reloc    ] GC(39) Y: Medium Pages:                   4            2            0          32M           0M           5M 
[2026-06-18T14:29:20.431+0800][13.092s][info][gc,reloc    ] GC(39) Y: Large Pages:                    5            0            0          10M           0M           0M 
[2026-06-18T14:29:20.431+0800][13.093s][info][gc,reloc    ] GC(39) Y: Forwarding Usage: 0M
[2026-06-18T14:29:20.431+0800][13.093s][info][gc,reloc    ] GC(39) Y: Age Table:
[2026-06-18T14:29:20.432+0800][13.093s][info][gc,reloc    ] GC(39) Y:                    Live             Garbage             Small              Medium             Large        
[2026-06-18T14:29:20.432+0800][13.093s][info][gc,reloc    ] GC(39) Y: Eden              10M (4%)           47M (19%)         25 / 7              1 / 0              0 / 0        
[2026-06-18T14:29:20.432+0800][13.094s][info][gc,reloc    ] GC(39) Y: Survivor 1        12M (5%)           15M (6%)           4 / 1              2 / 2              2 / 0        
[2026-06-18T14:29:20.433+0800][13.094s][info][gc,reloc    ] GC(39) Y: Survivor 2         2M (1%)            7M (3%)           0 / 0              1 / 0              1 / 0        
[2026-06-18T14:29:20.433+0800][13.094s][info][gc,reloc    ] GC(39) Y: Survivor 3         4M (2%)            0M (0%)           0 / 0              0 / 0              2 / 0        
[2026-06-18T14:29:20.433+0800][13.095s][info][gc,heap     ] GC(39) Y: Min Capacity: 256M(100%)
[2026-06-18T14:29:20.433+0800][13.095s][info][gc,heap     ] GC(39) Y: Max Capacity: 256M(100%)
[2026-06-18T14:29:20.433+0800][13.095s][info][gc,heap     ] GC(39) Y: Soft Max Capacity: 256M(100%)
[2026-06-18T14:29:20.434+0800][13.095s][info][gc,heap     ] GC(39) Y: Heap Statistics:
[2026-06-18T14:29:20.434+0800][13.095s][info][gc,heap     ] GC(39) Y:                Mark Start          Mark End        Relocate Start      Relocate End           High               Low         
[2026-06-18T14:29:20.434+0800][13.096s][info][gc,heap     ] GC(39) Y:  Capacity:      256M (100%)        256M (100%)        256M (100%)        256M (100%)        256M (100%)        256M (100%)   
[2026-06-18T14:29:20.435+0800][13.096s][info][gc,heap     ] GC(39) Y:      Free:      132M (52%)         132M (52%)         166M (65%)         188M (73%)         188M (73%)         132M (52%)    
[2026-06-18T14:29:20.435+0800][13.096s][info][gc,heap     ] GC(39) Y:      Used:      124M (48%)         124M (48%)          90M (35%)          68M (27%)         124M (48%)          68M (27%)    
[2026-06-18T14:29:20.435+0800][13.096s][info][gc,heap     ] GC(39) Y: Young Generation Statistics:
[2026-06-18T14:29:20.435+0800][13.097s][info][gc,heap     ] GC(39) Y:                Mark Start          Mark End        Relocate Start      Relocate End    
[2026-06-18T14:29:20.435+0800][13.097s][info][gc,heap     ] GC(39) Y:      Used:      100M (39%)         100M (39%)          62M (24%)          40M (16%)    
[2026-06-18T14:29:20.436+0800][13.097s][info][gc,heap     ] GC(39) Y:      Live:         -                29M (11%)          25M (10%)          25M (10%)    
[2026-06-18T14:29:20.436+0800][13.098s][info][gc,heap     ] GC(39) Y:   Garbage:         -                70M (28%)          36M (14%)           2M (1%)     
[2026-06-18T14:29:20.436+0800][13.098s][info][gc,heap     ] GC(39) Y: Allocated:         -                 0M (0%)            0M (0%)           12M (5%)     
[2026-06-18T14:29:20.437+0800][13.098s][info][gc,heap     ] GC(39) Y: Reclaimed:         -                  -                34M (13%)          68M (27%)    
[2026-06-18T14:29:20.437+0800][13.099s][info][gc,heap     ] GC(39) Y:  Promoted:         -                  -                 4M (2%)            4M (2%)     
[2026-06-18T14:29:20.437+0800][13.099s][info][gc,heap     ] GC(39) Y: Compacted:         -                  -                  -                11M (5%)     
[2026-06-18T14:29:20.438+0800][13.099s][info][gc,phases   ] GC(39) Y: Young Generation 124M(48%)->68M(27%) 0.005s
[2026-06-18T14:29:20.438+0800][13.100s][info][gc,phases   ] GC(39) O: Old Generation
[2026-06-18T14:29:20.439+0800][13.101s][info][gc,phases   ] GC(39) O: Concurrent Mark 0.723ms
[2026-06-18T14:29:20.439+0800][13.101s][info][gc,phases   ] GC(39) O: Pause Mark End 0.010ms
[2026-06-18T14:29:20.440+0800][13.101s][info][gc,phases   ] GC(39) O: Concurrent Mark Free 0.002ms
[2026-06-18T14:29:20.442+0800][13.103s][info][gc,phases   ] GC(39) O: Concurrent Process Non-Strong 0.330ms
[2026-06-18T14:29:20.445+0800][13.106s][info][gc,phases   ] GC(39) O: Concurrent Reset Relocation Set 0.001ms
[2026-06-18T14:29:20.447+0800][13.109s][info][gc,phases   ] GC(39) O: Concurrent Select Relocation Set 0.112ms
[2026-06-18T14:29:20.449+0800][13.110s][info][gc,task     ] GC(39) O: Using 2 Workers for Old Generation
[2026-06-18T14:29:20.451+0800][13.113s][info][gc,task     ] GC(39) O: Using 2 Workers for Old Generation
[2026-06-18T14:29:20.456+0800][13.118s][info][gc,phases   ] GC(39) O: Concurrent Remap Roots 7.765ms
[2026-06-18T14:29:20.458+0800][13.119s][info][gc,phases   ] GC(39) O: Pause Relocate Start 0.011ms
[2026-06-18T14:29:20.460+0800][13.121s][info][gc,phases   ] GC(39) O: Concurrent Relocate 0.070ms
[2026-06-18T14:29:20.462+0800][13.124s][info][gc,alloc    ] GC(39) O:                         Mark Start        Mark End      Relocate Start    Relocate End   
[2026-06-18T14:29:20.463+0800][13.124s][info][gc,alloc    ] GC(39) O: Allocation Stalls:          0                0                0                0         
[2026-06-18T14:29:20.463+0800][13.125s][info][gc,load     ] GC(39) O: Load: 0.55 (2%) / 0.35 (1%) / 0.31 (1%)
[2026-06-18T14:29:20.464+0800][13.125s][info][gc,mmu      ] GC(39) O: MMU: 2ms/97.5%, 5ms/98.6%, 10ms/99.3%, 20ms/99.6%, 50ms/99.8%, 100ms/99.9%
[2026-06-18T14:29:20.464+0800][13.125s][info][gc,marking  ] GC(39) O: Mark: 2 stripe(s), 2 proactive flush(es), 1 terminate flush(es), 0 completion(s), 0 continuation(s) 
[2026-06-18T14:29:20.464+0800][13.126s][info][gc,nmethod  ] GC(39) O: NMethods: 92 registered, 7 unregistered
[2026-06-18T14:29:20.465+0800][13.126s][info][gc,metaspace] GC(39) O: Metaspace: 0M used, 0M committed, 1088M reserved
[2026-06-18T14:29:20.465+0800][13.127s][info][gc,ref      ] GC(39) O:                       Encountered   Discovered     Enqueued 
[2026-06-18T14:29:20.466+0800][13.127s][info][gc,ref      ] GC(39) O: Soft References:                2            0            0 
[2026-06-18T14:29:20.466+0800][13.127s][info][gc,ref      ] GC(39) O: Weak References:                6            0            0 
[2026-06-18T14:29:20.466+0800][13.128s][info][gc,ref      ] GC(39) O: Final References:               0            0            0 
[2026-06-18T14:29:20.466+0800][13.128s][info][gc,ref      ] GC(39) O: Phantom References:             1            1            0 
[2026-06-18T14:29:20.467+0800][13.128s][info][gc,reloc    ] GC(39) O:                        Candidates     Selected     In-Place         Size        Empty    Relocated 
[2026-06-18T14:29:20.467+0800][13.129s][info][gc,reloc    ] GC(39) O: Small Pages:                    1            0            0           2M           0M           0M 
[2026-06-18T14:29:20.467+0800][13.129s][info][gc,reloc    ] GC(39) O: Medium Pages:                   2            0            0          16M          16M           0M 
[2026-06-18T14:29:20.467+0800][13.129s][info][gc,reloc    ] GC(39) O: Large Pages:                    3            0            0           6M           6M           0M 
[2026-06-18T14:29:20.468+0800][13.129s][info][gc,reloc    ] GC(39) O: Forwarding Usage: 0M
[2026-06-18T14:29:20.468+0800][13.129s][info][gc,heap     ] GC(39) O: Min Capacity: 256M(100%)
[2026-06-18T14:29:20.468+0800][13.130s][info][gc,heap     ] GC(39) O: Max Capacity: 256M(100%)
[2026-06-18T14:29:20.468+0800][13.130s][info][gc,heap     ] GC(39) O: Soft Max Capacity: 256M(100%)
[2026-06-18T14:29:20.469+0800][13.130s][info][gc,heap     ] GC(39) O: Heap Statistics:
[2026-06-18T14:29:20.469+0800][13.130s][info][gc,heap     ] GC(39) O:                Mark Start          Mark End        Relocate Start      Relocate End           High               Low         
[2026-06-18T14:29:20.469+0800][13.131s][info][gc,heap     ] GC(39) O:  Capacity:      256M (100%)        256M (100%)        256M (100%)        256M (100%)        256M (100%)        256M (100%)   
[2026-06-18T14:29:20.469+0800][13.131s][info][gc,heap     ] GC(39) O:      Free:      132M (52%)         184M (72%)         190M (74%)         190M (74%)         202M (79%)         132M (52%)    
[2026-06-18T14:29:20.470+0800][13.131s][info][gc,heap     ] GC(39) O:      Used:      124M (48%)          72M (28%)          66M (26%)          66M (26%)         124M (48%)          54M (21%)    
[2026-06-18T14:29:20.470+0800][13.131s][info][gc,heap     ] GC(39) O: Old Generation Statistics:
[2026-06-18T14:29:20.470+0800][13.131s][info][gc,heap     ] GC(39) O:                Mark Start          Mark End        Relocate Start      Relocate End    
[2026-06-18T14:29:20.470+0800][13.132s][info][gc,heap     ] GC(39) O:      Used:       24M (9%)           28M (11%)           6M (2%)            6M (2%)     
[2026-06-18T14:29:20.471+0800][13.132s][info][gc,heap     ] GC(39) O:      Live:         -                 0M (0%)            0M (0%)            0M (0%)     
[2026-06-18T14:29:20.472+0800][13.134s][info][gc,heap     ] GC(39) O:   Garbage:         -                23M (9%)            1M (1%)            1M (1%)     
[2026-06-18T14:29:20.476+0800][13.137s][info][gc,heap     ] GC(39) O: Allocated:         -                 4M (2%)            4M (2%)            4M (2%)     
[2026-06-18T14:29:20.478+0800][13.139s][info][gc,heap     ] GC(39) O: Reclaimed:         -                  -                22M (9%)           22M (9%)     
[2026-06-18T14:29:20.479+0800][13.141s][info][gc,heap     ] GC(39) O: Compacted:         -                  -                  -                 0M (0%)     
[2026-06-18T14:29:20.483+0800][13.145s][info][gc,phases   ] GC(39) O: Old Generation 72M(28%)->66M(26%) 0.024s
[2026-06-18T14:29:20.486+0800][13.148s][info][gc          ] GC(39) Major Collection (Proactive) 122M(48%)->80M(31%) 0.065s
[2026-06-18T14:29:20.704+0800][13.366s][info][gc          ] GC(40) Minor Collection (Allocation Rate)
[2026-06-18T14:29:20.705+0800][13.367s][info][gc,task     ] GC(40) Using 1 Workers for Young Generation
[2026-06-18T14:29:20.706+0800][13.368s][info][gc,phases   ] GC(40) y: Young Generation
[2026-06-18T14:29:20.710+0800][13.372s][info][gc,phases   ] GC(40) y: Pause Mark Start 0.016ms
[2026-06-18T14:29:20.712+0800][13.373s][info][gc,phases   ] GC(40) y: Concurrent Mark 0.414ms
[2026-06-18T14:29:20.713+0800][13.374s][info][gc,phases   ] GC(40) y: Pause Mark End 0.007ms
[2026-06-18T14:29:20.713+0800][13.375s][info][gc,phases   ] GC(40) y: Concurrent Mark Free 0.001ms
[2026-06-18T14:29:20.715+0800][13.376s][info][gc,phases   ] GC(40) y: Concurrent Reset Relocation Set 0.003ms
[2026-06-18T14:29:20.716+0800][13.378s][info][gc,reloc    ] GC(40) y: Using tenuring threshold: 2 (Computed)
[2026-06-18T14:29:20.717+0800][13.379s][info][gc,phases   ] GC(40) y: Concurrent Select Relocation Set 1.229ms
[2026-06-18T14:29:20.719+0800][13.380s][info][gc,phases   ] GC(40) y: Pause Relocate Start 0.008ms
[2026-06-18T14:29:20.721+0800][13.382s][info][gc,phases   ] GC(40) y: Concurrent Relocate 1.249ms
[2026-06-18T14:29:20.722+0800][13.383s][info][gc,alloc    ] GC(40) y:                         Mark Start        Mark End      Relocate Start    Relocate End   
[2026-06-18T14:29:20.723+0800][13.384s][info][gc,alloc    ] GC(40) y: Allocation Stalls:          0                0                0                0         
[2026-06-18T14:29:20.723+0800][13.385s][info][gc,load     ] GC(40) y: Load: 0.55 (2%) / 0.35 (1%) / 0.31 (1%)
[2026-06-18T14:29:20.724+0800][13.386s][info][gc,mmu      ] GC(40) y: MMU: 2ms/97.5%, 5ms/98.6%, 10ms/99.3%, 20ms/99.6%, 50ms/99.8%, 100ms/99.9%
[2026-06-18T14:29:20.725+0800][13.387s][info][gc,marking  ] GC(40) y: Mark: 1 stripe(s), 1 proactive flush(es), 1 terminate flush(es), 0 completion(s), 0 continuation(s) 
[2026-06-18T14:29:20.726+0800][13.387s][info][gc,nmethod  ] GC(40) y: NMethods: 92 registered, 7 unregistered
[2026-06-18T14:29:20.726+0800][13.388s][info][gc,metaspace] GC(40) y: Metaspace: 0M used, 0M committed, 1088M reserved
[2026-06-18T14:29:20.727+0800][13.389s][info][gc,reloc    ] GC(40) y:                        Candidates     Selected     In-Place         Size        Empty    Relocated 
[2026-06-18T14:29:20.728+0800][13.390s][info][gc,reloc    ] GC(40) y: Small Pages:                   55           12            0         110M          78M           4M 
[2026-06-18T14:29:20.729+0800][13.391s][info][gc,reloc    ] GC(40) y: Medium Pages:                   5            2            0          40M           8M           3M 
[2026-06-18T14:29:20.730+0800][13.391s][info][gc,reloc    ] GC(40) y: Large Pages:                    5            0            0          10M           0M           0M 
[2026-06-18T14:29:20.731+0800][13.392s][info][gc,reloc    ] GC(40) y: Forwarding Usage: 0M
[2026-06-18T14:29:20.731+0800][13.393s][info][gc,reloc    ] GC(40) y: Age Table:
[2026-06-18T14:29:20.732+0800][13.394s][info][gc,reloc    ] GC(40) y:                    Live             Garbage             Small              Medium             Large        
[2026-06-18T14:29:20.733+0800][13.394s][info][gc,reloc    ] GC(40) y: Eden              19M (8%)          100M (39%)         50 / 12             2 / 1              2 / 0        
[2026-06-18T14:29:20.734+0800][13.395s][info][gc,reloc    ] GC(40) y: Survivor 1         0M (0%)           11M (4%)           2 / 0              1 / 1              0 / 0        
[2026-06-18T14:29:20.734+0800][13.396s][info][gc,reloc    ] GC(40) y: Survivor 2         4M (2%)           14M (5%)           3 / 0              1 / 0              2 / 0        
[2026-06-18T14:29:20.735+0800][13.397s][info][gc,reloc    ] GC(40) y: Survivor 3         2M (1%)            7M (3%)           0 / 0              1 / 0              1 / 0        
[2026-06-18T14:29:20.736+0800][13.397s][info][gc,heap     ] GC(40) y: Min Capacity: 256M(100%)
[2026-06-18T14:29:20.737+0800][13.398s][info][gc,heap     ] GC(40) y: Max Capacity: 256M(100%)
[2026-06-18T14:29:20.737+0800][13.399s][info][gc,heap     ] GC(40) y: Soft Max Capacity: 256M(100%)
[2026-06-18T14:29:20.738+0800][13.399s][info][gc,heap     ] GC(40) y: Heap Statistics:
[2026-06-18T14:29:20.739+0800][13.400s][info][gc,heap     ] GC(40) y:                Mark Start          Mark End        Relocate Start      Relocate End           High               Low         
[2026-06-18T14:29:20.739+0800][13.401s][info][gc,heap     ] GC(40) y:  Capacity:      256M (100%)        256M (100%)        256M (100%)        256M (100%)        256M (100%)        256M (100%)   
[2026-06-18T14:29:20.740+0800][13.402s][info][gc,heap     ] GC(40) y:      Free:       90M (35%)          90M (35%)         172M (67%)         196M (77%)         196M (77%)          86M (34%)    
[2026-06-18T14:29:20.741+0800][13.403s][info][gc,heap     ] GC(40) y:      Used:      166M (65%)         166M (65%)          84M (33%)          60M (23%)         170M (66%)          60M (23%)    
[2026-06-18T14:29:20.742+0800][13.403s][info][gc,heap     ] GC(40) y: Young Generation Statistics:
[2026-06-18T14:29:20.743+0800][13.404s][info][gc,heap     ] GC(40) y:                Mark Start          Mark End        Relocate Start      Relocate End    
[2026-06-18T14:29:20.743+0800][13.405s][info][gc,heap     ] GC(40) y:      Used:      160M (62%)         160M (62%)          72M (28%)          40M (16%)    
[2026-06-18T14:29:20.744+0800][13.406s][info][gc,heap     ] GC(40) y:      Live:         -                27M (11%)          21M (8%)           20M (8%)     
[2026-06-18T14:29:20.745+0800][13.406s][info][gc,heap     ] GC(40) y:   Garbage:         -               132M (52%)          46M (18%)           1M (0%)     
[2026-06-18T14:29:20.745+0800][13.407s][info][gc,heap     ] GC(40) y: Allocated:         -                 0M (0%)            4M (2%)           18M (7%)     
[2026-06-18T14:29:20.746+0800][13.408s][info][gc,heap     ] GC(40) y: Reclaimed:         -                  -                86M (34%)         131M (51%)    
[2026-06-18T14:29:20.747+0800][13.408s][info][gc,heap     ] GC(40) y:  Promoted:         -                  -                 6M (2%)            6M (3%)     
[2026-06-18T14:29:20.747+0800][13.409s][info][gc,heap     ] GC(40) y: Compacted:         -                  -                  -                 9M (4%)     
[2026-06-18T14:29:20.748+0800][13.409s][info][gc,phases   ] GC(40) y: Young Generation 166M(65%)->60M(23%) 0.015s
[2026-06-18T14:29:20.749+0800][13.410s][info][gc          ] GC(40) Minor Collection (Allocation Rate) 166M(65%)->80M(31%) 0.045s
[2026-06-18T14:29:21.017+0800][13.679s][info][gc          ] GC(41) Minor Collection (Allocation Rate)
[2026-06-18T14:29:21.018+0800][13.680s][info][gc,task     ] GC(41) Using 1 Workers for Young Generation
[2026-06-18T14:29:21.019+0800][13.680s][info][gc,phases   ] GC(41) y: Young Generation
[2026-06-18T14:29:21.019+0800][13.681s][info][gc,phases   ] GC(41) y: Pause Mark Start 0.010ms
[2026-06-18T14:29:21.020+0800][13.682s][info][gc,phases   ] GC(41) y: Concurrent Mark 0.389ms
[2026-06-18T14:29:21.021+0800][13.683s][info][gc,phases   ] GC(41) y: Pause Mark End 0.007ms
[2026-06-18T14:29:21.021+0800][13.683s][info][gc,phases   ] GC(41) y: Concurrent Mark Free 0.002ms
[2026-06-18T14:29:21.022+0800][13.683s][info][gc,phases   ] GC(41) y: Concurrent Reset Relocation Set 0.003ms
[2026-06-18T14:29:21.022+0800][13.684s][info][gc,reloc    ] GC(41) y: Using tenuring threshold: 3 (Computed)
[2026-06-18T14:29:21.023+0800][13.685s][info][gc,phases   ] GC(41) y: Concurrent Select Relocation Set 0.816ms
[2026-06-18T14:29:21.024+0800][13.685s][info][gc,phases   ] GC(41) y: Pause Relocate Start 0.007ms
[2026-06-18T14:29:21.025+0800][13.687s][info][gc,phases   ] GC(41) y: Concurrent Relocate 1.279ms
[2026-06-18T14:29:21.026+0800][13.687s][info][gc,alloc    ] GC(41) y:                         Mark Start        Mark End      Relocate Start    Relocate End   
[2026-06-18T14:29:21.026+0800][13.688s][info][gc,alloc    ] GC(41) y: Allocation Stalls:          0                0                0                0         
[2026-06-18T14:29:21.027+0800][13.688s][info][gc,load     ] GC(41) y: Load: 0.55 (2%) / 0.35 (1%) / 0.31 (1%)
[2026-06-18T14:29:21.027+0800][13.688s][info][gc,mmu      ] GC(41) y: MMU: 2ms/97.5%, 5ms/98.6%, 10ms/99.3%, 20ms/99.6%, 50ms/99.8%, 100ms/99.9%
[2026-06-18T14:29:21.027+0800][13.689s][info][gc,marking  ] GC(41) y: Mark: 1 stripe(s), 1 proactive flush(es), 1 terminate flush(es), 0 completion(s), 0 continuation(s) 
[2026-06-18T14:29:21.027+0800][13.689s][info][gc,nmethod  ] GC(41) y: NMethods: 92 registered, 7 unregistered
[2026-06-18T14:29:21.028+0800][13.689s][info][gc,metaspace] GC(41) y: Metaspace: 0M used, 0M committed, 1088M reserved
[2026-06-18T14:29:21.028+0800][13.689s][info][gc,reloc    ] GC(41) y:                        Candidates     Selected     In-Place         Size        Empty    Relocated 
[2026-06-18T14:29:21.028+0800][13.690s][info][gc,reloc    ] GC(41) y: Small Pages:                   60            9            0         120M          94M           4M 
[2026-06-18T14:29:21.028+0800][13.690s][info][gc,reloc    ] GC(41) y: Medium Pages:                   5            1            0          40M          16M           3M 
[2026-06-18T14:29:21.029+0800][13.690s][info][gc,reloc    ] GC(41) y: Large Pages:                    3            0            0           6M           0M           0M 
[2026-06-18T14:29:21.029+0800][13.691s][info][gc,reloc    ] GC(41) y: Forwarding Usage: 0M
[2026-06-18T14:29:21.029+0800][13.691s][info][gc,reloc    ] GC(41) y: Age Table:
[2026-06-18T14:29:21.030+0800][13.691s][info][gc,reloc    ] GC(41) y:                    Live             Garbage             Small              Medium             Large        
[2026-06-18T14:29:21.030+0800][13.692s][info][gc,reloc    ] GC(41) y: Eden              17M (7%)          112M (44%)         56 / 9              2 / 1              1 / 0        
[2026-06-18T14:29:21.030+0800][13.692s][info][gc,reloc    ] GC(41) y: Survivor 1         4M (2%)           24M (9%)           4 / 0              2 / 0              2 / 0        
[2026-06-18T14:29:21.031+0800][13.692s][info][gc,reloc    ] GC(41) y: Survivor 2         0M (0%)            7M (3%)           0 / 0              1 / 0              0 / 0        
[2026-06-18T14:29:21.031+0800][13.692s][info][gc,heap     ] GC(41) y: Min Capacity: 256M(100%)
[2026-06-18T14:29:21.031+0800][13.693s][info][gc,heap     ] GC(41) y: Max Capacity: 256M(100%)
[2026-06-18T14:29:21.031+0800][13.693s][info][gc,heap     ] GC(41) y: Soft Max Capacity: 256M(100%)
[2026-06-18T14:29:21.032+0800][13.693s][info][gc,heap     ] GC(41) y: Heap Statistics:
[2026-06-18T14:29:21.032+0800][13.694s][info][gc,heap     ] GC(41) y:                Mark Start          Mark End        Relocate Start      Relocate End           High               Low         
[2026-06-18T14:29:21.032+0800][13.694s][info][gc,heap     ] GC(41) y:  Capacity:      256M (100%)        256M (100%)        256M (100%)        256M (100%)        256M (100%)        256M (100%)   
[2026-06-18T14:29:21.032+0800][13.694s][info][gc,heap     ] GC(41) y:      Free:       70M (27%)          70M (27%)         180M (70%)         198M (77%)         198M (77%)          70M (27%)    
[2026-06-18T14:29:21.033+0800][13.694s][info][gc,heap     ] GC(41) y:      Used:      186M (73%)         186M (73%)          76M (30%)          58M (23%)         186M (73%)          58M (23%)    
[2026-06-18T14:29:21.033+0800][13.695s][info][gc,heap     ] GC(41) y: Young Generation Statistics:
[2026-06-18T14:29:21.033+0800][13.695s][info][gc,heap     ] GC(41) y:                Mark Start          Mark End        Relocate Start      Relocate End    
[2026-06-18T14:29:21.033+0800][13.695s][info][gc,heap     ] GC(41) y:      Used:      166M (65%)         166M (65%)          56M (22%)          38M (15%)    
[2026-06-18T14:29:21.034+0800][13.695s][info][gc,heap     ] GC(41) y:      Live:         -                22M (9%)           22M (9%)           22M (9%)     
[2026-06-18T14:29:21.034+0800][13.695s][info][gc,heap     ] GC(41) y:   Garbage:         -               143M (56%)          33M (13%)           2M (1%)     
[2026-06-18T14:29:21.034+0800][13.696s][info][gc,heap     ] GC(41) y: Allocated:         -                 0M (0%)            0M (0%)           12M (5%)     
[2026-06-18T14:29:21.035+0800][13.696s][info][gc,heap     ] GC(41) y: Reclaimed:         -                  -               110M (43%)         140M (55%)    
[2026-06-18T14:29:21.035+0800][13.697s][info][gc,heap     ] GC(41) y:  Promoted:         -                  -                 0M (0%)            0M (0%)     
[2026-06-18T14:29:21.035+0800][13.697s][info][gc,heap     ] GC(41) y: Compacted:         -                  -                  -                11M (4%)     
[2026-06-18T14:29:21.036+0800][13.697s][info][gc,phases   ] GC(41) y: Young Generation 186M(73%)->58M(23%) 0.007s
[2026-06-18T14:29:21.036+0800][13.698s][info][gc          ] GC(41) Minor Collection (Allocation Rate) 184M(72%)->62M(24%) 0.019s
[2026-06-18T14:29:21.414+0800][14.075s][info][gc          ] GC(42) Minor Collection (Allocation Rate)
[2026-06-18T14:29:21.414+0800][14.076s][info][gc,task     ] GC(42) Using 1 Workers for Young Generation
[2026-06-18T14:29:21.415+0800][14.077s][info][gc,phases   ] GC(42) y: Young Generation
[2026-06-18T14:29:21.416+0800][14.077s][info][gc,phases   ] GC(42) y: Pause Mark Start 0.011ms
[2026-06-18T14:29:21.417+0800][14.078s][info][gc,phases   ] GC(42) y: Concurrent Mark 0.496ms
[2026-06-18T14:29:21.417+0800][14.079s][info][gc,phases   ] GC(42) y: Pause Mark End 0.007ms
[2026-06-18T14:29:21.418+0800][14.079s][info][gc,phases   ] GC(42) y: Concurrent Mark Free 0.001ms
[2026-06-18T14:29:21.419+0800][14.080s][info][gc,phases   ] GC(42) y: Concurrent Reset Relocation Set 0.003ms
[2026-06-18T14:29:21.419+0800][14.081s][info][gc,reloc    ] GC(42) y: Using tenuring threshold: 4 (Computed)
[2026-06-18T14:29:21.420+0800][14.081s][info][gc,phases   ] GC(42) y: Concurrent Select Relocation Set 0.513ms
[2026-06-18T14:29:21.420+0800][14.082s][info][gc,phases   ] GC(42) y: Pause Relocate Start 0.008ms
[2026-06-18T14:29:21.422+0800][14.083s][info][gc,phases   ] GC(42) y: Concurrent Relocate 1.244ms
[2026-06-18T14:29:21.423+0800][14.084s][info][gc,alloc    ] GC(42) y:                         Mark Start        Mark End      Relocate Start    Relocate End   
[2026-06-18T14:29:21.424+0800][14.085s][info][gc,alloc    ] GC(42) y: Allocation Stalls:          0                0                0                0         
[2026-06-18T14:29:21.425+0800][14.087s][info][gc,load     ] GC(42) y: Load: 0.55 (2%) / 0.35 (1%) / 0.31 (1%)
[2026-06-18T14:29:21.426+0800][14.087s][info][gc,mmu      ] GC(42) y: MMU: 2ms/97.5%, 5ms/98.6%, 10ms/99.3%, 20ms/99.6%, 50ms/99.8%, 100ms/99.9%
[2026-06-18T14:29:21.427+0800][14.088s][info][gc,marking  ] GC(42) y: Mark: 1 stripe(s), 1 proactive flush(es), 1 terminate flush(es), 0 completion(s), 0 continuation(s) 
[2026-06-18T14:29:21.433+0800][14.094s][info][gc,nmethod  ] GC(42) y: NMethods: 92 registered, 7 unregistered
[2026-06-18T14:29:21.435+0800][14.096s][info][gc,metaspace] GC(42) y: Metaspace: 0M used, 0M committed, 1088M reserved
[2026-06-18T14:29:21.437+0800][14.098s][info][gc,reloc    ] GC(42) y:                        Candidates     Selected     In-Place         Size        Empty    Relocated 
[2026-06-18T14:29:21.441+0800][14.102s][info][gc,reloc    ] GC(42) y: Small Pages:                   73           14            0         146M         110M           4M 
[2026-06-18T14:29:21.445+0800][14.107s][info][gc,reloc    ] GC(42) y: Medium Pages:                   5            2            0          40M           8M           5M 
[2026-06-18T14:29:21.447+0800][14.108s][info][gc,reloc    ] GC(42) y: Large Pages:                    5            0            0          10M           0M           0M 
[2026-06-18T14:29:21.448+0800][14.110s][info][gc,reloc    ] GC(42) y: Forwarding Usage: 0M
[2026-06-18T14:29:21.449+0800][14.110s][info][gc,reloc    ] GC(42) y: Age Table:
[2026-06-18T14:29:21.449+0800][14.111s][info][gc,reloc    ] GC(42) y:                    Live             Garbage             Small              Medium             Large        
[2026-06-18T14:29:21.450+0800][14.111s][info][gc,reloc    ] GC(42) y: Eden              23M (9%)          134M (53%)         69 / 14             2 / 1              2 / 0        
[2026-06-18T14:29:21.450+0800][14.112s][info][gc,reloc    ] GC(42) y: Survivor 1         2M (1%)           23M (9%)           4 / 0              2 / 1              1 / 0        
[2026-06-18T14:29:21.450+0800][14.112s][info][gc,reloc    ] GC(42) y: Survivor 2         4M (2%)            0M (0%)           0 / 0              0 / 0              2 / 0        
[2026-06-18T14:29:21.451+0800][14.112s][info][gc,reloc    ] GC(42) y: Survivor 3         0M (0%)            7M (3%)           0 / 0              1 / 0              0 / 0        
[2026-06-18T14:29:21.451+0800][14.113s][info][gc,heap     ] GC(42) y: Min Capacity: 256M(100%)
[2026-06-18T14:29:21.451+0800][14.113s][info][gc,heap     ] GC(42) y: Max Capacity: 256M(100%)
[2026-06-18T14:29:21.452+0800][14.113s][info][gc,heap     ] GC(42) y: Soft Max Capacity: 256M(100%)
[2026-06-18T14:29:21.452+0800][14.113s][info][gc,heap     ] GC(42) y: Heap Statistics:
[2026-06-18T14:29:21.452+0800][14.114s][info][gc,heap     ] GC(42) y:                Mark Start          Mark End        Relocate Start      Relocate End           High               Low         
[2026-06-18T14:29:21.452+0800][14.114s][info][gc,heap     ] GC(42) y:  Capacity:      256M (100%)        256M (100%)        256M (100%)        256M (100%)        256M (100%)        256M (100%)   
[2026-06-18T14:29:21.453+0800][14.114s][info][gc,heap     ] GC(42) y:      Free:       40M (16%)          40M (16%)         158M (62%)         186M (73%)         186M (73%)          40M (16%)    
[2026-06-18T14:29:21.453+0800][14.115s][info][gc,heap     ] GC(42) y:      Used:      216M (84%)         216M (84%)          98M (38%)          70M (27%)         216M (84%)          70M (27%)    
[2026-06-18T14:29:21.453+0800][14.115s][info][gc,heap     ] GC(42) y: Young Generation Statistics:
[2026-06-18T14:29:21.454+0800][14.115s][info][gc,heap     ] GC(42) y:                Mark Start          Mark End        Relocate Start      Relocate End    
[2026-06-18T14:29:21.454+0800][14.116s][info][gc,heap     ] GC(42) y:      Used:      196M (77%)         196M (77%)          78M (30%)          50M (20%)    
[2026-06-18T14:29:21.456+0800][14.118s][info][gc,heap     ] GC(42) y:      Live:         -                30M (12%)          30M (12%)          30M (12%)    
[2026-06-18T14:29:21.456+0800][14.118s][info][gc,heap     ] GC(42) y:   Garbage:         -               165M (64%)          47M (18%)           0M (0%)     
[2026-06-18T14:29:21.457+0800][14.118s][info][gc,heap     ] GC(42) y: Allocated:         -                 0M (0%)            0M (0%)           18M (7%)     
[2026-06-18T14:29:21.457+0800][14.118s][info][gc,heap     ] GC(42) y: Reclaimed:         -                  -               118M (46%)         164M (64%)    
[2026-06-18T14:29:21.457+0800][14.119s][info][gc,heap     ] GC(42) y:  Promoted:         -                  -                 0M (0%)            0M (0%)     
[2026-06-18T14:29:21.458+0800][14.119s][info][gc,heap     ] GC(42) y: Compacted:         -                  -                  -                13M (5%)     
[2026-06-18T14:29:21.458+0800][14.119s][info][gc,phases   ] GC(42) y: Young Generation 216M(84%)->70M(27%) 0.008s
[2026-06-18T14:29:21.458+0800][14.120s][info][gc          ] GC(42) Minor Collection (Allocation Rate) 216M(84%)->94M(37%) 0.044s
[2026-06-18T14:29:21.799+0800][14.461s][info][gc          ] GC(43) Minor Collection (Allocation Rate)
[2026-06-18T14:29:21.800+0800][14.462s][info][gc,task     ] GC(43) Using 2 Workers for Young Generation
[2026-06-18T14:29:21.801+0800][14.462s][info][gc,phases   ] GC(43) y: Young Generation
[2026-06-18T14:29:21.801+0800][14.463s][info][gc,phases   ] GC(43) y: Pause Mark Start 0.012ms
[2026-06-18T14:29:21.802+0800][14.464s][info][gc,phases   ] GC(43) y: Concurrent Mark 0.482ms
[2026-06-18T14:29:21.803+0800][14.465s][info][gc,phases   ] GC(43) y: Pause Mark End 0.012ms
[2026-06-18T14:29:21.804+0800][14.465s][info][gc,phases   ] GC(43) y: Concurrent Mark Free 0.001ms
[2026-06-18T14:29:21.804+0800][14.465s][info][gc,phases   ] GC(43) y: Concurrent Reset Relocation Set 0.002ms
[2026-06-18T14:29:21.805+0800][14.466s][info][gc,reloc    ] GC(43) y: Using tenuring threshold: 5 (Computed)
[2026-06-18T14:29:21.805+0800][14.467s][info][gc,phases   ] GC(43) y: Concurrent Select Relocation Set 0.473ms
[2026-06-18T14:29:21.805+0800][14.467s][info][gc,phases   ] GC(43) y: Pause Relocate Start 0.005ms
[2026-06-18T14:29:21.806+0800][14.468s][info][gc,phases   ] GC(43) y: Concurrent Relocate 0.744ms
[2026-06-18T14:29:21.807+0800][14.468s][info][gc,alloc    ] GC(43) y:                         Mark Start        Mark End      Relocate Start    Relocate End   
[2026-06-18T14:29:21.807+0800][14.468s][info][gc,alloc    ] GC(43) y: Allocation Stalls:          0                0                0                0         
[2026-06-18T14:29:21.807+0800][14.469s][info][gc,load     ] GC(43) y: Load: 0.55 (2%) / 0.35 (1%) / 0.31 (1%)
[2026-06-18T14:29:21.808+0800][14.470s][info][gc,mmu      ] GC(43) y: MMU: 2ms/97.5%, 5ms/98.6%, 10ms/99.3%, 20ms/99.6%, 50ms/99.8%, 100ms/99.9%
[2026-06-18T14:29:21.809+0800][14.470s][info][gc,marking  ] GC(43) y: Mark: 2 stripe(s), 1 proactive flush(es), 1 terminate flush(es), 0 completion(s), 0 continuation(s) 
[2026-06-18T14:29:21.809+0800][14.470s][info][gc,nmethod  ] GC(43) y: NMethods: 92 registered, 7 unregistered
[2026-06-18T14:29:21.809+0800][14.471s][info][gc,metaspace] GC(43) y: Metaspace: 0M used, 0M committed, 1088M reserved
[2026-06-18T14:29:21.810+0800][14.471s][info][gc,reloc    ] GC(43) y:                        Candidates     Selected     In-Place         Size        Empty    Relocated 
[2026-06-18T14:29:21.810+0800][14.471s][info][gc,reloc    ] GC(43) y: Small Pages:                   73           11            0         146M         116M           4M 
[2026-06-18T14:29:21.810+0800][14.472s][info][gc,reloc    ] GC(43) y: Medium Pages:                   7            3            0          56M          16M           4M 
[2026-06-18T14:29:21.810+0800][14.472s][info][gc,reloc    ] GC(43) y: Large Pages:                    5            0            0          10M           0M           0M 
[2026-06-18T14:29:21.810+0800][14.472s][info][gc,reloc    ] GC(43) y: Forwarding Usage: 0M
[2026-06-18T14:29:21.811+0800][14.472s][info][gc,reloc    ] GC(43) y: Age Table:
[2026-06-18T14:29:21.811+0800][14.473s][info][gc,reloc    ] GC(43) y:                    Live             Garbage             Small              Medium             Large        
[2026-06-18T14:29:21.811+0800][14.473s][info][gc,reloc    ] GC(43) y: Eden              17M (7%)          144M (56%)         69 / 11             3 / 2              0 / 0        
[2026-06-18T14:29:21.811+0800][14.473s][info][gc,reloc    ] GC(43) y: Survivor 1         4M (2%)           24M (9%)           4 / 0              2 / 0              2 / 0        
[2026-06-18T14:29:21.812+0800][14.473s][info][gc,reloc    ] GC(43) y: Survivor 2         2M (1%)            7M (3%)           0 / 0              1 / 1              1 / 0        
[2026-06-18T14:29:21.812+0800][14.473s][info][gc,reloc    ] GC(43) y: Survivor 3         4M (2%)            0M (0%)           0 / 0              0 / 0              2 / 0        
[2026-06-18T14:29:21.812+0800][14.474s][info][gc,reloc    ] GC(43) y: Survivor 4         0M (0%)            7M (3%)           0 / 0              1 / 0              0 / 0        
[2026-06-18T14:29:21.812+0800][14.474s][info][gc,heap     ] GC(43) y: Min Capacity: 256M(100%)
[2026-06-18T14:29:21.812+0800][14.474s][info][gc,heap     ] GC(43) y: Max Capacity: 256M(100%)
[2026-06-18T14:29:21.813+0800][14.474s][info][gc,heap     ] GC(43) y: Soft Max Capacity: 256M(100%)
[2026-06-18T14:29:21.813+0800][14.475s][info][gc,heap     ] GC(43) y: Heap Statistics:
[2026-06-18T14:29:21.814+0800][14.475s][info][gc,heap     ] GC(43) y:                Mark Start          Mark End        Relocate Start      Relocate End           High               Low         
[2026-06-18T14:29:21.814+0800][14.475s][info][gc,heap     ] GC(43) y:  Capacity:      256M (100%)        256M (100%)        256M (100%)        256M (100%)        256M (100%)        256M (100%)   
[2026-06-18T14:29:21.814+0800][14.476s][info][gc,heap     ] GC(43) y:      Free:       24M (9%)           24M (9%)          156M (61%)         186M (73%)         186M (73%)          24M (9%)     
[2026-06-18T14:29:21.814+0800][14.476s][info][gc,heap     ] GC(43) y:      Used:      232M (91%)         232M (91%)         100M (39%)          70M (27%)         232M (91%)          70M (27%)    
[2026-06-18T14:29:21.815+0800][14.476s][info][gc,heap     ] GC(43) y: Young Generation Statistics:
[2026-06-18T14:29:21.815+0800][14.476s][info][gc,heap     ] GC(43) y:                Mark Start          Mark End        Relocate Start      Relocate End    
[2026-06-18T14:29:21.815+0800][14.477s][info][gc,heap     ] GC(43) y:      Used:      212M (83%)         212M (83%)          80M (31%)          50M (20%)    
[2026-06-18T14:29:21.815+0800][14.477s][info][gc,heap     ] GC(43) y:      Live:         -                29M (11%)          29M (11%)          29M (11%)    
[2026-06-18T14:29:21.816+0800][14.477s][info][gc,heap     ] GC(43) y:   Garbage:         -               182M (71%)          50M (20%)           0M (0%)     
[2026-06-18T14:29:21.816+0800][14.477s][info][gc,heap     ] GC(43) y: Allocated:         -                 0M (0%)            0M (0%)           20M (8%)     
[2026-06-18T14:29:21.816+0800][14.478s][info][gc,heap     ] GC(43) y: Reclaimed:         -                  -               132M (52%)         182M (71%)    
[2026-06-18T14:29:21.816+0800][14.478s][info][gc,heap     ] GC(43) y:  Promoted:         -                  -                 0M (0%)            0M (0%)     
[2026-06-18T14:29:21.817+0800][14.478s][info][gc,heap     ] GC(43) y: Compacted:         -                  -                  -                11M (5%)     
[2026-06-18T14:29:21.817+0800][14.478s][info][gc,phases   ] GC(43) y: Young Generation 232M(91%)->70M(27%) 0.006s
[2026-06-18T14:29:21.817+0800][14.479s][info][gc          ] GC(43) Minor Collection (Allocation Rate) 232M(91%)->74M(29%) 0.018s
[2026-06-18T14:29:22.205+0800][14.867s][info][gc          ] GC(44) Minor Collection (Allocation Rate)
[2026-06-18T14:29:22.206+0800][14.867s][info][gc,task     ] GC(44) Using 1 Workers for Young Generation
[2026-06-18T14:29:22.206+0800][14.868s][info][gc,phases   ] GC(44) y: Young Generation
[2026-06-18T14:29:22.207+0800][14.868s][info][gc,phases   ] GC(44) y: Pause Mark Start 0.010ms
[2026-06-18T14:29:22.208+0800][14.869s][info][gc,phases   ] GC(44) y: Concurrent Mark 0.360ms
[2026-06-18T14:29:22.208+0800][14.870s][info][gc,phases   ] GC(44) y: Pause Mark End 0.007ms
[2026-06-18T14:29:22.209+0800][14.870s][info][gc,phases   ] GC(44) y: Concurrent Mark Free 0.001ms
[2026-06-18T14:29:22.209+0800][14.871s][info][gc,phases   ] GC(44) y: Concurrent Reset Relocation Set 0.002ms
[2026-06-18T14:29:22.210+0800][14.871s][info][gc,reloc    ] GC(44) y: Using tenuring threshold: 4 (Computed)
[2026-06-18T14:29:22.210+0800][14.872s][info][gc,phases   ] GC(44) y: Concurrent Select Relocation Set 0.651ms
[2026-06-18T14:29:22.211+0800][14.872s][info][gc,phases   ] GC(44) y: Pause Relocate Start 0.007ms
[2026-06-18T14:29:22.212+0800][14.873s][info][gc,phases   ] GC(44) y: Concurrent Relocate 0.915ms
[2026-06-18T14:29:22.213+0800][14.874s][info][gc,alloc    ] GC(44) y:                         Mark Start        Mark End      Relocate Start    Relocate End   
[2026-06-18T14:29:22.213+0800][14.874s][info][gc,alloc    ] GC(44) y: Allocation Stalls:          0                0                0                0         
[2026-06-18T14:29:22.213+0800][14.875s][info][gc,load     ] GC(44) y: Load: 0.55 (2%) / 0.35 (1%) / 0.31 (1%)
[2026-06-18T14:29:22.213+0800][14.875s][info][gc,mmu      ] GC(44) y: MMU: 2ms/97.5%, 5ms/98.6%, 10ms/99.3%, 20ms/99.6%, 50ms/99.8%, 100ms/99.9%
[2026-06-18T14:29:22.214+0800][14.875s][info][gc,marking  ] GC(44) y: Mark: 1 stripe(s), 1 proactive flush(es), 1 terminate flush(es), 0 completion(s), 0 continuation(s) 
[2026-06-18T14:29:22.214+0800][14.876s][info][gc,nmethod  ] GC(44) y: NMethods: 92 registered, 7 unregistered
[2026-06-18T14:29:22.215+0800][14.876s][info][gc,metaspace] GC(44) y: Metaspace: 0M used, 0M committed, 1088M reserved
[2026-06-18T14:29:22.215+0800][14.877s][info][gc,reloc    ] GC(44) y:                        Candidates     Selected     In-Place         Size        Empty    Relocated 
[2026-06-18T14:29:22.215+0800][14.877s][info][gc,reloc    ] GC(44) y: Small Pages:                   76           10            0         152M         126M           2M 
[2026-06-18T14:29:22.216+0800][14.877s][info][gc,reloc    ] GC(44) y: Medium Pages:                   6            3            0          48M           8M           5M 
[2026-06-18T14:29:22.216+0800][14.877s][info][gc,reloc    ] GC(44) y: Large Pages:                    6            0            0          12M           6M           0M 
[2026-06-18T14:29:22.216+0800][14.878s][info][gc,reloc    ] GC(44) y: Forwarding Usage: 0M
[2026-06-18T14:29:22.216+0800][14.878s][info][gc,reloc    ] GC(44) y: Age Table:
[2026-06-18T14:29:22.217+0800][14.878s][info][gc,reloc    ] GC(44) y:                    Live             Garbage             Small              Medium             Large        
[2026-06-18T14:29:22.217+0800][14.878s][info][gc,reloc    ] GC(44) y: Eden              14M (6%)          147M (57%)         72 / 10             2 / 1              1 / 0        
[2026-06-18T14:29:22.217+0800][14.878s][info][gc,reloc    ] GC(44) y: Survivor 1         1M (1%)           22M (9%)           4 / 0              2 / 1              0 / 0        
[2026-06-18T14:29:22.217+0800][14.879s][info][gc,reloc    ] GC(44) y: Survivor 2         4M (2%)            0M (0%)           0 / 0              0 / 0              2 / 0        
[2026-06-18T14:29:22.217+0800][14.879s][info][gc,reloc    ] GC(44) y: Survivor 3         0M (0%)            9M (4%)           0 / 0              1 / 1              1 / 0        
[2026-06-18T14:29:22.218+0800][14.879s][info][gc,reloc    ] GC(44) y: Survivor 4          -                 4M (2%)           0 / 0              0 / 0              2 / 0        
[2026-06-18T14:29:22.218+0800][14.879s][info][gc,reloc    ] GC(44) y: Survivor 5          -                 8M (3%)           0 / 0              1 / 0              0 / 0        
[2026-06-18T14:29:22.218+0800][14.880s][info][gc,heap     ] GC(44) y: Min Capacity: 256M(100%)
[2026-06-18T14:29:22.218+0800][14.880s][info][gc,heap     ] GC(44) y: Max Capacity: 256M(100%)
[2026-06-18T14:29:22.218+0800][14.880s][info][gc,heap     ] GC(44) y: Soft Max Capacity: 256M(100%)
[2026-06-18T14:29:22.219+0800][14.880s][info][gc,heap     ] GC(44) y: Heap Statistics:
[2026-06-18T14:29:22.219+0800][14.881s][info][gc,heap     ] GC(44) y:                Mark Start          Mark End        Relocate Start      Relocate End           High               Low         
[2026-06-18T14:29:22.219+0800][14.881s][info][gc,heap     ] GC(44) y:  Capacity:      256M (100%)        256M (100%)        256M (100%)        256M (100%)        256M (100%)        256M (100%)   
[2026-06-18T14:29:22.220+0800][14.881s][info][gc,heap     ] GC(44) y:      Free:       24M (9%)           24M (9%)          164M (64%)         192M (75%)         192M (75%)          24M (9%)     
[2026-06-18T14:29:22.221+0800][14.882s][info][gc,heap     ] GC(44) y:      Used:      232M (91%)         232M (91%)          92M (36%)          64M (25%)         232M (91%)          64M (25%)    
[2026-06-18T14:29:22.221+0800][14.883s][info][gc,heap     ] GC(44) y: Young Generation Statistics:
[2026-06-18T14:29:22.221+0800][14.883s][info][gc,heap     ] GC(44) y:                Mark Start          Mark End        Relocate Start      Relocate End    
[2026-06-18T14:29:22.222+0800][14.883s][info][gc,heap     ] GC(44) y:      Used:      212M (83%)         212M (83%)          72M (28%)          44M (17%)    
[2026-06-18T14:29:22.222+0800][14.884s][info][gc,heap     ] GC(44) y:      Live:         -                21M (8%)           21M (8%)           21M (8%)     
[2026-06-18T14:29:22.222+0800][14.884s][info][gc,heap     ] GC(44) y:   Garbage:         -               190M (74%)          50M (20%)           3M (1%)     
[2026-06-18T14:29:22.222+0800][14.884s][info][gc,heap     ] GC(44) y: Allocated:         -                 0M (0%)            0M (0%)           18M (7%)     
[2026-06-18T14:29:22.223+0800][14.884s][info][gc,heap     ] GC(44) y: Reclaimed:         -                  -               140M (55%)         186M (73%)    
[2026-06-18T14:29:22.223+0800][14.885s][info][gc,heap     ] GC(44) y:  Promoted:         -                  -                 0M (0%)            0M (0%)     
[2026-06-18T14:29:22.223+0800][14.885s][info][gc,heap     ] GC(44) y: Compacted:         -                  -                  -                 9M (4%)     
[2026-06-18T14:29:22.224+0800][14.885s][info][gc,phases   ] GC(44) y: Young Generation 232M(91%)->64M(25%) 0.006s
[2026-06-18T14:29:22.224+0800][14.885s][info][gc          ] GC(44) Minor Collection (Allocation Rate) 230M(90%)->68M(27%) 0.019s
[2026-06-18T14:29:22.636+0800][15.298s][info][gc          ] GC(45) Minor Collection (High Usage)
[2026-06-18T14:29:22.638+0800][15.299s][info][gc,task     ] GC(45) Using 1 Workers for Young Generation
[2026-06-18T14:29:22.641+0800][15.303s][info][gc,phases   ] GC(45) y: Young Generation
[2026-06-18T14:29:22.644+0800][15.305s][info][gc,phases   ] GC(45) y: Pause Mark Start 0.013ms
[2026-06-18T14:29:22.646+0800][15.308s][info][gc,phases   ] GC(45) y: Concurrent Mark 0.452ms
[2026-06-18T14:29:22.646+0800][15.308s][info][gc,task     ] Adjusting Workers for Young Generation: 1 -> 2
[2026-06-18T14:29:22.649+0800][15.310s][info][gc,phases   ] GC(45) y: Pause Mark End 0.012ms
[2026-06-18T14:29:22.652+0800][15.313s][info][gc,phases   ] GC(45) y: Concurrent Mark Free 0.002ms
[2026-06-18T14:29:22.652+0800][15.314s][info][gc,phases   ] GC(45) y: Concurrent Reset Relocation Set 0.002ms
[2026-06-18T14:29:22.653+0800][15.314s][info][gc,reloc    ] GC(45) y: Using tenuring threshold: 4 (Computed)
[2026-06-18T14:29:22.653+0800][15.315s][info][gc,phases   ] GC(45) y: Concurrent Select Relocation Set 0.420ms
[2026-06-18T14:29:22.653+0800][15.315s][info][gc,phases   ] GC(45) y: Pause Relocate Start 0.015ms
[2026-06-18T14:29:22.655+0800][15.316s][info][gc,phases   ] GC(45) y: Concurrent Relocate 0.904ms
[2026-06-18T14:29:22.655+0800][15.317s][info][gc,alloc    ] GC(45) y:                         Mark Start        Mark End      Relocate Start    Relocate End   
[2026-06-18T14:29:22.655+0800][15.317s][info][gc,alloc    ] GC(45) y: Allocation Stalls:          0                0                0                0         
[2026-06-18T14:29:22.656+0800][15.317s][info][gc,load     ] GC(45) y: Load: 0.55 (2%) / 0.35 (1%) / 0.31 (1%)
[2026-06-18T14:29:22.656+0800][15.318s][info][gc,mmu      ] GC(45) y: MMU: 2ms/97.5%, 5ms/98.6%, 10ms/99.3%, 20ms/99.6%, 50ms/99.8%, 100ms/99.9%
[2026-06-18T14:29:22.657+0800][15.318s][info][gc,marking  ] GC(45) y: Mark: 1 stripe(s), 1 proactive flush(es), 1 terminate flush(es), 0 completion(s), 0 continuation(s) 
[2026-06-18T14:29:22.657+0800][15.318s][info][gc,nmethod  ] GC(45) y: NMethods: 93 registered, 7 unregistered
[2026-06-18T14:29:22.657+0800][15.319s][info][gc,metaspace] GC(45) y: Metaspace: 0M used, 0M committed, 1088M reserved
[2026-06-18T14:29:22.657+0800][15.319s][info][gc,reloc    ] GC(45) y:                        Candidates     Selected     In-Place         Size        Empty    Relocated 
[2026-06-18T14:29:22.658+0800][15.319s][info][gc,reloc    ] GC(45) y: Small Pages:                   79           12            0         158M         124M           3M 
[2026-06-18T14:29:22.658+0800][15.319s][info][gc,reloc    ] GC(45) y: Medium Pages:                   6            3            0          48M           8M           6M 
[2026-06-18T14:29:22.658+0800][15.320s][info][gc,reloc    ] GC(45) y: Large Pages:                    4            0            0           8M           0M           0M 
[2026-06-18T14:29:22.659+0800][15.320s][info][gc,reloc    ] GC(45) y: Forwarding Usage: 0M
[2026-06-18T14:29:22.659+0800][15.320s][info][gc,reloc    ] GC(45) y: Age Table:
[2026-06-18T14:29:22.659+0800][15.321s][info][gc,reloc    ] GC(45) y:                    Live             Garbage             Small              Medium             Large        
[2026-06-18T14:29:22.659+0800][15.321s][info][gc,reloc    ] GC(45) y: Eden              19M (8%)          150M (59%)         76 / 12             2 / 1              1 / 0        
[2026-06-18T14:29:22.660+0800][15.321s][info][gc,reloc    ] GC(45) y: Survivor 1         2M (1%)           21M (8%)           3 / 0              2 / 0              1 / 0        
[2026-06-18T14:29:22.660+0800][15.321s][info][gc,reloc    ] GC(45) y: Survivor 2         1M (1%)            6M (2%)           0 / 0              1 / 1              0 / 0        
[2026-06-18T14:29:22.660+0800][15.322s][info][gc,reloc    ] GC(45) y: Survivor 3         4M (2%)            0M (0%)           0 / 0              0 / 0              2 / 0        
[2026-06-18T14:29:22.660+0800][15.322s][info][gc,reloc    ] GC(45) y: Survivor 4         0M (0%)            7M (3%)           0 / 0              1 / 1              0 / 0        
[2026-06-18T14:29:22.661+0800][15.322s][info][gc,heap     ] GC(45) y: Min Capacity: 256M(100%)
[2026-06-18T14:29:22.661+0800][15.322s][info][gc,heap     ] GC(45) y: Max Capacity: 256M(100%)
[2026-06-18T14:29:22.661+0800][15.323s][info][gc,heap     ] GC(45) y: Soft Max Capacity: 256M(100%)
[2026-06-18T14:29:22.661+0800][15.323s][info][gc,heap     ] GC(45) y: Heap Statistics:
[2026-06-18T14:29:22.662+0800][15.323s][info][gc,heap     ] GC(45) y:                Mark Start          Mark End        Relocate Start      Relocate End           High               Low         
[2026-06-18T14:29:22.662+0800][15.323s][info][gc,heap     ] GC(45) y:  Capacity:      256M (100%)        256M (100%)        256M (100%)        256M (100%)        256M (100%)        256M (100%)   
[2026-06-18T14:29:22.662+0800][15.324s][info][gc,heap     ] GC(45) y:      Free:       22M (9%)           10M (4%)          142M (55%)         166M (65%)         166M (65%)          10M (4%)     
[2026-06-18T14:29:22.662+0800][15.324s][info][gc,heap     ] GC(45) y:      Used:      234M (91%)         246M (96%)         114M (45%)          90M (35%)         246M (96%)          90M (35%)    
[2026-06-18T14:29:22.663+0800][15.324s][info][gc,heap     ] GC(45) y: Young Generation Statistics:
[2026-06-18T14:29:22.663+0800][15.324s][info][gc,heap     ] GC(45) y:                Mark Start          Mark End        Relocate Start      Relocate End    
[2026-06-18T14:29:22.663+0800][15.325s][info][gc,heap     ] GC(45) y:      Used:      214M (84%)         226M (88%)          94M (37%)          62M (24%)    
[2026-06-18T14:29:22.663+0800][15.325s][info][gc,heap     ] GC(45) y:      Live:         -                29M (12%)          29M (12%)          28M (11%)    
[2026-06-18T14:29:22.664+0800][15.325s][info][gc,heap     ] GC(45) y:   Garbage:         -               184M (72%)          52M (20%)           2M (1%)     
[2026-06-18T14:29:22.664+0800][15.325s][info][gc,heap     ] GC(45) y: Allocated:         -                12M (5%)           12M (5%)           31M (12%)    
[2026-06-18T14:29:22.664+0800][15.326s][info][gc,heap     ] GC(45) y: Reclaimed:         -                  -               132M (52%)         182M (71%)    
[2026-06-18T14:29:22.665+0800][15.326s][info][gc,heap     ] GC(45) y:  Promoted:         -                  -                 0M (0%)            0M (0%)     
[2026-06-18T14:29:22.665+0800][15.326s][info][gc,heap     ] GC(45) y: Compacted:         -                  -                  -                10M (4%)     
[2026-06-18T14:29:22.665+0800][15.327s][info][gc,phases   ] GC(45) y: Young Generation 234M(91%)->90M(35%) 0.014s
[2026-06-18T14:29:22.665+0800][15.327s][info][gc          ] GC(45) Minor Collection (High Usage) 232M(91%)->94M(37%) 0.029s
[2026-06-18T14:29:23.004+0800][15.666s][info][gc          ] GC(46) Minor Collection (Allocation Rate)
[2026-06-18T14:29:23.006+0800][15.667s][info][gc,task     ] GC(46) Using 2 Workers for Young Generation
[2026-06-18T14:29:23.007+0800][15.668s][info][gc,phases   ] GC(46) y: Young Generation
[2026-06-18T14:29:23.008+0800][15.669s][info][gc,phases   ] GC(46) y: Pause Mark Start 0.016ms
[2026-06-18T14:29:23.009+0800][15.671s][info][gc,phases   ] GC(46) y: Concurrent Mark 0.625ms
[2026-06-18T14:29:23.010+0800][15.672s][info][gc,phases   ] GC(46) y: Pause Mark End 0.010ms
[2026-06-18T14:29:23.011+0800][15.673s][info][gc,phases   ] GC(46) y: Concurrent Mark Free 0.002ms
[2026-06-18T14:29:23.012+0800][15.673s][info][gc,phases   ] GC(46) y: Concurrent Reset Relocation Set 0.002ms
[2026-06-18T14:29:23.012+0800][15.674s][info][gc,reloc    ] GC(46) y: Using tenuring threshold: 3 (Computed)
[2026-06-18T14:29:23.013+0800][15.674s][info][gc,phases   ] GC(46) y: Concurrent Select Relocation Set 0.665ms
[2026-06-18T14:29:23.013+0800][15.675s][info][gc,phases   ] GC(46) y: Pause Relocate Start 0.007ms
[2026-06-18T14:29:23.014+0800][15.676s][info][gc,phases   ] GC(46) y: Concurrent Relocate 0.575ms
[2026-06-18T14:29:23.015+0800][15.676s][info][gc,alloc    ] GC(46) y:                         Mark Start        Mark End      Relocate Start    Relocate End   
[2026-06-18T14:29:23.015+0800][15.677s][info][gc,alloc    ] GC(46) y: Allocation Stalls:          0                0                0                0         
[2026-06-18T14:29:23.016+0800][15.677s][info][gc,load     ] GC(46) y: Load: 0.55 (2%) / 0.35 (1%) / 0.31 (1%)
[2026-06-18T14:29:23.016+0800][15.678s][info][gc,mmu      ] GC(46) y: MMU: 2ms/97.5%, 5ms/98.6%, 10ms/99.3%, 20ms/99.6%, 50ms/99.8%, 100ms/99.9%
[2026-06-18T14:29:23.017+0800][15.678s][info][gc,marking  ] GC(46) y: Mark: 2 stripe(s), 1 proactive flush(es), 1 terminate flush(es), 0 completion(s), 0 continuation(s) 
[2026-06-18T14:29:23.017+0800][15.678s][info][gc,nmethod  ] GC(46) y: NMethods: 93 registered, 7 unregistered
[2026-06-18T14:29:23.017+0800][15.679s][info][gc,metaspace] GC(46) y: Metaspace: 0M used, 0M committed, 1088M reserved
[2026-06-18T14:29:23.017+0800][15.679s][info][gc,reloc    ] GC(46) y:                        Candidates     Selected     In-Place         Size        Empty    Relocated 
[2026-06-18T14:29:23.018+0800][15.679s][info][gc,reloc    ] GC(46) y: Small Pages:                   71            8            0         142M         118M           2M 
[2026-06-18T14:29:23.018+0800][15.680s][info][gc,reloc    ] GC(46) y: Medium Pages:                   6            3            0          48M           8M           2M 
[2026-06-18T14:29:23.018+0800][15.680s][info][gc,reloc    ] GC(46) y: Large Pages:                    5            0            0          10M           4M           0M 
[2026-06-18T14:29:23.018+0800][15.680s][info][gc,reloc    ] GC(46) y: Forwarding Usage: 0M
[2026-06-18T14:29:23.019+0800][15.680s][info][gc,reloc    ] GC(46) y: Age Table:
[2026-06-18T14:29:23.019+0800][15.680s][info][gc,reloc    ] GC(46) y:                    Live             Garbage             Small              Medium             Large        
[2026-06-18T14:29:23.019+0800][15.681s][info][gc,reloc    ] GC(46) y: Eden              13M (5%)          136M (53%)         66 / 8              2 / 1              1 / 0        
[2026-06-18T14:29:23.019+0800][15.681s][info][gc,reloc    ] GC(46) y: Survivor 1         3M (1%)           24M (9%)           5 / 0              2 / 1              1 / 0        
[2026-06-18T14:29:23.020+0800][15.681s][info][gc,reloc    ] GC(46) y: Survivor 2         2M (1%)            7M (3%)           0 / 0              1 / 1              1 / 0        
[2026-06-18T14:29:23.020+0800][15.681s][info][gc,reloc    ] GC(46) y: Survivor 3          -                 8M (3%)           0 / 0              1 / 0              0 / 0        
[2026-06-18T14:29:23.020+0800][15.681s][info][gc,reloc    ] GC(46) y: Survivor 4          -                 4M (2%)           0 / 0              0 / 0              2 / 0        
[2026-06-18T14:29:23.020+0800][15.682s][info][gc,heap     ] GC(46) y: Min Capacity: 256M(100%)
[2026-06-18T14:29:23.020+0800][15.682s][info][gc,heap     ] GC(46) y: Max Capacity: 256M(100%)
[2026-06-18T14:29:23.021+0800][15.682s][info][gc,heap     ] GC(46) y: Soft Max Capacity: 256M(100%)
[2026-06-18T14:29:23.021+0800][15.682s][info][gc,heap     ] GC(46) y: Heap Statistics:
[2026-06-18T14:29:23.021+0800][15.682s][info][gc,heap     ] GC(46) y:                Mark Start          Mark End        Relocate Start      Relocate End           High               Low         
[2026-06-18T14:29:23.021+0800][15.683s][info][gc,heap     ] GC(46) y:  Capacity:      256M (100%)        256M (100%)        256M (100%)        256M (100%)        256M (100%)        256M (100%)   
[2026-06-18T14:29:23.021+0800][15.683s][info][gc,heap     ] GC(46) y:      Free:       28M (11%)          28M (11%)         158M (62%)         176M (69%)         176M (69%)          28M (11%)    
[2026-06-18T14:29:23.022+0800][15.683s][info][gc,heap     ] GC(46) y:      Used:      228M (89%)         228M (89%)          98M (38%)          80M (31%)         228M (89%)          80M (31%)    
[2026-06-18T14:29:23.022+0800][15.684s][info][gc,heap     ] GC(46) y: Young Generation Statistics:
[2026-06-18T14:29:23.022+0800][15.684s][info][gc,heap     ] GC(46) y:                Mark Start          Mark End        Relocate Start      Relocate End    
[2026-06-18T14:29:23.023+0800][15.684s][info][gc,heap     ] GC(46) y:      Used:      200M (78%)         200M (78%)          70M (27%)          52M (20%)    
[2026-06-18T14:29:23.023+0800][15.685s][info][gc,heap     ] GC(46) y:      Live:         -                20M (8%)           20M (8%)           20M (8%)     
[2026-06-18T14:29:23.023+0800][15.685s][info][gc,heap     ] GC(46) y:   Garbage:         -               179M (70%)          49M (19%)           4M (2%)     
[2026-06-18T14:29:23.023+0800][15.685s][info][gc,heap     ] GC(46) y: Allocated:         -                 0M (0%)            0M (0%)           27M (11%)    
[2026-06-18T14:29:23.024+0800][15.685s][info][gc,heap     ] GC(46) y: Reclaimed:         -                  -               130M (51%)         175M (68%)    
[2026-06-18T14:29:23.024+0800][15.686s][info][gc,heap     ] GC(46) y:  Promoted:         -                  -                 0M (0%)            0M (0%)     
[2026-06-18T14:29:23.024+0800][15.686s][info][gc,heap     ] GC(46) y: Compacted:         -                  -                  -                 6M (3%)     
[2026-06-18T14:29:23.025+0800][15.686s][info][gc,phases   ] GC(46) y: Young Generation 228M(89%)->80M(31%) 0.008s
[2026-06-18T14:29:23.025+0800][15.686s][info][gc          ] GC(46) Minor Collection (Allocation Rate) 228M(89%)->92M(36%) 0.021s
[2026-06-18T14:29:23.394+0800][16.056s][info][gc          ] GC(47) Minor Collection (Allocation Rate)
[2026-06-18T14:29:23.396+0800][16.057s][info][gc,task     ] GC(47) Using 1 Workers for Young Generation
[2026-06-18T14:29:23.397+0800][16.058s][info][gc,phases   ] GC(47) y: Young Generation
[2026-06-18T14:29:23.398+0800][16.059s][info][gc,phases   ] GC(47) y: Pause Mark Start 0.014ms
[2026-06-18T14:29:23.399+0800][16.061s][info][gc,phases   ] GC(47) y: Concurrent Mark 0.623ms
[2026-06-18T14:29:23.400+0800][16.062s][info][gc,phases   ] GC(47) y: Pause Mark End 0.013ms
[2026-06-18T14:29:23.402+0800][16.063s][info][gc,phases   ] GC(47) y: Concurrent Mark Free 0.002ms
[2026-06-18T14:29:23.403+0800][16.065s][info][gc,phases   ] GC(47) y: Concurrent Reset Relocation Set 0.002ms
[2026-06-18T14:29:23.404+0800][16.066s][info][gc,reloc    ] GC(47) y: Using tenuring threshold: 4 (Computed)
[2026-06-18T14:29:23.406+0800][16.068s][info][gc,phases   ] GC(47) y: Concurrent Select Relocation Set 1.834ms
[2026-06-18T14:29:23.407+0800][16.069s][info][gc,phases   ] GC(47) y: Pause Relocate Start 0.010ms
[2026-06-18T14:29:23.410+0800][16.071s][info][gc,phases   ] GC(47) y: Concurrent Relocate 0.884ms
[2026-06-18T14:29:23.411+0800][16.072s][info][gc,alloc    ] GC(47) y:                         Mark Start        Mark End      Relocate Start    Relocate End   
[2026-06-18T14:29:23.412+0800][16.074s][info][gc,alloc    ] GC(47) y: Allocation Stalls:          0                0                0                0         
[2026-06-18T14:29:23.413+0800][16.075s][info][gc,load     ] GC(47) y: Load: 0.55 (2%) / 0.35 (1%) / 0.31 (1%)
[2026-06-18T14:29:23.414+0800][16.076s][info][gc,mmu      ] GC(47) y: MMU: 2ms/97.5%, 5ms/98.6%, 10ms/99.3%, 20ms/99.6%, 50ms/99.8%, 100ms/99.9%
[2026-06-18T14:29:23.415+0800][16.076s][info][gc,marking  ] GC(47) y: Mark: 1 stripe(s), 1 proactive flush(es), 1 terminate flush(es), 0 completion(s), 0 continuation(s) 
[2026-06-18T14:29:23.417+0800][16.078s][info][gc,nmethod  ] GC(47) y: NMethods: 93 registered, 7 unregistered
[2026-06-18T14:29:23.418+0800][16.079s][info][gc,metaspace] GC(47) y: Metaspace: 0M used, 0M committed, 1088M reserved
[2026-06-18T14:29:23.423+0800][16.085s][info][gc,reloc    ] GC(47) y:                        Candidates     Selected     In-Place         Size        Empty    Relocated 
[2026-06-18T14:29:23.425+0800][16.086s][info][gc,reloc    ] GC(47) y: Small Pages:                   73            8            0         146M         122M           3M 
[2026-06-18T14:29:23.428+0800][16.089s][info][gc,reloc    ] GC(47) y: Medium Pages:                   6            2            0          48M           8M           2M 
[2026-06-18T14:29:23.429+0800][16.091s][info][gc,reloc    ] GC(47) y: Large Pages:                    4            0            0           8M           0M           0M 
[2026-06-18T14:29:23.430+0800][16.092s][info][gc,reloc    ] GC(47) y: Forwarding Usage: 0M
[2026-06-18T14:29:23.434+0800][16.096s][info][gc,reloc    ] GC(47) y: Age Table:
[2026-06-18T14:29:23.438+0800][16.100s][info][gc,reloc    ] GC(47) y:                    Live             Garbage             Small              Medium             Large        
[2026-06-18T14:29:23.441+0800][16.103s][info][gc,reloc    ] GC(47) y: Eden              17M (7%)          136M (53%)         68 / 8              2 / 0              1 / 0        
[2026-06-18T14:29:23.447+0800][16.108s][info][gc,reloc    ] GC(47) y: Survivor 1         2M (1%)           25M (10%)          5 / 0              2 / 0              1 / 0        
[2026-06-18T14:29:23.449+0800][16.110s][info][gc,reloc    ] GC(47) y: Survivor 2         3M (1%)            6M (2%)           0 / 0              1 / 1              1 / 0        
[2026-06-18T14:29:23.453+0800][16.114s][info][gc,reloc    ] GC(47) y: Survivor 3         2M (1%)            7M (3%)           0 / 0              1 / 1              1 / 0        
[2026-06-18T14:29:23.459+0800][16.120s][info][gc,heap     ] GC(47) y: Min Capacity: 256M(100%)
[2026-06-18T14:29:23.463+0800][16.125s][info][gc,heap     ] GC(47) y: Max Capacity: 256M(100%)
[2026-06-18T14:29:23.466+0800][16.127s][info][gc,heap     ] GC(47) y: Soft Max Capacity: 256M(100%)
[2026-06-18T14:29:23.466+0800][16.128s][info][gc,heap     ] GC(47) y: Heap Statistics:
[2026-06-18T14:29:23.467+0800][16.129s][info][gc,heap     ] GC(47) y:                Mark Start          Mark End        Relocate Start      Relocate End           High               Low         
[2026-06-18T14:29:23.468+0800][16.129s][info][gc,heap     ] GC(47) y:  Capacity:      256M (100%)        256M (100%)        256M (100%)        256M (100%)        256M (100%)        256M (100%)   
[2026-06-18T14:29:23.468+0800][16.130s][info][gc,heap     ] GC(47) y:      Free:       26M (10%)          26M (10%)         144M (56%)         160M (62%)         160M (62%)          26M (10%)    
[2026-06-18T14:29:23.469+0800][16.131s][info][gc,heap     ] GC(47) y:      Used:      230M (90%)         230M (90%)         112M (44%)          96M (38%)         230M (90%)          96M (38%)    
[2026-06-18T14:29:23.470+0800][16.131s][info][gc,heap     ] GC(47) y: Young Generation Statistics:
[2026-06-18T14:29:23.470+0800][16.132s][info][gc,heap     ] GC(47) y:                Mark Start          Mark End        Relocate Start      Relocate End    
[2026-06-18T14:29:23.471+0800][16.133s][info][gc,heap     ] GC(47) y:      Used:      202M (79%)         202M (79%)          84M (33%)          68M (27%)    
[2026-06-18T14:29:23.471+0800][16.133s][info][gc,heap     ] GC(47) y:      Live:         -                27M (11%)          27M (11%)          27M (11%)    
[2026-06-18T14:29:23.472+0800][16.133s][info][gc,heap     ] GC(47) y:   Garbage:         -               174M (68%)          44M (18%)           6M (3%)     
[2026-06-18T14:29:23.472+0800][16.134s][info][gc,heap     ] GC(47) y: Allocated:         -                 0M (0%)           12M (5%)           33M (13%)    
[2026-06-18T14:29:23.473+0800][16.134s][info][gc,heap     ] GC(47) y: Reclaimed:         -                  -               130M (51%)         167M (66%)    
[2026-06-18T14:29:23.473+0800][16.134s][info][gc,heap     ] GC(47) y:  Promoted:         -                  -                 0M (0%)            0M (0%)     
[2026-06-18T14:29:23.473+0800][16.135s][info][gc,heap     ] GC(47) y: Compacted:         -                  -                  -                 8M (3%)     
[2026-06-18T14:29:23.473+0800][16.135s][info][gc,phases   ] GC(47) y: Young Generation 230M(90%)->96M(38%) 0.014s
[2026-06-18T14:29:23.474+0800][16.135s][info][gc          ] GC(47) Minor Collection (Allocation Rate) 230M(90%)->118M(46%) 0.079s
[2026-06-18T14:29:23.751+0800][16.412s][info][gc          ] GC(48) Minor Collection (Allocation Rate)
[2026-06-18T14:29:23.752+0800][16.413s][info][gc,task     ] GC(48) Using 1 Workers for Young Generation
[2026-06-18T14:29:23.752+0800][16.414s][info][gc,phases   ] GC(48) y: Young Generation
[2026-06-18T14:29:23.753+0800][16.415s][info][gc,phases   ] GC(48) y: Pause Mark Start 0.015ms
[2026-06-18T14:29:23.754+0800][16.416s][info][gc,phases   ] GC(48) y: Concurrent Mark 0.714ms
[2026-06-18T14:29:23.755+0800][16.417s][info][gc,phases   ] GC(48) y: Pause Mark End 0.009ms
[2026-06-18T14:29:23.756+0800][16.417s][info][gc,phases   ] GC(48) y: Concurrent Mark Free 0.001ms
[2026-06-18T14:29:23.756+0800][16.418s][info][gc,phases   ] GC(48) y: Concurrent Reset Relocation Set 0.001ms
[2026-06-18T14:29:23.757+0800][16.418s][info][gc,reloc    ] GC(48) y: Using tenuring threshold: 3 (Computed)
[2026-06-18T14:29:23.757+0800][16.419s][info][gc,phases   ] GC(48) y: Concurrent Select Relocation Set 0.637ms
[2026-06-18T14:29:23.758+0800][16.419s][info][gc,phases   ] GC(48) y: Pause Relocate Start 0.012ms
[2026-06-18T14:29:23.759+0800][16.421s][info][gc,phases   ] GC(48) y: Concurrent Relocate 1.361ms
[2026-06-18T14:29:23.760+0800][16.422s][info][gc,alloc    ] GC(48) y:                         Mark Start        Mark End      Relocate Start    Relocate End   
[2026-06-18T14:29:23.761+0800][16.422s][info][gc,alloc    ] GC(48) y: Allocation Stalls:          0                0                0                0         
[2026-06-18T14:29:23.761+0800][16.422s][info][gc,load     ] GC(48) y: Load: 0.55 (2%) / 0.35 (1%) / 0.31 (1%)
[2026-06-18T14:29:23.761+0800][16.423s][info][gc,mmu      ] GC(48) y: MMU: 2ms/97.5%, 5ms/98.6%, 10ms/99.3%, 20ms/99.6%, 50ms/99.8%, 100ms/99.9%
[2026-06-18T14:29:23.762+0800][16.423s][info][gc,marking  ] GC(48) y: Mark: 1 stripe(s), 1 proactive flush(es), 1 terminate flush(es), 0 completion(s), 0 continuation(s) 
[2026-06-18T14:29:23.762+0800][16.423s][info][gc,nmethod  ] GC(48) y: NMethods: 93 registered, 7 unregistered
[2026-06-18T14:29:23.762+0800][16.424s][info][gc,metaspace] GC(48) y: Metaspace: 0M used, 0M committed, 1088M reserved
[2026-06-18T14:29:23.762+0800][16.424s][info][gc,reloc    ] GC(48) y:                        Candidates     Selected     In-Place         Size        Empty    Relocated 
[2026-06-18T14:29:23.763+0800][16.424s][info][gc,reloc    ] GC(48) y: Small Pages:                   66           15            0         132M          92M           5M 
[2026-06-18T14:29:23.763+0800][16.424s][info][gc,reloc    ] GC(48) y: Medium Pages:                   7            2            0          56M          24M           5M 
[2026-06-18T14:29:23.763+0800][16.425s][info][gc,reloc    ] GC(48) y: Large Pages:                    6            0            0          12M           4M           0M 
[2026-06-18T14:29:23.763+0800][16.425s][info][gc,reloc    ] GC(48) y: Forwarding Usage: 0M
[2026-06-18T14:29:23.763+0800][16.425s][info][gc,reloc    ] GC(48) y: Age Table:
[2026-06-18T14:29:23.764+0800][16.425s][info][gc,reloc    ] GC(48) y:                    Live             Garbage             Small              Medium             Large        
[2026-06-18T14:29:23.764+0800][16.425s][info][gc,reloc    ] GC(48) y: Eden              22M (9%)          121M (47%)         62 / 15             2 / 1              2 / 0        
[2026-06-18T14:29:23.764+0800][16.426s][info][gc,reloc    ] GC(48) y: Survivor 1         2M (1%)           23M (9%)           4 / 0              2 / 1              1 / 0        
[2026-06-18T14:29:23.764+0800][16.426s][info][gc,reloc    ] GC(48) y: Survivor 2         2M (1%)            7M (3%)           0 / 0              1 / 0              1 / 0        
[2026-06-18T14:29:23.765+0800][16.426s][info][gc,reloc    ] GC(48) y: Survivor 3          -                10M (4%)           0 / 0              1 / 0              1 / 0        
[2026-06-18T14:29:23.765+0800][16.426s][info][gc,reloc    ] GC(48) y: Survivor 4          -                10M (4%)           0 / 0              1 / 0              1 / 0        
[2026-06-18T14:29:23.765+0800][16.427s][info][gc,heap     ] GC(48) y: Min Capacity: 256M(100%)
[2026-06-18T14:29:23.765+0800][16.427s][info][gc,heap     ] GC(48) y: Max Capacity: 256M(100%)
[2026-06-18T14:29:23.766+0800][16.427s][info][gc,heap     ] GC(48) y: Soft Max Capacity: 256M(100%)
[2026-06-18T14:29:23.766+0800][16.428s][info][gc,heap     ] GC(48) y: Heap Statistics:
[2026-06-18T14:29:23.766+0800][16.428s][info][gc,heap     ] GC(48) y:                Mark Start          Mark End        Relocate Start      Relocate End           High               Low         
[2026-06-18T14:29:23.767+0800][16.428s][info][gc,heap     ] GC(48) y:  Capacity:      256M (100%)        256M (100%)        256M (100%)        256M (100%)        256M (100%)        256M (100%)   
[2026-06-18T14:29:23.767+0800][16.429s][info][gc,heap     ] GC(48) y:      Free:       28M (11%)          28M (11%)         148M (58%)         178M (70%)         178M (70%)          28M (11%)    
[2026-06-18T14:29:23.767+0800][16.429s][info][gc,heap     ] GC(48) y:      Used:      228M (89%)         228M (89%)         108M (42%)          78M (30%)         228M (89%)          78M (30%)    
[2026-06-18T14:29:23.768+0800][16.429s][info][gc,heap     ] GC(48) y: Young Generation Statistics:
[2026-06-18T14:29:23.768+0800][16.429s][info][gc,heap     ] GC(48) y:                Mark Start          Mark End        Relocate Start      Relocate End    
[2026-06-18T14:29:23.768+0800][16.430s][info][gc,heap     ] GC(48) y:      Used:      200M (78%)         200M (78%)          80M (31%)          50M (20%)    
[2026-06-18T14:29:23.768+0800][16.430s][info][gc,heap     ] GC(48) y:      Live:         -                28M (11%)          28M (11%)          28M (11%)    
[2026-06-18T14:29:23.768+0800][16.430s][info][gc,heap     ] GC(48) y:   Garbage:         -               171M (67%)          51M (20%)           2M (1%)     
[2026-06-18T14:29:23.769+0800][16.430s][info][gc,heap     ] GC(48) y: Allocated:         -                 0M (0%)            0M (0%)           19M (8%)     
[2026-06-18T14:29:23.769+0800][16.430s][info][gc,heap     ] GC(48) y: Reclaimed:         -                  -               120M (47%)         169M (66%)    
[2026-06-18T14:29:23.769+0800][16.431s][info][gc,heap     ] GC(48) y:  Promoted:         -                  -                 0M (0%)            0M (0%)     
[2026-06-18T14:29:23.769+0800][16.431s][info][gc,heap     ] GC(48) y: Compacted:         -                  -                  -                14M (6%)     
[2026-06-18T14:29:23.770+0800][16.431s][info][gc,phases   ] GC(48) y: Young Generation 228M(89%)->78M(30%) 0.008s
[2026-06-18T14:29:23.770+0800][16.431s][info][gc          ] GC(48) Minor Collection (Allocation Rate) 226M(88%)->82M(32%) 0.019s
[2026-06-18T14:29:23.782+0800][16.444s][info][gc          ] GC(49) Major Collection (Proactive)
[2026-06-18T14:29:23.783+0800][16.445s][info][gc,task     ] GC(49) Using 1 Workers for Young Generation
[2026-06-18T14:29:23.784+0800][16.445s][info][gc,task     ] GC(49) Using 1 Workers for Old Generation
[2026-06-18T14:29:23.784+0800][16.446s][info][gc,phases   ] GC(49) Y: Young Generation
[2026-06-18T14:29:23.785+0800][16.446s][info][gc,phases   ] GC(49) Y: Pause Mark Start (Major) 0.012ms
[2026-06-18T14:29:23.786+0800][16.447s][info][gc,phases   ] GC(49) Y: Concurrent Mark 0.455ms
[2026-06-18T14:29:23.786+0800][16.448s][info][gc,phases   ] GC(49) Y: Pause Mark End 0.006ms
[2026-06-18T14:29:23.787+0800][16.448s][info][gc,phases   ] GC(49) Y: Concurrent Mark Free 0.001ms
[2026-06-18T14:29:23.787+0800][16.449s][info][gc,phases   ] GC(49) Y: Concurrent Reset Relocation Set 0.002ms
[2026-06-18T14:29:23.787+0800][16.449s][info][gc,reloc    ] GC(49) Y: Using tenuring threshold: 1 (Computed)
[2026-06-18T14:29:23.788+0800][16.449s][info][gc,phases   ] GC(49) Y: Concurrent Select Relocation Set 0.409ms
[2026-06-18T14:29:23.788+0800][16.450s][info][gc,phases   ] GC(49) Y: Pause Relocate Start 0.005ms
[2026-06-18T14:29:23.790+0800][16.451s][info][gc,phases   ] GC(49) Y: Concurrent Relocate 1.259ms
[2026-06-18T14:29:23.790+0800][16.452s][info][gc,alloc    ] GC(49) Y:                         Mark Start        Mark End      Relocate Start    Relocate End   
[2026-06-18T14:29:23.790+0800][16.452s][info][gc,alloc    ] GC(49) Y: Allocation Stalls:          0                0                0                0         
[2026-06-18T14:29:23.791+0800][16.452s][info][gc,load     ] GC(49) Y: Load: 0.55 (2%) / 0.35 (1%) / 0.31 (1%)
[2026-06-18T14:29:23.791+0800][16.452s][info][gc,mmu      ] GC(49) Y: MMU: 2ms/97.5%, 5ms/98.6%, 10ms/99.3%, 20ms/99.6%, 50ms/99.8%, 100ms/99.9%
[2026-06-18T14:29:23.791+0800][16.453s][info][gc,marking  ] GC(49) Y: Mark: 1 stripe(s), 1 proactive flush(es), 1 terminate flush(es), 0 completion(s), 0 continuation(s) 
[2026-06-18T14:29:23.791+0800][16.453s][info][gc,nmethod  ] GC(49) Y: NMethods: 93 registered, 7 unregistered
[2026-06-18T14:29:23.792+0800][16.453s][info][gc,metaspace] GC(49) Y: Metaspace: 0M used, 0M committed, 1088M reserved
[2026-06-18T14:29:23.792+0800][16.453s][info][gc,reloc    ] GC(49) Y:                        Candidates     Selected     In-Place         Size        Empty    Relocated 
[2026-06-18T14:29:23.792+0800][16.454s][info][gc,reloc    ] GC(49) Y: Small Pages:                   11            3            0          22M           8M           2M 
[2026-06-18T14:29:23.792+0800][16.454s][info][gc,reloc    ] GC(49) Y: Medium Pages:                   5            3            0          40M           8M           6M 
[2026-06-18T14:29:23.793+0800][16.454s][info][gc,reloc    ] GC(49) Y: Large Pages:                    4            0            0           8M           0M           0M 
[2026-06-18T14:29:23.793+0800][16.454s][info][gc,reloc    ] GC(49) Y: Forwarding Usage: 0M
[2026-06-18T14:29:23.793+0800][16.455s][info][gc,reloc    ] GC(49) Y: Age Table:
[2026-06-18T14:29:23.793+0800][16.455s][info][gc,reloc    ] GC(49) Y:                    Live             Garbage             Small              Medium             Large        
[2026-06-18T14:29:23.794+0800][16.455s][info][gc,reloc    ] GC(49) Y: Eden               1M (1%)           18M (7%)           6 / 1              1 / 0              0 / 0        
[2026-06-18T14:29:23.794+0800][16.455s][info][gc,reloc    ] GC(49) Y: Survivor 1        12M (5%)           17M (7%)           5 / 2              2 / 1              2 / 0        
[2026-06-18T14:29:23.794+0800][16.455s][info][gc,reloc    ] GC(49) Y: Survivor 2         2M (1%)            7M (3%)           0 / 0              1 / 1              1 / 0        
[2026-06-18T14:29:23.794+0800][16.456s][info][gc,reloc    ] GC(49) Y: Survivor 3         2M (1%)            7M (3%)           0 / 0              1 / 1              1 / 0        
[2026-06-18T14:29:23.794+0800][16.456s][info][gc,heap     ] GC(49) Y: Min Capacity: 256M(100%)
[2026-06-18T14:29:23.794+0800][16.456s][info][gc,heap     ] GC(49) Y: Max Capacity: 256M(100%)
[2026-06-18T14:29:23.795+0800][16.456s][info][gc,heap     ] GC(49) Y: Soft Max Capacity: 256M(100%)
[2026-06-18T14:29:23.795+0800][16.457s][info][gc,heap     ] GC(49) Y: Heap Statistics:
[2026-06-18T14:29:23.796+0800][16.457s][info][gc,heap     ] GC(49) Y:                Mark Start          Mark End        Relocate Start      Relocate End           High               Low         
[2026-06-18T14:29:23.796+0800][16.457s][info][gc,heap     ] GC(49) Y:  Capacity:      256M (100%)        256M (100%)        256M (100%)        256M (100%)        256M (100%)        256M (100%)   
[2026-06-18T14:29:23.796+0800][16.458s][info][gc,heap     ] GC(49) Y:      Free:      158M (62%)         158M (62%)         174M (68%)         194M (76%)         194M (76%)         158M (62%)    
[2026-06-18T14:29:23.796+0800][16.458s][info][gc,heap     ] GC(49) Y:      Used:       98M (38%)          98M (38%)          82M (32%)          62M (24%)          98M (38%)          62M (24%)    
[2026-06-18T14:29:23.797+0800][16.458s][info][gc,heap     ] GC(49) Y: Young Generation Statistics:
[2026-06-18T14:29:23.797+0800][16.458s][info][gc,heap     ] GC(49) Y:                Mark Start          Mark End        Relocate Start      Relocate End    
[2026-06-18T14:29:23.797+0800][16.459s][info][gc,heap     ] GC(49) Y:      Used:       70M (27%)          70M (27%)          42M (16%)          10M (4%)     
[2026-06-18T14:29:23.797+0800][16.459s][info][gc,heap     ] GC(49) Y:      Live:         -                20M (8%)           10M (4%)            1M (1%)     
[2026-06-18T14:29:23.798+0800][16.459s][info][gc,heap     ] GC(49) Y:   Garbage:         -                49M (19%)          31M (12%)           0M (0%)     
[2026-06-18T14:29:23.798+0800][16.459s][info][gc,heap     ] GC(49) Y: Allocated:         -                 0M (0%)            0M (0%)            8M (3%)     
[2026-06-18T14:29:23.798+0800][16.460s][info][gc,heap     ] GC(49) Y: Reclaimed:         -                  -                17M (7%)           49M (19%)    
[2026-06-18T14:29:23.798+0800][16.460s][info][gc,heap     ] GC(49) Y:  Promoted:         -                  -                10M (4%)           18M (7%)     
[2026-06-18T14:29:23.799+0800][16.460s][info][gc,heap     ] GC(49) Y: Compacted:         -                  -                  -                 1M (1%)     
[2026-06-18T14:29:23.799+0800][16.460s][info][gc,phases   ] GC(49) Y: Young Generation 98M(38%)->62M(24%) 0.006s
[2026-06-18T14:29:23.799+0800][16.461s][info][gc,phases   ] GC(49) O: Old Generation
[2026-06-18T14:29:23.800+0800][16.462s][info][gc,phases   ] GC(49) O: Concurrent Mark 0.886ms
[2026-06-18T14:29:23.801+0800][16.462s][info][gc,phases   ] GC(49) O: Pause Mark End 0.011ms
[2026-06-18T14:29:23.801+0800][16.463s][info][gc,phases   ] GC(49) O: Concurrent Mark Free 0.003ms
[2026-06-18T14:29:23.802+0800][16.463s][info][gc,phases   ] GC(49) O: Concurrent Process Non-Strong 0.351ms
[2026-06-18T14:29:23.802+0800][16.464s][info][gc,phases   ] GC(49) O: Concurrent Reset Relocation Set 0.000ms
[2026-06-18T14:29:23.802+0800][16.464s][info][gc,phases   ] GC(49) O: Concurrent Select Relocation Set 0.053ms
[2026-06-18T14:29:23.803+0800][16.464s][info][gc,task     ] GC(49) O: Using 2 Workers for Old Generation
[2026-06-18T14:29:23.803+0800][16.464s][info][gc,task     ] GC(49) O: Using 1 Workers for Old Generation
[2026-06-18T14:29:23.803+0800][16.465s][info][gc,phases   ] GC(49) O: Concurrent Remap Roots 0.511ms
[2026-06-18T14:29:23.804+0800][16.465s][info][gc,phases   ] GC(49) O: Pause Relocate Start 0.006ms
[2026-06-18T14:29:23.804+0800][16.465s][info][gc,phases   ] GC(49) O: Concurrent Relocate 0.058ms
[2026-06-18T14:29:23.804+0800][16.466s][info][gc,alloc    ] GC(49) O:                         Mark Start        Mark End      Relocate Start    Relocate End   
[2026-06-18T14:29:23.804+0800][16.466s][info][gc,alloc    ] GC(49) O: Allocation Stalls:          0                0                0                0         
[2026-06-18T14:29:23.805+0800][16.466s][info][gc,load     ] GC(49) O: Load: 0.55 (2%) / 0.35 (1%) / 0.31 (1%)
[2026-06-18T14:29:23.805+0800][16.466s][info][gc,mmu      ] GC(49) O: MMU: 2ms/97.5%, 5ms/98.6%, 10ms/99.3%, 20ms/99.6%, 50ms/99.8%, 100ms/99.9%
[2026-06-18T14:29:23.805+0800][16.467s][info][gc,marking  ] GC(49) O: Mark: 1 stripe(s), 2 proactive flush(es), 1 terminate flush(es), 0 completion(s), 0 continuation(s) 
[2026-06-18T14:29:23.805+0800][16.467s][info][gc,nmethod  ] GC(49) O: NMethods: 93 registered, 7 unregistered
[2026-06-18T14:29:23.805+0800][16.467s][info][gc,metaspace] GC(49) O: Metaspace: 0M used, 0M committed, 1088M reserved
[2026-06-18T14:29:23.806+0800][16.467s][info][gc,ref      ] GC(49) O:                       Encountered   Discovered     Enqueued 
[2026-06-18T14:29:23.806+0800][16.467s][info][gc,ref      ] GC(49) O: Soft References:                2            0            0 
[2026-06-18T14:29:23.806+0800][16.468s][info][gc,ref      ] GC(49) O: Weak References:                6            0            0 
[2026-06-18T14:29:23.806+0800][16.468s][info][gc,ref      ] GC(49) O: Final References:               0            0            0 
[2026-06-18T14:29:23.807+0800][16.468s][info][gc,ref      ] GC(49) O: Phantom References:             1            1            0 
[2026-06-18T14:29:23.807+0800][16.469s][info][gc,reloc    ] GC(49) O:                        Candidates     Selected     In-Place         Size        Empty    Relocated 
[2026-06-18T14:29:23.807+0800][16.469s][info][gc,reloc    ] GC(49) O: Small Pages:                    1            0            0           2M           0M           0M 
[2026-06-18T14:29:23.808+0800][16.469s][info][gc,reloc    ] GC(49) O: Medium Pages:                   2            0            0          16M          16M           0M 
[2026-06-18T14:29:23.808+0800][16.469s][info][gc,reloc    ] GC(49) O: Large Pages:                    5            0            0          10M          10M           0M 
[2026-06-18T14:29:23.808+0800][16.469s][info][gc,reloc    ] GC(49) O: Forwarding Usage: 0M
[2026-06-18T14:29:23.808+0800][16.470s][info][gc,heap     ] GC(49) O: Min Capacity: 256M(100%)
[2026-06-18T14:29:23.808+0800][16.470s][info][gc,heap     ] GC(49) O: Max Capacity: 256M(100%)
[2026-06-18T14:29:23.809+0800][16.470s][info][gc,heap     ] GC(49) O: Soft Max Capacity: 256M(100%)
[2026-06-18T14:29:23.809+0800][16.470s][info][gc,heap     ] GC(49) O: Heap Statistics:
[2026-06-18T14:29:23.809+0800][16.471s][info][gc,heap     ] GC(49) O:                Mark Start          Mark End        Relocate Start      Relocate End           High               Low         
[2026-06-18T14:29:23.809+0800][16.471s][info][gc,heap     ] GC(49) O:  Capacity:      256M (100%)        256M (100%)        256M (100%)        256M (100%)        256M (100%)        256M (100%)   
[2026-06-18T14:29:23.809+0800][16.471s][info][gc,heap     ] GC(49) O:      Free:      158M (62%)         190M (74%)         212M (83%)         212M (83%)         216M (84%)         158M (62%)    
[2026-06-18T14:29:23.810+0800][16.471s][info][gc,heap     ] GC(49) O:      Used:       98M (38%)          66M (26%)          44M (17%)          44M (17%)          98M (38%)          40M (16%)    
[2026-06-18T14:29:23.810+0800][16.472s][info][gc,heap     ] GC(49) O: Old Generation Statistics:
[2026-06-18T14:29:23.810+0800][16.472s][info][gc,heap     ] GC(49) O:                Mark Start          Mark End        Relocate Start      Relocate End    
[2026-06-18T14:29:23.810+0800][16.472s][info][gc,heap     ] GC(49) O:      Used:       28M (11%)          52M (20%)          26M (10%)          26M (10%)    
[2026-06-18T14:29:23.811+0800][16.472s][info][gc,heap     ] GC(49) O:      Live:         -                 0M (0%)            0M (0%)            0M (0%)     
[2026-06-18T14:29:23.811+0800][16.472s][info][gc,heap     ] GC(49) O:   Garbage:         -                27M (11%)           1M (1%)            1M (1%)     
[2026-06-18T14:29:23.811+0800][16.473s][info][gc,heap     ] GC(49) O: Allocated:         -                24M (9%)           24M (9%)           24M (9%)     
[2026-06-18T14:29:23.811+0800][16.473s][info][gc,heap     ] GC(49) O: Reclaimed:         -                  -                26M (10%)          26M (10%)    
[2026-06-18T14:29:23.812+0800][16.473s][info][gc,heap     ] GC(49) O: Compacted:         -                  -                  -                 0M (0%)     
[2026-06-18T14:29:23.812+0800][16.473s][info][gc,phases   ] GC(49) O: Old Generation 66M(26%)->44M(17%) 0.005s
[2026-06-18T14:29:23.812+0800][16.474s][info][gc          ] GC(49) Major Collection (Proactive) 98M(38%)->44M(17%) 0.030s
[2026-06-18T14:29:24.266+0800][16.927s][info][gc          ] GC(50) Minor Collection (Allocation Rate)
[2026-06-18T14:29:24.267+0800][16.929s][info][gc,task     ] GC(50) Using 1 Workers for Young Generation
[2026-06-18T14:29:24.268+0800][16.930s][info][gc,phases   ] GC(50) y: Young Generation
[2026-06-18T14:29:24.269+0800][16.931s][info][gc,phases   ] GC(50) y: Pause Mark Start 0.014ms
[2026-06-18T14:29:24.271+0800][16.932s][info][gc,phases   ] GC(50) y: Concurrent Mark 0.742ms
[2026-06-18T14:29:24.272+0800][16.934s][info][gc,phases   ] GC(50) y: Pause Mark End 0.012ms
[2026-06-18T14:29:24.273+0800][16.934s][info][gc,phases   ] GC(50) y: Concurrent Mark Free 0.002ms
[2026-06-18T14:29:24.273+0800][16.935s][info][gc,phases   ] GC(50) y: Concurrent Reset Relocation Set 0.005ms
[2026-06-18T14:29:24.274+0800][16.935s][info][gc,reloc    ] GC(50) y: Using tenuring threshold: 1 (Computed)
[2026-06-18T14:29:24.274+0800][16.936s][info][gc,phases   ] GC(50) y: Concurrent Select Relocation Set 0.603ms
[2026-06-18T14:29:24.275+0800][16.936s][info][gc,phases   ] GC(50) y: Pause Relocate Start 0.006ms
[2026-06-18T14:29:24.276+0800][16.937s][info][gc,phases   ] GC(50) y: Concurrent Relocate 0.806ms
[2026-06-18T14:29:24.276+0800][16.938s][info][gc,alloc    ] GC(50) y:                         Mark Start        Mark End      Relocate Start    Relocate End   
[2026-06-18T14:29:24.277+0800][16.938s][info][gc,alloc    ] GC(50) y: Allocation Stalls:          0                0                0                0         
[2026-06-18T14:29:24.278+0800][16.939s][info][gc,load     ] GC(50) y: Load: 0.55 (2%) / 0.35 (1%) / 0.31 (1%)
[2026-06-18T14:29:24.278+0800][16.939s][info][gc,mmu      ] GC(50) y: MMU: 2ms/97.5%, 5ms/98.6%, 10ms/99.3%, 20ms/99.6%, 50ms/99.8%, 100ms/99.9%
[2026-06-18T14:29:24.278+0800][16.940s][info][gc,marking  ] GC(50) y: Mark: 1 stripe(s), 1 proactive flush(es), 1 terminate flush(es), 0 completion(s), 0 continuation(s) 
[2026-06-18T14:29:24.278+0800][16.940s][info][gc,nmethod  ] GC(50) y: NMethods: 93 registered, 7 unregistered
[2026-06-18T14:29:24.279+0800][16.940s][info][gc,metaspace] GC(50) y: Metaspace: 0M used, 0M committed, 1088M reserved
[2026-06-18T14:29:24.279+0800][16.940s][info][gc,reloc    ] GC(50) y:                        Candidates     Selected     In-Place         Size        Empty    Relocated 
[2026-06-18T14:29:24.279+0800][16.941s][info][gc,reloc    ] GC(50) y: Small Pages:                   86           10            0         172M         146M           3M 
[2026-06-18T14:29:24.279+0800][16.941s][info][gc,reloc    ] GC(50) y: Medium Pages:                   4            1            0          32M           8M           2M 
[2026-06-18T14:29:24.280+0800][16.941s][info][gc,reloc    ] GC(50) y: Large Pages:                    1            0            0           2M           0M           0M 
[2026-06-18T14:29:24.280+0800][16.942s][info][gc,reloc    ] GC(50) y: Forwarding Usage: 0M
[2026-06-18T14:29:24.280+0800][16.942s][info][gc,reloc    ] GC(50) y: Age Table:
[2026-06-18T14:29:24.280+0800][16.942s][info][gc,reloc    ] GC(50) y:                    Live             Garbage             Small              Medium             Large        
[2026-06-18T14:29:24.281+0800][16.942s][info][gc,reloc    ] GC(50) y: Eden              14M (6%)          181M (71%)         85 / 10             3 / 1              1 / 0        
[2026-06-18T14:29:24.281+0800][16.942s][info][gc,reloc    ] GC(50) y: Survivor 1          -                10M (4%)           1 / 0              1 / 0              0 / 0        
[2026-06-18T14:29:24.281+0800][16.943s][info][gc,heap     ] GC(50) y: Min Capacity: 256M(100%)
[2026-06-18T14:29:24.281+0800][16.943s][info][gc,heap     ] GC(50) y: Max Capacity: 256M(100%)
[2026-06-18T14:29:24.281+0800][16.943s][info][gc,heap     ] GC(50) y: Soft Max Capacity: 256M(100%)
[2026-06-18T14:29:24.282+0800][16.943s][info][gc,heap     ] GC(50) y: Heap Statistics:
[2026-06-18T14:29:24.282+0800][16.943s][info][gc,heap     ] GC(50) y:                Mark Start          Mark End        Relocate Start      Relocate End           High               Low         
[2026-06-18T14:29:24.282+0800][16.944s][info][gc,heap     ] GC(50) y:  Capacity:      256M (100%)        256M (100%)        256M (100%)        256M (100%)        256M (100%)        256M (100%)   
[2026-06-18T14:29:24.282+0800][16.944s][info][gc,heap     ] GC(50) y:      Free:       24M (9%)           24M (9%)          178M (70%)         206M (80%)         206M (80%)          24M (9%)     
[2026-06-18T14:29:24.283+0800][16.944s][info][gc,heap     ] GC(50) y:      Used:      232M (91%)         232M (91%)          78M (30%)          50M (20%)         232M (91%)          50M (20%)    
[2026-06-18T14:29:24.283+0800][16.945s][info][gc,heap     ] GC(50) y: Young Generation Statistics:
[2026-06-18T14:29:24.283+0800][16.945s][info][gc,heap     ] GC(50) y:                Mark Start          Mark End        Relocate Start      Relocate End    
[2026-06-18T14:29:24.284+0800][16.945s][info][gc,heap     ] GC(50) y:      Used:      206M (80%)         206M (80%)          52M (20%)          24M (9%)     
[2026-06-18T14:29:24.284+0800][16.945s][info][gc,heap     ] GC(50) y:      Live:         -                14M (6%)           14M (6%)           14M (6%)     
[2026-06-18T14:29:24.284+0800][16.946s][info][gc,heap     ] GC(50) y:   Garbage:         -               191M (75%)          37M (15%)           3M (1%)     
[2026-06-18T14:29:24.285+0800][16.946s][info][gc,heap     ] GC(50) y: Allocated:         -                 0M (0%)            0M (0%)            6M (2%)     
[2026-06-18T14:29:24.285+0800][16.946s][info][gc,heap     ] GC(50) y: Reclaimed:         -                  -               154M (60%)         188M (73%)    
[2026-06-18T14:29:24.285+0800][16.946s][info][gc,heap     ] GC(50) y:  Promoted:         -                  -                 0M (0%)            0M (0%)     
[2026-06-18T14:29:24.285+0800][16.947s][info][gc,heap     ] GC(50) y: Compacted:         -                  -                  -                 7M (3%)     
[2026-06-18T14:29:24.285+0800][16.947s][info][gc,phases   ] GC(50) y: Young Generation 232M(91%)->50M(20%) 0.008s
[2026-06-18T14:29:24.286+0800][16.947s][info][gc          ] GC(50) Minor Collection (Allocation Rate) 232M(91%)->54M(21%) 0.020s
[2026-06-18T14:29:24.727+0800][17.389s][info][gc          ] GC(51) Minor Collection (Allocation Rate)
[2026-06-18T14:29:24.728+0800][17.390s][info][gc,task     ] GC(51) Using 2 Workers for Young Generation
[2026-06-18T14:29:24.730+0800][17.391s][info][gc,phases   ] GC(51) y: Young Generation
[2026-06-18T14:29:24.747+0800][17.409s][info][gc,phases   ] GC(51) y: Pause Mark Start 0.016ms
[2026-06-18T14:29:24.761+0800][17.422s][info][gc,phases   ] GC(51) y: Concurrent Mark 0.623ms
[2026-06-18T14:29:24.770+0800][17.431s][info][gc,phases   ] GC(51) y: Pause Mark End 0.014ms
[2026-06-18T14:29:24.773+0800][17.434s][info][gc,phases   ] GC(51) y: Concurrent Mark Free 0.003ms
[2026-06-18T14:29:24.776+0800][17.437s][info][gc,phases   ] GC(51) y: Concurrent Reset Relocation Set 0.002ms
[2026-06-18T14:29:24.778+0800][17.439s][info][gc,reloc    ] GC(51) y: Using tenuring threshold: 2 (Computed)
[2026-06-18T14:29:24.779+0800][17.441s][info][gc,phases   ] GC(51) y: Concurrent Select Relocation Set 1.550ms
[2026-06-18T14:29:24.786+0800][17.447s][info][gc,phases   ] GC(51) y: Pause Relocate Start 0.011ms
[2026-06-18T14:29:24.796+0800][17.458s][info][gc,phases   ] GC(51) y: Concurrent Relocate 0.647ms
[2026-06-18T14:29:24.797+0800][17.459s][info][gc,alloc    ] GC(51) y:                         Mark Start        Mark End      Relocate Start    Relocate End   
[2026-06-18T14:29:24.798+0800][17.460s][info][gc,alloc    ] GC(51) y: Allocation Stalls:          0                0                0                0         
[2026-06-18T14:29:24.801+0800][17.462s][info][gc,load     ] GC(51) y: Load: 0.55 (2%) / 0.35 (1%) / 0.31 (1%)
[2026-06-18T14:29:24.803+0800][17.465s][info][gc,mmu      ] GC(51) y: MMU: 2ms/97.5%, 5ms/98.6%, 10ms/99.3%, 20ms/99.6%, 50ms/99.8%, 100ms/99.9%
[2026-06-18T14:29:24.807+0800][17.468s][info][gc,marking  ] GC(51) y: Mark: 2 stripe(s), 2 proactive flush(es), 1 terminate flush(es), 0 completion(s), 0 continuation(s) 
[2026-06-18T14:29:24.810+0800][17.472s][info][gc,nmethod  ] GC(51) y: NMethods: 93 registered, 7 unregistered
[2026-06-18T14:29:24.812+0800][17.474s][info][gc,metaspace] GC(51) y: Metaspace: 0M used, 0M committed, 1088M reserved
[2026-06-18T14:29:24.815+0800][17.477s][info][gc,reloc    ] GC(51) y:                        Candidates     Selected     In-Place         Size        Empty    Relocated 
[2026-06-18T14:29:24.819+0800][17.481s][info][gc,reloc    ] GC(51) y: Small Pages:                   86            9            0         172M         148M           3M 
[2026-06-18T14:29:24.821+0800][17.483s][info][gc,reloc    ] GC(51) y: Medium Pages:                   5            1            0          40M          16M           1M 
[2026-06-18T14:29:24.823+0800][17.484s][info][gc,reloc    ] GC(51) y: Large Pages:                    3            0            0           6M           0M           0M 
[2026-06-18T14:29:24.825+0800][17.486s][info][gc,reloc    ] GC(51) y: Forwarding Usage: 0M
[2026-06-18T14:29:24.834+0800][17.496s][info][gc,reloc    ] GC(51) y: Age Table:
[2026-06-18T14:29:24.841+0800][17.502s][info][gc,reloc    ] GC(51) y:                    Live             Garbage             Small              Medium             Large        
[2026-06-18T14:29:24.846+0800][17.507s][info][gc,reloc    ] GC(51) y: Eden              14M (6%)          179M (70%)         83 / 9              3 / 0              2 / 0        
[2026-06-18T14:29:24.847+0800][17.508s][info][gc,reloc    ] GC(51) y: Survivor 1         3M (1%)           20M (8%)           3 / 0              2 / 1              1 / 0        
[2026-06-18T14:29:24.851+0800][17.513s][info][gc,heap     ] GC(51) y: Min Capacity: 256M(100%)
[2026-06-18T14:29:24.853+0800][17.515s][info][gc,heap     ] GC(51) y: Max Capacity: 256M(100%)
[2026-06-18T14:29:24.859+0800][17.520s][info][gc,heap     ] GC(51) y: Soft Max Capacity: 256M(100%)
[2026-06-18T14:29:24.860+0800][17.521s][info][gc,heap     ] GC(51) y: Heap Statistics:
[2026-06-18T14:29:24.863+0800][17.524s][info][gc,heap     ] GC(51) y:                Mark Start          Mark End        Relocate Start      Relocate End           High               Low         
[2026-06-18T14:29:24.865+0800][17.527s][info][gc,heap     ] GC(51) y:  Capacity:      256M (100%)        256M (100%)        256M (100%)        256M (100%)        256M (100%)        256M (100%)   
[2026-06-18T14:29:24.869+0800][17.531s][info][gc,heap     ] GC(51) y:      Free:       12M (5%)            6M (2%)          160M (62%)         174M (68%)         174M (68%)           0M (0%)     
[2026-06-18T14:29:24.875+0800][17.536s][info][gc,heap     ] GC(51) y:      Used:      244M (95%)         250M (98%)          96M (38%)          82M (32%)         256M (100%)         82M (32%)    
[2026-06-18T14:29:24.877+0800][17.539s][info][gc,heap     ] GC(51) y: Young Generation Statistics:
[2026-06-18T14:29:24.881+0800][17.543s][info][gc,heap     ] GC(51) y:                Mark Start          Mark End        Relocate Start      Relocate End    
[2026-06-18T14:29:24.886+0800][17.548s][info][gc,heap     ] GC(51) y:      Used:      218M (85%)         224M (88%)          70M (27%)          56M (22%)    
[2026-06-18T14:29:24.889+0800][17.550s][info][gc,heap     ] GC(51) y:      Live:         -                18M (7%)           18M (7%)           18M (7%)     
[2026-06-18T14:29:24.894+0800][17.555s][info][gc,heap     ] GC(51) y:   Garbage:         -               199M (78%)          35M (14%)           2M (1%)     
[2026-06-18T14:29:24.895+0800][17.556s][info][gc,heap     ] GC(51) y: Allocated:         -                 6M (2%)           16M (6%)           34M (14%)    
[2026-06-18T14:29:24.899+0800][17.560s][info][gc,heap     ] GC(51) y: Reclaimed:         -                  -               164M (64%)         196M (77%)    
[2026-06-18T14:29:24.902+0800][17.564s][info][gc,heap     ] GC(51) y:  Promoted:         -                  -                 0M (0%)            0M (0%)     
[2026-06-18T14:29:24.907+0800][17.569s][info][gc,heap     ] GC(51) y: Compacted:         -                  -                  -                 7M (3%)     
[2026-06-18T14:29:24.909+0800][17.571s][info][gc,phases   ] GC(51) y: Young Generation 244M(95%)->82M(32%) 0.068s
[2026-06-18T14:29:24.911+0800][17.573s][info][gc          ] GC(51) Minor Collection (Allocation Rate) 240M(94%)->130M(51%) 0.184s
[2026-06-18T14:29:24.964+0800][17.625s][info][gc          ] GC(52) Minor Collection (Allocation Rate)
[2026-06-18T14:29:24.965+0800][17.627s][info][gc,task     ] GC(52) Using 1 Workers for Young Generation
[2026-06-18T14:29:24.966+0800][17.628s][info][gc,phases   ] GC(52) y: Young Generation
[2026-06-18T14:29:24.967+0800][17.628s][info][gc,phases   ] GC(52) y: Pause Mark Start 0.014ms
[2026-06-18T14:29:24.968+0800][17.630s][info][gc,phases   ] GC(52) y: Concurrent Mark 0.575ms
[2026-06-18T14:29:24.969+0800][17.630s][info][gc,phases   ] GC(52) y: Pause Mark End 0.010ms
[2026-06-18T14:29:24.970+0800][17.631s][info][gc,phases   ] GC(52) y: Concurrent Mark Free 0.002ms
[2026-06-18T14:29:24.970+0800][17.632s][info][gc,phases   ] GC(52) y: Concurrent Reset Relocation Set 0.002ms
[2026-06-18T14:29:24.971+0800][17.632s][info][gc,reloc    ] GC(52) y: Using tenuring threshold: 3 (Computed)
[2026-06-18T14:29:24.971+0800][17.633s][info][gc,phases   ] GC(52) y: Concurrent Select Relocation Set 0.603ms
[2026-06-18T14:29:24.972+0800][17.633s][info][gc,phases   ] GC(52) y: Pause Relocate Start 0.008ms
[2026-06-18T14:29:24.973+0800][17.635s][info][gc,phases   ] GC(52) y: Concurrent Relocate 0.986ms
[2026-06-18T14:29:24.974+0800][17.635s][info][gc,alloc    ] GC(52) y:                         Mark Start        Mark End      Relocate Start    Relocate End   
[2026-06-18T14:29:24.974+0800][17.636s][info][gc,alloc    ] GC(52) y: Allocation Stalls:          0                0                0                0         
[2026-06-18T14:29:24.975+0800][17.636s][info][gc,load     ] GC(52) y: Load: 0.55 (2%) / 0.35 (1%) / 0.31 (1%)
[2026-06-18T14:29:24.975+0800][17.637s][info][gc,mmu      ] GC(52) y: MMU: 2ms/97.5%, 5ms/98.6%, 10ms/99.3%, 20ms/99.6%, 50ms/99.8%, 100ms/99.9%
[2026-06-18T14:29:24.975+0800][17.637s][info][gc,marking  ] GC(52) y: Mark: 1 stripe(s), 1 proactive flush(es), 1 terminate flush(es), 0 completion(s), 0 continuation(s) 
[2026-06-18T14:29:24.976+0800][17.637s][info][gc,nmethod  ] GC(52) y: NMethods: 93 registered, 7 unregistered
[2026-06-18T14:29:24.976+0800][17.637s][info][gc,metaspace] GC(52) y: Metaspace: 0M used, 0M committed, 1088M reserved
[2026-06-18T14:29:24.976+0800][17.638s][info][gc,reloc    ] GC(52) y:                        Candidates     Selected     In-Place         Size        Empty    Relocated 
[2026-06-18T14:29:24.977+0800][17.638s][info][gc,reloc    ] GC(52) y: Small Pages:                   41           12            0          82M          50M           4M 
[2026-06-18T14:29:24.977+0800][17.638s][info][gc,reloc    ] GC(52) y: Medium Pages:                   5            1            0          34M           8M           1M 
[2026-06-18T14:29:24.977+0800][17.638s][info][gc,reloc    ] GC(52) y: Large Pages:                    5            0            0          10M           0M           0M 
[2026-06-18T14:29:24.977+0800][17.639s][info][gc,reloc    ] GC(52) y: Forwarding Usage: 0M
[2026-06-18T14:29:24.978+0800][17.639s][info][gc,reloc    ] GC(52) y: Age Table:
[2026-06-18T14:29:24.978+0800][17.639s][info][gc,reloc    ] GC(52) y:                    Live             Garbage             Small              Medium             Large        
[2026-06-18T14:29:24.978+0800][17.640s][info][gc,reloc    ] GC(52) y: Eden              17M (7%)           72M (28%)         38 / 11             2 / 0              2 / 0        
[2026-06-18T14:29:24.978+0800][17.640s][info][gc,reloc    ] GC(52) y: Survivor 1         5M (2%)           20M (8%)           3 / 1              2 / 0              2 / 0        
[2026-06-18T14:29:24.979+0800][17.640s][info][gc,reloc    ] GC(52) y: Survivor 2         3M (1%)            6M (2%)           0 / 0              1 / 1              1 / 0        
[2026-06-18T14:29:24.979+0800][17.640s][info][gc,heap     ] GC(52) y: Min Capacity: 256M(100%)
[2026-06-18T14:29:24.979+0800][17.641s][info][gc,heap     ] GC(52) y: Max Capacity: 256M(100%)
[2026-06-18T14:29:24.979+0800][17.641s][info][gc,heap     ] GC(52) y: Soft Max Capacity: 256M(100%)
[2026-06-18T14:29:24.980+0800][17.641s][info][gc,heap     ] GC(52) y: Heap Statistics:
[2026-06-18T14:29:24.980+0800][17.641s][info][gc,heap     ] GC(52) y:                Mark Start          Mark End        Relocate Start      Relocate End           High               Low         
[2026-06-18T14:29:24.980+0800][17.641s][info][gc,heap     ] GC(52) y:  Capacity:      256M (100%)        256M (100%)        256M (100%)        256M (100%)        256M (100%)        256M (100%)   
[2026-06-18T14:29:24.981+0800][17.643s][info][gc,heap     ] GC(52) y:      Free:      104M (41%)         104M (41%)         162M (63%)         186M (73%)         186M (73%)         104M (41%)    
[2026-06-18T14:29:24.983+0800][17.644s][info][gc,heap     ] GC(52) y:      Used:      152M (59%)         152M (59%)          94M (37%)          70M (27%)         152M (59%)          70M (27%)    
[2026-06-18T14:29:24.986+0800][17.647s][info][gc,heap     ] GC(52) y: Young Generation Statistics:
[2026-06-18T14:29:24.990+0800][17.652s][info][gc,heap     ] GC(52) y:                Mark Start          Mark End        Relocate Start      Relocate End    
[2026-06-18T14:29:24.995+0800][17.657s][info][gc,heap     ] GC(52) y:      Used:      126M (49%)         126M (49%)          68M (27%)          44M (17%)    
[2026-06-18T14:29:24.997+0800][17.658s][info][gc,heap     ] GC(52) y:      Live:         -                26M (10%)          26M (10%)          26M (10%)    
[2026-06-18T14:29:24.997+0800][17.659s][info][gc,heap     ] GC(52) y:   Garbage:         -                99M (39%)          41M (16%)           2M (1%)     
[2026-06-18T14:29:24.998+0800][17.659s][info][gc,heap     ] GC(52) y: Allocated:         -                 0M (0%)            0M (0%)           14M (6%)     
[2026-06-18T14:29:24.999+0800][17.660s][info][gc,heap     ] GC(52) y: Reclaimed:         -                  -                58M (23%)          96M (38%)    
[2026-06-18T14:29:24.999+0800][17.661s][info][gc,heap     ] GC(52) y:  Promoted:         -                  -                 0M (0%)            0M (0%)     
[2026-06-18T14:29:25.000+0800][17.661s][info][gc,heap     ] GC(52) y: Compacted:         -                  -                  -                 9M (4%)     
[2026-06-18T14:29:25.000+0800][17.662s][info][gc,phases   ] GC(52) y: Young Generation 152M(59%)->70M(27%) 0.008s
[2026-06-18T14:29:25.000+0800][17.662s][info][gc          ] GC(52) Minor Collection (Allocation Rate) 152M(59%)->90M(35%) 0.037s
[2026-06-18T14:29:25.215+0800][17.877s][info][gc          ] GC(53) Major Collection (Allocation Rate)
[2026-06-18T14:29:25.216+0800][17.878s][info][gc,task     ] GC(53) Using 1 Workers for Young Generation
[2026-06-18T14:29:25.217+0800][17.878s][info][gc,task     ] GC(53) Using 1 Workers for Old Generation
[2026-06-18T14:29:25.217+0800][17.879s][info][gc,phases   ] GC(53) Y: Young Generation
[2026-06-18T14:29:25.218+0800][17.880s][info][gc,phases   ] GC(53) Y: Pause Mark Start (Major) 0.015ms
[2026-06-18T14:29:25.220+0800][17.881s][info][gc,phases   ] GC(53) Y: Concurrent Mark 0.760ms
[2026-06-18T14:29:25.220+0800][17.882s][info][gc,phases   ] GC(53) Y: Pause Mark End 0.010ms
[2026-06-18T14:29:25.221+0800][17.883s][info][gc,phases   ] GC(53) Y: Concurrent Mark Free 0.001ms
[2026-06-18T14:29:25.222+0800][17.883s][info][gc,phases   ] GC(53) Y: Concurrent Reset Relocation Set 0.002ms
[2026-06-18T14:29:25.222+0800][17.884s][info][gc,reloc    ] GC(53) Y: Using tenuring threshold: 4 (Computed)
[2026-06-18T14:29:25.223+0800][17.884s][info][gc,phases   ] GC(53) Y: Concurrent Select Relocation Set 0.558ms
[2026-06-18T14:29:25.223+0800][17.885s][info][gc,phases   ] GC(53) Y: Pause Relocate Start 0.008ms
[2026-06-18T14:29:25.224+0800][17.886s][info][gc,phases   ] GC(53) Y: Concurrent Relocate 0.867ms
[2026-06-18T14:29:25.225+0800][17.886s][info][gc,alloc    ] GC(53) Y:                         Mark Start        Mark End      Relocate Start    Relocate End   
[2026-06-18T14:29:25.225+0800][17.887s][info][gc,alloc    ] GC(53) Y: Allocation Stalls:          0                0                0                0         
[2026-06-18T14:29:25.226+0800][17.887s][info][gc,load     ] GC(53) Y: Load: 0.51 (2%) / 0.35 (1%) / 0.31 (1%)
[2026-06-18T14:29:25.226+0800][17.887s][info][gc,mmu      ] GC(53) Y: MMU: 2ms/97.5%, 5ms/98.6%, 10ms/99.3%, 20ms/99.6%, 50ms/99.8%, 100ms/99.9%
[2026-06-18T14:29:25.226+0800][17.888s][info][gc,marking  ] GC(53) Y: Mark: 1 stripe(s), 1 proactive flush(es), 1 terminate flush(es), 0 completion(s), 0 continuation(s) 
[2026-06-18T14:29:25.226+0800][17.888s][info][gc,nmethod  ] GC(53) Y: NMethods: 93 registered, 7 unregistered
[2026-06-18T14:29:25.227+0800][17.888s][info][gc,metaspace] GC(53) Y: Metaspace: 0M used, 0M committed, 1088M reserved
[2026-06-18T14:29:25.227+0800][17.888s][info][gc,reloc    ] GC(53) Y:                        Candidates     Selected     In-Place         Size        Empty    Relocated 
[2026-06-18T14:29:25.227+0800][17.889s][info][gc,reloc    ] GC(53) Y: Small Pages:                   49            9            0          98M          74M           2M 
[2026-06-18T14:29:25.227+0800][17.889s][info][gc,reloc    ] GC(53) Y: Medium Pages:                   6            1            0          42M          18M           2M 
[2026-06-18T14:29:25.227+0800][17.889s][info][gc,reloc    ] GC(53) Y: Large Pages:                    5            0            0          10M           0M           0M 
[2026-06-18T14:29:25.228+0800][17.889s][info][gc,reloc    ] GC(53) Y: Forwarding Usage: 0M
[2026-06-18T14:29:25.228+0800][17.889s][info][gc,reloc    ] GC(53) Y: Age Table:
[2026-06-18T14:29:25.228+0800][17.890s][info][gc,reloc    ] GC(53) Y:                    Live             Garbage             Small              Medium             Large        
[2026-06-18T14:29:25.228+0800][17.890s][info][gc,reloc    ] GC(53) Y: Eden              12M (5%)           93M (37%)         45 / 9              2 / 1              0 / 0        
[2026-06-18T14:29:25.229+0800][17.890s][info][gc,reloc    ] GC(53) Y: Survivor 1         4M (2%)           16M (6%)           3 / 0              2 / 0              2 / 0        
[2026-06-18T14:29:25.229+0800][17.890s][info][gc,reloc    ] GC(53) Y: Survivor 2         4M (2%)           10M (4%)           1 / 0              1 / 0              2 / 0        
[2026-06-18T14:29:25.229+0800][17.890s][info][gc,reloc    ] GC(53) Y: Survivor 3         3M (1%)            6M (2%)           0 / 0              1 / 0              1 / 0        
[2026-06-18T14:29:25.229+0800][17.891s][info][gc,heap     ] GC(53) Y: Min Capacity: 256M(100%)
[2026-06-18T14:29:25.229+0800][17.891s][info][gc,heap     ] GC(53) Y: Max Capacity: 256M(100%)
[2026-06-18T14:29:25.230+0800][17.891s][info][gc,heap     ] GC(53) Y: Soft Max Capacity: 256M(100%)
[2026-06-18T14:29:25.230+0800][17.891s][info][gc,heap     ] GC(53) Y: Heap Statistics:
[2026-06-18T14:29:25.230+0800][17.892s][info][gc,heap     ] GC(53) Y:                Mark Start          Mark End        Relocate Start      Relocate End           High               Low         
[2026-06-18T14:29:25.231+0800][17.892s][info][gc,heap     ] GC(53) Y:  Capacity:      256M (100%)        256M (100%)        256M (100%)        256M (100%)        256M (100%)        256M (100%)   
[2026-06-18T14:29:25.231+0800][17.893s][info][gc,heap     ] GC(53) Y:      Free:       80M (31%)          80M (31%)         172M (67%)         190M (74%)         190M (74%)          80M (31%)    
[2026-06-18T14:29:25.231+0800][17.893s][info][gc,heap     ] GC(53) Y:      Used:      176M (69%)         176M (69%)          84M (33%)          66M (26%)         176M (69%)          66M (26%)    
[2026-06-18T14:29:25.231+0800][17.893s][info][gc,heap     ] GC(53) Y: Young Generation Statistics:
[2026-06-18T14:29:25.232+0800][17.893s][info][gc,heap     ] GC(53) Y:                Mark Start          Mark End        Relocate Start      Relocate End    
[2026-06-18T14:29:25.232+0800][17.893s][info][gc,heap     ] GC(53) Y:      Used:      150M (59%)         150M (59%)          58M (23%)          40M (16%)    
[2026-06-18T14:29:25.232+0800][17.894s][info][gc,heap     ] GC(53) Y:      Live:         -                23M (9%)           23M (9%)           23M (9%)     
[2026-06-18T14:29:25.233+0800][17.894s][info][gc,heap     ] GC(53) Y:   Garbage:         -               126M (49%)          34M (13%)           3M (1%)     
[2026-06-18T14:29:25.233+0800][17.894s][info][gc,heap     ] GC(53) Y: Allocated:         -                 0M (0%)            0M (0%)           12M (5%)     
[2026-06-18T14:29:25.233+0800][17.895s][info][gc,heap     ] GC(53) Y: Reclaimed:         -                  -                92M (36%)         122M (48%)    
[2026-06-18T14:29:25.233+0800][17.895s][info][gc,heap     ] GC(53) Y:  Promoted:         -                  -                 0M (0%)            0M (0%)     
[2026-06-18T14:29:25.234+0800][17.895s][info][gc,heap     ] GC(53) Y: Compacted:         -                  -                  -                 7M (3%)     
[2026-06-18T14:29:25.234+0800][17.895s][info][gc,phases   ] GC(53) Y: Young Generation 176M(69%)->66M(26%) 0.007s
[2026-06-18T14:29:25.234+0800][17.896s][info][gc,phases   ] GC(53) O: Old Generation
[2026-06-18T14:29:25.235+0800][17.897s][info][gc,phases   ] GC(53) O: Concurrent Mark 0.895ms
[2026-06-18T14:29:25.236+0800][17.897s][info][gc,phases   ] GC(53) O: Pause Mark End 0.010ms
[2026-06-18T14:29:25.236+0800][17.898s][info][gc,phases   ] GC(53) O: Concurrent Mark Free 0.003ms
[2026-06-18T14:29:25.237+0800][17.898s][info][gc,phases   ] GC(53) O: Concurrent Process Non-Strong 0.289ms
[2026-06-18T14:29:25.237+0800][17.899s][info][gc,phases   ] GC(53) O: Concurrent Reset Relocation Set 0.000ms
[2026-06-18T14:29:25.238+0800][17.899s][info][gc,phases   ] GC(53) O: Concurrent Select Relocation Set 0.051ms
[2026-06-18T14:29:25.238+0800][17.899s][info][gc,task     ] GC(53) O: Using 2 Workers for Old Generation
[2026-06-18T14:29:25.238+0800][17.900s][info][gc,task     ] GC(53) O: Using 1 Workers for Old Generation
[2026-06-18T14:29:25.238+0800][17.900s][info][gc,phases   ] GC(53) O: Concurrent Remap Roots 0.510ms
[2026-06-18T14:29:25.239+0800][17.900s][info][gc,phases   ] GC(53) O: Pause Relocate Start 0.008ms
[2026-06-18T14:29:25.239+0800][17.901s][info][gc,phases   ] GC(53) O: Concurrent Relocate 0.061ms
[2026-06-18T14:29:25.239+0800][17.901s][info][gc,alloc    ] GC(53) O:                         Mark Start        Mark End      Relocate Start    Relocate End   
[2026-06-18T14:29:25.240+0800][17.901s][info][gc,alloc    ] GC(53) O: Allocation Stalls:          0                0                0                0         
[2026-06-18T14:29:25.240+0800][17.901s][info][gc,load     ] GC(53) O: Load: 0.51 (2%) / 0.35 (1%) / 0.31 (1%)
[2026-06-18T14:29:25.240+0800][17.902s][info][gc,mmu      ] GC(53) O: MMU: 2ms/97.5%, 5ms/98.6%, 10ms/99.3%, 20ms/99.6%, 50ms/99.8%, 100ms/99.9%
[2026-06-18T14:29:25.240+0800][17.902s][info][gc,marking  ] GC(53) O: Mark: 1 stripe(s), 2 proactive flush(es), 1 terminate flush(es), 0 completion(s), 0 continuation(s) 
[2026-06-18T14:29:25.240+0800][17.902s][info][gc,nmethod  ] GC(53) O: NMethods: 93 registered, 7 unregistered
[2026-06-18T14:29:25.241+0800][17.902s][info][gc,metaspace] GC(53) O: Metaspace: 0M used, 0M committed, 1088M reserved
[2026-06-18T14:29:25.241+0800][17.902s][info][gc,ref      ] GC(53) O:                       Encountered   Discovered     Enqueued 
[2026-06-18T14:29:25.241+0800][17.903s][info][gc,ref      ] GC(53) O: Soft References:                2            0            0 
[2026-06-18T14:29:25.241+0800][17.903s][info][gc,ref      ] GC(53) O: Weak References:                6            0            0 
[2026-06-18T14:29:25.242+0800][17.903s][info][gc,ref      ] GC(53) O: Final References:               0            0            0 
[2026-06-18T14:29:25.242+0800][17.903s][info][gc,ref      ] GC(53) O: Phantom References:             1            1            0 
[2026-06-18T14:29:25.242+0800][17.904s][info][gc,reloc    ] GC(53) O:                        Candidates     Selected     In-Place         Size        Empty    Relocated 
[2026-06-18T14:29:25.242+0800][17.904s][info][gc,reloc    ] GC(53) O: Small Pages:                    5            0            0          10M           8M           0M 
[2026-06-18T14:29:25.243+0800][17.904s][info][gc,reloc    ] GC(53) O: Medium Pages:                   1            0            0           8M           8M           0M 
[2026-06-18T14:29:25.243+0800][17.904s][info][gc,reloc    ] GC(53) O: Large Pages:                    4            0            0           8M           6M           0M 
[2026-06-18T14:29:25.243+0800][17.905s][info][gc,reloc    ] GC(53) O: Forwarding Usage: 0M
[2026-06-18T14:29:25.243+0800][17.905s][info][gc,heap     ] GC(53) O: Min Capacity: 256M(100%)
[2026-06-18T14:29:25.244+0800][17.905s][info][gc,heap     ] GC(53) O: Max Capacity: 256M(100%)
[2026-06-18T14:29:25.244+0800][17.905s][info][gc,heap     ] GC(53) O: Soft Max Capacity: 256M(100%)
[2026-06-18T14:29:25.244+0800][17.906s][info][gc,heap     ] GC(53) O: Heap Statistics:
[2026-06-18T14:29:25.245+0800][17.906s][info][gc,heap     ] GC(53) O:                Mark Start          Mark End        Relocate Start      Relocate End           High               Low         
[2026-06-18T14:29:25.245+0800][17.906s][info][gc,heap     ] GC(53) O:  Capacity:      256M (100%)        256M (100%)        256M (100%)        256M (100%)        256M (100%)        256M (100%)   
[2026-06-18T14:29:25.245+0800][17.907s][info][gc,heap     ] GC(53) O:      Free:       80M (31%)         182M (71%)         204M (80%)         204M (80%)         204M (80%)          80M (31%)    
[2026-06-18T14:29:25.245+0800][17.907s][info][gc,heap     ] GC(53) O:      Used:      176M (69%)          74M (29%)          52M (20%)          52M (20%)         176M (69%)          52M (20%)    
[2026-06-18T14:29:25.246+0800][17.907s][info][gc,heap     ] GC(53) O: Old Generation Statistics:
[2026-06-18T14:29:25.246+0800][17.907s][info][gc,heap     ] GC(53) O:                Mark Start          Mark End        Relocate Start      Relocate End    
[2026-06-18T14:29:25.246+0800][17.908s][info][gc,heap     ] GC(53) O:      Used:       26M (10%)          26M (10%)           4M (2%)            4M (2%)     
[2026-06-18T14:29:25.246+0800][17.908s][info][gc,heap     ] GC(53) O:      Live:         -                 2M (1%)            2M (1%)            2M (1%)     
[2026-06-18T14:29:25.247+0800][17.908s][info][gc,heap     ] GC(53) O:   Garbage:         -                23M (9%)            1M (1%)            1M (1%)     
[2026-06-18T14:29:25.247+0800][17.908s][info][gc,heap     ] GC(53) O: Allocated:         -                 0M (0%)            0M (0%)            0M (0%)     
[2026-06-18T14:29:25.247+0800][17.909s][info][gc,heap     ] GC(53) O: Reclaimed:         -                  -                22M (9%)           22M (9%)     
[2026-06-18T14:29:25.248+0800][17.909s][info][gc,heap     ] GC(53) O: Compacted:         -                  -                  -                 0M (0%)     
[2026-06-18T14:29:25.248+0800][17.910s][info][gc,phases   ] GC(53) O: Old Generation 70M(27%)->52M(20%) 0.005s
[2026-06-18T14:29:25.248+0800][17.910s][info][gc          ] GC(53) Major Collection (Allocation Rate) 176M(69%)->64M(25%) 0.033s
[2026-06-18T14:29:25.612+0800][18.274s][info][gc          ] GC(54) Minor Collection (Allocation Rate)
[2026-06-18T14:29:25.613+0800][18.275s][info][gc,task     ] GC(54) Using 1 Workers for Young Generation
[2026-06-18T14:29:25.614+0800][18.275s][info][gc,phases   ] GC(54) y: Young Generation
[2026-06-18T14:29:25.614+0800][18.276s][info][gc,phases   ] GC(54) y: Pause Mark Start 0.012ms
[2026-06-18T14:29:25.615+0800][18.277s][info][gc,phases   ] GC(54) y: Concurrent Mark 0.421ms
[2026-06-18T14:29:25.616+0800][18.277s][info][gc,phases   ] GC(54) y: Pause Mark End 0.007ms
[2026-06-18T14:29:25.616+0800][18.278s][info][gc,phases   ] GC(54) y: Concurrent Mark Free 0.001ms
[2026-06-18T14:29:25.617+0800][18.278s][info][gc,phases   ] GC(54) y: Concurrent Reset Relocation Set 0.002ms
[2026-06-18T14:29:25.617+0800][18.279s][info][gc,reloc    ] GC(54) y: Using tenuring threshold: 2 (Computed)
[2026-06-18T14:29:25.618+0800][18.279s][info][gc,phases   ] GC(54) y: Concurrent Select Relocation Set 0.610ms
[2026-06-18T14:29:25.618+0800][18.280s][info][gc,phases   ] GC(54) y: Pause Relocate Start 0.005ms
[2026-06-18T14:29:25.619+0800][18.281s][info][gc,phases   ] GC(54) y: Concurrent Relocate 0.717ms
[2026-06-18T14:29:25.620+0800][18.281s][info][gc,alloc    ] GC(54) y:                         Mark Start        Mark End      Relocate Start    Relocate End   
[2026-06-18T14:29:25.620+0800][18.282s][info][gc,alloc    ] GC(54) y: Allocation Stalls:          0                0                0                0         
[2026-06-18T14:29:25.621+0800][18.282s][info][gc,load     ] GC(54) y: Load: 0.51 (2%) / 0.35 (1%) / 0.31 (1%)
[2026-06-18T14:29:25.621+0800][18.283s][info][gc,mmu      ] GC(54) y: MMU: 2ms/97.5%, 5ms/98.6%, 10ms/99.3%, 20ms/99.6%, 50ms/99.8%, 100ms/99.9%
[2026-06-18T14:29:25.621+0800][18.283s][info][gc,marking  ] GC(54) y: Mark: 1 stripe(s), 1 proactive flush(es), 1 terminate flush(es), 0 completion(s), 0 continuation(s) 
[2026-06-18T14:29:25.622+0800][18.283s][info][gc,nmethod  ] GC(54) y: NMethods: 93 registered, 7 unregistered
[2026-06-18T14:29:25.622+0800][18.284s][info][gc,metaspace] GC(54) y: Metaspace: 0M used, 0M committed, 1088M reserved
[2026-06-18T14:29:25.622+0800][18.284s][info][gc,reloc    ] GC(54) y:                        Candidates     Selected     In-Place         Size        Empty    Relocated 
[2026-06-18T14:29:25.623+0800][18.284s][info][gc,reloc    ] GC(54) y: Small Pages:                   72           11            0         144M         114M           2M 
[2026-06-18T14:29:25.623+0800][18.285s][info][gc,reloc    ] GC(54) y: Medium Pages:                   5            1            0          40M          16M           2M 
[2026-06-18T14:29:25.623+0800][18.285s][info][gc,reloc    ] GC(54) y: Large Pages:                    7            0            0          14M           4M           0M 
[2026-06-18T14:29:25.624+0800][18.285s][info][gc,reloc    ] GC(54) y: Forwarding Usage: 0M
[2026-06-18T14:29:25.624+0800][18.285s][info][gc,reloc    ] GC(54) y: Age Table:
[2026-06-18T14:29:25.624+0800][18.286s][info][gc,reloc    ] GC(54) y:                    Live             Garbage             Small              Medium             Large        
[2026-06-18T14:29:25.624+0800][18.286s][info][gc,reloc    ] GC(54) y: Eden              19M (7%)          138M (54%)         69 / 11             2 / 1              2 / 0        
[2026-06-18T14:29:25.625+0800][18.286s][info][gc,reloc    ] GC(54) y: Survivor 1         0M (0%)           21M (8%)           3 / 0              2 / 0              0 / 0        
[2026-06-18T14:29:25.625+0800][18.286s][info][gc,reloc    ] GC(54) y: Survivor 2         4M (2%)            0M (0%)           0 / 0              0 / 0              2 / 0        
[2026-06-18T14:29:25.625+0800][18.287s][info][gc,reloc    ] GC(54) y: Survivor 3         2M (1%)            2M (1%)           0 / 0              0 / 0              2 / 0        
[2026-06-18T14:29:25.626+0800][18.287s][info][gc,reloc    ] GC(54) y: Survivor 4          -                10M (4%)           0 / 0              1 / 0              1 / 0        
[2026-06-18T14:29:25.626+0800][18.288s][info][gc,heap     ] GC(54) y: Min Capacity: 256M(100%)
[2026-06-18T14:29:25.626+0800][18.288s][info][gc,heap     ] GC(54) y: Max Capacity: 256M(100%)
[2026-06-18T14:29:25.626+0800][18.288s][info][gc,heap     ] GC(54) y: Soft Max Capacity: 256M(100%)
[2026-06-18T14:29:25.627+0800][18.288s][info][gc,heap     ] GC(54) y: Heap Statistics:
[2026-06-18T14:29:25.627+0800][18.289s][info][gc,heap     ] GC(54) y:                Mark Start          Mark End        Relocate Start      Relocate End           High               Low         
[2026-06-18T14:29:25.627+0800][18.289s][info][gc,heap     ] GC(54) y:  Capacity:      256M (100%)        256M (100%)        256M (100%)        256M (100%)        256M (100%)        256M (100%)   
[2026-06-18T14:29:25.628+0800][18.289s][info][gc,heap     ] GC(54) y:      Free:       54M (21%)          54M (21%)         188M (73%)         210M (82%)         210M (82%)          54M (21%)    
[2026-06-18T14:29:25.628+0800][18.289s][info][gc,heap     ] GC(54) y:      Used:      202M (79%)         202M (79%)          68M (27%)          46M (18%)         202M (79%)          46M (18%)    
[2026-06-18T14:29:25.628+0800][18.290s][info][gc,heap     ] GC(54) y: Young Generation Statistics:
[2026-06-18T14:29:25.628+0800][18.290s][info][gc,heap     ] GC(54) y:                Mark Start          Mark End        Relocate Start      Relocate End    
[2026-06-18T14:29:25.629+0800][18.290s][info][gc,heap     ] GC(54) y:      Used:      198M (77%)         198M (77%)          58M (23%)          36M (14%)    
[2026-06-18T14:29:25.629+0800][18.290s][info][gc,heap     ] GC(54) y:      Live:         -                25M (10%)          19M (8%)           19M (8%)     
[2026-06-18T14:29:25.629+0800][18.291s][info][gc,heap     ] GC(54) y:   Garbage:         -               172M (67%)          38M (15%)           2M (1%)     
[2026-06-18T14:29:25.629+0800][18.291s][info][gc,heap     ] GC(54) y: Allocated:         -                 0M (0%)            0M (0%)           13M (5%)     
[2026-06-18T14:29:25.630+0800][18.291s][info][gc,heap     ] GC(54) y: Reclaimed:         -                  -               134M (52%)         169M (66%)    
[2026-06-18T14:29:25.630+0800][18.291s][info][gc,heap     ] GC(54) y:  Promoted:         -                  -                 6M (2%)            6M (2%)     
[2026-06-18T14:29:25.630+0800][18.292s][info][gc,heap     ] GC(54) y: Compacted:         -                  -                  -                 6M (2%)     
[2026-06-18T14:29:25.630+0800][18.292s][info][gc,phases   ] GC(54) y: Young Generation 202M(79%)->46M(18%) 0.006s
[2026-06-18T14:29:25.631+0800][18.292s][info][gc          ] GC(54) Minor Collection (Allocation Rate) 202M(79%)->58M(23%) 0.019s
[2026-06-18T14:29:26.044+0800][18.705s][info][gc          ] GC(55) Minor Collection (Allocation Rate)
[2026-06-18T14:29:26.045+0800][18.706s][info][gc,task     ] GC(55) Using 1 Workers for Young Generation
[2026-06-18T14:29:26.045+0800][18.707s][info][gc,phases   ] GC(55) y: Young Generation
[2026-06-18T14:29:26.046+0800][18.707s][info][gc,phases   ] GC(55) y: Pause Mark Start 0.011ms
[2026-06-18T14:29:26.046+0800][18.708s][info][gc,phases   ] GC(55) y: Concurrent Mark 0.367ms
[2026-06-18T14:29:26.047+0800][18.709s][info][gc,phases   ] GC(55) y: Pause Mark End 0.009ms
[2026-06-18T14:29:26.047+0800][18.709s][info][gc,phases   ] GC(55) y: Concurrent Mark Free 0.002ms
[2026-06-18T14:29:26.048+0800][18.709s][info][gc,phases   ] GC(55) y: Concurrent Reset Relocation Set 0.004ms
[2026-06-18T14:29:26.048+0800][18.710s][info][gc,reloc    ] GC(55) y: Using tenuring threshold: 3 (Computed)
[2026-06-18T14:29:26.049+0800][18.710s][info][gc,phases   ] GC(55) y: Concurrent Select Relocation Set 0.737ms
[2026-06-18T14:29:26.049+0800][18.711s][info][gc,phases   ] GC(55) y: Pause Relocate Start 0.007ms
[2026-06-18T14:29:26.051+0800][18.712s][info][gc,phases   ] GC(55) y: Concurrent Relocate 0.776ms
[2026-06-18T14:29:26.051+0800][18.713s][info][gc,alloc    ] GC(55) y:                         Mark Start        Mark End      Relocate Start    Relocate End   
[2026-06-18T14:29:26.051+0800][18.713s][info][gc,alloc    ] GC(55) y: Allocation Stalls:          0                0                0                0         
[2026-06-18T14:29:26.052+0800][18.713s][info][gc,load     ] GC(55) y: Load: 0.51 (2%) / 0.35 (1%) / 0.31 (1%)
[2026-06-18T14:29:26.052+0800][18.713s][info][gc,mmu      ] GC(55) y: MMU: 2ms/97.5%, 5ms/98.6%, 10ms/99.3%, 20ms/99.6%, 50ms/99.8%, 100ms/99.9%
[2026-06-18T14:29:26.052+0800][18.714s][info][gc,marking  ] GC(55) y: Mark: 1 stripe(s), 1 proactive flush(es), 1 terminate flush(es), 0 completion(s), 0 continuation(s) 
[2026-06-18T14:29:26.052+0800][18.714s][info][gc,nmethod  ] GC(55) y: NMethods: 94 registered, 7 unregistered
[2026-06-18T14:29:26.053+0800][18.714s][info][gc,metaspace] GC(55) y: Metaspace: 0M used, 0M committed, 1088M reserved
[2026-06-18T14:29:26.053+0800][18.714s][info][gc,reloc    ] GC(55) y:                        Candidates     Selected     In-Place         Size        Empty    Relocated 
[2026-06-18T14:29:26.053+0800][18.715s][info][gc,reloc    ] GC(55) y: Small Pages:                   80            9            0         160M         134M           3M 
[2026-06-18T14:29:26.054+0800][18.715s][info][gc,reloc    ] GC(55) y: Medium Pages:                   5            1            0          40M          16M           1M 
[2026-06-18T14:29:26.054+0800][18.715s][info][gc,reloc    ] GC(55) y: Large Pages:                    5            0            0          10M           0M           0M 
[2026-06-18T14:29:26.054+0800][18.715s][info][gc,reloc    ] GC(55) y: Forwarding Usage: 0M
[2026-06-18T14:29:26.054+0800][18.716s][info][gc,reloc    ] GC(55) y: Age Table:
[2026-06-18T14:29:26.054+0800][18.716s][info][gc,reloc    ] GC(55) y:                    Live             Garbage             Small              Medium             Large        
[2026-06-18T14:29:26.055+0800][18.716s][info][gc,reloc    ] GC(55) y: Eden              18M (7%)          155M (61%)         76 / 9              2 / 1              3 / 0        
[2026-06-18T14:29:26.055+0800][18.717s][info][gc,reloc    ] GC(55) y: Survivor 1         4M (2%)           24M (9%)           4 / 0              2 / 0              2 / 0        
[2026-06-18T14:29:26.056+0800][18.717s][info][gc,reloc    ] GC(55) y: Survivor 2         0M (0%)            7M (3%)           0 / 0              1 / 0              0 / 0        
[2026-06-18T14:29:26.056+0800][18.717s][info][gc,heap     ] GC(55) y: Min Capacity: 256M(100%)
[2026-06-18T14:29:26.056+0800][18.718s][info][gc,heap     ] GC(55) y: Max Capacity: 256M(100%)
[2026-06-18T14:29:26.056+0800][18.718s][info][gc,heap     ] GC(55) y: Soft Max Capacity: 256M(100%)
[2026-06-18T14:29:26.057+0800][18.718s][info][gc,heap     ] GC(55) y: Heap Statistics:
[2026-06-18T14:29:26.057+0800][18.719s][info][gc,heap     ] GC(55) y:                Mark Start          Mark End        Relocate Start      Relocate End           High               Low         
[2026-06-18T14:29:26.057+0800][18.719s][info][gc,heap     ] GC(55) y:  Capacity:      256M (100%)        256M (100%)        256M (100%)        256M (100%)        256M (100%)        256M (100%)   
[2026-06-18T14:29:26.058+0800][18.719s][info][gc,heap     ] GC(55) y:      Free:       36M (14%)          36M (14%)         186M (73%)         204M (80%)         204M (80%)          36M (14%)    
[2026-06-18T14:29:26.058+0800][18.719s][info][gc,heap     ] GC(55) y:      Used:      220M (86%)         220M (86%)          70M (27%)          52M (20%)         220M (86%)          52M (20%)    
[2026-06-18T14:29:26.058+0800][18.720s][info][gc,heap     ] GC(55) y: Young Generation Statistics:
[2026-06-18T14:29:26.058+0800][18.720s][info][gc,heap     ] GC(55) y:                Mark Start          Mark End        Relocate Start      Relocate End    
[2026-06-18T14:29:26.058+0800][18.720s][info][gc,heap     ] GC(55) y:      Used:      210M (82%)         210M (82%)          60M (23%)          42M (16%)    
[2026-06-18T14:29:26.059+0800][18.720s][info][gc,heap     ] GC(55) y:      Live:         -                23M (9%)           23M (9%)           23M (9%)     
[2026-06-18T14:29:26.059+0800][18.720s][info][gc,heap     ] GC(55) y:   Garbage:         -               186M (73%)          36M (14%)           3M (1%)     
[2026-06-18T14:29:26.059+0800][18.721s][info][gc,heap     ] GC(55) y: Allocated:         -                 0M (0%)            0M (0%)           14M (6%)     
[2026-06-18T14:29:26.059+0800][18.721s][info][gc,heap     ] GC(55) y: Reclaimed:         -                  -               150M (59%)         182M (71%)    
[2026-06-18T14:29:26.059+0800][18.721s][info][gc,heap     ] GC(55) y:  Promoted:         -                  -                 0M (0%)            0M (0%)     
[2026-06-18T14:29:26.060+0800][18.721s][info][gc,heap     ] GC(55) y: Compacted:         -                  -                  -                 7M (3%)     
[2026-06-18T14:29:26.060+0800][18.721s][info][gc,phases   ] GC(55) y: Young Generation 220M(86%)->52M(20%) 0.006s
[2026-06-18T14:29:26.060+0800][18.722s][info][gc          ] GC(55) Minor Collection (Allocation Rate) 220M(86%)->56M(22%) 0.016s
[2026-06-18T14:29:26.477+0800][19.138s][info][gc          ] GC(56) Minor Collection (Allocation Rate)
[2026-06-18T14:29:26.478+0800][19.139s][info][gc,task     ] GC(56) Using 2 Workers for Young Generation
[2026-06-18T14:29:26.479+0800][19.140s][info][gc,phases   ] GC(56) y: Young Generation
[2026-06-18T14:29:26.480+0800][19.141s][info][gc,phases   ] GC(56) y: Pause Mark Start 0.015ms
[2026-06-18T14:29:26.481+0800][19.143s][info][gc,phases   ] GC(56) y: Concurrent Mark 0.699ms
[2026-06-18T14:29:26.482+0800][19.144s][info][gc,phases   ] GC(56) y: Pause Mark End 0.007ms
[2026-06-18T14:29:26.483+0800][19.144s][info][gc,phases   ] GC(56) y: Concurrent Mark Free 0.001ms
[2026-06-18T14:29:26.483+0800][19.145s][info][gc,phases   ] GC(56) y: Concurrent Reset Relocation Set 0.002ms
[2026-06-18T14:29:26.483+0800][19.145s][info][gc,reloc    ] GC(56) y: Using tenuring threshold: 3 (Computed)
[2026-06-18T14:29:26.484+0800][19.145s][info][gc,phases   ] GC(56) y: Concurrent Select Relocation Set 0.502ms
[2026-06-18T14:29:26.484+0800][19.146s][info][gc,phases   ] GC(56) y: Pause Relocate Start 0.004ms
[2026-06-18T14:29:26.486+0800][19.147s][info][gc,phases   ] GC(56) y: Concurrent Relocate 0.767ms
[2026-06-18T14:29:26.486+0800][19.148s][info][gc,alloc    ] GC(56) y:                         Mark Start        Mark End      Relocate Start    Relocate End   
[2026-06-18T14:29:26.487+0800][19.148s][info][gc,alloc    ] GC(56) y: Allocation Stalls:          0                0                0                0         
[2026-06-18T14:29:26.487+0800][19.149s][info][gc,load     ] GC(56) y: Load: 0.51 (2%) / 0.35 (1%) / 0.31 (1%)
[2026-06-18T14:29:26.488+0800][19.149s][info][gc,mmu      ] GC(56) y: MMU: 2ms/97.5%, 5ms/98.6%, 10ms/99.3%, 20ms/99.6%, 50ms/99.8%, 100ms/99.9%
[2026-06-18T14:29:26.488+0800][19.149s][info][gc,marking  ] GC(56) y: Mark: 2 stripe(s), 1 proactive flush(es), 1 terminate flush(es), 0 completion(s), 0 continuation(s) 
[2026-06-18T14:29:26.488+0800][19.150s][info][gc,nmethod  ] GC(56) y: NMethods: 94 registered, 7 unregistered
[2026-06-18T14:29:26.488+0800][19.150s][info][gc,metaspace] GC(56) y: Metaspace: 0M used, 0M committed, 1088M reserved
[2026-06-18T14:29:26.489+0800][19.150s][info][gc,reloc    ] GC(56) y:                        Candidates     Selected     In-Place         Size        Empty    Relocated 
[2026-06-18T14:29:26.489+0800][19.150s][info][gc,reloc    ] GC(56) y: Small Pages:                   80            7            0         160M         140M           2M 
[2026-06-18T14:29:26.489+0800][19.151s][info][gc,reloc    ] GC(56) y: Medium Pages:                   6            1            0          48M          32M           4M 
[2026-06-18T14:29:26.489+0800][19.151s][info][gc,reloc    ] GC(56) y: Large Pages:                    7            0            0          14M           2M           0M 
[2026-06-18T14:29:26.490+0800][19.151s][info][gc,reloc    ] GC(56) y: Forwarding Usage: 0M
[2026-06-18T14:29:26.490+0800][19.151s][info][gc,reloc    ] GC(56) y: Age Table:
[2026-06-18T14:29:26.490+0800][19.152s][info][gc,reloc    ] GC(56) y:                    Live             Garbage             Small              Medium             Large        
[2026-06-18T14:29:26.490+0800][19.152s][info][gc,reloc    ] GC(56) y: Eden              15M (6%)          164M (64%)         76 / 7              3 / 1              2 / 0        
[2026-06-18T14:29:26.490+0800][19.152s][info][gc,reloc    ] GC(56) y: Survivor 1         6M (2%)           24M (9%)           4 / 0              2 / 0              3 / 0        
[2026-06-18T14:29:26.491+0800][19.152s][info][gc,reloc    ] GC(56) y: Survivor 2         2M (1%)            2M (1%)           0 / 0              0 / 0              2 / 0        
[2026-06-18T14:29:26.491+0800][19.153s][info][gc,reloc    ] GC(56) y: Survivor 3          -                 8M (3%)           0 / 0              1 / 0              0 / 0        
[2026-06-18T14:29:26.491+0800][19.153s][info][gc,heap     ] GC(56) y: Min Capacity: 256M(100%)
[2026-06-18T14:29:26.492+0800][19.153s][info][gc,heap     ] GC(56) y: Max Capacity: 256M(100%)
[2026-06-18T14:29:26.492+0800][19.154s][info][gc,heap     ] GC(56) y: Soft Max Capacity: 256M(100%)
[2026-06-18T14:29:26.492+0800][19.154s][info][gc,heap     ] GC(56) y: Heap Statistics:
[2026-06-18T14:29:26.493+0800][19.154s][info][gc,heap     ] GC(56) y:                Mark Start          Mark End        Relocate Start      Relocate End           High               Low         
[2026-06-18T14:29:26.493+0800][19.154s][info][gc,heap     ] GC(56) y:  Capacity:      256M (100%)        256M (100%)        256M (100%)        256M (100%)        256M (100%)        256M (100%)   
[2026-06-18T14:29:26.493+0800][19.155s][info][gc,heap     ] GC(56) y:      Free:       24M (9%)           24M (9%)          198M (77%)         220M (86%)         220M (86%)          24M (9%)     
[2026-06-18T14:29:26.493+0800][19.155s][info][gc,heap     ] GC(56) y:      Used:      232M (91%)         232M (91%)          58M (23%)          36M (14%)         232M (91%)          36M (14%)    
[2026-06-18T14:29:26.494+0800][19.155s][info][gc,heap     ] GC(56) y: Young Generation Statistics:
[2026-06-18T14:29:26.494+0800][19.155s][info][gc,heap     ] GC(56) y:                Mark Start          Mark End        Relocate Start      Relocate End    
[2026-06-18T14:29:26.494+0800][19.156s][info][gc,heap     ] GC(56) y:      Used:      222M (87%)         222M (87%)          48M (19%)          26M (10%)    
[2026-06-18T14:29:26.494+0800][19.156s][info][gc,heap     ] GC(56) y:      Live:         -                23M (9%)           23M (9%)           23M (9%)     
[2026-06-18T14:29:26.495+0800][19.156s][info][gc,heap     ] GC(56) y:   Garbage:         -               198M (78%)          24M (10%)           0M (0%)     
[2026-06-18T14:29:26.495+0800][19.156s][info][gc,heap     ] GC(56) y: Allocated:         -                 0M (0%)            0M (0%)            2M (1%)     
[2026-06-18T14:29:26.495+0800][19.157s][info][gc,heap     ] GC(56) y: Reclaimed:         -                  -               174M (68%)         198M (77%)    
[2026-06-18T14:29:26.495+0800][19.157s][info][gc,heap     ] GC(56) y:  Promoted:         -                  -                 0M (0%)            0M (0%)     
[2026-06-18T14:29:26.496+0800][19.157s][info][gc,heap     ] GC(56) y: Compacted:         -                  -                  -                 9M (4%)     
[2026-06-18T14:29:26.496+0800][19.157s][info][gc,phases   ] GC(56) y: Young Generation 232M(91%)->36M(14%) 0.008s
[2026-06-18T14:29:26.496+0800][19.158s][info][gc          ] GC(56) Minor Collection (Allocation Rate) 232M(91%)->40M(16%) 0.020s
[2026-06-18T14:29:26.962+0800][19.624s][info][gc          ] GC(57) Minor Collection (Allocation Rate)
[2026-06-18T14:29:26.963+0800][19.625s][info][gc,task     ] GC(57) Using 2 Workers for Young Generation
[2026-06-18T14:29:26.964+0800][19.625s][info][gc,phases   ] GC(57) y: Young Generation
[2026-06-18T14:29:26.965+0800][19.626s][info][gc,phases   ] GC(57) y: Pause Mark Start 0.013ms
[2026-06-18T14:29:26.966+0800][19.628s][info][gc,phases   ] GC(57) y: Concurrent Mark 0.683ms
[2026-06-18T14:29:26.967+0800][19.629s][info][gc,phases   ] GC(57) y: Pause Mark End 0.007ms
[2026-06-18T14:29:26.968+0800][19.629s][info][gc,phases   ] GC(57) y: Concurrent Mark Free 0.001ms
[2026-06-18T14:29:26.968+0800][19.630s][info][gc,phases   ] GC(57) y: Concurrent Reset Relocation Set 0.002ms
[2026-06-18T14:29:26.969+0800][19.630s][info][gc,reloc    ] GC(57) y: Using tenuring threshold: 4 (Computed)
[2026-06-18T14:29:26.969+0800][19.630s][info][gc,phases   ] GC(57) y: Concurrent Select Relocation Set 0.488ms
[2026-06-18T14:29:26.970+0800][19.632s][info][gc,phases   ] GC(57) y: Pause Relocate Start 0.009ms
[2026-06-18T14:29:26.972+0800][19.633s][info][gc,phases   ] GC(57) y: Concurrent Relocate 0.725ms
[2026-06-18T14:29:26.972+0800][19.634s][info][gc,alloc    ] GC(57) y:                         Mark Start        Mark End      Relocate Start    Relocate End   
[2026-06-18T14:29:26.973+0800][19.634s][info][gc,alloc    ] GC(57) y: Allocation Stalls:          0                0                0                0         
[2026-06-18T14:29:26.973+0800][19.635s][info][gc,load     ] GC(57) y: Load: 0.51 (2%) / 0.35 (1%) / 0.31 (1%)
[2026-06-18T14:29:26.973+0800][19.635s][info][gc,mmu      ] GC(57) y: MMU: 2ms/97.5%, 5ms/98.6%, 10ms/99.3%, 20ms/99.6%, 50ms/99.8%, 100ms/99.9%
[2026-06-18T14:29:26.974+0800][19.635s][info][gc,marking  ] GC(57) y: Mark: 2 stripe(s), 1 proactive flush(es), 1 terminate flush(es), 0 completion(s), 0 continuation(s) 
[2026-06-18T14:29:26.974+0800][19.635s][info][gc,nmethod  ] GC(57) y: NMethods: 94 registered, 7 unregistered
[2026-06-18T14:29:26.974+0800][19.636s][info][gc,metaspace] GC(57) y: Metaspace: 0M used, 0M committed, 1088M reserved
[2026-06-18T14:29:26.974+0800][19.636s][info][gc,reloc    ] GC(57) y:                        Candidates     Selected     In-Place         Size        Empty    Relocated 
[2026-06-18T14:29:26.975+0800][19.636s][info][gc,reloc    ] GC(57) y: Small Pages:                   88            8            0         176M         154M           3M 
[2026-06-18T14:29:26.975+0800][19.636s][info][gc,reloc    ] GC(57) y: Medium Pages:                   4            1            0          32M           8M           3M 
[2026-06-18T14:29:26.975+0800][19.637s][info][gc,reloc    ] GC(57) y: Large Pages:                    7            0            0          14M           0M           0M 
[2026-06-18T14:29:26.976+0800][19.637s][info][gc,reloc    ] GC(57) y: Forwarding Usage: 0M
[2026-06-18T14:29:26.976+0800][19.638s][info][gc,reloc    ] GC(57) y: Age Table:
[2026-06-18T14:29:26.977+0800][19.638s][info][gc,reloc    ] GC(57) y:                    Live             Garbage             Small              Medium             Large        
[2026-06-18T14:29:26.977+0800][19.638s][info][gc,reloc    ] GC(57) y: Eden              15M (6%)          180M (71%)         85 / 8              3 / 1              1 / 0        
[2026-06-18T14:29:26.978+0800][19.640s][info][gc,reloc    ] GC(57) y: Survivor 1         4M (2%)           14M (5%)           3 / 0              1 / 0              2 / 0        
[2026-06-18T14:29:26.997+0800][19.658s][info][gc,reloc    ] GC(57) y: Survivor 2         6M (2%)            0M (0%)           0 / 0              0 / 0              3 / 0        
[2026-06-18T14:29:27.001+0800][19.662s][info][gc,reloc    ] GC(57) y: Survivor 3         2M (1%)            0M (0%)           0 / 0              0 / 0              1 / 0        
[2026-06-18T14:29:27.009+0800][19.670s][info][gc,heap     ] GC(57) y: Min Capacity: 256M(100%)
[2026-06-18T14:29:27.016+0800][19.678s][info][gc,heap     ] GC(57) y: Max Capacity: 256M(100%)
[2026-06-18T14:29:27.021+0800][19.682s][info][gc,heap     ] GC(57) y: Soft Max Capacity: 256M(100%)
[2026-06-18T14:29:27.025+0800][19.686s][info][gc,heap     ] GC(57) y: Heap Statistics:
[2026-06-18T14:29:27.027+0800][19.689s][info][gc,heap     ] GC(57) y:                Mark Start          Mark End        Relocate Start      Relocate End           High               Low         
[2026-06-18T14:29:27.031+0800][19.692s][info][gc,heap     ] GC(57) y:  Capacity:      256M (100%)        256M (100%)        256M (100%)        256M (100%)        256M (100%)        256M (100%)   
[2026-06-18T14:29:27.032+0800][19.694s][info][gc,heap     ] GC(57) y:      Free:       24M (9%)           24M (9%)          186M (73%)         210M (82%)         210M (82%)          24M (9%)     
[2026-06-18T14:29:27.033+0800][19.695s][info][gc,heap     ] GC(57) y:      Used:      232M (91%)         232M (91%)          70M (27%)          46M (18%)         232M (91%)          46M (18%)    
[2026-06-18T14:29:27.037+0800][19.698s][info][gc,heap     ] GC(57) y: Young Generation Statistics:
[2026-06-18T14:29:27.037+0800][19.699s][info][gc,heap     ] GC(57) y:                Mark Start          Mark End        Relocate Start      Relocate End    
[2026-06-18T14:29:27.041+0800][19.703s][info][gc,heap     ] GC(57) y:      Used:      222M (87%)         222M (87%)          60M (23%)          36M (14%)    
[2026-06-18T14:29:27.045+0800][19.706s][info][gc,heap     ] GC(57) y:      Live:         -                27M (11%)          27M (11%)          27M (11%)    
[2026-06-18T14:29:27.048+0800][19.710s][info][gc,heap     ] GC(57) y:   Garbage:         -               194M (76%)          32M (13%)           3M (1%)     
[2026-06-18T14:29:27.055+0800][19.717s][info][gc,heap     ] GC(57) y: Allocated:         -                 0M (0%)            0M (0%)            5M (2%)     
[2026-06-18T14:29:27.057+0800][19.718s][info][gc,heap     ] GC(57) y: Reclaimed:         -                  -               162M (63%)         191M (75%)    
[2026-06-18T14:29:27.068+0800][19.730s][info][gc,heap     ] GC(57) y:  Promoted:         -                  -                 0M (0%)            0M (0%)     
[2026-06-18T14:29:27.071+0800][19.733s][info][gc,heap     ] GC(57) y: Compacted:         -                  -                  -                 8M (3%)     
[2026-06-18T14:29:27.072+0800][19.734s][info][gc,phases   ] GC(57) y: Young Generation 232M(91%)->46M(18%) 0.008s
[2026-06-18T14:29:27.075+0800][19.737s][info][gc          ] GC(57) Minor Collection (Allocation Rate) 232M(91%)->92M(36%) 0.113s
[2026-06-18T14:29:27.077+0800][19.738s][info][gc          ] GC(58) Major Collection (Proactive)
[2026-06-18T14:29:27.078+0800][19.740s][info][gc,task     ] GC(58) Using 1 Workers for Young Generation
[2026-06-18T14:29:27.089+0800][19.750s][info][gc,task     ] GC(58) Using 1 Workers for Old Generation
[2026-06-18T14:29:27.090+0800][19.752s][info][gc,phases   ] GC(58) Y: Young Generation
[2026-06-18T14:29:27.094+0800][19.756s][info][gc,phases   ] GC(58) Y: Pause Mark Start (Major) 0.023ms
[2026-06-18T14:29:27.101+0800][19.762s][info][gc,phases   ] GC(58) Y: Concurrent Mark 0.870ms
[2026-06-18T14:29:27.102+0800][19.763s][info][gc,phases   ] GC(58) Y: Pause Mark End 0.011ms
[2026-06-18T14:29:27.103+0800][19.764s][info][gc,phases   ] GC(58) Y: Concurrent Mark Free 0.002ms
[2026-06-18T14:29:27.105+0800][19.766s][info][gc,phases   ] GC(58) Y: Concurrent Reset Relocation Set 0.002ms
[2026-06-18T14:29:27.114+0800][19.775s][info][gc,reloc    ] GC(58) Y: Using tenuring threshold: 3 (Computed)
[2026-06-18T14:29:27.117+0800][19.778s][info][gc,phases   ] GC(58) Y: Concurrent Select Relocation Set 2.991ms
[2026-06-18T14:29:27.117+0800][19.779s][info][gc,phases   ] GC(58) Y: Pause Relocate Start 0.013ms
[2026-06-18T14:29:27.120+0800][19.781s][info][gc,phases   ] GC(58) Y: Concurrent Relocate 1.813ms
[2026-06-18T14:29:27.121+0800][19.782s][info][gc,alloc    ] GC(58) Y:                         Mark Start        Mark End      Relocate Start    Relocate End   
[2026-06-18T14:29:27.122+0800][19.784s][info][gc,alloc    ] GC(58) Y: Allocation Stalls:          0                0                0                0         
[2026-06-18T14:29:27.127+0800][19.788s][info][gc,load     ] GC(58) Y: Load: 0.51 (2%) / 0.35 (1%) / 0.31 (1%)
[2026-06-18T14:29:27.130+0800][19.791s][info][gc,mmu      ] GC(58) Y: MMU: 2ms/97.5%, 5ms/98.6%, 10ms/99.3%, 20ms/99.6%, 50ms/99.8%, 100ms/99.9%
[2026-06-18T14:29:27.134+0800][19.796s][info][gc,marking  ] GC(58) Y: Mark: 1 stripe(s), 2 proactive flush(es), 1 terminate flush(es), 0 completion(s), 0 continuation(s) 
[2026-06-18T14:29:27.137+0800][19.799s][info][gc,nmethod  ] GC(58) Y: NMethods: 94 registered, 7 unregistered
[2026-06-18T14:29:27.140+0800][19.802s][info][gc,metaspace] GC(58) Y: Metaspace: 0M used, 0M committed, 1088M reserved
[2026-06-18T14:29:27.145+0800][19.806s][info][gc,reloc    ] GC(58) Y:                        Candidates     Selected     In-Place         Size        Empty    Relocated 
[2026-06-18T14:29:27.147+0800][19.809s][info][gc,reloc    ] GC(58) Y: Small Pages:                   26            3            0          52M          36M           2M 
[2026-06-18T14:29:27.151+0800][19.813s][info][gc,reloc    ] GC(58) Y: Medium Pages:                   3            1            0          24M           0M           4M 
[2026-06-18T14:29:27.153+0800][19.815s][info][gc,reloc    ] GC(58) Y: Large Pages:                    8            0            0          16M           0M           0M 
[2026-06-18T14:29:27.157+0800][19.818s][info][gc,reloc    ] GC(58) Y: Forwarding Usage: 0M
[2026-06-18T14:29:27.158+0800][19.820s][info][gc,reloc    ] GC(58) Y: Age Table:
[2026-06-18T14:29:27.162+0800][19.823s][info][gc,reloc    ] GC(58) Y:                    Live             Garbage             Small              Medium             Large        
[2026-06-18T14:29:27.163+0800][19.825s][info][gc,reloc    ] GC(58) Y: Eden               9M (4%)           46M (18%)         23 / 2              1 / 0              1 / 0        
[2026-06-18T14:29:27.164+0800][19.826s][info][gc,reloc    ] GC(58) Y: Survivor 1        15M (6%)            8M (3%)           3 / 1              2 / 1              1 / 0        
[2026-06-18T14:29:27.165+0800][19.826s][info][gc,reloc    ] GC(58) Y: Survivor 2         4M (2%)            0M (0%)           0 / 0              0 / 0              2 / 0        
[2026-06-18T14:29:27.165+0800][19.827s][info][gc,reloc    ] GC(58) Y: Survivor 3         6M (2%)            0M (0%)           0 / 0              0 / 0              3 / 0        
[2026-06-18T14:29:27.166+0800][19.827s][info][gc,reloc    ] GC(58) Y: Survivor 4         2M (1%)            0M (0%)           0 / 0              0 / 0              1 / 0        
[2026-06-18T14:29:27.166+0800][19.828s][info][gc,heap     ] GC(58) Y: Min Capacity: 256M(100%)
[2026-06-18T14:29:27.167+0800][19.828s][info][gc,heap     ] GC(58) Y: Max Capacity: 256M(100%)
[2026-06-18T14:29:27.167+0800][19.828s][info][gc,heap     ] GC(58) Y: Soft Max Capacity: 256M(100%)
[2026-06-18T14:29:27.167+0800][19.829s][info][gc,heap     ] GC(58) Y: Heap Statistics:
[2026-06-18T14:29:27.168+0800][19.829s][info][gc,heap     ] GC(58) Y:                Mark Start          Mark End        Relocate Start      Relocate End           High               Low         
[2026-06-18T14:29:27.168+0800][19.829s][info][gc,heap     ] GC(58) Y:  Capacity:      256M (100%)        256M (100%)        256M (100%)        256M (100%)        256M (100%)        256M (100%)   
[2026-06-18T14:29:27.168+0800][19.830s][info][gc,heap     ] GC(58) Y:      Free:      154M (60%)         150M (59%)         174M (68%)         180M (70%)         180M (70%)         138M (54%)    
[2026-06-18T14:29:27.168+0800][19.830s][info][gc,heap     ] GC(58) Y:      Used:      102M (40%)         106M (41%)          82M (32%)          76M (30%)         118M (46%)          76M (30%)    
[2026-06-18T14:29:27.169+0800][19.830s][info][gc,heap     ] GC(58) Y: Young Generation Statistics:
[2026-06-18T14:29:27.169+0800][19.830s][info][gc,heap     ] GC(58) Y:                Mark Start          Mark End        Relocate Start      Relocate End    
[2026-06-18T14:29:27.169+0800][19.831s][info][gc,heap     ] GC(58) Y:      Used:       92M (36%)          96M (38%)          64M (25%)          58M (23%)    
[2026-06-18T14:29:27.170+0800][19.831s][info][gc,heap     ] GC(58) Y:      Live:         -                36M (14%)          28M (11%)          28M (11%)    
[2026-06-18T14:29:27.170+0800][19.832s][info][gc,heap     ] GC(58) Y:   Garbage:         -                55M (22%)          19M (8%)            0M (0%)     
[2026-06-18T14:29:27.170+0800][19.832s][info][gc,heap     ] GC(58) Y: Allocated:         -                 4M (2%)           16M (6%)           28M (11%)    
[2026-06-18T14:29:27.171+0800][19.832s][info][gc,heap     ] GC(58) Y: Reclaimed:         -                  -                36M (14%)          54M (21%)    
[2026-06-18T14:29:27.171+0800][19.833s][info][gc,heap     ] GC(58) Y:  Promoted:         -                  -                 8M (3%)            8M (3%)     
[2026-06-18T14:29:27.171+0800][19.833s][info][gc,heap     ] GC(58) Y: Compacted:         -                  -                  -                17M (7%)     
[2026-06-18T14:29:27.172+0800][19.833s][info][gc,phases   ] GC(58) Y: Young Generation 102M(40%)->76M(30%) 0.031s
[2026-06-18T14:29:27.172+0800][19.833s][info][gc,phases   ] GC(58) O: Old Generation
[2026-06-18T14:29:27.173+0800][19.835s][info][gc,phases   ] GC(58) O: Concurrent Mark 1.018ms
[2026-06-18T14:29:27.174+0800][19.835s][info][gc,phases   ] GC(58) O: Pause Mark End 0.011ms
[2026-06-18T14:29:27.174+0800][19.835s][info][gc,phases   ] GC(58) O: Concurrent Mark Free 0.002ms
[2026-06-18T14:29:27.174+0800][19.836s][info][gc,phases   ] GC(58) O: Concurrent Process Non-Strong 0.281ms
[2026-06-18T14:29:27.175+0800][19.836s][info][gc,phases   ] GC(58) O: Concurrent Reset Relocation Set 0.001ms
[2026-06-18T14:29:27.175+0800][19.837s][info][gc,phases   ] GC(58) O: Concurrent Select Relocation Set 0.047ms
[2026-06-18T14:29:27.175+0800][19.837s][info][gc,task     ] GC(58) O: Using 2 Workers for Old Generation
[2026-06-18T14:29:27.176+0800][19.837s][info][gc,task     ] GC(58) O: Using 1 Workers for Old Generation
[2026-06-18T14:29:27.176+0800][19.838s][info][gc,phases   ] GC(58) O: Concurrent Remap Roots 0.824ms
[2026-06-18T14:29:27.177+0800][19.838s][info][gc,phases   ] GC(58) O: Pause Relocate Start 0.008ms
[2026-06-18T14:29:27.177+0800][19.839s][info][gc,phases   ] GC(58) O: Concurrent Relocate 0.076ms
[2026-06-18T14:29:27.177+0800][19.839s][info][gc,alloc    ] GC(58) O:                         Mark Start        Mark End      Relocate Start    Relocate End   
[2026-06-18T14:29:27.178+0800][19.839s][info][gc,alloc    ] GC(58) O: Allocation Stalls:          0                0                0                0         
[2026-06-18T14:29:27.178+0800][19.840s][info][gc,load     ] GC(58) O: Load: 0.51 (2%) / 0.35 (1%) / 0.31 (1%)
[2026-06-18T14:29:27.178+0800][19.840s][info][gc,mmu      ] GC(58) O: MMU: 2ms/97.5%, 5ms/98.6%, 10ms/99.3%, 20ms/99.6%, 50ms/99.8%, 100ms/99.9%
[2026-06-18T14:29:27.178+0800][19.840s][info][gc,marking  ] GC(58) O: Mark: 1 stripe(s), 2 proactive flush(es), 1 terminate flush(es), 0 completion(s), 0 continuation(s) 
[2026-06-18T14:29:27.179+0800][19.840s][info][gc,nmethod  ] GC(58) O: NMethods: 94 registered, 7 unregistered
[2026-06-18T14:29:27.179+0800][19.840s][info][gc,metaspace] GC(58) O: Metaspace: 0M used, 0M committed, 1088M reserved
[2026-06-18T14:29:27.179+0800][19.841s][info][gc,ref      ] GC(58) O:                       Encountered   Discovered     Enqueued 
[2026-06-18T14:29:27.179+0800][19.841s][info][gc,ref      ] GC(58) O: Soft References:                2            0            0 
[2026-06-18T14:29:27.179+0800][19.841s][info][gc,ref      ] GC(58) O: Weak References:                6            0            0 
[2026-06-18T14:29:27.180+0800][19.841s][info][gc,ref      ] GC(58) O: Final References:               0            0            0 
[2026-06-18T14:29:27.180+0800][19.841s][info][gc,ref      ] GC(58) O: Phantom References:             1            1            0 
[2026-06-18T14:29:27.180+0800][19.842s][info][gc,reloc    ] GC(58) O:                        Candidates     Selected     In-Place         Size        Empty    Relocated 
[2026-06-18T14:29:27.180+0800][19.842s][info][gc,reloc    ] GC(58) O: Small Pages:                    1            0            0           2M           0M           0M 
[2026-06-18T14:29:27.181+0800][19.842s][info][gc,reloc    ] GC(58) O: Medium Pages:                   0            0            0           0M           0M           0M 
[2026-06-18T14:29:27.181+0800][19.842s][info][gc,reloc    ] GC(58) O: Large Pages:                    4            0            0           8M           8M           0M 
[2026-06-18T14:29:27.181+0800][19.843s][info][gc,reloc    ] GC(58) O: Forwarding Usage: 0M
[2026-06-18T14:29:27.181+0800][19.843s][info][gc,heap     ] GC(58) O: Min Capacity: 256M(100%)
[2026-06-18T14:29:27.182+0800][19.843s][info][gc,heap     ] GC(58) O: Max Capacity: 256M(100%)
[2026-06-18T14:29:27.182+0800][19.844s][info][gc,heap     ] GC(58) O: Soft Max Capacity: 256M(100%)
[2026-06-18T14:29:27.182+0800][19.844s][info][gc,heap     ] GC(58) O: Heap Statistics:
[2026-06-18T14:29:27.183+0800][19.844s][info][gc,heap     ] GC(58) O:                Mark Start          Mark End        Relocate Start      Relocate End           High               Low         
[2026-06-18T14:29:27.183+0800][19.844s][info][gc,heap     ] GC(58) O:  Capacity:      256M (100%)        256M (100%)        256M (100%)        256M (100%)        256M (100%)        256M (100%)   
[2026-06-18T14:29:27.183+0800][19.845s][info][gc,heap     ] GC(58) O:      Free:      154M (60%)         158M (62%)         166M (65%)         166M (65%)         180M (70%)         138M (54%)    
[2026-06-18T14:29:27.183+0800][19.845s][info][gc,heap     ] GC(58) O:      Used:      102M (40%)          98M (38%)          90M (35%)          90M (35%)         118M (46%)          76M (30%)    
[2026-06-18T14:29:27.184+0800][19.845s][info][gc,heap     ] GC(58) O: Old Generation Statistics:
[2026-06-18T14:29:27.184+0800][19.845s][info][gc,heap     ] GC(58) O:                Mark Start          Mark End        Relocate Start      Relocate End    
[2026-06-18T14:29:27.184+0800][19.846s][info][gc,heap     ] GC(58) O:      Used:       10M (4%)           18M (7%)           10M (4%)           10M (4%)     
[2026-06-18T14:29:27.184+0800][19.846s][info][gc,heap     ] GC(58) O:      Live:         -                 0M (0%)            0M (0%)            0M (0%)     
[2026-06-18T14:29:27.185+0800][19.846s][info][gc,heap     ] GC(58) O:   Garbage:         -                 9M (4%)            1M (1%)            1M (1%)     
[2026-06-18T14:29:27.185+0800][19.846s][info][gc,heap     ] GC(58) O: Allocated:         -                 8M (3%)            8M (3%)            8M (3%)     
[2026-06-18T14:29:27.185+0800][19.847s][info][gc,heap     ] GC(58) O: Reclaimed:         -                  -                 8M (3%)            8M (3%)     
[2026-06-18T14:29:27.185+0800][19.847s][info][gc,heap     ] GC(58) O: Compacted:         -                  -                  -                 0M (0%)     
[2026-06-18T14:29:27.186+0800][19.847s][info][gc,phases   ] GC(58) O: Old Generation 94M(37%)->90M(35%) 0.005s
[2026-06-18T14:29:27.186+0800][19.847s][info][gc          ] GC(58) Major Collection (Proactive) 92M(36%)->94M(37%) 0.109s
[2026-06-18T14:29:27.458+0800][20.119s][info][gc          ] GC(59) Minor Collection (Allocation Rate)
[2026-06-18T14:29:27.461+0800][20.123s][info][gc,task     ] GC(59) Using 1 Workers for Young Generation
[2026-06-18T14:29:27.465+0800][20.127s][info][gc,phases   ] GC(59) y: Young Generation
[2026-06-18T14:29:27.467+0800][20.129s][info][gc,phases   ] GC(59) y: Pause Mark Start 0.019ms
[2026-06-18T14:29:27.473+0800][20.135s][info][gc,phases   ] GC(59) y: Concurrent Mark 1.107ms
[2026-06-18T14:29:27.475+0800][20.136s][info][gc,phases   ] GC(59) y: Pause Mark End 0.016ms
[2026-06-18T14:29:27.476+0800][20.137s][info][gc,phases   ] GC(59) y: Concurrent Mark Free 0.001ms
[2026-06-18T14:29:27.477+0800][20.138s][info][gc,phases   ] GC(59) y: Concurrent Reset Relocation Set 0.004ms
[2026-06-18T14:29:27.480+0800][20.141s][info][gc,reloc    ] GC(59) y: Using tenuring threshold: 4 (Computed)
[2026-06-18T14:29:27.481+0800][20.143s][info][gc,phases   ] GC(59) y: Concurrent Select Relocation Set 1.878ms
[2026-06-18T14:29:27.482+0800][20.143s][info][gc,phases   ] GC(59) y: Pause Relocate Start 0.012ms
[2026-06-18T14:29:27.484+0800][20.145s][info][gc,phases   ] GC(59) y: Concurrent Relocate 1.168ms
[2026-06-18T14:29:27.484+0800][20.146s][info][gc,alloc    ] GC(59) y:                         Mark Start        Mark End      Relocate Start    Relocate End   
[2026-06-18T14:29:27.485+0800][20.147s][info][gc,alloc    ] GC(59) y: Allocation Stalls:          0                0                0                0         
[2026-06-18T14:29:27.485+0800][20.147s][info][gc,load     ] GC(59) y: Load: 0.51 (2%) / 0.35 (1%) / 0.31 (1%)
[2026-06-18T14:29:27.486+0800][20.147s][info][gc,mmu      ] GC(59) y: MMU: 2ms/97.5%, 5ms/98.6%, 10ms/99.3%, 20ms/99.6%, 50ms/99.8%, 100ms/99.9%
[2026-06-18T14:29:27.486+0800][20.148s][info][gc,marking  ] GC(59) y: Mark: 1 stripe(s), 2 proactive flush(es), 1 terminate flush(es), 0 completion(s), 0 continuation(s) 
[2026-06-18T14:29:27.487+0800][20.148s][info][gc,nmethod  ] GC(59) y: NMethods: 95 registered, 7 unregistered
[2026-06-18T14:29:27.487+0800][20.149s][info][gc,metaspace] GC(59) y: Metaspace: 0M used, 0M committed, 1088M reserved
[2026-06-18T14:29:27.488+0800][20.149s][info][gc,reloc    ] GC(59) y:                        Candidates     Selected     In-Place         Size        Empty    Relocated 
[2026-06-18T14:29:27.488+0800][20.149s][info][gc,reloc    ] GC(59) y: Small Pages:                   70            9            0         140M         114M           3M 
[2026-06-18T14:29:27.488+0800][20.150s][info][gc,reloc    ] GC(59) y: Medium Pages:                   5            1            0          40M          16M           2M 
[2026-06-18T14:29:27.488+0800][20.150s][info][gc,reloc    ] GC(59) y: Large Pages:                    6            0            0          12M           2M           0M 
[2026-06-18T14:29:27.489+0800][20.150s][info][gc,reloc    ] GC(59) y: Forwarding Usage: 0M
[2026-06-18T14:29:27.489+0800][20.150s][info][gc,reloc    ] GC(59) y: Age Table:
[2026-06-18T14:29:27.489+0800][20.151s][info][gc,reloc    ] GC(59) y:                    Live             Garbage             Small              Medium             Large        
[2026-06-18T14:29:27.489+0800][20.151s][info][gc,reloc    ] GC(59) y: Eden              17M (7%)          132M (52%)         65 / 9              2 / 1              2 / 0        
[2026-06-18T14:29:27.490+0800][20.151s][info][gc,reloc    ] GC(59) y: Survivor 1         2M (1%)           12M (5%)           2 / 0              1 / 0              1 / 0        
[2026-06-18T14:29:27.490+0800][20.151s][info][gc,reloc    ] GC(59) y: Survivor 2         3M (1%)           20M (8%)           3 / 0              2 / 0              1 / 0        
[2026-06-18T14:29:27.490+0800][20.152s][info][gc,reloc    ] GC(59) y: Survivor 3         2M (1%)            2M (1%)           0 / 0              0 / 0              2 / 0        
[2026-06-18T14:29:27.490+0800][20.152s][info][gc,heap     ] GC(59) y: Min Capacity: 256M(100%)
[2026-06-18T14:29:27.491+0800][20.152s][info][gc,heap     ] GC(59) y: Max Capacity: 256M(100%)
[2026-06-18T14:29:27.491+0800][20.153s][info][gc,heap     ] GC(59) y: Soft Max Capacity: 256M(100%)
[2026-06-18T14:29:27.491+0800][20.153s][info][gc,heap     ] GC(59) y: Heap Statistics:
[2026-06-18T14:29:27.492+0800][20.153s][info][gc,heap     ] GC(59) y:                Mark Start          Mark End        Relocate Start      Relocate End           High               Low         
[2026-06-18T14:29:27.492+0800][20.153s][info][gc,heap     ] GC(59) y:  Capacity:      256M (100%)        256M (100%)        256M (100%)        256M (100%)        256M (100%)        256M (100%)   
[2026-06-18T14:29:27.492+0800][20.154s][info][gc,heap     ] GC(59) y:      Free:       54M (21%)          50M (20%)         182M (71%)         196M (77%)         196M (77%)          50M (20%)    
[2026-06-18T14:29:27.492+0800][20.154s][info][gc,heap     ] GC(59) y:      Used:      202M (79%)         206M (80%)          74M (29%)          60M (23%)         206M (80%)          60M (23%)    
[2026-06-18T14:29:27.493+0800][20.154s][info][gc,heap     ] GC(59) y: Young Generation Statistics:
[2026-06-18T14:29:27.493+0800][20.154s][info][gc,heap     ] GC(59) y:                Mark Start          Mark End        Relocate Start      Relocate End    
[2026-06-18T14:29:27.493+0800][20.155s][info][gc,heap     ] GC(59) y:      Used:      192M (75%)         196M (77%)          64M (25%)          50M (20%)    
[2026-06-18T14:29:27.493+0800][20.155s][info][gc,heap     ] GC(59) y:      Live:         -                25M (10%)          25M (10%)          25M (10%)    
[2026-06-18T14:29:27.494+0800][20.155s][info][gc,heap     ] GC(59) y:   Garbage:         -               166M (65%)          34M (14%)           4M (2%)     
[2026-06-18T14:29:27.494+0800][20.155s][info][gc,heap     ] GC(59) y: Allocated:         -                 4M (2%)            4M (2%)           20M (8%)     
[2026-06-18T14:29:27.494+0800][20.156s][info][gc,heap     ] GC(59) y: Reclaimed:         -                  -               132M (52%)         162M (64%)    
[2026-06-18T14:29:27.494+0800][20.156s][info][gc,heap     ] GC(59) y:  Promoted:         -                  -                 0M (0%)            0M (0%)     
[2026-06-18T14:29:27.495+0800][20.156s][info][gc,heap     ] GC(59) y: Compacted:         -                  -                  -                 9M (4%)     
[2026-06-18T14:29:27.495+0800][20.156s][info][gc,phases   ] GC(59) y: Young Generation 202M(79%)->60M(23%) 0.019s
[2026-06-18T14:29:27.495+0800][20.157s][info][gc          ] GC(59) Minor Collection (Allocation Rate) 200M(78%)->72M(28%) 0.038s
[2026-06-18T14:29:27.875+0800][20.537s][info][gc          ] GC(60) Minor Collection (Allocation Rate)
[2026-06-18T14:29:27.876+0800][20.538s][info][gc,task     ] GC(60) Using 2 Workers for Young Generation
[2026-06-18T14:29:27.877+0800][20.539s][info][gc,phases   ] GC(60) y: Young Generation
[2026-06-18T14:29:27.880+0800][20.541s][info][gc,phases   ] GC(60) y: Pause Mark Start 0.018ms
[2026-06-18T14:29:27.881+0800][20.543s][info][gc,phases   ] GC(60) y: Concurrent Mark 0.591ms
[2026-06-18T14:29:27.882+0800][20.544s][info][gc,phases   ] GC(60) y: Pause Mark End 0.011ms
[2026-06-18T14:29:27.883+0800][20.544s][info][gc,phases   ] GC(60) y: Concurrent Mark Free 0.002ms
[2026-06-18T14:29:27.883+0800][20.545s][info][gc,phases   ] GC(60) y: Concurrent Reset Relocation Set 0.002ms
[2026-06-18T14:29:27.884+0800][20.545s][info][gc,reloc    ] GC(60) y: Using tenuring threshold: 4 (Computed)
[2026-06-18T14:29:27.885+0800][20.546s][info][gc,phases   ] GC(60) y: Concurrent Select Relocation Set 1.225ms
[2026-06-18T14:29:27.886+0800][20.547s][info][gc,phases   ] GC(60) y: Pause Relocate Start 0.009ms
[2026-06-18T14:29:27.887+0800][20.548s][info][gc,phases   ] GC(60) y: Concurrent Relocate 0.642ms
[2026-06-18T14:29:27.887+0800][20.549s][info][gc,alloc    ] GC(60) y:                         Mark Start        Mark End      Relocate Start    Relocate End   
[2026-06-18T14:29:27.888+0800][20.549s][info][gc,alloc    ] GC(60) y: Allocation Stalls:          0                0                0                0         
[2026-06-18T14:29:27.888+0800][20.550s][info][gc,load     ] GC(60) y: Load: 0.51 (2%) / 0.35 (1%) / 0.31 (1%)
[2026-06-18T14:29:27.889+0800][20.550s][info][gc,mmu      ] GC(60) y: MMU: 2ms/97.5%, 5ms/98.6%, 10ms/99.3%, 20ms/99.6%, 50ms/99.8%, 100ms/99.9%
[2026-06-18T14:29:27.889+0800][20.550s][info][gc,marking  ] GC(60) y: Mark: 2 stripe(s), 1 proactive flush(es), 1 terminate flush(es), 0 completion(s), 0 continuation(s) 
[2026-06-18T14:29:27.889+0800][20.551s][info][gc,nmethod  ] GC(60) y: NMethods: 95 registered, 7 unregistered
[2026-06-18T14:29:27.889+0800][20.551s][info][gc,metaspace] GC(60) y: Metaspace: 0M used, 0M committed, 1088M reserved
[2026-06-18T14:29:27.890+0800][20.551s][info][gc,reloc    ] GC(60) y:                        Candidates     Selected     In-Place         Size        Empty    Relocated 
[2026-06-18T14:29:27.890+0800][20.551s][info][gc,reloc    ] GC(60) y: Small Pages:                   77           13            0         154M         118M           4M 
[2026-06-18T14:29:27.890+0800][20.552s][info][gc,reloc    ] GC(60) y: Medium Pages:                   5            0            0          40M          16M           0M 
[2026-06-18T14:29:27.891+0800][20.552s][info][gc,reloc    ] GC(60) y: Large Pages:                    6            0            0          12M           0M           0M 
[2026-06-18T14:29:27.891+0800][20.553s][info][gc,reloc    ] GC(60) y: Forwarding Usage: 0M
[2026-06-18T14:29:27.891+0800][20.553s][info][gc,reloc    ] GC(60) y: Age Table:
[2026-06-18T14:29:27.892+0800][20.553s][info][gc,reloc    ] GC(60) y:                    Live             Garbage             Small              Medium             Large        
[2026-06-18T14:29:27.892+0800][20.553s][info][gc,reloc    ] GC(60) y: Eden              21M (8%)          142M (56%)         73 / 13             2 / 0              1 / 0        
[2026-06-18T14:29:27.892+0800][20.554s][info][gc,reloc    ] GC(60) y: Survivor 1         4M (2%)           24M (9%)           4 / 0              2 / 0              2 / 0        
[2026-06-18T14:29:27.892+0800][20.554s][info][gc,reloc    ] GC(60) y: Survivor 2         2M (1%)            0M (0%)           0 / 0              0 / 0              1 / 0        
[2026-06-18T14:29:27.893+0800][20.554s][info][gc,reloc    ] GC(60) y: Survivor 3         3M (1%)            6M (2%)           0 / 0              1 / 0              1 / 0        
[2026-06-18T14:29:27.893+0800][20.554s][info][gc,reloc    ] GC(60) y: Survivor 4         2M (1%)            0M (0%)           0 / 0              0 / 0              1 / 0        
[2026-06-18T14:29:27.893+0800][20.555s][info][gc,heap     ] GC(60) y: Min Capacity: 256M(100%)
[2026-06-18T14:29:27.893+0800][20.555s][info][gc,heap     ] GC(60) y: Max Capacity: 256M(100%)
[2026-06-18T14:29:27.893+0800][20.555s][info][gc,heap     ] GC(60) y: Soft Max Capacity: 256M(100%)
[2026-06-18T14:29:27.894+0800][20.555s][info][gc,heap     ] GC(60) y: Heap Statistics:
[2026-06-18T14:29:27.894+0800][20.555s][info][gc,heap     ] GC(60) y:                Mark Start          Mark End        Relocate Start      Relocate End           High               Low         
[2026-06-18T14:29:27.894+0800][20.556s][info][gc,heap     ] GC(60) y:  Capacity:      256M (100%)        256M (100%)        256M (100%)        256M (100%)        256M (100%)        256M (100%)   
[2026-06-18T14:29:27.894+0800][20.556s][info][gc,heap     ] GC(60) y:      Free:       40M (16%)          40M (16%)         172M (67%)         194M (76%)         194M (76%)          40M (16%)    
[2026-06-18T14:29:27.895+0800][20.556s][info][gc,heap     ] GC(60) y:      Used:      216M (84%)         216M (84%)          84M (33%)          62M (24%)         216M (84%)          62M (24%)    
[2026-06-18T14:29:27.895+0800][20.556s][info][gc,heap     ] GC(60) y: Young Generation Statistics:
[2026-06-18T14:29:27.895+0800][20.557s][info][gc,heap     ] GC(60) y:                Mark Start          Mark End        Relocate Start      Relocate End    
[2026-06-18T14:29:27.895+0800][20.557s][info][gc,heap     ] GC(60) y:      Used:      206M (80%)         206M (80%)          72M (28%)          50M (20%)    
[2026-06-18T14:29:27.896+0800][20.557s][info][gc,heap     ] GC(60) y:      Live:         -                33M (13%)          31M (12%)          31M (12%)    
[2026-06-18T14:29:27.896+0800][20.557s][info][gc,heap     ] GC(60) y:   Garbage:         -               172M (68%)          38M (15%)          11M (5%)     
[2026-06-18T14:29:27.896+0800][20.558s][info][gc,heap     ] GC(60) y: Allocated:         -                 0M (0%)            2M (1%)            7M (3%)     
[2026-06-18T14:29:27.897+0800][20.558s][info][gc,heap     ] GC(60) y: Reclaimed:         -                  -               134M (52%)         161M (63%)    
[2026-06-18T14:29:27.897+0800][20.559s][info][gc,heap     ] GC(60) y:  Promoted:         -                  -                 2M (1%)            2M (1%)     
[2026-06-18T14:29:27.897+0800][20.559s][info][gc,heap     ] GC(60) y: Compacted:         -                  -                  -                 6M (3%)     
[2026-06-18T14:29:27.898+0800][20.559s][info][gc,phases   ] GC(60) y: Young Generation 216M(84%)->62M(24%) 0.010s
[2026-06-18T14:29:27.898+0800][20.560s][info][gc          ] GC(60) Minor Collection (Allocation Rate) 214M(84%)->66M(26%) 0.023s
[2026-06-18T14:29:28.287+0800][20.949s][info][gc          ] GC(61) Minor Collection (Allocation Rate)
[2026-06-18T14:29:28.288+0800][20.950s][info][gc,task     ] GC(61) Using 2 Workers for Young Generation
[2026-06-18T14:29:28.289+0800][20.950s][info][gc,phases   ] GC(61) y: Young Generation
[2026-06-18T14:29:28.289+0800][20.951s][info][gc,phases   ] GC(61) y: Pause Mark Start 0.011ms
[2026-06-18T14:29:28.291+0800][20.953s][info][gc,phases   ] GC(61) y: Concurrent Mark 0.395ms
[2026-06-18T14:29:28.292+0800][20.953s][info][gc,phases   ] GC(61) y: Pause Mark End 0.009ms
[2026-06-18T14:29:28.292+0800][20.954s][info][gc,phases   ] GC(61) y: Concurrent Mark Free 0.001ms
[2026-06-18T14:29:28.293+0800][20.954s][info][gc,phases   ] GC(61) y: Concurrent Reset Relocation Set 0.003ms
[2026-06-18T14:29:28.293+0800][20.955s][info][gc,reloc    ] GC(61) y: Using tenuring threshold: 3 (Computed)
[2026-06-18T14:29:28.294+0800][20.955s][info][gc,phases   ] GC(61) y: Concurrent Select Relocation Set 0.541ms
[2026-06-18T14:29:28.294+0800][20.956s][info][gc,phases   ] GC(61) y: Pause Relocate Start 0.005ms
[2026-06-18T14:29:28.295+0800][20.957s][info][gc,phases   ] GC(61) y: Concurrent Relocate 0.687ms
[2026-06-18T14:29:28.296+0800][20.957s][info][gc,alloc    ] GC(61) y:                         Mark Start        Mark End      Relocate Start    Relocate End   
[2026-06-18T14:29:28.296+0800][20.958s][info][gc,alloc    ] GC(61) y: Allocation Stalls:          0                0                0                0         
[2026-06-18T14:29:28.297+0800][20.958s][info][gc,load     ] GC(61) y: Load: 0.51 (2%) / 0.35 (1%) / 0.31 (1%)
[2026-06-18T14:29:28.300+0800][20.961s][info][gc,mmu      ] GC(61) y: MMU: 2ms/97.5%, 5ms/98.6%, 10ms/99.3%, 20ms/99.6%, 50ms/99.8%, 100ms/99.9%
[2026-06-18T14:29:28.301+0800][20.962s][info][gc,marking  ] GC(61) y: Mark: 2 stripe(s), 1 proactive flush(es), 1 terminate flush(es), 0 completion(s), 0 continuation(s) 
[2026-06-18T14:29:28.302+0800][20.963s][info][gc,nmethod  ] GC(61) y: NMethods: 95 registered, 7 unregistered
[2026-06-18T14:29:28.302+0800][20.964s][info][gc,metaspace] GC(61) y: Metaspace: 0M used, 0M committed, 1088M reserved
[2026-06-18T14:29:28.303+0800][20.965s][info][gc,reloc    ] GC(61) y:                        Candidates     Selected     In-Place         Size        Empty    Relocated 
[2026-06-18T14:29:28.305+0800][20.966s][info][gc,reloc    ] GC(61) y: Small Pages:                   78            8            0         156M         130M           4M 
[2026-06-18T14:29:28.305+0800][20.967s][info][gc,reloc    ] GC(61) y: Medium Pages:                   5            1            0          40M          16M           2M 
[2026-06-18T14:29:28.306+0800][20.967s][info][gc,reloc    ] GC(61) y: Large Pages:                    7            0            0          14M           4M           0M 
[2026-06-18T14:29:28.307+0800][20.968s][info][gc,reloc    ] GC(61) y: Forwarding Usage: 0M
[2026-06-18T14:29:28.308+0800][20.969s][info][gc,reloc    ] GC(61) y: Age Table:
[2026-06-18T14:29:28.309+0800][20.970s][info][gc,reloc    ] GC(61) y:                    Live             Garbage             Small              Medium             Large        
[2026-06-18T14:29:28.310+0800][20.971s][info][gc,reloc    ] GC(61) y: Eden              19M (7%)          144M (57%)         72 / 8              2 / 1              2 / 0        
[2026-06-18T14:29:28.311+0800][20.972s][info][gc,reloc    ] GC(61) y: Survivor 1         2M (1%)           27M (11%)          6 / 0              2 / 0              1 / 0        
[2026-06-18T14:29:28.311+0800][20.973s][info][gc,reloc    ] GC(61) y: Survivor 2         4M (2%)            0M (0%)           0 / 0              0 / 0              2 / 0        
[2026-06-18T14:29:28.312+0800][20.974s][info][gc,reloc    ] GC(61) y: Survivor 3          -                 2M (1%)           0 / 0              0 / 0              1 / 0        
[2026-06-18T14:29:28.313+0800][20.974s][info][gc,reloc    ] GC(61) y: Survivor 4          -                10M (4%)           0 / 0              1 / 0              1 / 0        
[2026-06-18T14:29:28.313+0800][20.975s][info][gc,heap     ] GC(61) y: Min Capacity: 256M(100%)
[2026-06-18T14:29:28.314+0800][20.975s][info][gc,heap     ] GC(61) y: Max Capacity: 256M(100%)
[2026-06-18T14:29:28.314+0800][20.976s][info][gc,heap     ] GC(61) y: Soft Max Capacity: 256M(100%)
[2026-06-18T14:29:28.315+0800][20.976s][info][gc,heap     ] GC(61) y: Heap Statistics:
[2026-06-18T14:29:28.315+0800][20.977s][info][gc,heap     ] GC(61) y:                Mark Start          Mark End        Relocate Start      Relocate End           High               Low         
[2026-06-18T14:29:28.316+0800][20.977s][info][gc,heap     ] GC(61) y:  Capacity:      256M (100%)        256M (100%)        256M (100%)        256M (100%)        256M (100%)        256M (100%)   
[2026-06-18T14:29:28.316+0800][20.977s][info][gc,heap     ] GC(61) y:      Free:       34M (13%)          34M (13%)         184M (72%)         198M (77%)         198M (77%)          34M (13%)    
[2026-06-18T14:29:28.316+0800][20.978s][info][gc,heap     ] GC(61) y:      Used:      222M (87%)         222M (87%)          72M (28%)          58M (23%)         222M (87%)          58M (23%)    
[2026-06-18T14:29:28.316+0800][20.978s][info][gc,heap     ] GC(61) y: Young Generation Statistics:
[2026-06-18T14:29:28.317+0800][20.978s][info][gc,heap     ] GC(61) y:                Mark Start          Mark End        Relocate Start      Relocate End    
[2026-06-18T14:29:28.317+0800][20.978s][info][gc,heap     ] GC(61) y:      Used:      210M (82%)         210M (82%)          60M (23%)          46M (18%)    
[2026-06-18T14:29:28.317+0800][20.979s][info][gc,heap     ] GC(61) y:      Live:         -                25M (10%)          25M (10%)          25M (10%)    
[2026-06-18T14:29:28.317+0800][20.979s][info][gc,heap     ] GC(61) y:   Garbage:         -               184M (72%)          34M (13%)           3M (2%)     
[2026-06-18T14:29:28.318+0800][20.979s][info][gc,heap     ] GC(61) y: Allocated:         -                 0M (0%)            0M (0%)           16M (6%)     
[2026-06-18T14:29:28.318+0800][20.979s][info][gc,heap     ] GC(61) y: Reclaimed:         -                  -               150M (59%)         180M (70%)    
[2026-06-18T14:29:28.318+0800][20.980s][info][gc,heap     ] GC(61) y:  Promoted:         -                  -                 0M (0%)            0M (0%)     
[2026-06-18T14:29:28.318+0800][20.980s][info][gc,heap     ] GC(61) y: Compacted:         -                  -                  -                 9M (4%)     
[2026-06-18T14:29:28.319+0800][20.980s][info][gc,phases   ] GC(61) y: Young Generation 222M(87%)->58M(23%) 0.007s
[2026-06-18T14:29:28.319+0800][20.980s][info][gc          ] GC(61) Minor Collection (Allocation Rate) 222M(87%)->78M(30%) 0.032s
[2026-06-18T14:29:28.698+0800][21.360s][info][gc          ] GC(62) Minor Collection (Allocation Rate)
[2026-06-18T14:29:28.699+0800][21.361s][info][gc,task     ] GC(62) Using 1 Workers for Young Generation
[2026-06-18T14:29:28.700+0800][21.362s][info][gc,phases   ] GC(62) y: Young Generation
[2026-06-18T14:29:28.702+0800][21.363s][info][gc,phases   ] GC(62) y: Pause Mark Start 0.012ms
[2026-06-18T14:29:28.703+0800][21.365s][info][gc,phases   ] GC(62) y: Concurrent Mark 0.604ms
[2026-06-18T14:29:28.704+0800][21.365s][info][gc,phases   ] GC(62) y: Pause Mark End 0.010ms
[2026-06-18T14:29:28.705+0800][21.366s][info][gc,phases   ] GC(62) y: Concurrent Mark Free 0.002ms
[2026-06-18T14:29:28.705+0800][21.367s][info][gc,phases   ] GC(62) y: Concurrent Reset Relocation Set 0.002ms
[2026-06-18T14:29:28.706+0800][21.367s][info][gc,reloc    ] GC(62) y: Using tenuring threshold: 4 (Computed)
[2026-06-18T14:29:28.706+0800][21.368s][info][gc,phases   ] GC(62) y: Concurrent Select Relocation Set 0.614ms
[2026-06-18T14:29:28.707+0800][21.368s][info][gc,phases   ] GC(62) y: Pause Relocate Start 0.008ms
[2026-06-18T14:29:28.708+0800][21.370s][info][gc,phases   ] GC(62) y: Concurrent Relocate 1.113ms
[2026-06-18T14:29:28.709+0800][21.371s][info][gc,alloc    ] GC(62) y:                         Mark Start        Mark End      Relocate Start    Relocate End   
[2026-06-18T14:29:28.710+0800][21.371s][info][gc,alloc    ] GC(62) y: Allocation Stalls:          0                0                0                0         
[2026-06-18T14:29:28.710+0800][21.372s][info][gc,load     ] GC(62) y: Load: 0.51 (2%) / 0.35 (1%) / 0.31 (1%)
[2026-06-18T14:29:28.710+0800][21.372s][info][gc,mmu      ] GC(62) y: MMU: 2ms/97.5%, 5ms/98.6%, 10ms/99.3%, 20ms/99.6%, 50ms/99.8%, 100ms/99.9%
[2026-06-18T14:29:28.711+0800][21.372s][info][gc,marking  ] GC(62) y: Mark: 1 stripe(s), 1 proactive flush(es), 1 terminate flush(es), 0 completion(s), 0 continuation(s) 
[2026-06-18T14:29:28.711+0800][21.372s][info][gc,nmethod  ] GC(62) y: NMethods: 95 registered, 7 unregistered
[2026-06-18T14:29:28.711+0800][21.373s][info][gc,metaspace] GC(62) y: Metaspace: 0M used, 0M committed, 1088M reserved
[2026-06-18T14:29:28.711+0800][21.373s][info][gc,reloc    ] GC(62) y:                        Candidates     Selected     In-Place         Size        Empty    Relocated 
[2026-06-18T14:29:28.711+0800][21.373s][info][gc,reloc    ] GC(62) y: Small Pages:                   79            9            0         158M         134M           3M 
[2026-06-18T14:29:28.712+0800][21.373s][info][gc,reloc    ] GC(62) y: Medium Pages:                   6            2            0          48M          16M           2M 
[2026-06-18T14:29:28.712+0800][21.373s][info][gc,reloc    ] GC(62) y: Large Pages:                    5            0            0          10M           0M           0M 
[2026-06-18T14:29:28.712+0800][21.374s][info][gc,reloc    ] GC(62) y: Forwarding Usage: 0M
[2026-06-18T14:29:28.712+0800][21.374s][info][gc,reloc    ] GC(62) y: Age Table:
[2026-06-18T14:29:28.713+0800][21.374s][info][gc,reloc    ] GC(62) y:                    Live             Garbage             Small              Medium             Large        
[2026-06-18T14:29:28.713+0800][21.374s][info][gc,reloc    ] GC(62) y: Eden              13M (5%)          156M (61%)         73 / 9              3 / 1              0 / 0        
[2026-06-18T14:29:28.713+0800][21.375s][info][gc,reloc    ] GC(62) y: Survivor 1         4M (2%)           28M (11%)          6 / 0              2 / 0              2 / 0        
[2026-06-18T14:29:28.713+0800][21.375s][info][gc,reloc    ] GC(62) y: Survivor 2         2M (1%)            7M (3%)           0 / 0              1 / 1              1 / 0        
[2026-06-18T14:29:28.713+0800][21.375s][info][gc,reloc    ] GC(62) y: Survivor 3         4M (2%)            0M (0%)           0 / 0              0 / 0              2 / 0        
[2026-06-18T14:29:28.714+0800][21.375s][info][gc,heap     ] GC(62) y: Min Capacity: 256M(100%)
[2026-06-18T14:29:28.714+0800][21.376s][info][gc,heap     ] GC(62) y: Max Capacity: 256M(100%)
[2026-06-18T14:29:28.715+0800][21.376s][info][gc,heap     ] GC(62) y: Soft Max Capacity: 256M(100%)
[2026-06-18T14:29:28.715+0800][21.377s][info][gc,heap     ] GC(62) y: Heap Statistics:
[2026-06-18T14:29:28.715+0800][21.377s][info][gc,heap     ] GC(62) y:                Mark Start          Mark End        Relocate Start      Relocate End           High               Low         
[2026-06-18T14:29:28.716+0800][21.377s][info][gc,heap     ] GC(62) y:  Capacity:      256M (100%)        256M (100%)        256M (100%)        256M (100%)        256M (100%)        256M (100%)   
[2026-06-18T14:29:28.716+0800][21.377s][info][gc,heap     ] GC(62) y:      Free:       28M (11%)          28M (11%)         178M (70%)         204M (80%)         204M (80%)          28M (11%)    
[2026-06-18T14:29:28.716+0800][21.378s][info][gc,heap     ] GC(62) y:      Used:      228M (89%)         228M (89%)          78M (30%)          52M (20%)         228M (89%)          52M (20%)    
[2026-06-18T14:29:28.716+0800][21.378s][info][gc,heap     ] GC(62) y: Young Generation Statistics:
[2026-06-18T14:29:28.717+0800][21.378s][info][gc,heap     ] GC(62) y:                Mark Start          Mark End        Relocate Start      Relocate End    
[2026-06-18T14:29:28.717+0800][21.378s][info][gc,heap     ] GC(62) y:      Used:      216M (84%)         216M (84%)          66M (26%)          40M (16%)    
[2026-06-18T14:29:28.717+0800][21.378s][info][gc,heap     ] GC(62) y:      Live:         -                23M (9%)           23M (9%)           23M (9%)     
[2026-06-18T14:29:28.717+0800][21.379s][info][gc,heap     ] GC(62) y:   Garbage:         -               192M (75%)          42M (16%)           1M (1%)     
[2026-06-18T14:29:28.717+0800][21.379s][info][gc,heap     ] GC(62) y: Allocated:         -                 0M (0%)            0M (0%)           14M (6%)     
[2026-06-18T14:29:28.718+0800][21.379s][info][gc,heap     ] GC(62) y: Reclaimed:         -                  -               150M (59%)         190M (74%)    
[2026-06-18T14:29:28.718+0800][21.379s][info][gc,heap     ] GC(62) y:  Promoted:         -                  -                 0M (0%)            0M (0%)     
[2026-06-18T14:29:28.719+0800][21.381s][info][gc,heap     ] GC(62) y: Compacted:         -                  -                  -                 7M (3%)     
[2026-06-18T14:29:28.720+0800][21.382s][info][gc,phases   ] GC(62) y: Young Generation 228M(89%)->52M(20%) 0.009s
[2026-06-18T14:29:28.721+0800][21.383s][info][gc          ] GC(62) Minor Collection (Allocation Rate) 226M(88%)->62M(24%) 0.023s
[2026-06-18T14:29:28.857+0800][21.518s][info][gc          ] GC(63) Major Collection (Proactive)
[2026-06-18T14:29:28.858+0800][21.519s][info][gc,task     ] GC(63) Using 1 Workers for Young Generation
[2026-06-18T14:29:28.859+0800][21.520s][info][gc,task     ] GC(63) Using 1 Workers for Old Generation
[2026-06-18T14:29:28.860+0800][21.521s][info][gc,phases   ] GC(63) Y: Young Generation
[2026-06-18T14:29:28.861+0800][21.522s][info][gc,phases   ] GC(63) Y: Pause Mark Start (Major) 0.017ms
[2026-06-18T14:29:28.862+0800][21.524s][info][gc,phases   ] GC(63) Y: Concurrent Mark 0.555ms
[2026-06-18T14:29:28.863+0800][21.524s][info][gc,phases   ] GC(63) Y: Pause Mark End 0.007ms
[2026-06-18T14:29:28.863+0800][21.525s][info][gc,phases   ] GC(63) Y: Concurrent Mark Free 0.001ms
[2026-06-18T14:29:28.864+0800][21.526s][info][gc,phases   ] GC(63) Y: Concurrent Reset Relocation Set 0.002ms
[2026-06-18T14:29:28.865+0800][21.526s][info][gc,reloc    ] GC(63) Y: Using tenuring threshold: 4 (Computed)
[2026-06-18T14:29:28.866+0800][21.527s][info][gc,phases   ] GC(63) Y: Concurrent Select Relocation Set 1.004ms
[2026-06-18T14:29:28.866+0800][21.528s][info][gc,phases   ] GC(63) Y: Pause Relocate Start 0.008ms
[2026-06-18T14:29:28.868+0800][21.529s][info][gc,phases   ] GC(63) Y: Concurrent Relocate 0.847ms
[2026-06-18T14:29:28.868+0800][21.530s][info][gc,alloc    ] GC(63) Y:                         Mark Start        Mark End      Relocate Start    Relocate End   
[2026-06-18T14:29:28.869+0800][21.530s][info][gc,alloc    ] GC(63) Y: Allocation Stalls:          0                0                0                0         
[2026-06-18T14:29:28.869+0800][21.530s][info][gc,load     ] GC(63) Y: Load: 0.51 (2%) / 0.35 (1%) / 0.31 (1%)
[2026-06-18T14:29:28.869+0800][21.531s][info][gc,mmu      ] GC(63) Y: MMU: 2ms/97.5%, 5ms/98.6%, 10ms/99.3%, 20ms/99.6%, 50ms/99.8%, 100ms/99.9%
[2026-06-18T14:29:28.869+0800][21.531s][info][gc,marking  ] GC(63) Y: Mark: 1 stripe(s), 1 proactive flush(es), 1 terminate flush(es), 0 completion(s), 0 continuation(s) 
[2026-06-18T14:29:28.870+0800][21.531s][info][gc,nmethod  ] GC(63) Y: NMethods: 95 registered, 7 unregistered
[2026-06-18T14:29:28.870+0800][21.531s][info][gc,metaspace] GC(63) Y: Metaspace: 0M used, 0M committed, 1088M reserved
[2026-06-18T14:29:28.870+0800][21.532s][info][gc,reloc    ] GC(63) Y:                        Candidates     Selected     In-Place         Size        Empty    Relocated 
[2026-06-18T14:29:28.870+0800][21.532s][info][gc,reloc    ] GC(63) Y: Small Pages:                   32            7            0          64M          42M           3M 
[2026-06-18T14:29:28.871+0800][21.532s][info][gc,reloc    ] GC(63) Y: Medium Pages:                   4            2            0          32M           0M           2M 
[2026-06-18T14:29:28.871+0800][21.532s][info][gc,reloc    ] GC(63) Y: Large Pages:                    6            0            0          12M           0M           0M 
[2026-06-18T14:29:28.871+0800][21.532s][info][gc,reloc    ] GC(63) Y: Forwarding Usage: 0M
[2026-06-18T14:29:28.872+0800][21.533s][info][gc,reloc    ] GC(63) Y: Age Table:
[2026-06-18T14:29:28.872+0800][21.533s][info][gc,reloc    ] GC(63) Y:                    Live             Garbage             Small              Medium             Large        
[2026-06-18T14:29:28.872+0800][21.534s][info][gc,reloc    ] GC(63) Y: Eden              10M (4%)           57M (22%)         29 / 5              1 / 0              1 / 0        
[2026-06-18T14:29:28.873+0800][21.534s][info][gc,reloc    ] GC(63) Y: Survivor 1         3M (1%)           18M (7%)           3 / 2              2 / 1              0 / 0        
[2026-06-18T14:29:28.873+0800][21.535s][info][gc,reloc    ] GC(63) Y: Survivor 2         4M (2%)            0M (0%)           0 / 0              0 / 0              2 / 0        
[2026-06-18T14:29:28.874+0800][21.535s][info][gc,reloc    ] GC(63) Y: Survivor 3         2M (1%)            7M (3%)           0 / 0              1 / 1              1 / 0        
[2026-06-18T14:29:28.874+0800][21.535s][info][gc,reloc    ] GC(63) Y: Survivor 4         4M (2%)            0M (0%)           0 / 0              0 / 0              2 / 0        
[2026-06-18T14:29:28.874+0800][21.536s][info][gc,heap     ] GC(63) Y: Min Capacity: 256M(100%)
[2026-06-18T14:29:28.874+0800][21.536s][info][gc,heap     ] GC(63) Y: Max Capacity: 256M(100%)
[2026-06-18T14:29:28.875+0800][21.536s][info][gc,heap     ] GC(63) Y: Soft Max Capacity: 256M(100%)
[2026-06-18T14:29:28.875+0800][21.536s][info][gc,heap     ] GC(63) Y: Heap Statistics:
[2026-06-18T14:29:28.875+0800][21.537s][info][gc,heap     ] GC(63) Y:                Mark Start          Mark End        Relocate Start      Relocate End           High               Low         
[2026-06-18T14:29:28.875+0800][21.537s][info][gc,heap     ] GC(63) Y:  Capacity:      256M (100%)        256M (100%)        256M (100%)        256M (100%)        256M (100%)        256M (100%)   
[2026-06-18T14:29:28.876+0800][21.537s][info][gc,heap     ] GC(63) Y:      Free:      136M (53%)         136M (53%)         178M (70%)         196M (77%)         196M (77%)         136M (53%)    
[2026-06-18T14:29:28.876+0800][21.537s][info][gc,heap     ] GC(63) Y:      Used:      120M (47%)         120M (47%)          78M (30%)          60M (23%)         120M (47%)          60M (23%)    
[2026-06-18T14:29:28.876+0800][21.537s][info][gc,heap     ] GC(63) Y: Young Generation Statistics:
[2026-06-18T14:29:28.876+0800][21.538s][info][gc,heap     ] GC(63) Y:                Mark Start          Mark End        Relocate Start      Relocate End    
[2026-06-18T14:29:28.876+0800][21.538s][info][gc,heap     ] GC(63) Y:      Used:      108M (42%)         108M (42%)          62M (24%)          44M (17%)    
[2026-06-18T14:29:28.877+0800][21.538s][info][gc,heap     ] GC(63) Y:      Live:         -                25M (10%)          21M (8%)           21M (8%)     
[2026-06-18T14:29:28.877+0800][21.538s][info][gc,heap     ] GC(63) Y:   Garbage:         -                82M (32%)          40M (16%)           4M (2%)     
[2026-06-18T14:29:28.877+0800][21.539s][info][gc,heap     ] GC(63) Y: Allocated:         -                 0M (0%)            0M (0%)           18M (7%)     
[2026-06-18T14:29:28.878+0800][21.539s][info][gc,heap     ] GC(63) Y: Reclaimed:         -                  -                42M (16%)          78M (31%)    
[2026-06-18T14:29:28.878+0800][21.540s][info][gc,heap     ] GC(63) Y:  Promoted:         -                  -                 4M (2%)            4M (2%)     
[2026-06-18T14:29:28.878+0800][21.540s][info][gc,heap     ] GC(63) Y: Compacted:         -                  -                  -                 7M (3%)     
[2026-06-18T14:29:28.879+0800][21.540s][info][gc,phases   ] GC(63) Y: Young Generation 120M(47%)->60M(23%) 0.009s
[2026-06-18T14:29:28.879+0800][21.541s][info][gc,phases   ] GC(63) O: Old Generation
[2026-06-18T14:29:28.880+0800][21.542s][info][gc,phases   ] GC(63) O: Concurrent Mark 0.990ms
[2026-06-18T14:29:28.881+0800][21.542s][info][gc,phases   ] GC(63) O: Pause Mark End 0.010ms
[2026-06-18T14:29:28.881+0800][21.543s][info][gc,phases   ] GC(63) O: Concurrent Mark Free 0.002ms
[2026-06-18T14:29:28.882+0800][21.543s][info][gc,phases   ] GC(63) O: Concurrent Process Non-Strong 0.293ms
[2026-06-18T14:29:28.882+0800][21.544s][info][gc,phases   ] GC(63) O: Concurrent Reset Relocation Set 0.001ms
[2026-06-18T14:29:28.882+0800][21.544s][info][gc,phases   ] GC(63) O: Concurrent Select Relocation Set 0.046ms
[2026-06-18T14:29:28.883+0800][21.544s][info][gc,task     ] GC(63) O: Using 2 Workers for Old Generation
[2026-06-18T14:29:28.883+0800][21.545s][info][gc,task     ] GC(63) O: Using 1 Workers for Old Generation
[2026-06-18T14:29:28.884+0800][21.545s][info][gc,phases   ] GC(63) O: Concurrent Remap Roots 1.097ms
[2026-06-18T14:29:28.884+0800][21.546s][info][gc,phases   ] GC(63) O: Pause Relocate Start 0.009ms
[2026-06-18T14:29:28.885+0800][21.546s][info][gc,phases   ] GC(63) O: Concurrent Relocate 0.063ms
[2026-06-18T14:29:28.885+0800][21.546s][info][gc,alloc    ] GC(63) O:                         Mark Start        Mark End      Relocate Start    Relocate End   
[2026-06-18T14:29:28.885+0800][21.547s][info][gc,alloc    ] GC(63) O: Allocation Stalls:          0                0                0                0         
[2026-06-18T14:29:28.885+0800][21.547s][info][gc,load     ] GC(63) O: Load: 0.51 (2%) / 0.35 (1%) / 0.31 (1%)
[2026-06-18T14:29:28.886+0800][21.547s][info][gc,mmu      ] GC(63) O: MMU: 2ms/97.5%, 5ms/98.6%, 10ms/99.3%, 20ms/99.6%, 50ms/99.8%, 100ms/99.9%
[2026-06-18T14:29:28.886+0800][21.548s][info][gc,marking  ] GC(63) O: Mark: 1 stripe(s), 2 proactive flush(es), 1 terminate flush(es), 0 completion(s), 0 continuation(s) 
[2026-06-18T14:29:28.886+0800][21.548s][info][gc,nmethod  ] GC(63) O: NMethods: 94 registered, 8 unregistered
[2026-06-18T14:29:28.886+0800][21.548s][info][gc,metaspace] GC(63) O: Metaspace: 0M used, 0M committed, 1088M reserved
[2026-06-18T14:29:28.887+0800][21.548s][info][gc,ref      ] GC(63) O:                       Encountered   Discovered     Enqueued 
[2026-06-18T14:29:28.887+0800][21.548s][info][gc,ref      ] GC(63) O: Soft References:                2            0            0 
[2026-06-18T14:29:28.887+0800][21.549s][info][gc,ref      ] GC(63) O: Weak References:                6            0            0 
[2026-06-18T14:29:28.887+0800][21.549s][info][gc,ref      ] GC(63) O: Final References:               0            0            0 
[2026-06-18T14:29:28.888+0800][21.549s][info][gc,ref      ] GC(63) O: Phantom References:             1            1            0 
[2026-06-18T14:29:28.888+0800][21.549s][info][gc,reloc    ] GC(63) O:                        Candidates     Selected     In-Place         Size        Empty    Relocated 
[2026-06-18T14:29:28.888+0800][21.549s][info][gc,reloc    ] GC(63) O: Small Pages:                    1            0            0           2M           0M           0M 
[2026-06-18T14:29:28.888+0800][21.550s][info][gc,reloc    ] GC(63) O: Medium Pages:                   0            0            0           0M           0M           0M 
[2026-06-18T14:29:28.888+0800][21.550s][info][gc,reloc    ] GC(63) O: Large Pages:                    5            0            0          10M          10M           0M 
[2026-06-18T14:29:28.889+0800][21.550s][info][gc,reloc    ] GC(63) O: Forwarding Usage: 0M
[2026-06-18T14:29:28.889+0800][21.550s][info][gc,heap     ] GC(63) O: Min Capacity: 256M(100%)
[2026-06-18T14:29:28.889+0800][21.551s][info][gc,heap     ] GC(63) O: Max Capacity: 256M(100%)
[2026-06-18T14:29:28.889+0800][21.551s][info][gc,heap     ] GC(63) O: Soft Max Capacity: 256M(100%)
[2026-06-18T14:29:28.890+0800][21.551s][info][gc,heap     ] GC(63) O: Heap Statistics:
[2026-06-18T14:29:28.890+0800][21.552s][info][gc,heap     ] GC(63) O:                Mark Start          Mark End        Relocate Start      Relocate End           High               Low         
[2026-06-18T14:29:28.890+0800][21.552s][info][gc,heap     ] GC(63) O:  Capacity:      256M (100%)        256M (100%)        256M (100%)        256M (100%)        256M (100%)        256M (100%)   
[2026-06-18T14:29:28.891+0800][21.552s][info][gc,heap     ] GC(63) O:      Free:      136M (53%)         192M (75%)         202M (79%)         202M (79%)         202M (79%)         136M (53%)    
[2026-06-18T14:29:28.891+0800][21.552s][info][gc,heap     ] GC(63) O:      Used:      120M (47%)          64M (25%)          54M (21%)          54M (21%)         120M (47%)          54M (21%)    
[2026-06-18T14:29:28.891+0800][21.553s][info][gc,heap     ] GC(63) O: Old Generation Statistics:
[2026-06-18T14:29:28.891+0800][21.553s][info][gc,heap     ] GC(63) O:                Mark Start          Mark End        Relocate Start      Relocate End    
[2026-06-18T14:29:28.892+0800][21.553s][info][gc,heap     ] GC(63) O:      Used:       12M (5%)           16M (6%)            6M (2%)            6M (2%)     
[2026-06-18T14:29:28.892+0800][21.553s][info][gc,heap     ] GC(63) O:      Live:         -                 0M (0%)            0M (0%)            0M (0%)     
[2026-06-18T14:29:28.892+0800][21.554s][info][gc,heap     ] GC(63) O:   Garbage:         -                11M (4%)            1M (1%)            1M (1%)     
[2026-06-18T14:29:28.892+0800][21.554s][info][gc,heap     ] GC(63) O: Allocated:         -                 4M (2%)            4M (2%)            4M (2%)     
[2026-06-18T14:29:28.893+0800][21.554s][info][gc,heap     ] GC(63) O: Reclaimed:         -                  -                10M (4%)           10M (4%)     
[2026-06-18T14:29:28.893+0800][21.554s][info][gc,heap     ] GC(63) O: Compacted:         -                  -                  -                 0M (0%)     
[2026-06-18T14:29:28.893+0800][21.555s][info][gc,phases   ] GC(63) O: Old Generation 64M(25%)->54M(21%) 0.006s
[2026-06-18T14:29:28.893+0800][21.555s][info][gc          ] GC(63) Major Collection (Proactive) 118M(46%)->68M(27%) 0.037s
[2026-06-18T14:29:29.299+0800][21.961s][info][gc          ] GC(64) Minor Collection (High Usage)
[2026-06-18T14:29:29.301+0800][21.963s][info][gc,task     ] GC(64) Using 1 Workers for Young Generation
[2026-06-18T14:29:29.302+0800][21.964s][info][gc,phases   ] GC(64) y: Young Generation
[2026-06-18T14:29:29.304+0800][21.965s][info][gc,phases   ] GC(64) y: Pause Mark Start 0.014ms
[2026-06-18T14:29:29.306+0800][21.967s][info][gc,phases   ] GC(64) y: Concurrent Mark 0.393ms
[2026-06-18T14:29:29.307+0800][21.968s][info][gc,phases   ] GC(64) y: Pause Mark End 0.010ms
[2026-06-18T14:29:29.308+0800][21.970s][info][gc,phases   ] GC(64) y: Concurrent Mark Free 0.002ms
[2026-06-18T14:29:29.309+0800][21.971s][info][gc,phases   ] GC(64) y: Concurrent Reset Relocation Set 0.005ms
[2026-06-18T14:29:29.310+0800][21.972s][info][gc,reloc    ] GC(64) y: Using tenuring threshold: 4 (Computed)
[2026-06-18T14:29:29.311+0800][21.973s][info][gc,phases   ] GC(64) y: Concurrent Select Relocation Set 1.243ms
[2026-06-18T14:29:29.312+0800][21.974s][info][gc,phases   ] GC(64) y: Pause Relocate Start 0.012ms
[2026-06-18T14:29:29.315+0800][21.977s][info][gc,phases   ] GC(64) y: Concurrent Relocate 1.603ms
[2026-06-18T14:29:29.317+0800][21.978s][info][gc,alloc    ] GC(64) y:                         Mark Start        Mark End      Relocate Start    Relocate End   
[2026-06-18T14:29:29.318+0800][21.979s][info][gc,alloc    ] GC(64) y: Allocation Stalls:          0                0                0                0         
[2026-06-18T14:29:29.333+0800][21.995s][info][gc,load     ] GC(64) y: Load: 0.51 (2%) / 0.35 (1%) / 0.31 (1%)
[2026-06-18T14:29:29.337+0800][21.998s][info][gc,mmu      ] GC(64) y: MMU: 2ms/97.5%, 5ms/98.6%, 10ms/99.3%, 20ms/99.6%, 50ms/99.8%, 100ms/99.9%
[2026-06-18T14:29:29.338+0800][22.000s][info][gc,marking  ] GC(64) y: Mark: 1 stripe(s), 1 proactive flush(es), 1 terminate flush(es), 0 completion(s), 0 continuation(s) 
[2026-06-18T14:29:29.339+0800][22.001s][info][gc,nmethod  ] GC(64) y: NMethods: 94 registered, 8 unregistered
[2026-06-18T14:29:29.343+0800][22.005s][info][gc,metaspace] GC(64) y: Metaspace: 0M used, 0M committed, 1088M reserved
[2026-06-18T14:29:29.361+0800][22.023s][info][gc,reloc    ] GC(64) y:                        Candidates     Selected     In-Place         Size        Empty    Relocated 
[2026-06-18T14:29:29.366+0800][22.027s][info][gc,reloc    ] GC(64) y: Small Pages:                   82           13            0         164M         128M           3M 
[2026-06-18T14:29:29.375+0800][22.037s][info][gc,reloc    ] GC(64) y: Medium Pages:                   6            2            0          48M          16M           5M 
[2026-06-18T14:29:29.377+0800][22.038s][info][gc,reloc    ] GC(64) y: Large Pages:                    7            0            0          14M           4M           0M 
[2026-06-18T14:29:29.378+0800][22.040s][info][gc,reloc    ] GC(64) y: Forwarding Usage: 0M
[2026-06-18T14:29:29.379+0800][22.041s][info][gc,reloc    ] GC(64) y: Age Table:
[2026-06-18T14:29:29.381+0800][22.042s][info][gc,reloc    ] GC(64) y:                    Live             Garbage             Small              Medium             Large        
[2026-06-18T14:29:29.383+0800][22.044s][info][gc,reloc    ] GC(64) y: Eden              25M (10%)         160M (63%)         78 / 13             3 / 1              3 / 0        
[2026-06-18T14:29:29.384+0800][22.046s][info][gc,reloc    ] GC(64) y: Survivor 1         2M (1%)           14M (5%)           3 / 0              1 / 0              1 / 0        
[2026-06-18T14:29:29.386+0800][22.047s][info][gc,reloc    ] GC(64) y: Survivor 2         1M (1%)            8M (3%)           1 / 0              1 / 1              0 / 0        
[2026-06-18T14:29:29.387+0800][22.049s][info][gc,reloc    ] GC(64) y: Survivor 3         2M (1%)            2M (1%)           0 / 0              0 / 0              2 / 0        
[2026-06-18T14:29:29.390+0800][22.051s][info][gc,reloc    ] GC(64) y: Survivor 4          -                10M (4%)           0 / 0              1 / 0              1 / 0        
[2026-06-18T14:29:29.391+0800][22.053s][info][gc,heap     ] GC(64) y: Min Capacity: 256M(100%)
[2026-06-18T14:29:29.393+0800][22.055s][info][gc,heap     ] GC(64) y: Max Capacity: 256M(100%)
[2026-06-18T14:29:29.395+0800][22.056s][info][gc,heap     ] GC(64) y: Soft Max Capacity: 256M(100%)
[2026-06-18T14:29:29.396+0800][22.057s][info][gc,heap     ] GC(64) y: Heap Statistics:
[2026-06-18T14:29:29.397+0800][22.058s][info][gc,heap     ] GC(64) y:                Mark Start          Mark End        Relocate Start      Relocate End           High               Low         
[2026-06-18T14:29:29.398+0800][22.059s][info][gc,heap     ] GC(64) y:  Capacity:      256M (100%)        256M (100%)        256M (100%)        256M (100%)        256M (100%)        256M (100%)   
[2026-06-18T14:29:29.399+0800][22.060s][info][gc,heap     ] GC(64) y:      Free:       24M (9%)           24M (9%)          168M (66%)         202M (79%)         202M (79%)          20M (8%)     
[2026-06-18T14:29:29.400+0800][22.061s][info][gc,heap     ] GC(64) y:      Used:      232M (91%)         232M (91%)          88M (34%)          54M (21%)         236M (92%)          54M (21%)    
[2026-06-18T14:29:29.401+0800][22.063s][info][gc,heap     ] GC(64) y: Young Generation Statistics:
[2026-06-18T14:29:29.402+0800][22.064s][info][gc,heap     ] GC(64) y:                Mark Start          Mark End        Relocate Start      Relocate End    
[2026-06-18T14:29:29.403+0800][22.065s][info][gc,heap     ] GC(64) y:      Used:      226M (88%)         226M (88%)          82M (32%)          48M (19%)    
[2026-06-18T14:29:29.404+0800][22.066s][info][gc,heap     ] GC(64) y:      Live:         -                31M (12%)          31M (12%)          31M (12%)    
[2026-06-18T14:29:29.405+0800][22.067s][info][gc,heap     ] GC(64) y:   Garbage:         -               194M (76%)          46M (18%)           2M (1%)     
[2026-06-18T14:29:29.406+0800][22.068s][info][gc,heap     ] GC(64) y: Allocated:         -                 0M (0%)            4M (2%)           14M (6%)     
[2026-06-18T14:29:29.407+0800][22.068s][info][gc,heap     ] GC(64) y: Reclaimed:         -                  -               148M (58%)         192M (75%)    
[2026-06-18T14:29:29.408+0800][22.069s][info][gc,heap     ] GC(64) y:  Promoted:         -                  -                 0M (0%)            0M (0%)     
[2026-06-18T14:29:29.408+0800][22.070s][info][gc,heap     ] GC(64) y: Compacted:         -                  -                  -                11M (4%)     
[2026-06-18T14:29:29.409+0800][22.071s][info][gc,phases   ] GC(64) y: Young Generation 232M(91%)->54M(21%) 0.014s
[2026-06-18T14:29:29.410+0800][22.072s][info][gc          ] GC(64) Minor Collection (High Usage) 232M(91%)->96M(38%) 0.111s
[2026-06-18T14:29:29.742+0800][22.403s][info][gc          ] GC(65) Minor Collection (Allocation Rate)
[2026-06-18T14:29:29.743+0800][22.404s][info][gc,task     ] GC(65) Using 1 Workers for Young Generation
[2026-06-18T14:29:29.744+0800][22.406s][info][gc,phases   ] GC(65) y: Young Generation
[2026-06-18T14:29:29.745+0800][22.407s][info][gc,phases   ] GC(65) y: Pause Mark Start 0.015ms
[2026-06-18T14:29:29.747+0800][22.408s][info][gc,phases   ] GC(65) y: Concurrent Mark 0.585ms
[2026-06-18T14:29:29.748+0800][22.409s][info][gc,phases   ] GC(65) y: Pause Mark End 0.009ms
[2026-06-18T14:29:29.748+0800][22.410s][info][gc,phases   ] GC(65) y: Concurrent Mark Free 0.002ms
[2026-06-18T14:29:29.749+0800][22.410s][info][gc,phases   ] GC(65) y: Concurrent Reset Relocation Set 0.002ms
[2026-06-18T14:29:29.749+0800][22.411s][info][gc,reloc    ] GC(65) y: Using tenuring threshold: 5 (Computed)
[2026-06-18T14:29:29.750+0800][22.412s][info][gc,phases   ] GC(65) y: Concurrent Select Relocation Set 1.127ms
[2026-06-18T14:29:29.751+0800][22.413s][info][gc,phases   ] GC(65) y: Pause Relocate Start 0.009ms
[2026-06-18T14:29:29.753+0800][22.415s][info][gc,phases   ] GC(65) y: Concurrent Relocate 1.465ms
[2026-06-18T14:29:29.754+0800][22.415s][info][gc,alloc    ] GC(65) y:                         Mark Start        Mark End      Relocate Start    Relocate End   
[2026-06-18T14:29:29.754+0800][22.416s][info][gc,alloc    ] GC(65) y: Allocation Stalls:          0                0                0                0         
[2026-06-18T14:29:29.754+0800][22.416s][info][gc,load     ] GC(65) y: Load: 0.51 (2%) / 0.35 (1%) / 0.31 (1%)
[2026-06-18T14:29:29.755+0800][22.416s][info][gc,mmu      ] GC(65) y: MMU: 2ms/97.5%, 5ms/98.6%, 10ms/99.3%, 20ms/99.6%, 50ms/99.8%, 100ms/99.9%
[2026-06-18T14:29:29.755+0800][22.417s][info][gc,marking  ] GC(65) y: Mark: 1 stripe(s), 1 proactive flush(es), 1 terminate flush(es), 0 completion(s), 0 continuation(s) 
[2026-06-18T14:29:29.756+0800][22.417s][info][gc,nmethod  ] GC(65) y: NMethods: 94 registered, 8 unregistered
[2026-06-18T14:29:29.756+0800][22.417s][info][gc,metaspace] GC(65) y: Metaspace: 0M used, 0M committed, 1088M reserved
[2026-06-18T14:29:29.756+0800][22.418s][info][gc,reloc    ] GC(65) y:                        Candidates     Selected     In-Place         Size        Empty    Relocated 
[2026-06-18T14:29:29.757+0800][22.418s][info][gc,reloc    ] GC(65) y: Small Pages:                   83           14            0         166M         130M           4M 
[2026-06-18T14:29:29.757+0800][22.418s][info][gc,reloc    ] GC(65) y: Medium Pages:                   6            2            0          48M          16M           4M 
[2026-06-18T14:29:29.757+0800][22.419s][info][gc,reloc    ] GC(65) y: Large Pages:                    5            0            0          10M           0M           0M 
[2026-06-18T14:29:29.757+0800][22.419s][info][gc,reloc    ] GC(65) y: Forwarding Usage: 0M
[2026-06-18T14:29:29.758+0800][22.419s][info][gc,reloc    ] GC(65) y: Age Table:
[2026-06-18T14:29:29.758+0800][22.419s][info][gc,reloc    ] GC(65) y:                    Live             Garbage             Small              Medium             Large        
[2026-06-18T14:29:29.758+0800][22.420s][info][gc,reloc    ] GC(65) y: Eden              19M (7%)          160M (63%)         78 / 14             3 / 1              0 / 0        
[2026-06-18T14:29:29.758+0800][22.420s][info][gc,reloc    ] GC(65) y: Survivor 1         6M (2%)           26M (10%)          5 / 0              2 / 0              3 / 0        
[2026-06-18T14:29:29.759+0800][22.420s][info][gc,reloc    ] GC(65) y: Survivor 2         2M (1%)            0M (0%)           0 / 0              0 / 0              1 / 0        
[2026-06-18T14:29:29.759+0800][22.421s][info][gc,reloc    ] GC(65) y: Survivor 3         1M (1%)            6M (2%)           0 / 0              1 / 1              0 / 0        
[2026-06-18T14:29:29.759+0800][22.421s][info][gc,reloc    ] GC(65) y: Survivor 4         2M (1%)            0M (0%)           0 / 0              0 / 0              1 / 0        
[2026-06-18T14:29:29.759+0800][22.421s][info][gc,heap     ] GC(65) y: Min Capacity: 256M(100%)
[2026-06-18T14:29:29.760+0800][22.421s][info][gc,heap     ] GC(65) y: Max Capacity: 256M(100%)
[2026-06-18T14:29:29.760+0800][22.421s][info][gc,heap     ] GC(65) y: Soft Max Capacity: 256M(100%)
[2026-06-18T14:29:29.760+0800][22.422s][info][gc,heap     ] GC(65) y: Heap Statistics:
[2026-06-18T14:29:29.760+0800][22.422s][info][gc,heap     ] GC(65) y:                Mark Start          Mark End        Relocate Start      Relocate End           High               Low         
[2026-06-18T14:29:29.761+0800][22.422s][info][gc,heap     ] GC(65) y:  Capacity:      256M (100%)        256M (100%)        256M (100%)        256M (100%)        256M (100%)        256M (100%)   
[2026-06-18T14:29:29.761+0800][22.422s][info][gc,heap     ] GC(65) y:      Free:       26M (10%)          26M (10%)         172M (67%)         204M (80%)         204M (80%)          26M (10%)    
[2026-06-18T14:29:29.761+0800][22.423s][info][gc,heap     ] GC(65) y:      Used:      230M (90%)         230M (90%)          84M (33%)          52M (20%)         230M (90%)          52M (20%)    
[2026-06-18T14:29:29.762+0800][22.423s][info][gc,heap     ] GC(65) y: Young Generation Statistics:
[2026-06-18T14:29:29.762+0800][22.423s][info][gc,heap     ] GC(65) y:                Mark Start          Mark End        Relocate Start      Relocate End    
[2026-06-18T14:29:29.763+0800][22.424s][info][gc,heap     ] GC(65) y:      Used:      224M (88%)         224M (88%)          78M (30%)          46M (18%)    
[2026-06-18T14:29:29.763+0800][22.424s][info][gc,heap     ] GC(65) y:      Live:         -                30M (12%)          30M (12%)          30M (12%)    
[2026-06-18T14:29:29.763+0800][22.425s][info][gc,heap     ] GC(65) y:   Garbage:         -               193M (75%)          47M (18%)           0M (0%)     
[2026-06-18T14:29:29.763+0800][22.425s][info][gc,heap     ] GC(65) y: Allocated:         -                 0M (0%)            0M (0%)           14M (6%)     
[2026-06-18T14:29:29.764+0800][22.425s][info][gc,heap     ] GC(65) y: Reclaimed:         -                  -               146M (57%)         192M (75%)    
[2026-06-18T14:29:29.764+0800][22.426s][info][gc,heap     ] GC(65) y:  Promoted:         -                  -                 0M (0%)            0M (0%)     
[2026-06-18T14:29:29.765+0800][22.426s][info][gc,heap     ] GC(65) y: Compacted:         -                  -                  -                13M (5%)     
[2026-06-18T14:29:29.765+0800][22.426s][info][gc,phases   ] GC(65) y: Young Generation 230M(90%)->52M(20%) 0.010s
[2026-06-18T14:29:29.765+0800][22.427s][info][gc          ] GC(65) Minor Collection (Allocation Rate) 228M(89%)->56M(22%) 0.023s
[2026-06-18T14:29:30.197+0800][22.859s][info][gc          ] GC(66) Major Collection (Proactive)
[2026-06-18T14:29:30.199+0800][22.860s][info][gc,task     ] GC(66) Using 1 Workers for Young Generation
[2026-06-18T14:29:30.200+0800][22.861s][info][gc,task     ] GC(66) Using 1 Workers for Old Generation
[2026-06-18T14:29:30.200+0800][22.862s][info][gc,phases   ] GC(66) Y: Young Generation
[2026-06-18T14:29:30.201+0800][22.863s][info][gc,phases   ] GC(66) Y: Pause Mark Start (Major) 0.016ms
[2026-06-18T14:29:30.203+0800][22.864s][info][gc,phases   ] GC(66) Y: Concurrent Mark 0.567ms
[2026-06-18T14:29:30.203+0800][22.865s][info][gc,phases   ] GC(66) Y: Pause Mark End 0.009ms
[2026-06-18T14:29:30.204+0800][22.866s][info][gc,phases   ] GC(66) Y: Concurrent Mark Free 0.002ms
[2026-06-18T14:29:30.205+0800][22.867s][info][gc,phases   ] GC(66) Y: Concurrent Reset Relocation Set 0.002ms
[2026-06-18T14:29:30.206+0800][22.867s][info][gc,reloc    ] GC(66) Y: Using tenuring threshold: 3 (Computed)
[2026-06-18T14:29:30.206+0800][22.868s][info][gc,phases   ] GC(66) Y: Concurrent Select Relocation Set 0.711ms
[2026-06-18T14:29:30.207+0800][22.868s][info][gc,phases   ] GC(66) Y: Pause Relocate Start 0.008ms
[2026-06-18T14:29:30.208+0800][22.870s][info][gc,phases   ] GC(66) Y: Concurrent Relocate 1.118ms
[2026-06-18T14:29:30.209+0800][22.871s][info][gc,alloc    ] GC(66) Y:                         Mark Start        Mark End      Relocate Start    Relocate End   
[2026-06-18T14:29:30.209+0800][22.871s][info][gc,alloc    ] GC(66) Y: Allocation Stalls:          0                0                0                0         
[2026-06-18T14:29:30.210+0800][22.871s][info][gc,load     ] GC(66) Y: Load: 0.46 (2%) / 0.34 (1%) / 0.31 (1%)
[2026-06-18T14:29:30.211+0800][22.872s][info][gc,mmu      ] GC(66) Y: MMU: 2ms/97.5%, 5ms/98.6%, 10ms/99.3%, 20ms/99.6%, 50ms/99.8%, 100ms/99.9%
[2026-06-18T14:29:30.211+0800][22.872s][info][gc,marking  ] GC(66) Y: Mark: 1 stripe(s), 1 proactive flush(es), 1 terminate flush(es), 0 completion(s), 0 continuation(s) 
[2026-06-18T14:29:30.211+0800][22.873s][info][gc,nmethod  ] GC(66) Y: NMethods: 94 registered, 8 unregistered
[2026-06-18T14:29:30.211+0800][22.873s][info][gc,metaspace] GC(66) Y: Metaspace: 0M used, 0M committed, 1088M reserved
[2026-06-18T14:29:30.212+0800][22.873s][info][gc,reloc    ] GC(66) Y:                        Candidates     Selected     In-Place         Size        Empty    Relocated 
[2026-06-18T14:29:30.212+0800][22.873s][info][gc,reloc    ] GC(66) Y: Small Pages:                   84           11            0         168M         138M           4M 
[2026-06-18T14:29:30.212+0800][22.874s][info][gc,reloc    ] GC(66) Y: Medium Pages:                   5            2            0          40M           8M           2M 
[2026-06-18T14:29:30.213+0800][22.874s][info][gc,reloc    ] GC(66) Y: Large Pages:                    8            0            0          16M           6M           0M 
[2026-06-18T14:29:30.213+0800][22.874s][info][gc,reloc    ] GC(66) Y: Forwarding Usage: 0M
[2026-06-18T14:29:30.213+0800][22.875s][info][gc,reloc    ] GC(66) Y: Age Table:
[2026-06-18T14:29:30.213+0800][22.875s][info][gc,reloc    ] GC(66) Y:                    Live             Garbage             Small              Medium             Large        
[2026-06-18T14:29:30.213+0800][22.875s][info][gc,reloc    ] GC(66) Y: Eden              20M (8%)          161M (63%)         80 / 11             2 / 1              3 / 0        
[2026-06-18T14:29:30.214+0800][22.875s][info][gc,reloc    ] GC(66) Y: Survivor 1         1M (1%)           22M (9%)           4 / 0              2 / 1              0 / 0        
[2026-06-18T14:29:30.214+0800][22.875s][info][gc,reloc    ] GC(66) Y: Survivor 2         4M (2%)            2M (1%)           0 / 0              0 / 0              3 / 0        
[2026-06-18T14:29:30.214+0800][22.876s][info][gc,reloc    ] GC(66) Y: Survivor 3          -                 2M (1%)           0 / 0              0 / 0              1 / 0        
[2026-06-18T14:29:30.214+0800][22.876s][info][gc,reloc    ] GC(66) Y: Survivor 4          -                 8M (3%)           0 / 0              1 / 0              0 / 0        
[2026-06-18T14:29:30.215+0800][22.876s][info][gc,reloc    ] GC(66) Y: Survivor 5          -                 2M (1%)           0 / 0              0 / 0              1 / 0        
[2026-06-18T14:29:30.215+0800][22.877s][info][gc,heap     ] GC(66) Y: Min Capacity: 256M(100%)
[2026-06-18T14:29:30.215+0800][22.877s][info][gc,heap     ] GC(66) Y: Max Capacity: 256M(100%)
[2026-06-18T14:29:30.216+0800][22.877s][info][gc,heap     ] GC(66) Y: Soft Max Capacity: 256M(100%)
[2026-06-18T14:29:30.216+0800][22.878s][info][gc,heap     ] GC(66) Y: Heap Statistics:
[2026-06-18T14:29:30.216+0800][22.878s][info][gc,heap     ] GC(66) Y:                Mark Start          Mark End        Relocate Start      Relocate End           High               Low         
[2026-06-18T14:29:30.217+0800][22.878s][info][gc,heap     ] GC(66) Y:  Capacity:      256M (100%)        256M (100%)        256M (100%)        256M (100%)        256M (100%)        256M (100%)   
[2026-06-18T14:29:30.217+0800][22.878s][info][gc,heap     ] GC(66) Y:      Free:       26M (10%)          26M (10%)         178M (70%)         204M (80%)         204M (80%)          26M (10%)    
[2026-06-18T14:29:30.217+0800][22.879s][info][gc,heap     ] GC(66) Y:      Used:      230M (90%)         230M (90%)          78M (30%)          52M (20%)         230M (90%)          52M (20%)    
[2026-06-18T14:29:30.217+0800][22.879s][info][gc,heap     ] GC(66) Y: Young Generation Statistics:
[2026-06-18T14:29:30.217+0800][22.879s][info][gc,heap     ] GC(66) Y:                Mark Start          Mark End        Relocate Start      Relocate End    
[2026-06-18T14:29:30.218+0800][22.879s][info][gc,heap     ] GC(66) Y:      Used:      224M (88%)         224M (88%)          72M (28%)          46M (18%)    
[2026-06-18T14:29:30.218+0800][22.879s][info][gc,heap     ] GC(66) Y:      Live:         -                25M (10%)          25M (10%)          25M (10%)    
[2026-06-18T14:29:30.218+0800][22.880s][info][gc,heap     ] GC(66) Y:   Garbage:         -               198M (77%)          46M (18%)           1M (1%)     
[2026-06-18T14:29:30.218+0800][22.880s][info][gc,heap     ] GC(66) Y: Allocated:         -                 0M (0%)            0M (0%)           18M (7%)     
[2026-06-18T14:29:30.219+0800][22.880s][info][gc,heap     ] GC(66) Y: Reclaimed:         -                  -               152M (59%)         196M (77%)    
[2026-06-18T14:29:30.219+0800][22.880s][info][gc,heap     ] GC(66) Y:  Promoted:         -                  -                 0M (0%)            0M (0%)     
[2026-06-18T14:29:30.219+0800][22.881s][info][gc,heap     ] GC(66) Y: Compacted:         -                  -                  -                 9M (4%)     
[2026-06-18T14:29:30.219+0800][22.881s][info][gc,phases   ] GC(66) Y: Young Generation 230M(90%)->52M(20%) 0.009s
[2026-06-18T14:29:30.220+0800][22.881s][info][gc,phases   ] GC(66) O: Old Generation
[2026-06-18T14:29:30.221+0800][22.882s][info][gc,phases   ] GC(66) O: Concurrent Mark 0.926ms
[2026-06-18T14:29:30.221+0800][22.883s][info][gc,phases   ] GC(66) O: Pause Mark End 0.009ms
[2026-06-18T14:29:30.222+0800][22.883s][info][gc,phases   ] GC(66) O: Concurrent Mark Free 0.001ms
[2026-06-18T14:29:30.222+0800][22.884s][info][gc,phases   ] GC(66) O: Concurrent Process Non-Strong 0.333ms
[2026-06-18T14:29:30.223+0800][22.884s][info][gc,phases   ] GC(66) O: Concurrent Reset Relocation Set 0.001ms
[2026-06-18T14:29:30.223+0800][22.884s][info][gc,phases   ] GC(66) O: Concurrent Select Relocation Set 0.048ms
[2026-06-18T14:29:30.223+0800][22.885s][info][gc,task     ] GC(66) O: Using 2 Workers for Old Generation
[2026-06-18T14:29:30.224+0800][22.885s][info][gc,task     ] GC(66) O: Using 1 Workers for Old Generation
[2026-06-18T14:29:30.224+0800][22.886s][info][gc,phases   ] GC(66) O: Concurrent Remap Roots 0.821ms
[2026-06-18T14:29:30.224+0800][22.886s][info][gc,phases   ] GC(66) O: Pause Relocate Start 0.008ms
[2026-06-18T14:29:30.225+0800][22.886s][info][gc,phases   ] GC(66) O: Concurrent Relocate 0.064ms
[2026-06-18T14:29:30.225+0800][22.887s][info][gc,alloc    ] GC(66) O:                         Mark Start        Mark End      Relocate Start    Relocate End   
[2026-06-18T14:29:30.225+0800][22.887s][info][gc,alloc    ] GC(66) O: Allocation Stalls:          0                0                0                0         
[2026-06-18T14:29:30.226+0800][22.887s][info][gc,load     ] GC(66) O: Load: 0.46 (2%) / 0.34 (1%) / 0.31 (1%)
[2026-06-18T14:29:30.226+0800][22.887s][info][gc,mmu      ] GC(66) O: MMU: 2ms/97.5%, 5ms/98.6%, 10ms/99.3%, 20ms/99.6%, 50ms/99.8%, 100ms/99.9%
[2026-06-18T14:29:30.226+0800][22.888s][info][gc,marking  ] GC(66) O: Mark: 1 stripe(s), 2 proactive flush(es), 1 terminate flush(es), 0 completion(s), 0 continuation(s) 
[2026-06-18T14:29:30.226+0800][22.888s][info][gc,nmethod  ] GC(66) O: NMethods: 94 registered, 8 unregistered
[2026-06-18T14:29:30.227+0800][22.888s][info][gc,metaspace] GC(66) O: Metaspace: 0M used, 0M committed, 1088M reserved
[2026-06-18T14:29:30.227+0800][22.888s][info][gc,ref      ] GC(66) O:                       Encountered   Discovered     Enqueued 
[2026-06-18T14:29:30.227+0800][22.889s][info][gc,ref      ] GC(66) O: Soft References:                2            0            0 
[2026-06-18T14:29:30.227+0800][22.889s][info][gc,ref      ] GC(66) O: Weak References:                6            0            0 
[2026-06-18T14:29:30.228+0800][22.889s][info][gc,ref      ] GC(66) O: Final References:               0            0            0 
[2026-06-18T14:29:30.228+0800][22.889s][info][gc,ref      ] GC(66) O: Phantom References:             1            1            0 
[2026-06-18T14:29:30.228+0800][22.890s][info][gc,reloc    ] GC(66) O:                        Candidates     Selected     In-Place         Size        Empty    Relocated 
[2026-06-18T14:29:30.228+0800][22.890s][info][gc,reloc    ] GC(66) O: Small Pages:                    1            0            0           2M           0M           0M 
[2026-06-18T14:29:30.229+0800][22.890s][info][gc,reloc    ] GC(66) O: Medium Pages:                   0            0            0           0M           0M           0M 
[2026-06-18T14:29:30.229+0800][22.891s][info][gc,reloc    ] GC(66) O: Large Pages:                    2            0            0           4M           4M           0M 
[2026-06-18T14:29:30.229+0800][22.891s][info][gc,reloc    ] GC(66) O: Forwarding Usage: 0M
[2026-06-18T14:29:30.229+0800][22.891s][info][gc,heap     ] GC(66) O: Min Capacity: 256M(100%)
[2026-06-18T14:29:30.230+0800][22.891s][info][gc,heap     ] GC(66) O: Max Capacity: 256M(100%)
[2026-06-18T14:29:30.230+0800][22.892s][info][gc,heap     ] GC(66) O: Soft Max Capacity: 256M(100%)
[2026-06-18T14:29:30.230+0800][22.892s][info][gc,heap     ] GC(66) O: Heap Statistics:
[2026-06-18T14:29:30.231+0800][22.892s][info][gc,heap     ] GC(66) O:                Mark Start          Mark End        Relocate Start      Relocate End           High               Low         
[2026-06-18T14:29:30.231+0800][22.892s][info][gc,heap     ] GC(66) O:  Capacity:      256M (100%)        256M (100%)        256M (100%)        256M (100%)        256M (100%)        256M (100%)   
[2026-06-18T14:29:30.231+0800][22.893s][info][gc,heap     ] GC(66) O:      Free:       26M (10%)         190M (74%)         194M (76%)         194M (76%)         204M (80%)          26M (10%)    
[2026-06-18T14:29:30.232+0800][22.893s][info][gc,heap     ] GC(66) O:      Used:      230M (90%)          66M (26%)          62M (24%)          62M (24%)         230M (90%)          52M (20%)    
[2026-06-18T14:29:30.232+0800][22.893s][info][gc,heap     ] GC(66) O: Old Generation Statistics:
[2026-06-18T14:29:30.232+0800][22.893s][info][gc,heap     ] GC(66) O:                Mark Start          Mark End        Relocate Start      Relocate End    
[2026-06-18T14:29:30.232+0800][22.894s][info][gc,heap     ] GC(66) O:      Used:        6M (2%)            6M (2%)            2M (1%)            2M (1%)     
[2026-06-18T14:29:30.232+0800][22.894s][info][gc,heap     ] GC(66) O:      Live:         -                 0M (0%)            0M (0%)            0M (0%)     
[2026-06-18T14:29:30.233+0800][22.894s][info][gc,heap     ] GC(66) O:   Garbage:         -                 5M (2%)            1M (1%)            1M (1%)     
[2026-06-18T14:29:30.233+0800][22.894s][info][gc,heap     ] GC(66) O: Allocated:         -                 0M (0%)            0M (0%)            0M (0%)     
[2026-06-18T14:29:30.233+0800][22.895s][info][gc,heap     ] GC(66) O: Reclaimed:         -                  -                 4M (2%)            4M (2%)     
[2026-06-18T14:29:30.233+0800][22.895s][info][gc,heap     ] GC(66) O: Compacted:         -                  -                  -                 0M (0%)     
[2026-06-18T14:29:30.234+0800][22.895s][info][gc,phases   ] GC(66) O: Old Generation 66M(26%)->62M(24%) 0.005s
[2026-06-18T14:29:30.234+0800][22.895s][info][gc          ] GC(66) Major Collection (Proactive) 228M(89%)->64M(25%) 0.037s
[2026-06-18T14:29:30.659+0800][23.321s][info][gc          ] GC(67) Minor Collection (High Usage)
[2026-06-18T14:29:30.661+0800][23.323s][info][gc,task     ] GC(67) Using 1 Workers for Young Generation
[2026-06-18T14:29:30.664+0800][23.325s][info][gc,phases   ] GC(67) y: Young Generation
[2026-06-18T14:29:30.666+0800][23.327s][info][gc,phases   ] GC(67) y: Pause Mark Start 0.018ms
[2026-06-18T14:29:30.668+0800][23.330s][info][gc,phases   ] GC(67) y: Concurrent Mark 0.538ms
[2026-06-18T14:29:30.669+0800][23.331s][info][gc,phases   ] GC(67) y: Pause Mark End 0.013ms
[2026-06-18T14:29:30.671+0800][23.332s][info][gc,phases   ] GC(67) y: Concurrent Mark Free 0.003ms
[2026-06-18T14:29:30.674+0800][23.335s][info][gc,phases   ] GC(67) y: Concurrent Reset Relocation Set 0.004ms
[2026-06-18T14:29:30.675+0800][23.336s][info][gc,reloc    ] GC(67) y: Using tenuring threshold: 3 (Computed)
[2026-06-18T14:29:30.677+0800][23.338s][info][gc,phases   ] GC(67) y: Concurrent Select Relocation Set 2.025ms
[2026-06-18T14:29:30.680+0800][23.341s][info][gc,phases   ] GC(67) y: Pause Relocate Start 0.014ms
[2026-06-18T14:29:30.683+0800][23.344s][info][gc,phases   ] GC(67) y: Concurrent Relocate 1.397ms
[2026-06-18T14:29:30.684+0800][23.346s][info][gc,alloc    ] GC(67) y:                         Mark Start        Mark End      Relocate Start    Relocate End   
[2026-06-18T14:29:30.685+0800][23.347s][info][gc,alloc    ] GC(67) y: Allocation Stalls:          0                0                0                0         
[2026-06-18T14:29:30.686+0800][23.348s][info][gc,load     ] GC(67) y: Load: 0.46 (2%) / 0.34 (1%) / 0.31 (1%)
[2026-06-18T14:29:30.687+0800][23.349s][info][gc,mmu      ] GC(67) y: MMU: 2ms/97.5%, 5ms/98.6%, 10ms/99.3%, 20ms/99.6%, 50ms/99.8%, 100ms/99.9%
[2026-06-18T14:29:30.688+0800][23.350s][info][gc,marking  ] GC(67) y: Mark: 1 stripe(s), 1 proactive flush(es), 1 terminate flush(es), 0 completion(s), 0 continuation(s) 
[2026-06-18T14:29:30.689+0800][23.351s][info][gc,nmethod  ] GC(67) y: NMethods: 94 registered, 8 unregistered
[2026-06-18T14:29:30.691+0800][23.352s][info][gc,metaspace] GC(67) y: Metaspace: 0M used, 0M committed, 1088M reserved
[2026-06-18T14:29:30.692+0800][23.353s][info][gc,reloc    ] GC(67) y:                        Candidates     Selected     In-Place         Size        Empty    Relocated 
[2026-06-18T14:29:30.693+0800][23.354s][info][gc,reloc    ] GC(67) y: Small Pages:                   86           13            0         172M         138M           3M 
[2026-06-18T14:29:30.694+0800][23.355s][info][gc,reloc    ] GC(67) y: Medium Pages:                   6            2            0          48M          16M           3M 
[2026-06-18T14:29:30.695+0800][23.356s][info][gc,reloc    ] GC(67) y: Large Pages:                    5            0            0          10M           0M           0M 
[2026-06-18T14:29:30.696+0800][23.357s][info][gc,reloc    ] GC(67) y: Forwarding Usage: 0M
[2026-06-18T14:29:30.697+0800][23.358s][info][gc,reloc    ] GC(67) y: Age Table:
[2026-06-18T14:29:30.698+0800][23.359s][info][gc,reloc    ] GC(67) y:                    Live             Garbage             Small              Medium             Large        
[2026-06-18T14:29:30.699+0800][23.360s][info][gc,reloc    ] GC(67) y: Eden              16M (7%)          171M (67%)         82 / 13             3 / 1              0 / 0        
[2026-06-18T14:29:30.700+0800][23.361s][info][gc,reloc    ] GC(67) y: Survivor 1         6M (2%)           24M (9%)           4 / 0              2 / 0              3 / 0        
[2026-06-18T14:29:30.701+0800][23.362s][info][gc,reloc    ] GC(67) y: Survivor 2         1M (1%)            6M (2%)           0 / 0              1 / 1              0 / 0        
[2026-06-18T14:29:30.702+0800][23.363s][info][gc,reloc    ] GC(67) y: Survivor 3         4M (2%)            0M (0%)           0 / 0              0 / 0              2 / 0        
[2026-06-18T14:29:30.703+0800][23.364s][info][gc,heap     ] GC(67) y: Min Capacity: 256M(100%)
[2026-06-18T14:29:30.704+0800][23.365s][info][gc,heap     ] GC(67) y: Max Capacity: 256M(100%)
[2026-06-18T14:29:30.705+0800][23.366s][info][gc,heap     ] GC(67) y: Soft Max Capacity: 256M(100%)
[2026-06-18T14:29:30.706+0800][23.368s][info][gc,heap     ] GC(67) y: Heap Statistics:
[2026-06-18T14:29:30.708+0800][23.369s][info][gc,heap     ] GC(67) y:                Mark Start          Mark End        Relocate Start      Relocate End           High               Low         
[2026-06-18T14:29:30.709+0800][23.370s][info][gc,heap     ] GC(67) y:  Capacity:      256M (100%)        256M (100%)        256M (100%)        256M (100%)        256M (100%)        256M (100%)   
[2026-06-18T14:29:30.710+0800][23.371s][info][gc,heap     ] GC(67) y:      Free:       24M (9%)           24M (9%)          174M (68%)         202M (79%)         202M (79%)          20M (8%)     
[2026-06-18T14:29:30.712+0800][23.374s][info][gc,heap     ] GC(67) y:      Used:      232M (91%)         232M (91%)          82M (32%)          54M (21%)         236M (92%)          54M (21%)    
[2026-06-18T14:29:30.715+0800][23.377s][info][gc,heap     ] GC(67) y: Young Generation Statistics:
[2026-06-18T14:29:30.719+0800][23.380s][info][gc,heap     ] GC(67) y:                Mark Start          Mark End        Relocate Start      Relocate End    
[2026-06-18T14:29:30.720+0800][23.381s][info][gc,heap     ] GC(67) y:      Used:      230M (90%)         230M (90%)          76M (30%)          48M (19%)    
[2026-06-18T14:29:30.721+0800][23.382s][info][gc,heap     ] GC(67) y:      Live:         -                28M (11%)          24M (10%)          24M (10%)    
[2026-06-18T14:29:30.722+0800][23.383s][info][gc,heap     ] GC(67) y:   Garbage:         -               201M (79%)          47M (19%)           1M (1%)     
[2026-06-18T14:29:30.722+0800][23.384s][info][gc,heap     ] GC(67) y: Allocated:         -                 0M (0%)            4M (2%)           22M (9%)     
[2026-06-18T14:29:30.723+0800][23.385s][info][gc,heap     ] GC(67) y: Reclaimed:         -                  -               154M (60%)         200M (78%)    
[2026-06-18T14:29:30.726+0800][23.388s][info][gc,heap     ] GC(67) y:  Promoted:         -                  -                 4M (2%)            4M (2%)     
[2026-06-18T14:29:30.729+0800][23.391s][info][gc,heap     ] GC(67) y: Compacted:         -                  -                  -                 9M (4%)     
[2026-06-18T14:29:31.623+0800][24.284s][info][gc,phases   ] GC(67) y: Young Generation 232M(91%)->54M(21%) 0.020s
[2026-06-18T14:29:31.632+0800][24.293s][info][gc          ] GC(67) Minor Collection (High Usage) 232M(91%)->256M(100%) 0.973s
[2026-06-18T14:29:31.635+0800][24.297s][info][gc          ] GC(68) Minor Collection (Allocation Stall)
[2026-06-18T14:29:31.669+0800][24.331s][info][gc,task     ] GC(68) Using 2 Workers for Young Generation
[2026-06-18T14:29:31.691+0800][24.352s][info][gc,phases   ] GC(68) y: Young Generation
[2026-06-18T14:29:31.751+0800][24.413s][info][gc,phases   ] GC(68) y: Pause Mark Start 0.029ms
[2026-06-18T14:29:31.769+0800][24.430s][info][gc,phases   ] GC(68) y: Concurrent Mark 0.559ms
[2026-06-18T14:29:31.770+0800][24.432s][info][gc,phases   ] GC(68) y: Pause Mark End 0.017ms
[2026-06-18T14:29:31.772+0800][24.434s][info][gc,phases   ] GC(68) y: Concurrent Mark Free 0.006ms
[2026-06-18T14:29:31.774+0800][24.435s][info][gc,phases   ] GC(68) y: Concurrent Reset Relocation Set 0.008ms
[2026-06-18T14:29:31.775+0800][24.436s][info][gc,reloc    ] GC(68) y: Using tenuring threshold: 3 (Computed)
[2026-06-18T14:29:31.775+0800][24.436s][info][gc          ] Allocation Stall (main) 587.447ms
[2026-06-18T14:29:31.775+0800][24.437s][info][gc,phases   ] GC(68) y: Concurrent Select Relocation Set 0.820ms
[2026-06-18T14:29:31.776+0800][24.438s][info][gc,phases   ] GC(68) y: Pause Relocate Start 0.013ms
[2026-06-18T14:29:31.778+0800][24.439s][info][gc,phases   ] GC(68) y: Concurrent Relocate 0.964ms
[2026-06-18T14:29:31.779+0800][24.440s][info][gc,alloc    ] GC(68) y:                         Mark Start        Mark End      Relocate Start    Relocate End   
[2026-06-18T14:29:31.779+0800][24.441s][info][gc,alloc    ] GC(68) y: Allocation Stalls:          1                1                0                0         
[2026-06-18T14:29:31.780+0800][24.441s][info][gc,load     ] GC(68) y: Load: 0.46 (2%) / 0.34 (1%) / 0.31 (1%)
[2026-06-18T14:29:31.780+0800][24.442s][info][gc,mmu      ] GC(68) y: MMU: 2ms/97.5%, 5ms/98.6%, 10ms/99.3%, 20ms/99.6%, 50ms/99.8%, 100ms/99.9%
[2026-06-18T14:29:31.781+0800][24.442s][info][gc,marking  ] GC(68) y: Mark: 2 stripe(s), 1 proactive flush(es), 1 terminate flush(es), 0 completion(s), 0 continuation(s) 
[2026-06-18T14:29:31.781+0800][24.443s][info][gc,nmethod  ] GC(68) y: NMethods: 94 registered, 8 unregistered
[2026-06-18T14:29:31.782+0800][24.443s][info][gc,metaspace] GC(68) y: Metaspace: 0M used, 0M committed, 1088M reserved
[2026-06-18T14:29:31.782+0800][24.444s][info][gc,reloc    ] GC(68) y:                        Candidates     Selected     In-Place         Size        Empty    Relocated 
[2026-06-18T14:29:31.783+0800][24.444s][info][gc,reloc    ] GC(68) y: Small Pages:                   95           16            0         190M         146M           4M 
[2026-06-18T14:29:31.783+0800][24.445s][info][gc,reloc    ] GC(68) y: Medium Pages:                   6            2            0          48M          16M           3M 
[2026-06-18T14:29:31.784+0800][24.445s][info][gc,reloc    ] GC(68) y: Large Pages:                    6            0            0          12M           2M           0M 
[2026-06-18T14:29:31.784+0800][24.446s][info][gc,reloc    ] GC(68) y: Forwarding Usage: 0M
[2026-06-18T14:29:31.785+0800][24.446s][info][gc,reloc    ] GC(68) y: Age Table:
[2026-06-18T14:29:31.785+0800][24.447s][info][gc,reloc    ] GC(68) y:                    Live             Garbage             Small              Medium             Large        
[2026-06-18T14:29:31.786+0800][24.448s][info][gc,reloc    ] GC(68) y: Eden              26M (10%)         185M (72%)         91 / 16             3 / 1              3 / 0        
[2026-06-18T14:29:31.787+0800][24.448s][info][gc,reloc    ] GC(68) y: Survivor 1         1M (1%)           22M (9%)           4 / 0              2 / 1              0 / 0        
[2026-06-18T14:29:31.787+0800][24.449s][info][gc,reloc    ] GC(68) y: Survivor 2         4M (2%)            2M (1%)           0 / 0              0 / 0              3 / 0        
[2026-06-18T14:29:31.788+0800][24.449s][info][gc,reloc    ] GC(68) y: Survivor 3          -                 8M (3%)           0 / 0              1 / 0              0 / 0        
[2026-06-18T14:29:31.788+0800][24.450s][info][gc,heap     ] GC(68) y: Min Capacity: 256M(100%)
[2026-06-18T14:29:31.789+0800][24.451s][info][gc,heap     ] GC(68) y: Max Capacity: 256M(100%)
[2026-06-18T14:29:31.790+0800][24.451s][info][gc,heap     ] GC(68) y: Soft Max Capacity: 256M(100%)
[2026-06-18T14:29:31.790+0800][24.452s][info][gc,heap     ] GC(68) y: Heap Statistics:
[2026-06-18T14:29:31.791+0800][24.452s][info][gc,heap     ] GC(68) y:                Mark Start          Mark End        Relocate Start      Relocate End           High               Low         
[2026-06-18T14:29:31.793+0800][24.454s][info][gc,heap     ] GC(68) y:  Capacity:      256M (100%)        256M (100%)        256M (100%)        256M (100%)        256M (100%)        256M (100%)   
[2026-06-18T14:29:31.794+0800][24.455s][info][gc,heap     ] GC(68) y:      Free:        0M (0%)            0M (0%)          162M (63%)         200M (78%)         200M (78%)           0M (0%)     
[2026-06-18T14:29:31.795+0800][24.456s][info][gc,heap     ] GC(68) y:      Used:      256M (100%)        256M (100%)         94M (37%)          56M (22%)         256M (100%)         56M (22%)    
[2026-06-18T14:29:31.795+0800][24.457s][info][gc,heap     ] GC(68) y: Young Generation Statistics:
[2026-06-18T14:29:31.796+0800][24.457s][info][gc,heap     ] GC(68) y:                Mark Start          Mark End        Relocate Start      Relocate End    
[2026-06-18T14:29:31.797+0800][24.458s][info][gc,heap     ] GC(68) y:      Used:      250M (98%)         250M (98%)          88M (34%)          50M (20%)    
[2026-06-18T14:29:31.797+0800][24.459s][info][gc,heap     ] GC(68) y:      Live:         -                32M (13%)          32M (13%)          32M (13%)    
[2026-06-18T14:29:31.798+0800][24.459s][info][gc,heap     ] GC(68) y:   Garbage:         -               217M (85%)          53M (21%)           0M (0%)     
[2026-06-18T14:29:31.798+0800][24.460s][info][gc,heap     ] GC(68) y: Allocated:         -                 0M (0%)            2M (1%)           16M (7%)     
[2026-06-18T14:29:31.799+0800][24.461s][info][gc,heap     ] GC(68) y: Reclaimed:         -                  -               164M (64%)         216M (85%)    
[2026-06-18T14:29:31.800+0800][24.461s][info][gc,heap     ] GC(68) y:  Promoted:         -                  -                 0M (0%)            0M (0%)     
[2026-06-18T14:29:31.800+0800][24.462s][info][gc,heap     ] GC(68) y: Compacted:         -                  -                  -                11M (4%)     
[2026-06-18T14:29:31.801+0800][24.463s][info][gc,phases   ] GC(68) y: Young Generation 256M(100%)->56M(22%) 0.088s
[2026-06-18T14:29:31.802+0800][24.463s][info][gc          ] GC(68) Minor Collection (Allocation Stall) 256M(100%)->70M(27%) 0.166s
[2026-06-18T14:29:32.090+0800][24.752s][info][gc          ] GC(69) Minor Collection (Allocation Rate)
[2026-06-18T14:29:32.091+0800][24.753s][info][gc,task     ] GC(69) Using 1 Workers for Young Generation
[2026-06-18T14:29:32.092+0800][24.753s][info][gc,phases   ] GC(69) y: Young Generation
[2026-06-18T14:29:32.093+0800][24.754s][info][gc,phases   ] GC(69) y: Pause Mark Start 0.014ms
[2026-06-18T14:29:32.094+0800][24.755s][info][gc,phases   ] GC(69) y: Concurrent Mark 0.712ms
[2026-06-18T14:29:32.095+0800][24.756s][info][gc,phases   ] GC(69) y: Pause Mark End 0.010ms
[2026-06-18T14:29:32.095+0800][24.757s][info][gc,phases   ] GC(69) y: Concurrent Mark Free 0.002ms
[2026-06-18T14:29:32.096+0800][24.758s][info][gc,phases   ] GC(69) y: Concurrent Reset Relocation Set 0.002ms
[2026-06-18T14:29:32.097+0800][24.758s][info][gc,reloc    ] GC(69) y: Using tenuring threshold: 3 (Computed)
[2026-06-18T14:29:32.097+0800][24.759s][info][gc,phases   ] GC(69) y: Concurrent Select Relocation Set 0.635ms
[2026-06-18T14:29:32.098+0800][24.759s][info][gc,phases   ] GC(69) y: Pause Relocate Start 0.006ms
[2026-06-18T14:29:32.100+0800][24.761s][info][gc,phases   ] GC(69) y: Concurrent Relocate 1.961ms
[2026-06-18T14:29:32.101+0800][24.762s][info][gc,alloc    ] GC(69) y:                         Mark Start        Mark End      Relocate Start    Relocate End   
[2026-06-18T14:29:32.101+0800][24.763s][info][gc,alloc    ] GC(69) y: Allocation Stalls:          0                0                0                0         
[2026-06-18T14:29:32.102+0800][24.763s][info][gc,load     ] GC(69) y: Load: 0.46 (2%) / 0.34 (1%) / 0.31 (1%)
[2026-06-18T14:29:32.102+0800][24.763s][info][gc,mmu      ] GC(69) y: MMU: 2ms/97.5%, 5ms/98.6%, 10ms/99.3%, 20ms/99.6%, 50ms/99.8%, 100ms/99.9%
[2026-06-18T14:29:32.102+0800][24.764s][info][gc,marking  ] GC(69) y: Mark: 1 stripe(s), 1 proactive flush(es), 1 terminate flush(es), 0 completion(s), 0 continuation(s) 
[2026-06-18T14:29:32.103+0800][24.764s][info][gc,nmethod  ] GC(69) y: NMethods: 94 registered, 8 unregistered
[2026-06-18T14:29:32.103+0800][24.764s][info][gc,metaspace] GC(69) y: Metaspace: 0M used, 0M committed, 1088M reserved
[2026-06-18T14:29:32.103+0800][24.765s][info][gc,reloc    ] GC(69) y:                        Candidates     Selected     In-Place         Size        Empty    Relocated 
[2026-06-18T14:29:32.103+0800][24.765s][info][gc,reloc    ] GC(69) y: Small Pages:                   62           12            0         124M          92M           4M 
[2026-06-18T14:29:32.104+0800][24.765s][info][gc,reloc    ] GC(69) y: Medium Pages:                   5            1            0          40M          16M           5M 
[2026-06-18T14:29:32.104+0800][24.765s][info][gc,reloc    ] GC(69) y: Large Pages:                    7            0            0          14M           0M           0M 
[2026-06-18T14:29:32.104+0800][24.766s][info][gc,reloc    ] GC(69) y: Forwarding Usage: 0M
[2026-06-18T14:29:32.104+0800][24.766s][info][gc,reloc    ] GC(69) y: Age Table:
[2026-06-18T14:29:32.105+0800][24.766s][info][gc,reloc    ] GC(69) y:                    Live             Garbage             Small              Medium             Large        
[2026-06-18T14:29:32.105+0800][24.766s][info][gc,reloc    ] GC(69) y: Eden              21M (8%)          108M (42%)         55 / 12             2 / 1              2 / 0        
[2026-06-18T14:29:32.105+0800][24.767s][info][gc,reloc    ] GC(69) y: Survivor 1         6M (2%)           30M (12%)          7 / 0              2 / 0              3 / 0        
[2026-06-18T14:29:32.105+0800][24.767s][info][gc,reloc    ] GC(69) y: Survivor 2         1M (1%)            6M (2%)           0 / 0              1 / 0              0 / 0        
[2026-06-18T14:29:32.106+0800][24.767s][info][gc,reloc    ] GC(69) y: Survivor 3         4M (2%)            0M (0%)           0 / 0              0 / 0              2 / 0        
[2026-06-18T14:29:32.106+0800][24.768s][info][gc,heap     ] GC(69) y: Min Capacity: 256M(100%)
[2026-06-18T14:29:32.107+0800][24.768s][info][gc,heap     ] GC(69) y: Max Capacity: 256M(100%)
[2026-06-18T14:29:32.107+0800][24.768s][info][gc,heap     ] GC(69) y: Soft Max Capacity: 256M(100%)
[2026-06-18T14:29:32.107+0800][24.769s][info][gc,heap     ] GC(69) y: Heap Statistics:
[2026-06-18T14:29:32.107+0800][24.769s][info][gc,heap     ] GC(69) y:                Mark Start          Mark End        Relocate Start      Relocate End           High               Low         
[2026-06-18T14:29:32.108+0800][24.769s][info][gc,heap     ] GC(69) y:  Capacity:      256M (100%)        256M (100%)        256M (100%)        256M (100%)        256M (100%)        256M (100%)   
[2026-06-18T14:29:32.108+0800][24.769s][info][gc,heap     ] GC(69) y:      Free:       72M (28%)          72M (28%)         180M (70%)         204M (80%)         204M (80%)          72M (28%)    
[2026-06-18T14:29:32.108+0800][24.770s][info][gc,heap     ] GC(69) y:      Used:      184M (72%)         184M (72%)          76M (30%)          52M (20%)         184M (72%)          52M (20%)    
[2026-06-18T14:29:32.108+0800][24.770s][info][gc,heap     ] GC(69) y: Young Generation Statistics:
[2026-06-18T14:29:32.109+0800][24.770s][info][gc,heap     ] GC(69) y:                Mark Start          Mark End        Relocate Start      Relocate End    
[2026-06-18T14:29:32.109+0800][24.770s][info][gc,heap     ] GC(69) y:      Used:      178M (70%)         178M (70%)          66M (26%)          42M (16%)    
[2026-06-18T14:29:32.109+0800][24.771s][info][gc,heap     ] GC(69) y:      Live:         -                33M (13%)          29M (11%)          29M (11%)    
[2026-06-18T14:29:32.109+0800][24.771s][info][gc,heap     ] GC(69) y:   Garbage:         -               144M (57%)          36M (14%)           0M (0%)     
[2026-06-18T14:29:32.110+0800][24.771s][info][gc,heap     ] GC(69) y: Allocated:         -                 0M (0%)            0M (0%)           12M (5%)     
[2026-06-18T14:29:32.110+0800][24.771s][info][gc,heap     ] GC(69) y: Reclaimed:         -                  -               108M (42%)         144M (57%)    
[2026-06-18T14:29:32.110+0800][24.771s][info][gc,heap     ] GC(69) y:  Promoted:         -                  -                 4M (2%)            4M (2%)     
[2026-06-18T14:29:32.110+0800][24.772s][info][gc,heap     ] GC(69) y: Compacted:         -                  -                  -                19M (8%)     
[2026-06-18T14:29:32.110+0800][24.772s][info][gc,phases   ] GC(69) y: Young Generation 184M(72%)->52M(20%) 0.009s
[2026-06-18T14:29:32.111+0800][24.772s][info][gc          ] GC(69) Minor Collection (Allocation Rate) 184M(72%)->56M(22%) 0.020s
[2026-06-18T14:29:32.428+0800][25.090s][info][gc          ] GC(70) Minor Collection (Allocation Rate)
[2026-06-18T14:29:32.430+0800][25.091s][info][gc,task     ] GC(70) Using 1 Workers for Young Generation
[2026-06-18T14:29:32.431+0800][25.093s][info][gc,phases   ] GC(70) y: Young Generation
[2026-06-18T14:29:32.432+0800][25.094s][info][gc,phases   ] GC(70) y: Pause Mark Start 0.035ms
[2026-06-18T14:29:32.434+0800][25.096s][info][gc,phases   ] GC(70) y: Concurrent Mark 0.518ms
[2026-06-18T14:29:32.435+0800][25.097s][info][gc,phases   ] GC(70) y: Pause Mark End 0.010ms
[2026-06-18T14:29:32.436+0800][25.098s][info][gc,phases   ] GC(70) y: Concurrent Mark Free 0.001ms
[2026-06-18T14:29:32.437+0800][25.099s][info][gc,phases   ] GC(70) y: Concurrent Reset Relocation Set 0.004ms
[2026-06-18T14:29:32.438+0800][25.100s][info][gc,reloc    ] GC(70) y: Using tenuring threshold: 3 (Computed)
[2026-06-18T14:29:32.439+0800][25.101s][info][gc,phases   ] GC(70) y: Concurrent Select Relocation Set 1.332ms
[2026-06-18T14:29:32.441+0800][25.102s][info][gc,phases   ] GC(70) y: Pause Relocate Start 0.010ms
[2026-06-18T14:29:32.442+0800][25.104s][info][gc,phases   ] GC(70) y: Concurrent Relocate 0.766ms
[2026-06-18T14:29:32.443+0800][25.105s][info][gc,alloc    ] GC(70) y:                         Mark Start        Mark End      Relocate Start    Relocate End   
[2026-06-18T14:29:32.444+0800][25.106s][info][gc,alloc    ] GC(70) y: Allocation Stalls:          0                0                0                0         
[2026-06-18T14:29:32.446+0800][25.108s][info][gc,load     ] GC(70) y: Load: 0.46 (2%) / 0.34 (1%) / 0.31 (1%)
[2026-06-18T14:29:32.447+0800][25.108s][info][gc,mmu      ] GC(70) y: MMU: 2ms/97.5%, 5ms/98.6%, 10ms/99.3%, 20ms/99.6%, 50ms/99.8%, 100ms/99.9%
[2026-06-18T14:29:32.448+0800][25.109s][info][gc,marking  ] GC(70) y: Mark: 1 stripe(s), 1 proactive flush(es), 1 terminate flush(es), 0 completion(s), 0 continuation(s) 
[2026-06-18T14:29:32.448+0800][25.110s][info][gc,nmethod  ] GC(70) y: NMethods: 94 registered, 8 unregistered
[2026-06-18T14:29:32.449+0800][25.111s][info][gc,metaspace] GC(70) y: Metaspace: 0M used, 0M committed, 1088M reserved
[2026-06-18T14:29:32.450+0800][25.112s][info][gc,reloc    ] GC(70) y:                        Candidates     Selected     In-Place         Size        Empty    Relocated 
[2026-06-18T14:29:32.451+0800][25.113s][info][gc,reloc    ] GC(70) y: Small Pages:                   63           14            0         126M          90M           4M 
[2026-06-18T14:29:32.453+0800][25.114s][info][gc,reloc    ] GC(70) y: Medium Pages:                   5            0            0          40M          24M           0M 
[2026-06-18T14:29:32.454+0800][25.115s][info][gc,reloc    ] GC(70) y: Large Pages:                    6            0            0          12M           2M           0M 
[2026-06-18T14:29:32.455+0800][25.116s][info][gc,reloc    ] GC(70) y: Forwarding Usage: 0M
[2026-06-18T14:29:32.456+0800][25.117s][info][gc,reloc    ] GC(70) y: Age Table:
[2026-06-18T14:29:32.456+0800][25.118s][info][gc,reloc    ] GC(70) y:                    Live             Garbage             Small              Medium             Large        
[2026-06-18T14:29:32.458+0800][25.119s][info][gc,reloc    ] GC(70) y: Eden              22M (9%)          113M (44%)         59 / 14             2 / 0              1 / 0        
[2026-06-18T14:29:32.459+0800][25.120s][info][gc,reloc    ] GC(70) y: Survivor 1         4M (2%)           24M (9%)           4 / 0              2 / 0              2 / 0        
[2026-06-18T14:29:32.460+0800][25.121s][info][gc,reloc    ] GC(70) y: Survivor 2         4M (2%)            2M (1%)           0 / 0              0 / 0              3 / 0        
[2026-06-18T14:29:32.461+0800][25.122s][info][gc,reloc    ] GC(70) y: Survivor 3          -                 8M (3%)           0 / 0              1 / 0              0 / 0        
[2026-06-18T14:29:32.462+0800][25.123s][info][gc,heap     ] GC(70) y: Min Capacity: 256M(100%)
[2026-06-18T14:29:32.462+0800][25.124s][info][gc,heap     ] GC(70) y: Max Capacity: 256M(100%)
[2026-06-18T14:29:32.463+0800][25.125s][info][gc,heap     ] GC(70) y: Soft Max Capacity: 256M(100%)
[2026-06-18T14:29:32.464+0800][25.126s][info][gc,heap     ] GC(70) y: Heap Statistics:
[2026-06-18T14:29:32.465+0800][25.127s][info][gc,heap     ] GC(70) y:                Mark Start          Mark End        Relocate Start      Relocate End           High               Low         
[2026-06-18T14:29:32.466+0800][25.127s][info][gc,heap     ] GC(70) y:  Capacity:      256M (100%)        256M (100%)        256M (100%)        256M (100%)        256M (100%)        256M (100%)   
[2026-06-18T14:29:32.467+0800][25.128s][info][gc,heap     ] GC(70) y:      Free:       68M (27%)          68M (27%)         180M (70%)         208M (81%)         208M (81%)          68M (27%)    
[2026-06-18T14:29:32.467+0800][25.129s][info][gc,heap     ] GC(70) y:      Used:      188M (73%)         188M (73%)          76M (30%)          48M (19%)         188M (73%)          48M (19%)    
[2026-06-18T14:29:32.468+0800][25.130s][info][gc,heap     ] GC(70) y: Young Generation Statistics:
[2026-06-18T14:29:32.469+0800][25.131s][info][gc,heap     ] GC(70) y:                Mark Start          Mark End        Relocate Start      Relocate End    
[2026-06-18T14:29:32.470+0800][25.131s][info][gc,heap     ] GC(70) y:      Used:      178M (70%)         178M (70%)          66M (26%)          38M (15%)    
[2026-06-18T14:29:32.470+0800][25.132s][info][gc,heap     ] GC(70) y:      Live:         -                30M (12%)          30M (12%)          30M (12%)    
[2026-06-18T14:29:32.470+0800][25.132s][info][gc,heap     ] GC(70) y:   Garbage:         -               147M (58%)          31M (12%)           1M (1%)     
[2026-06-18T14:29:32.471+0800][25.132s][info][gc,heap     ] GC(70) y: Allocated:         -                 0M (0%)            4M (2%)            5M (2%)     
[2026-06-18T14:29:32.471+0800][25.133s][info][gc,heap     ] GC(70) y: Reclaimed:         -                  -               116M (45%)         145M (57%)    
[2026-06-18T14:29:32.471+0800][25.133s][info][gc,heap     ] GC(70) y:  Promoted:         -                  -                 0M (0%)            0M (0%)     
[2026-06-18T14:29:32.476+0800][25.137s][info][gc,heap     ] GC(70) y: Compacted:         -                  -                  -                 6M (2%)     
[2026-06-18T14:29:32.477+0800][25.138s][info][gc,phases   ] GC(70) y: Young Generation 188M(73%)->48M(19%) 0.012s
[2026-06-18T14:29:32.477+0800][25.139s][info][gc          ] GC(70) Minor Collection (Allocation Rate) 188M(73%)->68M(27%) 0.049s
[2026-06-18T14:29:32.534+0800][25.196s][info][gc          ] GC(71) Major Collection (Proactive)
[2026-06-18T14:29:32.535+0800][25.197s][info][gc,task     ] GC(71) Using 1 Workers for Young Generation
[2026-06-18T14:29:32.536+0800][25.198s][info][gc,task     ] GC(71) Using 1 Workers for Old Generation
[2026-06-18T14:29:32.537+0800][25.198s][info][gc,phases   ] GC(71) Y: Young Generation
[2026-06-18T14:29:32.537+0800][25.199s][info][gc,phases   ] GC(71) Y: Pause Mark Start (Major) 0.013ms
[2026-06-18T14:29:32.538+0800][25.200s][info][gc,phases   ] GC(71) Y: Concurrent Mark 0.448ms
[2026-06-18T14:29:32.539+0800][25.200s][info][gc,phases   ] GC(71) Y: Pause Mark End 0.007ms
[2026-06-18T14:29:32.539+0800][25.201s][info][gc,phases   ] GC(71) Y: Concurrent Mark Free 0.002ms
[2026-06-18T14:29:32.540+0800][25.201s][info][gc,phases   ] GC(71) Y: Concurrent Reset Relocation Set 0.001ms
[2026-06-18T14:29:32.540+0800][25.201s][info][gc,reloc    ] GC(71) Y: Using tenuring threshold: 3 (Computed)
[2026-06-18T14:29:32.540+0800][25.202s][info][gc,phases   ] GC(71) Y: Concurrent Select Relocation Set 0.573ms
[2026-06-18T14:29:32.541+0800][25.202s][info][gc,phases   ] GC(71) Y: Pause Relocate Start 0.006ms
[2026-06-18T14:29:32.542+0800][25.204s][info][gc,phases   ] GC(71) Y: Concurrent Relocate 1.091ms
[2026-06-18T14:29:32.543+0800][25.204s][info][gc,alloc    ] GC(71) Y:                         Mark Start        Mark End      Relocate Start    Relocate End   
[2026-06-18T14:29:32.543+0800][25.205s][info][gc,alloc    ] GC(71) Y: Allocation Stalls:          0                0                0                0         
[2026-06-18T14:29:32.543+0800][25.205s][info][gc,load     ] GC(71) Y: Load: 0.46 (2%) / 0.34 (1%) / 0.31 (1%)
[2026-06-18T14:29:32.544+0800][25.205s][info][gc,mmu      ] GC(71) Y: MMU: 2ms/97.5%, 5ms/98.6%, 10ms/99.3%, 20ms/99.6%, 50ms/99.8%, 100ms/99.9%
[2026-06-18T14:29:32.544+0800][25.206s][info][gc,marking  ] GC(71) Y: Mark: 1 stripe(s), 1 proactive flush(es), 1 terminate flush(es), 0 completion(s), 0 continuation(s) 
[2026-06-18T14:29:32.544+0800][25.206s][info][gc,nmethod  ] GC(71) Y: NMethods: 94 registered, 8 unregistered
[2026-06-18T14:29:32.545+0800][25.206s][info][gc,metaspace] GC(71) Y: Metaspace: 0M used, 0M committed, 1088M reserved
[2026-06-18T14:29:32.545+0800][25.207s][info][gc,reloc    ] GC(71) Y:                        Candidates     Selected     In-Place         Size        Empty    Relocated 
[2026-06-18T14:29:32.545+0800][25.207s][info][gc,reloc    ] GC(71) Y: Small Pages:                   23            4            0          46M          32M           2M 
[2026-06-18T14:29:32.545+0800][25.207s][info][gc,reloc    ] GC(71) Y: Medium Pages:                   3            1            0          24M           0M           4M 
[2026-06-18T14:29:32.546+0800][25.207s][info][gc,reloc    ] GC(71) Y: Large Pages:                    6            0            0          12M           0M           0M 
[2026-06-18T14:29:32.546+0800][25.207s][info][gc,reloc    ] GC(71) Y: Forwarding Usage: 0M
[2026-06-18T14:29:32.546+0800][25.208s][info][gc,reloc    ] GC(71) Y: Age Table:
[2026-06-18T14:29:32.547+0800][25.208s][info][gc,reloc    ] GC(71) Y:                    Live             Garbage             Small              Medium             Large        
[2026-06-18T14:29:32.547+0800][25.208s][info][gc,reloc    ] GC(71) Y: Eden               8M (3%)           39M (16%)         19 / 3              1 / 1              1 / 0        
[2026-06-18T14:29:32.547+0800][25.209s][info][gc,reloc    ] GC(71) Y: Survivor 1        13M (5%)           12M (5%)           4 / 1              2 / 0              1 / 0        
[2026-06-18T14:29:32.547+0800][25.209s][info][gc,reloc    ] GC(71) Y: Survivor 2         4M (2%)            0M (0%)           0 / 0              0 / 0              2 / 0        
[2026-06-18T14:29:32.548+0800][25.209s][info][gc,reloc    ] GC(71) Y: Survivor 3         4M (2%)            0M (0%)           0 / 0              0 / 0              2 / 0        
[2026-06-18T14:29:32.548+0800][25.209s][info][gc,heap     ] GC(71) Y: Min Capacity: 256M(100%)
[2026-06-18T14:29:32.548+0800][25.210s][info][gc,heap     ] GC(71) Y: Max Capacity: 256M(100%)
[2026-06-18T14:29:32.549+0800][25.210s][info][gc,heap     ] GC(71) Y: Soft Max Capacity: 256M(100%)
[2026-06-18T14:29:32.549+0800][25.210s][info][gc,heap     ] GC(71) Y: Heap Statistics:
[2026-06-18T14:29:32.549+0800][25.211s][info][gc,heap     ] GC(71) Y:                Mark Start          Mark End        Relocate Start      Relocate End           High               Low         
[2026-06-18T14:29:32.550+0800][25.211s][info][gc,heap     ] GC(71) Y:  Capacity:      256M (100%)        256M (100%)        256M (100%)        256M (100%)        256M (100%)        256M (100%)   
[2026-06-18T14:29:32.550+0800][25.212s][info][gc,heap     ] GC(71) Y:      Free:      164M (64%)         164M (64%)         196M (77%)         204M (80%)         204M (80%)         164M (64%)    
[2026-06-18T14:29:32.550+0800][25.212s][info][gc,heap     ] GC(71) Y:      Used:       92M (36%)          92M (36%)          60M (23%)          52M (20%)          92M (36%)          52M (20%)    
[2026-06-18T14:29:32.551+0800][25.212s][info][gc,heap     ] GC(71) Y: Young Generation Statistics:
[2026-06-18T14:29:32.551+0800][25.213s][info][gc,heap     ] GC(71) Y:                Mark Start          Mark End        Relocate Start      Relocate End    
[2026-06-18T14:29:32.551+0800][25.213s][info][gc,heap     ] GC(71) Y:      Used:       82M (32%)          82M (32%)          46M (18%)          38M (15%)    
[2026-06-18T14:29:32.551+0800][25.213s][info][gc,heap     ] GC(71) Y:      Live:         -                29M (11%)          25M (10%)          25M (10%)    
[2026-06-18T14:29:32.552+0800][25.213s][info][gc,heap     ] GC(71) Y:   Garbage:         -                52M (21%)          20M (8%)            1M (1%)     
[2026-06-18T14:29:32.552+0800][25.214s][info][gc,heap     ] GC(71) Y: Allocated:         -                 0M (0%)            0M (0%)           11M (4%)     
[2026-06-18T14:29:32.552+0800][25.214s][info][gc,heap     ] GC(71) Y: Reclaimed:         -                  -                32M (12%)          51M (20%)    
[2026-06-18T14:29:32.553+0800][25.214s][info][gc,heap     ] GC(71) Y:  Promoted:         -                  -                 4M (2%)            4M (2%)     
[2026-06-18T14:29:32.553+0800][25.214s][info][gc,heap     ] GC(71) Y: Compacted:         -                  -                  -                 8M (3%)     
[2026-06-18T14:29:32.553+0800][25.215s][info][gc,phases   ] GC(71) Y: Young Generation 92M(36%)->52M(20%) 0.006s
[2026-06-18T14:29:32.553+0800][25.215s][info][gc,phases   ] GC(71) O: Old Generation
[2026-06-18T14:29:32.555+0800][25.216s][info][gc,phases   ] GC(71) O: Concurrent Mark 1.008ms
[2026-06-18T14:29:32.555+0800][25.217s][info][gc,phases   ] GC(71) O: Pause Mark End 0.012ms
[2026-06-18T14:29:32.556+0800][25.217s][info][gc,phases   ] GC(71) O: Concurrent Mark Free 0.003ms
[2026-06-18T14:29:32.556+0800][25.218s][info][gc,phases   ] GC(71) O: Concurrent Process Non-Strong 0.357ms
[2026-06-18T14:29:32.557+0800][25.218s][info][gc,phases   ] GC(71) O: Concurrent Reset Relocation Set 0.001ms
[2026-06-18T14:29:32.557+0800][25.219s][info][gc,phases   ] GC(71) O: Concurrent Select Relocation Set 0.050ms
[2026-06-18T14:29:32.558+0800][25.219s][info][gc,task     ] GC(71) O: Using 2 Workers for Old Generation
[2026-06-18T14:29:32.558+0800][25.219s][info][gc,task     ] GC(71) O: Using 1 Workers for Old Generation
[2026-06-18T14:29:32.558+0800][25.220s][info][gc,phases   ] GC(71) O: Concurrent Remap Roots 0.698ms
[2026-06-18T14:29:32.558+0800][25.220s][info][gc,phases   ] GC(71) O: Pause Relocate Start 0.006ms
[2026-06-18T14:29:32.559+0800][25.220s][info][gc,phases   ] GC(71) O: Concurrent Relocate 0.065ms
[2026-06-18T14:29:32.559+0800][25.221s][info][gc,alloc    ] GC(71) O:                         Mark Start        Mark End      Relocate Start    Relocate End   
[2026-06-18T14:29:32.559+0800][25.221s][info][gc,alloc    ] GC(71) O: Allocation Stalls:          0                0                0                0         
[2026-06-18T14:29:32.560+0800][25.221s][info][gc,load     ] GC(71) O: Load: 0.46 (2%) / 0.34 (1%) / 0.31 (1%)
[2026-06-18T14:29:32.560+0800][25.222s][info][gc,mmu      ] GC(71) O: MMU: 2ms/97.5%, 5ms/98.6%, 10ms/99.3%, 20ms/99.6%, 50ms/99.8%, 100ms/99.9%
[2026-06-18T14:29:32.560+0800][25.222s][info][gc,marking  ] GC(71) O: Mark: 1 stripe(s), 2 proactive flush(es), 1 terminate flush(es), 0 completion(s), 0 continuation(s) 
[2026-06-18T14:29:32.561+0800][25.222s][info][gc,nmethod  ] GC(71) O: NMethods: 94 registered, 8 unregistered
[2026-06-18T14:29:32.561+0800][25.223s][info][gc,metaspace] GC(71) O: Metaspace: 0M used, 0M committed, 1088M reserved
[2026-06-18T14:29:32.562+0800][25.223s][info][gc,ref      ] GC(71) O:                       Encountered   Discovered     Enqueued 
[2026-06-18T14:29:32.562+0800][25.223s][info][gc,ref      ] GC(71) O: Soft References:                2            0            0 
[2026-06-18T14:29:32.562+0800][25.224s][info][gc,ref      ] GC(71) O: Weak References:                6            0            0 
[2026-06-18T14:29:32.563+0800][25.224s][info][gc,ref      ] GC(71) O: Final References:               0            0            0 
[2026-06-18T14:29:32.563+0800][25.224s][info][gc,ref      ] GC(71) O: Phantom References:             1            1            0 
[2026-06-18T14:29:32.563+0800][25.225s][info][gc,reloc    ] GC(71) O:                        Candidates     Selected     In-Place         Size        Empty    Relocated 
[2026-06-18T14:29:32.563+0800][25.225s][info][gc,reloc    ] GC(71) O: Small Pages:                    1            0            0           2M           0M           0M 
[2026-06-18T14:29:32.564+0800][25.225s][info][gc,reloc    ] GC(71) O: Medium Pages:                   0            0            0           0M           0M           0M 
[2026-06-18T14:29:32.564+0800][25.225s][info][gc,reloc    ] GC(71) O: Large Pages:                    4            0            0           8M           8M           0M 
[2026-06-18T14:29:32.564+0800][25.226s][info][gc,reloc    ] GC(71) O: Forwarding Usage: 0M
[2026-06-18T14:29:32.564+0800][25.226s][info][gc,heap     ] GC(71) O: Min Capacity: 256M(100%)
[2026-06-18T14:29:32.565+0800][25.226s][info][gc,heap     ] GC(71) O: Max Capacity: 256M(100%)
[2026-06-18T14:29:32.565+0800][25.226s][info][gc,heap     ] GC(71) O: Soft Max Capacity: 256M(100%)
[2026-06-18T14:29:32.565+0800][25.227s][info][gc,heap     ] GC(71) O: Heap Statistics:
[2026-06-18T14:29:32.565+0800][25.227s][info][gc,heap     ] GC(71) O:                Mark Start          Mark End        Relocate Start      Relocate End           High               Low         
[2026-06-18T14:29:32.566+0800][25.227s][info][gc,heap     ] GC(71) O:  Capacity:      256M (100%)        256M (100%)        256M (100%)        256M (100%)        256M (100%)        256M (100%)   
[2026-06-18T14:29:32.566+0800][25.228s][info][gc,heap     ] GC(71) O:      Free:      164M (64%)         188M (73%)         196M (77%)         196M (77%)         204M (80%)         164M (64%)    
[2026-06-18T14:29:32.567+0800][25.228s][info][gc,heap     ] GC(71) O:      Used:       92M (36%)          68M (27%)          60M (23%)          60M (23%)          92M (36%)          52M (20%)    
[2026-06-18T14:29:32.567+0800][25.228s][info][gc,heap     ] GC(71) O: Old Generation Statistics:
[2026-06-18T14:29:32.567+0800][25.229s][info][gc,heap     ] GC(71) O:                Mark Start          Mark End        Relocate Start      Relocate End    
[2026-06-18T14:29:32.567+0800][25.229s][info][gc,heap     ] GC(71) O:      Used:       10M (4%)           14M (5%)            6M (2%)            6M (2%)     
[2026-06-18T14:29:32.568+0800][25.229s][info][gc,heap     ] GC(71) O:      Live:         -                 0M (0%)            0M (0%)            0M (0%)     
[2026-06-18T14:29:32.568+0800][25.229s][info][gc,heap     ] GC(71) O:   Garbage:         -                 9M (4%)            1M (1%)            1M (1%)     
[2026-06-18T14:29:32.568+0800][25.230s][info][gc,heap     ] GC(71) O: Allocated:         -                 4M (2%)            4M (2%)            4M (2%)     
[2026-06-18T14:29:32.569+0800][25.230s][info][gc,heap     ] GC(71) O: Reclaimed:         -                  -                 8M (3%)            8M (3%)     
[2026-06-18T14:29:32.569+0800][25.230s][info][gc,heap     ] GC(71) O: Compacted:         -                  -                  -                 0M (0%)     
[2026-06-18T14:29:32.569+0800][25.231s][info][gc,phases   ] GC(71) O: Old Generation 56M(22%)->60M(23%) 0.006s
[2026-06-18T14:29:32.569+0800][25.231s][info][gc          ] GC(71) Major Collection (Proactive) 88M(34%)->64M(25%) 0.035s
[2026-06-18T14:29:32.987+0800][25.649s][info][gc          ] GC(72) Minor Collection (Allocation Rate)
[2026-06-18T14:29:32.989+0800][25.650s][info][gc,task     ] GC(72) Using 2 Workers for Young Generation
[2026-06-18T14:29:32.989+0800][25.651s][info][gc,phases   ] GC(72) y: Young Generation
[2026-06-18T14:29:32.991+0800][25.652s][info][gc,phases   ] GC(72) y: Pause Mark Start 0.015ms
[2026-06-18T14:29:32.992+0800][25.654s][info][gc,phases   ] GC(72) y: Concurrent Mark 0.661ms
[2026-06-18T14:29:32.993+0800][25.655s][info][gc,phases   ] GC(72) y: Pause Mark End 0.009ms
[2026-06-18T14:29:32.994+0800][25.655s][info][gc,phases   ] GC(72) y: Concurrent Mark Free 0.002ms
[2026-06-18T14:29:32.994+0800][25.656s][info][gc,phases   ] GC(72) y: Concurrent Reset Relocation Set 0.003ms
[2026-06-18T14:29:32.995+0800][25.656s][info][gc,reloc    ] GC(72) y: Using tenuring threshold: 3 (Computed)
[2026-06-18T14:29:32.995+0800][25.657s][info][gc,phases   ] GC(72) y: Concurrent Select Relocation Set 0.604ms
[2026-06-18T14:29:32.996+0800][25.657s][info][gc,phases   ] GC(72) y: Pause Relocate Start 0.006ms
[2026-06-18T14:29:32.997+0800][25.659s][info][gc,phases   ] GC(72) y: Concurrent Relocate 0.587ms
[2026-06-18T14:29:32.998+0800][25.659s][info][gc,alloc    ] GC(72) y:                         Mark Start        Mark End      Relocate Start    Relocate End   
[2026-06-18T14:29:32.998+0800][25.660s][info][gc,alloc    ] GC(72) y: Allocation Stalls:          0                0                0                0         
[2026-06-18T14:29:32.998+0800][25.660s][info][gc,load     ] GC(72) y: Load: 0.46 (2%) / 0.34 (1%) / 0.31 (1%)
[2026-06-18T14:29:32.999+0800][25.660s][info][gc,mmu      ] GC(72) y: MMU: 2ms/97.5%, 5ms/98.6%, 10ms/99.3%, 20ms/99.6%, 50ms/99.8%, 100ms/99.9%
[2026-06-18T14:29:32.999+0800][25.660s][info][gc,marking  ] GC(72) y: Mark: 2 stripe(s), 1 proactive flush(es), 1 terminate flush(es), 0 completion(s), 0 continuation(s) 
[2026-06-18T14:29:32.999+0800][25.661s][info][gc,nmethod  ] GC(72) y: NMethods: 94 registered, 8 unregistered
[2026-06-18T14:29:32.999+0800][25.661s][info][gc,metaspace] GC(72) y: Metaspace: 0M used, 0M committed, 1088M reserved
[2026-06-18T14:29:33.000+0800][25.661s][info][gc,reloc    ] GC(72) y:                        Candidates     Selected     In-Place         Size        Empty    Relocated 
[2026-06-18T14:29:33.000+0800][25.661s][info][gc,reloc    ] GC(72) y: Small Pages:                   83           11            0         166M         136M           2M 
[2026-06-18T14:29:33.000+0800][25.662s][info][gc,reloc    ] GC(72) y: Medium Pages:                   6            2            0          48M          16M           1M 
[2026-06-18T14:29:33.000+0800][25.662s][info][gc,reloc    ] GC(72) y: Large Pages:                    5            0            0          10M           0M           0M 
[2026-06-18T14:29:33.001+0800][25.662s][info][gc,reloc    ] GC(72) y: Forwarding Usage: 0M
[2026-06-18T14:29:33.001+0800][25.662s][info][gc,reloc    ] GC(72) y: Age Table:
[2026-06-18T14:29:33.001+0800][25.663s][info][gc,reloc    ] GC(72) y:                    Live             Garbage             Small              Medium             Large        
[2026-06-18T14:29:33.001+0800][25.663s][info][gc,reloc    ] GC(72) y: Eden              16M (6%)          169M (66%)         80 / 11             3 / 1              1 / 0        
[2026-06-18T14:29:33.002+0800][25.664s][info][gc,reloc    ] GC(72) y: Survivor 1         2M (1%)           10M (4%)           1 / 0              1 / 0              1 / 0        
[2026-06-18T14:29:33.002+0800][25.664s][info][gc,reloc    ] GC(72) y: Survivor 2         2M (1%)           19M (7%)           2 / 0              2 / 1              1 / 0        
[2026-06-18T14:29:33.003+0800][25.664s][info][gc,reloc    ] GC(72) y: Survivor 3         4M (2%)            0M (0%)           0 / 0              0 / 0              2 / 0        
[2026-06-18T14:29:33.003+0800][25.665s][info][gc,heap     ] GC(72) y: Min Capacity: 256M(100%)
[2026-06-18T14:29:33.003+0800][25.665s][info][gc,heap     ] GC(72) y: Max Capacity: 256M(100%)
[2026-06-18T14:29:33.004+0800][25.665s][info][gc,heap     ] GC(72) y: Soft Max Capacity: 256M(100%)
[2026-06-18T14:29:33.004+0800][25.665s][info][gc,heap     ] GC(72) y: Heap Statistics:
[2026-06-18T14:29:33.004+0800][25.666s][info][gc,heap     ] GC(72) y:                Mark Start          Mark End        Relocate Start      Relocate End           High               Low         
[2026-06-18T14:29:33.004+0800][25.666s][info][gc,heap     ] GC(72) y:  Capacity:      256M (100%)        256M (100%)        256M (100%)        256M (100%)        256M (100%)        256M (100%)   
[2026-06-18T14:29:33.005+0800][25.666s][info][gc,heap     ] GC(72) y:      Free:       26M (10%)          26M (10%)         178M (70%)         206M (80%)         206M (80%)          26M (10%)    
[2026-06-18T14:29:33.005+0800][25.666s][info][gc,heap     ] GC(72) y:      Used:      230M (90%)         230M (90%)          78M (30%)          50M (20%)         230M (90%)          50M (20%)    
[2026-06-18T14:29:33.005+0800][25.667s][info][gc,heap     ] GC(72) y: Young Generation Statistics:
[2026-06-18T14:29:33.005+0800][25.667s][info][gc,heap     ] GC(72) y:                Mark Start          Mark End        Relocate Start      Relocate End    
[2026-06-18T14:29:33.006+0800][25.667s][info][gc,heap     ] GC(72) y:      Used:      224M (88%)         224M (88%)          68M (27%)          40M (16%)    
[2026-06-18T14:29:33.006+0800][25.667s][info][gc,heap     ] GC(72) y:      Live:         -                25M (10%)          21M (8%)           21M (8%)     
[2026-06-18T14:29:33.006+0800][25.668s][info][gc,heap     ] GC(72) y:   Garbage:         -               198M (78%)          46M (18%)           3M (1%)     
[2026-06-18T14:29:33.006+0800][25.668s][info][gc,heap     ] GC(72) y: Allocated:         -                 0M (0%)            0M (0%)           15M (6%)     
[2026-06-18T14:29:33.007+0800][25.668s][info][gc,heap     ] GC(72) y: Reclaimed:         -                  -               152M (59%)         195M (76%)    
[2026-06-18T14:29:33.007+0800][25.668s][info][gc,heap     ] GC(72) y:  Promoted:         -                  -                 4M (2%)            4M (2%)     
[2026-06-18T14:29:33.007+0800][25.669s][info][gc,heap     ] GC(72) y: Compacted:         -                  -                  -                 6M (2%)     
[2026-06-18T14:29:33.007+0800][25.669s][info][gc,phases   ] GC(72) y: Young Generation 230M(90%)->50M(20%) 0.008s
[2026-06-18T14:29:33.008+0800][25.669s][info][gc          ] GC(72) Minor Collection (Allocation Rate) 230M(90%)->64M(25%) 0.020s
[2026-06-18T14:29:33.442+0800][26.104s][info][gc          ] GC(73) Minor Collection (Allocation Rate)
[2026-06-18T14:29:33.443+0800][26.105s][info][gc,task     ] GC(73) Using 1 Workers for Young Generation
[2026-06-18T14:29:33.444+0800][26.105s][info][gc,phases   ] GC(73) y: Young Generation
[2026-06-18T14:29:33.444+0800][26.105s][info][gc,phases   ] GC(73) y: Pause Mark Start 0.011ms
[2026-06-18T14:29:33.445+0800][26.107s][info][gc,phases   ] GC(73) y: Concurrent Mark 0.536ms
[2026-06-18T14:29:33.446+0800][26.108s][info][gc,phases   ] GC(73) y: Pause Mark End 0.008ms
[2026-06-18T14:29:33.447+0800][26.108s][info][gc,phases   ] GC(73) y: Concurrent Mark Free 0.001ms
[2026-06-18T14:29:33.447+0800][26.109s][info][gc,phases   ] GC(73) y: Concurrent Reset Relocation Set 0.003ms
[2026-06-18T14:29:33.447+0800][26.109s][info][gc,reloc    ] GC(73) y: Using tenuring threshold: 4 (Computed)
[2026-06-18T14:29:33.448+0800][26.109s][info][gc,phases   ] GC(73) y: Concurrent Select Relocation Set 0.471ms
[2026-06-18T14:29:33.448+0800][26.110s][info][gc,phases   ] GC(73) y: Pause Relocate Start 0.006ms
[2026-06-18T14:29:33.449+0800][26.111s][info][gc,phases   ] GC(73) y: Concurrent Relocate 0.704ms
[2026-06-18T14:29:33.450+0800][26.111s][info][gc,alloc    ] GC(73) y:                         Mark Start        Mark End      Relocate Start    Relocate End   
[2026-06-18T14:29:33.450+0800][26.111s][info][gc,alloc    ] GC(73) y: Allocation Stalls:          0                0                0                0         
[2026-06-18T14:29:33.450+0800][26.112s][info][gc,load     ] GC(73) y: Load: 0.46 (2%) / 0.34 (1%) / 0.31 (1%)
[2026-06-18T14:29:33.450+0800][26.112s][info][gc,mmu      ] GC(73) y: MMU: 2ms/97.5%, 5ms/98.6%, 10ms/99.3%, 20ms/99.6%, 50ms/99.8%, 100ms/99.9%
[2026-06-18T14:29:33.451+0800][26.113s][info][gc,marking  ] GC(73) y: Mark: 1 stripe(s), 1 proactive flush(es), 1 terminate flush(es), 0 completion(s), 0 continuation(s) 
[2026-06-18T14:29:33.452+0800][26.113s][info][gc,nmethod  ] GC(73) y: NMethods: 94 registered, 8 unregistered
[2026-06-18T14:29:33.452+0800][26.114s][info][gc,metaspace] GC(73) y: Metaspace: 0M used, 0M committed, 1088M reserved
[2026-06-18T14:29:33.452+0800][26.114s][info][gc,reloc    ] GC(73) y:                        Candidates     Selected     In-Place         Size        Empty    Relocated 
[2026-06-18T14:29:33.453+0800][26.114s][info][gc,reloc    ] GC(73) y: Small Pages:                   85            9            0         170M         146M           3M 
[2026-06-18T14:29:33.453+0800][26.115s][info][gc,reloc    ] GC(73) y: Medium Pages:                   6            2            0          48M          16M           1M 
[2026-06-18T14:29:33.453+0800][26.115s][info][gc,reloc    ] GC(73) y: Large Pages:                    5            0            0          10M           0M           0M 
[2026-06-18T14:29:33.454+0800][26.115s][info][gc,reloc    ] GC(73) y: Forwarding Usage: 0M
[2026-06-18T14:29:33.454+0800][26.115s][info][gc,reloc    ] GC(73) y: Age Table:
[2026-06-18T14:29:33.454+0800][26.116s][info][gc,reloc    ] GC(73) y:                    Live             Garbage             Small              Medium             Large        
[2026-06-18T14:29:33.454+0800][26.116s][info][gc,reloc    ] GC(73) y: Eden              18M (7%)          169M (66%)         80 / 9              3 / 1              2 / 0        
[2026-06-18T14:29:33.455+0800][26.116s][info][gc,reloc    ] GC(73) y: Survivor 1         2M (1%)           25M (10%)          5 / 0              2 / 1              1 / 0        
[2026-06-18T14:29:33.455+0800][26.116s][info][gc,reloc    ] GC(73) y: Survivor 2         2M (1%)            0M (0%)           0 / 0              0 / 0              1 / 0        
[2026-06-18T14:29:33.455+0800][26.116s][info][gc,reloc    ] GC(73) y: Survivor 3         2M (1%)            8M (3%)           0 / 0              1 / 0              1 / 0        
[2026-06-18T14:29:33.455+0800][26.117s][info][gc,heap     ] GC(73) y: Min Capacity: 256M(100%)
[2026-06-18T14:29:33.455+0800][26.117s][info][gc,heap     ] GC(73) y: Max Capacity: 256M(100%)
[2026-06-18T14:29:33.456+0800][26.117s][info][gc,heap     ] GC(73) y: Soft Max Capacity: 256M(100%)
[2026-06-18T14:29:33.456+0800][26.117s][info][gc,heap     ] GC(73) y: Heap Statistics:
[2026-06-18T14:29:33.456+0800][26.117s][info][gc,heap     ] GC(73) y:                Mark Start          Mark End        Relocate Start      Relocate End           High               Low         
[2026-06-18T14:29:33.456+0800][26.118s][info][gc,heap     ] GC(73) y:  Capacity:      256M (100%)        256M (100%)        256M (100%)        256M (100%)        256M (100%)        256M (100%)   
[2026-06-18T14:29:33.457+0800][26.118s][info][gc,heap     ] GC(73) y:      Free:       18M (7%)           18M (7%)          180M (70%)         206M (80%)         206M (80%)          18M (7%)     
[2026-06-18T14:29:33.457+0800][26.119s][info][gc,heap     ] GC(73) y:      Used:      238M (93%)         238M (93%)          76M (30%)          50M (20%)         238M (93%)          50M (20%)    
[2026-06-18T14:29:33.457+0800][26.119s][info][gc,heap     ] GC(73) y: Young Generation Statistics:
[2026-06-18T14:29:33.458+0800][26.119s][info][gc,heap     ] GC(73) y:                Mark Start          Mark End        Relocate Start      Relocate End    
[2026-06-18T14:29:33.458+0800][26.119s][info][gc,heap     ] GC(73) y:      Used:      228M (89%)         228M (89%)          66M (26%)          40M (16%)    
[2026-06-18T14:29:33.458+0800][26.120s][info][gc,heap     ] GC(73) y:      Live:         -                24M (10%)          24M (10%)          24M (10%)    
[2026-06-18T14:29:33.458+0800][26.120s][info][gc,heap     ] GC(73) y:   Garbage:         -               203M (79%)          41M (16%)           0M (0%)     
[2026-06-18T14:29:33.459+0800][26.120s][info][gc,heap     ] GC(73) y: Allocated:         -                 0M (0%)            0M (0%)           15M (6%)     
[2026-06-18T14:29:33.459+0800][26.120s][info][gc,heap     ] GC(73) y: Reclaimed:         -                  -               162M (63%)         203M (79%)    
[2026-06-18T14:29:33.459+0800][26.121s][info][gc,heap     ] GC(73) y:  Promoted:         -                  -                 0M (0%)            0M (0%)     
[2026-06-18T14:29:33.459+0800][26.121s][info][gc,heap     ] GC(73) y: Compacted:         -                  -                  -                 6M (3%)     
[2026-06-18T14:29:33.460+0800][26.121s][info][gc,phases   ] GC(73) y: Young Generation 238M(93%)->50M(20%) 0.006s
[2026-06-18T14:29:33.460+0800][26.121s][info][gc          ] GC(73) Minor Collection (Allocation Rate) 230M(90%)->54M(21%) 0.018s
[2026-06-18T14:29:33.515+0800][26.177s][info][gc          ] GC(74) Major Collection (Proactive)
[2026-06-18T14:29:33.516+0800][26.178s][info][gc,task     ] GC(74) Using 1 Workers for Young Generation
[2026-06-18T14:29:33.517+0800][26.179s][info][gc,task     ] GC(74) Using 1 Workers for Old Generation
[2026-06-18T14:29:33.518+0800][26.180s][info][gc,phases   ] GC(74) Y: Young Generation
[2026-06-18T14:29:33.519+0800][26.181s][info][gc,phases   ] GC(74) Y: Pause Mark Start (Major) 0.018ms
[2026-06-18T14:29:33.521+0800][26.182s][info][gc,phases   ] GC(74) Y: Concurrent Mark 0.616ms
[2026-06-18T14:29:33.521+0800][26.183s][info][gc,phases   ] GC(74) Y: Pause Mark End 0.008ms
[2026-06-18T14:29:33.522+0800][26.184s][info][gc,phases   ] GC(74) Y: Concurrent Mark Free 0.001ms
[2026-06-18T14:29:33.522+0800][26.184s][info][gc,phases   ] GC(74) Y: Concurrent Reset Relocation Set 0.001ms
[2026-06-18T14:29:33.523+0800][26.185s][info][gc,reloc    ] GC(74) Y: Using tenuring threshold: 2 (Computed)
[2026-06-18T14:29:33.524+0800][26.185s][info][gc,phases   ] GC(74) Y: Concurrent Select Relocation Set 0.765ms
[2026-06-18T14:29:33.525+0800][26.186s][info][gc,phases   ] GC(74) Y: Pause Relocate Start 0.008ms
[2026-06-18T14:29:33.526+0800][26.187s][info][gc,phases   ] GC(74) Y: Concurrent Relocate 0.545ms
[2026-06-18T14:29:33.526+0800][26.188s][info][gc,alloc    ] GC(74) Y:                         Mark Start        Mark End      Relocate Start    Relocate End   
[2026-06-18T14:29:33.527+0800][26.188s][info][gc,alloc    ] GC(74) Y: Allocation Stalls:          0                0                0                0         
[2026-06-18T14:29:33.527+0800][26.189s][info][gc,load     ] GC(74) Y: Load: 0.46 (2%) / 0.34 (1%) / 0.31 (1%)
[2026-06-18T14:29:33.527+0800][26.189s][info][gc,mmu      ] GC(74) Y: MMU: 2ms/97.5%, 5ms/98.6%, 10ms/99.3%, 20ms/99.6%, 50ms/99.8%, 100ms/99.9%
[2026-06-18T14:29:33.528+0800][26.189s][info][gc,marking  ] GC(74) Y: Mark: 1 stripe(s), 1 proactive flush(es), 1 terminate flush(es), 0 completion(s), 0 continuation(s) 
[2026-06-18T14:29:33.528+0800][26.189s][info][gc,nmethod  ] GC(74) Y: NMethods: 94 registered, 8 unregistered
[2026-06-18T14:29:33.528+0800][26.189s][info][gc,metaspace] GC(74) Y: Metaspace: 0M used, 0M committed, 1088M reserved
[2026-06-18T14:29:33.528+0800][26.190s][info][gc,reloc    ] GC(74) Y:                        Candidates     Selected     In-Place         Size        Empty    Relocated 
[2026-06-18T14:29:33.528+0800][26.190s][info][gc,reloc    ] GC(74) Y: Small Pages:                   17            1            0          34M          22M           0M 
[2026-06-18T14:29:33.529+0800][26.190s][info][gc,reloc    ] GC(74) Y: Medium Pages:                   4            2            0          32M           0M           1M 
[2026-06-18T14:29:33.529+0800][26.191s][info][gc,reloc    ] GC(74) Y: Large Pages:                    5            0            0          10M           0M           0M 
[2026-06-18T14:29:33.530+0800][26.192s][info][gc,reloc    ] GC(74) Y: Forwarding Usage: 0M
[2026-06-18T14:29:33.530+0800][26.192s][info][gc,reloc    ] GC(74) Y: Age Table:
[2026-06-18T14:29:33.531+0800][26.192s][info][gc,reloc    ] GC(74) Y:                    Live             Garbage             Small              Medium             Large        
[2026-06-18T14:29:33.531+0800][26.192s][info][gc,reloc    ] GC(74) Y: Eden               3M (1%)           32M (13%)         14 / 1              1 / 1              0 / 0        
[2026-06-18T14:29:33.531+0800][26.193s][info][gc,reloc    ] GC(74) Y: Survivor 1        18M (7%)            7M (3%)           3 / 0              2 / 0              2 / 0        
[2026-06-18T14:29:33.531+0800][26.193s][info][gc,reloc    ] GC(74) Y: Survivor 2         2M (1%)            7M (3%)           0 / 0              1 / 1              1 / 0        
[2026-06-18T14:29:33.532+0800][26.193s][info][gc,reloc    ] GC(74) Y: Survivor 3         2M (1%)            0M (0%)           0 / 0              0 / 0              1 / 0        
[2026-06-18T14:29:33.532+0800][26.193s][info][gc,reloc    ] GC(74) Y: Survivor 4         2M (1%)            0M (0%)           0 / 0              0 / 0              1 / 0        
[2026-06-18T14:29:33.532+0800][26.194s][info][gc,heap     ] GC(74) Y: Min Capacity: 256M(100%)
[2026-06-18T14:29:33.532+0800][26.194s][info][gc,heap     ] GC(74) Y: Max Capacity: 256M(100%)
[2026-06-18T14:29:33.533+0800][26.194s][info][gc,heap     ] GC(74) Y: Soft Max Capacity: 256M(100%)
[2026-06-18T14:29:33.533+0800][26.194s][info][gc,heap     ] GC(74) Y: Heap Statistics:
[2026-06-18T14:29:33.533+0800][26.195s][info][gc,heap     ] GC(74) Y:                Mark Start          Mark End        Relocate Start      Relocate End           High               Low         
[2026-06-18T14:29:33.533+0800][26.195s][info][gc,heap     ] GC(74) Y:  Capacity:      256M (100%)        256M (100%)        256M (100%)        256M (100%)        256M (100%)        256M (100%)   
[2026-06-18T14:29:33.534+0800][26.195s][info][gc,heap     ] GC(74) Y:      Free:      170M (66%)         170M (66%)         192M (75%)         190M (74%)         192M (75%)         170M (66%)    
[2026-06-18T14:29:33.534+0800][26.195s][info][gc,heap     ] GC(74) Y:      Used:       86M (34%)          86M (34%)          64M (25%)          66M (26%)          86M (34%)          64M (25%)    
[2026-06-18T14:29:33.534+0800][26.196s][info][gc,heap     ] GC(74) Y: Young Generation Statistics:
[2026-06-18T14:29:33.534+0800][26.196s][info][gc,heap     ] GC(74) Y:                Mark Start          Mark End        Relocate Start      Relocate End    
[2026-06-18T14:29:33.535+0800][26.196s][info][gc,heap     ] GC(74) Y:      Used:       76M (30%)          76M (30%)          48M (19%)          42M (16%)    
[2026-06-18T14:29:33.535+0800][26.196s][info][gc,heap     ] GC(74) Y:      Live:         -                27M (11%)          21M (9%)           21M (8%)     
[2026-06-18T14:29:33.535+0800][26.197s][info][gc,heap     ] GC(74) Y:   Garbage:         -                48M (19%)          26M (10%)           1M (1%)     
[2026-06-18T14:29:33.535+0800][26.197s][info][gc,heap     ] GC(74) Y: Allocated:         -                 0M (0%)            0M (0%)           19M (8%)     
[2026-06-18T14:29:33.536+0800][26.197s][info][gc,heap     ] GC(74) Y: Reclaimed:         -                  -                22M (9%)           46M (18%)    
[2026-06-18T14:29:33.536+0800][26.197s][info][gc,heap     ] GC(74) Y:  Promoted:         -                  -                 6M (2%)            6M (3%)     
[2026-06-18T14:29:33.536+0800][26.198s][info][gc,heap     ] GC(74) Y: Compacted:         -                  -                  -                 2M (1%)     
[2026-06-18T14:29:33.537+0800][26.198s][info][gc,phases   ] GC(74) Y: Young Generation 86M(34%)->66M(26%) 0.008s
[2026-06-18T14:29:33.537+0800][26.198s][info][gc,phases   ] GC(74) O: Old Generation
[2026-06-18T14:29:33.538+0800][26.200s][info][gc,phases   ] GC(74) O: Concurrent Mark 0.953ms
[2026-06-18T14:29:33.538+0800][26.200s][info][gc,phases   ] GC(74) O: Pause Mark End 0.010ms
[2026-06-18T14:29:33.539+0800][26.200s][info][gc,phases   ] GC(74) O: Concurrent Mark Free 0.002ms
[2026-06-18T14:29:33.539+0800][26.201s][info][gc,phases   ] GC(74) O: Concurrent Process Non-Strong 0.266ms
[2026-06-18T14:29:33.540+0800][26.201s][info][gc,phases   ] GC(74) O: Concurrent Reset Relocation Set 0.001ms
[2026-06-18T14:29:33.540+0800][26.201s][info][gc,phases   ] GC(74) O: Concurrent Select Relocation Set 0.047ms
[2026-06-18T14:29:33.540+0800][26.202s][info][gc,task     ] GC(74) O: Using 2 Workers for Old Generation
[2026-06-18T14:29:33.540+0800][26.202s][info][gc,task     ] GC(74) O: Using 1 Workers for Old Generation
[2026-06-18T14:29:33.541+0800][26.202s][info][gc,phases   ] GC(74) O: Concurrent Remap Roots 0.625ms
[2026-06-18T14:29:33.541+0800][26.203s][info][gc,phases   ] GC(74) O: Pause Relocate Start 0.007ms
[2026-06-18T14:29:33.542+0800][26.203s][info][gc,phases   ] GC(74) O: Concurrent Relocate 0.087ms
[2026-06-18T14:29:33.542+0800][26.204s][info][gc,alloc    ] GC(74) O:                         Mark Start        Mark End      Relocate Start    Relocate End   
[2026-06-18T14:29:33.542+0800][26.204s][info][gc,alloc    ] GC(74) O: Allocation Stalls:          0                0                0                0         
[2026-06-18T14:29:33.543+0800][26.204s][info][gc,load     ] GC(74) O: Load: 0.46 (2%) / 0.34 (1%) / 0.31 (1%)
[2026-06-18T14:29:33.543+0800][26.204s][info][gc,mmu      ] GC(74) O: MMU: 2ms/97.5%, 5ms/98.6%, 10ms/99.3%, 20ms/99.6%, 50ms/99.8%, 100ms/99.9%
[2026-06-18T14:29:33.543+0800][26.204s][info][gc,marking  ] GC(74) O: Mark: 1 stripe(s), 2 proactive flush(es), 1 terminate flush(es), 0 completion(s), 0 continuation(s) 
[2026-06-18T14:29:33.543+0800][26.205s][info][gc,nmethod  ] GC(74) O: NMethods: 94 registered, 8 unregistered
[2026-06-18T14:29:33.544+0800][26.205s][info][gc,metaspace] GC(74) O: Metaspace: 0M used, 0M committed, 1088M reserved
[2026-06-18T14:29:33.544+0800][26.205s][info][gc,ref      ] GC(74) O:                       Encountered   Discovered     Enqueued 
[2026-06-18T14:29:33.544+0800][26.206s][info][gc,ref      ] GC(74) O: Soft References:                2            0            0 
[2026-06-18T14:29:33.544+0800][26.206s][info][gc,ref      ] GC(74) O: Weak References:                6            0            0 
[2026-06-18T14:29:33.545+0800][26.206s][info][gc,ref      ] GC(74) O: Final References:               0            0            0 
[2026-06-18T14:29:33.545+0800][26.206s][info][gc,ref      ] GC(74) O: Phantom References:             1            1            0 
[2026-06-18T14:29:33.545+0800][26.207s][info][gc,reloc    ] GC(74) O:                        Candidates     Selected     In-Place         Size        Empty    Relocated 
[2026-06-18T14:29:33.545+0800][26.207s][info][gc,reloc    ] GC(74) O: Small Pages:                    1            0            0           2M           0M           0M 
[2026-06-18T14:29:33.547+0800][26.208s][info][gc,reloc    ] GC(74) O: Medium Pages:                   0            0            0           0M           0M           0M 
[2026-06-18T14:29:33.547+0800][26.209s][info][gc,reloc    ] GC(74) O: Large Pages:                    4            0            0           8M           8M           0M 
[2026-06-18T14:29:33.547+0800][26.209s][info][gc,reloc    ] GC(74) O: Forwarding Usage: 0M
[2026-06-18T14:29:33.548+0800][26.209s][info][gc,heap     ] GC(74) O: Min Capacity: 256M(100%)
[2026-06-18T14:29:33.548+0800][26.210s][info][gc,heap     ] GC(74) O: Max Capacity: 256M(100%)
[2026-06-18T14:29:33.549+0800][26.210s][info][gc,heap     ] GC(74) O: Soft Max Capacity: 256M(100%)
[2026-06-18T14:29:33.549+0800][26.210s][info][gc,heap     ] GC(74) O: Heap Statistics:
[2026-06-18T14:29:33.549+0800][26.210s][info][gc,heap     ] GC(74) O:                Mark Start          Mark End        Relocate Start      Relocate End           High               Low         
[2026-06-18T14:29:33.549+0800][26.211s][info][gc,heap     ] GC(74) O:  Capacity:      256M (100%)        256M (100%)        256M (100%)        256M (100%)        256M (100%)        256M (100%)   
[2026-06-18T14:29:33.549+0800][26.211s][info][gc,heap     ] GC(74) O:      Free:      170M (66%)         178M (70%)         186M (73%)         186M (73%)         192M (75%)         170M (66%)    
[2026-06-18T14:29:33.550+0800][26.211s][info][gc,heap     ] GC(74) O:      Used:       86M (34%)          78M (30%)          70M (27%)          70M (27%)          86M (34%)          64M (25%)    
[2026-06-18T14:29:33.550+0800][26.211s][info][gc,heap     ] GC(74) O: Old Generation Statistics:
[2026-06-18T14:29:33.550+0800][26.212s][info][gc,heap     ] GC(74) O:                Mark Start          Mark End        Relocate Start      Relocate End    
[2026-06-18T14:29:33.550+0800][26.212s][info][gc,heap     ] GC(74) O:      Used:       10M (4%)           24M (9%)           16M (6%)           16M (6%)     
[2026-06-18T14:29:33.551+0800][26.212s][info][gc,heap     ] GC(74) O:      Live:         -                 0M (0%)            0M (0%)            0M (0%)     
[2026-06-18T14:29:33.551+0800][26.212s][info][gc,heap     ] GC(74) O:   Garbage:         -                 9M (4%)            1M (1%)            1M (1%)     
[2026-06-18T14:29:33.551+0800][26.213s][info][gc,heap     ] GC(74) O: Allocated:         -                14M (5%)           14M (5%)           14M (5%)     
[2026-06-18T14:29:33.551+0800][26.213s][info][gc,heap     ] GC(74) O: Reclaimed:         -                  -                 8M (3%)            8M (3%)     
[2026-06-18T14:29:33.551+0800][26.213s][info][gc,heap     ] GC(74) O: Compacted:         -                  -                  -                 0M (0%)     
[2026-06-18T14:29:33.552+0800][26.213s][info][gc,phases   ] GC(74) O: Old Generation 78M(30%)->70M(27%) 0.005s
[2026-06-18T14:29:33.552+0800][26.213s][info][gc          ] GC(74) Major Collection (Proactive) 86M(34%)->74M(29%) 0.037s
[2026-06-18T14:29:33.968+0800][26.630s][info][gc          ] GC(75) Minor Collection (High Usage)
[2026-06-18T14:29:34.038+0800][26.699s][info][gc,task     ] GC(75) Using 1 Workers for Young Generation
[2026-06-18T14:29:34.042+0800][26.703s][info][gc,phases   ] GC(75) y: Young Generation
[2026-06-18T14:29:34.053+0800][26.715s][info][gc,phases   ] GC(75) y: Pause Mark Start 0.016ms
[2026-06-18T14:29:34.062+0800][26.723s][info][gc,task     ] Adjusting Workers for Young Generation: 1 -> 2
[2026-06-18T14:29:34.075+0800][26.737s][info][gc,phases   ] GC(75) y: Concurrent Mark 10.808ms
[2026-06-18T14:29:34.076+0800][26.738s][info][gc,phases   ] GC(75) y: Pause Mark End 0.012ms
[2026-06-18T14:29:34.077+0800][26.738s][info][gc,phases   ] GC(75) y: Concurrent Mark Free 0.001ms
[2026-06-18T14:29:34.077+0800][26.739s][info][gc,phases   ] GC(75) y: Concurrent Reset Relocation Set 0.002ms
[2026-06-18T14:29:34.078+0800][26.739s][info][gc,reloc    ] GC(75) y: Using tenuring threshold: 3 (Computed)
[2026-06-18T14:29:34.078+0800][26.739s][info][gc          ] Allocation Stall (main) 56.551ms
[2026-06-18T14:29:34.078+0800][26.740s][info][gc,phases   ] GC(75) y: Concurrent Select Relocation Set 0.668ms
[2026-06-18T14:29:34.079+0800][26.741s][info][gc,phases   ] GC(75) y: Pause Relocate Start 0.013ms
[2026-06-18T14:29:34.080+0800][26.742s][info][gc,phases   ] GC(75) y: Concurrent Relocate 1.003ms
[2026-06-18T14:29:34.082+0800][26.744s][info][gc,alloc    ] GC(75) y:                         Mark Start        Mark End      Relocate Start    Relocate End   
[2026-06-18T14:29:34.088+0800][26.749s][info][gc,alloc    ] GC(75) y: Allocation Stalls:          1                1                0                0         
[2026-06-18T14:29:34.114+0800][26.775s][info][gc,load     ] GC(75) y: Load: 0.46 (2%) / 0.34 (1%) / 0.31 (1%)
[2026-06-18T14:29:34.121+0800][26.782s][info][gc,mmu      ] GC(75) y: MMU: 2ms/97.5%, 5ms/98.6%, 10ms/99.3%, 20ms/99.6%, 50ms/99.8%, 100ms/99.9%
[2026-06-18T14:29:34.123+0800][26.784s][info][gc,marking  ] GC(75) y: Mark: 1 stripe(s), 1 proactive flush(es), 1 terminate flush(es), 0 completion(s), 0 continuation(s) 
[2026-06-18T14:29:34.128+0800][26.790s][info][gc,nmethod  ] GC(75) y: NMethods: 94 registered, 8 unregistered
[2026-06-18T14:29:34.131+0800][26.792s][info][gc,metaspace] GC(75) y: Metaspace: 0M used, 0M committed, 1088M reserved
[2026-06-18T14:29:34.146+0800][26.808s][info][gc,reloc    ] GC(75) y:                        Candidates     Selected     In-Place         Size        Empty    Relocated 
[2026-06-18T14:29:34.156+0800][26.818s][info][gc,reloc    ] GC(75) y: Small Pages:                   93           15            0         186M         142M           4M 
[2026-06-18T14:29:34.163+0800][26.824s][info][gc,reloc    ] GC(75) y: Medium Pages:                   6            2            0          44M          16M           1M 
[2026-06-18T14:29:34.164+0800][26.825s][info][gc,reloc    ] GC(75) y: Large Pages:                    5            0            0          10M           0M           0M 
[2026-06-18T14:29:34.174+0800][26.835s][info][gc,reloc    ] GC(75) y: Forwarding Usage: 0M
[2026-06-18T14:29:34.178+0800][26.840s][info][gc,reloc    ] GC(75) y: Age Table:
[2026-06-18T14:29:34.184+0800][26.846s][info][gc,reloc    ] GC(75) y:                    Live             Garbage             Small              Medium             Large        
[2026-06-18T14:29:34.189+0800][26.851s][info][gc,reloc    ] GC(75) y: Eden              26M (10%)         175M (69%)         88 / 15             3 / 1              3 / 0        
[2026-06-18T14:29:34.194+0800][26.856s][info][gc,reloc    ] GC(75) y: Survivor 1          -                12M (5%)           2 / 0              1 / 0              0 / 0        
[2026-06-18T14:29:34.201+0800][26.862s][info][gc,reloc    ] GC(75) y: Survivor 2         4M (2%)           21M (8%)           3 / 0              2 / 1              2 / 0        
[2026-06-18T14:29:34.205+0800][26.866s][info][gc,heap     ] GC(75) y: Min Capacity: 256M(100%)
[2026-06-18T14:29:34.209+0800][26.870s][info][gc,heap     ] GC(75) y: Max Capacity: 256M(100%)
[2026-06-18T14:29:34.212+0800][26.873s][info][gc,heap     ] GC(75) y: Soft Max Capacity: 256M(100%)
[2026-06-18T14:29:34.215+0800][26.877s][info][gc,heap     ] GC(75) y: Heap Statistics:
[2026-06-18T14:29:34.217+0800][26.879s][info][gc,heap     ] GC(75) y:                Mark Start          Mark End        Relocate Start      Relocate End           High               Low         
[2026-06-18T14:29:34.220+0800][26.881s][info][gc,heap     ] GC(75) y:  Capacity:      256M (100%)        256M (100%)        256M (100%)        256M (100%)        256M (100%)        256M (100%)   
[2026-06-18T14:29:34.222+0800][26.883s][info][gc,heap     ] GC(75) y:      Free:        0M (0%)            0M (0%)          156M (61%)         188M (73%)         188M (73%)           0M (0%)     
[2026-06-18T14:29:34.225+0800][26.887s][info][gc,heap     ] GC(75) y:      Used:      256M (100%)        256M (100%)        100M (39%)          68M (27%)         256M (100%)         68M (27%)    
[2026-06-18T14:29:34.227+0800][26.889s][info][gc,heap     ] GC(75) y: Young Generation Statistics:
[2026-06-18T14:29:34.233+0800][26.894s][info][gc,heap     ] GC(75) y:                Mark Start          Mark End        Relocate Start      Relocate End    
[2026-06-18T14:29:34.236+0800][26.898s][info][gc,heap     ] GC(75) y:      Used:      240M (94%)         240M (94%)          84M (33%)          52M (20%)    
[2026-06-18T14:29:34.239+0800][26.901s][info][gc,heap     ] GC(75) y:      Live:         -                31M (12%)          31M (12%)          31M (12%)    
[2026-06-18T14:29:34.243+0800][26.905s][info][gc,heap     ] GC(75) y:   Garbage:         -               208M (82%)          50M (20%)           1M (1%)     
[2026-06-18T14:29:34.248+0800][26.909s][info][gc,heap     ] GC(75) y: Allocated:         -                 0M (0%)            2M (1%)           19M (7%)     
[2026-06-18T14:29:34.251+0800][26.912s][info][gc,heap     ] GC(75) y: Reclaimed:         -                  -               158M (62%)         207M (81%)    
[2026-06-18T14:29:34.253+0800][26.915s][info][gc,heap     ] GC(75) y:  Promoted:         -                  -                 0M (0%)            0M (0%)     
[2026-06-18T14:29:34.254+0800][26.916s][info][gc,heap     ] GC(75) y: Compacted:         -                  -                  -                 8M (3%)     
[2026-06-18T14:29:34.255+0800][26.916s][info][gc,phases   ] GC(75) y: Young Generation 256M(100%)->68M(27%) 0.040s
[2026-06-18T14:29:34.255+0800][26.916s][info][gc          ] GC(75) Minor Collection (High Usage) 232M(91%)->134M(52%) 0.287s
[2026-06-18T14:29:34.374+0800][27.035s][info][gc          ] GC(76) Minor Collection (Allocation Rate)
[2026-06-18T14:29:34.375+0800][27.036s][info][gc,task     ] GC(76) Using 1 Workers for Young Generation
[2026-06-18T14:29:34.375+0800][27.037s][info][gc,phases   ] GC(76) y: Young Generation
[2026-06-18T14:29:34.376+0800][27.037s][info][gc,phases   ] GC(76) y: Pause Mark Start 0.012ms
[2026-06-18T14:29:34.377+0800][27.039s][info][gc,phases   ] GC(76) y: Concurrent Mark 0.699ms
[2026-06-18T14:29:34.378+0800][27.039s][info][gc,phases   ] GC(76) y: Pause Mark End 0.009ms
[2026-06-18T14:29:34.378+0800][27.040s][info][gc,phases   ] GC(76) y: Concurrent Mark Free 0.001ms
[2026-06-18T14:29:34.379+0800][27.040s][info][gc,phases   ] GC(76) y: Concurrent Reset Relocation Set 0.002ms
[2026-06-18T14:29:34.379+0800][27.041s][info][gc,reloc    ] GC(76) y: Using tenuring threshold: 4 (Computed)
[2026-06-18T14:29:34.380+0800][27.041s][info][gc,phases   ] GC(76) y: Concurrent Select Relocation Set 0.605ms
[2026-06-18T14:29:34.380+0800][27.042s][info][gc,phases   ] GC(76) y: Pause Relocate Start 0.006ms
[2026-06-18T14:29:34.381+0800][27.043s][info][gc,phases   ] GC(76) y: Concurrent Relocate 0.848ms
[2026-06-18T14:29:34.382+0800][27.043s][info][gc,alloc    ] GC(76) y:                         Mark Start        Mark End      Relocate Start    Relocate End   
[2026-06-18T14:29:34.382+0800][27.043s][info][gc,alloc    ] GC(76) y: Allocation Stalls:          0                0                0                0         
[2026-06-18T14:29:34.382+0800][27.044s][info][gc,load     ] GC(76) y: Load: 0.46 (2%) / 0.34 (1%) / 0.31 (1%)
[2026-06-18T14:29:34.383+0800][27.044s][info][gc,mmu      ] GC(76) y: MMU: 2ms/97.5%, 5ms/98.6%, 10ms/99.3%, 20ms/99.6%, 50ms/99.8%, 100ms/99.9%
[2026-06-18T14:29:34.383+0800][27.044s][info][gc,marking  ] GC(76) y: Mark: 1 stripe(s), 1 proactive flush(es), 1 terminate flush(es), 0 completion(s), 0 continuation(s) 
[2026-06-18T14:29:34.383+0800][27.044s][info][gc,nmethod  ] GC(76) y: NMethods: 94 registered, 8 unregistered
[2026-06-18T14:29:34.384+0800][27.045s][info][gc,metaspace] GC(76) y: Metaspace: 0M used, 0M committed, 1088M reserved
[2026-06-18T14:29:34.384+0800][27.046s][info][gc,reloc    ] GC(76) y:                        Candidates     Selected     In-Place         Size        Empty    Relocated 
[2026-06-18T14:29:34.384+0800][27.046s][info][gc,reloc    ] GC(76) y: Small Pages:                   61           12            0         122M          88M           3M 
[2026-06-18T14:29:34.385+0800][27.046s][info][gc,reloc    ] GC(76) y: Medium Pages:                   5            1            0          40M          16M           2M 
[2026-06-18T14:29:34.385+0800][27.046s][info][gc,reloc    ] GC(76) y: Large Pages:                    5            0            0          10M           2M           0M 
[2026-06-18T14:29:34.385+0800][27.047s][info][gc,reloc    ] GC(76) y: Forwarding Usage: 0M
[2026-06-18T14:29:34.386+0800][27.047s][info][gc,reloc    ] GC(76) y: Age Table:
[2026-06-18T14:29:34.386+0800][27.047s][info][gc,reloc    ] GC(76) y:                    Live             Garbage             Small              Medium             Large        
[2026-06-18T14:29:34.386+0800][27.047s][info][gc,reloc    ] GC(76) y: Eden              17M (7%)          104M (41%)         53 / 12             2 / 1              0 / 0        
[2026-06-18T14:29:34.386+0800][27.048s][info][gc,reloc    ] GC(76) y: Survivor 1         6M (2%)           32M (12%)          8 / 0              2 / 0              3 / 0        
[2026-06-18T14:29:34.386+0800][27.048s][info][gc,reloc    ] GC(76) y: Survivor 2          -                 0M (0%)           0 / 0              0 / 0              0 / 0        
[2026-06-18T14:29:34.387+0800][27.048s][info][gc,reloc    ] GC(76) y: Survivor 3         2M (1%)            9M (4%)           0 / 0              1 / 0              2 / 0        
[2026-06-18T14:29:34.387+0800][27.048s][info][gc,heap     ] GC(76) y: Min Capacity: 256M(100%)
[2026-06-18T14:29:34.387+0800][27.049s][info][gc,heap     ] GC(76) y: Max Capacity: 256M(100%)
[2026-06-18T14:29:34.387+0800][27.049s][info][gc,heap     ] GC(76) y: Soft Max Capacity: 256M(100%)
[2026-06-18T14:29:34.388+0800][27.049s][info][gc,heap     ] GC(76) y: Heap Statistics:
[2026-06-18T14:29:34.388+0800][27.049s][info][gc,heap     ] GC(76) y:                Mark Start          Mark End        Relocate Start      Relocate End           High               Low         
[2026-06-18T14:29:34.388+0800][27.050s][info][gc,heap     ] GC(76) y:  Capacity:      256M (100%)        256M (100%)        256M (100%)        256M (100%)        256M (100%)        256M (100%)   
[2026-06-18T14:29:34.388+0800][27.050s][info][gc,heap     ] GC(76) y:      Free:       68M (27%)          68M (27%)         174M (68%)         198M (77%)         198M (77%)          68M (27%)    
[2026-06-18T14:29:34.389+0800][27.050s][info][gc,heap     ] GC(76) y:      Used:      188M (73%)         188M (73%)          82M (32%)          58M (23%)         188M (73%)          58M (23%)    
[2026-06-18T14:29:34.389+0800][27.050s][info][gc,heap     ] GC(76) y: Young Generation Statistics:
[2026-06-18T14:29:34.389+0800][27.051s][info][gc,heap     ] GC(76) y:                Mark Start          Mark End        Relocate Start      Relocate End    
[2026-06-18T14:29:34.390+0800][27.051s][info][gc,heap     ] GC(76) y:      Used:      172M (67%)         172M (67%)          66M (26%)          42M (16%)    
[2026-06-18T14:29:34.390+0800][27.052s][info][gc,heap     ] GC(76) y:      Live:         -                26M (10%)          26M (10%)          26M (10%)    
[2026-06-18T14:29:34.390+0800][27.052s][info][gc,heap     ] GC(76) y:   Garbage:         -               145M (57%)          39M (15%)           1M (1%)     
[2026-06-18T14:29:34.391+0800][27.052s][info][gc,heap     ] GC(76) y: Allocated:         -                 0M (0%)            0M (0%)           13M (5%)     
[2026-06-18T14:29:34.391+0800][27.052s][info][gc,heap     ] GC(76) y: Reclaimed:         -                  -               106M (41%)         143M (56%)    
[2026-06-18T14:29:34.391+0800][27.053s][info][gc,heap     ] GC(76) y:  Promoted:         -                  -                 0M (0%)            0M (0%)     
[2026-06-18T14:29:34.391+0800][27.053s][info][gc,heap     ] GC(76) y: Compacted:         -                  -                  -                 8M (3%)     
[2026-06-18T14:29:34.392+0800][27.053s][info][gc,phases   ] GC(76) y: Young Generation 188M(73%)->58M(23%) 0.006s
[2026-06-18T14:29:34.392+0800][27.053s][info][gc          ] GC(76) Minor Collection (Allocation Rate) 188M(73%)->70M(27%) 0.018s
[2026-06-18T14:29:34.733+0800][27.395s][info][gc          ] GC(77) Major Collection (Allocation Rate)
[2026-06-18T14:29:34.739+0800][27.400s][info][gc,task     ] GC(77) Using 2 Workers for Young Generation
[2026-06-18T14:29:34.740+0800][27.402s][info][gc,task     ] GC(77) Using 1 Workers for Old Generation
[2026-06-18T14:29:34.741+0800][27.403s][info][gc,phases   ] GC(77) Y: Young Generation
[2026-06-18T14:29:34.742+0800][27.404s][info][gc,phases   ] GC(77) Y: Pause Mark Start (Major) 0.018ms
[2026-06-18T14:29:34.744+0800][27.406s][info][gc,phases   ] GC(77) Y: Concurrent Mark 0.840ms
[2026-06-18T14:29:34.745+0800][27.407s][info][gc,phases   ] GC(77) Y: Pause Mark End 0.007ms
[2026-06-18T14:29:34.746+0800][27.407s][info][gc,phases   ] GC(77) Y: Concurrent Mark Free 0.001ms
[2026-06-18T14:29:34.746+0800][27.408s][info][gc,phases   ] GC(77) Y: Concurrent Reset Relocation Set 0.002ms
[2026-06-18T14:29:34.747+0800][27.408s][info][gc,reloc    ] GC(77) Y: Using tenuring threshold: 1 (Computed)
[2026-06-18T14:29:34.747+0800][27.409s][info][gc,phases   ] GC(77) Y: Concurrent Select Relocation Set 0.648ms
[2026-06-18T14:29:34.748+0800][27.409s][info][gc,phases   ] GC(77) Y: Pause Relocate Start 0.009ms
[2026-06-18T14:29:34.749+0800][27.410s][info][gc,phases   ] GC(77) Y: Concurrent Relocate 0.575ms
[2026-06-18T14:29:34.749+0800][27.411s][info][gc,alloc    ] GC(77) Y:                         Mark Start        Mark End      Relocate Start    Relocate End   
[2026-06-18T14:29:34.750+0800][27.411s][info][gc,alloc    ] GC(77) Y: Allocation Stalls:          0                0                0                0         
[2026-06-18T14:29:34.750+0800][27.412s][info][gc,load     ] GC(77) Y: Load: 0.46 (2%) / 0.34 (1%) / 0.31 (1%)
[2026-06-18T14:29:34.750+0800][27.412s][info][gc,mmu      ] GC(77) Y: MMU: 2ms/97.5%, 5ms/98.6%, 10ms/99.3%, 20ms/99.6%, 50ms/99.8%, 100ms/99.9%
[2026-06-18T14:29:34.751+0800][27.412s][info][gc,marking  ] GC(77) Y: Mark: 2 stripe(s), 2 proactive flush(es), 1 terminate flush(es), 0 completion(s), 0 continuation(s) 
[2026-06-18T14:29:34.751+0800][27.412s][info][gc,nmethod  ] GC(77) Y: NMethods: 94 registered, 8 unregistered
[2026-06-18T14:29:34.751+0800][27.413s][info][gc,metaspace] GC(77) Y: Metaspace: 0M used, 0M committed, 1088M reserved
[2026-06-18T14:29:34.751+0800][27.413s][info][gc,reloc    ] GC(77) Y:                        Candidates     Selected     In-Place         Size        Empty    Relocated 
[2026-06-18T14:29:34.752+0800][27.413s][info][gc,reloc    ] GC(77) Y: Small Pages:                   68            6            0         136M         116M           2M 
[2026-06-18T14:29:34.752+0800][27.413s][info][gc,reloc    ] GC(77) Y: Medium Pages:                   6            3            0          48M           8M           2M 
[2026-06-18T14:29:34.752+0800][27.414s][info][gc,reloc    ] GC(77) Y: Large Pages:                    4            0            0           8M           0M           0M 
[2026-06-18T14:29:34.752+0800][27.414s][info][gc,reloc    ] GC(77) Y: Forwarding Usage: 0M
[2026-06-18T14:29:34.753+0800][27.414s][info][gc,reloc    ] GC(77) Y: Age Table:
[2026-06-18T14:29:34.753+0800][27.415s][info][gc,reloc    ] GC(77) Y:                    Live             Garbage             Small              Medium             Large        
[2026-06-18T14:29:34.754+0800][27.415s][info][gc,reloc    ] GC(77) Y: Eden              13M (5%)          136M (53%)         63 / 6              3 / 1              0 / 0        
[2026-06-18T14:29:34.754+0800][27.415s][info][gc,reloc    ] GC(77) Y: Survivor 1         0M (0%)           25M (10%)          5 / 0              2 / 1              0 / 0        
[2026-06-18T14:29:34.754+0800][27.416s][info][gc,reloc    ] GC(77) Y: Survivor 2         6M (2%)            0M (0%)           0 / 0              0 / 0              3 / 0        
[2026-06-18T14:29:34.754+0800][27.416s][info][gc,reloc    ] GC(77) Y: Survivor 3          -                 0M (0%)           0 / 0              0 / 0              0 / 0        
[2026-06-18T14:29:34.755+0800][27.416s][info][gc,reloc    ] GC(77) Y: Survivor 4         2M (1%)            7M (3%)           0 / 0              1 / 1              1 / 0        
[2026-06-18T14:29:34.755+0800][27.416s][info][gc,heap     ] GC(77) Y: Min Capacity: 256M(100%)
[2026-06-18T14:29:34.755+0800][27.417s][info][gc,heap     ] GC(77) Y: Max Capacity: 256M(100%)
[2026-06-18T14:29:34.755+0800][27.417s][info][gc,heap     ] GC(77) Y: Soft Max Capacity: 256M(100%)
[2026-06-18T14:29:34.756+0800][27.417s][info][gc,heap     ] GC(77) Y: Heap Statistics:
[2026-06-18T14:29:34.756+0800][27.418s][info][gc,heap     ] GC(77) Y:                Mark Start          Mark End        Relocate Start      Relocate End           High               Low         
[2026-06-18T14:29:34.756+0800][27.418s][info][gc,heap     ] GC(77) Y:  Capacity:      256M (100%)        256M (100%)        256M (100%)        256M (100%)        256M (100%)        256M (100%)   
[2026-06-18T14:29:34.757+0800][27.418s][info][gc,heap     ] GC(77) Y:      Free:       48M (19%)          36M (14%)         160M (62%)         186M (73%)         186M (73%)          36M (14%)    
[2026-06-18T14:29:34.757+0800][27.418s][info][gc,heap     ] GC(77) Y:      Used:      208M (81%)         220M (86%)          96M (38%)          70M (27%)         220M (86%)          70M (27%)    
[2026-06-18T14:29:34.757+0800][27.419s][info][gc,heap     ] GC(77) Y: Young Generation Statistics:
[2026-06-18T14:29:34.757+0800][27.419s][info][gc,heap     ] GC(77) Y:                Mark Start          Mark End        Relocate Start      Relocate End    
[2026-06-18T14:29:34.758+0800][27.419s][info][gc,heap     ] GC(77) Y:      Used:      192M (75%)         204M (80%)          72M (28%)          38M (15%)    
[2026-06-18T14:29:34.758+0800][27.419s][info][gc,heap     ] GC(77) Y:      Live:         -                22M (9%)           14M (6%)           13M (5%)     
[2026-06-18T14:29:34.758+0800][27.420s][info][gc,heap     ] GC(77) Y:   Garbage:         -               169M (66%)          45M (18%)           3M (2%)     
[2026-06-18T14:29:34.758+0800][27.420s][info][gc,heap     ] GC(77) Y: Allocated:         -                12M (5%)           12M (5%)           20M (8%)     
[2026-06-18T14:29:34.759+0800][27.420s][info][gc,heap     ] GC(77) Y: Reclaimed:         -                  -               124M (48%)         165M (65%)    
[2026-06-18T14:29:34.759+0800][27.421s][info][gc,heap     ] GC(77) Y:  Promoted:         -                  -                 8M (3%)            9M (4%)     
[2026-06-18T14:29:34.760+0800][27.421s][info][gc,heap     ] GC(77) Y: Compacted:         -                  -                  -                 5M (2%)     
[2026-06-18T14:29:34.760+0800][27.421s][info][gc,phases   ] GC(77) Y: Young Generation 208M(81%)->70M(27%) 0.008s
[2026-06-18T14:29:34.760+0800][27.422s][info][gc,phases   ] GC(77) O: Old Generation
[2026-06-18T14:29:34.761+0800][27.423s][info][gc,phases   ] GC(77) O: Concurrent Mark 0.950ms
[2026-06-18T14:29:34.762+0800][27.423s][info][gc,phases   ] GC(77) O: Pause Mark End 0.011ms
[2026-06-18T14:29:34.762+0800][27.424s][info][gc,phases   ] GC(77) O: Concurrent Mark Free 0.002ms
[2026-06-18T14:29:34.763+0800][27.424s][info][gc,phases   ] GC(77) O: Concurrent Process Non-Strong 0.329ms
[2026-06-18T14:29:34.763+0800][27.424s][info][gc,phases   ] GC(77) O: Concurrent Reset Relocation Set 0.000ms
[2026-06-18T14:29:34.763+0800][27.425s][info][gc,phases   ] GC(77) O: Concurrent Select Relocation Set 0.051ms
[2026-06-18T14:29:34.764+0800][27.425s][info][gc,task     ] GC(77) O: Using 2 Workers for Old Generation
[2026-06-18T14:29:34.764+0800][27.425s][info][gc,task     ] GC(77) O: Using 1 Workers for Old Generation
[2026-06-18T14:29:34.764+0800][27.426s][info][gc,phases   ] GC(77) O: Concurrent Remap Roots 0.680ms
[2026-06-18T14:29:34.765+0800][27.426s][info][gc,phases   ] GC(77) O: Pause Relocate Start 0.007ms
[2026-06-18T14:29:34.765+0800][27.427s][info][gc,phases   ] GC(77) O: Concurrent Relocate 0.085ms
[2026-06-18T14:29:34.766+0800][27.427s][info][gc,alloc    ] GC(77) O:                         Mark Start        Mark End      Relocate Start    Relocate End   
[2026-06-18T14:29:34.766+0800][27.428s][info][gc,alloc    ] GC(77) O: Allocation Stalls:          0                0                0                0         
[2026-06-18T14:29:34.766+0800][27.428s][info][gc,load     ] GC(77) O: Load: 0.46 (2%) / 0.34 (1%) / 0.31 (1%)
[2026-06-18T14:29:34.767+0800][27.428s][info][gc,mmu      ] GC(77) O: MMU: 2ms/97.5%, 5ms/98.6%, 10ms/99.3%, 20ms/99.6%, 50ms/99.8%, 100ms/99.9%
[2026-06-18T14:29:34.767+0800][27.429s][info][gc,marking  ] GC(77) O: Mark: 1 stripe(s), 2 proactive flush(es), 1 terminate flush(es), 0 completion(s), 0 continuation(s) 
[2026-06-18T14:29:34.767+0800][27.429s][info][gc,nmethod  ] GC(77) O: NMethods: 94 registered, 8 unregistered
[2026-06-18T14:29:34.768+0800][27.429s][info][gc,metaspace] GC(77) O: Metaspace: 0M used, 0M committed, 1088M reserved
[2026-06-18T14:29:34.768+0800][27.430s][info][gc,ref      ] GC(77) O:                       Encountered   Discovered     Enqueued 
[2026-06-18T14:29:34.768+0800][27.430s][info][gc,ref      ] GC(77) O: Soft References:                2            0            0 
[2026-06-18T14:29:34.769+0800][27.430s][info][gc,ref      ] GC(77) O: Weak References:                6            0            0 
[2026-06-18T14:29:34.769+0800][27.430s][info][gc,ref      ] GC(77) O: Final References:               0            0            0 
[2026-06-18T14:29:34.769+0800][27.431s][info][gc,ref      ] GC(77) O: Phantom References:             1            1            0 
[2026-06-18T14:29:34.769+0800][27.431s][info][gc,reloc    ] GC(77) O:                        Candidates     Selected     In-Place         Size        Empty    Relocated 
[2026-06-18T14:29:34.769+0800][27.431s][info][gc,reloc    ] GC(77) O: Small Pages:                    1            0            0           2M           0M           0M 
[2026-06-18T14:29:34.770+0800][27.431s][info][gc,reloc    ] GC(77) O: Medium Pages:                   1            0            0           8M           8M           0M 
[2026-06-18T14:29:34.770+0800][27.431s][info][gc,reloc    ] GC(77) O: Large Pages:                    3            0            0           6M           6M           0M 
[2026-06-18T14:29:34.770+0800][27.432s][info][gc,reloc    ] GC(77) O: Forwarding Usage: 0M
[2026-06-18T14:29:34.770+0800][27.432s][info][gc,heap     ] GC(77) O: Min Capacity: 256M(100%)
[2026-06-18T14:29:34.771+0800][27.432s][info][gc,heap     ] GC(77) O: Max Capacity: 256M(100%)
[2026-06-18T14:29:34.771+0800][27.433s][info][gc,heap     ] GC(77) O: Soft Max Capacity: 256M(100%)
[2026-06-18T14:29:34.772+0800][27.433s][info][gc,heap     ] GC(77) O: Heap Statistics:
[2026-06-18T14:29:34.772+0800][27.433s][info][gc,heap     ] GC(77) O:                Mark Start          Mark End        Relocate Start      Relocate End           High               Low         
[2026-06-18T14:29:34.772+0800][27.434s][info][gc,heap     ] GC(77) O:  Capacity:      256M (100%)        256M (100%)        256M (100%)        256M (100%)        256M (100%)        256M (100%)   
[2026-06-18T14:29:34.772+0800][27.434s][info][gc,heap     ] GC(77) O:      Free:       48M (19%)         182M (71%)         192M (75%)         192M (75%)         196M (77%)          36M (14%)    
[2026-06-18T14:29:34.773+0800][27.434s][info][gc,heap     ] GC(77) O:      Used:      208M (81%)          74M (29%)          64M (25%)          64M (25%)         220M (86%)          60M (23%)    
[2026-06-18T14:29:34.773+0800][27.434s][info][gc,heap     ] GC(77) O: Old Generation Statistics:
[2026-06-18T14:29:34.773+0800][27.435s][info][gc,heap     ] GC(77) O:                Mark Start          Mark End        Relocate Start      Relocate End    
[2026-06-18T14:29:34.773+0800][27.435s][info][gc,heap     ] GC(77) O:      Used:       16M (6%)           32M (12%)          18M (7%)           18M (7%)     
[2026-06-18T14:29:34.774+0800][27.435s][info][gc,heap     ] GC(77) O:      Live:         -                 0M (0%)            0M (0%)            0M (0%)     
[2026-06-18T14:29:34.774+0800][27.435s][info][gc,heap     ] GC(77) O:   Garbage:         -                15M (6%)            1M (1%)            1M (1%)     
[2026-06-18T14:29:34.774+0800][27.436s][info][gc,heap     ] GC(77) O: Allocated:         -                16M (6%)           16M (6%)           16M (6%)     
[2026-06-18T14:29:34.774+0800][27.436s][info][gc,heap     ] GC(77) O: Reclaimed:         -                  -                14M (5%)           14M (5%)     
[2026-06-18T14:29:34.775+0800][27.436s][info][gc,heap     ] GC(77) O: Compacted:         -                  -                  -                 0M (0%)     
[2026-06-18T14:29:34.775+0800][27.436s][info][gc,phases   ] GC(77) O: Old Generation 74M(29%)->64M(25%) 0.006s
[2026-06-18T14:29:34.775+0800][27.437s][info][gc          ] GC(77) Major Collection (Allocation Rate) 208M(81%)->68M(27%) 0.042s
[2026-06-18T14:29:35.176+0800][27.838s][info][gc          ] GC(78) Minor Collection (Allocation Rate)
[2026-06-18T14:29:35.178+0800][27.839s][info][gc,task     ] GC(78) Using 1 Workers for Young Generation
[2026-06-18T14:29:35.178+0800][27.840s][info][gc,phases   ] GC(78) y: Young Generation
[2026-06-18T14:29:35.179+0800][27.841s][info][gc,phases   ] GC(78) y: Pause Mark Start 0.011ms
[2026-06-18T14:29:35.181+0800][27.842s][info][gc,phases   ] GC(78) y: Concurrent Mark 0.590ms
[2026-06-18T14:29:35.181+0800][27.843s][info][gc,phases   ] GC(78) y: Pause Mark End 0.006ms
[2026-06-18T14:29:35.181+0800][27.843s][info][gc,phases   ] GC(78) y: Concurrent Mark Free 0.001ms
[2026-06-18T14:29:35.182+0800][27.843s][info][gc,phases   ] GC(78) y: Concurrent Reset Relocation Set 0.003ms
[2026-06-18T14:29:35.182+0800][27.844s][info][gc,reloc    ] GC(78) y: Using tenuring threshold: 2 (Computed)
[2026-06-18T14:29:35.183+0800][27.844s][info][gc,phases   ] GC(78) y: Concurrent Select Relocation Set 0.590ms
[2026-06-18T14:29:35.183+0800][27.845s][info][gc,phases   ] GC(78) y: Pause Relocate Start 0.007ms
[2026-06-18T14:29:35.185+0800][27.847s][info][gc,phases   ] GC(78) y: Concurrent Relocate 1.421ms
[2026-06-18T14:29:35.186+0800][27.847s][info][gc,alloc    ] GC(78) y:                         Mark Start        Mark End      Relocate Start    Relocate End   
[2026-06-18T14:29:35.186+0800][27.848s][info][gc,alloc    ] GC(78) y: Allocation Stalls:          0                0                0                0         
[2026-06-18T14:29:35.187+0800][27.848s][info][gc,load     ] GC(78) y: Load: 0.43 (2%) / 0.33 (1%) / 0.30 (1%)
[2026-06-18T14:29:35.187+0800][27.848s][info][gc,mmu      ] GC(78) y: MMU: 2ms/97.5%, 5ms/98.6%, 10ms/99.3%, 20ms/99.6%, 50ms/99.8%, 100ms/99.9%
[2026-06-18T14:29:35.187+0800][27.849s][info][gc,marking  ] GC(78) y: Mark: 1 stripe(s), 1 proactive flush(es), 1 terminate flush(es), 0 completion(s), 0 continuation(s) 
[2026-06-18T14:29:35.187+0800][27.849s][info][gc,nmethod  ] GC(78) y: NMethods: 94 registered, 8 unregistered
[2026-06-18T14:29:35.188+0800][27.849s][info][gc,metaspace] GC(78) y: Metaspace: 0M used, 0M committed, 1088M reserved
[2026-06-18T14:29:35.188+0800][27.849s][info][gc,reloc    ] GC(78) y:                        Candidates     Selected     In-Place         Size        Empty    Relocated 
[2026-06-18T14:29:35.188+0800][27.850s][info][gc,reloc    ] GC(78) y: Small Pages:                   83           13            0         166M         132M           4M 
[2026-06-18T14:29:35.188+0800][27.850s][info][gc,reloc    ] GC(78) y: Medium Pages:                   5            3            0          40M           0M           6M 
[2026-06-18T14:29:35.189+0800][27.850s][info][gc,reloc    ] GC(78) y: Large Pages:                    2            0            0           4M           0M           0M 
[2026-06-18T14:29:35.189+0800][27.850s][info][gc,reloc    ] GC(78) y: Forwarding Usage: 0M
[2026-06-18T14:29:35.189+0800][27.851s][info][gc,reloc    ] GC(78) y: Age Table:
[2026-06-18T14:29:35.190+0800][27.851s][info][gc,reloc    ] GC(78) y:                    Live             Garbage             Small              Medium             Large        
[2026-06-18T14:29:35.190+0800][27.852s][info][gc,reloc    ] GC(78) y: Eden              23M (9%)          160M (63%)         78 / 13             3 / 1              2 / 0        
[2026-06-18T14:29:35.190+0800][27.852s][info][gc,reloc    ] GC(78) y: Survivor 1         1M (1%)           24M (9%)           5 / 0              2 / 2              0 / 0        
[2026-06-18T14:29:35.191+0800][27.852s][info][gc,heap     ] GC(78) y: Min Capacity: 256M(100%)
[2026-06-18T14:29:35.191+0800][27.852s][info][gc,heap     ] GC(78) y: Max Capacity: 256M(100%)
[2026-06-18T14:29:35.191+0800][27.853s][info][gc,heap     ] GC(78) y: Soft Max Capacity: 256M(100%)
[2026-06-18T14:29:35.191+0800][27.853s][info][gc,heap     ] GC(78) y: Heap Statistics:
[2026-06-18T14:29:35.192+0800][27.853s][info][gc,heap     ] GC(78) y:                Mark Start          Mark End        Relocate Start      Relocate End           High               Low         
[2026-06-18T14:29:35.192+0800][27.853s][info][gc,heap     ] GC(78) y:  Capacity:      256M (100%)        256M (100%)        256M (100%)        256M (100%)        256M (100%)        256M (100%)   
[2026-06-18T14:29:35.192+0800][27.854s][info][gc,heap     ] GC(78) y:      Free:       28M (11%)          28M (11%)         160M (62%)         202M (79%)         202M (79%)          28M (11%)    
[2026-06-18T14:29:35.193+0800][27.854s][info][gc,heap     ] GC(78) y:      Used:      228M (89%)         228M (89%)          96M (38%)          54M (21%)         228M (89%)          54M (21%)    
[2026-06-18T14:29:35.193+0800][27.854s][info][gc,heap     ] GC(78) y: Young Generation Statistics:
[2026-06-18T14:29:35.193+0800][27.855s][info][gc,heap     ] GC(78) y:                Mark Start          Mark End        Relocate Start      Relocate End    
[2026-06-18T14:29:35.193+0800][27.855s][info][gc,heap     ] GC(78) y:      Used:      210M (82%)         210M (82%)          78M (30%)          36M (14%)    
[2026-06-18T14:29:35.193+0800][27.855s][info][gc,heap     ] GC(78) y:      Live:         -                25M (10%)          25M (10%)          25M (10%)    
[2026-06-18T14:29:35.194+0800][27.855s][info][gc,heap     ] GC(78) y:   Garbage:         -               184M (72%)          52M (20%)           0M (0%)     
[2026-06-18T14:29:35.194+0800][27.856s][info][gc,heap     ] GC(78) y: Allocated:         -                 0M (0%)            0M (0%)           10M (4%)     
[2026-06-18T14:29:35.195+0800][27.856s][info][gc,heap     ] GC(78) y: Reclaimed:         -                  -               132M (52%)         184M (72%)    
[2026-06-18T14:29:35.195+0800][27.857s][info][gc,heap     ] GC(78) y:  Promoted:         -                  -                 0M (0%)            0M (0%)     
[2026-06-18T14:29:35.196+0800][27.857s][info][gc,heap     ] GC(78) y: Compacted:         -                  -                  -                13M (5%)     
[2026-06-18T14:29:35.196+0800][27.858s][info][gc,phases   ] GC(78) y: Young Generation 228M(89%)->54M(21%) 0.007s
[2026-06-18T14:29:35.196+0800][27.858s][info][gc          ] GC(78) Minor Collection (Allocation Rate) 218M(85%)->58M(23%) 0.020s
[2026-06-18T14:29:35.598+0800][28.259s][info][gc          ] GC(79) Minor Collection (Allocation Rate)
[2026-06-18T14:29:35.599+0800][28.260s][info][gc,task     ] GC(79) Using 2 Workers for Young Generation
[2026-06-18T14:29:35.599+0800][28.261s][info][gc,phases   ] GC(79) y: Young Generation
[2026-06-18T14:29:35.600+0800][28.261s][info][gc,phases   ] GC(79) y: Pause Mark Start 0.011ms
[2026-06-18T14:29:35.601+0800][28.262s][info][gc,phases   ] GC(79) y: Concurrent Mark 0.610ms
[2026-06-18T14:29:35.602+0800][28.263s][info][gc,phases   ] GC(79) y: Pause Mark End 0.009ms
[2026-06-18T14:29:35.602+0800][28.264s][info][gc,phases   ] GC(79) y: Concurrent Mark Free 0.001ms
[2026-06-18T14:29:35.602+0800][28.264s][info][gc,phases   ] GC(79) y: Concurrent Reset Relocation Set 0.002ms
[2026-06-18T14:29:35.603+0800][28.264s][info][gc,reloc    ] GC(79) y: Using tenuring threshold: 3 (Computed)
[2026-06-18T14:29:35.603+0800][28.265s][info][gc,phases   ] GC(79) y: Concurrent Select Relocation Set 0.571ms
[2026-06-18T14:29:35.604+0800][28.265s][info][gc,phases   ] GC(79) y: Pause Relocate Start 0.007ms
[2026-06-18T14:29:35.605+0800][28.266s][info][gc,phases   ] GC(79) y: Concurrent Relocate 0.700ms
[2026-06-18T14:29:35.605+0800][28.267s][info][gc,alloc    ] GC(79) y:                         Mark Start        Mark End      Relocate Start    Relocate End   
[2026-06-18T14:29:35.605+0800][28.267s][info][gc,alloc    ] GC(79) y: Allocation Stalls:          0                0                0                0         
[2026-06-18T14:29:35.606+0800][28.267s][info][gc,load     ] GC(79) y: Load: 0.43 (2%) / 0.33 (1%) / 0.30 (1%)
[2026-06-18T14:29:35.606+0800][28.267s][info][gc,mmu      ] GC(79) y: MMU: 2ms/97.5%, 5ms/98.6%, 10ms/99.3%, 20ms/99.6%, 50ms/99.8%, 100ms/99.9%
[2026-06-18T14:29:35.606+0800][28.268s][info][gc,marking  ] GC(79) y: Mark: 2 stripe(s), 1 proactive flush(es), 1 terminate flush(es), 0 completion(s), 0 continuation(s) 
[2026-06-18T14:29:35.606+0800][28.268s][info][gc,nmethod  ] GC(79) y: NMethods: 94 registered, 8 unregistered
[2026-06-18T14:29:35.607+0800][28.268s][info][gc,metaspace] GC(79) y: Metaspace: 0M used, 0M committed, 1088M reserved
[2026-06-18T14:29:35.607+0800][28.269s][info][gc,reloc    ] GC(79) y:                        Candidates     Selected     In-Place         Size        Empty    Relocated 
[2026-06-18T14:29:35.608+0800][28.269s][info][gc,reloc    ] GC(79) y: Small Pages:                   78           11            0         156M         126M           3M 
[2026-06-18T14:29:35.608+0800][28.269s][info][gc,reloc    ] GC(79) y: Medium Pages:                   6            3            0          48M           8M           4M 
[2026-06-18T14:29:35.608+0800][28.270s][info][gc,reloc    ] GC(79) y: Large Pages:                    4            0            0           8M           0M           0M 
[2026-06-18T14:29:35.609+0800][28.270s][info][gc,reloc    ] GC(79) y: Forwarding Usage: 0M
[2026-06-18T14:29:35.609+0800][28.271s][info][gc,reloc    ] GC(79) y: Age Table:
[2026-06-18T14:29:35.609+0800][28.271s][info][gc,reloc    ] GC(79) y:                    Live             Garbage             Small              Medium             Large        
[2026-06-18T14:29:35.609+0800][28.271s][info][gc,reloc    ] GC(79) y: Eden              19M (8%)          156M (61%)         74 / 11             3 / 1              2 / 0        
[2026-06-18T14:29:35.610+0800][28.271s][info][gc,reloc    ] GC(79) y: Survivor 1         4M (2%)           23M (9%)           4 / 0              2 / 1              2 / 0        
[2026-06-18T14:29:35.610+0800][28.271s][info][gc,reloc    ] GC(79) y: Survivor 2         1M (1%)            6M (2%)           0 / 0              1 / 1              0 / 0        
[2026-06-18T14:29:35.610+0800][28.272s][info][gc,heap     ] GC(79) y: Min Capacity: 256M(100%)
[2026-06-18T14:29:35.610+0800][28.272s][info][gc,heap     ] GC(79) y: Max Capacity: 256M(100%)
[2026-06-18T14:29:35.611+0800][28.272s][info][gc,heap     ] GC(79) y: Soft Max Capacity: 256M(100%)
[2026-06-18T14:29:35.611+0800][28.272s][info][gc,heap     ] GC(79) y: Heap Statistics:
[2026-06-18T14:29:35.611+0800][28.272s][info][gc,heap     ] GC(79) y:                Mark Start          Mark End        Relocate Start      Relocate End           High               Low         
[2026-06-18T14:29:35.611+0800][28.273s][info][gc,heap     ] GC(79) y:  Capacity:      256M (100%)        256M (100%)        256M (100%)        256M (100%)        256M (100%)        256M (100%)   
[2026-06-18T14:29:35.611+0800][28.273s][info][gc,heap     ] GC(79) y:      Free:       26M (10%)          26M (10%)         160M (62%)         190M (74%)         190M (74%)          26M (10%)    
[2026-06-18T14:29:35.612+0800][28.273s][info][gc,heap     ] GC(79) y:      Used:      230M (90%)         230M (90%)          96M (38%)          66M (26%)         230M (90%)          66M (26%)    
[2026-06-18T14:29:35.612+0800][28.273s][info][gc,heap     ] GC(79) y: Young Generation Statistics:
[2026-06-18T14:29:35.612+0800][28.274s][info][gc,heap     ] GC(79) y:                Mark Start          Mark End        Relocate Start      Relocate End    
[2026-06-18T14:29:35.612+0800][28.274s][info][gc,heap     ] GC(79) y:      Used:      212M (83%)         212M (83%)          78M (30%)          48M (19%)    
[2026-06-18T14:29:35.613+0800][28.274s][info][gc,heap     ] GC(79) y:      Live:         -                26M (10%)          26M (10%)          26M (10%)    
[2026-06-18T14:29:35.613+0800][28.275s][info][gc,heap     ] GC(79) y:   Garbage:         -               185M (73%)          51M (20%)           1M (1%)     
[2026-06-18T14:29:35.614+0800][28.275s][info][gc,heap     ] GC(79) y: Allocated:         -                 0M (0%)            0M (0%)           20M (8%)     
[2026-06-18T14:29:35.614+0800][28.275s][info][gc,heap     ] GC(79) y: Reclaimed:         -                  -               134M (52%)         184M (72%)    
[2026-06-18T14:29:35.614+0800][28.276s][info][gc,heap     ] GC(79) y:  Promoted:         -                  -                 0M (0%)            0M (0%)     
[2026-06-18T14:29:35.614+0800][28.276s][info][gc,heap     ] GC(79) y: Compacted:         -                  -                  -                 9M (4%)     
[2026-06-18T14:29:35.615+0800][28.276s][info][gc,phases   ] GC(79) y: Young Generation 230M(90%)->66M(26%) 0.006s
[2026-06-18T14:29:35.615+0800][28.276s][info][gc          ] GC(79) Minor Collection (Allocation Rate) 230M(90%)->70M(27%) 0.017s
[2026-06-18T14:29:35.734+0800][28.395s][info][gc          ] GC(80) Major Collection (Proactive)
[2026-06-18T14:29:35.735+0800][28.397s][info][gc,task     ] GC(80) Using 1 Workers for Young Generation
[2026-06-18T14:29:35.737+0800][28.398s][info][gc,task     ] GC(80) Using 1 Workers for Old Generation
[2026-06-18T14:29:35.738+0800][28.399s][info][gc,phases   ] GC(80) Y: Young Generation
[2026-06-18T14:29:35.738+0800][28.400s][info][gc,phases   ] GC(80) Y: Pause Mark Start (Major) 0.015ms
[2026-06-18T14:29:35.740+0800][28.401s][info][gc,phases   ] GC(80) Y: Concurrent Mark 0.726ms
[2026-06-18T14:29:35.742+0800][28.404s][info][gc,phases   ] GC(80) Y: Pause Mark End 0.014ms
[2026-06-18T14:29:35.744+0800][28.405s][info][gc,phases   ] GC(80) Y: Concurrent Mark Free 0.002ms
[2026-06-18T14:29:35.744+0800][28.406s][info][gc,phases   ] GC(80) Y: Concurrent Reset Relocation Set 0.002ms
[2026-06-18T14:29:35.745+0800][28.406s][info][gc,reloc    ] GC(80) Y: Using tenuring threshold: 4 (Computed)
[2026-06-18T14:29:35.745+0800][28.407s][info][gc,phases   ] GC(80) Y: Concurrent Select Relocation Set 0.686ms
[2026-06-18T14:29:35.746+0800][28.408s][info][gc,phases   ] GC(80) Y: Pause Relocate Start 0.008ms
[2026-06-18T14:29:35.748+0800][28.410s][info][gc,phases   ] GC(80) Y: Concurrent Relocate 1.110ms
[2026-06-18T14:29:35.749+0800][28.410s][info][gc,alloc    ] GC(80) Y:                         Mark Start        Mark End      Relocate Start    Relocate End   
[2026-06-18T14:29:35.749+0800][28.411s][info][gc,alloc    ] GC(80) Y: Allocation Stalls:          0                0                0                0         
[2026-06-18T14:29:35.749+0800][28.411s][info][gc,load     ] GC(80) Y: Load: 0.43 (2%) / 0.33 (1%) / 0.30 (1%)
[2026-06-18T14:29:35.750+0800][28.411s][info][gc,mmu      ] GC(80) Y: MMU: 2ms/97.5%, 5ms/98.6%, 10ms/99.3%, 20ms/99.6%, 50ms/99.8%, 100ms/99.9%
[2026-06-18T14:29:35.750+0800][28.412s][info][gc,marking  ] GC(80) Y: Mark: 1 stripe(s), 1 proactive flush(es), 1 terminate flush(es), 0 completion(s), 0 continuation(s) 
[2026-06-18T14:29:35.751+0800][28.412s][info][gc,nmethod  ] GC(80) Y: NMethods: 94 registered, 8 unregistered
[2026-06-18T14:29:35.751+0800][28.412s][info][gc,metaspace] GC(80) Y: Metaspace: 0M used, 0M committed, 1088M reserved
[2026-06-18T14:29:35.751+0800][28.413s][info][gc,reloc    ] GC(80) Y:                        Candidates     Selected     In-Place         Size        Empty    Relocated 
[2026-06-18T14:29:35.751+0800][28.413s][info][gc,reloc    ] GC(80) Y: Small Pages:                   28            7            0          56M          36M           2M 
[2026-06-18T14:29:35.752+0800][28.413s][info][gc,reloc    ] GC(80) Y: Medium Pages:                   5            3            0          40M           0M           6M 
[2026-06-18T14:29:35.752+0800][28.414s][info][gc,reloc    ] GC(80) Y: Large Pages:                    5            0            0          10M           0M           0M 
[2026-06-18T14:29:35.753+0800][28.414s][info][gc,reloc    ] GC(80) Y: Forwarding Usage: 0M
[2026-06-18T14:29:35.753+0800][28.415s][info][gc,reloc    ] GC(80) Y: Age Table:
[2026-06-18T14:29:35.753+0800][28.415s][info][gc,reloc    ] GC(80) Y:                    Live             Garbage             Small              Medium             Large        
[2026-06-18T14:29:35.754+0800][28.415s][info][gc,reloc    ] GC(80) Y: Eden               9M (4%)           48M (19%)         24 / 6              1 / 0              1 / 0        
[2026-06-18T14:29:35.754+0800][28.415s][info][gc,reloc    ] GC(80) Y: Survivor 1         9M (4%)           18M (7%)           4 / 1              2 / 1              2 / 0        
[2026-06-18T14:29:35.754+0800][28.416s][info][gc,reloc    ] GC(80) Y: Survivor 2         4M (2%)            7M (3%)           0 / 0              1 / 1              2 / 0        
[2026-06-18T14:29:35.754+0800][28.416s][info][gc,reloc    ] GC(80) Y: Survivor 3         1M (1%)            6M (2%)           0 / 0              1 / 1              0 / 0        
[2026-06-18T14:29:35.755+0800][28.416s][info][gc,heap     ] GC(80) Y: Min Capacity: 256M(100%)
[2026-06-18T14:29:35.755+0800][28.416s][info][gc,heap     ] GC(80) Y: Max Capacity: 256M(100%)
[2026-06-18T14:29:35.755+0800][28.417s][info][gc,heap     ] GC(80) Y: Soft Max Capacity: 256M(100%)
[2026-06-18T14:29:35.755+0800][28.417s][info][gc,heap     ] GC(80) Y: Heap Statistics:
[2026-06-18T14:29:35.756+0800][28.417s][info][gc,heap     ] GC(80) Y:                Mark Start          Mark End        Relocate Start      Relocate End           High               Low         
[2026-06-18T14:29:35.756+0800][28.417s][info][gc,heap     ] GC(80) Y:  Capacity:      256M (100%)        256M (100%)        256M (100%)        256M (100%)        256M (100%)        256M (100%)   
[2026-06-18T14:29:35.756+0800][28.418s][info][gc,heap     ] GC(80) Y:      Free:      132M (52%)         132M (52%)         154M (60%)         174M (68%)         174M (68%)         118M (46%)    
[2026-06-18T14:29:35.756+0800][28.418s][info][gc,heap     ] GC(80) Y:      Used:      124M (48%)         124M (48%)         102M (40%)          82M (32%)         138M (54%)          82M (32%)    
[2026-06-18T14:29:35.757+0800][28.418s][info][gc,heap     ] GC(80) Y: Young Generation Statistics:
[2026-06-18T14:29:35.757+0800][28.418s][info][gc,heap     ] GC(80) Y:                Mark Start          Mark End        Relocate Start      Relocate End    
[2026-06-18T14:29:35.757+0800][28.419s][info][gc,heap     ] GC(80) Y:      Used:      106M (41%)         106M (41%)          84M (33%)          64M (25%)    
[2026-06-18T14:29:35.757+0800][28.419s][info][gc,heap     ] GC(80) Y:      Live:         -                26M (10%)          26M (10%)          26M (10%)    
[2026-06-18T14:29:35.757+0800][28.419s][info][gc,heap     ] GC(80) Y:   Garbage:         -                79M (31%)          43M (17%)           4M (2%)     
[2026-06-18T14:29:35.758+0800][28.419s][info][gc,heap     ] GC(80) Y: Allocated:         -                 0M (0%)           14M (5%)           33M (13%)    
[2026-06-18T14:29:35.758+0800][28.419s][info][gc,heap     ] GC(80) Y: Reclaimed:         -                  -                36M (14%)          75M (30%)    
[2026-06-18T14:29:35.759+0800][28.420s][info][gc,heap     ] GC(80) Y:  Promoted:         -                  -                 0M (0%)            0M (0%)     
[2026-06-18T14:29:35.759+0800][28.421s][info][gc,heap     ] GC(80) Y: Compacted:         -                  -                  -                10M (4%)     
[2026-06-18T14:29:35.759+0800][28.421s][info][gc,phases   ] GC(80) Y: Young Generation 124M(48%)->82M(32%) 0.011s
[2026-06-18T14:29:35.760+0800][28.421s][info][gc,phases   ] GC(80) O: Old Generation
[2026-06-18T14:29:35.761+0800][28.422s][info][gc,phases   ] GC(80) O: Concurrent Mark 0.944ms
[2026-06-18T14:29:35.761+0800][28.423s][info][gc,phases   ] GC(80) O: Pause Mark End 0.010ms
[2026-06-18T14:29:35.761+0800][28.423s][info][gc,phases   ] GC(80) O: Concurrent Mark Free 0.002ms
[2026-06-18T14:29:35.762+0800][28.424s][info][gc,phases   ] GC(80) O: Concurrent Process Non-Strong 0.294ms
[2026-06-18T14:29:35.762+0800][28.424s][info][gc,phases   ] GC(80) O: Concurrent Reset Relocation Set 0.000ms
[2026-06-18T14:29:35.763+0800][28.424s][info][gc,phases   ] GC(80) O: Concurrent Select Relocation Set 0.048ms
[2026-06-18T14:29:35.763+0800][28.424s][info][gc,task     ] GC(80) O: Using 2 Workers for Old Generation
[2026-06-18T14:29:35.763+0800][28.425s][info][gc,task     ] GC(80) O: Using 1 Workers for Old Generation
[2026-06-18T14:29:35.763+0800][28.425s][info][gc,phases   ] GC(80) O: Concurrent Remap Roots 0.541ms
[2026-06-18T14:29:35.764+0800][28.425s][info][gc,phases   ] GC(80) O: Pause Relocate Start 0.007ms
[2026-06-18T14:29:35.764+0800][28.426s][info][gc,phases   ] GC(80) O: Concurrent Relocate 0.075ms
[2026-06-18T14:29:35.764+0800][28.426s][info][gc,alloc    ] GC(80) O:                         Mark Start        Mark End      Relocate Start    Relocate End   
[2026-06-18T14:29:35.765+0800][28.426s][info][gc,alloc    ] GC(80) O: Allocation Stalls:          0                0                0                0         
[2026-06-18T14:29:35.765+0800][28.427s][info][gc,load     ] GC(80) O: Load: 0.43 (2%) / 0.33 (1%) / 0.30 (1%)
[2026-06-18T14:29:35.765+0800][28.427s][info][gc,mmu      ] GC(80) O: MMU: 2ms/97.5%, 5ms/98.6%, 10ms/99.3%, 20ms/99.6%, 50ms/99.8%, 100ms/99.9%
[2026-06-18T14:29:35.766+0800][28.427s][info][gc,marking  ] GC(80) O: Mark: 1 stripe(s), 2 proactive flush(es), 1 terminate flush(es), 0 completion(s), 0 continuation(s) 
[2026-06-18T14:29:35.766+0800][28.428s][info][gc,nmethod  ] GC(80) O: NMethods: 94 registered, 8 unregistered
[2026-06-18T14:29:35.766+0800][28.428s][info][gc,metaspace] GC(80) O: Metaspace: 0M used, 0M committed, 1088M reserved
[2026-06-18T14:29:35.767+0800][28.428s][info][gc,ref      ] GC(80) O:                       Encountered   Discovered     Enqueued 
[2026-06-18T14:29:35.767+0800][28.428s][info][gc,ref      ] GC(80) O: Soft References:                2            0            0 
[2026-06-18T14:29:35.767+0800][28.429s][info][gc,ref      ] GC(80) O: Weak References:                6            0            0 
[2026-06-18T14:29:35.767+0800][28.429s][info][gc,ref      ] GC(80) O: Final References:               0            0            0 
[2026-06-18T14:29:35.768+0800][28.429s][info][gc,ref      ] GC(80) O: Phantom References:             1            1            0 
[2026-06-18T14:29:35.768+0800][28.429s][info][gc,reloc    ] GC(80) O:                        Candidates     Selected     In-Place         Size        Empty    Relocated 
[2026-06-18T14:29:35.768+0800][28.429s][info][gc,reloc    ] GC(80) O: Small Pages:                    1            0            0           2M           0M           0M 
[2026-06-18T14:29:35.768+0800][28.430s][info][gc,reloc    ] GC(80) O: Medium Pages:                   1            0            0           8M           0M           0M 
[2026-06-18T14:29:35.768+0800][28.430s][info][gc,reloc    ] GC(80) O: Large Pages:                    4            0            0           8M           8M           0M 
[2026-06-18T14:29:35.769+0800][28.430s][info][gc,reloc    ] GC(80) O: Forwarding Usage: 0M
[2026-06-18T14:29:35.769+0800][28.430s][info][gc,heap     ] GC(80) O: Min Capacity: 256M(100%)
[2026-06-18T14:29:35.769+0800][28.431s][info][gc,heap     ] GC(80) O: Max Capacity: 256M(100%)
[2026-06-18T14:29:35.769+0800][28.431s][info][gc,heap     ] GC(80) O: Soft Max Capacity: 256M(100%)
[2026-06-18T14:29:35.770+0800][28.431s][info][gc,heap     ] GC(80) O: Heap Statistics:
[2026-06-18T14:29:35.770+0800][28.431s][info][gc,heap     ] GC(80) O:                Mark Start          Mark End        Relocate Start      Relocate End           High               Low         
[2026-06-18T14:29:35.770+0800][28.432s][info][gc,heap     ] GC(80) O:  Capacity:      256M (100%)        256M (100%)        256M (100%)        256M (100%)        256M (100%)        256M (100%)   
[2026-06-18T14:29:35.770+0800][28.432s][info][gc,heap     ] GC(80) O:      Free:      132M (52%)         172M (67%)         180M (70%)         180M (70%)         180M (70%)         118M (46%)    
[2026-06-18T14:29:35.771+0800][28.432s][info][gc,heap     ] GC(80) O:      Used:      124M (48%)          84M (33%)          76M (30%)          76M (30%)         138M (54%)          76M (30%)    
[2026-06-18T14:29:35.771+0800][28.433s][info][gc,heap     ] GC(80) O: Old Generation Statistics:
[2026-06-18T14:29:35.771+0800][28.433s][info][gc,heap     ] GC(80) O:                Mark Start          Mark End        Relocate Start      Relocate End    
[2026-06-18T14:29:35.772+0800][28.433s][info][gc,heap     ] GC(80) O:      Used:       18M (7%)           18M (7%)           10M (4%)           10M (4%)     
[2026-06-18T14:29:35.772+0800][28.433s][info][gc,heap     ] GC(80) O:      Live:         -                 1M (1%)            1M (1%)            1M (1%)     
[2026-06-18T14:29:35.772+0800][28.434s][info][gc,heap     ] GC(80) O:   Garbage:         -                16M (7%)            8M (3%)            8M (3%)     
[2026-06-18T14:29:35.772+0800][28.434s][info][gc,heap     ] GC(80) O: Allocated:         -                 0M (0%)            0M (0%)            0M (0%)     
[2026-06-18T14:29:35.773+0800][28.434s][info][gc,heap     ] GC(80) O: Reclaimed:         -                  -                 8M (3%)            8M (3%)     
[2026-06-18T14:29:35.773+0800][28.434s][info][gc,heap     ] GC(80) O: Compacted:         -                  -                  -                 0M (0%)     
[2026-06-18T14:29:35.773+0800][28.435s][info][gc,phases   ] GC(80) O: Old Generation 84M(33%)->76M(30%) 0.005s
[2026-06-18T14:29:35.773+0800][28.435s][info][gc          ] GC(80) Major Collection (Proactive) 122M(48%)->80M(31%) 0.039s
[2026-06-18T14:29:36.135+0800][28.796s][info][gc          ] GC(81) Minor Collection (Allocation Rate)
[2026-06-18T14:29:36.136+0800][28.798s][info][gc,task     ] GC(81) Using 1 Workers for Young Generation
[2026-06-18T14:29:36.137+0800][28.799s][info][gc,phases   ] GC(81) y: Young Generation
[2026-06-18T14:29:36.138+0800][28.800s][info][gc,phases   ] GC(81) y: Pause Mark Start 0.013ms
[2026-06-18T14:29:36.140+0800][28.802s][info][gc,phases   ] GC(81) y: Concurrent Mark 0.729ms
[2026-06-18T14:29:36.141+0800][28.803s][info][gc,phases   ] GC(81) y: Pause Mark End 0.010ms
[2026-06-18T14:29:36.142+0800][28.803s][info][gc,phases   ] GC(81) y: Concurrent Mark Free 0.002ms
[2026-06-18T14:29:36.143+0800][28.804s][info][gc,phases   ] GC(81) y: Concurrent Reset Relocation Set 0.002ms
[2026-06-18T14:29:36.143+0800][28.805s][info][gc,reloc    ] GC(81) y: Using tenuring threshold: 4 (Computed)
[2026-06-18T14:29:36.144+0800][28.805s][info][gc,phases   ] GC(81) y: Concurrent Select Relocation Set 0.835ms
[2026-06-18T14:29:36.144+0800][28.806s][info][gc,phases   ] GC(81) y: Pause Relocate Start 0.007ms
[2026-06-18T14:29:36.146+0800][28.808s][info][gc,phases   ] GC(81) y: Concurrent Relocate 1.530ms
[2026-06-18T14:29:36.147+0800][28.809s][info][gc,alloc    ] GC(81) y:                         Mark Start        Mark End      Relocate Start    Relocate End   
[2026-06-18T14:29:36.147+0800][28.809s][info][gc,alloc    ] GC(81) y: Allocation Stalls:          0                0                0                0         
[2026-06-18T14:29:36.148+0800][28.809s][info][gc,load     ] GC(81) y: Load: 0.43 (2%) / 0.33 (1%) / 0.30 (1%)
[2026-06-18T14:29:36.148+0800][28.810s][info][gc,mmu      ] GC(81) y: MMU: 2ms/97.5%, 5ms/98.6%, 10ms/99.3%, 20ms/99.6%, 50ms/99.8%, 100ms/99.9%
[2026-06-18T14:29:36.148+0800][28.810s][info][gc,marking  ] GC(81) y: Mark: 1 stripe(s), 1 proactive flush(es), 1 terminate flush(es), 0 completion(s), 0 continuation(s) 
[2026-06-18T14:29:36.149+0800][28.810s][info][gc,nmethod  ] GC(81) y: NMethods: 94 registered, 8 unregistered
[2026-06-18T14:29:36.149+0800][28.811s][info][gc,metaspace] GC(81) y: Metaspace: 0M used, 0M committed, 1088M reserved
[2026-06-18T14:29:36.149+0800][28.811s][info][gc,reloc    ] GC(81) y:                        Candidates     Selected     In-Place         Size        Empty    Relocated 
[2026-06-18T14:29:36.150+0800][28.811s][info][gc,reloc    ] GC(81) y: Small Pages:                   76           12            0         152M         120M           4M 
[2026-06-18T14:29:36.150+0800][28.811s][info][gc,reloc    ] GC(81) y: Medium Pages:                   7            1            0          56M          32M           4M 
[2026-06-18T14:29:36.150+0800][28.811s][info][gc,reloc    ] GC(81) y: Large Pages:                    6            0            0          12M           2M           0M 
[2026-06-18T14:29:36.150+0800][28.812s][info][gc,reloc    ] GC(81) y: Forwarding Usage: 0M
[2026-06-18T14:29:36.150+0800][28.812s][info][gc,reloc    ] GC(81) y: Age Table:
[2026-06-18T14:29:36.151+0800][28.812s][info][gc,reloc    ] GC(81) y:                    Live             Garbage             Small              Medium             Large        
[2026-06-18T14:29:36.151+0800][28.812s][info][gc,reloc    ] GC(81) y: Eden              22M (9%)          147M (58%)         72 / 12             3 / 1              1 / 0        
[2026-06-18T14:29:36.151+0800][28.813s][info][gc,reloc    ] GC(81) y: Survivor 1         2M (1%)           12M (5%)           2 / 0              1 / 0              1 / 0        
[2026-06-18T14:29:36.151+0800][28.813s][info][gc,reloc    ] GC(81) y: Survivor 2         4M (2%)           12M (5%)           2 / 0              1 / 0              2 / 0        
[2026-06-18T14:29:36.151+0800][28.813s][info][gc,reloc    ] GC(81) y: Survivor 3         2M (1%)           10M (4%)           0 / 0              1 / 0              2 / 0        
[2026-06-18T14:29:36.152+0800][28.813s][info][gc,reloc    ] GC(81) y: Survivor 4          -                 8M (3%)           0 / 0              1 / 0              0 / 0        
[2026-06-18T14:29:36.152+0800][28.814s][info][gc,heap     ] GC(81) y: Min Capacity: 256M(100%)
[2026-06-18T14:29:36.153+0800][28.814s][info][gc,heap     ] GC(81) y: Max Capacity: 256M(100%)
[2026-06-18T14:29:36.153+0800][28.814s][info][gc,heap     ] GC(81) y: Soft Max Capacity: 256M(100%)
[2026-06-18T14:29:36.153+0800][28.815s][info][gc,heap     ] GC(81) y: Heap Statistics:
[2026-06-18T14:29:36.153+0800][28.815s][info][gc,heap     ] GC(81) y:                Mark Start          Mark End        Relocate Start      Relocate End           High               Low         
[2026-06-18T14:29:36.154+0800][28.815s][info][gc,heap     ] GC(81) y:  Capacity:      256M (100%)        256M (100%)        256M (100%)        256M (100%)        256M (100%)        256M (100%)   
[2026-06-18T14:29:36.154+0800][28.815s][info][gc,heap     ] GC(81) y:      Free:       26M (10%)          26M (10%)         180M (70%)         208M (81%)         208M (81%)          26M (10%)    
[2026-06-18T14:29:36.154+0800][28.816s][info][gc,heap     ] GC(81) y:      Used:      230M (90%)         230M (90%)          76M (30%)          48M (19%)         230M (90%)          48M (19%)    
[2026-06-18T14:29:36.154+0800][28.816s][info][gc,heap     ] GC(81) y: Young Generation Statistics:
[2026-06-18T14:29:36.154+0800][28.816s][info][gc,heap     ] GC(81) y:                Mark Start          Mark End        Relocate Start      Relocate End    
[2026-06-18T14:29:36.155+0800][28.816s][info][gc,heap     ] GC(81) y:      Used:      220M (86%)         220M (86%)          66M (26%)          38M (15%)    
[2026-06-18T14:29:36.155+0800][28.816s][info][gc,heap     ] GC(81) y:      Live:         -                30M (12%)          30M (12%)          30M (12%)    
[2026-06-18T14:29:36.155+0800][28.817s][info][gc,heap     ] GC(81) y:   Garbage:         -               189M (74%)          35M (14%)           0M (0%)     
[2026-06-18T14:29:36.155+0800][28.817s][info][gc,heap     ] GC(81) y: Allocated:         -                 0M (0%)            0M (0%)            7M (3%)     
[2026-06-18T14:29:36.156+0800][28.817s][info][gc,heap     ] GC(81) y: Reclaimed:         -                  -               154M (60%)         189M (74%)    
[2026-06-18T14:29:36.156+0800][28.818s][info][gc,heap     ] GC(81) y:  Promoted:         -                  -                 0M (0%)            0M (0%)     
[2026-06-18T14:29:36.156+0800][28.818s][info][gc,heap     ] GC(81) y: Compacted:         -                  -                  -                12M (5%)     
[2026-06-18T14:29:36.157+0800][28.818s][info][gc,phases   ] GC(81) y: Young Generation 230M(90%)->48M(19%) 0.010s
[2026-06-18T14:29:36.157+0800][28.818s][info][gc          ] GC(81) Minor Collection (Allocation Rate) 228M(89%)->60M(23%) 0.022s
[2026-06-18T14:29:36.598+0800][29.260s][info][gc          ] GC(82) Minor Collection (High Usage)
[2026-06-18T14:29:36.599+0800][29.261s][info][gc,task     ] GC(82) Using 2 Workers for Young Generation
[2026-06-18T14:29:36.600+0800][29.262s][info][gc,phases   ] GC(82) y: Young Generation
[2026-06-18T14:29:36.601+0800][29.262s][info][gc,phases   ] GC(82) y: Pause Mark Start 0.013ms
[2026-06-18T14:29:36.602+0800][29.264s][info][gc,phases   ] GC(82) y: Concurrent Mark 0.503ms
[2026-06-18T14:29:36.603+0800][29.265s][info][gc,phases   ] GC(82) y: Pause Mark End 0.008ms
[2026-06-18T14:29:36.604+0800][29.265s][info][gc,phases   ] GC(82) y: Concurrent Mark Free 0.001ms
[2026-06-18T14:29:36.604+0800][29.266s][info][gc,phases   ] GC(82) y: Concurrent Reset Relocation Set 0.002ms
[2026-06-18T14:29:36.605+0800][29.266s][info][gc,reloc    ] GC(82) y: Using tenuring threshold: 3 (Computed)
[2026-06-18T14:29:36.605+0800][29.267s][info][gc,phases   ] GC(82) y: Concurrent Select Relocation Set 0.775ms
[2026-06-18T14:29:36.606+0800][29.267s][info][gc,phases   ] GC(82) y: Pause Relocate Start 0.006ms
[2026-06-18T14:29:36.607+0800][29.269s][info][gc,phases   ] GC(82) y: Concurrent Relocate 1.057ms
[2026-06-18T14:29:36.608+0800][29.269s][info][gc,alloc    ] GC(82) y:                         Mark Start        Mark End      Relocate Start    Relocate End   
[2026-06-18T14:29:36.608+0800][29.270s][info][gc,alloc    ] GC(82) y: Allocation Stalls:          0                0                0                0         
[2026-06-18T14:29:36.609+0800][29.270s][info][gc,load     ] GC(82) y: Load: 0.43 (2%) / 0.33 (1%) / 0.30 (1%)
[2026-06-18T14:29:36.609+0800][29.270s][info][gc,mmu      ] GC(82) y: MMU: 2ms/97.5%, 5ms/98.6%, 10ms/99.3%, 20ms/99.6%, 50ms/99.8%, 100ms/99.9%
[2026-06-18T14:29:36.609+0800][29.271s][info][gc,marking  ] GC(82) y: Mark: 2 stripe(s), 1 proactive flush(es), 1 terminate flush(es), 0 completion(s), 0 continuation(s) 
[2026-06-18T14:29:36.609+0800][29.271s][info][gc,nmethod  ] GC(82) y: NMethods: 94 registered, 8 unregistered
[2026-06-18T14:29:36.610+0800][29.271s][info][gc,metaspace] GC(82) y: Metaspace: 0M used, 0M committed, 1088M reserved
[2026-06-18T14:29:36.610+0800][29.271s][info][gc,reloc    ] GC(82) y:                        Candidates     Selected     In-Place         Size        Empty    Relocated 
[2026-06-18T14:29:36.610+0800][29.272s][info][gc,reloc    ] GC(82) y: Small Pages:                   85           16            0         170M         130M           4M 
[2026-06-18T14:29:36.610+0800][29.272s][info][gc,reloc    ] GC(82) y: Medium Pages:                   5            2            0          40M           8M           5M 
[2026-06-18T14:29:36.611+0800][29.272s][info][gc,reloc    ] GC(82) y: Large Pages:                    7            0            0          14M           0M           0M 
[2026-06-18T14:29:36.611+0800][29.272s][info][gc,reloc    ] GC(82) y: Forwarding Usage: 0M
[2026-06-18T14:29:36.611+0800][29.273s][info][gc,reloc    ] GC(82) y: Age Table:
[2026-06-18T14:29:36.611+0800][29.273s][info][gc,reloc    ] GC(82) y:                    Live             Garbage             Small              Medium             Large        
[2026-06-18T14:29:36.612+0800][29.273s][info][gc,reloc    ] GC(82) y: Eden              24M (9%)          165M (65%)         81 / 16             3 / 2              2 / 0        
[2026-06-18T14:29:36.612+0800][29.273s][info][gc,reloc    ] GC(82) y: Survivor 1         2M (1%)           23M (9%)           4 / 0              2 / 0              1 / 0        
[2026-06-18T14:29:36.612+0800][29.274s][info][gc,reloc    ] GC(82) y: Survivor 2         2M (1%)            0M (0%)           0 / 0              0 / 0              1 / 0        
[2026-06-18T14:29:36.613+0800][29.274s][info][gc,reloc    ] GC(82) y: Survivor 3         4M (2%)            0M (0%)           0 / 0              0 / 0              2 / 0        
[2026-06-18T14:29:36.613+0800][29.274s][info][gc,reloc    ] GC(82) y: Survivor 4         2M (1%)            0M (0%)           0 / 0              0 / 0              1 / 0        
[2026-06-18T14:29:36.613+0800][29.275s][info][gc,heap     ] GC(82) y: Min Capacity: 256M(100%)
[2026-06-18T14:29:36.613+0800][29.275s][info][gc,heap     ] GC(82) y: Max Capacity: 256M(100%)
[2026-06-18T14:29:36.614+0800][29.275s][info][gc,heap     ] GC(82) y: Soft Max Capacity: 256M(100%)
[2026-06-18T14:29:36.614+0800][29.275s][info][gc,heap     ] GC(82) y: Heap Statistics:
[2026-06-18T14:29:36.614+0800][29.276s][info][gc,heap     ] GC(82) y:                Mark Start          Mark End        Relocate Start      Relocate End           High               Low         
[2026-06-18T14:29:36.614+0800][29.276s][info][gc,heap     ] GC(82) y:  Capacity:      256M (100%)        256M (100%)        256M (100%)        256M (100%)        256M (100%)        256M (100%)   
[2026-06-18T14:29:36.615+0800][29.276s][info][gc,heap     ] GC(82) y:      Free:       22M (9%)           22M (9%)          160M (62%)         198M (77%)         198M (77%)          22M (9%)     
[2026-06-18T14:29:36.615+0800][29.276s][info][gc,heap     ] GC(82) y:      Used:      234M (91%)         234M (91%)          96M (38%)          58M (23%)         234M (91%)          58M (23%)    
[2026-06-18T14:29:36.615+0800][29.277s][info][gc,heap     ] GC(82) y: Young Generation Statistics:
[2026-06-18T14:29:36.616+0800][29.277s][info][gc,heap     ] GC(82) y:                Mark Start          Mark End        Relocate Start      Relocate End    
[2026-06-18T14:29:36.616+0800][29.277s][info][gc,heap     ] GC(82) y:      Used:      224M (88%)         224M (88%)          80M (31%)          42M (16%)    
[2026-06-18T14:29:36.616+0800][29.278s][info][gc,heap     ] GC(82) y:      Live:         -                34M (14%)          28M (11%)          28M (11%)    
[2026-06-18T14:29:36.616+0800][29.278s][info][gc,heap     ] GC(82) y:   Garbage:         -               189M (74%)          51M (20%)           0M (0%)     
[2026-06-18T14:29:36.617+0800][29.278s][info][gc,heap     ] GC(82) y: Allocated:         -                 0M (0%)            0M (0%)           12M (5%)     
[2026-06-18T14:29:36.617+0800][29.278s][info][gc,heap     ] GC(82) y: Reclaimed:         -                  -               138M (54%)         188M (74%)    
[2026-06-18T14:29:36.617+0800][29.279s][info][gc,heap     ] GC(82) y:  Promoted:         -                  -                 6M (2%)            6M (2%)     
[2026-06-18T14:29:36.617+0800][29.279s][info][gc,heap     ] GC(82) y: Compacted:         -                  -                  -                13M (5%)     
[2026-06-18T14:29:36.618+0800][29.279s][info][gc,phases   ] GC(82) y: Young Generation 234M(91%)->58M(23%) 0.008s
[2026-06-18T14:29:36.618+0800][29.280s][info][gc          ] GC(82) Minor Collection (High Usage) 234M(91%)->62M(24%) 0.020s
[2026-06-18T14:29:36.713+0800][29.375s][info][gc          ] GC(83) Major Collection (Proactive)
[2026-06-18T14:29:36.716+0800][29.377s][info][gc,task     ] GC(83) Using 1 Workers for Young Generation
[2026-06-18T14:29:36.716+0800][29.378s][info][gc,task     ] GC(83) Using 1 Workers for Old Generation
[2026-06-18T14:29:36.717+0800][29.379s][info][gc,phases   ] GC(83) Y: Young Generation
[2026-06-18T14:29:36.718+0800][29.379s][info][gc,phases   ] GC(83) Y: Pause Mark Start (Major) 0.015ms
[2026-06-18T14:29:36.719+0800][29.380s][info][gc,phases   ] GC(83) Y: Concurrent Mark 0.501ms
[2026-06-18T14:29:36.719+0800][29.381s][info][gc,phases   ] GC(83) Y: Pause Mark End 0.008ms
[2026-06-18T14:29:36.720+0800][29.381s][info][gc,phases   ] GC(83) Y: Concurrent Mark Free 0.002ms
[2026-06-18T14:29:36.720+0800][29.382s][info][gc,phases   ] GC(83) Y: Concurrent Reset Relocation Set 0.004ms
[2026-06-18T14:29:36.721+0800][29.382s][info][gc,reloc    ] GC(83) Y: Using tenuring threshold: 3 (Computed)
[2026-06-18T14:29:36.722+0800][29.383s][info][gc,phases   ] GC(83) Y: Concurrent Select Relocation Set 1.117ms
[2026-06-18T14:29:36.723+0800][29.384s][info][gc,phases   ] GC(83) Y: Pause Relocate Start 0.007ms
[2026-06-18T14:29:36.725+0800][29.386s][info][gc,phases   ] GC(83) Y: Concurrent Relocate 1.604ms
[2026-06-18T14:29:36.725+0800][29.387s][info][gc,alloc    ] GC(83) Y:                         Mark Start        Mark End      Relocate Start    Relocate End   
[2026-06-18T14:29:36.726+0800][29.387s][info][gc,alloc    ] GC(83) Y: Allocation Stalls:          0                0                0                0         
[2026-06-18T14:29:36.726+0800][29.387s][info][gc,load     ] GC(83) Y: Load: 0.43 (2%) / 0.33 (1%) / 0.30 (1%)
[2026-06-18T14:29:36.726+0800][29.388s][info][gc,mmu      ] GC(83) Y: MMU: 2ms/97.5%, 5ms/98.6%, 10ms/99.3%, 20ms/99.6%, 50ms/99.8%, 100ms/99.9%
[2026-06-18T14:29:36.726+0800][29.388s][info][gc,marking  ] GC(83) Y: Mark: 1 stripe(s), 1 proactive flush(es), 1 terminate flush(es), 0 completion(s), 0 continuation(s) 
[2026-06-18T14:29:36.727+0800][29.388s][info][gc,nmethod  ] GC(83) Y: NMethods: 94 registered, 8 unregistered
[2026-06-18T14:29:36.727+0800][29.388s][info][gc,metaspace] GC(83) Y: Metaspace: 0M used, 0M committed, 1088M reserved
[2026-06-18T14:29:36.728+0800][29.389s][info][gc,reloc    ] GC(83) Y:                        Candidates     Selected     In-Place         Size        Empty    Relocated 
[2026-06-18T14:29:36.728+0800][29.390s][info][gc,reloc    ] GC(83) Y: Small Pages:                   26            9            0          52M          26M           3M 
[2026-06-18T14:29:36.728+0800][29.390s][info][gc,reloc    ] GC(83) Y: Medium Pages:                   4            2            0          32M           0M           6M 
[2026-06-18T14:29:36.729+0800][29.390s][info][gc,reloc    ] GC(83) Y: Large Pages:                    5            0            0          10M           0M           0M 
[2026-06-18T14:29:36.729+0800][29.390s][info][gc,reloc    ] GC(83) Y: Forwarding Usage: 0M
[2026-06-18T14:29:36.729+0800][29.391s][info][gc,reloc    ] GC(83) Y: Age Table:
[2026-06-18T14:29:36.729+0800][29.391s][info][gc,reloc    ] GC(83) Y:                    Live             Garbage             Small              Medium             Large        
[2026-06-18T14:29:36.730+0800][29.391s][info][gc,reloc    ] GC(83) Y: Eden               7M (3%)           44M (17%)         21 / 6              1 / 1              1 / 0        
[2026-06-18T14:29:36.730+0800][29.391s][info][gc,reloc    ] GC(83) Y: Survivor 1        14M (6%)           15M (6%)           5 / 3              2 / 1              2 / 0        
[2026-06-18T14:29:36.730+0800][29.392s][info][gc,reloc    ] GC(83) Y: Survivor 2         2M (1%)            7M (3%)           0 / 0              1 / 0              1 / 0        
[2026-06-18T14:29:36.730+0800][29.392s][info][gc,reloc    ] GC(83) Y: Survivor 3         2M (1%)            0M (0%)           0 / 0              0 / 0              1 / 0        
[2026-06-18T14:29:36.731+0800][29.392s][info][gc,heap     ] GC(83) Y: Min Capacity: 256M(100%)
[2026-06-18T14:29:36.731+0800][29.392s][info][gc,heap     ] GC(83) Y: Max Capacity: 256M(100%)
[2026-06-18T14:29:36.731+0800][29.392s][info][gc,heap     ] GC(83) Y: Soft Max Capacity: 256M(100%)
[2026-06-18T14:29:36.731+0800][29.393s][info][gc,heap     ] GC(83) Y: Heap Statistics:
[2026-06-18T14:29:36.731+0800][29.393s][info][gc,heap     ] GC(83) Y:                Mark Start          Mark End        Relocate Start      Relocate End           High               Low         
[2026-06-18T14:29:36.732+0800][29.393s][info][gc,heap     ] GC(83) Y:  Capacity:      256M (100%)        256M (100%)        256M (100%)        256M (100%)        256M (100%)        256M (100%)   
[2026-06-18T14:29:36.732+0800][29.393s][info][gc,heap     ] GC(83) Y:      Free:      146M (57%)         146M (57%)         172M (67%)         182M (71%)         184M (72%)         146M (57%)    
[2026-06-18T14:29:36.732+0800][29.394s][info][gc,heap     ] GC(83) Y:      Used:      110M (43%)         110M (43%)          84M (33%)          74M (29%)         110M (43%)          72M (28%)    
[2026-06-18T14:29:36.732+0800][29.394s][info][gc,heap     ] GC(83) Y: Young Generation Statistics:
[2026-06-18T14:29:36.733+0800][29.394s][info][gc,heap     ] GC(83) Y:                Mark Start          Mark End        Relocate Start      Relocate End    
[2026-06-18T14:29:36.733+0800][29.394s][info][gc,heap     ] GC(83) Y:      Used:       94M (37%)          94M (37%)          66M (26%)          56M (22%)    
[2026-06-18T14:29:36.733+0800][29.395s][info][gc,heap     ] GC(83) Y:      Live:         -                26M (10%)          24M (10%)          24M (10%)    
[2026-06-18T14:29:36.733+0800][29.395s][info][gc,heap     ] GC(83) Y:   Garbage:         -                67M (26%)          41M (16%)           0M (0%)     
[2026-06-18T14:29:36.734+0800][29.395s][info][gc,heap     ] GC(83) Y: Allocated:         -                 0M (0%)            0M (0%)           30M (12%)    
[2026-06-18T14:29:36.734+0800][29.396s][info][gc,heap     ] GC(83) Y: Reclaimed:         -                  -                26M (10%)          66M (26%)    
[2026-06-18T14:29:36.734+0800][29.396s][info][gc,heap     ] GC(83) Y:  Promoted:         -                  -                 2M (1%)            2M (1%)     
[2026-06-18T14:29:36.735+0800][29.396s][info][gc,heap     ] GC(83) Y: Compacted:         -                  -                  -                15M (6%)     
[2026-06-18T14:29:36.735+0800][29.397s][info][gc,phases   ] GC(83) Y: Young Generation 110M(43%)->74M(29%) 0.008s
[2026-06-18T14:29:36.735+0800][29.397s][info][gc,phases   ] GC(83) O: Old Generation
[2026-06-18T14:29:36.737+0800][29.398s][info][gc,phases   ] GC(83) O: Concurrent Mark 0.963ms
[2026-06-18T14:29:36.737+0800][29.398s][info][gc,phases   ] GC(83) O: Pause Mark End 0.009ms
[2026-06-18T14:29:36.738+0800][29.399s][info][gc,phases   ] GC(83) O: Concurrent Mark Free 0.002ms
[2026-06-18T14:29:36.738+0800][29.400s][info][gc,phases   ] GC(83) O: Concurrent Process Non-Strong 0.266ms
[2026-06-18T14:29:36.739+0800][29.400s][info][gc,phases   ] GC(83) O: Concurrent Reset Relocation Set 0.001ms
[2026-06-18T14:29:36.739+0800][29.400s][info][gc,phases   ] GC(83) O: Concurrent Select Relocation Set 0.043ms
[2026-06-18T14:29:36.739+0800][29.401s][info][gc,task     ] GC(83) O: Using 2 Workers for Old Generation
[2026-06-18T14:29:36.739+0800][29.401s][info][gc,task     ] GC(83) O: Using 1 Workers for Old Generation
[2026-06-18T14:29:36.740+0800][29.401s][info][gc,phases   ] GC(83) O: Concurrent Remap Roots 0.845ms
[2026-06-18T14:29:36.740+0800][29.402s][info][gc,phases   ] GC(83) O: Pause Relocate Start 0.008ms
[2026-06-18T14:29:36.741+0800][29.402s][info][gc,phases   ] GC(83) O: Concurrent Relocate 0.071ms
[2026-06-18T14:29:36.741+0800][29.402s][info][gc,alloc    ] GC(83) O:                         Mark Start        Mark End      Relocate Start    Relocate End   
[2026-06-18T14:29:36.741+0800][29.403s][info][gc,alloc    ] GC(83) O: Allocation Stalls:          0                0                0                0         
[2026-06-18T14:29:36.741+0800][29.403s][info][gc,load     ] GC(83) O: Load: 0.43 (2%) / 0.33 (1%) / 0.30 (1%)
[2026-06-18T14:29:36.742+0800][29.403s][info][gc,mmu      ] GC(83) O: MMU: 2ms/97.5%, 5ms/98.6%, 10ms/99.3%, 20ms/99.6%, 50ms/99.8%, 100ms/99.9%
[2026-06-18T14:29:36.742+0800][29.403s][info][gc,marking  ] GC(83) O: Mark: 1 stripe(s), 2 proactive flush(es), 1 terminate flush(es), 0 completion(s), 0 continuation(s) 
[2026-06-18T14:29:36.742+0800][29.404s][info][gc,nmethod  ] GC(83) O: NMethods: 94 registered, 8 unregistered
[2026-06-18T14:29:36.743+0800][29.404s][info][gc,metaspace] GC(83) O: Metaspace: 0M used, 0M committed, 1088M reserved
[2026-06-18T14:29:36.743+0800][29.404s][info][gc,ref      ] GC(83) O:                       Encountered   Discovered     Enqueued 
[2026-06-18T14:29:36.743+0800][29.405s][info][gc,ref      ] GC(83) O: Soft References:                2            0            0 
[2026-06-18T14:29:36.743+0800][29.405s][info][gc,ref      ] GC(83) O: Weak References:                6            0            0 
[2026-06-18T14:29:36.743+0800][29.405s][info][gc,ref      ] GC(83) O: Final References:               0            0            0 
[2026-06-18T14:29:36.744+0800][29.405s][info][gc,ref      ] GC(83) O: Phantom References:             1            1            0 
[2026-06-18T14:29:36.744+0800][29.405s][info][gc,reloc    ] GC(83) O:                        Candidates     Selected     In-Place         Size        Empty    Relocated 
[2026-06-18T14:29:36.744+0800][29.406s][info][gc,reloc    ] GC(83) O: Small Pages:                    1            0            0           2M           0M           0M 
[2026-06-18T14:29:36.744+0800][29.406s][info][gc,reloc    ] GC(83) O: Medium Pages:                   1            0            0           8M           8M           0M 
[2026-06-18T14:29:36.745+0800][29.406s][info][gc,reloc    ] GC(83) O: Large Pages:                    3            0            0           6M           0M           0M 
[2026-06-18T14:29:36.746+0800][29.407s][info][gc,reloc    ] GC(83) O: Forwarding Usage: 0M
[2026-06-18T14:29:36.746+0800][29.408s][info][gc,heap     ] GC(83) O: Min Capacity: 256M(100%)
[2026-06-18T14:29:36.747+0800][29.408s][info][gc,heap     ] GC(83) O: Max Capacity: 256M(100%)
[2026-06-18T14:29:36.747+0800][29.409s][info][gc,heap     ] GC(83) O: Soft Max Capacity: 256M(100%)
[2026-06-18T14:29:36.747+0800][29.409s][info][gc,heap     ] GC(83) O: Heap Statistics:
[2026-06-18T14:29:36.748+0800][29.409s][info][gc,heap     ] GC(83) O:                Mark Start          Mark End        Relocate Start      Relocate End           High               Low         
[2026-06-18T14:29:36.748+0800][29.409s][info][gc,heap     ] GC(83) O:  Capacity:      256M (100%)        256M (100%)        256M (100%)        256M (100%)        256M (100%)        256M (100%)   
[2026-06-18T14:29:36.748+0800][29.410s][info][gc,heap     ] GC(83) O:      Free:      146M (57%)         180M (70%)         188M (73%)         188M (73%)         188M (73%)         146M (57%)    
[2026-06-18T14:29:36.748+0800][29.410s][info][gc,heap     ] GC(83) O:      Used:      110M (43%)          76M (30%)          68M (27%)          68M (27%)         110M (43%)          68M (27%)    
[2026-06-18T14:29:36.749+0800][29.410s][info][gc,heap     ] GC(83) O: Old Generation Statistics:
[2026-06-18T14:29:36.749+0800][29.410s][info][gc,heap     ] GC(83) O:                Mark Start          Mark End        Relocate Start      Relocate End    
[2026-06-18T14:29:36.749+0800][29.411s][info][gc,heap     ] GC(83) O:      Used:       16M (6%)           18M (7%)           10M (4%)           10M (4%)     
[2026-06-18T14:29:36.749+0800][29.411s][info][gc,heap     ] GC(83) O:      Live:         -                 6M (3%)            6M (3%)            6M (3%)     
[2026-06-18T14:29:36.750+0800][29.411s][info][gc,heap     ] GC(83) O:   Garbage:         -                 9M (4%)            1M (1%)            1M (1%)     
[2026-06-18T14:29:36.750+0800][29.411s][info][gc,heap     ] GC(83) O: Allocated:         -                 2M (1%)            2M (1%)            2M (1%)     
[2026-06-18T14:29:36.750+0800][29.412s][info][gc,heap     ] GC(83) O: Reclaimed:         -                  -                 8M (3%)            8M (3%)     
[2026-06-18T14:29:36.750+0800][29.412s][info][gc,heap     ] GC(83) O: Compacted:         -                  -                  -                 0M (0%)     
[2026-06-18T14:29:36.750+0800][29.412s][info][gc,phases   ] GC(83) O: Old Generation 76M(30%)->68M(27%) 0.006s
[2026-06-18T14:29:36.751+0800][29.412s][info][gc          ] GC(83) Major Collection (Proactive) 104M(41%)->72M(28%) 0.038s
[2026-06-18T14:29:37.155+0800][29.817s][info][gc          ] GC(84) Minor Collection (High Usage)
[2026-06-18T14:29:37.157+0800][29.818s][info][gc,task     ] GC(84) Using 1 Workers for Young Generation
[2026-06-18T14:29:37.158+0800][29.819s][info][gc,phases   ] GC(84) y: Young Generation
[2026-06-18T14:29:37.159+0800][29.820s][info][gc,phases   ] GC(84) y: Pause Mark Start 0.013ms
[2026-06-18T14:29:37.160+0800][29.821s][info][gc,phases   ] GC(84) y: Concurrent Mark 0.580ms
[2026-06-18T14:29:37.161+0800][29.822s][info][gc,phases   ] GC(84) y: Pause Mark End 0.008ms
[2026-06-18T14:29:37.161+0800][29.823s][info][gc,phases   ] GC(84) y: Concurrent Mark Free 0.002ms
[2026-06-18T14:29:37.162+0800][29.823s][info][gc,phases   ] GC(84) y: Concurrent Reset Relocation Set 0.004ms
[2026-06-18T14:29:37.162+0800][29.824s][info][gc,reloc    ] GC(84) y: Using tenuring threshold: 3 (Computed)
[2026-06-18T14:29:37.163+0800][29.824s][info][gc,phases   ] GC(84) y: Concurrent Select Relocation Set 0.581ms
[2026-06-18T14:29:37.163+0800][29.824s][info][gc,phases   ] GC(84) y: Pause Relocate Start 0.006ms
[2026-06-18T14:29:37.165+0800][29.826s][info][gc,phases   ] GC(84) y: Concurrent Relocate 0.931ms
[2026-06-18T14:29:37.165+0800][29.827s][info][gc,alloc    ] GC(84) y:                         Mark Start        Mark End      Relocate Start    Relocate End   
[2026-06-18T14:29:37.166+0800][29.827s][info][gc,alloc    ] GC(84) y: Allocation Stalls:          0                0                0                0         
[2026-06-18T14:29:37.166+0800][29.828s][info][gc,load     ] GC(84) y: Load: 0.43 (2%) / 0.33 (1%) / 0.30 (1%)
[2026-06-18T14:29:37.167+0800][29.828s][info][gc,mmu      ] GC(84) y: MMU: 2ms/97.5%, 5ms/98.6%, 10ms/99.3%, 20ms/99.6%, 50ms/99.8%, 100ms/99.9%
[2026-06-18T14:29:37.167+0800][29.828s][info][gc,marking  ] GC(84) y: Mark: 1 stripe(s), 1 proactive flush(es), 1 terminate flush(es), 0 completion(s), 0 continuation(s) 
[2026-06-18T14:29:37.167+0800][29.829s][info][gc,nmethod  ] GC(84) y: NMethods: 95 registered, 8 unregistered
[2026-06-18T14:29:37.167+0800][29.829s][info][gc,metaspace] GC(84) y: Metaspace: 0M used, 0M committed, 1088M reserved
[2026-06-18T14:29:37.167+0800][29.829s][info][gc,reloc    ] GC(84) y:                        Candidates     Selected     In-Place         Size        Empty    Relocated 
[2026-06-18T14:29:37.168+0800][29.829s][info][gc,reloc    ] GC(84) y: Small Pages:                   82            9            0         164M         140M           3M 
[2026-06-18T14:29:37.168+0800][29.829s][info][gc,reloc    ] GC(84) y: Medium Pages:                   6            1            0          48M          24M           1M 
[2026-06-18T14:29:37.168+0800][29.829s][info][gc,reloc    ] GC(84) y: Large Pages:                    6            0            0          12M           0M           0M 
[2026-06-18T14:29:37.168+0800][29.830s][info][gc,reloc    ] GC(84) y: Forwarding Usage: 0M
[2026-06-18T14:29:37.168+0800][29.830s][info][gc,reloc    ] GC(84) y: Age Table:
[2026-06-18T14:29:37.169+0800][29.830s][info][gc,reloc    ] GC(84) y:                    Live             Garbage             Small              Medium             Large        
[2026-06-18T14:29:37.169+0800][29.830s][info][gc,reloc    ] GC(84) y: Eden              18M (7%)          163M (64%)         77 / 9              3 / 1              2 / 0        
[2026-06-18T14:29:37.169+0800][29.831s][info][gc,reloc    ] GC(84) y: Survivor 1         2M (1%)           12M (5%)           2 / 0              1 / 0              1 / 0        
[2026-06-18T14:29:37.170+0800][29.831s][info][gc,reloc    ] GC(84) y: Survivor 2         4M (2%)           13M (5%)           3 / 0              1 / 0              2 / 0        
[2026-06-18T14:29:37.170+0800][29.832s][info][gc,reloc    ] GC(84) y: Survivor 3         2M (1%)            8M (3%)           0 / 0              1 / 0              1 / 0        
[2026-06-18T14:29:37.170+0800][29.832s][info][gc,heap     ] GC(84) y: Min Capacity: 256M(100%)
[2026-06-18T14:29:37.171+0800][29.832s][info][gc,heap     ] GC(84) y: Max Capacity: 256M(100%)
[2026-06-18T14:29:37.171+0800][29.832s][info][gc,heap     ] GC(84) y: Soft Max Capacity: 256M(100%)
[2026-06-18T14:29:37.171+0800][29.833s][info][gc,heap     ] GC(84) y: Heap Statistics:
[2026-06-18T14:29:37.171+0800][29.833s][info][gc,heap     ] GC(84) y:                Mark Start          Mark End        Relocate Start      Relocate End           High               Low         
[2026-06-18T14:29:37.171+0800][29.833s][info][gc,heap     ] GC(84) y:  Capacity:      256M (100%)        256M (100%)        256M (100%)        256M (100%)        256M (100%)        256M (100%)   
[2026-06-18T14:29:37.172+0800][29.833s][info][gc,heap     ] GC(84) y:      Free:       22M (9%)           22M (9%)          186M (73%)         204M (80%)         204M (80%)          22M (9%)     
[2026-06-18T14:29:37.172+0800][29.833s][info][gc,heap     ] GC(84) y:      Used:      234M (91%)         234M (91%)          70M (27%)          52M (20%)         234M (91%)          52M (20%)    
[2026-06-18T14:29:37.172+0800][29.834s][info][gc,heap     ] GC(84) y: Young Generation Statistics:
[2026-06-18T14:29:37.172+0800][29.834s][info][gc,heap     ] GC(84) y:                Mark Start          Mark End        Relocate Start      Relocate End    
[2026-06-18T14:29:37.173+0800][29.834s][info][gc,heap     ] GC(84) y:      Used:      224M (88%)         224M (88%)          58M (23%)          40M (16%)    
[2026-06-18T14:29:37.173+0800][29.834s][info][gc,heap     ] GC(84) y:      Live:         -                27M (11%)          25M (10%)          25M (10%)    
[2026-06-18T14:29:37.173+0800][29.835s][info][gc,heap     ] GC(84) y:   Garbage:         -               196M (77%)          32M (13%)           0M (0%)     
[2026-06-18T14:29:37.173+0800][29.835s][info][gc,heap     ] GC(84) y: Allocated:         -                 0M (0%)            0M (0%)           14M (6%)     
[2026-06-18T14:29:37.173+0800][29.835s][info][gc,heap     ] GC(84) y: Reclaimed:         -                  -               164M (64%)         196M (77%)    
[2026-06-18T14:29:37.174+0800][29.835s][info][gc,heap     ] GC(84) y:  Promoted:         -                  -                 2M (1%)            2M (1%)     
[2026-06-18T14:29:37.174+0800][29.835s][info][gc,heap     ] GC(84) y: Compacted:         -                  -                  -                 7M (3%)     
[2026-06-18T14:29:37.174+0800][29.836s][info][gc,phases   ] GC(84) y: Young Generation 234M(91%)->52M(20%) 0.007s
[2026-06-18T14:29:37.174+0800][29.836s][info][gc          ] GC(84) Minor Collection (High Usage) 234M(91%)->66M(26%) 0.019s
[2026-06-18T14:29:37.537+0800][30.199s][info][gc          ] GC(85) Major Collection (Proactive)
[2026-06-18T14:29:37.538+0800][30.200s][info][gc,task     ] GC(85) Using 1 Workers for Young Generation
[2026-06-18T14:29:37.539+0800][30.200s][info][gc,task     ] GC(85) Using 1 Workers for Old Generation
[2026-06-18T14:29:37.540+0800][30.201s][info][gc,phases   ] GC(85) Y: Young Generation
[2026-06-18T14:29:37.540+0800][30.202s][info][gc,phases   ] GC(85) Y: Pause Mark Start (Major) 0.013ms
[2026-06-18T14:29:37.541+0800][30.203s][info][gc,phases   ] GC(85) Y: Concurrent Mark 0.451ms
[2026-06-18T14:29:37.542+0800][30.203s][info][gc,phases   ] GC(85) Y: Pause Mark End 0.007ms
[2026-06-18T14:29:37.542+0800][30.204s][info][gc,phases   ] GC(85) Y: Concurrent Mark Free 0.001ms
[2026-06-18T14:29:37.543+0800][30.204s][info][gc,phases   ] GC(85) Y: Concurrent Reset Relocation Set 0.002ms
[2026-06-18T14:29:37.543+0800][30.205s][info][gc,reloc    ] GC(85) Y: Using tenuring threshold: 3 (Computed)
[2026-06-18T14:29:37.543+0800][30.205s][info][gc,phases   ] GC(85) Y: Concurrent Select Relocation Set 0.478ms
[2026-06-18T14:29:37.544+0800][30.205s][info][gc,phases   ] GC(85) Y: Pause Relocate Start 0.005ms
[2026-06-18T14:29:37.545+0800][30.207s][info][gc,phases   ] GC(85) Y: Concurrent Relocate 1.218ms
[2026-06-18T14:29:37.546+0800][30.207s][info][gc,alloc    ] GC(85) Y:                         Mark Start        Mark End      Relocate Start    Relocate End   
[2026-06-18T14:29:37.546+0800][30.208s][info][gc,alloc    ] GC(85) Y: Allocation Stalls:          0                0                0                0         
[2026-06-18T14:29:37.546+0800][30.208s][info][gc,load     ] GC(85) Y: Load: 0.43 (2%) / 0.33 (1%) / 0.30 (1%)
[2026-06-18T14:29:37.547+0800][30.208s][info][gc,mmu      ] GC(85) Y: MMU: 2ms/97.5%, 5ms/98.6%, 10ms/99.3%, 20ms/99.6%, 50ms/99.8%, 100ms/99.9%
[2026-06-18T14:29:37.547+0800][30.208s][info][gc,marking  ] GC(85) Y: Mark: 1 stripe(s), 1 proactive flush(es), 1 terminate flush(es), 0 completion(s), 0 continuation(s) 
[2026-06-18T14:29:37.547+0800][30.209s][info][gc,nmethod  ] GC(85) Y: NMethods: 96 registered, 8 unregistered
[2026-06-18T14:29:37.547+0800][30.209s][info][gc,metaspace] GC(85) Y: Metaspace: 0M used, 0M committed, 1088M reserved
[2026-06-18T14:29:37.548+0800][30.209s][info][gc,reloc    ] GC(85) Y:                        Candidates     Selected     In-Place         Size        Empty    Relocated 
[2026-06-18T14:29:37.548+0800][30.209s][info][gc,reloc    ] GC(85) Y: Small Pages:                   70           13            0         140M         104M           4M 
[2026-06-18T14:29:37.548+0800][30.210s][info][gc,reloc    ] GC(85) Y: Medium Pages:                   5            1            0          40M          16M           2M 
[2026-06-18T14:29:37.548+0800][30.210s][info][gc,reloc    ] GC(85) Y: Large Pages:                    7            0            0          14M           0M           0M 
[2026-06-18T14:29:37.549+0800][30.210s][info][gc,reloc    ] GC(85) Y: Forwarding Usage: 0M
[2026-06-18T14:29:37.549+0800][30.210s][info][gc,reloc    ] GC(85) Y: Age Table:
[2026-06-18T14:29:37.549+0800][30.211s][info][gc,reloc    ] GC(85) Y:                    Live             Garbage             Small              Medium             Large        
[2026-06-18T14:29:37.549+0800][30.211s][info][gc,reloc    ] GC(85) Y: Eden              19M (8%)          134M (52%)         67 / 13             2 / 1              2 / 0        
[2026-06-18T14:29:37.550+0800][30.211s][info][gc,reloc    ] GC(85) Y: Survivor 1         4M (2%)           22M (9%)           3 / 0              2 / 0              2 / 0        
[2026-06-18T14:29:37.550+0800][30.211s][info][gc,reloc    ] GC(85) Y: Survivor 2         2M (1%)            0M (0%)           0 / 0              0 / 0              1 / 0        
[2026-06-18T14:29:37.550+0800][30.212s][info][gc,reloc    ] GC(85) Y: Survivor 3         4M (2%)            7M (3%)           0 / 0              1 / 0              2 / 0        
[2026-06-18T14:29:37.550+0800][30.212s][info][gc,heap     ] GC(85) Y: Min Capacity: 256M(100%)
[2026-06-18T14:29:37.550+0800][30.212s][info][gc,heap     ] GC(85) Y: Max Capacity: 256M(100%)
[2026-06-18T14:29:37.551+0800][30.213s][info][gc,heap     ] GC(85) Y: Soft Max Capacity: 256M(100%)
[2026-06-18T14:29:37.551+0800][30.213s][info][gc,heap     ] GC(85) Y: Heap Statistics:
[2026-06-18T14:29:37.552+0800][30.213s][info][gc,heap     ] GC(85) Y:                Mark Start          Mark End        Relocate Start      Relocate End           High               Low         
[2026-06-18T14:29:37.552+0800][30.213s][info][gc,heap     ] GC(85) Y:  Capacity:      256M (100%)        256M (100%)        256M (100%)        256M (100%)        256M (100%)        256M (100%)   
[2026-06-18T14:29:37.552+0800][30.214s][info][gc,heap     ] GC(85) Y:      Free:       50M (20%)          50M (20%)         170M (66%)         196M (77%)         196M (77%)          50M (20%)    
[2026-06-18T14:29:37.552+0800][30.214s][info][gc,heap     ] GC(85) Y:      Used:      206M (80%)         206M (80%)          86M (34%)          60M (23%)         206M (80%)          60M (23%)    
[2026-06-18T14:29:37.553+0800][30.214s][info][gc,heap     ] GC(85) Y: Young Generation Statistics:
[2026-06-18T14:29:37.553+0800][30.215s][info][gc,heap     ] GC(85) Y:                Mark Start          Mark End        Relocate Start      Relocate End    
[2026-06-18T14:29:37.553+0800][30.215s][info][gc,heap     ] GC(85) Y:      Used:      194M (76%)         194M (76%)          70M (27%)          36M (14%)    
[2026-06-18T14:29:37.553+0800][30.215s][info][gc,heap     ] GC(85) Y:      Live:         -                30M (12%)          26M (10%)          25M (10%)    
[2026-06-18T14:29:37.554+0800][30.215s][info][gc,heap     ] GC(85) Y:   Garbage:         -               163M (64%)          43M (17%)           3M (1%)     
[2026-06-18T14:29:37.554+0800][30.215s][info][gc,heap     ] GC(85) Y: Allocated:         -                 0M (0%)            0M (0%)            6M (3%)     
[2026-06-18T14:29:37.554+0800][30.216s][info][gc,heap     ] GC(85) Y: Reclaimed:         -                  -               120M (47%)         159M (62%)    
[2026-06-18T14:29:37.554+0800][30.216s][info][gc,heap     ] GC(85) Y:  Promoted:         -                  -                 4M (2%)            4M (2%)     
[2026-06-18T14:29:37.555+0800][30.216s][info][gc,heap     ] GC(85) Y: Compacted:         -                  -                  -                 9M (4%)     
[2026-06-18T14:29:37.555+0800][30.216s][info][gc,phases   ] GC(85) Y: Young Generation 206M(80%)->60M(23%) 0.006s
[2026-06-18T14:29:37.555+0800][30.217s][info][gc,phases   ] GC(85) O: Old Generation
[2026-06-18T14:29:37.556+0800][30.218s][info][gc,phases   ] GC(85) O: Concurrent Mark 0.918ms
[2026-06-18T14:29:37.557+0800][30.218s][info][gc,phases   ] GC(85) O: Pause Mark End 0.011ms
[2026-06-18T14:29:37.557+0800][30.219s][info][gc,phases   ] GC(85) O: Concurrent Mark Free 0.003ms
[2026-06-18T14:29:37.558+0800][30.220s][info][gc,phases   ] GC(85) O: Concurrent Process Non-Strong 0.299ms
[2026-06-18T14:29:37.558+0800][30.220s][info][gc,phases   ] GC(85) O: Concurrent Reset Relocation Set 0.001ms
[2026-06-18T14:29:37.559+0800][30.220s][info][gc,phases   ] GC(85) O: Concurrent Select Relocation Set 0.051ms
[2026-06-18T14:29:37.559+0800][30.220s][info][gc,task     ] GC(85) O: Using 2 Workers for Old Generation
[2026-06-18T14:29:37.559+0800][30.221s][info][gc,task     ] GC(85) O: Using 1 Workers for Old Generation
[2026-06-18T14:29:37.560+0800][30.221s][info][gc,phases   ] GC(85) O: Concurrent Remap Roots 0.590ms
[2026-06-18T14:29:37.560+0800][30.221s][info][gc,phases   ] GC(85) O: Pause Relocate Start 0.008ms
[2026-06-18T14:29:37.560+0800][30.222s][info][gc,phases   ] GC(85) O: Concurrent Relocate 0.063ms
[2026-06-18T14:29:37.561+0800][30.222s][info][gc,alloc    ] GC(85) O:                         Mark Start        Mark End      Relocate Start    Relocate End   
[2026-06-18T14:29:37.561+0800][30.222s][info][gc,alloc    ] GC(85) O: Allocation Stalls:          0                0                0                0         
[2026-06-18T14:29:37.561+0800][30.223s][info][gc,load     ] GC(85) O: Load: 0.43 (2%) / 0.33 (1%) / 0.30 (1%)
[2026-06-18T14:29:37.561+0800][30.223s][info][gc,mmu      ] GC(85) O: MMU: 2ms/97.5%, 5ms/98.6%, 10ms/99.3%, 20ms/99.6%, 50ms/99.8%, 100ms/99.9%
[2026-06-18T14:29:37.562+0800][30.223s][info][gc,marking  ] GC(85) O: Mark: 1 stripe(s), 2 proactive flush(es), 1 terminate flush(es), 0 completion(s), 0 continuation(s) 
[2026-06-18T14:29:37.562+0800][30.223s][info][gc,nmethod  ] GC(85) O: NMethods: 96 registered, 8 unregistered
[2026-06-18T14:29:37.562+0800][30.224s][info][gc,metaspace] GC(85) O: Metaspace: 0M used, 0M committed, 1088M reserved
[2026-06-18T14:29:37.562+0800][30.224s][info][gc,ref      ] GC(85) O:                       Encountered   Discovered     Enqueued 
[2026-06-18T14:29:37.563+0800][30.224s][info][gc,ref      ] GC(85) O: Soft References:                2            0            0 
[2026-06-18T14:29:37.563+0800][30.224s][info][gc,ref      ] GC(85) O: Weak References:                6            0            0 
[2026-06-18T14:29:37.563+0800][30.225s][info][gc,ref      ] GC(85) O: Final References:               0            0            0 
[2026-06-18T14:29:37.564+0800][30.225s][info][gc,ref      ] GC(85) O: Phantom References:             1            1            0 
[2026-06-18T14:29:37.564+0800][30.225s][info][gc,reloc    ] GC(85) O:                        Candidates     Selected     In-Place         Size        Empty    Relocated 
[2026-06-18T14:29:37.564+0800][30.226s][info][gc,reloc    ] GC(85) O: Small Pages:                    1            0            0           2M           0M           0M 
[2026-06-18T14:29:37.564+0800][30.226s][info][gc,reloc    ] GC(85) O: Medium Pages:                   0            0            0           0M           0M           0M 
[2026-06-18T14:29:37.565+0800][30.226s][info][gc,reloc    ] GC(85) O: Large Pages:                    5            0            0          10M           8M           0M 
[2026-06-18T14:29:37.565+0800][30.227s][info][gc,reloc    ] GC(85) O: Forwarding Usage: 0M
[2026-06-18T14:29:37.565+0800][30.227s][info][gc,heap     ] GC(85) O: Min Capacity: 256M(100%)
[2026-06-18T14:29:37.566+0800][30.228s][info][gc,heap     ] GC(85) O: Max Capacity: 256M(100%)
[2026-06-18T14:29:37.567+0800][30.228s][info][gc,heap     ] GC(85) O: Soft Max Capacity: 256M(100%)
[2026-06-18T14:29:37.567+0800][30.229s][info][gc,heap     ] GC(85) O: Heap Statistics:
[2026-06-18T14:29:37.568+0800][30.229s][info][gc,heap     ] GC(85) O:                Mark Start          Mark End        Relocate Start      Relocate End           High               Low         
[2026-06-18T14:29:37.569+0800][30.230s][info][gc,heap     ] GC(85) O:  Capacity:      256M (100%)        256M (100%)        256M (100%)        256M (100%)        256M (100%)        256M (100%)   
[2026-06-18T14:29:37.570+0800][30.232s][info][gc,heap     ] GC(85) O:      Free:       50M (20%)         182M (71%)         188M (73%)         188M (73%)         196M (77%)          50M (20%)    
[2026-06-18T14:29:37.571+0800][30.233s][info][gc,heap     ] GC(85) O:      Used:      206M (80%)          74M (29%)          68M (27%)          68M (27%)         206M (80%)          60M (23%)    
[2026-06-18T14:29:37.572+0800][30.234s][info][gc,heap     ] GC(85) O: Old Generation Statistics:
[2026-06-18T14:29:37.573+0800][30.235s][info][gc,heap     ] GC(85) O:                Mark Start          Mark End        Relocate Start      Relocate End    
[2026-06-18T14:29:37.574+0800][30.235s][info][gc,heap     ] GC(85) O:      Used:       12M (5%)           24M (9%)           16M (6%)           16M (6%)     
[2026-06-18T14:29:37.574+0800][30.236s][info][gc,heap     ] GC(85) O:      Live:         -                 2M (1%)            2M (1%)            2M (1%)     
[2026-06-18T14:29:37.575+0800][30.236s][info][gc,heap     ] GC(85) O:   Garbage:         -                 9M (4%)            1M (1%)            1M (1%)     
[2026-06-18T14:29:37.575+0800][30.237s][info][gc,heap     ] GC(85) O: Allocated:         -                12M (5%)           12M (5%)           12M (5%)     
[2026-06-18T14:29:37.576+0800][30.238s][info][gc,heap     ] GC(85) O: Reclaimed:         -                  -                 8M (3%)            8M (3%)     
[2026-06-18T14:29:37.576+0800][30.238s][info][gc,heap     ] GC(85) O: Compacted:         -                  -                  -                 0M (0%)     
[2026-06-18T14:29:37.577+0800][30.238s][info][gc,phases   ] GC(85) O: Old Generation 74M(29%)->68M(27%) 0.005s
[2026-06-18T14:29:37.577+0800][30.238s][info][gc          ] GC(85) Major Collection (Proactive) 204M(80%)->72M(28%) 0.040s
[2026-06-18T14:29:37.992+0800][30.654s][info][gc          ] GC(86) Minor Collection (High Usage)
[2026-06-18T14:29:37.994+0800][30.655s][info][gc,task     ] GC(86) Using 1 Workers for Young Generation
[2026-06-18T14:29:37.995+0800][30.656s][info][gc,phases   ] GC(86) y: Young Generation
[2026-06-18T14:29:37.996+0800][30.657s][info][gc,phases   ] GC(86) y: Pause Mark Start 0.012ms
[2026-06-18T14:29:37.997+0800][30.658s][info][gc,phases   ] GC(86) y: Concurrent Mark 0.642ms
[2026-06-18T14:29:37.997+0800][30.659s][info][gc,phases   ] GC(86) y: Pause Mark End 0.008ms
[2026-06-18T14:29:37.998+0800][30.659s][info][gc,phases   ] GC(86) y: Concurrent Mark Free 0.002ms
[2026-06-18T14:29:37.998+0800][30.660s][info][gc,phases   ] GC(86) y: Concurrent Reset Relocation Set 0.003ms
[2026-06-18T14:29:37.999+0800][30.660s][info][gc,reloc    ] GC(86) y: Using tenuring threshold: 3 (Computed)
[2026-06-18T14:29:38.000+0800][30.661s][info][gc,phases   ] GC(86) y: Concurrent Select Relocation Set 1.302ms
[2026-06-18T14:29:38.001+0800][30.662s][info][gc,phases   ] GC(86) y: Pause Relocate Start 0.010ms
[2026-06-18T14:29:38.002+0800][30.663s][info][gc,phases   ] GC(86) y: Concurrent Relocate 0.701ms
[2026-06-18T14:29:38.003+0800][30.664s][info][gc,alloc    ] GC(86) y:                         Mark Start        Mark End      Relocate Start    Relocate End   
[2026-06-18T14:29:38.003+0800][30.664s][info][gc,alloc    ] GC(86) y: Allocation Stalls:          0                0                0                0         
[2026-06-18T14:29:38.003+0800][30.665s][info][gc,load     ] GC(86) y: Load: 0.43 (2%) / 0.33 (1%) / 0.30 (1%)
[2026-06-18T14:29:38.003+0800][30.665s][info][gc,mmu      ] GC(86) y: MMU: 2ms/97.5%, 5ms/98.6%, 10ms/99.3%, 20ms/99.6%, 50ms/99.8%, 100ms/99.9%
[2026-06-18T14:29:38.004+0800][30.665s][info][gc,marking  ] GC(86) y: Mark: 1 stripe(s), 1 proactive flush(es), 1 terminate flush(es), 0 completion(s), 0 continuation(s) 
[2026-06-18T14:29:38.004+0800][30.666s][info][gc,nmethod  ] GC(86) y: NMethods: 96 registered, 8 unregistered
[2026-06-18T14:29:38.004+0800][30.666s][info][gc,metaspace] GC(86) y: Metaspace: 0M used, 0M committed, 1088M reserved
[2026-06-18T14:29:38.005+0800][30.666s][info][gc,reloc    ] GC(86) y:                        Candidates     Selected     In-Place         Size        Empty    Relocated 
[2026-06-18T14:29:38.005+0800][30.666s][info][gc,reloc    ] GC(86) y: Small Pages:                   85           11            0         170M         138M           4M 
[2026-06-18T14:29:38.005+0800][30.667s][info][gc,reloc    ] GC(86) y: Medium Pages:                   4            0            0          32M          16M           0M 
[2026-06-18T14:29:38.006+0800][30.667s][info][gc,reloc    ] GC(86) y: Large Pages:                    7            0            0          14M           2M           0M 
[2026-06-18T14:29:38.006+0800][30.668s][info][gc,reloc    ] GC(86) y: Forwarding Usage: 0M
[2026-06-18T14:29:38.006+0800][30.668s][info][gc,reloc    ] GC(86) y: Age Table:
[2026-06-18T14:29:38.007+0800][30.668s][info][gc,reloc    ] GC(86) y:                    Live             Garbage             Small              Medium             Large        
[2026-06-18T14:29:38.007+0800][30.669s][info][gc,reloc    ] GC(86) y: Eden              20M (8%)          159M (62%)         80 / 11             2 / 0              2 / 0        
[2026-06-18T14:29:38.008+0800][30.669s][info][gc,reloc    ] GC(86) y: Survivor 1         4M (2%)           26M (10%)          5 / 0              2 / 0              2 / 0        
[2026-06-18T14:29:38.008+0800][30.669s][info][gc,reloc    ] GC(86) y: Survivor 2         4M (2%)            0M (0%)           0 / 0              0 / 0              2 / 0        
[2026-06-18T14:29:38.008+0800][30.670s][info][gc,reloc    ] GC(86) y: Survivor 3          -                 2M (1%)           0 / 0              0 / 0              1 / 0        
[2026-06-18T14:29:38.008+0800][30.670s][info][gc,heap     ] GC(86) y: Min Capacity: 256M(100%)
[2026-06-18T14:29:38.009+0800][30.670s][info][gc,heap     ] GC(86) y: Max Capacity: 256M(100%)
[2026-06-18T14:29:38.009+0800][30.670s][info][gc,heap     ] GC(86) y: Soft Max Capacity: 256M(100%)
[2026-06-18T14:29:38.009+0800][30.670s][info][gc,heap     ] GC(86) y: Heap Statistics:
[2026-06-18T14:29:38.009+0800][30.671s][info][gc,heap     ] GC(86) y:                Mark Start          Mark End        Relocate Start      Relocate End           High               Low         
[2026-06-18T14:29:38.009+0800][30.671s][info][gc,heap     ] GC(86) y:  Capacity:      256M (100%)        256M (100%)        256M (100%)        256M (100%)        256M (100%)        256M (100%)   
[2026-06-18T14:29:38.010+0800][30.671s][info][gc,heap     ] GC(86) y:      Free:       24M (9%)           24M (9%)          180M (70%)         202M (79%)         202M (79%)          24M (9%)     
[2026-06-18T14:29:38.010+0800][30.671s][info][gc,heap     ] GC(86) y:      Used:      232M (91%)         232M (91%)          76M (30%)          54M (21%)         232M (91%)          54M (21%)    
[2026-06-18T14:29:38.010+0800][30.672s][info][gc,heap     ] GC(86) y: Young Generation Statistics:
[2026-06-18T14:29:38.010+0800][30.672s][info][gc,heap     ] GC(86) y:                Mark Start          Mark End        Relocate Start      Relocate End    
[2026-06-18T14:29:38.011+0800][30.672s][info][gc,heap     ] GC(86) y:      Used:      216M (84%)         216M (84%)          60M (23%)          38M (15%)    
[2026-06-18T14:29:38.011+0800][30.672s][info][gc,heap     ] GC(86) y:      Live:         -                28M (11%)          28M (11%)          28M (11%)    
[2026-06-18T14:29:38.011+0800][30.673s][info][gc,heap     ] GC(86) y:   Garbage:         -               187M (73%)          31M (12%)           8M (3%)     
[2026-06-18T14:29:38.012+0800][30.673s][info][gc,heap     ] GC(86) y: Allocated:         -                 0M (0%)            0M (0%)            1M (1%)     
[2026-06-18T14:29:38.012+0800][30.673s][info][gc,heap     ] GC(86) y: Reclaimed:         -                  -               156M (61%)         179M (70%)    
[2026-06-18T14:29:38.012+0800][30.674s][info][gc,heap     ] GC(86) y:  Promoted:         -                  -                 0M (0%)            0M (0%)     
[2026-06-18T14:29:38.013+0800][30.674s][info][gc,heap     ] GC(86) y: Compacted:         -                  -                  -                 6M (3%)     
[2026-06-18T14:29:38.013+0800][30.675s][info][gc,phases   ] GC(86) y: Young Generation 232M(91%)->54M(21%) 0.008s
[2026-06-18T14:29:38.014+0800][30.675s][info][gc          ] GC(86) Minor Collection (High Usage) 232M(91%)->62M(24%) 0.022s
[2026-06-18T14:29:38.329+0800][30.991s][info][gc          ] GC(87) Major Collection (Proactive)
[2026-06-18T14:29:38.331+0800][30.992s][info][gc,task     ] GC(87) Using 1 Workers for Young Generation
[2026-06-18T14:29:38.332+0800][30.993s][info][gc,task     ] GC(87) Using 1 Workers for Old Generation
[2026-06-18T14:29:38.333+0800][30.994s][info][gc,phases   ] GC(87) Y: Young Generation
[2026-06-18T14:29:38.334+0800][30.995s][info][gc,phases   ] GC(87) Y: Pause Mark Start (Major) 0.031ms
[2026-06-18T14:29:38.335+0800][30.996s][info][gc,phases   ] GC(87) Y: Concurrent Mark 0.498ms
[2026-06-18T14:29:38.336+0800][30.997s][info][gc,phases   ] GC(87) Y: Pause Mark End 0.006ms
[2026-06-18T14:29:38.336+0800][30.998s][info][gc,phases   ] GC(87) Y: Concurrent Mark Free 0.001ms
[2026-06-18T14:29:38.336+0800][30.998s][info][gc,phases   ] GC(87) Y: Concurrent Reset Relocation Set 0.002ms
[2026-06-18T14:29:38.337+0800][30.998s][info][gc,reloc    ] GC(87) Y: Using tenuring threshold: 4 (Computed)
[2026-06-18T14:29:38.337+0800][30.999s][info][gc,phases   ] GC(87) Y: Concurrent Select Relocation Set 0.530ms
[2026-06-18T14:29:38.338+0800][30.999s][info][gc,phases   ] GC(87) Y: Pause Relocate Start 0.004ms
[2026-06-18T14:29:38.339+0800][31.001s][info][gc,phases   ] GC(87) Y: Concurrent Relocate 1.096ms
[2026-06-18T14:29:38.340+0800][31.002s][info][gc,alloc    ] GC(87) Y:                         Mark Start        Mark End      Relocate Start    Relocate End   
[2026-06-18T14:29:38.341+0800][31.002s][info][gc,alloc    ] GC(87) Y: Allocation Stalls:          0                0                0                0         
[2026-06-18T14:29:38.341+0800][31.002s][info][gc,load     ] GC(87) Y: Load: 0.43 (2%) / 0.33 (1%) / 0.30 (1%)
[2026-06-18T14:29:38.341+0800][31.003s][info][gc,mmu      ] GC(87) Y: MMU: 2ms/97.5%, 5ms/98.6%, 10ms/99.3%, 20ms/99.6%, 50ms/99.8%, 100ms/99.9%
[2026-06-18T14:29:38.341+0800][31.003s][info][gc,marking  ] GC(87) Y: Mark: 1 stripe(s), 1 proactive flush(es), 1 terminate flush(es), 0 completion(s), 0 continuation(s) 
[2026-06-18T14:29:38.342+0800][31.003s][info][gc,nmethod  ] GC(87) Y: NMethods: 96 registered, 8 unregistered
[2026-06-18T14:29:38.342+0800][31.003s][info][gc,metaspace] GC(87) Y: Metaspace: 0M used, 0M committed, 1088M reserved
[2026-06-18T14:29:38.342+0800][31.004s][info][gc,reloc    ] GC(87) Y:                        Candidates     Selected     In-Place         Size        Empty    Relocated 
[2026-06-18T14:29:38.342+0800][31.004s][info][gc,reloc    ] GC(87) Y: Small Pages:                   65           12            0         130M          96M           4M 
[2026-06-18T14:29:38.343+0800][31.004s][info][gc,reloc    ] GC(87) Y: Medium Pages:                   4            1            0          32M           8M           2M 
[2026-06-18T14:29:38.343+0800][31.004s][info][gc,reloc    ] GC(87) Y: Large Pages:                    7            0            0          14M           0M           0M 
[2026-06-18T14:29:38.343+0800][31.005s][info][gc,reloc    ] GC(87) Y: Forwarding Usage: 0M
[2026-06-18T14:29:38.343+0800][31.005s][info][gc,reloc    ] GC(87) Y: Age Table:
[2026-06-18T14:29:38.343+0800][31.005s][info][gc,reloc    ] GC(87) Y:                    Live             Garbage             Small              Medium             Large        
[2026-06-18T14:29:38.344+0800][31.005s][info][gc,reloc    ] GC(87) Y: Eden              18M (7%)          119M (47%)         60 / 12             2 / 1              1 / 0        
[2026-06-18T14:29:38.344+0800][31.005s][info][gc,reloc    ] GC(87) Y: Survivor 1         4M (2%)           25M (10%)          5 / 0              2 / 0              2 / 0        
[2026-06-18T14:29:38.344+0800][31.006s][info][gc,reloc    ] GC(87) Y: Survivor 2         4M (2%)            0M (0%)           0 / 0              0 / 0              2 / 0        
[2026-06-18T14:29:38.344+0800][31.006s][info][gc,reloc    ] GC(87) Y: Survivor 3         4M (2%)            0M (0%)           0 / 0              0 / 0              2 / 0        
[2026-06-18T14:29:38.345+0800][31.006s][info][gc,heap     ] GC(87) Y: Min Capacity: 256M(100%)
[2026-06-18T14:29:38.345+0800][31.007s][info][gc,heap     ] GC(87) Y: Max Capacity: 256M(100%)
[2026-06-18T14:29:38.346+0800][31.007s][info][gc,heap     ] GC(87) Y: Soft Max Capacity: 256M(100%)
[2026-06-18T14:29:38.346+0800][31.008s][info][gc,heap     ] GC(87) Y: Heap Statistics:
[2026-06-18T14:29:38.346+0800][31.008s][info][gc,heap     ] GC(87) Y:                Mark Start          Mark End        Relocate Start      Relocate End           High               Low         
[2026-06-18T14:29:38.347+0800][31.008s][info][gc,heap     ] GC(87) Y:  Capacity:      256M (100%)        256M (100%)        256M (100%)        256M (100%)        256M (100%)        256M (100%)   
[2026-06-18T14:29:38.347+0800][31.008s][info][gc,heap     ] GC(87) Y:      Free:       64M (25%)          64M (25%)         168M (66%)         192M (75%)         192M (75%)          64M (25%)    
[2026-06-18T14:29:38.347+0800][31.009s][info][gc,heap     ] GC(87) Y:      Used:      192M (75%)         192M (75%)          88M (34%)          64M (25%)         192M (75%)          64M (25%)    
[2026-06-18T14:29:38.347+0800][31.009s][info][gc,heap     ] GC(87) Y: Young Generation Statistics:
[2026-06-18T14:29:38.348+0800][31.009s][info][gc,heap     ] GC(87) Y:                Mark Start          Mark End        Relocate Start      Relocate End    
[2026-06-18T14:29:38.348+0800][31.009s][info][gc,heap     ] GC(87) Y:      Used:      176M (69%)         176M (69%)          72M (28%)          48M (19%)    
[2026-06-18T14:29:38.348+0800][31.010s][info][gc,heap     ] GC(87) Y:      Live:         -                31M (12%)          31M (12%)          31M (12%)    
[2026-06-18T14:29:38.348+0800][31.010s][info][gc,heap     ] GC(87) Y:   Garbage:         -               144M (56%)          40M (16%)           2M (1%)     
[2026-06-18T14:29:38.349+0800][31.010s][info][gc,heap     ] GC(87) Y: Allocated:         -                 0M (0%)            0M (0%)           14M (6%)     
[2026-06-18T14:29:38.349+0800][31.010s][info][gc,heap     ] GC(87) Y: Reclaimed:         -                  -               104M (41%)         142M (56%)    
[2026-06-18T14:29:38.349+0800][31.010s][info][gc,heap     ] GC(87) Y:  Promoted:         -                  -                 0M (0%)            0M (0%)     
[2026-06-18T14:29:38.349+0800][31.011s][info][gc,heap     ] GC(87) Y: Compacted:         -                  -                  -                 9M (4%)     
[2026-06-18T14:29:38.349+0800][31.011s][info][gc,phases   ] GC(87) Y: Young Generation 192M(75%)->64M(25%) 0.008s
[2026-06-18T14:29:38.350+0800][31.011s][info][gc,phases   ] GC(87) O: Old Generation
[2026-06-18T14:29:38.351+0800][31.013s][info][gc,phases   ] GC(87) O: Concurrent Mark 1.169ms
[2026-06-18T14:29:38.352+0800][31.013s][info][gc,phases   ] GC(87) O: Pause Mark End 0.010ms
[2026-06-18T14:29:38.352+0800][31.013s][info][gc,phases   ] GC(87) O: Concurrent Mark Free 0.002ms
[2026-06-18T14:29:38.353+0800][31.014s][info][gc,phases   ] GC(87) O: Concurrent Process Non-Strong 0.277ms
[2026-06-18T14:29:38.353+0800][31.015s][info][gc,phases   ] GC(87) O: Concurrent Reset Relocation Set 0.001ms
[2026-06-18T14:29:38.353+0800][31.015s][info][gc,phases   ] GC(87) O: Concurrent Select Relocation Set 0.050ms
[2026-06-18T14:29:38.354+0800][31.015s][info][gc,task     ] GC(87) O: Using 2 Workers for Old Generation
[2026-06-18T14:29:38.354+0800][31.016s][info][gc,task     ] GC(87) O: Using 1 Workers for Old Generation
[2026-06-18T14:29:38.354+0800][31.016s][info][gc,phases   ] GC(87) O: Concurrent Remap Roots 0.709ms
[2026-06-18T14:29:38.354+0800][31.016s][info][gc,phases   ] GC(87) O: Pause Relocate Start 0.007ms
[2026-06-18T14:29:38.355+0800][31.016s][info][gc,phases   ] GC(87) O: Concurrent Relocate 0.062ms
[2026-06-18T14:29:38.355+0800][31.017s][info][gc,alloc    ] GC(87) O:                         Mark Start        Mark End      Relocate Start    Relocate End   
[2026-06-18T14:29:38.355+0800][31.017s][info][gc,alloc    ] GC(87) O: Allocation Stalls:          0                0                0                0         
[2026-06-18T14:29:38.356+0800][31.017s][info][gc,load     ] GC(87) O: Load: 0.43 (2%) / 0.33 (1%) / 0.30 (1%)
[2026-06-18T14:29:38.356+0800][31.017s][info][gc,mmu      ] GC(87) O: MMU: 2ms/97.5%, 5ms/98.6%, 10ms/99.3%, 20ms/99.6%, 50ms/99.8%, 100ms/99.9%
[2026-06-18T14:29:38.356+0800][31.017s][info][gc,marking  ] GC(87) O: Mark: 1 stripe(s), 2 proactive flush(es), 1 terminate flush(es), 0 completion(s), 0 continuation(s) 
[2026-06-18T14:29:38.356+0800][31.018s][info][gc,nmethod  ] GC(87) O: NMethods: 96 registered, 8 unregistered
[2026-06-18T14:29:38.357+0800][31.019s][info][gc,metaspace] GC(87) O: Metaspace: 0M used, 0M committed, 1088M reserved
[2026-06-18T14:29:38.357+0800][31.019s][info][gc,ref      ] GC(87) O:                       Encountered   Discovered     Enqueued 
[2026-06-18T14:29:38.358+0800][31.019s][info][gc,ref      ] GC(87) O: Soft References:                2            0            0 
[2026-06-18T14:29:38.358+0800][31.019s][info][gc,ref      ] GC(87) O: Weak References:                6            0            0 
[2026-06-18T14:29:38.358+0800][31.020s][info][gc,ref      ] GC(87) O: Final References:               0            0            0 
[2026-06-18T14:29:38.358+0800][31.020s][info][gc,ref      ] GC(87) O: Phantom References:             1            1            0 
[2026-06-18T14:29:38.359+0800][31.020s][info][gc,reloc    ] GC(87) O:                        Candidates     Selected     In-Place         Size        Empty    Relocated 
[2026-06-18T14:29:38.359+0800][31.021s][info][gc,reloc    ] GC(87) O: Small Pages:                    1            0            0           2M           0M           0M 
[2026-06-18T14:29:38.359+0800][31.021s][info][gc,reloc    ] GC(87) O: Medium Pages:                   1            0            0           8M           8M           0M 
[2026-06-18T14:29:38.360+0800][31.021s][info][gc,reloc    ] GC(87) O: Large Pages:                    3            0            0           6M           6M           0M 
[2026-06-18T14:29:38.360+0800][31.021s][info][gc,reloc    ] GC(87) O: Forwarding Usage: 0M
[2026-06-18T14:29:38.360+0800][31.022s][info][gc,heap     ] GC(87) O: Min Capacity: 256M(100%)
[2026-06-18T14:29:38.360+0800][31.022s][info][gc,heap     ] GC(87) O: Max Capacity: 256M(100%)
[2026-06-18T14:29:38.361+0800][31.022s][info][gc,heap     ] GC(87) O: Soft Max Capacity: 256M(100%)
[2026-06-18T14:29:38.361+0800][31.022s][info][gc,heap     ] GC(87) O: Heap Statistics:
[2026-06-18T14:29:38.361+0800][31.022s][info][gc,heap     ] GC(87) O:                Mark Start          Mark End        Relocate Start      Relocate End           High               Low         
[2026-06-18T14:29:38.361+0800][31.023s][info][gc,heap     ] GC(87) O:  Capacity:      256M (100%)        256M (100%)        256M (100%)        256M (100%)        256M (100%)        256M (100%)   
[2026-06-18T14:29:38.361+0800][31.023s][info][gc,heap     ] GC(87) O:      Free:       64M (25%)         176M (69%)         190M (74%)         190M (74%)         192M (75%)          64M (25%)    
[2026-06-18T14:29:38.362+0800][31.023s][info][gc,heap     ] GC(87) O:      Used:      192M (75%)          80M (31%)          66M (26%)          66M (26%)         192M (75%)          64M (25%)    
[2026-06-18T14:29:38.362+0800][31.023s][info][gc,heap     ] GC(87) O: Old Generation Statistics:
[2026-06-18T14:29:38.362+0800][31.023s][info][gc,heap     ] GC(87) O:                Mark Start          Mark End        Relocate Start      Relocate End    
[2026-06-18T14:29:38.362+0800][31.024s][info][gc,heap     ] GC(87) O:      Used:       16M (6%)           16M (6%)            2M (1%)            2M (1%)     
[2026-06-18T14:29:38.363+0800][31.024s][info][gc,heap     ] GC(87) O:      Live:         -                 0M (0%)            0M (0%)            0M (0%)     
[2026-06-18T14:29:38.363+0800][31.024s][info][gc,heap     ] GC(87) O:   Garbage:         -                15M (6%)            1M (1%)            1M (1%)     
[2026-06-18T14:29:38.363+0800][31.025s][info][gc,heap     ] GC(87) O: Allocated:         -                 0M (0%)            0M (0%)            0M (0%)     
[2026-06-18T14:29:38.364+0800][31.025s][info][gc,heap     ] GC(87) O: Reclaimed:         -                  -                14M (5%)           14M (5%)     
[2026-06-18T14:29:38.364+0800][31.025s][info][gc,heap     ] GC(87) O: Compacted:         -                  -                  -                 0M (0%)     
[2026-06-18T14:29:38.364+0800][31.026s][info][gc,phases   ] GC(87) O: Old Generation 76M(30%)->66M(26%) 0.005s
[2026-06-18T14:29:38.364+0800][31.026s][info][gc          ] GC(87) Major Collection (Proactive) 190M(74%)->70M(27%) 0.035s
[2026-06-18T14:29:39.637+0800][31.444s][info][gc          ] GC(88) Minor Collection (High Usage)
[2026-06-18T14:29:39.638+0800][31.445s][info][gc,task     ] GC(88) Using 1 Workers for Young Generation
[2026-06-18T14:29:39.638+0800][31.445s][info][gc,phases   ] GC(88) y: Young Generation
[2026-06-18T14:29:39.638+0800][31.446s][info][gc,phases   ] GC(88) y: Pause Mark Start 0.010ms
[2026-06-18T14:29:39.639+0800][31.447s][info][gc,phases   ] GC(88) y: Concurrent Mark 0.381ms
[2026-06-18T14:29:39.640+0800][31.447s][info][gc,phases   ] GC(88) y: Pause Mark End 0.006ms
[2026-06-18T14:29:39.640+0800][31.447s][info][gc,phases   ] GC(88) y: Concurrent Mark Free 0.001ms
[2026-06-18T14:29:39.640+0800][31.448s][info][gc,phases   ] GC(88) y: Concurrent Reset Relocation Set 0.002ms
[2026-06-18T14:29:39.641+0800][31.448s][info][gc,reloc    ] GC(88) y: Using tenuring threshold: 3 (Computed)
[2026-06-18T14:29:39.641+0800][31.449s][info][gc,phases   ] GC(88) y: Concurrent Select Relocation Set 0.605ms
[2026-06-18T14:29:39.642+0800][31.449s][info][gc,phases   ] GC(88) y: Pause Relocate Start 0.007ms
[2026-06-18T14:29:39.643+0800][31.450s][info][gc,phases   ] GC(88) y: Concurrent Relocate 1.058ms
[2026-06-18T14:29:39.643+0800][31.451s][info][gc,alloc    ] GC(88) y:                         Mark Start        Mark End      Relocate Start    Relocate End   
[2026-06-18T14:29:39.644+0800][31.451s][info][gc,alloc    ] GC(88) y: Allocation Stalls:          0                0                0                0         
[2026-06-18T14:29:39.644+0800][31.451s][info][gc,load     ] GC(88) y: Load: 0.43 (2%) / 0.33 (1%) / 0.30 (1%)
[2026-06-18T14:29:39.644+0800][31.452s][info][gc,mmu      ] GC(88) y: MMU: 2ms/97.5%, 5ms/98.6%, 10ms/99.3%, 20ms/99.6%, 50ms/99.8%, 100ms/99.9%
[2026-06-18T14:29:39.645+0800][31.452s][info][gc,marking  ] GC(88) y: Mark: 1 stripe(s), 1 proactive flush(es), 1 terminate flush(es), 0 completion(s), 0 continuation(s) 
[2026-06-18T14:29:39.645+0800][31.452s][info][gc,nmethod  ] GC(88) y: NMethods: 96 registered, 8 unregistered
[2026-06-18T14:29:39.645+0800][31.452s][info][gc,metaspace] GC(88) y: Metaspace: 0M used, 0M committed, 1088M reserved
[2026-06-18T14:29:39.645+0800][31.453s][info][gc,reloc    ] GC(88) y:                        Candidates     Selected     In-Place         Size        Empty    Relocated 
[2026-06-18T14:29:39.646+0800][31.453s][info][gc,reloc    ] GC(88) y: Small Pages:                   85           11            0         170M         138M           3M 
[2026-06-18T14:29:39.646+0800][31.453s][info][gc,reloc    ] GC(88) y: Medium Pages:                   6            1            0          48M          24M           4M 
[2026-06-18T14:29:39.646+0800][31.454s][info][gc,reloc    ] GC(88) y: Large Pages:                    7            0            0          14M           8M           0M 
[2026-06-18T14:29:39.647+0800][31.454s][info][gc,reloc    ] GC(88) y: Forwarding Usage: 0M
[2026-06-18T14:29:39.647+0800][31.454s][info][gc,reloc    ] GC(88) y: Age Table:
[2026-06-18T14:29:39.647+0800][31.455s][info][gc,reloc    ] GC(88) y:                    Live             Garbage             Small              Medium             Large        
[2026-06-18T14:29:39.648+0800][31.455s][info][gc,reloc    ] GC(88) y: Eden              18M (7%)          165M (65%)         80 / 11             3 / 1              0 / 0        
[2026-06-18T14:29:39.648+0800][31.455s][info][gc,reloc    ] GC(88) y: Survivor 1         2M (1%)           25M (10%)          5 / 0              2 / 0              1 / 0        
[2026-06-18T14:29:39.648+0800][31.456s][info][gc,reloc    ] GC(88) y: Survivor 2         4M (2%)            8M (3%)           0 / 0              1 / 0              2 / 0        
[2026-06-18T14:29:39.648+0800][31.456s][info][gc,reloc    ] GC(88) y: Survivor 3          -                 4M (2%)           0 / 0              0 / 0              2 / 0        
[2026-06-18T14:29:39.649+0800][31.456s][info][gc,reloc    ] GC(88) y: Survivor 4          -                 4M (2%)           0 / 0              0 / 0              2 / 0        
[2026-06-18T14:29:39.649+0800][31.456s][info][gc,heap     ] GC(88) y: Min Capacity: 256M(100%)
[2026-06-18T14:29:39.649+0800][31.457s][info][gc,heap     ] GC(88) y: Max Capacity: 256M(100%)
[2026-06-18T14:29:39.649+0800][31.457s][info][gc,heap     ] GC(88) y: Soft Max Capacity: 256M(100%)
[2026-06-18T14:29:39.650+0800][31.457s][info][gc,heap     ] GC(88) y: Heap Statistics:
[2026-06-18T14:29:39.650+0800][31.457s][info][gc,heap     ] GC(88) y:                Mark Start          Mark End        Relocate Start      Relocate End           High               Low         
[2026-06-18T14:29:39.650+0800][31.458s][info][gc,heap     ] GC(88) y:  Capacity:      256M (100%)        256M (100%)        256M (100%)        256M (100%)        256M (100%)        256M (100%)   
[2026-06-18T14:29:39.650+0800][31.458s][info][gc,heap     ] GC(88) y:      Free:       22M (9%)           22M (9%)          192M (75%)         214M (84%)         214M (84%)          22M (9%)     
[2026-06-18T14:29:39.651+0800][31.458s][info][gc,heap     ] GC(88) y:      Used:      234M (91%)         234M (91%)          64M (25%)          42M (16%)         234M (91%)          42M (16%)    
[2026-06-18T14:29:39.651+0800][31.458s][info][gc,heap     ] GC(88) y: Young Generation Statistics:
[2026-06-18T14:29:39.651+0800][31.459s][info][gc,heap     ] GC(88) y:                Mark Start          Mark End        Relocate Start      Relocate End    
[2026-06-18T14:29:39.651+0800][31.459s][info][gc,heap     ] GC(88) y:      Used:      232M (91%)         232M (91%)          62M (24%)          40M (16%)    
[2026-06-18T14:29:39.652+0800][31.459s][info][gc,heap     ] GC(88) y:      Live:         -                25M (10%)          25M (10%)          25M (10%)    
[2026-06-18T14:29:39.652+0800][31.459s][info][gc,heap     ] GC(88) y:   Garbage:         -               206M (81%)          36M (14%)           2M (1%)     
[2026-06-18T14:29:39.652+0800][31.460s][info][gc,heap     ] GC(88) y: Allocated:         -                 0M (0%)            0M (0%)           12M (5%)     
[2026-06-18T14:29:39.652+0800][31.460s][info][gc,heap     ] GC(88) y: Reclaimed:         -                  -               170M (66%)         204M (80%)    
[2026-06-18T14:29:39.653+0800][31.460s][info][gc,heap     ] GC(88) y:  Promoted:         -                  -                 0M (0%)            0M (0%)     
[2026-06-18T14:29:39.653+0800][31.460s][info][gc,heap     ] GC(88) y: Compacted:         -                  -                  -                 9M (4%)     
[2026-06-18T14:29:39.653+0800][31.461s][info][gc,phases   ] GC(88) y: Young Generation 234M(91%)->42M(16%) 0.005s
[2026-06-18T14:29:39.654+0800][31.461s][info][gc          ] GC(88) Minor Collection (High Usage) 232M(91%)->46M(18%) 0.017s
[2026-06-18T14:29:39.912+0800][31.719s][info][gc          ] GC(89) Major Collection (Proactive)
[2026-06-18T14:29:39.913+0800][31.720s][info][gc,task     ] GC(89) Using 1 Workers for Young Generation
[2026-06-18T14:29:39.914+0800][31.722s][info][gc,task     ] GC(89) Using 1 Workers for Old Generation
[2026-06-18T14:29:39.915+0800][31.723s][info][gc,phases   ] GC(89) Y: Young Generation
[2026-06-18T14:29:39.916+0800][31.723s][info][gc,phases   ] GC(89) Y: Pause Mark Start (Major) 0.018ms
[2026-06-18T14:29:39.917+0800][31.724s][info][gc,phases   ] GC(89) Y: Concurrent Mark 0.520ms
[2026-06-18T14:29:39.918+0800][31.725s][info][gc,phases   ] GC(89) Y: Pause Mark End 0.009ms
[2026-06-18T14:29:39.918+0800][31.726s][info][gc,phases   ] GC(89) Y: Concurrent Mark Free 0.002ms
[2026-06-18T14:29:39.919+0800][31.726s][info][gc,phases   ] GC(89) Y: Concurrent Reset Relocation Set 0.002ms
[2026-06-18T14:29:39.920+0800][31.727s][info][gc,reloc    ] GC(89) Y: Using tenuring threshold: 3 (Computed)
[2026-06-18T14:29:39.921+0800][31.728s][info][gc,phases   ] GC(89) Y: Concurrent Select Relocation Set 0.937ms
[2026-06-18T14:29:39.921+0800][31.729s][info][gc,phases   ] GC(89) Y: Pause Relocate Start 0.009ms
[2026-06-18T14:29:39.923+0800][31.730s][info][gc,phases   ] GC(89) Y: Concurrent Relocate 1.195ms
[2026-06-18T14:29:39.924+0800][31.731s][info][gc,alloc    ] GC(89) Y:                         Mark Start        Mark End      Relocate Start    Relocate End   
[2026-06-18T14:29:39.924+0800][31.731s][info][gc,alloc    ] GC(89) Y: Allocation Stalls:          0                0                0                0         
[2026-06-18T14:29:39.924+0800][31.732s][info][gc,load     ] GC(89) Y: Load: 0.43 (2%) / 0.33 (1%) / 0.30 (1%)
[2026-06-18T14:29:39.924+0800][31.732s][info][gc,mmu      ] GC(89) Y: MMU: 2ms/97.5%, 5ms/98.6%, 10ms/99.3%, 20ms/99.6%, 50ms/99.8%, 100ms/99.9%
[2026-06-18T14:29:39.925+0800][31.732s][info][gc,marking  ] GC(89) Y: Mark: 1 stripe(s), 1 proactive flush(es), 1 terminate flush(es), 0 completion(s), 0 continuation(s) 
[2026-06-18T14:29:39.925+0800][31.732s][info][gc,nmethod  ] GC(89) Y: NMethods: 96 registered, 8 unregistered
[2026-06-18T14:29:39.926+0800][31.733s][info][gc,metaspace] GC(89) Y: Metaspace: 0M used, 0M committed, 1088M reserved
[2026-06-18T14:29:39.926+0800][31.733s][info][gc,reloc    ] GC(89) Y:                        Candidates     Selected     In-Place         Size        Empty    Relocated 
[2026-06-18T14:29:39.927+0800][31.734s][info][gc,reloc    ] GC(89) Y: Small Pages:                   53           13            0         106M          74M           3M 
[2026-06-18T14:29:39.927+0800][31.734s][info][gc,reloc    ] GC(89) Y: Medium Pages:                   5            3            0          40M           0M           4M 
[2026-06-18T14:29:39.927+0800][31.735s][info][gc,reloc    ] GC(89) Y: Large Pages:                    4            0            0           8M           0M           0M 
[2026-06-18T14:29:39.927+0800][31.735s][info][gc,reloc    ] GC(89) Y: Forwarding Usage: 0M
[2026-06-18T14:29:39.928+0800][31.735s][info][gc,reloc    ] GC(89) Y: Age Table:
[2026-06-18T14:29:39.928+0800][31.735s][info][gc,reloc    ] GC(89) Y:                    Live             Garbage             Small              Medium             Large        
[2026-06-18T14:29:39.928+0800][31.736s][info][gc,reloc    ] GC(89) Y: Eden              17M (7%)           96M (38%)         48 / 13             2 / 1              1 / 0        
[2026-06-18T14:29:39.928+0800][31.736s][info][gc,reloc    ] GC(89) Y: Survivor 1         1M (1%)           24M (10%)          5 / 0              2 / 2              0 / 0        
[2026-06-18T14:29:39.929+0800][31.736s][info][gc,reloc    ] GC(89) Y: Survivor 2         2M (1%)            7M (3%)           0 / 0              1 / 0              1 / 0        
[2026-06-18T14:29:39.929+0800][31.736s][info][gc,reloc    ] GC(89) Y: Survivor 3         4M (2%)            0M (0%)           0 / 0              0 / 0              2 / 0        
[2026-06-18T14:29:39.929+0800][31.736s][info][gc,heap     ] GC(89) Y: Min Capacity: 256M(100%)
[2026-06-18T14:29:39.929+0800][31.737s][info][gc,heap     ] GC(89) Y: Max Capacity: 256M(100%)
[2026-06-18T14:29:39.929+0800][31.737s][info][gc,heap     ] GC(89) Y: Soft Max Capacity: 256M(100%)
[2026-06-18T14:29:39.930+0800][31.737s][info][gc,heap     ] GC(89) Y: Heap Statistics:
[2026-06-18T14:29:39.930+0800][31.737s][info][gc,heap     ] GC(89) Y:                Mark Start          Mark End        Relocate Start      Relocate End           High               Low         
[2026-06-18T14:29:39.930+0800][31.737s][info][gc,heap     ] GC(89) Y:  Capacity:      256M (100%)        256M (100%)        256M (100%)        256M (100%)        256M (100%)        256M (100%)   
[2026-06-18T14:29:39.930+0800][31.738s][info][gc,heap     ] GC(89) Y:      Free:      100M (39%)         100M (39%)         174M (68%)         194M (76%)         198M (77%)         100M (39%)    
[2026-06-18T14:29:39.930+0800][31.738s][info][gc,heap     ] GC(89) Y:      Used:      156M (61%)         156M (61%)          82M (32%)          62M (24%)         156M (61%)          58M (23%)    
[2026-06-18T14:29:39.931+0800][31.738s][info][gc,heap     ] GC(89) Y: Young Generation Statistics:
[2026-06-18T14:29:39.931+0800][31.738s][info][gc,heap     ] GC(89) Y:                Mark Start          Mark End        Relocate Start      Relocate End    
[2026-06-18T14:29:39.931+0800][31.739s][info][gc,heap     ] GC(89) Y:      Used:      154M (60%)         154M (60%)          76M (30%)          56M (22%)    
[2026-06-18T14:29:39.932+0800][31.739s][info][gc,heap     ] GC(89) Y:      Live:         -                25M (10%)          21M (8%)           21M (8%)     
[2026-06-18T14:29:39.932+0800][31.739s][info][gc,heap     ] GC(89) Y:   Garbage:         -               128M (50%)          54M (21%)           1M (0%)     
[2026-06-18T14:29:39.932+0800][31.740s][info][gc,heap     ] GC(89) Y: Allocated:         -                 0M (0%)            0M (0%)           33M (13%)    
[2026-06-18T14:29:39.933+0800][31.740s][info][gc,heap     ] GC(89) Y: Reclaimed:         -                  -                74M (29%)         127M (50%)    
[2026-06-18T14:29:39.933+0800][31.740s][info][gc,heap     ] GC(89) Y:  Promoted:         -                  -                 4M (2%)            4M (2%)     
[2026-06-18T14:29:39.933+0800][31.741s][info][gc,heap     ] GC(89) Y: Compacted:         -                  -                  -                10M (4%)     
[2026-06-18T14:29:39.933+0800][31.741s][info][gc,phases   ] GC(89) Y: Young Generation 156M(61%)->62M(24%) 0.008s
[2026-06-18T14:29:39.934+0800][31.741s][info][gc,phases   ] GC(89) O: Old Generation
[2026-06-18T14:29:39.935+0800][31.742s][info][gc,phases   ] GC(89) O: Concurrent Mark 0.941ms
[2026-06-18T14:29:39.935+0800][31.743s][info][gc,phases   ] GC(89) O: Pause Mark End 0.010ms
[2026-06-18T14:29:39.936+0800][31.743s][info][gc,phases   ] GC(89) O: Concurrent Mark Free 0.003ms
[2026-06-18T14:29:39.936+0800][31.744s][info][gc,phases   ] GC(89) O: Concurrent Process Non-Strong 0.280ms
[2026-06-18T14:29:39.937+0800][31.744s][info][gc,phases   ] GC(89) O: Concurrent Reset Relocation Set 0.000ms
[2026-06-18T14:29:39.937+0800][31.744s][info][gc,phases   ] GC(89) O: Concurrent Select Relocation Set 0.038ms
[2026-06-18T14:29:39.937+0800][31.745s][info][gc,task     ] GC(89) O: Using 2 Workers for Old Generation
[2026-06-18T14:29:39.938+0800][31.745s][info][gc,task     ] GC(89) O: Using 1 Workers for Old Generation
[2026-06-18T14:29:39.938+0800][31.746s][info][gc,phases   ] GC(89) O: Concurrent Remap Roots 0.809ms
[2026-06-18T14:29:39.939+0800][31.746s][info][gc,phases   ] GC(89) O: Pause Relocate Start 0.009ms
[2026-06-18T14:29:39.939+0800][31.746s][info][gc,phases   ] GC(89) O: Concurrent Relocate 0.066ms
[2026-06-18T14:29:39.939+0800][31.747s][info][gc,alloc    ] GC(89) O:                         Mark Start        Mark End      Relocate Start    Relocate End   
[2026-06-18T14:29:39.940+0800][31.747s][info][gc,alloc    ] GC(89) O: Allocation Stalls:          0                0                0                0         
[2026-06-18T14:29:39.940+0800][31.747s][info][gc,load     ] GC(89) O: Load: 0.43 (2%) / 0.33 (1%) / 0.30 (1%)
[2026-06-18T14:29:39.940+0800][31.747s][info][gc,mmu      ] GC(89) O: MMU: 2ms/97.5%, 5ms/98.6%, 10ms/99.3%, 20ms/99.6%, 50ms/99.8%, 100ms/99.9%
[2026-06-18T14:29:39.940+0800][31.748s][info][gc,marking  ] GC(89) O: Mark: 1 stripe(s), 2 proactive flush(es), 1 terminate flush(es), 0 completion(s), 0 continuation(s) 
[2026-06-18T14:29:39.941+0800][31.748s][info][gc,nmethod  ] GC(89) O: NMethods: 96 registered, 8 unregistered
[2026-06-18T14:29:39.941+0800][31.748s][info][gc,metaspace] GC(89) O: Metaspace: 0M used, 0M committed, 1088M reserved
[2026-06-18T14:29:39.941+0800][31.748s][info][gc,ref      ] GC(89) O:                       Encountered   Discovered     Enqueued 
[2026-06-18T14:29:39.941+0800][31.749s][info][gc,ref      ] GC(89) O: Soft References:                2            0            0 
[2026-06-18T14:29:39.941+0800][31.749s][info][gc,ref      ] GC(89) O: Weak References:                6            0            0 
[2026-06-18T14:29:39.942+0800][31.749s][info][gc,ref      ] GC(89) O: Final References:               0            0            0 
[2026-06-18T14:29:39.942+0800][31.749s][info][gc,ref      ] GC(89) O: Phantom References:             1            1            0 
[2026-06-18T14:29:39.942+0800][31.749s][info][gc,reloc    ] GC(89) O:                        Candidates     Selected     In-Place         Size        Empty    Relocated 
[2026-06-18T14:29:39.942+0800][31.750s][info][gc,reloc    ] GC(89) O: Small Pages:                    1            0            0           2M           0M           0M 
[2026-06-18T14:29:39.943+0800][31.750s][info][gc,reloc    ] GC(89) O: Medium Pages:                   0            0            0           0M           0M           0M 
[2026-06-18T14:29:39.943+0800][31.750s][info][gc,reloc    ] GC(89) O: Large Pages:                    0            0            0           0M           0M           0M 
[2026-06-18T14:29:39.943+0800][31.750s][info][gc,reloc    ] GC(89) O: Forwarding Usage: 0M
[2026-06-18T14:29:39.944+0800][31.751s][info][gc,heap     ] GC(89) O: Min Capacity: 256M(100%)
[2026-06-18T14:29:39.944+0800][31.751s][info][gc,heap     ] GC(89) O: Max Capacity: 256M(100%)
[2026-06-18T14:29:39.944+0800][31.752s][info][gc,heap     ] GC(89) O: Soft Max Capacity: 256M(100%)
[2026-06-18T14:29:39.945+0800][31.752s][info][gc,heap     ] GC(89) O: Heap Statistics:
[2026-06-18T14:29:39.945+0800][31.752s][info][gc,heap     ] GC(89) O:                Mark Start          Mark End        Relocate Start      Relocate End           High               Low         
[2026-06-18T14:29:39.945+0800][31.753s][info][gc,heap     ] GC(89) O:  Capacity:      256M (100%)        256M (100%)        256M (100%)        256M (100%)        256M (100%)        256M (100%)   
[2026-06-18T14:29:39.945+0800][31.753s][info][gc,heap     ] GC(89) O:      Free:      100M (39%)         190M (74%)         190M (74%)         190M (74%)         198M (77%)         100M (39%)    
[2026-06-18T14:29:39.946+0800][31.753s][info][gc,heap     ] GC(89) O:      Used:      156M (61%)          66M (26%)          66M (26%)          66M (26%)         156M (61%)          58M (23%)    
[2026-06-18T14:29:39.946+0800][31.753s][info][gc,heap     ] GC(89) O: Old Generation Statistics:
[2026-06-18T14:29:39.946+0800][31.754s][info][gc,heap     ] GC(89) O:                Mark Start          Mark End        Relocate Start      Relocate End    
[2026-06-18T14:29:39.946+0800][31.754s][info][gc,heap     ] GC(89) O:      Used:        2M (1%)            6M (2%)            6M (2%)            6M (2%)     
[2026-06-18T14:29:39.947+0800][31.754s][info][gc,heap     ] GC(89) O:      Live:         -                 0M (0%)            0M (0%)            0M (0%)     
[2026-06-18T14:29:39.947+0800][31.754s][info][gc,heap     ] GC(89) O:   Garbage:         -                 1M (1%)            1M (1%)            1M (1%)     
[2026-06-18T14:29:39.947+0800][31.754s][info][gc,heap     ] GC(89) O: Allocated:         -                 4M (2%)            4M (2%)            4M (2%)     
[2026-06-18T14:29:39.947+0800][31.755s][info][gc,heap     ] GC(89) O: Reclaimed:         -                  -                 0M (0%)            0M (0%)     
[2026-06-18T14:29:39.948+0800][31.755s][info][gc,heap     ] GC(89) O: Compacted:         -                  -                  -                 0M (0%)     
[2026-06-18T14:29:39.948+0800][31.755s][info][gc,phases   ] GC(89) O: Old Generation 66M(26%)->66M(26%) 0.006s
[2026-06-18T14:29:39.948+0800][31.756s][info][gc          ] GC(89) Major Collection (Proactive) 152M(59%)->68M(27%) 0.037s
[2026-06-18T14:29:40.356+0800][32.164s][info][gc          ] GC(90) Minor Collection (High Usage)
[2026-06-18T14:29:40.358+0800][32.166s][info][gc,task     ] GC(90) Using 1 Workers for Young Generation
[2026-06-18T14:29:40.360+0800][32.167s][info][gc,phases   ] GC(90) y: Young Generation
[2026-06-18T14:29:40.360+0800][32.168s][info][gc,phases   ] GC(90) y: Pause Mark Start 0.015ms
[2026-06-18T14:29:40.362+0800][32.170s][info][gc,phases   ] GC(90) y: Concurrent Mark 0.807ms
[2026-06-18T14:29:40.363+0800][32.170s][info][gc,phases   ] GC(90) y: Pause Mark End 0.011ms
[2026-06-18T14:29:40.364+0800][32.171s][info][gc,phases   ] GC(90) y: Concurrent Mark Free 0.002ms
[2026-06-18T14:29:40.364+0800][32.172s][info][gc,phases   ] GC(90) y: Concurrent Reset Relocation Set 0.004ms
[2026-06-18T14:29:40.365+0800][32.172s][info][gc,reloc    ] GC(90) y: Using tenuring threshold: 4 (Computed)
[2026-06-18T14:29:40.365+0800][32.173s][info][gc,phases   ] GC(90) y: Concurrent Select Relocation Set 0.702ms
[2026-06-18T14:29:40.366+0800][32.173s][info][gc,phases   ] GC(90) y: Pause Relocate Start 0.006ms
[2026-06-18T14:29:40.367+0800][32.175s][info][gc,phases   ] GC(90) y: Concurrent Relocate 0.934ms
[2026-06-18T14:29:40.368+0800][32.175s][info][gc,alloc    ] GC(90) y:                         Mark Start        Mark End      Relocate Start    Relocate End   
[2026-06-18T14:29:40.368+0800][32.176s][info][gc,alloc    ] GC(90) y: Allocation Stalls:          0                0                0                0         
[2026-06-18T14:29:40.369+0800][32.176s][info][gc,load     ] GC(90) y: Load: 0.43 (2%) / 0.33 (1%) / 0.30 (1%)
[2026-06-18T14:29:40.369+0800][32.176s][info][gc,mmu      ] GC(90) y: MMU: 2ms/97.5%, 5ms/98.6%, 10ms/99.3%, 20ms/99.6%, 50ms/99.8%, 100ms/99.9%
[2026-06-18T14:29:40.369+0800][32.177s][info][gc,marking  ] GC(90) y: Mark: 1 stripe(s), 1 proactive flush(es), 1 terminate flush(es), 0 completion(s), 0 continuation(s) 
[2026-06-18T14:29:40.370+0800][32.177s][info][gc,nmethod  ] GC(90) y: NMethods: 96 registered, 8 unregistered
[2026-06-18T14:29:40.370+0800][32.177s][info][gc,metaspace] GC(90) y: Metaspace: 0M used, 0M committed, 1088M reserved
[2026-06-18T14:29:40.370+0800][32.178s][info][gc,reloc    ] GC(90) y:                        Candidates     Selected     In-Place         Size        Empty    Relocated 
[2026-06-18T14:29:40.371+0800][32.178s][info][gc,reloc    ] GC(90) y: Small Pages:                   81            5            0         162M         146M           2M 
[2026-06-18T14:29:40.371+0800][32.178s][info][gc,reloc    ] GC(90) y: Medium Pages:                   7            3            0          56M          16M           3M 
[2026-06-18T14:29:40.371+0800][32.179s][info][gc,reloc    ] GC(90) y: Large Pages:                    4            0            0           8M           0M           0M 
[2026-06-18T14:29:40.371+0800][32.179s][info][gc,reloc    ] GC(90) y: Forwarding Usage: 0M
[2026-06-18T14:29:40.372+0800][32.179s][info][gc,reloc    ] GC(90) y: Age Table:
[2026-06-18T14:29:40.372+0800][32.179s][info][gc,reloc    ] GC(90) y:                    Live             Garbage             Small              Medium             Large        
[2026-06-18T14:29:40.372+0800][32.179s][info][gc,reloc    ] GC(90) y: Eden              15M (6%)          168M (66%)         78 / 5              3 / 1              2 / 0        
[2026-06-18T14:29:40.372+0800][32.180s][info][gc,reloc    ] GC(90) y: Survivor 1         2M (1%)           21M (8%)           3 / 0              2 / 0              1 / 0        
[2026-06-18T14:29:40.373+0800][32.180s][info][gc,reloc    ] GC(90) y: Survivor 2         1M (1%)            6M (2%)           0 / 0              1 / 1              0 / 0        
[2026-06-18T14:29:40.373+0800][32.180s][info][gc,reloc    ] GC(90) y: Survivor 3         2M (1%)            7M (3%)           0 / 0              1 / 1              1 / 0        
[2026-06-18T14:29:40.373+0800][32.180s][info][gc,heap     ] GC(90) y: Min Capacity: 256M(100%)
[2026-06-18T14:29:40.373+0800][32.181s][info][gc,heap     ] GC(90) y: Max Capacity: 256M(100%)
[2026-06-18T14:29:40.373+0800][32.181s][info][gc,heap     ] GC(90) y: Soft Max Capacity: 256M(100%)
[2026-06-18T14:29:40.374+0800][32.181s][info][gc,heap     ] GC(90) y: Heap Statistics:
[2026-06-18T14:29:40.374+0800][32.182s][info][gc,heap     ] GC(90) y:                Mark Start          Mark End        Relocate Start      Relocate End           High               Low         
[2026-06-18T14:29:40.375+0800][32.182s][info][gc,heap     ] GC(90) y:  Capacity:      256M (100%)        256M (100%)        256M (100%)        256M (100%)        256M (100%)        256M (100%)   
[2026-06-18T14:29:40.375+0800][32.182s][info][gc,heap     ] GC(90) y:      Free:       24M (9%)           24M (9%)          186M (73%)         182M (71%)         186M (73%)          24M (9%)     
[2026-06-18T14:29:40.375+0800][32.182s][info][gc,heap     ] GC(90) y:      Used:      232M (91%)         232M (91%)          70M (27%)          74M (29%)         232M (91%)          70M (27%)    
[2026-06-18T14:29:40.375+0800][32.183s][info][gc,heap     ] GC(90) y: Young Generation Statistics:
[2026-06-18T14:29:40.376+0800][32.183s][info][gc,heap     ] GC(90) y:                Mark Start          Mark End        Relocate Start      Relocate End    
[2026-06-18T14:29:40.376+0800][32.183s][info][gc,heap     ] GC(90) y:      Used:      226M (88%)         226M (88%)          64M (25%)          68M (27%)    
[2026-06-18T14:29:40.376+0800][32.183s][info][gc,heap     ] GC(90) y:      Live:         -                23M (9%)           23M (9%)           23M (9%)     
[2026-06-18T14:29:40.376+0800][32.184s][info][gc,heap     ] GC(90) y:   Garbage:         -               202M (79%)          40M (16%)           2M (1%)     
[2026-06-18T14:29:40.376+0800][32.184s][info][gc,heap     ] GC(90) y: Allocated:         -                 0M (0%)            0M (0%)           42M (17%)    
[2026-06-18T14:29:40.377+0800][32.184s][info][gc,heap     ] GC(90) y: Reclaimed:         -                  -               162M (63%)         200M (78%)    
[2026-06-18T14:29:40.377+0800][32.184s][info][gc,heap     ] GC(90) y:  Promoted:         -                  -                 0M (0%)            0M (0%)     
[2026-06-18T14:29:40.377+0800][32.184s][info][gc,heap     ] GC(90) y: Compacted:         -                  -                  -                 7M (3%)     
[2026-06-18T14:29:40.377+0800][32.185s][info][gc,phases   ] GC(90) y: Young Generation 232M(91%)->74M(29%) 0.008s
[2026-06-18T14:29:40.378+0800][32.185s][info][gc          ] GC(90) Minor Collection (High Usage) 232M(91%)->78M(30%) 0.021s
[2026-06-18T14:29:40.725+0800][32.532s][info][gc          ] GC(91) Major Collection (Proactive)
[2026-06-18T14:29:40.727+0800][32.534s][info][gc,task     ] GC(91) Using 1 Workers for Young Generation
[2026-06-18T14:29:40.728+0800][32.535s][info][gc,task     ] GC(91) Using 1 Workers for Old Generation
[2026-06-18T14:29:40.729+0800][32.536s][info][gc,phases   ] GC(91) Y: Young Generation
[2026-06-18T14:29:40.729+0800][32.537s][info][gc,phases   ] GC(91) Y: Pause Mark Start (Major) 0.013ms
[2026-06-18T14:29:40.731+0800][32.538s][info][gc,phases   ] GC(91) Y: Concurrent Mark 0.593ms
[2026-06-18T14:29:40.732+0800][32.539s][info][gc,phases   ] GC(91) Y: Pause Mark End 0.008ms
[2026-06-18T14:29:40.732+0800][32.540s][info][gc,phases   ] GC(91) Y: Concurrent Mark Free 0.001ms
[2026-06-18T14:29:40.733+0800][32.540s][info][gc,phases   ] GC(91) Y: Concurrent Reset Relocation Set 0.001ms
[2026-06-18T14:29:40.733+0800][32.541s][info][gc,reloc    ] GC(91) Y: Using tenuring threshold: 4 (Computed)
[2026-06-18T14:29:40.734+0800][32.541s][info][gc,phases   ] GC(91) Y: Concurrent Select Relocation Set 0.611ms
[2026-06-18T14:29:40.734+0800][32.542s][info][gc,phases   ] GC(91) Y: Pause Relocate Start 0.006ms
[2026-06-18T14:29:40.736+0800][32.543s][info][gc,phases   ] GC(91) Y: Concurrent Relocate 1.077ms
[2026-06-18T14:29:40.736+0800][32.543s][info][gc,alloc    ] GC(91) Y:                         Mark Start        Mark End      Relocate Start    Relocate End   
[2026-06-18T14:29:40.736+0800][32.544s][info][gc,alloc    ] GC(91) Y: Allocation Stalls:          0                0                0                0         
[2026-06-18T14:29:40.737+0800][32.544s][info][gc,load     ] GC(91) Y: Load: 0.43 (2%) / 0.33 (1%) / 0.30 (1%)
[2026-06-18T14:29:40.738+0800][32.545s][info][gc,mmu      ] GC(91) Y: MMU: 2ms/97.5%, 5ms/98.6%, 10ms/99.3%, 20ms/99.6%, 50ms/99.8%, 100ms/99.9%
[2026-06-18T14:29:40.738+0800][32.545s][info][gc,marking  ] GC(91) Y: Mark: 1 stripe(s), 1 proactive flush(es), 1 terminate flush(es), 0 completion(s), 0 continuation(s) 
[2026-06-18T14:29:40.738+0800][32.546s][info][gc,nmethod  ] GC(91) Y: NMethods: 96 registered, 8 unregistered
[2026-06-18T14:29:40.738+0800][32.546s][info][gc,metaspace] GC(91) Y: Metaspace: 0M used, 0M committed, 1088M reserved
[2026-06-18T14:29:40.739+0800][32.546s][info][gc,reloc    ] GC(91) Y:                        Candidates     Selected     In-Place         Size        Empty    Relocated 
[2026-06-18T14:29:40.739+0800][32.546s][info][gc,reloc    ] GC(91) Y: Small Pages:                   68           11            0         136M         106M           3M 
[2026-06-18T14:29:40.739+0800][32.547s][info][gc,reloc    ] GC(91) Y: Medium Pages:                   7            2            0          56M          24M           4M 
[2026-06-18T14:29:40.740+0800][32.547s][info][gc,reloc    ] GC(91) Y: Large Pages:                    4            0            0           8M           2M           0M 
[2026-06-18T14:29:40.740+0800][32.547s][info][gc,reloc    ] GC(91) Y: Forwarding Usage: 0M
[2026-06-18T14:29:40.740+0800][32.547s][info][gc,reloc    ] GC(91) Y: Age Table:
[2026-06-18T14:29:40.740+0800][32.548s][info][gc,reloc    ] GC(91) Y:                    Live             Garbage             Small              Medium             Large        
[2026-06-18T14:29:40.740+0800][32.548s][info][gc,reloc    ] GC(91) Y: Eden              16M (6%)          129M (51%)         65 / 11             2 / 1              0 / 0        
[2026-06-18T14:29:40.741+0800][32.548s][info][gc,reloc    ] GC(91) Y: Survivor 1         4M (2%)           22M (9%)           3 / 0              2 / 0              2 / 0        
[2026-06-18T14:29:40.741+0800][32.548s][info][gc,reloc    ] GC(91) Y: Survivor 2         2M (1%)            7M (3%)           0 / 0              1 / 0              1 / 0        
[2026-06-18T14:29:40.741+0800][32.548s][info][gc,reloc    ] GC(91) Y: Survivor 3         0M (0%)            7M (3%)           0 / 0              1 / 1              0 / 0        
[2026-06-18T14:29:40.741+0800][32.549s][info][gc,reloc    ] GC(91) Y: Survivor 4          -                10M (4%)           0 / 0              1 / 0              1 / 0        
[2026-06-18T14:29:40.741+0800][32.549s][info][gc,heap     ] GC(91) Y: Min Capacity: 256M(100%)
[2026-06-18T14:29:40.742+0800][32.549s][info][gc,heap     ] GC(91) Y: Max Capacity: 256M(100%)
[2026-06-18T14:29:40.742+0800][32.550s][info][gc,heap     ] GC(91) Y: Soft Max Capacity: 256M(100%)
[2026-06-18T14:29:40.742+0800][32.550s][info][gc,heap     ] GC(91) Y: Heap Statistics:
[2026-06-18T14:29:40.743+0800][32.550s][info][gc,heap     ] GC(91) Y:                Mark Start          Mark End        Relocate Start      Relocate End           High               Low         
[2026-06-18T14:29:40.743+0800][32.551s][info][gc,heap     ] GC(91) Y:  Capacity:      256M (100%)        256M (100%)        256M (100%)        256M (100%)        256M (100%)        256M (100%)   
[2026-06-18T14:29:40.744+0800][32.551s][info][gc,heap     ] GC(91) Y:      Free:       50M (20%)          50M (20%)         182M (71%)         200M (78%)         200M (78%)          50M (20%)    
[2026-06-18T14:29:40.744+0800][32.551s][info][gc,heap     ] GC(91) Y:      Used:      206M (80%)         206M (80%)          74M (29%)          56M (22%)         206M (80%)          56M (22%)    
[2026-06-18T14:29:40.744+0800][32.552s][info][gc,heap     ] GC(91) Y: Young Generation Statistics:
[2026-06-18T14:29:40.745+0800][32.552s][info][gc,heap     ] GC(91) Y:                Mark Start          Mark End        Relocate Start      Relocate End    
[2026-06-18T14:29:40.745+0800][32.552s][info][gc,heap     ] GC(91) Y:      Used:      200M (78%)         200M (78%)          68M (27%)          50M (20%)    
[2026-06-18T14:29:40.745+0800][32.552s][info][gc,heap     ] GC(91) Y:      Live:         -                23M (9%)           23M (9%)           23M (9%)     
[2026-06-18T14:29:40.745+0800][32.553s][info][gc,heap     ] GC(91) Y:   Garbage:         -               176M (69%)          44M (17%)           2M (1%)     
[2026-06-18T14:29:40.745+0800][32.553s][info][gc,heap     ] GC(91) Y: Allocated:         -                 0M (0%)            0M (0%)           23M (9%)     
[2026-06-18T14:29:40.746+0800][32.553s][info][gc,heap     ] GC(91) Y: Reclaimed:         -                  -               132M (52%)         173M (68%)    
[2026-06-18T14:29:40.746+0800][32.553s][info][gc,heap     ] GC(91) Y:  Promoted:         -                  -                 0M (0%)            0M (0%)     
[2026-06-18T14:29:40.746+0800][32.554s][info][gc,heap     ] GC(91) Y: Compacted:         -                  -                  -                10M (4%)     
[2026-06-18T14:29:40.746+0800][32.554s][info][gc,phases   ] GC(91) Y: Young Generation 206M(80%)->56M(22%) 0.007s
[2026-06-18T14:29:40.747+0800][32.554s][info][gc,phases   ] GC(91) O: Old Generation
[2026-06-18T14:29:40.748+0800][32.555s][info][gc,phases   ] GC(91) O: Concurrent Mark 0.944ms
[2026-06-18T14:29:40.748+0800][32.556s][info][gc,phases   ] GC(91) O: Pause Mark End 0.009ms
[2026-06-18T14:29:40.749+0800][32.556s][info][gc,phases   ] GC(91) O: Concurrent Mark Free 0.002ms
[2026-06-18T14:29:40.749+0800][32.557s][info][gc,phases   ] GC(91) O: Concurrent Process Non-Strong 0.440ms
[2026-06-18T14:29:40.750+0800][32.557s][info][gc,phases   ] GC(91) O: Concurrent Reset Relocation Set 0.000ms
[2026-06-18T14:29:40.750+0800][32.557s][info][gc,phases   ] GC(91) O: Concurrent Select Relocation Set 0.047ms
[2026-06-18T14:29:40.750+0800][32.558s][info][gc,task     ] GC(91) O: Using 2 Workers for Old Generation
[2026-06-18T14:29:40.751+0800][32.558s][info][gc,task     ] GC(91) O: Using 1 Workers for Old Generation
[2026-06-18T14:29:40.751+0800][32.558s][info][gc,phases   ] GC(91) O: Concurrent Remap Roots 0.698ms
[2026-06-18T14:29:40.751+0800][32.559s][info][gc,phases   ] GC(91) O: Pause Relocate Start 0.008ms
[2026-06-18T14:29:40.752+0800][32.559s][info][gc,phases   ] GC(91) O: Concurrent Relocate 0.066ms
[2026-06-18T14:29:40.752+0800][32.559s][info][gc,alloc    ] GC(91) O:                         Mark Start        Mark End      Relocate Start    Relocate End   
[2026-06-18T14:29:40.752+0800][32.560s][info][gc,alloc    ] GC(91) O: Allocation Stalls:          0                0                0                0         
[2026-06-18T14:29:40.752+0800][32.560s][info][gc,load     ] GC(91) O: Load: 0.43 (2%) / 0.33 (1%) / 0.30 (1%)
[2026-06-18T14:29:40.753+0800][32.560s][info][gc,mmu      ] GC(91) O: MMU: 2ms/97.5%, 5ms/98.6%, 10ms/99.3%, 20ms/99.6%, 50ms/99.8%, 100ms/99.9%
[2026-06-18T14:29:40.753+0800][32.560s][info][gc,marking  ] GC(91) O: Mark: 1 stripe(s), 2 proactive flush(es), 1 terminate flush(es), 0 completion(s), 0 continuation(s) 
[2026-06-18T14:29:40.753+0800][32.561s][info][gc,nmethod  ] GC(91) O: NMethods: 96 registered, 8 unregistered
[2026-06-18T14:29:40.753+0800][32.561s][info][gc,metaspace] GC(91) O: Metaspace: 0M used, 0M committed, 1088M reserved
[2026-06-18T14:29:40.754+0800][32.561s][info][gc,ref      ] GC(91) O:                       Encountered   Discovered     Enqueued 
[2026-06-18T14:29:40.754+0800][32.561s][info][gc,ref      ] GC(91) O: Soft References:                2            0            0 
[2026-06-18T14:29:40.754+0800][32.562s][info][gc,ref      ] GC(91) O: Weak References:                6            0            0 
[2026-06-18T14:29:40.754+0800][32.562s][info][gc,ref      ] GC(91) O: Final References:               0            0            0 
[2026-06-18T14:29:40.755+0800][32.562s][info][gc,ref      ] GC(91) O: Phantom References:             1            1            0 
[2026-06-18T14:29:40.755+0800][32.562s][info][gc,reloc    ] GC(91) O:                        Candidates     Selected     In-Place         Size        Empty    Relocated 
[2026-06-18T14:29:40.755+0800][32.563s][info][gc,reloc    ] GC(91) O: Small Pages:                    1            0            0           2M           0M           0M 
[2026-06-18T14:29:40.756+0800][32.563s][info][gc,reloc    ] GC(91) O: Medium Pages:                   0            0            0           0M           0M           0M 
[2026-06-18T14:29:40.756+0800][32.563s][info][gc,reloc    ] GC(91) O: Large Pages:                    2            0            0           4M           4M           0M 
[2026-06-18T14:29:40.756+0800][32.564s][info][gc,reloc    ] GC(91) O: Forwarding Usage: 0M
[2026-06-18T14:29:40.757+0800][32.564s][info][gc,heap     ] GC(91) O: Min Capacity: 256M(100%)
[2026-06-18T14:29:40.757+0800][32.564s][info][gc,heap     ] GC(91) O: Max Capacity: 256M(100%)
[2026-06-18T14:29:40.757+0800][32.565s][info][gc,heap     ] GC(91) O: Soft Max Capacity: 256M(100%)
[2026-06-18T14:29:40.757+0800][32.565s][info][gc,heap     ] GC(91) O: Heap Statistics:
[2026-06-18T14:29:40.758+0800][32.565s][info][gc,heap     ] GC(91) O:                Mark Start          Mark End        Relocate Start      Relocate End           High               Low         
[2026-06-18T14:29:40.758+0800][32.565s][info][gc,heap     ] GC(91) O:  Capacity:      256M (100%)        256M (100%)        256M (100%)        256M (100%)        256M (100%)        256M (100%)   
[2026-06-18T14:29:40.758+0800][32.565s][info][gc,heap     ] GC(91) O:      Free:       50M (20%)         186M (73%)         190M (74%)         190M (74%)         200M (78%)          50M (20%)    
[2026-06-18T14:29:40.758+0800][32.566s][info][gc,heap     ] GC(91) O:      Used:      206M (80%)          70M (27%)          66M (26%)          66M (26%)         206M (80%)          56M (22%)    
[2026-06-18T14:29:40.759+0800][32.566s][info][gc,heap     ] GC(91) O: Old Generation Statistics:
[2026-06-18T14:29:40.759+0800][32.566s][info][gc,heap     ] GC(91) O:                Mark Start          Mark End        Relocate Start      Relocate End    
[2026-06-18T14:29:40.759+0800][32.566s][info][gc,heap     ] GC(91) O:      Used:        6M (2%)            6M (2%)            2M (1%)            2M (1%)     
[2026-06-18T14:29:40.759+0800][32.567s][info][gc,heap     ] GC(91) O:      Live:         -                 0M (0%)            0M (0%)            0M (0%)     
[2026-06-18T14:29:40.760+0800][32.567s][info][gc,heap     ] GC(91) O:   Garbage:         -                 5M (2%)            1M (1%)            1M (1%)     
[2026-06-18T14:29:40.760+0800][32.567s][info][gc,heap     ] GC(91) O: Allocated:         -                 0M (0%)            0M (0%)            0M (0%)     
[2026-06-18T14:29:40.760+0800][32.567s][info][gc,heap     ] GC(91) O: Reclaimed:         -                  -                 4M (2%)            4M (2%)     
[2026-06-18T14:29:40.760+0800][32.568s][info][gc,heap     ] GC(91) O: Compacted:         -                  -                  -                 0M (0%)     
[2026-06-18T14:29:40.760+0800][32.568s][info][gc,phases   ] GC(91) O: Old Generation 70M(27%)->66M(26%) 0.005s
[2026-06-18T14:29:40.761+0800][32.568s][info][gc          ] GC(91) Major Collection (Proactive) 204M(80%)->68M(27%) 0.036s
[2026-06-18T14:29:41.167+0800][32.974s][info][gc          ] GC(92) Minor Collection (High Usage)
[2026-06-18T14:29:41.168+0800][32.975s][info][gc,task     ] GC(92) Using 1 Workers for Young Generation
[2026-06-18T14:29:41.169+0800][32.976s][info][gc,phases   ] GC(92) y: Young Generation
[2026-06-18T14:29:41.170+0800][32.977s][info][gc,phases   ] GC(92) y: Pause Mark Start 0.010ms
[2026-06-18T14:29:41.171+0800][32.978s][info][gc,phases   ] GC(92) y: Concurrent Mark 0.459ms
[2026-06-18T14:29:41.171+0800][32.979s][info][gc,phases   ] GC(92) y: Pause Mark End 0.006ms
[2026-06-18T14:29:41.172+0800][32.979s][info][gc,phases   ] GC(92) y: Concurrent Mark Free 0.001ms
[2026-06-18T14:29:41.172+0800][32.980s][info][gc,phases   ] GC(92) y: Concurrent Reset Relocation Set 0.002ms
[2026-06-18T14:29:41.173+0800][32.980s][info][gc,reloc    ] GC(92) y: Using tenuring threshold: 4 (Computed)
[2026-06-18T14:29:41.174+0800][32.981s][info][gc,phases   ] GC(92) y: Concurrent Select Relocation Set 0.972ms
[2026-06-18T14:29:41.174+0800][32.982s][info][gc,phases   ] GC(92) y: Pause Relocate Start 0.007ms
[2026-06-18T14:29:41.176+0800][32.983s][info][gc,phases   ] GC(92) y: Concurrent Relocate 0.963ms
[2026-06-18T14:29:41.176+0800][32.983s][info][gc,alloc    ] GC(92) y:                         Mark Start        Mark End      Relocate Start    Relocate End   
[2026-06-18T14:29:41.176+0800][32.984s][info][gc,alloc    ] GC(92) y: Allocation Stalls:          0                0                0                0         
[2026-06-18T14:29:41.176+0800][32.984s][info][gc,load     ] GC(92) y: Load: 0.39 (2%) / 0.33 (1%) / 0.30 (1%)
[2026-06-18T14:29:41.177+0800][32.984s][info][gc,mmu      ] GC(92) y: MMU: 2ms/97.5%, 5ms/98.6%, 10ms/99.3%, 20ms/99.6%, 50ms/99.8%, 100ms/99.9%
[2026-06-18T14:29:41.177+0800][32.984s][info][gc,marking  ] GC(92) y: Mark: 1 stripe(s), 1 proactive flush(es), 1 terminate flush(es), 0 completion(s), 0 continuation(s) 
[2026-06-18T14:29:41.177+0800][32.985s][info][gc,nmethod  ] GC(92) y: NMethods: 96 registered, 8 unregistered
[2026-06-18T14:29:41.177+0800][32.985s][info][gc,metaspace] GC(92) y: Metaspace: 0M used, 0M committed, 1088M reserved
[2026-06-18T14:29:41.178+0800][32.985s][info][gc,reloc    ] GC(92) y:                        Candidates     Selected     In-Place         Size        Empty    Relocated 
[2026-06-18T14:29:41.178+0800][32.985s][info][gc,reloc    ] GC(92) y: Small Pages:                   82            7            0         164M         144M           2M 
[2026-06-18T14:29:41.178+0800][32.986s][info][gc,reloc    ] GC(92) y: Medium Pages:                   7            5            0          56M           0M           5M 
[2026-06-18T14:29:41.178+0800][32.986s][info][gc,reloc    ] GC(92) y: Large Pages:                    6            0            0          12M           0M           0M 
[2026-06-18T14:29:41.179+0800][32.986s][info][gc,reloc    ] GC(92) y: Forwarding Usage: 0M
[2026-06-18T14:29:41.179+0800][32.987s][info][gc,reloc    ] GC(92) y: Age Table:
[2026-06-18T14:29:41.180+0800][32.987s][info][gc,reloc    ] GC(92) y:                    Live             Garbage             Small              Medium             Large        
[2026-06-18T14:29:41.180+0800][32.987s][info][gc,reloc    ] GC(92) y: Eden              20M (8%)          165M (65%)         78 / 7              3 / 1              3 / 0        
[2026-06-18T14:29:41.180+0800][32.988s][info][gc,reloc    ] GC(92) y: Survivor 1         1M (1%)           22M (9%)           4 / 0              2 / 2              0 / 0        
[2026-06-18T14:29:41.181+0800][32.988s][info][gc,reloc    ] GC(92) y: Survivor 2         4M (2%)            0M (0%)           0 / 0              0 / 0              2 / 0        
[2026-06-18T14:29:41.181+0800][32.988s][info][gc,reloc    ] GC(92) y: Survivor 3         2M (1%)            7M (3%)           0 / 0              1 / 1              1 / 0        
[2026-06-18T14:29:41.181+0800][32.989s][info][gc,reloc    ] GC(92) y: Survivor 4         0M (0%)            7M (3%)           0 / 0              1 / 1              0 / 0        
[2026-06-18T14:29:41.181+0800][32.989s][info][gc,heap     ] GC(92) y: Min Capacity: 256M(100%)
[2026-06-18T14:29:41.182+0800][32.989s][info][gc,heap     ] GC(92) y: Max Capacity: 256M(100%)
[2026-06-18T14:29:41.182+0800][32.989s][info][gc,heap     ] GC(92) y: Soft Max Capacity: 256M(100%)
[2026-06-18T14:29:41.182+0800][32.990s][info][gc,heap     ] GC(92) y: Heap Statistics:
[2026-06-18T14:29:41.183+0800][32.990s][info][gc,heap     ] GC(92) y:                Mark Start          Mark End        Relocate Start      Relocate End           High               Low         
[2026-06-18T14:29:41.183+0800][32.990s][info][gc,heap     ] GC(92) y:  Capacity:      256M (100%)        256M (100%)        256M (100%)        256M (100%)        256M (100%)        256M (100%)   
[2026-06-18T14:29:41.183+0800][32.990s][info][gc,heap     ] GC(92) y:      Free:       22M (9%)           22M (9%)          166M (65%)         196M (77%)         196M (77%)          22M (9%)     
[2026-06-18T14:29:41.183+0800][32.991s][info][gc,heap     ] GC(92) y:      Used:      234M (91%)         234M (91%)          90M (35%)          60M (23%)         234M (91%)          60M (23%)    
[2026-06-18T14:29:41.184+0800][32.991s][info][gc,heap     ] GC(92) y: Young Generation Statistics:
[2026-06-18T14:29:41.184+0800][32.991s][info][gc,heap     ] GC(92) y:                Mark Start          Mark End        Relocate Start      Relocate End    
[2026-06-18T14:29:41.184+0800][32.991s][info][gc,heap     ] GC(92) y:      Used:      232M (91%)         232M (91%)          88M (34%)          50M (20%)    
[2026-06-18T14:29:41.184+0800][32.992s][info][gc,heap     ] GC(92) y:      Live:         -                30M (12%)          30M (12%)          29M (11%)    
[2026-06-18T14:29:41.185+0800][32.992s][info][gc,heap     ] GC(92) y:   Garbage:         -               201M (79%)          57M (23%)           1M (1%)     
[2026-06-18T14:29:41.185+0800][32.992s][info][gc,heap     ] GC(92) y: Allocated:         -                 0M (0%)            0M (0%)           19M (8%)     
[2026-06-18T14:29:41.186+0800][32.993s][info][gc,heap     ] GC(92) y: Reclaimed:         -                  -               144M (56%)         200M (78%)    
[2026-06-18T14:29:41.186+0800][32.993s][info][gc,heap     ] GC(92) y:  Promoted:         -                  -                 0M (0%)            0M (0%)     
[2026-06-18T14:29:41.186+0800][32.994s][info][gc,heap     ] GC(92) y: Compacted:         -                  -                  -                 8M (3%)     
[2026-06-18T14:29:41.187+0800][32.994s][info][gc,phases   ] GC(92) y: Young Generation 234M(91%)->60M(23%) 0.007s
[2026-06-18T14:29:41.187+0800][32.994s][info][gc          ] GC(92) Minor Collection (High Usage) 234M(91%)->64M(25%) 0.020s
[2026-06-18T14:29:41.439+0800][33.246s][info][gc          ] GC(93) Major Collection (Proactive)
[2026-06-18T14:29:41.440+0800][33.248s][info][gc,task     ] GC(93) Using 1 Workers for Young Generation
[2026-06-18T14:29:41.442+0800][33.249s][info][gc,task     ] GC(93) Using 1 Workers for Old Generation
[2026-06-18T14:29:41.443+0800][33.250s][info][gc,phases   ] GC(93) Y: Young Generation
[2026-06-18T14:29:41.444+0800][33.251s][info][gc,phases   ] GC(93) Y: Pause Mark Start (Major) 0.015ms
[2026-06-18T14:29:41.446+0800][33.253s][info][gc,phases   ] GC(93) Y: Concurrent Mark 0.663ms
[2026-06-18T14:29:41.447+0800][33.254s][info][gc,phases   ] GC(93) Y: Pause Mark End 0.011ms
[2026-06-18T14:29:41.448+0800][33.256s][info][gc,phases   ] GC(93) Y: Concurrent Mark Free 0.002ms
[2026-06-18T14:29:41.449+0800][33.257s][info][gc,phases   ] GC(93) Y: Concurrent Reset Relocation Set 0.002ms
[2026-06-18T14:29:41.451+0800][33.258s][info][gc,reloc    ] GC(93) Y: Using tenuring threshold: 3 (Computed)
[2026-06-18T14:29:41.452+0800][33.260s][info][gc,phases   ] GC(93) Y: Concurrent Select Relocation Set 1.498ms
[2026-06-18T14:29:41.453+0800][33.261s][info][gc,phases   ] GC(93) Y: Pause Relocate Start 0.013ms
[2026-06-18T14:29:41.455+0800][33.262s][info][gc,phases   ] GC(93) Y: Concurrent Relocate 0.923ms
[2026-06-18T14:29:41.456+0800][33.263s][info][gc,alloc    ] GC(93) Y:                         Mark Start        Mark End      Relocate Start    Relocate End   
[2026-06-18T14:29:41.457+0800][33.264s][info][gc,alloc    ] GC(93) Y: Allocation Stalls:          0                0                0                0         
[2026-06-18T14:29:41.458+0800][33.265s][info][gc,load     ] GC(93) Y: Load: 0.39 (2%) / 0.33 (1%) / 0.30 (1%)
[2026-06-18T14:29:41.458+0800][33.266s][info][gc,mmu      ] GC(93) Y: MMU: 2ms/97.5%, 5ms/98.6%, 10ms/99.3%, 20ms/99.6%, 50ms/99.8%, 100ms/99.9%
[2026-06-18T14:29:41.459+0800][33.267s][info][gc,marking  ] GC(93) Y: Mark: 1 stripe(s), 1 proactive flush(es), 1 terminate flush(es), 0 completion(s), 0 continuation(s) 
[2026-06-18T14:29:41.460+0800][33.268s][info][gc,nmethod  ] GC(93) Y: NMethods: 96 registered, 8 unregistered
[2026-06-18T14:29:41.462+0800][33.269s][info][gc,metaspace] GC(93) Y: Metaspace: 0M used, 0M committed, 1088M reserved
[2026-06-18T14:29:41.463+0800][33.270s][info][gc,reloc    ] GC(93) Y:                        Candidates     Selected     In-Place         Size        Empty    Relocated 
[2026-06-18T14:29:41.464+0800][33.271s][info][gc,reloc    ] GC(93) Y: Small Pages:                   51            8            0         102M          78M           2M 
[2026-06-18T14:29:41.465+0800][33.272s][info][gc,reloc    ] GC(93) Y: Medium Pages:                   6            1            0          48M          24M           1M 
[2026-06-18T14:29:41.465+0800][33.273s][info][gc,reloc    ] GC(93) Y: Large Pages:                    7            0            0          14M           6M           0M 
[2026-06-18T14:29:41.466+0800][33.274s][info][gc,reloc    ] GC(93) Y: Forwarding Usage: 0M
[2026-06-18T14:29:41.467+0800][33.274s][info][gc,reloc    ] GC(93) Y: Age Table:
[2026-06-18T14:29:41.468+0800][33.275s][info][gc,reloc    ] GC(93) Y:                    Live             Garbage             Small              Medium             Large        
[2026-06-18T14:29:41.469+0800][33.276s][info][gc,reloc    ] GC(93) Y: Eden              12M (5%)          101M (39%)         48 / 8              2 / 0              1 / 0        
[2026-06-18T14:29:41.470+0800][33.277s][info][gc,reloc    ] GC(93) Y: Survivor 1         6M (2%)           22M (9%)           3 / 0              2 / 0              3 / 0        
[2026-06-18T14:29:41.470+0800][33.278s][info][gc,reloc    ] GC(93) Y: Survivor 2         1M (1%)            6M (2%)           0 / 0              1 / 1              0 / 0        
[2026-06-18T14:29:41.471+0800][33.278s][info][gc,reloc    ] GC(93) Y: Survivor 3          -                 4M (2%)           0 / 0              0 / 0              2 / 0        
[2026-06-18T14:29:41.472+0800][33.279s][info][gc,reloc    ] GC(93) Y: Survivor 4          -                10M (4%)           0 / 0              1 / 0              1 / 0        
[2026-06-18T14:29:41.473+0800][33.280s][info][gc,heap     ] GC(93) Y: Min Capacity: 256M(100%)
[2026-06-18T14:29:41.474+0800][33.281s][info][gc,heap     ] GC(93) Y: Max Capacity: 256M(100%)
[2026-06-18T14:29:41.475+0800][33.282s][info][gc,heap     ] GC(93) Y: Soft Max Capacity: 256M(100%)
[2026-06-18T14:29:41.475+0800][33.283s][info][gc,heap     ] GC(93) Y: Heap Statistics:
[2026-06-18T14:29:41.476+0800][33.284s][info][gc,heap     ] GC(93) Y:                Mark Start          Mark End        Relocate Start      Relocate End           High               Low         
[2026-06-18T14:29:41.477+0800][33.285s][info][gc,heap     ] GC(93) Y:  Capacity:      256M (100%)        256M (100%)        256M (100%)        256M (100%)        256M (100%)        256M (100%)   
[2026-06-18T14:29:41.478+0800][33.286s][info][gc,heap     ] GC(93) Y:      Free:       82M (32%)          82M (32%)         186M (73%)         202M (79%)         202M (79%)          78M (30%)    
[2026-06-18T14:29:41.479+0800][33.286s][info][gc,heap     ] GC(93) Y:      Used:      174M (68%)         174M (68%)          70M (27%)          54M (21%)         178M (70%)          54M (21%)    
[2026-06-18T14:29:41.480+0800][33.287s][info][gc,heap     ] GC(93) Y: Young Generation Statistics:
[2026-06-18T14:29:41.481+0800][33.288s][info][gc,heap     ] GC(93) Y:                Mark Start          Mark End        Relocate Start      Relocate End    
[2026-06-18T14:29:41.482+0800][33.289s][info][gc,heap     ] GC(93) Y:      Used:      164M (64%)         164M (64%)          60M (23%)          44M (17%)    
[2026-06-18T14:29:41.483+0800][33.290s][info][gc,heap     ] GC(93) Y:      Live:         -                20M (8%)           20M (8%)           20M (8%)     
[2026-06-18T14:29:41.483+0800][33.291s][info][gc,heap     ] GC(93) Y:   Garbage:         -               143M (56%)          35M (14%)           5M (2%)     
[2026-06-18T14:29:41.484+0800][33.291s][info][gc,heap     ] GC(93) Y: Allocated:         -                 0M (0%)            4M (2%)           18M (7%)     
[2026-06-18T14:29:41.485+0800][33.293s][info][gc,heap     ] GC(93) Y: Reclaimed:         -                  -               108M (42%)         138M (54%)    
[2026-06-18T14:29:41.486+0800][33.294s][info][gc,heap     ] GC(93) Y:  Promoted:         -                  -                 0M (0%)            0M (0%)     
[2026-06-18T14:29:41.487+0800][33.294s][info][gc,heap     ] GC(93) Y: Compacted:         -                  -                  -                 7M (3%)     
[2026-06-18T14:29:41.488+0800][33.296s][info][gc,phases   ] GC(93) Y: Young Generation 174M(68%)->54M(21%) 0.013s
[2026-06-18T14:29:41.489+0800][33.297s][info][gc,phases   ] GC(93) O: Old Generation
[2026-06-18T14:29:41.492+0800][33.299s][info][gc,phases   ] GC(93) O: Concurrent Mark 1.333ms
[2026-06-18T14:29:41.492+0800][33.300s][info][gc,phases   ] GC(93) O: Pause Mark End 0.013ms
[2026-06-18T14:29:41.494+0800][33.301s][info][gc,phases   ] GC(93) O: Concurrent Mark Free 0.004ms
[2026-06-18T14:29:41.495+0800][33.303s][info][gc,phases   ] GC(93) O: Concurrent Process Non-Strong 0.430ms
[2026-06-18T14:29:41.496+0800][33.304s][info][gc,phases   ] GC(93) O: Concurrent Reset Relocation Set 0.001ms
[2026-06-18T14:29:41.497+0800][33.305s][info][gc,phases   ] GC(93) O: Concurrent Select Relocation Set 0.060ms
[2026-06-18T14:29:41.498+0800][33.306s][info][gc,task     ] GC(93) O: Using 2 Workers for Old Generation
[2026-06-18T14:29:41.499+0800][33.307s][info][gc,task     ] GC(93) O: Using 1 Workers for Old Generation
[2026-06-18T14:29:41.500+0800][33.308s][info][gc,phases   ] GC(93) O: Concurrent Remap Roots 1.977ms
[2026-06-18T14:29:41.501+0800][33.308s][info][gc,phases   ] GC(93) O: Pause Relocate Start 0.014ms
[2026-06-18T14:29:41.502+0800][33.309s][info][gc,phases   ] GC(93) O: Concurrent Relocate 0.103ms
[2026-06-18T14:29:41.503+0800][33.310s][info][gc,alloc    ] GC(93) O:                         Mark Start        Mark End      Relocate Start    Relocate End   
[2026-06-18T14:29:41.504+0800][33.311s][info][gc,alloc    ] GC(93) O: Allocation Stalls:          0                0                0                0         
[2026-06-18T14:29:41.504+0800][33.312s][info][gc,load     ] GC(93) O: Load: 0.39 (2%) / 0.33 (1%) / 0.30 (1%)
[2026-06-18T14:29:41.505+0800][33.312s][info][gc,mmu      ] GC(93) O: MMU: 2ms/97.5%, 5ms/98.6%, 10ms/99.3%, 20ms/99.6%, 50ms/99.8%, 100ms/99.9%
[2026-06-18T14:29:41.505+0800][33.313s][info][gc,marking  ] GC(93) O: Mark: 1 stripe(s), 2 proactive flush(es), 1 terminate flush(es), 0 completion(s), 0 continuation(s) 
[2026-06-18T14:29:41.506+0800][33.313s][info][gc,nmethod  ] GC(93) O: NMethods: 96 registered, 8 unregistered
[2026-06-18T14:29:41.506+0800][33.314s][info][gc,metaspace] GC(93) O: Metaspace: 0M used, 0M committed, 1088M reserved
[2026-06-18T14:29:41.507+0800][33.314s][info][gc,ref      ] GC(93) O:                       Encountered   Discovered     Enqueued 
[2026-06-18T14:29:41.508+0800][33.315s][info][gc,ref      ] GC(93) O: Soft References:                2            0            0 
[2026-06-18T14:29:41.508+0800][33.315s][info][gc,ref      ] GC(93) O: Weak References:                6            0            0 
[2026-06-18T14:29:41.508+0800][33.316s][info][gc,ref      ] GC(93) O: Final References:               0            0            0 
[2026-06-18T14:29:41.509+0800][33.317s][info][gc,ref      ] GC(93) O: Phantom References:             1            1            0 
[2026-06-18T14:29:41.510+0800][33.317s][info][gc,reloc    ] GC(93) O:                        Candidates     Selected     In-Place         Size        Empty    Relocated 
[2026-06-18T14:29:41.510+0800][33.317s][info][gc,reloc    ] GC(93) O: Small Pages:                    1            0            0           2M           0M           0M 
[2026-06-18T14:29:41.511+0800][33.318s][info][gc,reloc    ] GC(93) O: Medium Pages:                   1            0            0           8M           8M           0M 
[2026-06-18T14:29:41.511+0800][33.319s][info][gc,reloc    ] GC(93) O: Large Pages:                    0            0            0           0M           0M           0M 
[2026-06-18T14:29:41.512+0800][33.319s][info][gc,reloc    ] GC(93) O: Forwarding Usage: 0M
[2026-06-18T14:29:41.512+0800][33.320s][info][gc,heap     ] GC(93) O: Min Capacity: 256M(100%)
[2026-06-18T14:29:41.513+0800][33.321s][info][gc,heap     ] GC(93) O: Max Capacity: 256M(100%)
[2026-06-18T14:29:41.514+0800][33.321s][info][gc,heap     ] GC(93) O: Soft Max Capacity: 256M(100%)
[2026-06-18T14:29:41.515+0800][33.322s][info][gc,heap     ] GC(93) O: Heap Statistics:
[2026-06-18T14:29:41.515+0800][33.323s][info][gc,heap     ] GC(93) O:                Mark Start          Mark End        Relocate Start      Relocate End           High               Low         
[2026-06-18T14:29:41.516+0800][33.323s][info][gc,heap     ] GC(93) O:  Capacity:      256M (100%)        256M (100%)        256M (100%)        256M (100%)        256M (100%)        256M (100%)   
[2026-06-18T14:29:41.517+0800][33.324s][info][gc,heap     ] GC(93) O:      Free:       82M (32%)         178M (70%)         186M (73%)         186M (73%)         202M (79%)          78M (30%)    
[2026-06-18T14:29:41.518+0800][33.325s][info][gc,heap     ] GC(93) O:      Used:      174M (68%)          78M (30%)          70M (27%)          70M (27%)         178M (70%)          54M (21%)    
[2026-06-18T14:29:41.519+0800][33.326s][info][gc,heap     ] GC(93) O: Old Generation Statistics:
[2026-06-18T14:29:41.519+0800][33.327s][info][gc,heap     ] GC(93) O:                Mark Start          Mark End        Relocate Start      Relocate End    
[2026-06-18T14:29:41.520+0800][33.327s][info][gc,heap     ] GC(93) O:      Used:       10M (4%)           10M (4%)            2M (1%)            2M (1%)     
[2026-06-18T14:29:41.521+0800][33.328s][info][gc,heap     ] GC(93) O:      Live:         -                 0M (0%)            0M (0%)            0M (0%)     
[2026-06-18T14:29:41.521+0800][33.328s][info][gc,heap     ] GC(93) O:   Garbage:         -                 9M (4%)            1M (1%)            1M (1%)     
[2026-06-18T14:29:41.522+0800][33.329s][info][gc,heap     ] GC(93) O: Allocated:         -                 0M (0%)            0M (0%)            0M (0%)     
[2026-06-18T14:29:41.522+0800][33.330s][info][gc,heap     ] GC(93) O: Reclaimed:         -                  -                 8M (3%)            8M (3%)     
[2026-06-18T14:29:41.523+0800][33.330s][info][gc,heap     ] GC(93) O: Compacted:         -                  -                  -                 0M (0%)     
[2026-06-18T14:29:41.524+0800][33.331s][info][gc,phases   ] GC(93) O: Old Generation 74M(29%)->70M(27%) 0.014s
[2026-06-18T14:29:41.524+0800][33.332s][info][gc          ] GC(93) Major Collection (Proactive) 172M(67%)->82M(32%) 0.086s
[2026-06-18T14:29:41.891+0800][33.698s][info][gc          ] GC(94) Minor Collection (Allocation Rate)
[2026-06-18T14:29:41.892+0800][33.700s][info][gc,task     ] GC(94) Using 2 Workers for Young Generation
[2026-06-18T14:29:41.893+0800][33.701s][info][gc,phases   ] GC(94) y: Young Generation
[2026-06-18T14:29:41.894+0800][33.702s][info][gc,phases   ] GC(94) y: Pause Mark Start 0.019ms
[2026-06-18T14:29:41.896+0800][33.703s][info][gc,phases   ] GC(94) y: Concurrent Mark 0.482ms
[2026-06-18T14:29:41.897+0800][33.704s][info][gc,phases   ] GC(94) y: Pause Mark End 0.011ms
[2026-06-18T14:29:41.897+0800][33.705s][info][gc,phases   ] GC(94) y: Concurrent Mark Free 0.002ms
[2026-06-18T14:29:41.899+0800][33.706s][info][gc,phases   ] GC(94) y: Concurrent Reset Relocation Set 0.002ms
[2026-06-18T14:29:41.900+0800][33.708s][info][gc,reloc    ] GC(94) y: Using tenuring threshold: 3 (Computed)
[2026-06-18T14:29:41.901+0800][33.709s][info][gc,phases   ] GC(94) y: Concurrent Select Relocation Set 1.128ms
[2026-06-18T14:29:41.903+0800][33.710s][info][gc,phases   ] GC(94) y: Pause Relocate Start 0.012ms
[2026-06-18T14:29:41.904+0800][33.712s][info][gc,phases   ] GC(94) y: Concurrent Relocate 1.006ms
[2026-06-18T14:29:41.905+0800][33.713s][info][gc,alloc    ] GC(94) y:                         Mark Start        Mark End      Relocate Start    Relocate End   
[2026-06-18T14:29:41.906+0800][33.713s][info][gc,alloc    ] GC(94) y: Allocation Stalls:          0                0                0                0         
[2026-06-18T14:29:41.908+0800][33.716s][info][gc,load     ] GC(94) y: Load: 0.39 (2%) / 0.33 (1%) / 0.30 (1%)
[2026-06-18T14:29:41.910+0800][33.718s][info][gc,mmu      ] GC(94) y: MMU: 2ms/97.5%, 5ms/98.6%, 10ms/99.3%, 20ms/99.6%, 50ms/99.8%, 100ms/99.9%
[2026-06-18T14:29:41.911+0800][33.719s][info][gc,marking  ] GC(94) y: Mark: 2 stripe(s), 1 proactive flush(es), 1 terminate flush(es), 0 completion(s), 0 continuation(s) 
[2026-06-18T14:29:41.912+0800][33.719s][info][gc,nmethod  ] GC(94) y: NMethods: 96 registered, 8 unregistered
[2026-06-18T14:29:41.913+0800][33.720s][info][gc,metaspace] GC(94) y: Metaspace: 0M used, 0M committed, 1088M reserved
[2026-06-18T14:29:41.914+0800][33.721s][info][gc,reloc    ] GC(94) y:                        Candidates     Selected     In-Place         Size        Empty    Relocated 
[2026-06-18T14:29:41.914+0800][33.722s][info][gc,reloc    ] GC(94) y: Small Pages:                   83           15            0         166M         128M           4M 
[2026-06-18T14:29:41.915+0800][33.722s][info][gc,reloc    ] GC(94) y: Medium Pages:                   6            2            0          48M          16M           4M 
[2026-06-18T14:29:41.915+0800][33.723s][info][gc,reloc    ] GC(94) y: Large Pages:                    7            0            0          14M           0M           0M 
[2026-06-18T14:29:41.916+0800][33.723s][info][gc,reloc    ] GC(94) y: Forwarding Usage: 0M
[2026-06-18T14:29:41.916+0800][33.724s][info][gc,reloc    ] GC(94) y: Age Table:
[2026-06-18T14:29:41.917+0800][33.724s][info][gc,reloc    ] GC(94) y:                    Live             Garbage             Small              Medium             Large        
[2026-06-18T14:29:41.918+0800][33.725s][info][gc,reloc    ] GC(94) y: Eden              24M (10%)         163M (64%)         79 / 15             3 / 1              3 / 0        
[2026-06-18T14:29:41.918+0800][33.725s][info][gc,reloc    ] GC(94) y: Survivor 1         2M (1%)           24M (9%)           4 / 0              2 / 0              1 / 0        
[2026-06-18T14:29:41.919+0800][33.726s][info][gc,reloc    ] GC(94) y: Survivor 2         6M (2%)            0M (0%)           0 / 0              0 / 0              3 / 0        
[2026-06-18T14:29:41.919+0800][33.727s][info][gc,reloc    ] GC(94) y: Survivor 3         1M (1%)            6M (2%)           0 / 0              1 / 1              0 / 0        
[2026-06-18T14:29:41.920+0800][33.727s][info][gc,heap     ] GC(94) y: Min Capacity: 256M(100%)
[2026-06-18T14:29:41.921+0800][33.728s][info][gc,heap     ] GC(94) y: Max Capacity: 256M(100%)
[2026-06-18T14:29:41.921+0800][33.728s][info][gc,heap     ] GC(94) y: Soft Max Capacity: 256M(100%)
[2026-06-18T14:29:41.922+0800][33.729s][info][gc,heap     ] GC(94) y: Heap Statistics:
[2026-06-18T14:29:41.922+0800][33.729s][info][gc,heap     ] GC(94) y:                Mark Start          Mark End        Relocate Start      Relocate End           High               Low         
[2026-06-18T14:29:41.922+0800][33.730s][info][gc,heap     ] GC(94) y:  Capacity:      256M (100%)        256M (100%)        256M (100%)        256M (100%)        256M (100%)        256M (100%)   
[2026-06-18T14:29:41.923+0800][33.730s][info][gc,heap     ] GC(94) y:      Free:       26M (10%)          26M (10%)         166M (65%)         202M (79%)         202M (79%)          26M (10%)    
[2026-06-18T14:29:41.924+0800][33.731s][info][gc,heap     ] GC(94) y:      Used:      230M (90%)         230M (90%)          90M (35%)          54M (21%)         230M (90%)          54M (21%)    
[2026-06-18T14:29:41.924+0800][33.732s][info][gc,heap     ] GC(94) y: Young Generation Statistics:
[2026-06-18T14:29:41.925+0800][33.732s][info][gc,heap     ] GC(94) y:                Mark Start          Mark End        Relocate Start      Relocate End    
[2026-06-18T14:29:41.925+0800][33.733s][info][gc,heap     ] GC(94) y:      Used:      228M (89%)         228M (89%)          88M (34%)          44M (17%)    
[2026-06-18T14:29:41.925+0800][33.733s][info][gc,heap     ] GC(94) y:      Live:         -                34M (14%)          34M (14%)          32M (13%)    
[2026-06-18T14:29:41.926+0800][33.734s][info][gc,heap     ] GC(94) y:   Garbage:         -               193M (76%)          49M (19%)           0M (0%)     
[2026-06-18T14:29:41.927+0800][33.734s][info][gc,heap     ] GC(94) y: Allocated:         -                 0M (0%)            4M (2%)           10M (4%)     
[2026-06-18T14:29:41.927+0800][33.735s][info][gc,heap     ] GC(94) y: Reclaimed:         -                  -               144M (56%)         193M (75%)    
[2026-06-18T14:29:41.928+0800][33.735s][info][gc,heap     ] GC(94) y:  Promoted:         -                  -                 0M (0%)            1M (1%)     
[2026-06-18T14:29:41.929+0800][33.736s][info][gc,heap     ] GC(94) y: Compacted:         -                  -                  -                11M (4%)     
[2026-06-18T14:29:41.929+0800][33.737s][info][gc,phases   ] GC(94) y: Young Generation 230M(90%)->54M(21%) 0.012s
[2026-06-18T14:29:41.930+0800][33.738s][info][gc          ] GC(94) Minor Collection (Allocation Rate) 228M(89%)->70M(27%) 0.040s
[2026-06-18T14:29:42.330+0800][34.138s][info][gc          ] GC(95) Minor Collection (Allocation Rate)
[2026-06-18T14:29:42.331+0800][34.139s][info][gc,task     ] GC(95) Using 2 Workers for Young Generation
[2026-06-18T14:29:42.332+0800][34.139s][info][gc,phases   ] GC(95) y: Young Generation
[2026-06-18T14:29:42.332+0800][34.140s][info][gc,phases   ] GC(95) y: Pause Mark Start 0.012ms
[2026-06-18T14:29:42.333+0800][34.141s][info][gc,phases   ] GC(95) y: Concurrent Mark 0.366ms
[2026-06-18T14:29:42.334+0800][34.141s][info][gc,phases   ] GC(95) y: Pause Mark End 0.006ms
[2026-06-18T14:29:42.334+0800][34.142s][info][gc,phases   ] GC(95) y: Concurrent Mark Free 0.001ms
[2026-06-18T14:29:42.335+0800][34.143s][info][gc,phases   ] GC(95) y: Concurrent Reset Relocation Set 0.002ms
[2026-06-18T14:29:42.336+0800][34.143s][info][gc,reloc    ] GC(95) y: Using tenuring threshold: 3 (Computed)
[2026-06-18T14:29:42.337+0800][34.144s][info][gc,phases   ] GC(95) y: Concurrent Select Relocation Set 1.087ms
[2026-06-18T14:29:42.337+0800][34.145s][info][gc,phases   ] GC(95) y: Pause Relocate Start 0.010ms
[2026-06-18T14:29:42.339+0800][34.146s][info][gc,phases   ] GC(95) y: Concurrent Relocate 0.901ms
[2026-06-18T14:29:42.339+0800][34.147s][info][gc,alloc    ] GC(95) y:                         Mark Start        Mark End      Relocate Start    Relocate End   
[2026-06-18T14:29:42.340+0800][34.147s][info][gc,alloc    ] GC(95) y: Allocation Stalls:          0                0                0                0         
[2026-06-18T14:29:42.340+0800][34.148s][info][gc,load     ] GC(95) y: Load: 0.39 (2%) / 0.33 (1%) / 0.30 (1%)
[2026-06-18T14:29:42.341+0800][34.148s][info][gc,mmu      ] GC(95) y: MMU: 2ms/97.5%, 5ms/98.6%, 10ms/99.3%, 20ms/99.6%, 50ms/99.8%, 100ms/99.9%
[2026-06-18T14:29:42.341+0800][34.148s][info][gc,marking  ] GC(95) y: Mark: 2 stripe(s), 1 proactive flush(es), 1 terminate flush(es), 0 completion(s), 0 continuation(s) 
[2026-06-18T14:29:42.341+0800][34.149s][info][gc,nmethod  ] GC(95) y: NMethods: 96 registered, 8 unregistered
[2026-06-18T14:29:42.342+0800][34.149s][info][gc,metaspace] GC(95) y: Metaspace: 0M used, 0M committed, 1088M reserved
[2026-06-18T14:29:42.342+0800][34.149s][info][gc,reloc    ] GC(95) y:                        Candidates     Selected     In-Place         Size        Empty    Relocated 
[2026-06-18T14:29:42.342+0800][34.150s][info][gc,reloc    ] GC(95) y: Small Pages:                   83           12            0         166M         134M           4M 
[2026-06-18T14:29:42.343+0800][34.150s][info][gc,reloc    ] GC(95) y: Medium Pages:                   5            1            0          40M          16M           3M 
[2026-06-18T14:29:42.343+0800][34.151s][info][gc,reloc    ] GC(95) y: Large Pages:                    7            0            0          14M           6M           0M 
[2026-06-18T14:29:42.344+0800][34.151s][info][gc,reloc    ] GC(95) y: Forwarding Usage: 0M
[2026-06-18T14:29:42.344+0800][34.151s][info][gc,reloc    ] GC(95) y: Age Table:
[2026-06-18T14:29:42.344+0800][34.152s][info][gc,reloc    ] GC(95) y:                    Live             Garbage             Small              Medium             Large        
[2026-06-18T14:29:42.345+0800][34.152s][info][gc,reloc    ] GC(95) y: Eden              19M (8%)          160M (63%)         78 / 12             3 / 1              0 / 0        
[2026-06-18T14:29:42.345+0800][34.152s][info][gc,reloc    ] GC(95) y: Survivor 1         6M (2%)           26M (10%)          5 / 0              2 / 0              3 / 0        
[2026-06-18T14:29:42.345+0800][34.153s][info][gc,reloc    ] GC(95) y: Survivor 2         2M (1%)            0M (0%)           0 / 0              0 / 0              1 / 0        
[2026-06-18T14:29:42.346+0800][34.153s][info][gc,reloc    ] GC(95) y: Survivor 3          -                 6M (2%)           0 / 0              0 / 0              3 / 0        
[2026-06-18T14:29:42.346+0800][34.153s][info][gc,heap     ] GC(95) y: Min Capacity: 256M(100%)
[2026-06-18T14:29:42.346+0800][34.154s][info][gc,heap     ] GC(95) y: Max Capacity: 256M(100%)
[2026-06-18T14:29:42.346+0800][34.154s][info][gc,heap     ] GC(95) y: Soft Max Capacity: 256M(100%)
[2026-06-18T14:29:42.347+0800][34.154s][info][gc,heap     ] GC(95) y: Heap Statistics:
[2026-06-18T14:29:42.347+0800][34.154s][info][gc,heap     ] GC(95) y:                Mark Start          Mark End        Relocate Start      Relocate End           High               Low         
[2026-06-18T14:29:42.347+0800][34.155s][info][gc,heap     ] GC(95) y:  Capacity:      256M (100%)        256M (100%)        256M (100%)        256M (100%)        256M (100%)        256M (100%)   
[2026-06-18T14:29:42.348+0800][34.155s][info][gc,heap     ] GC(95) y:      Free:       26M (10%)          26M (10%)         182M (71%)         214M (84%)         214M (84%)          26M (10%)    
[2026-06-18T14:29:42.348+0800][34.156s][info][gc,heap     ] GC(95) y:      Used:      230M (90%)         230M (90%)          74M (29%)          42M (16%)         230M (90%)          42M (16%)    
[2026-06-18T14:29:42.349+0800][34.156s][info][gc,heap     ] GC(95) y: Young Generation Statistics:
[2026-06-18T14:29:42.349+0800][34.157s][info][gc,heap     ] GC(95) y:                Mark Start          Mark End        Relocate Start      Relocate End    
[2026-06-18T14:29:42.350+0800][34.157s][info][gc,heap     ] GC(95) y:      Used:      220M (86%)         220M (86%)          64M (25%)          32M (12%)    
[2026-06-18T14:29:42.350+0800][34.157s][info][gc,heap     ] GC(95) y:      Live:         -                27M (11%)          27M (11%)          27M (11%)    
[2026-06-18T14:29:42.350+0800][34.158s][info][gc,heap     ] GC(95) y:   Garbage:         -               192M (75%)          36M (14%)           0M (0%)     
[2026-06-18T14:29:42.351+0800][34.158s][info][gc,heap     ] GC(95) y: Allocated:         -                 0M (0%)            0M (0%)            4M (2%)     
[2026-06-18T14:29:42.351+0800][34.158s][info][gc,heap     ] GC(95) y: Reclaimed:         -                  -               156M (61%)         192M (75%)    
[2026-06-18T14:29:42.351+0800][34.159s][info][gc,heap     ] GC(95) y:  Promoted:         -                  -                 0M (0%)            0M (0%)     
[2026-06-18T14:29:42.352+0800][34.159s][info][gc,heap     ] GC(95) y: Compacted:         -                  -                  -                11M (4%)     
[2026-06-18T14:29:42.352+0800][34.159s][info][gc,phases   ] GC(95) y: Young Generation 230M(90%)->42M(16%) 0.008s
[2026-06-18T14:29:42.352+0800][34.160s][info][gc          ] GC(95) Minor Collection (Allocation Rate) 230M(90%)->58M(23%) 0.022s
[2026-06-18T14:29:42.791+0800][34.599s][info][gc          ] GC(96) Minor Collection (Allocation Rate)
[2026-06-18T14:29:42.792+0800][34.600s][info][gc,task     ] GC(96) Using 2 Workers for Young Generation
[2026-06-18T14:29:42.793+0800][34.601s][info][gc,phases   ] GC(96) y: Young Generation
[2026-06-18T14:29:42.794+0800][34.601s][info][gc,phases   ] GC(96) y: Pause Mark Start 0.017ms
[2026-06-18T14:29:42.795+0800][34.602s][info][gc,phases   ] GC(96) y: Concurrent Mark 0.624ms
[2026-06-18T14:29:42.795+0800][34.602s][info][gc,phases   ] GC(96) y: Pause Mark End 0.008ms
[2026-06-18T14:29:42.795+0800][34.603s][info][gc,phases   ] GC(96) y: Concurrent Mark Free 0.001ms
[2026-06-18T14:29:42.796+0800][34.603s][info][gc,phases   ] GC(96) y: Concurrent Reset Relocation Set 0.002ms
[2026-06-18T14:29:42.796+0800][34.604s][info][gc,reloc    ] GC(96) y: Using tenuring threshold: 2 (Computed)
[2026-06-18T14:29:42.797+0800][34.604s][info][gc,phases   ] GC(96) y: Concurrent Select Relocation Set 0.804ms
[2026-06-18T14:29:42.798+0800][34.605s][info][gc,phases   ] GC(96) y: Pause Relocate Start 0.012ms
[2026-06-18T14:29:42.800+0800][34.607s][info][gc,phases   ] GC(96) y: Concurrent Relocate 0.879ms
[2026-06-18T14:29:42.800+0800][34.608s][info][gc,alloc    ] GC(96) y:                         Mark Start        Mark End      Relocate Start    Relocate End   
[2026-06-18T14:29:42.801+0800][34.608s][info][gc,alloc    ] GC(96) y: Allocation Stalls:          0                0                0                0         
[2026-06-18T14:29:42.801+0800][34.608s][info][gc,load     ] GC(96) y: Load: 0.39 (2%) / 0.33 (1%) / 0.30 (1%)
[2026-06-18T14:29:42.801+0800][34.609s][info][gc,mmu      ] GC(96) y: MMU: 2ms/97.5%, 5ms/98.6%, 10ms/99.3%, 20ms/99.6%, 50ms/99.8%, 100ms/99.9%
[2026-06-18T14:29:42.802+0800][34.609s][info][gc,marking  ] GC(96) y: Mark: 2 stripe(s), 1 proactive flush(es), 1 terminate flush(es), 0 completion(s), 0 continuation(s) 
[2026-06-18T14:29:42.802+0800][34.609s][info][gc,nmethod  ] GC(96) y: NMethods: 97 registered, 8 unregistered
[2026-06-18T14:29:42.803+0800][34.611s][info][gc,metaspace] GC(96) y: Metaspace: 0M used, 0M committed, 1088M reserved
[2026-06-18T14:29:42.804+0800][34.611s][info][gc,reloc    ] GC(96) y:                        Candidates     Selected     In-Place         Size        Empty    Relocated 
[2026-06-18T14:29:42.804+0800][34.611s][info][gc,reloc    ] GC(96) y: Small Pages:                   86           13            0         172M         138M           3M 
[2026-06-18T14:29:42.804+0800][34.612s][info][gc,reloc    ] GC(96) y: Medium Pages:                   5            3            0          40M           0M           5M 
[2026-06-18T14:29:42.805+0800][34.612s][info][gc,reloc    ] GC(96) y: Large Pages:                    6            0            0          12M           0M           0M 
[2026-06-18T14:29:42.805+0800][34.612s][info][gc,reloc    ] GC(96) y: Forwarding Usage: 0M
[2026-06-18T14:29:42.805+0800][34.613s][info][gc,reloc    ] GC(96) y: Age Table:
[2026-06-18T14:29:42.806+0800][34.613s][info][gc,reloc    ] GC(96) y:                    Live             Garbage             Small              Medium             Large        
[2026-06-18T14:29:42.806+0800][34.613s][info][gc,reloc    ] GC(96) y: Eden              22M (9%)          169M (66%)         82 / 13             3 / 1              2 / 0        
[2026-06-18T14:29:42.806+0800][34.614s][info][gc,reloc    ] GC(96) y: Survivor 1         1M (1%)           22M (9%)           4 / 0              2 / 2              0 / 0        
[2026-06-18T14:29:42.806+0800][34.614s][info][gc,reloc    ] GC(96) y: Survivor 2         6M (2%)            0M (0%)           0 / 0              0 / 0              3 / 0        
[2026-06-18T14:29:42.807+0800][34.614s][info][gc,reloc    ] GC(96) y: Survivor 3         2M (1%)            0M (0%)           0 / 0              0 / 0              1 / 0        
[2026-06-18T14:29:42.807+0800][34.614s][info][gc,heap     ] GC(96) y: Min Capacity: 256M(100%)
[2026-06-18T14:29:42.807+0800][34.615s][info][gc,heap     ] GC(96) y: Max Capacity: 256M(100%)
[2026-06-18T14:29:42.807+0800][34.615s][info][gc,heap     ] GC(96) y: Soft Max Capacity: 256M(100%)
[2026-06-18T14:29:42.808+0800][34.615s][info][gc,heap     ] GC(96) y: Heap Statistics:
[2026-06-18T14:29:42.808+0800][34.615s][info][gc,heap     ] GC(96) y:                Mark Start          Mark End        Relocate Start      Relocate End           High               Low         
[2026-06-18T14:29:42.808+0800][34.616s][info][gc,heap     ] GC(96) y:  Capacity:      256M (100%)        256M (100%)        256M (100%)        256M (100%)        256M (100%)        256M (100%)   
[2026-06-18T14:29:42.809+0800][34.616s][info][gc,heap     ] GC(96) y:      Free:       22M (9%)           22M (9%)          160M (62%)         200M (78%)         200M (78%)          22M (9%)     
[2026-06-18T14:29:42.809+0800][34.616s][info][gc,heap     ] GC(96) y:      Used:      234M (91%)         234M (91%)          96M (38%)          56M (22%)         234M (91%)          56M (22%)    
[2026-06-18T14:29:42.809+0800][34.617s][info][gc,heap     ] GC(96) y: Young Generation Statistics:
[2026-06-18T14:29:42.810+0800][34.617s][info][gc,heap     ] GC(96) y:                Mark Start          Mark End        Relocate Start      Relocate End    
[2026-06-18T14:29:42.810+0800][34.617s][info][gc,heap     ] GC(96) y:      Used:      224M (88%)         224M (88%)          78M (30%)          38M (15%)    
[2026-06-18T14:29:42.810+0800][34.618s][info][gc,heap     ] GC(96) y:      Live:         -                32M (13%)          24M (9%)           24M (9%)     
[2026-06-18T14:29:42.811+0800][34.618s][info][gc,heap     ] GC(96) y:   Garbage:         -               191M (75%)          53M (21%)           0M (0%)     
[2026-06-18T14:29:42.811+0800][34.618s][info][gc,heap     ] GC(96) y: Allocated:         -                 0M (0%)            0M (0%)           12M (5%)     
[2026-06-18T14:29:42.811+0800][34.619s][info][gc,heap     ] GC(96) y: Reclaimed:         -                  -               138M (54%)         190M (75%)    
[2026-06-18T14:29:42.812+0800][34.619s][info][gc,heap     ] GC(96) y:  Promoted:         -                  -                 8M (3%)            8M (3%)     
[2026-06-18T14:29:42.812+0800][34.619s][info][gc,heap     ] GC(96) y: Compacted:         -                  -                  -                11M (4%)     
[2026-06-18T14:29:42.812+0800][34.619s][info][gc,phases   ] GC(96) y: Young Generation 234M(91%)->56M(22%) 0.007s
[2026-06-18T14:29:42.812+0800][34.620s][info][gc          ] GC(96) Minor Collection (Allocation Rate) 232M(91%)->62M(24%) 0.021s
[2026-06-18T14:29:43.222+0800][35.029s][info][gc          ] GC(97) Minor Collection (Allocation Rate)
[2026-06-18T14:29:43.223+0800][35.031s][info][gc,task     ] GC(97) Using 1 Workers for Young Generation
[2026-06-18T14:29:43.224+0800][35.031s][info][gc,phases   ] GC(97) y: Young Generation
[2026-06-18T14:29:43.225+0800][35.032s][info][gc,phases   ] GC(97) y: Pause Mark Start 0.014ms
[2026-06-18T14:29:43.226+0800][35.034s][info][gc,phases   ] GC(97) y: Concurrent Mark 0.803ms
[2026-06-18T14:29:43.227+0800][35.035s][info][gc,phases   ] GC(97) y: Pause Mark End 0.011ms
[2026-06-18T14:29:43.228+0800][35.036s][info][gc,phases   ] GC(97) y: Concurrent Mark Free 0.002ms
[2026-06-18T14:29:43.229+0800][35.036s][info][gc,phases   ] GC(97) y: Concurrent Reset Relocation Set 0.004ms
[2026-06-18T14:29:43.229+0800][35.037s][info][gc,reloc    ] GC(97) y: Using tenuring threshold: 3 (Computed)
[2026-06-18T14:29:43.230+0800][35.037s][info][gc,phases   ] GC(97) y: Concurrent Select Relocation Set 0.688ms
[2026-06-18T14:29:43.231+0800][35.038s][info][gc,phases   ] GC(97) y: Pause Relocate Start 0.007ms
[2026-06-18T14:29:43.232+0800][35.040s][info][gc,phases   ] GC(97) y: Concurrent Relocate 1.110ms
[2026-06-18T14:29:43.233+0800][35.041s][info][gc,alloc    ] GC(97) y:                         Mark Start        Mark End      Relocate Start    Relocate End   
[2026-06-18T14:29:43.234+0800][35.041s][info][gc,alloc    ] GC(97) y: Allocation Stalls:          0                0                0                0         
[2026-06-18T14:29:43.234+0800][35.042s][info][gc,load     ] GC(97) y: Load: 0.39 (2%) / 0.33 (1%) / 0.30 (1%)
[2026-06-18T14:29:43.235+0800][35.042s][info][gc,mmu      ] GC(97) y: MMU: 2ms/97.5%, 5ms/98.6%, 10ms/99.3%, 20ms/99.6%, 50ms/99.8%, 100ms/99.9%
[2026-06-18T14:29:43.235+0800][35.042s][info][gc,marking  ] GC(97) y: Mark: 1 stripe(s), 1 proactive flush(es), 1 terminate flush(es), 0 completion(s), 0 continuation(s) 
[2026-06-18T14:29:43.235+0800][35.043s][info][gc,nmethod  ] GC(97) y: NMethods: 97 registered, 8 unregistered
[2026-06-18T14:29:43.235+0800][35.043s][info][gc,metaspace] GC(97) y: Metaspace: 0M used, 0M committed, 1088M reserved
[2026-06-18T14:29:43.236+0800][35.043s][info][gc,reloc    ] GC(97) y:                        Candidates     Selected     In-Place         Size        Empty    Relocated 
[2026-06-18T14:29:43.236+0800][35.043s][info][gc,reloc    ] GC(97) y: Small Pages:                   80           11            0         160M         132M           3M 
[2026-06-18T14:29:43.236+0800][35.044s][info][gc,reloc    ] GC(97) y: Medium Pages:                   6            2            0          48M          16M           3M 
[2026-06-18T14:29:43.236+0800][35.044s][info][gc,reloc    ] GC(97) y: Large Pages:                    3            0            0           6M           0M           0M 
[2026-06-18T14:29:43.237+0800][35.044s][info][gc,reloc    ] GC(97) y: Forwarding Usage: 0M
[2026-06-18T14:29:43.237+0800][35.044s][info][gc,reloc    ] GC(97) y: Age Table:
[2026-06-18T14:29:43.237+0800][35.044s][info][gc,reloc    ] GC(97) y:                    Live             Garbage             Small              Medium             Large        
[2026-06-18T14:29:43.237+0800][35.045s][info][gc,reloc    ] GC(97) y: Eden              16M (7%)          159M (62%)         75 / 11             3 / 1              1 / 0        
[2026-06-18T14:29:43.238+0800][35.045s][info][gc,reloc    ] GC(97) y: Survivor 1         4M (2%)           25M (10%)          5 / 0              2 / 1              2 / 0        
[2026-06-18T14:29:43.238+0800][35.045s][info][gc,reloc    ] GC(97) y: Survivor 2         0M (0%)            7M (3%)           0 / 0              1 / 0              0 / 0        
[2026-06-18T14:29:43.238+0800][35.045s][info][gc,heap     ] GC(97) y: Min Capacity: 256M(100%)
[2026-06-18T14:29:43.238+0800][35.046s][info][gc,heap     ] GC(97) y: Max Capacity: 256M(100%)
[2026-06-18T14:29:43.239+0800][35.046s][info][gc,heap     ] GC(97) y: Soft Max Capacity: 256M(100%)
[2026-06-18T14:29:43.239+0800][35.047s][info][gc,heap     ] GC(97) y: Heap Statistics:
[2026-06-18T14:29:43.240+0800][35.047s][info][gc,heap     ] GC(97) y:                Mark Start          Mark End        Relocate Start      Relocate End           High               Low         
[2026-06-18T14:29:43.240+0800][35.047s][info][gc,heap     ] GC(97) y:  Capacity:      256M (100%)        256M (100%)        256M (100%)        256M (100%)        256M (100%)        256M (100%)   
[2026-06-18T14:29:43.240+0800][35.048s][info][gc,heap     ] GC(97) y:      Free:       24M (9%)           24M (9%)          172M (67%)         190M (74%)         192M (75%)          24M (9%)     
[2026-06-18T14:29:43.240+0800][35.048s][info][gc,heap     ] GC(97) y:      Used:      232M (91%)         232M (91%)          84M (33%)          66M (26%)         232M (91%)          64M (25%)    
[2026-06-18T14:29:43.241+0800][35.048s][info][gc,heap     ] GC(97) y: Young Generation Statistics:
[2026-06-18T14:29:43.241+0800][35.048s][info][gc,heap     ] GC(97) y:                Mark Start          Mark End        Relocate Start      Relocate End    
[2026-06-18T14:29:43.241+0800][35.048s][info][gc,heap     ] GC(97) y:      Used:      214M (84%)         214M (84%)          66M (26%)          48M (19%)    
[2026-06-18T14:29:43.241+0800][35.049s][info][gc,heap     ] GC(97) y:      Live:         -                22M (9%)           22M (9%)           22M (9%)     
[2026-06-18T14:29:43.242+0800][35.049s][info][gc,heap     ] GC(97) y:   Garbage:         -               191M (75%)          43M (17%)           0M (0%)     
[2026-06-18T14:29:43.242+0800][35.049s][info][gc,heap     ] GC(97) y: Allocated:         -                 0M (0%)            0M (0%)           25M (10%)    
[2026-06-18T14:29:43.242+0800][35.050s][info][gc,heap     ] GC(97) y: Reclaimed:         -                  -               148M (58%)         191M (75%)    
[2026-06-18T14:29:43.243+0800][35.050s][info][gc,heap     ] GC(97) y:  Promoted:         -                  -                 0M (0%)            0M (0%)     
[2026-06-18T14:29:43.243+0800][35.050s][info][gc,heap     ] GC(97) y: Compacted:         -                  -                  -                 8M (3%)     
[2026-06-18T14:29:43.243+0800][35.050s][info][gc,phases   ] GC(97) y: Young Generation 232M(91%)->66M(26%) 0.009s
[2026-06-18T14:29:43.243+0800][35.051s][info][gc          ] GC(97) Minor Collection (Allocation Rate) 232M(91%)->78M(30%) 0.021s
[2026-06-18T14:29:43.295+0800][35.102s][info][gc          ] GC(98) Major Collection (Proactive)
[2026-06-18T14:29:43.296+0800][35.103s][info][gc,task     ] GC(98) Using 1 Workers for Young Generation
[2026-06-18T14:29:43.296+0800][35.104s][info][gc,task     ] GC(98) Using 1 Workers for Old Generation
[2026-06-18T14:29:43.297+0800][35.105s][info][gc,phases   ] GC(98) Y: Young Generation
[2026-06-18T14:29:43.298+0800][35.105s][info][gc,phases   ] GC(98) Y: Pause Mark Start (Major) 0.014ms
[2026-06-18T14:29:43.299+0800][35.106s][info][gc,phases   ] GC(98) Y: Concurrent Mark 0.620ms
[2026-06-18T14:29:43.300+0800][35.107s][info][gc,phases   ] GC(98) Y: Pause Mark End 0.009ms
[2026-06-18T14:29:43.301+0800][35.108s][info][gc,phases   ] GC(98) Y: Concurrent Mark Free 0.001ms
[2026-06-18T14:29:43.301+0800][35.108s][info][gc,phases   ] GC(98) Y: Concurrent Reset Relocation Set 0.001ms
[2026-06-18T14:29:43.301+0800][35.109s][info][gc,reloc    ] GC(98) Y: Using tenuring threshold: 3 (Computed)
[2026-06-18T14:29:43.302+0800][35.109s][info][gc,phases   ] GC(98) Y: Concurrent Select Relocation Set 0.466ms
[2026-06-18T14:29:43.302+0800][35.110s][info][gc,phases   ] GC(98) Y: Pause Relocate Start 0.006ms
[2026-06-18T14:29:43.304+0800][35.111s][info][gc,phases   ] GC(98) Y: Concurrent Relocate 1.045ms
[2026-06-18T14:29:43.304+0800][35.111s][info][gc,alloc    ] GC(98) Y:                         Mark Start        Mark End      Relocate Start    Relocate End   
[2026-06-18T14:29:43.304+0800][35.112s][info][gc,alloc    ] GC(98) Y: Allocation Stalls:          0                0                0                0         
[2026-06-18T14:29:43.305+0800][35.112s][info][gc,load     ] GC(98) Y: Load: 0.39 (2%) / 0.33 (1%) / 0.30 (1%)
[2026-06-18T14:29:43.305+0800][35.112s][info][gc,mmu      ] GC(98) Y: MMU: 2ms/97.5%, 5ms/98.6%, 10ms/99.3%, 20ms/99.6%, 50ms/99.8%, 100ms/99.9%
[2026-06-18T14:29:43.306+0800][35.113s][info][gc,marking  ] GC(98) Y: Mark: 1 stripe(s), 1 proactive flush(es), 1 terminate flush(es), 0 completion(s), 0 continuation(s) 
[2026-06-18T14:29:43.306+0800][35.113s][info][gc,nmethod  ] GC(98) Y: NMethods: 97 registered, 8 unregistered
[2026-06-18T14:29:43.306+0800][35.114s][info][gc,metaspace] GC(98) Y: Metaspace: 0M used, 0M committed, 1088M reserved
[2026-06-18T14:29:43.307+0800][35.114s][info][gc,reloc    ] GC(98) Y:                        Candidates     Selected     In-Place         Size        Empty    Relocated 
[2026-06-18T14:29:43.307+0800][35.114s][info][gc,reloc    ] GC(98) Y: Small Pages:                   17            6            0          34M          12M           1M 
[2026-06-18T14:29:43.307+0800][35.115s][info][gc,reloc    ] GC(98) Y: Medium Pages:                   5            3            0          40M           0M           6M 
[2026-06-18T14:29:43.307+0800][35.115s][info][gc,reloc    ] GC(98) Y: Large Pages:                    4            0            0           8M           0M           0M 
[2026-06-18T14:29:43.308+0800][35.115s][info][gc,reloc    ] GC(98) Y: Forwarding Usage: 0M
[2026-06-18T14:29:43.308+0800][35.115s][info][gc,reloc    ] GC(98) Y: Age Table:
[2026-06-18T14:29:43.308+0800][35.116s][info][gc,reloc    ] GC(98) Y:                    Live             Garbage             Small              Medium             Large        
[2026-06-18T14:29:43.308+0800][35.116s][info][gc,reloc    ] GC(98) Y: Eden               7M (3%)           30M (12%)         14 / 6              1 / 1              1 / 0        
[2026-06-18T14:29:43.309+0800][35.116s][info][gc,reloc    ] GC(98) Y: Survivor 1        16M (7%)            7M (3%)           3 / 0              2 / 1              1 / 0        
[2026-06-18T14:29:43.309+0800][35.116s][info][gc,reloc    ] GC(98) Y: Survivor 2         4M (2%)            7M (3%)           0 / 0              1 / 1              2 / 0        
[2026-06-18T14:29:43.309+0800][35.117s][info][gc,reloc    ] GC(98) Y: Survivor 3         0M (0%)            7M (3%)           0 / 0              1 / 0              0 / 0        
[2026-06-18T14:29:43.309+0800][35.117s][info][gc,heap     ] GC(98) Y: Min Capacity: 256M(100%)
[2026-06-18T14:29:43.310+0800][35.117s][info][gc,heap     ] GC(98) Y: Max Capacity: 256M(100%)
[2026-06-18T14:29:43.310+0800][35.117s][info][gc,heap     ] GC(98) Y: Soft Max Capacity: 256M(100%)
[2026-06-18T14:29:43.310+0800][35.117s][info][gc,heap     ] GC(98) Y: Heap Statistics:
[2026-06-18T14:29:43.310+0800][35.118s][info][gc,heap     ] GC(98) Y:                Mark Start          Mark End        Relocate Start      Relocate End           High               Low         
[2026-06-18T14:29:43.311+0800][35.118s][info][gc,heap     ] GC(98) Y:  Capacity:      256M (100%)        256M (100%)        256M (100%)        256M (100%)        256M (100%)        256M (100%)   
[2026-06-18T14:29:43.312+0800][35.119s][info][gc,heap     ] GC(98) Y:      Free:      156M (61%)         156M (61%)         168M (66%)         180M (70%)         180M (70%)         156M (61%)    
[2026-06-18T14:29:43.312+0800][35.120s][info][gc,heap     ] GC(98) Y:      Used:      100M (39%)         100M (39%)          88M (34%)          76M (30%)         100M (39%)          76M (30%)    
[2026-06-18T14:29:43.318+0800][35.125s][info][gc,heap     ] GC(98) Y: Young Generation Statistics:
[2026-06-18T14:29:43.319+0800][35.126s][info][gc,heap     ] GC(98) Y:                Mark Start          Mark End        Relocate Start      Relocate End    
[2026-06-18T14:29:43.321+0800][35.129s][info][gc,heap     ] GC(98) Y:      Used:       82M (32%)          82M (32%)          70M (27%)          50M (20%)    
[2026-06-18T14:29:43.324+0800][35.131s][info][gc,heap     ] GC(98) Y:      Live:         -                29M (12%)          29M (12%)          28M (11%)    
[2026-06-18T14:29:43.328+0800][35.135s][info][gc,heap     ] GC(98) Y:   Garbage:         -                52M (20%)          40M (16%)           1M (1%)     
[2026-06-18T14:29:43.333+0800][35.140s][info][gc,heap     ] GC(98) Y: Allocated:         -                 0M (0%)            0M (0%)           19M (8%)     
[2026-06-18T14:29:43.336+0800][35.143s][info][gc,heap     ] GC(98) Y: Reclaimed:         -                  -                12M (5%)           50M (20%)    
[2026-06-18T14:29:43.340+0800][35.147s][info][gc,heap     ] GC(98) Y:  Promoted:         -                  -                 0M (0%)            0M (0%)     
[2026-06-18T14:29:43.346+0800][35.153s][info][gc,heap     ] GC(98) Y: Compacted:         -                  -                  -                 8M (3%)     
[2026-06-18T14:29:43.348+0800][35.156s][info][gc,phases   ] GC(98) Y: Young Generation 100M(39%)->76M(30%) 0.007s
[2026-06-18T14:29:43.352+0800][35.160s][info][gc,phases   ] GC(98) O: Old Generation
[2026-06-18T14:29:43.356+0800][35.163s][info][gc,phases   ] GC(98) O: Concurrent Mark 1.904ms
[2026-06-18T14:29:43.356+0800][35.164s][info][gc,phases   ] GC(98) O: Pause Mark End 0.014ms
[2026-06-18T14:29:43.357+0800][35.165s][info][gc,phases   ] GC(98) O: Concurrent Mark Free 0.002ms
[2026-06-18T14:29:43.358+0800][35.166s][info][gc,phases   ] GC(98) O: Concurrent Process Non-Strong 0.402ms
[2026-06-18T14:29:43.359+0800][35.166s][info][gc,phases   ] GC(98) O: Concurrent Reset Relocation Set 0.000ms
[2026-06-18T14:29:43.360+0800][35.167s][info][gc,phases   ] GC(98) O: Concurrent Select Relocation Set 0.087ms
[2026-06-18T14:29:43.361+0800][35.168s][info][gc,task     ] GC(98) O: Using 2 Workers for Old Generation
[2026-06-18T14:29:43.361+0800][35.168s][info][gc,task     ] GC(98) O: Using 1 Workers for Old Generation
[2026-06-18T14:29:43.362+0800][35.169s][info][gc,phases   ] GC(98) O: Concurrent Remap Roots 1.067ms
[2026-06-18T14:29:43.362+0800][35.169s][info][gc,phases   ] GC(98) O: Pause Relocate Start 0.008ms
[2026-06-18T14:29:43.363+0800][35.170s][info][gc,phases   ] GC(98) O: Concurrent Relocate 0.167ms
[2026-06-18T14:29:43.363+0800][35.171s][info][gc,alloc    ] GC(98) O:                         Mark Start        Mark End      Relocate Start    Relocate End   
[2026-06-18T14:29:43.364+0800][35.171s][info][gc,alloc    ] GC(98) O: Allocation Stalls:          0                0                0                0         
[2026-06-18T14:29:43.364+0800][35.171s][info][gc,load     ] GC(98) O: Load: 0.39 (2%) / 0.33 (1%) / 0.30 (1%)
[2026-06-18T14:29:43.364+0800][35.172s][info][gc,mmu      ] GC(98) O: MMU: 2ms/97.5%, 5ms/98.6%, 10ms/99.3%, 20ms/99.6%, 50ms/99.8%, 100ms/99.9%
[2026-06-18T14:29:43.364+0800][35.172s][info][gc,marking  ] GC(98) O: Mark: 1 stripe(s), 2 proactive flush(es), 1 terminate flush(es), 0 completion(s), 0 continuation(s) 
[2026-06-18T14:29:43.365+0800][35.172s][info][gc,nmethod  ] GC(98) O: NMethods: 97 registered, 8 unregistered
[2026-06-18T14:29:43.365+0800][35.172s][info][gc,metaspace] GC(98) O: Metaspace: 0M used, 0M committed, 1088M reserved
[2026-06-18T14:29:43.365+0800][35.173s][info][gc,ref      ] GC(98) O:                       Encountered   Discovered     Enqueued 
[2026-06-18T14:29:43.366+0800][35.173s][info][gc,ref      ] GC(98) O: Soft References:                2            0            0 
[2026-06-18T14:29:43.366+0800][35.173s][info][gc,ref      ] GC(98) O: Weak References:                6            0            0 
[2026-06-18T14:29:43.367+0800][35.174s][info][gc,ref      ] GC(98) O: Final References:               0            0            0 
[2026-06-18T14:29:43.367+0800][35.174s][info][gc,ref      ] GC(98) O: Phantom References:             1            1            0 
[2026-06-18T14:29:43.367+0800][35.174s][info][gc,reloc    ] GC(98) O:                        Candidates     Selected     In-Place         Size        Empty    Relocated 
[2026-06-18T14:29:43.367+0800][35.175s][info][gc,reloc    ] GC(98) O: Small Pages:                    1            0            0           2M           0M           0M 
[2026-06-18T14:29:43.368+0800][35.175s][info][gc,reloc    ] GC(98) O: Medium Pages:                   1            0            0           8M           8M           0M 
[2026-06-18T14:29:43.368+0800][35.175s][info][gc,reloc    ] GC(98) O: Large Pages:                    4            0            0           8M           8M           0M 
[2026-06-18T14:29:43.368+0800][35.176s][info][gc,reloc    ] GC(98) O: Forwarding Usage: 0M
[2026-06-18T14:29:43.368+0800][35.176s][info][gc,heap     ] GC(98) O: Min Capacity: 256M(100%)
[2026-06-18T14:29:43.369+0800][35.176s][info][gc,heap     ] GC(98) O: Max Capacity: 256M(100%)
[2026-06-18T14:29:43.369+0800][35.176s][info][gc,heap     ] GC(98) O: Soft Max Capacity: 256M(100%)
[2026-06-18T14:29:43.369+0800][35.177s][info][gc,heap     ] GC(98) O: Heap Statistics:
[2026-06-18T14:29:43.369+0800][35.177s][info][gc,heap     ] GC(98) O:                Mark Start          Mark End        Relocate Start      Relocate End           High               Low         
[2026-06-18T14:29:43.370+0800][35.177s][info][gc,heap     ] GC(98) O:  Capacity:      256M (100%)        256M (100%)        256M (100%)        256M (100%)        256M (100%)        256M (100%)   
[2026-06-18T14:29:43.370+0800][35.177s][info][gc,heap     ] GC(98) O:      Free:      156M (61%)         154M (60%)         166M (65%)         166M (65%)         180M (70%)         150M (59%)    
[2026-06-18T14:29:43.370+0800][35.177s][info][gc,heap     ] GC(98) O:      Used:      100M (39%)         102M (40%)          90M (35%)          90M (35%)         106M (41%)          76M (30%)    
[2026-06-18T14:29:43.370+0800][35.178s][info][gc,heap     ] GC(98) O: Old Generation Statistics:
[2026-06-18T14:29:43.371+0800][35.178s][info][gc,heap     ] GC(98) O:                Mark Start          Mark End        Relocate Start      Relocate End    
[2026-06-18T14:29:43.371+0800][35.178s][info][gc,heap     ] GC(98) O:      Used:       18M (7%)           26M (10%)          10M (4%)           10M (4%)     
[2026-06-18T14:29:43.371+0800][35.178s][info][gc,heap     ] GC(98) O:      Live:         -                 0M (0%)            0M (0%)            0M (0%)     
[2026-06-18T14:29:43.371+0800][35.179s][info][gc,heap     ] GC(98) O:   Garbage:         -                17M (7%)            1M (1%)            1M (1%)     
[2026-06-18T14:29:43.372+0800][35.179s][info][gc,heap     ] GC(98) O: Allocated:         -                 8M (3%)            8M (3%)            8M (3%)     
[2026-06-18T14:29:43.372+0800][35.179s][info][gc,heap     ] GC(98) O: Reclaimed:         -                  -                16M (6%)           16M (6%)     
[2026-06-18T14:29:43.372+0800][35.180s][info][gc,heap     ] GC(98) O: Compacted:         -                  -                  -                 0M (0%)     
[2026-06-18T14:29:43.373+0800][35.180s][info][gc,phases   ] GC(98) O: Old Generation 102M(40%)->90M(35%) 0.011s
[2026-06-18T14:29:43.373+0800][35.180s][info][gc          ] GC(98) Major Collection (Proactive) 96M(38%)->94M(37%) 0.078s
[2026-06-18T14:29:43.717+0800][35.524s][info][gc          ] GC(99) Minor Collection (High Usage)
[2026-06-18T14:29:43.719+0800][35.526s][info][gc,task     ] GC(99) Using 1 Workers for Young Generation
[2026-06-18T14:29:43.720+0800][35.527s][info][gc,phases   ] GC(99) y: Young Generation
[2026-06-18T14:29:43.721+0800][35.528s][info][gc,phases   ] GC(99) y: Pause Mark Start 0.016ms
[2026-06-18T14:29:43.723+0800][35.530s][info][gc,phases   ] GC(99) y: Concurrent Mark 0.953ms
[2026-06-18T14:29:43.724+0800][35.531s][info][gc,phases   ] GC(99) y: Pause Mark End 0.010ms
[2026-06-18T14:29:43.725+0800][35.532s][info][gc,phases   ] GC(99) y: Concurrent Mark Free 0.002ms
[2026-06-18T14:29:43.725+0800][35.533s][info][gc,phases   ] GC(99) y: Concurrent Reset Relocation Set 0.002ms
[2026-06-18T14:29:43.726+0800][35.533s][info][gc,reloc    ] GC(99) y: Using tenuring threshold: 3 (Computed)
[2026-06-18T14:29:43.727+0800][35.534s][info][gc,phases   ] GC(99) y: Concurrent Select Relocation Set 0.732ms
[2026-06-18T14:29:43.727+0800][35.534s][info][gc,phases   ] GC(99) y: Pause Relocate Start 0.006ms
[2026-06-18T14:29:43.729+0800][35.536s][info][gc,phases   ] GC(99) y: Concurrent Relocate 1.238ms
[2026-06-18T14:29:43.730+0800][35.537s][info][gc,alloc    ] GC(99) y:                         Mark Start        Mark End      Relocate Start    Relocate End   
[2026-06-18T14:29:43.730+0800][35.538s][info][gc,alloc    ] GC(99) y: Allocation Stalls:          0                0                0                0         
[2026-06-18T14:29:43.731+0800][35.538s][info][gc,load     ] GC(99) y: Load: 0.39 (2%) / 0.33 (1%) / 0.30 (1%)
[2026-06-18T14:29:43.731+0800][35.538s][info][gc,mmu      ] GC(99) y: MMU: 2ms/97.5%, 5ms/98.6%, 10ms/99.3%, 20ms/99.6%, 50ms/99.8%, 100ms/99.9%
[2026-06-18T14:29:43.731+0800][35.539s][info][gc,marking  ] GC(99) y: Mark: 1 stripe(s), 1 proactive flush(es), 1 terminate flush(es), 0 completion(s), 0 continuation(s) 
[2026-06-18T14:29:43.731+0800][35.539s][info][gc,nmethod  ] GC(99) y: NMethods: 97 registered, 8 unregistered
[2026-06-18T14:29:43.732+0800][35.539s][info][gc,metaspace] GC(99) y: Metaspace: 0M used, 0M committed, 1088M reserved
[2026-06-18T14:29:43.732+0800][35.539s][info][gc,reloc    ] GC(99) y:                        Candidates     Selected     In-Place         Size        Empty    Relocated 
[2026-06-18T14:29:43.732+0800][35.539s][info][gc,reloc    ] GC(99) y: Small Pages:                   79           13            0         158M         126M           4M 
[2026-06-18T14:29:43.732+0800][35.540s][info][gc,reloc    ] GC(99) y: Medium Pages:                   7            3            0          56M          16M           4M 
[2026-06-18T14:29:43.733+0800][35.540s][info][gc,reloc    ] GC(99) y: Large Pages:                    4            0            0           8M           0M           0M 
[2026-06-18T14:29:43.733+0800][35.540s][info][gc,reloc    ] GC(99) y: Forwarding Usage: 0M
[2026-06-18T14:29:43.733+0800][35.540s][info][gc,reloc    ] GC(99) y: Age Table:
[2026-06-18T14:29:43.733+0800][35.541s][info][gc,reloc    ] GC(99) y:                    Live             Garbage             Small              Medium             Large        
[2026-06-18T14:29:43.733+0800][35.541s][info][gc,reloc    ] GC(99) y: Eden              16M (6%)          155M (61%)         74 / 13             3 / 2              0 / 0        
[2026-06-18T14:29:43.734+0800][35.541s][info][gc,reloc    ] GC(99) y: Survivor 1         2M (1%)           12M (5%)           2 / 0              1 / 0              1 / 0        
[2026-06-18T14:29:43.734+0800][35.541s][info][gc,reloc    ] GC(99) y: Survivor 2         2M (1%)           21M (8%)           3 / 0              2 / 0              1 / 0        
[2026-06-18T14:29:43.734+0800][35.541s][info][gc,reloc    ] GC(99) y: Survivor 3         4M (2%)            7M (3%)           0 / 0              1 / 1              2 / 0        
[2026-06-18T14:29:43.734+0800][35.542s][info][gc,heap     ] GC(99) y: Min Capacity: 256M(100%)
[2026-06-18T14:29:43.735+0800][35.542s][info][gc,heap     ] GC(99) y: Max Capacity: 256M(100%)
[2026-06-18T14:29:43.735+0800][35.542s][info][gc,heap     ] GC(99) y: Soft Max Capacity: 256M(100%)
[2026-06-18T14:29:43.735+0800][35.543s][info][gc,heap     ] GC(99) y: Heap Statistics:
[2026-06-18T14:29:43.736+0800][35.543s][info][gc,heap     ] GC(99) y:                Mark Start          Mark End        Relocate Start      Relocate End           High               Low         
[2026-06-18T14:29:43.736+0800][35.543s][info][gc,heap     ] GC(99) y:  Capacity:      256M (100%)        256M (100%)        256M (100%)        256M (100%)        256M (100%)        256M (100%)   
[2026-06-18T14:29:43.736+0800][35.544s][info][gc,heap     ] GC(99) y:      Free:       24M (9%)           24M (9%)          166M (65%)         196M (77%)         196M (77%)          24M (9%)     
[2026-06-18T14:29:43.737+0800][35.544s][info][gc,heap     ] GC(99) y:      Used:      232M (91%)         232M (91%)          90M (35%)          60M (23%)         232M (91%)          60M (23%)    
[2026-06-18T14:29:43.737+0800][35.544s][info][gc,heap     ] GC(99) y: Young Generation Statistics:
[2026-06-18T14:29:43.737+0800][35.544s][info][gc,heap     ] GC(99) y:                Mark Start          Mark End        Relocate Start      Relocate End    
[2026-06-18T14:29:43.737+0800][35.545s][info][gc,heap     ] GC(99) y:      Used:      222M (87%)         222M (87%)          76M (30%)          38M (15%)    
[2026-06-18T14:29:43.738+0800][35.545s][info][gc,heap     ] GC(99) y:      Live:         -                26M (10%)          22M (9%)           21M (8%)     
[2026-06-18T14:29:43.738+0800][35.545s][info][gc,heap     ] GC(99) y:   Garbage:         -               195M (76%)          53M (21%)           0M (0%)     
[2026-06-18T14:29:43.738+0800][35.545s][info][gc,heap     ] GC(99) y: Allocated:         -                 0M (0%)            0M (0%)           16M (6%)     
[2026-06-18T14:29:43.738+0800][35.546s][info][gc,heap     ] GC(99) y: Reclaimed:         -                  -               142M (55%)         195M (76%)    
[2026-06-18T14:29:43.739+0800][35.546s][info][gc,heap     ] GC(99) y:  Promoted:         -                  -                 4M (2%)            4M (2%)     
[2026-06-18T14:29:43.739+0800][35.546s][info][gc,heap     ] GC(99) y: Compacted:         -                  -                  -                 9M (4%)     
[2026-06-18T14:29:43.739+0800][35.546s][info][gc,phases   ] GC(99) y: Young Generation 232M(91%)->60M(23%) 0.010s
[2026-06-18T14:29:43.739+0800][35.547s][info][gc          ] GC(99) Minor Collection (High Usage) 232M(91%)->74M(29%) 0.022s
[2026-06-18T14:29:44.152+0800][35.959s][info][gc          ] GC(100) Minor Collection (Allocation Rate)
[2026-06-18T14:29:44.192+0800][35.999s][info][gc,task     ] GC(100) Using 2 Workers for Young Generation
[2026-06-18T14:29:44.214+0800][36.021s][info][gc,phases   ] GC(100) y: Young Generation
[2026-06-18T14:29:44.215+0800][36.022s][info][gc,phases   ] GC(100) y: Pause Mark Start 0.014ms
[2026-06-18T14:29:44.216+0800][36.023s][info][gc,phases   ] GC(100) y: Concurrent Mark 0.480ms
[2026-06-18T14:29:44.217+0800][36.024s][info][gc,phases   ] GC(100) y: Pause Mark End 0.006ms
[2026-06-18T14:29:44.217+0800][36.024s][info][gc,phases   ] GC(100) y: Concurrent Mark Free 0.001ms
[2026-06-18T14:29:44.217+0800][36.025s][info][gc,phases   ] GC(100) y: Concurrent Reset Relocation Set 0.003ms
[2026-06-18T14:29:44.218+0800][36.025s][info][gc,reloc    ] GC(100) y: Using tenuring threshold: 4 (Computed)
[2026-06-18T14:29:44.218+0800][36.025s][info][gc          ] Allocation Stall (main) 2.232ms
[2026-06-18T14:29:44.218+0800][36.026s][info][gc,phases   ] GC(100) y: Concurrent Select Relocation Set 0.471ms
[2026-06-18T14:29:44.219+0800][36.027s][info][gc,phases   ] GC(100) y: Pause Relocate Start 0.005ms
[2026-06-18T14:29:44.221+0800][36.028s][info][gc,phases   ] GC(100) y: Concurrent Relocate 0.867ms
[2026-06-18T14:29:44.225+0800][36.032s][info][gc,alloc    ] GC(100) y:                         Mark Start        Mark End      Relocate Start    Relocate End   
[2026-06-18T14:29:44.231+0800][36.038s][info][gc,alloc    ] GC(100) y: Allocation Stalls:          0                1                0                0         
[2026-06-18T14:29:44.233+0800][36.041s][info][gc,load     ] GC(100) y: Load: 0.39 (2%) / 0.33 (1%) / 0.30 (1%)
[2026-06-18T14:29:44.235+0800][36.043s][info][gc,mmu      ] GC(100) y: MMU: 2ms/97.5%, 5ms/98.6%, 10ms/99.3%, 20ms/99.6%, 50ms/99.8%, 100ms/99.9%
[2026-06-18T14:29:44.246+0800][36.053s][info][gc,marking  ] GC(100) y: Mark: 2 stripe(s), 2 proactive flush(es), 1 terminate flush(es), 0 completion(s), 0 continuation(s) 
[2026-06-18T14:29:44.257+0800][36.064s][info][gc,nmethod  ] GC(100) y: NMethods: 97 registered, 8 unregistered
[2026-06-18T14:29:44.266+0800][36.073s][info][gc,metaspace] GC(100) y: Metaspace: 0M used, 0M committed, 1088M reserved
[2026-06-18T14:29:44.270+0800][36.077s][info][gc,reloc    ] GC(100) y:                        Candidates     Selected     In-Place         Size        Empty    Relocated 
[2026-06-18T14:29:44.272+0800][36.079s][info][gc,reloc    ] GC(100) y: Small Pages:                   89           11            0         178M         146M           3M 
[2026-06-18T14:29:44.277+0800][36.084s][info][gc,reloc    ] GC(100) y: Medium Pages:                   6            4            0          48M           0M           6M 
[2026-06-18T14:29:44.288+0800][36.096s][info][gc,reloc    ] GC(100) y: Large Pages:                    4            0            0           8M           2M           0M 
[2026-06-18T14:29:44.292+0800][36.100s][info][gc,reloc    ] GC(100) y: Forwarding Usage: 0M
[2026-06-18T14:29:44.295+0800][36.102s][info][gc,reloc    ] GC(100) y: Age Table:
[2026-06-18T14:29:44.300+0800][36.107s][info][gc,reloc    ] GC(100) y:                    Live             Garbage             Small              Medium             Large        
[2026-06-18T14:29:44.304+0800][36.111s][info][gc,reloc    ] GC(100) y: Eden              22M (9%)          177M (69%)         86 / 11             3 / 1              2 / 0        
[2026-06-18T14:29:44.306+0800][36.113s][info][gc,reloc    ] GC(100) y: Survivor 1         1M (1%)           20M (8%)           3 / 0              2 / 2              0 / 0        
[2026-06-18T14:29:44.307+0800][36.114s][info][gc,reloc    ] GC(100) y: Survivor 2         2M (1%)            0M (0%)           0 / 0              0 / 0              1 / 0        
[2026-06-18T14:29:44.310+0800][36.117s][info][gc,reloc    ] GC(100) y: Survivor 3         0M (0%)            9M (4%)           0 / 0              1 / 1              1 / 0        
[2026-06-18T14:29:44.316+0800][36.124s][info][gc,heap     ] GC(100) y: Min Capacity: 256M(100%)
[2026-06-18T14:29:44.320+0800][36.128s][info][gc,heap     ] GC(100) y: Max Capacity: 256M(100%)
[2026-06-18T14:29:44.326+0800][36.133s][info][gc,heap     ] GC(100) y: Soft Max Capacity: 256M(100%)
[2026-06-18T14:29:44.330+0800][36.137s][info][gc,heap     ] GC(100) y: Heap Statistics:
[2026-06-18T14:29:44.333+0800][36.141s][info][gc,heap     ] GC(100) y:                Mark Start          Mark End        Relocate Start      Relocate End           High               Low         
[2026-06-18T14:29:44.338+0800][36.145s][info][gc,heap     ] GC(100) y:  Capacity:      256M (100%)        256M (100%)        256M (100%)        256M (100%)        256M (100%)        256M (100%)   
[2026-06-18T14:29:44.346+0800][36.153s][info][gc,heap     ] GC(100) y:      Free:        0M (0%)            0M (0%)          136M (53%)         174M (68%)         174M (68%)           0M (0%)     
[2026-06-18T14:29:44.349+0800][36.157s][info][gc,heap     ] GC(100) y:      Used:      256M (100%)        256M (100%)        120M (47%)          82M (32%)         256M (100%)         82M (32%)    
[2026-06-18T14:29:44.352+0800][36.160s][info][gc,heap     ] GC(100) y: Young Generation Statistics:
[2026-06-18T14:29:44.355+0800][36.163s][info][gc,heap     ] GC(100) y:                Mark Start          Mark End        Relocate Start      Relocate End    
[2026-06-18T14:29:44.359+0800][36.167s][info][gc,heap     ] GC(100) y:      Used:      234M (91%)         234M (91%)          98M (38%)          60M (23%)    
[2026-06-18T14:29:44.363+0800][36.170s][info][gc,heap     ] GC(100) y:      Live:         -                27M (11%)          27M (11%)          27M (11%)    
[2026-06-18T14:29:44.367+0800][36.174s][info][gc,heap     ] GC(100) y:   Garbage:         -               206M (81%)          58M (23%)           1M (1%)     
[2026-06-18T14:29:44.370+0800][36.177s][info][gc,heap     ] GC(100) y: Allocated:         -                 0M (0%)           12M (5%)           30M (12%)    
[2026-06-18T14:29:44.374+0800][36.182s][info][gc,heap     ] GC(100) y: Reclaimed:         -                  -               148M (58%)         204M (80%)    
[2026-06-18T14:29:44.378+0800][36.186s][info][gc,heap     ] GC(100) y:  Promoted:         -                  -                 0M (0%)            0M (0%)     
[2026-06-18T14:29:44.380+0800][36.188s][info][gc,heap     ] GC(100) y: Compacted:         -                  -                  -                11M (4%)     
[2026-06-18T14:29:44.381+0800][36.188s][info][gc,phases   ] GC(100) y: Young Generation 254M(99%)->82M(32%) 0.011s
[2026-06-18T14:29:44.381+0800][36.189s][info][gc          ] GC(100) Minor Collection (Allocation Rate) 236M(92%)->138M(54%) 0.229s
[2026-06-18T14:29:44.619+0800][36.426s][info][gc          ] GC(101) Minor Collection (Allocation Rate)
[2026-06-18T14:29:44.621+0800][36.428s][info][gc,task     ] GC(101) Using 1 Workers for Young Generation
[2026-06-18T14:29:44.622+0800][36.429s][info][gc,phases   ] GC(101) y: Young Generation
[2026-06-18T14:29:44.622+0800][36.430s][info][gc,phases   ] GC(101) y: Pause Mark Start 0.010ms
[2026-06-18T14:29:44.623+0800][36.431s][info][gc,phases   ] GC(101) y: Concurrent Mark 0.448ms
[2026-06-18T14:29:44.624+0800][36.431s][info][gc,phases   ] GC(101) y: Pause Mark End 0.006ms
[2026-06-18T14:29:44.624+0800][36.432s][info][gc,phases   ] GC(101) y: Concurrent Mark Free 0.001ms
[2026-06-18T14:29:44.625+0800][36.432s][info][gc,phases   ] GC(101) y: Concurrent Reset Relocation Set 0.002ms
[2026-06-18T14:29:44.625+0800][36.433s][info][gc,reloc    ] GC(101) y: Using tenuring threshold: 5 (Computed)
[2026-06-18T14:29:44.626+0800][36.433s][info][gc,phases   ] GC(101) y: Concurrent Select Relocation Set 0.868ms
[2026-06-18T14:29:44.627+0800][36.434s][info][gc,phases   ] GC(101) y: Pause Relocate Start 0.007ms
[2026-06-18T14:29:44.628+0800][36.435s][info][gc,phases   ] GC(101) y: Concurrent Relocate 1.074ms
[2026-06-18T14:29:44.628+0800][36.436s][info][gc,alloc    ] GC(101) y:                         Mark Start        Mark End      Relocate Start    Relocate End   
[2026-06-18T14:29:44.629+0800][36.436s][info][gc,alloc    ] GC(101) y: Allocation Stalls:          0                0                0                0         
[2026-06-18T14:29:44.629+0800][36.436s][info][gc,load     ] GC(101) y: Load: 0.39 (2%) / 0.33 (1%) / 0.30 (1%)
[2026-06-18T14:29:44.629+0800][36.437s][info][gc,mmu      ] GC(101) y: MMU: 2ms/97.5%, 5ms/98.6%, 10ms/99.3%, 20ms/99.6%, 50ms/99.8%, 100ms/99.9%
[2026-06-18T14:29:44.629+0800][36.437s][info][gc,marking  ] GC(101) y: Mark: 1 stripe(s), 1 proactive flush(es), 1 terminate flush(es), 0 completion(s), 0 continuation(s) 
[2026-06-18T14:29:44.630+0800][36.437s][info][gc,nmethod  ] GC(101) y: NMethods: 97 registered, 8 unregistered
[2026-06-18T14:29:44.630+0800][36.437s][info][gc,metaspace] GC(101) y: Metaspace: 0M used, 0M committed, 1088M reserved
[2026-06-18T14:29:44.630+0800][36.437s][info][gc,reloc    ] GC(101) y:                        Candidates     Selected     In-Place         Size        Empty    Relocated 
[2026-06-18T14:29:44.630+0800][36.438s][info][gc,reloc    ] GC(101) y: Small Pages:                   77            7            0         154M         134M           3M 
[2026-06-18T14:29:44.630+0800][36.438s][info][gc,reloc    ] GC(101) y: Medium Pages:                   6            3            0          48M           8M           5M 
[2026-06-18T14:29:44.631+0800][36.438s][info][gc,reloc    ] GC(101) y: Large Pages:                    4            0            0           8M           0M           0M 
[2026-06-18T14:29:44.631+0800][36.438s][info][gc,reloc    ] GC(101) y: Forwarding Usage: 0M
[2026-06-18T14:29:44.631+0800][36.439s][info][gc,reloc    ] GC(101) y: Age Table:
[2026-06-18T14:29:44.632+0800][36.439s][info][gc,reloc    ] GC(101) y:                    Live             Garbage             Small              Medium             Large        
[2026-06-18T14:29:44.632+0800][36.439s][info][gc,reloc    ] GC(101) y: Eden              13M (5%)          148M (58%)         72 / 7              2 / 1              1 / 0        
[2026-06-18T14:29:44.632+0800][36.440s][info][gc,reloc    ] GC(101) y: Survivor 1         4M (2%)           25M (10%)          5 / 0              2 / 1              2 / 0        
[2026-06-18T14:29:44.633+0800][36.440s][info][gc,reloc    ] GC(101) y: Survivor 2         1M (1%)            6M (2%)           0 / 0              1 / 1              0 / 0        
[2026-06-18T14:29:44.633+0800][36.440s][info][gc,reloc    ] GC(101) y: Survivor 3         2M (1%)            0M (0%)           0 / 0              0 / 0              1 / 0        
[2026-06-18T14:29:44.633+0800][36.440s][info][gc,reloc    ] GC(101) y: Survivor 4         0M (0%)            7M (3%)           0 / 0              1 / 0              0 / 0        
[2026-06-18T14:29:44.633+0800][36.441s][info][gc,heap     ] GC(101) y: Min Capacity: 256M(100%)
[2026-06-18T14:29:44.633+0800][36.441s][info][gc,heap     ] GC(101) y: Max Capacity: 256M(100%)
[2026-06-18T14:29:44.634+0800][36.441s][info][gc,heap     ] GC(101) y: Soft Max Capacity: 256M(100%)
[2026-06-18T14:29:44.634+0800][36.441s][info][gc,heap     ] GC(101) y: Heap Statistics:
[2026-06-18T14:29:44.634+0800][36.442s][info][gc,heap     ] GC(101) y:                Mark Start          Mark End        Relocate Start      Relocate End           High               Low         
[2026-06-18T14:29:44.634+0800][36.442s][info][gc,heap     ] GC(101) y:  Capacity:      256M (100%)        256M (100%)        256M (100%)        256M (100%)        256M (100%)        256M (100%)   
[2026-06-18T14:29:44.635+0800][36.442s][info][gc,heap     ] GC(101) y:      Free:       24M (9%)           24M (9%)          166M (65%)         180M (70%)         180M (70%)          24M (9%)     
[2026-06-18T14:29:44.635+0800][36.442s][info][gc,heap     ] GC(101) y:      Used:      232M (91%)         232M (91%)          90M (35%)          76M (30%)         232M (91%)          76M (30%)    
[2026-06-18T14:29:44.635+0800][36.442s][info][gc,heap     ] GC(101) y: Young Generation Statistics:
[2026-06-18T14:29:44.635+0800][36.443s][info][gc,heap     ] GC(101) y:                Mark Start          Mark End        Relocate Start      Relocate End    
[2026-06-18T14:29:44.636+0800][36.443s][info][gc,heap     ] GC(101) y:      Used:      210M (82%)         210M (82%)          68M (27%)          54M (21%)    
[2026-06-18T14:29:44.636+0800][36.443s][info][gc,heap     ] GC(101) y:      Live:         -                23M (9%)           23M (9%)           23M (9%)     
[2026-06-18T14:29:44.636+0800][36.443s][info][gc,heap     ] GC(101) y:   Garbage:         -               186M (73%)          44M (17%)           3M (1%)     
[2026-06-18T14:29:44.636+0800][36.444s][info][gc,heap     ] GC(101) y: Allocated:         -                 0M (0%)            0M (0%)           27M (11%)    
[2026-06-18T14:29:44.636+0800][36.444s][info][gc,heap     ] GC(101) y: Reclaimed:         -                  -               142M (55%)         183M (72%)    
[2026-06-18T14:29:44.637+0800][36.444s][info][gc,heap     ] GC(101) y:  Promoted:         -                  -                 0M (0%)            0M (0%)     
[2026-06-18T14:29:44.637+0800][36.444s][info][gc,heap     ] GC(101) y: Compacted:         -                  -                  -                10M (4%)     
[2026-06-18T14:29:44.637+0800][36.444s][info][gc,phases   ] GC(101) y: Young Generation 232M(91%)->76M(30%) 0.007s
[2026-06-18T14:29:44.637+0800][36.445s][info][gc          ] GC(101) Minor Collection (Allocation Rate) 230M(90%)->90M(35%) 0.018s
[2026-06-18T14:29:44.945+0800][36.753s][info][gc          ] GC(102) Major Collection (Proactive)
[2026-06-18T14:29:44.947+0800][36.754s][info][gc,task     ] GC(102) Using 1 Workers for Young Generation
[2026-06-18T14:29:44.948+0800][36.755s][info][gc,task     ] GC(102) Using 1 Workers for Old Generation
[2026-06-18T14:29:44.948+0800][36.756s][info][gc,phases   ] GC(102) Y: Young Generation
[2026-06-18T14:29:44.949+0800][36.757s][info][gc,phases   ] GC(102) Y: Pause Mark Start (Major) 0.015ms
[2026-06-18T14:29:44.950+0800][36.758s][info][gc,phases   ] GC(102) Y: Concurrent Mark 0.502ms
[2026-06-18T14:29:44.951+0800][36.758s][info][gc,phases   ] GC(102) Y: Pause Mark End 0.007ms
[2026-06-18T14:29:44.951+0800][36.759s][info][gc,phases   ] GC(102) Y: Concurrent Mark Free 0.001ms
[2026-06-18T14:29:44.952+0800][36.759s][info][gc,phases   ] GC(102) Y: Concurrent Reset Relocation Set 0.002ms
[2026-06-18T14:29:44.952+0800][36.759s][info][gc,reloc    ] GC(102) Y: Using tenuring threshold: 3 (Computed)
[2026-06-18T14:29:44.953+0800][36.760s][info][gc,phases   ] GC(102) Y: Concurrent Select Relocation Set 0.896ms
[2026-06-18T14:29:44.953+0800][36.761s][info][gc,phases   ] GC(102) Y: Pause Relocate Start 0.006ms
[2026-06-18T14:29:44.955+0800][36.762s][info][gc,phases   ] GC(102) Y: Concurrent Relocate 1.056ms
[2026-06-18T14:29:44.955+0800][36.763s][info][gc,alloc    ] GC(102) Y:                         Mark Start        Mark End      Relocate Start    Relocate End   
[2026-06-18T14:29:44.956+0800][36.763s][info][gc,alloc    ] GC(102) Y: Allocation Stalls:          0                0                0                0         
[2026-06-18T14:29:44.956+0800][36.763s][info][gc,load     ] GC(102) Y: Load: 0.39 (2%) / 0.33 (1%) / 0.30 (1%)
[2026-06-18T14:29:44.956+0800][36.764s][info][gc,mmu      ] GC(102) Y: MMU: 2ms/97.5%, 5ms/98.6%, 10ms/99.3%, 20ms/99.6%, 50ms/99.8%, 100ms/99.9%
[2026-06-18T14:29:44.957+0800][36.764s][info][gc,marking  ] GC(102) Y: Mark: 1 stripe(s), 1 proactive flush(es), 1 terminate flush(es), 0 completion(s), 0 continuation(s) 
[2026-06-18T14:29:44.957+0800][36.765s][info][gc,nmethod  ] GC(102) Y: NMethods: 103 registered, 8 unregistered
[2026-06-18T14:29:44.958+0800][36.765s][info][gc,metaspace] GC(102) Y: Metaspace: 0M used, 0M committed, 1088M reserved
[2026-06-18T14:29:44.958+0800][36.765s][info][gc,reloc    ] GC(102) Y:                        Candidates     Selected     In-Place         Size        Empty    Relocated 
[2026-06-18T14:29:44.958+0800][36.766s][info][gc,reloc    ] GC(102) Y: Small Pages:                   61           11            0         122M          94M           3M 
[2026-06-18T14:29:44.959+0800][36.766s][info][gc,reloc    ] GC(102) Y: Medium Pages:                   7            2            0          56M          24M           3M 
[2026-06-18T14:29:44.959+0800][36.766s][info][gc,reloc    ] GC(102) Y: Large Pages:                    4            0            0           8M           4M           0M 
[2026-06-18T14:29:44.959+0800][36.767s][info][gc,reloc    ] GC(102) Y: Forwarding Usage: 0M
[2026-06-18T14:29:44.960+0800][36.767s][info][gc,reloc    ] GC(102) Y: Age Table:
[2026-06-18T14:29:44.960+0800][36.767s][info][gc,reloc    ] GC(102) Y:                    Live             Garbage             Small              Medium             Large        
[2026-06-18T14:29:44.960+0800][36.768s][info][gc,reloc    ] GC(102) Y: Eden              14M (6%)          117M (46%)         58 / 11             2 / 1              0 / 0        
[2026-06-18T14:29:44.960+0800][36.768s][info][gc,reloc    ] GC(102) Y: Survivor 1         2M (1%)           21M (8%)           3 / 0              2 / 0              1 / 0        
[2026-06-18T14:29:44.961+0800][36.768s][info][gc,reloc    ] GC(102) Y: Survivor 2         2M (1%)            9M (4%)           0 / 0              1 / 1              2 / 0        
[2026-06-18T14:29:44.961+0800][36.768s][info][gc,reloc    ] GC(102) Y: Survivor 3          -                 8M (3%)           0 / 0              1 / 0              0 / 0        
[2026-06-18T14:29:44.961+0800][36.769s][info][gc,reloc    ] GC(102) Y: Survivor 4          -                 2M (1%)           0 / 0              0 / 0              1 / 0        
[2026-06-18T14:29:44.961+0800][36.769s][info][gc,reloc    ] GC(102) Y: Survivor 5          -                 8M (3%)           0 / 0              1 / 0              0 / 0        
[2026-06-18T14:29:44.962+0800][36.769s][info][gc,heap     ] GC(102) Y: Min Capacity: 256M(100%)
[2026-06-18T14:29:44.962+0800][36.769s][info][gc,heap     ] GC(102) Y: Max Capacity: 256M(100%)
[2026-06-18T14:29:44.962+0800][36.770s][info][gc,heap     ] GC(102) Y: Soft Max Capacity: 256M(100%)
[2026-06-18T14:29:44.962+0800][36.770s][info][gc,heap     ] GC(102) Y: Heap Statistics:
[2026-06-18T14:29:44.963+0800][36.770s][info][gc,heap     ] GC(102) Y:                Mark Start          Mark End        Relocate Start      Relocate End           High               Low         
[2026-06-18T14:29:44.963+0800][36.770s][info][gc,heap     ] GC(102) Y:  Capacity:      256M (100%)        256M (100%)        256M (100%)        256M (100%)        256M (100%)        256M (100%)   
[2026-06-18T14:29:44.963+0800][36.771s][info][gc,heap     ] GC(102) Y:      Free:       48M (19%)          48M (19%)         170M (66%)         192M (75%)         192M (75%)          48M (19%)    
[2026-06-18T14:29:44.963+0800][36.771s][info][gc,heap     ] GC(102) Y:      Used:      208M (81%)         208M (81%)          86M (34%)          64M (25%)         208M (81%)          64M (25%)    
[2026-06-18T14:29:44.964+0800][36.771s][info][gc,heap     ] GC(102) Y: Young Generation Statistics:
[2026-06-18T14:29:44.964+0800][36.771s][info][gc,heap     ] GC(102) Y:                Mark Start          Mark End        Relocate Start      Relocate End    
[2026-06-18T14:29:44.964+0800][36.771s][info][gc,heap     ] GC(102) Y:      Used:      186M (73%)         186M (73%)          64M (25%)          42M (16%)    
[2026-06-18T14:29:44.964+0800][36.772s][info][gc,heap     ] GC(102) Y:      Live:         -                20M (8%)           20M (8%)           20M (8%)     
[2026-06-18T14:29:44.965+0800][36.772s][info][gc,heap     ] GC(102) Y:   Garbage:         -               165M (65%)          43M (17%)           0M (0%)     
[2026-06-18T14:29:44.965+0800][36.772s][info][gc,heap     ] GC(102) Y: Allocated:         -                 0M (0%)            0M (0%)           20M (8%)     
[2026-06-18T14:29:44.965+0800][36.773s][info][gc,heap     ] GC(102) Y: Reclaimed:         -                  -               122M (48%)         164M (64%)    
[2026-06-18T14:29:44.966+0800][36.773s][info][gc,heap     ] GC(102) Y:  Promoted:         -                  -                 0M (0%)            0M (0%)     
[2026-06-18T14:29:44.966+0800][36.773s][info][gc,heap     ] GC(102) Y: Compacted:         -                  -                  -                 9M (4%)     
[2026-06-18T14:29:44.966+0800][36.773s][info][gc,phases   ] GC(102) Y: Young Generation 208M(81%)->64M(25%) 0.007s
[2026-06-18T14:29:44.966+0800][36.774s][info][gc,phases   ] GC(102) O: Old Generation
[2026-06-18T14:29:44.968+0800][36.775s][info][gc,phases   ] GC(102) O: Concurrent Mark 0.939ms
[2026-06-18T14:29:44.968+0800][36.775s][info][gc,phases   ] GC(102) O: Pause Mark End 0.010ms
[2026-06-18T14:29:44.968+0800][36.776s][info][gc,phases   ] GC(102) O: Concurrent Mark Free 0.002ms
[2026-06-18T14:29:44.969+0800][36.776s][info][gc,phases   ] GC(102) O: Concurrent Process Non-Strong 0.316ms
[2026-06-18T14:29:44.969+0800][36.776s][info][gc,phases   ] GC(102) O: Concurrent Reset Relocation Set 0.000ms
[2026-06-18T14:29:44.969+0800][36.777s][info][gc,phases   ] GC(102) O: Concurrent Select Relocation Set 0.048ms
[2026-06-18T14:29:44.970+0800][36.777s][info][gc,task     ] GC(102) O: Using 2 Workers for Old Generation
[2026-06-18T14:29:44.970+0800][36.777s][info][gc,task     ] GC(102) O: Using 1 Workers for Old Generation
[2026-06-18T14:29:44.971+0800][36.778s][info][gc,phases   ] GC(102) O: Concurrent Remap Roots 0.938ms
[2026-06-18T14:29:44.971+0800][36.778s][info][gc,phases   ] GC(102) O: Pause Relocate Start 0.008ms
[2026-06-18T14:29:44.972+0800][36.779s][info][gc,phases   ] GC(102) O: Concurrent Relocate 0.069ms
[2026-06-18T14:29:44.972+0800][36.779s][info][gc,alloc    ] GC(102) O:                         Mark Start        Mark End      Relocate Start    Relocate End   
[2026-06-18T14:29:44.972+0800][36.780s][info][gc,alloc    ] GC(102) O: Allocation Stalls:          0                0                0                0         
[2026-06-18T14:29:44.973+0800][36.780s][info][gc,load     ] GC(102) O: Load: 0.39 (2%) / 0.33 (1%) / 0.30 (1%)
[2026-06-18T14:29:44.973+0800][36.780s][info][gc,mmu      ] GC(102) O: MMU: 2ms/97.5%, 5ms/98.6%, 10ms/99.3%, 20ms/99.6%, 50ms/99.8%, 100ms/99.9%
[2026-06-18T14:29:44.973+0800][36.781s][info][gc,marking  ] GC(102) O: Mark: 1 stripe(s), 2 proactive flush(es), 1 terminate flush(es), 0 completion(s), 0 continuation(s) 
[2026-06-18T14:29:44.974+0800][36.781s][info][gc,nmethod  ] GC(102) O: NMethods: 103 registered, 8 unregistered
[2026-06-18T14:29:44.974+0800][36.781s][info][gc,metaspace] GC(102) O: Metaspace: 0M used, 0M committed, 1088M reserved
[2026-06-18T14:29:44.974+0800][36.781s][info][gc,ref      ] GC(102) O:                       Encountered   Discovered     Enqueued 
[2026-06-18T14:29:44.974+0800][36.782s][info][gc,ref      ] GC(102) O: Soft References:                2            0            0 
[2026-06-18T14:29:44.974+0800][36.782s][info][gc,ref      ] GC(102) O: Weak References:                6            0            0 
[2026-06-18T14:29:44.975+0800][36.782s][info][gc,ref      ] GC(102) O: Final References:               0            0            0 
[2026-06-18T14:29:44.975+0800][36.782s][info][gc,ref      ] GC(102) O: Phantom References:             1            1            0 
[2026-06-18T14:29:44.975+0800][36.783s][info][gc,reloc    ] GC(102) O:                        Candidates     Selected     In-Place         Size        Empty    Relocated 
[2026-06-18T14:29:44.975+0800][36.783s][info][gc,reloc    ] GC(102) O: Small Pages:                    1            0            0           2M           0M           0M 
[2026-06-18T14:29:44.976+0800][36.783s][info][gc,reloc    ] GC(102) O: Medium Pages:                   2            0            0          16M          16M           0M 
[2026-06-18T14:29:44.976+0800][36.783s][info][gc,reloc    ] GC(102) O: Large Pages:                    2            0            0           4M           4M           0M 
[2026-06-18T14:29:44.976+0800][36.784s][info][gc,reloc    ] GC(102) O: Forwarding Usage: 0M
[2026-06-18T14:29:44.976+0800][36.784s][info][gc,heap     ] GC(102) O: Min Capacity: 256M(100%)
[2026-06-18T14:29:44.977+0800][36.784s][info][gc,heap     ] GC(102) O: Max Capacity: 256M(100%)
[2026-06-18T14:29:44.977+0800][36.784s][info][gc,heap     ] GC(102) O: Soft Max Capacity: 256M(100%)
[2026-06-18T14:29:44.977+0800][36.785s][info][gc,heap     ] GC(102) O: Heap Statistics:
[2026-06-18T14:29:44.978+0800][36.785s][info][gc,heap     ] GC(102) O:                Mark Start          Mark End        Relocate Start      Relocate End           High               Low         
[2026-06-18T14:29:44.978+0800][36.785s][info][gc,heap     ] GC(102) O:  Capacity:      256M (100%)        256M (100%)        256M (100%)        256M (100%)        256M (100%)        256M (100%)   
[2026-06-18T14:29:44.978+0800][36.786s][info][gc,heap     ] GC(102) O:      Free:       48M (19%)         184M (72%)         204M (80%)         204M (80%)         204M (80%)          48M (19%)    
[2026-06-18T14:29:44.979+0800][36.786s][info][gc,heap     ] GC(102) O:      Used:      208M (81%)          72M (28%)          52M (20%)          52M (20%)         208M (81%)          52M (20%)    
[2026-06-18T14:29:44.979+0800][36.787s][info][gc,heap     ] GC(102) O: Old Generation Statistics:
[2026-06-18T14:29:44.979+0800][36.787s][info][gc,heap     ] GC(102) O:                Mark Start          Mark End        Relocate Start      Relocate End    
[2026-06-18T14:29:44.980+0800][36.787s][info][gc,heap     ] GC(102) O:      Used:       22M (9%)           22M (9%)            2M (1%)            2M (1%)     
[2026-06-18T14:29:44.980+0800][36.787s][info][gc,heap     ] GC(102) O:      Live:         -                 0M (0%)            0M (0%)            0M (0%)     
[2026-06-18T14:29:44.980+0800][36.788s][info][gc,heap     ] GC(102) O:   Garbage:         -                21M (8%)            1M (1%)            1M (1%)     
[2026-06-18T14:29:44.980+0800][36.788s][info][gc,heap     ] GC(102) O: Allocated:         -                 0M (0%)            0M (0%)            0M (0%)     
[2026-06-18T14:29:44.981+0800][36.788s][info][gc,heap     ] GC(102) O: Reclaimed:         -                  -                20M (8%)           20M (8%)     
[2026-06-18T14:29:44.981+0800][36.788s][info][gc,heap     ] GC(102) O: Compacted:         -                  -                  -                 0M (0%)     
[2026-06-18T14:29:44.981+0800][36.789s][info][gc,phases   ] GC(102) O: Old Generation 72M(28%)->52M(20%) 0.006s
[2026-06-18T14:29:44.981+0800][36.789s][info][gc          ] GC(102) Major Collection (Proactive) 206M(80%)->64M(25%) 0.036s
[2026-06-18T14:29:45.420+0800][37.227s][info][gc          ] GC(103) Minor Collection (High Usage)
[2026-06-18T14:29:45.421+0800][37.228s][info][gc,task     ] GC(103) Using 1 Workers for Young Generation
[2026-06-18T14:29:45.422+0800][37.229s][info][gc,phases   ] GC(103) y: Young Generation
[2026-06-18T14:29:45.423+0800][37.230s][info][gc,phases   ] GC(103) y: Pause Mark Start 0.013ms
[2026-06-18T14:29:45.424+0800][37.231s][info][gc,phases   ] GC(103) y: Concurrent Mark 0.495ms
[2026-06-18T14:29:45.425+0800][37.232s][info][gc,phases   ] GC(103) y: Pause Mark End 0.007ms
[2026-06-18T14:29:45.426+0800][37.233s][info][gc,phases   ] GC(103) y: Concurrent Mark Free 0.002ms
[2026-06-18T14:29:45.426+0800][37.234s][info][gc,phases   ] GC(103) y: Concurrent Reset Relocation Set 0.002ms
[2026-06-18T14:29:45.427+0800][37.234s][info][gc,reloc    ] GC(103) y: Using tenuring threshold: 4 (Computed)
[2026-06-18T14:29:45.427+0800][37.235s][info][gc,phases   ] GC(103) y: Concurrent Select Relocation Set 0.616ms
[2026-06-18T14:29:45.428+0800][37.235s][info][gc,phases   ] GC(103) y: Pause Relocate Start 0.007ms
[2026-06-18T14:29:45.429+0800][37.236s][info][gc,phases   ] GC(103) y: Concurrent Relocate 0.880ms
[2026-06-18T14:29:45.429+0800][37.237s][info][gc,alloc    ] GC(103) y:                         Mark Start        Mark End      Relocate Start    Relocate End   
[2026-06-18T14:29:45.430+0800][37.237s][info][gc,alloc    ] GC(103) y: Allocation Stalls:          0                0                0                0         
[2026-06-18T14:29:45.430+0800][37.237s][info][gc,load     ] GC(103) y: Load: 0.39 (2%) / 0.33 (1%) / 0.30 (1%)
[2026-06-18T14:29:45.430+0800][37.238s][info][gc,mmu      ] GC(103) y: MMU: 2ms/97.5%, 5ms/98.6%, 10ms/99.3%, 20ms/99.6%, 50ms/99.8%, 100ms/99.9%
[2026-06-18T14:29:45.431+0800][37.238s][info][gc,marking  ] GC(103) y: Mark: 1 stripe(s), 1 proactive flush(es), 1 terminate flush(es), 0 completion(s), 0 continuation(s) 
[2026-06-18T14:29:45.432+0800][37.239s][info][gc,nmethod  ] GC(103) y: NMethods: 103 registered, 8 unregistered
[2026-06-18T14:29:45.432+0800][37.239s][info][gc,metaspace] GC(103) y: Metaspace: 0M used, 0M committed, 1088M reserved
[2026-06-18T14:29:45.432+0800][37.240s][info][gc,reloc    ] GC(103) y:                        Candidates     Selected     In-Place         Size        Empty    Relocated 
[2026-06-18T14:29:45.432+0800][37.240s][info][gc,reloc    ] GC(103) y: Small Pages:                   87           11            0         174M         144M           2M 
[2026-06-18T14:29:45.433+0800][37.240s][info][gc,reloc    ] GC(103) y: Medium Pages:                   7            4            0          56M           8M           3M 
[2026-06-18T14:29:45.433+0800][37.240s][info][gc,reloc    ] GC(103) y: Large Pages:                    4            0            0           8M           0M           0M 
[2026-06-18T14:29:45.433+0800][37.241s][info][gc,reloc    ] GC(103) y: Forwarding Usage: 0M
[2026-06-18T14:29:45.434+0800][37.241s][info][gc,reloc    ] GC(103) y: Age Table:
[2026-06-18T14:29:45.434+0800][37.241s][info][gc,reloc    ] GC(103) y:                    Live             Garbage             Small              Medium             Large        
[2026-06-18T14:29:45.434+0800][37.241s][info][gc,reloc    ] GC(103) y: Eden              16M (7%)          179M (70%)         84 / 11             3 / 0              2 / 0        
[2026-06-18T14:29:45.434+0800][37.242s][info][gc,reloc    ] GC(103) y: Survivor 1         1M (1%)           20M (8%)           3 / 0              2 / 2              0 / 0        
[2026-06-18T14:29:45.434+0800][37.242s][info][gc,reloc    ] GC(103) y: Survivor 2         2M (1%)            7M (3%)           0 / 0              1 / 1              1 / 0        
[2026-06-18T14:29:45.435+0800][37.242s][info][gc,reloc    ] GC(103) y: Survivor 3         2M (1%)            7M (3%)           0 / 0              1 / 1              1 / 0        
[2026-06-18T14:29:45.435+0800][37.242s][info][gc,heap     ] GC(103) y: Min Capacity: 256M(100%)
[2026-06-18T14:29:45.435+0800][37.242s][info][gc,heap     ] GC(103) y: Max Capacity: 256M(100%)
[2026-06-18T14:29:45.435+0800][37.243s][info][gc,heap     ] GC(103) y: Soft Max Capacity: 256M(100%)
[2026-06-18T14:29:45.436+0800][37.243s][info][gc,heap     ] GC(103) y: Heap Statistics:
[2026-06-18T14:29:45.436+0800][37.243s][info][gc,heap     ] GC(103) y:                Mark Start          Mark End        Relocate Start      Relocate End           High               Low         
[2026-06-18T14:29:45.436+0800][37.243s][info][gc,heap     ] GC(103) y:  Capacity:      256M (100%)        256M (100%)        256M (100%)        256M (100%)        256M (100%)        256M (100%)   
[2026-06-18T14:29:45.436+0800][37.244s][info][gc,heap     ] GC(103) y:      Free:       16M (6%)           16M (6%)          168M (66%)         196M (77%)         196M (77%)          16M (6%)     
[2026-06-18T14:29:45.437+0800][37.244s][info][gc,heap     ] GC(103) y:      Used:      240M (94%)         240M (94%)          88M (34%)          60M (23%)         240M (94%)          60M (23%)    
[2026-06-18T14:29:45.437+0800][37.244s][info][gc,heap     ] GC(103) y: Young Generation Statistics:
[2026-06-18T14:29:45.437+0800][37.245s][info][gc,heap     ] GC(103) y:                Mark Start          Mark End        Relocate Start      Relocate End    
[2026-06-18T14:29:45.438+0800][37.245s][info][gc,heap     ] GC(103) y:      Used:      238M (93%)         238M (93%)          86M (34%)          58M (23%)    
[2026-06-18T14:29:45.438+0800][37.245s][info][gc,heap     ] GC(103) y:      Live:         -                24M (10%)          24M (10%)          24M (10%)    
[2026-06-18T14:29:45.438+0800][37.245s][info][gc,heap     ] GC(103) y:   Garbage:         -               213M (83%)          61M (24%)           2M (1%)     
[2026-06-18T14:29:45.438+0800][37.246s][info][gc,heap     ] GC(103) y: Allocated:         -                 0M (0%)            0M (0%)           31M (12%)    
[2026-06-18T14:29:45.438+0800][37.246s][info][gc,heap     ] GC(103) y: Reclaimed:         -                  -               152M (59%)         211M (83%)    
[2026-06-18T14:29:45.439+0800][37.246s][info][gc,heap     ] GC(103) y:  Promoted:         -                  -                 0M (0%)            0M (0%)     
[2026-06-18T14:29:45.439+0800][37.246s][info][gc,heap     ] GC(103) y: Compacted:         -                  -                  -                 8M (3%)     
[2026-06-18T14:29:45.439+0800][37.247s][info][gc,phases   ] GC(103) y: Young Generation 240M(94%)->60M(23%) 0.008s
[2026-06-18T14:29:45.440+0800][37.247s][info][gc          ] GC(103) Minor Collection (High Usage) 240M(94%)->64M(25%) 0.020s
[2026-06-18T14:29:45.852+0800][37.659s][info][gc          ] GC(104) Minor Collection (High Usage)
[2026-06-18T14:29:45.853+0800][37.660s][info][gc,task     ] GC(104) Using 1 Workers for Young Generation
[2026-06-18T14:29:45.854+0800][37.661s][info][gc,phases   ] GC(104) y: Young Generation
[2026-06-18T14:29:45.855+0800][37.662s][info][gc,phases   ] GC(104) y: Pause Mark Start 0.014ms
[2026-06-18T14:29:45.857+0800][37.664s][info][gc,phases   ] GC(104) y: Concurrent Mark 0.542ms
[2026-06-18T14:29:45.858+0800][37.665s][info][gc,phases   ] GC(104) y: Pause Mark End 0.009ms
[2026-06-18T14:29:45.858+0800][37.665s][info][gc,phases   ] GC(104) y: Concurrent Mark Free 0.002ms
[2026-06-18T14:29:45.859+0800][37.666s][info][gc,phases   ] GC(104) y: Concurrent Reset Relocation Set 0.002ms
[2026-06-18T14:29:45.859+0800][37.666s][info][gc,reloc    ] GC(104) y: Using tenuring threshold: 3 (Computed)
[2026-06-18T14:29:45.860+0800][37.667s][info][gc,phases   ] GC(104) y: Concurrent Select Relocation Set 0.608ms
[2026-06-18T14:29:45.860+0800][37.668s][info][gc,phases   ] GC(104) y: Pause Relocate Start 0.006ms
[2026-06-18T14:29:45.862+0800][37.670s][info][gc,phases   ] GC(104) y: Concurrent Relocate 1.674ms
[2026-06-18T14:29:45.863+0800][37.671s][info][gc,alloc    ] GC(104) y:                         Mark Start        Mark End      Relocate Start    Relocate End   
[2026-06-18T14:29:45.864+0800][37.671s][info][gc,alloc    ] GC(104) y: Allocation Stalls:          0                0                0                0         
[2026-06-18T14:29:45.864+0800][37.671s][info][gc,load     ] GC(104) y: Load: 0.39 (2%) / 0.33 (1%) / 0.30 (1%)
[2026-06-18T14:29:45.864+0800][37.672s][info][gc,mmu      ] GC(104) y: MMU: 2ms/97.5%, 5ms/98.6%, 10ms/99.3%, 20ms/99.6%, 50ms/99.8%, 100ms/99.9%
[2026-06-18T14:29:45.865+0800][37.672s][info][gc,marking  ] GC(104) y: Mark: 1 stripe(s), 1 proactive flush(es), 1 terminate flush(es), 0 completion(s), 0 continuation(s) 
[2026-06-18T14:29:45.865+0800][37.673s][info][gc,nmethod  ] GC(104) y: NMethods: 103 registered, 8 unregistered
[2026-06-18T14:29:45.865+0800][37.673s][info][gc,metaspace] GC(104) y: Metaspace: 0M used, 0M committed, 1088M reserved
[2026-06-18T14:29:45.866+0800][37.673s][info][gc,reloc    ] GC(104) y:                        Candidates     Selected     In-Place         Size        Empty    Relocated 
[2026-06-18T14:29:45.866+0800][37.674s][info][gc,reloc    ] GC(104) y: Small Pages:                   81           14            0         162M         124M           4M 
[2026-06-18T14:29:45.867+0800][37.674s][info][gc,reloc    ] GC(104) y: Medium Pages:                   7            1            0          56M          32M           4M 
[2026-06-18T14:29:45.867+0800][37.674s][info][gc,reloc    ] GC(104) y: Large Pages:                    6            0            0          12M           4M           0M 
[2026-06-18T14:29:45.867+0800][37.675s][info][gc,reloc    ] GC(104) y: Forwarding Usage: 0M
[2026-06-18T14:29:45.868+0800][37.675s][info][gc,reloc    ] GC(104) y: Age Table:
[2026-06-18T14:29:45.869+0800][37.676s][info][gc,reloc    ] GC(104) y:                    Live             Garbage             Small              Medium             Large        
[2026-06-18T14:29:45.869+0800][37.676s][info][gc,reloc    ] GC(104) y: Eden              24M (9%)          147M (58%)         76 / 14             2 / 1              2 / 0        
[2026-06-18T14:29:45.869+0800][37.677s][info][gc,reloc    ] GC(104) y: Survivor 1         4M (2%)           24M (9%)           4 / 0              2 / 0              2 / 0        
[2026-06-18T14:29:45.870+0800][37.677s][info][gc,reloc    ] GC(104) y: Survivor 2         0M (0%)            9M (4%)           1 / 0              1 / 0              0 / 0        
[2026-06-18T14:29:45.870+0800][37.677s][info][gc,reloc    ] GC(104) y: Survivor 3          -                10M (4%)           0 / 0              1 / 0              1 / 0        
[2026-06-18T14:29:45.870+0800][37.678s][info][gc,reloc    ] GC(104) y: Survivor 4          -                10M (4%)           0 / 0              1 / 0              1 / 0        
[2026-06-18T14:29:45.870+0800][37.678s][info][gc,heap     ] GC(104) y: Min Capacity: 256M(100%)
[2026-06-18T14:29:45.871+0800][37.678s][info][gc,heap     ] GC(104) y: Max Capacity: 256M(100%)
[2026-06-18T14:29:45.871+0800][37.679s][info][gc,heap     ] GC(104) y: Soft Max Capacity: 256M(100%)
[2026-06-18T14:29:45.872+0800][37.679s][info][gc,heap     ] GC(104) y: Heap Statistics:
[2026-06-18T14:29:45.872+0800][37.679s][info][gc,heap     ] GC(104) y:                Mark Start          Mark End        Relocate Start      Relocate End           High               Low         
[2026-06-18T14:29:45.872+0800][37.680s][info][gc,heap     ] GC(104) y:  Capacity:      256M (100%)        256M (100%)        256M (100%)        256M (100%)        256M (100%)        256M (100%)   
[2026-06-18T14:29:45.872+0800][37.680s][info][gc,heap     ] GC(104) y:      Free:       24M (9%)           24M (9%)          184M (72%)         194M (76%)         204M (80%)          24M (9%)     
[2026-06-18T14:29:45.873+0800][37.680s][info][gc,heap     ] GC(104) y:      Used:      232M (91%)         232M (91%)          72M (28%)          62M (24%)         232M (91%)          52M (20%)    
[2026-06-18T14:29:45.873+0800][37.681s][info][gc,heap     ] GC(104) y: Young Generation Statistics:
[2026-06-18T14:29:45.874+0800][37.681s][info][gc,heap     ] GC(104) y:                Mark Start          Mark End        Relocate Start      Relocate End    
[2026-06-18T14:29:45.874+0800][37.681s][info][gc,heap     ] GC(104) y:      Used:      230M (90%)         230M (90%)          70M (27%)          60M (23%)    
[2026-06-18T14:29:45.874+0800][37.682s][info][gc,heap     ] GC(104) y:      Live:         -                28M (11%)          28M (11%)          28M (11%)    
[2026-06-18T14:29:45.874+0800][37.682s][info][gc,heap     ] GC(104) y:   Garbage:         -               201M (79%)          41M (16%)           1M (1%)     
[2026-06-18T14:29:45.875+0800][37.682s][info][gc,heap     ] GC(104) y: Allocated:         -                 0M (0%)            0M (0%)           29M (11%)    
[2026-06-18T14:29:45.875+0800][37.682s][info][gc,heap     ] GC(104) y: Reclaimed:         -                  -               160M (62%)         199M (78%)    
[2026-06-18T14:29:45.875+0800][37.683s][info][gc,heap     ] GC(104) y:  Promoted:         -                  -                 0M (0%)            0M (0%)     
[2026-06-18T14:29:45.875+0800][37.683s][info][gc,heap     ] GC(104) y: Compacted:         -                  -                  -                12M (5%)     
[2026-06-18T14:29:45.876+0800][37.683s][info][gc,phases   ] GC(104) y: Young Generation 232M(91%)->62M(24%) 0.009s
[2026-06-18T14:29:45.876+0800][37.683s][info][gc          ] GC(104) Minor Collection (High Usage) 232M(91%)->64M(25%) 0.024s
[2026-06-18T14:29:46.251+0800][38.059s][info][gc          ] GC(105) Major Collection (Proactive)
[2026-06-18T14:29:46.252+0800][38.060s][info][gc,task     ] GC(105) Using 1 Workers for Young Generation
[2026-06-18T14:29:46.253+0800][38.061s][info][gc,task     ] GC(105) Using 1 Workers for Old Generation
[2026-06-18T14:29:46.258+0800][38.066s][info][gc,phases   ] GC(105) Y: Young Generation
[2026-06-18T14:29:46.260+0800][38.068s][info][gc,phases   ] GC(105) Y: Pause Mark Start (Major) 0.038ms
[2026-06-18T14:29:46.262+0800][38.070s][info][gc,phases   ] GC(105) Y: Concurrent Mark 0.850ms
[2026-06-18T14:29:46.263+0800][38.071s][info][gc,phases   ] GC(105) Y: Pause Mark End 0.010ms
[2026-06-18T14:29:46.264+0800][38.071s][info][gc,phases   ] GC(105) Y: Concurrent Mark Free 0.001ms
[2026-06-18T14:29:46.264+0800][38.071s][info][gc,phases   ] GC(105) Y: Concurrent Reset Relocation Set 0.001ms
[2026-06-18T14:29:46.265+0800][38.072s][info][gc,reloc    ] GC(105) Y: Using tenuring threshold: 4 (Computed)
[2026-06-18T14:29:46.265+0800][38.072s][info][gc,phases   ] GC(105) Y: Concurrent Select Relocation Set 0.595ms
[2026-06-18T14:29:46.266+0800][38.073s][info][gc,phases   ] GC(105) Y: Pause Relocate Start 0.005ms
[2026-06-18T14:29:46.267+0800][38.074s][info][gc,phases   ] GC(105) Y: Concurrent Relocate 1.121ms
[2026-06-18T14:29:46.268+0800][38.075s][info][gc,alloc    ] GC(105) Y:                         Mark Start        Mark End      Relocate Start    Relocate End   
[2026-06-18T14:29:46.268+0800][38.075s][info][gc,alloc    ] GC(105) Y: Allocation Stalls:          0                0                0                0         
[2026-06-18T14:29:46.268+0800][38.076s][info][gc,load     ] GC(105) Y: Load: 0.36 (2%) / 0.32 (1%) / 0.30 (1%)
[2026-06-18T14:29:46.269+0800][38.076s][info][gc,mmu      ] GC(105) Y: MMU: 2ms/97.5%, 5ms/98.6%, 10ms/99.3%, 20ms/99.6%, 50ms/99.8%, 100ms/99.9%
[2026-06-18T14:29:46.269+0800][38.076s][info][gc,marking  ] GC(105) Y: Mark: 1 stripe(s), 1 proactive flush(es), 1 terminate flush(es), 0 completion(s), 0 continuation(s) 
[2026-06-18T14:29:46.269+0800][38.077s][info][gc,nmethod  ] GC(105) Y: NMethods: 103 registered, 8 unregistered
[2026-06-18T14:29:46.269+0800][38.077s][info][gc,metaspace] GC(105) Y: Metaspace: 0M used, 0M committed, 1088M reserved
[2026-06-18T14:29:46.270+0800][38.077s][info][gc,reloc    ] GC(105) Y:                        Candidates     Selected     In-Place         Size        Empty    Relocated 
[2026-06-18T14:29:46.270+0800][38.077s][info][gc,reloc    ] GC(105) Y: Small Pages:                   77           15            0         154M         116M           3M 
[2026-06-18T14:29:46.270+0800][38.077s][info][gc,reloc    ] GC(105) Y: Medium Pages:                   5            2            0          40M           8M           3M 
[2026-06-18T14:29:46.270+0800][38.078s][info][gc,reloc    ] GC(105) Y: Large Pages:                    6            0            0          12M           0M           0M 
[2026-06-18T14:29:46.271+0800][38.078s][info][gc,reloc    ] GC(105) Y: Forwarding Usage: 0M
[2026-06-18T14:29:46.271+0800][38.078s][info][gc,reloc    ] GC(105) Y: Age Table:
[2026-06-18T14:29:46.275+0800][38.082s][info][gc,reloc    ] GC(105) Y:                    Live             Garbage             Small              Medium             Large        
[2026-06-18T14:29:46.275+0800][38.082s][info][gc,reloc    ] GC(105) Y: Eden              19M (8%)          140M (55%)         70 / 15             2 / 1              2 / 0        
[2026-06-18T14:29:46.275+0800][38.083s][info][gc,reloc    ] GC(105) Y: Survivor 1         4M (2%)           27M (11%)          6 / 0              2 / 1              2 / 0        
[2026-06-18T14:29:46.276+0800][38.083s][info][gc,reloc    ] GC(105) Y: Survivor 2         4M (2%)            0M (0%)           0 / 0              0 / 0              2 / 0        
[2026-06-18T14:29:46.276+0800][38.083s][info][gc,reloc    ] GC(105) Y: Survivor 3         0M (0%)            9M (4%)           1 / 0              1 / 0              0 / 0        
[2026-06-18T14:29:46.276+0800][38.084s][info][gc,heap     ] GC(105) Y: Min Capacity: 256M(100%)
[2026-06-18T14:29:46.276+0800][38.084s][info][gc,heap     ] GC(105) Y: Max Capacity: 256M(100%)
[2026-06-18T14:29:46.277+0800][38.084s][info][gc,heap     ] GC(105) Y: Soft Max Capacity: 256M(100%)
[2026-06-18T14:29:46.277+0800][38.084s][info][gc,heap     ] GC(105) Y: Heap Statistics:
[2026-06-18T14:29:46.277+0800][38.085s][info][gc,heap     ] GC(105) Y:                Mark Start          Mark End        Relocate Start      Relocate End           High               Low         
[2026-06-18T14:29:46.277+0800][38.085s][info][gc,heap     ] GC(105) Y:  Capacity:      256M (100%)        256M (100%)        256M (100%)        256M (100%)        256M (100%)        256M (100%)   
[2026-06-18T14:29:46.278+0800][38.085s][info][gc,heap     ] GC(105) Y:      Free:       48M (19%)          44M (17%)         168M (66%)         196M (77%)         196M (77%)          44M (17%)    
[2026-06-18T14:29:46.278+0800][38.085s][info][gc,heap     ] GC(105) Y:      Used:      208M (81%)         212M (83%)          88M (34%)          60M (23%)         212M (83%)          60M (23%)    
[2026-06-18T14:29:46.278+0800][38.086s][info][gc,heap     ] GC(105) Y: Young Generation Statistics:
[2026-06-18T14:29:46.279+0800][38.086s][info][gc,heap     ] GC(105) Y:                Mark Start          Mark End        Relocate Start      Relocate End    
[2026-06-18T14:29:46.279+0800][38.086s][info][gc,heap     ] GC(105) Y:      Used:      206M (80%)         210M (82%)          86M (34%)          58M (23%)    
[2026-06-18T14:29:46.279+0800][38.087s][info][gc,heap     ] GC(105) Y:      Live:         -                29M (12%)          29M (12%)          29M (12%)    
[2026-06-18T14:29:46.280+0800][38.087s][info][gc,heap     ] GC(105) Y:   Garbage:         -               176M (69%)          52M (20%)           1M (1%)     
[2026-06-18T14:29:46.280+0800][38.087s][info][gc,heap     ] GC(105) Y: Allocated:         -                 4M (2%)            4M (2%)           26M (10%)    
[2026-06-18T14:29:46.280+0800][38.087s][info][gc,heap     ] GC(105) Y: Reclaimed:         -                  -               124M (48%)         174M (68%)    
[2026-06-18T14:29:46.280+0800][38.088s][info][gc,heap     ] GC(105) Y:  Promoted:         -                  -                 0M (0%)            0M (0%)     
[2026-06-18T14:29:46.281+0800][38.088s][info][gc,heap     ] GC(105) Y: Compacted:         -                  -                  -                 9M (4%)     
[2026-06-18T14:29:46.281+0800][38.088s][info][gc,phases   ] GC(105) Y: Young Generation 208M(81%)->60M(23%) 0.009s
[2026-06-18T14:29:46.281+0800][38.088s][info][gc,phases   ] GC(105) O: Old Generation
[2026-06-18T14:29:46.282+0800][38.090s][info][gc,phases   ] GC(105) O: Concurrent Mark 0.981ms
[2026-06-18T14:29:46.283+0800][38.090s][info][gc,phases   ] GC(105) O: Pause Mark End 0.011ms
[2026-06-18T14:29:46.283+0800][38.090s][info][gc,phases   ] GC(105) O: Concurrent Mark Free 0.002ms
[2026-06-18T14:29:46.284+0800][38.091s][info][gc,phases   ] GC(105) O: Concurrent Process Non-Strong 0.336ms
[2026-06-18T14:29:46.284+0800][38.091s][info][gc,phases   ] GC(105) O: Concurrent Reset Relocation Set 0.000ms
[2026-06-18T14:29:46.284+0800][38.092s][info][gc,phases   ] GC(105) O: Concurrent Select Relocation Set 0.042ms
[2026-06-18T14:29:46.285+0800][38.092s][info][gc,task     ] GC(105) O: Using 2 Workers for Old Generation
[2026-06-18T14:29:46.285+0800][38.092s][info][gc,task     ] GC(105) O: Using 1 Workers for Old Generation
[2026-06-18T14:29:46.285+0800][38.093s][info][gc,phases   ] GC(105) O: Concurrent Remap Roots 0.817ms
[2026-06-18T14:29:46.286+0800][38.093s][info][gc,phases   ] GC(105) O: Pause Relocate Start 0.008ms
[2026-06-18T14:29:46.286+0800][38.094s][info][gc,phases   ] GC(105) O: Concurrent Relocate 0.069ms
[2026-06-18T14:29:46.287+0800][38.094s][info][gc,alloc    ] GC(105) O:                         Mark Start        Mark End      Relocate Start    Relocate End   
[2026-06-18T14:29:46.287+0800][38.094s][info][gc,alloc    ] GC(105) O: Allocation Stalls:          0                0                0                0         
[2026-06-18T14:29:46.287+0800][38.095s][info][gc,load     ] GC(105) O: Load: 0.36 (2%) / 0.32 (1%) / 0.30 (1%)
[2026-06-18T14:29:46.287+0800][38.095s][info][gc,mmu      ] GC(105) O: MMU: 2ms/97.5%, 5ms/98.6%, 10ms/99.3%, 20ms/99.6%, 50ms/99.8%, 100ms/99.9%
[2026-06-18T14:29:46.288+0800][38.095s][info][gc,marking  ] GC(105) O: Mark: 1 stripe(s), 2 proactive flush(es), 1 terminate flush(es), 0 completion(s), 0 continuation(s) 
[2026-06-18T14:29:46.288+0800][38.095s][info][gc,nmethod  ] GC(105) O: NMethods: 103 registered, 8 unregistered
[2026-06-18T14:29:46.288+0800][38.096s][info][gc,metaspace] GC(105) O: Metaspace: 0M used, 0M committed, 1088M reserved
[2026-06-18T14:29:46.289+0800][38.096s][info][gc,ref      ] GC(105) O:                       Encountered   Discovered     Enqueued 
[2026-06-18T14:29:46.289+0800][38.096s][info][gc,ref      ] GC(105) O: Soft References:                2            0            0 
[2026-06-18T14:29:46.289+0800][38.097s][info][gc,ref      ] GC(105) O: Weak References:                6            0            0 
[2026-06-18T14:29:46.289+0800][38.097s][info][gc,ref      ] GC(105) O: Final References:               0            0            0 
[2026-06-18T14:29:46.290+0800][38.097s][info][gc,ref      ] GC(105) O: Phantom References:             1            1            0 
[2026-06-18T14:29:46.290+0800][38.097s][info][gc,reloc    ] GC(105) O:                        Candidates     Selected     In-Place         Size        Empty    Relocated 
[2026-06-18T14:29:46.290+0800][38.098s][info][gc,reloc    ] GC(105) O: Small Pages:                    1            0            0           2M           0M           0M 
[2026-06-18T14:29:46.290+0800][38.098s][info][gc,reloc    ] GC(105) O: Medium Pages:                   0            0            0           0M           0M           0M 
[2026-06-18T14:29:46.291+0800][38.098s][info][gc,reloc    ] GC(105) O: Large Pages:                    0            0            0           0M           0M           0M 
[2026-06-18T14:29:46.293+0800][38.100s][info][gc,reloc    ] GC(105) O: Forwarding Usage: 0M
[2026-06-18T14:29:46.293+0800][38.101s][info][gc,heap     ] GC(105) O: Min Capacity: 256M(100%)
[2026-06-18T14:29:46.294+0800][38.101s][info][gc,heap     ] GC(105) O: Max Capacity: 256M(100%)
[2026-06-18T14:29:46.294+0800][38.101s][info][gc,heap     ] GC(105) O: Soft Max Capacity: 256M(100%)
[2026-06-18T14:29:46.294+0800][38.102s][info][gc,heap     ] GC(105) O: Heap Statistics:
[2026-06-18T14:29:46.295+0800][38.102s][info][gc,heap     ] GC(105) O:                Mark Start          Mark End        Relocate Start      Relocate End           High               Low         
[2026-06-18T14:29:46.295+0800][38.102s][info][gc,heap     ] GC(105) O:  Capacity:      256M (100%)        256M (100%)        256M (100%)        256M (100%)        256M (100%)        256M (100%)   
[2026-06-18T14:29:46.295+0800][38.102s][info][gc,heap     ] GC(105) O:      Free:       48M (19%)         182M (71%)         180M (70%)         180M (70%)         196M (77%)          44M (17%)    
[2026-06-18T14:29:46.295+0800][38.103s][info][gc,heap     ] GC(105) O:      Used:      208M (81%)          74M (29%)          76M (30%)          76M (30%)         212M (83%)          60M (23%)    
[2026-06-18T14:29:46.296+0800][38.103s][info][gc,heap     ] GC(105) O: Old Generation Statistics:
[2026-06-18T14:29:46.296+0800][38.103s][info][gc,heap     ] GC(105) O:                Mark Start          Mark End        Relocate Start      Relocate End    
[2026-06-18T14:29:46.296+0800][38.104s][info][gc,heap     ] GC(105) O:      Used:        2M (1%)            2M (1%)            2M (1%)            2M (1%)     
[2026-06-18T14:29:46.296+0800][38.104s][info][gc,heap     ] GC(105) O:      Live:         -                 0M (0%)            0M (0%)            0M (0%)     
[2026-06-18T14:29:46.297+0800][38.104s][info][gc,heap     ] GC(105) O:   Garbage:         -                 1M (1%)            1M (1%)            1M (1%)     
[2026-06-18T14:29:46.297+0800][38.104s][info][gc,heap     ] GC(105) O: Allocated:         -                 0M (0%)            0M (0%)            0M (0%)     
[2026-06-18T14:29:46.297+0800][38.105s][info][gc,heap     ] GC(105) O: Reclaimed:         -                  -                 0M (0%)            0M (0%)     
[2026-06-18T14:29:46.298+0800][38.105s][info][gc,heap     ] GC(105) O: Compacted:         -                  -                  -                 0M (0%)     
[2026-06-18T14:29:46.298+0800][38.105s][info][gc,phases   ] GC(105) O: Old Generation 74M(29%)->76M(30%) 0.006s
[2026-06-18T14:29:46.298+0800][38.106s][info][gc          ] GC(105) Major Collection (Proactive) 204M(80%)->80M(31%) 0.047s
[2026-06-18T14:29:46.684+0800][38.492s][info][gc          ] GC(106) Minor Collection (High Usage)
[2026-06-18T14:29:46.686+0800][38.493s][info][gc,task     ] GC(106) Using 1 Workers for Young Generation
[2026-06-18T14:29:46.687+0800][38.494s][info][gc,phases   ] GC(106) y: Young Generation
[2026-06-18T14:29:46.688+0800][38.495s][info][gc,phases   ] GC(106) y: Pause Mark Start 0.013ms
[2026-06-18T14:29:46.689+0800][38.496s][info][gc,phases   ] GC(106) y: Concurrent Mark 0.569ms
[2026-06-18T14:29:46.690+0800][38.497s][info][gc,phases   ] GC(106) y: Pause Mark End 0.008ms
[2026-06-18T14:29:46.690+0800][38.497s][info][gc,phases   ] GC(106) y: Concurrent Mark Free 0.002ms
[2026-06-18T14:29:46.691+0800][38.498s][info][gc,phases   ] GC(106) y: Concurrent Reset Relocation Set 0.002ms
[2026-06-18T14:29:46.691+0800][38.499s][info][gc,reloc    ] GC(106) y: Using tenuring threshold: 5 (Computed)
[2026-06-18T14:29:46.692+0800][38.500s][info][gc,phases   ] GC(106) y: Concurrent Select Relocation Set 0.776ms
[2026-06-18T14:29:46.693+0800][38.500s][info][gc,phases   ] GC(106) y: Pause Relocate Start 0.008ms
[2026-06-18T14:29:46.694+0800][38.501s][info][gc,phases   ] GC(106) y: Concurrent Relocate 0.853ms
[2026-06-18T14:29:46.695+0800][38.502s][info][gc,alloc    ] GC(106) y:                         Mark Start        Mark End      Relocate Start    Relocate End   
[2026-06-18T14:29:46.695+0800][38.502s][info][gc,alloc    ] GC(106) y: Allocation Stalls:          0                0                0                0         
[2026-06-18T14:29:46.695+0800][38.503s][info][gc,load     ] GC(106) y: Load: 0.36 (2%) / 0.32 (1%) / 0.30 (1%)
[2026-06-18T14:29:46.696+0800][38.503s][info][gc,mmu      ] GC(106) y: MMU: 2ms/97.5%, 5ms/98.6%, 10ms/99.3%, 20ms/99.6%, 50ms/99.8%, 100ms/99.9%
[2026-06-18T14:29:46.696+0800][38.503s][info][gc,marking  ] GC(106) y: Mark: 1 stripe(s), 1 proactive flush(es), 1 terminate flush(es), 0 completion(s), 0 continuation(s) 
[2026-06-18T14:29:46.696+0800][38.504s][info][gc,nmethod  ] GC(106) y: NMethods: 103 registered, 8 unregistered
[2026-06-18T14:29:46.697+0800][38.504s][info][gc,metaspace] GC(106) y: Metaspace: 0M used, 0M committed, 1088M reserved
[2026-06-18T14:29:46.697+0800][38.505s][info][gc,reloc    ] GC(106) y:                        Candidates     Selected     In-Place         Size        Empty    Relocated 
[2026-06-18T14:29:46.698+0800][38.505s][info][gc,reloc    ] GC(106) y: Small Pages:                   82           10            0         164M         136M           3M 
[2026-06-18T14:29:46.698+0800][38.505s][info][gc,reloc    ] GC(106) y: Medium Pages:                   7            3            0          56M          16M           2M 
[2026-06-18T14:29:46.698+0800][38.505s][info][gc,reloc    ] GC(106) y: Large Pages:                    6            0            0          12M           0M           0M 
[2026-06-18T14:29:46.698+0800][38.506s][info][gc,reloc    ] GC(106) y: Forwarding Usage: 0M
[2026-06-18T14:29:46.699+0800][38.506s][info][gc,reloc    ] GC(106) y: Age Table:
[2026-06-18T14:29:46.699+0800][38.506s][info][gc,reloc    ] GC(106) y:                    Live             Garbage             Small              Medium             Large        
[2026-06-18T14:29:46.699+0800][38.506s][info][gc,reloc    ] GC(106) y: Eden              14M (6%)          163M (64%)         77 / 10             3 / 1              0 / 0        
[2026-06-18T14:29:46.699+0800][38.507s][info][gc,reloc    ] GC(106) y: Survivor 1         4M (2%)           24M (9%)           4 / 0              2 / 0              2 / 0        
[2026-06-18T14:29:46.700+0800][38.507s][info][gc,reloc    ] GC(106) y: Survivor 2         4M (2%)            7M (3%)           0 / 0              1 / 1              2 / 0        
[2026-06-18T14:29:46.700+0800][38.507s][info][gc,reloc    ] GC(106) y: Survivor 3         4M (2%)            0M (0%)           0 / 0              0 / 0              2 / 0        
[2026-06-18T14:29:46.700+0800][38.507s][info][gc,reloc    ] GC(106) y: Survivor 4         0M (0%)            9M (4%)           1 / 0              1 / 1              0 / 0        
[2026-06-18T14:29:46.700+0800][38.508s][info][gc,heap     ] GC(106) y: Min Capacity: 256M(100%)
[2026-06-18T14:29:46.701+0800][38.508s][info][gc,heap     ] GC(106) y: Max Capacity: 256M(100%)
[2026-06-18T14:29:46.701+0800][38.508s][info][gc,heap     ] GC(106) y: Soft Max Capacity: 256M(100%)
[2026-06-18T14:29:46.701+0800][38.509s][info][gc,heap     ] GC(106) y: Heap Statistics:
[2026-06-18T14:29:46.701+0800][38.509s][info][gc,heap     ] GC(106) y:                Mark Start          Mark End        Relocate Start      Relocate End           High               Low         
[2026-06-18T14:29:46.702+0800][38.509s][info][gc,heap     ] GC(106) y:  Capacity:      256M (100%)        256M (100%)        256M (100%)        256M (100%)        256M (100%)        256M (100%)   
[2026-06-18T14:29:46.702+0800][38.510s][info][gc,heap     ] GC(106) y:      Free:       22M (9%)           22M (9%)          174M (68%)         200M (78%)         200M (78%)          22M (9%)     
[2026-06-18T14:29:46.703+0800][38.510s][info][gc,heap     ] GC(106) y:      Used:      234M (91%)         234M (91%)          82M (32%)          56M (22%)         234M (91%)          56M (22%)    
[2026-06-18T14:29:46.703+0800][38.510s][info][gc,heap     ] GC(106) y: Young Generation Statistics:
[2026-06-18T14:29:46.703+0800][38.511s][info][gc,heap     ] GC(106) y:                Mark Start          Mark End        Relocate Start      Relocate End    
[2026-06-18T14:29:46.704+0800][38.512s][info][gc,heap     ] GC(106) y:      Used:      232M (91%)         232M (91%)          80M (31%)          54M (21%)    
[2026-06-18T14:29:46.705+0800][38.512s][info][gc,heap     ] GC(106) y:      Live:         -                28M (11%)          28M (11%)          28M (11%)    
[2026-06-18T14:29:46.705+0800][38.512s][info][gc,heap     ] GC(106) y:   Garbage:         -               203M (80%)          51M (20%)           1M (1%)     
[2026-06-18T14:29:46.705+0800][38.513s][info][gc,heap     ] GC(106) y: Allocated:         -                 0M (0%)            0M (0%)           23M (9%)     
[2026-06-18T14:29:46.706+0800][38.513s][info][gc,heap     ] GC(106) y: Reclaimed:         -                  -               152M (59%)         201M (79%)    
[2026-06-18T14:29:46.706+0800][38.513s][info][gc,heap     ] GC(106) y:  Promoted:         -                  -                 0M (0%)            0M (0%)     
[2026-06-18T14:29:46.706+0800][38.513s][info][gc,heap     ] GC(106) y: Compacted:         -                  -                  -                 8M (3%)     
[2026-06-18T14:29:46.706+0800][38.514s][info][gc,phases   ] GC(106) y: Young Generation 234M(91%)->56M(22%) 0.008s
[2026-06-18T14:29:46.707+0800][38.514s][info][gc          ] GC(106) Minor Collection (High Usage) 234M(91%)->66M(26%) 0.022s
[2026-06-18T14:29:47.102+0800][38.910s][info][gc          ] GC(107) Minor Collection (High Usage)
[2026-06-18T14:29:47.104+0800][38.911s][info][gc,task     ] GC(107) Using 1 Workers for Young Generation
[2026-06-18T14:29:47.104+0800][38.912s][info][gc,phases   ] GC(107) y: Young Generation
[2026-06-18T14:29:47.105+0800][38.912s][info][gc,phases   ] GC(107) y: Pause Mark Start 0.010ms
[2026-06-18T14:29:47.106+0800][38.913s][info][gc,phases   ] GC(107) y: Concurrent Mark 0.393ms
[2026-06-18T14:29:47.106+0800][38.914s][info][gc,phases   ] GC(107) y: Pause Mark End 0.007ms
[2026-06-18T14:29:47.107+0800][38.914s][info][gc,phases   ] GC(107) y: Concurrent Mark Free 0.001ms
[2026-06-18T14:29:47.107+0800][38.915s][info][gc,phases   ] GC(107) y: Concurrent Reset Relocation Set 0.002ms
[2026-06-18T14:29:47.108+0800][38.915s][info][gc,reloc    ] GC(107) y: Using tenuring threshold: 4 (Computed)
[2026-06-18T14:29:47.108+0800][38.916s][info][gc,phases   ] GC(107) y: Concurrent Select Relocation Set 0.579ms
[2026-06-18T14:29:47.109+0800][38.917s][info][gc,phases   ] GC(107) y: Pause Relocate Start 0.008ms
[2026-06-18T14:29:47.111+0800][38.918s][info][gc,phases   ] GC(107) y: Concurrent Relocate 1.267ms
[2026-06-18T14:29:47.111+0800][38.919s][info][gc,alloc    ] GC(107) y:                         Mark Start        Mark End      Relocate Start    Relocate End   
[2026-06-18T14:29:47.112+0800][38.919s][info][gc,alloc    ] GC(107) y: Allocation Stalls:          0                0                0                0         
[2026-06-18T14:29:47.112+0800][38.919s][info][gc,load     ] GC(107) y: Load: 0.36 (2%) / 0.32 (1%) / 0.30 (1%)
[2026-06-18T14:29:47.112+0800][38.920s][info][gc,mmu      ] GC(107) y: MMU: 2ms/97.5%, 5ms/98.6%, 10ms/99.3%, 20ms/99.6%, 50ms/99.8%, 100ms/99.9%
[2026-06-18T14:29:47.113+0800][38.920s][info][gc,marking  ] GC(107) y: Mark: 1 stripe(s), 1 proactive flush(es), 1 terminate flush(es), 0 completion(s), 0 continuation(s) 
[2026-06-18T14:29:47.113+0800][38.920s][info][gc,nmethod  ] GC(107) y: NMethods: 103 registered, 8 unregistered
[2026-06-18T14:29:47.113+0800][38.921s][info][gc,metaspace] GC(107) y: Metaspace: 0M used, 0M committed, 1088M reserved
[2026-06-18T14:29:47.113+0800][38.921s][info][gc,reloc    ] GC(107) y:                        Candidates     Selected     In-Place         Size        Empty    Relocated 
[2026-06-18T14:29:47.114+0800][38.921s][info][gc,reloc    ] GC(107) y: Small Pages:                   79           15            0         158M         120M           4M 
[2026-06-18T14:29:47.114+0800][38.921s][info][gc,reloc    ] GC(107) y: Medium Pages:                   7            3            0          56M           8M           4M 
[2026-06-18T14:29:47.114+0800][38.921s][info][gc,reloc    ] GC(107) y: Large Pages:                    8            0            0          16M           8M           0M 
[2026-06-18T14:29:47.114+0800][38.922s][info][gc,reloc    ] GC(107) y: Forwarding Usage: 0M
[2026-06-18T14:29:47.115+0800][38.922s][info][gc,reloc    ] GC(107) y: Age Table:
[2026-06-18T14:29:47.115+0800][38.923s][info][gc,reloc    ] GC(107) y:                    Live             Garbage             Small              Medium             Large        
[2026-06-18T14:29:47.116+0800][38.923s][info][gc,reloc    ] GC(107) y: Eden              25M (10%)         150M (59%)         74 / 15             3 / 1              2 / 0        
[2026-06-18T14:29:47.116+0800][38.923s][info][gc,reloc    ] GC(107) y: Survivor 1         1M (1%)           22M (9%)           4 / 0              2 / 1              0 / 0        
[2026-06-18T14:29:47.116+0800][38.923s][info][gc,reloc    ] GC(107) y: Survivor 2         4M (2%)            0M (0%)           0 / 0              0 / 0              2 / 0        
[2026-06-18T14:29:47.116+0800][38.924s][info][gc,reloc    ] GC(107) y: Survivor 3         0M (0%)           11M (4%)           0 / 0              1 / 1              2 / 0        
[2026-06-18T14:29:47.117+0800][38.924s][info][gc,reloc    ] GC(107) y: Survivor 4          -                 4M (2%)           0 / 0              0 / 0              2 / 0        
[2026-06-18T14:29:47.117+0800][38.924s][info][gc,reloc    ] GC(107) y: Survivor 5         0M (0%)            9M (4%)           1 / 0              1 / 0              0 / 0        
[2026-06-18T14:29:47.117+0800][38.924s][info][gc,heap     ] GC(107) y: Min Capacity: 256M(100%)
[2026-06-18T14:29:47.117+0800][38.925s][info][gc,heap     ] GC(107) y: Max Capacity: 256M(100%)
[2026-06-18T14:29:47.118+0800][38.925s][info][gc,heap     ] GC(107) y: Soft Max Capacity: 256M(100%)
[2026-06-18T14:29:47.118+0800][38.925s][info][gc,heap     ] GC(107) y: Heap Statistics:
[2026-06-18T14:29:47.118+0800][38.926s][info][gc,heap     ] GC(107) y:                Mark Start          Mark End        Relocate Start      Relocate End           High               Low         
[2026-06-18T14:29:47.118+0800][38.926s][info][gc,heap     ] GC(107) y:  Capacity:      256M (100%)        256M (100%)        256M (100%)        256M (100%)        256M (100%)        256M (100%)   
[2026-06-18T14:29:47.119+0800][38.926s][info][gc,heap     ] GC(107) y:      Free:       24M (9%)           24M (9%)          160M (62%)         196M (77%)         196M (77%)          24M (9%)     
[2026-06-18T14:29:47.119+0800][38.926s][info][gc,heap     ] GC(107) y:      Used:      232M (91%)         232M (91%)          96M (38%)          60M (23%)         232M (91%)          60M (23%)    
[2026-06-18T14:29:47.119+0800][38.926s][info][gc,heap     ] GC(107) y: Young Generation Statistics:
[2026-06-18T14:29:47.119+0800][38.927s][info][gc,heap     ] GC(107) y:                Mark Start          Mark End        Relocate Start      Relocate End    
[2026-06-18T14:29:47.120+0800][38.927s][info][gc,heap     ] GC(107) y:      Used:      230M (90%)         230M (90%)          94M (37%)          56M (22%)    
[2026-06-18T14:29:47.120+0800][38.927s][info][gc,heap     ] GC(107) y:      Live:         -                32M (13%)          32M (13%)          32M (13%)    
[2026-06-18T14:29:47.120+0800][38.927s][info][gc,heap     ] GC(107) y:   Garbage:         -               197M (77%)          61M (24%)           3M (1%)     
[2026-06-18T14:29:47.120+0800][38.928s][info][gc,heap     ] GC(107) y: Allocated:         -                 0M (0%)            0M (0%)           20M (8%)     
[2026-06-18T14:29:47.121+0800][38.929s][info][gc,heap     ] GC(107) y: Reclaimed:         -                  -               136M (53%)         194M (76%)    
[2026-06-18T14:29:47.121+0800][38.929s][info][gc,heap     ] GC(107) y:  Promoted:         -                  -                 0M (0%)            0M (0%)     
[2026-06-18T14:29:47.122+0800][38.929s][info][gc,heap     ] GC(107) y: Compacted:         -                  -                  -                11M (5%)     
[2026-06-18T14:29:47.122+0800][38.930s][info][gc,phases   ] GC(107) y: Young Generation 232M(91%)->60M(23%) 0.007s
[2026-06-18T14:29:47.122+0800][38.930s][info][gc          ] GC(107) Minor Collection (High Usage) 232M(91%)->64M(25%) 0.020s
[2026-06-18T14:29:47.238+0800][39.045s][info][gc          ] GC(108) Major Collection (Proactive)
[2026-06-18T14:29:47.239+0800][39.047s][info][gc,task     ] GC(108) Using 1 Workers for Young Generation
[2026-06-18T14:29:47.240+0800][39.047s][info][gc,task     ] GC(108) Using 1 Workers for Old Generation
[2026-06-18T14:29:47.241+0800][39.048s][info][gc,phases   ] GC(108) Y: Young Generation
[2026-06-18T14:29:47.241+0800][39.049s][info][gc,phases   ] GC(108) Y: Pause Mark Start (Major) 0.013ms
[2026-06-18T14:29:47.243+0800][39.050s][info][gc,phases   ] GC(108) Y: Concurrent Mark 0.488ms
[2026-06-18T14:29:47.243+0800][39.051s][info][gc,phases   ] GC(108) Y: Pause Mark End 0.009ms
[2026-06-18T14:29:47.244+0800][39.051s][info][gc,phases   ] GC(108) Y: Concurrent Mark Free 0.002ms
[2026-06-18T14:29:47.244+0800][39.052s][info][gc,phases   ] GC(108) Y: Concurrent Reset Relocation Set 0.002ms
[2026-06-18T14:29:47.245+0800][39.052s][info][gc,reloc    ] GC(108) Y: Using tenuring threshold: 3 (Computed)
[2026-06-18T14:29:47.245+0800][39.053s][info][gc,phases   ] GC(108) Y: Concurrent Select Relocation Set 0.665ms
[2026-06-18T14:29:47.246+0800][39.053s][info][gc,phases   ] GC(108) Y: Pause Relocate Start 0.007ms
[2026-06-18T14:29:47.247+0800][39.055s][info][gc,phases   ] GC(108) Y: Concurrent Relocate 0.966ms
[2026-06-18T14:29:47.249+0800][39.056s][info][gc,alloc    ] GC(108) Y:                         Mark Start        Mark End      Relocate Start    Relocate End   
[2026-06-18T14:29:47.249+0800][39.057s][info][gc,alloc    ] GC(108) Y: Allocation Stalls:          0                0                0                0         
[2026-06-18T14:29:47.250+0800][39.057s][info][gc,load     ] GC(108) Y: Load: 0.36 (2%) / 0.32 (1%) / 0.30 (1%)
[2026-06-18T14:29:47.250+0800][39.057s][info][gc,mmu      ] GC(108) Y: MMU: 2ms/97.5%, 5ms/98.6%, 10ms/99.3%, 20ms/99.6%, 50ms/99.8%, 100ms/99.9%
[2026-06-18T14:29:47.250+0800][39.058s][info][gc,marking  ] GC(108) Y: Mark: 1 stripe(s), 1 proactive flush(es), 1 terminate flush(es), 0 completion(s), 0 continuation(s) 
[2026-06-18T14:29:47.251+0800][39.058s][info][gc,nmethod  ] GC(108) Y: NMethods: 103 registered, 8 unregistered
[2026-06-18T14:29:47.251+0800][39.058s][info][gc,metaspace] GC(108) Y: Metaspace: 0M used, 0M committed, 1088M reserved
[2026-06-18T14:29:47.251+0800][39.059s][info][gc,reloc    ] GC(108) Y:                        Candidates     Selected     In-Place         Size        Empty    Relocated 
[2026-06-18T14:29:47.251+0800][39.059s][info][gc,reloc    ] GC(108) Y: Small Pages:                   28            8            0          56M          32M           2M 
[2026-06-18T14:29:47.252+0800][39.059s][info][gc,reloc    ] GC(108) Y: Medium Pages:                   6            2            0          48M           8M           4M 
[2026-06-18T14:29:47.252+0800][39.059s][info][gc,reloc    ] GC(108) Y: Large Pages:                    4            0            0           8M           0M           0M 
[2026-06-18T14:29:47.252+0800][39.060s][info][gc,reloc    ] GC(108) Y: Forwarding Usage: 0M
[2026-06-18T14:29:47.252+0800][39.060s][info][gc,reloc    ] GC(108) Y: Age Table:
[2026-06-18T14:29:47.253+0800][39.060s][info][gc,reloc    ] GC(108) Y:                    Live             Garbage             Small              Medium             Large        
[2026-06-18T14:29:47.253+0800][39.060s][info][gc,reloc    ] GC(108) Y: Eden               9M (4%)           46M (18%)         24 / 6              1 / 0              0 / 0        
[2026-06-18T14:29:47.253+0800][39.061s][info][gc,reloc    ] GC(108) Y: Survivor 1        14M (6%)           21M (8%)           4 / 2              3 / 1              2 / 0        
[2026-06-18T14:29:47.253+0800][39.061s][info][gc,reloc    ] GC(108) Y: Survivor 2         1M (1%)            6M (2%)           0 / 0              1 / 1              0 / 0        
[2026-06-18T14:29:47.254+0800][39.061s][info][gc,reloc    ] GC(108) Y: Survivor 3         4M (2%)            0M (0%)           0 / 0              0 / 0              2 / 0        
[2026-06-18T14:29:47.254+0800][39.062s][info][gc,reloc    ] GC(108) Y: Survivor 4         0M (0%)            7M (3%)           0 / 0              1 / 0              0 / 0        
[2026-06-18T14:29:47.255+0800][39.062s][info][gc,heap     ] GC(108) Y: Min Capacity: 256M(100%)
[2026-06-18T14:29:47.255+0800][39.063s][info][gc,heap     ] GC(108) Y: Max Capacity: 256M(100%)
[2026-06-18T14:29:47.256+0800][39.063s][info][gc,heap     ] GC(108) Y: Soft Max Capacity: 256M(100%)
[2026-06-18T14:29:47.256+0800][39.063s][info][gc,heap     ] GC(108) Y: Heap Statistics:
[2026-06-18T14:29:47.256+0800][39.063s][info][gc,heap     ] GC(108) Y:                Mark Start          Mark End        Relocate Start      Relocate End           High               Low         
[2026-06-18T14:29:47.256+0800][39.064s][info][gc,heap     ] GC(108) Y:  Capacity:      256M (100%)        256M (100%)        256M (100%)        256M (100%)        256M (100%)        256M (100%)   
[2026-06-18T14:29:47.256+0800][39.064s][info][gc,heap     ] GC(108) Y:      Free:      140M (55%)         140M (55%)         180M (70%)         194M (76%)         194M (76%)         140M (55%)    
[2026-06-18T14:29:47.257+0800][39.064s][info][gc,heap     ] GC(108) Y:      Used:      116M (45%)         116M (45%)          76M (30%)          62M (24%)         116M (45%)          62M (24%)    
[2026-06-18T14:29:47.257+0800][39.064s][info][gc,heap     ] GC(108) Y: Young Generation Statistics:
[2026-06-18T14:29:47.257+0800][39.065s][info][gc,heap     ] GC(108) Y:                Mark Start          Mark End        Relocate Start      Relocate End    
[2026-06-18T14:29:47.257+0800][39.065s][info][gc,heap     ] GC(108) Y:      Used:      112M (44%)         112M (44%)          68M (27%)          46M (18%)    
[2026-06-18T14:29:47.258+0800][39.065s][info][gc,heap     ] GC(108) Y:      Live:         -                30M (12%)          26M (10%)          25M (10%)    
[2026-06-18T14:29:47.258+0800][39.065s][info][gc,heap     ] GC(108) Y:   Garbage:         -                81M (32%)          41M (16%)           5M (2%)     
[2026-06-18T14:29:47.258+0800][39.065s][info][gc,heap     ] GC(108) Y: Allocated:         -                 0M (0%)            0M (0%)           14M (6%)     
[2026-06-18T14:29:47.258+0800][39.066s][info][gc,heap     ] GC(108) Y: Reclaimed:         -                  -                40M (16%)          75M (29%)    
[2026-06-18T14:29:47.259+0800][39.066s][info][gc,heap     ] GC(108) Y:  Promoted:         -                  -                 4M (2%)            4M (2%)     
[2026-06-18T14:29:47.259+0800][39.066s][info][gc,heap     ] GC(108) Y: Compacted:         -                  -                  -                 7M (3%)     
[2026-06-18T14:29:47.259+0800][39.066s][info][gc,phases   ] GC(108) Y: Young Generation 116M(45%)->62M(24%) 0.008s
[2026-06-18T14:29:47.259+0800][39.067s][info][gc,phases   ] GC(108) O: Old Generation
[2026-06-18T14:29:47.261+0800][39.068s][info][gc,phases   ] GC(108) O: Concurrent Mark 1.054ms
[2026-06-18T14:29:47.261+0800][39.069s][info][gc,phases   ] GC(108) O: Pause Mark End 0.011ms
[2026-06-18T14:29:47.262+0800][39.069s][info][gc,phases   ] GC(108) O: Concurrent Mark Free 0.001ms
[2026-06-18T14:29:47.262+0800][39.070s][info][gc,phases   ] GC(108) O: Concurrent Process Non-Strong 0.297ms
[2026-06-18T14:29:47.263+0800][39.070s][info][gc,phases   ] GC(108) O: Concurrent Reset Relocation Set 0.000ms
[2026-06-18T14:29:47.263+0800][39.071s][info][gc,phases   ] GC(108) O: Concurrent Select Relocation Set 0.058ms
[2026-06-18T14:29:47.264+0800][39.071s][info][gc,task     ] GC(108) O: Using 2 Workers for Old Generation
[2026-06-18T14:29:47.264+0800][39.071s][info][gc,task     ] GC(108) O: Using 1 Workers for Old Generation
[2026-06-18T14:29:47.264+0800][39.072s][info][gc,phases   ] GC(108) O: Concurrent Remap Roots 0.618ms
[2026-06-18T14:29:47.265+0800][39.072s][info][gc,phases   ] GC(108) O: Pause Relocate Start 0.007ms
[2026-06-18T14:29:47.265+0800][39.073s][info][gc,phases   ] GC(108) O: Concurrent Relocate 0.406ms
[2026-06-18T14:29:47.266+0800][39.073s][info][gc,alloc    ] GC(108) O:                         Mark Start        Mark End      Relocate Start    Relocate End   
[2026-06-18T14:29:47.266+0800][39.074s][info][gc,alloc    ] GC(108) O: Allocation Stalls:          0                0                0                0         
[2026-06-18T14:29:47.267+0800][39.074s][info][gc,load     ] GC(108) O: Load: 0.36 (2%) / 0.32 (1%) / 0.30 (1%)
[2026-06-18T14:29:47.267+0800][39.075s][info][gc,mmu      ] GC(108) O: MMU: 2ms/97.5%, 5ms/98.6%, 10ms/99.3%, 20ms/99.6%, 50ms/99.8%, 100ms/99.9%
[2026-06-18T14:29:47.267+0800][39.075s][info][gc,marking  ] GC(108) O: Mark: 1 stripe(s), 2 proactive flush(es), 1 terminate flush(es), 0 completion(s), 0 continuation(s) 
[2026-06-18T14:29:47.268+0800][39.075s][info][gc,nmethod  ] GC(108) O: NMethods: 103 registered, 8 unregistered
[2026-06-18T14:29:47.268+0800][39.075s][info][gc,metaspace] GC(108) O: Metaspace: 0M used, 0M committed, 1088M reserved
[2026-06-18T14:29:47.268+0800][39.076s][info][gc,ref      ] GC(108) O:                       Encountered   Discovered     Enqueued 
[2026-06-18T14:29:47.268+0800][39.076s][info][gc,ref      ] GC(108) O: Soft References:                2            0            0 
[2026-06-18T14:29:47.269+0800][39.076s][info][gc,ref      ] GC(108) O: Weak References:                6            0            0 
[2026-06-18T14:29:47.269+0800][39.076s][info][gc,ref      ] GC(108) O: Final References:               0            0            0 
[2026-06-18T14:29:47.269+0800][39.076s][info][gc,ref      ] GC(108) O: Phantom References:             1            1            0 
[2026-06-18T14:29:47.269+0800][39.077s][info][gc,reloc    ] GC(108) O:                        Candidates     Selected     In-Place         Size        Empty    Relocated 
[2026-06-18T14:29:47.270+0800][39.077s][info][gc,reloc    ] GC(108) O: Small Pages:                    2            1            0           4M           0M           0M 
[2026-06-18T14:29:47.270+0800][39.077s][info][gc,reloc    ] GC(108) O: Medium Pages:                   0            0            0           0M           0M           0M 
[2026-06-18T14:29:47.270+0800][39.077s][info][gc,reloc    ] GC(108) O: Large Pages:                    0            0            0           0M           0M           0M 
[2026-06-18T14:29:47.270+0800][39.078s][info][gc,reloc    ] GC(108) O: Forwarding Usage: 0M
[2026-06-18T14:29:47.270+0800][39.078s][info][gc,heap     ] GC(108) O: Min Capacity: 256M(100%)
[2026-06-18T14:29:47.271+0800][39.078s][info][gc,heap     ] GC(108) O: Max Capacity: 256M(100%)
[2026-06-18T14:29:47.271+0800][39.078s][info][gc,heap     ] GC(108) O: Soft Max Capacity: 256M(100%)
[2026-06-18T14:29:47.271+0800][39.078s][info][gc,heap     ] GC(108) O: Heap Statistics:
[2026-06-18T14:29:47.271+0800][39.079s][info][gc,heap     ] GC(108) O:                Mark Start          Mark End        Relocate Start      Relocate End           High               Low         
[2026-06-18T14:29:47.272+0800][39.079s][info][gc,heap     ] GC(108) O:  Capacity:      256M (100%)        256M (100%)        256M (100%)        256M (100%)        256M (100%)        256M (100%)   
[2026-06-18T14:29:47.272+0800][39.079s][info][gc,heap     ] GC(108) O:      Free:      140M (55%)         178M (70%)         178M (70%)         180M (70%)         194M (76%)         140M (55%)    
[2026-06-18T14:29:47.273+0800][39.080s][info][gc,heap     ] GC(108) O:      Used:      116M (45%)          78M (30%)          78M (30%)          76M (30%)         116M (45%)          62M (24%)    
[2026-06-18T14:29:47.273+0800][39.080s][info][gc,heap     ] GC(108) O: Old Generation Statistics:
[2026-06-18T14:29:47.273+0800][39.081s][info][gc,heap     ] GC(108) O:                Mark Start          Mark End        Relocate Start      Relocate End    
[2026-06-18T14:29:47.273+0800][39.081s][info][gc,heap     ] GC(108) O:      Used:        4M (2%)           16M (6%)           16M (6%)           14M (5%)     
[2026-06-18T14:29:47.274+0800][39.081s][info][gc,heap     ] GC(108) O:      Live:         -                 0M (0%)            0M (0%)            0M (0%)     
[2026-06-18T14:29:47.274+0800][39.081s][info][gc,heap     ] GC(108) O:   Garbage:         -                 3M (1%)            3M (1%)            0M (0%)     
[2026-06-18T14:29:47.274+0800][39.082s][info][gc,heap     ] GC(108) O: Allocated:         -                12M (5%)           12M (5%)           13M (5%)     
[2026-06-18T14:29:47.274+0800][39.082s][info][gc,heap     ] GC(108) O: Reclaimed:         -                  -                 0M (0%)            3M (1%)     
[2026-06-18T14:29:47.275+0800][39.082s][info][gc,heap     ] GC(108) O: Compacted:         -                  -                  -                 0M (0%)     
[2026-06-18T14:29:47.275+0800][39.082s][info][gc,phases   ] GC(108) O: Old Generation 78M(30%)->76M(30%) 0.006s
[2026-06-18T14:29:47.275+0800][39.083s][info][gc          ] GC(108) Major Collection (Proactive) 112M(44%)->80M(31%) 0.037s
[2026-06-18T14:29:47.659+0800][39.466s][info][gc          ] GC(109) Minor Collection (High Usage)
[2026-06-18T14:29:47.660+0800][39.467s][info][gc,task     ] GC(109) Using 1 Workers for Young Generation
[2026-06-18T14:29:47.661+0800][39.468s][info][gc,phases   ] GC(109) y: Young Generation
[2026-06-18T14:29:47.661+0800][39.469s][info][gc,phases   ] GC(109) y: Pause Mark Start 0.012ms
[2026-06-18T14:29:47.663+0800][39.470s][info][gc,phases   ] GC(109) y: Concurrent Mark 0.536ms
[2026-06-18T14:29:47.663+0800][39.471s][info][gc,phases   ] GC(109) y: Pause Mark End 0.006ms
[2026-06-18T14:29:47.664+0800][39.471s][info][gc,phases   ] GC(109) y: Concurrent Mark Free 0.002ms
[2026-06-18T14:29:47.664+0800][39.471s][info][gc,phases   ] GC(109) y: Concurrent Reset Relocation Set 0.003ms
[2026-06-18T14:29:47.664+0800][39.472s][info][gc,reloc    ] GC(109) y: Using tenuring threshold: 1 (Computed)
[2026-06-18T14:29:47.665+0800][39.473s][info][gc,phases   ] GC(109) y: Concurrent Select Relocation Set 0.783ms
[2026-06-18T14:29:47.666+0800][39.473s][info][gc,phases   ] GC(109) y: Pause Relocate Start 0.007ms
[2026-06-18T14:29:47.668+0800][39.475s][info][gc,phases   ] GC(109) y: Concurrent Relocate 1.328ms
[2026-06-18T14:29:47.668+0800][39.475s][info][gc,alloc    ] GC(109) y:                         Mark Start        Mark End      Relocate Start    Relocate End   
[2026-06-18T14:29:47.668+0800][39.476s][info][gc,alloc    ] GC(109) y: Allocation Stalls:          0                0                0                0         
[2026-06-18T14:29:47.669+0800][39.476s][info][gc,load     ] GC(109) y: Load: 0.36 (2%) / 0.32 (1%) / 0.30 (1%)
[2026-06-18T14:29:47.669+0800][39.476s][info][gc,mmu      ] GC(109) y: MMU: 2ms/97.5%, 5ms/98.6%, 10ms/99.3%, 20ms/99.6%, 50ms/99.8%, 100ms/99.9%
[2026-06-18T14:29:47.669+0800][39.477s][info][gc,marking  ] GC(109) y: Mark: 1 stripe(s), 1 proactive flush(es), 1 terminate flush(es), 0 completion(s), 0 continuation(s) 
[2026-06-18T14:29:47.670+0800][39.477s][info][gc,nmethod  ] GC(109) y: NMethods: 103 registered, 8 unregistered
[2026-06-18T14:29:47.670+0800][39.477s][info][gc,metaspace] GC(109) y: Metaspace: 0M used, 0M committed, 1088M reserved
[2026-06-18T14:29:47.670+0800][39.477s][info][gc,reloc    ] GC(109) y:                        Candidates     Selected     In-Place         Size        Empty    Relocated 
[2026-06-18T14:29:47.670+0800][39.478s][info][gc,reloc    ] GC(109) y: Small Pages:                   78           10            0         156M         130M           3M 
[2026-06-18T14:29:47.671+0800][39.478s][info][gc,reloc    ] GC(109) y: Medium Pages:                   7            2            0          56M          24M           2M 
[2026-06-18T14:29:47.671+0800][39.478s][info][gc,reloc    ] GC(109) y: Large Pages:                    4            0            0           8M           0M           0M 
[2026-06-18T14:29:47.671+0800][39.478s][info][gc,reloc    ] GC(109) y: Forwarding Usage: 0M
[2026-06-18T14:29:47.671+0800][39.479s][info][gc,reloc    ] GC(109) y: Age Table:
[2026-06-18T14:29:47.672+0800][39.479s][info][gc,reloc    ] GC(109) y:                    Live             Garbage             Small              Medium             Large        
[2026-06-18T14:29:47.672+0800][39.479s][info][gc,reloc    ] GC(109) y: Eden              18M (7%)          155M (61%)         73 / 10             3 / 1              2 / 0        
[2026-06-18T14:29:47.672+0800][39.480s][info][gc,reloc    ] GC(109) y: Survivor 1         0M (0%)           11M (4%)           2 / 0              1 / 1              0 / 0        
[2026-06-18T14:29:47.672+0800][39.480s][info][gc,reloc    ] GC(109) y: Survivor 2         4M (2%)           21M (8%)           3 / 0              2 / 0              2 / 0        
[2026-06-18T14:29:47.673+0800][39.480s][info][gc,reloc    ] GC(109) y: Survivor 3          -                 8M (3%)           0 / 0              1 / 0              0 / 0        
[2026-06-18T14:29:47.673+0800][39.480s][info][gc,heap     ] GC(109) y: Min Capacity: 256M(100%)
[2026-06-18T14:29:47.673+0800][39.481s][info][gc,heap     ] GC(109) y: Max Capacity: 256M(100%)
[2026-06-18T14:29:47.673+0800][39.481s][info][gc,heap     ] GC(109) y: Soft Max Capacity: 256M(100%)
[2026-06-18T14:29:47.674+0800][39.481s][info][gc,heap     ] GC(109) y: Heap Statistics:
[2026-06-18T14:29:47.674+0800][39.481s][info][gc,heap     ] GC(109) y:                Mark Start          Mark End        Relocate Start      Relocate End           High               Low         
[2026-06-18T14:29:47.674+0800][39.481s][info][gc,heap     ] GC(109) y:  Capacity:      256M (100%)        256M (100%)        256M (100%)        256M (100%)        256M (100%)        256M (100%)   
[2026-06-18T14:29:47.674+0800][39.482s][info][gc,heap     ] GC(109) y:      Free:       22M (9%)           22M (9%)          176M (69%)         204M (80%)         204M (80%)          22M (9%)     
[2026-06-18T14:29:47.675+0800][39.482s][info][gc,heap     ] GC(109) y:      Used:      234M (91%)         234M (91%)          80M (31%)          52M (20%)         234M (91%)          52M (20%)    
[2026-06-18T14:29:47.675+0800][39.482s][info][gc,heap     ] GC(109) y: Young Generation Statistics:
[2026-06-18T14:29:47.675+0800][39.482s][info][gc,heap     ] GC(109) y:                Mark Start          Mark End        Relocate Start      Relocate End    
[2026-06-18T14:29:47.675+0800][39.483s][info][gc,heap     ] GC(109) y:      Used:      220M (86%)         220M (86%)          62M (24%)          26M (10%)    
[2026-06-18T14:29:47.676+0800][39.483s][info][gc,heap     ] GC(109) y:      Live:         -                24M (9%)           20M (8%)           18M (7%)     
[2026-06-18T14:29:47.676+0800][39.483s][info][gc,heap     ] GC(109) y:   Garbage:         -               195M (76%)          41M (16%)           0M (0%)     
[2026-06-18T14:29:47.676+0800][39.483s][info][gc,heap     ] GC(109) y: Allocated:         -                 0M (0%)            0M (0%)            7M (3%)     
[2026-06-18T14:29:47.676+0800][39.483s][info][gc,heap     ] GC(109) y: Reclaimed:         -                  -               154M (60%)         195M (76%)    
[2026-06-18T14:29:47.676+0800][39.484s][info][gc,heap     ] GC(109) y:  Promoted:         -                  -                 4M (2%)            5M (2%)     
[2026-06-18T14:29:47.677+0800][39.484s][info][gc,heap     ] GC(109) y: Compacted:         -                  -                  -                 6M (3%)     
[2026-06-18T14:29:47.677+0800][39.484s][info][gc,phases   ] GC(109) y: Young Generation 234M(91%)->52M(20%) 0.008s
[2026-06-18T14:29:47.677+0800][39.484s][info][gc          ] GC(109) Minor Collection (High Usage) 234M(91%)->56M(22%) 0.018s
[2026-06-18T14:29:48.099+0800][39.906s][info][gc          ] GC(110) Minor Collection (High Usage)
[2026-06-18T14:29:48.100+0800][39.907s][info][gc,task     ] GC(110) Using 1 Workers for Young Generation
[2026-06-18T14:29:48.102+0800][39.909s][info][gc,phases   ] GC(110) y: Young Generation
[2026-06-18T14:29:48.105+0800][39.912s][info][gc,phases   ] GC(110) y: Pause Mark Start 0.016ms
[2026-06-18T14:29:48.111+0800][39.918s][info][gc,phases   ] GC(110) y: Concurrent Mark 0.878ms
[2026-06-18T14:29:48.114+0800][39.921s][info][gc,phases   ] GC(110) y: Pause Mark End 0.015ms
[2026-06-18T14:29:48.117+0800][39.924s][info][gc,phases   ] GC(110) y: Concurrent Mark Free 0.002ms
[2026-06-18T14:29:48.121+0800][39.928s][info][gc,phases   ] GC(110) y: Concurrent Reset Relocation Set 0.004ms
[2026-06-18T14:29:48.121+0800][39.928s][info][gc,task     ] Adjusting Workers for Young Generation: 1 -> 2
[2026-06-18T14:29:48.122+0800][39.929s][info][gc,reloc    ] GC(110) y: Using tenuring threshold: 2 (Computed)
[2026-06-18T14:29:48.123+0800][39.931s][info][gc,phases   ] GC(110) y: Concurrent Select Relocation Set 1.327ms
[2026-06-18T14:29:48.124+0800][39.931s][info][gc,phases   ] GC(110) y: Pause Relocate Start 0.010ms
[2026-06-18T14:29:48.125+0800][39.932s][info][gc,phases   ] GC(110) y: Concurrent Relocate 0.621ms
[2026-06-18T14:29:48.125+0800][39.933s][info][gc,alloc    ] GC(110) y:                         Mark Start        Mark End      Relocate Start    Relocate End   
[2026-06-18T14:29:48.126+0800][39.933s][info][gc,alloc    ] GC(110) y: Allocation Stalls:          0                0                0                0         
[2026-06-18T14:29:48.126+0800][39.933s][info][gc,load     ] GC(110) y: Load: 0.36 (2%) / 0.32 (1%) / 0.30 (1%)
[2026-06-18T14:29:48.127+0800][39.934s][info][gc,mmu      ] GC(110) y: MMU: 2ms/97.5%, 5ms/98.6%, 10ms/99.3%, 20ms/99.6%, 50ms/99.8%, 100ms/99.9%
[2026-06-18T14:29:48.127+0800][39.934s][info][gc,marking  ] GC(110) y: Mark: 1 stripe(s), 2 proactive flush(es), 1 terminate flush(es), 0 completion(s), 0 continuation(s) 
[2026-06-18T14:29:48.128+0800][39.935s][info][gc,nmethod  ] GC(110) y: NMethods: 103 registered, 8 unregistered
[2026-06-18T14:29:48.128+0800][39.935s][info][gc,metaspace] GC(110) y: Metaspace: 0M used, 0M committed, 1088M reserved
[2026-06-18T14:29:48.128+0800][39.935s][info][gc,reloc    ] GC(110) y:                        Candidates     Selected     In-Place         Size        Empty    Relocated 
[2026-06-18T14:29:48.128+0800][39.936s][info][gc,reloc    ] GC(110) y: Small Pages:                   81           10            0         162M         136M           3M 
[2026-06-18T14:29:48.129+0800][39.936s][info][gc,reloc    ] GC(110) y: Medium Pages:                   5            1            0          40M          16M           0M 
[2026-06-18T14:29:48.129+0800][39.936s][info][gc,reloc    ] GC(110) y: Large Pages:                    3            0            0           6M           0M           0M 
[2026-06-18T14:29:48.129+0800][39.936s][info][gc,reloc    ] GC(110) y: Forwarding Usage: 0M
[2026-06-18T14:29:48.129+0800][39.937s][info][gc,reloc    ] GC(110) y: Age Table:
[2026-06-18T14:29:48.130+0800][39.937s][info][gc,reloc    ] GC(110) y:                    Live             Garbage             Small              Medium             Large        
[2026-06-18T14:29:48.130+0800][39.937s][info][gc,reloc    ] GC(110) y: Eden              15M (6%)          166M (65%)         78 / 10             3 / 1              1 / 0        
[2026-06-18T14:29:48.130+0800][39.937s][info][gc,reloc    ] GC(110) y: Survivor 1         4M (2%)           22M (9%)           3 / 0              2 / 0              2 / 0        
[2026-06-18T14:29:48.130+0800][39.938s][info][gc,heap     ] GC(110) y: Min Capacity: 256M(100%)
[2026-06-18T14:29:48.131+0800][39.938s][info][gc,heap     ] GC(110) y: Max Capacity: 256M(100%)
[2026-06-18T14:29:48.131+0800][39.938s][info][gc,heap     ] GC(110) y: Soft Max Capacity: 256M(100%)
[2026-06-18T14:29:48.131+0800][39.939s][info][gc,heap     ] GC(110) y: Heap Statistics:
[2026-06-18T14:29:48.132+0800][39.939s][info][gc,heap     ] GC(110) y:                Mark Start          Mark End        Relocate Start      Relocate End           High               Low         
[2026-06-18T14:29:48.132+0800][39.939s][info][gc,heap     ] GC(110) y:  Capacity:      256M (100%)        256M (100%)        256M (100%)        256M (100%)        256M (100%)        256M (100%)   
[2026-06-18T14:29:48.132+0800][39.940s][info][gc,heap     ] GC(110) y:      Free:       22M (9%)           18M (7%)          166M (65%)         194M (76%)         194M (76%)          14M (5%)     
[2026-06-18T14:29:48.133+0800][39.940s][info][gc,heap     ] GC(110) y:      Used:      234M (91%)         238M (93%)          90M (35%)          62M (24%)         242M (95%)          62M (24%)    
[2026-06-18T14:29:48.133+0800][39.940s][info][gc,heap     ] GC(110) y: Young Generation Statistics:
[2026-06-18T14:29:48.133+0800][39.941s][info][gc,heap     ] GC(110) y:                Mark Start          Mark End        Relocate Start      Relocate End    
[2026-06-18T14:29:48.133+0800][39.941s][info][gc,heap     ] GC(110) y:      Used:      208M (81%)         212M (83%)          64M (25%)          36M (14%)    
[2026-06-18T14:29:48.134+0800][39.941s][info][gc,heap     ] GC(110) y:      Live:         -                19M (7%)           19M (7%)           19M (7%)     
[2026-06-18T14:29:48.134+0800][39.941s][info][gc,heap     ] GC(110) y:   Garbage:         -               188M (74%)          36M (14%)           1M (1%)     
[2026-06-18T14:29:48.134+0800][39.942s][info][gc,heap     ] GC(110) y: Allocated:         -                 4M (2%)            8M (3%)           15M (6%)     
[2026-06-18T14:29:48.135+0800][39.942s][info][gc,heap     ] GC(110) y: Reclaimed:         -                  -               152M (59%)         187M (73%)    
[2026-06-18T14:29:48.135+0800][39.942s][info][gc,heap     ] GC(110) y:  Promoted:         -                  -                 0M (0%)            0M (0%)     
[2026-06-18T14:29:48.135+0800][39.943s][info][gc,heap     ] GC(110) y: Compacted:         -                  -                  -                 6M (3%)     
[2026-06-18T14:29:48.136+0800][39.943s][info][gc,phases   ] GC(110) y: Young Generation 234M(91%)->62M(24%) 0.023s
[2026-06-18T14:29:48.136+0800][39.943s][info][gc          ] GC(110) Minor Collection (High Usage) 234M(91%)->76M(30%) 0.037s
[2026-06-18T14:29:48.477+0800][40.284s][info][gc          ] GC(111) Major Collection (Allocation Rate)
[2026-06-18T14:29:48.478+0800][40.285s][info][gc,task     ] GC(111) Using 2 Workers for Young Generation
[2026-06-18T14:29:48.478+0800][40.286s][info][gc,task     ] GC(111) Using 1 Workers for Old Generation
[2026-06-18T14:29:48.479+0800][40.286s][info][gc,phases   ] GC(111) Y: Young Generation
[2026-06-18T14:29:48.479+0800][40.287s][info][gc,phases   ] GC(111) Y: Pause Mark Start (Major) 0.014ms
[2026-06-18T14:29:48.481+0800][40.288s][info][gc,phases   ] GC(111) Y: Concurrent Mark 0.500ms
[2026-06-18T14:29:48.481+0800][40.289s][info][gc,phases   ] GC(111) Y: Pause Mark End 0.007ms
[2026-06-18T14:29:48.482+0800][40.289s][info][gc,phases   ] GC(111) Y: Concurrent Mark Free 0.001ms
[2026-06-18T14:29:48.482+0800][40.290s][info][gc,phases   ] GC(111) Y: Concurrent Reset Relocation Set 0.002ms
[2026-06-18T14:29:48.483+0800][40.290s][info][gc,reloc    ] GC(111) Y: Using tenuring threshold: 3 (Computed)
[2026-06-18T14:29:48.483+0800][40.291s][info][gc,phases   ] GC(111) Y: Concurrent Select Relocation Set 0.746ms
[2026-06-18T14:29:48.484+0800][40.291s][info][gc,phases   ] GC(111) Y: Pause Relocate Start 0.009ms
[2026-06-18T14:29:48.485+0800][40.293s][info][gc,phases   ] GC(111) Y: Concurrent Relocate 0.833ms
[2026-06-18T14:29:48.486+0800][40.293s][info][gc,alloc    ] GC(111) Y:                         Mark Start        Mark End      Relocate Start    Relocate End   
[2026-06-18T14:29:48.486+0800][40.293s][info][gc,alloc    ] GC(111) Y: Allocation Stalls:          0                0                0                0         
[2026-06-18T14:29:48.486+0800][40.294s][info][gc,load     ] GC(111) Y: Load: 0.36 (2%) / 0.32 (1%) / 0.30 (1%)
[2026-06-18T14:29:48.487+0800][40.294s][info][gc,mmu      ] GC(111) Y: MMU: 2ms/97.5%, 5ms/98.6%, 10ms/99.3%, 20ms/99.6%, 50ms/99.8%, 100ms/99.9%
[2026-06-18T14:29:48.487+0800][40.294s][info][gc,marking  ] GC(111) Y: Mark: 2 stripe(s), 1 proactive flush(es), 1 terminate flush(es), 0 completion(s), 0 continuation(s) 
[2026-06-18T14:29:48.487+0800][40.295s][info][gc,nmethod  ] GC(111) Y: NMethods: 103 registered, 8 unregistered
[2026-06-18T14:29:48.488+0800][40.295s][info][gc,metaspace] GC(111) Y: Metaspace: 0M used, 0M committed, 1088M reserved
[2026-06-18T14:29:48.488+0800][40.295s][info][gc,reloc    ] GC(111) Y:                        Candidates     Selected     In-Place         Size        Empty    Relocated 
[2026-06-18T14:29:48.488+0800][40.296s][info][gc,reloc    ] GC(111) Y: Small Pages:                   70           14            0         140M         104M           4M 
[2026-06-18T14:29:48.488+0800][40.296s][info][gc,reloc    ] GC(111) Y: Medium Pages:                   5            2            0          40M           8M           3M 
[2026-06-18T14:29:48.489+0800][40.296s][info][gc,reloc    ] GC(111) Y: Large Pages:                    5            0            0          10M           0M           0M 
[2026-06-18T14:29:48.489+0800][40.296s][info][gc,reloc    ] GC(111) Y: Forwarding Usage: 0M
[2026-06-18T14:29:48.489+0800][40.297s][info][gc,reloc    ] GC(111) Y: Age Table:
[2026-06-18T14:29:48.490+0800][40.297s][info][gc,reloc    ] GC(111) Y:                    Live             Garbage             Small              Medium             Large        
[2026-06-18T14:29:48.490+0800][40.297s][info][gc,reloc    ] GC(111) Y: Eden              21M (8%)          140M (55%)         67 / 14             3 / 1              2 / 0        
[2026-06-18T14:29:48.490+0800][40.298s][info][gc,reloc    ] GC(111) Y: Survivor 1         2M (1%)           21M (8%)           3 / 0              2 / 1              1 / 0        
[2026-06-18T14:29:48.491+0800][40.298s][info][gc,reloc    ] GC(111) Y: Survivor 2         4M (2%)            0M (0%)           0 / 0              0 / 0              2 / 0        
[2026-06-18T14:29:48.491+0800][40.299s][info][gc,heap     ] GC(111) Y: Min Capacity: 256M(100%)
[2026-06-18T14:29:48.491+0800][40.299s][info][gc,heap     ] GC(111) Y: Max Capacity: 256M(100%)
[2026-06-18T14:29:48.492+0800][40.299s][info][gc,heap     ] GC(111) Y: Soft Max Capacity: 256M(100%)
[2026-06-18T14:29:48.492+0800][40.299s][info][gc,heap     ] GC(111) Y: Heap Statistics:
[2026-06-18T14:29:48.492+0800][40.300s][info][gc,heap     ] GC(111) Y:                Mark Start          Mark End        Relocate Start      Relocate End           High               Low         
[2026-06-18T14:29:48.492+0800][40.300s][info][gc,heap     ] GC(111) Y:  Capacity:      256M (100%)        256M (100%)        256M (100%)        256M (100%)        256M (100%)        256M (100%)   
[2026-06-18T14:29:48.493+0800][40.300s][info][gc,heap     ] GC(111) Y:      Free:       40M (16%)          40M (16%)         152M (59%)         188M (73%)         188M (73%)          40M (16%)    
[2026-06-18T14:29:48.493+0800][40.300s][info][gc,heap     ] GC(111) Y:      Used:      216M (84%)         216M (84%)         104M (41%)          68M (27%)         216M (84%)          68M (27%)    
[2026-06-18T14:29:48.493+0800][40.301s][info][gc,heap     ] GC(111) Y: Young Generation Statistics:
[2026-06-18T14:29:48.494+0800][40.301s][info][gc,heap     ] GC(111) Y:                Mark Start          Mark End        Relocate Start      Relocate End    
[2026-06-18T14:29:48.494+0800][40.301s][info][gc,heap     ] GC(111) Y:      Used:      190M (74%)         190M (74%)          78M (30%)          42M (16%)    
[2026-06-18T14:29:48.494+0800][40.301s][info][gc,heap     ] GC(111) Y:      Live:         -                28M (11%)          28M (11%)          28M (11%)    
[2026-06-18T14:29:48.494+0800][40.302s][info][gc,heap     ] GC(111) Y:   Garbage:         -               161M (63%)          49M (19%)           0M (0%)     
[2026-06-18T14:29:48.494+0800][40.302s][info][gc,heap     ] GC(111) Y: Allocated:         -                 0M (0%)            0M (0%)           13M (5%)     
[2026-06-18T14:29:48.495+0800][40.302s][info][gc,heap     ] GC(111) Y: Reclaimed:         -                  -               112M (44%)         161M (63%)    
[2026-06-18T14:29:48.495+0800][40.302s][info][gc,heap     ] GC(111) Y:  Promoted:         -                  -                 0M (0%)            0M (0%)     
[2026-06-18T14:29:48.495+0800][40.303s][info][gc,heap     ] GC(111) Y: Compacted:         -                  -                  -                10M (4%)     
[2026-06-18T14:29:48.496+0800][40.303s][info][gc,phases   ] GC(111) Y: Young Generation 216M(84%)->68M(27%) 0.007s
[2026-06-18T14:29:48.496+0800][40.304s][info][gc,phases   ] GC(111) O: Old Generation
[2026-06-18T14:29:48.498+0800][40.305s][info][gc,phases   ] GC(111) O: Concurrent Mark 1.320ms
[2026-06-18T14:29:48.499+0800][40.306s][info][gc,phases   ] GC(111) O: Pause Mark End 0.012ms
[2026-06-18T14:29:48.499+0800][40.306s][info][gc,phases   ] GC(111) O: Concurrent Mark Free 0.002ms
[2026-06-18T14:29:48.500+0800][40.307s][info][gc,phases   ] GC(111) O: Concurrent Process Non-Strong 0.319ms
[2026-06-18T14:29:48.500+0800][40.307s][info][gc,phases   ] GC(111) O: Concurrent Reset Relocation Set 0.001ms
[2026-06-18T14:29:48.500+0800][40.308s][info][gc,phases   ] GC(111) O: Concurrent Select Relocation Set 0.055ms
[2026-06-18T14:29:48.501+0800][40.308s][info][gc,task     ] GC(111) O: Using 2 Workers for Old Generation
[2026-06-18T14:29:48.501+0800][40.309s][info][gc,task     ] GC(111) O: Using 1 Workers for Old Generation
[2026-06-18T14:29:48.503+0800][40.310s][info][gc,phases   ] GC(111) O: Concurrent Remap Roots 2.076ms
[2026-06-18T14:29:48.503+0800][40.311s][info][gc,phases   ] GC(111) O: Pause Relocate Start 0.012ms
[2026-06-18T14:29:48.504+0800][40.311s][info][gc,phases   ] GC(111) O: Concurrent Relocate 0.075ms
[2026-06-18T14:29:48.504+0800][40.312s][info][gc,alloc    ] GC(111) O:                         Mark Start        Mark End      Relocate Start    Relocate End   
[2026-06-18T14:29:48.504+0800][40.312s][info][gc,alloc    ] GC(111) O: Allocation Stalls:          0                0                0                0         
[2026-06-18T14:29:48.505+0800][40.312s][info][gc,load     ] GC(111) O: Load: 0.36 (2%) / 0.32 (1%) / 0.30 (1%)
[2026-06-18T14:29:48.505+0800][40.313s][info][gc,mmu      ] GC(111) O: MMU: 2ms/97.5%, 5ms/98.6%, 10ms/99.3%, 20ms/99.6%, 50ms/99.8%, 100ms/99.9%
[2026-06-18T14:29:48.505+0800][40.313s][info][gc,marking  ] GC(111) O: Mark: 1 stripe(s), 2 proactive flush(es), 1 terminate flush(es), 0 completion(s), 0 continuation(s) 
[2026-06-18T14:29:48.506+0800][40.313s][info][gc,nmethod  ] GC(111) O: NMethods: 103 registered, 8 unregistered
[2026-06-18T14:29:48.506+0800][40.313s][info][gc,metaspace] GC(111) O: Metaspace: 0M used, 0M committed, 1088M reserved
[2026-06-18T14:29:48.506+0800][40.314s][info][gc,ref      ] GC(111) O:                       Encountered   Discovered     Enqueued 
[2026-06-18T14:29:48.507+0800][40.314s][info][gc,ref      ] GC(111) O: Soft References:                2            0            0 
[2026-06-18T14:29:48.507+0800][40.314s][info][gc,ref      ] GC(111) O: Weak References:                6            0            0 
[2026-06-18T14:29:48.507+0800][40.315s][info][gc,ref      ] GC(111) O: Final References:               0            0            0 
[2026-06-18T14:29:48.508+0800][40.315s][info][gc,ref      ] GC(111) O: Phantom References:             1            1            0 
[2026-06-18T14:29:48.508+0800][40.315s][info][gc,reloc    ] GC(111) O:                        Candidates     Selected     In-Place         Size        Empty    Relocated 
[2026-06-18T14:29:48.508+0800][40.316s][info][gc,reloc    ] GC(111) O: Small Pages:                    1            0            0           2M           0M           0M 
[2026-06-18T14:29:48.509+0800][40.316s][info][gc,reloc    ] GC(111) O: Medium Pages:                   2            0            0          16M           8M           0M 
[2026-06-18T14:29:48.509+0800][40.316s][info][gc,reloc    ] GC(111) O: Large Pages:                    4            0            0           8M           4M           0M 
[2026-06-18T14:29:48.509+0800][40.317s][info][gc,reloc    ] GC(111) O: Forwarding Usage: 0M
[2026-06-18T14:29:48.510+0800][40.317s][info][gc,heap     ] GC(111) O: Min Capacity: 256M(100%)
[2026-06-18T14:29:48.510+0800][40.317s][info][gc,heap     ] GC(111) O: Max Capacity: 256M(100%)
[2026-06-18T14:29:48.510+0800][40.318s][info][gc,heap     ] GC(111) O: Soft Max Capacity: 256M(100%)
[2026-06-18T14:29:48.511+0800][40.318s][info][gc,heap     ] GC(111) O: Heap Statistics:
[2026-06-18T14:29:48.511+0800][40.318s][info][gc,heap     ] GC(111) O:                Mark Start          Mark End        Relocate Start      Relocate End           High               Low         
[2026-06-18T14:29:48.511+0800][40.319s][info][gc,heap     ] GC(111) O:  Capacity:      256M (100%)        256M (100%)        256M (100%)        256M (100%)        256M (100%)        256M (100%)   
[2026-06-18T14:29:48.512+0800][40.319s][info][gc,heap     ] GC(111) O:      Free:       40M (16%)         178M (70%)         190M (74%)         190M (74%)         190M (74%)          40M (16%)    
[2026-06-18T14:29:48.512+0800][40.319s][info][gc,heap     ] GC(111) O:      Used:      216M (84%)          78M (30%)          66M (26%)          66M (26%)         216M (84%)          66M (26%)    
[2026-06-18T14:29:48.512+0800][40.320s][info][gc,heap     ] GC(111) O: Old Generation Statistics:
[2026-06-18T14:29:48.513+0800][40.320s][info][gc,heap     ] GC(111) O:                Mark Start          Mark End        Relocate Start      Relocate End    
[2026-06-18T14:29:48.513+0800][40.320s][info][gc,heap     ] GC(111) O:      Used:       26M (10%)          26M (10%)          14M (5%)           14M (5%)     
[2026-06-18T14:29:48.514+0800][40.321s][info][gc,heap     ] GC(111) O:      Live:         -                 6M (2%)            6M (2%)            6M (2%)     
[2026-06-18T14:29:48.514+0800][40.321s][info][gc,heap     ] GC(111) O:   Garbage:         -                19M (8%)            7M (3%)            7M (3%)     
[2026-06-18T14:29:48.514+0800][40.322s][info][gc,heap     ] GC(111) O: Allocated:         -                 0M (0%)            0M (0%)            0M (0%)     
[2026-06-18T14:29:48.515+0800][40.322s][info][gc,heap     ] GC(111) O: Reclaimed:         -                  -                12M (5%)           12M (5%)     
[2026-06-18T14:29:48.515+0800][40.322s][info][gc,heap     ] GC(111) O: Compacted:         -                  -                  -                 0M (0%)     
[2026-06-18T14:29:48.515+0800][40.323s][info][gc,phases   ] GC(111) O: Old Generation 74M(29%)->66M(26%) 0.008s
[2026-06-18T14:29:48.516+0800][40.323s][info][gc          ] GC(111) Major Collection (Allocation Rate) 216M(84%)->78M(30%) 0.039s
[2026-06-18T14:29:48.876+0800][40.683s][info][gc          ] GC(112) Minor Collection (Allocation Rate)
[2026-06-18T14:29:48.878+0800][40.685s][info][gc,task     ] GC(112) Using 2 Workers for Young Generation
[2026-06-18T14:29:48.880+0800][40.687s][info][gc,phases   ] GC(112) y: Young Generation
[2026-06-18T14:29:48.884+0800][40.691s][info][gc,phases   ] GC(112) y: Pause Mark Start 0.017ms
[2026-06-18T14:29:48.886+0800][40.693s][info][gc,phases   ] GC(112) y: Concurrent Mark 0.390ms
[2026-06-18T14:29:48.888+0800][40.695s][info][gc,phases   ] GC(112) y: Pause Mark End 0.008ms
[2026-06-18T14:29:48.889+0800][40.696s][info][gc,phases   ] GC(112) y: Concurrent Mark Free 0.001ms
[2026-06-18T14:29:48.889+0800][40.697s][info][gc,phases   ] GC(112) y: Concurrent Reset Relocation Set 0.003ms
[2026-06-18T14:29:48.890+0800][40.698s][info][gc,reloc    ] GC(112) y: Using tenuring threshold: 4 (Computed)
[2026-06-18T14:29:48.891+0800][40.698s][info][gc,phases   ] GC(112) y: Concurrent Select Relocation Set 0.640ms
[2026-06-18T14:29:48.891+0800][40.699s][info][gc,phases   ] GC(112) y: Pause Relocate Start 0.009ms
[2026-06-18T14:29:48.892+0800][40.700s][info][gc,phases   ] GC(112) y: Concurrent Relocate 0.489ms
[2026-06-18T14:29:48.893+0800][40.700s][info][gc,alloc    ] GC(112) y:                         Mark Start        Mark End      Relocate Start    Relocate End   
[2026-06-18T14:29:48.893+0800][40.701s][info][gc,alloc    ] GC(112) y: Allocation Stalls:          0                0                0                0         
[2026-06-18T14:29:48.894+0800][40.701s][info][gc,load     ] GC(112) y: Load: 0.36 (2%) / 0.32 (1%) / 0.30 (1%)
[2026-06-18T14:29:48.894+0800][40.702s][info][gc,mmu      ] GC(112) y: MMU: 2ms/97.5%, 5ms/98.6%, 10ms/99.3%, 20ms/99.6%, 50ms/99.8%, 100ms/99.9%
[2026-06-18T14:29:48.895+0800][40.702s][info][gc,marking  ] GC(112) y: Mark: 2 stripe(s), 1 proactive flush(es), 1 terminate flush(es), 0 completion(s), 0 continuation(s) 
[2026-06-18T14:29:48.895+0800][40.703s][info][gc,nmethod  ] GC(112) y: NMethods: 103 registered, 8 unregistered
[2026-06-18T14:29:48.896+0800][40.703s][info][gc,metaspace] GC(112) y: Metaspace: 0M used, 0M committed, 1088M reserved
[2026-06-18T14:29:48.896+0800][40.703s][info][gc,reloc    ] GC(112) y:                        Candidates     Selected     In-Place         Size        Empty    Relocated 
[2026-06-18T14:29:48.896+0800][40.704s][info][gc,reloc    ] GC(112) y: Small Pages:                   74            9            0         148M         124M           3M 
[2026-06-18T14:29:48.896+0800][40.704s][info][gc,reloc    ] GC(112) y: Medium Pages:                   5            1            0          40M          16M           0M 
[2026-06-18T14:29:48.897+0800][40.704s][info][gc,reloc    ] GC(112) y: Large Pages:                    8            0            0          16M           2M           0M 
[2026-06-18T14:29:48.897+0800][40.705s][info][gc,reloc    ] GC(112) y: Forwarding Usage: 0M
[2026-06-18T14:29:48.897+0800][40.705s][info][gc,reloc    ] GC(112) y: Age Table:
[2026-06-18T14:29:48.898+0800][40.705s][info][gc,reloc    ] GC(112) y:                    Live             Garbage             Small              Medium             Large        
[2026-06-18T14:29:48.898+0800][40.705s][info][gc,reloc    ] GC(112) y: Eden              17M (7%)          144M (56%)         70 / 9              2 / 0              3 / 0        
[2026-06-18T14:29:48.898+0800][40.706s][info][gc,reloc    ] GC(112) y: Survivor 1         4M (2%)           24M (9%)           4 / 0              2 / 0              2 / 0        
[2026-06-18T14:29:48.898+0800][40.706s][info][gc,reloc    ] GC(112) y: Survivor 2         2M (1%)            7M (3%)           0 / 0              1 / 1              1 / 0        
[2026-06-18T14:29:48.899+0800][40.706s][info][gc,reloc    ] GC(112) y: Survivor 3         2M (1%)            2M (1%)           0 / 0              0 / 0              2 / 0        
[2026-06-18T14:29:48.899+0800][40.706s][info][gc,heap     ] GC(112) y: Min Capacity: 256M(100%)
[2026-06-18T14:29:48.899+0800][40.707s][info][gc,heap     ] GC(112) y: Max Capacity: 256M(100%)
[2026-06-18T14:29:48.899+0800][40.707s][info][gc,heap     ] GC(112) y: Soft Max Capacity: 256M(100%)
[2026-06-18T14:29:48.900+0800][40.707s][info][gc,heap     ] GC(112) y: Heap Statistics:
[2026-06-18T14:29:48.900+0800][40.707s][info][gc,heap     ] GC(112) y:                Mark Start          Mark End        Relocate Start      Relocate End           High               Low         
[2026-06-18T14:29:48.900+0800][40.708s][info][gc,heap     ] GC(112) y:  Capacity:      256M (100%)        256M (100%)        256M (100%)        256M (100%)        256M (100%)        256M (100%)   
[2026-06-18T14:29:48.900+0800][40.708s][info][gc,heap     ] GC(112) y:      Free:       38M (15%)          26M (10%)         168M (66%)         184M (72%)         184M (72%)          26M (10%)    
[2026-06-18T14:29:48.901+0800][40.708s][info][gc,heap     ] GC(112) y:      Used:      218M (85%)         230M (90%)          88M (34%)          72M (28%)         230M (90%)          72M (28%)    
[2026-06-18T14:29:48.901+0800][40.708s][info][gc,heap     ] GC(112) y: Young Generation Statistics:
[2026-06-18T14:29:48.901+0800][40.709s][info][gc,heap     ] GC(112) y:                Mark Start          Mark End        Relocate Start      Relocate End    
[2026-06-18T14:29:48.902+0800][40.709s][info][gc,heap     ] GC(112) y:      Used:      204M (80%)         216M (84%)          74M (29%)          58M (23%)    
[2026-06-18T14:29:48.902+0800][40.709s][info][gc,heap     ] GC(112) y:      Live:         -                26M (10%)          26M (10%)          26M (10%)    
[2026-06-18T14:29:48.902+0800][40.710s][info][gc,heap     ] GC(112) y:   Garbage:         -               177M (69%)          35M (14%)           1M (1%)     
[2026-06-18T14:29:48.902+0800][40.710s][info][gc,heap     ] GC(112) y: Allocated:         -                12M (5%)           12M (5%)           29M (12%)    
[2026-06-18T14:29:48.903+0800][40.710s][info][gc,heap     ] GC(112) y: Reclaimed:         -                  -               142M (55%)         175M (69%)    
[2026-06-18T14:29:48.903+0800][40.711s][info][gc,heap     ] GC(112) y:  Promoted:         -                  -                 0M (0%)            0M (0%)     
[2026-06-18T14:29:48.903+0800][40.711s][info][gc,heap     ] GC(112) y: Compacted:         -                  -                  -                 6M (2%)     
[2026-06-18T14:29:48.904+0800][40.711s][info][gc,phases   ] GC(112) y: Young Generation 218M(85%)->72M(28%) 0.013s
[2026-06-18T14:29:48.904+0800][40.711s][info][gc          ] GC(112) Minor Collection (Allocation Rate) 218M(85%)->76M(30%) 0.028s
[2026-06-18T14:29:49.296+0800][41.103s][info][gc          ] GC(113) Minor Collection (Allocation Rate)
[2026-06-18T14:29:49.297+0800][41.104s][info][gc,task     ] GC(113) Using 1 Workers for Young Generation
[2026-06-18T14:29:49.297+0800][41.105s][info][gc,phases   ] GC(113) y: Young Generation
[2026-06-18T14:29:49.298+0800][41.105s][info][gc,phases   ] GC(113) y: Pause Mark Start 0.012ms
[2026-06-18T14:29:49.299+0800][41.106s][info][gc,phases   ] GC(113) y: Concurrent Mark 0.454ms
[2026-06-18T14:29:49.300+0800][41.107s][info][gc,phases   ] GC(113) y: Pause Mark End 0.008ms
[2026-06-18T14:29:49.300+0800][41.108s][info][gc,phases   ] GC(113) y: Concurrent Mark Free 0.001ms
[2026-06-18T14:29:49.301+0800][41.109s][info][gc,phases   ] GC(113) y: Concurrent Reset Relocation Set 0.003ms
[2026-06-18T14:29:49.302+0800][41.109s][info][gc,reloc    ] GC(113) y: Using tenuring threshold: 5 (Computed)
[2026-06-18T14:29:49.303+0800][41.110s][info][gc,phases   ] GC(113) y: Concurrent Select Relocation Set 0.800ms
[2026-06-18T14:29:49.303+0800][41.111s][info][gc,phases   ] GC(113) y: Pause Relocate Start 0.009ms
[2026-06-18T14:29:49.305+0800][41.113s][info][gc,phases   ] GC(113) y: Concurrent Relocate 1.361ms
[2026-06-18T14:29:49.306+0800][41.113s][info][gc,alloc    ] GC(113) y:                         Mark Start        Mark End      Relocate Start    Relocate End   
[2026-06-18T14:29:49.306+0800][41.114s][info][gc,alloc    ] GC(113) y: Allocation Stalls:          0                0                0                0         
[2026-06-18T14:29:49.307+0800][41.115s][info][gc,load     ] GC(113) y: Load: 0.36 (2%) / 0.32 (1%) / 0.30 (1%)
[2026-06-18T14:29:49.308+0800][41.115s][info][gc,mmu      ] GC(113) y: MMU: 2ms/97.5%, 5ms/98.6%, 10ms/99.3%, 20ms/99.6%, 50ms/99.8%, 100ms/99.9%
[2026-06-18T14:29:49.308+0800][41.115s][info][gc,marking  ] GC(113) y: Mark: 1 stripe(s), 1 proactive flush(es), 1 terminate flush(es), 0 completion(s), 0 continuation(s) 
[2026-06-18T14:29:49.308+0800][41.116s][info][gc,nmethod  ] GC(113) y: NMethods: 103 registered, 8 unregistered
[2026-06-18T14:29:49.309+0800][41.116s][info][gc,metaspace] GC(113) y: Metaspace: 0M used, 0M committed, 1088M reserved
[2026-06-18T14:29:49.309+0800][41.116s][info][gc,reloc    ] GC(113) y:                        Candidates     Selected     In-Place         Size        Empty    Relocated 
[2026-06-18T14:29:49.309+0800][41.117s][info][gc,reloc    ] GC(113) y: Small Pages:                   79           16            0         158M         116M           4M 
[2026-06-18T14:29:49.310+0800][41.117s][info][gc,reloc    ] GC(113) y: Medium Pages:                   6            2            0          48M          16M           4M 
[2026-06-18T14:29:49.310+0800][41.117s][info][gc,reloc    ] GC(113) y: Large Pages:                    7            0            0          14M           0M           0M 
[2026-06-18T14:29:49.310+0800][41.117s][info][gc,reloc    ] GC(113) y: Forwarding Usage: 0M
[2026-06-18T14:29:49.310+0800][41.118s][info][gc,reloc    ] GC(113) y: Age Table:
[2026-06-18T14:29:49.311+0800][41.118s][info][gc,reloc    ] GC(113) y:                    Live             Garbage             Small              Medium             Large        
[2026-06-18T14:29:49.311+0800][41.118s][info][gc,reloc    ] GC(113) y: Eden              20M (8%)          153M (60%)         75 / 16             3 / 1              0 / 0        
[2026-06-18T14:29:49.311+0800][41.119s][info][gc,reloc    ] GC(113) y: Survivor 1         6M (2%)           24M (9%)           4 / 0              2 / 0              3 / 0        
[2026-06-18T14:29:49.316+0800][41.123s][info][gc,reloc    ] GC(113) y: Survivor 2         4M (2%)            0M (0%)           0 / 0              0 / 0              2 / 0        
[2026-06-18T14:29:49.316+0800][41.124s][info][gc,reloc    ] GC(113) y: Survivor 3         2M (1%)            7M (3%)           0 / 0              1 / 1              1 / 0        
[2026-06-18T14:29:49.317+0800][41.124s][info][gc,reloc    ] GC(113) y: Survivor 4         2M (1%)            0M (0%)           0 / 0              0 / 0              1 / 0        
[2026-06-18T14:29:49.317+0800][41.125s][info][gc,heap     ] GC(113) y: Min Capacity: 256M(100%)
[2026-06-18T14:29:49.318+0800][41.125s][info][gc,heap     ] GC(113) y: Max Capacity: 256M(100%)
[2026-06-18T14:29:49.318+0800][41.125s][info][gc,heap     ] GC(113) y: Soft Max Capacity: 256M(100%)
[2026-06-18T14:29:49.318+0800][41.125s][info][gc,heap     ] GC(113) y: Heap Statistics:
[2026-06-18T14:29:49.318+0800][41.126s][info][gc,heap     ] GC(113) y:                Mark Start          Mark End        Relocate Start      Relocate End           High               Low         
[2026-06-18T14:29:49.319+0800][41.127s][info][gc,heap     ] GC(113) y:  Capacity:      256M (100%)        256M (100%)        256M (100%)        256M (100%)        256M (100%)        256M (100%)   
[2026-06-18T14:29:49.320+0800][41.127s][info][gc,heap     ] GC(113) y:      Free:       22M (9%)           22M (9%)          154M (60%)         194M (76%)         194M (76%)          22M (9%)     
[2026-06-18T14:29:49.320+0800][41.127s][info][gc,heap     ] GC(113) y:      Used:      234M (91%)         234M (91%)         102M (40%)          62M (24%)         234M (91%)          62M (24%)    
[2026-06-18T14:29:49.320+0800][41.127s][info][gc,heap     ] GC(113) y: Young Generation Statistics:
[2026-06-18T14:29:49.320+0800][41.128s][info][gc,heap     ] GC(113) y:                Mark Start          Mark End        Relocate Start      Relocate End    
[2026-06-18T14:29:49.321+0800][41.128s][info][gc,heap     ] GC(113) y:      Used:      220M (86%)         220M (86%)          88M (34%)          48M (19%)    
[2026-06-18T14:29:49.321+0800][41.128s][info][gc,heap     ] GC(113) y:      Live:         -                35M (14%)          35M (14%)          35M (14%)    
[2026-06-18T14:29:49.321+0800][41.129s][info][gc,heap     ] GC(113) y:   Garbage:         -               184M (72%)          52M (21%)           0M (0%)     
[2026-06-18T14:29:49.322+0800][41.129s][info][gc,heap     ] GC(113) y: Allocated:         -                 0M (0%)            0M (0%)           12M (5%)     
[2026-06-18T14:29:49.322+0800][41.129s][info][gc,heap     ] GC(113) y: Reclaimed:         -                  -               132M (52%)         184M (72%)    
[2026-06-18T14:29:49.322+0800][41.129s][info][gc,heap     ] GC(113) y:  Promoted:         -                  -                 0M (0%)            0M (0%)     
[2026-06-18T14:29:49.322+0800][41.130s][info][gc,heap     ] GC(113) y: Compacted:         -                  -                  -                13M (5%)     
[2026-06-18T14:29:49.323+0800][41.130s][info][gc,phases   ] GC(113) y: Young Generation 234M(91%)->62M(24%) 0.009s
[2026-06-18T14:29:49.323+0800][41.130s][info][gc          ] GC(113) Minor Collection (Allocation Rate) 224M(88%)->70M(27%) 0.027s
[2026-06-18T14:29:49.726+0800][41.533s][info][gc          ] GC(114) Minor Collection (Allocation Rate)
[2026-06-18T14:29:49.727+0800][41.534s][info][gc,task     ] GC(114) Using 2 Workers for Young Generation
[2026-06-18T14:29:49.727+0800][41.535s][info][gc,phases   ] GC(114) y: Young Generation
[2026-06-18T14:29:49.728+0800][41.535s][info][gc,phases   ] GC(114) y: Pause Mark Start 0.010ms
[2026-06-18T14:29:49.729+0800][41.537s][info][gc,phases   ] GC(114) y: Concurrent Mark 0.832ms
[2026-06-18T14:29:49.730+0800][41.537s][info][gc,phases   ] GC(114) y: Pause Mark End 0.019ms
[2026-06-18T14:29:49.731+0800][41.538s][info][gc,phases   ] GC(114) y: Concurrent Mark Free 0.001ms
[2026-06-18T14:29:49.731+0800][41.538s][info][gc,phases   ] GC(114) y: Concurrent Reset Relocation Set 0.002ms
[2026-06-18T14:29:49.732+0800][41.539s][info][gc,reloc    ] GC(114) y: Using tenuring threshold: 2 (Computed)
[2026-06-18T14:29:49.732+0800][41.540s][info][gc,phases   ] GC(114) y: Concurrent Select Relocation Set 0.751ms
[2026-06-18T14:29:49.733+0800][41.540s][info][gc,phases   ] GC(114) y: Pause Relocate Start 0.008ms
[2026-06-18T14:29:49.734+0800][41.541s][info][gc,phases   ] GC(114) y: Concurrent Relocate 0.618ms
[2026-06-18T14:29:49.734+0800][41.541s][info][gc,alloc    ] GC(114) y:                         Mark Start        Mark End      Relocate Start    Relocate End   
[2026-06-18T14:29:49.734+0800][41.542s][info][gc,alloc    ] GC(114) y: Allocation Stalls:          0                0                0                0         
[2026-06-18T14:29:49.735+0800][41.542s][info][gc,load     ] GC(114) y: Load: 0.36 (2%) / 0.32 (1%) / 0.30 (1%)
[2026-06-18T14:29:49.735+0800][41.542s][info][gc,mmu      ] GC(114) y: MMU: 2ms/97.5%, 5ms/98.6%, 10ms/99.3%, 20ms/99.6%, 50ms/99.8%, 100ms/99.9%
[2026-06-18T14:29:49.735+0800][41.542s][info][gc,marking  ] GC(114) y: Mark: 2 stripe(s), 1 proactive flush(es), 1 terminate flush(es), 0 completion(s), 0 continuation(s) 
[2026-06-18T14:29:49.735+0800][41.543s][info][gc,nmethod  ] GC(114) y: NMethods: 103 registered, 8 unregistered
[2026-06-18T14:29:49.736+0800][41.543s][info][gc,metaspace] GC(114) y: Metaspace: 0M used, 0M committed, 1088M reserved
[2026-06-18T14:29:49.736+0800][41.543s][info][gc,reloc    ] GC(114) y:                        Candidates     Selected     In-Place         Size        Empty    Relocated 
[2026-06-18T14:29:49.736+0800][41.544s][info][gc,reloc    ] GC(114) y: Small Pages:                   81           14            0         162M         126M           2M 
[2026-06-18T14:29:49.737+0800][41.544s][info][gc,reloc    ] GC(114) y: Medium Pages:                   5            2            0          40M           8M           3M 
[2026-06-18T14:29:49.737+0800][41.544s][info][gc,reloc    ] GC(114) y: Large Pages:                    8            0            0          16M           8M           0M 
[2026-06-18T14:29:49.737+0800][41.545s][info][gc,reloc    ] GC(114) y: Forwarding Usage: 0M
[2026-06-18T14:29:49.738+0800][41.545s][info][gc,reloc    ] GC(114) y: Age Table:
[2026-06-18T14:29:49.738+0800][41.545s][info][gc,reloc    ] GC(114) y:                    Live             Garbage             Small              Medium             Large        
[2026-06-18T14:29:49.738+0800][41.546s][info][gc,reloc    ] GC(114) y: Eden              18M (7%)          151M (59%)         76 / 14             2 / 1              1 / 0        
[2026-06-18T14:29:49.738+0800][41.546s][info][gc,reloc    ] GC(114) y: Survivor 1         1M (1%)           24M (10%)          5 / 0              2 / 1              0 / 0        
[2026-06-18T14:29:49.739+0800][41.546s][info][gc,reloc    ] GC(114) y: Survivor 2         6M (2%)            0M (0%)           0 / 0              0 / 0              3 / 0        
[2026-06-18T14:29:49.739+0800][41.546s][info][gc,reloc    ] GC(114) y: Survivor 3          -                 4M (2%)           0 / 0              0 / 0              2 / 0        
[2026-06-18T14:29:49.739+0800][41.547s][info][gc,reloc    ] GC(114) y: Survivor 4          -                10M (4%)           0 / 0              1 / 0              1 / 0        
[2026-06-18T14:29:49.739+0800][41.547s][info][gc,reloc    ] GC(114) y: Survivor 5          -                 2M (1%)           0 / 0              0 / 0              1 / 0        
[2026-06-18T14:29:49.740+0800][41.547s][info][gc,heap     ] GC(114) y: Min Capacity: 256M(100%)
[2026-06-18T14:29:49.740+0800][41.547s][info][gc,heap     ] GC(114) y: Max Capacity: 256M(100%)
[2026-06-18T14:29:49.740+0800][41.547s][info][gc,heap     ] GC(114) y: Soft Max Capacity: 256M(100%)
[2026-06-18T14:29:49.740+0800][41.548s][info][gc,heap     ] GC(114) y: Heap Statistics:
[2026-06-18T14:29:49.741+0800][41.548s][info][gc,heap     ] GC(114) y:                Mark Start          Mark End        Relocate Start      Relocate End           High               Low         
[2026-06-18T14:29:49.741+0800][41.548s][info][gc,heap     ] GC(114) y:  Capacity:      256M (100%)        256M (100%)        256M (100%)        256M (100%)        256M (100%)        256M (100%)   
[2026-06-18T14:29:49.741+0800][41.549s][info][gc,heap     ] GC(114) y:      Free:       24M (9%)           24M (9%)          166M (65%)         200M (78%)         200M (78%)          24M (9%)     
[2026-06-18T14:29:49.741+0800][41.549s][info][gc,heap     ] GC(114) y:      Used:      232M (91%)         232M (91%)          90M (35%)          56M (22%)         232M (91%)          56M (22%)    
[2026-06-18T14:29:49.742+0800][41.549s][info][gc,heap     ] GC(114) y: Young Generation Statistics:
[2026-06-18T14:29:49.742+0800][41.549s][info][gc,heap     ] GC(114) y:                Mark Start          Mark End        Relocate Start      Relocate End    
[2026-06-18T14:29:49.742+0800][41.550s][info][gc,heap     ] GC(114) y:      Used:      218M (85%)         218M (85%)          70M (27%)          36M (14%)    
[2026-06-18T14:29:49.742+0800][41.550s][info][gc,heap     ] GC(114) y:      Live:         -                25M (10%)          19M (8%)           19M (8%)     
[2026-06-18T14:29:49.743+0800][41.550s][info][gc,heap     ] GC(114) y:   Garbage:         -               192M (75%)          50M (20%)           2M (1%)     
[2026-06-18T14:29:49.743+0800][41.550s][info][gc,heap     ] GC(114) y: Allocated:         -                 0M (0%)            0M (0%)           13M (5%)     
[2026-06-18T14:29:49.743+0800][41.551s][info][gc,heap     ] GC(114) y: Reclaimed:         -                  -               142M (55%)         189M (74%)    
[2026-06-18T14:29:49.744+0800][41.551s][info][gc,heap     ] GC(114) y:  Promoted:         -                  -                 6M (2%)            6M (2%)     
[2026-06-18T14:29:49.744+0800][41.551s][info][gc,heap     ] GC(114) y: Compacted:         -                  -                  -                 8M (3%)     
[2026-06-18T14:29:49.744+0800][41.552s][info][gc,phases   ] GC(114) y: Young Generation 232M(91%)->56M(22%) 0.007s
[2026-06-18T14:29:49.745+0800][41.552s][info][gc          ] GC(114) Minor Collection (Allocation Rate) 232M(91%)->70M(27%) 0.019s
[2026-06-18T14:29:49.799+0800][41.606s][info][gc          ] GC(115) Major Collection (Proactive)
[2026-06-18T14:29:49.800+0800][41.607s][info][gc,task     ] GC(115) Using 1 Workers for Young Generation
[2026-06-18T14:29:49.800+0800][41.608s][info][gc,task     ] GC(115) Using 1 Workers for Old Generation
[2026-06-18T14:29:49.801+0800][41.608s][info][gc,phases   ] GC(115) Y: Young Generation
[2026-06-18T14:29:49.801+0800][41.609s][info][gc,phases   ] GC(115) Y: Pause Mark Start (Major) 0.011ms
[2026-06-18T14:29:49.803+0800][41.610s][info][gc,phases   ] GC(115) Y: Concurrent Mark 0.481ms
[2026-06-18T14:29:49.803+0800][41.611s][info][gc,phases   ] GC(115) Y: Pause Mark End 0.008ms
[2026-06-18T14:29:49.804+0800][41.611s][info][gc,phases   ] GC(115) Y: Concurrent Mark Free 0.001ms
[2026-06-18T14:29:49.805+0800][41.612s][info][gc,phases   ] GC(115) Y: Concurrent Reset Relocation Set 0.003ms
[2026-06-18T14:29:49.805+0800][41.613s][info][gc,reloc    ] GC(115) Y: Using tenuring threshold: 3 (Computed)
[2026-06-18T14:29:49.806+0800][41.613s][info][gc,phases   ] GC(115) Y: Concurrent Select Relocation Set 0.815ms
[2026-06-18T14:29:49.807+0800][41.614s][info][gc,phases   ] GC(115) Y: Pause Relocate Start 0.008ms
[2026-06-18T14:29:49.808+0800][41.615s][info][gc,phases   ] GC(115) Y: Concurrent Relocate 1.130ms
[2026-06-18T14:29:49.808+0800][41.616s][info][gc,alloc    ] GC(115) Y:                         Mark Start        Mark End      Relocate Start    Relocate End   
[2026-06-18T14:29:49.809+0800][41.616s][info][gc,alloc    ] GC(115) Y: Allocation Stalls:          0                0                0                0         
[2026-06-18T14:29:49.809+0800][41.616s][info][gc,load     ] GC(115) Y: Load: 0.36 (2%) / 0.32 (1%) / 0.30 (1%)
[2026-06-18T14:29:49.810+0800][41.617s][info][gc,mmu      ] GC(115) Y: MMU: 2ms/97.5%, 5ms/98.6%, 10ms/99.3%, 20ms/99.6%, 50ms/99.8%, 100ms/99.9%
[2026-06-18T14:29:49.810+0800][41.618s][info][gc,marking  ] GC(115) Y: Mark: 1 stripe(s), 1 proactive flush(es), 1 terminate flush(es), 0 completion(s), 0 continuation(s) 
[2026-06-18T14:29:49.811+0800][41.618s][info][gc,nmethod  ] GC(115) Y: NMethods: 103 registered, 8 unregistered
[2026-06-18T14:29:49.811+0800][41.618s][info][gc,metaspace] GC(115) Y: Metaspace: 0M used, 0M committed, 1088M reserved
[2026-06-18T14:29:49.811+0800][41.619s][info][gc,reloc    ] GC(115) Y:                        Candidates     Selected     In-Place         Size        Empty    Relocated 
[2026-06-18T14:29:49.812+0800][41.619s][info][gc,reloc    ] GC(115) Y: Small Pages:                   19            8            0          38M          16M           3M 
[2026-06-18T14:29:49.812+0800][41.619s][info][gc,reloc    ] GC(115) Y: Medium Pages:                   4            2            0          32M           0M           5M 
[2026-06-18T14:29:49.812+0800][41.620s][info][gc,reloc    ] GC(115) Y: Large Pages:                    1            0            0           2M           0M           0M 
[2026-06-18T14:29:49.812+0800][41.620s][info][gc,reloc    ] GC(115) Y: Forwarding Usage: 0M
[2026-06-18T14:29:49.813+0800][41.620s][info][gc,reloc    ] GC(115) Y: Age Table:
[2026-06-18T14:29:49.813+0800][41.620s][info][gc,reloc    ] GC(115) Y:                    Live             Garbage             Small              Medium             Large        
[2026-06-18T14:29:49.813+0800][41.620s][info][gc,reloc    ] GC(115) Y: Eden               6M (2%)           29M (12%)         14 / 6              1 / 1              0 / 0        
[2026-06-18T14:29:49.813+0800][41.621s][info][gc,reloc    ] GC(115) Y: Survivor 1         8M (3%)           19M (8%)           5 / 2              2 / 0              1 / 0        
[2026-06-18T14:29:49.814+0800][41.621s][info][gc,reloc    ] GC(115) Y: Survivor 2         1M (1%)            6M (2%)           0 / 0              1 / 1              0 / 0        
[2026-06-18T14:29:49.814+0800][41.621s][info][gc,heap     ] GC(115) Y: Min Capacity: 256M(100%)
[2026-06-18T14:29:49.814+0800][41.621s][info][gc,heap     ] GC(115) Y: Max Capacity: 256M(100%)
[2026-06-18T14:29:49.814+0800][41.622s][info][gc,heap     ] GC(115) Y: Soft Max Capacity: 256M(100%)
[2026-06-18T14:29:49.815+0800][41.622s][info][gc,heap     ] GC(115) Y: Heap Statistics:
[2026-06-18T14:29:49.815+0800][41.622s][info][gc,heap     ] GC(115) Y:                Mark Start          Mark End        Relocate Start      Relocate End           High               Low         
[2026-06-18T14:29:49.815+0800][41.622s][info][gc,heap     ] GC(115) Y:  Capacity:      256M (100%)        256M (100%)        256M (100%)        256M (100%)        256M (100%)        256M (100%)   
[2026-06-18T14:29:49.816+0800][41.623s][info][gc,heap     ] GC(115) Y:      Free:      164M (64%)         164M (64%)         180M (70%)         196M (77%)         196M (77%)         164M (64%)    
[2026-06-18T14:29:49.816+0800][41.624s][info][gc,heap     ] GC(115) Y:      Used:       92M (36%)          92M (36%)          76M (30%)          60M (23%)          92M (36%)          60M (23%)    
[2026-06-18T14:29:49.817+0800][41.624s][info][gc,heap     ] GC(115) Y: Young Generation Statistics:
[2026-06-18T14:29:49.817+0800][41.624s][info][gc,heap     ] GC(115) Y:                Mark Start          Mark End        Relocate Start      Relocate End    
[2026-06-18T14:29:49.817+0800][41.624s][info][gc,heap     ] GC(115) Y:      Used:       72M (28%)          72M (28%)          56M (22%)          40M (16%)    
[2026-06-18T14:29:49.817+0800][41.625s][info][gc,heap     ] GC(115) Y:      Live:         -                16M (6%)           16M (6%)           16M (6%)     
[2026-06-18T14:29:49.818+0800][41.625s][info][gc,heap     ] GC(115) Y:   Garbage:         -                55M (22%)          39M (16%)           4M (2%)     
[2026-06-18T14:29:49.818+0800][41.625s][info][gc,heap     ] GC(115) Y: Allocated:         -                 0M (0%)            0M (0%)           19M (8%)     
[2026-06-18T14:29:49.818+0800][41.625s][info][gc,heap     ] GC(115) Y: Reclaimed:         -                  -                16M (6%)           51M (20%)    
[2026-06-18T14:29:49.818+0800][41.626s][info][gc,heap     ] GC(115) Y:  Promoted:         -                  -                 0M (0%)            0M (0%)     
[2026-06-18T14:29:49.819+0800][41.626s][info][gc,heap     ] GC(115) Y: Compacted:         -                  -                  -                10M (4%)     
[2026-06-18T14:29:49.819+0800][41.626s][info][gc,phases   ] GC(115) Y: Young Generation 92M(36%)->60M(23%) 0.008s
[2026-06-18T14:29:49.819+0800][41.626s][info][gc,phases   ] GC(115) O: Old Generation
[2026-06-18T14:29:49.820+0800][41.628s][info][gc,phases   ] GC(115) O: Concurrent Mark 0.966ms
[2026-06-18T14:29:49.821+0800][41.628s][info][gc,phases   ] GC(115) O: Pause Mark End 0.010ms
[2026-06-18T14:29:49.821+0800][41.628s][info][gc,phases   ] GC(115) O: Concurrent Mark Free 0.002ms
[2026-06-18T14:29:49.822+0800][41.629s][info][gc,phases   ] GC(115) O: Concurrent Process Non-Strong 0.376ms
[2026-06-18T14:29:49.823+0800][41.630s][info][gc,phases   ] GC(115) O: Concurrent Reset Relocation Set 0.001ms
[2026-06-18T14:29:49.823+0800][41.630s][info][gc,phases   ] GC(115) O: Concurrent Select Relocation Set 0.052ms
[2026-06-18T14:29:49.823+0800][41.631s][info][gc,task     ] GC(115) O: Using 2 Workers for Old Generation
[2026-06-18T14:29:49.824+0800][41.631s][info][gc,task     ] GC(115) O: Using 1 Workers for Old Generation
[2026-06-18T14:29:49.824+0800][41.631s][info][gc,phases   ] GC(115) O: Concurrent Remap Roots 0.612ms
[2026-06-18T14:29:49.824+0800][41.632s][info][gc,phases   ] GC(115) O: Pause Relocate Start 0.008ms
[2026-06-18T14:29:49.825+0800][41.632s][info][gc,phases   ] GC(115) O: Concurrent Relocate 0.065ms
[2026-06-18T14:29:49.825+0800][41.632s][info][gc,alloc    ] GC(115) O:                         Mark Start        Mark End      Relocate Start    Relocate End   
[2026-06-18T14:29:49.825+0800][41.632s][info][gc,alloc    ] GC(115) O: Allocation Stalls:          0                0                0                0         
[2026-06-18T14:29:49.825+0800][41.633s][info][gc,load     ] GC(115) O: Load: 0.36 (2%) / 0.32 (1%) / 0.30 (1%)
[2026-06-18T14:29:49.826+0800][41.633s][info][gc,mmu      ] GC(115) O: MMU: 2ms/97.5%, 5ms/98.6%, 10ms/99.3%, 20ms/99.6%, 50ms/99.8%, 100ms/99.9%
[2026-06-18T14:29:49.826+0800][41.633s][info][gc,marking  ] GC(115) O: Mark: 1 stripe(s), 2 proactive flush(es), 1 terminate flush(es), 0 completion(s), 0 continuation(s) 
[2026-06-18T14:29:49.826+0800][41.633s][info][gc,nmethod  ] GC(115) O: NMethods: 103 registered, 8 unregistered
[2026-06-18T14:29:49.826+0800][41.634s][info][gc,metaspace] GC(115) O: Metaspace: 0M used, 0M committed, 1088M reserved
[2026-06-18T14:29:49.826+0800][41.634s][info][gc,ref      ] GC(115) O:                       Encountered   Discovered     Enqueued 
[2026-06-18T14:29:49.827+0800][41.634s][info][gc,ref      ] GC(115) O: Soft References:                2            0            0 
[2026-06-18T14:29:49.827+0800][41.634s][info][gc,ref      ] GC(115) O: Weak References:                6            0            0 
[2026-06-18T14:29:49.827+0800][41.634s][info][gc,ref      ] GC(115) O: Final References:               0            0            0 
[2026-06-18T14:29:49.827+0800][41.635s][info][gc,ref      ] GC(115) O: Phantom References:             1            1            0 
[2026-06-18T14:29:49.828+0800][41.635s][info][gc,reloc    ] GC(115) O:                        Candidates     Selected     In-Place         Size        Empty    Relocated 
[2026-06-18T14:29:49.828+0800][41.636s][info][gc,reloc    ] GC(115) O: Small Pages:                    1            0            0           2M           0M           0M 
[2026-06-18T14:29:49.829+0800][41.636s][info][gc,reloc    ] GC(115) O: Medium Pages:                   1            0            0           8M           8M           0M 
[2026-06-18T14:29:49.829+0800][41.636s][info][gc,reloc    ] GC(115) O: Large Pages:                    5            0            0          10M           4M           0M 
[2026-06-18T14:29:49.829+0800][41.637s][info][gc,reloc    ] GC(115) O: Forwarding Usage: 0M
[2026-06-18T14:29:49.830+0800][41.637s][info][gc,heap     ] GC(115) O: Min Capacity: 256M(100%)
[2026-06-18T14:29:49.830+0800][41.637s][info][gc,heap     ] GC(115) O: Max Capacity: 256M(100%)
[2026-06-18T14:29:49.830+0800][41.637s][info][gc,heap     ] GC(115) O: Soft Max Capacity: 256M(100%)
[2026-06-18T14:29:49.830+0800][41.638s][info][gc,heap     ] GC(115) O: Heap Statistics:
[2026-06-18T14:29:49.831+0800][41.638s][info][gc,heap     ] GC(115) O:                Mark Start          Mark End        Relocate Start      Relocate End           High               Low         
[2026-06-18T14:29:49.831+0800][41.638s][info][gc,heap     ] GC(115) O:  Capacity:      256M (100%)        256M (100%)        256M (100%)        256M (100%)        256M (100%)        256M (100%)   
[2026-06-18T14:29:49.831+0800][41.639s][info][gc,heap     ] GC(115) O:      Free:      164M (64%)         188M (73%)         200M (78%)         200M (78%)         200M (78%)         164M (64%)    
[2026-06-18T14:29:49.831+0800][41.639s][info][gc,heap     ] GC(115) O:      Used:       92M (36%)          68M (27%)          56M (22%)          56M (22%)          92M (36%)          56M (22%)    
[2026-06-18T14:29:49.832+0800][41.639s][info][gc,heap     ] GC(115) O: Old Generation Statistics:
[2026-06-18T14:29:49.832+0800][41.639s][info][gc,heap     ] GC(115) O:                Mark Start          Mark End        Relocate Start      Relocate End    
[2026-06-18T14:29:49.832+0800][41.640s][info][gc,heap     ] GC(115) O:      Used:       20M (8%)           20M (8%)            8M (3%)            8M (3%)     
[2026-06-18T14:29:49.832+0800][41.640s][info][gc,heap     ] GC(115) O:      Live:         -                 6M (3%)            6M (3%)            6M (3%)     
[2026-06-18T14:29:49.833+0800][41.640s][info][gc,heap     ] GC(115) O:   Garbage:         -                13M (5%)            1M (1%)            1M (1%)     
[2026-06-18T14:29:49.833+0800][41.640s][info][gc,heap     ] GC(115) O: Allocated:         -                 0M (0%)            0M (0%)            0M (0%)     
[2026-06-18T14:29:49.833+0800][41.641s][info][gc,heap     ] GC(115) O: Reclaimed:         -                  -                12M (5%)           12M (5%)     
[2026-06-18T14:29:49.834+0800][41.641s][info][gc,heap     ] GC(115) O: Compacted:         -                  -                  -                 0M (0%)     
[2026-06-18T14:29:49.834+0800][41.642s][info][gc,phases   ] GC(115) O: Old Generation 64M(25%)->56M(22%) 0.006s
[2026-06-18T14:29:49.835+0800][41.642s][info][gc          ] GC(115) Major Collection (Proactive) 92M(36%)->68M(27%) 0.036s
[2026-06-18T14:29:50.251+0800][42.058s][info][gc          ] GC(116) Minor Collection (High Usage)
[2026-06-18T14:29:50.253+0800][42.060s][info][gc,task     ] GC(116) Using 1 Workers for Young Generation
[2026-06-18T14:29:50.254+0800][42.061s][info][gc,phases   ] GC(116) y: Young Generation
[2026-06-18T14:29:50.255+0800][42.062s][info][gc,phases   ] GC(116) y: Pause Mark Start 0.014ms
[2026-06-18T14:29:50.256+0800][42.063s][info][gc,phases   ] GC(116) y: Concurrent Mark 0.573ms
[2026-06-18T14:29:50.257+0800][42.064s][info][gc,phases   ] GC(116) y: Pause Mark End 0.008ms
[2026-06-18T14:29:50.257+0800][42.065s][info][gc,phases   ] GC(116) y: Concurrent Mark Free 0.002ms
[2026-06-18T14:29:50.258+0800][42.065s][info][gc,phases   ] GC(116) y: Concurrent Reset Relocation Set 0.002ms
[2026-06-18T14:29:50.259+0800][42.066s][info][gc,reloc    ] GC(116) y: Using tenuring threshold: 3 (Computed)
[2026-06-18T14:29:50.259+0800][42.067s][info][gc,phases   ] GC(116) y: Concurrent Select Relocation Set 0.652ms
[2026-06-18T14:29:50.260+0800][42.067s][info][gc,phases   ] GC(116) y: Pause Relocate Start 0.008ms
[2026-06-18T14:29:50.261+0800][42.069s][info][gc,phases   ] GC(116) y: Concurrent Relocate 1.267ms
[2026-06-18T14:29:50.262+0800][42.070s][info][gc,alloc    ] GC(116) y:                         Mark Start        Mark End      Relocate Start    Relocate End   
[2026-06-18T14:29:50.263+0800][42.070s][info][gc,alloc    ] GC(116) y: Allocation Stalls:          0                0                0                0         
[2026-06-18T14:29:50.263+0800][42.070s][info][gc,load     ] GC(116) y: Load: 0.36 (2%) / 0.32 (1%) / 0.30 (1%)
[2026-06-18T14:29:50.263+0800][42.071s][info][gc,mmu      ] GC(116) y: MMU: 2ms/97.5%, 5ms/98.6%, 10ms/99.3%, 20ms/99.6%, 50ms/99.8%, 100ms/99.9%
[2026-06-18T14:29:50.264+0800][42.072s][info][gc,marking  ] GC(116) y: Mark: 1 stripe(s), 1 proactive flush(es), 1 terminate flush(es), 0 completion(s), 0 continuation(s) 
[2026-06-18T14:29:50.265+0800][42.072s][info][gc,nmethod  ] GC(116) y: NMethods: 103 registered, 8 unregistered
[2026-06-18T14:29:50.265+0800][42.072s][info][gc,metaspace] GC(116) y: Metaspace: 0M used, 0M committed, 1088M reserved
[2026-06-18T14:29:50.265+0800][42.073s][info][gc,reloc    ] GC(116) y:                        Candidates     Selected     In-Place         Size        Empty    Relocated 
[2026-06-18T14:29:50.265+0800][42.073s][info][gc,reloc    ] GC(116) y: Small Pages:                   83           14            0         166M         128M           4M 
[2026-06-18T14:29:50.266+0800][42.073s][info][gc,reloc    ] GC(116) y: Medium Pages:                   7            3            0          56M           8M           5M 
[2026-06-18T14:29:50.266+0800][42.073s][info][gc,reloc    ] GC(116) y: Large Pages:                    2            0            0           4M           0M           0M 
[2026-06-18T14:29:50.266+0800][42.074s][info][gc,reloc    ] GC(116) y: Forwarding Usage: 0M
[2026-06-18T14:29:50.266+0800][42.074s][info][gc,reloc    ] GC(116) y: Age Table:
[2026-06-18T14:29:50.267+0800][42.074s][info][gc,reloc    ] GC(116) y:                    Live             Garbage             Small              Medium             Large        
[2026-06-18T14:29:50.267+0800][42.074s][info][gc,reloc    ] GC(116) y: Eden              22M (9%)          163M (64%)         80 / 14             3 / 1              1 / 0        
[2026-06-18T14:29:50.267+0800][42.075s][info][gc,reloc    ] GC(116) y: Survivor 1         0M (0%)           11M (4%)           2 / 0              1 / 1              0 / 0        
[2026-06-18T14:29:50.267+0800][42.075s][info][gc,reloc    ] GC(116) y: Survivor 2         2M (1%)           17M (7%)           1 / 0              2 / 0              1 / 0        
[2026-06-18T14:29:50.268+0800][42.075s][info][gc,reloc    ] GC(116) y: Survivor 3         1M (1%)            6M (2%)           0 / 0              1 / 1              0 / 0        
[2026-06-18T14:29:50.268+0800][42.075s][info][gc,heap     ] GC(116) y: Min Capacity: 256M(100%)
[2026-06-18T14:29:50.268+0800][42.075s][info][gc,heap     ] GC(116) y: Max Capacity: 256M(100%)
[2026-06-18T14:29:50.270+0800][42.077s][info][gc,heap     ] GC(116) y: Soft Max Capacity: 256M(100%)
[2026-06-18T14:29:50.271+0800][42.078s][info][gc,heap     ] GC(116) y: Heap Statistics:
[2026-06-18T14:29:50.271+0800][42.079s][info][gc,heap     ] GC(116) y:                Mark Start          Mark End        Relocate Start      Relocate End           High               Low         
[2026-06-18T14:29:50.271+0800][42.079s][info][gc,heap     ] GC(116) y:  Capacity:      256M (100%)        256M (100%)        256M (100%)        256M (100%)        256M (100%)        256M (100%)   
[2026-06-18T14:29:50.272+0800][42.079s][info][gc,heap     ] GC(116) y:      Free:       22M (9%)           22M (9%)          158M (62%)         184M (72%)         186M (73%)          22M (9%)     
[2026-06-18T14:29:50.272+0800][42.079s][info][gc,heap     ] GC(116) y:      Used:      234M (91%)         234M (91%)          98M (38%)          72M (28%)         234M (91%)          70M (27%)    
[2026-06-18T14:29:50.272+0800][42.080s][info][gc,heap     ] GC(116) y: Young Generation Statistics:
[2026-06-18T14:29:50.273+0800][42.080s][info][gc,heap     ] GC(116) y:                Mark Start          Mark End        Relocate Start      Relocate End    
[2026-06-18T14:29:50.273+0800][42.080s][info][gc,heap     ] GC(116) y:      Used:      226M (88%)         226M (88%)          90M (35%)          56M (22%)    
[2026-06-18T14:29:50.273+0800][42.080s][info][gc,heap     ] GC(116) y:      Live:         -                28M (11%)          28M (11%)          26M (10%)    
[2026-06-18T14:29:50.273+0800][42.081s][info][gc,heap     ] GC(116) y:   Garbage:         -               197M (77%)          61M (24%)           6M (3%)     
[2026-06-18T14:29:50.273+0800][42.081s][info][gc,heap     ] GC(116) y: Allocated:         -                 0M (0%)            0M (0%)           23M (9%)     
[2026-06-18T14:29:50.274+0800][42.081s][info][gc,heap     ] GC(116) y: Reclaimed:         -                  -               136M (53%)         191M (75%)    
[2026-06-18T14:29:50.274+0800][42.081s][info][gc,heap     ] GC(116) y:  Promoted:         -                  -                 0M (0%)            1M (1%)     
[2026-06-18T14:29:50.274+0800][42.082s][info][gc,heap     ] GC(116) y: Compacted:         -                  -                  -                10M (4%)     
[2026-06-18T14:29:50.274+0800][42.082s][info][gc,phases   ] GC(116) y: Young Generation 234M(91%)->72M(28%) 0.008s
[2026-06-18T14:29:50.275+0800][42.082s][info][gc          ] GC(116) Minor Collection (High Usage) 234M(91%)->86M(34%) 0.024s
[2026-06-18T14:29:50.654+0800][42.462s][info][gc          ] GC(117) Minor Collection (High Usage)
[2026-06-18T14:29:50.656+0800][42.463s][info][gc,task     ] GC(117) Using 2 Workers for Young Generation
[2026-06-18T14:29:50.657+0800][42.464s][info][gc,phases   ] GC(117) y: Young Generation
[2026-06-18T14:29:50.658+0800][42.465s][info][gc,phases   ] GC(117) y: Pause Mark Start 0.016ms
[2026-06-18T14:29:50.659+0800][42.467s][info][gc,phases   ] GC(117) y: Concurrent Mark 0.534ms
[2026-06-18T14:29:50.660+0800][42.467s][info][gc,phases   ] GC(117) y: Pause Mark End 0.008ms
[2026-06-18T14:29:50.661+0800][42.468s][info][gc,phases   ] GC(117) y: Concurrent Mark Free 0.002ms
[2026-06-18T14:29:50.661+0800][42.468s][info][gc,phases   ] GC(117) y: Concurrent Reset Relocation Set 0.003ms
[2026-06-18T14:29:50.661+0800][42.469s][info][gc,reloc    ] GC(117) y: Using tenuring threshold: 3 (Computed)
[2026-06-18T14:29:50.662+0800][42.469s][info][gc,phases   ] GC(117) y: Concurrent Select Relocation Set 0.573ms
[2026-06-18T14:29:50.662+0800][42.470s][info][gc,phases   ] GC(117) y: Pause Relocate Start 0.005ms
[2026-06-18T14:29:50.664+0800][42.471s][info][gc,phases   ] GC(117) y: Concurrent Relocate 0.843ms
[2026-06-18T14:29:50.664+0800][42.472s][info][gc,alloc    ] GC(117) y:                         Mark Start        Mark End      Relocate Start    Relocate End   
[2026-06-18T14:29:50.665+0800][42.472s][info][gc,alloc    ] GC(117) y: Allocation Stalls:          0                0                0                0         
[2026-06-18T14:29:50.665+0800][42.472s][info][gc,load     ] GC(117) y: Load: 0.36 (2%) / 0.32 (1%) / 0.30 (1%)
[2026-06-18T14:29:50.665+0800][42.472s][info][gc,mmu      ] GC(117) y: MMU: 2ms/97.5%, 5ms/98.6%, 10ms/99.3%, 20ms/99.6%, 50ms/99.8%, 100ms/99.9%
[2026-06-18T14:29:50.665+0800][42.473s][info][gc,marking  ] GC(117) y: Mark: 2 stripe(s), 1 proactive flush(es), 1 terminate flush(es), 0 completion(s), 0 continuation(s) 
[2026-06-18T14:29:50.666+0800][42.473s][info][gc,nmethod  ] GC(117) y: NMethods: 103 registered, 8 unregistered
[2026-06-18T14:29:50.666+0800][42.473s][info][gc,metaspace] GC(117) y: Metaspace: 0M used, 0M committed, 1088M reserved
[2026-06-18T14:29:50.666+0800][42.474s][info][gc,reloc    ] GC(117) y:                        Candidates     Selected     In-Place         Size        Empty    Relocated 
[2026-06-18T14:29:50.667+0800][42.474s][info][gc,reloc    ] GC(117) y: Small Pages:                   75           10            0         150M         122M           3M 
[2026-06-18T14:29:50.667+0800][42.474s][info][gc,reloc    ] GC(117) y: Medium Pages:                   8            4            0          64M          16M           5M 
[2026-06-18T14:29:50.667+0800][42.474s][info][gc,reloc    ] GC(117) y: Large Pages:                    3            0            0           6M           0M           0M 
[2026-06-18T14:29:50.667+0800][42.475s][info][gc,reloc    ] GC(117) y: Forwarding Usage: 0M
[2026-06-18T14:29:50.668+0800][42.475s][info][gc,reloc    ] GC(117) y: Age Table:
[2026-06-18T14:29:50.668+0800][42.475s][info][gc,reloc    ] GC(117) y:                    Live             Garbage             Small              Medium             Large        
[2026-06-18T14:29:50.668+0800][42.475s][info][gc,reloc    ] GC(117) y: Eden              18M (7%)          147M (57%)         70 / 10             3 / 1              1 / 0        
[2026-06-18T14:29:50.668+0800][42.476s][info][gc,reloc    ] GC(117) y: Survivor 1         2M (1%)           33M (13%)          5 / 0              3 / 1              1 / 0        
[2026-06-18T14:29:50.668+0800][42.476s][info][gc,reloc    ] GC(117) y: Survivor 2         0M (0%)            7M (3%)           0 / 0              1 / 1              0 / 0        
[2026-06-18T14:29:50.669+0800][42.476s][info][gc,reloc    ] GC(117) y: Survivor 3         2M (1%)            7M (3%)           0 / 0              1 / 1              1 / 0        
[2026-06-18T14:29:50.669+0800][42.476s][info][gc,heap     ] GC(117) y: Min Capacity: 256M(100%)
[2026-06-18T14:29:50.669+0800][42.476s][info][gc,heap     ] GC(117) y: Max Capacity: 256M(100%)
[2026-06-18T14:29:50.669+0800][42.477s][info][gc,heap     ] GC(117) y: Soft Max Capacity: 256M(100%)
[2026-06-18T14:29:50.670+0800][42.477s][info][gc,heap     ] GC(117) y: Heap Statistics:
[2026-06-18T14:29:50.670+0800][42.477s][info][gc,heap     ] GC(117) y:                Mark Start          Mark End        Relocate Start      Relocate End           High               Low         
[2026-06-18T14:29:50.670+0800][42.478s][info][gc,heap     ] GC(117) y:  Capacity:      256M (100%)        256M (100%)        256M (100%)        256M (100%)        256M (100%)        256M (100%)   
[2026-06-18T14:29:50.671+0800][42.478s][info][gc,heap     ] GC(117) y:      Free:       20M (8%)           20M (8%)          158M (62%)         186M (73%)         186M (73%)          20M (8%)     
[2026-06-18T14:29:50.671+0800][42.478s][info][gc,heap     ] GC(117) y:      Used:      236M (92%)         236M (92%)          98M (38%)          70M (27%)         236M (92%)          70M (27%)    
[2026-06-18T14:29:50.671+0800][42.478s][info][gc,heap     ] GC(117) y: Young Generation Statistics:
[2026-06-18T14:29:50.671+0800][42.479s][info][gc,heap     ] GC(117) y:                Mark Start          Mark End        Relocate Start      Relocate End    
[2026-06-18T14:29:50.672+0800][42.479s][info][gc,heap     ] GC(117) y:      Used:      220M (86%)         220M (86%)          80M (31%)          44M (17%)    
[2026-06-18T14:29:50.672+0800][42.479s][info][gc,heap     ] GC(117) y:      Live:         -                25M (10%)          23M (9%)           22M (9%)     
[2026-06-18T14:29:50.672+0800][42.480s][info][gc,heap     ] GC(117) y:   Garbage:         -               194M (76%)          56M (22%)           1M (0%)     
[2026-06-18T14:29:50.672+0800][42.480s][info][gc,heap     ] GC(117) y: Allocated:         -                 0M (0%)            0M (0%)           20M (8%)     
[2026-06-18T14:29:50.673+0800][42.480s][info][gc,heap     ] GC(117) y: Reclaimed:         -                  -               138M (54%)         193M (76%)    
[2026-06-18T14:29:50.673+0800][42.480s][info][gc,heap     ] GC(117) y:  Promoted:         -                  -                 2M (1%)            2M (1%)     
[2026-06-18T14:29:50.673+0800][42.480s][info][gc,heap     ] GC(117) y: Compacted:         -                  -                  -                 9M (4%)     
[2026-06-18T14:29:50.673+0800][42.481s][info][gc,phases   ] GC(117) y: Young Generation 236M(92%)->70M(27%) 0.007s
[2026-06-18T14:29:50.674+0800][42.481s][info][gc          ] GC(117) Minor Collection (High Usage) 236M(92%)->74M(29%) 0.019s
[2026-06-18T14:29:50.770+0800][42.578s][info][gc          ] GC(118) Major Collection (Proactive)
[2026-06-18T14:29:50.772+0800][42.579s][info][gc,task     ] GC(118) Using 1 Workers for Young Generation
[2026-06-18T14:29:50.773+0800][42.581s][info][gc,task     ] GC(118) Using 1 Workers for Old Generation
[2026-06-18T14:29:50.775+0800][42.582s][info][gc,phases   ] GC(118) Y: Young Generation
[2026-06-18T14:29:50.776+0800][42.583s][info][gc,phases   ] GC(118) Y: Pause Mark Start (Major) 0.017ms
[2026-06-18T14:29:50.777+0800][42.584s][info][gc,phases   ] GC(118) Y: Concurrent Mark 0.653ms
[2026-06-18T14:29:50.778+0800][42.585s][info][gc,phases   ] GC(118) Y: Pause Mark End 0.009ms
[2026-06-18T14:29:50.778+0800][42.586s][info][gc,phases   ] GC(118) Y: Concurrent Mark Free 0.002ms
[2026-06-18T14:29:50.779+0800][42.587s][info][gc,phases   ] GC(118) Y: Concurrent Reset Relocation Set 0.004ms
[2026-06-18T14:29:50.780+0800][42.587s][info][gc,reloc    ] GC(118) Y: Using tenuring threshold: 4 (Computed)
[2026-06-18T14:29:50.780+0800][42.588s][info][gc,phases   ] GC(118) Y: Concurrent Select Relocation Set 0.646ms
[2026-06-18T14:29:50.781+0800][42.588s][info][gc,phases   ] GC(118) Y: Pause Relocate Start 0.008ms
[2026-06-18T14:29:50.783+0800][42.590s][info][gc,phases   ] GC(118) Y: Concurrent Relocate 1.077ms
[2026-06-18T14:29:50.783+0800][42.591s][info][gc,alloc    ] GC(118) Y:                         Mark Start        Mark End      Relocate Start    Relocate End   
[2026-06-18T14:29:50.784+0800][42.591s][info][gc,alloc    ] GC(118) Y: Allocation Stalls:          0                0                0                0         
[2026-06-18T14:29:50.784+0800][42.591s][info][gc,load     ] GC(118) Y: Load: 0.36 (2%) / 0.32 (1%) / 0.30 (1%)
[2026-06-18T14:29:50.784+0800][42.592s][info][gc,mmu      ] GC(118) Y: MMU: 2ms/97.5%, 5ms/98.6%, 10ms/99.3%, 20ms/99.6%, 50ms/99.8%, 100ms/99.9%
[2026-06-18T14:29:50.785+0800][42.592s][info][gc,marking  ] GC(118) Y: Mark: 1 stripe(s), 1 proactive flush(es), 1 terminate flush(es), 0 completion(s), 0 continuation(s) 
[2026-06-18T14:29:50.785+0800][42.593s][info][gc,nmethod  ] GC(118) Y: NMethods: 103 registered, 8 unregistered
[2026-06-18T14:29:50.786+0800][42.593s][info][gc,metaspace] GC(118) Y: Metaspace: 0M used, 0M committed, 1088M reserved
[2026-06-18T14:29:50.786+0800][42.593s][info][gc,reloc    ] GC(118) Y:                        Candidates     Selected     In-Place         Size        Empty    Relocated 
[2026-06-18T14:29:50.786+0800][42.594s][info][gc,reloc    ] GC(118) Y: Small Pages:                   24            6            0          48M          30M           2M 
[2026-06-18T14:29:50.787+0800][42.594s][info][gc,reloc    ] GC(118) Y: Medium Pages:                   5            3            0          40M           0M           5M 
[2026-06-18T14:29:50.787+0800][42.595s][info][gc,reloc    ] GC(118) Y: Large Pages:                    2            0            0           4M           0M           0M 
[2026-06-18T14:29:50.788+0800][42.595s][info][gc,reloc    ] GC(118) Y: Forwarding Usage: 0M
[2026-06-18T14:29:50.788+0800][42.595s][info][gc,reloc    ] GC(118) Y: Age Table:
[2026-06-18T14:29:50.788+0800][42.596s][info][gc,reloc    ] GC(118) Y:                    Live             Garbage             Small              Medium             Large        
[2026-06-18T14:29:50.788+0800][42.596s][info][gc,reloc    ] GC(118) Y: Eden               5M (2%)           42M (17%)         20 / 4              1 / 0              0 / 0        
[2026-06-18T14:29:50.789+0800][42.596s][info][gc,reloc    ] GC(118) Y: Survivor 1         9M (4%)           16M (7%)           4 / 2              2 / 2              1 / 0        
[2026-06-18T14:29:50.789+0800][42.596s][info][gc,reloc    ] GC(118) Y: Survivor 2         2M (1%)            7M (3%)           0 / 0              1 / 1              1 / 0        
[2026-06-18T14:29:50.789+0800][42.596s][info][gc,reloc    ] GC(118) Y: Survivor 3         0M (0%)            7M (3%)           0 / 0              1 / 0              0 / 0        
[2026-06-18T14:29:50.789+0800][42.597s][info][gc,heap     ] GC(118) Y: Min Capacity: 256M(100%)
[2026-06-18T14:29:50.790+0800][42.597s][info][gc,heap     ] GC(118) Y: Max Capacity: 256M(100%)
[2026-06-18T14:29:50.790+0800][42.597s][info][gc,heap     ] GC(118) Y: Soft Max Capacity: 256M(100%)
[2026-06-18T14:29:50.790+0800][42.597s][info][gc,heap     ] GC(118) Y: Heap Statistics:
[2026-06-18T14:29:50.791+0800][42.598s][info][gc,heap     ] GC(118) Y:                Mark Start          Mark End        Relocate Start      Relocate End           High               Low         
[2026-06-18T14:29:50.791+0800][42.598s][info][gc,heap     ] GC(118) Y:  Capacity:      256M (100%)        256M (100%)        256M (100%)        256M (100%)        256M (100%)        256M (100%)   
[2026-06-18T14:29:50.791+0800][42.599s][info][gc,heap     ] GC(118) Y:      Free:      138M (54%)         138M (54%)         164M (64%)         172M (67%)         172M (67%)         138M (54%)    
[2026-06-18T14:29:50.792+0800][42.599s][info][gc,heap     ] GC(118) Y:      Used:      118M (46%)         118M (46%)          92M (36%)          84M (33%)         118M (46%)          84M (33%)    
[2026-06-18T14:29:50.792+0800][42.599s][info][gc,heap     ] GC(118) Y: Young Generation Statistics:
[2026-06-18T14:29:50.792+0800][42.600s][info][gc,heap     ] GC(118) Y:                Mark Start          Mark End        Relocate Start      Relocate End    
[2026-06-18T14:29:50.792+0800][42.600s][info][gc,heap     ] GC(118) Y:      Used:       92M (36%)          92M (36%)          66M (26%)          58M (23%)    
[2026-06-18T14:29:50.793+0800][42.600s][info][gc,heap     ] GC(118) Y:      Live:         -                18M (7%)           18M (7%)           18M (7%)     
[2026-06-18T14:29:50.793+0800][42.600s][info][gc,heap     ] GC(118) Y:   Garbage:         -                73M (29%)          43M (17%)           5M (2%)     
[2026-06-18T14:29:50.793+0800][42.601s][info][gc,heap     ] GC(118) Y: Allocated:         -                 0M (0%)            4M (2%)           34M (13%)    
[2026-06-18T14:29:50.793+0800][42.601s][info][gc,heap     ] GC(118) Y: Reclaimed:         -                  -                30M (12%)          68M (27%)    
[2026-06-18T14:29:50.794+0800][42.601s][info][gc,heap     ] GC(118) Y:  Promoted:         -                  -                 0M (0%)            0M (0%)     
[2026-06-18T14:29:50.794+0800][42.601s][info][gc,heap     ] GC(118) Y: Compacted:         -                  -                  -                 9M (4%)     
[2026-06-18T14:29:50.794+0800][42.601s][info][gc,phases   ] GC(118) Y: Young Generation 118M(46%)->84M(33%) 0.009s
[2026-06-18T14:29:50.794+0800][42.602s][info][gc,phases   ] GC(118) O: Old Generation
[2026-06-18T14:29:50.795+0800][42.603s][info][gc,phases   ] GC(118) O: Concurrent Mark 0.919ms
[2026-06-18T14:29:50.796+0800][42.603s][info][gc,phases   ] GC(118) O: Pause Mark End 0.009ms
[2026-06-18T14:29:50.796+0800][42.603s][info][gc,phases   ] GC(118) O: Concurrent Mark Free 0.001ms
[2026-06-18T14:29:50.797+0800][42.605s][info][gc,phases   ] GC(118) O: Concurrent Process Non-Strong 0.399ms
[2026-06-18T14:29:50.798+0800][42.605s][info][gc,phases   ] GC(118) O: Concurrent Reset Relocation Set 0.000ms
[2026-06-18T14:29:50.798+0800][42.606s][info][gc,phases   ] GC(118) O: Concurrent Select Relocation Set 0.069ms
[2026-06-18T14:29:50.799+0800][42.606s][info][gc,task     ] GC(118) O: Using 2 Workers for Old Generation
[2026-06-18T14:29:50.799+0800][42.606s][info][gc,task     ] GC(118) O: Using 1 Workers for Old Generation
[2026-06-18T14:29:50.799+0800][42.607s][info][gc,phases   ] GC(118) O: Concurrent Remap Roots 0.578ms
[2026-06-18T14:29:50.799+0800][42.607s][info][gc,phases   ] GC(118) O: Pause Relocate Start 0.008ms
[2026-06-18T14:29:50.800+0800][42.607s][info][gc,phases   ] GC(118) O: Concurrent Relocate 0.061ms
[2026-06-18T14:29:50.800+0800][42.607s][info][gc,alloc    ] GC(118) O:                         Mark Start        Mark End      Relocate Start    Relocate End   
[2026-06-18T14:29:50.800+0800][42.608s][info][gc,alloc    ] GC(118) O: Allocation Stalls:          0                0                0                0         
[2026-06-18T14:29:50.800+0800][42.608s][info][gc,load     ] GC(118) O: Load: 0.36 (2%) / 0.32 (1%) / 0.30 (1%)
[2026-06-18T14:29:50.801+0800][42.608s][info][gc,mmu      ] GC(118) O: MMU: 2ms/97.5%, 5ms/98.6%, 10ms/99.3%, 20ms/99.6%, 50ms/99.8%, 100ms/99.9%
[2026-06-18T14:29:50.801+0800][42.608s][info][gc,marking  ] GC(118) O: Mark: 1 stripe(s), 2 proactive flush(es), 1 terminate flush(es), 0 completion(s), 0 continuation(s) 
[2026-06-18T14:29:50.801+0800][42.609s][info][gc,nmethod  ] GC(118) O: NMethods: 103 registered, 8 unregistered
[2026-06-18T14:29:50.801+0800][42.609s][info][gc,metaspace] GC(118) O: Metaspace: 0M used, 0M committed, 1088M reserved
[2026-06-18T14:29:50.802+0800][42.609s][info][gc,ref      ] GC(118) O:                       Encountered   Discovered     Enqueued 
[2026-06-18T14:29:50.802+0800][42.609s][info][gc,ref      ] GC(118) O: Soft References:                2            0            0 
[2026-06-18T14:29:50.802+0800][42.610s][info][gc,ref      ] GC(118) O: Weak References:                6            0            0 
[2026-06-18T14:29:50.803+0800][42.610s][info][gc,ref      ] GC(118) O: Final References:               0            0            0 
[2026-06-18T14:29:50.803+0800][42.611s][info][gc,ref      ] GC(118) O: Phantom References:             1            1            0 
[2026-06-18T14:29:50.804+0800][42.611s][info][gc,reloc    ] GC(118) O:                        Candidates     Selected     In-Place         Size        Empty    Relocated 
[2026-06-18T14:29:50.804+0800][42.611s][info][gc,reloc    ] GC(118) O: Small Pages:                    1            0            0           2M           0M           0M 
[2026-06-18T14:29:50.804+0800][42.611s][info][gc,reloc    ] GC(118) O: Medium Pages:                   2            0            0          16M           8M           0M 
[2026-06-18T14:29:50.804+0800][42.612s][info][gc,reloc    ] GC(118) O: Large Pages:                    4            0            0           8M           6M           0M 
[2026-06-18T14:29:50.805+0800][42.612s][info][gc,reloc    ] GC(118) O: Forwarding Usage: 0M
[2026-06-18T14:29:50.805+0800][42.612s][info][gc,heap     ] GC(118) O: Min Capacity: 256M(100%)
[2026-06-18T14:29:50.805+0800][42.612s][info][gc,heap     ] GC(118) O: Max Capacity: 256M(100%)
[2026-06-18T14:29:50.805+0800][42.613s][info][gc,heap     ] GC(118) O: Soft Max Capacity: 256M(100%)
[2026-06-18T14:29:50.805+0800][42.613s][info][gc,heap     ] GC(118) O: Heap Statistics:
[2026-06-18T14:29:50.806+0800][42.613s][info][gc,heap     ] GC(118) O:                Mark Start          Mark End        Relocate Start      Relocate End           High               Low         
[2026-06-18T14:29:50.806+0800][42.613s][info][gc,heap     ] GC(118) O:  Capacity:      256M (100%)        256M (100%)        256M (100%)        256M (100%)        256M (100%)        256M (100%)   
[2026-06-18T14:29:50.806+0800][42.613s][info][gc,heap     ] GC(118) O:      Free:      138M (54%)         170M (66%)         184M (72%)         184M (72%)         184M (72%)         138M (54%)    
[2026-06-18T14:29:50.806+0800][42.614s][info][gc,heap     ] GC(118) O:      Used:      118M (46%)          86M (34%)          72M (28%)          72M (28%)         118M (46%)          72M (28%)    
[2026-06-18T14:29:50.807+0800][42.614s][info][gc,heap     ] GC(118) O: Old Generation Statistics:
[2026-06-18T14:29:50.807+0800][42.614s][info][gc,heap     ] GC(118) O:                Mark Start          Mark End        Relocate Start      Relocate End    
[2026-06-18T14:29:50.807+0800][42.614s][info][gc,heap     ] GC(118) O:      Used:       26M (10%)          26M (10%)          12M (5%)           12M (5%)     
[2026-06-18T14:29:50.807+0800][42.615s][info][gc,heap     ] GC(118) O:      Live:         -                 3M (1%)            3M (1%)            3M (1%)     
[2026-06-18T14:29:50.807+0800][42.615s][info][gc,heap     ] GC(118) O:   Garbage:         -                22M (9%)            8M (3%)            8M (3%)     
[2026-06-18T14:29:50.808+0800][42.615s][info][gc,heap     ] GC(118) O: Allocated:         -                 0M (0%)            0M (0%)            0M (0%)     
[2026-06-18T14:29:50.808+0800][42.615s][info][gc,heap     ] GC(118) O: Reclaimed:         -                  -                14M (5%)           14M (5%)     
[2026-06-18T14:29:50.808+0800][42.616s][info][gc,heap     ] GC(118) O: Compacted:         -                  -                  -                 0M (0%)     
[2026-06-18T14:29:50.809+0800][42.616s][info][gc,phases   ] GC(118) O: Old Generation 86M(34%)->72M(28%) 0.006s
[2026-06-18T14:29:50.809+0800][42.616s][info][gc          ] GC(118) Major Collection (Proactive) 116M(45%)->76M(30%) 0.039s
[2026-06-18T14:29:51.192+0800][42.999s][info][gc          ] GC(119) Minor Collection (High Usage)
[2026-06-18T14:29:51.194+0800][43.001s][info][gc,task     ] GC(119) Using 1 Workers for Young Generation
[2026-06-18T14:29:51.197+0800][43.005s][info][gc,phases   ] GC(119) y: Young Generation
[2026-06-18T14:29:51.203+0800][43.011s][info][gc,phases   ] GC(119) y: Pause Mark Start 0.014ms
[2026-06-18T14:29:51.209+0800][43.017s][info][gc,phases   ] GC(119) y: Concurrent Mark 0.692ms
[2026-06-18T14:29:51.210+0800][43.018s][info][gc,phases   ] GC(119) y: Pause Mark End 0.012ms
[2026-06-18T14:29:51.211+0800][43.019s][info][gc,phases   ] GC(119) y: Concurrent Mark Free 0.001ms
[2026-06-18T14:29:51.214+0800][43.021s][info][gc,phases   ] GC(119) y: Concurrent Reset Relocation Set 0.002ms
[2026-06-18T14:29:51.212+0800][43.020s][info][gc,task     ] Adjusting Workers for Young Generation: 1 -> 2
[2026-06-18T14:29:51.217+0800][43.025s][info][gc,reloc    ] GC(119) y: Using tenuring threshold: 3 (Computed)
[2026-06-18T14:29:51.223+0800][43.030s][info][gc,phases   ] GC(119) y: Concurrent Select Relocation Set 5.869ms
[2026-06-18T14:29:51.226+0800][43.033s][info][gc,phases   ] GC(119) y: Pause Relocate Start 0.013ms
[2026-06-18T14:29:51.230+0800][43.037s][info][gc,phases   ] GC(119) y: Concurrent Relocate 1.359ms
[2026-06-18T14:29:51.234+0800][43.041s][info][gc,alloc    ] GC(119) y:                         Mark Start        Mark End      Relocate Start    Relocate End   
[2026-06-18T14:29:51.236+0800][43.043s][info][gc,alloc    ] GC(119) y: Allocation Stalls:          0                0                0                0         
[2026-06-18T14:29:51.237+0800][43.045s][info][gc,load     ] GC(119) y: Load: 0.33 (1%) / 0.32 (1%) / 0.30 (1%)
[2026-06-18T14:29:51.241+0800][43.049s][info][gc,mmu      ] GC(119) y: MMU: 2ms/97.5%, 5ms/98.6%, 10ms/99.3%, 20ms/99.6%, 50ms/99.8%, 100ms/99.9%
[2026-06-18T14:29:51.243+0800][43.050s][info][gc,marking  ] GC(119) y: Mark: 1 stripe(s), 1 proactive flush(es), 1 terminate flush(es), 0 completion(s), 0 continuation(s) 
[2026-06-18T14:29:51.244+0800][43.052s][info][gc,nmethod  ] GC(119) y: NMethods: 103 registered, 8 unregistered
[2026-06-18T14:29:51.246+0800][43.054s][info][gc,metaspace] GC(119) y: Metaspace: 0M used, 0M committed, 1088M reserved
[2026-06-18T14:29:51.248+0800][43.055s][info][gc,reloc    ] GC(119) y:                        Candidates     Selected     In-Place         Size        Empty    Relocated 
[2026-06-18T14:29:51.249+0800][43.056s][info][gc,reloc    ] GC(119) y: Small Pages:                   81           16            0         162M         120M           5M 
[2026-06-18T14:29:51.250+0800][43.057s][info][gc,reloc    ] GC(119) y: Medium Pages:                   7            2            0          56M          24M           5M 
[2026-06-18T14:29:51.251+0800][43.058s][info][gc,reloc    ] GC(119) y: Large Pages:                    4            0            0           8M           2M           0M 
[2026-06-18T14:29:51.252+0800][43.059s][info][gc,reloc    ] GC(119) y: Forwarding Usage: 0M
[2026-06-18T14:29:51.252+0800][43.060s][info][gc,reloc    ] GC(119) y: Age Table:
[2026-06-18T14:29:51.253+0800][43.060s][info][gc,reloc    ] GC(119) y:                    Live             Garbage             Small              Medium             Large        
[2026-06-18T14:29:51.254+0800][43.061s][info][gc,reloc    ] GC(119) y: Eden              23M (9%)          158M (62%)         77 / 16             3 / 1              2 / 0        
[2026-06-18T14:29:51.255+0800][43.063s][info][gc,reloc    ] GC(119) y: Survivor 1          -                12M (5%)           2 / 0              1 / 0              0 / 0        
[2026-06-18T14:29:51.256+0800][43.064s][info][gc,reloc    ] GC(119) y: Survivor 2         3M (1%)           10M (4%)           2 / 0              1 / 1              1 / 0        
[2026-06-18T14:29:51.257+0800][43.065s][info][gc,reloc    ] GC(119) y: Survivor 3          -                10M (4%)           0 / 0              1 / 0              1 / 0        
[2026-06-18T14:29:51.258+0800][43.065s][info][gc,reloc    ] GC(119) y: Survivor 4          -                 8M (3%)           0 / 0              1 / 0              0 / 0        
[2026-06-18T14:29:51.258+0800][43.066s][info][gc,heap     ] GC(119) y: Min Capacity: 256M(100%)
[2026-06-18T14:29:51.259+0800][43.066s][info][gc,heap     ] GC(119) y: Max Capacity: 256M(100%)
[2026-06-18T14:29:51.260+0800][43.067s][info][gc,heap     ] GC(119) y: Soft Max Capacity: 256M(100%)
[2026-06-18T14:29:51.261+0800][43.068s][info][gc,heap     ] GC(119) y: Heap Statistics:
[2026-06-18T14:29:51.261+0800][43.069s][info][gc,heap     ] GC(119) y:                Mark Start          Mark End        Relocate Start      Relocate End           High               Low         
[2026-06-18T14:29:51.262+0800][43.070s][info][gc,heap     ] GC(119) y:  Capacity:      256M (100%)        256M (100%)        256M (100%)        256M (100%)        256M (100%)        256M (100%)   
[2026-06-18T14:29:51.263+0800][43.071s][info][gc,heap     ] GC(119) y:      Free:       18M (7%)           18M (7%)          148M (58%)         188M (73%)         188M (73%)          14M (5%)     
[2026-06-18T14:29:51.264+0800][43.071s][info][gc,heap     ] GC(119) y:      Used:      238M (93%)         238M (93%)         108M (42%)          68M (27%)         242M (95%)          68M (27%)    
[2026-06-18T14:29:51.265+0800][43.072s][info][gc,heap     ] GC(119) y: Young Generation Statistics:
[2026-06-18T14:29:51.266+0800][43.073s][info][gc,heap     ] GC(119) y:                Mark Start          Mark End        Relocate Start      Relocate End    
[2026-06-18T14:29:51.267+0800][43.074s][info][gc,heap     ] GC(119) y:      Used:      226M (88%)         226M (88%)          96M (38%)          56M (22%)    
[2026-06-18T14:29:51.268+0800][43.075s][info][gc,heap     ] GC(119) y:      Live:         -                27M (11%)          27M (11%)          27M (11%)    
[2026-06-18T14:29:51.268+0800][43.076s][info][gc,heap     ] GC(119) y:   Garbage:         -               198M (77%)          52M (20%)           0M (0%)     
[2026-06-18T14:29:51.269+0800][43.077s][info][gc,heap     ] GC(119) y: Allocated:         -                 0M (0%)           16M (6%)           28M (11%)    
[2026-06-18T14:29:51.271+0800][43.078s][info][gc,heap     ] GC(119) y: Reclaimed:         -                  -               146M (57%)         198M (77%)    
[2026-06-18T14:29:51.271+0800][43.079s][info][gc,heap     ] GC(119) y:  Promoted:         -                  -                 0M (0%)            0M (0%)     
[2026-06-18T14:29:51.272+0800][43.079s][info][gc,heap     ] GC(119) y: Compacted:         -                  -                  -                13M (5%)     
[2026-06-18T14:29:51.272+0800][43.080s][info][gc,phases   ] GC(119) y: Young Generation 238M(93%)->68M(27%) 0.037s
[2026-06-18T14:29:51.273+0800][43.081s][info][gc          ] GC(119) Minor Collection (High Usage) 234M(91%)->84M(33%) 0.082s
[2026-06-18T14:29:51.549+0800][43.356s][info][gc          ] GC(120) Minor Collection (Allocation Rate)
[2026-06-18T14:29:51.549+0800][43.357s][info][gc,task     ] GC(120) Using 1 Workers for Young Generation
[2026-06-18T14:29:51.550+0800][43.357s][info][gc,phases   ] GC(120) y: Young Generation
[2026-06-18T14:29:51.551+0800][43.358s][info][gc,phases   ] GC(120) y: Pause Mark Start 0.011ms
[2026-06-18T14:29:51.551+0800][43.359s][info][gc,phases   ] GC(120) y: Concurrent Mark 0.456ms
[2026-06-18T14:29:51.552+0800][43.359s][info][gc,phases   ] GC(120) y: Pause Mark End 0.007ms
[2026-06-18T14:29:51.552+0800][43.360s][info][gc,phases   ] GC(120) y: Concurrent Mark Free 0.001ms
[2026-06-18T14:29:51.552+0800][43.360s][info][gc,phases   ] GC(120) y: Concurrent Reset Relocation Set 0.002ms
[2026-06-18T14:29:51.553+0800][43.360s][info][gc,reloc    ] GC(120) y: Using tenuring threshold: 4 (Computed)
[2026-06-18T14:29:51.553+0800][43.361s][info][gc,phases   ] GC(120) y: Concurrent Select Relocation Set 0.696ms
[2026-06-18T14:29:51.554+0800][43.361s][info][gc,phases   ] GC(120) y: Pause Relocate Start 0.008ms
[2026-06-18T14:29:51.555+0800][43.363s][info][gc,phases   ] GC(120) y: Concurrent Relocate 0.981ms
[2026-06-18T14:29:51.556+0800][43.363s][info][gc,alloc    ] GC(120) y:                         Mark Start        Mark End      Relocate Start    Relocate End   
[2026-06-18T14:29:51.556+0800][43.363s][info][gc,alloc    ] GC(120) y: Allocation Stalls:          0                0                0                0         
[2026-06-18T14:29:51.556+0800][43.363s][info][gc,load     ] GC(120) y: Load: 0.33 (1%) / 0.32 (1%) / 0.30 (1%)
[2026-06-18T14:29:51.556+0800][43.364s][info][gc,mmu      ] GC(120) y: MMU: 2ms/97.5%, 5ms/98.6%, 10ms/99.3%, 20ms/99.6%, 50ms/99.8%, 100ms/99.9%
[2026-06-18T14:29:51.557+0800][43.364s][info][gc,marking  ] GC(120) y: Mark: 1 stripe(s), 1 proactive flush(es), 1 terminate flush(es), 0 completion(s), 0 continuation(s) 
[2026-06-18T14:29:51.557+0800][43.364s][info][gc,nmethod  ] GC(120) y: NMethods: 103 registered, 8 unregistered
[2026-06-18T14:29:51.557+0800][43.365s][info][gc,metaspace] GC(120) y: Metaspace: 0M used, 0M committed, 1088M reserved
[2026-06-18T14:29:51.558+0800][43.365s][info][gc,reloc    ] GC(120) y:                        Candidates     Selected     In-Place         Size        Empty    Relocated 
[2026-06-18T14:29:51.558+0800][43.365s][info][gc,reloc    ] GC(120) y: Small Pages:                   66           10            0         132M         108M           2M 
[2026-06-18T14:29:51.558+0800][43.366s][info][gc,reloc    ] GC(120) y: Medium Pages:                   5            2            0          40M           8M           4M 
[2026-06-18T14:29:51.558+0800][43.366s][info][gc,reloc    ] GC(120) y: Large Pages:                    4            0            0           8M           0M           0M 
[2026-06-18T14:29:51.559+0800][43.366s][info][gc,reloc    ] GC(120) y: Forwarding Usage: 0M
[2026-06-18T14:29:51.559+0800][43.366s][info][gc,reloc    ] GC(120) y: Age Table:
[2026-06-18T14:29:51.559+0800][43.367s][info][gc,reloc    ] GC(120) y:                    Live             Garbage             Small              Medium             Large        
[2026-06-18T14:29:51.560+0800][43.367s][info][gc,reloc    ] GC(120) y: Eden              15M (6%)          124M (49%)         61 / 10             2 / 1              1 / 0        
[2026-06-18T14:29:51.560+0800][43.367s][info][gc,reloc    ] GC(120) y: Survivor 1         4M (2%)           25M (10%)          5 / 0              2 / 0              2 / 0        
[2026-06-18T14:29:51.560+0800][43.368s][info][gc,reloc    ] GC(120) y: Survivor 2          -                 0M (0%)           0 / 0              0 / 0              0 / 0        
[2026-06-18T14:29:51.561+0800][43.368s][info][gc,reloc    ] GC(120) y: Survivor 3         3M (1%)            6M (2%)           0 / 0              1 / 1              1 / 0        
[2026-06-18T14:29:51.561+0800][43.369s][info][gc,heap     ] GC(120) y: Min Capacity: 256M(100%)
[2026-06-18T14:29:51.561+0800][43.369s][info][gc,heap     ] GC(120) y: Max Capacity: 256M(100%)
[2026-06-18T14:29:51.562+0800][43.369s][info][gc,heap     ] GC(120) y: Soft Max Capacity: 256M(100%)
[2026-06-18T14:29:51.562+0800][43.369s][info][gc,heap     ] GC(120) y: Heap Statistics:
[2026-06-18T14:29:51.562+0800][43.370s][info][gc,heap     ] GC(120) y:                Mark Start          Mark End        Relocate Start      Relocate End           High               Low         
[2026-06-18T14:29:51.563+0800][43.370s][info][gc,heap     ] GC(120) y:  Capacity:      256M (100%)        256M (100%)        256M (100%)        256M (100%)        256M (100%)        256M (100%)   
[2026-06-18T14:29:51.563+0800][43.370s][info][gc,heap     ] GC(120) y:      Free:       64M (25%)          64M (25%)         180M (70%)         200M (78%)         200M (78%)          64M (25%)    
[2026-06-18T14:29:51.563+0800][43.371s][info][gc,heap     ] GC(120) y:      Used:      192M (75%)         192M (75%)          76M (30%)          56M (22%)         192M (75%)          56M (22%)    
[2026-06-18T14:29:51.564+0800][43.371s][info][gc,heap     ] GC(120) y: Young Generation Statistics:
[2026-06-18T14:29:51.564+0800][43.371s][info][gc,heap     ] GC(120) y:                Mark Start          Mark End        Relocate Start      Relocate End    
[2026-06-18T14:29:51.564+0800][43.372s][info][gc,heap     ] GC(120) y:      Used:      180M (70%)         180M (70%)          64M (25%)          44M (17%)    
[2026-06-18T14:29:51.564+0800][43.372s][info][gc,heap     ] GC(120) y:      Live:         -                23M (9%)           23M (9%)           23M (9%)     
[2026-06-18T14:29:51.565+0800][43.372s][info][gc,heap     ] GC(120) y:   Garbage:         -               156M (61%)          40M (16%)           0M (0%)     
[2026-06-18T14:29:51.565+0800][43.372s][info][gc,heap     ] GC(120) y: Allocated:         -                 0M (0%)            0M (0%)           19M (8%)     
[2026-06-18T14:29:51.565+0800][43.373s][info][gc,heap     ] GC(120) y: Reclaimed:         -                  -               116M (45%)         155M (61%)    
[2026-06-18T14:29:51.566+0800][43.373s][info][gc,heap     ] GC(120) y:  Promoted:         -                  -                 0M (0%)            0M (0%)     
[2026-06-18T14:29:51.566+0800][43.374s][info][gc,heap     ] GC(120) y: Compacted:         -                  -                  -                 8M (3%)     
[2026-06-18T14:29:51.566+0800][43.374s][info][gc,phases   ] GC(120) y: Young Generation 192M(75%)->56M(22%) 0.006s
[2026-06-18T14:29:51.567+0800][43.374s][info][gc          ] GC(120) Minor Collection (Allocation Rate) 192M(75%)->60M(23%) 0.018s
[2026-06-18T14:29:51.916+0800][43.723s][info][gc          ] GC(121) Minor Collection (Allocation Rate)
[2026-06-18T14:29:51.917+0800][43.724s][info][gc,task     ] GC(121) Using 1 Workers for Young Generation
[2026-06-18T14:29:51.918+0800][43.725s][info][gc,phases   ] GC(121) y: Young Generation
[2026-06-18T14:29:51.919+0800][43.726s][info][gc,phases   ] GC(121) y: Pause Mark Start 0.017ms
[2026-06-18T14:29:51.920+0800][43.728s][info][gc,phases   ] GC(121) y: Concurrent Mark 0.630ms
[2026-06-18T14:29:51.921+0800][43.728s][info][gc,phases   ] GC(121) y: Pause Mark End 0.007ms
[2026-06-18T14:29:51.921+0800][43.729s][info][gc,phases   ] GC(121) y: Concurrent Mark Free 0.001ms
[2026-06-18T14:29:51.922+0800][43.729s][info][gc,phases   ] GC(121) y: Concurrent Reset Relocation Set 0.001ms
[2026-06-18T14:29:51.922+0800][43.730s][info][gc,reloc    ] GC(121) y: Using tenuring threshold: 3 (Computed)
[2026-06-18T14:29:51.923+0800][43.731s][info][gc,phases   ] GC(121) y: Concurrent Select Relocation Set 1.024ms
[2026-06-18T14:29:51.924+0800][43.732s][info][gc,phases   ] GC(121) y: Pause Relocate Start 0.008ms
[2026-06-18T14:29:51.926+0800][43.733s][info][gc,phases   ] GC(121) y: Concurrent Relocate 1.145ms
[2026-06-18T14:29:51.926+0800][43.734s][info][gc,alloc    ] GC(121) y:                         Mark Start        Mark End      Relocate Start    Relocate End   
[2026-06-18T14:29:51.927+0800][43.734s][info][gc,alloc    ] GC(121) y: Allocation Stalls:          0                0                0                0         
[2026-06-18T14:29:51.927+0800][43.735s][info][gc,load     ] GC(121) y: Load: 0.33 (1%) / 0.32 (1%) / 0.30 (1%)
[2026-06-18T14:29:51.928+0800][43.735s][info][gc,mmu      ] GC(121) y: MMU: 2ms/97.5%, 5ms/98.6%, 10ms/99.3%, 20ms/99.6%, 50ms/99.8%, 100ms/99.9%
[2026-06-18T14:29:51.928+0800][43.735s][info][gc,marking  ] GC(121) y: Mark: 1 stripe(s), 1 proactive flush(es), 1 terminate flush(es), 0 completion(s), 0 continuation(s) 
[2026-06-18T14:29:51.928+0800][43.736s][info][gc,nmethod  ] GC(121) y: NMethods: 103 registered, 8 unregistered
[2026-06-18T14:29:51.929+0800][43.736s][info][gc,metaspace] GC(121) y: Metaspace: 0M used, 0M committed, 1088M reserved
[2026-06-18T14:29:51.929+0800][43.737s][info][gc,reloc    ] GC(121) y:                        Candidates     Selected     In-Place         Size        Empty    Relocated 
[2026-06-18T14:29:51.929+0800][43.737s][info][gc,reloc    ] GC(121) y: Small Pages:                   67           13            0         134M         100M           3M 
[2026-06-18T14:29:51.930+0800][43.737s][info][gc,reloc    ] GC(121) y: Medium Pages:                   6            3            0          48M           8M           4M 
[2026-06-18T14:29:51.930+0800][43.737s][info][gc,reloc    ] GC(121) y: Large Pages:                    6            0            0          12M           0M           0M 
[2026-06-18T14:29:51.930+0800][43.737s][info][gc,reloc    ] GC(121) y: Forwarding Usage: 0M
[2026-06-18T14:29:51.931+0800][43.738s][info][gc,reloc    ] GC(121) y: Age Table:
[2026-06-18T14:29:51.931+0800][43.738s][info][gc,reloc    ] GC(121) y:                    Live             Garbage             Small              Medium             Large        
[2026-06-18T14:29:51.931+0800][43.738s][info][gc,reloc    ] GC(121) y: Eden              18M (7%)          131M (51%)         65 / 13             2 / 1              2 / 0        
[2026-06-18T14:29:51.931+0800][43.739s][info][gc,reloc    ] GC(121) y: Survivor 1         2M (1%)           19M (7%)           2 / 0              2 / 1              1 / 0        
[2026-06-18T14:29:51.932+0800][43.739s][info][gc,reloc    ] GC(121) y: Survivor 2         4M (2%)            7M (3%)           0 / 0              1 / 0              2 / 0        
[2026-06-18T14:29:51.932+0800][43.739s][info][gc,reloc    ] GC(121) y: Survivor 3          -                 0M (0%)           0 / 0              0 / 0              0 / 0        
[2026-06-18T14:29:51.932+0800][43.739s][info][gc,reloc    ] GC(121) y: Survivor 4         3M (1%)            6M (2%)           0 / 0              1 / 1              1 / 0        
[2026-06-18T14:29:51.932+0800][43.740s][info][gc,heap     ] GC(121) y: Min Capacity: 256M(100%)
[2026-06-18T14:29:51.933+0800][43.740s][info][gc,heap     ] GC(121) y: Max Capacity: 256M(100%)
[2026-06-18T14:29:51.933+0800][43.740s][info][gc,heap     ] GC(121) y: Soft Max Capacity: 256M(100%)
[2026-06-18T14:29:51.933+0800][43.740s][info][gc,heap     ] GC(121) y: Heap Statistics:
[2026-06-18T14:29:51.933+0800][43.741s][info][gc,heap     ] GC(121) y:                Mark Start          Mark End        Relocate Start      Relocate End           High               Low         
[2026-06-18T14:29:51.934+0800][43.741s][info][gc,heap     ] GC(121) y:  Capacity:      256M (100%)        256M (100%)        256M (100%)        256M (100%)        256M (100%)        256M (100%)   
[2026-06-18T14:29:51.934+0800][43.741s][info][gc,heap     ] GC(121) y:      Free:       50M (20%)          50M (20%)         158M (62%)         184M (72%)         184M (72%)          50M (20%)    
[2026-06-18T14:29:51.934+0800][43.741s][info][gc,heap     ] GC(121) y:      Used:      206M (80%)         206M (80%)          98M (38%)          72M (28%)         206M (80%)          72M (28%)    
[2026-06-18T14:29:51.935+0800][43.742s][info][gc,heap     ] GC(121) y: Young Generation Statistics:
[2026-06-18T14:29:51.935+0800][43.742s][info][gc,heap     ] GC(121) y:                Mark Start          Mark End        Relocate Start      Relocate End    
[2026-06-18T14:29:51.935+0800][43.743s][info][gc,heap     ] GC(121) y:      Used:      194M (76%)         194M (76%)          84M (33%)          50M (20%)    
[2026-06-18T14:29:51.936+0800][43.743s][info][gc,heap     ] GC(121) y:      Live:         -                30M (12%)          28M (11%)          26M (10%)    
[2026-06-18T14:29:51.936+0800][43.744s][info][gc,heap     ] GC(121) y:   Garbage:         -               163M (64%)          55M (22%)           2M (1%)     
[2026-06-18T14:29:51.936+0800][43.744s][info][gc,heap     ] GC(121) y: Allocated:         -                 0M (0%)            0M (0%)           21M (8%)     
[2026-06-18T14:29:51.937+0800][43.744s][info][gc,heap     ] GC(121) y: Reclaimed:         -                  -               108M (42%)         161M (63%)    
[2026-06-18T14:29:51.937+0800][43.744s][info][gc,heap     ] GC(121) y:  Promoted:         -                  -                 2M (1%)            3M (1%)     
[2026-06-18T14:29:51.937+0800][43.745s][info][gc,heap     ] GC(121) y: Compacted:         -                  -                  -                 8M (3%)     
[2026-06-18T14:29:51.938+0800][43.745s][info][gc,phases   ] GC(121) y: Young Generation 206M(80%)->72M(28%) 0.008s
[2026-06-18T14:29:51.938+0800][43.745s][info][gc          ] GC(121) Minor Collection (Allocation Rate) 202M(79%)->80M(31%) 0.022s
[2026-06-18T14:29:52.285+0800][44.093s][info][gc          ] GC(122) Major Collection (Allocation Rate)
[2026-06-18T14:29:52.290+0800][44.097s][info][gc,task     ] GC(122) Using 2 Workers for Young Generation
[2026-06-18T14:29:52.291+0800][44.098s][info][gc,task     ] GC(122) Using 1 Workers for Old Generation
[2026-06-18T14:29:52.292+0800][44.100s][info][gc,phases   ] GC(122) Y: Young Generation
[2026-06-18T14:29:52.294+0800][44.101s][info][gc,phases   ] GC(122) Y: Pause Mark Start (Major) 0.017ms
[2026-06-18T14:29:52.295+0800][44.103s][info][gc,phases   ] GC(122) Y: Concurrent Mark 0.665ms
[2026-06-18T14:29:52.296+0800][44.104s][info][gc,phases   ] GC(122) Y: Pause Mark End 0.008ms
[2026-06-18T14:29:52.298+0800][44.105s][info][gc,phases   ] GC(122) Y: Concurrent Mark Free 0.002ms
[2026-06-18T14:29:52.299+0800][44.106s][info][gc,phases   ] GC(122) Y: Concurrent Reset Relocation Set 0.004ms
[2026-06-18T14:29:52.299+0800][44.107s][info][gc,reloc    ] GC(122) Y: Using tenuring threshold: 4 (Computed)
[2026-06-18T14:29:52.300+0800][44.107s][info][gc,phases   ] GC(122) Y: Concurrent Select Relocation Set 0.773ms
[2026-06-18T14:29:52.301+0800][44.108s][info][gc,phases   ] GC(122) Y: Pause Relocate Start 0.008ms
[2026-06-18T14:29:52.302+0800][44.109s][info][gc,phases   ] GC(122) Y: Concurrent Relocate 0.823ms
[2026-06-18T14:29:52.303+0800][44.110s][info][gc,alloc    ] GC(122) Y:                         Mark Start        Mark End      Relocate Start    Relocate End   
[2026-06-18T14:29:52.303+0800][44.110s][info][gc,alloc    ] GC(122) Y: Allocation Stalls:          0                0                0                0         
[2026-06-18T14:29:52.303+0800][44.111s][info][gc,load     ] GC(122) Y: Load: 0.33 (1%) / 0.32 (1%) / 0.30 (1%)
[2026-06-18T14:29:52.304+0800][44.111s][info][gc,mmu      ] GC(122) Y: MMU: 2ms/97.5%, 5ms/98.6%, 10ms/99.3%, 20ms/99.6%, 50ms/99.8%, 100ms/99.9%
[2026-06-18T14:29:52.304+0800][44.112s][info][gc,marking  ] GC(122) Y: Mark: 2 stripe(s), 1 proactive flush(es), 1 terminate flush(es), 0 completion(s), 0 continuation(s) 
[2026-06-18T14:29:52.305+0800][44.112s][info][gc,nmethod  ] GC(122) Y: NMethods: 103 registered, 8 unregistered
[2026-06-18T14:29:52.305+0800][44.113s][info][gc,metaspace] GC(122) Y: Metaspace: 0M used, 0M committed, 1088M reserved
[2026-06-18T14:29:52.306+0800][44.113s][info][gc,reloc    ] GC(122) Y:                        Candidates     Selected     In-Place         Size        Empty    Relocated 
[2026-06-18T14:29:52.306+0800][44.113s][info][gc,reloc    ] GC(122) Y: Small Pages:                   69           10            0         138M         110M           4M 
[2026-06-18T14:29:52.306+0800][44.113s][info][gc,reloc    ] GC(122) Y: Medium Pages:                   6            1            0          48M          24M           4M 
[2026-06-18T14:29:52.306+0800][44.114s][info][gc,reloc    ] GC(122) Y: Large Pages:                    6            0            0          12M           2M           0M 
[2026-06-18T14:29:52.307+0800][44.114s][info][gc,reloc    ] GC(122) Y: Forwarding Usage: 0M
[2026-06-18T14:29:52.307+0800][44.114s][info][gc,reloc    ] GC(122) Y: Age Table:
[2026-06-18T14:29:52.307+0800][44.115s][info][gc,reloc    ] GC(122) Y:                    Live             Garbage             Small              Medium             Large        
[2026-06-18T14:29:52.307+0800][44.115s][info][gc,reloc    ] GC(122) Y: Eden              19M (8%)          128M (50%)         65 / 10             2 / 1              1 / 0        
[2026-06-18T14:29:52.308+0800][44.115s][info][gc,reloc    ] GC(122) Y: Survivor 1         4M (2%)           24M (9%)           4 / 0              2 / 0              2 / 0        
[2026-06-18T14:29:52.308+0800][44.115s][info][gc,reloc    ] GC(122) Y: Survivor 2         2M (1%)            7M (3%)           0 / 0              1 / 0              1 / 0        
[2026-06-18T14:29:52.308+0800][44.116s][info][gc,reloc    ] GC(122) Y: Survivor 3         2M (1%)           10M (4%)           0 / 0              1 / 0              2 / 0        
[2026-06-18T14:29:52.308+0800][44.116s][info][gc,heap     ] GC(122) Y: Min Capacity: 256M(100%)
[2026-06-18T14:29:52.309+0800][44.116s][info][gc,heap     ] GC(122) Y: Max Capacity: 256M(100%)
[2026-06-18T14:29:52.309+0800][44.116s][info][gc,heap     ] GC(122) Y: Soft Max Capacity: 256M(100%)
[2026-06-18T14:29:52.309+0800][44.116s][info][gc,heap     ] GC(122) Y: Heap Statistics:
[2026-06-18T14:29:52.309+0800][44.117s][info][gc,heap     ] GC(122) Y:                Mark Start          Mark End        Relocate Start      Relocate End           High               Low         
[2026-06-18T14:29:52.309+0800][44.117s][info][gc,heap     ] GC(122) Y:  Capacity:      256M (100%)        256M (100%)        256M (100%)        256M (100%)        256M (100%)        256M (100%)   
[2026-06-18T14:29:52.310+0800][44.117s][info][gc,heap     ] GC(122) Y:      Free:       36M (14%)          22M (9%)          158M (62%)         178M (70%)         178M (70%)          22M (9%)     
[2026-06-18T14:29:52.311+0800][44.118s][info][gc,heap     ] GC(122) Y:      Used:      220M (86%)         234M (91%)          98M (38%)          78M (30%)         234M (91%)          78M (30%)    
[2026-06-18T14:29:52.311+0800][44.118s][info][gc,heap     ] GC(122) Y: Young Generation Statistics:
[2026-06-18T14:29:52.311+0800][44.118s][info][gc,heap     ] GC(122) Y:                Mark Start          Mark End        Relocate Start      Relocate End    
[2026-06-18T14:29:52.311+0800][44.119s][info][gc,heap     ] GC(122) Y:      Used:      198M (77%)         212M (83%)          76M (30%)          56M (22%)    
[2026-06-18T14:29:52.312+0800][44.119s][info][gc,heap     ] GC(122) Y:      Live:         -                28M (11%)          28M (11%)          28M (11%)    
[2026-06-18T14:29:52.312+0800][44.119s][info][gc,heap     ] GC(122) Y:   Garbage:         -               169M (66%)          33M (13%)           1M (1%)     
[2026-06-18T14:29:52.312+0800][44.120s][info][gc,heap     ] GC(122) Y: Allocated:         -                14M (5%)           14M (5%)           25M (10%)    
[2026-06-18T14:29:52.312+0800][44.120s][info][gc,heap     ] GC(122) Y: Reclaimed:         -                  -               136M (53%)         167M (66%)    
[2026-06-18T14:29:52.313+0800][44.120s][info][gc,heap     ] GC(122) Y:  Promoted:         -                  -                 0M (0%)            0M (0%)     
[2026-06-18T14:29:52.313+0800][44.120s][info][gc,heap     ] GC(122) Y: Compacted:         -                  -                  -                12M (5%)     
[2026-06-18T14:29:52.313+0800][44.120s][info][gc,phases   ] GC(122) Y: Young Generation 220M(86%)->78M(30%) 0.010s
[2026-06-18T14:29:52.313+0800][44.121s][info][gc,phases   ] GC(122) O: Old Generation
[2026-06-18T14:29:52.315+0800][44.122s][info][gc,phases   ] GC(122) O: Concurrent Mark 1.126ms
[2026-06-18T14:29:52.317+0800][44.125s][info][gc,phases   ] GC(122) O: Pause Mark End 0.012ms
[2026-06-18T14:29:52.318+0800][44.125s][info][gc,phases   ] GC(122) O: Concurrent Mark Free 0.003ms
[2026-06-18T14:29:52.318+0800][44.126s][info][gc,phases   ] GC(122) O: Concurrent Process Non-Strong 0.341ms
[2026-06-18T14:29:52.319+0800][44.126s][info][gc,phases   ] GC(122) O: Concurrent Reset Relocation Set 0.000ms
[2026-06-18T14:29:52.319+0800][44.127s][info][gc,phases   ] GC(122) O: Concurrent Select Relocation Set 0.047ms
[2026-06-18T14:29:52.319+0800][44.127s][info][gc,task     ] GC(122) O: Using 2 Workers for Old Generation
[2026-06-18T14:29:52.320+0800][44.127s][info][gc,task     ] GC(122) O: Using 1 Workers for Old Generation
[2026-06-18T14:29:52.320+0800][44.127s][info][gc,phases   ] GC(122) O: Concurrent Remap Roots 0.676ms
[2026-06-18T14:29:52.320+0800][44.128s][info][gc,phases   ] GC(122) O: Pause Relocate Start 0.007ms
[2026-06-18T14:29:52.321+0800][44.128s][info][gc,phases   ] GC(122) O: Concurrent Relocate 0.087ms
[2026-06-18T14:29:52.321+0800][44.128s][info][gc,alloc    ] GC(122) O:                         Mark Start        Mark End      Relocate Start    Relocate End   
[2026-06-18T14:29:52.321+0800][44.129s][info][gc,alloc    ] GC(122) O: Allocation Stalls:          0                0                0                0         
[2026-06-18T14:29:52.321+0800][44.129s][info][gc,load     ] GC(122) O: Load: 0.33 (1%) / 0.32 (1%) / 0.30 (1%)
[2026-06-18T14:29:52.322+0800][44.129s][info][gc,mmu      ] GC(122) O: MMU: 2ms/97.5%, 5ms/98.6%, 10ms/99.3%, 20ms/99.6%, 50ms/99.8%, 100ms/99.9%
[2026-06-18T14:29:52.322+0800][44.129s][info][gc,marking  ] GC(122) O: Mark: 1 stripe(s), 2 proactive flush(es), 1 terminate flush(es), 0 completion(s), 0 continuation(s) 
[2026-06-18T14:29:52.323+0800][44.130s][info][gc,nmethod  ] GC(122) O: NMethods: 103 registered, 8 unregistered
[2026-06-18T14:29:52.323+0800][44.130s][info][gc,metaspace] GC(122) O: Metaspace: 0M used, 0M committed, 1088M reserved
[2026-06-18T14:29:52.323+0800][44.131s][info][gc,ref      ] GC(122) O:                       Encountered   Discovered     Enqueued 
[2026-06-18T14:29:52.323+0800][44.131s][info][gc,ref      ] GC(122) O: Soft References:                2            0            0 
[2026-06-18T14:29:52.324+0800][44.131s][info][gc,ref      ] GC(122) O: Weak References:                6            0            0 
[2026-06-18T14:29:52.324+0800][44.131s][info][gc,ref      ] GC(122) O: Final References:               0            0            0 
[2026-06-18T14:29:52.324+0800][44.132s][info][gc,ref      ] GC(122) O: Phantom References:             1            1            0 
[2026-06-18T14:29:52.325+0800][44.132s][info][gc,reloc    ] GC(122) O:                        Candidates     Selected     In-Place         Size        Empty    Relocated 
[2026-06-18T14:29:52.325+0800][44.132s][info][gc,reloc    ] GC(122) O: Small Pages:                    1            0            0           2M           0M           0M 
[2026-06-18T14:29:52.325+0800][44.132s][info][gc,reloc    ] GC(122) O: Medium Pages:                   2            0            0          16M          16M           0M 
[2026-06-18T14:29:52.325+0800][44.133s][info][gc,reloc    ] GC(122) O: Large Pages:                    2            0            0           4M           4M           0M 
[2026-06-18T14:29:52.326+0800][44.133s][info][gc,reloc    ] GC(122) O: Forwarding Usage: 0M
[2026-06-18T14:29:52.326+0800][44.133s][info][gc,heap     ] GC(122) O: Min Capacity: 256M(100%)
[2026-06-18T14:29:52.326+0800][44.133s][info][gc,heap     ] GC(122) O: Max Capacity: 256M(100%)
[2026-06-18T14:29:52.326+0800][44.134s][info][gc,heap     ] GC(122) O: Soft Max Capacity: 256M(100%)
[2026-06-18T14:29:52.327+0800][44.134s][info][gc,heap     ] GC(122) O: Heap Statistics:
[2026-06-18T14:29:52.327+0800][44.134s][info][gc,heap     ] GC(122) O:                Mark Start          Mark End        Relocate Start      Relocate End           High               Low         
[2026-06-18T14:29:52.327+0800][44.135s][info][gc,heap     ] GC(122) O:  Capacity:      256M (100%)        256M (100%)        256M (100%)        256M (100%)        256M (100%)        256M (100%)   
[2026-06-18T14:29:52.327+0800][44.135s][info][gc,heap     ] GC(122) O:      Free:       36M (14%)         172M (67%)         192M (75%)         192M (75%)         192M (75%)          22M (9%)     
[2026-06-18T14:29:52.328+0800][44.135s][info][gc,heap     ] GC(122) O:      Used:      220M (86%)          84M (33%)          64M (25%)          64M (25%)         234M (91%)          64M (25%)    
[2026-06-18T14:29:52.328+0800][44.136s][info][gc,heap     ] GC(122) O: Old Generation Statistics:
[2026-06-18T14:29:52.328+0800][44.136s][info][gc,heap     ] GC(122) O:                Mark Start          Mark End        Relocate Start      Relocate End    
[2026-06-18T14:29:52.329+0800][44.136s][info][gc,heap     ] GC(122) O:      Used:       22M (9%)           22M (9%)            2M (1%)            2M (1%)     
[2026-06-18T14:29:52.329+0800][44.136s][info][gc,heap     ] GC(122) O:      Live:         -                 0M (0%)            0M (0%)            0M (0%)     
[2026-06-18T14:29:52.329+0800][44.137s][info][gc,heap     ] GC(122) O:   Garbage:         -                21M (8%)            1M (1%)            1M (1%)     
[2026-06-18T14:29:52.330+0800][44.137s][info][gc,heap     ] GC(122) O: Allocated:         -                 0M (0%)            0M (0%)            0M (0%)     
[2026-06-18T14:29:52.330+0800][44.137s][info][gc,heap     ] GC(122) O: Reclaimed:         -                  -                20M (8%)           20M (8%)     
[2026-06-18T14:29:52.330+0800][44.137s][info][gc,heap     ] GC(122) O: Compacted:         -                  -                  -                 0M (0%)     
[2026-06-18T14:29:52.330+0800][44.138s][info][gc,phases   ] GC(122) O: Old Generation 82M(32%)->64M(25%) 0.008s
[2026-06-18T14:29:52.331+0800][44.138s][info][gc          ] GC(122) Major Collection (Allocation Rate) 220M(86%)->70M(27%) 0.045s
[2026-06-18T14:29:52.767+0800][44.575s][info][gc          ] GC(123) Minor Collection (Allocation Rate)
[2026-06-18T14:29:52.768+0800][44.575s][info][gc,task     ] GC(123) Using 2 Workers for Young Generation
[2026-06-18T14:29:52.769+0800][44.576s][info][gc,phases   ] GC(123) y: Young Generation
[2026-06-18T14:29:52.769+0800][44.577s][info][gc,phases   ] GC(123) y: Pause Mark Start 0.012ms
[2026-06-18T14:29:52.771+0800][44.578s][info][gc,phases   ] GC(123) y: Concurrent Mark 0.659ms
[2026-06-18T14:29:52.772+0800][44.579s][info][gc,phases   ] GC(123) y: Pause Mark End 0.010ms
[2026-06-18T14:29:52.772+0800][44.580s][info][gc,phases   ] GC(123) y: Concurrent Mark Free 0.001ms
[2026-06-18T14:29:52.773+0800][44.580s][info][gc,phases   ] GC(123) y: Concurrent Reset Relocation Set 0.002ms
[2026-06-18T14:29:52.773+0800][44.580s][info][gc,reloc    ] GC(123) y: Using tenuring threshold: 4 (Computed)
[2026-06-18T14:29:52.774+0800][44.581s][info][gc,phases   ] GC(123) y: Concurrent Select Relocation Set 0.569ms
[2026-06-18T14:29:52.774+0800][44.581s][info][gc,phases   ] GC(123) y: Pause Relocate Start 0.007ms
[2026-06-18T14:29:52.775+0800][44.583s][info][gc,phases   ] GC(123) y: Concurrent Relocate 0.821ms
[2026-06-18T14:29:52.776+0800][44.583s][info][gc,alloc    ] GC(123) y:                         Mark Start        Mark End      Relocate Start    Relocate End   
[2026-06-18T14:29:52.777+0800][44.584s][info][gc,alloc    ] GC(123) y: Allocation Stalls:          0                0                0                0         
[2026-06-18T14:29:52.777+0800][44.584s][info][gc,load     ] GC(123) y: Load: 0.33 (1%) / 0.32 (1%) / 0.30 (1%)
[2026-06-18T14:29:52.777+0800][44.585s][info][gc,mmu      ] GC(123) y: MMU: 2ms/97.5%, 5ms/98.6%, 10ms/99.3%, 20ms/99.6%, 50ms/99.8%, 100ms/99.9%
[2026-06-18T14:29:52.778+0800][44.585s][info][gc,marking  ] GC(123) y: Mark: 2 stripe(s), 1 proactive flush(es), 1 terminate flush(es), 0 completion(s), 0 continuation(s) 
[2026-06-18T14:29:52.778+0800][44.586s][info][gc,nmethod  ] GC(123) y: NMethods: 103 registered, 8 unregistered
[2026-06-18T14:29:52.778+0800][44.586s][info][gc,metaspace] GC(123) y: Metaspace: 0M used, 0M committed, 1088M reserved
[2026-06-18T14:29:52.779+0800][44.586s][info][gc,reloc    ] GC(123) y:                        Candidates     Selected     In-Place         Size        Empty    Relocated 
[2026-06-18T14:29:52.779+0800][44.586s][info][gc,reloc    ] GC(123) y: Small Pages:                   88           12            0         176M         142M           4M 
[2026-06-18T14:29:52.779+0800][44.587s][info][gc,reloc    ] GC(123) y: Medium Pages:                   5            2            0          40M           8M           4M 
[2026-06-18T14:29:52.779+0800][44.587s][info][gc,reloc    ] GC(123) y: Large Pages:                    6            0            0          12M           0M           0M 
[2026-06-18T14:29:52.780+0800][44.587s][info][gc,reloc    ] GC(123) y: Forwarding Usage: 0M
[2026-06-18T14:29:52.780+0800][44.587s][info][gc,reloc    ] GC(123) y: Age Table:
[2026-06-18T14:29:52.780+0800][44.588s][info][gc,reloc    ] GC(123) y:                    Live             Garbage             Small              Medium             Large        
[2026-06-18T14:29:52.781+0800][44.588s][info][gc,reloc    ] GC(123) y: Eden              19M (7%)          166M (65%)         84 / 12             2 / 1              1 / 0        
[2026-06-18T14:29:52.781+0800][44.588s][info][gc,reloc    ] GC(123) y: Survivor 1         2M (1%)           23M (9%)           4 / 0              2 / 1              1 / 0        
[2026-06-18T14:29:52.781+0800][44.589s][info][gc,reloc    ] GC(123) y: Survivor 2         4M (2%)            0M (0%)           0 / 0              0 / 0              2 / 0        
[2026-06-18T14:29:52.781+0800][44.589s][info][gc,reloc    ] GC(123) y: Survivor 3         2M (1%)            7M (3%)           0 / 0              1 / 0              1 / 0        
[2026-06-18T14:29:52.782+0800][44.589s][info][gc,reloc    ] GC(123) y: Survivor 4         2M (1%)            0M (0%)           0 / 0              0 / 0              1 / 0        
[2026-06-18T14:29:52.782+0800][44.589s][info][gc,heap     ] GC(123) y: Min Capacity: 256M(100%)
[2026-06-18T14:29:52.783+0800][44.590s][info][gc,heap     ] GC(123) y: Max Capacity: 256M(100%)
[2026-06-18T14:29:52.783+0800][44.591s][info][gc,heap     ] GC(123) y: Soft Max Capacity: 256M(100%)
[2026-06-18T14:29:52.784+0800][44.591s][info][gc,heap     ] GC(123) y: Heap Statistics:
[2026-06-18T14:29:52.784+0800][44.592s][info][gc,heap     ] GC(123) y:                Mark Start          Mark End        Relocate Start      Relocate End           High               Low         
[2026-06-18T14:29:52.785+0800][44.592s][info][gc,heap     ] GC(123) y:  Capacity:      256M (100%)        256M (100%)        256M (100%)        256M (100%)        256M (100%)        256M (100%)   
[2026-06-18T14:29:52.785+0800][44.592s][info][gc,heap     ] GC(123) y:      Free:       26M (10%)          26M (10%)         176M (69%)         200M (78%)         200M (78%)          26M (10%)    
[2026-06-18T14:29:52.785+0800][44.593s][info][gc,heap     ] GC(123) y:      Used:      230M (90%)         230M (90%)          80M (31%)          56M (22%)         230M (90%)          56M (22%)    
[2026-06-18T14:29:52.785+0800][44.593s][info][gc,heap     ] GC(123) y: Young Generation Statistics:
[2026-06-18T14:29:52.786+0800][44.593s][info][gc,heap     ] GC(123) y:                Mark Start          Mark End        Relocate Start      Relocate End    
[2026-06-18T14:29:52.786+0800][44.593s][info][gc,heap     ] GC(123) y:      Used:      228M (89%)         228M (89%)          76M (30%)          52M (20%)    
[2026-06-18T14:29:52.786+0800][44.594s][info][gc,heap     ] GC(123) y:      Live:         -                30M (12%)          28M (11%)          28M (11%)    
[2026-06-18T14:29:52.786+0800][44.594s][info][gc,heap     ] GC(123) y:   Garbage:         -               197M (77%)          47M (18%)           2M (1%)     
[2026-06-18T14:29:52.787+0800][44.594s][info][gc,heap     ] GC(123) y: Allocated:         -                 0M (0%)            0M (0%)           20M (8%)     
[2026-06-18T14:29:52.787+0800][44.594s][info][gc,heap     ] GC(123) y: Reclaimed:         -                  -               150M (59%)         194M (76%)    
[2026-06-18T14:29:52.787+0800][44.594s][info][gc,heap     ] GC(123) y:  Promoted:         -                  -                 2M (1%)            2M (1%)     
[2026-06-18T14:29:52.787+0800][44.595s][info][gc,heap     ] GC(123) y: Compacted:         -                  -                  -                11M (4%)     
[2026-06-18T14:29:52.787+0800][44.595s][info][gc,phases   ] GC(123) y: Young Generation 230M(90%)->56M(22%) 0.007s
[2026-06-18T14:29:52.788+0800][44.595s][info][gc          ] GC(123) Minor Collection (Allocation Rate) 228M(89%)->70M(27%) 0.021s
[2026-06-18T14:29:53.210+0800][45.017s][info][gc          ] GC(124) Minor Collection (Allocation Rate)
[2026-06-18T14:29:53.211+0800][45.018s][info][gc,task     ] GC(124) Using 2 Workers for Young Generation
[2026-06-18T14:29:53.212+0800][45.019s][info][gc,phases   ] GC(124) y: Young Generation
[2026-06-18T14:29:53.213+0800][45.020s][info][gc,phases   ] GC(124) y: Pause Mark Start 0.016ms
[2026-06-18T14:29:53.214+0800][45.021s][info][gc,phases   ] GC(124) y: Concurrent Mark 0.515ms
[2026-06-18T14:29:53.215+0800][45.022s][info][gc,phases   ] GC(124) y: Pause Mark End 0.008ms
[2026-06-18T14:29:53.215+0800][45.023s][info][gc,phases   ] GC(124) y: Concurrent Mark Free 0.002ms
[2026-06-18T14:29:53.216+0800][45.023s][info][gc,phases   ] GC(124) y: Concurrent Reset Relocation Set 0.003ms
[2026-06-18T14:29:53.217+0800][45.024s][info][gc,reloc    ] GC(124) y: Using tenuring threshold: 3 (Computed)
[2026-06-18T14:29:53.217+0800][45.025s][info][gc,phases   ] GC(124) y: Concurrent Select Relocation Set 0.797ms
[2026-06-18T14:29:53.218+0800][45.025s][info][gc,phases   ] GC(124) y: Pause Relocate Start 0.006ms
[2026-06-18T14:29:53.220+0800][45.027s][info][gc,phases   ] GC(124) y: Concurrent Relocate 0.771ms
[2026-06-18T14:29:53.220+0800][45.028s][info][gc,alloc    ] GC(124) y:                         Mark Start        Mark End      Relocate Start    Relocate End   
[2026-06-18T14:29:53.221+0800][45.028s][info][gc,alloc    ] GC(124) y: Allocation Stalls:          0                0                0                0         
[2026-06-18T14:29:53.221+0800][45.028s][info][gc,load     ] GC(124) y: Load: 0.33 (1%) / 0.32 (1%) / 0.30 (1%)
[2026-06-18T14:29:53.221+0800][45.029s][info][gc,mmu      ] GC(124) y: MMU: 2ms/97.5%, 5ms/98.6%, 10ms/99.3%, 20ms/99.6%, 50ms/99.8%, 100ms/99.9%
[2026-06-18T14:29:53.222+0800][45.029s][info][gc,marking  ] GC(124) y: Mark: 2 stripe(s), 1 proactive flush(es), 1 terminate flush(es), 0 completion(s), 0 continuation(s) 
[2026-06-18T14:29:53.222+0800][45.029s][info][gc,nmethod  ] GC(124) y: NMethods: 103 registered, 8 unregistered
[2026-06-18T14:29:53.222+0800][45.030s][info][gc,metaspace] GC(124) y: Metaspace: 0M used, 0M committed, 1088M reserved
[2026-06-18T14:29:53.223+0800][45.030s][info][gc,reloc    ] GC(124) y:                        Candidates     Selected     In-Place         Size        Empty    Relocated 
[2026-06-18T14:29:53.223+0800][45.030s][info][gc,reloc    ] GC(124) y: Small Pages:                   83           11            0         166M         136M           4M 
[2026-06-18T14:29:53.223+0800][45.030s][info][gc,reloc    ] GC(124) y: Medium Pages:                   6            2            0          48M          16M           2M 
[2026-06-18T14:29:53.223+0800][45.031s][info][gc,reloc    ] GC(124) y: Large Pages:                    7            0            0          14M           6M           0M 
[2026-06-18T14:29:53.224+0800][45.031s][info][gc,reloc    ] GC(124) y: Forwarding Usage: 0M
[2026-06-18T14:29:53.224+0800][45.031s][info][gc,reloc    ] GC(124) y: Age Table:
[2026-06-18T14:29:53.224+0800][45.032s][info][gc,reloc    ] GC(124) y:                    Live             Garbage             Small              Medium             Large        
[2026-06-18T14:29:53.225+0800][45.032s][info][gc,reloc    ] GC(124) y: Eden              20M (8%)          155M (61%)         78 / 11             2 / 1              2 / 0        
[2026-06-18T14:29:53.225+0800][45.033s][info][gc,reloc    ] GC(124) y: Survivor 1         2M (1%)           25M (10%)          5 / 0              2 / 0              1 / 0        
[2026-06-18T14:29:53.226+0800][45.033s][info][gc,reloc    ] GC(124) y: Survivor 2         2M (1%)            7M (3%)           0 / 0              1 / 1              1 / 0        
[2026-06-18T14:29:53.226+0800][45.033s][info][gc,reloc    ] GC(124) y: Survivor 3          -                 4M (2%)           0 / 0              0 / 0              2 / 0        
[2026-06-18T14:29:53.226+0800][45.034s][info][gc,reloc    ] GC(124) y: Survivor 4          -                10M (4%)           0 / 0              1 / 0              1 / 0        
[2026-06-18T14:29:53.226+0800][45.034s][info][gc,heap     ] GC(124) y: Min Capacity: 256M(100%)
[2026-06-18T14:29:53.227+0800][45.034s][info][gc,heap     ] GC(124) y: Max Capacity: 256M(100%)
[2026-06-18T14:29:53.227+0800][45.034s][info][gc,heap     ] GC(124) y: Soft Max Capacity: 256M(100%)
[2026-06-18T14:29:53.227+0800][45.035s][info][gc,heap     ] GC(124) y: Heap Statistics:
[2026-06-18T14:29:53.227+0800][45.035s][info][gc,heap     ] GC(124) y:                Mark Start          Mark End        Relocate Start      Relocate End           High               Low         
[2026-06-18T14:29:53.228+0800][45.035s][info][gc,heap     ] GC(124) y:  Capacity:      256M (100%)        256M (100%)        256M (100%)        256M (100%)        256M (100%)        256M (100%)   
[2026-06-18T14:29:53.228+0800][45.035s][info][gc,heap     ] GC(124) y:      Free:       24M (9%)           24M (9%)          182M (71%)         204M (80%)         204M (80%)          24M (9%)     
[2026-06-18T14:29:53.228+0800][45.036s][info][gc,heap     ] GC(124) y:      Used:      232M (91%)         232M (91%)          74M (29%)          52M (20%)         232M (91%)          52M (20%)    
[2026-06-18T14:29:53.228+0800][45.036s][info][gc,heap     ] GC(124) y: Young Generation Statistics:
[2026-06-18T14:29:53.229+0800][45.036s][info][gc,heap     ] GC(124) y:                Mark Start          Mark End        Relocate Start      Relocate End    
[2026-06-18T14:29:53.229+0800][45.036s][info][gc,heap     ] GC(124) y:      Used:      228M (89%)         228M (89%)          70M (27%)          48M (19%)    
[2026-06-18T14:29:53.229+0800][45.037s][info][gc,heap     ] GC(124) y:      Live:         -                25M (10%)          25M (10%)          25M (10%)    
[2026-06-18T14:29:53.229+0800][45.037s][info][gc,heap     ] GC(124) y:   Garbage:         -               202M (79%)          44M (17%)           0M (0%)     
[2026-06-18T14:29:53.230+0800][45.037s][info][gc,heap     ] GC(124) y: Allocated:         -                 0M (0%)            0M (0%)           21M (9%)     
[2026-06-18T14:29:53.230+0800][45.037s][info][gc,heap     ] GC(124) y: Reclaimed:         -                  -               158M (62%)         201M (79%)    
[2026-06-18T14:29:53.231+0800][45.038s][info][gc,heap     ] GC(124) y:  Promoted:         -                  -                 0M (0%)            0M (0%)     
[2026-06-18T14:29:53.231+0800][45.038s][info][gc,heap     ] GC(124) y: Compacted:         -                  -                  -                10M (4%)     
[2026-06-18T14:29:53.231+0800][45.039s][info][gc,phases   ] GC(124) y: Young Generation 232M(91%)->52M(20%) 0.008s
[2026-06-18T14:29:53.232+0800][45.039s][info][gc          ] GC(124) Minor Collection (Allocation Rate) 232M(91%)->68M(27%) 0.022s
[2026-06-18T14:29:53.441+0800][45.248s][info][gc          ] GC(125) Major Collection (Proactive)
[2026-06-18T14:29:53.442+0800][45.249s][info][gc,task     ] GC(125) Using 1 Workers for Young Generation
[2026-06-18T14:29:53.443+0800][45.250s][info][gc,task     ] GC(125) Using 1 Workers for Old Generation
[2026-06-18T14:29:53.444+0800][45.251s][info][gc,phases   ] GC(125) Y: Young Generation
[2026-06-18T14:29:53.445+0800][45.252s][info][gc,phases   ] GC(125) Y: Pause Mark Start (Major) 0.015ms
[2026-06-18T14:29:53.446+0800][45.253s][info][gc,phases   ] GC(125) Y: Concurrent Mark 0.411ms
[2026-06-18T14:29:53.447+0800][45.254s][info][gc,phases   ] GC(125) Y: Pause Mark End 0.007ms
[2026-06-18T14:29:53.448+0800][45.255s][info][gc,phases   ] GC(125) Y: Concurrent Mark Free 0.001ms
[2026-06-18T14:29:53.448+0800][45.256s][info][gc,phases   ] GC(125) Y: Concurrent Reset Relocation Set 0.002ms
[2026-06-18T14:29:53.449+0800][45.257s][info][gc,reloc    ] GC(125) Y: Using tenuring threshold: 4 (Computed)
[2026-06-18T14:29:53.451+0800][45.258s][info][gc,phases   ] GC(125) Y: Concurrent Select Relocation Set 1.134ms
[2026-06-18T14:29:53.452+0800][45.259s][info][gc,phases   ] GC(125) Y: Pause Relocate Start 0.008ms
[2026-06-18T14:29:53.453+0800][45.261s][info][gc,phases   ] GC(125) Y: Concurrent Relocate 1.064ms
[2026-06-18T14:29:53.454+0800][45.262s][info][gc,alloc    ] GC(125) Y:                         Mark Start        Mark End      Relocate Start    Relocate End   
[2026-06-18T14:29:53.455+0800][45.263s][info][gc,alloc    ] GC(125) Y: Allocation Stalls:          0                0                0                0         
[2026-06-18T14:29:53.456+0800][45.263s][info][gc,load     ] GC(125) Y: Load: 0.33 (1%) / 0.32 (1%) / 0.30 (1%)
[2026-06-18T14:29:53.457+0800][45.264s][info][gc,mmu      ] GC(125) Y: MMU: 2ms/97.5%, 5ms/98.6%, 10ms/99.3%, 20ms/99.6%, 50ms/99.8%, 100ms/99.9%
[2026-06-18T14:29:53.457+0800][45.265s][info][gc,marking  ] GC(125) Y: Mark: 1 stripe(s), 1 proactive flush(es), 1 terminate flush(es), 0 completion(s), 0 continuation(s) 
[2026-06-18T14:29:53.458+0800][45.266s][info][gc,nmethod  ] GC(125) Y: NMethods: 103 registered, 8 unregistered
[2026-06-18T14:29:53.459+0800][45.267s][info][gc,metaspace] GC(125) Y: Metaspace: 0M used, 0M committed, 1088M reserved
[2026-06-18T14:29:53.460+0800][45.267s][info][gc,reloc    ] GC(125) Y:                        Candidates     Selected     In-Place         Size        Empty    Relocated 
[2026-06-18T14:29:53.461+0800][45.268s][info][gc,reloc    ] GC(125) Y: Small Pages:                   45            9            0          90M          66M           2M 
[2026-06-18T14:29:53.462+0800][45.269s][info][gc,reloc    ] GC(125) Y: Medium Pages:                   6            3            0          48M           8M           5M 
[2026-06-18T14:29:53.462+0800][45.270s][info][gc,reloc    ] GC(125) Y: Large Pages:                    4            0            0           8M           0M           0M 
[2026-06-18T14:29:53.463+0800][45.270s][info][gc,reloc    ] GC(125) Y: Forwarding Usage: 0M
[2026-06-18T14:29:53.464+0800][45.271s][info][gc,reloc    ] GC(125) Y: Age Table:
[2026-06-18T14:29:53.464+0800][45.272s][info][gc,reloc    ] GC(125) Y:                    Live             Garbage             Small              Medium             Large        
[2026-06-18T14:29:53.465+0800][45.272s][info][gc,reloc    ] GC(125) Y: Eden              12M (5%)           85M (33%)         41 / 9              2 / 1              0 / 0        
[2026-06-18T14:29:53.465+0800][45.273s][info][gc,reloc    ] GC(125) Y: Survivor 1         4M (2%)           23M (9%)           4 / 0              2 / 1              2 / 0        
[2026-06-18T14:29:53.466+0800][45.273s][info][gc,reloc    ] GC(125) Y: Survivor 2         2M (1%)            7M (3%)           0 / 0              1 / 0              1 / 0        
[2026-06-18T14:29:53.467+0800][45.274s][info][gc,reloc    ] GC(125) Y: Survivor 3         2M (1%)            7M (3%)           0 / 0              1 / 1              1 / 0        
[2026-06-18T14:29:53.467+0800][45.275s][info][gc,heap     ] GC(125) Y: Min Capacity: 256M(100%)
[2026-06-18T14:29:53.468+0800][45.275s][info][gc,heap     ] GC(125) Y: Max Capacity: 256M(100%)
[2026-06-18T14:29:53.469+0800][45.276s][info][gc,heap     ] GC(125) Y: Soft Max Capacity: 256M(100%)
[2026-06-18T14:29:53.469+0800][45.276s][info][gc,heap     ] GC(125) Y: Heap Statistics:
[2026-06-18T14:29:53.470+0800][45.277s][info][gc,heap     ] GC(125) Y:                Mark Start          Mark End        Relocate Start      Relocate End           High               Low         
[2026-06-18T14:29:53.470+0800][45.278s][info][gc,heap     ] GC(125) Y:  Capacity:      256M (100%)        256M (100%)        256M (100%)        256M (100%)        256M (100%)        256M (100%)   
[2026-06-18T14:29:53.471+0800][45.278s][info][gc,heap     ] GC(125) Y:      Free:      106M (41%)         106M (41%)         178M (70%)         194M (76%)         194M (76%)         106M (41%)    
[2026-06-18T14:29:53.472+0800][45.279s][info][gc,heap     ] GC(125) Y:      Used:      150M (59%)         150M (59%)          78M (30%)          62M (24%)         150M (59%)          62M (24%)    
[2026-06-18T14:29:53.472+0800][45.280s][info][gc,heap     ] GC(125) Y: Young Generation Statistics:
[2026-06-18T14:29:53.473+0800][45.280s][info][gc,heap     ] GC(125) Y:                Mark Start          Mark End        Relocate Start      Relocate End    
[2026-06-18T14:29:53.474+0800][45.281s][info][gc,heap     ] GC(125) Y:      Used:      146M (57%)         146M (57%)          74M (29%)          58M (23%)    
[2026-06-18T14:29:53.474+0800][45.282s][info][gc,heap     ] GC(125) Y:      Live:         -                22M (9%)           22M (9%)           22M (9%)     
[2026-06-18T14:29:53.475+0800][45.282s][info][gc,heap     ] GC(125) Y:   Garbage:         -               123M (48%)          49M (19%)           4M (2%)     
[2026-06-18T14:29:53.475+0800][45.282s][info][gc,heap     ] GC(125) Y: Allocated:         -                 0M (0%)            2M (1%)           30M (12%)    
[2026-06-18T14:29:53.476+0800][45.283s][info][gc,heap     ] GC(125) Y: Reclaimed:         -                  -                74M (29%)         118M (46%)    
[2026-06-18T14:29:53.476+0800][45.283s][info][gc,heap     ] GC(125) Y:  Promoted:         -                  -                 0M (0%)            0M (0%)     
[2026-06-18T14:29:53.477+0800][45.284s][info][gc,heap     ] GC(125) Y: Compacted:         -                  -                  -                 9M (4%)     
[2026-06-18T14:29:53.477+0800][45.285s][info][gc,phases   ] GC(125) Y: Young Generation 150M(59%)->62M(24%) 0.011s
[2026-06-18T14:29:53.478+0800][45.285s][info][gc,phases   ] GC(125) O: Old Generation
[2026-06-18T14:29:53.479+0800][45.287s][info][gc,phases   ] GC(125) O: Concurrent Mark 1.030ms
[2026-06-18T14:29:53.480+0800][45.288s][info][gc,phases   ] GC(125) O: Pause Mark End 0.012ms
[2026-06-18T14:29:53.481+0800][45.288s][info][gc,phases   ] GC(125) O: Concurrent Mark Free 0.002ms
[2026-06-18T14:29:53.482+0800][45.289s][info][gc,phases   ] GC(125) O: Concurrent Process Non-Strong 0.337ms
[2026-06-18T14:29:53.482+0800][45.290s][info][gc,phases   ] GC(125) O: Concurrent Reset Relocation Set 0.001ms
[2026-06-18T14:29:53.483+0800][45.290s][info][gc,phases   ] GC(125) O: Concurrent Select Relocation Set 0.054ms
[2026-06-18T14:29:53.483+0800][45.290s][info][gc,task     ] GC(125) O: Using 2 Workers for Old Generation
[2026-06-18T14:29:53.483+0800][45.291s][info][gc,task     ] GC(125) O: Using 1 Workers for Old Generation
[2026-06-18T14:29:53.484+0800][45.291s][info][gc,phases   ] GC(125) O: Concurrent Remap Roots 0.599ms
[2026-06-18T14:29:53.484+0800][45.292s][info][gc,phases   ] GC(125) O: Pause Relocate Start 0.010ms
[2026-06-18T14:29:53.485+0800][45.292s][info][gc,phases   ] GC(125) O: Concurrent Relocate 0.188ms
[2026-06-18T14:29:53.486+0800][45.293s][info][gc,alloc    ] GC(125) O:                         Mark Start        Mark End      Relocate Start    Relocate End   
[2026-06-18T14:29:53.486+0800][45.293s][info][gc,alloc    ] GC(125) O: Allocation Stalls:          0                0                0                0         
[2026-06-18T14:29:53.486+0800][45.294s][info][gc,load     ] GC(125) O: Load: 0.33 (1%) / 0.32 (1%) / 0.30 (1%)
[2026-06-18T14:29:53.486+0800][45.294s][info][gc,mmu      ] GC(125) O: MMU: 2ms/97.5%, 5ms/98.6%, 10ms/99.3%, 20ms/99.6%, 50ms/99.8%, 100ms/99.9%
[2026-06-18T14:29:53.487+0800][45.294s][info][gc,marking  ] GC(125) O: Mark: 1 stripe(s), 2 proactive flush(es), 1 terminate flush(es), 0 completion(s), 0 continuation(s) 
[2026-06-18T14:29:53.487+0800][45.295s][info][gc,nmethod  ] GC(125) O: NMethods: 103 registered, 8 unregistered
[2026-06-18T14:29:53.487+0800][45.295s][info][gc,metaspace] GC(125) O: Metaspace: 0M used, 0M committed, 1088M reserved
[2026-06-18T14:29:53.488+0800][45.295s][info][gc,ref      ] GC(125) O:                       Encountered   Discovered     Enqueued 
[2026-06-18T14:29:53.488+0800][45.295s][info][gc,ref      ] GC(125) O: Soft References:                2            0            0 
[2026-06-18T14:29:53.488+0800][45.296s][info][gc,ref      ] GC(125) O: Weak References:                6            0            0 
[2026-06-18T14:29:53.489+0800][45.296s][info][gc,ref      ] GC(125) O: Final References:               0            0            0 
[2026-06-18T14:29:53.489+0800][45.296s][info][gc,ref      ] GC(125) O: Phantom References:             1            1            0 
[2026-06-18T14:29:53.489+0800][45.297s][info][gc,reloc    ] GC(125) O:                        Candidates     Selected     In-Place         Size        Empty    Relocated 
[2026-06-18T14:29:53.489+0800][45.297s][info][gc,reloc    ] GC(125) O: Small Pages:                    1            0            0           2M           0M           0M 
[2026-06-18T14:29:53.490+0800][45.297s][info][gc,reloc    ] GC(125) O: Medium Pages:                   0            0            0           0M           0M           0M 
[2026-06-18T14:29:53.490+0800][45.297s][info][gc,reloc    ] GC(125) O: Large Pages:                    1            0            0           2M           2M           0M 
[2026-06-18T14:29:53.490+0800][45.298s][info][gc,reloc    ] GC(125) O: Forwarding Usage: 0M
[2026-06-18T14:29:53.495+0800][45.303s][info][gc,heap     ] GC(125) O: Min Capacity: 256M(100%)
[2026-06-18T14:29:53.503+0800][45.310s][info][gc,heap     ] GC(125) O: Max Capacity: 256M(100%)
[2026-06-18T14:29:53.509+0800][45.316s][info][gc,heap     ] GC(125) O: Soft Max Capacity: 256M(100%)
[2026-06-18T14:29:53.512+0800][45.319s][info][gc,heap     ] GC(125) O: Heap Statistics:
[2026-06-18T14:29:53.517+0800][45.324s][info][gc,heap     ] GC(125) O:                Mark Start          Mark End        Relocate Start      Relocate End           High               Low         
[2026-06-18T14:29:53.521+0800][45.328s][info][gc,heap     ] GC(125) O:  Capacity:      256M (100%)        256M (100%)        256M (100%)        256M (100%)        256M (100%)        256M (100%)   
[2026-06-18T14:29:53.522+0800][45.329s][info][gc,heap     ] GC(125) O:      Free:      106M (41%)         178M (70%)         176M (69%)         176M (69%)         194M (76%)         106M (41%)    
[2026-06-18T14:29:53.523+0800][45.330s][info][gc,heap     ] GC(125) O:      Used:      150M (59%)          78M (30%)          80M (31%)          80M (31%)         150M (59%)          62M (24%)    
[2026-06-18T14:29:53.525+0800][45.333s][info][gc,heap     ] GC(125) O: Old Generation Statistics:
[2026-06-18T14:29:53.529+0800][45.337s][info][gc,heap     ] GC(125) O:                Mark Start          Mark End        Relocate Start      Relocate End    
[2026-06-18T14:29:53.532+0800][45.339s][info][gc,heap     ] GC(125) O:      Used:        4M (2%)            4M (2%)            2M (1%)            2M (1%)     
[2026-06-18T14:29:53.537+0800][45.344s][info][gc,heap     ] GC(125) O:      Live:         -                 0M (0%)            0M (0%)            0M (0%)     
[2026-06-18T14:29:53.543+0800][45.351s][info][gc,heap     ] GC(125) O:   Garbage:         -                 3M (1%)            1M (1%)            1M (1%)     
[2026-06-18T14:29:53.549+0800][45.357s][info][gc,heap     ] GC(125) O: Allocated:         -                 0M (0%)            0M (0%)            0M (0%)     
[2026-06-18T14:29:53.554+0800][45.362s][info][gc,heap     ] GC(125) O: Reclaimed:         -                  -                 2M (1%)            2M (1%)     
[2026-06-18T14:29:53.557+0800][45.364s][info][gc,heap     ] GC(125) O: Compacted:         -                  -                  -                 0M (0%)     
[2026-06-18T14:29:53.558+0800][45.365s][info][gc,phases   ] GC(125) O: Old Generation 78M(30%)->80M(31%) 0.008s
[2026-06-18T14:29:53.561+0800][45.368s][info][gc          ] GC(125) Major Collection (Proactive) 146M(57%)->104M(41%) 0.120s
[2026-06-18T14:29:53.873+0800][45.680s][info][gc          ] GC(126) Minor Collection (Allocation Rate)
[2026-06-18T14:29:53.874+0800][45.681s][info][gc,task     ] GC(126) Using 2 Workers for Young Generation
[2026-06-18T14:29:53.875+0800][45.682s][info][gc,phases   ] GC(126) y: Young Generation
[2026-06-18T14:29:53.876+0800][45.683s][info][gc,phases   ] GC(126) y: Pause Mark Start 0.011ms
[2026-06-18T14:29:53.877+0800][45.685s][info][gc,phases   ] GC(126) y: Concurrent Mark 0.467ms
[2026-06-18T14:29:53.879+0800][45.686s][info][gc,phases   ] GC(126) y: Pause Mark End 0.011ms
[2026-06-18T14:29:53.880+0800][45.687s][info][gc,phases   ] GC(126) y: Concurrent Mark Free 0.002ms
[2026-06-18T14:29:53.881+0800][45.688s][info][gc,phases   ] GC(126) y: Concurrent Reset Relocation Set 0.002ms
[2026-06-18T14:29:53.881+0800][45.689s][info][gc,reloc    ] GC(126) y: Using tenuring threshold: 2 (Computed)
[2026-06-18T14:29:53.883+0800][45.690s][info][gc,phases   ] GC(126) y: Concurrent Select Relocation Set 1.225ms
[2026-06-18T14:29:53.884+0800][45.691s][info][gc,phases   ] GC(126) y: Pause Relocate Start 0.010ms
[2026-06-18T14:29:53.886+0800][45.694s][info][gc,phases   ] GC(126) y: Concurrent Relocate 0.853ms
[2026-06-18T14:29:53.887+0800][45.695s][info][gc,alloc    ] GC(126) y:                         Mark Start        Mark End      Relocate Start    Relocate End   
[2026-06-18T14:29:53.889+0800][45.696s][info][gc,alloc    ] GC(126) y: Allocation Stalls:          0                0                0                0         
[2026-06-18T14:29:53.890+0800][45.697s][info][gc,load     ] GC(126) y: Load: 0.33 (1%) / 0.32 (1%) / 0.30 (1%)
[2026-06-18T14:29:53.892+0800][45.699s][info][gc,mmu      ] GC(126) y: MMU: 2ms/97.5%, 5ms/98.6%, 10ms/99.3%, 20ms/99.6%, 50ms/99.8%, 100ms/99.9%
[2026-06-18T14:29:53.894+0800][45.701s][info][gc,marking  ] GC(126) y: Mark: 2 stripe(s), 1 proactive flush(es), 1 terminate flush(es), 0 completion(s), 0 continuation(s) 
[2026-06-18T14:29:53.895+0800][45.702s][info][gc,nmethod  ] GC(126) y: NMethods: 103 registered, 8 unregistered
[2026-06-18T14:29:53.895+0800][45.703s][info][gc,metaspace] GC(126) y: Metaspace: 0M used, 0M committed, 1088M reserved
[2026-06-18T14:29:53.900+0800][45.707s][info][gc,reloc    ] GC(126) y:                        Candidates     Selected     In-Place         Size        Empty    Relocated 
[2026-06-18T14:29:53.900+0800][45.708s][info][gc,reloc    ] GC(126) y: Small Pages:                   78           14            0         156M         118M           3M 
[2026-06-18T14:29:53.901+0800][45.708s][info][gc,reloc    ] GC(126) y: Medium Pages:                   8            2            0          64M          32M           4M 
[2026-06-18T14:29:53.901+0800][45.709s][info][gc,reloc    ] GC(126) y: Large Pages:                    5            0            0          10M           4M           0M 
[2026-06-18T14:29:53.903+0800][45.710s][info][gc,reloc    ] GC(126) y: Forwarding Usage: 0M
[2026-06-18T14:29:53.903+0800][45.711s][info][gc,reloc    ] GC(126) y: Age Table:
[2026-06-18T14:29:53.904+0800][45.711s][info][gc,reloc    ] GC(126) y:                    Live             Garbage             Small              Medium             Large        
[2026-06-18T14:29:53.904+0800][45.712s][info][gc,reloc    ] GC(126) y: Eden              20M (8%)          155M (61%)         75 / 14             3 / 2              1 / 0        
[2026-06-18T14:29:53.905+0800][45.712s][info][gc,reloc    ] GC(126) y: Survivor 1         0M (0%)           21M (8%)           3 / 0              2 / 0              0 / 0        
[2026-06-18T14:29:53.905+0800][45.713s][info][gc,reloc    ] GC(126) y: Survivor 2         4M (2%)            8M (3%)           0 / 0              1 / 0              2 / 0        
[2026-06-18T14:29:53.906+0800][45.714s][info][gc,reloc    ] GC(126) y: Survivor 3          -                10M (4%)           0 / 0              1 / 0              1 / 0        
[2026-06-18T14:29:53.907+0800][45.714s][info][gc,reloc    ] GC(126) y: Survivor 4          -                10M (4%)           0 / 0              1 / 0              1 / 0        
[2026-06-18T14:29:53.907+0800][45.715s][info][gc,heap     ] GC(126) y: Min Capacity: 256M(100%)
[2026-06-18T14:29:53.908+0800][45.715s][info][gc,heap     ] GC(126) y: Max Capacity: 256M(100%)
[2026-06-18T14:29:53.908+0800][45.716s][info][gc,heap     ] GC(126) y: Soft Max Capacity: 256M(100%)
[2026-06-18T14:29:53.912+0800][45.719s][info][gc,heap     ] GC(126) y: Heap Statistics:
[2026-06-18T14:29:53.912+0800][45.720s][info][gc,heap     ] GC(126) y:                Mark Start          Mark End        Relocate Start      Relocate End           High               Low         
[2026-06-18T14:29:53.913+0800][45.720s][info][gc,heap     ] GC(126) y:  Capacity:      256M (100%)        256M (100%)        256M (100%)        256M (100%)        256M (100%)        256M (100%)   
[2026-06-18T14:29:53.915+0800][45.722s][info][gc,heap     ] GC(126) y:      Free:       24M (9%)           24M (9%)          164M (64%)         198M (77%)         198M (77%)          24M (9%)     
[2026-06-18T14:29:53.918+0800][45.725s][info][gc,heap     ] GC(126) y:      Used:      232M (91%)         232M (91%)          92M (36%)          58M (23%)         232M (91%)          58M (23%)    
[2026-06-18T14:29:53.920+0800][45.728s][info][gc,heap     ] GC(126) y: Young Generation Statistics:
[2026-06-18T14:29:53.921+0800][45.728s][info][gc,heap     ] GC(126) y:                Mark Start          Mark End        Relocate Start      Relocate End    
[2026-06-18T14:29:53.922+0800][45.729s][info][gc,heap     ] GC(126) y:      Used:      230M (90%)         230M (90%)          86M (34%)          52M (20%)    
[2026-06-18T14:29:53.922+0800][45.730s][info][gc,heap     ] GC(126) y:      Live:         -                25M (10%)          21M (9%)           21M (9%)     
[2026-06-18T14:29:53.923+0800][45.730s][info][gc,heap     ] GC(126) y:   Garbage:         -               204M (80%)          50M (20%)           2M (1%)     
[2026-06-18T14:29:53.923+0800][45.731s][info][gc,heap     ] GC(126) y: Allocated:         -                 0M (0%)           14M (5%)           27M (11%)    
[2026-06-18T14:29:53.924+0800][45.731s][info][gc,heap     ] GC(126) y: Reclaimed:         -                  -               154M (60%)         201M (79%)    
[2026-06-18T14:29:53.924+0800][45.732s][info][gc,heap     ] GC(126) y:  Promoted:         -                  -                 4M (2%)            4M (2%)     
[2026-06-18T14:29:53.925+0800][45.732s][info][gc,heap     ] GC(126) y: Compacted:         -                  -                  -                10M (4%)     
[2026-06-18T14:29:53.925+0800][45.733s][info][gc,phases   ] GC(126) y: Young Generation 232M(91%)->58M(23%) 0.013s
[2026-06-18T14:29:53.926+0800][45.733s][info][gc          ] GC(126) Minor Collection (Allocation Rate) 232M(91%)->72M(28%) 0.053s
[2026-06-18T14:29:54.313+0800][46.120s][info][gc          ] GC(127) Minor Collection (Allocation Rate)
[2026-06-18T14:29:54.314+0800][46.121s][info][gc,task     ] GC(127) Using 1 Workers for Young Generation
[2026-06-18T14:29:54.315+0800][46.122s][info][gc,phases   ] GC(127) y: Young Generation
[2026-06-18T14:29:54.315+0800][46.123s][info][gc,phases   ] GC(127) y: Pause Mark Start 0.013ms
[2026-06-18T14:29:54.317+0800][46.124s][info][gc,phases   ] GC(127) y: Concurrent Mark 0.655ms
[2026-06-18T14:29:54.317+0800][46.125s][info][gc,phases   ] GC(127) y: Pause Mark End 0.008ms
[2026-06-18T14:29:54.318+0800][46.125s][info][gc,phases   ] GC(127) y: Concurrent Mark Free 0.001ms
[2026-06-18T14:29:54.319+0800][46.126s][info][gc,phases   ] GC(127) y: Concurrent Reset Relocation Set 0.004ms
[2026-06-18T14:29:54.319+0800][46.126s][info][gc,reloc    ] GC(127) y: Using tenuring threshold: 3 (Computed)
[2026-06-18T14:29:54.320+0800][46.127s][info][gc,phases   ] GC(127) y: Concurrent Select Relocation Set 1.030ms
[2026-06-18T14:29:54.321+0800][46.128s][info][gc,phases   ] GC(127) y: Pause Relocate Start 0.009ms
[2026-06-18T14:29:54.322+0800][46.130s][info][gc,phases   ] GC(127) y: Concurrent Relocate 1.080ms
[2026-06-18T14:29:54.323+0800][46.130s][info][gc,alloc    ] GC(127) y:                         Mark Start        Mark End      Relocate Start    Relocate End   
[2026-06-18T14:29:54.323+0800][46.131s][info][gc,alloc    ] GC(127) y: Allocation Stalls:          0                0                0                0         
[2026-06-18T14:29:54.324+0800][46.131s][info][gc,load     ] GC(127) y: Load: 0.33 (1%) / 0.32 (1%) / 0.30 (1%)
[2026-06-18T14:29:54.324+0800][46.132s][info][gc,mmu      ] GC(127) y: MMU: 2ms/97.5%, 5ms/98.6%, 10ms/99.3%, 20ms/99.6%, 50ms/99.8%, 100ms/99.9%
[2026-06-18T14:29:54.325+0800][46.132s][info][gc,marking  ] GC(127) y: Mark: 1 stripe(s), 1 proactive flush(es), 1 terminate flush(es), 0 completion(s), 0 continuation(s) 
[2026-06-18T14:29:54.325+0800][46.132s][info][gc,nmethod  ] GC(127) y: NMethods: 103 registered, 8 unregistered
[2026-06-18T14:29:54.325+0800][46.133s][info][gc,metaspace] GC(127) y: Metaspace: 0M used, 0M committed, 1088M reserved
[2026-06-18T14:29:54.326+0800][46.133s][info][gc,reloc    ] GC(127) y:                        Candidates     Selected     In-Place         Size        Empty    Relocated 
[2026-06-18T14:29:54.326+0800][46.133s][info][gc,reloc    ] GC(127) y: Small Pages:                   85           10            0         170M         142M           4M 
[2026-06-18T14:29:54.327+0800][46.134s][info][gc,reloc    ] GC(127) y: Medium Pages:                   6            2            0          48M          16M           2M 
[2026-06-18T14:29:54.327+0800][46.134s][info][gc,reloc    ] GC(127) y: Large Pages:                    2            0            0           4M           0M           0M 
[2026-06-18T14:29:54.327+0800][46.135s][info][gc,reloc    ] GC(127) y: Forwarding Usage: 0M
[2026-06-18T14:29:54.328+0800][46.135s][info][gc,reloc    ] GC(127) y: Age Table:
[2026-06-18T14:29:54.328+0800][46.136s][info][gc,reloc    ] GC(127) y:                    Live             Garbage             Small              Medium             Large        
[2026-06-18T14:29:54.329+0800][46.136s][info][gc,reloc    ] GC(127) y: Eden              17M (7%)          166M (65%)         79 / 10             3 / 1              1 / 0        
[2026-06-18T14:29:54.329+0800][46.136s][info][gc,reloc    ] GC(127) y: Survivor 1         3M (1%)           26M (10%)          6 / 0              2 / 1              1 / 0        
[2026-06-18T14:29:54.329+0800][46.137s][info][gc,reloc    ] GC(127) y: Survivor 2         0M (0%)            7M (3%)           0 / 0              1 / 0              0 / 0        
[2026-06-18T14:29:54.329+0800][46.137s][info][gc,heap     ] GC(127) y: Min Capacity: 256M(100%)
[2026-06-18T14:29:54.330+0800][46.137s][info][gc,heap     ] GC(127) y: Max Capacity: 256M(100%)
[2026-06-18T14:29:54.330+0800][46.138s][info][gc,heap     ] GC(127) y: Soft Max Capacity: 256M(100%)
[2026-06-18T14:29:54.331+0800][46.138s][info][gc,heap     ] GC(127) y: Heap Statistics:
[2026-06-18T14:29:54.331+0800][46.138s][info][gc,heap     ] GC(127) y:                Mark Start          Mark End        Relocate Start      Relocate End           High               Low         
[2026-06-18T14:29:54.331+0800][46.139s][info][gc,heap     ] GC(127) y:  Capacity:      256M (100%)        256M (100%)        256M (100%)        256M (100%)        256M (100%)        256M (100%)   
[2026-06-18T14:29:54.332+0800][46.139s][info][gc,heap     ] GC(127) y:      Free:       28M (11%)          28M (11%)         186M (73%)         206M (80%)         206M (80%)          28M (11%)    
[2026-06-18T14:29:54.332+0800][46.140s][info][gc,heap     ] GC(127) y:      Used:      228M (89%)         228M (89%)          70M (27%)          50M (20%)         228M (89%)          50M (20%)    
[2026-06-18T14:29:54.333+0800][46.140s][info][gc,heap     ] GC(127) y: Young Generation Statistics:
[2026-06-18T14:29:54.333+0800][46.140s][info][gc,heap     ] GC(127) y:                Mark Start          Mark End        Relocate Start      Relocate End    
[2026-06-18T14:29:54.333+0800][46.141s][info][gc,heap     ] GC(127) y:      Used:      222M (87%)         222M (87%)          64M (25%)          44M (17%)    
[2026-06-18T14:29:54.334+0800][46.141s][info][gc,heap     ] GC(127) y:      Live:         -                22M (9%)           22M (9%)           22M (9%)     
[2026-06-18T14:29:54.334+0800][46.142s][info][gc,heap     ] GC(127) y:   Garbage:         -               199M (78%)          41M (16%)           0M (0%)     
[2026-06-18T14:29:54.335+0800][46.142s][info][gc,heap     ] GC(127) y: Allocated:         -                 0M (0%)            0M (0%)           21M (8%)     
[2026-06-18T14:29:54.335+0800][46.142s][info][gc,heap     ] GC(127) y: Reclaimed:         -                  -               158M (62%)         199M (78%)    
[2026-06-18T14:29:54.335+0800][46.143s][info][gc,heap     ] GC(127) y:  Promoted:         -                  -                 0M (0%)            0M (0%)     
[2026-06-18T14:29:54.336+0800][46.143s][info][gc,heap     ] GC(127) y: Compacted:         -                  -                  -                10M (4%)     
[2026-06-18T14:29:54.336+0800][46.143s][info][gc,phases   ] GC(127) y: Young Generation 228M(89%)->50M(20%) 0.008s
[2026-06-18T14:29:54.336+0800][46.144s][info][gc          ] GC(127) Minor Collection (Allocation Rate) 228M(89%)->66M(26%) 0.023s
[2026-06-18T14:29:54.712+0800][46.519s][info][gc          ] GC(128) Major Collection (Proactive)
[2026-06-18T14:29:54.713+0800][46.520s][info][gc,task     ] GC(128) Using 1 Workers for Young Generation
[2026-06-18T14:29:54.713+0800][46.520s][info][gc,task     ] GC(128) Using 1 Workers for Old Generation
[2026-06-18T14:29:54.714+0800][46.521s][info][gc,phases   ] GC(128) Y: Young Generation
[2026-06-18T14:29:54.715+0800][46.522s][info][gc,phases   ] GC(128) Y: Pause Mark Start (Major) 0.016ms
[2026-06-18T14:29:54.716+0800][46.523s][info][gc,phases   ] GC(128) Y: Concurrent Mark 0.536ms
[2026-06-18T14:29:54.717+0800][46.524s][info][gc,phases   ] GC(128) Y: Pause Mark End 0.008ms
[2026-06-18T14:29:54.717+0800][46.524s][info][gc,phases   ] GC(128) Y: Concurrent Mark Free 0.002ms
[2026-06-18T14:29:54.717+0800][46.525s][info][gc,phases   ] GC(128) Y: Concurrent Reset Relocation Set 0.002ms
[2026-06-18T14:29:54.718+0800][46.525s][info][gc,reloc    ] GC(128) Y: Using tenuring threshold: 4 (Computed)
[2026-06-18T14:29:54.718+0800][46.526s][info][gc,phases   ] GC(128) Y: Concurrent Select Relocation Set 0.818ms
[2026-06-18T14:29:54.719+0800][46.527s][info][gc,phases   ] GC(128) Y: Pause Relocate Start 0.009ms
[2026-06-18T14:29:54.722+0800][46.529s][info][gc,phases   ] GC(128) Y: Concurrent Relocate 1.224ms
[2026-06-18T14:29:54.722+0800][46.530s][info][gc,alloc    ] GC(128) Y:                         Mark Start        Mark End      Relocate Start    Relocate End   
[2026-06-18T14:29:54.722+0800][46.530s][info][gc,alloc    ] GC(128) Y: Allocation Stalls:          0                0                0                0         
[2026-06-18T14:29:54.723+0800][46.530s][info][gc,load     ] GC(128) Y: Load: 0.33 (1%) / 0.32 (1%) / 0.30 (1%)
[2026-06-18T14:29:54.723+0800][46.531s][info][gc,mmu      ] GC(128) Y: MMU: 2ms/97.5%, 5ms/98.6%, 10ms/99.3%, 20ms/99.6%, 50ms/99.8%, 100ms/99.9%
[2026-06-18T14:29:54.724+0800][46.531s][info][gc,marking  ] GC(128) Y: Mark: 1 stripe(s), 1 proactive flush(es), 1 terminate flush(es), 0 completion(s), 0 continuation(s) 
[2026-06-18T14:29:54.724+0800][46.532s][info][gc,nmethod  ] GC(128) Y: NMethods: 103 registered, 8 unregistered
[2026-06-18T14:29:54.724+0800][46.532s][info][gc,metaspace] GC(128) Y: Metaspace: 0M used, 0M committed, 1088M reserved
[2026-06-18T14:29:54.725+0800][46.532s][info][gc,reloc    ] GC(128) Y:                        Candidates     Selected     In-Place         Size        Empty    Relocated 
[2026-06-18T14:29:54.726+0800][46.533s][info][gc,reloc    ] GC(128) Y: Small Pages:                   74           10            0         148M         122M           3M 
[2026-06-18T14:29:54.726+0800][46.533s][info][gc,reloc    ] GC(128) Y: Medium Pages:                   7            4            0          56M           8M           4M 
[2026-06-18T14:29:54.726+0800][46.534s][info][gc,reloc    ] GC(128) Y: Large Pages:                    3            0            0           6M           0M           0M 
[2026-06-18T14:29:54.727+0800][46.534s][info][gc,reloc    ] GC(128) Y: Forwarding Usage: 0M
[2026-06-18T14:29:54.727+0800][46.534s][info][gc,reloc    ] GC(128) Y: Age Table:
[2026-06-18T14:29:54.727+0800][46.535s][info][gc,reloc    ] GC(128) Y:                    Live             Garbage             Small              Medium             Large        
[2026-06-18T14:29:54.728+0800][46.535s][info][gc,reloc    ] GC(128) Y: Eden              13M (5%)          152M (60%)         70 / 10             3 / 1              1 / 0        
[2026-06-18T14:29:54.728+0800][46.535s][info][gc,reloc    ] GC(128) Y: Survivor 1         2M (1%)           23M (9%)           4 / 0              2 / 1              1 / 0        
[2026-06-18T14:29:54.728+0800][46.536s][info][gc,reloc    ] GC(128) Y: Survivor 2         3M (1%)            6M (2%)           0 / 0              1 / 1              1 / 0        
[2026-06-18T14:29:54.729+0800][46.536s][info][gc,reloc    ] GC(128) Y: Survivor 3         0M (0%)            7M (3%)           0 / 0              1 / 1              0 / 0        
[2026-06-18T14:29:54.729+0800][46.536s][info][gc,heap     ] GC(128) Y: Min Capacity: 256M(100%)
[2026-06-18T14:29:54.729+0800][46.537s][info][gc,heap     ] GC(128) Y: Max Capacity: 256M(100%)
[2026-06-18T14:29:54.729+0800][46.537s][info][gc,heap     ] GC(128) Y: Soft Max Capacity: 256M(100%)
[2026-06-18T14:29:54.730+0800][46.537s][info][gc,heap     ] GC(128) Y: Heap Statistics:
[2026-06-18T14:29:54.730+0800][46.537s][info][gc,heap     ] GC(128) Y:                Mark Start          Mark End        Relocate Start      Relocate End           High               Low         
[2026-06-18T14:29:54.731+0800][46.538s][info][gc,heap     ] GC(128) Y:  Capacity:      256M (100%)        256M (100%)        256M (100%)        256M (100%)        256M (100%)        256M (100%)   
[2026-06-18T14:29:54.731+0800][46.538s][info][gc,heap     ] GC(128) Y:      Free:       40M (16%)          40M (16%)         170M (66%)         198M (77%)         198M (77%)          40M (16%)    
[2026-06-18T14:29:54.732+0800][46.539s][info][gc,heap     ] GC(128) Y:      Used:      216M (84%)         216M (84%)          86M (34%)          58M (23%)         216M (84%)          58M (23%)    
[2026-06-18T14:29:54.733+0800][46.540s][info][gc,heap     ] GC(128) Y: Young Generation Statistics:
[2026-06-18T14:29:54.733+0800][46.541s][info][gc,heap     ] GC(128) Y:                Mark Start          Mark End        Relocate Start      Relocate End    
[2026-06-18T14:29:54.734+0800][46.541s][info][gc,heap     ] GC(128) Y:      Used:      210M (82%)         210M (82%)          80M (31%)          52M (20%)    
[2026-06-18T14:29:54.734+0800][46.541s][info][gc,heap     ] GC(128) Y:      Live:         -                20M (8%)           20M (8%)           20M (8%)     
[2026-06-18T14:29:54.734+0800][46.542s][info][gc,heap     ] GC(128) Y:   Garbage:         -               189M (74%)          59M (23%)           3M (1%)     
[2026-06-18T14:29:54.734+0800][46.542s][info][gc,heap     ] GC(128) Y: Allocated:         -                 0M (0%)            0M (0%)           27M (11%)    
[2026-06-18T14:29:54.735+0800][46.542s][info][gc,heap     ] GC(128) Y: Reclaimed:         -                  -               130M (51%)         185M (73%)    
[2026-06-18T14:29:54.735+0800][46.542s][info][gc,heap     ] GC(128) Y:  Promoted:         -                  -                 0M (0%)            0M (0%)     
[2026-06-18T14:29:54.735+0800][46.543s][info][gc,heap     ] GC(128) Y: Compacted:         -                  -                  -                10M (4%)     
[2026-06-18T14:29:54.735+0800][46.543s][info][gc,phases   ] GC(128) Y: Young Generation 216M(84%)->58M(23%) 0.009s
[2026-06-18T14:29:54.736+0800][46.543s][info][gc,phases   ] GC(128) O: Old Generation
[2026-06-18T14:29:54.737+0800][46.545s][info][gc,phases   ] GC(128) O: Concurrent Mark 1.097ms
[2026-06-18T14:29:54.739+0800][46.546s][info][gc,phases   ] GC(128) O: Pause Mark End 0.018ms
[2026-06-18T14:29:54.739+0800][46.547s][info][gc,phases   ] GC(128) O: Concurrent Mark Free 0.006ms
[2026-06-18T14:29:54.740+0800][46.548s][info][gc,phases   ] GC(128) O: Concurrent Process Non-Strong 0.439ms
[2026-06-18T14:29:54.741+0800][46.549s][info][gc,phases   ] GC(128) O: Concurrent Reset Relocation Set 0.001ms
[2026-06-18T14:29:54.746+0800][46.554s][info][gc,phases   ] GC(128) O: Concurrent Select Relocation Set 0.059ms
[2026-06-18T14:29:54.754+0800][46.561s][info][gc,task     ] GC(128) O: Using 2 Workers for Old Generation
[2026-06-18T14:29:54.764+0800][46.571s][info][gc,task     ] GC(128) O: Using 1 Workers for Old Generation
[2026-06-18T14:29:54.765+0800][46.573s][info][gc,phases   ] GC(128) O: Concurrent Remap Roots 11.230ms
[2026-06-18T14:29:54.766+0800][46.573s][info][gc,phases   ] GC(128) O: Pause Relocate Start 0.011ms
[2026-06-18T14:29:54.767+0800][46.574s][info][gc,phases   ] GC(128) O: Concurrent Relocate 0.078ms
[2026-06-18T14:29:54.768+0800][46.575s][info][gc,alloc    ] GC(128) O:                         Mark Start        Mark End      Relocate Start    Relocate End   
[2026-06-18T14:29:54.769+0800][46.576s][info][gc,alloc    ] GC(128) O: Allocation Stalls:          0                0                0                0         
[2026-06-18T14:29:54.769+0800][46.577s][info][gc,load     ] GC(128) O: Load: 0.33 (1%) / 0.32 (1%) / 0.30 (1%)
[2026-06-18T14:29:54.770+0800][46.577s][info][gc,mmu      ] GC(128) O: MMU: 2ms/97.5%, 5ms/98.6%, 10ms/99.3%, 20ms/99.6%, 50ms/99.8%, 100ms/99.9%
[2026-06-18T14:29:54.771+0800][46.578s][info][gc,marking  ] GC(128) O: Mark: 1 stripe(s), 2 proactive flush(es), 1 terminate flush(es), 0 completion(s), 0 continuation(s) 
[2026-06-18T14:29:54.771+0800][46.578s][info][gc,nmethod  ] GC(128) O: NMethods: 103 registered, 8 unregistered
[2026-06-18T14:29:54.772+0800][46.579s][info][gc,metaspace] GC(128) O: Metaspace: 0M used, 0M committed, 1088M reserved
[2026-06-18T14:29:54.772+0800][46.580s][info][gc,ref      ] GC(128) O:                       Encountered   Discovered     Enqueued 
[2026-06-18T14:29:54.773+0800][46.580s][info][gc,ref      ] GC(128) O: Soft References:                2            0            0 
[2026-06-18T14:29:54.774+0800][46.581s][info][gc,ref      ] GC(128) O: Weak References:                6            0            0 
[2026-06-18T14:29:54.774+0800][46.582s][info][gc,ref      ] GC(128) O: Final References:               0            0            0 
[2026-06-18T14:29:54.775+0800][46.582s][info][gc,ref      ] GC(128) O: Phantom References:             1            1            0 
[2026-06-18T14:29:54.775+0800][46.583s][info][gc,reloc    ] GC(128) O:                        Candidates     Selected     In-Place         Size        Empty    Relocated 
[2026-06-18T14:29:54.776+0800][46.583s][info][gc,reloc    ] GC(128) O: Small Pages:                    1            0            0           2M           0M           0M 
[2026-06-18T14:29:54.778+0800][46.585s][info][gc,reloc    ] GC(128) O: Medium Pages:                   0            0            0           0M           0M           0M 
[2026-06-18T14:29:54.778+0800][46.586s][info][gc,reloc    ] GC(128) O: Large Pages:                    2            0            0           4M           0M           0M 
[2026-06-18T14:29:54.779+0800][46.586s][info][gc,reloc    ] GC(128) O: Forwarding Usage: 0M
[2026-06-18T14:29:54.784+0800][46.591s][info][gc,heap     ] GC(128) O: Min Capacity: 256M(100%)
[2026-06-18T14:29:54.799+0800][46.607s][info][gc,heap     ] GC(128) O: Max Capacity: 256M(100%)
[2026-06-18T14:29:54.801+0800][46.608s][info][gc,heap     ] GC(128) O: Soft Max Capacity: 256M(100%)
[2026-06-18T14:29:54.802+0800][46.609s][info][gc,heap     ] GC(128) O: Heap Statistics:
[2026-06-18T14:29:54.802+0800][46.610s][info][gc,heap     ] GC(128) O:                Mark Start          Mark End        Relocate Start      Relocate End           High               Low         
[2026-06-18T14:29:54.803+0800][46.611s][info][gc,heap     ] GC(128) O:  Capacity:      256M (100%)        256M (100%)        256M (100%)        256M (100%)        256M (100%)        256M (100%)   
[2026-06-18T14:29:54.805+0800][46.612s][info][gc,heap     ] GC(128) O:      Free:       40M (16%)         182M (71%)         168M (66%)         168M (66%)         198M (77%)          40M (16%)    
[2026-06-18T14:29:54.806+0800][46.613s][info][gc,heap     ] GC(128) O:      Used:      216M (84%)          74M (29%)          88M (34%)          88M (34%)         216M (84%)          58M (23%)    
[2026-06-18T14:29:54.820+0800][46.627s][info][gc,heap     ] GC(128) O: Old Generation Statistics:
[2026-06-18T14:29:54.821+0800][46.628s][info][gc,heap     ] GC(128) O:                Mark Start          Mark End        Relocate Start      Relocate End    
[2026-06-18T14:29:54.822+0800][46.630s][info][gc,heap     ] GC(128) O:      Used:        6M (2%)            6M (2%)            6M (2%)            6M (2%)     
[2026-06-18T14:29:54.823+0800][46.631s][info][gc,heap     ] GC(128) O:      Live:         -                 4M (2%)            4M (2%)            4M (2%)     
[2026-06-18T14:29:54.824+0800][46.631s][info][gc,heap     ] GC(128) O:   Garbage:         -                 1M (1%)            1M (1%)            1M (1%)     
[2026-06-18T14:29:54.825+0800][46.632s][info][gc,heap     ] GC(128) O: Allocated:         -                 0M (0%)            0M (0%)            0M (0%)     
[2026-06-18T14:29:54.825+0800][46.633s][info][gc,heap     ] GC(128) O: Reclaimed:         -                  -                 0M (0%)            0M (0%)     
[2026-06-18T14:29:54.826+0800][46.633s][info][gc,heap     ] GC(128) O: Compacted:         -                  -                  -                 0M (0%)     
[2026-06-18T14:29:54.827+0800][46.634s][info][gc,phases   ] GC(128) O: Old Generation 74M(29%)->88M(34%) 0.032s
[2026-06-18T14:29:54.828+0800][46.635s][info][gc          ] GC(128) Major Collection (Proactive) 214M(84%)->110M(43%) 0.116s
[2026-06-18T14:29:55.142+0800][46.949s][info][gc          ] GC(129) Minor Collection (High Usage)
[2026-06-18T14:29:55.143+0800][46.951s][info][gc,task     ] GC(129) Using 1 Workers for Young Generation
[2026-06-18T14:29:55.144+0800][46.951s][info][gc,phases   ] GC(129) y: Young Generation
[2026-06-18T14:29:55.145+0800][46.952s][info][gc,phases   ] GC(129) y: Pause Mark Start 0.054ms
[2026-06-18T14:29:55.146+0800][46.954s][info][gc,phases   ] GC(129) y: Concurrent Mark 0.397ms
[2026-06-18T14:29:55.147+0800][46.954s][info][gc,phases   ] GC(129) y: Pause Mark End 0.007ms
[2026-06-18T14:29:55.147+0800][46.955s][info][gc,phases   ] GC(129) y: Concurrent Mark Free 0.001ms
[2026-06-18T14:29:55.148+0800][46.955s][info][gc,phases   ] GC(129) y: Concurrent Reset Relocation Set 0.002ms
[2026-06-18T14:29:55.148+0800][46.956s][info][gc,reloc    ] GC(129) y: Using tenuring threshold: 4 (Computed)
[2026-06-18T14:29:55.149+0800][46.957s][info][gc,phases   ] GC(129) y: Concurrent Select Relocation Set 0.955ms
[2026-06-18T14:29:55.151+0800][46.958s][info][gc,phases   ] GC(129) y: Pause Relocate Start 0.013ms
[2026-06-18T14:29:55.152+0800][46.960s][info][gc,phases   ] GC(129) y: Concurrent Relocate 1.063ms
[2026-06-18T14:29:55.153+0800][46.960s][info][gc,alloc    ] GC(129) y:                         Mark Start        Mark End      Relocate Start    Relocate End   
[2026-06-18T14:29:55.154+0800][46.961s][info][gc,alloc    ] GC(129) y: Allocation Stalls:          0                0                0                0         
[2026-06-18T14:29:55.154+0800][46.961s][info][gc,load     ] GC(129) y: Load: 0.33 (1%) / 0.32 (1%) / 0.30 (1%)
[2026-06-18T14:29:55.155+0800][46.962s][info][gc,mmu      ] GC(129) y: MMU: 2ms/97.3%, 5ms/98.6%, 10ms/99.3%, 20ms/99.6%, 50ms/99.8%, 100ms/99.9%
[2026-06-18T14:29:55.155+0800][46.962s][info][gc,marking  ] GC(129) y: Mark: 1 stripe(s), 1 proactive flush(es), 1 terminate flush(es), 0 completion(s), 0 continuation(s) 
[2026-06-18T14:29:55.156+0800][46.964s][info][gc,nmethod  ] GC(129) y: NMethods: 103 registered, 8 unregistered
[2026-06-18T14:29:55.157+0800][46.964s][info][gc,metaspace] GC(129) y: Metaspace: 0M used, 0M committed, 1088M reserved
[2026-06-18T14:29:55.157+0800][46.965s][info][gc,reloc    ] GC(129) y:                        Candidates     Selected     In-Place         Size        Empty    Relocated 
[2026-06-18T14:29:55.158+0800][46.965s][info][gc,reloc    ] GC(129) y: Small Pages:                   78           13            0         156M         120M           3M 
[2026-06-18T14:29:55.158+0800][46.966s][info][gc,reloc    ] GC(129) y: Medium Pages:                   8            3            0          64M          16M           3M 
[2026-06-18T14:29:55.159+0800][46.966s][info][gc,reloc    ] GC(129) y: Large Pages:                    4            0            0           8M           2M           0M 
[2026-06-18T14:29:55.159+0800][46.966s][info][gc,reloc    ] GC(129) y: Forwarding Usage: 0M
[2026-06-18T14:29:55.159+0800][46.967s][info][gc,reloc    ] GC(129) y: Age Table:
[2026-06-18T14:29:55.159+0800][46.967s][info][gc,reloc    ] GC(129) y:                    Live             Garbage             Small              Medium             Large        
[2026-06-18T14:29:55.160+0800][46.967s][info][gc,reloc    ] GC(129) y: Eden              22M (9%)          153M (60%)         75 / 13             3 / 1              1 / 0        
[2026-06-18T14:29:55.160+0800][46.967s][info][gc,reloc    ] GC(129) y: Survivor 1         2M (1%)           21M (8%)           3 / 0              2 / 0              1 / 0        
[2026-06-18T14:29:55.160+0800][46.967s][info][gc,reloc    ] GC(129) y: Survivor 2         2M (1%)            7M (3%)           0 / 0              1 / 1              1 / 0        
[2026-06-18T14:29:55.160+0800][46.968s][info][gc,reloc    ] GC(129) y: Survivor 3         0M (0%)            9M (4%)           0 / 0              1 / 1              1 / 0        
[2026-06-18T14:29:55.161+0800][46.968s][info][gc,reloc    ] GC(129) y: Survivor 4          -                 8M (3%)           0 / 0              1 / 0              0 / 0        
[2026-06-18T14:29:55.161+0800][46.968s][info][gc,heap     ] GC(129) y: Min Capacity: 256M(100%)
[2026-06-18T14:29:55.162+0800][46.969s][info][gc,heap     ] GC(129) y: Max Capacity: 256M(100%)
[2026-06-18T14:29:55.162+0800][46.970s][info][gc,heap     ] GC(129) y: Soft Max Capacity: 256M(100%)
[2026-06-18T14:29:55.163+0800][46.970s][info][gc,heap     ] GC(129) y: Heap Statistics:
[2026-06-18T14:29:55.163+0800][46.970s][info][gc,heap     ] GC(129) y:                Mark Start          Mark End        Relocate Start      Relocate End           High               Low         
[2026-06-18T14:29:55.163+0800][46.971s][info][gc,heap     ] GC(129) y:  Capacity:      256M (100%)        256M (100%)        256M (100%)        256M (100%)        256M (100%)        256M (100%)   
[2026-06-18T14:29:55.164+0800][46.971s][info][gc,heap     ] GC(129) y:      Free:       22M (9%)           22M (9%)          160M (62%)         186M (73%)         186M (73%)          22M (9%)     
[2026-06-18T14:29:55.164+0800][46.971s][info][gc,heap     ] GC(129) y:      Used:      234M (91%)         234M (91%)          96M (38%)          70M (27%)         234M (91%)          70M (27%)    
[2026-06-18T14:29:55.164+0800][46.972s][info][gc,heap     ] GC(129) y: Young Generation Statistics:
[2026-06-18T14:29:55.164+0800][46.972s][info][gc,heap     ] GC(129) y:                Mark Start          Mark End        Relocate Start      Relocate End    
[2026-06-18T14:29:55.165+0800][46.972s][info][gc,heap     ] GC(129) y:      Used:      228M (89%)         228M (89%)          90M (35%)          64M (25%)    
[2026-06-18T14:29:55.165+0800][46.972s][info][gc,heap     ] GC(129) y:      Live:         -                28M (11%)          28M (11%)          28M (11%)    
[2026-06-18T14:29:55.165+0800][46.972s][info][gc,heap     ] GC(129) y:   Garbage:         -               199M (78%)          61M (24%)           6M (3%)     
[2026-06-18T14:29:55.165+0800][46.973s][info][gc,heap     ] GC(129) y: Allocated:         -                 0M (0%)            0M (0%)           28M (11%)    
[2026-06-18T14:29:55.166+0800][46.973s][info][gc,heap     ] GC(129) y: Reclaimed:         -                  -               138M (54%)         192M (75%)    
[2026-06-18T14:29:55.166+0800][46.973s][info][gc,heap     ] GC(129) y:  Promoted:         -                  -                 0M (0%)            0M (0%)     
[2026-06-18T14:29:55.166+0800][46.973s][info][gc,heap     ] GC(129) y: Compacted:         -                  -                  -                 9M (4%)     
[2026-06-18T14:29:55.166+0800][46.974s][info][gc,phases   ] GC(129) y: Young Generation 234M(91%)->70M(27%) 0.009s
[2026-06-18T14:29:55.167+0800][46.974s][info][gc          ] GC(129) Minor Collection (High Usage) 232M(91%)->78M(30%) 0.025s
[2026-06-18T14:29:55.551+0800][47.358s][info][gc          ] GC(130) Minor Collection (High Usage)
[2026-06-18T14:29:55.552+0800][47.359s][info][gc,task     ] GC(130) Using 1 Workers for Young Generation
[2026-06-18T14:29:55.552+0800][47.360s][info][gc,phases   ] GC(130) y: Young Generation
[2026-06-18T14:29:55.553+0800][47.360s][info][gc,phases   ] GC(130) y: Pause Mark Start 0.013ms
[2026-06-18T14:29:55.555+0800][47.362s][info][gc,phases   ] GC(130) y: Concurrent Mark 0.718ms
[2026-06-18T14:29:55.556+0800][47.363s][info][gc,phases   ] GC(130) y: Pause Mark End 0.011ms
[2026-06-18T14:29:55.556+0800][47.364s][info][gc,phases   ] GC(130) y: Concurrent Mark Free 0.002ms
[2026-06-18T14:29:55.557+0800][47.364s][info][gc,phases   ] GC(130) y: Concurrent Reset Relocation Set 0.002ms
[2026-06-18T14:29:55.557+0800][47.365s][info][gc,reloc    ] GC(130) y: Using tenuring threshold: 5 (Computed)
[2026-06-18T14:29:55.558+0800][47.365s][info][gc,phases   ] GC(130) y: Concurrent Select Relocation Set 0.664ms
[2026-06-18T14:29:55.559+0800][47.366s][info][gc,phases   ] GC(130) y: Pause Relocate Start 0.006ms
[2026-06-18T14:29:55.560+0800][47.368s][info][gc,phases   ] GC(130) y: Concurrent Relocate 0.983ms
[2026-06-18T14:29:55.561+0800][47.368s][info][gc,alloc    ] GC(130) y:                         Mark Start        Mark End      Relocate Start    Relocate End   
[2026-06-18T14:29:55.561+0800][47.369s][info][gc,alloc    ] GC(130) y: Allocation Stalls:          0                0                0                0         
[2026-06-18T14:29:55.562+0800][47.369s][info][gc,load     ] GC(130) y: Load: 0.33 (1%) / 0.32 (1%) / 0.30 (1%)
[2026-06-18T14:29:55.562+0800][47.370s][info][gc,mmu      ] GC(130) y: MMU: 2ms/97.3%, 5ms/98.6%, 10ms/99.3%, 20ms/99.6%, 50ms/99.8%, 100ms/99.9%
[2026-06-18T14:29:55.562+0800][47.370s][info][gc,marking  ] GC(130) y: Mark: 1 stripe(s), 1 proactive flush(es), 1 terminate flush(es), 0 completion(s), 0 continuation(s) 
[2026-06-18T14:29:55.563+0800][47.370s][info][gc,nmethod  ] GC(130) y: NMethods: 103 registered, 8 unregistered
[2026-06-18T14:29:55.563+0800][47.370s][info][gc,metaspace] GC(130) y: Metaspace: 0M used, 0M committed, 1088M reserved
[2026-06-18T14:29:55.563+0800][47.371s][info][gc,reloc    ] GC(130) y:                        Candidates     Selected     In-Place         Size        Empty    Relocated 
[2026-06-18T14:29:55.563+0800][47.371s][info][gc,reloc    ] GC(130) y: Small Pages:                   77           10            0         154M         126M           3M 
[2026-06-18T14:29:55.564+0800][47.371s][info][gc,reloc    ] GC(130) y: Medium Pages:                   8            4            0          64M           8M           3M 
[2026-06-18T14:29:55.564+0800][47.371s][info][gc,reloc    ] GC(130) y: Large Pages:                    5            0            0          10M           0M           0M 
[2026-06-18T14:29:55.564+0800][47.371s][info][gc,reloc    ] GC(130) y: Forwarding Usage: 0M
[2026-06-18T14:29:55.564+0800][47.372s][info][gc,reloc    ] GC(130) y: Age Table:
[2026-06-18T14:29:55.565+0800][47.372s][info][gc,reloc    ] GC(130) y:                    Live             Garbage             Small              Medium             Large        
[2026-06-18T14:29:55.565+0800][47.372s][info][gc,reloc    ] GC(130) y: Eden              20M (8%)          143M (56%)         72 / 10             2 / 0              2 / 0        
[2026-06-18T14:29:55.565+0800][47.372s][info][gc,reloc    ] GC(130) y: Survivor 1         3M (1%)           32M (13%)          5 / 0              3 / 1              1 / 0        
[2026-06-18T14:29:55.565+0800][47.373s][info][gc,reloc    ] GC(130) y: Survivor 2         2M (1%)            7M (3%)           0 / 0              1 / 1              1 / 0        
[2026-06-18T14:29:55.565+0800][47.373s][info][gc,reloc    ] GC(130) y: Survivor 3         2M (1%)            7M (3%)           0 / 0              1 / 1              1 / 0        
[2026-06-18T14:29:55.566+0800][47.373s][info][gc,reloc    ] GC(130) y: Survivor 4         0M (0%)            7M (3%)           0 / 0              1 / 1              0 / 0        
[2026-06-18T14:29:55.566+0800][47.373s][info][gc,heap     ] GC(130) y: Min Capacity: 256M(100%)
[2026-06-18T14:29:55.566+0800][47.373s][info][gc,heap     ] GC(130) y: Max Capacity: 256M(100%)
[2026-06-18T14:29:55.566+0800][47.374s][info][gc,heap     ] GC(130) y: Soft Max Capacity: 256M(100%)
[2026-06-18T14:29:55.567+0800][47.374s][info][gc,heap     ] GC(130) y: Heap Statistics:
[2026-06-18T14:29:55.567+0800][47.374s][info][gc,heap     ] GC(130) y:                Mark Start          Mark End        Relocate Start      Relocate End           High               Low         
[2026-06-18T14:29:55.567+0800][47.375s][info][gc,heap     ] GC(130) y:  Capacity:      256M (100%)        256M (100%)        256M (100%)        256M (100%)        256M (100%)        256M (100%)   
[2026-06-18T14:29:55.568+0800][47.375s][info][gc,heap     ] GC(130) y:      Free:       22M (9%)           22M (9%)          156M (61%)         184M (72%)         184M (72%)          22M (9%)     
[2026-06-18T14:29:55.568+0800][47.375s][info][gc,heap     ] GC(130) y:      Used:      234M (91%)         234M (91%)         100M (39%)          72M (28%)         234M (91%)          72M (28%)    
[2026-06-18T14:29:55.568+0800][47.376s][info][gc,heap     ] GC(130) y: Young Generation Statistics:
[2026-06-18T14:29:55.568+0800][47.376s][info][gc,heap     ] GC(130) y:                Mark Start          Mark End        Relocate Start      Relocate End    
[2026-06-18T14:29:55.569+0800][47.376s][info][gc,heap     ] GC(130) y:      Used:      228M (89%)         228M (89%)          94M (37%)          66M (26%)    
[2026-06-18T14:29:55.569+0800][47.376s][info][gc,heap     ] GC(130) y:      Live:         -                30M (12%)          30M (12%)          30M (12%)    
[2026-06-18T14:29:55.569+0800][47.376s][info][gc,heap     ] GC(130) y:   Garbage:         -               197M (77%)          63M (25%)           6M (2%)     
[2026-06-18T14:29:55.569+0800][47.377s][info][gc,heap     ] GC(130) y: Allocated:         -                 0M (0%)            0M (0%)           29M (11%)    
[2026-06-18T14:29:55.570+0800][47.377s][info][gc,heap     ] GC(130) y: Reclaimed:         -                  -               134M (52%)         191M (75%)    
[2026-06-18T14:29:55.570+0800][47.377s][info][gc,heap     ] GC(130) y:  Promoted:         -                  -                 0M (0%)            0M (0%)     
[2026-06-18T14:29:55.570+0800][47.378s][info][gc,heap     ] GC(130) y: Compacted:         -                  -                  -                 8M (3%)     
[2026-06-18T14:29:55.570+0800][47.378s][info][gc,phases   ] GC(130) y: Young Generation 234M(91%)->72M(28%) 0.008s
[2026-06-18T14:29:55.571+0800][47.378s][info][gc          ] GC(130) Minor Collection (High Usage) 232M(91%)->76M(30%) 0.020s
[2026-06-18T14:29:55.951+0800][47.758s][info][gc          ] GC(131) Minor Collection (High Usage)
[2026-06-18T14:29:55.952+0800][47.759s][info][gc,task     ] GC(131) Using 1 Workers for Young Generation
[2026-06-18T14:29:55.953+0800][47.760s][info][gc,phases   ] GC(131) y: Young Generation
[2026-06-18T14:29:55.954+0800][47.761s][info][gc,phases   ] GC(131) y: Pause Mark Start 0.013ms
[2026-06-18T14:29:55.956+0800][47.763s][info][gc,phases   ] GC(131) y: Concurrent Mark 0.700ms
[2026-06-18T14:29:55.956+0800][47.764s][info][gc,phases   ] GC(131) y: Pause Mark End 0.009ms
[2026-06-18T14:29:55.957+0800][47.764s][info][gc,phases   ] GC(131) y: Concurrent Mark Free 0.001ms
[2026-06-18T14:29:55.957+0800][47.765s][info][gc,phases   ] GC(131) y: Concurrent Reset Relocation Set 0.002ms
[2026-06-18T14:29:55.958+0800][47.765s][info][gc,reloc    ] GC(131) y: Using tenuring threshold: 3 (Computed)
[2026-06-18T14:29:55.958+0800][47.766s][info][gc,phases   ] GC(131) y: Concurrent Select Relocation Set 0.643ms
[2026-06-18T14:29:55.959+0800][47.766s][info][gc,phases   ] GC(131) y: Pause Relocate Start 0.006ms
[2026-06-18T14:29:55.961+0800][47.768s][info][gc,phases   ] GC(131) y: Concurrent Relocate 1.682ms
[2026-06-18T14:29:55.962+0800][47.769s][info][gc,alloc    ] GC(131) y:                         Mark Start        Mark End      Relocate Start    Relocate End   
[2026-06-18T14:29:55.962+0800][47.770s][info][gc,alloc    ] GC(131) y: Allocation Stalls:          0                0                0                0         
[2026-06-18T14:29:55.963+0800][47.770s][info][gc,load     ] GC(131) y: Load: 0.33 (1%) / 0.32 (1%) / 0.30 (1%)
[2026-06-18T14:29:55.963+0800][47.770s][info][gc,mmu      ] GC(131) y: MMU: 2ms/97.3%, 5ms/98.6%, 10ms/99.3%, 20ms/99.6%, 50ms/99.8%, 100ms/99.9%
[2026-06-18T14:29:55.963+0800][47.770s][info][gc,marking  ] GC(131) y: Mark: 1 stripe(s), 1 proactive flush(es), 1 terminate flush(es), 0 completion(s), 0 continuation(s) 
[2026-06-18T14:29:55.963+0800][47.771s][info][gc,nmethod  ] GC(131) y: NMethods: 103 registered, 8 unregistered
[2026-06-18T14:29:55.964+0800][47.771s][info][gc,metaspace] GC(131) y: Metaspace: 0M used, 0M committed, 1088M reserved
[2026-06-18T14:29:55.964+0800][47.771s][info][gc,reloc    ] GC(131) y:                        Candidates     Selected     In-Place         Size        Empty    Relocated 
[2026-06-18T14:29:55.964+0800][47.771s][info][gc,reloc    ] GC(131) y: Small Pages:                   75           17            0         150M         106M           4M 
[2026-06-18T14:29:55.964+0800][47.772s][info][gc,reloc    ] GC(131) y: Medium Pages:                   8            1            0          64M          40M           5M 
[2026-06-18T14:29:55.964+0800][47.772s][info][gc,reloc    ] GC(131) y: Large Pages:                    6            0            0          12M           4M           0M 
[2026-06-18T14:29:55.965+0800][47.772s][info][gc,reloc    ] GC(131) y: Forwarding Usage: 0M
[2026-06-18T14:29:55.965+0800][47.772s][info][gc,reloc    ] GC(131) y: Age Table:
[2026-06-18T14:29:55.965+0800][47.772s][info][gc,reloc    ] GC(131) y:                    Live             Garbage             Small              Medium             Large        
[2026-06-18T14:29:55.965+0800][47.773s][info][gc,reloc    ] GC(131) y: Eden              21M (8%)          138M (54%)         71 / 17             2 / 1              1 / 0        
[2026-06-18T14:29:55.966+0800][47.773s][info][gc,reloc    ] GC(131) y: Survivor 1         4M (2%)           24M (9%)           4 / 0              2 / 0              2 / 0        
[2026-06-18T14:29:55.966+0800][47.773s][info][gc,reloc    ] GC(131) y: Survivor 2         3M (1%)            6M (3%)           0 / 0              1 / 0              1 / 0        
[2026-06-18T14:29:55.966+0800][47.773s][info][gc,reloc    ] GC(131) y: Survivor 3          -                10M (4%)           0 / 0              1 / 0              1 / 0        
[2026-06-18T14:29:55.966+0800][47.774s][info][gc,reloc    ] GC(131) y: Survivor 4          -                10M (4%)           0 / 0              1 / 0              1 / 0        
[2026-06-18T14:29:55.967+0800][47.774s][info][gc,reloc    ] GC(131) y: Survivor 5          -                 8M (3%)           0 / 0              1 / 0              0 / 0        
[2026-06-18T14:29:55.967+0800][47.774s][info][gc,heap     ] GC(131) y: Min Capacity: 256M(100%)
[2026-06-18T14:29:55.967+0800][47.775s][info][gc,heap     ] GC(131) y: Max Capacity: 256M(100%)
[2026-06-18T14:29:55.968+0800][47.775s][info][gc,heap     ] GC(131) y: Soft Max Capacity: 256M(100%)
[2026-06-18T14:29:55.968+0800][47.775s][info][gc,heap     ] GC(131) y: Heap Statistics:
[2026-06-18T14:29:55.968+0800][47.775s][info][gc,heap     ] GC(131) y:                Mark Start          Mark End        Relocate Start      Relocate End           High               Low         
[2026-06-18T14:29:55.968+0800][47.776s][info][gc,heap     ] GC(131) y:  Capacity:      256M (100%)        256M (100%)        256M (100%)        256M (100%)        256M (100%)        256M (100%)   
[2026-06-18T14:29:55.968+0800][47.776s][info][gc,heap     ] GC(131) y:      Free:       24M (9%)           24M (9%)          174M (68%)         206M (80%)         208M (81%)          24M (9%)     
[2026-06-18T14:29:55.969+0800][47.776s][info][gc,heap     ] GC(131) y:      Used:      232M (91%)         232M (91%)          82M (32%)          50M (20%)         232M (91%)          48M (19%)    
[2026-06-18T14:29:55.969+0800][47.776s][info][gc,heap     ] GC(131) y: Young Generation Statistics:
[2026-06-18T14:29:55.969+0800][47.777s][info][gc,heap     ] GC(131) y:                Mark Start          Mark End        Relocate Start      Relocate End    
[2026-06-18T14:29:55.969+0800][47.777s][info][gc,heap     ] GC(131) y:      Used:      226M (88%)         226M (88%)          76M (30%)          44M (17%)    
[2026-06-18T14:29:55.970+0800][47.777s][info][gc,heap     ] GC(131) y:      Live:         -                28M (11%)          28M (11%)          28M (11%)    
[2026-06-18T14:29:55.970+0800][47.777s][info][gc,heap     ] GC(131) y:   Garbage:         -               197M (77%)          47M (18%)           2M (1%)     
[2026-06-18T14:29:55.970+0800][47.777s][info][gc,heap     ] GC(131) y: Allocated:         -                 0M (0%)            0M (0%)           13M (5%)     
[2026-06-18T14:29:55.970+0800][47.778s][info][gc,heap     ] GC(131) y: Reclaimed:         -                  -               150M (59%)         195M (76%)    
[2026-06-18T14:29:55.971+0800][47.778s][info][gc,heap     ] GC(131) y:  Promoted:         -                  -                 0M (0%)            0M (0%)     
[2026-06-18T14:29:55.971+0800][47.778s][info][gc,heap     ] GC(131) y: Compacted:         -                  -                  -                14M (6%)     
[2026-06-18T14:29:55.971+0800][47.779s][info][gc,phases   ] GC(131) y: Young Generation 232M(91%)->50M(20%) 0.009s
[2026-06-18T14:29:55.972+0800][47.779s][info][gc          ] GC(131) Minor Collection (High Usage) 232M(91%)->62M(24%) 0.021s
[2026-06-18T14:29:56.406+0800][48.213s][info][gc          ] GC(132) Minor Collection (High Usage)
[2026-06-18T14:29:56.407+0800][48.214s][info][gc,task     ] GC(132) Using 1 Workers for Young Generation
[2026-06-18T14:29:56.408+0800][48.215s][info][gc,phases   ] GC(132) y: Young Generation
[2026-06-18T14:29:56.409+0800][48.216s][info][gc,phases   ] GC(132) y: Pause Mark Start 0.015ms
[2026-06-18T14:29:56.410+0800][48.218s][info][gc,phases   ] GC(132) y: Concurrent Mark 0.576ms
[2026-06-18T14:29:56.411+0800][48.218s][info][gc,phases   ] GC(132) y: Pause Mark End 0.008ms
[2026-06-18T14:29:56.411+0800][48.219s][info][gc,phases   ] GC(132) y: Concurrent Mark Free 0.002ms
[2026-06-18T14:29:56.412+0800][48.219s][info][gc,phases   ] GC(132) y: Concurrent Reset Relocation Set 0.002ms
[2026-06-18T14:29:56.412+0800][48.219s][info][gc,reloc    ] GC(132) y: Using tenuring threshold: 4 (Computed)
[2026-06-18T14:29:56.413+0800][48.220s][info][gc,phases   ] GC(132) y: Concurrent Select Relocation Set 0.820ms
[2026-06-18T14:29:56.413+0800][48.221s][info][gc,phases   ] GC(132) y: Pause Relocate Start 0.005ms
[2026-06-18T14:29:56.415+0800][48.222s][info][gc,phases   ] GC(132) y: Concurrent Relocate 1.285ms
[2026-06-18T14:29:56.416+0800][48.223s][info][gc,alloc    ] GC(132) y:                         Mark Start        Mark End      Relocate Start    Relocate End   
[2026-06-18T14:29:56.416+0800][48.223s][info][gc,alloc    ] GC(132) y: Allocation Stalls:          0                0                0                0         
[2026-06-18T14:29:56.416+0800][48.224s][info][gc,load     ] GC(132) y: Load: 0.30 (1%) / 0.31 (1%) / 0.30 (1%)
[2026-06-18T14:29:56.417+0800][48.224s][info][gc,mmu      ] GC(132) y: MMU: 2ms/97.3%, 5ms/98.6%, 10ms/99.3%, 20ms/99.6%, 50ms/99.8%, 100ms/99.9%
[2026-06-18T14:29:56.417+0800][48.224s][info][gc,marking  ] GC(132) y: Mark: 1 stripe(s), 1 proactive flush(es), 1 terminate flush(es), 0 completion(s), 0 continuation(s) 
[2026-06-18T14:29:56.417+0800][48.225s][info][gc,nmethod  ] GC(132) y: NMethods: 103 registered, 8 unregistered
[2026-06-18T14:29:56.417+0800][48.225s][info][gc,metaspace] GC(132) y: Metaspace: 0M used, 0M committed, 1088M reserved
[2026-06-18T14:29:56.418+0800][48.225s][info][gc,reloc    ] GC(132) y:                        Candidates     Selected     In-Place         Size        Empty    Relocated 
[2026-06-18T14:29:56.418+0800][48.225s][info][gc,reloc    ] GC(132) y: Small Pages:                   85           15            0         170M         130M           4M 
[2026-06-18T14:29:56.418+0800][48.226s][info][gc,reloc    ] GC(132) y: Medium Pages:                   6            2            0          48M           8M           3M 
[2026-06-18T14:29:56.418+0800][48.226s][info][gc,reloc    ] GC(132) y: Large Pages:                    5            0            0          10M           0M           0M 
[2026-06-18T14:29:56.419+0800][48.226s][info][gc,reloc    ] GC(132) y: Forwarding Usage: 0M
[2026-06-18T14:29:56.419+0800][48.226s][info][gc,reloc    ] GC(132) y: Age Table:
[2026-06-18T14:29:56.419+0800][48.226s][info][gc,reloc    ] GC(132) y:                    Live             Garbage             Small              Medium             Large        
[2026-06-18T14:29:56.419+0800][48.227s][info][gc,reloc    ] GC(132) y: Eden              22M (9%)          163M (64%)         80 / 15             3 / 1              1 / 0        
[2026-06-18T14:29:56.419+0800][48.227s][info][gc,reloc    ] GC(132) y: Survivor 1         2M (1%)           25M (10%)          5 / 0              2 / 0              1 / 0        
[2026-06-18T14:29:56.420+0800][48.227s][info][gc,reloc    ] GC(132) y: Survivor 2         4M (2%)            0M (0%)           0 / 0              0 / 0              2 / 0        
[2026-06-18T14:29:56.420+0800][48.227s][info][gc,reloc    ] GC(132) y: Survivor 3         3M (1%)            6M (3%)           0 / 0              1 / 1              1 / 0        
[2026-06-18T14:29:56.421+0800][48.229s][info][gc,heap     ] GC(132) y: Min Capacity: 256M(100%)
[2026-06-18T14:29:56.424+0800][48.231s][info][gc,heap     ] GC(132) y: Max Capacity: 256M(100%)
[2026-06-18T14:29:56.428+0800][48.235s][info][gc,heap     ] GC(132) y: Soft Max Capacity: 256M(100%)
[2026-06-18T14:29:56.431+0800][48.239s][info][gc,heap     ] GC(132) y: Heap Statistics:
[2026-06-18T14:29:56.434+0800][48.241s][info][gc,heap     ] GC(132) y:                Mark Start          Mark End        Relocate Start      Relocate End           High               Low         
[2026-06-18T14:29:56.439+0800][48.246s][info][gc,heap     ] GC(132) y:  Capacity:      256M (100%)        256M (100%)        256M (100%)        256M (100%)        256M (100%)        256M (100%)   
[2026-06-18T14:29:56.440+0800][48.248s][info][gc,heap     ] GC(132) y:      Free:       22M (9%)           22M (9%)          160M (62%)         190M (74%)         190M (74%)          22M (9%)     
[2026-06-18T14:29:56.444+0800][48.251s][info][gc,heap     ] GC(132) y:      Used:      234M (91%)         234M (91%)          96M (38%)          66M (26%)         234M (91%)          66M (26%)    
[2026-06-18T14:29:56.444+0800][48.252s][info][gc,heap     ] GC(132) y: Young Generation Statistics:
[2026-06-18T14:29:56.445+0800][48.252s][info][gc,heap     ] GC(132) y:                Mark Start          Mark End        Relocate Start      Relocate End    
[2026-06-18T14:29:56.446+0800][48.253s][info][gc,heap     ] GC(132) y:      Used:      228M (89%)         228M (89%)          90M (35%)          60M (23%)    
[2026-06-18T14:29:56.446+0800][48.254s][info][gc,heap     ] GC(132) y:      Live:         -                32M (13%)          32M (13%)          32M (13%)    
[2026-06-18T14:29:56.447+0800][48.254s][info][gc,heap     ] GC(132) y:   Garbage:         -               195M (76%)          57M (22%)           6M (3%)     
[2026-06-18T14:29:56.447+0800][48.254s][info][gc,heap     ] GC(132) y: Allocated:         -                 0M (0%)            0M (0%)           20M (8%)     
[2026-06-18T14:29:56.447+0800][48.255s][info][gc,heap     ] GC(132) y: Reclaimed:         -                  -               138M (54%)         188M (74%)    
[2026-06-18T14:29:56.448+0800][48.255s][info][gc,heap     ] GC(132) y:  Promoted:         -                  -                 0M (0%)            0M (0%)     
[2026-06-18T14:29:56.448+0800][48.256s][info][gc,heap     ] GC(132) y: Compacted:         -                  -                  -                11M (4%)     
[2026-06-18T14:29:56.449+0800][48.256s][info][gc,phases   ] GC(132) y: Young Generation 234M(91%)->66M(26%) 0.008s
[2026-06-18T14:29:56.449+0800][48.256s][info][gc          ] GC(132) Minor Collection (High Usage) 234M(91%)->90M(35%) 0.043s
[2026-06-18T14:29:56.828+0800][48.635s][info][gc          ] GC(133) Minor Collection (High Usage)
[2026-06-18T14:29:56.829+0800][48.636s][info][gc,task     ] GC(133) Using 1 Workers for Young Generation
[2026-06-18T14:29:56.830+0800][48.637s][info][gc,phases   ] GC(133) y: Young Generation
[2026-06-18T14:29:56.830+0800][48.638s][info][gc,phases   ] GC(133) y: Pause Mark Start 0.011ms
[2026-06-18T14:29:56.831+0800][48.639s][info][gc,phases   ] GC(133) y: Concurrent Mark 0.457ms
[2026-06-18T14:29:56.832+0800][48.640s][info][gc,phases   ] GC(133) y: Pause Mark End 0.008ms
[2026-06-18T14:29:56.833+0800][48.640s][info][gc,phases   ] GC(133) y: Concurrent Mark Free 0.002ms
[2026-06-18T14:29:56.833+0800][48.641s][info][gc,phases   ] GC(133) y: Concurrent Reset Relocation Set 0.002ms
[2026-06-18T14:29:56.834+0800][48.641s][info][gc,reloc    ] GC(133) y: Using tenuring threshold: 3 (Computed)
[2026-06-18T14:29:56.835+0800][48.642s][info][gc,phases   ] GC(133) y: Concurrent Select Relocation Set 0.631ms
[2026-06-18T14:29:56.835+0800][48.642s][info][gc,phases   ] GC(133) y: Pause Relocate Start 0.006ms
[2026-06-18T14:29:56.836+0800][48.644s][info][gc,phases   ] GC(133) y: Concurrent Relocate 1.099ms
[2026-06-18T14:29:56.837+0800][48.644s][info][gc,alloc    ] GC(133) y:                         Mark Start        Mark End      Relocate Start    Relocate End   
[2026-06-18T14:29:56.837+0800][48.645s][info][gc,alloc    ] GC(133) y: Allocation Stalls:          0                0                0                0         
[2026-06-18T14:29:56.838+0800][48.645s][info][gc,load     ] GC(133) y: Load: 0.30 (1%) / 0.31 (1%) / 0.30 (1%)
[2026-06-18T14:29:56.838+0800][48.646s][info][gc,mmu      ] GC(133) y: MMU: 2ms/97.3%, 5ms/98.6%, 10ms/99.3%, 20ms/99.6%, 50ms/99.8%, 100ms/99.9%
[2026-06-18T14:29:56.839+0800][48.646s][info][gc,marking  ] GC(133) y: Mark: 1 stripe(s), 1 proactive flush(es), 1 terminate flush(es), 0 completion(s), 0 continuation(s) 
[2026-06-18T14:29:56.839+0800][48.647s][info][gc,nmethod  ] GC(133) y: NMethods: 103 registered, 8 unregistered
[2026-06-18T14:29:56.840+0800][48.647s][info][gc,metaspace] GC(133) y: Metaspace: 0M used, 0M committed, 1088M reserved
[2026-06-18T14:29:56.840+0800][48.647s][info][gc,reloc    ] GC(133) y:                        Candidates     Selected     In-Place         Size        Empty    Relocated 
[2026-06-18T14:29:56.840+0800][48.647s][info][gc,reloc    ] GC(133) y: Small Pages:                   78            9            0         156M         130M           3M 
[2026-06-18T14:29:56.840+0800][48.648s][info][gc,reloc    ] GC(133) y: Medium Pages:                   7            3            0          56M          16M           5M 
[2026-06-18T14:29:56.840+0800][48.648s][info][gc,reloc    ] GC(133) y: Large Pages:                    7            0            0          14M           6M           0M 
[2026-06-18T14:29:56.841+0800][48.648s][info][gc,reloc    ] GC(133) y: Forwarding Usage: 0M
[2026-06-18T14:29:56.841+0800][48.648s][info][gc,reloc    ] GC(133) y: Age Table:
[2026-06-18T14:29:56.841+0800][48.648s][info][gc,reloc    ] GC(133) y:                    Live             Garbage             Small              Medium             Large        
[2026-06-18T14:29:56.841+0800][48.649s][info][gc,reloc    ] GC(133) y: Eden              18M (7%)          147M (58%)         73 / 9              2 / 1              2 / 0        
[2026-06-18T14:29:56.841+0800][48.649s][info][gc,reloc    ] GC(133) y: Survivor 1         3M (1%)           32M (13%)          5 / 0              3 / 1              1 / 0        
[2026-06-18T14:29:56.842+0800][48.649s][info][gc,reloc    ] GC(133) y: Survivor 2         2M (1%)            7M (3%)           0 / 0              1 / 1              1 / 0        
[2026-06-18T14:29:56.842+0800][48.649s][info][gc,reloc    ] GC(133) y: Survivor 3          -                 4M (2%)           0 / 0              0 / 0              2 / 0        
[2026-06-18T14:29:56.842+0800][48.649s][info][gc,reloc    ] GC(133) y: Survivor 4          -                10M (4%)           0 / 0              1 / 0              1 / 0        
[2026-06-18T14:29:56.842+0800][48.650s][info][gc,heap     ] GC(133) y: Min Capacity: 256M(100%)
[2026-06-18T14:29:56.843+0800][48.650s][info][gc,heap     ] GC(133) y: Max Capacity: 256M(100%)
[2026-06-18T14:29:56.843+0800][48.650s][info][gc,heap     ] GC(133) y: Soft Max Capacity: 256M(100%)
[2026-06-18T14:29:56.843+0800][48.650s][info][gc,heap     ] GC(133) y: Heap Statistics:
[2026-06-18T14:29:56.843+0800][48.651s][info][gc,heap     ] GC(133) y:                Mark Start          Mark End        Relocate Start      Relocate End           High               Low         
[2026-06-18T14:29:56.844+0800][48.651s][info][gc,heap     ] GC(133) y:  Capacity:      256M (100%)        256M (100%)        256M (100%)        256M (100%)        256M (100%)        256M (100%)   
[2026-06-18T14:29:56.844+0800][48.651s][info][gc,heap     ] GC(133) y:      Free:       24M (9%)           24M (9%)          176M (69%)         202M (79%)         202M (79%)          24M (9%)     
[2026-06-18T14:29:56.844+0800][48.652s][info][gc,heap     ] GC(133) y:      Used:      232M (91%)         232M (91%)          80M (31%)          54M (21%)         232M (91%)          54M (21%)    
[2026-06-18T14:29:56.845+0800][48.652s][info][gc,heap     ] GC(133) y: Young Generation Statistics:
[2026-06-18T14:29:56.845+0800][48.652s][info][gc,heap     ] GC(133) y:                Mark Start          Mark End        Relocate Start      Relocate End    
[2026-06-18T14:29:56.845+0800][48.653s][info][gc,heap     ] GC(133) y:      Used:      226M (88%)         226M (88%)          74M (29%)          48M (19%)    
[2026-06-18T14:29:56.845+0800][48.653s][info][gc,heap     ] GC(133) y:      Live:         -                24M (10%)          24M (10%)          24M (10%)    
[2026-06-18T14:29:56.846+0800][48.653s][info][gc,heap     ] GC(133) y:   Garbage:         -               201M (79%)          49M (19%)           4M (2%)     
[2026-06-18T14:29:56.846+0800][48.653s][info][gc,heap     ] GC(133) y: Allocated:         -                 0M (0%)            0M (0%)           18M (7%)     
[2026-06-18T14:29:56.846+0800][48.654s][info][gc,heap     ] GC(133) y: Reclaimed:         -                  -               152M (59%)         196M (77%)    
[2026-06-18T14:29:56.846+0800][48.654s][info][gc,heap     ] GC(133) y:  Promoted:         -                  -                 0M (0%)            0M (0%)     
[2026-06-18T14:29:56.847+0800][48.654s][info][gc,heap     ] GC(133) y: Compacted:         -                  -                  -                11M (4%)     
[2026-06-18T14:29:56.847+0800][48.654s][info][gc,phases   ] GC(133) y: Young Generation 232M(91%)->54M(21%) 0.007s
[2026-06-18T14:29:56.847+0800][48.655s][info][gc          ] GC(133) Minor Collection (High Usage) 232M(91%)->58M(23%) 0.020s
[2026-06-18T14:29:57.258+0800][49.066s][info][gc          ] GC(134) Minor Collection (High Usage)
[2026-06-18T14:29:57.259+0800][49.067s][info][gc,task     ] GC(134) Using 1 Workers for Young Generation
[2026-06-18T14:29:57.260+0800][49.067s][info][gc,phases   ] GC(134) y: Young Generation
[2026-06-18T14:29:57.260+0800][49.068s][info][gc,phases   ] GC(134) y: Pause Mark Start 0.012ms
[2026-06-18T14:29:57.261+0800][49.069s][info][gc,phases   ] GC(134) y: Concurrent Mark 0.453ms
[2026-06-18T14:29:57.262+0800][49.069s][info][gc,phases   ] GC(134) y: Pause Mark End 0.009ms
[2026-06-18T14:29:57.263+0800][49.070s][info][gc,phases   ] GC(134) y: Concurrent Mark Free 0.002ms
[2026-06-18T14:29:57.263+0800][49.071s][info][gc,phases   ] GC(134) y: Concurrent Reset Relocation Set 0.002ms
[2026-06-18T14:29:57.264+0800][49.071s][info][gc,reloc    ] GC(134) y: Using tenuring threshold: 4 (Computed)
[2026-06-18T14:29:57.264+0800][49.072s][info][gc,phases   ] GC(134) y: Concurrent Select Relocation Set 0.612ms
[2026-06-18T14:29:57.265+0800][49.072s][info][gc,phases   ] GC(134) y: Pause Relocate Start 0.006ms
[2026-06-18T14:29:57.266+0800][49.074s][info][gc,phases   ] GC(134) y: Concurrent Relocate 1.164ms
[2026-06-18T14:29:57.267+0800][49.074s][info][gc,alloc    ] GC(134) y:                         Mark Start        Mark End      Relocate Start    Relocate End   
[2026-06-18T14:29:57.267+0800][49.074s][info][gc,alloc    ] GC(134) y: Allocation Stalls:          0                0                0                0         
[2026-06-18T14:29:57.267+0800][49.075s][info][gc,load     ] GC(134) y: Load: 0.30 (1%) / 0.31 (1%) / 0.30 (1%)
[2026-06-18T14:29:57.268+0800][49.075s][info][gc,mmu      ] GC(134) y: MMU: 2ms/97.3%, 5ms/98.6%, 10ms/99.3%, 20ms/99.6%, 50ms/99.8%, 100ms/99.9%
[2026-06-18T14:29:57.268+0800][49.076s][info][gc,marking  ] GC(134) y: Mark: 1 stripe(s), 1 proactive flush(es), 1 terminate flush(es), 0 completion(s), 0 continuation(s) 
[2026-06-18T14:29:57.268+0800][49.076s][info][gc,nmethod  ] GC(134) y: NMethods: 103 registered, 8 unregistered
[2026-06-18T14:29:57.269+0800][49.076s][info][gc,metaspace] GC(134) y: Metaspace: 0M used, 0M committed, 1088M reserved
[2026-06-18T14:29:57.269+0800][49.077s][info][gc,reloc    ] GC(134) y:                        Candidates     Selected     In-Place         Size        Empty    Relocated 
[2026-06-18T14:29:57.270+0800][49.077s][info][gc,reloc    ] GC(134) y: Small Pages:                   80           10            0         160M         134M           3M 
[2026-06-18T14:29:57.270+0800][49.078s][info][gc,reloc    ] GC(134) y: Medium Pages:                   7            3            0          56M          16M           5M 
[2026-06-18T14:29:57.271+0800][49.078s][info][gc,reloc    ] GC(134) y: Large Pages:                    5            0            0          10M           0M           0M 
[2026-06-18T14:29:57.271+0800][49.079s][info][gc,reloc    ] GC(134) y: Forwarding Usage: 0M
[2026-06-18T14:29:57.272+0800][49.079s][info][gc,reloc    ] GC(134) y: Age Table:
[2026-06-18T14:29:57.272+0800][49.080s][info][gc,reloc    ] GC(134) y:                    Live             Garbage             Small              Medium             Large        
[2026-06-18T14:29:57.273+0800][49.080s][info][gc,reloc    ] GC(134) y: Eden              17M (7%)          160M (63%)         76 / 10             3 / 2              1 / 0        
[2026-06-18T14:29:57.273+0800][49.080s][info][gc,reloc    ] GC(134) y: Survivor 1         4M (2%)           24M (9%)           4 / 0              2 / 0              2 / 0        
[2026-06-18T14:29:57.273+0800][49.081s][info][gc,reloc    ] GC(134) y: Survivor 2         3M (1%)            6M (2%)           0 / 0              1 / 1              1 / 0        
[2026-06-18T14:29:57.273+0800][49.081s][info][gc,reloc    ] GC(134) y: Survivor 3         2M (1%)            7M (3%)           0 / 0              1 / 0              1 / 0        
[2026-06-18T14:29:57.274+0800][49.081s][info][gc,heap     ] GC(134) y: Min Capacity: 256M(100%)
[2026-06-18T14:29:57.274+0800][49.082s][info][gc,heap     ] GC(134) y: Max Capacity: 256M(100%)
[2026-06-18T14:29:57.276+0800][49.083s][info][gc,heap     ] GC(134) y: Soft Max Capacity: 256M(100%)
[2026-06-18T14:29:57.278+0800][49.085s][info][gc,heap     ] GC(134) y: Heap Statistics:
[2026-06-18T14:29:57.279+0800][49.087s][info][gc,heap     ] GC(134) y:                Mark Start          Mark End        Relocate Start      Relocate End           High               Low         
[2026-06-18T14:29:57.280+0800][49.088s][info][gc,heap     ] GC(134) y:  Capacity:      256M (100%)        256M (100%)        256M (100%)        256M (100%)        256M (100%)        256M (100%)   
[2026-06-18T14:29:57.281+0800][49.088s][info][gc,heap     ] GC(134) y:      Free:       24M (9%)           24M (9%)          174M (68%)         202M (79%)         202M (79%)          24M (9%)     
[2026-06-18T14:29:57.281+0800][49.088s][info][gc,heap     ] GC(134) y:      Used:      232M (91%)         232M (91%)          82M (32%)          54M (21%)         232M (91%)          54M (21%)    
[2026-06-18T14:29:57.281+0800][49.089s][info][gc,heap     ] GC(134) y: Young Generation Statistics:
[2026-06-18T14:29:57.282+0800][49.089s][info][gc,heap     ] GC(134) y:                Mark Start          Mark End        Relocate Start      Relocate End    
[2026-06-18T14:29:57.282+0800][49.089s][info][gc,heap     ] GC(134) y:      Used:      226M (88%)         226M (88%)          76M (30%)          48M (19%)    
[2026-06-18T14:29:57.282+0800][49.089s][info][gc,heap     ] GC(134) y:      Live:         -                28M (11%)          28M (11%)          28M (11%)    
[2026-06-18T14:29:57.282+0800][49.090s][info][gc,heap     ] GC(134) y:   Garbage:         -               197M (77%)          47M (19%)           0M (0%)     
[2026-06-18T14:29:57.283+0800][49.090s][info][gc,heap     ] GC(134) y: Allocated:         -                 0M (0%)            0M (0%)           19M (8%)     
[2026-06-18T14:29:57.283+0800][49.090s][info][gc,heap     ] GC(134) y: Reclaimed:         -                  -               150M (59%)         197M (77%)    
[2026-06-18T14:29:57.283+0800][49.091s][info][gc,heap     ] GC(134) y:  Promoted:         -                  -                 0M (0%)            0M (0%)     
[2026-06-18T14:29:57.283+0800][49.091s][info][gc,heap     ] GC(134) y: Compacted:         -                  -                  -                10M (4%)     
[2026-06-18T14:29:57.284+0800][49.091s][info][gc,phases   ] GC(134) y: Young Generation 232M(91%)->54M(21%) 0.007s
[2026-06-18T14:29:57.284+0800][49.091s][info][gc          ] GC(134) Minor Collection (High Usage) 232M(91%)->62M(24%) 0.026s
[2026-06-18T14:29:57.700+0800][49.508s][info][gc          ] GC(135) Minor Collection (High Usage)
[2026-06-18T14:29:57.701+0800][49.509s][info][gc,task     ] GC(135) Using 1 Workers for Young Generation
[2026-06-18T14:29:57.702+0800][49.509s][info][gc,phases   ] GC(135) y: Young Generation
[2026-06-18T14:29:57.703+0800][49.510s][info][gc,phases   ] GC(135) y: Pause Mark Start 0.014ms
[2026-06-18T14:29:57.704+0800][49.512s][info][gc,phases   ] GC(135) y: Concurrent Mark 0.662ms
[2026-06-18T14:29:57.705+0800][49.512s][info][gc,phases   ] GC(135) y: Pause Mark End 0.010ms
[2026-06-18T14:29:57.706+0800][49.513s][info][gc,phases   ] GC(135) y: Concurrent Mark Free 0.002ms
[2026-06-18T14:29:57.706+0800][49.514s][info][gc,phases   ] GC(135) y: Concurrent Reset Relocation Set 0.002ms
[2026-06-18T14:29:57.707+0800][49.514s][info][gc,reloc    ] GC(135) y: Using tenuring threshold: 3 (Computed)
[2026-06-18T14:29:57.707+0800][49.515s][info][gc,phases   ] GC(135) y: Concurrent Select Relocation Set 0.694ms
[2026-06-18T14:29:57.708+0800][49.515s][info][gc,phases   ] GC(135) y: Pause Relocate Start 0.007ms
[2026-06-18T14:29:57.709+0800][49.517s][info][gc,phases   ] GC(135) y: Concurrent Relocate 1.110ms
[2026-06-18T14:29:57.711+0800][49.519s][info][gc,alloc    ] GC(135) y:                         Mark Start        Mark End      Relocate Start    Relocate End   
[2026-06-18T14:29:57.712+0800][49.519s][info][gc,alloc    ] GC(135) y: Allocation Stalls:          0                0                0                0         
[2026-06-18T14:29:57.713+0800][49.520s][info][gc,load     ] GC(135) y: Load: 0.30 (1%) / 0.31 (1%) / 0.30 (1%)
[2026-06-18T14:29:57.713+0800][49.520s][info][gc,mmu      ] GC(135) y: MMU: 2ms/97.3%, 5ms/98.6%, 10ms/99.3%, 20ms/99.6%, 50ms/99.8%, 100ms/99.9%
[2026-06-18T14:29:57.713+0800][49.521s][info][gc,marking  ] GC(135) y: Mark: 1 stripe(s), 1 proactive flush(es), 1 terminate flush(es), 0 completion(s), 0 continuation(s) 
[2026-06-18T14:29:57.714+0800][49.521s][info][gc,nmethod  ] GC(135) y: NMethods: 103 registered, 8 unregistered
[2026-06-18T14:29:57.714+0800][49.521s][info][gc,metaspace] GC(135) y: Metaspace: 0M used, 0M committed, 1088M reserved
[2026-06-18T14:29:57.714+0800][49.522s][info][gc,reloc    ] GC(135) y:                        Candidates     Selected     In-Place         Size        Empty    Relocated 
[2026-06-18T14:29:57.715+0800][49.522s][info][gc,reloc    ] GC(135) y: Small Pages:                   80            8            0         160M         138M           2M 
[2026-06-18T14:29:57.715+0800][49.522s][info][gc,reloc    ] GC(135) y: Medium Pages:                   7            1            0          56M          32M           2M 
[2026-06-18T14:29:57.715+0800][49.522s][info][gc,reloc    ] GC(135) y: Large Pages:                    6            0            0          12M           4M           0M 
[2026-06-18T14:29:57.715+0800][49.523s][info][gc,reloc    ] GC(135) y: Forwarding Usage: 0M
[2026-06-18T14:29:57.716+0800][49.523s][info][gc,reloc    ] GC(135) y: Age Table:
[2026-06-18T14:29:57.716+0800][49.523s][info][gc,reloc    ] GC(135) y:                    Live             Garbage             Small              Medium             Large        
[2026-06-18T14:29:57.716+0800][49.524s][info][gc,reloc    ] GC(135) y: Eden              14M (6%)          165M (64%)         77 / 8              3 / 1              1 / 0        
[2026-06-18T14:29:57.717+0800][49.524s][info][gc,reloc    ] GC(135) y: Survivor 1         3M (1%)           20M (8%)           3 / 0              2 / 0              1 / 0        
[2026-06-18T14:29:57.717+0800][49.524s][info][gc,reloc    ] GC(135) y: Survivor 2         4M (2%)            0M (0%)           0 / 0              0 / 0              2 / 0        
[2026-06-18T14:29:57.717+0800][49.525s][info][gc,reloc    ] GC(135) y: Survivor 3          -                10M (4%)           0 / 0              1 / 0              1 / 0        
[2026-06-18T14:29:57.717+0800][49.525s][info][gc,reloc    ] GC(135) y: Survivor 4          -                10M (4%)           0 / 0              1 / 0              1 / 0        
[2026-06-18T14:29:57.718+0800][49.525s][info][gc,heap     ] GC(135) y: Min Capacity: 256M(100%)
[2026-06-18T14:29:57.718+0800][49.525s][info][gc,heap     ] GC(135) y: Max Capacity: 256M(100%)
[2026-06-18T14:29:57.718+0800][49.526s][info][gc,heap     ] GC(135) y: Soft Max Capacity: 256M(100%)
[2026-06-18T14:29:57.718+0800][49.526s][info][gc,heap     ] GC(135) y: Heap Statistics:
[2026-06-18T14:29:57.719+0800][49.526s][info][gc,heap     ] GC(135) y:                Mark Start          Mark End        Relocate Start      Relocate End           High               Low         
[2026-06-18T14:29:57.719+0800][49.526s][info][gc,heap     ] GC(135) y:  Capacity:      256M (100%)        256M (100%)        256M (100%)        256M (100%)        256M (100%)        256M (100%)   
[2026-06-18T14:29:57.719+0800][49.527s][info][gc,heap     ] GC(135) y:      Free:       22M (9%)           22M (9%)          196M (77%)         212M (83%)         212M (83%)          22M (9%)     
[2026-06-18T14:29:57.719+0800][49.527s][info][gc,heap     ] GC(135) y:      Used:      234M (91%)         234M (91%)          60M (23%)          44M (17%)         234M (91%)          44M (17%)    
[2026-06-18T14:29:57.720+0800][49.527s][info][gc,heap     ] GC(135) y: Young Generation Statistics:
[2026-06-18T14:29:57.720+0800][49.527s][info][gc,heap     ] GC(135) y:                Mark Start          Mark End        Relocate Start      Relocate End    
[2026-06-18T14:29:57.720+0800][49.527s][info][gc,heap     ] GC(135) y:      Used:      228M (89%)         228M (89%)          54M (21%)          38M (15%)    
[2026-06-18T14:29:57.720+0800][49.528s][info][gc,heap     ] GC(135) y:      Live:         -                22M (9%)           22M (9%)           22M (9%)     
[2026-06-18T14:29:57.721+0800][49.528s][info][gc,heap     ] GC(135) y:   Garbage:         -               205M (80%)          31M (12%)           2M (1%)     
[2026-06-18T14:29:57.721+0800][49.528s][info][gc,heap     ] GC(135) y: Allocated:         -                 0M (0%)            0M (0%)           12M (5%)     
[2026-06-18T14:29:57.721+0800][49.528s][info][gc,heap     ] GC(135) y: Reclaimed:         -                  -               174M (68%)         202M (79%)    
[2026-06-18T14:29:57.721+0800][49.529s][info][gc,heap     ] GC(135) y:  Promoted:         -                  -                 0M (0%)            0M (0%)     
[2026-06-18T14:29:57.722+0800][49.529s][info][gc,heap     ] GC(135) y: Compacted:         -                  -                  -                 7M (3%)     
[2026-06-18T14:29:57.722+0800][49.530s][info][gc,phases   ] GC(135) y: Young Generation 234M(91%)->44M(17%) 0.009s
[2026-06-18T14:29:57.722+0800][49.530s][info][gc          ] GC(135) Minor Collection (High Usage) 232M(91%)->52M(20%) 0.022s
[2026-06-18T14:29:58.152+0800][49.959s][info][gc          ] GC(136) Minor Collection (High Usage)
[2026-06-18T14:29:58.154+0800][49.961s][info][gc,task     ] GC(136) Using 1 Workers for Young Generation
[2026-06-18T14:29:58.154+0800][49.962s][info][gc,phases   ] GC(136) y: Young Generation
[2026-06-18T14:29:58.155+0800][49.963s][info][gc,phases   ] GC(136) y: Pause Mark Start 0.012ms
[2026-06-18T14:29:58.157+0800][49.965s][info][gc,phases   ] GC(136) y: Concurrent Mark 0.594ms
[2026-06-18T14:29:58.158+0800][49.966s][info][gc,phases   ] GC(136) y: Pause Mark End 0.008ms
[2026-06-18T14:29:58.159+0800][49.966s][info][gc,phases   ] GC(136) y: Concurrent Mark Free 0.001ms
[2026-06-18T14:29:58.160+0800][49.967s][info][gc,phases   ] GC(136) y: Concurrent Reset Relocation Set 0.002ms
[2026-06-18T14:29:58.160+0800][49.967s][info][gc,reloc    ] GC(136) y: Using tenuring threshold: 3 (Computed)
[2026-06-18T14:29:58.161+0800][49.968s][info][gc,phases   ] GC(136) y: Concurrent Select Relocation Set 0.592ms
[2026-06-18T14:29:58.161+0800][49.969s][info][gc,phases   ] GC(136) y: Pause Relocate Start 0.006ms
[2026-06-18T14:29:58.163+0800][49.970s][info][gc,phases   ] GC(136) y: Concurrent Relocate 1.337ms
[2026-06-18T14:29:58.164+0800][49.971s][info][gc,alloc    ] GC(136) y:                         Mark Start        Mark End      Relocate Start    Relocate End   
[2026-06-18T14:29:58.164+0800][49.971s][info][gc,alloc    ] GC(136) y: Allocation Stalls:          0                0                0                0         
[2026-06-18T14:29:58.165+0800][49.972s][info][gc,load     ] GC(136) y: Load: 0.30 (1%) / 0.31 (1%) / 0.30 (1%)
[2026-06-18T14:29:58.165+0800][49.973s][info][gc,mmu      ] GC(136) y: MMU: 2ms/97.3%, 5ms/98.6%, 10ms/99.3%, 20ms/99.6%, 50ms/99.8%, 100ms/99.9%
[2026-06-18T14:29:58.166+0800][49.973s][info][gc,marking  ] GC(136) y: Mark: 1 stripe(s), 1 proactive flush(es), 1 terminate flush(es), 0 completion(s), 0 continuation(s) 
[2026-06-18T14:29:58.166+0800][49.973s][info][gc,nmethod  ] GC(136) y: NMethods: 103 registered, 8 unregistered
[2026-06-18T14:29:58.166+0800][49.973s][info][gc,metaspace] GC(136) y: Metaspace: 0M used, 0M committed, 1088M reserved
[2026-06-18T14:29:58.166+0800][49.974s][info][gc,reloc    ] GC(136) y:                        Candidates     Selected     In-Place         Size        Empty    Relocated 
[2026-06-18T14:29:58.167+0800][49.974s][info][gc,reloc    ] GC(136) y: Small Pages:                   84           14            0         168M         130M           4M 
[2026-06-18T14:29:58.167+0800][49.974s][info][gc,reloc    ] GC(136) y: Medium Pages:                   6            3            0          48M           8M           5M 
[2026-06-18T14:29:58.167+0800][49.975s][info][gc,reloc    ] GC(136) y: Large Pages:                    7            0            0          14M           0M           0M 
[2026-06-18T14:29:58.168+0800][49.975s][info][gc,reloc    ] GC(136) y: Forwarding Usage: 0M
[2026-06-18T14:29:58.168+0800][49.975s][info][gc,reloc    ] GC(136) y: Age Table:
[2026-06-18T14:29:58.168+0800][49.975s][info][gc,reloc    ] GC(136) y:                    Live             Garbage             Small              Medium             Large        
[2026-06-18T14:29:58.168+0800][49.976s][info][gc,reloc    ] GC(136) y: Eden              24M (10%)         167M (65%)         81 / 14             3 / 1              3 / 0        
[2026-06-18T14:29:58.169+0800][49.976s][info][gc,reloc    ] GC(136) y: Survivor 1         2M (1%)           21M (8%)           3 / 0              2 / 1              1 / 0        
[2026-06-18T14:29:58.169+0800][49.976s][info][gc,reloc    ] GC(136) y: Survivor 2         3M (1%)            6M (3%)           0 / 0              1 / 1              1 / 0        
[2026-06-18T14:29:58.169+0800][49.977s][info][gc,reloc    ] GC(136) y: Survivor 3         4M (2%)            0M (0%)           0 / 0              0 / 0              2 / 0        
[2026-06-18T14:29:58.169+0800][49.977s][info][gc,heap     ] GC(136) y: Min Capacity: 256M(100%)
[2026-06-18T14:29:58.170+0800][49.977s][info][gc,heap     ] GC(136) y: Max Capacity: 256M(100%)
[2026-06-18T14:29:58.170+0800][49.978s][info][gc,heap     ] GC(136) y: Soft Max Capacity: 256M(100%)
[2026-06-18T14:29:58.171+0800][49.978s][info][gc,heap     ] GC(136) y: Heap Statistics:
[2026-06-18T14:29:58.171+0800][49.979s][info][gc,heap     ] GC(136) y:                Mark Start          Mark End        Relocate Start      Relocate End           High               Low         
[2026-06-18T14:29:58.172+0800][49.979s][info][gc,heap     ] GC(136) y:  Capacity:      256M (100%)        256M (100%)        256M (100%)        256M (100%)        256M (100%)        256M (100%)   
[2026-06-18T14:29:58.172+0800][49.979s][info][gc,heap     ] GC(136) y:      Free:       20M (8%)           20M (8%)          158M (62%)         190M (74%)         190M (74%)          20M (8%)     
[2026-06-18T14:29:58.172+0800][49.980s][info][gc,heap     ] GC(136) y:      Used:      236M (92%)         236M (92%)          98M (38%)          66M (26%)         236M (92%)          66M (26%)    
[2026-06-18T14:29:58.172+0800][49.980s][info][gc,heap     ] GC(136) y: Young Generation Statistics:
[2026-06-18T14:29:58.173+0800][49.980s][info][gc,heap     ] GC(136) y:                Mark Start          Mark End        Relocate Start      Relocate End    
[2026-06-18T14:29:58.173+0800][49.980s][info][gc,heap     ] GC(136) y:      Used:      230M (90%)         230M (90%)          88M (34%)          56M (22%)    
[2026-06-18T14:29:58.173+0800][49.981s][info][gc,heap     ] GC(136) y:      Live:         -                35M (14%)          31M (12%)          31M (12%)    
[2026-06-18T14:29:58.174+0800][49.981s][info][gc,heap     ] GC(136) y:   Garbage:         -               194M (76%)          56M (22%)           1M (0%)     
[2026-06-18T14:29:58.174+0800][49.981s][info][gc,heap     ] GC(136) y: Allocated:         -                 0M (0%)            0M (0%)           23M (9%)     
[2026-06-18T14:29:58.174+0800][49.981s][info][gc,heap     ] GC(136) y: Reclaimed:         -                  -               138M (54%)         193M (76%)    
[2026-06-18T14:29:58.174+0800][49.982s][info][gc,heap     ] GC(136) y:  Promoted:         -                  -                 4M (2%)            4M (2%)     
[2026-06-18T14:29:58.174+0800][49.982s][info][gc,heap     ] GC(136) y: Compacted:         -                  -                  -                12M (5%)     
[2026-06-18T14:29:58.175+0800][49.982s][info][gc,phases   ] GC(136) y: Young Generation 236M(92%)->66M(26%) 0.009s
[2026-06-18T14:29:58.175+0800][49.982s][info][gc          ] GC(136) Minor Collection (High Usage) 232M(91%)->78M(30%) 0.023s
[2026-06-18T14:29:58.288+0800][50.096s][info][gc          ] GC(137) Major Collection (Proactive)
[2026-06-18T14:29:58.290+0800][50.097s][info][gc,task     ] GC(137) Using 1 Workers for Young Generation
[2026-06-18T14:29:58.290+0800][50.098s][info][gc,task     ] GC(137) Using 1 Workers for Old Generation
[2026-06-18T14:29:58.292+0800][50.099s][info][gc,phases   ] GC(137) Y: Young Generation
[2026-06-18T14:29:58.295+0800][50.102s][info][gc,phases   ] GC(137) Y: Pause Mark Start (Major) 0.014ms
[2026-06-18T14:29:58.299+0800][50.106s][info][gc,phases   ] GC(137) Y: Concurrent Mark 0.739ms
[2026-06-18T14:29:58.303+0800][50.110s][info][gc,phases   ] GC(137) Y: Pause Mark End 0.011ms
[2026-06-18T14:29:58.304+0800][50.112s][info][gc,phases   ] GC(137) Y: Concurrent Mark Free 0.001ms
[2026-06-18T14:29:58.305+0800][50.113s][info][gc,phases   ] GC(137) Y: Concurrent Reset Relocation Set 0.004ms
[2026-06-18T14:29:58.306+0800][50.113s][info][gc,reloc    ] GC(137) Y: Using tenuring threshold: 3 (Computed)
[2026-06-18T14:29:58.306+0800][50.114s][info][gc,phases   ] GC(137) Y: Concurrent Select Relocation Set 0.650ms
[2026-06-18T14:29:58.307+0800][50.114s][info][gc,phases   ] GC(137) Y: Pause Relocate Start 0.008ms
[2026-06-18T14:29:58.308+0800][50.116s][info][gc,phases   ] GC(137) Y: Concurrent Relocate 0.812ms
[2026-06-18T14:29:58.309+0800][50.116s][info][gc,alloc    ] GC(137) Y:                         Mark Start        Mark End      Relocate Start    Relocate End   
[2026-06-18T14:29:58.310+0800][50.117s][info][gc,alloc    ] GC(137) Y: Allocation Stalls:          0                0                0                0         
[2026-06-18T14:29:58.310+0800][50.118s][info][gc,load     ] GC(137) Y: Load: 0.30 (1%) / 0.31 (1%) / 0.30 (1%)
[2026-06-18T14:29:58.311+0800][50.118s][info][gc,mmu      ] GC(137) Y: MMU: 2ms/97.3%, 5ms/98.6%, 10ms/99.3%, 20ms/99.6%, 50ms/99.8%, 100ms/99.9%
[2026-06-18T14:29:58.311+0800][50.119s][info][gc,marking  ] GC(137) Y: Mark: 1 stripe(s), 1 proactive flush(es), 1 terminate flush(es), 0 completion(s), 0 continuation(s) 
[2026-06-18T14:29:58.312+0800][50.119s][info][gc,nmethod  ] GC(137) Y: NMethods: 103 registered, 8 unregistered
[2026-06-18T14:29:58.312+0800][50.119s][info][gc,metaspace] GC(137) Y: Metaspace: 0M used, 0M committed, 1088M reserved
[2026-06-18T14:29:58.312+0800][50.119s][info][gc,reloc    ] GC(137) Y:                        Candidates     Selected     In-Place         Size        Empty    Relocated 
[2026-06-18T14:29:58.312+0800][50.120s][info][gc,reloc    ] GC(137) Y: Small Pages:                   30            5            0          60M          40M           1M 
[2026-06-18T14:29:58.313+0800][50.120s][info][gc,reloc    ] GC(137) Y: Medium Pages:                   5            3            0          40M           0M           5M 
[2026-06-18T14:29:58.313+0800][50.120s][info][gc,reloc    ] GC(137) Y: Large Pages:                    5            0            0          10M           0M           0M 
[2026-06-18T14:29:58.313+0800][50.120s][info][gc,reloc    ] GC(137) Y: Forwarding Usage: 0M
[2026-06-18T14:29:58.313+0800][50.121s][info][gc,reloc    ] GC(137) Y: Age Table:
[2026-06-18T14:29:58.314+0800][50.121s][info][gc,reloc    ] GC(137) Y:                    Live             Garbage             Small              Medium             Large        
[2026-06-18T14:29:58.314+0800][50.121s][info][gc,reloc    ] GC(137) Y: Eden               7M (3%)           50M (20%)         25 / 5              1 / 1              0 / 0        
[2026-06-18T14:29:58.314+0800][50.122s][info][gc,reloc    ] GC(137) Y: Survivor 1        15M (6%)           16M (6%)           5 / 0              2 / 0              3 / 0        
[2026-06-18T14:29:58.314+0800][50.122s][info][gc,reloc    ] GC(137) Y: Survivor 2         2M (1%)            7M (3%)           0 / 0              1 / 1              1 / 0        
[2026-06-18T14:29:58.315+0800][50.122s][info][gc,reloc    ] GC(137) Y: Survivor 3         3M (1%)            6M (3%)           0 / 0              1 / 1              1 / 0        
[2026-06-18T14:29:58.315+0800][50.122s][info][gc,heap     ] GC(137) Y: Min Capacity: 256M(100%)
[2026-06-18T14:29:58.315+0800][50.123s][info][gc,heap     ] GC(137) Y: Max Capacity: 256M(100%)
[2026-06-18T14:29:58.316+0800][50.123s][info][gc,heap     ] GC(137) Y: Soft Max Capacity: 256M(100%)
[2026-06-18T14:29:58.316+0800][50.124s][info][gc,heap     ] GC(137) Y: Heap Statistics:
[2026-06-18T14:29:58.316+0800][50.124s][info][gc,heap     ] GC(137) Y:                Mark Start          Mark End        Relocate Start      Relocate End           High               Low         
[2026-06-18T14:29:58.317+0800][50.124s][info][gc,heap     ] GC(137) Y:  Capacity:      256M (100%)        256M (100%)        256M (100%)        256M (100%)        256M (100%)        256M (100%)   
[2026-06-18T14:29:58.317+0800][50.124s][info][gc,heap     ] GC(137) Y:      Free:      136M (53%)         122M (48%)         162M (63%)         170M (66%)         170M (66%)         122M (48%)    
[2026-06-18T14:29:58.317+0800][50.125s][info][gc,heap     ] GC(137) Y:      Used:      120M (47%)         134M (52%)          94M (37%)          86M (34%)         134M (52%)          86M (34%)    
[2026-06-18T14:29:58.318+0800][50.125s][info][gc,heap     ] GC(137) Y: Young Generation Statistics:
[2026-06-18T14:29:58.318+0800][50.125s][info][gc,heap     ] GC(137) Y:                Mark Start          Mark End        Relocate Start      Relocate End    
[2026-06-18T14:29:58.318+0800][50.125s][info][gc,heap     ] GC(137) Y:      Used:      110M (43%)         124M (48%)          82M (32%)          66M (26%)    
[2026-06-18T14:29:58.318+0800][50.126s][info][gc,heap     ] GC(137) Y:      Live:         -                29M (11%)          27M (11%)          25M (10%)    
[2026-06-18T14:29:58.319+0800][50.126s][info][gc,heap     ] GC(137) Y:   Garbage:         -                80M (32%)          40M (16%)           4M (2%)     
[2026-06-18T14:29:58.319+0800][50.126s][info][gc,heap     ] GC(137) Y: Allocated:         -                14M (5%)           14M (5%)           35M (14%)    
[2026-06-18T14:29:58.319+0800][50.126s][info][gc,heap     ] GC(137) Y: Reclaimed:         -                  -                40M (16%)          76M (30%)    
[2026-06-18T14:29:58.319+0800][50.127s][info][gc,heap     ] GC(137) Y:  Promoted:         -                  -                 2M (1%)            3M (1%)     
[2026-06-18T14:29:58.319+0800][50.127s][info][gc,heap     ] GC(137) Y: Compacted:         -                  -                  -                 6M (2%)     
[2026-06-18T14:29:58.320+0800][50.127s][info][gc,phases   ] GC(137) Y: Young Generation 120M(47%)->86M(34%) 0.017s
[2026-06-18T14:29:58.320+0800][50.127s][info][gc,phases   ] GC(137) O: Old Generation
[2026-06-18T14:29:58.321+0800][50.129s][info][gc,phases   ] GC(137) O: Concurrent Mark 1.053ms
[2026-06-18T14:29:58.322+0800][50.129s][info][gc,phases   ] GC(137) O: Pause Mark End 0.010ms
[2026-06-18T14:29:58.322+0800][50.130s][info][gc,phases   ] GC(137) O: Concurrent Mark Free 0.002ms
[2026-06-18T14:29:58.323+0800][50.130s][info][gc,phases   ] GC(137) O: Concurrent Process Non-Strong 0.304ms
[2026-06-18T14:29:58.323+0800][50.131s][info][gc,phases   ] GC(137) O: Concurrent Reset Relocation Set 0.000ms
[2026-06-18T14:29:58.324+0800][50.131s][info][gc,phases   ] GC(137) O: Concurrent Select Relocation Set 0.049ms
[2026-06-18T14:29:58.324+0800][50.131s][info][gc,task     ] GC(137) O: Using 2 Workers for Old Generation
[2026-06-18T14:29:58.324+0800][50.132s][info][gc,task     ] GC(137) O: Using 1 Workers for Old Generation
[2026-06-18T14:29:58.325+0800][50.132s][info][gc,phases   ] GC(137) O: Concurrent Remap Roots 0.682ms
[2026-06-18T14:29:58.325+0800][50.132s][info][gc,phases   ] GC(137) O: Pause Relocate Start 0.006ms
[2026-06-18T14:29:58.325+0800][50.133s][info][gc,phases   ] GC(137) O: Concurrent Relocate 0.065ms
[2026-06-18T14:29:58.326+0800][50.133s][info][gc,alloc    ] GC(137) O:                         Mark Start        Mark End      Relocate Start    Relocate End   
[2026-06-18T14:29:58.326+0800][50.133s][info][gc,alloc    ] GC(137) O: Allocation Stalls:          0                0                0                0         
[2026-06-18T14:29:58.326+0800][50.134s][info][gc,load     ] GC(137) O: Load: 0.30 (1%) / 0.31 (1%) / 0.30 (1%)
[2026-06-18T14:29:58.327+0800][50.134s][info][gc,mmu      ] GC(137) O: MMU: 2ms/97.3%, 5ms/98.6%, 10ms/99.3%, 20ms/99.6%, 50ms/99.8%, 100ms/99.9%
[2026-06-18T14:29:58.327+0800][50.134s][info][gc,marking  ] GC(137) O: Mark: 1 stripe(s), 2 proactive flush(es), 1 terminate flush(es), 0 completion(s), 0 continuation(s) 
[2026-06-18T14:29:58.327+0800][50.135s][info][gc,nmethod  ] GC(137) O: NMethods: 103 registered, 8 unregistered
[2026-06-18T14:29:58.328+0800][50.135s][info][gc,metaspace] GC(137) O: Metaspace: 0M used, 0M committed, 1088M reserved
[2026-06-18T14:29:58.328+0800][50.135s][info][gc,ref      ] GC(137) O:                       Encountered   Discovered     Enqueued 
[2026-06-18T14:29:58.328+0800][50.136s][info][gc,ref      ] GC(137) O: Soft References:                2            0            0 
[2026-06-18T14:29:58.329+0800][50.136s][info][gc,ref      ] GC(137) O: Weak References:                6            0            0 
[2026-06-18T14:29:58.329+0800][50.136s][info][gc,ref      ] GC(137) O: Final References:               0            0            0 
[2026-06-18T14:29:58.329+0800][50.137s][info][gc,ref      ] GC(137) O: Phantom References:             1            1            0 
[2026-06-18T14:29:58.329+0800][50.137s][info][gc,reloc    ] GC(137) O:                        Candidates     Selected     In-Place         Size        Empty    Relocated 
[2026-06-18T14:29:58.330+0800][50.137s][info][gc,reloc    ] GC(137) O: Small Pages:                    1            0            0           2M           0M           0M 
[2026-06-18T14:29:58.330+0800][50.137s][info][gc,reloc    ] GC(137) O: Medium Pages:                   0            0            0           0M           0M           0M 
[2026-06-18T14:29:58.330+0800][50.138s][info][gc,reloc    ] GC(137) O: Large Pages:                    4            0            0           8M           4M           0M 
[2026-06-18T14:29:58.331+0800][50.138s][info][gc,reloc    ] GC(137) O: Forwarding Usage: 0M
[2026-06-18T14:29:58.331+0800][50.138s][info][gc,heap     ] GC(137) O: Min Capacity: 256M(100%)
[2026-06-18T14:29:58.331+0800][50.139s][info][gc,heap     ] GC(137) O: Max Capacity: 256M(100%)
[2026-06-18T14:29:58.331+0800][50.139s][info][gc,heap     ] GC(137) O: Soft Max Capacity: 256M(100%)
[2026-06-18T14:29:58.332+0800][50.139s][info][gc,heap     ] GC(137) O: Heap Statistics:
[2026-06-18T14:29:58.332+0800][50.139s][info][gc,heap     ] GC(137) O:                Mark Start          Mark End        Relocate Start      Relocate End           High               Low         
[2026-06-18T14:29:58.332+0800][50.140s][info][gc,heap     ] GC(137) O:  Capacity:      256M (100%)        256M (100%)        256M (100%)        256M (100%)        256M (100%)        256M (100%)   
[2026-06-18T14:29:58.332+0800][50.140s][info][gc,heap     ] GC(137) O:      Free:      136M (53%)         164M (64%)         168M (66%)         168M (66%)         170M (66%)         122M (48%)    
[2026-06-18T14:29:58.333+0800][50.140s][info][gc,heap     ] GC(137) O:      Used:      120M (47%)          92M (36%)          88M (34%)          88M (34%)         134M (52%)          86M (34%)    
[2026-06-18T14:29:58.333+0800][50.140s][info][gc,heap     ] GC(137) O: Old Generation Statistics:
[2026-06-18T14:29:58.333+0800][50.141s][info][gc,heap     ] GC(137) O:                Mark Start          Mark End        Relocate Start      Relocate End    
[2026-06-18T14:29:58.333+0800][50.141s][info][gc,heap     ] GC(137) O:      Used:       10M (4%)           20M (8%)           16M (6%)           16M (6%)     
[2026-06-18T14:29:58.334+0800][50.141s][info][gc,heap     ] GC(137) O:      Live:         -                 4M (2%)            4M (2%)            4M (2%)     
[2026-06-18T14:29:58.334+0800][50.142s][info][gc,heap     ] GC(137) O:   Garbage:         -                 5M (2%)            1M (1%)            1M (1%)     
[2026-06-18T14:29:58.334+0800][50.142s][info][gc,heap     ] GC(137) O: Allocated:         -                10M (4%)           10M (4%)           10M (4%)     
[2026-06-18T14:29:58.335+0800][50.142s][info][gc,heap     ] GC(137) O: Reclaimed:         -                  -                 4M (2%)            4M (2%)     
[2026-06-18T14:29:58.335+0800][50.142s][info][gc,heap     ] GC(137) O: Compacted:         -                  -                  -                 0M (0%)     
[2026-06-18T14:29:58.335+0800][50.143s][info][gc,phases   ] GC(137) O: Old Generation 92M(36%)->88M(34%) 0.006s
[2026-06-18T14:29:58.335+0800][50.143s][info][gc          ] GC(137) Major Collection (Proactive) 118M(46%)->94M(37%) 0.047s
[2026-06-18T14:29:58.676+0800][50.484s][info][gc          ] GC(138) Minor Collection (Allocation Rate)
[2026-06-18T14:29:58.677+0800][50.484s][info][gc,task     ] GC(138) Using 2 Workers for Young Generation
[2026-06-18T14:29:58.678+0800][50.485s][info][gc,phases   ] GC(138) y: Young Generation
[2026-06-18T14:29:58.678+0800][50.486s][info][gc,phases   ] GC(138) y: Pause Mark Start 0.011ms
[2026-06-18T14:29:58.680+0800][50.487s][info][gc,phases   ] GC(138) y: Concurrent Mark 0.434ms
[2026-06-18T14:29:58.680+0800][50.488s][info][gc,phases   ] GC(138) y: Pause Mark End 0.008ms
[2026-06-18T14:29:58.681+0800][50.488s][info][gc,phases   ] GC(138) y: Concurrent Mark Free 0.001ms
[2026-06-18T14:29:58.681+0800][50.489s][info][gc,phases   ] GC(138) y: Concurrent Reset Relocation Set 0.002ms
[2026-06-18T14:29:58.682+0800][50.489s][info][gc,reloc    ] GC(138) y: Using tenuring threshold: 4 (Computed)
[2026-06-18T14:29:58.682+0800][50.490s][info][gc,phases   ] GC(138) y: Concurrent Select Relocation Set 0.502ms
[2026-06-18T14:29:58.683+0800][50.490s][info][gc,phases   ] GC(138) y: Pause Relocate Start 0.005ms
[2026-06-18T14:29:58.683+0800][50.491s][info][gc,phases   ] GC(138) y: Concurrent Relocate 0.468ms
[2026-06-18T14:29:58.684+0800][50.491s][info][gc,alloc    ] GC(138) y:                         Mark Start        Mark End      Relocate Start    Relocate End   
[2026-06-18T14:29:58.684+0800][50.491s][info][gc,alloc    ] GC(138) y: Allocation Stalls:          0                0                0                0         
[2026-06-18T14:29:58.685+0800][50.492s][info][gc,load     ] GC(138) y: Load: 0.30 (1%) / 0.31 (1%) / 0.30 (1%)
[2026-06-18T14:29:58.685+0800][50.493s][info][gc,mmu      ] GC(138) y: MMU: 2ms/97.3%, 5ms/98.6%, 10ms/99.3%, 20ms/99.6%, 50ms/99.8%, 100ms/99.9%
[2026-06-18T14:29:58.686+0800][50.493s][info][gc,marking  ] GC(138) y: Mark: 2 stripe(s), 1 proactive flush(es), 1 terminate flush(es), 0 completion(s), 0 continuation(s) 
[2026-06-18T14:29:58.686+0800][50.493s][info][gc,nmethod  ] GC(138) y: NMethods: 103 registered, 8 unregistered
[2026-06-18T14:29:58.686+0800][50.493s][info][gc,metaspace] GC(138) y: Metaspace: 0M used, 0M committed, 1088M reserved
[2026-06-18T14:29:58.686+0800][50.494s][info][gc,reloc    ] GC(138) y:                        Candidates     Selected     In-Place         Size        Empty    Relocated 
[2026-06-18T14:29:58.687+0800][50.494s][info][gc,reloc    ] GC(138) y: Small Pages:                   75           11            0         150M         122M           3M 
[2026-06-18T14:29:58.687+0800][50.494s][info][gc,reloc    ] GC(138) y: Medium Pages:                   6            1            0          48M          24M           0M 
[2026-06-18T14:29:58.687+0800][50.495s][info][gc,reloc    ] GC(138) y: Large Pages:                    6            0            0          12M           0M           0M 
[2026-06-18T14:29:58.687+0800][50.495s][info][gc,reloc    ] GC(138) y: Forwarding Usage: 0M
[2026-06-18T14:29:58.688+0800][50.495s][info][gc,reloc    ] GC(138) y: Age Table:
[2026-06-18T14:29:58.688+0800][50.495s][info][gc,reloc    ] GC(138) y:                    Live             Garbage             Small              Medium             Large        
[2026-06-18T14:29:58.688+0800][50.496s][info][gc,reloc    ] GC(138) y: Eden              16M (7%)          141M (55%)         69 / 11             2 / 0              2 / 0        
[2026-06-18T14:29:58.689+0800][50.496s][info][gc,reloc    ] GC(138) y: Survivor 1          -                14M (5%)           3 / 0              1 / 0              0 / 0        
[2026-06-18T14:29:58.690+0800][50.497s][info][gc,reloc    ] GC(138) y: Survivor 2         6M (2%)           22M (9%)           3 / 0              2 / 0              3 / 0        
[2026-06-18T14:29:58.692+0800][50.499s][info][gc,reloc    ] GC(138) y: Survivor 3         2M (1%)            7M (3%)           0 / 0              1 / 1              1 / 0        
[2026-06-18T14:29:58.697+0800][50.504s][info][gc,heap     ] GC(138) y: Min Capacity: 256M(100%)
[2026-06-18T14:29:58.698+0800][50.506s][info][gc,heap     ] GC(138) y: Max Capacity: 256M(100%)
[2026-06-18T14:29:58.701+0800][50.508s][info][gc,heap     ] GC(138) y: Soft Max Capacity: 256M(100%)
[2026-06-18T14:29:58.704+0800][50.511s][info][gc,heap     ] GC(138) y: Heap Statistics:
[2026-06-18T14:29:58.707+0800][50.514s][info][gc,heap     ] GC(138) y:                Mark Start          Mark End        Relocate Start      Relocate End           High               Low         
[2026-06-18T14:29:58.709+0800][50.517s][info][gc,heap     ] GC(138) y:  Capacity:      256M (100%)        256M (100%)        256M (100%)        256M (100%)        256M (100%)        256M (100%)   
[2026-06-18T14:29:58.712+0800][50.519s][info][gc,heap     ] GC(138) y:      Free:       30M (12%)          30M (12%)         176M (69%)         196M (77%)         196M (77%)          30M (12%)    
[2026-06-18T14:29:58.715+0800][50.522s][info][gc,heap     ] GC(138) y:      Used:      226M (88%)         226M (88%)          80M (31%)          60M (23%)         226M (88%)          60M (23%)    
[2026-06-18T14:29:58.717+0800][50.524s][info][gc,heap     ] GC(138) y: Young Generation Statistics:
[2026-06-18T14:29:58.722+0800][50.529s][info][gc,heap     ] GC(138) y:                Mark Start          Mark End        Relocate Start      Relocate End    
[2026-06-18T14:29:58.724+0800][50.531s][info][gc,heap     ] GC(138) y:      Used:      210M (82%)         210M (82%)          64M (25%)          44M (17%)    
[2026-06-18T14:29:58.724+0800][50.532s][info][gc,heap     ] GC(138) y:      Live:         -                25M (10%)          25M (10%)          25M (10%)    
[2026-06-18T14:29:58.725+0800][50.532s][info][gc,heap     ] GC(138) y:   Garbage:         -               184M (72%)          38M (15%)           0M (0%)     
[2026-06-18T14:29:58.725+0800][50.532s][info][gc,heap     ] GC(138) y: Allocated:         -                 0M (0%)            0M (0%)           17M (7%)     
[2026-06-18T14:29:58.726+0800][50.533s][info][gc,heap     ] GC(138) y: Reclaimed:         -                  -               146M (57%)         183M (72%)    
[2026-06-18T14:29:58.726+0800][50.534s][info][gc,heap     ] GC(138) y:  Promoted:         -                  -                 0M (0%)            0M (0%)     
[2026-06-18T14:29:58.727+0800][50.535s][info][gc,heap     ] GC(138) y: Compacted:         -                  -                  -                 6M (2%)     
[2026-06-18T14:29:58.728+0800][50.536s][info][gc,phases   ] GC(138) y: Young Generation 226M(88%)->60M(23%) 0.006s
[2026-06-18T14:29:58.729+0800][50.536s][info][gc          ] GC(138) Minor Collection (Allocation Rate) 226M(88%)->90M(35%) 0.052s
[2026-06-18T14:29:59.073+0800][50.881s][info][gc          ] GC(139) Minor Collection (Allocation Rate)
[2026-06-18T14:29:59.074+0800][50.882s][info][gc,task     ] GC(139) Using 1 Workers for Young Generation
[2026-06-18T14:29:59.075+0800][50.882s][info][gc,phases   ] GC(139) y: Young Generation
[2026-06-18T14:29:59.076+0800][50.883s][info][gc,phases   ] GC(139) y: Pause Mark Start 0.011ms
[2026-06-18T14:29:59.077+0800][50.884s][info][gc,phases   ] GC(139) y: Concurrent Mark 0.508ms
[2026-06-18T14:29:59.078+0800][50.885s][info][gc,phases   ] GC(139) y: Pause Mark End 0.013ms
[2026-06-18T14:29:59.079+0800][50.886s][info][gc,phases   ] GC(139) y: Concurrent Mark Free 0.002ms
[2026-06-18T14:29:59.079+0800][50.887s][info][gc,phases   ] GC(139) y: Concurrent Reset Relocation Set 0.002ms
[2026-06-18T14:29:59.080+0800][50.887s][info][gc,reloc    ] GC(139) y: Using tenuring threshold: 5 (Computed)
[2026-06-18T14:29:59.081+0800][50.888s][info][gc,phases   ] GC(139) y: Concurrent Select Relocation Set 0.643ms
[2026-06-18T14:29:59.081+0800][50.889s][info][gc,phases   ] GC(139) y: Pause Relocate Start 0.006ms
[2026-06-18T14:29:59.083+0800][50.890s][info][gc,phases   ] GC(139) y: Concurrent Relocate 1.225ms
[2026-06-18T14:29:59.084+0800][50.891s][info][gc,alloc    ] GC(139) y:                         Mark Start        Mark End      Relocate Start    Relocate End   
[2026-06-18T14:29:59.084+0800][50.892s][info][gc,alloc    ] GC(139) y: Allocation Stalls:          0                0                0                0         
[2026-06-18T14:29:59.085+0800][50.892s][info][gc,load     ] GC(139) y: Load: 0.30 (1%) / 0.31 (1%) / 0.30 (1%)
[2026-06-18T14:29:59.085+0800][50.892s][info][gc,mmu      ] GC(139) y: MMU: 2ms/97.3%, 5ms/98.6%, 10ms/99.3%, 20ms/99.6%, 50ms/99.8%, 100ms/99.9%
[2026-06-18T14:29:59.085+0800][50.893s][info][gc,marking  ] GC(139) y: Mark: 1 stripe(s), 1 proactive flush(es), 1 terminate flush(es), 0 completion(s), 0 continuation(s) 
[2026-06-18T14:29:59.086+0800][50.893s][info][gc,nmethod  ] GC(139) y: NMethods: 103 registered, 8 unregistered
[2026-06-18T14:29:59.086+0800][50.893s][info][gc,metaspace] GC(139) y: Metaspace: 0M used, 0M committed, 1088M reserved
[2026-06-18T14:29:59.086+0800][50.894s][info][gc,reloc    ] GC(139) y:                        Candidates     Selected     In-Place         Size        Empty    Relocated 
[2026-06-18T14:29:59.087+0800][50.894s][info][gc,reloc    ] GC(139) y: Small Pages:                   74           11            0         148M         118M           3M 
[2026-06-18T14:29:59.087+0800][50.894s][info][gc,reloc    ] GC(139) y: Medium Pages:                   6            2            0          48M          16M           5M 
[2026-06-18T14:29:59.087+0800][50.895s][info][gc,reloc    ] GC(139) y: Large Pages:                    8            0            0          16M           0M           0M 
[2026-06-18T14:29:59.088+0800][50.895s][info][gc,reloc    ] GC(139) y: Forwarding Usage: 0M
[2026-06-18T14:29:59.088+0800][50.895s][info][gc,reloc    ] GC(139) y: Age Table:
[2026-06-18T14:29:59.088+0800][50.895s][info][gc,reloc    ] GC(139) y:                    Live             Garbage             Small              Medium             Large        
[2026-06-18T14:29:59.088+0800][50.896s][info][gc,reloc    ] GC(139) y: Eden              22M (9%)          145M (57%)         70 / 11             3 / 2              2 / 0        
[2026-06-18T14:29:59.089+0800][50.896s][info][gc,reloc    ] GC(139) y: Survivor 1         4M (2%)           24M (9%)           4 / 0              2 / 0              2 / 0        
[2026-06-18T14:29:59.089+0800][50.896s][info][gc,reloc    ] GC(139) y: Survivor 2          -                 0M (0%)           0 / 0              0 / 0              0 / 0        
[2026-06-18T14:29:59.089+0800][50.897s][info][gc,reloc    ] GC(139) y: Survivor 3         6M (2%)            0M (0%)           0 / 0              0 / 0              3 / 0        
[2026-06-18T14:29:59.090+0800][50.897s][info][gc,reloc    ] GC(139) y: Survivor 4         2M (1%)            7M (3%)           0 / 0              1 / 0              1 / 0        
[2026-06-18T14:29:59.090+0800][50.897s][info][gc,heap     ] GC(139) y: Min Capacity: 256M(100%)
[2026-06-18T14:29:59.090+0800][50.898s][info][gc,heap     ] GC(139) y: Max Capacity: 256M(100%)
[2026-06-18T14:29:59.091+0800][50.898s][info][gc,heap     ] GC(139) y: Soft Max Capacity: 256M(100%)
[2026-06-18T14:29:59.091+0800][50.898s][info][gc,heap     ] GC(139) y: Heap Statistics:
[2026-06-18T14:29:59.091+0800][50.899s][info][gc,heap     ] GC(139) y:                Mark Start          Mark End        Relocate Start      Relocate End           High               Low         
[2026-06-18T14:29:59.092+0800][50.899s][info][gc,heap     ] GC(139) y:  Capacity:      256M (100%)        256M (100%)        256M (100%)        256M (100%)        256M (100%)        256M (100%)   
[2026-06-18T14:29:59.092+0800][50.899s][info][gc,heap     ] GC(139) y:      Free:       28M (11%)          28M (11%)         162M (63%)         192M (75%)         192M (75%)          28M (11%)    
[2026-06-18T14:29:59.092+0800][50.899s][info][gc,heap     ] GC(139) y:      Used:      228M (89%)         228M (89%)          94M (37%)          64M (25%)         228M (89%)          64M (25%)    
[2026-06-18T14:29:59.092+0800][50.900s][info][gc,heap     ] GC(139) y: Young Generation Statistics:
[2026-06-18T14:29:59.093+0800][50.900s][info][gc,heap     ] GC(139) y:                Mark Start          Mark End        Relocate Start      Relocate End    
[2026-06-18T14:29:59.093+0800][50.900s][info][gc,heap     ] GC(139) y:      Used:      212M (83%)         212M (83%)          78M (30%)          48M (19%)    
[2026-06-18T14:29:59.093+0800][50.901s][info][gc,heap     ] GC(139) y:      Live:         -                35M (14%)          35M (14%)          35M (14%)    
[2026-06-18T14:29:59.093+0800][50.901s][info][gc,heap     ] GC(139) y:   Garbage:         -               176M (69%)          42M (17%)           1M (0%)     
[2026-06-18T14:29:59.094+0800][50.901s][info][gc,heap     ] GC(139) y: Allocated:         -                 0M (0%)            0M (0%)           11M (4%)     
[2026-06-18T14:29:59.094+0800][50.901s][info][gc,heap     ] GC(139) y: Reclaimed:         -                  -               134M (52%)         175M (68%)    
[2026-06-18T14:29:59.094+0800][50.902s][info][gc,heap     ] GC(139) y:  Promoted:         -                  -                 0M (0%)            0M (0%)     
[2026-06-18T14:29:59.095+0800][50.902s][info][gc,heap     ] GC(139) y: Compacted:         -                  -                  -                10M (4%)     
[2026-06-18T14:29:59.095+0800][50.903s][info][gc,phases   ] GC(139) y: Young Generation 228M(89%)->64M(25%) 0.009s
[2026-06-18T14:29:59.096+0800][50.903s][info][gc          ] GC(139) Minor Collection (Allocation Rate) 226M(88%)->80M(31%) 0.023s
[2026-06-18T14:29:59.492+0800][51.300s][info][gc          ] GC(140) Minor Collection (Allocation Rate)
[2026-06-18T14:29:59.493+0800][51.301s][info][gc,task     ] GC(140) Using 2 Workers for Young Generation
[2026-06-18T14:29:59.496+0800][51.303s][info][gc,phases   ] GC(140) y: Young Generation
[2026-06-18T14:29:59.496+0800][51.304s][info][gc,phases   ] GC(140) y: Pause Mark Start 0.015ms
[2026-06-18T14:29:59.497+0800][51.304s][info][gc,phases   ] GC(140) y: Concurrent Mark 0.557ms
[2026-06-18T14:29:59.498+0800][51.305s][info][gc,phases   ] GC(140) y: Pause Mark End 0.019ms
[2026-06-18T14:29:59.498+0800][51.305s][info][gc,phases   ] GC(140) y: Concurrent Mark Free 0.001ms
[2026-06-18T14:29:59.498+0800][51.306s][info][gc,phases   ] GC(140) y: Concurrent Reset Relocation Set 0.002ms
[2026-06-18T14:29:59.499+0800][51.306s][info][gc,reloc    ] GC(140) y: Using tenuring threshold: 3 (Computed)
[2026-06-18T14:29:59.499+0800][51.307s][info][gc,phases   ] GC(140) y: Concurrent Select Relocation Set 0.480ms
[2026-06-18T14:29:59.500+0800][51.307s][info][gc,phases   ] GC(140) y: Pause Relocate Start 0.005ms
[2026-06-18T14:29:59.501+0800][51.308s][info][gc,phases   ] GC(140) y: Concurrent Relocate 0.849ms
[2026-06-18T14:29:59.501+0800][51.309s][info][gc,alloc    ] GC(140) y:                         Mark Start        Mark End      Relocate Start    Relocate End   
[2026-06-18T14:29:59.502+0800][51.309s][info][gc,alloc    ] GC(140) y: Allocation Stalls:          0                0                0                0         
[2026-06-18T14:29:59.502+0800][51.310s][info][gc,load     ] GC(140) y: Load: 0.30 (1%) / 0.31 (1%) / 0.30 (1%)
[2026-06-18T14:29:59.503+0800][51.310s][info][gc,mmu      ] GC(140) y: MMU: 2ms/97.3%, 5ms/98.6%, 10ms/99.3%, 20ms/99.6%, 50ms/99.8%, 100ms/99.9%
[2026-06-18T14:29:59.503+0800][51.310s][info][gc,marking  ] GC(140) y: Mark: 2 stripe(s), 1 proactive flush(es), 1 terminate flush(es), 0 completion(s), 0 continuation(s) 
[2026-06-18T14:29:59.503+0800][51.311s][info][gc,nmethod  ] GC(140) y: NMethods: 103 registered, 8 unregistered
[2026-06-18T14:29:59.503+0800][51.311s][info][gc,metaspace] GC(140) y: Metaspace: 0M used, 0M committed, 1088M reserved
[2026-06-18T14:29:59.504+0800][51.311s][info][gc,reloc    ] GC(140) y:                        Candidates     Selected     In-Place         Size        Empty    Relocated 
[2026-06-18T14:29:59.504+0800][51.311s][info][gc,reloc    ] GC(140) y: Small Pages:                   79           10            0         158M         130M           4M 
[2026-06-18T14:29:59.504+0800][51.312s][info][gc,reloc    ] GC(140) y: Medium Pages:                   5            1            0          40M          16M           2M 
[2026-06-18T14:29:59.505+0800][51.312s][info][gc,reloc    ] GC(140) y: Large Pages:                    9            0            0          18M           8M           0M 
[2026-06-18T14:29:59.505+0800][51.312s][info][gc,reloc    ] GC(140) y: Forwarding Usage: 0M
[2026-06-18T14:29:59.505+0800][51.312s][info][gc,reloc    ] GC(140) y: Age Table:
[2026-06-18T14:29:59.505+0800][51.313s][info][gc,reloc    ] GC(140) y:                    Live             Garbage             Small              Medium             Large        
[2026-06-18T14:29:59.506+0800][51.313s][info][gc,reloc    ] GC(140) y: Eden              17M (7%)          150M (59%)         75 / 10             2 / 1              1 / 0        
[2026-06-18T14:29:59.506+0800][51.313s][info][gc,reloc    ] GC(140) y: Survivor 1         4M (2%)           23M (9%)           4 / 0              2 / 0              2 / 0        
[2026-06-18T14:29:59.506+0800][51.314s][info][gc,reloc    ] GC(140) y: Survivor 2         4M (2%)            0M (0%)           0 / 0              0 / 0              2 / 0        
[2026-06-18T14:29:59.507+0800][51.314s][info][gc,reloc    ] GC(140) y: Survivor 3          -                 0M (0%)           0 / 0              0 / 0              0 / 0        
[2026-06-18T14:29:59.507+0800][51.315s][info][gc,reloc    ] GC(140) y: Survivor 4          -                 6M (2%)           0 / 0              0 / 0              3 / 0        
[2026-06-18T14:29:59.508+0800][51.315s][info][gc,reloc    ] GC(140) y: Survivor 5          -                10M (4%)           0 / 0              1 / 0              1 / 0        
[2026-06-18T14:29:59.508+0800][51.315s][info][gc,heap     ] GC(140) y: Min Capacity: 256M(100%)
[2026-06-18T14:29:59.508+0800][51.315s][info][gc,heap     ] GC(140) y: Max Capacity: 256M(100%)
[2026-06-18T14:29:59.508+0800][51.316s][info][gc,heap     ] GC(140) y: Soft Max Capacity: 256M(100%)
[2026-06-18T14:29:59.509+0800][51.316s][info][gc,heap     ] GC(140) y: Heap Statistics:
[2026-06-18T14:29:59.509+0800][51.316s][info][gc,heap     ] GC(140) y:                Mark Start          Mark End        Relocate Start      Relocate End           High               Low         
[2026-06-18T14:29:59.509+0800][51.316s][info][gc,heap     ] GC(140) y:  Capacity:      256M (100%)        256M (100%)        256M (100%)        256M (100%)        256M (100%)        256M (100%)   
[2026-06-18T14:29:59.509+0800][51.317s][info][gc,heap     ] GC(140) y:      Free:       24M (9%)           24M (9%)          178M (70%)         196M (77%)         196M (77%)          24M (9%)     
[2026-06-18T14:29:59.510+0800][51.317s][info][gc,heap     ] GC(140) y:      Used:      232M (91%)         232M (91%)          78M (30%)          60M (23%)         232M (91%)          60M (23%)    
[2026-06-18T14:29:59.510+0800][51.317s][info][gc,heap     ] GC(140) y: Young Generation Statistics:
[2026-06-18T14:29:59.510+0800][51.317s][info][gc,heap     ] GC(140) y:                Mark Start          Mark End        Relocate Start      Relocate End    
[2026-06-18T14:29:59.510+0800][51.318s][info][gc,heap     ] GC(140) y:      Used:      216M (84%)         216M (84%)          62M (24%)          44M (17%)    
[2026-06-18T14:29:59.511+0800][51.318s][info][gc,heap     ] GC(140) y:      Live:         -                26M (10%)          26M (10%)          26M (10%)    
[2026-06-18T14:29:59.511+0800][51.318s][info][gc,heap     ] GC(140) y:   Garbage:         -               189M (74%)          35M (14%)           0M (0%)     
[2026-06-18T14:29:59.511+0800][51.318s][info][gc,heap     ] GC(140) y: Allocated:         -                 0M (0%)            0M (0%)           16M (7%)     
[2026-06-18T14:29:59.511+0800][51.319s][info][gc,heap     ] GC(140) y: Reclaimed:         -                  -               154M (60%)         188M (74%)    
[2026-06-18T14:29:59.512+0800][51.319s][info][gc,heap     ] GC(140) y:  Promoted:         -                  -                 0M (0%)            0M (0%)     
[2026-06-18T14:29:59.512+0800][51.319s][info][gc,heap     ] GC(140) y: Compacted:         -                  -                  -                 9M (4%)     
[2026-06-18T14:29:59.512+0800][51.320s][info][gc,phases   ] GC(140) y: Young Generation 232M(91%)->60M(23%) 0.006s
[2026-06-18T14:29:59.513+0800][51.320s][info][gc          ] GC(140) Minor Collection (Allocation Rate) 232M(91%)->64M(25%) 0.020s
[2026-06-18T14:29:59.901+0800][51.708s][info][gc          ] GC(141) Minor Collection (Allocation Rate)
[2026-06-18T14:29:59.902+0800][51.709s][info][gc,task     ] GC(141) Using 1 Workers for Young Generation
[2026-06-18T14:29:59.903+0800][51.710s][info][gc,phases   ] GC(141) y: Young Generation
[2026-06-18T14:29:59.903+0800][51.711s][info][gc,phases   ] GC(141) y: Pause Mark Start 0.009ms
[2026-06-18T14:29:59.905+0800][51.712s][info][gc,phases   ] GC(141) y: Concurrent Mark 0.538ms
[2026-06-18T14:29:59.905+0800][51.713s][info][gc,phases   ] GC(141) y: Pause Mark End 0.023ms
[2026-06-18T14:29:59.906+0800][51.713s][info][gc,phases   ] GC(141) y: Concurrent Mark Free 0.001ms
[2026-06-18T14:29:59.907+0800][51.714s][info][gc,phases   ] GC(141) y: Concurrent Reset Relocation Set 0.002ms
[2026-06-18T14:29:59.907+0800][51.715s][info][gc,reloc    ] GC(141) y: Using tenuring threshold: 4 (Computed)
[2026-06-18T14:29:59.908+0800][51.715s][info][gc,phases   ] GC(141) y: Concurrent Select Relocation Set 0.541ms
[2026-06-18T14:29:59.908+0800][51.716s][info][gc,phases   ] GC(141) y: Pause Relocate Start 0.005ms
[2026-06-18T14:29:59.909+0800][51.717s][info][gc,phases   ] GC(141) y: Concurrent Relocate 0.768ms
[2026-06-18T14:29:59.910+0800][51.717s][info][gc,alloc    ] GC(141) y:                         Mark Start        Mark End      Relocate Start    Relocate End   
[2026-06-18T14:29:59.910+0800][51.718s][info][gc,alloc    ] GC(141) y: Allocation Stalls:          0                0                0                0         
[2026-06-18T14:29:59.912+0800][51.720s][info][gc,load     ] GC(141) y: Load: 0.30 (1%) / 0.31 (1%) / 0.30 (1%)
[2026-06-18T14:29:59.912+0800][51.720s][info][gc,mmu      ] GC(141) y: MMU: 2ms/97.3%, 5ms/98.6%, 10ms/99.3%, 20ms/99.6%, 50ms/99.8%, 100ms/99.9%
[2026-06-18T14:29:59.913+0800][51.720s][info][gc,marking  ] GC(141) y: Mark: 1 stripe(s), 1 proactive flush(es), 1 terminate flush(es), 0 completion(s), 0 continuation(s) 
[2026-06-18T14:29:59.913+0800][51.720s][info][gc,nmethod  ] GC(141) y: NMethods: 103 registered, 8 unregistered
[2026-06-18T14:29:59.913+0800][51.721s][info][gc,metaspace] GC(141) y: Metaspace: 0M used, 0M committed, 1088M reserved
[2026-06-18T14:29:59.913+0800][51.721s][info][gc,reloc    ] GC(141) y:                        Candidates     Selected     In-Place         Size        Empty    Relocated 
[2026-06-18T14:29:59.914+0800][51.721s][info][gc,reloc    ] GC(141) y: Small Pages:                   77           10            0         154M         130M           3M 
[2026-06-18T14:29:59.914+0800][51.721s][info][gc,reloc    ] GC(141) y: Medium Pages:                   6            2            0          48M          16M           2M 
[2026-06-18T14:29:59.914+0800][51.722s][info][gc,reloc    ] GC(141) y: Large Pages:                    7            0            0          14M           0M           0M 
[2026-06-18T14:29:59.915+0800][51.722s][info][gc,reloc    ] GC(141) y: Forwarding Usage: 0M
[2026-06-18T14:29:59.915+0800][51.722s][info][gc,reloc    ] GC(141) y: Age Table:
[2026-06-18T14:29:59.915+0800][51.722s][info][gc,reloc    ] GC(141) y:                    Live             Garbage             Small              Medium             Large        
[2026-06-18T14:29:59.915+0800][51.723s][info][gc,reloc    ] GC(141) y: Eden              15M (6%)          156M (61%)         72 / 10             3 / 1              2 / 0        
[2026-06-18T14:29:59.916+0800][51.723s][info][gc,reloc    ] GC(141) y: Survivor 1         2M (1%)           25M (10%)          5 / 0              2 / 1              1 / 0        
[2026-06-18T14:29:59.916+0800][51.723s][info][gc,reloc    ] GC(141) y: Survivor 2         4M (2%)            7M (3%)           0 / 0              1 / 0              2 / 0        
[2026-06-18T14:29:59.916+0800][51.724s][info][gc,reloc    ] GC(141) y: Survivor 3         4M (2%)            0M (0%)           0 / 0              0 / 0              2 / 0        
[2026-06-18T14:29:59.917+0800][51.724s][info][gc,heap     ] GC(141) y: Min Capacity: 256M(100%)
[2026-06-18T14:29:59.918+0800][51.725s][info][gc,heap     ] GC(141) y: Max Capacity: 256M(100%)
[2026-06-18T14:29:59.918+0800][51.725s][info][gc,heap     ] GC(141) y: Soft Max Capacity: 256M(100%)
[2026-06-18T14:29:59.918+0800][51.726s][info][gc,heap     ] GC(141) y: Heap Statistics:
[2026-06-18T14:29:59.919+0800][51.726s][info][gc,heap     ] GC(141) y:                Mark Start          Mark End        Relocate Start      Relocate End           High               Low         
[2026-06-18T14:29:59.919+0800][51.726s][info][gc,heap     ] GC(141) y:  Capacity:      256M (100%)        256M (100%)        256M (100%)        256M (100%)        256M (100%)        256M (100%)   
[2026-06-18T14:29:59.919+0800][51.727s][info][gc,heap     ] GC(141) y:      Free:       24M (9%)           24M (9%)          170M (66%)         190M (74%)         190M (74%)          24M (9%)     
[2026-06-18T14:29:59.920+0800][51.727s][info][gc,heap     ] GC(141) y:      Used:      232M (91%)         232M (91%)          86M (34%)          66M (26%)         232M (91%)          66M (26%)    
[2026-06-18T14:29:59.920+0800][51.727s][info][gc,heap     ] GC(141) y: Young Generation Statistics:
[2026-06-18T14:29:59.920+0800][51.727s][info][gc,heap     ] GC(141) y:                Mark Start          Mark End        Relocate Start      Relocate End    
[2026-06-18T14:29:59.920+0800][51.728s][info][gc,heap     ] GC(141) y:      Used:      216M (84%)         216M (84%)          70M (27%)          50M (20%)    
[2026-06-18T14:29:59.921+0800][51.728s][info][gc,heap     ] GC(141) y:      Live:         -                26M (11%)          26M (11%)          26M (11%)    
[2026-06-18T14:29:59.921+0800][51.728s][info][gc,heap     ] GC(141) y:   Garbage:         -               189M (74%)          43M (17%)           2M (1%)     
[2026-06-18T14:29:59.921+0800][51.728s][info][gc,heap     ] GC(141) y: Allocated:         -                 0M (0%)            0M (0%)           20M (8%)     
[2026-06-18T14:29:59.921+0800][51.729s][info][gc,heap     ] GC(141) y: Reclaimed:         -                  -               146M (57%)         186M (73%)    
[2026-06-18T14:29:59.922+0800][51.729s][info][gc,heap     ] GC(141) y:  Promoted:         -                  -                 0M (0%)            0M (0%)     
[2026-06-18T14:29:59.922+0800][51.729s][info][gc,heap     ] GC(141) y: Compacted:         -                  -                  -                 7M (3%)     
[2026-06-18T14:29:59.922+0800][51.730s][info][gc,phases   ] GC(141) y: Young Generation 232M(91%)->66M(26%) 0.007s
[2026-06-18T14:29:59.923+0800][51.730s][info][gc          ] GC(141) Minor Collection (Allocation Rate) 232M(91%)->74M(29%) 0.022s
[2026-06-18T14:30:00.299+0800][52.106s][info][gc          ] GC(142) Minor Collection (High Usage)
[2026-06-18T14:30:00.301+0800][52.109s][info][gc,task     ] GC(142) Using 1 Workers for Young Generation
[2026-06-18T14:30:00.304+0800][52.112s][info][gc,phases   ] GC(142) y: Young Generation
[2026-06-18T14:30:00.308+0800][52.115s][info][gc,phases   ] GC(142) y: Pause Mark Start 0.015ms
[2026-06-18T14:30:00.311+0800][52.119s][info][gc,task     ] Adjusting Workers for Young Generation: 1 -> 2
[2026-06-18T14:30:00.316+0800][52.123s][info][gc,phases   ] GC(142) y: Concurrent Mark 5.012ms
[2026-06-18T14:30:00.319+0800][52.127s][info][gc,phases   ] GC(142) y: Pause Mark End 0.013ms
[2026-06-18T14:30:00.327+0800][52.135s][info][gc,phases   ] GC(142) y: Concurrent Mark Free 0.004ms
[2026-06-18T14:30:00.329+0800][52.136s][info][gc,phases   ] GC(142) y: Concurrent Reset Relocation Set 0.004ms
[2026-06-18T14:30:00.332+0800][52.140s][info][gc,reloc    ] GC(142) y: Using tenuring threshold: 3 (Computed)
[2026-06-18T14:30:00.335+0800][52.143s][info][gc,phases   ] GC(142) y: Concurrent Select Relocation Set 2.766ms
[2026-06-18T14:30:00.343+0800][52.150s][info][gc,phases   ] GC(142) y: Pause Relocate Start 0.014ms
[2026-06-18T14:30:00.345+0800][52.152s][info][gc,phases   ] GC(142) y: Concurrent Relocate 0.758ms
[2026-06-18T14:30:00.347+0800][52.154s][info][gc,alloc    ] GC(142) y:                         Mark Start        Mark End      Relocate Start    Relocate End   
[2026-06-18T14:30:00.350+0800][52.157s][info][gc,alloc    ] GC(142) y: Allocation Stalls:          0                0                0                0         
[2026-06-18T14:30:00.352+0800][52.159s][info][gc,load     ] GC(142) y: Load: 0.30 (1%) / 0.31 (1%) / 0.30 (1%)
[2026-06-18T14:30:00.354+0800][52.162s][info][gc,mmu      ] GC(142) y: MMU: 2ms/97.3%, 5ms/98.6%, 10ms/99.3%, 20ms/99.6%, 50ms/99.8%, 100ms/99.9%
[2026-06-18T14:30:00.357+0800][52.164s][info][gc,marking  ] GC(142) y: Mark: 1 stripe(s), 3 proactive flush(es), 1 terminate flush(es), 0 completion(s), 0 continuation(s) 
[2026-06-18T14:30:00.360+0800][52.167s][info][gc,nmethod  ] GC(142) y: NMethods: 103 registered, 8 unregistered
[2026-06-18T14:30:00.363+0800][52.170s][info][gc,metaspace] GC(142) y: Metaspace: 0M used, 0M committed, 1088M reserved
[2026-06-18T14:30:00.366+0800][52.173s][info][gc,reloc    ] GC(142) y:                        Candidates     Selected     In-Place         Size        Empty    Relocated 
[2026-06-18T14:30:00.367+0800][52.175s][info][gc,reloc    ] GC(142) y: Small Pages:                   74           11            0         148M         116M           3M 
[2026-06-18T14:30:00.370+0800][52.177s][info][gc,reloc    ] GC(142) y: Medium Pages:                   6            1            0          48M          24M           2M 
[2026-06-18T14:30:00.371+0800][52.179s][info][gc,reloc    ] GC(142) y: Large Pages:                   10            0            0          20M           8M           0M 
[2026-06-18T14:30:00.374+0800][52.181s][info][gc,reloc    ] GC(142) y: Forwarding Usage: 0M
[2026-06-18T14:30:00.375+0800][52.183s][info][gc,reloc    ] GC(142) y: Age Table:
[2026-06-18T14:30:00.380+0800][52.187s][info][gc,reloc    ] GC(142) y:                    Live             Garbage             Small              Medium             Large        
[2026-06-18T14:30:00.383+0800][52.190s][info][gc,reloc    ] GC(142) y: Eden              20M (8%)          145M (57%)         72 / 11             2 / 1              3 / 0        
[2026-06-18T14:30:00.387+0800][52.194s][info][gc,reloc    ] GC(142) y: Survivor 1         4M (2%)           20M (8%)           2 / 0              2 / 0              2 / 0        
[2026-06-18T14:30:00.388+0800][52.195s][info][gc,reloc    ] GC(142) y: Survivor 2         2M (1%)            7M (3%)           0 / 0              1 / 0              1 / 0        
[2026-06-18T14:30:00.391+0800][52.198s][info][gc,reloc    ] GC(142) y: Survivor 3          -                12M (5%)           0 / 0              1 / 0              2 / 0        
[2026-06-18T14:30:00.392+0800][52.199s][info][gc,reloc    ] GC(142) y: Survivor 4          -                 4M (2%)           0 / 0              0 / 0              2 / 0        
[2026-06-18T14:30:00.392+0800][52.199s][info][gc,heap     ] GC(142) y: Min Capacity: 256M(100%)
[2026-06-18T14:30:00.392+0800][52.200s][info][gc,heap     ] GC(142) y: Max Capacity: 256M(100%)
[2026-06-18T14:30:00.393+0800][52.200s][info][gc,heap     ] GC(142) y: Soft Max Capacity: 256M(100%)
[2026-06-18T14:30:00.393+0800][52.200s][info][gc,heap     ] GC(142) y: Heap Statistics:
[2026-06-18T14:30:00.393+0800][52.201s][info][gc,heap     ] GC(142) y:                Mark Start          Mark End        Relocate Start      Relocate End           High               Low         
[2026-06-18T14:30:00.394+0800][52.201s][info][gc,heap     ] GC(142) y:  Capacity:      256M (100%)        256M (100%)        256M (100%)        256M (100%)        256M (100%)        256M (100%)   
[2026-06-18T14:30:00.394+0800][52.202s][info][gc,heap     ] GC(142) y:      Free:       24M (9%)           12M (5%)          154M (60%)         176M (69%)         176M (69%)           8M (3%)     
[2026-06-18T14:30:00.395+0800][52.203s][info][gc,heap     ] GC(142) y:      Used:      232M (91%)         244M (95%)         102M (40%)          80M (31%)         248M (97%)          80M (31%)    
[2026-06-18T14:30:00.396+0800][52.203s][info][gc,heap     ] GC(142) y: Young Generation Statistics:
[2026-06-18T14:30:00.396+0800][52.203s][info][gc,heap     ] GC(142) y:                Mark Start          Mark End        Relocate Start      Relocate End    
[2026-06-18T14:30:00.396+0800][52.204s][info][gc,heap     ] GC(142) y:      Used:      216M (84%)         228M (89%)          86M (34%)          64M (25%)    
[2026-06-18T14:30:00.397+0800][52.204s][info][gc,heap     ] GC(142) y:      Live:         -                27M (11%)          27M (11%)          27M (11%)    
[2026-06-18T14:30:00.397+0800][52.204s][info][gc,heap     ] GC(142) y:   Garbage:         -               188M (74%)          40M (16%)           5M (2%)     
[2026-06-18T14:30:00.397+0800][52.205s][info][gc,heap     ] GC(142) y: Allocated:         -                12M (5%)           18M (7%)           31M (12%)    
[2026-06-18T14:30:00.397+0800][52.205s][info][gc,heap     ] GC(142) y: Reclaimed:         -                  -               148M (58%)         183M (72%)    
[2026-06-18T14:30:00.398+0800][52.205s][info][gc,heap     ] GC(142) y:  Promoted:         -                  -                 0M (0%)            0M (0%)     
[2026-06-18T14:30:00.398+0800][52.205s][info][gc,heap     ] GC(142) y: Compacted:         -                  -                  -                 8M (3%)     
[2026-06-18T14:30:00.398+0800][52.205s][info][gc,phases   ] GC(142) y: Young Generation 232M(91%)->80M(31%) 0.043s
[2026-06-18T14:30:00.398+0800][52.206s][info][gc          ] GC(142) Minor Collection (High Usage) 232M(91%)->100M(39%) 0.100s
[2026-06-18T14:30:00.557+0800][52.365s][info][gc          ] GC(143) Minor Collection (Allocation Rate)
[2026-06-18T14:30:00.558+0800][52.366s][info][gc,task     ] GC(143) Using 1 Workers for Young Generation
[2026-06-18T14:30:00.559+0800][52.366s][info][gc,phases   ] GC(143) y: Young Generation
[2026-06-18T14:30:00.560+0800][52.367s][info][gc,phases   ] GC(143) y: Pause Mark Start 0.011ms
[2026-06-18T14:30:00.561+0800][52.368s][info][gc,phases   ] GC(143) y: Concurrent Mark 0.456ms
[2026-06-18T14:30:00.561+0800][52.369s][info][gc,phases   ] GC(143) y: Pause Mark End 0.008ms
[2026-06-18T14:30:00.562+0800][52.369s][info][gc,phases   ] GC(143) y: Concurrent Mark Free 0.015ms
[2026-06-18T14:30:00.562+0800][52.369s][info][gc,phases   ] GC(143) y: Concurrent Reset Relocation Set 0.002ms
[2026-06-18T14:30:00.563+0800][52.370s][info][gc,reloc    ] GC(143) y: Using tenuring threshold: 4 (Computed)
[2026-06-18T14:30:00.564+0800][52.372s][info][gc,phases   ] GC(143) y: Concurrent Select Relocation Set 1.489ms
[2026-06-18T14:30:00.565+0800][52.372s][info][gc,phases   ] GC(143) y: Pause Relocate Start 0.011ms
[2026-06-18T14:30:00.567+0800][52.374s][info][gc,phases   ] GC(143) y: Concurrent Relocate 1.189ms
[2026-06-18T14:30:00.567+0800][52.375s][info][gc,alloc    ] GC(143) y:                         Mark Start        Mark End      Relocate Start    Relocate End   
[2026-06-18T14:30:00.568+0800][52.375s][info][gc,alloc    ] GC(143) y: Allocation Stalls:          0                0                0                0         
[2026-06-18T14:30:00.568+0800][52.375s][info][gc,load     ] GC(143) y: Load: 0.30 (1%) / 0.31 (1%) / 0.30 (1%)
[2026-06-18T14:30:00.568+0800][52.376s][info][gc,mmu      ] GC(143) y: MMU: 2ms/97.3%, 5ms/98.6%, 10ms/99.3%, 20ms/99.6%, 50ms/99.8%, 100ms/99.9%
[2026-06-18T14:30:00.569+0800][52.376s][info][gc,marking  ] GC(143) y: Mark: 1 stripe(s), 1 proactive flush(es), 1 terminate flush(es), 0 completion(s), 0 continuation(s) 
[2026-06-18T14:30:00.569+0800][52.377s][info][gc,nmethod  ] GC(143) y: NMethods: 103 registered, 8 unregistered
[2026-06-18T14:30:00.570+0800][52.377s][info][gc,metaspace] GC(143) y: Metaspace: 0M used, 0M committed, 1088M reserved
[2026-06-18T14:30:00.571+0800][52.378s][info][gc,reloc    ] GC(143) y:                        Candidates     Selected     In-Place         Size        Empty    Relocated 
[2026-06-18T14:30:00.571+0800][52.378s][info][gc,reloc    ] GC(143) y: Small Pages:                   50            8            0         100M          78M           3M 
[2026-06-18T14:30:00.571+0800][52.379s][info][gc,reloc    ] GC(143) y: Medium Pages:                   5            2            0          40M          16M           5M 
[2026-06-18T14:30:00.572+0800][52.379s][info][gc,reloc    ] GC(143) y: Large Pages:                    7            0            0          14M           0M           0M 
[2026-06-18T14:30:00.572+0800][52.379s][info][gc,reloc    ] GC(143) y: Forwarding Usage: 0M
[2026-06-18T14:30:00.572+0800][52.380s][info][gc,reloc    ] GC(143) y: Age Table:
[2026-06-18T14:30:00.573+0800][52.380s][info][gc,reloc    ] GC(143) y:                    Live             Garbage             Small              Medium             Large        
[2026-06-18T14:30:00.573+0800][52.380s][info][gc,reloc    ] GC(143) y: Eden              12M (5%)           95M (37%)         45 / 8              2 / 1              1 / 0        
[2026-06-18T14:30:00.573+0800][52.380s][info][gc,reloc    ] GC(143) y: Survivor 1         6M (2%)           26M (10%)          5 / 0              2 / 0              3 / 0        
[2026-06-18T14:30:00.573+0800][52.381s][info][gc,reloc    ] GC(143) y: Survivor 2         4M (2%)            0M (0%)           0 / 0              0 / 0              2 / 0        
[2026-06-18T14:30:00.574+0800][52.381s][info][gc,reloc    ] GC(143) y: Survivor 3         2M (1%)            7M (3%)           0 / 0              1 / 1              1 / 0        
[2026-06-18T14:30:00.574+0800][52.381s][info][gc,heap     ] GC(143) y: Min Capacity: 256M(100%)
[2026-06-18T14:30:00.574+0800][52.381s][info][gc,heap     ] GC(143) y: Max Capacity: 256M(100%)
[2026-06-18T14:30:00.574+0800][52.382s][info][gc,heap     ] GC(143) y: Soft Max Capacity: 256M(100%)
[2026-06-18T14:30:00.575+0800][52.382s][info][gc,heap     ] GC(143) y: Heap Statistics:
[2026-06-18T14:30:00.575+0800][52.383s][info][gc,heap     ] GC(143) y:                Mark Start          Mark End        Relocate Start      Relocate End           High               Low         
[2026-06-18T14:30:00.576+0800][52.383s][info][gc,heap     ] GC(143) y:  Capacity:      256M (100%)        256M (100%)        256M (100%)        256M (100%)        256M (100%)        256M (100%)   
[2026-06-18T14:30:00.576+0800][52.384s][info][gc,heap     ] GC(143) y:      Free:       86M (34%)          86M (34%)         180M (70%)         204M (80%)         204M (80%)          86M (34%)    
[2026-06-18T14:30:00.577+0800][52.384s][info][gc,heap     ] GC(143) y:      Used:      170M (66%)         170M (66%)          76M (30%)          52M (20%)         170M (66%)          52M (20%)    
[2026-06-18T14:30:00.577+0800][52.384s][info][gc,heap     ] GC(143) y: Young Generation Statistics:
[2026-06-18T14:30:00.577+0800][52.385s][info][gc,heap     ] GC(143) y:                Mark Start          Mark End        Relocate Start      Relocate End    
[2026-06-18T14:30:00.578+0800][52.385s][info][gc,heap     ] GC(143) y:      Used:      154M (60%)         154M (60%)          60M (23%)          36M (14%)    
[2026-06-18T14:30:00.578+0800][52.385s][info][gc,heap     ] GC(143) y:      Live:         -                25M (10%)          25M (10%)          25M (10%)    
[2026-06-18T14:30:00.578+0800][52.386s][info][gc,heap     ] GC(143) y:   Garbage:         -               128M (50%)          34M (13%)           0M (0%)     
[2026-06-18T14:30:00.578+0800][52.386s][info][gc,heap     ] GC(143) y: Allocated:         -                 0M (0%)            0M (0%)           10M (4%)     
[2026-06-18T14:30:00.579+0800][52.386s][info][gc,heap     ] GC(143) y: Reclaimed:         -                  -                94M (37%)         128M (50%)    
[2026-06-18T14:30:00.579+0800][52.386s][info][gc,heap     ] GC(143) y:  Promoted:         -                  -                 0M (0%)            0M (0%)     
[2026-06-18T14:30:00.580+0800][52.387s][info][gc,heap     ] GC(143) y: Compacted:         -                  -                  -                11M (4%)     
[2026-06-18T14:30:00.580+0800][52.387s][info][gc,phases   ] GC(143) y: Young Generation 170M(66%)->52M(20%) 0.008s
[2026-06-18T14:30:00.580+0800][52.388s][info][gc          ] GC(143) Minor Collection (Allocation Rate) 170M(66%)->68M(27%) 0.023s
[2026-06-18T14:30:00.892+0800][52.699s][info][gc          ] GC(144) Minor Collection (Allocation Rate)
[2026-06-18T14:30:00.892+0800][52.700s][info][gc,task     ] GC(144) Using 1 Workers for Young Generation
[2026-06-18T14:30:00.893+0800][52.700s][info][gc,phases   ] GC(144) y: Young Generation
[2026-06-18T14:30:00.893+0800][52.701s][info][gc,phases   ] GC(144) y: Pause Mark Start 0.010ms
[2026-06-18T14:30:00.894+0800][52.702s][info][gc,phases   ] GC(144) y: Concurrent Mark 0.396ms
[2026-06-18T14:30:00.896+0800][52.703s][info][gc,phases   ] GC(144) y: Pause Mark End 0.009ms
[2026-06-18T14:30:00.896+0800][52.704s][info][gc,phases   ] GC(144) y: Concurrent Mark Free 0.002ms
[2026-06-18T14:30:00.897+0800][52.704s][info][gc,phases   ] GC(144) y: Concurrent Reset Relocation Set 0.002ms
[2026-06-18T14:30:00.897+0800][52.705s][info][gc,reloc    ] GC(144) y: Using tenuring threshold: 3 (Computed)
[2026-06-18T14:30:00.898+0800][52.705s][info][gc,phases   ] GC(144) y: Concurrent Select Relocation Set 0.598ms
[2026-06-18T14:30:00.899+0800][52.706s][info][gc,phases   ] GC(144) y: Pause Relocate Start 0.015ms
[2026-06-18T14:30:00.900+0800][52.707s][info][gc,phases   ] GC(144) y: Concurrent Relocate 0.977ms
[2026-06-18T14:30:00.901+0800][52.708s][info][gc,alloc    ] GC(144) y:                         Mark Start        Mark End      Relocate Start    Relocate End   
[2026-06-18T14:30:00.901+0800][52.708s][info][gc,alloc    ] GC(144) y: Allocation Stalls:          0                0                0                0         
[2026-06-18T14:30:00.901+0800][52.709s][info][gc,load     ] GC(144) y: Load: 0.30 (1%) / 0.31 (1%) / 0.30 (1%)
[2026-06-18T14:30:00.902+0800][52.709s][info][gc,mmu      ] GC(144) y: MMU: 2ms/97.3%, 5ms/98.6%, 10ms/99.3%, 20ms/99.6%, 50ms/99.8%, 100ms/99.9%
[2026-06-18T14:30:00.903+0800][52.710s][info][gc,marking  ] GC(144) y: Mark: 1 stripe(s), 1 proactive flush(es), 1 terminate flush(es), 0 completion(s), 0 continuation(s) 
[2026-06-18T14:30:00.903+0800][52.710s][info][gc,nmethod  ] GC(144) y: NMethods: 103 registered, 8 unregistered
[2026-06-18T14:30:00.904+0800][52.711s][info][gc,metaspace] GC(144) y: Metaspace: 0M used, 0M committed, 1088M reserved
[2026-06-18T14:30:00.904+0800][52.711s][info][gc,reloc    ] GC(144) y:                        Candidates     Selected     In-Place         Size        Empty    Relocated 
[2026-06-18T14:30:00.906+0800][52.713s][info][gc,reloc    ] GC(144) y: Small Pages:                   63            7            0         126M         104M           3M 
[2026-06-18T14:30:00.907+0800][52.715s][info][gc,reloc    ] GC(144) y: Medium Pages:                   4            1            0          32M           8M           2M 
[2026-06-18T14:30:00.908+0800][52.715s][info][gc,reloc    ] GC(144) y: Large Pages:                    9            0            0          18M           0M           0M 
[2026-06-18T14:30:00.908+0800][52.716s][info][gc,reloc    ] GC(144) y: Forwarding Usage: 0M
[2026-06-18T14:30:00.909+0800][52.716s][info][gc,reloc    ] GC(144) y: Age Table:
[2026-06-18T14:30:00.909+0800][52.717s][info][gc,reloc    ] GC(144) y:                    Live             Garbage             Small              Medium             Large        
[2026-06-18T14:30:00.909+0800][52.717s][info][gc,reloc    ] GC(144) y: Eden              17M (7%)          122M (48%)         60 / 7              2 / 1              2 / 0        
[2026-06-18T14:30:00.910+0800][52.717s][info][gc,reloc    ] GC(144) y: Survivor 1         2M (1%)           14M (5%)           3 / 0              1 / 0              1 / 0        
[2026-06-18T14:30:00.910+0800][52.718s][info][gc,reloc    ] GC(144) y: Survivor 2         6M (2%)            0M (0%)           0 / 0              0 / 0              3 / 0        
[2026-06-18T14:30:00.911+0800][52.718s][info][gc,reloc    ] GC(144) y: Survivor 3         4M (2%)            0M (0%)           0 / 0              0 / 0              2 / 0        
[2026-06-18T14:30:00.911+0800][52.718s][info][gc,reloc    ] GC(144) y: Survivor 4         2M (1%)            7M (3%)           0 / 0              1 / 0              1 / 0        
[2026-06-18T14:30:00.911+0800][52.718s][info][gc,heap     ] GC(144) y: Min Capacity: 256M(100%)
[2026-06-18T14:30:00.911+0800][52.719s][info][gc,heap     ] GC(144) y: Max Capacity: 256M(100%)
[2026-06-18T14:30:00.912+0800][52.719s][info][gc,heap     ] GC(144) y: Soft Max Capacity: 256M(100%)
[2026-06-18T14:30:00.912+0800][52.719s][info][gc,heap     ] GC(144) y: Heap Statistics:
[2026-06-18T14:30:00.912+0800][52.720s][info][gc,heap     ] GC(144) y:                Mark Start          Mark End        Relocate Start      Relocate End           High               Low         
[2026-06-18T14:30:00.913+0800][52.720s][info][gc,heap     ] GC(144) y:  Capacity:      256M (100%)        256M (100%)        256M (100%)        256M (100%)        256M (100%)        256M (100%)   
[2026-06-18T14:30:00.913+0800][52.720s][info][gc,heap     ] GC(144) y:      Free:       64M (25%)          64M (25%)         176M (69%)         190M (74%)         190M (74%)          64M (25%)    
[2026-06-18T14:30:00.913+0800][52.721s][info][gc,heap     ] GC(144) y:      Used:      192M (75%)         192M (75%)          80M (31%)          66M (26%)         192M (75%)          66M (26%)    
[2026-06-18T14:30:00.914+0800][52.721s][info][gc,heap     ] GC(144) y: Young Generation Statistics:
[2026-06-18T14:30:00.914+0800][52.721s][info][gc,heap     ] GC(144) y:                Mark Start          Mark End        Relocate Start      Relocate End    
[2026-06-18T14:30:00.914+0800][52.722s][info][gc,heap     ] GC(144) y:      Used:      176M (69%)         176M (69%)          58M (23%)          36M (14%)    
[2026-06-18T14:30:00.915+0800][52.722s][info][gc,heap     ] GC(144) y:      Live:         -                32M (13%)          26M (10%)          25M (10%)    
[2026-06-18T14:30:00.915+0800][52.722s][info][gc,heap     ] GC(144) y:   Garbage:         -               143M (56%)          31M (12%)           4M (2%)     
[2026-06-18T14:30:00.915+0800][52.723s][info][gc,heap     ] GC(144) y: Allocated:         -                 0M (0%)            0M (0%)            6M (3%)     
[2026-06-18T14:30:00.916+0800][52.723s][info][gc,heap     ] GC(144) y: Reclaimed:         -                  -               112M (44%)         139M (55%)    
[2026-06-18T14:30:00.916+0800][52.723s][info][gc,heap     ] GC(144) y:  Promoted:         -                  -                 6M (2%)            6M (3%)     
[2026-06-18T14:30:00.916+0800][52.723s][info][gc,heap     ] GC(144) y: Compacted:         -                  -                  -                 7M (3%)     
[2026-06-18T14:30:00.917+0800][52.724s][info][gc,phases   ] GC(144) y: Young Generation 192M(75%)->66M(26%) 0.008s
[2026-06-18T14:30:00.917+0800][52.724s][info][gc          ] GC(144) Minor Collection (Allocation Rate) 190M(74%)->82M(32%) 0.025s
[2026-06-18T14:30:01.260+0800][53.067s][info][gc          ] GC(145) Minor Collection (Allocation Rate)
[2026-06-18T14:30:01.261+0800][53.069s][info][gc,task     ] GC(145) Using 1 Workers for Young Generation
[2026-06-18T14:30:01.264+0800][53.071s][info][gc,phases   ] GC(145) y: Young Generation
[2026-06-18T14:30:01.265+0800][53.072s][info][gc,phases   ] GC(145) y: Pause Mark Start 0.017ms
[2026-06-18T14:30:01.266+0800][53.074s][info][gc,phases   ] GC(145) y: Concurrent Mark 0.600ms
[2026-06-18T14:30:01.267+0800][53.075s][info][gc,phases   ] GC(145) y: Pause Mark End 0.011ms
[2026-06-18T14:30:01.268+0800][53.075s][info][gc,phases   ] GC(145) y: Concurrent Mark Free 0.001ms
[2026-06-18T14:30:01.269+0800][53.076s][info][gc,phases   ] GC(145) y: Concurrent Reset Relocation Set 0.003ms
[2026-06-18T14:30:01.270+0800][53.077s][info][gc,reloc    ] GC(145) y: Using tenuring threshold: 3 (Computed)
[2026-06-18T14:30:01.271+0800][53.078s][info][gc,phases   ] GC(145) y: Concurrent Select Relocation Set 1.179ms
[2026-06-18T14:30:01.271+0800][53.079s][info][gc,phases   ] GC(145) y: Pause Relocate Start 0.011ms
[2026-06-18T14:30:01.273+0800][53.081s][info][gc,phases   ] GC(145) y: Concurrent Relocate 1.263ms
[2026-06-18T14:30:01.275+0800][53.082s][info][gc,alloc    ] GC(145) y:                         Mark Start        Mark End      Relocate Start    Relocate End   
[2026-06-18T14:30:01.275+0800][53.083s][info][gc,alloc    ] GC(145) y: Allocation Stalls:          0                0                0                0         
[2026-06-18T14:30:01.277+0800][53.084s][info][gc,load     ] GC(145) y: Load: 0.28 (1%) / 0.31 (1%) / 0.29 (1%)
[2026-06-18T14:30:01.277+0800][53.085s][info][gc,mmu      ] GC(145) y: MMU: 2ms/97.3%, 5ms/98.6%, 10ms/99.3%, 20ms/99.6%, 50ms/99.8%, 100ms/99.9%
[2026-06-18T14:30:01.278+0800][53.085s][info][gc,marking  ] GC(145) y: Mark: 1 stripe(s), 1 proactive flush(es), 1 terminate flush(es), 0 completion(s), 0 continuation(s) 
[2026-06-18T14:30:01.278+0800][53.086s][info][gc,nmethod  ] GC(145) y: NMethods: 103 registered, 8 unregistered
[2026-06-18T14:30:01.279+0800][53.087s][info][gc,metaspace] GC(145) y: Metaspace: 0M used, 0M committed, 1088M reserved
[2026-06-18T14:30:01.280+0800][53.087s][info][gc,reloc    ] GC(145) y:                        Candidates     Selected     In-Place         Size        Empty    Relocated 
[2026-06-18T14:30:01.281+0800][53.088s][info][gc,reloc    ] GC(145) y: Small Pages:                   68           13            0         136M         102M           3M 
[2026-06-18T14:30:01.283+0800][53.090s][info][gc,reloc    ] GC(145) y: Medium Pages:                   5            1            0          40M          16M           3M 
[2026-06-18T14:30:01.284+0800][53.091s][info][gc,reloc    ] GC(145) y: Large Pages:                    8            0            0          16M           2M           0M 
[2026-06-18T14:30:01.284+0800][53.092s][info][gc,reloc    ] GC(145) y: Forwarding Usage: 0M
[2026-06-18T14:30:01.285+0800][53.092s][info][gc,reloc    ] GC(145) y: Age Table:
[2026-06-18T14:30:01.285+0800][53.093s][info][gc,reloc    ] GC(145) y:                    Live             Garbage             Small              Medium             Large        
[2026-06-18T14:30:01.286+0800][53.093s][info][gc,reloc    ] GC(145) y: Eden              22M (9%)          133M (52%)         64 / 13             3 / 1              2 / 0        
[2026-06-18T14:30:01.287+0800][53.094s][info][gc,reloc    ] GC(145) y: Survivor 1         4M (2%)           24M (9%)           4 / 0              2 / 0              2 / 0        
[2026-06-18T14:30:01.287+0800][53.095s][info][gc,reloc    ] GC(145) y: Survivor 2         2M (1%)            0M (0%)           0 / 0              0 / 0              1 / 0        
[2026-06-18T14:30:01.288+0800][53.096s][info][gc,reloc    ] GC(145) y: Survivor 3         4M (2%)            2M (1%)           0 / 0              0 / 0              3 / 0        
[2026-06-18T14:30:01.289+0800][53.097s][info][gc,heap     ] GC(145) y: Min Capacity: 256M(100%)
[2026-06-18T14:30:01.290+0800][53.098s][info][gc,heap     ] GC(145) y: Max Capacity: 256M(100%)
[2026-06-18T14:30:01.292+0800][53.099s][info][gc,heap     ] GC(145) y: Soft Max Capacity: 256M(100%)
[2026-06-18T14:30:01.293+0800][53.100s][info][gc,heap     ] GC(145) y: Heap Statistics:
[2026-06-18T14:30:01.293+0800][53.101s][info][gc,heap     ] GC(145) y:                Mark Start          Mark End        Relocate Start      Relocate End           High               Low         
[2026-06-18T14:30:01.294+0800][53.102s][info][gc,heap     ] GC(145) y:  Capacity:      256M (100%)        256M (100%)        256M (100%)        256M (100%)        256M (100%)        256M (100%)   
[2026-06-18T14:30:01.295+0800][53.102s][info][gc,heap     ] GC(145) y:      Free:       34M (13%)          34M (13%)         150M (59%)         184M (72%)         184M (72%)          34M (13%)    
[2026-06-18T14:30:01.296+0800][53.103s][info][gc,heap     ] GC(145) y:      Used:      222M (87%)         222M (87%)         106M (41%)          72M (28%)         222M (87%)          72M (28%)    
[2026-06-18T14:30:01.296+0800][53.104s][info][gc,heap     ] GC(145) y: Young Generation Statistics:
[2026-06-18T14:30:01.297+0800][53.105s][info][gc,heap     ] GC(145) y:                Mark Start          Mark End        Relocate Start      Relocate End    
[2026-06-18T14:30:01.298+0800][53.106s][info][gc,heap     ] GC(145) y:      Used:      192M (75%)         192M (75%)          72M (28%)          38M (15%)    
[2026-06-18T14:30:01.299+0800][53.106s][info][gc,heap     ] GC(145) y:      Live:         -                32M (13%)          28M (11%)          28M (11%)    
[2026-06-18T14:30:01.300+0800][53.107s][info][gc,heap     ] GC(145) y:   Garbage:         -               159M (62%)          39M (16%)           1M (0%)     
[2026-06-18T14:30:01.301+0800][53.108s][info][gc,heap     ] GC(145) y: Allocated:         -                 0M (0%)            4M (2%)            8M (3%)     
[2026-06-18T14:30:01.301+0800][53.109s][info][gc,heap     ] GC(145) y: Reclaimed:         -                  -               120M (47%)         158M (62%)    
[2026-06-18T14:30:01.302+0800][53.109s][info][gc,heap     ] GC(145) y:  Promoted:         -                  -                 4M (2%)            4M (2%)     
[2026-06-18T14:30:01.302+0800][53.110s][info][gc,heap     ] GC(145) y: Compacted:         -                  -                  -                 9M (4%)     
[2026-06-18T14:30:01.303+0800][53.110s][info][gc,phases   ] GC(145) y: Young Generation 222M(87%)->72M(28%) 0.011s
[2026-06-18T14:30:01.303+0800][53.111s][info][gc          ] GC(145) Minor Collection (Allocation Rate) 212M(83%)->92M(36%) 0.043s
[2026-06-18T14:30:01.649+0800][53.456s][info][gc          ] GC(146) Minor Collection (Allocation Rate)
[2026-06-18T14:30:02.031+0800][53.839s][info][gc,task     ] GC(146) Using 1 Workers for Young Generation
[2026-06-18T14:30:02.045+0800][53.852s][info][gc,phases   ] GC(146) y: Young Generation
[2026-06-18T14:30:02.062+0800][53.869s][info][gc,phases   ] GC(146) y: Pause Mark Start 0.022ms
[2026-06-18T14:30:02.065+0800][53.872s][info][gc,phases   ] GC(146) y: Concurrent Mark 0.565ms
[2026-06-18T14:30:02.066+0800][53.873s][info][gc,phases   ] GC(146) y: Pause Mark End 0.013ms
[2026-06-18T14:30:02.067+0800][53.874s][info][gc,phases   ] GC(146) y: Concurrent Mark Free 0.003ms
[2026-06-18T14:30:02.068+0800][53.876s][info][gc,phases   ] GC(146) y: Concurrent Reset Relocation Set 0.007ms
[2026-06-18T14:30:02.069+0800][53.877s][info][gc,reloc    ] GC(146) y: Using tenuring threshold: 4 (Computed)
[2026-06-18T14:30:02.069+0800][53.877s][info][gc          ] Allocation Stall (main) 334.551ms
[2026-06-18T14:30:02.070+0800][53.877s][info][gc,phases   ] GC(146) y: Concurrent Select Relocation Set 0.888ms
[2026-06-18T14:30:02.071+0800][53.879s][info][gc,phases   ] GC(146) y: Pause Relocate Start 0.013ms
[2026-06-18T14:30:02.073+0800][53.881s][info][gc,phases   ] GC(146) y: Concurrent Relocate 1.382ms
[2026-06-18T14:30:02.074+0800][53.882s][info][gc,alloc    ] GC(146) y:                         Mark Start        Mark End      Relocate Start    Relocate End   
[2026-06-18T14:30:02.075+0800][53.882s][info][gc,alloc    ] GC(146) y: Allocation Stalls:          1                1                0                0         
[2026-06-18T14:30:02.075+0800][53.883s][info][gc,load     ] GC(146) y: Load: 0.28 (1%) / 0.31 (1%) / 0.29 (1%)
[2026-06-18T14:30:02.076+0800][53.884s][info][gc,mmu      ] GC(146) y: MMU: 2ms/97.3%, 5ms/98.6%, 10ms/99.3%, 20ms/99.6%, 50ms/99.8%, 100ms/99.9%
[2026-06-18T14:30:02.077+0800][53.884s][info][gc,marking  ] GC(146) y: Mark: 1 stripe(s), 1 proactive flush(es), 1 terminate flush(es), 0 completion(s), 0 continuation(s) 
[2026-06-18T14:30:02.077+0800][53.885s][info][gc,nmethod  ] GC(146) y: NMethods: 103 registered, 8 unregistered
[2026-06-18T14:30:02.079+0800][53.886s][info][gc,metaspace] GC(146) y: Metaspace: 0M used, 0M committed, 1088M reserved
[2026-06-18T14:30:02.081+0800][53.888s][info][gc,reloc    ] GC(146) y:                        Candidates     Selected     In-Place         Size        Empty    Relocated 
[2026-06-18T14:30:02.081+0800][53.889s][info][gc,reloc    ] GC(146) y: Small Pages:                   85           12            0         170M         138M           3M 
[2026-06-18T14:30:02.082+0800][53.889s][info][gc,reloc    ] GC(146) y: Medium Pages:                   5            1            0          40M          16M           2M 
[2026-06-18T14:30:02.083+0800][53.890s][info][gc,reloc    ] GC(146) y: Large Pages:                    6            0            0          12M           0M           0M 
[2026-06-18T14:30:02.083+0800][53.891s][info][gc,reloc    ] GC(146) y: Forwarding Usage: 0M
[2026-06-18T14:30:02.084+0800][53.891s][info][gc,reloc    ] GC(146) y: Age Table:
[2026-06-18T14:30:02.084+0800][53.892s][info][gc,reloc    ] GC(146) y:                    Live             Garbage             Small              Medium             Large        
[2026-06-18T14:30:02.085+0800][53.892s][info][gc,reloc    ] GC(146) y: Eden              20M (8%)          167M (66%)         81 / 12             3 / 1              1 / 0        
[2026-06-18T14:30:02.086+0800][53.893s][info][gc,reloc    ] GC(146) y: Survivor 1         4M (2%)           24M (9%)           4 / 0              2 / 0              2 / 0        
[2026-06-18T14:30:02.087+0800][53.894s][info][gc,reloc    ] GC(146) y: Survivor 2         4M (2%)            0M (0%)           0 / 0              0 / 0              2 / 0        
[2026-06-18T14:30:02.087+0800][53.895s][info][gc,reloc    ] GC(146) y: Survivor 3         2M (1%)            0M (0%)           0 / 0              0 / 0              1 / 0        
[2026-06-18T14:30:02.088+0800][53.895s][info][gc,heap     ] GC(146) y: Min Capacity: 256M(100%)
[2026-06-18T14:30:02.089+0800][53.896s][info][gc,heap     ] GC(146) y: Max Capacity: 256M(100%)
[2026-06-18T14:30:02.089+0800][53.896s][info][gc,heap     ] GC(146) y: Soft Max Capacity: 256M(100%)
[2026-06-18T14:30:02.090+0800][53.897s][info][gc,heap     ] GC(146) y: Heap Statistics:
[2026-06-18T14:30:02.090+0800][53.898s][info][gc,heap     ] GC(146) y:                Mark Start          Mark End        Relocate Start      Relocate End           High               Low         
[2026-06-18T14:30:02.091+0800][53.898s][info][gc,heap     ] GC(146) y:  Capacity:      256M (100%)        256M (100%)        256M (100%)        256M (100%)        256M (100%)        256M (100%)   
[2026-06-18T14:30:02.094+0800][53.901s][info][gc,heap     ] GC(146) y:      Free:        0M (0%)            0M (0%)          142M (55%)         174M (68%)         174M (68%)           0M (0%)     
[2026-06-18T14:30:02.096+0800][53.903s][info][gc,heap     ] GC(146) y:      Used:      256M (100%)        256M (100%)        114M (45%)          82M (32%)         256M (100%)         82M (32%)    
[2026-06-18T14:30:02.098+0800][53.905s][info][gc,heap     ] GC(146) y: Young Generation Statistics:
[2026-06-18T14:30:02.102+0800][53.910s][info][gc,heap     ] GC(146) y:                Mark Start          Mark End        Relocate Start      Relocate End    
[2026-06-18T14:30:02.104+0800][53.911s][info][gc,heap     ] GC(146) y:      Used:      222M (87%)         222M (87%)          80M (31%)          48M (19%)    
[2026-06-18T14:30:02.106+0800][53.913s][info][gc,heap     ] GC(146) y:      Live:         -                30M (12%)          30M (12%)          30M (12%)    
[2026-06-18T14:30:02.108+0800][53.915s][info][gc,heap     ] GC(146) y:   Garbage:         -               191M (75%)          37M (15%)           1M (0%)     
[2026-06-18T14:30:02.109+0800][53.917s][info][gc,heap     ] GC(146) y: Allocated:         -                 0M (0%)           12M (5%)           16M (6%)     
[2026-06-18T14:30:02.110+0800][53.917s][info][gc,heap     ] GC(146) y: Reclaimed:         -                  -               154M (60%)         190M (74%)    
[2026-06-18T14:30:02.111+0800][53.918s][info][gc,heap     ] GC(146) y:  Promoted:         -                  -                 0M (0%)            0M (0%)     
[2026-06-18T14:30:02.111+0800][53.919s][info][gc,heap     ] GC(146) y: Compacted:         -                  -                  -                 9M (4%)     
[2026-06-18T14:30:02.112+0800][53.919s][info][gc,phases   ] GC(146) y: Young Generation 256M(100%)->82M(32%) 0.030s
[2026-06-18T14:30:02.112+0800][53.920s][info][gc          ] GC(146) Minor Collection (Allocation Rate) 224M(88%)->94M(37%) 0.464s
[2026-06-18T14:30:02.113+0800][53.920s][info][gc          ] GC(147) Major Collection (Proactive)
[2026-06-18T14:30:02.113+0800][53.921s][info][gc,task     ] GC(147) Using 2 Workers for Young Generation
[2026-06-18T14:30:02.114+0800][53.921s][info][gc,task     ] GC(147) Using 2 Workers for Old Generation
[2026-06-18T14:30:02.115+0800][53.922s][info][gc,phases   ] GC(147) Y: Young Generation
[2026-06-18T14:30:02.115+0800][53.923s][info][gc,phases   ] GC(147) Y: Pause Mark Start (Major) 0.020ms
[2026-06-18T14:30:02.117+0800][53.924s][info][gc,phases   ] GC(147) Y: Concurrent Mark 0.640ms
[2026-06-18T14:30:02.118+0800][53.925s][info][gc,phases   ] GC(147) Y: Pause Mark End 0.014ms
[2026-06-18T14:30:02.118+0800][53.926s][info][gc,phases   ] GC(147) Y: Concurrent Mark Free 0.002ms
[2026-06-18T14:30:02.119+0800][53.926s][info][gc,phases   ] GC(147) Y: Concurrent Reset Relocation Set 0.002ms
[2026-06-18T14:30:02.120+0800][53.927s][info][gc,reloc    ] GC(147) Y: Using tenuring threshold: 2 (Computed)
[2026-06-18T14:30:02.120+0800][53.928s][info][gc,phases   ] GC(147) Y: Concurrent Select Relocation Set 0.633ms
[2026-06-18T14:30:02.121+0800][53.928s][info][gc,phases   ] GC(147) Y: Pause Relocate Start 0.012ms
[2026-06-18T14:30:02.122+0800][53.929s][info][gc,phases   ] GC(147) Y: Concurrent Relocate 0.383ms
[2026-06-18T14:30:02.123+0800][53.930s][info][gc,alloc    ] GC(147) Y:                         Mark Start        Mark End      Relocate Start    Relocate End   
[2026-06-18T14:30:02.123+0800][53.931s][info][gc,alloc    ] GC(147) Y: Allocation Stalls:          0                0                0                0         
[2026-06-18T14:30:02.124+0800][53.931s][info][gc,load     ] GC(147) Y: Load: 0.28 (1%) / 0.31 (1%) / 0.29 (1%)
[2026-06-18T14:30:02.124+0800][53.931s][info][gc,mmu      ] GC(147) Y: MMU: 2ms/97.3%, 5ms/98.6%, 10ms/99.3%, 20ms/99.6%, 50ms/99.8%, 100ms/99.9%
[2026-06-18T14:30:02.125+0800][53.932s][info][gc,marking  ] GC(147) Y: Mark: 2 stripe(s), 1 proactive flush(es), 1 terminate flush(es), 0 completion(s), 0 continuation(s) 
[2026-06-18T14:30:02.125+0800][53.932s][info][gc,nmethod  ] GC(147) Y: NMethods: 103 registered, 8 unregistered
[2026-06-18T14:30:02.126+0800][53.933s][info][gc,metaspace] GC(147) Y: Metaspace: 0M used, 0M committed, 1088M reserved
[2026-06-18T14:30:02.126+0800][53.934s][info][gc,reloc    ] GC(147) Y:                        Candidates     Selected     In-Place         Size        Empty    Relocated 
[2026-06-18T14:30:02.127+0800][53.934s][info][gc,reloc    ] GC(147) Y: Small Pages:                   14            3            0          28M          14M           2M 
[2026-06-18T14:30:02.128+0800][53.935s][info][gc,reloc    ] GC(147) Y: Medium Pages:                   3            0            0          24M           0M           0M 
[2026-06-18T14:30:02.128+0800][53.936s][info][gc,reloc    ] GC(147) Y: Large Pages:                    6            0            0          12M           0M           0M 
[2026-06-18T14:30:02.129+0800][53.936s][info][gc,reloc    ] GC(147) Y: Forwarding Usage: 0M
[2026-06-18T14:30:02.129+0800][53.937s][info][gc,reloc    ] GC(147) Y: Age Table:
[2026-06-18T14:30:02.130+0800][53.937s][info][gc,reloc    ] GC(147) Y:                    Live             Garbage             Small              Medium             Large        
[2026-06-18T14:30:02.131+0800][53.938s][info][gc,reloc    ] GC(147) Y: Eden               4M (2%)           23M (9%)          10 / 2              1 / 0              0 / 0        
[2026-06-18T14:30:02.131+0800][53.939s][info][gc,reloc    ] GC(147) Y: Survivor 1        19M (8%)            6M (3%)           4 / 1              2 / 0              1 / 0        
[2026-06-18T14:30:02.132+0800][53.939s][info][gc,reloc    ] GC(147) Y: Survivor 2         4M (2%)            0M (0%)           0 / 0              0 / 0              2 / 0        
[2026-06-18T14:30:02.132+0800][53.940s][info][gc,reloc    ] GC(147) Y: Survivor 3         4M (2%)            0M (0%)           0 / 0              0 / 0              2 / 0        
[2026-06-18T14:30:02.133+0800][53.940s][info][gc,reloc    ] GC(147) Y: Survivor 4         2M (1%)            0M (0%)           0 / 0              0 / 0              1 / 0        
[2026-06-18T14:30:02.134+0800][53.941s][info][gc,heap     ] GC(147) Y: Min Capacity: 256M(100%)
[2026-06-18T14:30:02.134+0800][53.942s][info][gc,heap     ] GC(147) Y: Max Capacity: 256M(100%)
[2026-06-18T14:30:02.135+0800][53.942s][info][gc,heap     ] GC(147) Y: Soft Max Capacity: 256M(100%)
[2026-06-18T14:30:02.135+0800][53.943s][info][gc,heap     ] GC(147) Y: Heap Statistics:
[2026-06-18T14:30:02.136+0800][53.943s][info][gc,heap     ] GC(147) Y:                Mark Start          Mark End        Relocate Start      Relocate End           High               Low         
[2026-06-18T14:30:02.136+0800][53.944s][info][gc,heap     ] GC(147) Y:  Capacity:      256M (100%)        256M (100%)        256M (100%)        256M (100%)        256M (100%)        256M (100%)   
[2026-06-18T14:30:02.137+0800][53.944s][info][gc,heap     ] GC(147) Y:      Free:      158M (62%)         158M (62%)         172M (67%)         174M (68%)         174M (68%)         158M (62%)    
[2026-06-18T14:30:02.137+0800][53.945s][info][gc,heap     ] GC(147) Y:      Used:       98M (38%)          98M (38%)          84M (33%)          82M (32%)          98M (38%)          82M (32%)    
[2026-06-18T14:30:02.138+0800][53.945s][info][gc,heap     ] GC(147) Y: Young Generation Statistics:
[2026-06-18T14:30:02.138+0800][53.945s][info][gc,heap     ] GC(147) Y:                Mark Start          Mark End        Relocate Start      Relocate End    
[2026-06-18T14:30:02.138+0800][53.946s][info][gc,heap     ] GC(147) Y:      Used:       64M (25%)          64M (25%)          40M (16%)          38M (15%)    
[2026-06-18T14:30:02.139+0800][53.946s][info][gc,heap     ] GC(147) Y:      Live:         -                33M (13%)          23M (9%)           23M (9%)     
[2026-06-18T14:30:02.139+0800][53.947s][info][gc,heap     ] GC(147) Y:   Garbage:         -                30M (12%)          16M (6%)            9M (4%)     
[2026-06-18T14:30:02.140+0800][53.947s][info][gc,heap     ] GC(147) Y: Allocated:         -                 0M (0%)            0M (0%)            5M (2%)     
[2026-06-18T14:30:02.140+0800][53.947s][info][gc,heap     ] GC(147) Y: Reclaimed:         -                  -                14M (5%)           21M (8%)     
[2026-06-18T14:30:02.141+0800][53.948s][info][gc,heap     ] GC(147) Y:  Promoted:         -                  -                10M (4%)           10M (4%)     
[2026-06-18T14:30:02.141+0800][53.949s][info][gc,heap     ] GC(147) Y: Compacted:         -                  -                  -                 2M (1%)     
[2026-06-18T14:30:02.142+0800][53.949s][info][gc,phases   ] GC(147) Y: Young Generation 98M(38%)->82M(32%) 0.008s
[2026-06-18T14:30:02.142+0800][53.949s][info][gc,phases   ] GC(147) O: Old Generation
[2026-06-18T14:30:02.144+0800][53.951s][info][gc,phases   ] GC(147) O: Concurrent Mark 0.769ms
[2026-06-18T14:30:02.144+0800][53.952s][info][gc,phases   ] GC(147) O: Pause Mark End 0.013ms
[2026-06-18T14:30:02.145+0800][53.952s][info][gc,phases   ] GC(147) O: Concurrent Mark Free 0.003ms
[2026-06-18T14:30:02.146+0800][53.953s][info][gc,phases   ] GC(147) O: Concurrent Process Non-Strong 0.478ms
[2026-06-18T14:30:02.146+0800][53.954s][info][gc,phases   ] GC(147) O: Concurrent Reset Relocation Set 0.001ms
[2026-06-18T14:30:02.147+0800][53.954s][info][gc,phases   ] GC(147) O: Concurrent Select Relocation Set 0.072ms
[2026-06-18T14:30:02.147+0800][53.955s][info][gc,task     ] GC(147) O: Using 2 Workers for Old Generation
[2026-06-18T14:30:02.148+0800][53.955s][info][gc,task     ] GC(147) O: Using 2 Workers for Old Generation
[2026-06-18T14:30:02.148+0800][53.956s][info][gc,phases   ] GC(147) O: Concurrent Remap Roots 0.973ms
[2026-06-18T14:30:02.149+0800][53.956s][info][gc,phases   ] GC(147) O: Pause Relocate Start 0.011ms
[2026-06-18T14:30:02.149+0800][53.956s][info][gc,phases   ] GC(147) O: Concurrent Relocate 0.077ms
[2026-06-18T14:30:02.149+0800][53.957s][info][gc,alloc    ] GC(147) O:                         Mark Start        Mark End      Relocate Start    Relocate End   
[2026-06-18T14:30:02.150+0800][53.957s][info][gc,alloc    ] GC(147) O: Allocation Stalls:          0                0                0                0         
[2026-06-18T14:30:02.150+0800][53.958s][info][gc,load     ] GC(147) O: Load: 0.28 (1%) / 0.31 (1%) / 0.29 (1%)
[2026-06-18T14:30:02.151+0800][53.958s][info][gc,mmu      ] GC(147) O: MMU: 2ms/97.3%, 5ms/98.6%, 10ms/99.3%, 20ms/99.6%, 50ms/99.8%, 100ms/99.9%
[2026-06-18T14:30:02.151+0800][53.959s][info][gc,marking  ] GC(147) O: Mark: 2 stripe(s), 2 proactive flush(es), 1 terminate flush(es), 0 completion(s), 0 continuation(s) 
[2026-06-18T14:30:02.152+0800][53.959s][info][gc,nmethod  ] GC(147) O: NMethods: 103 registered, 8 unregistered
[2026-06-18T14:30:02.152+0800][53.959s][info][gc,metaspace] GC(147) O: Metaspace: 0M used, 0M committed, 1088M reserved
[2026-06-18T14:30:02.153+0800][53.960s][info][gc,ref      ] GC(147) O:                       Encountered   Discovered     Enqueued 
[2026-06-18T14:30:02.153+0800][53.960s][info][gc,ref      ] GC(147) O: Soft References:                2            0            0 
[2026-06-18T14:30:02.153+0800][53.961s][info][gc,ref      ] GC(147) O: Weak References:                6            0            0 
[2026-06-18T14:30:02.154+0800][53.961s][info][gc,ref      ] GC(147) O: Final References:               0            0            0 
[2026-06-18T14:30:02.154+0800][53.961s][info][gc,ref      ] GC(147) O: Phantom References:             1            1            0 
[2026-06-18T14:30:02.154+0800][53.962s][info][gc,reloc    ] GC(147) O:                        Candidates     Selected     In-Place         Size        Empty    Relocated 
[2026-06-18T14:30:02.155+0800][53.962s][info][gc,reloc    ] GC(147) O: Small Pages:                    1            0            0           2M           0M           0M 
[2026-06-18T14:30:02.155+0800][53.963s][info][gc,reloc    ] GC(147) O: Medium Pages:                   2            0            0          16M          16M           0M 
[2026-06-18T14:30:02.156+0800][53.963s][info][gc,reloc    ] GC(147) O: Large Pages:                    8            0            0          16M          12M           0M 
[2026-06-18T14:30:02.156+0800][53.963s][info][gc,reloc    ] GC(147) O: Forwarding Usage: 0M
[2026-06-18T14:30:02.156+0800][53.964s][info][gc,heap     ] GC(147) O: Min Capacity: 256M(100%)
[2026-06-18T14:30:02.157+0800][53.964s][info][gc,heap     ] GC(147) O: Max Capacity: 256M(100%)
[2026-06-18T14:30:02.157+0800][53.965s][info][gc,heap     ] GC(147) O: Soft Max Capacity: 256M(100%)
[2026-06-18T14:30:02.158+0800][53.965s][info][gc,heap     ] GC(147) O: Heap Statistics:
[2026-06-18T14:30:02.158+0800][53.965s][info][gc,heap     ] GC(147) O:                Mark Start          Mark End        Relocate Start      Relocate End           High               Low         
[2026-06-18T14:30:02.158+0800][53.966s][info][gc,heap     ] GC(147) O:  Capacity:      256M (100%)        256M (100%)        256M (100%)        256M (100%)        256M (100%)        256M (100%)   
[2026-06-18T14:30:02.159+0800][53.966s][info][gc,heap     ] GC(147) O:      Free:      158M (62%)         154M (60%)         182M (71%)         182M (71%)         182M (71%)         154M (60%)    
[2026-06-18T14:30:02.159+0800][53.967s][info][gc,heap     ] GC(147) O:      Used:       98M (38%)         102M (40%)          74M (29%)          74M (29%)         102M (40%)          74M (29%)    
[2026-06-18T14:30:02.160+0800][53.967s][info][gc,heap     ] GC(147) O: Old Generation Statistics:
[2026-06-18T14:30:02.160+0800][53.967s][info][gc,heap     ] GC(147) O:                Mark Start          Mark End        Relocate Start      Relocate End    
[2026-06-18T14:30:02.160+0800][53.968s][info][gc,heap     ] GC(147) O:      Used:       34M (13%)          44M (17%)          16M (6%)           16M (6%)     
[2026-06-18T14:30:02.161+0800][53.968s][info][gc,heap     ] GC(147) O:      Live:         -                 4M (2%)            4M (2%)            4M (2%)     
[2026-06-18T14:30:02.161+0800][53.969s][info][gc,heap     ] GC(147) O:   Garbage:         -                29M (12%)           1M (1%)            1M (1%)     
[2026-06-18T14:30:02.162+0800][53.969s][info][gc,heap     ] GC(147) O: Allocated:         -                10M (4%)           10M (4%)           10M (4%)     
[2026-06-18T14:30:02.162+0800][53.970s][info][gc,heap     ] GC(147) O: Reclaimed:         -                  -                28M (11%)          28M (11%)    
[2026-06-18T14:30:02.163+0800][53.970s][info][gc,heap     ] GC(147) O: Compacted:         -                  -                  -                 0M (0%)     
[2026-06-18T14:30:02.163+0800][53.971s][info][gc,phases   ] GC(147) O: Old Generation 98M(38%)->74M(29%) 0.007s
[2026-06-18T14:30:02.164+0800][53.971s][info][gc          ] GC(147) Major Collection (Proactive) 98M(38%)->78M(30%) 0.051s
[2026-06-18T14:30:02.574+0800][54.382s][info][gc          ] GC(148) Minor Collection (High Usage)
[2026-06-18T14:30:02.587+0800][54.394s][info][gc,task     ] GC(148) Using 2 Workers for Young Generation
[2026-06-18T14:30:02.590+0800][54.397s][info][gc,phases   ] GC(148) y: Young Generation
[2026-06-18T14:30:02.592+0800][54.399s][info][gc,phases   ] GC(148) y: Pause Mark Start 0.014ms
[2026-06-18T14:30:02.596+0800][54.404s][info][gc,phases   ] GC(148) y: Concurrent Mark 0.775ms
[2026-06-18T14:30:02.597+0800][54.405s][info][gc,phases   ] GC(148) y: Pause Mark End 0.010ms
[2026-06-18T14:30:02.598+0800][54.405s][info][gc,phases   ] GC(148) y: Concurrent Mark Free 0.001ms
[2026-06-18T14:30:02.598+0800][54.406s][info][gc,phases   ] GC(148) y: Concurrent Reset Relocation Set 0.003ms
[2026-06-18T14:30:02.599+0800][54.407s][info][gc,reloc    ] GC(148) y: Using tenuring threshold: 2 (Computed)
[2026-06-18T14:30:02.608+0800][54.415s][info][gc,phases   ] GC(148) y: Concurrent Select Relocation Set 8.283ms
[2026-06-18T14:30:02.611+0800][54.418s][info][gc,phases   ] GC(148) y: Pause Relocate Start 0.024ms
[2026-06-18T14:30:02.616+0800][54.424s][info][gc,phases   ] GC(148) y: Concurrent Relocate 0.946ms
[2026-06-18T14:30:02.622+0800][54.430s][info][gc,alloc    ] GC(148) y:                         Mark Start        Mark End      Relocate Start    Relocate End   
[2026-06-18T14:30:02.623+0800][54.431s][info][gc,alloc    ] GC(148) y: Allocation Stalls:          0                0                0                0         
[2026-06-18T14:30:02.624+0800][54.432s][info][gc,load     ] GC(148) y: Load: 0.28 (1%) / 0.31 (1%) / 0.29 (1%)
[2026-06-18T14:30:02.627+0800][54.434s][info][gc,mmu      ] GC(148) y: MMU: 2ms/97.3%, 5ms/98.6%, 10ms/99.3%, 20ms/99.6%, 50ms/99.8%, 100ms/99.9%
[2026-06-18T14:30:02.632+0800][54.440s][info][gc,marking  ] GC(148) y: Mark: 2 stripe(s), 2 proactive flush(es), 1 terminate flush(es), 0 completion(s), 0 continuation(s) 
[2026-06-18T14:30:02.634+0800][54.441s][info][gc,nmethod  ] GC(148) y: NMethods: 104 registered, 8 unregistered
[2026-06-18T14:30:02.635+0800][54.443s][info][gc,metaspace] GC(148) y: Metaspace: 0M used, 0M committed, 1088M reserved
[2026-06-18T14:30:02.640+0800][54.448s][info][gc,reloc    ] GC(148) y:                        Candidates     Selected     In-Place         Size        Empty    Relocated 
[2026-06-18T14:30:02.642+0800][54.450s][info][gc,reloc    ] GC(148) y: Small Pages:                   89           13            0         178M         142M           4M 
[2026-06-18T14:30:02.644+0800][54.451s][info][gc,reloc    ] GC(148) y: Medium Pages:                   6            2            0          48M          16M           4M 
[2026-06-18T14:30:02.648+0800][54.456s][info][gc,reloc    ] GC(148) y: Large Pages:                    2            0            0           4M           0M           0M 
[2026-06-18T14:30:02.651+0800][54.459s][info][gc,reloc    ] GC(148) y: Forwarding Usage: 0M
[2026-06-18T14:30:02.657+0800][54.465s][info][gc,reloc    ] GC(148) y: Age Table:
[2026-06-18T14:30:02.662+0800][54.470s][info][gc,reloc    ] GC(148) y:                    Live             Garbage             Small              Medium             Large        
[2026-06-18T14:30:02.664+0800][54.472s][info][gc,reloc    ] GC(148) y: Eden              21M (8%)          170M (67%)         83 / 13             3 / 1              1 / 0        
[2026-06-18T14:30:02.669+0800][54.476s][info][gc,reloc    ] GC(148) y: Survivor 1          -                12M (5%)           2 / 0              1 / 0              0 / 0        
[2026-06-18T14:30:02.675+0800][54.483s][info][gc,reloc    ] GC(148) y: Survivor 2         3M (2%)           22M (9%)           4 / 0              2 / 1              1 / 0        
[2026-06-18T14:30:02.678+0800][54.485s][info][gc,heap     ] GC(148) y: Min Capacity: 256M(100%)
[2026-06-18T14:30:02.682+0800][54.490s][info][gc,heap     ] GC(148) y: Max Capacity: 256M(100%)
[2026-06-18T14:30:02.688+0800][54.495s][info][gc,heap     ] GC(148) y: Soft Max Capacity: 256M(100%)
[2026-06-18T14:30:02.691+0800][54.498s][info][gc,heap     ] GC(148) y: Heap Statistics:
[2026-06-18T14:30:02.694+0800][54.502s][info][gc,heap     ] GC(148) y:                Mark Start          Mark End        Relocate Start      Relocate End           High               Low         
[2026-06-18T14:30:02.696+0800][54.503s][info][gc,heap     ] GC(148) y:  Capacity:      256M (100%)        256M (100%)        256M (100%)        256M (100%)        256M (100%)        256M (100%)   
[2026-06-18T14:30:02.700+0800][54.508s][info][gc,heap     ] GC(148) y:      Free:       10M (4%)            4M (2%)          150M (59%)         184M (72%)         184M (72%)           4M (2%)     
[2026-06-18T14:30:02.705+0800][54.513s][info][gc,heap     ] GC(148) y:      Used:      246M (96%)         252M (98%)         106M (41%)          72M (28%)         252M (98%)          72M (28%)    
[2026-06-18T14:30:02.708+0800][54.515s][info][gc,heap     ] GC(148) y: Young Generation Statistics:
[2026-06-18T14:30:02.712+0800][54.519s][info][gc,heap     ] GC(148) y:                Mark Start          Mark End        Relocate Start      Relocate End    
[2026-06-18T14:30:02.715+0800][54.522s][info][gc,heap     ] GC(148) y:      Used:      230M (90%)         236M (92%)          88M (34%)          46M (18%)    
[2026-06-18T14:30:02.719+0800][54.526s][info][gc,heap     ] GC(148) y:      Live:         -                25M (10%)          23M (9%)           21M (8%)     
[2026-06-18T14:30:02.723+0800][54.530s][info][gc,heap     ] GC(148) y:   Garbage:         -               204M (80%)          46M (18%)           0M (0%)     
[2026-06-18T14:30:02.729+0800][54.537s][info][gc,heap     ] GC(148) y: Allocated:         -                 6M (2%)           18M (7%)           23M (9%)     
[2026-06-18T14:30:02.735+0800][54.543s][info][gc,heap     ] GC(148) y: Reclaimed:         -                  -               158M (62%)         204M (80%)    
[2026-06-18T14:30:02.737+0800][54.545s][info][gc,heap     ] GC(148) y:  Promoted:         -                  -                 2M (1%)            3M (2%)     
[2026-06-18T14:30:02.738+0800][54.546s][info][gc,heap     ] GC(148) y: Compacted:         -                  -                  -                10M (4%)     
[2026-06-18T14:30:02.742+0800][54.550s][info][gc,phases   ] GC(148) y: Young Generation 246M(96%)->72M(28%) 0.033s
[2026-06-18T14:30:02.743+0800][54.551s][info][gc          ] GC(148) Minor Collection (High Usage) 232M(91%)->120M(47%) 0.169s
[2026-06-18T14:30:02.836+0800][54.644s][info][gc          ] GC(149) Minor Collection (Allocation Rate)
[2026-06-18T14:30:02.837+0800][54.645s][info][gc,task     ] GC(149) Using 1 Workers for Young Generation
[2026-06-18T14:30:02.838+0800][54.645s][info][gc,phases   ] GC(149) y: Young Generation
[2026-06-18T14:30:02.838+0800][54.646s][info][gc,phases   ] GC(149) y: Pause Mark Start 0.012ms
[2026-06-18T14:30:02.840+0800][54.647s][info][gc,phases   ] GC(149) y: Concurrent Mark 0.626ms
[2026-06-18T14:30:02.841+0800][54.648s][info][gc,phases   ] GC(149) y: Pause Mark End 0.024ms
[2026-06-18T14:30:02.844+0800][54.651s][info][gc,phases   ] GC(149) y: Concurrent Mark Free 0.003ms
[2026-06-18T14:30:02.845+0800][54.652s][info][gc,phases   ] GC(149) y: Concurrent Reset Relocation Set 0.004ms
[2026-06-18T14:30:02.845+0800][54.653s][info][gc,reloc    ] GC(149) y: Using tenuring threshold: 2 (Computed)
[2026-06-18T14:30:02.847+0800][54.654s][info][gc,phases   ] GC(149) y: Concurrent Select Relocation Set 1.313ms
[2026-06-18T14:30:02.847+0800][54.655s][info][gc,phases   ] GC(149) y: Pause Relocate Start 0.013ms
[2026-06-18T14:30:02.848+0800][54.656s][info][gc,phases   ] GC(149) y: Concurrent Relocate 0.783ms
[2026-06-18T14:30:02.849+0800][54.657s][info][gc,alloc    ] GC(149) y:                         Mark Start        Mark End      Relocate Start    Relocate End   
[2026-06-18T14:30:02.850+0800][54.657s][info][gc,alloc    ] GC(149) y: Allocation Stalls:          0                0                0                0         
[2026-06-18T14:30:02.850+0800][54.658s][info][gc,load     ] GC(149) y: Load: 0.28 (1%) / 0.31 (1%) / 0.29 (1%)
[2026-06-18T14:30:02.851+0800][54.658s][info][gc,mmu      ] GC(149) y: MMU: 2ms/97.3%, 5ms/98.6%, 10ms/99.3%, 20ms/99.6%, 50ms/99.8%, 100ms/99.9%
[2026-06-18T14:30:02.851+0800][54.659s][info][gc,marking  ] GC(149) y: Mark: 1 stripe(s), 1 proactive flush(es), 1 terminate flush(es), 0 completion(s), 0 continuation(s) 
[2026-06-18T14:30:02.852+0800][54.659s][info][gc,nmethod  ] GC(149) y: NMethods: 104 registered, 8 unregistered
[2026-06-18T14:30:02.852+0800][54.660s][info][gc,metaspace] GC(149) y: Metaspace: 0M used, 0M committed, 1088M reserved
[2026-06-18T14:30:02.853+0800][54.661s][info][gc,reloc    ] GC(149) y:                        Candidates     Selected     In-Place         Size        Empty    Relocated 
[2026-06-18T14:30:02.854+0800][54.661s][info][gc,reloc    ] GC(149) y: Small Pages:                   50           12            0         100M          68M           4M 
[2026-06-18T14:30:02.854+0800][54.661s][info][gc,reloc    ] GC(149) y: Medium Pages:                   3            0            0          24M           8M           0M 
[2026-06-18T14:30:02.854+0800][54.662s][info][gc,reloc    ] GC(149) y: Large Pages:                    3            0            0           6M           0M           0M 
[2026-06-18T14:30:02.855+0800][54.662s][info][gc,reloc    ] GC(149) y: Forwarding Usage: 0M
[2026-06-18T14:30:02.855+0800][54.662s][info][gc,reloc    ] GC(149) y: Age Table:
[2026-06-18T14:30:02.855+0800][54.662s][info][gc,reloc    ] GC(149) y:                    Live             Garbage             Small              Medium             Large        
[2026-06-18T14:30:02.855+0800][54.663s][info][gc,reloc    ] GC(149) y: Eden              18M (7%)           83M (33%)         45 / 12             1 / 0              2 / 0        
[2026-06-18T14:30:02.856+0800][54.663s][info][gc,reloc    ] GC(149) y: Survivor 1         2M (1%)           25M (10%)          5 / 0              2 / 0              1 / 0        
[2026-06-18T14:30:02.856+0800][54.663s][info][gc,heap     ] GC(149) y: Min Capacity: 256M(100%)
[2026-06-18T14:30:02.856+0800][54.664s][info][gc,heap     ] GC(149) y: Max Capacity: 256M(100%)
[2026-06-18T14:30:02.856+0800][54.664s][info][gc,heap     ] GC(149) y: Soft Max Capacity: 256M(100%)
[2026-06-18T14:30:02.857+0800][54.664s][info][gc,heap     ] GC(149) y: Heap Statistics:
[2026-06-18T14:30:02.857+0800][54.664s][info][gc,heap     ] GC(149) y:                Mark Start          Mark End        Relocate Start      Relocate End           High               Low         
[2026-06-18T14:30:02.857+0800][54.665s][info][gc,heap     ] GC(149) y:  Capacity:      256M (100%)        256M (100%)        256M (100%)        256M (100%)        256M (100%)        256M (100%)   
[2026-06-18T14:30:02.857+0800][54.665s][info][gc,heap     ] GC(149) y:      Free:      100M (39%)         100M (39%)         172M (67%)         196M (77%)         196M (77%)         100M (39%)    
[2026-06-18T14:30:02.858+0800][54.665s][info][gc,heap     ] GC(149) y:      Used:      156M (61%)         156M (61%)          84M (33%)          60M (23%)         156M (61%)          60M (23%)    
[2026-06-18T14:30:02.858+0800][54.665s][info][gc,heap     ] GC(149) y: Young Generation Statistics:
[2026-06-18T14:30:02.858+0800][54.666s][info][gc,heap     ] GC(149) y:                Mark Start          Mark End        Relocate Start      Relocate End    
[2026-06-18T14:30:02.858+0800][54.666s][info][gc,heap     ] GC(149) y:      Used:      130M (51%)         130M (51%)          58M (23%)          34M (13%)    
[2026-06-18T14:30:02.859+0800][54.666s][info][gc,heap     ] GC(149) y:      Live:         -                21M (8%)           21M (8%)           21M (8%)     
[2026-06-18T14:30:02.859+0800][54.666s][info][gc,heap     ] GC(149) y:   Garbage:         -               108M (42%)          32M (13%)           7M (3%)     
[2026-06-18T14:30:02.860+0800][54.667s][info][gc,heap     ] GC(149) y: Allocated:         -                 0M (0%)            4M (2%)            5M (2%)     
[2026-06-18T14:30:02.860+0800][54.667s][info][gc,heap     ] GC(149) y: Reclaimed:         -                  -                76M (30%)         101M (40%)    
[2026-06-18T14:30:02.860+0800][54.668s][info][gc,heap     ] GC(149) y:  Promoted:         -                  -                 0M (0%)            0M (0%)     
[2026-06-18T14:30:02.861+0800][54.668s][info][gc,heap     ] GC(149) y: Compacted:         -                  -                  -                 6M (3%)     
[2026-06-18T14:30:02.861+0800][54.668s][info][gc,phases   ] GC(149) y: Young Generation 156M(61%)->60M(23%) 0.011s
[2026-06-18T14:30:02.861+0800][54.669s][info][gc          ] GC(149) Minor Collection (Allocation Rate) 156M(61%)->72M(28%) 0.025s
[2026-06-18T14:30:03.214+0800][55.021s][info][gc          ] GC(150) Minor Collection (Allocation Rate)
[2026-06-18T14:30:03.215+0800][55.022s][info][gc,task     ] GC(150) Using 1 Workers for Young Generation
[2026-06-18T14:30:03.216+0800][55.023s][info][gc,phases   ] GC(150) y: Young Generation
[2026-06-18T14:30:03.216+0800][55.024s][info][gc,phases   ] GC(150) y: Pause Mark Start 0.013ms
[2026-06-18T14:30:03.220+0800][55.027s][info][gc,phases   ] GC(150) y: Concurrent Mark 0.830ms
[2026-06-18T14:30:03.220+0800][55.028s][info][gc,phases   ] GC(150) y: Pause Mark End 0.009ms
[2026-06-18T14:30:03.221+0800][55.029s][info][gc,phases   ] GC(150) y: Concurrent Mark Free 0.002ms
[2026-06-18T14:30:03.222+0800][55.029s][info][gc,phases   ] GC(150) y: Concurrent Reset Relocation Set 0.002ms
[2026-06-18T14:30:03.223+0800][55.030s][info][gc,reloc    ] GC(150) y: Using tenuring threshold: 3 (Computed)
[2026-06-18T14:30:03.223+0800][55.031s][info][gc,phases   ] GC(150) y: Concurrent Select Relocation Set 0.822ms
[2026-06-18T14:30:03.224+0800][55.031s][info][gc,phases   ] GC(150) y: Pause Relocate Start 0.009ms
[2026-06-18T14:30:03.226+0800][55.033s][info][gc,phases   ] GC(150) y: Concurrent Relocate 1.441ms
[2026-06-18T14:30:03.227+0800][55.034s][info][gc,alloc    ] GC(150) y:                         Mark Start        Mark End      Relocate Start    Relocate End   
[2026-06-18T14:30:03.228+0800][55.035s][info][gc,alloc    ] GC(150) y: Allocation Stalls:          0                0                0                0         
[2026-06-18T14:30:03.228+0800][55.035s][info][gc,load     ] GC(150) y: Load: 0.28 (1%) / 0.31 (1%) / 0.29 (1%)
[2026-06-18T14:30:03.229+0800][55.036s][info][gc,mmu      ] GC(150) y: MMU: 2ms/97.3%, 5ms/98.6%, 10ms/99.3%, 20ms/99.6%, 50ms/99.8%, 100ms/99.9%
[2026-06-18T14:30:03.229+0800][55.036s][info][gc,marking  ] GC(150) y: Mark: 1 stripe(s), 1 proactive flush(es), 1 terminate flush(es), 0 completion(s), 0 continuation(s) 
[2026-06-18T14:30:03.229+0800][55.037s][info][gc,nmethod  ] GC(150) y: NMethods: 104 registered, 8 unregistered
[2026-06-18T14:30:03.230+0800][55.037s][info][gc,metaspace] GC(150) y: Metaspace: 0M used, 0M committed, 1088M reserved
[2026-06-18T14:30:03.230+0800][55.037s][info][gc,reloc    ] GC(150) y:                        Candidates     Selected     In-Place         Size        Empty    Relocated 
[2026-06-18T14:30:03.230+0800][55.037s][info][gc,reloc    ] GC(150) y: Small Pages:                   71           16            0         142M         100M           4M 
[2026-06-18T14:30:03.230+0800][55.038s][info][gc,reloc    ] GC(150) y: Medium Pages:                   4            1            0          32M           8M           5M 
[2026-06-18T14:30:03.231+0800][55.038s][info][gc,reloc    ] GC(150) y: Large Pages:                    3            0            0           6M           0M           0M 
[2026-06-18T14:30:03.231+0800][55.038s][info][gc,reloc    ] GC(150) y: Forwarding Usage: 0M
[2026-06-18T14:30:03.231+0800][55.038s][info][gc,reloc    ] GC(150) y: Age Table:
[2026-06-18T14:30:03.231+0800][55.039s][info][gc,reloc    ] GC(150) y:                    Live             Garbage             Small              Medium             Large        
[2026-06-18T14:30:03.232+0800][55.039s][info][gc,reloc    ] GC(150) y: Eden              20M (8%)          129M (51%)         67 / 16             2 / 1              0 / 0        
[2026-06-18T14:30:03.232+0800][55.039s][info][gc,reloc    ] GC(150) y: Survivor 1         4M (2%)           16M (6%)           4 / 0              1 / 0              2 / 0        
[2026-06-18T14:30:03.232+0800][55.040s][info][gc,reloc    ] GC(150) y: Survivor 2         2M (1%)            7M (3%)           0 / 0              1 / 0              1 / 0        
[2026-06-18T14:30:03.233+0800][55.040s][info][gc,heap     ] GC(150) y: Min Capacity: 256M(100%)
[2026-06-18T14:30:03.233+0800][55.041s][info][gc,heap     ] GC(150) y: Max Capacity: 256M(100%)
[2026-06-18T14:30:03.234+0800][55.041s][info][gc,heap     ] GC(150) y: Soft Max Capacity: 256M(100%)
[2026-06-18T14:30:03.234+0800][55.041s][info][gc,heap     ] GC(150) y: Heap Statistics:
[2026-06-18T14:30:03.234+0800][55.041s][info][gc,heap     ] GC(150) y:                Mark Start          Mark End        Relocate Start      Relocate End           High               Low         
[2026-06-18T14:30:03.234+0800][55.042s][info][gc,heap     ] GC(150) y:  Capacity:      256M (100%)        256M (100%)        256M (100%)        256M (100%)        256M (100%)        256M (100%)   
[2026-06-18T14:30:03.235+0800][55.042s][info][gc,heap     ] GC(150) y:      Free:       50M (20%)          50M (20%)         156M (61%)         186M (73%)         186M (73%)          50M (20%)    
[2026-06-18T14:30:03.235+0800][55.042s][info][gc,heap     ] GC(150) y:      Used:      206M (80%)         206M (80%)         100M (39%)          70M (27%)         206M (80%)          70M (27%)    
[2026-06-18T14:30:03.235+0800][55.043s][info][gc,heap     ] GC(150) y: Young Generation Statistics:
[2026-06-18T14:30:03.236+0800][55.043s][info][gc,heap     ] GC(150) y:                Mark Start          Mark End        Relocate Start      Relocate End    
[2026-06-18T14:30:03.236+0800][55.043s][info][gc,heap     ] GC(150) y:      Used:      180M (70%)         180M (70%)          74M (29%)          44M (17%)    
[2026-06-18T14:30:03.236+0800][55.044s][info][gc,heap     ] GC(150) y:      Live:         -                26M (10%)          26M (10%)          26M (10%)    
[2026-06-18T14:30:03.236+0800][55.044s][info][gc,heap     ] GC(150) y:   Garbage:         -               153M (60%)          45M (18%)           1M (1%)     
[2026-06-18T14:30:03.237+0800][55.044s][info][gc,heap     ] GC(150) y: Allocated:         -                 0M (0%)            2M (1%)           15M (6%)     
[2026-06-18T14:30:03.237+0800][55.044s][info][gc,heap     ] GC(150) y: Reclaimed:         -                  -               108M (42%)         151M (59%)    
[2026-06-18T14:30:03.237+0800][55.044s][info][gc,heap     ] GC(150) y:  Promoted:         -                  -                 0M (0%)            0M (0%)     
[2026-06-18T14:30:03.237+0800][55.045s][info][gc,heap     ] GC(150) y: Compacted:         -                  -                  -                12M (5%)     
[2026-06-18T14:30:03.238+0800][55.045s][info][gc,phases   ] GC(150) y: Young Generation 206M(80%)->70M(27%) 0.011s
[2026-06-18T14:30:03.238+0800][55.045s][info][gc          ] GC(150) Minor Collection (Allocation Rate) 206M(80%)->82M(32%) 0.024s
[2026-06-18T14:30:03.603+0800][55.410s][info][gc          ] GC(151) Minor Collection (Allocation Rate)
[2026-06-18T14:30:03.604+0800][55.411s][info][gc,task     ] GC(151) Using 1 Workers for Young Generation
[2026-06-18T14:30:03.604+0800][55.412s][info][gc,phases   ] GC(151) y: Young Generation
[2026-06-18T14:30:03.605+0800][55.412s][info][gc,phases   ] GC(151) y: Pause Mark Start 0.011ms
[2026-06-18T14:30:03.606+0800][55.414s][info][gc,phases   ] GC(151) y: Concurrent Mark 0.565ms
[2026-06-18T14:30:03.607+0800][55.415s][info][gc,phases   ] GC(151) y: Pause Mark End 0.007ms
[2026-06-18T14:30:03.608+0800][55.415s][info][gc,phases   ] GC(151) y: Concurrent Mark Free 0.002ms
[2026-06-18T14:30:03.609+0800][55.416s][info][gc,phases   ] GC(151) y: Concurrent Reset Relocation Set 0.003ms
[2026-06-18T14:30:03.609+0800][55.416s][info][gc,reloc    ] GC(151) y: Using tenuring threshold: 3 (Computed)
[2026-06-18T14:30:03.610+0800][55.417s][info][gc,phases   ] GC(151) y: Concurrent Select Relocation Set 0.613ms
[2026-06-18T14:30:03.610+0800][55.418s][info][gc,phases   ] GC(151) y: Pause Relocate Start 0.007ms
[2026-06-18T14:30:03.612+0800][55.419s][info][gc,phases   ] GC(151) y: Concurrent Relocate 0.967ms
[2026-06-18T14:30:03.612+0800][55.420s][info][gc,alloc    ] GC(151) y:                         Mark Start        Mark End      Relocate Start    Relocate End   
[2026-06-18T14:30:03.613+0800][55.420s][info][gc,alloc    ] GC(151) y: Allocation Stalls:          0                0                0                0         
[2026-06-18T14:30:03.613+0800][55.420s][info][gc,load     ] GC(151) y: Load: 0.28 (1%) / 0.31 (1%) / 0.29 (1%)
[2026-06-18T14:30:03.613+0800][55.421s][info][gc,mmu      ] GC(151) y: MMU: 2ms/97.3%, 5ms/98.6%, 10ms/99.3%, 20ms/99.6%, 50ms/99.8%, 100ms/99.9%
[2026-06-18T14:30:03.614+0800][55.421s][info][gc,marking  ] GC(151) y: Mark: 1 stripe(s), 1 proactive flush(es), 1 terminate flush(es), 0 completion(s), 0 continuation(s) 
[2026-06-18T14:30:03.614+0800][55.422s][info][gc,nmethod  ] GC(151) y: NMethods: 104 registered, 8 unregistered
[2026-06-18T14:30:03.615+0800][55.422s][info][gc,metaspace] GC(151) y: Metaspace: 0M used, 0M committed, 1088M reserved
[2026-06-18T14:30:03.615+0800][55.422s][info][gc,reloc    ] GC(151) y:                        Candidates     Selected     In-Place         Size        Empty    Relocated 
[2026-06-18T14:30:03.615+0800][55.423s][info][gc,reloc    ] GC(151) y: Small Pages:                   74           10            0         148M         120M           2M 
[2026-06-18T14:30:03.616+0800][55.423s][info][gc,reloc    ] GC(151) y: Medium Pages:                   5            3            0          40M           0M           3M 
[2026-06-18T14:30:03.616+0800][55.423s][info][gc,reloc    ] GC(151) y: Large Pages:                    3            0            0           6M           0M           0M 
[2026-06-18T14:30:03.616+0800][55.423s][info][gc,reloc    ] GC(151) y: Forwarding Usage: 0M
[2026-06-18T14:30:03.616+0800][55.424s][info][gc,reloc    ] GC(151) y: Age Table:
[2026-06-18T14:30:03.616+0800][55.424s][info][gc,reloc    ] GC(151) y:                    Live             Garbage             Small              Medium             Large        
[2026-06-18T14:30:03.617+0800][55.424s][info][gc,reloc    ] GC(151) y: Eden              14M (6%)          139M (54%)         69 / 10             2 / 1              0 / 0        
[2026-06-18T14:30:03.617+0800][55.424s][info][gc,reloc    ] GC(151) y: Survivor 1         1M (1%)           24M (9%)           5 / 0              2 / 2              0 / 0        
[2026-06-18T14:30:03.617+0800][55.425s][info][gc,reloc    ] GC(151) y: Survivor 2         4M (2%)            0M (0%)           0 / 0              0 / 0              2 / 0        
[2026-06-18T14:30:03.617+0800][55.425s][info][gc,reloc    ] GC(151) y: Survivor 3         2M (1%)            7M (3%)           0 / 0              1 / 0              1 / 0        
[2026-06-18T14:30:03.618+0800][55.425s][info][gc,heap     ] GC(151) y: Min Capacity: 256M(100%)
[2026-06-18T14:30:03.618+0800][55.425s][info][gc,heap     ] GC(151) y: Max Capacity: 256M(100%)
[2026-06-18T14:30:03.618+0800][55.426s][info][gc,heap     ] GC(151) y: Soft Max Capacity: 256M(100%)
[2026-06-18T14:30:03.619+0800][55.426s][info][gc,heap     ] GC(151) y: Heap Statistics:
[2026-06-18T14:30:03.619+0800][55.426s][info][gc,heap     ] GC(151) y:                Mark Start          Mark End        Relocate Start      Relocate End           High               Low         
[2026-06-18T14:30:03.619+0800][55.427s][info][gc,heap     ] GC(151) y:  Capacity:      256M (100%)        256M (100%)        256M (100%)        256M (100%)        256M (100%)        256M (100%)   
[2026-06-18T14:30:03.620+0800][55.427s][info][gc,heap     ] GC(151) y:      Free:       36M (14%)          36M (14%)         156M (61%)         184M (72%)         184M (72%)          36M (14%)    
[2026-06-18T14:30:03.620+0800][55.427s][info][gc,heap     ] GC(151) y:      Used:      220M (86%)         220M (86%)         100M (39%)          72M (28%)         220M (86%)          72M (28%)    
[2026-06-18T14:30:03.620+0800][55.428s][info][gc,heap     ] GC(151) y: Young Generation Statistics:
[2026-06-18T14:30:03.621+0800][55.428s][info][gc,heap     ] GC(151) y:                Mark Start          Mark End        Relocate Start      Relocate End    
[2026-06-18T14:30:03.621+0800][55.428s][info][gc,heap     ] GC(151) y:      Used:      194M (76%)         194M (76%)          72M (28%)          36M (14%)    
[2026-06-18T14:30:03.621+0800][55.429s][info][gc,heap     ] GC(151) y:      Live:         -                23M (9%)           21M (8%)           20M (8%)     
[2026-06-18T14:30:03.621+0800][55.429s][info][gc,heap     ] GC(151) y:   Garbage:         -               170M (67%)          50M (20%)           1M (1%)     
[2026-06-18T14:30:03.622+0800][55.429s][info][gc,heap     ] GC(151) y: Allocated:         -                 0M (0%)            0M (0%)           13M (5%)     
[2026-06-18T14:30:03.622+0800][55.429s][info][gc,heap     ] GC(151) y: Reclaimed:         -                  -               120M (47%)         168M (66%)    
[2026-06-18T14:30:03.622+0800][55.430s][info][gc,heap     ] GC(151) y:  Promoted:         -                  -                 2M (1%)            2M (1%)     
[2026-06-18T14:30:03.622+0800][55.430s][info][gc,heap     ] GC(151) y: Compacted:         -                  -                  -                 8M (3%)     
[2026-06-18T14:30:03.623+0800][55.430s][info][gc,phases   ] GC(151) y: Young Generation 220M(86%)->72M(28%) 0.008s
[2026-06-18T14:30:03.623+0800][55.430s][info][gc          ] GC(151) Minor Collection (Allocation Rate) 218M(85%)->84M(33%) 0.020s
[2026-06-18T14:30:03.991+0800][55.798s][info][gc          ] GC(152) Minor Collection (Allocation Rate)
[2026-06-18T14:30:03.991+0800][55.799s][info][gc,task     ] GC(152) Using 1 Workers for Young Generation
[2026-06-18T14:30:03.992+0800][55.799s][info][gc,phases   ] GC(152) y: Young Generation
[2026-06-18T14:30:03.992+0800][55.800s][info][gc,phases   ] GC(152) y: Pause Mark Start 0.009ms
[2026-06-18T14:30:03.994+0800][55.801s][info][gc,phases   ] GC(152) y: Concurrent Mark 0.506ms
[2026-06-18T14:30:03.994+0800][55.802s][info][gc,phases   ] GC(152) y: Pause Mark End 0.010ms
[2026-06-18T14:30:03.995+0800][55.802s][info][gc,phases   ] GC(152) y: Concurrent Mark Free 0.002ms
[2026-06-18T14:30:03.995+0800][55.803s][info][gc,phases   ] GC(152) y: Concurrent Reset Relocation Set 0.003ms
[2026-06-18T14:30:03.996+0800][55.803s][info][gc,reloc    ] GC(152) y: Using tenuring threshold: 3 (Computed)
[2026-06-18T14:30:03.997+0800][55.804s][info][gc,phases   ] GC(152) y: Concurrent Select Relocation Set 0.639ms
[2026-06-18T14:30:03.997+0800][55.804s][info][gc,phases   ] GC(152) y: Pause Relocate Start 0.006ms
[2026-06-18T14:30:03.999+0800][55.806s][info][gc,phases   ] GC(152) y: Concurrent Relocate 1.215ms
[2026-06-18T14:30:03.999+0800][55.807s][info][gc,alloc    ] GC(152) y:                         Mark Start        Mark End      Relocate Start    Relocate End   
[2026-06-18T14:30:04.000+0800][55.807s][info][gc,alloc    ] GC(152) y: Allocation Stalls:          0                0                0                0         
[2026-06-18T14:30:04.000+0800][55.808s][info][gc,load     ] GC(152) y: Load: 0.28 (1%) / 0.31 (1%) / 0.29 (1%)
[2026-06-18T14:30:04.001+0800][55.808s][info][gc,mmu      ] GC(152) y: MMU: 2ms/97.3%, 5ms/98.6%, 10ms/99.3%, 20ms/99.6%, 50ms/99.8%, 100ms/99.9%
[2026-06-18T14:30:04.001+0800][55.808s][info][gc,marking  ] GC(152) y: Mark: 1 stripe(s), 1 proactive flush(es), 1 terminate flush(es), 0 completion(s), 0 continuation(s) 
[2026-06-18T14:30:04.001+0800][55.809s][info][gc,nmethod  ] GC(152) y: NMethods: 104 registered, 8 unregistered
[2026-06-18T14:30:04.002+0800][55.809s][info][gc,metaspace] GC(152) y: Metaspace: 0M used, 0M committed, 1088M reserved
[2026-06-18T14:30:04.002+0800][55.809s][info][gc,reloc    ] GC(152) y:                        Candidates     Selected     In-Place         Size        Empty    Relocated 
[2026-06-18T14:30:04.002+0800][55.809s][info][gc,reloc    ] GC(152) y: Small Pages:                   73           17            0         146M         104M           4M 
[2026-06-18T14:30:04.002+0800][55.810s][info][gc,reloc    ] GC(152) y: Medium Pages:                   6            3            0          48M           0M           3M 
[2026-06-18T14:30:04.003+0800][55.810s][info][gc,reloc    ] GC(152) y: Large Pages:                    3            0            0           6M           0M           0M 
[2026-06-18T14:30:04.003+0800][55.810s][info][gc,reloc    ] GC(152) y: Forwarding Usage: 0M
[2026-06-18T14:30:04.003+0800][55.811s][info][gc,reloc    ] GC(152) y: Age Table:
[2026-06-18T14:30:04.004+0800][55.811s][info][gc,reloc    ] GC(152) y:                    Live             Garbage             Small              Medium             Large        
[2026-06-18T14:30:04.004+0800][55.811s][info][gc,reloc    ] GC(152) y: Eden              21M (8%)          142M (56%)         69 / 17             3 / 0              1 / 0        
[2026-06-18T14:30:04.004+0800][55.811s][info][gc,reloc    ] GC(152) y: Survivor 1         1M (1%)           22M (9%)           4 / 0              2 / 2              0 / 0        
[2026-06-18T14:30:04.004+0800][55.812s][info][gc,reloc    ] GC(152) y: Survivor 2         1M (1%)            6M (2%)           0 / 0              1 / 1              0 / 0        
[2026-06-18T14:30:04.005+0800][55.812s][info][gc,reloc    ] GC(152) y: Survivor 3         4M (2%)            0M (0%)           0 / 0              0 / 0              2 / 0        
[2026-06-18T14:30:04.005+0800][55.812s][info][gc,heap     ] GC(152) y: Min Capacity: 256M(100%)
[2026-06-18T14:30:04.005+0800][55.813s][info][gc,heap     ] GC(152) y: Max Capacity: 256M(100%)
[2026-06-18T14:30:04.006+0800][55.814s][info][gc,heap     ] GC(152) y: Soft Max Capacity: 256M(100%)
[2026-06-18T14:30:04.007+0800][55.814s][info][gc,heap     ] GC(152) y: Heap Statistics:
[2026-06-18T14:30:04.007+0800][55.815s][info][gc,heap     ] GC(152) y:                Mark Start          Mark End        Relocate Start      Relocate End           High               Low         
[2026-06-18T14:30:04.008+0800][55.815s][info][gc,heap     ] GC(152) y:  Capacity:      256M (100%)        256M (100%)        256M (100%)        256M (100%)        256M (100%)        256M (100%)   
[2026-06-18T14:30:04.008+0800][55.815s][info][gc,heap     ] GC(152) y:      Free:       20M (8%)           20M (8%)          124M (48%)         166M (65%)         166M (65%)          20M (8%)     
[2026-06-18T14:30:04.008+0800][55.815s][info][gc,heap     ] GC(152) y:      Used:      236M (92%)         236M (92%)         132M (52%)          90M (35%)         236M (92%)          90M (35%)    
[2026-06-18T14:30:04.008+0800][55.816s][info][gc,heap     ] GC(152) y: Young Generation Statistics:
[2026-06-18T14:30:04.009+0800][55.816s][info][gc,heap     ] GC(152) y:                Mark Start          Mark End        Relocate Start      Relocate End    
[2026-06-18T14:30:04.009+0800][55.816s][info][gc,heap     ] GC(152) y:      Used:      200M (78%)         200M (78%)          92M (36%)          50M (20%)    
[2026-06-18T14:30:04.009+0800][55.817s][info][gc,heap     ] GC(152) y:      Live:         -                29M (11%)          25M (10%)          25M (10%)    
[2026-06-18T14:30:04.009+0800][55.817s][info][gc,heap     ] GC(152) y:   Garbage:         -               170M (67%)          66M (26%)           4M (2%)     
[2026-06-18T14:30:04.010+0800][55.817s][info][gc,heap     ] GC(152) y: Allocated:         -                 0M (0%)            0M (0%)           20M (8%)     
[2026-06-18T14:30:04.011+0800][55.818s][info][gc,heap     ] GC(152) y: Reclaimed:         -                  -               104M (41%)         166M (65%)    
[2026-06-18T14:30:04.012+0800][55.820s][info][gc,heap     ] GC(152) y:  Promoted:         -                  -                 4M (2%)            4M (2%)     
[2026-06-18T14:30:04.013+0800][55.820s][info][gc,heap     ] GC(152) y: Compacted:         -                  -                  -                11M (4%)     
[2026-06-18T14:30:04.013+0800][55.821s][info][gc,phases   ] GC(152) y: Young Generation 236M(92%)->90M(35%) 0.007s
[2026-06-18T14:30:04.014+0800][55.821s][info][gc          ] GC(152) Minor Collection (Allocation Rate) 226M(88%)->98M(38%) 0.023s
[2026-06-18T14:30:04.336+0800][56.144s][info][gc          ] GC(153) Minor Collection (Allocation Rate)
[2026-06-18T14:30:04.338+0800][56.145s][info][gc,task     ] GC(153) Using 1 Workers for Young Generation
[2026-06-18T14:30:04.339+0800][56.146s][info][gc,phases   ] GC(153) y: Young Generation
[2026-06-18T14:30:04.340+0800][56.148s][info][gc,phases   ] GC(153) y: Pause Mark Start 0.020ms
[2026-06-18T14:30:04.342+0800][56.150s][info][gc,phases   ] GC(153) y: Concurrent Mark 1.025ms
[2026-06-18T14:30:04.343+0800][56.151s][info][gc,phases   ] GC(153) y: Pause Mark End 0.012ms
[2026-06-18T14:30:04.344+0800][56.152s][info][gc,phases   ] GC(153) y: Concurrent Mark Free 0.002ms
[2026-06-18T14:30:04.345+0800][56.153s][info][gc,phases   ] GC(153) y: Concurrent Reset Relocation Set 0.006ms
[2026-06-18T14:30:04.346+0800][56.153s][info][gc,reloc    ] GC(153) y: Using tenuring threshold: 4 (Computed)
[2026-06-18T14:30:04.347+0800][56.154s][info][gc,phases   ] GC(153) y: Concurrent Select Relocation Set 0.814ms
[2026-06-18T14:30:04.348+0800][56.155s][info][gc,phases   ] GC(153) y: Pause Relocate Start 0.010ms
[2026-06-18T14:30:04.349+0800][56.156s][info][gc,phases   ] GC(153) y: Concurrent Relocate 0.916ms
[2026-06-18T14:30:04.350+0800][56.157s][info][gc,alloc    ] GC(153) y:                         Mark Start        Mark End      Relocate Start    Relocate End   
[2026-06-18T14:30:04.350+0800][56.158s][info][gc,alloc    ] GC(153) y: Allocation Stalls:          0                0                0                0         
[2026-06-18T14:30:04.351+0800][56.158s][info][gc,load     ] GC(153) y: Load: 0.28 (1%) / 0.31 (1%) / 0.29 (1%)
[2026-06-18T14:30:04.351+0800][56.159s][info][gc,mmu      ] GC(153) y: MMU: 2ms/97.3%, 5ms/98.6%, 10ms/99.3%, 20ms/99.6%, 50ms/99.8%, 100ms/99.9%
[2026-06-18T14:30:04.352+0800][56.159s][info][gc,marking  ] GC(153) y: Mark: 1 stripe(s), 1 proactive flush(es), 1 terminate flush(es), 0 completion(s), 0 continuation(s) 
[2026-06-18T14:30:04.352+0800][56.159s][info][gc,nmethod  ] GC(153) y: NMethods: 104 registered, 8 unregistered
[2026-06-18T14:30:04.352+0800][56.160s][info][gc,metaspace] GC(153) y: Metaspace: 0M used, 0M committed, 1088M reserved
[2026-06-18T14:30:04.352+0800][56.160s][info][gc,reloc    ] GC(153) y:                        Candidates     Selected     In-Place         Size        Empty    Relocated 
[2026-06-18T14:30:04.353+0800][56.160s][info][gc,reloc    ] GC(153) y: Small Pages:                   64           10            0         128M         102M           2M 
[2026-06-18T14:30:04.353+0800][56.160s][info][gc,reloc    ] GC(153) y: Medium Pages:                   7            3            0          56M          16M           3M 
[2026-06-18T14:30:04.353+0800][56.161s][info][gc,reloc    ] GC(153) y: Large Pages:                    3            0            0           6M           0M           0M 
[2026-06-18T14:30:04.353+0800][56.161s][info][gc,reloc    ] GC(153) y: Forwarding Usage: 0M
[2026-06-18T14:30:04.354+0800][56.161s][info][gc,reloc    ] GC(153) y: Age Table:
[2026-06-18T14:30:04.354+0800][56.161s][info][gc,reloc    ] GC(153) y:                    Live             Garbage             Small              Medium             Large        
[2026-06-18T14:30:04.354+0800][56.161s][info][gc,reloc    ] GC(153) y: Eden              15M (6%)          124M (49%)         60 / 10             2 / 1              2 / 0        
[2026-06-18T14:30:04.354+0800][56.162s][info][gc,reloc    ] GC(153) y: Survivor 1         2M (1%)           31M (12%)          4 / 0              3 / 0              1 / 0        
[2026-06-18T14:30:04.354+0800][56.162s][info][gc,reloc    ] GC(153) y: Survivor 2         1M (1%)            6M (2%)           0 / 0              1 / 1              0 / 0        
[2026-06-18T14:30:04.355+0800][56.162s][info][gc,reloc    ] GC(153) y: Survivor 3         0M (0%)            7M (3%)           0 / 0              1 / 1              0 / 0        
[2026-06-18T14:30:04.355+0800][56.162s][info][gc,heap     ] GC(153) y: Min Capacity: 256M(100%)
[2026-06-18T14:30:04.355+0800][56.163s][info][gc,heap     ] GC(153) y: Max Capacity: 256M(100%)
[2026-06-18T14:30:04.355+0800][56.163s][info][gc,heap     ] GC(153) y: Soft Max Capacity: 256M(100%)
[2026-06-18T14:30:04.356+0800][56.163s][info][gc,heap     ] GC(153) y: Heap Statistics:
[2026-06-18T14:30:04.356+0800][56.163s][info][gc,heap     ] GC(153) y:                Mark Start          Mark End        Relocate Start      Relocate End           High               Low         
[2026-06-18T14:30:04.356+0800][56.164s][info][gc,heap     ] GC(153) y:  Capacity:      256M (100%)        256M (100%)        256M (100%)        256M (100%)        256M (100%)        256M (100%)   
[2026-06-18T14:30:04.357+0800][56.164s][info][gc,heap     ] GC(153) y:      Free:       26M (10%)          26M (10%)         140M (55%)         160M (62%)         160M (62%)          26M (10%)    
[2026-06-18T14:30:04.357+0800][56.164s][info][gc,heap     ] GC(153) y:      Used:      230M (90%)         230M (90%)         116M (45%)          96M (38%)         230M (90%)          96M (38%)    
[2026-06-18T14:30:04.357+0800][56.164s][info][gc,heap     ] GC(153) y: Young Generation Statistics:
[2026-06-18T14:30:04.357+0800][56.165s][info][gc,heap     ] GC(153) y:                Mark Start          Mark End        Relocate Start      Relocate End    
[2026-06-18T14:30:04.358+0800][56.165s][info][gc,heap     ] GC(153) y:      Used:      190M (74%)         190M (74%)          76M (30%)          56M (22%)    
[2026-06-18T14:30:04.358+0800][56.165s][info][gc,heap     ] GC(153) y:      Live:         -                21M (8%)           21M (8%)           21M (8%)     
[2026-06-18T14:30:04.358+0800][56.165s][info][gc,heap     ] GC(153) y:   Garbage:         -               168M (66%)          50M (20%)           2M (1%)     
[2026-06-18T14:30:04.358+0800][56.166s][info][gc,heap     ] GC(153) y: Allocated:         -                 0M (0%)            4M (2%)           32M (13%)    
[2026-06-18T14:30:04.359+0800][56.166s][info][gc,heap     ] GC(153) y: Reclaimed:         -                  -               118M (46%)         166M (65%)    
[2026-06-18T14:30:04.359+0800][56.166s][info][gc,heap     ] GC(153) y:  Promoted:         -                  -                 0M (0%)            0M (0%)     
[2026-06-18T14:30:04.359+0800][56.166s][info][gc,heap     ] GC(153) y: Compacted:         -                  -                  -                 7M (3%)     
[2026-06-18T14:30:04.359+0800][56.167s][info][gc,phases   ] GC(153) y: Young Generation 230M(90%)->96M(38%) 0.010s
[2026-06-18T14:30:04.360+0800][56.167s][info][gc          ] GC(153) Minor Collection (Allocation Rate) 230M(90%)->100M(39%) 0.023s
[2026-06-18T14:30:04.360+0800][56.167s][info][gc          ] GC(154) Major Collection (Proactive)
[2026-06-18T14:30:04.360+0800][56.167s][info][gc,task     ] GC(154) Using 1 Workers for Young Generation
[2026-06-18T14:30:04.360+0800][56.168s][info][gc,task     ] GC(154) Using 1 Workers for Old Generation
[2026-06-18T14:30:04.361+0800][56.168s][info][gc,phases   ] GC(154) Y: Young Generation
[2026-06-18T14:30:04.361+0800][56.168s][info][gc,phases   ] GC(154) Y: Pause Mark Start (Major) 0.009ms
[2026-06-18T14:30:04.362+0800][56.169s][info][gc,phases   ] GC(154) Y: Concurrent Mark 0.419ms
[2026-06-18T14:30:04.362+0800][56.169s][info][gc,phases   ] GC(154) Y: Pause Mark End 0.006ms
[2026-06-18T14:30:04.362+0800][56.170s][info][gc,phases   ] GC(154) Y: Concurrent Mark Free 0.001ms
[2026-06-18T14:30:04.363+0800][56.170s][info][gc,phases   ] GC(154) Y: Concurrent Reset Relocation Set 0.002ms
[2026-06-18T14:30:04.363+0800][56.171s][info][gc,reloc    ] GC(154) Y: Using tenuring threshold: 5 (Computed)
[2026-06-18T14:30:04.364+0800][56.171s][info][gc,phases   ] GC(154) Y: Concurrent Select Relocation Set 0.454ms
[2026-06-18T14:30:04.364+0800][56.171s][info][gc,phases   ] GC(154) Y: Pause Relocate Start 0.005ms
[2026-06-18T14:30:04.365+0800][56.172s][info][gc,phases   ] GC(154) Y: Concurrent Relocate 0.607ms
[2026-06-18T14:30:04.365+0800][56.173s][info][gc,alloc    ] GC(154) Y:                         Mark Start        Mark End      Relocate Start    Relocate End   
[2026-06-18T14:30:04.365+0800][56.173s][info][gc,alloc    ] GC(154) Y: Allocation Stalls:          0                0                0                0         
[2026-06-18T14:30:04.366+0800][56.173s][info][gc,load     ] GC(154) Y: Load: 0.28 (1%) / 0.31 (1%) / 0.29 (1%)
[2026-06-18T14:30:04.366+0800][56.173s][info][gc,mmu      ] GC(154) Y: MMU: 2ms/97.3%, 5ms/98.6%, 10ms/99.3%, 20ms/99.6%, 50ms/99.8%, 100ms/99.9%
[2026-06-18T14:30:04.366+0800][56.174s][info][gc,marking  ] GC(154) Y: Mark: 1 stripe(s), 1 proactive flush(es), 1 terminate flush(es), 0 completion(s), 0 continuation(s) 
[2026-06-18T14:30:04.366+0800][56.174s][info][gc,nmethod  ] GC(154) Y: NMethods: 104 registered, 8 unregistered
[2026-06-18T14:30:04.367+0800][56.174s][info][gc,metaspace] GC(154) Y: Metaspace: 0M used, 0M committed, 1088M reserved
[2026-06-18T14:30:04.367+0800][56.174s][info][gc,reloc    ] GC(154) Y:                        Candidates     Selected     In-Place         Size        Empty    Relocated 
[2026-06-18T14:30:04.367+0800][56.175s][info][gc,reloc    ] GC(154) Y: Small Pages:                    7            1            0          14M           8M           0M 
[2026-06-18T14:30:04.367+0800][56.175s][info][gc,reloc    ] GC(154) Y: Medium Pages:                   5            3            0          40M           0M           3M 
[2026-06-18T14:30:04.368+0800][56.175s][info][gc,reloc    ] GC(154) Y: Large Pages:                    3            0            0           6M           0M           0M 
[2026-06-18T14:30:04.368+0800][56.175s][info][gc,reloc    ] GC(154) Y: Forwarding Usage: 0M
[2026-06-18T14:30:04.369+0800][56.176s][info][gc,reloc    ] GC(154) Y: Age Table:
[2026-06-18T14:30:04.369+0800][56.176s][info][gc,reloc    ] GC(154) Y:                    Live             Garbage             Small              Medium             Large        
[2026-06-18T14:30:04.369+0800][56.176s][info][gc,reloc    ] GC(154) Y: Eden                -                 8M (3%)           4 / 0              0 / 0              0 / 0        
[2026-06-18T14:30:04.369+0800][56.177s][info][gc,reloc    ] GC(154) Y: Survivor 1        15M (6%)           10M (4%)           3 / 1              2 / 1              2 / 0        
[2026-06-18T14:30:04.370+0800][56.177s][info][gc,reloc    ] GC(154) Y: Survivor 2         2M (1%)            7M (3%)           0 / 0              1 / 0              1 / 0        
[2026-06-18T14:30:04.370+0800][56.177s][info][gc,reloc    ] GC(154) Y: Survivor 3         1M (1%)            6M (2%)           0 / 0              1 / 1              0 / 0        
[2026-06-18T14:30:04.370+0800][56.178s][info][gc,reloc    ] GC(154) Y: Survivor 4         0M (0%)            7M (3%)           0 / 0              1 / 1              0 / 0        
[2026-06-18T14:30:04.371+0800][56.178s][info][gc,heap     ] GC(154) Y: Min Capacity: 256M(100%)
[2026-06-18T14:30:04.371+0800][56.178s][info][gc,heap     ] GC(154) Y: Max Capacity: 256M(100%)
[2026-06-18T14:30:04.371+0800][56.179s][info][gc,heap     ] GC(154) Y: Soft Max Capacity: 256M(100%)
[2026-06-18T14:30:04.371+0800][56.179s][info][gc,heap     ] GC(154) Y: Heap Statistics:
[2026-06-18T14:30:04.372+0800][56.179s][info][gc,heap     ] GC(154) Y:                Mark Start          Mark End        Relocate Start      Relocate End           High               Low         
[2026-06-18T14:30:04.372+0800][56.179s][info][gc,heap     ] GC(154) Y:  Capacity:      256M (100%)        256M (100%)        256M (100%)        256M (100%)        256M (100%)        256M (100%)   
[2026-06-18T14:30:04.372+0800][56.179s][info][gc,heap     ] GC(154) Y:      Free:      156M (61%)         156M (61%)         164M (64%)         166M (65%)         166M (65%)         156M (61%)    
[2026-06-18T14:30:04.372+0800][56.180s][info][gc,heap     ] GC(154) Y:      Used:      100M (39%)         100M (39%)          92M (36%)          90M (35%)         100M (39%)          90M (35%)    
[2026-06-18T14:30:04.373+0800][56.180s][info][gc,heap     ] GC(154) Y: Young Generation Statistics:
[2026-06-18T14:30:04.373+0800][56.180s][info][gc,heap     ] GC(154) Y:                Mark Start          Mark End        Relocate Start      Relocate End    
[2026-06-18T14:30:04.373+0800][56.180s][info][gc,heap     ] GC(154) Y:      Used:       60M (23%)          60M (23%)          52M (20%)          50M (20%)    
[2026-06-18T14:30:04.373+0800][56.181s][info][gc,heap     ] GC(154) Y:      Live:         -                21M (8%)           21M (8%)           21M (8%)     
[2026-06-18T14:30:04.374+0800][56.181s][info][gc,heap     ] GC(154) Y:   Garbage:         -                38M (15%)          30M (12%)           1M (0%)     
[2026-06-18T14:30:04.374+0800][56.181s][info][gc,heap     ] GC(154) Y: Allocated:         -                 0M (0%)            0M (0%)           27M (11%)    
[2026-06-18T14:30:04.374+0800][56.182s][info][gc,heap     ] GC(154) Y: Reclaimed:         -                  -                 8M (3%)           37M (15%)    
[2026-06-18T14:30:04.375+0800][56.182s][info][gc,heap     ] GC(154) Y:  Promoted:         -                  -                 0M (0%)            0M (0%)     
[2026-06-18T14:30:04.375+0800][56.182s][info][gc,heap     ] GC(154) Y: Compacted:         -                  -                  -                 6M (2%)     
[2026-06-18T14:30:04.375+0800][56.183s][info][gc,phases   ] GC(154) Y: Young Generation 100M(39%)->90M(35%) 0.005s
[2026-06-18T14:30:04.375+0800][56.183s][info][gc,phases   ] GC(154) O: Old Generation
[2026-06-18T14:30:04.377+0800][56.184s][info][gc,phases   ] GC(154) O: Concurrent Mark 0.964ms
[2026-06-18T14:30:04.377+0800][56.184s][info][gc,phases   ] GC(154) O: Pause Mark End 0.010ms
[2026-06-18T14:30:04.377+0800][56.185s][info][gc,phases   ] GC(154) O: Concurrent Mark Free 0.001ms
[2026-06-18T14:30:04.378+0800][56.185s][info][gc,phases   ] GC(154) O: Concurrent Process Non-Strong 0.294ms
[2026-06-18T14:30:04.378+0800][56.186s][info][gc,phases   ] GC(154) O: Concurrent Reset Relocation Set 0.000ms
[2026-06-18T14:30:04.379+0800][56.186s][info][gc,phases   ] GC(154) O: Concurrent Select Relocation Set 0.061ms
[2026-06-18T14:30:04.379+0800][56.187s][info][gc,task     ] GC(154) O: Using 2 Workers for Old Generation
[2026-06-18T14:30:04.380+0800][56.187s][info][gc,task     ] GC(154) O: Using 1 Workers for Old Generation
[2026-06-18T14:30:04.380+0800][56.187s][info][gc,phases   ] GC(154) O: Concurrent Remap Roots 0.672ms
[2026-06-18T14:30:04.381+0800][56.188s][info][gc,phases   ] GC(154) O: Pause Relocate Start 0.008ms
[2026-06-18T14:30:04.381+0800][56.188s][info][gc,phases   ] GC(154) O: Concurrent Relocate 0.070ms
[2026-06-18T14:30:04.381+0800][56.189s][info][gc,alloc    ] GC(154) O:                         Mark Start        Mark End      Relocate Start    Relocate End   
[2026-06-18T14:30:04.382+0800][56.189s][info][gc,alloc    ] GC(154) O: Allocation Stalls:          0                0                0                0         
[2026-06-18T14:30:04.382+0800][56.189s][info][gc,load     ] GC(154) O: Load: 0.28 (1%) / 0.31 (1%) / 0.29 (1%)
[2026-06-18T14:30:04.382+0800][56.189s][info][gc,mmu      ] GC(154) O: MMU: 2ms/97.3%, 5ms/98.6%, 10ms/99.3%, 20ms/99.6%, 50ms/99.8%, 100ms/99.9%
[2026-06-18T14:30:04.382+0800][56.190s][info][gc,marking  ] GC(154) O: Mark: 1 stripe(s), 2 proactive flush(es), 1 terminate flush(es), 0 completion(s), 0 continuation(s) 
[2026-06-18T14:30:04.383+0800][56.190s][info][gc,nmethod  ] GC(154) O: NMethods: 104 registered, 8 unregistered
[2026-06-18T14:30:04.383+0800][56.190s][info][gc,metaspace] GC(154) O: Metaspace: 0M used, 0M committed, 1088M reserved
[2026-06-18T14:30:04.383+0800][56.190s][info][gc,ref      ] GC(154) O:                       Encountered   Discovered     Enqueued 
[2026-06-18T14:30:04.383+0800][56.191s][info][gc,ref      ] GC(154) O: Soft References:                2            0            0 
[2026-06-18T14:30:04.383+0800][56.191s][info][gc,ref      ] GC(154) O: Weak References:                6            0            0 
[2026-06-18T14:30:04.384+0800][56.191s][info][gc,ref      ] GC(154) O: Final References:               0            0            0 
[2026-06-18T14:30:04.384+0800][56.191s][info][gc,ref      ] GC(154) O: Phantom References:             1            1            0 
[2026-06-18T14:30:04.384+0800][56.191s][info][gc,reloc    ] GC(154) O:                        Candidates     Selected     In-Place         Size        Empty    Relocated 
[2026-06-18T14:30:04.384+0800][56.192s][info][gc,reloc    ] GC(154) O: Small Pages:                    1            0            0           2M           0M           0M 
[2026-06-18T14:30:04.385+0800][56.192s][info][gc,reloc    ] GC(154) O: Medium Pages:                   2            0            0          16M          16M           0M 
[2026-06-18T14:30:04.385+0800][56.192s][info][gc,reloc    ] GC(154) O: Large Pages:                   11            0            0          22M          22M           0M 
[2026-06-18T14:30:04.385+0800][56.192s][info][gc,reloc    ] GC(154) O: Forwarding Usage: 0M
[2026-06-18T14:30:04.385+0800][56.193s][info][gc,heap     ] GC(154) O: Min Capacity: 256M(100%)
[2026-06-18T14:30:04.385+0800][56.193s][info][gc,heap     ] GC(154) O: Max Capacity: 256M(100%)
[2026-06-18T14:30:04.386+0800][56.193s][info][gc,heap     ] GC(154) O: Soft Max Capacity: 256M(100%)
[2026-06-18T14:30:04.386+0800][56.193s][info][gc,heap     ] GC(154) O: Heap Statistics:
[2026-06-18T14:30:04.387+0800][56.194s][info][gc,heap     ] GC(154) O:                Mark Start          Mark End        Relocate Start      Relocate End           High               Low         
[2026-06-18T14:30:04.387+0800][56.194s][info][gc,heap     ] GC(154) O:  Capacity:      256M (100%)        256M (100%)        256M (100%)        256M (100%)        256M (100%)        256M (100%)   
[2026-06-18T14:30:04.387+0800][56.195s][info][gc,heap     ] GC(154) O:      Free:      156M (61%)         152M (59%)         186M (73%)         186M (73%)         186M (73%)         148M (58%)    
[2026-06-18T14:30:04.388+0800][56.195s][info][gc,heap     ] GC(154) O:      Used:      100M (39%)         104M (41%)          70M (27%)          70M (27%)         108M (42%)          70M (27%)    
[2026-06-18T14:30:04.388+0800][56.195s][info][gc,heap     ] GC(154) O: Old Generation Statistics:
[2026-06-18T14:30:04.388+0800][56.196s][info][gc,heap     ] GC(154) O:                Mark Start          Mark End        Relocate Start      Relocate End    
[2026-06-18T14:30:04.388+0800][56.196s][info][gc,heap     ] GC(154) O:      Used:       40M (16%)          40M (16%)           2M (1%)            2M (1%)     
[2026-06-18T14:30:04.389+0800][56.196s][info][gc,heap     ] GC(154) O:      Live:         -                 0M (0%)            0M (0%)            0M (0%)     
[2026-06-18T14:30:04.389+0800][56.196s][info][gc,heap     ] GC(154) O:   Garbage:         -                39M (15%)           1M (1%)            1M (1%)     
[2026-06-18T14:30:04.389+0800][56.197s][info][gc,heap     ] GC(154) O: Allocated:         -                 0M (0%)            0M (0%)            0M (0%)     
[2026-06-18T14:30:04.389+0800][56.197s][info][gc,heap     ] GC(154) O: Reclaimed:         -                  -                38M (15%)          38M (15%)    
[2026-06-18T14:30:04.390+0800][56.197s][info][gc,heap     ] GC(154) O: Compacted:         -                  -                  -                 0M (0%)     
[2026-06-18T14:30:04.390+0800][56.197s][info][gc,phases   ] GC(154) O: Old Generation 104M(41%)->70M(27%) 0.006s
[2026-06-18T14:30:04.390+0800][56.198s][info][gc          ] GC(154) Major Collection (Proactive) 100M(39%)->74M(29%) 0.030s
[2026-06-18T14:30:04.802+0800][56.609s][info][gc          ] GC(155) Minor Collection (High Usage)
[2026-06-18T14:30:04.803+0800][56.610s][info][gc,task     ] GC(155) Using 1 Workers for Young Generation
[2026-06-18T14:30:04.804+0800][56.611s][info][gc,phases   ] GC(155) y: Young Generation
[2026-06-18T14:30:04.805+0800][56.612s][info][gc,phases   ] GC(155) y: Pause Mark Start 0.012ms
[2026-06-18T14:30:04.806+0800][56.614s][info][gc,phases   ] GC(155) y: Concurrent Mark 0.668ms
[2026-06-18T14:30:04.807+0800][56.615s][info][gc,phases   ] GC(155) y: Pause Mark End 0.007ms
[2026-06-18T14:30:04.808+0800][56.616s][info][gc,phases   ] GC(155) y: Concurrent Mark Free 0.001ms
[2026-06-18T14:30:04.809+0800][56.616s][info][gc,phases   ] GC(155) y: Concurrent Reset Relocation Set 0.001ms
[2026-06-18T14:30:04.809+0800][56.617s][info][gc,reloc    ] GC(155) y: Using tenuring threshold: 5 (Computed)
[2026-06-18T14:30:04.811+0800][56.618s][info][gc,phases   ] GC(155) y: Concurrent Select Relocation Set 1.219ms
[2026-06-18T14:30:04.811+0800][56.619s][info][gc,phases   ] GC(155) y: Pause Relocate Start 0.010ms
[2026-06-18T14:30:04.813+0800][56.621s][info][gc,phases   ] GC(155) y: Concurrent Relocate 1.309ms
[2026-06-18T14:30:04.814+0800][56.621s][info][gc,alloc    ] GC(155) y:                         Mark Start        Mark End      Relocate Start    Relocate End   
[2026-06-18T14:30:04.814+0800][56.622s][info][gc,alloc    ] GC(155) y: Allocation Stalls:          0                0                0                0         
[2026-06-18T14:30:04.815+0800][56.622s][info][gc,load     ] GC(155) y: Load: 0.28 (1%) / 0.31 (1%) / 0.29 (1%)
[2026-06-18T14:30:04.816+0800][56.623s][info][gc,mmu      ] GC(155) y: MMU: 2ms/97.3%, 5ms/98.6%, 10ms/99.3%, 20ms/99.6%, 50ms/99.8%, 100ms/99.9%
[2026-06-18T14:30:04.817+0800][56.624s][info][gc,marking  ] GC(155) y: Mark: 1 stripe(s), 1 proactive flush(es), 1 terminate flush(es), 0 completion(s), 0 continuation(s) 
[2026-06-18T14:30:04.817+0800][56.624s][info][gc,nmethod  ] GC(155) y: NMethods: 104 registered, 8 unregistered
[2026-06-18T14:30:04.817+0800][56.625s][info][gc,metaspace] GC(155) y: Metaspace: 0M used, 0M committed, 1088M reserved
[2026-06-18T14:30:04.818+0800][56.625s][info][gc,reloc    ] GC(155) y:                        Candidates     Selected     In-Place         Size        Empty    Relocated 
[2026-06-18T14:30:04.818+0800][56.625s][info][gc,reloc    ] GC(155) y: Small Pages:                   79           15            0         158M         120M           4M 
[2026-06-18T14:30:04.818+0800][56.626s][info][gc,reloc    ] GC(155) y: Medium Pages:                   8            3            0          64M          16M           5M 
[2026-06-18T14:30:04.818+0800][56.626s][info][gc,reloc    ] GC(155) y: Large Pages:                    5            0            0          10M           0M           0M 
[2026-06-18T14:30:04.819+0800][56.626s][info][gc,reloc    ] GC(155) y: Forwarding Usage: 0M
[2026-06-18T14:30:04.819+0800][56.626s][info][gc,reloc    ] GC(155) y: Age Table:
[2026-06-18T14:30:04.819+0800][56.627s][info][gc,reloc    ] GC(155) y:                    Live             Garbage             Small              Medium             Large        
[2026-06-18T14:30:04.819+0800][56.627s][info][gc,reloc    ] GC(155) y: Eden              24M (10%)         157M (61%)         77 / 15             3 / 1              2 / 0        
[2026-06-18T14:30:04.820+0800][56.627s][info][gc,reloc    ] GC(155) y: Survivor 1          -                 0M (0%)           0 / 0              0 / 0              0 / 0        
[2026-06-18T14:30:04.820+0800][56.627s][info][gc,reloc    ] GC(155) y: Survivor 2         4M (2%)           20M (8%)           2 / 0              2 / 0              2 / 0        
[2026-06-18T14:30:04.820+0800][56.628s][info][gc,reloc    ] GC(155) y: Survivor 3         2M (1%)            7M (3%)           0 / 0              1 / 0              1 / 0        
[2026-06-18T14:30:04.820+0800][56.628s][info][gc,reloc    ] GC(155) y: Survivor 4         1M (1%)            6M (2%)           0 / 0              1 / 1              0 / 0        
[2026-06-18T14:30:04.821+0800][56.628s][info][gc,reloc    ] GC(155) y: Survivor 5         0M (0%)            7M (3%)           0 / 0              1 / 1              0 / 0        
[2026-06-18T14:30:04.822+0800][56.629s][info][gc,heap     ] GC(155) y: Min Capacity: 256M(100%)
[2026-06-18T14:30:04.822+0800][56.629s][info][gc,heap     ] GC(155) y: Max Capacity: 256M(100%)
[2026-06-18T14:30:04.822+0800][56.629s][info][gc,heap     ] GC(155) y: Soft Max Capacity: 256M(100%)
[2026-06-18T14:30:04.822+0800][56.630s][info][gc,heap     ] GC(155) y: Heap Statistics:
[2026-06-18T14:30:04.823+0800][56.630s][info][gc,heap     ] GC(155) y:                Mark Start          Mark End        Relocate Start      Relocate End           High               Low         
[2026-06-18T14:30:04.823+0800][56.630s][info][gc,heap     ] GC(155) y:  Capacity:      256M (100%)        256M (100%)        256M (100%)        256M (100%)        256M (100%)        256M (100%)   
[2026-06-18T14:30:04.823+0800][56.631s][info][gc,heap     ] GC(155) y:      Free:       22M (9%)           22M (9%)          158M (62%)         174M (68%)         174M (68%)          22M (9%)     
[2026-06-18T14:30:04.824+0800][56.631s][info][gc,heap     ] GC(155) y:      Used:      234M (91%)         234M (91%)          98M (38%)          82M (32%)         234M (91%)          82M (32%)    
[2026-06-18T14:30:04.824+0800][56.631s][info][gc,heap     ] GC(155) y: Young Generation Statistics:
[2026-06-18T14:30:04.824+0800][56.631s][info][gc,heap     ] GC(155) y:                Mark Start          Mark End        Relocate Start      Relocate End    
[2026-06-18T14:30:04.824+0800][56.632s][info][gc,heap     ] GC(155) y:      Used:      232M (91%)         232M (91%)          96M (38%)          72M (28%)    
[2026-06-18T14:30:04.825+0800][56.632s][info][gc,heap     ] GC(155) y:      Live:         -                34M (13%)          34M (13%)          33M (13%)    
[2026-06-18T14:30:04.825+0800][56.632s][info][gc,heap     ] GC(155) y:   Garbage:         -               197M (77%)          61M (24%)           4M (2%)     
[2026-06-18T14:30:04.825+0800][56.632s][info][gc,heap     ] GC(155) y: Allocated:         -                 0M (0%)            0M (0%)           34M (13%)    
[2026-06-18T14:30:04.825+0800][56.633s][info][gc,heap     ] GC(155) y: Reclaimed:         -                  -               136M (53%)         193M (75%)    
[2026-06-18T14:30:04.826+0800][56.633s][info][gc,heap     ] GC(155) y:  Promoted:         -                  -                 0M (0%)            0M (0%)     
[2026-06-18T14:30:04.826+0800][56.633s][info][gc,heap     ] GC(155) y: Compacted:         -                  -                  -                11M (5%)     
[2026-06-18T14:30:04.826+0800][56.633s][info][gc,phases   ] GC(155) y: Young Generation 234M(91%)->82M(32%) 0.010s
[2026-06-18T14:30:04.826+0800][56.634s][info][gc          ] GC(155) Minor Collection (High Usage) 232M(91%)->86M(34%) 0.025s
[2026-06-18T14:30:05.203+0800][57.010s][info][gc          ] GC(156) Minor Collection (Allocation Rate)
[2026-06-18T14:30:05.204+0800][57.011s][info][gc,task     ] GC(156) Using 2 Workers for Young Generation
[2026-06-18T14:30:05.204+0800][57.012s][info][gc,phases   ] GC(156) y: Young Generation
[2026-06-18T14:30:05.205+0800][57.012s][info][gc,phases   ] GC(156) y: Pause Mark Start 0.014ms
[2026-06-18T14:30:05.206+0800][57.014s][info][gc,phases   ] GC(156) y: Concurrent Mark 0.552ms
[2026-06-18T14:30:05.207+0800][57.015s][info][gc,phases   ] GC(156) y: Pause Mark End 0.008ms
[2026-06-18T14:30:05.208+0800][57.015s][info][gc,phases   ] GC(156) y: Concurrent Mark Free 0.002ms
[2026-06-18T14:30:05.209+0800][57.016s][info][gc,phases   ] GC(156) y: Concurrent Reset Relocation Set 0.003ms
[2026-06-18T14:30:05.209+0800][57.017s][info][gc,reloc    ] GC(156) y: Using tenuring threshold: 4 (Computed)
[2026-06-18T14:30:05.210+0800][57.017s][info][gc,phases   ] GC(156) y: Concurrent Select Relocation Set 0.676ms
[2026-06-18T14:30:05.211+0800][57.018s][info][gc,phases   ] GC(156) y: Pause Relocate Start 0.010ms
[2026-06-18T14:30:05.212+0800][57.019s][info][gc,phases   ] GC(156) y: Concurrent Relocate 0.679ms
[2026-06-18T14:30:05.212+0800][57.020s][info][gc,alloc    ] GC(156) y:                         Mark Start        Mark End      Relocate Start    Relocate End   
[2026-06-18T14:30:05.213+0800][57.020s][info][gc,alloc    ] GC(156) y: Allocation Stalls:          0                0                0                0         
[2026-06-18T14:30:05.213+0800][57.021s][info][gc,load     ] GC(156) y: Load: 0.28 (1%) / 0.31 (1%) / 0.29 (1%)
[2026-06-18T14:30:05.214+0800][57.021s][info][gc,mmu      ] GC(156) y: MMU: 2ms/97.3%, 5ms/98.6%, 10ms/99.3%, 20ms/99.6%, 50ms/99.8%, 100ms/99.9%
[2026-06-18T14:30:05.214+0800][57.022s][info][gc,marking  ] GC(156) y: Mark: 2 stripe(s), 1 proactive flush(es), 1 terminate flush(es), 0 completion(s), 0 continuation(s) 
[2026-06-18T14:30:05.214+0800][57.022s][info][gc,nmethod  ] GC(156) y: NMethods: 104 registered, 8 unregistered
[2026-06-18T14:30:05.215+0800][57.023s][info][gc,metaspace] GC(156) y: Metaspace: 0M used, 0M committed, 1088M reserved
[2026-06-18T14:30:05.216+0800][57.023s][info][gc,reloc    ] GC(156) y:                        Candidates     Selected     In-Place         Size        Empty    Relocated 
[2026-06-18T14:30:05.216+0800][57.023s][info][gc,reloc    ] GC(156) y: Small Pages:                   74           11            0         148M         118M           4M 
[2026-06-18T14:30:05.216+0800][57.023s][info][gc,reloc    ] GC(156) y: Medium Pages:                   8            2            0          64M          32M           1M 
[2026-06-18T14:30:05.216+0800][57.024s][info][gc,reloc    ] GC(156) y: Large Pages:                    6            0            0          12M           2M           0M 
[2026-06-18T14:30:05.216+0800][57.024s][info][gc,reloc    ] GC(156) y: Forwarding Usage: 0M
[2026-06-18T14:30:05.217+0800][57.024s][info][gc,reloc    ] GC(156) y: Age Table:
[2026-06-18T14:30:05.217+0800][57.024s][info][gc,reloc    ] GC(156) y:                    Live             Garbage             Small              Medium             Large        
[2026-06-18T14:30:05.217+0800][57.025s][info][gc,reloc    ] GC(156) y: Eden              18M (7%)          147M (58%)         70 / 11             3 / 1              1 / 0        
[2026-06-18T14:30:05.217+0800][57.025s][info][gc,reloc    ] GC(156) y: Survivor 1         4M (2%)           31M (12%)          4 / 0              3 / 1              2 / 0        
[2026-06-18T14:30:05.218+0800][57.025s][info][gc,reloc    ] GC(156) y: Survivor 2          -                 0M (0%)           0 / 0              0 / 0              0 / 0        
[2026-06-18T14:30:05.218+0800][57.025s][info][gc,reloc    ] GC(156) y: Survivor 3         4M (2%)            0M (0%)           0 / 0              0 / 0              2 / 0        
[2026-06-18T14:30:05.218+0800][57.025s][info][gc,reloc    ] GC(156) y: Survivor 4          -                10M (4%)           0 / 0              1 / 0              1 / 0        
[2026-06-18T14:30:05.218+0800][57.026s][info][gc,reloc    ] GC(156) y: Survivor 5          -                 8M (3%)           0 / 0              1 / 0              0 / 0        
[2026-06-18T14:30:05.219+0800][57.026s][info][gc,heap     ] GC(156) y: Min Capacity: 256M(100%)
[2026-06-18T14:30:05.219+0800][57.026s][info][gc,heap     ] GC(156) y: Max Capacity: 256M(100%)
[2026-06-18T14:30:05.219+0800][57.026s][info][gc,heap     ] GC(156) y: Soft Max Capacity: 256M(100%)
[2026-06-18T14:30:05.219+0800][57.027s][info][gc,heap     ] GC(156) y: Heap Statistics:
[2026-06-18T14:30:05.220+0800][57.027s][info][gc,heap     ] GC(156) y:                Mark Start          Mark End        Relocate Start      Relocate End           High               Low         
[2026-06-18T14:30:05.220+0800][57.028s][info][gc,heap     ] GC(156) y:  Capacity:      256M (100%)        256M (100%)        256M (100%)        256M (100%)        256M (100%)        256M (100%)   
[2026-06-18T14:30:05.221+0800][57.028s][info][gc,heap     ] GC(156) y:      Free:       22M (9%)           22M (9%)          174M (68%)         204M (80%)         204M (80%)          22M (9%)     
[2026-06-18T14:30:05.221+0800][57.028s][info][gc,heap     ] GC(156) y:      Used:      234M (91%)         234M (91%)          82M (32%)          52M (20%)         234M (91%)          52M (20%)    
[2026-06-18T14:30:05.221+0800][57.028s][info][gc,heap     ] GC(156) y: Young Generation Statistics:
[2026-06-18T14:30:05.221+0800][57.029s][info][gc,heap     ] GC(156) y:                Mark Start          Mark End        Relocate Start      Relocate End    
[2026-06-18T14:30:05.221+0800][57.029s][info][gc,heap     ] GC(156) y:      Used:      224M (88%)         224M (88%)          72M (28%)          42M (16%)    
[2026-06-18T14:30:05.222+0800][57.029s][info][gc,heap     ] GC(156) y:      Live:         -                26M (11%)          26M (11%)          26M (11%)    
[2026-06-18T14:30:05.222+0800][57.029s][info][gc,heap     ] GC(156) y:   Garbage:         -               197M (77%)          45M (18%)           0M (0%)     
[2026-06-18T14:30:05.222+0800][57.030s][info][gc,heap     ] GC(156) y: Allocated:         -                 0M (0%)            0M (0%)           15M (6%)     
[2026-06-18T14:30:05.222+0800][57.030s][info][gc,heap     ] GC(156) y: Reclaimed:         -                  -               152M (59%)         197M (77%)    
[2026-06-18T14:30:05.223+0800][57.030s][info][gc,heap     ] GC(156) y:  Promoted:         -                  -                 0M (0%)            0M (0%)     
[2026-06-18T14:30:05.223+0800][57.030s][info][gc,heap     ] GC(156) y: Compacted:         -                  -                  -                 8M (4%)     
[2026-06-18T14:30:05.223+0800][57.030s][info][gc,phases   ] GC(156) y: Young Generation 234M(91%)->52M(20%) 0.008s
[2026-06-18T14:30:05.223+0800][57.031s][info][gc          ] GC(156) Minor Collection (Allocation Rate) 232M(91%)->58M(23%) 0.021s
[2026-06-18T14:30:05.643+0800][57.451s][info][gc          ] GC(157) Minor Collection (High Usage)
[2026-06-18T14:30:05.644+0800][57.452s][info][gc,task     ] GC(157) Using 1 Workers for Young Generation
[2026-06-18T14:30:05.645+0800][57.453s][info][gc,phases   ] GC(157) y: Young Generation
[2026-06-18T14:30:05.646+0800][57.453s][info][gc,phases   ] GC(157) y: Pause Mark Start 0.014ms
[2026-06-18T14:30:05.648+0800][57.455s][info][gc,phases   ] GC(157) y: Concurrent Mark 0.815ms
[2026-06-18T14:30:05.648+0800][57.456s][info][gc,phases   ] GC(157) y: Pause Mark End 0.009ms
[2026-06-18T14:30:05.649+0800][57.457s][info][gc,phases   ] GC(157) y: Concurrent Mark Free 0.003ms
[2026-06-18T14:30:05.650+0800][57.457s][info][gc,phases   ] GC(157) y: Concurrent Reset Relocation Set 0.002ms
[2026-06-18T14:30:05.650+0800][57.458s][info][gc,reloc    ] GC(157) y: Using tenuring threshold: 3 (Computed)
[2026-06-18T14:30:05.651+0800][57.459s][info][gc,phases   ] GC(157) y: Concurrent Select Relocation Set 0.958ms
[2026-06-18T14:30:05.652+0800][57.459s][info][gc,phases   ] GC(157) y: Pause Relocate Start 0.009ms
[2026-06-18T14:30:05.653+0800][57.460s][info][gc,phases   ] GC(157) y: Concurrent Relocate 0.914ms
[2026-06-18T14:30:05.654+0800][57.461s][info][gc,alloc    ] GC(157) y:                         Mark Start        Mark End      Relocate Start    Relocate End   
[2026-06-18T14:30:05.654+0800][57.461s][info][gc,alloc    ] GC(157) y: Allocation Stalls:          0                0                0                0         
[2026-06-18T14:30:05.654+0800][57.462s][info][gc,load     ] GC(157) y: Load: 0.28 (1%) / 0.31 (1%) / 0.29 (1%)
[2026-06-18T14:30:05.655+0800][57.462s][info][gc,mmu      ] GC(157) y: MMU: 2ms/97.3%, 5ms/98.6%, 10ms/99.3%, 20ms/99.6%, 50ms/99.8%, 100ms/99.9%
[2026-06-18T14:30:05.655+0800][57.463s][info][gc,marking  ] GC(157) y: Mark: 1 stripe(s), 1 proactive flush(es), 1 terminate flush(es), 0 completion(s), 0 continuation(s) 
[2026-06-18T14:30:05.656+0800][57.463s][info][gc,nmethod  ] GC(157) y: NMethods: 104 registered, 8 unregistered
[2026-06-18T14:30:05.656+0800][57.464s][info][gc,metaspace] GC(157) y: Metaspace: 0M used, 0M committed, 1088M reserved
[2026-06-18T14:30:05.656+0800][57.464s][info][gc,reloc    ] GC(157) y:                        Candidates     Selected     In-Place         Size        Empty    Relocated 
[2026-06-18T14:30:05.657+0800][57.464s][info][gc,reloc    ] GC(157) y: Small Pages:                   82           10            0         164M         136M           3M 
[2026-06-18T14:30:05.657+0800][57.464s][info][gc,reloc    ] GC(157) y: Medium Pages:                   6            2            0          48M          16M           2M 
[2026-06-18T14:30:05.657+0800][57.465s][info][gc,reloc    ] GC(157) y: Large Pages:                    6            0            0          12M           0M           0M 
[2026-06-18T14:30:05.657+0800][57.465s][info][gc,reloc    ] GC(157) y: Forwarding Usage: 0M
[2026-06-18T14:30:05.658+0800][57.465s][info][gc,reloc    ] GC(157) y: Age Table:
[2026-06-18T14:30:05.658+0800][57.465s][info][gc,reloc    ] GC(157) y:                    Live             Garbage             Small              Medium             Large        
[2026-06-18T14:30:05.658+0800][57.466s][info][gc,reloc    ] GC(157) y: Eden              16M (6%)          165M (65%)         78 / 10             3 / 1              1 / 0        
[2026-06-18T14:30:05.658+0800][57.466s][info][gc,reloc    ] GC(157) y: Survivor 1         2M (1%)           23M (9%)           4 / 0              2 / 0              1 / 0        
[2026-06-18T14:30:05.659+0800][57.466s][info][gc,reloc    ] GC(157) y: Survivor 2         4M (2%)            7M (3%)           0 / 0              1 / 1              2 / 0        
[2026-06-18T14:30:05.659+0800][57.466s][info][gc,reloc    ] GC(157) y: Survivor 3          -                 0M (0%)           0 / 0              0 / 0              0 / 0        
[2026-06-18T14:30:05.659+0800][57.466s][info][gc,reloc    ] GC(157) y: Survivor 4         4M (2%)            0M (0%)           0 / 0              0 / 0              2 / 0        
[2026-06-18T14:30:05.659+0800][57.467s][info][gc,heap     ] GC(157) y: Min Capacity: 256M(100%)
[2026-06-18T14:30:05.659+0800][57.467s][info][gc,heap     ] GC(157) y: Max Capacity: 256M(100%)
[2026-06-18T14:30:05.660+0800][57.467s][info][gc,heap     ] GC(157) y: Soft Max Capacity: 256M(100%)
[2026-06-18T14:30:05.660+0800][57.467s][info][gc,heap     ] GC(157) y: Heap Statistics:
[2026-06-18T14:30:05.660+0800][57.467s][info][gc,heap     ] GC(157) y:                Mark Start          Mark End        Relocate Start      Relocate End           High               Low         
[2026-06-18T14:30:05.660+0800][57.468s][info][gc,heap     ] GC(157) y:  Capacity:      256M (100%)        256M (100%)        256M (100%)        256M (100%)        256M (100%)        256M (100%)   
[2026-06-18T14:30:05.662+0800][57.469s][info][gc,heap     ] GC(157) y:      Free:       22M (9%)           22M (9%)          174M (68%)         194M (76%)         194M (76%)          22M (9%)     
[2026-06-18T14:30:05.665+0800][57.473s][info][gc,heap     ] GC(157) y:      Used:      234M (91%)         234M (91%)          82M (32%)          62M (24%)         234M (91%)          62M (24%)    
[2026-06-18T14:30:05.668+0800][57.475s][info][gc,heap     ] GC(157) y: Young Generation Statistics:
[2026-06-18T14:30:05.671+0800][57.478s][info][gc,heap     ] GC(157) y:                Mark Start          Mark End        Relocate Start      Relocate End    
[2026-06-18T14:30:05.674+0800][57.482s][info][gc,heap     ] GC(157) y:      Used:      224M (88%)         224M (88%)          68M (27%)          48M (19%)    
[2026-06-18T14:30:05.679+0800][57.486s][info][gc,heap     ] GC(157) y:      Live:         -                28M (11%)          24M (9%)           24M (9%)     
[2026-06-18T14:30:05.681+0800][57.488s][info][gc,heap     ] GC(157) y:   Garbage:         -               195M (76%)          43M (17%)           1M (1%)     
[2026-06-18T14:30:05.681+0800][57.489s][info][gc,heap     ] GC(157) y: Allocated:         -                 0M (0%)            0M (0%)           22M (9%)     
[2026-06-18T14:30:05.682+0800][57.489s][info][gc,heap     ] GC(157) y: Reclaimed:         -                  -               152M (59%)         194M (76%)    
[2026-06-18T14:30:05.682+0800][57.490s][info][gc,heap     ] GC(157) y:  Promoted:         -                  -                 4M (2%)            4M (2%)     
[2026-06-18T14:30:05.683+0800][57.490s][info][gc,heap     ] GC(157) y: Compacted:         -                  -                  -                 7M (3%)     
[2026-06-18T14:30:05.683+0800][57.491s][info][gc,phases   ] GC(157) y: Young Generation 234M(91%)->62M(24%) 0.008s
[2026-06-18T14:30:05.684+0800][57.491s][info][gc          ] GC(157) Minor Collection (High Usage) 232M(91%)->82M(32%) 0.040s
[2026-06-18T14:30:05.863+0800][57.670s][info][gc          ] GC(158) Major Collection (Proactive)
[2026-06-18T14:30:05.864+0800][57.671s][info][gc,task     ] GC(158) Using 1 Workers for Young Generation
[2026-06-18T14:30:05.865+0800][57.672s][info][gc,task     ] GC(158) Using 1 Workers for Old Generation
[2026-06-18T14:30:05.865+0800][57.673s][info][gc,phases   ] GC(158) Y: Young Generation
[2026-06-18T14:30:05.866+0800][57.673s][info][gc,phases   ] GC(158) Y: Pause Mark Start (Major) 0.016ms
[2026-06-18T14:30:05.868+0800][57.675s][info][gc,phases   ] GC(158) Y: Concurrent Mark 0.689ms
[2026-06-18T14:30:05.869+0800][57.676s][info][gc,phases   ] GC(158) Y: Pause Mark End 0.010ms
[2026-06-18T14:30:05.869+0800][57.677s][info][gc,phases   ] GC(158) Y: Concurrent Mark Free 0.001ms
[2026-06-18T14:30:05.870+0800][57.677s][info][gc,phases   ] GC(158) Y: Concurrent Reset Relocation Set 0.003ms
[2026-06-18T14:30:05.870+0800][57.677s][info][gc,reloc    ] GC(158) Y: Using tenuring threshold: 3 (Computed)
[2026-06-18T14:30:05.871+0800][57.678s][info][gc,phases   ] GC(158) Y: Concurrent Select Relocation Set 0.737ms
[2026-06-18T14:30:05.871+0800][57.679s][info][gc,phases   ] GC(158) Y: Pause Relocate Start 0.006ms
[2026-06-18T14:30:05.873+0800][57.680s][info][gc,phases   ] GC(158) Y: Concurrent Relocate 1.350ms
[2026-06-18T14:30:05.873+0800][57.681s][info][gc,alloc    ] GC(158) Y:                         Mark Start        Mark End      Relocate Start    Relocate End   
[2026-06-18T14:30:05.874+0800][57.681s][info][gc,alloc    ] GC(158) Y: Allocation Stalls:          0                0                0                0         
[2026-06-18T14:30:05.874+0800][57.682s][info][gc,load     ] GC(158) Y: Load: 0.28 (1%) / 0.31 (1%) / 0.29 (1%)
[2026-06-18T14:30:05.875+0800][57.682s][info][gc,mmu      ] GC(158) Y: MMU: 2ms/97.3%, 5ms/98.6%, 10ms/99.3%, 20ms/99.6%, 50ms/99.8%, 100ms/99.9%
[2026-06-18T14:30:05.875+0800][57.682s][info][gc,marking  ] GC(158) Y: Mark: 1 stripe(s), 1 proactive flush(es), 1 terminate flush(es), 0 completion(s), 0 continuation(s) 
[2026-06-18T14:30:05.875+0800][57.683s][info][gc,nmethod  ] GC(158) Y: NMethods: 104 registered, 8 unregistered
[2026-06-18T14:30:05.876+0800][57.683s][info][gc,metaspace] GC(158) Y: Metaspace: 0M used, 0M committed, 1088M reserved
[2026-06-18T14:30:05.876+0800][57.683s][info][gc,reloc    ] GC(158) Y:                        Candidates     Selected     In-Place         Size        Empty    Relocated 
[2026-06-18T14:30:05.876+0800][57.684s][info][gc,reloc    ] GC(158) Y: Small Pages:                   43           12            0          86M          52M           4M 
[2026-06-18T14:30:05.876+0800][57.684s][info][gc,reloc    ] GC(158) Y: Medium Pages:                   5            2            0          40M           8M           3M 
[2026-06-18T14:30:05.877+0800][57.684s][info][gc,reloc    ] GC(158) Y: Large Pages:                    5            0            0          10M           4M           0M 
[2026-06-18T14:30:05.877+0800][57.684s][info][gc,reloc    ] GC(158) Y: Forwarding Usage: 0M
[2026-06-18T14:30:05.877+0800][57.685s][info][gc,reloc    ] GC(158) Y: Age Table:
[2026-06-18T14:30:05.877+0800][57.685s][info][gc,reloc    ] GC(158) Y:                    Live             Garbage             Small              Medium             Large        
[2026-06-18T14:30:05.878+0800][57.685s][info][gc,reloc    ] GC(158) Y: Eden              14M (6%)           73M (29%)         39 / 11             1 / 0              1 / 0        
[2026-06-18T14:30:05.878+0800][57.686s][info][gc,reloc    ] GC(158) Y: Survivor 1         7M (3%)           18M (7%)           4 / 1              2 / 2              1 / 0        
[2026-06-18T14:30:05.879+0800][57.686s][info][gc,reloc    ] GC(158) Y: Survivor 2         2M (1%)            7M (3%)           0 / 0              1 / 0              1 / 0        
[2026-06-18T14:30:05.879+0800][57.686s][info][gc,reloc    ] GC(158) Y: Survivor 3          -                12M (5%)           0 / 0              1 / 0              2 / 0        
[2026-06-18T14:30:05.879+0800][57.687s][info][gc,heap     ] GC(158) Y: Min Capacity: 256M(100%)
[2026-06-18T14:30:05.879+0800][57.687s][info][gc,heap     ] GC(158) Y: Max Capacity: 256M(100%)
[2026-06-18T14:30:05.880+0800][57.687s][info][gc,heap     ] GC(158) Y: Soft Max Capacity: 256M(100%)
[2026-06-18T14:30:05.880+0800][57.687s][info][gc,heap     ] GC(158) Y: Heap Statistics:
[2026-06-18T14:30:05.880+0800][57.688s][info][gc,heap     ] GC(158) Y:                Mark Start          Mark End        Relocate Start      Relocate End           High               Low         
[2026-06-18T14:30:05.881+0800][57.688s][info][gc,heap     ] GC(158) Y:  Capacity:      256M (100%)        256M (100%)        256M (100%)        256M (100%)        256M (100%)        256M (100%)   
[2026-06-18T14:30:05.881+0800][57.688s][info][gc,heap     ] GC(158) Y:      Free:      106M (41%)         106M (41%)         170M (66%)         202M (79%)         202M (79%)         106M (41%)    
[2026-06-18T14:30:05.881+0800][57.688s][info][gc,heap     ] GC(158) Y:      Used:      150M (59%)         150M (59%)          86M (34%)          54M (21%)         150M (59%)          54M (21%)    
[2026-06-18T14:30:05.881+0800][57.689s][info][gc,heap     ] GC(158) Y: Young Generation Statistics:
[2026-06-18T14:30:05.881+0800][57.689s][info][gc,heap     ] GC(158) Y:                Mark Start          Mark End        Relocate Start      Relocate End    
[2026-06-18T14:30:05.882+0800][57.689s][info][gc,heap     ] GC(158) Y:      Used:      136M (53%)         136M (53%)          72M (28%)          40M (16%)    
[2026-06-18T14:30:05.882+0800][57.689s][info][gc,heap     ] GC(158) Y:      Live:         -                24M (10%)          24M (10%)          24M (10%)    
[2026-06-18T14:30:05.882+0800][57.689s][info][gc,heap     ] GC(158) Y:   Garbage:         -               111M (44%)          47M (19%)           1M (1%)     
[2026-06-18T14:30:05.882+0800][57.690s][info][gc,heap     ] GC(158) Y: Allocated:         -                 0M (0%)            0M (0%)           13M (5%)     
[2026-06-18T14:30:05.883+0800][57.690s][info][gc,heap     ] GC(158) Y: Reclaimed:         -                  -                64M (25%)         109M (43%)    
[2026-06-18T14:30:05.883+0800][57.690s][info][gc,heap     ] GC(158) Y:  Promoted:         -                  -                 0M (0%)            0M (0%)     
[2026-06-18T14:30:05.883+0800][57.690s][info][gc,heap     ] GC(158) Y: Compacted:         -                  -                  -                10M (4%)     
[2026-06-18T14:30:05.883+0800][57.691s][info][gc,phases   ] GC(158) Y: Young Generation 150M(59%)->54M(21%) 0.008s
[2026-06-18T14:30:05.883+0800][57.691s][info][gc,phases   ] GC(158) O: Old Generation
[2026-06-18T14:30:05.885+0800][57.692s][info][gc,phases   ] GC(158) O: Concurrent Mark 1.124ms
[2026-06-18T14:30:05.885+0800][57.693s][info][gc,phases   ] GC(158) O: Pause Mark End 0.010ms
[2026-06-18T14:30:05.886+0800][57.693s][info][gc,phases   ] GC(158) O: Concurrent Mark Free 0.002ms
[2026-06-18T14:30:05.887+0800][57.694s][info][gc,phases   ] GC(158) O: Concurrent Process Non-Strong 0.282ms
[2026-06-18T14:30:05.887+0800][57.695s][info][gc,phases   ] GC(158) O: Concurrent Reset Relocation Set 0.000ms
[2026-06-18T14:30:05.888+0800][57.695s][info][gc,phases   ] GC(158) O: Concurrent Select Relocation Set 0.047ms
[2026-06-18T14:30:05.888+0800][57.695s][info][gc,task     ] GC(158) O: Using 2 Workers for Old Generation
[2026-06-18T14:30:05.888+0800][57.696s][info][gc,task     ] GC(158) O: Using 1 Workers for Old Generation
[2026-06-18T14:30:05.889+0800][57.696s][info][gc,phases   ] GC(158) O: Concurrent Remap Roots 0.768ms
[2026-06-18T14:30:05.889+0800][57.696s][info][gc,phases   ] GC(158) O: Pause Relocate Start 0.005ms
[2026-06-18T14:30:05.889+0800][57.697s][info][gc,phases   ] GC(158) O: Concurrent Relocate 0.060ms
[2026-06-18T14:30:05.889+0800][57.697s][info][gc,alloc    ] GC(158) O:                         Mark Start        Mark End      Relocate Start    Relocate End   
[2026-06-18T14:30:05.890+0800][57.697s][info][gc,alloc    ] GC(158) O: Allocation Stalls:          0                0                0                0         
[2026-06-18T14:30:05.890+0800][57.697s][info][gc,load     ] GC(158) O: Load: 0.28 (1%) / 0.31 (1%) / 0.29 (1%)
[2026-06-18T14:30:05.890+0800][57.698s][info][gc,mmu      ] GC(158) O: MMU: 2ms/97.3%, 5ms/98.6%, 10ms/99.3%, 20ms/99.6%, 50ms/99.8%, 100ms/99.9%
[2026-06-18T14:30:05.891+0800][57.698s][info][gc,marking  ] GC(158) O: Mark: 1 stripe(s), 2 proactive flush(es), 1 terminate flush(es), 0 completion(s), 0 continuation(s) 
[2026-06-18T14:30:05.891+0800][57.698s][info][gc,nmethod  ] GC(158) O: NMethods: 104 registered, 8 unregistered
[2026-06-18T14:30:05.891+0800][57.699s][info][gc,metaspace] GC(158) O: Metaspace: 0M used, 0M committed, 1088M reserved
[2026-06-18T14:30:05.892+0800][57.699s][info][gc,ref      ] GC(158) O:                       Encountered   Discovered     Enqueued 
[2026-06-18T14:30:05.892+0800][57.699s][info][gc,ref      ] GC(158) O: Soft References:                2            0            0 
[2026-06-18T14:30:05.892+0800][57.699s][info][gc,ref      ] GC(158) O: Weak References:                6            0            0 
[2026-06-18T14:30:05.892+0800][57.700s][info][gc,ref      ] GC(158) O: Final References:               0            0            0 
[2026-06-18T14:30:05.893+0800][57.700s][info][gc,ref      ] GC(158) O: Phantom References:             1            1            0 
[2026-06-18T14:30:05.893+0800][57.700s][info][gc,reloc    ] GC(158) O:                        Candidates     Selected     In-Place         Size        Empty    Relocated 
[2026-06-18T14:30:05.893+0800][57.700s][info][gc,reloc    ] GC(158) O: Small Pages:                    1            0            0           2M           0M           0M 
[2026-06-18T14:30:05.893+0800][57.701s][info][gc,reloc    ] GC(158) O: Medium Pages:                   1            0            0           8M           8M           0M 
[2026-06-18T14:30:05.894+0800][57.701s][info][gc,reloc    ] GC(158) O: Large Pages:                    2            0            0           4M           4M           0M 
[2026-06-18T14:30:05.894+0800][57.701s][info][gc,reloc    ] GC(158) O: Forwarding Usage: 0M
[2026-06-18T14:30:05.894+0800][57.701s][info][gc,heap     ] GC(158) O: Min Capacity: 256M(100%)
[2026-06-18T14:30:05.894+0800][57.702s][info][gc,heap     ] GC(158) O: Max Capacity: 256M(100%)
[2026-06-18T14:30:05.895+0800][57.702s][info][gc,heap     ] GC(158) O: Soft Max Capacity: 256M(100%)
[2026-06-18T14:30:05.895+0800][57.702s][info][gc,heap     ] GC(158) O: Heap Statistics:
[2026-06-18T14:30:05.895+0800][57.702s][info][gc,heap     ] GC(158) O:                Mark Start          Mark End        Relocate Start      Relocate End           High               Low         
[2026-06-18T14:30:05.895+0800][57.703s][info][gc,heap     ] GC(158) O:  Capacity:      256M (100%)        256M (100%)        256M (100%)        256M (100%)        256M (100%)        256M (100%)   
[2026-06-18T14:30:05.895+0800][57.703s][info][gc,heap     ] GC(158) O:      Free:      106M (41%)         186M (73%)         198M (77%)         198M (77%)         202M (79%)         106M (41%)    
[2026-06-18T14:30:05.896+0800][57.703s][info][gc,heap     ] GC(158) O:      Used:      150M (59%)          70M (27%)          58M (23%)          58M (23%)         150M (59%)          54M (21%)    
[2026-06-18T14:30:05.896+0800][57.704s][info][gc,heap     ] GC(158) O: Old Generation Statistics:
[2026-06-18T14:30:05.897+0800][57.704s][info][gc,heap     ] GC(158) O:                Mark Start          Mark End        Relocate Start      Relocate End    
[2026-06-18T14:30:05.897+0800][57.704s][info][gc,heap     ] GC(158) O:      Used:       14M (5%)           14M (5%)            2M (1%)            2M (1%)     
[2026-06-18T14:30:05.897+0800][57.705s][info][gc,heap     ] GC(158) O:      Live:         -                 0M (0%)            0M (0%)            0M (0%)     
[2026-06-18T14:30:05.898+0800][57.705s][info][gc,heap     ] GC(158) O:   Garbage:         -                13M (5%)            1M (1%)            1M (1%)     
[2026-06-18T14:30:05.898+0800][57.705s][info][gc,heap     ] GC(158) O: Allocated:         -                 0M (0%)            0M (0%)            0M (0%)     
[2026-06-18T14:30:05.898+0800][57.706s][info][gc,heap     ] GC(158) O: Reclaimed:         -                  -                12M (5%)           12M (5%)     
[2026-06-18T14:30:05.898+0800][57.706s][info][gc,heap     ] GC(158) O: Compacted:         -                  -                  -                 0M (0%)     
[2026-06-18T14:30:05.899+0800][57.706s][info][gc,phases   ] GC(158) O: Old Generation 58M(23%)->58M(23%) 0.006s
[2026-06-18T14:30:05.899+0800][57.706s][info][gc          ] GC(158) Major Collection (Proactive) 146M(57%)->62M(24%) 0.036s
[2026-06-18T14:30:06.346+0800][58.153s][info][gc          ] GC(159) Minor Collection (High Usage)
[2026-06-18T14:30:06.347+0800][58.155s][info][gc,task     ] GC(159) Using 1 Workers for Young Generation
[2026-06-18T14:30:06.348+0800][58.155s][info][gc,phases   ] GC(159) y: Young Generation
[2026-06-18T14:30:06.348+0800][58.156s][info][gc,phases   ] GC(159) y: Pause Mark Start 0.012ms
[2026-06-18T14:30:06.349+0800][58.157s][info][gc,phases   ] GC(159) y: Concurrent Mark 0.598ms
[2026-06-18T14:30:06.350+0800][58.158s][info][gc,phases   ] GC(159) y: Pause Mark End 0.010ms
[2026-06-18T14:30:06.351+0800][58.158s][info][gc,phases   ] GC(159) y: Concurrent Mark Free 0.002ms
[2026-06-18T14:30:06.351+0800][58.159s][info][gc,phases   ] GC(159) y: Concurrent Reset Relocation Set 0.003ms
[2026-06-18T14:30:06.352+0800][58.159s][info][gc,reloc    ] GC(159) y: Using tenuring threshold: 3 (Computed)
[2026-06-18T14:30:06.352+0800][58.160s][info][gc,phases   ] GC(159) y: Concurrent Select Relocation Set 0.639ms
[2026-06-18T14:30:06.353+0800][58.160s][info][gc,phases   ] GC(159) y: Pause Relocate Start 0.007ms
[2026-06-18T14:30:06.354+0800][58.162s][info][gc,phases   ] GC(159) y: Concurrent Relocate 1.023ms
[2026-06-18T14:30:06.355+0800][58.162s][info][gc,alloc    ] GC(159) y:                         Mark Start        Mark End      Relocate Start    Relocate End   
[2026-06-18T14:30:06.355+0800][58.162s][info][gc,alloc    ] GC(159) y: Allocation Stalls:          0                0                0                0         
[2026-06-18T14:30:06.355+0800][58.163s][info][gc,load     ] GC(159) y: Load: 0.26 (1%) / 0.30 (1%) / 0.29 (1%)
[2026-06-18T14:30:06.356+0800][58.163s][info][gc,mmu      ] GC(159) y: MMU: 2ms/97.3%, 5ms/98.6%, 10ms/99.3%, 20ms/99.6%, 50ms/99.8%, 100ms/99.9%
[2026-06-18T14:30:06.356+0800][58.163s][info][gc,marking  ] GC(159) y: Mark: 1 stripe(s), 1 proactive flush(es), 1 terminate flush(es), 0 completion(s), 0 continuation(s) 
[2026-06-18T14:30:06.356+0800][58.164s][info][gc,nmethod  ] GC(159) y: NMethods: 104 registered, 8 unregistered
[2026-06-18T14:30:06.357+0800][58.164s][info][gc,metaspace] GC(159) y: Metaspace: 0M used, 0M committed, 1088M reserved
[2026-06-18T14:30:06.357+0800][58.164s][info][gc,reloc    ] GC(159) y:                        Candidates     Selected     In-Place         Size        Empty    Relocated 
[2026-06-18T14:30:06.357+0800][58.165s][info][gc,reloc    ] GC(159) y: Small Pages:                   90           12            0         180M         146M           4M 
[2026-06-18T14:30:06.358+0800][58.165s][info][gc,reloc    ] GC(159) y: Medium Pages:                   5            2            0          40M           8M           2M 
[2026-06-18T14:30:06.358+0800][58.165s][info][gc,reloc    ] GC(159) y: Large Pages:                    6            0            0          12M           0M           0M 
[2026-06-18T14:30:06.358+0800][58.165s][info][gc,reloc    ] GC(159) y: Forwarding Usage: 0M
[2026-06-18T14:30:06.358+0800][58.166s][info][gc,reloc    ] GC(159) y: Age Table:
[2026-06-18T14:30:06.358+0800][58.166s][info][gc,reloc    ] GC(159) y:                    Live             Garbage             Small              Medium             Large        
[2026-06-18T14:30:06.359+0800][58.166s][info][gc,reloc    ] GC(159) y: Eden              22M (9%)          169M (66%)         85 / 12             2 / 1              3 / 0        
[2026-06-18T14:30:06.359+0800][58.166s][info][gc,reloc    ] GC(159) y: Survivor 1         2M (1%)           14M (5%)           3 / 0              1 / 0              1 / 0        
[2026-06-18T14:30:06.359+0800][58.167s][info][gc,reloc    ] GC(159) y: Survivor 2         3M (1%)           10M (4%)           2 / 0              1 / 1              1 / 0        
[2026-06-18T14:30:06.360+0800][58.167s][info][gc,reloc    ] GC(159) y: Survivor 3         2M (1%)            7M (3%)           0 / 0              1 / 0              1 / 0        
[2026-06-18T14:30:06.360+0800][58.167s][info][gc,heap     ] GC(159) y: Min Capacity: 256M(100%)
[2026-06-18T14:30:06.360+0800][58.167s][info][gc,heap     ] GC(159) y: Max Capacity: 256M(100%)
[2026-06-18T14:30:06.360+0800][58.168s][info][gc,heap     ] GC(159) y: Soft Max Capacity: 256M(100%)
[2026-06-18T14:30:06.360+0800][58.168s][info][gc,heap     ] GC(159) y: Heap Statistics:
[2026-06-18T14:30:06.361+0800][58.168s][info][gc,heap     ] GC(159) y:                Mark Start          Mark End        Relocate Start      Relocate End           High               Low         
[2026-06-18T14:30:06.361+0800][58.168s][info][gc,heap     ] GC(159) y:  Capacity:      256M (100%)        256M (100%)        256M (100%)        256M (100%)        256M (100%)        256M (100%)   
[2026-06-18T14:30:06.361+0800][58.169s][info][gc,heap     ] GC(159) y:      Free:       22M (9%)           22M (9%)          176M (69%)         200M (78%)         200M (78%)          22M (9%)     
[2026-06-18T14:30:06.362+0800][58.169s][info][gc,heap     ] GC(159) y:      Used:      234M (91%)         234M (91%)          80M (31%)          56M (22%)         234M (91%)          56M (22%)    
[2026-06-18T14:30:06.362+0800][58.170s][info][gc,heap     ] GC(159) y: Young Generation Statistics:
[2026-06-18T14:30:06.362+0800][58.170s][info][gc,heap     ] GC(159) y:                Mark Start          Mark End        Relocate Start      Relocate End    
[2026-06-18T14:30:06.363+0800][58.170s][info][gc,heap     ] GC(159) y:      Used:      232M (91%)         232M (91%)          76M (30%)          44M (17%)    
[2026-06-18T14:30:06.363+0800][58.170s][info][gc,heap     ] GC(159) y:      Live:         -                30M (12%)          28M (11%)          28M (11%)    
[2026-06-18T14:30:06.363+0800][58.171s][info][gc,heap     ] GC(159) y:   Garbage:         -               201M (79%)          47M (18%)           1M (0%)     
[2026-06-18T14:30:06.363+0800][58.171s][info][gc,heap     ] GC(159) y: Allocated:         -                 0M (0%)            0M (0%)           14M (6%)     
[2026-06-18T14:30:06.364+0800][58.171s][info][gc,heap     ] GC(159) y: Reclaimed:         -                  -               154M (60%)         200M (78%)    
[2026-06-18T14:30:06.364+0800][58.171s][info][gc,heap     ] GC(159) y:  Promoted:         -                  -                 2M (1%)            2M (1%)     
[2026-06-18T14:30:06.364+0800][58.172s][info][gc,heap     ] GC(159) y: Compacted:         -                  -                  -                 9M (4%)     
[2026-06-18T14:30:06.364+0800][58.172s][info][gc,phases   ] GC(159) y: Young Generation 234M(91%)->56M(22%) 0.007s
[2026-06-18T14:30:06.365+0800][58.172s][info][gc          ] GC(159) Minor Collection (High Usage) 232M(91%)->70M(27%) 0.019s
[2026-06-18T14:30:06.786+0800][58.594s][info][gc          ] GC(160) Minor Collection (High Usage)
[2026-06-18T14:30:06.788+0800][58.595s][info][gc,task     ] GC(160) Using 1 Workers for Young Generation
[2026-06-18T14:30:06.788+0800][58.596s][info][gc,phases   ] GC(160) y: Young Generation
[2026-06-18T14:30:06.789+0800][58.596s][info][gc,phases   ] GC(160) y: Pause Mark Start 0.014ms
[2026-06-18T14:30:06.791+0800][58.598s][info][gc,phases   ] GC(160) y: Concurrent Mark 0.748ms
[2026-06-18T14:30:06.792+0800][58.599s][info][gc,phases   ] GC(160) y: Pause Mark End 0.011ms
[2026-06-18T14:30:06.792+0800][58.600s][info][gc,phases   ] GC(160) y: Concurrent Mark Free 0.001ms
[2026-06-18T14:30:06.793+0800][58.600s][info][gc,phases   ] GC(160) y: Concurrent Reset Relocation Set 0.003ms
[2026-06-18T14:30:06.793+0800][58.601s][info][gc,reloc    ] GC(160) y: Using tenuring threshold: 3 (Computed)
[2026-06-18T14:30:06.794+0800][58.601s][info][gc,phases   ] GC(160) y: Concurrent Select Relocation Set 0.693ms
[2026-06-18T14:30:06.794+0800][58.602s][info][gc,phases   ] GC(160) y: Pause Relocate Start 0.008ms
[2026-06-18T14:30:06.797+0800][58.604s][info][gc,phases   ] GC(160) y: Concurrent Relocate 1.618ms
[2026-06-18T14:30:06.797+0800][58.605s][info][gc,alloc    ] GC(160) y:                         Mark Start        Mark End      Relocate Start    Relocate End   
[2026-06-18T14:30:06.798+0800][58.605s][info][gc,alloc    ] GC(160) y: Allocation Stalls:          0                0                0                0         
[2026-06-18T14:30:06.798+0800][58.605s][info][gc,load     ] GC(160) y: Load: 0.26 (1%) / 0.30 (1%) / 0.29 (1%)
[2026-06-18T14:30:06.799+0800][58.606s][info][gc,mmu      ] GC(160) y: MMU: 2ms/97.3%, 5ms/98.6%, 10ms/99.3%, 20ms/99.6%, 50ms/99.8%, 100ms/99.9%
[2026-06-18T14:30:06.799+0800][58.606s][info][gc,marking  ] GC(160) y: Mark: 1 stripe(s), 1 proactive flush(es), 1 terminate flush(es), 0 completion(s), 0 continuation(s) 
[2026-06-18T14:30:06.799+0800][58.606s][info][gc,nmethod  ] GC(160) y: NMethods: 104 registered, 8 unregistered
[2026-06-18T14:30:06.799+0800][58.607s][info][gc,metaspace] GC(160) y: Metaspace: 0M used, 0M committed, 1088M reserved
[2026-06-18T14:30:06.800+0800][58.607s][info][gc,reloc    ] GC(160) y:                        Candidates     Selected     In-Place         Size        Empty    Relocated 
[2026-06-18T14:30:06.800+0800][58.607s][info][gc,reloc    ] GC(160) y: Small Pages:                   83           11            0         166M         134M           4M 
[2026-06-18T14:30:06.800+0800][58.607s][info][gc,reloc    ] GC(160) y: Medium Pages:                   5            1            0          40M          24M           4M 
[2026-06-18T14:30:06.800+0800][58.608s][info][gc,reloc    ] GC(160) y: Large Pages:                    7            0            0          14M           2M           0M 
[2026-06-18T14:30:06.801+0800][58.608s][info][gc,reloc    ] GC(160) y: Forwarding Usage: 0M
[2026-06-18T14:30:06.801+0800][58.608s][info][gc,reloc    ] GC(160) y: Age Table:
[2026-06-18T14:30:06.801+0800][58.608s][info][gc,reloc    ] GC(160) y:                    Live             Garbage             Small              Medium             Large        
[2026-06-18T14:30:06.801+0800][58.609s][info][gc,reloc    ] GC(160) y: Eden              18M (7%)          157M (62%)         78 / 11             2 / 1              2 / 0        
[2026-06-18T14:30:06.801+0800][58.609s][info][gc,reloc    ] GC(160) y: Survivor 1         6M (2%)           26M (10%)          5 / 0              2 / 0              3 / 0        
[2026-06-18T14:30:06.802+0800][58.609s][info][gc,reloc    ] GC(160) y: Survivor 2         2M (1%)            0M (0%)           0 / 0              0 / 0              1 / 0        
[2026-06-18T14:30:06.802+0800][58.610s][info][gc,reloc    ] GC(160) y: Survivor 3          -                10M (4%)           0 / 0              1 / 0              1 / 0        
[2026-06-18T14:30:06.803+0800][58.610s][info][gc,heap     ] GC(160) y: Min Capacity: 256M(100%)
[2026-06-18T14:30:06.803+0800][58.610s][info][gc,heap     ] GC(160) y: Max Capacity: 256M(100%)
[2026-06-18T14:30:06.803+0800][58.611s][info][gc,heap     ] GC(160) y: Soft Max Capacity: 256M(100%)
[2026-06-18T14:30:06.803+0800][58.611s][info][gc,heap     ] GC(160) y: Heap Statistics:
[2026-06-18T14:30:06.804+0800][58.611s][info][gc,heap     ] GC(160) y:                Mark Start          Mark End        Relocate Start      Relocate End           High               Low         
[2026-06-18T14:30:06.804+0800][58.611s][info][gc,heap     ] GC(160) y:  Capacity:      256M (100%)        256M (100%)        256M (100%)        256M (100%)        256M (100%)        256M (100%)   
[2026-06-18T14:30:06.804+0800][58.611s][info][gc,heap     ] GC(160) y:      Free:       24M (9%)           24M (9%)          184M (72%)         212M (83%)         214M (84%)          24M (9%)     
[2026-06-18T14:30:06.804+0800][58.612s][info][gc,heap     ] GC(160) y:      Used:      232M (91%)         232M (91%)          72M (28%)          44M (17%)         232M (91%)          42M (16%)    
[2026-06-18T14:30:06.805+0800][58.612s][info][gc,heap     ] GC(160) y: Young Generation Statistics:
[2026-06-18T14:30:06.805+0800][58.612s][info][gc,heap     ] GC(160) y:                Mark Start          Mark End        Relocate Start      Relocate End    
[2026-06-18T14:30:06.805+0800][58.613s][info][gc,heap     ] GC(160) y:      Used:      220M (86%)         220M (86%)          60M (23%)          32M (12%)    
[2026-06-18T14:30:06.805+0800][58.613s][info][gc,heap     ] GC(160) y:      Live:         -                26M (10%)          26M (10%)          26M (10%)    
[2026-06-18T14:30:06.806+0800][58.613s][info][gc,heap     ] GC(160) y:   Garbage:         -               193M (76%)          33M (13%)           0M (0%)     
[2026-06-18T14:30:06.806+0800][58.613s][info][gc,heap     ] GC(160) y: Allocated:         -                 0M (0%)            0M (0%)            5M (2%)     
[2026-06-18T14:30:06.806+0800][58.614s][info][gc,heap     ] GC(160) y: Reclaimed:         -                  -               160M (62%)         193M (76%)    
[2026-06-18T14:30:06.807+0800][58.614s][info][gc,heap     ] GC(160) y:  Promoted:         -                  -                 0M (0%)            0M (0%)     
[2026-06-18T14:30:06.807+0800][58.614s][info][gc,heap     ] GC(160) y: Compacted:         -                  -                  -                14M (5%)     
[2026-06-18T14:30:06.807+0800][58.615s][info][gc,phases   ] GC(160) y: Young Generation 232M(91%)->44M(17%) 0.009s
[2026-06-18T14:30:06.808+0800][58.615s][info][gc          ] GC(160) Minor Collection (High Usage) 232M(91%)->58M(23%) 0.021s
[2026-06-18T14:30:07.048+0800][58.855s][info][gc          ] GC(161) Major Collection (Proactive)
[2026-06-18T14:30:07.050+0800][58.858s][info][gc,task     ] GC(161) Using 1 Workers for Young Generation
[2026-06-18T14:30:07.068+0800][58.875s][info][gc,task     ] GC(161) Using 1 Workers for Old Generation
[2026-06-18T14:30:07.069+0800][58.877s][info][gc,phases   ] GC(161) Y: Young Generation
[2026-06-18T14:30:07.097+0800][58.904s][info][gc,phases   ] GC(161) Y: Pause Mark Start (Major) 0.021ms
[2026-06-18T14:30:07.099+0800][58.906s][info][gc,phases   ] GC(161) Y: Concurrent Mark 0.606ms
[2026-06-18T14:30:07.100+0800][58.907s][info][gc,phases   ] GC(161) Y: Pause Mark End 0.012ms
[2026-06-18T14:30:07.101+0800][58.908s][info][gc,phases   ] GC(161) Y: Concurrent Mark Free 0.001ms
[2026-06-18T14:30:07.101+0800][58.909s][info][gc,phases   ] GC(161) Y: Concurrent Reset Relocation Set 0.002ms
[2026-06-18T14:30:07.102+0800][58.909s][info][gc,reloc    ] GC(161) Y: Using tenuring threshold: 4 (Computed)
[2026-06-18T14:30:07.103+0800][58.911s][info][gc,phases   ] GC(161) Y: Concurrent Select Relocation Set 1.128ms
[2026-06-18T14:30:07.105+0800][58.912s][info][gc,phases   ] GC(161) Y: Pause Relocate Start 0.011ms
[2026-06-18T14:30:07.107+0800][58.914s][info][gc,phases   ] GC(161) Y: Concurrent Relocate 0.664ms
[2026-06-18T14:30:07.108+0800][58.915s][info][gc,alloc    ] GC(161) Y:                         Mark Start        Mark End      Relocate Start    Relocate End   
[2026-06-18T14:30:07.109+0800][58.917s][info][gc,alloc    ] GC(161) Y: Allocation Stalls:          0                0                0                0         
[2026-06-18T14:30:07.110+0800][58.918s][info][gc,load     ] GC(161) Y: Load: 0.26 (1%) / 0.30 (1%) / 0.29 (1%)
[2026-06-18T14:30:07.111+0800][58.919s][info][gc,mmu      ] GC(161) Y: MMU: 2ms/97.3%, 5ms/98.6%, 10ms/99.3%, 20ms/99.6%, 50ms/99.8%, 100ms/99.9%
[2026-06-18T14:30:07.112+0800][58.920s][info][gc,marking  ] GC(161) Y: Mark: 1 stripe(s), 1 proactive flush(es), 1 terminate flush(es), 0 completion(s), 0 continuation(s) 
[2026-06-18T14:30:07.114+0800][58.921s][info][gc,nmethod  ] GC(161) Y: NMethods: 105 registered, 8 unregistered
[2026-06-18T14:30:07.115+0800][58.922s][info][gc,metaspace] GC(161) Y: Metaspace: 0M used, 0M committed, 1088M reserved
[2026-06-18T14:30:07.116+0800][58.924s][info][gc,reloc    ] GC(161) Y:                        Candidates     Selected     In-Place         Size        Empty    Relocated 
[2026-06-18T14:30:07.117+0800][58.925s][info][gc,reloc    ] GC(161) Y: Small Pages:                   59           10            0         118M          90M           3M 
[2026-06-18T14:30:07.129+0800][58.936s][info][gc,reloc    ] GC(161) Y: Medium Pages:                   3            0            0          24M           8M           0M 
[2026-06-18T14:30:07.132+0800][58.940s][info][gc,reloc    ] GC(161) Y: Large Pages:                    7            0            0          14M           0M           0M 
[2026-06-18T14:30:07.134+0800][58.941s][info][gc,reloc    ] GC(161) Y: Forwarding Usage: 0M
[2026-06-18T14:30:07.139+0800][58.947s][info][gc,reloc    ] GC(161) Y: Age Table:
[2026-06-18T14:30:07.141+0800][58.949s][info][gc,reloc    ] GC(161) Y:                    Live             Garbage             Small              Medium             Large        
[2026-06-18T14:30:07.143+0800][58.951s][info][gc,reloc    ] GC(161) Y: Eden              17M (7%)          108M (43%)         54 / 10             2 / 0              1 / 0        
[2026-06-18T14:30:07.148+0800][58.955s][info][gc,reloc    ] GC(161) Y: Survivor 1         4M (2%)           18M (7%)           5 / 0              1 / 0              2 / 0        
[2026-06-18T14:30:07.152+0800][58.959s][info][gc,reloc    ] GC(161) Y: Survivor 2         6M (2%)            0M (0%)           0 / 0              0 / 0              3 / 0        
[2026-06-18T14:30:07.154+0800][58.962s][info][gc,reloc    ] GC(161) Y: Survivor 3         2M (1%)            0M (0%)           0 / 0              0 / 0              1 / 0        
[2026-06-18T14:30:07.171+0800][58.978s][info][gc,heap     ] GC(161) Y: Min Capacity: 256M(100%)
[2026-06-18T14:30:07.175+0800][58.982s][info][gc,heap     ] GC(161) Y: Max Capacity: 256M(100%)
[2026-06-18T14:30:07.177+0800][58.984s][info][gc,heap     ] GC(161) Y: Soft Max Capacity: 256M(100%)
[2026-06-18T14:30:07.178+0800][58.986s][info][gc,heap     ] GC(161) Y: Heap Statistics:
[2026-06-18T14:30:07.184+0800][58.991s][info][gc,heap     ] GC(161) Y:                Mark Start          Mark End        Relocate Start      Relocate End           High               Low         
[2026-06-18T14:30:07.187+0800][58.994s][info][gc,heap     ] GC(161) Y:  Capacity:      256M (100%)        256M (100%)        256M (100%)        256M (100%)        256M (100%)        256M (100%)   
[2026-06-18T14:30:07.188+0800][58.996s][info][gc,heap     ] GC(161) Y:      Free:       88M (34%)          88M (34%)         182M (71%)         202M (79%)         202M (79%)          84M (33%)    
[2026-06-18T14:30:07.193+0800][59.000s][info][gc,heap     ] GC(161) Y:      Used:      168M (66%)         168M (66%)          74M (29%)          54M (21%)         172M (67%)          54M (21%)    
[2026-06-18T14:30:07.202+0800][59.009s][info][gc,heap     ] GC(161) Y: Young Generation Statistics:
[2026-06-18T14:30:07.212+0800][59.020s][info][gc,heap     ] GC(161) Y:                Mark Start          Mark End        Relocate Start      Relocate End    
[2026-06-18T14:30:07.216+0800][59.024s][info][gc,heap     ] GC(161) Y:      Used:      156M (61%)         156M (61%)          62M (24%)          42M (16%)    
[2026-06-18T14:30:07.218+0800][59.025s][info][gc,heap     ] GC(161) Y:      Live:         -                29M (11%)          29M (11%)          29M (11%)    
[2026-06-18T14:30:07.219+0800][59.026s][info][gc,heap     ] GC(161) Y:   Garbage:         -               126M (50%)          28M (11%)           8M (3%)     
[2026-06-18T14:30:07.221+0800][59.028s][info][gc,heap     ] GC(161) Y: Allocated:         -                 0M (0%)            4M (2%)            4M (2%)     
[2026-06-18T14:30:07.222+0800][59.030s][info][gc,heap     ] GC(161) Y: Reclaimed:         -                  -                98M (38%)         118M (46%)    
[2026-06-18T14:30:07.224+0800][59.032s][info][gc,heap     ] GC(161) Y:  Promoted:         -                  -                 0M (0%)            0M (0%)     
[2026-06-18T14:30:07.225+0800][59.033s][info][gc,heap     ] GC(161) Y: Compacted:         -                  -                  -                 5M (2%)     
[2026-06-18T14:30:07.227+0800][59.034s][info][gc,phases   ] GC(161) Y: Young Generation 168M(66%)->54M(21%) 0.039s
[2026-06-18T14:30:07.227+0800][59.035s][info][gc,phases   ] GC(161) O: Old Generation
[2026-06-18T14:30:07.231+0800][59.039s][info][gc,phases   ] GC(161) O: Concurrent Mark 1.468ms
[2026-06-18T14:30:07.232+0800][59.040s][info][gc,phases   ] GC(161) O: Pause Mark End 0.012ms
[2026-06-18T14:30:07.236+0800][59.044s][info][gc,phases   ] GC(161) O: Concurrent Mark Free 0.004ms
[2026-06-18T14:30:07.239+0800][59.046s][info][gc,phases   ] GC(161) O: Concurrent Process Non-Strong 0.347ms
[2026-06-18T14:30:07.240+0800][59.048s][info][gc,phases   ] GC(161) O: Concurrent Reset Relocation Set 0.000ms
[2026-06-18T14:30:07.243+0800][59.050s][info][gc,phases   ] GC(161) O: Concurrent Select Relocation Set 0.081ms
[2026-06-18T14:30:07.246+0800][59.054s][info][gc,task     ] GC(161) O: Using 2 Workers for Old Generation
[2026-06-18T14:30:07.249+0800][59.056s][info][gc,task     ] GC(161) O: Using 1 Workers for Old Generation
[2026-06-18T14:30:07.250+0800][59.057s][info][gc,phases   ] GC(161) O: Concurrent Remap Roots 3.455ms
[2026-06-18T14:30:07.251+0800][59.058s][info][gc,phases   ] GC(161) O: Pause Relocate Start 0.011ms
[2026-06-18T14:30:07.252+0800][59.059s][info][gc,phases   ] GC(161) O: Concurrent Relocate 0.097ms
[2026-06-18T14:30:07.253+0800][59.061s][info][gc,alloc    ] GC(161) O:                         Mark Start        Mark End      Relocate Start    Relocate End   
[2026-06-18T14:30:07.254+0800][59.062s][info][gc,alloc    ] GC(161) O: Allocation Stalls:          0                0                0                0         
[2026-06-18T14:30:07.256+0800][59.063s][info][gc,load     ] GC(161) O: Load: 0.26 (1%) / 0.30 (1%) / 0.29 (1%)
[2026-06-18T14:30:07.257+0800][59.064s][info][gc,mmu      ] GC(161) O: MMU: 2ms/97.3%, 5ms/98.6%, 10ms/99.3%, 20ms/99.6%, 50ms/99.8%, 100ms/99.9%
[2026-06-18T14:30:07.258+0800][59.065s][info][gc,marking  ] GC(161) O: Mark: 1 stripe(s), 2 proactive flush(es), 1 terminate flush(es), 0 completion(s), 0 continuation(s) 
[2026-06-18T14:30:07.259+0800][59.066s][info][gc,nmethod  ] GC(161) O: NMethods: 104 registered, 9 unregistered
[2026-06-18T14:30:07.260+0800][59.068s][info][gc,metaspace] GC(161) O: Metaspace: 0M used, 0M committed, 1088M reserved
[2026-06-18T14:30:07.262+0800][59.069s][info][gc,ref      ] GC(161) O:                       Encountered   Discovered     Enqueued 
[2026-06-18T14:30:07.263+0800][59.070s][info][gc,ref      ] GC(161) O: Soft References:                2            0            0 
[2026-06-18T14:30:07.264+0800][59.072s][info][gc,ref      ] GC(161) O: Weak References:                6            0            0 
[2026-06-18T14:30:07.265+0800][59.073s][info][gc,ref      ] GC(161) O: Final References:               0            0            0 
[2026-06-18T14:30:07.267+0800][59.074s][info][gc,ref      ] GC(161) O: Phantom References:             1            1            0 
[2026-06-18T14:30:07.267+0800][59.075s][info][gc,reloc    ] GC(161) O:                        Candidates     Selected     In-Place         Size        Empty    Relocated 
[2026-06-18T14:30:07.268+0800][59.076s][info][gc,reloc    ] GC(161) O: Small Pages:                    1            0            0           2M           0M           0M 
[2026-06-18T14:30:07.269+0800][59.077s][info][gc,reloc    ] GC(161) O: Medium Pages:                   1            0            0           8M           8M           0M 
[2026-06-18T14:30:07.270+0800][59.078s][info][gc,reloc    ] GC(161) O: Large Pages:                    1            0            0           2M           2M           0M 
[2026-06-18T14:30:07.271+0800][59.079s][info][gc,reloc    ] GC(161) O: Forwarding Usage: 0M
[2026-06-18T14:30:07.272+0800][59.080s][info][gc,heap     ] GC(161) O: Min Capacity: 256M(100%)
[2026-06-18T14:30:07.273+0800][59.081s][info][gc,heap     ] GC(161) O: Max Capacity: 256M(100%)
[2026-06-18T14:30:07.277+0800][59.085s][info][gc,heap     ] GC(161) O: Soft Max Capacity: 256M(100%)
[2026-06-18T14:30:07.278+0800][59.085s][info][gc,heap     ] GC(161) O: Heap Statistics:
[2026-06-18T14:30:07.279+0800][59.086s][info][gc,heap     ] GC(161) O:                Mark Start          Mark End        Relocate Start      Relocate End           High               Low         
[2026-06-18T14:30:07.280+0800][59.087s][info][gc,heap     ] GC(161) O:  Capacity:      256M (100%)        256M (100%)        256M (100%)        256M (100%)        256M (100%)        256M (100%)   
[2026-06-18T14:30:07.281+0800][59.088s][info][gc,heap     ] GC(161) O:      Free:       88M (34%)         150M (59%)         152M (59%)         152M (59%)         202M (79%)          84M (33%)    
[2026-06-18T14:30:07.281+0800][59.089s][info][gc,heap     ] GC(161) O:      Used:      168M (66%)         106M (41%)         104M (41%)         104M (41%)         172M (67%)          54M (21%)    
[2026-06-18T14:30:07.282+0800][59.090s][info][gc,heap     ] GC(161) O: Old Generation Statistics:
[2026-06-18T14:30:07.283+0800][59.090s][info][gc,heap     ] GC(161) O:                Mark Start          Mark End        Relocate Start      Relocate End    
[2026-06-18T14:30:07.284+0800][59.091s][info][gc,heap     ] GC(161) O:      Used:       12M (5%)           12M (5%)            2M (1%)            2M (1%)     
[2026-06-18T14:30:07.285+0800][59.092s][info][gc,heap     ] GC(161) O:      Live:         -                 0M (0%)            0M (0%)            0M (0%)     
[2026-06-18T14:30:07.286+0800][59.093s][info][gc,heap     ] GC(161) O:   Garbage:         -                11M (4%)            1M (1%)            1M (1%)     
[2026-06-18T14:30:07.287+0800][59.094s][info][gc,heap     ] GC(161) O: Allocated:         -                 0M (0%)            0M (0%)            0M (0%)     
[2026-06-18T14:30:07.288+0800][59.095s][info][gc,heap     ] GC(161) O: Reclaimed:         -                  -                10M (4%)           10M (4%)     
[2026-06-18T14:30:07.289+0800][59.096s][info][gc,heap     ] GC(161) O: Compacted:         -                  -                  -                 0M (0%)     
[2026-06-18T14:30:07.290+0800][59.097s][info][gc,phases   ] GC(161) O: Old Generation 106M(41%)->104M(41%) 0.026s
[2026-06-18T14:30:07.291+0800][59.098s][info][gc          ] GC(161) Major Collection (Proactive) 142M(55%)->118M(46%) 0.243s
[2026-06-18T14:30:08.470+0800][60.277s][info][gc,exit     ] Stopping ZGC
[2026-06-18T14:30:08.471+0800][60.279s][info][gc,stats    ] === Garbage Collection Statistics =======================================================================================================================
[2026-06-18T14:30:08.472+0800][60.280s][info][gc,stats    ]                                                              Last 10s              Last 10m              Last 10h                Total
[2026-06-18T14:30:08.473+0800][60.281s][info][gc,stats    ]                                                              Avg / Max             Avg / Max             Avg / Max             Avg / Max
[2026-06-18T14:30:08.474+0800][60.281s][info][gc,stats    ]        Contention: Mark Segment Reset Contention                     0 / 0                 0 / 1                 0 / 1                 0 / 1           ops/s
[2026-06-18T14:30:08.475+0800][60.282s][info][gc,stats    ]        Contention: Mark SeqNum Reset Contention                      0 / 0                 0 / 1                 0 / 1                 0 / 1           ops/s
[2026-06-18T14:30:08.475+0800][60.282s][info][gc,stats    ]          Critical: Allocation Stall                                  0 / 1                 0 / 1                 0 / 1                 0 / 1           ops/s
[2026-06-18T14:30:08.476+0800][60.283s][info][gc,stats    ]          Critical: Allocation Stall                            334.551 / 334.551     215.530 / 587.447     215.530 / 587.447     215.530 / 587.447     ms
[2026-06-18T14:30:08.477+0800][60.284s][info][gc,stats    ]          Critical: JNI Critical Stall                                0 / 0                 0 / 0                 0 / 0                 0 / 0           ops/s
[2026-06-18T14:30:08.477+0800][60.284s][info][gc,stats    ]          Critical: JNI Critical Stall                            0.000 / 0.000         0.000 / 0.000         0.000 / 0.000         0.000 / 0.000       ms
[2026-06-18T14:30:08.478+0800][60.285s][info][gc,stats    ]          Critical: Relocation Stall                                  0 / 0                 0 / 0                 0 / 0                 0 / 0           ops/s
[2026-06-18T14:30:08.478+0800][60.285s][info][gc,stats    ]          Critical: Relocation Stall                              0.000 / 0.000         0.000 / 0.000         0.000 / 0.000         0.000 / 0.000       ms
[2026-06-18T14:30:08.478+0800][60.286s][info][gc,stats    ]  Major Collection: Major Collection                             81.472 / 243.020      66.493 / 259.939      66.493 / 259.939      66.493 / 259.939     ms
[2026-06-18T14:30:08.479+0800][60.286s][info][gc,stats    ]            Memory: Allocation Rate                                 363 / 422             390 / 428             390 / 428             390 / 428         MB/s
[2026-06-18T14:30:08.479+0800][60.286s][info][gc,stats    ]            Memory: Defragment                                        0 / 0                 0 / 0                 0 / 0                 0 / 0           ops/s
[2026-06-18T14:30:08.479+0800][60.286s][info][gc,stats    ]            Memory: Mapped Cache Harvest                              0 / 0                 0 / 0                 0 / 0                 0 / 0           MB/s
[2026-06-18T14:30:08.479+0800][60.287s][info][gc,stats    ]            Memory: Out Of Memory                                     0 / 0                 0 / 0                 0 / 0                 0 / 0           ops/s
[2026-06-18T14:30:08.480+0800][60.287s][info][gc,stats    ]            Memory: Uncommit                                          0 / 0                 0 / 0                 0 / 0                 0 / 0           MB/s
[2026-06-18T14:30:08.480+0800][60.287s][info][gc,stats    ]            Memory: Undo Object Allocation Failed                     0 / 0                 0 / 0                 0 / 0                 0 / 0           ops/s
[2026-06-18T14:30:08.481+0800][60.288s][info][gc,stats    ]            Memory: Undo Object Allocation Succeeded                  0 / 1                 0 / 1                 0 / 1                 0 / 1           ops/s
[2026-06-18T14:30:08.481+0800][60.288s][info][gc,stats    ]            Memory: Undo Page Allocation                              0 / 0                 0 / 0                 0 / 0                 0 / 0           ops/s
[2026-06-18T14:30:08.482+0800][60.289s][info][gc,stats    ]  Minor Collection: Minor Collection                             59.075 / 463.514      58.319 / 972.711      58.319 / 972.711      58.319 / 972.711     ms
[2026-06-18T14:30:08.483+0800][60.290s][info][gc,stats    ]    Old Generation: Old Generation                               10.119 / 25.771        9.094 / 39.475        9.094 / 39.475        9.094 / 39.475      ms
[2026-06-18T14:30:08.485+0800][60.292s][info][gc,stats    ]         Old Pause: Pause Mark End                                0.011 / 0.013         0.011 / 0.018         0.011 / 0.018         0.011 / 0.018       ms
[2026-06-18T14:30:08.486+0800][60.293s][info][gc,stats    ]         Old Pause: Pause Relocate Start                          0.008 / 0.011         0.008 / 0.014         0.008 / 0.014         0.008 / 0.014       ms
[2026-06-18T14:30:08.487+0800][60.294s][info][gc,stats    ]         Old Phase: Concurrent Mark                               1.076 / 1.468         0.976 / 1.904         0.976 / 1.904         0.976 / 1.904       ms
[2026-06-18T14:30:08.487+0800][60.295s][info][gc,stats    ]         Old Phase: Concurrent Mark Continue                      0.000 / 0.000         0.000 / 0.000         0.000 / 0.000         0.000 / 0.000       ms
[2026-06-18T14:30:08.489+0800][60.296s][info][gc,stats    ]         Old Phase: Concurrent Mark Free                          0.002 / 0.004         0.002 / 0.006         0.002 / 0.006         0.002 / 0.006       ms
[2026-06-18T14:30:08.489+0800][60.297s][info][gc,stats    ]         Old Phase: Concurrent Process Non-Strong                 0.341 / 0.478         0.331 / 0.478         0.331 / 0.478         0.331 / 0.478       ms
[2026-06-18T14:30:08.490+0800][60.298s][info][gc,stats    ]         Old Phase: Concurrent Relocate                           0.074 / 0.097         0.191 / 1.257         0.191 / 1.257         0.191 / 1.257       ms
[2026-06-18T14:30:08.491+0800][60.298s][info][gc,stats    ]         Old Phase: Concurrent Remap Roots                        1.310 / 3.455         1.521 / 11.230        1.521 / 11.230        1.521 / 11.230      ms
[2026-06-18T14:30:08.492+0800][60.299s][info][gc,stats    ]         Old Phase: Concurrent Reset Relocation Set               0.001 / 0.001         0.001 / 0.030         0.001 / 0.030         0.001 / 0.030       ms
[2026-06-18T14:30:08.492+0800][60.300s][info][gc,stats    ]         Old Phase: Concurrent Select Relocation Set              0.062 / 0.081         0.061 / 0.141         0.061 / 0.141         0.061 / 0.141       ms
[2026-06-18T14:30:08.493+0800][60.300s][info][gc,stats    ]      Old Subphase: Concurrent Classes Purge                      0.014 / 0.017         0.015 / 0.031         0.015 / 0.031         0.015 / 0.031       ms
[2026-06-18T14:30:08.494+0800][60.301s][info][gc,stats    ]      Old Subphase: Concurrent Classes Unlink                     0.117 / 0.141         0.107 / 0.141         0.107 / 0.141         0.107 / 0.141       ms
[2026-06-18T14:30:08.497+0800][60.305s][info][gc,stats    ]      Old Subphase: Concurrent Mark Follow                        0.962 / 1.293         0.873 / 1.742         0.873 / 1.742         0.873 / 1.742       ms
[2026-06-18T14:30:08.499+0800][60.306s][info][gc,stats    ]      Old Subphase: Concurrent Mark Root Colored                  0.007 / 0.010         0.008 / 0.028         0.008 / 0.028         0.008 / 0.028       ms
[2026-06-18T14:30:08.499+0800][60.307s][info][gc,stats    ]      Old Subphase: Concurrent Mark Root Uncolored                0.037 / 0.059         0.035 / 0.059         0.035 / 0.059         0.035 / 0.059       ms
[2026-06-18T14:30:08.500+0800][60.307s][info][gc,stats    ]      Old Subphase: Concurrent Mark Roots                         0.110 / 0.169         0.099 / 0.169         0.099 / 0.169         0.099 / 0.169       ms
[2026-06-18T14:30:08.503+0800][60.310s][info][gc,stats    ]      Old Subphase: Concurrent References Enqueue                 0.000 / 0.000         0.000 / 0.001         0.000 / 0.001         0.000 / 0.001       ms
[2026-06-18T14:30:08.505+0800][60.313s][info][gc,stats    ]      Old Subphase: Concurrent References Process                 0.046 / 0.074         0.048 / 0.161         0.048 / 0.161         0.048 / 0.161       ms
[2026-06-18T14:30:08.506+0800][60.313s][info][gc,stats    ]      Old Subphase: Concurrent Remap Remembered                   0.007 / 0.024         0.010 / 0.043         0.010 / 0.043         0.010 / 0.043       ms
[2026-06-18T14:30:08.506+0800][60.314s][info][gc,stats    ]      Old Subphase: Concurrent Remap Roots Colored                0.025 / 0.045         0.026 / 0.064         0.026 / 0.064         0.026 / 0.064       ms
[2026-06-18T14:30:08.507+0800][60.314s][info][gc,stats    ]      Old Subphase: Concurrent Remap Roots Uncolored              0.020 / 0.039         0.019 / 0.039         0.019 / 0.039         0.019 / 0.039       ms
[2026-06-18T14:30:08.507+0800][60.314s][info][gc,stats    ]      Old Subphase: Concurrent Roots ClassLoaderDataGraph         0.016 / 0.032         0.015 / 0.055         0.015 / 0.055         0.015 / 0.055       ms
[2026-06-18T14:30:08.507+0800][60.315s][info][gc,stats    ]      Old Subphase: Concurrent Roots CodeCache                    0.020 / 0.036         0.017 / 0.036         0.017 / 0.036         0.017 / 0.036       ms
[2026-06-18T14:30:08.508+0800][60.315s][info][gc,stats    ]      Old Subphase: Concurrent Roots JavaThreads                  0.012 / 0.058         0.011 / 0.058         0.011 / 0.058         0.011 / 0.058       ms
[2026-06-18T14:30:08.508+0800][60.315s][info][gc,stats    ]      Old Subphase: Concurrent Roots OopStorageSet                0.003 / 0.006         0.003 / 0.012         0.003 / 0.012         0.003 / 0.012       ms
[2026-06-18T14:30:08.508+0800][60.316s][info][gc,stats    ]      Old Subphase: Concurrent Weak Roots OopStorageSet           0.014 / 0.031         0.015 / 0.065         0.015 / 0.065         0.015 / 0.065       ms
[2026-06-18T14:30:08.508+0800][60.316s][info][gc,stats    ]            System: Java Threads                                     11 / 11               10 / 12               10 / 12               10 / 12          threads
[2026-06-18T14:30:08.509+0800][60.316s][info][gc,stats    ]  Young Generation: Young Generation                             15.356 / 38.922       10.620 / 38.922       10.620 / 38.922       10.620 / 38.922      ms
[2026-06-18T14:30:08.509+0800][60.316s][info][gc,stats    ]  Young Generation: Young Generation                             12.488 / 42.567       16.412 / 288.742      16.412 / 288.742      16.412 / 288.742     ms
[2026-06-18T14:30:08.509+0800][60.317s][info][gc,stats    ]  Young Generation: Young Generation (Collect Roots)              0.000 / 0.000        10.856 / 26.121       10.856 / 26.121       10.856 / 26.121      ms
[2026-06-18T14:30:08.509+0800][60.317s][info][gc,stats    ]  Young Generation: Young Generation (Promote All)                0.000 / 0.000        15.589 / 23.619       15.589 / 23.619       15.589 / 23.619      ms
[2026-06-18T14:30:08.510+0800][60.317s][info][gc,stats    ]       Young Pause: Pause Mark End                                0.011 / 0.024         0.010 / 0.024         0.010 / 0.024         0.010 / 0.024       ms
[2026-06-18T14:30:08.510+0800][60.317s][info][gc,stats    ]       Young Pause: Pause Mark Start                              0.013 / 0.022         0.015 / 0.054         0.015 / 0.054         0.015 / 0.054       ms
[2026-06-18T14:30:08.510+0800][60.318s][info][gc,stats    ]       Young Pause: Pause Mark Start (Major)                      0.016 / 0.021         0.017 / 0.044         0.017 / 0.044         0.017 / 0.044       ms
[2026-06-18T14:30:08.510+0800][60.318s][info][gc,stats    ]       Young Pause: Pause Relocate Start                          0.010 / 0.024         0.009 / 0.025         0.009 / 0.025         0.009 / 0.025       ms
[2026-06-18T14:30:08.511+0800][60.318s][info][gc,stats    ]       Young Phase: Concurrent Mark                               0.795 / 5.012         0.733 / 10.808        0.733 / 10.808        0.733 / 10.808      ms
[2026-06-18T14:30:08.511+0800][60.318s][info][gc,stats    ]       Young Phase: Concurrent Mark Continue                      0.000 / 0.000         0.000 / 0.000         0.000 / 0.000         0.000 / 0.000       ms
[2026-06-18T14:30:08.511+0800][60.319s][info][gc,stats    ]       Young Phase: Concurrent Mark Free                          0.002 / 0.015         0.002 / 0.015         0.002 / 0.015         0.002 / 0.015       ms
[2026-06-18T14:30:08.512+0800][60.319s][info][gc,stats    ]       Young Phase: Concurrent Relocate                           0.980 / 1.618         0.969 / 1.961         0.969 / 1.961         0.969 / 1.961       ms
[2026-06-18T14:30:08.512+0800][60.319s][info][gc,stats    ]       Young Phase: Concurrent Reset Relocation Set               0.003 / 0.007         0.002 / 0.008         0.002 / 0.008         0.002 / 0.008       ms
[2026-06-18T14:30:08.512+0800][60.320s][info][gc,stats    ]       Young Phase: Concurrent Select Relocation Set              1.174 / 8.283         1.161 / 14.720        1.161 / 14.720        1.161 / 14.720      ms
[2026-06-18T14:30:08.513+0800][60.320s][info][gc,stats    ]    Young Subphase: Concurrent Mark Follow                        0.587 / 4.849         0.411 / 4.849         0.411 / 4.849         0.411 / 4.849       ms
[2026-06-18T14:30:08.513+0800][60.320s][info][gc,stats    ]    Young Subphase: Concurrent Mark Root Colored                  0.050 / 0.095         0.056 / 0.321         0.056 / 0.321         0.056 / 0.321       ms
[2026-06-18T14:30:08.513+0800][60.320s][info][gc,stats    ]    Young Subphase: Concurrent Mark Root Uncolored                0.077 / 0.122         0.073 / 0.209         0.073 / 0.209         0.073 / 0.209       ms
[2026-06-18T14:30:08.513+0800][60.321s][info][gc,stats    ]    Young Subphase: Concurrent Mark Roots                         0.205 / 0.302         0.319 / 10.322        0.319 / 10.322        0.319 / 10.322      ms
[2026-06-18T14:30:08.514+0800][60.321s][info][gc,stats    ]    Young Subphase: Concurrent Relocate Remset FP                 0.041 / 0.100         0.042 / 0.171         0.042 / 0.171         0.042 / 0.171       ms
[2026-06-18T14:30:08.514+0800][60.321s][info][gc,stats    ]    Young Subphase: Concurrent Roots ClassLoaderDataGraph         0.022 / 0.061         0.027 / 0.228         0.027 / 0.228         0.027 / 0.228       ms
[2026-06-18T14:30:08.514+0800][60.321s][info][gc,stats    ]    Young Subphase: Concurrent Roots CodeCache                    0.030 / 0.045         0.028 / 0.110         0.028 / 0.110         0.028 / 0.110       ms
[2026-06-18T14:30:08.514+0800][60.322s][info][gc,stats    ]    Young Subphase: Concurrent Roots JavaThreads                  0.024 / 0.086         0.024 / 0.125         0.024 / 0.125         0.024 / 0.125       ms
[2026-06-18T14:30:08.514+0800][60.322s][info][gc,stats    ]    Young Subphase: Concurrent Roots OopStorageSet                0.003 / 0.005         0.004 / 0.038         0.004 / 0.038         0.004 / 0.038       ms
[2026-06-18T14:30:08.515+0800][60.322s][info][gc,stats    ]    Young Subphase: Concurrent Weak Roots OopStorageSet           0.023 / 0.042         0.026 / 0.150         0.026 / 0.150         0.026 / 0.150       ms
[2026-06-18T14:30:08.515+0800][60.322s][info][gc,stats    ] =========================================================================================================================================================
[2026-06-18T14:30:08.515+0800][60.323s][info][gc,exit     ] Heap
[2026-06-18T14:30:08.516+0800][60.323s][info][gc,exit     ]  ZHeap           used 188M, capacity 256M, max capacity 256M
[2026-06-18T14:30:08.516+0800][60.323s][info][gc,exit     ]   Cache          68M (3)
[2026-06-18T14:30:08.516+0800][60.323s][info][gc,exit     ]    size classes  2M (1), 16M (1), 32M (1)
[2026-06-18T14:30:08.516+0800][60.324s][info][gc,exit     ]  Metaspace       used 173K, committed 384K, reserved 1114112K
[2026-06-18T14:30:08.517+0800][60.324s][info][gc,exit     ]   class space    used 7K, committed 128K, reserved 1048576K
