[2026-06-17T10:03:04.749+0800][0.004s][info][gc,init] Initializing The Z Garbage Collector
[2026-06-17T10:03:04.750+0800][0.004s][info][gc,init] Version: 21.0.11+10-LTS (release)
[2026-06-17T10:03:04.750+0800][0.004s][info][gc,init] Using legacy single-generation mode
[2026-06-17T10:03:04.750+0800][0.004s][info][gc,init] NUMA Support: Disabled
[2026-06-17T10:03:04.750+0800][0.004s][info][gc,init] CPUs: 24 total, 24 available
[2026-06-17T10:03:04.750+0800][0.005s][info][gc,init] Memory: 15856M
[2026-06-17T10:03:04.750+0800][0.005s][info][gc,init] Large Page Support: Disabled
[2026-06-17T10:03:04.750+0800][0.005s][info][gc,init] GC Workers: 1 (dynamic)
[2026-06-17T10:03:04.751+0800][0.005s][info][gc,init] Address Space Type: Contiguous/Unrestricted/Complete
[2026-06-17T10:03:04.751+0800][0.005s][info][gc,init] Address Space Size: 1024M x 3 = 3072M
[2026-06-17T10:03:04.751+0800][0.005s][info][gc,init] Heap Backing File: /memfd:java_heap
[2026-06-17T10:03:04.751+0800][0.006s][info][gc,init] Heap Backing Filesystem: tmpfs (0x1021994)
[2026-06-17T10:03:04.751+0800][0.006s][info][gc,init] Min Capacity: 64M
[2026-06-17T10:03:04.751+0800][0.006s][info][gc,init] Initial Capacity: 64M
[2026-06-17T10:03:04.751+0800][0.006s][info][gc,init] Max Capacity: 64M
[2026-06-17T10:03:04.752+0800][0.006s][info][gc,init] Medium Page Size: N/A
[2026-06-17T10:03:04.752+0800][0.006s][info][gc,init] Pre-touch: Disabled
[2026-06-17T10:03:04.752+0800][0.006s][info][gc,init] Available space on backing filesystem: N/A
[2026-06-17T10:03:04.752+0800][0.006s][info][gc,init] Uncommit: Implicitly Disabled (-Xms equals -Xmx)
[2026-06-17T10:03:04.762+0800][0.016s][info][gc,init] Runtime Workers: 1
[2026-06-17T10:03:04.762+0800][0.017s][info][gc     ] Using The Z Garbage Collector
[2026-06-17T10:03:04.766+0800][0.021s][info][gc,metaspace] CDS archive(s) mapped at: [0x000077d0c7000000-0x000077d0c7bad000-0x000077d0c7bad000), size 12242944, SharedBaseAddress: 0x000077d0c7000000, ArchiveRelocationMode: 1.
[2026-06-17T10:03:04.767+0800][0.021s][info][gc,metaspace] Compressed class space mapped at: 0x000077d0c8000000-0x000077d108000000, reserved size: 1073741824
[2026-06-17T10:03:04.767+0800][0.021s][info][gc,metaspace] Narrow klass base: 0x000077d0c7000000, Narrow klass shift: 0, Narrow klass range: 0x100000000
[2026-06-17T10:03:04.872+0800][0.127s][info][gc,start    ] GC(0) Garbage Collection (Warmup)
[2026-06-17T10:03:04.873+0800][0.127s][info][gc,task     ] GC(0) Using 1 workers
[2026-06-17T10:03:04.874+0800][0.128s][info][gc,phases   ] GC(0) Pause Mark Start 0.015ms
[2026-06-17T10:03:04.877+0800][0.131s][info][gc,phases   ] GC(0) Concurrent Mark 2.601ms
[2026-06-17T10:03:04.877+0800][0.132s][info][gc,phases   ] GC(0) Pause Mark End 0.010ms
[2026-06-17T10:03:04.878+0800][0.132s][info][gc,phases   ] GC(0) Concurrent Mark Free 0.001ms
[2026-06-17T10:03:04.879+0800][0.133s][info][gc,phases   ] GC(0) Concurrent Process Non-Strong References 0.740ms
[2026-06-17T10:03:04.879+0800][0.134s][info][gc,phases   ] GC(0) Concurrent Reset Relocation Set 0.001ms
[2026-06-17T10:03:04.884+0800][0.138s][info][gc,phases   ] GC(0) Concurrent Select Relocation Set 4.032ms
[2026-06-17T10:03:04.886+0800][0.141s][info][gc,phases   ] GC(0) Pause Relocate Start 0.007ms
[2026-06-17T10:03:04.889+0800][0.144s][info][gc,phases   ] GC(0) Concurrent Relocate 0.885ms
[2026-06-17T10:03:04.891+0800][0.146s][info][gc,load     ] GC(0) Load: 0.27/0.41/0.50
[2026-06-17T10:03:04.894+0800][0.148s][info][gc,mmu      ] GC(0) MMU: 2ms/99.3%, 5ms/99.5%, 10ms/99.8%, 20ms/99.8%, 50ms/99.9%, 100ms/100.0%
[2026-06-17T10:03:04.894+0800][0.149s][info][gc,marking  ] GC(0) Mark: 1 stripe(s), 1 proactive flush(es), 1 terminate flush(es), 0 completion(s), 0 continuation(s) 
[2026-06-17T10:03:04.895+0800][0.149s][info][gc,marking  ] GC(0) Mark Stack Usage: 32M
[2026-06-17T10:03:04.895+0800][0.150s][info][gc,nmethod  ] GC(0) NMethods: 66 registered, 2 unregistered
[2026-06-17T10:03:04.896+0800][0.150s][info][gc,metaspace] GC(0) Metaspace: 0M used, 0M committed, 1088M reserved
[2026-06-17T10:03:04.898+0800][0.152s][info][gc,ref      ] GC(0) Soft: 2 encountered, 0 discovered, 0 enqueued
[2026-06-17T10:03:04.898+0800][0.153s][info][gc,ref      ] GC(0) Weak: 6 encountered, 0 discovered, 0 enqueued
[2026-06-17T10:03:04.899+0800][0.153s][info][gc,ref      ] GC(0) Final: 0 encountered, 0 discovered, 0 enqueued
[2026-06-17T10:03:04.899+0800][0.154s][info][gc,ref      ] GC(0) Phantom: 1 encountered, 0 discovered, 0 enqueued
[2026-06-17T10:03:04.900+0800][0.154s][info][gc,reloc    ] GC(0) Small Pages: 15 / 30M, Empty: 20M, Relocated: 2M, In-Place: 0
[2026-06-17T10:03:04.900+0800][0.155s][info][gc,reloc    ] GC(0) Large Pages: 11 / 22M, Empty: 0M, Relocated: 0M, In-Place: 0
[2026-06-17T10:03:04.901+0800][0.155s][info][gc,reloc    ] GC(0) Forwarding Usage: 0M
[2026-06-17T10:03:04.901+0800][0.155s][info][gc,heap     ] GC(0) Min Capacity: 64M(100%)
[2026-06-17T10:03:04.901+0800][0.156s][info][gc,heap     ] GC(0) Max Capacity: 64M(100%)
[2026-06-17T10:03:04.902+0800][0.156s][info][gc,heap     ] GC(0) Soft Max Capacity: 64M(100%)
[2026-06-17T10:03:04.902+0800][0.157s][info][gc,heap     ] GC(0)                Mark Start          Mark End        Relocate Start      Relocate End           High               Low         
[2026-06-17T10:03:04.903+0800][0.157s][info][gc,heap     ] GC(0)  Capacity:       64M (100%)         64M (100%)         64M (100%)         64M (100%)         64M (100%)         64M (100%)   
[2026-06-17T10:03:04.903+0800][0.158s][info][gc,heap     ] GC(0)      Free:       12M (19%)          12M (19%)          28M (44%)          34M (53%)          34M (53%)           8M (12%)    
[2026-06-17T10:03:04.904+0800][0.158s][info][gc,heap     ] GC(0)      Used:       52M (81%)          52M (81%)          36M (56%)          30M (47%)          56M (88%)          30M (47%)    
[2026-06-17T10:03:04.904+0800][0.159s][info][gc,heap     ] GC(0)      Live:         -                24M (39%)          24M (39%)          24M (39%)            -                  -          
[2026-06-17T10:03:04.904+0800][0.159s][info][gc,heap     ] GC(0) Allocated:         -                 0M (0%)            4M (6%)            4M (6%)             -                  -          
[2026-06-17T10:03:04.905+0800][0.159s][info][gc,heap     ] GC(0)   Garbage:         -                27M (42%)           7M (11%)           1M (2%)             -                  -          
[2026-06-17T10:03:04.908+0800][0.163s][info][gc,heap     ] GC(0) Reclaimed:         -                  -                20M (31%)          26M (41%)            -                  -          
[2026-06-17T10:03:04.909+0800][0.163s][info][gc          ] GC(0) Garbage Collection (Warmup) 52M(81%)->30M(47%)
[2026-06-17T10:03:04.948+0800][0.202s][info][gc,start    ] GC(1) Garbage Collection (Allocation Stall)
[2026-06-17T10:03:04.948+0800][0.203s][info][gc,ref      ] GC(1) Clearing All SoftReferences
[2026-06-17T10:03:04.948+0800][0.203s][info][gc,task     ] GC(1) Using 1 workers
[2026-06-17T10:03:04.949+0800][0.203s][info][gc,ref      ] GC(1) Clearing All SoftReferences
[2026-06-17T10:03:04.949+0800][0.203s][info][gc,phases   ] GC(1) Pause Mark Start 0.207ms
[2026-06-17T10:03:04.951+0800][0.205s][info][gc,phases   ] GC(1) Concurrent Mark 1.782ms
[2026-06-17T10:03:04.951+0800][0.206s][info][gc,phases   ] GC(1) Pause Mark End 0.007ms
[2026-06-17T10:03:04.951+0800][0.206s][info][gc,phases   ] GC(1) Concurrent Mark Free 0.001ms
[2026-06-17T10:03:04.952+0800][0.206s][info][gc,phases   ] GC(1) Concurrent Process Non-Strong References 0.381ms
[2026-06-17T10:03:04.952+0800][0.207s][info][gc,phases   ] GC(1) Concurrent Reset Relocation Set 0.001ms
[2026-06-17T10:03:04.953+0800][0.208s][info][gc          ] Allocation Stall (main) 5.606ms
[2026-06-17T10:03:04.953+0800][0.208s][info][gc,phases   ] GC(1) Concurrent Select Relocation Set 1.192ms
[2026-06-17T10:03:04.954+0800][0.208s][info][gc,phases   ] GC(1) Pause Relocate Start 0.004ms
[2026-06-17T10:03:04.954+0800][0.209s][info][gc,phases   ] GC(1) Concurrent Relocate 0.385ms
[2026-06-17T10:03:04.954+0800][0.209s][info][gc,load     ] GC(1) Load: 0.27/0.41/0.50
[2026-06-17T10:03:04.954+0800][0.209s][info][gc,mmu      ] GC(1) MMU: 2ms/89.6%, 5ms/95.7%, 10ms/97.8%, 20ms/98.9%, 50ms/99.6%, 100ms/99.8%
[2026-06-17T10:03:04.955+0800][0.209s][info][gc,marking  ] GC(1) Mark: 1 stripe(s), 1 proactive flush(es), 1 terminate flush(es), 0 completion(s), 0 continuation(s) 
[2026-06-17T10:03:04.955+0800][0.209s][info][gc,marking  ] GC(1) Mark Stack Usage: 32M
[2026-06-17T10:03:04.955+0800][0.209s][info][gc,nmethod  ] GC(1) NMethods: 66 registered, 3 unregistered
[2026-06-17T10:03:04.955+0800][0.210s][info][gc,metaspace] GC(1) Metaspace: 0M used, 0M committed, 1088M reserved
[2026-06-17T10:03:04.955+0800][0.210s][info][gc,ref      ] GC(1) Soft: 2 encountered, 2 discovered, 2 enqueued
[2026-06-17T10:03:04.955+0800][0.210s][info][gc,ref      ] GC(1) Weak: 6 encountered, 0 discovered, 0 enqueued
[2026-06-17T10:03:04.955+0800][0.210s][info][gc,ref      ] GC(1) Final: 0 encountered, 0 discovered, 0 enqueued
[2026-06-17T10:03:04.955+0800][0.210s][info][gc,ref      ] GC(1) Phantom: 1 encountered, 0 discovered, 0 enqueued
[2026-06-17T10:03:04.956+0800][0.210s][info][gc,reloc    ] GC(1) Small Pages: 15 / 30M, Empty: 18M, Relocated: 0M, In-Place: 0
[2026-06-17T10:03:04.956+0800][0.210s][info][gc,reloc    ] GC(1) Large Pages: 17 / 34M, Empty: 0M, Relocated: 0M, In-Place: 0
[2026-06-17T10:03:04.956+0800][0.210s][info][gc,reloc    ] GC(1) Forwarding Usage: 0M
[2026-06-17T10:03:04.956+0800][0.211s][info][gc,heap     ] GC(1) Min Capacity: 64M(100%)
[2026-06-17T10:03:04.956+0800][0.211s][info][gc,heap     ] GC(1) Max Capacity: 64M(100%)
[2026-06-17T10:03:04.956+0800][0.211s][info][gc,heap     ] GC(1) Soft Max Capacity: 64M(100%)
[2026-06-17T10:03:04.956+0800][0.211s][info][gc,heap     ] GC(1)                Mark Start          Mark End        Relocate Start      Relocate End           High               Low         
[2026-06-17T10:03:04.956+0800][0.211s][info][gc,heap     ] GC(1)  Capacity:       64M (100%)         64M (100%)         64M (100%)         64M (100%)         64M (100%)         64M (100%)   
[2026-06-17T10:03:04.957+0800][0.211s][info][gc,heap     ] GC(1)      Free:        0M (0%)            0M (0%)           16M (25%)          18M (28%)          18M (28%)           0M (0%)     
[2026-06-17T10:03:04.957+0800][0.211s][info][gc,heap     ] GC(1)      Used:       64M (100%)         64M (100%)         48M (75%)          46M (72%)          64M (100%)         46M (72%)    
[2026-06-17T10:03:04.957+0800][0.211s][info][gc,heap     ] GC(1)      Live:         -                41M (65%)          41M (65%)          41M (65%)            -                  -          
[2026-06-17T10:03:04.957+0800][0.211s][info][gc,heap     ] GC(1) Allocated:         -                 0M (0%)            2M (3%)            2M (3%)             -                  -          
[2026-06-17T10:03:04.957+0800][0.211s][info][gc,heap     ] GC(1)   Garbage:         -                22M (35%)           4M (7%)            2M (4%)             -                  -          
[2026-06-17T10:03:04.957+0800][0.211s][info][gc,heap     ] GC(1) Reclaimed:         -                  -                18M (28%)          20M (31%)            -                  -          
[2026-06-17T10:03:04.957+0800][0.212s][info][gc          ] GC(1) Garbage Collection (Allocation Stall) 64M(100%)->46M(72%)
[2026-06-17T10:03:04.972+0800][0.227s][info][gc,start    ] GC(2) Garbage Collection (Warmup)
[2026-06-17T10:03:04.973+0800][0.227s][info][gc,task     ] GC(2) Using 1 workers
[2026-06-17T10:03:04.973+0800][0.227s][info][gc,phases   ] GC(2) Pause Mark Start 0.009ms
[2026-06-17T10:03:04.975+0800][0.229s][info][gc,phases   ] GC(2) Concurrent Mark 1.772ms
[2026-06-17T10:03:04.975+0800][0.230s][info][gc,phases   ] GC(2) Pause Mark End 0.010ms
[2026-06-17T10:03:04.976+0800][0.230s][info][gc,phases   ] GC(2) Concurrent Mark Free 0.001ms
[2026-06-17T10:03:04.976+0800][0.231s][info][gc,phases   ] GC(2) Concurrent Process Non-Strong References 0.443ms
[2026-06-17T10:03:04.977+0800][0.231s][info][gc,phases   ] GC(2) Concurrent Reset Relocation Set 0.001ms
[2026-06-17T10:03:04.978+0800][0.233s][info][gc,phases   ] GC(2) Concurrent Select Relocation Set 1.541ms
[2026-06-17T10:03:04.979+0800][0.233s][info][gc,phases   ] GC(2) Pause Relocate Start 0.005ms
[2026-06-17T10:03:04.979+0800][0.234s][info][gc,phases   ] GC(2) Concurrent Relocate 0.272ms
[2026-06-17T10:03:04.979+0800][0.234s][info][gc,load     ] GC(2) Load: 0.27/0.41/0.50
[2026-06-17T10:03:04.979+0800][0.234s][info][gc,mmu      ] GC(2) MMU: 2ms/89.6%, 5ms/95.7%, 10ms/97.8%, 20ms/98.9%, 50ms/99.5%, 100ms/99.7%
[2026-06-17T10:03:04.980+0800][0.234s][info][gc,marking  ] GC(2) Mark: 1 stripe(s), 1 proactive flush(es), 1 terminate flush(es), 0 completion(s), 0 continuation(s) 
[2026-06-17T10:03:04.980+0800][0.234s][info][gc,marking  ] GC(2) Mark Stack Usage: 32M
[2026-06-17T10:03:04.980+0800][0.235s][info][gc,nmethod  ] GC(2) NMethods: 66 registered, 3 unregistered
[2026-06-17T10:03:04.980+0800][0.235s][info][gc,metaspace] GC(2) Metaspace: 0M used, 0M committed, 1088M reserved
[2026-06-17T10:03:04.980+0800][0.235s][info][gc,ref      ] GC(2) Soft: 0 encountered, 0 discovered, 0 enqueued
[2026-06-17T10:03:04.980+0800][0.235s][info][gc,ref      ] GC(2) Weak: 6 encountered, 0 discovered, 0 enqueued
[2026-06-17T10:03:04.981+0800][0.235s][info][gc,ref      ] GC(2) Final: 0 encountered, 0 discovered, 0 enqueued
[2026-06-17T10:03:04.981+0800][0.235s][info][gc,ref      ] GC(2) Phantom: 1 encountered, 0 discovered, 0 enqueued
[2026-06-17T10:03:04.981+0800][0.235s][info][gc,reloc    ] GC(2) Small Pages: 7 / 14M, Empty: 6M, Relocated: 1M, In-Place: 0
[2026-06-17T10:03:04.981+0800][0.236s][info][gc,reloc    ] GC(2) Large Pages: 17 / 34M, Empty: 0M, Relocated: 0M, In-Place: 0
[2026-06-17T10:03:04.981+0800][0.236s][info][gc,reloc    ] GC(2) Forwarding Usage: 0M
[2026-06-17T10:03:04.981+0800][0.236s][info][gc,heap     ] GC(2) Min Capacity: 64M(100%)
[2026-06-17T10:03:04.982+0800][0.236s][info][gc,heap     ] GC(2) Max Capacity: 64M(100%)
[2026-06-17T10:03:04.982+0800][0.236s][info][gc,heap     ] GC(2) Soft Max Capacity: 64M(100%)
[2026-06-17T10:03:04.982+0800][0.236s][info][gc,heap     ] GC(2)                Mark Start          Mark End        Relocate Start      Relocate End           High               Low         
[2026-06-17T10:03:04.982+0800][0.237s][info][gc,heap     ] GC(2)  Capacity:       64M (100%)         64M (100%)         64M (100%)         64M (100%)         64M (100%)         64M (100%)   
[2026-06-17T10:03:04.982+0800][0.237s][info][gc,heap     ] GC(2)      Free:       16M (25%)          14M (22%)          10M (16%)          12M (19%)          16M (25%)           4M (6%)     
[2026-06-17T10:03:04.982+0800][0.237s][info][gc,heap     ] GC(2)      Used:       48M (75%)          50M (78%)          54M (84%)          52M (81%)          60M (94%)          48M (75%)    
[2026-06-17T10:03:04.982+0800][0.237s][info][gc,heap     ] GC(2)      Live:         -                38M (60%)          38M (60%)          38M (60%)            -                  -          
[2026-06-17T10:03:04.982+0800][0.237s][info][gc,heap     ] GC(2) Allocated:         -                 2M (3%)           12M (19%)          12M (19%)            -                  -          
[2026-06-17T10:03:04.983+0800][0.237s][info][gc,heap     ] GC(2)   Garbage:         -                 9M (15%)           3M (5%)            1M (2%)             -                  -          
[2026-06-17T10:03:04.983+0800][0.237s][info][gc,heap     ] GC(2) Reclaimed:         -                  -                 6M (9%)            8M (12%)            -                  -          
[2026-06-17T10:03:04.983+0800][0.237s][info][gc          ] GC(2) Garbage Collection (Warmup) 48M(75%)->52M(81%)
[2026-06-17T10:03:05.013+0800][0.267s][info][gc,start    ] GC(3) Garbage Collection (Allocation Stall)
[2026-06-17T10:03:05.013+0800][0.268s][info][gc,ref      ] GC(3) Clearing All SoftReferences
[2026-06-17T10:03:05.013+0800][0.268s][info][gc,task     ] GC(3) Using 1 workers
[2026-06-17T10:03:05.014+0800][0.268s][info][gc,ref      ] GC(3) Clearing All SoftReferences
[2026-06-17T10:03:05.014+0800][0.268s][info][gc,phases   ] GC(3) Pause Mark Start 0.246ms
[2026-06-17T10:03:05.015+0800][0.270s][info][gc,phases   ] GC(3) Concurrent Mark 1.307ms
[2026-06-17T10:03:05.016+0800][0.270s][info][gc,phases   ] GC(3) Pause Mark End 0.009ms
[2026-06-17T10:03:05.016+0800][0.271s][info][gc,phases   ] GC(3) Concurrent Mark Free 0.001ms
[2026-06-17T10:03:05.017+0800][0.271s][info][gc,phases   ] GC(3) Concurrent Process Non-Strong References 0.422ms
[2026-06-17T10:03:05.017+0800][0.272s][info][gc,phases   ] GC(3) Concurrent Reset Relocation Set 0.001ms
[2026-06-17T10:03:05.019+0800][0.273s][info][gc          ] Allocation Stall (main) 6.068ms
[2026-06-17T10:03:05.019+0800][0.273s][info][gc,phases   ] GC(3) Concurrent Select Relocation Set 1.469ms
[2026-06-17T10:03:05.019+0800][0.274s][info][gc,phases   ] GC(3) Pause Relocate Start 0.004ms
[2026-06-17T10:03:05.022+0800][0.276s][info][gc,phases   ] GC(3) Concurrent Relocate 0.179ms
[2026-06-17T10:03:05.023+0800][0.277s][info][gc,load     ] GC(3) Load: 0.27/0.41/0.50
[2026-06-17T10:03:05.024+0800][0.279s][info][gc,mmu      ] GC(3) MMU: 2ms/87.7%, 5ms/94.9%, 10ms/97.4%, 20ms/98.7%, 50ms/99.4%, 100ms/99.5%
[2026-06-17T10:03:05.025+0800][0.279s][info][gc,marking  ] GC(3) Mark: 1 stripe(s), 1 proactive flush(es), 1 terminate flush(es), 0 completion(s), 0 continuation(s) 
[2026-06-17T10:03:05.027+0800][0.281s][info][gc,marking  ] GC(3) Mark Stack Usage: 32M
[2026-06-17T10:03:05.029+0800][0.283s][info][gc,nmethod  ] GC(3) NMethods: 66 registered, 3 unregistered
[2026-06-17T10:03:05.029+0800][0.284s][info][gc,metaspace] GC(3) Metaspace: 0M used, 0M committed, 1088M reserved
[2026-06-17T10:03:05.031+0800][0.286s][info][gc,ref      ] GC(3) Soft: 0 encountered, 0 discovered, 0 enqueued
[2026-06-17T10:03:05.032+0800][0.286s][info][gc,ref      ] GC(3) Weak: 6 encountered, 0 discovered, 0 enqueued
[2026-06-17T10:03:05.032+0800][0.287s][info][gc,ref      ] GC(3) Final: 0 encountered, 0 discovered, 0 enqueued
[2026-06-17T10:03:05.032+0800][0.287s][info][gc,ref      ] GC(3) Phantom: 1 encountered, 0 discovered, 0 enqueued
[2026-06-17T10:03:05.033+0800][0.287s][info][gc,reloc    ] GC(3) Small Pages: 11 / 22M, Empty: 10M, Relocated: 0M, In-Place: 0
[2026-06-17T10:03:05.035+0800][0.289s][info][gc,reloc    ] GC(3) Large Pages: 21 / 42M, Empty: 0M, Relocated: 0M, In-Place: 0
[2026-06-17T10:03:05.037+0800][0.291s][info][gc,reloc    ] GC(3) Forwarding Usage: 0M
[2026-06-17T10:03:05.038+0800][0.293s][info][gc,heap     ] GC(3) Min Capacity: 64M(100%)
[2026-06-17T10:03:05.039+0800][0.293s][info][gc,heap     ] GC(3) Max Capacity: 64M(100%)
[2026-06-17T10:03:05.039+0800][0.294s][info][gc,heap     ] GC(3) Soft Max Capacity: 64M(100%)
[2026-06-17T10:03:05.039+0800][0.294s][info][gc,heap     ] GC(3)                Mark Start          Mark End        Relocate Start      Relocate End           High               Low         
[2026-06-17T10:03:05.040+0800][0.294s][info][gc,heap     ] GC(3)  Capacity:       64M (100%)         64M (100%)         64M (100%)         64M (100%)         64M (100%)         64M (100%)   
[2026-06-17T10:03:05.040+0800][0.294s][info][gc,heap     ] GC(3)      Free:        0M (0%)            0M (0%)            8M (12%)           8M (12%)          10M (16%)           0M (0%)     
[2026-06-17T10:03:05.040+0800][0.295s][info][gc,heap     ] GC(3)      Used:       64M (100%)         64M (100%)         56M (88%)          56M (88%)          64M (100%)         54M (84%)    
[2026-06-17T10:03:05.040+0800][0.295s][info][gc,heap     ] GC(3)      Live:         -                47M (74%)          47M (74%)          47M (74%)            -                  -          
[2026-06-17T10:03:05.041+0800][0.295s][info][gc,heap     ] GC(3) Allocated:         -                 0M (0%)            2M (3%)            5M (9%)             -                  -          
[2026-06-17T10:03:05.041+0800][0.295s][info][gc,heap     ] GC(3)   Garbage:         -                16M (26%)           6M (10%)           2M (4%)             -                  -          
[2026-06-17T10:03:05.041+0800][0.296s][info][gc,heap     ] GC(3) Reclaimed:         -                  -                10M (16%)          13M (22%)            -                  -          
[2026-06-17T10:03:05.041+0800][0.296s][info][gc          ] GC(3) Garbage Collection (Allocation Stall) 64M(100%)->56M(88%)
[2026-06-17T10:03:05.042+0800][0.296s][info][gc,start    ] GC(4) Garbage Collection (Allocation Stall)
[2026-06-17T10:03:05.042+0800][0.296s][info][gc,ref      ] GC(4) Clearing All SoftReferences
[2026-06-17T10:03:05.042+0800][0.297s][info][gc,task     ] GC(4) Using 1 workers
[2026-06-17T10:03:05.042+0800][0.297s][info][gc,ref      ] GC(4) Clearing All SoftReferences
[2026-06-17T10:03:05.043+0800][0.297s][info][gc,phases   ] GC(4) Pause Mark Start 0.334ms
[2026-06-17T10:03:05.044+0800][0.299s][info][gc,phases   ] GC(4) Concurrent Mark 1.538ms
[2026-06-17T10:03:05.045+0800][0.299s][info][gc,phases   ] GC(4) Pause Mark End 0.011ms
[2026-06-17T10:03:05.045+0800][0.300s][info][gc,phases   ] GC(4) Concurrent Mark Free 0.001ms
[2026-06-17T10:03:05.046+0800][0.300s][info][gc,phases   ] GC(4) Concurrent Process Non-Strong References 0.415ms
[2026-06-17T10:03:05.046+0800][0.300s][info][gc,phases   ] GC(4) Concurrent Reset Relocation Set 0.002ms
[2026-06-17T10:03:05.048+0800][0.302s][info][gc,phases   ] GC(4) Concurrent Select Relocation Set 1.637ms
[2026-06-17T10:03:05.048+0800][0.302s][info][gc,phases   ] GC(4) Pause Relocate Start 0.006ms
[2026-06-17T10:03:05.048+0800][0.303s][info][gc,phases   ] GC(4) Concurrent Relocate 0.055ms
[2026-06-17T10:03:05.048+0800][0.303s][info][gc,load     ] GC(4) Load: 0.27/0.41/0.50
[2026-06-17T10:03:05.048+0800][0.303s][info][gc,mmu      ] GC(4) MMU: 2ms/83.3%, 5ms/93.1%, 10ms/96.5%, 20ms/98.2%, 50ms/98.8%, 100ms/99.1%
[2026-06-17T10:03:05.049+0800][0.303s][info][gc,marking  ] GC(4) Mark: 1 stripe(s), 1 proactive flush(es), 1 terminate flush(es), 0 completion(s), 0 continuation(s) 
[2026-06-17T10:03:05.049+0800][0.303s][info][gc,marking  ] GC(4) Mark Stack Usage: 32M
[2026-06-17T10:03:05.049+0800][0.303s][info][gc,nmethod  ] GC(4) NMethods: 66 registered, 3 unregistered
[2026-06-17T10:03:05.049+0800][0.303s][info][gc,metaspace] GC(4) Metaspace: 0M used, 0M committed, 1088M reserved
[2026-06-17T10:03:05.049+0800][0.304s][info][gc,ref      ] GC(4) Soft: 0 encountered, 0 discovered, 0 enqueued
[2026-06-17T10:03:05.049+0800][0.304s][info][gc,ref      ] GC(4) Weak: 6 encountered, 0 discovered, 0 enqueued
[2026-06-17T10:03:05.049+0800][0.304s][info][gc,ref      ] GC(4) Final: 0 encountered, 0 discovered, 0 enqueued
[2026-06-17T10:03:05.049+0800][0.304s][info][gc,ref      ] GC(4) Phantom: 1 encountered, 0 discovered, 0 enqueued
[2026-06-17T10:03:05.050+0800][0.304s][info][gc,reloc    ] GC(4) Small Pages: 5 / 10M, Empty: 0M, Relocated: 0M, In-Place: 0
[2026-06-17T10:03:05.050+0800][0.304s][info][gc,reloc    ] GC(4) Large Pages: 27 / 54M, Empty: 0M, Relocated: 0M, In-Place: 0
[2026-06-17T10:03:05.050+0800][0.304s][info][gc,reloc    ] GC(4) Forwarding Usage: 0M
[2026-06-17T10:03:05.050+0800][0.305s][info][gc,heap     ] GC(4) Min Capacity: 64M(100%)
[2026-06-17T10:03:05.050+0800][0.305s][info][gc,heap     ] GC(4) Max Capacity: 64M(100%)
[2026-06-17T10:03:05.050+0800][0.305s][info][gc,heap     ] GC(4) Soft Max Capacity: 64M(100%)
[2026-06-17T10:03:05.050+0800][0.305s][info][gc,heap     ] GC(4)                Mark Start          Mark End        Relocate Start      Relocate End           High               Low         
[2026-06-17T10:03:05.051+0800][0.305s][info][gc,heap     ] GC(4)  Capacity:       64M (100%)         64M (100%)         64M (100%)         64M (100%)         64M (100%)         64M (100%)   
[2026-06-17T10:03:05.051+0800][0.305s][info][gc,heap     ] GC(4)      Free:        0M (0%)            0M (0%)            0M (0%)            0M (0%)            0M (0%)            0M (0%)     
[2026-06-17T10:03:05.051+0800][0.305s][info][gc,heap     ] GC(4)      Used:       64M (100%)         64M (100%)         64M (100%)         64M (100%)         64M (100%)         64M (100%)   
[2026-06-17T10:03:05.051+0800][0.306s][info][gc,heap     ] GC(4)      Live:         -                61M (96%)          61M (96%)          61M (96%)            -                  -          
[2026-06-17T10:03:05.051+0800][0.306s][info][gc,heap     ] GC(4) Allocated:         -                 0M (0%)            0M (0%)            0M (0%)             -                  -          
[2026-06-17T10:03:05.051+0800][0.306s][info][gc,heap     ] GC(4)   Garbage:         -                 2M (4%)            2M (4%)            2M (4%)             -                  -          
[2026-06-17T10:03:05.051+0800][0.306s][info][gc,heap     ] GC(4) Reclaimed:         -                  -                 0M (0%)            0M (0%)             -                  -          
[2026-06-17T10:03:05.051+0800][0.306s][info][gc          ] GC(4) Garbage Collection (Allocation Stall) 64M(100%)->64M(100%)
[2026-06-17T10:03:05.052+0800][0.306s][info][gc          ] Allocation Stall (main) 17.755ms
[2026-06-17T10:03:05.052+0800][0.306s][info][gc          ] Out Of Memory (main)
[2026-06-17T10:03:05.052+0800][0.306s][info][gc,start    ] GC(5) Garbage Collection (Allocation Stall)
[2026-06-17T10:03:05.052+0800][0.307s][info][gc,ref      ] GC(5) Clearing All SoftReferences
[2026-06-17T10:03:05.052+0800][0.307s][info][gc,task     ] GC(5) Using 1 workers
[2026-06-17T10:03:05.052+0800][0.307s][info][gc,ref      ] GC(5) Clearing All SoftReferences
[2026-06-17T10:03:05.053+0800][0.307s][info][gc,phases   ] GC(5) Pause Mark Start 0.194ms
[2026-06-17T10:03:05.054+0800][0.308s][info][gc,phases   ] GC(5) Concurrent Mark 0.829ms
[2026-06-17T10:03:05.054+0800][0.308s][info][gc,phases   ] GC(5) Pause Mark End 0.005ms
[2026-06-17T10:03:05.054+0800][0.309s][info][gc,phases   ] GC(5) Concurrent Mark Free 0.001ms
[2026-06-17T10:03:05.054+0800][0.309s][info][gc,phases   ] GC(5) Concurrent Process Non-Strong References 0.232ms
[2026-06-17T10:03:05.054+0800][0.309s][info][gc,phases   ] GC(5) Concurrent Reset Relocation Set 0.001ms
[2026-06-17T10:03:05.055+0800][0.310s][info][gc,phases   ] GC(5) Concurrent Select Relocation Set 0.857ms
[2026-06-17T10:03:05.056+0800][0.310s][info][gc,phases   ] GC(5) Pause Relocate Start 0.006ms
[2026-06-17T10:03:05.056+0800][0.310s][info][gc          ] Allocation Stall (main) 4.052ms
[2026-06-17T10:03:05.056+0800][0.310s][info][gc,phases   ] GC(5) Concurrent Relocate 0.146ms
[2026-06-17T10:03:05.056+0800][0.311s][info][gc,load     ] GC(5) Load: 0.27/0.41/0.50
[2026-06-17T10:03:05.056+0800][0.311s][info][gc,mmu      ] GC(5) MMU: 2ms/83.3%, 5ms/93.1%, 10ms/96.5%, 20ms/97.2%, 50ms/98.4%, 100ms/99.1%
[2026-06-17T10:03:05.056+0800][0.311s][info][gc,marking  ] GC(5) Mark: 1 stripe(s), 1 proactive flush(es), 1 terminate flush(es), 0 completion(s), 0 continuation(s) 
[2026-06-17T10:03:05.056+0800][0.311s][info][gc,marking  ] GC(5) Mark Stack Usage: 32M
[2026-06-17T10:03:05.057+0800][0.311s][info][gc,nmethod  ] GC(5) NMethods: 66 registered, 3 unregistered
[2026-06-17T10:03:05.057+0800][0.311s][info][gc,metaspace] GC(5) Metaspace: 0M used, 0M committed, 1088M reserved
[2026-06-17T10:03:05.057+0800][0.311s][info][gc,ref      ] GC(5) Soft: 0 encountered, 0 discovered, 0 enqueued
[2026-06-17T10:03:05.057+0800][0.311s][info][gc,ref      ] GC(5) Weak: 6 encountered, 0 discovered, 0 enqueued
[2026-06-17T10:03:05.057+0800][0.311s][info][gc,ref      ] GC(5) Final: 0 encountered, 0 discovered, 0 enqueued
[2026-06-17T10:03:05.057+0800][0.312s][info][gc,ref      ] GC(5) Phantom: 1 encountered, 0 discovered, 0 enqueued
[2026-06-17T10:03:05.057+0800][0.312s][info][gc,reloc    ] GC(5) Small Pages: 5 / 10M, Empty: 0M, Relocated: 1M, In-Place: 1
[2026-06-17T10:03:05.057+0800][0.312s][info][gc,reloc    ] GC(5) Large Pages: 27 / 54M, Empty: 0M, Relocated: 0M, In-Place: 0
[2026-06-17T10:03:05.057+0800][0.312s][info][gc,reloc    ] GC(5) Forwarding Usage: 0M
[2026-06-17T10:03:05.057+0800][0.312s][info][gc,heap     ] GC(5) Min Capacity: 64M(100%)
[2026-06-17T10:03:05.057+0800][0.312s][info][gc,heap     ] GC(5) Max Capacity: 64M(100%)
[2026-06-17T10:03:05.057+0800][0.312s][info][gc,heap     ] GC(5) Soft Max Capacity: 64M(100%)
[2026-06-17T10:03:05.058+0800][0.312s][info][gc,heap     ] GC(5)                Mark Start          Mark End        Relocate Start      Relocate End           High               Low         
[2026-06-17T10:03:05.058+0800][0.312s][info][gc,heap     ] GC(5)  Capacity:       64M (100%)         64M (100%)         64M (100%)         64M (100%)         64M (100%)         64M (100%)   
[2026-06-17T10:03:05.058+0800][0.312s][info][gc,heap     ] GC(5)      Free:        0M (0%)            0M (0%)            0M (0%)            0M (0%)            2M (3%)            0M (0%)     
[2026-06-17T10:03:05.058+0800][0.312s][info][gc,heap     ] GC(5)      Used:       64M (100%)         64M (100%)         64M (100%)         64M (100%)         64M (100%)         62M (97%)    
[2026-06-17T10:03:05.058+0800][0.312s][info][gc,heap     ] GC(5)      Live:         -                59M (94%)          59M (94%)          59M (94%)            -                  -          
[2026-06-17T10:03:05.058+0800][0.312s][info][gc,heap     ] GC(5) Allocated:         -                 0M (0%)            0M (0%)            2M (3%)             -                  -          
[2026-06-17T10:03:05.058+0800][0.313s][info][gc,heap     ] GC(5)   Garbage:         -                 4M (6%)            4M (6%)            2M (3%)             -                  -          
[2026-06-17T10:03:05.058+0800][0.313s][info][gc,heap     ] GC(5) Reclaimed:         -                  -                 0M (0%)            2M (3%)             -                  -          
[2026-06-17T10:03:05.058+0800][0.313s][info][gc          ] GC(5) Garbage Collection (Allocation Stall) 64M(100%)->64M(100%)
[2026-06-17T10:03:05.072+0800][0.327s][info][gc,start    ] GC(6) Garbage Collection (Warmup)
[2026-06-17T10:03:05.073+0800][0.327s][info][gc,task     ] GC(6) Using 1 workers
[2026-06-17T10:03:05.073+0800][0.328s][info][gc,phases   ] GC(6) Pause Mark Start 0.008ms
[2026-06-17T10:03:05.075+0800][0.329s][info][gc,phases   ] GC(6) Concurrent Mark 1.392ms
[2026-06-17T10:03:05.075+0800][0.330s][info][gc,phases   ] GC(6) Pause Mark End 0.006ms
[2026-06-17T10:03:05.075+0800][0.330s][info][gc,phases   ] GC(6) Concurrent Mark Free 0.001ms
[2026-06-17T10:03:05.076+0800][0.331s][info][gc,phases   ] GC(6) Concurrent Process Non-Strong References 0.415ms
[2026-06-17T10:03:05.077+0800][0.331s][info][gc,phases   ] GC(6) Concurrent Reset Relocation Set 0.003ms
[2026-06-17T10:03:05.078+0800][0.333s][info][gc,phases   ] GC(6) Concurrent Select Relocation Set 1.666ms
[2026-06-17T10:03:05.079+0800][0.333s][info][gc,phases   ] GC(6) Pause Relocate Start 0.005ms
[2026-06-17T10:03:05.080+0800][0.334s][info][gc,phases   ] GC(6) Concurrent Relocate 0.605ms
[2026-06-17T10:03:05.080+0800][0.334s][info][gc,load     ] GC(6) Load: 0.27/0.41/0.50
[2026-06-17T10:03:05.080+0800][0.335s][info][gc,mmu      ] GC(6) MMU: 2ms/83.3%, 5ms/93.1%, 10ms/96.5%, 20ms/97.2%, 50ms/98.4%, 100ms/99.1%
[2026-06-17T10:03:05.080+0800][0.335s][info][gc,marking  ] GC(6) Mark: 1 stripe(s), 1 proactive flush(es), 1 terminate flush(es), 0 completion(s), 0 continuation(s) 
[2026-06-17T10:03:05.081+0800][0.335s][info][gc,marking  ] GC(6) Mark Stack Usage: 32M
[2026-06-17T10:03:05.081+0800][0.335s][info][gc,nmethod  ] GC(6) NMethods: 66 registered, 3 unregistered
[2026-06-17T10:03:05.081+0800][0.336s][info][gc,metaspace] GC(6) Metaspace: 0M used, 0M committed, 1088M reserved
[2026-06-17T10:03:05.081+0800][0.336s][info][gc,ref      ] GC(6) Soft: 0 encountered, 0 discovered, 0 enqueued
[2026-06-17T10:03:05.081+0800][0.336s][info][gc,ref      ] GC(6) Weak: 6 encountered, 0 discovered, 0 enqueued
[2026-06-17T10:03:05.081+0800][0.336s][info][gc,ref      ] GC(6) Final: 0 encountered, 0 discovered, 0 enqueued
[2026-06-17T10:03:05.082+0800][0.336s][info][gc,ref      ] GC(6) Phantom: 1 encountered, 0 discovered, 0 enqueued
[2026-06-17T10:03:05.082+0800][0.336s][info][gc,reloc    ] GC(6) Small Pages: 5 / 10M, Empty: 2M, Relocated: 1M, In-Place: 0
[2026-06-17T10:03:05.082+0800][0.336s][info][gc,reloc    ] GC(6) Large Pages: 27 / 54M, Empty: 32M, Relocated: 0M, In-Place: 0
[2026-06-17T10:03:05.082+0800][0.336s][info][gc,reloc    ] GC(6) Forwarding Usage: 0M
[2026-06-17T10:03:05.082+0800][0.337s][info][gc,heap     ] GC(6) Min Capacity: 64M(100%)
[2026-06-17T10:03:05.082+0800][0.337s][info][gc,heap     ] GC(6) Max Capacity: 64M(100%)
[2026-06-17T10:03:05.082+0800][0.337s][info][gc,heap     ] GC(6) Soft Max Capacity: 64M(100%)
[2026-06-17T10:03:05.083+0800][0.337s][info][gc,heap     ] GC(6)                Mark Start          Mark End        Relocate Start      Relocate End           High               Low         
[2026-06-17T10:03:05.083+0800][0.337s][info][gc,heap     ] GC(6)  Capacity:       64M (100%)         64M (100%)         64M (100%)         64M (100%)         64M (100%)         64M (100%)   
[2026-06-17T10:03:05.083+0800][0.337s][info][gc,heap     ] GC(6)      Free:        0M (0%)            0M (0%)           34M (53%)          40M (62%)          40M (62%)           0M (0%)     
[2026-06-17T10:03:05.083+0800][0.338s][info][gc,heap     ] GC(6)      Used:       64M (100%)         64M (100%)         30M (47%)          24M (38%)          64M (100%)         24M (38%)    
[2026-06-17T10:03:05.083+0800][0.338s][info][gc,heap     ] GC(6)      Live:         -                23M (37%)          23M (37%)          23M (37%)            -                  -          
[2026-06-17T10:03:05.083+0800][0.338s][info][gc,heap     ] GC(6) Allocated:         -                 0M (0%)            0M (0%)            0M (0%)             -                  -          
[2026-06-17T10:03:05.083+0800][0.338s][info][gc,heap     ] GC(6)   Garbage:         -                40M (63%)           6M (10%)           0M (0%)             -                  -          
[2026-06-17T10:03:05.083+0800][0.338s][info][gc,heap     ] GC(6) Reclaimed:         -                  -                34M (53%)          40M (62%)            -                  -          
[2026-06-17T10:03:05.084+0800][0.338s][info][gc          ] GC(6) Garbage Collection (Warmup) 64M(100%)->24M(38%)
[2026-06-17T10:03:05.173+0800][0.427s][info][gc,start    ] GC(7) Garbage Collection (Allocation Rate)
[2026-06-17T10:03:05.174+0800][0.428s][info][gc,task     ] GC(7) Using 1 workers
[2026-06-17T10:03:05.175+0800][0.430s][info][gc,phases   ] GC(7) Pause Mark Start 0.018ms
[2026-06-17T10:03:05.179+0800][0.434s][info][gc,phases   ] GC(7) Concurrent Mark 3.033ms
[2026-06-17T10:03:05.180+0800][0.434s][info][gc,phases   ] GC(7) Pause Mark End 0.014ms
[2026-06-17T10:03:05.181+0800][0.435s][info][gc,phases   ] GC(7) Concurrent Mark Free 0.003ms
[2026-06-17T10:03:05.182+0800][0.437s][info][gc,phases   ] GC(7) Concurrent Process Non-Strong References 1.100ms
[2026-06-17T10:03:05.183+0800][0.437s][info][gc,phases   ] GC(7) Concurrent Reset Relocation Set 0.002ms
[2026-06-17T10:03:05.186+0800][0.440s][info][gc,phases   ] GC(7) Concurrent Select Relocation Set 2.241ms
[2026-06-17T10:03:05.186+0800][0.441s][info][gc,phases   ] GC(7) Pause Relocate Start 0.008ms
[2026-06-17T10:03:05.187+0800][0.441s][info][gc,phases   ] GC(7) Concurrent Relocate 0.152ms
[2026-06-17T10:03:05.187+0800][0.442s][info][gc,load     ] GC(7) Load: 0.27/0.41/0.50
[2026-06-17T10:03:05.188+0800][0.443s][info][gc,mmu      ] GC(7) MMU: 2ms/83.3%, 5ms/93.1%, 10ms/96.5%, 20ms/97.2%, 50ms/98.4%, 100ms/99.1%
[2026-06-17T10:03:05.189+0800][0.443s][info][gc,marking  ] GC(7) Mark: 1 stripe(s), 1 proactive flush(es), 1 terminate flush(es), 0 completion(s), 0 continuation(s) 
[2026-06-17T10:03:05.189+0800][0.444s][info][gc,marking  ] GC(7) Mark Stack Usage: 32M
[2026-06-17T10:03:05.189+0800][0.444s][info][gc,nmethod  ] GC(7) NMethods: 66 registered, 3 unregistered
[2026-06-17T10:03:05.190+0800][0.444s][info][gc,metaspace] GC(7) Metaspace: 0M used, 0M committed, 1088M reserved
[2026-06-17T10:03:05.190+0800][0.445s][info][gc,ref      ] GC(7) Soft: 0 encountered, 0 discovered, 0 enqueued
[2026-06-17T10:03:05.190+0800][0.445s][info][gc,ref      ] GC(7) Weak: 6 encountered, 0 discovered, 0 enqueued
[2026-06-17T10:03:05.191+0800][0.445s][info][gc,ref      ] GC(7) Final: 0 encountered, 0 discovered, 0 enqueued
[2026-06-17T10:03:05.191+0800][0.446s][info][gc,ref      ] GC(7) Phantom: 1 encountered, 0 discovered, 0 enqueued
[2026-06-17T10:03:05.191+0800][0.446s][info][gc,reloc    ] GC(7) Small Pages: 1 / 2M, Empty: 0M, Relocated: 0M, In-Place: 0
[2026-06-17T10:03:05.191+0800][0.446s][info][gc,reloc    ] GC(7) Large Pages: 11 / 22M, Empty: 0M, Relocated: 0M, In-Place: 0
[2026-06-17T10:03:05.192+0800][0.446s][info][gc,reloc    ] GC(7) Forwarding Usage: 0M
[2026-06-17T10:03:05.192+0800][0.446s][info][gc,heap     ] GC(7) Min Capacity: 64M(100%)
[2026-06-17T10:03:05.192+0800][0.447s][info][gc,heap     ] GC(7) Max Capacity: 64M(100%)
[2026-06-17T10:03:05.192+0800][0.447s][info][gc,heap     ] GC(7) Soft Max Capacity: 64M(100%)
[2026-06-17T10:03:05.193+0800][0.447s][info][gc,heap     ] GC(7)                Mark Start          Mark End        Relocate Start      Relocate End           High               Low         
[2026-06-17T10:03:05.193+0800][0.447s][info][gc,heap     ] GC(7)  Capacity:       64M (100%)         64M (100%)         64M (100%)         64M (100%)         64M (100%)         64M (100%)   
[2026-06-17T10:03:05.193+0800][0.447s][info][gc,heap     ] GC(7)      Free:       40M (62%)          40M (62%)          40M (62%)          40M (62%)          40M (62%)          40M (62%)    
[2026-06-17T10:03:05.193+0800][0.447s][info][gc,heap     ] GC(7)      Used:       24M (38%)          24M (38%)          24M (38%)          24M (38%)          24M (38%)          24M (38%)    
[2026-06-17T10:03:05.193+0800][0.448s][info][gc,heap     ] GC(7)      Live:         -                23M (37%)          23M (37%)          23M (37%)            -                  -          
[2026-06-17T10:03:05.193+0800][0.448s][info][gc,heap     ] GC(7) Allocated:         -                 0M (0%)            0M (0%)            0M (0%)             -                  -          
[2026-06-17T10:03:05.193+0800][0.448s][info][gc,heap     ] GC(7)   Garbage:         -                 0M (0%)            0M (0%)            0M (0%)             -                  -          
[2026-06-17T10:03:05.193+0800][0.448s][info][gc,heap     ] GC(7) Reclaimed:         -                  -                 0M (0%)            0M (0%)             -                  -          
[2026-06-17T10:03:05.194+0800][0.448s][info][gc          ] GC(7) Garbage Collection (Allocation Rate) 24M(38%)->24M(38%)
[2026-06-17T10:03:05.272+0800][0.527s][info][gc,start    ] GC(8) Garbage Collection (Allocation Rate)
[2026-06-17T10:03:05.273+0800][0.528s][info][gc,task     ] GC(8) Using 1 workers
[2026-06-17T10:03:05.274+0800][0.529s][info][gc,phases   ] GC(8) Pause Mark Start 0.017ms
[2026-06-17T10:03:05.277+0800][0.532s][info][gc,phases   ] GC(8) Concurrent Mark 2.458ms
[2026-06-17T10:03:05.278+0800][0.532s][info][gc,phases   ] GC(8) Pause Mark End 0.006ms
[2026-06-17T10:03:05.278+0800][0.533s][info][gc,phases   ] GC(8) Concurrent Mark Free 0.001ms
[2026-06-17T10:03:05.279+0800][0.534s][info][gc,phases   ] GC(8) Concurrent Process Non-Strong References 0.289ms
[2026-06-17T10:03:05.279+0800][0.534s][info][gc,phases   ] GC(8) Concurrent Reset Relocation Set 0.000ms
[2026-06-17T10:03:05.280+0800][0.535s][info][gc,phases   ] GC(8) Concurrent Select Relocation Set 0.700ms
[2026-06-17T10:03:05.281+0800][0.535s][info][gc,phases   ] GC(8) Pause Relocate Start 0.007ms
[2026-06-17T10:03:05.281+0800][0.536s][info][gc,phases   ] GC(8) Concurrent Relocate 0.038ms
[2026-06-17T10:03:05.282+0800][0.536s][info][gc,load     ] GC(8) Load: 0.27/0.41/0.50
[2026-06-17T10:03:05.282+0800][0.536s][info][gc,mmu      ] GC(8) MMU: 2ms/83.3%, 5ms/93.1%, 10ms/96.5%, 20ms/97.2%, 50ms/98.4%, 100ms/99.1%
[2026-06-17T10:03:05.283+0800][0.538s][info][gc,marking  ] GC(8) Mark: 1 stripe(s), 1 proactive flush(es), 1 terminate flush(es), 0 completion(s), 0 continuation(s) 
[2026-06-17T10:03:05.284+0800][0.538s][info][gc,marking  ] GC(8) Mark Stack Usage: 32M
[2026-06-17T10:03:05.284+0800][0.539s][info][gc,nmethod  ] GC(8) NMethods: 66 registered, 3 unregistered
[2026-06-17T10:03:05.285+0800][0.539s][info][gc,metaspace] GC(8) Metaspace: 0M used, 0M committed, 1088M reserved
[2026-06-17T10:03:05.287+0800][0.541s][info][gc,ref      ] GC(8) Soft: 0 encountered, 0 discovered, 0 enqueued
[2026-06-17T10:03:05.290+0800][0.545s][info][gc,ref      ] GC(8) Weak: 6 encountered, 0 discovered, 0 enqueued
[2026-06-17T10:03:05.294+0800][0.548s][info][gc,ref      ] GC(8) Final: 0 encountered, 0 discovered, 0 enqueued
[2026-06-17T10:03:05.295+0800][0.550s][info][gc,ref      ] GC(8) Phantom: 1 encountered, 0 discovered, 0 enqueued
[2026-06-17T10:03:05.296+0800][0.550s][info][gc,reloc    ] GC(8) Small Pages: 3 / 6M, Empty: 4M, Relocated: 0M, In-Place: 0
[2026-06-17T10:03:05.299+0800][0.553s][info][gc,reloc    ] GC(8) Large Pages: 11 / 22M, Empty: 0M, Relocated: 0M, In-Place: 0
[2026-06-17T10:03:05.304+0800][0.558s][info][gc,reloc    ] GC(8) Forwarding Usage: 0M
[2026-06-17T10:03:05.309+0800][0.563s][info][gc,heap     ] GC(8) Min Capacity: 64M(100%)
[2026-06-17T10:03:05.320+0800][0.575s][info][gc,heap     ] GC(8) Max Capacity: 64M(100%)
[2026-06-17T10:03:05.321+0800][0.576s][info][gc,heap     ] GC(8) Soft Max Capacity: 64M(100%)
[2026-06-17T10:03:05.322+0800][0.576s][info][gc,heap     ] GC(8)                Mark Start          Mark End        Relocate Start      Relocate End           High               Low         
[2026-06-17T10:03:05.322+0800][0.577s][info][gc,heap     ] GC(8)  Capacity:       64M (100%)         64M (100%)         64M (100%)         64M (100%)         64M (100%)         64M (100%)   
[2026-06-17T10:03:05.323+0800][0.577s][info][gc,heap     ] GC(8)      Free:       36M (56%)          36M (56%)          26M (41%)          26M (41%)          36M (56%)          22M (34%)    
[2026-06-17T10:03:05.323+0800][0.578s][info][gc,heap     ] GC(8)      Used:       28M (44%)          28M (44%)          38M (59%)          38M (59%)          42M (66%)          28M (44%)    
[2026-06-17T10:03:05.323+0800][0.578s][info][gc,heap     ] GC(8)      Live:         -                23M (37%)          23M (37%)          23M (37%)            -                  -          
[2026-06-17T10:03:05.324+0800][0.578s][info][gc,heap     ] GC(8) Allocated:         -                 0M (0%)           14M (22%)          14M (22%)            -                  -          
[2026-06-17T10:03:05.324+0800][0.578s][info][gc,heap     ] GC(8)   Garbage:         -                 4M (7%)            0M (0%)            0M (0%)             -                  -          
[2026-06-17T10:03:05.324+0800][0.579s][info][gc,heap     ] GC(8) Reclaimed:         -                  -                 4M (6%)            4M (6%)             -                  -          
[2026-06-17T10:03:05.324+0800][0.579s][info][gc          ] GC(8) Garbage Collection (Allocation Rate) 28M(44%)->38M(59%)
[2026-06-17T10:03:05.350+0800][0.605s][info][gc,start    ] GC(9) Garbage Collection (Allocation Stall)
[2026-06-17T10:03:05.351+0800][0.605s][info][gc,ref      ] GC(9) Clearing All SoftReferences
[2026-06-17T10:03:05.351+0800][0.606s][info][gc,task     ] GC(9) Using 1 workers
[2026-06-17T10:03:05.352+0800][0.606s][info][gc,ref      ] GC(9) Clearing All SoftReferences
[2026-06-17T10:03:05.352+0800][0.607s][info][gc,phases   ] GC(9) Pause Mark Start 0.561ms
[2026-06-17T10:03:05.354+0800][0.609s][info][gc,phases   ] GC(9) Concurrent Mark 1.302ms
[2026-06-17T10:03:05.355+0800][0.609s][info][gc,phases   ] GC(9) Pause Mark End 0.009ms
[2026-06-17T10:03:05.355+0800][0.610s][info][gc,phases   ] GC(9) Concurrent Mark Free 0.001ms
[2026-06-17T10:03:05.356+0800][0.611s][info][gc,phases   ] GC(9) Concurrent Process Non-Strong References 0.712ms
[2026-06-17T10:03:05.357+0800][0.611s][info][gc,phases   ] GC(9) Concurrent Reset Relocation Set 0.002ms
[2026-06-17T10:03:05.359+0800][0.613s][info][gc          ] Allocation Stall (main) 8.463ms
[2026-06-17T10:03:05.359+0800][0.613s][info][gc,phases   ] GC(9) Concurrent Select Relocation Set 1.223ms
[2026-06-17T10:03:05.359+0800][0.614s][info][gc,phases   ] GC(9) Pause Relocate Start 0.004ms
[2026-06-17T10:03:05.360+0800][0.614s][info][gc,phases   ] GC(9) Concurrent Relocate 0.396ms
[2026-06-17T10:03:05.360+0800][0.615s][info][gc,load     ] GC(9) Load: 0.27/0.41/0.50
[2026-06-17T10:03:05.360+0800][0.615s][info][gc,mmu      ] GC(9) MMU: 2ms/72.0%, 5ms/88.6%, 10ms/94.3%, 20ms/97.1%, 50ms/98.4%, 100ms/99.1%
[2026-06-17T10:03:05.360+0800][0.615s][info][gc,marking  ] GC(9) Mark: 1 stripe(s), 1 proactive flush(es), 1 terminate flush(es), 0 completion(s), 0 continuation(s) 
[2026-06-17T10:03:05.361+0800][0.615s][info][gc,marking  ] GC(9) Mark Stack Usage: 32M
[2026-06-17T10:03:05.361+0800][0.616s][info][gc,nmethod  ] GC(9) NMethods: 66 registered, 3 unregistered
[2026-06-17T10:03:05.361+0800][0.616s][info][gc,metaspace] GC(9) Metaspace: 0M used, 0M committed, 1088M reserved
[2026-06-17T10:03:05.361+0800][0.616s][info][gc,ref      ] GC(9) Soft: 0 encountered, 0 discovered, 0 enqueued
[2026-06-17T10:03:05.362+0800][0.616s][info][gc,ref      ] GC(9) Weak: 6 encountered, 0 discovered, 0 enqueued
[2026-06-17T10:03:05.362+0800][0.616s][info][gc,ref      ] GC(9) Final: 0 encountered, 0 discovered, 0 enqueued
[2026-06-17T10:03:05.362+0800][0.616s][info][gc,ref      ] GC(9) Phantom: 1 encountered, 0 discovered, 0 enqueued
[2026-06-17T10:03:05.362+0800][0.617s][info][gc,reloc    ] GC(9) Small Pages: 15 / 30M, Empty: 18M, Relocated: 1M, In-Place: 0
[2026-06-17T10:03:05.362+0800][0.617s][info][gc,reloc    ] GC(9) Large Pages: 17 / 34M, Empty: 0M, Relocated: 0M, In-Place: 0
[2026-06-17T10:03:05.362+0800][0.617s][info][gc,reloc    ] GC(9) Forwarding Usage: 0M
[2026-06-17T10:03:05.362+0800][0.617s][info][gc,heap     ] GC(9) Min Capacity: 64M(100%)
[2026-06-17T10:03:05.362+0800][0.617s][info][gc,heap     ] GC(9) Max Capacity: 64M(100%)
[2026-06-17T10:03:05.362+0800][0.617s][info][gc,heap     ] GC(9) Soft Max Capacity: 64M(100%)
[2026-06-17T10:03:05.363+0800][0.617s][info][gc,heap     ] GC(9)                Mark Start          Mark End        Relocate Start      Relocate End           High               Low         
[2026-06-17T10:03:05.363+0800][0.617s][info][gc,heap     ] GC(9)  Capacity:       64M (100%)         64M (100%)         64M (100%)         64M (100%)         64M (100%)         64M (100%)   
[2026-06-17T10:03:05.363+0800][0.618s][info][gc,heap     ] GC(9)      Free:        0M (0%)            0M (0%)           16M (25%)          18M (28%)          18M (28%)           0M (0%)     
[2026-06-17T10:03:05.363+0800][0.618s][info][gc,heap     ] GC(9)      Used:       64M (100%)         64M (100%)         48M (75%)          46M (72%)          64M (100%)         46M (72%)    
[2026-06-17T10:03:05.363+0800][0.618s][info][gc,heap     ] GC(9)      Live:         -                37M (59%)          37M (59%)          37M (59%)            -                  -          
[2026-06-17T10:03:05.363+0800][0.618s][info][gc,heap     ] GC(9) Allocated:         -                 0M (0%)            2M (3%)            5M (9%)             -                  -          
[2026-06-17T10:03:05.363+0800][0.618s][info][gc,heap     ] GC(9)   Garbage:         -                26M (41%)           8M (13%)           2M (4%)             -                  -          
[2026-06-17T10:03:05.363+0800][0.618s][info][gc,heap     ] GC(9) Reclaimed:         -                  -                18M (28%)          23M (37%)            -                  -          
[2026-06-17T10:03:05.363+0800][0.618s][info][gc          ] GC(9) Garbage Collection (Allocation Stall) 64M(100%)->46M(72%)
[2026-06-17T10:03:05.372+0800][0.627s][info][gc,start    ] GC(10) Garbage Collection (Allocation Rate)
[2026-06-17T10:03:05.372+0800][0.627s][info][gc,task     ] GC(10) Using 1 workers
[2026-06-17T10:03:05.373+0800][0.627s][info][gc,phases   ] GC(10) Pause Mark Start 0.006ms
[2026-06-17T10:03:05.374+0800][0.629s][info][gc,phases   ] GC(10) Concurrent Mark 1.102ms
[2026-06-17T10:03:05.374+0800][0.629s][info][gc,phases   ] GC(10) Pause Mark End 0.006ms
[2026-06-17T10:03:05.374+0800][0.629s][info][gc,phases   ] GC(10) Concurrent Mark Free 0.001ms
[2026-06-17T10:03:05.375+0800][0.629s][info][gc,phases   ] GC(10) Concurrent Process Non-Strong References 0.313ms
[2026-06-17T10:03:05.375+0800][0.630s][info][gc,phases   ] GC(10) Concurrent Reset Relocation Set 0.001ms
[2026-06-17T10:03:05.376+0800][0.631s][info][gc,phases   ] GC(10) Concurrent Select Relocation Set 1.188ms
[2026-06-17T10:03:05.377+0800][0.631s][info][gc,phases   ] GC(10) Pause Relocate Start 0.004ms
[2026-06-17T10:03:05.377+0800][0.631s][info][gc,phases   ] GC(10) Concurrent Relocate 0.148ms
[2026-06-17T10:03:05.377+0800][0.632s][info][gc,load     ] GC(10) Load: 0.27/0.41/0.50
[2026-06-17T10:03:05.377+0800][0.632s][info][gc,mmu      ] GC(10) MMU: 2ms/72.0%, 5ms/88.6%, 10ms/94.3%, 20ms/97.1%, 50ms/98.4%, 100ms/99.1%
[2026-06-17T10:03:05.377+0800][0.632s][info][gc,marking  ] GC(10) Mark: 1 stripe(s), 1 proactive flush(es), 1 terminate flush(es), 0 completion(s), 0 continuation(s) 
[2026-06-17T10:03:05.377+0800][0.632s][info][gc,marking  ] GC(10) Mark Stack Usage: 32M
[2026-06-17T10:03:05.377+0800][0.632s][info][gc,nmethod  ] GC(10) NMethods: 67 registered, 3 unregistered
[2026-06-17T10:03:05.378+0800][0.632s][info][gc,metaspace] GC(10) Metaspace: 0M used, 0M committed, 1088M reserved
[2026-06-17T10:03:05.378+0800][0.632s][info][gc,ref      ] GC(10) Soft: 0 encountered, 0 discovered, 0 enqueued
[2026-06-17T10:03:05.378+0800][0.632s][info][gc,ref      ] GC(10) Weak: 6 encountered, 0 discovered, 0 enqueued
[2026-06-17T10:03:05.378+0800][0.632s][info][gc,ref      ] GC(10) Final: 0 encountered, 0 discovered, 0 enqueued
[2026-06-17T10:03:05.378+0800][0.633s][info][gc,ref      ] GC(10) Phantom: 1 encountered, 0 discovered, 0 enqueued
[2026-06-17T10:03:05.378+0800][0.633s][info][gc,reloc    ] GC(10) Small Pages: 5 / 10M, Empty: 2M, Relocated: 1M, In-Place: 0
[2026-06-17T10:03:05.378+0800][0.633s][info][gc,reloc    ] GC(10) Large Pages: 23 / 46M, Empty: 0M, Relocated: 0M, In-Place: 0
[2026-06-17T10:03:05.378+0800][0.633s][info][gc,reloc    ] GC(10) Forwarding Usage: 0M
[2026-06-17T10:03:05.378+0800][0.633s][info][gc,heap     ] GC(10) Min Capacity: 64M(100%)
[2026-06-17T10:03:05.379+0800][0.633s][info][gc,heap     ] GC(10) Max Capacity: 64M(100%)
[2026-06-17T10:03:05.379+0800][0.633s][info][gc,heap     ] GC(10) Soft Max Capacity: 64M(100%)
[2026-06-17T10:03:05.379+0800][0.633s][info][gc,heap     ] GC(10)                Mark Start          Mark End        Relocate Start      Relocate End           High               Low         
[2026-06-17T10:03:05.379+0800][0.633s][info][gc,heap     ] GC(10)  Capacity:       64M (100%)         64M (100%)         64M (100%)         64M (100%)         64M (100%)         64M (100%)   
[2026-06-17T10:03:05.379+0800][0.634s][info][gc,heap     ] GC(10)      Free:        8M (12%)           8M (12%)          10M (16%)          12M (19%)          12M (19%)           8M (12%)    
[2026-06-17T10:03:05.379+0800][0.634s][info][gc,heap     ] GC(10)      Used:       56M (88%)          56M (88%)          54M (84%)          52M (81%)          56M (88%)          52M (81%)    
[2026-06-17T10:03:05.379+0800][0.634s][info][gc,heap     ] GC(10)      Live:         -                49M (78%)          49M (78%)          49M (78%)            -                  -          
[2026-06-17T10:03:05.379+0800][0.634s][info][gc,heap     ] GC(10) Allocated:         -                 0M (0%)            0M (0%)            0M (0%)             -                  -          
[2026-06-17T10:03:05.379+0800][0.634s][info][gc,heap     ] GC(10)   Garbage:         -                 6M (9%)            4M (6%)            2M (3%)             -                  -          
[2026-06-17T10:03:05.380+0800][0.634s][info][gc,heap     ] GC(10) Reclaimed:         -                  -                 2M (3%)            4M (6%)             -                  -          
[2026-06-17T10:03:05.380+0800][0.634s][info][gc          ] GC(10) Garbage Collection (Allocation Rate) 56M(88%)->52M(81%)
[2026-06-17T10:03:05.393+0800][0.648s][info][gc,start    ] GC(11) Garbage Collection (Allocation Stall)
[2026-06-17T10:03:05.394+0800][0.648s][info][gc,ref      ] GC(11) Clearing All SoftReferences
[2026-06-17T10:03:05.394+0800][0.649s][info][gc,task     ] GC(11) Using 1 workers
[2026-06-17T10:03:05.394+0800][0.649s][info][gc,ref      ] GC(11) Clearing All SoftReferences
[2026-06-17T10:03:05.395+0800][0.649s][info][gc,phases   ] GC(11) Pause Mark Start 0.304ms
[2026-06-17T10:03:05.396+0800][0.651s][info][gc,phases   ] GC(11) Concurrent Mark 1.203ms
[2026-06-17T10:03:05.396+0800][0.651s][info][gc,phases   ] GC(11) Pause Mark End 0.009ms
[2026-06-17T10:03:05.397+0800][0.651s][info][gc,phases   ] GC(11) Concurrent Mark Free 0.001ms
[2026-06-17T10:03:05.397+0800][0.652s][info][gc,phases   ] GC(11) Concurrent Process Non-Strong References 0.390ms
[2026-06-17T10:03:05.397+0800][0.652s][info][gc,phases   ] GC(11) Concurrent Reset Relocation Set 0.001ms
[2026-06-17T10:03:05.399+0800][0.654s][info][gc          ] Allocation Stall (main) 5.829ms
[2026-06-17T10:03:05.399+0800][0.654s][info][gc,phases   ] GC(11) Concurrent Select Relocation Set 1.505ms
[2026-06-17T10:03:05.400+0800][0.654s][info][gc,phases   ] GC(11) Pause Relocate Start 0.005ms
[2026-06-17T10:03:05.400+0800][0.655s][info][gc,phases   ] GC(11) Concurrent Relocate 0.218ms
[2026-06-17T10:03:05.400+0800][0.655s][info][gc,load     ] GC(11) Load: 0.27/0.41/0.50
[2026-06-17T10:03:05.401+0800][0.655s][info][gc,mmu      ] GC(11) MMU: 2ms/72.0%, 5ms/88.6%, 10ms/94.3%, 20ms/97.1%, 50ms/98.2%, 100ms/99.1%
[2026-06-17T10:03:05.401+0800][0.655s][info][gc,marking  ] GC(11) Mark: 1 stripe(s), 1 proactive flush(es), 1 terminate flush(es), 0 completion(s), 0 continuation(s) 
[2026-06-17T10:03:05.401+0800][0.655s][info][gc,marking  ] GC(11) Mark Stack Usage: 32M
[2026-06-17T10:03:05.401+0800][0.656s][info][gc,nmethod  ] GC(11) NMethods: 67 registered, 3 unregistered
[2026-06-17T10:03:05.401+0800][0.656s][info][gc,metaspace] GC(11) Metaspace: 0M used, 0M committed, 1088M reserved
[2026-06-17T10:03:05.401+0800][0.656s][info][gc,ref      ] GC(11) Soft: 0 encountered, 0 discovered, 0 enqueued
[2026-06-17T10:03:05.401+0800][0.656s][info][gc,ref      ] GC(11) Weak: 6 encountered, 0 discovered, 0 enqueued
[2026-06-17T10:03:05.401+0800][0.656s][info][gc,ref      ] GC(11) Final: 0 encountered, 0 discovered, 0 enqueued
[2026-06-17T10:03:05.401+0800][0.656s][info][gc,ref      ] GC(11) Phantom: 1 encountered, 0 discovered, 0 enqueued
[2026-06-17T10:03:05.402+0800][0.656s][info][gc,reloc    ] GC(11) Small Pages: 8 / 16M, Empty: 6M, Relocated: 1M, In-Place: 0
[2026-06-17T10:03:05.402+0800][0.656s][info][gc,reloc    ] GC(11) Large Pages: 24 / 48M, Empty: 0M, Relocated: 0M, In-Place: 0
[2026-06-17T10:03:05.402+0800][0.656s][info][gc,reloc    ] GC(11) Forwarding Usage: 0M
[2026-06-17T10:03:05.402+0800][0.657s][info][gc,heap     ] GC(11) Min Capacity: 64M(100%)
[2026-06-17T10:03:05.402+0800][0.657s][info][gc,heap     ] GC(11) Max Capacity: 64M(100%)
[2026-06-17T10:03:05.402+0800][0.657s][info][gc,heap     ] GC(11) Soft Max Capacity: 64M(100%)
[2026-06-17T10:03:05.402+0800][0.657s][info][gc,heap     ] GC(11)                Mark Start          Mark End        Relocate Start      Relocate End           High               Low         
[2026-06-17T10:03:05.403+0800][0.657s][info][gc,heap     ] GC(11)  Capacity:       64M (100%)         64M (100%)         64M (100%)         64M (100%)         64M (100%)         64M (100%)   
[2026-06-17T10:03:05.403+0800][0.657s][info][gc,heap     ] GC(11)      Free:        0M (0%)            0M (0%)            4M (6%)            4M (6%)            6M (9%)            0M (0%)     
[2026-06-17T10:03:05.403+0800][0.657s][info][gc,heap     ] GC(11)      Used:       64M (100%)         64M (100%)         60M (94%)          60M (94%)          64M (100%)         58M (91%)    
[2026-06-17T10:03:05.403+0800][0.657s][info][gc,heap     ] GC(11)      Live:         -                52M (82%)          52M (82%)          52M (82%)            -                  -          
[2026-06-17T10:03:05.403+0800][0.658s][info][gc,heap     ] GC(11) Allocated:         -                 0M (0%)            2M (3%)            5M (9%)             -                  -          
[2026-06-17T10:03:05.403+0800][0.658s][info][gc,heap     ] GC(11)   Garbage:         -                11M (18%)           5M (9%)            1M (2%)             -                  -          
[2026-06-17T10:03:05.403+0800][0.658s][info][gc,heap     ] GC(11) Reclaimed:         -                  -                 6M (9%)            9M (16%)            -                  -          
[2026-06-17T10:03:05.403+0800][0.658s][info][gc          ] GC(11) Garbage Collection (Allocation Stall) 64M(100%)->60M(94%)
[2026-06-17T10:03:05.421+0800][0.676s][info][gc,start    ] GC(12) Garbage Collection (Allocation Stall)
[2026-06-17T10:03:05.422+0800][0.676s][info][gc,ref      ] GC(12) Clearing All SoftReferences
[2026-06-17T10:03:05.422+0800][0.677s][info][gc,task     ] GC(12) Using 1 workers
[2026-06-17T10:03:05.423+0800][0.677s][info][gc,ref      ] GC(12) Clearing All SoftReferences
[2026-06-17T10:03:05.423+0800][0.678s][info][gc,phases   ] GC(12) Pause Mark Start 0.317ms
[2026-06-17T10:03:05.425+0800][0.680s][info][gc,phases   ] GC(12) Concurrent Mark 1.845ms
[2026-06-17T10:03:05.426+0800][0.680s][info][gc,phases   ] GC(12) Pause Mark End 0.009ms
[2026-06-17T10:03:05.426+0800][0.681s][info][gc,phases   ] GC(12) Concurrent Mark Free 0.002ms
[2026-06-17T10:03:05.427+0800][0.682s][info][gc,phases   ] GC(12) Concurrent Process Non-Strong References 0.618ms
[2026-06-17T10:03:05.427+0800][0.682s][info][gc,phases   ] GC(12) Concurrent Reset Relocation Set 0.001ms
[2026-06-17T10:03:05.429+0800][0.684s][info][gc,phases   ] GC(12) Concurrent Select Relocation Set 1.776ms
[2026-06-17T10:03:05.429+0800][0.684s][info][gc,phases   ] GC(12) Pause Relocate Start 0.006ms
[2026-06-17T10:03:05.430+0800][0.684s][info][gc          ] Allocation Stall (main) 8.588ms
[2026-06-17T10:03:05.430+0800][0.685s][info][gc,phases   ] GC(12) Concurrent Relocate 0.520ms
[2026-06-17T10:03:05.430+0800][0.685s][info][gc,load     ] GC(12) Load: 0.27/0.41/0.50
[2026-06-17T10:03:05.431+0800][0.685s][info][gc,mmu      ] GC(12) MMU: 2ms/72.0%, 5ms/88.6%, 10ms/94.3%, 20ms/97.1%, 50ms/98.2%, 100ms/98.8%
[2026-06-17T10:03:05.431+0800][0.686s][info][gc,marking  ] GC(12) Mark: 1 stripe(s), 1 proactive flush(es), 1 terminate flush(es), 0 completion(s), 0 continuation(s) 
[2026-06-17T10:03:05.432+0800][0.686s][info][gc,marking  ] GC(12) Mark Stack Usage: 32M
[2026-06-17T10:03:05.432+0800][0.686s][info][gc,nmethod  ] GC(12) NMethods: 67 registered, 3 unregistered
[2026-06-17T10:03:05.432+0800][0.687s][info][gc,metaspace] GC(12) Metaspace: 0M used, 0M committed, 1088M reserved
[2026-06-17T10:03:05.432+0800][0.687s][info][gc,ref      ] GC(12) Soft: 0 encountered, 0 discovered, 0 enqueued
[2026-06-17T10:03:05.432+0800][0.687s][info][gc,ref      ] GC(12) Weak: 6 encountered, 0 discovered, 0 enqueued
[2026-06-17T10:03:05.432+0800][0.687s][info][gc,ref      ] GC(12) Final: 0 encountered, 0 discovered, 0 enqueued
[2026-06-17T10:03:05.433+0800][0.687s][info][gc,ref      ] GC(12) Phantom: 1 encountered, 0 discovered, 0 enqueued
[2026-06-17T10:03:05.433+0800][0.687s][info][gc,reloc    ] GC(12) Small Pages: 6 / 12M, Empty: 0M, Relocated: 3M, In-Place: 1
[2026-06-17T10:03:05.433+0800][0.687s][info][gc,reloc    ] GC(12) Large Pages: 26 / 52M, Empty: 0M, Relocated: 0M, In-Place: 0
[2026-06-17T10:03:05.433+0800][0.688s][info][gc,reloc    ] GC(12) Forwarding Usage: 0M
[2026-06-17T10:03:05.433+0800][0.688s][info][gc,heap     ] GC(12) Min Capacity: 64M(100%)
[2026-06-17T10:03:05.433+0800][0.688s][info][gc,heap     ] GC(12) Max Capacity: 64M(100%)
[2026-06-17T10:03:05.433+0800][0.688s][info][gc,heap     ] GC(12) Soft Max Capacity: 64M(100%)
[2026-06-17T10:03:05.434+0800][0.688s][info][gc,heap     ] GC(12)                Mark Start          Mark End        Relocate Start      Relocate End           High               Low         
[2026-06-17T10:03:05.434+0800][0.688s][info][gc,heap     ] GC(12)  Capacity:       64M (100%)         64M (100%)         64M (100%)         64M (100%)         64M (100%)         64M (100%)   
[2026-06-17T10:03:05.434+0800][0.688s][info][gc,heap     ] GC(12)      Free:        0M (0%)            0M (0%)            0M (0%)            2M (3%)            2M (3%)            0M (0%)     
[2026-06-17T10:03:05.434+0800][0.688s][info][gc,heap     ] GC(12)      Used:       64M (100%)         64M (100%)         64M (100%)         62M (97%)          64M (100%)         62M (97%)    
[2026-06-17T10:03:05.434+0800][0.689s][info][gc,heap     ] GC(12)      Live:         -                58M (92%)          58M (92%)          58M (92%)            -                  -          
[2026-06-17T10:03:05.434+0800][0.689s][info][gc,heap     ] GC(12) Allocated:         -                 0M (0%)            0M (0%)            2M (3%)             -                  -          
[2026-06-17T10:03:05.434+0800][0.689s][info][gc,heap     ] GC(12)   Garbage:         -                 5M (8%)            5M (8%)            1M (2%)             -                  -          
[2026-06-17T10:03:05.435+0800][0.689s][info][gc,heap     ] GC(12) Reclaimed:         -                  -                 0M (0%)            4M (6%)             -                  -          
[2026-06-17T10:03:05.435+0800][0.689s][info][gc          ] GC(12) Garbage Collection (Allocation Stall) 64M(100%)->62M(97%)
[2026-06-17T10:03:05.441+0800][0.695s][info][gc,start    ] GC(13) Garbage Collection (Allocation Stall)
[2026-06-17T10:03:05.441+0800][0.696s][info][gc,ref      ] GC(13) Clearing All SoftReferences
[2026-06-17T10:03:05.441+0800][0.696s][info][gc,task     ] GC(13) Using 1 workers
[2026-06-17T10:03:05.441+0800][0.696s][info][gc,ref      ] GC(13) Clearing All SoftReferences
[2026-06-17T10:03:05.442+0800][0.696s][info][gc,phases   ] GC(13) Pause Mark Start 0.188ms
[2026-06-17T10:03:05.443+0800][0.698s][info][gc,phases   ] GC(13) Concurrent Mark 1.433ms
[2026-06-17T10:03:05.443+0800][0.698s][info][gc,phases   ] GC(13) Pause Mark End 0.007ms
[2026-06-17T10:03:05.444+0800][0.698s][info][gc,phases   ] GC(13) Concurrent Mark Free 0.001ms
[2026-06-17T10:03:05.444+0800][0.699s][info][gc,phases   ] GC(13) Concurrent Process Non-Strong References 0.359ms
[2026-06-17T10:03:05.444+0800][0.699s][info][gc,phases   ] GC(13) Concurrent Reset Relocation Set 0.002ms
[2026-06-17T10:03:05.446+0800][0.700s][info][gc          ] Allocation Stall (main) 5.094ms
[2026-06-17T10:03:05.446+0800][0.700s][info][gc,phases   ] GC(13) Concurrent Select Relocation Set 1.264ms
[2026-06-17T10:03:05.447+0800][0.701s][info][gc,phases   ] GC(13) Pause Relocate Start 0.004ms
[2026-06-17T10:03:05.447+0800][0.701s][info][gc,phases   ] GC(13) Concurrent Relocate 0.052ms
[2026-06-17T10:03:05.447+0800][0.702s][info][gc,load     ] GC(13) Load: 0.27/0.41/0.50
[2026-06-17T10:03:05.447+0800][0.702s][info][gc,mmu      ] GC(13) MMU: 2ms/72.0%, 5ms/88.6%, 10ms/94.3%, 20ms/97.1%, 50ms/98.2%, 100ms/98.6%
[2026-06-17T10:03:05.447+0800][0.702s][info][gc,marking  ] GC(13) Mark: 1 stripe(s), 1 proactive flush(es), 1 terminate flush(es), 0 completion(s), 0 continuation(s) 
[2026-06-17T10:03:05.447+0800][0.702s][info][gc,marking  ] GC(13) Mark Stack Usage: 32M
[2026-06-17T10:03:05.447+0800][0.702s][info][gc,nmethod  ] GC(13) NMethods: 67 registered, 3 unregistered
[2026-06-17T10:03:05.447+0800][0.702s][info][gc,metaspace] GC(13) Metaspace: 0M used, 0M committed, 1088M reserved
[2026-06-17T10:03:05.448+0800][0.702s][info][gc,ref      ] GC(13) Soft: 0 encountered, 0 discovered, 0 enqueued
[2026-06-17T10:03:05.448+0800][0.702s][info][gc,ref      ] GC(13) Weak: 6 encountered, 0 discovered, 0 enqueued
[2026-06-17T10:03:05.448+0800][0.702s][info][gc,ref      ] GC(13) Final: 0 encountered, 0 discovered, 0 enqueued
[2026-06-17T10:03:05.448+0800][0.702s][info][gc,ref      ] GC(13) Phantom: 1 encountered, 0 discovered, 0 enqueued
[2026-06-17T10:03:05.448+0800][0.703s][info][gc,reloc    ] GC(13) Small Pages: 6 / 12M, Empty: 2M, Relocated: 0M, In-Place: 0
[2026-06-17T10:03:05.448+0800][0.703s][info][gc,reloc    ] GC(13) Large Pages: 26 / 52M, Empty: 0M, Relocated: 0M, In-Place: 0
[2026-06-17T10:03:05.448+0800][0.703s][info][gc,reloc    ] GC(13) Forwarding Usage: 0M
[2026-06-17T10:03:05.448+0800][0.703s][info][gc,heap     ] GC(13) Min Capacity: 64M(100%)
[2026-06-17T10:03:05.448+0800][0.703s][info][gc,heap     ] GC(13) Max Capacity: 64M(100%)
[2026-06-17T10:03:05.448+0800][0.703s][info][gc,heap     ] GC(13) Soft Max Capacity: 64M(100%)
[2026-06-17T10:03:05.448+0800][0.703s][info][gc,heap     ] GC(13)                Mark Start          Mark End        Relocate Start      Relocate End           High               Low         
[2026-06-17T10:03:05.449+0800][0.703s][info][gc,heap     ] GC(13)  Capacity:       64M (100%)         64M (100%)         64M (100%)         64M (100%)         64M (100%)         64M (100%)   
[2026-06-17T10:03:05.449+0800][0.703s][info][gc,heap     ] GC(13)      Free:        0M (0%)            0M (0%)            0M (0%)            0M (0%)            2M (3%)            0M (0%)     
[2026-06-17T10:03:05.449+0800][0.703s][info][gc,heap     ] GC(13)      Used:       64M (100%)         64M (100%)         64M (100%)         64M (100%)         64M (100%)         62M (97%)    
[2026-06-17T10:03:05.449+0800][0.703s][info][gc,heap     ] GC(13)      Live:         -                59M (93%)          59M (93%)          59M (93%)            -                  -          
[2026-06-17T10:03:05.449+0800][0.704s][info][gc,heap     ] GC(13) Allocated:         -                 0M (0%)            2M (3%)            2M (3%)             -                  -          
[2026-06-17T10:03:05.449+0800][0.704s][info][gc,heap     ] GC(13)   Garbage:         -                 4M (7%)            2M (4%)            2M (4%)             -                  -          
[2026-06-17T10:03:05.449+0800][0.704s][info][gc,heap     ] GC(13) Reclaimed:         -                  -                 2M (3%)            2M (3%)             -                  -          
[2026-06-17T10:03:05.449+0800][0.704s][info][gc          ] GC(13) Garbage Collection (Allocation Stall) 64M(100%)->64M(100%)
[2026-06-17T10:03:05.449+0800][0.704s][info][gc,start    ] GC(14) Garbage Collection (Allocation Stall)
[2026-06-17T10:03:05.449+0800][0.704s][info][gc,ref      ] GC(14) Clearing All SoftReferences
[2026-06-17T10:03:05.450+0800][0.704s][info][gc,task     ] GC(14) Using 1 workers
[2026-06-17T10:03:05.450+0800][0.704s][info][gc,ref      ] GC(14) Clearing All SoftReferences
[2026-06-17T10:03:05.450+0800][0.704s][info][gc,phases   ] GC(14) Pause Mark Start 0.089ms
[2026-06-17T10:03:05.451+0800][0.705s][info][gc,phases   ] GC(14) Concurrent Mark 0.648ms
[2026-06-17T10:03:05.451+0800][0.705s][info][gc,phases   ] GC(14) Pause Mark End 0.003ms
[2026-06-17T10:03:05.451+0800][0.705s][info][gc,phases   ] GC(14) Concurrent Mark Free 0.001ms
[2026-06-17T10:03:05.451+0800][0.706s][info][gc,phases   ] GC(14) Concurrent Process Non-Strong References 0.320ms
[2026-06-17T10:03:05.451+0800][0.706s][info][gc,phases   ] GC(14) Concurrent Reset Relocation Set 0.001ms
[2026-06-17T10:03:05.452+0800][0.707s][info][gc,phases   ] GC(14) Concurrent Select Relocation Set 0.752ms
[2026-06-17T10:03:05.452+0800][0.707s][info][gc          ] Allocation Stall (main) 5.687ms
[2026-06-17T10:03:05.453+0800][0.707s][info][gc,phases   ] GC(14) Pause Relocate Start 0.003ms
[2026-06-17T10:03:05.453+0800][0.707s][info][gc,phases   ] GC(14) Concurrent Relocate 0.032ms
[2026-06-17T10:03:05.453+0800][0.708s][info][gc,load     ] GC(14) Load: 0.27/0.41/0.50
[2026-06-17T10:03:05.453+0800][0.708s][info][gc,mmu      ] GC(14) MMU: 2ms/72.0%, 5ms/88.6%, 10ms/94.3%, 20ms/97.1%, 50ms/98.2%, 100ms/98.5%
[2026-06-17T10:03:05.453+0800][0.708s][info][gc,marking  ] GC(14) Mark: 1 stripe(s), 1 proactive flush(es), 1 terminate flush(es), 0 completion(s), 0 continuation(s) 
[2026-06-17T10:03:05.453+0800][0.708s][info][gc,marking  ] GC(14) Mark Stack Usage: 32M
[2026-06-17T10:03:05.453+0800][0.708s][info][gc,nmethod  ] GC(14) NMethods: 67 registered, 3 unregistered
[2026-06-17T10:03:05.453+0800][0.708s][info][gc,metaspace] GC(14) Metaspace: 0M used, 0M committed, 1088M reserved
[2026-06-17T10:03:05.453+0800][0.708s][info][gc,ref      ] GC(14) Soft: 0 encountered, 0 discovered, 0 enqueued
[2026-06-17T10:03:05.453+0800][0.708s][info][gc,ref      ] GC(14) Weak: 6 encountered, 0 discovered, 0 enqueued
[2026-06-17T10:03:05.454+0800][0.708s][info][gc,ref      ] GC(14) Final: 0 encountered, 0 discovered, 0 enqueued
[2026-06-17T10:03:05.454+0800][0.708s][info][gc,ref      ] GC(14) Phantom: 1 encountered, 0 discovered, 0 enqueued
[2026-06-17T10:03:05.454+0800][0.708s][info][gc,reloc    ] GC(14) Small Pages: 6 / 12M, Empty: 4M, Relocated: 0M, In-Place: 0
[2026-06-17T10:03:05.454+0800][0.708s][info][gc,reloc    ] GC(14) Large Pages: 26 / 52M, Empty: 0M, Relocated: 0M, In-Place: 0
[2026-06-17T10:03:05.454+0800][0.708s][info][gc,reloc    ] GC(14) Forwarding Usage: 0M
[2026-06-17T10:03:05.454+0800][0.708s][info][gc,heap     ] GC(14) Min Capacity: 64M(100%)
[2026-06-17T10:03:05.454+0800][0.709s][info][gc,heap     ] GC(14) Max Capacity: 64M(100%)
[2026-06-17T10:03:05.454+0800][0.709s][info][gc,heap     ] GC(14) Soft Max Capacity: 64M(100%)
[2026-06-17T10:03:05.454+0800][0.709s][info][gc,heap     ] GC(14)                Mark Start          Mark End        Relocate Start      Relocate End           High               Low         
[2026-06-17T10:03:05.454+0800][0.709s][info][gc,heap     ] GC(14)  Capacity:       64M (100%)         64M (100%)         64M (100%)         64M (100%)         64M (100%)         64M (100%)   
[2026-06-17T10:03:05.454+0800][0.709s][info][gc,heap     ] GC(14)      Free:        0M (0%)            0M (0%)            2M (3%)            2M (3%)            4M (6%)            0M (0%)     
[2026-06-17T10:03:05.454+0800][0.709s][info][gc,heap     ] GC(14)      Used:       64M (100%)         64M (100%)         62M (97%)          62M (97%)          64M (100%)         60M (94%)    
[2026-06-17T10:03:05.454+0800][0.709s][info][gc,heap     ] GC(14)      Live:         -                57M (90%)          57M (90%)          57M (90%)            -                  -          
[2026-06-17T10:03:05.454+0800][0.709s][info][gc,heap     ] GC(14) Allocated:         -                 0M (0%)            2M (3%)            2M (3%)             -                  -          
[2026-06-17T10:03:05.454+0800][0.709s][info][gc,heap     ] GC(14)   Garbage:         -                 6M (10%)           2M (4%)            2M (4%)             -                  -          
[2026-06-17T10:03:05.455+0800][0.709s][info][gc,heap     ] GC(14) Reclaimed:         -                  -                 4M (6%)            4M (6%)             -                  -          
[2026-06-17T10:03:05.455+0800][0.709s][info][gc          ] GC(14) Garbage Collection (Allocation Stall) 64M(100%)->62M(97%)
[2026-06-17T10:03:05.463+0800][0.718s][info][gc,start    ] GC(15) Garbage Collection (Allocation Stall)
[2026-06-17T10:03:05.463+0800][0.718s][info][gc,ref      ] GC(15) Clearing All SoftReferences
[2026-06-17T10:03:05.463+0800][0.718s][info][gc,task     ] GC(15) Using 1 workers
[2026-06-17T10:03:05.464+0800][0.718s][info][gc,ref      ] GC(15) Clearing All SoftReferences
[2026-06-17T10:03:05.464+0800][0.718s][info][gc,phases   ] GC(15) Pause Mark Start 0.111ms
[2026-06-17T10:03:05.465+0800][0.719s][info][gc,phases   ] GC(15) Concurrent Mark 0.815ms
[2026-06-17T10:03:05.465+0800][0.719s][info][gc,phases   ] GC(15) Pause Mark End 0.005ms
[2026-06-17T10:03:05.465+0800][0.720s][info][gc,phases   ] GC(15) Concurrent Mark Free 0.001ms
[2026-06-17T10:03:05.465+0800][0.720s][info][gc,phases   ] GC(15) Concurrent Process Non-Strong References 0.248ms
[2026-06-17T10:03:05.466+0800][0.720s][info][gc,phases   ] GC(15) Concurrent Reset Relocation Set 0.000ms
[2026-06-17T10:03:05.467+0800][0.721s][info][gc,phases   ] GC(15) Concurrent Select Relocation Set 1.017ms
[2026-06-17T10:03:05.467+0800][0.721s][info][gc,phases   ] GC(15) Pause Relocate Start 0.003ms
[2026-06-17T10:03:05.467+0800][0.722s][info][gc,phases   ] GC(15) Concurrent Relocate 0.032ms
[2026-06-17T10:03:05.467+0800][0.722s][info][gc,load     ] GC(15) Load: 0.27/0.41/0.50
[2026-06-17T10:03:05.467+0800][0.722s][info][gc,mmu      ] GC(15) MMU: 2ms/72.0%, 5ms/88.6%, 10ms/94.3%, 20ms/97.1%, 50ms/98.2%, 100ms/98.5%
[2026-06-17T10:03:05.467+0800][0.722s][info][gc,marking  ] GC(15) Mark: 1 stripe(s), 1 proactive flush(es), 1 terminate flush(es), 0 completion(s), 0 continuation(s) 
[2026-06-17T10:03:05.467+0800][0.722s][info][gc,marking  ] GC(15) Mark Stack Usage: 32M
[2026-06-17T10:03:05.467+0800][0.722s][info][gc,nmethod  ] GC(15) NMethods: 67 registered, 3 unregistered
[2026-06-17T10:03:05.467+0800][0.722s][info][gc,metaspace] GC(15) Metaspace: 0M used, 0M committed, 1088M reserved
[2026-06-17T10:03:05.468+0800][0.722s][info][gc,ref      ] GC(15) Soft: 0 encountered, 0 discovered, 0 enqueued
[2026-06-17T10:03:05.468+0800][0.722s][info][gc,ref      ] GC(15) Weak: 6 encountered, 0 discovered, 0 enqueued
[2026-06-17T10:03:05.468+0800][0.722s][info][gc,ref      ] GC(15) Final: 0 encountered, 0 discovered, 0 enqueued
[2026-06-17T10:03:05.468+0800][0.722s][info][gc,ref      ] GC(15) Phantom: 1 encountered, 0 discovered, 0 enqueued
[2026-06-17T10:03:05.468+0800][0.722s][info][gc,reloc    ] GC(15) Small Pages: 5 / 10M, Empty: 0M, Relocated: 0M, In-Place: 0
[2026-06-17T10:03:05.468+0800][0.722s][info][gc,reloc    ] GC(15) Large Pages: 27 / 54M, Empty: 0M, Relocated: 0M, In-Place: 0
[2026-06-17T10:03:05.468+0800][0.723s][info][gc,reloc    ] GC(15) Forwarding Usage: 0M
[2026-06-17T10:03:05.468+0800][0.723s][info][gc,heap     ] GC(15) Min Capacity: 64M(100%)
[2026-06-17T10:03:05.469+0800][0.724s][info][gc,heap     ] GC(15) Max Capacity: 64M(100%)
[2026-06-17T10:03:05.469+0800][0.724s][info][gc,heap     ] GC(15) Soft Max Capacity: 64M(100%)
[2026-06-17T10:03:05.470+0800][0.724s][info][gc,heap     ] GC(15)                Mark Start          Mark End        Relocate Start      Relocate End           High               Low         
[2026-06-17T10:03:05.470+0800][0.724s][info][gc,heap     ] GC(15)  Capacity:       64M (100%)         64M (100%)         64M (100%)         64M (100%)         64M (100%)         64M (100%)   
[2026-06-17T10:03:05.470+0800][0.725s][info][gc,heap     ] GC(15)      Free:        0M (0%)            0M (0%)            0M (0%)            0M (0%)            0M (0%)            0M (0%)     
[2026-06-17T10:03:05.470+0800][0.725s][info][gc,heap     ] GC(15)      Used:       64M (100%)         64M (100%)         64M (100%)         64M (100%)         64M (100%)         64M (100%)   
[2026-06-17T10:03:05.470+0800][0.725s][info][gc,heap     ] GC(15)      Live:         -                61M (96%)          61M (96%)          61M (96%)            -                  -          
[2026-06-17T10:03:05.470+0800][0.725s][info][gc,heap     ] GC(15) Allocated:         -                 0M (0%)            0M (0%)            0M (0%)             -                  -          
[2026-06-17T10:03:05.470+0800][0.725s][info][gc,heap     ] GC(15)   Garbage:         -                 2M (4%)            2M (4%)            2M (4%)             -                  -          
[2026-06-17T10:03:05.471+0800][0.725s][info][gc,heap     ] GC(15) Reclaimed:         -                  -                 0M (0%)            0M (0%)             -                  -          
[2026-06-17T10:03:05.471+0800][0.725s][info][gc          ] GC(15) Garbage Collection (Allocation Stall) 64M(100%)->64M(100%)
[2026-06-17T10:03:05.471+0800][0.725s][info][gc          ] Allocation Stall (main) 7.744ms
[2026-06-17T10:03:05.471+0800][0.726s][info][gc          ] Out Of Memory (main)
[2026-06-17T10:03:05.471+0800][0.726s][info][gc,start    ] GC(16) Garbage Collection (Allocation Stall)
[2026-06-17T10:03:05.471+0800][0.726s][info][gc,ref      ] GC(16) Clearing All SoftReferences
[2026-06-17T10:03:05.471+0800][0.726s][info][gc,task     ] GC(16) Using 1 workers
[2026-06-17T10:03:05.471+0800][0.726s][info][gc,ref      ] GC(16) Clearing All SoftReferences
[2026-06-17T10:03:05.472+0800][0.726s][info][gc,phases   ] GC(16) Pause Mark Start 0.074ms
[2026-06-17T10:03:05.472+0800][0.727s][info][gc,phases   ] GC(16) Concurrent Mark 0.620ms
[2026-06-17T10:03:05.472+0800][0.727s][info][gc,phases   ] GC(16) Pause Mark End 0.004ms
[2026-06-17T10:03:05.473+0800][0.727s][info][gc,phases   ] GC(16) Concurrent Mark Free 0.001ms
[2026-06-17T10:03:05.473+0800][0.727s][info][gc,phases   ] GC(16) Concurrent Process Non-Strong References 0.273ms
[2026-06-17T10:03:05.473+0800][0.728s][info][gc,phases   ] GC(16) Concurrent Reset Relocation Set 0.001ms
[2026-06-17T10:03:05.474+0800][0.729s][info][gc,phases   ] GC(16) Concurrent Select Relocation Set 0.769ms
[2026-06-17T10:03:05.474+0800][0.729s][info][gc,phases   ] GC(16) Pause Relocate Start 0.002ms
[2026-06-17T10:03:05.475+0800][0.729s][info][gc          ] Allocation Stall (main) 3.468ms
[2026-06-17T10:03:05.475+0800][0.729s][info][gc,phases   ] GC(16) Concurrent Relocate 0.122ms
[2026-06-17T10:03:05.475+0800][0.729s][info][gc,load     ] GC(16) Load: 0.27/0.41/0.50
[2026-06-17T10:03:05.475+0800][0.729s][info][gc,mmu      ] GC(16) MMU: 2ms/72.0%, 5ms/88.6%, 10ms/94.3%, 20ms/97.1%, 50ms/98.2%, 100ms/98.5%
[2026-06-17T10:03:05.475+0800][0.730s][info][gc,marking  ] GC(16) Mark: 1 stripe(s), 1 proactive flush(es), 1 terminate flush(es), 0 completion(s), 0 continuation(s) 
[2026-06-17T10:03:05.475+0800][0.730s][info][gc,marking  ] GC(16) Mark Stack Usage: 32M
[2026-06-17T10:03:05.475+0800][0.730s][info][gc,nmethod  ] GC(16) NMethods: 67 registered, 3 unregistered
[2026-06-17T10:03:05.475+0800][0.730s][info][gc,metaspace] GC(16) Metaspace: 0M used, 0M committed, 1088M reserved
[2026-06-17T10:03:05.475+0800][0.730s][info][gc,ref      ] GC(16) Soft: 0 encountered, 0 discovered, 0 enqueued
[2026-06-17T10:03:05.475+0800][0.730s][info][gc,ref      ] GC(16) Weak: 6 encountered, 0 discovered, 0 enqueued
[2026-06-17T10:03:05.475+0800][0.730s][info][gc,ref      ] GC(16) Final: 0 encountered, 0 discovered, 0 enqueued
[2026-06-17T10:03:05.475+0800][0.730s][info][gc,ref      ] GC(16) Phantom: 1 encountered, 0 discovered, 0 enqueued
[2026-06-17T10:03:05.476+0800][0.730s][info][gc,reloc    ] GC(16) Small Pages: 5 / 10M, Empty: 0M, Relocated: 1M, In-Place: 1
[2026-06-17T10:03:05.476+0800][0.730s][info][gc,reloc    ] GC(16) Large Pages: 27 / 54M, Empty: 0M, Relocated: 0M, In-Place: 0
[2026-06-17T10:03:05.476+0800][0.730s][info][gc,reloc    ] GC(16) Forwarding Usage: 0M
[2026-06-17T10:03:05.476+0800][0.730s][info][gc,heap     ] GC(16) Min Capacity: 64M(100%)
[2026-06-17T10:03:05.476+0800][0.730s][info][gc,heap     ] GC(16) Max Capacity: 64M(100%)
[2026-06-17T10:03:05.476+0800][0.730s][info][gc,heap     ] GC(16) Soft Max Capacity: 64M(100%)
[2026-06-17T10:03:05.476+0800][0.730s][info][gc,heap     ] GC(16)                Mark Start          Mark End        Relocate Start      Relocate End           High               Low         
[2026-06-17T10:03:05.476+0800][0.731s][info][gc,heap     ] GC(16)  Capacity:       64M (100%)         64M (100%)         64M (100%)         64M (100%)         64M (100%)         64M (100%)   
[2026-06-17T10:03:05.476+0800][0.731s][info][gc,heap     ] GC(16)      Free:        0M (0%)            0M (0%)            0M (0%)            0M (0%)            2M (3%)            0M (0%)     
[2026-06-17T10:03:05.476+0800][0.731s][info][gc,heap     ] GC(16)      Used:       64M (100%)         64M (100%)         64M (100%)         64M (100%)         64M (100%)         62M (97%)    
[2026-06-17T10:03:05.476+0800][0.731s][info][gc,heap     ] GC(16)      Live:         -                60M (94%)          60M (94%)          60M (94%)            -                  -          
[2026-06-17T10:03:05.476+0800][0.731s][info][gc,heap     ] GC(16) Allocated:         -                 0M (0%)            0M (0%)            2M (3%)             -                  -          
[2026-06-17T10:03:05.476+0800][0.731s][info][gc,heap     ] GC(16)   Garbage:         -                 3M (6%)            3M (6%)            1M (3%)             -                  -          
[2026-06-17T10:03:05.476+0800][0.731s][info][gc,heap     ] GC(16) Reclaimed:         -                  -                 0M (0%)            2M (3%)             -                  -          
[2026-06-17T10:03:05.476+0800][0.731s][info][gc          ] GC(16) Garbage Collection (Allocation Stall) 64M(100%)->64M(100%)
[2026-06-17T10:03:05.573+0800][0.827s][info][gc,start    ] GC(17) Garbage Collection (Allocation Rate)
[2026-06-17T10:03:05.573+0800][0.828s][info][gc,task     ] GC(17) Using 1 workers
[2026-06-17T10:03:05.574+0800][0.828s][info][gc,phases   ] GC(17) Pause Mark Start 0.008ms
[2026-06-17T10:03:05.575+0800][0.829s][info][gc,phases   ] GC(17) Concurrent Mark 0.707ms
[2026-06-17T10:03:05.575+0800][0.830s][info][gc,phases   ] GC(17) Pause Mark End 0.007ms
[2026-06-17T10:03:05.575+0800][0.830s][info][gc,phases   ] GC(17) Concurrent Mark Free 0.001ms
[2026-06-17T10:03:05.576+0800][0.830s][info][gc,phases   ] GC(17) Concurrent Process Non-Strong References 0.292ms
[2026-06-17T10:03:05.576+0800][0.830s][info][gc,phases   ] GC(17) Concurrent Reset Relocation Set 0.001ms
[2026-06-17T10:03:05.577+0800][0.831s][info][gc,phases   ] GC(17) Concurrent Select Relocation Set 0.759ms
[2026-06-17T10:03:05.577+0800][0.832s][info][gc,phases   ] GC(17) Pause Relocate Start 0.003ms
[2026-06-17T10:03:05.577+0800][0.832s][info][gc,phases   ] GC(17) Concurrent Relocate 0.332ms
[2026-06-17T10:03:05.578+0800][0.832s][info][gc,load     ] GC(17) Load: 0.27/0.41/0.50
[2026-06-17T10:03:05.578+0800][0.832s][info][gc,mmu      ] GC(17) MMU: 2ms/72.0%, 5ms/88.6%, 10ms/94.3%, 20ms/97.1%, 50ms/98.2%, 100ms/98.5%
[2026-06-17T10:03:05.578+0800][0.832s][info][gc,marking  ] GC(17) Mark: 1 stripe(s), 1 proactive flush(es), 1 terminate flush(es), 0 completion(s), 0 continuation(s) 
[2026-06-17T10:03:05.578+0800][0.833s][info][gc,marking  ] GC(17) Mark Stack Usage: 32M
[2026-06-17T10:03:05.578+0800][0.833s][info][gc,nmethod  ] GC(17) NMethods: 67 registered, 3 unregistered
[2026-06-17T10:03:05.578+0800][0.833s][info][gc,metaspace] GC(17) Metaspace: 0M used, 0M committed, 1088M reserved
[2026-06-17T10:03:05.578+0800][0.833s][info][gc,ref      ] GC(17) Soft: 0 encountered, 0 discovered, 0 enqueued
[2026-06-17T10:03:05.578+0800][0.833s][info][gc,ref      ] GC(17) Weak: 6 encountered, 0 discovered, 0 enqueued
[2026-06-17T10:03:05.578+0800][0.833s][info][gc,ref      ] GC(17) Final: 0 encountered, 0 discovered, 0 enqueued
[2026-06-17T10:03:05.578+0800][0.833s][info][gc,ref      ] GC(17) Phantom: 1 encountered, 0 discovered, 0 enqueued
[2026-06-17T10:03:05.578+0800][0.833s][info][gc,reloc    ] GC(17) Small Pages: 5 / 10M, Empty: 2M, Relocated: 1M, In-Place: 0
[2026-06-17T10:03:05.579+0800][0.833s][info][gc,reloc    ] GC(17) Large Pages: 27 / 54M, Empty: 42M, Relocated: 0M, In-Place: 0
[2026-06-17T10:03:05.579+0800][0.833s][info][gc,reloc    ] GC(17) Forwarding Usage: 0M
[2026-06-17T10:03:05.579+0800][0.833s][info][gc,heap     ] GC(17) Min Capacity: 64M(100%)
[2026-06-17T10:03:05.579+0800][0.833s][info][gc,heap     ] GC(17) Max Capacity: 64M(100%)
[2026-06-17T10:03:05.579+0800][0.833s][info][gc,heap     ] GC(17) Soft Max Capacity: 64M(100%)
[2026-06-17T10:03:05.579+0800][0.833s][info][gc,heap     ] GC(17)                Mark Start          Mark End        Relocate Start      Relocate End           High               Low         
[2026-06-17T10:03:05.579+0800][0.834s][info][gc,heap     ] GC(17)  Capacity:       64M (100%)         64M (100%)         64M (100%)         64M (100%)         64M (100%)         64M (100%)   
[2026-06-17T10:03:05.579+0800][0.834s][info][gc,heap     ] GC(17)      Free:        0M (0%)            0M (0%)           44M (69%)          48M (75%)          48M (75%)           0M (0%)     
[2026-06-17T10:03:05.579+0800][0.834s][info][gc,heap     ] GC(17)      Used:       64M (100%)         64M (100%)         20M (31%)          16M (25%)          64M (100%)         16M (25%)    
[2026-06-17T10:03:05.579+0800][0.834s][info][gc,heap     ] GC(17)      Live:         -                14M (23%)          14M (23%)          14M (23%)            -                  -          
[2026-06-17T10:03:05.579+0800][0.834s][info][gc,heap     ] GC(17) Allocated:         -                 0M (0%)            0M (0%)            0M (0%)             -                  -          
[2026-06-17T10:03:05.579+0800][0.834s][info][gc,heap     ] GC(17)   Garbage:         -                49M (77%)           5M (8%)            1M (2%)             -                  -          
[2026-06-17T10:03:05.579+0800][0.834s][info][gc,heap     ] GC(17) Reclaimed:         -                  -                44M (69%)          48M (75%)            -                  -          
[2026-06-17T10:03:05.580+0800][0.834s][info][gc          ] GC(17) Garbage Collection (Allocation Rate) 64M(100%)->16M(25%)
[2026-06-17T10:03:05.672+0800][0.927s][info][gc,start    ] GC(18) Garbage Collection (Allocation Rate)
[2026-06-17T10:03:05.673+0800][0.927s][info][gc,task     ] GC(18) Using 1 workers
[2026-06-17T10:03:05.674+0800][0.928s][info][gc,phases   ] GC(18) Pause Mark Start 0.018ms
[2026-06-17T10:03:05.678+0800][0.932s][info][gc,phases   ] GC(18) Concurrent Mark 2.967ms
[2026-06-17T10:03:05.678+0800][0.933s][info][gc,phases   ] GC(18) Pause Mark End 0.014ms
[2026-06-17T10:03:05.679+0800][0.934s][info][gc,phases   ] GC(18) Concurrent Mark Free 0.002ms
[2026-06-17T10:03:05.681+0800][0.935s][info][gc,phases   ] GC(18) Concurrent Process Non-Strong References 1.027ms
[2026-06-17T10:03:05.681+0800][0.936s][info][gc,phases   ] GC(18) Concurrent Reset Relocation Set 0.002ms
[2026-06-17T10:03:05.684+0800][0.939s][info][gc,phases   ] GC(18) Concurrent Select Relocation Set 2.215ms
[2026-06-17T10:03:05.685+0800][0.939s][info][gc,phases   ] GC(18) Pause Relocate Start 0.006ms
[2026-06-17T10:03:05.685+0800][0.940s][info][gc,phases   ] GC(18) Concurrent Relocate 0.094ms
[2026-06-17T10:03:05.686+0800][0.940s][info][gc,load     ] GC(18) Load: 0.27/0.41/0.50
[2026-06-17T10:03:05.686+0800][0.941s][info][gc,mmu      ] GC(18) MMU: 2ms/72.0%, 5ms/88.6%, 10ms/94.3%, 20ms/97.1%, 50ms/98.2%, 100ms/98.5%
[2026-06-17T10:03:05.687+0800][0.941s][info][gc,marking  ] GC(18) Mark: 1 stripe(s), 2 proactive flush(es), 1 terminate flush(es), 0 completion(s), 0 continuation(s) 
[2026-06-17T10:03:05.687+0800][0.942s][info][gc,marking  ] GC(18) Mark Stack Usage: 32M
[2026-06-17T10:03:05.688+0800][0.942s][info][gc,nmethod  ] GC(18) NMethods: 67 registered, 3 unregistered
[2026-06-17T10:03:05.688+0800][0.943s][info][gc,metaspace] GC(18) Metaspace: 0M used, 0M committed, 1088M reserved
[2026-06-17T10:03:05.688+0800][0.943s][info][gc,ref      ] GC(18) Soft: 0 encountered, 0 discovered, 0 enqueued
[2026-06-17T10:03:05.688+0800][0.943s][info][gc,ref      ] GC(18) Weak: 6 encountered, 0 discovered, 0 enqueued
[2026-06-17T10:03:05.689+0800][0.943s][info][gc,ref      ] GC(18) Final: 0 encountered, 0 discovered, 0 enqueued
[2026-06-17T10:03:05.689+0800][0.943s][info][gc,ref      ] GC(18) Phantom: 1 encountered, 0 discovered, 0 enqueued
[2026-06-17T10:03:05.689+0800][0.944s][info][gc,reloc    ] GC(18) Small Pages: 2 / 4M, Empty: 0M, Relocated: 0M, In-Place: 0
[2026-06-17T10:03:05.689+0800][0.944s][info][gc,reloc    ] GC(18) Large Pages: 6 / 12M, Empty: 0M, Relocated: 0M, In-Place: 0
[2026-06-17T10:03:05.689+0800][0.944s][info][gc,reloc    ] GC(18) Forwarding Usage: 0M
[2026-06-17T10:03:05.689+0800][0.944s][info][gc,heap     ] GC(18) Min Capacity: 64M(100%)
[2026-06-17T10:03:05.690+0800][0.944s][info][gc,heap     ] GC(18) Max Capacity: 64M(100%)
[2026-06-17T10:03:05.690+0800][0.944s][info][gc,heap     ] GC(18) Soft Max Capacity: 64M(100%)
[2026-06-17T10:03:05.690+0800][0.945s][info][gc,heap     ] GC(18)                Mark Start          Mark End        Relocate Start      Relocate End           High               Low         
[2026-06-17T10:03:05.690+0800][0.945s][info][gc,heap     ] GC(18)  Capacity:       64M (100%)         64M (100%)         64M (100%)         64M (100%)         64M (100%)         64M (100%)   
[2026-06-17T10:03:05.690+0800][0.945s][info][gc,heap     ] GC(18)      Free:       48M (75%)          48M (75%)          48M (75%)          46M (72%)          48M (75%)          46M (72%)    
[2026-06-17T10:03:05.690+0800][0.945s][info][gc,heap     ] GC(18)      Used:       16M (25%)          16M (25%)          16M (25%)          18M (28%)          18M (28%)          16M (25%)    
[2026-06-17T10:03:05.690+0800][0.945s][info][gc,heap     ] GC(18)      Live:         -                14M (23%)          14M (23%)          14M (23%)            -                  -          
[2026-06-17T10:03:05.691+0800][0.945s][info][gc,heap     ] GC(18) Allocated:         -                 0M (0%)            0M (0%)            2M (3%)             -                  -          
[2026-06-17T10:03:05.691+0800][0.945s][info][gc,heap     ] GC(18)   Garbage:         -                 1M (2%)            1M (2%)            1M (2%)             -                  -          
[2026-06-17T10:03:05.691+0800][0.945s][info][gc,heap     ] GC(18) Reclaimed:         -                  -                 0M (0%)            0M (0%)             -                  -          
[2026-06-17T10:03:05.691+0800][0.945s][info][gc          ] GC(18) Garbage Collection (Allocation Rate) 16M(25%)->18M(28%)
[2026-06-17T10:03:05.772+0800][1.027s][info][gc,start    ] GC(19) Garbage Collection (Allocation Rate)
[2026-06-17T10:03:05.773+0800][1.028s][info][gc,task     ] GC(19) Using 1 workers
[2026-06-17T10:03:05.774+0800][1.028s][info][gc,phases   ] GC(19) Pause Mark Start 0.013ms
[2026-06-17T10:03:05.776+0800][1.031s][info][gc,phases   ] GC(19) Concurrent Mark 2.003ms
[2026-06-17T10:03:05.777+0800][1.031s][info][gc,phases   ] GC(19) Pause Mark End 0.009ms
[2026-06-17T10:03:05.777+0800][1.031s][info][gc,phases   ] GC(19) Concurrent Mark Free 0.001ms
[2026-06-17T10:03:05.777+0800][1.032s][info][gc,phases   ] GC(19) Concurrent Process Non-Strong References 0.453ms
[2026-06-17T10:03:05.778+0800][1.032s][info][gc,phases   ] GC(19) Concurrent Reset Relocation Set 0.000ms
[2026-06-17T10:03:05.779+0800][1.034s][info][gc,phases   ] GC(19) Concurrent Select Relocation Set 1.307ms
[2026-06-17T10:03:05.780+0800][1.034s][info][gc,phases   ] GC(19) Pause Relocate Start 0.005ms
[2026-06-17T10:03:05.780+0800][1.035s][info][gc,phases   ] GC(19) Concurrent Relocate 0.469ms
[2026-06-17T10:03:05.781+0800][1.035s][info][gc,load     ] GC(19) Load: 0.27/0.41/0.50
[2026-06-17T10:03:05.781+0800][1.035s][info][gc,mmu      ] GC(19) MMU: 2ms/72.0%, 5ms/88.6%, 10ms/94.3%, 20ms/97.1%, 50ms/98.2%, 100ms/98.5%
[2026-06-17T10:03:05.781+0800][1.035s][info][gc,marking  ] GC(19) Mark: 1 stripe(s), 2 proactive flush(es), 1 terminate flush(es), 0 completion(s), 0 continuation(s) 
[2026-06-17T10:03:05.781+0800][1.036s][info][gc,marking  ] GC(19) Mark Stack Usage: 32M
[2026-06-17T10:03:05.781+0800][1.036s][info][gc,nmethod  ] GC(19) NMethods: 67 registered, 3 unregistered
[2026-06-17T10:03:05.781+0800][1.036s][info][gc,metaspace] GC(19) Metaspace: 0M used, 0M committed, 1088M reserved
[2026-06-17T10:03:05.782+0800][1.036s][info][gc,ref      ] GC(19) Soft: 0 encountered, 0 discovered, 0 enqueued
[2026-06-17T10:03:05.782+0800][1.036s][info][gc,ref      ] GC(19) Weak: 6 encountered, 0 discovered, 0 enqueued
[2026-06-17T10:03:05.782+0800][1.037s][info][gc,ref      ] GC(19) Final: 0 encountered, 0 discovered, 0 enqueued
[2026-06-17T10:03:05.782+0800][1.037s][info][gc,ref      ] GC(19) Phantom: 1 encountered, 0 discovered, 0 enqueued
[2026-06-17T10:03:05.782+0800][1.037s][info][gc,reloc    ] GC(19) Small Pages: 17 / 34M, Empty: 20M, Relocated: 3M, In-Place: 0
[2026-06-17T10:03:05.783+0800][1.037s][info][gc,reloc    ] GC(19) Large Pages: 11 / 22M, Empty: 0M, Relocated: 0M, In-Place: 0
[2026-06-17T10:03:05.783+0800][1.037s][info][gc,reloc    ] GC(19) Forwarding Usage: 0M
[2026-06-17T10:03:05.783+0800][1.037s][info][gc,heap     ] GC(19) Min Capacity: 64M(100%)
[2026-06-17T10:03:05.783+0800][1.037s][info][gc,heap     ] GC(19) Max Capacity: 64M(100%)
[2026-06-17T10:03:05.783+0800][1.038s][info][gc,heap     ] GC(19) Soft Max Capacity: 64M(100%)
[2026-06-17T10:03:05.783+0800][1.038s][info][gc,heap     ] GC(19)                Mark Start          Mark End        Relocate Start      Relocate End           High               Low         
[2026-06-17T10:03:05.783+0800][1.038s][info][gc,heap     ] GC(19)  Capacity:       64M (100%)         64M (100%)         64M (100%)         64M (100%)         64M (100%)         64M (100%)   
[2026-06-17T10:03:05.783+0800][1.038s][info][gc,heap     ] GC(19)      Free:        8M (12%)           0M (0%)           20M (31%)          24M (38%)          24M (38%)           0M (0%)     
[2026-06-17T10:03:05.783+0800][1.038s][info][gc,heap     ] GC(19)      Used:       56M (88%)          64M (100%)         44M (69%)          40M (62%)          64M (100%)         40M (62%)    
[2026-06-17T10:03:05.783+0800][1.038s][info][gc,heap     ] GC(19)      Live:         -                29M (46%)          29M (46%)          29M (46%)            -                  -          
[2026-06-17T10:03:05.784+0800][1.038s][info][gc,heap     ] GC(19) Allocated:         -                 8M (12%)           8M (12%)           8M (12%)            -                  -          
[2026-06-17T10:03:05.784+0800][1.038s][info][gc,heap     ] GC(19)   Garbage:         -                26M (42%)           6M (11%)           2M (4%)             -                  -          
[2026-06-17T10:03:05.784+0800][1.038s][info][gc,heap     ] GC(19) Reclaimed:         -                  -                20M (31%)          24M (38%)            -                  -          
[2026-06-17T10:03:05.784+0800][1.038s][info][gc          ] GC(19) Garbage Collection (Allocation Rate) 56M(88%)->40M(62%)
[2026-06-17T10:03:05.834+0800][1.088s][info][gc,start    ] GC(20) Garbage Collection (Allocation Stall)
[2026-06-17T10:03:05.834+0800][1.089s][info][gc,ref      ] GC(20) Clearing All SoftReferences
[2026-06-17T10:03:05.834+0800][1.089s][info][gc,task     ] GC(20) Using 1 workers
[2026-06-17T10:03:05.835+0800][1.089s][info][gc,ref      ] GC(20) Clearing All SoftReferences
[2026-06-17T10:03:05.835+0800][1.089s][info][gc,phases   ] GC(20) Pause Mark Start 0.169ms
[2026-06-17T10:03:05.836+0800][1.090s][info][gc,phases   ] GC(20) Concurrent Mark 0.771ms
[2026-06-17T10:03:05.836+0800][1.091s][info][gc,phases   ] GC(20) Pause Mark End 0.004ms
[2026-06-17T10:03:05.836+0800][1.091s][info][gc,phases   ] GC(20) Concurrent Mark Free 0.000ms
[2026-06-17T10:03:05.836+0800][1.091s][info][gc,phases   ] GC(20) Concurrent Process Non-Strong References 0.208ms
[2026-06-17T10:03:05.837+0800][1.091s][info][gc,phases   ] GC(20) Concurrent Reset Relocation Set 0.001ms
[2026-06-17T10:03:05.837+0800][1.092s][info][gc,phases   ] GC(20) Concurrent Select Relocation Set 0.762ms
[2026-06-17T10:03:05.837+0800][1.092s][info][gc          ] Allocation Stall (main) 3.990ms
[2026-06-17T10:03:05.838+0800][1.092s][info][gc,phases   ] GC(20) Pause Relocate Start 0.003ms
[2026-06-17T10:03:05.838+0800][1.093s][info][gc,phases   ] GC(20) Concurrent Relocate 0.409ms
[2026-06-17T10:03:05.838+0800][1.093s][info][gc,load     ] GC(20) Load: 0.27/0.41/0.50
[2026-06-17T10:03:05.839+0800][1.093s][info][gc,mmu      ] GC(20) MMU: 2ms/72.0%, 5ms/88.6%, 10ms/94.3%, 20ms/97.1%, 50ms/98.2%, 100ms/98.5%
[2026-06-17T10:03:05.839+0800][1.093s][info][gc,marking  ] GC(20) Mark: 1 stripe(s), 1 proactive flush(es), 1 terminate flush(es), 0 completion(s), 0 continuation(s) 
[2026-06-17T10:03:05.839+0800][1.093s][info][gc,marking  ] GC(20) Mark Stack Usage: 32M
[2026-06-17T10:03:05.839+0800][1.093s][info][gc,nmethod  ] GC(20) NMethods: 67 registered, 3 unregistered
[2026-06-17T10:03:05.839+0800][1.093s][info][gc,metaspace] GC(20) Metaspace: 0M used, 0M committed, 1088M reserved
[2026-06-17T10:03:05.839+0800][1.093s][info][gc,ref      ] GC(20) Soft: 0 encountered, 0 discovered, 0 enqueued
[2026-06-17T10:03:05.839+0800][1.094s][info][gc,ref      ] GC(20) Weak: 6 encountered, 0 discovered, 0 enqueued
[2026-06-17T10:03:05.839+0800][1.094s][info][gc,ref      ] GC(20) Final: 0 encountered, 0 discovered, 0 enqueued
[2026-06-17T10:03:05.839+0800][1.094s][info][gc,ref      ] GC(20) Phantom: 1 encountered, 0 discovered, 0 enqueued
[2026-06-17T10:03:05.839+0800][1.094s][info][gc,reloc    ] GC(20) Small Pages: 15 / 30M, Empty: 12M, Relocated: 2M, In-Place: 0
[2026-06-17T10:03:05.839+0800][1.094s][info][gc,reloc    ] GC(20) Large Pages: 17 / 34M, Empty: 0M, Relocated: 0M, In-Place: 0
[2026-06-17T10:03:05.839+0800][1.094s][info][gc,reloc    ] GC(20) Forwarding Usage: 0M
[2026-06-17T10:03:05.839+0800][1.094s][info][gc,heap     ] GC(20) Min Capacity: 64M(100%)
[2026-06-17T10:03:05.839+0800][1.094s][info][gc,heap     ] GC(20) Max Capacity: 64M(100%)
[2026-06-17T10:03:05.840+0800][1.094s][info][gc,heap     ] GC(20) Soft Max Capacity: 64M(100%)
[2026-06-17T10:03:05.840+0800][1.094s][info][gc,heap     ] GC(20)                Mark Start          Mark End        Relocate Start      Relocate End           High               Low         
[2026-06-17T10:03:05.840+0800][1.094s][info][gc,heap     ] GC(20)  Capacity:       64M (100%)         64M (100%)         64M (100%)         64M (100%)         64M (100%)         64M (100%)   
[2026-06-17T10:03:05.840+0800][1.094s][info][gc,heap     ] GC(20)      Free:        0M (0%)            0M (0%)           10M (16%)          16M (25%)          16M (25%)           0M (0%)     
[2026-06-17T10:03:05.840+0800][1.094s][info][gc,heap     ] GC(20)      Used:       64M (100%)         64M (100%)         54M (84%)          48M (75%)          64M (100%)         48M (75%)    
[2026-06-17T10:03:05.840+0800][1.095s][info][gc,heap     ] GC(20)      Live:         -                43M (67%)          43M (67%)          43M (67%)            -                  -          
[2026-06-17T10:03:05.840+0800][1.095s][info][gc,heap     ] GC(20) Allocated:         -                 0M (0%)            2M (3%)            1M (3%)             -                  -          
[2026-06-17T10:03:05.840+0800][1.095s][info][gc,heap     ] GC(20)   Garbage:         -                20M (33%)           8M (14%)           2M (4%)             -                  -          
[2026-06-17T10:03:05.840+0800][1.095s][info][gc,heap     ] GC(20) Reclaimed:         -                  -                12M (19%)          17M (28%)            -                  -          
[2026-06-17T10:03:05.840+0800][1.095s][info][gc          ] GC(20) Garbage Collection (Allocation Stall) 64M(100%)->48M(75%)
[2026-06-17T10:03:05.872+0800][1.127s][info][gc,start    ] GC(21) Garbage Collection (Allocation Rate)
[2026-06-17T10:03:05.873+0800][1.127s][info][gc,task     ] GC(21) Using 1 workers
[2026-06-17T10:03:05.873+0800][1.128s][info][gc,phases   ] GC(21) Pause Mark Start 0.005ms
[2026-06-17T10:03:05.874+0800][1.129s][info][gc,phases   ] GC(21) Concurrent Mark 0.998ms
[2026-06-17T10:03:05.875+0800][1.129s][info][gc,phases   ] GC(21) Pause Mark End 0.005ms
[2026-06-17T10:03:05.875+0800][1.129s][info][gc,phases   ] GC(21) Concurrent Mark Free 0.001ms
[2026-06-17T10:03:05.875+0800][1.130s][info][gc,phases   ] GC(21) Concurrent Process Non-Strong References 0.218ms
[2026-06-17T10:03:05.876+0800][1.130s][info][gc,phases   ] GC(21) Concurrent Reset Relocation Set 0.001ms
[2026-06-17T10:03:05.877+0800][1.131s][info][gc,phases   ] GC(21) Concurrent Select Relocation Set 0.783ms
[2026-06-17T10:03:05.877+0800][1.131s][info][gc,phases   ] GC(21) Pause Relocate Start 0.003ms
[2026-06-17T10:03:05.877+0800][1.132s][info][gc,phases   ] GC(21) Concurrent Relocate 0.173ms
[2026-06-17T10:03:05.878+0800][1.132s][info][gc,load     ] GC(21) Load: 0.27/0.41/0.50
[2026-06-17T10:03:05.878+0800][1.132s][info][gc,mmu      ] GC(21) MMU: 2ms/72.0%, 5ms/88.6%, 10ms/94.3%, 20ms/97.1%, 50ms/98.2%, 100ms/98.5%
[2026-06-17T10:03:05.878+0800][1.133s][info][gc,marking  ] GC(21) Mark: 1 stripe(s), 1 proactive flush(es), 1 terminate flush(es), 0 completion(s), 0 continuation(s) 
[2026-06-17T10:03:05.878+0800][1.133s][info][gc,marking  ] GC(21) Mark Stack Usage: 32M
[2026-06-17T10:03:05.878+0800][1.133s][info][gc,nmethod  ] GC(21) NMethods: 67 registered, 3 unregistered
[2026-06-17T10:03:05.878+0800][1.133s][info][gc,metaspace] GC(21) Metaspace: 0M used, 0M committed, 1088M reserved
[2026-06-17T10:03:05.879+0800][1.133s][info][gc,ref      ] GC(21) Soft: 0 encountered, 0 discovered, 0 enqueued
[2026-06-17T10:03:05.879+0800][1.133s][info][gc,ref      ] GC(21) Weak: 6 encountered, 0 discovered, 0 enqueued
[2026-06-17T10:03:05.879+0800][1.133s][info][gc,ref      ] GC(21) Final: 0 encountered, 0 discovered, 0 enqueued
[2026-06-17T10:03:05.879+0800][1.133s][info][gc,ref      ] GC(21) Phantom: 1 encountered, 0 discovered, 0 enqueued
[2026-06-17T10:03:05.879+0800][1.133s][info][gc,reloc    ] GC(21) Small Pages: 12 / 24M, Empty: 12M, Relocated: 1M, In-Place: 0
[2026-06-17T10:03:05.879+0800][1.134s][info][gc,reloc    ] GC(21) Large Pages: 20 / 40M, Empty: 0M, Relocated: 0M, In-Place: 0
[2026-06-17T10:03:05.879+0800][1.134s][info][gc,reloc    ] GC(21) Forwarding Usage: 0M
[2026-06-17T10:03:05.879+0800][1.134s][info][gc,heap     ] GC(21) Min Capacity: 64M(100%)
[2026-06-17T10:03:05.879+0800][1.134s][info][gc,heap     ] GC(21) Max Capacity: 64M(100%)
[2026-06-17T10:03:05.879+0800][1.134s][info][gc,heap     ] GC(21) Soft Max Capacity: 64M(100%)
[2026-06-17T10:03:05.879+0800][1.134s][info][gc,heap     ] GC(21)                Mark Start          Mark End        Relocate Start      Relocate End           High               Low         
[2026-06-17T10:03:05.879+0800][1.134s][info][gc,heap     ] GC(21)  Capacity:       64M (100%)         64M (100%)         64M (100%)         64M (100%)         64M (100%)         64M (100%)   
[2026-06-17T10:03:05.879+0800][1.134s][info][gc,heap     ] GC(21)      Free:        0M (0%)            0M (0%)           12M (19%)          14M (22%)          14M (22%)           0M (0%)     
[2026-06-17T10:03:05.880+0800][1.134s][info][gc,heap     ] GC(21)      Used:       64M (100%)         64M (100%)         52M (81%)          50M (78%)          64M (100%)         50M (78%)    
[2026-06-17T10:03:05.880+0800][1.134s][info][gc,heap     ] GC(21)      Live:         -                47M (74%)          47M (74%)          47M (74%)            -                  -          
[2026-06-17T10:03:05.880+0800][1.134s][info][gc,heap     ] GC(21) Allocated:         -                 0M (0%)            0M (0%)            0M (0%)             -                  -          
[2026-06-17T10:03:05.880+0800][1.134s][info][gc,heap     ] GC(21)   Garbage:         -                16M (26%)           4M (7%)            2M (4%)             -                  -          
[2026-06-17T10:03:05.880+0800][1.134s][info][gc,heap     ] GC(21) Reclaimed:         -                  -                12M (19%)          14M (22%)            -                  -          
[2026-06-17T10:03:05.880+0800][1.134s][info][gc          ] GC(21) Garbage Collection (Allocation Rate) 64M(100%)->50M(78%)
[2026-06-17T10:03:05.881+0800][1.136s][info][gc,start    ] GC(22) Garbage Collection (Allocation Stall)
[2026-06-17T10:03:05.881+0800][1.136s][info][gc,ref      ] GC(22) Clearing All SoftReferences
[2026-06-17T10:03:05.881+0800][1.136s][info][gc,task     ] GC(22) Using 1 workers
[2026-06-17T10:03:05.882+0800][1.136s][info][gc,ref      ] GC(22) Clearing All SoftReferences
[2026-06-17T10:03:05.882+0800][1.136s][info][gc,phases   ] GC(22) Pause Mark Start 0.081ms
[2026-06-17T10:03:05.882+0800][1.137s][info][gc,phases   ] GC(22) Concurrent Mark 0.607ms
[2026-06-17T10:03:05.883+0800][1.137s][info][gc,phases   ] GC(22) Pause Mark End 0.004ms
[2026-06-17T10:03:05.883+0800][1.137s][info][gc,phases   ] GC(22) Concurrent Mark Free 0.001ms
[2026-06-17T10:03:05.883+0800][1.138s][info][gc,phases   ] GC(22) Concurrent Process Non-Strong References 0.188ms
[2026-06-17T10:03:05.883+0800][1.138s][info][gc,phases   ] GC(22) Concurrent Reset Relocation Set 0.001ms
[2026-06-17T10:03:05.884+0800][1.139s][info][gc          ] Allocation Stall (main) 2.837ms
[2026-06-17T10:03:05.884+0800][1.139s][info][gc,phases   ] GC(22) Concurrent Select Relocation Set 0.740ms
[2026-06-17T10:03:05.884+0800][1.139s][info][gc,phases   ] GC(22) Pause Relocate Start 0.003ms
[2026-06-17T10:03:05.885+0800][1.139s][info][gc          ] Relocation Stall (main) 0.065ms
[2026-06-17T10:03:05.885+0800][1.139s][info][gc,phases   ] GC(22) Concurrent Relocate 0.167ms
[2026-06-17T10:03:05.885+0800][1.139s][info][gc,load     ] GC(22) Load: 0.27/0.41/0.50
[2026-06-17T10:03:05.885+0800][1.139s][info][gc,mmu      ] GC(22) MMU: 2ms/72.0%, 5ms/88.6%, 10ms/94.3%, 20ms/97.1%, 50ms/98.2%, 100ms/98.5%
[2026-06-17T10:03:05.885+0800][1.139s][info][gc,marking  ] GC(22) Mark: 1 stripe(s), 1 proactive flush(es), 1 terminate flush(es), 0 completion(s), 0 continuation(s) 
[2026-06-17T10:03:05.885+0800][1.140s][info][gc,marking  ] GC(22) Mark Stack Usage: 32M
[2026-06-17T10:03:05.885+0800][1.140s][info][gc,nmethod  ] GC(22) NMethods: 67 registered, 3 unregistered
[2026-06-17T10:03:05.885+0800][1.140s][info][gc,metaspace] GC(22) Metaspace: 0M used, 0M committed, 1088M reserved
[2026-06-17T10:03:05.885+0800][1.140s][info][gc,ref      ] GC(22) Soft: 0 encountered, 0 discovered, 0 enqueued
[2026-06-17T10:03:05.885+0800][1.140s][info][gc,ref      ] GC(22) Weak: 6 encountered, 0 discovered, 0 enqueued
[2026-06-17T10:03:05.885+0800][1.140s][info][gc,ref      ] GC(22) Final: 0 encountered, 0 discovered, 0 enqueued
[2026-06-17T10:03:05.885+0800][1.140s][info][gc,ref      ] GC(22) Phantom: 1 encountered, 0 discovered, 0 enqueued
[2026-06-17T10:03:05.885+0800][1.140s][info][gc,reloc    ] GC(22) Small Pages: 8 / 16M, Empty: 2M, Relocated: 1M, In-Place: 1
[2026-06-17T10:03:05.886+0800][1.140s][info][gc,reloc    ] GC(22) Large Pages: 24 / 48M, Empty: 0M, Relocated: 0M, In-Place: 0
[2026-06-17T10:03:05.886+0800][1.140s][info][gc,reloc    ] GC(22) Forwarding Usage: 0M
[2026-06-17T10:03:05.886+0800][1.140s][info][gc,heap     ] GC(22) Min Capacity: 64M(100%)
[2026-06-17T10:03:05.886+0800][1.140s][info][gc,heap     ] GC(22) Max Capacity: 64M(100%)
[2026-06-17T10:03:05.886+0800][1.140s][info][gc,heap     ] GC(22) Soft Max Capacity: 64M(100%)
[2026-06-17T10:03:05.886+0800][1.140s][info][gc,heap     ] GC(22)                Mark Start          Mark End        Relocate Start      Relocate End           High               Low         
[2026-06-17T10:03:05.886+0800][1.141s][info][gc,heap     ] GC(22)  Capacity:       64M (100%)         64M (100%)         64M (100%)         64M (100%)         64M (100%)         64M (100%)   
[2026-06-17T10:03:05.886+0800][1.141s][info][gc,heap     ] GC(22)      Free:        0M (0%)            0M (0%)            0M (0%)            4M (6%)            4M (6%)            0M (0%)     
[2026-06-17T10:03:05.886+0800][1.141s][info][gc,heap     ] GC(22)      Used:       64M (100%)         64M (100%)         64M (100%)         60M (94%)          64M (100%)         60M (94%)    
[2026-06-17T10:03:05.886+0800][1.141s][info][gc,heap     ] GC(22)      Live:         -                55M (87%)          55M (87%)          55M (87%)            -                  -          
[2026-06-17T10:03:05.886+0800][1.141s][info][gc,heap     ] GC(22) Allocated:         -                 0M (0%)            2M (3%)            2M (3%)             -                  -          
[2026-06-17T10:03:05.886+0800][1.141s][info][gc,heap     ] GC(22)   Garbage:         -                 8M (13%)           6M (10%)           2M (3%)             -                  -          
[2026-06-17T10:03:05.886+0800][1.141s][info][gc,heap     ] GC(22) Reclaimed:         -                  -                 2M (3%)            6M (9%)             -                  -          
[2026-06-17T10:03:05.886+0800][1.141s][info][gc          ] GC(22) Garbage Collection (Allocation Stall) 64M(100%)->60M(94%)
[2026-06-17T10:03:05.895+0800][1.150s][info][gc,start    ] GC(23) Garbage Collection (Allocation Stall)
[2026-06-17T10:03:05.896+0800][1.150s][info][gc,ref      ] GC(23) Clearing All SoftReferences
[2026-06-17T10:03:05.896+0800][1.150s][info][gc,task     ] GC(23) Using 1 workers
[2026-06-17T10:03:05.896+0800][1.151s][info][gc,ref      ] GC(23) Clearing All SoftReferences
[2026-06-17T10:03:05.896+0800][1.151s][info][gc,phases   ] GC(23) Pause Mark Start 0.116ms
[2026-06-17T10:03:05.897+0800][1.151s][info][gc,phases   ] GC(23) Concurrent Mark 0.632ms
[2026-06-17T10:03:05.897+0800][1.152s][info][gc,phases   ] GC(23) Pause Mark End 0.004ms
[2026-06-17T10:03:05.897+0800][1.152s][info][gc,phases   ] GC(23) Concurrent Mark Free 0.000ms
[2026-06-17T10:03:05.898+0800][1.152s][info][gc,phases   ] GC(23) Concurrent Process Non-Strong References 0.189ms
[2026-06-17T10:03:05.898+0800][1.152s][info][gc,phases   ] GC(23) Concurrent Reset Relocation Set 0.001ms
[2026-06-17T10:03:05.899+0800][1.153s][info][gc,phases   ] GC(23) Concurrent Select Relocation Set 0.763ms
[2026-06-17T10:03:05.899+0800][1.153s][info][gc,phases   ] GC(23) Pause Relocate Start 0.002ms
[2026-06-17T10:03:05.899+0800][1.154s][info][gc,phases   ] GC(23) Concurrent Relocate 0.026ms
[2026-06-17T10:03:05.899+0800][1.154s][info][gc,load     ] GC(23) Load: 0.27/0.41/0.50
[2026-06-17T10:03:05.899+0800][1.154s][info][gc,mmu      ] GC(23) MMU: 2ms/72.0%, 5ms/88.6%, 10ms/94.3%, 20ms/97.1%, 50ms/98.2%, 100ms/98.5%
[2026-06-17T10:03:05.899+0800][1.154s][info][gc,marking  ] GC(23) Mark: 1 stripe(s), 1 proactive flush(es), 1 terminate flush(es), 0 completion(s), 0 continuation(s) 
[2026-06-17T10:03:05.900+0800][1.154s][info][gc,marking  ] GC(23) Mark Stack Usage: 32M
[2026-06-17T10:03:05.900+0800][1.154s][info][gc,nmethod  ] GC(23) NMethods: 67 registered, 3 unregistered
[2026-06-17T10:03:05.900+0800][1.154s][info][gc,metaspace] GC(23) Metaspace: 0M used, 0M committed, 1088M reserved
[2026-06-17T10:03:05.900+0800][1.154s][info][gc,ref      ] GC(23) Soft: 0 encountered, 0 discovered, 0 enqueued
[2026-06-17T10:03:05.900+0800][1.154s][info][gc,ref      ] GC(23) Weak: 6 encountered, 0 discovered, 0 enqueued
[2026-06-17T10:03:05.900+0800][1.154s][info][gc,ref      ] GC(23) Final: 0 encountered, 0 discovered, 0 enqueued
[2026-06-17T10:03:05.900+0800][1.154s][info][gc,ref      ] GC(23) Phantom: 1 encountered, 0 discovered, 0 enqueued
[2026-06-17T10:03:05.900+0800][1.155s][info][gc,reloc    ] GC(23) Small Pages: 6 / 12M, Empty: 0M, Relocated: 0M, In-Place: 0
[2026-06-17T10:03:05.900+0800][1.155s][info][gc,reloc    ] GC(23) Large Pages: 26 / 52M, Empty: 0M, Relocated: 0M, In-Place: 0
[2026-06-17T10:03:05.900+0800][1.155s][info][gc,reloc    ] GC(23) Forwarding Usage: 0M
[2026-06-17T10:03:05.900+0800][1.155s][info][gc,heap     ] GC(23) Min Capacity: 64M(100%)
[2026-06-17T10:03:05.900+0800][1.155s][info][gc,heap     ] GC(23) Max Capacity: 64M(100%)
[2026-06-17T10:03:05.900+0800][1.155s][info][gc,heap     ] GC(23) Soft Max Capacity: 64M(100%)
[2026-06-17T10:03:05.900+0800][1.155s][info][gc,heap     ] GC(23)                Mark Start          Mark End        Relocate Start      Relocate End           High               Low         
[2026-06-17T10:03:05.900+0800][1.155s][info][gc,heap     ] GC(23)  Capacity:       64M (100%)         64M (100%)         64M (100%)         64M (100%)         64M (100%)         64M (100%)   
[2026-06-17T10:03:05.901+0800][1.155s][info][gc,heap     ] GC(23)      Free:        0M (0%)            0M (0%)            0M (0%)            0M (0%)            0M (0%)            0M (0%)     
[2026-06-17T10:03:05.901+0800][1.155s][info][gc,heap     ] GC(23)      Used:       64M (100%)         64M (100%)         64M (100%)         64M (100%)         64M (100%)         64M (100%)   
[2026-06-17T10:03:05.901+0800][1.155s][info][gc,heap     ] GC(23)      Live:         -                61M (97%)          61M (97%)          61M (97%)            -                  -          
[2026-06-17T10:03:05.901+0800][1.155s][info][gc,heap     ] GC(23) Allocated:         -                 0M (0%)            0M (0%)            0M (0%)             -                  -          
[2026-06-17T10:03:05.901+0800][1.156s][info][gc,heap     ] GC(23)   Garbage:         -                 2M (3%)            2M (3%)            2M (3%)             -                  -          
[2026-06-17T10:03:05.901+0800][1.156s][info][gc,heap     ] GC(23) Reclaimed:         -                  -                 0M (0%)            0M (0%)             -                  -          
[2026-06-17T10:03:05.901+0800][1.156s][info][gc          ] GC(23) Garbage Collection (Allocation Stall) 64M(100%)->64M(100%)
[2026-06-17T10:03:05.901+0800][1.156s][info][gc          ] Allocation Stall (main) 5.850ms
[2026-06-17T10:03:05.901+0800][1.156s][info][gc          ] Out Of Memory (main)
[2026-06-17T10:03:05.902+0800][1.156s][info][gc,start    ] GC(24) Garbage Collection (Allocation Stall)
[2026-06-17T10:03:05.902+0800][1.156s][info][gc,ref      ] GC(24) Clearing All SoftReferences
[2026-06-17T10:03:05.902+0800][1.156s][info][gc,task     ] GC(24) Using 1 workers
[2026-06-17T10:03:05.902+0800][1.156s][info][gc,ref      ] GC(24) Clearing All SoftReferences
[2026-06-17T10:03:05.902+0800][1.156s][info][gc,phases   ] GC(24) Pause Mark Start 0.072ms
[2026-06-17T10:03:05.903+0800][1.157s][info][gc,phases   ] GC(24) Concurrent Mark 0.561ms
[2026-06-17T10:03:05.903+0800][1.157s][info][gc,phases   ] GC(24) Pause Mark End 0.003ms
[2026-06-17T10:03:05.903+0800][1.157s][info][gc,phases   ] GC(24) Concurrent Mark Free 0.000ms
[2026-06-17T10:03:05.903+0800][1.158s][info][gc,phases   ] GC(24) Concurrent Process Non-Strong References 0.193ms
[2026-06-17T10:03:05.903+0800][1.158s][info][gc,phases   ] GC(24) Concurrent Reset Relocation Set 0.000ms
[2026-06-17T10:03:05.904+0800][1.159s][info][gc,phases   ] GC(24) Concurrent Select Relocation Set 0.746ms
[2026-06-17T10:03:05.904+0800][1.159s][info][gc,phases   ] GC(24) Pause Relocate Start 0.002ms
[2026-06-17T10:03:05.904+0800][1.159s][info][gc          ] Allocation Stall (main) 2.865ms
[2026-06-17T10:03:05.904+0800][1.159s][info][gc,phases   ] GC(24) Concurrent Relocate 0.142ms
[2026-06-17T10:03:05.905+0800][1.159s][info][gc,load     ] GC(24) Load: 0.27/0.41/0.50
[2026-06-17T10:03:05.905+0800][1.159s][info][gc,mmu      ] GC(24) MMU: 2ms/72.0%, 5ms/88.6%, 10ms/94.3%, 20ms/97.1%, 50ms/98.2%, 100ms/98.5%
[2026-06-17T10:03:05.905+0800][1.159s][info][gc,marking  ] GC(24) Mark: 1 stripe(s), 1 proactive flush(es), 1 terminate flush(es), 0 completion(s), 0 continuation(s) 
[2026-06-17T10:03:05.905+0800][1.159s][info][gc,marking  ] GC(24) Mark Stack Usage: 32M
[2026-06-17T10:03:05.905+0800][1.159s][info][gc,nmethod  ] GC(24) NMethods: 69 registered, 3 unregistered
[2026-06-17T10:03:05.905+0800][1.160s][info][gc,metaspace] GC(24) Metaspace: 0M used, 0M committed, 1088M reserved
[2026-06-17T10:03:05.905+0800][1.160s][info][gc,ref      ] GC(24) Soft: 0 encountered, 0 discovered, 0 enqueued
[2026-06-17T10:03:05.905+0800][1.160s][info][gc,ref      ] GC(24) Weak: 6 encountered, 0 discovered, 0 enqueued
[2026-06-17T10:03:05.905+0800][1.160s][info][gc,ref      ] GC(24) Final: 0 encountered, 0 discovered, 0 enqueued
[2026-06-17T10:03:05.905+0800][1.160s][info][gc,ref      ] GC(24) Phantom: 1 encountered, 0 discovered, 0 enqueued
[2026-06-17T10:03:05.905+0800][1.160s][info][gc,reloc    ] GC(24) Small Pages: 6 / 12M, Empty: 0M, Relocated: 1M, In-Place: 1
[2026-06-17T10:03:05.905+0800][1.160s][info][gc,reloc    ] GC(24) Large Pages: 26 / 52M, Empty: 0M, Relocated: 0M, In-Place: 0
[2026-06-17T10:03:05.905+0800][1.160s][info][gc,reloc    ] GC(24) Forwarding Usage: 0M
[2026-06-17T10:03:05.905+0800][1.160s][info][gc,heap     ] GC(24) Min Capacity: 64M(100%)
[2026-06-17T10:03:05.906+0800][1.160s][info][gc,heap     ] GC(24) Max Capacity: 64M(100%)
[2026-06-17T10:03:05.906+0800][1.160s][info][gc,heap     ] GC(24) Soft Max Capacity: 64M(100%)
[2026-06-17T10:03:05.906+0800][1.160s][info][gc,heap     ] GC(24)                Mark Start          Mark End        Relocate Start      Relocate End           High               Low         
[2026-06-17T10:03:05.906+0800][1.160s][info][gc,heap     ] GC(24)  Capacity:       64M (100%)         64M (100%)         64M (100%)         64M (100%)         64M (100%)         64M (100%)   
[2026-06-17T10:03:05.906+0800][1.160s][info][gc,heap     ] GC(24)      Free:        0M (0%)            0M (0%)            0M (0%)            0M (0%)            2M (3%)            0M (0%)     
[2026-06-17T10:03:05.906+0800][1.160s][info][gc,heap     ] GC(24)      Used:       64M (100%)         64M (100%)         64M (100%)         64M (100%)         64M (100%)         62M (97%)    
[2026-06-17T10:03:05.906+0800][1.161s][info][gc,heap     ] GC(24)      Live:         -                60M (94%)          60M (94%)          60M (94%)            -                  -          
[2026-06-17T10:03:05.906+0800][1.161s][info][gc,heap     ] GC(24) Allocated:         -                 0M (0%)            0M (0%)            2M (3%)             -                  -          
[2026-06-17T10:03:05.907+0800][1.161s][info][gc,heap     ] GC(24)   Garbage:         -                 3M (6%)            3M (6%)            1M (3%)             -                  -          
[2026-06-17T10:03:05.907+0800][1.162s][info][gc,heap     ] GC(24) Reclaimed:         -                  -                 0M (0%)            2M (3%)             -                  -          
[2026-06-17T10:03:05.907+0800][1.162s][info][gc          ] GC(24) Garbage Collection (Allocation Stall) 64M(100%)->64M(100%)
[2026-06-17T10:03:05.973+0800][1.227s][info][gc,start    ] GC(25) Garbage Collection (Allocation Rate)
[2026-06-17T10:03:05.974+0800][1.228s][info][gc,task     ] GC(25) Using 1 workers
[2026-06-17T10:03:05.975+0800][1.229s][info][gc,phases   ] GC(25) Pause Mark Start 0.016ms
[2026-06-17T10:03:05.977+0800][1.232s][info][gc,phases   ] GC(25) Concurrent Mark 1.918ms
[2026-06-17T10:03:05.978+0800][1.233s][info][gc,phases   ] GC(25) Pause Mark End 0.014ms
[2026-06-17T10:03:05.979+0800][1.233s][info][gc,phases   ] GC(25) Concurrent Mark Free 0.002ms
[2026-06-17T10:03:05.980+0800][1.235s][info][gc,phases   ] GC(25) Concurrent Process Non-Strong References 0.775ms
[2026-06-17T10:03:05.980+0800][1.235s][info][gc,phases   ] GC(25) Concurrent Reset Relocation Set 0.001ms
[2026-06-17T10:03:05.983+0800][1.238s][info][gc,phases   ] GC(25) Concurrent Select Relocation Set 2.171ms
[2026-06-17T10:03:05.983+0800][1.238s][info][gc,phases   ] GC(25) Pause Relocate Start 0.006ms
[2026-06-17T10:03:05.984+0800][1.239s][info][gc,phases   ] GC(25) Concurrent Relocate 0.509ms
[2026-06-17T10:03:05.984+0800][1.239s][info][gc,load     ] GC(25) Load: 0.27/0.41/0.50
[2026-06-17T10:03:05.985+0800][1.239s][info][gc,mmu      ] GC(25) MMU: 2ms/72.0%, 5ms/88.6%, 10ms/94.3%, 20ms/97.1%, 50ms/98.2%, 100ms/98.5%
[2026-06-17T10:03:05.985+0800][1.239s][info][gc,marking  ] GC(25) Mark: 1 stripe(s), 1 proactive flush(es), 1 terminate flush(es), 0 completion(s), 0 continuation(s) 
[2026-06-17T10:03:05.985+0800][1.240s][info][gc,marking  ] GC(25) Mark Stack Usage: 32M
[2026-06-17T10:03:05.985+0800][1.240s][info][gc,nmethod  ] GC(25) NMethods: 69 registered, 3 unregistered
[2026-06-17T10:03:05.985+0800][1.240s][info][gc,metaspace] GC(25) Metaspace: 0M used, 0M committed, 1088M reserved
[2026-06-17T10:03:05.986+0800][1.240s][info][gc,ref      ] GC(25) Soft: 0 encountered, 0 discovered, 0 enqueued
[2026-06-17T10:03:05.986+0800][1.240s][info][gc,ref      ] GC(25) Weak: 6 encountered, 0 discovered, 0 enqueued
[2026-06-17T10:03:05.986+0800][1.241s][info][gc,ref      ] GC(25) Final: 0 encountered, 0 discovered, 0 enqueued
[2026-06-17T10:03:05.986+0800][1.241s][info][gc,ref      ] GC(25) Phantom: 1 encountered, 0 discovered, 0 enqueued
[2026-06-17T10:03:05.986+0800][1.241s][info][gc,reloc    ] GC(25) Small Pages: 6 / 12M, Empty: 4M, Relocated: 1M, In-Place: 0
[2026-06-17T10:03:05.986+0800][1.241s][info][gc,reloc    ] GC(25) Large Pages: 26 / 52M, Empty: 32M, Relocated: 0M, In-Place: 0
[2026-06-17T10:03:05.987+0800][1.241s][info][gc,reloc    ] GC(25) Forwarding Usage: 0M
[2026-06-17T10:03:05.987+0800][1.241s][info][gc,heap     ] GC(25) Min Capacity: 64M(100%)
[2026-06-17T10:03:05.987+0800][1.241s][info][gc,heap     ] GC(25) Max Capacity: 64M(100%)
[2026-06-17T10:03:05.987+0800][1.242s][info][gc,heap     ] GC(25) Soft Max Capacity: 64M(100%)
[2026-06-17T10:03:05.987+0800][1.242s][info][gc,heap     ] GC(25)                Mark Start          Mark End        Relocate Start      Relocate End           High               Low         
[2026-06-17T10:03:05.987+0800][1.242s][info][gc,heap     ] GC(25)  Capacity:       64M (100%)         64M (100%)         64M (100%)         64M (100%)         64M (100%)         64M (100%)   
[2026-06-17T10:03:05.987+0800][1.242s][info][gc,heap     ] GC(25)      Free:        0M (0%)            0M (0%)           36M (56%)          40M (62%)          40M (62%)           0M (0%)     
[2026-06-17T10:03:05.988+0800][1.242s][info][gc,heap     ] GC(25)      Used:       64M (100%)         64M (100%)         28M (44%)          24M (38%)          64M (100%)         24M (38%)    
[2026-06-17T10:03:05.988+0800][1.242s][info][gc,heap     ] GC(25)      Live:         -                21M (34%)          21M (34%)          21M (34%)            -                  -          
[2026-06-17T10:03:05.988+0800][1.242s][info][gc,heap     ] GC(25) Allocated:         -                 0M (0%)            0M (0%)            0M (0%)             -                  -          
[2026-06-17T10:03:05.988+0800][1.242s][info][gc,heap     ] GC(25)   Garbage:         -                42M (66%)           6M (9%)            2M (3%)             -                  -          
[2026-06-17T10:03:05.988+0800][1.243s][info][gc,heap     ] GC(25) Reclaimed:         -                  -                36M (56%)          40M (62%)            -                  -          
[2026-06-17T10:03:05.988+0800][1.243s][info][gc          ] GC(25) Garbage Collection (Allocation Rate) 64M(100%)->24M(38%)
[2026-06-17T10:03:06.072+0800][1.327s][info][gc,start    ] GC(26) Garbage Collection (Allocation Rate)
[2026-06-17T10:03:06.074+0800][1.328s][info][gc,task     ] GC(26) Using 1 workers
[2026-06-17T10:03:06.076+0800][1.331s][info][gc,phases   ] GC(26) Pause Mark Start 0.017ms
[2026-06-17T10:03:06.081+0800][1.335s][info][gc,phases   ] GC(26) Concurrent Mark 2.907ms
[2026-06-17T10:03:06.082+0800][1.337s][info][gc,phases   ] GC(26) Pause Mark End 0.016ms
[2026-06-17T10:03:06.083+0800][1.338s][info][gc,phases   ] GC(26) Concurrent Mark Free 0.002ms
[2026-06-17T10:03:06.086+0800][1.340s][info][gc,phases   ] GC(26) Concurrent Process Non-Strong References 0.905ms
[2026-06-17T10:03:06.087+0800][1.341s][info][gc,phases   ] GC(26) Concurrent Reset Relocation Set 0.002ms
[2026-06-17T10:03:06.089+0800][1.344s][info][gc,phases   ] GC(26) Concurrent Select Relocation Set 2.132ms
[2026-06-17T10:03:06.090+0800][1.344s][info][gc,phases   ] GC(26) Pause Relocate Start 0.006ms
[2026-06-17T10:03:06.090+0800][1.345s][info][gc,phases   ] GC(26) Concurrent Relocate 0.092ms
[2026-06-17T10:03:06.091+0800][1.345s][info][gc,load     ] GC(26) Load: 0.27/0.41/0.50
[2026-06-17T10:03:06.091+0800][1.345s][info][gc,mmu      ] GC(26) MMU: 2ms/72.0%, 5ms/88.6%, 10ms/94.3%, 20ms/97.1%, 50ms/98.2%, 100ms/98.5%
[2026-06-17T10:03:06.091+0800][1.346s][info][gc,marking  ] GC(26) Mark: 1 stripe(s), 1 proactive flush(es), 1 terminate flush(es), 0 completion(s), 0 continuation(s) 
[2026-06-17T10:03:06.091+0800][1.346s][info][gc,marking  ] GC(26) Mark Stack Usage: 32M
[2026-06-17T10:03:06.092+0800][1.346s][info][gc,nmethod  ] GC(26) NMethods: 69 registered, 3 unregistered
[2026-06-17T10:03:06.092+0800][1.346s][info][gc,metaspace] GC(26) Metaspace: 0M used, 0M committed, 1088M reserved
[2026-06-17T10:03:06.092+0800][1.347s][info][gc,ref      ] GC(26) Soft: 0 encountered, 0 discovered, 0 enqueued
[2026-06-17T10:03:06.092+0800][1.347s][info][gc,ref      ] GC(26) Weak: 6 encountered, 0 discovered, 0 enqueued
[2026-06-17T10:03:06.092+0800][1.347s][info][gc,ref      ] GC(26) Final: 0 encountered, 0 discovered, 0 enqueued
[2026-06-17T10:03:06.093+0800][1.347s][info][gc,ref      ] GC(26) Phantom: 1 encountered, 0 discovered, 0 enqueued
[2026-06-17T10:03:06.093+0800][1.347s][info][gc,reloc    ] GC(26) Small Pages: 2 / 4M, Empty: 0M, Relocated: 0M, In-Place: 0
[2026-06-17T10:03:06.093+0800][1.347s][info][gc,reloc    ] GC(26) Large Pages: 10 / 20M, Empty: 0M, Relocated: 0M, In-Place: 0
[2026-06-17T10:03:06.093+0800][1.348s][info][gc,reloc    ] GC(26) Forwarding Usage: 0M
[2026-06-17T10:03:06.093+0800][1.348s][info][gc,heap     ] GC(26) Min Capacity: 64M(100%)
[2026-06-17T10:03:06.093+0800][1.348s][info][gc,heap     ] GC(26) Max Capacity: 64M(100%)
[2026-06-17T10:03:06.093+0800][1.348s][info][gc,heap     ] GC(26) Soft Max Capacity: 64M(100%)
[2026-06-17T10:03:06.093+0800][1.348s][info][gc,heap     ] GC(26)                Mark Start          Mark End        Relocate Start      Relocate End           High               Low         
[2026-06-17T10:03:06.094+0800][1.348s][info][gc,heap     ] GC(26)  Capacity:       64M (100%)         64M (100%)         64M (100%)         64M (100%)         64M (100%)         64M (100%)   
[2026-06-17T10:03:06.094+0800][1.348s][info][gc,heap     ] GC(26)      Free:       40M (62%)          40M (62%)          40M (62%)          40M (62%)          40M (62%)          40M (62%)    
[2026-06-17T10:03:06.094+0800][1.348s][info][gc,heap     ] GC(26)      Used:       24M (38%)          24M (38%)          24M (38%)          24M (38%)          24M (38%)          24M (38%)    
[2026-06-17T10:03:06.094+0800][1.349s][info][gc,heap     ] GC(26)      Live:         -                21M (34%)          21M (34%)          21M (34%)            -                  -          
[2026-06-17T10:03:06.094+0800][1.349s][info][gc,heap     ] GC(26) Allocated:         -                 0M (0%)            0M (0%)            0M (0%)             -                  -          
[2026-06-17T10:03:06.094+0800][1.349s][info][gc,heap     ] GC(26)   Garbage:         -                 2M (3%)            2M (3%)            2M (3%)             -                  -          
[2026-06-17T10:03:06.094+0800][1.349s][info][gc,heap     ] GC(26) Reclaimed:         -                  -                 0M (0%)            0M (0%)             -                  -          
[2026-06-17T10:03:06.095+0800][1.349s][info][gc          ] GC(26) Garbage Collection (Allocation Rate) 24M(38%)->24M(38%)
[2026-06-17T10:03:06.172+0800][1.427s][info][gc,start    ] GC(27) Garbage Collection (Allocation Rate)
[2026-06-17T10:03:06.173+0800][1.428s][info][gc,task     ] GC(27) Using 1 workers
[2026-06-17T10:03:06.174+0800][1.429s][info][gc,phases   ] GC(27) Pause Mark Start 0.012ms
[2026-06-17T10:03:06.178+0800][1.432s][info][gc,phases   ] GC(27) Concurrent Mark 2.340ms
[2026-06-17T10:03:06.179+0800][1.433s][info][gc,phases   ] GC(27) Pause Mark End 0.013ms
[2026-06-17T10:03:06.180+0800][1.434s][info][gc,phases   ] GC(27) Concurrent Mark Free 0.002ms
[2026-06-17T10:03:06.182+0800][1.436s][info][gc,phases   ] GC(27) Concurrent Process Non-Strong References 1.193ms
[2026-06-17T10:03:06.183+0800][1.437s][info][gc,phases   ] GC(27) Concurrent Reset Relocation Set 0.001ms
[2026-06-17T10:03:06.185+0800][1.439s][info][gc,phases   ] GC(27) Concurrent Select Relocation Set 1.404ms
[2026-06-17T10:03:06.186+0800][1.440s][info][gc,phases   ] GC(27) Pause Relocate Start 0.007ms
[2026-06-17T10:03:06.187+0800][1.442s][info][gc,phases   ] GC(27) Concurrent Relocate 0.657ms
[2026-06-17T10:03:06.188+0800][1.442s][info][gc,load     ] GC(27) Load: 0.27/0.41/0.50
[2026-06-17T10:03:06.189+0800][1.443s][info][gc,mmu      ] GC(27) MMU: 2ms/72.0%, 5ms/88.6%, 10ms/94.3%, 20ms/97.1%, 50ms/98.2%, 100ms/98.5%
[2026-06-17T10:03:06.189+0800][1.444s][info][gc,marking  ] GC(27) Mark: 1 stripe(s), 2 proactive flush(es), 1 terminate flush(es), 0 completion(s), 0 continuation(s) 
[2026-06-17T10:03:06.190+0800][1.445s][info][gc,marking  ] GC(27) Mark Stack Usage: 32M
[2026-06-17T10:03:06.191+0800][1.446s][info][gc,nmethod  ] GC(27) NMethods: 69 registered, 5 unregistered
[2026-06-17T10:03:06.192+0800][1.446s][info][gc,metaspace] GC(27) Metaspace: 0M used, 0M committed, 1088M reserved
[2026-06-17T10:03:06.192+0800][1.447s][info][gc,ref      ] GC(27) Soft: 0 encountered, 0 discovered, 0 enqueued
[2026-06-17T10:03:06.193+0800][1.448s][info][gc,ref      ] GC(27) Weak: 6 encountered, 0 discovered, 0 enqueued
[2026-06-17T10:03:06.194+0800][1.448s][info][gc,ref      ] GC(27) Final: 0 encountered, 0 discovered, 0 enqueued
[2026-06-17T10:03:06.195+0800][1.449s][info][gc,ref      ] GC(27) Phantom: 1 encountered, 0 discovered, 0 enqueued
[2026-06-17T10:03:06.195+0800][1.450s][info][gc,reloc    ] GC(27) Small Pages: 12 / 24M, Empty: 10M, Relocated: 3M, In-Place: 0
[2026-06-17T10:03:06.196+0800][1.451s][info][gc,reloc    ] GC(27) Large Pages: 18 / 36M, Empty: 0M, Relocated: 0M, In-Place: 0
[2026-06-17T10:03:06.196+0800][1.451s][info][gc,reloc    ] GC(27) Forwarding Usage: 0M
[2026-06-17T10:03:06.197+0800][1.451s][info][gc,heap     ] GC(27) Min Capacity: 64M(100%)
[2026-06-17T10:03:06.197+0800][1.452s][info][gc,heap     ] GC(27) Max Capacity: 64M(100%)
[2026-06-17T10:03:06.198+0800][1.452s][info][gc,heap     ] GC(27) Soft Max Capacity: 64M(100%)
[2026-06-17T10:03:06.198+0800][1.453s][info][gc,heap     ] GC(27)                Mark Start          Mark End        Relocate Start      Relocate End           High               Low         
[2026-06-17T10:03:06.199+0800][1.453s][info][gc,heap     ] GC(27)  Capacity:       64M (100%)         64M (100%)         64M (100%)         64M (100%)         64M (100%)         64M (100%)   
[2026-06-17T10:03:06.199+0800][1.454s][info][gc,heap     ] GC(27)      Free:        4M (6%)            0M (0%)           10M (16%)          20M (31%)          20M (31%)           0M (0%)     
[2026-06-17T10:03:06.200+0800][1.454s][info][gc,heap     ] GC(27)      Used:       60M (94%)          64M (100%)         54M (84%)          44M (69%)          64M (100%)         44M (69%)    
[2026-06-17T10:03:06.200+0800][1.455s][info][gc,heap     ] GC(27)      Live:         -                39M (62%)          39M (62%)          39M (62%)            -                  -          
[2026-06-17T10:03:06.200+0800][1.455s][info][gc,heap     ] GC(27) Allocated:         -                 4M (6%)            4M (6%)            4M (6%)             -                  -          
[2026-06-17T10:03:06.201+0800][1.455s][info][gc,heap     ] GC(27)   Garbage:         -                20M (32%)          10M (17%)           0M (1%)             -                  -          
[2026-06-17T10:03:06.201+0800][1.456s][info][gc,heap     ] GC(27) Reclaimed:         -                  -                10M (16%)          20M (31%)            -                  -          
[2026-06-17T10:03:06.202+0800][1.456s][info][gc          ] GC(27) Garbage Collection (Allocation Rate) 60M(94%)->44M(69%)
[2026-06-17T10:03:06.232+0800][1.486s][info][gc,start    ] GC(28) Garbage Collection (Allocation Stall)
[2026-06-17T10:03:06.233+0800][1.487s][info][gc,ref      ] GC(28) Clearing All SoftReferences
[2026-06-17T10:03:06.234+0800][1.488s][info][gc,task     ] GC(28) Using 1 workers
[2026-06-17T10:03:06.235+0800][1.489s][info][gc,ref      ] GC(28) Clearing All SoftReferences
[2026-06-17T10:03:06.236+0800][1.490s][info][gc,phases   ] GC(28) Pause Mark Start 0.881ms
[2026-06-17T10:03:06.239+0800][1.494s][info][gc,phases   ] GC(28) Concurrent Mark 2.564ms
[2026-06-17T10:03:06.240+0800][1.495s][info][gc,phases   ] GC(28) Pause Mark End 0.013ms
[2026-06-17T10:03:06.241+0800][1.496s][info][gc,phases   ] GC(28) Concurrent Mark Free 0.002ms
[2026-06-17T10:03:06.243+0800][1.498s][info][gc,phases   ] GC(28) Concurrent Process Non-Strong References 0.978ms
[2026-06-17T10:03:06.244+0800][1.499s][info][gc,phases   ] GC(28) Concurrent Reset Relocation Set 0.002ms
[2026-06-17T10:03:06.247+0800][1.501s][info][gc          ] Allocation Stall (main) 15.255ms
[2026-06-17T10:03:06.247+0800][1.501s][info][gc,phases   ] GC(28) Concurrent Select Relocation Set 2.245ms
[2026-06-17T10:03:06.249+0800][1.503s][info][gc,phases   ] GC(28) Pause Relocate Start 0.007ms
[2026-06-17T10:03:06.250+0800][1.505s][info][gc,phases   ] GC(28) Concurrent Relocate 0.415ms
[2026-06-17T10:03:06.251+0800][1.505s][info][gc,load     ] GC(28) Load: 0.27/0.41/0.50
[2026-06-17T10:03:06.251+0800][1.506s][info][gc,mmu      ] GC(28) MMU: 2ms/55.9%, 5ms/82.4%, 10ms/91.1%, 20ms/95.5%, 50ms/98.2%, 100ms/98.5%
[2026-06-17T10:03:06.252+0800][1.506s][info][gc,marking  ] GC(28) Mark: 1 stripe(s), 1 proactive flush(es), 1 terminate flush(es), 0 completion(s), 0 continuation(s) 
[2026-06-17T10:03:06.252+0800][1.507s][info][gc,marking  ] GC(28) Mark Stack Usage: 32M
[2026-06-17T10:03:06.253+0800][1.508s][info][gc,nmethod  ] GC(28) NMethods: 70 registered, 5 unregistered
[2026-06-17T10:03:06.254+0800][1.508s][info][gc,metaspace] GC(28) Metaspace: 0M used, 0M committed, 1088M reserved
[2026-06-17T10:03:06.254+0800][1.509s][info][gc,ref      ] GC(28) Soft: 0 encountered, 0 discovered, 0 enqueued
[2026-06-17T10:03:06.255+0800][1.509s][info][gc,ref      ] GC(28) Weak: 6 encountered, 0 discovered, 0 enqueued
[2026-06-17T10:03:06.255+0800][1.510s][info][gc,ref      ] GC(28) Final: 0 encountered, 0 discovered, 0 enqueued
[2026-06-17T10:03:06.256+0800][1.510s][info][gc,ref      ] GC(28) Phantom: 1 encountered, 0 discovered, 0 enqueued
[2026-06-17T10:03:06.256+0800][1.511s][info][gc,reloc    ] GC(28) Small Pages: 12 / 24M, Empty: 14M, Relocated: 1M, In-Place: 0
[2026-06-17T10:03:06.256+0800][1.511s][info][gc,reloc    ] GC(28) Large Pages: 20 / 40M, Empty: 0M, Relocated: 0M, In-Place: 0
[2026-06-17T10:03:06.257+0800][1.511s][info][gc,reloc    ] GC(28) Forwarding Usage: 0M
[2026-06-17T10:03:06.257+0800][1.512s][info][gc,heap     ] GC(28) Min Capacity: 64M(100%)
[2026-06-17T10:03:06.258+0800][1.512s][info][gc,heap     ] GC(28) Max Capacity: 64M(100%)
[2026-06-17T10:03:06.258+0800][1.513s][info][gc,heap     ] GC(28) Soft Max Capacity: 64M(100%)
[2026-06-17T10:03:06.259+0800][1.513s][info][gc,heap     ] GC(28)                Mark Start          Mark End        Relocate Start      Relocate End           High               Low         
[2026-06-17T10:03:06.259+0800][1.514s][info][gc,heap     ] GC(28)  Capacity:       64M (100%)         64M (100%)         64M (100%)         64M (100%)         64M (100%)         64M (100%)   
[2026-06-17T10:03:06.259+0800][1.514s][info][gc,heap     ] GC(28)      Free:        0M (0%)            0M (0%)           10M (16%)          10M (16%)          14M (22%)           0M (0%)     
[2026-06-17T10:03:06.260+0800][1.514s][info][gc,heap     ] GC(28)      Used:       64M (100%)         64M (100%)         54M (84%)          54M (84%)          64M (100%)         50M (78%)    
[2026-06-17T10:03:06.260+0800][1.515s][info][gc,heap     ] GC(28)      Live:         -                45M (71%)          45M (71%)          45M (71%)            -                  -          
[2026-06-17T10:03:06.260+0800][1.515s][info][gc,heap     ] GC(28) Allocated:         -                 0M (0%)            4M (6%)            6M (9%)             -                  -          
[2026-06-17T10:03:06.261+0800][1.515s][info][gc,heap     ] GC(28)   Garbage:         -                18M (29%)           4M (7%)            2M (4%)             -                  -          
[2026-06-17T10:03:06.261+0800][1.516s][info][gc,heap     ] GC(28) Reclaimed:         -                  -                14M (22%)          16M (25%)            -                  -          
[2026-06-17T10:03:06.262+0800][1.516s][info][gc          ] GC(28) Garbage Collection (Allocation Stall) 64M(100%)->54M(84%)
[2026-06-17T10:03:06.263+0800][1.517s][info][gc,start    ] GC(29) Garbage Collection (Allocation Stall)
[2026-06-17T10:03:06.263+0800][1.518s][info][gc,ref      ] GC(29) Clearing All SoftReferences
[2026-06-17T10:03:06.264+0800][1.518s][info][gc,task     ] GC(29) Using 1 workers
[2026-06-17T10:03:06.264+0800][1.519s][info][gc,ref      ] GC(29) Clearing All SoftReferences
[2026-06-17T10:03:06.265+0800][1.519s][info][gc,phases   ] GC(29) Pause Mark Start 0.428ms
[2026-06-17T10:03:06.267+0800][1.521s][info][gc,phases   ] GC(29) Concurrent Mark 1.405ms
[2026-06-17T10:03:06.267+0800][1.522s][info][gc,phases   ] GC(29) Pause Mark End 0.007ms
[2026-06-17T10:03:06.268+0800][1.522s][info][gc,phases   ] GC(29) Concurrent Mark Free 0.001ms
[2026-06-17T10:03:06.269+0800][1.523s][info][gc,phases   ] GC(29) Concurrent Process Non-Strong References 0.349ms
[2026-06-17T10:03:06.269+0800][1.524s][info][gc,phases   ] GC(29) Concurrent Reset Relocation Set 0.001ms
[2026-06-17T10:03:06.271+0800][1.526s][info][gc          ] Allocation Stall (main) 8.479ms
[2026-06-17T10:03:06.271+0800][1.526s][info][gc,phases   ] GC(29) Concurrent Select Relocation Set 1.488ms
[2026-06-17T10:03:06.272+0800][1.527s][info][gc,phases   ] GC(29) Pause Relocate Start 0.004ms
[2026-06-17T10:03:06.273+0800][1.528s][info][gc,phases   ] GC(29) Concurrent Relocate 0.056ms
[2026-06-17T10:03:06.274+0800][1.528s][info][gc,load     ] GC(29) Load: 0.27/0.41/0.50
[2026-06-17T10:03:06.274+0800][1.529s][info][gc,mmu      ] GC(29) MMU: 2ms/55.9%, 5ms/82.4%, 10ms/91.1%, 20ms/95.5%, 50ms/97.3%, 100ms/98.5%
[2026-06-17T10:03:06.275+0800][1.529s][info][gc,marking  ] GC(29) Mark: 1 stripe(s), 1 proactive flush(es), 1 terminate flush(es), 0 completion(s), 0 continuation(s) 
[2026-06-17T10:03:06.275+0800][1.530s][info][gc,marking  ] GC(29) Mark Stack Usage: 32M
[2026-06-17T10:03:06.275+0800][1.530s][info][gc,nmethod  ] GC(29) NMethods: 70 registered, 5 unregistered
[2026-06-17T10:03:06.276+0800][1.530s][info][gc,metaspace] GC(29) Metaspace: 0M used, 0M committed, 1088M reserved
[2026-06-17T10:03:06.276+0800][1.531s][info][gc,ref      ] GC(29) Soft: 0 encountered, 0 discovered, 0 enqueued
[2026-06-17T10:03:06.277+0800][1.531s][info][gc,ref      ] GC(29) Weak: 6 encountered, 0 discovered, 0 enqueued
[2026-06-17T10:03:06.277+0800][1.532s][info][gc,ref      ] GC(29) Final: 0 encountered, 0 discovered, 0 enqueued
[2026-06-17T10:03:06.278+0800][1.532s][info][gc,ref      ] GC(29) Phantom: 1 encountered, 0 discovered, 0 enqueued
[2026-06-17T10:03:06.278+0800][1.533s][info][gc,reloc    ] GC(29) Small Pages: 7 / 14M, Empty: 4M, Relocated: 0M, In-Place: 0
[2026-06-17T10:03:06.279+0800][1.533s][info][gc,reloc    ] GC(29) Large Pages: 25 / 50M, Empty: 0M, Relocated: 0M, In-Place: 0
[2026-06-17T10:03:06.279+0800][1.534s][info][gc,reloc    ] GC(29) Forwarding Usage: 0M
[2026-06-17T10:03:06.279+0800][1.534s][info][gc,heap     ] GC(29) Min Capacity: 64M(100%)
[2026-06-17T10:03:06.280+0800][1.534s][info][gc,heap     ] GC(29) Max Capacity: 64M(100%)
[2026-06-17T10:03:06.280+0800][1.535s][info][gc,heap     ] GC(29) Soft Max Capacity: 64M(100%)
[2026-06-17T10:03:06.281+0800][1.535s][info][gc,heap     ] GC(29)                Mark Start          Mark End        Relocate Start      Relocate End           High               Low         
[2026-06-17T10:03:06.282+0800][1.536s][info][gc,heap     ] GC(29)  Capacity:       64M (100%)         64M (100%)         64M (100%)         64M (100%)         64M (100%)         64M (100%)   
[2026-06-17T10:03:06.282+0800][1.536s][info][gc,heap     ] GC(29)      Free:        0M (0%)            0M (0%)            2M (3%)            2M (3%)            4M (6%)            0M (0%)     
[2026-06-17T10:03:06.282+0800][1.537s][info][gc,heap     ] GC(29)      Used:       64M (100%)         64M (100%)         62M (97%)          62M (97%)          64M (100%)         60M (94%)    
[2026-06-17T10:03:06.283+0800][1.537s][info][gc,heap     ] GC(29)      Live:         -                57M (91%)          57M (91%)          57M (91%)            -                  -          
[2026-06-17T10:03:06.283+0800][1.538s][info][gc,heap     ] GC(29) Allocated:         -                 0M (0%)            2M (3%)            2M (3%)             -                  -          
[2026-06-17T10:03:06.283+0800][1.538s][info][gc,heap     ] GC(29)   Garbage:         -                 6M (9%)            2M (3%)            2M (3%)             -                  -          
[2026-06-17T10:03:06.284+0800][1.538s][info][gc,heap     ] GC(29) Reclaimed:         -                  -                 4M (6%)            4M (6%)             -                  -          
[2026-06-17T10:03:06.284+0800][1.539s][info][gc          ] GC(29) Garbage Collection (Allocation Stall) 64M(100%)->62M(97%)
[2026-06-17T10:03:06.293+0800][1.547s][info][gc,start    ] GC(30) Garbage Collection (Allocation Stall)
[2026-06-17T10:03:06.294+0800][1.549s][info][gc,ref      ] GC(30) Clearing All SoftReferences
[2026-06-17T10:03:06.294+0800][1.549s][info][gc,task     ] GC(30) Using 1 workers
[2026-06-17T10:03:06.295+0800][1.549s][info][gc,ref      ] GC(30) Clearing All SoftReferences
[2026-06-17T10:03:06.295+0800][1.550s][info][gc,phases   ] GC(30) Pause Mark Start 0.496ms
[2026-06-17T10:03:06.298+0800][1.552s][info][gc,phases   ] GC(30) Concurrent Mark 1.659ms
[2026-06-17T10:03:06.298+0800][1.553s][info][gc,phases   ] GC(30) Pause Mark End 0.013ms
[2026-06-17T10:03:06.299+0800][1.553s][info][gc,phases   ] GC(30) Concurrent Mark Free 0.001ms
[2026-06-17T10:03:06.300+0800][1.554s][info][gc,phases   ] GC(30) Concurrent Process Non-Strong References 0.567ms
[2026-06-17T10:03:06.300+0800][1.555s][info][gc,phases   ] GC(30) Concurrent Reset Relocation Set 0.001ms
[2026-06-17T10:03:06.303+0800][1.558s][info][gc          ] Allocation Stall (main) 10.463ms
[2026-06-17T10:03:06.303+0800][1.558s][info][gc,phases   ] GC(30) Concurrent Select Relocation Set 2.477ms
[2026-06-17T10:03:06.305+0800][1.559s][info][gc,phases   ] GC(30) Pause Relocate Start 0.007ms
[2026-06-17T10:03:06.305+0800][1.560s][info][gc          ] Allocation Stall (main) 0.163ms
[2026-06-17T10:03:06.306+0800][1.560s][info][gc,phases   ] GC(30) Concurrent Relocate 0.522ms
[2026-06-17T10:03:06.307+0800][1.561s][info][gc,load     ] GC(30) Load: 0.27/0.41/0.50
[2026-06-17T10:03:06.307+0800][1.562s][info][gc,mmu      ] GC(30) MMU: 2ms/55.9%, 5ms/82.4%, 10ms/91.1%, 20ms/95.5%, 50ms/97.3%, 100ms/98.1%
[2026-06-17T10:03:06.307+0800][1.562s][info][gc,marking  ] GC(30) Mark: 1 stripe(s), 1 proactive flush(es), 1 terminate flush(es), 0 completion(s), 0 continuation(s) 
[2026-06-17T10:03:06.307+0800][1.562s][info][gc,marking  ] GC(30) Mark Stack Usage: 32M
[2026-06-17T10:03:06.308+0800][1.563s][info][gc,nmethod  ] GC(30) NMethods: 70 registered, 5 unregistered
[2026-06-17T10:03:06.309+0800][1.563s][info][gc,metaspace] GC(30) Metaspace: 0M used, 0M committed, 1088M reserved
[2026-06-17T10:03:06.309+0800][1.564s][info][gc,ref      ] GC(30) Soft: 0 encountered, 0 discovered, 0 enqueued
[2026-06-17T10:03:06.310+0800][1.564s][info][gc,ref      ] GC(30) Weak: 6 encountered, 0 discovered, 0 enqueued
[2026-06-17T10:03:06.310+0800][1.565s][info][gc,ref      ] GC(30) Final: 0 encountered, 0 discovered, 0 enqueued
[2026-06-17T10:03:06.310+0800][1.565s][info][gc,ref      ] GC(30) Phantom: 1 encountered, 0 discovered, 0 enqueued
[2026-06-17T10:03:06.311+0800][1.565s][info][gc,reloc    ] GC(30) Small Pages: 7 / 14M, Empty: 4M, Relocated: 1M, In-Place: 1
[2026-06-17T10:03:06.311+0800][1.566s][info][gc,reloc    ] GC(30) Large Pages: 25 / 50M, Empty: 0M, Relocated: 0M, In-Place: 0
[2026-06-17T10:03:06.312+0800][1.566s][info][gc,reloc    ] GC(30) Forwarding Usage: 0M
[2026-06-17T10:03:06.312+0800][1.567s][info][gc,heap     ] GC(30) Min Capacity: 64M(100%)
[2026-06-17T10:03:06.313+0800][1.567s][info][gc,heap     ] GC(30) Max Capacity: 64M(100%)
[2026-06-17T10:03:06.313+0800][1.568s][info][gc,heap     ] GC(30) Soft Max Capacity: 64M(100%)
[2026-06-17T10:03:06.313+0800][1.568s][info][gc,heap     ] GC(30)                Mark Start          Mark End        Relocate Start      Relocate End           High               Low         
[2026-06-17T10:03:06.314+0800][1.568s][info][gc,heap     ] GC(30)  Capacity:       64M (100%)         64M (100%)         64M (100%)         64M (100%)         64M (100%)         64M (100%)   
[2026-06-17T10:03:06.314+0800][1.569s][info][gc,heap     ] GC(30)      Free:        0M (0%)            0M (0%)            0M (0%)            2M (3%)            4M (6%)            0M (0%)     
[2026-06-17T10:03:06.315+0800][1.569s][info][gc,heap     ] GC(30)      Used:       64M (100%)         64M (100%)         64M (100%)         62M (97%)          64M (100%)         60M (94%)    
[2026-06-17T10:03:06.315+0800][1.570s][info][gc,heap     ] GC(30)      Live:         -                55M (86%)          55M (86%)          55M (86%)            -                  -          
[2026-06-17T10:03:06.316+0800][1.570s][info][gc,heap     ] GC(30) Allocated:         -                 0M (0%)            4M (6%)            5M (9%)             -                  -          
[2026-06-17T10:03:06.316+0800][1.571s][info][gc,heap     ] GC(30)   Garbage:         -                 8M (14%)           4M (8%)            0M (1%)             -                  -          
[2026-06-17T10:03:06.317+0800][1.571s][info][gc,heap     ] GC(30) Reclaimed:         -                  -                 4M (6%)            7M (12%)            -                  -          
[2026-06-17T10:03:06.317+0800][1.572s][info][gc          ] GC(30) Garbage Collection (Allocation Stall) 64M(100%)->62M(97%)
[2026-06-17T10:03:06.318+0800][1.573s][info][gc,start    ] GC(31) Garbage Collection (Allocation Stall)
[2026-06-17T10:03:06.318+0800][1.573s][info][gc,ref      ] GC(31) Clearing All SoftReferences
[2026-06-17T10:03:06.319+0800][1.573s][info][gc,task     ] GC(31) Using 1 workers
[2026-06-17T10:03:06.319+0800][1.574s][info][gc,ref      ] GC(31) Clearing All SoftReferences
[2026-06-17T10:03:06.320+0800][1.574s][info][gc,phases   ] GC(31) Pause Mark Start 0.471ms
[2026-06-17T10:03:06.321+0800][1.576s][info][gc,phases   ] GC(31) Concurrent Mark 0.985ms
[2026-06-17T10:03:06.322+0800][1.576s][info][gc,phases   ] GC(31) Pause Mark End 0.006ms
[2026-06-17T10:03:06.322+0800][1.577s][info][gc,phases   ] GC(31) Concurrent Mark Free 0.001ms
[2026-06-17T10:03:06.323+0800][1.578s][info][gc,phases   ] GC(31) Concurrent Process Non-Strong References 0.482ms
[2026-06-17T10:03:06.324+0800][1.578s][info][gc,phases   ] GC(31) Concurrent Reset Relocation Set 0.002ms
[2026-06-17T10:03:06.326+0800][1.581s][info][gc,phases   ] GC(31) Concurrent Select Relocation Set 2.074ms
[2026-06-17T10:03:06.326+0800][1.581s][info][gc          ] Allocation Stall (main) 19.501ms
[2026-06-17T10:03:06.328+0800][1.582s][info][gc,phases   ] GC(31) Pause Relocate Start 0.007ms
[2026-06-17T10:03:06.328+0800][1.583s][info][gc          ] Relocation Stall (main) 0.159ms
[2026-06-17T10:03:06.328+0800][1.583s][info][gc,phases   ] GC(31) Concurrent Relocate 0.171ms
[2026-06-17T10:03:06.329+0800][1.584s][info][gc,load     ] GC(31) Load: 0.27/0.41/0.50
[2026-06-17T10:03:06.330+0800][1.584s][info][gc,mmu      ] GC(31) MMU: 2ms/55.9%, 5ms/82.4%, 10ms/91.1%, 20ms/95.5%, 50ms/97.3%, 100ms/97.7%
[2026-06-17T10:03:06.330+0800][1.585s][info][gc,marking  ] GC(31) Mark: 1 stripe(s), 1 proactive flush(es), 1 terminate flush(es), 0 completion(s), 0 continuation(s) 
[2026-06-17T10:03:06.331+0800][1.586s][info][gc,marking  ] GC(31) Mark Stack Usage: 32M
[2026-06-17T10:03:06.332+0800][1.586s][info][gc,nmethod  ] GC(31) NMethods: 70 registered, 5 unregistered
[2026-06-17T10:03:06.332+0800][1.586s][info][gc,metaspace] GC(31) Metaspace: 0M used, 0M committed, 1088M reserved
[2026-06-17T10:03:06.332+0800][1.587s][info][gc,ref      ] GC(31) Soft: 0 encountered, 0 discovered, 0 enqueued
[2026-06-17T10:03:06.333+0800][1.587s][info][gc,ref      ] GC(31) Weak: 6 encountered, 0 discovered, 0 enqueued
[2026-06-17T10:03:06.333+0800][1.588s][info][gc,ref      ] GC(31) Final: 0 encountered, 0 discovered, 0 enqueued
[2026-06-17T10:03:06.334+0800][1.589s][info][gc,ref      ] GC(31) Phantom: 1 encountered, 0 discovered, 0 enqueued
[2026-06-17T10:03:06.334+0800][1.589s][info][gc,reloc    ] GC(31) Small Pages: 6 / 12M, Empty: 2M, Relocated: 0M, In-Place: 1
[2026-06-17T10:03:06.335+0800][1.589s][info][gc,reloc    ] GC(31) Large Pages: 26 / 52M, Empty: 0M, Relocated: 0M, In-Place: 0
[2026-06-17T10:03:06.335+0800][1.590s][info][gc,reloc    ] GC(31) Forwarding Usage: 0M
[2026-06-17T10:03:06.336+0800][1.590s][info][gc,heap     ] GC(31) Min Capacity: 64M(100%)
[2026-06-17T10:03:06.336+0800][1.591s][info][gc,heap     ] GC(31) Max Capacity: 64M(100%)
[2026-06-17T10:03:06.336+0800][1.591s][info][gc,heap     ] GC(31) Soft Max Capacity: 64M(100%)
[2026-06-17T10:03:06.337+0800][1.592s][info][gc,heap     ] GC(31)                Mark Start          Mark End        Relocate Start      Relocate End           High               Low         
[2026-06-17T10:03:06.337+0800][1.592s][info][gc,heap     ] GC(31)  Capacity:       64M (100%)         64M (100%)         64M (100%)         64M (100%)         64M (100%)         64M (100%)   
[2026-06-17T10:03:06.338+0800][1.592s][info][gc,heap     ] GC(31)      Free:        0M (0%)            0M (0%)            0M (0%)            2M (3%)            2M (3%)            0M (0%)     
[2026-06-17T10:03:06.338+0800][1.593s][info][gc,heap     ] GC(31)      Used:       64M (100%)         64M (100%)         64M (100%)         62M (97%)          64M (100%)         62M (97%)    
[2026-06-17T10:03:06.338+0800][1.593s][info][gc,heap     ] GC(31)      Live:         -                58M (91%)          58M (91%)          58M (91%)            -                  -          
[2026-06-17T10:03:06.339+0800][1.593s][info][gc,heap     ] GC(31) Allocated:         -                 0M (0%)            2M (3%)            2M (3%)             -                  -          
[2026-06-17T10:03:06.339+0800][1.593s][info][gc,heap     ] GC(31)   Garbage:         -                 5M (9%)            3M (6%)            1M (3%)             -                  -          
[2026-06-17T10:03:06.339+0800][1.594s][info][gc,heap     ] GC(31) Reclaimed:         -                  -                 2M (3%)            4M (6%)             -                  -          
[2026-06-17T10:03:06.339+0800][1.594s][info][gc          ] GC(31) Garbage Collection (Allocation Stall) 64M(100%)->62M(97%)
[2026-06-17T10:03:06.340+0800][1.594s][info][gc,start    ] GC(32) Garbage Collection (Allocation Stall)
[2026-06-17T10:03:06.340+0800][1.595s][info][gc,ref      ] GC(32) Clearing All SoftReferences
[2026-06-17T10:03:06.340+0800][1.595s][info][gc,task     ] GC(32) Using 1 workers
[2026-06-17T10:03:06.341+0800][1.595s][info][gc,ref      ] GC(32) Clearing All SoftReferences
[2026-06-17T10:03:06.341+0800][1.596s][info][gc,phases   ] GC(32) Pause Mark Start 0.340ms
[2026-06-17T10:03:06.342+0800][1.597s][info][gc,phases   ] GC(32) Concurrent Mark 0.741ms
[2026-06-17T10:03:06.343+0800][1.597s][info][gc,phases   ] GC(32) Pause Mark End 0.013ms
[2026-06-17T10:03:06.343+0800][1.597s][info][gc,phases   ] GC(32) Concurrent Mark Free 0.000ms
[2026-06-17T10:03:06.343+0800][1.598s][info][gc,phases   ] GC(32) Concurrent Process Non-Strong References 0.234ms
[2026-06-17T10:03:06.344+0800][1.599s][info][gc,phases   ] GC(32) Concurrent Reset Relocation Set 0.001ms
[2026-06-17T10:03:06.345+0800][1.600s][info][gc,phases   ] GC(32) Concurrent Select Relocation Set 0.758ms
[2026-06-17T10:03:06.346+0800][1.600s][info][gc,phases   ] GC(32) Pause Relocate Start 0.003ms
[2026-06-17T10:03:06.346+0800][1.601s][info][gc,phases   ] GC(32) Concurrent Relocate 0.039ms
[2026-06-17T10:03:06.347+0800][1.601s][info][gc,load     ] GC(32) Load: 0.27/0.41/0.50
[2026-06-17T10:03:06.347+0800][1.602s][info][gc,mmu      ] GC(32) MMU: 2ms/55.9%, 5ms/82.4%, 10ms/91.1%, 20ms/95.5%, 50ms/97.3%, 100ms/97.7%
[2026-06-17T10:03:06.348+0800][1.602s][info][gc,marking  ] GC(32) Mark: 1 stripe(s), 1 proactive flush(es), 1 terminate flush(es), 0 completion(s), 0 continuation(s) 
[2026-06-17T10:03:06.348+0800][1.603s][info][gc,marking  ] GC(32) Mark Stack Usage: 32M
[2026-06-17T10:03:06.348+0800][1.603s][info][gc,nmethod  ] GC(32) NMethods: 70 registered, 5 unregistered
[2026-06-17T10:03:06.349+0800][1.604s][info][gc,metaspace] GC(32) Metaspace: 0M used, 0M committed, 1088M reserved
[2026-06-17T10:03:06.350+0800][1.604s][info][gc,ref      ] GC(32) Soft: 0 encountered, 0 discovered, 0 enqueued
[2026-06-17T10:03:06.350+0800][1.605s][info][gc,ref      ] GC(32) Weak: 6 encountered, 0 discovered, 0 enqueued
[2026-06-17T10:03:06.350+0800][1.605s][info][gc,ref      ] GC(32) Final: 0 encountered, 0 discovered, 0 enqueued
[2026-06-17T10:03:06.351+0800][1.605s][info][gc,ref      ] GC(32) Phantom: 1 encountered, 0 discovered, 0 enqueued
[2026-06-17T10:03:06.353+0800][1.607s][info][gc,reloc    ] GC(32) Small Pages: 4 / 8M, Empty: 0M, Relocated: 0M, In-Place: 0
[2026-06-17T10:03:06.353+0800][1.608s][info][gc,reloc    ] GC(32) Large Pages: 28 / 56M, Empty: 0M, Relocated: 0M, In-Place: 0
[2026-06-17T10:03:06.355+0800][1.610s][info][gc,reloc    ] GC(32) Forwarding Usage: 0M
[2026-06-17T10:03:06.356+0800][1.610s][info][gc,heap     ] GC(32) Min Capacity: 64M(100%)
[2026-06-17T10:03:06.356+0800][1.611s][info][gc,heap     ] GC(32) Max Capacity: 64M(100%)
[2026-06-17T10:03:06.356+0800][1.611s][info][gc,heap     ] GC(32) Soft Max Capacity: 64M(100%)
[2026-06-17T10:03:06.357+0800][1.611s][info][gc,heap     ] GC(32)                Mark Start          Mark End        Relocate Start      Relocate End           High               Low         
[2026-06-17T10:03:06.357+0800][1.611s][info][gc,heap     ] GC(32)  Capacity:       64M (100%)         64M (100%)         64M (100%)         64M (100%)         64M (100%)         64M (100%)   
[2026-06-17T10:03:06.357+0800][1.612s][info][gc,heap     ] GC(32)      Free:        0M (0%)            0M (0%)            0M (0%)            0M (0%)            0M (0%)            0M (0%)     
[2026-06-17T10:03:06.357+0800][1.612s][info][gc,heap     ] GC(32)      Used:       64M (100%)         64M (100%)         64M (100%)         64M (100%)         64M (100%)         64M (100%)   
[2026-06-17T10:03:06.358+0800][1.612s][info][gc,heap     ] GC(32)      Live:         -                62M (97%)          62M (97%)          62M (97%)            -                  -          
[2026-06-17T10:03:06.358+0800][1.613s][info][gc,heap     ] GC(32) Allocated:         -                 0M (0%)            0M (0%)            0M (0%)             -                  -          
[2026-06-17T10:03:06.359+0800][1.613s][info][gc,heap     ] GC(32)   Garbage:         -                 1M (3%)            1M (3%)            1M (3%)             -                  -          
[2026-06-17T10:03:06.359+0800][1.614s][info][gc,heap     ] GC(32) Reclaimed:         -                  -                 0M (0%)            0M (0%)             -                  -          
[2026-06-17T10:03:06.359+0800][1.614s][info][gc          ] GC(32) Garbage Collection (Allocation Stall) 64M(100%)->64M(100%)
[2026-06-17T10:03:06.360+0800][1.614s][info][gc          ] Allocation Stall (main) 30.599ms
[2026-06-17T10:03:06.360+0800][1.615s][info][gc,start    ] GC(33) Garbage Collection (Allocation Stall)
[2026-06-17T10:03:06.361+0800][1.615s][info][gc,ref      ] GC(33) Clearing All SoftReferences
[2026-06-17T10:03:06.361+0800][1.616s][info][gc,task     ] GC(33) Using 1 workers
[2026-06-17T10:03:06.362+0800][1.616s][info][gc,ref      ] GC(33) Clearing All SoftReferences
[2026-06-17T10:03:06.364+0800][1.618s][info][gc,phases   ] GC(33) Pause Mark Start 1.979ms
[2026-06-17T10:03:06.365+0800][1.620s][info][gc,phases   ] GC(33) Concurrent Mark 1.191ms
[2026-06-17T10:03:06.367+0800][1.622s][info][gc,phases   ] GC(33) Pause Mark End 0.006ms
[2026-06-17T10:03:06.368+0800][1.622s][info][gc,phases   ] GC(33) Concurrent Mark Free 0.001ms
[2026-06-17T10:03:06.368+0800][1.623s][info][gc,phases   ] GC(33) Concurrent Process Non-Strong References 0.232ms
[2026-06-17T10:03:06.369+0800][1.623s][info][gc,phases   ] GC(33) Concurrent Reset Relocation Set 0.000ms
[2026-06-17T10:03:06.372+0800][1.626s][info][gc,phases   ] GC(33) Concurrent Select Relocation Set 1.674ms
[2026-06-17T10:03:06.372+0800][1.627s][info][gc,phases   ] GC(33) Pause Relocate Start 0.008ms
[2026-06-17T10:03:06.374+0800][1.629s][info][gc,phases   ] GC(33) Concurrent Relocate 0.102ms
[2026-06-17T10:03:06.375+0800][1.629s][info][gc,load     ] GC(33) Load: 0.27/0.41/0.50
[2026-06-17T10:03:06.375+0800][1.630s][info][gc,mmu      ] GC(33) MMU: 2ms/1.0%, 5ms/60.4%, 10ms/80.1%, 20ms/90.0%, 50ms/94.3%, 100ms/96.2%
[2026-06-17T10:03:06.376+0800][1.630s][info][gc,marking  ] GC(33) Mark: 1 stripe(s), 1 proactive flush(es), 1 terminate flush(es), 0 completion(s), 0 continuation(s) 
[2026-06-17T10:03:06.376+0800][1.631s][info][gc,marking  ] GC(33) Mark Stack Usage: 32M
[2026-06-17T10:03:06.377+0800][1.631s][info][gc,nmethod  ] GC(33) NMethods: 70 registered, 5 unregistered
[2026-06-17T10:03:06.377+0800][1.632s][info][gc,metaspace] GC(33) Metaspace: 0M used, 0M committed, 1088M reserved
[2026-06-17T10:03:06.378+0800][1.632s][info][gc,ref      ] GC(33) Soft: 0 encountered, 0 discovered, 0 enqueued
[2026-06-17T10:03:06.378+0800][1.633s][info][gc,ref      ] GC(33) Weak: 6 encountered, 0 discovered, 0 enqueued
[2026-06-17T10:03:06.379+0800][1.633s][info][gc,ref      ] GC(33) Final: 0 encountered, 0 discovered, 0 enqueued
[2026-06-17T10:03:06.379+0800][1.634s][info][gc,ref      ] GC(33) Phantom: 1 encountered, 0 discovered, 0 enqueued
[2026-06-17T10:03:06.380+0800][1.635s][info][gc,reloc    ] GC(33) Small Pages: 4 / 8M, Empty: 0M, Relocated: 0M, In-Place: 0
[2026-06-17T10:03:06.381+0800][1.635s][info][gc,reloc    ] GC(33) Large Pages: 28 / 56M, Empty: 0M, Relocated: 0M, In-Place: 0
[2026-06-17T10:03:06.381+0800][1.636s][info][gc,reloc    ] GC(33) Forwarding Usage: 0M
[2026-06-17T10:03:06.382+0800][1.636s][info][gc,heap     ] GC(33) Min Capacity: 64M(100%)
[2026-06-17T10:03:06.382+0800][1.637s][info][gc,heap     ] GC(33) Max Capacity: 64M(100%)
[2026-06-17T10:03:06.383+0800][1.637s][info][gc,heap     ] GC(33) Soft Max Capacity: 64M(100%)
[2026-06-17T10:03:06.383+0800][1.638s][info][gc,heap     ] GC(33)                Mark Start          Mark End        Relocate Start      Relocate End           High               Low         
[2026-06-17T10:03:06.384+0800][1.638s][info][gc,heap     ] GC(33)  Capacity:       64M (100%)         64M (100%)         64M (100%)         64M (100%)         64M (100%)         64M (100%)   
[2026-06-17T10:03:06.385+0800][1.640s][info][gc,heap     ] GC(33)      Free:        0M (0%)            0M (0%)            0M (0%)            0M (0%)            0M (0%)            0M (0%)     
[2026-06-17T10:03:06.385+0800][1.640s][info][gc,heap     ] GC(33)      Used:       64M (100%)         64M (100%)         64M (100%)         64M (100%)         64M (100%)         64M (100%)   
[2026-06-17T10:03:06.386+0800][1.641s][info][gc,heap     ] GC(33)      Live:         -                62M (97%)          62M (97%)          62M (97%)            -                  -          
[2026-06-17T10:03:06.387+0800][1.641s][info][gc,heap     ] GC(33) Allocated:         -                 0M (0%)            0M (0%)            0M (0%)             -                  -          
[2026-06-17T10:03:06.387+0800][1.642s][info][gc,heap     ] GC(33)   Garbage:         -                 1M (3%)            1M (3%)            1M (3%)             -                  -          
[2026-06-17T10:03:06.388+0800][1.642s][info][gc,heap     ] GC(33) Reclaimed:         -                  -                 0M (0%)            0M (0%)             -                  -          
[2026-06-17T10:03:06.388+0800][1.643s][info][gc          ] GC(33) Garbage Collection (Allocation Stall) 64M(100%)->64M(100%)
[2026-06-17T10:03:06.389+0800][1.643s][info][gc          ] Allocation Stall (main) 28.480ms
[2026-06-17T10:03:06.389+0800][1.644s][info][gc          ] Out Of Memory (main)
[2026-06-17T10:03:06.389+0800][1.644s][info][gc,start    ] GC(34) Garbage Collection (Allocation Stall)
[2026-06-17T10:03:06.390+0800][1.645s][info][gc,ref      ] GC(34) Clearing All SoftReferences
[2026-06-17T10:03:06.391+0800][1.645s][info][gc,task     ] GC(34) Using 1 workers
[2026-06-17T10:03:06.391+0800][1.646s][info][gc,ref      ] GC(34) Clearing All SoftReferences
[2026-06-17T10:03:06.392+0800][1.647s][info][gc,phases   ] GC(34) Pause Mark Start 0.596ms
[2026-06-17T10:03:06.394+0800][1.649s][info][gc,phases   ] GC(34) Concurrent Mark 1.502ms
[2026-06-17T10:03:06.395+0800][1.649s][info][gc,phases   ] GC(34) Pause Mark End 0.011ms
[2026-06-17T10:03:06.395+0800][1.650s][info][gc,phases   ] GC(34) Concurrent Mark Free 0.001ms
[2026-06-17T10:03:06.396+0800][1.651s][info][gc,phases   ] GC(34) Concurrent Process Non-Strong References 0.576ms
[2026-06-17T10:03:06.397+0800][1.651s][info][gc,phases   ] GC(34) Concurrent Reset Relocation Set 0.001ms
[2026-06-17T10:03:06.399+0800][1.654s][info][gc          ] Allocation Stall (main) 9.977ms
[2026-06-17T10:03:06.399+0800][1.654s][info][gc,phases   ] GC(34) Concurrent Select Relocation Set 1.933ms
[2026-06-17T10:03:06.400+0800][1.655s][info][gc,phases   ] GC(34) Pause Relocate Start 0.004ms
[2026-06-17T10:03:06.401+0800][1.656s][info][gc,phases   ] GC(34) Concurrent Relocate 0.044ms
[2026-06-17T10:03:06.401+0800][1.656s][info][gc,load     ] GC(34) Load: 0.27/0.41/0.50
[2026-06-17T10:03:06.402+0800][1.656s][info][gc,mmu      ] GC(34) MMU: 2ms/1.0%, 5ms/60.4%, 10ms/80.1%, 20ms/90.0%, 50ms/94.3%, 100ms/96.0%
[2026-06-17T10:03:06.402+0800][1.657s][info][gc,marking  ] GC(34) Mark: 1 stripe(s), 1 proactive flush(es), 1 terminate flush(es), 0 completion(s), 0 continuation(s) 
[2026-06-17T10:03:06.402+0800][1.657s][info][gc,marking  ] GC(34) Mark Stack Usage: 32M
[2026-06-17T10:03:06.403+0800][1.657s][info][gc,nmethod  ] GC(34) NMethods: 70 registered, 5 unregistered
[2026-06-17T10:03:06.403+0800][1.658s][info][gc,metaspace] GC(34) Metaspace: 0M used, 0M committed, 1088M reserved
[2026-06-17T10:03:06.404+0800][1.658s][info][gc,ref      ] GC(34) Soft: 0 encountered, 0 discovered, 0 enqueued
[2026-06-17T10:03:06.404+0800][1.659s][info][gc,ref      ] GC(34) Weak: 6 encountered, 0 discovered, 0 enqueued
[2026-06-17T10:03:06.405+0800][1.660s][info][gc,ref      ] GC(34) Final: 0 encountered, 0 discovered, 0 enqueued
[2026-06-17T10:03:06.406+0800][1.660s][info][gc,ref      ] GC(34) Phantom: 1 encountered, 0 discovered, 0 enqueued
[2026-06-17T10:03:06.406+0800][1.661s][info][gc,reloc    ] GC(34) Small Pages: 4 / 8M, Empty: 2M, Relocated: 0M, In-Place: 0
[2026-06-17T10:03:06.407+0800][1.661s][info][gc,reloc    ] GC(34) Large Pages: 28 / 56M, Empty: 6M, Relocated: 0M, In-Place: 0
[2026-06-17T10:03:06.407+0800][1.662s][info][gc,reloc    ] GC(34) Forwarding Usage: 0M
[2026-06-17T10:03:06.408+0800][1.662s][info][gc,heap     ] GC(34) Min Capacity: 64M(100%)
[2026-06-17T10:03:06.408+0800][1.663s][info][gc,heap     ] GC(34) Max Capacity: 64M(100%)
[2026-06-17T10:03:06.409+0800][1.663s][info][gc,heap     ] GC(34) Soft Max Capacity: 64M(100%)
[2026-06-17T10:03:06.409+0800][1.664s][info][gc,heap     ] GC(34)                Mark Start          Mark End        Relocate Start      Relocate End           High               Low         
[2026-06-17T10:03:06.410+0800][1.664s][info][gc,heap     ] GC(34)  Capacity:       64M (100%)         64M (100%)         64M (100%)         64M (100%)         64M (100%)         64M (100%)   
[2026-06-17T10:03:06.410+0800][1.665s][info][gc,heap     ] GC(34)      Free:        0M (0%)            0M (0%)            6M (9%)            6M (9%)            8M (12%)           0M (0%)     
[2026-06-17T10:03:06.411+0800][1.665s][info][gc,heap     ] GC(34)      Used:       64M (100%)         64M (100%)         58M (91%)          58M (91%)          64M (100%)         56M (88%)    
[2026-06-17T10:03:06.411+0800][1.666s][info][gc,heap     ] GC(34)      Live:         -                55M (86%)          55M (86%)          55M (86%)            -                  -          
[2026-06-17T10:03:06.412+0800][1.667s][info][gc,heap     ] GC(34) Allocated:         -                 0M (0%)            2M (3%)            2M (3%)             -                  -          
[2026-06-17T10:03:06.413+0800][1.667s][info][gc,heap     ] GC(34)   Garbage:         -                 8M (14%)           0M (1%)            0M (1%)             -                  -          
[2026-06-17T10:03:06.413+0800][1.668s][info][gc,heap     ] GC(34) Reclaimed:         -                  -                 8M (12%)           8M (12%)            -                  -          
[2026-06-17T10:03:06.414+0800][1.668s][info][gc          ] GC(34) Garbage Collection (Allocation Stall) 64M(100%)->58M(91%)
[2026-06-17T10:03:06.472+0800][1.726s][info][gc,start    ] GC(35) Garbage Collection (Allocation Rate)
[2026-06-17T10:03:06.477+0800][1.732s][info][gc,task     ] GC(35) Using 1 workers
[2026-06-17T10:03:06.516+0800][1.770s][info][gc,phases   ] GC(35) Pause Mark Start 0.023ms
[2026-06-17T10:03:06.518+0800][1.772s][info][gc,phases   ] GC(35) Concurrent Mark 1.343ms
[2026-06-17T10:03:06.528+0800][1.783s][info][gc,phases   ] GC(35) Pause Mark End 0.015ms
[2026-06-17T10:03:06.529+0800][1.784s][info][gc,phases   ] GC(35) Concurrent Mark Free 0.001ms
[2026-06-17T10:03:06.531+0800][1.786s][info][gc,phases   ] GC(35) Concurrent Process Non-Strong References 1.400ms
[2026-06-17T10:03:06.545+0800][1.799s][info][gc,phases   ] GC(35) Concurrent Reset Relocation Set 0.003ms
[2026-06-17T10:03:06.546+0800][1.801s][info][gc,phases   ] GC(35) Concurrent Select Relocation Set 0.901ms
[2026-06-17T10:03:06.584+0800][1.839s][info][gc,phases   ] GC(35) Pause Relocate Start 0.015ms
[2026-06-17T10:03:06.587+0800][1.841s][info][gc,phases   ] GC(35) Concurrent Relocate 0.672ms
[2026-06-17T10:03:06.587+0800][1.842s][info][gc,load     ] GC(35) Load: 0.27/0.41/0.50
[2026-06-17T10:03:06.589+0800][1.844s][info][gc,mmu      ] GC(35) MMU: 2ms/1.0%, 5ms/60.4%, 10ms/80.1%, 20ms/90.0%, 50ms/94.3%, 100ms/96.0%
[2026-06-17T10:03:06.591+0800][1.846s][info][gc,marking  ] GC(35) Mark: 1 stripe(s), 1 proactive flush(es), 1 terminate flush(es), 0 completion(s), 0 continuation(s) 
[2026-06-17T10:03:06.594+0800][1.848s][info][gc,marking  ] GC(35) Mark Stack Usage: 32M
[2026-06-17T10:03:06.597+0800][1.851s][info][gc,nmethod  ] GC(35) NMethods: 70 registered, 5 unregistered
[2026-06-17T10:03:06.597+0800][1.852s][info][gc,metaspace] GC(35) Metaspace: 0M used, 0M committed, 1088M reserved
[2026-06-17T10:03:06.599+0800][1.854s][info][gc,ref      ] GC(35) Soft: 0 encountered, 0 discovered, 0 enqueued
[2026-06-17T10:03:06.600+0800][1.854s][info][gc,ref      ] GC(35) Weak: 6 encountered, 0 discovered, 0 enqueued
[2026-06-17T10:03:06.602+0800][1.857s][info][gc,ref      ] GC(35) Final: 0 encountered, 0 discovered, 0 enqueued
[2026-06-17T10:03:06.604+0800][1.859s][info][gc,ref      ] GC(35) Phantom: 1 encountered, 0 discovered, 0 enqueued
[2026-06-17T10:03:06.607+0800][1.861s][info][gc,reloc    ] GC(35) Small Pages: 4 / 8M, Empty: 2M, Relocated: 0M, In-Place: 0
[2026-06-17T10:03:06.607+0800][1.862s][info][gc,reloc    ] GC(35) Large Pages: 25 / 50M, Empty: 32M, Relocated: 0M, In-Place: 0
[2026-06-17T10:03:06.612+0800][1.866s][info][gc,reloc    ] GC(35) Forwarding Usage: 0M
[2026-06-17T10:03:06.612+0800][1.867s][info][gc,heap     ] GC(35) Min Capacity: 64M(100%)
[2026-06-17T10:03:06.613+0800][1.867s][info][gc,heap     ] GC(35) Max Capacity: 64M(100%)
[2026-06-17T10:03:06.614+0800][1.869s][info][gc,heap     ] GC(35) Soft Max Capacity: 64M(100%)
[2026-06-17T10:03:06.614+0800][1.869s][info][gc,heap     ] GC(35)                Mark Start          Mark End        Relocate Start      Relocate End           High               Low         
[2026-06-17T10:03:06.619+0800][1.873s][info][gc,heap     ] GC(35)  Capacity:       64M (100%)         64M (100%)         64M (100%)         64M (100%)         64M (100%)         64M (100%)   
[2026-06-17T10:03:06.622+0800][1.877s][info][gc,heap     ] GC(35)      Free:        6M (9%)            6M (9%)           40M (62%)          42M (66%)          42M (66%)           6M (9%)     
[2026-06-17T10:03:06.622+0800][1.877s][info][gc,heap     ] GC(35)      Used:       58M (91%)          58M (91%)          24M (38%)          22M (34%)          58M (91%)          22M (34%)    
[2026-06-17T10:03:06.622+0800][1.877s][info][gc,heap     ] GC(35)      Live:         -                20M (31%)          20M (31%)          20M (31%)            -                  -          
[2026-06-17T10:03:06.623+0800][1.877s][info][gc,heap     ] GC(35) Allocated:         -                 0M (0%)            0M (0%)            0M (0%)             -                  -          
[2026-06-17T10:03:06.623+0800][1.877s][info][gc,heap     ] GC(35)   Garbage:         -                37M (59%)           3M (6%)            1M (3%)             -                  -          
[2026-06-17T10:03:06.623+0800][1.878s][info][gc,heap     ] GC(35) Reclaimed:         -                  -                34M (53%)          36M (56%)            -                  -          
[2026-06-17T10:03:06.623+0800][1.878s][info][gc          ] GC(35) Garbage Collection (Allocation Rate) 58M(91%)->22M(34%)
[2026-06-17T10:03:06.672+0800][1.927s][info][gc,start    ] GC(36) Garbage Collection (Allocation Rate)
[2026-06-17T10:03:06.674+0800][1.929s][info][gc,task     ] GC(36) Using 1 workers
[2026-06-17T10:03:06.675+0800][1.929s][info][gc,phases   ] GC(36) Pause Mark Start 0.010ms
[2026-06-17T10:03:06.679+0800][1.934s][info][gc,phases   ] GC(36) Concurrent Mark 2.117ms
[2026-06-17T10:03:06.681+0800][1.935s][info][gc,phases   ] GC(36) Pause Mark End 0.011ms
[2026-06-17T10:03:06.683+0800][1.937s][info][gc,phases   ] GC(36) Concurrent Mark Free 0.001ms
[2026-06-17T10:03:06.686+0800][1.940s][info][gc,phases   ] GC(36) Concurrent Process Non-Strong References 0.830ms
[2026-06-17T10:03:06.686+0800][1.941s][info][gc,phases   ] GC(36) Concurrent Reset Relocation Set 0.001ms
[2026-06-17T10:03:06.690+0800][1.945s][info][gc,phases   ] GC(36) Concurrent Select Relocation Set 1.621ms
[2026-06-17T10:03:06.690+0800][1.945s][info][gc          ] Allocation Stall (main) 0.886ms
[2026-06-17T10:03:06.692+0800][1.947s][info][gc,phases   ] GC(36) Pause Relocate Start 0.009ms
[2026-06-17T10:03:06.696+0800][1.951s][info][gc,phases   ] GC(36) Concurrent Relocate 0.993ms
[2026-06-17T10:03:06.697+0800][1.952s][info][gc,load     ] GC(36) Load: 0.27/0.41/0.50
[2026-06-17T10:03:06.698+0800][1.953s][info][gc,mmu      ] GC(36) MMU: 2ms/1.0%, 5ms/60.4%, 10ms/80.1%, 20ms/90.0%, 50ms/94.3%, 100ms/96.0%
[2026-06-17T10:03:06.699+0800][1.953s][info][gc,marking  ] GC(36) Mark: 1 stripe(s), 2 proactive flush(es), 1 terminate flush(es), 0 completion(s), 0 continuation(s) 
[2026-06-17T10:03:06.699+0800][1.954s][info][gc,marking  ] GC(36) Mark Stack Usage: 32M
[2026-06-17T10:03:06.699+0800][1.954s][info][gc,nmethod  ] GC(36) NMethods: 70 registered, 5 unregistered
[2026-06-17T10:03:06.701+0800][1.956s][info][gc,metaspace] GC(36) Metaspace: 0M used, 0M committed, 1088M reserved
[2026-06-17T10:03:06.703+0800][1.958s][info][gc,ref      ] GC(36) Soft: 0 encountered, 0 discovered, 0 enqueued
[2026-06-17T10:03:06.705+0800][1.960s][info][gc,ref      ] GC(36) Weak: 6 encountered, 0 discovered, 0 enqueued
[2026-06-17T10:03:06.707+0800][1.962s][info][gc,ref      ] GC(36) Final: 0 encountered, 0 discovered, 0 enqueued
[2026-06-17T10:03:06.708+0800][1.962s][info][gc,ref      ] GC(36) Phantom: 1 encountered, 0 discovered, 0 enqueued
[2026-06-17T10:03:06.711+0800][1.965s][info][gc,reloc    ] GC(36) Small Pages: 14 / 28M, Empty: 20M, Relocated: 1M, In-Place: 0
[2026-06-17T10:03:06.711+0800][1.966s][info][gc,reloc    ] GC(36) Large Pages: 16 / 32M, Empty: 0M, Relocated: 0M, In-Place: 0
[2026-06-17T10:03:06.712+0800][1.966s][info][gc,reloc    ] GC(36) Forwarding Usage: 0M
[2026-06-17T10:03:06.714+0800][1.969s][info][gc,heap     ] GC(36) Min Capacity: 64M(100%)
[2026-06-17T10:03:06.718+0800][1.973s][info][gc,heap     ] GC(36) Max Capacity: 64M(100%)
[2026-06-17T10:03:06.719+0800][1.974s][info][gc,heap     ] GC(36) Soft Max Capacity: 64M(100%)
[2026-06-17T10:03:06.721+0800][1.975s][info][gc,heap     ] GC(36)                Mark Start          Mark End        Relocate Start      Relocate End           High               Low         
[2026-06-17T10:03:06.723+0800][1.978s][info][gc,heap     ] GC(36)  Capacity:       64M (100%)         64M (100%)         64M (100%)         64M (100%)         64M (100%)         64M (100%)   
[2026-06-17T10:03:06.724+0800][1.978s][info][gc,heap     ] GC(36)      Free:        4M (6%)            0M (0%)           18M (28%)          18M (28%)          20M (31%)           0M (0%)     
[2026-06-17T10:03:06.725+0800][1.980s][info][gc,heap     ] GC(36)      Used:       60M (94%)          64M (100%)         46M (72%)          46M (72%)          64M (100%)         44M (69%)    
[2026-06-17T10:03:06.727+0800][1.982s][info][gc,heap     ] GC(36)      Live:         -                35M (56%)          35M (56%)          35M (56%)            -                  -          
[2026-06-17T10:03:06.731+0800][1.985s][info][gc,heap     ] GC(36) Allocated:         -                 4M (6%)            6M (9%)            7M (12%)            -                  -          
[2026-06-17T10:03:06.731+0800][1.986s][info][gc,heap     ] GC(36)   Garbage:         -                24M (38%)           4M (7%)            2M (4%)             -                  -          
[2026-06-17T10:03:06.732+0800][1.987s][info][gc,heap     ] GC(36) Reclaimed:         -                  -                20M (31%)          21M (34%)            -                  -          
[2026-06-17T10:03:06.732+0800][1.987s][info][gc          ] GC(36) Garbage Collection (Allocation Rate) 60M(94%)->46M(72%)
[2026-06-17T10:03:06.740+0800][1.995s][info][gc,start    ] GC(37) Garbage Collection (Allocation Stall)
[2026-06-17T10:03:06.741+0800][1.996s][info][gc,ref      ] GC(37) Clearing All SoftReferences
[2026-06-17T10:03:06.742+0800][1.996s][info][gc,task     ] GC(37) Using 1 workers
[2026-06-17T10:03:06.743+0800][1.997s][info][gc,ref      ] GC(37) Clearing All SoftReferences
[2026-06-17T10:03:06.743+0800][1.998s][info][gc,phases   ] GC(37) Pause Mark Start 0.861ms
[2026-06-17T10:03:06.747+0800][2.001s][info][gc,phases   ] GC(37) Concurrent Mark 2.896ms
[2026-06-17T10:03:06.748+0800][2.002s][info][gc,phases   ] GC(37) Pause Mark End 0.013ms
[2026-06-17T10:03:06.748+0800][2.003s][info][gc,phases   ] GC(37) Concurrent Mark Free 0.002ms
[2026-06-17T10:03:06.750+0800][2.004s][info][gc,phases   ] GC(37) Concurrent Process Non-Strong References 0.919ms
[2026-06-17T10:03:06.750+0800][2.005s][info][gc,phases   ] GC(37) Concurrent Reset Relocation Set 0.002ms
[2026-06-17T10:03:06.753+0800][2.007s][info][gc,phases   ] GC(37) Concurrent Select Relocation Set 1.876ms
[2026-06-17T10:03:06.753+0800][2.007s][info][gc          ] Allocation Stall (main) 12.578ms
[2026-06-17T10:03:06.754+0800][2.008s][info][gc,phases   ] GC(37) Pause Relocate Start 0.005ms
[2026-06-17T10:03:06.755+0800][2.009s][info][gc,phases   ] GC(37) Concurrent Relocate 0.313ms
[2026-06-17T10:03:06.755+0800][2.010s][info][gc,load     ] GC(37) Load: 0.27/0.41/0.50
[2026-06-17T10:03:06.755+0800][2.010s][info][gc,mmu      ] GC(37) MMU: 2ms/1.0%, 5ms/60.4%, 10ms/80.1%, 20ms/90.0%, 50ms/94.3%, 100ms/96.0%
[2026-06-17T10:03:06.756+0800][2.010s][info][gc,marking  ] GC(37) Mark: 1 stripe(s), 1 proactive flush(es), 1 terminate flush(es), 0 completion(s), 0 continuation(s) 
[2026-06-17T10:03:06.756+0800][2.011s][info][gc,marking  ] GC(37) Mark Stack Usage: 32M
[2026-06-17T10:03:06.756+0800][2.011s][info][gc,nmethod  ] GC(37) NMethods: 70 registered, 5 unregistered
[2026-06-17T10:03:06.757+0800][2.011s][info][gc,metaspace] GC(37) Metaspace: 0M used, 0M committed, 1088M reserved
[2026-06-17T10:03:06.757+0800][2.011s][info][gc,ref      ] GC(37) Soft: 0 encountered, 0 discovered, 0 enqueued
[2026-06-17T10:03:06.757+0800][2.012s][info][gc,ref      ] GC(37) Weak: 6 encountered, 0 discovered, 0 enqueued
[2026-06-17T10:03:06.757+0800][2.012s][info][gc,ref      ] GC(37) Final: 0 encountered, 0 discovered, 0 enqueued
[2026-06-17T10:03:06.757+0800][2.012s][info][gc,ref      ] GC(37) Phantom: 1 encountered, 0 discovered, 0 enqueued
[2026-06-17T10:03:06.758+0800][2.012s][info][gc,reloc    ] GC(37) Small Pages: 13 / 26M, Empty: 10M, Relocated: 1M, In-Place: 0
[2026-06-17T10:03:06.758+0800][2.012s][info][gc,reloc    ] GC(37) Large Pages: 19 / 38M, Empty: 0M, Relocated: 0M, In-Place: 0
[2026-06-17T10:03:06.758+0800][2.012s][info][gc,reloc    ] GC(37) Forwarding Usage: 0M
[2026-06-17T10:03:06.758+0800][2.013s][info][gc,heap     ] GC(37) Min Capacity: 64M(100%)
[2026-06-17T10:03:06.758+0800][2.013s][info][gc,heap     ] GC(37) Max Capacity: 64M(100%)
[2026-06-17T10:03:06.758+0800][2.013s][info][gc,heap     ] GC(37) Soft Max Capacity: 64M(100%)
[2026-06-17T10:03:06.758+0800][2.013s][info][gc,heap     ] GC(37)                Mark Start          Mark End        Relocate Start      Relocate End           High               Low         
[2026-06-17T10:03:06.758+0800][2.013s][info][gc,heap     ] GC(37)  Capacity:       64M (100%)         64M (100%)         64M (100%)         64M (100%)         64M (100%)         64M (100%)   
[2026-06-17T10:03:06.759+0800][2.013s][info][gc,heap     ] GC(37)      Free:        0M (0%)            0M (0%)            8M (12%)          16M (25%)          16M (25%)           0M (0%)     
[2026-06-17T10:03:06.759+0800][2.013s][info][gc,heap     ] GC(37)      Used:       64M (100%)         64M (100%)         56M (88%)          48M (75%)          64M (100%)         48M (75%)    
[2026-06-17T10:03:06.759+0800][2.013s][info][gc,heap     ] GC(37)      Live:         -                44M (69%)          44M (69%)          44M (69%)            -                  -          
[2026-06-17T10:03:06.759+0800][2.013s][info][gc,heap     ] GC(37) Allocated:         -                 0M (0%)            2M (3%)            1M (3%)             -                  -          
[2026-06-17T10:03:06.759+0800][2.014s][info][gc,heap     ] GC(37)   Garbage:         -                19M (31%)           9M (15%)           1M (3%)             -                  -          
[2026-06-17T10:03:06.759+0800][2.014s][info][gc,heap     ] GC(37) Reclaimed:         -                  -                10M (16%)          17M (28%)            -                  -          
[2026-06-17T10:03:06.759+0800][2.014s][info][gc          ] GC(37) Garbage Collection (Allocation Stall) 64M(100%)->48M(75%)
[2026-06-17T10:03:06.772+0800][2.027s][info][gc,start    ] GC(38) Garbage Collection (Allocation Rate)
[2026-06-17T10:03:06.773+0800][2.027s][info][gc,task     ] GC(38) Using 1 workers
[2026-06-17T10:03:06.773+0800][2.028s][info][gc,phases   ] GC(38) Pause Mark Start 0.009ms
[2026-06-17T10:03:06.775+0800][2.030s][info][gc,phases   ] GC(38) Concurrent Mark 1.521ms
[2026-06-17T10:03:06.776+0800][2.030s][info][gc,phases   ] GC(38) Pause Mark End 0.008ms
[2026-06-17T10:03:06.776+0800][2.031s][info][gc,phases   ] GC(38) Concurrent Mark Free 0.002ms
[2026-06-17T10:03:06.777+0800][2.031s][info][gc,phases   ] GC(38) Concurrent Process Non-Strong References 0.384ms
[2026-06-17T10:03:06.777+0800][2.032s][info][gc,phases   ] GC(38) Concurrent Reset Relocation Set 0.001ms
[2026-06-17T10:03:06.779+0800][2.033s][info][gc,phases   ] GC(38) Concurrent Select Relocation Set 1.395ms
[2026-06-17T10:03:06.779+0800][2.034s][info][gc,phases   ] GC(38) Pause Relocate Start 0.005ms
[2026-06-17T10:03:06.779+0800][2.034s][info][gc,phases   ] GC(38) Concurrent Relocate 0.126ms
[2026-06-17T10:03:06.780+0800][2.034s][info][gc,load     ] GC(38) Load: 0.27/0.41/0.50
[2026-06-17T10:03:06.780+0800][2.034s][info][gc,mmu      ] GC(38) MMU: 2ms/1.0%, 5ms/60.4%, 10ms/80.1%, 20ms/90.0%, 50ms/94.3%, 100ms/96.0%
[2026-06-17T10:03:06.780+0800][2.034s][info][gc,marking  ] GC(38) Mark: 1 stripe(s), 1 proactive flush(es), 1 terminate flush(es), 0 completion(s), 0 continuation(s) 
[2026-06-17T10:03:06.780+0800][2.035s][info][gc,marking  ] GC(38) Mark Stack Usage: 32M
[2026-06-17T10:03:06.780+0800][2.035s][info][gc,nmethod  ] GC(38) NMethods: 70 registered, 5 unregistered
[2026-06-17T10:03:06.780+0800][2.035s][info][gc,metaspace] GC(38) Metaspace: 0M used, 0M committed, 1088M reserved
[2026-06-17T10:03:06.780+0800][2.035s][info][gc,ref      ] GC(38) Soft: 0 encountered, 0 discovered, 0 enqueued
[2026-06-17T10:03:06.781+0800][2.035s][info][gc,ref      ] GC(38) Weak: 6 encountered, 0 discovered, 0 enqueued
[2026-06-17T10:03:06.781+0800][2.035s][info][gc,ref      ] GC(38) Final: 0 encountered, 0 discovered, 0 enqueued
[2026-06-17T10:03:06.781+0800][2.035s][info][gc,ref      ] GC(38) Phantom: 1 encountered, 0 discovered, 0 enqueued
[2026-06-17T10:03:06.781+0800][2.035s][info][gc,reloc    ] GC(38) Small Pages: 7 / 14M, Empty: 4M, Relocated: 0M, In-Place: 0
[2026-06-17T10:03:06.781+0800][2.035s][info][gc,reloc    ] GC(38) Large Pages: 24 / 48M, Empty: 0M, Relocated: 0M, In-Place: 0
[2026-06-17T10:03:06.781+0800][2.036s][info][gc,reloc    ] GC(38) Forwarding Usage: 0M
[2026-06-17T10:03:06.781+0800][2.036s][info][gc,heap     ] GC(38) Min Capacity: 64M(100%)
[2026-06-17T10:03:06.781+0800][2.036s][info][gc,heap     ] GC(38) Max Capacity: 64M(100%)
[2026-06-17T10:03:06.781+0800][2.036s][info][gc,heap     ] GC(38) Soft Max Capacity: 64M(100%)
[2026-06-17T10:03:06.781+0800][2.036s][info][gc,heap     ] GC(38)                Mark Start          Mark End        Relocate Start      Relocate End           High               Low         
[2026-06-17T10:03:06.781+0800][2.036s][info][gc,heap     ] GC(38)  Capacity:       64M (100%)         64M (100%)         64M (100%)         64M (100%)         64M (100%)         64M (100%)   
[2026-06-17T10:03:06.782+0800][2.036s][info][gc,heap     ] GC(38)      Free:        2M (3%)            2M (3%)            2M (3%)            4M (6%)            4M (6%)            0M (0%)     
[2026-06-17T10:03:06.782+0800][2.036s][info][gc,heap     ] GC(38)      Used:       62M (97%)          62M (97%)          62M (97%)          60M (94%)          64M (100%)         60M (94%)    
[2026-06-17T10:03:06.782+0800][2.036s][info][gc,heap     ] GC(38)      Live:         -                53M (83%)          53M (83%)          53M (83%)            -                  -          
[2026-06-17T10:03:06.782+0800][2.036s][info][gc,heap     ] GC(38) Allocated:         -                 0M (0%)            4M (6%)            3M (6%)             -                  -          
[2026-06-17T10:03:06.782+0800][2.036s][info][gc,heap     ] GC(38)   Garbage:         -                 8M (14%)           4M (8%)            2M (5%)             -                  -          
[2026-06-17T10:03:06.782+0800][2.037s][info][gc,heap     ] GC(38) Reclaimed:         -                  -                 4M (6%)            5M (9%)             -                  -          
[2026-06-17T10:03:06.782+0800][2.037s][info][gc          ] GC(38) Garbage Collection (Allocation Rate) 62M(97%)->60M(94%)
[2026-06-17T10:03:06.790+0800][2.044s][info][gc,start    ] GC(39) Garbage Collection (Allocation Stall)
[2026-06-17T10:03:06.790+0800][2.045s][info][gc,ref      ] GC(39) Clearing All SoftReferences
[2026-06-17T10:03:06.790+0800][2.045s][info][gc,task     ] GC(39) Using 1 workers
[2026-06-17T10:03:06.790+0800][2.045s][info][gc,ref      ] GC(39) Clearing All SoftReferences
[2026-06-17T10:03:06.791+0800][2.045s][info][gc,phases   ] GC(39) Pause Mark Start 0.245ms
[2026-06-17T10:03:06.792+0800][2.047s][info][gc,phases   ] GC(39) Concurrent Mark 1.213ms
[2026-06-17T10:03:06.792+0800][2.047s][info][gc,phases   ] GC(39) Pause Mark End 0.007ms
[2026-06-17T10:03:06.792+0800][2.047s][info][gc,phases   ] GC(39) Concurrent Mark Free 0.001ms
[2026-06-17T10:03:06.793+0800][2.047s][info][gc,phases   ] GC(39) Concurrent Process Non-Strong References 0.331ms
[2026-06-17T10:03:06.793+0800][2.048s][info][gc,phases   ] GC(39) Concurrent Reset Relocation Set 0.001ms
[2026-06-17T10:03:06.794+0800][2.049s][info][gc          ] Allocation Stall (main) 4.728ms
[2026-06-17T10:03:06.795+0800][2.049s][info][gc,phases   ] GC(39) Concurrent Select Relocation Set 1.317ms
[2026-06-17T10:03:06.795+0800][2.050s][info][gc,phases   ] GC(39) Pause Relocate Start 0.003ms
[2026-06-17T10:03:06.795+0800][2.050s][info][gc,phases   ] GC(39) Concurrent Relocate 0.174ms
[2026-06-17T10:03:06.796+0800][2.050s][info][gc,load     ] GC(39) Load: 0.27/0.41/0.50
[2026-06-17T10:03:06.796+0800][2.050s][info][gc,mmu      ] GC(39) MMU: 2ms/1.0%, 5ms/60.4%, 10ms/80.1%, 20ms/90.0%, 50ms/94.3%, 100ms/96.0%
[2026-06-17T10:03:06.796+0800][2.051s][info][gc,marking  ] GC(39) Mark: 1 stripe(s), 1 proactive flush(es), 1 terminate flush(es), 0 completion(s), 0 continuation(s) 
[2026-06-17T10:03:06.796+0800][2.051s][info][gc,marking  ] GC(39) Mark Stack Usage: 32M
[2026-06-17T10:03:06.796+0800][2.051s][info][gc,nmethod  ] GC(39) NMethods: 70 registered, 5 unregistered
[2026-06-17T10:03:06.796+0800][2.051s][info][gc,metaspace] GC(39) Metaspace: 0M used, 0M committed, 1088M reserved
[2026-06-17T10:03:06.797+0800][2.051s][info][gc,ref      ] GC(39) Soft: 0 encountered, 0 discovered, 0 enqueued
[2026-06-17T10:03:06.797+0800][2.051s][info][gc,ref      ] GC(39) Weak: 6 encountered, 0 discovered, 0 enqueued
[2026-06-17T10:03:06.797+0800][2.051s][info][gc,ref      ] GC(39) Final: 0 encountered, 0 discovered, 0 enqueued
[2026-06-17T10:03:06.797+0800][2.051s][info][gc,ref      ] GC(39) Phantom: 1 encountered, 0 discovered, 0 enqueued
[2026-06-17T10:03:06.797+0800][2.051s][info][gc,reloc    ] GC(39) Small Pages: 8 / 16M, Empty: 4M, Relocated: 1M, In-Place: 1
[2026-06-17T10:03:06.797+0800][2.051s][info][gc,reloc    ] GC(39) Large Pages: 24 / 48M, Empty: 0M, Relocated: 0M, In-Place: 0
[2026-06-17T10:03:06.797+0800][2.052s][info][gc,reloc    ] GC(39) Forwarding Usage: 0M
[2026-06-17T10:03:06.797+0800][2.052s][info][gc,heap     ] GC(39) Min Capacity: 64M(100%)
[2026-06-17T10:03:06.797+0800][2.052s][info][gc,heap     ] GC(39) Max Capacity: 64M(100%)
[2026-06-17T10:03:06.797+0800][2.052s][info][gc,heap     ] GC(39) Soft Max Capacity: 64M(100%)
[2026-06-17T10:03:06.797+0800][2.052s][info][gc,heap     ] GC(39)                Mark Start          Mark End        Relocate Start      Relocate End           High               Low         
[2026-06-17T10:03:06.798+0800][2.052s][info][gc,heap     ] GC(39)  Capacity:       64M (100%)         64M (100%)         64M (100%)         64M (100%)         64M (100%)         64M (100%)   
[2026-06-17T10:03:06.798+0800][2.052s][info][gc,heap     ] GC(39)      Free:        0M (0%)            0M (0%)            2M (3%)            2M (3%)            4M (6%)            0M (0%)     
[2026-06-17T10:03:06.798+0800][2.052s][info][gc,heap     ] GC(39)      Used:       64M (100%)         64M (100%)         62M (97%)          62M (97%)          64M (100%)         60M (94%)    
[2026-06-17T10:03:06.798+0800][2.052s][info][gc,heap     ] GC(39)      Live:         -                53M (84%)          53M (84%)          53M (84%)            -                  -          
[2026-06-17T10:03:06.798+0800][2.053s][info][gc,heap     ] GC(39) Allocated:         -                 0M (0%)            2M (3%)            5M (9%)             -                  -          
[2026-06-17T10:03:06.798+0800][2.053s][info][gc,heap     ] GC(39)   Garbage:         -                10M (16%)           6M (10%)           2M (4%)             -                  -          
[2026-06-17T10:03:06.798+0800][2.053s][info][gc,heap     ] GC(39) Reclaimed:         -                  -                 4M (6%)            7M (12%)            -                  -          
[2026-06-17T10:03:06.798+0800][2.053s][info][gc          ] GC(39) Garbage Collection (Allocation Stall) 64M(100%)->62M(97%)
[2026-06-17T10:03:06.807+0800][2.061s][info][gc,start    ] GC(40) Garbage Collection (Allocation Stall)
[2026-06-17T10:03:06.807+0800][2.061s][info][gc,ref      ] GC(40) Clearing All SoftReferences
[2026-06-17T10:03:06.807+0800][2.062s][info][gc,task     ] GC(40) Using 1 workers
[2026-06-17T10:03:06.807+0800][2.062s][info][gc,ref      ] GC(40) Clearing All SoftReferences
[2026-06-17T10:03:06.807+0800][2.062s][info][gc,phases   ] GC(40) Pause Mark Start 0.204ms
[2026-06-17T10:03:06.809+0800][2.063s][info][gc,phases   ] GC(40) Concurrent Mark 1.114ms
[2026-06-17T10:03:06.809+0800][2.064s][info][gc,phases   ] GC(40) Pause Mark End 0.006ms
[2026-06-17T10:03:06.809+0800][2.064s][info][gc,phases   ] GC(40) Concurrent Mark Free 0.001ms
[2026-06-17T10:03:06.810+0800][2.064s][info][gc,phases   ] GC(40) Concurrent Process Non-Strong References 0.394ms
[2026-06-17T10:03:06.810+0800][2.065s][info][gc,phases   ] GC(40) Concurrent Reset Relocation Set 0.001ms
[2026-06-17T10:03:06.811+0800][2.066s][info][gc,phases   ] GC(40) Concurrent Select Relocation Set 1.181ms
[2026-06-17T10:03:06.812+0800][2.066s][info][gc,phases   ] GC(40) Pause Relocate Start 0.004ms
[2026-06-17T10:03:06.812+0800][2.067s][info][gc,phases   ] GC(40) Concurrent Relocate 0.048ms
[2026-06-17T10:03:06.813+0800][2.067s][info][gc,load     ] GC(40) Load: 0.27/0.41/0.50
[2026-06-17T10:03:06.813+0800][2.067s][info][gc,mmu      ] GC(40) MMU: 2ms/1.0%, 5ms/60.4%, 10ms/80.1%, 20ms/90.0%, 50ms/94.3%, 100ms/96.0%
[2026-06-17T10:03:06.813+0800][2.068s][info][gc,marking  ] GC(40) Mark: 1 stripe(s), 1 proactive flush(es), 1 terminate flush(es), 0 completion(s), 0 continuation(s) 
[2026-06-17T10:03:06.813+0800][2.068s][info][gc,marking  ] GC(40) Mark Stack Usage: 32M
[2026-06-17T10:03:06.814+0800][2.068s][info][gc,nmethod  ] GC(40) NMethods: 70 registered, 5 unregistered
[2026-06-17T10:03:06.814+0800][2.068s][info][gc,metaspace] GC(40) Metaspace: 0M used, 0M committed, 1088M reserved
[2026-06-17T10:03:06.814+0800][2.069s][info][gc,ref      ] GC(40) Soft: 0 encountered, 0 discovered, 0 enqueued
[2026-06-17T10:03:06.814+0800][2.069s][info][gc,ref      ] GC(40) Weak: 6 encountered, 0 discovered, 0 enqueued
[2026-06-17T10:03:06.815+0800][2.069s][info][gc,ref      ] GC(40) Final: 0 encountered, 0 discovered, 0 enqueued
[2026-06-17T10:03:06.815+0800][2.070s][info][gc,ref      ] GC(40) Phantom: 1 encountered, 0 discovered, 0 enqueued
[2026-06-17T10:03:06.815+0800][2.070s][info][gc,reloc    ] GC(40) Small Pages: 6 / 12M, Empty: 0M, Relocated: 0M, In-Place: 0
[2026-06-17T10:03:06.816+0800][2.070s][info][gc,reloc    ] GC(40) Large Pages: 26 / 52M, Empty: 0M, Relocated: 0M, In-Place: 0
[2026-06-17T10:03:06.816+0800][2.071s][info][gc,reloc    ] GC(40) Forwarding Usage: 0M
[2026-06-17T10:03:06.816+0800][2.071s][info][gc,heap     ] GC(40) Min Capacity: 64M(100%)
[2026-06-17T10:03:06.817+0800][2.071s][info][gc,heap     ] GC(40) Max Capacity: 64M(100%)
[2026-06-17T10:03:06.817+0800][2.072s][info][gc,heap     ] GC(40) Soft Max Capacity: 64M(100%)
[2026-06-17T10:03:06.817+0800][2.072s][info][gc,heap     ] GC(40)                Mark Start          Mark End        Relocate Start      Relocate End           High               Low         
[2026-06-17T10:03:06.818+0800][2.072s][info][gc,heap     ] GC(40)  Capacity:       64M (100%)         64M (100%)         64M (100%)         64M (100%)         64M (100%)         64M (100%)   
[2026-06-17T10:03:06.818+0800][2.073s][info][gc,heap     ] GC(40)      Free:        0M (0%)            0M (0%)            0M (0%)            0M (0%)            0M (0%)            0M (0%)     
[2026-06-17T10:03:06.818+0800][2.073s][info][gc,heap     ] GC(40)      Used:       64M (100%)         64M (100%)         64M (100%)         64M (100%)         64M (100%)         64M (100%)   
[2026-06-17T10:03:06.818+0800][2.073s][info][gc,heap     ] GC(40)      Live:         -                61M (96%)          61M (96%)          61M (96%)            -                  -          
[2026-06-17T10:03:06.819+0800][2.073s][info][gc,heap     ] GC(40) Allocated:         -                 0M (0%)            0M (0%)            0M (0%)             -                  -          
[2026-06-17T10:03:06.819+0800][2.074s][info][gc,heap     ] GC(40)   Garbage:         -                 2M (4%)            2M (4%)            2M (4%)             -                  -          
[2026-06-17T10:03:06.819+0800][2.074s][info][gc,heap     ] GC(40) Reclaimed:         -                  -                 0M (0%)            0M (0%)             -                  -          
[2026-06-17T10:03:06.820+0800][2.074s][info][gc          ] GC(40) Garbage Collection (Allocation Stall) 64M(100%)->64M(100%)
[2026-06-17T10:03:06.820+0800][2.075s][info][gc          ] Allocation Stall (main) 13.564ms
[2026-06-17T10:03:06.820+0800][2.075s][info][gc          ] Out Of Memory (main)
[2026-06-17T10:03:06.821+0800][2.075s][info][gc,start    ] GC(41) Garbage Collection (Allocation Stall)
[2026-06-17T10:03:06.821+0800][2.076s][info][gc,ref      ] GC(41) Clearing All SoftReferences
[2026-06-17T10:03:06.821+0800][2.076s][info][gc,task     ] GC(41) Using 1 workers
[2026-06-17T10:03:06.822+0800][2.076s][info][gc,ref      ] GC(41) Clearing All SoftReferences
[2026-06-17T10:03:06.822+0800][2.077s][info][gc,phases   ] GC(41) Pause Mark Start 0.333ms
[2026-06-17T10:03:06.824+0800][2.078s][info][gc,phases   ] GC(41) Concurrent Mark 1.117ms
[2026-06-17T10:03:06.824+0800][2.079s][info][gc,phases   ] GC(41) Pause Mark End 0.006ms
[2026-06-17T10:03:06.825+0800][2.079s][info][gc,phases   ] GC(41) Concurrent Mark Free 0.001ms
[2026-06-17T10:03:06.825+0800][2.080s][info][gc,phases   ] GC(41) Concurrent Process Non-Strong References 0.352ms
[2026-06-17T10:03:06.825+0800][2.080s][info][gc,phases   ] GC(41) Concurrent Reset Relocation Set 0.001ms
[2026-06-17T10:03:06.827+0800][2.082s][info][gc          ] Allocation Stall (main) 6.228ms
[2026-06-17T10:03:06.827+0800][2.082s][info][gc,phases   ] GC(41) Concurrent Select Relocation Set 1.477ms
[2026-06-17T10:03:06.827+0800][2.082s][info][gc,phases   ] GC(41) Pause Relocate Start 0.005ms
[2026-06-17T10:03:06.828+0800][2.082s][info][gc,phases   ] GC(41) Concurrent Relocate 0.183ms
[2026-06-17T10:03:06.828+0800][2.083s][info][gc,load     ] GC(41) Load: 0.27/0.41/0.50
[2026-06-17T10:03:06.828+0800][2.083s][info][gc,mmu      ] GC(41) MMU: 2ms/1.0%, 5ms/60.4%, 10ms/80.1%, 20ms/90.0%, 50ms/94.3%, 100ms/96.0%
[2026-06-17T10:03:06.829+0800][2.083s][info][gc,marking  ] GC(41) Mark: 1 stripe(s), 1 proactive flush(es), 1 terminate flush(es), 0 completion(s), 0 continuation(s) 
[2026-06-17T10:03:06.829+0800][2.083s][info][gc,marking  ] GC(41) Mark Stack Usage: 32M
[2026-06-17T10:03:06.829+0800][2.083s][info][gc,nmethod  ] GC(41) NMethods: 70 registered, 5 unregistered
[2026-06-17T10:03:06.829+0800][2.083s][info][gc,metaspace] GC(41) Metaspace: 0M used, 0M committed, 1088M reserved
[2026-06-17T10:03:06.829+0800][2.084s][info][gc,ref      ] GC(41) Soft: 0 encountered, 0 discovered, 0 enqueued
[2026-06-17T10:03:06.829+0800][2.084s][info][gc,ref      ] GC(41) Weak: 6 encountered, 0 discovered, 0 enqueued
[2026-06-17T10:03:06.829+0800][2.084s][info][gc,ref      ] GC(41) Final: 0 encountered, 0 discovered, 0 enqueued
[2026-06-17T10:03:06.829+0800][2.084s][info][gc,ref      ] GC(41) Phantom: 1 encountered, 0 discovered, 0 enqueued
[2026-06-17T10:03:06.829+0800][2.084s][info][gc,reloc    ] GC(41) Small Pages: 6 / 12M, Empty: 2M, Relocated: 1M, In-Place: 1
[2026-06-17T10:03:06.830+0800][2.084s][info][gc,reloc    ] GC(41) Large Pages: 26 / 52M, Empty: 0M, Relocated: 0M, In-Place: 0
[2026-06-17T10:03:06.830+0800][2.084s][info][gc,reloc    ] GC(41) Forwarding Usage: 0M
[2026-06-17T10:03:06.830+0800][2.084s][info][gc,heap     ] GC(41) Min Capacity: 64M(100%)
[2026-06-17T10:03:06.830+0800][2.084s][info][gc,heap     ] GC(41) Max Capacity: 64M(100%)
[2026-06-17T10:03:06.830+0800][2.085s][info][gc,heap     ] GC(41) Soft Max Capacity: 64M(100%)
[2026-06-17T10:03:06.830+0800][2.085s][info][gc,heap     ] GC(41)                Mark Start          Mark End        Relocate Start      Relocate End           High               Low         
[2026-06-17T10:03:06.830+0800][2.085s][info][gc,heap     ] GC(41)  Capacity:       64M (100%)         64M (100%)         64M (100%)         64M (100%)         64M (100%)         64M (100%)   
[2026-06-17T10:03:06.830+0800][2.085s][info][gc,heap     ] GC(41)      Free:        0M (0%)            0M (0%)            0M (0%)            2M (3%)            2M (3%)            0M (0%)     
[2026-06-17T10:03:06.830+0800][2.085s][info][gc,heap     ] GC(41)      Used:       64M (100%)         64M (100%)         64M (100%)         62M (97%)          64M (100%)         62M (97%)    
[2026-06-17T10:03:06.831+0800][2.085s][info][gc,heap     ] GC(41)      Live:         -                57M (91%)          57M (91%)          57M (91%)            -                  -          
[2026-06-17T10:03:06.831+0800][2.085s][info][gc,heap     ] GC(41) Allocated:         -                 0M (0%)            2M (3%)            2M (3%)             -                  -          
[2026-06-17T10:03:06.831+0800][2.085s][info][gc,heap     ] GC(41)   Garbage:         -                 6M (9%)            4M (6%)            2M (3%)             -                  -          
[2026-06-17T10:03:06.831+0800][2.085s][info][gc,heap     ] GC(41) Reclaimed:         -                  -                 2M (3%)            4M (6%)             -                  -          
[2026-06-17T10:03:06.831+0800][2.086s][info][gc          ] GC(41) Garbage Collection (Allocation Stall) 64M(100%)->62M(97%)
[2026-06-17T10:03:06.873+0800][2.127s][info][gc,start    ] GC(42) Garbage Collection (Allocation Rate)
[2026-06-17T10:03:06.873+0800][2.128s][info][gc,task     ] GC(42) Using 1 workers
[2026-06-17T10:03:06.874+0800][2.129s][info][gc,phases   ] GC(42) Pause Mark Start 0.016ms
[2026-06-17T10:03:06.877+0800][2.132s][info][gc,phases   ] GC(42) Concurrent Mark 2.005ms
[2026-06-17T10:03:06.878+0800][2.132s][info][gc,phases   ] GC(42) Pause Mark End 0.013ms
[2026-06-17T10:03:06.878+0800][2.133s][info][gc,phases   ] GC(42) Concurrent Mark Free 0.002ms
[2026-06-17T10:03:06.880+0800][2.134s][info][gc,phases   ] GC(42) Concurrent Process Non-Strong References 0.689ms
[2026-06-17T10:03:06.880+0800][2.135s][info][gc,phases   ] GC(42) Concurrent Reset Relocation Set 0.002ms
[2026-06-17T10:03:06.883+0800][2.137s][info][gc,phases   ] GC(42) Concurrent Select Relocation Set 2.585ms
[2026-06-17T10:03:06.883+0800][2.138s][info][gc,phases   ] GC(42) Pause Relocate Start 0.006ms
[2026-06-17T10:03:06.884+0800][2.139s][info][gc,phases   ] GC(42) Concurrent Relocate 0.469ms
[2026-06-17T10:03:06.884+0800][2.139s][info][gc,load     ] GC(42) Load: 0.27/0.41/0.50
[2026-06-17T10:03:06.884+0800][2.139s][info][gc,mmu      ] GC(42) MMU: 2ms/1.0%, 5ms/60.4%, 10ms/80.1%, 20ms/90.0%, 50ms/94.3%, 100ms/96.0%
[2026-06-17T10:03:06.885+0800][2.139s][info][gc,marking  ] GC(42) Mark: 1 stripe(s), 1 proactive flush(es), 1 terminate flush(es), 0 completion(s), 0 continuation(s) 
[2026-06-17T10:03:06.885+0800][2.139s][info][gc,marking  ] GC(42) Mark Stack Usage: 32M
[2026-06-17T10:03:06.885+0800][2.140s][info][gc,nmethod  ] GC(42) NMethods: 70 registered, 5 unregistered
[2026-06-17T10:03:06.885+0800][2.140s][info][gc,metaspace] GC(42) Metaspace: 0M used, 0M committed, 1088M reserved
[2026-06-17T10:03:06.885+0800][2.140s][info][gc,ref      ] GC(42) Soft: 0 encountered, 0 discovered, 0 enqueued
[2026-06-17T10:03:06.885+0800][2.140s][info][gc,ref      ] GC(42) Weak: 6 encountered, 0 discovered, 0 enqueued
[2026-06-17T10:03:06.886+0800][2.140s][info][gc,ref      ] GC(42) Final: 0 encountered, 0 discovered, 0 enqueued
[2026-06-17T10:03:06.886+0800][2.140s][info][gc,ref      ] GC(42) Phantom: 1 encountered, 0 discovered, 0 enqueued
[2026-06-17T10:03:06.886+0800][2.140s][info][gc,reloc    ] GC(42) Small Pages: 5 / 10M, Empty: 4M, Relocated: 0M, In-Place: 0
[2026-06-17T10:03:06.886+0800][2.141s][info][gc,reloc    ] GC(42) Large Pages: 26 / 52M, Empty: 34M, Relocated: 0M, In-Place: 0
[2026-06-17T10:03:06.886+0800][2.141s][info][gc,reloc    ] GC(42) Forwarding Usage: 0M
[2026-06-17T10:03:06.886+0800][2.141s][info][gc,heap     ] GC(42) Min Capacity: 64M(100%)
[2026-06-17T10:03:06.886+0800][2.141s][info][gc,heap     ] GC(42) Max Capacity: 64M(100%)
[2026-06-17T10:03:06.887+0800][2.141s][info][gc,heap     ] GC(42) Soft Max Capacity: 64M(100%)
[2026-06-17T10:03:06.887+0800][2.141s][info][gc,heap     ] GC(42)                Mark Start          Mark End        Relocate Start      Relocate End           High               Low         
[2026-06-17T10:03:06.887+0800][2.142s][info][gc,heap     ] GC(42)  Capacity:       64M (100%)         64M (100%)         64M (100%)         64M (100%)         64M (100%)         64M (100%)   
[2026-06-17T10:03:06.888+0800][2.142s][info][gc,heap     ] GC(42)      Free:        2M (3%)            2M (3%)           40M (62%)          42M (66%)          42M (66%)           2M (3%)     
[2026-06-17T10:03:06.890+0800][2.144s][info][gc,heap     ] GC(42)      Used:       62M (97%)          62M (97%)          24M (38%)          22M (34%)          62M (97%)          22M (34%)    
[2026-06-17T10:03:06.891+0800][2.145s][info][gc,heap     ] GC(42)      Live:         -                20M (31%)          20M (31%)          20M (31%)            -                  -          
[2026-06-17T10:03:06.893+0800][2.147s][info][gc,heap     ] GC(42) Allocated:         -                 0M (0%)            0M (0%)            0M (0%)             -                  -          
[2026-06-17T10:03:06.897+0800][2.151s][info][gc,heap     ] GC(42)   Garbage:         -                41M (65%)           3M (6%)            1M (3%)             -                  -          
[2026-06-17T10:03:06.900+0800][2.155s][info][gc,heap     ] GC(42) Reclaimed:         -                  -                38M (59%)          40M (62%)            -                  -          
[2026-06-17T10:03:06.901+0800][2.155s][info][gc          ] GC(42) Garbage Collection (Allocation Rate) 62M(97%)->22M(34%)
[2026-06-17T10:03:06.972+0800][2.227s][info][gc,start    ] GC(43) Garbage Collection (Allocation Rate)
[2026-06-17T10:03:06.973+0800][2.227s][info][gc,task     ] GC(43) Using 1 workers
[2026-06-17T10:03:06.973+0800][2.228s][info][gc,phases   ] GC(43) Pause Mark Start 0.016ms
[2026-06-17T10:03:06.977+0800][2.232s][info][gc,phases   ] GC(43) Concurrent Mark 2.864ms
[2026-06-17T10:03:06.978+0800][2.232s][info][gc,phases   ] GC(43) Pause Mark End 0.013ms
[2026-06-17T10:03:06.979+0800][2.233s][info][gc,phases   ] GC(43) Concurrent Mark Free 0.002ms
[2026-06-17T10:03:06.980+0800][2.235s][info][gc,phases   ] GC(43) Concurrent Process Non-Strong References 1.103ms
[2026-06-17T10:03:06.981+0800][2.235s][info][gc,phases   ] GC(43) Concurrent Reset Relocation Set 0.002ms
[2026-06-17T10:03:06.983+0800][2.238s][info][gc,phases   ] GC(43) Concurrent Select Relocation Set 2.245ms
[2026-06-17T10:03:06.984+0800][2.238s][info][gc,phases   ] GC(43) Pause Relocate Start 0.006ms
[2026-06-17T10:03:06.985+0800][2.239s][info][gc,phases   ] GC(43) Concurrent Relocate 0.135ms
[2026-06-17T10:03:06.985+0800][2.240s][info][gc,load     ] GC(43) Load: 0.27/0.41/0.50
[2026-06-17T10:03:06.985+0800][2.240s][info][gc,mmu      ] GC(43) MMU: 2ms/1.0%, 5ms/60.4%, 10ms/80.1%, 20ms/90.0%, 50ms/94.3%, 100ms/96.0%
[2026-06-17T10:03:06.986+0800][2.240s][info][gc,marking  ] GC(43) Mark: 1 stripe(s), 1 proactive flush(es), 1 terminate flush(es), 0 completion(s), 0 continuation(s) 
[2026-06-17T10:03:06.986+0800][2.241s][info][gc,marking  ] GC(43) Mark Stack Usage: 32M
[2026-06-17T10:03:06.986+0800][2.241s][info][gc,nmethod  ] GC(43) NMethods: 70 registered, 5 unregistered
[2026-06-17T10:03:06.987+0800][2.241s][info][gc,metaspace] GC(43) Metaspace: 0M used, 0M committed, 1088M reserved
[2026-06-17T10:03:06.987+0800][2.241s][info][gc,ref      ] GC(43) Soft: 0 encountered, 0 discovered, 0 enqueued
[2026-06-17T10:03:06.987+0800][2.241s][info][gc,ref      ] GC(43) Weak: 6 encountered, 0 discovered, 0 enqueued
[2026-06-17T10:03:06.987+0800][2.242s][info][gc,ref      ] GC(43) Final: 0 encountered, 0 discovered, 0 enqueued
[2026-06-17T10:03:06.987+0800][2.242s][info][gc,ref      ] GC(43) Phantom: 1 encountered, 0 discovered, 0 enqueued
[2026-06-17T10:03:06.987+0800][2.242s][info][gc,reloc    ] GC(43) Small Pages: 2 / 4M, Empty: 0M, Relocated: 0M, In-Place: 0
[2026-06-17T10:03:06.987+0800][2.242s][info][gc,reloc    ] GC(43) Large Pages: 9 / 18M, Empty: 0M, Relocated: 0M, In-Place: 0
[2026-06-17T10:03:06.988+0800][2.242s][info][gc,reloc    ] GC(43) Forwarding Usage: 0M
[2026-06-17T10:03:06.988+0800][2.242s][info][gc,heap     ] GC(43) Min Capacity: 64M(100%)
[2026-06-17T10:03:06.988+0800][2.242s][info][gc,heap     ] GC(43) Max Capacity: 64M(100%)
[2026-06-17T10:03:06.988+0800][2.243s][info][gc,heap     ] GC(43) Soft Max Capacity: 64M(100%)
[2026-06-17T10:03:06.988+0800][2.243s][info][gc,heap     ] GC(43)                Mark Start          Mark End        Relocate Start      Relocate End           High               Low         
[2026-06-17T10:03:06.988+0800][2.243s][info][gc,heap     ] GC(43)  Capacity:       64M (100%)         64M (100%)         64M (100%)         64M (100%)         64M (100%)         64M (100%)   
[2026-06-17T10:03:06.989+0800][2.243s][info][gc,heap     ] GC(43)      Free:       42M (66%)          42M (66%)          42M (66%)          42M (66%)          42M (66%)          42M (66%)    
[2026-06-17T10:03:06.989+0800][2.243s][info][gc,heap     ] GC(43)      Used:       22M (34%)          22M (34%)          22M (34%)          22M (34%)          22M (34%)          22M (34%)    
[2026-06-17T10:03:06.989+0800][2.244s][info][gc,heap     ] GC(43)      Live:         -                20M (31%)          20M (31%)          20M (31%)            -                  -          
[2026-06-17T10:03:06.989+0800][2.244s][info][gc,heap     ] GC(43) Allocated:         -                 0M (0%)            0M (0%)            0M (0%)             -                  -          
[2026-06-17T10:03:06.989+0800][2.244s][info][gc,heap     ] GC(43)   Garbage:         -                 1M (3%)            1M (3%)            1M (3%)             -                  -          
[2026-06-17T10:03:06.989+0800][2.244s][info][gc,heap     ] GC(43) Reclaimed:         -                  -                 0M (0%)            0M (0%)             -                  -          
[2026-06-17T10:03:06.990+0800][2.244s][info][gc          ] GC(43) Garbage Collection (Allocation Rate) 22M(34%)->22M(34%)
[2026-06-17T10:03:07.072+0800][2.327s][info][gc,start    ] GC(44) Garbage Collection (Allocation Rate)
[2026-06-17T10:03:07.073+0800][2.328s][info][gc,task     ] GC(44) Using 1 workers
[2026-06-17T10:03:07.074+0800][2.328s][info][gc,phases   ] GC(44) Pause Mark Start 0.014ms
[2026-06-17T10:03:07.076+0800][2.331s][info][gc,phases   ] GC(44) Concurrent Mark 1.803ms
[2026-06-17T10:03:07.077+0800][2.332s][info][gc,phases   ] GC(44) Pause Mark End 0.010ms
[2026-06-17T10:03:07.078+0800][2.332s][info][gc,phases   ] GC(44) Concurrent Mark Free 0.001ms
[2026-06-17T10:03:07.079+0800][2.333s][info][gc,phases   ] GC(44) Concurrent Process Non-Strong References 0.468ms
[2026-06-17T10:03:07.079+0800][2.334s][info][gc,phases   ] GC(44) Concurrent Reset Relocation Set 0.001ms
[2026-06-17T10:03:07.081+0800][2.335s][info][gc,phases   ] GC(44) Concurrent Select Relocation Set 1.295ms
[2026-06-17T10:03:07.081+0800][2.336s][info][gc,phases   ] GC(44) Pause Relocate Start 0.005ms
[2026-06-17T10:03:07.082+0800][2.337s][info][gc,phases   ] GC(44) Concurrent Relocate 0.483ms
[2026-06-17T10:03:07.082+0800][2.337s][info][gc,load     ] GC(44) Load: 0.27/0.41/0.50
[2026-06-17T10:03:07.083+0800][2.337s][info][gc,mmu      ] GC(44) MMU: 2ms/1.0%, 5ms/60.4%, 10ms/80.1%, 20ms/90.0%, 50ms/94.3%, 100ms/96.0%
[2026-06-17T10:03:07.083+0800][2.337s][info][gc,marking  ] GC(44) Mark: 1 stripe(s), 2 proactive flush(es), 1 terminate flush(es), 0 completion(s), 0 continuation(s) 
[2026-06-17T10:03:07.083+0800][2.338s][info][gc,marking  ] GC(44) Mark Stack Usage: 32M
[2026-06-17T10:03:07.083+0800][2.338s][info][gc,nmethod  ] GC(44) NMethods: 70 registered, 5 unregistered
[2026-06-17T10:03:07.083+0800][2.338s][info][gc,metaspace] GC(44) Metaspace: 0M used, 0M committed, 1088M reserved
[2026-06-17T10:03:07.084+0800][2.338s][info][gc,ref      ] GC(44) Soft: 0 encountered, 0 discovered, 0 enqueued
[2026-06-17T10:03:07.084+0800][2.338s][info][gc,ref      ] GC(44) Weak: 6 encountered, 0 discovered, 0 enqueued
[2026-06-17T10:03:07.084+0800][2.339s][info][gc,ref      ] GC(44) Final: 0 encountered, 0 discovered, 0 enqueued
[2026-06-17T10:03:07.084+0800][2.339s][info][gc,ref      ] GC(44) Phantom: 1 encountered, 0 discovered, 0 enqueued
[2026-06-17T10:03:07.084+0800][2.339s][info][gc,reloc    ] GC(44) Small Pages: 8 / 16M, Empty: 10M, Relocated: 1M, In-Place: 0
[2026-06-17T10:03:07.084+0800][2.339s][info][gc,reloc    ] GC(44) Large Pages: 14 / 28M, Empty: 0M, Relocated: 0M, In-Place: 0
[2026-06-17T10:03:07.085+0800][2.339s][info][gc,reloc    ] GC(44) Forwarding Usage: 0M
[2026-06-17T10:03:07.085+0800][2.339s][info][gc,heap     ] GC(44) Min Capacity: 64M(100%)
[2026-06-17T10:03:07.085+0800][2.339s][info][gc,heap     ] GC(44) Max Capacity: 64M(100%)
[2026-06-17T10:03:07.085+0800][2.340s][info][gc,heap     ] GC(44) Soft Max Capacity: 64M(100%)
[2026-06-17T10:03:07.085+0800][2.340s][info][gc,heap     ] GC(44)                Mark Start          Mark End        Relocate Start      Relocate End           High               Low         
[2026-06-17T10:03:07.085+0800][2.340s][info][gc,heap     ] GC(44)  Capacity:       64M (100%)         64M (100%)         64M (100%)         64M (100%)         64M (100%)         64M (100%)   
[2026-06-17T10:03:07.085+0800][2.340s][info][gc,heap     ] GC(44)      Free:       20M (31%)          16M (25%)          26M (41%)          28M (44%)          28M (44%)          16M (25%)    
[2026-06-17T10:03:07.085+0800][2.340s][info][gc,heap     ] GC(44)      Used:       44M (69%)          48M (75%)          38M (59%)          36M (56%)          48M (75%)          36M (56%)    
[2026-06-17T10:03:07.085+0800][2.340s][info][gc,heap     ] GC(44)      Live:         -                30M (48%)          30M (48%)          30M (48%)            -                  -          
[2026-06-17T10:03:07.086+0800][2.340s][info][gc,heap     ] GC(44) Allocated:         -                 4M (6%)            4M (6%)            4M (6%)             -                  -          
[2026-06-17T10:03:07.086+0800][2.340s][info][gc,heap     ] GC(44)   Garbage:         -                13M (21%)           3M (5%)            1M (2%)             -                  -          
[2026-06-17T10:03:07.086+0800][2.340s][info][gc,heap     ] GC(44) Reclaimed:         -                  -                10M (16%)          12M (19%)            -                  -          
[2026-06-17T10:03:07.086+0800][2.340s][info][gc          ] GC(44) Garbage Collection (Allocation Rate) 44M(69%)->36M(56%)
[2026-06-17T10:03:07.132+0800][2.387s][info][gc,start    ] GC(45) Garbage Collection (Allocation Stall)
[2026-06-17T10:03:07.133+0800][2.388s][info][gc,ref      ] GC(45) Clearing All SoftReferences
[2026-06-17T10:03:07.134+0800][2.389s][info][gc,task     ] GC(45) Using 1 workers
[2026-06-17T10:03:07.135+0800][2.390s][info][gc,ref      ] GC(45) Clearing All SoftReferences
[2026-06-17T10:03:07.136+0800][2.391s][info][gc,phases   ] GC(45) Pause Mark Start 0.819ms
[2026-06-17T10:03:07.139+0800][2.393s][info][gc,phases   ] GC(45) Concurrent Mark 1.472ms
[2026-06-17T10:03:07.139+0800][2.394s][info][gc,phases   ] GC(45) Pause Mark End 0.006ms
[2026-06-17T10:03:07.140+0800][2.394s][info][gc,phases   ] GC(45) Concurrent Mark Free 0.001ms
[2026-06-17T10:03:07.140+0800][2.395s][info][gc,phases   ] GC(45) Concurrent Process Non-Strong References 0.247ms
[2026-06-17T10:03:07.141+0800][2.396s][info][gc,phases   ] GC(45) Concurrent Reset Relocation Set 0.001ms
[2026-06-17T10:03:07.143+0800][2.398s][info][gc          ] Allocation Stall (main) 11.113ms
[2026-06-17T10:03:07.143+0800][2.398s][info][gc,phases   ] GC(45) Concurrent Select Relocation Set 1.533ms
[2026-06-17T10:03:07.145+0800][2.399s][info][gc,phases   ] GC(45) Pause Relocate Start 0.004ms
[2026-06-17T10:03:07.146+0800][2.400s][info][gc,phases   ] GC(45) Concurrent Relocate 0.050ms
[2026-06-17T10:03:07.146+0800][2.401s][info][gc,load     ] GC(45) Load: 0.27/0.41/0.50
[2026-06-17T10:03:07.146+0800][2.401s][info][gc,mmu      ] GC(45) MMU: 2ms/1.0%, 5ms/60.4%, 10ms/80.1%, 20ms/90.0%, 50ms/94.3%, 100ms/96.0%
[2026-06-17T10:03:07.147+0800][2.402s][info][gc,marking  ] GC(45) Mark: 1 stripe(s), 1 proactive flush(es), 1 terminate flush(es), 0 completion(s), 0 continuation(s) 
[2026-06-17T10:03:07.148+0800][2.402s][info][gc,marking  ] GC(45) Mark Stack Usage: 32M
[2026-06-17T10:03:07.148+0800][2.403s][info][gc,nmethod  ] GC(45) NMethods: 70 registered, 5 unregistered
[2026-06-17T10:03:07.149+0800][2.403s][info][gc,metaspace] GC(45) Metaspace: 0M used, 0M committed, 1088M reserved
[2026-06-17T10:03:07.149+0800][2.403s][info][gc,ref      ] GC(45) Soft: 0 encountered, 0 discovered, 0 enqueued
[2026-06-17T10:03:07.149+0800][2.403s][info][gc,ref      ] GC(45) Weak: 6 encountered, 0 discovered, 0 enqueued
[2026-06-17T10:03:07.149+0800][2.404s][info][gc,ref      ] GC(45) Final: 0 encountered, 0 discovered, 0 enqueued
[2026-06-17T10:03:07.149+0800][2.404s][info][gc,ref      ] GC(45) Phantom: 1 encountered, 0 discovered, 0 enqueued
[2026-06-17T10:03:07.149+0800][2.404s][info][gc,reloc    ] GC(45) Small Pages: 12 / 24M, Empty: 16M, Relocated: 0M, In-Place: 0
[2026-06-17T10:03:07.150+0800][2.404s][info][gc,reloc    ] GC(45) Large Pages: 20 / 40M, Empty: 0M, Relocated: 0M, In-Place: 0
[2026-06-17T10:03:07.150+0800][2.405s][info][gc,reloc    ] GC(45) Forwarding Usage: 0M
[2026-06-17T10:03:07.150+0800][2.405s][info][gc,heap     ] GC(45) Min Capacity: 64M(100%)
[2026-06-17T10:03:07.150+0800][2.405s][info][gc,heap     ] GC(45) Max Capacity: 64M(100%)
[2026-06-17T10:03:07.150+0800][2.405s][info][gc,heap     ] GC(45) Soft Max Capacity: 64M(100%)
[2026-06-17T10:03:07.151+0800][2.405s][info][gc,heap     ] GC(45)                Mark Start          Mark End        Relocate Start      Relocate End           High               Low         
[2026-06-17T10:03:07.151+0800][2.405s][info][gc,heap     ] GC(45)  Capacity:       64M (100%)         64M (100%)         64M (100%)         64M (100%)         64M (100%)         64M (100%)   
[2026-06-17T10:03:07.151+0800][2.405s][info][gc,heap     ] GC(45)      Free:        0M (0%)            0M (0%)           12M (19%)          12M (19%)          16M (25%)           0M (0%)     
[2026-06-17T10:03:07.151+0800][2.406s][info][gc,heap     ] GC(45)      Used:       64M (100%)         64M (100%)         52M (81%)          52M (81%)          64M (100%)         48M (75%)    
[2026-06-17T10:03:07.151+0800][2.406s][info][gc,heap     ] GC(45)      Live:         -                45M (71%)          45M (71%)          45M (71%)            -                  -          
[2026-06-17T10:03:07.151+0800][2.406s][info][gc,heap     ] GC(45) Allocated:         -                 0M (0%)            4M (6%)            4M (6%)             -                  -          
[2026-06-17T10:03:07.151+0800][2.406s][info][gc,heap     ] GC(45)   Garbage:         -                18M (29%)           2M (4%)            2M (4%)             -                  -          
[2026-06-17T10:03:07.151+0800][2.406s][info][gc,heap     ] GC(45) Reclaimed:         -                  -                16M (25%)          16M (25%)            -                  -          
[2026-06-17T10:03:07.151+0800][2.406s][info][gc          ] GC(45) Garbage Collection (Allocation Stall) 64M(100%)->52M(81%)
[2026-06-17T10:03:07.168+0800][2.422s][info][gc,start    ] GC(46) Garbage Collection (Allocation Stall)
[2026-06-17T10:03:07.168+0800][2.423s][info][gc,ref      ] GC(46) Clearing All SoftReferences
[2026-06-17T10:03:07.168+0800][2.423s][info][gc,task     ] GC(46) Using 1 workers
[2026-06-17T10:03:07.169+0800][2.423s][info][gc,ref      ] GC(46) Clearing All SoftReferences
[2026-06-17T10:03:07.169+0800][2.423s][info][gc,phases   ] GC(46) Pause Mark Start 0.218ms
[2026-06-17T10:03:07.170+0800][2.425s][info][gc,phases   ] GC(46) Concurrent Mark 0.955ms
[2026-06-17T10:03:07.170+0800][2.425s][info][gc,phases   ] GC(46) Pause Mark End 0.007ms
[2026-06-17T10:03:07.170+0800][2.425s][info][gc,phases   ] GC(46) Concurrent Mark Free 0.001ms
[2026-06-17T10:03:07.171+0800][2.425s][info][gc,phases   ] GC(46) Concurrent Process Non-Strong References 0.296ms
[2026-06-17T10:03:07.171+0800][2.426s][info][gc,phases   ] GC(46) Concurrent Reset Relocation Set 0.001ms
[2026-06-17T10:03:07.172+0800][2.427s][info][gc          ] Allocation Stall (main) 4.775ms
[2026-06-17T10:03:07.172+0800][2.427s][info][gc,phases   ] GC(46) Concurrent Select Relocation Set 1.058ms
[2026-06-17T10:03:07.173+0800][2.427s][info][gc,phases   ] GC(46) Pause Relocate Start 0.003ms
[2026-06-17T10:03:07.174+0800][2.428s][info][gc,phases   ] GC(46) Concurrent Relocate 0.576ms
[2026-06-17T10:03:07.174+0800][2.428s][info][gc,load     ] GC(46) Load: 0.27/0.41/0.50
[2026-06-17T10:03:07.174+0800][2.429s][info][gc,mmu      ] GC(46) MMU: 2ms/1.0%, 5ms/60.4%, 10ms/80.1%, 20ms/90.0%, 50ms/94.3%, 100ms/96.0%
[2026-06-17T10:03:07.174+0800][2.429s][info][gc,marking  ] GC(46) Mark: 1 stripe(s), 1 proactive flush(es), 1 terminate flush(es), 0 completion(s), 0 continuation(s) 
[2026-06-17T10:03:07.174+0800][2.429s][info][gc,marking  ] GC(46) Mark Stack Usage: 32M
[2026-06-17T10:03:07.174+0800][2.429s][info][gc,nmethod  ] GC(46) NMethods: 70 registered, 5 unregistered
[2026-06-17T10:03:07.174+0800][2.429s][info][gc,metaspace] GC(46) Metaspace: 0M used, 0M committed, 1088M reserved
[2026-06-17T10:03:07.174+0800][2.429s][info][gc,ref      ] GC(46) Soft: 0 encountered, 0 discovered, 0 enqueued
[2026-06-17T10:03:07.174+0800][2.429s][info][gc,ref      ] GC(46) Weak: 6 encountered, 0 discovered, 0 enqueued
[2026-06-17T10:03:07.175+0800][2.429s][info][gc,ref      ] GC(46) Final: 0 encountered, 0 discovered, 0 enqueued
[2026-06-17T10:03:07.175+0800][2.429s][info][gc,ref      ] GC(46) Phantom: 1 encountered, 0 discovered, 0 enqueued
[2026-06-17T10:03:07.175+0800][2.429s][info][gc,reloc    ] GC(46) Small Pages: 10 / 20M, Empty: 8M, Relocated: 3M, In-Place: 0
[2026-06-17T10:03:07.175+0800][2.429s][info][gc,reloc    ] GC(46) Large Pages: 22 / 44M, Empty: 0M, Relocated: 0M, In-Place: 0
[2026-06-17T10:03:07.175+0800][2.429s][info][gc,reloc    ] GC(46) Forwarding Usage: 0M
[2026-06-17T10:03:07.175+0800][2.429s][info][gc,heap     ] GC(46) Min Capacity: 64M(100%)
[2026-06-17T10:03:07.175+0800][2.430s][info][gc,heap     ] GC(46) Max Capacity: 64M(100%)
[2026-06-17T10:03:07.175+0800][2.430s][info][gc,heap     ] GC(46) Soft Max Capacity: 64M(100%)
[2026-06-17T10:03:07.175+0800][2.430s][info][gc,heap     ] GC(46)                Mark Start          Mark End        Relocate Start      Relocate End           High               Low         
[2026-06-17T10:03:07.175+0800][2.430s][info][gc,heap     ] GC(46)  Capacity:       64M (100%)         64M (100%)         64M (100%)         64M (100%)         64M (100%)         64M (100%)   
[2026-06-17T10:03:07.175+0800][2.430s][info][gc,heap     ] GC(46)      Free:        0M (0%)            0M (0%)            6M (9%)            8M (12%)           8M (12%)           0M (0%)     
[2026-06-17T10:03:07.175+0800][2.430s][info][gc,heap     ] GC(46)      Used:       64M (100%)         64M (100%)         58M (91%)          56M (88%)          64M (100%)         56M (88%)    
[2026-06-17T10:03:07.175+0800][2.430s][info][gc,heap     ] GC(46)      Live:         -                49M (77%)          49M (77%)          49M (77%)            -                  -          
[2026-06-17T10:03:07.176+0800][2.430s][info][gc,heap     ] GC(46) Allocated:         -                 0M (0%)            2M (3%)            5M (9%)             -                  -          
[2026-06-17T10:03:07.176+0800][2.430s][info][gc,heap     ] GC(46)   Garbage:         -                14M (23%)           6M (11%)           0M (2%)             -                  -          
[2026-06-17T10:03:07.176+0800][2.430s][info][gc,heap     ] GC(46) Reclaimed:         -                  -                 8M (12%)          13M (22%)            -                  -          
[2026-06-17T10:03:07.176+0800][2.430s][info][gc          ] GC(46) Garbage Collection (Allocation Stall) 64M(100%)->56M(88%)
[2026-06-17T10:03:07.206+0800][2.460s][info][gc,start    ] GC(47) Garbage Collection (Allocation Stall)
[2026-06-17T10:03:07.207+0800][2.461s][info][gc,ref      ] GC(47) Clearing All SoftReferences
[2026-06-17T10:03:07.207+0800][2.461s][info][gc,task     ] GC(47) Using 1 workers
[2026-06-17T10:03:07.207+0800][2.462s][info][gc,ref      ] GC(47) Clearing All SoftReferences
[2026-06-17T10:03:07.208+0800][2.462s][info][gc,phases   ] GC(47) Pause Mark Start 0.331ms
[2026-06-17T10:03:07.211+0800][2.465s][info][gc,phases   ] GC(47) Concurrent Mark 2.593ms
[2026-06-17T10:03:07.211+0800][2.466s][info][gc,phases   ] GC(47) Pause Mark End 0.011ms
[2026-06-17T10:03:07.212+0800][2.466s][info][gc,phases   ] GC(47) Concurrent Mark Free 0.002ms
[2026-06-17T10:03:07.212+0800][2.467s][info][gc,phases   ] GC(47) Concurrent Process Non-Strong References 0.532ms
[2026-06-17T10:03:07.213+0800][2.467s][info][gc,phases   ] GC(47) Concurrent Reset Relocation Set 0.001ms
[2026-06-17T10:03:07.215+0800][2.469s][info][gc          ] Allocation Stall (main) 8.976ms
[2026-06-17T10:03:07.215+0800][2.469s][info][gc,phases   ] GC(47) Concurrent Select Relocation Set 1.721ms
[2026-06-17T10:03:07.216+0800][2.470s][info][gc,phases   ] GC(47) Pause Relocate Start 0.006ms
[2026-06-17T10:03:07.217+0800][2.471s][info][gc,phases   ] GC(47) Concurrent Relocate 0.147ms
[2026-06-17T10:03:07.217+0800][2.471s][info][gc,load     ] GC(47) Load: 0.27/0.41/0.50
[2026-06-17T10:03:07.217+0800][2.472s][info][gc,mmu      ] GC(47) MMU: 2ms/1.0%, 5ms/60.4%, 10ms/80.1%, 20ms/90.0%, 50ms/94.3%, 100ms/96.0%
[2026-06-17T10:03:07.217+0800][2.472s][info][gc,marking  ] GC(47) Mark: 1 stripe(s), 1 proactive flush(es), 1 terminate flush(es), 0 completion(s), 0 continuation(s) 
[2026-06-17T10:03:07.217+0800][2.472s][info][gc,marking  ] GC(47) Mark Stack Usage: 32M
[2026-06-17T10:03:07.218+0800][2.472s][info][gc,nmethod  ] GC(47) NMethods: 70 registered, 5 unregistered
[2026-06-17T10:03:07.218+0800][2.472s][info][gc,metaspace] GC(47) Metaspace: 0M used, 0M committed, 1088M reserved
[2026-06-17T10:03:07.218+0800][2.472s][info][gc,ref      ] GC(47) Soft: 0 encountered, 0 discovered, 0 enqueued
[2026-06-17T10:03:07.218+0800][2.472s][info][gc,ref      ] GC(47) Weak: 6 encountered, 0 discovered, 0 enqueued
[2026-06-17T10:03:07.218+0800][2.473s][info][gc,ref      ] GC(47) Final: 0 encountered, 0 discovered, 0 enqueued
[2026-06-17T10:03:07.218+0800][2.473s][info][gc,ref      ] GC(47) Phantom: 1 encountered, 0 discovered, 0 enqueued
[2026-06-17T10:03:07.218+0800][2.473s][info][gc,reloc    ] GC(47) Small Pages: 8 / 16M, Empty: 4M, Relocated: 0M, In-Place: 1
[2026-06-17T10:03:07.218+0800][2.473s][info][gc,reloc    ] GC(47) Large Pages: 24 / 48M, Empty: 0M, Relocated: 0M, In-Place: 0
[2026-06-17T10:03:07.218+0800][2.473s][info][gc,reloc    ] GC(47) Forwarding Usage: 0M
[2026-06-17T10:03:07.219+0800][2.473s][info][gc,heap     ] GC(47) Min Capacity: 64M(100%)
[2026-06-17T10:03:07.219+0800][2.473s][info][gc,heap     ] GC(47) Max Capacity: 64M(100%)
[2026-06-17T10:03:07.219+0800][2.473s][info][gc,heap     ] GC(47) Soft Max Capacity: 64M(100%)
[2026-06-17T10:03:07.219+0800][2.474s][info][gc,heap     ] GC(47)                Mark Start          Mark End        Relocate Start      Relocate End           High               Low         
[2026-06-17T10:03:07.219+0800][2.474s][info][gc,heap     ] GC(47)  Capacity:       64M (100%)         64M (100%)         64M (100%)         64M (100%)         64M (100%)         64M (100%)   
[2026-06-17T10:03:07.219+0800][2.474s][info][gc,heap     ] GC(47)      Free:        0M (0%)            0M (0%)            0M (0%)            0M (0%)            4M (6%)            0M (0%)     
[2026-06-17T10:03:07.219+0800][2.474s][info][gc,heap     ] GC(47)      Used:       64M (100%)         64M (100%)         64M (100%)         64M (100%)         64M (100%)         60M (94%)    
[2026-06-17T10:03:07.219+0800][2.474s][info][gc,heap     ] GC(47)      Live:         -                55M (87%)          55M (87%)          55M (87%)            -                  -          
[2026-06-17T10:03:07.220+0800][2.474s][info][gc,heap     ] GC(47) Allocated:         -                 0M (0%)            4M (6%)            6M (9%)             -                  -          
[2026-06-17T10:03:07.220+0800][2.474s][info][gc,heap     ] GC(47)   Garbage:         -                 8M (13%)           4M (7%)            2M (3%)             -                  -          
[2026-06-17T10:03:07.220+0800][2.474s][info][gc,heap     ] GC(47) Reclaimed:         -                  -                 4M (6%)            6M (9%)             -                  -          
[2026-06-17T10:03:07.220+0800][2.474s][info][gc          ] GC(47) Garbage Collection (Allocation Stall) 64M(100%)->64M(100%)
[2026-06-17T10:03:07.227+0800][2.482s][info][gc,start    ] GC(48) Garbage Collection (Allocation Stall)
[2026-06-17T10:03:07.227+0800][2.482s][info][gc,ref      ] GC(48) Clearing All SoftReferences
[2026-06-17T10:03:07.228+0800][2.482s][info][gc,task     ] GC(48) Using 1 workers
[2026-06-17T10:03:07.228+0800][2.482s][info][gc,ref      ] GC(48) Clearing All SoftReferences
[2026-06-17T10:03:07.228+0800][2.483s][info][gc,phases   ] GC(48) Pause Mark Start 0.194ms
[2026-06-17T10:03:07.230+0800][2.484s][info][gc,phases   ] GC(48) Concurrent Mark 1.184ms
[2026-06-17T10:03:07.230+0800][2.485s][info][gc,phases   ] GC(48) Pause Mark End 0.008ms
[2026-06-17T10:03:07.230+0800][2.485s][info][gc,phases   ] GC(48) Concurrent Mark Free 0.001ms
[2026-06-17T10:03:07.231+0800][2.486s][info][gc,phases   ] GC(48) Concurrent Process Non-Strong References 0.374ms
[2026-06-17T10:03:07.231+0800][2.486s][info][gc,phases   ] GC(48) Concurrent Reset Relocation Set 0.002ms
[2026-06-17T10:03:07.233+0800][2.487s][info][gc          ] Allocation Stall (main) 5.657ms
[2026-06-17T10:03:07.233+0800][2.487s][info][gc,phases   ] GC(48) Concurrent Select Relocation Set 1.430ms
[2026-06-17T10:03:07.233+0800][2.488s][info][gc,phases   ] GC(48) Pause Relocate Start 0.004ms
[2026-06-17T10:03:07.234+0800][2.488s][info][gc          ] Allocation Stall (main) 0.460ms
[2026-06-17T10:03:07.234+0800][2.488s][info][gc,phases   ] GC(48) Concurrent Relocate 0.227ms
[2026-06-17T10:03:07.234+0800][2.488s][info][gc,load     ] GC(48) Load: 0.27/0.41/0.50
[2026-06-17T10:03:07.234+0800][2.489s][info][gc,mmu      ] GC(48) MMU: 2ms/1.0%, 5ms/60.4%, 10ms/80.1%, 20ms/90.0%, 50ms/94.3%, 100ms/96.0%
[2026-06-17T10:03:07.234+0800][2.489s][info][gc,marking  ] GC(48) Mark: 1 stripe(s), 1 proactive flush(es), 1 terminate flush(es), 0 completion(s), 0 continuation(s) 
[2026-06-17T10:03:07.234+0800][2.489s][info][gc,marking  ] GC(48) Mark Stack Usage: 32M
[2026-06-17T10:03:07.234+0800][2.489s][info][gc,nmethod  ] GC(48) NMethods: 70 registered, 5 unregistered
[2026-06-17T10:03:07.235+0800][2.489s][info][gc,metaspace] GC(48) Metaspace: 0M used, 0M committed, 1088M reserved
[2026-06-17T10:03:07.235+0800][2.489s][info][gc,ref      ] GC(48) Soft: 0 encountered, 0 discovered, 0 enqueued
[2026-06-17T10:03:07.235+0800][2.490s][info][gc,ref      ] GC(48) Weak: 6 encountered, 0 discovered, 0 enqueued
[2026-06-17T10:03:07.235+0800][2.490s][info][gc,ref      ] GC(48) Final: 0 encountered, 0 discovered, 0 enqueued
[2026-06-17T10:03:07.235+0800][2.490s][info][gc,ref      ] GC(48) Phantom: 1 encountered, 0 discovered, 0 enqueued
[2026-06-17T10:03:07.235+0800][2.490s][info][gc,reloc    ] GC(48) Small Pages: 6 / 12M, Empty: 2M, Relocated: 1M, In-Place: 1
[2026-06-17T10:03:07.235+0800][2.490s][info][gc,reloc    ] GC(48) Large Pages: 26 / 52M, Empty: 0M, Relocated: 0M, In-Place: 0
[2026-06-17T10:03:07.236+0800][2.490s][info][gc,reloc    ] GC(48) Forwarding Usage: 0M
[2026-06-17T10:03:07.236+0800][2.490s][info][gc,heap     ] GC(48) Min Capacity: 64M(100%)
[2026-06-17T10:03:07.236+0800][2.490s][info][gc,heap     ] GC(48) Max Capacity: 64M(100%)
[2026-06-17T10:03:07.236+0800][2.491s][info][gc,heap     ] GC(48) Soft Max Capacity: 64M(100%)
[2026-06-17T10:03:07.236+0800][2.491s][info][gc,heap     ] GC(48)                Mark Start          Mark End        Relocate Start      Relocate End           High               Low         
[2026-06-17T10:03:07.236+0800][2.491s][info][gc,heap     ] GC(48)  Capacity:       64M (100%)         64M (100%)         64M (100%)         64M (100%)         64M (100%)         64M (100%)   
[2026-06-17T10:03:07.236+0800][2.491s][info][gc,heap     ] GC(48)      Free:        0M (0%)            0M (0%)            0M (0%)            0M (0%)            2M (3%)            0M (0%)     
[2026-06-17T10:03:07.236+0800][2.491s][info][gc,heap     ] GC(48)      Used:       64M (100%)         64M (100%)         64M (100%)         64M (100%)         64M (100%)         62M (97%)    
[2026-06-17T10:03:07.236+0800][2.491s][info][gc,heap     ] GC(48)      Live:         -                58M (91%)          58M (91%)          58M (91%)            -                  -          
[2026-06-17T10:03:07.237+0800][2.491s][info][gc,heap     ] GC(48) Allocated:         -                 0M (0%)            2M (3%)            4M (6%)             -                  -          
[2026-06-17T10:03:07.237+0800][2.491s][info][gc,heap     ] GC(48)   Garbage:         -                 5M (9%)            3M (6%)            1M (3%)             -                  -          
[2026-06-17T10:03:07.237+0800][2.491s][info][gc,heap     ] GC(48) Reclaimed:         -                  -                 2M (3%)            4M (6%)             -                  -          
[2026-06-17T10:03:07.237+0800][2.491s][info][gc          ] GC(48) Garbage Collection (Allocation Stall) 64M(100%)->64M(100%)
[2026-06-17T10:03:07.244+0800][2.499s][info][gc,start    ] GC(49) Garbage Collection (Allocation Stall)
[2026-06-17T10:03:07.244+0800][2.499s][info][gc,ref      ] GC(49) Clearing All SoftReferences
[2026-06-17T10:03:07.244+0800][2.499s][info][gc,task     ] GC(49) Using 1 workers
[2026-06-17T10:03:07.245+0800][2.499s][info][gc,ref      ] GC(49) Clearing All SoftReferences
[2026-06-17T10:03:07.245+0800][2.499s][info][gc,phases   ] GC(49) Pause Mark Start 0.200ms
[2026-06-17T10:03:07.246+0800][2.501s][info][gc,phases   ] GC(49) Concurrent Mark 1.152ms
[2026-06-17T10:03:07.247+0800][2.501s][info][gc,phases   ] GC(49) Pause Mark End 0.007ms
[2026-06-17T10:03:07.247+0800][2.501s][info][gc,phases   ] GC(49) Concurrent Mark Free 0.001ms
[2026-06-17T10:03:07.247+0800][2.502s][info][gc,phases   ] GC(49) Concurrent Process Non-Strong References 0.317ms
[2026-06-17T10:03:07.248+0800][2.502s][info][gc,phases   ] GC(49) Concurrent Reset Relocation Set 0.001ms
[2026-06-17T10:03:07.249+0800][2.504s][info][gc          ] Allocation Stall (main) 4.970ms
[2026-06-17T10:03:07.249+0800][2.504s][info][gc,phases   ] GC(49) Concurrent Select Relocation Set 1.257ms
[2026-06-17T10:03:07.249+0800][2.504s][info][gc,phases   ] GC(49) Pause Relocate Start 0.004ms
[2026-06-17T10:03:07.250+0800][2.505s][info][gc          ] Relocation Stall (main) 0.351ms
[2026-06-17T10:03:07.250+0800][2.505s][info][gc,phases   ] GC(49) Concurrent Relocate 0.541ms
[2026-06-17T10:03:07.250+0800][2.505s][info][gc          ] Allocation Stall (main) 0.121ms
[2026-06-17T10:03:07.250+0800][2.505s][info][gc,load     ] GC(49) Load: 0.27/0.41/0.50
[2026-06-17T10:03:07.251+0800][2.505s][info][gc,mmu      ] GC(49) MMU: 2ms/1.0%, 5ms/60.4%, 10ms/80.1%, 20ms/90.0%, 50ms/94.3%, 100ms/96.0%
[2026-06-17T10:03:07.251+0800][2.505s][info][gc,marking  ] GC(49) Mark: 1 stripe(s), 1 proactive flush(es), 1 terminate flush(es), 0 completion(s), 0 continuation(s) 
[2026-06-17T10:03:07.251+0800][2.505s][info][gc,marking  ] GC(49) Mark Stack Usage: 32M
[2026-06-17T10:03:07.251+0800][2.506s][info][gc,nmethod  ] GC(49) NMethods: 70 registered, 5 unregistered
[2026-06-17T10:03:07.251+0800][2.506s][info][gc,metaspace] GC(49) Metaspace: 0M used, 0M committed, 1088M reserved
[2026-06-17T10:03:07.251+0800][2.506s][info][gc,ref      ] GC(49) Soft: 0 encountered, 0 discovered, 0 enqueued
[2026-06-17T10:03:07.251+0800][2.506s][info][gc,ref      ] GC(49) Weak: 6 encountered, 0 discovered, 0 enqueued
[2026-06-17T10:03:07.251+0800][2.506s][info][gc,ref      ] GC(49) Final: 0 encountered, 0 discovered, 0 enqueued
[2026-06-17T10:03:07.251+0800][2.506s][info][gc,ref      ] GC(49) Phantom: 1 encountered, 0 discovered, 0 enqueued
[2026-06-17T10:03:07.252+0800][2.506s][info][gc,reloc    ] GC(49) Small Pages: 6 / 12M, Empty: 2M, Relocated: 3M, In-Place: 2
[2026-06-17T10:03:07.252+0800][2.506s][info][gc,reloc    ] GC(49) Large Pages: 26 / 52M, Empty: 0M, Relocated: 0M, In-Place: 0
[2026-06-17T10:03:07.252+0800][2.506s][info][gc,reloc    ] GC(49) Forwarding Usage: 0M
[2026-06-17T10:03:07.252+0800][2.506s][info][gc,heap     ] GC(49) Min Capacity: 64M(100%)
[2026-06-17T10:03:07.252+0800][2.506s][info][gc,heap     ] GC(49) Max Capacity: 64M(100%)
[2026-06-17T10:03:07.252+0800][2.507s][info][gc,heap     ] GC(49) Soft Max Capacity: 64M(100%)
[2026-06-17T10:03:07.252+0800][2.507s][info][gc,heap     ] GC(49)                Mark Start          Mark End        Relocate Start      Relocate End           High               Low         
[2026-06-17T10:03:07.252+0800][2.507s][info][gc,heap     ] GC(49)  Capacity:       64M (100%)         64M (100%)         64M (100%)         64M (100%)         64M (100%)         64M (100%)   
[2026-06-17T10:03:07.252+0800][2.507s][info][gc,heap     ] GC(49)      Free:        0M (0%)            0M (0%)            0M (0%)            0M (0%)            2M (3%)            0M (0%)     
[2026-06-17T10:03:07.253+0800][2.507s][info][gc,heap     ] GC(49)      Used:       64M (100%)         64M (100%)         64M (100%)         64M (100%)         64M (100%)         62M (97%)    
[2026-06-17T10:03:07.253+0800][2.507s][info][gc,heap     ] GC(49)      Live:         -                58M (92%)          58M (92%)          58M (92%)            -                  -          
[2026-06-17T10:03:07.253+0800][2.507s][info][gc,heap     ] GC(49) Allocated:         -                 0M (0%)            2M (3%)            3M (6%)             -                  -          
[2026-06-17T10:03:07.253+0800][2.507s][info][gc,heap     ] GC(49)   Garbage:         -                 5M (8%)            3M (5%)            1M (2%)             -                  -          
[2026-06-17T10:03:07.253+0800][2.507s][info][gc,heap     ] GC(49) Reclaimed:         -                  -                 2M (3%)            3M (6%)             -                  -          
[2026-06-17T10:03:07.253+0800][2.508s][info][gc          ] GC(49) Garbage Collection (Allocation Stall) 64M(100%)->64M(100%)
[2026-06-17T10:03:07.261+0800][2.515s][info][gc,start    ] GC(50) Garbage Collection (Allocation Stall)
[2026-06-17T10:03:07.261+0800][2.516s][info][gc,ref      ] GC(50) Clearing All SoftReferences
[2026-06-17T10:03:07.261+0800][2.516s][info][gc,task     ] GC(50) Using 1 workers
[2026-06-17T10:03:07.261+0800][2.516s][info][gc,ref      ] GC(50) Clearing All SoftReferences
[2026-06-17T10:03:07.262+0800][2.516s][info][gc,phases   ] GC(50) Pause Mark Start 0.168ms
[2026-06-17T10:03:07.263+0800][2.518s][info][gc,phases   ] GC(50) Concurrent Mark 1.302ms
[2026-06-17T10:03:07.263+0800][2.518s][info][gc,phases   ] GC(50) Pause Mark End 0.007ms
[2026-06-17T10:03:07.263+0800][2.518s][info][gc,phases   ] GC(50) Concurrent Mark Free 0.001ms
[2026-06-17T10:03:07.264+0800][2.519s][info][gc,phases   ] GC(50) Concurrent Process Non-Strong References 0.374ms
[2026-06-17T10:03:07.264+0800][2.519s][info][gc,phases   ] GC(50) Concurrent Reset Relocation Set 0.001ms
[2026-06-17T10:03:07.266+0800][2.520s][info][gc          ] Allocation Stall (main) 4.893ms
[2026-06-17T10:03:07.266+0800][2.520s][info][gc,phases   ] GC(50) Concurrent Select Relocation Set 1.297ms
[2026-06-17T10:03:07.266+0800][2.521s][info][gc,phases   ] GC(50) Pause Relocate Start 0.005ms
[2026-06-17T10:03:07.267+0800][2.521s][info][gc,phases   ] GC(50) Concurrent Relocate 0.054ms
[2026-06-17T10:03:07.267+0800][2.521s][info][gc,load     ] GC(50) Load: 0.27/0.41/0.50
[2026-06-17T10:03:07.267+0800][2.522s][info][gc,mmu      ] GC(50) MMU: 2ms/1.0%, 5ms/60.4%, 10ms/80.1%, 20ms/90.0%, 50ms/94.3%, 100ms/96.0%
[2026-06-17T10:03:07.267+0800][2.522s][info][gc,marking  ] GC(50) Mark: 1 stripe(s), 1 proactive flush(es), 1 terminate flush(es), 0 completion(s), 0 continuation(s) 
[2026-06-17T10:03:07.267+0800][2.522s][info][gc,marking  ] GC(50) Mark Stack Usage: 32M
[2026-06-17T10:03:07.267+0800][2.522s][info][gc,nmethod  ] GC(50) NMethods: 70 registered, 5 unregistered
[2026-06-17T10:03:07.267+0800][2.522s][info][gc,metaspace] GC(50) Metaspace: 0M used, 0M committed, 1088M reserved
[2026-06-17T10:03:07.267+0800][2.522s][info][gc,ref      ] GC(50) Soft: 0 encountered, 0 discovered, 0 enqueued
[2026-06-17T10:03:07.268+0800][2.522s][info][gc,ref      ] GC(50) Weak: 6 encountered, 0 discovered, 0 enqueued
[2026-06-17T10:03:07.268+0800][2.522s][info][gc,ref      ] GC(50) Final: 0 encountered, 0 discovered, 0 enqueued
[2026-06-17T10:03:07.268+0800][2.522s][info][gc,ref      ] GC(50) Phantom: 1 encountered, 0 discovered, 0 enqueued
[2026-06-17T10:03:07.268+0800][2.522s][info][gc,reloc    ] GC(50) Small Pages: 6 / 12M, Empty: 2M, Relocated: 0M, In-Place: 0
[2026-06-17T10:03:07.268+0800][2.523s][info][gc,reloc    ] GC(50) Large Pages: 26 / 52M, Empty: 0M, Relocated: 0M, In-Place: 0
[2026-06-17T10:03:07.268+0800][2.523s][info][gc,reloc    ] GC(50) Forwarding Usage: 0M
[2026-06-17T10:03:07.268+0800][2.523s][info][gc,heap     ] GC(50) Min Capacity: 64M(100%)
[2026-06-17T10:03:07.268+0800][2.523s][info][gc,heap     ] GC(50) Max Capacity: 64M(100%)
[2026-06-17T10:03:07.268+0800][2.523s][info][gc,heap     ] GC(50) Soft Max Capacity: 64M(100%)
[2026-06-17T10:03:07.268+0800][2.523s][info][gc,heap     ] GC(50)                Mark Start          Mark End        Relocate Start      Relocate End           High               Low         
[2026-06-17T10:03:07.269+0800][2.523s][info][gc,heap     ] GC(50)  Capacity:       64M (100%)         64M (100%)         64M (100%)         64M (100%)         64M (100%)         64M (100%)   
[2026-06-17T10:03:07.269+0800][2.523s][info][gc,heap     ] GC(50)      Free:        0M (0%)            0M (0%)            0M (0%)            0M (0%)            2M (3%)            0M (0%)     
[2026-06-17T10:03:07.269+0800][2.523s][info][gc,heap     ] GC(50)      Used:       64M (100%)         64M (100%)         64M (100%)         64M (100%)         64M (100%)         62M (97%)    
[2026-06-17T10:03:07.269+0800][2.524s][info][gc,heap     ] GC(50)      Live:         -                59M (92%)          59M (92%)          59M (92%)            -                  -          
[2026-06-17T10:03:07.269+0800][2.524s][info][gc,heap     ] GC(50) Allocated:         -                 0M (0%)            2M (3%)            2M (3%)             -                  -          
[2026-06-17T10:03:07.269+0800][2.524s][info][gc,heap     ] GC(50)   Garbage:         -                 4M (8%)            2M (5%)            2M (5%)             -                  -          
[2026-06-17T10:03:07.269+0800][2.524s][info][gc,heap     ] GC(50) Reclaimed:         -                  -                 2M (3%)            2M (3%)             -                  -          
[2026-06-17T10:03:07.269+0800][2.524s][info][gc          ] GC(50) Garbage Collection (Allocation Stall) 64M(100%)->64M(100%)
[2026-06-17T10:03:07.269+0800][2.524s][info][gc,start    ] GC(51) Garbage Collection (Allocation Stall)
[2026-06-17T10:03:07.270+0800][2.524s][info][gc,ref      ] GC(51) Clearing All SoftReferences
[2026-06-17T10:03:07.270+0800][2.524s][info][gc,task     ] GC(51) Using 1 workers
[2026-06-17T10:03:07.270+0800][2.524s][info][gc,ref      ] GC(51) Clearing All SoftReferences
[2026-06-17T10:03:07.270+0800][2.525s][info][gc,phases   ] GC(51) Pause Mark Start 0.138ms
[2026-06-17T10:03:07.271+0800][2.525s][info][gc,phases   ] GC(51) Concurrent Mark 0.705ms
[2026-06-17T10:03:07.271+0800][2.526s][info][gc,phases   ] GC(51) Pause Mark End 0.004ms
[2026-06-17T10:03:07.271+0800][2.526s][info][gc,phases   ] GC(51) Concurrent Mark Free 0.000ms
[2026-06-17T10:03:07.271+0800][2.526s][info][gc,phases   ] GC(51) Concurrent Process Non-Strong References 0.215ms
[2026-06-17T10:03:07.271+0800][2.526s][info][gc,phases   ] GC(51) Concurrent Reset Relocation Set 0.001ms
[2026-06-17T10:03:07.272+0800][2.527s][info][gc,phases   ] GC(51) Concurrent Select Relocation Set 0.897ms
[2026-06-17T10:03:07.273+0800][2.527s][info][gc,phases   ] GC(51) Pause Relocate Start 0.007ms
[2026-06-17T10:03:07.273+0800][2.527s][info][gc,phases   ] GC(51) Concurrent Relocate 0.033ms
[2026-06-17T10:03:07.273+0800][2.527s][info][gc,load     ] GC(51) Load: 0.27/0.41/0.50
[2026-06-17T10:03:07.273+0800][2.527s][info][gc,mmu      ] GC(51) MMU: 2ms/1.0%, 5ms/60.4%, 10ms/80.1%, 20ms/90.0%, 50ms/94.3%, 100ms/96.0%
[2026-06-17T10:03:07.273+0800][2.528s][info][gc,marking  ] GC(51) Mark: 1 stripe(s), 1 proactive flush(es), 1 terminate flush(es), 0 completion(s), 0 continuation(s) 
[2026-06-17T10:03:07.273+0800][2.528s][info][gc,marking  ] GC(51) Mark Stack Usage: 32M
[2026-06-17T10:03:07.273+0800][2.528s][info][gc,nmethod  ] GC(51) NMethods: 70 registered, 5 unregistered
[2026-06-17T10:03:07.273+0800][2.528s][info][gc,metaspace] GC(51) Metaspace: 0M used, 0M committed, 1088M reserved
[2026-06-17T10:03:07.273+0800][2.528s][info][gc,ref      ] GC(51) Soft: 0 encountered, 0 discovered, 0 enqueued
[2026-06-17T10:03:07.273+0800][2.528s][info][gc,ref      ] GC(51) Weak: 6 encountered, 0 discovered, 0 enqueued
[2026-06-17T10:03:07.273+0800][2.528s][info][gc,ref      ] GC(51) Final: 0 encountered, 0 discovered, 0 enqueued
[2026-06-17T10:03:07.273+0800][2.528s][info][gc,ref      ] GC(51) Phantom: 1 encountered, 0 discovered, 0 enqueued
[2026-06-17T10:03:07.274+0800][2.528s][info][gc,reloc    ] GC(51) Small Pages: 6 / 12M, Empty: 0M, Relocated: 0M, In-Place: 0
[2026-06-17T10:03:07.274+0800][2.528s][info][gc,reloc    ] GC(51) Large Pages: 26 / 52M, Empty: 0M, Relocated: 0M, In-Place: 0
[2026-06-17T10:03:07.274+0800][2.528s][info][gc,reloc    ] GC(51) Forwarding Usage: 0M
[2026-06-17T10:03:07.274+0800][2.528s][info][gc,heap     ] GC(51) Min Capacity: 64M(100%)
[2026-06-17T10:03:07.274+0800][2.528s][info][gc,heap     ] GC(51) Max Capacity: 64M(100%)
[2026-06-17T10:03:07.274+0800][2.528s][info][gc,heap     ] GC(51) Soft Max Capacity: 64M(100%)
[2026-06-17T10:03:07.274+0800][2.529s][info][gc,heap     ] GC(51)                Mark Start          Mark End        Relocate Start      Relocate End           High               Low         
[2026-06-17T10:03:07.274+0800][2.529s][info][gc,heap     ] GC(51)  Capacity:       64M (100%)         64M (100%)         64M (100%)         64M (100%)         64M (100%)         64M (100%)   
[2026-06-17T10:03:07.274+0800][2.529s][info][gc,heap     ] GC(51)      Free:        0M (0%)            0M (0%)            0M (0%)            0M (0%)            0M (0%)            0M (0%)     
[2026-06-17T10:03:07.274+0800][2.529s][info][gc,heap     ] GC(51)      Used:       64M (100%)         64M (100%)         64M (100%)         64M (100%)         64M (100%)         64M (100%)   
[2026-06-17T10:03:07.274+0800][2.529s][info][gc,heap     ] GC(51)      Live:         -                61M (95%)          61M (95%)          61M (95%)            -                  -          
[2026-06-17T10:03:07.274+0800][2.529s][info][gc,heap     ] GC(51) Allocated:         -                 0M (0%)            0M (0%)            0M (0%)             -                  -          
[2026-06-17T10:03:07.274+0800][2.529s][info][gc,heap     ] GC(51)   Garbage:         -                 2M (5%)            2M (5%)            2M (5%)             -                  -          
[2026-06-17T10:03:07.274+0800][2.529s][info][gc,heap     ] GC(51) Reclaimed:         -                  -                 0M (0%)            0M (0%)             -                  -          
[2026-06-17T10:03:07.275+0800][2.529s][info][gc          ] GC(51) Garbage Collection (Allocation Stall) 64M(100%)->64M(100%)
[2026-06-17T10:03:07.275+0800][2.529s][info][gc          ] Allocation Stall (main) 8.523ms
[2026-06-17T10:03:07.275+0800][2.529s][info][gc,start    ] GC(52) Garbage Collection (Allocation Stall)
[2026-06-17T10:03:07.275+0800][2.529s][info][gc,ref      ] GC(52) Clearing All SoftReferences
[2026-06-17T10:03:07.275+0800][2.529s][info][gc,task     ] GC(52) Using 1 workers
[2026-06-17T10:03:07.275+0800][2.530s][info][gc,ref      ] GC(52) Clearing All SoftReferences
[2026-06-17T10:03:07.275+0800][2.530s][info][gc,phases   ] GC(52) Pause Mark Start 0.073ms
[2026-06-17T10:03:07.276+0800][2.530s][info][gc,phases   ] GC(52) Concurrent Mark 0.503ms
[2026-06-17T10:03:07.276+0800][2.530s][info][gc,phases   ] GC(52) Pause Mark End 0.003ms
[2026-06-17T10:03:07.276+0800][2.530s][info][gc,phases   ] GC(52) Concurrent Mark Free 0.000ms
[2026-06-17T10:03:07.276+0800][2.531s][info][gc,phases   ] GC(52) Concurrent Process Non-Strong References 0.222ms
[2026-06-17T10:03:07.276+0800][2.531s][info][gc,phases   ] GC(52) Concurrent Reset Relocation Set 0.001ms
[2026-06-17T10:03:07.277+0800][2.532s][info][gc,phases   ] GC(52) Concurrent Select Relocation Set 0.758ms
[2026-06-17T10:03:07.277+0800][2.532s][info][gc,phases   ] GC(52) Pause Relocate Start 0.003ms
[2026-06-17T10:03:07.277+0800][2.532s][info][gc,phases   ] GC(52) Concurrent Relocate 0.028ms
[2026-06-17T10:03:07.278+0800][2.532s][info][gc,load     ] GC(52) Load: 0.27/0.41/0.50
[2026-06-17T10:03:07.278+0800][2.532s][info][gc,mmu      ] GC(52) MMU: 2ms/1.0%, 5ms/60.4%, 10ms/80.1%, 20ms/90.0%, 50ms/94.3%, 100ms/96.0%
[2026-06-17T10:03:07.278+0800][2.532s][info][gc,marking  ] GC(52) Mark: 1 stripe(s), 1 proactive flush(es), 1 terminate flush(es), 0 completion(s), 0 continuation(s) 
[2026-06-17T10:03:07.278+0800][2.532s][info][gc,marking  ] GC(52) Mark Stack Usage: 32M
[2026-06-17T10:03:07.278+0800][2.532s][info][gc,nmethod  ] GC(52) NMethods: 70 registered, 5 unregistered
[2026-06-17T10:03:07.278+0800][2.532s][info][gc,metaspace] GC(52) Metaspace: 0M used, 0M committed, 1088M reserved
[2026-06-17T10:03:07.278+0800][2.533s][info][gc,ref      ] GC(52) Soft: 0 encountered, 0 discovered, 0 enqueued
[2026-06-17T10:03:07.278+0800][2.533s][info][gc,ref      ] GC(52) Weak: 6 encountered, 0 discovered, 0 enqueued
[2026-06-17T10:03:07.278+0800][2.533s][info][gc,ref      ] GC(52) Final: 0 encountered, 0 discovered, 0 enqueued
[2026-06-17T10:03:07.278+0800][2.533s][info][gc,ref      ] GC(52) Phantom: 1 encountered, 0 discovered, 0 enqueued
[2026-06-17T10:03:07.278+0800][2.533s][info][gc,reloc    ] GC(52) Small Pages: 6 / 12M, Empty: 0M, Relocated: 0M, In-Place: 0
[2026-06-17T10:03:07.278+0800][2.533s][info][gc,reloc    ] GC(52) Large Pages: 26 / 52M, Empty: 0M, Relocated: 0M, In-Place: 0
[2026-06-17T10:03:07.278+0800][2.533s][info][gc,reloc    ] GC(52) Forwarding Usage: 0M
[2026-06-17T10:03:07.278+0800][2.533s][info][gc,heap     ] GC(52) Min Capacity: 64M(100%)
[2026-06-17T10:03:07.278+0800][2.533s][info][gc,heap     ] GC(52) Max Capacity: 64M(100%)
[2026-06-17T10:03:07.279+0800][2.533s][info][gc,heap     ] GC(52) Soft Max Capacity: 64M(100%)
[2026-06-17T10:03:07.279+0800][2.533s][info][gc,heap     ] GC(52)                Mark Start          Mark End        Relocate Start      Relocate End           High               Low         
[2026-06-17T10:03:07.279+0800][2.533s][info][gc,heap     ] GC(52)  Capacity:       64M (100%)         64M (100%)         64M (100%)         64M (100%)         64M (100%)         64M (100%)   
[2026-06-17T10:03:07.279+0800][2.533s][info][gc,heap     ] GC(52)      Free:        0M (0%)            0M (0%)            0M (0%)            0M (0%)            0M (0%)            0M (0%)     
[2026-06-17T10:03:07.279+0800][2.533s][info][gc,heap     ] GC(52)      Used:       64M (100%)         64M (100%)         64M (100%)         64M (100%)         64M (100%)         64M (100%)   
[2026-06-17T10:03:07.279+0800][2.533s][info][gc,heap     ] GC(52)      Live:         -                61M (95%)          61M (95%)          61M (95%)            -                  -          
[2026-06-17T10:03:07.279+0800][2.534s][info][gc,heap     ] GC(52) Allocated:         -                 0M (0%)            0M (0%)            0M (0%)             -                  -          
[2026-06-17T10:03:07.279+0800][2.534s][info][gc,heap     ] GC(52)   Garbage:         -                 2M (5%)            2M (5%)            2M (5%)             -                  -          
[2026-06-17T10:03:07.279+0800][2.534s][info][gc,heap     ] GC(52) Reclaimed:         -                  -                 0M (0%)            0M (0%)             -                  -          
[2026-06-17T10:03:07.279+0800][2.534s][info][gc          ] GC(52) Garbage Collection (Allocation Stall) 64M(100%)->64M(100%)
[2026-06-17T10:03:07.279+0800][2.534s][info][gc          ] Allocation Stall (main) 4.712ms
[2026-06-17T10:03:07.279+0800][2.534s][info][gc          ] Out Of Memory (main)
[2026-06-17T10:03:07.280+0800][2.534s][info][gc,start    ] GC(53) Garbage Collection (Allocation Stall)
[2026-06-17T10:03:07.280+0800][2.534s][info][gc,ref      ] GC(53) Clearing All SoftReferences
[2026-06-17T10:03:07.280+0800][2.534s][info][gc,task     ] GC(53) Using 1 workers
[2026-06-17T10:03:07.280+0800][2.534s][info][gc,ref      ] GC(53) Clearing All SoftReferences
[2026-06-17T10:03:07.280+0800][2.535s][info][gc,phases   ] GC(53) Pause Mark Start 0.073ms
[2026-06-17T10:03:07.281+0800][2.535s][info][gc,phases   ] GC(53) Concurrent Mark 0.485ms
[2026-06-17T10:03:07.281+0800][2.535s][info][gc,phases   ] GC(53) Pause Mark End 0.003ms
[2026-06-17T10:03:07.281+0800][2.535s][info][gc,phases   ] GC(53) Concurrent Mark Free 0.000ms
[2026-06-17T10:03:07.281+0800][2.536s][info][gc,phases   ] GC(53) Concurrent Process Non-Strong References 0.176ms
[2026-06-17T10:03:07.281+0800][2.536s][info][gc,phases   ] GC(53) Concurrent Reset Relocation Set 0.000ms
[2026-06-17T10:03:07.282+0800][2.537s][info][gc,phases   ] GC(53) Concurrent Select Relocation Set 0.738ms
[2026-06-17T10:03:07.282+0800][2.537s][info][gc          ] Allocation Stall (main) 2.351ms
[2026-06-17T10:03:07.282+0800][2.537s][info][gc,phases   ] GC(53) Pause Relocate Start 0.002ms
[2026-06-17T10:03:07.282+0800][2.537s][info][gc,phases   ] GC(53) Concurrent Relocate 0.053ms
[2026-06-17T10:03:07.283+0800][2.538s][info][gc,load     ] GC(53) Load: 0.27/0.41/0.50
[2026-06-17T10:03:07.283+0800][2.538s][info][gc,mmu      ] GC(53) MMU: 2ms/1.0%, 5ms/60.4%, 10ms/80.1%, 20ms/90.0%, 50ms/94.3%, 100ms/96.0%
[2026-06-17T10:03:07.283+0800][2.538s][info][gc,marking  ] GC(53) Mark: 1 stripe(s), 1 proactive flush(es), 1 terminate flush(es), 0 completion(s), 0 continuation(s) 
[2026-06-17T10:03:07.283+0800][2.538s][info][gc,marking  ] GC(53) Mark Stack Usage: 32M
[2026-06-17T10:03:07.283+0800][2.538s][info][gc,nmethod  ] GC(53) NMethods: 70 registered, 5 unregistered
[2026-06-17T10:03:07.284+0800][2.538s][info][gc,metaspace] GC(53) Metaspace: 0M used, 0M committed, 1088M reserved
[2026-06-17T10:03:07.284+0800][2.538s][info][gc,ref      ] GC(53) Soft: 0 encountered, 0 discovered, 0 enqueued
[2026-06-17T10:03:07.284+0800][2.538s][info][gc,ref      ] GC(53) Weak: 6 encountered, 0 discovered, 0 enqueued
[2026-06-17T10:03:07.284+0800][2.538s][info][gc,ref      ] GC(53) Final: 0 encountered, 0 discovered, 0 enqueued
[2026-06-17T10:03:07.284+0800][2.538s][info][gc,ref      ] GC(53) Phantom: 1 encountered, 0 discovered, 0 enqueued
[2026-06-17T10:03:07.284+0800][2.538s][info][gc,reloc    ] GC(53) Small Pages: 6 / 12M, Empty: 4M, Relocated: 0M, In-Place: 0
[2026-06-17T10:03:07.284+0800][2.539s][info][gc,reloc    ] GC(53) Large Pages: 26 / 52M, Empty: 0M, Relocated: 0M, In-Place: 0
[2026-06-17T10:03:07.284+0800][2.539s][info][gc,reloc    ] GC(53) Forwarding Usage: 0M
[2026-06-17T10:03:07.284+0800][2.539s][info][gc,heap     ] GC(53) Min Capacity: 64M(100%)
[2026-06-17T10:03:07.284+0800][2.539s][info][gc,heap     ] GC(53) Max Capacity: 64M(100%)
[2026-06-17T10:03:07.284+0800][2.539s][info][gc,heap     ] GC(53) Soft Max Capacity: 64M(100%)
[2026-06-17T10:03:07.284+0800][2.539s][info][gc,heap     ] GC(53)                Mark Start          Mark End        Relocate Start      Relocate End           High               Low         
[2026-06-17T10:03:07.284+0800][2.539s][info][gc,heap     ] GC(53)  Capacity:       64M (100%)         64M (100%)         64M (100%)         64M (100%)         64M (100%)         64M (100%)   
[2026-06-17T10:03:07.284+0800][2.539s][info][gc,heap     ] GC(53)      Free:        0M (0%)            0M (0%)            2M (3%)            2M (3%)            4M (6%)            0M (0%)     
[2026-06-17T10:03:07.284+0800][2.539s][info][gc,heap     ] GC(53)      Used:       64M (100%)         64M (100%)         62M (97%)          62M (97%)          64M (100%)         60M (94%)    
[2026-06-17T10:03:07.285+0800][2.539s][info][gc,heap     ] GC(53)      Live:         -                58M (91%)          58M (91%)          58M (91%)            -                  -          
[2026-06-17T10:03:07.285+0800][2.539s][info][gc,heap     ] GC(53) Allocated:         -                 0M (0%)            2M (3%)            2M (3%)             -                  -          
[2026-06-17T10:03:07.285+0800][2.539s][info][gc,heap     ] GC(53)   Garbage:         -                 5M (9%)            1M (3%)            1M (3%)             -                  -          
[2026-06-17T10:03:07.285+0800][2.539s][info][gc,heap     ] GC(53) Reclaimed:         -                  -                 4M (6%)            4M (6%)             -                  -          
[2026-06-17T10:03:07.285+0800][2.539s][info][gc          ] GC(53) Garbage Collection (Allocation Stall) 64M(100%)->62M(97%)
[2026-06-17T10:03:07.373+0800][2.628s][info][gc,start    ] GC(54) Garbage Collection (Allocation Rate)
[2026-06-17T10:03:07.374+0800][2.629s][info][gc,task     ] GC(54) Using 1 workers
[2026-06-17T10:03:07.375+0800][2.629s][info][gc,phases   ] GC(54) Pause Mark Start 0.014ms
[2026-06-17T10:03:07.377+0800][2.632s][info][gc,phases   ] GC(54) Concurrent Mark 1.759ms
[2026-06-17T10:03:07.378+0800][2.632s][info][gc,phases   ] GC(54) Pause Mark End 0.013ms
[2026-06-17T10:03:07.378+0800][2.633s][info][gc,phases   ] GC(54) Concurrent Mark Free 0.002ms
[2026-06-17T10:03:07.380+0800][2.634s][info][gc,phases   ] GC(54) Concurrent Process Non-Strong References 0.834ms
[2026-06-17T10:03:07.380+0800][2.635s][info][gc,phases   ] GC(54) Concurrent Reset Relocation Set 0.002ms
[2026-06-17T10:03:07.383+0800][2.638s][info][gc,phases   ] GC(54) Concurrent Select Relocation Set 1.692ms
[2026-06-17T10:03:07.384+0800][2.639s][info][gc,phases   ] GC(54) Pause Relocate Start 0.006ms
[2026-06-17T10:03:07.387+0800][2.642s][info][gc,phases   ] GC(54) Concurrent Relocate 0.502ms
[2026-06-17T10:03:07.390+0800][2.644s][info][gc,load     ] GC(54) Load: 0.27/0.41/0.50
[2026-06-17T10:03:07.391+0800][2.646s][info][gc,mmu      ] GC(54) MMU: 2ms/1.0%, 5ms/60.4%, 10ms/80.1%, 20ms/90.0%, 50ms/94.3%, 100ms/96.0%
[2026-06-17T10:03:07.393+0800][2.647s][info][gc,marking  ] GC(54) Mark: 1 stripe(s), 1 proactive flush(es), 1 terminate flush(es), 0 completion(s), 0 continuation(s) 
[2026-06-17T10:03:07.395+0800][2.650s][info][gc,marking  ] GC(54) Mark Stack Usage: 32M
[2026-06-17T10:03:07.397+0800][2.652s][info][gc,nmethod  ] GC(54) NMethods: 70 registered, 5 unregistered
[2026-06-17T10:03:07.399+0800][2.654s][info][gc,metaspace] GC(54) Metaspace: 0M used, 0M committed, 1088M reserved
[2026-06-17T10:03:07.401+0800][2.656s][info][gc,ref      ] GC(54) Soft: 0 encountered, 0 discovered, 0 enqueued
[2026-06-17T10:03:07.403+0800][2.658s][info][gc,ref      ] GC(54) Weak: 6 encountered, 0 discovered, 0 enqueued
[2026-06-17T10:03:07.405+0800][2.660s][info][gc,ref      ] GC(54) Final: 0 encountered, 0 discovered, 0 enqueued
[2026-06-17T10:03:07.407+0800][2.661s][info][gc,ref      ] GC(54) Phantom: 1 encountered, 0 discovered, 0 enqueued
[2026-06-17T10:03:07.409+0800][2.663s][info][gc,reloc    ] GC(54) Small Pages: 5 / 10M, Empty: 2M, Relocated: 1M, In-Place: 0
[2026-06-17T10:03:07.411+0800][2.665s][info][gc,reloc    ] GC(54) Large Pages: 26 / 52M, Empty: 36M, Relocated: 0M, In-Place: 0
[2026-06-17T10:03:07.415+0800][2.669s][info][gc,reloc    ] GC(54) Forwarding Usage: 0M
[2026-06-17T10:03:07.417+0800][2.671s][info][gc,heap     ] GC(54) Min Capacity: 64M(100%)
[2026-06-17T10:03:07.418+0800][2.672s][info][gc,heap     ] GC(54) Max Capacity: 64M(100%)
[2026-06-17T10:03:07.420+0800][2.675s][info][gc,heap     ] GC(54) Soft Max Capacity: 64M(100%)
[2026-06-17T10:03:07.422+0800][2.677s][info][gc,heap     ] GC(54)                Mark Start          Mark End        Relocate Start      Relocate End           High               Low         
[2026-06-17T10:03:07.425+0800][2.680s][info][gc,heap     ] GC(54)  Capacity:       64M (100%)         64M (100%)         64M (100%)         64M (100%)         64M (100%)         64M (100%)   
[2026-06-17T10:03:07.426+0800][2.680s][info][gc,heap     ] GC(54)      Free:        2M (3%)            2M (3%)           40M (62%)          44M (69%)          44M (69%)           2M (3%)     
[2026-06-17T10:03:07.426+0800][2.681s][info][gc,heap     ] GC(54)      Used:       62M (97%)          62M (97%)          24M (38%)          20M (31%)          62M (97%)          20M (31%)    
[2026-06-17T10:03:07.427+0800][2.681s][info][gc,heap     ] GC(54)      Live:         -                18M (29%)          18M (29%)          18M (29%)            -                  -          
[2026-06-17T10:03:07.427+0800][2.682s][info][gc,heap     ] GC(54) Allocated:         -                 0M (0%)            0M (0%)            0M (0%)             -                  -          
[2026-06-17T10:03:07.428+0800][2.682s][info][gc,heap     ] GC(54)   Garbage:         -                43M (68%)           5M (9%)            1M (2%)             -                  -          
[2026-06-17T10:03:07.428+0800][2.683s][info][gc,heap     ] GC(54) Reclaimed:         -                  -                38M (59%)          42M (66%)            -                  -          
[2026-06-17T10:03:07.429+0800][2.683s][info][gc          ] GC(54) Garbage Collection (Allocation Rate) 62M(97%)->20M(31%)
[2026-06-17T10:03:07.573+0800][2.827s][info][gc,start    ] GC(55) Garbage Collection (Allocation Rate)
[2026-06-17T10:03:07.574+0800][2.828s][info][gc,task     ] GC(55) Using 1 workers
[2026-06-17T10:03:07.574+0800][2.829s][info][gc,phases   ] GC(55) Pause Mark Start 0.008ms
[2026-06-17T10:03:07.576+0800][2.831s][info][gc,phases   ] GC(55) Concurrent Mark 1.351ms
[2026-06-17T10:03:07.580+0800][2.835s][info][gc,phases   ] GC(55) Pause Mark End 0.010ms
[2026-06-17T10:03:07.581+0800][2.835s][info][gc,phases   ] GC(55) Concurrent Mark Free 0.002ms
[2026-06-17T10:03:07.581+0800][2.836s][info][gc,phases   ] GC(55) Concurrent Process Non-Strong References 0.525ms
[2026-06-17T10:03:07.582+0800][2.837s][info][gc,phases   ] GC(55) Concurrent Reset Relocation Set 0.001ms
[2026-06-17T10:03:07.584+0800][2.839s][info][gc,phases   ] GC(55) Concurrent Select Relocation Set 0.842ms
[2026-06-17T10:03:07.586+0800][2.841s][info][gc,phases   ] GC(55) Pause Relocate Start 0.007ms
[2026-06-17T10:03:07.587+0800][2.842s][info][gc,phases   ] GC(55) Concurrent Relocate 0.515ms
[2026-06-17T10:03:07.589+0800][2.844s][info][gc,load     ] GC(55) Load: 0.27/0.41/0.50
[2026-06-17T10:03:07.589+0800][2.844s][info][gc,mmu      ] GC(55) MMU: 2ms/1.0%, 5ms/60.4%, 10ms/80.1%, 20ms/90.0%, 50ms/94.3%, 100ms/96.0%
[2026-06-17T10:03:07.590+0800][2.844s][info][gc,marking  ] GC(55) Mark: 1 stripe(s), 2 proactive flush(es), 1 terminate flush(es), 0 completion(s), 0 continuation(s) 
[2026-06-17T10:03:07.590+0800][2.845s][info][gc,marking  ] GC(55) Mark Stack Usage: 32M
[2026-06-17T10:03:07.590+0800][2.845s][info][gc,nmethod  ] GC(55) NMethods: 71 registered, 5 unregistered
[2026-06-17T10:03:07.590+0800][2.845s][info][gc,metaspace] GC(55) Metaspace: 0M used, 0M committed, 1088M reserved
[2026-06-17T10:03:07.591+0800][2.845s][info][gc,ref      ] GC(55) Soft: 0 encountered, 0 discovered, 0 enqueued
[2026-06-17T10:03:07.594+0800][2.848s][info][gc,ref      ] GC(55) Weak: 6 encountered, 0 discovered, 0 enqueued
[2026-06-17T10:03:07.595+0800][2.849s][info][gc,ref      ] GC(55) Final: 0 encountered, 0 discovered, 0 enqueued
[2026-06-17T10:03:07.595+0800][2.850s][info][gc,ref      ] GC(55) Phantom: 1 encountered, 0 discovered, 0 enqueued
[2026-06-17T10:03:07.595+0800][2.850s][info][gc,reloc    ] GC(55) Small Pages: 16 / 32M, Empty: 18M, Relocated: 3M, In-Place: 0
[2026-06-17T10:03:07.596+0800][2.851s][info][gc,reloc    ] GC(55) Large Pages: 15 / 30M, Empty: 0M, Relocated: 0M, In-Place: 0
[2026-06-17T10:03:07.599+0800][2.853s][info][gc,reloc    ] GC(55) Forwarding Usage: 0M
[2026-06-17T10:03:07.600+0800][2.855s][info][gc,heap     ] GC(55) Min Capacity: 64M(100%)
[2026-06-17T10:03:07.602+0800][2.857s][info][gc,heap     ] GC(55) Max Capacity: 64M(100%)
[2026-06-17T10:03:07.604+0800][2.859s][info][gc,heap     ] GC(55) Soft Max Capacity: 64M(100%)
[2026-06-17T10:03:07.605+0800][2.860s][info][gc,heap     ] GC(55)                Mark Start          Mark End        Relocate Start      Relocate End           High               Low         
[2026-06-17T10:03:07.605+0800][2.860s][info][gc,heap     ] GC(55)  Capacity:       64M (100%)         64M (100%)         64M (100%)         64M (100%)         64M (100%)         64M (100%)   
[2026-06-17T10:03:07.607+0800][2.862s][info][gc,heap     ] GC(55)      Free:        2M (3%)            0M (0%)           16M (25%)          18M (28%)          18M (28%)           0M (0%)     
[2026-06-17T10:03:07.609+0800][2.864s][info][gc,heap     ] GC(55)      Used:       62M (97%)          64M (100%)         48M (75%)          46M (72%)          64M (100%)         46M (72%)    
[2026-06-17T10:03:07.610+0800][2.865s][info][gc,heap     ] GC(55)      Live:         -                35M (56%)          35M (56%)          35M (56%)            -                  -          
[2026-06-17T10:03:07.611+0800][2.865s][info][gc,heap     ] GC(55) Allocated:         -                 2M (3%)            4M (6%)            8M (12%)            -                  -          
[2026-06-17T10:03:07.611+0800][2.866s][info][gc,heap     ] GC(55)   Garbage:         -                26M (41%)           8M (13%)           2M (4%)             -                  -          
[2026-06-17T10:03:07.612+0800][2.867s][info][gc,heap     ] GC(55) Reclaimed:         -                  -                18M (28%)          24M (38%)            -                  -          
[2026-06-17T10:03:07.613+0800][2.868s][info][gc          ] GC(55) Garbage Collection (Allocation Rate) 62M(97%)->46M(72%)
[2026-06-17T10:03:07.620+0800][2.874s][info][gc,start    ] GC(56) Garbage Collection (Allocation Stall)
[2026-06-17T10:03:07.621+0800][2.875s][info][gc,ref      ] GC(56) Clearing All SoftReferences
[2026-06-17T10:03:07.621+0800][2.876s][info][gc,task     ] GC(56) Using 1 workers
[2026-06-17T10:03:07.622+0800][2.877s][info][gc,ref      ] GC(56) Clearing All SoftReferences
[2026-06-17T10:03:07.623+0800][2.878s][info][gc,phases   ] GC(56) Pause Mark Start 1.117ms
[2026-06-17T10:03:07.625+0800][2.880s][info][gc,phases   ] GC(56) Concurrent Mark 0.778ms
[2026-06-17T10:03:07.627+0800][2.882s][info][gc,phases   ] GC(56) Pause Mark End 0.009ms
[2026-06-17T10:03:07.628+0800][2.883s][info][gc,phases   ] GC(56) Concurrent Mark Free 0.001ms
[2026-06-17T10:03:07.630+0800][2.884s][info][gc,phases   ] GC(56) Concurrent Process Non-Strong References 0.640ms
[2026-06-17T10:03:07.630+0800][2.885s][info][gc,phases   ] GC(56) Concurrent Reset Relocation Set 0.001ms
[2026-06-17T10:03:07.631+0800][2.886s][info][gc          ] Allocation Stall (main) 11.300ms
[2026-06-17T10:03:07.631+0800][2.886s][info][gc,phases   ] GC(56) Concurrent Select Relocation Set 0.812ms
[2026-06-17T10:03:07.634+0800][2.888s][info][gc,phases   ] GC(56) Pause Relocate Start 0.008ms
[2026-06-17T10:03:07.635+0800][2.890s][info][gc,phases   ] GC(56) Concurrent Relocate 0.198ms
[2026-06-17T10:03:07.636+0800][2.891s][info][gc,load     ] GC(56) Load: 0.27/0.41/0.50
[2026-06-17T10:03:07.637+0800][2.892s][info][gc,mmu      ] GC(56) MMU: 2ms/1.0%, 5ms/60.4%, 10ms/80.1%, 20ms/90.0%, 50ms/94.3%, 100ms/96.0%
[2026-06-17T10:03:07.639+0800][2.893s][info][gc,marking  ] GC(56) Mark: 1 stripe(s), 1 proactive flush(es), 1 terminate flush(es), 0 completion(s), 0 continuation(s) 
[2026-06-17T10:03:07.642+0800][2.897s][info][gc,marking  ] GC(56) Mark Stack Usage: 32M
[2026-06-17T10:03:07.643+0800][2.897s][info][gc,nmethod  ] GC(56) NMethods: 71 registered, 5 unregistered
[2026-06-17T10:03:07.643+0800][2.898s][info][gc,metaspace] GC(56) Metaspace: 0M used, 0M committed, 1088M reserved
[2026-06-17T10:03:07.643+0800][2.898s][info][gc,ref      ] GC(56) Soft: 0 encountered, 0 discovered, 0 enqueued
[2026-06-17T10:03:07.644+0800][2.898s][info][gc,ref      ] GC(56) Weak: 6 encountered, 0 discovered, 0 enqueued
[2026-06-17T10:03:07.649+0800][2.904s][info][gc,ref      ] GC(56) Final: 0 encountered, 0 discovered, 0 enqueued
[2026-06-17T10:03:07.653+0800][2.908s][info][gc,ref      ] GC(56) Phantom: 1 encountered, 0 discovered, 0 enqueued
[2026-06-17T10:03:07.653+0800][2.908s][info][gc,reloc    ] GC(56) Small Pages: 13 / 26M, Empty: 14M, Relocated: 1M, In-Place: 0
[2026-06-17T10:03:07.654+0800][2.908s][info][gc,reloc    ] GC(56) Large Pages: 19 / 38M, Empty: 0M, Relocated: 0M, In-Place: 0
[2026-06-17T10:03:07.654+0800][2.909s][info][gc,reloc    ] GC(56) Forwarding Usage: 0M
[2026-06-17T10:03:07.654+0800][2.909s][info][gc,heap     ] GC(56) Min Capacity: 64M(100%)
[2026-06-17T10:03:07.655+0800][2.909s][info][gc,heap     ] GC(56) Max Capacity: 64M(100%)
[2026-06-17T10:03:07.655+0800][2.910s][info][gc,heap     ] GC(56) Soft Max Capacity: 64M(100%)
[2026-06-17T10:03:07.655+0800][2.910s][info][gc,heap     ] GC(56)                Mark Start          Mark End        Relocate Start      Relocate End           High               Low         
[2026-06-17T10:03:07.656+0800][2.910s][info][gc,heap     ] GC(56)  Capacity:       64M (100%)         64M (100%)         64M (100%)         64M (100%)         64M (100%)         64M (100%)   
[2026-06-17T10:03:07.656+0800][2.911s][info][gc,heap     ] GC(56)      Free:        0M (0%)            0M (0%)           10M (16%)          14M (22%)          14M (22%)           0M (0%)     
[2026-06-17T10:03:07.656+0800][2.911s][info][gc,heap     ] GC(56)      Used:       64M (100%)         64M (100%)         54M (84%)          50M (78%)          64M (100%)         50M (78%)    
[2026-06-17T10:03:07.657+0800][2.911s][info][gc,heap     ] GC(56)      Live:         -                43M (68%)          43M (68%)          43M (68%)            -                  -          
[2026-06-17T10:03:07.657+0800][2.912s][info][gc,heap     ] GC(56) Allocated:         -                 0M (0%)            4M (6%)            4M (6%)             -                  -          
[2026-06-17T10:03:07.657+0800][2.912s][info][gc,heap     ] GC(56)   Garbage:         -                20M (32%)           6M (10%)           2M (3%)             -                  -          
[2026-06-17T10:03:07.658+0800][2.912s][info][gc,heap     ] GC(56) Reclaimed:         -                  -                14M (22%)          18M (28%)            -                  -          
[2026-06-17T10:03:07.658+0800][2.912s][info][gc          ] GC(56) Garbage Collection (Allocation Stall) 64M(100%)->50M(78%)
[2026-06-17T10:03:07.665+0800][2.919s][info][gc,start    ] GC(57) Garbage Collection (Allocation Stall)
[2026-06-17T10:03:07.665+0800][2.920s][info][gc,ref      ] GC(57) Clearing All SoftReferences
[2026-06-17T10:03:07.665+0800][2.920s][info][gc,task     ] GC(57) Using 1 workers
[2026-06-17T10:03:07.665+0800][2.920s][info][gc,ref      ] GC(57) Clearing All SoftReferences
[2026-06-17T10:03:07.666+0800][2.920s][info][gc,phases   ] GC(57) Pause Mark Start 0.154ms
[2026-06-17T10:03:07.667+0800][2.921s][info][gc,phases   ] GC(57) Concurrent Mark 0.979ms
[2026-06-17T10:03:07.667+0800][2.922s][info][gc,phases   ] GC(57) Pause Mark End 0.006ms
[2026-06-17T10:03:07.669+0800][2.924s][info][gc,phases   ] GC(57) Concurrent Mark Free 0.001ms
[2026-06-17T10:03:07.672+0800][2.926s][info][gc,phases   ] GC(57) Concurrent Process Non-Strong References 0.284ms
[2026-06-17T10:03:07.672+0800][2.927s][info][gc,phases   ] GC(57) Concurrent Reset Relocation Set 0.002ms
[2026-06-17T10:03:07.675+0800][2.929s][info][gc          ] Allocation Stall (main) 10.026ms
[2026-06-17T10:03:07.675+0800][2.930s][info][gc,phases   ] GC(57) Concurrent Select Relocation Set 0.818ms
[2026-06-17T10:03:07.681+0800][2.936s][info][gc,phases   ] GC(57) Pause Relocate Start 0.008ms
[2026-06-17T10:03:07.682+0800][2.937s][info][gc          ] Allocation Stall (main) 3.812ms
[2026-06-17T10:03:07.682+0800][2.937s][info][gc,phases   ] GC(57) Concurrent Relocate 0.399ms
[2026-06-17T10:03:07.683+0800][2.938s][info][gc,load     ] GC(57) Load: 0.27/0.41/0.50
[2026-06-17T10:03:07.685+0800][2.939s][info][gc,mmu      ] GC(57) MMU: 2ms/1.0%, 5ms/60.4%, 10ms/80.1%, 20ms/90.0%, 50ms/94.3%, 100ms/96.0%
[2026-06-17T10:03:07.687+0800][2.942s][info][gc,marking  ] GC(57) Mark: 1 stripe(s), 1 proactive flush(es), 1 terminate flush(es), 0 completion(s), 0 continuation(s) 
[2026-06-17T10:03:07.689+0800][2.943s][info][gc,marking  ] GC(57) Mark Stack Usage: 32M
[2026-06-17T10:03:07.690+0800][2.944s][info][gc,nmethod  ] GC(57) NMethods: 71 registered, 5 unregistered
[2026-06-17T10:03:07.690+0800][2.945s][info][gc,metaspace] GC(57) Metaspace: 0M used, 0M committed, 1088M reserved
[2026-06-17T10:03:07.690+0800][2.945s][info][gc,ref      ] GC(57) Soft: 0 encountered, 0 discovered, 0 enqueued
[2026-06-17T10:03:07.690+0800][2.945s][info][gc,ref      ] GC(57) Weak: 6 encountered, 0 discovered, 0 enqueued
[2026-06-17T10:03:07.691+0800][2.945s][info][gc,ref      ] GC(57) Final: 0 encountered, 0 discovered, 0 enqueued
[2026-06-17T10:03:07.691+0800][2.945s][info][gc,ref      ] GC(57) Phantom: 1 encountered, 0 discovered, 0 enqueued
[2026-06-17T10:03:07.691+0800][2.945s][info][gc,reloc    ] GC(57) Small Pages: 10 / 20M, Empty: 8M, Relocated: 1M, In-Place: 1
[2026-06-17T10:03:07.691+0800][2.946s][info][gc,reloc    ] GC(57) Large Pages: 22 / 44M, Empty: 0M, Relocated: 0M, In-Place: 0
[2026-06-17T10:03:07.691+0800][2.946s][info][gc,reloc    ] GC(57) Forwarding Usage: 0M
[2026-06-17T10:03:07.691+0800][2.946s][info][gc,heap     ] GC(57) Min Capacity: 64M(100%)
[2026-06-17T10:03:07.691+0800][2.946s][info][gc,heap     ] GC(57) Max Capacity: 64M(100%)
[2026-06-17T10:03:07.692+0800][2.946s][info][gc,heap     ] GC(57) Soft Max Capacity: 64M(100%)
[2026-06-17T10:03:07.692+0800][2.946s][info][gc,heap     ] GC(57)                Mark Start          Mark End        Relocate Start      Relocate End           High               Low         
[2026-06-17T10:03:07.692+0800][2.946s][info][gc,heap     ] GC(57)  Capacity:       64M (100%)         64M (100%)         64M (100%)         64M (100%)         64M (100%)         64M (100%)   
[2026-06-17T10:03:07.692+0800][2.947s][info][gc,heap     ] GC(57)      Free:        0M (0%)            0M (0%)            0M (0%)            2M (3%)            8M (12%)           0M (0%)     
[2026-06-17T10:03:07.692+0800][2.947s][info][gc,heap     ] GC(57)      Used:       64M (100%)         64M (100%)         64M (100%)         62M (97%)          64M (100%)         56M (88%)    
[2026-06-17T10:03:07.692+0800][2.947s][info][gc,heap     ] GC(57)      Live:         -                50M (79%)          50M (79%)          50M (79%)            -                  -          
[2026-06-17T10:03:07.692+0800][2.947s][info][gc,heap     ] GC(57) Allocated:         -                 0M (0%)            8M (12%)          10M (16%)            -                  -          
[2026-06-17T10:03:07.692+0800][2.947s][info][gc,heap     ] GC(57)   Garbage:         -                13M (21%)           5M (9%)            1M (3%)             -                  -          
[2026-06-17T10:03:07.692+0800][2.947s][info][gc,heap     ] GC(57) Reclaimed:         -                  -                 8M (12%)          12M (19%)            -                  -          
[2026-06-17T10:03:07.693+0800][2.947s][info][gc          ] GC(57) Garbage Collection (Allocation Stall) 64M(100%)->62M(97%)
[2026-06-17T10:03:07.693+0800][2.947s][info][gc,start    ] GC(58) Garbage Collection (Allocation Stall)
[2026-06-17T10:03:07.693+0800][2.948s][info][gc,ref      ] GC(58) Clearing All SoftReferences
[2026-06-17T10:03:07.693+0800][2.948s][info][gc,task     ] GC(58) Using 1 workers
[2026-06-17T10:03:07.693+0800][2.948s][info][gc,ref      ] GC(58) Clearing All SoftReferences
[2026-06-17T10:03:07.693+0800][2.948s][info][gc,phases   ] GC(58) Pause Mark Start 0.085ms
[2026-06-17T10:03:07.695+0800][2.949s][info][gc,phases   ] GC(58) Concurrent Mark 1.104ms
[2026-06-17T10:03:07.695+0800][2.949s][info][gc,phases   ] GC(58) Pause Mark End 0.006ms
[2026-06-17T10:03:07.695+0800][2.949s][info][gc,phases   ] GC(58) Concurrent Mark Free 0.001ms
[2026-06-17T10:03:07.695+0800][2.950s][info][gc,phases   ] GC(58) Concurrent Process Non-Strong References 0.269ms
[2026-06-17T10:03:07.695+0800][2.950s][info][gc,phases   ] GC(58) Concurrent Reset Relocation Set 0.001ms
[2026-06-17T10:03:07.696+0800][2.951s][info][gc,phases   ] GC(58) Concurrent Select Relocation Set 0.797ms
[2026-06-17T10:03:07.696+0800][2.951s][info][gc,phases   ] GC(58) Pause Relocate Start 0.002ms
[2026-06-17T10:03:07.697+0800][2.951s][info][gc,phases   ] GC(58) Concurrent Relocate 0.028ms
[2026-06-17T10:03:07.697+0800][2.951s][info][gc,load     ] GC(58) Load: 0.27/0.41/0.50
[2026-06-17T10:03:07.697+0800][2.951s][info][gc,mmu      ] GC(58) MMU: 2ms/1.0%, 5ms/60.4%, 10ms/80.1%, 20ms/90.0%, 50ms/94.3%, 100ms/96.0%
[2026-06-17T10:03:07.697+0800][2.951s][info][gc,marking  ] GC(58) Mark: 1 stripe(s), 1 proactive flush(es), 1 terminate flush(es), 0 completion(s), 0 continuation(s) 
[2026-06-17T10:03:07.697+0800][2.951s][info][gc,marking  ] GC(58) Mark Stack Usage: 32M
[2026-06-17T10:03:07.697+0800][2.951s][info][gc,nmethod  ] GC(58) NMethods: 71 registered, 5 unregistered
[2026-06-17T10:03:07.697+0800][2.952s][info][gc,metaspace] GC(58) Metaspace: 0M used, 0M committed, 1088M reserved
[2026-06-17T10:03:07.697+0800][2.952s][info][gc,ref      ] GC(58) Soft: 0 encountered, 0 discovered, 0 enqueued
[2026-06-17T10:03:07.697+0800][2.952s][info][gc,ref      ] GC(58) Weak: 6 encountered, 0 discovered, 0 enqueued
[2026-06-17T10:03:07.697+0800][2.952s][info][gc,ref      ] GC(58) Final: 0 encountered, 0 discovered, 0 enqueued
[2026-06-17T10:03:07.697+0800][2.952s][info][gc,ref      ] GC(58) Phantom: 1 encountered, 0 discovered, 0 enqueued
[2026-06-17T10:03:07.697+0800][2.952s][info][gc,reloc    ] GC(58) Small Pages: 6 / 12M, Empty: 0M, Relocated: 0M, In-Place: 0
[2026-06-17T10:03:07.697+0800][2.952s][info][gc,reloc    ] GC(58) Large Pages: 26 / 52M, Empty: 0M, Relocated: 0M, In-Place: 0
[2026-06-17T10:03:07.697+0800][2.952s][info][gc,reloc    ] GC(58) Forwarding Usage: 0M
[2026-06-17T10:03:07.697+0800][2.952s][info][gc,heap     ] GC(58) Min Capacity: 64M(100%)
[2026-06-17T10:03:07.698+0800][2.952s][info][gc,heap     ] GC(58) Max Capacity: 64M(100%)
[2026-06-17T10:03:07.698+0800][2.952s][info][gc,heap     ] GC(58) Soft Max Capacity: 64M(100%)
[2026-06-17T10:03:07.698+0800][2.952s][info][gc,heap     ] GC(58)                Mark Start          Mark End        Relocate Start      Relocate End           High               Low         
[2026-06-17T10:03:07.698+0800][2.952s][info][gc,heap     ] GC(58)  Capacity:       64M (100%)         64M (100%)         64M (100%)         64M (100%)         64M (100%)         64M (100%)   
[2026-06-17T10:03:07.698+0800][2.952s][info][gc,heap     ] GC(58)      Free:        0M (0%)            0M (0%)            0M (0%)            0M (0%)            0M (0%)            0M (0%)     
[2026-06-17T10:03:07.698+0800][2.952s][info][gc,heap     ] GC(58)      Used:       64M (100%)         64M (100%)         64M (100%)         64M (100%)         64M (100%)         64M (100%)   
[2026-06-17T10:03:07.698+0800][2.953s][info][gc,heap     ] GC(58)      Live:         -                62M (97%)          62M (97%)          62M (97%)            -                  -          
[2026-06-17T10:03:07.698+0800][2.953s][info][gc,heap     ] GC(58) Allocated:         -                 0M (0%)            0M (0%)            0M (0%)             -                  -          
[2026-06-17T10:03:07.698+0800][2.953s][info][gc,heap     ] GC(58)   Garbage:         -                 1M (3%)            1M (3%)            1M (3%)             -                  -          
[2026-06-17T10:03:07.698+0800][2.953s][info][gc,heap     ] GC(58) Reclaimed:         -                  -                 0M (0%)            0M (0%)             -                  -          
[2026-06-17T10:03:07.698+0800][2.953s][info][gc          ] GC(58) Garbage Collection (Allocation Stall) 64M(100%)->64M(100%)
[2026-06-17T10:03:07.699+0800][2.953s][info][gc          ] Allocation Stall (main) 5.964ms
[2026-06-17T10:03:07.699+0800][2.954s][info][gc          ] Out Of Memory (main)
[2026-06-17T10:03:07.699+0800][2.954s][info][gc,start    ] GC(59) Garbage Collection (Allocation Stall)
[2026-06-17T10:03:07.699+0800][2.954s][info][gc,ref      ] GC(59) Clearing All SoftReferences
[2026-06-17T10:03:07.699+0800][2.954s][info][gc,task     ] GC(59) Using 1 workers
[2026-06-17T10:03:07.700+0800][2.954s][info][gc,ref      ] GC(59) Clearing All SoftReferences
[2026-06-17T10:03:07.700+0800][2.954s][info][gc,phases   ] GC(59) Pause Mark Start 0.083ms
[2026-06-17T10:03:07.700+0800][2.955s][info][gc,phases   ] GC(59) Concurrent Mark 0.673ms
[2026-06-17T10:03:07.701+0800][2.955s][info][gc,phases   ] GC(59) Pause Mark End 0.004ms
[2026-06-17T10:03:07.701+0800][2.955s][info][gc,phases   ] GC(59) Concurrent Mark Free 0.000ms
[2026-06-17T10:03:07.701+0800][2.956s][info][gc,phases   ] GC(59) Concurrent Process Non-Strong References 0.248ms
[2026-06-17T10:03:07.701+0800][2.956s][info][gc,phases   ] GC(59) Concurrent Reset Relocation Set 0.001ms
[2026-06-17T10:03:07.702+0800][2.957s][info][gc          ] Allocation Stall (main) 2.732ms
[2026-06-17T10:03:07.702+0800][2.957s][info][gc,phases   ] GC(59) Concurrent Select Relocation Set 0.833ms
[2026-06-17T10:03:07.702+0800][2.957s][info][gc,phases   ] GC(59) Pause Relocate Start 0.003ms
[2026-06-17T10:03:07.703+0800][2.957s][info][gc,phases   ] GC(59) Concurrent Relocate 0.149ms
[2026-06-17T10:03:07.703+0800][2.957s][info][gc,load     ] GC(59) Load: 0.27/0.41/0.50
[2026-06-17T10:03:07.703+0800][2.957s][info][gc,mmu      ] GC(59) MMU: 2ms/1.0%, 5ms/60.4%, 10ms/80.1%, 20ms/90.0%, 50ms/94.3%, 100ms/96.0%
[2026-06-17T10:03:07.703+0800][2.958s][info][gc,marking  ] GC(59) Mark: 1 stripe(s), 1 proactive flush(es), 1 terminate flush(es), 0 completion(s), 0 continuation(s) 
[2026-06-17T10:03:07.703+0800][2.958s][info][gc,marking  ] GC(59) Mark Stack Usage: 32M
[2026-06-17T10:03:07.703+0800][2.958s][info][gc,nmethod  ] GC(59) NMethods: 71 registered, 5 unregistered
[2026-06-17T10:03:07.703+0800][2.958s][info][gc,metaspace] GC(59) Metaspace: 0M used, 0M committed, 1088M reserved
[2026-06-17T10:03:07.703+0800][2.958s][info][gc,ref      ] GC(59) Soft: 0 encountered, 0 discovered, 0 enqueued
[2026-06-17T10:03:07.703+0800][2.958s][info][gc,ref      ] GC(59) Weak: 6 encountered, 0 discovered, 0 enqueued
[2026-06-17T10:03:07.703+0800][2.958s][info][gc,ref      ] GC(59) Final: 0 encountered, 0 discovered, 0 enqueued
[2026-06-17T10:03:07.704+0800][2.958s][info][gc,ref      ] GC(59) Phantom: 1 encountered, 0 discovered, 0 enqueued
[2026-06-17T10:03:07.704+0800][2.958s][info][gc,reloc    ] GC(59) Small Pages: 6 / 12M, Empty: 2M, Relocated: 1M, In-Place: 1
[2026-06-17T10:03:07.704+0800][2.958s][info][gc,reloc    ] GC(59) Large Pages: 26 / 52M, Empty: 0M, Relocated: 0M, In-Place: 0
[2026-06-17T10:03:07.704+0800][2.958s][info][gc,reloc    ] GC(59) Forwarding Usage: 0M
[2026-06-17T10:03:07.704+0800][2.958s][info][gc,heap     ] GC(59) Min Capacity: 64M(100%)
[2026-06-17T10:03:07.704+0800][2.958s][info][gc,heap     ] GC(59) Max Capacity: 64M(100%)
[2026-06-17T10:03:07.704+0800][2.959s][info][gc,heap     ] GC(59) Soft Max Capacity: 64M(100%)
[2026-06-17T10:03:07.704+0800][2.959s][info][gc,heap     ] GC(59)                Mark Start          Mark End        Relocate Start      Relocate End           High               Low         
[2026-06-17T10:03:07.704+0800][2.959s][info][gc,heap     ] GC(59)  Capacity:       64M (100%)         64M (100%)         64M (100%)         64M (100%)         64M (100%)         64M (100%)   
[2026-06-17T10:03:07.704+0800][2.959s][info][gc,heap     ] GC(59)      Free:        0M (0%)            0M (0%)            0M (0%)            2M (3%)            2M (3%)            0M (0%)     
[2026-06-17T10:03:07.705+0800][2.959s][info][gc,heap     ] GC(59)      Used:       64M (100%)         64M (100%)         64M (100%)         62M (97%)          64M (100%)         62M (97%)    
[2026-06-17T10:03:07.705+0800][2.959s][info][gc,heap     ] GC(59)      Live:         -                58M (92%)          58M (92%)          58M (92%)            -                  -          
[2026-06-17T10:03:07.705+0800][2.959s][info][gc,heap     ] GC(59) Allocated:         -                 0M (0%)            2M (3%)            2M (3%)             -                  -          
[2026-06-17T10:03:07.705+0800][2.959s][info][gc,heap     ] GC(59)   Garbage:         -                 5M (8%)            3M (5%)            1M (2%)             -                  -          
[2026-06-17T10:03:07.705+0800][2.959s][info][gc,heap     ] GC(59) Reclaimed:         -                  -                 2M (3%)            4M (6%)             -                  -          
[2026-06-17T10:03:07.705+0800][2.960s][info][gc          ] GC(59) Garbage Collection (Allocation Stall) 64M(100%)->62M(97%)
[2026-06-17T10:03:07.772+0800][3.026s][info][gc,start    ] GC(60) Garbage Collection (Allocation Rate)
[2026-06-17T10:03:07.772+0800][3.027s][info][gc,task     ] GC(60) Using 1 workers
[2026-06-17T10:03:07.772+0800][3.027s][info][gc,phases   ] GC(60) Pause Mark Start 0.007ms
[2026-06-17T10:03:07.773+0800][3.028s][info][gc,phases   ] GC(60) Concurrent Mark 0.660ms
[2026-06-17T10:03:07.773+0800][3.028s][info][gc,phases   ] GC(60) Pause Mark End 0.006ms
[2026-06-17T10:03:07.773+0800][3.028s][info][gc,phases   ] GC(60) Concurrent Mark Free 0.001ms
[2026-06-17T10:03:07.774+0800][3.028s][info][gc,phases   ] GC(60) Concurrent Process Non-Strong References 0.287ms
[2026-06-17T10:03:07.774+0800][3.029s][info][gc,phases   ] GC(60) Concurrent Reset Relocation Set 0.001ms
[2026-06-17T10:03:07.775+0800][3.030s][info][gc,phases   ] GC(60) Concurrent Select Relocation Set 0.820ms
[2026-06-17T10:03:07.775+0800][3.030s][info][gc,phases   ] GC(60) Pause Relocate Start 0.004ms
[2026-06-17T10:03:07.776+0800][3.030s][info][gc,phases   ] GC(60) Concurrent Relocate 0.128ms
[2026-06-17T10:03:07.778+0800][3.032s][info][gc,load     ] GC(60) Load: 0.33/0.42/0.50
[2026-06-17T10:03:07.778+0800][3.033s][info][gc,mmu      ] GC(60) MMU: 2ms/1.0%, 5ms/60.4%, 10ms/80.1%, 20ms/90.0%, 50ms/94.3%, 100ms/96.0%
[2026-06-17T10:03:07.779+0800][3.033s][info][gc,marking  ] GC(60) Mark: 1 stripe(s), 1 proactive flush(es), 1 terminate flush(es), 0 completion(s), 0 continuation(s) 
[2026-06-17T10:03:07.781+0800][3.036s][info][gc,marking  ] GC(60) Mark Stack Usage: 32M
[2026-06-17T10:03:07.786+0800][3.040s][info][gc,nmethod  ] GC(60) NMethods: 71 registered, 5 unregistered
[2026-06-17T10:03:07.792+0800][3.046s][info][gc,metaspace] GC(60) Metaspace: 0M used, 0M committed, 1088M reserved
[2026-06-17T10:03:07.792+0800][3.047s][info][gc,ref      ] GC(60) Soft: 0 encountered, 0 discovered, 0 enqueued
[2026-06-17T10:03:07.793+0800][3.047s][info][gc,ref      ] GC(60) Weak: 6 encountered, 0 discovered, 0 enqueued
[2026-06-17T10:03:07.794+0800][3.049s][info][gc,ref      ] GC(60) Final: 0 encountered, 0 discovered, 0 enqueued
[2026-06-17T10:03:07.795+0800][3.050s][info][gc,ref      ] GC(60) Phantom: 1 encountered, 0 discovered, 0 enqueued
[2026-06-17T10:03:07.796+0800][3.050s][info][gc,reloc    ] GC(60) Small Pages: 5 / 10M, Empty: 4M, Relocated: 1M, In-Place: 0
[2026-06-17T10:03:07.796+0800][3.050s][info][gc,reloc    ] GC(60) Large Pages: 26 / 52M, Empty: 32M, Relocated: 0M, In-Place: 0
[2026-06-17T10:03:07.796+0800][3.050s][info][gc,reloc    ] GC(60) Forwarding Usage: 0M
[2026-06-17T10:03:07.796+0800][3.050s][info][gc,heap     ] GC(60) Min Capacity: 64M(100%)
[2026-06-17T10:03:07.796+0800][3.050s][info][gc,heap     ] GC(60) Max Capacity: 64M(100%)
[2026-06-17T10:03:07.796+0800][3.051s][info][gc,heap     ] GC(60) Soft Max Capacity: 64M(100%)
[2026-06-17T10:03:07.796+0800][3.051s][info][gc,heap     ] GC(60)                Mark Start          Mark End        Relocate Start      Relocate End           High               Low         
[2026-06-17T10:03:07.797+0800][3.051s][info][gc,heap     ] GC(60)  Capacity:       64M (100%)         64M (100%)         64M (100%)         64M (100%)         64M (100%)         64M (100%)   
[2026-06-17T10:03:07.797+0800][3.051s][info][gc,heap     ] GC(60)      Free:        2M (3%)            2M (3%)           38M (59%)          40M (62%)          40M (62%)           2M (3%)     
[2026-06-17T10:03:07.797+0800][3.051s][info][gc,heap     ] GC(60)      Used:       62M (97%)          62M (97%)          26M (41%)          24M (38%)          62M (97%)          24M (38%)    
[2026-06-17T10:03:07.797+0800][3.051s][info][gc,heap     ] GC(60)      Live:         -                21M (34%)          21M (34%)          21M (34%)            -                  -          
[2026-06-17T10:03:07.797+0800][3.051s][info][gc,heap     ] GC(60) Allocated:         -                 0M (0%)            0M (0%)            0M (0%)             -                  -          
[2026-06-17T10:03:07.797+0800][3.052s][info][gc,heap     ] GC(60)   Garbage:         -                40M (63%)           4M (6%)            2M (3%)             -                  -          
[2026-06-17T10:03:07.797+0800][3.052s][info][gc,heap     ] GC(60) Reclaimed:         -                  -                36M (56%)          38M (59%)            -                  -          
[2026-06-17T10:03:07.797+0800][3.052s][info][gc          ] GC(60) Garbage Collection (Allocation Rate) 62M(97%)->24M(38%)
[2026-06-17T10:03:07.972+0800][3.227s][info][gc,start    ] GC(61) Garbage Collection (Allocation Rate)
[2026-06-17T10:03:07.973+0800][3.227s][info][gc,task     ] GC(61) Using 1 workers
[2026-06-17T10:03:07.973+0800][3.228s][info][gc,phases   ] GC(61) Pause Mark Start 0.006ms
[2026-06-17T10:03:07.976+0800][3.230s][info][gc,phases   ] GC(61) Concurrent Mark 0.692ms
[2026-06-17T10:03:07.977+0800][3.232s][info][gc,phases   ] GC(61) Pause Mark End 0.007ms
[2026-06-17T10:03:07.978+0800][3.232s][info][gc,phases   ] GC(61) Concurrent Mark Free 0.000ms
[2026-06-17T10:03:07.978+0800][3.233s][info][gc,phases   ] GC(61) Concurrent Process Non-Strong References 0.220ms
[2026-06-17T10:03:07.978+0800][3.233s][info][gc,phases   ] GC(61) Concurrent Reset Relocation Set 0.002ms
[2026-06-17T10:03:07.979+0800][3.234s][info][gc          ] Allocation Stall (main) 0.615ms
[2026-06-17T10:03:07.979+0800][3.234s][info][gc,phases   ] GC(61) Concurrent Select Relocation Set 0.787ms
[2026-06-17T10:03:07.980+0800][3.234s][info][gc,phases   ] GC(61) Pause Relocate Start 0.003ms
[2026-06-17T10:03:07.980+0800][3.235s][info][gc,phases   ] GC(61) Concurrent Relocate 0.509ms
[2026-06-17T10:03:07.980+0800][3.235s][info][gc,load     ] GC(61) Load: 0.33/0.42/0.50
[2026-06-17T10:03:07.981+0800][3.235s][info][gc,mmu      ] GC(61) MMU: 2ms/1.0%, 5ms/60.4%, 10ms/80.1%, 20ms/90.0%, 50ms/94.3%, 100ms/96.0%
[2026-06-17T10:03:07.981+0800][3.235s][info][gc,marking  ] GC(61) Mark: 1 stripe(s), 1 proactive flush(es), 1 terminate flush(es), 0 completion(s), 0 continuation(s) 
[2026-06-17T10:03:07.981+0800][3.235s][info][gc,marking  ] GC(61) Mark Stack Usage: 32M
[2026-06-17T10:03:07.981+0800][3.235s][info][gc,nmethod  ] GC(61) NMethods: 73 registered, 5 unregistered
[2026-06-17T10:03:07.981+0800][3.235s][info][gc,metaspace] GC(61) Metaspace: 0M used, 0M committed, 1088M reserved
[2026-06-17T10:03:07.981+0800][3.236s][info][gc,ref      ] GC(61) Soft: 0 encountered, 0 discovered, 0 enqueued
[2026-06-17T10:03:07.981+0800][3.236s][info][gc,ref      ] GC(61) Weak: 6 encountered, 0 discovered, 0 enqueued
[2026-06-17T10:03:07.981+0800][3.236s][info][gc,ref      ] GC(61) Final: 0 encountered, 0 discovered, 0 enqueued
[2026-06-17T10:03:07.981+0800][3.236s][info][gc,ref      ] GC(61) Phantom: 1 encountered, 0 discovered, 0 enqueued
[2026-06-17T10:03:07.981+0800][3.236s][info][gc,reloc    ] GC(61) Small Pages: 14 / 28M, Empty: 18M, Relocated: 3M, In-Place: 0
[2026-06-17T10:03:07.981+0800][3.236s][info][gc,reloc    ] GC(61) Large Pages: 17 / 34M, Empty: 0M, Relocated: 0M, In-Place: 0
[2026-06-17T10:03:07.981+0800][3.236s][info][gc,reloc    ] GC(61) Forwarding Usage: 0M
[2026-06-17T10:03:07.981+0800][3.236s][info][gc,heap     ] GC(61) Min Capacity: 64M(100%)
[2026-06-17T10:03:07.982+0800][3.236s][info][gc,heap     ] GC(61) Max Capacity: 64M(100%)
[2026-06-17T10:03:07.982+0800][3.236s][info][gc,heap     ] GC(61) Soft Max Capacity: 64M(100%)
[2026-06-17T10:03:07.982+0800][3.236s][info][gc,heap     ] GC(61)                Mark Start          Mark End        Relocate Start      Relocate End           High               Low         
[2026-06-17T10:03:07.982+0800][3.236s][info][gc,heap     ] GC(61)  Capacity:       64M (100%)         64M (100%)         64M (100%)         64M (100%)         64M (100%)         64M (100%)   
[2026-06-17T10:03:07.982+0800][3.236s][info][gc,heap     ] GC(61)      Free:        2M (3%)            2M (3%)           16M (25%)          22M (34%)          22M (34%)           0M (0%)     
[2026-06-17T10:03:07.982+0800][3.236s][info][gc,heap     ] GC(61)      Used:       62M (97%)          62M (97%)          48M (75%)          42M (66%)          64M (100%)         42M (66%)    
[2026-06-17T10:03:07.982+0800][3.237s][info][gc,heap     ] GC(61)      Live:         -                37M (58%)          37M (58%)          37M (58%)            -                  -          
[2026-06-17T10:03:07.982+0800][3.237s][info][gc,heap     ] GC(61) Allocated:         -                 0M (0%)            4M (6%)            4M (6%)             -                  -          
[2026-06-17T10:03:07.982+0800][3.237s][info][gc,heap     ] GC(61)   Garbage:         -                24M (38%)           6M (10%)           0M (1%)             -                  -          
[2026-06-17T10:03:07.982+0800][3.237s][info][gc,heap     ] GC(61) Reclaimed:         -                  -                18M (28%)          24M (38%)            -                  -          
[2026-06-17T10:03:07.982+0800][3.237s][info][gc          ] GC(61) Garbage Collection (Allocation Rate) 62M(97%)->42M(66%)
[2026-06-17T10:03:08.023+0800][3.277s][info][gc,start    ] GC(62) Garbage Collection (Allocation Stall)
[2026-06-17T10:03:08.023+0800][3.278s][info][gc,ref      ] GC(62) Clearing All SoftReferences
[2026-06-17T10:03:08.024+0800][3.278s][info][gc,task     ] GC(62) Using 1 workers
[2026-06-17T10:03:08.024+0800][3.279s][info][gc,ref      ] GC(62) Clearing All SoftReferences
[2026-06-17T10:03:08.025+0800][3.279s][info][gc,phases   ] GC(62) Pause Mark Start 0.403ms
[2026-06-17T10:03:08.027+0800][3.282s][info][gc,phases   ] GC(62) Concurrent Mark 2.523ms
[2026-06-17T10:03:08.028+0800][3.283s][info][gc,phases   ] GC(62) Pause Mark End 0.011ms
[2026-06-17T10:03:08.029+0800][3.283s][info][gc,phases   ] GC(62) Concurrent Mark Free 0.002ms
[2026-06-17T10:03:08.029+0800][3.284s][info][gc,phases   ] GC(62) Concurrent Process Non-Strong References 0.496ms
[2026-06-17T10:03:08.030+0800][3.284s][info][gc,phases   ] GC(62) Concurrent Reset Relocation Set 0.001ms
[2026-06-17T10:03:08.032+0800][3.286s][info][gc          ] Allocation Stall (main) 9.063ms
[2026-06-17T10:03:08.032+0800][3.286s][info][gc,phases   ] GC(62) Concurrent Select Relocation Set 1.688ms
[2026-06-17T10:03:08.033+0800][3.287s][info][gc,phases   ] GC(62) Pause Relocate Start 0.007ms
[2026-06-17T10:03:08.033+0800][3.288s][info][gc,phases   ] GC(62) Concurrent Relocate 0.425ms
[2026-06-17T10:03:08.036+0800][3.291s][info][gc,load     ] GC(62) Load: 0.33/0.42/0.50
[2026-06-17T10:03:08.037+0800][3.291s][info][gc,mmu      ] GC(62) MMU: 2ms/1.0%, 5ms/60.4%, 10ms/80.1%, 20ms/90.0%, 50ms/94.3%, 100ms/96.0%
[2026-06-17T10:03:08.037+0800][3.291s][info][gc,marking  ] GC(62) Mark: 1 stripe(s), 1 proactive flush(es), 1 terminate flush(es), 0 completion(s), 0 continuation(s) 
[2026-06-17T10:03:08.037+0800][3.292s][info][gc,marking  ] GC(62) Mark Stack Usage: 32M
[2026-06-17T10:03:08.037+0800][3.292s][info][gc,nmethod  ] GC(62) NMethods: 73 registered, 5 unregistered
[2026-06-17T10:03:08.037+0800][3.292s][info][gc,metaspace] GC(62) Metaspace: 0M used, 0M committed, 1088M reserved
[2026-06-17T10:03:08.037+0800][3.292s][info][gc,ref      ] GC(62) Soft: 0 encountered, 0 discovered, 0 enqueued
[2026-06-17T10:03:08.037+0800][3.292s][info][gc,ref      ] GC(62) Weak: 6 encountered, 0 discovered, 0 enqueued
[2026-06-17T10:03:08.038+0800][3.292s][info][gc,ref      ] GC(62) Final: 0 encountered, 0 discovered, 0 enqueued
[2026-06-17T10:03:08.038+0800][3.292s][info][gc,ref      ] GC(62) Phantom: 1 encountered, 0 discovered, 0 enqueued
[2026-06-17T10:03:08.038+0800][3.292s][info][gc,reloc    ] GC(62) Small Pages: 11 / 22M, Empty: 12M, Relocated: 1M, In-Place: 0
[2026-06-17T10:03:08.038+0800][3.292s][info][gc,reloc    ] GC(62) Large Pages: 21 / 42M, Empty: 0M, Relocated: 0M, In-Place: 0
[2026-06-17T10:03:08.038+0800][3.293s][info][gc,reloc    ] GC(62) Forwarding Usage: 0M
[2026-06-17T10:03:08.038+0800][3.293s][info][gc,heap     ] GC(62) Min Capacity: 64M(100%)
[2026-06-17T10:03:08.038+0800][3.293s][info][gc,heap     ] GC(62) Max Capacity: 64M(100%)
[2026-06-17T10:03:08.038+0800][3.293s][info][gc,heap     ] GC(62) Soft Max Capacity: 64M(100%)
[2026-06-17T10:03:08.039+0800][3.293s][info][gc,heap     ] GC(62)                Mark Start          Mark End        Relocate Start      Relocate End           High               Low         
[2026-06-17T10:03:08.039+0800][3.293s][info][gc,heap     ] GC(62)  Capacity:       64M (100%)         64M (100%)         64M (100%)         64M (100%)         64M (100%)         64M (100%)   
[2026-06-17T10:03:08.039+0800][3.293s][info][gc,heap     ] GC(62)      Free:        0M (0%)            0M (0%)            8M (12%)           8M (12%)          12M (19%)           0M (0%)     
[2026-06-17T10:03:08.039+0800][3.294s][info][gc,heap     ] GC(62)      Used:       64M (100%)         64M (100%)         56M (88%)          56M (88%)          64M (100%)         52M (81%)    
[2026-06-17T10:03:08.039+0800][3.294s][info][gc,heap     ] GC(62)      Live:         -                48M (76%)          48M (76%)          48M (76%)            -                  -          
[2026-06-17T10:03:08.039+0800][3.294s][info][gc,heap     ] GC(62) Allocated:         -                 0M (0%)            4M (6%)            6M (9%)             -                  -          
[2026-06-17T10:03:08.039+0800][3.294s][info][gc,heap     ] GC(62)   Garbage:         -                15M (24%)           3M (5%)            1M (2%)             -                  -          
[2026-06-17T10:03:08.039+0800][3.294s][info][gc,heap     ] GC(62) Reclaimed:         -                  -                12M (19%)          14M (22%)            -                  -          
[2026-06-17T10:03:08.040+0800][3.294s][info][gc          ] GC(62) Garbage Collection (Allocation Stall) 64M(100%)->56M(88%)
[2026-06-17T10:03:08.046+0800][3.300s][info][gc,start    ] GC(63) Garbage Collection (Allocation Stall)
[2026-06-17T10:03:08.047+0800][3.301s][info][gc,ref      ] GC(63) Clearing All SoftReferences
[2026-06-17T10:03:08.047+0800][3.301s][info][gc,task     ] GC(63) Using 1 workers
[2026-06-17T10:03:08.047+0800][3.302s][info][gc,ref      ] GC(63) Clearing All SoftReferences
[2026-06-17T10:03:08.047+0800][3.302s][info][gc,phases   ] GC(63) Pause Mark Start 0.177ms
[2026-06-17T10:03:08.049+0800][3.303s][info][gc,phases   ] GC(63) Concurrent Mark 1.132ms
[2026-06-17T10:03:08.049+0800][3.303s][info][gc,phases   ] GC(63) Pause Mark End 0.007ms
[2026-06-17T10:03:08.049+0800][3.304s][info][gc,phases   ] GC(63) Concurrent Mark Free 0.001ms
[2026-06-17T10:03:08.050+0800][3.304s][info][gc,phases   ] GC(63) Concurrent Process Non-Strong References 0.354ms
[2026-06-17T10:03:08.050+0800][3.304s][info][gc,phases   ] GC(63) Concurrent Reset Relocation Set 0.001ms
[2026-06-17T10:03:08.051+0800][3.306s][info][gc          ] Allocation Stall (main) 5.325ms
[2026-06-17T10:03:08.051+0800][3.306s][info][gc,phases   ] GC(63) Concurrent Select Relocation Set 1.359ms
[2026-06-17T10:03:08.052+0800][3.306s][info][gc,phases   ] GC(63) Pause Relocate Start 0.004ms
[2026-06-17T10:03:08.052+0800][3.306s][info][gc,phases   ] GC(63) Concurrent Relocate 0.046ms
[2026-06-17T10:03:08.052+0800][3.307s][info][gc,load     ] GC(63) Load: 0.33/0.42/0.50
[2026-06-17T10:03:08.052+0800][3.307s][info][gc,mmu      ] GC(63) MMU: 2ms/1.0%, 5ms/60.4%, 10ms/80.1%, 20ms/90.0%, 50ms/94.3%, 100ms/96.0%
[2026-06-17T10:03:08.052+0800][3.307s][info][gc,marking  ] GC(63) Mark: 1 stripe(s), 1 proactive flush(es), 1 terminate flush(es), 0 completion(s), 0 continuation(s) 
[2026-06-17T10:03:08.053+0800][3.307s][info][gc,marking  ] GC(63) Mark Stack Usage: 32M
[2026-06-17T10:03:08.053+0800][3.307s][info][gc,nmethod  ] GC(63) NMethods: 73 registered, 5 unregistered
[2026-06-17T10:03:08.053+0800][3.307s][info][gc,metaspace] GC(63) Metaspace: 0M used, 0M committed, 1088M reserved
[2026-06-17T10:03:08.053+0800][3.307s][info][gc,ref      ] GC(63) Soft: 0 encountered, 0 discovered, 0 enqueued
[2026-06-17T10:03:08.053+0800][3.308s][info][gc,ref      ] GC(63) Weak: 6 encountered, 0 discovered, 0 enqueued
[2026-06-17T10:03:08.053+0800][3.308s][info][gc,ref      ] GC(63) Final: 0 encountered, 0 discovered, 0 enqueued
[2026-06-17T10:03:08.053+0800][3.308s][info][gc,ref      ] GC(63) Phantom: 1 encountered, 0 discovered, 0 enqueued
[2026-06-17T10:03:08.053+0800][3.308s][info][gc,reloc    ] GC(63) Small Pages: 5 / 10M, Empty: 2M, Relocated: 0M, In-Place: 0
[2026-06-17T10:03:08.053+0800][3.308s][info][gc,reloc    ] GC(63) Large Pages: 27 / 54M, Empty: 0M, Relocated: 0M, In-Place: 0
[2026-06-17T10:03:08.053+0800][3.308s][info][gc,reloc    ] GC(63) Forwarding Usage: 0M
[2026-06-17T10:03:08.054+0800][3.308s][info][gc,heap     ] GC(63) Min Capacity: 64M(100%)
[2026-06-17T10:03:08.054+0800][3.308s][info][gc,heap     ] GC(63) Max Capacity: 64M(100%)
[2026-06-17T10:03:08.054+0800][3.308s][info][gc,heap     ] GC(63) Soft Max Capacity: 64M(100%)
[2026-06-17T10:03:08.054+0800][3.308s][info][gc,heap     ] GC(63)                Mark Start          Mark End        Relocate Start      Relocate End           High               Low         
[2026-06-17T10:03:08.054+0800][3.309s][info][gc,heap     ] GC(63)  Capacity:       64M (100%)         64M (100%)         64M (100%)         64M (100%)         64M (100%)         64M (100%)   
[2026-06-17T10:03:08.054+0800][3.309s][info][gc,heap     ] GC(63)      Free:        0M (0%)            0M (0%)            0M (0%)            0M (0%)            2M (3%)            0M (0%)     
[2026-06-17T10:03:08.054+0800][3.309s][info][gc,heap     ] GC(63)      Used:       64M (100%)         64M (100%)         64M (100%)         64M (100%)         64M (100%)         62M (97%)    
[2026-06-17T10:03:08.054+0800][3.309s][info][gc,heap     ] GC(63)      Live:         -                59M (93%)          59M (93%)          59M (93%)            -                  -          
[2026-06-17T10:03:08.054+0800][3.309s][info][gc,heap     ] GC(63) Allocated:         -                 0M (0%)            2M (3%)            2M (3%)             -                  -          
[2026-06-17T10:03:08.054+0800][3.309s][info][gc,heap     ] GC(63)   Garbage:         -                 4M (7%)            2M (4%)            2M (4%)             -                  -          
[2026-06-17T10:03:08.055+0800][3.309s][info][gc,heap     ] GC(63) Reclaimed:         -                  -                 2M (3%)            2M (3%)             -                  -          
[2026-06-17T10:03:08.055+0800][3.309s][info][gc          ] GC(63) Garbage Collection (Allocation Stall) 64M(100%)->64M(100%)
[2026-06-17T10:03:08.055+0800][3.309s][info][gc,start    ] GC(64) Garbage Collection (Allocation Stall)
[2026-06-17T10:03:08.055+0800][3.309s][info][gc,ref      ] GC(64) Clearing All SoftReferences
[2026-06-17T10:03:08.055+0800][3.309s][info][gc,task     ] GC(64) Using 1 workers
[2026-06-17T10:03:08.055+0800][3.310s][info][gc,ref      ] GC(64) Clearing All SoftReferences
[2026-06-17T10:03:08.055+0800][3.310s][info][gc,phases   ] GC(64) Pause Mark Start 0.128ms
[2026-06-17T10:03:08.056+0800][3.310s][info][gc,phases   ] GC(64) Concurrent Mark 0.658ms
[2026-06-17T10:03:08.056+0800][3.311s][info][gc,phases   ] GC(64) Pause Mark End 0.004ms
[2026-06-17T10:03:08.056+0800][3.311s][info][gc,phases   ] GC(64) Concurrent Mark Free 0.001ms
[2026-06-17T10:03:08.056+0800][3.311s][info][gc,phases   ] GC(64) Concurrent Process Non-Strong References 0.203ms
[2026-06-17T10:03:08.057+0800][3.311s][info][gc,phases   ] GC(64) Concurrent Reset Relocation Set 0.001ms
[2026-06-17T10:03:08.057+0800][3.312s][info][gc,phases   ] GC(64) Concurrent Select Relocation Set 0.780ms
[2026-06-17T10:03:08.058+0800][3.312s][info][gc,phases   ] GC(64) Pause Relocate Start 0.002ms
[2026-06-17T10:03:08.058+0800][3.312s][info][gc,phases   ] GC(64) Concurrent Relocate 0.077ms
[2026-06-17T10:03:08.058+0800][3.312s][info][gc,load     ] GC(64) Load: 0.33/0.42/0.50
[2026-06-17T10:03:08.058+0800][3.313s][info][gc,mmu      ] GC(64) MMU: 2ms/1.0%, 5ms/60.4%, 10ms/80.1%, 20ms/90.0%, 50ms/94.3%, 100ms/96.0%
[2026-06-17T10:03:08.058+0800][3.313s][info][gc,marking  ] GC(64) Mark: 1 stripe(s), 1 proactive flush(es), 1 terminate flush(es), 0 completion(s), 0 continuation(s) 
[2026-06-17T10:03:08.058+0800][3.313s][info][gc,marking  ] GC(64) Mark Stack Usage: 32M
[2026-06-17T10:03:08.058+0800][3.313s][info][gc,nmethod  ] GC(64) NMethods: 73 registered, 5 unregistered
[2026-06-17T10:03:08.059+0800][3.313s][info][gc,metaspace] GC(64) Metaspace: 0M used, 0M committed, 1088M reserved
[2026-06-17T10:03:08.059+0800][3.313s][info][gc,ref      ] GC(64) Soft: 0 encountered, 0 discovered, 0 enqueued
[2026-06-17T10:03:08.059+0800][3.313s][info][gc,ref      ] GC(64) Weak: 6 encountered, 0 discovered, 0 enqueued
[2026-06-17T10:03:08.059+0800][3.313s][info][gc,ref      ] GC(64) Final: 0 encountered, 0 discovered, 0 enqueued
[2026-06-17T10:03:08.059+0800][3.313s][info][gc,ref      ] GC(64) Phantom: 1 encountered, 0 discovered, 0 enqueued
[2026-06-17T10:03:08.059+0800][3.313s][info][gc,reloc    ] GC(64) Small Pages: 5 / 10M, Empty: 0M, Relocated: 0M, In-Place: 0
[2026-06-17T10:03:08.059+0800][3.314s][info][gc,reloc    ] GC(64) Large Pages: 27 / 54M, Empty: 0M, Relocated: 0M, In-Place: 0
[2026-06-17T10:03:08.059+0800][3.314s][info][gc,reloc    ] GC(64) Forwarding Usage: 0M
[2026-06-17T10:03:08.059+0800][3.314s][info][gc,heap     ] GC(64) Min Capacity: 64M(100%)
[2026-06-17T10:03:08.059+0800][3.314s][info][gc,heap     ] GC(64) Max Capacity: 64M(100%)
[2026-06-17T10:03:08.059+0800][3.314s][info][gc,heap     ] GC(64) Soft Max Capacity: 64M(100%)
[2026-06-17T10:03:08.059+0800][3.314s][info][gc,heap     ] GC(64)                Mark Start          Mark End        Relocate Start      Relocate End           High               Low         
[2026-06-17T10:03:08.059+0800][3.314s][info][gc,heap     ] GC(64)  Capacity:       64M (100%)         64M (100%)         64M (100%)         64M (100%)         64M (100%)         64M (100%)   
[2026-06-17T10:03:08.059+0800][3.314s][info][gc,heap     ] GC(64)      Free:        0M (0%)            0M (0%)            0M (0%)            0M (0%)            0M (0%)            0M (0%)     
[2026-06-17T10:03:08.060+0800][3.314s][info][gc,heap     ] GC(64)      Used:       64M (100%)         64M (100%)         64M (100%)         64M (100%)         64M (100%)         64M (100%)   
[2026-06-17T10:03:08.060+0800][3.314s][info][gc,heap     ] GC(64)      Live:         -                61M (96%)          61M (96%)          61M (96%)            -                  -          
[2026-06-17T10:03:08.060+0800][3.314s][info][gc,heap     ] GC(64) Allocated:         -                 0M (0%)            0M (0%)            0M (0%)             -                  -          
[2026-06-17T10:03:08.060+0800][3.314s][info][gc,heap     ] GC(64)   Garbage:         -                 2M (4%)            2M (4%)            2M (4%)             -                  -          
[2026-06-17T10:03:08.060+0800][3.314s][info][gc,heap     ] GC(64) Reclaimed:         -                  -                 0M (0%)            0M (0%)             -                  -          
[2026-06-17T10:03:08.060+0800][3.314s][info][gc          ] GC(64) Garbage Collection (Allocation Stall) 64M(100%)->64M(100%)
[2026-06-17T10:03:08.060+0800][3.315s][info][gc          ] Allocation Stall (main) 8.144ms
[2026-06-17T10:03:08.060+0800][3.315s][info][gc          ] Out Of Memory (main)
[2026-06-17T10:03:08.060+0800][3.315s][info][gc,start    ] GC(65) Garbage Collection (Allocation Stall)
[2026-06-17T10:03:08.060+0800][3.315s][info][gc,ref      ] GC(65) Clearing All SoftReferences
[2026-06-17T10:03:08.060+0800][3.315s][info][gc,task     ] GC(65) Using 1 workers
[2026-06-17T10:03:08.060+0800][3.315s][info][gc,ref      ] GC(65) Clearing All SoftReferences
[2026-06-17T10:03:08.061+0800][3.315s][info][gc,phases   ] GC(65) Pause Mark Start 0.081ms
[2026-06-17T10:03:08.061+0800][3.316s][info][gc,phases   ] GC(65) Concurrent Mark 0.504ms
[2026-06-17T10:03:08.061+0800][3.316s][info][gc,phases   ] GC(65) Pause Mark End 0.003ms
[2026-06-17T10:03:08.061+0800][3.316s][info][gc,phases   ] GC(65) Concurrent Mark Free 0.000ms
[2026-06-17T10:03:08.062+0800][3.316s][info][gc,phases   ] GC(65) Concurrent Process Non-Strong References 0.194ms
[2026-06-17T10:03:08.062+0800][3.316s][info][gc,phases   ] GC(65) Concurrent Reset Relocation Set 0.000ms
[2026-06-17T10:03:08.063+0800][3.317s][info][gc          ] Allocation Stall (main) 2.334ms
[2026-06-17T10:03:08.063+0800][3.317s][info][gc,phases   ] GC(65) Concurrent Select Relocation Set 0.748ms
[2026-06-17T10:03:08.063+0800][3.318s][info][gc,phases   ] GC(65) Pause Relocate Start 0.002ms
[2026-06-17T10:03:08.063+0800][3.318s][info][gc,phases   ] GC(65) Concurrent Relocate 0.108ms
[2026-06-17T10:03:08.063+0800][3.318s][info][gc,load     ] GC(65) Load: 0.33/0.42/0.50
[2026-06-17T10:03:08.063+0800][3.318s][info][gc,mmu      ] GC(65) MMU: 2ms/1.0%, 5ms/60.4%, 10ms/80.1%, 20ms/90.0%, 50ms/94.3%, 100ms/96.0%
[2026-06-17T10:03:08.064+0800][3.318s][info][gc,marking  ] GC(65) Mark: 1 stripe(s), 1 proactive flush(es), 1 terminate flush(es), 0 completion(s), 0 continuation(s) 
[2026-06-17T10:03:08.064+0800][3.318s][info][gc,marking  ] GC(65) Mark Stack Usage: 32M
[2026-06-17T10:03:08.064+0800][3.318s][info][gc,nmethod  ] GC(65) NMethods: 76 registered, 5 unregistered
[2026-06-17T10:03:08.064+0800][3.318s][info][gc,metaspace] GC(65) Metaspace: 0M used, 0M committed, 1088M reserved
[2026-06-17T10:03:08.064+0800][3.318s][info][gc,ref      ] GC(65) Soft: 0 encountered, 0 discovered, 0 enqueued
[2026-06-17T10:03:08.064+0800][3.318s][info][gc,ref      ] GC(65) Weak: 6 encountered, 0 discovered, 0 enqueued
[2026-06-17T10:03:08.064+0800][3.319s][info][gc,ref      ] GC(65) Final: 0 encountered, 0 discovered, 0 enqueued
[2026-06-17T10:03:08.064+0800][3.319s][info][gc,ref      ] GC(65) Phantom: 1 encountered, 0 discovered, 0 enqueued
[2026-06-17T10:03:08.064+0800][3.319s][info][gc,reloc    ] GC(65) Small Pages: 5 / 10M, Empty: 2M, Relocated: 1M, In-Place: 1
[2026-06-17T10:03:08.064+0800][3.319s][info][gc,reloc    ] GC(65) Large Pages: 27 / 54M, Empty: 0M, Relocated: 0M, In-Place: 0
[2026-06-17T10:03:08.064+0800][3.319s][info][gc,reloc    ] GC(65) Forwarding Usage: 0M
[2026-06-17T10:03:08.064+0800][3.319s][info][gc,heap     ] GC(65) Min Capacity: 64M(100%)
[2026-06-17T10:03:08.065+0800][3.319s][info][gc,heap     ] GC(65) Max Capacity: 64M(100%)
[2026-06-17T10:03:08.065+0800][3.319s][info][gc,heap     ] GC(65) Soft Max Capacity: 64M(100%)
[2026-06-17T10:03:08.065+0800][3.319s][info][gc,heap     ] GC(65)                Mark Start          Mark End        Relocate Start      Relocate End           High               Low         
[2026-06-17T10:03:08.065+0800][3.319s][info][gc,heap     ] GC(65)  Capacity:       64M (100%)         64M (100%)         64M (100%)         64M (100%)         64M (100%)         64M (100%)   
[2026-06-17T10:03:08.065+0800][3.319s][info][gc,heap     ] GC(65)      Free:        0M (0%)            0M (0%)            0M (0%)            2M (3%)            2M (3%)            0M (0%)     
[2026-06-17T10:03:08.065+0800][3.320s][info][gc,heap     ] GC(65)      Used:       64M (100%)         64M (100%)         64M (100%)         62M (97%)          64M (100%)         62M (97%)    
[2026-06-17T10:03:08.065+0800][3.320s][info][gc,heap     ] GC(65)      Live:         -                58M (92%)          58M (92%)          58M (92%)            -                  -          
[2026-06-17T10:03:08.065+0800][3.320s][info][gc,heap     ] GC(65) Allocated:         -                 0M (0%)            2M (3%)            1M (2%)             -                  -          
[2026-06-17T10:03:08.065+0800][3.320s][info][gc,heap     ] GC(65)   Garbage:         -                 5M (8%)            3M (5%)            2M (3%)             -                  -          
[2026-06-17T10:03:08.065+0800][3.320s][info][gc,heap     ] GC(65) Reclaimed:         -                  -                 2M (3%)            3M (5%)             -                  -          
[2026-06-17T10:03:08.065+0800][3.320s][info][gc          ] GC(65) Garbage Collection (Allocation Stall) 64M(100%)->62M(97%)
[2026-06-17T10:03:08.072+0800][3.327s][info][gc,start    ] GC(66) Garbage Collection (Allocation Rate)
[2026-06-17T10:03:08.073+0800][3.327s][info][gc,task     ] GC(66) Using 1 workers
[2026-06-17T10:03:08.073+0800][3.327s][info][gc,phases   ] GC(66) Pause Mark Start 0.003ms
[2026-06-17T10:03:08.073+0800][3.328s][info][gc,phases   ] GC(66) Concurrent Mark 0.522ms
[2026-06-17T10:03:08.074+0800][3.328s][info][gc,phases   ] GC(66) Pause Mark End 0.004ms
[2026-06-17T10:03:08.074+0800][3.328s][info][gc,phases   ] GC(66) Concurrent Mark Free 0.000ms
[2026-06-17T10:03:08.074+0800][3.328s][info][gc,phases   ] GC(66) Concurrent Process Non-Strong References 0.184ms
[2026-06-17T10:03:08.074+0800][3.329s][info][gc,phases   ] GC(66) Concurrent Reset Relocation Set 0.000ms
[2026-06-17T10:03:08.075+0800][3.329s][info][gc,phases   ] GC(66) Concurrent Select Relocation Set 0.746ms
[2026-06-17T10:03:08.075+0800][3.329s][info][gc,phases   ] GC(66) Pause Relocate Start 0.002ms
[2026-06-17T10:03:08.075+0800][3.330s][info][gc,phases   ] GC(66) Concurrent Relocate 0.319ms
[2026-06-17T10:03:08.075+0800][3.330s][info][gc,load     ] GC(66) Load: 0.33/0.42/0.50
[2026-06-17T10:03:08.076+0800][3.330s][info][gc,mmu      ] GC(66) MMU: 2ms/1.0%, 5ms/60.4%, 10ms/80.1%, 20ms/90.0%, 50ms/94.3%, 100ms/96.0%
[2026-06-17T10:03:08.076+0800][3.330s][info][gc,marking  ] GC(66) Mark: 1 stripe(s), 1 proactive flush(es), 1 terminate flush(es), 0 completion(s), 0 continuation(s) 
[2026-06-17T10:03:08.076+0800][3.330s][info][gc,marking  ] GC(66) Mark Stack Usage: 32M
[2026-06-17T10:03:08.076+0800][3.330s][info][gc,nmethod  ] GC(66) NMethods: 76 registered, 5 unregistered
[2026-06-17T10:03:08.076+0800][3.330s][info][gc,metaspace] GC(66) Metaspace: 0M used, 0M committed, 1088M reserved
[2026-06-17T10:03:08.076+0800][3.330s][info][gc,ref      ] GC(66) Soft: 0 encountered, 0 discovered, 0 enqueued
[2026-06-17T10:03:08.076+0800][3.331s][info][gc,ref      ] GC(66) Weak: 6 encountered, 0 discovered, 0 enqueued
[2026-06-17T10:03:08.076+0800][3.331s][info][gc,ref      ] GC(66) Final: 0 encountered, 0 discovered, 0 enqueued
[2026-06-17T10:03:08.076+0800][3.331s][info][gc,ref      ] GC(66) Phantom: 1 encountered, 0 discovered, 0 enqueued
[2026-06-17T10:03:08.076+0800][3.331s][info][gc,reloc    ] GC(66) Small Pages: 4 / 8M, Empty: 0M, Relocated: 1M, In-Place: 0
[2026-06-17T10:03:08.076+0800][3.331s][info][gc,reloc    ] GC(66) Large Pages: 27 / 54M, Empty: 30M, Relocated: 0M, In-Place: 0
[2026-06-17T10:03:08.077+0800][3.331s][info][gc,reloc    ] GC(66) Forwarding Usage: 0M
[2026-06-17T10:03:08.077+0800][3.331s][info][gc,heap     ] GC(66) Min Capacity: 64M(100%)
[2026-06-17T10:03:08.077+0800][3.331s][info][gc,heap     ] GC(66) Max Capacity: 64M(100%)
[2026-06-17T10:03:08.077+0800][3.331s][info][gc,heap     ] GC(66) Soft Max Capacity: 64M(100%)
[2026-06-17T10:03:08.077+0800][3.331s][info][gc,heap     ] GC(66)                Mark Start          Mark End        Relocate Start      Relocate End           High               Low         
[2026-06-17T10:03:08.077+0800][3.332s][info][gc,heap     ] GC(66)  Capacity:       64M (100%)         64M (100%)         64M (100%)         64M (100%)         64M (100%)         64M (100%)   
[2026-06-17T10:03:08.077+0800][3.332s][info][gc,heap     ] GC(66)      Free:        2M (3%)            2M (3%)           32M (50%)          38M (59%)          38M (59%)           2M (3%)     
[2026-06-17T10:03:08.077+0800][3.332s][info][gc,heap     ] GC(66)      Used:       62M (97%)          62M (97%)          32M (50%)          26M (41%)          62M (97%)          26M (41%)    
[2026-06-17T10:03:08.077+0800][3.332s][info][gc,heap     ] GC(66)      Live:         -                25M (40%)          25M (40%)          25M (40%)            -                  -          
[2026-06-17T10:03:08.077+0800][3.332s][info][gc,heap     ] GC(66) Allocated:         -                 0M (0%)            0M (0%)            0M (0%)             -                  -          
[2026-06-17T10:03:08.077+0800][3.332s][info][gc,heap     ] GC(66)   Garbage:         -                36M (57%)           6M (10%)           0M (1%)             -                  -          
[2026-06-17T10:03:08.077+0800][3.332s][info][gc,heap     ] GC(66) Reclaimed:         -                  -                30M (47%)          36M (56%)            -                  -          
[2026-06-17T10:03:08.077+0800][3.332s][info][gc          ] GC(66) Garbage Collection (Allocation Rate) 62M(97%)->26M(41%)
[2026-06-17T10:03:08.332+0800][3.587s][info][gc,start    ] GC(67) Garbage Collection (Allocation Stall)
[2026-06-17T10:03:08.333+0800][3.588s][info][gc,ref      ] GC(67) Clearing All SoftReferences
[2026-06-17T10:03:08.334+0800][3.588s][info][gc,task     ] GC(67) Using 1 workers
[2026-06-17T10:03:08.334+0800][3.589s][info][gc,ref      ] GC(67) Clearing All SoftReferences
[2026-06-17T10:03:08.334+0800][3.589s][info][gc,phases   ] GC(67) Pause Mark Start 0.493ms
[2026-06-17T10:03:08.336+0800][3.590s][info][gc,phases   ] GC(67) Concurrent Mark 0.892ms
[2026-06-17T10:03:08.336+0800][3.591s][info][gc,phases   ] GC(67) Pause Mark End 0.004ms
[2026-06-17T10:03:08.337+0800][3.592s][info][gc,phases   ] GC(67) Concurrent Mark Free 0.001ms
[2026-06-17T10:03:08.338+0800][3.592s][info][gc,phases   ] GC(67) Concurrent Process Non-Strong References 0.252ms
[2026-06-17T10:03:08.338+0800][3.593s][info][gc,phases   ] GC(67) Concurrent Reset Relocation Set 0.002ms
[2026-06-17T10:03:08.340+0800][3.594s][info][gc          ] Allocation Stall (main) 7.607ms
[2026-06-17T10:03:08.340+0800][3.594s][info][gc,phases   ] GC(67) Concurrent Select Relocation Set 0.833ms
[2026-06-17T10:03:08.341+0800][3.596s][info][gc,phases   ] GC(67) Pause Relocate Start 0.003ms
[2026-06-17T10:03:08.342+0800][3.596s][info][gc,phases   ] GC(67) Concurrent Relocate 0.038ms
[2026-06-17T10:03:08.342+0800][3.597s][info][gc,load     ] GC(67) Load: 0.33/0.42/0.50
[2026-06-17T10:03:08.343+0800][3.597s][info][gc,mmu      ] GC(67) MMU: 2ms/1.0%, 5ms/60.4%, 10ms/80.1%, 20ms/90.0%, 50ms/94.3%, 100ms/96.0%
[2026-06-17T10:03:08.343+0800][3.598s][info][gc,marking  ] GC(67) Mark: 1 stripe(s), 1 proactive flush(es), 1 terminate flush(es), 0 completion(s), 0 continuation(s) 
[2026-06-17T10:03:08.344+0800][3.598s][info][gc,marking  ] GC(67) Mark Stack Usage: 32M
[2026-06-17T10:03:08.344+0800][3.599s][info][gc,nmethod  ] GC(67) NMethods: 76 registered, 5 unregistered
[2026-06-17T10:03:08.345+0800][3.599s][info][gc,metaspace] GC(67) Metaspace: 0M used, 0M committed, 1088M reserved
[2026-06-17T10:03:08.345+0800][3.600s][info][gc,ref      ] GC(67) Soft: 0 encountered, 0 discovered, 0 enqueued
[2026-06-17T10:03:08.346+0800][3.600s][info][gc,ref      ] GC(67) Weak: 6 encountered, 0 discovered, 0 enqueued
[2026-06-17T10:03:08.346+0800][3.601s][info][gc,ref      ] GC(67) Final: 0 encountered, 0 discovered, 0 enqueued
[2026-06-17T10:03:08.347+0800][3.601s][info][gc,ref      ] GC(67) Phantom: 1 encountered, 0 discovered, 0 enqueued
[2026-06-17T10:03:08.347+0800][3.602s][info][gc,reloc    ] GC(67) Small Pages: 12 / 24M, Empty: 16M, Relocated: 0M, In-Place: 0
[2026-06-17T10:03:08.347+0800][3.602s][info][gc,reloc    ] GC(67) Large Pages: 20 / 40M, Empty: 0M, Relocated: 0M, In-Place: 0
[2026-06-17T10:03:08.347+0800][3.602s][info][gc,reloc    ] GC(67) Forwarding Usage: 0M
[2026-06-17T10:03:08.348+0800][3.602s][info][gc,heap     ] GC(67) Min Capacity: 64M(100%)
[2026-06-17T10:03:08.348+0800][3.602s][info][gc,heap     ] GC(67) Max Capacity: 64M(100%)
[2026-06-17T10:03:08.348+0800][3.603s][info][gc,heap     ] GC(67) Soft Max Capacity: 64M(100%)
[2026-06-17T10:03:08.348+0800][3.603s][info][gc,heap     ] GC(67)                Mark Start          Mark End        Relocate Start      Relocate End           High               Low         
[2026-06-17T10:03:08.349+0800][3.603s][info][gc,heap     ] GC(67)  Capacity:       64M (100%)         64M (100%)         64M (100%)         64M (100%)         64M (100%)         64M (100%)   
[2026-06-17T10:03:08.349+0800][3.604s][info][gc,heap     ] GC(67)      Free:        0M (0%)            0M (0%)           14M (22%)          14M (22%)          16M (25%)           0M (0%)     
[2026-06-17T10:03:08.350+0800][3.604s][info][gc,heap     ] GC(67)      Used:       64M (100%)         64M (100%)         50M (78%)          50M (78%)          64M (100%)         48M (75%)    
[2026-06-17T10:03:08.350+0800][3.605s][info][gc,heap     ] GC(67)      Live:         -                46M (72%)          46M (72%)          46M (72%)            -                  -          
[2026-06-17T10:03:08.350+0800][3.605s][info][gc,heap     ] GC(67) Allocated:         -                 0M (0%)            2M (3%)            2M (3%)             -                  -          
[2026-06-17T10:03:08.351+0800][3.605s][info][gc,heap     ] GC(67)   Garbage:         -                17M (28%)           1M (3%)            1M (3%)             -                  -          
[2026-06-17T10:03:08.351+0800][3.606s][info][gc,heap     ] GC(67) Reclaimed:         -                  -                16M (25%)          16M (25%)            -                  -          
[2026-06-17T10:03:08.352+0800][3.606s][info][gc          ] GC(67) Garbage Collection (Allocation Stall) 64M(100%)->50M(78%)
[2026-06-17T10:03:08.372+0800][3.627s][info][gc,start    ] GC(68) Garbage Collection (Allocation Rate)
[2026-06-17T10:03:08.373+0800][3.627s][info][gc,task     ] GC(68) Using 1 workers
[2026-06-17T10:03:08.374+0800][3.628s][info][gc,ref      ] GC(68) Clearing All SoftReferences
[2026-06-17T10:03:08.374+0800][3.629s][info][gc,phases   ] GC(68) Pause Mark Start 0.709ms
[2026-06-17T10:03:08.377+0800][3.631s][info][gc,phases   ] GC(68) Concurrent Mark 1.589ms
[2026-06-17T10:03:08.377+0800][3.632s][info][gc,phases   ] GC(68) Pause Mark End 0.012ms
[2026-06-17T10:03:08.378+0800][3.633s][info][gc,phases   ] GC(68) Concurrent Mark Free 0.001ms
[2026-06-17T10:03:08.379+0800][3.634s][info][gc,phases   ] GC(68) Concurrent Process Non-Strong References 0.627ms
[2026-06-17T10:03:08.380+0800][3.634s][info][gc,phases   ] GC(68) Concurrent Reset Relocation Set 0.002ms
[2026-06-17T10:03:08.383+0800][3.637s][info][gc          ] Allocation Stall (main) 9.488ms
[2026-06-17T10:03:08.383+0800][3.637s][info][gc,phases   ] GC(68) Concurrent Select Relocation Set 2.234ms
[2026-06-17T10:03:08.384+0800][3.639s][info][gc,phases   ] GC(68) Pause Relocate Start 0.007ms
[2026-06-17T10:03:08.385+0800][3.640s][info][gc,phases   ] GC(68) Concurrent Relocate 0.304ms
[2026-06-17T10:03:08.386+0800][3.640s][info][gc,load     ] GC(68) Load: 0.33/0.42/0.50
[2026-06-17T10:03:08.386+0800][3.641s][info][gc,mmu      ] GC(68) MMU: 2ms/1.0%, 5ms/60.4%, 10ms/80.1%, 20ms/90.0%, 50ms/94.3%, 100ms/96.0%
[2026-06-17T10:03:08.387+0800][3.642s][info][gc,marking  ] GC(68) Mark: 1 stripe(s), 1 proactive flush(es), 1 terminate flush(es), 0 completion(s), 0 continuation(s) 
[2026-06-17T10:03:08.388+0800][3.642s][info][gc,marking  ] GC(68) Mark Stack Usage: 32M
[2026-06-17T10:03:08.388+0800][3.643s][info][gc,nmethod  ] GC(68) NMethods: 76 registered, 5 unregistered
[2026-06-17T10:03:08.389+0800][3.643s][info][gc,metaspace] GC(68) Metaspace: 0M used, 0M committed, 1088M reserved
[2026-06-17T10:03:08.389+0800][3.644s][info][gc,ref      ] GC(68) Soft: 0 encountered, 0 discovered, 0 enqueued
[2026-06-17T10:03:08.390+0800][3.645s][info][gc,ref      ] GC(68) Weak: 6 encountered, 0 discovered, 0 enqueued
[2026-06-17T10:03:08.391+0800][3.645s][info][gc,ref      ] GC(68) Final: 0 encountered, 0 discovered, 0 enqueued
[2026-06-17T10:03:08.391+0800][3.646s][info][gc,ref      ] GC(68) Phantom: 1 encountered, 0 discovered, 0 enqueued
[2026-06-17T10:03:08.392+0800][3.646s][info][gc,reloc    ] GC(68) Small Pages: 9 / 18M, Empty: 8M, Relocated: 1M, In-Place: 0
[2026-06-17T10:03:08.392+0800][3.647s][info][gc,reloc    ] GC(68) Large Pages: 23 / 46M, Empty: 0M, Relocated: 0M, In-Place: 0
[2026-06-17T10:03:08.393+0800][3.647s][info][gc,reloc    ] GC(68) Forwarding Usage: 0M
[2026-06-17T10:03:08.393+0800][3.648s][info][gc,heap     ] GC(68) Min Capacity: 64M(100%)
[2026-06-17T10:03:08.394+0800][3.649s][info][gc,heap     ] GC(68) Max Capacity: 64M(100%)
[2026-06-17T10:03:08.395+0800][3.649s][info][gc,heap     ] GC(68) Soft Max Capacity: 64M(100%)
[2026-06-17T10:03:08.395+0800][3.650s][info][gc,heap     ] GC(68)                Mark Start          Mark End        Relocate Start      Relocate End           High               Low         
[2026-06-17T10:03:08.396+0800][3.650s][info][gc,heap     ] GC(68)  Capacity:       64M (100%)         64M (100%)         64M (100%)         64M (100%)         64M (100%)         64M (100%)   
[2026-06-17T10:03:08.396+0800][3.651s][info][gc,heap     ] GC(68)      Free:        0M (0%)            0M (0%)            4M (6%)            8M (12%)           8M (12%)           0M (0%)     
[2026-06-17T10:03:08.397+0800][3.652s][info][gc,heap     ] GC(68)      Used:       64M (100%)         64M (100%)         60M (94%)          56M (88%)          64M (100%)         56M (88%)    
[2026-06-17T10:03:08.398+0800][3.652s][info][gc,heap     ] GC(68)      Live:         -                51M (80%)          51M (80%)          51M (80%)            -                  -          
[2026-06-17T10:03:08.398+0800][3.653s][info][gc,heap     ] GC(68) Allocated:         -                 0M (0%)            4M (6%)            4M (6%)             -                  -          
[2026-06-17T10:03:08.399+0800][3.653s][info][gc,heap     ] GC(68)   Garbage:         -                12M (20%)           4M (8%)            0M (1%)             -                  -          
[2026-06-17T10:03:08.399+0800][3.654s][info][gc,heap     ] GC(68) Reclaimed:         -                  -                 8M (12%)          12M (19%)            -                  -          
[2026-06-17T10:03:08.400+0800][3.655s][info][gc          ] GC(68) Garbage Collection (Allocation Rate) 64M(100%)->56M(88%)
[2026-06-17T10:03:08.407+0800][3.662s][info][gc,start    ] GC(69) Garbage Collection (Allocation Stall)
[2026-06-17T10:03:08.408+0800][3.662s][info][gc,ref      ] GC(69) Clearing All SoftReferences
[2026-06-17T10:03:08.408+0800][3.663s][info][gc,task     ] GC(69) Using 1 workers
[2026-06-17T10:03:08.409+0800][3.663s][info][gc,ref      ] GC(69) Clearing All SoftReferences
[2026-06-17T10:03:08.410+0800][3.664s][info][gc,phases   ] GC(69) Pause Mark Start 0.862ms
[2026-06-17T10:03:08.412+0800][3.666s][info][gc,phases   ] GC(69) Concurrent Mark 1.240ms
[2026-06-17T10:03:08.412+0800][3.667s][info][gc,phases   ] GC(69) Pause Mark End 0.006ms
[2026-06-17T10:03:08.413+0800][3.668s][info][gc,phases   ] GC(69) Concurrent Mark Free 0.001ms
[2026-06-17T10:03:08.414+0800][3.668s][info][gc,phases   ] GC(69) Concurrent Process Non-Strong References 0.203ms
[2026-06-17T10:03:08.414+0800][3.669s][info][gc,phases   ] GC(69) Concurrent Reset Relocation Set 0.003ms
[2026-06-17T10:03:08.417+0800][3.672s][info][gc          ] Allocation Stall (main) 10.174ms
[2026-06-17T10:03:08.417+0800][3.672s][info][gc,phases   ] GC(69) Concurrent Select Relocation Set 2.200ms
[2026-06-17T10:03:08.419+0800][3.673s][info][gc,phases   ] GC(69) Pause Relocate Start 0.008ms
[2026-06-17T10:03:08.420+0800][3.674s][info][gc,phases   ] GC(69) Concurrent Relocate 0.239ms
[2026-06-17T10:03:08.420+0800][3.675s][info][gc,load     ] GC(69) Load: 0.33/0.42/0.50
[2026-06-17T10:03:08.421+0800][3.676s][info][gc,mmu      ] GC(69) MMU: 2ms/1.0%, 5ms/60.4%, 10ms/80.1%, 20ms/90.0%, 50ms/94.3%, 100ms/96.0%
[2026-06-17T10:03:08.422+0800][3.677s][info][gc,marking  ] GC(69) Mark: 1 stripe(s), 1 proactive flush(es), 1 terminate flush(es), 0 completion(s), 0 continuation(s) 
[2026-06-17T10:03:08.423+0800][3.678s][info][gc,marking  ] GC(69) Mark Stack Usage: 32M
[2026-06-17T10:03:08.424+0800][3.678s][info][gc,nmethod  ] GC(69) NMethods: 76 registered, 5 unregistered
[2026-06-17T10:03:08.424+0800][3.679s][info][gc,metaspace] GC(69) Metaspace: 0M used, 0M committed, 1088M reserved
[2026-06-17T10:03:08.425+0800][3.680s][info][gc,ref      ] GC(69) Soft: 0 encountered, 0 discovered, 0 enqueued
[2026-06-17T10:03:08.426+0800][3.680s][info][gc,ref      ] GC(69) Weak: 6 encountered, 0 discovered, 0 enqueued
[2026-06-17T10:03:08.426+0800][3.681s][info][gc,ref      ] GC(69) Final: 0 encountered, 0 discovered, 0 enqueued
[2026-06-17T10:03:08.427+0800][3.681s][info][gc,ref      ] GC(69) Phantom: 1 encountered, 0 discovered, 0 enqueued
[2026-06-17T10:03:08.427+0800][3.682s][info][gc,reloc    ] GC(69) Small Pages: 8 / 16M, Empty: 8M, Relocated: 0M, In-Place: 0
[2026-06-17T10:03:08.428+0800][3.683s][info][gc,reloc    ] GC(69) Large Pages: 24 / 48M, Empty: 0M, Relocated: 0M, In-Place: 0
[2026-06-17T10:03:08.429+0800][3.683s][info][gc,reloc    ] GC(69) Forwarding Usage: 0M
[2026-06-17T10:03:08.429+0800][3.684s][info][gc,heap     ] GC(69) Min Capacity: 64M(100%)
[2026-06-17T10:03:08.430+0800][3.685s][info][gc,heap     ] GC(69) Max Capacity: 64M(100%)
[2026-06-17T10:03:08.431+0800][3.685s][info][gc,heap     ] GC(69) Soft Max Capacity: 64M(100%)
[2026-06-17T10:03:08.431+0800][3.686s][info][gc,heap     ] GC(69)                Mark Start          Mark End        Relocate Start      Relocate End           High               Low         
[2026-06-17T10:03:08.431+0800][3.686s][info][gc,heap     ] GC(69)  Capacity:       64M (100%)         64M (100%)         64M (100%)         64M (100%)         64M (100%)         64M (100%)   
[2026-06-17T10:03:08.432+0800][3.686s][info][gc,heap     ] GC(69)      Free:        0M (0%)            0M (0%)            2M (3%)            2M (3%)            8M (12%)           0M (0%)     
[2026-06-17T10:03:08.432+0800][3.687s][info][gc,heap     ] GC(69)      Used:       64M (100%)         64M (100%)         62M (97%)          62M (97%)          64M (100%)         56M (88%)    
[2026-06-17T10:03:08.432+0800][3.687s][info][gc,heap     ] GC(69)      Live:         -                51M (81%)          51M (81%)          51M (81%)            -                  -          
[2026-06-17T10:03:08.432+0800][3.687s][info][gc,heap     ] GC(69) Allocated:         -                 0M (0%)            6M (9%)            7M (12%)            -                  -          
[2026-06-17T10:03:08.433+0800][3.687s][info][gc,heap     ] GC(69)   Garbage:         -                12M (19%)           4M (6%)            2M (3%)             -                  -          
[2026-06-17T10:03:08.433+0800][3.688s][info][gc,heap     ] GC(69) Reclaimed:         -                  -                 8M (12%)           9M (16%)            -                  -          
[2026-06-17T10:03:08.433+0800][3.688s][info][gc          ] GC(69) Garbage Collection (Allocation Stall) 64M(100%)->62M(97%)
[2026-06-17T10:03:08.433+0800][3.688s][info][gc,start    ] GC(70) Garbage Collection (Allocation Stall)
[2026-06-17T10:03:08.434+0800][3.688s][info][gc,ref      ] GC(70) Clearing All SoftReferences
[2026-06-17T10:03:08.434+0800][3.689s][info][gc,task     ] GC(70) Using 1 workers
[2026-06-17T10:03:08.435+0800][3.689s][info][gc,ref      ] GC(70) Clearing All SoftReferences
[2026-06-17T10:03:08.435+0800][3.689s][info][gc,phases   ] GC(70) Pause Mark Start 0.235ms
[2026-06-17T10:03:08.436+0800][3.691s][info][gc,phases   ] GC(70) Concurrent Mark 1.172ms
[2026-06-17T10:03:08.437+0800][3.691s][info][gc,phases   ] GC(70) Pause Mark End 0.007ms
[2026-06-17T10:03:08.437+0800][3.691s][info][gc,phases   ] GC(70) Concurrent Mark Free 0.001ms
[2026-06-17T10:03:08.437+0800][3.692s][info][gc,phases   ] GC(70) Concurrent Process Non-Strong References 0.355ms
[2026-06-17T10:03:08.438+0800][3.692s][info][gc,phases   ] GC(70) Concurrent Reset Relocation Set 0.001ms
[2026-06-17T10:03:08.439+0800][3.693s][info][gc,phases   ] GC(70) Concurrent Select Relocation Set 1.202ms
[2026-06-17T10:03:08.439+0800][3.694s][info][gc,phases   ] GC(70) Pause Relocate Start 0.003ms
[2026-06-17T10:03:08.439+0800][3.694s][info][gc,phases   ] GC(70) Concurrent Relocate 0.038ms
[2026-06-17T10:03:08.439+0800][3.694s][info][gc,load     ] GC(70) Load: 0.33/0.42/0.50
[2026-06-17T10:03:08.439+0800][3.694s][info][gc,mmu      ] GC(70) MMU: 2ms/1.0%, 5ms/60.4%, 10ms/80.1%, 20ms/90.0%, 50ms/94.3%, 100ms/96.0%
[2026-06-17T10:03:08.440+0800][3.694s][info][gc,marking  ] GC(70) Mark: 1 stripe(s), 1 proactive flush(es), 1 terminate flush(es), 0 completion(s), 0 continuation(s) 
[2026-06-17T10:03:08.440+0800][3.694s][info][gc,marking  ] GC(70) Mark Stack Usage: 32M
[2026-06-17T10:03:08.440+0800][3.694s][info][gc,nmethod  ] GC(70) NMethods: 76 registered, 5 unregistered
[2026-06-17T10:03:08.440+0800][3.694s][info][gc,metaspace] GC(70) Metaspace: 0M used, 0M committed, 1088M reserved
[2026-06-17T10:03:08.440+0800][3.695s][info][gc,ref      ] GC(70) Soft: 0 encountered, 0 discovered, 0 enqueued
[2026-06-17T10:03:08.440+0800][3.695s][info][gc,ref      ] GC(70) Weak: 6 encountered, 0 discovered, 0 enqueued
[2026-06-17T10:03:08.440+0800][3.695s][info][gc,ref      ] GC(70) Final: 0 encountered, 0 discovered, 0 enqueued
[2026-06-17T10:03:08.440+0800][3.695s][info][gc,ref      ] GC(70) Phantom: 1 encountered, 0 discovered, 0 enqueued
[2026-06-17T10:03:08.441+0800][3.695s][info][gc,reloc    ] GC(70) Small Pages: 5 / 10M, Empty: 0M, Relocated: 0M, In-Place: 0
[2026-06-17T10:03:08.441+0800][3.695s][info][gc,reloc    ] GC(70) Large Pages: 27 / 54M, Empty: 0M, Relocated: 0M, In-Place: 0
[2026-06-17T10:03:08.441+0800][3.695s][info][gc,reloc    ] GC(70) Forwarding Usage: 0M
[2026-06-17T10:03:08.441+0800][3.695s][info][gc,heap     ] GC(70) Min Capacity: 64M(100%)
[2026-06-17T10:03:08.441+0800][3.696s][info][gc,heap     ] GC(70) Max Capacity: 64M(100%)
[2026-06-17T10:03:08.441+0800][3.696s][info][gc,heap     ] GC(70) Soft Max Capacity: 64M(100%)
[2026-06-17T10:03:08.441+0800][3.696s][info][gc,heap     ] GC(70)                Mark Start          Mark End        Relocate Start      Relocate End           High               Low         
[2026-06-17T10:03:08.441+0800][3.696s][info][gc,heap     ] GC(70)  Capacity:       64M (100%)         64M (100%)         64M (100%)         64M (100%)         64M (100%)         64M (100%)   
[2026-06-17T10:03:08.441+0800][3.696s][info][gc,heap     ] GC(70)      Free:        0M (0%)            0M (0%)            0M (0%)            0M (0%)            0M (0%)            0M (0%)     
[2026-06-17T10:03:08.441+0800][3.696s][info][gc,heap     ] GC(70)      Used:       64M (100%)         64M (100%)         64M (100%)         64M (100%)         64M (100%)         64M (100%)   
[2026-06-17T10:03:08.441+0800][3.696s][info][gc,heap     ] GC(70)      Live:         -                61M (97%)          61M (97%)          61M (97%)            -                  -          
[2026-06-17T10:03:08.442+0800][3.696s][info][gc,heap     ] GC(70) Allocated:         -                 0M (0%)            0M (0%)            0M (0%)             -                  -          
[2026-06-17T10:03:08.442+0800][3.696s][info][gc,heap     ] GC(70)   Garbage:         -                 2M (3%)            2M (3%)            2M (3%)             -                  -          
[2026-06-17T10:03:08.442+0800][3.696s][info][gc,heap     ] GC(70) Reclaimed:         -                  -                 0M (0%)            0M (0%)             -                  -          
[2026-06-17T10:03:08.442+0800][3.697s][info][gc          ] GC(70) Garbage Collection (Allocation Stall) 64M(100%)->64M(100%)
[2026-06-17T10:03:08.442+0800][3.697s][info][gc          ] Allocation Stall (main) 11.241ms
[2026-06-17T10:03:08.442+0800][3.697s][info][gc          ] Out Of Memory (main)
[2026-06-17T10:03:08.442+0800][3.697s][info][gc,start    ] GC(71) Garbage Collection (Allocation Stall)
[2026-06-17T10:03:08.442+0800][3.697s][info][gc,ref      ] GC(71) Clearing All SoftReferences
[2026-06-17T10:03:08.443+0800][3.697s][info][gc,task     ] GC(71) Using 1 workers
[2026-06-17T10:03:08.443+0800][3.697s][info][gc,ref      ] GC(71) Clearing All SoftReferences
[2026-06-17T10:03:08.443+0800][3.697s][info][gc,phases   ] GC(71) Pause Mark Start 0.077ms
[2026-06-17T10:03:08.443+0800][3.698s][info][gc,phases   ] GC(71) Concurrent Mark 0.592ms
[2026-06-17T10:03:08.444+0800][3.698s][info][gc,phases   ] GC(71) Pause Mark End 0.003ms
[2026-06-17T10:03:08.444+0800][3.698s][info][gc,phases   ] GC(71) Concurrent Mark Free 0.001ms
[2026-06-17T10:03:08.444+0800][3.699s][info][gc,phases   ] GC(71) Concurrent Process Non-Strong References 0.196ms
[2026-06-17T10:03:08.444+0800][3.699s][info][gc,phases   ] GC(71) Concurrent Reset Relocation Set 0.000ms
[2026-06-17T10:03:08.445+0800][3.700s][info][gc          ] Allocation Stall (main) 2.570ms
[2026-06-17T10:03:08.445+0800][3.700s][info][gc,phases   ] GC(71) Concurrent Select Relocation Set 0.842ms
[2026-06-17T10:03:08.445+0800][3.700s][info][gc,phases   ] GC(71) Pause Relocate Start 0.003ms
[2026-06-17T10:03:08.445+0800][3.700s][info][gc,phases   ] GC(71) Concurrent Relocate 0.129ms
[2026-06-17T10:03:08.446+0800][3.700s][info][gc,load     ] GC(71) Load: 0.33/0.42/0.50
[2026-06-17T10:03:08.446+0800][3.700s][info][gc,mmu      ] GC(71) MMU: 2ms/1.0%, 5ms/60.4%, 10ms/80.1%, 20ms/90.0%, 50ms/94.3%, 100ms/96.0%
[2026-06-17T10:03:08.446+0800][3.700s][info][gc,marking  ] GC(71) Mark: 1 stripe(s), 1 proactive flush(es), 1 terminate flush(es), 0 completion(s), 0 continuation(s) 
[2026-06-17T10:03:08.446+0800][3.700s][info][gc,marking  ] GC(71) Mark Stack Usage: 32M
[2026-06-17T10:03:08.446+0800][3.701s][info][gc,nmethod  ] GC(71) NMethods: 76 registered, 5 unregistered
[2026-06-17T10:03:08.446+0800][3.701s][info][gc,metaspace] GC(71) Metaspace: 0M used, 0M committed, 1088M reserved
[2026-06-17T10:03:08.446+0800][3.701s][info][gc,ref      ] GC(71) Soft: 0 encountered, 0 discovered, 0 enqueued
[2026-06-17T10:03:08.446+0800][3.701s][info][gc,ref      ] GC(71) Weak: 6 encountered, 0 discovered, 0 enqueued
[2026-06-17T10:03:08.446+0800][3.701s][info][gc,ref      ] GC(71) Final: 0 encountered, 0 discovered, 0 enqueued
[2026-06-17T10:03:08.447+0800][3.701s][info][gc,ref      ] GC(71) Phantom: 1 encountered, 0 discovered, 0 enqueued
[2026-06-17T10:03:08.447+0800][3.701s][info][gc,reloc    ] GC(71) Small Pages: 5 / 10M, Empty: 2M, Relocated: 1M, In-Place: 1
[2026-06-17T10:03:08.447+0800][3.701s][info][gc,reloc    ] GC(71) Large Pages: 27 / 54M, Empty: 0M, Relocated: 0M, In-Place: 0
[2026-06-17T10:03:08.447+0800][3.701s][info][gc,reloc    ] GC(71) Forwarding Usage: 0M
[2026-06-17T10:03:08.447+0800][3.702s][info][gc,heap     ] GC(71) Min Capacity: 64M(100%)
[2026-06-17T10:03:08.447+0800][3.702s][info][gc,heap     ] GC(71) Max Capacity: 64M(100%)
[2026-06-17T10:03:08.447+0800][3.702s][info][gc,heap     ] GC(71) Soft Max Capacity: 64M(100%)
[2026-06-17T10:03:08.447+0800][3.702s][info][gc,heap     ] GC(71)                Mark Start          Mark End        Relocate Start      Relocate End           High               Low         
[2026-06-17T10:03:08.447+0800][3.702s][info][gc,heap     ] GC(71)  Capacity:       64M (100%)         64M (100%)         64M (100%)         64M (100%)         64M (100%)         64M (100%)   
[2026-06-17T10:03:08.447+0800][3.702s][info][gc,heap     ] GC(71)      Free:        0M (0%)            0M (0%)            0M (0%)            2M (3%)            2M (3%)            0M (0%)     
[2026-06-17T10:03:08.447+0800][3.702s][info][gc,heap     ] GC(71)      Used:       64M (100%)         64M (100%)         64M (100%)         62M (97%)          64M (100%)         62M (97%)    
[2026-06-17T10:03:08.447+0800][3.702s][info][gc,heap     ] GC(71)      Live:         -                58M (92%)          58M (92%)          58M (92%)            -                  -          
[2026-06-17T10:03:08.448+0800][3.702s][info][gc,heap     ] GC(71) Allocated:         -                 0M (0%)            2M (3%)            1M (2%)             -                  -          
[2026-06-17T10:03:08.448+0800][3.702s][info][gc,heap     ] GC(71)   Garbage:         -                 5M (8%)            3M (5%)            1M (3%)             -                  -          
[2026-06-17T10:03:08.448+0800][3.702s][info][gc,heap     ] GC(71) Reclaimed:         -                  -                 2M (3%)            3M (5%)             -                  -          
[2026-06-17T10:03:08.448+0800][3.702s][info][gc          ] GC(71) Garbage Collection (Allocation Stall) 64M(100%)->62M(97%)
[2026-06-17T10:03:08.472+0800][3.727s][info][gc,start    ] GC(72) Garbage Collection (Allocation Rate)
[2026-06-17T10:03:08.473+0800][3.727s][info][gc,task     ] GC(72) Using 1 workers
[2026-06-17T10:03:08.473+0800][3.728s][info][gc,phases   ] GC(72) Pause Mark Start 0.012ms
[2026-06-17T10:03:08.475+0800][3.730s][info][gc,phases   ] GC(72) Concurrent Mark 1.715ms
[2026-06-17T10:03:08.476+0800][3.730s][info][gc,phases   ] GC(72) Pause Mark End 0.011ms
[2026-06-17T10:03:08.476+0800][3.731s][info][gc,phases   ] GC(72) Concurrent Mark Free 0.001ms
[2026-06-17T10:03:08.477+0800][3.732s][info][gc,phases   ] GC(72) Concurrent Process Non-Strong References 0.748ms
[2026-06-17T10:03:08.477+0800][3.732s][info][gc,phases   ] GC(72) Concurrent Reset Relocation Set 0.002ms
[2026-06-17T10:03:08.479+0800][3.734s][info][gc,phases   ] GC(72) Concurrent Select Relocation Set 1.811ms
[2026-06-17T10:03:08.479+0800][3.734s][info][gc,phases   ] GC(72) Pause Relocate Start 0.005ms
[2026-06-17T10:03:08.480+0800][3.735s][info][gc,phases   ] GC(72) Concurrent Relocate 0.520ms
[2026-06-17T10:03:08.480+0800][3.735s][info][gc,load     ] GC(72) Load: 0.33/0.42/0.50
[2026-06-17T10:03:08.481+0800][3.735s][info][gc,mmu      ] GC(72) MMU: 2ms/1.0%, 5ms/60.4%, 10ms/80.1%, 20ms/90.0%, 50ms/94.3%, 100ms/96.0%
[2026-06-17T10:03:08.481+0800][3.735s][info][gc,marking  ] GC(72) Mark: 1 stripe(s), 1 proactive flush(es), 1 terminate flush(es), 0 completion(s), 0 continuation(s) 
[2026-06-17T10:03:08.481+0800][3.735s][info][gc,marking  ] GC(72) Mark Stack Usage: 32M
[2026-06-17T10:03:08.481+0800][3.736s][info][gc,nmethod  ] GC(72) NMethods: 76 registered, 5 unregistered
[2026-06-17T10:03:08.481+0800][3.736s][info][gc,metaspace] GC(72) Metaspace: 0M used, 0M committed, 1088M reserved
[2026-06-17T10:03:08.481+0800][3.736s][info][gc,ref      ] GC(72) Soft: 0 encountered, 0 discovered, 0 enqueued
[2026-06-17T10:03:08.481+0800][3.736s][info][gc,ref      ] GC(72) Weak: 6 encountered, 0 discovered, 0 enqueued
[2026-06-17T10:03:08.482+0800][3.736s][info][gc,ref      ] GC(72) Final: 0 encountered, 0 discovered, 0 enqueued
[2026-06-17T10:03:08.482+0800][3.736s][info][gc,ref      ] GC(72) Phantom: 1 encountered, 0 discovered, 0 enqueued
[2026-06-17T10:03:08.482+0800][3.737s][info][gc,reloc    ] GC(72) Small Pages: 4 / 8M, Empty: 0M, Relocated: 1M, In-Place: 0
[2026-06-17T10:03:08.482+0800][3.737s][info][gc,reloc    ] GC(72) Large Pages: 27 / 54M, Empty: 38M, Relocated: 0M, In-Place: 0
[2026-06-17T10:03:08.482+0800][3.737s][info][gc,reloc    ] GC(72) Forwarding Usage: 0M
[2026-06-17T10:03:08.483+0800][3.737s][info][gc,heap     ] GC(72) Min Capacity: 64M(100%)
[2026-06-17T10:03:08.483+0800][3.737s][info][gc,heap     ] GC(72) Max Capacity: 64M(100%)
[2026-06-17T10:03:08.483+0800][3.738s][info][gc,heap     ] GC(72) Soft Max Capacity: 64M(100%)
[2026-06-17T10:03:08.483+0800][3.738s][info][gc,heap     ] GC(72)                Mark Start          Mark End        Relocate Start      Relocate End           High               Low         
[2026-06-17T10:03:08.483+0800][3.738s][info][gc,heap     ] GC(72)  Capacity:       64M (100%)         64M (100%)         64M (100%)         64M (100%)         64M (100%)         64M (100%)   
[2026-06-17T10:03:08.483+0800][3.738s][info][gc,heap     ] GC(72)      Free:        2M (3%)            2M (3%)           40M (62%)          44M (69%)          44M (69%)           2M (3%)     
[2026-06-17T10:03:08.484+0800][3.738s][info][gc,heap     ] GC(72)      Used:       62M (97%)          62M (97%)          24M (38%)          20M (31%)          62M (97%)          20M (31%)    
[2026-06-17T10:03:08.484+0800][3.738s][info][gc,heap     ] GC(72)      Live:         -                18M (29%)          18M (29%)          18M (29%)            -                  -          
[2026-06-17T10:03:08.484+0800][3.738s][info][gc,heap     ] GC(72) Allocated:         -                 0M (0%)            0M (0%)            0M (0%)             -                  -          
[2026-06-17T10:03:08.484+0800][3.738s][info][gc,heap     ] GC(72)   Garbage:         -                43M (68%)           5M (9%)            1M (3%)             -                  -          
[2026-06-17T10:03:08.484+0800][3.739s][info][gc,heap     ] GC(72) Reclaimed:         -                  -                38M (59%)          42M (66%)            -                  -          
[2026-06-17T10:03:08.484+0800][3.739s][info][gc          ] GC(72) Garbage Collection (Allocation Rate) 62M(97%)->20M(31%)
[2026-06-17T10:03:08.673+0800][3.927s][info][gc,start    ] GC(73) Garbage Collection (Allocation Rate)
[2026-06-17T10:03:08.674+0800][3.928s][info][gc,task     ] GC(73) Using 1 workers
[2026-06-17T10:03:08.674+0800][3.929s][info][gc,phases   ] GC(73) Pause Mark Start 0.012ms
[2026-06-17T10:03:08.677+0800][3.931s][info][gc,phases   ] GC(73) Concurrent Mark 1.742ms
[2026-06-17T10:03:08.677+0800][3.932s][info][gc,phases   ] GC(73) Pause Mark End 0.009ms
[2026-06-17T10:03:08.677+0800][3.932s][info][gc,phases   ] GC(73) Concurrent Mark Free 0.001ms
[2026-06-17T10:03:08.678+0800][3.933s][info][gc,phases   ] GC(73) Concurrent Process Non-Strong References 0.555ms
[2026-06-17T10:03:08.678+0800][3.933s][info][gc,phases   ] GC(73) Concurrent Reset Relocation Set 0.001ms
[2026-06-17T10:03:08.680+0800][3.935s][info][gc,phases   ] GC(73) Concurrent Select Relocation Set 1.219ms
[2026-06-17T10:03:08.680+0800][3.935s][info][gc,phases   ] GC(73) Pause Relocate Start 0.004ms
[2026-06-17T10:03:08.681+0800][3.935s][info][gc,phases   ] GC(73) Concurrent Relocate 0.243ms
[2026-06-17T10:03:08.681+0800][3.936s][info][gc,load     ] GC(73) Load: 0.33/0.42/0.50
[2026-06-17T10:03:08.681+0800][3.936s][info][gc,mmu      ] GC(73) MMU: 2ms/1.0%, 5ms/60.4%, 10ms/80.1%, 20ms/90.0%, 50ms/94.3%, 100ms/96.0%
[2026-06-17T10:03:08.681+0800][3.936s][info][gc,marking  ] GC(73) Mark: 1 stripe(s), 1 proactive flush(es), 1 terminate flush(es), 0 completion(s), 0 continuation(s) 
[2026-06-17T10:03:08.682+0800][3.936s][info][gc,marking  ] GC(73) Mark Stack Usage: 32M
[2026-06-17T10:03:08.682+0800][3.936s][info][gc,nmethod  ] GC(73) NMethods: 76 registered, 5 unregistered
[2026-06-17T10:03:08.682+0800][3.936s][info][gc,metaspace] GC(73) Metaspace: 0M used, 0M committed, 1088M reserved
[2026-06-17T10:03:08.682+0800][3.937s][info][gc,ref      ] GC(73) Soft: 0 encountered, 0 discovered, 0 enqueued
[2026-06-17T10:03:08.682+0800][3.937s][info][gc,ref      ] GC(73) Weak: 6 encountered, 0 discovered, 0 enqueued
[2026-06-17T10:03:08.682+0800][3.937s][info][gc,ref      ] GC(73) Final: 0 encountered, 0 discovered, 0 enqueued
[2026-06-17T10:03:08.682+0800][3.937s][info][gc,ref      ] GC(73) Phantom: 1 encountered, 0 discovered, 0 enqueued
[2026-06-17T10:03:08.682+0800][3.937s][info][gc,reloc    ] GC(73) Small Pages: 6 / 12M, Empty: 6M, Relocated: 1M, In-Place: 0
[2026-06-17T10:03:08.683+0800][3.937s][info][gc,reloc    ] GC(73) Large Pages: 12 / 24M, Empty: 0M, Relocated: 0M, In-Place: 0
[2026-06-17T10:03:08.683+0800][3.937s][info][gc,reloc    ] GC(73) Forwarding Usage: 0M
[2026-06-17T10:03:08.683+0800][3.937s][info][gc,heap     ] GC(73) Min Capacity: 64M(100%)
[2026-06-17T10:03:08.683+0800][3.938s][info][gc,heap     ] GC(73) Max Capacity: 64M(100%)
[2026-06-17T10:03:08.683+0800][3.938s][info][gc,heap     ] GC(73) Soft Max Capacity: 64M(100%)
[2026-06-17T10:03:08.683+0800][3.938s][info][gc,heap     ] GC(73)                Mark Start          Mark End        Relocate Start      Relocate End           High               Low         
[2026-06-17T10:03:08.683+0800][3.938s][info][gc,heap     ] GC(73)  Capacity:       64M (100%)         64M (100%)         64M (100%)         64M (100%)         64M (100%)         64M (100%)   
[2026-06-17T10:03:08.683+0800][3.938s][info][gc,heap     ] GC(73)      Free:       28M (44%)          28M (44%)          30M (47%)          32M (50%)          34M (53%)          28M (44%)    
[2026-06-17T10:03:08.684+0800][3.938s][info][gc,heap     ] GC(73)      Used:       36M (56%)          36M (56%)          34M (53%)          32M (50%)          36M (56%)          30M (47%)    
[2026-06-17T10:03:08.684+0800][3.938s][info][gc,heap     ] GC(73)      Live:         -                26M (42%)          26M (42%)          26M (42%)            -                  -          
[2026-06-17T10:03:08.684+0800][3.938s][info][gc,heap     ] GC(73) Allocated:         -                 0M (0%)            4M (6%)            4M (6%)             -                  -          
[2026-06-17T10:03:08.684+0800][3.938s][info][gc,heap     ] GC(73)   Garbage:         -                 9M (14%)           3M (5%)            1M (2%)             -                  -          
[2026-06-17T10:03:08.684+0800][3.938s][info][gc,heap     ] GC(73) Reclaimed:         -                  -                 6M (9%)            8M (12%)            -                  -          
[2026-06-17T10:03:08.684+0800][3.938s][info][gc          ] GC(73) Garbage Collection (Allocation Rate) 36M(56%)->32M(50%)
[2026-06-17T10:03:08.740+0800][3.995s][info][gc,start    ] GC(74) Garbage Collection (Allocation Stall)
[2026-06-17T10:03:08.749+0800][4.004s][info][gc,ref      ] GC(74) Clearing All SoftReferences
[2026-06-17T10:03:08.750+0800][4.005s][info][gc,task     ] GC(74) Using 1 workers
[2026-06-17T10:03:08.798+0800][4.053s][info][gc,ref      ] GC(74) Clearing All SoftReferences
[2026-06-17T10:03:08.799+0800][4.053s][info][gc,phases   ] GC(74) Pause Mark Start 0.339ms
[2026-06-17T10:03:08.800+0800][4.055s][info][gc,phases   ] GC(74) Concurrent Mark 1.114ms
[2026-06-17T10:03:08.856+0800][4.110s][info][gc,phases   ] GC(74) Pause Mark End 0.014ms
[2026-06-17T10:03:08.856+0800][4.111s][info][gc,phases   ] GC(74) Concurrent Mark Free 0.001ms
[2026-06-17T10:03:08.858+0800][4.113s][info][gc,phases   ] GC(74) Concurrent Process Non-Strong References 1.242ms
[2026-06-17T10:03:08.859+0800][4.113s][info][gc,phases   ] GC(74) Concurrent Reset Relocation Set 0.001ms
[2026-06-17T10:03:08.860+0800][4.115s][info][gc,phases   ] GC(74) Concurrent Select Relocation Set 0.731ms
[2026-06-17T10:03:08.860+0800][4.115s][info][gc          ] Allocation Stall (main) 120.110ms
[2026-06-17T10:03:08.863+0800][4.118s][info][gc,phases   ] GC(74) Pause Relocate Start 0.010ms
[2026-06-17T10:03:08.865+0800][4.119s][info][gc,phases   ] GC(74) Concurrent Relocate 0.653ms
[2026-06-17T10:03:08.865+0800][4.120s][info][gc,load     ] GC(74) Load: 0.33/0.42/0.50
[2026-06-17T10:03:08.866+0800][4.120s][info][gc,mmu      ] GC(74) MMU: 2ms/1.0%, 5ms/60.4%, 10ms/80.1%, 20ms/90.0%, 50ms/94.3%, 100ms/96.0%
[2026-06-17T10:03:08.875+0800][4.129s][info][gc,marking  ] GC(74) Mark: 1 stripe(s), 1 proactive flush(es), 1 terminate flush(es), 0 completion(s), 0 continuation(s) 
[2026-06-17T10:03:08.875+0800][4.130s][info][gc,marking  ] GC(74) Mark Stack Usage: 32M
[2026-06-17T10:03:08.879+0800][4.134s][info][gc,nmethod  ] GC(74) NMethods: 76 registered, 5 unregistered
[2026-06-17T10:03:08.880+0800][4.135s][info][gc,metaspace] GC(74) Metaspace: 0M used, 0M committed, 1088M reserved
[2026-06-17T10:03:08.882+0800][4.137s][info][gc,ref      ] GC(74) Soft: 0 encountered, 0 discovered, 0 enqueued
[2026-06-17T10:03:08.883+0800][4.137s][info][gc,ref      ] GC(74) Weak: 6 encountered, 0 discovered, 0 enqueued
[2026-06-17T10:03:08.883+0800][4.138s][info][gc,ref      ] GC(74) Final: 0 encountered, 0 discovered, 0 enqueued
[2026-06-17T10:03:08.886+0800][4.140s][info][gc,ref      ] GC(74) Phantom: 1 encountered, 0 discovered, 0 enqueued
[2026-06-17T10:03:08.886+0800][4.141s][info][gc,reloc    ] GC(74) Small Pages: 13 / 26M, Empty: 18M, Relocated: 1M, In-Place: 0
[2026-06-17T10:03:08.891+0800][4.145s][info][gc,reloc    ] GC(74) Large Pages: 19 / 38M, Empty: 0M, Relocated: 0M, In-Place: 0
[2026-06-17T10:03:08.891+0800][4.146s][info][gc,reloc    ] GC(74) Forwarding Usage: 0M
[2026-06-17T10:03:08.892+0800][4.146s][info][gc,heap     ] GC(74) Min Capacity: 64M(100%)
[2026-06-17T10:03:08.894+0800][4.149s][info][gc,heap     ] GC(74) Max Capacity: 64M(100%)
[2026-06-17T10:03:08.895+0800][4.150s][info][gc,heap     ] GC(74) Soft Max Capacity: 64M(100%)
[2026-06-17T10:03:08.895+0800][4.150s][info][gc,heap     ] GC(74)                Mark Start          Mark End        Relocate Start      Relocate End           High               Low         
[2026-06-17T10:03:08.896+0800][4.150s][info][gc,heap     ] GC(74)  Capacity:       64M (100%)         64M (100%)         64M (100%)         64M (100%)         64M (100%)         64M (100%)   
[2026-06-17T10:03:08.896+0800][4.151s][info][gc,heap     ] GC(74)      Free:        0M (0%)            0M (0%)           16M (25%)          14M (22%)          18M (28%)           0M (0%)     
[2026-06-17T10:03:08.896+0800][4.151s][info][gc,heap     ] GC(74)      Used:       64M (100%)         64M (100%)         48M (75%)          50M (78%)          64M (100%)         46M (72%)    
[2026-06-17T10:03:08.897+0800][4.151s][info][gc,heap     ] GC(74)      Live:         -                42M (66%)          42M (66%)          42M (66%)            -                  -          
[2026-06-17T10:03:08.897+0800][4.152s][info][gc,heap     ] GC(74) Allocated:         -                 0M (0%)            2M (3%)            5M (9%)             -                  -          
[2026-06-17T10:03:08.897+0800][4.152s][info][gc,heap     ] GC(74)   Garbage:         -                21M (34%)           3M (6%)            1M (3%)             -                  -          
[2026-06-17T10:03:08.898+0800][4.152s][info][gc,heap     ] GC(74) Reclaimed:         -                  -                18M (28%)          19M (31%)            -                  -          
[2026-06-17T10:03:08.898+0800][4.152s][info][gc          ] GC(74) Garbage Collection (Allocation Stall) 64M(100%)->50M(78%)
[2026-06-17T10:03:08.907+0800][4.162s][info][gc,start    ] GC(75) Garbage Collection (Allocation Stall)
[2026-06-17T10:03:08.908+0800][4.162s][info][gc,ref      ] GC(75) Clearing All SoftReferences
[2026-06-17T10:03:08.908+0800][4.163s][info][gc,task     ] GC(75) Using 1 workers
[2026-06-17T10:03:08.908+0800][4.163s][info][gc,ref      ] GC(75) Clearing All SoftReferences
[2026-06-17T10:03:08.909+0800][4.163s][info][gc,phases   ] GC(75) Pause Mark Start 0.182ms
[2026-06-17T10:03:08.910+0800][4.164s][info][gc,phases   ] GC(75) Concurrent Mark 1.017ms
[2026-06-17T10:03:08.910+0800][4.165s][info][gc,phases   ] GC(75) Pause Mark End 0.007ms
[2026-06-17T10:03:08.910+0800][4.165s][info][gc,phases   ] GC(75) Concurrent Mark Free 0.001ms
[2026-06-17T10:03:08.911+0800][4.165s][info][gc,phases   ] GC(75) Concurrent Process Non-Strong References 0.386ms
[2026-06-17T10:03:08.911+0800][4.165s][info][gc,phases   ] GC(75) Concurrent Reset Relocation Set 0.001ms
[2026-06-17T10:03:08.912+0800][4.166s][info][gc          ] Allocation Stall (main) 4.713ms
[2026-06-17T10:03:08.912+0800][4.167s][info][gc,phases   ] GC(75) Concurrent Select Relocation Set 0.927ms
[2026-06-17T10:03:08.912+0800][4.167s][info][gc,phases   ] GC(75) Pause Relocate Start 0.003ms
[2026-06-17T10:03:08.913+0800][4.167s][info][gc,phases   ] GC(75) Concurrent Relocate 0.319ms
[2026-06-17T10:03:08.913+0800][4.167s][info][gc,load     ] GC(75) Load: 0.33/0.42/0.50
[2026-06-17T10:03:08.913+0800][4.168s][info][gc,mmu      ] GC(75) MMU: 2ms/1.0%, 5ms/60.4%, 10ms/80.1%, 20ms/90.0%, 50ms/94.3%, 100ms/96.0%
[2026-06-17T10:03:08.913+0800][4.168s][info][gc,marking  ] GC(75) Mark: 1 stripe(s), 1 proactive flush(es), 1 terminate flush(es), 0 completion(s), 0 continuation(s) 
[2026-06-17T10:03:08.913+0800][4.168s][info][gc,marking  ] GC(75) Mark Stack Usage: 32M
[2026-06-17T10:03:08.913+0800][4.168s][info][gc,nmethod  ] GC(75) NMethods: 76 registered, 5 unregistered
[2026-06-17T10:03:08.913+0800][4.168s][info][gc,metaspace] GC(75) Metaspace: 0M used, 0M committed, 1088M reserved
[2026-06-17T10:03:08.913+0800][4.168s][info][gc,ref      ] GC(75) Soft: 0 encountered, 0 discovered, 0 enqueued
[2026-06-17T10:03:08.914+0800][4.168s][info][gc,ref      ] GC(75) Weak: 6 encountered, 0 discovered, 0 enqueued
[2026-06-17T10:03:08.914+0800][4.168s][info][gc,ref      ] GC(75) Final: 0 encountered, 0 discovered, 0 enqueued
[2026-06-17T10:03:08.914+0800][4.168s][info][gc,ref      ] GC(75) Phantom: 1 encountered, 0 discovered, 0 enqueued
[2026-06-17T10:03:08.914+0800][4.168s][info][gc,reloc    ] GC(75) Small Pages: 9 / 18M, Empty: 8M, Relocated: 1M, In-Place: 0
[2026-06-17T10:03:08.914+0800][4.168s][info][gc,reloc    ] GC(75) Large Pages: 23 / 46M, Empty: 0M, Relocated: 0M, In-Place: 0
[2026-06-17T10:03:08.914+0800][4.169s][info][gc,reloc    ] GC(75) Forwarding Usage: 0M
[2026-06-17T10:03:08.914+0800][4.169s][info][gc,heap     ] GC(75) Min Capacity: 64M(100%)
[2026-06-17T10:03:08.914+0800][4.169s][info][gc,heap     ] GC(75) Max Capacity: 64M(100%)
[2026-06-17T10:03:08.914+0800][4.169s][info][gc,heap     ] GC(75) Soft Max Capacity: 64M(100%)
[2026-06-17T10:03:08.914+0800][4.169s][info][gc,heap     ] GC(75)                Mark Start          Mark End        Relocate Start      Relocate End           High               Low         
[2026-06-17T10:03:08.914+0800][4.169s][info][gc,heap     ] GC(75)  Capacity:       64M (100%)         64M (100%)         64M (100%)         64M (100%)         64M (100%)         64M (100%)   
[2026-06-17T10:03:08.915+0800][4.169s][info][gc,heap     ] GC(75)      Free:        0M (0%)            0M (0%)            4M (6%)            6M (9%)            8M (12%)           0M (0%)     
[2026-06-17T10:03:08.916+0800][4.170s][info][gc,heap     ] GC(75)      Used:       64M (100%)         64M (100%)         60M (94%)          58M (91%)          64M (100%)         56M (88%)    
[2026-06-17T10:03:08.917+0800][4.171s][info][gc,heap     ] GC(75)      Live:         -                51M (81%)          51M (81%)          51M (81%)            -                  -          
[2026-06-17T10:03:08.917+0800][4.171s][info][gc,heap     ] GC(75) Allocated:         -                 0M (0%)            4M (6%)            3M (6%)             -                  -          
[2026-06-17T10:03:08.917+0800][4.172s][info][gc,heap     ] GC(75)   Garbage:         -                12M (19%)           4M (7%)            2M (3%)             -                  -          
[2026-06-17T10:03:08.917+0800][4.172s][info][gc,heap     ] GC(75) Reclaimed:         -                  -                 8M (12%)           9M (16%)            -                  -          
[2026-06-17T10:03:08.917+0800][4.172s][info][gc          ] GC(75) Garbage Collection (Allocation Stall) 64M(100%)->58M(91%)
[2026-06-17T10:03:08.933+0800][4.188s][info][gc,start    ] GC(76) Garbage Collection (Allocation Stall)
[2026-06-17T10:03:08.934+0800][4.189s][info][gc,ref      ] GC(76) Clearing All SoftReferences
[2026-06-17T10:03:08.935+0800][4.190s][info][gc,task     ] GC(76) Using 1 workers
[2026-06-17T10:03:08.936+0800][4.191s][info][gc,ref      ] GC(76) Clearing All SoftReferences
[2026-06-17T10:03:08.938+0800][4.193s][info][gc,phases   ] GC(76) Pause Mark Start 1.848ms
[2026-06-17T10:03:08.943+0800][4.198s][info][gc,phases   ] GC(76) Concurrent Mark 2.675ms
[2026-06-17T10:03:08.944+0800][4.199s][info][gc,phases   ] GC(76) Pause Mark End 0.011ms
[2026-06-17T10:03:08.946+0800][4.200s][info][gc,phases   ] GC(76) Concurrent Mark Free 0.001ms
[2026-06-17T10:03:08.947+0800][4.202s][info][gc,phases   ] GC(76) Concurrent Process Non-Strong References 0.410ms
[2026-06-17T10:03:08.949+0800][4.204s][info][gc,phases   ] GC(76) Concurrent Reset Relocation Set 0.001ms
[2026-06-17T10:03:08.953+0800][4.208s][info][gc          ] Allocation Stall (main) 19.765ms
[2026-06-17T10:03:08.953+0800][4.208s][info][gc,phases   ] GC(76) Concurrent Select Relocation Set 1.836ms
[2026-06-17T10:03:08.957+0800][4.212s][info][gc,phases   ] GC(76) Pause Relocate Start 0.009ms
[2026-06-17T10:03:08.959+0800][4.213s][info][gc          ] Allocation Stall (main) 1.486ms
[2026-06-17T10:03:08.960+0800][4.214s][info][gc,phases   ] GC(76) Concurrent Relocate 1.307ms
[2026-06-17T10:03:08.962+0800][4.216s][info][gc,load     ] GC(76) Load: 0.33/0.42/0.50
[2026-06-17T10:03:08.963+0800][4.217s][info][gc,mmu      ] GC(76) MMU: 2ms/1.0%, 5ms/60.4%, 10ms/80.1%, 20ms/90.0%, 50ms/94.3%, 100ms/96.0%
[2026-06-17T10:03:08.963+0800][4.217s][info][gc,marking  ] GC(76) Mark: 1 stripe(s), 1 proactive flush(es), 1 terminate flush(es), 0 completion(s), 0 continuation(s) 
[2026-06-17T10:03:08.964+0800][4.219s][info][gc,marking  ] GC(76) Mark Stack Usage: 32M
[2026-06-17T10:03:08.965+0800][4.219s][info][gc,nmethod  ] GC(76) NMethods: 76 registered, 5 unregistered
[2026-06-17T10:03:08.967+0800][4.221s][info][gc,metaspace] GC(76) Metaspace: 0M used, 0M committed, 1088M reserved
[2026-06-17T10:03:08.968+0800][4.223s][info][gc,ref      ] GC(76) Soft: 0 encountered, 0 discovered, 0 enqueued
[2026-06-17T10:03:08.969+0800][4.224s][info][gc,ref      ] GC(76) Weak: 6 encountered, 0 discovered, 0 enqueued
[2026-06-17T10:03:08.970+0800][4.225s][info][gc,ref      ] GC(76) Final: 0 encountered, 0 discovered, 0 enqueued
[2026-06-17T10:03:08.972+0800][4.227s][info][gc,ref      ] GC(76) Phantom: 1 encountered, 0 discovered, 0 enqueued
[2026-06-17T10:03:08.973+0800][4.227s][info][gc,reloc    ] GC(76) Small Pages: 9 / 18M, Empty: 4M, Relocated: 4M, In-Place: 2
[2026-06-17T10:03:08.975+0800][4.230s][info][gc,reloc    ] GC(76) Large Pages: 23 / 46M, Empty: 0M, Relocated: 0M, In-Place: 0
[2026-06-17T10:03:08.977+0800][4.232s][info][gc,reloc    ] GC(76) Forwarding Usage: 0M
[2026-06-17T10:03:08.979+0800][4.234s][info][gc,heap     ] GC(76) Min Capacity: 64M(100%)
[2026-06-17T10:03:08.980+0800][4.234s][info][gc,heap     ] GC(76) Max Capacity: 64M(100%)
[2026-06-17T10:03:08.982+0800][4.236s][info][gc,heap     ] GC(76) Soft Max Capacity: 64M(100%)
[2026-06-17T10:03:08.983+0800][4.237s][info][gc,heap     ] GC(76)                Mark Start          Mark End        Relocate Start      Relocate End           High               Low         
[2026-06-17T10:03:08.984+0800][4.239s][info][gc,heap     ] GC(76)  Capacity:       64M (100%)         64M (100%)         64M (100%)         64M (100%)         64M (100%)         64M (100%)   
[2026-06-17T10:03:08.987+0800][4.241s][info][gc,heap     ] GC(76)      Free:        0M (0%)            0M (0%)            0M (0%)            2M (3%)            4M (6%)            0M (0%)     
[2026-06-17T10:03:08.988+0800][4.242s][info][gc,heap     ] GC(76)      Used:       64M (100%)         64M (100%)         64M (100%)         62M (97%)          64M (100%)         60M (94%)    
[2026-06-17T10:03:08.989+0800][4.244s][info][gc,heap     ] GC(76)      Live:         -                54M (85%)          54M (85%)          54M (85%)            -                  -          
[2026-06-17T10:03:08.991+0800][4.245s][info][gc,heap     ] GC(76) Allocated:         -                 0M (0%)            4M (6%)            5M (9%)             -                  -          
[2026-06-17T10:03:08.991+0800][4.246s][info][gc,heap     ] GC(76)   Garbage:         -                 9M (15%)           5M (8%)            1M (2%)             -                  -          
[2026-06-17T10:03:08.994+0800][4.249s][info][gc,heap     ] GC(76) Reclaimed:         -                  -                 4M (6%)            7M (12%)            -                  -          
[2026-06-17T10:03:08.995+0800][4.250s][info][gc          ] GC(76) Garbage Collection (Allocation Stall) 64M(100%)->62M(97%)
[2026-06-17T10:03:08.996+0800][4.251s][info][gc,start    ] GC(77) Garbage Collection (Allocation Stall)
[2026-06-17T10:03:08.997+0800][4.252s][info][gc,ref      ] GC(77) Clearing All SoftReferences
[2026-06-17T10:03:09.000+0800][4.254s][info][gc,task     ] GC(77) Using 1 workers
[2026-06-17T10:03:09.001+0800][4.256s][info][gc,ref      ] GC(77) Clearing All SoftReferences
[2026-06-17T10:03:09.003+0800][4.257s][info][gc,phases   ] GC(77) Pause Mark Start 1.358ms
[2026-06-17T10:03:09.007+0800][4.261s][info][gc,phases   ] GC(77) Concurrent Mark 2.477ms
[2026-06-17T10:03:09.008+0800][4.263s][info][gc,phases   ] GC(77) Pause Mark End 0.014ms
[2026-06-17T10:03:09.009+0800][4.264s][info][gc,phases   ] GC(77) Concurrent Mark Free 0.002ms
[2026-06-17T10:03:09.011+0800][4.266s][info][gc,phases   ] GC(77) Concurrent Process Non-Strong References 0.810ms
[2026-06-17T10:03:09.013+0800][4.268s][info][gc,phases   ] GC(77) Concurrent Reset Relocation Set 0.002ms
[2026-06-17T10:03:09.018+0800][4.273s][info][gc          ] Allocation Stall (main) 58.196ms
[2026-06-17T10:03:09.018+0800][4.273s][info][gc,phases   ] GC(77) Concurrent Select Relocation Set 1.564ms
[2026-06-17T10:03:09.020+0800][4.275s][info][gc,phases   ] GC(77) Pause Relocate Start 0.006ms
[2026-06-17T10:03:09.021+0800][4.275s][info][gc          ] Allocation Stall (main) 1.550ms
[2026-06-17T10:03:09.021+0800][4.275s][info][gc,phases   ] GC(77) Concurrent Relocate 0.197ms
[2026-06-17T10:03:09.029+0800][4.283s][info][gc,load     ] GC(77) Load: 0.33/0.42/0.50
[2026-06-17T10:03:09.029+0800][4.284s][info][gc,mmu      ] GC(77) MMU: 2ms/1.0%, 5ms/60.4%, 10ms/80.1%, 20ms/90.0%, 50ms/94.3%, 100ms/96.0%
[2026-06-17T10:03:09.031+0800][4.285s][info][gc,marking  ] GC(77) Mark: 1 stripe(s), 1 proactive flush(es), 1 terminate flush(es), 0 completion(s), 0 continuation(s) 
[2026-06-17T10:03:09.033+0800][4.287s][info][gc,marking  ] GC(77) Mark Stack Usage: 32M
[2026-06-17T10:03:09.034+0800][4.289s][info][gc,nmethod  ] GC(77) NMethods: 76 registered, 5 unregistered
[2026-06-17T10:03:09.035+0800][4.290s][info][gc,metaspace] GC(77) Metaspace: 0M used, 0M committed, 1088M reserved
[2026-06-17T10:03:09.035+0800][4.290s][info][gc,ref      ] GC(77) Soft: 0 encountered, 0 discovered, 0 enqueued
[2026-06-17T10:03:09.036+0800][4.291s][info][gc,ref      ] GC(77) Weak: 6 encountered, 0 discovered, 0 enqueued
[2026-06-17T10:03:09.036+0800][4.291s][info][gc,ref      ] GC(77) Final: 0 encountered, 0 discovered, 0 enqueued
[2026-06-17T10:03:09.037+0800][4.291s][info][gc,ref      ] GC(77) Phantom: 1 encountered, 0 discovered, 0 enqueued
[2026-06-17T10:03:09.037+0800][4.292s][info][gc,reloc    ] GC(77) Small Pages: 6 / 12M, Empty: 2M, Relocated: 1M, In-Place: 1
[2026-06-17T10:03:09.037+0800][4.292s][info][gc,reloc    ] GC(77) Large Pages: 26 / 52M, Empty: 0M, Relocated: 0M, In-Place: 0
[2026-06-17T10:03:09.038+0800][4.292s][info][gc,reloc    ] GC(77) Forwarding Usage: 0M
[2026-06-17T10:03:09.038+0800][4.293s][info][gc,heap     ] GC(77) Min Capacity: 64M(100%)
[2026-06-17T10:03:09.039+0800][4.293s][info][gc,heap     ] GC(77) Max Capacity: 64M(100%)
[2026-06-17T10:03:09.039+0800][4.293s][info][gc,heap     ] GC(77) Soft Max Capacity: 64M(100%)
[2026-06-17T10:03:09.039+0800][4.294s][info][gc,heap     ] GC(77)                Mark Start          Mark End        Relocate Start      Relocate End           High               Low         
[2026-06-17T10:03:09.040+0800][4.294s][info][gc,heap     ] GC(77)  Capacity:       64M (100%)         64M (100%)         64M (100%)         64M (100%)         64M (100%)         64M (100%)   
[2026-06-17T10:03:09.040+0800][4.295s][info][gc,heap     ] GC(77)      Free:        0M (0%)            0M (0%)            0M (0%)            0M (0%)            2M (3%)            0M (0%)     
[2026-06-17T10:03:09.041+0800][4.295s][info][gc,heap     ] GC(77)      Used:       64M (100%)         64M (100%)         64M (100%)         64M (100%)         64M (100%)         62M (97%)    
[2026-06-17T10:03:09.041+0800][4.295s][info][gc,heap     ] GC(77)      Live:         -                58M (91%)          58M (91%)          58M (91%)            -                  -          
[2026-06-17T10:03:09.041+0800][4.296s][info][gc,heap     ] GC(77) Allocated:         -                 0M (0%)            2M (3%)            4M (6%)             -                  -          
[2026-06-17T10:03:09.041+0800][4.296s][info][gc,heap     ] GC(77)   Garbage:         -                 5M (9%)            3M (6%)            1M (3%)             -                  -          
[2026-06-17T10:03:09.042+0800][4.296s][info][gc,heap     ] GC(77) Reclaimed:         -                  -                 2M (3%)            4M (6%)             -                  -          
[2026-06-17T10:03:09.042+0800][4.296s][info][gc          ] GC(77) Garbage Collection (Allocation Stall) 64M(100%)->64M(100%)
[2026-06-17T10:03:09.042+0800][4.297s][info][gc,start    ] GC(78) Garbage Collection (Allocation Stall)
[2026-06-17T10:03:09.042+0800][4.297s][info][gc,ref      ] GC(78) Clearing All SoftReferences
[2026-06-17T10:03:09.042+0800][4.297s][info][gc,task     ] GC(78) Using 1 workers
[2026-06-17T10:03:09.043+0800][4.297s][info][gc,ref      ] GC(78) Clearing All SoftReferences
[2026-06-17T10:03:09.043+0800][4.298s][info][gc,phases   ] GC(78) Pause Mark Start 0.197ms
[2026-06-17T10:03:09.044+0800][4.299s][info][gc,phases   ] GC(78) Concurrent Mark 1.234ms
[2026-06-17T10:03:09.045+0800][4.299s][info][gc,phases   ] GC(78) Pause Mark End 0.009ms
[2026-06-17T10:03:09.045+0800][4.299s][info][gc,phases   ] GC(78) Concurrent Mark Free 0.001ms
[2026-06-17T10:03:09.045+0800][4.300s][info][gc,phases   ] GC(78) Concurrent Process Non-Strong References 0.365ms
[2026-06-17T10:03:09.046+0800][4.300s][info][gc,phases   ] GC(78) Concurrent Reset Relocation Set 0.002ms
[2026-06-17T10:03:09.047+0800][4.302s][info][gc,phases   ] GC(78) Concurrent Select Relocation Set 1.274ms
[2026-06-17T10:03:09.047+0800][4.302s][info][gc,phases   ] GC(78) Pause Relocate Start 0.005ms
[2026-06-17T10:03:09.047+0800][4.302s][info][gc,phases   ] GC(78) Concurrent Relocate 0.047ms
[2026-06-17T10:03:09.048+0800][4.302s][info][gc,load     ] GC(78) Load: 0.33/0.42/0.50
[2026-06-17T10:03:09.048+0800][4.302s][info][gc,mmu      ] GC(78) MMU: 2ms/1.0%, 5ms/60.4%, 10ms/80.1%, 20ms/90.0%, 50ms/94.3%, 100ms/96.0%
[2026-06-17T10:03:09.048+0800][4.302s][info][gc,marking  ] GC(78) Mark: 1 stripe(s), 1 proactive flush(es), 1 terminate flush(es), 0 completion(s), 0 continuation(s) 
[2026-06-17T10:03:09.048+0800][4.302s][info][gc,marking  ] GC(78) Mark Stack Usage: 32M
[2026-06-17T10:03:09.048+0800][4.303s][info][gc,nmethod  ] GC(78) NMethods: 76 registered, 5 unregistered
[2026-06-17T10:03:09.048+0800][4.303s][info][gc,metaspace] GC(78) Metaspace: 0M used, 0M committed, 1088M reserved
[2026-06-17T10:03:09.048+0800][4.303s][info][gc,ref      ] GC(78) Soft: 0 encountered, 0 discovered, 0 enqueued
[2026-06-17T10:03:09.048+0800][4.303s][info][gc,ref      ] GC(78) Weak: 6 encountered, 0 discovered, 0 enqueued
[2026-06-17T10:03:09.049+0800][4.303s][info][gc,ref      ] GC(78) Final: 0 encountered, 0 discovered, 0 enqueued
[2026-06-17T10:03:09.049+0800][4.303s][info][gc,ref      ] GC(78) Phantom: 1 encountered, 0 discovered, 0 enqueued
[2026-06-17T10:03:09.049+0800][4.303s][info][gc,reloc    ] GC(78) Small Pages: 4 / 8M, Empty: 0M, Relocated: 0M, In-Place: 0
[2026-06-17T10:03:09.049+0800][4.304s][info][gc,reloc    ] GC(78) Large Pages: 28 / 56M, Empty: 0M, Relocated: 0M, In-Place: 0
[2026-06-17T10:03:09.049+0800][4.304s][info][gc,reloc    ] GC(78) Forwarding Usage: 0M
[2026-06-17T10:03:09.049+0800][4.304s][info][gc,heap     ] GC(78) Min Capacity: 64M(100%)
[2026-06-17T10:03:09.049+0800][4.304s][info][gc,heap     ] GC(78) Max Capacity: 64M(100%)
[2026-06-17T10:03:09.049+0800][4.304s][info][gc,heap     ] GC(78) Soft Max Capacity: 64M(100%)
[2026-06-17T10:03:09.049+0800][4.304s][info][gc,heap     ] GC(78)                Mark Start          Mark End        Relocate Start      Relocate End           High               Low         
[2026-06-17T10:03:09.049+0800][4.304s][info][gc,heap     ] GC(78)  Capacity:       64M (100%)         64M (100%)         64M (100%)         64M (100%)         64M (100%)         64M (100%)   
[2026-06-17T10:03:09.050+0800][4.304s][info][gc,heap     ] GC(78)      Free:        0M (0%)            0M (0%)            0M (0%)            0M (0%)            0M (0%)            0M (0%)     
[2026-06-17T10:03:09.050+0800][4.304s][info][gc,heap     ] GC(78)      Used:       64M (100%)         64M (100%)         64M (100%)         64M (100%)         64M (100%)         64M (100%)   
[2026-06-17T10:03:09.050+0800][4.304s][info][gc,heap     ] GC(78)      Live:         -                62M (97%)          62M (97%)          62M (97%)            -                  -          
[2026-06-17T10:03:09.050+0800][4.304s][info][gc,heap     ] GC(78) Allocated:         -                 0M (0%)            0M (0%)            0M (0%)             -                  -          
[2026-06-17T10:03:09.050+0800][4.304s][info][gc,heap     ] GC(78)   Garbage:         -                 1M (3%)            1M (3%)            1M (3%)             -                  -          
[2026-06-17T10:03:09.050+0800][4.305s][info][gc,heap     ] GC(78) Reclaimed:         -                  -                 0M (0%)            0M (0%)             -                  -          
[2026-06-17T10:03:09.050+0800][4.305s][info][gc          ] GC(78) Garbage Collection (Allocation Stall) 64M(100%)->64M(100%)
[2026-06-17T10:03:09.050+0800][4.305s][info][gc          ] Allocation Stall (main) 24.644ms
[2026-06-17T10:03:09.050+0800][4.305s][info][gc,start    ] GC(79) Garbage Collection (Allocation Stall)
[2026-06-17T10:03:09.050+0800][4.305s][info][gc,ref      ] GC(79) Clearing All SoftReferences
[2026-06-17T10:03:09.051+0800][4.305s][info][gc,task     ] GC(79) Using 1 workers
[2026-06-17T10:03:09.051+0800][4.305s][info][gc,ref      ] GC(79) Clearing All SoftReferences
[2026-06-17T10:03:09.051+0800][4.305s][info][gc,phases   ] GC(79) Pause Mark Start 0.108ms
[2026-06-17T10:03:09.052+0800][4.306s][info][gc,phases   ] GC(79) Concurrent Mark 0.652ms
[2026-06-17T10:03:09.052+0800][4.306s][info][gc,phases   ] GC(79) Pause Mark End 0.005ms
[2026-06-17T10:03:09.052+0800][4.307s][info][gc,phases   ] GC(79) Concurrent Mark Free 0.001ms
[2026-06-17T10:03:09.053+0800][4.307s][info][gc,phases   ] GC(79) Concurrent Process Non-Strong References 0.296ms
[2026-06-17T10:03:09.053+0800][4.307s][info][gc,phases   ] GC(79) Concurrent Reset Relocation Set 0.001ms
[2026-06-17T10:03:09.054+0800][4.308s][info][gc,phases   ] GC(79) Concurrent Select Relocation Set 0.745ms
[2026-06-17T10:03:09.054+0800][4.308s][info][gc,phases   ] GC(79) Pause Relocate Start 0.007ms
[2026-06-17T10:03:09.054+0800][4.309s][info][gc,phases   ] GC(79) Concurrent Relocate 0.034ms
[2026-06-17T10:03:09.054+0800][4.309s][info][gc,load     ] GC(79) Load: 0.33/0.42/0.50
[2026-06-17T10:03:09.054+0800][4.309s][info][gc,mmu      ] GC(79) MMU: 2ms/1.0%, 5ms/60.4%, 10ms/80.1%, 20ms/90.0%, 50ms/94.3%, 100ms/96.0%
[2026-06-17T10:03:09.054+0800][4.309s][info][gc,marking  ] GC(79) Mark: 1 stripe(s), 1 proactive flush(es), 1 terminate flush(es), 0 completion(s), 0 continuation(s) 
[2026-06-17T10:03:09.054+0800][4.309s][info][gc,marking  ] GC(79) Mark Stack Usage: 32M
[2026-06-17T10:03:09.054+0800][4.309s][info][gc,nmethod  ] GC(79) NMethods: 76 registered, 5 unregistered
[2026-06-17T10:03:09.054+0800][4.309s][info][gc,metaspace] GC(79) Metaspace: 0M used, 0M committed, 1088M reserved
[2026-06-17T10:03:09.055+0800][4.309s][info][gc,ref      ] GC(79) Soft: 0 encountered, 0 discovered, 0 enqueued
[2026-06-17T10:03:09.055+0800][4.309s][info][gc,ref      ] GC(79) Weak: 6 encountered, 0 discovered, 0 enqueued
[2026-06-17T10:03:09.055+0800][4.309s][info][gc,ref      ] GC(79) Final: 0 encountered, 0 discovered, 0 enqueued
[2026-06-17T10:03:09.055+0800][4.309s][info][gc,ref      ] GC(79) Phantom: 1 encountered, 0 discovered, 0 enqueued
[2026-06-17T10:03:09.055+0800][4.309s][info][gc,reloc    ] GC(79) Small Pages: 4 / 8M, Empty: 0M, Relocated: 0M, In-Place: 0
[2026-06-17T10:03:09.055+0800][4.309s][info][gc,reloc    ] GC(79) Large Pages: 28 / 56M, Empty: 0M, Relocated: 0M, In-Place: 0
[2026-06-17T10:03:09.055+0800][4.310s][info][gc,reloc    ] GC(79) Forwarding Usage: 0M
[2026-06-17T10:03:09.055+0800][4.310s][info][gc,heap     ] GC(79) Min Capacity: 64M(100%)
[2026-06-17T10:03:09.055+0800][4.310s][info][gc,heap     ] GC(79) Max Capacity: 64M(100%)
[2026-06-17T10:03:09.055+0800][4.310s][info][gc,heap     ] GC(79) Soft Max Capacity: 64M(100%)
[2026-06-17T10:03:09.055+0800][4.310s][info][gc,heap     ] GC(79)                Mark Start          Mark End        Relocate Start      Relocate End           High               Low         
[2026-06-17T10:03:09.055+0800][4.310s][info][gc,heap     ] GC(79)  Capacity:       64M (100%)         64M (100%)         64M (100%)         64M (100%)         64M (100%)         64M (100%)   
[2026-06-17T10:03:09.055+0800][4.310s][info][gc,heap     ] GC(79)      Free:        0M (0%)            0M (0%)            0M (0%)            0M (0%)            0M (0%)            0M (0%)     
[2026-06-17T10:03:09.055+0800][4.310s][info][gc,heap     ] GC(79)      Used:       64M (100%)         64M (100%)         64M (100%)         64M (100%)         64M (100%)         64M (100%)   
[2026-06-17T10:03:09.055+0800][4.310s][info][gc,heap     ] GC(79)      Live:         -                62M (97%)          62M (97%)          62M (97%)            -                  -          
[2026-06-17T10:03:09.056+0800][4.310s][info][gc,heap     ] GC(79) Allocated:         -                 0M (0%)            0M (0%)            0M (0%)             -                  -          
[2026-06-17T10:03:09.056+0800][4.310s][info][gc,heap     ] GC(79)   Garbage:         -                 1M (3%)            1M (3%)            1M (3%)             -                  -          
[2026-06-17T10:03:09.056+0800][4.310s][info][gc,heap     ] GC(79) Reclaimed:         -                  -                 0M (0%)            0M (0%)             -                  -          
[2026-06-17T10:03:09.056+0800][4.310s][info][gc          ] GC(79) Garbage Collection (Allocation Stall) 64M(100%)->64M(100%)
[2026-06-17T10:03:09.056+0800][4.310s][info][gc          ] Allocation Stall (main) 5.499ms
[2026-06-17T10:03:09.056+0800][4.310s][info][gc          ] Out Of Memory (main)
[2026-06-17T10:03:09.056+0800][4.311s][info][gc,start    ] GC(80) Garbage Collection (Allocation Stall)
[2026-06-17T10:03:09.056+0800][4.311s][info][gc,ref      ] GC(80) Clearing All SoftReferences
[2026-06-17T10:03:09.056+0800][4.311s][info][gc,task     ] GC(80) Using 1 workers
[2026-06-17T10:03:09.056+0800][4.311s][info][gc,ref      ] GC(80) Clearing All SoftReferences
[2026-06-17T10:03:09.056+0800][4.311s][info][gc,phases   ] GC(80) Pause Mark Start 0.077ms
[2026-06-17T10:03:09.057+0800][4.312s][info][gc,phases   ] GC(80) Concurrent Mark 0.554ms
[2026-06-17T10:03:09.057+0800][4.312s][info][gc,phases   ] GC(80) Pause Mark End 0.003ms
[2026-06-17T10:03:09.057+0800][4.312s][info][gc,phases   ] GC(80) Concurrent Mark Free 0.000ms
[2026-06-17T10:03:09.058+0800][4.312s][info][gc,phases   ] GC(80) Concurrent Process Non-Strong References 0.192ms
[2026-06-17T10:03:09.058+0800][4.312s][info][gc,phases   ] GC(80) Concurrent Reset Relocation Set 0.000ms
[2026-06-17T10:03:09.059+0800][4.313s][info][gc          ] Allocation Stall (main) 2.588ms
[2026-06-17T10:03:09.059+0800][4.313s][info][gc,phases   ] GC(80) Concurrent Select Relocation Set 0.841ms
[2026-06-17T10:03:09.059+0800][4.314s][info][gc,phases   ] GC(80) Pause Relocate Start 0.003ms
[2026-06-17T10:03:09.059+0800][4.314s][info][gc,phases   ] GC(80) Concurrent Relocate 0.032ms
[2026-06-17T10:03:09.059+0800][4.314s][info][gc,load     ] GC(80) Load: 0.33/0.42/0.50
[2026-06-17T10:03:09.059+0800][4.314s][info][gc,mmu      ] GC(80) MMU: 2ms/1.0%, 5ms/60.4%, 10ms/80.1%, 20ms/90.0%, 50ms/94.3%, 100ms/96.0%
[2026-06-17T10:03:09.059+0800][4.314s][info][gc,marking  ] GC(80) Mark: 1 stripe(s), 1 proactive flush(es), 1 terminate flush(es), 0 completion(s), 0 continuation(s) 
[2026-06-17T10:03:09.060+0800][4.314s][info][gc,marking  ] GC(80) Mark Stack Usage: 32M
[2026-06-17T10:03:09.060+0800][4.314s][info][gc,nmethod  ] GC(80) NMethods: 76 registered, 5 unregistered
[2026-06-17T10:03:09.060+0800][4.314s][info][gc,metaspace] GC(80) Metaspace: 0M used, 0M committed, 1088M reserved
[2026-06-17T10:03:09.060+0800][4.314s][info][gc,ref      ] GC(80) Soft: 0 encountered, 0 discovered, 0 enqueued
[2026-06-17T10:03:09.060+0800][4.314s][info][gc,ref      ] GC(80) Weak: 6 encountered, 0 discovered, 0 enqueued
[2026-06-17T10:03:09.060+0800][4.315s][info][gc,ref      ] GC(80) Final: 0 encountered, 0 discovered, 0 enqueued
[2026-06-17T10:03:09.060+0800][4.315s][info][gc,ref      ] GC(80) Phantom: 1 encountered, 0 discovered, 0 enqueued
[2026-06-17T10:03:09.060+0800][4.315s][info][gc,reloc    ] GC(80) Small Pages: 4 / 8M, Empty: 0M, Relocated: 0M, In-Place: 0
[2026-06-17T10:03:09.060+0800][4.315s][info][gc,reloc    ] GC(80) Large Pages: 28 / 56M, Empty: 10M, Relocated: 0M, In-Place: 0
[2026-06-17T10:03:09.060+0800][4.315s][info][gc,reloc    ] GC(80) Forwarding Usage: 0M
[2026-06-17T10:03:09.060+0800][4.315s][info][gc,heap     ] GC(80) Min Capacity: 64M(100%)
[2026-06-17T10:03:09.060+0800][4.315s][info][gc,heap     ] GC(80) Max Capacity: 64M(100%)
[2026-06-17T10:03:09.061+0800][4.315s][info][gc,heap     ] GC(80) Soft Max Capacity: 64M(100%)
[2026-06-17T10:03:09.061+0800][4.315s][info][gc,heap     ] GC(80)                Mark Start          Mark End        Relocate Start      Relocate End           High               Low         
[2026-06-17T10:03:09.061+0800][4.315s][info][gc,heap     ] GC(80)  Capacity:       64M (100%)         64M (100%)         64M (100%)         64M (100%)         64M (100%)         64M (100%)   
[2026-06-17T10:03:09.061+0800][4.315s][info][gc,heap     ] GC(80)      Free:        0M (0%)            0M (0%)            8M (12%)           8M (12%)          10M (16%)           0M (0%)     
[2026-06-17T10:03:09.061+0800][4.315s][info][gc,heap     ] GC(80)      Used:       64M (100%)         64M (100%)         56M (88%)          56M (88%)          64M (100%)         54M (84%)    
[2026-06-17T10:03:09.061+0800][4.315s][info][gc,heap     ] GC(80)      Live:         -                51M (80%)          51M (80%)          51M (80%)            -                  -          
[2026-06-17T10:03:09.061+0800][4.316s][info][gc,heap     ] GC(80) Allocated:         -                 0M (0%)            2M (3%)            2M (3%)             -                  -          
[2026-06-17T10:03:09.061+0800][4.316s][info][gc,heap     ] GC(80)   Garbage:         -                12M (20%)           2M (4%)            2M (4%)             -                  -          
[2026-06-17T10:03:09.061+0800][4.316s][info][gc,heap     ] GC(80) Reclaimed:         -                  -                10M (16%)          10M (16%)            -                  -          
[2026-06-17T10:03:09.061+0800][4.316s][info][gc          ] GC(80) Garbage Collection (Allocation Stall) 64M(100%)->56M(88%)
[2026-06-17T10:03:09.073+0800][4.327s][info][gc,start    ] GC(81) Garbage Collection (Allocation Rate)
[2026-06-17T10:03:09.073+0800][4.327s][info][gc,task     ] GC(81) Using 1 workers
[2026-06-17T10:03:09.073+0800][4.327s][info][gc,phases   ] GC(81) Pause Mark Start 0.005ms
[2026-06-17T10:03:09.074+0800][4.328s][info][gc,phases   ] GC(81) Concurrent Mark 0.718ms
[2026-06-17T10:03:09.074+0800][4.329s][info][gc,phases   ] GC(81) Pause Mark End 0.005ms
[2026-06-17T10:03:09.074+0800][4.329s][info][gc,phases   ] GC(81) Concurrent Mark Free 0.001ms
[2026-06-17T10:03:09.075+0800][4.329s][info][gc,phases   ] GC(81) Concurrent Process Non-Strong References 0.293ms
[2026-06-17T10:03:09.075+0800][4.329s][info][gc,phases   ] GC(81) Concurrent Reset Relocation Set 0.001ms
[2026-06-17T10:03:09.076+0800][4.330s][info][gc,phases   ] GC(81) Concurrent Select Relocation Set 0.897ms
[2026-06-17T10:03:09.076+0800][4.331s][info][gc,phases   ] GC(81) Pause Relocate Start 0.003ms
[2026-06-17T10:03:09.077+0800][4.331s][info][gc,phases   ] GC(81) Concurrent Relocate 0.544ms
[2026-06-17T10:03:09.077+0800][4.332s][info][gc,load     ] GC(81) Load: 0.33/0.42/0.50
[2026-06-17T10:03:09.077+0800][4.332s][info][gc,mmu      ] GC(81) MMU: 2ms/1.0%, 5ms/60.4%, 10ms/80.1%, 20ms/90.0%, 50ms/94.3%, 100ms/96.0%
[2026-06-17T10:03:09.077+0800][4.332s][info][gc,marking  ] GC(81) Mark: 1 stripe(s), 1 proactive flush(es), 1 terminate flush(es), 0 completion(s), 0 continuation(s) 
[2026-06-17T10:03:09.077+0800][4.332s][info][gc,marking  ] GC(81) Mark Stack Usage: 32M
[2026-06-17T10:03:09.077+0800][4.332s][info][gc,nmethod  ] GC(81) NMethods: 76 registered, 5 unregistered
[2026-06-17T10:03:09.077+0800][4.332s][info][gc,metaspace] GC(81) Metaspace: 0M used, 0M committed, 1088M reserved
[2026-06-17T10:03:09.077+0800][4.332s][info][gc,ref      ] GC(81) Soft: 0 encountered, 0 discovered, 0 enqueued
[2026-06-17T10:03:09.077+0800][4.332s][info][gc,ref      ] GC(81) Weak: 6 encountered, 0 discovered, 0 enqueued
[2026-06-17T10:03:09.078+0800][4.332s][info][gc,ref      ] GC(81) Final: 0 encountered, 0 discovered, 0 enqueued
[2026-06-17T10:03:09.078+0800][4.332s][info][gc,ref      ] GC(81) Phantom: 1 encountered, 0 discovered, 0 enqueued
[2026-06-17T10:03:09.078+0800][4.332s][info][gc,reloc    ] GC(81) Small Pages: 5 / 10M, Empty: 4M, Relocated: 1M, In-Place: 0
[2026-06-17T10:03:09.078+0800][4.332s][info][gc,reloc    ] GC(81) Large Pages: 23 / 46M, Empty: 28M, Relocated: 0M, In-Place: 0
[2026-06-17T10:03:09.078+0800][4.332s][info][gc,reloc    ] GC(81) Forwarding Usage: 0M
[2026-06-17T10:03:09.078+0800][4.332s][info][gc,heap     ] GC(81) Min Capacity: 64M(100%)
[2026-06-17T10:03:09.078+0800][4.333s][info][gc,heap     ] GC(81) Max Capacity: 64M(100%)
[2026-06-17T10:03:09.078+0800][4.333s][info][gc,heap     ] GC(81) Soft Max Capacity: 64M(100%)
[2026-06-17T10:03:09.078+0800][4.333s][info][gc,heap     ] GC(81)                Mark Start          Mark End        Relocate Start      Relocate End           High               Low         
[2026-06-17T10:03:09.078+0800][4.333s][info][gc,heap     ] GC(81)  Capacity:       64M (100%)         64M (100%)         64M (100%)         64M (100%)         64M (100%)         64M (100%)   
[2026-06-17T10:03:09.078+0800][4.333s][info][gc,heap     ] GC(81)      Free:        8M (12%)           8M (12%)          40M (62%)          42M (66%)          42M (66%)           8M (12%)    
[2026-06-17T10:03:09.078+0800][4.333s][info][gc,heap     ] GC(81)      Used:       56M (88%)          56M (88%)          24M (38%)          22M (34%)          56M (88%)          22M (34%)    
[2026-06-17T10:03:09.078+0800][4.333s][info][gc,heap     ] GC(81)      Live:         -                20M (32%)          20M (32%)          20M (32%)            -                  -          
[2026-06-17T10:03:09.078+0800][4.333s][info][gc,heap     ] GC(81) Allocated:         -                 0M (0%)            0M (0%)            0M (0%)             -                  -          
[2026-06-17T10:03:09.079+0800][4.333s][info][gc,heap     ] GC(81)   Garbage:         -                35M (56%)           3M (6%)            1M (3%)             -                  -          
[2026-06-17T10:03:09.079+0800][4.333s][info][gc,heap     ] GC(81) Reclaimed:         -                  -                32M (50%)          34M (53%)            -                  -          
[2026-06-17T10:03:09.079+0800][4.333s][info][gc          ] GC(81) Garbage Collection (Allocation Rate) 56M(88%)->22M(34%)
[2026-06-17T10:03:09.272+0800][4.527s][info][gc,start    ] GC(82) Garbage Collection (Allocation Rate)
[2026-06-17T10:03:09.273+0800][4.527s][info][gc,task     ] GC(82) Using 1 workers
[2026-06-17T10:03:09.273+0800][4.528s][info][gc,phases   ] GC(82) Pause Mark Start 0.009ms
[2026-06-17T10:03:09.275+0800][4.530s][info][gc,phases   ] GC(82) Concurrent Mark 1.426ms
[2026-06-17T10:03:09.276+0800][4.531s][info][gc,phases   ] GC(82) Pause Mark End 0.007ms
[2026-06-17T10:03:09.276+0800][4.531s][info][gc,phases   ] GC(82) Concurrent Mark Free 0.001ms
[2026-06-17T10:03:09.277+0800][4.532s][info][gc,phases   ] GC(82) Concurrent Process Non-Strong References 0.372ms
[2026-06-17T10:03:09.277+0800][4.532s][info][gc,phases   ] GC(82) Concurrent Reset Relocation Set 0.001ms
[2026-06-17T10:03:09.279+0800][4.533s][info][gc,phases   ] GC(82) Concurrent Select Relocation Set 0.912ms
[2026-06-17T10:03:09.279+0800][4.534s][info][gc,phases   ] GC(82) Pause Relocate Start 0.003ms
[2026-06-17T10:03:09.279+0800][4.534s][info][gc,phases   ] GC(82) Concurrent Relocate 0.059ms
[2026-06-17T10:03:09.280+0800][4.534s][info][gc,load     ] GC(82) Load: 0.33/0.42/0.50
[2026-06-17T10:03:09.280+0800][4.535s][info][gc,mmu      ] GC(82) MMU: 2ms/1.0%, 5ms/60.4%, 10ms/80.1%, 20ms/90.0%, 50ms/94.3%, 100ms/96.0%
[2026-06-17T10:03:09.280+0800][4.535s][info][gc,marking  ] GC(82) Mark: 1 stripe(s), 1 proactive flush(es), 1 terminate flush(es), 0 completion(s), 0 continuation(s) 
[2026-06-17T10:03:09.280+0800][4.535s][info][gc,marking  ] GC(82) Mark Stack Usage: 32M
[2026-06-17T10:03:09.281+0800][4.535s][info][gc,nmethod  ] GC(82) NMethods: 76 registered, 5 unregistered
[2026-06-17T10:03:09.281+0800][4.536s][info][gc,metaspace] GC(82) Metaspace: 0M used, 0M committed, 1088M reserved
[2026-06-17T10:03:09.281+0800][4.536s][info][gc,ref      ] GC(82) Soft: 0 encountered, 0 discovered, 0 enqueued
[2026-06-17T10:03:09.281+0800][4.536s][info][gc,ref      ] GC(82) Weak: 6 encountered, 0 discovered, 0 enqueued
[2026-06-17T10:03:09.281+0800][4.536s][info][gc,ref      ] GC(82) Final: 0 encountered, 0 discovered, 0 enqueued
[2026-06-17T10:03:09.282+0800][4.536s][info][gc,ref      ] GC(82) Phantom: 1 encountered, 0 discovered, 0 enqueued
[2026-06-17T10:03:09.282+0800][4.536s][info][gc,reloc    ] GC(82) Small Pages: 4 / 8M, Empty: 4M, Relocated: 0M, In-Place: 0
[2026-06-17T10:03:09.282+0800][4.536s][info][gc,reloc    ] GC(82) Large Pages: 9 / 18M, Empty: 0M, Relocated: 0M, In-Place: 0
[2026-06-17T10:03:09.282+0800][4.537s][info][gc,reloc    ] GC(82) Forwarding Usage: 0M
[2026-06-17T10:03:09.282+0800][4.537s][info][gc,heap     ] GC(82) Min Capacity: 64M(100%)
[2026-06-17T10:03:09.282+0800][4.537s][info][gc,heap     ] GC(82) Max Capacity: 64M(100%)
[2026-06-17T10:03:09.282+0800][4.537s][info][gc,heap     ] GC(82) Soft Max Capacity: 64M(100%)
[2026-06-17T10:03:09.282+0800][4.537s][info][gc,heap     ] GC(82)                Mark Start          Mark End        Relocate Start      Relocate End           High               Low         
[2026-06-17T10:03:09.282+0800][4.537s][info][gc,heap     ] GC(82)  Capacity:       64M (100%)         64M (100%)         64M (100%)         64M (100%)         64M (100%)         64M (100%)   
[2026-06-17T10:03:09.283+0800][4.537s][info][gc,heap     ] GC(82)      Free:       38M (59%)          38M (59%)          42M (66%)          42M (66%)          42M (66%)          38M (59%)    
[2026-06-17T10:03:09.283+0800][4.537s][info][gc,heap     ] GC(82)      Used:       26M (41%)          26M (41%)          22M (34%)          22M (34%)          26M (41%)          22M (34%)    
[2026-06-17T10:03:09.283+0800][4.537s][info][gc,heap     ] GC(82)      Live:         -                20M (32%)          20M (32%)          20M (32%)            -                  -          
[2026-06-17T10:03:09.283+0800][4.537s][info][gc,heap     ] GC(82) Allocated:         -                 0M (0%)            0M (0%)            0M (0%)             -                  -          
[2026-06-17T10:03:09.283+0800][4.538s][info][gc,heap     ] GC(82)   Garbage:         -                 5M (9%)            1M (3%)            1M (3%)             -                  -          
[2026-06-17T10:03:09.283+0800][4.538s][info][gc,heap     ] GC(82) Reclaimed:         -                  -                 4M (6%)            4M (6%)             -                  -          
[2026-06-17T10:03:09.283+0800][4.538s][info][gc          ] GC(82) Garbage Collection (Allocation Rate) 26M(41%)->22M(34%)
[2026-06-17T10:03:09.359+0800][4.614s][info][gc,start    ] GC(83) Garbage Collection (Allocation Stall)
[2026-06-17T10:03:09.360+0800][4.615s][info][gc,ref      ] GC(83) Clearing All SoftReferences
[2026-06-17T10:03:09.361+0800][4.615s][info][gc,task     ] GC(83) Using 1 workers
[2026-06-17T10:03:09.362+0800][4.616s][info][gc,ref      ] GC(83) Clearing All SoftReferences
[2026-06-17T10:03:09.362+0800][4.617s][info][gc,phases   ] GC(83) Pause Mark Start 0.426ms
[2026-06-17T10:03:09.363+0800][4.618s][info][gc,phases   ] GC(83) Concurrent Mark 0.853ms
[2026-06-17T10:03:09.364+0800][4.618s][info][gc,phases   ] GC(83) Pause Mark End 0.006ms
[2026-06-17T10:03:09.364+0800][4.619s][info][gc,phases   ] GC(83) Concurrent Mark Free 0.001ms
[2026-06-17T10:03:09.365+0800][4.619s][info][gc,phases   ] GC(83) Concurrent Process Non-Strong References 0.257ms
[2026-06-17T10:03:09.365+0800][4.620s][info][gc,phases   ] GC(83) Concurrent Reset Relocation Set 0.000ms
[2026-06-17T10:03:09.366+0800][4.621s][info][gc          ] Allocation Stall (main) 6.812ms
[2026-06-17T10:03:09.366+0800][4.621s][info][gc,phases   ] GC(83) Concurrent Select Relocation Set 0.816ms
[2026-06-17T10:03:09.366+0800][4.621s][info][gc,phases   ] GC(83) Pause Relocate Start 0.003ms
[2026-06-17T10:03:09.367+0800][4.622s][info][gc,phases   ] GC(83) Concurrent Relocate 0.879ms
[2026-06-17T10:03:09.368+0800][4.622s][info][gc,load     ] GC(83) Load: 0.33/0.42/0.50
[2026-06-17T10:03:09.368+0800][4.622s][info][gc,mmu      ] GC(83) MMU: 2ms/1.0%, 5ms/60.4%, 10ms/80.1%, 20ms/90.0%, 50ms/94.3%, 100ms/96.0%
[2026-06-17T10:03:09.368+0800][4.623s][info][gc,marking  ] GC(83) Mark: 1 stripe(s), 1 proactive flush(es), 1 terminate flush(es), 0 completion(s), 0 continuation(s) 
[2026-06-17T10:03:09.368+0800][4.623s][info][gc,marking  ] GC(83) Mark Stack Usage: 32M
[2026-06-17T10:03:09.368+0800][4.623s][info][gc,nmethod  ] GC(83) NMethods: 76 registered, 5 unregistered
[2026-06-17T10:03:09.368+0800][4.623s][info][gc,metaspace] GC(83) Metaspace: 0M used, 0M committed, 1088M reserved
[2026-06-17T10:03:09.368+0800][4.623s][info][gc,ref      ] GC(83) Soft: 0 encountered, 0 discovered, 0 enqueued
[2026-06-17T10:03:09.369+0800][4.623s][info][gc,ref      ] GC(83) Weak: 6 encountered, 0 discovered, 0 enqueued
[2026-06-17T10:03:09.369+0800][4.623s][info][gc,ref      ] GC(83) Final: 0 encountered, 0 discovered, 0 enqueued
[2026-06-17T10:03:09.369+0800][4.623s][info][gc,ref      ] GC(83) Phantom: 1 encountered, 0 discovered, 0 enqueued
[2026-06-17T10:03:09.369+0800][4.624s][info][gc,reloc    ] GC(83) Small Pages: 16 / 32M, Empty: 22M, Relocated: 4M, In-Place: 0
[2026-06-17T10:03:09.369+0800][4.624s][info][gc,reloc    ] GC(83) Large Pages: 16 / 32M, Empty: 0M, Relocated: 0M, In-Place: 0
[2026-06-17T10:03:09.369+0800][4.624s][info][gc,reloc    ] GC(83) Forwarding Usage: 0M
[2026-06-17T10:03:09.369+0800][4.624s][info][gc,heap     ] GC(83) Min Capacity: 64M(100%)
[2026-06-17T10:03:09.369+0800][4.624s][info][gc,heap     ] GC(83) Max Capacity: 64M(100%)
[2026-06-17T10:03:09.369+0800][4.624s][info][gc,heap     ] GC(83) Soft Max Capacity: 64M(100%)
[2026-06-17T10:03:09.369+0800][4.624s][info][gc,heap     ] GC(83)                Mark Start          Mark End        Relocate Start      Relocate End           High               Low         
[2026-06-17T10:03:09.369+0800][4.624s][info][gc,heap     ] GC(83)  Capacity:       64M (100%)         64M (100%)         64M (100%)         64M (100%)         64M (100%)         64M (100%)   
[2026-06-17T10:03:09.370+0800][4.624s][info][gc,heap     ] GC(83)      Free:        0M (0%)            0M (0%)           18M (28%)          16M (25%)          22M (34%)           0M (0%)     
[2026-06-17T10:03:09.370+0800][4.624s][info][gc,heap     ] GC(83)      Used:       64M (100%)         64M (100%)         46M (72%)          48M (75%)          64M (100%)         42M (66%)    
[2026-06-17T10:03:09.370+0800][4.624s][info][gc,heap     ] GC(83)      Live:         -                36M (58%)          36M (58%)          36M (58%)            -                  -          
[2026-06-17T10:03:09.370+0800][4.624s][info][gc,heap     ] GC(83) Allocated:         -                 0M (0%)            4M (6%)            9M (16%)            -                  -          
[2026-06-17T10:03:09.370+0800][4.624s][info][gc,heap     ] GC(83)   Garbage:         -                27M (42%)           5M (8%)            1M (2%)             -                  -          
[2026-06-17T10:03:09.370+0800][4.624s][info][gc,heap     ] GC(83) Reclaimed:         -                  -                22M (34%)          25M (41%)            -                  -          
[2026-06-17T10:03:09.370+0800][4.624s][info][gc          ] GC(83) Garbage Collection (Allocation Stall) 64M(100%)->48M(75%)
[2026-06-17T10:03:09.372+0800][4.627s][info][gc,start    ] GC(84) Garbage Collection (Allocation Rate)
[2026-06-17T10:03:09.372+0800][4.627s][info][gc,task     ] GC(84) Using 1 workers
[2026-06-17T10:03:09.372+0800][4.627s][info][gc,phases   ] GC(84) Pause Mark Start 0.003ms
[2026-06-17T10:03:09.374+0800][4.628s][info][gc,phases   ] GC(84) Concurrent Mark 0.984ms
[2026-06-17T10:03:09.374+0800][4.628s][info][gc,phases   ] GC(84) Pause Mark End 0.004ms
[2026-06-17T10:03:09.374+0800][4.628s][info][gc,phases   ] GC(84) Concurrent Mark Free 0.001ms
[2026-06-17T10:03:09.374+0800][4.629s][info][gc,phases   ] GC(84) Concurrent Process Non-Strong References 0.206ms
[2026-06-17T10:03:09.374+0800][4.629s][info][gc,phases   ] GC(84) Concurrent Reset Relocation Set 0.000ms
[2026-06-17T10:03:09.375+0800][4.630s][info][gc,phases   ] GC(84) Concurrent Select Relocation Set 0.777ms
[2026-06-17T10:03:09.375+0800][4.630s][info][gc,phases   ] GC(84) Pause Relocate Start 0.002ms
[2026-06-17T10:03:09.376+0800][4.630s][info][gc,phases   ] GC(84) Concurrent Relocate 0.366ms
[2026-06-17T10:03:09.376+0800][4.630s][info][gc,load     ] GC(84) Load: 0.33/0.42/0.50
[2026-06-17T10:03:09.376+0800][4.630s][info][gc,mmu      ] GC(84) MMU: 2ms/1.0%, 5ms/60.4%, 10ms/80.1%, 20ms/90.0%, 50ms/94.3%, 100ms/96.0%
[2026-06-17T10:03:09.376+0800][4.631s][info][gc,marking  ] GC(84) Mark: 1 stripe(s), 1 proactive flush(es), 1 terminate flush(es), 0 completion(s), 0 continuation(s) 
[2026-06-17T10:03:09.376+0800][4.631s][info][gc,marking  ] GC(84) Mark Stack Usage: 32M
[2026-06-17T10:03:09.376+0800][4.631s][info][gc,nmethod  ] GC(84) NMethods: 76 registered, 5 unregistered
[2026-06-17T10:03:09.376+0800][4.631s][info][gc,metaspace] GC(84) Metaspace: 0M used, 0M committed, 1088M reserved
[2026-06-17T10:03:09.376+0800][4.631s][info][gc,ref      ] GC(84) Soft: 0 encountered, 0 discovered, 0 enqueued
[2026-06-17T10:03:09.376+0800][4.631s][info][gc,ref      ] GC(84) Weak: 6 encountered, 0 discovered, 0 enqueued
[2026-06-17T10:03:09.376+0800][4.631s][info][gc,ref      ] GC(84) Final: 0 encountered, 0 discovered, 0 enqueued
[2026-06-17T10:03:09.376+0800][4.631s][info][gc,ref      ] GC(84) Phantom: 1 encountered, 0 discovered, 0 enqueued
[2026-06-17T10:03:09.376+0800][4.631s][info][gc,reloc    ] GC(84) Small Pages: 5 / 10M, Empty: 2M, Relocated: 3M, In-Place: 0
[2026-06-17T10:03:09.377+0800][4.631s][info][gc,reloc    ] GC(84) Large Pages: 19 / 38M, Empty: 0M, Relocated: 0M, In-Place: 0
[2026-06-17T10:03:09.377+0800][4.631s][info][gc,reloc    ] GC(84) Forwarding Usage: 0M
[2026-06-17T10:03:09.377+0800][4.631s][info][gc,heap     ] GC(84) Min Capacity: 64M(100%)
[2026-06-17T10:03:09.377+0800][4.631s][info][gc,heap     ] GC(84) Max Capacity: 64M(100%)
[2026-06-17T10:03:09.377+0800][4.631s][info][gc,heap     ] GC(84) Soft Max Capacity: 64M(100%)
[2026-06-17T10:03:09.377+0800][4.631s][info][gc,heap     ] GC(84)                Mark Start          Mark End        Relocate Start      Relocate End           High               Low         
[2026-06-17T10:03:09.377+0800][4.632s][info][gc,heap     ] GC(84)  Capacity:       64M (100%)         64M (100%)         64M (100%)         64M (100%)         64M (100%)         64M (100%)   
[2026-06-17T10:03:09.377+0800][4.632s][info][gc,heap     ] GC(84)      Free:       16M (25%)          16M (25%)          18M (28%)          20M (31%)          20M (31%)          16M (25%)    
[2026-06-17T10:03:09.377+0800][4.632s][info][gc,heap     ] GC(84)      Used:       48M (75%)          48M (75%)          46M (72%)          44M (69%)          48M (75%)          44M (69%)    
[2026-06-17T10:03:09.377+0800][4.632s][info][gc,heap     ] GC(84)      Live:         -                42M (67%)          42M (67%)          42M (67%)            -                  -          
[2026-06-17T10:03:09.377+0800][4.632s][info][gc,heap     ] GC(84) Allocated:         -                 0M (0%)            0M (0%)            0M (0%)             -                  -          
[2026-06-17T10:03:09.377+0800][4.632s][info][gc,heap     ] GC(84)   Garbage:         -                 5M (8%)            3M (5%)            1M (2%)             -                  -          
[2026-06-17T10:03:09.377+0800][4.632s][info][gc,heap     ] GC(84) Reclaimed:         -                  -                 2M (3%)            4M (6%)             -                  -          
[2026-06-17T10:03:09.377+0800][4.632s][info][gc          ] GC(84) Garbage Collection (Allocation Rate) 48M(75%)->44M(69%)
[2026-06-17T10:03:09.410+0800][4.665s][info][gc,start    ] GC(85) Garbage Collection (Allocation Stall)
[2026-06-17T10:03:09.410+0800][4.665s][info][gc,ref      ] GC(85) Clearing All SoftReferences
[2026-06-17T10:03:09.411+0800][4.665s][info][gc,task     ] GC(85) Using 1 workers
[2026-06-17T10:03:09.411+0800][4.666s][info][gc,ref      ] GC(85) Clearing All SoftReferences
[2026-06-17T10:03:09.411+0800][4.666s][info][gc,phases   ] GC(85) Pause Mark Start 0.232ms
[2026-06-17T10:03:09.413+0800][4.668s][info][gc,phases   ] GC(85) Concurrent Mark 1.743ms
[2026-06-17T10:03:09.414+0800][4.668s][info][gc,phases   ] GC(85) Pause Mark End 0.009ms
[2026-06-17T10:03:09.414+0800][4.668s][info][gc,phases   ] GC(85) Concurrent Mark Free 0.001ms
[2026-06-17T10:03:09.415+0800][4.669s][info][gc,phases   ] GC(85) Concurrent Process Non-Strong References 0.519ms
[2026-06-17T10:03:09.415+0800][4.670s][info][gc,phases   ] GC(85) Concurrent Reset Relocation Set 0.002ms
[2026-06-17T10:03:09.417+0800][4.671s][info][gc          ] Allocation Stall (main) 6.853ms
[2026-06-17T10:03:09.417+0800][4.671s][info][gc,phases   ] GC(85) Concurrent Select Relocation Set 1.453ms
[2026-06-17T10:03:09.417+0800][4.672s][info][gc,phases   ] GC(85) Pause Relocate Start 0.006ms
[2026-06-17T10:03:09.418+0800][4.672s][info][gc,phases   ] GC(85) Concurrent Relocate 0.056ms
[2026-06-17T10:03:09.418+0800][4.672s][info][gc,load     ] GC(85) Load: 0.33/0.42/0.50
[2026-06-17T10:03:09.418+0800][4.673s][info][gc,mmu      ] GC(85) MMU: 2ms/1.0%, 5ms/60.4%, 10ms/80.1%, 20ms/90.0%, 50ms/94.3%, 100ms/96.0%
[2026-06-17T10:03:09.418+0800][4.673s][info][gc,marking  ] GC(85) Mark: 1 stripe(s), 1 proactive flush(es), 1 terminate flush(es), 0 completion(s), 0 continuation(s) 
[2026-06-17T10:03:09.418+0800][4.673s][info][gc,marking  ] GC(85) Mark Stack Usage: 32M
[2026-06-17T10:03:09.418+0800][4.673s][info][gc,nmethod  ] GC(85) NMethods: 76 registered, 5 unregistered
[2026-06-17T10:03:09.419+0800][4.673s][info][gc,metaspace] GC(85) Metaspace: 0M used, 0M committed, 1088M reserved
[2026-06-17T10:03:09.419+0800][4.673s][info][gc,ref      ] GC(85) Soft: 0 encountered, 0 discovered, 0 enqueued
[2026-06-17T10:03:09.419+0800][4.673s][info][gc,ref      ] GC(85) Weak: 6 encountered, 0 discovered, 0 enqueued
[2026-06-17T10:03:09.419+0800][4.674s][info][gc,ref      ] GC(85) Final: 0 encountered, 0 discovered, 0 enqueued
[2026-06-17T10:03:09.419+0800][4.674s][info][gc,ref      ] GC(85) Phantom: 1 encountered, 0 discovered, 0 enqueued
[2026-06-17T10:03:09.419+0800][4.674s][info][gc,reloc    ] GC(85) Small Pages: 10 / 20M, Empty: 10M, Relocated: 0M, In-Place: 0
[2026-06-17T10:03:09.419+0800][4.674s][info][gc,reloc    ] GC(85) Large Pages: 22 / 44M, Empty: 0M, Relocated: 0M, In-Place: 0
[2026-06-17T10:03:09.419+0800][4.674s][info][gc,reloc    ] GC(85) Forwarding Usage: 0M
[2026-06-17T10:03:09.420+0800][4.674s][info][gc,heap     ] GC(85) Min Capacity: 64M(100%)
[2026-06-17T10:03:09.420+0800][4.674s][info][gc,heap     ] GC(85) Max Capacity: 64M(100%)
[2026-06-17T10:03:09.420+0800][4.674s][info][gc,heap     ] GC(85) Soft Max Capacity: 64M(100%)
[2026-06-17T10:03:09.420+0800][4.674s][info][gc,heap     ] GC(85)                Mark Start          Mark End        Relocate Start      Relocate End           High               Low         
[2026-06-17T10:03:09.420+0800][4.675s][info][gc,heap     ] GC(85)  Capacity:       64M (100%)         64M (100%)         64M (100%)         64M (100%)         64M (100%)         64M (100%)   
[2026-06-17T10:03:09.420+0800][4.675s][info][gc,heap     ] GC(85)      Free:        0M (0%)            0M (0%)            8M (12%)           8M (12%)          10M (16%)           0M (0%)     
[2026-06-17T10:03:09.420+0800][4.675s][info][gc,heap     ] GC(85)      Used:       64M (100%)         64M (100%)         56M (88%)          56M (88%)          64M (100%)         54M (84%)    
[2026-06-17T10:03:09.420+0800][4.675s][info][gc,heap     ] GC(85)      Live:         -                52M (82%)          52M (82%)          52M (82%)            -                  -          
[2026-06-17T10:03:09.420+0800][4.675s][info][gc,heap     ] GC(85) Allocated:         -                 0M (0%)            2M (3%)            2M (3%)             -                  -          
[2026-06-17T10:03:09.421+0800][4.675s][info][gc,heap     ] GC(85)   Garbage:         -                11M (18%)           1M (3%)            1M (3%)             -                  -          
[2026-06-17T10:03:09.421+0800][4.675s][info][gc,heap     ] GC(85) Reclaimed:         -                  -                10M (16%)          10M (16%)            -                  -          
[2026-06-17T10:03:09.421+0800][4.675s][info][gc          ] GC(85) Garbage Collection (Allocation Stall) 64M(100%)->56M(88%)
[2026-06-17T10:03:09.439+0800][4.693s][info][gc,start    ] GC(86) Garbage Collection (Allocation Stall)
[2026-06-17T10:03:09.439+0800][4.694s][info][gc,ref      ] GC(86) Clearing All SoftReferences
[2026-06-17T10:03:09.439+0800][4.694s][info][gc,task     ] GC(86) Using 1 workers
[2026-06-17T10:03:09.440+0800][4.694s][info][gc,ref      ] GC(86) Clearing All SoftReferences
[2026-06-17T10:03:09.440+0800][4.695s][info][gc,phases   ] GC(86) Pause Mark Start 0.431ms
[2026-06-17T10:03:09.442+0800][4.697s][info][gc,phases   ] GC(86) Concurrent Mark 1.498ms
[2026-06-17T10:03:09.442+0800][4.697s][info][gc,phases   ] GC(86) Pause Mark End 0.009ms
[2026-06-17T10:03:09.443+0800][4.697s][info][gc,phases   ] GC(86) Concurrent Mark Free 0.001ms
[2026-06-17T10:03:09.443+0800][4.698s][info][gc,phases   ] GC(86) Concurrent Process Non-Strong References 0.414ms
[2026-06-17T10:03:09.443+0800][4.698s][info][gc,phases   ] GC(86) Concurrent Reset Relocation Set 0.001ms
[2026-06-17T10:03:09.445+0800][4.700s][info][gc,phases   ] GC(86) Concurrent Select Relocation Set 1.516ms
[2026-06-17T10:03:09.445+0800][4.700s][info][gc          ] Allocation Stall (main) 6.502ms
[2026-06-17T10:03:09.446+0800][4.700s][info][gc,phases   ] GC(86) Pause Relocate Start 0.004ms
[2026-06-17T10:03:09.447+0800][4.701s][info][gc,phases   ] GC(86) Concurrent Relocate 0.793ms
[2026-06-17T10:03:09.447+0800][4.702s][info][gc,load     ] GC(86) Load: 0.33/0.42/0.50
[2026-06-17T10:03:09.447+0800][4.702s][info][gc,mmu      ] GC(86) MMU: 2ms/1.0%, 5ms/60.4%, 10ms/80.1%, 20ms/90.0%, 50ms/94.3%, 100ms/96.0%
[2026-06-17T10:03:09.447+0800][4.702s][info][gc,marking  ] GC(86) Mark: 1 stripe(s), 1 proactive flush(es), 1 terminate flush(es), 0 completion(s), 0 continuation(s) 
[2026-06-17T10:03:09.448+0800][4.702s][info][gc,marking  ] GC(86) Mark Stack Usage: 32M
[2026-06-17T10:03:09.448+0800][4.702s][info][gc,nmethod  ] GC(86) NMethods: 76 registered, 5 unregistered
[2026-06-17T10:03:09.448+0800][4.702s][info][gc,metaspace] GC(86) Metaspace: 0M used, 0M committed, 1088M reserved
[2026-06-17T10:03:09.448+0800][4.703s][info][gc,ref      ] GC(86) Soft: 0 encountered, 0 discovered, 0 enqueued
[2026-06-17T10:03:09.448+0800][4.703s][info][gc,ref      ] GC(86) Weak: 6 encountered, 0 discovered, 0 enqueued
[2026-06-17T10:03:09.448+0800][4.703s][info][gc,ref      ] GC(86) Final: 0 encountered, 0 discovered, 0 enqueued
[2026-06-17T10:03:09.448+0800][4.703s][info][gc,ref      ] GC(86) Phantom: 1 encountered, 0 discovered, 0 enqueued
[2026-06-17T10:03:09.448+0800][4.703s][info][gc,reloc    ] GC(86) Small Pages: 10 / 20M, Empty: 10M, Relocated: 3M, In-Place: 0
[2026-06-17T10:03:09.449+0800][4.703s][info][gc,reloc    ] GC(86) Large Pages: 22 / 44M, Empty: 0M, Relocated: 0M, In-Place: 0
[2026-06-17T10:03:09.449+0800][4.703s][info][gc,reloc    ] GC(86) Forwarding Usage: 0M
[2026-06-17T10:03:09.449+0800][4.703s][info][gc,heap     ] GC(86) Min Capacity: 64M(100%)
[2026-06-17T10:03:09.449+0800][4.703s][info][gc,heap     ] GC(86) Max Capacity: 64M(100%)
[2026-06-17T10:03:09.449+0800][4.704s][info][gc,heap     ] GC(86) Soft Max Capacity: 64M(100%)
[2026-06-17T10:03:09.449+0800][4.704s][info][gc,heap     ] GC(86)                Mark Start          Mark End        Relocate Start      Relocate End           High               Low         
[2026-06-17T10:03:09.449+0800][4.704s][info][gc,heap     ] GC(86)  Capacity:       64M (100%)         64M (100%)         64M (100%)         64M (100%)         64M (100%)         64M (100%)   
[2026-06-17T10:03:09.449+0800][4.704s][info][gc,heap     ] GC(86)      Free:        0M (0%)            0M (0%)            8M (12%)           6M (9%)           10M (16%)           0M (0%)     
[2026-06-17T10:03:09.449+0800][4.704s][info][gc,heap     ] GC(86)      Used:       64M (100%)         64M (100%)         56M (88%)          58M (91%)          64M (100%)         54M (84%)    
[2026-06-17T10:03:09.449+0800][4.704s][info][gc,heap     ] GC(86)      Live:         -                50M (79%)          50M (79%)          50M (79%)            -                  -          
[2026-06-17T10:03:09.450+0800][4.704s][info][gc,heap     ] GC(86) Allocated:         -                 0M (0%)            2M (3%)            5M (9%)             -                  -          
[2026-06-17T10:03:09.450+0800][4.704s][info][gc,heap     ] GC(86)   Garbage:         -                13M (21%)           3M (5%)            1M (2%)             -                  -          
[2026-06-17T10:03:09.450+0800][4.704s][info][gc,heap     ] GC(86) Reclaimed:         -                  -                10M (16%)          11M (19%)            -                  -          
[2026-06-17T10:03:09.450+0800][4.704s][info][gc          ] GC(86) Garbage Collection (Allocation Stall) 64M(100%)->58M(91%)
[2026-06-17T10:03:09.467+0800][4.722s][info][gc,start    ] GC(87) Garbage Collection (Allocation Stall)
[2026-06-17T10:03:09.468+0800][4.722s][info][gc,ref      ] GC(87) Clearing All SoftReferences
[2026-06-17T10:03:09.468+0800][4.723s][info][gc,task     ] GC(87) Using 1 workers
[2026-06-17T10:03:09.469+0800][4.723s][info][gc,ref      ] GC(87) Clearing All SoftReferences
[2026-06-17T10:03:09.469+0800][4.723s][info][gc,phases   ] GC(87) Pause Mark Start 0.244ms
[2026-06-17T10:03:09.471+0800][4.725s][info][gc,phases   ] GC(87) Concurrent Mark 1.863ms
[2026-06-17T10:03:09.471+0800][4.726s][info][gc,phases   ] GC(87) Pause Mark End 0.007ms
[2026-06-17T10:03:09.472+0800][4.726s][info][gc,phases   ] GC(87) Concurrent Mark Free 0.002ms
[2026-06-17T10:03:09.472+0800][4.727s][info][gc,phases   ] GC(87) Concurrent Process Non-Strong References 0.440ms
[2026-06-17T10:03:09.473+0800][4.727s][info][gc,phases   ] GC(87) Concurrent Reset Relocation Set 0.001ms
[2026-06-17T10:03:09.474+0800][4.729s][info][gc          ] Allocation Stall (main) 6.660ms
[2026-06-17T10:03:09.474+0800][4.729s][info][gc,phases   ] GC(87) Concurrent Select Relocation Set 1.290ms
[2026-06-17T10:03:09.475+0800][4.729s][info][gc,phases   ] GC(87) Pause Relocate Start 0.005ms
[2026-06-17T10:03:09.475+0800][4.730s][info][gc,phases   ] GC(87) Concurrent Relocate 0.332ms
[2026-06-17T10:03:09.476+0800][4.730s][info][gc,load     ] GC(87) Load: 0.33/0.42/0.50
[2026-06-17T10:03:09.476+0800][4.730s][info][gc,mmu      ] GC(87) MMU: 2ms/1.0%, 5ms/60.4%, 10ms/80.1%, 20ms/90.0%, 50ms/94.3%, 100ms/96.0%
[2026-06-17T10:03:09.476+0800][4.730s][info][gc,marking  ] GC(87) Mark: 1 stripe(s), 1 proactive flush(es), 1 terminate flush(es), 0 completion(s), 0 continuation(s) 
[2026-06-17T10:03:09.476+0800][4.731s][info][gc,marking  ] GC(87) Mark Stack Usage: 32M
[2026-06-17T10:03:09.476+0800][4.731s][info][gc,nmethod  ] GC(87) NMethods: 76 registered, 5 unregistered
[2026-06-17T10:03:09.477+0800][4.731s][info][gc,metaspace] GC(87) Metaspace: 0M used, 0M committed, 1088M reserved
[2026-06-17T10:03:09.477+0800][4.731s][info][gc,ref      ] GC(87) Soft: 0 encountered, 0 discovered, 0 enqueued
[2026-06-17T10:03:09.477+0800][4.731s][info][gc,ref      ] GC(87) Weak: 6 encountered, 0 discovered, 0 enqueued
[2026-06-17T10:03:09.477+0800][4.732s][info][gc,ref      ] GC(87) Final: 0 encountered, 0 discovered, 0 enqueued
[2026-06-17T10:03:09.477+0800][4.732s][info][gc,ref      ] GC(87) Phantom: 1 encountered, 0 discovered, 0 enqueued
[2026-06-17T10:03:09.477+0800][4.732s][info][gc,reloc    ] GC(87) Small Pages: 8 / 16M, Empty: 6M, Relocated: 1M, In-Place: 0
[2026-06-17T10:03:09.477+0800][4.732s][info][gc,reloc    ] GC(87) Large Pages: 24 / 48M, Empty: 0M, Relocated: 0M, In-Place: 0
[2026-06-17T10:03:09.477+0800][4.732s][info][gc,reloc    ] GC(87) Forwarding Usage: 0M
[2026-06-17T10:03:09.478+0800][4.732s][info][gc,heap     ] GC(87) Min Capacity: 64M(100%)
[2026-06-17T10:03:09.478+0800][4.732s][info][gc,heap     ] GC(87) Max Capacity: 64M(100%)
[2026-06-17T10:03:09.478+0800][4.732s][info][gc,heap     ] GC(87) Soft Max Capacity: 64M(100%)
[2026-06-17T10:03:09.478+0800][4.732s][info][gc,heap     ] GC(87)                Mark Start          Mark End        Relocate Start      Relocate End           High               Low         
[2026-06-17T10:03:09.478+0800][4.733s][info][gc,heap     ] GC(87)  Capacity:       64M (100%)         64M (100%)         64M (100%)         64M (100%)         64M (100%)         64M (100%)   
[2026-06-17T10:03:09.478+0800][4.733s][info][gc,heap     ] GC(87)      Free:        0M (0%)            0M (0%)            4M (6%)            6M (9%)            6M (9%)            0M (0%)     
[2026-06-17T10:03:09.478+0800][4.733s][info][gc,heap     ] GC(87)      Used:       64M (100%)         64M (100%)         60M (94%)          58M (91%)          64M (100%)         58M (91%)    
[2026-06-17T10:03:09.478+0800][4.733s][info][gc,heap     ] GC(87)      Live:         -                54M (85%)          54M (85%)          54M (85%)            -                  -          
[2026-06-17T10:03:09.478+0800][4.733s][info][gc,heap     ] GC(87) Allocated:         -                 0M (0%)            2M (3%)            2M (3%)             -                  -          
[2026-06-17T10:03:09.478+0800][4.733s][info][gc,heap     ] GC(87)   Garbage:         -                 9M (15%)           3M (5%)            1M (2%)             -                  -          
[2026-06-17T10:03:09.479+0800][4.733s][info][gc,heap     ] GC(87) Reclaimed:         -                  -                 6M (9%)            8M (12%)            -                  -          
[2026-06-17T10:03:09.479+0800][4.733s][info][gc          ] GC(87) Garbage Collection (Allocation Stall) 64M(100%)->58M(91%)
[2026-06-17T10:03:09.486+0800][4.741s][info][gc,start    ] GC(88) Garbage Collection (Allocation Stall)
[2026-06-17T10:03:09.486+0800][4.741s][info][gc,ref      ] GC(88) Clearing All SoftReferences
[2026-06-17T10:03:09.487+0800][4.741s][info][gc,task     ] GC(88) Using 1 workers
[2026-06-17T10:03:09.487+0800][4.741s][info][gc,ref      ] GC(88) Clearing All SoftReferences
[2026-06-17T10:03:09.487+0800][4.742s][info][gc,phases   ] GC(88) Pause Mark Start 0.197ms
[2026-06-17T10:03:09.488+0800][4.743s][info][gc,phases   ] GC(88) Concurrent Mark 1.063ms
[2026-06-17T10:03:09.488+0800][4.743s][info][gc,phases   ] GC(88) Pause Mark End 0.006ms
[2026-06-17T10:03:09.489+0800][4.743s][info][gc,phases   ] GC(88) Concurrent Mark Free 0.001ms
[2026-06-17T10:03:09.489+0800][4.744s][info][gc,phases   ] GC(88) Concurrent Process Non-Strong References 0.285ms
[2026-06-17T10:03:09.489+0800][4.744s][info][gc,phases   ] GC(88) Concurrent Reset Relocation Set 0.000ms
[2026-06-17T10:03:09.490+0800][4.745s][info][gc          ] Allocation Stall (main) 4.185ms
[2026-06-17T10:03:09.490+0800][4.745s][info][gc,phases   ] GC(88) Concurrent Select Relocation Set 0.970ms
[2026-06-17T10:03:09.491+0800][4.745s][info][gc,phases   ] GC(88) Pause Relocate Start 0.003ms
[2026-06-17T10:03:09.491+0800][4.746s][info][gc          ] Allocation Stall (main) 0.425ms
[2026-06-17T10:03:09.491+0800][4.746s][info][gc,phases   ] GC(88) Concurrent Relocate 0.238ms
[2026-06-17T10:03:09.491+0800][4.746s][info][gc,load     ] GC(88) Load: 0.33/0.42/0.50
[2026-06-17T10:03:09.492+0800][4.746s][info][gc,mmu      ] GC(88) MMU: 2ms/1.0%, 5ms/60.4%, 10ms/80.1%, 20ms/90.0%, 50ms/94.3%, 100ms/96.0%
[2026-06-17T10:03:09.492+0800][4.746s][info][gc,marking  ] GC(88) Mark: 1 stripe(s), 1 proactive flush(es), 1 terminate flush(es), 0 completion(s), 0 continuation(s) 
[2026-06-17T10:03:09.492+0800][4.746s][info][gc,marking  ] GC(88) Mark Stack Usage: 32M
[2026-06-17T10:03:09.492+0800][4.746s][info][gc,nmethod  ] GC(88) NMethods: 77 registered, 5 unregistered
[2026-06-17T10:03:09.492+0800][4.746s][info][gc,metaspace] GC(88) Metaspace: 0M used, 0M committed, 1088M reserved
[2026-06-17T10:03:09.492+0800][4.747s][info][gc,ref      ] GC(88) Soft: 0 encountered, 0 discovered, 0 enqueued
[2026-06-17T10:03:09.492+0800][4.747s][info][gc,ref      ] GC(88) Weak: 6 encountered, 0 discovered, 0 enqueued
[2026-06-17T10:03:09.492+0800][4.747s][info][gc,ref      ] GC(88) Final: 0 encountered, 0 discovered, 0 enqueued
[2026-06-17T10:03:09.492+0800][4.747s][info][gc,ref      ] GC(88) Phantom: 1 encountered, 0 discovered, 0 enqueued
[2026-06-17T10:03:09.492+0800][4.747s][info][gc,reloc    ] GC(88) Small Pages: 6 / 12M, Empty: 2M, Relocated: 1M, In-Place: 1
[2026-06-17T10:03:09.492+0800][4.747s][info][gc,reloc    ] GC(88) Large Pages: 26 / 52M, Empty: 0M, Relocated: 0M, In-Place: 0
[2026-06-17T10:03:09.492+0800][4.747s][info][gc,reloc    ] GC(88) Forwarding Usage: 0M
[2026-06-17T10:03:09.492+0800][4.747s][info][gc,heap     ] GC(88) Min Capacity: 64M(100%)
[2026-06-17T10:03:09.492+0800][4.747s][info][gc,heap     ] GC(88) Max Capacity: 64M(100%)
[2026-06-17T10:03:09.493+0800][4.747s][info][gc,heap     ] GC(88) Soft Max Capacity: 64M(100%)
[2026-06-17T10:03:09.493+0800][4.747s][info][gc,heap     ] GC(88)                Mark Start          Mark End        Relocate Start      Relocate End           High               Low         
[2026-06-17T10:03:09.493+0800][4.747s][info][gc,heap     ] GC(88)  Capacity:       64M (100%)         64M (100%)         64M (100%)         64M (100%)         64M (100%)         64M (100%)   
[2026-06-17T10:03:09.493+0800][4.747s][info][gc,heap     ] GC(88)      Free:        0M (0%)            0M (0%)            0M (0%)            0M (0%)            2M (3%)            0M (0%)     
[2026-06-17T10:03:09.493+0800][4.747s][info][gc,heap     ] GC(88)      Used:       64M (100%)         64M (100%)         64M (100%)         64M (100%)         64M (100%)         62M (97%)    
[2026-06-17T10:03:09.493+0800][4.747s][info][gc,heap     ] GC(88)      Live:         -                58M (92%)          58M (92%)          58M (92%)            -                  -          
[2026-06-17T10:03:09.493+0800][4.748s][info][gc,heap     ] GC(88) Allocated:         -                 0M (0%)            2M (3%)            4M (6%)             -                  -          
[2026-06-17T10:03:09.493+0800][4.748s][info][gc,heap     ] GC(88)   Garbage:         -                 5M (8%)            3M (5%)            1M (2%)             -                  -          
[2026-06-17T10:03:09.493+0800][4.748s][info][gc,heap     ] GC(88) Reclaimed:         -                  -                 2M (3%)            4M (6%)             -                  -          
[2026-06-17T10:03:09.493+0800][4.748s][info][gc          ] GC(88) Garbage Collection (Allocation Stall) 64M(100%)->64M(100%)
[2026-06-17T10:03:09.493+0800][4.748s][info][gc,start    ] GC(89) Garbage Collection (Allocation Stall)
[2026-06-17T10:03:09.493+0800][4.748s][info][gc,ref      ] GC(89) Clearing All SoftReferences
[2026-06-17T10:03:09.493+0800][4.748s][info][gc,task     ] GC(89) Using 1 workers
[2026-06-17T10:03:09.494+0800][4.748s][info][gc,ref      ] GC(89) Clearing All SoftReferences
[2026-06-17T10:03:09.494+0800][4.748s][info][gc,phases   ] GC(89) Pause Mark Start 0.073ms
[2026-06-17T10:03:09.494+0800][4.749s][info][gc,phases   ] GC(89) Concurrent Mark 0.661ms
[2026-06-17T10:03:09.495+0800][4.749s][info][gc,phases   ] GC(89) Pause Mark End 0.004ms
[2026-06-17T10:03:09.495+0800][4.749s][info][gc,phases   ] GC(89) Concurrent Mark Free 0.001ms
[2026-06-17T10:03:09.495+0800][4.750s][info][gc,phases   ] GC(89) Concurrent Process Non-Strong References 0.197ms
[2026-06-17T10:03:09.495+0800][4.750s][info][gc,phases   ] GC(89) Concurrent Reset Relocation Set 0.001ms
[2026-06-17T10:03:09.496+0800][4.751s][info][gc,phases   ] GC(89) Concurrent Select Relocation Set 0.769ms
[2026-06-17T10:03:09.496+0800][4.751s][info][gc,phases   ] GC(89) Pause Relocate Start 0.003ms
[2026-06-17T10:03:09.497+0800][4.751s][info][gc,phases   ] GC(89) Concurrent Relocate 0.032ms
[2026-06-17T10:03:09.497+0800][4.752s][info][gc,load     ] GC(89) Load: 0.33/0.42/0.50
[2026-06-17T10:03:09.497+0800][4.752s][info][gc,mmu      ] GC(89) MMU: 2ms/1.0%, 5ms/60.4%, 10ms/80.1%, 20ms/90.0%, 50ms/94.3%, 100ms/96.0%
[2026-06-17T10:03:09.497+0800][4.752s][info][gc,marking  ] GC(89) Mark: 1 stripe(s), 1 proactive flush(es), 1 terminate flush(es), 0 completion(s), 0 continuation(s) 
[2026-06-17T10:03:09.497+0800][4.752s][info][gc,marking  ] GC(89) Mark Stack Usage: 32M
[2026-06-17T10:03:09.497+0800][4.752s][info][gc,nmethod  ] GC(89) NMethods: 77 registered, 5 unregistered
[2026-06-17T10:03:09.497+0800][4.752s][info][gc,metaspace] GC(89) Metaspace: 0M used, 0M committed, 1088M reserved
[2026-06-17T10:03:09.497+0800][4.752s][info][gc,ref      ] GC(89) Soft: 0 encountered, 0 discovered, 0 enqueued
[2026-06-17T10:03:09.497+0800][4.752s][info][gc,ref      ] GC(89) Weak: 6 encountered, 0 discovered, 0 enqueued
[2026-06-17T10:03:09.498+0800][4.752s][info][gc,ref      ] GC(89) Final: 0 encountered, 0 discovered, 0 enqueued
[2026-06-17T10:03:09.498+0800][4.752s][info][gc,ref      ] GC(89) Phantom: 1 encountered, 0 discovered, 0 enqueued
[2026-06-17T10:03:09.498+0800][4.752s][info][gc,reloc    ] GC(89) Small Pages: 4 / 8M, Empty: 0M, Relocated: 0M, In-Place: 0
[2026-06-17T10:03:09.498+0800][4.752s][info][gc,reloc    ] GC(89) Large Pages: 28 / 56M, Empty: 0M, Relocated: 0M, In-Place: 0
[2026-06-17T10:03:09.498+0800][4.752s][info][gc,reloc    ] GC(89) Forwarding Usage: 0M
[2026-06-17T10:03:09.498+0800][4.752s][info][gc,heap     ] GC(89) Min Capacity: 64M(100%)
[2026-06-17T10:03:09.498+0800][4.753s][info][gc,heap     ] GC(89) Max Capacity: 64M(100%)
[2026-06-17T10:03:09.498+0800][4.753s][info][gc,heap     ] GC(89) Soft Max Capacity: 64M(100%)
[2026-06-17T10:03:09.498+0800][4.753s][info][gc,heap     ] GC(89)                Mark Start          Mark End        Relocate Start      Relocate End           High               Low         
[2026-06-17T10:03:09.498+0800][4.753s][info][gc,heap     ] GC(89)  Capacity:       64M (100%)         64M (100%)         64M (100%)         64M (100%)         64M (100%)         64M (100%)   
[2026-06-17T10:03:09.498+0800][4.753s][info][gc,heap     ] GC(89)      Free:        0M (0%)            0M (0%)            0M (0%)            0M (0%)            0M (0%)            0M (0%)     
[2026-06-17T10:03:09.498+0800][4.753s][info][gc,heap     ] GC(89)      Used:       64M (100%)         64M (100%)         64M (100%)         64M (100%)         64M (100%)         64M (100%)   
[2026-06-17T10:03:09.498+0800][4.753s][info][gc,heap     ] GC(89)      Live:         -                62M (98%)          62M (98%)          62M (98%)            -                  -          
[2026-06-17T10:03:09.498+0800][4.753s][info][gc,heap     ] GC(89) Allocated:         -                 0M (0%)            0M (0%)            0M (0%)             -                  -          
[2026-06-17T10:03:09.499+0800][4.753s][info][gc,heap     ] GC(89)   Garbage:         -                 1M (2%)            1M (2%)            1M (2%)             -                  -          
[2026-06-17T10:03:09.499+0800][4.753s][info][gc,heap     ] GC(89) Reclaimed:         -                  -                 0M (0%)            0M (0%)             -                  -          
[2026-06-17T10:03:09.499+0800][4.753s][info][gc          ] GC(89) Garbage Collection (Allocation Stall) 64M(100%)->64M(100%)
[2026-06-17T10:03:09.499+0800][4.753s][info][gc          ] Allocation Stall (main) 7.271ms
[2026-06-17T10:03:09.499+0800][4.753s][info][gc          ] Out Of Memory (main)
[2026-06-17T10:03:09.499+0800][4.754s][info][gc,start    ] GC(90) Garbage Collection (Allocation Stall)
[2026-06-17T10:03:09.499+0800][4.754s][info][gc,ref      ] GC(90) Clearing All SoftReferences
[2026-06-17T10:03:09.499+0800][4.754s][info][gc,task     ] GC(90) Using 1 workers
[2026-06-17T10:03:09.499+0800][4.754s][info][gc,ref      ] GC(90) Clearing All SoftReferences
[2026-06-17T10:03:09.499+0800][4.754s][info][gc,phases   ] GC(90) Pause Mark Start 0.073ms
[2026-06-17T10:03:09.500+0800][4.755s][info][gc,phases   ] GC(90) Concurrent Mark 0.686ms
[2026-06-17T10:03:09.501+0800][4.755s][info][gc,phases   ] GC(90) Pause Mark End 0.004ms
[2026-06-17T10:03:09.504+0800][4.758s][info][gc,phases   ] GC(90) Concurrent Mark Free 0.001ms
[2026-06-17T10:03:09.504+0800][4.759s][info][gc,phases   ] GC(90) Concurrent Process Non-Strong References 0.204ms
[2026-06-17T10:03:09.504+0800][4.759s][info][gc,phases   ] GC(90) Concurrent Reset Relocation Set 0.001ms
[2026-06-17T10:03:09.505+0800][4.760s][info][gc,phases   ] GC(90) Concurrent Select Relocation Set 0.746ms
[2026-06-17T10:03:09.505+0800][4.760s][info][gc          ] Allocation Stall (main) 6.164ms
[2026-06-17T10:03:09.505+0800][4.760s][info][gc,phases   ] GC(90) Pause Relocate Start 0.003ms
[2026-06-17T10:03:09.506+0800][4.760s][info][gc,phases   ] GC(90) Concurrent Relocate 0.032ms
[2026-06-17T10:03:09.506+0800][4.760s][info][gc,load     ] GC(90) Load: 0.33/0.42/0.50
[2026-06-17T10:03:09.506+0800][4.760s][info][gc,mmu      ] GC(90) MMU: 2ms/1.0%, 5ms/60.4%, 10ms/80.1%, 20ms/90.0%, 50ms/94.3%, 100ms/96.0%
[2026-06-17T10:03:09.506+0800][4.760s][info][gc,marking  ] GC(90) Mark: 1 stripe(s), 1 proactive flush(es), 1 terminate flush(es), 0 completion(s), 0 continuation(s) 
[2026-06-17T10:03:09.506+0800][4.761s][info][gc,marking  ] GC(90) Mark Stack Usage: 32M
[2026-06-17T10:03:09.506+0800][4.761s][info][gc,nmethod  ] GC(90) NMethods: 77 registered, 5 unregistered
[2026-06-17T10:03:09.506+0800][4.761s][info][gc,metaspace] GC(90) Metaspace: 0M used, 0M committed, 1088M reserved
[2026-06-17T10:03:09.506+0800][4.761s][info][gc,ref      ] GC(90) Soft: 0 encountered, 0 discovered, 0 enqueued
[2026-06-17T10:03:09.506+0800][4.761s][info][gc,ref      ] GC(90) Weak: 6 encountered, 0 discovered, 0 enqueued
[2026-06-17T10:03:09.506+0800][4.761s][info][gc,ref      ] GC(90) Final: 0 encountered, 0 discovered, 0 enqueued
[2026-06-17T10:03:09.506+0800][4.761s][info][gc,ref      ] GC(90) Phantom: 1 encountered, 0 discovered, 0 enqueued
[2026-06-17T10:03:09.506+0800][4.761s][info][gc,reloc    ] GC(90) Small Pages: 4 / 8M, Empty: 0M, Relocated: 0M, In-Place: 0
[2026-06-17T10:03:09.507+0800][4.761s][info][gc,reloc    ] GC(90) Large Pages: 28 / 56M, Empty: 6M, Relocated: 0M, In-Place: 0
[2026-06-17T10:03:09.507+0800][4.761s][info][gc,reloc    ] GC(90) Forwarding Usage: 0M
[2026-06-17T10:03:09.507+0800][4.761s][info][gc,heap     ] GC(90) Min Capacity: 64M(100%)
[2026-06-17T10:03:09.507+0800][4.761s][info][gc,heap     ] GC(90) Max Capacity: 64M(100%)
[2026-06-17T10:03:09.507+0800][4.762s][info][gc,heap     ] GC(90) Soft Max Capacity: 64M(100%)
[2026-06-17T10:03:09.507+0800][4.762s][info][gc,heap     ] GC(90)                Mark Start          Mark End        Relocate Start      Relocate End           High               Low         
[2026-06-17T10:03:09.507+0800][4.762s][info][gc,heap     ] GC(90)  Capacity:       64M (100%)         64M (100%)         64M (100%)         64M (100%)         64M (100%)         64M (100%)   
[2026-06-17T10:03:09.507+0800][4.762s][info][gc,heap     ] GC(90)      Free:        0M (0%)            0M (0%)            4M (6%)            4M (6%)            6M (9%)            0M (0%)     
[2026-06-17T10:03:09.507+0800][4.762s][info][gc,heap     ] GC(90)      Used:       64M (100%)         64M (100%)         60M (94%)          60M (94%)          64M (100%)         58M (91%)    
[2026-06-17T10:03:09.507+0800][4.762s][info][gc,heap     ] GC(90)      Live:         -                56M (88%)          56M (88%)          56M (88%)            -                  -          
[2026-06-17T10:03:09.507+0800][4.762s][info][gc,heap     ] GC(90) Allocated:         -                 0M (0%)            2M (3%)            2M (3%)             -                  -          
[2026-06-17T10:03:09.507+0800][4.762s][info][gc,heap     ] GC(90)   Garbage:         -                 7M (12%)           1M (2%)            1M (2%)             -                  -          
[2026-06-17T10:03:09.508+0800][4.762s][info][gc,heap     ] GC(90) Reclaimed:         -                  -                 6M (9%)            6M (9%)             -                  -          
[2026-06-17T10:03:09.508+0800][4.762s][info][gc          ] GC(90) Garbage Collection (Allocation Stall) 64M(100%)->60M(94%)
[2026-06-17T10:03:09.573+0800][4.827s][info][gc,start    ] GC(91) Garbage Collection (Allocation Rate)
[2026-06-17T10:03:09.574+0800][4.829s][info][gc,task     ] GC(91) Using 1 workers
[2026-06-17T10:03:09.575+0800][4.829s][info][gc,phases   ] GC(91) Pause Mark Start 0.015ms
[2026-06-17T10:03:09.577+0800][4.831s][info][gc,phases   ] GC(91) Concurrent Mark 1.600ms
[2026-06-17T10:03:09.577+0800][4.832s][info][gc,phases   ] GC(91) Pause Mark End 0.014ms
[2026-06-17T10:03:09.578+0800][4.832s][info][gc,phases   ] GC(91) Concurrent Mark Free 0.002ms
[2026-06-17T10:03:09.578+0800][4.833s][info][gc,phases   ] GC(91) Concurrent Process Non-Strong References 0.651ms
[2026-06-17T10:03:09.579+0800][4.833s][info][gc,phases   ] GC(91) Concurrent Reset Relocation Set 0.001ms
[2026-06-17T10:03:09.581+0800][4.836s][info][gc,phases   ] GC(91) Concurrent Select Relocation Set 2.430ms
[2026-06-17T10:03:09.582+0800][4.836s][info][gc,phases   ] GC(91) Pause Relocate Start 0.007ms
[2026-06-17T10:03:09.583+0800][4.837s][info][gc,phases   ] GC(91) Concurrent Relocate 0.641ms
[2026-06-17T10:03:09.583+0800][4.838s][info][gc,load     ] GC(91) Load: 0.33/0.42/0.50
[2026-06-17T10:03:09.584+0800][4.838s][info][gc,mmu      ] GC(91) MMU: 2ms/1.0%, 5ms/60.4%, 10ms/80.1%, 20ms/90.0%, 50ms/94.3%, 100ms/96.0%
[2026-06-17T10:03:09.584+0800][4.838s][info][gc,marking  ] GC(91) Mark: 1 stripe(s), 1 proactive flush(es), 1 terminate flush(es), 0 completion(s), 0 continuation(s) 
[2026-06-17T10:03:09.584+0800][4.839s][info][gc,marking  ] GC(91) Mark Stack Usage: 32M
[2026-06-17T10:03:09.584+0800][4.839s][info][gc,nmethod  ] GC(91) NMethods: 77 registered, 5 unregistered
[2026-06-17T10:03:09.584+0800][4.839s][info][gc,metaspace] GC(91) Metaspace: 0M used, 0M committed, 1088M reserved
[2026-06-17T10:03:09.585+0800][4.839s][info][gc,ref      ] GC(91) Soft: 0 encountered, 0 discovered, 0 enqueued
[2026-06-17T10:03:09.585+0800][4.839s][info][gc,ref      ] GC(91) Weak: 6 encountered, 0 discovered, 0 enqueued
[2026-06-17T10:03:09.585+0800][4.839s][info][gc,ref      ] GC(91) Final: 0 encountered, 0 discovered, 0 enqueued
[2026-06-17T10:03:09.585+0800][4.840s][info][gc,ref      ] GC(91) Phantom: 1 encountered, 0 discovered, 0 enqueued
[2026-06-17T10:03:09.585+0800][4.840s][info][gc,reloc    ] GC(91) Small Pages: 5 / 10M, Empty: 4M, Relocated: 0M, In-Place: 0
[2026-06-17T10:03:09.586+0800][4.840s][info][gc,reloc    ] GC(91) Large Pages: 25 / 50M, Empty: 36M, Relocated: 0M, In-Place: 0
[2026-06-17T10:03:09.586+0800][4.840s][info][gc,reloc    ] GC(91) Forwarding Usage: 0M
[2026-06-17T10:03:09.586+0800][4.841s][info][gc,heap     ] GC(91) Min Capacity: 64M(100%)
[2026-06-17T10:03:09.586+0800][4.841s][info][gc,heap     ] GC(91) Max Capacity: 64M(100%)
[2026-06-17T10:03:09.586+0800][4.841s][info][gc,heap     ] GC(91) Soft Max Capacity: 64M(100%)
[2026-06-17T10:03:09.586+0800][4.841s][info][gc,heap     ] GC(91)                Mark Start          Mark End        Relocate Start      Relocate End           High               Low         
[2026-06-17T10:03:09.587+0800][4.841s][info][gc,heap     ] GC(91)  Capacity:       64M (100%)         64M (100%)         64M (100%)         64M (100%)         64M (100%)         64M (100%)   
[2026-06-17T10:03:09.587+0800][4.841s][info][gc,heap     ] GC(91)      Free:        4M (6%)            4M (6%)           44M (69%)          46M (72%)          46M (72%)           4M (6%)     
[2026-06-17T10:03:09.587+0800][4.841s][info][gc,heap     ] GC(91)      Used:       60M (94%)          60M (94%)          20M (31%)          18M (28%)          60M (94%)          18M (28%)    
[2026-06-17T10:03:09.587+0800][4.842s][info][gc,heap     ] GC(91)      Live:         -                16M (26%)          16M (26%)          16M (26%)            -                  -          
[2026-06-17T10:03:09.587+0800][4.842s][info][gc,heap     ] GC(91) Allocated:         -                 0M (0%)            0M (0%)            0M (0%)             -                  -          
[2026-06-17T10:03:09.587+0800][4.842s][info][gc,heap     ] GC(91)   Garbage:         -                43M (68%)           3M (6%)            1M (2%)             -                  -          
[2026-06-17T10:03:09.587+0800][4.842s][info][gc,heap     ] GC(91) Reclaimed:         -                  -                40M (62%)          42M (66%)            -                  -          
[2026-06-17T10:03:09.587+0800][4.842s][info][gc          ] GC(91) Garbage Collection (Allocation Rate) 60M(94%)->18M(28%)
[2026-06-17T10:03:09.772+0800][5.026s][info][gc,start    ] GC(92) Garbage Collection (Allocation Rate)
[2026-06-17T10:03:09.772+0800][5.027s][info][gc,task     ] GC(92) Using 1 workers
[2026-06-17T10:03:09.773+0800][5.027s][info][gc,phases   ] GC(92) Pause Mark Start 0.007ms
[2026-06-17T10:03:09.775+0800][5.030s][info][gc,phases   ] GC(92) Concurrent Mark 1.361ms
[2026-06-17T10:03:09.780+0800][5.035s][info][gc,phases   ] GC(92) Pause Mark End 0.012ms
[2026-06-17T10:03:09.785+0800][5.039s][info][gc,phases   ] GC(92) Concurrent Mark Free 0.002ms
[2026-06-17T10:03:09.787+0800][5.041s][info][gc,phases   ] GC(92) Concurrent Process Non-Strong References 0.371ms
[2026-06-17T10:03:09.787+0800][5.042s][info][gc,phases   ] GC(92) Concurrent Reset Relocation Set 0.001ms
[2026-06-17T10:03:09.789+0800][5.043s][info][gc,phases   ] GC(92) Concurrent Select Relocation Set 0.952ms
[2026-06-17T10:03:09.789+0800][5.044s][info][gc,phases   ] GC(92) Pause Relocate Start 0.006ms
[2026-06-17T10:03:09.790+0800][5.045s][info][gc,phases   ] GC(92) Concurrent Relocate 0.364ms
[2026-06-17T10:03:09.791+0800][5.045s][info][gc,load     ] GC(92) Load: 0.33/0.42/0.50
[2026-06-17T10:03:09.791+0800][5.046s][info][gc,mmu      ] GC(92) MMU: 2ms/1.0%, 5ms/60.4%, 10ms/80.1%, 20ms/90.0%, 50ms/94.3%, 100ms/96.0%
[2026-06-17T10:03:09.791+0800][5.046s][info][gc,marking  ] GC(92) Mark: 1 stripe(s), 2 proactive flush(es), 1 terminate flush(es), 0 completion(s), 0 continuation(s) 
[2026-06-17T10:03:09.792+0800][5.046s][info][gc,marking  ] GC(92) Mark Stack Usage: 32M
[2026-06-17T10:03:09.792+0800][5.047s][info][gc,nmethod  ] GC(92) NMethods: 77 registered, 5 unregistered
[2026-06-17T10:03:09.793+0800][5.047s][info][gc,metaspace] GC(92) Metaspace: 0M used, 0M committed, 1088M reserved
[2026-06-17T10:03:09.793+0800][5.048s][info][gc,ref      ] GC(92) Soft: 0 encountered, 0 discovered, 0 enqueued
[2026-06-17T10:03:09.794+0800][5.048s][info][gc,ref      ] GC(92) Weak: 6 encountered, 0 discovered, 0 enqueued
[2026-06-17T10:03:09.794+0800][5.049s][info][gc,ref      ] GC(92) Final: 0 encountered, 0 discovered, 0 enqueued
[2026-06-17T10:03:09.794+0800][5.049s][info][gc,ref      ] GC(92) Phantom: 1 encountered, 0 discovered, 0 enqueued
[2026-06-17T10:03:09.795+0800][5.049s][info][gc,reloc    ] GC(92) Small Pages: 13 / 26M, Empty: 16M, Relocated: 1M, In-Place: 0
[2026-06-17T10:03:09.795+0800][5.050s][info][gc,reloc    ] GC(92) Large Pages: 9 / 18M, Empty: 0M, Relocated: 0M, In-Place: 0
[2026-06-17T10:03:09.796+0800][5.050s][info][gc,reloc    ] GC(92) Forwarding Usage: 0M
[2026-06-17T10:03:09.799+0800][5.053s][info][gc,heap     ] GC(92) Min Capacity: 64M(100%)
[2026-06-17T10:03:09.799+0800][5.054s][info][gc,heap     ] GC(92) Max Capacity: 64M(100%)
[2026-06-17T10:03:09.800+0800][5.054s][info][gc,heap     ] GC(92) Soft Max Capacity: 64M(100%)
[2026-06-17T10:03:09.800+0800][5.055s][info][gc,heap     ] GC(92)                Mark Start          Mark End        Relocate Start      Relocate End           High               Low         
[2026-06-17T10:03:09.800+0800][5.055s][info][gc,heap     ] GC(92)  Capacity:       64M (100%)         64M (100%)         64M (100%)         64M (100%)         64M (100%)         64M (100%)   
[2026-06-17T10:03:09.803+0800][5.058s][info][gc,heap     ] GC(92)      Free:       20M (31%)          12M (19%)          24M (38%)          26M (41%)          26M (41%)           8M (12%)    
[2026-06-17T10:03:09.804+0800][5.058s][info][gc,heap     ] GC(92)      Used:       44M (69%)          52M (81%)          40M (62%)          38M (59%)          56M (88%)          38M (59%)    
[2026-06-17T10:03:09.804+0800][5.059s][info][gc,heap     ] GC(92)      Live:         -                24M (38%)          24M (38%)          24M (38%)            -                  -          
[2026-06-17T10:03:09.804+0800][5.059s][info][gc,heap     ] GC(92) Allocated:         -                 8M (12%)          12M (19%)          12M (19%)            -                  -          
[2026-06-17T10:03:09.805+0800][5.059s][info][gc,heap     ] GC(92)   Garbage:         -                19M (31%)           3M (6%)            1M (3%)             -                  -          
[2026-06-17T10:03:09.805+0800][5.060s][info][gc,heap     ] GC(92) Reclaimed:         -                  -                16M (25%)          18M (28%)            -                  -          
[2026-06-17T10:03:09.805+0800][5.060s][info][gc          ] GC(92) Garbage Collection (Allocation Rate) 44M(69%)->38M(59%)
[2026-06-17T10:03:09.841+0800][5.095s][info][gc,start    ] GC(93) Garbage Collection (Allocation Stall)
[2026-06-17T10:03:09.844+0800][5.099s][info][gc,ref      ] GC(93) Clearing All SoftReferences
[2026-06-17T10:03:09.848+0800][5.103s][info][gc,task     ] GC(93) Using 1 workers
[2026-06-17T10:03:09.850+0800][5.105s][info][gc,ref      ] GC(93) Clearing All SoftReferences
[2026-06-17T10:03:09.854+0800][5.109s][info][gc,phases   ] GC(93) Pause Mark Start 3.643ms
[2026-06-17T10:03:09.860+0800][5.115s][info][gc,phases   ] GC(93) Concurrent Mark 1.769ms
[2026-06-17T10:03:09.864+0800][5.119s][info][gc,phases   ] GC(93) Pause Mark End 0.011ms
[2026-06-17T10:03:09.867+0800][5.121s][info][gc,phases   ] GC(93) Concurrent Mark Free 0.001ms
[2026-06-17T10:03:09.867+0800][5.122s][info][gc,phases   ] GC(93) Concurrent Process Non-Strong References 0.258ms
[2026-06-17T10:03:09.868+0800][5.122s][info][gc,phases   ] GC(93) Concurrent Reset Relocation Set 0.004ms
[2026-06-17T10:03:09.869+0800][5.123s][info][gc,phases   ] GC(93) Concurrent Select Relocation Set 0.736ms
[2026-06-17T10:03:09.869+0800][5.123s][info][gc          ] Allocation Stall (main) 27.931ms
[2026-06-17T10:03:09.876+0800][5.131s][info][gc,phases   ] GC(93) Pause Relocate Start 0.006ms
[2026-06-17T10:03:09.881+0800][5.136s][info][gc,phases   ] GC(93) Concurrent Relocate 1.003ms
[2026-06-17T10:03:09.886+0800][5.141s][info][gc,load     ] GC(93) Load: 0.33/0.42/0.50
[2026-06-17T10:03:09.892+0800][5.147s][info][gc,mmu      ] GC(93) MMU: 2ms/0.0%, 5ms/27.1%, 10ms/63.6%, 20ms/81.7%, 50ms/92.7%, 100ms/96.0%
[2026-06-17T10:03:09.896+0800][5.151s][info][gc,marking  ] GC(93) Mark: 1 stripe(s), 1 proactive flush(es), 1 terminate flush(es), 0 completion(s), 0 continuation(s) 
[2026-06-17T10:03:09.897+0800][5.152s][info][gc,marking  ] GC(93) Mark Stack Usage: 32M
[2026-06-17T10:03:09.897+0800][5.152s][info][gc,nmethod  ] GC(93) NMethods: 77 registered, 5 unregistered
[2026-06-17T10:03:09.898+0800][5.152s][info][gc,metaspace] GC(93) Metaspace: 0M used, 0M committed, 1088M reserved
[2026-06-17T10:03:09.902+0800][5.157s][info][gc,ref      ] GC(93) Soft: 0 encountered, 0 discovered, 0 enqueued
[2026-06-17T10:03:09.906+0800][5.161s][info][gc,ref      ] GC(93) Weak: 6 encountered, 0 discovered, 0 enqueued
[2026-06-17T10:03:09.913+0800][5.168s][info][gc,ref      ] GC(93) Final: 0 encountered, 0 discovered, 0 enqueued
[2026-06-17T10:03:09.914+0800][5.169s][info][gc,ref      ] GC(93) Phantom: 1 encountered, 0 discovered, 0 enqueued
[2026-06-17T10:03:09.915+0800][5.169s][info][gc,reloc    ] GC(93) Small Pages: 16 / 32M, Empty: 20M, Relocated: 3M, In-Place: 0
[2026-06-17T10:03:09.915+0800][5.169s][info][gc,reloc    ] GC(93) Large Pages: 16 / 32M, Empty: 0M, Relocated: 0M, In-Place: 0
[2026-06-17T10:03:09.917+0800][5.171s][info][gc,reloc    ] GC(93) Forwarding Usage: 0M
[2026-06-17T10:03:09.919+0800][5.174s][info][gc,heap     ] GC(93) Min Capacity: 64M(100%)
[2026-06-17T10:03:09.921+0800][5.175s][info][gc,heap     ] GC(93) Max Capacity: 64M(100%)
[2026-06-17T10:03:09.925+0800][5.179s][info][gc,heap     ] GC(93) Soft Max Capacity: 64M(100%)
[2026-06-17T10:03:09.928+0800][5.183s][info][gc,heap     ] GC(93)                Mark Start          Mark End        Relocate Start      Relocate End           High               Low         
[2026-06-17T10:03:09.929+0800][5.183s][info][gc,heap     ] GC(93)  Capacity:       64M (100%)         64M (100%)         64M (100%)         64M (100%)         64M (100%)         64M (100%)   
[2026-06-17T10:03:09.932+0800][5.187s][info][gc,heap     ] GC(93)      Free:        0M (0%)            0M (0%)           18M (28%)          18M (28%)          20M (31%)           0M (0%)     
[2026-06-17T10:03:09.934+0800][5.188s][info][gc,heap     ] GC(93)      Used:       64M (100%)         64M (100%)         46M (72%)          46M (72%)          64M (100%)         44M (69%)    
[2026-06-17T10:03:09.936+0800][5.190s][info][gc,heap     ] GC(93)      Live:         -                37M (58%)          37M (58%)          37M (58%)            -                  -          
[2026-06-17T10:03:09.938+0800][5.193s][info][gc,heap     ] GC(93) Allocated:         -                 0M (0%)            2M (3%)            7M (12%)            -                  -          
[2026-06-17T10:03:09.942+0800][5.196s][info][gc,heap     ] GC(93)   Garbage:         -                26M (42%)           6M (11%)           0M (1%)             -                  -          
[2026-06-17T10:03:09.943+0800][5.198s][info][gc,heap     ] GC(93) Reclaimed:         -                  -                20M (31%)          25M (41%)            -                  -          
[2026-06-17T10:03:09.944+0800][5.199s][info][gc          ] GC(93) Garbage Collection (Allocation Stall) 64M(100%)->46M(72%)
[2026-06-17T10:03:09.945+0800][5.200s][info][gc,start    ] GC(94) Garbage Collection (Allocation Stall)
[2026-06-17T10:03:09.946+0800][5.200s][info][gc,ref      ] GC(94) Clearing All SoftReferences
[2026-06-17T10:03:09.948+0800][5.203s][info][gc,task     ] GC(94) Using 1 workers
[2026-06-17T10:03:09.960+0800][5.215s][info][gc,ref      ] GC(94) Clearing All SoftReferences
[2026-06-17T10:03:09.961+0800][5.215s][info][gc,phases   ] GC(94) Pause Mark Start 0.423ms
[2026-06-17T10:03:09.970+0800][5.224s][info][gc,phases   ] GC(94) Concurrent Mark 1.409ms
[2026-06-17T10:03:09.971+0800][5.225s][info][gc,phases   ] GC(94) Pause Mark End 0.009ms
[2026-06-17T10:03:09.971+0800][5.226s][info][gc,phases   ] GC(94) Concurrent Mark Free 0.001ms
[2026-06-17T10:03:09.972+0800][5.226s][info][gc,phases   ] GC(94) Concurrent Process Non-Strong References 0.322ms
[2026-06-17T10:03:09.972+0800][5.226s][info][gc,phases   ] GC(94) Concurrent Reset Relocation Set 0.001ms
[2026-06-17T10:03:09.973+0800][5.228s][info][gc          ] Allocation Stall (main) 58.522ms
[2026-06-17T10:03:09.973+0800][5.228s][info][gc,phases   ] GC(94) Concurrent Select Relocation Set 1.028ms
[2026-06-17T10:03:09.974+0800][5.228s][info][gc,phases   ] GC(94) Pause Relocate Start 0.003ms
[2026-06-17T10:03:09.974+0800][5.229s][info][gc,phases   ] GC(94) Concurrent Relocate 0.198ms
[2026-06-17T10:03:09.974+0800][5.229s][info][gc,load     ] GC(94) Load: 0.33/0.42/0.50
[2026-06-17T10:03:09.974+0800][5.229s][info][gc,mmu      ] GC(94) MMU: 2ms/0.0%, 5ms/27.1%, 10ms/63.6%, 20ms/81.7%, 50ms/92.7%, 100ms/96.0%
[2026-06-17T10:03:09.975+0800][5.229s][info][gc,marking  ] GC(94) Mark: 1 stripe(s), 1 proactive flush(es), 1 terminate flush(es), 0 completion(s), 0 continuation(s) 
[2026-06-17T10:03:09.975+0800][5.229s][info][gc,marking  ] GC(94) Mark Stack Usage: 32M
[2026-06-17T10:03:09.975+0800][5.229s][info][gc,nmethod  ] GC(94) NMethods: 77 registered, 5 unregistered
[2026-06-17T10:03:09.975+0800][5.230s][info][gc,metaspace] GC(94) Metaspace: 0M used, 0M committed, 1088M reserved
[2026-06-17T10:03:09.975+0800][5.230s][info][gc,ref      ] GC(94) Soft: 0 encountered, 0 discovered, 0 enqueued
[2026-06-17T10:03:09.975+0800][5.230s][info][gc,ref      ] GC(94) Weak: 6 encountered, 0 discovered, 0 enqueued
[2026-06-17T10:03:09.975+0800][5.230s][info][gc,ref      ] GC(94) Final: 0 encountered, 0 discovered, 0 enqueued
[2026-06-17T10:03:09.976+0800][5.230s][info][gc,ref      ] GC(94) Phantom: 1 encountered, 0 discovered, 0 enqueued
[2026-06-17T10:03:09.976+0800][5.230s][info][gc,reloc    ] GC(94) Small Pages: 10 / 20M, Empty: 8M, Relocated: 1M, In-Place: 0
[2026-06-17T10:03:09.976+0800][5.230s][info][gc,reloc    ] GC(94) Large Pages: 22 / 44M, Empty: 0M, Relocated: 0M, In-Place: 0
[2026-06-17T10:03:09.976+0800][5.230s][info][gc,reloc    ] GC(94) Forwarding Usage: 0M
[2026-06-17T10:03:09.976+0800][5.231s][info][gc,heap     ] GC(94) Min Capacity: 64M(100%)
[2026-06-17T10:03:09.976+0800][5.231s][info][gc,heap     ] GC(94) Max Capacity: 64M(100%)
[2026-06-17T10:03:09.976+0800][5.231s][info][gc,heap     ] GC(94) Soft Max Capacity: 64M(100%)
[2026-06-17T10:03:09.976+0800][5.231s][info][gc,heap     ] GC(94)                Mark Start          Mark End        Relocate Start      Relocate End           High               Low         
[2026-06-17T10:03:09.976+0800][5.231s][info][gc,heap     ] GC(94)  Capacity:       64M (100%)         64M (100%)         64M (100%)         64M (100%)         64M (100%)         64M (100%)   
[2026-06-17T10:03:09.976+0800][5.231s][info][gc,heap     ] GC(94)      Free:        0M (0%)            0M (0%)            6M (9%)            8M (12%)           8M (12%)           0M (0%)     
[2026-06-17T10:03:09.977+0800][5.231s][info][gc,heap     ] GC(94)      Used:       64M (100%)         64M (100%)         58M (91%)          56M (88%)          64M (100%)         56M (88%)    
[2026-06-17T10:03:09.977+0800][5.231s][info][gc,heap     ] GC(94)      Live:         -                50M (78%)          50M (78%)          50M (78%)            -                  -          
[2026-06-17T10:03:09.977+0800][5.231s][info][gc,heap     ] GC(94) Allocated:         -                 0M (0%)            2M (3%)            3M (6%)             -                  -          
[2026-06-17T10:03:09.977+0800][5.231s][info][gc,heap     ] GC(94)   Garbage:         -                13M (22%)           5M (9%)            1M (3%)             -                  -          
[2026-06-17T10:03:09.977+0800][5.231s][info][gc,heap     ] GC(94) Reclaimed:         -                  -                 8M (12%)          11M (19%)            -                  -          
[2026-06-17T10:03:09.977+0800][5.232s][info][gc          ] GC(94) Garbage Collection (Allocation Stall) 64M(100%)->56M(88%)
[2026-06-17T10:03:10.006+0800][5.260s][info][gc,start    ] GC(95) Garbage Collection (Allocation Stall)
[2026-06-17T10:03:10.006+0800][5.261s][info][gc,ref      ] GC(95) Clearing All SoftReferences
[2026-06-17T10:03:10.006+0800][5.261s][info][gc,task     ] GC(95) Using 1 workers
[2026-06-17T10:03:10.007+0800][5.261s][info][gc,ref      ] GC(95) Clearing All SoftReferences
[2026-06-17T10:03:10.007+0800][5.261s][info][gc,phases   ] GC(95) Pause Mark Start 0.238ms
[2026-06-17T10:03:10.008+0800][5.263s][info][gc,phases   ] GC(95) Concurrent Mark 1.092ms
[2026-06-17T10:03:10.008+0800][5.263s][info][gc,phases   ] GC(95) Pause Mark End 0.006ms
[2026-06-17T10:03:10.009+0800][5.263s][info][gc,phases   ] GC(95) Concurrent Mark Free 0.001ms
[2026-06-17T10:03:10.009+0800][5.264s][info][gc,phases   ] GC(95) Concurrent Process Non-Strong References 0.284ms
[2026-06-17T10:03:10.009+0800][5.264s][info][gc,phases   ] GC(95) Concurrent Reset Relocation Set 0.001ms
[2026-06-17T10:03:10.011+0800][5.265s][info][gc          ] Allocation Stall (main) 5.004ms
[2026-06-17T10:03:10.011+0800][5.265s][info][gc,phases   ] GC(95) Concurrent Select Relocation Set 1.069ms
[2026-06-17T10:03:10.011+0800][5.266s][info][gc,phases   ] GC(95) Pause Relocate Start 0.004ms
[2026-06-17T10:03:10.012+0800][5.266s][info][gc          ] Allocation Stall (main) 0.036ms
[2026-06-17T10:03:10.012+0800][5.266s][info][gc,phases   ] GC(95) Concurrent Relocate 0.369ms
[2026-06-17T10:03:10.012+0800][5.267s][info][gc,load     ] GC(95) Load: 0.33/0.42/0.50
[2026-06-17T10:03:10.012+0800][5.267s][info][gc,mmu      ] GC(95) MMU: 2ms/0.0%, 5ms/27.1%, 10ms/63.6%, 20ms/81.7%, 50ms/92.7%, 100ms/96.0%
[2026-06-17T10:03:10.012+0800][5.267s][info][gc,marking  ] GC(95) Mark: 1 stripe(s), 1 proactive flush(es), 1 terminate flush(es), 0 completion(s), 0 continuation(s) 
[2026-06-17T10:03:10.013+0800][5.267s][info][gc,marking  ] GC(95) Mark Stack Usage: 32M
[2026-06-17T10:03:10.013+0800][5.267s][info][gc,nmethod  ] GC(95) NMethods: 77 registered, 5 unregistered
[2026-06-17T10:03:10.013+0800][5.268s][info][gc,metaspace] GC(95) Metaspace: 0M used, 0M committed, 1088M reserved
[2026-06-17T10:03:10.013+0800][5.268s][info][gc,ref      ] GC(95) Soft: 0 encountered, 0 discovered, 0 enqueued
[2026-06-17T10:03:10.013+0800][5.268s][info][gc,ref      ] GC(95) Weak: 6 encountered, 0 discovered, 0 enqueued
[2026-06-17T10:03:10.013+0800][5.268s][info][gc,ref      ] GC(95) Final: 0 encountered, 0 discovered, 0 enqueued
[2026-06-17T10:03:10.013+0800][5.268s][info][gc,ref      ] GC(95) Phantom: 1 encountered, 0 discovered, 0 enqueued
[2026-06-17T10:03:10.013+0800][5.268s][info][gc,reloc    ] GC(95) Small Pages: 8 / 16M, Empty: 4M, Relocated: 3M, In-Place: 1
[2026-06-17T10:03:10.013+0800][5.268s][info][gc,reloc    ] GC(95) Large Pages: 24 / 48M, Empty: 0M, Relocated: 0M, In-Place: 0
[2026-06-17T10:03:10.014+0800][5.268s][info][gc,reloc    ] GC(95) Forwarding Usage: 0M
[2026-06-17T10:03:10.014+0800][5.268s][info][gc,heap     ] GC(95) Min Capacity: 64M(100%)
[2026-06-17T10:03:10.014+0800][5.268s][info][gc,heap     ] GC(95) Max Capacity: 64M(100%)
[2026-06-17T10:03:10.014+0800][5.268s][info][gc,heap     ] GC(95) Soft Max Capacity: 64M(100%)
[2026-06-17T10:03:10.014+0800][5.268s][info][gc,heap     ] GC(95)                Mark Start          Mark End        Relocate Start      Relocate End           High               Low         
[2026-06-17T10:03:10.014+0800][5.269s][info][gc,heap     ] GC(95)  Capacity:       64M (100%)         64M (100%)         64M (100%)         64M (100%)         64M (100%)         64M (100%)   
[2026-06-17T10:03:10.014+0800][5.269s][info][gc,heap     ] GC(95)      Free:        0M (0%)            0M (0%)            2M (3%)            2M (3%)            4M (6%)            0M (0%)     
[2026-06-17T10:03:10.014+0800][5.269s][info][gc,heap     ] GC(95)      Used:       64M (100%)         64M (100%)         62M (97%)          62M (97%)          64M (100%)         60M (94%)    
[2026-06-17T10:03:10.014+0800][5.269s][info][gc,heap     ] GC(95)      Live:         -                55M (86%)          55M (86%)          55M (86%)            -                  -          
[2026-06-17T10:03:10.014+0800][5.269s][info][gc,heap     ] GC(95) Allocated:         -                 0M (0%)            2M (3%)            5M (9%)             -                  -          
[2026-06-17T10:03:10.014+0800][5.269s][info][gc,heap     ] GC(95)   Garbage:         -                 8M (14%)           4M (7%)            0M (1%)             -                  -          
[2026-06-17T10:03:10.014+0800][5.269s][info][gc,heap     ] GC(95) Reclaimed:         -                  -                 4M (6%)            7M (12%)            -                  -          
[2026-06-17T10:03:10.015+0800][5.269s][info][gc          ] GC(95) Garbage Collection (Allocation Stall) 64M(100%)->62M(97%)
[2026-06-17T10:03:10.023+0800][5.277s][info][gc,start    ] GC(96) Garbage Collection (Allocation Stall)
[2026-06-17T10:03:10.023+0800][5.277s][info][gc,ref      ] GC(96) Clearing All SoftReferences
[2026-06-17T10:03:10.023+0800][5.278s][info][gc,task     ] GC(96) Using 1 workers
[2026-06-17T10:03:10.023+0800][5.278s][info][gc,ref      ] GC(96) Clearing All SoftReferences
[2026-06-17T10:03:10.023+0800][5.278s][info][gc,phases   ] GC(96) Pause Mark Start 0.158ms
[2026-06-17T10:03:10.024+0800][5.279s][info][gc,phases   ] GC(96) Concurrent Mark 0.812ms
[2026-06-17T10:03:10.024+0800][5.279s][info][gc,phases   ] GC(96) Pause Mark End 0.006ms
[2026-06-17T10:03:10.025+0800][5.279s][info][gc,phases   ] GC(96) Concurrent Mark Free 0.002ms
[2026-06-17T10:03:10.025+0800][5.280s][info][gc,phases   ] GC(96) Concurrent Process Non-Strong References 0.231ms
[2026-06-17T10:03:10.025+0800][5.280s][info][gc,phases   ] GC(96) Concurrent Reset Relocation Set 0.002ms
[2026-06-17T10:03:10.026+0800][5.281s][info][gc,phases   ] GC(96) Concurrent Select Relocation Set 0.791ms
[2026-06-17T10:03:10.026+0800][5.281s][info][gc,phases   ] GC(96) Pause Relocate Start 0.003ms
[2026-06-17T10:03:10.026+0800][5.281s][info][gc          ] Allocation Stall (main) 3.891ms
[2026-06-17T10:03:10.026+0800][5.281s][info][gc,phases   ] GC(96) Concurrent Relocate 0.149ms
[2026-06-17T10:03:10.027+0800][5.281s][info][gc,load     ] GC(96) Load: 0.33/0.42/0.50
[2026-06-17T10:03:10.027+0800][5.281s][info][gc,mmu      ] GC(96) MMU: 2ms/0.0%, 5ms/27.1%, 10ms/63.6%, 20ms/81.7%, 50ms/92.7%, 100ms/96.0%
[2026-06-17T10:03:10.027+0800][5.281s][info][gc,marking  ] GC(96) Mark: 1 stripe(s), 1 proactive flush(es), 1 terminate flush(es), 0 completion(s), 0 continuation(s) 
[2026-06-17T10:03:10.027+0800][5.282s][info][gc,marking  ] GC(96) Mark Stack Usage: 32M
[2026-06-17T10:03:10.027+0800][5.282s][info][gc,nmethod  ] GC(96) NMethods: 77 registered, 5 unregistered
[2026-06-17T10:03:10.027+0800][5.282s][info][gc,metaspace] GC(96) Metaspace: 0M used, 0M committed, 1088M reserved
[2026-06-17T10:03:10.027+0800][5.282s][info][gc,ref      ] GC(96) Soft: 0 encountered, 0 discovered, 0 enqueued
[2026-06-17T10:03:10.027+0800][5.282s][info][gc,ref      ] GC(96) Weak: 6 encountered, 0 discovered, 0 enqueued
[2026-06-17T10:03:10.027+0800][5.282s][info][gc,ref      ] GC(96) Final: 0 encountered, 0 discovered, 0 enqueued
[2026-06-17T10:03:10.027+0800][5.282s][info][gc,ref      ] GC(96) Phantom: 1 encountered, 0 discovered, 0 enqueued
[2026-06-17T10:03:10.027+0800][5.282s][info][gc,reloc    ] GC(96) Small Pages: 7 / 14M, Empty: 0M, Relocated: 1M, In-Place: 1
[2026-06-17T10:03:10.028+0800][5.282s][info][gc,reloc    ] GC(96) Large Pages: 25 / 50M, Empty: 0M, Relocated: 0M, In-Place: 0
[2026-06-17T10:03:10.028+0800][5.282s][info][gc,reloc    ] GC(96) Forwarding Usage: 0M
[2026-06-17T10:03:10.028+0800][5.282s][info][gc,heap     ] GC(96) Min Capacity: 64M(100%)
[2026-06-17T10:03:10.028+0800][5.282s][info][gc,heap     ] GC(96) Max Capacity: 64M(100%)
[2026-06-17T10:03:10.028+0800][5.282s][info][gc,heap     ] GC(96) Soft Max Capacity: 64M(100%)
[2026-06-17T10:03:10.028+0800][5.282s][info][gc,heap     ] GC(96)                Mark Start          Mark End        Relocate Start      Relocate End           High               Low         
[2026-06-17T10:03:10.028+0800][5.283s][info][gc,heap     ] GC(96)  Capacity:       64M (100%)         64M (100%)         64M (100%)         64M (100%)         64M (100%)         64M (100%)   
[2026-06-17T10:03:10.028+0800][5.283s][info][gc,heap     ] GC(96)      Free:        0M (0%)            0M (0%)            0M (0%)            0M (0%)            2M (3%)            0M (0%)     
[2026-06-17T10:03:10.028+0800][5.283s][info][gc,heap     ] GC(96)      Used:       64M (100%)         64M (100%)         64M (100%)         64M (100%)         64M (100%)         62M (97%)    
[2026-06-17T10:03:10.028+0800][5.283s][info][gc,heap     ] GC(96)      Live:         -                59M (93%)          59M (93%)          59M (93%)            -                  -          
[2026-06-17T10:03:10.029+0800][5.283s][info][gc,heap     ] GC(96) Allocated:         -                 0M (0%)            0M (0%)            2M (3%)             -                  -          
[2026-06-17T10:03:10.029+0800][5.283s][info][gc,heap     ] GC(96)   Garbage:         -                 4M (7%)            4M (7%)            2M (4%)             -                  -          
[2026-06-17T10:03:10.029+0800][5.283s][info][gc,heap     ] GC(96) Reclaimed:         -                  -                 0M (0%)            2M (3%)             -                  -          
[2026-06-17T10:03:10.029+0800][5.284s][info][gc          ] GC(96) Garbage Collection (Allocation Stall) 64M(100%)->64M(100%)
[2026-06-17T10:03:10.037+0800][5.291s][info][gc,start    ] GC(97) Garbage Collection (Allocation Stall)
[2026-06-17T10:03:10.037+0800][5.292s][info][gc,ref      ] GC(97) Clearing All SoftReferences
[2026-06-17T10:03:10.037+0800][5.292s][info][gc,task     ] GC(97) Using 1 workers
[2026-06-17T10:03:10.037+0800][5.292s][info][gc,ref      ] GC(97) Clearing All SoftReferences
[2026-06-17T10:03:10.037+0800][5.292s][info][gc,phases   ] GC(97) Pause Mark Start 0.127ms
[2026-06-17T10:03:10.038+0800][5.293s][info][gc,phases   ] GC(97) Concurrent Mark 0.679ms
[2026-06-17T10:03:10.038+0800][5.293s][info][gc,phases   ] GC(97) Pause Mark End 0.004ms
[2026-06-17T10:03:10.038+0800][5.293s][info][gc,phases   ] GC(97) Concurrent Mark Free 0.000ms
[2026-06-17T10:03:10.039+0800][5.293s][info][gc,phases   ] GC(97) Concurrent Process Non-Strong References 0.218ms
[2026-06-17T10:03:10.039+0800][5.293s][info][gc,phases   ] GC(97) Concurrent Reset Relocation Set 0.001ms
[2026-06-17T10:03:10.040+0800][5.294s][info][gc,phases   ] GC(97) Concurrent Select Relocation Set 0.792ms
[2026-06-17T10:03:10.040+0800][5.295s][info][gc,phases   ] GC(97) Pause Relocate Start 0.003ms
[2026-06-17T10:03:10.040+0800][5.295s][info][gc          ] Allocation Stall (main) 3.484ms
[2026-06-17T10:03:10.040+0800][5.295s][info][gc,phases   ] GC(97) Concurrent Relocate 0.166ms
[2026-06-17T10:03:10.041+0800][5.295s][info][gc,load     ] GC(97) Load: 0.33/0.42/0.50
[2026-06-17T10:03:10.041+0800][5.295s][info][gc,mmu      ] GC(97) MMU: 2ms/0.0%, 5ms/27.1%, 10ms/63.6%, 20ms/81.7%, 50ms/92.7%, 100ms/96.0%
[2026-06-17T10:03:10.041+0800][5.295s][info][gc,marking  ] GC(97) Mark: 1 stripe(s), 1 proactive flush(es), 1 terminate flush(es), 0 completion(s), 0 continuation(s) 
[2026-06-17T10:03:10.041+0800][5.296s][info][gc,marking  ] GC(97) Mark Stack Usage: 32M
[2026-06-17T10:03:10.041+0800][5.296s][info][gc,nmethod  ] GC(97) NMethods: 77 registered, 5 unregistered
[2026-06-17T10:03:10.041+0800][5.296s][info][gc,metaspace] GC(97) Metaspace: 0M used, 0M committed, 1088M reserved
[2026-06-17T10:03:10.041+0800][5.296s][info][gc,ref      ] GC(97) Soft: 0 encountered, 0 discovered, 0 enqueued
[2026-06-17T10:03:10.042+0800][5.296s][info][gc,ref      ] GC(97) Weak: 6 encountered, 0 discovered, 0 enqueued
[2026-06-17T10:03:10.042+0800][5.296s][info][gc,ref      ] GC(97) Final: 0 encountered, 0 discovered, 0 enqueued
[2026-06-17T10:03:10.042+0800][5.296s][info][gc,ref      ] GC(97) Phantom: 1 encountered, 0 discovered, 0 enqueued
[2026-06-17T10:03:10.042+0800][5.297s][info][gc,reloc    ] GC(97) Small Pages: 7 / 14M, Empty: 0M, Relocated: 1M, In-Place: 1
[2026-06-17T10:03:10.042+0800][5.297s][info][gc,reloc    ] GC(97) Large Pages: 25 / 50M, Empty: 0M, Relocated: 0M, In-Place: 0
[2026-06-17T10:03:10.042+0800][5.297s][info][gc,reloc    ] GC(97) Forwarding Usage: 0M
[2026-06-17T10:03:10.042+0800][5.297s][info][gc,heap     ] GC(97) Min Capacity: 64M(100%)
[2026-06-17T10:03:10.042+0800][5.297s][info][gc,heap     ] GC(97) Max Capacity: 64M(100%)
[2026-06-17T10:03:10.042+0800][5.297s][info][gc,heap     ] GC(97) Soft Max Capacity: 64M(100%)
[2026-06-17T10:03:10.042+0800][5.297s][info][gc,heap     ] GC(97)                Mark Start          Mark End        Relocate Start      Relocate End           High               Low         
[2026-06-17T10:03:10.043+0800][5.297s][info][gc,heap     ] GC(97)  Capacity:       64M (100%)         64M (100%)         64M (100%)         64M (100%)         64M (100%)         64M (100%)   
[2026-06-17T10:03:10.043+0800][5.297s][info][gc,heap     ] GC(97)      Free:        0M (0%)            0M (0%)            0M (0%)            2M (3%)            2M (3%)            0M (0%)     
[2026-06-17T10:03:10.043+0800][5.298s][info][gc,heap     ] GC(97)      Used:       64M (100%)         64M (100%)         64M (100%)         62M (97%)          64M (100%)         62M (97%)    
[2026-06-17T10:03:10.043+0800][5.298s][info][gc,heap     ] GC(97)      Live:         -                58M (91%)          58M (91%)          58M (91%)            -                  -          
[2026-06-17T10:03:10.043+0800][5.298s][info][gc,heap     ] GC(97) Allocated:         -                 0M (0%)            0M (0%)            2M (3%)             -                  -          
[2026-06-17T10:03:10.044+0800][5.298s][info][gc,heap     ] GC(97)   Garbage:         -                 5M (9%)            5M (9%)            1M (3%)             -                  -          
[2026-06-17T10:03:10.044+0800][5.298s][info][gc,heap     ] GC(97) Reclaimed:         -                  -                 0M (0%)            4M (6%)             -                  -          
[2026-06-17T10:03:10.044+0800][5.298s][info][gc          ] GC(97) Garbage Collection (Allocation Stall) 64M(100%)->62M(97%)
[2026-06-17T10:03:10.051+0800][5.305s][info][gc,start    ] GC(98) Garbage Collection (Allocation Stall)
[2026-06-17T10:03:10.051+0800][5.305s][info][gc,ref      ] GC(98) Clearing All SoftReferences
[2026-06-17T10:03:10.051+0800][5.306s][info][gc,task     ] GC(98) Using 1 workers
[2026-06-17T10:03:10.051+0800][5.306s][info][gc,ref      ] GC(98) Clearing All SoftReferences
[2026-06-17T10:03:10.051+0800][5.306s][info][gc,phases   ] GC(98) Pause Mark Start 0.135ms
[2026-06-17T10:03:10.052+0800][5.307s][info][gc,phases   ] GC(98) Concurrent Mark 0.671ms
[2026-06-17T10:03:10.053+0800][5.308s][info][gc,phases   ] GC(98) Pause Mark End 0.005ms
[2026-06-17T10:03:10.054+0800][5.308s][info][gc,phases   ] GC(98) Concurrent Mark Free 0.001ms
[2026-06-17T10:03:10.054+0800][5.309s][info][gc,phases   ] GC(98) Concurrent Process Non-Strong References 0.249ms
[2026-06-17T10:03:10.054+0800][5.309s][info][gc,phases   ] GC(98) Concurrent Reset Relocation Set 0.001ms
[2026-06-17T10:03:10.055+0800][5.310s][info][gc          ] Allocation Stall (main) 4.595ms
[2026-06-17T10:03:10.055+0800][5.310s][info][gc,phases   ] GC(98) Concurrent Select Relocation Set 0.810ms
[2026-06-17T10:03:10.056+0800][5.310s][info][gc,phases   ] GC(98) Pause Relocate Start 0.003ms
[2026-06-17T10:03:10.057+0800][5.311s][info][gc          ] Relocation Stall (main) 0.305ms
[2026-06-17T10:03:10.057+0800][5.312s][info][gc,phases   ] GC(98) Concurrent Relocate 0.339ms
[2026-06-17T10:03:10.057+0800][5.312s][info][gc,load     ] GC(98) Load: 0.33/0.42/0.50
[2026-06-17T10:03:10.057+0800][5.312s][info][gc,mmu      ] GC(98) MMU: 2ms/0.0%, 5ms/27.1%, 10ms/63.6%, 20ms/81.7%, 50ms/92.7%, 100ms/96.0%
[2026-06-17T10:03:10.057+0800][5.312s][info][gc,marking  ] GC(98) Mark: 1 stripe(s), 1 proactive flush(es), 1 terminate flush(es), 0 completion(s), 0 continuation(s) 
[2026-06-17T10:03:10.057+0800][5.312s][info][gc,marking  ] GC(98) Mark Stack Usage: 32M
[2026-06-17T10:03:10.058+0800][5.312s][info][gc,nmethod  ] GC(98) NMethods: 77 registered, 5 unregistered
[2026-06-17T10:03:10.058+0800][5.312s][info][gc,metaspace] GC(98) Metaspace: 0M used, 0M committed, 1088M reserved
[2026-06-17T10:03:10.058+0800][5.312s][info][gc,ref      ] GC(98) Soft: 0 encountered, 0 discovered, 0 enqueued
[2026-06-17T10:03:10.058+0800][5.312s][info][gc,ref      ] GC(98) Weak: 6 encountered, 0 discovered, 0 enqueued
[2026-06-17T10:03:10.058+0800][5.313s][info][gc,ref      ] GC(98) Final: 0 encountered, 0 discovered, 0 enqueued
[2026-06-17T10:03:10.058+0800][5.313s][info][gc,ref      ] GC(98) Phantom: 1 encountered, 0 discovered, 0 enqueued
[2026-06-17T10:03:10.058+0800][5.313s][info][gc,reloc    ] GC(98) Small Pages: 7 / 14M, Empty: 2M, Relocated: 3M, In-Place: 1
[2026-06-17T10:03:10.058+0800][5.313s][info][gc,reloc    ] GC(98) Large Pages: 25 / 50M, Empty: 0M, Relocated: 0M, In-Place: 0
[2026-06-17T10:03:10.058+0800][5.313s][info][gc,reloc    ] GC(98) Forwarding Usage: 0M
[2026-06-17T10:03:10.059+0800][5.313s][info][gc,heap     ] GC(98) Min Capacity: 64M(100%)
[2026-06-17T10:03:10.059+0800][5.313s][info][gc,heap     ] GC(98) Max Capacity: 64M(100%)
[2026-06-17T10:03:10.059+0800][5.313s][info][gc,heap     ] GC(98) Soft Max Capacity: 64M(100%)
[2026-06-17T10:03:10.059+0800][5.313s][info][gc,heap     ] GC(98)                Mark Start          Mark End        Relocate Start      Relocate End           High               Low         
[2026-06-17T10:03:10.059+0800][5.314s][info][gc,heap     ] GC(98)  Capacity:       64M (100%)         64M (100%)         64M (100%)         64M (100%)         64M (100%)         64M (100%)   
[2026-06-17T10:03:10.059+0800][5.314s][info][gc,heap     ] GC(98)      Free:        0M (0%)            0M (0%)            0M (0%)            2M (3%)            2M (3%)            0M (0%)     
[2026-06-17T10:03:10.059+0800][5.314s][info][gc,heap     ] GC(98)      Used:       64M (100%)         64M (100%)         64M (100%)         62M (97%)          64M (100%)         62M (97%)    
[2026-06-17T10:03:10.059+0800][5.314s][info][gc,heap     ] GC(98)      Live:         -                58M (91%)          58M (91%)          58M (91%)            -                  -          
[2026-06-17T10:03:10.059+0800][5.314s][info][gc,heap     ] GC(98) Allocated:         -                 0M (0%)            2M (3%)            2M (3%)             -                  -          
[2026-06-17T10:03:10.060+0800][5.314s][info][gc,heap     ] GC(98)   Garbage:         -                 5M (9%)            3M (5%)            1M (2%)             -                  -          
[2026-06-17T10:03:10.060+0800][5.314s][info][gc,heap     ] GC(98) Reclaimed:         -                  -                 2M (3%)            4M (6%)             -                  -          
[2026-06-17T10:03:10.060+0800][5.314s][info][gc          ] GC(98) Garbage Collection (Allocation Stall) 64M(100%)->62M(97%)
[2026-06-17T10:03:10.060+0800][5.314s][info][gc,start    ] GC(99) Garbage Collection (Allocation Stall)
[2026-06-17T10:03:10.060+0800][5.314s][info][gc,ref      ] GC(99) Clearing All SoftReferences
[2026-06-17T10:03:10.060+0800][5.315s][info][gc,task     ] GC(99) Using 1 workers
[2026-06-17T10:03:10.060+0800][5.315s][info][gc,ref      ] GC(99) Clearing All SoftReferences
[2026-06-17T10:03:10.060+0800][5.315s][info][gc,phases   ] GC(99) Pause Mark Start 0.095ms
[2026-06-17T10:03:10.061+0800][5.315s][info][gc,phases   ] GC(99) Concurrent Mark 0.585ms
[2026-06-17T10:03:10.061+0800][5.316s][info][gc,phases   ] GC(99) Pause Mark End 0.004ms
[2026-06-17T10:03:10.061+0800][5.316s][info][gc,phases   ] GC(99) Concurrent Mark Free 0.001ms
[2026-06-17T10:03:10.061+0800][5.316s][info][gc,phases   ] GC(99) Concurrent Process Non-Strong References 0.192ms
[2026-06-17T10:03:10.062+0800][5.316s][info][gc,phases   ] GC(99) Concurrent Reset Relocation Set 0.001ms
[2026-06-17T10:03:10.062+0800][5.317s][info][gc          ] Allocation Stall (main) 5.153ms
[2026-06-17T10:03:10.062+0800][5.317s][info][gc,phases   ] GC(99) Concurrent Select Relocation Set 0.785ms
[2026-06-17T10:03:10.063+0800][5.317s][info][gc,phases   ] GC(99) Pause Relocate Start 0.003ms
[2026-06-17T10:03:10.063+0800][5.317s][info][gc          ] Relocation Stall (main) 0.051ms
[2026-06-17T10:03:10.063+0800][5.318s][info][gc,phases   ] GC(99) Concurrent Relocate 0.126ms
[2026-06-17T10:03:10.063+0800][5.318s][info][gc,load     ] GC(99) Load: 0.33/0.42/0.50
[2026-06-17T10:03:10.063+0800][5.318s][info][gc,mmu      ] GC(99) MMU: 2ms/0.0%, 5ms/27.1%, 10ms/63.6%, 20ms/81.7%, 50ms/92.7%, 100ms/96.0%
[2026-06-17T10:03:10.063+0800][5.318s][info][gc,marking  ] GC(99) Mark: 1 stripe(s), 1 proactive flush(es), 1 terminate flush(es), 0 completion(s), 0 continuation(s) 
[2026-06-17T10:03:10.063+0800][5.318s][info][gc,marking  ] GC(99) Mark Stack Usage: 32M
[2026-06-17T10:03:10.063+0800][5.318s][info][gc,nmethod  ] GC(99) NMethods: 77 registered, 5 unregistered
[2026-06-17T10:03:10.063+0800][5.318s][info][gc,metaspace] GC(99) Metaspace: 0M used, 0M committed, 1088M reserved
[2026-06-17T10:03:10.064+0800][5.318s][info][gc,ref      ] GC(99) Soft: 0 encountered, 0 discovered, 0 enqueued
[2026-06-17T10:03:10.064+0800][5.318s][info][gc,ref      ] GC(99) Weak: 6 encountered, 0 discovered, 0 enqueued
[2026-06-17T10:03:10.064+0800][5.318s][info][gc,ref      ] GC(99) Final: 0 encountered, 0 discovered, 0 enqueued
[2026-06-17T10:03:10.064+0800][5.318s][info][gc,ref      ] GC(99) Phantom: 1 encountered, 0 discovered, 0 enqueued
[2026-06-17T10:03:10.064+0800][5.318s][info][gc,reloc    ] GC(99) Small Pages: 7 / 14M, Empty: 2M, Relocated: 1M, In-Place: 1
[2026-06-17T10:03:10.064+0800][5.319s][info][gc,reloc    ] GC(99) Large Pages: 25 / 50M, Empty: 0M, Relocated: 0M, In-Place: 0
[2026-06-17T10:03:10.064+0800][5.319s][info][gc,reloc    ] GC(99) Forwarding Usage: 0M
[2026-06-17T10:03:10.064+0800][5.319s][info][gc,heap     ] GC(99) Min Capacity: 64M(100%)
[2026-06-17T10:03:10.064+0800][5.319s][info][gc,heap     ] GC(99) Max Capacity: 64M(100%)
[2026-06-17T10:03:10.064+0800][5.319s][info][gc,heap     ] GC(99) Soft Max Capacity: 64M(100%)
[2026-06-17T10:03:10.065+0800][5.319s][info][gc,heap     ] GC(99)                Mark Start          Mark End        Relocate Start      Relocate End           High               Low         
[2026-06-17T10:03:10.065+0800][5.319s][info][gc,heap     ] GC(99)  Capacity:       64M (100%)         64M (100%)         64M (100%)         64M (100%)         64M (100%)         64M (100%)   
[2026-06-17T10:03:10.065+0800][5.319s][info][gc,heap     ] GC(99)      Free:        0M (0%)            0M (0%)            0M (0%)            2M (3%)            2M (3%)            0M (0%)     
[2026-06-17T10:03:10.065+0800][5.319s][info][gc,heap     ] GC(99)      Used:       64M (100%)         64M (100%)         64M (100%)         62M (97%)          64M (100%)         62M (97%)    
[2026-06-17T10:03:10.065+0800][5.319s][info][gc,heap     ] GC(99)      Live:         -                58M (91%)          58M (91%)          58M (91%)            -                  -          
[2026-06-17T10:03:10.065+0800][5.320s][info][gc,heap     ] GC(99) Allocated:         -                 0M (0%)            2M (3%)            2M (3%)             -                  -          
[2026-06-17T10:03:10.065+0800][5.320s][info][gc,heap     ] GC(99)   Garbage:         -                 5M (9%)            3M (6%)            1M (3%)             -                  -          
[2026-06-17T10:03:10.065+0800][5.320s][info][gc,heap     ] GC(99) Reclaimed:         -                  -                 2M (3%)            4M (6%)             -                  -          
[2026-06-17T10:03:10.065+0800][5.320s][info][gc          ] GC(99) Garbage Collection (Allocation Stall) 64M(100%)->62M(97%)
[2026-06-17T10:03:10.065+0800][5.320s][info][gc,start    ] GC(100) Garbage Collection (Allocation Stall)
[2026-06-17T10:03:10.066+0800][5.320s][info][gc,ref      ] GC(100) Clearing All SoftReferences
[2026-06-17T10:03:10.066+0800][5.320s][info][gc,task     ] GC(100) Using 1 workers
[2026-06-17T10:03:10.066+0800][5.320s][info][gc,ref      ] GC(100) Clearing All SoftReferences
[2026-06-17T10:03:10.066+0800][5.320s][info][gc,phases   ] GC(100) Pause Mark Start 0.091ms
[2026-06-17T10:03:10.067+0800][5.321s][info][gc,phases   ] GC(100) Concurrent Mark 0.596ms
[2026-06-17T10:03:10.067+0800][5.321s][info][gc,phases   ] GC(100) Pause Mark End 0.004ms
[2026-06-17T10:03:10.067+0800][5.321s][info][gc,phases   ] GC(100) Concurrent Mark Free 0.000ms
[2026-06-17T10:03:10.067+0800][5.322s][info][gc,phases   ] GC(100) Concurrent Process Non-Strong References 0.201ms
[2026-06-17T10:03:10.067+0800][5.322s][info][gc,phases   ] GC(100) Concurrent Reset Relocation Set 0.000ms
[2026-06-17T10:03:10.068+0800][5.323s][info][gc,phases   ] GC(100) Concurrent Select Relocation Set 0.729ms
[2026-06-17T10:03:10.068+0800][5.323s][info][gc,phases   ] GC(100) Pause Relocate Start 0.002ms
[2026-06-17T10:03:10.068+0800][5.323s][info][gc          ] Allocation Stall (main) 5.321ms
[2026-06-17T10:03:10.068+0800][5.323s][info][gc,phases   ] GC(100) Concurrent Relocate 0.213ms
[2026-06-17T10:03:10.072+0800][5.326s][info][gc,load     ] GC(100) Load: 0.33/0.42/0.50
[2026-06-17T10:03:10.072+0800][5.326s][info][gc,mmu      ] GC(100) MMU: 2ms/0.0%, 5ms/27.1%, 10ms/63.6%, 20ms/81.7%, 50ms/92.7%, 100ms/96.0%
[2026-06-17T10:03:10.072+0800][5.326s][info][gc,marking  ] GC(100) Mark: 1 stripe(s), 1 proactive flush(es), 1 terminate flush(es), 0 completion(s), 0 continuation(s) 
[2026-06-17T10:03:10.072+0800][5.326s][info][gc,marking  ] GC(100) Mark Stack Usage: 32M
[2026-06-17T10:03:10.072+0800][5.326s][info][gc,nmethod  ] GC(100) NMethods: 77 registered, 5 unregistered
[2026-06-17T10:03:10.072+0800][5.327s][info][gc,metaspace] GC(100) Metaspace: 0M used, 0M committed, 1088M reserved
[2026-06-17T10:03:10.072+0800][5.327s][info][gc,ref      ] GC(100) Soft: 0 encountered, 0 discovered, 0 enqueued
[2026-06-17T10:03:10.072+0800][5.327s][info][gc,ref      ] GC(100) Weak: 6 encountered, 0 discovered, 0 enqueued
[2026-06-17T10:03:10.072+0800][5.327s][info][gc,ref      ] GC(100) Final: 0 encountered, 0 discovered, 0 enqueued
[2026-06-17T10:03:10.072+0800][5.327s][info][gc,ref      ] GC(100) Phantom: 1 encountered, 0 discovered, 0 enqueued
[2026-06-17T10:03:10.072+0800][5.327s][info][gc,reloc    ] GC(100) Small Pages: 6 / 12M, Empty: 0M, Relocated: 1M, In-Place: 1
[2026-06-17T10:03:10.072+0800][5.327s][info][gc,reloc    ] GC(100) Large Pages: 26 / 52M, Empty: 0M, Relocated: 0M, In-Place: 0
[2026-06-17T10:03:10.073+0800][5.327s][info][gc,reloc    ] GC(100) Forwarding Usage: 0M
[2026-06-17T10:03:10.073+0800][5.327s][info][gc,heap     ] GC(100) Min Capacity: 64M(100%)
[2026-06-17T10:03:10.073+0800][5.327s][info][gc,heap     ] GC(100) Max Capacity: 64M(100%)
[2026-06-17T10:03:10.073+0800][5.327s][info][gc,heap     ] GC(100) Soft Max Capacity: 64M(100%)
[2026-06-17T10:03:10.073+0800][5.328s][info][gc,heap     ] GC(100)                Mark Start          Mark End        Relocate Start      Relocate End           High               Low         
[2026-06-17T10:03:10.073+0800][5.328s][info][gc,heap     ] GC(100)  Capacity:       64M (100%)         64M (100%)         64M (100%)         64M (100%)         64M (100%)         64M (100%)   
[2026-06-17T10:03:10.073+0800][5.328s][info][gc,heap     ] GC(100)      Free:        0M (0%)            0M (0%)            0M (0%)            0M (0%)            2M (3%)            0M (0%)     
[2026-06-17T10:03:10.073+0800][5.328s][info][gc,heap     ] GC(100)      Used:       64M (100%)         64M (100%)         64M (100%)         64M (100%)         64M (100%)         62M (97%)    
[2026-06-17T10:03:10.073+0800][5.328s][info][gc,heap     ] GC(100)      Live:         -                60M (94%)          60M (94%)          60M (94%)            -                  -          
[2026-06-17T10:03:10.073+0800][5.328s][info][gc,heap     ] GC(100) Allocated:         -                 0M (0%)            0M (0%)            2M (3%)             -                  -          
[2026-06-17T10:03:10.073+0800][5.328s][info][gc,heap     ] GC(100)   Garbage:         -                 3M (6%)            3M (6%)            1M (3%)             -                  -          
[2026-06-17T10:03:10.074+0800][5.328s][info][gc,heap     ] GC(100) Reclaimed:         -                  -                 0M (0%)            2M (3%)             -                  -          
[2026-06-17T10:03:10.074+0800][5.328s][info][gc          ] GC(100) Garbage Collection (Allocation Stall) 64M(100%)->64M(100%)
[2026-06-17T10:03:10.074+0800][5.328s][info][gc,start    ] GC(101) Garbage Collection (Allocation Stall)
[2026-06-17T10:03:10.074+0800][5.328s][info][gc,ref      ] GC(101) Clearing All SoftReferences
[2026-06-17T10:03:10.074+0800][5.328s][info][gc,task     ] GC(101) Using 1 workers
[2026-06-17T10:03:10.074+0800][5.329s][info][gc,ref      ] GC(101) Clearing All SoftReferences
[2026-06-17T10:03:10.074+0800][5.329s][info][gc,phases   ] GC(101) Pause Mark Start 0.084ms
[2026-06-17T10:03:10.075+0800][5.329s][info][gc,phases   ] GC(101) Concurrent Mark 0.593ms
[2026-06-17T10:03:10.075+0800][5.329s][info][gc,phases   ] GC(101) Pause Mark End 0.004ms
[2026-06-17T10:03:10.075+0800][5.330s][info][gc,phases   ] GC(101) Concurrent Mark Free 0.001ms
[2026-06-17T10:03:10.075+0800][5.330s][info][gc,phases   ] GC(101) Concurrent Process Non-Strong References 0.185ms
[2026-06-17T10:03:10.075+0800][5.330s][info][gc,phases   ] GC(101) Concurrent Reset Relocation Set 0.000ms
[2026-06-17T10:03:10.076+0800][5.331s][info][gc,phases   ] GC(101) Concurrent Select Relocation Set 0.735ms
[2026-06-17T10:03:10.076+0800][5.331s][info][gc,phases   ] GC(101) Pause Relocate Start 0.003ms
[2026-06-17T10:03:10.077+0800][5.331s][info][gc,phases   ] GC(101) Concurrent Relocate 0.028ms
[2026-06-17T10:03:10.077+0800][5.331s][info][gc,load     ] GC(101) Load: 0.33/0.42/0.50
[2026-06-17T10:03:10.077+0800][5.331s][info][gc,mmu      ] GC(101) MMU: 2ms/0.0%, 5ms/27.1%, 10ms/63.6%, 20ms/81.7%, 50ms/92.7%, 100ms/96.0%
[2026-06-17T10:03:10.077+0800][5.331s][info][gc,marking  ] GC(101) Mark: 1 stripe(s), 1 proactive flush(es), 1 terminate flush(es), 0 completion(s), 0 continuation(s) 
[2026-06-17T10:03:10.077+0800][5.332s][info][gc,marking  ] GC(101) Mark Stack Usage: 32M
[2026-06-17T10:03:10.077+0800][5.332s][info][gc,nmethod  ] GC(101) NMethods: 77 registered, 5 unregistered
[2026-06-17T10:03:10.077+0800][5.332s][info][gc,metaspace] GC(101) Metaspace: 0M used, 0M committed, 1088M reserved
[2026-06-17T10:03:10.077+0800][5.332s][info][gc,ref      ] GC(101) Soft: 0 encountered, 0 discovered, 0 enqueued
[2026-06-17T10:03:10.077+0800][5.332s][info][gc,ref      ] GC(101) Weak: 6 encountered, 0 discovered, 0 enqueued
[2026-06-17T10:03:10.077+0800][5.332s][info][gc,ref      ] GC(101) Final: 0 encountered, 0 discovered, 0 enqueued
[2026-06-17T10:03:10.077+0800][5.332s][info][gc,ref      ] GC(101) Phantom: 1 encountered, 0 discovered, 0 enqueued
[2026-06-17T10:03:10.077+0800][5.332s][info][gc,reloc    ] GC(101) Small Pages: 5 / 10M, Empty: 0M, Relocated: 0M, In-Place: 0
[2026-06-17T10:03:10.078+0800][5.332s][info][gc,reloc    ] GC(101) Large Pages: 27 / 54M, Empty: 0M, Relocated: 0M, In-Place: 0
[2026-06-17T10:03:10.078+0800][5.332s][info][gc,reloc    ] GC(101) Forwarding Usage: 0M
[2026-06-17T10:03:10.078+0800][5.332s][info][gc,heap     ] GC(101) Min Capacity: 64M(100%)
[2026-06-17T10:03:10.078+0800][5.332s][info][gc,heap     ] GC(101) Max Capacity: 64M(100%)
[2026-06-17T10:03:10.078+0800][5.332s][info][gc,heap     ] GC(101) Soft Max Capacity: 64M(100%)
[2026-06-17T10:03:10.078+0800][5.333s][info][gc,heap     ] GC(101)                Mark Start          Mark End        Relocate Start      Relocate End           High               Low         
[2026-06-17T10:03:10.078+0800][5.333s][info][gc,heap     ] GC(101)  Capacity:       64M (100%)         64M (100%)         64M (100%)         64M (100%)         64M (100%)         64M (100%)   
[2026-06-17T10:03:10.078+0800][5.333s][info][gc,heap     ] GC(101)      Free:        0M (0%)            0M (0%)            0M (0%)            0M (0%)            0M (0%)            0M (0%)     
[2026-06-17T10:03:10.078+0800][5.333s][info][gc,heap     ] GC(101)      Used:       64M (100%)         64M (100%)         64M (100%)         64M (100%)         64M (100%)         64M (100%)   
[2026-06-17T10:03:10.078+0800][5.333s][info][gc,heap     ] GC(101)      Live:         -                62M (97%)          62M (97%)          62M (97%)            -                  -          
[2026-06-17T10:03:10.078+0800][5.333s][info][gc,heap     ] GC(101) Allocated:         -                 0M (0%)            0M (0%)            0M (0%)             -                  -          
[2026-06-17T10:03:10.079+0800][5.333s][info][gc,heap     ] GC(101)   Garbage:         -                 1M (3%)            1M (3%)            1M (3%)             -                  -          
[2026-06-17T10:03:10.079+0800][5.333s][info][gc,heap     ] GC(101) Reclaimed:         -                  -                 0M (0%)            0M (0%)             -                  -          
[2026-06-17T10:03:10.079+0800][5.333s][info][gc          ] GC(101) Garbage Collection (Allocation Stall) 64M(100%)->64M(100%)
[2026-06-17T10:03:10.079+0800][5.333s][info][gc          ] Allocation Stall (main) 7.203ms
[2026-06-17T10:03:10.079+0800][5.333s][info][gc,start    ] GC(102) Garbage Collection (Allocation Stall)
[2026-06-17T10:03:10.079+0800][5.334s][info][gc,ref      ] GC(102) Clearing All SoftReferences
[2026-06-17T10:03:10.079+0800][5.334s][info][gc,task     ] GC(102) Using 1 workers
[2026-06-17T10:03:10.079+0800][5.334s][info][gc,ref      ] GC(102) Clearing All SoftReferences
[2026-06-17T10:03:10.079+0800][5.334s][info][gc,phases   ] GC(102) Pause Mark Start 0.073ms
[2026-06-17T10:03:10.080+0800][5.334s][info][gc,phases   ] GC(102) Concurrent Mark 0.538ms
[2026-06-17T10:03:10.080+0800][5.335s][info][gc,phases   ] GC(102) Pause Mark End 0.003ms
[2026-06-17T10:03:10.080+0800][5.335s][info][gc,phases   ] GC(102) Concurrent Mark Free 0.001ms
[2026-06-17T10:03:10.080+0800][5.335s][info][gc,phases   ] GC(102) Concurrent Process Non-Strong References 0.200ms
[2026-06-17T10:03:10.081+0800][5.335s][info][gc,phases   ] GC(102) Concurrent Reset Relocation Set 0.000ms
[2026-06-17T10:03:10.081+0800][5.336s][info][gc,phases   ] GC(102) Concurrent Select Relocation Set 0.731ms
[2026-06-17T10:03:10.082+0800][5.336s][info][gc,phases   ] GC(102) Pause Relocate Start 0.007ms
[2026-06-17T10:03:10.082+0800][5.336s][info][gc,phases   ] GC(102) Concurrent Relocate 0.028ms
[2026-06-17T10:03:10.082+0800][5.336s][info][gc,load     ] GC(102) Load: 0.33/0.42/0.50
[2026-06-17T10:03:10.082+0800][5.336s][info][gc,mmu      ] GC(102) MMU: 2ms/0.0%, 5ms/27.1%, 10ms/63.6%, 20ms/81.7%, 50ms/92.7%, 100ms/96.0%
[2026-06-17T10:03:10.082+0800][5.336s][info][gc,marking  ] GC(102) Mark: 1 stripe(s), 1 proactive flush(es), 1 terminate flush(es), 0 completion(s), 0 continuation(s) 
[2026-06-17T10:03:10.082+0800][5.337s][info][gc,marking  ] GC(102) Mark Stack Usage: 32M
[2026-06-17T10:03:10.082+0800][5.337s][info][gc,nmethod  ] GC(102) NMethods: 77 registered, 5 unregistered
[2026-06-17T10:03:10.082+0800][5.337s][info][gc,metaspace] GC(102) Metaspace: 0M used, 0M committed, 1088M reserved
[2026-06-17T10:03:10.082+0800][5.337s][info][gc,ref      ] GC(102) Soft: 0 encountered, 0 discovered, 0 enqueued
[2026-06-17T10:03:10.082+0800][5.337s][info][gc,ref      ] GC(102) Weak: 6 encountered, 0 discovered, 0 enqueued
[2026-06-17T10:03:10.082+0800][5.337s][info][gc,ref      ] GC(102) Final: 0 encountered, 0 discovered, 0 enqueued
[2026-06-17T10:03:10.083+0800][5.337s][info][gc,ref      ] GC(102) Phantom: 1 encountered, 0 discovered, 0 enqueued
[2026-06-17T10:03:10.083+0800][5.337s][info][gc,reloc    ] GC(102) Small Pages: 5 / 10M, Empty: 0M, Relocated: 0M, In-Place: 0
[2026-06-17T10:03:10.083+0800][5.337s][info][gc,reloc    ] GC(102) Large Pages: 27 / 54M, Empty: 0M, Relocated: 0M, In-Place: 0
[2026-06-17T10:03:10.083+0800][5.337s][info][gc,reloc    ] GC(102) Forwarding Usage: 0M
[2026-06-17T10:03:10.083+0800][5.337s][info][gc,heap     ] GC(102) Min Capacity: 64M(100%)
[2026-06-17T10:03:10.083+0800][5.338s][info][gc,heap     ] GC(102) Max Capacity: 64M(100%)
[2026-06-17T10:03:10.083+0800][5.338s][info][gc,heap     ] GC(102) Soft Max Capacity: 64M(100%)
[2026-06-17T10:03:10.083+0800][5.338s][info][gc,heap     ] GC(102)                Mark Start          Mark End        Relocate Start      Relocate End           High               Low         
[2026-06-17T10:03:10.083+0800][5.338s][info][gc,heap     ] GC(102)  Capacity:       64M (100%)         64M (100%)         64M (100%)         64M (100%)         64M (100%)         64M (100%)   
[2026-06-17T10:03:10.083+0800][5.338s][info][gc,heap     ] GC(102)      Free:        0M (0%)            0M (0%)            0M (0%)            0M (0%)            0M (0%)            0M (0%)     
[2026-06-17T10:03:10.083+0800][5.338s][info][gc,heap     ] GC(102)      Used:       64M (100%)         64M (100%)         64M (100%)         64M (100%)         64M (100%)         64M (100%)   
[2026-06-17T10:03:10.084+0800][5.338s][info][gc,heap     ] GC(102)      Live:         -                62M (97%)          62M (97%)          62M (97%)            -                  -          
[2026-06-17T10:03:10.084+0800][5.338s][info][gc,heap     ] GC(102) Allocated:         -                 0M (0%)            0M (0%)            0M (0%)             -                  -          
[2026-06-17T10:03:10.084+0800][5.338s][info][gc,heap     ] GC(102)   Garbage:         -                 1M (3%)            1M (3%)            1M (3%)             -                  -          
[2026-06-17T10:03:10.084+0800][5.339s][info][gc,heap     ] GC(102) Reclaimed:         -                  -                 0M (0%)            0M (0%)             -                  -          
[2026-06-17T10:03:10.084+0800][5.339s][info][gc          ] GC(102) Garbage Collection (Allocation Stall) 64M(100%)->64M(100%)
[2026-06-17T10:03:10.084+0800][5.339s][info][gc          ] Allocation Stall (main) 5.322ms
[2026-06-17T10:03:10.084+0800][5.339s][info][gc          ] Out Of Memory (main)
[2026-06-17T10:03:10.085+0800][5.339s][info][gc,start    ] GC(103) Garbage Collection (Allocation Stall)
[2026-06-17T10:03:10.085+0800][5.339s][info][gc,ref      ] GC(103) Clearing All SoftReferences
[2026-06-17T10:03:10.085+0800][5.339s][info][gc,task     ] GC(103) Using 1 workers
[2026-06-17T10:03:10.085+0800][5.339s][info][gc,ref      ] GC(103) Clearing All SoftReferences
[2026-06-17T10:03:10.085+0800][5.340s][info][gc,phases   ] GC(103) Pause Mark Start 0.082ms
[2026-06-17T10:03:10.086+0800][5.340s][info][gc,phases   ] GC(103) Concurrent Mark 0.509ms
[2026-06-17T10:03:10.086+0800][5.340s][info][gc,phases   ] GC(103) Pause Mark End 0.003ms
[2026-06-17T10:03:10.086+0800][5.340s][info][gc,phases   ] GC(103) Concurrent Mark Free 0.001ms
[2026-06-17T10:03:10.086+0800][5.341s][info][gc,phases   ] GC(103) Concurrent Process Non-Strong References 0.180ms
[2026-06-17T10:03:10.086+0800][5.341s][info][gc,phases   ] GC(103) Concurrent Reset Relocation Set 0.000ms
[2026-06-17T10:03:10.087+0800][5.342s][info][gc          ] Allocation Stall (main) 2.454ms
[2026-06-17T10:03:10.087+0800][5.342s][info][gc,phases   ] GC(103) Concurrent Select Relocation Set 0.762ms
[2026-06-17T10:03:10.087+0800][5.342s][info][gc,phases   ] GC(103) Pause Relocate Start 0.003ms
[2026-06-17T10:03:10.087+0800][5.342s][info][gc,phases   ] GC(103) Concurrent Relocate 0.029ms
[2026-06-17T10:03:10.088+0800][5.342s][info][gc,load     ] GC(103) Load: 0.33/0.42/0.50
[2026-06-17T10:03:10.088+0800][5.342s][info][gc,mmu      ] GC(103) MMU: 2ms/0.0%, 5ms/27.1%, 10ms/63.6%, 20ms/81.7%, 50ms/92.7%, 100ms/96.0%
[2026-06-17T10:03:10.088+0800][5.342s][info][gc,marking  ] GC(103) Mark: 1 stripe(s), 1 proactive flush(es), 1 terminate flush(es), 0 completion(s), 0 continuation(s) 
[2026-06-17T10:03:10.088+0800][5.342s][info][gc,marking  ] GC(103) Mark Stack Usage: 32M
[2026-06-17T10:03:10.088+0800][5.342s][info][gc,nmethod  ] GC(103) NMethods: 77 registered, 5 unregistered
[2026-06-17T10:03:10.088+0800][5.343s][info][gc,metaspace] GC(103) Metaspace: 0M used, 0M committed, 1088M reserved
[2026-06-17T10:03:10.088+0800][5.343s][info][gc,ref      ] GC(103) Soft: 0 encountered, 0 discovered, 0 enqueued
[2026-06-17T10:03:10.088+0800][5.343s][info][gc,ref      ] GC(103) Weak: 6 encountered, 0 discovered, 0 enqueued
[2026-06-17T10:03:10.088+0800][5.343s][info][gc,ref      ] GC(103) Final: 0 encountered, 0 discovered, 0 enqueued
[2026-06-17T10:03:10.088+0800][5.343s][info][gc,ref      ] GC(103) Phantom: 1 encountered, 0 discovered, 0 enqueued
[2026-06-17T10:03:10.088+0800][5.343s][info][gc,reloc    ] GC(103) Small Pages: 5 / 10M, Empty: 0M, Relocated: 0M, In-Place: 0
[2026-06-17T10:03:10.088+0800][5.343s][info][gc,reloc    ] GC(103) Large Pages: 27 / 54M, Empty: 4M, Relocated: 0M, In-Place: 0
[2026-06-17T10:03:10.088+0800][5.343s][info][gc,reloc    ] GC(103) Forwarding Usage: 0M
[2026-06-17T10:03:10.089+0800][5.343s][info][gc,heap     ] GC(103) Min Capacity: 64M(100%)
[2026-06-17T10:03:10.089+0800][5.343s][info][gc,heap     ] GC(103) Max Capacity: 64M(100%)
[2026-06-17T10:03:10.089+0800][5.343s][info][gc,heap     ] GC(103) Soft Max Capacity: 64M(100%)
[2026-06-17T10:03:10.089+0800][5.343s][info][gc,heap     ] GC(103)                Mark Start          Mark End        Relocate Start      Relocate End           High               Low         
[2026-06-17T10:03:10.089+0800][5.344s][info][gc,heap     ] GC(103)  Capacity:       64M (100%)         64M (100%)         64M (100%)         64M (100%)         64M (100%)         64M (100%)   
[2026-06-17T10:03:10.089+0800][5.344s][info][gc,heap     ] GC(103)      Free:        0M (0%)            0M (0%)            2M (3%)            2M (3%)            4M (6%)            0M (0%)     
[2026-06-17T10:03:10.089+0800][5.344s][info][gc,heap     ] GC(103)      Used:       64M (100%)         64M (100%)         62M (97%)          62M (97%)          64M (100%)         60M (94%)    
[2026-06-17T10:03:10.089+0800][5.344s][info][gc,heap     ] GC(103)      Live:         -                57M (90%)          57M (90%)          57M (90%)            -                  -          
[2026-06-17T10:03:10.089+0800][5.344s][info][gc,heap     ] GC(103) Allocated:         -                 0M (0%)            2M (3%)            2M (3%)             -                  -          
[2026-06-17T10:03:10.089+0800][5.344s][info][gc,heap     ] GC(103)   Garbage:         -                 6M (10%)           2M (4%)            2M (4%)             -                  -          
[2026-06-17T10:03:10.090+0800][5.344s][info][gc,heap     ] GC(103) Reclaimed:         -                  -                 4M (6%)            4M (6%)             -                  -          
[2026-06-17T10:03:10.090+0800][5.344s][info][gc          ] GC(103) Garbage Collection (Allocation Stall) 64M(100%)->62M(97%)
[2026-06-17T10:03:10.172+0800][5.427s][info][gc,start    ] GC(104) Garbage Collection (Allocation Rate)
[2026-06-17T10:03:10.173+0800][5.427s][info][gc,task     ] GC(104) Using 1 workers
[2026-06-17T10:03:10.173+0800][5.428s][info][gc,phases   ] GC(104) Pause Mark Start 0.009ms
[2026-06-17T10:03:10.174+0800][5.429s][info][gc,phases   ] GC(104) Concurrent Mark 0.944ms
[2026-06-17T10:03:10.175+0800][5.429s][info][gc,phases   ] GC(104) Pause Mark End 0.008ms
[2026-06-17T10:03:10.175+0800][5.430s][info][gc,phases   ] GC(104) Concurrent Mark Free 0.001ms
[2026-06-17T10:03:10.176+0800][5.431s][info][gc,phases   ] GC(104) Concurrent Process Non-Strong References 0.576ms
[2026-06-17T10:03:10.176+0800][5.431s][info][gc,phases   ] GC(104) Concurrent Reset Relocation Set 0.001ms
[2026-06-17T10:03:10.178+0800][5.433s][info][gc,phases   ] GC(104) Concurrent Select Relocation Set 1.422ms
[2026-06-17T10:03:10.178+0800][5.433s][info][gc,phases   ] GC(104) Pause Relocate Start 0.028ms
[2026-06-17T10:03:10.179+0800][5.434s][info][gc,phases   ] GC(104) Concurrent Relocate 0.371ms
[2026-06-17T10:03:10.179+0800][5.434s][info][gc,load     ] GC(104) Load: 0.33/0.42/0.50
[2026-06-17T10:03:10.179+0800][5.434s][info][gc,mmu      ] GC(104) MMU: 2ms/0.0%, 5ms/27.1%, 10ms/63.6%, 20ms/81.7%, 50ms/92.7%, 100ms/96.0%
[2026-06-17T10:03:10.180+0800][5.434s][info][gc,marking  ] GC(104) Mark: 1 stripe(s), 1 proactive flush(es), 1 terminate flush(es), 0 completion(s), 0 continuation(s) 
[2026-06-17T10:03:10.180+0800][5.434s][info][gc,marking  ] GC(104) Mark Stack Usage: 32M
[2026-06-17T10:03:10.180+0800][5.434s][info][gc,nmethod  ] GC(104) NMethods: 77 registered, 5 unregistered
[2026-06-17T10:03:10.180+0800][5.435s][info][gc,metaspace] GC(104) Metaspace: 0M used, 0M committed, 1088M reserved
[2026-06-17T10:03:10.180+0800][5.435s][info][gc,ref      ] GC(104) Soft: 0 encountered, 0 discovered, 0 enqueued
[2026-06-17T10:03:10.180+0800][5.435s][info][gc,ref      ] GC(104) Weak: 6 encountered, 0 discovered, 0 enqueued
[2026-06-17T10:03:10.180+0800][5.435s][info][gc,ref      ] GC(104) Final: 0 encountered, 0 discovered, 0 enqueued
[2026-06-17T10:03:10.181+0800][5.435s][info][gc,ref      ] GC(104) Phantom: 1 encountered, 0 discovered, 0 enqueued
[2026-06-17T10:03:10.181+0800][5.435s][info][gc,reloc    ] GC(104) Small Pages: 6 / 12M, Empty: 4M, Relocated: 1M, In-Place: 0
[2026-06-17T10:03:10.181+0800][5.436s][info][gc,reloc    ] GC(104) Large Pages: 25 / 50M, Empty: 40M, Relocated: 0M, In-Place: 0
[2026-06-17T10:03:10.181+0800][5.436s][info][gc,reloc    ] GC(104) Forwarding Usage: 0M
[2026-06-17T10:03:10.181+0800][5.436s][info][gc,heap     ] GC(104) Min Capacity: 64M(100%)
[2026-06-17T10:03:10.182+0800][5.436s][info][gc,heap     ] GC(104) Max Capacity: 64M(100%)
[2026-06-17T10:03:10.182+0800][5.436s][info][gc,heap     ] GC(104) Soft Max Capacity: 64M(100%)
[2026-06-17T10:03:10.182+0800][5.437s][info][gc,heap     ] GC(104)                Mark Start          Mark End        Relocate Start      Relocate End           High               Low         
[2026-06-17T10:03:10.182+0800][5.437s][info][gc,heap     ] GC(104)  Capacity:       64M (100%)         64M (100%)         64M (100%)         64M (100%)         64M (100%)         64M (100%)   
[2026-06-17T10:03:10.182+0800][5.437s][info][gc,heap     ] GC(104)      Free:        2M (3%)            2M (3%)           46M (72%)          50M (78%)          50M (78%)           2M (3%)     
[2026-06-17T10:03:10.183+0800][5.437s][info][gc,heap     ] GC(104)      Used:       62M (97%)          62M (97%)          18M (28%)          14M (22%)          62M (97%)          14M (22%)    
[2026-06-17T10:03:10.183+0800][5.437s][info][gc,heap     ] GC(104)      Live:         -                12M (20%)          12M (20%)          12M (20%)            -                  -          
[2026-06-17T10:03:10.183+0800][5.438s][info][gc,heap     ] GC(104) Allocated:         -                 0M (0%)            0M (0%)            0M (0%)             -                  -          
[2026-06-17T10:03:10.183+0800][5.438s][info][gc,heap     ] GC(104)   Garbage:         -                49M (77%)           5M (8%)            1M (2%)             -                  -          
[2026-06-17T10:03:10.183+0800][5.438s][info][gc,heap     ] GC(104) Reclaimed:         -                  -                44M (69%)          48M (75%)            -                  -          
[2026-06-17T10:03:10.183+0800][5.438s][info][gc          ] GC(104) Garbage Collection (Allocation Rate) 62M(97%)->14M(22%)
[2026-06-17T10:03:10.372+0800][5.627s][info][gc,start    ] GC(105) Garbage Collection (Allocation Rate)
[2026-06-17T10:03:10.373+0800][5.627s][info][gc,task     ] GC(105) Using 1 workers
[2026-06-17T10:03:10.374+0800][5.628s][info][gc,phases   ] GC(105) Pause Mark Start 0.010ms
[2026-06-17T10:03:10.376+0800][5.630s][info][gc,phases   ] GC(105) Concurrent Mark 1.751ms
[2026-06-17T10:03:10.376+0800][5.631s][info][gc,phases   ] GC(105) Pause Mark End 0.007ms
[2026-06-17T10:03:10.377+0800][5.631s][info][gc,phases   ] GC(105) Concurrent Mark Free 0.001ms
[2026-06-17T10:03:10.377+0800][5.632s][info][gc,phases   ] GC(105) Concurrent Process Non-Strong References 0.407ms
[2026-06-17T10:03:10.378+0800][5.632s][info][gc,phases   ] GC(105) Concurrent Reset Relocation Set 0.001ms
[2026-06-17T10:03:10.379+0800][5.634s][info][gc,phases   ] GC(105) Concurrent Select Relocation Set 1.053ms
[2026-06-17T10:03:10.380+0800][5.634s][info][gc,phases   ] GC(105) Pause Relocate Start 0.004ms
[2026-06-17T10:03:10.380+0800][5.635s][info][gc,phases   ] GC(105) Concurrent Relocate 0.210ms
[2026-06-17T10:03:10.380+0800][5.635s][info][gc,load     ] GC(105) Load: 0.33/0.42/0.50
[2026-06-17T10:03:10.380+0800][5.635s][info][gc,mmu      ] GC(105) MMU: 2ms/0.0%, 5ms/27.1%, 10ms/63.6%, 20ms/81.7%, 50ms/92.7%, 100ms/96.0%
[2026-06-17T10:03:10.381+0800][5.635s][info][gc,marking  ] GC(105) Mark: 1 stripe(s), 2 proactive flush(es), 1 terminate flush(es), 0 completion(s), 0 continuation(s) 
[2026-06-17T10:03:10.381+0800][5.635s][info][gc,marking  ] GC(105) Mark Stack Usage: 32M
[2026-06-17T10:03:10.381+0800][5.636s][info][gc,nmethod  ] GC(105) NMethods: 77 registered, 5 unregistered
[2026-06-17T10:03:10.381+0800][5.636s][info][gc,metaspace] GC(105) Metaspace: 0M used, 0M committed, 1088M reserved
[2026-06-17T10:03:10.381+0800][5.636s][info][gc,ref      ] GC(105) Soft: 0 encountered, 0 discovered, 0 enqueued
[2026-06-17T10:03:10.381+0800][5.636s][info][gc,ref      ] GC(105) Weak: 6 encountered, 0 discovered, 0 enqueued
[2026-06-17T10:03:10.381+0800][5.636s][info][gc,ref      ] GC(105) Final: 0 encountered, 0 discovered, 0 enqueued
[2026-06-17T10:03:10.381+0800][5.636s][info][gc,ref      ] GC(105) Phantom: 1 encountered, 0 discovered, 0 enqueued
[2026-06-17T10:03:10.382+0800][5.636s][info][gc,reloc    ] GC(105) Small Pages: 15 / 30M, Empty: 20M, Relocated: 1M, In-Place: 0
[2026-06-17T10:03:10.382+0800][5.636s][info][gc,reloc    ] GC(105) Large Pages: 10 / 20M, Empty: 0M, Relocated: 0M, In-Place: 0
[2026-06-17T10:03:10.382+0800][5.636s][info][gc,reloc    ] GC(105) Forwarding Usage: 0M
[2026-06-17T10:03:10.382+0800][5.636s][info][gc,heap     ] GC(105) Min Capacity: 64M(100%)
[2026-06-17T10:03:10.382+0800][5.636s][info][gc,heap     ] GC(105) Max Capacity: 64M(100%)
[2026-06-17T10:03:10.382+0800][5.637s][info][gc,heap     ] GC(105) Soft Max Capacity: 64M(100%)
[2026-06-17T10:03:10.382+0800][5.637s][info][gc,heap     ] GC(105)                Mark Start          Mark End        Relocate Start      Relocate End           High               Low         
[2026-06-17T10:03:10.382+0800][5.637s][info][gc,heap     ] GC(105)  Capacity:       64M (100%)         64M (100%)         64M (100%)         64M (100%)         64M (100%)         64M (100%)   
[2026-06-17T10:03:10.382+0800][5.637s][info][gc,heap     ] GC(105)      Free:       14M (22%)          10M (16%)          30M (47%)          34M (53%)          34M (53%)          10M (16%)    
[2026-06-17T10:03:10.382+0800][5.637s][info][gc,heap     ] GC(105)      Used:       50M (78%)          54M (84%)          34M (53%)          30M (47%)          54M (84%)          30M (47%)    
[2026-06-17T10:03:10.382+0800][5.637s][info][gc,heap     ] GC(105)      Live:         -                24M (38%)          24M (38%)          24M (38%)            -                  -          
[2026-06-17T10:03:10.382+0800][5.637s][info][gc,heap     ] GC(105) Allocated:         -                 4M (6%)            4M (6%)            4M (6%)             -                  -          
[2026-06-17T10:03:10.383+0800][5.637s][info][gc,heap     ] GC(105)   Garbage:         -                25M (40%)           5M (9%)            1M (3%)             -                  -          
[2026-06-17T10:03:10.383+0800][5.637s][info][gc,heap     ] GC(105) Reclaimed:         -                  -                20M (31%)          24M (38%)            -                  -          
[2026-06-17T10:03:10.383+0800][5.637s][info][gc          ] GC(105) Garbage Collection (Allocation Rate) 50M(78%)->30M(47%)
[2026-06-17T10:03:10.421+0800][5.676s][info][gc,start    ] GC(106) Garbage Collection (Allocation Stall)
[2026-06-17T10:03:10.422+0800][5.676s][info][gc,ref      ] GC(106) Clearing All SoftReferences
[2026-06-17T10:03:10.422+0800][5.677s][info][gc,task     ] GC(106) Using 1 workers
[2026-06-17T10:03:10.422+0800][5.677s][info][gc,ref      ] GC(106) Clearing All SoftReferences
[2026-06-17T10:03:10.423+0800][5.677s][info][gc,phases   ] GC(106) Pause Mark Start 0.355ms
[2026-06-17T10:03:10.424+0800][5.679s][info][gc,phases   ] GC(106) Concurrent Mark 1.140ms
[2026-06-17T10:03:10.425+0800][5.679s][info][gc,phases   ] GC(106) Pause Mark End 0.007ms
[2026-06-17T10:03:10.425+0800][5.679s][info][gc,phases   ] GC(106) Concurrent Mark Free 0.001ms
[2026-06-17T10:03:10.425+0800][5.680s][info][gc,phases   ] GC(106) Concurrent Process Non-Strong References 0.325ms
[2026-06-17T10:03:10.426+0800][5.680s][info][gc,phases   ] GC(106) Concurrent Reset Relocation Set 0.001ms
[2026-06-17T10:03:10.427+0800][5.682s][info][gc          ] Allocation Stall (main) 5.942ms
[2026-06-17T10:03:10.427+0800][5.682s][info][gc,phases   ] GC(106) Concurrent Select Relocation Set 1.165ms
[2026-06-17T10:03:10.428+0800][5.682s][info][gc,phases   ] GC(106) Pause Relocate Start 0.004ms
[2026-06-17T10:03:10.428+0800][5.682s][info][gc,phases   ] GC(106) Concurrent Relocate 0.215ms
[2026-06-17T10:03:10.428+0800][5.683s][info][gc,load     ] GC(106) Load: 0.33/0.42/0.50
[2026-06-17T10:03:10.428+0800][5.683s][info][gc,mmu      ] GC(106) MMU: 2ms/0.0%, 5ms/27.1%, 10ms/63.6%, 20ms/81.7%, 50ms/92.7%, 100ms/96.0%
[2026-06-17T10:03:10.428+0800][5.683s][info][gc,marking  ] GC(106) Mark: 1 stripe(s), 1 proactive flush(es), 1 terminate flush(es), 0 completion(s), 0 continuation(s) 
[2026-06-17T10:03:10.428+0800][5.683s][info][gc,marking  ] GC(106) Mark Stack Usage: 32M
[2026-06-17T10:03:10.429+0800][5.683s][info][gc,nmethod  ] GC(106) NMethods: 78 registered, 5 unregistered
[2026-06-17T10:03:10.429+0800][5.683s][info][gc,metaspace] GC(106) Metaspace: 0M used, 0M committed, 1088M reserved
[2026-06-17T10:03:10.429+0800][5.683s][info][gc,ref      ] GC(106) Soft: 0 encountered, 0 discovered, 0 enqueued
[2026-06-17T10:03:10.429+0800][5.684s][info][gc,ref      ] GC(106) Weak: 6 encountered, 0 discovered, 0 enqueued
[2026-06-17T10:03:10.429+0800][5.684s][info][gc,ref      ] GC(106) Final: 0 encountered, 0 discovered, 0 enqueued
[2026-06-17T10:03:10.429+0800][5.684s][info][gc,ref      ] GC(106) Phantom: 1 encountered, 0 discovered, 0 enqueued
[2026-06-17T10:03:10.429+0800][5.684s][info][gc,reloc    ] GC(106) Small Pages: 12 / 24M, Empty: 14M, Relocated: 1M, In-Place: 0
[2026-06-17T10:03:10.429+0800][5.684s][info][gc,reloc    ] GC(106) Large Pages: 20 / 40M, Empty: 0M, Relocated: 0M, In-Place: 0
[2026-06-17T10:03:10.429+0800][5.684s][info][gc,reloc    ] GC(106) Forwarding Usage: 0M
[2026-06-17T10:03:10.430+0800][5.684s][info][gc,heap     ] GC(106) Min Capacity: 64M(100%)
[2026-06-17T10:03:10.430+0800][5.684s][info][gc,heap     ] GC(106) Max Capacity: 64M(100%)
[2026-06-17T10:03:10.430+0800][5.684s][info][gc,heap     ] GC(106) Soft Max Capacity: 64M(100%)
[2026-06-17T10:03:10.430+0800][5.684s][info][gc,heap     ] GC(106)                Mark Start          Mark End        Relocate Start      Relocate End           High               Low         
[2026-06-17T10:03:10.430+0800][5.685s][info][gc,heap     ] GC(106)  Capacity:       64M (100%)         64M (100%)         64M (100%)         64M (100%)         64M (100%)         64M (100%)   
[2026-06-17T10:03:10.430+0800][5.685s][info][gc,heap     ] GC(106)      Free:        0M (0%)            0M (0%)           12M (19%)          12M (19%)          14M (22%)           0M (0%)     
[2026-06-17T10:03:10.430+0800][5.685s][info][gc,heap     ] GC(106)      Used:       64M (100%)         64M (100%)         52M (81%)          52M (81%)          64M (100%)         50M (78%)    
[2026-06-17T10:03:10.430+0800][5.685s][info][gc,heap     ] GC(106)      Live:         -                44M (70%)          44M (70%)          44M (70%)            -                  -          
[2026-06-17T10:03:10.430+0800][5.685s][info][gc,heap     ] GC(106) Allocated:         -                 0M (0%)            2M (3%)            5M (9%)             -                  -          
[2026-06-17T10:03:10.430+0800][5.685s][info][gc,heap     ] GC(106)   Garbage:         -                19M (30%)           5M (8%)            1M (2%)             -                  -          
[2026-06-17T10:03:10.430+0800][5.685s][info][gc,heap     ] GC(106) Reclaimed:         -                  -                14M (22%)          17M (28%)            -                  -          
[2026-06-17T10:03:10.431+0800][5.685s][info][gc          ] GC(106) Garbage Collection (Allocation Stall) 64M(100%)->52M(81%)
[2026-06-17T10:03:10.460+0800][5.715s][info][gc,start    ] GC(107) Garbage Collection (Allocation Stall)
[2026-06-17T10:03:10.462+0800][5.717s][info][gc,ref      ] GC(107) Clearing All SoftReferences
[2026-06-17T10:03:10.463+0800][5.717s][info][gc,task     ] GC(107) Using 1 workers
[2026-06-17T10:03:10.463+0800][5.718s][info][gc,ref      ] GC(107) Clearing All SoftReferences
[2026-06-17T10:03:10.464+0800][5.718s][info][gc,phases   ] GC(107) Pause Mark Start 0.398ms
[2026-06-17T10:03:10.465+0800][5.720s][info][gc,phases   ] GC(107) Concurrent Mark 1.368ms
[2026-06-17T10:03:10.466+0800][5.720s][info][gc,phases   ] GC(107) Pause Mark End 0.011ms
[2026-06-17T10:03:10.466+0800][5.721s][info][gc,phases   ] GC(107) Concurrent Mark Free 0.002ms
[2026-06-17T10:03:10.467+0800][5.722s][info][gc,phases   ] GC(107) Concurrent Process Non-Strong References 0.421ms
[2026-06-17T10:03:10.468+0800][5.722s][info][gc,phases   ] GC(107) Concurrent Reset Relocation Set 0.002ms
[2026-06-17T10:03:10.469+0800][5.724s][info][gc          ] Allocation Stall (main) 9.139ms
[2026-06-17T10:03:10.469+0800][5.724s][info][gc,phases   ] GC(107) Concurrent Select Relocation Set 1.449ms
[2026-06-17T10:03:10.470+0800][5.725s][info][gc,phases   ] GC(107) Pause Relocate Start 0.006ms
[2026-06-17T10:03:10.471+0800][5.725s][info][gc,phases   ] GC(107) Concurrent Relocate 0.174ms
[2026-06-17T10:03:10.471+0800][5.725s][info][gc,load     ] GC(107) Load: 0.33/0.42/0.50
[2026-06-17T10:03:10.471+0800][5.726s][info][gc,mmu      ] GC(107) MMU: 2ms/0.0%, 5ms/27.1%, 10ms/63.6%, 20ms/81.7%, 50ms/92.7%, 100ms/96.0%
[2026-06-17T10:03:10.471+0800][5.726s][info][gc,marking  ] GC(107) Mark: 1 stripe(s), 1 proactive flush(es), 1 terminate flush(es), 0 completion(s), 0 continuation(s) 
[2026-06-17T10:03:10.471+0800][5.726s][info][gc,marking  ] GC(107) Mark Stack Usage: 32M
[2026-06-17T10:03:10.472+0800][5.726s][info][gc,nmethod  ] GC(107) NMethods: 78 registered, 5 unregistered
[2026-06-17T10:03:10.472+0800][5.726s][info][gc,metaspace] GC(107) Metaspace: 0M used, 0M committed, 1088M reserved
[2026-06-17T10:03:10.472+0800][5.727s][info][gc,ref      ] GC(107) Soft: 0 encountered, 0 discovered, 0 enqueued
[2026-06-17T10:03:10.472+0800][5.727s][info][gc,ref      ] GC(107) Weak: 6 encountered, 0 discovered, 0 enqueued
[2026-06-17T10:03:10.472+0800][5.727s][info][gc,ref      ] GC(107) Final: 0 encountered, 0 discovered, 0 enqueued
[2026-06-17T10:03:10.472+0800][5.727s][info][gc,ref      ] GC(107) Phantom: 1 encountered, 0 discovered, 0 enqueued
[2026-06-17T10:03:10.473+0800][5.727s][info][gc,reloc    ] GC(107) Small Pages: 9 / 18M, Empty: 8M, Relocated: 0M, In-Place: 0
[2026-06-17T10:03:10.473+0800][5.727s][info][gc,reloc    ] GC(107) Large Pages: 23 / 46M, Empty: 0M, Relocated: 0M, In-Place: 0
[2026-06-17T10:03:10.473+0800][5.728s][info][gc,reloc    ] GC(107) Forwarding Usage: 0M
[2026-06-17T10:03:10.473+0800][5.728s][info][gc,heap     ] GC(107) Min Capacity: 64M(100%)
[2026-06-17T10:03:10.473+0800][5.728s][info][gc,heap     ] GC(107) Max Capacity: 64M(100%)
[2026-06-17T10:03:10.473+0800][5.728s][info][gc,heap     ] GC(107) Soft Max Capacity: 64M(100%)
[2026-06-17T10:03:10.474+0800][5.728s][info][gc,heap     ] GC(107)                Mark Start          Mark End        Relocate Start      Relocate End           High               Low         
[2026-06-17T10:03:10.474+0800][5.728s][info][gc,heap     ] GC(107)  Capacity:       64M (100%)         64M (100%)         64M (100%)         64M (100%)         64M (100%)         64M (100%)   
[2026-06-17T10:03:10.474+0800][5.728s][info][gc,heap     ] GC(107)      Free:        0M (0%)            0M (0%)            6M (9%)            6M (9%)            8M (12%)           0M (0%)     
[2026-06-17T10:03:10.474+0800][5.729s][info][gc,heap     ] GC(107)      Used:       64M (100%)         64M (100%)         58M (91%)          58M (91%)          64M (100%)         56M (88%)    
[2026-06-17T10:03:10.474+0800][5.729s][info][gc,heap     ] GC(107)      Live:         -                51M (80%)          51M (80%)          51M (80%)            -                  -          
[2026-06-17T10:03:10.474+0800][5.729s][info][gc,heap     ] GC(107) Allocated:         -                 0M (0%)            2M (3%)            3M (6%)             -                  -          
[2026-06-17T10:03:10.474+0800][5.729s][info][gc,heap     ] GC(107)   Garbage:         -                12M (20%)           4M (8%)            2M (4%)             -                  -          
[2026-06-17T10:03:10.474+0800][5.729s][info][gc,heap     ] GC(107) Reclaimed:         -                  -                 8M (12%)           9M (16%)            -                  -          
[2026-06-17T10:03:10.475+0800][5.729s][info][gc          ] GC(107) Garbage Collection (Allocation Stall) 64M(100%)->58M(91%)
[2026-06-17T10:03:10.482+0800][5.737s][info][gc,start    ] GC(108) Garbage Collection (Allocation Stall)
[2026-06-17T10:03:10.483+0800][5.738s][info][gc,ref      ] GC(108) Clearing All SoftReferences
[2026-06-17T10:03:10.484+0800][5.738s][info][gc,task     ] GC(108) Using 1 workers
[2026-06-17T10:03:10.484+0800][5.739s][info][gc,ref      ] GC(108) Clearing All SoftReferences
[2026-06-17T10:03:10.487+0800][5.742s][info][gc,phases   ] GC(108) Pause Mark Start 2.678ms
[2026-06-17T10:03:10.491+0800][5.746s][info][gc,phases   ] GC(108) Concurrent Mark 1.678ms
[2026-06-17T10:03:10.493+0800][5.747s][info][gc,phases   ] GC(108) Pause Mark End 0.014ms
[2026-06-17T10:03:10.493+0800][5.748s][info][gc,phases   ] GC(108) Concurrent Mark Free 0.002ms
[2026-06-17T10:03:10.495+0800][5.749s][info][gc,phases   ] GC(108) Concurrent Process Non-Strong References 0.834ms
[2026-06-17T10:03:10.495+0800][5.750s][info][gc,phases   ] GC(108) Concurrent Reset Relocation Set 0.002ms
[2026-06-17T10:03:10.498+0800][5.753s][info][gc,phases   ] GC(108) Concurrent Select Relocation Set 1.196ms
[2026-06-17T10:03:10.500+0800][5.754s][info][gc,phases   ] GC(108) Pause Relocate Start 0.008ms
[2026-06-17T10:03:10.501+0800][5.755s][info][gc,phases   ] GC(108) Concurrent Relocate 0.059ms
[2026-06-17T10:03:10.501+0800][5.755s][info][gc,load     ] GC(108) Load: 0.33/0.42/0.50
[2026-06-17T10:03:10.501+0800][5.756s][info][gc,mmu      ] GC(108) MMU: 2ms/0.0%, 5ms/27.1%, 10ms/63.6%, 20ms/81.7%, 50ms/92.7%, 100ms/96.0%
[2026-06-17T10:03:10.501+0800][5.756s][info][gc,marking  ] GC(108) Mark: 1 stripe(s), 1 proactive flush(es), 1 terminate flush(es), 0 completion(s), 0 continuation(s) 
[2026-06-17T10:03:10.502+0800][5.756s][info][gc,marking  ] GC(108) Mark Stack Usage: 32M
[2026-06-17T10:03:10.502+0800][5.756s][info][gc,nmethod  ] GC(108) NMethods: 78 registered, 5 unregistered
[2026-06-17T10:03:10.502+0800][5.757s][info][gc,metaspace] GC(108) Metaspace: 0M used, 0M committed, 1088M reserved
[2026-06-17T10:03:10.502+0800][5.757s][info][gc,ref      ] GC(108) Soft: 0 encountered, 0 discovered, 0 enqueued
[2026-06-17T10:03:10.503+0800][5.757s][info][gc,ref      ] GC(108) Weak: 6 encountered, 0 discovered, 0 enqueued
[2026-06-17T10:03:10.503+0800][5.758s][info][gc,ref      ] GC(108) Final: 0 encountered, 0 discovered, 0 enqueued
[2026-06-17T10:03:10.504+0800][5.758s][info][gc,ref      ] GC(108) Phantom: 1 encountered, 0 discovered, 0 enqueued
[2026-06-17T10:03:10.504+0800][5.759s][info][gc,reloc    ] GC(108) Small Pages: 6 / 12M, Empty: 0M, Relocated: 0M, In-Place: 0
[2026-06-17T10:03:10.505+0800][5.759s][info][gc,reloc    ] GC(108) Large Pages: 26 / 52M, Empty: 0M, Relocated: 0M, In-Place: 0
[2026-06-17T10:03:10.505+0800][5.759s][info][gc,reloc    ] GC(108) Forwarding Usage: 0M
[2026-06-17T10:03:10.505+0800][5.760s][info][gc,heap     ] GC(108) Min Capacity: 64M(100%)
[2026-06-17T10:03:10.505+0800][5.760s][info][gc,heap     ] GC(108) Max Capacity: 64M(100%)
[2026-06-17T10:03:10.505+0800][5.760s][info][gc,heap     ] GC(108) Soft Max Capacity: 64M(100%)
[2026-06-17T10:03:10.506+0800][5.760s][info][gc,heap     ] GC(108)                Mark Start          Mark End        Relocate Start      Relocate End           High               Low         
[2026-06-17T10:03:10.506+0800][5.760s][info][gc,heap     ] GC(108)  Capacity:       64M (100%)         64M (100%)         64M (100%)         64M (100%)         64M (100%)         64M (100%)   
[2026-06-17T10:03:10.509+0800][5.763s][info][gc,heap     ] GC(108)      Free:        0M (0%)            0M (0%)            0M (0%)            0M (0%)            0M (0%)            0M (0%)     
[2026-06-17T10:03:10.509+0800][5.764s][info][gc,heap     ] GC(108)      Used:       64M (100%)         64M (100%)         64M (100%)         64M (100%)         64M (100%)         64M (100%)   
[2026-06-17T10:03:10.509+0800][5.764s][info][gc,heap     ] GC(108)      Live:         -                61M (95%)          61M (95%)          61M (95%)            -                  -          
[2026-06-17T10:03:10.510+0800][5.765s][info][gc,heap     ] GC(108) Allocated:         -                 0M (0%)            0M (0%)            0M (0%)             -                  -          
[2026-06-17T10:03:10.513+0800][5.767s][info][gc,heap     ] GC(108)   Garbage:         -                 2M (5%)            2M (5%)            2M (5%)             -                  -          
[2026-06-17T10:03:10.514+0800][5.769s][info][gc,heap     ] GC(108) Reclaimed:         -                  -                 0M (0%)            0M (0%)             -                  -          
[2026-06-17T10:03:10.524+0800][5.779s][info][gc          ] GC(108) Garbage Collection (Allocation Stall) 64M(100%)->64M(100%)
[2026-06-17T10:03:10.524+0800][5.779s][info][gc          ] Allocation Stall (main) 42.080ms
[2026-06-17T10:03:10.524+0800][5.779s][info][gc          ] Out Of Memory (main)
[2026-06-17T10:03:10.525+0800][5.779s][info][gc,start    ] GC(109) Garbage Collection (Allocation Stall)
[2026-06-17T10:03:10.525+0800][5.780s][info][gc,ref      ] GC(109) Clearing All SoftReferences
[2026-06-17T10:03:10.525+0800][5.780s][info][gc,task     ] GC(109) Using 1 workers
[2026-06-17T10:03:10.525+0800][5.780s][info][gc,ref      ] GC(109) Clearing All SoftReferences
[2026-06-17T10:03:10.526+0800][5.780s][info][gc,phases   ] GC(109) Pause Mark Start 0.241ms
[2026-06-17T10:03:10.527+0800][5.781s][info][gc,phases   ] GC(109) Concurrent Mark 0.684ms
[2026-06-17T10:03:10.527+0800][5.781s][info][gc,phases   ] GC(109) Pause Mark End 0.006ms
[2026-06-17T10:03:10.527+0800][5.782s][info][gc,phases   ] GC(109) Concurrent Mark Free 0.000ms
[2026-06-17T10:03:10.527+0800][5.782s][info][gc,phases   ] GC(109) Concurrent Process Non-Strong References 0.218ms
[2026-06-17T10:03:10.528+0800][5.782s][info][gc,phases   ] GC(109) Concurrent Reset Relocation Set 0.000ms
[2026-06-17T10:03:10.529+0800][5.783s][info][gc          ] Allocation Stall (main) 3.889ms
[2026-06-17T10:03:10.529+0800][5.783s][info][gc,phases   ] GC(109) Concurrent Select Relocation Set 0.781ms
[2026-06-17T10:03:10.531+0800][5.785s][info][gc,phases   ] GC(109) Pause Relocate Start 0.003ms
[2026-06-17T10:03:10.531+0800][5.786s][info][gc,phases   ] GC(109) Concurrent Relocate 0.098ms
[2026-06-17T10:03:10.531+0800][5.786s][info][gc,load     ] GC(109) Load: 0.33/0.42/0.50
[2026-06-17T10:03:10.531+0800][5.786s][info][gc,mmu      ] GC(109) MMU: 2ms/0.0%, 5ms/27.1%, 10ms/63.6%, 20ms/81.7%, 50ms/92.7%, 100ms/96.0%
[2026-06-17T10:03:10.532+0800][5.786s][info][gc,marking  ] GC(109) Mark: 1 stripe(s), 1 proactive flush(es), 1 terminate flush(es), 0 completion(s), 0 continuation(s) 
[2026-06-17T10:03:10.532+0800][5.786s][info][gc,marking  ] GC(109) Mark Stack Usage: 32M
[2026-06-17T10:03:10.532+0800][5.787s][info][gc,nmethod  ] GC(109) NMethods: 81 registered, 5 unregistered
[2026-06-17T10:03:10.532+0800][5.787s][info][gc,metaspace] GC(109) Metaspace: 0M used, 0M committed, 1088M reserved
[2026-06-17T10:03:10.532+0800][5.787s][info][gc,ref      ] GC(109) Soft: 0 encountered, 0 discovered, 0 enqueued
[2026-06-17T10:03:10.533+0800][5.787s][info][gc,ref      ] GC(109) Weak: 6 encountered, 0 discovered, 0 enqueued
[2026-06-17T10:03:10.533+0800][5.787s][info][gc,ref      ] GC(109) Final: 0 encountered, 0 discovered, 0 enqueued
[2026-06-17T10:03:10.533+0800][5.788s][info][gc,ref      ] GC(109) Phantom: 1 encountered, 0 discovered, 0 enqueued
[2026-06-17T10:03:10.533+0800][5.788s][info][gc,reloc    ] GC(109) Small Pages: 6 / 12M, Empty: 2M, Relocated: 0M, In-Place: 1
[2026-06-17T10:03:10.533+0800][5.788s][info][gc,reloc    ] GC(109) Large Pages: 26 / 52M, Empty: 0M, Relocated: 0M, In-Place: 0
[2026-06-17T10:03:10.534+0800][5.788s][info][gc,reloc    ] GC(109) Forwarding Usage: 0M
[2026-06-17T10:03:10.534+0800][5.788s][info][gc,heap     ] GC(109) Min Capacity: 64M(100%)
[2026-06-17T10:03:10.534+0800][5.789s][info][gc,heap     ] GC(109) Max Capacity: 64M(100%)
[2026-06-17T10:03:10.534+0800][5.789s][info][gc,heap     ] GC(109) Soft Max Capacity: 64M(100%)
[2026-06-17T10:03:10.534+0800][5.789s][info][gc,heap     ] GC(109)                Mark Start          Mark End        Relocate Start      Relocate End           High               Low         
[2026-06-17T10:03:10.535+0800][5.789s][info][gc,heap     ] GC(109)  Capacity:       64M (100%)         64M (100%)         64M (100%)         64M (100%)         64M (100%)         64M (100%)   
[2026-06-17T10:03:10.535+0800][5.789s][info][gc,heap     ] GC(109)      Free:        0M (0%)            0M (0%)            0M (0%)            2M (3%)            2M (3%)            0M (0%)     
[2026-06-17T10:03:10.535+0800][5.790s][info][gc,heap     ] GC(109)      Used:       64M (100%)         64M (100%)         64M (100%)         62M (97%)          64M (100%)         62M (97%)    
[2026-06-17T10:03:10.535+0800][5.790s][info][gc,heap     ] GC(109)      Live:         -                57M (90%)          57M (90%)          57M (90%)            -                  -          
[2026-06-17T10:03:10.535+0800][5.790s][info][gc,heap     ] GC(109) Allocated:         -                 0M (0%)            2M (3%)            2M (3%)             -                  -          
[2026-06-17T10:03:10.536+0800][5.790s][info][gc,heap     ] GC(109)   Garbage:         -                 6M (10%)           4M (7%)            2M (4%)             -                  -          
[2026-06-17T10:03:10.536+0800][5.790s][info][gc,heap     ] GC(109) Reclaimed:         -                  -                 2M (3%)            4M (6%)             -                  -          
[2026-06-17T10:03:10.536+0800][5.791s][info][gc          ] GC(109) Garbage Collection (Allocation Stall) 64M(100%)->62M(97%)
[2026-06-17T10:03:10.572+0800][5.827s][info][gc,start    ] GC(110) Garbage Collection (Allocation Rate)
[2026-06-17T10:03:10.573+0800][5.827s][info][gc,task     ] GC(110) Using 1 workers
[2026-06-17T10:03:10.573+0800][5.828s][info][gc,phases   ] GC(110) Pause Mark Start 0.011ms
[2026-06-17T10:03:10.574+0800][5.829s][info][gc,phases   ] GC(110) Concurrent Mark 0.832ms
[2026-06-17T10:03:10.575+0800][5.829s][info][gc,phases   ] GC(110) Pause Mark End 0.010ms
[2026-06-17T10:03:10.575+0800][5.830s][info][gc,phases   ] GC(110) Concurrent Mark Free 0.001ms
[2026-06-17T10:03:10.576+0800][5.830s][info][gc,phases   ] GC(110) Concurrent Process Non-Strong References 0.320ms
[2026-06-17T10:03:10.576+0800][5.830s][info][gc,phases   ] GC(110) Concurrent Reset Relocation Set 0.001ms
[2026-06-17T10:03:10.577+0800][5.832s][info][gc,phases   ] GC(110) Concurrent Select Relocation Set 0.849ms
[2026-06-17T10:03:10.577+0800][5.832s][info][gc,phases   ] GC(110) Pause Relocate Start 0.006ms
[2026-06-17T10:03:10.578+0800][5.833s][info][gc,phases   ] GC(110) Concurrent Relocate 0.387ms
[2026-06-17T10:03:10.579+0800][5.833s][info][gc,load     ] GC(110) Load: 0.33/0.42/0.50
[2026-06-17T10:03:10.579+0800][5.833s][info][gc,mmu      ] GC(110) MMU: 2ms/0.0%, 5ms/27.1%, 10ms/63.6%, 20ms/81.7%, 50ms/92.7%, 100ms/96.0%
[2026-06-17T10:03:10.579+0800][5.834s][info][gc,marking  ] GC(110) Mark: 1 stripe(s), 1 proactive flush(es), 1 terminate flush(es), 0 completion(s), 0 continuation(s) 
[2026-06-17T10:03:10.579+0800][5.834s][info][gc,marking  ] GC(110) Mark Stack Usage: 32M
[2026-06-17T10:03:10.580+0800][5.834s][info][gc,nmethod  ] GC(110) NMethods: 81 registered, 5 unregistered
[2026-06-17T10:03:10.580+0800][5.835s][info][gc,metaspace] GC(110) Metaspace: 0M used, 0M committed, 1088M reserved
[2026-06-17T10:03:10.580+0800][5.835s][info][gc,ref      ] GC(110) Soft: 0 encountered, 0 discovered, 0 enqueued
[2026-06-17T10:03:10.580+0800][5.835s][info][gc,ref      ] GC(110) Weak: 6 encountered, 0 discovered, 0 enqueued
[2026-06-17T10:03:10.581+0800][5.835s][info][gc,ref      ] GC(110) Final: 0 encountered, 0 discovered, 0 enqueued
[2026-06-17T10:03:10.581+0800][5.835s][info][gc,ref      ] GC(110) Phantom: 1 encountered, 0 discovered, 0 enqueued
[2026-06-17T10:03:10.581+0800][5.836s][info][gc,reloc    ] GC(110) Small Pages: 5 / 10M, Empty: 4M, Relocated: 1M, In-Place: 0
[2026-06-17T10:03:10.581+0800][5.836s][info][gc,reloc    ] GC(110) Large Pages: 26 / 52M, Empty: 28M, Relocated: 0M, In-Place: 0
[2026-06-17T10:03:10.581+0800][5.836s][info][gc,reloc    ] GC(110) Forwarding Usage: 0M
[2026-06-17T10:03:10.582+0800][5.836s][info][gc,heap     ] GC(110) Min Capacity: 64M(100%)
[2026-06-17T10:03:10.582+0800][5.837s][info][gc,heap     ] GC(110) Max Capacity: 64M(100%)
[2026-06-17T10:03:10.582+0800][5.837s][info][gc,heap     ] GC(110) Soft Max Capacity: 64M(100%)
[2026-06-17T10:03:10.582+0800][5.837s][info][gc,heap     ] GC(110)                Mark Start          Mark End        Relocate Start      Relocate End           High               Low         
[2026-06-17T10:03:10.583+0800][5.837s][info][gc,heap     ] GC(110)  Capacity:       64M (100%)         64M (100%)         64M (100%)         64M (100%)         64M (100%)         64M (100%)   
[2026-06-17T10:03:10.583+0800][5.837s][info][gc,heap     ] GC(110)      Free:        2M (3%)            2M (3%)           34M (53%)          38M (59%)          38M (59%)           2M (3%)     
[2026-06-17T10:03:10.583+0800][5.838s][info][gc,heap     ] GC(110)      Used:       62M (97%)          62M (97%)          30M (47%)          26M (41%)          62M (97%)          26M (41%)    
[2026-06-17T10:03:10.583+0800][5.838s][info][gc,heap     ] GC(110)      Live:         -                25M (40%)          25M (40%)          25M (40%)            -                  -          
[2026-06-17T10:03:10.584+0800][5.838s][info][gc,heap     ] GC(110) Allocated:         -                 0M (0%)            0M (0%)            0M (0%)             -                  -          
[2026-06-17T10:03:10.584+0800][5.839s][info][gc,heap     ] GC(110)   Garbage:         -                36M (57%)           4M (7%)            0M (1%)             -                  -          
[2026-06-17T10:03:10.584+0800][5.839s][info][gc,heap     ] GC(110) Reclaimed:         -                  -                32M (50%)          36M (56%)            -                  -          
[2026-06-17T10:03:10.585+0800][5.839s][info][gc          ] GC(110) Garbage Collection (Allocation Rate) 62M(97%)->26M(41%)
[2026-06-17T10:03:10.673+0800][5.927s][info][gc,start    ] GC(111) Garbage Collection (Allocation Rate)
[2026-06-17T10:03:10.674+0800][5.928s][info][gc,task     ] GC(111) Using 1 workers
[2026-06-17T10:03:10.674+0800][5.929s][info][gc,phases   ] GC(111) Pause Mark Start 0.008ms
[2026-06-17T10:03:10.676+0800][5.931s][info][gc,phases   ] GC(111) Concurrent Mark 1.450ms
[2026-06-17T10:03:10.677+0800][5.932s][info][gc,phases   ] GC(111) Pause Mark End 0.009ms
[2026-06-17T10:03:10.678+0800][5.932s][info][gc,phases   ] GC(111) Concurrent Mark Free 0.001ms
[2026-06-17T10:03:10.679+0800][5.934s][info][gc,phases   ] GC(111) Concurrent Process Non-Strong References 0.576ms
[2026-06-17T10:03:10.680+0800][5.934s][info][gc,phases   ] GC(111) Concurrent Reset Relocation Set 0.001ms
[2026-06-17T10:03:10.681+0800][5.936s][info][gc,phases   ] GC(111) Concurrent Select Relocation Set 1.228ms
[2026-06-17T10:03:10.682+0800][5.936s][info][gc,phases   ] GC(111) Pause Relocate Start 0.004ms
[2026-06-17T10:03:10.682+0800][5.937s][info][gc,phases   ] GC(111) Concurrent Relocate 0.123ms
[2026-06-17T10:03:10.683+0800][5.938s][info][gc,load     ] GC(111) Load: 0.33/0.42/0.50
[2026-06-17T10:03:10.684+0800][5.938s][info][gc,mmu      ] GC(111) MMU: 2ms/0.0%, 5ms/27.1%, 10ms/63.6%, 20ms/81.7%, 50ms/92.7%, 100ms/96.0%
[2026-06-17T10:03:10.684+0800][5.939s][info][gc,marking  ] GC(111) Mark: 1 stripe(s), 1 proactive flush(es), 1 terminate flush(es), 0 completion(s), 0 continuation(s) 
[2026-06-17T10:03:10.685+0800][5.939s][info][gc,marking  ] GC(111) Mark Stack Usage: 32M
[2026-06-17T10:03:10.685+0800][5.940s][info][gc,nmethod  ] GC(111) NMethods: 81 registered, 5 unregistered
[2026-06-17T10:03:10.686+0800][5.941s][info][gc,metaspace] GC(111) Metaspace: 0M used, 0M committed, 1088M reserved
[2026-06-17T10:03:10.686+0800][5.941s][info][gc,ref      ] GC(111) Soft: 0 encountered, 0 discovered, 0 enqueued
[2026-06-17T10:03:10.687+0800][5.941s][info][gc,ref      ] GC(111) Weak: 6 encountered, 0 discovered, 0 enqueued
[2026-06-17T10:03:10.687+0800][5.942s][info][gc,ref      ] GC(111) Final: 0 encountered, 0 discovered, 0 enqueued
[2026-06-17T10:03:10.688+0800][5.942s][info][gc,ref      ] GC(111) Phantom: 1 encountered, 0 discovered, 0 enqueued
[2026-06-17T10:03:10.688+0800][5.943s][info][gc,reloc    ] GC(111) Small Pages: 1 / 2M, Empty: 0M, Relocated: 0M, In-Place: 0
[2026-06-17T10:03:10.689+0800][5.943s][info][gc,reloc    ] GC(111) Large Pages: 12 / 24M, Empty: 0M, Relocated: 0M, In-Place: 0
[2026-06-17T10:03:10.689+0800][5.944s][info][gc,reloc    ] GC(111) Forwarding Usage: 0M
[2026-06-17T10:03:10.690+0800][5.944s][info][gc,heap     ] GC(111) Min Capacity: 64M(100%)
[2026-06-17T10:03:10.690+0800][5.945s][info][gc,heap     ] GC(111) Max Capacity: 64M(100%)
[2026-06-17T10:03:10.691+0800][5.945s][info][gc,heap     ] GC(111) Soft Max Capacity: 64M(100%)
[2026-06-17T10:03:10.691+0800][5.946s][info][gc,heap     ] GC(111)                Mark Start          Mark End        Relocate Start      Relocate End           High               Low         
[2026-06-17T10:03:10.692+0800][5.946s][info][gc,heap     ] GC(111)  Capacity:       64M (100%)         64M (100%)         64M (100%)         64M (100%)         64M (100%)         64M (100%)   
[2026-06-17T10:03:10.692+0800][5.947s][info][gc,heap     ] GC(111)      Free:       38M (59%)          38M (59%)          38M (59%)          38M (59%)          38M (59%)          38M (59%)    
[2026-06-17T10:03:10.693+0800][5.947s][info][gc,heap     ] GC(111)      Used:       26M (41%)          26M (41%)          26M (41%)          26M (41%)          26M (41%)          26M (41%)    
[2026-06-17T10:03:10.693+0800][5.948s][info][gc,heap     ] GC(111)      Live:         -                25M (40%)          25M (40%)          25M (40%)            -                  -          
[2026-06-17T10:03:10.693+0800][5.948s][info][gc,heap     ] GC(111) Allocated:         -                 0M (0%)            0M (0%)            0M (0%)             -                  -          
[2026-06-17T10:03:10.694+0800][5.948s][info][gc,heap     ] GC(111)   Garbage:         -                 0M (1%)            0M (1%)            0M (1%)             -                  -          
[2026-06-17T10:03:10.694+0800][5.949s][info][gc,heap     ] GC(111) Reclaimed:         -                  -                 0M (0%)            0M (0%)             -                  -          
[2026-06-17T10:03:10.694+0800][5.949s][info][gc          ] GC(111) Garbage Collection (Allocation Rate) 26M(41%)->26M(41%)
[2026-06-17T10:03:10.772+0800][6.026s][info][gc,start    ] GC(112) Garbage Collection (Allocation Rate)
[2026-06-17T10:03:10.772+0800][6.027s][info][gc,task     ] GC(112) Using 1 workers
[2026-06-17T10:03:10.773+0800][6.027s][info][gc,phases   ] GC(112) Pause Mark Start 0.006ms
[2026-06-17T10:03:10.774+0800][6.029s][info][gc,phases   ] GC(112) Concurrent Mark 0.988ms
[2026-06-17T10:03:10.775+0800][6.029s][info][gc,phases   ] GC(112) Pause Mark End 0.009ms
[2026-06-17T10:03:10.775+0800][6.029s][info][gc,phases   ] GC(112) Concurrent Mark Free 0.001ms
[2026-06-17T10:03:10.775+0800][6.030s][info][gc,phases   ] GC(112) Concurrent Process Non-Strong References 0.280ms
[2026-06-17T10:03:10.776+0800][6.030s][info][gc,phases   ] GC(112) Concurrent Reset Relocation Set 0.001ms
[2026-06-17T10:03:10.777+0800][6.032s][info][gc,phases   ] GC(112) Concurrent Select Relocation Set 0.786ms
[2026-06-17T10:03:10.777+0800][6.032s][info][gc,phases   ] GC(112) Pause Relocate Start 0.003ms
[2026-06-17T10:03:10.778+0800][6.033s][info][gc,phases   ] GC(112) Concurrent Relocate 0.117ms
[2026-06-17T10:03:10.778+0800][6.033s][info][gc,load     ] GC(112) Load: 0.33/0.42/0.50
[2026-06-17T10:03:10.779+0800][6.033s][info][gc,mmu      ] GC(112) MMU: 2ms/0.0%, 5ms/27.1%, 10ms/63.6%, 20ms/81.7%, 50ms/92.7%, 100ms/96.0%
[2026-06-17T10:03:10.779+0800][6.034s][info][gc,marking  ] GC(112) Mark: 1 stripe(s), 2 proactive flush(es), 1 terminate flush(es), 0 completion(s), 0 continuation(s) 
[2026-06-17T10:03:10.779+0800][6.034s][info][gc,marking  ] GC(112) Mark Stack Usage: 32M
[2026-06-17T10:03:10.780+0800][6.034s][info][gc,nmethod  ] GC(112) NMethods: 81 registered, 5 unregistered
[2026-06-17T10:03:10.780+0800][6.035s][info][gc,metaspace] GC(112) Metaspace: 0M used, 0M committed, 1088M reserved
[2026-06-17T10:03:10.780+0800][6.035s][info][gc,ref      ] GC(112) Soft: 0 encountered, 0 discovered, 0 enqueued
[2026-06-17T10:03:10.781+0800][6.035s][info][gc,ref      ] GC(112) Weak: 6 encountered, 0 discovered, 0 enqueued
[2026-06-17T10:03:10.781+0800][6.035s][info][gc,ref      ] GC(112) Final: 0 encountered, 0 discovered, 0 enqueued
[2026-06-17T10:03:10.781+0800][6.036s][info][gc,ref      ] GC(112) Phantom: 1 encountered, 0 discovered, 0 enqueued
[2026-06-17T10:03:10.783+0800][6.037s][info][gc,reloc    ] GC(112) Small Pages: 7 / 14M, Empty: 8M, Relocated: 1M, In-Place: 0
[2026-06-17T10:03:10.783+0800][6.038s][info][gc,reloc    ] GC(112) Large Pages: 14 / 28M, Empty: 0M, Relocated: 0M, In-Place: 0
[2026-06-17T10:03:10.783+0800][6.038s][info][gc,reloc    ] GC(112) Forwarding Usage: 0M
[2026-06-17T10:03:10.784+0800][6.038s][info][gc,heap     ] GC(112) Min Capacity: 64M(100%)
[2026-06-17T10:03:10.784+0800][6.039s][info][gc,heap     ] GC(112) Max Capacity: 64M(100%)
[2026-06-17T10:03:10.784+0800][6.039s][info][gc,heap     ] GC(112) Soft Max Capacity: 64M(100%)
[2026-06-17T10:03:10.785+0800][6.039s][info][gc,heap     ] GC(112)                Mark Start          Mark End        Relocate Start      Relocate End           High               Low         
[2026-06-17T10:03:10.785+0800][6.040s][info][gc,heap     ] GC(112)  Capacity:       64M (100%)         64M (100%)         64M (100%)         64M (100%)         64M (100%)         64M (100%)   
[2026-06-17T10:03:10.785+0800][6.040s][info][gc,heap     ] GC(112)      Free:       22M (34%)          18M (28%)          26M (41%)          28M (44%)          28M (44%)          18M (28%)    
[2026-06-17T10:03:10.786+0800][6.040s][info][gc,heap     ] GC(112)      Used:       42M (66%)          46M (72%)          38M (59%)          36M (56%)          46M (72%)          36M (56%)    
[2026-06-17T10:03:10.786+0800][6.041s][info][gc,heap     ] GC(112)      Live:         -                30M (48%)          30M (48%)          30M (48%)            -                  -          
[2026-06-17T10:03:10.787+0800][6.041s][info][gc,heap     ] GC(112) Allocated:         -                 4M (6%)            4M (6%)            4M (6%)             -                  -          
[2026-06-17T10:03:10.787+0800][6.041s][info][gc,heap     ] GC(112)   Garbage:         -                11M (18%)           3M (6%)            1M (2%)             -                  -          
[2026-06-17T10:03:10.787+0800][6.042s][info][gc,heap     ] GC(112) Reclaimed:         -                  -                 8M (12%)          10M (16%)            -                  -          
[2026-06-17T10:03:10.787+0800][6.042s][info][gc          ] GC(112) Garbage Collection (Allocation Rate) 42M(66%)->36M(56%)
[2026-06-17T10:03:10.827+0800][6.082s][info][gc,start    ] GC(113) Garbage Collection (Allocation Stall)
[2026-06-17T10:03:10.828+0800][6.083s][info][gc,ref      ] GC(113) Clearing All SoftReferences
[2026-06-17T10:03:10.828+0800][6.083s][info][gc,task     ] GC(113) Using 1 workers
[2026-06-17T10:03:10.829+0800][6.083s][info][gc,ref      ] GC(113) Clearing All SoftReferences
[2026-06-17T10:03:10.829+0800][6.084s][info][gc,phases   ] GC(113) Pause Mark Start 0.542ms
[2026-06-17T10:03:10.831+0800][6.085s][info][gc,phases   ] GC(113) Concurrent Mark 0.736ms
[2026-06-17T10:03:10.831+0800][6.086s][info][gc,phases   ] GC(113) Pause Mark End 0.007ms
[2026-06-17T10:03:10.832+0800][6.086s][info][gc,phases   ] GC(113) Concurrent Mark Free 0.001ms
[2026-06-17T10:03:10.832+0800][6.087s][info][gc,phases   ] GC(113) Concurrent Process Non-Strong References 0.225ms
[2026-06-17T10:03:10.833+0800][6.087s][info][gc,phases   ] GC(113) Concurrent Reset Relocation Set 0.001ms
[2026-06-17T10:03:10.834+0800][6.089s][info][gc          ] Allocation Stall (main) 6.698ms
[2026-06-17T10:03:10.834+0800][6.089s][info][gc,phases   ] GC(113) Concurrent Select Relocation Set 0.794ms
[2026-06-17T10:03:10.835+0800][6.090s][info][gc,phases   ] GC(113) Pause Relocate Start 0.005ms
[2026-06-17T10:03:10.836+0800][6.090s][info][gc,phases   ] GC(113) Concurrent Relocate 0.202ms
[2026-06-17T10:03:10.836+0800][6.090s][info][gc,load     ] GC(113) Load: 0.33/0.42/0.50
[2026-06-17T10:03:10.836+0800][6.091s][info][gc,mmu      ] GC(113) MMU: 2ms/0.0%, 5ms/27.1%, 10ms/63.6%, 20ms/81.7%, 50ms/92.7%, 100ms/96.0%
[2026-06-17T10:03:10.837+0800][6.091s][info][gc,marking  ] GC(113) Mark: 1 stripe(s), 1 proactive flush(es), 1 terminate flush(es), 0 completion(s), 0 continuation(s) 
[2026-06-17T10:03:10.837+0800][6.092s][info][gc,marking  ] GC(113) Mark Stack Usage: 32M
[2026-06-17T10:03:10.837+0800][6.092s][info][gc,nmethod  ] GC(113) NMethods: 81 registered, 5 unregistered
[2026-06-17T10:03:10.838+0800][6.092s][info][gc,metaspace] GC(113) Metaspace: 0M used, 0M committed, 1088M reserved
[2026-06-17T10:03:10.838+0800][6.093s][info][gc,ref      ] GC(113) Soft: 0 encountered, 0 discovered, 0 enqueued
[2026-06-17T10:03:10.838+0800][6.093s][info][gc,ref      ] GC(113) Weak: 6 encountered, 0 discovered, 0 enqueued
[2026-06-17T10:03:10.839+0800][6.093s][info][gc,ref      ] GC(113) Final: 0 encountered, 0 discovered, 0 enqueued
[2026-06-17T10:03:10.839+0800][6.094s][info][gc,ref      ] GC(113) Phantom: 1 encountered, 0 discovered, 0 enqueued
[2026-06-17T10:03:10.840+0800][6.094s][info][gc,reloc    ] GC(113) Small Pages: 12 / 24M, Empty: 16M, Relocated: 1M, In-Place: 0
[2026-06-17T10:03:10.840+0800][6.095s][info][gc,reloc    ] GC(113) Large Pages: 20 / 40M, Empty: 0M, Relocated: 0M, In-Place: 0
[2026-06-17T10:03:10.840+0800][6.095s][info][gc,reloc    ] GC(113) Forwarding Usage: 0M
[2026-06-17T10:03:10.841+0800][6.096s][info][gc,heap     ] GC(113) Min Capacity: 64M(100%)
[2026-06-17T10:03:10.841+0800][6.096s][info][gc,heap     ] GC(113) Max Capacity: 64M(100%)
[2026-06-17T10:03:10.842+0800][6.096s][info][gc,heap     ] GC(113) Soft Max Capacity: 64M(100%)
[2026-06-17T10:03:10.842+0800][6.097s][info][gc,heap     ] GC(113)                Mark Start          Mark End        Relocate Start      Relocate End           High               Low         
[2026-06-17T10:03:10.842+0800][6.097s][info][gc,heap     ] GC(113)  Capacity:       64M (100%)         64M (100%)         64M (100%)         64M (100%)         64M (100%)         64M (100%)   
[2026-06-17T10:03:10.843+0800][6.097s][info][gc,heap     ] GC(113)      Free:        0M (0%)            0M (0%)           14M (22%)          14M (22%)          16M (25%)           0M (0%)     
[2026-06-17T10:03:10.843+0800][6.098s][info][gc,heap     ] GC(113)      Used:       64M (100%)         64M (100%)         50M (78%)          50M (78%)          64M (100%)         48M (75%)    
[2026-06-17T10:03:10.843+0800][6.098s][info][gc,heap     ] GC(113)      Live:         -                44M (70%)          44M (70%)          44M (70%)            -                  -          
[2026-06-17T10:03:10.844+0800][6.098s][info][gc,heap     ] GC(113) Allocated:         -                 0M (0%)            2M (3%)            4M (6%)             -                  -          
[2026-06-17T10:03:10.844+0800][6.099s][info][gc,heap     ] GC(113)   Garbage:         -                19M (30%)           3M (5%)            1M (2%)             -                  -          
[2026-06-17T10:03:10.844+0800][6.099s][info][gc,heap     ] GC(113) Reclaimed:         -                  -                16M (25%)          18M (28%)            -                  -          
[2026-06-17T10:03:10.845+0800][6.099s][info][gc          ] GC(113) Garbage Collection (Allocation Stall) 64M(100%)->50M(78%)
[2026-06-17T10:03:10.868+0800][6.122s][info][gc,start    ] GC(114) Garbage Collection (Allocation Stall)
[2026-06-17T10:03:10.868+0800][6.123s][info][gc,ref      ] GC(114) Clearing All SoftReferences
[2026-06-17T10:03:10.868+0800][6.123s][info][gc,task     ] GC(114) Using 1 workers
[2026-06-17T10:03:10.868+0800][6.123s][info][gc,ref      ] GC(114) Clearing All SoftReferences
[2026-06-17T10:03:10.869+0800][6.123s][info][gc,phases   ] GC(114) Pause Mark Start 0.140ms
[2026-06-17T10:03:10.869+0800][6.124s][info][gc,phases   ] GC(114) Concurrent Mark 0.725ms
[2026-06-17T10:03:10.870+0800][6.124s][info][gc,phases   ] GC(114) Pause Mark End 0.006ms
[2026-06-17T10:03:10.870+0800][6.124s][info][gc,phases   ] GC(114) Concurrent Mark Free 0.001ms
[2026-06-17T10:03:10.870+0800][6.125s][info][gc,phases   ] GC(114) Concurrent Process Non-Strong References 0.334ms
[2026-06-17T10:03:10.871+0800][6.125s][info][gc,phases   ] GC(114) Concurrent Reset Relocation Set 0.001ms
[2026-06-17T10:03:10.872+0800][6.126s][info][gc          ] Allocation Stall (main) 3.871ms
[2026-06-17T10:03:10.872+0800][6.126s][info][gc,phases   ] GC(114) Concurrent Select Relocation Set 0.825ms
[2026-06-17T10:03:10.872+0800][6.126s][info][gc,phases   ] GC(114) Pause Relocate Start 0.009ms
[2026-06-17T10:03:10.872+0800][6.127s][info][gc,phases   ] GC(114) Concurrent Relocate 0.122ms
[2026-06-17T10:03:10.872+0800][6.127s][info][gc,load     ] GC(114) Load: 0.33/0.42/0.50
[2026-06-17T10:03:10.872+0800][6.127s][info][gc,mmu      ] GC(114) MMU: 2ms/0.0%, 5ms/27.1%, 10ms/63.6%, 20ms/81.7%, 50ms/92.7%, 100ms/96.0%
[2026-06-17T10:03:10.872+0800][6.127s][info][gc,marking  ] GC(114) Mark: 1 stripe(s), 1 proactive flush(es), 1 terminate flush(es), 0 completion(s), 0 continuation(s) 
[2026-06-17T10:03:10.873+0800][6.127s][info][gc,marking  ] GC(114) Mark Stack Usage: 32M
[2026-06-17T10:03:10.873+0800][6.127s][info][gc,nmethod  ] GC(114) NMethods: 81 registered, 5 unregistered
[2026-06-17T10:03:10.873+0800][6.127s][info][gc,metaspace] GC(114) Metaspace: 0M used, 0M committed, 1088M reserved
[2026-06-17T10:03:10.873+0800][6.127s][info][gc,ref      ] GC(114) Soft: 0 encountered, 0 discovered, 0 enqueued
[2026-06-17T10:03:10.873+0800][6.127s][info][gc,ref      ] GC(114) Weak: 6 encountered, 0 discovered, 0 enqueued
[2026-06-17T10:03:10.873+0800][6.127s][info][gc,ref      ] GC(114) Final: 0 encountered, 0 discovered, 0 enqueued
[2026-06-17T10:03:10.873+0800][6.128s][info][gc,ref      ] GC(114) Phantom: 1 encountered, 0 discovered, 0 enqueued
[2026-06-17T10:03:10.873+0800][6.128s][info][gc,reloc    ] GC(114) Small Pages: 10 / 20M, Empty: 8M, Relocated: 1M, In-Place: 0
[2026-06-17T10:03:10.873+0800][6.128s][info][gc,reloc    ] GC(114) Large Pages: 22 / 44M, Empty: 0M, Relocated: 0M, In-Place: 0
[2026-06-17T10:03:10.873+0800][6.128s][info][gc,reloc    ] GC(114) Forwarding Usage: 0M
[2026-06-17T10:03:10.873+0800][6.128s][info][gc,heap     ] GC(114) Min Capacity: 64M(100%)
[2026-06-17T10:03:10.873+0800][6.128s][info][gc,heap     ] GC(114) Max Capacity: 64M(100%)
[2026-06-17T10:03:10.873+0800][6.128s][info][gc,heap     ] GC(114) Soft Max Capacity: 64M(100%)
[2026-06-17T10:03:10.873+0800][6.128s][info][gc,heap     ] GC(114)                Mark Start          Mark End        Relocate Start      Relocate End           High               Low         
[2026-06-17T10:03:10.874+0800][6.128s][info][gc,heap     ] GC(114)  Capacity:       64M (100%)         64M (100%)         64M (100%)         64M (100%)         64M (100%)         64M (100%)   
[2026-06-17T10:03:10.874+0800][6.128s][info][gc,heap     ] GC(114)      Free:        0M (0%)            0M (0%)            6M (9%)            8M (12%)           8M (12%)           0M (0%)     
[2026-06-17T10:03:10.874+0800][6.128s][info][gc,heap     ] GC(114)      Used:       64M (100%)         64M (100%)         58M (91%)          56M (88%)          64M (100%)         56M (88%)    
[2026-06-17T10:03:10.874+0800][6.128s][info][gc,heap     ] GC(114)      Live:         -                51M (81%)          51M (81%)          51M (81%)            -                  -          
[2026-06-17T10:03:10.874+0800][6.129s][info][gc,heap     ] GC(114) Allocated:         -                 0M (0%)            2M (3%)            2M (3%)             -                  -          
[2026-06-17T10:03:10.874+0800][6.129s][info][gc,heap     ] GC(114)   Garbage:         -                12M (19%)           4M (6%)            2M (3%)             -                  -          
[2026-06-17T10:03:10.874+0800][6.129s][info][gc,heap     ] GC(114) Reclaimed:         -                  -                 8M (12%)          10M (16%)            -                  -          
[2026-06-17T10:03:10.874+0800][6.129s][info][gc          ] GC(114) Garbage Collection (Allocation Stall) 64M(100%)->56M(88%)
[2026-06-17T10:03:10.893+0800][6.148s][info][gc,start    ] GC(115) Garbage Collection (Allocation Stall)
[2026-06-17T10:03:10.894+0800][6.148s][info][gc,ref      ] GC(115) Clearing All SoftReferences
[2026-06-17T10:03:10.894+0800][6.148s][info][gc,task     ] GC(115) Using 1 workers
[2026-06-17T10:03:10.894+0800][6.149s][info][gc,ref      ] GC(115) Clearing All SoftReferences
[2026-06-17T10:03:10.894+0800][6.149s][info][gc,phases   ] GC(115) Pause Mark Start 0.190ms
[2026-06-17T10:03:10.896+0800][6.150s][info][gc,phases   ] GC(115) Concurrent Mark 0.897ms
[2026-06-17T10:03:10.896+0800][6.150s][info][gc,phases   ] GC(115) Pause Mark End 0.006ms
[2026-06-17T10:03:10.896+0800][6.151s][info][gc,phases   ] GC(115) Concurrent Mark Free 0.001ms
[2026-06-17T10:03:10.896+0800][6.151s][info][gc,phases   ] GC(115) Concurrent Process Non-Strong References 0.245ms
[2026-06-17T10:03:10.897+0800][6.151s][info][gc,phases   ] GC(115) Concurrent Reset Relocation Set 0.001ms
[2026-06-17T10:03:10.897+0800][6.152s][info][gc          ] Allocation Stall (main) 4.247ms
[2026-06-17T10:03:10.897+0800][6.152s][info][gc,phases   ] GC(115) Concurrent Select Relocation Set 0.796ms
[2026-06-17T10:03:10.898+0800][6.152s][info][gc,phases   ] GC(115) Pause Relocate Start 0.005ms
[2026-06-17T10:03:10.898+0800][6.153s][info][gc,phases   ] GC(115) Concurrent Relocate 0.139ms
[2026-06-17T10:03:10.898+0800][6.153s][info][gc,load     ] GC(115) Load: 0.33/0.42/0.50
[2026-06-17T10:03:10.898+0800][6.153s][info][gc,mmu      ] GC(115) MMU: 2ms/0.0%, 5ms/27.1%, 10ms/63.6%, 20ms/81.7%, 50ms/92.7%, 100ms/96.0%
[2026-06-17T10:03:10.899+0800][6.153s][info][gc,marking  ] GC(115) Mark: 1 stripe(s), 1 proactive flush(es), 1 terminate flush(es), 0 completion(s), 0 continuation(s) 
[2026-06-17T10:03:10.899+0800][6.153s][info][gc,marking  ] GC(115) Mark Stack Usage: 32M
[2026-06-17T10:03:10.899+0800][6.153s][info][gc,nmethod  ] GC(115) NMethods: 81 registered, 5 unregistered
[2026-06-17T10:03:10.899+0800][6.153s][info][gc,metaspace] GC(115) Metaspace: 0M used, 0M committed, 1088M reserved
[2026-06-17T10:03:10.899+0800][6.153s][info][gc,ref      ] GC(115) Soft: 0 encountered, 0 discovered, 0 enqueued
[2026-06-17T10:03:10.899+0800][6.154s][info][gc,ref      ] GC(115) Weak: 6 encountered, 0 discovered, 0 enqueued
[2026-06-17T10:03:10.899+0800][6.154s][info][gc,ref      ] GC(115) Final: 0 encountered, 0 discovered, 0 enqueued
[2026-06-17T10:03:10.899+0800][6.154s][info][gc,ref      ] GC(115) Phantom: 1 encountered, 0 discovered, 0 enqueued
[2026-06-17T10:03:10.899+0800][6.154s][info][gc,reloc    ] GC(115) Small Pages: 9 / 18M, Empty: 8M, Relocated: 1M, In-Place: 0
[2026-06-17T10:03:10.899+0800][6.154s][info][gc,reloc    ] GC(115) Large Pages: 23 / 46M, Empty: 0M, Relocated: 0M, In-Place: 0
[2026-06-17T10:03:10.899+0800][6.154s][info][gc,reloc    ] GC(115) Forwarding Usage: 0M
[2026-06-17T10:03:10.899+0800][6.154s][info][gc,heap     ] GC(115) Min Capacity: 64M(100%)
[2026-06-17T10:03:10.899+0800][6.154s][info][gc,heap     ] GC(115) Max Capacity: 64M(100%)
[2026-06-17T10:03:10.900+0800][6.154s][info][gc,heap     ] GC(115) Soft Max Capacity: 64M(100%)
[2026-06-17T10:03:10.900+0800][6.154s][info][gc,heap     ] GC(115)                Mark Start          Mark End        Relocate Start      Relocate End           High               Low         
[2026-06-17T10:03:10.900+0800][6.154s][info][gc,heap     ] GC(115)  Capacity:       64M (100%)         64M (100%)         64M (100%)         64M (100%)         64M (100%)         64M (100%)   
[2026-06-17T10:03:10.900+0800][6.154s][info][gc,heap     ] GC(115)      Free:        0M (0%)            0M (0%)            4M (6%)            4M (6%)            8M (12%)           0M (0%)     
[2026-06-17T10:03:10.900+0800][6.154s][info][gc,heap     ] GC(115)      Used:       64M (100%)         64M (100%)         60M (94%)          60M (94%)          64M (100%)         56M (88%)    
[2026-06-17T10:03:10.900+0800][6.155s][info][gc,heap     ] GC(115)      Live:         -                51M (80%)          51M (80%)          51M (80%)            -                  -          
[2026-06-17T10:03:10.900+0800][6.155s][info][gc,heap     ] GC(115) Allocated:         -                 0M (0%)            4M (6%)            5M (9%)             -                  -          
[2026-06-17T10:03:10.900+0800][6.155s][info][gc,heap     ] GC(115)   Garbage:         -                12M (20%)           4M (7%)            2M (4%)             -                  -          
[2026-06-17T10:03:10.900+0800][6.155s][info][gc,heap     ] GC(115) Reclaimed:         -                  -                 8M (12%)           9M (16%)            -                  -          
[2026-06-17T10:03:10.900+0800][6.155s][info][gc          ] GC(115) Garbage Collection (Allocation Stall) 64M(100%)->60M(94%)
[2026-06-17T10:03:10.909+0800][6.163s][info][gc,start    ] GC(116) Garbage Collection (Allocation Stall)
[2026-06-17T10:03:10.909+0800][6.164s][info][gc,ref      ] GC(116) Clearing All SoftReferences
[2026-06-17T10:03:10.909+0800][6.164s][info][gc,task     ] GC(116) Using 1 workers
[2026-06-17T10:03:10.909+0800][6.164s][info][gc,ref      ] GC(116) Clearing All SoftReferences
[2026-06-17T10:03:10.909+0800][6.164s][info][gc,phases   ] GC(116) Pause Mark Start 0.089ms
[2026-06-17T10:03:10.910+0800][6.165s][info][gc,phases   ] GC(116) Concurrent Mark 0.781ms
[2026-06-17T10:03:10.911+0800][6.165s][info][gc,phases   ] GC(116) Pause Mark End 0.006ms
[2026-06-17T10:03:10.911+0800][6.165s][info][gc,phases   ] GC(116) Concurrent Mark Free 0.000ms
[2026-06-17T10:03:10.911+0800][6.166s][info][gc,phases   ] GC(116) Concurrent Process Non-Strong References 0.241ms
[2026-06-17T10:03:10.911+0800][6.166s][info][gc,phases   ] GC(116) Concurrent Reset Relocation Set 0.001ms
[2026-06-17T10:03:10.912+0800][6.167s][info][gc,phases   ] GC(116) Concurrent Select Relocation Set 0.767ms
[2026-06-17T10:03:10.912+0800][6.167s][info][gc,phases   ] GC(116) Pause Relocate Start 0.002ms
[2026-06-17T10:03:10.912+0800][6.167s][info][gc,phases   ] GC(116) Concurrent Relocate 0.031ms
[2026-06-17T10:03:10.913+0800][6.167s][info][gc,load     ] GC(116) Load: 0.33/0.42/0.50
[2026-06-17T10:03:10.913+0800][6.167s][info][gc,mmu      ] GC(116) MMU: 2ms/0.0%, 5ms/27.1%, 10ms/63.6%, 20ms/81.7%, 50ms/92.7%, 100ms/96.0%
[2026-06-17T10:03:10.913+0800][6.167s][info][gc,marking  ] GC(116) Mark: 1 stripe(s), 1 proactive flush(es), 1 terminate flush(es), 0 completion(s), 0 continuation(s) 
[2026-06-17T10:03:10.913+0800][6.167s][info][gc,marking  ] GC(116) Mark Stack Usage: 32M
[2026-06-17T10:03:10.913+0800][6.168s][info][gc,nmethod  ] GC(116) NMethods: 81 registered, 5 unregistered
[2026-06-17T10:03:10.913+0800][6.168s][info][gc,metaspace] GC(116) Metaspace: 0M used, 0M committed, 1088M reserved
[2026-06-17T10:03:10.913+0800][6.168s][info][gc,ref      ] GC(116) Soft: 0 encountered, 0 discovered, 0 enqueued
[2026-06-17T10:03:10.914+0800][6.168s][info][gc,ref      ] GC(116) Weak: 6 encountered, 0 discovered, 0 enqueued
[2026-06-17T10:03:10.914+0800][6.168s][info][gc,ref      ] GC(116) Final: 0 encountered, 0 discovered, 0 enqueued
[2026-06-17T10:03:10.914+0800][6.169s][info][gc,ref      ] GC(116) Phantom: 1 encountered, 0 discovered, 0 enqueued
[2026-06-17T10:03:10.914+0800][6.169s][info][gc,reloc    ] GC(116) Small Pages: 6 / 12M, Empty: 0M, Relocated: 0M, In-Place: 0
[2026-06-17T10:03:10.914+0800][6.169s][info][gc,reloc    ] GC(116) Large Pages: 26 / 52M, Empty: 0M, Relocated: 0M, In-Place: 0
[2026-06-17T10:03:10.914+0800][6.169s][info][gc,reloc    ] GC(116) Forwarding Usage: 0M
[2026-06-17T10:03:10.914+0800][6.169s][info][gc,heap     ] GC(116) Min Capacity: 64M(100%)
[2026-06-17T10:03:10.914+0800][6.169s][info][gc,heap     ] GC(116) Max Capacity: 64M(100%)
[2026-06-17T10:03:10.914+0800][6.169s][info][gc,heap     ] GC(116) Soft Max Capacity: 64M(100%)
[2026-06-17T10:03:10.915+0800][6.169s][info][gc,heap     ] GC(116)                Mark Start          Mark End        Relocate Start      Relocate End           High               Low         
[2026-06-17T10:03:10.915+0800][6.169s][info][gc,heap     ] GC(116)  Capacity:       64M (100%)         64M (100%)         64M (100%)         64M (100%)         64M (100%)         64M (100%)   
[2026-06-17T10:03:10.915+0800][6.169s][info][gc,heap     ] GC(116)      Free:        0M (0%)            0M (0%)            0M (0%)            0M (0%)            0M (0%)            0M (0%)     
[2026-06-17T10:03:10.915+0800][6.169s][info][gc,heap     ] GC(116)      Used:       64M (100%)         64M (100%)         64M (100%)         64M (100%)         64M (100%)         64M (100%)   
[2026-06-17T10:03:10.915+0800][6.170s][info][gc,heap     ] GC(116)      Live:         -                61M (95%)          61M (95%)          61M (95%)            -                  -          
[2026-06-17T10:03:10.915+0800][6.170s][info][gc,heap     ] GC(116) Allocated:         -                 0M (0%)            0M (0%)            0M (0%)             -                  -          
[2026-06-17T10:03:10.915+0800][6.170s][info][gc,heap     ] GC(116)   Garbage:         -                 2M (5%)            2M (5%)            2M (5%)             -                  -          
[2026-06-17T10:03:10.915+0800][6.170s][info][gc,heap     ] GC(116) Reclaimed:         -                  -                 0M (0%)            0M (0%)             -                  -          
[2026-06-17T10:03:10.915+0800][6.170s][info][gc          ] GC(116) Garbage Collection (Allocation Stall) 64M(100%)->64M(100%)
[2026-06-17T10:03:10.916+0800][6.170s][info][gc          ] Allocation Stall (main) 6.730ms
[2026-06-17T10:03:10.916+0800][6.170s][info][gc          ] Out Of Memory (main)
[2026-06-17T10:03:10.916+0800][6.171s][info][gc,start    ] GC(117) Garbage Collection (Allocation Stall)
[2026-06-17T10:03:10.916+0800][6.171s][info][gc,ref      ] GC(117) Clearing All SoftReferences
[2026-06-17T10:03:10.916+0800][6.171s][info][gc,task     ] GC(117) Using 1 workers
[2026-06-17T10:03:10.916+0800][6.171s][info][gc,ref      ] GC(117) Clearing All SoftReferences
[2026-06-17T10:03:10.916+0800][6.171s][info][gc,phases   ] GC(117) Pause Mark Start 0.093ms
[2026-06-17T10:03:10.917+0800][6.172s][info][gc,phases   ] GC(117) Concurrent Mark 0.696ms
[2026-06-17T10:03:10.917+0800][6.172s][info][gc,phases   ] GC(117) Pause Mark End 0.004ms
[2026-06-17T10:03:10.917+0800][6.172s][info][gc,phases   ] GC(117) Concurrent Mark Free 0.000ms
[2026-06-17T10:03:10.918+0800][6.172s][info][gc,phases   ] GC(117) Concurrent Process Non-Strong References 0.230ms
[2026-06-17T10:03:10.918+0800][6.173s][info][gc,phases   ] GC(117) Concurrent Reset Relocation Set 0.001ms
[2026-06-17T10:03:10.919+0800][6.173s][info][gc          ] Allocation Stall (main) 2.992ms
[2026-06-17T10:03:10.919+0800][6.174s][info][gc,phases   ] GC(117) Concurrent Select Relocation Set 0.912ms
[2026-06-17T10:03:10.919+0800][6.174s][info][gc,phases   ] GC(117) Pause Relocate Start 0.004ms
[2026-06-17T10:03:10.920+0800][6.174s][info][gc,phases   ] GC(117) Concurrent Relocate 0.360ms
[2026-06-17T10:03:10.920+0800][6.175s][info][gc,load     ] GC(117) Load: 0.33/0.42/0.50
[2026-06-17T10:03:10.920+0800][6.175s][info][gc,mmu      ] GC(117) MMU: 2ms/0.0%, 5ms/27.1%, 10ms/63.6%, 20ms/81.7%, 50ms/92.7%, 100ms/96.0%
[2026-06-17T10:03:10.920+0800][6.175s][info][gc,marking  ] GC(117) Mark: 1 stripe(s), 1 proactive flush(es), 1 terminate flush(es), 0 completion(s), 0 continuation(s) 
[2026-06-17T10:03:10.920+0800][6.175s][info][gc,marking  ] GC(117) Mark Stack Usage: 32M
[2026-06-17T10:03:10.920+0800][6.175s][info][gc,nmethod  ] GC(117) NMethods: 81 registered, 5 unregistered
[2026-06-17T10:03:10.920+0800][6.175s][info][gc,metaspace] GC(117) Metaspace: 0M used, 0M committed, 1088M reserved
[2026-06-17T10:03:10.920+0800][6.175s][info][gc,ref      ] GC(117) Soft: 0 encountered, 0 discovered, 0 enqueued
[2026-06-17T10:03:10.921+0800][6.175s][info][gc,ref      ] GC(117) Weak: 6 encountered, 0 discovered, 0 enqueued
[2026-06-17T10:03:10.921+0800][6.175s][info][gc,ref      ] GC(117) Final: 0 encountered, 0 discovered, 0 enqueued
[2026-06-17T10:03:10.921+0800][6.175s][info][gc,ref      ] GC(117) Phantom: 1 encountered, 0 discovered, 0 enqueued
[2026-06-17T10:03:10.921+0800][6.175s][info][gc,reloc    ] GC(117) Small Pages: 6 / 12M, Empty: 2M, Relocated: 3M, In-Place: 1
[2026-06-17T10:03:10.921+0800][6.175s][info][gc,reloc    ] GC(117) Large Pages: 26 / 52M, Empty: 0M, Relocated: 0M, In-Place: 0
[2026-06-17T10:03:10.921+0800][6.175s][info][gc,reloc    ] GC(117) Forwarding Usage: 0M
[2026-06-17T10:03:10.921+0800][6.176s][info][gc,heap     ] GC(117) Min Capacity: 64M(100%)
[2026-06-17T10:03:10.921+0800][6.176s][info][gc,heap     ] GC(117) Max Capacity: 64M(100%)
[2026-06-17T10:03:10.921+0800][6.176s][info][gc,heap     ] GC(117) Soft Max Capacity: 64M(100%)
[2026-06-17T10:03:10.921+0800][6.176s][info][gc,heap     ] GC(117)                Mark Start          Mark End        Relocate Start      Relocate End           High               Low         
[2026-06-17T10:03:10.921+0800][6.176s][info][gc,heap     ] GC(117)  Capacity:       64M (100%)         64M (100%)         64M (100%)         64M (100%)         64M (100%)         64M (100%)   
[2026-06-17T10:03:10.921+0800][6.176s][info][gc,heap     ] GC(117)      Free:        0M (0%)            0M (0%)            0M (0%)            4M (6%)            4M (6%)            0M (0%)     
[2026-06-17T10:03:10.922+0800][6.176s][info][gc,heap     ] GC(117)      Used:       64M (100%)         64M (100%)         64M (100%)         60M (94%)          64M (100%)         60M (94%)    
[2026-06-17T10:03:10.922+0800][6.176s][info][gc,heap     ] GC(117)      Live:         -                58M (91%)          58M (91%)          58M (91%)            -                  -          
[2026-06-17T10:03:10.922+0800][6.176s][info][gc,heap     ] GC(117) Allocated:         -                 0M (0%)            2M (3%)            0M (1%)             -                  -          
[2026-06-17T10:03:10.922+0800][6.176s][info][gc,heap     ] GC(117)   Garbage:         -                 5M (9%)            3M (6%)            1M (2%)             -                  -          
[2026-06-17T10:03:10.922+0800][6.177s][info][gc,heap     ] GC(117) Reclaimed:         -                  -                 2M (3%)            4M (8%)             -                  -          
[2026-06-17T10:03:10.922+0800][6.177s][info][gc          ] GC(117) Garbage Collection (Allocation Stall) 64M(100%)->60M(94%)
[2026-06-17T10:03:10.972+0800][6.227s][info][gc,start    ] GC(118) Garbage Collection (Allocation Rate)
[2026-06-17T10:03:10.972+0800][6.227s][info][gc,task     ] GC(118) Using 1 workers
[2026-06-17T10:03:10.973+0800][6.227s][info][gc,phases   ] GC(118) Pause Mark Start 0.007ms
[2026-06-17T10:03:10.974+0800][6.228s][info][gc,phases   ] GC(118) Concurrent Mark 0.858ms
[2026-06-17T10:03:10.974+0800][6.229s][info][gc,phases   ] GC(118) Pause Mark End 0.007ms
[2026-06-17T10:03:10.974+0800][6.229s][info][gc,phases   ] GC(118) Concurrent Mark Free 0.001ms
[2026-06-17T10:03:10.975+0800][6.229s][info][gc,phases   ] GC(118) Concurrent Process Non-Strong References 0.356ms
[2026-06-17T10:03:10.975+0800][6.230s][info][gc,phases   ] GC(118) Concurrent Reset Relocation Set 0.001ms
[2026-06-17T10:03:10.976+0800][6.231s][info][gc,phases   ] GC(118) Concurrent Select Relocation Set 0.775ms
[2026-06-17T10:03:10.976+0800][6.231s][info][gc,phases   ] GC(118) Pause Relocate Start 0.004ms
[2026-06-17T10:03:10.977+0800][6.231s][info][gc,phases   ] GC(118) Concurrent Relocate 0.389ms
[2026-06-17T10:03:10.977+0800][6.231s][info][gc,load     ] GC(118) Load: 0.33/0.42/0.50
[2026-06-17T10:03:10.977+0800][6.232s][info][gc,mmu      ] GC(118) MMU: 2ms/0.0%, 5ms/27.1%, 10ms/63.6%, 20ms/81.7%, 50ms/92.7%, 100ms/96.0%
[2026-06-17T10:03:10.977+0800][6.232s][info][gc,marking  ] GC(118) Mark: 1 stripe(s), 1 proactive flush(es), 1 terminate flush(es), 0 completion(s), 0 continuation(s) 
[2026-06-17T10:03:10.977+0800][6.232s][info][gc,marking  ] GC(118) Mark Stack Usage: 32M
[2026-06-17T10:03:10.977+0800][6.232s][info][gc,nmethod  ] GC(118) NMethods: 81 registered, 5 unregistered
[2026-06-17T10:03:10.977+0800][6.232s][info][gc,metaspace] GC(118) Metaspace: 0M used, 0M committed, 1088M reserved
[2026-06-17T10:03:10.977+0800][6.232s][info][gc,ref      ] GC(118) Soft: 0 encountered, 0 discovered, 0 enqueued
[2026-06-17T10:03:10.978+0800][6.232s][info][gc,ref      ] GC(118) Weak: 6 encountered, 0 discovered, 0 enqueued
[2026-06-17T10:03:10.978+0800][6.232s][info][gc,ref      ] GC(118) Final: 0 encountered, 0 discovered, 0 enqueued
[2026-06-17T10:03:10.978+0800][6.232s][info][gc,ref      ] GC(118) Phantom: 1 encountered, 0 discovered, 0 enqueued
[2026-06-17T10:03:10.978+0800][6.232s][info][gc,reloc    ] GC(118) Small Pages: 4 / 8M, Empty: 2M, Relocated: 1M, In-Place: 0
[2026-06-17T10:03:10.978+0800][6.233s][info][gc,reloc    ] GC(118) Large Pages: 26 / 52M, Empty: 38M, Relocated: 0M, In-Place: 0
[2026-06-17T10:03:10.978+0800][6.233s][info][gc,reloc    ] GC(118) Forwarding Usage: 0M
[2026-06-17T10:03:10.978+0800][6.233s][info][gc,heap     ] GC(118) Min Capacity: 64M(100%)
[2026-06-17T10:03:10.978+0800][6.233s][info][gc,heap     ] GC(118) Max Capacity: 64M(100%)
[2026-06-17T10:03:10.978+0800][6.233s][info][gc,heap     ] GC(118) Soft Max Capacity: 64M(100%)
[2026-06-17T10:03:10.978+0800][6.233s][info][gc,heap     ] GC(118)                Mark Start          Mark End        Relocate Start      Relocate End           High               Low         
[2026-06-17T10:03:10.978+0800][6.233s][info][gc,heap     ] GC(118)  Capacity:       64M (100%)         64M (100%)         64M (100%)         64M (100%)         64M (100%)         64M (100%)   
[2026-06-17T10:03:10.978+0800][6.233s][info][gc,heap     ] GC(118)      Free:        4M (6%)            4M (6%)           44M (69%)          46M (72%)          46M (72%)           4M (6%)     
[2026-06-17T10:03:10.979+0800][6.233s][info][gc,heap     ] GC(118)      Used:       60M (94%)          60M (94%)          20M (31%)          18M (28%)          60M (94%)          18M (28%)    
[2026-06-17T10:03:10.979+0800][6.233s][info][gc,heap     ] GC(118)      Live:         -                16M (26%)          16M (26%)          16M (26%)            -                  -          
[2026-06-17T10:03:10.979+0800][6.233s][info][gc,heap     ] GC(118) Allocated:         -                 0M (0%)            0M (0%)            0M (0%)             -                  -          
[2026-06-17T10:03:10.979+0800][6.233s][info][gc,heap     ] GC(118)   Garbage:         -                43M (68%)           3M (5%)            1M (2%)             -                  -          
[2026-06-17T10:03:10.979+0800][6.234s][info][gc,heap     ] GC(118) Reclaimed:         -                  -                40M (62%)          42M (66%)            -                  -          
[2026-06-17T10:03:10.979+0800][6.234s][info][gc          ] GC(118) Garbage Collection (Allocation Rate) 60M(94%)->18M(28%)
[2026-06-17T10:03:11.173+0800][6.427s][info][gc,start    ] GC(119) Garbage Collection (Allocation Rate)
[2026-06-17T10:03:11.173+0800][6.428s][info][gc,task     ] GC(119) Using 1 workers
[2026-06-17T10:03:11.174+0800][6.429s][info][gc,phases   ] GC(119) Pause Mark Start 0.010ms
[2026-06-17T10:03:11.181+0800][6.436s][info][gc,phases   ] GC(119) Concurrent Mark 1.387ms
[2026-06-17T10:03:11.182+0800][6.436s][info][gc,phases   ] GC(119) Pause Mark End 0.009ms
[2026-06-17T10:03:11.184+0800][6.439s][info][gc,phases   ] GC(119) Concurrent Mark Free 0.001ms
[2026-06-17T10:03:11.185+0800][6.440s][info][gc,phases   ] GC(119) Concurrent Process Non-Strong References 0.466ms
[2026-06-17T10:03:11.185+0800][6.440s][info][gc,phases   ] GC(119) Concurrent Reset Relocation Set 0.001ms
[2026-06-17T10:03:11.186+0800][6.441s][info][gc,phases   ] GC(119) Concurrent Select Relocation Set 0.889ms
[2026-06-17T10:03:11.187+0800][6.442s][info][gc,phases   ] GC(119) Pause Relocate Start 0.007ms
[2026-06-17T10:03:11.188+0800][6.442s][info][gc,phases   ] GC(119) Concurrent Relocate 0.193ms
[2026-06-17T10:03:11.190+0800][6.445s][info][gc,load     ] GC(119) Load: 0.33/0.42/0.50
[2026-06-17T10:03:11.191+0800][6.445s][info][gc,mmu      ] GC(119) MMU: 2ms/0.0%, 5ms/27.1%, 10ms/63.6%, 20ms/81.7%, 50ms/92.7%, 100ms/96.0%
[2026-06-17T10:03:11.192+0800][6.446s][info][gc,marking  ] GC(119) Mark: 1 stripe(s), 1 proactive flush(es), 1 terminate flush(es), 0 completion(s), 0 continuation(s) 
[2026-06-17T10:03:11.193+0800][6.447s][info][gc,marking  ] GC(119) Mark Stack Usage: 32M
[2026-06-17T10:03:11.193+0800][6.448s][info][gc,nmethod  ] GC(119) NMethods: 81 registered, 5 unregistered
[2026-06-17T10:03:11.194+0800][6.448s][info][gc,metaspace] GC(119) Metaspace: 0M used, 0M committed, 1088M reserved
[2026-06-17T10:03:11.194+0800][6.449s][info][gc,ref      ] GC(119) Soft: 0 encountered, 0 discovered, 0 enqueued
[2026-06-17T10:03:11.194+0800][6.449s][info][gc,ref      ] GC(119) Weak: 6 encountered, 0 discovered, 0 enqueued
[2026-06-17T10:03:11.194+0800][6.449s][info][gc,ref      ] GC(119) Final: 0 encountered, 0 discovered, 0 enqueued
[2026-06-17T10:03:11.195+0800][6.449s][info][gc,ref      ] GC(119) Phantom: 1 encountered, 0 discovered, 0 enqueued
[2026-06-17T10:03:11.195+0800][6.449s][info][gc,reloc    ] GC(119) Small Pages: 12 / 24M, Empty: 14M, Relocated: 1M, In-Place: 0
[2026-06-17T10:03:11.195+0800][6.450s][info][gc,reloc    ] GC(119) Large Pages: 14 / 28M, Empty: 0M, Relocated: 0M, In-Place: 0
[2026-06-17T10:03:11.195+0800][6.450s][info][gc,reloc    ] GC(119) Forwarding Usage: 0M
[2026-06-17T10:03:11.202+0800][6.457s][info][gc,heap     ] GC(119) Min Capacity: 64M(100%)
[2026-06-17T10:03:11.207+0800][6.461s][info][gc,heap     ] GC(119) Max Capacity: 64M(100%)
[2026-06-17T10:03:11.207+0800][6.462s][info][gc,heap     ] GC(119) Soft Max Capacity: 64M(100%)
[2026-06-17T10:03:11.216+0800][6.470s][info][gc,heap     ] GC(119)                Mark Start          Mark End        Relocate Start      Relocate End           High               Low         
[2026-06-17T10:03:11.216+0800][6.471s][info][gc,heap     ] GC(119)  Capacity:       64M (100%)         64M (100%)         64M (100%)         64M (100%)         64M (100%)         64M (100%)   
[2026-06-17T10:03:11.216+0800][6.471s][info][gc,heap     ] GC(119)      Free:       12M (19%)          12M (19%)          22M (34%)          26M (41%)          26M (41%)           8M (12%)    
[2026-06-17T10:03:11.217+0800][6.471s][info][gc,heap     ] GC(119)      Used:       52M (81%)          52M (81%)          42M (66%)          38M (59%)          56M (88%)          38M (59%)    
[2026-06-17T10:03:11.217+0800][6.472s][info][gc,heap     ] GC(119)      Live:         -                32M (51%)          32M (51%)          32M (51%)            -                  -          
[2026-06-17T10:03:11.228+0800][6.483s][info][gc,heap     ] GC(119) Allocated:         -                 0M (0%)            4M (6%)            4M (6%)             -                  -          
[2026-06-17T10:03:11.229+0800][6.483s][info][gc,heap     ] GC(119)   Garbage:         -                19M (30%)           5M (9%)            1M (2%)             -                  -          
[2026-06-17T10:03:11.229+0800][6.484s][info][gc,heap     ] GC(119) Reclaimed:         -                  -                14M (22%)          18M (28%)            -                  -          
[2026-06-17T10:03:11.229+0800][6.484s][info][gc          ] GC(119) Garbage Collection (Allocation Rate) 52M(81%)->38M(59%)
[2026-06-17T10:03:11.238+0800][6.493s][info][gc,start    ] GC(120) Garbage Collection (Allocation Stall)
[2026-06-17T10:03:11.239+0800][6.494s][info][gc,ref      ] GC(120) Clearing All SoftReferences
[2026-06-17T10:03:11.241+0800][6.496s][info][gc,task     ] GC(120) Using 1 workers
[2026-06-17T10:03:11.243+0800][6.497s][info][gc,ref      ] GC(120) Clearing All SoftReferences
[2026-06-17T10:03:11.245+0800][6.500s][info][gc,phases   ] GC(120) Pause Mark Start 2.783ms
[2026-06-17T10:03:11.248+0800][6.502s][info][gc,phases   ] GC(120) Concurrent Mark 0.723ms
[2026-06-17T10:03:11.250+0800][6.504s][info][gc,phases   ] GC(120) Pause Mark End 0.010ms
[2026-06-17T10:03:11.250+0800][6.505s][info][gc,phases   ] GC(120) Concurrent Mark Free 0.001ms
[2026-06-17T10:03:11.253+0800][6.508s][info][gc,phases   ] GC(120) Concurrent Process Non-Strong References 0.609ms
[2026-06-17T10:03:11.254+0800][6.509s][info][gc,phases   ] GC(120) Concurrent Reset Relocation Set 0.001ms
[2026-06-17T10:03:11.257+0800][6.512s][info][gc,phases   ] GC(120) Concurrent Select Relocation Set 0.721ms
[2026-06-17T10:03:11.257+0800][6.512s][info][gc          ] Allocation Stall (main) 18.903ms
[2026-06-17T10:03:11.259+0800][6.514s][info][gc,phases   ] GC(120) Pause Relocate Start 0.007ms
[2026-06-17T10:03:11.262+0800][6.517s][info][gc,phases   ] GC(120) Concurrent Relocate 0.145ms
[2026-06-17T10:03:11.263+0800][6.517s][info][gc,load     ] GC(120) Load: 0.33/0.42/0.50
[2026-06-17T10:03:11.265+0800][6.520s][info][gc,mmu      ] GC(120) MMU: 2ms/0.0%, 5ms/27.1%, 10ms/63.6%, 20ms/81.7%, 50ms/92.7%, 100ms/96.0%
[2026-06-17T10:03:11.265+0800][6.520s][info][gc,marking  ] GC(120) Mark: 1 stripe(s), 1 proactive flush(es), 1 terminate flush(es), 0 completion(s), 0 continuation(s) 
[2026-06-17T10:03:11.268+0800][6.522s][info][gc,marking  ] GC(120) Mark Stack Usage: 32M
[2026-06-17T10:03:11.269+0800][6.523s][info][gc,nmethod  ] GC(120) NMethods: 81 registered, 5 unregistered
[2026-06-17T10:03:11.270+0800][6.524s][info][gc,metaspace] GC(120) Metaspace: 0M used, 0M committed, 1088M reserved
[2026-06-17T10:03:11.270+0800][6.525s][info][gc,ref      ] GC(120) Soft: 0 encountered, 0 discovered, 0 enqueued
[2026-06-17T10:03:11.271+0800][6.526s][info][gc,ref      ] GC(120) Weak: 6 encountered, 0 discovered, 0 enqueued
[2026-06-17T10:03:11.273+0800][6.527s][info][gc,ref      ] GC(120) Final: 0 encountered, 0 discovered, 0 enqueued
[2026-06-17T10:03:11.275+0800][6.529s][info][gc,ref      ] GC(120) Phantom: 1 encountered, 0 discovered, 0 enqueued
[2026-06-17T10:03:11.276+0800][6.531s][info][gc,reloc    ] GC(120) Small Pages: 15 / 30M, Empty: 18M, Relocated: 0M, In-Place: 0
[2026-06-17T10:03:11.277+0800][6.532s][info][gc,reloc    ] GC(120) Large Pages: 17 / 34M, Empty: 0M, Relocated: 0M, In-Place: 0
[2026-06-17T10:03:11.278+0800][6.532s][info][gc,reloc    ] GC(120) Forwarding Usage: 0M
[2026-06-17T10:03:11.278+0800][6.533s][info][gc,heap     ] GC(120) Min Capacity: 64M(100%)
[2026-06-17T10:03:11.280+0800][6.535s][info][gc,heap     ] GC(120) Max Capacity: 64M(100%)
[2026-06-17T10:03:11.282+0800][6.537s][info][gc,heap     ] GC(120) Soft Max Capacity: 64M(100%)
[2026-06-17T10:03:11.283+0800][6.538s][info][gc,heap     ] GC(120)                Mark Start          Mark End        Relocate Start      Relocate End           High               Low         
[2026-06-17T10:03:11.283+0800][6.538s][info][gc,heap     ] GC(120)  Capacity:       64M (100%)         64M (100%)         64M (100%)         64M (100%)         64M (100%)         64M (100%)   
[2026-06-17T10:03:11.284+0800][6.539s][info][gc,heap     ] GC(120)      Free:        0M (0%)            0M (0%)           16M (25%)          20M (31%)          20M (31%)           0M (0%)     
[2026-06-17T10:03:11.287+0800][6.541s][info][gc,heap     ] GC(120)      Used:       64M (100%)         64M (100%)         48M (75%)          44M (69%)          64M (100%)         44M (69%)    
[2026-06-17T10:03:11.289+0800][6.544s][info][gc,heap     ] GC(120)      Live:         -                39M (62%)          39M (62%)          39M (62%)            -                  -          
[2026-06-17T10:03:11.290+0800][6.544s][info][gc,heap     ] GC(120) Allocated:         -                 0M (0%)            2M (3%)            2M (3%)             -                  -          
[2026-06-17T10:03:11.291+0800][6.545s][info][gc,heap     ] GC(120)   Garbage:         -                24M (38%)           6M (10%)           2M (4%)             -                  -          
[2026-06-17T10:03:11.292+0800][6.547s][info][gc,heap     ] GC(120) Reclaimed:         -                  -                18M (28%)          22M (34%)            -                  -          
[2026-06-17T10:03:11.295+0800][6.549s][info][gc          ] GC(120) Garbage Collection (Allocation Stall) 64M(100%)->44M(69%)
[2026-06-17T10:03:11.296+0800][6.550s][info][gc,start    ] GC(121) Garbage Collection (Allocation Stall)
[2026-06-17T10:03:11.297+0800][6.551s][info][gc,ref      ] GC(121) Clearing All SoftReferences
[2026-06-17T10:03:11.297+0800][6.552s][info][gc,task     ] GC(121) Using 1 workers
[2026-06-17T10:03:11.298+0800][6.552s][info][gc,ref      ] GC(121) Clearing All SoftReferences
[2026-06-17T10:03:11.298+0800][6.552s][info][gc,phases   ] GC(121) Pause Mark Start 0.181ms
[2026-06-17T10:03:11.299+0800][6.553s][info][gc,phases   ] GC(121) Concurrent Mark 0.784ms
[2026-06-17T10:03:11.299+0800][6.554s][info][gc,phases   ] GC(121) Pause Mark End 0.005ms
[2026-06-17T10:03:11.299+0800][6.554s][info][gc,phases   ] GC(121) Concurrent Mark Free 0.000ms
[2026-06-17T10:03:11.300+0800][6.554s][info][gc,phases   ] GC(121) Concurrent Process Non-Strong References 0.215ms
[2026-06-17T10:03:11.300+0800][6.554s][info][gc,phases   ] GC(121) Concurrent Reset Relocation Set 0.000ms
[2026-06-17T10:03:11.301+0800][6.555s][info][gc          ] Allocation Stall (main) 5.992ms
[2026-06-17T10:03:11.301+0800][6.555s][info][gc,phases   ] GC(121) Concurrent Select Relocation Set 0.756ms
[2026-06-17T10:03:11.301+0800][6.556s][info][gc,phases   ] GC(121) Pause Relocate Start 0.003ms
[2026-06-17T10:03:11.302+0800][6.556s][info][gc,phases   ] GC(121) Concurrent Relocate 0.266ms
[2026-06-17T10:03:11.302+0800][6.556s][info][gc,load     ] GC(121) Load: 0.33/0.42/0.50
[2026-06-17T10:03:11.302+0800][6.557s][info][gc,mmu      ] GC(121) MMU: 2ms/0.0%, 5ms/27.1%, 10ms/63.6%, 20ms/81.7%, 50ms/92.7%, 100ms/96.0%
[2026-06-17T10:03:11.302+0800][6.557s][info][gc,marking  ] GC(121) Mark: 1 stripe(s), 1 proactive flush(es), 1 terminate flush(es), 0 completion(s), 0 continuation(s) 
[2026-06-17T10:03:11.303+0800][6.557s][info][gc,marking  ] GC(121) Mark Stack Usage: 32M
[2026-06-17T10:03:11.303+0800][6.557s][info][gc,nmethod  ] GC(121) NMethods: 81 registered, 5 unregistered
[2026-06-17T10:03:11.303+0800][6.557s][info][gc,metaspace] GC(121) Metaspace: 0M used, 0M committed, 1088M reserved
[2026-06-17T10:03:11.303+0800][6.557s][info][gc,ref      ] GC(121) Soft: 0 encountered, 0 discovered, 0 enqueued
[2026-06-17T10:03:11.303+0800][6.558s][info][gc,ref      ] GC(121) Weak: 6 encountered, 0 discovered, 0 enqueued
[2026-06-17T10:03:11.303+0800][6.558s][info][gc,ref      ] GC(121) Final: 0 encountered, 0 discovered, 0 enqueued
[2026-06-17T10:03:11.303+0800][6.558s][info][gc,ref      ] GC(121) Phantom: 1 encountered, 0 discovered, 0 enqueued
[2026-06-17T10:03:11.303+0800][6.558s][info][gc,reloc    ] GC(121) Small Pages: 10 / 20M, Empty: 8M, Relocated: 1M, In-Place: 0
[2026-06-17T10:03:11.303+0800][6.558s][info][gc,reloc    ] GC(121) Large Pages: 22 / 44M, Empty: 0M, Relocated: 0M, In-Place: 0
[2026-06-17T10:03:11.303+0800][6.558s][info][gc,reloc    ] GC(121) Forwarding Usage: 0M
[2026-06-17T10:03:11.303+0800][6.558s][info][gc,heap     ] GC(121) Min Capacity: 64M(100%)
[2026-06-17T10:03:11.303+0800][6.558s][info][gc,heap     ] GC(121) Max Capacity: 64M(100%)
[2026-06-17T10:03:11.304+0800][6.558s][info][gc,heap     ] GC(121) Soft Max Capacity: 64M(100%)
[2026-06-17T10:03:11.304+0800][6.558s][info][gc,heap     ] GC(121)                Mark Start          Mark End        Relocate Start      Relocate End           High               Low         
[2026-06-17T10:03:11.304+0800][6.558s][info][gc,heap     ] GC(121)  Capacity:       64M (100%)         64M (100%)         64M (100%)         64M (100%)         64M (100%)         64M (100%)   
[2026-06-17T10:03:11.304+0800][6.558s][info][gc,heap     ] GC(121)      Free:        0M (0%)            0M (0%)            6M (9%)            6M (9%)            8M (12%)           0M (0%)     
[2026-06-17T10:03:11.304+0800][6.558s][info][gc,heap     ] GC(121)      Used:       64M (100%)         64M (100%)         58M (91%)          58M (91%)          64M (100%)         56M (88%)    
[2026-06-17T10:03:11.304+0800][6.558s][info][gc,heap     ] GC(121)      Live:         -                50M (78%)          50M (78%)          50M (78%)            -                  -          
[2026-06-17T10:03:11.304+0800][6.559s][info][gc,heap     ] GC(121) Allocated:         -                 0M (0%)            2M (3%)            5M (9%)             -                  -          
[2026-06-17T10:03:11.304+0800][6.559s][info][gc,heap     ] GC(121)   Garbage:         -                13M (22%)           5M (9%)            1M (3%)             -                  -          
[2026-06-17T10:03:11.304+0800][6.559s][info][gc,heap     ] GC(121) Reclaimed:         -                  -                 8M (12%)          11M (19%)            -                  -          
[2026-06-17T10:03:11.304+0800][6.559s][info][gc          ] GC(121) Garbage Collection (Allocation Stall) 64M(100%)->58M(91%)
[2026-06-17T10:03:11.324+0800][6.578s][info][gc,start    ] GC(122) Garbage Collection (Allocation Stall)
[2026-06-17T10:03:11.324+0800][6.579s][info][gc,ref      ] GC(122) Clearing All SoftReferences
[2026-06-17T10:03:11.324+0800][6.579s][info][gc,task     ] GC(122) Using 1 workers
[2026-06-17T10:03:11.324+0800][6.579s][info][gc,ref      ] GC(122) Clearing All SoftReferences
[2026-06-17T10:03:11.324+0800][6.579s][info][gc,phases   ] GC(122) Pause Mark Start 0.129ms
[2026-06-17T10:03:11.326+0800][6.580s][info][gc,phases   ] GC(122) Concurrent Mark 1.090ms
[2026-06-17T10:03:11.326+0800][6.581s][info][gc,phases   ] GC(122) Pause Mark End 0.008ms
[2026-06-17T10:03:11.327+0800][6.581s][info][gc,phases   ] GC(122) Concurrent Mark Free 0.001ms
[2026-06-17T10:03:11.327+0800][6.582s][info][gc,phases   ] GC(122) Concurrent Process Non-Strong References 0.290ms
[2026-06-17T10:03:11.327+0800][6.582s][info][gc,phases   ] GC(122) Concurrent Reset Relocation Set 0.001ms
[2026-06-17T10:03:11.329+0800][6.583s][info][gc,phases   ] GC(122) Concurrent Select Relocation Set 0.823ms
[2026-06-17T10:03:11.329+0800][6.583s][info][gc,phases   ] GC(122) Pause Relocate Start 0.004ms
[2026-06-17T10:03:11.329+0800][6.584s][info][gc,phases   ] GC(122) Concurrent Relocate 0.134ms
[2026-06-17T10:03:11.329+0800][6.584s][info][gc          ] Allocation Stall (main) 5.681ms
[2026-06-17T10:03:11.329+0800][6.584s][info][gc,load     ] GC(122) Load: 0.33/0.42/0.50
[2026-06-17T10:03:11.330+0800][6.584s][info][gc,mmu      ] GC(122) MMU: 2ms/0.0%, 5ms/27.1%, 10ms/63.6%, 20ms/81.7%, 50ms/92.7%, 100ms/96.0%
[2026-06-17T10:03:11.330+0800][6.584s][info][gc,marking  ] GC(122) Mark: 1 stripe(s), 1 proactive flush(es), 1 terminate flush(es), 0 completion(s), 0 continuation(s) 
[2026-06-17T10:03:11.330+0800][6.584s][info][gc,marking  ] GC(122) Mark Stack Usage: 32M
[2026-06-17T10:03:11.330+0800][6.584s][info][gc,nmethod  ] GC(122) NMethods: 81 registered, 5 unregistered
[2026-06-17T10:03:11.330+0800][6.585s][info][gc,metaspace] GC(122) Metaspace: 0M used, 0M committed, 1088M reserved
[2026-06-17T10:03:11.330+0800][6.585s][info][gc,ref      ] GC(122) Soft: 0 encountered, 0 discovered, 0 enqueued
[2026-06-17T10:03:11.330+0800][6.585s][info][gc,ref      ] GC(122) Weak: 6 encountered, 0 discovered, 0 enqueued
[2026-06-17T10:03:11.330+0800][6.585s][info][gc,ref      ] GC(122) Final: 0 encountered, 0 discovered, 0 enqueued
[2026-06-17T10:03:11.331+0800][6.585s][info][gc,ref      ] GC(122) Phantom: 1 encountered, 0 discovered, 0 enqueued
[2026-06-17T10:03:11.331+0800][6.585s][info][gc,reloc    ] GC(122) Small Pages: 6 / 12M, Empty: 0M, Relocated: 0M, In-Place: 1
[2026-06-17T10:03:11.331+0800][6.585s][info][gc,reloc    ] GC(122) Large Pages: 26 / 52M, Empty: 0M, Relocated: 0M, In-Place: 0
[2026-06-17T10:03:11.331+0800][6.585s][info][gc,reloc    ] GC(122) Forwarding Usage: 0M
[2026-06-17T10:03:11.331+0800][6.586s][info][gc,heap     ] GC(122) Min Capacity: 64M(100%)
[2026-06-17T10:03:11.331+0800][6.586s][info][gc,heap     ] GC(122) Max Capacity: 64M(100%)
[2026-06-17T10:03:11.331+0800][6.586s][info][gc,heap     ] GC(122) Soft Max Capacity: 64M(100%)
[2026-06-17T10:03:11.331+0800][6.586s][info][gc,heap     ] GC(122)                Mark Start          Mark End        Relocate Start      Relocate End           High               Low         
[2026-06-17T10:03:11.332+0800][6.586s][info][gc,heap     ] GC(122)  Capacity:       64M (100%)         64M (100%)         64M (100%)         64M (100%)         64M (100%)         64M (100%)   
[2026-06-17T10:03:11.332+0800][6.587s][info][gc,heap     ] GC(122)      Free:        0M (0%)            0M (0%)            0M (0%)            0M (0%)            2M (3%)            0M (0%)     
[2026-06-17T10:03:11.332+0800][6.587s][info][gc,heap     ] GC(122)      Used:       64M (100%)         64M (100%)         64M (100%)         64M (100%)         64M (100%)         62M (97%)    
[2026-06-17T10:03:11.332+0800][6.587s][info][gc,heap     ] GC(122)      Live:         -                59M (92%)          59M (92%)          59M (92%)            -                  -          
[2026-06-17T10:03:11.332+0800][6.587s][info][gc,heap     ] GC(122) Allocated:         -                 0M (0%)            0M (0%)            2M (3%)             -                  -          
[2026-06-17T10:03:11.332+0800][6.587s][info][gc,heap     ] GC(122)   Garbage:         -                 4M (8%)            4M (8%)            2M (5%)             -                  -          
[2026-06-17T10:03:11.333+0800][6.587s][info][gc,heap     ] GC(122) Reclaimed:         -                  -                 0M (0%)            2M (3%)             -                  -          
[2026-06-17T10:03:11.333+0800][6.587s][info][gc          ] GC(122) Garbage Collection (Allocation Stall) 64M(100%)->64M(100%)
[2026-06-17T10:03:11.333+0800][6.587s][info][gc,start    ] GC(123) Garbage Collection (Allocation Stall)
[2026-06-17T10:03:11.333+0800][6.587s][info][gc,ref      ] GC(123) Clearing All SoftReferences
[2026-06-17T10:03:11.333+0800][6.587s][info][gc,task     ] GC(123) Using 1 workers
[2026-06-17T10:03:11.333+0800][6.588s][info][gc,ref      ] GC(123) Clearing All SoftReferences
[2026-06-17T10:03:11.333+0800][6.588s][info][gc,phases   ] GC(123) Pause Mark Start 0.088ms
[2026-06-17T10:03:11.334+0800][6.589s][info][gc,phases   ] GC(123) Concurrent Mark 0.832ms
[2026-06-17T10:03:11.334+0800][6.589s][info][gc,phases   ] GC(123) Pause Mark End 0.005ms
[2026-06-17T10:03:11.334+0800][6.589s][info][gc,phases   ] GC(123) Concurrent Mark Free 0.001ms
[2026-06-17T10:03:11.335+0800][6.589s][info][gc,phases   ] GC(123) Concurrent Process Non-Strong References 0.243ms
[2026-06-17T10:03:11.335+0800][6.589s][info][gc,phases   ] GC(123) Concurrent Reset Relocation Set 0.000ms
[2026-06-17T10:03:11.336+0800][6.590s][info][gc,phases   ] GC(123) Concurrent Select Relocation Set 0.826ms
[2026-06-17T10:03:11.336+0800][6.590s][info][gc,phases   ] GC(123) Pause Relocate Start 0.003ms
[2026-06-17T10:03:11.336+0800][6.591s][info][gc,phases   ] GC(123) Concurrent Relocate 0.046ms
[2026-06-17T10:03:11.336+0800][6.591s][info][gc,load     ] GC(123) Load: 0.33/0.42/0.50
[2026-06-17T10:03:11.336+0800][6.591s][info][gc,mmu      ] GC(123) MMU: 2ms/0.0%, 5ms/27.1%, 10ms/63.6%, 20ms/81.7%, 50ms/92.7%, 100ms/96.0%
[2026-06-17T10:03:11.336+0800][6.591s][info][gc,marking  ] GC(123) Mark: 1 stripe(s), 1 proactive flush(es), 1 terminate flush(es), 0 completion(s), 0 continuation(s) 
[2026-06-17T10:03:11.336+0800][6.591s][info][gc,marking  ] GC(123) Mark Stack Usage: 32M
[2026-06-17T10:03:11.336+0800][6.591s][info][gc,nmethod  ] GC(123) NMethods: 81 registered, 5 unregistered
[2026-06-17T10:03:11.337+0800][6.591s][info][gc,metaspace] GC(123) Metaspace: 0M used, 0M committed, 1088M reserved
[2026-06-17T10:03:11.337+0800][6.591s][info][gc,ref      ] GC(123) Soft: 0 encountered, 0 discovered, 0 enqueued
[2026-06-17T10:03:11.337+0800][6.591s][info][gc,ref      ] GC(123) Weak: 6 encountered, 0 discovered, 0 enqueued
[2026-06-17T10:03:11.337+0800][6.591s][info][gc,ref      ] GC(123) Final: 0 encountered, 0 discovered, 0 enqueued
[2026-06-17T10:03:11.337+0800][6.592s][info][gc,ref      ] GC(123) Phantom: 1 encountered, 0 discovered, 0 enqueued
[2026-06-17T10:03:11.337+0800][6.592s][info][gc,reloc    ] GC(123) Small Pages: 6 / 12M, Empty: 0M, Relocated: 0M, In-Place: 0
[2026-06-17T10:03:11.337+0800][6.592s][info][gc,reloc    ] GC(123) Large Pages: 26 / 52M, Empty: 0M, Relocated: 0M, In-Place: 0
[2026-06-17T10:03:11.337+0800][6.592s][info][gc,reloc    ] GC(123) Forwarding Usage: 0M
[2026-06-17T10:03:11.338+0800][6.592s][info][gc,heap     ] GC(123) Min Capacity: 64M(100%)
[2026-06-17T10:03:11.338+0800][6.592s][info][gc,heap     ] GC(123) Max Capacity: 64M(100%)
[2026-06-17T10:03:11.338+0800][6.592s][info][gc,heap     ] GC(123) Soft Max Capacity: 64M(100%)
[2026-06-17T10:03:11.338+0800][6.592s][info][gc,heap     ] GC(123)                Mark Start          Mark End        Relocate Start      Relocate End           High               Low         
[2026-06-17T10:03:11.338+0800][6.593s][info][gc,heap     ] GC(123)  Capacity:       64M (100%)         64M (100%)         64M (100%)         64M (100%)         64M (100%)         64M (100%)   
[2026-06-17T10:03:11.338+0800][6.593s][info][gc,heap     ] GC(123)      Free:        0M (0%)            0M (0%)            0M (0%)            0M (0%)            0M (0%)            0M (0%)     
[2026-06-17T10:03:11.338+0800][6.593s][info][gc,heap     ] GC(123)      Used:       64M (100%)         64M (100%)         64M (100%)         64M (100%)         64M (100%)         64M (100%)   
[2026-06-17T10:03:11.338+0800][6.593s][info][gc,heap     ] GC(123)      Live:         -                60M (95%)          60M (95%)          60M (95%)            -                  -          
[2026-06-17T10:03:11.339+0800][6.593s][info][gc,heap     ] GC(123) Allocated:         -                 0M (0%)            0M (0%)            0M (0%)             -                  -          
[2026-06-17T10:03:11.339+0800][6.593s][info][gc,heap     ] GC(123)   Garbage:         -                 3M (5%)            3M (5%)            3M (5%)             -                  -          
[2026-06-17T10:03:11.339+0800][6.593s][info][gc,heap     ] GC(123) Reclaimed:         -                  -                 0M (0%)            0M (0%)             -                  -          
[2026-06-17T10:03:11.339+0800][6.593s][info][gc          ] GC(123) Garbage Collection (Allocation Stall) 64M(100%)->64M(100%)
[2026-06-17T10:03:11.339+0800][6.594s][info][gc          ] Allocation Stall (main) 9.389ms
[2026-06-17T10:03:11.339+0800][6.594s][info][gc          ] Out Of Memory (main)
[2026-06-17T10:03:11.339+0800][6.594s][info][gc,start    ] GC(124) Garbage Collection (Allocation Stall)
[2026-06-17T10:03:11.339+0800][6.594s][info][gc,ref      ] GC(124) Clearing All SoftReferences
[2026-06-17T10:03:11.339+0800][6.594s][info][gc,task     ] GC(124) Using 1 workers
[2026-06-17T10:03:11.339+0800][6.594s][info][gc,ref      ] GC(124) Clearing All SoftReferences
[2026-06-17T10:03:11.340+0800][6.594s][info][gc,phases   ] GC(124) Pause Mark Start 0.082ms
[2026-06-17T10:03:11.340+0800][6.595s][info][gc,phases   ] GC(124) Concurrent Mark 0.639ms
[2026-06-17T10:03:11.340+0800][6.595s][info][gc,phases   ] GC(124) Pause Mark End 0.005ms
[2026-06-17T10:03:11.341+0800][6.595s][info][gc,phases   ] GC(124) Concurrent Mark Free 0.001ms
[2026-06-17T10:03:11.341+0800][6.596s][info][gc,phases   ] GC(124) Concurrent Process Non-Strong References 0.223ms
[2026-06-17T10:03:11.341+0800][6.596s][info][gc,phases   ] GC(124) Concurrent Reset Relocation Set 0.001ms
[2026-06-17T10:03:11.342+0800][6.596s][info][gc          ] Allocation Stall (main) 2.750ms
[2026-06-17T10:03:11.342+0800][6.597s][info][gc,phases   ] GC(124) Concurrent Select Relocation Set 0.834ms
[2026-06-17T10:03:11.342+0800][6.597s][info][gc,phases   ] GC(124) Pause Relocate Start 0.003ms
[2026-06-17T10:03:11.343+0800][6.597s][info][gc,phases   ] GC(124) Concurrent Relocate 0.150ms
[2026-06-17T10:03:11.343+0800][6.597s][info][gc,load     ] GC(124) Load: 0.33/0.42/0.50
[2026-06-17T10:03:11.343+0800][6.597s][info][gc,mmu      ] GC(124) MMU: 2ms/0.0%, 5ms/27.1%, 10ms/63.6%, 20ms/81.7%, 50ms/92.7%, 100ms/96.0%
[2026-06-17T10:03:11.343+0800][6.597s][info][gc,marking  ] GC(124) Mark: 1 stripe(s), 1 proactive flush(es), 1 terminate flush(es), 0 completion(s), 0 continuation(s) 
[2026-06-17T10:03:11.343+0800][6.598s][info][gc,marking  ] GC(124) Mark Stack Usage: 32M
[2026-06-17T10:03:11.343+0800][6.598s][info][gc,nmethod  ] GC(124) NMethods: 81 registered, 5 unregistered
[2026-06-17T10:03:11.343+0800][6.598s][info][gc,metaspace] GC(124) Metaspace: 0M used, 0M committed, 1088M reserved
[2026-06-17T10:03:11.344+0800][6.598s][info][gc,ref      ] GC(124) Soft: 0 encountered, 0 discovered, 0 enqueued
[2026-06-17T10:03:11.344+0800][6.598s][info][gc,ref      ] GC(124) Weak: 6 encountered, 0 discovered, 0 enqueued
[2026-06-17T10:03:11.344+0800][6.599s][info][gc,ref      ] GC(124) Final: 0 encountered, 0 discovered, 0 enqueued
[2026-06-17T10:03:11.344+0800][6.599s][info][gc,ref      ] GC(124) Phantom: 1 encountered, 0 discovered, 0 enqueued
[2026-06-17T10:03:11.344+0800][6.599s][info][gc,reloc    ] GC(124) Small Pages: 6 / 12M, Empty: 2M, Relocated: 1M, In-Place: 1
[2026-06-17T10:03:11.344+0800][6.599s][info][gc,reloc    ] GC(124) Large Pages: 26 / 52M, Empty: 0M, Relocated: 0M, In-Place: 0
[2026-06-17T10:03:11.344+0800][6.599s][info][gc,reloc    ] GC(124) Forwarding Usage: 0M
[2026-06-17T10:03:11.345+0800][6.599s][info][gc,heap     ] GC(124) Min Capacity: 64M(100%)
[2026-06-17T10:03:11.345+0800][6.599s][info][gc,heap     ] GC(124) Max Capacity: 64M(100%)
[2026-06-17T10:03:11.345+0800][6.599s][info][gc,heap     ] GC(124) Soft Max Capacity: 64M(100%)
[2026-06-17T10:03:11.345+0800][6.599s][info][gc,heap     ] GC(124)                Mark Start          Mark End        Relocate Start      Relocate End           High               Low         
[2026-06-17T10:03:11.345+0800][6.600s][info][gc,heap     ] GC(124)  Capacity:       64M (100%)         64M (100%)         64M (100%)         64M (100%)         64M (100%)         64M (100%)   
[2026-06-17T10:03:11.345+0800][6.600s][info][gc,heap     ] GC(124)      Free:        0M (0%)            0M (0%)            0M (0%)            2M (3%)            2M (3%)            0M (0%)     
[2026-06-17T10:03:11.345+0800][6.600s][info][gc,heap     ] GC(124)      Used:       64M (100%)         64M (100%)         64M (100%)         62M (97%)          64M (100%)         62M (97%)    
[2026-06-17T10:03:11.345+0800][6.600s][info][gc,heap     ] GC(124)      Live:         -                58M (91%)          58M (91%)          58M (91%)            -                  -          
[2026-06-17T10:03:11.345+0800][6.600s][info][gc,heap     ] GC(124) Allocated:         -                 0M (0%)            2M (3%)            2M (3%)             -                  -          
[2026-06-17T10:03:11.346+0800][6.600s][info][gc,heap     ] GC(124)   Garbage:         -                 5M (9%)            3M (5%)            1M (2%)             -                  -          
[2026-06-17T10:03:11.346+0800][6.600s][info][gc,heap     ] GC(124) Reclaimed:         -                  -                 2M (3%)            4M (6%)             -                  -          
[2026-06-17T10:03:11.346+0800][6.600s][info][gc          ] GC(124) Garbage Collection (Allocation Stall) 64M(100%)->62M(97%)
[2026-06-17T10:03:11.372+0800][6.626s][info][gc,start    ] GC(125) Garbage Collection (Allocation Rate)
[2026-06-17T10:03:11.372+0800][6.627s][info][gc,task     ] GC(125) Using 1 workers
[2026-06-17T10:03:11.372+0800][6.627s][info][gc,phases   ] GC(125) Pause Mark Start 0.007ms
[2026-06-17T10:03:11.373+0800][6.628s][info][gc,phases   ] GC(125) Concurrent Mark 0.627ms
[2026-06-17T10:03:11.373+0800][6.628s][info][gc,phases   ] GC(125) Pause Mark End 0.005ms
[2026-06-17T10:03:11.374+0800][6.628s][info][gc,phases   ] GC(125) Concurrent Mark Free 0.001ms
[2026-06-17T10:03:11.374+0800][6.629s][info][gc,phases   ] GC(125) Concurrent Process Non-Strong References 0.297ms
[2026-06-17T10:03:11.374+0800][6.629s][info][gc,phases   ] GC(125) Concurrent Reset Relocation Set 0.001ms
[2026-06-17T10:03:11.375+0800][6.630s][info][gc,phases   ] GC(125) Concurrent Select Relocation Set 0.787ms
[2026-06-17T10:03:11.375+0800][6.630s][info][gc,phases   ] GC(125) Pause Relocate Start 0.004ms
[2026-06-17T10:03:11.376+0800][6.631s][info][gc,phases   ] GC(125) Concurrent Relocate 0.376ms
[2026-06-17T10:03:11.376+0800][6.631s][info][gc,load     ] GC(125) Load: 0.33/0.42/0.50
[2026-06-17T10:03:11.376+0800][6.631s][info][gc,mmu      ] GC(125) MMU: 2ms/0.0%, 5ms/27.1%, 10ms/63.6%, 20ms/81.7%, 50ms/92.7%, 100ms/96.0%
[2026-06-17T10:03:11.376+0800][6.631s][info][gc,marking  ] GC(125) Mark: 1 stripe(s), 1 proactive flush(es), 1 terminate flush(es), 0 completion(s), 0 continuation(s) 
[2026-06-17T10:03:11.376+0800][6.631s][info][gc,marking  ] GC(125) Mark Stack Usage: 32M
[2026-06-17T10:03:11.377+0800][6.631s][info][gc,nmethod  ] GC(125) NMethods: 81 registered, 5 unregistered
[2026-06-17T10:03:11.377+0800][6.631s][info][gc,metaspace] GC(125) Metaspace: 0M used, 0M committed, 1088M reserved
[2026-06-17T10:03:11.377+0800][6.631s][info][gc,ref      ] GC(125) Soft: 0 encountered, 0 discovered, 0 enqueued
[2026-06-17T10:03:11.377+0800][6.631s][info][gc,ref      ] GC(125) Weak: 6 encountered, 0 discovered, 0 enqueued
[2026-06-17T10:03:11.377+0800][6.632s][info][gc,ref      ] GC(125) Final: 0 encountered, 0 discovered, 0 enqueued
[2026-06-17T10:03:11.377+0800][6.632s][info][gc,ref      ] GC(125) Phantom: 1 encountered, 0 discovered, 0 enqueued
[2026-06-17T10:03:11.377+0800][6.632s][info][gc,reloc    ] GC(125) Small Pages: 5 / 10M, Empty: 4M, Relocated: 1M, In-Place: 0
[2026-06-17T10:03:11.377+0800][6.632s][info][gc,reloc    ] GC(125) Large Pages: 26 / 52M, Empty: 32M, Relocated: 0M, In-Place: 0
[2026-06-17T10:03:11.377+0800][6.632s][info][gc,reloc    ] GC(125) Forwarding Usage: 0M
[2026-06-17T10:03:11.377+0800][6.632s][info][gc,heap     ] GC(125) Min Capacity: 64M(100%)
[2026-06-17T10:03:11.377+0800][6.632s][info][gc,heap     ] GC(125) Max Capacity: 64M(100%)
[2026-06-17T10:03:11.377+0800][6.632s][info][gc,heap     ] GC(125) Soft Max Capacity: 64M(100%)
[2026-06-17T10:03:11.377+0800][6.632s][info][gc,heap     ] GC(125)                Mark Start          Mark End        Relocate Start      Relocate End           High               Low         
[2026-06-17T10:03:11.378+0800][6.632s][info][gc,heap     ] GC(125)  Capacity:       64M (100%)         64M (100%)         64M (100%)         64M (100%)         64M (100%)         64M (100%)   
[2026-06-17T10:03:11.378+0800][6.632s][info][gc,heap     ] GC(125)      Free:        2M (3%)            2M (3%)           38M (59%)          42M (66%)          42M (66%)           2M (3%)     
[2026-06-17T10:03:11.378+0800][6.632s][info][gc,heap     ] GC(125)      Used:       62M (97%)          62M (97%)          26M (41%)          22M (34%)          62M (97%)          22M (34%)    
[2026-06-17T10:03:11.378+0800][6.632s][info][gc,heap     ] GC(125)      Live:         -                21M (34%)          21M (34%)          21M (34%)            -                  -          
[2026-06-17T10:03:11.378+0800][6.632s][info][gc,heap     ] GC(125) Allocated:         -                 0M (0%)            0M (0%)            0M (0%)             -                  -          
[2026-06-17T10:03:11.378+0800][6.632s][info][gc,heap     ] GC(125)   Garbage:         -                40M (63%)           4M (7%)            0M (0%)             -                  -          
[2026-06-17T10:03:11.378+0800][6.633s][info][gc,heap     ] GC(125) Reclaimed:         -                  -                36M (56%)          40M (62%)            -                  -          
[2026-06-17T10:03:11.378+0800][6.633s][info][gc          ] GC(125) Garbage Collection (Allocation Rate) 62M(97%)->22M(34%)
[2026-06-17T10:03:11.572+0800][6.827s][info][gc,start    ] GC(126) Garbage Collection (Allocation Rate)
[2026-06-17T10:03:11.573+0800][6.828s][info][gc,task     ] GC(126) Using 1 workers
[2026-06-17T10:03:11.574+0800][6.828s][info][gc,phases   ] GC(126) Pause Mark Start 0.009ms
[2026-06-17T10:03:11.575+0800][6.830s][info][gc,phases   ] GC(126) Concurrent Mark 1.199ms
[2026-06-17T10:03:11.575+0800][6.830s][info][gc,phases   ] GC(126) Pause Mark End 0.006ms
[2026-06-17T10:03:11.576+0800][6.830s][info][gc,phases   ] GC(126) Concurrent Mark Free 0.001ms
[2026-06-17T10:03:11.576+0800][6.831s][info][gc,phases   ] GC(126) Concurrent Process Non-Strong References 0.356ms
[2026-06-17T10:03:11.577+0800][6.831s][info][gc,phases   ] GC(126) Concurrent Reset Relocation Set 0.001ms
[2026-06-17T10:03:11.578+0800][6.832s][info][gc,phases   ] GC(126) Concurrent Select Relocation Set 0.722ms
[2026-06-17T10:03:11.578+0800][6.833s][info][gc,phases   ] GC(126) Pause Relocate Start 0.003ms
[2026-06-17T10:03:11.578+0800][6.833s][info][gc,phases   ] GC(126) Concurrent Relocate 0.095ms
[2026-06-17T10:03:11.579+0800][6.833s][info][gc,load     ] GC(126) Load: 0.33/0.42/0.50
[2026-06-17T10:03:11.579+0800][6.834s][info][gc,mmu      ] GC(126) MMU: 2ms/0.0%, 5ms/27.1%, 10ms/63.6%, 20ms/81.7%, 50ms/92.7%, 100ms/96.0%
[2026-06-17T10:03:11.579+0800][6.834s][info][gc,marking  ] GC(126) Mark: 1 stripe(s), 2 proactive flush(es), 1 terminate flush(es), 0 completion(s), 0 continuation(s) 
[2026-06-17T10:03:11.579+0800][6.834s][info][gc,marking  ] GC(126) Mark Stack Usage: 32M
[2026-06-17T10:03:11.580+0800][6.834s][info][gc,nmethod  ] GC(126) NMethods: 85 registered, 5 unregistered
[2026-06-17T10:03:11.580+0800][6.834s][info][gc,metaspace] GC(126) Metaspace: 0M used, 0M committed, 1088M reserved
[2026-06-17T10:03:11.580+0800][6.835s][info][gc,ref      ] GC(126) Soft: 0 encountered, 0 discovered, 0 enqueued
[2026-06-17T10:03:11.580+0800][6.835s][info][gc,ref      ] GC(126) Weak: 6 encountered, 0 discovered, 0 enqueued
[2026-06-17T10:03:11.581+0800][6.835s][info][gc,ref      ] GC(126) Final: 0 encountered, 0 discovered, 0 enqueued
[2026-06-17T10:03:11.581+0800][6.835s][info][gc,ref      ] GC(126) Phantom: 1 encountered, 0 discovered, 0 enqueued
[2026-06-17T10:03:11.581+0800][6.836s][info][gc,reloc    ] GC(126) Small Pages: 5 / 10M, Empty: 4M, Relocated: 0M, In-Place: 0
[2026-06-17T10:03:11.581+0800][6.836s][info][gc,reloc    ] GC(126) Large Pages: 14 / 28M, Empty: 0M, Relocated: 0M, In-Place: 0
[2026-06-17T10:03:11.581+0800][6.836s][info][gc,reloc    ] GC(126) Forwarding Usage: 0M
[2026-06-17T10:03:11.581+0800][6.836s][info][gc,heap     ] GC(126) Min Capacity: 64M(100%)
[2026-06-17T10:03:11.582+0800][6.836s][info][gc,heap     ] GC(126) Max Capacity: 64M(100%)
[2026-06-17T10:03:11.582+0800][6.836s][info][gc,heap     ] GC(126) Soft Max Capacity: 64M(100%)
[2026-06-17T10:03:11.582+0800][6.836s][info][gc,heap     ] GC(126)                Mark Start          Mark End        Relocate Start      Relocate End           High               Low         
[2026-06-17T10:03:11.582+0800][6.836s][info][gc,heap     ] GC(126)  Capacity:       64M (100%)         64M (100%)         64M (100%)         64M (100%)         64M (100%)         64M (100%)   
[2026-06-17T10:03:11.582+0800][6.836s][info][gc,heap     ] GC(126)      Free:       26M (41%)          22M (34%)          26M (41%)          28M (44%)          28M (44%)          22M (34%)    
[2026-06-17T10:03:11.582+0800][6.837s][info][gc,heap     ] GC(126)      Used:       38M (59%)          42M (66%)          38M (59%)          36M (56%)          42M (66%)          36M (56%)    
[2026-06-17T10:03:11.582+0800][6.837s][info][gc,heap     ] GC(126)      Live:         -                30M (47%)          30M (47%)          30M (47%)            -                  -          
[2026-06-17T10:03:11.582+0800][6.837s][info][gc,heap     ] GC(126) Allocated:         -                 4M (6%)            4M (6%)            4M (6%)             -                  -          
[2026-06-17T10:03:11.582+0800][6.837s][info][gc,heap     ] GC(126)   Garbage:         -                 7M (12%)           3M (6%)            1M (3%)             -                  -          
[2026-06-17T10:03:11.582+0800][6.837s][info][gc,heap     ] GC(126) Reclaimed:         -                  -                 4M (6%)            6M (9%)             -                  -          
[2026-06-17T10:03:11.582+0800][6.837s][info][gc          ] GC(126) Garbage Collection (Allocation Rate) 38M(59%)->36M(56%)
[2026-06-17T10:03:11.618+0800][6.873s][info][gc,start    ] GC(127) Garbage Collection (Allocation Stall)
[2026-06-17T10:03:11.619+0800][6.873s][info][gc,ref      ] GC(127) Clearing All SoftReferences
[2026-06-17T10:03:11.619+0800][6.873s][info][gc,task     ] GC(127) Using 1 workers
[2026-06-17T10:03:11.619+0800][6.874s][info][gc,ref      ] GC(127) Clearing All SoftReferences
[2026-06-17T10:03:11.620+0800][6.874s][info][gc,phases   ] GC(127) Pause Mark Start 0.345ms
[2026-06-17T10:03:11.621+0800][6.875s][info][gc,phases   ] GC(127) Concurrent Mark 0.720ms
[2026-06-17T10:03:11.621+0800][6.876s][info][gc,phases   ] GC(127) Pause Mark End 0.005ms
[2026-06-17T10:03:11.621+0800][6.876s][info][gc,phases   ] GC(127) Concurrent Mark Free 0.001ms
[2026-06-17T10:03:11.622+0800][6.876s][info][gc,phases   ] GC(127) Concurrent Process Non-Strong References 0.377ms
[2026-06-17T10:03:11.622+0800][6.876s][info][gc,phases   ] GC(127) Concurrent Reset Relocation Set 0.001ms
[2026-06-17T10:03:11.623+0800][6.878s][info][gc,phases   ] GC(127) Concurrent Select Relocation Set 0.856ms
[2026-06-17T10:03:11.623+0800][6.878s][info][gc          ] Allocation Stall (main) 4.831ms
[2026-06-17T10:03:11.624+0800][6.878s][info][gc,phases   ] GC(127) Pause Relocate Start 0.003ms
[2026-06-17T10:03:11.624+0800][6.879s][info][gc,phases   ] GC(127) Concurrent Relocate 0.144ms
[2026-06-17T10:03:11.624+0800][6.879s][info][gc,load     ] GC(127) Load: 0.33/0.42/0.50
[2026-06-17T10:03:11.624+0800][6.879s][info][gc,mmu      ] GC(127) MMU: 2ms/0.0%, 5ms/27.1%, 10ms/63.6%, 20ms/81.7%, 50ms/92.7%, 100ms/96.0%
[2026-06-17T10:03:11.624+0800][6.879s][info][gc,marking  ] GC(127) Mark: 1 stripe(s), 1 proactive flush(es), 1 terminate flush(es), 0 completion(s), 0 continuation(s) 
[2026-06-17T10:03:11.625+0800][6.879s][info][gc,marking  ] GC(127) Mark Stack Usage: 32M
[2026-06-17T10:03:11.625+0800][6.879s][info][gc,nmethod  ] GC(127) NMethods: 85 registered, 5 unregistered
[2026-06-17T10:03:11.625+0800][6.879s][info][gc,metaspace] GC(127) Metaspace: 0M used, 0M committed, 1088M reserved
[2026-06-17T10:03:11.625+0800][6.879s][info][gc,ref      ] GC(127) Soft: 0 encountered, 0 discovered, 0 enqueued
[2026-06-17T10:03:11.625+0800][6.880s][info][gc,ref      ] GC(127) Weak: 6 encountered, 0 discovered, 0 enqueued
[2026-06-17T10:03:11.625+0800][6.880s][info][gc,ref      ] GC(127) Final: 0 encountered, 0 discovered, 0 enqueued
[2026-06-17T10:03:11.625+0800][6.880s][info][gc,ref      ] GC(127) Phantom: 1 encountered, 0 discovered, 0 enqueued
[2026-06-17T10:03:11.625+0800][6.880s][info][gc,reloc    ] GC(127) Small Pages: 12 / 24M, Empty: 16M, Relocated: 1M, In-Place: 0
[2026-06-17T10:03:11.625+0800][6.880s][info][gc,reloc    ] GC(127) Large Pages: 20 / 40M, Empty: 0M, Relocated: 0M, In-Place: 0
[2026-06-17T10:03:11.625+0800][6.880s][info][gc,reloc    ] GC(127) Forwarding Usage: 0M
[2026-06-17T10:03:11.626+0800][6.880s][info][gc,heap     ] GC(127) Min Capacity: 64M(100%)
[2026-06-17T10:03:11.626+0800][6.880s][info][gc,heap     ] GC(127) Max Capacity: 64M(100%)
[2026-06-17T10:03:11.626+0800][6.880s][info][gc,heap     ] GC(127) Soft Max Capacity: 64M(100%)
[2026-06-17T10:03:11.626+0800][6.880s][info][gc,heap     ] GC(127)                Mark Start          Mark End        Relocate Start      Relocate End           High               Low         
[2026-06-17T10:03:11.626+0800][6.880s][info][gc,heap     ] GC(127)  Capacity:       64M (100%)         64M (100%)         64M (100%)         64M (100%)         64M (100%)         64M (100%)   
[2026-06-17T10:03:11.626+0800][6.880s][info][gc,heap     ] GC(127)      Free:        0M (0%)            0M (0%)           14M (22%)          12M (19%)          16M (25%)           0M (0%)     
[2026-06-17T10:03:11.626+0800][6.881s][info][gc,heap     ] GC(127)      Used:       64M (100%)         64M (100%)         50M (78%)          52M (81%)          64M (100%)         48M (75%)    
[2026-06-17T10:03:11.626+0800][6.881s][info][gc,heap     ] GC(127)      Live:         -                43M (68%)          43M (68%)          43M (68%)            -                  -          
[2026-06-17T10:03:11.626+0800][6.881s][info][gc,heap     ] GC(127) Allocated:         -                 0M (0%)            2M (3%)            5M (9%)             -                  -          
[2026-06-17T10:03:11.626+0800][6.881s][info][gc,heap     ] GC(127)   Garbage:         -                20M (32%)           4M (7%)            2M (4%)             -                  -          
[2026-06-17T10:03:11.626+0800][6.881s][info][gc,heap     ] GC(127) Reclaimed:         -                  -                16M (25%)          17M (28%)            -                  -          
[2026-06-17T10:03:11.626+0800][6.881s][info][gc          ] GC(127) Garbage Collection (Allocation Stall) 64M(100%)->52M(81%)
[2026-06-17T10:03:11.656+0800][6.911s][info][gc,start    ] GC(128) Garbage Collection (Allocation Stall)
[2026-06-17T10:03:11.657+0800][6.911s][info][gc,ref      ] GC(128) Clearing All SoftReferences
[2026-06-17T10:03:11.657+0800][6.912s][info][gc,task     ] GC(128) Using 1 workers
[2026-06-17T10:03:11.657+0800][6.912s][info][gc,ref      ] GC(128) Clearing All SoftReferences
[2026-06-17T10:03:11.658+0800][6.912s][info][gc,phases   ] GC(128) Pause Mark Start 0.292ms
[2026-06-17T10:03:11.659+0800][6.914s][info][gc,phases   ] GC(128) Concurrent Mark 1.007ms
[2026-06-17T10:03:11.660+0800][6.915s][info][gc,phases   ] GC(128) Pause Mark End 0.008ms
[2026-06-17T10:03:11.661+0800][6.915s][info][gc,phases   ] GC(128) Concurrent Mark Free 0.001ms
[2026-06-17T10:03:11.661+0800][6.916s][info][gc,phases   ] GC(128) Concurrent Process Non-Strong References 0.275ms
[2026-06-17T10:03:11.661+0800][6.916s][info][gc,phases   ] GC(128) Concurrent Reset Relocation Set 0.002ms
[2026-06-17T10:03:11.662+0800][6.917s][info][gc          ] Allocation Stall (main) 6.163ms
[2026-06-17T10:03:11.662+0800][6.917s][info][gc,phases   ] GC(128) Concurrent Select Relocation Set 0.795ms
[2026-06-17T10:03:11.663+0800][6.917s][info][gc,phases   ] GC(128) Pause Relocate Start 0.003ms
[2026-06-17T10:03:11.663+0800][6.918s][info][gc,phases   ] GC(128) Concurrent Relocate 0.200ms
[2026-06-17T10:03:11.663+0800][6.918s][info][gc,load     ] GC(128) Load: 0.33/0.42/0.50
[2026-06-17T10:03:11.663+0800][6.918s][info][gc,mmu      ] GC(128) MMU: 2ms/0.0%, 5ms/27.1%, 10ms/63.6%, 20ms/81.7%, 50ms/92.7%, 100ms/96.0%
[2026-06-17T10:03:11.664+0800][6.918s][info][gc,marking  ] GC(128) Mark: 1 stripe(s), 1 proactive flush(es), 1 terminate flush(es), 0 completion(s), 0 continuation(s) 
[2026-06-17T10:03:11.664+0800][6.918s][info][gc,marking  ] GC(128) Mark Stack Usage: 32M
[2026-06-17T10:03:11.664+0800][6.918s][info][gc,nmethod  ] GC(128) NMethods: 85 registered, 5 unregistered
[2026-06-17T10:03:11.664+0800][6.918s][info][gc,metaspace] GC(128) Metaspace: 0M used, 0M committed, 1088M reserved
[2026-06-17T10:03:11.664+0800][6.918s][info][gc,ref      ] GC(128) Soft: 0 encountered, 0 discovered, 0 enqueued
[2026-06-17T10:03:11.664+0800][6.918s][info][gc,ref      ] GC(128) Weak: 6 encountered, 0 discovered, 0 enqueued
[2026-06-17T10:03:11.664+0800][6.919s][info][gc,ref      ] GC(128) Final: 0 encountered, 0 discovered, 0 enqueued
[2026-06-17T10:03:11.664+0800][6.919s][info][gc,ref      ] GC(128) Phantom: 1 encountered, 0 discovered, 0 enqueued
[2026-06-17T10:03:11.664+0800][6.919s][info][gc,reloc    ] GC(128) Small Pages: 9 / 18M, Empty: 8M, Relocated: 1M, In-Place: 0
[2026-06-17T10:03:11.665+0800][6.919s][info][gc,reloc    ] GC(128) Large Pages: 23 / 46M, Empty: 0M, Relocated: 0M, In-Place: 0
[2026-06-17T10:03:11.665+0800][6.919s][info][gc,reloc    ] GC(128) Forwarding Usage: 0M
[2026-06-17T10:03:11.665+0800][6.920s][info][gc,heap     ] GC(128) Min Capacity: 64M(100%)
[2026-06-17T10:03:11.665+0800][6.920s][info][gc,heap     ] GC(128) Max Capacity: 64M(100%)
[2026-06-17T10:03:11.665+0800][6.920s][info][gc,heap     ] GC(128) Soft Max Capacity: 64M(100%)
[2026-06-17T10:03:11.665+0800][6.920s][info][gc,heap     ] GC(128)                Mark Start          Mark End        Relocate Start      Relocate End           High               Low         
[2026-06-17T10:03:11.665+0800][6.920s][info][gc,heap     ] GC(128)  Capacity:       64M (100%)         64M (100%)         64M (100%)         64M (100%)         64M (100%)         64M (100%)   
[2026-06-17T10:03:11.666+0800][6.920s][info][gc,heap     ] GC(128)      Free:        0M (0%)            0M (0%)            6M (9%)            6M (9%)            8M (12%)           0M (0%)     
[2026-06-17T10:03:11.666+0800][6.920s][info][gc,heap     ] GC(128)      Used:       64M (100%)         64M (100%)         58M (91%)          58M (91%)          64M (100%)         56M (88%)    
[2026-06-17T10:03:11.666+0800][6.920s][info][gc,heap     ] GC(128)      Live:         -                50M (79%)          50M (79%)          50M (79%)            -                  -          
[2026-06-17T10:03:11.666+0800][6.920s][info][gc,heap     ] GC(128) Allocated:         -                 0M (0%)            2M (3%)            5M (9%)             -                  -          
[2026-06-17T10:03:11.666+0800][6.921s][info][gc,heap     ] GC(128)   Garbage:         -                13M (21%)           5M (8%)            1M (2%)             -                  -          
[2026-06-17T10:03:11.666+0800][6.921s][info][gc,heap     ] GC(128) Reclaimed:         -                  -                 8M (12%)          11M (19%)            -                  -          
[2026-06-17T10:03:11.666+0800][6.921s][info][gc          ] GC(128) Garbage Collection (Allocation Stall) 64M(100%)->58M(91%)
[2026-06-17T10:03:11.673+0800][6.927s][info][gc,start    ] GC(129) Garbage Collection (Allocation Rate)
[2026-06-17T10:03:11.673+0800][6.927s][info][gc,task     ] GC(129) Using 1 workers
[2026-06-17T10:03:11.673+0800][6.927s][info][gc,phases   ] GC(129) Pause Mark Start 0.005ms
[2026-06-17T10:03:11.674+0800][6.928s][info][gc,phases   ] GC(129) Concurrent Mark 0.792ms
[2026-06-17T10:03:11.674+0800][6.929s][info][gc,phases   ] GC(129) Pause Mark End 0.006ms
[2026-06-17T10:03:11.674+0800][6.929s][info][gc,phases   ] GC(129) Concurrent Mark Free 0.001ms
[2026-06-17T10:03:11.675+0800][6.929s][info][gc,phases   ] GC(129) Concurrent Process Non-Strong References 0.263ms
[2026-06-17T10:03:11.675+0800][6.929s][info][gc,phases   ] GC(129) Concurrent Reset Relocation Set 0.002ms
[2026-06-17T10:03:11.676+0800][6.930s][info][gc,phases   ] GC(129) Concurrent Select Relocation Set 0.766ms
[2026-06-17T10:03:11.676+0800][6.930s][info][gc,phases   ] GC(129) Pause Relocate Start 0.003ms
[2026-06-17T10:03:11.676+0800][6.931s][info][gc,phases   ] GC(129) Concurrent Relocate 0.148ms
[2026-06-17T10:03:11.676+0800][6.931s][info][gc,load     ] GC(129) Load: 0.33/0.42/0.50
[2026-06-17T10:03:11.676+0800][6.931s][info][gc,mmu      ] GC(129) MMU: 2ms/0.0%, 5ms/27.1%, 10ms/63.6%, 20ms/81.7%, 50ms/92.7%, 100ms/96.0%
[2026-06-17T10:03:11.677+0800][6.931s][info][gc,marking  ] GC(129) Mark: 1 stripe(s), 2 proactive flush(es), 1 terminate flush(es), 0 completion(s), 0 continuation(s) 
[2026-06-17T10:03:11.677+0800][6.932s][info][gc,marking  ] GC(129) Mark Stack Usage: 32M
[2026-06-17T10:03:11.677+0800][6.932s][info][gc,nmethod  ] GC(129) NMethods: 85 registered, 5 unregistered
[2026-06-17T10:03:11.677+0800][6.932s][info][gc,metaspace] GC(129) Metaspace: 0M used, 0M committed, 1088M reserved
[2026-06-17T10:03:11.677+0800][6.932s][info][gc,ref      ] GC(129) Soft: 0 encountered, 0 discovered, 0 enqueued
[2026-06-17T10:03:11.677+0800][6.932s][info][gc,ref      ] GC(129) Weak: 6 encountered, 0 discovered, 0 enqueued
[2026-06-17T10:03:11.677+0800][6.932s][info][gc,ref      ] GC(129) Final: 0 encountered, 0 discovered, 0 enqueued
[2026-06-17T10:03:11.677+0800][6.932s][info][gc,ref      ] GC(129) Phantom: 1 encountered, 0 discovered, 0 enqueued
[2026-06-17T10:03:11.678+0800][6.932s][info][gc,reloc    ] GC(129) Small Pages: 4 / 8M, Empty: 0M, Relocated: 1M, In-Place: 0
[2026-06-17T10:03:11.678+0800][6.932s][info][gc,reloc    ] GC(129) Large Pages: 25 / 50M, Empty: 0M, Relocated: 0M, In-Place: 0
[2026-06-17T10:03:11.678+0800][6.932s][info][gc,reloc    ] GC(129) Forwarding Usage: 0M
[2026-06-17T10:03:11.678+0800][6.932s][info][gc,heap     ] GC(129) Min Capacity: 64M(100%)
[2026-06-17T10:03:11.678+0800][6.932s][info][gc,heap     ] GC(129) Max Capacity: 64M(100%)
[2026-06-17T10:03:11.678+0800][6.933s][info][gc,heap     ] GC(129) Soft Max Capacity: 64M(100%)
[2026-06-17T10:03:11.678+0800][6.933s][info][gc,heap     ] GC(129)                Mark Start          Mark End        Relocate Start      Relocate End           High               Low         
[2026-06-17T10:03:11.678+0800][6.933s][info][gc,heap     ] GC(129)  Capacity:       64M (100%)         64M (100%)         64M (100%)         64M (100%)         64M (100%)         64M (100%)   
[2026-06-17T10:03:11.678+0800][6.933s][info][gc,heap     ] GC(129)      Free:        6M (9%)            2M (3%)            2M (3%)            4M (6%)            6M (9%)            0M (0%)     
[2026-06-17T10:03:11.678+0800][6.933s][info][gc,heap     ] GC(129)      Used:       58M (91%)          62M (97%)          62M (97%)          60M (94%)          64M (100%)         58M (91%)    
[2026-06-17T10:03:11.678+0800][6.933s][info][gc,heap     ] GC(129)      Live:         -                54M (85%)          54M (85%)          54M (85%)            -                  -          
[2026-06-17T10:03:11.678+0800][6.933s][info][gc,heap     ] GC(129) Allocated:         -                 4M (6%)            4M (6%)            4M (6%)             -                  -          
[2026-06-17T10:03:11.679+0800][6.933s][info][gc,heap     ] GC(129)   Garbage:         -                 3M (5%)            3M (5%)            1M (2%)             -                  -          
[2026-06-17T10:03:11.679+0800][6.933s][info][gc,heap     ] GC(129) Reclaimed:         -                  -                 0M (0%)            2M (3%)             -                  -          
[2026-06-17T10:03:11.679+0800][6.933s][info][gc          ] GC(129) Garbage Collection (Allocation Rate) 58M(91%)->60M(94%)
[2026-06-17T10:03:11.695+0800][6.950s][info][gc,start    ] GC(130) Garbage Collection (Allocation Stall)
[2026-06-17T10:03:11.697+0800][6.951s][info][gc,ref      ] GC(130) Clearing All SoftReferences
[2026-06-17T10:03:11.697+0800][6.952s][info][gc,task     ] GC(130) Using 1 workers
[2026-06-17T10:03:11.697+0800][6.952s][info][gc,ref      ] GC(130) Clearing All SoftReferences
[2026-06-17T10:03:11.697+0800][6.952s][info][gc,phases   ] GC(130) Pause Mark Start 0.103ms
[2026-06-17T10:03:11.698+0800][6.953s][info][gc,phases   ] GC(130) Concurrent Mark 0.802ms
[2026-06-17T10:03:11.699+0800][6.953s][info][gc,phases   ] GC(130) Pause Mark End 0.006ms
[2026-06-17T10:03:11.699+0800][6.953s][info][gc,phases   ] GC(130) Concurrent Mark Free 0.001ms
[2026-06-17T10:03:11.699+0800][6.954s][info][gc,phases   ] GC(130) Concurrent Process Non-Strong References 0.260ms
[2026-06-17T10:03:11.699+0800][6.954s][info][gc,phases   ] GC(130) Concurrent Reset Relocation Set 0.002ms
[2026-06-17T10:03:11.700+0800][6.955s][info][gc,phases   ] GC(130) Concurrent Select Relocation Set 0.748ms
[2026-06-17T10:03:11.700+0800][6.955s][info][gc          ] Allocation Stall (main) 5.149ms
[2026-06-17T10:03:11.700+0800][6.955s][info][gc,phases   ] GC(130) Pause Relocate Start 0.005ms
[2026-06-17T10:03:11.701+0800][6.955s][info][gc,phases   ] GC(130) Concurrent Relocate 0.039ms
[2026-06-17T10:03:11.702+0800][6.956s][info][gc,load     ] GC(130) Load: 0.33/0.42/0.50
[2026-06-17T10:03:11.702+0800][6.956s][info][gc,mmu      ] GC(130) MMU: 2ms/0.0%, 5ms/27.1%, 10ms/63.6%, 20ms/81.7%, 50ms/92.7%, 100ms/96.0%
[2026-06-17T10:03:11.702+0800][6.956s][info][gc,marking  ] GC(130) Mark: 1 stripe(s), 1 proactive flush(es), 1 terminate flush(es), 0 completion(s), 0 continuation(s) 
[2026-06-17T10:03:11.702+0800][6.956s][info][gc,marking  ] GC(130) Mark Stack Usage: 32M
[2026-06-17T10:03:11.702+0800][6.957s][info][gc,nmethod  ] GC(130) NMethods: 85 registered, 5 unregistered
[2026-06-17T10:03:11.702+0800][6.957s][info][gc,metaspace] GC(130) Metaspace: 0M used, 0M committed, 1088M reserved
[2026-06-17T10:03:11.702+0800][6.957s][info][gc,ref      ] GC(130) Soft: 0 encountered, 0 discovered, 0 enqueued
[2026-06-17T10:03:11.702+0800][6.957s][info][gc,ref      ] GC(130) Weak: 6 encountered, 0 discovered, 0 enqueued
[2026-06-17T10:03:11.702+0800][6.957s][info][gc,ref      ] GC(130) Final: 0 encountered, 0 discovered, 0 enqueued
[2026-06-17T10:03:11.702+0800][6.957s][info][gc,ref      ] GC(130) Phantom: 1 encountered, 0 discovered, 0 enqueued
[2026-06-17T10:03:11.702+0800][6.957s][info][gc,reloc    ] GC(130) Small Pages: 7 / 14M, Empty: 6M, Relocated: 0M, In-Place: 0
[2026-06-17T10:03:11.703+0800][6.957s][info][gc,reloc    ] GC(130) Large Pages: 25 / 50M, Empty: 0M, Relocated: 0M, In-Place: 0
[2026-06-17T10:03:11.703+0800][6.957s][info][gc,reloc    ] GC(130) Forwarding Usage: 0M
[2026-06-17T10:03:11.703+0800][6.957s][info][gc,heap     ] GC(130) Min Capacity: 64M(100%)
[2026-06-17T10:03:11.703+0800][6.957s][info][gc,heap     ] GC(130) Max Capacity: 64M(100%)
[2026-06-17T10:03:11.703+0800][6.958s][info][gc,heap     ] GC(130) Soft Max Capacity: 64M(100%)
[2026-06-17T10:03:11.703+0800][6.958s][info][gc,heap     ] GC(130)                Mark Start          Mark End        Relocate Start      Relocate End           High               Low         
[2026-06-17T10:03:11.703+0800][6.958s][info][gc,heap     ] GC(130)  Capacity:       64M (100%)         64M (100%)         64M (100%)         64M (100%)         64M (100%)         64M (100%)   
[2026-06-17T10:03:11.703+0800][6.958s][info][gc,heap     ] GC(130)      Free:        0M (0%)            0M (0%)            4M (6%)            4M (6%)            6M (9%)            0M (0%)     
[2026-06-17T10:03:11.703+0800][6.958s][info][gc,heap     ] GC(130)      Used:       64M (100%)         64M (100%)         60M (94%)          60M (94%)          64M (100%)         58M (91%)    
[2026-06-17T10:03:11.703+0800][6.958s][info][gc,heap     ] GC(130)      Live:         -                55M (87%)          55M (87%)          55M (87%)            -                  -          
[2026-06-17T10:03:11.703+0800][6.958s][info][gc,heap     ] GC(130) Allocated:         -                 0M (0%)            2M (3%)            2M (3%)             -                  -          
[2026-06-17T10:03:11.703+0800][6.958s][info][gc,heap     ] GC(130)   Garbage:         -                 8M (13%)           2M (3%)            2M (3%)             -                  -          
[2026-06-17T10:03:11.704+0800][6.958s][info][gc,heap     ] GC(130) Reclaimed:         -                  -                 6M (9%)            6M (9%)             -                  -          
[2026-06-17T10:03:11.704+0800][6.958s][info][gc          ] GC(130) Garbage Collection (Allocation Stall) 64M(100%)->60M(94%)
[2026-06-17T10:03:11.704+0800][6.958s][info][gc,start    ] GC(131) Garbage Collection (Allocation Stall)
[2026-06-17T10:03:11.704+0800][6.958s][info][gc,ref      ] GC(131) Clearing All SoftReferences
[2026-06-17T10:03:11.704+0800][6.959s][info][gc,task     ] GC(131) Using 1 workers
[2026-06-17T10:03:11.704+0800][6.959s][info][gc,ref      ] GC(131) Clearing All SoftReferences
[2026-06-17T10:03:11.704+0800][6.959s][info][gc,phases   ] GC(131) Pause Mark Start 0.086ms
[2026-06-17T10:03:11.705+0800][6.959s][info][gc,phases   ] GC(131) Concurrent Mark 0.628ms
[2026-06-17T10:03:11.705+0800][6.960s][info][gc,phases   ] GC(131) Pause Mark End 0.004ms
[2026-06-17T10:03:11.705+0800][6.960s][info][gc,phases   ] GC(131) Concurrent Mark Free 0.001ms
[2026-06-17T10:03:11.706+0800][6.960s][info][gc,phases   ] GC(131) Concurrent Process Non-Strong References 0.265ms
[2026-06-17T10:03:11.706+0800][6.960s][info][gc,phases   ] GC(131) Concurrent Reset Relocation Set 0.001ms
[2026-06-17T10:03:11.707+0800][6.961s][info][gc          ] Allocation Stall (main) 5.428ms
[2026-06-17T10:03:11.707+0800][6.961s][info][gc,phases   ] GC(131) Concurrent Select Relocation Set 0.837ms
[2026-06-17T10:03:11.707+0800][6.962s][info][gc,phases   ] GC(131) Pause Relocate Start 0.004ms
[2026-06-17T10:03:11.708+0800][6.962s][info][gc          ] Allocation Stall (main) 0.503ms
[2026-06-17T10:03:11.708+0800][6.962s][info][gc,phases   ] GC(131) Concurrent Relocate 0.185ms
[2026-06-17T10:03:11.708+0800][6.963s][info][gc,load     ] GC(131) Load: 0.33/0.42/0.50
[2026-06-17T10:03:11.708+0800][6.963s][info][gc,mmu      ] GC(131) MMU: 2ms/0.0%, 5ms/27.1%, 10ms/63.6%, 20ms/81.7%, 50ms/92.7%, 100ms/96.0%
[2026-06-17T10:03:11.708+0800][6.963s][info][gc,marking  ] GC(131) Mark: 1 stripe(s), 1 proactive flush(es), 1 terminate flush(es), 0 completion(s), 0 continuation(s) 
[2026-06-17T10:03:11.708+0800][6.963s][info][gc,marking  ] GC(131) Mark Stack Usage: 32M
[2026-06-17T10:03:11.708+0800][6.963s][info][gc,nmethod  ] GC(131) NMethods: 85 registered, 5 unregistered
[2026-06-17T10:03:11.708+0800][6.963s][info][gc,metaspace] GC(131) Metaspace: 0M used, 0M committed, 1088M reserved
[2026-06-17T10:03:11.708+0800][6.963s][info][gc,ref      ] GC(131) Soft: 0 encountered, 0 discovered, 0 enqueued
[2026-06-17T10:03:11.708+0800][6.963s][info][gc,ref      ] GC(131) Weak: 6 encountered, 0 discovered, 0 enqueued
[2026-06-17T10:03:11.709+0800][6.963s][info][gc,ref      ] GC(131) Final: 0 encountered, 0 discovered, 0 enqueued
[2026-06-17T10:03:11.709+0800][6.963s][info][gc,ref      ] GC(131) Phantom: 1 encountered, 0 discovered, 0 enqueued
[2026-06-17T10:03:11.709+0800][6.963s][info][gc,reloc    ] GC(131) Small Pages: 6 / 12M, Empty: 4M, Relocated: 1M, In-Place: 1
[2026-06-17T10:03:11.709+0800][6.963s][info][gc,reloc    ] GC(131) Large Pages: 26 / 52M, Empty: 0M, Relocated: 0M, In-Place: 0
[2026-06-17T10:03:11.709+0800][6.963s][info][gc,reloc    ] GC(131) Forwarding Usage: 0M
[2026-06-17T10:03:11.709+0800][6.964s][info][gc,heap     ] GC(131) Min Capacity: 64M(100%)
[2026-06-17T10:03:11.709+0800][6.964s][info][gc,heap     ] GC(131) Max Capacity: 64M(100%)
[2026-06-17T10:03:11.709+0800][6.964s][info][gc,heap     ] GC(131) Soft Max Capacity: 64M(100%)
[2026-06-17T10:03:11.709+0800][6.964s][info][gc,heap     ] GC(131)                Mark Start          Mark End        Relocate Start      Relocate End           High               Low         
[2026-06-17T10:03:11.709+0800][6.964s][info][gc,heap     ] GC(131)  Capacity:       64M (100%)         64M (100%)         64M (100%)         64M (100%)         64M (100%)         64M (100%)   
[2026-06-17T10:03:11.709+0800][6.964s][info][gc,heap     ] GC(131)      Free:        0M (0%)            0M (0%)            0M (0%)            0M (0%)            4M (6%)            0M (0%)     
[2026-06-17T10:03:11.709+0800][6.964s][info][gc,heap     ] GC(131)      Used:       64M (100%)         64M (100%)         64M (100%)         64M (100%)         64M (100%)         60M (94%)    
[2026-06-17T10:03:11.709+0800][6.964s][info][gc,heap     ] GC(131)      Live:         -                56M (89%)          56M (89%)          56M (89%)            -                  -          
[2026-06-17T10:03:11.710+0800][6.964s][info][gc,heap     ] GC(131) Allocated:         -                 0M (0%)            4M (6%)            6M (9%)             -                  -          
[2026-06-17T10:03:11.710+0800][6.964s][info][gc,heap     ] GC(131)   Garbage:         -                 7M (11%)           3M (5%)            1M (2%)             -                  -          
[2026-06-17T10:03:11.710+0800][6.964s][info][gc,heap     ] GC(131) Reclaimed:         -                  -                 4M (6%)            6M (9%)             -                  -          
[2026-06-17T10:03:11.710+0800][6.965s][info][gc          ] GC(131) Garbage Collection (Allocation Stall) 64M(100%)->64M(100%)
[2026-06-17T10:03:11.718+0800][6.973s][info][gc,start    ] GC(132) Garbage Collection (Allocation Stall)
[2026-06-17T10:03:11.719+0800][6.973s][info][gc,ref      ] GC(132) Clearing All SoftReferences
[2026-06-17T10:03:11.719+0800][6.973s][info][gc,task     ] GC(132) Using 1 workers
[2026-06-17T10:03:11.719+0800][6.973s][info][gc,ref      ] GC(132) Clearing All SoftReferences
[2026-06-17T10:03:11.719+0800][6.974s][info][gc,phases   ] GC(132) Pause Mark Start 0.108ms
[2026-06-17T10:03:11.720+0800][6.975s][info][gc,phases   ] GC(132) Concurrent Mark 0.734ms
[2026-06-17T10:03:11.720+0800][6.975s][info][gc,phases   ] GC(132) Pause Mark End 0.006ms
[2026-06-17T10:03:11.721+0800][6.975s][info][gc,phases   ] GC(132) Concurrent Mark Free 0.001ms
[2026-06-17T10:03:11.721+0800][6.975s][info][gc,phases   ] GC(132) Concurrent Process Non-Strong References 0.228ms
[2026-06-17T10:03:11.721+0800][6.976s][info][gc,phases   ] GC(132) Concurrent Reset Relocation Set 0.001ms
[2026-06-17T10:03:11.722+0800][6.976s][info][gc,phases   ] GC(132) Concurrent Select Relocation Set 0.800ms
[2026-06-17T10:03:11.722+0800][6.977s][info][gc,phases   ] GC(132) Pause Relocate Start 0.003ms
[2026-06-17T10:03:11.722+0800][6.977s][info][gc,phases   ] GC(132) Concurrent Relocate 0.033ms
[2026-06-17T10:03:11.722+0800][6.977s][info][gc,load     ] GC(132) Load: 0.33/0.42/0.50
[2026-06-17T10:03:11.722+0800][6.977s][info][gc,mmu      ] GC(132) MMU: 2ms/0.0%, 5ms/27.1%, 10ms/63.6%, 20ms/81.7%, 50ms/92.7%, 100ms/96.0%
[2026-06-17T10:03:11.723+0800][6.977s][info][gc,marking  ] GC(132) Mark: 1 stripe(s), 1 proactive flush(es), 1 terminate flush(es), 0 completion(s), 0 continuation(s) 
[2026-06-17T10:03:11.723+0800][6.977s][info][gc,marking  ] GC(132) Mark Stack Usage: 32M
[2026-06-17T10:03:11.723+0800][6.977s][info][gc,nmethod  ] GC(132) NMethods: 85 registered, 5 unregistered
[2026-06-17T10:03:11.723+0800][6.977s][info][gc,metaspace] GC(132) Metaspace: 0M used, 0M committed, 1088M reserved
[2026-06-17T10:03:11.723+0800][6.977s][info][gc,ref      ] GC(132) Soft: 0 encountered, 0 discovered, 0 enqueued
[2026-06-17T10:03:11.723+0800][6.978s][info][gc,ref      ] GC(132) Weak: 6 encountered, 0 discovered, 0 enqueued
[2026-06-17T10:03:11.723+0800][6.978s][info][gc,ref      ] GC(132) Final: 0 encountered, 0 discovered, 0 enqueued
[2026-06-17T10:03:11.723+0800][6.978s][info][gc,ref      ] GC(132) Phantom: 1 encountered, 0 discovered, 0 enqueued
[2026-06-17T10:03:11.723+0800][6.978s][info][gc,reloc    ] GC(132) Small Pages: 4 / 8M, Empty: 0M, Relocated: 0M, In-Place: 0
[2026-06-17T10:03:11.723+0800][6.978s][info][gc,reloc    ] GC(132) Large Pages: 28 / 56M, Empty: 0M, Relocated: 0M, In-Place: 0
[2026-06-17T10:03:11.723+0800][6.978s][info][gc,reloc    ] GC(132) Forwarding Usage: 0M
[2026-06-17T10:03:11.723+0800][6.978s][info][gc,heap     ] GC(132) Min Capacity: 64M(100%)
[2026-06-17T10:03:11.723+0800][6.978s][info][gc,heap     ] GC(132) Max Capacity: 64M(100%)
[2026-06-17T10:03:11.724+0800][6.978s][info][gc,heap     ] GC(132) Soft Max Capacity: 64M(100%)
[2026-06-17T10:03:11.724+0800][6.978s][info][gc,heap     ] GC(132)                Mark Start          Mark End        Relocate Start      Relocate End           High               Low         
[2026-06-17T10:03:11.724+0800][6.978s][info][gc,heap     ] GC(132)  Capacity:       64M (100%)         64M (100%)         64M (100%)         64M (100%)         64M (100%)         64M (100%)   
[2026-06-17T10:03:11.724+0800][6.978s][info][gc,heap     ] GC(132)      Free:        0M (0%)            0M (0%)            0M (0%)            0M (0%)            0M (0%)            0M (0%)     
[2026-06-17T10:03:11.724+0800][6.978s][info][gc,heap     ] GC(132)      Used:       64M (100%)         64M (100%)         64M (100%)         64M (100%)         64M (100%)         64M (100%)   
[2026-06-17T10:03:11.724+0800][6.979s][info][gc,heap     ] GC(132)      Live:         -                62M (98%)          62M (98%)          62M (98%)            -                  -          
[2026-06-17T10:03:11.724+0800][6.979s][info][gc,heap     ] GC(132) Allocated:         -                 0M (0%)            0M (0%)            0M (0%)             -                  -          
[2026-06-17T10:03:11.724+0800][6.979s][info][gc,heap     ] GC(132)   Garbage:         -                 1M (2%)            1M (2%)            1M (2%)             -                  -          
[2026-06-17T10:03:11.724+0800][6.979s][info][gc,heap     ] GC(132) Reclaimed:         -                  -                 0M (0%)            0M (0%)             -                  -          
[2026-06-17T10:03:11.724+0800][6.979s][info][gc          ] GC(132) Garbage Collection (Allocation Stall) 64M(100%)->64M(100%)
[2026-06-17T10:03:11.724+0800][6.979s][info][gc          ] Allocation Stall (main) 6.052ms
[2026-06-17T10:03:11.725+0800][6.979s][info][gc          ] Out Of Memory (main)
[2026-06-17T10:03:11.725+0800][6.979s][info][gc,start    ] GC(133) Garbage Collection (Allocation Stall)
[2026-06-17T10:03:11.725+0800][6.979s][info][gc,ref      ] GC(133) Clearing All SoftReferences
[2026-06-17T10:03:11.725+0800][6.980s][info][gc,task     ] GC(133) Using 1 workers
[2026-06-17T10:03:11.726+0800][6.980s][info][gc,ref      ] GC(133) Clearing All SoftReferences
[2026-06-17T10:03:11.726+0800][6.980s][info][gc,phases   ] GC(133) Pause Mark Start 0.152ms
[2026-06-17T10:03:11.727+0800][6.981s][info][gc,phases   ] GC(133) Concurrent Mark 0.700ms
[2026-06-17T10:03:11.727+0800][6.981s][info][gc,phases   ] GC(133) Pause Mark End 0.005ms
[2026-06-17T10:03:11.727+0800][6.981s][info][gc,phases   ] GC(133) Concurrent Mark Free 0.000ms
[2026-06-17T10:03:11.727+0800][6.982s][info][gc,phases   ] GC(133) Concurrent Process Non-Strong References 0.219ms
[2026-06-17T10:03:11.727+0800][6.982s][info][gc,phases   ] GC(133) Concurrent Reset Relocation Set 0.000ms
[2026-06-17T10:03:11.728+0800][6.983s][info][gc,phases   ] GC(133) Concurrent Select Relocation Set 0.763ms
[2026-06-17T10:03:11.728+0800][6.983s][info][gc,phases   ] GC(133) Pause Relocate Start 0.003ms
[2026-06-17T10:03:11.728+0800][6.983s][info][gc,phases   ] GC(133) Concurrent Relocate 0.030ms
[2026-06-17T10:03:11.729+0800][6.983s][info][gc,load     ] GC(133) Load: 0.33/0.42/0.50
[2026-06-17T10:03:11.729+0800][6.983s][info][gc,mmu      ] GC(133) MMU: 2ms/0.0%, 5ms/27.1%, 10ms/63.6%, 20ms/81.7%, 50ms/92.7%, 100ms/96.0%
[2026-06-17T10:03:11.729+0800][6.983s][info][gc,marking  ] GC(133) Mark: 1 stripe(s), 1 proactive flush(es), 1 terminate flush(es), 0 completion(s), 0 continuation(s) 
[2026-06-17T10:03:11.729+0800][6.983s][info][gc,marking  ] GC(133) Mark Stack Usage: 32M
[2026-06-17T10:03:11.729+0800][6.983s][info][gc,nmethod  ] GC(133) NMethods: 85 registered, 5 unregistered
[2026-06-17T10:03:11.729+0800][6.984s][info][gc,metaspace] GC(133) Metaspace: 0M used, 0M committed, 1088M reserved
[2026-06-17T10:03:11.729+0800][6.984s][info][gc,ref      ] GC(133) Soft: 0 encountered, 0 discovered, 0 enqueued
[2026-06-17T10:03:11.729+0800][6.984s][info][gc,ref      ] GC(133) Weak: 6 encountered, 0 discovered, 0 enqueued
[2026-06-17T10:03:11.729+0800][6.984s][info][gc,ref      ] GC(133) Final: 0 encountered, 0 discovered, 0 enqueued
[2026-06-17T10:03:11.729+0800][6.984s][info][gc,ref      ] GC(133) Phantom: 1 encountered, 0 discovered, 0 enqueued
[2026-06-17T10:03:11.729+0800][6.984s][info][gc,reloc    ] GC(133) Small Pages: 4 / 8M, Empty: 0M, Relocated: 0M, In-Place: 0
[2026-06-17T10:03:11.730+0800][6.984s][info][gc,reloc    ] GC(133) Large Pages: 28 / 56M, Empty: 0M, Relocated: 0M, In-Place: 0
[2026-06-17T10:03:11.730+0800][6.984s][info][gc,reloc    ] GC(133) Forwarding Usage: 0M
[2026-06-17T10:03:11.730+0800][6.984s][info][gc,heap     ] GC(133) Min Capacity: 64M(100%)
[2026-06-17T10:03:11.730+0800][6.984s][info][gc,heap     ] GC(133) Max Capacity: 64M(100%)
[2026-06-17T10:03:11.730+0800][6.984s][info][gc,heap     ] GC(133) Soft Max Capacity: 64M(100%)
[2026-06-17T10:03:11.730+0800][6.985s][info][gc,heap     ] GC(133)                Mark Start          Mark End        Relocate Start      Relocate End           High               Low         
[2026-06-17T10:03:11.730+0800][6.985s][info][gc,heap     ] GC(133)  Capacity:       64M (100%)         64M (100%)         64M (100%)         64M (100%)         64M (100%)         64M (100%)   
[2026-06-17T10:03:11.730+0800][6.985s][info][gc,heap     ] GC(133)      Free:        0M (0%)            0M (0%)            0M (0%)            0M (0%)            0M (0%)            0M (0%)     
[2026-06-17T10:03:11.730+0800][6.985s][info][gc,heap     ] GC(133)      Used:       64M (100%)         64M (100%)         64M (100%)         64M (100%)         64M (100%)         64M (100%)   
[2026-06-17T10:03:11.730+0800][6.985s][info][gc,heap     ] GC(133)      Live:         -                61M (96%)          61M (96%)          61M (96%)            -                  -          
[2026-06-17T10:03:11.730+0800][6.985s][info][gc,heap     ] GC(133) Allocated:         -                 0M (0%)            0M (0%)            0M (0%)             -                  -          
[2026-06-17T10:03:11.731+0800][6.985s][info][gc,heap     ] GC(133)   Garbage:         -                 2M (4%)            2M (4%)            2M (4%)             -                  -          
[2026-06-17T10:03:11.731+0800][6.985s][info][gc,heap     ] GC(133) Reclaimed:         -                  -                 0M (0%)            0M (0%)             -                  -          
[2026-06-17T10:03:11.731+0800][6.985s][info][gc          ] GC(133) Garbage Collection (Allocation Stall) 64M(100%)->64M(100%)
[2026-06-17T10:03:11.731+0800][6.985s][info][gc          ] Allocation Stall (main) 6.250ms
[2026-06-17T10:03:11.731+0800][6.986s][info][gc,start    ] GC(134) Garbage Collection (Allocation Stall)
[2026-06-17T10:03:11.731+0800][6.986s][info][gc,ref      ] GC(134) Clearing All SoftReferences
[2026-06-17T10:03:11.731+0800][6.986s][info][gc,task     ] GC(134) Using 1 workers
[2026-06-17T10:03:11.732+0800][6.986s][info][gc,ref      ] GC(134) Clearing All SoftReferences
[2026-06-17T10:03:11.732+0800][6.986s][info][gc,phases   ] GC(134) Pause Mark Start 0.094ms
[2026-06-17T10:03:11.733+0800][6.987s][info][gc,phases   ] GC(134) Concurrent Mark 0.622ms
[2026-06-17T10:03:11.733+0800][6.987s][info][gc,phases   ] GC(134) Pause Mark End 0.005ms
[2026-06-17T10:03:11.733+0800][6.987s][info][gc,phases   ] GC(134) Concurrent Mark Free 0.000ms
[2026-06-17T10:03:11.733+0800][6.988s][info][gc,phases   ] GC(134) Concurrent Process Non-Strong References 0.215ms
[2026-06-17T10:03:11.733+0800][6.988s][info][gc,phases   ] GC(134) Concurrent Reset Relocation Set 0.000ms
[2026-06-17T10:03:11.734+0800][6.989s][info][gc,phases   ] GC(134) Concurrent Select Relocation Set 0.785ms
[2026-06-17T10:03:11.734+0800][6.989s][info][gc,phases   ] GC(134) Pause Relocate Start 0.003ms
[2026-06-17T10:03:11.734+0800][6.989s][info][gc,phases   ] GC(134) Concurrent Relocate 0.031ms
[2026-06-17T10:03:11.734+0800][6.989s][info][gc,load     ] GC(134) Load: 0.33/0.42/0.50
[2026-06-17T10:03:11.735+0800][6.989s][info][gc,mmu      ] GC(134) MMU: 2ms/0.0%, 5ms/27.1%, 10ms/63.6%, 20ms/81.7%, 50ms/92.7%, 100ms/96.0%
[2026-06-17T10:03:11.735+0800][6.989s][info][gc,marking  ] GC(134) Mark: 1 stripe(s), 1 proactive flush(es), 1 terminate flush(es), 0 completion(s), 0 continuation(s) 
[2026-06-17T10:03:11.735+0800][6.989s][info][gc,marking  ] GC(134) Mark Stack Usage: 32M
[2026-06-17T10:03:11.735+0800][6.989s][info][gc,nmethod  ] GC(134) NMethods: 85 registered, 5 unregistered
[2026-06-17T10:03:11.735+0800][6.989s][info][gc,metaspace] GC(134) Metaspace: 0M used, 0M committed, 1088M reserved
[2026-06-17T10:03:11.735+0800][6.990s][info][gc,ref      ] GC(134) Soft: 0 encountered, 0 discovered, 0 enqueued
[2026-06-17T10:03:11.735+0800][6.990s][info][gc,ref      ] GC(134) Weak: 6 encountered, 0 discovered, 0 enqueued
[2026-06-17T10:03:11.735+0800][6.990s][info][gc,ref      ] GC(134) Final: 0 encountered, 0 discovered, 0 enqueued
[2026-06-17T10:03:11.735+0800][6.990s][info][gc,ref      ] GC(134) Phantom: 1 encountered, 0 discovered, 0 enqueued
[2026-06-17T10:03:11.735+0800][6.990s][info][gc,reloc    ] GC(134) Small Pages: 4 / 8M, Empty: 0M, Relocated: 0M, In-Place: 0
[2026-06-17T10:03:11.735+0800][6.990s][info][gc,reloc    ] GC(134) Large Pages: 28 / 56M, Empty: 0M, Relocated: 0M, In-Place: 0
[2026-06-17T10:03:11.735+0800][6.990s][info][gc,reloc    ] GC(134) Forwarding Usage: 0M
[2026-06-17T10:03:11.735+0800][6.990s][info][gc,heap     ] GC(134) Min Capacity: 64M(100%)
[2026-06-17T10:03:11.736+0800][6.990s][info][gc,heap     ] GC(134) Max Capacity: 64M(100%)
[2026-06-17T10:03:11.736+0800][6.990s][info][gc,heap     ] GC(134) Soft Max Capacity: 64M(100%)
[2026-06-17T10:03:11.736+0800][6.990s][info][gc,heap     ] GC(134)                Mark Start          Mark End        Relocate Start      Relocate End           High               Low         
[2026-06-17T10:03:11.736+0800][6.990s][info][gc,heap     ] GC(134)  Capacity:       64M (100%)         64M (100%)         64M (100%)         64M (100%)         64M (100%)         64M (100%)   
[2026-06-17T10:03:11.736+0800][6.990s][info][gc,heap     ] GC(134)      Free:        0M (0%)            0M (0%)            0M (0%)            0M (0%)            0M (0%)            0M (0%)     
[2026-06-17T10:03:11.736+0800][6.990s][info][gc,heap     ] GC(134)      Used:       64M (100%)         64M (100%)         64M (100%)         64M (100%)         64M (100%)         64M (100%)   
[2026-06-17T10:03:11.736+0800][6.991s][info][gc,heap     ] GC(134)      Live:         -                61M (96%)          61M (96%)          61M (96%)            -                  -          
[2026-06-17T10:03:11.736+0800][6.991s][info][gc,heap     ] GC(134) Allocated:         -                 0M (0%)            0M (0%)            0M (0%)             -                  -          
[2026-06-17T10:03:11.736+0800][6.991s][info][gc,heap     ] GC(134)   Garbage:         -                 2M (4%)            2M (4%)            2M (4%)             -                  -          
[2026-06-17T10:03:11.736+0800][6.991s][info][gc,heap     ] GC(134) Reclaimed:         -                  -                 0M (0%)            0M (0%)             -                  -          
[2026-06-17T10:03:11.736+0800][6.991s][info][gc          ] GC(134) Garbage Collection (Allocation Stall) 64M(100%)->64M(100%)
[2026-06-17T10:03:11.736+0800][6.991s][info][gc          ] Allocation Stall (main) 5.175ms
[2026-06-17T10:03:11.736+0800][6.991s][info][gc          ] Out Of Memory (main)
[2026-06-17T10:03:11.740+0800][6.994s][info][gc,start    ] GC(135) Garbage Collection (Allocation Stall)
[2026-06-17T10:03:11.740+0800][6.995s][info][gc,ref      ] GC(135) Clearing All SoftReferences
[2026-06-17T10:03:11.740+0800][6.995s][info][gc,task     ] GC(135) Using 1 workers
[2026-06-17T10:03:11.740+0800][6.995s][info][gc,ref      ] GC(135) Clearing All SoftReferences
[2026-06-17T10:03:11.740+0800][6.995s][info][gc,phases   ] GC(135) Pause Mark Start 0.087ms
[2026-06-17T10:03:11.741+0800][6.996s][info][gc,phases   ] GC(135) Concurrent Mark 0.619ms
[2026-06-17T10:03:11.741+0800][6.996s][info][gc,phases   ] GC(135) Pause Mark End 0.004ms
[2026-06-17T10:03:11.741+0800][6.996s][info][gc,phases   ] GC(135) Concurrent Mark Free 0.001ms
[2026-06-17T10:03:11.742+0800][6.996s][info][gc,phases   ] GC(135) Concurrent Process Non-Strong References 0.224ms
[2026-06-17T10:03:11.742+0800][6.996s][info][gc,phases   ] GC(135) Concurrent Reset Relocation Set 0.001ms
[2026-06-17T10:03:11.743+0800][6.997s][info][gc,phases   ] GC(135) Concurrent Select Relocation Set 0.802ms
[2026-06-17T10:03:11.743+0800][6.998s][info][gc,phases   ] GC(135) Pause Relocate Start 0.004ms
[2026-06-17T10:03:11.743+0800][6.998s][info][gc,phases   ] GC(135) Concurrent Relocate 0.056ms
[2026-06-17T10:03:11.743+0800][6.998s][info][gc,load     ] GC(135) Load: 0.33/0.42/0.50
[2026-06-17T10:03:11.744+0800][6.998s][info][gc,mmu      ] GC(135) MMU: 2ms/0.0%, 5ms/27.1%, 10ms/63.6%, 20ms/81.7%, 50ms/92.7%, 100ms/96.0%
[2026-06-17T10:03:11.744+0800][6.998s][info][gc,marking  ] GC(135) Mark: 1 stripe(s), 1 proactive flush(es), 1 terminate flush(es), 0 completion(s), 0 continuation(s) 
[2026-06-17T10:03:11.744+0800][6.998s][info][gc,marking  ] GC(135) Mark Stack Usage: 32M
[2026-06-17T10:03:11.744+0800][6.999s][info][gc,nmethod  ] GC(135) NMethods: 85 registered, 5 unregistered
[2026-06-17T10:03:11.744+0800][6.999s][info][gc,metaspace] GC(135) Metaspace: 0M used, 0M committed, 1088M reserved
[2026-06-17T10:03:11.744+0800][6.999s][info][gc,ref      ] GC(135) Soft: 0 encountered, 0 discovered, 0 enqueued
[2026-06-17T10:03:11.744+0800][6.999s][info][gc,ref      ] GC(135) Weak: 6 encountered, 0 discovered, 0 enqueued
[2026-06-17T10:03:11.744+0800][6.999s][info][gc,ref      ] GC(135) Final: 0 encountered, 0 discovered, 0 enqueued
[2026-06-17T10:03:11.744+0800][6.999s][info][gc,ref      ] GC(135) Phantom: 1 encountered, 0 discovered, 0 enqueued
[2026-06-17T10:03:11.744+0800][6.999s][info][gc,reloc    ] GC(135) Small Pages: 4 / 8M, Empty: 0M, Relocated: 0M, In-Place: 0
[2026-06-17T10:03:11.745+0800][6.999s][info][gc,reloc    ] GC(135) Large Pages: 28 / 56M, Empty: 0M, Relocated: 0M, In-Place: 0
[2026-06-17T10:03:11.745+0800][6.999s][info][gc,reloc    ] GC(135) Forwarding Usage: 0M
[2026-06-17T10:03:11.745+0800][6.999s][info][gc,heap     ] GC(135) Min Capacity: 64M(100%)
[2026-06-17T10:03:11.745+0800][6.999s][info][gc,heap     ] GC(135) Max Capacity: 64M(100%)
[2026-06-17T10:03:11.745+0800][6.999s][info][gc,heap     ] GC(135) Soft Max Capacity: 64M(100%)
[2026-06-17T10:03:11.745+0800][7.000s][info][gc,heap     ] GC(135)                Mark Start          Mark End        Relocate Start      Relocate End           High               Low         
[2026-06-17T10:03:11.745+0800][7.000s][info][gc,heap     ] GC(135)  Capacity:       64M (100%)         64M (100%)         64M (100%)         64M (100%)         64M (100%)         64M (100%)   
[2026-06-17T10:03:11.745+0800][7.000s][info][gc,heap     ] GC(135)      Free:        0M (0%)            0M (0%)            0M (0%)            0M (0%)            0M (0%)            0M (0%)     
[2026-06-17T10:03:11.745+0800][7.000s][info][gc,heap     ] GC(135)      Used:       64M (100%)         64M (100%)         64M (100%)         64M (100%)         64M (100%)         64M (100%)   
[2026-06-17T10:03:11.745+0800][7.000s][info][gc,heap     ] GC(135)      Live:         -                61M (96%)          61M (96%)          61M (96%)            -                  -          
[2026-06-17T10:03:11.745+0800][7.000s][info][gc,heap     ] GC(135) Allocated:         -                 0M (0%)            0M (0%)            0M (0%)             -                  -          
[2026-06-17T10:03:11.745+0800][7.000s][info][gc,heap     ] GC(135)   Garbage:         -                 2M (4%)            2M (4%)            2M (4%)             -                  -          
[2026-06-17T10:03:11.745+0800][7.000s][info][gc,heap     ] GC(135) Reclaimed:         -                  -                 0M (0%)            0M (0%)             -                  -          
[2026-06-17T10:03:11.746+0800][7.000s][info][gc          ] GC(135) Garbage Collection (Allocation Stall) 64M(100%)->64M(100%)
[2026-06-17T10:03:11.746+0800][7.000s][info][gc          ] Allocation Stall (main) 5.925ms
[2026-06-17T10:03:11.746+0800][7.000s][info][gc,start    ] GC(136) Garbage Collection (Allocation Stall)
[2026-06-17T10:03:11.746+0800][7.001s][info][gc,ref      ] GC(136) Clearing All SoftReferences
[2026-06-17T10:03:11.746+0800][7.001s][info][gc,task     ] GC(136) Using 1 workers
[2026-06-17T10:03:11.746+0800][7.001s][info][gc,ref      ] GC(136) Clearing All SoftReferences
[2026-06-17T10:03:11.746+0800][7.001s][info][gc,phases   ] GC(136) Pause Mark Start 0.078ms
[2026-06-17T10:03:11.747+0800][7.002s][info][gc,phases   ] GC(136) Concurrent Mark 0.641ms
[2026-06-17T10:03:11.747+0800][7.002s][info][gc,phases   ] GC(136) Pause Mark End 0.005ms
[2026-06-17T10:03:11.747+0800][7.002s][info][gc,phases   ] GC(136) Concurrent Mark Free 0.000ms
[2026-06-17T10:03:11.748+0800][7.002s][info][gc,phases   ] GC(136) Concurrent Process Non-Strong References 0.215ms
[2026-06-17T10:03:11.748+0800][7.002s][info][gc,phases   ] GC(136) Concurrent Reset Relocation Set 0.000ms
[2026-06-17T10:03:11.749+0800][7.003s][info][gc,phases   ] GC(136) Concurrent Select Relocation Set 0.764ms
[2026-06-17T10:03:11.749+0800][7.003s][info][gc,phases   ] GC(136) Pause Relocate Start 0.003ms
[2026-06-17T10:03:11.749+0800][7.003s][info][gc,phases   ] GC(136) Concurrent Relocate 0.036ms
[2026-06-17T10:03:11.749+0800][7.004s][info][gc,load     ] GC(136) Load: 0.33/0.42/0.50
[2026-06-17T10:03:11.750+0800][7.004s][info][gc,mmu      ] GC(136) MMU: 2ms/0.0%, 5ms/27.1%, 10ms/63.6%, 20ms/81.7%, 50ms/92.7%, 100ms/96.0%
[2026-06-17T10:03:11.750+0800][7.005s][info][gc,marking  ] GC(136) Mark: 1 stripe(s), 1 proactive flush(es), 1 terminate flush(es), 0 completion(s), 0 continuation(s) 
[2026-06-17T10:03:11.750+0800][7.005s][info][gc,marking  ] GC(136) Mark Stack Usage: 32M
[2026-06-17T10:03:11.750+0800][7.005s][info][gc,nmethod  ] GC(136) NMethods: 85 registered, 5 unregistered
[2026-06-17T10:03:11.750+0800][7.005s][info][gc,metaspace] GC(136) Metaspace: 0M used, 0M committed, 1088M reserved
[2026-06-17T10:03:11.750+0800][7.005s][info][gc,ref      ] GC(136) Soft: 0 encountered, 0 discovered, 0 enqueued
[2026-06-17T10:03:11.750+0800][7.005s][info][gc,ref      ] GC(136) Weak: 6 encountered, 0 discovered, 0 enqueued
[2026-06-17T10:03:11.750+0800][7.005s][info][gc,ref      ] GC(136) Final: 0 encountered, 0 discovered, 0 enqueued
[2026-06-17T10:03:11.751+0800][7.005s][info][gc,ref      ] GC(136) Phantom: 1 encountered, 0 discovered, 0 enqueued
[2026-06-17T10:03:11.751+0800][7.005s][info][gc,reloc    ] GC(136) Small Pages: 4 / 8M, Empty: 0M, Relocated: 0M, In-Place: 0
[2026-06-17T10:03:11.751+0800][7.005s][info][gc,reloc    ] GC(136) Large Pages: 28 / 56M, Empty: 0M, Relocated: 0M, In-Place: 0
[2026-06-17T10:03:11.751+0800][7.005s][info][gc,reloc    ] GC(136) Forwarding Usage: 0M
[2026-06-17T10:03:11.751+0800][7.005s][info][gc,heap     ] GC(136) Min Capacity: 64M(100%)
[2026-06-17T10:03:11.751+0800][7.006s][info][gc,heap     ] GC(136) Max Capacity: 64M(100%)
[2026-06-17T10:03:11.751+0800][7.006s][info][gc,heap     ] GC(136) Soft Max Capacity: 64M(100%)
[2026-06-17T10:03:11.751+0800][7.006s][info][gc,heap     ] GC(136)                Mark Start          Mark End        Relocate Start      Relocate End           High               Low         
[2026-06-17T10:03:11.751+0800][7.006s][info][gc,heap     ] GC(136)  Capacity:       64M (100%)         64M (100%)         64M (100%)         64M (100%)         64M (100%)         64M (100%)   
[2026-06-17T10:03:11.751+0800][7.006s][info][gc,heap     ] GC(136)      Free:        0M (0%)            0M (0%)            0M (0%)            0M (0%)            0M (0%)            0M (0%)     
[2026-06-17T10:03:11.751+0800][7.006s][info][gc,heap     ] GC(136)      Used:       64M (100%)         64M (100%)         64M (100%)         64M (100%)         64M (100%)         64M (100%)   
[2026-06-17T10:03:11.752+0800][7.006s][info][gc,heap     ] GC(136)      Live:         -                61M (96%)          61M (96%)          61M (96%)            -                  -          
[2026-06-17T10:03:11.752+0800][7.006s][info][gc,heap     ] GC(136) Allocated:         -                 0M (0%)            0M (0%)            0M (0%)             -                  -          
[2026-06-17T10:03:11.752+0800][7.006s][info][gc,heap     ] GC(136)   Garbage:         -                 2M (4%)            2M (4%)            2M (4%)             -                  -          
[2026-06-17T10:03:11.752+0800][7.006s][info][gc,heap     ] GC(136) Reclaimed:         -                  -                 0M (0%)            0M (0%)             -                  -          
[2026-06-17T10:03:11.752+0800][7.006s][info][gc          ] GC(136) Garbage Collection (Allocation Stall) 64M(100%)->64M(100%)
[2026-06-17T10:03:11.752+0800][7.007s][info][gc          ] Allocation Stall (main) 6.128ms
[2026-06-17T10:03:11.752+0800][7.007s][info][gc          ] Out Of Memory (main)
[2026-06-17T10:03:11.752+0800][7.007s][info][gc,start    ] GC(137) Garbage Collection (Allocation Stall)
[2026-06-17T10:03:11.752+0800][7.007s][info][gc,ref      ] GC(137) Clearing All SoftReferences
[2026-06-17T10:03:11.752+0800][7.007s][info][gc,task     ] GC(137) Using 1 workers
[2026-06-17T10:03:11.752+0800][7.007s][info][gc,ref      ] GC(137) Clearing All SoftReferences
[2026-06-17T10:03:11.752+0800][7.007s][info][gc,phases   ] GC(137) Pause Mark Start 0.089ms
[2026-06-17T10:03:11.753+0800][7.008s][info][gc,phases   ] GC(137) Concurrent Mark 0.631ms
[2026-06-17T10:03:11.753+0800][7.008s][info][gc,phases   ] GC(137) Pause Mark End 0.004ms
[2026-06-17T10:03:11.754+0800][7.008s][info][gc,phases   ] GC(137) Concurrent Mark Free 0.001ms
[2026-06-17T10:03:11.754+0800][7.008s][info][gc,phases   ] GC(137) Concurrent Process Non-Strong References 0.247ms
[2026-06-17T10:03:11.754+0800][7.009s][info][gc,phases   ] GC(137) Concurrent Reset Relocation Set 0.000ms
[2026-06-17T10:03:11.755+0800][7.010s][info][gc          ] Allocation Stall (main) 2.785ms
[2026-06-17T10:03:11.755+0800][7.010s][info][gc,phases   ] GC(137) Concurrent Select Relocation Set 0.871ms
[2026-06-17T10:03:11.755+0800][7.010s][info][gc,phases   ] GC(137) Pause Relocate Start 0.003ms
[2026-06-17T10:03:11.756+0800][7.010s][info][gc,phases   ] GC(137) Concurrent Relocate 0.335ms
[2026-06-17T10:03:11.756+0800][7.010s][info][gc,load     ] GC(137) Load: 0.33/0.42/0.50
[2026-06-17T10:03:11.756+0800][7.011s][info][gc,mmu      ] GC(137) MMU: 2ms/0.0%, 5ms/27.1%, 10ms/63.6%, 20ms/81.7%, 50ms/92.7%, 100ms/96.0%
[2026-06-17T10:03:11.756+0800][7.011s][info][gc,marking  ] GC(137) Mark: 1 stripe(s), 1 proactive flush(es), 1 terminate flush(es), 0 completion(s), 0 continuation(s) 
[2026-06-17T10:03:11.756+0800][7.011s][info][gc,marking  ] GC(137) Mark Stack Usage: 32M
[2026-06-17T10:03:11.756+0800][7.011s][info][gc,nmethod  ] GC(137) NMethods: 85 registered, 5 unregistered
[2026-06-17T10:03:11.756+0800][7.011s][info][gc,metaspace] GC(137) Metaspace: 0M used, 0M committed, 1088M reserved
[2026-06-17T10:03:11.757+0800][7.011s][info][gc,ref      ] GC(137) Soft: 0 encountered, 0 discovered, 0 enqueued
[2026-06-17T10:03:11.757+0800][7.011s][info][gc,ref      ] GC(137) Weak: 6 encountered, 0 discovered, 0 enqueued
[2026-06-17T10:03:11.757+0800][7.012s][info][gc,ref      ] GC(137) Final: 0 encountered, 0 discovered, 0 enqueued
[2026-06-17T10:03:11.757+0800][7.012s][info][gc,ref      ] GC(137) Phantom: 1 encountered, 0 discovered, 0 enqueued
[2026-06-17T10:03:11.757+0800][7.012s][info][gc,reloc    ] GC(137) Small Pages: 4 / 8M, Empty: 4M, Relocated: 0M, In-Place: 0
[2026-06-17T10:03:11.757+0800][7.012s][info][gc,reloc    ] GC(137) Large Pages: 28 / 56M, Empty: 56M, Relocated: 0M, In-Place: 0
[2026-06-17T10:03:11.757+0800][7.012s][info][gc,reloc    ] GC(137) Forwarding Usage: 0M
[2026-06-17T10:03:11.757+0800][7.012s][info][gc,heap     ] GC(137) Min Capacity: 64M(100%)
[2026-06-17T10:03:11.757+0800][7.012s][info][gc,heap     ] GC(137) Max Capacity: 64M(100%)
[2026-06-17T10:03:11.758+0800][7.012s][info][gc,heap     ] GC(137) Soft Max Capacity: 64M(100%)
[2026-06-17T10:03:11.758+0800][7.012s][info][gc,heap     ] GC(137)                Mark Start          Mark End        Relocate Start      Relocate End           High               Low         
[2026-06-17T10:03:11.758+0800][7.012s][info][gc,heap     ] GC(137)  Capacity:       64M (100%)         64M (100%)         64M (100%)         64M (100%)         64M (100%)         64M (100%)   
[2026-06-17T10:03:11.758+0800][7.012s][info][gc,heap     ] GC(137)      Free:        0M (0%)            0M (0%)           58M (91%)          60M (94%)          60M (94%)           0M (0%)     
[2026-06-17T10:03:11.758+0800][7.013s][info][gc,heap     ] GC(137)      Used:       64M (100%)         64M (100%)          6M (9%)            4M (6%)           64M (100%)          4M (6%)     
[2026-06-17T10:03:11.758+0800][7.013s][info][gc,heap     ] GC(137)      Live:         -                 0M (1%)            0M (1%)            0M (1%)             -                  -          
[2026-06-17T10:03:11.758+0800][7.013s][info][gc,heap     ] GC(137) Allocated:         -                 0M (0%)            2M (3%)            1M (3%)             -                  -          
[2026-06-17T10:03:11.758+0800][7.013s][info][gc,heap     ] GC(137)   Garbage:         -                63M (99%)           3M (5%)            1M (2%)             -                  -          
[2026-06-17T10:03:11.758+0800][7.013s][info][gc,heap     ] GC(137) Reclaimed:         -                  -                60M (94%)          61M (97%)            -                  -          
[2026-06-17T10:03:11.759+0800][7.013s][info][gc          ] GC(137) Garbage Collection (Allocation Stall) 64M(100%)->4M(6%)
[2026-06-17T10:03:11.759+0800][7.013s][info][gc,heap,exit] Heap
[2026-06-17T10:03:11.759+0800][7.013s][info][gc,heap,exit]  ZHeap           used 4M, capacity 64M, max capacity 64M
[2026-06-17T10:03:11.759+0800][7.014s][info][gc,heap,exit]  Metaspace       used 167K, committed 384K, reserved 1114112K
[2026-06-17T10:03:11.759+0800][7.014s][info][gc,heap,exit]   class space    used 8K, committed 128K, reserved 1048576K
