[2026-06-17T10:07:36.697+0800][0.004s][info][gc,init] Initializing The Z Garbage Collector
[2026-06-17T10:07:36.697+0800][0.005s][info][gc,init] Version: 25.0.3+9-LTS (release)
[2026-06-17T10:07:36.697+0800][0.005s][info][gc,init] NUMA Support: Disabled
[2026-06-17T10:07:36.697+0800][0.005s][info][gc,init] CPUs: 24 total, 24 available
[2026-06-17T10:07:36.697+0800][0.005s][info][gc,init] Memory: 15856M
[2026-06-17T10:07:36.697+0800][0.005s][info][gc,init] Large Page Support: Disabled
[2026-06-17T10:07:36.698+0800][0.005s][info][gc,init] Address Space Size: unlimited
[2026-06-17T10:07:36.698+0800][0.005s][info][gc,init] Reserved Space Type: Contiguous/Unrestricted/Complete
[2026-06-17T10:07:36.698+0800][0.005s][info][gc,init] Reserved Space Size: 1G
[2026-06-17T10:07:36.698+0800][0.005s][info][gc,init] Heap Backing File: /memfd:java_heap
[2026-06-17T10:07:36.698+0800][0.006s][info][gc,init] Heap Backing Filesystem: tmpfs (0x1021994)
[2026-06-17T10:07:36.699+0800][0.006s][info][gc,init] Min Capacity: 64M
[2026-06-17T10:07:36.699+0800][0.006s][info][gc,init] Initial Capacity: 64M
[2026-06-17T10:07:36.699+0800][0.006s][info][gc,init] Max Capacity: 64M
[2026-06-17T10:07:36.699+0800][0.006s][info][gc,init] Soft Max Capacity: 64M
[2026-06-17T10:07:36.699+0800][0.006s][info][gc,init] Medium Page Size: N/A
[2026-06-17T10:07:36.699+0800][0.006s][info][gc,init] Pre-touch: Disabled
[2026-06-17T10:07:36.699+0800][0.006s][info][gc,init] Available space on backing filesystem: N/A
[2026-06-17T10:07:36.699+0800][0.007s][info][gc,init] Uncommit: Implicitly Disabled (-Xms equals -Xmx)
[2026-06-17T10:07:36.699+0800][0.007s][info][gc,init] GC Workers for Old Generation: 1 (dynamic)
[2026-06-17T10:07:36.699+0800][0.007s][info][gc,init] GC Workers for Young Generation: 1 (dynamic)
[2026-06-17T10:07:36.709+0800][0.016s][info][gc,init] GC Workers Max: 1 (dynamic)
[2026-06-17T10:07:36.709+0800][0.017s][info][gc,init] Runtime Workers: 1
[2026-06-17T10:07:36.710+0800][0.017s][info][gc     ] Using The Z Garbage Collector
[2026-06-17T10:07:36.712+0800][0.019s][info][gc,metaspace] CDS archive(s) mapped at: [0x0000000099000000-0x0000000099c95000-0x0000000099c95000), size 13193216, SharedBaseAddress: 0x0000000099000000, ArchiveRelocationMode: 1.
[2026-06-17T10:07:36.712+0800][0.020s][info][gc,metaspace] Compressed class space mapped at: 0x000000009a000000-0x00000000da000000, reserved size: 1073741824
[2026-06-17T10:07:36.712+0800][0.020s][info][gc,metaspace] UseCompressedClassPointers 1, UseCompactObjectHeaders 0
[2026-06-17T10:07:36.712+0800][0.020s][info][gc,metaspace] Narrow klass pointer bits 32, Max shift 3
[2026-06-17T10:07:36.713+0800][0.020s][info][gc,metaspace] Narrow klass base: 0x0000000099000000, Narrow klass shift: 0
[2026-06-17T10:07:36.713+0800][0.020s][info][gc,metaspace] Encoding Range: [0x0000000099000000 - 0x0000000199000000), (4294967296 bytes)
[2026-06-17T10:07:36.713+0800][0.020s][info][gc,metaspace] Klass Range:    [0x0000000099001000 - 0x00000000da000000), (1090514944 bytes)
[2026-06-17T10:07:36.713+0800][0.020s][info][gc,metaspace] Klass ID Range:  [4096 - 1090519033) (1090514937)
[2026-06-17T10:07:36.713+0800][0.020s][info][gc,metaspace] Protection zone: [0x0000000099000000 - 0x0000000099001000), (4096 bytes)
[2026-06-17T10:07:36.761+0800][0.069s][info][gc          ] GC(0) Major Collection (Warmup)
[2026-06-17T10:07:36.762+0800][0.069s][info][gc,task     ] GC(0) Using 1 Workers for Young Generation
[2026-06-17T10:07:36.762+0800][0.069s][info][gc,task     ] GC(0) Using 1 Workers for Old Generation
[2026-06-17T10:07:36.762+0800][0.069s][info][gc,phases   ] GC(0) Y: Young Generation
[2026-06-17T10:07:36.762+0800][0.069s][info][gc,phases   ] GC(0) Y: Pause Mark Start (Major) 0.010ms
[2026-06-17T10:07:36.763+0800][0.071s][info][gc,phases   ] GC(0) Y: Concurrent Mark 1.096ms
[2026-06-17T10:07:36.764+0800][0.071s][info][gc,phases   ] GC(0) Y: Pause Mark End 0.005ms
[2026-06-17T10:07:36.764+0800][0.071s][info][gc,phases   ] GC(0) Y: Concurrent Mark Free 0.001ms
[2026-06-17T10:07:36.764+0800][0.071s][info][gc,phases   ] GC(0) Y: Concurrent Reset Relocation Set 0.000ms
[2026-06-17T10:07:36.764+0800][0.071s][info][gc,reloc    ] GC(0) Y: Using tenuring threshold: 1 (Computed)
[2026-06-17T10:07:36.764+0800][0.072s][info][gc,phases   ] GC(0) Y: Concurrent Select Relocation Set 0.296ms
[2026-06-17T10:07:36.764+0800][0.072s][info][gc,phases   ] GC(0) Y: Pause Relocate Start 0.004ms
[2026-06-17T10:07:36.765+0800][0.072s][info][gc,phases   ] GC(0) Y: Concurrent Relocate 0.443ms
[2026-06-17T10:07:36.765+0800][0.072s][info][gc,alloc    ] GC(0) Y:                         Mark Start        Mark End      Relocate Start    Relocate End   
[2026-06-17T10:07:36.765+0800][0.073s][info][gc,alloc    ] GC(0) Y: Allocation Stalls:          0                0                0                0         
[2026-06-17T10:07:36.765+0800][0.073s][info][gc,load     ] GC(0) Y: Load: 0.45 (2%) / 0.45 (2%) / 0.50 (2%)
[2026-06-17T10:07:36.765+0800][0.073s][info][gc,mmu      ] GC(0) Y: MMU: 2ms/99.2%, 5ms/99.6%, 10ms/99.8%, 20ms/99.9%, 50ms/100.0%, 100ms/100.0%
[2026-06-17T10:07:36.765+0800][0.073s][info][gc,marking  ] GC(0) Y: Mark: 1 stripe(s), 1 proactive flush(es), 1 terminate flush(es), 0 completion(s), 0 continuation(s) 
[2026-06-17T10:07:36.766+0800][0.073s][info][gc,nmethod  ] GC(0) Y: NMethods: 65 registered, 0 unregistered
[2026-06-17T10:07:36.766+0800][0.073s][info][gc,metaspace] GC(0) Y: Metaspace: 0M used, 0M committed, 1088M reserved
[2026-06-17T10:07:36.766+0800][0.073s][info][gc,reloc    ] GC(0) Y:                        Candidates     Selected     In-Place         Size        Empty    Relocated 
[2026-06-17T10:07:36.766+0800][0.073s][info][gc,reloc    ] GC(0) Y: Small Pages:                    3            1            0           6M           2M           0M 
[2026-06-17T10:07:36.766+0800][0.073s][info][gc,reloc    ] GC(0) Y: Large Pages:                    3            0            0           6M           0M           0M 
[2026-06-17T10:07:36.766+0800][0.073s][info][gc,reloc    ] GC(0) Y: Forwarding Usage: 0M
[2026-06-17T10:07:36.766+0800][0.073s][info][gc,reloc    ] GC(0) Y: Age Table:
[2026-06-17T10:07:36.766+0800][0.074s][info][gc,reloc    ] GC(0) Y:                    Live             Garbage             Small              Medium             Large        
[2026-06-17T10:07:36.766+0800][0.074s][info][gc,reloc    ] GC(0) Y: Eden               7M (12%)           4M (7%)           3 / 1              0 / 0              3 / 0        
[2026-06-17T10:07:36.766+0800][0.074s][info][gc,heap     ] GC(0) Y: Min Capacity: 64M(100%)
[2026-06-17T10:07:36.766+0800][0.074s][info][gc,heap     ] GC(0) Y: Max Capacity: 64M(100%)
[2026-06-17T10:07:36.766+0800][0.074s][info][gc,heap     ] GC(0) Y: Soft Max Capacity: 64M(100%)
[2026-06-17T10:07:36.767+0800][0.074s][info][gc,heap     ] GC(0) Y: Heap Statistics:
[2026-06-17T10:07:36.767+0800][0.074s][info][gc,heap     ] GC(0) Y:                Mark Start          Mark End        Relocate Start      Relocate End           High               Low         
[2026-06-17T10:07:36.767+0800][0.074s][info][gc,heap     ] GC(0) Y:  Capacity:       64M (100%)         64M (100%)         64M (100%)         64M (100%)         64M (100%)         64M (100%)   
[2026-06-17T10:07:36.767+0800][0.074s][info][gc,heap     ] GC(0) Y:      Free:       52M (81%)          50M (78%)          52M (81%)          50M (78%)          52M (81%)          48M (75%)    
[2026-06-17T10:07:36.767+0800][0.074s][info][gc,heap     ] GC(0) Y:      Used:       12M (19%)          14M (22%)          12M (19%)          14M (22%)          16M (25%)          12M (19%)    
[2026-06-17T10:07:36.767+0800][0.074s][info][gc,heap     ] GC(0) Y: Young Generation Statistics:
[2026-06-17T10:07:36.767+0800][0.074s][info][gc,heap     ] GC(0) Y:                Mark Start          Mark End        Relocate Start      Relocate End    
[2026-06-17T10:07:36.767+0800][0.074s][info][gc,heap     ] GC(0) Y:      Used:       12M (19%)          14M (22%)          12M (19%)          14M (22%)    
[2026-06-17T10:07:36.767+0800][0.074s][info][gc,heap     ] GC(0) Y:      Live:         -                 7M (12%)           7M (12%)           7M (12%)    
[2026-06-17T10:07:36.767+0800][0.075s][info][gc,heap     ] GC(0) Y:   Garbage:         -                 4M (7%)            2M (4%)            0M (0%)     
[2026-06-17T10:07:36.767+0800][0.075s][info][gc,heap     ] GC(0) Y: Allocated:         -                 2M (3%)            2M (3%)            6M (10%)    
[2026-06-17T10:07:36.767+0800][0.075s][info][gc,heap     ] GC(0) Y: Reclaimed:         -                  -                 2M (3%)            4M (7%)     
[2026-06-17T10:07:36.767+0800][0.075s][info][gc,heap     ] GC(0) Y:  Promoted:         -                  -                 0M (0%)            0M (0%)     
[2026-06-17T10:07:36.767+0800][0.075s][info][gc,heap     ] GC(0) Y: Compacted:         -                  -                  -                 1M (2%)     
[2026-06-17T10:07:36.768+0800][0.075s][info][gc,phases   ] GC(0) Y: Young Generation 12M(19%)->14M(22%) 0.003s
[2026-06-17T10:07:36.768+0800][0.075s][info][gc,phases   ] GC(0) O: Old Generation
[2026-06-17T10:07:36.768+0800][0.075s][info][gc,phases   ] GC(0) O: Concurrent Mark 0.248ms
[2026-06-17T10:07:36.768+0800][0.075s][info][gc,phases   ] GC(0) O: Pause Mark End 0.005ms
[2026-06-17T10:07:36.768+0800][0.076s][info][gc,phases   ] GC(0) O: Concurrent Mark Free 0.000ms
[2026-06-17T10:07:36.768+0800][0.076s][info][gc,phases   ] GC(0) O: Concurrent Process Non-Strong 0.242ms
[2026-06-17T10:07:36.769+0800][0.076s][info][gc,phases   ] GC(0) O: Concurrent Reset Relocation Set 0.000ms
[2026-06-17T10:07:36.769+0800][0.076s][info][gc,phases   ] GC(0) O: Concurrent Select Relocation Set 0.051ms
[2026-06-17T10:07:36.769+0800][0.076s][info][gc,task     ] GC(0) O: Using 1 Workers for Old Generation
[2026-06-17T10:07:36.769+0800][0.076s][info][gc,task     ] GC(0) O: Using 1 Workers for Old Generation
[2026-06-17T10:07:36.769+0800][0.076s][info][gc,phases   ] GC(0) O: Concurrent Remap Roots 0.193ms
[2026-06-17T10:07:36.769+0800][0.077s][info][gc,phases   ] GC(0) O: Pause Relocate Start 0.004ms
[2026-06-17T10:07:36.769+0800][0.077s][info][gc,phases   ] GC(0) O: Concurrent Relocate 0.058ms
[2026-06-17T10:07:36.769+0800][0.077s][info][gc,alloc    ] GC(0) O:                         Mark Start        Mark End      Relocate Start    Relocate End   
[2026-06-17T10:07:36.769+0800][0.077s][info][gc,alloc    ] GC(0) O: Allocation Stalls:          0                0                0                0         
[2026-06-17T10:07:36.770+0800][0.077s][info][gc,load     ] GC(0) O: Load: 0.45 (2%) / 0.45 (2%) / 0.50 (2%)
[2026-06-17T10:07:36.770+0800][0.077s][info][gc,mmu      ] GC(0) O: MMU: 2ms/99.2%, 5ms/99.6%, 10ms/99.7%, 20ms/99.9%, 50ms/99.9%, 100ms/100.0%
[2026-06-17T10:07:36.770+0800][0.077s][info][gc,marking  ] GC(0) O: Mark: 1 stripe(s), 1 proactive flush(es), 1 terminate flush(es), 0 completion(s), 0 continuation(s) 
[2026-06-17T10:07:36.770+0800][0.077s][info][gc,nmethod  ] GC(0) O: NMethods: 62 registered, 3 unregistered
[2026-06-17T10:07:36.770+0800][0.077s][info][gc,metaspace] GC(0) O: Metaspace: 0M used, 0M committed, 1088M reserved
[2026-06-17T10:07:36.770+0800][0.077s][info][gc,ref      ] GC(0) O:                       Encountered   Discovered     Enqueued 
[2026-06-17T10:07:36.770+0800][0.077s][info][gc,ref      ] GC(0) O: Soft References:                2            0            0 
[2026-06-17T10:07:36.770+0800][0.077s][info][gc,ref      ] GC(0) O: Weak References:                6            0            0 
[2026-06-17T10:07:36.770+0800][0.078s][info][gc,ref      ] GC(0) O: Final References:               0            0            0 
[2026-06-17T10:07:36.770+0800][0.078s][info][gc,ref      ] GC(0) O: Phantom References:             1            0            0 
[2026-06-17T10:07:36.770+0800][0.078s][info][gc,heap     ] GC(0) O: Min Capacity: 64M(100%)
[2026-06-17T10:07:36.770+0800][0.078s][info][gc,heap     ] GC(0) O: Max Capacity: 64M(100%)
[2026-06-17T10:07:36.770+0800][0.078s][info][gc,heap     ] GC(0) O: Soft Max Capacity: 64M(100%)
[2026-06-17T10:07:36.770+0800][0.078s][info][gc,heap     ] GC(0) O: Heap Statistics:
[2026-06-17T10:07:36.771+0800][0.078s][info][gc,heap     ] GC(0) O:                Mark Start          Mark End        Relocate Start      Relocate End           High               Low         
[2026-06-17T10:07:36.771+0800][0.078s][info][gc,heap     ] GC(0) O:  Capacity:       64M (100%)         64M (100%)         64M (100%)         64M (100%)         64M (100%)         64M (100%)   
[2026-06-17T10:07:36.771+0800][0.078s][info][gc,heap     ] GC(0) O:      Free:       52M (81%)          50M (78%)          50M (78%)          50M (78%)          52M (81%)          48M (75%)    
[2026-06-17T10:07:36.771+0800][0.078s][info][gc,heap     ] GC(0) O:      Used:       12M (19%)          14M (22%)          14M (22%)          14M (22%)          16M (25%)          12M (19%)    
[2026-06-17T10:07:36.771+0800][0.079s][info][gc,heap     ] GC(0) O: Old Generation Statistics:
[2026-06-17T10:07:36.771+0800][0.079s][info][gc,heap     ] GC(0) O:                Mark Start          Mark End        Relocate Start      Relocate End    
[2026-06-17T10:07:36.771+0800][0.079s][info][gc,heap     ] GC(0) O:      Used:        0M (0%)            0M (0%)            0M (0%)            0M (0%)     
[2026-06-17T10:07:36.771+0800][0.079s][info][gc,heap     ] GC(0) O:      Live:         -                 0M (0%)            0M (0%)            0M (0%)     
[2026-06-17T10:07:36.772+0800][0.079s][info][gc,heap     ] GC(0) O:   Garbage:         -                 0M (0%)            0M (0%)            0M (0%)     
[2026-06-17T10:07:36.772+0800][0.079s][info][gc,heap     ] GC(0) O: Allocated:         -                 0M (0%)            0M (0%)            0M (0%)     
[2026-06-17T10:07:36.772+0800][0.079s][info][gc,heap     ] GC(0) O: Reclaimed:         -                  -                 0M (0%)            0M (0%)     
[2026-06-17T10:07:36.772+0800][0.079s][info][gc,heap     ] GC(0) O: Compacted:         -                  -                  -                 0M (0%)     
[2026-06-17T10:07:36.772+0800][0.079s][info][gc,phases   ] GC(0) O: Old Generation 14M(22%)->14M(22%) 0.002s
[2026-06-17T10:07:36.772+0800][0.079s][info][gc          ] GC(0) Major Collection (Warmup) 8M(12%)->14M(22%) 0.011s
[2026-06-17T10:07:36.775+0800][0.083s][info][gc          ] GC(1) Major Collection (Warmup)
[2026-06-17T10:07:36.775+0800][0.083s][info][gc,task     ] GC(1) Using 1 Workers for Young Generation
[2026-06-17T10:07:36.775+0800][0.083s][info][gc,task     ] GC(1) Using 1 Workers for Old Generation
[2026-06-17T10:07:36.775+0800][0.083s][info][gc,phases   ] GC(1) Y: Young Generation
[2026-06-17T10:07:36.776+0800][0.083s][info][gc,phases   ] GC(1) Y: Pause Mark Start (Major) 0.015ms
[2026-06-17T10:07:36.777+0800][0.084s][info][gc,phases   ] GC(1) Y: Concurrent Mark 1.217ms
[2026-06-17T10:07:36.777+0800][0.084s][info][gc,phases   ] GC(1) Y: Pause Mark End 0.004ms
[2026-06-17T10:07:36.777+0800][0.085s][info][gc,phases   ] GC(1) Y: Concurrent Mark Free 0.001ms
[2026-06-17T10:07:36.777+0800][0.085s][info][gc,phases   ] GC(1) Y: Concurrent Reset Relocation Set 0.000ms
[2026-06-17T10:07:36.777+0800][0.085s][info][gc,reloc    ] GC(1) Y: Using tenuring threshold: 1 (Computed)
[2026-06-17T10:07:36.778+0800][0.085s][info][gc,phases   ] GC(1) Y: Concurrent Select Relocation Set 0.640ms
[2026-06-17T10:07:36.778+0800][0.086s][info][gc,phases   ] GC(1) Y: Pause Relocate Start 0.004ms
[2026-06-17T10:07:36.780+0800][0.087s][info][gc,phases   ] GC(1) Y: Concurrent Relocate 1.183ms
[2026-06-17T10:07:36.780+0800][0.087s][info][gc,alloc    ] GC(1) Y:                         Mark Start        Mark End      Relocate Start    Relocate End   
[2026-06-17T10:07:36.780+0800][0.087s][info][gc,alloc    ] GC(1) Y: Allocation Stalls:          0                0                0                0         
[2026-06-17T10:07:36.780+0800][0.087s][info][gc,load     ] GC(1) Y: Load: 0.45 (2%) / 0.45 (2%) / 0.50 (2%)
[2026-06-17T10:07:36.780+0800][0.087s][info][gc,mmu      ] GC(1) Y: MMU: 2ms/99.0%, 5ms/99.5%, 10ms/99.7%, 20ms/99.7%, 50ms/99.9%, 100ms/99.9%
[2026-06-17T10:07:36.780+0800][0.087s][info][gc,marking  ] GC(1) Y: Mark: 1 stripe(s), 2 proactive flush(es), 1 terminate flush(es), 0 completion(s), 0 continuation(s) 
[2026-06-17T10:07:36.780+0800][0.087s][info][gc,nmethod  ] GC(1) Y: NMethods: 63 registered, 3 unregistered
[2026-06-17T10:07:36.780+0800][0.088s][info][gc,metaspace] GC(1) Y: Metaspace: 0M used, 0M committed, 1088M reserved
[2026-06-17T10:07:36.780+0800][0.088s][info][gc,reloc    ] GC(1) Y:                        Candidates     Selected     In-Place         Size        Empty    Relocated 
[2026-06-17T10:07:36.780+0800][0.088s][info][gc,reloc    ] GC(1) Y: Small Pages:                    3            2            0           6M           0M           1M 
[2026-06-17T10:07:36.780+0800][0.088s][info][gc,reloc    ] GC(1) Y: Large Pages:                    4            0            0           8M           0M           0M 
[2026-06-17T10:07:36.780+0800][0.088s][info][gc,reloc    ] GC(1) Y: Forwarding Usage: 0M
[2026-06-17T10:07:36.781+0800][0.088s][info][gc,reloc    ] GC(1) Y: Age Table:
[2026-06-17T10:07:36.781+0800][0.088s][info][gc,reloc    ] GC(1) Y:                    Live             Garbage             Small              Medium             Large        
[2026-06-17T10:07:36.781+0800][0.088s][info][gc,reloc    ] GC(1) Y: Eden               2M (3%)            1M (3%)           1 / 0              0 / 0              1 / 0        
[2026-06-17T10:07:36.781+0800][0.088s][info][gc,reloc    ] GC(1) Y: Survivor 1         7M (12%)           2M (4%)           2 / 2              0 / 0              3 / 0        
[2026-06-17T10:07:36.781+0800][0.088s][info][gc,heap     ] GC(1) Y: Min Capacity: 64M(100%)
[2026-06-17T10:07:36.781+0800][0.088s][info][gc,heap     ] GC(1) Y: Max Capacity: 64M(100%)
[2026-06-17T10:07:36.781+0800][0.088s][info][gc,heap     ] GC(1) Y: Soft Max Capacity: 64M(100%)
[2026-06-17T10:07:36.781+0800][0.088s][info][gc,heap     ] GC(1) Y: Heap Statistics:
[2026-06-17T10:07:36.781+0800][0.089s][info][gc,heap     ] GC(1) Y:                Mark Start          Mark End        Relocate Start      Relocate End           High               Low         
[2026-06-17T10:07:36.781+0800][0.089s][info][gc,heap     ] GC(1) Y:  Capacity:       64M (100%)         64M (100%)         64M (100%)         64M (100%)         64M (100%)         64M (100%)   
[2026-06-17T10:07:36.781+0800][0.089s][info][gc,heap     ] GC(1) Y:      Free:       50M (78%)          46M (72%)          46M (72%)          48M (75%)          50M (78%)          44M (69%)    
[2026-06-17T10:07:36.781+0800][0.089s][info][gc,heap     ] GC(1) Y:      Used:       14M (22%)          18M (28%)          18M (28%)          16M (25%)          20M (31%)          14M (22%)    
[2026-06-17T10:07:36.781+0800][0.089s][info][gc,heap     ] GC(1) Y: Young Generation Statistics:
[2026-06-17T10:07:36.781+0800][0.089s][info][gc,heap     ] GC(1) Y:                Mark Start          Mark End        Relocate Start      Relocate End    
[2026-06-17T10:07:36.782+0800][0.089s][info][gc,heap     ] GC(1) Y:      Used:       14M (22%)          18M (28%)          12M (19%)           8M (12%)    
[2026-06-17T10:07:36.782+0800][0.089s][info][gc,heap     ] GC(1) Y:      Live:         -                 9M (15%)           3M (5%)            2M (3%)     
[2026-06-17T10:07:36.782+0800][0.089s][info][gc,heap     ] GC(1) Y:   Garbage:         -                 4M (7%)            4M (7%)            0M (0%)     
[2026-06-17T10:07:36.782+0800][0.089s][info][gc,heap     ] GC(1) Y: Allocated:         -                 4M (6%)            4M (6%)            5M (9%)     
[2026-06-17T10:07:36.782+0800][0.089s][info][gc,heap     ] GC(1) Y: Reclaimed:         -                  -                 0M (0%)            4M (7%)     
[2026-06-17T10:07:36.782+0800][0.089s][info][gc,heap     ] GC(1) Y:  Promoted:         -                  -                 6M (9%)            7M (12%)    
[2026-06-17T10:07:36.782+0800][0.089s][info][gc,heap     ] GC(1) Y: Compacted:         -                  -                  -                 0M (0%)     
[2026-06-17T10:07:36.782+0800][0.089s][info][gc,phases   ] GC(1) Y: Young Generation 14M(22%)->16M(25%) 0.004s
[2026-06-17T10:07:36.782+0800][0.090s][info][gc,phases   ] GC(1) O: Old Generation
[2026-06-17T10:07:36.782+0800][0.090s][info][gc,phases   ] GC(1) O: Concurrent Mark 0.244ms
[2026-06-17T10:07:36.783+0800][0.090s][info][gc,phases   ] GC(1) O: Pause Mark End 0.004ms
[2026-06-17T10:07:36.783+0800][0.090s][info][gc,phases   ] GC(1) O: Concurrent Mark Free 0.000ms
[2026-06-17T10:07:36.783+0800][0.091s][info][gc,phases   ] GC(1) O: Concurrent Process Non-Strong 0.297ms
[2026-06-17T10:07:36.783+0800][0.091s][info][gc,phases   ] GC(1) O: Concurrent Reset Relocation Set 0.001ms
[2026-06-17T10:07:36.784+0800][0.091s][info][gc,phases   ] GC(1) O: Concurrent Select Relocation Set 0.033ms
[2026-06-17T10:07:36.784+0800][0.091s][info][gc,task     ] GC(1) O: Using 1 Workers for Old Generation
[2026-06-17T10:07:36.784+0800][0.091s][info][gc,task     ] GC(1) O: Using 1 Workers for Old Generation
[2026-06-17T10:07:36.784+0800][0.091s][info][gc,phases   ] GC(1) O: Concurrent Remap Roots 0.320ms
[2026-06-17T10:07:36.784+0800][0.091s][info][gc,phases   ] GC(1) O: Pause Relocate Start 0.004ms
[2026-06-17T10:07:36.784+0800][0.092s][info][gc,phases   ] GC(1) O: Concurrent Relocate 0.059ms
[2026-06-17T10:07:36.784+0800][0.092s][info][gc,alloc    ] GC(1) O:                         Mark Start        Mark End      Relocate Start    Relocate End   
[2026-06-17T10:07:36.784+0800][0.092s][info][gc,alloc    ] GC(1) O: Allocation Stalls:          0                0                0                0         
[2026-06-17T10:07:36.784+0800][0.092s][info][gc,load     ] GC(1) O: Load: 0.45 (2%) / 0.45 (2%) / 0.50 (2%)
[2026-06-17T10:07:36.785+0800][0.092s][info][gc,mmu      ] GC(1) O: MMU: 2ms/99.0%, 5ms/99.5%, 10ms/99.7%, 20ms/99.7%, 50ms/99.9%, 100ms/99.9%
[2026-06-17T10:07:36.785+0800][0.092s][info][gc,marking  ] GC(1) O: Mark: 1 stripe(s), 1 proactive flush(es), 1 terminate flush(es), 0 completion(s), 0 continuation(s) 
[2026-06-17T10:07:36.785+0800][0.092s][info][gc,nmethod  ] GC(1) O: NMethods: 63 registered, 3 unregistered
[2026-06-17T10:07:36.785+0800][0.092s][info][gc,metaspace] GC(1) O: Metaspace: 0M used, 0M committed, 1088M reserved
[2026-06-17T10:07:36.785+0800][0.092s][info][gc,ref      ] GC(1) O:                       Encountered   Discovered     Enqueued 
[2026-06-17T10:07:36.785+0800][0.092s][info][gc,ref      ] GC(1) O: Soft References:                2            0            0 
[2026-06-17T10:07:36.785+0800][0.092s][info][gc,ref      ] GC(1) O: Weak References:                6            0            0 
[2026-06-17T10:07:36.785+0800][0.092s][info][gc,ref      ] GC(1) O: Final References:               0            0            0 
[2026-06-17T10:07:36.785+0800][0.093s][info][gc,ref      ] GC(1) O: Phantom References:             1            0            0 
[2026-06-17T10:07:36.785+0800][0.093s][info][gc,heap     ] GC(1) O: Min Capacity: 64M(100%)
[2026-06-17T10:07:36.785+0800][0.093s][info][gc,heap     ] GC(1) O: Max Capacity: 64M(100%)
[2026-06-17T10:07:36.785+0800][0.093s][info][gc,heap     ] GC(1) O: Soft Max Capacity: 64M(100%)
[2026-06-17T10:07:36.786+0800][0.093s][info][gc,heap     ] GC(1) O: Heap Statistics:
[2026-06-17T10:07:36.786+0800][0.093s][info][gc,heap     ] GC(1) O:                Mark Start          Mark End        Relocate Start      Relocate End           High               Low         
[2026-06-17T10:07:36.786+0800][0.093s][info][gc,heap     ] GC(1) O:  Capacity:       64M (100%)         64M (100%)         64M (100%)         64M (100%)         64M (100%)         64M (100%)   
[2026-06-17T10:07:36.786+0800][0.093s][info][gc,heap     ] GC(1) O:      Free:       50M (78%)          48M (75%)          48M (75%)          48M (75%)          50M (78%)          44M (69%)    
[2026-06-17T10:07:36.786+0800][0.093s][info][gc,heap     ] GC(1) O:      Used:       14M (22%)          16M (25%)          16M (25%)          16M (25%)          20M (31%)          14M (22%)    
[2026-06-17T10:07:36.786+0800][0.093s][info][gc,heap     ] GC(1) O: Old Generation Statistics:
[2026-06-17T10:07:36.786+0800][0.093s][info][gc,heap     ] GC(1) O:                Mark Start          Mark End        Relocate Start      Relocate End    
[2026-06-17T10:07:36.786+0800][0.093s][info][gc,heap     ] GC(1) O:      Used:        0M (0%)            8M (12%)           8M (12%)           8M (12%)    
[2026-06-17T10:07:36.786+0800][0.094s][info][gc,heap     ] GC(1) O:      Live:         -                 0M (0%)            0M (0%)            0M (0%)     
[2026-06-17T10:07:36.786+0800][0.094s][info][gc,heap     ] GC(1) O:   Garbage:         -                 0M (0%)            0M (0%)            0M (0%)     
[2026-06-17T10:07:36.786+0800][0.094s][info][gc,heap     ] GC(1) O: Allocated:         -                 8M (12%)           8M (12%)           8M (12%)    
[2026-06-17T10:07:36.787+0800][0.094s][info][gc,heap     ] GC(1) O: Reclaimed:         -                  -                 0M (0%)            0M (0%)     
[2026-06-17T10:07:36.787+0800][0.094s][info][gc,heap     ] GC(1) O: Compacted:         -                  -                  -                 0M (0%)     
[2026-06-17T10:07:36.787+0800][0.094s][info][gc,phases   ] GC(1) O: Old Generation 16M(25%)->16M(25%) 0.002s
[2026-06-17T10:07:36.787+0800][0.095s][info][gc          ] GC(1) Major Collection (Warmup) 14M(22%)->20M(31%) 0.012s
[2026-06-17T10:07:36.797+0800][0.105s][info][gc          ] GC(2) Major Collection (Warmup)
[2026-06-17T10:07:36.797+0800][0.105s][info][gc,task     ] GC(2) Using 1 Workers for Young Generation
[2026-06-17T10:07:36.797+0800][0.105s][info][gc,task     ] GC(2) Using 1 Workers for Old Generation
[2026-06-17T10:07:36.798+0800][0.105s][info][gc,phases   ] GC(2) Y: Young Generation
[2026-06-17T10:07:36.798+0800][0.105s][info][gc,phases   ] GC(2) Y: Pause Mark Start (Major) 0.007ms
[2026-06-17T10:07:36.798+0800][0.106s][info][gc,phases   ] GC(2) Y: Concurrent Mark 0.485ms
[2026-06-17T10:07:36.799+0800][0.106s][info][gc,phases   ] GC(2) Y: Pause Mark End 0.004ms
[2026-06-17T10:07:36.799+0800][0.106s][info][gc,phases   ] GC(2) Y: Concurrent Mark Free 0.001ms
[2026-06-17T10:07:36.799+0800][0.106s][info][gc,phases   ] GC(2) Y: Concurrent Reset Relocation Set 0.003ms
[2026-06-17T10:07:36.799+0800][0.106s][info][gc,reloc    ] GC(2) Y: Using tenuring threshold: 1 (Computed)
[2026-06-17T10:07:36.799+0800][0.107s][info][gc,phases   ] GC(2) Y: Concurrent Select Relocation Set 0.233ms
[2026-06-17T10:07:36.799+0800][0.107s][info][gc,phases   ] GC(2) Y: Pause Relocate Start 0.004ms
[2026-06-17T10:07:36.800+0800][0.107s][info][gc,phases   ] GC(2) Y: Concurrent Relocate 0.586ms
[2026-06-17T10:07:36.800+0800][0.107s][info][gc,alloc    ] GC(2) Y:                         Mark Start        Mark End      Relocate Start    Relocate End   
[2026-06-17T10:07:36.800+0800][0.108s][info][gc,alloc    ] GC(2) Y: Allocation Stalls:          0                0                0                0         
[2026-06-17T10:07:36.800+0800][0.108s][info][gc,load     ] GC(2) Y: Load: 0.45 (2%) / 0.45 (2%) / 0.50 (2%)
[2026-06-17T10:07:36.800+0800][0.108s][info][gc,mmu      ] GC(2) Y: MMU: 2ms/99.0%, 5ms/99.5%, 10ms/99.7%, 20ms/99.7%, 50ms/99.9%, 100ms/99.9%
[2026-06-17T10:07:36.800+0800][0.108s][info][gc,marking  ] GC(2) Y: Mark: 1 stripe(s), 2 proactive flush(es), 1 terminate flush(es), 0 completion(s), 0 continuation(s) 
[2026-06-17T10:07:36.800+0800][0.108s][info][gc,nmethod  ] GC(2) Y: NMethods: 68 registered, 3 unregistered
[2026-06-17T10:07:36.800+0800][0.108s][info][gc,metaspace] GC(2) Y: Metaspace: 0M used, 0M committed, 1088M reserved
[2026-06-17T10:07:36.800+0800][0.108s][info][gc,reloc    ] GC(2) Y:                        Candidates     Selected     In-Place         Size        Empty    Relocated 
[2026-06-17T10:07:36.801+0800][0.108s][info][gc,reloc    ] GC(2) Y: Small Pages:                    5            3            0          10M           2M           1M 
[2026-06-17T10:07:36.801+0800][0.108s][info][gc,reloc    ] GC(2) Y: Large Pages:                    1            0            0           2M           0M           0M 
[2026-06-17T10:07:36.801+0800][0.108s][info][gc,reloc    ] GC(2) Y: Forwarding Usage: 0M
[2026-06-17T10:07:36.801+0800][0.108s][info][gc,reloc    ] GC(2) Y: Age Table:
[2026-06-17T10:07:36.801+0800][0.108s][info][gc,reloc    ] GC(2) Y:                    Live             Garbage             Small              Medium             Large        
[2026-06-17T10:07:36.801+0800][0.109s][info][gc,reloc    ] GC(2) Y: Eden               1M (2%)            6M (10%)          4 / 2              0 / 0              0 / 0        
[2026-06-17T10:07:36.801+0800][0.109s][info][gc,reloc    ] GC(2) Y: Survivor 1         2M (3%)            1M (3%)           1 / 1              0 / 0              1 / 0        
[2026-06-17T10:07:36.801+0800][0.109s][info][gc,heap     ] GC(2) Y: Min Capacity: 64M(100%)
[2026-06-17T10:07:36.801+0800][0.109s][info][gc,heap     ] GC(2) Y: Max Capacity: 64M(100%)
[2026-06-17T10:07:36.802+0800][0.109s][info][gc,heap     ] GC(2) Y: Soft Max Capacity: 64M(100%)
[2026-06-17T10:07:36.802+0800][0.109s][info][gc,heap     ] GC(2) Y: Heap Statistics:
[2026-06-17T10:07:36.802+0800][0.109s][info][gc,heap     ] GC(2) Y:                Mark Start          Mark End        Relocate Start      Relocate End           High               Low         
[2026-06-17T10:07:36.802+0800][0.109s][info][gc,heap     ] GC(2) Y:  Capacity:       64M (100%)         64M (100%)         64M (100%)         64M (100%)         64M (100%)         64M (100%)   
[2026-06-17T10:07:36.802+0800][0.109s][info][gc,heap     ] GC(2) Y:      Free:       44M (69%)          42M (66%)          34M (53%)          38M (59%)          44M (69%)          32M (50%)    
[2026-06-17T10:07:36.802+0800][0.109s][info][gc,heap     ] GC(2) Y:      Used:       20M (31%)          22M (34%)          30M (47%)          26M (41%)          32M (50%)          20M (31%)    
[2026-06-17T10:07:36.802+0800][0.109s][info][gc,heap     ] GC(2) Y: Young Generation Statistics:
[2026-06-17T10:07:36.802+0800][0.110s][info][gc,heap     ] GC(2) Y:                Mark Start          Mark End        Relocate Start      Relocate End    
[2026-06-17T10:07:36.802+0800][0.110s][info][gc,heap     ] GC(2) Y:      Used:       12M (19%)          14M (22%)          20M (31%)          14M (22%)    
[2026-06-17T10:07:36.802+0800][0.110s][info][gc,heap     ] GC(2) Y:      Live:         -                 3M (5%)            1M (2%)            1M (2%)     
[2026-06-17T10:07:36.802+0800][0.110s][info][gc,heap     ] GC(2) Y:   Garbage:         -                 8M (13%)           6M (10%)           0M (0%)     
[2026-06-17T10:07:36.802+0800][0.110s][info][gc,heap     ] GC(2) Y: Allocated:         -                 2M (3%)           12M (19%)          12M (20%)    
[2026-06-17T10:07:36.803+0800][0.110s][info][gc,heap     ] GC(2) Y: Reclaimed:         -                  -                 2M (3%)            8M (13%)    
[2026-06-17T10:07:36.803+0800][0.110s][info][gc,heap     ] GC(2) Y:  Promoted:         -                  -                 2M (3%)            2M (3%)     
[2026-06-17T10:07:36.803+0800][0.110s][info][gc,heap     ] GC(2) Y: Compacted:         -                  -                  -                 1M (2%)     
[2026-06-17T10:07:36.803+0800][0.110s][info][gc,phases   ] GC(2) Y: Young Generation 20M(31%)->26M(41%) 0.003s
[2026-06-17T10:07:36.803+0800][0.110s][info][gc,phases   ] GC(2) O: Old Generation
[2026-06-17T10:07:36.804+0800][0.111s][info][gc,phases   ] GC(2) O: Concurrent Mark 0.857ms
[2026-06-17T10:07:36.804+0800][0.111s][info][gc,phases   ] GC(2) O: Pause Mark End 0.005ms
[2026-06-17T10:07:36.804+0800][0.111s][info][gc,phases   ] GC(2) O: Concurrent Mark Free 0.001ms
[2026-06-17T10:07:36.804+0800][0.112s][info][gc,phases   ] GC(2) O: Concurrent Process Non-Strong 0.218ms
[2026-06-17T10:07:36.804+0800][0.112s][info][gc,phases   ] GC(2) O: Concurrent Reset Relocation Set 0.000ms
[2026-06-17T10:07:36.805+0800][0.112s][info][gc,phases   ] GC(2) O: Concurrent Select Relocation Set 0.048ms
[2026-06-17T10:07:36.805+0800][0.112s][info][gc,task     ] GC(2) O: Using 1 Workers for Old Generation
[2026-06-17T10:07:36.805+0800][0.112s][info][gc,task     ] GC(2) O: Using 1 Workers for Old Generation
[2026-06-17T10:07:36.805+0800][0.112s][info][gc,phases   ] GC(2) O: Concurrent Remap Roots 0.266ms
[2026-06-17T10:07:36.805+0800][0.112s][info][gc,phases   ] GC(2) O: Pause Relocate Start 0.004ms
[2026-06-17T10:07:36.805+0800][0.113s][info][gc,phases   ] GC(2) O: Concurrent Relocate 0.061ms
[2026-06-17T10:07:36.805+0800][0.113s][info][gc,alloc    ] GC(2) O:                         Mark Start        Mark End      Relocate Start    Relocate End   
[2026-06-17T10:07:36.805+0800][0.113s][info][gc,alloc    ] GC(2) O: Allocation Stalls:          0                0                0                0         
[2026-06-17T10:07:36.805+0800][0.113s][info][gc,load     ] GC(2) O: Load: 0.45 (2%) / 0.45 (2%) / 0.50 (2%)
[2026-06-17T10:07:36.806+0800][0.113s][info][gc,mmu      ] GC(2) O: MMU: 2ms/99.0%, 5ms/99.5%, 10ms/99.7%, 20ms/99.7%, 50ms/99.8%, 100ms/99.9%
[2026-06-17T10:07:36.806+0800][0.113s][info][gc,marking  ] GC(2) O: Mark: 1 stripe(s), 2 proactive flush(es), 1 terminate flush(es), 0 completion(s), 0 continuation(s) 
[2026-06-17T10:07:36.806+0800][0.113s][info][gc,nmethod  ] GC(2) O: NMethods: 68 registered, 3 unregistered
[2026-06-17T10:07:36.806+0800][0.113s][info][gc,metaspace] GC(2) O: Metaspace: 0M used, 0M committed, 1088M reserved
[2026-06-17T10:07:36.806+0800][0.113s][info][gc,ref      ] GC(2) O:                       Encountered   Discovered     Enqueued 
[2026-06-17T10:07:36.806+0800][0.113s][info][gc,ref      ] GC(2) O: Soft References:                2            0            0 
[2026-06-17T10:07:36.806+0800][0.113s][info][gc,ref      ] GC(2) O: Weak References:                6            0            0 
[2026-06-17T10:07:36.806+0800][0.113s][info][gc,ref      ] GC(2) O: Final References:               0            0            0 
[2026-06-17T10:07:36.806+0800][0.114s][info][gc,ref      ] GC(2) O: Phantom References:             1            1            0 
[2026-06-17T10:07:36.806+0800][0.114s][info][gc,reloc    ] GC(2) O:                        Candidates     Selected     In-Place         Size        Empty    Relocated 
[2026-06-17T10:07:36.806+0800][0.114s][info][gc,reloc    ] GC(2) O: Small Pages:                    1            0            0           2M           0M           0M 
[2026-06-17T10:07:36.806+0800][0.114s][info][gc,reloc    ] GC(2) O: Large Pages:                    3            0            0           6M           0M           0M 
[2026-06-17T10:07:36.806+0800][0.114s][info][gc,reloc    ] GC(2) O: Forwarding Usage: 0M
[2026-06-17T10:07:36.807+0800][0.114s][info][gc,heap     ] GC(2) O: Min Capacity: 64M(100%)
[2026-06-17T10:07:36.807+0800][0.114s][info][gc,heap     ] GC(2) O: Max Capacity: 64M(100%)
[2026-06-17T10:07:36.807+0800][0.114s][info][gc,heap     ] GC(2) O: Soft Max Capacity: 64M(100%)
[2026-06-17T10:07:36.807+0800][0.114s][info][gc,heap     ] GC(2) O: Heap Statistics:
[2026-06-17T10:07:36.807+0800][0.114s][info][gc,heap     ] GC(2) O:                Mark Start          Mark End        Relocate Start      Relocate End           High               Low         
[2026-06-17T10:07:36.807+0800][0.114s][info][gc,heap     ] GC(2) O:  Capacity:       64M (100%)         64M (100%)         64M (100%)         64M (100%)         64M (100%)         64M (100%)   
[2026-06-17T10:07:36.807+0800][0.115s][info][gc,heap     ] GC(2) O:      Free:       44M (69%)          38M (59%)          38M (59%)          38M (59%)          44M (69%)          32M (50%)    
[2026-06-17T10:07:36.807+0800][0.115s][info][gc,heap     ] GC(2) O:      Used:       20M (31%)          26M (41%)          26M (41%)          26M (41%)          32M (50%)          20M (31%)    
[2026-06-17T10:07:36.807+0800][0.115s][info][gc,heap     ] GC(2) O: Old Generation Statistics:
[2026-06-17T10:07:36.807+0800][0.115s][info][gc,heap     ] GC(2) O:                Mark Start          Mark End        Relocate Start      Relocate End    
[2026-06-17T10:07:36.808+0800][0.115s][info][gc,heap     ] GC(2) O:      Used:        8M (12%)          12M (19%)          12M (19%)          12M (19%)    
[2026-06-17T10:07:36.808+0800][0.115s][info][gc,heap     ] GC(2) O:      Live:         -                 7M (12%)           7M (12%)           7M (12%)    
[2026-06-17T10:07:36.808+0800][0.115s][info][gc,heap     ] GC(2) O:   Garbage:         -                 0M (1%)            0M (1%)            0M (1%)     
[2026-06-17T10:07:36.808+0800][0.115s][info][gc,heap     ] GC(2) O: Allocated:         -                 4M (6%)            4M (6%)            4M (6%)     
[2026-06-17T10:07:36.808+0800][0.115s][info][gc,heap     ] GC(2) O: Reclaimed:         -                  -                 0M (0%)            0M (0%)     
[2026-06-17T10:07:36.808+0800][0.115s][info][gc,heap     ] GC(2) O: Compacted:         -                  -                  -                 0M (0%)     
[2026-06-17T10:07:36.808+0800][0.115s][info][gc,phases   ] GC(2) O: Old Generation 26M(41%)->26M(41%) 0.003s
[2026-06-17T10:07:36.808+0800][0.116s][info][gc          ] GC(2) Major Collection (Warmup) 20M(31%)->26M(41%) 0.011s
[2026-06-17T10:07:36.873+0800][0.181s][info][gc          ] GC(3) Minor Collection (Allocation Rate)
[2026-06-17T10:07:36.875+0800][0.182s][info][gc,task     ] GC(3) Using 1 Workers for Young Generation
[2026-06-17T10:07:36.875+0800][0.183s][info][gc,phases   ] GC(3) y: Young Generation
[2026-06-17T10:07:36.876+0800][0.183s][info][gc,phases   ] GC(3) y: Pause Mark Start 0.015ms
[2026-06-17T10:07:36.878+0800][0.185s][info][gc,phases   ] GC(3) y: Concurrent Mark 1.077ms
[2026-06-17T10:07:36.878+0800][0.186s][info][gc,phases   ] GC(3) y: Pause Mark End 0.009ms
[2026-06-17T10:07:36.878+0800][0.186s][info][gc,phases   ] GC(3) y: Concurrent Mark Free 0.002ms
[2026-06-17T10:07:36.879+0800][0.186s][info][gc,phases   ] GC(3) y: Concurrent Reset Relocation Set 0.003ms
[2026-06-17T10:07:36.879+0800][0.186s][info][gc,reloc    ] GC(3) y: Using tenuring threshold: 2 (Computed)
[2026-06-17T10:07:36.879+0800][0.187s][info][gc,phases   ] GC(3) y: Concurrent Select Relocation Set 0.467ms
[2026-06-17T10:07:36.880+0800][0.188s][info][gc,phases   ] GC(3) y: Pause Relocate Start 0.007ms
[2026-06-17T10:07:36.882+0800][0.189s][info][gc,phases   ] GC(3) y: Concurrent Relocate 0.580ms
[2026-06-17T10:07:36.882+0800][0.190s][info][gc,alloc    ] GC(3) y:                         Mark Start        Mark End      Relocate Start    Relocate End   
[2026-06-17T10:07:36.883+0800][0.190s][info][gc,alloc    ] GC(3) y: Allocation Stalls:          0                0                0                0         
[2026-06-17T10:07:36.883+0800][0.190s][info][gc,load     ] GC(3) y: Load: 0.45 (2%) / 0.45 (2%) / 0.50 (2%)
[2026-06-17T10:07:36.883+0800][0.190s][info][gc,mmu      ] GC(3) y: MMU: 2ms/99.0%, 5ms/99.4%, 10ms/99.7%, 20ms/99.7%, 50ms/99.8%, 100ms/99.9%
[2026-06-17T10:07:36.883+0800][0.190s][info][gc,marking  ] GC(3) y: Mark: 1 stripe(s), 1 proactive flush(es), 1 terminate flush(es), 0 completion(s), 0 continuation(s) 
[2026-06-17T10:07:36.883+0800][0.191s][info][gc,nmethod  ] GC(3) y: NMethods: 68 registered, 3 unregistered
[2026-06-17T10:07:36.883+0800][0.191s][info][gc,metaspace] GC(3) y: Metaspace: 0M used, 0M committed, 1088M reserved
[2026-06-17T10:07:36.884+0800][0.191s][info][gc,reloc    ] GC(3) y:                        Candidates     Selected     In-Place         Size        Empty    Relocated 
[2026-06-17T10:07:36.884+0800][0.191s][info][gc,reloc    ] GC(3) y: Small Pages:                   15            6            0          30M          14M           1M 
[2026-06-17T10:07:36.884+0800][0.191s][info][gc,reloc    ] GC(3) y: Large Pages:                    9            0            0          18M           0M           0M 
[2026-06-17T10:07:36.884+0800][0.191s][info][gc,reloc    ] GC(3) y: Forwarding Usage: 0M
[2026-06-17T10:07:36.884+0800][0.192s][info][gc,reloc    ] GC(3) y: Age Table:
[2026-06-17T10:07:36.884+0800][0.192s][info][gc,reloc    ] GC(3) y:                    Live             Garbage             Small              Medium             Large        
[2026-06-17T10:07:36.884+0800][0.192s][info][gc,reloc    ] GC(3) y: Eden              20M (32%)          25M (40%)         14 / 5              0 / 0              9 / 0        
[2026-06-17T10:07:36.885+0800][0.192s][info][gc,reloc    ] GC(3) y: Survivor 1         0M (0%)            1M (3%)           1 / 1              0 / 0              0 / 0        
[2026-06-17T10:07:36.885+0800][0.192s][info][gc,heap     ] GC(3) y: Min Capacity: 64M(100%)
[2026-06-17T10:07:36.885+0800][0.193s][info][gc,heap     ] GC(3) y: Max Capacity: 64M(100%)
[2026-06-17T10:07:36.886+0800][0.193s][info][gc,heap     ] GC(3) y: Soft Max Capacity: 64M(100%)
[2026-06-17T10:07:36.886+0800][0.194s][info][gc,heap     ] GC(3) y: Heap Statistics:
[2026-06-17T10:07:36.887+0800][0.194s][info][gc,heap     ] GC(3) y:                Mark Start          Mark End        Relocate Start      Relocate End           High               Low         
[2026-06-17T10:07:36.887+0800][0.194s][info][gc,heap     ] GC(3) y:  Capacity:       64M (100%)         64M (100%)         64M (100%)         64M (100%)         64M (100%)         64M (100%)   
[2026-06-17T10:07:36.887+0800][0.194s][info][gc,heap     ] GC(3) y:      Free:        4M (6%)            4M (6%)           18M (28%)          28M (44%)          28M (44%)           4M (6%)     
[2026-06-17T10:07:36.887+0800][0.194s][info][gc,heap     ] GC(3) y:      Used:       60M (94%)          60M (94%)          46M (72%)          36M (56%)          60M (94%)          36M (56%)    
[2026-06-17T10:07:36.887+0800][0.195s][info][gc,heap     ] GC(3) y: Young Generation Statistics:
[2026-06-17T10:07:36.887+0800][0.195s][info][gc,heap     ] GC(3) y:                Mark Start          Mark End        Relocate Start      Relocate End    
[2026-06-17T10:07:36.887+0800][0.195s][info][gc,heap     ] GC(3) y:      Used:       48M (75%)          48M (75%)          34M (53%)          24M (38%)    
[2026-06-17T10:07:36.887+0800][0.195s][info][gc,heap     ] GC(3) y:      Live:         -                20M (32%)          20M (32%)          20M (32%)    
[2026-06-17T10:07:36.887+0800][0.195s][info][gc,heap     ] GC(3) y:   Garbage:         -                27M (43%)          13M (21%)           0M (0%)     
[2026-06-17T10:07:36.887+0800][0.195s][info][gc,heap     ] GC(3) y: Allocated:         -                 0M (0%)            0M (0%)            3M (5%)     
[2026-06-17T10:07:36.888+0800][0.195s][info][gc,heap     ] GC(3) y: Reclaimed:         -                  -                14M (22%)          27M (43%)    
[2026-06-17T10:07:36.888+0800][0.195s][info][gc,heap     ] GC(3) y:  Promoted:         -                  -                 0M (0%)            0M (0%)     
[2026-06-17T10:07:36.888+0800][0.195s][info][gc,heap     ] GC(3) y: Compacted:         -                  -                  -                 2M (4%)     
[2026-06-17T10:07:36.888+0800][0.195s][info][gc,phases   ] GC(3) y: Young Generation 60M(94%)->36M(56%) 0.007s
[2026-06-17T10:07:36.888+0800][0.195s][info][gc          ] GC(3) Minor Collection (Allocation Rate) 54M(84%)->40M(62%) 0.014s
[2026-06-17T10:07:36.896+0800][0.203s][info][gc          ] GC(4) Minor Collection (Allocation Rate)
[2026-06-17T10:07:36.896+0800][0.203s][info][gc,task     ] GC(4) Using 1 Workers for Young Generation
[2026-06-17T10:07:36.896+0800][0.204s][info][gc,phases   ] GC(4) y: Young Generation
[2026-06-17T10:07:36.896+0800][0.204s][info][gc,phases   ] GC(4) y: Pause Mark Start 0.009ms
[2026-06-17T10:07:36.897+0800][0.204s][info][gc,phases   ] GC(4) y: Concurrent Mark 0.402ms
[2026-06-17T10:07:36.897+0800][0.205s][info][gc,phases   ] GC(4) y: Pause Mark End 0.006ms
[2026-06-17T10:07:36.898+0800][0.205s][info][gc,phases   ] GC(4) y: Concurrent Mark Free 0.001ms
[2026-06-17T10:07:36.898+0800][0.205s][info][gc,phases   ] GC(4) y: Concurrent Reset Relocation Set 0.001ms
[2026-06-17T10:07:36.898+0800][0.205s][info][gc,reloc    ] GC(4) y: Using tenuring threshold: 3 (Computed)
[2026-06-17T10:07:36.898+0800][0.206s][info][gc,phases   ] GC(4) y: Concurrent Select Relocation Set 0.419ms
[2026-06-17T10:07:36.899+0800][0.206s][info][gc,phases   ] GC(4) y: Pause Relocate Start 0.005ms
[2026-06-17T10:07:36.899+0800][0.206s][info][gc,phases   ] GC(4) y: Concurrent Relocate 0.168ms
[2026-06-17T10:07:36.899+0800][0.207s][info][gc,alloc    ] GC(4) y:                         Mark Start        Mark End      Relocate Start    Relocate End   
[2026-06-17T10:07:36.899+0800][0.207s][info][gc,alloc    ] GC(4) y: Allocation Stalls:          0                0                0                0         
[2026-06-17T10:07:36.899+0800][0.207s][info][gc,load     ] GC(4) y: Load: 0.45 (2%) / 0.45 (2%) / 0.50 (2%)
[2026-06-17T10:07:36.900+0800][0.207s][info][gc,mmu      ] GC(4) y: MMU: 2ms/99.0%, 5ms/99.4%, 10ms/99.7%, 20ms/99.7%, 50ms/99.8%, 100ms/99.9%
[2026-06-17T10:07:36.900+0800][0.207s][info][gc,marking  ] GC(4) y: Mark: 1 stripe(s), 1 proactive flush(es), 1 terminate flush(es), 0 completion(s), 0 continuation(s) 
[2026-06-17T10:07:36.900+0800][0.207s][info][gc,nmethod  ] GC(4) y: NMethods: 68 registered, 3 unregistered
[2026-06-17T10:07:36.900+0800][0.207s][info][gc,metaspace] GC(4) y: Metaspace: 0M used, 0M committed, 1088M reserved
[2026-06-17T10:07:36.900+0800][0.207s][info][gc,reloc    ] GC(4) y:                        Candidates     Selected     In-Place         Size        Empty    Relocated 
[2026-06-17T10:07:36.900+0800][0.207s][info][gc,reloc    ] GC(4) y: Small Pages:                    7            1            0          14M           8M           0M 
[2026-06-17T10:07:36.900+0800][0.207s][info][gc,reloc    ] GC(4) y: Large Pages:                    9            0            0          18M           0M           0M 
[2026-06-17T10:07:36.900+0800][0.208s][info][gc,reloc    ] GC(4) y: Forwarding Usage: 0M
[2026-06-17T10:07:36.900+0800][0.208s][info][gc,reloc    ] GC(4) y: Age Table:
[2026-06-17T10:07:36.900+0800][0.208s][info][gc,reloc    ] GC(4) y:                    Live             Garbage             Small              Medium             Large        
[2026-06-17T10:07:36.900+0800][0.208s][info][gc,reloc    ] GC(4) y: Eden                -                 8M (12%)          4 / 0              0 / 0              0 / 0        
[2026-06-17T10:07:36.900+0800][0.208s][info][gc,reloc    ] GC(4) y: Survivor 1        20M (32%)           1M (2%)           2 / 1              0 / 0              9 / 0        
[2026-06-17T10:07:36.900+0800][0.208s][info][gc,reloc    ] GC(4) y: Survivor 2         0M (0%)            1M (3%)           1 / 0              0 / 0              0 / 0        
[2026-06-17T10:07:36.901+0800][0.208s][info][gc,heap     ] GC(4) y: Min Capacity: 64M(100%)
[2026-06-17T10:07:36.901+0800][0.208s][info][gc,heap     ] GC(4) y: Max Capacity: 64M(100%)
[2026-06-17T10:07:36.901+0800][0.208s][info][gc,heap     ] GC(4) y: Soft Max Capacity: 64M(100%)
[2026-06-17T10:07:36.901+0800][0.208s][info][gc,heap     ] GC(4) y: Heap Statistics:
[2026-06-17T10:07:36.901+0800][0.208s][info][gc,heap     ] GC(4) y:                Mark Start          Mark End        Relocate Start      Relocate End           High               Low         
[2026-06-17T10:07:36.901+0800][0.208s][info][gc,heap     ] GC(4) y:  Capacity:       64M (100%)         64M (100%)         64M (100%)         64M (100%)         64M (100%)         64M (100%)   
[2026-06-17T10:07:36.901+0800][0.208s][info][gc,heap     ] GC(4) y:      Free:       20M (31%)          20M (31%)          28M (44%)          28M (44%)          28M (44%)          20M (31%)    
[2026-06-17T10:07:36.901+0800][0.208s][info][gc,heap     ] GC(4) y:      Used:       44M (69%)          44M (69%)          36M (56%)          36M (56%)          44M (69%)          36M (56%)    
[2026-06-17T10:07:36.901+0800][0.209s][info][gc,heap     ] GC(4) y: Young Generation Statistics:
[2026-06-17T10:07:36.901+0800][0.209s][info][gc,heap     ] GC(4) y:                Mark Start          Mark End        Relocate Start      Relocate End    
[2026-06-17T10:07:36.901+0800][0.209s][info][gc,heap     ] GC(4) y:      Used:       32M (50%)          32M (50%)          24M (38%)          24M (38%)    
[2026-06-17T10:07:36.901+0800][0.209s][info][gc,heap     ] GC(4) y:      Live:         -                20M (32%)          20M (32%)          20M (32%)    
[2026-06-17T10:07:36.901+0800][0.209s][info][gc,heap     ] GC(4) y:   Garbage:         -                11M (18%)           3M (5%)            0M (0%)     
[2026-06-17T10:07:36.902+0800][0.209s][info][gc,heap     ] GC(4) y: Allocated:         -                 0M (0%)            0M (0%)            3M (5%)     
[2026-06-17T10:07:36.902+0800][0.209s][info][gc,heap     ] GC(4) y: Reclaimed:         -                  -                 8M (12%)          11M (18%)    
[2026-06-17T10:07:36.902+0800][0.209s][info][gc,heap     ] GC(4) y:  Promoted:         -                  -                 0M (0%)            0M (0%)     
[2026-06-17T10:07:36.902+0800][0.209s][info][gc,heap     ] GC(4) y: Compacted:         -                  -                  -                 0M (1%)     
[2026-06-17T10:07:36.902+0800][0.209s][info][gc,phases   ] GC(4) y: Young Generation 44M(69%)->36M(56%) 0.003s
[2026-06-17T10:07:36.902+0800][0.209s][info][gc          ] GC(4) Minor Collection (Allocation Rate) 42M(66%)->36M(56%) 0.006s
[2026-06-17T10:07:36.907+0800][0.214s][info][gc          ] GC(5) Major Collection (Allocation Rate)
[2026-06-17T10:07:36.907+0800][0.214s][info][gc,task     ] GC(5) Using 1 Workers for Young Generation
[2026-06-17T10:07:36.907+0800][0.214s][info][gc,task     ] GC(5) Using 1 Workers for Old Generation
[2026-06-17T10:07:36.907+0800][0.215s][info][gc,phases   ] GC(5) Y: Young Generation
[2026-06-17T10:07:36.907+0800][0.215s][info][gc,phases   ] GC(5) Y: Pause Mark Start (Major) 0.007ms
[2026-06-17T10:07:36.908+0800][0.215s][info][gc,phases   ] GC(5) Y: Concurrent Mark 0.321ms
[2026-06-17T10:07:36.908+0800][0.215s][info][gc,phases   ] GC(5) Y: Pause Mark End 0.005ms
[2026-06-17T10:07:36.908+0800][0.215s][info][gc,phases   ] GC(5) Y: Concurrent Mark Free 0.001ms
[2026-06-17T10:07:36.908+0800][0.215s][info][gc,phases   ] GC(5) Y: Concurrent Reset Relocation Set 0.000ms
[2026-06-17T10:07:36.908+0800][0.216s][info][gc,reloc    ] GC(5) Y: Using tenuring threshold: 4 (Computed)
[2026-06-17T10:07:36.908+0800][0.216s][info][gc,phases   ] GC(5) Y: Concurrent Select Relocation Set 0.174ms
[2026-06-17T10:07:36.908+0800][0.216s][info][gc,phases   ] GC(5) Y: Pause Relocate Start 0.003ms
[2026-06-17T10:07:36.909+0800][0.216s][info][gc,phases   ] GC(5) Y: Concurrent Relocate 0.199ms
[2026-06-17T10:07:36.909+0800][0.216s][info][gc,alloc    ] GC(5) Y:                         Mark Start        Mark End      Relocate Start    Relocate End   
[2026-06-17T10:07:36.909+0800][0.216s][info][gc,alloc    ] GC(5) Y: Allocation Stalls:          0                0                0                0         
[2026-06-17T10:07:36.909+0800][0.216s][info][gc,load     ] GC(5) Y: Load: 0.45 (2%) / 0.45 (2%) / 0.50 (2%)
[2026-06-17T10:07:36.909+0800][0.216s][info][gc,mmu      ] GC(5) Y: MMU: 2ms/99.0%, 5ms/99.4%, 10ms/99.7%, 20ms/99.7%, 50ms/99.8%, 100ms/99.9%
[2026-06-17T10:07:36.909+0800][0.216s][info][gc,marking  ] GC(5) Y: Mark: 1 stripe(s), 1 proactive flush(es), 1 terminate flush(es), 0 completion(s), 0 continuation(s) 
[2026-06-17T10:07:36.909+0800][0.217s][info][gc,nmethod  ] GC(5) Y: NMethods: 68 registered, 3 unregistered
[2026-06-17T10:07:36.909+0800][0.217s][info][gc,metaspace] GC(5) Y: Metaspace: 0M used, 0M committed, 1088M reserved
[2026-06-17T10:07:36.909+0800][0.217s][info][gc,reloc    ] GC(5) Y:                        Candidates     Selected     In-Place         Size        Empty    Relocated 
[2026-06-17T10:07:36.909+0800][0.217s][info][gc,reloc    ] GC(5) Y: Small Pages:                    6            4            0          12M           0M           1M 
[2026-06-17T10:07:36.909+0800][0.217s][info][gc,reloc    ] GC(5) Y: Large Pages:                   13            0            0          26M           0M           0M 
[2026-06-17T10:07:36.909+0800][0.217s][info][gc,reloc    ] GC(5) Y: Forwarding Usage: 0M
[2026-06-17T10:07:36.910+0800][0.217s][info][gc,reloc    ] GC(5) Y: Age Table:
[2026-06-17T10:07:36.910+0800][0.217s][info][gc,reloc    ] GC(5) Y:                    Live             Garbage             Small              Medium             Large        
[2026-06-17T10:07:36.910+0800][0.217s][info][gc,reloc    ] GC(5) Y: Eden               8M (14%)           5M (8%)           3 / 2              0 / 0              4 / 0        
[2026-06-17T10:07:36.910+0800][0.217s][info][gc,reloc    ] GC(5) Y: Survivor 1          -                 0M (0%)           0 / 0              0 / 0              0 / 0        
[2026-06-17T10:07:36.910+0800][0.217s][info][gc,reloc    ] GC(5) Y: Survivor 2        20M (32%)           1M (2%)           2 / 1              0 / 0              9 / 0        
[2026-06-17T10:07:36.910+0800][0.217s][info][gc,reloc    ] GC(5) Y: Survivor 3         0M (0%)            1M (3%)           1 / 1              0 / 0              0 / 0        
[2026-06-17T10:07:36.910+0800][0.217s][info][gc,heap     ] GC(5) Y: Min Capacity: 64M(100%)
[2026-06-17T10:07:36.910+0800][0.218s][info][gc,heap     ] GC(5) Y: Max Capacity: 64M(100%)
[2026-06-17T10:07:36.911+0800][0.218s][info][gc,heap     ] GC(5) Y: Soft Max Capacity: 64M(100%)
[2026-06-17T10:07:36.911+0800][0.218s][info][gc,heap     ] GC(5) Y: Heap Statistics:
[2026-06-17T10:07:36.911+0800][0.218s][info][gc,heap     ] GC(5) Y:                Mark Start          Mark End        Relocate Start      Relocate End           High               Low         
[2026-06-17T10:07:36.911+0800][0.218s][info][gc,heap     ] GC(5) Y:  Capacity:       64M (100%)         64M (100%)         64M (100%)         64M (100%)         64M (100%)         64M (100%)   
[2026-06-17T10:07:36.911+0800][0.218s][info][gc,heap     ] GC(5) Y:      Free:       14M (22%)          14M (22%)          14M (22%)          18M (28%)          18M (28%)          12M (19%)    
[2026-06-17T10:07:36.911+0800][0.218s][info][gc,heap     ] GC(5) Y:      Used:       50M (78%)          50M (78%)          50M (78%)          46M (72%)          52M (81%)          46M (72%)    
[2026-06-17T10:07:36.911+0800][0.219s][info][gc,heap     ] GC(5) Y: Young Generation Statistics:
[2026-06-17T10:07:36.911+0800][0.219s][info][gc,heap     ] GC(5) Y:                Mark Start          Mark End        Relocate Start      Relocate End    
[2026-06-17T10:07:36.911+0800][0.219s][info][gc,heap     ] GC(5) Y:      Used:       38M (59%)          38M (59%)          38M (59%)          34M (53%)    
[2026-06-17T10:07:36.911+0800][0.219s][info][gc,heap     ] GC(5) Y:      Live:         -                29M (46%)          29M (46%)          29M (46%)    
[2026-06-17T10:07:36.911+0800][0.219s][info][gc,heap     ] GC(5) Y:   Garbage:         -                 8M (14%)           8M (14%)           0M (0%)     
[2026-06-17T10:07:36.911+0800][0.219s][info][gc,heap     ] GC(5) Y: Allocated:         -                 0M (0%)            0M (0%)            4M (7%)     
[2026-06-17T10:07:36.912+0800][0.219s][info][gc,heap     ] GC(5) Y: Reclaimed:         -                  -                 0M (0%)            8M (13%)    
[2026-06-17T10:07:36.912+0800][0.219s][info][gc,heap     ] GC(5) Y:  Promoted:         -                  -                 0M (0%)            0M (0%)     
[2026-06-17T10:07:36.912+0800][0.219s][info][gc,heap     ] GC(5) Y: Compacted:         -                  -                  -                 1M (2%)     
[2026-06-17T10:07:36.912+0800][0.219s][info][gc,phases   ] GC(5) Y: Young Generation 50M(78%)->46M(72%) 0.002s
[2026-06-17T10:07:36.912+0800][0.219s][info][gc,phases   ] GC(5) O: Old Generation
[2026-06-17T10:07:36.913+0800][0.220s][info][gc,phases   ] GC(5) O: Concurrent Mark 0.769ms
[2026-06-17T10:07:36.913+0800][0.220s][info][gc,phases   ] GC(5) O: Pause Mark End 0.005ms
[2026-06-17T10:07:36.913+0800][0.220s][info][gc,phases   ] GC(5) O: Concurrent Mark Free 0.001ms
[2026-06-17T10:07:36.913+0800][0.221s][info][gc,phases   ] GC(5) O: Concurrent Process Non-Strong 0.215ms
[2026-06-17T10:07:36.913+0800][0.221s][info][gc,phases   ] GC(5) O: Concurrent Reset Relocation Set 0.000ms
[2026-06-17T10:07:36.913+0800][0.221s][info][gc,phases   ] GC(5) O: Concurrent Select Relocation Set 0.078ms
[2026-06-17T10:07:36.913+0800][0.221s][info][gc,task     ] GC(5) O: Using 1 Workers for Old Generation
[2026-06-17T10:07:36.914+0800][0.221s][info][gc,task     ] GC(5) O: Using 1 Workers for Old Generation
[2026-06-17T10:07:36.914+0800][0.221s][info][gc,phases   ] GC(5) O: Concurrent Remap Roots 0.191ms
[2026-06-17T10:07:36.914+0800][0.221s][info][gc,phases   ] GC(5) O: Pause Relocate Start 0.003ms
[2026-06-17T10:07:36.914+0800][0.222s][info][gc,phases   ] GC(5) O: Concurrent Relocate 0.439ms
[2026-06-17T10:07:36.914+0800][0.222s][info][gc,alloc    ] GC(5) O:                         Mark Start        Mark End      Relocate Start    Relocate End   
[2026-06-17T10:07:36.914+0800][0.222s][info][gc,alloc    ] GC(5) O: Allocation Stalls:          0                0                0                0         
[2026-06-17T10:07:36.915+0800][0.222s][info][gc,load     ] GC(5) O: Load: 0.45 (2%) / 0.45 (2%) / 0.50 (2%)
[2026-06-17T10:07:36.915+0800][0.222s][info][gc,mmu      ] GC(5) O: MMU: 2ms/99.0%, 5ms/99.4%, 10ms/99.7%, 20ms/99.7%, 50ms/99.8%, 100ms/99.9%
[2026-06-17T10:07:36.915+0800][0.222s][info][gc,marking  ] GC(5) O: Mark: 1 stripe(s), 1 proactive flush(es), 1 terminate flush(es), 0 completion(s), 0 continuation(s) 
[2026-06-17T10:07:36.915+0800][0.222s][info][gc,nmethod  ] GC(5) O: NMethods: 68 registered, 3 unregistered
[2026-06-17T10:07:36.915+0800][0.222s][info][gc,metaspace] GC(5) O: Metaspace: 0M used, 0M committed, 1088M reserved
[2026-06-17T10:07:36.915+0800][0.222s][info][gc,ref      ] GC(5) O:                       Encountered   Discovered     Enqueued 
[2026-06-17T10:07:36.915+0800][0.222s][info][gc,ref      ] GC(5) O: Soft References:                2            0            0 
[2026-06-17T10:07:36.915+0800][0.222s][info][gc,ref      ] GC(5) O: Weak References:                6            0            0 
[2026-06-17T10:07:36.915+0800][0.223s][info][gc,ref      ] GC(5) O: Final References:               0            0            0 
[2026-06-17T10:07:36.915+0800][0.223s][info][gc,ref      ] GC(5) O: Phantom References:             1            1            0 
[2026-06-17T10:07:36.915+0800][0.223s][info][gc,reloc    ] GC(5) O:                        Candidates     Selected     In-Place         Size        Empty    Relocated 
[2026-06-17T10:07:36.915+0800][0.223s][info][gc,reloc    ] GC(5) O: Small Pages:                    2            1            0           4M           0M           1M 
[2026-06-17T10:07:36.915+0800][0.223s][info][gc,reloc    ] GC(5) O: Large Pages:                    4            0            0           8M           0M           0M 
[2026-06-17T10:07:36.915+0800][0.223s][info][gc,reloc    ] GC(5) O: Forwarding Usage: 0M
[2026-06-17T10:07:36.915+0800][0.223s][info][gc,heap     ] GC(5) O: Min Capacity: 64M(100%)
[2026-06-17T10:07:36.916+0800][0.223s][info][gc,heap     ] GC(5) O: Max Capacity: 64M(100%)
[2026-06-17T10:07:36.916+0800][0.223s][info][gc,heap     ] GC(5) O: Soft Max Capacity: 64M(100%)
[2026-06-17T10:07:36.916+0800][0.223s][info][gc,heap     ] GC(5) O: Heap Statistics:
[2026-06-17T10:07:36.916+0800][0.223s][info][gc,heap     ] GC(5) O:                Mark Start          Mark End        Relocate Start      Relocate End           High               Low         
[2026-06-17T10:07:36.916+0800][0.223s][info][gc,heap     ] GC(5) O:  Capacity:       64M (100%)         64M (100%)         64M (100%)         64M (100%)         64M (100%)         64M (100%)   
[2026-06-17T10:07:36.916+0800][0.223s][info][gc,heap     ] GC(5) O:      Free:       14M (22%)          18M (28%)          18M (28%)          20M (31%)          20M (31%)          12M (19%)    
[2026-06-17T10:07:36.916+0800][0.224s][info][gc,heap     ] GC(5) O:      Used:       50M (78%)          46M (72%)          46M (72%)          44M (69%)          52M (81%)          44M (69%)    
[2026-06-17T10:07:36.916+0800][0.224s][info][gc,heap     ] GC(5) O: Old Generation Statistics:
[2026-06-17T10:07:36.917+0800][0.224s][info][gc,heap     ] GC(5) O:                Mark Start          Mark End        Relocate Start      Relocate End    
[2026-06-17T10:07:36.917+0800][0.224s][info][gc,heap     ] GC(5) O:      Used:       12M (19%)          12M (19%)          12M (19%)          10M (16%)    
[2026-06-17T10:07:36.917+0800][0.224s][info][gc,heap     ] GC(5) O:      Live:         -                 9M (15%)           9M (15%)           9M (15%)    
[2026-06-17T10:07:36.917+0800][0.224s][info][gc,heap     ] GC(5) O:   Garbage:         -                 2M (4%)            2M (4%)            0M (0%)     
[2026-06-17T10:07:36.917+0800][0.224s][info][gc,heap     ] GC(5) O: Allocated:         -                 0M (0%)            0M (0%)            0M (1%)     
[2026-06-17T10:07:36.917+0800][0.225s][info][gc,heap     ] GC(5) O: Reclaimed:         -                  -                 0M (0%)            2M (4%)     
[2026-06-17T10:07:36.917+0800][0.225s][info][gc,heap     ] GC(5) O: Compacted:         -                  -                  -                 1M (2%)     
[2026-06-17T10:07:36.917+0800][0.225s][info][gc,phases   ] GC(5) O: Old Generation 46M(72%)->44M(69%) 0.003s
[2026-06-17T10:07:36.917+0800][0.225s][info][gc          ] GC(5) Major Collection (Allocation Rate) 50M(78%)->48M(75%) 0.011s
[2026-06-17T10:07:36.928+0800][0.235s][info][gc          ] GC(6) Minor Collection (Allocation Rate)
[2026-06-17T10:07:36.928+0800][0.235s][info][gc,task     ] GC(6) Using 1 Workers for Young Generation
[2026-06-17T10:07:36.928+0800][0.235s][info][gc,phases   ] GC(6) y: Young Generation
[2026-06-17T10:07:36.928+0800][0.235s][info][gc,phases   ] GC(6) y: Pause Mark Start 0.006ms
[2026-06-17T10:07:36.928+0800][0.236s][info][gc,phases   ] GC(6) y: Concurrent Mark 0.319ms
[2026-06-17T10:07:36.929+0800][0.236s][info][gc,phases   ] GC(6) y: Pause Mark End 0.004ms
[2026-06-17T10:07:36.929+0800][0.236s][info][gc,phases   ] GC(6) y: Concurrent Mark Free 0.001ms
[2026-06-17T10:07:36.929+0800][0.236s][info][gc,phases   ] GC(6) y: Concurrent Reset Relocation Set 0.000ms
[2026-06-17T10:07:36.929+0800][0.236s][info][gc,reloc    ] GC(6) y: Using tenuring threshold: 5 (Computed)
[2026-06-17T10:07:36.929+0800][0.237s][info][gc,phases   ] GC(6) y: Concurrent Select Relocation Set 0.178ms
[2026-06-17T10:07:36.929+0800][0.237s][info][gc,phases   ] GC(6) y: Pause Relocate Start 0.004ms
[2026-06-17T10:07:36.930+0800][0.237s][info][gc,phases   ] GC(6) y: Concurrent Relocate 0.182ms
[2026-06-17T10:07:36.930+0800][0.237s][info][gc,alloc    ] GC(6) y:                         Mark Start        Mark End      Relocate Start    Relocate End   
[2026-06-17T10:07:36.930+0800][0.237s][info][gc,alloc    ] GC(6) y: Allocation Stalls:          0                0                0                0         
[2026-06-17T10:07:36.930+0800][0.237s][info][gc,load     ] GC(6) y: Load: 0.45 (2%) / 0.45 (2%) / 0.50 (2%)
[2026-06-17T10:07:36.930+0800][0.237s][info][gc,mmu      ] GC(6) y: MMU: 2ms/99.0%, 5ms/99.4%, 10ms/99.7%, 20ms/99.7%, 50ms/99.8%, 100ms/99.9%
[2026-06-17T10:07:36.930+0800][0.237s][info][gc,marking  ] GC(6) y: Mark: 1 stripe(s), 1 proactive flush(es), 1 terminate flush(es), 0 completion(s), 0 continuation(s) 
[2026-06-17T10:07:36.930+0800][0.237s][info][gc,nmethod  ] GC(6) y: NMethods: 69 registered, 3 unregistered
[2026-06-17T10:07:36.930+0800][0.237s][info][gc,metaspace] GC(6) y: Metaspace: 0M used, 0M committed, 1088M reserved
[2026-06-17T10:07:36.930+0800][0.238s][info][gc,reloc    ] GC(6) y:                        Candidates     Selected     In-Place         Size        Empty    Relocated 
[2026-06-17T10:07:36.930+0800][0.238s][info][gc,reloc    ] GC(6) y: Small Pages:                    8            2            0          16M           8M           1M 
[2026-06-17T10:07:36.930+0800][0.238s][info][gc,reloc    ] GC(6) y: Large Pages:                   13            0            0          26M           0M           0M 
[2026-06-17T10:07:36.930+0800][0.238s][info][gc,reloc    ] GC(6) y: Forwarding Usage: 0M
[2026-06-17T10:07:36.930+0800][0.238s][info][gc,reloc    ] GC(6) y: Age Table:
[2026-06-17T10:07:36.930+0800][0.238s][info][gc,reloc    ] GC(6) y:                    Live             Garbage             Small              Medium             Large        
[2026-06-17T10:07:36.931+0800][0.238s][info][gc,reloc    ] GC(6) y: Eden                -                 8M (12%)          4 / 0              0 / 0              0 / 0        
[2026-06-17T10:07:36.931+0800][0.238s][info][gc,reloc    ] GC(6) y: Survivor 1         8M (14%)           1M (2%)           1 / 1              0 / 0              4 / 0        
[2026-06-17T10:07:36.931+0800][0.238s][info][gc,reloc    ] GC(6) y: Survivor 2          -                 0M (0%)           0 / 0              0 / 0              0 / 0        
[2026-06-17T10:07:36.931+0800][0.238s][info][gc,reloc    ] GC(6) y: Survivor 3        20M (32%)           1M (2%)           2 / 1              0 / 0              9 / 0        
[2026-06-17T10:07:36.931+0800][0.238s][info][gc,reloc    ] GC(6) y: Survivor 4         0M (0%)            1M (3%)           1 / 0              0 / 0              0 / 0        
[2026-06-17T10:07:36.931+0800][0.238s][info][gc,heap     ] GC(6) y: Min Capacity: 64M(100%)
[2026-06-17T10:07:36.931+0800][0.238s][info][gc,heap     ] GC(6) y: Max Capacity: 64M(100%)
[2026-06-17T10:07:36.931+0800][0.238s][info][gc,heap     ] GC(6) y: Soft Max Capacity: 64M(100%)
[2026-06-17T10:07:36.931+0800][0.239s][info][gc,heap     ] GC(6) y: Heap Statistics:
[2026-06-17T10:07:36.931+0800][0.239s][info][gc,heap     ] GC(6) y:                Mark Start          Mark End        Relocate Start      Relocate End           High               Low         
[2026-06-17T10:07:36.931+0800][0.239s][info][gc,heap     ] GC(6) y:  Capacity:       64M (100%)         64M (100%)         64M (100%)         64M (100%)         64M (100%)         64M (100%)   
[2026-06-17T10:07:36.931+0800][0.239s][info][gc,heap     ] GC(6) y:      Free:       12M (19%)          12M (19%)          20M (31%)          20M (31%)          20M (31%)          12M (19%)    
[2026-06-17T10:07:36.931+0800][0.239s][info][gc,heap     ] GC(6) y:      Used:       52M (81%)          52M (81%)          44M (69%)          44M (69%)          52M (81%)          44M (69%)    
[2026-06-17T10:07:36.931+0800][0.239s][info][gc,heap     ] GC(6) y: Young Generation Statistics:
[2026-06-17T10:07:36.932+0800][0.239s][info][gc,heap     ] GC(6) y:                Mark Start          Mark End        Relocate Start      Relocate End    
[2026-06-17T10:07:36.932+0800][0.239s][info][gc,heap     ] GC(6) y:      Used:       42M (66%)          42M (66%)          34M (53%)          34M (53%)    
[2026-06-17T10:07:36.932+0800][0.239s][info][gc,heap     ] GC(6) y:      Live:         -                29M (46%)          29M (46%)          29M (46%)    
[2026-06-17T10:07:36.932+0800][0.239s][info][gc,heap     ] GC(6) y:   Garbage:         -                12M (20%)           4M (7%)            0M (0%)     
[2026-06-17T10:07:36.932+0800][0.239s][info][gc,heap     ] GC(6) y: Allocated:         -                 0M (0%)            0M (0%)            4M (7%)     
[2026-06-17T10:07:36.932+0800][0.239s][info][gc,heap     ] GC(6) y: Reclaimed:         -                  -                 8M (12%)          12M (20%)    
[2026-06-17T10:07:36.932+0800][0.239s][info][gc,heap     ] GC(6) y:  Promoted:         -                  -                 0M (0%)            0M (0%)     
[2026-06-17T10:07:36.932+0800][0.239s][info][gc,heap     ] GC(6) y: Compacted:         -                  -                  -                 1M (2%)     
[2026-06-17T10:07:36.932+0800][0.239s][info][gc,phases   ] GC(6) y: Young Generation 52M(81%)->44M(69%) 0.002s
[2026-06-17T10:07:36.932+0800][0.239s][info][gc          ] GC(6) Minor Collection (Allocation Rate) 52M(81%)->44M(69%) 0.004s
[2026-06-17T10:07:36.938+0800][0.246s][info][gc          ] GC(7) Minor Collection (Allocation Rate)
[2026-06-17T10:07:36.938+0800][0.246s][info][gc,task     ] GC(7) Using 1 Workers for Young Generation
[2026-06-17T10:07:36.938+0800][0.246s][info][gc,phases   ] GC(7) y: Young Generation
[2026-06-17T10:07:36.938+0800][0.246s][info][gc,phases   ] GC(7) y: Pause Mark Start 0.005ms
[2026-06-17T10:07:36.939+0800][0.246s][info][gc,phases   ] GC(7) y: Concurrent Mark 0.297ms
[2026-06-17T10:07:36.939+0800][0.246s][info][gc,phases   ] GC(7) y: Pause Mark End 0.004ms
[2026-06-17T10:07:36.939+0800][0.247s][info][gc,phases   ] GC(7) y: Concurrent Mark Free 0.000ms
[2026-06-17T10:07:36.939+0800][0.247s][info][gc,phases   ] GC(7) y: Concurrent Reset Relocation Set 0.001ms
[2026-06-17T10:07:36.939+0800][0.247s][info][gc,reloc    ] GC(7) y: Using tenuring threshold: 6 (Computed)
[2026-06-17T10:07:36.939+0800][0.247s][info][gc,phases   ] GC(7) y: Concurrent Select Relocation Set 0.174ms
[2026-06-17T10:07:36.940+0800][0.247s][info][gc,phases   ] GC(7) y: Pause Relocate Start 0.003ms
[2026-06-17T10:07:36.940+0800][0.247s][info][gc,phases   ] GC(7) y: Concurrent Relocate 0.181ms
[2026-06-17T10:07:36.940+0800][0.247s][info][gc,alloc    ] GC(7) y:                         Mark Start        Mark End      Relocate Start    Relocate End   
[2026-06-17T10:07:36.940+0800][0.247s][info][gc,alloc    ] GC(7) y: Allocation Stalls:          0                0                0                0         
[2026-06-17T10:07:36.940+0800][0.247s][info][gc,load     ] GC(7) y: Load: 0.45 (2%) / 0.45 (2%) / 0.50 (2%)
[2026-06-17T10:07:36.940+0800][0.247s][info][gc,mmu      ] GC(7) y: MMU: 2ms/99.0%, 5ms/99.4%, 10ms/99.7%, 20ms/99.7%, 50ms/99.8%, 100ms/99.9%
[2026-06-17T10:07:36.940+0800][0.248s][info][gc,marking  ] GC(7) y: Mark: 1 stripe(s), 1 proactive flush(es), 1 terminate flush(es), 0 completion(s), 0 continuation(s) 
[2026-06-17T10:07:36.940+0800][0.248s][info][gc,nmethod  ] GC(7) y: NMethods: 69 registered, 3 unregistered
[2026-06-17T10:07:36.941+0800][0.248s][info][gc,metaspace] GC(7) y: Metaspace: 0M used, 0M committed, 1088M reserved
[2026-06-17T10:07:36.941+0800][0.248s][info][gc,reloc    ] GC(7) y:                        Candidates     Selected     In-Place         Size        Empty    Relocated 
[2026-06-17T10:07:36.941+0800][0.248s][info][gc,reloc    ] GC(7) y: Small Pages:                    7            3            0          14M           2M           1M 
[2026-06-17T10:07:36.941+0800][0.248s][info][gc,reloc    ] GC(7) y: Large Pages:                   16            0            0          32M           0M           0M 
[2026-06-17T10:07:36.941+0800][0.248s][info][gc,reloc    ] GC(7) y: Forwarding Usage: 0M
[2026-06-17T10:07:36.941+0800][0.248s][info][gc,reloc    ] GC(7) y: Age Table:
[2026-06-17T10:07:36.941+0800][0.249s][info][gc,reloc    ] GC(7) y:                    Live             Garbage             Small              Medium             Large        
[2026-06-17T10:07:36.941+0800][0.249s][info][gc,reloc    ] GC(7) y: Eden               6M (11%)           5M (8%)           3 / 2              0 / 0              3 / 0        
[2026-06-17T10:07:36.941+0800][0.249s][info][gc,reloc    ] GC(7) y: Survivor 1          -                 0M (0%)           0 / 0              0 / 0              0 / 0        
[2026-06-17T10:07:36.941+0800][0.249s][info][gc,reloc    ] GC(7) y: Survivor 2         8M (14%)           1M (2%)           1 / 1              0 / 0              4 / 0        
[2026-06-17T10:07:36.941+0800][0.249s][info][gc,reloc    ] GC(7) y: Survivor 3          -                 0M (0%)           0 / 0              0 / 0              0 / 0        
[2026-06-17T10:07:36.941+0800][0.249s][info][gc,reloc    ] GC(7) y: Survivor 4        20M (32%)           1M (2%)           2 / 0              0 / 0              9 / 0        
[2026-06-17T10:07:36.941+0800][0.249s][info][gc,reloc    ] GC(7) y: Survivor 5         0M (0%)            1M (3%)           1 / 0              0 / 0              0 / 0        
[2026-06-17T10:07:36.942+0800][0.249s][info][gc,heap     ] GC(7) y: Min Capacity: 64M(100%)
[2026-06-17T10:07:36.942+0800][0.249s][info][gc,heap     ] GC(7) y: Max Capacity: 64M(100%)
[2026-06-17T10:07:36.942+0800][0.249s][info][gc,heap     ] GC(7) y: Soft Max Capacity: 64M(100%)
[2026-06-17T10:07:36.942+0800][0.249s][info][gc,heap     ] GC(7) y: Heap Statistics:
[2026-06-17T10:07:36.942+0800][0.249s][info][gc,heap     ] GC(7) y:                Mark Start          Mark End        Relocate Start      Relocate End           High               Low         
[2026-06-17T10:07:36.942+0800][0.249s][info][gc,heap     ] GC(7) y:  Capacity:       64M (100%)         64M (100%)         64M (100%)         64M (100%)         64M (100%)         64M (100%)   
[2026-06-17T10:07:36.942+0800][0.249s][info][gc,heap     ] GC(7) y:      Free:        8M (12%)           8M (12%)          10M (16%)          12M (19%)          12M (19%)           8M (12%)    
[2026-06-17T10:07:36.942+0800][0.250s][info][gc,heap     ] GC(7) y:      Used:       56M (88%)          56M (88%)          54M (84%)          52M (81%)          56M (88%)          52M (81%)    
[2026-06-17T10:07:36.942+0800][0.250s][info][gc,heap     ] GC(7) y: Young Generation Statistics:
[2026-06-17T10:07:36.942+0800][0.250s][info][gc,heap     ] GC(7) y:                Mark Start          Mark End        Relocate Start      Relocate End    
[2026-06-17T10:07:36.942+0800][0.250s][info][gc,heap     ] GC(7) y:      Used:       46M (72%)          46M (72%)          44M (69%)          42M (66%)    
[2026-06-17T10:07:36.943+0800][0.250s][info][gc,heap     ] GC(7) y:      Live:         -                36M (57%)          36M (57%)          36M (57%)    
[2026-06-17T10:07:36.943+0800][0.250s][info][gc,heap     ] GC(7) y:   Garbage:         -                 9M (15%)           7M (12%)           1M (2%)     
[2026-06-17T10:07:36.943+0800][0.250s][info][gc,heap     ] GC(7) y: Allocated:         -                 0M (0%)            0M (0%)            4M (7%)     
[2026-06-17T10:07:36.943+0800][0.250s][info][gc,heap     ] GC(7) y: Reclaimed:         -                  -                 2M (3%)            8M (13%)    
[2026-06-17T10:07:36.943+0800][0.250s][info][gc,heap     ] GC(7) y:  Promoted:         -                  -                 0M (0%)            0M (0%)     
[2026-06-17T10:07:36.943+0800][0.250s][info][gc,heap     ] GC(7) y: Compacted:         -                  -                  -                 1M (2%)     
[2026-06-17T10:07:36.943+0800][0.250s][info][gc,phases   ] GC(7) y: Young Generation 56M(88%)->52M(81%) 0.002s
[2026-06-17T10:07:36.943+0800][0.250s][info][gc          ] GC(7) Minor Collection (Allocation Rate) 56M(88%)->52M(81%) 0.005s
[2026-06-17T10:07:36.959+0800][0.266s][info][gc          ] GC(8) Minor Collection (Allocation Rate)
[2026-06-17T10:07:36.959+0800][0.267s][info][gc,task     ] GC(8) Using 1 Workers for Young Generation
[2026-06-17T10:07:36.960+0800][0.267s][info][gc,phases   ] GC(8) y: Young Generation
[2026-06-17T10:07:36.960+0800][0.267s][info][gc,phases   ] GC(8) y: Pause Mark Start 0.010ms
[2026-06-17T10:07:36.961+0800][0.268s][info][gc,phases   ] GC(8) y: Concurrent Mark 0.438ms
[2026-06-17T10:07:36.961+0800][0.268s][info][gc,phases   ] GC(8) y: Pause Mark End 0.006ms
[2026-06-17T10:07:36.961+0800][0.269s][info][gc,phases   ] GC(8) y: Concurrent Mark Free 0.001ms
[2026-06-17T10:07:36.961+0800][0.269s][info][gc,phases   ] GC(8) y: Concurrent Reset Relocation Set 0.001ms
[2026-06-17T10:07:36.961+0800][0.269s][info][gc,reloc    ] GC(8) y: Using tenuring threshold: 1 (Computed)
[2026-06-17T10:07:36.962+0800][0.270s][info][gc,phases   ] GC(8) y: Concurrent Select Relocation Set 0.749ms
[2026-06-17T10:07:36.962+0800][0.270s][info][gc,phases   ] GC(8) y: Pause Relocate Start 0.006ms
[2026-06-17T10:07:36.963+0800][0.270s][info][gc,phases   ] GC(8) y: Concurrent Relocate 0.279ms
[2026-06-17T10:07:36.963+0800][0.271s][info][gc,alloc    ] GC(8) y:                         Mark Start        Mark End      Relocate Start    Relocate End   
[2026-06-17T10:07:36.963+0800][0.271s][info][gc,alloc    ] GC(8) y: Allocation Stalls:          0                0                0                0         
[2026-06-17T10:07:36.963+0800][0.271s][info][gc,load     ] GC(8) y: Load: 0.45 (2%) / 0.45 (2%) / 0.50 (2%)
[2026-06-17T10:07:36.964+0800][0.271s][info][gc,mmu      ] GC(8) y: MMU: 2ms/99.0%, 5ms/99.4%, 10ms/99.7%, 20ms/99.7%, 50ms/99.8%, 100ms/99.9%
[2026-06-17T10:07:36.964+0800][0.271s][info][gc,marking  ] GC(8) y: Mark: 1 stripe(s), 1 proactive flush(es), 1 terminate flush(es), 0 completion(s), 0 continuation(s) 
[2026-06-17T10:07:36.964+0800][0.271s][info][gc,nmethod  ] GC(8) y: NMethods: 69 registered, 3 unregistered
[2026-06-17T10:07:36.964+0800][0.271s][info][gc,metaspace] GC(8) y: Metaspace: 0M used, 0M committed, 1088M reserved
[2026-06-17T10:07:36.964+0800][0.272s][info][gc,reloc    ] GC(8) y:                        Candidates     Selected     In-Place         Size        Empty    Relocated 
[2026-06-17T10:07:36.964+0800][0.272s][info][gc,reloc    ] GC(8) y: Small Pages:                    9            2            0          18M           8M           1M 
[2026-06-17T10:07:36.964+0800][0.272s][info][gc,reloc    ] GC(8) y: Large Pages:                   17            0            0          34M           0M           0M 
[2026-06-17T10:07:36.964+0800][0.272s][info][gc,reloc    ] GC(8) y: Forwarding Usage: 0M
[2026-06-17T10:07:36.964+0800][0.272s][info][gc,reloc    ] GC(8) y: Age Table:
[2026-06-17T10:07:36.965+0800][0.272s][info][gc,reloc    ] GC(8) y:                    Live             Garbage             Small              Medium             Large        
[2026-06-17T10:07:36.965+0800][0.272s][info][gc,reloc    ] GC(8) y: Eden               2M (3%)            8M (12%)          4 / 0              0 / 0              1 / 0        
[2026-06-17T10:07:36.965+0800][0.273s][info][gc,reloc    ] GC(8) y: Survivor 1         6M (11%)           1M (2%)           1 / 0              0 / 0              3 / 0        
[2026-06-17T10:07:36.965+0800][0.273s][info][gc,reloc    ] GC(8) y: Survivor 2          -                 0M (0%)           0 / 0              0 / 0              0 / 0        
[2026-06-17T10:07:36.965+0800][0.273s][info][gc,reloc    ] GC(8) y: Survivor 3         8M (14%)           1M (2%)           1 / 1              0 / 0              4 / 0        
[2026-06-17T10:07:36.965+0800][0.273s][info][gc,reloc    ] GC(8) y: Survivor 4          -                 0M (0%)           0 / 0              0 / 0              0 / 0        
[2026-06-17T10:07:36.966+0800][0.273s][info][gc,reloc    ] GC(8) y: Survivor 5        20M (32%)           1M (2%)           2 / 1              0 / 0              9 / 0        
[2026-06-17T10:07:36.966+0800][0.273s][info][gc,reloc    ] GC(8) y: Survivor 6         0M (0%)            1M (3%)           1 / 0              0 / 0              0 / 0        
[2026-06-17T10:07:36.966+0800][0.273s][info][gc,heap     ] GC(8) y: Min Capacity: 64M(100%)
[2026-06-17T10:07:36.966+0800][0.273s][info][gc,heap     ] GC(8) y: Max Capacity: 64M(100%)
[2026-06-17T10:07:36.966+0800][0.273s][info][gc,heap     ] GC(8) y: Soft Max Capacity: 64M(100%)
[2026-06-17T10:07:36.966+0800][0.273s][info][gc,heap     ] GC(8) y: Heap Statistics:
[2026-06-17T10:07:36.966+0800][0.273s][info][gc,heap     ] GC(8) y:                Mark Start          Mark End        Relocate Start      Relocate End           High               Low         
[2026-06-17T10:07:36.966+0800][0.274s][info][gc,heap     ] GC(8) y:  Capacity:       64M (100%)         64M (100%)         64M (100%)         64M (100%)         64M (100%)         64M (100%)   
[2026-06-17T10:07:36.966+0800][0.274s][info][gc,heap     ] GC(8) y:      Free:        2M (3%)            2M (3%)           10M (16%)          14M (22%)          14M (22%)           2M (3%)     
[2026-06-17T10:07:36.966+0800][0.274s][info][gc,heap     ] GC(8) y:      Used:       62M (97%)          62M (97%)          54M (84%)          50M (78%)          62M (97%)          50M (78%)    
[2026-06-17T10:07:36.966+0800][0.274s][info][gc,heap     ] GC(8) y: Young Generation Statistics:
[2026-06-17T10:07:36.967+0800][0.274s][info][gc,heap     ] GC(8) y:                Mark Start          Mark End        Relocate Start      Relocate End    
[2026-06-17T10:07:36.967+0800][0.274s][info][gc,heap     ] GC(8) y:      Used:       52M (81%)          52M (81%)           8M (12%)           2M (3%)     
[2026-06-17T10:07:36.967+0800][0.274s][info][gc,heap     ] GC(8) y:      Live:         -                38M (60%)           3M (5%)            2M (3%)     
[2026-06-17T10:07:36.967+0800][0.274s][info][gc,heap     ] GC(8) y:   Garbage:         -                13M (22%)           4M (7%)            0M (0%)     
[2026-06-17T10:07:36.967+0800][0.274s][info][gc,heap     ] GC(8) y: Allocated:         -                 0M (0%)            0M (0%)            0M (0%)     
[2026-06-17T10:07:36.967+0800][0.274s][info][gc,heap     ] GC(8) y: Reclaimed:         -                  -                 9M (14%)          13M (22%)    
[2026-06-17T10:07:36.967+0800][0.274s][info][gc,heap     ] GC(8) y:  Promoted:         -                  -                34M (54%)          36M (57%)    
[2026-06-17T10:07:36.967+0800][0.274s][info][gc,heap     ] GC(8) y: Compacted:         -                  -                  -                 0M (0%)     
[2026-06-17T10:07:36.967+0800][0.275s][info][gc,phases   ] GC(8) y: Young Generation 62M(97%)->50M(78%) 0.003s
[2026-06-17T10:07:36.967+0800][0.275s][info][gc          ] GC(8) Minor Collection (Allocation Rate) 62M(97%)->50M(78%) 0.008s
[2026-06-17T10:07:36.970+0800][0.277s][info][gc          ] GC(9) Major Collection (Allocation Rate)
[2026-06-17T10:07:36.970+0800][0.277s][info][gc,task     ] GC(9) Using 1 Workers for Young Generation
[2026-06-17T10:07:36.970+0800][0.277s][info][gc,task     ] GC(9) Using 1 Workers for Old Generation
[2026-06-17T10:07:36.970+0800][0.277s][info][gc,phases   ] GC(9) Y: Young Generation
[2026-06-17T10:07:36.970+0800][0.278s][info][gc,phases   ] GC(9) Y: Pause Mark Start (Major) 0.007ms
[2026-06-17T10:07:36.971+0800][0.278s][info][gc,phases   ] GC(9) Y: Concurrent Mark 0.666ms
[2026-06-17T10:07:36.971+0800][0.279s][info][gc,phases   ] GC(9) Y: Pause Mark End 0.005ms
[2026-06-17T10:07:36.971+0800][0.279s][info][gc,phases   ] GC(9) Y: Concurrent Mark Free 0.001ms
[2026-06-17T10:07:36.971+0800][0.279s][info][gc,phases   ] GC(9) Y: Concurrent Reset Relocation Set 0.006ms
[2026-06-17T10:07:36.971+0800][0.279s][info][gc,reloc    ] GC(9) Y: Using tenuring threshold: 2 (Computed)
[2026-06-17T10:07:36.972+0800][0.279s][info][gc,phases   ] GC(9) Y: Concurrent Select Relocation Set 0.202ms
[2026-06-17T10:07:36.972+0800][0.279s][info][gc,phases   ] GC(9) Y: Pause Relocate Start 0.004ms
[2026-06-17T10:07:36.972+0800][0.279s][info][gc          ] Allocation Stall (main) 2.009ms
[2026-06-17T10:07:36.972+0800][0.279s][info][gc,phases   ] GC(9) Y: Concurrent Relocate 0.122ms
[2026-06-17T10:07:36.972+0800][0.280s][info][gc,alloc    ] GC(9) Y:                         Mark Start        Mark End      Relocate Start    Relocate End   
[2026-06-17T10:07:36.972+0800][0.280s][info][gc,alloc    ] GC(9) Y: Allocation Stalls:          1                1                1                0         
[2026-06-17T10:07:36.972+0800][0.280s][info][gc,load     ] GC(9) Y: Load: 0.45 (2%) / 0.45 (2%) / 0.50 (2%)
[2026-06-17T10:07:36.972+0800][0.280s][info][gc,mmu      ] GC(9) Y: MMU: 2ms/99.0%, 5ms/99.4%, 10ms/99.7%, 20ms/99.7%, 50ms/99.8%, 100ms/99.9%
[2026-06-17T10:07:36.972+0800][0.280s][info][gc,marking  ] GC(9) Y: Mark: 1 stripe(s), 1 proactive flush(es), 1 terminate flush(es), 0 completion(s), 0 continuation(s) 
[2026-06-17T10:07:36.973+0800][0.280s][info][gc,nmethod  ] GC(9) Y: NMethods: 69 registered, 3 unregistered
[2026-06-17T10:07:36.973+0800][0.280s][info][gc,metaspace] GC(9) Y: Metaspace: 0M used, 0M committed, 1088M reserved
[2026-06-17T10:07:36.973+0800][0.280s][info][gc,reloc    ] GC(9) Y:                        Candidates     Selected     In-Place         Size        Empty    Relocated 
[2026-06-17T10:07:36.973+0800][0.280s][info][gc,reloc    ] GC(9) Y: Small Pages:                    2            1            1           4M           0M           0M 
[2026-06-17T10:07:36.973+0800][0.280s][info][gc,reloc    ] GC(9) Y: Large Pages:                    6            0            0          12M           0M           0M 
[2026-06-17T10:07:36.973+0800][0.280s][info][gc,reloc    ] GC(9) Y: Forwarding Usage: 0M
[2026-06-17T10:07:36.973+0800][0.280s][info][gc,reloc    ] GC(9) Y: Age Table:
[2026-06-17T10:07:36.973+0800][0.280s][info][gc,reloc    ] GC(9) Y:                    Live             Garbage             Small              Medium             Large        
[2026-06-17T10:07:36.973+0800][0.280s][info][gc,reloc    ] GC(9) Y: Eden              10M (16%)           3M (6%)           2 / 1              0 / 0              5 / 0        
[2026-06-17T10:07:36.973+0800][0.281s][info][gc,reloc    ] GC(9) Y: Survivor 1         2M (3%)            0M (0%)           0 / 0              0 / 0              1 / 0        
[2026-06-17T10:07:36.973+0800][0.281s][info][gc,heap     ] GC(9) Y: Min Capacity: 64M(100%)
[2026-06-17T10:07:36.973+0800][0.281s][info][gc,heap     ] GC(9) Y: Max Capacity: 64M(100%)
[2026-06-17T10:07:36.973+0800][0.281s][info][gc,heap     ] GC(9) Y: Soft Max Capacity: 64M(100%)
[2026-06-17T10:07:36.973+0800][0.281s][info][gc,heap     ] GC(9) Y: Heap Statistics:
[2026-06-17T10:07:36.974+0800][0.281s][info][gc,heap     ] GC(9) Y:                Mark Start          Mark End        Relocate Start      Relocate End           High               Low         
[2026-06-17T10:07:36.974+0800][0.281s][info][gc,heap     ] GC(9) Y:  Capacity:       64M (100%)         64M (100%)         64M (100%)         64M (100%)         64M (100%)         64M (100%)   
[2026-06-17T10:07:36.974+0800][0.281s][info][gc,heap     ] GC(9) Y:      Free:        0M (0%)            0M (0%)            0M (0%)            0M (0%)            2M (3%)            0M (0%)     
[2026-06-17T10:07:36.974+0800][0.281s][info][gc,heap     ] GC(9) Y:      Used:       64M (100%)         64M (100%)         64M (100%)         64M (100%)         64M (100%)         62M (97%)    
[2026-06-17T10:07:36.974+0800][0.281s][info][gc,heap     ] GC(9) Y: Young Generation Statistics:
[2026-06-17T10:07:36.974+0800][0.282s][info][gc,heap     ] GC(9) Y:                Mark Start          Mark End        Relocate Start      Relocate End    
[2026-06-17T10:07:36.974+0800][0.282s][info][gc,heap     ] GC(9) Y:      Used:       16M (25%)          16M (25%)          16M (25%)          14M (22%)    
[2026-06-17T10:07:36.974+0800][0.282s][info][gc,heap     ] GC(9) Y:      Live:         -                12M (19%)          12M (19%)          12M (19%)    
[2026-06-17T10:07:36.974+0800][0.282s][info][gc,heap     ] GC(9) Y:   Garbage:         -                 3M (6%)            3M (6%)            0M (0%)     
[2026-06-17T10:07:36.974+0800][0.282s][info][gc,heap     ] GC(9) Y: Allocated:         -                 0M (0%)            0M (0%)            1M (3%)     
[2026-06-17T10:07:36.974+0800][0.282s][info][gc,heap     ] GC(9) Y: Reclaimed:         -                  -                 0M (0%)            3M (6%)     
[2026-06-17T10:07:36.975+0800][0.282s][info][gc,heap     ] GC(9) Y:  Promoted:         -                  -                 0M (0%)            0M (0%)     
[2026-06-17T10:07:36.975+0800][0.282s][info][gc,heap     ] GC(9) Y: Compacted:         -                  -                  -                 0M (0%)     
[2026-06-17T10:07:36.975+0800][0.282s][info][gc,phases   ] GC(9) Y: Young Generation 64M(100%)->64M(100%) 0.002s
[2026-06-17T10:07:36.975+0800][0.282s][info][gc,phases   ] GC(9) O: Old Generation
[2026-06-17T10:07:36.975+0800][0.282s][info][gc          ] GC(10) Minor Collection (Allocation Stall)
[2026-06-17T10:07:36.975+0800][0.282s][info][gc,task     ] GC(10) Using 1 Workers for Young Generation
[2026-06-17T10:07:36.975+0800][0.282s][info][gc,phases   ] GC(10) y: Young Generation
[2026-06-17T10:07:36.975+0800][0.283s][info][gc,phases   ] GC(10) y: Pause Mark Start 0.005ms
[2026-06-17T10:07:36.976+0800][0.283s][info][gc,phases   ] GC(10) y: Concurrent Mark 0.320ms
[2026-06-17T10:07:36.976+0800][0.283s][info][gc,phases   ] GC(10) y: Pause Mark End 0.004ms
[2026-06-17T10:07:36.976+0800][0.283s][info][gc,phases   ] GC(10) y: Concurrent Mark Free 0.000ms
[2026-06-17T10:07:36.976+0800][0.283s][info][gc,phases   ] GC(10) y: Concurrent Reset Relocation Set 0.000ms
[2026-06-17T10:07:36.976+0800][0.283s][info][gc,reloc    ] GC(10) y: Using tenuring threshold: 1 (Computed)
[2026-06-17T10:07:36.976+0800][0.284s][info][gc,phases   ] GC(9) O: Concurrent Mark 1.381ms
[2026-06-17T10:07:36.976+0800][0.284s][info][gc,phases   ] GC(10) y: Concurrent Select Relocation Set 0.280ms
[2026-06-17T10:07:36.976+0800][0.284s][info][gc,phases   ] GC(9) O: Pause Mark End 0.005ms
[2026-06-17T10:07:36.977+0800][0.284s][info][gc,phases   ] GC(9) O: Concurrent Mark Free 0.001ms
[2026-06-17T10:07:36.977+0800][0.284s][info][gc,phases   ] GC(10) y: Pause Relocate Start 0.003ms
[2026-06-17T10:07:36.977+0800][0.284s][info][gc,phases   ] GC(10) y: Concurrent Relocate 0.091ms
[2026-06-17T10:07:36.977+0800][0.285s][info][gc,phases   ] GC(9) O: Concurrent Process Non-Strong 0.539ms
[2026-06-17T10:07:36.977+0800][0.285s][info][gc,phases   ] GC(9) O: Concurrent Reset Relocation Set 0.001ms
[2026-06-17T10:07:36.977+0800][0.285s][info][gc,alloc    ] GC(10) y:                         Mark Start        Mark End      Relocate Start    Relocate End   
[2026-06-17T10:07:36.978+0800][0.285s][info][gc,alloc    ] GC(10) y: Allocation Stalls:          1                1                1                1         
[2026-06-17T10:07:36.977+0800][0.285s][info][gc,phases   ] GC(9) O: Concurrent Select Relocation Set 0.034ms
[2026-06-17T10:07:36.978+0800][0.285s][info][gc,load     ] GC(10) y: Load: 0.45 (2%) / 0.45 (2%) / 0.50 (2%)
[2026-06-17T10:07:36.978+0800][0.285s][info][gc,mmu      ] GC(10) y: MMU: 2ms/99.0%, 5ms/99.4%, 10ms/99.7%, 20ms/99.7%, 50ms/99.8%, 100ms/99.9%
[2026-06-17T10:07:36.978+0800][0.285s][info][gc,marking  ] GC(10) y: Mark: 1 stripe(s), 1 proactive flush(es), 1 terminate flush(es), 0 completion(s), 0 continuation(s) 
[2026-06-17T10:07:36.978+0800][0.285s][info][gc,nmethod  ] GC(10) y: NMethods: 68 registered, 4 unregistered
[2026-06-17T10:07:36.978+0800][0.285s][info][gc,metaspace] GC(10) y: Metaspace: 0M used, 0M committed, 1088M reserved
[2026-06-17T10:07:36.978+0800][0.285s][info][gc,reloc    ] GC(10) y:                        Candidates     Selected     In-Place         Size        Empty    Relocated 
[2026-06-17T10:07:36.978+0800][0.286s][info][gc,reloc    ] GC(10) y: Small Pages:                    1            0            0           2M           0M           0M 
[2026-06-17T10:07:36.978+0800][0.286s][info][gc,reloc    ] GC(10) y: Large Pages:                    7            0            0          14M           0M           0M 
[2026-06-17T10:07:36.978+0800][0.286s][info][gc,reloc    ] GC(10) y: Forwarding Usage: 0M
[2026-06-17T10:07:36.978+0800][0.286s][info][gc,reloc    ] GC(10) y: Age Table:
[2026-06-17T10:07:36.978+0800][0.286s][info][gc,reloc    ] GC(10) y:                    Live             Garbage             Small              Medium             Large        
[2026-06-17T10:07:36.978+0800][0.286s][info][gc,reloc    ] GC(10) y: Eden               2M (3%)            0M (0%)           0 / 0              0 / 0              1 / 0        
[2026-06-17T10:07:36.979+0800][0.286s][info][gc,reloc    ] GC(10) y: Survivor 1        10M (16%)           1M (3%)           1 / 0              0 / 0              5 / 0        
[2026-06-17T10:07:36.979+0800][0.286s][info][gc,reloc    ] GC(10) y: Survivor 2         2M (3%)            0M (0%)           0 / 0              0 / 0              1 / 0        
[2026-06-17T10:07:36.979+0800][0.286s][info][gc,heap     ] GC(10) y: Min Capacity: 64M(100%)
[2026-06-17T10:07:36.979+0800][0.286s][info][gc,heap     ] GC(10) y: Max Capacity: 64M(100%)
[2026-06-17T10:07:36.979+0800][0.286s][info][gc,heap     ] GC(10) y: Soft Max Capacity: 64M(100%)
[2026-06-17T10:07:36.979+0800][0.286s][info][gc,heap     ] GC(10) y: Heap Statistics:
[2026-06-17T10:07:36.979+0800][0.286s][info][gc,heap     ] GC(10) y:                Mark Start          Mark End        Relocate Start      Relocate End           High               Low         
[2026-06-17T10:07:36.979+0800][0.286s][info][gc,heap     ] GC(10) y:  Capacity:       64M (100%)         64M (100%)         64M (100%)         64M (100%)         64M (100%)         64M (100%)   
[2026-06-17T10:07:36.979+0800][0.286s][info][gc,heap     ] GC(10) y:      Free:        0M (0%)            0M (0%)            0M (0%)            0M (0%)            0M (0%)            0M (0%)     
[2026-06-17T10:07:36.979+0800][0.287s][info][gc,heap     ] GC(10) y:      Used:       64M (100%)         64M (100%)         64M (100%)         64M (100%)         64M (100%)         64M (100%)   
[2026-06-17T10:07:36.979+0800][0.287s][info][gc,heap     ] GC(10) y: Young Generation Statistics:
[2026-06-17T10:07:36.979+0800][0.287s][info][gc,heap     ] GC(10) y:                Mark Start          Mark End        Relocate Start      Relocate End    
[2026-06-17T10:07:36.979+0800][0.287s][info][gc,heap     ] GC(10) y:      Used:       16M (25%)          16M (25%)           2M (3%)            2M (3%)     
[2026-06-17T10:07:36.979+0800][0.287s][info][gc,heap     ] GC(10) y:      Live:         -                14M (22%)           2M (3%)            2M (3%)     
[2026-06-17T10:07:36.979+0800][0.287s][info][gc,heap     ] GC(10) y:   Garbage:         -                 1M (3%)            0M (0%)            0M (0%)     
[2026-06-17T10:07:36.980+0800][0.287s][info][gc,heap     ] GC(10) y: Allocated:         -                 0M (0%)            0M (0%)            0M (0%)     
[2026-06-17T10:07:36.980+0800][0.287s][info][gc,heap     ] GC(10) y: Reclaimed:         -                  -                 1M (3%)            1M (3%)     
[2026-06-17T10:07:36.980+0800][0.287s][info][gc,heap     ] GC(10) y:  Promoted:         -                  -                12M (19%)          12M (19%)    
[2026-06-17T10:07:36.980+0800][0.287s][info][gc,heap     ] GC(10) y: Compacted:         -                  -                  -                 0M (0%)     
[2026-06-17T10:07:36.980+0800][0.287s][info][gc,phases   ] GC(10) y: Young Generation 64M(100%)->64M(100%) 0.002s
[2026-06-17T10:07:36.980+0800][0.287s][info][gc          ] GC(10) Minor Collection (Allocation Stall) 64M(100%)->64M(100%) 0.005s
[2026-06-17T10:07:36.980+0800][0.287s][info][gc,task     ] GC(9) O: Using 1 Workers for Old Generation
[2026-06-17T10:07:36.980+0800][0.288s][info][gc,task     ] GC(9) O: Using 1 Workers for Old Generation
[2026-06-17T10:07:36.980+0800][0.288s][info][gc,phases   ] GC(9) O: Concurrent Remap Roots 0.257ms
[2026-06-17T10:07:36.980+0800][0.288s][info][gc,phases   ] GC(9) O: Pause Relocate Start 0.004ms
[2026-06-17T10:07:36.980+0800][0.288s][info][gc,phases   ] GC(9) O: Concurrent Relocate 0.056ms
[2026-06-17T10:07:36.981+0800][0.288s][info][gc,alloc    ] GC(9) O:                         Mark Start        Mark End      Relocate Start    Relocate End   
[2026-06-17T10:07:36.981+0800][0.288s][info][gc,alloc    ] GC(9) O: Allocation Stalls:          1                1                1                1         
[2026-06-17T10:07:36.981+0800][0.288s][info][gc,load     ] GC(9) O: Load: 0.45 (2%) / 0.45 (2%) / 0.50 (2%)
[2026-06-17T10:07:36.981+0800][0.288s][info][gc,mmu      ] GC(9) O: MMU: 2ms/99.0%, 5ms/99.4%, 10ms/99.7%, 20ms/99.7%, 50ms/99.8%, 100ms/99.9%
[2026-06-17T10:07:36.981+0800][0.288s][info][gc,marking  ] GC(9) O: Mark: 1 stripe(s), 2 proactive flush(es), 1 terminate flush(es), 0 completion(s), 0 continuation(s) 
[2026-06-17T10:07:36.981+0800][0.288s][info][gc,nmethod  ] GC(9) O: NMethods: 68 registered, 4 unregistered
[2026-06-17T10:07:36.981+0800][0.288s][info][gc,metaspace] GC(9) O: Metaspace: 0M used, 0M committed, 1088M reserved
[2026-06-17T10:07:36.981+0800][0.288s][info][gc,ref      ] GC(9) O:                       Encountered   Discovered     Enqueued 
[2026-06-17T10:07:36.981+0800][0.288s][info][gc,ref      ] GC(9) O: Soft References:                2            0            0 
[2026-06-17T10:07:36.981+0800][0.289s][info][gc,ref      ] GC(9) O: Weak References:                6            0            0 
[2026-06-17T10:07:36.981+0800][0.289s][info][gc,ref      ] GC(9) O: Final References:               0            0            0 
[2026-06-17T10:07:36.981+0800][0.289s][info][gc,ref      ] GC(9) O: Phantom References:             1            1            0 
[2026-06-17T10:07:36.981+0800][0.289s][info][gc,reloc    ] GC(9) O:                        Candidates     Selected     In-Place         Size        Empty    Relocated 
[2026-06-17T10:07:36.981+0800][0.289s][info][gc,reloc    ] GC(9) O: Small Pages:                    4            0            0           8M           0M           0M 
[2026-06-17T10:07:36.981+0800][0.289s][info][gc,reloc    ] GC(9) O: Large Pages:                   20            0            0          40M           0M           0M 
[2026-06-17T10:07:36.982+0800][0.289s][info][gc,reloc    ] GC(9) O: Forwarding Usage: 0M
[2026-06-17T10:07:36.982+0800][0.289s][info][gc,heap     ] GC(9) O: Min Capacity: 64M(100%)
[2026-06-17T10:07:36.982+0800][0.289s][info][gc,heap     ] GC(9) O: Max Capacity: 64M(100%)
[2026-06-17T10:07:36.982+0800][0.289s][info][gc,heap     ] GC(9) O: Soft Max Capacity: 64M(100%)
[2026-06-17T10:07:36.982+0800][0.289s][info][gc,heap     ] GC(9) O: Heap Statistics:
[2026-06-17T10:07:36.982+0800][0.289s][info][gc,heap     ] GC(9) O:                Mark Start          Mark End        Relocate Start      Relocate End           High               Low         
[2026-06-17T10:07:36.982+0800][0.289s][info][gc,heap     ] GC(9) O:  Capacity:       64M (100%)         64M (100%)         64M (100%)         64M (100%)         64M (100%)         64M (100%)   
[2026-06-17T10:07:36.982+0800][0.289s][info][gc,heap     ] GC(9) O:      Free:        0M (0%)            0M (0%)            0M (0%)            0M (0%)            2M (3%)            0M (0%)     
[2026-06-17T10:07:36.982+0800][0.289s][info][gc,heap     ] GC(9) O:      Used:       64M (100%)         64M (100%)         64M (100%)         64M (100%)         64M (100%)         62M (97%)    
[2026-06-17T10:07:36.982+0800][0.289s][info][gc,heap     ] GC(9) O: Old Generation Statistics:
[2026-06-17T10:07:36.982+0800][0.290s][info][gc,heap     ] GC(9) O:                Mark Start          Mark End        Relocate Start      Relocate End    
[2026-06-17T10:07:36.982+0800][0.290s][info][gc,heap     ] GC(9) O:      Used:       48M (75%)          62M (97%)          62M (97%)          62M (97%)    
[2026-06-17T10:07:36.982+0800][0.290s][info][gc,heap     ] GC(9) O:      Live:         -                45M (71%)          45M (71%)          45M (71%)    
[2026-06-17T10:07:36.982+0800][0.290s][info][gc,heap     ] GC(9) O:   Garbage:         -                 2M (4%)            2M (4%)            2M (4%)     
[2026-06-17T10:07:36.982+0800][0.290s][info][gc,heap     ] GC(9) O: Allocated:         -                14M (22%)          14M (22%)          14M (22%)    
[2026-06-17T10:07:36.983+0800][0.290s][info][gc,heap     ] GC(9) O: Reclaimed:         -                  -                 0M (0%)            0M (0%)     
[2026-06-17T10:07:36.983+0800][0.290s][info][gc,heap     ] GC(9) O: Compacted:         -                  -                  -                 0M (0%)     
[2026-06-17T10:07:36.983+0800][0.290s][info][gc,phases   ] GC(9) O: Old Generation 64M(100%)->64M(100%) 0.006s
[2026-06-17T10:07:36.983+0800][0.290s][info][gc          ] GC(9) Major Collection (Allocation Rate) 52M(81%)->64M(100%) 0.013s
[2026-06-17T10:07:36.983+0800][0.290s][info][gc          ] GC(11) Major Collection (Allocation Stall)
[2026-06-17T10:07:36.983+0800][0.290s][info][gc,task     ] GC(11) Using 1 Workers for Young Generation
[2026-06-17T10:07:36.983+0800][0.291s][info][gc,task     ] GC(11) Using 1 Workers for Old Generation
[2026-06-17T10:07:36.983+0800][0.291s][info][gc,phases   ] GC(11) Y: Young Generation (Promote All)
[2026-06-17T10:07:36.983+0800][0.291s][info][gc,phases   ] GC(11) Y: Pause Mark Start 0.005ms
[2026-06-17T10:07:36.984+0800][0.291s][info][gc,phases   ] GC(11) Y: Concurrent Mark 0.341ms
[2026-06-17T10:07:36.984+0800][0.291s][info][gc,phases   ] GC(11) Y: Pause Mark End 0.004ms
[2026-06-17T10:07:36.984+0800][0.291s][info][gc,phases   ] GC(11) Y: Concurrent Mark Free 0.000ms
[2026-06-17T10:07:36.984+0800][0.291s][info][gc,phases   ] GC(11) Y: Concurrent Reset Relocation Set 0.002ms
[2026-06-17T10:07:36.984+0800][0.292s][info][gc,reloc    ] GC(11) Y: Using tenuring threshold: 0 (Promote All)
[2026-06-17T10:07:36.984+0800][0.292s][info][gc,phases   ] GC(11) Y: Concurrent Select Relocation Set 0.173ms
[2026-06-17T10:07:36.984+0800][0.292s][info][gc,phases   ] GC(11) Y: Pause Relocate Start 0.003ms
[2026-06-17T10:07:36.985+0800][0.292s][info][gc,phases   ] GC(11) Y: Concurrent Relocate 0.078ms
[2026-06-17T10:07:36.985+0800][0.292s][info][gc,alloc    ] GC(11) Y:                         Mark Start        Mark End      Relocate Start    Relocate End   
[2026-06-17T10:07:36.985+0800][0.292s][info][gc,alloc    ] GC(11) Y: Allocation Stalls:          1                1                1                1         
[2026-06-17T10:07:36.985+0800][0.292s][info][gc,load     ] GC(11) Y: Load: 0.45 (2%) / 0.45 (2%) / 0.50 (2%)
[2026-06-17T10:07:36.985+0800][0.292s][info][gc,mmu      ] GC(11) Y: MMU: 2ms/99.0%, 5ms/99.4%, 10ms/99.7%, 20ms/99.7%, 50ms/99.8%, 100ms/99.9%
[2026-06-17T10:07:36.985+0800][0.292s][info][gc,marking  ] GC(11) Y: Mark: 1 stripe(s), 1 proactive flush(es), 1 terminate flush(es), 0 completion(s), 0 continuation(s) 
[2026-06-17T10:07:36.985+0800][0.292s][info][gc,nmethod  ] GC(11) Y: NMethods: 68 registered, 4 unregistered
[2026-06-17T10:07:36.985+0800][0.293s][info][gc,metaspace] GC(11) Y: Metaspace: 0M used, 0M committed, 1088M reserved
[2026-06-17T10:07:36.985+0800][0.293s][info][gc,reloc    ] GC(11) Y:                        Candidates     Selected     In-Place         Size        Empty    Relocated 
[2026-06-17T10:07:36.985+0800][0.293s][info][gc,reloc    ] GC(11) Y: Small Pages:                    0            0            0           0M           0M           0M 
[2026-06-17T10:07:36.985+0800][0.293s][info][gc,reloc    ] GC(11) Y: Large Pages:                    1            0            0           2M           0M           0M 
[2026-06-17T10:07:36.985+0800][0.293s][info][gc,reloc    ] GC(11) Y: Forwarding Usage: 0M
[2026-06-17T10:07:36.985+0800][0.293s][info][gc,reloc    ] GC(11) Y: Age Table:
[2026-06-17T10:07:36.986+0800][0.293s][info][gc,reloc    ] GC(11) Y:                    Live             Garbage             Small              Medium             Large        
[2026-06-17T10:07:36.986+0800][0.293s][info][gc,reloc    ] GC(11) Y: Eden                -                 0M (0%)           0 / 0              0 / 0              0 / 0        
[2026-06-17T10:07:36.986+0800][0.293s][info][gc,reloc    ] GC(11) Y: Survivor 1         2M (3%)            0M (0%)           0 / 0              0 / 0              1 / 0        
[2026-06-17T10:07:36.986+0800][0.293s][info][gc,heap     ] GC(11) Y: Min Capacity: 64M(100%)
[2026-06-17T10:07:36.986+0800][0.293s][info][gc,heap     ] GC(11) Y: Max Capacity: 64M(100%)
[2026-06-17T10:07:36.986+0800][0.293s][info][gc,heap     ] GC(11) Y: Soft Max Capacity: 64M(100%)
[2026-06-17T10:07:36.986+0800][0.293s][info][gc,heap     ] GC(11) Y: Heap Statistics:
[2026-06-17T10:07:36.986+0800][0.293s][info][gc,heap     ] GC(11) Y:                Mark Start          Mark End        Relocate Start      Relocate End           High               Low         
[2026-06-17T10:07:36.986+0800][0.293s][info][gc,heap     ] GC(11) Y:  Capacity:       64M (100%)         64M (100%)         64M (100%)         64M (100%)         64M (100%)         64M (100%)   
[2026-06-17T10:07:36.986+0800][0.294s][info][gc,heap     ] GC(11) Y:      Free:        0M (0%)            0M (0%)            0M (0%)            0M (0%)            0M (0%)            0M (0%)     
[2026-06-17T10:07:36.986+0800][0.294s][info][gc,heap     ] GC(11) Y:      Used:       64M (100%)         64M (100%)         64M (100%)         64M (100%)         64M (100%)         64M (100%)   
[2026-06-17T10:07:36.986+0800][0.294s][info][gc,heap     ] GC(11) Y: Young Generation Statistics:
[2026-06-17T10:07:36.986+0800][0.294s][info][gc,heap     ] GC(11) Y:                Mark Start          Mark End        Relocate Start      Relocate End    
[2026-06-17T10:07:36.986+0800][0.294s][info][gc,heap     ] GC(11) Y:      Used:        2M (3%)            2M (3%)            0M (0%)            0M (0%)     
[2026-06-17T10:07:36.986+0800][0.294s][info][gc,heap     ] GC(11) Y:      Live:         -                 2M (3%)            0M (0%)            0M (0%)     
[2026-06-17T10:07:36.987+0800][0.294s][info][gc,heap     ] GC(11) Y:   Garbage:         -                 0M (0%)            0M (0%)            0M (0%)     
[2026-06-17T10:07:36.987+0800][0.294s][info][gc,heap     ] GC(11) Y: Allocated:         -                 0M (0%)            0M (0%)            0M (0%)     
[2026-06-17T10:07:36.987+0800][0.294s][info][gc,heap     ] GC(11) Y: Reclaimed:         -                  -                 0M (0%)            0M (0%)     
[2026-06-17T10:07:36.987+0800][0.294s][info][gc,heap     ] GC(11) Y:  Promoted:         -                  -                 2M (3%)            2M (3%)     
[2026-06-17T10:07:36.987+0800][0.294s][info][gc,heap     ] GC(11) Y: Compacted:         -                  -                  -                 0M (0%)     
[2026-06-17T10:07:36.987+0800][0.294s][info][gc,phases   ] GC(11) Y: Young Generation (Promote All) 64M(100%)->64M(100%) 0.001s
[2026-06-17T10:07:36.987+0800][0.294s][info][gc,phases   ] GC(11) Y: Young Generation (Collect Roots)
[2026-06-17T10:07:36.987+0800][0.294s][info][gc,phases   ] GC(11) Y: Pause Mark Start (Major) 0.005ms
[2026-06-17T10:07:36.987+0800][0.295s][info][gc,phases   ] GC(11) Y: Concurrent Mark 0.288ms
[2026-06-17T10:07:36.988+0800][0.295s][info][gc,phases   ] GC(11) Y: Pause Mark End 0.003ms
[2026-06-17T10:07:36.988+0800][0.295s][info][gc,phases   ] GC(11) Y: Concurrent Mark Free 0.000ms
[2026-06-17T10:07:36.988+0800][0.295s][info][gc,phases   ] GC(11) Y: Concurrent Reset Relocation Set 0.001ms
[2026-06-17T10:07:36.988+0800][0.295s][info][gc,reloc    ] GC(11) Y: Using tenuring threshold: 0 (Computed)
[2026-06-17T10:07:36.988+0800][0.295s][info][gc,phases   ] GC(11) Y: Concurrent Select Relocation Set 0.162ms
[2026-06-17T10:07:36.988+0800][0.295s][info][gc,phases   ] GC(11) Y: Pause Relocate Start 0.002ms
[2026-06-17T10:07:36.988+0800][0.296s][info][gc,phases   ] GC(11) Y: Concurrent Relocate 0.076ms
[2026-06-17T10:07:36.988+0800][0.296s][info][gc,alloc    ] GC(11) Y:                         Mark Start        Mark End      Relocate Start    Relocate End   
[2026-06-17T10:07:36.988+0800][0.296s][info][gc,alloc    ] GC(11) Y: Allocation Stalls:          1                1                1                1         
[2026-06-17T10:07:36.988+0800][0.296s][info][gc,load     ] GC(11) Y: Load: 0.45 (2%) / 0.45 (2%) / 0.50 (2%)
[2026-06-17T10:07:36.988+0800][0.296s][info][gc,mmu      ] GC(11) Y: MMU: 2ms/99.0%, 5ms/99.4%, 10ms/99.7%, 20ms/99.7%, 50ms/99.8%, 100ms/99.9%
[2026-06-17T10:07:36.989+0800][0.296s][info][gc,marking  ] GC(11) Y: Mark: 1 stripe(s), 1 proactive flush(es), 1 terminate flush(es), 0 completion(s), 0 continuation(s) 
[2026-06-17T10:07:36.989+0800][0.296s][info][gc,nmethod  ] GC(11) Y: NMethods: 68 registered, 4 unregistered
[2026-06-17T10:07:36.989+0800][0.296s][info][gc,metaspace] GC(11) Y: Metaspace: 0M used, 0M committed, 1088M reserved
[2026-06-17T10:07:36.989+0800][0.296s][info][gc,heap     ] GC(11) Y: Min Capacity: 64M(100%)
[2026-06-17T10:07:36.989+0800][0.296s][info][gc,heap     ] GC(11) Y: Max Capacity: 64M(100%)
[2026-06-17T10:07:36.989+0800][0.296s][info][gc,heap     ] GC(11) Y: Soft Max Capacity: 64M(100%)
[2026-06-17T10:07:36.989+0800][0.297s][info][gc,heap     ] GC(11) Y: Heap Statistics:
[2026-06-17T10:07:36.989+0800][0.297s][info][gc,heap     ] GC(11) Y:                Mark Start          Mark End        Relocate Start      Relocate End           High               Low         
[2026-06-17T10:07:36.989+0800][0.297s][info][gc,heap     ] GC(11) Y:  Capacity:       64M (100%)         64M (100%)         64M (100%)         64M (100%)         64M (100%)         64M (100%)   
[2026-06-17T10:07:36.990+0800][0.297s][info][gc,heap     ] GC(11) Y:      Free:        0M (0%)            0M (0%)            0M (0%)            0M (0%)            0M (0%)            0M (0%)     
[2026-06-17T10:07:36.990+0800][0.297s][info][gc,heap     ] GC(11) Y:      Used:       64M (100%)         64M (100%)         64M (100%)         64M (100%)         64M (100%)         64M (100%)   
[2026-06-17T10:07:36.990+0800][0.297s][info][gc,heap     ] GC(11) Y: Young Generation Statistics:
[2026-06-17T10:07:36.990+0800][0.297s][info][gc,heap     ] GC(11) Y:                Mark Start          Mark End        Relocate Start      Relocate End    
[2026-06-17T10:07:36.990+0800][0.297s][info][gc,heap     ] GC(11) Y:      Used:        0M (0%)            0M (0%)            0M (0%)            0M (0%)     
[2026-06-17T10:07:36.990+0800][0.297s][info][gc,heap     ] GC(11) Y:      Live:         -                 0M (0%)            0M (0%)            0M (0%)     
[2026-06-17T10:07:36.990+0800][0.297s][info][gc,heap     ] GC(11) Y:   Garbage:         -                 0M (0%)            0M (0%)            0M (0%)     
[2026-06-17T10:07:36.990+0800][0.297s][info][gc,heap     ] GC(11) Y: Allocated:         -                 0M (0%)            0M (0%)            0M (0%)     
[2026-06-17T10:07:36.990+0800][0.297s][info][gc,heap     ] GC(11) Y: Reclaimed:         -                  -                 0M (0%)            0M (0%)     
[2026-06-17T10:07:36.990+0800][0.298s][info][gc,heap     ] GC(11) Y:  Promoted:         -                  -                 0M (0%)            0M (0%)     
[2026-06-17T10:07:36.990+0800][0.298s][info][gc,heap     ] GC(11) Y: Compacted:         -                  -                  -                 0M (0%)     
[2026-06-17T10:07:36.990+0800][0.298s][info][gc,phases   ] GC(11) Y: Young Generation (Collect Roots) 64M(100%)->64M(100%) 0.001s
[2026-06-17T10:07:36.990+0800][0.298s][info][gc,phases   ] GC(11) O: Old Generation
[2026-06-17T10:07:36.991+0800][0.299s][info][gc,phases   ] GC(11) O: Concurrent Mark 0.771ms
[2026-06-17T10:07:36.991+0800][0.299s][info][gc,phases   ] GC(11) O: Pause Mark End 0.004ms
[2026-06-17T10:07:36.991+0800][0.299s][info][gc,phases   ] GC(11) O: Concurrent Mark Free 0.001ms
[2026-06-17T10:07:36.991+0800][0.299s][info][gc,ref      ] GC(11) O: Clearing All SoftReferences
[2026-06-17T10:07:36.992+0800][0.299s][info][gc,phases   ] GC(11) O: Concurrent Process Non-Strong 0.281ms
[2026-06-17T10:07:36.992+0800][0.299s][info][gc,phases   ] GC(11) O: Concurrent Reset Relocation Set 0.000ms
[2026-06-17T10:07:36.992+0800][0.299s][info][gc,phases   ] GC(11) O: Concurrent Select Relocation Set 0.057ms
[2026-06-17T10:07:36.992+0800][0.299s][info][gc,task     ] GC(11) O: Using 1 Workers for Old Generation
[2026-06-17T10:07:36.992+0800][0.300s][info][gc,task     ] GC(11) O: Using 1 Workers for Old Generation
[2026-06-17T10:07:36.992+0800][0.300s][info][gc,phases   ] GC(11) O: Concurrent Remap Roots 0.234ms
[2026-06-17T10:07:36.992+0800][0.300s][info][gc,phases   ] GC(11) O: Pause Relocate Start 0.004ms
[2026-06-17T10:07:36.993+0800][0.300s][info][gc          ] Allocation Stall (main) 20.515ms
[2026-06-17T10:07:36.993+0800][0.300s][info][gc,phases   ] GC(11) O: Concurrent Relocate 0.146ms
[2026-06-17T10:07:36.993+0800][0.300s][info][gc,alloc    ] GC(11) O:                         Mark Start        Mark End      Relocate Start    Relocate End   
[2026-06-17T10:07:36.993+0800][0.300s][info][gc,alloc    ] GC(11) O: Allocation Stalls:          1                1                1                0         
[2026-06-17T10:07:36.993+0800][0.300s][info][gc,load     ] GC(11) O: Load: 0.45 (2%) / 0.45 (2%) / 0.50 (2%)
[2026-06-17T10:07:36.993+0800][0.300s][info][gc,mmu      ] GC(11) O: MMU: 2ms/99.0%, 5ms/99.4%, 10ms/99.7%, 20ms/99.7%, 50ms/99.8%, 100ms/99.8%
[2026-06-17T10:07:36.993+0800][0.300s][info][gc,marking  ] GC(11) O: Mark: 1 stripe(s), 1 proactive flush(es), 1 terminate flush(es), 0 completion(s), 0 continuation(s) 
[2026-06-17T10:07:36.993+0800][0.301s][info][gc,nmethod  ] GC(11) O: NMethods: 68 registered, 4 unregistered
[2026-06-17T10:07:36.993+0800][0.301s][info][gc,metaspace] GC(11) O: Metaspace: 0M used, 0M committed, 1088M reserved
[2026-06-17T10:07:36.993+0800][0.301s][info][gc,ref      ] GC(11) O:                       Encountered   Discovered     Enqueued 
[2026-06-17T10:07:36.993+0800][0.301s][info][gc,ref      ] GC(11) O: Soft References:                2            2            2 
[2026-06-17T10:07:36.993+0800][0.301s][info][gc,ref      ] GC(11) O: Weak References:                6            0            0 
[2026-06-17T10:07:36.994+0800][0.301s][info][gc,ref      ] GC(11) O: Final References:               0            0            0 
[2026-06-17T10:07:36.994+0800][0.301s][info][gc,ref      ] GC(11) O: Phantom References:             1            1            0 
[2026-06-17T10:07:36.994+0800][0.301s][info][gc,reloc    ] GC(11) O:                        Candidates     Selected     In-Place         Size        Empty    Relocated 
[2026-06-17T10:07:36.994+0800][0.301s][info][gc,reloc    ] GC(11) O: Small Pages:                    5            1            1          10M           0M           0M 
[2026-06-17T10:07:36.994+0800][0.301s][info][gc,reloc    ] GC(11) O: Large Pages:                   27            0            0          54M           0M           0M 
[2026-06-17T10:07:36.994+0800][0.301s][info][gc,reloc    ] GC(11) O: Forwarding Usage: 0M
[2026-06-17T10:07:36.994+0800][0.301s][info][gc,heap     ] GC(11) O: Min Capacity: 64M(100%)
[2026-06-17T10:07:36.994+0800][0.301s][info][gc,heap     ] GC(11) O: Max Capacity: 64M(100%)
[2026-06-17T10:07:36.994+0800][0.301s][info][gc,heap     ] GC(11) O: Soft Max Capacity: 64M(100%)
[2026-06-17T10:07:36.994+0800][0.301s][info][gc,heap     ] GC(11) O: Heap Statistics:
[2026-06-17T10:07:36.994+0800][0.302s][info][gc,heap     ] GC(11) O:                Mark Start          Mark End        Relocate Start      Relocate End           High               Low         
[2026-06-17T10:07:36.994+0800][0.302s][info][gc,heap     ] GC(11) O:  Capacity:       64M (100%)         64M (100%)         64M (100%)         64M (100%)         64M (100%)         64M (100%)   
[2026-06-17T10:07:36.994+0800][0.302s][info][gc,heap     ] GC(11) O:      Free:        0M (0%)            0M (0%)            0M (0%)            0M (0%)            2M (3%)            0M (0%)     
[2026-06-17T10:07:36.994+0800][0.302s][info][gc,heap     ] GC(11) O:      Used:       64M (100%)         64M (100%)         64M (100%)         64M (100%)         64M (100%)         62M (97%)    
[2026-06-17T10:07:36.994+0800][0.302s][info][gc,heap     ] GC(11) O: Old Generation Statistics:
[2026-06-17T10:07:36.994+0800][0.302s][info][gc,heap     ] GC(11) O:                Mark Start          Mark End        Relocate Start      Relocate End    
[2026-06-17T10:07:36.995+0800][0.302s][info][gc,heap     ] GC(11) O:      Used:       64M (100%)         64M (100%)         64M (100%)         62M (97%)    
[2026-06-17T10:07:36.995+0800][0.302s][info][gc,heap     ] GC(11) O:      Live:         -                59M (94%)          59M (94%)          59M (94%)    
[2026-06-17T10:07:36.995+0800][0.302s][info][gc,heap     ] GC(11) O:   Garbage:         -                 4M (6%)            4M (6%)            1M (2%)     
[2026-06-17T10:07:36.995+0800][0.302s][info][gc,heap     ] GC(11) O: Allocated:         -                 0M (0%)            0M (0%)            0M (1%)     
[2026-06-17T10:07:36.995+0800][0.302s][info][gc,heap     ] GC(11) O: Reclaimed:         -                  -                 0M (0%)            2M (4%)     
[2026-06-17T10:07:36.995+0800][0.303s][info][gc,heap     ] GC(11) O: Compacted:         -                  -                  -                 1M (2%)     
[2026-06-17T10:07:36.995+0800][0.303s][info][gc,phases   ] GC(11) O: Old Generation 64M(100%)->64M(100%) 0.003s
[2026-06-17T10:07:36.996+0800][0.303s][info][gc          ] GC(11) Major Collection (Allocation Stall) 64M(100%)->64M(100%) 0.013s
[2026-06-17T10:07:37.003+0800][0.310s][info][gc          ] GC(12) Minor Collection (Allocation Stall)
[2026-06-17T10:07:37.003+0800][0.310s][info][gc,task     ] GC(12) Using 1 Workers for Young Generation
[2026-06-17T10:07:37.003+0800][0.311s][info][gc,phases   ] GC(12) y: Young Generation
[2026-06-17T10:07:37.003+0800][0.311s][info][gc,phases   ] GC(12) y: Pause Mark Start 0.005ms
[2026-06-17T10:07:37.004+0800][0.311s][info][gc,phases   ] GC(12) y: Concurrent Mark 0.303ms
[2026-06-17T10:07:37.004+0800][0.311s][info][gc,phases   ] GC(12) y: Pause Mark End 0.004ms
[2026-06-17T10:07:37.004+0800][0.311s][info][gc,phases   ] GC(12) y: Concurrent Mark Free 0.001ms
[2026-06-17T10:07:37.004+0800][0.311s][info][gc,phases   ] GC(12) y: Concurrent Reset Relocation Set 0.000ms
[2026-06-17T10:07:37.004+0800][0.311s][info][gc,reloc    ] GC(12) y: Using tenuring threshold: 1 (Computed)
[2026-06-17T10:07:37.004+0800][0.312s][info][gc,phases   ] GC(12) y: Concurrent Select Relocation Set 0.166ms
[2026-06-17T10:07:37.004+0800][0.312s][info][gc,phases   ] GC(12) y: Pause Relocate Start 0.003ms
[2026-06-17T10:07:37.004+0800][0.312s][info][gc,phases   ] GC(12) y: Concurrent Relocate 0.077ms
[2026-06-17T10:07:37.005+0800][0.312s][info][gc,alloc    ] GC(12) y:                         Mark Start        Mark End      Relocate Start    Relocate End   
[2026-06-17T10:07:37.005+0800][0.312s][info][gc,alloc    ] GC(12) y: Allocation Stalls:          1                1                1                1         
[2026-06-17T10:07:37.005+0800][0.312s][info][gc,load     ] GC(12) y: Load: 0.45 (2%) / 0.45 (2%) / 0.50 (2%)
[2026-06-17T10:07:37.005+0800][0.312s][info][gc,mmu      ] GC(12) y: MMU: 2ms/99.0%, 5ms/99.4%, 10ms/99.7%, 20ms/99.7%, 50ms/99.8%, 100ms/99.8%
[2026-06-17T10:07:37.005+0800][0.312s][info][gc,marking  ] GC(12) y: Mark: 1 stripe(s), 1 proactive flush(es), 1 terminate flush(es), 0 completion(s), 0 continuation(s) 
[2026-06-17T10:07:37.005+0800][0.312s][info][gc,nmethod  ] GC(12) y: NMethods: 68 registered, 4 unregistered
[2026-06-17T10:07:37.005+0800][0.312s][info][gc,metaspace] GC(12) y: Metaspace: 0M used, 0M committed, 1088M reserved
[2026-06-17T10:07:37.005+0800][0.312s][info][gc,reloc    ] GC(12) y:                        Candidates     Selected     In-Place         Size        Empty    Relocated 
[2026-06-17T10:07:37.005+0800][0.312s][info][gc,reloc    ] GC(12) y: Small Pages:                    1            0            0           2M           0M           0M 
[2026-06-17T10:07:37.005+0800][0.313s][info][gc,reloc    ] GC(12) y: Large Pages:                    0            0            0           0M           0M           0M 
[2026-06-17T10:07:37.005+0800][0.313s][info][gc,reloc    ] GC(12) y: Forwarding Usage: 0M
[2026-06-17T10:07:37.005+0800][0.313s][info][gc,reloc    ] GC(12) y: Age Table:
[2026-06-17T10:07:37.007+0800][0.314s][info][gc,reloc    ] GC(12) y:                    Live             Garbage             Small              Medium             Large        
[2026-06-17T10:07:37.007+0800][0.314s][info][gc,reloc    ] GC(12) y: Eden               1M (3%)            0M (0%)           1 / 0              0 / 0              0 / 0        
[2026-06-17T10:07:37.007+0800][0.315s][info][gc,heap     ] GC(12) y: Min Capacity: 64M(100%)
[2026-06-17T10:07:37.007+0800][0.315s][info][gc,heap     ] GC(12) y: Max Capacity: 64M(100%)
[2026-06-17T10:07:37.008+0800][0.315s][info][gc,heap     ] GC(12) y: Soft Max Capacity: 64M(100%)
[2026-06-17T10:07:37.008+0800][0.315s][info][gc,heap     ] GC(12) y: Heap Statistics:
[2026-06-17T10:07:37.008+0800][0.315s][info][gc,heap     ] GC(12) y:                Mark Start          Mark End        Relocate Start      Relocate End           High               Low         
[2026-06-17T10:07:37.008+0800][0.316s][info][gc,heap     ] GC(12) y:  Capacity:       64M (100%)         64M (100%)         64M (100%)         64M (100%)         64M (100%)         64M (100%)   
[2026-06-17T10:07:37.008+0800][0.316s][info][gc,heap     ] GC(12) y:      Free:        0M (0%)            0M (0%)            0M (0%)            0M (0%)            0M (0%)            0M (0%)     
[2026-06-17T10:07:37.009+0800][0.316s][info][gc,heap     ] GC(12) y:      Used:       64M (100%)         64M (100%)         64M (100%)         64M (100%)         64M (100%)         64M (100%)   
[2026-06-17T10:07:37.009+0800][0.316s][info][gc,heap     ] GC(12) y: Young Generation Statistics:
[2026-06-17T10:07:37.009+0800][0.317s][info][gc,heap     ] GC(12) y:                Mark Start          Mark End        Relocate Start      Relocate End    
[2026-06-17T10:07:37.009+0800][0.317s][info][gc,heap     ] GC(12) y:      Used:        2M (3%)            2M (3%)            2M (3%)            2M (3%)     
[2026-06-17T10:07:37.010+0800][0.317s][info][gc,heap     ] GC(12) y:      Live:         -                 1M (3%)            1M (3%)            1M (3%)     
[2026-06-17T10:07:37.010+0800][0.317s][info][gc,heap     ] GC(12) y:   Garbage:         -                 0M (0%)            0M (0%)            0M (0%)     
[2026-06-17T10:07:37.010+0800][0.318s][info][gc,heap     ] GC(12) y: Allocated:         -                 0M (0%)            0M (0%)            0M (0%)     
[2026-06-17T10:07:37.010+0800][0.318s][info][gc,heap     ] GC(12) y: Reclaimed:         -                  -                 0M (0%)            0M (0%)     
[2026-06-17T10:07:37.011+0800][0.318s][info][gc,heap     ] GC(12) y:  Promoted:         -                  -                 0M (0%)            0M (0%)     
[2026-06-17T10:07:37.011+0800][0.318s][info][gc,heap     ] GC(12) y: Compacted:         -                  -                  -                 0M (0%)     
[2026-06-17T10:07:37.011+0800][0.319s][info][gc,phases   ] GC(12) y: Young Generation 64M(100%)->64M(100%) 0.001s
[2026-06-17T10:07:37.011+0800][0.319s][info][gc          ] GC(12) Minor Collection (Allocation Stall) 64M(100%)->64M(100%) 0.009s
[2026-06-17T10:07:37.012+0800][0.319s][info][gc          ] GC(13) Major Collection (Allocation Stall)
[2026-06-17T10:07:37.012+0800][0.319s][info][gc,task     ] GC(13) Using 1 Workers for Young Generation
[2026-06-17T10:07:37.012+0800][0.320s][info][gc,task     ] GC(13) Using 1 Workers for Old Generation
[2026-06-17T10:07:37.012+0800][0.320s][info][gc,phases   ] GC(13) Y: Young Generation (Promote All)
[2026-06-17T10:07:37.013+0800][0.320s][info][gc,phases   ] GC(13) Y: Pause Mark Start 0.005ms
[2026-06-17T10:07:37.014+0800][0.321s][info][gc,phases   ] GC(13) Y: Concurrent Mark 0.349ms
[2026-06-17T10:07:37.014+0800][0.321s][info][gc,phases   ] GC(13) Y: Pause Mark End 0.003ms
[2026-06-17T10:07:37.014+0800][0.322s][info][gc,phases   ] GC(13) Y: Concurrent Mark Free 0.001ms
[2026-06-17T10:07:37.015+0800][0.322s][info][gc,phases   ] GC(13) Y: Concurrent Reset Relocation Set 0.001ms
[2026-06-17T10:07:37.015+0800][0.322s][info][gc,reloc    ] GC(13) Y: Using tenuring threshold: 0 (Promote All)
[2026-06-17T10:07:37.015+0800][0.323s][info][gc,phases   ] GC(13) Y: Concurrent Select Relocation Set 0.432ms
[2026-06-17T10:07:37.015+0800][0.323s][info][gc,phases   ] GC(13) Y: Pause Relocate Start 0.003ms
[2026-06-17T10:07:37.016+0800][0.323s][info][gc,phases   ] GC(13) Y: Concurrent Relocate 0.088ms
[2026-06-17T10:07:37.016+0800][0.323s][info][gc,alloc    ] GC(13) Y:                         Mark Start        Mark End      Relocate Start    Relocate End   
[2026-06-17T10:07:37.016+0800][0.323s][info][gc,alloc    ] GC(13) Y: Allocation Stalls:          1                1                1                1         
[2026-06-17T10:07:37.016+0800][0.324s][info][gc,load     ] GC(13) Y: Load: 0.45 (2%) / 0.45 (2%) / 0.50 (2%)
[2026-06-17T10:07:37.016+0800][0.324s][info][gc,mmu      ] GC(13) Y: MMU: 2ms/99.0%, 5ms/99.4%, 10ms/99.7%, 20ms/99.7%, 50ms/99.8%, 100ms/99.8%
[2026-06-17T10:07:37.016+0800][0.324s][info][gc,marking  ] GC(13) Y: Mark: 1 stripe(s), 1 proactive flush(es), 1 terminate flush(es), 0 completion(s), 0 continuation(s) 
[2026-06-17T10:07:37.016+0800][0.324s][info][gc,nmethod  ] GC(13) Y: NMethods: 68 registered, 4 unregistered
[2026-06-17T10:07:37.016+0800][0.324s][info][gc,metaspace] GC(13) Y: Metaspace: 0M used, 0M committed, 1088M reserved
[2026-06-17T10:07:37.016+0800][0.324s][info][gc,reloc    ] GC(13) Y:                        Candidates     Selected     In-Place         Size        Empty    Relocated 
[2026-06-17T10:07:37.017+0800][0.324s][info][gc,reloc    ] GC(13) Y: Small Pages:                    1            0            0           2M           0M           0M 
[2026-06-17T10:07:37.017+0800][0.324s][info][gc,reloc    ] GC(13) Y: Large Pages:                    0            0            0           0M           0M           0M 
[2026-06-17T10:07:37.017+0800][0.324s][info][gc,reloc    ] GC(13) Y: Forwarding Usage: 0M
[2026-06-17T10:07:37.017+0800][0.324s][info][gc,reloc    ] GC(13) Y: Age Table:
[2026-06-17T10:07:37.017+0800][0.324s][info][gc,reloc    ] GC(13) Y:                    Live             Garbage             Small              Medium             Large        
[2026-06-17T10:07:37.017+0800][0.324s][info][gc,reloc    ] GC(13) Y: Eden                -                 0M (0%)           0 / 0              0 / 0              0 / 0        
[2026-06-17T10:07:37.017+0800][0.324s][info][gc,reloc    ] GC(13) Y: Survivor 1         1M (3%)            0M (0%)           1 / 0              0 / 0              0 / 0        
[2026-06-17T10:07:37.017+0800][0.324s][info][gc,heap     ] GC(13) Y: Min Capacity: 64M(100%)
[2026-06-17T10:07:37.017+0800][0.324s][info][gc,heap     ] GC(13) Y: Max Capacity: 64M(100%)
[2026-06-17T10:07:37.017+0800][0.325s][info][gc,heap     ] GC(13) Y: Soft Max Capacity: 64M(100%)
[2026-06-17T10:07:37.017+0800][0.325s][info][gc,heap     ] GC(13) Y: Heap Statistics:
[2026-06-17T10:07:37.017+0800][0.325s][info][gc,heap     ] GC(13) Y:                Mark Start          Mark End        Relocate Start      Relocate End           High               Low         
[2026-06-17T10:07:37.017+0800][0.325s][info][gc,heap     ] GC(13) Y:  Capacity:       64M (100%)         64M (100%)         64M (100%)         64M (100%)         64M (100%)         64M (100%)   
[2026-06-17T10:07:37.017+0800][0.325s][info][gc,heap     ] GC(13) Y:      Free:        0M (0%)            0M (0%)            0M (0%)            0M (0%)            0M (0%)            0M (0%)     
[2026-06-17T10:07:37.017+0800][0.325s][info][gc,heap     ] GC(13) Y:      Used:       64M (100%)         64M (100%)         64M (100%)         64M (100%)         64M (100%)         64M (100%)   
[2026-06-17T10:07:37.017+0800][0.325s][info][gc,heap     ] GC(13) Y: Young Generation Statistics:
[2026-06-17T10:07:37.018+0800][0.325s][info][gc,heap     ] GC(13) Y:                Mark Start          Mark End        Relocate Start      Relocate End    
[2026-06-17T10:07:37.018+0800][0.325s][info][gc,heap     ] GC(13) Y:      Used:        2M (3%)            2M (3%)            0M (0%)            0M (0%)     
[2026-06-17T10:07:37.018+0800][0.325s][info][gc,heap     ] GC(13) Y:      Live:         -                 1M (3%)            0M (0%)            0M (0%)     
[2026-06-17T10:07:37.018+0800][0.325s][info][gc,heap     ] GC(13) Y:   Garbage:         -                 0M (0%)            0M (0%)            0M (0%)     
[2026-06-17T10:07:37.018+0800][0.325s][info][gc,heap     ] GC(13) Y: Allocated:         -                 0M (0%)            0M (0%)            0M (0%)     
[2026-06-17T10:07:37.018+0800][0.325s][info][gc,heap     ] GC(13) Y: Reclaimed:         -                  -                 0M (0%)            0M (0%)     
[2026-06-17T10:07:37.018+0800][0.325s][info][gc,heap     ] GC(13) Y:  Promoted:         -                  -                 1M (3%)            1M (3%)     
[2026-06-17T10:07:37.018+0800][0.325s][info][gc,heap     ] GC(13) Y: Compacted:         -                  -                  -                 0M (0%)     
[2026-06-17T10:07:37.018+0800][0.325s][info][gc,phases   ] GC(13) Y: Young Generation (Promote All) 64M(100%)->64M(100%) 0.004s
[2026-06-17T10:07:37.018+0800][0.326s][info][gc,phases   ] GC(13) Y: Young Generation (Collect Roots)
[2026-06-17T10:07:37.018+0800][0.326s][info][gc,phases   ] GC(13) Y: Pause Mark Start (Major) 0.005ms
[2026-06-17T10:07:37.019+0800][0.326s][info][gc,phases   ] GC(13) Y: Concurrent Mark 0.361ms
[2026-06-17T10:07:37.019+0800][0.326s][info][gc,phases   ] GC(13) Y: Pause Mark End 0.003ms
[2026-06-17T10:07:37.019+0800][0.326s][info][gc,phases   ] GC(13) Y: Concurrent Mark Free 0.000ms
[2026-06-17T10:07:37.019+0800][0.326s][info][gc,phases   ] GC(13) Y: Concurrent Reset Relocation Set 0.001ms
[2026-06-17T10:07:37.019+0800][0.326s][info][gc,reloc    ] GC(13) Y: Using tenuring threshold: 0 (Computed)
[2026-06-17T10:07:37.020+0800][0.327s][info][gc,phases   ] GC(13) Y: Concurrent Select Relocation Set 0.498ms
[2026-06-17T10:07:37.020+0800][0.327s][info][gc,phases   ] GC(13) Y: Pause Relocate Start 0.004ms
[2026-06-17T10:07:37.020+0800][0.327s][info][gc,phases   ] GC(13) Y: Concurrent Relocate 0.079ms
[2026-06-17T10:07:37.020+0800][0.327s][info][gc,alloc    ] GC(13) Y:                         Mark Start        Mark End      Relocate Start    Relocate End   
[2026-06-17T10:07:37.020+0800][0.327s][info][gc,alloc    ] GC(13) Y: Allocation Stalls:          1                1                1                1         
[2026-06-17T10:07:37.020+0800][0.328s][info][gc,load     ] GC(13) Y: Load: 0.45 (2%) / 0.45 (2%) / 0.50 (2%)
[2026-06-17T10:07:37.020+0800][0.328s][info][gc,mmu      ] GC(13) Y: MMU: 2ms/99.0%, 5ms/99.4%, 10ms/99.7%, 20ms/99.7%, 50ms/99.8%, 100ms/99.8%
[2026-06-17T10:07:37.020+0800][0.328s][info][gc,marking  ] GC(13) Y: Mark: 1 stripe(s), 1 proactive flush(es), 1 terminate flush(es), 0 completion(s), 0 continuation(s) 
[2026-06-17T10:07:37.020+0800][0.328s][info][gc,nmethod  ] GC(13) Y: NMethods: 68 registered, 4 unregistered
[2026-06-17T10:07:37.020+0800][0.328s][info][gc,metaspace] GC(13) Y: Metaspace: 0M used, 0M committed, 1088M reserved
[2026-06-17T10:07:37.020+0800][0.328s][info][gc,heap     ] GC(13) Y: Min Capacity: 64M(100%)
[2026-06-17T10:07:37.020+0800][0.328s][info][gc,heap     ] GC(13) Y: Max Capacity: 64M(100%)
[2026-06-17T10:07:37.021+0800][0.328s][info][gc,heap     ] GC(13) Y: Soft Max Capacity: 64M(100%)
[2026-06-17T10:07:37.021+0800][0.328s][info][gc,heap     ] GC(13) Y: Heap Statistics:
[2026-06-17T10:07:37.021+0800][0.328s][info][gc,heap     ] GC(13) Y:                Mark Start          Mark End        Relocate Start      Relocate End           High               Low         
[2026-06-17T10:07:37.021+0800][0.328s][info][gc,heap     ] GC(13) Y:  Capacity:       64M (100%)         64M (100%)         64M (100%)         64M (100%)         64M (100%)         64M (100%)   
[2026-06-17T10:07:37.021+0800][0.328s][info][gc,heap     ] GC(13) Y:      Free:        0M (0%)            0M (0%)            0M (0%)            0M (0%)            0M (0%)            0M (0%)     
[2026-06-17T10:07:37.021+0800][0.328s][info][gc,heap     ] GC(13) Y:      Used:       64M (100%)         64M (100%)         64M (100%)         64M (100%)         64M (100%)         64M (100%)   
[2026-06-17T10:07:37.021+0800][0.328s][info][gc,heap     ] GC(13) Y: Young Generation Statistics:
[2026-06-17T10:07:37.021+0800][0.328s][info][gc,heap     ] GC(13) Y:                Mark Start          Mark End        Relocate Start      Relocate End    
[2026-06-17T10:07:37.021+0800][0.329s][info][gc,heap     ] GC(13) Y:      Used:        0M (0%)            0M (0%)            0M (0%)            0M (0%)     
[2026-06-17T10:07:37.021+0800][0.329s][info][gc,heap     ] GC(13) Y:      Live:         -                 0M (0%)            0M (0%)            0M (0%)     
[2026-06-17T10:07:37.021+0800][0.329s][info][gc,heap     ] GC(13) Y:   Garbage:         -                 0M (0%)            0M (0%)            0M (0%)     
[2026-06-17T10:07:37.021+0800][0.329s][info][gc,heap     ] GC(13) Y: Allocated:         -                 0M (0%)            0M (0%)            0M (0%)     
[2026-06-17T10:07:37.022+0800][0.329s][info][gc,heap     ] GC(13) Y: Reclaimed:         -                  -                 0M (0%)            0M (0%)     
[2026-06-17T10:07:37.022+0800][0.329s][info][gc,heap     ] GC(13) Y:  Promoted:         -                  -                 0M (0%)            0M (0%)     
[2026-06-17T10:07:37.022+0800][0.329s][info][gc,heap     ] GC(13) Y: Compacted:         -                  -                  -                 0M (0%)     
[2026-06-17T10:07:37.022+0800][0.329s][info][gc,phases   ] GC(13) Y: Young Generation (Collect Roots) 64M(100%)->64M(100%) 0.002s
[2026-06-17T10:07:37.022+0800][0.329s][info][gc,phases   ] GC(13) O: Old Generation
[2026-06-17T10:07:37.023+0800][0.330s][info][gc,phases   ] GC(13) O: Concurrent Mark 0.824ms
[2026-06-17T10:07:37.023+0800][0.330s][info][gc,phases   ] GC(13) O: Pause Mark End 0.004ms
[2026-06-17T10:07:37.023+0800][0.330s][info][gc,phases   ] GC(13) O: Concurrent Mark Free 0.001ms
[2026-06-17T10:07:37.023+0800][0.330s][info][gc,ref      ] GC(13) O: Clearing All SoftReferences
[2026-06-17T10:07:37.023+0800][0.331s][info][gc,phases   ] GC(13) O: Concurrent Process Non-Strong 0.272ms
[2026-06-17T10:07:37.023+0800][0.331s][info][gc,phases   ] GC(13) O: Concurrent Reset Relocation Set 0.001ms
[2026-06-17T10:07:37.024+0800][0.331s][info][gc,phases   ] GC(13) O: Concurrent Select Relocation Set 0.030ms
[2026-06-17T10:07:37.024+0800][0.331s][info][gc,task     ] GC(13) O: Using 1 Workers for Old Generation
[2026-06-17T10:07:37.024+0800][0.331s][info][gc,task     ] GC(13) O: Using 1 Workers for Old Generation
[2026-06-17T10:07:37.024+0800][0.331s][info][gc,phases   ] GC(13) O: Concurrent Remap Roots 0.250ms
[2026-06-17T10:07:37.024+0800][0.331s][info][gc,phases   ] GC(13) O: Pause Relocate Start 0.003ms
[2026-06-17T10:07:37.024+0800][0.332s][info][gc,phases   ] GC(13) O: Concurrent Relocate 0.052ms
[2026-06-17T10:07:37.024+0800][0.332s][info][gc,alloc    ] GC(13) O:                         Mark Start        Mark End      Relocate Start    Relocate End   
[2026-06-17T10:07:37.024+0800][0.332s][info][gc,alloc    ] GC(13) O: Allocation Stalls:          1                1                1                1         
[2026-06-17T10:07:37.024+0800][0.332s][info][gc,load     ] GC(13) O: Load: 0.45 (2%) / 0.45 (2%) / 0.50 (2%)
[2026-06-17T10:07:37.024+0800][0.332s][info][gc,mmu      ] GC(13) O: MMU: 2ms/99.0%, 5ms/99.4%, 10ms/99.7%, 20ms/99.7%, 50ms/99.8%, 100ms/99.8%
[2026-06-17T10:07:37.024+0800][0.332s][info][gc,marking  ] GC(13) O: Mark: 1 stripe(s), 1 proactive flush(es), 1 terminate flush(es), 0 completion(s), 0 continuation(s) 
[2026-06-17T10:07:37.024+0800][0.332s][info][gc,nmethod  ] GC(13) O: NMethods: 68 registered, 4 unregistered
[2026-06-17T10:07:37.025+0800][0.332s][info][gc,metaspace] GC(13) O: Metaspace: 0M used, 0M committed, 1088M reserved
[2026-06-17T10:07:37.025+0800][0.332s][info][gc,ref      ] GC(13) O:                       Encountered   Discovered     Enqueued 
[2026-06-17T10:07:37.025+0800][0.332s][info][gc,ref      ] GC(13) O: Soft References:                0            0            0 
[2026-06-17T10:07:37.025+0800][0.332s][info][gc,ref      ] GC(13) O: Weak References:                6            0            0 
[2026-06-17T10:07:37.025+0800][0.332s][info][gc,ref      ] GC(13) O: Final References:               0            0            0 
[2026-06-17T10:07:37.025+0800][0.332s][info][gc,ref      ] GC(13) O: Phantom References:             1            1            0 
[2026-06-17T10:07:37.025+0800][0.332s][info][gc,reloc    ] GC(13) O:                        Candidates     Selected     In-Place         Size        Empty    Relocated 
[2026-06-17T10:07:37.025+0800][0.332s][info][gc,reloc    ] GC(13) O: Small Pages:                    5            0            0          10M           0M           0M 
[2026-06-17T10:07:37.025+0800][0.332s][info][gc,reloc    ] GC(13) O: Large Pages:                   27            0            0          54M           0M           0M 
[2026-06-17T10:07:37.025+0800][0.333s][info][gc,reloc    ] GC(13) O: Forwarding Usage: 0M
[2026-06-17T10:07:37.025+0800][0.333s][info][gc,heap     ] GC(13) O: Min Capacity: 64M(100%)
[2026-06-17T10:07:37.026+0800][0.333s][info][gc,heap     ] GC(13) O: Max Capacity: 64M(100%)
[2026-06-17T10:07:37.026+0800][0.333s][info][gc,heap     ] GC(13) O: Soft Max Capacity: 64M(100%)
[2026-06-17T10:07:37.026+0800][0.333s][info][gc,heap     ] GC(13) O: Heap Statistics:
[2026-06-17T10:07:37.026+0800][0.333s][info][gc,heap     ] GC(13) O:                Mark Start          Mark End        Relocate Start      Relocate End           High               Low         
[2026-06-17T10:07:37.026+0800][0.333s][info][gc,heap     ] GC(13) O:  Capacity:       64M (100%)         64M (100%)         64M (100%)         64M (100%)         64M (100%)         64M (100%)   
[2026-06-17T10:07:37.026+0800][0.333s][info][gc,heap     ] GC(13) O:      Free:        0M (0%)            0M (0%)            0M (0%)            0M (0%)            0M (0%)            0M (0%)     
[2026-06-17T10:07:37.026+0800][0.333s][info][gc,heap     ] GC(13) O:      Used:       64M (100%)         64M (100%)         64M (100%)         64M (100%)         64M (100%)         64M (100%)   
[2026-06-17T10:07:37.026+0800][0.333s][info][gc,heap     ] GC(13) O: Old Generation Statistics:
[2026-06-17T10:07:37.026+0800][0.334s][info][gc,heap     ] GC(13) O:                Mark Start          Mark End        Relocate Start      Relocate End    
[2026-06-17T10:07:37.026+0800][0.334s][info][gc,heap     ] GC(13) O:      Used:       64M (100%)         64M (100%)         64M (100%)         64M (100%)   
[2026-06-17T10:07:37.026+0800][0.334s][info][gc,heap     ] GC(13) O:      Live:         -                61M (97%)          61M (97%)          61M (97%)    
[2026-06-17T10:07:37.026+0800][0.334s][info][gc,heap     ] GC(13) O:   Garbage:         -                 2M (3%)            2M (3%)            2M (3%)     
[2026-06-17T10:07:37.026+0800][0.334s][info][gc,heap     ] GC(13) O: Allocated:         -                 0M (0%)            0M (0%)            0M (0%)     
[2026-06-17T10:07:37.026+0800][0.334s][info][gc,heap     ] GC(13) O: Reclaimed:         -                  -                 0M (0%)            0M (0%)     
[2026-06-17T10:07:37.027+0800][0.334s][info][gc,heap     ] GC(13) O: Compacted:         -                  -                  -                 0M (0%)     
[2026-06-17T10:07:37.027+0800][0.334s][info][gc,phases   ] GC(13) O: Old Generation 64M(100%)->64M(100%) 0.002s
[2026-06-17T10:07:37.027+0800][0.334s][info][gc          ] GC(13) Major Collection (Allocation Stall) 64M(100%)->64M(100%) 0.015s
[2026-06-17T10:07:37.027+0800][0.334s][info][gc          ] Allocation Stall (main) 23.843ms
[2026-06-17T10:07:37.027+0800][0.334s][info][gc          ] Out Of Memory (main)
[2026-06-17T10:07:37.027+0800][0.334s][info][gc          ] GC(14) Minor Collection (Allocation Stall)
[2026-06-17T10:07:37.027+0800][0.334s][info][gc,task     ] GC(14) Using 1 Workers for Young Generation
[2026-06-17T10:07:37.027+0800][0.335s][info][gc,phases   ] GC(14) y: Young Generation
[2026-06-17T10:07:37.027+0800][0.335s][info][gc,phases   ] GC(14) y: Pause Mark Start 0.004ms
[2026-06-17T10:07:37.028+0800][0.335s][info][gc,phases   ] GC(14) y: Concurrent Mark 0.328ms
[2026-06-17T10:07:37.028+0800][0.335s][info][gc,phases   ] GC(14) y: Pause Mark End 0.004ms
[2026-06-17T10:07:37.028+0800][0.335s][info][gc,phases   ] GC(14) y: Concurrent Mark Free 0.000ms
[2026-06-17T10:07:37.028+0800][0.335s][info][gc,phases   ] GC(14) y: Concurrent Reset Relocation Set 0.000ms
[2026-06-17T10:07:37.028+0800][0.335s][info][gc,reloc    ] GC(14) y: Using tenuring threshold: 0 (Computed)
[2026-06-17T10:07:37.028+0800][0.336s][info][gc,phases   ] GC(14) y: Concurrent Select Relocation Set 0.166ms
[2026-06-17T10:07:37.028+0800][0.336s][info][gc,phases   ] GC(14) y: Pause Relocate Start 0.003ms
[2026-06-17T10:07:37.028+0800][0.336s][info][gc,phases   ] GC(14) y: Concurrent Relocate 0.078ms
[2026-06-17T10:07:37.029+0800][0.336s][info][gc,alloc    ] GC(14) y:                         Mark Start        Mark End      Relocate Start    Relocate End   
[2026-06-17T10:07:37.029+0800][0.336s][info][gc,alloc    ] GC(14) y: Allocation Stalls:          1                1                1                1         
[2026-06-17T10:07:37.029+0800][0.336s][info][gc,load     ] GC(14) y: Load: 0.45 (2%) / 0.45 (2%) / 0.50 (2%)
[2026-06-17T10:07:37.029+0800][0.336s][info][gc,mmu      ] GC(14) y: MMU: 2ms/99.0%, 5ms/99.4%, 10ms/99.7%, 20ms/99.7%, 50ms/99.8%, 100ms/99.8%
[2026-06-17T10:07:37.029+0800][0.336s][info][gc,marking  ] GC(14) y: Mark: 1 stripe(s), 1 proactive flush(es), 1 terminate flush(es), 0 completion(s), 0 continuation(s) 
[2026-06-17T10:07:37.029+0800][0.336s][info][gc,nmethod  ] GC(14) y: NMethods: 68 registered, 4 unregistered
[2026-06-17T10:07:37.029+0800][0.336s][info][gc,metaspace] GC(14) y: Metaspace: 0M used, 0M committed, 1088M reserved
[2026-06-17T10:07:37.029+0800][0.336s][info][gc,heap     ] GC(14) y: Min Capacity: 64M(100%)
[2026-06-17T10:07:37.029+0800][0.336s][info][gc,heap     ] GC(14) y: Max Capacity: 64M(100%)
[2026-06-17T10:07:37.029+0800][0.337s][info][gc,heap     ] GC(14) y: Soft Max Capacity: 64M(100%)
[2026-06-17T10:07:37.029+0800][0.337s][info][gc,heap     ] GC(14) y: Heap Statistics:
[2026-06-17T10:07:37.029+0800][0.337s][info][gc,heap     ] GC(14) y:                Mark Start          Mark End        Relocate Start      Relocate End           High               Low         
[2026-06-17T10:07:37.029+0800][0.337s][info][gc,heap     ] GC(14) y:  Capacity:       64M (100%)         64M (100%)         64M (100%)         64M (100%)         64M (100%)         64M (100%)   
[2026-06-17T10:07:37.029+0800][0.337s][info][gc,heap     ] GC(14) y:      Free:        0M (0%)            0M (0%)            0M (0%)            0M (0%)            0M (0%)            0M (0%)     
[2026-06-17T10:07:37.029+0800][0.337s][info][gc,heap     ] GC(14) y:      Used:       64M (100%)         64M (100%)         64M (100%)         64M (100%)         64M (100%)         64M (100%)   
[2026-06-17T10:07:37.030+0800][0.337s][info][gc,heap     ] GC(14) y: Young Generation Statistics:
[2026-06-17T10:07:37.030+0800][0.337s][info][gc,heap     ] GC(14) y:                Mark Start          Mark End        Relocate Start      Relocate End    
[2026-06-17T10:07:37.030+0800][0.337s][info][gc,heap     ] GC(14) y:      Used:        0M (0%)            0M (0%)            0M (0%)            0M (0%)     
[2026-06-17T10:07:37.030+0800][0.337s][info][gc,heap     ] GC(14) y:      Live:         -                 0M (0%)            0M (0%)            0M (0%)     
[2026-06-17T10:07:37.030+0800][0.337s][info][gc,heap     ] GC(14) y:   Garbage:         -                 0M (0%)            0M (0%)            0M (0%)     
[2026-06-17T10:07:37.030+0800][0.337s][info][gc,heap     ] GC(14) y: Allocated:         -                 0M (0%)            0M (0%)            0M (0%)     
[2026-06-17T10:07:37.030+0800][0.337s][info][gc,heap     ] GC(14) y: Reclaimed:         -                  -                 0M (0%)            0M (0%)     
[2026-06-17T10:07:37.030+0800][0.337s][info][gc,heap     ] GC(14) y:  Promoted:         -                  -                 0M (0%)            0M (0%)     
[2026-06-17T10:07:37.030+0800][0.337s][info][gc,heap     ] GC(14) y: Compacted:         -                  -                  -                 0M (0%)     
[2026-06-17T10:07:37.030+0800][0.338s][info][gc,phases   ] GC(14) y: Young Generation 64M(100%)->64M(100%) 0.001s
[2026-06-17T10:07:37.030+0800][0.338s][info][gc          ] GC(14) Minor Collection (Allocation Stall) 64M(100%)->64M(100%) 0.003s
[2026-06-17T10:07:37.030+0800][0.338s][info][gc          ] GC(15) Major Collection (Allocation Stall)
[2026-06-17T10:07:37.030+0800][0.338s][info][gc,task     ] GC(15) Using 1 Workers for Young Generation
[2026-06-17T10:07:37.030+0800][0.338s][info][gc,task     ] GC(15) Using 1 Workers for Old Generation
[2026-06-17T10:07:37.030+0800][0.338s][info][gc,phases   ] GC(15) Y: Young Generation (Promote All)
[2026-06-17T10:07:37.031+0800][0.338s][info][gc,phases   ] GC(15) Y: Pause Mark Start 0.004ms
[2026-06-17T10:07:37.031+0800][0.338s][info][gc,phases   ] GC(15) Y: Concurrent Mark 0.288ms
[2026-06-17T10:07:37.031+0800][0.339s][info][gc,phases   ] GC(15) Y: Pause Mark End 0.003ms
[2026-06-17T10:07:37.031+0800][0.339s][info][gc,phases   ] GC(15) Y: Concurrent Mark Free 0.000ms
[2026-06-17T10:07:37.032+0800][0.339s][info][gc,phases   ] GC(15) Y: Concurrent Reset Relocation Set 0.000ms
[2026-06-17T10:07:37.032+0800][0.339s][info][gc,reloc    ] GC(15) Y: Using tenuring threshold: 0 (Promote All)
[2026-06-17T10:07:37.032+0800][0.339s][info][gc,phases   ] GC(15) Y: Concurrent Select Relocation Set 0.278ms
[2026-06-17T10:07:37.032+0800][0.339s][info][gc,phases   ] GC(15) Y: Pause Relocate Start 0.004ms
[2026-06-17T10:07:37.032+0800][0.340s][info][gc,phases   ] GC(15) Y: Concurrent Relocate 0.079ms
[2026-06-17T10:07:37.032+0800][0.340s][info][gc,alloc    ] GC(15) Y:                         Mark Start        Mark End      Relocate Start    Relocate End   
[2026-06-17T10:07:37.032+0800][0.340s][info][gc,alloc    ] GC(15) Y: Allocation Stalls:          1                1                1                1         
[2026-06-17T10:07:37.032+0800][0.340s][info][gc,load     ] GC(15) Y: Load: 0.45 (2%) / 0.45 (2%) / 0.50 (2%)
[2026-06-17T10:07:37.032+0800][0.340s][info][gc,mmu      ] GC(15) Y: MMU: 2ms/99.0%, 5ms/99.4%, 10ms/99.7%, 20ms/99.7%, 50ms/99.8%, 100ms/99.8%
[2026-06-17T10:07:37.033+0800][0.340s][info][gc,marking  ] GC(15) Y: Mark: 1 stripe(s), 1 proactive flush(es), 1 terminate flush(es), 0 completion(s), 0 continuation(s) 
[2026-06-17T10:07:37.033+0800][0.340s][info][gc,nmethod  ] GC(15) Y: NMethods: 68 registered, 4 unregistered
[2026-06-17T10:07:37.033+0800][0.340s][info][gc,metaspace] GC(15) Y: Metaspace: 0M used, 0M committed, 1088M reserved
[2026-06-17T10:07:37.033+0800][0.340s][info][gc,heap     ] GC(15) Y: Min Capacity: 64M(100%)
[2026-06-17T10:07:37.033+0800][0.340s][info][gc,heap     ] GC(15) Y: Max Capacity: 64M(100%)
[2026-06-17T10:07:37.033+0800][0.340s][info][gc,heap     ] GC(15) Y: Soft Max Capacity: 64M(100%)
[2026-06-17T10:07:37.033+0800][0.340s][info][gc,heap     ] GC(15) Y: Heap Statistics:
[2026-06-17T10:07:37.033+0800][0.340s][info][gc,heap     ] GC(15) Y:                Mark Start          Mark End        Relocate Start      Relocate End           High               Low         
[2026-06-17T10:07:37.033+0800][0.340s][info][gc,heap     ] GC(15) Y:  Capacity:       64M (100%)         64M (100%)         64M (100%)         64M (100%)         64M (100%)         64M (100%)   
[2026-06-17T10:07:37.033+0800][0.340s][info][gc,heap     ] GC(15) Y:      Free:        0M (0%)            0M (0%)            0M (0%)            0M (0%)            0M (0%)            0M (0%)     
[2026-06-17T10:07:37.033+0800][0.341s][info][gc,heap     ] GC(15) Y:      Used:       64M (100%)         64M (100%)         64M (100%)         64M (100%)         64M (100%)         64M (100%)   
[2026-06-17T10:07:37.033+0800][0.341s][info][gc,heap     ] GC(15) Y: Young Generation Statistics:
[2026-06-17T10:07:37.033+0800][0.341s][info][gc,heap     ] GC(15) Y:                Mark Start          Mark End        Relocate Start      Relocate End    
[2026-06-17T10:07:37.033+0800][0.341s][info][gc,heap     ] GC(15) Y:      Used:        0M (0%)            0M (0%)            0M (0%)            0M (0%)     
[2026-06-17T10:07:37.033+0800][0.341s][info][gc,heap     ] GC(15) Y:      Live:         -                 0M (0%)            0M (0%)            0M (0%)     
[2026-06-17T10:07:37.033+0800][0.341s][info][gc,heap     ] GC(15) Y:   Garbage:         -                 0M (0%)            0M (0%)            0M (0%)     
[2026-06-17T10:07:37.034+0800][0.341s][info][gc,heap     ] GC(15) Y: Allocated:         -                 0M (0%)            0M (0%)            0M (0%)     
[2026-06-17T10:07:37.034+0800][0.341s][info][gc,heap     ] GC(15) Y: Reclaimed:         -                  -                 0M (0%)            0M (0%)     
[2026-06-17T10:07:37.034+0800][0.341s][info][gc,heap     ] GC(15) Y:  Promoted:         -                  -                 0M (0%)            0M (0%)     
[2026-06-17T10:07:37.034+0800][0.341s][info][gc,heap     ] GC(15) Y: Compacted:         -                  -                  -                 0M (0%)     
[2026-06-17T10:07:37.034+0800][0.341s][info][gc,phases   ] GC(15) Y: Young Generation (Promote All) 64M(100%)->64M(100%) 0.002s
[2026-06-17T10:07:37.034+0800][0.341s][info][gc,phases   ] GC(15) Y: Young Generation (Collect Roots)
[2026-06-17T10:07:37.034+0800][0.341s][info][gc,phases   ] GC(15) Y: Pause Mark Start (Major) 0.005ms
[2026-06-17T10:07:37.034+0800][0.342s][info][gc,phases   ] GC(15) Y: Concurrent Mark 0.292ms
[2026-06-17T10:07:37.035+0800][0.342s][info][gc,phases   ] GC(15) Y: Pause Mark End 0.004ms
[2026-06-17T10:07:37.035+0800][0.342s][info][gc,phases   ] GC(15) Y: Concurrent Mark Free 0.000ms
[2026-06-17T10:07:37.035+0800][0.342s][info][gc,phases   ] GC(15) Y: Concurrent Reset Relocation Set 0.000ms
[2026-06-17T10:07:37.035+0800][0.342s][info][gc,reloc    ] GC(15) Y: Using tenuring threshold: 0 (Computed)
[2026-06-17T10:07:37.035+0800][0.342s][info][gc,phases   ] GC(15) Y: Concurrent Select Relocation Set 0.167ms
[2026-06-17T10:07:37.035+0800][0.342s][info][gc,phases   ] GC(15) Y: Pause Relocate Start 0.003ms
[2026-06-17T10:07:37.035+0800][0.343s][info][gc,phases   ] GC(15) Y: Concurrent Relocate 0.079ms
[2026-06-17T10:07:37.035+0800][0.343s][info][gc,alloc    ] GC(15) Y:                         Mark Start        Mark End      Relocate Start    Relocate End   
[2026-06-17T10:07:37.035+0800][0.343s][info][gc,alloc    ] GC(15) Y: Allocation Stalls:          1                1                1                1         
[2026-06-17T10:07:37.035+0800][0.343s][info][gc,load     ] GC(15) Y: Load: 0.45 (2%) / 0.45 (2%) / 0.50 (2%)
[2026-06-17T10:07:37.036+0800][0.343s][info][gc,mmu      ] GC(15) Y: MMU: 2ms/99.0%, 5ms/99.4%, 10ms/99.7%, 20ms/99.7%, 50ms/99.8%, 100ms/99.8%
[2026-06-17T10:07:37.036+0800][0.343s][info][gc,marking  ] GC(15) Y: Mark: 1 stripe(s), 1 proactive flush(es), 1 terminate flush(es), 0 completion(s), 0 continuation(s) 
[2026-06-17T10:07:37.036+0800][0.343s][info][gc,nmethod  ] GC(15) Y: NMethods: 68 registered, 4 unregistered
[2026-06-17T10:07:37.036+0800][0.343s][info][gc,metaspace] GC(15) Y: Metaspace: 0M used, 0M committed, 1088M reserved
[2026-06-17T10:07:37.036+0800][0.343s][info][gc,heap     ] GC(15) Y: Min Capacity: 64M(100%)
[2026-06-17T10:07:37.036+0800][0.343s][info][gc,heap     ] GC(15) Y: Max Capacity: 64M(100%)
[2026-06-17T10:07:37.036+0800][0.343s][info][gc,heap     ] GC(15) Y: Soft Max Capacity: 64M(100%)
[2026-06-17T10:07:37.036+0800][0.343s][info][gc,heap     ] GC(15) Y: Heap Statistics:
[2026-06-17T10:07:37.036+0800][0.343s][info][gc,heap     ] GC(15) Y:                Mark Start          Mark End        Relocate Start      Relocate End           High               Low         
[2026-06-17T10:07:37.036+0800][0.344s][info][gc,heap     ] GC(15) Y:  Capacity:       64M (100%)         64M (100%)         64M (100%)         64M (100%)         64M (100%)         64M (100%)   
[2026-06-17T10:07:37.036+0800][0.344s][info][gc,heap     ] GC(15) Y:      Free:        0M (0%)            0M (0%)            0M (0%)            0M (0%)            0M (0%)            0M (0%)     
[2026-06-17T10:07:37.036+0800][0.344s][info][gc,heap     ] GC(15) Y:      Used:       64M (100%)         64M (100%)         64M (100%)         64M (100%)         64M (100%)         64M (100%)   
[2026-06-17T10:07:37.036+0800][0.344s][info][gc,heap     ] GC(15) Y: Young Generation Statistics:
[2026-06-17T10:07:37.036+0800][0.344s][info][gc,heap     ] GC(15) Y:                Mark Start          Mark End        Relocate Start      Relocate End    
[2026-06-17T10:07:37.036+0800][0.344s][info][gc,heap     ] GC(15) Y:      Used:        0M (0%)            0M (0%)            0M (0%)            0M (0%)     
[2026-06-17T10:07:37.037+0800][0.344s][info][gc,heap     ] GC(15) Y:      Live:         -                 0M (0%)            0M (0%)            0M (0%)     
[2026-06-17T10:07:37.037+0800][0.344s][info][gc,heap     ] GC(15) Y:   Garbage:         -                 0M (0%)            0M (0%)            0M (0%)     
[2026-06-17T10:07:37.037+0800][0.344s][info][gc,heap     ] GC(15) Y: Allocated:         -                 0M (0%)            0M (0%)            0M (0%)     
[2026-06-17T10:07:37.037+0800][0.344s][info][gc,heap     ] GC(15) Y: Reclaimed:         -                  -                 0M (0%)            0M (0%)     
[2026-06-17T10:07:37.037+0800][0.344s][info][gc,heap     ] GC(15) Y:  Promoted:         -                  -                 0M (0%)            0M (0%)     
[2026-06-17T10:07:37.037+0800][0.344s][info][gc,heap     ] GC(15) Y: Compacted:         -                  -                  -                 0M (0%)     
[2026-06-17T10:07:37.037+0800][0.344s][info][gc,phases   ] GC(15) Y: Young Generation (Collect Roots) 64M(100%)->64M(100%) 0.001s
[2026-06-17T10:07:37.037+0800][0.344s][info][gc,phases   ] GC(15) O: Old Generation
[2026-06-17T10:07:37.038+0800][0.345s][info][gc,phases   ] GC(15) O: Concurrent Mark 0.798ms
[2026-06-17T10:07:37.038+0800][0.345s][info][gc,phases   ] GC(15) O: Pause Mark End 0.005ms
[2026-06-17T10:07:37.038+0800][0.346s][info][gc,phases   ] GC(15) O: Concurrent Mark Free 0.001ms
[2026-06-17T10:07:37.038+0800][0.346s][info][gc,ref      ] GC(15) O: Clearing All SoftReferences
[2026-06-17T10:07:37.039+0800][0.346s][info][gc,phases   ] GC(15) O: Concurrent Process Non-Strong 0.329ms
[2026-06-17T10:07:37.039+0800][0.346s][info][gc,phases   ] GC(15) O: Concurrent Reset Relocation Set 0.000ms
[2026-06-17T10:07:37.039+0800][0.346s][info][gc          ] Allocation Stall (main) 11.817ms
[2026-06-17T10:07:37.039+0800][0.346s][info][gc,phases   ] GC(15) O: Concurrent Select Relocation Set 0.047ms
[2026-06-17T10:07:37.039+0800][0.346s][info][gc,task     ] GC(15) O: Using 1 Workers for Old Generation
[2026-06-17T10:07:37.039+0800][0.347s][info][gc,task     ] GC(15) O: Using 1 Workers for Old Generation
[2026-06-17T10:07:37.039+0800][0.347s][info][gc,phases   ] GC(15) O: Concurrent Remap Roots 0.282ms
[2026-06-17T10:07:37.039+0800][0.347s][info][gc,phases   ] GC(15) O: Pause Relocate Start 0.004ms
[2026-06-17T10:07:37.040+0800][0.347s][info][gc,phases   ] GC(15) O: Concurrent Relocate 0.054ms
[2026-06-17T10:07:37.040+0800][0.347s][info][gc,alloc    ] GC(15) O:                         Mark Start        Mark End      Relocate Start    Relocate End   
[2026-06-17T10:07:37.040+0800][0.347s][info][gc,alloc    ] GC(15) O: Allocation Stalls:          1                1                0                0         
[2026-06-17T10:07:37.040+0800][0.347s][info][gc,load     ] GC(15) O: Load: 0.45 (2%) / 0.45 (2%) / 0.50 (2%)
[2026-06-17T10:07:37.040+0800][0.347s][info][gc,mmu      ] GC(15) O: MMU: 2ms/99.0%, 5ms/99.4%, 10ms/99.7%, 20ms/99.7%, 50ms/99.8%, 100ms/99.8%
[2026-06-17T10:07:37.040+0800][0.347s][info][gc,marking  ] GC(15) O: Mark: 1 stripe(s), 1 proactive flush(es), 1 terminate flush(es), 0 completion(s), 0 continuation(s) 
[2026-06-17T10:07:37.040+0800][0.347s][info][gc,nmethod  ] GC(15) O: NMethods: 68 registered, 4 unregistered
[2026-06-17T10:07:37.040+0800][0.347s][info][gc,metaspace] GC(15) O: Metaspace: 0M used, 0M committed, 1088M reserved
[2026-06-17T10:07:37.040+0800][0.348s][info][gc,ref      ] GC(15) O:                       Encountered   Discovered     Enqueued 
[2026-06-17T10:07:37.040+0800][0.348s][info][gc,ref      ] GC(15) O: Soft References:                0            0            0 
[2026-06-17T10:07:37.040+0800][0.348s][info][gc,ref      ] GC(15) O: Weak References:                6            0            0 
[2026-06-17T10:07:37.040+0800][0.348s][info][gc,ref      ] GC(15) O: Final References:               0            0            0 
[2026-06-17T10:07:37.040+0800][0.348s][info][gc,ref      ] GC(15) O: Phantom References:             1            1            0 
[2026-06-17T10:07:37.040+0800][0.348s][info][gc,reloc    ] GC(15) O:                        Candidates     Selected     In-Place         Size        Empty    Relocated 
[2026-06-17T10:07:37.040+0800][0.348s][info][gc,reloc    ] GC(15) O: Small Pages:                    5            0            0          10M           2M           0M 
[2026-06-17T10:07:37.041+0800][0.348s][info][gc,reloc    ] GC(15) O: Large Pages:                   27            0            0          54M           0M           0M 
[2026-06-17T10:07:37.041+0800][0.348s][info][gc,reloc    ] GC(15) O: Forwarding Usage: 0M
[2026-06-17T10:07:37.041+0800][0.348s][info][gc,heap     ] GC(15) O: Min Capacity: 64M(100%)
[2026-06-17T10:07:37.041+0800][0.348s][info][gc,heap     ] GC(15) O: Max Capacity: 64M(100%)
[2026-06-17T10:07:37.041+0800][0.348s][info][gc,heap     ] GC(15) O: Soft Max Capacity: 64M(100%)
[2026-06-17T10:07:37.041+0800][0.348s][info][gc,heap     ] GC(15) O: Heap Statistics:
[2026-06-17T10:07:37.041+0800][0.348s][info][gc,heap     ] GC(15) O:                Mark Start          Mark End        Relocate Start      Relocate End           High               Low         
[2026-06-17T10:07:37.041+0800][0.348s][info][gc,heap     ] GC(15) O:  Capacity:       64M (100%)         64M (100%)         64M (100%)         64M (100%)         64M (100%)         64M (100%)   
[2026-06-17T10:07:37.041+0800][0.348s][info][gc,heap     ] GC(15) O:      Free:        0M (0%)            0M (0%)            0M (0%)            0M (0%)            2M (3%)            0M (0%)     
[2026-06-17T10:07:37.041+0800][0.349s][info][gc,heap     ] GC(15) O:      Used:       64M (100%)         64M (100%)         64M (100%)         64M (100%)         64M (100%)         62M (97%)    
[2026-06-17T10:07:37.041+0800][0.349s][info][gc,heap     ] GC(15) O: Old Generation Statistics:
[2026-06-17T10:07:37.041+0800][0.349s][info][gc,heap     ] GC(15) O:                Mark Start          Mark End        Relocate Start      Relocate End    
[2026-06-17T10:07:37.041+0800][0.349s][info][gc,heap     ] GC(15) O:      Used:       64M (100%)         64M (100%)         62M (97%)          62M (97%)    
[2026-06-17T10:07:37.041+0800][0.349s][info][gc,heap     ] GC(15) O:      Live:         -                59M (94%)          59M (94%)          59M (94%)    
[2026-06-17T10:07:37.041+0800][0.349s][info][gc,heap     ] GC(15) O:   Garbage:         -                 4M (6%)            2M (3%)            2M (3%)     
[2026-06-17T10:07:37.042+0800][0.349s][info][gc,heap     ] GC(15) O: Allocated:         -                 0M (0%)            0M (0%)            0M (0%)     
[2026-06-17T10:07:37.042+0800][0.349s][info][gc,heap     ] GC(15) O: Reclaimed:         -                  -                 2M (3%)            2M (3%)     
[2026-06-17T10:07:37.042+0800][0.349s][info][gc,heap     ] GC(15) O: Compacted:         -                  -                  -                 0M (0%)     
[2026-06-17T10:07:37.042+0800][0.349s][info][gc,phases   ] GC(15) O: Old Generation 64M(100%)->64M(100%) 0.003s
[2026-06-17T10:07:37.042+0800][0.349s][info][gc          ] GC(15) Major Collection (Allocation Stall) 64M(100%)->64M(100%) 0.012s
[2026-06-17T10:07:37.251+0800][0.558s][info][gc          ] GC(16) Minor Collection (Allocation Stall)
[2026-06-17T10:07:37.252+0800][0.559s][info][gc,task     ] GC(16) Using 1 Workers for Young Generation
[2026-06-17T10:07:37.252+0800][0.560s][info][gc,phases   ] GC(16) y: Young Generation
[2026-06-17T10:07:37.253+0800][0.561s][info][gc,phases   ] GC(16) y: Pause Mark Start 0.026ms
[2026-06-17T10:07:37.256+0800][0.563s][info][gc,phases   ] GC(16) y: Concurrent Mark 1.878ms
[2026-06-17T10:07:37.257+0800][0.564s][info][gc,phases   ] GC(16) y: Pause Mark End 0.016ms
[2026-06-17T10:07:37.257+0800][0.565s][info][gc,phases   ] GC(16) y: Concurrent Mark Free 0.002ms
[2026-06-17T10:07:37.258+0800][0.565s][info][gc,phases   ] GC(16) y: Concurrent Reset Relocation Set 0.001ms
[2026-06-17T10:07:37.258+0800][0.566s][info][gc,reloc    ] GC(16) y: Using tenuring threshold: 1 (Computed)
[2026-06-17T10:07:37.259+0800][0.567s][info][gc,phases   ] GC(16) y: Concurrent Select Relocation Set 0.888ms
[2026-06-17T10:07:37.260+0800][0.567s][info][gc,phases   ] GC(16) y: Pause Relocate Start 0.010ms
[2026-06-17T10:07:37.260+0800][0.568s][info][gc,phases   ] GC(16) y: Concurrent Relocate 0.284ms
[2026-06-17T10:07:37.261+0800][0.568s][info][gc,alloc    ] GC(16) y:                         Mark Start        Mark End      Relocate Start    Relocate End   
[2026-06-17T10:07:37.261+0800][0.568s][info][gc,alloc    ] GC(16) y: Allocation Stalls:          1                1                1                1         
[2026-06-17T10:07:37.261+0800][0.569s][info][gc,load     ] GC(16) y: Load: 0.45 (2%) / 0.45 (2%) / 0.50 (2%)
[2026-06-17T10:07:37.262+0800][0.569s][info][gc,mmu      ] GC(16) y: MMU: 2ms/98.7%, 5ms/99.2%, 10ms/99.5%, 20ms/99.7%, 50ms/99.8%, 100ms/99.8%
[2026-06-17T10:07:37.262+0800][0.570s][info][gc,marking  ] GC(16) y: Mark: 1 stripe(s), 1 proactive flush(es), 1 terminate flush(es), 0 completion(s), 0 continuation(s) 
[2026-06-17T10:07:37.262+0800][0.570s][info][gc,nmethod  ] GC(16) y: NMethods: 68 registered, 4 unregistered
[2026-06-17T10:07:37.263+0800][0.570s][info][gc,metaspace] GC(16) y: Metaspace: 0M used, 0M committed, 1088M reserved
[2026-06-17T10:07:37.263+0800][0.570s][info][gc,reloc    ] GC(16) y:                        Candidates     Selected     In-Place         Size        Empty    Relocated 
[2026-06-17T10:07:37.263+0800][0.571s][info][gc,reloc    ] GC(16) y: Small Pages:                    1            0            0           2M           0M           0M 
[2026-06-17T10:07:37.263+0800][0.571s][info][gc,reloc    ] GC(16) y: Large Pages:                    0            0            0           0M           0M           0M 
[2026-06-17T10:07:37.264+0800][0.571s][info][gc,reloc    ] GC(16) y: Forwarding Usage: 0M
[2026-06-17T10:07:37.264+0800][0.571s][info][gc,reloc    ] GC(16) y: Age Table:
[2026-06-17T10:07:37.264+0800][0.571s][info][gc,reloc    ] GC(16) y:                    Live             Garbage             Small              Medium             Large        
[2026-06-17T10:07:37.264+0800][0.572s][info][gc,reloc    ] GC(16) y: Eden               1M (3%)            0M (0%)           1 / 0              0 / 0              0 / 0        
[2026-06-17T10:07:37.264+0800][0.572s][info][gc,heap     ] GC(16) y: Min Capacity: 64M(100%)
[2026-06-17T10:07:37.265+0800][0.572s][info][gc,heap     ] GC(16) y: Max Capacity: 64M(100%)
[2026-06-17T10:07:37.265+0800][0.572s][info][gc,heap     ] GC(16) y: Soft Max Capacity: 64M(100%)
[2026-06-17T10:07:37.265+0800][0.572s][info][gc,heap     ] GC(16) y: Heap Statistics:
[2026-06-17T10:07:37.265+0800][0.572s][info][gc,heap     ] GC(16) y:                Mark Start          Mark End        Relocate Start      Relocate End           High               Low         
[2026-06-17T10:07:37.265+0800][0.573s][info][gc,heap     ] GC(16) y:  Capacity:       64M (100%)         64M (100%)         64M (100%)         64M (100%)         64M (100%)         64M (100%)   
[2026-06-17T10:07:37.265+0800][0.573s][info][gc,heap     ] GC(16) y:      Free:        0M (0%)            0M (0%)            0M (0%)            0M (0%)            0M (0%)            0M (0%)     
[2026-06-17T10:07:37.265+0800][0.573s][info][gc,heap     ] GC(16) y:      Used:       64M (100%)         64M (100%)         64M (100%)         64M (100%)         64M (100%)         64M (100%)   
[2026-06-17T10:07:37.266+0800][0.573s][info][gc,heap     ] GC(16) y: Young Generation Statistics:
[2026-06-17T10:07:37.266+0800][0.573s][info][gc,heap     ] GC(16) y:                Mark Start          Mark End        Relocate Start      Relocate End    
[2026-06-17T10:07:37.266+0800][0.573s][info][gc,heap     ] GC(16) y:      Used:        2M (3%)            2M (3%)            2M (3%)            2M (3%)     
[2026-06-17T10:07:37.266+0800][0.573s][info][gc,heap     ] GC(16) y:      Live:         -                 1M (3%)            1M (3%)            1M (3%)     
[2026-06-17T10:07:37.266+0800][0.574s][info][gc,heap     ] GC(16) y:   Garbage:         -                 0M (0%)            0M (0%)            0M (0%)     
[2026-06-17T10:07:37.266+0800][0.574s][info][gc,heap     ] GC(16) y: Allocated:         -                 0M (0%)            0M (0%)            0M (0%)     
[2026-06-17T10:07:37.266+0800][0.574s][info][gc,heap     ] GC(16) y: Reclaimed:         -                  -                 0M (0%)            0M (0%)     
[2026-06-17T10:07:37.267+0800][0.574s][info][gc,heap     ] GC(16) y:  Promoted:         -                  -                 0M (0%)            0M (0%)     
[2026-06-17T10:07:37.267+0800][0.574s][info][gc,heap     ] GC(16) y: Compacted:         -                  -                  -                 0M (0%)     
[2026-06-17T10:07:37.267+0800][0.574s][info][gc,phases   ] GC(16) y: Young Generation 64M(100%)->64M(100%) 0.008s
[2026-06-17T10:07:37.267+0800][0.574s][info][gc          ] GC(16) Minor Collection (Allocation Stall) 64M(100%)->64M(100%) 0.016s
[2026-06-17T10:07:37.267+0800][0.574s][info][gc          ] GC(17) Major Collection (Allocation Stall)
[2026-06-17T10:07:37.267+0800][0.575s][info][gc,task     ] GC(17) Using 1 Workers for Young Generation
[2026-06-17T10:07:37.267+0800][0.575s][info][gc,task     ] GC(17) Using 1 Workers for Old Generation
[2026-06-17T10:07:37.267+0800][0.575s][info][gc,phases   ] GC(17) Y: Young Generation (Promote All)
[2026-06-17T10:07:37.268+0800][0.575s][info][gc,phases   ] GC(17) Y: Pause Mark Start 0.007ms
[2026-06-17T10:07:37.268+0800][0.576s][info][gc,phases   ] GC(17) Y: Concurrent Mark 0.517ms
[2026-06-17T10:07:37.269+0800][0.576s][info][gc,phases   ] GC(17) Y: Pause Mark End 0.006ms
[2026-06-17T10:07:37.269+0800][0.576s][info][gc,phases   ] GC(17) Y: Concurrent Mark Free 0.001ms
[2026-06-17T10:07:37.269+0800][0.576s][info][gc,phases   ] GC(17) Y: Concurrent Reset Relocation Set 0.000ms
[2026-06-17T10:07:37.269+0800][0.576s][info][gc,reloc    ] GC(17) Y: Using tenuring threshold: 0 (Promote All)
[2026-06-17T10:07:37.269+0800][0.577s][info][gc,phases   ] GC(17) Y: Concurrent Select Relocation Set 0.241ms
[2026-06-17T10:07:37.269+0800][0.577s][info][gc,phases   ] GC(17) Y: Pause Relocate Start 0.004ms
[2026-06-17T10:07:37.270+0800][0.577s][info][gc,phases   ] GC(17) Y: Concurrent Relocate 0.114ms
[2026-06-17T10:07:37.270+0800][0.577s][info][gc,alloc    ] GC(17) Y:                         Mark Start        Mark End      Relocate Start    Relocate End   
[2026-06-17T10:07:37.270+0800][0.577s][info][gc,alloc    ] GC(17) Y: Allocation Stalls:          1                1                1                1         
[2026-06-17T10:07:37.270+0800][0.577s][info][gc,load     ] GC(17) Y: Load: 0.45 (2%) / 0.45 (2%) / 0.50 (2%)
[2026-06-17T10:07:37.270+0800][0.577s][info][gc,mmu      ] GC(17) Y: MMU: 2ms/98.7%, 5ms/99.2%, 10ms/99.5%, 20ms/99.7%, 50ms/99.8%, 100ms/99.8%
[2026-06-17T10:07:37.270+0800][0.577s][info][gc,marking  ] GC(17) Y: Mark: 1 stripe(s), 1 proactive flush(es), 1 terminate flush(es), 0 completion(s), 0 continuation(s) 
[2026-06-17T10:07:37.270+0800][0.577s][info][gc,nmethod  ] GC(17) Y: NMethods: 68 registered, 4 unregistered
[2026-06-17T10:07:37.270+0800][0.578s][info][gc,metaspace] GC(17) Y: Metaspace: 0M used, 0M committed, 1088M reserved
[2026-06-17T10:07:37.270+0800][0.578s][info][gc,reloc    ] GC(17) Y:                        Candidates     Selected     In-Place         Size        Empty    Relocated 
[2026-06-17T10:07:37.270+0800][0.578s][info][gc,reloc    ] GC(17) Y: Small Pages:                    1            0            0           2M           0M           0M 
[2026-06-17T10:07:37.270+0800][0.578s][info][gc,reloc    ] GC(17) Y: Large Pages:                    0            0            0           0M           0M           0M 
[2026-06-17T10:07:37.271+0800][0.578s][info][gc,reloc    ] GC(17) Y: Forwarding Usage: 0M
[2026-06-17T10:07:37.271+0800][0.578s][info][gc,reloc    ] GC(17) Y: Age Table:
[2026-06-17T10:07:37.271+0800][0.578s][info][gc,reloc    ] GC(17) Y:                    Live             Garbage             Small              Medium             Large        
[2026-06-17T10:07:37.271+0800][0.578s][info][gc,reloc    ] GC(17) Y: Eden                -                 0M (0%)           0 / 0              0 / 0              0 / 0        
[2026-06-17T10:07:37.271+0800][0.578s][info][gc,reloc    ] GC(17) Y: Survivor 1         1M (3%)            0M (0%)           1 / 0              0 / 0              0 / 0        
[2026-06-17T10:07:37.271+0800][0.578s][info][gc,heap     ] GC(17) Y: Min Capacity: 64M(100%)
[2026-06-17T10:07:37.271+0800][0.579s][info][gc,heap     ] GC(17) Y: Max Capacity: 64M(100%)
[2026-06-17T10:07:37.271+0800][0.579s][info][gc,heap     ] GC(17) Y: Soft Max Capacity: 64M(100%)
[2026-06-17T10:07:37.271+0800][0.579s][info][gc,heap     ] GC(17) Y: Heap Statistics:
[2026-06-17T10:07:37.271+0800][0.579s][info][gc,heap     ] GC(17) Y:                Mark Start          Mark End        Relocate Start      Relocate End           High               Low         
[2026-06-17T10:07:37.271+0800][0.579s][info][gc,heap     ] GC(17) Y:  Capacity:       64M (100%)         64M (100%)         64M (100%)         64M (100%)         64M (100%)         64M (100%)   
[2026-06-17T10:07:37.271+0800][0.579s][info][gc,heap     ] GC(17) Y:      Free:        0M (0%)            0M (0%)            0M (0%)            0M (0%)            0M (0%)            0M (0%)     
[2026-06-17T10:07:37.272+0800][0.579s][info][gc,heap     ] GC(17) Y:      Used:       64M (100%)         64M (100%)         64M (100%)         64M (100%)         64M (100%)         64M (100%)   
[2026-06-17T10:07:37.272+0800][0.579s][info][gc,heap     ] GC(17) Y: Young Generation Statistics:
[2026-06-17T10:07:37.272+0800][0.579s][info][gc,heap     ] GC(17) Y:                Mark Start          Mark End        Relocate Start      Relocate End    
[2026-06-17T10:07:37.272+0800][0.579s][info][gc,heap     ] GC(17) Y:      Used:        2M (3%)            2M (3%)            0M (0%)            0M (0%)     
[2026-06-17T10:07:37.272+0800][0.579s][info][gc,heap     ] GC(17) Y:      Live:         -                 1M (3%)            0M (0%)            0M (0%)     
[2026-06-17T10:07:37.272+0800][0.579s][info][gc,heap     ] GC(17) Y:   Garbage:         -                 0M (0%)            0M (0%)            0M (0%)     
[2026-06-17T10:07:37.272+0800][0.579s][info][gc,heap     ] GC(17) Y: Allocated:         -                 0M (0%)            0M (0%)            0M (0%)     
[2026-06-17T10:07:37.272+0800][0.579s][info][gc,heap     ] GC(17) Y: Reclaimed:         -                  -                 0M (0%)            0M (0%)     
[2026-06-17T10:07:37.272+0800][0.580s][info][gc,heap     ] GC(17) Y:  Promoted:         -                  -                 1M (3%)            1M (3%)     
[2026-06-17T10:07:37.272+0800][0.580s][info][gc,heap     ] GC(17) Y: Compacted:         -                  -                  -                 0M (0%)     
[2026-06-17T10:07:37.272+0800][0.580s][info][gc,phases   ] GC(17) Y: Young Generation (Promote All) 64M(100%)->64M(100%) 0.002s
[2026-06-17T10:07:37.272+0800][0.580s][info][gc,phases   ] GC(17) Y: Young Generation (Collect Roots)
[2026-06-17T10:07:37.273+0800][0.580s][info][gc,phases   ] GC(17) Y: Pause Mark Start (Major) 0.006ms
[2026-06-17T10:07:37.273+0800][0.580s][info][gc,phases   ] GC(17) Y: Concurrent Mark 0.318ms
[2026-06-17T10:07:37.273+0800][0.580s][info][gc,phases   ] GC(17) Y: Pause Mark End 0.003ms
[2026-06-17T10:07:37.273+0800][0.581s][info][gc,phases   ] GC(17) Y: Concurrent Mark Free 0.000ms
[2026-06-17T10:07:37.273+0800][0.581s][info][gc,phases   ] GC(17) Y: Concurrent Reset Relocation Set 0.001ms
[2026-06-17T10:07:37.273+0800][0.581s][info][gc,reloc    ] GC(17) Y: Using tenuring threshold: 0 (Computed)
[2026-06-17T10:07:37.273+0800][0.581s][info][gc,phases   ] GC(17) Y: Concurrent Select Relocation Set 0.169ms
[2026-06-17T10:07:37.274+0800][0.581s][info][gc,phases   ] GC(17) Y: Pause Relocate Start 0.002ms
[2026-06-17T10:07:37.274+0800][0.582s][info][gc,phases   ] GC(17) Y: Concurrent Relocate 0.099ms
[2026-06-17T10:07:37.274+0800][0.582s][info][gc,alloc    ] GC(17) Y:                         Mark Start        Mark End      Relocate Start    Relocate End   
[2026-06-17T10:07:37.274+0800][0.582s][info][gc,alloc    ] GC(17) Y: Allocation Stalls:          1                1                1                1         
[2026-06-17T10:07:37.274+0800][0.582s][info][gc,load     ] GC(17) Y: Load: 0.45 (2%) / 0.45 (2%) / 0.50 (2%)
[2026-06-17T10:07:37.274+0800][0.582s][info][gc,mmu      ] GC(17) Y: MMU: 2ms/98.7%, 5ms/99.2%, 10ms/99.5%, 20ms/99.6%, 50ms/99.8%, 100ms/99.8%
[2026-06-17T10:07:37.275+0800][0.582s][info][gc,marking  ] GC(17) Y: Mark: 1 stripe(s), 1 proactive flush(es), 1 terminate flush(es), 0 completion(s), 0 continuation(s) 
[2026-06-17T10:07:37.275+0800][0.582s][info][gc,nmethod  ] GC(17) Y: NMethods: 68 registered, 4 unregistered
[2026-06-17T10:07:37.275+0800][0.582s][info][gc,metaspace] GC(17) Y: Metaspace: 0M used, 0M committed, 1088M reserved
[2026-06-17T10:07:37.275+0800][0.582s][info][gc,heap     ] GC(17) Y: Min Capacity: 64M(100%)
[2026-06-17T10:07:37.275+0800][0.582s][info][gc,heap     ] GC(17) Y: Max Capacity: 64M(100%)
[2026-06-17T10:07:37.275+0800][0.582s][info][gc,heap     ] GC(17) Y: Soft Max Capacity: 64M(100%)
[2026-06-17T10:07:37.275+0800][0.582s][info][gc,heap     ] GC(17) Y: Heap Statistics:
[2026-06-17T10:07:37.275+0800][0.582s][info][gc,heap     ] GC(17) Y:                Mark Start          Mark End        Relocate Start      Relocate End           High               Low         
[2026-06-17T10:07:37.275+0800][0.583s][info][gc,heap     ] GC(17) Y:  Capacity:       64M (100%)         64M (100%)         64M (100%)         64M (100%)         64M (100%)         64M (100%)   
[2026-06-17T10:07:37.275+0800][0.583s][info][gc,heap     ] GC(17) Y:      Free:        0M (0%)            0M (0%)            0M (0%)            0M (0%)            0M (0%)            0M (0%)     
[2026-06-17T10:07:37.275+0800][0.583s][info][gc,heap     ] GC(17) Y:      Used:       64M (100%)         64M (100%)         64M (100%)         64M (100%)         64M (100%)         64M (100%)   
[2026-06-17T10:07:37.275+0800][0.583s][info][gc,heap     ] GC(17) Y: Young Generation Statistics:
[2026-06-17T10:07:37.275+0800][0.583s][info][gc,heap     ] GC(17) Y:                Mark Start          Mark End        Relocate Start      Relocate End    
[2026-06-17T10:07:37.275+0800][0.583s][info][gc,heap     ] GC(17) Y:      Used:        0M (0%)            0M (0%)            0M (0%)            0M (0%)     
[2026-06-17T10:07:37.275+0800][0.583s][info][gc,heap     ] GC(17) Y:      Live:         -                 0M (0%)            0M (0%)            0M (0%)     
[2026-06-17T10:07:37.276+0800][0.583s][info][gc,heap     ] GC(17) Y:   Garbage:         -                 0M (0%)            0M (0%)            0M (0%)     
[2026-06-17T10:07:37.276+0800][0.583s][info][gc,heap     ] GC(17) Y: Allocated:         -                 0M (0%)            0M (0%)            0M (0%)     
[2026-06-17T10:07:37.276+0800][0.583s][info][gc,heap     ] GC(17) Y: Reclaimed:         -                  -                 0M (0%)            0M (0%)     
[2026-06-17T10:07:37.276+0800][0.583s][info][gc,heap     ] GC(17) Y:  Promoted:         -                  -                 0M (0%)            0M (0%)     
[2026-06-17T10:07:37.276+0800][0.583s][info][gc,heap     ] GC(17) Y: Compacted:         -                  -                  -                 0M (0%)     
[2026-06-17T10:07:37.276+0800][0.583s][info][gc,phases   ] GC(17) Y: Young Generation (Collect Roots) 64M(100%)->64M(100%) 0.002s
[2026-06-17T10:07:37.276+0800][0.583s][info][gc,phases   ] GC(17) O: Old Generation
[2026-06-17T10:07:37.277+0800][0.584s][info][gc,phases   ] GC(17) O: Concurrent Mark 0.805ms
[2026-06-17T10:07:37.277+0800][0.584s][info][gc,phases   ] GC(17) O: Pause Mark End 0.005ms
[2026-06-17T10:07:37.277+0800][0.585s][info][gc,phases   ] GC(17) O: Concurrent Mark Free 0.001ms
[2026-06-17T10:07:37.277+0800][0.585s][info][gc,ref      ] GC(17) O: Clearing All SoftReferences
[2026-06-17T10:07:37.277+0800][0.585s][info][gc,phases   ] GC(17) O: Concurrent Process Non-Strong 0.280ms
[2026-06-17T10:07:37.278+0800][0.585s][info][gc,phases   ] GC(17) O: Concurrent Reset Relocation Set 0.000ms
[2026-06-17T10:07:37.278+0800][0.585s][info][gc          ] Allocation Stall (main) 27.113ms
[2026-06-17T10:07:37.278+0800][0.585s][info][gc,phases   ] GC(17) O: Concurrent Select Relocation Set 0.089ms
[2026-06-17T10:07:37.278+0800][0.585s][info][gc,task     ] GC(17) O: Using 1 Workers for Old Generation
[2026-06-17T10:07:37.278+0800][0.585s][info][gc,task     ] GC(17) O: Using 1 Workers for Old Generation
[2026-06-17T10:07:37.278+0800][0.586s][info][gc,phases   ] GC(17) O: Concurrent Remap Roots 0.267ms
[2026-06-17T10:07:37.278+0800][0.586s][info][gc,phases   ] GC(17) O: Pause Relocate Start 0.004ms
[2026-06-17T10:07:37.279+0800][0.587s][info][gc,phases   ] GC(17) O: Concurrent Relocate 0.846ms
[2026-06-17T10:07:37.279+0800][0.587s][info][gc,alloc    ] GC(17) O:                         Mark Start        Mark End      Relocate Start    Relocate End   
[2026-06-17T10:07:37.279+0800][0.587s][info][gc,alloc    ] GC(17) O: Allocation Stalls:          1                1                0                0         
[2026-06-17T10:07:37.279+0800][0.587s][info][gc,load     ] GC(17) O: Load: 0.45 (2%) / 0.45 (2%) / 0.50 (2%)
[2026-06-17T10:07:37.279+0800][0.587s][info][gc,mmu      ] GC(17) O: MMU: 2ms/98.7%, 5ms/99.2%, 10ms/99.5%, 20ms/99.6%, 50ms/99.8%, 100ms/99.8%
[2026-06-17T10:07:37.280+0800][0.587s][info][gc,marking  ] GC(17) O: Mark: 1 stripe(s), 1 proactive flush(es), 1 terminate flush(es), 0 completion(s), 0 continuation(s) 
[2026-06-17T10:07:37.280+0800][0.587s][info][gc,nmethod  ] GC(17) O: NMethods: 68 registered, 4 unregistered
[2026-06-17T10:07:37.280+0800][0.587s][info][gc,metaspace] GC(17) O: Metaspace: 0M used, 0M committed, 1088M reserved
[2026-06-17T10:07:37.280+0800][0.587s][info][gc,ref      ] GC(17) O:                       Encountered   Discovered     Enqueued 
[2026-06-17T10:07:37.280+0800][0.587s][info][gc,ref      ] GC(17) O: Soft References:                0            0            0 
[2026-06-17T10:07:37.280+0800][0.588s][info][gc,ref      ] GC(17) O: Weak References:                6            0            0 
[2026-06-17T10:07:37.280+0800][0.588s][info][gc,ref      ] GC(17) O: Final References:               0            0            0 
[2026-06-17T10:07:37.280+0800][0.588s][info][gc,ref      ] GC(17) O: Phantom References:             1            1            0 
[2026-06-17T10:07:37.280+0800][0.588s][info][gc,reloc    ] GC(17) O:                        Candidates     Selected     In-Place         Size        Empty    Relocated 
[2026-06-17T10:07:37.280+0800][0.588s][info][gc,reloc    ] GC(17) O: Small Pages:                    5            2            0          10M           2M           1M 
[2026-06-17T10:07:37.280+0800][0.588s][info][gc,reloc    ] GC(17) O: Large Pages:                   27            0            0          54M          32M           0M 
[2026-06-17T10:07:37.281+0800][0.588s][info][gc,reloc    ] GC(17) O: Forwarding Usage: 0M
[2026-06-17T10:07:37.281+0800][0.588s][info][gc,heap     ] GC(17) O: Min Capacity: 64M(100%)
[2026-06-17T10:07:37.281+0800][0.588s][info][gc,heap     ] GC(17) O: Max Capacity: 64M(100%)
[2026-06-17T10:07:37.281+0800][0.588s][info][gc,heap     ] GC(17) O: Soft Max Capacity: 64M(100%)
[2026-06-17T10:07:37.281+0800][0.588s][info][gc,heap     ] GC(17) O: Heap Statistics:
[2026-06-17T10:07:37.281+0800][0.588s][info][gc,heap     ] GC(17) O:                Mark Start          Mark End        Relocate Start      Relocate End           High               Low         
[2026-06-17T10:07:37.281+0800][0.588s][info][gc,heap     ] GC(17) O:  Capacity:       64M (100%)         64M (100%)         64M (100%)         64M (100%)         64M (100%)         64M (100%)   
[2026-06-17T10:07:37.281+0800][0.589s][info][gc,heap     ] GC(17) O:      Free:        0M (0%)            0M (0%)           32M (50%)          36M (56%)          36M (56%)           0M (0%)     
[2026-06-17T10:07:37.281+0800][0.589s][info][gc,heap     ] GC(17) O:      Used:       64M (100%)         64M (100%)         32M (50%)          28M (44%)          64M (100%)         28M (44%)    
[2026-06-17T10:07:37.281+0800][0.589s][info][gc,heap     ] GC(17) O: Old Generation Statistics:
[2026-06-17T10:07:37.281+0800][0.589s][info][gc,heap     ] GC(17) O:                Mark Start          Mark End        Relocate Start      Relocate End    
[2026-06-17T10:07:37.281+0800][0.589s][info][gc,heap     ] GC(17) O:      Used:       64M (100%)         64M (100%)         30M (47%)          26M (41%)    
[2026-06-17T10:07:37.281+0800][0.589s][info][gc,heap     ] GC(17) O:      Live:         -                25M (40%)          25M (40%)          25M (40%)    
[2026-06-17T10:07:37.282+0800][0.589s][info][gc,heap     ] GC(17) O:   Garbage:         -                38M (60%)           4M (7%)            0M (0%)     
[2026-06-17T10:07:37.282+0800][0.589s][info][gc,heap     ] GC(17) O: Allocated:         -                 0M (0%)            0M (0%)            0M (0%)     
[2026-06-17T10:07:37.282+0800][0.589s][info][gc,heap     ] GC(17) O: Reclaimed:         -                  -                34M (53%)          38M (60%)    
[2026-06-17T10:07:37.282+0800][0.589s][info][gc,heap     ] GC(17) O: Compacted:         -                  -                  -                 1M (3%)     
[2026-06-17T10:07:37.282+0800][0.589s][info][gc,phases   ] GC(17) O: Old Generation 64M(100%)->28M(44%) 0.003s
[2026-06-17T10:07:37.282+0800][0.589s][info][gc          ] GC(17) Major Collection (Allocation Stall) 64M(100%)->28M(44%) 0.015s
[2026-06-17T10:07:37.289+0800][0.596s][info][gc          ] GC(18) Major Collection (Allocation Rate)
[2026-06-17T10:07:37.289+0800][0.597s][info][gc,task     ] GC(18) Using 1 Workers for Young Generation
[2026-06-17T10:07:37.289+0800][0.597s][info][gc,task     ] GC(18) Using 1 Workers for Old Generation
[2026-06-17T10:07:37.289+0800][0.597s][info][gc,phases   ] GC(18) Y: Young Generation
[2026-06-17T10:07:37.289+0800][0.597s][info][gc,phases   ] GC(18) Y: Pause Mark Start (Major) 0.006ms
[2026-06-17T10:07:37.290+0800][0.597s][info][gc,phases   ] GC(18) Y: Concurrent Mark 0.310ms
[2026-06-17T10:07:37.290+0800][0.597s][info][gc,phases   ] GC(18) Y: Pause Mark End 0.004ms
[2026-06-17T10:07:37.290+0800][0.598s][info][gc,phases   ] GC(18) Y: Concurrent Mark Free 0.002ms
[2026-06-17T10:07:37.290+0800][0.598s][info][gc,phases   ] GC(18) Y: Concurrent Reset Relocation Set 0.000ms
[2026-06-17T10:07:37.290+0800][0.598s][info][gc,reloc    ] GC(18) Y: Using tenuring threshold: 1 (Computed)
[2026-06-17T10:07:37.291+0800][0.598s][info][gc,phases   ] GC(18) Y: Concurrent Select Relocation Set 0.233ms
[2026-06-17T10:07:37.291+0800][0.598s][info][gc,phases   ] GC(18) Y: Pause Relocate Start 0.003ms
[2026-06-17T10:07:37.291+0800][0.598s][info][gc,phases   ] GC(18) Y: Concurrent Relocate 0.081ms
[2026-06-17T10:07:37.291+0800][0.598s][info][gc,alloc    ] GC(18) Y:                         Mark Start        Mark End      Relocate Start    Relocate End   
[2026-06-17T10:07:37.291+0800][0.598s][info][gc,alloc    ] GC(18) Y: Allocation Stalls:          0                0                0                0         
[2026-06-17T10:07:37.291+0800][0.599s][info][gc,load     ] GC(18) Y: Load: 0.45 (2%) / 0.45 (2%) / 0.50 (2%)
[2026-06-17T10:07:37.291+0800][0.599s][info][gc,mmu      ] GC(18) Y: MMU: 2ms/98.7%, 5ms/99.2%, 10ms/99.5%, 20ms/99.6%, 50ms/99.8%, 100ms/99.8%
[2026-06-17T10:07:37.291+0800][0.599s][info][gc,marking  ] GC(18) Y: Mark: 1 stripe(s), 1 proactive flush(es), 1 terminate flush(es), 0 completion(s), 0 continuation(s) 
[2026-06-17T10:07:37.291+0800][0.599s][info][gc,nmethod  ] GC(18) Y: NMethods: 68 registered, 4 unregistered
[2026-06-17T10:07:37.291+0800][0.599s][info][gc,metaspace] GC(18) Y: Metaspace: 0M used, 0M committed, 1088M reserved
[2026-06-17T10:07:37.292+0800][0.599s][info][gc,reloc    ] GC(18) Y:                        Candidates     Selected     In-Place         Size        Empty    Relocated 
[2026-06-17T10:07:37.292+0800][0.599s][info][gc,reloc    ] GC(18) Y: Small Pages:                    3            0            0           6M           2M           0M 
[2026-06-17T10:07:37.292+0800][0.599s][info][gc,reloc    ] GC(18) Y: Large Pages:                    4            0            0           8M           0M           0M 
[2026-06-17T10:07:37.292+0800][0.599s][info][gc,reloc    ] GC(18) Y: Forwarding Usage: 0M
[2026-06-17T10:07:37.292+0800][0.599s][info][gc,reloc    ] GC(18) Y: Age Table:
[2026-06-17T10:07:37.292+0800][0.600s][info][gc,reloc    ] GC(18) Y:                    Live             Garbage             Small              Medium             Large        
[2026-06-17T10:07:37.292+0800][0.600s][info][gc,reloc    ] GC(18) Y: Eden              10M (16%)           3M (6%)           3 / 0              0 / 0              4 / 0        
[2026-06-17T10:07:37.292+0800][0.600s][info][gc,heap     ] GC(18) Y: Min Capacity: 64M(100%)
[2026-06-17T10:07:37.292+0800][0.600s][info][gc,heap     ] GC(18) Y: Max Capacity: 64M(100%)
[2026-06-17T10:07:37.292+0800][0.600s][info][gc,heap     ] GC(18) Y: Soft Max Capacity: 64M(100%)
[2026-06-17T10:07:37.292+0800][0.600s][info][gc,heap     ] GC(18) Y: Heap Statistics:
[2026-06-17T10:07:37.293+0800][0.600s][info][gc,heap     ] GC(18) Y:                Mark Start          Mark End        Relocate Start      Relocate End           High               Low         
[2026-06-17T10:07:37.293+0800][0.600s][info][gc,heap     ] GC(18) Y:  Capacity:       64M (100%)         64M (100%)         64M (100%)         64M (100%)         64M (100%)         64M (100%)   
[2026-06-17T10:07:37.293+0800][0.600s][info][gc,heap     ] GC(18) Y:      Free:       24M (38%)          24M (38%)          26M (41%)          26M (41%)          26M (41%)          24M (38%)    
[2026-06-17T10:07:37.293+0800][0.600s][info][gc,heap     ] GC(18) Y:      Used:       40M (62%)          40M (62%)          38M (59%)          38M (59%)          40M (62%)          38M (59%)    
[2026-06-17T10:07:37.293+0800][0.600s][info][gc,heap     ] GC(18) Y: Young Generation Statistics:
[2026-06-17T10:07:37.293+0800][0.600s][info][gc,heap     ] GC(18) Y:                Mark Start          Mark End        Relocate Start      Relocate End    
[2026-06-17T10:07:37.293+0800][0.600s][info][gc,heap     ] GC(18) Y:      Used:       14M (22%)          14M (22%)          12M (19%)          12M (19%)    
[2026-06-17T10:07:37.293+0800][0.600s][info][gc,heap     ] GC(18) Y:      Live:         -                10M (16%)          10M (16%)          10M (16%)    
[2026-06-17T10:07:37.293+0800][0.600s][info][gc,heap     ] GC(18) Y:   Garbage:         -                 3M (6%)            1M (3%)            1M (3%)     
[2026-06-17T10:07:37.293+0800][0.601s][info][gc,heap     ] GC(18) Y: Allocated:         -                 0M (0%)            0M (0%)            0M (0%)     
[2026-06-17T10:07:37.293+0800][0.601s][info][gc,heap     ] GC(18) Y: Reclaimed:         -                  -                 2M (3%)            2M (3%)     
[2026-06-17T10:07:37.293+0800][0.601s][info][gc,heap     ] GC(18) Y:  Promoted:         -                  -                 0M (0%)            0M (0%)     
[2026-06-17T10:07:37.293+0800][0.601s][info][gc,heap     ] GC(18) Y: Compacted:         -                  -                  -                 0M (0%)     
[2026-06-17T10:07:37.293+0800][0.601s][info][gc,phases   ] GC(18) Y: Young Generation 40M(62%)->38M(59%) 0.002s
[2026-06-17T10:07:37.294+0800][0.601s][info][gc,phases   ] GC(18) O: Old Generation
[2026-06-17T10:07:37.295+0800][0.602s][info][gc,phases   ] GC(18) O: Concurrent Mark 0.931ms
[2026-06-17T10:07:37.295+0800][0.602s][info][gc,phases   ] GC(18) O: Pause Mark End 0.004ms
[2026-06-17T10:07:37.295+0800][0.602s][info][gc,phases   ] GC(18) O: Concurrent Mark Free 0.001ms
[2026-06-17T10:07:37.295+0800][0.602s][info][gc,phases   ] GC(18) O: Concurrent Process Non-Strong 0.216ms
[2026-06-17T10:07:37.295+0800][0.603s][info][gc,phases   ] GC(18) O: Concurrent Reset Relocation Set 0.001ms
[2026-06-17T10:07:37.295+0800][0.603s][info][gc,phases   ] GC(18) O: Concurrent Select Relocation Set 0.059ms
[2026-06-17T10:07:37.295+0800][0.603s][info][gc,task     ] GC(18) O: Using 1 Workers for Old Generation
[2026-06-17T10:07:37.296+0800][0.603s][info][gc,task     ] GC(18) O: Using 1 Workers for Old Generation
[2026-06-17T10:07:37.296+0800][0.603s][info][gc,phases   ] GC(18) O: Concurrent Remap Roots 0.254ms
[2026-06-17T10:07:37.296+0800][0.603s][info][gc,phases   ] GC(18) O: Pause Relocate Start 0.004ms
[2026-06-17T10:07:37.296+0800][0.604s][info][gc,phases   ] GC(18) O: Concurrent Relocate 0.434ms
[2026-06-17T10:07:37.296+0800][0.604s][info][gc,alloc    ] GC(18) O:                         Mark Start        Mark End      Relocate Start    Relocate End   
[2026-06-17T10:07:37.296+0800][0.604s][info][gc,alloc    ] GC(18) O: Allocation Stalls:          0                0                0                0         
[2026-06-17T10:07:37.296+0800][0.604s][info][gc,load     ] GC(18) O: Load: 0.45 (2%) / 0.45 (2%) / 0.50 (2%)
[2026-06-17T10:07:37.297+0800][0.604s][info][gc,mmu      ] GC(18) O: MMU: 2ms/98.7%, 5ms/99.2%, 10ms/99.5%, 20ms/99.6%, 50ms/99.8%, 100ms/99.8%
[2026-06-17T10:07:37.297+0800][0.604s][info][gc,marking  ] GC(18) O: Mark: 1 stripe(s), 1 proactive flush(es), 1 terminate flush(es), 0 completion(s), 0 continuation(s) 
[2026-06-17T10:07:37.297+0800][0.604s][info][gc,nmethod  ] GC(18) O: NMethods: 68 registered, 4 unregistered
[2026-06-17T10:07:37.297+0800][0.604s][info][gc,metaspace] GC(18) O: Metaspace: 0M used, 0M committed, 1088M reserved
[2026-06-17T10:07:37.297+0800][0.604s][info][gc,ref      ] GC(18) O:                       Encountered   Discovered     Enqueued 
[2026-06-17T10:07:37.297+0800][0.604s][info][gc,ref      ] GC(18) O: Soft References:                0            0            0 
[2026-06-17T10:07:37.297+0800][0.604s][info][gc,ref      ] GC(18) O: Weak References:                6            0            0 
[2026-06-17T10:07:37.297+0800][0.604s][info][gc,ref      ] GC(18) O: Final References:               0            0            0 
[2026-06-17T10:07:37.297+0800][0.605s][info][gc,ref      ] GC(18) O: Phantom References:             1            1            0 
[2026-06-17T10:07:37.297+0800][0.605s][info][gc,reloc    ] GC(18) O:                        Candidates     Selected     In-Place         Size        Empty    Relocated 
[2026-06-17T10:07:37.297+0800][0.605s][info][gc,reloc    ] GC(18) O: Small Pages:                    2            1            0           4M           0M           1M 
[2026-06-17T10:07:37.297+0800][0.605s][info][gc,reloc    ] GC(18) O: Large Pages:                   11            0            0          22M           0M           0M 
[2026-06-17T10:07:37.297+0800][0.605s][info][gc,reloc    ] GC(18) O: Forwarding Usage: 0M
[2026-06-17T10:07:37.297+0800][0.605s][info][gc,heap     ] GC(18) O: Min Capacity: 64M(100%)
[2026-06-17T10:07:37.298+0800][0.605s][info][gc,heap     ] GC(18) O: Max Capacity: 64M(100%)
[2026-06-17T10:07:37.298+0800][0.605s][info][gc,heap     ] GC(18) O: Soft Max Capacity: 64M(100%)
[2026-06-17T10:07:37.298+0800][0.605s][info][gc,heap     ] GC(18) O: Heap Statistics:
[2026-06-17T10:07:37.298+0800][0.605s][info][gc,heap     ] GC(18) O:                Mark Start          Mark End        Relocate Start      Relocate End           High               Low         
[2026-06-17T10:07:37.298+0800][0.605s][info][gc,heap     ] GC(18) O:  Capacity:       64M (100%)         64M (100%)         64M (100%)         64M (100%)         64M (100%)         64M (100%)   
[2026-06-17T10:07:37.298+0800][0.605s][info][gc,heap     ] GC(18) O:      Free:       24M (38%)          26M (41%)          26M (41%)          28M (44%)          28M (44%)          24M (38%)    
[2026-06-17T10:07:37.298+0800][0.605s][info][gc,heap     ] GC(18) O:      Used:       40M (62%)          38M (59%)          38M (59%)          36M (56%)          40M (62%)          36M (56%)    
[2026-06-17T10:07:37.298+0800][0.605s][info][gc,heap     ] GC(18) O: Old Generation Statistics:
[2026-06-17T10:07:37.298+0800][0.606s][info][gc,heap     ] GC(18) O:                Mark Start          Mark End        Relocate Start      Relocate End    
[2026-06-17T10:07:37.298+0800][0.606s][info][gc,heap     ] GC(18) O:      Used:       26M (41%)          26M (41%)          26M (41%)          24M (38%)    
[2026-06-17T10:07:37.298+0800][0.606s][info][gc,heap     ] GC(18) O:      Live:         -                23M (37%)          23M (37%)          23M (37%)    
[2026-06-17T10:07:37.298+0800][0.606s][info][gc,heap     ] GC(18) O:   Garbage:         -                 2M (4%)            2M (4%)            0M (0%)     
[2026-06-17T10:07:37.298+0800][0.606s][info][gc,heap     ] GC(18) O: Allocated:         -                 0M (0%)            0M (0%)            0M (0%)     
[2026-06-17T10:07:37.299+0800][0.606s][info][gc,heap     ] GC(18) O: Reclaimed:         -                  -                 0M (0%)            2M (4%)     
[2026-06-17T10:07:37.299+0800][0.606s][info][gc,heap     ] GC(18) O: Compacted:         -                  -                  -                 1M (3%)     
[2026-06-17T10:07:37.299+0800][0.606s][info][gc,phases   ] GC(18) O: Old Generation 38M(59%)->36M(56%) 0.003s
[2026-06-17T10:07:37.299+0800][0.606s][info][gc          ] GC(18) Major Collection (Allocation Rate) 40M(62%)->36M(56%) 0.010s
[2026-06-17T10:07:37.311+0800][0.618s][info][gc          ] GC(19) Major Collection (Allocation Rate)
[2026-06-17T10:07:37.311+0800][0.618s][info][gc,task     ] GC(19) Using 1 Workers for Young Generation
[2026-06-17T10:07:37.311+0800][0.618s][info][gc,task     ] GC(19) Using 1 Workers for Old Generation
[2026-06-17T10:07:37.311+0800][0.618s][info][gc,phases   ] GC(19) Y: Young Generation
[2026-06-17T10:07:37.311+0800][0.619s][info][gc,phases   ] GC(19) Y: Pause Mark Start (Major) 0.008ms
[2026-06-17T10:07:37.312+0800][0.619s][info][gc,phases   ] GC(19) Y: Concurrent Mark 0.329ms
[2026-06-17T10:07:37.312+0800][0.619s][info][gc,phases   ] GC(19) Y: Pause Mark End 0.003ms
[2026-06-17T10:07:37.312+0800][0.619s][info][gc,phases   ] GC(19) Y: Concurrent Mark Free 0.000ms
[2026-06-17T10:07:37.312+0800][0.620s][info][gc,phases   ] GC(19) Y: Concurrent Reset Relocation Set 0.000ms
[2026-06-17T10:07:37.312+0800][0.620s][info][gc,reloc    ] GC(19) Y: Using tenuring threshold: 2 (Computed)
[2026-06-17T10:07:37.313+0800][0.620s][info][gc,phases   ] GC(19) Y: Concurrent Select Relocation Set 0.256ms
[2026-06-17T10:07:37.313+0800][0.620s][info][gc,phases   ] GC(19) Y: Pause Relocate Start 0.004ms
[2026-06-17T10:07:37.313+0800][0.620s][info][gc,phases   ] GC(19) Y: Concurrent Relocate 0.147ms
[2026-06-17T10:07:37.313+0800][0.621s][info][gc,alloc    ] GC(19) Y:                         Mark Start        Mark End      Relocate Start    Relocate End   
[2026-06-17T10:07:37.313+0800][0.621s][info][gc,alloc    ] GC(19) Y: Allocation Stalls:          0                0                0                0         
[2026-06-17T10:07:37.313+0800][0.621s][info][gc,load     ] GC(19) Y: Load: 0.45 (2%) / 0.45 (2%) / 0.50 (2%)
[2026-06-17T10:07:37.313+0800][0.621s][info][gc,mmu      ] GC(19) Y: MMU: 2ms/98.7%, 5ms/99.2%, 10ms/99.5%, 20ms/99.6%, 50ms/99.8%, 100ms/99.8%
[2026-06-17T10:07:37.313+0800][0.621s][info][gc,marking  ] GC(19) Y: Mark: 1 stripe(s), 1 proactive flush(es), 1 terminate flush(es), 0 completion(s), 0 continuation(s) 
[2026-06-17T10:07:37.313+0800][0.621s][info][gc,nmethod  ] GC(19) Y: NMethods: 68 registered, 4 unregistered
[2026-06-17T10:07:37.313+0800][0.621s][info][gc,metaspace] GC(19) Y: Metaspace: 0M used, 0M committed, 1088M reserved
[2026-06-17T10:07:37.314+0800][0.621s][info][gc,reloc    ] GC(19) Y:                        Candidates     Selected     In-Place         Size        Empty    Relocated 
[2026-06-17T10:07:37.314+0800][0.621s][info][gc,reloc    ] GC(19) Y: Small Pages:                    6            1            0          12M           8M           0M 
[2026-06-17T10:07:37.314+0800][0.621s][info][gc,reloc    ] GC(19) Y: Large Pages:                    4            0            0           8M           0M           0M 
[2026-06-17T10:07:37.314+0800][0.621s][info][gc,reloc    ] GC(19) Y: Forwarding Usage: 0M
[2026-06-17T10:07:37.314+0800][0.621s][info][gc,reloc    ] GC(19) Y: Age Table:
[2026-06-17T10:07:37.314+0800][0.621s][info][gc,reloc    ] GC(19) Y:                    Live             Garbage             Small              Medium             Large        
[2026-06-17T10:07:37.314+0800][0.621s][info][gc,reloc    ] GC(19) Y: Eden                -                 8M (12%)          4 / 0              0 / 0              0 / 0        
[2026-06-17T10:07:37.314+0800][0.621s][info][gc,reloc    ] GC(19) Y: Survivor 1         8M (14%)           3M (5%)           2 / 1              0 / 0              4 / 0        
[2026-06-17T10:07:37.314+0800][0.622s][info][gc,heap     ] GC(19) Y: Min Capacity: 64M(100%)
[2026-06-17T10:07:37.314+0800][0.622s][info][gc,heap     ] GC(19) Y: Max Capacity: 64M(100%)
[2026-06-17T10:07:37.314+0800][0.622s][info][gc,heap     ] GC(19) Y: Soft Max Capacity: 64M(100%)
[2026-06-17T10:07:37.314+0800][0.622s][info][gc,heap     ] GC(19) Y: Heap Statistics:
[2026-06-17T10:07:37.314+0800][0.622s][info][gc,heap     ] GC(19) Y:                Mark Start          Mark End        Relocate Start      Relocate End           High               Low         
[2026-06-17T10:07:37.314+0800][0.622s][info][gc,heap     ] GC(19) Y:  Capacity:       64M (100%)         64M (100%)         64M (100%)         64M (100%)         64M (100%)         64M (100%)   
[2026-06-17T10:07:37.315+0800][0.622s][info][gc,heap     ] GC(19) Y:      Free:       20M (31%)          20M (31%)          28M (44%)          30M (47%)          30M (47%)          20M (31%)    
[2026-06-17T10:07:37.315+0800][0.622s][info][gc,heap     ] GC(19) Y:      Used:       44M (69%)          44M (69%)          36M (56%)          34M (53%)          44M (69%)          34M (53%)    
[2026-06-17T10:07:37.315+0800][0.622s][info][gc,heap     ] GC(19) Y: Young Generation Statistics:
[2026-06-17T10:07:37.315+0800][0.622s][info][gc,heap     ] GC(19) Y:                Mark Start          Mark End        Relocate Start      Relocate End    
[2026-06-17T10:07:37.315+0800][0.622s][info][gc,heap     ] GC(19) Y:      Used:       20M (31%)          20M (31%)          12M (19%)          10M (16%)    
[2026-06-17T10:07:37.315+0800][0.622s][info][gc,heap     ] GC(19) Y:      Live:         -                 8M (14%)           8M (14%)           8M (14%)    
[2026-06-17T10:07:37.315+0800][0.622s][info][gc,heap     ] GC(19) Y:   Garbage:         -                11M (18%)           3M (5%)            0M (0%)     
[2026-06-17T10:07:37.315+0800][0.622s][info][gc,heap     ] GC(19) Y: Allocated:         -                 0M (0%)            0M (0%)            1M (2%)     
[2026-06-17T10:07:37.315+0800][0.622s][info][gc,heap     ] GC(19) Y: Reclaimed:         -                  -                 8M (12%)          11M (18%)    
[2026-06-17T10:07:37.315+0800][0.623s][info][gc,heap     ] GC(19) Y:  Promoted:         -                  -                 0M (0%)            0M (0%)     
[2026-06-17T10:07:37.315+0800][0.623s][info][gc,heap     ] GC(19) Y: Compacted:         -                  -                  -                 0M (1%)     
[2026-06-17T10:07:37.315+0800][0.623s][info][gc,phases   ] GC(19) Y: Young Generation 44M(69%)->34M(53%) 0.002s
[2026-06-17T10:07:37.315+0800][0.623s][info][gc,phases   ] GC(19) O: Old Generation
[2026-06-17T10:07:37.317+0800][0.624s][info][gc,phases   ] GC(19) O: Concurrent Mark 1.191ms
[2026-06-17T10:07:37.320+0800][0.627s][info][gc,phases   ] GC(19) O: Pause Mark End 0.010ms
[2026-06-17T10:07:37.320+0800][0.627s][info][gc,phases   ] GC(19) O: Concurrent Mark Free 0.005ms
[2026-06-17T10:07:37.321+0800][0.628s][info][gc,phases   ] GC(19) O: Concurrent Process Non-Strong 0.281ms
[2026-06-17T10:07:37.322+0800][0.629s][info][gc,phases   ] GC(19) O: Concurrent Reset Relocation Set 0.001ms
[2026-06-17T10:07:37.322+0800][0.630s][info][gc,phases   ] GC(19) O: Concurrent Select Relocation Set 0.280ms
[2026-06-17T10:07:37.323+0800][0.630s][info][gc,task     ] GC(19) O: Using 1 Workers for Old Generation
[2026-06-17T10:07:37.324+0800][0.631s][info][gc,task     ] GC(19) O: Using 1 Workers for Old Generation
[2026-06-17T10:07:37.324+0800][0.631s][info][gc,phases   ] GC(19) O: Concurrent Remap Roots 1.378ms
[2026-06-17T10:07:37.324+0800][0.631s][info][gc,phases   ] GC(19) O: Pause Relocate Start 0.007ms
[2026-06-17T10:07:37.324+0800][0.632s][info][gc,phases   ] GC(19) O: Concurrent Relocate 0.061ms
[2026-06-17T10:07:37.324+0800][0.632s][info][gc,alloc    ] GC(19) O:                         Mark Start        Mark End      Relocate Start    Relocate End   
[2026-06-17T10:07:37.324+0800][0.632s][info][gc,alloc    ] GC(19) O: Allocation Stalls:          0                0                0                0         
[2026-06-17T10:07:37.325+0800][0.632s][info][gc,load     ] GC(19) O: Load: 0.45 (2%) / 0.45 (2%) / 0.50 (2%)
[2026-06-17T10:07:37.325+0800][0.632s][info][gc,mmu      ] GC(19) O: MMU: 2ms/98.7%, 5ms/99.2%, 10ms/99.5%, 20ms/99.6%, 50ms/99.8%, 100ms/99.8%
[2026-06-17T10:07:37.325+0800][0.633s][info][gc,marking  ] GC(19) O: Mark: 1 stripe(s), 1 proactive flush(es), 1 terminate flush(es), 0 completion(s), 0 continuation(s) 
[2026-06-17T10:07:37.325+0800][0.633s][info][gc,nmethod  ] GC(19) O: NMethods: 68 registered, 4 unregistered
[2026-06-17T10:07:37.325+0800][0.633s][info][gc,metaspace] GC(19) O: Metaspace: 0M used, 0M committed, 1088M reserved
[2026-06-17T10:07:37.326+0800][0.633s][info][gc,ref      ] GC(19) O:                       Encountered   Discovered     Enqueued 
[2026-06-17T10:07:37.326+0800][0.633s][info][gc,ref      ] GC(19) O: Soft References:                0            0            0 
[2026-06-17T10:07:37.326+0800][0.633s][info][gc,ref      ] GC(19) O: Weak References:                6            0            0 
[2026-06-17T10:07:37.326+0800][0.633s][info][gc,ref      ] GC(19) O: Final References:               0            0            0 
[2026-06-17T10:07:37.326+0800][0.633s][info][gc,ref      ] GC(19) O: Phantom References:             1            1            0 
[2026-06-17T10:07:37.326+0800][0.633s][info][gc,reloc    ] GC(19) O:                        Candidates     Selected     In-Place         Size        Empty    Relocated 
[2026-06-17T10:07:37.326+0800][0.634s][info][gc,reloc    ] GC(19) O: Small Pages:                    1            0            0           2M           0M           0M 
[2026-06-17T10:07:37.327+0800][0.634s][info][gc,reloc    ] GC(19) O: Large Pages:                   11            0            0          22M           0M           0M 
[2026-06-17T10:07:37.327+0800][0.635s][info][gc,reloc    ] GC(19) O: Forwarding Usage: 0M
[2026-06-17T10:07:37.327+0800][0.635s][info][gc,heap     ] GC(19) O: Min Capacity: 64M(100%)
[2026-06-17T10:07:37.327+0800][0.635s][info][gc,heap     ] GC(19) O: Max Capacity: 64M(100%)
[2026-06-17T10:07:37.328+0800][0.635s][info][gc,heap     ] GC(19) O: Soft Max Capacity: 64M(100%)
[2026-06-17T10:07:37.328+0800][0.635s][info][gc,heap     ] GC(19) O: Heap Statistics:
[2026-06-17T10:07:37.328+0800][0.635s][info][gc,heap     ] GC(19) O:                Mark Start          Mark End        Relocate Start      Relocate End           High               Low         
[2026-06-17T10:07:37.328+0800][0.635s][info][gc,heap     ] GC(19) O:  Capacity:       64M (100%)         64M (100%)         64M (100%)         64M (100%)         64M (100%)         64M (100%)   
[2026-06-17T10:07:37.328+0800][0.635s][info][gc,heap     ] GC(19) O:      Free:       20M (31%)          30M (47%)          18M (28%)          18M (28%)          30M (47%)          18M (28%)    
[2026-06-17T10:07:37.328+0800][0.635s][info][gc,heap     ] GC(19) O:      Used:       44M (69%)          34M (53%)          46M (72%)          46M (72%)          46M (72%)          34M (53%)    
[2026-06-17T10:07:37.328+0800][0.636s][info][gc,heap     ] GC(19) O: Old Generation Statistics:
[2026-06-17T10:07:37.328+0800][0.636s][info][gc,heap     ] GC(19) O:                Mark Start          Mark End        Relocate Start      Relocate End    
[2026-06-17T10:07:37.328+0800][0.636s][info][gc,heap     ] GC(19) O:      Used:       24M (38%)          24M (38%)          24M (38%)          24M (38%)    
[2026-06-17T10:07:37.329+0800][0.636s][info][gc,heap     ] GC(19) O:      Live:         -                23M (37%)          23M (37%)          23M (37%)    
[2026-06-17T10:07:37.329+0800][0.636s][info][gc,heap     ] GC(19) O:   Garbage:         -                 0M (0%)            0M (0%)            0M (0%)     
[2026-06-17T10:07:37.329+0800][0.636s][info][gc,heap     ] GC(19) O: Allocated:         -                 0M (0%)            0M (0%)            0M (0%)     
[2026-06-17T10:07:37.329+0800][0.636s][info][gc,heap     ] GC(19) O: Reclaimed:         -                  -                 0M (0%)            0M (0%)     
[2026-06-17T10:07:37.329+0800][0.636s][info][gc,heap     ] GC(19) O: Compacted:         -                  -                  -                 0M (0%)     
[2026-06-17T10:07:37.329+0800][0.636s][info][gc,phases   ] GC(19) O: Old Generation 34M(53%)->46M(72%) 0.009s
[2026-06-17T10:07:37.329+0800][0.637s][info][gc          ] GC(19) Major Collection (Allocation Rate) 44M(69%)->46M(72%) 0.019s
[2026-06-17T10:07:37.342+0800][0.650s][info][gc          ] GC(20) Minor Collection (Allocation Rate)
[2026-06-17T10:07:37.342+0800][0.650s][info][gc,task     ] GC(20) Using 1 Workers for Young Generation
[2026-06-17T10:07:37.343+0800][0.650s][info][gc,phases   ] GC(20) y: Young Generation
[2026-06-17T10:07:37.343+0800][0.650s][info][gc,phases   ] GC(20) y: Pause Mark Start 0.007ms
[2026-06-17T10:07:37.343+0800][0.651s][info][gc,phases   ] GC(20) y: Concurrent Mark 0.310ms
[2026-06-17T10:07:37.343+0800][0.651s][info][gc,phases   ] GC(20) y: Pause Mark End 0.005ms
[2026-06-17T10:07:37.344+0800][0.651s][info][gc,phases   ] GC(20) y: Concurrent Mark Free 0.000ms
[2026-06-17T10:07:37.344+0800][0.651s][info][gc,phases   ] GC(20) y: Concurrent Reset Relocation Set 0.001ms
[2026-06-17T10:07:37.344+0800][0.651s][info][gc,reloc    ] GC(20) y: Using tenuring threshold: 2 (Computed)
[2026-06-17T10:07:37.344+0800][0.651s][info][gc,phases   ] GC(20) y: Concurrent Select Relocation Set 0.273ms
[2026-06-17T10:07:37.344+0800][0.652s][info][gc,phases   ] GC(20) y: Pause Relocate Start 0.003ms
[2026-06-17T10:07:37.344+0800][0.652s][info][gc,phases   ] GC(20) y: Concurrent Relocate 0.170ms
[2026-06-17T10:07:37.345+0800][0.652s][info][gc,alloc    ] GC(20) y:                         Mark Start        Mark End      Relocate Start    Relocate End   
[2026-06-17T10:07:37.345+0800][0.652s][info][gc,alloc    ] GC(20) y: Allocation Stalls:          0                0                0                0         
[2026-06-17T10:07:37.345+0800][0.652s][info][gc,load     ] GC(20) y: Load: 0.45 (2%) / 0.45 (2%) / 0.50 (2%)
[2026-06-17T10:07:37.345+0800][0.652s][info][gc,mmu      ] GC(20) y: MMU: 2ms/98.7%, 5ms/99.2%, 10ms/99.5%, 20ms/99.6%, 50ms/99.8%, 100ms/99.8%
[2026-06-17T10:07:37.345+0800][0.652s][info][gc,marking  ] GC(20) y: Mark: 1 stripe(s), 1 proactive flush(es), 1 terminate flush(es), 0 completion(s), 0 continuation(s) 
[2026-06-17T10:07:37.345+0800][0.653s][info][gc,nmethod  ] GC(20) y: NMethods: 68 registered, 4 unregistered
[2026-06-17T10:07:37.345+0800][0.653s][info][gc,metaspace] GC(20) y: Metaspace: 0M used, 0M committed, 1088M reserved
[2026-06-17T10:07:37.345+0800][0.653s][info][gc,reloc    ] GC(20) y:                        Candidates     Selected     In-Place         Size        Empty    Relocated 
[2026-06-17T10:07:37.345+0800][0.653s][info][gc,reloc    ] GC(20) y: Small Pages:                    7            2            0          14M           6M           1M 
[2026-06-17T10:07:37.345+0800][0.653s][info][gc,reloc    ] GC(20) y: Large Pages:                    7            0            0          14M           0M           0M 
[2026-06-17T10:07:37.345+0800][0.653s][info][gc,reloc    ] GC(20) y: Forwarding Usage: 0M
[2026-06-17T10:07:37.346+0800][0.653s][info][gc,reloc    ] GC(20) y: Age Table:
[2026-06-17T10:07:37.346+0800][0.653s][info][gc,reloc    ] GC(20) y:                    Live             Garbage             Small              Medium             Large        
[2026-06-17T10:07:37.346+0800][0.653s][info][gc,reloc    ] GC(20) y: Eden               7M (11%)          10M (17%)          6 / 2              0 / 0              3 / 0        
[2026-06-17T10:07:37.346+0800][0.653s][info][gc,reloc    ] GC(20) y: Survivor 1          -                 0M (0%)           0 / 0              0 / 0              0 / 0        
[2026-06-17T10:07:37.346+0800][0.653s][info][gc,reloc    ] GC(20) y: Survivor 2         8M (14%)           1M (2%)           1 / 0              0 / 0              4 / 0        
[2026-06-17T10:07:37.346+0800][0.653s][info][gc,heap     ] GC(20) y: Min Capacity: 64M(100%)
[2026-06-17T10:07:37.346+0800][0.653s][info][gc,heap     ] GC(20) y: Max Capacity: 64M(100%)
[2026-06-17T10:07:37.346+0800][0.654s][info][gc,heap     ] GC(20) y: Soft Max Capacity: 64M(100%)
[2026-06-17T10:07:37.347+0800][0.654s][info][gc,heap     ] GC(20) y: Heap Statistics:
[2026-06-17T10:07:37.347+0800][0.654s][info][gc,heap     ] GC(20) y:                Mark Start          Mark End        Relocate Start      Relocate End           High               Low         
[2026-06-17T10:07:37.347+0800][0.654s][info][gc,heap     ] GC(20) y:  Capacity:       64M (100%)         64M (100%)         64M (100%)         64M (100%)         64M (100%)         64M (100%)   
[2026-06-17T10:07:37.347+0800][0.654s][info][gc,heap     ] GC(20) y:      Free:       12M (19%)          12M (19%)          18M (28%)          22M (34%)          22M (34%)          12M (19%)    
[2026-06-17T10:07:37.347+0800][0.654s][info][gc,heap     ] GC(20) y:      Used:       52M (81%)          52M (81%)          46M (72%)          42M (66%)          52M (81%)          42M (66%)    
[2026-06-17T10:07:37.347+0800][0.654s][info][gc,heap     ] GC(20) y: Young Generation Statistics:
[2026-06-17T10:07:37.347+0800][0.655s][info][gc,heap     ] GC(20) y:                Mark Start          Mark End        Relocate Start      Relocate End    
[2026-06-17T10:07:37.347+0800][0.655s][info][gc,heap     ] GC(20) y:      Used:       28M (44%)          28M (44%)          12M (19%)           8M (12%)    
[2026-06-17T10:07:37.347+0800][0.655s][info][gc,heap     ] GC(20) y:      Live:         -                15M (25%)           7M (11%)           7M (11%)    
[2026-06-17T10:07:37.347+0800][0.655s][info][gc,heap     ] GC(20) y:   Garbage:         -                12M (19%)           4M (8%)            0M (0%)     
[2026-06-17T10:07:37.347+0800][0.655s][info][gc,heap     ] GC(20) y: Allocated:         -                 0M (0%)            0M (0%)            0M (2%)     
[2026-06-17T10:07:37.347+0800][0.655s][info][gc,heap     ] GC(20) y: Reclaimed:         -                  -                 7M (11%)          12M (19%)    
[2026-06-17T10:07:37.348+0800][0.655s][info][gc,heap     ] GC(20) y:  Promoted:         -                  -                 8M (14%)           8M (14%)    
[2026-06-17T10:07:37.348+0800][0.655s][info][gc,heap     ] GC(20) y: Compacted:         -                  -                  -                 1M (2%)     
[2026-06-17T10:07:37.348+0800][0.655s][info][gc,phases   ] GC(20) y: Young Generation 52M(81%)->42M(66%) 0.002s
[2026-06-17T10:07:37.348+0800][0.655s][info][gc          ] GC(20) Minor Collection (Allocation Rate) 52M(81%)->42M(66%) 0.006s
[2026-06-17T10:07:37.353+0800][0.660s][info][gc          ] GC(21) Minor Collection (Allocation Rate)
[2026-06-17T10:07:37.353+0800][0.661s][info][gc,task     ] GC(21) Using 1 Workers for Young Generation
[2026-06-17T10:07:37.353+0800][0.661s][info][gc,phases   ] GC(21) y: Young Generation
[2026-06-17T10:07:37.353+0800][0.661s][info][gc,phases   ] GC(21) y: Pause Mark Start 0.005ms
[2026-06-17T10:07:37.354+0800][0.661s][info][gc,phases   ] GC(21) y: Concurrent Mark 0.304ms
[2026-06-17T10:07:37.354+0800][0.661s][info][gc,phases   ] GC(21) y: Pause Mark End 0.004ms
[2026-06-17T10:07:37.354+0800][0.661s][info][gc,phases   ] GC(21) y: Concurrent Mark Free 0.001ms
[2026-06-17T10:07:37.354+0800][0.662s][info][gc,phases   ] GC(21) y: Concurrent Reset Relocation Set 0.002ms
[2026-06-17T10:07:37.354+0800][0.662s][info][gc,reloc    ] GC(21) y: Using tenuring threshold: 2 (Computed)
[2026-06-17T10:07:37.354+0800][0.662s][info][gc,phases   ] GC(21) y: Concurrent Select Relocation Set 0.166ms
[2026-06-17T10:07:37.354+0800][0.662s][info][gc,phases   ] GC(21) y: Pause Relocate Start 0.003ms
[2026-06-17T10:07:37.355+0800][0.662s][info][gc,phases   ] GC(21) y: Concurrent Relocate 0.301ms
[2026-06-17T10:07:37.355+0800][0.662s][info][gc,alloc    ] GC(21) y:                         Mark Start        Mark End      Relocate Start    Relocate End   
[2026-06-17T10:07:37.355+0800][0.662s][info][gc,alloc    ] GC(21) y: Allocation Stalls:          0                0                0                0         
[2026-06-17T10:07:37.355+0800][0.663s][info][gc,load     ] GC(21) y: Load: 0.45 (2%) / 0.45 (2%) / 0.50 (2%)
[2026-06-17T10:07:37.355+0800][0.663s][info][gc,mmu      ] GC(21) y: MMU: 2ms/98.7%, 5ms/99.2%, 10ms/99.5%, 20ms/99.6%, 50ms/99.8%, 100ms/99.8%
[2026-06-17T10:07:37.355+0800][0.663s][info][gc,marking  ] GC(21) y: Mark: 1 stripe(s), 1 proactive flush(es), 1 terminate flush(es), 0 completion(s), 0 continuation(s) 
[2026-06-17T10:07:37.355+0800][0.663s][info][gc,nmethod  ] GC(21) y: NMethods: 68 registered, 4 unregistered
[2026-06-17T10:07:37.355+0800][0.663s][info][gc,metaspace] GC(21) y: Metaspace: 0M used, 0M committed, 1088M reserved
[2026-06-17T10:07:37.355+0800][0.663s][info][gc,reloc    ] GC(21) y:                        Candidates     Selected     In-Place         Size        Empty    Relocated 
[2026-06-17T10:07:37.356+0800][0.663s][info][gc,reloc    ] GC(21) y: Small Pages:                    4            3            0           8M           0M           1M 
[2026-06-17T10:07:37.356+0800][0.663s][info][gc,reloc    ] GC(21) y: Large Pages:                    7            0            0          14M           0M           0M 
[2026-06-17T10:07:37.356+0800][0.663s][info][gc,reloc    ] GC(21) y: Forwarding Usage: 0M
[2026-06-17T10:07:37.356+0800][0.663s][info][gc,reloc    ] GC(21) y: Age Table:
[2026-06-17T10:07:37.356+0800][0.663s][info][gc,reloc    ] GC(21) y:                    Live             Garbage             Small              Medium             Large        
[2026-06-17T10:07:37.356+0800][0.663s][info][gc,reloc    ] GC(21) y: Eden               8M (14%)           5M (8%)           3 / 2              0 / 0              4 / 0        
[2026-06-17T10:07:37.356+0800][0.663s][info][gc,reloc    ] GC(21) y: Survivor 1         7M (11%)           0M (2%)           1 / 1              0 / 0              3 / 0        
[2026-06-17T10:07:37.356+0800][0.663s][info][gc,heap     ] GC(21) y: Min Capacity: 64M(100%)
[2026-06-17T10:07:37.356+0800][0.663s][info][gc,heap     ] GC(21) y: Max Capacity: 64M(100%)
[2026-06-17T10:07:37.356+0800][0.664s][info][gc,heap     ] GC(21) y: Soft Max Capacity: 64M(100%)
[2026-06-17T10:07:37.356+0800][0.664s][info][gc,heap     ] GC(21) y: Heap Statistics:
[2026-06-17T10:07:37.356+0800][0.664s][info][gc,heap     ] GC(21) y:                Mark Start          Mark End        Relocate Start      Relocate End           High               Low         
[2026-06-17T10:07:37.356+0800][0.664s][info][gc,heap     ] GC(21) y:  Capacity:       64M (100%)         64M (100%)         64M (100%)         64M (100%)         64M (100%)         64M (100%)   
[2026-06-17T10:07:37.356+0800][0.664s][info][gc,heap     ] GC(21) y:      Free:        8M (12%)           8M (12%)           8M (12%)          12M (19%)          12M (19%)           6M (9%)     
[2026-06-17T10:07:37.357+0800][0.664s][info][gc,heap     ] GC(21) y:      Used:       56M (88%)          56M (88%)          56M (88%)          52M (81%)          58M (91%)          52M (81%)    
[2026-06-17T10:07:37.357+0800][0.664s][info][gc,heap     ] GC(21) y: Young Generation Statistics:
[2026-06-17T10:07:37.357+0800][0.664s][info][gc,heap     ] GC(21) y:                Mark Start          Mark End        Relocate Start      Relocate End    
[2026-06-17T10:07:37.357+0800][0.664s][info][gc,heap     ] GC(21) y:      Used:       22M (34%)          22M (34%)          22M (34%)          18M (28%)    
[2026-06-17T10:07:37.357+0800][0.664s][info][gc,heap     ] GC(21) y:      Live:         -                15M (25%)          15M (25%)          15M (25%)    
[2026-06-17T10:07:37.357+0800][0.664s][info][gc,heap     ] GC(21) y:   Garbage:         -                 6M (10%)           6M (10%)           0M (0%)     
[2026-06-17T10:07:37.357+0800][0.664s][info][gc,heap     ] GC(21) y: Allocated:         -                 0M (0%)            0M (0%)            2M (4%)     
[2026-06-17T10:07:37.357+0800][0.664s][info][gc,heap     ] GC(21) y: Reclaimed:         -                  -                 0M (0%)            6M (10%)    
[2026-06-17T10:07:37.357+0800][0.665s][info][gc,heap     ] GC(21) y:  Promoted:         -                  -                 0M (0%)            0M (0%)     
[2026-06-17T10:07:37.357+0800][0.665s][info][gc,heap     ] GC(21) y: Compacted:         -                  -                  -                 1M (3%)     
[2026-06-17T10:07:37.357+0800][0.665s][info][gc,phases   ] GC(21) y: Young Generation 56M(88%)->52M(81%) 0.002s
[2026-06-17T10:07:37.357+0800][0.665s][info][gc          ] GC(21) Minor Collection (Allocation Rate) 56M(88%)->52M(81%) 0.004s
[2026-06-17T10:07:37.374+0800][0.681s][info][gc          ] GC(22) Minor Collection (Allocation Rate)
[2026-06-17T10:07:37.374+0800][0.681s][info][gc,task     ] GC(22) Using 1 Workers for Young Generation
[2026-06-17T10:07:37.374+0800][0.682s][info][gc,phases   ] GC(22) y: Young Generation
[2026-06-17T10:07:37.375+0800][0.682s][info][gc,phases   ] GC(22) y: Pause Mark Start 0.009ms
[2026-06-17T10:07:37.376+0800][0.683s][info][gc,phases   ] GC(22) y: Concurrent Mark 0.652ms
[2026-06-17T10:07:37.376+0800][0.683s][info][gc,phases   ] GC(22) y: Pause Mark End 0.006ms
[2026-06-17T10:07:37.376+0800][0.684s][info][gc,phases   ] GC(22) y: Concurrent Mark Free 0.000ms
[2026-06-17T10:07:37.376+0800][0.684s][info][gc,phases   ] GC(22) y: Concurrent Reset Relocation Set 0.001ms
[2026-06-17T10:07:37.376+0800][0.684s][info][gc,reloc    ] GC(22) y: Using tenuring threshold: 3 (Computed)
[2026-06-17T10:07:37.377+0800][0.684s][info][gc,phases   ] GC(22) y: Concurrent Select Relocation Set 0.413ms
[2026-06-17T10:07:37.377+0800][0.685s][info][gc,phases   ] GC(22) y: Pause Relocate Start 0.009ms
[2026-06-17T10:07:37.378+0800][0.685s][info][gc,phases   ] GC(22) y: Concurrent Relocate 0.273ms
[2026-06-17T10:07:37.378+0800][0.685s][info][gc,alloc    ] GC(22) y:                         Mark Start        Mark End      Relocate Start    Relocate End   
[2026-06-17T10:07:37.378+0800][0.685s][info][gc,alloc    ] GC(22) y: Allocation Stalls:          0                0                0                0         
[2026-06-17T10:07:37.378+0800][0.686s][info][gc,load     ] GC(22) y: Load: 0.45 (2%) / 0.45 (2%) / 0.50 (2%)
[2026-06-17T10:07:37.378+0800][0.686s][info][gc,mmu      ] GC(22) y: MMU: 2ms/98.7%, 5ms/99.2%, 10ms/99.5%, 20ms/99.6%, 50ms/99.8%, 100ms/99.8%
[2026-06-17T10:07:37.379+0800][0.686s][info][gc,marking  ] GC(22) y: Mark: 1 stripe(s), 1 proactive flush(es), 1 terminate flush(es), 0 completion(s), 0 continuation(s) 
[2026-06-17T10:07:37.379+0800][0.686s][info][gc,nmethod  ] GC(22) y: NMethods: 69 registered, 4 unregistered
[2026-06-17T10:07:37.379+0800][0.686s][info][gc,metaspace] GC(22) y: Metaspace: 0M used, 0M committed, 1088M reserved
[2026-06-17T10:07:37.379+0800][0.686s][info][gc,reloc    ] GC(22) y:                        Candidates     Selected     In-Place         Size        Empty    Relocated 
[2026-06-17T10:07:37.379+0800][0.686s][info][gc,reloc    ] GC(22) y: Small Pages:                    6            1            0          12M           8M           1M 
[2026-06-17T10:07:37.379+0800][0.686s][info][gc,reloc    ] GC(22) y: Large Pages:                    7            0            0          14M           0M           0M 
[2026-06-17T10:07:37.379+0800][0.687s][info][gc,reloc    ] GC(22) y: Forwarding Usage: 0M
[2026-06-17T10:07:37.379+0800][0.687s][info][gc,reloc    ] GC(22) y: Age Table:
[2026-06-17T10:07:37.379+0800][0.687s][info][gc,reloc    ] GC(22) y:                    Live             Garbage             Small              Medium             Large        
[2026-06-17T10:07:37.379+0800][0.687s][info][gc,reloc    ] GC(22) y: Eden                -                 8M (12%)          4 / 0              0 / 0              0 / 0        
[2026-06-17T10:07:37.380+0800][0.687s][info][gc,reloc    ] GC(22) y: Survivor 1         8M (14%)           1M (2%)           1 / 0              0 / 0              4 / 0        
[2026-06-17T10:07:37.380+0800][0.687s][info][gc,reloc    ] GC(22) y: Survivor 2         7M (11%)           0M (2%)           1 / 1              0 / 0              3 / 0        
[2026-06-17T10:07:37.380+0800][0.687s][info][gc,heap     ] GC(22) y: Min Capacity: 64M(100%)
[2026-06-17T10:07:37.380+0800][0.687s][info][gc,heap     ] GC(22) y: Max Capacity: 64M(100%)
[2026-06-17T10:07:37.380+0800][0.687s][info][gc,heap     ] GC(22) y: Soft Max Capacity: 64M(100%)
[2026-06-17T10:07:37.380+0800][0.687s][info][gc,heap     ] GC(22) y: Heap Statistics:
[2026-06-17T10:07:37.380+0800][0.688s][info][gc,heap     ] GC(22) y:                Mark Start          Mark End        Relocate Start      Relocate End           High               Low         
[2026-06-17T10:07:37.380+0800][0.688s][info][gc,heap     ] GC(22) y:  Capacity:       64M (100%)         64M (100%)         64M (100%)         64M (100%)         64M (100%)         64M (100%)   
[2026-06-17T10:07:37.380+0800][0.688s][info][gc,heap     ] GC(22) y:      Free:        4M (6%)            4M (6%)           12M (19%)          12M (19%)          12M (19%)           4M (6%)     
[2026-06-17T10:07:37.381+0800][0.688s][info][gc,heap     ] GC(22) y:      Used:       60M (94%)          60M (94%)          52M (81%)          52M (81%)          60M (94%)          52M (81%)    
[2026-06-17T10:07:37.381+0800][0.688s][info][gc,heap     ] GC(22) y: Young Generation Statistics:
[2026-06-17T10:07:37.381+0800][0.688s][info][gc,heap     ] GC(22) y:                Mark Start          Mark End        Relocate Start      Relocate End    
[2026-06-17T10:07:37.381+0800][0.688s][info][gc,heap     ] GC(22) y:      Used:       26M (41%)          26M (41%)          18M (28%)          18M (28%)    
[2026-06-17T10:07:37.381+0800][0.688s][info][gc,heap     ] GC(22) y:      Live:         -                15M (25%)          15M (25%)          15M (25%)    
[2026-06-17T10:07:37.381+0800][0.688s][info][gc,heap     ] GC(22) y:   Garbage:         -                10M (16%)           2M (4%)            0M (0%)     
[2026-06-17T10:07:37.381+0800][0.689s][info][gc,heap     ] GC(22) y: Allocated:         -                 0M (0%)            0M (0%)            2M (4%)     
[2026-06-17T10:07:37.381+0800][0.689s][info][gc,heap     ] GC(22) y: Reclaimed:         -                  -                 8M (12%)          10M (16%)    
[2026-06-17T10:07:37.381+0800][0.689s][info][gc,heap     ] GC(22) y:  Promoted:         -                  -                 0M (0%)            0M (0%)     
[2026-06-17T10:07:37.381+0800][0.689s][info][gc,heap     ] GC(22) y: Compacted:         -                  -                  -                 1M (3%)     
[2026-06-17T10:07:37.381+0800][0.689s][info][gc,phases   ] GC(22) y: Young Generation 60M(94%)->52M(81%) 0.004s
[2026-06-17T10:07:37.382+0800][0.689s][info][gc          ] GC(22) Minor Collection (Allocation Rate) 58M(91%)->52M(81%) 0.008s
[2026-06-17T10:07:37.384+0800][0.692s][info][gc          ] GC(23) Major Collection (Allocation Rate)
[2026-06-17T10:07:37.385+0800][0.692s][info][gc,task     ] GC(23) Using 1 Workers for Young Generation
[2026-06-17T10:07:37.385+0800][0.692s][info][gc,task     ] GC(23) Using 1 Workers for Old Generation
[2026-06-17T10:07:37.385+0800][0.692s][info][gc,phases   ] GC(23) Y: Young Generation
[2026-06-17T10:07:37.385+0800][0.692s][info][gc,phases   ] GC(23) Y: Pause Mark Start (Major) 0.008ms
[2026-06-17T10:07:37.385+0800][0.693s][info][gc,phases   ] GC(23) Y: Concurrent Mark 0.344ms
[2026-06-17T10:07:37.386+0800][0.693s][info][gc,phases   ] GC(23) Y: Pause Mark End 0.005ms
[2026-06-17T10:07:37.386+0800][0.693s][info][gc,phases   ] GC(23) Y: Concurrent Mark Free 0.001ms
[2026-06-17T10:07:37.386+0800][0.693s][info][gc,phases   ] GC(23) Y: Concurrent Reset Relocation Set 0.000ms
[2026-06-17T10:07:37.386+0800][0.693s][info][gc,reloc    ] GC(23) Y: Using tenuring threshold: 2 (Computed)
[2026-06-17T10:07:37.386+0800][0.694s][info][gc,phases   ] GC(23) Y: Concurrent Select Relocation Set 0.237ms
[2026-06-17T10:07:37.386+0800][0.694s][info][gc,phases   ] GC(23) Y: Pause Relocate Start 0.003ms
[2026-06-17T10:07:37.387+0800][0.694s][info][gc,phases   ] GC(23) Y: Concurrent Relocate 0.209ms
[2026-06-17T10:07:37.387+0800][0.694s][info][gc,alloc    ] GC(23) Y:                         Mark Start        Mark End      Relocate Start    Relocate End   
[2026-06-17T10:07:37.387+0800][0.694s][info][gc,alloc    ] GC(23) Y: Allocation Stalls:          0                0                0                0         
[2026-06-17T10:07:37.387+0800][0.694s][info][gc,load     ] GC(23) Y: Load: 0.45 (2%) / 0.45 (2%) / 0.50 (2%)
[2026-06-17T10:07:37.387+0800][0.694s][info][gc,mmu      ] GC(23) Y: MMU: 2ms/98.7%, 5ms/99.2%, 10ms/99.5%, 20ms/99.6%, 50ms/99.8%, 100ms/99.8%
[2026-06-17T10:07:37.387+0800][0.694s][info][gc,marking  ] GC(23) Y: Mark: 1 stripe(s), 1 proactive flush(es), 1 terminate flush(es), 0 completion(s), 0 continuation(s) 
[2026-06-17T10:07:37.387+0800][0.694s][info][gc,nmethod  ] GC(23) Y: NMethods: 69 registered, 4 unregistered
[2026-06-17T10:07:37.387+0800][0.695s][info][gc,metaspace] GC(23) Y: Metaspace: 0M used, 0M committed, 1088M reserved
[2026-06-17T10:07:37.387+0800][0.695s][info][gc,reloc    ] GC(23) Y:                        Candidates     Selected     In-Place         Size        Empty    Relocated 
[2026-06-17T10:07:37.387+0800][0.695s][info][gc,reloc    ] GC(23) Y: Small Pages:                    5            3            1          10M           0M           1M 
[2026-06-17T10:07:37.387+0800][0.695s][info][gc,reloc    ] GC(23) Y: Large Pages:                   10            0            0          20M           0M           0M 
[2026-06-17T10:07:37.387+0800][0.695s][info][gc,reloc    ] GC(23) Y: Forwarding Usage: 0M
[2026-06-17T10:07:37.387+0800][0.695s][info][gc,reloc    ] GC(23) Y: Age Table:
[2026-06-17T10:07:37.388+0800][0.695s][info][gc,reloc    ] GC(23) Y:                    Live             Garbage             Small              Medium             Large        
[2026-06-17T10:07:37.388+0800][0.695s][info][gc,reloc    ] GC(23) Y: Eden               6M (11%)           5M (8%)           3 / 2              0 / 0              3 / 0        
[2026-06-17T10:07:37.388+0800][0.695s][info][gc,reloc    ] GC(23) Y: Survivor 1          -                 0M (0%)           0 / 0              0 / 0              0 / 0        
[2026-06-17T10:07:37.388+0800][0.695s][info][gc,reloc    ] GC(23) Y: Survivor 2         8M (14%)           1M (2%)           1 / 1              0 / 0              4 / 0        
[2026-06-17T10:07:37.388+0800][0.695s][info][gc,reloc    ] GC(23) Y: Survivor 3         7M (11%)           0M (2%)           1 / 0              0 / 0              3 / 0        
[2026-06-17T10:07:37.388+0800][0.695s][info][gc,heap     ] GC(23) Y: Min Capacity: 64M(100%)
[2026-06-17T10:07:37.388+0800][0.695s][info][gc,heap     ] GC(23) Y: Max Capacity: 64M(100%)
[2026-06-17T10:07:37.388+0800][0.695s][info][gc,heap     ] GC(23) Y: Soft Max Capacity: 64M(100%)
[2026-06-17T10:07:37.388+0800][0.695s][info][gc,heap     ] GC(23) Y: Heap Statistics:
[2026-06-17T10:07:37.388+0800][0.696s][info][gc,heap     ] GC(23) Y:                Mark Start          Mark End        Relocate Start      Relocate End           High               Low         
[2026-06-17T10:07:37.388+0800][0.696s][info][gc,heap     ] GC(23) Y:  Capacity:       64M (100%)         64M (100%)         64M (100%)         64M (100%)         64M (100%)         64M (100%)   
[2026-06-17T10:07:37.388+0800][0.696s][info][gc,heap     ] GC(23) Y:      Free:        0M (0%)            0M (0%)            0M (0%)            4M (6%)            4M (6%)            0M (0%)     
[2026-06-17T10:07:37.388+0800][0.696s][info][gc,heap     ] GC(23) Y:      Used:       64M (100%)         64M (100%)         64M (100%)         60M (94%)          64M (100%)         60M (94%)    
[2026-06-17T10:07:37.388+0800][0.696s][info][gc,heap     ] GC(23) Y: Young Generation Statistics:
[2026-06-17T10:07:37.388+0800][0.696s][info][gc,heap     ] GC(23) Y:                Mark Start          Mark End        Relocate Start      Relocate End    
[2026-06-17T10:07:37.389+0800][0.696s][info][gc,heap     ] GC(23) Y:      Used:       30M (47%)          30M (47%)          14M (22%)           8M (12%)    
[2026-06-17T10:07:37.389+0800][0.696s][info][gc,heap     ] GC(23) Y:      Live:         -                22M (35%)           7M (12%)           6M (11%)    
[2026-06-17T10:07:37.389+0800][0.696s][info][gc,heap     ] GC(23) Y:   Garbage:         -                 7M (12%)           6M (10%)           0M (0%)     
[2026-06-17T10:07:37.389+0800][0.696s][info][gc,heap     ] GC(23) Y: Allocated:         -                 0M (0%)            0M (0%)            1M (2%)     
[2026-06-17T10:07:37.389+0800][0.696s][info][gc,heap     ] GC(23) Y: Reclaimed:         -                  -                 0M (2%)            7M (12%)    
[2026-06-17T10:07:37.389+0800][0.696s][info][gc,heap     ] GC(23) Y:  Promoted:         -                  -                15M (23%)          15M (25%)    
[2026-06-17T10:07:37.389+0800][0.696s][info][gc,heap     ] GC(23) Y: Compacted:         -                  -                  -                 0M (1%)     
[2026-06-17T10:07:37.389+0800][0.697s][info][gc,phases   ] GC(23) Y: Young Generation 64M(100%)->60M(94%) 0.002s
[2026-06-17T10:07:37.389+0800][0.697s][info][gc,phases   ] GC(23) O: Old Generation
[2026-06-17T10:07:37.390+0800][0.697s][info][gc,phases   ] GC(23) O: Concurrent Mark 0.758ms
[2026-06-17T10:07:37.390+0800][0.698s][info][gc,phases   ] GC(23) O: Pause Mark End 0.004ms
[2026-06-17T10:07:37.390+0800][0.698s][info][gc,phases   ] GC(23) O: Concurrent Mark Free 0.001ms
[2026-06-17T10:07:37.391+0800][0.698s][info][gc,phases   ] GC(23) O: Concurrent Process Non-Strong 0.245ms
[2026-06-17T10:07:37.391+0800][0.698s][info][gc,phases   ] GC(23) O: Concurrent Reset Relocation Set 0.000ms
[2026-06-17T10:07:37.391+0800][0.698s][info][gc,phases   ] GC(23) O: Concurrent Select Relocation Set 0.039ms
[2026-06-17T10:07:37.391+0800][0.698s][info][gc,task     ] GC(23) O: Using 1 Workers for Old Generation
[2026-06-17T10:07:37.391+0800][0.699s][info][gc,task     ] GC(23) O: Using 1 Workers for Old Generation
[2026-06-17T10:07:37.391+0800][0.699s][info][gc,phases   ] GC(23) O: Concurrent Remap Roots 0.324ms
[2026-06-17T10:07:37.391+0800][0.699s][info][gc,phases   ] GC(23) O: Pause Relocate Start 0.012ms
[2026-06-17T10:07:37.392+0800][0.699s][info][gc,phases   ] GC(23) O: Concurrent Relocate 0.054ms
[2026-06-17T10:07:37.392+0800][0.699s][info][gc,alloc    ] GC(23) O:                         Mark Start        Mark End      Relocate Start    Relocate End   
[2026-06-17T10:07:37.392+0800][0.699s][info][gc,alloc    ] GC(23) O: Allocation Stalls:          0                0                0                0         
[2026-06-17T10:07:37.392+0800][0.699s][info][gc,load     ] GC(23) O: Load: 0.45 (2%) / 0.45 (2%) / 0.50 (2%)
[2026-06-17T10:07:37.392+0800][0.699s][info][gc,mmu      ] GC(23) O: MMU: 2ms/98.7%, 5ms/99.2%, 10ms/99.5%, 20ms/99.6%, 50ms/99.8%, 100ms/99.8%
[2026-06-17T10:07:37.392+0800][0.699s][info][gc,marking  ] GC(23) O: Mark: 1 stripe(s), 1 proactive flush(es), 1 terminate flush(es), 0 completion(s), 0 continuation(s) 
[2026-06-17T10:07:37.392+0800][0.699s][info][gc,nmethod  ] GC(23) O: NMethods: 69 registered, 4 unregistered
[2026-06-17T10:07:37.392+0800][0.699s][info][gc,metaspace] GC(23) O: Metaspace: 0M used, 0M committed, 1088M reserved
[2026-06-17T10:07:37.392+0800][0.699s][info][gc,ref      ] GC(23) O:                       Encountered   Discovered     Enqueued 
[2026-06-17T10:07:37.392+0800][0.700s][info][gc,ref      ] GC(23) O: Soft References:                0            0            0 
[2026-06-17T10:07:37.392+0800][0.700s][info][gc,ref      ] GC(23) O: Weak References:                6            0            0 
[2026-06-17T10:07:37.392+0800][0.700s][info][gc,ref      ] GC(23) O: Final References:               0            0            0 
[2026-06-17T10:07:37.392+0800][0.700s][info][gc,ref      ] GC(23) O: Phantom References:             1            1            0 
[2026-06-17T10:07:37.392+0800][0.700s][info][gc,reloc    ] GC(23) O:                        Candidates     Selected     In-Place         Size        Empty    Relocated 
[2026-06-17T10:07:37.392+0800][0.700s][info][gc,reloc    ] GC(23) O: Small Pages:                    2            0            0           4M           0M           0M 
[2026-06-17T10:07:37.393+0800][0.700s][info][gc,reloc    ] GC(23) O: Large Pages:                   15            0            0          30M           0M           0M 
[2026-06-17T10:07:37.393+0800][0.700s][info][gc,reloc    ] GC(23) O: Forwarding Usage: 0M
[2026-06-17T10:07:37.393+0800][0.700s][info][gc,heap     ] GC(23) O: Min Capacity: 64M(100%)
[2026-06-17T10:07:37.393+0800][0.700s][info][gc,heap     ] GC(23) O: Max Capacity: 64M(100%)
[2026-06-17T10:07:37.393+0800][0.700s][info][gc,heap     ] GC(23) O: Soft Max Capacity: 64M(100%)
[2026-06-17T10:07:37.393+0800][0.700s][info][gc,heap     ] GC(23) O: Heap Statistics:
[2026-06-17T10:07:37.393+0800][0.700s][info][gc,heap     ] GC(23) O:                Mark Start          Mark End        Relocate Start      Relocate End           High               Low         
[2026-06-17T10:07:37.393+0800][0.700s][info][gc,heap     ] GC(23) O:  Capacity:       64M (100%)         64M (100%)         64M (100%)         64M (100%)         64M (100%)         64M (100%)   
[2026-06-17T10:07:37.393+0800][0.700s][info][gc,heap     ] GC(23) O:      Free:        0M (0%)            4M (6%)            4M (6%)            4M (6%)            4M (6%)            0M (0%)     
[2026-06-17T10:07:37.393+0800][0.701s][info][gc,heap     ] GC(23) O:      Used:       64M (100%)         60M (94%)          60M (94%)          60M (94%)          64M (100%)         60M (94%)    
[2026-06-17T10:07:37.393+0800][0.701s][info][gc,heap     ] GC(23) O: Old Generation Statistics:
[2026-06-17T10:07:37.393+0800][0.701s][info][gc,heap     ] GC(23) O:                Mark Start          Mark End        Relocate Start      Relocate End    
[2026-06-17T10:07:37.393+0800][0.701s][info][gc,heap     ] GC(23) O:      Used:       34M (53%)          52M (81%)          52M (81%)          52M (81%)    
[2026-06-17T10:07:37.393+0800][0.701s][info][gc,heap     ] GC(23) O:      Live:         -                32M (51%)          32M (51%)          32M (51%)    
[2026-06-17T10:07:37.393+0800][0.701s][info][gc,heap     ] GC(23) O:   Garbage:         -                 1M (2%)            1M (2%)            1M (2%)     
[2026-06-17T10:07:37.394+0800][0.701s][info][gc,heap     ] GC(23) O: Allocated:         -                18M (28%)          18M (28%)          18M (28%)    
[2026-06-17T10:07:37.394+0800][0.701s][info][gc,heap     ] GC(23) O: Reclaimed:         -                  -                 0M (0%)            0M (0%)     
[2026-06-17T10:07:37.394+0800][0.701s][info][gc,heap     ] GC(23) O: Compacted:         -                  -                  -                 0M (0%)     
[2026-06-17T10:07:37.394+0800][0.701s][info][gc,phases   ] GC(23) O: Old Generation 60M(94%)->60M(94%) 0.002s
[2026-06-17T10:07:37.394+0800][0.701s][info][gc          ] GC(23) Major Collection (Allocation Rate) 56M(88%)->60M(94%) 0.009s
[2026-06-17T10:07:37.395+0800][0.702s][info][gc          ] GC(24) Minor Collection (Allocation Rate)
[2026-06-17T10:07:37.395+0800][0.702s][info][gc,task     ] GC(24) Using 1 Workers for Young Generation
[2026-06-17T10:07:37.395+0800][0.702s][info][gc,phases   ] GC(24) y: Young Generation
[2026-06-17T10:07:37.395+0800][0.702s][info][gc,phases   ] GC(24) y: Pause Mark Start 0.005ms
[2026-06-17T10:07:37.395+0800][0.703s][info][gc,phases   ] GC(24) y: Concurrent Mark 0.389ms
[2026-06-17T10:07:37.396+0800][0.703s][info][gc,phases   ] GC(24) y: Pause Mark End 0.004ms
[2026-06-17T10:07:37.396+0800][0.703s][info][gc,phases   ] GC(24) y: Concurrent Mark Free 0.000ms
[2026-06-17T10:07:37.396+0800][0.703s][info][gc,phases   ] GC(24) y: Concurrent Reset Relocation Set 0.002ms
[2026-06-17T10:07:37.396+0800][0.703s][info][gc,reloc    ] GC(24) y: Using tenuring threshold: 2 (Computed)
[2026-06-17T10:07:37.396+0800][0.703s][info][gc,phases   ] GC(24) y: Concurrent Select Relocation Set 0.188ms
[2026-06-17T10:07:37.396+0800][0.704s][info][gc,phases   ] GC(24) y: Pause Relocate Start 0.004ms
[2026-06-17T10:07:37.396+0800][0.704s][info][gc,phases   ] GC(24) y: Concurrent Relocate 0.082ms
[2026-06-17T10:07:37.396+0800][0.704s][info][gc,alloc    ] GC(24) y:                         Mark Start        Mark End      Relocate Start    Relocate End   
[2026-06-17T10:07:37.396+0800][0.704s][info][gc,alloc    ] GC(24) y: Allocation Stalls:          0                0                0                0         
[2026-06-17T10:07:37.397+0800][0.704s][info][gc,load     ] GC(24) y: Load: 0.45 (2%) / 0.45 (2%) / 0.50 (2%)
[2026-06-17T10:07:37.397+0800][0.704s][info][gc,mmu      ] GC(24) y: MMU: 2ms/98.7%, 5ms/99.2%, 10ms/99.5%, 20ms/99.6%, 50ms/99.8%, 100ms/99.8%
[2026-06-17T10:07:37.397+0800][0.704s][info][gc,marking  ] GC(24) y: Mark: 1 stripe(s), 1 proactive flush(es), 1 terminate flush(es), 0 completion(s), 0 continuation(s) 
[2026-06-17T10:07:37.397+0800][0.704s][info][gc,nmethod  ] GC(24) y: NMethods: 69 registered, 4 unregistered
[2026-06-17T10:07:37.397+0800][0.704s][info][gc,metaspace] GC(24) y: Metaspace: 0M used, 0M committed, 1088M reserved
[2026-06-17T10:07:37.397+0800][0.704s][info][gc,reloc    ] GC(24) y:                        Candidates     Selected     In-Place         Size        Empty    Relocated 
[2026-06-17T10:07:37.397+0800][0.704s][info][gc,reloc    ] GC(24) y: Small Pages:                    3            0            0           6M           4M           0M 
[2026-06-17T10:07:37.397+0800][0.704s][info][gc,reloc    ] GC(24) y: Large Pages:                    3            0            0           6M           0M           0M 
[2026-06-17T10:07:37.397+0800][0.705s][info][gc,reloc    ] GC(24) y: Forwarding Usage: 0M
[2026-06-17T10:07:37.397+0800][0.705s][info][gc,reloc    ] GC(24) y: Age Table:
[2026-06-17T10:07:37.397+0800][0.705s][info][gc,reloc    ] GC(24) y:                    Live             Garbage             Small              Medium             Large        
[2026-06-17T10:07:37.397+0800][0.705s][info][gc,reloc    ] GC(24) y: Eden                -                 4M (6%)           2 / 0              0 / 0              0 / 0        
[2026-06-17T10:07:37.397+0800][0.705s][info][gc,reloc    ] GC(24) y: Survivor 1         6M (11%)           1M (2%)           1 / 0              0 / 0              3 / 0        
[2026-06-17T10:07:37.397+0800][0.705s][info][gc,heap     ] GC(24) y: Min Capacity: 64M(100%)
[2026-06-17T10:07:37.398+0800][0.705s][info][gc,heap     ] GC(24) y: Max Capacity: 64M(100%)
[2026-06-17T10:07:37.398+0800][0.705s][info][gc,heap     ] GC(24) y: Soft Max Capacity: 64M(100%)
[2026-06-17T10:07:37.398+0800][0.705s][info][gc,heap     ] GC(24) y: Heap Statistics:
[2026-06-17T10:07:37.398+0800][0.705s][info][gc,heap     ] GC(24) y:                Mark Start          Mark End        Relocate Start      Relocate End           High               Low         
[2026-06-17T10:07:37.398+0800][0.705s][info][gc,heap     ] GC(24) y:  Capacity:       64M (100%)         64M (100%)         64M (100%)         64M (100%)         64M (100%)         64M (100%)   
[2026-06-17T10:07:37.398+0800][0.705s][info][gc,heap     ] GC(24) y:      Free:        0M (0%)            0M (0%)            4M (6%)            4M (6%)            4M (6%)            0M (0%)     
[2026-06-17T10:07:37.398+0800][0.705s][info][gc,heap     ] GC(24) y:      Used:       64M (100%)         64M (100%)         60M (94%)          60M (94%)          64M (100%)         60M (94%)    
[2026-06-17T10:07:37.398+0800][0.705s][info][gc,heap     ] GC(24) y: Young Generation Statistics:
[2026-06-17T10:07:37.398+0800][0.705s][info][gc,heap     ] GC(24) y:                Mark Start          Mark End        Relocate Start      Relocate End    
[2026-06-17T10:07:37.398+0800][0.705s][info][gc,heap     ] GC(24) y:      Used:       12M (19%)          12M (19%)           8M (12%)           8M (12%)    
[2026-06-17T10:07:37.398+0800][0.706s][info][gc,heap     ] GC(24) y:      Live:         -                 6M (11%)           6M (11%)           6M (11%)    
[2026-06-17T10:07:37.398+0800][0.706s][info][gc,heap     ] GC(24) y:   Garbage:         -                 5M (8%)            1M (2%)            1M (2%)     
[2026-06-17T10:07:37.398+0800][0.706s][info][gc,heap     ] GC(24) y: Allocated:         -                 0M (0%)            0M (0%)            0M (0%)     
[2026-06-17T10:07:37.398+0800][0.706s][info][gc,heap     ] GC(24) y: Reclaimed:         -                  -                 4M (6%)            4M (6%)     
[2026-06-17T10:07:37.398+0800][0.706s][info][gc,heap     ] GC(24) y:  Promoted:         -                  -                 0M (0%)            0M (0%)     
[2026-06-17T10:07:37.399+0800][0.706s][info][gc,heap     ] GC(24) y: Compacted:         -                  -                  -                 0M (0%)     
[2026-06-17T10:07:37.399+0800][0.706s][info][gc,phases   ] GC(24) y: Young Generation 64M(100%)->60M(94%) 0.002s
[2026-06-17T10:07:37.399+0800][0.706s][info][gc          ] GC(24) Minor Collection (Allocation Rate) 62M(97%)->60M(94%) 0.004s
[2026-06-17T10:07:37.399+0800][0.706s][info][gc          ] GC(25) Minor Collection (Allocation Rate)
[2026-06-17T10:07:37.399+0800][0.706s][info][gc,task     ] GC(25) Using 1 Workers for Young Generation
[2026-06-17T10:07:37.399+0800][0.706s][info][gc,phases   ] GC(25) y: Young Generation
[2026-06-17T10:07:37.399+0800][0.706s][info][gc,phases   ] GC(25) y: Pause Mark Start 0.005ms
[2026-06-17T10:07:37.399+0800][0.707s][info][gc,phases   ] GC(25) y: Concurrent Mark 0.289ms
[2026-06-17T10:07:37.400+0800][0.707s][info][gc,phases   ] GC(25) y: Pause Mark End 0.004ms
[2026-06-17T10:07:37.400+0800][0.707s][info][gc,phases   ] GC(25) y: Concurrent Mark Free 0.000ms
[2026-06-17T10:07:37.400+0800][0.707s][info][gc,phases   ] GC(25) y: Concurrent Reset Relocation Set 0.000ms
[2026-06-17T10:07:37.400+0800][0.707s][info][gc,reloc    ] GC(25) y: Using tenuring threshold: 3 (Computed)
[2026-06-17T10:07:37.400+0800][0.707s][info][gc,phases   ] GC(25) y: Concurrent Select Relocation Set 0.170ms
[2026-06-17T10:07:37.400+0800][0.707s][info][gc,phases   ] GC(25) y: Pause Relocate Start 0.003ms
[2026-06-17T10:07:37.400+0800][0.708s][info][gc,phases   ] GC(25) y: Concurrent Relocate 0.079ms
[2026-06-17T10:07:37.400+0800][0.708s][info][gc,alloc    ] GC(25) y:                         Mark Start        Mark End      Relocate Start    Relocate End   
[2026-06-17T10:07:37.400+0800][0.708s][info][gc,alloc    ] GC(25) y: Allocation Stalls:          0                0                0                0         
[2026-06-17T10:07:37.400+0800][0.708s][info][gc,load     ] GC(25) y: Load: 0.45 (2%) / 0.45 (2%) / 0.50 (2%)
[2026-06-17T10:07:37.400+0800][0.708s][info][gc,mmu      ] GC(25) y: MMU: 2ms/98.7%, 5ms/99.2%, 10ms/99.5%, 20ms/99.6%, 50ms/99.8%, 100ms/99.8%
[2026-06-17T10:07:37.400+0800][0.708s][info][gc,marking  ] GC(25) y: Mark: 1 stripe(s), 1 proactive flush(es), 1 terminate flush(es), 0 completion(s), 0 continuation(s) 
[2026-06-17T10:07:37.401+0800][0.708s][info][gc,nmethod  ] GC(25) y: NMethods: 69 registered, 4 unregistered
[2026-06-17T10:07:37.401+0800][0.708s][info][gc,metaspace] GC(25) y: Metaspace: 0M used, 0M committed, 1088M reserved
[2026-06-17T10:07:37.401+0800][0.708s][info][gc,reloc    ] GC(25) y:                        Candidates     Selected     In-Place         Size        Empty    Relocated 
[2026-06-17T10:07:37.401+0800][0.708s][info][gc,reloc    ] GC(25) y: Small Pages:                    1            0            0           2M           0M           0M 
[2026-06-17T10:07:37.401+0800][0.708s][info][gc,reloc    ] GC(25) y: Large Pages:                    3            0            0           6M           0M           0M 
[2026-06-17T10:07:37.401+0800][0.708s][info][gc,reloc    ] GC(25) y: Forwarding Usage: 0M
[2026-06-17T10:07:37.401+0800][0.708s][info][gc,reloc    ] GC(25) y: Age Table:
[2026-06-17T10:07:37.401+0800][0.709s][info][gc,reloc    ] GC(25) y:                    Live             Garbage             Small              Medium             Large        
[2026-06-17T10:07:37.401+0800][0.709s][info][gc,reloc    ] GC(25) y: Eden                -                 0M (0%)           0 / 0              0 / 0              0 / 0        
[2026-06-17T10:07:37.401+0800][0.709s][info][gc,reloc    ] GC(25) y: Survivor 1          -                 0M (0%)           0 / 0              0 / 0              0 / 0        
[2026-06-17T10:07:37.401+0800][0.709s][info][gc,reloc    ] GC(25) y: Survivor 2         6M (11%)           1M (2%)           1 / 0              0 / 0              3 / 0        
[2026-06-17T10:07:37.401+0800][0.709s][info][gc,heap     ] GC(25) y: Min Capacity: 64M(100%)
[2026-06-17T10:07:37.402+0800][0.709s][info][gc,heap     ] GC(25) y: Max Capacity: 64M(100%)
[2026-06-17T10:07:37.402+0800][0.709s][info][gc,heap     ] GC(25) y: Soft Max Capacity: 64M(100%)
[2026-06-17T10:07:37.402+0800][0.709s][info][gc,heap     ] GC(25) y: Heap Statistics:
[2026-06-17T10:07:37.402+0800][0.709s][info][gc,heap     ] GC(25) y:                Mark Start          Mark End        Relocate Start      Relocate End           High               Low         
[2026-06-17T10:07:37.402+0800][0.709s][info][gc,heap     ] GC(25) y:  Capacity:       64M (100%)         64M (100%)         64M (100%)         64M (100%)         64M (100%)         64M (100%)   
[2026-06-17T10:07:37.402+0800][0.709s][info][gc,heap     ] GC(25) y:      Free:        4M (6%)            4M (6%)            4M (6%)            4M (6%)            4M (6%)            4M (6%)     
[2026-06-17T10:07:37.402+0800][0.709s][info][gc,heap     ] GC(25) y:      Used:       60M (94%)          60M (94%)          60M (94%)          60M (94%)          60M (94%)          60M (94%)    
[2026-06-17T10:07:37.402+0800][0.709s][info][gc,heap     ] GC(25) y: Young Generation Statistics:
[2026-06-17T10:07:37.402+0800][0.710s][info][gc,heap     ] GC(25) y:                Mark Start          Mark End        Relocate Start      Relocate End    
[2026-06-17T10:07:37.402+0800][0.710s][info][gc,heap     ] GC(25) y:      Used:        8M (12%)           8M (12%)           8M (12%)           8M (12%)    
[2026-06-17T10:07:37.402+0800][0.710s][info][gc,heap     ] GC(25) y:      Live:         -                 6M (11%)           6M (11%)           6M (11%)    
[2026-06-17T10:07:37.402+0800][0.710s][info][gc,heap     ] GC(25) y:   Garbage:         -                 1M (2%)            1M (2%)            1M (2%)     
[2026-06-17T10:07:37.402+0800][0.710s][info][gc,heap     ] GC(25) y: Allocated:         -                 0M (0%)            0M (0%)            0M (0%)     
[2026-06-17T10:07:37.402+0800][0.710s][info][gc,heap     ] GC(25) y: Reclaimed:         -                  -                 0M (0%)            0M (0%)     
[2026-06-17T10:07:37.403+0800][0.710s][info][gc,heap     ] GC(25) y:  Promoted:         -                  -                 0M (0%)            0M (0%)     
[2026-06-17T10:07:37.403+0800][0.710s][info][gc,heap     ] GC(25) y: Compacted:         -                  -                  -                 0M (0%)     
[2026-06-17T10:07:37.403+0800][0.710s][info][gc,phases   ] GC(25) y: Young Generation 60M(94%)->60M(94%) 0.001s
[2026-06-17T10:07:37.403+0800][0.710s][info][gc          ] GC(25) Minor Collection (Allocation Rate) 60M(94%)->60M(94%) 0.004s
[2026-06-17T10:07:37.403+0800][0.710s][info][gc          ] GC(26) Major Collection (Allocation Rate)
[2026-06-17T10:07:37.403+0800][0.710s][info][gc,task     ] GC(26) Using 1 Workers for Young Generation
[2026-06-17T10:07:37.403+0800][0.710s][info][gc,task     ] GC(26) Using 1 Workers for Old Generation
[2026-06-17T10:07:37.403+0800][0.710s][info][gc,phases   ] GC(26) Y: Young Generation
[2026-06-17T10:07:37.403+0800][0.711s][info][gc,phases   ] GC(26) Y: Pause Mark Start (Major) 0.005ms
[2026-06-17T10:07:37.404+0800][0.711s][info][gc,phases   ] GC(26) Y: Concurrent Mark 0.307ms
[2026-06-17T10:07:37.404+0800][0.711s][info][gc,phases   ] GC(26) Y: Pause Mark End 0.004ms
[2026-06-17T10:07:37.404+0800][0.711s][info][gc,phases   ] GC(26) Y: Concurrent Mark Free 0.000ms
[2026-06-17T10:07:37.404+0800][0.711s][info][gc,phases   ] GC(26) Y: Concurrent Reset Relocation Set 0.000ms
[2026-06-17T10:07:37.404+0800][0.711s][info][gc,reloc    ] GC(26) Y: Using tenuring threshold: 3 (Computed)
[2026-06-17T10:07:37.404+0800][0.712s][info][gc,phases   ] GC(26) Y: Concurrent Select Relocation Set 0.191ms
[2026-06-17T10:07:37.404+0800][0.712s][info][gc,phases   ] GC(26) Y: Pause Relocate Start 0.003ms
[2026-06-17T10:07:37.404+0800][0.712s][info][gc,phases   ] GC(26) Y: Concurrent Relocate 0.085ms
[2026-06-17T10:07:37.405+0800][0.712s][info][gc,alloc    ] GC(26) Y:                         Mark Start        Mark End      Relocate Start    Relocate End   
[2026-06-17T10:07:37.405+0800][0.712s][info][gc,alloc    ] GC(26) Y: Allocation Stalls:          0                0                0                0         
[2026-06-17T10:07:37.405+0800][0.712s][info][gc,load     ] GC(26) Y: Load: 0.45 (2%) / 0.45 (2%) / 0.50 (2%)
[2026-06-17T10:07:37.405+0800][0.712s][info][gc,mmu      ] GC(26) Y: MMU: 2ms/98.7%, 5ms/99.2%, 10ms/99.5%, 20ms/99.6%, 50ms/99.8%, 100ms/99.8%
[2026-06-17T10:07:37.405+0800][0.712s][info][gc,marking  ] GC(26) Y: Mark: 1 stripe(s), 1 proactive flush(es), 1 terminate flush(es), 0 completion(s), 0 continuation(s) 
[2026-06-17T10:07:37.405+0800][0.712s][info][gc,nmethod  ] GC(26) Y: NMethods: 69 registered, 4 unregistered
[2026-06-17T10:07:37.405+0800][0.712s][info][gc,metaspace] GC(26) Y: Metaspace: 0M used, 0M committed, 1088M reserved
[2026-06-17T10:07:37.405+0800][0.712s][info][gc,reloc    ] GC(26) Y:                        Candidates     Selected     In-Place         Size        Empty    Relocated 
[2026-06-17T10:07:37.405+0800][0.713s][info][gc,reloc    ] GC(26) Y: Small Pages:                    1            0            0           2M           0M           0M 
[2026-06-17T10:07:37.405+0800][0.713s][info][gc,reloc    ] GC(26) Y: Large Pages:                    3            0            0           6M           0M           0M 
[2026-06-17T10:07:37.405+0800][0.713s][info][gc,reloc    ] GC(26) Y: Forwarding Usage: 0M
[2026-06-17T10:07:37.405+0800][0.713s][info][gc,reloc    ] GC(26) Y: Age Table:
[2026-06-17T10:07:37.405+0800][0.713s][info][gc,reloc    ] GC(26) Y:                    Live             Garbage             Small              Medium             Large        
[2026-06-17T10:07:37.406+0800][0.713s][info][gc,reloc    ] GC(26) Y: Eden                -                 0M (0%)           0 / 0              0 / 0              0 / 0        
[2026-06-17T10:07:37.406+0800][0.713s][info][gc,reloc    ] GC(26) Y: Survivor 1          -                 0M (0%)           0 / 0              0 / 0              0 / 0        
[2026-06-17T10:07:37.406+0800][0.713s][info][gc,reloc    ] GC(26) Y: Survivor 2          -                 0M (0%)           0 / 0              0 / 0              0 / 0        
[2026-06-17T10:07:37.406+0800][0.713s][info][gc,reloc    ] GC(26) Y: Survivor 3         6M (11%)           1M (2%)           1 / 0              0 / 0              3 / 0        
[2026-06-17T10:07:37.406+0800][0.713s][info][gc,heap     ] GC(26) Y: Min Capacity: 64M(100%)
[2026-06-17T10:07:37.406+0800][0.713s][info][gc,heap     ] GC(26) Y: Max Capacity: 64M(100%)
[2026-06-17T10:07:37.406+0800][0.713s][info][gc,heap     ] GC(26) Y: Soft Max Capacity: 64M(100%)
[2026-06-17T10:07:37.406+0800][0.713s][info][gc,heap     ] GC(26) Y: Heap Statistics:
[2026-06-17T10:07:37.406+0800][0.713s][info][gc,heap     ] GC(26) Y:                Mark Start          Mark End        Relocate Start      Relocate End           High               Low         
[2026-06-17T10:07:37.406+0800][0.714s][info][gc,heap     ] GC(26) Y:  Capacity:       64M (100%)         64M (100%)         64M (100%)         64M (100%)         64M (100%)         64M (100%)   
[2026-06-17T10:07:37.406+0800][0.714s][info][gc,heap     ] GC(26) Y:      Free:        4M (6%)            4M (6%)            4M (6%)            4M (6%)            4M (6%)            4M (6%)     
[2026-06-17T10:07:37.406+0800][0.714s][info][gc,heap     ] GC(26) Y:      Used:       60M (94%)          60M (94%)          60M (94%)          60M (94%)          60M (94%)          60M (94%)    
[2026-06-17T10:07:37.406+0800][0.714s][info][gc,heap     ] GC(26) Y: Young Generation Statistics:
[2026-06-17T10:07:37.406+0800][0.714s][info][gc,heap     ] GC(26) Y:                Mark Start          Mark End        Relocate Start      Relocate End    
[2026-06-17T10:07:37.407+0800][0.714s][info][gc,heap     ] GC(26) Y:      Used:        8M (12%)           8M (12%)           0M (0%)            0M (0%)     
[2026-06-17T10:07:37.407+0800][0.714s][info][gc,heap     ] GC(26) Y:      Live:         -                 6M (11%)           0M (0%)            0M (0%)     
[2026-06-17T10:07:37.407+0800][0.714s][info][gc,heap     ] GC(26) Y:   Garbage:         -                 1M (2%)            0M (0%)            0M (0%)     
[2026-06-17T10:07:37.407+0800][0.714s][info][gc,heap     ] GC(26) Y: Allocated:         -                 0M (0%)            0M (0%)            0M (0%)     
[2026-06-17T10:07:37.407+0800][0.714s][info][gc,heap     ] GC(26) Y: Reclaimed:         -                  -                 1M (2%)            1M (2%)     
[2026-06-17T10:07:37.407+0800][0.714s][info][gc,heap     ] GC(26) Y:  Promoted:         -                  -                 6M (11%)           6M (11%)    
[2026-06-17T10:07:37.407+0800][0.714s][info][gc,heap     ] GC(26) Y: Compacted:         -                  -                  -                 0M (0%)     
[2026-06-17T10:07:37.407+0800][0.714s][info][gc,phases   ] GC(26) Y: Young Generation 60M(94%)->60M(94%) 0.001s
[2026-06-17T10:07:37.407+0800][0.715s][info][gc,phases   ] GC(26) O: Old Generation
[2026-06-17T10:07:37.408+0800][0.716s][info][gc,phases   ] GC(26) O: Concurrent Mark 0.883ms
[2026-06-17T10:07:37.408+0800][0.716s][info][gc,phases   ] GC(26) O: Pause Mark End 0.005ms
[2026-06-17T10:07:37.408+0800][0.716s][info][gc,phases   ] GC(26) O: Concurrent Mark Free 0.001ms
[2026-06-17T10:07:37.409+0800][0.716s][info][gc,phases   ] GC(26) O: Concurrent Process Non-Strong 0.211ms
[2026-06-17T10:07:37.409+0800][0.716s][info][gc,phases   ] GC(26) O: Concurrent Reset Relocation Set 0.000ms
[2026-06-17T10:07:37.409+0800][0.716s][info][gc,phases   ] GC(26) O: Concurrent Select Relocation Set 0.064ms
[2026-06-17T10:07:37.409+0800][0.716s][info][gc,task     ] GC(26) O: Using 1 Workers for Old Generation
[2026-06-17T10:07:37.409+0800][0.717s][info][gc,task     ] GC(26) O: Using 1 Workers for Old Generation
[2026-06-17T10:07:37.409+0800][0.717s][info][gc,phases   ] GC(26) O: Concurrent Remap Roots 0.243ms
[2026-06-17T10:07:37.409+0800][0.717s][info][gc,phases   ] GC(26) O: Pause Relocate Start 0.004ms
[2026-06-17T10:07:37.409+0800][0.717s][info][gc,phases   ] GC(26) O: Concurrent Relocate 0.131ms
[2026-06-17T10:07:37.410+0800][0.717s][info][gc,alloc    ] GC(26) O:                         Mark Start        Mark End      Relocate Start    Relocate End   
[2026-06-17T10:07:37.410+0800][0.717s][info][gc,alloc    ] GC(26) O: Allocation Stalls:          0                0                0                0         
[2026-06-17T10:07:37.410+0800][0.717s][info][gc,load     ] GC(26) O: Load: 0.45 (2%) / 0.45 (2%) / 0.50 (2%)
[2026-06-17T10:07:37.410+0800][0.717s][info][gc,mmu      ] GC(26) O: MMU: 2ms/98.7%, 5ms/99.2%, 10ms/99.5%, 20ms/99.6%, 50ms/99.8%, 100ms/99.8%
[2026-06-17T10:07:37.410+0800][0.717s][info][gc,marking  ] GC(26) O: Mark: 1 stripe(s), 2 proactive flush(es), 1 terminate flush(es), 0 completion(s), 0 continuation(s) 
[2026-06-17T10:07:37.410+0800][0.717s][info][gc,nmethod  ] GC(26) O: NMethods: 69 registered, 4 unregistered
[2026-06-17T10:07:37.410+0800][0.717s][info][gc,metaspace] GC(26) O: Metaspace: 0M used, 0M committed, 1088M reserved
[2026-06-17T10:07:37.410+0800][0.717s][info][gc,ref      ] GC(26) O:                       Encountered   Discovered     Enqueued 
[2026-06-17T10:07:37.410+0800][0.718s][info][gc,ref      ] GC(26) O: Soft References:                0            0            0 
[2026-06-17T10:07:37.410+0800][0.718s][info][gc,ref      ] GC(26) O: Weak References:                6            0            0 
[2026-06-17T10:07:37.410+0800][0.718s][info][gc,ref      ] GC(26) O: Final References:               0            0            0 
[2026-06-17T10:07:37.410+0800][0.718s][info][gc,ref      ] GC(26) O: Phantom References:             1            1            0 
[2026-06-17T10:07:37.410+0800][0.718s][info][gc,reloc    ] GC(26) O:                        Candidates     Selected     In-Place         Size        Empty    Relocated 
[2026-06-17T10:07:37.410+0800][0.718s][info][gc,reloc    ] GC(26) O: Small Pages:                    4            1            1           8M           0M           0M 
[2026-06-17T10:07:37.411+0800][0.718s][info][gc,reloc    ] GC(26) O: Large Pages:                   22            0            0          44M           0M           0M 
[2026-06-17T10:07:37.411+0800][0.718s][info][gc,reloc    ] GC(26) O: Forwarding Usage: 0M
[2026-06-17T10:07:37.411+0800][0.718s][info][gc,heap     ] GC(26) O: Min Capacity: 64M(100%)
[2026-06-17T10:07:37.411+0800][0.718s][info][gc,heap     ] GC(26) O: Max Capacity: 64M(100%)
[2026-06-17T10:07:37.411+0800][0.718s][info][gc,heap     ] GC(26) O: Soft Max Capacity: 64M(100%)
[2026-06-17T10:07:37.411+0800][0.718s][info][gc,heap     ] GC(26) O: Heap Statistics:
[2026-06-17T10:07:37.411+0800][0.718s][info][gc,heap     ] GC(26) O:                Mark Start          Mark End        Relocate Start      Relocate End           High               Low         
[2026-06-17T10:07:37.411+0800][0.719s][info][gc,heap     ] GC(26) O:  Capacity:       64M (100%)         64M (100%)         64M (100%)         64M (100%)         64M (100%)         64M (100%)   
[2026-06-17T10:07:37.411+0800][0.719s][info][gc,heap     ] GC(26) O:      Free:        4M (6%)            0M (0%)            0M (0%)            2M (3%)            4M (6%)            0M (0%)     
[2026-06-17T10:07:37.411+0800][0.719s][info][gc,heap     ] GC(26) O:      Used:       60M (94%)          64M (100%)         64M (100%)         62M (97%)          64M (100%)         60M (94%)    
[2026-06-17T10:07:37.411+0800][0.719s][info][gc,heap     ] GC(26) O: Old Generation Statistics:
[2026-06-17T10:07:37.411+0800][0.719s][info][gc,heap     ] GC(26) O:                Mark Start          Mark End        Relocate Start      Relocate End    
[2026-06-17T10:07:37.411+0800][0.719s][info][gc,heap     ] GC(26) O:      Used:       52M (81%)          60M (94%)          60M (94%)          58M (91%)    
[2026-06-17T10:07:37.411+0800][0.719s][info][gc,heap     ] GC(26) O:      Live:         -                48M (75%)          48M (75%)          48M (75%)    
[2026-06-17T10:07:37.412+0800][0.719s][info][gc,heap     ] GC(26) O:   Garbage:         -                 3M (6%)            3M (6%)            1M (2%)     
[2026-06-17T10:07:37.412+0800][0.719s][info][gc,heap     ] GC(26) O: Allocated:         -                 8M (12%)           8M (12%)           8M (13%)    
[2026-06-17T10:07:37.412+0800][0.719s][info][gc,heap     ] GC(26) O: Reclaimed:         -                  -                 0M (0%)            2M (4%)     
[2026-06-17T10:07:37.412+0800][0.719s][info][gc,heap     ] GC(26) O: Compacted:         -                  -                  -                 1M (2%)     
[2026-06-17T10:07:37.412+0800][0.719s][info][gc,phases   ] GC(26) O: Old Generation 64M(100%)->62M(97%) 0.002s
[2026-06-17T10:07:37.412+0800][0.719s][info][gc          ] GC(26) Major Collection (Allocation Rate) 60M(94%)->62M(97%) 0.009s
[2026-06-17T10:07:37.415+0800][0.723s][info][gc          ] GC(27) Minor Collection (Allocation Rate)
[2026-06-17T10:07:37.415+0800][0.723s][info][gc,task     ] GC(27) Using 1 Workers for Young Generation
[2026-06-17T10:07:37.415+0800][0.723s][info][gc,phases   ] GC(27) y: Young Generation
[2026-06-17T10:07:37.416+0800][0.723s][info][gc,phases   ] GC(27) y: Pause Mark Start 0.005ms
[2026-06-17T10:07:37.416+0800][0.723s][info][gc,phases   ] GC(27) y: Concurrent Mark 0.348ms
[2026-06-17T10:07:37.416+0800][0.724s][info][gc,phases   ] GC(27) y: Pause Mark End 0.004ms
[2026-06-17T10:07:37.416+0800][0.724s][info][gc,phases   ] GC(27) y: Concurrent Mark Free 0.000ms
[2026-06-17T10:07:37.416+0800][0.724s][info][gc,phases   ] GC(27) y: Concurrent Reset Relocation Set 0.002ms
[2026-06-17T10:07:37.416+0800][0.724s][info][gc,reloc    ] GC(27) y: Using tenuring threshold: 1 (Computed)
[2026-06-17T10:07:37.417+0800][0.724s][info][gc,phases   ] GC(27) y: Concurrent Select Relocation Set 0.170ms
[2026-06-17T10:07:37.417+0800][0.724s][info][gc,phases   ] GC(27) y: Pause Relocate Start 0.003ms
[2026-06-17T10:07:37.417+0800][0.724s][info][gc          ] Allocation Stall (main) 1.451ms
[2026-06-17T10:07:37.417+0800][0.724s][info][gc,phases   ] GC(27) y: Concurrent Relocate 0.147ms
[2026-06-17T10:07:37.417+0800][0.724s][info][gc,alloc    ] GC(27) y:                         Mark Start        Mark End      Relocate Start    Relocate End   
[2026-06-17T10:07:37.417+0800][0.725s][info][gc,alloc    ] GC(27) y: Allocation Stalls:          1                1                1                0         
[2026-06-17T10:07:37.417+0800][0.725s][info][gc,load     ] GC(27) y: Load: 0.45 (2%) / 0.45 (2%) / 0.50 (2%)
[2026-06-17T10:07:37.417+0800][0.725s][info][gc,mmu      ] GC(27) y: MMU: 2ms/98.7%, 5ms/99.2%, 10ms/99.5%, 20ms/99.6%, 50ms/99.8%, 100ms/99.8%
[2026-06-17T10:07:37.417+0800][0.725s][info][gc,marking  ] GC(27) y: Mark: 1 stripe(s), 1 proactive flush(es), 1 terminate flush(es), 0 completion(s), 0 continuation(s) 
[2026-06-17T10:07:37.417+0800][0.725s][info][gc,nmethod  ] GC(27) y: NMethods: 69 registered, 4 unregistered
[2026-06-17T10:07:37.417+0800][0.725s][info][gc,metaspace] GC(27) y: Metaspace: 0M used, 0M committed, 1088M reserved
[2026-06-17T10:07:37.418+0800][0.725s][info][gc,reloc    ] GC(27) y:                        Candidates     Selected     In-Place         Size        Empty    Relocated 
[2026-06-17T10:07:37.418+0800][0.725s][info][gc,reloc    ] GC(27) y: Small Pages:                    3            1            1           6M           0M           0M 
[2026-06-17T10:07:37.418+0800][0.725s][info][gc,reloc    ] GC(27) y: Large Pages:                    0            0            0           0M           0M           0M 
[2026-06-17T10:07:37.418+0800][0.725s][info][gc,reloc    ] GC(27) y: Forwarding Usage: 0M
[2026-06-17T10:07:37.418+0800][0.725s][info][gc,reloc    ] GC(27) y: Age Table:
[2026-06-17T10:07:37.418+0800][0.725s][info][gc,reloc    ] GC(27) y:                    Live             Garbage             Small              Medium             Large        
[2026-06-17T10:07:37.418+0800][0.725s][info][gc,reloc    ] GC(27) y: Eden               2M (4%)            3M (5%)           3 / 1              0 / 0              0 / 0        
[2026-06-17T10:07:37.418+0800][0.725s][info][gc,heap     ] GC(27) y: Min Capacity: 64M(100%)
[2026-06-17T10:07:37.418+0800][0.725s][info][gc,heap     ] GC(27) y: Max Capacity: 64M(100%)
[2026-06-17T10:07:37.418+0800][0.726s][info][gc,heap     ] GC(27) y: Soft Max Capacity: 64M(100%)
[2026-06-17T10:07:37.418+0800][0.726s][info][gc,heap     ] GC(27) y: Heap Statistics:
[2026-06-17T10:07:37.418+0800][0.726s][info][gc,heap     ] GC(27) y:                Mark Start          Mark End        Relocate Start      Relocate End           High               Low         
[2026-06-17T10:07:37.418+0800][0.726s][info][gc,heap     ] GC(27) y:  Capacity:       64M (100%)         64M (100%)         64M (100%)         64M (100%)         64M (100%)         64M (100%)   
[2026-06-17T10:07:37.418+0800][0.726s][info][gc,heap     ] GC(27) y:      Free:        0M (0%)            0M (0%)            0M (0%)            0M (0%)            2M (3%)            0M (0%)     
[2026-06-17T10:07:37.419+0800][0.726s][info][gc,heap     ] GC(27) y:      Used:       64M (100%)         64M (100%)         64M (100%)         64M (100%)         64M (100%)         62M (97%)    
[2026-06-17T10:07:37.419+0800][0.726s][info][gc,heap     ] GC(27) y: Young Generation Statistics:
[2026-06-17T10:07:37.419+0800][0.726s][info][gc,heap     ] GC(27) y:                Mark Start          Mark End        Relocate Start      Relocate End    
[2026-06-17T10:07:37.419+0800][0.726s][info][gc,heap     ] GC(27) y:      Used:        6M (9%)            6M (9%)            6M (9%)            4M (6%)     
[2026-06-17T10:07:37.419+0800][0.726s][info][gc,heap     ] GC(27) y:      Live:         -                 2M (4%)            2M (4%)            2M (4%)     
[2026-06-17T10:07:37.419+0800][0.726s][info][gc,heap     ] GC(27) y:   Garbage:         -                 3M (5%)            3M (5%)            0M (0%)     
[2026-06-17T10:07:37.419+0800][0.726s][info][gc,heap     ] GC(27) y: Allocated:         -                 0M (0%)            0M (0%)            1M (2%)     
[2026-06-17T10:07:37.419+0800][0.726s][info][gc,heap     ] GC(27) y: Reclaimed:         -                  -                 0M (0%)            3M (5%)     
[2026-06-17T10:07:37.419+0800][0.727s][info][gc,heap     ] GC(27) y:  Promoted:         -                  -                 0M (0%)            0M (0%)     
[2026-06-17T10:07:37.419+0800][0.727s][info][gc,heap     ] GC(27) y: Compacted:         -                  -                  -                 0M (1%)     
[2026-06-17T10:07:37.419+0800][0.727s][info][gc,phases   ] GC(27) y: Young Generation 64M(100%)->64M(100%) 0.002s
[2026-06-17T10:07:37.419+0800][0.727s][info][gc          ] GC(27) Minor Collection (Allocation Rate) 62M(97%)->64M(100%) 0.004s
[2026-06-17T10:07:37.419+0800][0.727s][info][gc          ] GC(28) Minor Collection (Allocation Stall)
[2026-06-17T10:07:37.420+0800][0.727s][info][gc,task     ] GC(28) Using 1 Workers for Young Generation
[2026-06-17T10:07:37.420+0800][0.727s][info][gc,phases   ] GC(28) y: Young Generation
[2026-06-17T10:07:37.420+0800][0.727s][info][gc,phases   ] GC(28) y: Pause Mark Start 0.005ms
[2026-06-17T10:07:37.420+0800][0.727s][info][gc,phases   ] GC(28) y: Concurrent Mark 0.297ms
[2026-06-17T10:07:37.420+0800][0.728s][info][gc,phases   ] GC(28) y: Pause Mark End 0.003ms
[2026-06-17T10:07:37.420+0800][0.728s][info][gc,phases   ] GC(28) y: Concurrent Mark Free 0.000ms
[2026-06-17T10:07:37.420+0800][0.728s][info][gc,phases   ] GC(28) y: Concurrent Reset Relocation Set 0.001ms
[2026-06-17T10:07:37.420+0800][0.728s][info][gc,reloc    ] GC(28) y: Using tenuring threshold: 1 (Computed)
[2026-06-17T10:07:37.420+0800][0.728s][info][gc          ] Allocation Stall (main) 3.446ms
[2026-06-17T10:07:37.421+0800][0.728s][info][gc,phases   ] GC(28) y: Concurrent Select Relocation Set 0.217ms
[2026-06-17T10:07:37.421+0800][0.728s][info][gc,phases   ] GC(28) y: Pause Relocate Start 0.003ms
[2026-06-17T10:07:37.421+0800][0.728s][info][gc,phases   ] GC(28) y: Concurrent Relocate 0.078ms
[2026-06-17T10:07:37.421+0800][0.728s][info][gc,alloc    ] GC(28) y:                         Mark Start        Mark End      Relocate Start    Relocate End   
[2026-06-17T10:07:37.421+0800][0.729s][info][gc,alloc    ] GC(28) y: Allocation Stalls:          1                1                1                1         
[2026-06-17T10:07:37.421+0800][0.729s][info][gc,load     ] GC(28) y: Load: 0.45 (2%) / 0.45 (2%) / 0.50 (2%)
[2026-06-17T10:07:37.421+0800][0.729s][info][gc,mmu      ] GC(28) y: MMU: 2ms/98.7%, 5ms/99.2%, 10ms/99.5%, 20ms/99.6%, 50ms/99.8%, 100ms/99.8%
[2026-06-17T10:07:37.421+0800][0.729s][info][gc,marking  ] GC(28) y: Mark: 1 stripe(s), 1 proactive flush(es), 1 terminate flush(es), 0 completion(s), 0 continuation(s) 
[2026-06-17T10:07:37.421+0800][0.729s][info][gc,nmethod  ] GC(28) y: NMethods: 69 registered, 4 unregistered
[2026-06-17T10:07:37.421+0800][0.729s][info][gc,metaspace] GC(28) y: Metaspace: 0M used, 0M committed, 1088M reserved
[2026-06-17T10:07:37.421+0800][0.729s][info][gc,reloc    ] GC(28) y:                        Candidates     Selected     In-Place         Size        Empty    Relocated 
[2026-06-17T10:07:37.422+0800][0.729s][info][gc,reloc    ] GC(28) y: Small Pages:                    3            0            0           6M           4M           0M 
[2026-06-17T10:07:37.422+0800][0.729s][info][gc,reloc    ] GC(28) y: Large Pages:                    0            0            0           0M           0M           0M 
[2026-06-17T10:07:37.422+0800][0.729s][info][gc,reloc    ] GC(28) y: Forwarding Usage: 0M
[2026-06-17T10:07:37.422+0800][0.729s][info][gc,reloc    ] GC(28) y: Age Table:
[2026-06-17T10:07:37.422+0800][0.729s][info][gc,reloc    ] GC(28) y:                    Live             Garbage             Small              Medium             Large        
[2026-06-17T10:07:37.422+0800][0.729s][info][gc,reloc    ] GC(28) y: Eden               0M (0%)            1M (3%)           1 / 0              0 / 0              0 / 0        
[2026-06-17T10:07:37.422+0800][0.729s][info][gc,reloc    ] GC(28) y: Survivor 1          -                 4M (6%)           2 / 0              0 / 0              0 / 0        
[2026-06-17T10:07:37.422+0800][0.729s][info][gc,heap     ] GC(28) y: Min Capacity: 64M(100%)
[2026-06-17T10:07:37.422+0800][0.729s][info][gc,heap     ] GC(28) y: Max Capacity: 64M(100%)
[2026-06-17T10:07:37.422+0800][0.730s][info][gc,heap     ] GC(28) y: Soft Max Capacity: 64M(100%)
[2026-06-17T10:07:37.422+0800][0.730s][info][gc,heap     ] GC(28) y: Heap Statistics:
[2026-06-17T10:07:37.422+0800][0.730s][info][gc,heap     ] GC(28) y:                Mark Start          Mark End        Relocate Start      Relocate End           High               Low         
[2026-06-17T10:07:37.422+0800][0.730s][info][gc,heap     ] GC(28) y:  Capacity:       64M (100%)         64M (100%)         64M (100%)         64M (100%)         64M (100%)         64M (100%)   
[2026-06-17T10:07:37.422+0800][0.730s][info][gc,heap     ] GC(28) y:      Free:        0M (0%)            0M (0%)            0M (0%)            0M (0%)            4M (6%)            0M (0%)     
[2026-06-17T10:07:37.422+0800][0.730s][info][gc,heap     ] GC(28) y:      Used:       64M (100%)         64M (100%)         64M (100%)         64M (100%)         64M (100%)         60M (94%)    
[2026-06-17T10:07:37.423+0800][0.730s][info][gc,heap     ] GC(28) y: Young Generation Statistics:
[2026-06-17T10:07:37.423+0800][0.730s][info][gc,heap     ] GC(28) y:                Mark Start          Mark End        Relocate Start      Relocate End    
[2026-06-17T10:07:37.423+0800][0.730s][info][gc,heap     ] GC(28) y:      Used:        6M (9%)            6M (9%)            6M (9%)            6M (9%)     
[2026-06-17T10:07:37.423+0800][0.730s][info][gc,heap     ] GC(28) y:      Live:         -                 0M (0%)            0M (0%)            0M (0%)     
[2026-06-17T10:07:37.423+0800][0.730s][info][gc,heap     ] GC(28) y:   Garbage:         -                 5M (9%)            1M (3%)            1M (3%)     
[2026-06-17T10:07:37.423+0800][0.730s][info][gc,heap     ] GC(28) y: Allocated:         -                 0M (0%)            4M (6%)            4M (6%)     
[2026-06-17T10:07:37.423+0800][0.730s][info][gc,heap     ] GC(28) y: Reclaimed:         -                  -                 4M (6%)            4M (6%)     
[2026-06-17T10:07:37.423+0800][0.730s][info][gc,heap     ] GC(28) y:  Promoted:         -                  -                 0M (0%)            0M (0%)     
[2026-06-17T10:07:37.423+0800][0.730s][info][gc,heap     ] GC(28) y: Compacted:         -                  -                  -                 0M (0%)     
[2026-06-17T10:07:37.423+0800][0.731s][info][gc,phases   ] GC(28) y: Young Generation 64M(100%)->64M(100%) 0.001s
[2026-06-17T10:07:37.423+0800][0.731s][info][gc          ] GC(28) Minor Collection (Allocation Stall) 64M(100%)->64M(100%) 0.004s
[2026-06-17T10:07:37.423+0800][0.731s][info][gc          ] GC(29) Minor Collection (Allocation Stall)
[2026-06-17T10:07:37.423+0800][0.731s][info][gc,task     ] GC(29) Using 1 Workers for Young Generation
[2026-06-17T10:07:37.423+0800][0.731s][info][gc,phases   ] GC(29) y: Young Generation
[2026-06-17T10:07:37.424+0800][0.731s][info][gc,phases   ] GC(29) y: Pause Mark Start 0.004ms
[2026-06-17T10:07:37.424+0800][0.731s][info][gc,phases   ] GC(29) y: Concurrent Mark 0.290ms
[2026-06-17T10:07:37.424+0800][0.731s][info][gc,phases   ] GC(29) y: Pause Mark End 0.004ms
[2026-06-17T10:07:37.424+0800][0.732s][info][gc,phases   ] GC(29) y: Concurrent Mark Free 0.000ms
[2026-06-17T10:07:37.424+0800][0.732s][info][gc,phases   ] GC(29) y: Concurrent Reset Relocation Set 0.000ms
[2026-06-17T10:07:37.424+0800][0.732s][info][gc,reloc    ] GC(29) y: Using tenuring threshold: 2 (Computed)
[2026-06-17T10:07:37.424+0800][0.732s][info][gc,phases   ] GC(29) y: Concurrent Select Relocation Set 0.164ms
[2026-06-17T10:07:37.424+0800][0.732s][info][gc,phases   ] GC(29) y: Pause Relocate Start 0.003ms
[2026-06-17T10:07:37.425+0800][0.732s][info][gc,phases   ] GC(29) y: Concurrent Relocate 0.078ms
[2026-06-17T10:07:37.425+0800][0.732s][info][gc,alloc    ] GC(29) y:                         Mark Start        Mark End      Relocate Start    Relocate End   
[2026-06-17T10:07:37.425+0800][0.732s][info][gc,alloc    ] GC(29) y: Allocation Stalls:          1                1                1                1         
[2026-06-17T10:07:37.425+0800][0.732s][info][gc,load     ] GC(29) y: Load: 0.45 (2%) / 0.45 (2%) / 0.50 (2%)
[2026-06-17T10:07:37.425+0800][0.732s][info][gc,mmu      ] GC(29) y: MMU: 2ms/98.7%, 5ms/99.2%, 10ms/99.5%, 20ms/99.6%, 50ms/99.7%, 100ms/99.8%
[2026-06-17T10:07:37.425+0800][0.732s][info][gc,marking  ] GC(29) y: Mark: 1 stripe(s), 1 proactive flush(es), 1 terminate flush(es), 0 completion(s), 0 continuation(s) 
[2026-06-17T10:07:37.425+0800][0.733s][info][gc,nmethod  ] GC(29) y: NMethods: 69 registered, 4 unregistered
[2026-06-17T10:07:37.426+0800][0.733s][info][gc,metaspace] GC(29) y: Metaspace: 0M used, 0M committed, 1088M reserved
[2026-06-17T10:07:37.426+0800][0.733s][info][gc,reloc    ] GC(29) y:                        Candidates     Selected     In-Place         Size        Empty    Relocated 
[2026-06-17T10:07:37.426+0800][0.733s][info][gc,reloc    ] GC(29) y: Small Pages:                    1            0            0           2M           0M           0M 
[2026-06-17T10:07:37.426+0800][0.733s][info][gc,reloc    ] GC(29) y: Large Pages:                    2            0            0           4M           0M           0M 
[2026-06-17T10:07:37.426+0800][0.733s][info][gc,reloc    ] GC(29) y: Forwarding Usage: 0M
[2026-06-17T10:07:37.426+0800][0.733s][info][gc,reloc    ] GC(29) y: Age Table:
[2026-06-17T10:07:37.426+0800][0.733s][info][gc,reloc    ] GC(29) y:                    Live             Garbage             Small              Medium             Large        
[2026-06-17T10:07:37.426+0800][0.733s][info][gc,reloc    ] GC(29) y: Eden               4M (6%)            0M (0%)           0 / 0              0 / 0              2 / 0        
[2026-06-17T10:07:37.426+0800][0.734s][info][gc,reloc    ] GC(29) y: Survivor 1         0M (0%)            1M (3%)           1 / 0              0 / 0              0 / 0        
[2026-06-17T10:07:37.426+0800][0.734s][info][gc,heap     ] GC(29) y: Min Capacity: 64M(100%)
[2026-06-17T10:07:37.426+0800][0.734s][info][gc,heap     ] GC(29) y: Max Capacity: 64M(100%)
[2026-06-17T10:07:37.426+0800][0.734s][info][gc,heap     ] GC(29) y: Soft Max Capacity: 64M(100%)
[2026-06-17T10:07:37.426+0800][0.734s][info][gc,heap     ] GC(29) y: Heap Statistics:
[2026-06-17T10:07:37.426+0800][0.734s][info][gc,heap     ] GC(29) y:                Mark Start          Mark End        Relocate Start      Relocate End           High               Low         
[2026-06-17T10:07:37.427+0800][0.734s][info][gc,heap     ] GC(29) y:  Capacity:       64M (100%)         64M (100%)         64M (100%)         64M (100%)         64M (100%)         64M (100%)   
[2026-06-17T10:07:37.427+0800][0.734s][info][gc,heap     ] GC(29) y:      Free:        0M (0%)            0M (0%)            0M (0%)            0M (0%)            0M (0%)            0M (0%)     
[2026-06-17T10:07:37.427+0800][0.734s][info][gc,heap     ] GC(29) y:      Used:       64M (100%)         64M (100%)         64M (100%)         64M (100%)         64M (100%)         64M (100%)   
[2026-06-17T10:07:37.427+0800][0.734s][info][gc,heap     ] GC(29) y: Young Generation Statistics:
[2026-06-17T10:07:37.427+0800][0.734s][info][gc,heap     ] GC(29) y:                Mark Start          Mark End        Relocate Start      Relocate End    
[2026-06-17T10:07:37.427+0800][0.734s][info][gc,heap     ] GC(29) y:      Used:        6M (9%)            6M (9%)            6M (9%)            6M (9%)     
[2026-06-17T10:07:37.427+0800][0.734s][info][gc,heap     ] GC(29) y:      Live:         -                 4M (7%)            4M (7%)            4M (7%)     
[2026-06-17T10:07:37.427+0800][0.734s][info][gc,heap     ] GC(29) y:   Garbage:         -                 1M (3%)            1M (3%)            1M (3%)     
[2026-06-17T10:07:37.427+0800][0.734s][info][gc,heap     ] GC(29) y: Allocated:         -                 0M (0%)            0M (0%)            0M (0%)     
[2026-06-17T10:07:37.427+0800][0.735s][info][gc,heap     ] GC(29) y: Reclaimed:         -                  -                 0M (0%)            0M (0%)     
[2026-06-17T10:07:37.427+0800][0.735s][info][gc,heap     ] GC(29) y:  Promoted:         -                  -                 0M (0%)            0M (0%)     
[2026-06-17T10:07:37.427+0800][0.735s][info][gc,heap     ] GC(29) y: Compacted:         -                  -                  -                 0M (0%)     
[2026-06-17T10:07:37.427+0800][0.735s][info][gc,phases   ] GC(29) y: Young Generation 64M(100%)->64M(100%) 0.001s
[2026-06-17T10:07:37.427+0800][0.735s][info][gc          ] GC(29) Minor Collection (Allocation Stall) 64M(100%)->64M(100%) 0.004s
[2026-06-17T10:07:37.428+0800][0.735s][info][gc          ] GC(30) Major Collection (Allocation Stall)
[2026-06-17T10:07:37.428+0800][0.735s][info][gc,task     ] GC(30) Using 1 Workers for Young Generation
[2026-06-17T10:07:37.428+0800][0.735s][info][gc,task     ] GC(30) Using 1 Workers for Old Generation
[2026-06-17T10:07:37.428+0800][0.735s][info][gc,phases   ] GC(30) Y: Young Generation (Promote All)
[2026-06-17T10:07:37.428+0800][0.735s][info][gc,phases   ] GC(30) Y: Pause Mark Start 0.005ms
[2026-06-17T10:07:37.428+0800][0.736s][info][gc,phases   ] GC(30) Y: Concurrent Mark 0.291ms
[2026-06-17T10:07:37.428+0800][0.736s][info][gc,phases   ] GC(30) Y: Pause Mark End 0.004ms
[2026-06-17T10:07:37.429+0800][0.736s][info][gc,phases   ] GC(30) Y: Concurrent Mark Free 0.001ms
[2026-06-17T10:07:37.429+0800][0.736s][info][gc,phases   ] GC(30) Y: Concurrent Reset Relocation Set 0.000ms
[2026-06-17T10:07:37.429+0800][0.736s][info][gc,reloc    ] GC(30) Y: Using tenuring threshold: 0 (Promote All)
[2026-06-17T10:07:37.429+0800][0.736s][info][gc,phases   ] GC(30) Y: Concurrent Select Relocation Set 0.185ms
[2026-06-17T10:07:37.429+0800][0.736s][info][gc,phases   ] GC(30) Y: Pause Relocate Start 0.003ms
[2026-06-17T10:07:37.429+0800][0.737s][info][gc,phases   ] GC(30) Y: Concurrent Relocate 0.081ms
[2026-06-17T10:07:37.429+0800][0.737s][info][gc,alloc    ] GC(30) Y:                         Mark Start        Mark End      Relocate Start    Relocate End   
[2026-06-17T10:07:37.429+0800][0.737s][info][gc,alloc    ] GC(30) Y: Allocation Stalls:          1                1                1                1         
[2026-06-17T10:07:37.429+0800][0.737s][info][gc,load     ] GC(30) Y: Load: 0.45 (2%) / 0.45 (2%) / 0.50 (2%)
[2026-06-17T10:07:37.429+0800][0.737s][info][gc,mmu      ] GC(30) Y: MMU: 2ms/98.7%, 5ms/99.2%, 10ms/99.5%, 20ms/99.6%, 50ms/99.7%, 100ms/99.8%
[2026-06-17T10:07:37.430+0800][0.737s][info][gc,marking  ] GC(30) Y: Mark: 1 stripe(s), 1 proactive flush(es), 1 terminate flush(es), 0 completion(s), 0 continuation(s) 
[2026-06-17T10:07:37.430+0800][0.737s][info][gc,nmethod  ] GC(30) Y: NMethods: 69 registered, 4 unregistered
[2026-06-17T10:07:37.430+0800][0.737s][info][gc,metaspace] GC(30) Y: Metaspace: 0M used, 0M committed, 1088M reserved
[2026-06-17T10:07:37.430+0800][0.737s][info][gc,reloc    ] GC(30) Y:                        Candidates     Selected     In-Place         Size        Empty    Relocated 
[2026-06-17T10:07:37.430+0800][0.737s][info][gc,reloc    ] GC(30) Y: Small Pages:                    1            0            0           2M           0M           0M 
[2026-06-17T10:07:37.430+0800][0.737s][info][gc,reloc    ] GC(30) Y: Large Pages:                    2            0            0           4M           0M           0M 
[2026-06-17T10:07:37.430+0800][0.737s][info][gc,reloc    ] GC(30) Y: Forwarding Usage: 0M
[2026-06-17T10:07:37.430+0800][0.737s][info][gc,reloc    ] GC(30) Y: Age Table:
[2026-06-17T10:07:37.430+0800][0.738s][info][gc,reloc    ] GC(30) Y:                    Live             Garbage             Small              Medium             Large        
[2026-06-17T10:07:37.430+0800][0.738s][info][gc,reloc    ] GC(30) Y: Eden                -                 0M (0%)           0 / 0              0 / 0              0 / 0        
[2026-06-17T10:07:37.430+0800][0.738s][info][gc,reloc    ] GC(30) Y: Survivor 1         4M (6%)            0M (0%)           0 / 0              0 / 0              2 / 0        
[2026-06-17T10:07:37.430+0800][0.738s][info][gc,reloc    ] GC(30) Y: Survivor 2         0M (0%)            1M (3%)           1 / 0              0 / 0              0 / 0        
[2026-06-17T10:07:37.430+0800][0.738s][info][gc,heap     ] GC(30) Y: Min Capacity: 64M(100%)
[2026-06-17T10:07:37.430+0800][0.738s][info][gc,heap     ] GC(30) Y: Max Capacity: 64M(100%)
[2026-06-17T10:07:37.431+0800][0.738s][info][gc,heap     ] GC(30) Y: Soft Max Capacity: 64M(100%)
[2026-06-17T10:07:37.431+0800][0.738s][info][gc,heap     ] GC(30) Y: Heap Statistics:
[2026-06-17T10:07:37.431+0800][0.738s][info][gc,heap     ] GC(30) Y:                Mark Start          Mark End        Relocate Start      Relocate End           High               Low         
[2026-06-17T10:07:37.431+0800][0.738s][info][gc,heap     ] GC(30) Y:  Capacity:       64M (100%)         64M (100%)         64M (100%)         64M (100%)         64M (100%)         64M (100%)   
[2026-06-17T10:07:37.431+0800][0.738s][info][gc,heap     ] GC(30) Y:      Free:        0M (0%)            0M (0%)            0M (0%)            0M (0%)            0M (0%)            0M (0%)     
[2026-06-17T10:07:37.431+0800][0.738s][info][gc,heap     ] GC(30) Y:      Used:       64M (100%)         64M (100%)         64M (100%)         64M (100%)         64M (100%)         64M (100%)   
[2026-06-17T10:07:37.431+0800][0.738s][info][gc,heap     ] GC(30) Y: Young Generation Statistics:
[2026-06-17T10:07:37.431+0800][0.738s][info][gc,heap     ] GC(30) Y:                Mark Start          Mark End        Relocate Start      Relocate End    
[2026-06-17T10:07:37.431+0800][0.738s][info][gc,heap     ] GC(30) Y:      Used:        6M (9%)            6M (9%)            0M (0%)            0M (0%)     
[2026-06-17T10:07:37.431+0800][0.739s][info][gc,heap     ] GC(30) Y:      Live:         -                 4M (7%)            0M (0%)            0M (0%)     
[2026-06-17T10:07:37.431+0800][0.739s][info][gc,heap     ] GC(30) Y:   Garbage:         -                 1M (3%)            0M (0%)            0M (0%)     
[2026-06-17T10:07:37.431+0800][0.739s][info][gc,heap     ] GC(30) Y: Allocated:         -                 0M (0%)            0M (0%)            0M (0%)     
[2026-06-17T10:07:37.431+0800][0.739s][info][gc,heap     ] GC(30) Y: Reclaimed:         -                  -                 1M (3%)            1M (3%)     
[2026-06-17T10:07:37.431+0800][0.739s][info][gc,heap     ] GC(30) Y:  Promoted:         -                  -                 4M (7%)            4M (7%)     
[2026-06-17T10:07:37.431+0800][0.739s][info][gc,heap     ] GC(30) Y: Compacted:         -                  -                  -                 0M (0%)     
[2026-06-17T10:07:37.432+0800][0.739s][info][gc,phases   ] GC(30) Y: Young Generation (Promote All) 64M(100%)->64M(100%) 0.001s
[2026-06-17T10:07:37.432+0800][0.739s][info][gc,phases   ] GC(30) Y: Young Generation (Collect Roots)
[2026-06-17T10:07:37.432+0800][0.739s][info][gc,phases   ] GC(30) Y: Pause Mark Start (Major) 0.005ms
[2026-06-17T10:07:37.432+0800][0.740s][info][gc,phases   ] GC(30) Y: Concurrent Mark 0.291ms
[2026-06-17T10:07:37.432+0800][0.740s][info][gc,phases   ] GC(30) Y: Pause Mark End 0.003ms
[2026-06-17T10:07:37.432+0800][0.740s][info][gc,phases   ] GC(30) Y: Concurrent Mark Free 0.000ms
[2026-06-17T10:07:37.432+0800][0.740s][info][gc,phases   ] GC(30) Y: Concurrent Reset Relocation Set 0.001ms
[2026-06-17T10:07:37.433+0800][0.740s][info][gc,reloc    ] GC(30) Y: Using tenuring threshold: 0 (Computed)
[2026-06-17T10:07:37.433+0800][0.740s][info][gc,phases   ] GC(30) Y: Concurrent Select Relocation Set 0.162ms
[2026-06-17T10:07:37.433+0800][0.740s][info][gc,phases   ] GC(30) Y: Pause Relocate Start 0.003ms
[2026-06-17T10:07:37.433+0800][0.740s][info][gc,phases   ] GC(30) Y: Concurrent Relocate 0.079ms
[2026-06-17T10:07:37.433+0800][0.740s][info][gc,alloc    ] GC(30) Y:                         Mark Start        Mark End      Relocate Start    Relocate End   
[2026-06-17T10:07:37.433+0800][0.741s][info][gc,alloc    ] GC(30) Y: Allocation Stalls:          1                1                1                1         
[2026-06-17T10:07:37.433+0800][0.741s][info][gc,load     ] GC(30) Y: Load: 0.45 (2%) / 0.45 (2%) / 0.50 (2%)
[2026-06-17T10:07:37.433+0800][0.741s][info][gc,mmu      ] GC(30) Y: MMU: 2ms/98.7%, 5ms/99.2%, 10ms/99.5%, 20ms/99.6%, 50ms/99.7%, 100ms/99.8%
[2026-06-17T10:07:37.433+0800][0.741s][info][gc,marking  ] GC(30) Y: Mark: 1 stripe(s), 1 proactive flush(es), 1 terminate flush(es), 0 completion(s), 0 continuation(s) 
[2026-06-17T10:07:37.433+0800][0.741s][info][gc,nmethod  ] GC(30) Y: NMethods: 69 registered, 4 unregistered
[2026-06-17T10:07:37.433+0800][0.741s][info][gc,metaspace] GC(30) Y: Metaspace: 0M used, 0M committed, 1088M reserved
[2026-06-17T10:07:37.434+0800][0.741s][info][gc,heap     ] GC(30) Y: Min Capacity: 64M(100%)
[2026-06-17T10:07:37.434+0800][0.741s][info][gc,heap     ] GC(30) Y: Max Capacity: 64M(100%)
[2026-06-17T10:07:37.434+0800][0.741s][info][gc,heap     ] GC(30) Y: Soft Max Capacity: 64M(100%)
[2026-06-17T10:07:37.434+0800][0.741s][info][gc,heap     ] GC(30) Y: Heap Statistics:
[2026-06-17T10:07:37.434+0800][0.741s][info][gc,heap     ] GC(30) Y:                Mark Start          Mark End        Relocate Start      Relocate End           High               Low         
[2026-06-17T10:07:37.434+0800][0.741s][info][gc,heap     ] GC(30) Y:  Capacity:       64M (100%)         64M (100%)         64M (100%)         64M (100%)         64M (100%)         64M (100%)   
[2026-06-17T10:07:37.434+0800][0.741s][info][gc,heap     ] GC(30) Y:      Free:        0M (0%)            0M (0%)            0M (0%)            0M (0%)            0M (0%)            0M (0%)     
[2026-06-17T10:07:37.434+0800][0.741s][info][gc,heap     ] GC(30) Y:      Used:       64M (100%)         64M (100%)         64M (100%)         64M (100%)         64M (100%)         64M (100%)   
[2026-06-17T10:07:37.434+0800][0.742s][info][gc,heap     ] GC(30) Y: Young Generation Statistics:
[2026-06-17T10:07:37.434+0800][0.742s][info][gc,heap     ] GC(30) Y:                Mark Start          Mark End        Relocate Start      Relocate End    
[2026-06-17T10:07:37.434+0800][0.742s][info][gc,heap     ] GC(30) Y:      Used:        0M (0%)            0M (0%)            0M (0%)            0M (0%)     
[2026-06-17T10:07:37.434+0800][0.742s][info][gc,heap     ] GC(30) Y:      Live:         -                 0M (0%)            0M (0%)            0M (0%)     
[2026-06-17T10:07:37.434+0800][0.742s][info][gc,heap     ] GC(30) Y:   Garbage:         -                 0M (0%)            0M (0%)            0M (0%)     
[2026-06-17T10:07:37.435+0800][0.742s][info][gc,heap     ] GC(30) Y: Allocated:         -                 0M (0%)            0M (0%)            0M (0%)     
[2026-06-17T10:07:37.435+0800][0.742s][info][gc,heap     ] GC(30) Y: Reclaimed:         -                  -                 0M (0%)            0M (0%)     
[2026-06-17T10:07:37.435+0800][0.742s][info][gc,heap     ] GC(30) Y:  Promoted:         -                  -                 0M (0%)            0M (0%)     
[2026-06-17T10:07:37.435+0800][0.742s][info][gc,heap     ] GC(30) Y: Compacted:         -                  -                  -                 0M (0%)     
[2026-06-17T10:07:37.435+0800][0.742s][info][gc,phases   ] GC(30) Y: Young Generation (Collect Roots) 64M(100%)->64M(100%) 0.001s
[2026-06-17T10:07:37.435+0800][0.742s][info][gc,phases   ] GC(30) O: Old Generation
[2026-06-17T10:07:37.436+0800][0.743s][info][gc,phases   ] GC(30) O: Concurrent Mark 0.786ms
[2026-06-17T10:07:37.436+0800][0.743s][info][gc,phases   ] GC(30) O: Pause Mark End 0.004ms
[2026-06-17T10:07:37.436+0800][0.743s][info][gc,phases   ] GC(30) O: Concurrent Mark Free 0.000ms
[2026-06-17T10:07:37.436+0800][0.743s][info][gc,ref      ] GC(30) O: Clearing All SoftReferences
[2026-06-17T10:07:37.436+0800][0.744s][info][gc,phases   ] GC(30) O: Concurrent Process Non-Strong 0.270ms
[2026-06-17T10:07:37.436+0800][0.744s][info][gc,phases   ] GC(30) O: Concurrent Reset Relocation Set 0.001ms
[2026-06-17T10:07:37.436+0800][0.744s][info][gc,phases   ] GC(30) O: Concurrent Select Relocation Set 0.031ms
[2026-06-17T10:07:37.436+0800][0.744s][info][gc,task     ] GC(30) O: Using 1 Workers for Old Generation
[2026-06-17T10:07:37.437+0800][0.744s][info][gc,task     ] GC(30) O: Using 1 Workers for Old Generation
[2026-06-17T10:07:37.437+0800][0.744s][info][gc,phases   ] GC(30) O: Concurrent Remap Roots 0.251ms
[2026-06-17T10:07:37.437+0800][0.744s][info][gc,phases   ] GC(30) O: Pause Relocate Start 0.004ms
[2026-06-17T10:07:37.437+0800][0.744s][info][gc          ] Allocation Stall (main) 16.406ms
[2026-06-17T10:07:37.437+0800][0.744s][info][gc,phases   ] GC(30) O: Concurrent Relocate 0.148ms
[2026-06-17T10:07:37.437+0800][0.745s][info][gc          ] GC(31) Minor Collection (Allocation Stall)
[2026-06-17T10:07:37.437+0800][0.745s][info][gc,task     ] GC(31) Using 1 Workers for Young Generation
[2026-06-17T10:07:37.437+0800][0.745s][info][gc,phases   ] GC(31) y: Young Generation
[2026-06-17T10:07:37.438+0800][0.745s][info][gc,phases   ] GC(31) y: Pause Mark Start 0.005ms
[2026-06-17T10:07:37.438+0800][0.745s][info][gc,phases   ] GC(31) y: Concurrent Mark 0.290ms
[2026-06-17T10:07:37.438+0800][0.746s][info][gc,phases   ] GC(31) y: Pause Mark End 0.003ms
[2026-06-17T10:07:37.438+0800][0.746s][info][gc,phases   ] GC(31) y: Concurrent Mark Free 0.000ms
[2026-06-17T10:07:37.438+0800][0.746s][info][gc,phases   ] GC(31) y: Concurrent Reset Relocation Set 0.000ms
[2026-06-17T10:07:37.438+0800][0.746s][info][gc,reloc    ] GC(31) y: Using tenuring threshold: 1 (Computed)
[2026-06-17T10:07:37.439+0800][0.746s][info][gc,phases   ] GC(31) y: Concurrent Select Relocation Set 0.214ms
[2026-06-17T10:07:37.439+0800][0.746s][info][gc,phases   ] GC(31) y: Pause Relocate Start 0.003ms
[2026-06-17T10:07:37.439+0800][0.746s][info][gc,phases   ] GC(31) y: Concurrent Relocate 0.087ms
[2026-06-17T10:07:37.439+0800][0.746s][info][gc,alloc    ] GC(31) y:                         Mark Start        Mark End      Relocate Start    Relocate End   
[2026-06-17T10:07:37.439+0800][0.746s][info][gc,alloc    ] GC(31) y: Allocation Stalls:          1                1                1                1         
[2026-06-17T10:07:37.439+0800][0.746s][info][gc,load     ] GC(31) y: Load: 0.45 (2%) / 0.45 (2%) / 0.50 (2%)
[2026-06-17T10:07:37.439+0800][0.747s][info][gc,mmu      ] GC(31) y: MMU: 2ms/98.7%, 5ms/99.2%, 10ms/99.5%, 20ms/99.6%, 50ms/99.7%, 100ms/99.8%
[2026-06-17T10:07:37.439+0800][0.747s][info][gc,marking  ] GC(31) y: Mark: 1 stripe(s), 1 proactive flush(es), 1 terminate flush(es), 0 completion(s), 0 continuation(s) 
[2026-06-17T10:07:37.439+0800][0.747s][info][gc,nmethod  ] GC(31) y: NMethods: 69 registered, 4 unregistered
[2026-06-17T10:07:37.439+0800][0.747s][info][gc,metaspace] GC(31) y: Metaspace: 0M used, 0M committed, 1088M reserved
[2026-06-17T10:07:37.439+0800][0.747s][info][gc,reloc    ] GC(31) y:                        Candidates     Selected     In-Place         Size        Empty    Relocated 
[2026-06-17T10:07:37.439+0800][0.747s][info][gc,reloc    ] GC(31) y: Small Pages:                    1            0            0           2M           0M           0M 
[2026-06-17T10:07:37.439+0800][0.747s][info][gc,reloc    ] GC(31) y: Large Pages:                    0            0            0           0M           0M           0M 
[2026-06-17T10:07:37.440+0800][0.747s][info][gc,reloc    ] GC(31) y: Forwarding Usage: 0M
[2026-06-17T10:07:37.440+0800][0.747s][info][gc,reloc    ] GC(31) y: Age Table:
[2026-06-17T10:07:37.440+0800][0.747s][info][gc,reloc    ] GC(31) y:                    Live             Garbage             Small              Medium             Large        
[2026-06-17T10:07:37.440+0800][0.747s][info][gc,reloc    ] GC(31) y: Eden               0M (0%)            1M (3%)           1 / 0              0 / 0              0 / 0        
[2026-06-17T10:07:37.440+0800][0.747s][info][gc,heap     ] GC(31) y: Min Capacity: 64M(100%)
[2026-06-17T10:07:37.440+0800][0.747s][info][gc,heap     ] GC(31) y: Max Capacity: 64M(100%)
[2026-06-17T10:07:37.440+0800][0.747s][info][gc,heap     ] GC(31) y: Soft Max Capacity: 64M(100%)
[2026-06-17T10:07:37.440+0800][0.747s][info][gc,heap     ] GC(31) y: Heap Statistics:
[2026-06-17T10:07:37.440+0800][0.747s][info][gc,heap     ] GC(31) y:                Mark Start          Mark End        Relocate Start      Relocate End           High               Low         
[2026-06-17T10:07:37.440+0800][0.748s][info][gc,heap     ] GC(31) y:  Capacity:       64M (100%)         64M (100%)         64M (100%)         64M (100%)         64M (100%)         64M (100%)   
[2026-06-17T10:07:37.440+0800][0.748s][info][gc,heap     ] GC(31) y:      Free:        0M (0%)            0M (0%)            0M (0%)            0M (0%)            0M (0%)            0M (0%)     
[2026-06-17T10:07:37.440+0800][0.748s][info][gc,heap     ] GC(31) y:      Used:       64M (100%)         64M (100%)         64M (100%)         64M (100%)         64M (100%)         64M (100%)   
[2026-06-17T10:07:37.440+0800][0.748s][info][gc,heap     ] GC(31) y: Young Generation Statistics:
[2026-06-17T10:07:37.440+0800][0.748s][info][gc,heap     ] GC(31) y:                Mark Start          Mark End        Relocate Start      Relocate End    
[2026-06-17T10:07:37.440+0800][0.748s][info][gc,heap     ] GC(31) y:      Used:        2M (3%)            2M (3%)            2M (3%)            2M (3%)     
[2026-06-17T10:07:37.441+0800][0.748s][info][gc,heap     ] GC(31) y:      Live:         -                 0M (0%)            0M (0%)            0M (0%)     
[2026-06-17T10:07:37.441+0800][0.748s][info][gc,heap     ] GC(31) y:   Garbage:         -                 1M (3%)            1M (3%)            1M (3%)     
[2026-06-17T10:07:37.441+0800][0.748s][info][gc,heap     ] GC(31) y: Allocated:         -                 0M (0%)            0M (0%)            0M (0%)     
[2026-06-17T10:07:37.441+0800][0.748s][info][gc,heap     ] GC(31) y: Reclaimed:         -                  -                 0M (0%)            0M (0%)     
[2026-06-17T10:07:37.441+0800][0.748s][info][gc,heap     ] GC(31) y:  Promoted:         -                  -                 0M (0%)            0M (0%)     
[2026-06-17T10:07:37.441+0800][0.748s][info][gc,heap     ] GC(31) y: Compacted:         -                  -                  -                 0M (0%)     
[2026-06-17T10:07:37.441+0800][0.748s][info][gc,phases   ] GC(31) y: Young Generation 64M(100%)->64M(100%) 0.001s
[2026-06-17T10:07:37.441+0800][0.748s][info][gc          ] GC(31) Minor Collection (Allocation Stall) 64M(100%)->64M(100%) 0.004s
[2026-06-17T10:07:37.441+0800][0.749s][info][gc,alloc    ] GC(30) O:                         Mark Start        Mark End      Relocate Start    Relocate End   
[2026-06-17T10:07:37.441+0800][0.749s][info][gc,alloc    ] GC(30) O: Allocation Stalls:          1                1                1                0         
[2026-06-17T10:07:37.441+0800][0.749s][info][gc,load     ] GC(30) O: Load: 0.45 (2%) / 0.45 (2%) / 0.50 (2%)
[2026-06-17T10:07:37.441+0800][0.749s][info][gc,mmu      ] GC(30) O: MMU: 2ms/98.7%, 5ms/99.2%, 10ms/99.5%, 20ms/99.6%, 50ms/99.7%, 100ms/99.8%
[2026-06-17T10:07:37.441+0800][0.749s][info][gc,marking  ] GC(30) O: Mark: 1 stripe(s), 1 proactive flush(es), 1 terminate flush(es), 0 completion(s), 0 continuation(s) 
[2026-06-17T10:07:37.441+0800][0.749s][info][gc,nmethod  ] GC(30) O: NMethods: 69 registered, 4 unregistered
[2026-06-17T10:07:37.441+0800][0.749s][info][gc,metaspace] GC(30) O: Metaspace: 0M used, 0M committed, 1088M reserved
[2026-06-17T10:07:37.442+0800][0.749s][info][gc,ref      ] GC(30) O:                       Encountered   Discovered     Enqueued 
[2026-06-17T10:07:37.442+0800][0.749s][info][gc,ref      ] GC(30) O: Soft References:                0            0            0 
[2026-06-17T10:07:37.442+0800][0.749s][info][gc,ref      ] GC(30) O: Weak References:                6            0            0 
[2026-06-17T10:07:37.442+0800][0.749s][info][gc,ref      ] GC(30) O: Final References:               0            0            0 
[2026-06-17T10:07:37.442+0800][0.749s][info][gc,ref      ] GC(30) O: Phantom References:             1            1            0 
[2026-06-17T10:07:37.442+0800][0.749s][info][gc,reloc    ] GC(30) O:                        Candidates     Selected     In-Place         Size        Empty    Relocated 
[2026-06-17T10:07:37.442+0800][0.749s][info][gc,reloc    ] GC(30) O: Small Pages:                    5            1            1          10M           0M           0M 
[2026-06-17T10:07:37.442+0800][0.749s][info][gc,reloc    ] GC(30) O: Large Pages:                   27            0            0          54M           0M           0M 
[2026-06-17T10:07:37.442+0800][0.749s][info][gc,reloc    ] GC(30) O: Forwarding Usage: 0M
[2026-06-17T10:07:37.442+0800][0.750s][info][gc,heap     ] GC(30) O: Min Capacity: 64M(100%)
[2026-06-17T10:07:37.442+0800][0.750s][info][gc,heap     ] GC(30) O: Max Capacity: 64M(100%)
[2026-06-17T10:07:37.442+0800][0.750s][info][gc,heap     ] GC(30) O: Soft Max Capacity: 64M(100%)
[2026-06-17T10:07:37.442+0800][0.750s][info][gc,heap     ] GC(30) O: Heap Statistics:
[2026-06-17T10:07:37.442+0800][0.750s][info][gc,heap     ] GC(30) O:                Mark Start          Mark End        Relocate Start      Relocate End           High               Low         
[2026-06-17T10:07:37.442+0800][0.750s][info][gc,heap     ] GC(30) O:  Capacity:       64M (100%)         64M (100%)         64M (100%)         64M (100%)         64M (100%)         64M (100%)   
[2026-06-17T10:07:37.443+0800][0.750s][info][gc,heap     ] GC(30) O:      Free:        0M (0%)            0M (0%)            0M (0%)            0M (0%)            2M (3%)            0M (0%)     
[2026-06-17T10:07:37.443+0800][0.750s][info][gc,heap     ] GC(30) O:      Used:       64M (100%)         64M (100%)         64M (100%)         64M (100%)         64M (100%)         62M (97%)    
[2026-06-17T10:07:37.443+0800][0.750s][info][gc,heap     ] GC(30) O: Old Generation Statistics:
[2026-06-17T10:07:37.443+0800][0.750s][info][gc,heap     ] GC(30) O:                Mark Start          Mark End        Relocate Start      Relocate End    
[2026-06-17T10:07:37.443+0800][0.750s][info][gc,heap     ] GC(30) O:      Used:       64M (100%)         64M (100%)         64M (100%)         62M (97%)    
[2026-06-17T10:07:37.443+0800][0.750s][info][gc,heap     ] GC(30) O:      Live:         -                59M (93%)          59M (93%)          59M (93%)    
[2026-06-17T10:07:37.443+0800][0.750s][info][gc,heap     ] GC(30) O:   Garbage:         -                 4M (7%)            4M (7%)            1M (3%)     
[2026-06-17T10:07:37.443+0800][0.750s][info][gc,heap     ] GC(30) O: Allocated:         -                 0M (0%)            0M (0%)            0M (1%)     
[2026-06-17T10:07:37.443+0800][0.750s][info][gc,heap     ] GC(30) O: Reclaimed:         -                  -                 0M (0%)            2M (4%)     
[2026-06-17T10:07:37.443+0800][0.751s][info][gc,heap     ] GC(30) O: Compacted:         -                  -                  -                 1M (2%)     
[2026-06-17T10:07:37.443+0800][0.751s][info][gc,phases   ] GC(30) O: Old Generation 64M(100%)->64M(100%) 0.006s
[2026-06-17T10:07:37.443+0800][0.751s][info][gc          ] GC(30) Major Collection (Allocation Stall) 64M(100%)->64M(100%) 0.016s
[2026-06-17T10:07:37.444+0800][0.751s][info][gc          ] GC(32) Major Collection (Allocation Stall)
[2026-06-17T10:07:37.444+0800][0.751s][info][gc,task     ] GC(32) Using 1 Workers for Young Generation
[2026-06-17T10:07:37.444+0800][0.751s][info][gc,task     ] GC(32) Using 1 Workers for Old Generation
[2026-06-17T10:07:37.444+0800][0.751s][info][gc,phases   ] GC(32) Y: Young Generation (Promote All)
[2026-06-17T10:07:37.444+0800][0.751s][info][gc,phases   ] GC(32) Y: Pause Mark Start 0.005ms
[2026-06-17T10:07:37.445+0800][0.752s][info][gc,phases   ] GC(32) Y: Concurrent Mark 0.314ms
[2026-06-17T10:07:37.445+0800][0.752s][info][gc,phases   ] GC(32) Y: Pause Mark End 0.003ms
[2026-06-17T10:07:37.445+0800][0.752s][info][gc,phases   ] GC(32) Y: Concurrent Mark Free 0.000ms
[2026-06-17T10:07:37.445+0800][0.752s][info][gc,phases   ] GC(32) Y: Concurrent Reset Relocation Set 0.000ms
[2026-06-17T10:07:37.445+0800][0.752s][info][gc,reloc    ] GC(32) Y: Using tenuring threshold: 0 (Promote All)
[2026-06-17T10:07:37.445+0800][0.753s][info][gc,phases   ] GC(32) Y: Concurrent Select Relocation Set 0.223ms
[2026-06-17T10:07:37.445+0800][0.753s][info][gc,phases   ] GC(32) Y: Pause Relocate Start 0.004ms
[2026-06-17T10:07:37.445+0800][0.753s][info][gc,phases   ] GC(32) Y: Concurrent Relocate 0.079ms
[2026-06-17T10:07:37.445+0800][0.753s][info][gc,alloc    ] GC(32) Y:                         Mark Start        Mark End      Relocate Start    Relocate End   
[2026-06-17T10:07:37.446+0800][0.753s][info][gc,alloc    ] GC(32) Y: Allocation Stalls:          1                1                1                1         
[2026-06-17T10:07:37.446+0800][0.753s][info][gc,load     ] GC(32) Y: Load: 0.45 (2%) / 0.45 (2%) / 0.50 (2%)
[2026-06-17T10:07:37.446+0800][0.753s][info][gc,mmu      ] GC(32) Y: MMU: 2ms/98.7%, 5ms/99.2%, 10ms/99.5%, 20ms/99.6%, 50ms/99.7%, 100ms/99.8%
[2026-06-17T10:07:37.446+0800][0.753s][info][gc,marking  ] GC(32) Y: Mark: 1 stripe(s), 1 proactive flush(es), 1 terminate flush(es), 0 completion(s), 0 continuation(s) 
[2026-06-17T10:07:37.446+0800][0.753s][info][gc,nmethod  ] GC(32) Y: NMethods: 69 registered, 4 unregistered
[2026-06-17T10:07:37.446+0800][0.753s][info][gc,metaspace] GC(32) Y: Metaspace: 0M used, 0M committed, 1088M reserved
[2026-06-17T10:07:37.446+0800][0.753s][info][gc,reloc    ] GC(32) Y:                        Candidates     Selected     In-Place         Size        Empty    Relocated 
[2026-06-17T10:07:37.446+0800][0.754s][info][gc,reloc    ] GC(32) Y: Small Pages:                    1            0            0           2M           0M           0M 
[2026-06-17T10:07:37.446+0800][0.754s][info][gc,reloc    ] GC(32) Y: Large Pages:                    0            0            0           0M           0M           0M 
[2026-06-17T10:07:37.446+0800][0.754s][info][gc,reloc    ] GC(32) Y: Forwarding Usage: 0M
[2026-06-17T10:07:37.446+0800][0.754s][info][gc,reloc    ] GC(32) Y: Age Table:
[2026-06-17T10:07:37.446+0800][0.754s][info][gc,reloc    ] GC(32) Y:                    Live             Garbage             Small              Medium             Large        
[2026-06-17T10:07:37.446+0800][0.754s][info][gc,reloc    ] GC(32) Y: Eden                -                 0M (0%)           0 / 0              0 / 0              0 / 0        
[2026-06-17T10:07:37.447+0800][0.754s][info][gc,reloc    ] GC(32) Y: Survivor 1         0M (0%)            1M (3%)           1 / 0              0 / 0              0 / 0        
[2026-06-17T10:07:37.447+0800][0.754s][info][gc,heap     ] GC(32) Y: Min Capacity: 64M(100%)
[2026-06-17T10:07:37.447+0800][0.754s][info][gc,heap     ] GC(32) Y: Max Capacity: 64M(100%)
[2026-06-17T10:07:37.447+0800][0.754s][info][gc,heap     ] GC(32) Y: Soft Max Capacity: 64M(100%)
[2026-06-17T10:07:37.447+0800][0.754s][info][gc,heap     ] GC(32) Y: Heap Statistics:
[2026-06-17T10:07:37.447+0800][0.754s][info][gc,heap     ] GC(32) Y:                Mark Start          Mark End        Relocate Start      Relocate End           High               Low         
[2026-06-17T10:07:37.447+0800][0.754s][info][gc,heap     ] GC(32) Y:  Capacity:       64M (100%)         64M (100%)         64M (100%)         64M (100%)         64M (100%)         64M (100%)   
[2026-06-17T10:07:37.447+0800][0.754s][info][gc,heap     ] GC(32) Y:      Free:        0M (0%)            0M (0%)            0M (0%)            0M (0%)            0M (0%)            0M (0%)     
[2026-06-17T10:07:37.447+0800][0.754s][info][gc,heap     ] GC(32) Y:      Used:       64M (100%)         64M (100%)         64M (100%)         64M (100%)         64M (100%)         64M (100%)   
[2026-06-17T10:07:37.447+0800][0.755s][info][gc,heap     ] GC(32) Y: Young Generation Statistics:
[2026-06-17T10:07:37.447+0800][0.755s][info][gc,heap     ] GC(32) Y:                Mark Start          Mark End        Relocate Start      Relocate End    
[2026-06-17T10:07:37.447+0800][0.755s][info][gc,heap     ] GC(32) Y:      Used:        2M (3%)            2M (3%)            0M (0%)            0M (0%)     
[2026-06-17T10:07:37.447+0800][0.755s][info][gc,heap     ] GC(32) Y:      Live:         -                 0M (0%)            0M (0%)            0M (0%)     
[2026-06-17T10:07:37.447+0800][0.755s][info][gc,heap     ] GC(32) Y:   Garbage:         -                 1M (3%)            0M (0%)            0M (0%)     
[2026-06-17T10:07:37.447+0800][0.755s][info][gc,heap     ] GC(32) Y: Allocated:         -                 0M (0%)            0M (0%)            0M (0%)     
[2026-06-17T10:07:37.448+0800][0.755s][info][gc,heap     ] GC(32) Y: Reclaimed:         -                  -                 1M (3%)            1M (3%)     
[2026-06-17T10:07:37.448+0800][0.755s][info][gc,heap     ] GC(32) Y:  Promoted:         -                  -                 0M (0%)            0M (0%)     
[2026-06-17T10:07:37.448+0800][0.755s][info][gc,heap     ] GC(32) Y: Compacted:         -                  -                  -                 0M (0%)     
[2026-06-17T10:07:37.448+0800][0.755s][info][gc,phases   ] GC(32) Y: Young Generation (Promote All) 64M(100%)->64M(100%) 0.002s
[2026-06-17T10:07:37.448+0800][0.755s][info][gc,phases   ] GC(32) Y: Young Generation (Collect Roots)
[2026-06-17T10:07:37.448+0800][0.755s][info][gc,phases   ] GC(32) Y: Pause Mark Start (Major) 0.005ms
[2026-06-17T10:07:37.448+0800][0.756s][info][gc,phases   ] GC(32) Y: Concurrent Mark 0.289ms
[2026-06-17T10:07:37.448+0800][0.756s][info][gc,phases   ] GC(32) Y: Pause Mark End 0.003ms
[2026-06-17T10:07:37.448+0800][0.756s][info][gc,phases   ] GC(32) Y: Concurrent Mark Free 0.000ms
[2026-06-17T10:07:37.449+0800][0.756s][info][gc,phases   ] GC(32) Y: Concurrent Reset Relocation Set 0.001ms
[2026-06-17T10:07:37.449+0800][0.756s][info][gc,reloc    ] GC(32) Y: Using tenuring threshold: 0 (Computed)
[2026-06-17T10:07:37.449+0800][0.756s][info][gc,phases   ] GC(32) Y: Concurrent Select Relocation Set 0.164ms
[2026-06-17T10:07:37.449+0800][0.756s][info][gc,phases   ] GC(32) Y: Pause Relocate Start 0.002ms
[2026-06-17T10:07:37.449+0800][0.756s][info][gc,phases   ] GC(32) Y: Concurrent Relocate 0.072ms
[2026-06-17T10:07:37.449+0800][0.757s][info][gc,alloc    ] GC(32) Y:                         Mark Start        Mark End      Relocate Start    Relocate End   
[2026-06-17T10:07:37.449+0800][0.757s][info][gc,alloc    ] GC(32) Y: Allocation Stalls:          1                1                1                1         
[2026-06-17T10:07:37.449+0800][0.757s][info][gc,load     ] GC(32) Y: Load: 0.45 (2%) / 0.45 (2%) / 0.50 (2%)
[2026-06-17T10:07:37.449+0800][0.757s][info][gc,mmu      ] GC(32) Y: MMU: 2ms/98.7%, 5ms/99.2%, 10ms/99.5%, 20ms/99.6%, 50ms/99.7%, 100ms/99.8%
[2026-06-17T10:07:37.450+0800][0.757s][info][gc,marking  ] GC(32) Y: Mark: 1 stripe(s), 1 proactive flush(es), 1 terminate flush(es), 0 completion(s), 0 continuation(s) 
[2026-06-17T10:07:37.450+0800][0.757s][info][gc,nmethod  ] GC(32) Y: NMethods: 69 registered, 4 unregistered
[2026-06-17T10:07:37.450+0800][0.757s][info][gc,metaspace] GC(32) Y: Metaspace: 0M used, 0M committed, 1088M reserved
[2026-06-17T10:07:37.450+0800][0.757s][info][gc,heap     ] GC(32) Y: Min Capacity: 64M(100%)
[2026-06-17T10:07:37.450+0800][0.757s][info][gc,heap     ] GC(32) Y: Max Capacity: 64M(100%)
[2026-06-17T10:07:37.450+0800][0.757s][info][gc,heap     ] GC(32) Y: Soft Max Capacity: 64M(100%)
[2026-06-17T10:07:37.450+0800][0.758s][info][gc,heap     ] GC(32) Y: Heap Statistics:
[2026-06-17T10:07:37.450+0800][0.758s][info][gc,heap     ] GC(32) Y:                Mark Start          Mark End        Relocate Start      Relocate End           High               Low         
[2026-06-17T10:07:37.450+0800][0.758s][info][gc,heap     ] GC(32) Y:  Capacity:       64M (100%)         64M (100%)         64M (100%)         64M (100%)         64M (100%)         64M (100%)   
[2026-06-17T10:07:37.450+0800][0.758s][info][gc,heap     ] GC(32) Y:      Free:        0M (0%)            0M (0%)            0M (0%)            0M (0%)            0M (0%)            0M (0%)     
[2026-06-17T10:07:37.450+0800][0.758s][info][gc,heap     ] GC(32) Y:      Used:       64M (100%)         64M (100%)         64M (100%)         64M (100%)         64M (100%)         64M (100%)   
[2026-06-17T10:07:37.450+0800][0.758s][info][gc,heap     ] GC(32) Y: Young Generation Statistics:
[2026-06-17T10:07:37.451+0800][0.758s][info][gc,heap     ] GC(32) Y:                Mark Start          Mark End        Relocate Start      Relocate End    
[2026-06-17T10:07:37.451+0800][0.758s][info][gc,heap     ] GC(32) Y:      Used:        0M (0%)            0M (0%)            0M (0%)            0M (0%)     
[2026-06-17T10:07:37.451+0800][0.758s][info][gc,heap     ] GC(32) Y:      Live:         -                 0M (0%)            0M (0%)            0M (0%)     
[2026-06-17T10:07:37.451+0800][0.758s][info][gc,heap     ] GC(32) Y:   Garbage:         -                 0M (0%)            0M (0%)            0M (0%)     
[2026-06-17T10:07:37.451+0800][0.758s][info][gc,heap     ] GC(32) Y: Allocated:         -                 0M (0%)            0M (0%)            0M (0%)     
[2026-06-17T10:07:37.451+0800][0.758s][info][gc,heap     ] GC(32) Y: Reclaimed:         -                  -                 0M (0%)            0M (0%)     
[2026-06-17T10:07:37.451+0800][0.758s][info][gc,heap     ] GC(32) Y:  Promoted:         -                  -                 0M (0%)            0M (0%)     
[2026-06-17T10:07:37.451+0800][0.758s][info][gc,heap     ] GC(32) Y: Compacted:         -                  -                  -                 0M (0%)     
[2026-06-17T10:07:37.451+0800][0.759s][info][gc,phases   ] GC(32) Y: Young Generation (Collect Roots) 64M(100%)->64M(100%) 0.001s
[2026-06-17T10:07:37.451+0800][0.759s][info][gc,phases   ] GC(32) O: Old Generation
[2026-06-17T10:07:37.452+0800][0.759s][info][gc,phases   ] GC(32) O: Concurrent Mark 0.771ms
[2026-06-17T10:07:37.452+0800][0.760s][info][gc,phases   ] GC(32) O: Pause Mark End 0.004ms
[2026-06-17T10:07:37.452+0800][0.760s][info][gc,phases   ] GC(32) O: Concurrent Mark Free 0.000ms
[2026-06-17T10:07:37.452+0800][0.760s][info][gc,ref      ] GC(32) O: Clearing All SoftReferences
[2026-06-17T10:07:37.453+0800][0.760s][info][gc,phases   ] GC(32) O: Concurrent Process Non-Strong 0.268ms
[2026-06-17T10:07:37.453+0800][0.760s][info][gc,phases   ] GC(32) O: Concurrent Reset Relocation Set 0.001ms
[2026-06-17T10:07:37.453+0800][0.760s][info][gc,phases   ] GC(32) O: Concurrent Select Relocation Set 0.031ms
[2026-06-17T10:07:37.453+0800][0.760s][info][gc,task     ] GC(32) O: Using 1 Workers for Old Generation
[2026-06-17T10:07:37.453+0800][0.760s][info][gc,task     ] GC(32) O: Using 1 Workers for Old Generation
[2026-06-17T10:07:37.453+0800][0.760s][info][gc,phases   ] GC(32) O: Concurrent Remap Roots 0.217ms
[2026-06-17T10:07:37.453+0800][0.761s][info][gc,phases   ] GC(32) O: Pause Relocate Start 0.004ms
[2026-06-17T10:07:37.453+0800][0.761s][info][gc          ] Allocation Stall (main) 16.231ms
[2026-06-17T10:07:37.453+0800][0.761s][info][gc,phases   ] GC(32) O: Concurrent Relocate 0.157ms
[2026-06-17T10:07:37.454+0800][0.761s][info][gc          ] GC(33) Minor Collection (Allocation Stall)
[2026-06-17T10:07:37.454+0800][0.761s][info][gc,task     ] GC(33) Using 1 Workers for Young Generation
[2026-06-17T10:07:37.454+0800][0.761s][info][gc,phases   ] GC(33) y: Young Generation
[2026-06-17T10:07:37.454+0800][0.761s][info][gc,phases   ] GC(33) y: Pause Mark Start 0.005ms
[2026-06-17T10:07:37.454+0800][0.762s][info][gc,phases   ] GC(33) y: Concurrent Mark 0.288ms
[2026-06-17T10:07:37.454+0800][0.762s][info][gc,phases   ] GC(33) y: Pause Mark End 0.003ms
[2026-06-17T10:07:37.454+0800][0.762s][info][gc,phases   ] GC(33) y: Concurrent Mark Free 0.001ms
[2026-06-17T10:07:37.455+0800][0.762s][info][gc,phases   ] GC(33) y: Concurrent Reset Relocation Set 0.000ms
[2026-06-17T10:07:37.455+0800][0.762s][info][gc,reloc    ] GC(33) y: Using tenuring threshold: 1 (Computed)
[2026-06-17T10:07:37.455+0800][0.762s][info][gc,phases   ] GC(33) y: Concurrent Select Relocation Set 0.165ms
[2026-06-17T10:07:37.455+0800][0.762s][info][gc,phases   ] GC(33) y: Pause Relocate Start 0.003ms
[2026-06-17T10:07:37.455+0800][0.762s][info][gc,phases   ] GC(33) y: Concurrent Relocate 0.080ms
[2026-06-17T10:07:37.455+0800][0.763s][info][gc,alloc    ] GC(33) y:                         Mark Start        Mark End      Relocate Start    Relocate End   
[2026-06-17T10:07:37.455+0800][0.763s][info][gc,alloc    ] GC(33) y: Allocation Stalls:          1                1                1                1         
[2026-06-17T10:07:37.455+0800][0.763s][info][gc,load     ] GC(33) y: Load: 0.45 (2%) / 0.45 (2%) / 0.50 (2%)
[2026-06-17T10:07:37.455+0800][0.763s][info][gc,mmu      ] GC(33) y: MMU: 2ms/98.7%, 5ms/99.2%, 10ms/99.5%, 20ms/99.6%, 50ms/99.7%, 100ms/99.8%
[2026-06-17T10:07:37.456+0800][0.763s][info][gc,marking  ] GC(33) y: Mark: 1 stripe(s), 1 proactive flush(es), 1 terminate flush(es), 0 completion(s), 0 continuation(s) 
[2026-06-17T10:07:37.456+0800][0.763s][info][gc,nmethod  ] GC(33) y: NMethods: 69 registered, 4 unregistered
[2026-06-17T10:07:37.456+0800][0.763s][info][gc,metaspace] GC(33) y: Metaspace: 0M used, 0M committed, 1088M reserved
[2026-06-17T10:07:37.456+0800][0.763s][info][gc,reloc    ] GC(33) y:                        Candidates     Selected     In-Place         Size        Empty    Relocated 
[2026-06-17T10:07:37.456+0800][0.763s][info][gc,reloc    ] GC(33) y: Small Pages:                    0            0            0           0M           0M           0M 
[2026-06-17T10:07:37.456+0800][0.764s][info][gc,reloc    ] GC(33) y: Large Pages:                    1            0            0           2M           0M           0M 
[2026-06-17T10:07:37.456+0800][0.764s][info][gc,reloc    ] GC(33) y: Forwarding Usage: 0M
[2026-06-17T10:07:37.456+0800][0.764s][info][gc,reloc    ] GC(33) y: Age Table:
[2026-06-17T10:07:37.456+0800][0.764s][info][gc,reloc    ] GC(33) y:                    Live             Garbage             Small              Medium             Large        
[2026-06-17T10:07:37.456+0800][0.764s][info][gc,reloc    ] GC(33) y: Eden               2M (3%)            0M (0%)           0 / 0              0 / 0              1 / 0        
[2026-06-17T10:07:37.456+0800][0.764s][info][gc,heap     ] GC(33) y: Min Capacity: 64M(100%)
[2026-06-17T10:07:37.457+0800][0.764s][info][gc,heap     ] GC(33) y: Max Capacity: 64M(100%)
[2026-06-17T10:07:37.457+0800][0.764s][info][gc,heap     ] GC(33) y: Soft Max Capacity: 64M(100%)
[2026-06-17T10:07:37.457+0800][0.764s][info][gc,heap     ] GC(33) y: Heap Statistics:
[2026-06-17T10:07:37.457+0800][0.764s][info][gc,heap     ] GC(33) y:                Mark Start          Mark End        Relocate Start      Relocate End           High               Low         
[2026-06-17T10:07:37.457+0800][0.764s][info][gc,heap     ] GC(33) y:  Capacity:       64M (100%)         64M (100%)         64M (100%)         64M (100%)         64M (100%)         64M (100%)   
[2026-06-17T10:07:37.457+0800][0.764s][info][gc,heap     ] GC(33) y:      Free:        0M (0%)            0M (0%)            0M (0%)            0M (0%)            0M (0%)            0M (0%)     
[2026-06-17T10:07:37.457+0800][0.764s][info][gc,heap     ] GC(33) y:      Used:       64M (100%)         64M (100%)         64M (100%)         64M (100%)         64M (100%)         64M (100%)   
[2026-06-17T10:07:37.457+0800][0.764s][info][gc,heap     ] GC(33) y: Young Generation Statistics:
[2026-06-17T10:07:37.457+0800][0.764s][info][gc,heap     ] GC(33) y:                Mark Start          Mark End        Relocate Start      Relocate End    
[2026-06-17T10:07:37.457+0800][0.765s][info][gc,heap     ] GC(33) y:      Used:        2M (3%)            2M (3%)            2M (3%)            2M (3%)     
[2026-06-17T10:07:37.457+0800][0.765s][info][gc,heap     ] GC(33) y:      Live:         -                 2M (3%)            2M (3%)            2M (3%)     
[2026-06-17T10:07:37.457+0800][0.765s][info][gc,heap     ] GC(33) y:   Garbage:         -                 0M (0%)            0M (0%)            0M (0%)     
[2026-06-17T10:07:37.457+0800][0.765s][info][gc,heap     ] GC(33) y: Allocated:         -                 0M (0%)            0M (0%)            0M (0%)     
[2026-06-17T10:07:37.457+0800][0.765s][info][gc,heap     ] GC(33) y: Reclaimed:         -                  -                 0M (0%)            0M (0%)     
[2026-06-17T10:07:37.457+0800][0.765s][info][gc,heap     ] GC(33) y:  Promoted:         -                  -                 0M (0%)            0M (0%)     
[2026-06-17T10:07:37.457+0800][0.765s][info][gc,heap     ] GC(33) y: Compacted:         -                  -                  -                 0M (0%)     
[2026-06-17T10:07:37.458+0800][0.765s][info][gc,phases   ] GC(33) y: Young Generation 64M(100%)->64M(100%) 0.001s
[2026-06-17T10:07:37.458+0800][0.765s][info][gc          ] GC(33) Minor Collection (Allocation Stall) 64M(100%)->64M(100%) 0.004s
[2026-06-17T10:07:37.458+0800][0.765s][info][gc,alloc    ] GC(32) O:                         Mark Start        Mark End      Relocate Start    Relocate End   
[2026-06-17T10:07:37.458+0800][0.765s][info][gc,alloc    ] GC(32) O: Allocation Stalls:          1                1                1                0         
[2026-06-17T10:07:37.458+0800][0.765s][info][gc,load     ] GC(32) O: Load: 0.45 (2%) / 0.45 (2%) / 0.50 (2%)
[2026-06-17T10:07:37.458+0800][0.765s][info][gc,mmu      ] GC(32) O: MMU: 2ms/98.7%, 5ms/99.2%, 10ms/99.5%, 20ms/99.6%, 50ms/99.7%, 100ms/99.8%
[2026-06-17T10:07:37.458+0800][0.765s][info][gc,marking  ] GC(32) O: Mark: 1 stripe(s), 1 proactive flush(es), 1 terminate flush(es), 0 completion(s), 0 continuation(s) 
[2026-06-17T10:07:37.458+0800][0.765s][info][gc,nmethod  ] GC(32) O: NMethods: 69 registered, 4 unregistered
[2026-06-17T10:07:37.458+0800][0.766s][info][gc,metaspace] GC(32) O: Metaspace: 0M used, 0M committed, 1088M reserved
[2026-06-17T10:07:37.458+0800][0.766s][info][gc,ref      ] GC(32) O:                       Encountered   Discovered     Enqueued 
[2026-06-17T10:07:37.458+0800][0.766s][info][gc,ref      ] GC(32) O: Soft References:                0            0            0 
[2026-06-17T10:07:37.458+0800][0.766s][info][gc,ref      ] GC(32) O: Weak References:                6            0            0 
[2026-06-17T10:07:37.458+0800][0.766s][info][gc,ref      ] GC(32) O: Final References:               0            0            0 
[2026-06-17T10:07:37.458+0800][0.766s][info][gc,ref      ] GC(32) O: Phantom References:             1            1            0 
[2026-06-17T10:07:37.459+0800][0.766s][info][gc,reloc    ] GC(32) O:                        Candidates     Selected     In-Place         Size        Empty    Relocated 
[2026-06-17T10:07:37.459+0800][0.766s][info][gc,reloc    ] GC(32) O: Small Pages:                    5            1            1          10M           0M           1M 
[2026-06-17T10:07:37.459+0800][0.766s][info][gc,reloc    ] GC(32) O: Large Pages:                   27            0            0          54M           0M           0M 
[2026-06-17T10:07:37.459+0800][0.766s][info][gc,reloc    ] GC(32) O: Forwarding Usage: 0M
[2026-06-17T10:07:37.459+0800][0.766s][info][gc,heap     ] GC(32) O: Min Capacity: 64M(100%)
[2026-06-17T10:07:37.459+0800][0.766s][info][gc,heap     ] GC(32) O: Max Capacity: 64M(100%)
[2026-06-17T10:07:37.459+0800][0.766s][info][gc,heap     ] GC(32) O: Soft Max Capacity: 64M(100%)
[2026-06-17T10:07:37.459+0800][0.766s][info][gc,heap     ] GC(32) O: Heap Statistics:
[2026-06-17T10:07:37.459+0800][0.766s][info][gc,heap     ] GC(32) O:                Mark Start          Mark End        Relocate Start      Relocate End           High               Low         
[2026-06-17T10:07:37.459+0800][0.767s][info][gc,heap     ] GC(32) O:  Capacity:       64M (100%)         64M (100%)         64M (100%)         64M (100%)         64M (100%)         64M (100%)   
[2026-06-17T10:07:37.459+0800][0.767s][info][gc,heap     ] GC(32) O:      Free:        0M (0%)            0M (0%)            0M (0%)            0M (0%)            2M (3%)            0M (0%)     
[2026-06-17T10:07:37.459+0800][0.767s][info][gc,heap     ] GC(32) O:      Used:       64M (100%)         64M (100%)         64M (100%)         64M (100%)         64M (100%)         62M (97%)    
[2026-06-17T10:07:37.459+0800][0.767s][info][gc,heap     ] GC(32) O: Old Generation Statistics:
[2026-06-17T10:07:37.459+0800][0.767s][info][gc,heap     ] GC(32) O:                Mark Start          Mark End        Relocate Start      Relocate End    
[2026-06-17T10:07:37.459+0800][0.767s][info][gc,heap     ] GC(32) O:      Used:       64M (100%)         64M (100%)         64M (100%)         62M (97%)    
[2026-06-17T10:07:37.459+0800][0.767s][info][gc,heap     ] GC(32) O:      Live:         -                59M (93%)          59M (93%)          59M (93%)    
[2026-06-17T10:07:37.460+0800][0.767s][info][gc,heap     ] GC(32) O:   Garbage:         -                 4M (7%)            4M (7%)            1M (3%)     
[2026-06-17T10:07:37.460+0800][0.767s][info][gc,heap     ] GC(32) O: Allocated:         -                 0M (0%)            0M (0%)            0M (1%)     
[2026-06-17T10:07:37.460+0800][0.767s][info][gc,heap     ] GC(32) O: Reclaimed:         -                  -                 0M (0%)            2M (4%)     
[2026-06-17T10:07:37.460+0800][0.767s][info][gc,heap     ] GC(32) O: Compacted:         -                  -                  -                 1M (2%)     
[2026-06-17T10:07:37.460+0800][0.767s][info][gc,phases   ] GC(32) O: Old Generation 64M(100%)->64M(100%) 0.006s
[2026-06-17T10:07:37.460+0800][0.767s][info][gc          ] GC(32) Major Collection (Allocation Stall) 64M(100%)->64M(100%) 0.016s
[2026-06-17T10:07:37.460+0800][0.767s][info][gc          ] GC(34) Major Collection (Allocation Stall)
[2026-06-17T10:07:37.460+0800][0.768s][info][gc,task     ] GC(34) Using 1 Workers for Young Generation
[2026-06-17T10:07:37.460+0800][0.768s][info][gc,task     ] GC(34) Using 1 Workers for Old Generation
[2026-06-17T10:07:37.460+0800][0.768s][info][gc,phases   ] GC(34) Y: Young Generation (Promote All)
[2026-06-17T10:07:37.460+0800][0.768s][info][gc,phases   ] GC(34) Y: Pause Mark Start 0.005ms
[2026-06-17T10:07:37.461+0800][0.768s][info][gc,phases   ] GC(34) Y: Concurrent Mark 0.289ms
[2026-06-17T10:07:37.461+0800][0.768s][info][gc,phases   ] GC(34) Y: Pause Mark End 0.003ms
[2026-06-17T10:07:37.461+0800][0.768s][info][gc,phases   ] GC(34) Y: Concurrent Mark Free 0.000ms
[2026-06-17T10:07:37.461+0800][0.768s][info][gc,phases   ] GC(34) Y: Concurrent Reset Relocation Set 0.000ms
[2026-06-17T10:07:37.461+0800][0.769s][info][gc,reloc    ] GC(34) Y: Using tenuring threshold: 0 (Promote All)
[2026-06-17T10:07:37.461+0800][0.769s][info][gc,phases   ] GC(34) Y: Concurrent Select Relocation Set 0.169ms
[2026-06-17T10:07:37.461+0800][0.769s][info][gc,phases   ] GC(34) Y: Pause Relocate Start 0.003ms
[2026-06-17T10:07:37.462+0800][0.769s][info][gc,phases   ] GC(34) Y: Concurrent Relocate 0.087ms
[2026-06-17T10:07:37.462+0800][0.769s][info][gc,alloc    ] GC(34) Y:                         Mark Start        Mark End      Relocate Start    Relocate End   
[2026-06-17T10:07:37.462+0800][0.769s][info][gc,alloc    ] GC(34) Y: Allocation Stalls:          1                1                1                1         
[2026-06-17T10:07:37.462+0800][0.769s][info][gc,load     ] GC(34) Y: Load: 0.45 (2%) / 0.45 (2%) / 0.50 (2%)
[2026-06-17T10:07:37.462+0800][0.769s][info][gc,mmu      ] GC(34) Y: MMU: 2ms/98.7%, 5ms/99.2%, 10ms/99.5%, 20ms/99.6%, 50ms/99.7%, 100ms/99.8%
[2026-06-17T10:07:37.462+0800][0.769s][info][gc,marking  ] GC(34) Y: Mark: 1 stripe(s), 1 proactive flush(es), 1 terminate flush(es), 0 completion(s), 0 continuation(s) 
[2026-06-17T10:07:37.462+0800][0.770s][info][gc,nmethod  ] GC(34) Y: NMethods: 69 registered, 4 unregistered
[2026-06-17T10:07:37.462+0800][0.770s][info][gc,metaspace] GC(34) Y: Metaspace: 0M used, 0M committed, 1088M reserved
[2026-06-17T10:07:37.462+0800][0.770s][info][gc,reloc    ] GC(34) Y:                        Candidates     Selected     In-Place         Size        Empty    Relocated 
[2026-06-17T10:07:37.462+0800][0.770s][info][gc,reloc    ] GC(34) Y: Small Pages:                    0            0            0           0M           0M           0M 
[2026-06-17T10:07:37.463+0800][0.770s][info][gc,reloc    ] GC(34) Y: Large Pages:                    1            0            0           2M           0M           0M 
[2026-06-17T10:07:37.463+0800][0.770s][info][gc,reloc    ] GC(34) Y: Forwarding Usage: 0M
[2026-06-17T10:07:37.463+0800][0.770s][info][gc,reloc    ] GC(34) Y: Age Table:
[2026-06-17T10:07:37.463+0800][0.770s][info][gc,reloc    ] GC(34) Y:                    Live             Garbage             Small              Medium             Large        
[2026-06-17T10:07:37.463+0800][0.770s][info][gc,reloc    ] GC(34) Y: Eden                -                 0M (0%)           0 / 0              0 / 0              0 / 0        
[2026-06-17T10:07:37.463+0800][0.770s][info][gc,reloc    ] GC(34) Y: Survivor 1         2M (3%)            0M (0%)           0 / 0              0 / 0              1 / 0        
[2026-06-17T10:07:37.463+0800][0.770s][info][gc,heap     ] GC(34) Y: Min Capacity: 64M(100%)
[2026-06-17T10:07:37.463+0800][0.770s][info][gc,heap     ] GC(34) Y: Max Capacity: 64M(100%)
[2026-06-17T10:07:37.463+0800][0.770s][info][gc,heap     ] GC(34) Y: Soft Max Capacity: 64M(100%)
[2026-06-17T10:07:37.463+0800][0.771s][info][gc,heap     ] GC(34) Y: Heap Statistics:
[2026-06-17T10:07:37.463+0800][0.771s][info][gc,heap     ] GC(34) Y:                Mark Start          Mark End        Relocate Start      Relocate End           High               Low         
[2026-06-17T10:07:37.463+0800][0.771s][info][gc,heap     ] GC(34) Y:  Capacity:       64M (100%)         64M (100%)         64M (100%)         64M (100%)         64M (100%)         64M (100%)   
[2026-06-17T10:07:37.463+0800][0.771s][info][gc,heap     ] GC(34) Y:      Free:        0M (0%)            0M (0%)            0M (0%)            0M (0%)            0M (0%)            0M (0%)     
[2026-06-17T10:07:37.463+0800][0.771s][info][gc,heap     ] GC(34) Y:      Used:       64M (100%)         64M (100%)         64M (100%)         64M (100%)         64M (100%)         64M (100%)   
[2026-06-17T10:07:37.463+0800][0.771s][info][gc,heap     ] GC(34) Y: Young Generation Statistics:
[2026-06-17T10:07:37.463+0800][0.771s][info][gc,heap     ] GC(34) Y:                Mark Start          Mark End        Relocate Start      Relocate End    
[2026-06-17T10:07:37.464+0800][0.771s][info][gc,heap     ] GC(34) Y:      Used:        2M (3%)            2M (3%)            0M (0%)            0M (0%)     
[2026-06-17T10:07:37.464+0800][0.771s][info][gc,heap     ] GC(34) Y:      Live:         -                 2M (3%)            0M (0%)            0M (0%)     
[2026-06-17T10:07:37.464+0800][0.771s][info][gc,heap     ] GC(34) Y:   Garbage:         -                 0M (0%)            0M (0%)            0M (0%)     
[2026-06-17T10:07:37.464+0800][0.771s][info][gc,heap     ] GC(34) Y: Allocated:         -                 0M (0%)            0M (0%)            0M (0%)     
[2026-06-17T10:07:37.464+0800][0.771s][info][gc,heap     ] GC(34) Y: Reclaimed:         -                  -                 0M (0%)            0M (0%)     
[2026-06-17T10:07:37.464+0800][0.771s][info][gc,heap     ] GC(34) Y:  Promoted:         -                  -                 2M (3%)            2M (3%)     
[2026-06-17T10:07:37.464+0800][0.771s][info][gc,heap     ] GC(34) Y: Compacted:         -                  -                  -                 0M (0%)     
[2026-06-17T10:07:37.464+0800][0.771s][info][gc,phases   ] GC(34) Y: Young Generation (Promote All) 64M(100%)->64M(100%) 0.001s
[2026-06-17T10:07:37.464+0800][0.771s][info][gc,phases   ] GC(34) Y: Young Generation (Collect Roots)
[2026-06-17T10:07:37.464+0800][0.772s][info][gc,phases   ] GC(34) Y: Pause Mark Start (Major) 0.005ms
[2026-06-17T10:07:37.465+0800][0.772s][info][gc,phases   ] GC(34) Y: Concurrent Mark 0.297ms
[2026-06-17T10:07:37.465+0800][0.772s][info][gc,phases   ] GC(34) Y: Pause Mark End 0.003ms
[2026-06-17T10:07:37.465+0800][0.772s][info][gc,phases   ] GC(34) Y: Concurrent Mark Free 0.000ms
[2026-06-17T10:07:37.465+0800][0.772s][info][gc,phases   ] GC(34) Y: Concurrent Reset Relocation Set 0.002ms
[2026-06-17T10:07:37.465+0800][0.772s][info][gc,reloc    ] GC(34) Y: Using tenuring threshold: 0 (Computed)
[2026-06-17T10:07:37.465+0800][0.773s][info][gc,phases   ] GC(34) Y: Concurrent Select Relocation Set 0.172ms
[2026-06-17T10:07:37.465+0800][0.773s][info][gc,phases   ] GC(34) Y: Pause Relocate Start 0.003ms
[2026-06-17T10:07:37.465+0800][0.773s][info][gc,phases   ] GC(34) Y: Concurrent Relocate 0.079ms
[2026-06-17T10:07:37.466+0800][0.773s][info][gc,alloc    ] GC(34) Y:                         Mark Start        Mark End      Relocate Start    Relocate End   
[2026-06-17T10:07:37.466+0800][0.773s][info][gc,alloc    ] GC(34) Y: Allocation Stalls:          1                1                1                1         
[2026-06-17T10:07:37.466+0800][0.773s][info][gc,load     ] GC(34) Y: Load: 0.45 (2%) / 0.45 (2%) / 0.50 (2%)
[2026-06-17T10:07:37.466+0800][0.773s][info][gc,mmu      ] GC(34) Y: MMU: 2ms/98.7%, 5ms/99.2%, 10ms/99.5%, 20ms/99.6%, 50ms/99.7%, 100ms/99.8%
[2026-06-17T10:07:37.466+0800][0.773s][info][gc,marking  ] GC(34) Y: Mark: 1 stripe(s), 1 proactive flush(es), 1 terminate flush(es), 0 completion(s), 0 continuation(s) 
[2026-06-17T10:07:37.466+0800][0.773s][info][gc,nmethod  ] GC(34) Y: NMethods: 69 registered, 4 unregistered
[2026-06-17T10:07:37.466+0800][0.773s][info][gc,metaspace] GC(34) Y: Metaspace: 0M used, 0M committed, 1088M reserved
[2026-06-17T10:07:37.466+0800][0.773s][info][gc,heap     ] GC(34) Y: Min Capacity: 64M(100%)
[2026-06-17T10:07:37.466+0800][0.774s][info][gc,heap     ] GC(34) Y: Max Capacity: 64M(100%)
[2026-06-17T10:07:37.466+0800][0.774s][info][gc,heap     ] GC(34) Y: Soft Max Capacity: 64M(100%)
[2026-06-17T10:07:37.466+0800][0.774s][info][gc,heap     ] GC(34) Y: Heap Statistics:
[2026-06-17T10:07:37.466+0800][0.774s][info][gc,heap     ] GC(34) Y:                Mark Start          Mark End        Relocate Start      Relocate End           High               Low         
[2026-06-17T10:07:37.466+0800][0.774s][info][gc,heap     ] GC(34) Y:  Capacity:       64M (100%)         64M (100%)         64M (100%)         64M (100%)         64M (100%)         64M (100%)   
[2026-06-17T10:07:37.466+0800][0.774s][info][gc,heap     ] GC(34) Y:      Free:        0M (0%)            0M (0%)            0M (0%)            0M (0%)            0M (0%)            0M (0%)     
[2026-06-17T10:07:37.467+0800][0.774s][info][gc,heap     ] GC(34) Y:      Used:       64M (100%)         64M (100%)         64M (100%)         64M (100%)         64M (100%)         64M (100%)   
[2026-06-17T10:07:37.467+0800][0.774s][info][gc,heap     ] GC(34) Y: Young Generation Statistics:
[2026-06-17T10:07:37.467+0800][0.774s][info][gc,heap     ] GC(34) Y:                Mark Start          Mark End        Relocate Start      Relocate End    
[2026-06-17T10:07:37.467+0800][0.774s][info][gc,heap     ] GC(34) Y:      Used:        0M (0%)            0M (0%)            0M (0%)            0M (0%)     
[2026-06-17T10:07:37.467+0800][0.774s][info][gc,heap     ] GC(34) Y:      Live:         -                 0M (0%)            0M (0%)            0M (0%)     
[2026-06-17T10:07:37.467+0800][0.774s][info][gc,heap     ] GC(34) Y:   Garbage:         -                 0M (0%)            0M (0%)            0M (0%)     
[2026-06-17T10:07:37.467+0800][0.774s][info][gc,heap     ] GC(34) Y: Allocated:         -                 0M (0%)            0M (0%)            0M (0%)     
[2026-06-17T10:07:37.467+0800][0.774s][info][gc,heap     ] GC(34) Y: Reclaimed:         -                  -                 0M (0%)            0M (0%)     
[2026-06-17T10:07:37.467+0800][0.774s][info][gc,heap     ] GC(34) Y:  Promoted:         -                  -                 0M (0%)            0M (0%)     
[2026-06-17T10:07:37.467+0800][0.775s][info][gc,heap     ] GC(34) Y: Compacted:         -                  -                  -                 0M (0%)     
[2026-06-17T10:07:37.467+0800][0.775s][info][gc,phases   ] GC(34) Y: Young Generation (Collect Roots) 64M(100%)->64M(100%) 0.002s
[2026-06-17T10:07:37.467+0800][0.775s][info][gc,phases   ] GC(34) O: Old Generation
[2026-06-17T10:07:37.468+0800][0.776s][info][gc,phases   ] GC(34) O: Concurrent Mark 0.744ms
[2026-06-17T10:07:37.468+0800][0.776s][info][gc,phases   ] GC(34) O: Pause Mark End 0.004ms
[2026-06-17T10:07:37.468+0800][0.776s][info][gc,phases   ] GC(34) O: Concurrent Mark Free 0.000ms
[2026-06-17T10:07:37.468+0800][0.776s][info][gc,ref      ] GC(34) O: Clearing All SoftReferences
[2026-06-17T10:07:37.469+0800][0.776s][info][gc,phases   ] GC(34) O: Concurrent Process Non-Strong 0.278ms
[2026-06-17T10:07:37.469+0800][0.776s][info][gc,phases   ] GC(34) O: Concurrent Reset Relocation Set 0.001ms
[2026-06-17T10:07:37.469+0800][0.776s][info][gc,phases   ] GC(34) O: Concurrent Select Relocation Set 0.030ms
[2026-06-17T10:07:37.469+0800][0.776s][info][gc,task     ] GC(34) O: Using 1 Workers for Old Generation
[2026-06-17T10:07:37.469+0800][0.777s][info][gc,task     ] GC(34) O: Using 1 Workers for Old Generation
[2026-06-17T10:07:37.469+0800][0.777s][info][gc,phases   ] GC(34) O: Concurrent Remap Roots 0.215ms
[2026-06-17T10:07:37.469+0800][0.777s][info][gc,phases   ] GC(34) O: Pause Relocate Start 0.004ms
[2026-06-17T10:07:37.470+0800][0.777s][info][gc,phases   ] GC(34) O: Concurrent Relocate 0.052ms
[2026-06-17T10:07:37.470+0800][0.777s][info][gc,alloc    ] GC(34) O:                         Mark Start        Mark End      Relocate Start    Relocate End   
[2026-06-17T10:07:37.470+0800][0.777s][info][gc,alloc    ] GC(34) O: Allocation Stalls:          1                1                1                1         
[2026-06-17T10:07:37.470+0800][0.777s][info][gc,load     ] GC(34) O: Load: 0.45 (2%) / 0.45 (2%) / 0.50 (2%)
[2026-06-17T10:07:37.470+0800][0.777s][info][gc,mmu      ] GC(34) O: MMU: 2ms/98.7%, 5ms/99.2%, 10ms/99.5%, 20ms/99.6%, 50ms/99.7%, 100ms/99.8%
[2026-06-17T10:07:37.470+0800][0.777s][info][gc,marking  ] GC(34) O: Mark: 1 stripe(s), 1 proactive flush(es), 1 terminate flush(es), 0 completion(s), 0 continuation(s) 
[2026-06-17T10:07:37.470+0800][0.777s][info][gc,nmethod  ] GC(34) O: NMethods: 69 registered, 4 unregistered
[2026-06-17T10:07:37.470+0800][0.777s][info][gc,metaspace] GC(34) O: Metaspace: 0M used, 0M committed, 1088M reserved
[2026-06-17T10:07:37.470+0800][0.777s][info][gc,ref      ] GC(34) O:                       Encountered   Discovered     Enqueued 
[2026-06-17T10:07:37.470+0800][0.778s][info][gc,ref      ] GC(34) O: Soft References:                0            0            0 
[2026-06-17T10:07:37.470+0800][0.778s][info][gc,ref      ] GC(34) O: Weak References:                6            0            0 
[2026-06-17T10:07:37.470+0800][0.778s][info][gc,ref      ] GC(34) O: Final References:               0            0            0 
[2026-06-17T10:07:37.470+0800][0.778s][info][gc,ref      ] GC(34) O: Phantom References:             1            1            0 
[2026-06-17T10:07:37.470+0800][0.778s][info][gc,reloc    ] GC(34) O:                        Candidates     Selected     In-Place         Size        Empty    Relocated 
[2026-06-17T10:07:37.471+0800][0.778s][info][gc,reloc    ] GC(34) O: Small Pages:                    4            0            0           8M           0M           0M 
[2026-06-17T10:07:37.471+0800][0.778s][info][gc,reloc    ] GC(34) O: Large Pages:                   28            0            0          56M           0M           0M 
[2026-06-17T10:07:37.471+0800][0.778s][info][gc,reloc    ] GC(34) O: Forwarding Usage: 0M
[2026-06-17T10:07:37.471+0800][0.778s][info][gc,heap     ] GC(34) O: Min Capacity: 64M(100%)
[2026-06-17T10:07:37.471+0800][0.778s][info][gc,heap     ] GC(34) O: Max Capacity: 64M(100%)
[2026-06-17T10:07:37.471+0800][0.778s][info][gc,heap     ] GC(34) O: Soft Max Capacity: 64M(100%)
[2026-06-17T10:07:37.471+0800][0.778s][info][gc,heap     ] GC(34) O: Heap Statistics:
[2026-06-17T10:07:37.471+0800][0.778s][info][gc,heap     ] GC(34) O:                Mark Start          Mark End        Relocate Start      Relocate End           High               Low         
[2026-06-17T10:07:37.471+0800][0.778s][info][gc,heap     ] GC(34) O:  Capacity:       64M (100%)         64M (100%)         64M (100%)         64M (100%)         64M (100%)         64M (100%)   
[2026-06-17T10:07:37.471+0800][0.778s][info][gc,heap     ] GC(34) O:      Free:        0M (0%)            0M (0%)            0M (0%)            0M (0%)            0M (0%)            0M (0%)     
[2026-06-17T10:07:37.471+0800][0.779s][info][gc,heap     ] GC(34) O:      Used:       64M (100%)         64M (100%)         64M (100%)         64M (100%)         64M (100%)         64M (100%)   
[2026-06-17T10:07:37.471+0800][0.779s][info][gc,heap     ] GC(34) O: Old Generation Statistics:
[2026-06-17T10:07:37.471+0800][0.779s][info][gc,heap     ] GC(34) O:                Mark Start          Mark End        Relocate Start      Relocate End    
[2026-06-17T10:07:37.471+0800][0.779s][info][gc,heap     ] GC(34) O:      Used:       64M (100%)         64M (100%)         64M (100%)         64M (100%)   
[2026-06-17T10:07:37.471+0800][0.779s][info][gc,heap     ] GC(34) O:      Live:         -                61M (96%)          61M (96%)          61M (96%)    
[2026-06-17T10:07:37.472+0800][0.779s][info][gc,heap     ] GC(34) O:   Garbage:         -                 2M (4%)            2M (4%)            2M (4%)     
[2026-06-17T10:07:37.472+0800][0.779s][info][gc,heap     ] GC(34) O: Allocated:         -                 0M (0%)            0M (0%)            0M (0%)     
[2026-06-17T10:07:37.472+0800][0.779s][info][gc,heap     ] GC(34) O: Reclaimed:         -                  -                 0M (0%)            0M (0%)     
[2026-06-17T10:07:37.472+0800][0.779s][info][gc,heap     ] GC(34) O: Compacted:         -                  -                  -                 0M (0%)     
[2026-06-17T10:07:37.472+0800][0.779s][info][gc,phases   ] GC(34) O: Old Generation 64M(100%)->64M(100%) 0.002s
[2026-06-17T10:07:37.472+0800][0.779s][info][gc          ] GC(34) Major Collection (Allocation Stall) 64M(100%)->64M(100%) 0.012s
[2026-06-17T10:07:37.472+0800][0.779s][info][gc          ] Allocation Stall (main) 18.435ms
[2026-06-17T10:07:37.472+0800][0.779s][info][gc          ] Out Of Memory (main)
[2026-06-17T10:07:37.472+0800][0.780s][info][gc          ] GC(35) Minor Collection (Allocation Stall)
[2026-06-17T10:07:37.472+0800][0.780s][info][gc,task     ] GC(35) Using 1 Workers for Young Generation
[2026-06-17T10:07:37.472+0800][0.780s][info][gc,phases   ] GC(35) y: Young Generation
[2026-06-17T10:07:37.472+0800][0.780s][info][gc,phases   ] GC(35) y: Pause Mark Start 0.004ms
[2026-06-17T10:07:37.473+0800][0.780s][info][gc,phases   ] GC(35) y: Concurrent Mark 0.367ms
[2026-06-17T10:07:37.473+0800][0.780s][info][gc,phases   ] GC(35) y: Pause Mark End 0.003ms
[2026-06-17T10:07:37.473+0800][0.781s][info][gc,phases   ] GC(35) y: Concurrent Mark Free 0.000ms
[2026-06-17T10:07:37.473+0800][0.781s][info][gc,phases   ] GC(35) y: Concurrent Reset Relocation Set 0.000ms
[2026-06-17T10:07:37.473+0800][0.781s][info][gc,reloc    ] GC(35) y: Using tenuring threshold: 0 (Computed)
[2026-06-17T10:07:37.474+0800][0.781s][info][gc,phases   ] GC(35) y: Concurrent Select Relocation Set 0.167ms
[2026-06-17T10:07:37.474+0800][0.781s][info][gc,phases   ] GC(35) y: Pause Relocate Start 0.012ms
[2026-06-17T10:07:37.474+0800][0.782s][info][gc,phases   ] GC(35) y: Concurrent Relocate 0.079ms
[2026-06-17T10:07:37.474+0800][0.782s][info][gc,alloc    ] GC(35) y:                         Mark Start        Mark End      Relocate Start    Relocate End   
[2026-06-17T10:07:37.474+0800][0.782s][info][gc,alloc    ] GC(35) y: Allocation Stalls:          1                1                1                1         
[2026-06-17T10:07:37.474+0800][0.782s][info][gc,load     ] GC(35) y: Load: 0.45 (2%) / 0.45 (2%) / 0.50 (2%)
[2026-06-17T10:07:37.475+0800][0.782s][info][gc,mmu      ] GC(35) y: MMU: 2ms/98.7%, 5ms/99.2%, 10ms/99.5%, 20ms/99.6%, 50ms/99.7%, 100ms/99.7%
[2026-06-17T10:07:37.475+0800][0.782s][info][gc,marking  ] GC(35) y: Mark: 1 stripe(s), 1 proactive flush(es), 1 terminate flush(es), 0 completion(s), 0 continuation(s) 
[2026-06-17T10:07:37.475+0800][0.782s][info][gc,nmethod  ] GC(35) y: NMethods: 69 registered, 4 unregistered
[2026-06-17T10:07:37.475+0800][0.782s][info][gc,metaspace] GC(35) y: Metaspace: 0M used, 0M committed, 1088M reserved
[2026-06-17T10:07:37.475+0800][0.782s][info][gc,heap     ] GC(35) y: Min Capacity: 64M(100%)
[2026-06-17T10:07:37.475+0800][0.782s][info][gc,heap     ] GC(35) y: Max Capacity: 64M(100%)
[2026-06-17T10:07:37.475+0800][0.782s][info][gc,heap     ] GC(35) y: Soft Max Capacity: 64M(100%)
[2026-06-17T10:07:37.475+0800][0.782s][info][gc,heap     ] GC(35) y: Heap Statistics:
[2026-06-17T10:07:37.475+0800][0.782s][info][gc,heap     ] GC(35) y:                Mark Start          Mark End        Relocate Start      Relocate End           High               Low         
[2026-06-17T10:07:37.475+0800][0.783s][info][gc,heap     ] GC(35) y:  Capacity:       64M (100%)         64M (100%)         64M (100%)         64M (100%)         64M (100%)         64M (100%)   
[2026-06-17T10:07:37.475+0800][0.783s][info][gc,heap     ] GC(35) y:      Free:        0M (0%)            0M (0%)            0M (0%)            0M (0%)            0M (0%)            0M (0%)     
[2026-06-17T10:07:37.475+0800][0.783s][info][gc,heap     ] GC(35) y:      Used:       64M (100%)         64M (100%)         64M (100%)         64M (100%)         64M (100%)         64M (100%)   
[2026-06-17T10:07:37.475+0800][0.783s][info][gc,heap     ] GC(35) y: Young Generation Statistics:
[2026-06-17T10:07:37.476+0800][0.783s][info][gc,heap     ] GC(35) y:                Mark Start          Mark End        Relocate Start      Relocate End    
[2026-06-17T10:07:37.476+0800][0.783s][info][gc,heap     ] GC(35) y:      Used:        0M (0%)            0M (0%)            0M (0%)            0M (0%)     
[2026-06-17T10:07:37.476+0800][0.783s][info][gc,heap     ] GC(35) y:      Live:         -                 0M (0%)            0M (0%)            0M (0%)     
[2026-06-17T10:07:37.476+0800][0.783s][info][gc,heap     ] GC(35) y:   Garbage:         -                 0M (0%)            0M (0%)            0M (0%)     
[2026-06-17T10:07:37.476+0800][0.783s][info][gc,heap     ] GC(35) y: Allocated:         -                 0M (0%)            0M (0%)            0M (0%)     
[2026-06-17T10:07:37.476+0800][0.783s][info][gc,heap     ] GC(35) y: Reclaimed:         -                  -                 0M (0%)            0M (0%)     
[2026-06-17T10:07:37.476+0800][0.783s][info][gc,heap     ] GC(35) y:  Promoted:         -                  -                 0M (0%)            0M (0%)     
[2026-06-17T10:07:37.476+0800][0.783s][info][gc,heap     ] GC(35) y: Compacted:         -                  -                  -                 0M (0%)     
[2026-06-17T10:07:37.476+0800][0.784s][info][gc,phases   ] GC(35) y: Young Generation 64M(100%)->64M(100%) 0.002s
[2026-06-17T10:07:37.476+0800][0.784s][info][gc          ] GC(35) Minor Collection (Allocation Stall) 64M(100%)->64M(100%) 0.004s
[2026-06-17T10:07:37.476+0800][0.784s][info][gc          ] GC(36) Major Collection (Allocation Stall)
[2026-06-17T10:07:37.476+0800][0.784s][info][gc,task     ] GC(36) Using 1 Workers for Young Generation
[2026-06-17T10:07:37.476+0800][0.784s][info][gc,task     ] GC(36) Using 1 Workers for Old Generation
[2026-06-17T10:07:37.476+0800][0.784s][info][gc,phases   ] GC(36) Y: Young Generation (Promote All)
[2026-06-17T10:07:37.477+0800][0.784s][info][gc,phases   ] GC(36) Y: Pause Mark Start 0.005ms
[2026-06-17T10:07:37.477+0800][0.784s][info][gc,phases   ] GC(36) Y: Concurrent Mark 0.336ms
[2026-06-17T10:07:37.477+0800][0.785s][info][gc,phases   ] GC(36) Y: Pause Mark End 0.003ms
[2026-06-17T10:07:37.477+0800][0.785s][info][gc,phases   ] GC(36) Y: Concurrent Mark Free 0.000ms
[2026-06-17T10:07:37.477+0800][0.785s][info][gc,phases   ] GC(36) Y: Concurrent Reset Relocation Set 0.000ms
[2026-06-17T10:07:37.477+0800][0.785s][info][gc,reloc    ] GC(36) Y: Using tenuring threshold: 0 (Promote All)
[2026-06-17T10:07:37.478+0800][0.785s][info][gc,phases   ] GC(36) Y: Concurrent Select Relocation Set 0.165ms
[2026-06-17T10:07:37.478+0800][0.785s][info][gc,phases   ] GC(36) Y: Pause Relocate Start 0.002ms
[2026-06-17T10:07:37.478+0800][0.785s][info][gc,phases   ] GC(36) Y: Concurrent Relocate 0.079ms
[2026-06-17T10:07:37.478+0800][0.785s][info][gc,alloc    ] GC(36) Y:                         Mark Start        Mark End      Relocate Start    Relocate End   
[2026-06-17T10:07:37.478+0800][0.785s][info][gc,alloc    ] GC(36) Y: Allocation Stalls:          1                1                1                1         
[2026-06-17T10:07:37.478+0800][0.785s][info][gc,load     ] GC(36) Y: Load: 0.45 (2%) / 0.45 (2%) / 0.50 (2%)
[2026-06-17T10:07:37.478+0800][0.785s][info][gc,mmu      ] GC(36) Y: MMU: 2ms/98.7%, 5ms/99.2%, 10ms/99.5%, 20ms/99.6%, 50ms/99.7%, 100ms/99.7%
[2026-06-17T10:07:37.478+0800][0.786s][info][gc,marking  ] GC(36) Y: Mark: 1 stripe(s), 1 proactive flush(es), 1 terminate flush(es), 0 completion(s), 0 continuation(s) 
[2026-06-17T10:07:37.478+0800][0.786s][info][gc,nmethod  ] GC(36) Y: NMethods: 69 registered, 4 unregistered
[2026-06-17T10:07:37.478+0800][0.786s][info][gc,metaspace] GC(36) Y: Metaspace: 0M used, 0M committed, 1088M reserved
[2026-06-17T10:07:37.478+0800][0.786s][info][gc,heap     ] GC(36) Y: Min Capacity: 64M(100%)
[2026-06-17T10:07:37.478+0800][0.786s][info][gc,heap     ] GC(36) Y: Max Capacity: 64M(100%)
[2026-06-17T10:07:37.479+0800][0.786s][info][gc,heap     ] GC(36) Y: Soft Max Capacity: 64M(100%)
[2026-06-17T10:07:37.479+0800][0.786s][info][gc,heap     ] GC(36) Y: Heap Statistics:
[2026-06-17T10:07:37.479+0800][0.786s][info][gc,heap     ] GC(36) Y:                Mark Start          Mark End        Relocate Start      Relocate End           High               Low         
[2026-06-17T10:07:37.479+0800][0.786s][info][gc,heap     ] GC(36) Y:  Capacity:       64M (100%)         64M (100%)         64M (100%)         64M (100%)         64M (100%)         64M (100%)   
[2026-06-17T10:07:37.479+0800][0.786s][info][gc,heap     ] GC(36) Y:      Free:        0M (0%)            0M (0%)            0M (0%)            0M (0%)            0M (0%)            0M (0%)     
[2026-06-17T10:07:37.479+0800][0.786s][info][gc,heap     ] GC(36) Y:      Used:       64M (100%)         64M (100%)         64M (100%)         64M (100%)         64M (100%)         64M (100%)   
[2026-06-17T10:07:37.479+0800][0.786s][info][gc,heap     ] GC(36) Y: Young Generation Statistics:
[2026-06-17T10:07:37.479+0800][0.786s][info][gc,heap     ] GC(36) Y:                Mark Start          Mark End        Relocate Start      Relocate End    
[2026-06-17T10:07:37.479+0800][0.786s][info][gc,heap     ] GC(36) Y:      Used:        0M (0%)            0M (0%)            0M (0%)            0M (0%)     
[2026-06-17T10:07:37.479+0800][0.787s][info][gc,heap     ] GC(36) Y:      Live:         -                 0M (0%)            0M (0%)            0M (0%)     
[2026-06-17T10:07:37.479+0800][0.787s][info][gc,heap     ] GC(36) Y:   Garbage:         -                 0M (0%)            0M (0%)            0M (0%)     
[2026-06-17T10:07:37.479+0800][0.787s][info][gc,heap     ] GC(36) Y: Allocated:         -                 0M (0%)            0M (0%)            0M (0%)     
[2026-06-17T10:07:37.479+0800][0.787s][info][gc,heap     ] GC(36) Y: Reclaimed:         -                  -                 0M (0%)            0M (0%)     
[2026-06-17T10:07:37.479+0800][0.787s][info][gc,heap     ] GC(36) Y:  Promoted:         -                  -                 0M (0%)            0M (0%)     
[2026-06-17T10:07:37.479+0800][0.787s][info][gc,heap     ] GC(36) Y: Compacted:         -                  -                  -                 0M (0%)     
[2026-06-17T10:07:37.480+0800][0.787s][info][gc,phases   ] GC(36) Y: Young Generation (Promote All) 64M(100%)->64M(100%) 0.001s
[2026-06-17T10:07:37.480+0800][0.787s][info][gc,phases   ] GC(36) Y: Young Generation (Collect Roots)
[2026-06-17T10:07:37.480+0800][0.787s][info][gc,phases   ] GC(36) Y: Pause Mark Start (Major) 0.006ms
[2026-06-17T10:07:37.480+0800][0.788s][info][gc,phases   ] GC(36) Y: Concurrent Mark 0.299ms
[2026-06-17T10:07:37.481+0800][0.788s][info][gc,phases   ] GC(36) Y: Pause Mark End 0.004ms
[2026-06-17T10:07:37.481+0800][0.788s][info][gc,phases   ] GC(36) Y: Concurrent Mark Free 0.000ms
[2026-06-17T10:07:37.481+0800][0.788s][info][gc,phases   ] GC(36) Y: Concurrent Reset Relocation Set 0.000ms
[2026-06-17T10:07:37.481+0800][0.788s][info][gc,reloc    ] GC(36) Y: Using tenuring threshold: 0 (Computed)
[2026-06-17T10:07:37.481+0800][0.788s][info][gc,phases   ] GC(36) Y: Concurrent Select Relocation Set 0.159ms
[2026-06-17T10:07:37.481+0800][0.788s][info][gc,phases   ] GC(36) Y: Pause Relocate Start 0.005ms
[2026-06-17T10:07:37.481+0800][0.789s][info][gc,phases   ] GC(36) Y: Concurrent Relocate 0.078ms
[2026-06-17T10:07:37.481+0800][0.789s][info][gc,alloc    ] GC(36) Y:                         Mark Start        Mark End      Relocate Start    Relocate End   
[2026-06-17T10:07:37.481+0800][0.789s][info][gc,alloc    ] GC(36) Y: Allocation Stalls:          1                1                1                1         
[2026-06-17T10:07:37.481+0800][0.789s][info][gc,load     ] GC(36) Y: Load: 0.45 (2%) / 0.45 (2%) / 0.50 (2%)
[2026-06-17T10:07:37.481+0800][0.789s][info][gc,mmu      ] GC(36) Y: MMU: 2ms/98.7%, 5ms/99.2%, 10ms/99.5%, 20ms/99.6%, 50ms/99.7%, 100ms/99.7%
[2026-06-17T10:07:37.481+0800][0.789s][info][gc,marking  ] GC(36) Y: Mark: 1 stripe(s), 1 proactive flush(es), 1 terminate flush(es), 0 completion(s), 0 continuation(s) 
[2026-06-17T10:07:37.482+0800][0.789s][info][gc,nmethod  ] GC(36) Y: NMethods: 69 registered, 4 unregistered
[2026-06-17T10:07:37.482+0800][0.789s][info][gc,metaspace] GC(36) Y: Metaspace: 0M used, 0M committed, 1088M reserved
[2026-06-17T10:07:37.482+0800][0.789s][info][gc,heap     ] GC(36) Y: Min Capacity: 64M(100%)
[2026-06-17T10:07:37.482+0800][0.789s][info][gc,heap     ] GC(36) Y: Max Capacity: 64M(100%)
[2026-06-17T10:07:37.482+0800][0.789s][info][gc,heap     ] GC(36) Y: Soft Max Capacity: 64M(100%)
[2026-06-17T10:07:37.482+0800][0.789s][info][gc,heap     ] GC(36) Y: Heap Statistics:
[2026-06-17T10:07:37.482+0800][0.789s][info][gc,heap     ] GC(36) Y:                Mark Start          Mark End        Relocate Start      Relocate End           High               Low         
[2026-06-17T10:07:37.482+0800][0.789s][info][gc,heap     ] GC(36) Y:  Capacity:       64M (100%)         64M (100%)         64M (100%)         64M (100%)         64M (100%)         64M (100%)   
[2026-06-17T10:07:37.482+0800][0.790s][info][gc,heap     ] GC(36) Y:      Free:        0M (0%)            0M (0%)            0M (0%)            0M (0%)            0M (0%)            0M (0%)     
[2026-06-17T10:07:37.482+0800][0.790s][info][gc,heap     ] GC(36) Y:      Used:       64M (100%)         64M (100%)         64M (100%)         64M (100%)         64M (100%)         64M (100%)   
[2026-06-17T10:07:37.482+0800][0.790s][info][gc,heap     ] GC(36) Y: Young Generation Statistics:
[2026-06-17T10:07:37.482+0800][0.790s][info][gc,heap     ] GC(36) Y:                Mark Start          Mark End        Relocate Start      Relocate End    
[2026-06-17T10:07:37.482+0800][0.790s][info][gc,heap     ] GC(36) Y:      Used:        0M (0%)            0M (0%)            0M (0%)            0M (0%)     
[2026-06-17T10:07:37.482+0800][0.790s][info][gc,heap     ] GC(36) Y:      Live:         -                 0M (0%)            0M (0%)            0M (0%)     
[2026-06-17T10:07:37.483+0800][0.790s][info][gc,heap     ] GC(36) Y:   Garbage:         -                 0M (0%)            0M (0%)            0M (0%)     
[2026-06-17T10:07:37.483+0800][0.790s][info][gc,heap     ] GC(36) Y: Allocated:         -                 0M (0%)            0M (0%)            0M (0%)     
[2026-06-17T10:07:37.483+0800][0.790s][info][gc,heap     ] GC(36) Y: Reclaimed:         -                  -                 0M (0%)            0M (0%)     
[2026-06-17T10:07:37.483+0800][0.790s][info][gc,heap     ] GC(36) Y:  Promoted:         -                  -                 0M (0%)            0M (0%)     
[2026-06-17T10:07:37.483+0800][0.790s][info][gc,heap     ] GC(36) Y: Compacted:         -                  -                  -                 0M (0%)     
[2026-06-17T10:07:37.483+0800][0.790s][info][gc,phases   ] GC(36) Y: Young Generation (Collect Roots) 64M(100%)->64M(100%) 0.001s
[2026-06-17T10:07:37.483+0800][0.790s][info][gc,phases   ] GC(36) O: Old Generation
[2026-06-17T10:07:37.484+0800][0.791s][info][gc,phases   ] GC(36) O: Concurrent Mark 0.756ms
[2026-06-17T10:07:37.484+0800][0.791s][info][gc,phases   ] GC(36) O: Pause Mark End 0.004ms
[2026-06-17T10:07:37.484+0800][0.791s][info][gc,phases   ] GC(36) O: Concurrent Mark Free 0.001ms
[2026-06-17T10:07:37.484+0800][0.791s][info][gc,ref      ] GC(36) O: Clearing All SoftReferences
[2026-06-17T10:07:37.484+0800][0.792s][info][gc,phases   ] GC(36) O: Concurrent Process Non-Strong 0.267ms
[2026-06-17T10:07:37.484+0800][0.792s][info][gc,phases   ] GC(36) O: Concurrent Reset Relocation Set 0.001ms
[2026-06-17T10:07:37.485+0800][0.792s][info][gc          ] Allocation Stall (main) 12.326ms
[2026-06-17T10:07:37.485+0800][0.792s][info][gc,phases   ] GC(36) O: Concurrent Select Relocation Set 0.044ms
[2026-06-17T10:07:37.485+0800][0.792s][info][gc,task     ] GC(36) O: Using 1 Workers for Old Generation
[2026-06-17T10:07:37.485+0800][0.792s][info][gc,task     ] GC(36) O: Using 1 Workers for Old Generation
[2026-06-17T10:07:37.485+0800][0.792s][info][gc,phases   ] GC(36) O: Concurrent Remap Roots 0.333ms
[2026-06-17T10:07:37.485+0800][0.792s][info][gc,phases   ] GC(36) O: Pause Relocate Start 0.004ms
[2026-06-17T10:07:37.486+0800][0.793s][info][gc,phases   ] GC(36) O: Concurrent Relocate 0.339ms
[2026-06-17T10:07:37.486+0800][0.793s][info][gc,alloc    ] GC(36) O:                         Mark Start        Mark End      Relocate Start    Relocate End   
[2026-06-17T10:07:37.486+0800][0.793s][info][gc,alloc    ] GC(36) O: Allocation Stalls:          1                1                0                0         
[2026-06-17T10:07:37.486+0800][0.793s][info][gc,load     ] GC(36) O: Load: 0.45 (2%) / 0.45 (2%) / 0.50 (2%)
[2026-06-17T10:07:37.486+0800][0.793s][info][gc,mmu      ] GC(36) O: MMU: 2ms/98.7%, 5ms/99.2%, 10ms/99.5%, 20ms/99.6%, 50ms/99.7%, 100ms/99.7%
[2026-06-17T10:07:37.486+0800][0.793s][info][gc,marking  ] GC(36) O: Mark: 1 stripe(s), 1 proactive flush(es), 1 terminate flush(es), 0 completion(s), 0 continuation(s) 
[2026-06-17T10:07:37.486+0800][0.794s][info][gc,nmethod  ] GC(36) O: NMethods: 69 registered, 4 unregistered
[2026-06-17T10:07:37.486+0800][0.794s][info][gc,metaspace] GC(36) O: Metaspace: 0M used, 0M committed, 1088M reserved
[2026-06-17T10:07:37.486+0800][0.794s][info][gc,ref      ] GC(36) O:                       Encountered   Discovered     Enqueued 
[2026-06-17T10:07:37.487+0800][0.794s][info][gc,ref      ] GC(36) O: Soft References:                0            0            0 
[2026-06-17T10:07:37.487+0800][0.794s][info][gc,ref      ] GC(36) O: Weak References:                6            0            0 
[2026-06-17T10:07:37.487+0800][0.794s][info][gc,ref      ] GC(36) O: Final References:               0            0            0 
[2026-06-17T10:07:37.487+0800][0.794s][info][gc,ref      ] GC(36) O: Phantom References:             1            1            0 
[2026-06-17T10:07:37.487+0800][0.794s][info][gc,reloc    ] GC(36) O:                        Candidates     Selected     In-Place         Size        Empty    Relocated 
[2026-06-17T10:07:37.487+0800][0.794s][info][gc,reloc    ] GC(36) O: Small Pages:                    4            1            0           8M           0M           1M 
[2026-06-17T10:07:37.487+0800][0.794s][info][gc,reloc    ] GC(36) O: Large Pages:                   28            0            0          56M           6M           0M 
[2026-06-17T10:07:37.487+0800][0.794s][info][gc,reloc    ] GC(36) O: Forwarding Usage: 0M
[2026-06-17T10:07:37.487+0800][0.794s][info][gc,heap     ] GC(36) O: Min Capacity: 64M(100%)
[2026-06-17T10:07:37.487+0800][0.795s][info][gc,heap     ] GC(36) O: Max Capacity: 64M(100%)
[2026-06-17T10:07:37.487+0800][0.795s][info][gc,heap     ] GC(36) O: Soft Max Capacity: 64M(100%)
[2026-06-17T10:07:37.487+0800][0.795s][info][gc,heap     ] GC(36) O: Heap Statistics:
[2026-06-17T10:07:37.487+0800][0.795s][info][gc,heap     ] GC(36) O:                Mark Start          Mark End        Relocate Start      Relocate End           High               Low         
[2026-06-17T10:07:37.487+0800][0.795s][info][gc,heap     ] GC(36) O:  Capacity:       64M (100%)         64M (100%)         64M (100%)         64M (100%)         64M (100%)         64M (100%)   
[2026-06-17T10:07:37.488+0800][0.795s][info][gc,heap     ] GC(36) O:      Free:        0M (0%)            0M (0%)            4M (6%)            6M (9%)            6M (9%)            0M (0%)     
[2026-06-17T10:07:37.488+0800][0.795s][info][gc,heap     ] GC(36) O:      Used:       64M (100%)         64M (100%)         60M (94%)          58M (91%)          64M (100%)         58M (91%)    
[2026-06-17T10:07:37.488+0800][0.795s][info][gc,heap     ] GC(36) O: Old Generation Statistics:
[2026-06-17T10:07:37.488+0800][0.795s][info][gc,heap     ] GC(36) O:                Mark Start          Mark End        Relocate Start      Relocate End    
[2026-06-17T10:07:37.488+0800][0.795s][info][gc,heap     ] GC(36) O:      Used:       64M (100%)         64M (100%)         58M (91%)          56M (88%)    
[2026-06-17T10:07:37.488+0800][0.795s][info][gc,heap     ] GC(36) O:      Live:         -                55M (86%)          55M (86%)          55M (86%)    
[2026-06-17T10:07:37.488+0800][0.795s][info][gc,heap     ] GC(36) O:   Garbage:         -                 8M (14%)           2M (5%)            0M (0%)     
[2026-06-17T10:07:37.488+0800][0.795s][info][gc,heap     ] GC(36) O: Allocated:         -                 0M (0%)            0M (0%)            0M (1%)     
[2026-06-17T10:07:37.488+0800][0.795s][info][gc,heap     ] GC(36) O: Reclaimed:         -                  -                 6M (9%)            8M (14%)    
[2026-06-17T10:07:37.488+0800][0.795s][info][gc,heap     ] GC(36) O: Compacted:         -                  -                  -                 3M (5%)     
[2026-06-17T10:07:37.488+0800][0.796s][info][gc,phases   ] GC(36) O: Old Generation 64M(100%)->58M(91%) 0.003s
[2026-06-17T10:07:37.488+0800][0.796s][info][gc          ] GC(36) Major Collection (Allocation Stall) 64M(100%)->58M(91%) 0.012s
[2026-06-17T10:07:37.696+0800][1.003s][info][gc          ] GC(37) Major Collection (Allocation Rate)
[2026-06-17T10:07:37.696+0800][1.004s][info][gc,task     ] GC(37) Using 1 Workers for Young Generation
[2026-06-17T10:07:37.697+0800][1.004s][info][gc,task     ] GC(37) Using 1 Workers for Old Generation
[2026-06-17T10:07:37.697+0800][1.005s][info][gc,phases   ] GC(37) Y: Young Generation
[2026-06-17T10:07:37.698+0800][1.005s][info][gc,phases   ] GC(37) Y: Pause Mark Start (Major) 0.019ms
[2026-06-17T10:07:37.700+0800][1.007s][info][gc,phases   ] GC(37) Y: Concurrent Mark 0.926ms
[2026-06-17T10:07:37.700+0800][1.008s][info][gc,phases   ] GC(37) Y: Pause Mark End 0.011ms
[2026-06-17T10:07:37.701+0800][1.008s][info][gc,phases   ] GC(37) Y: Concurrent Mark Free 0.002ms
[2026-06-17T10:07:37.701+0800][1.008s][info][gc,phases   ] GC(37) Y: Concurrent Reset Relocation Set 0.001ms
[2026-06-17T10:07:37.701+0800][1.009s][info][gc,reloc    ] GC(37) Y: Using tenuring threshold: 1 (Computed)
[2026-06-17T10:07:37.702+0800][1.009s][info][gc,phases   ] GC(37) Y: Concurrent Select Relocation Set 0.530ms
[2026-06-17T10:07:37.703+0800][1.010s][info][gc,phases   ] GC(37) Y: Pause Relocate Start 0.011ms
[2026-06-17T10:07:37.703+0800][1.011s][info][gc,phases   ] GC(37) Y: Concurrent Relocate 0.209ms
[2026-06-17T10:07:37.704+0800][1.011s][info][gc,alloc    ] GC(37) Y:                         Mark Start        Mark End      Relocate Start    Relocate End   
[2026-06-17T10:07:37.704+0800][1.012s][info][gc,alloc    ] GC(37) Y: Allocation Stalls:          0                0                0                0         
[2026-06-17T10:07:37.704+0800][1.012s][info][gc,load     ] GC(37) Y: Load: 0.45 (2%) / 0.45 (2%) / 0.50 (2%)
[2026-06-17T10:07:37.705+0800][1.012s][info][gc,mmu      ] GC(37) Y: MMU: 2ms/98.7%, 5ms/99.2%, 10ms/99.5%, 20ms/99.6%, 50ms/99.7%, 100ms/99.7%
[2026-06-17T10:07:37.705+0800][1.012s][info][gc,marking  ] GC(37) Y: Mark: 1 stripe(s), 1 proactive flush(es), 1 terminate flush(es), 0 completion(s), 0 continuation(s) 
[2026-06-17T10:07:37.705+0800][1.013s][info][gc,nmethod  ] GC(37) Y: NMethods: 69 registered, 4 unregistered
[2026-06-17T10:07:37.706+0800][1.013s][info][gc,metaspace] GC(37) Y: Metaspace: 0M used, 0M committed, 1088M reserved
[2026-06-17T10:07:37.706+0800][1.013s][info][gc,reloc    ] GC(37) Y:                        Candidates     Selected     In-Place         Size        Empty    Relocated 
[2026-06-17T10:07:37.706+0800][1.014s][info][gc,reloc    ] GC(37) Y: Small Pages:                    2            0            0           4M           4M           0M 
[2026-06-17T10:07:37.706+0800][1.014s][info][gc,reloc    ] GC(37) Y: Large Pages:                    1            0            0           2M           0M           0M 
[2026-06-17T10:07:37.707+0800][1.014s][info][gc,reloc    ] GC(37) Y: Forwarding Usage: 0M
[2026-06-17T10:07:37.707+0800][1.014s][info][gc,reloc    ] GC(37) Y: Age Table:
[2026-06-17T10:07:37.707+0800][1.015s][info][gc,reloc    ] GC(37) Y:                    Live             Garbage             Small              Medium             Large        
[2026-06-17T10:07:37.707+0800][1.015s][info][gc,reloc    ] GC(37) Y: Eden               2M (3%)            4M (6%)           2 / 0              0 / 0              1 / 0        
[2026-06-17T10:07:37.708+0800][1.015s][info][gc,heap     ] GC(37) Y: Min Capacity: 64M(100%)
[2026-06-17T10:07:37.708+0800][1.015s][info][gc,heap     ] GC(37) Y: Max Capacity: 64M(100%)
[2026-06-17T10:07:37.708+0800][1.016s][info][gc,heap     ] GC(37) Y: Soft Max Capacity: 64M(100%)
[2026-06-17T10:07:37.708+0800][1.016s][info][gc,heap     ] GC(37) Y: Heap Statistics:
[2026-06-17T10:07:37.708+0800][1.016s][info][gc,heap     ] GC(37) Y:                Mark Start          Mark End        Relocate Start      Relocate End           High               Low         
[2026-06-17T10:07:37.709+0800][1.016s][info][gc,heap     ] GC(37) Y:  Capacity:       64M (100%)         64M (100%)         64M (100%)         64M (100%)         64M (100%)         64M (100%)   
[2026-06-17T10:07:37.709+0800][1.016s][info][gc,heap     ] GC(37) Y:      Free:        2M (3%)            2M (3%)            6M (9%)            6M (9%)            6M (9%)            2M (3%)     
[2026-06-17T10:07:37.709+0800][1.016s][info][gc,heap     ] GC(37) Y:      Used:       62M (97%)          62M (97%)          58M (91%)          58M (91%)          62M (97%)          58M (91%)    
[2026-06-17T10:07:37.709+0800][1.016s][info][gc,heap     ] GC(37) Y: Young Generation Statistics:
[2026-06-17T10:07:37.709+0800][1.017s][info][gc,heap     ] GC(37) Y:                Mark Start          Mark End        Relocate Start      Relocate End    
[2026-06-17T10:07:37.709+0800][1.017s][info][gc,heap     ] GC(37) Y:      Used:        6M (9%)            6M (9%)            2M (3%)            2M (3%)     
[2026-06-17T10:07:37.710+0800][1.017s][info][gc,heap     ] GC(37) Y:      Live:         -                 2M (3%)            2M (3%)            2M (3%)     
[2026-06-17T10:07:37.710+0800][1.017s][info][gc,heap     ] GC(37) Y:   Garbage:         -                 4M (6%)            0M (0%)            0M (0%)     
[2026-06-17T10:07:37.710+0800][1.017s][info][gc,heap     ] GC(37) Y: Allocated:         -                 0M (0%)            0M (0%)            0M (0%)     
[2026-06-17T10:07:37.710+0800][1.017s][info][gc,heap     ] GC(37) Y: Reclaimed:         -                  -                 4M (6%)            4M (6%)     
[2026-06-17T10:07:37.710+0800][1.018s][info][gc,heap     ] GC(37) Y:  Promoted:         -                  -                 0M (0%)            0M (0%)     
[2026-06-17T10:07:37.711+0800][1.018s][info][gc,heap     ] GC(37) Y: Compacted:         -                  -                  -                 0M (0%)     
[2026-06-17T10:07:37.711+0800][1.018s][info][gc,phases   ] GC(37) Y: Young Generation 62M(97%)->58M(91%) 0.006s
[2026-06-17T10:07:37.711+0800][1.018s][info][gc,phases   ] GC(37) O: Old Generation
[2026-06-17T10:07:37.713+0800][1.020s][info][gc,phases   ] GC(37) O: Concurrent Mark 1.633ms
[2026-06-17T10:07:37.713+0800][1.020s][info][gc,phases   ] GC(37) O: Pause Mark End 0.010ms
[2026-06-17T10:07:37.713+0800][1.021s][info][gc,phases   ] GC(37) O: Concurrent Mark Free 0.001ms
[2026-06-17T10:07:37.714+0800][1.021s][info][gc,phases   ] GC(37) O: Concurrent Process Non-Strong 0.351ms
[2026-06-17T10:07:37.714+0800][1.021s][info][gc,phases   ] GC(37) O: Concurrent Reset Relocation Set 0.001ms
[2026-06-17T10:07:37.714+0800][1.022s][info][gc,phases   ] GC(37) O: Concurrent Select Relocation Set 0.169ms
[2026-06-17T10:07:37.715+0800][1.022s][info][gc,task     ] GC(37) O: Using 1 Workers for Old Generation
[2026-06-17T10:07:37.715+0800][1.022s][info][gc,task     ] GC(37) O: Using 1 Workers for Old Generation
[2026-06-17T10:07:37.715+0800][1.023s][info][gc,phases   ] GC(37) O: Concurrent Remap Roots 0.580ms
[2026-06-17T10:07:37.715+0800][1.023s][info][gc,phases   ] GC(37) O: Pause Relocate Start 0.008ms
[2026-06-17T10:07:37.717+0800][1.024s][info][gc,phases   ] GC(37) O: Concurrent Relocate 1.117ms
[2026-06-17T10:07:37.717+0800][1.024s][info][gc,alloc    ] GC(37) O:                         Mark Start        Mark End      Relocate Start    Relocate End   
[2026-06-17T10:07:37.717+0800][1.025s][info][gc,alloc    ] GC(37) O: Allocation Stalls:          0                0                0                0         
[2026-06-17T10:07:37.722+0800][1.030s][info][gc,load     ] GC(37) O: Load: 0.45 (2%) / 0.45 (2%) / 0.50 (2%)
[2026-06-17T10:07:37.723+0800][1.031s][info][gc,mmu      ] GC(37) O: MMU: 2ms/98.7%, 5ms/99.2%, 10ms/99.5%, 20ms/99.6%, 50ms/99.7%, 100ms/99.7%
[2026-06-17T10:07:37.725+0800][1.033s][info][gc,marking  ] GC(37) O: Mark: 1 stripe(s), 2 proactive flush(es), 1 terminate flush(es), 0 completion(s), 0 continuation(s) 
[2026-06-17T10:07:37.727+0800][1.035s][info][gc,nmethod  ] GC(37) O: NMethods: 69 registered, 4 unregistered
[2026-06-17T10:07:37.729+0800][1.037s][info][gc,metaspace] GC(37) O: Metaspace: 0M used, 0M committed, 1088M reserved
[2026-06-17T10:07:37.731+0800][1.038s][info][gc,ref      ] GC(37) O:                       Encountered   Discovered     Enqueued 
[2026-06-17T10:07:37.732+0800][1.039s][info][gc,ref      ] GC(37) O: Soft References:                0            0            0 
[2026-06-17T10:07:37.732+0800][1.040s][info][gc,ref      ] GC(37) O: Weak References:                6            0            0 
[2026-06-17T10:07:37.732+0800][1.040s][info][gc,ref      ] GC(37) O: Final References:               0            0            0 
[2026-06-17T10:07:37.733+0800][1.040s][info][gc,ref      ] GC(37) O: Phantom References:             1            1            0 
[2026-06-17T10:07:37.733+0800][1.040s][info][gc,reloc    ] GC(37) O:                        Candidates     Selected     In-Place         Size        Empty    Relocated 
[2026-06-17T10:07:37.733+0800][1.041s][info][gc,reloc    ] GC(37) O: Small Pages:                    3            1            0           6M           0M           0M 
[2026-06-17T10:07:37.734+0800][1.041s][info][gc,reloc    ] GC(37) O: Large Pages:                   25            0            0          50M          32M           0M 
[2026-06-17T10:07:37.734+0800][1.041s][info][gc,reloc    ] GC(37) O: Forwarding Usage: 0M
[2026-06-17T10:07:37.734+0800][1.042s][info][gc,heap     ] GC(37) O: Min Capacity: 64M(100%)
[2026-06-17T10:07:37.735+0800][1.042s][info][gc,heap     ] GC(37) O: Max Capacity: 64M(100%)
[2026-06-17T10:07:37.735+0800][1.043s][info][gc,heap     ] GC(37) O: Soft Max Capacity: 64M(100%)
[2026-06-17T10:07:37.736+0800][1.043s][info][gc,heap     ] GC(37) O: Heap Statistics:
[2026-06-17T10:07:37.736+0800][1.043s][info][gc,heap     ] GC(37) O:                Mark Start          Mark End        Relocate Start      Relocate End           High               Low         
[2026-06-17T10:07:37.736+0800][1.044s][info][gc,heap     ] GC(37) O:  Capacity:       64M (100%)         64M (100%)         64M (100%)         64M (100%)         64M (100%)         64M (100%)   
[2026-06-17T10:07:37.736+0800][1.044s][info][gc,heap     ] GC(37) O:      Free:        2M (3%)            2M (3%)           34M (53%)          30M (47%)          34M (53%)           2M (3%)     
[2026-06-17T10:07:37.737+0800][1.044s][info][gc,heap     ] GC(37) O:      Used:       62M (97%)          62M (97%)          30M (47%)          34M (53%)          62M (97%)          30M (47%)    
[2026-06-17T10:07:37.737+0800][1.044s][info][gc,heap     ] GC(37) O: Old Generation Statistics:
[2026-06-17T10:07:37.737+0800][1.044s][info][gc,heap     ] GC(37) O:                Mark Start          Mark End        Relocate Start      Relocate End    
[2026-06-17T10:07:37.737+0800][1.045s][info][gc,heap     ] GC(37) O:      Used:       56M (88%)          56M (88%)          24M (38%)          24M (38%)    
[2026-06-17T10:07:37.737+0800][1.045s][info][gc,heap     ] GC(37) O:      Live:         -                20M (31%)          20M (31%)          20M (31%)    
[2026-06-17T10:07:37.737+0800][1.045s][info][gc,heap     ] GC(37) O:   Garbage:         -                35M (56%)           3M (6%)            1M (2%)     
[2026-06-17T10:07:37.737+0800][1.045s][info][gc,heap     ] GC(37) O: Allocated:         -                 0M (0%)            0M (0%)            2M (4%)     
[2026-06-17T10:07:37.738+0800][1.045s][info][gc,heap     ] GC(37) O: Reclaimed:         -                  -                32M (50%)          34M (54%)    
[2026-06-17T10:07:37.738+0800][1.045s][info][gc,heap     ] GC(37) O: Compacted:         -                  -                  -                 1M (2%)     
[2026-06-17T10:07:37.738+0800][1.045s][info][gc,phases   ] GC(37) O: Old Generation 62M(97%)->34M(53%) 0.006s
[2026-06-17T10:07:37.738+0800][1.046s][info][gc          ] GC(37) Major Collection (Allocation Rate) 62M(97%)->50M(78%) 0.043s
[2026-06-17T10:07:37.748+0800][1.056s][info][gc          ] GC(38) Major Collection (Allocation Rate)
[2026-06-17T10:07:37.749+0800][1.056s][info][gc,task     ] GC(38) Using 1 Workers for Young Generation
[2026-06-17T10:07:37.749+0800][1.056s][info][gc,task     ] GC(38) Using 1 Workers for Old Generation
[2026-06-17T10:07:37.750+0800][1.057s][info][gc,phases   ] GC(38) Y: Young Generation
[2026-06-17T10:07:37.750+0800][1.058s][info][gc,phases   ] GC(38) Y: Pause Mark Start (Major) 0.011ms
[2026-06-17T10:07:37.751+0800][1.058s][info][gc,phases   ] GC(38) Y: Concurrent Mark 0.461ms
[2026-06-17T10:07:37.751+0800][1.058s][info][gc,phases   ] GC(38) Y: Pause Mark End 0.006ms
[2026-06-17T10:07:37.752+0800][1.060s][info][gc,phases   ] GC(38) Y: Concurrent Mark Free 0.001ms
[2026-06-17T10:07:37.752+0800][1.060s][info][gc,phases   ] GC(38) Y: Concurrent Reset Relocation Set 0.000ms
[2026-06-17T10:07:37.753+0800][1.061s][info][gc,reloc    ] GC(38) Y: Using tenuring threshold: 2 (Computed)
[2026-06-17T10:07:37.754+0800][1.061s][info][gc,phases   ] GC(38) Y: Concurrent Select Relocation Set 0.341ms
[2026-06-17T10:07:37.754+0800][1.061s][info][gc,phases   ] GC(38) Y: Pause Relocate Start 0.006ms
[2026-06-17T10:07:37.754+0800][1.062s][info][gc,phases   ] GC(38) Y: Concurrent Relocate 0.226ms
[2026-06-17T10:07:37.755+0800][1.062s][info][gc,alloc    ] GC(38) Y:                         Mark Start        Mark End      Relocate Start    Relocate End   
[2026-06-17T10:07:37.755+0800][1.062s][info][gc,alloc    ] GC(38) Y: Allocation Stalls:          0                0                0                0         
[2026-06-17T10:07:37.755+0800][1.062s][info][gc,load     ] GC(38) Y: Load: 0.45 (2%) / 0.45 (2%) / 0.50 (2%)
[2026-06-17T10:07:37.755+0800][1.063s][info][gc,mmu      ] GC(38) Y: MMU: 2ms/98.7%, 5ms/99.2%, 10ms/99.5%, 20ms/99.6%, 50ms/99.7%, 100ms/99.7%
[2026-06-17T10:07:37.755+0800][1.063s][info][gc,marking  ] GC(38) Y: Mark: 1 stripe(s), 1 proactive flush(es), 1 terminate flush(es), 0 completion(s), 0 continuation(s) 
[2026-06-17T10:07:37.755+0800][1.063s][info][gc,nmethod  ] GC(38) Y: NMethods: 69 registered, 4 unregistered
[2026-06-17T10:07:37.756+0800][1.063s][info][gc,metaspace] GC(38) Y: Metaspace: 0M used, 0M committed, 1088M reserved
[2026-06-17T10:07:37.756+0800][1.063s][info][gc,reloc    ] GC(38) Y:                        Candidates     Selected     In-Place         Size        Empty    Relocated 
[2026-06-17T10:07:37.756+0800][1.063s][info][gc,reloc    ] GC(38) Y: Small Pages:                   10            4            0          20M          10M           1M 
[2026-06-17T10:07:37.756+0800][1.063s][info][gc,reloc    ] GC(38) Y: Large Pages:                    9            0            0          18M           0M           0M 
[2026-06-17T10:07:37.756+0800][1.064s][info][gc,reloc    ] GC(38) Y: Forwarding Usage: 0M
[2026-06-17T10:07:37.756+0800][1.064s][info][gc,reloc    ] GC(38) Y: Age Table:
[2026-06-17T10:07:37.756+0800][1.064s][info][gc,reloc    ] GC(38) Y:                    Live             Garbage             Small              Medium             Large        
[2026-06-17T10:07:37.756+0800][1.064s][info][gc,reloc    ] GC(38) Y: Eden              17M (27%)          18M (29%)         10 / 4              0 / 0              8 / 0        
[2026-06-17T10:07:37.757+0800][1.064s][info][gc,reloc    ] GC(38) Y: Survivor 1         2M (3%)            0M (0%)           0 / 0              0 / 0              1 / 0        
[2026-06-17T10:07:37.757+0800][1.064s][info][gc,heap     ] GC(38) Y: Min Capacity: 64M(100%)
[2026-06-17T10:07:37.757+0800][1.064s][info][gc,heap     ] GC(38) Y: Max Capacity: 64M(100%)
[2026-06-17T10:07:37.757+0800][1.064s][info][gc,heap     ] GC(38) Y: Soft Max Capacity: 64M(100%)
[2026-06-17T10:07:37.757+0800][1.065s][info][gc,heap     ] GC(38) Y: Heap Statistics:
[2026-06-17T10:07:37.757+0800][1.065s][info][gc,heap     ] GC(38) Y:                Mark Start          Mark End        Relocate Start      Relocate End           High               Low         
[2026-06-17T10:07:37.757+0800][1.065s][info][gc,heap     ] GC(38) Y:  Capacity:       64M (100%)         64M (100%)         64M (100%)         64M (100%)         64M (100%)         64M (100%)   
[2026-06-17T10:07:37.757+0800][1.065s][info][gc,heap     ] GC(38) Y:      Free:        2M (3%)            2M (3%)           12M (19%)          20M (31%)          20M (31%)           2M (3%)     
[2026-06-17T10:07:37.758+0800][1.065s][info][gc,heap     ] GC(38) Y:      Used:       62M (97%)          62M (97%)          52M (81%)          44M (69%)          62M (97%)          44M (69%)    
[2026-06-17T10:07:37.758+0800][1.065s][info][gc,heap     ] GC(38) Y: Young Generation Statistics:
[2026-06-17T10:07:37.758+0800][1.065s][info][gc,heap     ] GC(38) Y:                Mark Start          Mark End        Relocate Start      Relocate End    
[2026-06-17T10:07:37.758+0800][1.066s][info][gc,heap     ] GC(38) Y:      Used:       38M (59%)          38M (59%)          28M (44%)          20M (31%)    
[2026-06-17T10:07:37.758+0800][1.066s][info][gc,heap     ] GC(38) Y:      Live:         -                19M (30%)          19M (30%)          19M (30%)    
[2026-06-17T10:07:37.759+0800][1.066s][info][gc,heap     ] GC(38) Y:   Garbage:         -                18M (29%)           8M (13%)           0M (0%)     
[2026-06-17T10:07:37.759+0800][1.066s][info][gc,heap     ] GC(38) Y: Allocated:         -                 0M (0%)            0M (0%)            0M (1%)     
[2026-06-17T10:07:37.759+0800][1.067s][info][gc,heap     ] GC(38) Y: Reclaimed:         -                  -                10M (16%)          18M (29%)    
[2026-06-17T10:07:37.760+0800][1.067s][info][gc,heap     ] GC(38) Y:  Promoted:         -                  -                 0M (0%)            0M (0%)     
[2026-06-17T10:07:37.760+0800][1.067s][info][gc,heap     ] GC(38) Y: Compacted:         -                  -                  -                 1M (2%)     
[2026-06-17T10:07:37.760+0800][1.067s][info][gc,phases   ] GC(38) Y: Young Generation 62M(97%)->44M(69%) 0.005s
[2026-06-17T10:07:37.760+0800][1.067s][info][gc,phases   ] GC(38) O: Old Generation
[2026-06-17T10:07:37.762+0800][1.069s][info][gc,phases   ] GC(38) O: Concurrent Mark 1.348ms
[2026-06-17T10:07:37.762+0800][1.070s][info][gc,phases   ] GC(38) O: Pause Mark End 0.011ms
[2026-06-17T10:07:37.763+0800][1.070s][info][gc,phases   ] GC(38) O: Concurrent Mark Free 0.002ms
[2026-06-17T10:07:37.763+0800][1.071s][info][gc,phases   ] GC(38) O: Concurrent Process Non-Strong 0.337ms
[2026-06-17T10:07:37.763+0800][1.071s][info][gc,phases   ] GC(38) O: Concurrent Reset Relocation Set 0.001ms
[2026-06-17T10:07:37.764+0800][1.071s][info][gc,phases   ] GC(38) O: Concurrent Select Relocation Set 0.046ms
[2026-06-17T10:07:37.764+0800][1.071s][info][gc,task     ] GC(38) O: Using 1 Workers for Old Generation
[2026-06-17T10:07:37.764+0800][1.072s][info][gc,task     ] GC(38) O: Using 1 Workers for Old Generation
[2026-06-17T10:07:37.765+0800][1.072s][info][gc,phases   ] GC(38) O: Concurrent Remap Roots 0.665ms
[2026-06-17T10:07:37.765+0800][1.072s][info][gc,phases   ] GC(38) O: Pause Relocate Start 0.010ms
[2026-06-17T10:07:37.765+0800][1.073s][info][gc,phases   ] GC(38) O: Concurrent Relocate 0.187ms
[2026-06-17T10:07:37.765+0800][1.073s][info][gc,alloc    ] GC(38) O:                         Mark Start        Mark End      Relocate Start    Relocate End   
[2026-06-17T10:07:37.766+0800][1.073s][info][gc,alloc    ] GC(38) O: Allocation Stalls:          0                0                0                0         
[2026-06-17T10:07:37.766+0800][1.073s][info][gc,load     ] GC(38) O: Load: 0.45 (2%) / 0.45 (2%) / 0.50 (2%)
[2026-06-17T10:07:37.766+0800][1.073s][info][gc,mmu      ] GC(38) O: MMU: 2ms/98.7%, 5ms/99.2%, 10ms/99.5%, 20ms/99.6%, 50ms/99.7%, 100ms/99.7%
[2026-06-17T10:07:37.766+0800][1.074s][info][gc,marking  ] GC(38) O: Mark: 1 stripe(s), 2 proactive flush(es), 1 terminate flush(es), 0 completion(s), 0 continuation(s) 
[2026-06-17T10:07:37.766+0800][1.074s][info][gc,nmethod  ] GC(38) O: NMethods: 69 registered, 4 unregistered
[2026-06-17T10:07:37.767+0800][1.074s][info][gc,metaspace] GC(38) O: Metaspace: 0M used, 0M committed, 1088M reserved
[2026-06-17T10:07:37.769+0800][1.076s][info][gc,ref      ] GC(38) O:                       Encountered   Discovered     Enqueued 
[2026-06-17T10:07:37.770+0800][1.077s][info][gc,ref      ] GC(38) O: Soft References:                0            0            0 
[2026-06-17T10:07:37.771+0800][1.078s][info][gc,ref      ] GC(38) O: Weak References:                6            0            0 
[2026-06-17T10:07:37.771+0800][1.078s][info][gc,ref      ] GC(38) O: Final References:               0            0            0 
[2026-06-17T10:07:37.771+0800][1.078s][info][gc,ref      ] GC(38) O: Phantom References:             1            1            0 
[2026-06-17T10:07:37.772+0800][1.079s][info][gc,reloc    ] GC(38) O:                        Candidates     Selected     In-Place         Size        Empty    Relocated 
[2026-06-17T10:07:37.772+0800][1.079s][info][gc,reloc    ] GC(38) O: Small Pages:                    3            1            0           6M           0M           0M 
[2026-06-17T10:07:37.772+0800][1.080s][info][gc,reloc    ] GC(38) O: Large Pages:                    9            0            0          18M           0M           0M 
[2026-06-17T10:07:37.772+0800][1.080s][info][gc,reloc    ] GC(38) O: Forwarding Usage: 0M
[2026-06-17T10:07:37.773+0800][1.080s][info][gc,heap     ] GC(38) O: Min Capacity: 64M(100%)
[2026-06-17T10:07:37.773+0800][1.081s][info][gc,heap     ] GC(38) O: Max Capacity: 64M(100%)
[2026-06-17T10:07:37.774+0800][1.081s][info][gc,heap     ] GC(38) O: Soft Max Capacity: 64M(100%)
[2026-06-17T10:07:37.776+0800][1.083s][info][gc,heap     ] GC(38) O: Heap Statistics:
[2026-06-17T10:07:37.776+0800][1.084s][info][gc,heap     ] GC(38) O:                Mark Start          Mark End        Relocate Start      Relocate End           High               Low         
[2026-06-17T10:07:37.776+0800][1.084s][info][gc,heap     ] GC(38) O:  Capacity:       64M (100%)         64M (100%)         64M (100%)         64M (100%)         64M (100%)         64M (100%)   
[2026-06-17T10:07:37.777+0800][1.084s][info][gc,heap     ] GC(38) O:      Free:        2M (3%)           16M (25%)          16M (25%)          18M (28%)          20M (31%)           2M (3%)     
[2026-06-17T10:07:37.777+0800][1.084s][info][gc,heap     ] GC(38) O:      Used:       62M (97%)          48M (75%)          48M (75%)          46M (72%)          62M (97%)          44M (69%)    
[2026-06-17T10:07:37.777+0800][1.085s][info][gc,heap     ] GC(38) O: Old Generation Statistics:
[2026-06-17T10:07:37.778+0800][1.085s][info][gc,heap     ] GC(38) O:                Mark Start          Mark End        Relocate Start      Relocate End    
[2026-06-17T10:07:37.778+0800][1.085s][info][gc,heap     ] GC(38) O:      Used:       24M (38%)          24M (38%)          24M (38%)          22M (34%)    
[2026-06-17T10:07:37.778+0800][1.085s][info][gc,heap     ] GC(38) O:      Live:         -                20M (31%)          20M (31%)          20M (31%)    
[2026-06-17T10:07:37.778+0800][1.085s][info][gc,heap     ] GC(38) O:   Garbage:         -                 3M (6%)            3M (6%)            0M (1%)     
[2026-06-17T10:07:37.778+0800][1.086s][info][gc,heap     ] GC(38) O: Allocated:         -                 0M (0%)            0M (0%)            1M (2%)     
[2026-06-17T10:07:37.778+0800][1.086s][info][gc,heap     ] GC(38) O: Reclaimed:         -                  -                 0M (0%)            3M (5%)     
[2026-06-17T10:07:37.778+0800][1.086s][info][gc,heap     ] GC(38) O: Compacted:         -                  -                  -                 0M (1%)     
[2026-06-17T10:07:37.779+0800][1.086s][info][gc,phases   ] GC(38) O: Old Generation 48M(75%)->46M(72%) 0.005s
[2026-06-17T10:07:37.780+0800][1.088s][info][gc          ] GC(38) Major Collection (Allocation Rate) 50M(78%)->62M(97%) 0.032s
[2026-06-17T10:07:37.790+0800][1.098s][info][gc          ] GC(39) Minor Collection (Allocation Rate)
[2026-06-17T10:07:37.791+0800][1.098s][info][gc,task     ] GC(39) Using 1 Workers for Young Generation
[2026-06-17T10:07:37.791+0800][1.098s][info][gc,phases   ] GC(39) y: Young Generation
[2026-06-17T10:07:37.792+0800][1.099s][info][gc,phases   ] GC(39) y: Pause Mark Start 0.012ms
[2026-06-17T10:07:37.792+0800][1.100s][info][gc,phases   ] GC(39) y: Concurrent Mark 0.413ms
[2026-06-17T10:07:37.793+0800][1.100s][info][gc,phases   ] GC(39) y: Pause Mark End 0.005ms
[2026-06-17T10:07:37.793+0800][1.101s][info][gc,phases   ] GC(39) y: Concurrent Mark Free 0.001ms
[2026-06-17T10:07:37.794+0800][1.101s][info][gc,phases   ] GC(39) y: Concurrent Reset Relocation Set 0.001ms
[2026-06-17T10:07:37.795+0800][1.102s][info][gc,reloc    ] GC(39) y: Using tenuring threshold: 1 (Computed)
[2026-06-17T10:07:37.795+0800][1.102s][info][gc          ] Allocation Stall (main) 3.731ms
[2026-06-17T10:07:37.795+0800][1.103s][info][gc,phases   ] GC(39) y: Concurrent Select Relocation Set 0.815ms
[2026-06-17T10:07:37.796+0800][1.103s][info][gc,phases   ] GC(39) y: Pause Relocate Start 0.006ms
[2026-06-17T10:07:37.797+0800][1.104s][info][gc,phases   ] GC(39) y: Concurrent Relocate 0.235ms
[2026-06-17T10:07:37.797+0800][1.105s][info][gc,alloc    ] GC(39) y:                         Mark Start        Mark End      Relocate Start    Relocate End   
[2026-06-17T10:07:37.798+0800][1.105s][info][gc,alloc    ] GC(39) y: Allocation Stalls:          1                1                0                0         
[2026-06-17T10:07:37.798+0800][1.106s][info][gc,load     ] GC(39) y: Load: 0.45 (2%) / 0.45 (2%) / 0.50 (2%)
[2026-06-17T10:07:37.799+0800][1.106s][info][gc,mmu      ] GC(39) y: MMU: 2ms/98.7%, 5ms/99.2%, 10ms/99.5%, 20ms/99.6%, 50ms/99.7%, 100ms/99.7%
[2026-06-17T10:07:37.799+0800][1.106s][info][gc,marking  ] GC(39) y: Mark: 1 stripe(s), 1 proactive flush(es), 1 terminate flush(es), 0 completion(s), 0 continuation(s) 
[2026-06-17T10:07:37.799+0800][1.107s][info][gc,nmethod  ] GC(39) y: NMethods: 69 registered, 4 unregistered
[2026-06-17T10:07:37.800+0800][1.107s][info][gc,metaspace] GC(39) y: Metaspace: 0M used, 0M committed, 1088M reserved
[2026-06-17T10:07:37.800+0800][1.108s][info][gc,reloc    ] GC(39) y:                        Candidates     Selected     In-Place         Size        Empty    Relocated 
[2026-06-17T10:07:37.801+0800][1.108s][info][gc,reloc    ] GC(39) y: Small Pages:                    8            1            0          16M           8M           1M 
[2026-06-17T10:07:37.801+0800][1.109s][info][gc,reloc    ] GC(39) y: Large Pages:                   13            0            0          26M           0M           0M 
[2026-06-17T10:07:37.802+0800][1.109s][info][gc,reloc    ] GC(39) y: Forwarding Usage: 0M
[2026-06-17T10:07:37.802+0800][1.110s][info][gc,reloc    ] GC(39) y: Age Table:
[2026-06-17T10:07:37.803+0800][1.110s][info][gc,reloc    ] GC(39) y:                    Live             Garbage             Small              Medium             Large        
[2026-06-17T10:07:37.803+0800][1.110s][info][gc,reloc    ] GC(39) y: Eden              11M (18%)          10M (17%)          7 / 1              0 / 0              4 / 0        
[2026-06-17T10:07:37.803+0800][1.111s][info][gc,reloc    ] GC(39) y: Survivor 1        17M (27%)           0M (1%)           1 / 0              0 / 0              8 / 0        
[2026-06-17T10:07:37.804+0800][1.111s][info][gc,reloc    ] GC(39) y: Survivor 2         2M (3%)            0M (0%)           0 / 0              0 / 0              1 / 0        
[2026-06-17T10:07:37.804+0800][1.111s][info][gc,heap     ] GC(39) y: Min Capacity: 64M(100%)
[2026-06-17T10:07:37.804+0800][1.112s][info][gc,heap     ] GC(39) y: Max Capacity: 64M(100%)
[2026-06-17T10:07:37.805+0800][1.112s][info][gc,heap     ] GC(39) y: Soft Max Capacity: 64M(100%)
[2026-06-17T10:07:37.805+0800][1.113s][info][gc,heap     ] GC(39) y: Heap Statistics:
[2026-06-17T10:07:37.806+0800][1.113s][info][gc,heap     ] GC(39) y:                Mark Start          Mark End        Relocate Start      Relocate End           High               Low         
[2026-06-17T10:07:37.806+0800][1.113s][info][gc,heap     ] GC(39) y:  Capacity:       64M (100%)         64M (100%)         64M (100%)         64M (100%)         64M (100%)         64M (100%)   
[2026-06-17T10:07:37.806+0800][1.114s][info][gc,heap     ] GC(39) y:      Free:        0M (0%)            0M (0%)            6M (9%)            8M (12%)           8M (12%)           0M (0%)     
[2026-06-17T10:07:37.806+0800][1.114s][info][gc,heap     ] GC(39) y:      Used:       64M (100%)         64M (100%)         58M (91%)          56M (88%)          64M (100%)         56M (88%)    
[2026-06-17T10:07:37.807+0800][1.114s][info][gc,heap     ] GC(39) y: Young Generation Statistics:
[2026-06-17T10:07:37.807+0800][1.114s][info][gc,heap     ] GC(39) y:                Mark Start          Mark End        Relocate Start      Relocate End    
[2026-06-17T10:07:37.807+0800][1.115s][info][gc,heap     ] GC(39) y:      Used:       42M (66%)          42M (66%)          16M (25%)          14M (22%)    
[2026-06-17T10:07:37.807+0800][1.115s][info][gc,heap     ] GC(39) y:      Live:         -                30M (48%)          11M (18%)          11M (18%)    
[2026-06-17T10:07:37.808+0800][1.115s][info][gc,heap     ] GC(39) y:   Garbage:         -                11M (17%)           2M (4%)            0M (0%)     
[2026-06-17T10:07:37.808+0800][1.116s][info][gc,heap     ] GC(39) y: Allocated:         -                 0M (0%)            2M (3%)            2M (4%)     
[2026-06-17T10:07:37.809+0800][1.116s][info][gc,heap     ] GC(39) y: Reclaimed:         -                  -                 8M (13%)          11M (17%)    
[2026-06-17T10:07:37.809+0800][1.116s][info][gc,heap     ] GC(39) y:  Promoted:         -                  -                19M (30%)          19M (30%)    
[2026-06-17T10:07:37.809+0800][1.117s][info][gc,heap     ] GC(39) y: Compacted:         -                  -                  -                 1M (2%)     
[2026-06-17T10:07:37.810+0800][1.117s][info][gc,phases   ] GC(39) y: Young Generation 64M(100%)->56M(88%) 0.007s
[2026-06-17T10:07:37.810+0800][1.118s][info][gc          ] GC(39) Minor Collection (Allocation Rate) 62M(97%)->60M(94%) 0.020s
[2026-06-17T10:07:37.811+0800][1.118s][info][gc          ] GC(40) Major Collection (Allocation Rate)
[2026-06-17T10:07:37.811+0800][1.119s][info][gc,task     ] GC(40) Using 1 Workers for Young Generation
[2026-06-17T10:07:37.811+0800][1.119s][info][gc,task     ] GC(40) Using 1 Workers for Old Generation
[2026-06-17T10:07:37.812+0800][1.119s][info][gc,phases   ] GC(40) Y: Young Generation
[2026-06-17T10:07:37.812+0800][1.120s][info][gc,phases   ] GC(40) Y: Pause Mark Start (Major) 0.012ms
[2026-06-17T10:07:37.813+0800][1.121s][info][gc,phases   ] GC(40) Y: Concurrent Mark 0.574ms
[2026-06-17T10:07:37.814+0800][1.121s][info][gc,phases   ] GC(40) Y: Pause Mark End 0.007ms
[2026-06-17T10:07:37.814+0800][1.122s][info][gc,phases   ] GC(40) Y: Concurrent Mark Free 0.001ms
[2026-06-17T10:07:37.815+0800][1.122s][info][gc,phases   ] GC(40) Y: Concurrent Reset Relocation Set 0.004ms
[2026-06-17T10:07:37.815+0800][1.123s][info][gc,reloc    ] GC(40) Y: Using tenuring threshold: 2 (Computed)
[2026-06-17T10:07:37.816+0800][1.123s][info][gc,phases   ] GC(40) Y: Concurrent Select Relocation Set 0.445ms
[2026-06-17T10:07:37.816+0800][1.123s][info][gc,phases   ] GC(40) Y: Pause Relocate Start 0.005ms
[2026-06-17T10:07:37.816+0800][1.124s][info][gc,phases   ] GC(40) Y: Concurrent Relocate 0.126ms
[2026-06-17T10:07:37.817+0800][1.124s][info][gc,alloc    ] GC(40) Y:                         Mark Start        Mark End      Relocate Start    Relocate End   
[2026-06-17T10:07:37.817+0800][1.124s][info][gc,alloc    ] GC(40) Y: Allocation Stalls:          0                0                0                0         
[2026-06-17T10:07:37.817+0800][1.125s][info][gc,load     ] GC(40) Y: Load: 0.45 (2%) / 0.45 (2%) / 0.50 (2%)
[2026-06-17T10:07:37.817+0800][1.125s][info][gc,mmu      ] GC(40) Y: MMU: 2ms/98.7%, 5ms/99.2%, 10ms/99.5%, 20ms/99.6%, 50ms/99.7%, 100ms/99.7%
[2026-06-17T10:07:37.818+0800][1.125s][info][gc,marking  ] GC(40) Y: Mark: 1 stripe(s), 1 proactive flush(es), 1 terminate flush(es), 0 completion(s), 0 continuation(s) 
[2026-06-17T10:07:37.818+0800][1.125s][info][gc,nmethod  ] GC(40) Y: NMethods: 69 registered, 4 unregistered
[2026-06-17T10:07:37.818+0800][1.126s][info][gc,metaspace] GC(40) Y: Metaspace: 0M used, 0M committed, 1088M reserved
[2026-06-17T10:07:37.819+0800][1.126s][info][gc,reloc    ] GC(40) Y:                        Candidates     Selected     In-Place         Size        Empty    Relocated 
[2026-06-17T10:07:37.819+0800][1.126s][info][gc,reloc    ] GC(40) Y: Small Pages:                    5            0            0          10M           8M           0M 
[2026-06-17T10:07:37.819+0800][1.126s][info][gc,reloc    ] GC(40) Y: Large Pages:                    4            0            0           8M           0M           0M 
[2026-06-17T10:07:37.819+0800][1.127s][info][gc,reloc    ] GC(40) Y: Forwarding Usage: 0M
[2026-06-17T10:07:37.820+0800][1.127s][info][gc,reloc    ] GC(40) Y: Age Table:
[2026-06-17T10:07:37.820+0800][1.128s][info][gc,reloc    ] GC(40) Y:                    Live             Garbage             Small              Medium             Large        
[2026-06-17T10:07:37.820+0800][1.128s][info][gc,reloc    ] GC(40) Y: Eden                -                 6M (9%)           3 / 0              0 / 0              0 / 0        
[2026-06-17T10:07:37.821+0800][1.128s][info][gc,reloc    ] GC(40) Y: Survivor 1         8M (14%)           3M (5%)           2 / 0              0 / 0              4 / 0        
[2026-06-17T10:07:37.821+0800][1.128s][info][gc,heap     ] GC(40) Y: Min Capacity: 64M(100%)
[2026-06-17T10:07:37.821+0800][1.129s][info][gc,heap     ] GC(40) Y: Max Capacity: 64M(100%)
[2026-06-17T10:07:37.821+0800][1.129s][info][gc,heap     ] GC(40) Y: Soft Max Capacity: 64M(100%)
[2026-06-17T10:07:37.822+0800][1.129s][info][gc,heap     ] GC(40) Y: Heap Statistics:
[2026-06-17T10:07:37.822+0800][1.129s][info][gc,heap     ] GC(40) Y:                Mark Start          Mark End        Relocate Start      Relocate End           High               Low         
[2026-06-17T10:07:37.822+0800][1.129s][info][gc,heap     ] GC(40) Y:  Capacity:       64M (100%)         64M (100%)         64M (100%)         64M (100%)         64M (100%)         64M (100%)   
[2026-06-17T10:07:37.822+0800][1.130s][info][gc,heap     ] GC(40) Y:      Free:        4M (6%)            4M (6%)           12M (19%)          10M (16%)          12M (19%)           4M (6%)     
[2026-06-17T10:07:37.822+0800][1.130s][info][gc,heap     ] GC(40) Y:      Used:       60M (94%)          60M (94%)          52M (81%)          54M (84%)          60M (94%)          52M (81%)    
[2026-06-17T10:07:37.823+0800][1.130s][info][gc,heap     ] GC(40) Y: Young Generation Statistics:
[2026-06-17T10:07:37.823+0800][1.131s][info][gc,heap     ] GC(40) Y:                Mark Start          Mark End        Relocate Start      Relocate End    
[2026-06-17T10:07:37.824+0800][1.131s][info][gc,heap     ] GC(40) Y:      Used:       18M (28%)          18M (28%)          10M (16%)          12M (19%)    
[2026-06-17T10:07:37.824+0800][1.131s][info][gc,heap     ] GC(40) Y:      Live:         -                 8M (14%)           8M (14%)           8M (14%)    
[2026-06-17T10:07:37.824+0800][1.131s][info][gc,heap     ] GC(40) Y:   Garbage:         -                 9M (15%)           1M (2%)            1M (2%)     
[2026-06-17T10:07:37.824+0800][1.132s][info][gc,heap     ] GC(40) Y: Allocated:         -                 0M (0%)            0M (0%)            2M (3%)     
[2026-06-17T10:07:37.825+0800][1.132s][info][gc,heap     ] GC(40) Y: Reclaimed:         -                  -                 8M (12%)           8M (12%)    
[2026-06-17T10:07:37.825+0800][1.132s][info][gc,heap     ] GC(40) Y:  Promoted:         -                  -                 0M (0%)            0M (0%)     
[2026-06-17T10:07:37.825+0800][1.133s][info][gc,heap     ] GC(40) Y: Compacted:         -                  -                  -                 0M (0%)     
[2026-06-17T10:07:37.825+0800][1.133s][info][gc,phases   ] GC(40) Y: Young Generation 60M(94%)->54M(84%) 0.005s
[2026-06-17T10:07:37.826+0800][1.133s][info][gc,phases   ] GC(40) O: Old Generation
[2026-06-17T10:07:37.826+0800][1.133s][info][gc          ] GC(41) Minor Collection (Allocation Stall)
[2026-06-17T10:07:37.826+0800][1.133s][info][gc,task     ] GC(41) Using 1 Workers for Young Generation
[2026-06-17T10:07:37.826+0800][1.134s][info][gc,phases   ] GC(41) y: Young Generation
[2026-06-17T10:07:37.827+0800][1.134s][info][gc,phases   ] GC(41) y: Pause Mark Start 0.010ms
[2026-06-17T10:07:37.827+0800][1.135s][info][gc,phases   ] GC(40) O: Concurrent Mark 1.566ms
[2026-06-17T10:07:37.828+0800][1.135s][info][gc,phases   ] GC(41) y: Concurrent Mark 0.430ms
[2026-06-17T10:07:37.828+0800][1.135s][info][gc,phases   ] GC(40) O: Pause Mark End 0.007ms
[2026-06-17T10:07:37.828+0800][1.136s][info][gc,phases   ] GC(40) O: Concurrent Mark Free 0.001ms
[2026-06-17T10:07:37.829+0800][1.136s][info][gc,phases   ] GC(41) y: Pause Mark End 0.003ms
[2026-06-17T10:07:37.829+0800][1.136s][info][gc,phases   ] GC(41) y: Concurrent Mark Free 0.001ms
[2026-06-17T10:07:37.829+0800][1.137s][info][gc,phases   ] GC(41) y: Concurrent Reset Relocation Set 0.000ms
[2026-06-17T10:07:37.829+0800][1.137s][info][gc,phases   ] GC(40) O: Concurrent Process Non-Strong 0.577ms
[2026-06-17T10:07:37.830+0800][1.137s][info][gc,phases   ] GC(40) O: Concurrent Reset Relocation Set 0.001ms
[2026-06-17T10:07:37.830+0800][1.137s][info][gc          ] Allocation Stall (main) 12.945ms
[2026-06-17T10:07:37.830+0800][1.137s][info][gc,reloc    ] GC(41) y: Using tenuring threshold: 2 (Computed)
[2026-06-17T10:07:37.830+0800][1.138s][info][gc,phases   ] GC(40) O: Concurrent Select Relocation Set 0.056ms
[2026-06-17T10:07:37.831+0800][1.138s][info][gc,phases   ] GC(41) y: Concurrent Select Relocation Set 1.318ms
[2026-06-17T10:07:37.831+0800][1.139s][info][gc,phases   ] GC(41) y: Pause Relocate Start 0.007ms
[2026-06-17T10:07:37.832+0800][1.139s][info][gc,phases   ] GC(41) y: Concurrent Relocate 0.204ms
[2026-06-17T10:07:37.832+0800][1.139s][info][gc,alloc    ] GC(41) y:                         Mark Start        Mark End      Relocate Start    Relocate End   
[2026-06-17T10:07:37.832+0800][1.140s][info][gc,alloc    ] GC(41) y: Allocation Stalls:          1                1                1                1         
[2026-06-17T10:07:37.832+0800][1.140s][info][gc,load     ] GC(41) y: Load: 0.45 (2%) / 0.45 (2%) / 0.50 (2%)
[2026-06-17T10:07:37.832+0800][1.140s][info][gc,mmu      ] GC(41) y: MMU: 2ms/98.7%, 5ms/99.2%, 10ms/99.5%, 20ms/99.6%, 50ms/99.7%, 100ms/99.7%
[2026-06-17T10:07:37.833+0800][1.140s][info][gc,marking  ] GC(41) y: Mark: 1 stripe(s), 1 proactive flush(es), 1 terminate flush(es), 0 completion(s), 0 continuation(s) 
[2026-06-17T10:07:37.833+0800][1.140s][info][gc,nmethod  ] GC(41) y: NMethods: 69 registered, 4 unregistered
[2026-06-17T10:07:37.833+0800][1.140s][info][gc,metaspace] GC(41) y: Metaspace: 0M used, 0M committed, 1088M reserved
[2026-06-17T10:07:37.833+0800][1.140s][info][gc,reloc    ] GC(41) y:                        Candidates     Selected     In-Place         Size        Empty    Relocated 
[2026-06-17T10:07:37.833+0800][1.141s][info][gc,reloc    ] GC(41) y: Small Pages:                    3            1            2           6M           2M           0M 
[2026-06-17T10:07:37.833+0800][1.141s][info][gc,reloc    ] GC(41) y: Large Pages:                    8            0            0          16M           0M           0M 
[2026-06-17T10:07:37.833+0800][1.141s][info][gc,reloc    ] GC(41) y: Forwarding Usage: 0M
[2026-06-17T10:07:37.834+0800][1.141s][info][gc,reloc    ] GC(41) y: Age Table:
[2026-06-17T10:07:37.834+0800][1.141s][info][gc,reloc    ] GC(41) y:                    Live             Garbage             Small              Medium             Large        
[2026-06-17T10:07:37.834+0800][1.141s][info][gc,reloc    ] GC(41) y: Eden               8M (13%)           3M (6%)           2 / 0              0 / 0              4 / 0        
[2026-06-17T10:07:37.834+0800][1.141s][info][gc,reloc    ] GC(41) y: Survivor 1          -                 0M (0%)           0 / 0              0 / 0              0 / 0        
[2026-06-17T10:07:37.834+0800][1.142s][info][gc,reloc    ] GC(41) y: Survivor 2         8M (14%)           1M (2%)           1 / 1              0 / 0              4 / 0        
[2026-06-17T10:07:37.834+0800][1.142s][info][gc,heap     ] GC(41) y: Min Capacity: 64M(100%)
[2026-06-17T10:07:37.834+0800][1.142s][info][gc,heap     ] GC(41) y: Max Capacity: 64M(100%)
[2026-06-17T10:07:37.835+0800][1.142s][info][gc,heap     ] GC(41) y: Soft Max Capacity: 64M(100%)
[2026-06-17T10:07:37.835+0800][1.142s][info][gc,heap     ] GC(41) y: Heap Statistics:
[2026-06-17T10:07:37.835+0800][1.142s][info][gc,heap     ] GC(41) y:                Mark Start          Mark End        Relocate Start      Relocate End           High               Low         
[2026-06-17T10:07:37.835+0800][1.142s][info][gc,heap     ] GC(41) y:  Capacity:       64M (100%)         64M (100%)         64M (100%)         64M (100%)         64M (100%)         64M (100%)   
[2026-06-17T10:07:37.835+0800][1.143s][info][gc,heap     ] GC(41) y:      Free:        0M (0%)            0M (0%)            0M (0%)            0M (0%)            2M (3%)            0M (0%)     
[2026-06-17T10:07:37.835+0800][1.143s][info][gc,heap     ] GC(41) y:      Used:       64M (100%)         64M (100%)         64M (100%)         64M (100%)         64M (100%)         62M (97%)    
[2026-06-17T10:07:37.835+0800][1.143s][info][gc,heap     ] GC(41) y: Young Generation Statistics:
[2026-06-17T10:07:37.836+0800][1.143s][info][gc,heap     ] GC(41) y:                Mark Start          Mark End        Relocate Start      Relocate End    
[2026-06-17T10:07:37.836+0800][1.143s][info][gc,heap     ] GC(41) y:      Used:       22M (34%)          22M (34%)          14M (22%)          12M (19%)    
[2026-06-17T10:07:37.836+0800][1.144s][info][gc,heap     ] GC(41) y:      Live:         -                17M (27%)           9M (14%)           8M (13%)    
[2026-06-17T10:07:37.837+0800][1.144s][info][gc,heap     ] GC(41) y:   Garbage:         -                 4M (8%)            2M (5%)            0M (0%)     
[2026-06-17T10:07:37.837+0800][1.144s][info][gc,heap     ] GC(41) y: Allocated:         -                 0M (0%)            2M (3%)            3M (6%)     
[2026-06-17T10:07:37.837+0800][1.145s][info][gc,heap     ] GC(41) y: Reclaimed:         -                  -                 2M (3%)            4M (8%)     
[2026-06-17T10:07:37.837+0800][1.145s][info][gc,heap     ] GC(41) y:  Promoted:         -                  -                 8M (12%)           8M (14%)    
[2026-06-17T10:07:37.838+0800][1.145s][info][gc,heap     ] GC(41) y: Compacted:         -                  -                  -                 0M (1%)     
[2026-06-17T10:07:37.838+0800][1.145s][info][gc,phases   ] GC(41) y: Young Generation 64M(100%)->64M(100%) 0.006s
[2026-06-17T10:07:37.838+0800][1.146s][info][gc          ] GC(41) Minor Collection (Allocation Stall) 64M(100%)->64M(100%) 0.013s
[2026-06-17T10:07:37.839+0800][1.146s][info][gc          ] GC(42) Minor Collection (Allocation Stall)
[2026-06-17T10:07:37.839+0800][1.146s][info][gc,task     ] GC(42) Using 1 Workers for Young Generation
[2026-06-17T10:07:37.839+0800][1.147s][info][gc,phases   ] GC(42) y: Young Generation
[2026-06-17T10:07:37.840+0800][1.147s][info][gc,phases   ] GC(42) y: Pause Mark Start 0.008ms
[2026-06-17T10:07:37.840+0800][1.148s][info][gc,phases   ] GC(42) y: Concurrent Mark 0.463ms
[2026-06-17T10:07:37.841+0800][1.148s][info][gc,phases   ] GC(42) y: Pause Mark End 0.005ms
[2026-06-17T10:07:37.841+0800][1.149s][info][gc,phases   ] GC(42) y: Concurrent Mark Free 0.001ms
[2026-06-17T10:07:37.842+0800][1.149s][info][gc,phases   ] GC(42) y: Concurrent Reset Relocation Set 0.002ms
[2026-06-17T10:07:37.842+0800][1.149s][info][gc,reloc    ] GC(42) y: Using tenuring threshold: 1 (Computed)
[2026-06-17T10:07:37.842+0800][1.150s][info][gc,phases   ] GC(42) y: Concurrent Select Relocation Set 0.511ms
[2026-06-17T10:07:37.843+0800][1.150s][info][gc,phases   ] GC(42) y: Pause Relocate Start 0.004ms
[2026-06-17T10:07:37.843+0800][1.150s][info][gc,phases   ] GC(42) y: Concurrent Relocate 0.130ms
[2026-06-17T10:07:37.843+0800][1.151s][info][gc,alloc    ] GC(42) y:                         Mark Start        Mark End      Relocate Start    Relocate End   
[2026-06-17T10:07:37.843+0800][1.151s][info][gc,alloc    ] GC(42) y: Allocation Stalls:          1                1                1                1         
[2026-06-17T10:07:37.844+0800][1.151s][info][gc,load     ] GC(42) y: Load: 0.45 (2%) / 0.45 (2%) / 0.50 (2%)
[2026-06-17T10:07:37.844+0800][1.151s][info][gc,mmu      ] GC(42) y: MMU: 2ms/98.7%, 5ms/99.2%, 10ms/99.5%, 20ms/99.6%, 50ms/99.7%, 100ms/99.7%
[2026-06-17T10:07:37.844+0800][1.151s][info][gc,marking  ] GC(42) y: Mark: 1 stripe(s), 1 proactive flush(es), 1 terminate flush(es), 0 completion(s), 0 continuation(s) 
[2026-06-17T10:07:37.844+0800][1.152s][info][gc,nmethod  ] GC(42) y: NMethods: 69 registered, 4 unregistered
[2026-06-17T10:07:37.844+0800][1.152s][info][gc,metaspace] GC(42) y: Metaspace: 0M used, 0M committed, 1088M reserved
[2026-06-17T10:07:37.845+0800][1.152s][info][gc,reloc    ] GC(42) y:                        Candidates     Selected     In-Place         Size        Empty    Relocated 
[2026-06-17T10:07:37.845+0800][1.152s][info][gc,reloc    ] GC(42) y: Small Pages:                    1            0            0           2M           0M           0M 
[2026-06-17T10:07:37.845+0800][1.152s][info][gc,reloc    ] GC(42) y: Large Pages:                    5            0            0          10M           0M           0M 
[2026-06-17T10:07:37.845+0800][1.153s][info][gc,reloc    ] GC(42) y: Forwarding Usage: 0M
[2026-06-17T10:07:37.846+0800][1.153s][info][gc,reloc    ] GC(42) y: Age Table:
[2026-06-17T10:07:37.846+0800][1.153s][info][gc,reloc    ] GC(42) y:                    Live             Garbage             Small              Medium             Large        
[2026-06-17T10:07:37.846+0800][1.153s][info][gc,reloc    ] GC(42) y: Eden               2M (3%)            0M (0%)           0 / 0              0 / 0              1 / 0        
[2026-06-17T10:07:37.846+0800][1.154s][info][gc,reloc    ] GC(42) y: Survivor 1         8M (13%)           1M (2%)           1 / 0              0 / 0              4 / 0        
[2026-06-17T10:07:37.846+0800][1.154s][info][gc,heap     ] GC(42) y: Min Capacity: 64M(100%)
[2026-06-17T10:07:37.847+0800][1.154s][info][gc,heap     ] GC(42) y: Max Capacity: 64M(100%)
[2026-06-17T10:07:37.847+0800][1.154s][info][gc,heap     ] GC(42) y: Soft Max Capacity: 64M(100%)
[2026-06-17T10:07:37.847+0800][1.154s][info][gc,heap     ] GC(42) y: Heap Statistics:
[2026-06-17T10:07:37.847+0800][1.155s][info][gc,heap     ] GC(42) y:                Mark Start          Mark End        Relocate Start      Relocate End           High               Low         
[2026-06-17T10:07:37.847+0800][1.155s][info][gc,heap     ] GC(42) y:  Capacity:       64M (100%)         64M (100%)         64M (100%)         64M (100%)         64M (100%)         64M (100%)   
[2026-06-17T10:07:37.848+0800][1.155s][info][gc,heap     ] GC(42) y:      Free:        0M (0%)            0M (0%)            0M (0%)            0M (0%)            0M (0%)            0M (0%)     
[2026-06-17T10:07:37.848+0800][1.155s][info][gc,heap     ] GC(42) y:      Used:       64M (100%)         64M (100%)         64M (100%)         64M (100%)         64M (100%)         64M (100%)   
[2026-06-17T10:07:37.848+0800][1.155s][info][gc,heap     ] GC(42) y: Young Generation Statistics:
[2026-06-17T10:07:37.848+0800][1.156s][info][gc,heap     ] GC(42) y:                Mark Start          Mark End        Relocate Start      Relocate End    
[2026-06-17T10:07:37.848+0800][1.156s][info][gc,heap     ] GC(42) y:      Used:       12M (19%)          12M (19%)           2M (3%)            2M (3%)     
[2026-06-17T10:07:37.849+0800][1.156s][info][gc,heap     ] GC(42) y:      Live:         -                10M (16%)           2M (3%)            2M (3%)     
[2026-06-17T10:07:37.849+0800][1.156s][info][gc,heap     ] GC(42) y:   Garbage:         -                 1M (2%)            0M (0%)            0M (0%)     
[2026-06-17T10:07:37.849+0800][1.157s][info][gc,heap     ] GC(42) y: Allocated:         -                 0M (0%)            0M (0%)            0M (0%)     
[2026-06-17T10:07:37.849+0800][1.157s][info][gc,heap     ] GC(42) y: Reclaimed:         -                  -                 1M (2%)            1M (2%)     
[2026-06-17T10:07:37.849+0800][1.157s][info][gc,heap     ] GC(42) y:  Promoted:         -                  -                 8M (13%)           8M (13%)    
[2026-06-17T10:07:37.850+0800][1.157s][info][gc,heap     ] GC(42) y: Compacted:         -                  -                  -                 0M (0%)     
[2026-06-17T10:07:37.850+0800][1.157s][info][gc,phases   ] GC(42) y: Young Generation 64M(100%)->64M(100%) 0.004s
[2026-06-17T10:07:37.850+0800][1.158s][info][gc          ] GC(42) Minor Collection (Allocation Stall) 64M(100%)->64M(100%) 0.012s
[2026-06-17T10:07:37.851+0800][1.158s][info][gc,task     ] GC(40) O: Using 1 Workers for Old Generation
[2026-06-17T10:07:37.851+0800][1.158s][info][gc,task     ] GC(40) O: Using 1 Workers for Old Generation
[2026-06-17T10:07:37.851+0800][1.159s][info][gc,phases   ] GC(40) O: Concurrent Remap Roots 0.727ms
[2026-06-17T10:07:37.851+0800][1.159s][info][gc,phases   ] GC(40) O: Pause Relocate Start 0.007ms
[2026-06-17T10:07:37.852+0800][1.159s][info][gc,phases   ] GC(40) O: Concurrent Relocate 0.062ms
[2026-06-17T10:07:37.852+0800][1.159s][info][gc,alloc    ] GC(40) O:                         Mark Start        Mark End      Relocate Start    Relocate End   
[2026-06-17T10:07:37.852+0800][1.160s][info][gc,alloc    ] GC(40) O: Allocation Stalls:          0                1                1                1         
[2026-06-17T10:07:37.852+0800][1.160s][info][gc,load     ] GC(40) O: Load: 0.45 (2%) / 0.45 (2%) / 0.50 (2%)
[2026-06-17T10:07:37.853+0800][1.160s][info][gc,mmu      ] GC(40) O: MMU: 2ms/98.7%, 5ms/99.2%, 10ms/99.5%, 20ms/99.6%, 50ms/99.7%, 100ms/99.7%
[2026-06-17T10:07:37.853+0800][1.160s][info][gc,marking  ] GC(40) O: Mark: 1 stripe(s), 2 proactive flush(es), 1 terminate flush(es), 0 completion(s), 0 continuation(s) 
[2026-06-17T10:07:37.853+0800][1.160s][info][gc,nmethod  ] GC(40) O: NMethods: 69 registered, 4 unregistered
[2026-06-17T10:07:37.853+0800][1.161s][info][gc,metaspace] GC(40) O: Metaspace: 0M used, 0M committed, 1088M reserved
[2026-06-17T10:07:37.853+0800][1.161s][info][gc,ref      ] GC(40) O:                       Encountered   Discovered     Enqueued 
[2026-06-17T10:07:37.853+0800][1.161s][info][gc,ref      ] GC(40) O: Soft References:                0            0            0 
[2026-06-17T10:07:37.854+0800][1.161s][info][gc,ref      ] GC(40) O: Weak References:                6            0            0 
[2026-06-17T10:07:37.854+0800][1.162s][info][gc,ref      ] GC(40) O: Final References:               0            0            0 
[2026-06-17T10:07:37.855+0800][1.162s][info][gc,ref      ] GC(40) O: Phantom References:             1            1            0 
[2026-06-17T10:07:37.855+0800][1.162s][info][gc,reloc    ] GC(40) O:                        Candidates     Selected     In-Place         Size        Empty    Relocated 
[2026-06-17T10:07:37.855+0800][1.162s][info][gc,reloc    ] GC(40) O: Small Pages:                    3            0            0           6M           0M           0M 
[2026-06-17T10:07:37.855+0800][1.163s][info][gc,reloc    ] GC(40) O: Large Pages:                   18            0            0          36M           0M           0M 
[2026-06-17T10:07:37.856+0800][1.163s][info][gc,reloc    ] GC(40) O: Forwarding Usage: 0M
[2026-06-17T10:07:37.856+0800][1.163s][info][gc,heap     ] GC(40) O: Min Capacity: 64M(100%)
[2026-06-17T10:07:37.856+0800][1.163s][info][gc,heap     ] GC(40) O: Max Capacity: 64M(100%)
[2026-06-17T10:07:37.856+0800][1.164s][info][gc,heap     ] GC(40) O: Soft Max Capacity: 64M(100%)
[2026-06-17T10:07:37.856+0800][1.164s][info][gc,heap     ] GC(40) O: Heap Statistics:
[2026-06-17T10:07:37.857+0800][1.164s][info][gc,heap     ] GC(40) O:                Mark Start          Mark End        Relocate Start      Relocate End           High               Low         
[2026-06-17T10:07:37.857+0800][1.164s][info][gc,heap     ] GC(40) O:  Capacity:       64M (100%)         64M (100%)         64M (100%)         64M (100%)         64M (100%)         64M (100%)   
[2026-06-17T10:07:37.857+0800][1.164s][info][gc,heap     ] GC(40) O:      Free:        4M (6%)            0M (0%)            0M (0%)            0M (0%)           12M (19%)           0M (0%)     
[2026-06-17T10:07:37.857+0800][1.165s][info][gc,heap     ] GC(40) O:      Used:       60M (94%)          64M (100%)         64M (100%)         64M (100%)         64M (100%)         52M (81%)    
[2026-06-17T10:07:37.857+0800][1.165s][info][gc,heap     ] GC(40) O: Old Generation Statistics:
[2026-06-17T10:07:37.858+0800][1.165s][info][gc,heap     ] GC(40) O:                Mark Start          Mark End        Relocate Start      Relocate End    
[2026-06-17T10:07:37.858+0800][1.165s][info][gc,heap     ] GC(40) O:      Used:       42M (66%)          42M (66%)          62M (97%)          62M (97%)    
[2026-06-17T10:07:37.858+0800][1.165s][info][gc,heap     ] GC(40) O:      Live:         -                39M (62%)          39M (62%)          39M (62%)    
[2026-06-17T10:07:37.858+0800][1.166s][info][gc,heap     ] GC(40) O:   Garbage:         -                 2M (4%)            2M (4%)            2M (4%)     
[2026-06-17T10:07:37.858+0800][1.166s][info][gc,heap     ] GC(40) O: Allocated:         -                 0M (0%)           20M (31%)          20M (31%)    
[2026-06-17T10:07:37.859+0800][1.166s][info][gc,heap     ] GC(40) O: Reclaimed:         -                  -                 0M (0%)            0M (0%)     
[2026-06-17T10:07:37.859+0800][1.166s][info][gc,heap     ] GC(40) O: Compacted:         -                  -                  -                 0M (0%)     
[2026-06-17T10:07:37.859+0800][1.166s][info][gc,phases   ] GC(40) O: Old Generation 64M(100%)->64M(100%) 0.026s
[2026-06-17T10:07:37.859+0800][1.167s][info][gc          ] GC(40) Major Collection (Allocation Rate) 60M(94%)->64M(100%) 0.048s
[2026-06-17T10:07:37.859+0800][1.167s][info][gc          ] GC(43) Major Collection (Allocation Stall)
[2026-06-17T10:07:37.860+0800][1.167s][info][gc,task     ] GC(43) Using 1 Workers for Young Generation
[2026-06-17T10:07:37.860+0800][1.167s][info][gc,task     ] GC(43) Using 1 Workers for Old Generation
[2026-06-17T10:07:37.860+0800][1.167s][info][gc,phases   ] GC(43) Y: Young Generation (Promote All)
[2026-06-17T10:07:37.860+0800][1.168s][info][gc,phases   ] GC(43) Y: Pause Mark Start 0.007ms
[2026-06-17T10:07:37.861+0800][1.168s][info][gc,phases   ] GC(43) Y: Concurrent Mark 0.410ms
[2026-06-17T10:07:37.861+0800][1.169s][info][gc,phases   ] GC(43) Y: Pause Mark End 0.004ms
[2026-06-17T10:07:37.861+0800][1.169s][info][gc,phases   ] GC(43) Y: Concurrent Mark Free 0.000ms
[2026-06-17T10:07:37.862+0800][1.169s][info][gc,phases   ] GC(43) Y: Concurrent Reset Relocation Set 0.002ms
[2026-06-17T10:07:37.862+0800][1.169s][info][gc,reloc    ] GC(43) Y: Using tenuring threshold: 0 (Promote All)
[2026-06-17T10:07:37.862+0800][1.170s][info][gc,phases   ] GC(43) Y: Concurrent Select Relocation Set 0.399ms
[2026-06-17T10:07:37.862+0800][1.170s][info][gc,phases   ] GC(43) Y: Pause Relocate Start 0.004ms
[2026-06-17T10:07:37.863+0800][1.170s][info][gc,phases   ] GC(43) Y: Concurrent Relocate 0.090ms
[2026-06-17T10:07:37.863+0800][1.170s][info][gc,alloc    ] GC(43) Y:                         Mark Start        Mark End      Relocate Start    Relocate End   
[2026-06-17T10:07:37.863+0800][1.171s][info][gc,alloc    ] GC(43) Y: Allocation Stalls:          1                1                1                1         
[2026-06-17T10:07:37.863+0800][1.171s][info][gc,load     ] GC(43) Y: Load: 0.45 (2%) / 0.45 (2%) / 0.50 (2%)
[2026-06-17T10:07:37.864+0800][1.171s][info][gc,mmu      ] GC(43) Y: MMU: 2ms/98.7%, 5ms/99.2%, 10ms/99.5%, 20ms/99.6%, 50ms/99.7%, 100ms/99.7%
[2026-06-17T10:07:37.864+0800][1.171s][info][gc,marking  ] GC(43) Y: Mark: 1 stripe(s), 1 proactive flush(es), 1 terminate flush(es), 0 completion(s), 0 continuation(s) 
[2026-06-17T10:07:37.864+0800][1.171s][info][gc,nmethod  ] GC(43) Y: NMethods: 69 registered, 4 unregistered
[2026-06-17T10:07:37.864+0800][1.172s][info][gc,metaspace] GC(43) Y: Metaspace: 0M used, 0M committed, 1088M reserved
[2026-06-17T10:07:37.864+0800][1.172s][info][gc,reloc    ] GC(43) Y:                        Candidates     Selected     In-Place         Size        Empty    Relocated 
[2026-06-17T10:07:37.865+0800][1.172s][info][gc,reloc    ] GC(43) Y: Small Pages:                    0            0            0           0M           0M           0M 
[2026-06-17T10:07:37.865+0800][1.172s][info][gc,reloc    ] GC(43) Y: Large Pages:                    1            0            0           2M           0M           0M 
[2026-06-17T10:07:37.865+0800][1.172s][info][gc,reloc    ] GC(43) Y: Forwarding Usage: 0M
[2026-06-17T10:07:37.865+0800][1.173s][info][gc,reloc    ] GC(43) Y: Age Table:
[2026-06-17T10:07:37.865+0800][1.173s][info][gc,reloc    ] GC(43) Y:                    Live             Garbage             Small              Medium             Large        
[2026-06-17T10:07:37.866+0800][1.173s][info][gc,reloc    ] GC(43) Y: Eden                -                 0M (0%)           0 / 0              0 / 0              0 / 0        
[2026-06-17T10:07:37.866+0800][1.173s][info][gc,reloc    ] GC(43) Y: Survivor 1         2M (3%)            0M (0%)           0 / 0              0 / 0              1 / 0        
[2026-06-17T10:07:37.866+0800][1.173s][info][gc,heap     ] GC(43) Y: Min Capacity: 64M(100%)
[2026-06-17T10:07:37.866+0800][1.173s][info][gc,heap     ] GC(43) Y: Max Capacity: 64M(100%)
[2026-06-17T10:07:37.866+0800][1.174s][info][gc,heap     ] GC(43) Y: Soft Max Capacity: 64M(100%)
[2026-06-17T10:07:37.866+0800][1.174s][info][gc,heap     ] GC(43) Y: Heap Statistics:
[2026-06-17T10:07:37.867+0800][1.174s][info][gc,heap     ] GC(43) Y:                Mark Start          Mark End        Relocate Start      Relocate End           High               Low         
[2026-06-17T10:07:37.867+0800][1.174s][info][gc,heap     ] GC(43) Y:  Capacity:       64M (100%)         64M (100%)         64M (100%)         64M (100%)         64M (100%)         64M (100%)   
[2026-06-17T10:07:37.867+0800][1.174s][info][gc,heap     ] GC(43) Y:      Free:        0M (0%)            0M (0%)            0M (0%)            0M (0%)            0M (0%)            0M (0%)     
[2026-06-17T10:07:37.867+0800][1.175s][info][gc,heap     ] GC(43) Y:      Used:       64M (100%)         64M (100%)         64M (100%)         64M (100%)         64M (100%)         64M (100%)   
[2026-06-17T10:07:37.867+0800][1.175s][info][gc,heap     ] GC(43) Y: Young Generation Statistics:
[2026-06-17T10:07:37.868+0800][1.175s][info][gc,heap     ] GC(43) Y:                Mark Start          Mark End        Relocate Start      Relocate End    
[2026-06-17T10:07:37.868+0800][1.175s][info][gc,heap     ] GC(43) Y:      Used:        2M (3%)            2M (3%)            0M (0%)            0M (0%)     
[2026-06-17T10:07:37.868+0800][1.175s][info][gc,heap     ] GC(43) Y:      Live:         -                 2M (3%)            0M (0%)            0M (0%)     
[2026-06-17T10:07:37.868+0800][1.176s][info][gc,heap     ] GC(43) Y:   Garbage:         -                 0M (0%)            0M (0%)            0M (0%)     
[2026-06-17T10:07:37.868+0800][1.176s][info][gc,heap     ] GC(43) Y: Allocated:         -                 0M (0%)            0M (0%)            0M (0%)     
[2026-06-17T10:07:37.869+0800][1.176s][info][gc,heap     ] GC(43) Y: Reclaimed:         -                  -                 0M (0%)            0M (0%)     
[2026-06-17T10:07:37.869+0800][1.176s][info][gc,heap     ] GC(43) Y:  Promoted:         -                  -                 2M (3%)            2M (3%)     
[2026-06-17T10:07:37.869+0800][1.176s][info][gc,heap     ] GC(43) Y: Compacted:         -                  -                  -                 0M (0%)     
[2026-06-17T10:07:37.869+0800][1.177s][info][gc,phases   ] GC(43) Y: Young Generation (Promote All) 64M(100%)->64M(100%) 0.003s
[2026-06-17T10:07:37.870+0800][1.177s][info][gc,phases   ] GC(43) Y: Young Generation (Collect Roots)
[2026-06-17T10:07:37.870+0800][1.177s][info][gc,phases   ] GC(43) Y: Pause Mark Start (Major) 0.010ms
[2026-06-17T10:07:37.870+0800][1.178s][info][gc,phases   ] GC(43) Y: Concurrent Mark 0.381ms
[2026-06-17T10:07:37.871+0800][1.178s][info][gc,phases   ] GC(43) Y: Pause Mark End 0.005ms
[2026-06-17T10:07:37.871+0800][1.178s][info][gc,phases   ] GC(43) Y: Concurrent Mark Free 0.000ms
[2026-06-17T10:07:37.871+0800][1.178s][info][gc,phases   ] GC(43) Y: Concurrent Reset Relocation Set 0.001ms
[2026-06-17T10:07:37.871+0800][1.179s][info][gc,reloc    ] GC(43) Y: Using tenuring threshold: 0 (Computed)
[2026-06-17T10:07:37.872+0800][1.179s][info][gc,phases   ] GC(43) Y: Concurrent Select Relocation Set 0.319ms
[2026-06-17T10:07:37.872+0800][1.179s][info][gc,phases   ] GC(43) Y: Pause Relocate Start 0.003ms
[2026-06-17T10:07:37.872+0800][1.179s][info][gc,phases   ] GC(43) Y: Concurrent Relocate 0.089ms
[2026-06-17T10:07:37.872+0800][1.180s][info][gc,alloc    ] GC(43) Y:                         Mark Start        Mark End      Relocate Start    Relocate End   
[2026-06-17T10:07:37.872+0800][1.180s][info][gc,alloc    ] GC(43) Y: Allocation Stalls:          1                1                1                1         
[2026-06-17T10:07:37.873+0800][1.180s][info][gc,load     ] GC(43) Y: Load: 0.45 (2%) / 0.45 (2%) / 0.50 (2%)
[2026-06-17T10:07:37.873+0800][1.180s][info][gc,mmu      ] GC(43) Y: MMU: 2ms/98.7%, 5ms/99.2%, 10ms/99.5%, 20ms/99.6%, 50ms/99.7%, 100ms/99.7%
[2026-06-17T10:07:37.873+0800][1.180s][info][gc,marking  ] GC(43) Y: Mark: 1 stripe(s), 1 proactive flush(es), 1 terminate flush(es), 0 completion(s), 0 continuation(s) 
[2026-06-17T10:07:37.873+0800][1.181s][info][gc,nmethod  ] GC(43) Y: NMethods: 69 registered, 4 unregistered
[2026-06-17T10:07:37.873+0800][1.181s][info][gc,metaspace] GC(43) Y: Metaspace: 0M used, 0M committed, 1088M reserved
[2026-06-17T10:07:37.874+0800][1.181s][info][gc,heap     ] GC(43) Y: Min Capacity: 64M(100%)
[2026-06-17T10:07:37.874+0800][1.181s][info][gc,heap     ] GC(43) Y: Max Capacity: 64M(100%)
[2026-06-17T10:07:37.874+0800][1.181s][info][gc,heap     ] GC(43) Y: Soft Max Capacity: 64M(100%)
[2026-06-17T10:07:37.874+0800][1.182s][info][gc,heap     ] GC(43) Y: Heap Statistics:
[2026-06-17T10:07:37.875+0800][1.182s][info][gc,heap     ] GC(43) Y:                Mark Start          Mark End        Relocate Start      Relocate End           High               Low         
[2026-06-17T10:07:37.875+0800][1.182s][info][gc,heap     ] GC(43) Y:  Capacity:       64M (100%)         64M (100%)         64M (100%)         64M (100%)         64M (100%)         64M (100%)   
[2026-06-17T10:07:37.875+0800][1.182s][info][gc,heap     ] GC(43) Y:      Free:        0M (0%)            0M (0%)            0M (0%)            0M (0%)            0M (0%)            0M (0%)     
[2026-06-17T10:07:37.875+0800][1.183s][info][gc,heap     ] GC(43) Y:      Used:       64M (100%)         64M (100%)         64M (100%)         64M (100%)         64M (100%)         64M (100%)   
[2026-06-17T10:07:37.875+0800][1.183s][info][gc,heap     ] GC(43) Y: Young Generation Statistics:
[2026-06-17T10:07:37.876+0800][1.183s][info][gc,heap     ] GC(43) Y:                Mark Start          Mark End        Relocate Start      Relocate End    
[2026-06-17T10:07:37.876+0800][1.183s][info][gc,heap     ] GC(43) Y:      Used:        0M (0%)            0M (0%)            0M (0%)            0M (0%)     
[2026-06-17T10:07:37.876+0800][1.183s][info][gc,heap     ] GC(43) Y:      Live:         -                 0M (0%)            0M (0%)            0M (0%)     
[2026-06-17T10:07:37.876+0800][1.184s][info][gc,heap     ] GC(43) Y:   Garbage:         -                 0M (0%)            0M (0%)            0M (0%)     
[2026-06-17T10:07:37.876+0800][1.184s][info][gc,heap     ] GC(43) Y: Allocated:         -                 0M (0%)            0M (0%)            0M (0%)     
[2026-06-17T10:07:37.876+0800][1.184s][info][gc,heap     ] GC(43) Y: Reclaimed:         -                  -                 0M (0%)            0M (0%)     
[2026-06-17T10:07:37.876+0800][1.184s][info][gc,heap     ] GC(43) Y:  Promoted:         -                  -                 0M (0%)            0M (0%)     
[2026-06-17T10:07:37.876+0800][1.184s][info][gc,heap     ] GC(43) Y: Compacted:         -                  -                  -                 0M (0%)     
[2026-06-17T10:07:37.877+0800][1.184s][info][gc,phases   ] GC(43) Y: Young Generation (Collect Roots) 64M(100%)->64M(100%) 0.003s
[2026-06-17T10:07:37.877+0800][1.184s][info][gc,phases   ] GC(43) O: Old Generation
[2026-06-17T10:07:37.878+0800][1.185s][info][gc,phases   ] GC(43) O: Concurrent Mark 0.889ms
[2026-06-17T10:07:37.878+0800][1.185s][info][gc,phases   ] GC(43) O: Pause Mark End 0.006ms
[2026-06-17T10:07:37.878+0800][1.185s][info][gc,phases   ] GC(43) O: Concurrent Mark Free 0.000ms
[2026-06-17T10:07:37.878+0800][1.185s][info][gc,ref      ] GC(43) O: Clearing All SoftReferences
[2026-06-17T10:07:37.878+0800][1.186s][info][gc,phases   ] GC(43) O: Concurrent Process Non-Strong 0.324ms
[2026-06-17T10:07:37.878+0800][1.186s][info][gc,phases   ] GC(43) O: Concurrent Reset Relocation Set 0.000ms
[2026-06-17T10:07:37.879+0800][1.186s][info][gc,phases   ] GC(43) O: Concurrent Select Relocation Set 0.059ms
[2026-06-17T10:07:37.879+0800][1.186s][info][gc,task     ] GC(43) O: Using 1 Workers for Old Generation
[2026-06-17T10:07:37.879+0800][1.186s][info][gc,task     ] GC(43) O: Using 1 Workers for Old Generation
[2026-06-17T10:07:37.879+0800][1.186s][info][gc,phases   ] GC(43) O: Concurrent Remap Roots 0.262ms
[2026-06-17T10:07:37.879+0800][1.186s][info][gc,phases   ] GC(43) O: Pause Relocate Start 0.004ms
[2026-06-17T10:07:37.880+0800][1.187s][info][gc          ] Relocation Stall (main) 0.664ms
[2026-06-17T10:07:37.880+0800][1.188s][info][gc          ] Allocation Stall (main) 49.809ms
[2026-06-17T10:07:37.880+0800][1.187s][info][gc,phases   ] GC(43) O: Concurrent Relocate 0.865ms
[2026-06-17T10:07:37.881+0800][1.188s][info][gc,alloc    ] GC(43) O:                         Mark Start        Mark End      Relocate Start    Relocate End   
[2026-06-17T10:07:37.881+0800][1.188s][info][gc,alloc    ] GC(43) O: Allocation Stalls:          1                1                1                0         
[2026-06-17T10:07:37.881+0800][1.188s][info][gc,load     ] GC(43) O: Load: 0.45 (2%) / 0.45 (2%) / 0.50 (2%)
[2026-06-17T10:07:37.881+0800][1.188s][info][gc,mmu      ] GC(43) O: MMU: 2ms/98.7%, 5ms/99.2%, 10ms/99.5%, 20ms/99.6%, 50ms/99.7%, 100ms/99.7%
[2026-06-17T10:07:37.881+0800][1.188s][info][gc,marking  ] GC(43) O: Mark: 1 stripe(s), 1 proactive flush(es), 1 terminate flush(es), 0 completion(s), 0 continuation(s) 
[2026-06-17T10:07:37.881+0800][1.189s][info][gc,nmethod  ] GC(43) O: NMethods: 69 registered, 4 unregistered
[2026-06-17T10:07:37.881+0800][1.189s][info][gc,metaspace] GC(43) O: Metaspace: 0M used, 0M committed, 1088M reserved
[2026-06-17T10:07:37.881+0800][1.189s][info][gc,ref      ] GC(43) O:                       Encountered   Discovered     Enqueued 
[2026-06-17T10:07:37.881+0800][1.189s][info][gc,ref      ] GC(43) O: Soft References:                0            0            0 
[2026-06-17T10:07:37.881+0800][1.189s][info][gc,ref      ] GC(43) O: Weak References:                6            0            0 
[2026-06-17T10:07:37.882+0800][1.189s][info][gc,ref      ] GC(43) O: Final References:               0            0            0 
[2026-06-17T10:07:37.882+0800][1.189s][info][gc,ref      ] GC(43) O: Phantom References:             1            1            0 
[2026-06-17T10:07:37.882+0800][1.189s][info][gc,reloc    ] GC(43) O:                        Candidates     Selected     In-Place         Size        Empty    Relocated 
[2026-06-17T10:07:37.882+0800][1.189s][info][gc,reloc    ] GC(43) O: Small Pages:                    5            2            1          10M           0M           1M 
[2026-06-17T10:07:37.882+0800][1.189s][info][gc,reloc    ] GC(43) O: Large Pages:                   27            0            0          54M           0M           0M 
[2026-06-17T10:07:37.882+0800][1.189s][info][gc,reloc    ] GC(43) O: Forwarding Usage: 0M
[2026-06-17T10:07:37.882+0800][1.189s][info][gc,heap     ] GC(43) O: Min Capacity: 64M(100%)
[2026-06-17T10:07:37.882+0800][1.190s][info][gc,heap     ] GC(43) O: Max Capacity: 64M(100%)
[2026-06-17T10:07:37.882+0800][1.190s][info][gc,heap     ] GC(43) O: Soft Max Capacity: 64M(100%)
[2026-06-17T10:07:37.882+0800][1.190s][info][gc,heap     ] GC(43) O: Heap Statistics:
[2026-06-17T10:07:37.882+0800][1.190s][info][gc,heap     ] GC(43) O:                Mark Start          Mark End        Relocate Start      Relocate End           High               Low         
[2026-06-17T10:07:37.882+0800][1.190s][info][gc,heap     ] GC(43) O:  Capacity:       64M (100%)         64M (100%)         64M (100%)         64M (100%)         64M (100%)         64M (100%)   
[2026-06-17T10:07:37.883+0800][1.190s][info][gc,heap     ] GC(43) O:      Free:        0M (0%)            0M (0%)            0M (0%)            2M (3%)            2M (3%)            0M (0%)     
[2026-06-17T10:07:37.883+0800][1.190s][info][gc,heap     ] GC(43) O:      Used:       64M (100%)         64M (100%)         64M (100%)         62M (97%)          64M (100%)         62M (97%)    
[2026-06-17T10:07:37.883+0800][1.190s][info][gc,heap     ] GC(43) O: Old Generation Statistics:
[2026-06-17T10:07:37.883+0800][1.190s][info][gc,heap     ] GC(43) O:                Mark Start          Mark End        Relocate Start      Relocate End    
[2026-06-17T10:07:37.883+0800][1.190s][info][gc,heap     ] GC(43) O:      Used:       64M (100%)         64M (100%)         64M (100%)         60M (94%)    
[2026-06-17T10:07:37.883+0800][1.190s][info][gc,heap     ] GC(43) O:      Live:         -                58M (92%)          58M (92%)          58M (92%)    
[2026-06-17T10:07:37.883+0800][1.190s][info][gc,heap     ] GC(43) O:   Garbage:         -                 5M (8%)            5M (8%)            0M (1%)     
[2026-06-17T10:07:37.883+0800][1.190s][info][gc,heap     ] GC(43) O: Allocated:         -                 0M (0%)            0M (0%)            0M (1%)     
[2026-06-17T10:07:37.883+0800][1.191s][info][gc,heap     ] GC(43) O: Reclaimed:         -                  -                 0M (0%)            4M (8%)     
[2026-06-17T10:07:37.883+0800][1.191s][info][gc,heap     ] GC(43) O: Compacted:         -                  -                  -                 3M (5%)     
[2026-06-17T10:07:37.883+0800][1.191s][info][gc,phases   ] GC(43) O: Old Generation 64M(100%)->62M(97%) 0.004s
[2026-06-17T10:07:37.883+0800][1.191s][info][gc          ] GC(43) Major Collection (Allocation Stall) 64M(100%)->62M(97%) 0.024s
[2026-06-17T10:07:37.891+0800][1.198s][info][gc          ] GC(44) Minor Collection (Allocation Rate)
[2026-06-17T10:07:37.891+0800][1.199s][info][gc,task     ] GC(44) Using 1 Workers for Young Generation
[2026-06-17T10:07:37.891+0800][1.199s][info][gc,phases   ] GC(44) y: Young Generation
[2026-06-17T10:07:37.892+0800][1.199s][info][gc,phases   ] GC(44) y: Pause Mark Start 0.009ms
[2026-06-17T10:07:37.892+0800][1.200s][info][gc,phases   ] GC(44) y: Concurrent Mark 0.645ms
[2026-06-17T10:07:37.893+0800][1.200s][info][gc,phases   ] GC(44) y: Pause Mark End 0.005ms
[2026-06-17T10:07:37.893+0800][1.200s][info][gc,phases   ] GC(44) y: Concurrent Mark Free 0.001ms
[2026-06-17T10:07:37.893+0800][1.200s][info][gc,phases   ] GC(44) y: Concurrent Reset Relocation Set 0.001ms
[2026-06-17T10:07:37.893+0800][1.200s][info][gc,reloc    ] GC(44) y: Using tenuring threshold: 1 (Computed)
[2026-06-17T10:07:37.893+0800][1.201s][info][gc,phases   ] GC(44) y: Concurrent Select Relocation Set 0.212ms
[2026-06-17T10:07:37.893+0800][1.201s][info][gc,phases   ] GC(44) y: Pause Relocate Start 0.004ms
[2026-06-17T10:07:37.893+0800][1.201s][info][gc,phases   ] GC(44) y: Concurrent Relocate 0.088ms
[2026-06-17T10:07:37.894+0800][1.201s][info][gc,alloc    ] GC(44) y:                         Mark Start        Mark End      Relocate Start    Relocate End   
[2026-06-17T10:07:37.894+0800][1.201s][info][gc,alloc    ] GC(44) y: Allocation Stalls:          0                0                0                0         
[2026-06-17T10:07:37.894+0800][1.201s][info][gc,load     ] GC(44) y: Load: 0.45 (2%) / 0.45 (2%) / 0.50 (2%)
[2026-06-17T10:07:37.894+0800][1.201s][info][gc,mmu      ] GC(44) y: MMU: 2ms/98.7%, 5ms/99.2%, 10ms/99.5%, 20ms/99.6%, 50ms/99.7%, 100ms/99.7%
[2026-06-17T10:07:37.894+0800][1.201s][info][gc,marking  ] GC(44) y: Mark: 1 stripe(s), 1 proactive flush(es), 1 terminate flush(es), 0 completion(s), 0 continuation(s) 
[2026-06-17T10:07:37.894+0800][1.201s][info][gc,nmethod  ] GC(44) y: NMethods: 69 registered, 4 unregistered
[2026-06-17T10:07:37.894+0800][1.201s][info][gc,metaspace] GC(44) y: Metaspace: 0M used, 0M committed, 1088M reserved
[2026-06-17T10:07:37.894+0800][1.201s][info][gc,reloc    ] GC(44) y:                        Candidates     Selected     In-Place         Size        Empty    Relocated 
[2026-06-17T10:07:37.894+0800][1.202s][info][gc,reloc    ] GC(44) y: Small Pages:                    2            0            0           4M           2M           0M 
[2026-06-17T10:07:37.894+0800][1.202s][info][gc,reloc    ] GC(44) y: Large Pages:                    0            0            0           0M           0M           0M 
[2026-06-17T10:07:37.894+0800][1.202s][info][gc,reloc    ] GC(44) y: Forwarding Usage: 0M
[2026-06-17T10:07:37.894+0800][1.202s][info][gc,reloc    ] GC(44) y: Age Table:
[2026-06-17T10:07:37.894+0800][1.202s][info][gc,reloc    ] GC(44) y:                    Live             Garbage             Small              Medium             Large        
[2026-06-17T10:07:37.895+0800][1.202s][info][gc,reloc    ] GC(44) y: Eden               0M (0%)            3M (6%)           2 / 0              0 / 0              0 / 0        
[2026-06-17T10:07:37.895+0800][1.202s][info][gc,heap     ] GC(44) y: Min Capacity: 64M(100%)
[2026-06-17T10:07:37.895+0800][1.202s][info][gc,heap     ] GC(44) y: Max Capacity: 64M(100%)
[2026-06-17T10:07:37.895+0800][1.202s][info][gc,heap     ] GC(44) y: Soft Max Capacity: 64M(100%)
[2026-06-17T10:07:37.895+0800][1.202s][info][gc,heap     ] GC(44) y: Heap Statistics:
[2026-06-17T10:07:37.895+0800][1.202s][info][gc,heap     ] GC(44) y:                Mark Start          Mark End        Relocate Start      Relocate End           High               Low         
[2026-06-17T10:07:37.895+0800][1.202s][info][gc,heap     ] GC(44) y:  Capacity:       64M (100%)         64M (100%)         64M (100%)         64M (100%)         64M (100%)         64M (100%)   
[2026-06-17T10:07:37.895+0800][1.203s][info][gc,heap     ] GC(44) y:      Free:        0M (0%)            0M (0%)            2M (3%)            2M (3%)            2M (3%)            0M (0%)     
[2026-06-17T10:07:37.895+0800][1.203s][info][gc,heap     ] GC(44) y:      Used:       64M (100%)         64M (100%)         62M (97%)          62M (97%)          64M (100%)         62M (97%)    
[2026-06-17T10:07:37.895+0800][1.203s][info][gc,heap     ] GC(44) y: Young Generation Statistics:
[2026-06-17T10:07:37.895+0800][1.203s][info][gc,heap     ] GC(44) y:                Mark Start          Mark End        Relocate Start      Relocate End    
[2026-06-17T10:07:37.896+0800][1.203s][info][gc,heap     ] GC(44) y:      Used:        4M (6%)            4M (6%)            2M (3%)            2M (3%)     
[2026-06-17T10:07:37.896+0800][1.203s][info][gc,heap     ] GC(44) y:      Live:         -                 0M (0%)            0M (0%)            0M (0%)     
[2026-06-17T10:07:37.896+0800][1.203s][info][gc,heap     ] GC(44) y:   Garbage:         -                 3M (6%)            1M (3%)            1M (3%)     
[2026-06-17T10:07:37.896+0800][1.203s][info][gc,heap     ] GC(44) y: Allocated:         -                 0M (0%)            0M (0%)            0M (0%)     
[2026-06-17T10:07:37.896+0800][1.203s][info][gc,heap     ] GC(44) y: Reclaimed:         -                  -                 2M (3%)            2M (3%)     
[2026-06-17T10:07:37.896+0800][1.203s][info][gc,heap     ] GC(44) y:  Promoted:         -                  -                 0M (0%)            0M (0%)     
[2026-06-17T10:07:37.896+0800][1.203s][info][gc,heap     ] GC(44) y: Compacted:         -                  -                  -                 0M (0%)     
[2026-06-17T10:07:37.896+0800][1.203s][info][gc,phases   ] GC(44) y: Young Generation 64M(100%)->62M(97%) 0.002s
[2026-06-17T10:07:37.896+0800][1.204s][info][gc          ] GC(44) Minor Collection (Allocation Rate) 64M(100%)->62M(97%) 0.005s
[2026-06-17T10:07:37.901+0800][1.209s][info][gc          ] GC(45) Minor Collection (Allocation Rate)
[2026-06-17T10:07:37.901+0800][1.209s][info][gc,task     ] GC(45) Using 1 Workers for Young Generation
[2026-06-17T10:07:37.901+0800][1.209s][info][gc,phases   ] GC(45) y: Young Generation
[2026-06-17T10:07:37.902+0800][1.209s][info][gc,phases   ] GC(45) y: Pause Mark Start 0.007ms
[2026-06-17T10:07:37.902+0800][1.210s][info][gc,phases   ] GC(45) y: Concurrent Mark 0.403ms
[2026-06-17T10:07:37.902+0800][1.210s][info][gc,phases   ] GC(45) y: Pause Mark End 0.005ms
[2026-06-17T10:07:37.902+0800][1.210s][info][gc,phases   ] GC(45) y: Concurrent Mark Free 0.001ms
[2026-06-17T10:07:37.903+0800][1.210s][info][gc,phases   ] GC(45) y: Concurrent Reset Relocation Set 0.001ms
[2026-06-17T10:07:37.903+0800][1.210s][info][gc,reloc    ] GC(45) y: Using tenuring threshold: 2 (Computed)
[2026-06-17T10:07:37.903+0800][1.210s][info][gc,phases   ] GC(45) y: Concurrent Select Relocation Set 0.203ms
[2026-06-17T10:07:37.903+0800][1.210s][info][gc,phases   ] GC(45) y: Pause Relocate Start 0.004ms
[2026-06-17T10:07:37.903+0800][1.211s][info][gc,phases   ] GC(45) y: Concurrent Relocate 0.087ms
[2026-06-17T10:07:37.903+0800][1.211s][info][gc,alloc    ] GC(45) y:                         Mark Start        Mark End      Relocate Start    Relocate End   
[2026-06-17T10:07:37.903+0800][1.211s][info][gc,alloc    ] GC(45) y: Allocation Stalls:          1                1                1                1         
[2026-06-17T10:07:37.904+0800][1.211s][info][gc,load     ] GC(45) y: Load: 0.45 (2%) / 0.45 (2%) / 0.50 (2%)
[2026-06-17T10:07:37.904+0800][1.211s][info][gc,mmu      ] GC(45) y: MMU: 2ms/98.7%, 5ms/99.2%, 10ms/99.5%, 20ms/99.6%, 50ms/99.7%, 100ms/99.7%
[2026-06-17T10:07:37.904+0800][1.211s][info][gc,marking  ] GC(45) y: Mark: 1 stripe(s), 1 proactive flush(es), 1 terminate flush(es), 0 completion(s), 0 continuation(s) 
[2026-06-17T10:07:37.904+0800][1.211s][info][gc,nmethod  ] GC(45) y: NMethods: 69 registered, 4 unregistered
[2026-06-17T10:07:37.904+0800][1.211s][info][gc,metaspace] GC(45) y: Metaspace: 0M used, 0M committed, 1088M reserved
[2026-06-17T10:07:37.904+0800][1.211s][info][gc,reloc    ] GC(45) y:                        Candidates     Selected     In-Place         Size        Empty    Relocated 
[2026-06-17T10:07:37.904+0800][1.211s][info][gc,reloc    ] GC(45) y: Small Pages:                    2            0            0           4M           0M           0M 
[2026-06-17T10:07:37.904+0800][1.211s][info][gc,reloc    ] GC(45) y: Large Pages:                    0            0            0           0M           0M           0M 
[2026-06-17T10:07:37.904+0800][1.212s][info][gc,reloc    ] GC(45) y: Forwarding Usage: 0M
[2026-06-17T10:07:37.904+0800][1.212s][info][gc,reloc    ] GC(45) y: Age Table:
[2026-06-17T10:07:37.904+0800][1.212s][info][gc,reloc    ] GC(45) y:                    Live             Garbage             Small              Medium             Large        
[2026-06-17T10:07:37.904+0800][1.212s][info][gc,reloc    ] GC(45) y: Eden               1M (3%)            0M (0%)           1 / 0              0 / 0              0 / 0        
[2026-06-17T10:07:37.905+0800][1.212s][info][gc,reloc    ] GC(45) y: Survivor 1         0M (0%)            1M (3%)           1 / 0              0 / 0              0 / 0        
[2026-06-17T10:07:37.905+0800][1.212s][info][gc,heap     ] GC(45) y: Min Capacity: 64M(100%)
[2026-06-17T10:07:37.905+0800][1.212s][info][gc,heap     ] GC(45) y: Max Capacity: 64M(100%)
[2026-06-17T10:07:37.905+0800][1.212s][info][gc,heap     ] GC(45) y: Soft Max Capacity: 64M(100%)
[2026-06-17T10:07:37.905+0800][1.212s][info][gc,heap     ] GC(45) y: Heap Statistics:
[2026-06-17T10:07:37.905+0800][1.212s][info][gc,heap     ] GC(45) y:                Mark Start          Mark End        Relocate Start      Relocate End           High               Low         
[2026-06-17T10:07:37.905+0800][1.212s][info][gc,heap     ] GC(45) y:  Capacity:       64M (100%)         64M (100%)         64M (100%)         64M (100%)         64M (100%)         64M (100%)   
[2026-06-17T10:07:37.905+0800][1.213s][info][gc,heap     ] GC(45) y:      Free:        0M (0%)            0M (0%)            0M (0%)            0M (0%)            0M (0%)            0M (0%)     
[2026-06-17T10:07:37.905+0800][1.213s][info][gc,heap     ] GC(45) y:      Used:       64M (100%)         64M (100%)         64M (100%)         64M (100%)         64M (100%)         64M (100%)   
[2026-06-17T10:07:37.905+0800][1.213s][info][gc,heap     ] GC(45) y: Young Generation Statistics:
[2026-06-17T10:07:37.905+0800][1.213s][info][gc,heap     ] GC(45) y:                Mark Start          Mark End        Relocate Start      Relocate End    
[2026-06-17T10:07:37.906+0800][1.213s][info][gc,heap     ] GC(45) y:      Used:        4M (6%)            4M (6%)            4M (6%)            4M (6%)     
[2026-06-17T10:07:37.906+0800][1.213s][info][gc,heap     ] GC(45) y:      Live:         -                 2M (3%)            2M (3%)            2M (3%)     
[2026-06-17T10:07:37.906+0800][1.213s][info][gc,heap     ] GC(45) y:   Garbage:         -                 1M (3%)            1M (3%)            1M (3%)     
[2026-06-17T10:07:37.906+0800][1.213s][info][gc,heap     ] GC(45) y: Allocated:         -                 0M (0%)            0M (0%)            0M (0%)     
[2026-06-17T10:07:37.906+0800][1.213s][info][gc,heap     ] GC(45) y: Reclaimed:         -                  -                 0M (0%)            0M (0%)     
[2026-06-17T10:07:37.906+0800][1.214s][info][gc,heap     ] GC(45) y:  Promoted:         -                  -                 0M (0%)            0M (0%)     
[2026-06-17T10:07:37.906+0800][1.214s][info][gc,heap     ] GC(45) y: Compacted:         -                  -                  -                 0M (0%)     
[2026-06-17T10:07:37.906+0800][1.214s][info][gc,phases   ] GC(45) y: Young Generation 64M(100%)->64M(100%) 0.002s
[2026-06-17T10:07:37.906+0800][1.214s][info][gc          ] GC(45) Minor Collection (Allocation Rate) 64M(100%)->64M(100%) 0.005s
[2026-06-17T10:07:37.907+0800][1.214s][info][gc          ] GC(46) Major Collection (Allocation Stall)
[2026-06-17T10:07:37.907+0800][1.214s][info][gc,task     ] GC(46) Using 1 Workers for Young Generation
[2026-06-17T10:07:37.907+0800][1.214s][info][gc,task     ] GC(46) Using 1 Workers for Old Generation
[2026-06-17T10:07:37.907+0800][1.214s][info][gc,phases   ] GC(46) Y: Young Generation (Promote All)
[2026-06-17T10:07:37.907+0800][1.214s][info][gc,phases   ] GC(46) Y: Pause Mark Start 0.005ms
[2026-06-17T10:07:37.907+0800][1.215s][info][gc,phases   ] GC(46) Y: Concurrent Mark 0.387ms
[2026-06-17T10:07:37.908+0800][1.215s][info][gc,phases   ] GC(46) Y: Pause Mark End 0.004ms
[2026-06-17T10:07:37.908+0800][1.215s][info][gc,phases   ] GC(46) Y: Concurrent Mark Free 0.001ms
[2026-06-17T10:07:37.908+0800][1.215s][info][gc,phases   ] GC(46) Y: Concurrent Reset Relocation Set 0.000ms
[2026-06-17T10:07:37.908+0800][1.215s][info][gc,reloc    ] GC(46) Y: Using tenuring threshold: 0 (Promote All)
[2026-06-17T10:07:37.908+0800][1.215s][info][gc,phases   ] GC(46) Y: Concurrent Select Relocation Set 0.222ms
[2026-06-17T10:07:37.908+0800][1.216s][info][gc,phases   ] GC(46) Y: Pause Relocate Start 0.004ms
[2026-06-17T10:07:37.908+0800][1.216s][info][gc,phases   ] GC(46) Y: Concurrent Relocate 0.093ms
[2026-06-17T10:07:37.908+0800][1.216s][info][gc,alloc    ] GC(46) Y:                         Mark Start        Mark End      Relocate Start    Relocate End   
[2026-06-17T10:07:37.909+0800][1.216s][info][gc,alloc    ] GC(46) Y: Allocation Stalls:          1                1                1                1         
[2026-06-17T10:07:37.909+0800][1.216s][info][gc,load     ] GC(46) Y: Load: 0.45 (2%) / 0.45 (2%) / 0.50 (2%)
[2026-06-17T10:07:37.909+0800][1.216s][info][gc,mmu      ] GC(46) Y: MMU: 2ms/98.7%, 5ms/99.2%, 10ms/99.5%, 20ms/99.6%, 50ms/99.7%, 100ms/99.7%
[2026-06-17T10:07:37.909+0800][1.216s][info][gc,marking  ] GC(46) Y: Mark: 1 stripe(s), 1 proactive flush(es), 1 terminate flush(es), 0 completion(s), 0 continuation(s) 
[2026-06-17T10:07:37.909+0800][1.216s][info][gc,nmethod  ] GC(46) Y: NMethods: 69 registered, 4 unregistered
[2026-06-17T10:07:37.909+0800][1.216s][info][gc,metaspace] GC(46) Y: Metaspace: 0M used, 0M committed, 1088M reserved
[2026-06-17T10:07:37.909+0800][1.216s][info][gc,reloc    ] GC(46) Y:                        Candidates     Selected     In-Place         Size        Empty    Relocated 
[2026-06-17T10:07:37.909+0800][1.216s][info][gc,reloc    ] GC(46) Y: Small Pages:                    2            0            0           4M           0M           0M 
[2026-06-17T10:07:37.909+0800][1.217s][info][gc,reloc    ] GC(46) Y: Large Pages:                    0            0            0           0M           0M           0M 
[2026-06-17T10:07:37.909+0800][1.217s][info][gc,reloc    ] GC(46) Y: Forwarding Usage: 0M
[2026-06-17T10:07:37.909+0800][1.217s][info][gc,reloc    ] GC(46) Y: Age Table:
[2026-06-17T10:07:37.909+0800][1.217s][info][gc,reloc    ] GC(46) Y:                    Live             Garbage             Small              Medium             Large        
[2026-06-17T10:07:37.910+0800][1.217s][info][gc,reloc    ] GC(46) Y: Eden                -                 0M (0%)           0 / 0              0 / 0              0 / 0        
[2026-06-17T10:07:37.910+0800][1.217s][info][gc,reloc    ] GC(46) Y: Survivor 1         1M (3%)            0M (0%)           1 / 0              0 / 0              0 / 0        
[2026-06-17T10:07:37.910+0800][1.217s][info][gc,reloc    ] GC(46) Y: Survivor 2         0M (0%)            1M (3%)           1 / 0              0 / 0              0 / 0        
[2026-06-17T10:07:37.910+0800][1.217s][info][gc,heap     ] GC(46) Y: Min Capacity: 64M(100%)
[2026-06-17T10:07:37.910+0800][1.218s][info][gc,heap     ] GC(46) Y: Max Capacity: 64M(100%)
[2026-06-17T10:07:37.910+0800][1.218s][info][gc,heap     ] GC(46) Y: Soft Max Capacity: 64M(100%)
[2026-06-17T10:07:37.910+0800][1.218s][info][gc,heap     ] GC(46) Y: Heap Statistics:
[2026-06-17T10:07:37.911+0800][1.218s][info][gc,heap     ] GC(46) Y:                Mark Start          Mark End        Relocate Start      Relocate End           High               Low         
[2026-06-17T10:07:37.911+0800][1.218s][info][gc,heap     ] GC(46) Y:  Capacity:       64M (100%)         64M (100%)         64M (100%)         64M (100%)         64M (100%)         64M (100%)   
[2026-06-17T10:07:37.911+0800][1.218s][info][gc,heap     ] GC(46) Y:      Free:        0M (0%)            0M (0%)            0M (0%)            0M (0%)            0M (0%)            0M (0%)     
[2026-06-17T10:07:37.911+0800][1.218s][info][gc,heap     ] GC(46) Y:      Used:       64M (100%)         64M (100%)         64M (100%)         64M (100%)         64M (100%)         64M (100%)   
[2026-06-17T10:07:37.911+0800][1.218s][info][gc,heap     ] GC(46) Y: Young Generation Statistics:
[2026-06-17T10:07:37.911+0800][1.219s][info][gc,heap     ] GC(46) Y:                Mark Start          Mark End        Relocate Start      Relocate End    
[2026-06-17T10:07:37.911+0800][1.219s][info][gc,heap     ] GC(46) Y:      Used:        4M (6%)            4M (6%)            0M (0%)            0M (0%)     
[2026-06-17T10:07:37.911+0800][1.219s][info][gc,heap     ] GC(46) Y:      Live:         -                 2M (3%)            0M (0%)            0M (0%)     
[2026-06-17T10:07:37.912+0800][1.219s][info][gc,heap     ] GC(46) Y:   Garbage:         -                 1M (3%)            0M (0%)            0M (0%)     
[2026-06-17T10:07:37.912+0800][1.219s][info][gc,heap     ] GC(46) Y: Allocated:         -                 0M (0%)            0M (0%)            0M (0%)     
[2026-06-17T10:07:37.912+0800][1.219s][info][gc,heap     ] GC(46) Y: Reclaimed:         -                  -                 1M (3%)            1M (3%)     
[2026-06-17T10:07:37.912+0800][1.219s][info][gc,heap     ] GC(46) Y:  Promoted:         -                  -                 2M (3%)            2M (3%)     
[2026-06-17T10:07:37.912+0800][1.219s][info][gc,heap     ] GC(46) Y: Compacted:         -                  -                  -                 0M (0%)     
[2026-06-17T10:07:37.912+0800][1.219s][info][gc,phases   ] GC(46) Y: Young Generation (Promote All) 64M(100%)->64M(100%) 0.002s
[2026-06-17T10:07:37.912+0800][1.219s][info][gc,phases   ] GC(46) Y: Young Generation (Collect Roots)
[2026-06-17T10:07:37.912+0800][1.220s][info][gc,phases   ] GC(46) Y: Pause Mark Start (Major) 0.007ms
[2026-06-17T10:07:37.913+0800][1.220s][info][gc,phases   ] GC(46) Y: Concurrent Mark 0.358ms
[2026-06-17T10:07:37.913+0800][1.220s][info][gc,phases   ] GC(46) Y: Pause Mark End 0.003ms
[2026-06-17T10:07:37.913+0800][1.220s][info][gc,phases   ] GC(46) Y: Concurrent Mark Free 0.000ms
[2026-06-17T10:07:37.913+0800][1.220s][info][gc,phases   ] GC(46) Y: Concurrent Reset Relocation Set 0.002ms
[2026-06-17T10:07:37.913+0800][1.220s][info][gc,reloc    ] GC(46) Y: Using tenuring threshold: 0 (Computed)
[2026-06-17T10:07:37.913+0800][1.221s][info][gc,phases   ] GC(46) Y: Concurrent Select Relocation Set 0.183ms
[2026-06-17T10:07:37.913+0800][1.221s][info][gc,phases   ] GC(46) Y: Pause Relocate Start 0.005ms
[2026-06-17T10:07:37.914+0800][1.221s][info][gc,phases   ] GC(46) Y: Concurrent Relocate 0.089ms
[2026-06-17T10:07:37.914+0800][1.221s][info][gc,alloc    ] GC(46) Y:                         Mark Start        Mark End      Relocate Start    Relocate End   
[2026-06-17T10:07:37.914+0800][1.221s][info][gc,alloc    ] GC(46) Y: Allocation Stalls:          1                1                1                1         
[2026-06-17T10:07:37.914+0800][1.221s][info][gc,load     ] GC(46) Y: Load: 0.45 (2%) / 0.45 (2%) / 0.50 (2%)
[2026-06-17T10:07:37.914+0800][1.221s][info][gc,mmu      ] GC(46) Y: MMU: 2ms/98.7%, 5ms/99.2%, 10ms/99.5%, 20ms/99.6%, 50ms/99.7%, 100ms/99.7%
[2026-06-17T10:07:37.914+0800][1.221s][info][gc,marking  ] GC(46) Y: Mark: 1 stripe(s), 1 proactive flush(es), 1 terminate flush(es), 0 completion(s), 0 continuation(s) 
[2026-06-17T10:07:37.914+0800][1.221s][info][gc,nmethod  ] GC(46) Y: NMethods: 69 registered, 4 unregistered
[2026-06-17T10:07:37.914+0800][1.222s][info][gc,metaspace] GC(46) Y: Metaspace: 0M used, 0M committed, 1088M reserved
[2026-06-17T10:07:37.914+0800][1.222s][info][gc,heap     ] GC(46) Y: Min Capacity: 64M(100%)
[2026-06-17T10:07:37.914+0800][1.222s][info][gc,heap     ] GC(46) Y: Max Capacity: 64M(100%)
[2026-06-17T10:07:37.914+0800][1.222s][info][gc,heap     ] GC(46) Y: Soft Max Capacity: 64M(100%)
[2026-06-17T10:07:37.915+0800][1.222s][info][gc,heap     ] GC(46) Y: Heap Statistics:
[2026-06-17T10:07:37.915+0800][1.222s][info][gc,heap     ] GC(46) Y:                Mark Start          Mark End        Relocate Start      Relocate End           High               Low         
[2026-06-17T10:07:37.915+0800][1.222s][info][gc,heap     ] GC(46) Y:  Capacity:       64M (100%)         64M (100%)         64M (100%)         64M (100%)         64M (100%)         64M (100%)   
[2026-06-17T10:07:37.915+0800][1.222s][info][gc,heap     ] GC(46) Y:      Free:        0M (0%)            0M (0%)            0M (0%)            0M (0%)            0M (0%)            0M (0%)     
[2026-06-17T10:07:37.915+0800][1.222s][info][gc,heap     ] GC(46) Y:      Used:       64M (100%)         64M (100%)         64M (100%)         64M (100%)         64M (100%)         64M (100%)   
[2026-06-17T10:07:37.915+0800][1.222s][info][gc,heap     ] GC(46) Y: Young Generation Statistics:
[2026-06-17T10:07:37.915+0800][1.222s][info][gc,heap     ] GC(46) Y:                Mark Start          Mark End        Relocate Start      Relocate End    
[2026-06-17T10:07:37.915+0800][1.222s][info][gc,heap     ] GC(46) Y:      Used:        0M (0%)            0M (0%)            0M (0%)            0M (0%)     
[2026-06-17T10:07:37.915+0800][1.223s][info][gc,heap     ] GC(46) Y:      Live:         -                 0M (0%)            0M (0%)            0M (0%)     
[2026-06-17T10:07:37.915+0800][1.223s][info][gc,heap     ] GC(46) Y:   Garbage:         -                 0M (0%)            0M (0%)            0M (0%)     
[2026-06-17T10:07:37.915+0800][1.223s][info][gc,heap     ] GC(46) Y: Allocated:         -                 0M (0%)            0M (0%)            0M (0%)     
[2026-06-17T10:07:37.915+0800][1.223s][info][gc,heap     ] GC(46) Y: Reclaimed:         -                  -                 0M (0%)            0M (0%)     
[2026-06-17T10:07:37.915+0800][1.223s][info][gc,heap     ] GC(46) Y:  Promoted:         -                  -                 0M (0%)            0M (0%)     
[2026-06-17T10:07:37.916+0800][1.223s][info][gc,heap     ] GC(46) Y: Compacted:         -                  -                  -                 0M (0%)     
[2026-06-17T10:07:37.916+0800][1.223s][info][gc,phases   ] GC(46) Y: Young Generation (Collect Roots) 64M(100%)->64M(100%) 0.002s
[2026-06-17T10:07:37.916+0800][1.223s][info][gc,phases   ] GC(46) O: Old Generation
[2026-06-17T10:07:37.917+0800][1.224s][info][gc,phases   ] GC(46) O: Concurrent Mark 1.069ms
[2026-06-17T10:07:37.917+0800][1.224s][info][gc,phases   ] GC(46) O: Pause Mark End 0.005ms
[2026-06-17T10:07:37.917+0800][1.225s][info][gc,phases   ] GC(46) O: Concurrent Mark Free 0.001ms
[2026-06-17T10:07:37.917+0800][1.225s][info][gc,ref      ] GC(46) O: Clearing All SoftReferences
[2026-06-17T10:07:37.918+0800][1.225s][info][gc,phases   ] GC(46) O: Concurrent Process Non-Strong 0.337ms
[2026-06-17T10:07:37.918+0800][1.225s][info][gc,phases   ] GC(46) O: Concurrent Reset Relocation Set 0.001ms
[2026-06-17T10:07:37.918+0800][1.225s][info][gc,phases   ] GC(46) O: Concurrent Select Relocation Set 0.042ms
[2026-06-17T10:07:37.918+0800][1.225s][info][gc,task     ] GC(46) O: Using 1 Workers for Old Generation
[2026-06-17T10:07:37.918+0800][1.226s][info][gc,task     ] GC(46) O: Using 1 Workers for Old Generation
[2026-06-17T10:07:37.918+0800][1.226s][info][gc,phases   ] GC(46) O: Concurrent Remap Roots 0.266ms
[2026-06-17T10:07:37.918+0800][1.226s][info][gc,phases   ] GC(46) O: Pause Relocate Start 0.004ms
[2026-06-17T10:07:37.919+0800][1.226s][info][gc,phases   ] GC(46) O: Concurrent Relocate 0.464ms
[2026-06-17T10:07:37.919+0800][1.226s][info][gc          ] Allocation Stall (main) 17.659ms
[2026-06-17T10:07:37.919+0800][1.227s][info][gc,alloc    ] GC(46) O:                         Mark Start        Mark End      Relocate Start    Relocate End   
[2026-06-17T10:07:37.919+0800][1.227s][info][gc,alloc    ] GC(46) O: Allocation Stalls:          1                1                1                0         
[2026-06-17T10:07:37.919+0800][1.227s][info][gc,load     ] GC(46) O: Load: 0.45 (2%) / 0.45 (2%) / 0.50 (2%)
[2026-06-17T10:07:37.919+0800][1.227s][info][gc,mmu      ] GC(46) O: MMU: 2ms/98.7%, 5ms/99.2%, 10ms/99.5%, 20ms/99.6%, 50ms/99.7%, 100ms/99.7%
[2026-06-17T10:07:37.920+0800][1.227s][info][gc,marking  ] GC(46) O: Mark: 1 stripe(s), 1 proactive flush(es), 1 terminate flush(es), 0 completion(s), 0 continuation(s) 
[2026-06-17T10:07:37.920+0800][1.227s][info][gc,nmethod  ] GC(46) O: NMethods: 69 registered, 4 unregistered
[2026-06-17T10:07:37.920+0800][1.227s][info][gc,metaspace] GC(46) O: Metaspace: 0M used, 0M committed, 1088M reserved
[2026-06-17T10:07:37.920+0800][1.227s][info][gc,ref      ] GC(46) O:                       Encountered   Discovered     Enqueued 
[2026-06-17T10:07:37.920+0800][1.227s][info][gc,ref      ] GC(46) O: Soft References:                0            0            0 
[2026-06-17T10:07:37.920+0800][1.227s][info][gc,ref      ] GC(46) O: Weak References:                6            0            0 
[2026-06-17T10:07:37.920+0800][1.227s][info][gc,ref      ] GC(46) O: Final References:               0            0            0 
[2026-06-17T10:07:37.920+0800][1.228s][info][gc,ref      ] GC(46) O: Phantom References:             1            1            0 
[2026-06-17T10:07:37.920+0800][1.228s][info][gc,reloc    ] GC(46) O:                        Candidates     Selected     In-Place         Size        Empty    Relocated 
[2026-06-17T10:07:37.920+0800][1.228s][info][gc,reloc    ] GC(46) O: Small Pages:                    5            1            1          10M           0M           1M 
[2026-06-17T10:07:37.920+0800][1.228s][info][gc,reloc    ] GC(46) O: Large Pages:                   27            0            0          54M           0M           0M 
[2026-06-17T10:07:37.920+0800][1.228s][info][gc,reloc    ] GC(46) O: Forwarding Usage: 0M
[2026-06-17T10:07:37.921+0800][1.228s][info][gc,heap     ] GC(46) O: Min Capacity: 64M(100%)
[2026-06-17T10:07:37.921+0800][1.228s][info][gc,heap     ] GC(46) O: Max Capacity: 64M(100%)
[2026-06-17T10:07:37.921+0800][1.228s][info][gc,heap     ] GC(46) O: Soft Max Capacity: 64M(100%)
[2026-06-17T10:07:37.921+0800][1.228s][info][gc,heap     ] GC(46) O: Heap Statistics:
[2026-06-17T10:07:37.921+0800][1.228s][info][gc,heap     ] GC(46) O:                Mark Start          Mark End        Relocate Start      Relocate End           High               Low         
[2026-06-17T10:07:37.921+0800][1.228s][info][gc,heap     ] GC(46) O:  Capacity:       64M (100%)         64M (100%)         64M (100%)         64M (100%)         64M (100%)         64M (100%)   
[2026-06-17T10:07:37.921+0800][1.228s][info][gc,heap     ] GC(46) O:      Free:        0M (0%)            0M (0%)            0M (0%)            0M (0%)            2M (3%)            0M (0%)     
[2026-06-17T10:07:37.921+0800][1.229s][info][gc,heap     ] GC(46) O:      Used:       64M (100%)         64M (100%)         64M (100%)         64M (100%)         64M (100%)         62M (97%)    
[2026-06-17T10:07:37.921+0800][1.229s][info][gc,heap     ] GC(46) O: Old Generation Statistics:
[2026-06-17T10:07:37.921+0800][1.229s][info][gc,heap     ] GC(46) O:                Mark Start          Mark End        Relocate Start      Relocate End    
[2026-06-17T10:07:37.921+0800][1.229s][info][gc,heap     ] GC(46) O:      Used:       64M (100%)         64M (100%)         64M (100%)         62M (97%)    
[2026-06-17T10:07:37.921+0800][1.229s][info][gc,heap     ] GC(46) O:      Live:         -                60M (95%)          60M (95%)          60M (95%)    
[2026-06-17T10:07:37.922+0800][1.229s][info][gc,heap     ] GC(46) O:   Garbage:         -                 3M (5%)            3M (5%)            0M (1%)     
[2026-06-17T10:07:37.922+0800][1.229s][info][gc,heap     ] GC(46) O: Allocated:         -                 0M (0%)            0M (0%)            0M (1%)     
[2026-06-17T10:07:37.922+0800][1.229s][info][gc,heap     ] GC(46) O: Reclaimed:         -                  -                 0M (0%)            2M (4%)     
[2026-06-17T10:07:37.922+0800][1.229s][info][gc,heap     ] GC(46) O: Compacted:         -                  -                  -                 1M (2%)     
[2026-06-17T10:07:37.922+0800][1.229s][info][gc,phases   ] GC(46) O: Old Generation 64M(100%)->64M(100%) 0.003s
[2026-06-17T10:07:37.922+0800][1.229s][info][gc          ] GC(46) Major Collection (Allocation Stall) 64M(100%)->64M(100%) 0.015s
[2026-06-17T10:07:37.929+0800][1.237s][info][gc          ] GC(47) Minor Collection (Allocation Stall)
[2026-06-17T10:07:37.930+0800][1.237s][info][gc,task     ] GC(47) Using 1 Workers for Young Generation
[2026-06-17T10:07:37.930+0800][1.237s][info][gc,phases   ] GC(47) y: Young Generation
[2026-06-17T10:07:37.930+0800][1.237s][info][gc,phases   ] GC(47) y: Pause Mark Start 0.009ms
[2026-06-17T10:07:37.931+0800][1.238s][info][gc,phases   ] GC(47) y: Concurrent Mark 0.476ms
[2026-06-17T10:07:37.931+0800][1.238s][info][gc,phases   ] GC(47) y: Pause Mark End 0.005ms
[2026-06-17T10:07:37.931+0800][1.238s][info][gc,phases   ] GC(47) y: Concurrent Mark Free 0.001ms
[2026-06-17T10:07:37.931+0800][1.238s][info][gc,phases   ] GC(47) y: Concurrent Reset Relocation Set 0.001ms
[2026-06-17T10:07:37.931+0800][1.238s][info][gc,reloc    ] GC(47) y: Using tenuring threshold: 1 (Computed)
[2026-06-17T10:07:37.931+0800][1.239s][info][gc,phases   ] GC(47) y: Concurrent Select Relocation Set 0.205ms
[2026-06-17T10:07:37.931+0800][1.239s][info][gc,phases   ] GC(47) y: Pause Relocate Start 0.003ms
[2026-06-17T10:07:37.932+0800][1.239s][info][gc,phases   ] GC(47) y: Concurrent Relocate 0.087ms
[2026-06-17T10:07:37.932+0800][1.239s][info][gc,alloc    ] GC(47) y:                         Mark Start        Mark End      Relocate Start    Relocate End   
[2026-06-17T10:07:37.932+0800][1.239s][info][gc,alloc    ] GC(47) y: Allocation Stalls:          1                1                1                1         
[2026-06-17T10:07:37.932+0800][1.239s][info][gc,load     ] GC(47) y: Load: 0.41 (2%) / 0.44 (2%) / 0.49 (2%)
[2026-06-17T10:07:37.932+0800][1.239s][info][gc,mmu      ] GC(47) y: MMU: 2ms/98.7%, 5ms/99.2%, 10ms/99.5%, 20ms/99.6%, 50ms/99.7%, 100ms/99.7%
[2026-06-17T10:07:37.932+0800][1.239s][info][gc,marking  ] GC(47) y: Mark: 1 stripe(s), 1 proactive flush(es), 1 terminate flush(es), 0 completion(s), 0 continuation(s) 
[2026-06-17T10:07:37.932+0800][1.239s][info][gc,nmethod  ] GC(47) y: NMethods: 69 registered, 4 unregistered
[2026-06-17T10:07:37.932+0800][1.240s][info][gc,metaspace] GC(47) y: Metaspace: 0M used, 0M committed, 1088M reserved
[2026-06-17T10:07:37.932+0800][1.240s][info][gc,reloc    ] GC(47) y:                        Candidates     Selected     In-Place         Size        Empty    Relocated 
[2026-06-17T10:07:37.932+0800][1.240s][info][gc,reloc    ] GC(47) y: Small Pages:                    1            0            0           2M           0M           0M 
[2026-06-17T10:07:37.933+0800][1.240s][info][gc,reloc    ] GC(47) y: Large Pages:                    0            0            0           0M           0M           0M 
[2026-06-17T10:07:37.933+0800][1.240s][info][gc,reloc    ] GC(47) y: Forwarding Usage: 0M
[2026-06-17T10:07:37.933+0800][1.240s][info][gc,reloc    ] GC(47) y: Age Table:
[2026-06-17T10:07:37.933+0800][1.240s][info][gc,reloc    ] GC(47) y:                    Live             Garbage             Small              Medium             Large        
[2026-06-17T10:07:37.933+0800][1.240s][info][gc,reloc    ] GC(47) y: Eden               1M (3%)            0M (0%)           1 / 0              0 / 0              0 / 0        
[2026-06-17T10:07:37.933+0800][1.241s][info][gc,heap     ] GC(47) y: Min Capacity: 64M(100%)
[2026-06-17T10:07:37.933+0800][1.241s][info][gc,heap     ] GC(47) y: Max Capacity: 64M(100%)
[2026-06-17T10:07:37.934+0800][1.241s][info][gc,heap     ] GC(47) y: Soft Max Capacity: 64M(100%)
[2026-06-17T10:07:37.934+0800][1.241s][info][gc,heap     ] GC(47) y: Heap Statistics:
[2026-06-17T10:07:37.934+0800][1.241s][info][gc,heap     ] GC(47) y:                Mark Start          Mark End        Relocate Start      Relocate End           High               Low         
[2026-06-17T10:07:37.934+0800][1.241s][info][gc,heap     ] GC(47) y:  Capacity:       64M (100%)         64M (100%)         64M (100%)         64M (100%)         64M (100%)         64M (100%)   
[2026-06-17T10:07:37.934+0800][1.241s][info][gc,heap     ] GC(47) y:      Free:        0M (0%)            0M (0%)            0M (0%)            0M (0%)            0M (0%)            0M (0%)     
[2026-06-17T10:07:37.934+0800][1.242s][info][gc,heap     ] GC(47) y:      Used:       64M (100%)         64M (100%)         64M (100%)         64M (100%)         64M (100%)         64M (100%)   
[2026-06-17T10:07:37.934+0800][1.242s][info][gc,heap     ] GC(47) y: Young Generation Statistics:
[2026-06-17T10:07:37.935+0800][1.242s][info][gc,heap     ] GC(47) y:                Mark Start          Mark End        Relocate Start      Relocate End    
[2026-06-17T10:07:37.935+0800][1.242s][info][gc,heap     ] GC(47) y:      Used:        2M (3%)            2M (3%)            2M (3%)            2M (3%)     
[2026-06-17T10:07:37.935+0800][1.242s][info][gc,heap     ] GC(47) y:      Live:         -                 1M (3%)            1M (3%)            1M (3%)     
[2026-06-17T10:07:37.935+0800][1.242s][info][gc,heap     ] GC(47) y:   Garbage:         -                 0M (0%)            0M (0%)            0M (0%)     
[2026-06-17T10:07:37.935+0800][1.243s][info][gc,heap     ] GC(47) y: Allocated:         -                 0M (0%)            0M (0%)            0M (0%)     
[2026-06-17T10:07:37.935+0800][1.243s][info][gc,heap     ] GC(47) y: Reclaimed:         -                  -                 0M (0%)            0M (0%)     
[2026-06-17T10:07:37.935+0800][1.243s][info][gc,heap     ] GC(47) y:  Promoted:         -                  -                 0M (0%)            0M (0%)     
[2026-06-17T10:07:37.935+0800][1.243s][info][gc,heap     ] GC(47) y: Compacted:         -                  -                  -                 0M (0%)     
[2026-06-17T10:07:37.935+0800][1.243s][info][gc,phases   ] GC(47) y: Young Generation 64M(100%)->64M(100%) 0.002s
[2026-06-17T10:07:37.936+0800][1.243s][info][gc          ] GC(47) Minor Collection (Allocation Stall) 64M(100%)->64M(100%) 0.006s
[2026-06-17T10:07:37.936+0800][1.243s][info][gc          ] GC(48) Major Collection (Allocation Stall)
[2026-06-17T10:07:37.936+0800][1.243s][info][gc,task     ] GC(48) Using 1 Workers for Young Generation
[2026-06-17T10:07:37.936+0800][1.243s][info][gc,task     ] GC(48) Using 1 Workers for Old Generation
[2026-06-17T10:07:37.936+0800][1.243s][info][gc,phases   ] GC(48) Y: Young Generation (Promote All)
[2026-06-17T10:07:37.936+0800][1.244s][info][gc,phases   ] GC(48) Y: Pause Mark Start 0.008ms
[2026-06-17T10:07:37.937+0800][1.244s][info][gc,phases   ] GC(48) Y: Concurrent Mark 0.406ms
[2026-06-17T10:07:37.937+0800][1.244s][info][gc,phases   ] GC(48) Y: Pause Mark End 0.004ms
[2026-06-17T10:07:37.937+0800][1.244s][info][gc,phases   ] GC(48) Y: Concurrent Mark Free 0.001ms
[2026-06-17T10:07:37.937+0800][1.244s][info][gc,phases   ] GC(48) Y: Concurrent Reset Relocation Set 0.001ms
[2026-06-17T10:07:37.937+0800][1.245s][info][gc,reloc    ] GC(48) Y: Using tenuring threshold: 0 (Promote All)
[2026-06-17T10:07:37.937+0800][1.245s][info][gc,phases   ] GC(48) Y: Concurrent Select Relocation Set 0.209ms
[2026-06-17T10:07:37.937+0800][1.245s][info][gc,phases   ] GC(48) Y: Pause Relocate Start 0.003ms
[2026-06-17T10:07:37.938+0800][1.245s][info][gc,phases   ] GC(48) Y: Concurrent Relocate 0.093ms
[2026-06-17T10:07:37.938+0800][1.245s][info][gc,alloc    ] GC(48) Y:                         Mark Start        Mark End      Relocate Start    Relocate End   
[2026-06-17T10:07:37.938+0800][1.245s][info][gc,alloc    ] GC(48) Y: Allocation Stalls:          1                1                1                1         
[2026-06-17T10:07:37.938+0800][1.245s][info][gc,load     ] GC(48) Y: Load: 0.41 (2%) / 0.44 (2%) / 0.49 (2%)
[2026-06-17T10:07:37.938+0800][1.245s][info][gc,mmu      ] GC(48) Y: MMU: 2ms/98.7%, 5ms/99.2%, 10ms/99.5%, 20ms/99.6%, 50ms/99.7%, 100ms/99.7%
[2026-06-17T10:07:37.938+0800][1.246s][info][gc,marking  ] GC(48) Y: Mark: 1 stripe(s), 1 proactive flush(es), 1 terminate flush(es), 0 completion(s), 0 continuation(s) 
[2026-06-17T10:07:37.938+0800][1.246s][info][gc,nmethod  ] GC(48) Y: NMethods: 69 registered, 4 unregistered
[2026-06-17T10:07:37.938+0800][1.246s][info][gc,metaspace] GC(48) Y: Metaspace: 0M used, 0M committed, 1088M reserved
[2026-06-17T10:07:37.939+0800][1.246s][info][gc,reloc    ] GC(48) Y:                        Candidates     Selected     In-Place         Size        Empty    Relocated 
[2026-06-17T10:07:37.939+0800][1.246s][info][gc,reloc    ] GC(48) Y: Small Pages:                    1            0            0           2M           0M           0M 
[2026-06-17T10:07:37.939+0800][1.246s][info][gc,reloc    ] GC(48) Y: Large Pages:                    0            0            0           0M           0M           0M 
[2026-06-17T10:07:37.939+0800][1.246s][info][gc,reloc    ] GC(48) Y: Forwarding Usage: 0M
[2026-06-17T10:07:37.939+0800][1.246s][info][gc,reloc    ] GC(48) Y: Age Table:
[2026-06-17T10:07:37.939+0800][1.246s][info][gc,reloc    ] GC(48) Y:                    Live             Garbage             Small              Medium             Large        
[2026-06-17T10:07:37.939+0800][1.246s][info][gc,reloc    ] GC(48) Y: Eden                -                 0M (0%)           0 / 0              0 / 0              0 / 0        
[2026-06-17T10:07:37.939+0800][1.247s][info][gc,reloc    ] GC(48) Y: Survivor 1         1M (3%)            0M (0%)           1 / 0              0 / 0              0 / 0        
[2026-06-17T10:07:37.939+0800][1.247s][info][gc,heap     ] GC(48) Y: Min Capacity: 64M(100%)
[2026-06-17T10:07:37.939+0800][1.247s][info][gc,heap     ] GC(48) Y: Max Capacity: 64M(100%)
[2026-06-17T10:07:37.939+0800][1.247s][info][gc,heap     ] GC(48) Y: Soft Max Capacity: 64M(100%)
[2026-06-17T10:07:37.939+0800][1.247s][info][gc,heap     ] GC(48) Y: Heap Statistics:
[2026-06-17T10:07:37.940+0800][1.247s][info][gc,heap     ] GC(48) Y:                Mark Start          Mark End        Relocate Start      Relocate End           High               Low         
[2026-06-17T10:07:37.940+0800][1.247s][info][gc,heap     ] GC(48) Y:  Capacity:       64M (100%)         64M (100%)         64M (100%)         64M (100%)         64M (100%)         64M (100%)   
[2026-06-17T10:07:37.940+0800][1.247s][info][gc,heap     ] GC(48) Y:      Free:        0M (0%)            0M (0%)            0M (0%)            0M (0%)            0M (0%)            0M (0%)     
[2026-06-17T10:07:37.940+0800][1.247s][info][gc,heap     ] GC(48) Y:      Used:       64M (100%)         64M (100%)         64M (100%)         64M (100%)         64M (100%)         64M (100%)   
[2026-06-17T10:07:37.940+0800][1.247s][info][gc,heap     ] GC(48) Y: Young Generation Statistics:
[2026-06-17T10:07:37.940+0800][1.247s][info][gc,heap     ] GC(48) Y:                Mark Start          Mark End        Relocate Start      Relocate End    
[2026-06-17T10:07:37.940+0800][1.247s][info][gc,heap     ] GC(48) Y:      Used:        2M (3%)            2M (3%)            0M (0%)            0M (0%)     
[2026-06-17T10:07:37.940+0800][1.248s][info][gc,heap     ] GC(48) Y:      Live:         -                 1M (3%)            0M (0%)            0M (0%)     
[2026-06-17T10:07:37.940+0800][1.248s][info][gc,heap     ] GC(48) Y:   Garbage:         -                 0M (0%)            0M (0%)            0M (0%)     
[2026-06-17T10:07:37.940+0800][1.248s][info][gc,heap     ] GC(48) Y: Allocated:         -                 0M (0%)            0M (0%)            0M (0%)     
[2026-06-17T10:07:37.940+0800][1.248s][info][gc,heap     ] GC(48) Y: Reclaimed:         -                  -                 0M (0%)            0M (0%)     
[2026-06-17T10:07:37.940+0800][1.248s][info][gc,heap     ] GC(48) Y:  Promoted:         -                  -                 1M (3%)            1M (3%)     
[2026-06-17T10:07:37.941+0800][1.248s][info][gc,heap     ] GC(48) Y: Compacted:         -                  -                  -                 0M (0%)     
[2026-06-17T10:07:37.941+0800][1.248s][info][gc,phases   ] GC(48) Y: Young Generation (Promote All) 64M(100%)->64M(100%) 0.002s
[2026-06-17T10:07:37.941+0800][1.248s][info][gc,phases   ] GC(48) Y: Young Generation (Collect Roots)
[2026-06-17T10:07:37.941+0800][1.248s][info][gc,phases   ] GC(48) Y: Pause Mark Start (Major) 0.010ms
[2026-06-17T10:07:37.941+0800][1.249s][info][gc,phases   ] GC(48) Y: Concurrent Mark 0.378ms
[2026-06-17T10:07:37.942+0800][1.249s][info][gc,phases   ] GC(48) Y: Pause Mark End 0.006ms
[2026-06-17T10:07:37.942+0800][1.249s][info][gc,phases   ] GC(48) Y: Concurrent Mark Free 0.000ms
[2026-06-17T10:07:37.942+0800][1.249s][info][gc,phases   ] GC(48) Y: Concurrent Reset Relocation Set 0.002ms
[2026-06-17T10:07:37.942+0800][1.249s][info][gc,reloc    ] GC(48) Y: Using tenuring threshold: 0 (Computed)
[2026-06-17T10:07:37.942+0800][1.249s][info][gc,phases   ] GC(48) Y: Concurrent Select Relocation Set 0.204ms
[2026-06-17T10:07:37.942+0800][1.250s][info][gc,phases   ] GC(48) Y: Pause Relocate Start 0.003ms
[2026-06-17T10:07:37.942+0800][1.250s][info][gc,phases   ] GC(48) Y: Concurrent Relocate 0.118ms
[2026-06-17T10:07:37.942+0800][1.250s][info][gc,alloc    ] GC(48) Y:                         Mark Start        Mark End      Relocate Start    Relocate End   
[2026-06-17T10:07:37.943+0800][1.250s][info][gc,alloc    ] GC(48) Y: Allocation Stalls:          1                1                1                1         
[2026-06-17T10:07:37.943+0800][1.250s][info][gc,load     ] GC(48) Y: Load: 0.41 (2%) / 0.44 (2%) / 0.49 (2%)
[2026-06-17T10:07:37.943+0800][1.250s][info][gc,mmu      ] GC(48) Y: MMU: 2ms/98.7%, 5ms/99.2%, 10ms/99.5%, 20ms/99.6%, 50ms/99.7%, 100ms/99.7%
[2026-06-17T10:07:37.943+0800][1.250s][info][gc,marking  ] GC(48) Y: Mark: 1 stripe(s), 1 proactive flush(es), 1 terminate flush(es), 0 completion(s), 0 continuation(s) 
[2026-06-17T10:07:37.943+0800][1.250s][info][gc,nmethod  ] GC(48) Y: NMethods: 69 registered, 4 unregistered
[2026-06-17T10:07:37.943+0800][1.250s][info][gc,metaspace] GC(48) Y: Metaspace: 0M used, 0M committed, 1088M reserved
[2026-06-17T10:07:37.943+0800][1.251s][info][gc,heap     ] GC(48) Y: Min Capacity: 64M(100%)
[2026-06-17T10:07:37.943+0800][1.251s][info][gc,heap     ] GC(48) Y: Max Capacity: 64M(100%)
[2026-06-17T10:07:37.943+0800][1.251s][info][gc,heap     ] GC(48) Y: Soft Max Capacity: 64M(100%)
[2026-06-17T10:07:37.943+0800][1.251s][info][gc,heap     ] GC(48) Y: Heap Statistics:
[2026-06-17T10:07:37.943+0800][1.251s][info][gc,heap     ] GC(48) Y:                Mark Start          Mark End        Relocate Start      Relocate End           High               Low         
[2026-06-17T10:07:37.944+0800][1.251s][info][gc,heap     ] GC(48) Y:  Capacity:       64M (100%)         64M (100%)         64M (100%)         64M (100%)         64M (100%)         64M (100%)   
[2026-06-17T10:07:37.944+0800][1.251s][info][gc,heap     ] GC(48) Y:      Free:        0M (0%)            0M (0%)            0M (0%)            0M (0%)            0M (0%)            0M (0%)     
[2026-06-17T10:07:37.944+0800][1.251s][info][gc,heap     ] GC(48) Y:      Used:       64M (100%)         64M (100%)         64M (100%)         64M (100%)         64M (100%)         64M (100%)   
[2026-06-17T10:07:37.944+0800][1.251s][info][gc,heap     ] GC(48) Y: Young Generation Statistics:
[2026-06-17T10:07:37.944+0800][1.251s][info][gc,heap     ] GC(48) Y:                Mark Start          Mark End        Relocate Start      Relocate End    
[2026-06-17T10:07:37.944+0800][1.251s][info][gc,heap     ] GC(48) Y:      Used:        0M (0%)            0M (0%)            0M (0%)            0M (0%)     
[2026-06-17T10:07:37.944+0800][1.251s][info][gc,heap     ] GC(48) Y:      Live:         -                 0M (0%)            0M (0%)            0M (0%)     
[2026-06-17T10:07:37.944+0800][1.251s][info][gc,heap     ] GC(48) Y:   Garbage:         -                 0M (0%)            0M (0%)            0M (0%)     
[2026-06-17T10:07:37.944+0800][1.252s][info][gc,heap     ] GC(48) Y: Allocated:         -                 0M (0%)            0M (0%)            0M (0%)     
[2026-06-17T10:07:37.944+0800][1.252s][info][gc,heap     ] GC(48) Y: Reclaimed:         -                  -                 0M (0%)            0M (0%)     
[2026-06-17T10:07:37.944+0800][1.252s][info][gc,heap     ] GC(48) Y:  Promoted:         -                  -                 0M (0%)            0M (0%)     
[2026-06-17T10:07:37.944+0800][1.252s][info][gc,heap     ] GC(48) Y: Compacted:         -                  -                  -                 0M (0%)     
[2026-06-17T10:07:37.945+0800][1.252s][info][gc,phases   ] GC(48) Y: Young Generation (Collect Roots) 64M(100%)->64M(100%) 0.002s
[2026-06-17T10:07:37.945+0800][1.252s][info][gc,phases   ] GC(48) O: Old Generation
[2026-06-17T10:07:37.946+0800][1.253s][info][gc,phases   ] GC(48) O: Concurrent Mark 1.190ms
[2026-06-17T10:07:37.946+0800][1.253s][info][gc,phases   ] GC(48) O: Pause Mark End 0.007ms
[2026-06-17T10:07:37.946+0800][1.254s][info][gc,phases   ] GC(48) O: Concurrent Mark Free 0.000ms
[2026-06-17T10:07:37.946+0800][1.254s][info][gc,ref      ] GC(48) O: Clearing All SoftReferences
[2026-06-17T10:07:37.947+0800][1.254s][info][gc,phases   ] GC(48) O: Concurrent Process Non-Strong 0.612ms
[2026-06-17T10:07:37.947+0800][1.254s][info][gc,phases   ] GC(48) O: Concurrent Reset Relocation Set 0.001ms
[2026-06-17T10:07:37.947+0800][1.255s][info][gc          ] Allocation Stall (main) 17.644ms
[2026-06-17T10:07:37.947+0800][1.255s][info][gc,phases   ] GC(48) O: Concurrent Select Relocation Set 0.062ms
[2026-06-17T10:07:37.947+0800][1.255s][info][gc,task     ] GC(48) O: Using 1 Workers for Old Generation
[2026-06-17T10:07:37.948+0800][1.255s][info][gc,task     ] GC(48) O: Using 1 Workers for Old Generation
[2026-06-17T10:07:37.948+0800][1.255s][info][gc,phases   ] GC(48) O: Concurrent Remap Roots 0.372ms
[2026-06-17T10:07:37.948+0800][1.255s][info][gc,phases   ] GC(48) O: Pause Relocate Start 0.006ms
[2026-06-17T10:07:37.948+0800][1.255s][info][gc          ] GC(49) Minor Collection (Allocation Stall)
[2026-06-17T10:07:37.948+0800][1.255s][info][gc,task     ] GC(49) Using 1 Workers for Young Generation
[2026-06-17T10:07:37.948+0800][1.256s][info][gc,phases   ] GC(49) y: Young Generation
[2026-06-17T10:07:37.948+0800][1.256s][info][gc          ] Allocation Stall (main) 1.074ms
[2026-06-17T10:07:37.949+0800][1.256s][info][gc,phases   ] GC(49) y: Pause Mark Start 0.008ms
[2026-06-17T10:07:37.950+0800][1.257s][info][gc,phases   ] GC(48) O: Concurrent Relocate 1.638ms
[2026-06-17T10:07:37.950+0800][1.257s][info][gc,phases   ] GC(49) y: Concurrent Mark 0.506ms
[2026-06-17T10:07:37.950+0800][1.258s][info][gc,phases   ] GC(49) y: Pause Mark End 0.005ms
[2026-06-17T10:07:37.981+0800][1.289s][info][gc,phases   ] GC(49) y: Concurrent Mark Free 0.003ms
[2026-06-17T10:07:37.983+0800][1.290s][info][gc,phases   ] GC(49) y: Concurrent Reset Relocation Set 0.001ms
[2026-06-17T10:07:37.984+0800][1.291s][info][gc,reloc    ] GC(49) y: Using tenuring threshold: 1 (Computed)
[2026-06-17T10:07:37.986+0800][1.294s][info][gc,phases   ] GC(49) y: Concurrent Select Relocation Set 2.582ms
[2026-06-17T10:07:37.988+0800][1.295s][info][gc,phases   ] GC(49) y: Pause Relocate Start 0.012ms
[2026-06-17T10:07:37.990+0800][1.297s][info][gc,phases   ] GC(49) y: Concurrent Relocate 0.119ms
[2026-06-17T10:07:37.991+0800][1.298s][info][gc,alloc    ] GC(49) y:                         Mark Start        Mark End      Relocate Start    Relocate End   
[2026-06-17T10:07:37.996+0800][1.304s][info][gc,alloc    ] GC(49) y: Allocation Stalls:          0                1                1                1         
[2026-06-17T10:07:38.010+0800][1.318s][info][gc,load     ] GC(49) y: Load: 0.41 (2%) / 0.44 (2%) / 0.49 (2%)
[2026-06-17T10:07:38.012+0800][1.320s][info][gc,mmu      ] GC(49) y: MMU: 2ms/98.7%, 5ms/99.2%, 10ms/99.5%, 20ms/99.6%, 50ms/99.7%, 100ms/99.7%
[2026-06-17T10:07:38.014+0800][1.322s][info][gc,marking  ] GC(49) y: Mark: 1 stripe(s), 2 proactive flush(es), 1 terminate flush(es), 0 completion(s), 0 continuation(s) 
[2026-06-17T10:07:38.020+0800][1.327s][info][gc,nmethod  ] GC(49) y: NMethods: 69 registered, 4 unregistered
[2026-06-17T10:07:38.021+0800][1.329s][info][gc,metaspace] GC(49) y: Metaspace: 0M used, 0M committed, 1088M reserved
[2026-06-17T10:07:38.022+0800][1.330s][info][gc,reloc    ] GC(49) y:                        Candidates     Selected     In-Place         Size        Empty    Relocated 
[2026-06-17T10:07:38.023+0800][1.330s][info][gc,reloc    ] GC(49) y: Small Pages:                    2            0            0           4M           0M           0M 
[2026-06-17T10:07:38.029+0800][1.336s][info][gc,reloc    ] GC(49) y: Large Pages:                    0            0            0           0M           0M           0M 
[2026-06-17T10:07:38.029+0800][1.337s][info][gc,reloc    ] GC(49) y: Forwarding Usage: 0M
[2026-06-17T10:07:38.029+0800][1.337s][info][gc,reloc    ] GC(49) y: Age Table:
[2026-06-17T10:07:38.030+0800][1.337s][info][gc,reloc    ] GC(49) y:                    Live             Garbage             Small              Medium             Large        
[2026-06-17T10:07:38.030+0800][1.337s][info][gc,reloc    ] GC(49) y: Eden               2M (3%)            1M (3%)           2 / 0              0 / 0              0 / 0        
[2026-06-17T10:07:38.030+0800][1.337s][info][gc,heap     ] GC(49) y: Min Capacity: 64M(100%)
[2026-06-17T10:07:38.030+0800][1.338s][info][gc,heap     ] GC(49) y: Max Capacity: 64M(100%)
[2026-06-17T10:07:38.030+0800][1.338s][info][gc,heap     ] GC(49) y: Soft Max Capacity: 64M(100%)
[2026-06-17T10:07:38.031+0800][1.338s][info][gc,heap     ] GC(49) y: Heap Statistics:
[2026-06-17T10:07:38.031+0800][1.338s][info][gc,heap     ] GC(49) y:                Mark Start          Mark End        Relocate Start      Relocate End           High               Low         
[2026-06-17T10:07:38.031+0800][1.339s][info][gc,heap     ] GC(49) y:  Capacity:       64M (100%)         64M (100%)         64M (100%)         64M (100%)         64M (100%)         64M (100%)   
[2026-06-17T10:07:38.032+0800][1.339s][info][gc,heap     ] GC(49) y:      Free:        0M (0%)            0M (0%)            0M (0%)            0M (0%)            0M (0%)            0M (0%)     
[2026-06-17T10:07:38.032+0800][1.340s][info][gc,heap     ] GC(49) y:      Used:       64M (100%)         64M (100%)         64M (100%)         64M (100%)         64M (100%)         64M (100%)   
[2026-06-17T10:07:38.033+0800][1.340s][info][gc,heap     ] GC(49) y: Young Generation Statistics:
[2026-06-17T10:07:38.033+0800][1.340s][info][gc,heap     ] GC(49) y:                Mark Start          Mark End        Relocate Start      Relocate End    
[2026-06-17T10:07:38.033+0800][1.341s][info][gc,heap     ] GC(49) y:      Used:        4M (6%)            4M (6%)            4M (6%)            4M (6%)     
[2026-06-17T10:07:38.033+0800][1.341s][info][gc,heap     ] GC(49) y:      Live:         -                 2M (3%)            2M (3%)            2M (3%)     
[2026-06-17T10:07:38.034+0800][1.341s][info][gc,heap     ] GC(49) y:   Garbage:         -                 1M (3%)            1M (3%)            1M (3%)     
[2026-06-17T10:07:38.034+0800][1.341s][info][gc,heap     ] GC(49) y: Allocated:         -                 0M (0%)            0M (0%)            0M (0%)     
[2026-06-17T10:07:38.034+0800][1.341s][info][gc,heap     ] GC(49) y: Reclaimed:         -                  -                 0M (0%)            0M (0%)     
[2026-06-17T10:07:38.034+0800][1.342s][info][gc,heap     ] GC(49) y:  Promoted:         -                  -                 0M (0%)            0M (0%)     
[2026-06-17T10:07:38.034+0800][1.342s][info][gc,heap     ] GC(49) y: Compacted:         -                  -                  -                 0M (0%)     
[2026-06-17T10:07:38.035+0800][1.342s][info][gc,phases   ] GC(49) y: Young Generation 64M(100%)->64M(100%) 0.042s
[2026-06-17T10:07:38.035+0800][1.342s][info][gc          ] GC(49) Minor Collection (Allocation Stall) 64M(100%)->64M(100%) 0.087s
[2026-06-17T10:07:38.035+0800][1.343s][info][gc          ] GC(50) Minor Collection (Allocation Stall)
[2026-06-17T10:07:38.036+0800][1.343s][info][gc,task     ] GC(50) Using 1 Workers for Young Generation
[2026-06-17T10:07:38.036+0800][1.343s][info][gc,phases   ] GC(50) y: Young Generation
[2026-06-17T10:07:38.036+0800][1.343s][info][gc,phases   ] GC(50) y: Pause Mark Start 0.010ms
[2026-06-17T10:07:38.036+0800][1.344s][info][gc,phases   ] GC(50) y: Concurrent Mark 0.438ms
[2026-06-17T10:07:38.037+0800][1.344s][info][gc,phases   ] GC(50) y: Pause Mark End 0.005ms
[2026-06-17T10:07:38.037+0800][1.344s][info][gc,phases   ] GC(50) y: Concurrent Mark Free 0.000ms
[2026-06-17T10:07:38.037+0800][1.344s][info][gc,phases   ] GC(50) y: Concurrent Reset Relocation Set 0.000ms
[2026-06-17T10:07:38.037+0800][1.344s][info][gc,reloc    ] GC(50) y: Using tenuring threshold: 2 (Computed)
[2026-06-17T10:07:38.037+0800][1.345s][info][gc,phases   ] GC(50) y: Concurrent Select Relocation Set 0.205ms
[2026-06-17T10:07:38.037+0800][1.345s][info][gc,phases   ] GC(50) y: Pause Relocate Start 0.005ms
[2026-06-17T10:07:38.038+0800][1.345s][info][gc,phases   ] GC(50) y: Concurrent Relocate 0.154ms
[2026-06-17T10:07:38.038+0800][1.345s][info][gc,alloc    ] GC(50) y:                         Mark Start        Mark End      Relocate Start    Relocate End   
[2026-06-17T10:07:38.038+0800][1.346s][info][gc,alloc    ] GC(50) y: Allocation Stalls:          1                1                1                1         
[2026-06-17T10:07:38.038+0800][1.346s][info][gc,load     ] GC(50) y: Load: 0.41 (2%) / 0.44 (2%) / 0.49 (2%)
[2026-06-17T10:07:38.038+0800][1.346s][info][gc,mmu      ] GC(50) y: MMU: 2ms/98.7%, 5ms/99.2%, 10ms/99.5%, 20ms/99.6%, 50ms/99.7%, 100ms/99.7%
[2026-06-17T10:07:38.038+0800][1.346s][info][gc,marking  ] GC(50) y: Mark: 1 stripe(s), 1 proactive flush(es), 1 terminate flush(es), 0 completion(s), 0 continuation(s) 
[2026-06-17T10:07:38.039+0800][1.346s][info][gc,nmethod  ] GC(50) y: NMethods: 69 registered, 4 unregistered
[2026-06-17T10:07:38.039+0800][1.346s][info][gc,metaspace] GC(50) y: Metaspace: 0M used, 0M committed, 1088M reserved
[2026-06-17T10:07:38.039+0800][1.346s][info][gc,reloc    ] GC(50) y:                        Candidates     Selected     In-Place         Size        Empty    Relocated 
[2026-06-17T10:07:38.039+0800][1.346s][info][gc,reloc    ] GC(50) y: Small Pages:                    2            0            0           4M           0M           0M 
[2026-06-17T10:07:38.039+0800][1.346s][info][gc,reloc    ] GC(50) y: Large Pages:                    0            0            0           0M           0M           0M 
[2026-06-17T10:07:38.039+0800][1.346s][info][gc,reloc    ] GC(50) y: Forwarding Usage: 0M
[2026-06-17T10:07:38.039+0800][1.347s][info][gc,reloc    ] GC(50) y: Age Table:
[2026-06-17T10:07:38.039+0800][1.347s][info][gc,reloc    ] GC(50) y:                    Live             Garbage             Small              Medium             Large        
[2026-06-17T10:07:38.039+0800][1.347s][info][gc,reloc    ] GC(50) y: Eden                -                 0M (0%)           0 / 0              0 / 0              0 / 0        
[2026-06-17T10:07:38.039+0800][1.347s][info][gc,reloc    ] GC(50) y: Survivor 1         2M (3%)            1M (3%)           2 / 0              0 / 0              0 / 0        
[2026-06-17T10:07:38.040+0800][1.347s][info][gc,heap     ] GC(50) y: Min Capacity: 64M(100%)
[2026-06-17T10:07:38.040+0800][1.347s][info][gc,heap     ] GC(50) y: Max Capacity: 64M(100%)
[2026-06-17T10:07:38.040+0800][1.347s][info][gc,heap     ] GC(50) y: Soft Max Capacity: 64M(100%)
[2026-06-17T10:07:38.040+0800][1.347s][info][gc,heap     ] GC(50) y: Heap Statistics:
[2026-06-17T10:07:38.040+0800][1.347s][info][gc,heap     ] GC(50) y:                Mark Start          Mark End        Relocate Start      Relocate End           High               Low         
[2026-06-17T10:07:38.040+0800][1.347s][info][gc,heap     ] GC(50) y:  Capacity:       64M (100%)         64M (100%)         64M (100%)         64M (100%)         64M (100%)         64M (100%)   
[2026-06-17T10:07:38.040+0800][1.347s][info][gc,heap     ] GC(50) y:      Free:        0M (0%)            0M (0%)            0M (0%)            0M (0%)            0M (0%)            0M (0%)     
[2026-06-17T10:07:38.040+0800][1.348s][info][gc,heap     ] GC(50) y:      Used:       64M (100%)         64M (100%)         64M (100%)         64M (100%)         64M (100%)         64M (100%)   
[2026-06-17T10:07:38.040+0800][1.348s][info][gc,heap     ] GC(50) y: Young Generation Statistics:
[2026-06-17T10:07:38.040+0800][1.348s][info][gc,heap     ] GC(50) y:                Mark Start          Mark End        Relocate Start      Relocate End    
[2026-06-17T10:07:38.040+0800][1.348s][info][gc,heap     ] GC(50) y:      Used:        4M (6%)            4M (6%)            4M (6%)            4M (6%)     
[2026-06-17T10:07:38.040+0800][1.348s][info][gc,heap     ] GC(50) y:      Live:         -                 2M (3%)            2M (3%)            2M (3%)     
[2026-06-17T10:07:38.041+0800][1.348s][info][gc,heap     ] GC(50) y:   Garbage:         -                 1M (3%)            1M (3%)            1M (3%)     
[2026-06-17T10:07:38.041+0800][1.348s][info][gc,heap     ] GC(50) y: Allocated:         -                 0M (0%)            0M (0%)            0M (0%)     
[2026-06-17T10:07:38.041+0800][1.348s][info][gc,heap     ] GC(50) y: Reclaimed:         -                  -                 0M (0%)            0M (0%)     
[2026-06-17T10:07:38.041+0800][1.348s][info][gc,heap     ] GC(50) y:  Promoted:         -                  -                 0M (0%)            0M (0%)     
[2026-06-17T10:07:38.041+0800][1.348s][info][gc,heap     ] GC(50) y: Compacted:         -                  -                  -                 0M (0%)     
[2026-06-17T10:07:38.041+0800][1.348s][info][gc,phases   ] GC(50) y: Young Generation 64M(100%)->64M(100%) 0.002s
[2026-06-17T10:07:38.041+0800][1.349s][info][gc          ] GC(50) Minor Collection (Allocation Stall) 64M(100%)->64M(100%) 0.006s
[2026-06-17T10:07:38.041+0800][1.349s][info][gc,alloc    ] GC(48) O:                         Mark Start        Mark End      Relocate Start    Relocate End   
[2026-06-17T10:07:38.041+0800][1.349s][info][gc,alloc    ] GC(48) O: Allocation Stalls:          1                1                1                1         
[2026-06-17T10:07:38.042+0800][1.349s][info][gc,load     ] GC(48) O: Load: 0.41 (2%) / 0.44 (2%) / 0.49 (2%)
[2026-06-17T10:07:38.042+0800][1.349s][info][gc,mmu      ] GC(48) O: MMU: 2ms/98.7%, 5ms/99.2%, 10ms/99.5%, 20ms/99.6%, 50ms/99.7%, 100ms/99.7%
[2026-06-17T10:07:38.042+0800][1.349s][info][gc,marking  ] GC(48) O: Mark: 1 stripe(s), 1 proactive flush(es), 1 terminate flush(es), 0 completion(s), 0 continuation(s) 
[2026-06-17T10:07:38.042+0800][1.349s][info][gc,nmethod  ] GC(48) O: NMethods: 69 registered, 4 unregistered
[2026-06-17T10:07:38.042+0800][1.349s][info][gc,metaspace] GC(48) O: Metaspace: 0M used, 0M committed, 1088M reserved
[2026-06-17T10:07:38.042+0800][1.350s][info][gc,ref      ] GC(48) O:                       Encountered   Discovered     Enqueued 
[2026-06-17T10:07:38.042+0800][1.350s][info][gc,ref      ] GC(48) O: Soft References:                0            0            0 
[2026-06-17T10:07:38.052+0800][1.359s][info][gc,ref      ] GC(48) O: Weak References:                6            0            0 
[2026-06-17T10:07:38.052+0800][1.360s][info][gc,ref      ] GC(48) O: Final References:               0            0            0 
[2026-06-17T10:07:38.054+0800][1.362s][info][gc,ref      ] GC(48) O: Phantom References:             1            1            0 
[2026-06-17T10:07:38.067+0800][1.374s][info][gc,reloc    ] GC(48) O:                        Candidates     Selected     In-Place         Size        Empty    Relocated 
[2026-06-17T10:07:38.067+0800][1.375s][info][gc,reloc    ] GC(48) O: Small Pages:                    5            1            2          10M           2M           1M 
[2026-06-17T10:07:38.068+0800][1.375s][info][gc,reloc    ] GC(48) O: Large Pages:                   27            0            0          54M           0M           0M 
[2026-06-17T10:07:38.068+0800][1.376s][info][gc,reloc    ] GC(48) O: Forwarding Usage: 0M
[2026-06-17T10:07:38.069+0800][1.376s][info][gc,heap     ] GC(48) O: Min Capacity: 64M(100%)
[2026-06-17T10:07:38.069+0800][1.377s][info][gc,heap     ] GC(48) O: Max Capacity: 64M(100%)
[2026-06-17T10:07:38.070+0800][1.377s][info][gc,heap     ] GC(48) O: Soft Max Capacity: 64M(100%)
[2026-06-17T10:07:38.072+0800][1.379s][info][gc,heap     ] GC(48) O: Heap Statistics:
[2026-06-17T10:07:38.076+0800][1.383s][info][gc,heap     ] GC(48) O:                Mark Start          Mark End        Relocate Start      Relocate End           High               Low         
[2026-06-17T10:07:38.077+0800][1.384s][info][gc,heap     ] GC(48) O:  Capacity:       64M (100%)         64M (100%)         64M (100%)         64M (100%)         64M (100%)         64M (100%)   
[2026-06-17T10:07:38.082+0800][1.390s][info][gc,heap     ] GC(48) O:      Free:        0M (0%)            0M (0%)            0M (0%)            0M (0%)            2M (3%)            0M (0%)     
[2026-06-17T10:07:38.085+0800][1.393s][info][gc,heap     ] GC(48) O:      Used:       64M (100%)         64M (100%)         64M (100%)         64M (100%)         64M (100%)         62M (97%)    
[2026-06-17T10:07:38.085+0800][1.393s][info][gc,heap     ] GC(48) O: Old Generation Statistics:
[2026-06-17T10:07:38.086+0800][1.393s][info][gc,heap     ] GC(48) O:                Mark Start          Mark End        Relocate Start      Relocate End    
[2026-06-17T10:07:38.086+0800][1.393s][info][gc,heap     ] GC(48) O:      Used:       64M (100%)         64M (100%)         62M (97%)          60M (94%)    
[2026-06-17T10:07:38.091+0800][1.398s][info][gc,heap     ] GC(48) O:      Live:         -                59M (93%)          59M (93%)          59M (93%)    
[2026-06-17T10:07:38.091+0800][1.399s][info][gc,heap     ] GC(48) O:   Garbage:         -                 4M (7%)            2M (4%)            0M (0%)     
[2026-06-17T10:07:38.094+0800][1.402s][info][gc,heap     ] GC(48) O: Allocated:         -                 0M (0%)            0M (0%)            0M (1%)     
[2026-06-17T10:07:38.096+0800][1.403s][info][gc,heap     ] GC(48) O: Reclaimed:         -                  -                 2M (3%)            4M (7%)     
[2026-06-17T10:07:38.098+0800][1.405s][info][gc,heap     ] GC(48) O: Compacted:         -                  -                  -                 3M (5%)     
[2026-06-17T10:07:38.099+0800][1.406s][info][gc,phases   ] GC(48) O: Old Generation 64M(100%)->64M(100%) 0.097s
[2026-06-17T10:07:38.100+0800][1.407s][info][gc          ] GC(48) Major Collection (Allocation Stall) 64M(100%)->64M(100%) 0.164s
[2026-06-17T10:07:38.101+0800][1.408s][info][gc          ] GC(51) Major Collection (Allocation Stall)
[2026-06-17T10:07:38.108+0800][1.415s][info][gc,task     ] GC(51) Using 1 Workers for Young Generation
[2026-06-17T10:07:38.109+0800][1.416s][info][gc,task     ] GC(51) Using 1 Workers for Old Generation
[2026-06-17T10:07:38.114+0800][1.421s][info][gc,phases   ] GC(51) Y: Young Generation (Promote All)
[2026-06-17T10:07:38.114+0800][1.421s][info][gc,phases   ] GC(51) Y: Pause Mark Start 0.011ms
[2026-06-17T10:07:38.118+0800][1.426s][info][gc,phases   ] GC(51) Y: Concurrent Mark 0.427ms
[2026-06-17T10:07:38.120+0800][1.428s][info][gc,phases   ] GC(51) Y: Pause Mark End 0.008ms
[2026-06-17T10:07:38.121+0800][1.429s][info][gc,phases   ] GC(51) Y: Concurrent Mark Free 0.001ms
[2026-06-17T10:07:38.123+0800][1.431s][info][gc,phases   ] GC(51) Y: Concurrent Reset Relocation Set 0.001ms
[2026-06-17T10:07:38.124+0800][1.431s][info][gc,reloc    ] GC(51) Y: Using tenuring threshold: 0 (Promote All)
[2026-06-17T10:07:38.124+0800][1.432s][info][gc,phases   ] GC(51) Y: Concurrent Select Relocation Set 0.797ms
[2026-06-17T10:07:38.126+0800][1.433s][info][gc,phases   ] GC(51) Y: Pause Relocate Start 0.010ms
[2026-06-17T10:07:38.126+0800][1.434s][info][gc,phases   ] GC(51) Y: Concurrent Relocate 0.105ms
[2026-06-17T10:07:38.126+0800][1.434s][info][gc,alloc    ] GC(51) Y:                         Mark Start        Mark End      Relocate Start    Relocate End   
[2026-06-17T10:07:38.127+0800][1.434s][info][gc,alloc    ] GC(51) Y: Allocation Stalls:          1                1                1                1         
[2026-06-17T10:07:38.127+0800][1.434s][info][gc,load     ] GC(51) Y: Load: 0.41 (2%) / 0.44 (2%) / 0.49 (2%)
[2026-06-17T10:07:38.128+0800][1.435s][info][gc,mmu      ] GC(51) Y: MMU: 2ms/98.7%, 5ms/99.2%, 10ms/99.5%, 20ms/99.6%, 50ms/99.7%, 100ms/99.7%
[2026-06-17T10:07:38.128+0800][1.435s][info][gc,marking  ] GC(51) Y: Mark: 1 stripe(s), 1 proactive flush(es), 1 terminate flush(es), 0 completion(s), 0 continuation(s) 
[2026-06-17T10:07:38.128+0800][1.436s][info][gc,nmethod  ] GC(51) Y: NMethods: 69 registered, 4 unregistered
[2026-06-17T10:07:38.129+0800][1.436s][info][gc,metaspace] GC(51) Y: Metaspace: 0M used, 0M committed, 1088M reserved
[2026-06-17T10:07:38.129+0800][1.437s][info][gc,reloc    ] GC(51) Y:                        Candidates     Selected     In-Place         Size        Empty    Relocated 
[2026-06-17T10:07:38.130+0800][1.437s][info][gc,reloc    ] GC(51) Y: Small Pages:                    2            0            0           4M           0M           0M 
[2026-06-17T10:07:38.131+0800][1.439s][info][gc,reloc    ] GC(51) Y: Large Pages:                    0            0            0           0M           0M           0M 
[2026-06-17T10:07:38.132+0800][1.439s][info][gc,reloc    ] GC(51) Y: Forwarding Usage: 0M
[2026-06-17T10:07:38.132+0800][1.440s][info][gc,reloc    ] GC(51) Y: Age Table:
[2026-06-17T10:07:38.132+0800][1.440s][info][gc,reloc    ] GC(51) Y:                    Live             Garbage             Small              Medium             Large        
[2026-06-17T10:07:38.133+0800][1.440s][info][gc,reloc    ] GC(51) Y: Eden                -                 0M (0%)           0 / 0              0 / 0              0 / 0        
[2026-06-17T10:07:38.133+0800][1.440s][info][gc,reloc    ] GC(51) Y: Survivor 1          -                 0M (0%)           0 / 0              0 / 0              0 / 0        
[2026-06-17T10:07:38.133+0800][1.441s][info][gc,reloc    ] GC(51) Y: Survivor 2         2M (3%)            1M (3%)           2 / 0              0 / 0              0 / 0        
[2026-06-17T10:07:38.134+0800][1.441s][info][gc,heap     ] GC(51) Y: Min Capacity: 64M(100%)
[2026-06-17T10:07:38.134+0800][1.442s][info][gc,heap     ] GC(51) Y: Max Capacity: 64M(100%)
[2026-06-17T10:07:38.135+0800][1.442s][info][gc,heap     ] GC(51) Y: Soft Max Capacity: 64M(100%)
[2026-06-17T10:07:38.135+0800][1.443s][info][gc,heap     ] GC(51) Y: Heap Statistics:
[2026-06-17T10:07:38.136+0800][1.443s][info][gc,heap     ] GC(51) Y:                Mark Start          Mark End        Relocate Start      Relocate End           High               Low         
[2026-06-17T10:07:38.137+0800][1.444s][info][gc,heap     ] GC(51) Y:  Capacity:       64M (100%)         64M (100%)         64M (100%)         64M (100%)         64M (100%)         64M (100%)   
[2026-06-17T10:07:38.137+0800][1.445s][info][gc,heap     ] GC(51) Y:      Free:        0M (0%)            0M (0%)            0M (0%)            0M (0%)            0M (0%)            0M (0%)     
[2026-06-17T10:07:38.139+0800][1.446s][info][gc,heap     ] GC(51) Y:      Used:       64M (100%)         64M (100%)         64M (100%)         64M (100%)         64M (100%)         64M (100%)   
[2026-06-17T10:07:38.139+0800][1.447s][info][gc,heap     ] GC(51) Y: Young Generation Statistics:
[2026-06-17T10:07:38.139+0800][1.447s][info][gc,heap     ] GC(51) Y:                Mark Start          Mark End        Relocate Start      Relocate End    
[2026-06-17T10:07:38.140+0800][1.447s][info][gc,heap     ] GC(51) Y:      Used:        4M (6%)            4M (6%)            0M (0%)            0M (0%)     
[2026-06-17T10:07:38.141+0800][1.448s][info][gc,heap     ] GC(51) Y:      Live:         -                 2M (3%)            0M (0%)            0M (0%)     
[2026-06-17T10:07:38.141+0800][1.449s][info][gc,heap     ] GC(51) Y:   Garbage:         -                 1M (3%)            0M (0%)            0M (0%)     
[2026-06-17T10:07:38.142+0800][1.449s][info][gc,heap     ] GC(51) Y: Allocated:         -                 0M (0%)            0M (0%)            0M (0%)     
[2026-06-17T10:07:38.142+0800][1.450s][info][gc,heap     ] GC(51) Y: Reclaimed:         -                  -                 1M (3%)            1M (3%)     
[2026-06-17T10:07:38.143+0800][1.450s][info][gc,heap     ] GC(51) Y:  Promoted:         -                  -                 2M (3%)            2M (3%)     
[2026-06-17T10:07:38.143+0800][1.451s][info][gc,heap     ] GC(51) Y: Compacted:         -                  -                  -                 0M (0%)     
[2026-06-17T10:07:38.148+0800][1.455s][info][gc,phases   ] GC(51) Y: Young Generation (Promote All) 64M(100%)->64M(100%) 0.013s
[2026-06-17T10:07:38.149+0800][1.456s][info][gc,phases   ] GC(51) Y: Young Generation (Collect Roots)
[2026-06-17T10:07:38.149+0800][1.457s][info][gc,phases   ] GC(51) Y: Pause Mark Start (Major) 0.015ms
[2026-06-17T10:07:38.150+0800][1.457s][info][gc,phases   ] GC(51) Y: Concurrent Mark 0.502ms
[2026-06-17T10:07:38.151+0800][1.459s][info][gc,phases   ] GC(51) Y: Pause Mark End 0.005ms
[2026-06-17T10:07:38.154+0800][1.461s][info][gc,phases   ] GC(51) Y: Concurrent Mark Free 0.001ms
[2026-06-17T10:07:38.155+0800][1.462s][info][gc,phases   ] GC(51) Y: Concurrent Reset Relocation Set 0.003ms
[2026-06-17T10:07:38.155+0800][1.463s][info][gc,reloc    ] GC(51) Y: Using tenuring threshold: 0 (Computed)
[2026-06-17T10:07:38.156+0800][1.463s][info][gc,phases   ] GC(51) Y: Concurrent Select Relocation Set 0.496ms
[2026-06-17T10:07:38.158+0800][1.465s][info][gc,phases   ] GC(51) Y: Pause Relocate Start 0.010ms
[2026-06-17T10:07:38.158+0800][1.466s][info][gc,phases   ] GC(51) Y: Concurrent Relocate 0.156ms
[2026-06-17T10:07:38.159+0800][1.466s][info][gc,alloc    ] GC(51) Y:                         Mark Start        Mark End      Relocate Start    Relocate End   
[2026-06-17T10:07:38.159+0800][1.466s][info][gc,alloc    ] GC(51) Y: Allocation Stalls:          1                1                1                1         
[2026-06-17T10:07:38.159+0800][1.467s][info][gc,load     ] GC(51) Y: Load: 0.41 (2%) / 0.44 (2%) / 0.49 (2%)
[2026-06-17T10:07:38.160+0800][1.467s][info][gc,mmu      ] GC(51) Y: MMU: 2ms/98.7%, 5ms/99.2%, 10ms/99.5%, 20ms/99.6%, 50ms/99.7%, 100ms/99.7%
[2026-06-17T10:07:38.160+0800][1.467s][info][gc,marking  ] GC(51) Y: Mark: 1 stripe(s), 1 proactive flush(es), 1 terminate flush(es), 0 completion(s), 0 continuation(s) 
[2026-06-17T10:07:38.160+0800][1.467s][info][gc,nmethod  ] GC(51) Y: NMethods: 69 registered, 4 unregistered
[2026-06-17T10:07:38.160+0800][1.468s][info][gc,metaspace] GC(51) Y: Metaspace: 0M used, 0M committed, 1088M reserved
[2026-06-17T10:07:38.163+0800][1.470s][info][gc,heap     ] GC(51) Y: Min Capacity: 64M(100%)
[2026-06-17T10:07:38.164+0800][1.471s][info][gc,heap     ] GC(51) Y: Max Capacity: 64M(100%)
[2026-06-17T10:07:38.166+0800][1.473s][info][gc,heap     ] GC(51) Y: Soft Max Capacity: 64M(100%)
[2026-06-17T10:07:38.166+0800][1.473s][info][gc,heap     ] GC(51) Y: Heap Statistics:
[2026-06-17T10:07:38.166+0800][1.474s][info][gc,heap     ] GC(51) Y:                Mark Start          Mark End        Relocate Start      Relocate End           High               Low         
[2026-06-17T10:07:38.168+0800][1.475s][info][gc,heap     ] GC(51) Y:  Capacity:       64M (100%)         64M (100%)         64M (100%)         64M (100%)         64M (100%)         64M (100%)   
[2026-06-17T10:07:38.171+0800][1.479s][info][gc,heap     ] GC(51) Y:      Free:        0M (0%)            0M (0%)            0M (0%)            0M (0%)            0M (0%)            0M (0%)     
[2026-06-17T10:07:38.172+0800][1.480s][info][gc,heap     ] GC(51) Y:      Used:       64M (100%)         64M (100%)         64M (100%)         64M (100%)         64M (100%)         64M (100%)   
[2026-06-17T10:07:38.172+0800][1.480s][info][gc,heap     ] GC(51) Y: Young Generation Statistics:
[2026-06-17T10:07:38.173+0800][1.480s][info][gc,heap     ] GC(51) Y:                Mark Start          Mark End        Relocate Start      Relocate End    
[2026-06-17T10:07:38.174+0800][1.481s][info][gc,heap     ] GC(51) Y:      Used:        0M (0%)            0M (0%)            0M (0%)            0M (0%)     
[2026-06-17T10:07:38.174+0800][1.482s][info][gc,heap     ] GC(51) Y:      Live:         -                 0M (0%)            0M (0%)            0M (0%)     
[2026-06-17T10:07:38.176+0800][1.483s][info][gc,heap     ] GC(51) Y:   Garbage:         -                 0M (0%)            0M (0%)            0M (0%)     
[2026-06-17T10:07:38.176+0800][1.484s][info][gc,heap     ] GC(51) Y: Allocated:         -                 0M (0%)            0M (0%)            0M (0%)     
[2026-06-17T10:07:38.177+0800][1.485s][info][gc,heap     ] GC(51) Y: Reclaimed:         -                  -                 0M (0%)            0M (0%)     
[2026-06-17T10:07:38.178+0800][1.485s][info][gc,heap     ] GC(51) Y:  Promoted:         -                  -                 0M (0%)            0M (0%)     
[2026-06-17T10:07:38.179+0800][1.487s][info][gc,heap     ] GC(51) Y: Compacted:         -                  -                  -                 0M (0%)     
[2026-06-17T10:07:38.180+0800][1.488s][info][gc,phases   ] GC(51) Y: Young Generation (Collect Roots) 64M(100%)->64M(100%) 0.010s
[2026-06-17T10:07:38.182+0800][1.490s][info][gc,phases   ] GC(51) O: Old Generation
[2026-06-17T10:07:38.185+0800][1.492s][info][gc,phases   ] GC(51) O: Concurrent Mark 1.218ms
[2026-06-17T10:07:38.187+0800][1.494s][info][gc,phases   ] GC(51) O: Pause Mark End 0.011ms
[2026-06-17T10:07:38.191+0800][1.498s][info][gc,phases   ] GC(51) O: Concurrent Mark Free 0.001ms
[2026-06-17T10:07:38.196+0800][1.503s][info][gc,ref      ] GC(51) O: Clearing All SoftReferences
[2026-06-17T10:07:38.196+0800][1.504s][info][gc,phases   ] GC(51) O: Concurrent Process Non-Strong 0.626ms
[2026-06-17T10:07:38.197+0800][1.505s][info][gc,phases   ] GC(51) O: Concurrent Reset Relocation Set 0.001ms
[2026-06-17T10:07:38.199+0800][1.506s][info][gc,phases   ] GC(51) O: Concurrent Select Relocation Set 0.043ms
[2026-06-17T10:07:38.201+0800][1.508s][info][gc,task     ] GC(51) O: Using 1 Workers for Old Generation
[2026-06-17T10:07:38.201+0800][1.508s][info][gc,task     ] GC(51) O: Using 1 Workers for Old Generation
[2026-06-17T10:07:38.202+0800][1.509s][info][gc,phases   ] GC(51) O: Concurrent Remap Roots 1.182ms
[2026-06-17T10:07:38.203+0800][1.510s][info][gc,phases   ] GC(51) O: Pause Relocate Start 0.007ms
[2026-06-17T10:07:38.204+0800][1.511s][info][gc,phases   ] GC(51) O: Concurrent Relocate 0.231ms
[2026-06-17T10:07:38.205+0800][1.512s][info][gc,alloc    ] GC(51) O:                         Mark Start        Mark End      Relocate Start    Relocate End   
[2026-06-17T10:07:38.205+0800][1.513s][info][gc,alloc    ] GC(51) O: Allocation Stalls:          1                1                1                0         
[2026-06-17T10:07:38.206+0800][1.513s][info][gc,load     ] GC(51) O: Load: 0.41 (2%) / 0.44 (2%) / 0.49 (2%)
[2026-06-17T10:07:38.206+0800][1.513s][info][gc,mmu      ] GC(51) O: MMU: 2ms/98.7%, 5ms/99.2%, 10ms/99.5%, 20ms/99.6%, 50ms/99.7%, 100ms/99.7%
[2026-06-17T10:07:38.206+0800][1.514s][info][gc,marking  ] GC(51) O: Mark: 1 stripe(s), 1 proactive flush(es), 1 terminate flush(es), 0 completion(s), 0 continuation(s) 
[2026-06-17T10:07:38.208+0800][1.516s][info][gc,nmethod  ] GC(51) O: NMethods: 69 registered, 4 unregistered
[2026-06-17T10:07:38.210+0800][1.517s][info][gc,metaspace] GC(51) O: Metaspace: 0M used, 0M committed, 1088M reserved
[2026-06-17T10:07:38.212+0800][1.519s][info][gc,ref      ] GC(51) O:                       Encountered   Discovered     Enqueued 
[2026-06-17T10:07:38.214+0800][1.522s][info][gc,ref      ] GC(51) O: Soft References:                0            0            0 
[2026-06-17T10:07:38.215+0800][1.522s][info][gc,ref      ] GC(51) O: Weak References:                6            0            0 
[2026-06-17T10:07:38.215+0800][1.523s][info][gc,ref      ] GC(51) O: Final References:               0            0            0 
[2026-06-17T10:07:38.216+0800][1.523s][info][gc,ref      ] GC(51) O: Phantom References:             1            1            0 
[2026-06-17T10:07:38.204+0800][1.511s][info][gc          ] Allocation Stall (main) 254.720ms
[2026-06-17T10:07:38.218+0800][1.525s][info][gc,reloc    ] GC(51) O:                        Candidates     Selected     In-Place         Size        Empty    Relocated 
[2026-06-17T10:07:38.221+0800][1.528s][info][gc,reloc    ] GC(51) O: Small Pages:                    5            1            1          10M           0M           1M 
[2026-06-17T10:07:38.222+0800][1.529s][info][gc,reloc    ] GC(51) O: Large Pages:                   27            0            0          54M           0M           0M 
[2026-06-17T10:07:38.223+0800][1.531s][info][gc,reloc    ] GC(51) O: Forwarding Usage: 0M
[2026-06-17T10:07:38.225+0800][1.533s][info][gc,heap     ] GC(51) O: Min Capacity: 64M(100%)
[2026-06-17T10:07:38.226+0800][1.534s][info][gc,heap     ] GC(51) O: Max Capacity: 64M(100%)
[2026-06-17T10:07:38.226+0800][1.534s][info][gc,heap     ] GC(51) O: Soft Max Capacity: 64M(100%)
[2026-06-17T10:07:38.228+0800][1.535s][info][gc,heap     ] GC(51) O: Heap Statistics:
[2026-06-17T10:07:38.232+0800][1.539s][info][gc,heap     ] GC(51) O:                Mark Start          Mark End        Relocate Start      Relocate End           High               Low         
[2026-06-17T10:07:38.234+0800][1.541s][info][gc,heap     ] GC(51) O:  Capacity:       64M (100%)         64M (100%)         64M (100%)         64M (100%)         64M (100%)         64M (100%)   
[2026-06-17T10:07:38.237+0800][1.544s][info][gc,heap     ] GC(51) O:      Free:        0M (0%)            0M (0%)            0M (0%)            0M (0%)            2M (3%)            0M (0%)     
[2026-06-17T10:07:38.237+0800][1.544s][info][gc,heap     ] GC(51) O:      Used:       64M (100%)         64M (100%)         64M (100%)         64M (100%)         64M (100%)         62M (97%)    
[2026-06-17T10:07:38.237+0800][1.545s][info][gc,heap     ] GC(51) O: Old Generation Statistics:
[2026-06-17T10:07:38.238+0800][1.545s][info][gc,heap     ] GC(51) O:                Mark Start          Mark End        Relocate Start      Relocate End    
[2026-06-17T10:07:38.238+0800][1.545s][info][gc,heap     ] GC(51) O:      Used:       64M (100%)         64M (100%)         64M (100%)         62M (97%)    
[2026-06-17T10:07:38.238+0800][1.546s][info][gc,heap     ] GC(51) O:      Live:         -                61M (96%)          61M (96%)          61M (96%)    
[2026-06-17T10:07:38.238+0800][1.546s][info][gc,heap     ] GC(51) O:   Garbage:         -                 2M (4%)            2M (4%)            0M (0%)     
[2026-06-17T10:07:38.239+0800][1.546s][info][gc,heap     ] GC(51) O: Allocated:         -                 0M (0%)            0M (0%)            0M (1%)     
[2026-06-17T10:07:38.239+0800][1.546s][info][gc,heap     ] GC(51) O: Reclaimed:         -                  -                 0M (0%)            2M (4%)     
[2026-06-17T10:07:38.239+0800][1.547s][info][gc,heap     ] GC(51) O: Compacted:         -                  -                  -                 1M (2%)     
[2026-06-17T10:07:38.240+0800][1.547s][info][gc,phases   ] GC(51) O: Old Generation 64M(100%)->64M(100%) 0.023s
[2026-06-17T10:07:38.240+0800][1.547s][info][gc          ] GC(51) Major Collection (Allocation Stall) 64M(100%)->64M(100%) 0.139s
[2026-06-17T10:07:38.240+0800][1.547s][info][gc          ] GC(52) Minor Collection (Allocation Stall)
[2026-06-17T10:07:38.240+0800][1.548s][info][gc,task     ] GC(52) Using 1 Workers for Young Generation
[2026-06-17T10:07:38.241+0800][1.548s][info][gc,phases   ] GC(52) y: Young Generation
[2026-06-17T10:07:38.241+0800][1.548s][info][gc,phases   ] GC(52) y: Pause Mark Start 0.010ms
[2026-06-17T10:07:38.242+0800][1.549s][info][gc,phases   ] GC(52) y: Concurrent Mark 0.406ms
[2026-06-17T10:07:38.242+0800][1.549s][info][gc,phases   ] GC(52) y: Pause Mark End 0.004ms
[2026-06-17T10:07:38.242+0800][1.550s][info][gc,phases   ] GC(52) y: Concurrent Mark Free 0.001ms
[2026-06-17T10:07:38.243+0800][1.550s][info][gc,phases   ] GC(52) y: Concurrent Reset Relocation Set 0.001ms
[2026-06-17T10:07:38.243+0800][1.550s][info][gc,reloc    ] GC(52) y: Using tenuring threshold: 1 (Computed)
[2026-06-17T10:07:38.243+0800][1.551s][info][gc,phases   ] GC(52) y: Concurrent Select Relocation Set 0.364ms
[2026-06-17T10:07:38.243+0800][1.551s][info][gc,phases   ] GC(52) y: Pause Relocate Start 0.003ms
[2026-06-17T10:07:38.244+0800][1.552s][info][gc,phases   ] GC(52) y: Concurrent Relocate 0.084ms
[2026-06-17T10:07:38.245+0800][1.553s][info][gc,alloc    ] GC(52) y:                         Mark Start        Mark End      Relocate Start    Relocate End   
[2026-06-17T10:07:38.248+0800][1.555s][info][gc,alloc    ] GC(52) y: Allocation Stalls:          1                1                1                1         
[2026-06-17T10:07:38.250+0800][1.558s][info][gc,load     ] GC(52) y: Load: 0.41 (2%) / 0.44 (2%) / 0.49 (2%)
[2026-06-17T10:07:38.252+0800][1.559s][info][gc,mmu      ] GC(52) y: MMU: 2ms/98.7%, 5ms/99.2%, 10ms/99.5%, 20ms/99.6%, 50ms/99.7%, 100ms/99.7%
[2026-06-17T10:07:38.254+0800][1.561s][info][gc,marking  ] GC(52) y: Mark: 1 stripe(s), 1 proactive flush(es), 1 terminate flush(es), 0 completion(s), 0 continuation(s) 
[2026-06-17T10:07:38.256+0800][1.564s][info][gc,nmethod  ] GC(52) y: NMethods: 69 registered, 4 unregistered
[2026-06-17T10:07:38.257+0800][1.564s][info][gc,metaspace] GC(52) y: Metaspace: 0M used, 0M committed, 1088M reserved
[2026-06-17T10:07:38.260+0800][1.567s][info][gc,reloc    ] GC(52) y:                        Candidates     Selected     In-Place         Size        Empty    Relocated 
[2026-06-17T10:07:38.262+0800][1.569s][info][gc,reloc    ] GC(52) y: Small Pages:                    1            0            0           2M           0M           0M 
[2026-06-17T10:07:38.263+0800][1.570s][info][gc,reloc    ] GC(52) y: Large Pages:                    0            0            0           0M           0M           0M 
[2026-06-17T10:07:38.263+0800][1.571s][info][gc,reloc    ] GC(52) y: Forwarding Usage: 0M
[2026-06-17T10:07:38.263+0800][1.571s][info][gc,reloc    ] GC(52) y: Age Table:
[2026-06-17T10:07:38.264+0800][1.571s][info][gc,reloc    ] GC(52) y:                    Live             Garbage             Small              Medium             Large        
[2026-06-17T10:07:38.264+0800][1.571s][info][gc,reloc    ] GC(52) y: Eden               0M (1%)            1M (2%)           1 / 0              0 / 0              0 / 0        
[2026-06-17T10:07:38.264+0800][1.571s][info][gc,heap     ] GC(52) y: Min Capacity: 64M(100%)
[2026-06-17T10:07:38.264+0800][1.571s][info][gc,heap     ] GC(52) y: Max Capacity: 64M(100%)
[2026-06-17T10:07:38.264+0800][1.572s][info][gc,heap     ] GC(52) y: Soft Max Capacity: 64M(100%)
[2026-06-17T10:07:38.264+0800][1.572s][info][gc,heap     ] GC(52) y: Heap Statistics:
[2026-06-17T10:07:38.265+0800][1.572s][info][gc,heap     ] GC(52) y:                Mark Start          Mark End        Relocate Start      Relocate End           High               Low         
[2026-06-17T10:07:38.265+0800][1.572s][info][gc,heap     ] GC(52) y:  Capacity:       64M (100%)         64M (100%)         64M (100%)         64M (100%)         64M (100%)         64M (100%)   
[2026-06-17T10:07:38.265+0800][1.572s][info][gc,heap     ] GC(52) y:      Free:        0M (0%)            0M (0%)            0M (0%)            0M (0%)            0M (0%)            0M (0%)     
[2026-06-17T10:07:38.265+0800][1.572s][info][gc,heap     ] GC(52) y:      Used:       64M (100%)         64M (100%)         64M (100%)         64M (100%)         64M (100%)         64M (100%)   
[2026-06-17T10:07:38.265+0800][1.573s][info][gc,heap     ] GC(52) y: Young Generation Statistics:
[2026-06-17T10:07:38.265+0800][1.573s][info][gc,heap     ] GC(52) y:                Mark Start          Mark End        Relocate Start      Relocate End    
[2026-06-17T10:07:38.266+0800][1.573s][info][gc,heap     ] GC(52) y:      Used:        2M (3%)            2M (3%)            2M (3%)            2M (3%)     
[2026-06-17T10:07:38.266+0800][1.573s][info][gc,heap     ] GC(52) y:      Live:         -                 0M (1%)            0M (1%)            0M (1%)     
[2026-06-17T10:07:38.266+0800][1.574s][info][gc,heap     ] GC(52) y:   Garbage:         -                 1M (2%)            1M (2%)            1M (2%)     
[2026-06-17T10:07:38.266+0800][1.574s][info][gc,heap     ] GC(52) y: Allocated:         -                 0M (0%)            0M (0%)            0M (0%)     
[2026-06-17T10:07:38.266+0800][1.574s][info][gc,heap     ] GC(52) y: Reclaimed:         -                  -                 0M (0%)            0M (0%)     
[2026-06-17T10:07:38.267+0800][1.574s][info][gc,heap     ] GC(52) y:  Promoted:         -                  -                 0M (0%)            0M (0%)     
[2026-06-17T10:07:38.267+0800][1.574s][info][gc,heap     ] GC(52) y: Compacted:         -                  -                  -                 0M (0%)     
[2026-06-17T10:07:38.267+0800][1.574s][info][gc,phases   ] GC(52) y: Young Generation 64M(100%)->64M(100%) 0.005s
[2026-06-17T10:07:38.267+0800][1.574s][info][gc          ] GC(52) Minor Collection (Allocation Stall) 64M(100%)->64M(100%) 0.027s
[2026-06-17T10:07:38.267+0800][1.575s][info][gc          ] GC(53) Major Collection (Allocation Stall)
[2026-06-17T10:07:38.268+0800][1.575s][info][gc,task     ] GC(53) Using 1 Workers for Young Generation
[2026-06-17T10:07:38.268+0800][1.575s][info][gc,task     ] GC(53) Using 1 Workers for Old Generation
[2026-06-17T10:07:38.268+0800][1.575s][info][gc,phases   ] GC(53) Y: Young Generation (Promote All)
[2026-06-17T10:07:38.268+0800][1.576s][info][gc,phases   ] GC(53) Y: Pause Mark Start 0.011ms
[2026-06-17T10:07:38.269+0800][1.576s][info][gc,phases   ] GC(53) Y: Concurrent Mark 0.594ms
[2026-06-17T10:07:38.269+0800][1.577s][info][gc,phases   ] GC(53) Y: Pause Mark End 0.007ms
[2026-06-17T10:07:38.269+0800][1.577s][info][gc,phases   ] GC(53) Y: Concurrent Mark Free 0.001ms
[2026-06-17T10:07:38.270+0800][1.577s][info][gc,phases   ] GC(53) Y: Concurrent Reset Relocation Set 0.001ms
[2026-06-17T10:07:38.270+0800][1.577s][info][gc,reloc    ] GC(53) Y: Using tenuring threshold: 0 (Promote All)
[2026-06-17T10:07:38.270+0800][1.577s][info][gc,phases   ] GC(53) Y: Concurrent Select Relocation Set 0.267ms
[2026-06-17T10:07:38.270+0800][1.578s][info][gc,phases   ] GC(53) Y: Pause Relocate Start 0.006ms
[2026-06-17T10:07:38.270+0800][1.578s][info][gc,phases   ] GC(53) Y: Concurrent Relocate 0.126ms
[2026-06-17T10:07:38.271+0800][1.578s][info][gc,alloc    ] GC(53) Y:                         Mark Start        Mark End      Relocate Start    Relocate End   
[2026-06-17T10:07:38.271+0800][1.578s][info][gc,alloc    ] GC(53) Y: Allocation Stalls:          1                1                1                1         
[2026-06-17T10:07:38.271+0800][1.578s][info][gc,load     ] GC(53) Y: Load: 0.41 (2%) / 0.44 (2%) / 0.49 (2%)
[2026-06-17T10:07:38.271+0800][1.578s][info][gc,mmu      ] GC(53) Y: MMU: 2ms/98.7%, 5ms/99.2%, 10ms/99.5%, 20ms/99.6%, 50ms/99.7%, 100ms/99.7%
[2026-06-17T10:07:38.271+0800][1.578s][info][gc,marking  ] GC(53) Y: Mark: 1 stripe(s), 1 proactive flush(es), 1 terminate flush(es), 0 completion(s), 0 continuation(s) 
[2026-06-17T10:07:38.271+0800][1.578s][info][gc,nmethod  ] GC(53) Y: NMethods: 69 registered, 4 unregistered
[2026-06-17T10:07:38.271+0800][1.579s][info][gc,metaspace] GC(53) Y: Metaspace: 0M used, 0M committed, 1088M reserved
[2026-06-17T10:07:38.271+0800][1.579s][info][gc,reloc    ] GC(53) Y:                        Candidates     Selected     In-Place         Size        Empty    Relocated 
[2026-06-17T10:07:38.271+0800][1.579s][info][gc,reloc    ] GC(53) Y: Small Pages:                    1            0            0           2M           0M           0M 
[2026-06-17T10:07:38.272+0800][1.579s][info][gc,reloc    ] GC(53) Y: Large Pages:                    0            0            0           0M           0M           0M 
[2026-06-17T10:07:38.272+0800][1.579s][info][gc,reloc    ] GC(53) Y: Forwarding Usage: 0M
[2026-06-17T10:07:38.272+0800][1.579s][info][gc,reloc    ] GC(53) Y: Age Table:
[2026-06-17T10:07:38.272+0800][1.579s][info][gc,reloc    ] GC(53) Y:                    Live             Garbage             Small              Medium             Large        
[2026-06-17T10:07:38.272+0800][1.579s][info][gc,reloc    ] GC(53) Y: Eden                -                 0M (0%)           0 / 0              0 / 0              0 / 0        
[2026-06-17T10:07:38.272+0800][1.579s][info][gc,reloc    ] GC(53) Y: Survivor 1         0M (1%)            1M (2%)           1 / 0              0 / 0              0 / 0        
[2026-06-17T10:07:38.272+0800][1.580s][info][gc,heap     ] GC(53) Y: Min Capacity: 64M(100%)
[2026-06-17T10:07:38.272+0800][1.580s][info][gc,heap     ] GC(53) Y: Max Capacity: 64M(100%)
[2026-06-17T10:07:38.272+0800][1.580s][info][gc,heap     ] GC(53) Y: Soft Max Capacity: 64M(100%)
[2026-06-17T10:07:38.272+0800][1.580s][info][gc,heap     ] GC(53) Y: Heap Statistics:
[2026-06-17T10:07:38.273+0800][1.580s][info][gc,heap     ] GC(53) Y:                Mark Start          Mark End        Relocate Start      Relocate End           High               Low         
[2026-06-17T10:07:38.273+0800][1.580s][info][gc,heap     ] GC(53) Y:  Capacity:       64M (100%)         64M (100%)         64M (100%)         64M (100%)         64M (100%)         64M (100%)   
[2026-06-17T10:07:38.273+0800][1.580s][info][gc,heap     ] GC(53) Y:      Free:        0M (0%)            0M (0%)            0M (0%)            0M (0%)            0M (0%)            0M (0%)     
[2026-06-17T10:07:38.273+0800][1.580s][info][gc,heap     ] GC(53) Y:      Used:       64M (100%)         64M (100%)         64M (100%)         64M (100%)         64M (100%)         64M (100%)   
[2026-06-17T10:07:38.273+0800][1.580s][info][gc,heap     ] GC(53) Y: Young Generation Statistics:
[2026-06-17T10:07:38.273+0800][1.580s][info][gc,heap     ] GC(53) Y:                Mark Start          Mark End        Relocate Start      Relocate End    
[2026-06-17T10:07:38.273+0800][1.580s][info][gc,heap     ] GC(53) Y:      Used:        2M (3%)            2M (3%)            0M (0%)            0M (0%)     
[2026-06-17T10:07:38.273+0800][1.581s][info][gc,heap     ] GC(53) Y:      Live:         -                 0M (1%)            0M (0%)            0M (0%)     
[2026-06-17T10:07:38.273+0800][1.581s][info][gc,heap     ] GC(53) Y:   Garbage:         -                 1M (2%)            0M (0%)            0M (0%)     
[2026-06-17T10:07:38.273+0800][1.581s][info][gc,heap     ] GC(53) Y: Allocated:         -                 0M (0%)            0M (0%)            0M (0%)     
[2026-06-17T10:07:38.273+0800][1.581s][info][gc,heap     ] GC(53) Y: Reclaimed:         -                  -                 1M (2%)            1M (2%)     
[2026-06-17T10:07:38.274+0800][1.581s][info][gc,heap     ] GC(53) Y:  Promoted:         -                  -                 0M (1%)            0M (1%)     
[2026-06-17T10:07:38.274+0800][1.581s][info][gc,heap     ] GC(53) Y: Compacted:         -                  -                  -                 0M (0%)     
[2026-06-17T10:07:38.274+0800][1.581s][info][gc,phases   ] GC(53) Y: Young Generation (Promote All) 64M(100%)->64M(100%) 0.002s
[2026-06-17T10:07:38.274+0800][1.582s][info][gc,phases   ] GC(53) Y: Young Generation (Collect Roots)
[2026-06-17T10:07:38.274+0800][1.582s][info][gc,phases   ] GC(53) Y: Pause Mark Start (Major) 0.007ms
[2026-06-17T10:07:38.275+0800][1.582s][info][gc,phases   ] GC(53) Y: Concurrent Mark 0.398ms
[2026-06-17T10:07:38.275+0800][1.582s][info][gc,phases   ] GC(53) Y: Pause Mark End 0.005ms
[2026-06-17T10:07:38.275+0800][1.582s][info][gc,phases   ] GC(53) Y: Concurrent Mark Free 0.000ms
[2026-06-17T10:07:38.275+0800][1.583s][info][gc,phases   ] GC(53) Y: Concurrent Reset Relocation Set 0.001ms
[2026-06-17T10:07:38.275+0800][1.583s][info][gc,reloc    ] GC(53) Y: Using tenuring threshold: 0 (Computed)
[2026-06-17T10:07:38.275+0800][1.583s][info][gc,phases   ] GC(53) Y: Concurrent Select Relocation Set 0.199ms
[2026-06-17T10:07:38.276+0800][1.583s][info][gc,phases   ] GC(53) Y: Pause Relocate Start 0.003ms
[2026-06-17T10:07:38.276+0800][1.583s][info][gc,phases   ] GC(53) Y: Concurrent Relocate 0.091ms
[2026-06-17T10:07:38.276+0800][1.583s][info][gc,alloc    ] GC(53) Y:                         Mark Start        Mark End      Relocate Start    Relocate End   
[2026-06-17T10:07:38.276+0800][1.583s][info][gc,alloc    ] GC(53) Y: Allocation Stalls:          1                1                1                1         
[2026-06-17T10:07:38.276+0800][1.583s][info][gc,load     ] GC(53) Y: Load: 0.41 (2%) / 0.44 (2%) / 0.49 (2%)
[2026-06-17T10:07:38.276+0800][1.583s][info][gc,mmu      ] GC(53) Y: MMU: 2ms/98.7%, 5ms/99.2%, 10ms/99.5%, 20ms/99.6%, 50ms/99.7%, 100ms/99.7%
[2026-06-17T10:07:38.276+0800][1.584s][info][gc,marking  ] GC(53) Y: Mark: 1 stripe(s), 1 proactive flush(es), 1 terminate flush(es), 0 completion(s), 0 continuation(s) 
[2026-06-17T10:07:38.276+0800][1.584s][info][gc,nmethod  ] GC(53) Y: NMethods: 69 registered, 4 unregistered
[2026-06-17T10:07:38.276+0800][1.584s][info][gc,metaspace] GC(53) Y: Metaspace: 0M used, 0M committed, 1088M reserved
[2026-06-17T10:07:38.276+0800][1.584s][info][gc,heap     ] GC(53) Y: Min Capacity: 64M(100%)
[2026-06-17T10:07:38.277+0800][1.584s][info][gc,heap     ] GC(53) Y: Max Capacity: 64M(100%)
[2026-06-17T10:07:38.277+0800][1.584s][info][gc,heap     ] GC(53) Y: Soft Max Capacity: 64M(100%)
[2026-06-17T10:07:38.277+0800][1.584s][info][gc,heap     ] GC(53) Y: Heap Statistics:
[2026-06-17T10:07:38.277+0800][1.584s][info][gc,heap     ] GC(53) Y:                Mark Start          Mark End        Relocate Start      Relocate End           High               Low         
[2026-06-17T10:07:38.277+0800][1.584s][info][gc,heap     ] GC(53) Y:  Capacity:       64M (100%)         64M (100%)         64M (100%)         64M (100%)         64M (100%)         64M (100%)   
[2026-06-17T10:07:38.277+0800][1.584s][info][gc,heap     ] GC(53) Y:      Free:        0M (0%)            0M (0%)            0M (0%)            0M (0%)            0M (0%)            0M (0%)     
[2026-06-17T10:07:38.277+0800][1.584s][info][gc,heap     ] GC(53) Y:      Used:       64M (100%)         64M (100%)         64M (100%)         64M (100%)         64M (100%)         64M (100%)   
[2026-06-17T10:07:38.277+0800][1.584s][info][gc,heap     ] GC(53) Y: Young Generation Statistics:
[2026-06-17T10:07:38.277+0800][1.585s][info][gc,heap     ] GC(53) Y:                Mark Start          Mark End        Relocate Start      Relocate End    
[2026-06-17T10:07:38.277+0800][1.585s][info][gc,heap     ] GC(53) Y:      Used:        0M (0%)            0M (0%)            0M (0%)            0M (0%)     
[2026-06-17T10:07:38.277+0800][1.585s][info][gc,heap     ] GC(53) Y:      Live:         -                 0M (0%)            0M (0%)            0M (0%)     
[2026-06-17T10:07:38.277+0800][1.585s][info][gc,heap     ] GC(53) Y:   Garbage:         -                 0M (0%)            0M (0%)            0M (0%)     
[2026-06-17T10:07:38.277+0800][1.585s][info][gc,heap     ] GC(53) Y: Allocated:         -                 0M (0%)            0M (0%)            0M (0%)     
[2026-06-17T10:07:38.277+0800][1.585s][info][gc,heap     ] GC(53) Y: Reclaimed:         -                  -                 0M (0%)            0M (0%)     
[2026-06-17T10:07:38.278+0800][1.585s][info][gc,heap     ] GC(53) Y:  Promoted:         -                  -                 0M (0%)            0M (0%)     
[2026-06-17T10:07:38.278+0800][1.585s][info][gc,heap     ] GC(53) Y: Compacted:         -                  -                  -                 0M (0%)     
[2026-06-17T10:07:38.278+0800][1.585s][info][gc,phases   ] GC(53) Y: Young Generation (Collect Roots) 64M(100%)->64M(100%) 0.002s
[2026-06-17T10:07:38.278+0800][1.585s][info][gc,phases   ] GC(53) O: Old Generation
[2026-06-17T10:07:38.279+0800][1.586s][info][gc,phases   ] GC(53) O: Concurrent Mark 0.848ms
[2026-06-17T10:07:38.279+0800][1.586s][info][gc,phases   ] GC(53) O: Pause Mark End 0.004ms
[2026-06-17T10:07:38.279+0800][1.586s][info][gc,phases   ] GC(53) O: Concurrent Mark Free 0.000ms
[2026-06-17T10:07:38.279+0800][1.586s][info][gc,ref      ] GC(53) O: Clearing All SoftReferences
[2026-06-17T10:07:38.279+0800][1.587s][info][gc,phases   ] GC(53) O: Concurrent Process Non-Strong 0.279ms
[2026-06-17T10:07:38.279+0800][1.587s][info][gc,phases   ] GC(53) O: Concurrent Reset Relocation Set 0.001ms
[2026-06-17T10:07:38.279+0800][1.587s][info][gc          ] Allocation Stall (main) 59.436ms
[2026-06-17T10:07:38.280+0800][1.587s][info][gc,phases   ] GC(53) O: Concurrent Select Relocation Set 0.059ms
[2026-06-17T10:07:38.280+0800][1.587s][info][gc          ] GC(54) Minor Collection (Allocation Stall)
[2026-06-17T10:07:38.280+0800][1.588s][info][gc,task     ] GC(54) Using 1 Workers for Young Generation
[2026-06-17T10:07:38.280+0800][1.588s][info][gc,phases   ] GC(54) y: Young Generation
[2026-06-17T10:07:38.281+0800][1.588s][info][gc,phases   ] GC(54) y: Pause Mark Start 0.006ms
[2026-06-17T10:07:38.281+0800][1.588s][info][gc,phases   ] GC(54) y: Concurrent Mark 0.394ms
[2026-06-17T10:07:38.281+0800][1.589s][info][gc,phases   ] GC(54) y: Pause Mark End 0.004ms
[2026-06-17T10:07:38.281+0800][1.589s][info][gc,phases   ] GC(54) y: Concurrent Mark Free 0.000ms
[2026-06-17T10:07:38.281+0800][1.589s][info][gc,phases   ] GC(54) y: Concurrent Reset Relocation Set 0.000ms
[2026-06-17T10:07:38.281+0800][1.589s][info][gc,reloc    ] GC(54) y: Using tenuring threshold: 1 (Computed)
[2026-06-17T10:07:38.282+0800][1.589s][info][gc,phases   ] GC(54) y: Concurrent Select Relocation Set 0.184ms
[2026-06-17T10:07:38.282+0800][1.589s][info][gc,phases   ] GC(54) y: Pause Relocate Start 0.003ms
[2026-06-17T10:07:38.282+0800][1.589s][info][gc,phases   ] GC(54) y: Concurrent Relocate 0.097ms
[2026-06-17T10:07:38.282+0800][1.590s][info][gc,alloc    ] GC(54) y:                         Mark Start        Mark End      Relocate Start    Relocate End   
[2026-06-17T10:07:38.282+0800][1.590s][info][gc,alloc    ] GC(54) y: Allocation Stalls:          1                1                1                1         
[2026-06-17T10:07:38.282+0800][1.590s][info][gc,load     ] GC(54) y: Load: 0.41 (2%) / 0.44 (2%) / 0.49 (2%)
[2026-06-17T10:07:38.283+0800][1.590s][info][gc,mmu      ] GC(54) y: MMU: 2ms/98.7%, 5ms/99.2%, 10ms/99.5%, 20ms/99.6%, 50ms/99.7%, 100ms/99.7%
[2026-06-17T10:07:38.283+0800][1.590s][info][gc,marking  ] GC(54) y: Mark: 1 stripe(s), 1 proactive flush(es), 1 terminate flush(es), 0 completion(s), 0 continuation(s) 
[2026-06-17T10:07:38.283+0800][1.590s][info][gc,nmethod  ] GC(54) y: NMethods: 69 registered, 4 unregistered
[2026-06-17T10:07:38.283+0800][1.590s][info][gc,metaspace] GC(54) y: Metaspace: 0M used, 0M committed, 1088M reserved
[2026-06-17T10:07:38.283+0800][1.590s][info][gc,reloc    ] GC(54) y:                        Candidates     Selected     In-Place         Size        Empty    Relocated 
[2026-06-17T10:07:38.283+0800][1.590s][info][gc,reloc    ] GC(54) y: Small Pages:                    0            0            0           0M           0M           0M 
[2026-06-17T10:07:38.283+0800][1.590s][info][gc,reloc    ] GC(54) y: Large Pages:                    1            0            0           2M           0M           0M 
[2026-06-17T10:07:38.283+0800][1.591s][info][gc,reloc    ] GC(54) y: Forwarding Usage: 0M
[2026-06-17T10:07:38.283+0800][1.591s][info][gc,reloc    ] GC(54) y: Age Table:
[2026-06-17T10:07:38.283+0800][1.591s][info][gc,reloc    ] GC(54) y:                    Live             Garbage             Small              Medium             Large        
[2026-06-17T10:07:38.283+0800][1.591s][info][gc,reloc    ] GC(54) y: Eden               2M (3%)            0M (0%)           0 / 0              0 / 0              1 / 0        
[2026-06-17T10:07:38.283+0800][1.591s][info][gc,heap     ] GC(54) y: Min Capacity: 64M(100%)
[2026-06-17T10:07:38.283+0800][1.591s][info][gc,heap     ] GC(54) y: Max Capacity: 64M(100%)
[2026-06-17T10:07:38.284+0800][1.591s][info][gc,heap     ] GC(54) y: Soft Max Capacity: 64M(100%)
[2026-06-17T10:07:38.284+0800][1.591s][info][gc,heap     ] GC(54) y: Heap Statistics:
[2026-06-17T10:07:38.284+0800][1.591s][info][gc,heap     ] GC(54) y:                Mark Start          Mark End        Relocate Start      Relocate End           High               Low         
[2026-06-17T10:07:38.284+0800][1.591s][info][gc,heap     ] GC(54) y:  Capacity:       64M (100%)         64M (100%)         64M (100%)         64M (100%)         64M (100%)         64M (100%)   
[2026-06-17T10:07:38.284+0800][1.591s][info][gc,heap     ] GC(54) y:      Free:        0M (0%)            0M (0%)            0M (0%)            0M (0%)            0M (0%)            0M (0%)     
[2026-06-17T10:07:38.284+0800][1.591s][info][gc,heap     ] GC(54) y:      Used:       64M (100%)         64M (100%)         64M (100%)         64M (100%)         64M (100%)         64M (100%)   
[2026-06-17T10:07:38.284+0800][1.591s][info][gc,heap     ] GC(54) y: Young Generation Statistics:
[2026-06-17T10:07:38.284+0800][1.591s][info][gc,heap     ] GC(54) y:                Mark Start          Mark End        Relocate Start      Relocate End    
[2026-06-17T10:07:38.284+0800][1.592s][info][gc,heap     ] GC(54) y:      Used:        2M (3%)            2M (3%)            2M (3%)            2M (3%)     
[2026-06-17T10:07:38.284+0800][1.592s][info][gc,heap     ] GC(54) y:      Live:         -                 2M (3%)            2M (3%)            2M (3%)     
[2026-06-17T10:07:38.284+0800][1.592s][info][gc,heap     ] GC(54) y:   Garbage:         -                 0M (0%)            0M (0%)            0M (0%)     
[2026-06-17T10:07:38.284+0800][1.592s][info][gc,heap     ] GC(54) y: Allocated:         -                 0M (0%)            0M (0%)            0M (0%)     
[2026-06-17T10:07:38.284+0800][1.592s][info][gc,heap     ] GC(54) y: Reclaimed:         -                  -                 0M (0%)            0M (0%)     
[2026-06-17T10:07:38.284+0800][1.592s][info][gc,heap     ] GC(54) y:  Promoted:         -                  -                 0M (0%)            0M (0%)     
[2026-06-17T10:07:38.284+0800][1.592s][info][gc,heap     ] GC(54) y: Compacted:         -                  -                  -                 0M (0%)     
[2026-06-17T10:07:38.285+0800][1.592s][info][gc,phases   ] GC(54) y: Young Generation 64M(100%)->64M(100%) 0.002s
[2026-06-17T10:07:38.285+0800][1.592s][info][gc          ] GC(54) Minor Collection (Allocation Stall) 64M(100%)->64M(100%) 0.005s
[2026-06-17T10:07:38.285+0800][1.592s][info][gc,task     ] GC(53) O: Using 1 Workers for Old Generation
[2026-06-17T10:07:38.285+0800][1.592s][info][gc,task     ] GC(53) O: Using 1 Workers for Old Generation
[2026-06-17T10:07:38.285+0800][1.592s][info][gc,phases   ] GC(53) O: Concurrent Remap Roots 0.307ms
[2026-06-17T10:07:38.285+0800][1.593s][info][gc,phases   ] GC(53) O: Pause Relocate Start 0.004ms
[2026-06-17T10:07:38.286+0800][1.593s][info][gc          ] Allocation Stall (main) 6.086ms
[2026-06-17T10:07:38.286+0800][1.593s][info][gc,phases   ] GC(53) O: Concurrent Relocate 0.707ms
[2026-06-17T10:07:38.286+0800][1.594s][info][gc          ] GC(55) Minor Collection (Allocation Rate)
[2026-06-17T10:07:38.286+0800][1.594s][info][gc,task     ] GC(55) Using 1 Workers for Young Generation
[2026-06-17T10:07:38.287+0800][1.594s][info][gc,phases   ] GC(55) y: Young Generation
[2026-06-17T10:07:38.287+0800][1.594s][info][gc,phases   ] GC(55) y: Pause Mark Start 0.005ms
[2026-06-17T10:07:38.287+0800][1.595s][info][gc,phases   ] GC(55) y: Concurrent Mark 0.354ms
[2026-06-17T10:07:38.287+0800][1.595s][info][gc,phases   ] GC(55) y: Pause Mark End 0.003ms
[2026-06-17T10:07:38.287+0800][1.595s][info][gc,phases   ] GC(55) y: Concurrent Mark Free 0.000ms
[2026-06-17T10:07:38.287+0800][1.595s][info][gc,phases   ] GC(55) y: Concurrent Reset Relocation Set 0.000ms
[2026-06-17T10:07:38.287+0800][1.595s][info][gc,reloc    ] GC(55) y: Using tenuring threshold: 1 (Computed)
[2026-06-17T10:07:38.288+0800][1.595s][info][gc,phases   ] GC(55) y: Concurrent Select Relocation Set 0.178ms
[2026-06-17T10:07:38.288+0800][1.595s][info][gc,phases   ] GC(55) y: Pause Relocate Start 0.002ms
[2026-06-17T10:07:38.288+0800][1.595s][info][gc,phases   ] GC(55) y: Concurrent Relocate 0.084ms
[2026-06-17T10:07:38.288+0800][1.595s][info][gc,alloc    ] GC(55) y:                         Mark Start        Mark End      Relocate Start    Relocate End   
[2026-06-17T10:07:38.288+0800][1.595s][info][gc,alloc    ] GC(55) y: Allocation Stalls:          1                1                1                1         
[2026-06-17T10:07:38.288+0800][1.596s][info][gc,load     ] GC(55) y: Load: 0.41 (2%) / 0.44 (2%) / 0.49 (2%)
[2026-06-17T10:07:38.288+0800][1.596s][info][gc,mmu      ] GC(55) y: MMU: 2ms/98.7%, 5ms/99.2%, 10ms/99.5%, 20ms/99.6%, 50ms/99.7%, 100ms/99.7%
[2026-06-17T10:07:38.288+0800][1.596s][info][gc,marking  ] GC(55) y: Mark: 1 stripe(s), 1 proactive flush(es), 1 terminate flush(es), 0 completion(s), 0 continuation(s) 
[2026-06-17T10:07:38.288+0800][1.596s][info][gc,nmethod  ] GC(55) y: NMethods: 69 registered, 4 unregistered
[2026-06-17T10:07:38.288+0800][1.596s][info][gc,metaspace] GC(55) y: Metaspace: 0M used, 0M committed, 1088M reserved
[2026-06-17T10:07:38.288+0800][1.596s][info][gc,reloc    ] GC(55) y:                        Candidates     Selected     In-Place         Size        Empty    Relocated 
[2026-06-17T10:07:38.289+0800][1.596s][info][gc,reloc    ] GC(55) y: Small Pages:                    1            0            0           2M           0M           0M 
[2026-06-17T10:07:38.289+0800][1.596s][info][gc,reloc    ] GC(55) y: Large Pages:                    1            0            0           2M           0M           0M 
[2026-06-17T10:07:38.289+0800][1.596s][info][gc,reloc    ] GC(55) y: Forwarding Usage: 0M
[2026-06-17T10:07:38.289+0800][1.596s][info][gc,reloc    ] GC(55) y: Age Table:
[2026-06-17T10:07:38.289+0800][1.596s][info][gc,reloc    ] GC(55) y:                    Live             Garbage             Small              Medium             Large        
[2026-06-17T10:07:38.289+0800][1.596s][info][gc,reloc    ] GC(55) y: Eden               0M (0%)            1M (3%)           1 / 0              0 / 0              0 / 0        
[2026-06-17T10:07:38.289+0800][1.596s][info][gc,reloc    ] GC(55) y: Survivor 1         2M (3%)            0M (0%)           0 / 0              0 / 0              1 / 0        
[2026-06-17T10:07:38.289+0800][1.596s][info][gc,heap     ] GC(55) y: Min Capacity: 64M(100%)
[2026-06-17T10:07:38.289+0800][1.597s][info][gc,heap     ] GC(55) y: Max Capacity: 64M(100%)
[2026-06-17T10:07:38.289+0800][1.597s][info][gc,heap     ] GC(55) y: Soft Max Capacity: 64M(100%)
[2026-06-17T10:07:38.289+0800][1.597s][info][gc,heap     ] GC(55) y: Heap Statistics:
[2026-06-17T10:07:38.289+0800][1.597s][info][gc,heap     ] GC(55) y:                Mark Start          Mark End        Relocate Start      Relocate End           High               Low         
[2026-06-17T10:07:38.289+0800][1.597s][info][gc,heap     ] GC(55) y:  Capacity:       64M (100%)         64M (100%)         64M (100%)         64M (100%)         64M (100%)         64M (100%)   
[2026-06-17T10:07:38.289+0800][1.597s][info][gc,heap     ] GC(55) y:      Free:        0M (0%)            0M (0%)            0M (0%)            0M (0%)            0M (0%)            0M (0%)     
[2026-06-17T10:07:38.290+0800][1.597s][info][gc,heap     ] GC(55) y:      Used:       64M (100%)         64M (100%)         64M (100%)         64M (100%)         64M (100%)         64M (100%)   
[2026-06-17T10:07:38.290+0800][1.597s][info][gc,heap     ] GC(55) y: Young Generation Statistics:
[2026-06-17T10:07:38.290+0800][1.597s][info][gc,heap     ] GC(55) y:                Mark Start          Mark End        Relocate Start      Relocate End    
[2026-06-17T10:07:38.290+0800][1.597s][info][gc,heap     ] GC(55) y:      Used:        4M (6%)            4M (6%)            2M (3%)            2M (3%)     
[2026-06-17T10:07:38.290+0800][1.597s][info][gc,heap     ] GC(55) y:      Live:         -                 2M (3%)            0M (0%)            0M (0%)     
[2026-06-17T10:07:38.290+0800][1.597s][info][gc,heap     ] GC(55) y:   Garbage:         -                 1M (3%)            1M (3%)            1M (3%)     
[2026-06-17T10:07:38.290+0800][1.597s][info][gc,heap     ] GC(55) y: Allocated:         -                 0M (0%)            0M (0%)            0M (0%)     
[2026-06-17T10:07:38.290+0800][1.597s][info][gc,heap     ] GC(55) y: Reclaimed:         -                  -                 0M (0%)            0M (0%)     
[2026-06-17T10:07:38.290+0800][1.598s][info][gc,heap     ] GC(55) y:  Promoted:         -                  -                 2M (3%)            2M (3%)     
[2026-06-17T10:07:38.290+0800][1.598s][info][gc,heap     ] GC(55) y: Compacted:         -                  -                  -                 0M (0%)     
[2026-06-17T10:07:38.290+0800][1.598s][info][gc,phases   ] GC(55) y: Young Generation 64M(100%)->64M(100%) 0.001s
[2026-06-17T10:07:38.290+0800][1.598s][info][gc          ] GC(55) Minor Collection (Allocation Rate) 64M(100%)->64M(100%) 0.004s
[2026-06-17T10:07:38.291+0800][1.598s][info][gc,alloc    ] GC(53) O:                         Mark Start        Mark End      Relocate Start    Relocate End   
[2026-06-17T10:07:38.291+0800][1.598s][info][gc,alloc    ] GC(53) O: Allocation Stalls:          1                1                1                0         
[2026-06-17T10:07:38.291+0800][1.598s][info][gc,load     ] GC(53) O: Load: 0.41 (2%) / 0.44 (2%) / 0.49 (2%)
[2026-06-17T10:07:38.291+0800][1.598s][info][gc,mmu      ] GC(53) O: MMU: 2ms/98.7%, 5ms/99.2%, 10ms/99.5%, 20ms/99.6%, 50ms/99.7%, 100ms/99.7%
[2026-06-17T10:07:38.291+0800][1.598s][info][gc,marking  ] GC(53) O: Mark: 1 stripe(s), 1 proactive flush(es), 1 terminate flush(es), 0 completion(s), 0 continuation(s) 
[2026-06-17T10:07:38.291+0800][1.598s][info][gc,nmethod  ] GC(53) O: NMethods: 69 registered, 4 unregistered
[2026-06-17T10:07:38.291+0800][1.598s][info][gc,metaspace] GC(53) O: Metaspace: 0M used, 0M committed, 1088M reserved
[2026-06-17T10:07:38.291+0800][1.599s][info][gc,ref      ] GC(53) O:                       Encountered   Discovered     Enqueued 
[2026-06-17T10:07:38.291+0800][1.599s][info][gc,ref      ] GC(53) O: Soft References:                0            0            0 
[2026-06-17T10:07:38.291+0800][1.599s][info][gc,ref      ] GC(53) O: Weak References:                6            0            0 
[2026-06-17T10:07:38.291+0800][1.599s][info][gc,ref      ] GC(53) O: Final References:               0            0            0 
[2026-06-17T10:07:38.291+0800][1.599s][info][gc,ref      ] GC(53) O: Phantom References:             1            1            0 
[2026-06-17T10:07:38.291+0800][1.599s][info][gc,reloc    ] GC(53) O:                        Candidates     Selected     In-Place         Size        Empty    Relocated 
[2026-06-17T10:07:38.292+0800][1.599s][info][gc,reloc    ] GC(53) O: Small Pages:                    5            1            1          10M           2M           1M 
[2026-06-17T10:07:38.292+0800][1.599s][info][gc,reloc    ] GC(53) O: Large Pages:                   27            0            0          54M           0M           0M 
[2026-06-17T10:07:38.292+0800][1.599s][info][gc,reloc    ] GC(53) O: Forwarding Usage: 0M
[2026-06-17T10:07:38.292+0800][1.599s][info][gc,heap     ] GC(53) O: Min Capacity: 64M(100%)
[2026-06-17T10:07:38.292+0800][1.600s][info][gc,heap     ] GC(53) O: Max Capacity: 64M(100%)
[2026-06-17T10:07:38.292+0800][1.600s][info][gc,heap     ] GC(53) O: Soft Max Capacity: 64M(100%)
[2026-06-17T10:07:38.293+0800][1.600s][info][gc,heap     ] GC(53) O: Heap Statistics:
[2026-06-17T10:07:38.293+0800][1.600s][info][gc,heap     ] GC(53) O:                Mark Start          Mark End        Relocate Start      Relocate End           High               Low         
[2026-06-17T10:07:38.293+0800][1.600s][info][gc,heap     ] GC(53) O:  Capacity:       64M (100%)         64M (100%)         64M (100%)         64M (100%)         64M (100%)         64M (100%)   
[2026-06-17T10:07:38.293+0800][1.600s][info][gc,heap     ] GC(53) O:      Free:        0M (0%)            0M (0%)            0M (0%)            0M (0%)            2M (3%)            0M (0%)     
[2026-06-17T10:07:38.293+0800][1.600s][info][gc,heap     ] GC(53) O:      Used:       64M (100%)         64M (100%)         64M (100%)         64M (100%)         64M (100%)         62M (97%)    
[2026-06-17T10:07:38.293+0800][1.600s][info][gc,heap     ] GC(53) O: Old Generation Statistics:
[2026-06-17T10:07:38.293+0800][1.600s][info][gc,heap     ] GC(53) O:                Mark Start          Mark End        Relocate Start      Relocate End    
[2026-06-17T10:07:38.293+0800][1.601s][info][gc,heap     ] GC(53) O:      Used:       64M (100%)         64M (100%)         62M (97%)          60M (94%)    
[2026-06-17T10:07:38.293+0800][1.601s][info][gc,heap     ] GC(53) O:      Live:         -                58M (92%)          58M (92%)          58M (92%)    
[2026-06-17T10:07:38.293+0800][1.601s][info][gc,heap     ] GC(53) O:   Garbage:         -                 5M (8%)            3M (5%)            0M (1%)     
[2026-06-17T10:07:38.293+0800][1.601s][info][gc,heap     ] GC(53) O: Allocated:         -                 0M (0%)            0M (0%)            0M (1%)     
[2026-06-17T10:07:38.293+0800][1.601s][info][gc,heap     ] GC(53) O: Reclaimed:         -                  -                 2M (3%)            4M (7%)     
[2026-06-17T10:07:38.294+0800][1.601s][info][gc,heap     ] GC(53) O: Compacted:         -                  -                  -                 1M (2%)     
[2026-06-17T10:07:38.294+0800][1.601s][info][gc,phases   ] GC(53) O: Old Generation 64M(100%)->64M(100%) 0.013s
[2026-06-17T10:07:38.294+0800][1.601s][info][gc          ] GC(53) Major Collection (Allocation Stall) 64M(100%)->64M(100%) 0.026s
[2026-06-17T10:07:38.294+0800][1.601s][info][gc          ] GC(56) Major Collection (Allocation Stall)
[2026-06-17T10:07:38.294+0800][1.601s][info][gc,task     ] GC(56) Using 1 Workers for Young Generation
[2026-06-17T10:07:38.294+0800][1.601s][info][gc,task     ] GC(56) Using 1 Workers for Old Generation
[2026-06-17T10:07:38.294+0800][1.601s][info][gc,phases   ] GC(56) Y: Young Generation (Promote All)
[2026-06-17T10:07:38.294+0800][1.602s][info][gc,phases   ] GC(56) Y: Pause Mark Start 0.006ms
[2026-06-17T10:07:38.295+0800][1.602s][info][gc,phases   ] GC(56) Y: Concurrent Mark 0.455ms
[2026-06-17T10:07:38.295+0800][1.602s][info][gc,phases   ] GC(56) Y: Pause Mark End 0.005ms
[2026-06-17T10:07:38.295+0800][1.602s][info][gc,phases   ] GC(56) Y: Concurrent Mark Free 0.000ms
[2026-06-17T10:07:38.295+0800][1.602s][info][gc,phases   ] GC(56) Y: Concurrent Reset Relocation Set 0.001ms
[2026-06-17T10:07:38.295+0800][1.603s][info][gc,reloc    ] GC(56) Y: Using tenuring threshold: 0 (Promote All)
[2026-06-17T10:07:38.295+0800][1.603s][info][gc,phases   ] GC(56) Y: Concurrent Select Relocation Set 0.195ms
[2026-06-17T10:07:38.295+0800][1.603s][info][gc,phases   ] GC(56) Y: Pause Relocate Start 0.005ms
[2026-06-17T10:07:38.296+0800][1.603s][info][gc,phases   ] GC(56) Y: Concurrent Relocate 0.083ms
[2026-06-17T10:07:38.296+0800][1.603s][info][gc,alloc    ] GC(56) Y:                         Mark Start        Mark End      Relocate Start    Relocate End   
[2026-06-17T10:07:38.296+0800][1.603s][info][gc,alloc    ] GC(56) Y: Allocation Stalls:          1                1                1                1         
[2026-06-17T10:07:38.296+0800][1.603s][info][gc,load     ] GC(56) Y: Load: 0.41 (2%) / 0.44 (2%) / 0.49 (2%)
[2026-06-17T10:07:38.296+0800][1.603s][info][gc,mmu      ] GC(56) Y: MMU: 2ms/98.7%, 5ms/99.2%, 10ms/99.5%, 20ms/99.6%, 50ms/99.7%, 100ms/99.7%
[2026-06-17T10:07:38.296+0800][1.603s][info][gc,marking  ] GC(56) Y: Mark: 1 stripe(s), 1 proactive flush(es), 1 terminate flush(es), 0 completion(s), 0 continuation(s) 
[2026-06-17T10:07:38.296+0800][1.603s][info][gc,nmethod  ] GC(56) Y: NMethods: 69 registered, 4 unregistered
[2026-06-17T10:07:38.296+0800][1.604s][info][gc,metaspace] GC(56) Y: Metaspace: 0M used, 0M committed, 1088M reserved
[2026-06-17T10:07:38.296+0800][1.604s][info][gc,reloc    ] GC(56) Y:                        Candidates     Selected     In-Place         Size        Empty    Relocated 
[2026-06-17T10:07:38.296+0800][1.604s][info][gc,reloc    ] GC(56) Y: Small Pages:                    1            0            0           2M           0M           0M 
[2026-06-17T10:07:38.296+0800][1.604s][info][gc,reloc    ] GC(56) Y: Large Pages:                    0            0            0           0M           0M           0M 
[2026-06-17T10:07:38.296+0800][1.604s][info][gc,reloc    ] GC(56) Y: Forwarding Usage: 0M
[2026-06-17T10:07:38.296+0800][1.604s][info][gc,reloc    ] GC(56) Y: Age Table:
[2026-06-17T10:07:38.297+0800][1.604s][info][gc,reloc    ] GC(56) Y:                    Live             Garbage             Small              Medium             Large        
[2026-06-17T10:07:38.297+0800][1.604s][info][gc,reloc    ] GC(56) Y: Eden                -                 0M (0%)           0 / 0              0 / 0              0 / 0        
[2026-06-17T10:07:38.297+0800][1.604s][info][gc,reloc    ] GC(56) Y: Survivor 1         0M (0%)            1M (3%)           1 / 0              0 / 0              0 / 0        
[2026-06-17T10:07:38.297+0800][1.604s][info][gc,heap     ] GC(56) Y: Min Capacity: 64M(100%)
[2026-06-17T10:07:38.297+0800][1.604s][info][gc,heap     ] GC(56) Y: Max Capacity: 64M(100%)
[2026-06-17T10:07:38.297+0800][1.604s][info][gc,heap     ] GC(56) Y: Soft Max Capacity: 64M(100%)
[2026-06-17T10:07:38.297+0800][1.604s][info][gc,heap     ] GC(56) Y: Heap Statistics:
[2026-06-17T10:07:38.297+0800][1.604s][info][gc,heap     ] GC(56) Y:                Mark Start          Mark End        Relocate Start      Relocate End           High               Low         
[2026-06-17T10:07:38.297+0800][1.605s][info][gc,heap     ] GC(56) Y:  Capacity:       64M (100%)         64M (100%)         64M (100%)         64M (100%)         64M (100%)         64M (100%)   
[2026-06-17T10:07:38.297+0800][1.605s][info][gc,heap     ] GC(56) Y:      Free:        0M (0%)            0M (0%)            0M (0%)            0M (0%)            0M (0%)            0M (0%)     
[2026-06-17T10:07:38.297+0800][1.605s][info][gc,heap     ] GC(56) Y:      Used:       64M (100%)         64M (100%)         64M (100%)         64M (100%)         64M (100%)         64M (100%)   
[2026-06-17T10:07:38.297+0800][1.605s][info][gc,heap     ] GC(56) Y: Young Generation Statistics:
[2026-06-17T10:07:38.297+0800][1.605s][info][gc,heap     ] GC(56) Y:                Mark Start          Mark End        Relocate Start      Relocate End    
[2026-06-17T10:07:38.298+0800][1.605s][info][gc,heap     ] GC(56) Y:      Used:        2M (3%)            2M (3%)            0M (0%)            0M (0%)     
[2026-06-17T10:07:38.298+0800][1.605s][info][gc,heap     ] GC(56) Y:      Live:         -                 0M (0%)            0M (0%)            0M (0%)     
[2026-06-17T10:07:38.298+0800][1.605s][info][gc,heap     ] GC(56) Y:   Garbage:         -                 1M (3%)            0M (0%)            0M (0%)     
[2026-06-17T10:07:38.298+0800][1.605s][info][gc,heap     ] GC(56) Y: Allocated:         -                 0M (0%)            0M (0%)            0M (0%)     
[2026-06-17T10:07:38.298+0800][1.605s][info][gc,heap     ] GC(56) Y: Reclaimed:         -                  -                 1M (3%)            1M (3%)     
[2026-06-17T10:07:38.298+0800][1.605s][info][gc,heap     ] GC(56) Y:  Promoted:         -                  -                 0M (0%)            0M (0%)     
[2026-06-17T10:07:38.298+0800][1.606s][info][gc,heap     ] GC(56) Y: Compacted:         -                  -                  -                 0M (0%)     
[2026-06-17T10:07:38.298+0800][1.606s][info][gc,phases   ] GC(56) Y: Young Generation (Promote All) 64M(100%)->64M(100%) 0.002s
[2026-06-17T10:07:38.299+0800][1.606s][info][gc,phases   ] GC(56) Y: Young Generation (Collect Roots)
[2026-06-17T10:07:38.299+0800][1.607s][info][gc,phases   ] GC(56) Y: Pause Mark Start (Major) 0.007ms
[2026-06-17T10:07:38.300+0800][1.607s][info][gc,phases   ] GC(56) Y: Concurrent Mark 0.327ms
[2026-06-17T10:07:38.300+0800][1.607s][info][gc,phases   ] GC(56) Y: Pause Mark End 0.003ms
[2026-06-17T10:07:38.300+0800][1.607s][info][gc,phases   ] GC(56) Y: Concurrent Mark Free 0.000ms
[2026-06-17T10:07:38.300+0800][1.607s][info][gc,phases   ] GC(56) Y: Concurrent Reset Relocation Set 0.001ms
[2026-06-17T10:07:38.300+0800][1.607s][info][gc,reloc    ] GC(56) Y: Using tenuring threshold: 0 (Computed)
[2026-06-17T10:07:38.300+0800][1.608s][info][gc,phases   ] GC(56) Y: Concurrent Select Relocation Set 0.250ms
[2026-06-17T10:07:38.300+0800][1.608s][info][gc,phases   ] GC(56) Y: Pause Relocate Start 0.003ms
[2026-06-17T10:07:38.300+0800][1.608s][info][gc,phases   ] GC(56) Y: Concurrent Relocate 0.082ms
[2026-06-17T10:07:38.301+0800][1.608s][info][gc,alloc    ] GC(56) Y:                         Mark Start        Mark End      Relocate Start    Relocate End   
[2026-06-17T10:07:38.301+0800][1.608s][info][gc,alloc    ] GC(56) Y: Allocation Stalls:          1                1                1                1         
[2026-06-17T10:07:38.301+0800][1.608s][info][gc,load     ] GC(56) Y: Load: 0.41 (2%) / 0.44 (2%) / 0.49 (2%)
[2026-06-17T10:07:38.301+0800][1.608s][info][gc,mmu      ] GC(56) Y: MMU: 2ms/98.7%, 5ms/99.2%, 10ms/99.5%, 20ms/99.6%, 50ms/99.7%, 100ms/99.7%
[2026-06-17T10:07:38.301+0800][1.608s][info][gc,marking  ] GC(56) Y: Mark: 1 stripe(s), 1 proactive flush(es), 1 terminate flush(es), 0 completion(s), 0 continuation(s) 
[2026-06-17T10:07:38.301+0800][1.608s][info][gc,nmethod  ] GC(56) Y: NMethods: 69 registered, 4 unregistered
[2026-06-17T10:07:38.301+0800][1.608s][info][gc,metaspace] GC(56) Y: Metaspace: 0M used, 0M committed, 1088M reserved
[2026-06-17T10:07:38.301+0800][1.609s][info][gc,heap     ] GC(56) Y: Min Capacity: 64M(100%)
[2026-06-17T10:07:38.301+0800][1.609s][info][gc,heap     ] GC(56) Y: Max Capacity: 64M(100%)
[2026-06-17T10:07:38.301+0800][1.609s][info][gc,heap     ] GC(56) Y: Soft Max Capacity: 64M(100%)
[2026-06-17T10:07:38.301+0800][1.609s][info][gc,heap     ] GC(56) Y: Heap Statistics:
[2026-06-17T10:07:38.301+0800][1.609s][info][gc,heap     ] GC(56) Y:                Mark Start          Mark End        Relocate Start      Relocate End           High               Low         
[2026-06-17T10:07:38.301+0800][1.609s][info][gc,heap     ] GC(56) Y:  Capacity:       64M (100%)         64M (100%)         64M (100%)         64M (100%)         64M (100%)         64M (100%)   
[2026-06-17T10:07:38.302+0800][1.609s][info][gc,heap     ] GC(56) Y:      Free:        0M (0%)            0M (0%)            0M (0%)            0M (0%)            0M (0%)            0M (0%)     
[2026-06-17T10:07:38.302+0800][1.609s][info][gc,heap     ] GC(56) Y:      Used:       64M (100%)         64M (100%)         64M (100%)         64M (100%)         64M (100%)         64M (100%)   
[2026-06-17T10:07:38.302+0800][1.609s][info][gc,heap     ] GC(56) Y: Young Generation Statistics:
[2026-06-17T10:07:38.302+0800][1.609s][info][gc,heap     ] GC(56) Y:                Mark Start          Mark End        Relocate Start      Relocate End    
[2026-06-17T10:07:38.302+0800][1.609s][info][gc,heap     ] GC(56) Y:      Used:        0M (0%)            0M (0%)            0M (0%)            0M (0%)     
[2026-06-17T10:07:38.302+0800][1.609s][info][gc,heap     ] GC(56) Y:      Live:         -                 0M (0%)            0M (0%)            0M (0%)     
[2026-06-17T10:07:38.302+0800][1.609s][info][gc,heap     ] GC(56) Y:   Garbage:         -                 0M (0%)            0M (0%)            0M (0%)     
[2026-06-17T10:07:38.302+0800][1.609s][info][gc,heap     ] GC(56) Y: Allocated:         -                 0M (0%)            0M (0%)            0M (0%)     
[2026-06-17T10:07:38.302+0800][1.610s][info][gc,heap     ] GC(56) Y: Reclaimed:         -                  -                 0M (0%)            0M (0%)     
[2026-06-17T10:07:38.302+0800][1.610s][info][gc,heap     ] GC(56) Y:  Promoted:         -                  -                 0M (0%)            0M (0%)     
[2026-06-17T10:07:38.302+0800][1.610s][info][gc,heap     ] GC(56) Y: Compacted:         -                  -                  -                 0M (0%)     
[2026-06-17T10:07:38.302+0800][1.610s][info][gc,phases   ] GC(56) Y: Young Generation (Collect Roots) 64M(100%)->64M(100%) 0.002s
[2026-06-17T10:07:38.303+0800][1.610s][info][gc,phases   ] GC(56) O: Old Generation
[2026-06-17T10:07:38.304+0800][1.611s][info][gc,phases   ] GC(56) O: Concurrent Mark 1.000ms
[2026-06-17T10:07:38.304+0800][1.611s][info][gc,phases   ] GC(56) O: Pause Mark End 0.004ms
[2026-06-17T10:07:38.304+0800][1.612s][info][gc,phases   ] GC(56) O: Concurrent Mark Free 0.000ms
[2026-06-17T10:07:38.304+0800][1.612s][info][gc,ref      ] GC(56) O: Clearing All SoftReferences
[2026-06-17T10:07:38.305+0800][1.612s][info][gc,phases   ] GC(56) O: Concurrent Process Non-Strong 0.353ms
[2026-06-17T10:07:38.305+0800][1.612s][info][gc,phases   ] GC(56) O: Concurrent Reset Relocation Set 0.001ms
[2026-06-17T10:07:38.305+0800][1.612s][info][gc,phases   ] GC(56) O: Concurrent Select Relocation Set 0.041ms
[2026-06-17T10:07:38.305+0800][1.612s][info][gc,task     ] GC(56) O: Using 1 Workers for Old Generation
[2026-06-17T10:07:38.305+0800][1.612s][info][gc,task     ] GC(56) O: Using 1 Workers for Old Generation
[2026-06-17T10:07:38.305+0800][1.613s][info][gc,phases   ] GC(56) O: Concurrent Remap Roots 0.332ms
[2026-06-17T10:07:38.305+0800][1.613s][info][gc,phases   ] GC(56) O: Pause Relocate Start 0.004ms
[2026-06-17T10:07:38.306+0800][1.613s][info][gc,phases   ] GC(56) O: Concurrent Relocate 0.440ms
[2026-06-17T10:07:38.306+0800][1.613s][info][gc,alloc    ] GC(56) O:                         Mark Start        Mark End      Relocate Start    Relocate End   
[2026-06-17T10:07:38.306+0800][1.613s][info][gc          ] Allocation Stall (main) 19.747ms
[2026-06-17T10:07:38.306+0800][1.614s][info][gc,alloc    ] GC(56) O: Allocation Stalls:          1                1                1                0         
[2026-06-17T10:07:38.306+0800][1.614s][info][gc,load     ] GC(56) O: Load: 0.41 (2%) / 0.44 (2%) / 0.49 (2%)
[2026-06-17T10:07:38.307+0800][1.614s][info][gc,mmu      ] GC(56) O: MMU: 2ms/98.7%, 5ms/99.2%, 10ms/99.5%, 20ms/99.6%, 50ms/99.7%, 100ms/99.7%
[2026-06-17T10:07:38.307+0800][1.614s][info][gc,marking  ] GC(56) O: Mark: 1 stripe(s), 1 proactive flush(es), 1 terminate flush(es), 0 completion(s), 0 continuation(s) 
[2026-06-17T10:07:38.307+0800][1.614s][info][gc,nmethod  ] GC(56) O: NMethods: 69 registered, 4 unregistered
[2026-06-17T10:07:38.307+0800][1.614s][info][gc,metaspace] GC(56) O: Metaspace: 0M used, 0M committed, 1088M reserved
[2026-06-17T10:07:38.307+0800][1.614s][info][gc,ref      ] GC(56) O:                       Encountered   Discovered     Enqueued 
[2026-06-17T10:07:38.307+0800][1.614s][info][gc,ref      ] GC(56) O: Soft References:                0            0            0 
[2026-06-17T10:07:38.307+0800][1.614s][info][gc,ref      ] GC(56) O: Weak References:                6            0            0 
[2026-06-17T10:07:38.307+0800][1.614s][info][gc,ref      ] GC(56) O: Final References:               0            0            0 
[2026-06-17T10:07:38.307+0800][1.615s][info][gc,ref      ] GC(56) O: Phantom References:             1            1            0 
[2026-06-17T10:07:38.307+0800][1.615s][info][gc,reloc    ] GC(56) O:                        Candidates     Selected     In-Place         Size        Empty    Relocated 
[2026-06-17T10:07:38.307+0800][1.615s][info][gc,reloc    ] GC(56) O: Small Pages:                    4            1            1           8M           0M           1M 
[2026-06-17T10:07:38.307+0800][1.615s][info][gc,reloc    ] GC(56) O: Large Pages:                   28            0            0          56M           0M           0M 
[2026-06-17T10:07:38.307+0800][1.615s][info][gc,reloc    ] GC(56) O: Forwarding Usage: 0M
[2026-06-17T10:07:38.307+0800][1.615s][info][gc,heap     ] GC(56) O: Min Capacity: 64M(100%)
[2026-06-17T10:07:38.308+0800][1.615s][info][gc,heap     ] GC(56) O: Max Capacity: 64M(100%)
[2026-06-17T10:07:38.308+0800][1.615s][info][gc,heap     ] GC(56) O: Soft Max Capacity: 64M(100%)
[2026-06-17T10:07:38.308+0800][1.615s][info][gc,heap     ] GC(56) O: Heap Statistics:
[2026-06-17T10:07:38.308+0800][1.615s][info][gc,heap     ] GC(56) O:                Mark Start          Mark End        Relocate Start      Relocate End           High               Low         
[2026-06-17T10:07:38.308+0800][1.615s][info][gc,heap     ] GC(56) O:  Capacity:       64M (100%)         64M (100%)         64M (100%)         64M (100%)         64M (100%)         64M (100%)   
[2026-06-17T10:07:38.308+0800][1.615s][info][gc,heap     ] GC(56) O:      Free:        0M (0%)            0M (0%)            0M (0%)            0M (0%)            2M (3%)            0M (0%)     
[2026-06-17T10:07:38.308+0800][1.615s][info][gc,heap     ] GC(56) O:      Used:       64M (100%)         64M (100%)         64M (100%)         64M (100%)         64M (100%)         62M (97%)    
[2026-06-17T10:07:38.308+0800][1.615s][info][gc,heap     ] GC(56) O: Old Generation Statistics:
[2026-06-17T10:07:38.308+0800][1.616s][info][gc,heap     ] GC(56) O:                Mark Start          Mark End        Relocate Start      Relocate End    
[2026-06-17T10:07:38.308+0800][1.616s][info][gc,heap     ] GC(56) O:      Used:       64M (100%)         64M (100%)         64M (100%)         62M (97%)    
[2026-06-17T10:07:38.308+0800][1.616s][info][gc,heap     ] GC(56) O:      Live:         -                60M (95%)          60M (95%)          60M (95%)    
[2026-06-17T10:07:38.308+0800][1.616s][info][gc,heap     ] GC(56) O:   Garbage:         -                 3M (5%)            3M (5%)            0M (1%)     
[2026-06-17T10:07:38.308+0800][1.616s][info][gc,heap     ] GC(56) O: Allocated:         -                 0M (0%)            0M (0%)            0M (1%)     
[2026-06-17T10:07:38.308+0800][1.616s][info][gc,heap     ] GC(56) O: Reclaimed:         -                  -                 0M (0%)            2M (4%)     
[2026-06-17T10:07:38.309+0800][1.616s][info][gc,heap     ] GC(56) O: Compacted:         -                  -                  -                 1M (2%)     
[2026-06-17T10:07:38.309+0800][1.616s][info][gc,phases   ] GC(56) O: Old Generation 64M(100%)->64M(100%) 0.004s
[2026-06-17T10:07:38.309+0800][1.616s][info][gc          ] GC(56) Major Collection (Allocation Stall) 64M(100%)->64M(100%) 0.015s
[2026-06-17T10:07:38.309+0800][1.616s][info][gc          ] GC(57) Minor Collection (Allocation Stall)
[2026-06-17T10:07:38.309+0800][1.616s][info][gc,task     ] GC(57) Using 1 Workers for Young Generation
[2026-06-17T10:07:38.309+0800][1.616s][info][gc,phases   ] GC(57) y: Young Generation
[2026-06-17T10:07:38.309+0800][1.616s][info][gc,phases   ] GC(57) y: Pause Mark Start 0.005ms
[2026-06-17T10:07:38.310+0800][1.617s][info][gc,phases   ] GC(57) y: Concurrent Mark 0.345ms
[2026-06-17T10:07:38.310+0800][1.617s][info][gc,phases   ] GC(57) y: Pause Mark End 0.004ms
[2026-06-17T10:07:38.310+0800][1.617s][info][gc,phases   ] GC(57) y: Concurrent Mark Free 0.000ms
[2026-06-17T10:07:38.310+0800][1.617s][info][gc,phases   ] GC(57) y: Concurrent Reset Relocation Set 0.000ms
[2026-06-17T10:07:38.310+0800][1.617s][info][gc,reloc    ] GC(57) y: Using tenuring threshold: 1 (Computed)
[2026-06-17T10:07:38.310+0800][1.618s][info][gc,phases   ] GC(57) y: Concurrent Select Relocation Set 0.254ms
[2026-06-17T10:07:38.310+0800][1.618s][info][gc,phases   ] GC(57) y: Pause Relocate Start 0.004ms
[2026-06-17T10:07:38.311+0800][1.618s][info][gc,phases   ] GC(57) y: Concurrent Relocate 0.117ms
[2026-06-17T10:07:38.311+0800][1.618s][info][gc,alloc    ] GC(57) y:                         Mark Start        Mark End      Relocate Start    Relocate End   
[2026-06-17T10:07:38.311+0800][1.618s][info][gc,alloc    ] GC(57) y: Allocation Stalls:          1                1                1                1         
[2026-06-17T10:07:38.311+0800][1.619s][info][gc,load     ] GC(57) y: Load: 0.41 (2%) / 0.44 (2%) / 0.49 (2%)
[2026-06-17T10:07:38.311+0800][1.619s][info][gc,mmu      ] GC(57) y: MMU: 2ms/98.7%, 5ms/99.2%, 10ms/99.5%, 20ms/99.6%, 50ms/99.7%, 100ms/99.7%
[2026-06-17T10:07:38.311+0800][1.619s][info][gc,marking  ] GC(57) y: Mark: 1 stripe(s), 1 proactive flush(es), 1 terminate flush(es), 0 completion(s), 0 continuation(s) 
[2026-06-17T10:07:38.311+0800][1.619s][info][gc,nmethod  ] GC(57) y: NMethods: 69 registered, 4 unregistered
[2026-06-17T10:07:38.311+0800][1.619s][info][gc,metaspace] GC(57) y: Metaspace: 0M used, 0M committed, 1088M reserved
[2026-06-17T10:07:38.311+0800][1.619s][info][gc,reloc    ] GC(57) y:                        Candidates     Selected     In-Place         Size        Empty    Relocated 
[2026-06-17T10:07:38.312+0800][1.619s][info][gc,reloc    ] GC(57) y: Small Pages:                    0            0            0           0M           0M           0M 
[2026-06-17T10:07:38.312+0800][1.619s][info][gc,reloc    ] GC(57) y: Large Pages:                    1            0            0           2M           0M           0M 
[2026-06-17T10:07:38.312+0800][1.619s][info][gc,reloc    ] GC(57) y: Forwarding Usage: 0M
[2026-06-17T10:07:38.312+0800][1.619s][info][gc,reloc    ] GC(57) y: Age Table:
[2026-06-17T10:07:38.312+0800][1.619s][info][gc,reloc    ] GC(57) y:                    Live             Garbage             Small              Medium             Large        
[2026-06-17T10:07:38.312+0800][1.619s][info][gc,reloc    ] GC(57) y: Eden               2M (3%)            0M (0%)           0 / 0              0 / 0              1 / 0        
[2026-06-17T10:07:38.312+0800][1.619s][info][gc,heap     ] GC(57) y: Min Capacity: 64M(100%)
[2026-06-17T10:07:38.312+0800][1.619s][info][gc,heap     ] GC(57) y: Max Capacity: 64M(100%)
[2026-06-17T10:07:38.312+0800][1.620s][info][gc,heap     ] GC(57) y: Soft Max Capacity: 64M(100%)
[2026-06-17T10:07:38.312+0800][1.620s][info][gc,heap     ] GC(57) y: Heap Statistics:
[2026-06-17T10:07:38.312+0800][1.620s][info][gc,heap     ] GC(57) y:                Mark Start          Mark End        Relocate Start      Relocate End           High               Low         
[2026-06-17T10:07:38.312+0800][1.620s][info][gc,heap     ] GC(57) y:  Capacity:       64M (100%)         64M (100%)         64M (100%)         64M (100%)         64M (100%)         64M (100%)   
[2026-06-17T10:07:38.312+0800][1.620s][info][gc,heap     ] GC(57) y:      Free:        0M (0%)            0M (0%)            0M (0%)            0M (0%)            0M (0%)            0M (0%)     
[2026-06-17T10:07:38.312+0800][1.620s][info][gc,heap     ] GC(57) y:      Used:       64M (100%)         64M (100%)         64M (100%)         64M (100%)         64M (100%)         64M (100%)   
[2026-06-17T10:07:38.313+0800][1.620s][info][gc,heap     ] GC(57) y: Young Generation Statistics:
[2026-06-17T10:07:38.313+0800][1.620s][info][gc,heap     ] GC(57) y:                Mark Start          Mark End        Relocate Start      Relocate End    
[2026-06-17T10:07:38.313+0800][1.620s][info][gc,heap     ] GC(57) y:      Used:        2M (3%)            2M (3%)            2M (3%)            2M (3%)     
[2026-06-17T10:07:38.313+0800][1.620s][info][gc,heap     ] GC(57) y:      Live:         -                 2M (3%)            2M (3%)            2M (3%)     
[2026-06-17T10:07:38.313+0800][1.620s][info][gc,heap     ] GC(57) y:   Garbage:         -                 0M (0%)            0M (0%)            0M (0%)     
[2026-06-17T10:07:38.313+0800][1.620s][info][gc,heap     ] GC(57) y: Allocated:         -                 0M (0%)            0M (0%)            0M (0%)     
[2026-06-17T10:07:38.313+0800][1.620s][info][gc,heap     ] GC(57) y: Reclaimed:         -                  -                 0M (0%)            0M (0%)     
[2026-06-17T10:07:38.313+0800][1.620s][info][gc,heap     ] GC(57) y:  Promoted:         -                  -                 0M (0%)            0M (0%)     
[2026-06-17T10:07:38.313+0800][1.620s][info][gc,heap     ] GC(57) y: Compacted:         -                  -                  -                 0M (0%)     
[2026-06-17T10:07:38.313+0800][1.621s][info][gc,phases   ] GC(57) y: Young Generation 64M(100%)->64M(100%) 0.002s
[2026-06-17T10:07:38.313+0800][1.621s][info][gc          ] GC(57) Minor Collection (Allocation Stall) 64M(100%)->64M(100%) 0.004s
[2026-06-17T10:07:38.313+0800][1.621s][info][gc          ] GC(58) Major Collection (Allocation Stall)
[2026-06-17T10:07:38.313+0800][1.621s][info][gc,task     ] GC(58) Using 1 Workers for Young Generation
[2026-06-17T10:07:38.313+0800][1.621s][info][gc,task     ] GC(58) Using 1 Workers for Old Generation
[2026-06-17T10:07:38.314+0800][1.621s][info][gc,phases   ] GC(58) Y: Young Generation (Promote All)
[2026-06-17T10:07:38.314+0800][1.621s][info][gc,phases   ] GC(58) Y: Pause Mark Start 0.005ms
[2026-06-17T10:07:38.314+0800][1.622s][info][gc,phases   ] GC(58) Y: Concurrent Mark 0.388ms
[2026-06-17T10:07:38.314+0800][1.622s][info][gc,phases   ] GC(58) Y: Pause Mark End 0.005ms
[2026-06-17T10:07:38.315+0800][1.622s][info][gc,phases   ] GC(58) Y: Concurrent Mark Free 0.001ms
[2026-06-17T10:07:38.315+0800][1.622s][info][gc,phases   ] GC(58) Y: Concurrent Reset Relocation Set 0.001ms
[2026-06-17T10:07:38.315+0800][1.622s][info][gc,reloc    ] GC(58) Y: Using tenuring threshold: 0 (Promote All)
[2026-06-17T10:07:38.315+0800][1.622s][info][gc,phases   ] GC(58) Y: Concurrent Select Relocation Set 0.199ms
[2026-06-17T10:07:38.317+0800][1.624s][info][gc,phases   ] GC(58) Y: Pause Relocate Start 0.006ms
[2026-06-17T10:07:38.317+0800][1.625s][info][gc,phases   ] GC(58) Y: Concurrent Relocate 0.147ms
[2026-06-17T10:07:38.317+0800][1.625s][info][gc,alloc    ] GC(58) Y:                         Mark Start        Mark End      Relocate Start    Relocate End   
[2026-06-17T10:07:38.317+0800][1.625s][info][gc,alloc    ] GC(58) Y: Allocation Stalls:          1                1                1                1         
[2026-06-17T10:07:38.317+0800][1.625s][info][gc,load     ] GC(58) Y: Load: 0.41 (2%) / 0.44 (2%) / 0.49 (2%)
[2026-06-17T10:07:38.318+0800][1.625s][info][gc,mmu      ] GC(58) Y: MMU: 2ms/98.7%, 5ms/99.2%, 10ms/99.5%, 20ms/99.6%, 50ms/99.7%, 100ms/99.7%
[2026-06-17T10:07:38.318+0800][1.625s][info][gc,marking  ] GC(58) Y: Mark: 1 stripe(s), 1 proactive flush(es), 1 terminate flush(es), 0 completion(s), 0 continuation(s) 
[2026-06-17T10:07:38.318+0800][1.625s][info][gc,nmethod  ] GC(58) Y: NMethods: 69 registered, 4 unregistered
[2026-06-17T10:07:38.318+0800][1.625s][info][gc,metaspace] GC(58) Y: Metaspace: 0M used, 0M committed, 1088M reserved
[2026-06-17T10:07:38.318+0800][1.625s][info][gc,reloc    ] GC(58) Y:                        Candidates     Selected     In-Place         Size        Empty    Relocated 
[2026-06-17T10:07:38.318+0800][1.625s][info][gc,reloc    ] GC(58) Y: Small Pages:                    0            0            0           0M           0M           0M 
[2026-06-17T10:07:38.318+0800][1.625s][info][gc,reloc    ] GC(58) Y: Large Pages:                    1            0            0           2M           0M           0M 
[2026-06-17T10:07:38.318+0800][1.626s][info][gc,reloc    ] GC(58) Y: Forwarding Usage: 0M
[2026-06-17T10:07:38.318+0800][1.626s][info][gc,reloc    ] GC(58) Y: Age Table:
[2026-06-17T10:07:38.318+0800][1.626s][info][gc,reloc    ] GC(58) Y:                    Live             Garbage             Small              Medium             Large        
[2026-06-17T10:07:38.318+0800][1.626s][info][gc,reloc    ] GC(58) Y: Eden                -                 0M (0%)           0 / 0              0 / 0              0 / 0        
[2026-06-17T10:07:38.319+0800][1.626s][info][gc,reloc    ] GC(58) Y: Survivor 1         2M (3%)            0M (0%)           0 / 0              0 / 0              1 / 0        
[2026-06-17T10:07:38.319+0800][1.626s][info][gc,heap     ] GC(58) Y: Min Capacity: 64M(100%)
[2026-06-17T10:07:38.319+0800][1.627s][info][gc,heap     ] GC(58) Y: Max Capacity: 64M(100%)
[2026-06-17T10:07:38.319+0800][1.627s][info][gc,heap     ] GC(58) Y: Soft Max Capacity: 64M(100%)
[2026-06-17T10:07:38.319+0800][1.627s][info][gc,heap     ] GC(58) Y: Heap Statistics:
[2026-06-17T10:07:38.319+0800][1.627s][info][gc,heap     ] GC(58) Y:                Mark Start          Mark End        Relocate Start      Relocate End           High               Low         
[2026-06-17T10:07:38.319+0800][1.627s][info][gc,heap     ] GC(58) Y:  Capacity:       64M (100%)         64M (100%)         64M (100%)         64M (100%)         64M (100%)         64M (100%)   
[2026-06-17T10:07:38.320+0800][1.627s][info][gc,heap     ] GC(58) Y:      Free:        0M (0%)            0M (0%)            0M (0%)            0M (0%)            0M (0%)            0M (0%)     
[2026-06-17T10:07:38.320+0800][1.627s][info][gc,heap     ] GC(58) Y:      Used:       64M (100%)         64M (100%)         64M (100%)         64M (100%)         64M (100%)         64M (100%)   
[2026-06-17T10:07:38.320+0800][1.627s][info][gc,heap     ] GC(58) Y: Young Generation Statistics:
[2026-06-17T10:07:38.320+0800][1.627s][info][gc,heap     ] GC(58) Y:                Mark Start          Mark End        Relocate Start      Relocate End    
[2026-06-17T10:07:38.320+0800][1.627s][info][gc,heap     ] GC(58) Y:      Used:        2M (3%)            2M (3%)            0M (0%)            0M (0%)     
[2026-06-17T10:07:38.320+0800][1.627s][info][gc,heap     ] GC(58) Y:      Live:         -                 2M (3%)            0M (0%)            0M (0%)     
[2026-06-17T10:07:38.320+0800][1.627s][info][gc,heap     ] GC(58) Y:   Garbage:         -                 0M (0%)            0M (0%)            0M (0%)     
[2026-06-17T10:07:38.320+0800][1.628s][info][gc,heap     ] GC(58) Y: Allocated:         -                 0M (0%)            0M (0%)            0M (0%)     
[2026-06-17T10:07:38.320+0800][1.628s][info][gc,heap     ] GC(58) Y: Reclaimed:         -                  -                 0M (0%)            0M (0%)     
[2026-06-17T10:07:38.320+0800][1.628s][info][gc,heap     ] GC(58) Y:  Promoted:         -                  -                 2M (3%)            2M (3%)     
[2026-06-17T10:07:38.320+0800][1.628s][info][gc,heap     ] GC(58) Y: Compacted:         -                  -                  -                 0M (0%)     
[2026-06-17T10:07:38.321+0800][1.628s][info][gc,phases   ] GC(58) Y: Young Generation (Promote All) 64M(100%)->64M(100%) 0.004s
[2026-06-17T10:07:38.321+0800][1.628s][info][gc,phases   ] GC(58) Y: Young Generation (Collect Roots)
[2026-06-17T10:07:38.321+0800][1.628s][info][gc,phases   ] GC(58) Y: Pause Mark Start (Major) 0.010ms
[2026-06-17T10:07:38.321+0800][1.629s][info][gc,phases   ] GC(58) Y: Concurrent Mark 0.443ms
[2026-06-17T10:07:38.322+0800][1.629s][info][gc,phases   ] GC(58) Y: Pause Mark End 0.006ms
[2026-06-17T10:07:38.322+0800][1.629s][info][gc,phases   ] GC(58) Y: Concurrent Mark Free 0.000ms
[2026-06-17T10:07:38.322+0800][1.629s][info][gc,phases   ] GC(58) Y: Concurrent Reset Relocation Set 0.001ms
[2026-06-17T10:07:38.322+0800][1.629s][info][gc,reloc    ] GC(58) Y: Using tenuring threshold: 0 (Computed)
[2026-06-17T10:07:38.322+0800][1.630s][info][gc,phases   ] GC(58) Y: Concurrent Select Relocation Set 0.253ms
[2026-06-17T10:07:38.322+0800][1.630s][info][gc,phases   ] GC(58) Y: Pause Relocate Start 0.005ms
[2026-06-17T10:07:38.323+0800][1.630s][info][gc,phases   ] GC(58) Y: Concurrent Relocate 0.104ms
[2026-06-17T10:07:38.323+0800][1.630s][info][gc,alloc    ] GC(58) Y:                         Mark Start        Mark End      Relocate Start    Relocate End   
[2026-06-17T10:07:38.323+0800][1.630s][info][gc,alloc    ] GC(58) Y: Allocation Stalls:          1                1                1                1         
[2026-06-17T10:07:38.323+0800][1.630s][info][gc,load     ] GC(58) Y: Load: 0.41 (2%) / 0.44 (2%) / 0.49 (2%)
[2026-06-17T10:07:38.323+0800][1.631s][info][gc,mmu      ] GC(58) Y: MMU: 2ms/98.7%, 5ms/99.2%, 10ms/99.5%, 20ms/99.6%, 50ms/99.7%, 100ms/99.7%
[2026-06-17T10:07:38.324+0800][1.631s][info][gc,marking  ] GC(58) Y: Mark: 1 stripe(s), 1 proactive flush(es), 1 terminate flush(es), 0 completion(s), 0 continuation(s) 
[2026-06-17T10:07:38.324+0800][1.631s][info][gc,nmethod  ] GC(58) Y: NMethods: 69 registered, 4 unregistered
[2026-06-17T10:07:38.324+0800][1.631s][info][gc,metaspace] GC(58) Y: Metaspace: 0M used, 0M committed, 1088M reserved
[2026-06-17T10:07:38.324+0800][1.632s][info][gc,heap     ] GC(58) Y: Min Capacity: 64M(100%)
[2026-06-17T10:07:38.324+0800][1.632s][info][gc,heap     ] GC(58) Y: Max Capacity: 64M(100%)
[2026-06-17T10:07:38.325+0800][1.632s][info][gc,heap     ] GC(58) Y: Soft Max Capacity: 64M(100%)
[2026-06-17T10:07:38.325+0800][1.632s][info][gc,heap     ] GC(58) Y: Heap Statistics:
[2026-06-17T10:07:38.325+0800][1.632s][info][gc,heap     ] GC(58) Y:                Mark Start          Mark End        Relocate Start      Relocate End           High               Low         
[2026-06-17T10:07:38.325+0800][1.633s][info][gc,heap     ] GC(58) Y:  Capacity:       64M (100%)         64M (100%)         64M (100%)         64M (100%)         64M (100%)         64M (100%)   
[2026-06-17T10:07:38.325+0800][1.633s][info][gc,heap     ] GC(58) Y:      Free:        0M (0%)            0M (0%)            0M (0%)            0M (0%)            0M (0%)            0M (0%)     
[2026-06-17T10:07:38.325+0800][1.633s][info][gc,heap     ] GC(58) Y:      Used:       64M (100%)         64M (100%)         64M (100%)         64M (100%)         64M (100%)         64M (100%)   
[2026-06-17T10:07:38.326+0800][1.633s][info][gc,heap     ] GC(58) Y: Young Generation Statistics:
[2026-06-17T10:07:38.326+0800][1.633s][info][gc,heap     ] GC(58) Y:                Mark Start          Mark End        Relocate Start      Relocate End    
[2026-06-17T10:07:38.326+0800][1.633s][info][gc,heap     ] GC(58) Y:      Used:        0M (0%)            0M (0%)            0M (0%)            0M (0%)     
[2026-06-17T10:07:38.326+0800][1.633s][info][gc,heap     ] GC(58) Y:      Live:         -                 0M (0%)            0M (0%)            0M (0%)     
[2026-06-17T10:07:38.326+0800][1.633s][info][gc,heap     ] GC(58) Y:   Garbage:         -                 0M (0%)            0M (0%)            0M (0%)     
[2026-06-17T10:07:38.327+0800][1.634s][info][gc,heap     ] GC(58) Y: Allocated:         -                 0M (0%)            0M (0%)            0M (0%)     
[2026-06-17T10:07:38.327+0800][1.634s][info][gc,heap     ] GC(58) Y: Reclaimed:         -                  -                 0M (0%)            0M (0%)     
[2026-06-17T10:07:38.327+0800][1.634s][info][gc,heap     ] GC(58) Y:  Promoted:         -                  -                 0M (0%)            0M (0%)     
[2026-06-17T10:07:38.327+0800][1.634s][info][gc,heap     ] GC(58) Y: Compacted:         -                  -                  -                 0M (0%)     
[2026-06-17T10:07:38.327+0800][1.634s][info][gc,phases   ] GC(58) Y: Young Generation (Collect Roots) 64M(100%)->64M(100%) 0.002s
[2026-06-17T10:07:38.327+0800][1.635s][info][gc,phases   ] GC(58) O: Old Generation
[2026-06-17T10:07:38.329+0800][1.636s][info][gc,phases   ] GC(58) O: Concurrent Mark 1.391ms
[2026-06-17T10:07:38.329+0800][1.636s][info][gc,phases   ] GC(58) O: Pause Mark End 0.010ms
[2026-06-17T10:07:38.329+0800][1.636s][info][gc,phases   ] GC(58) O: Concurrent Mark Free 0.000ms
[2026-06-17T10:07:38.329+0800][1.636s][info][gc,ref      ] GC(58) O: Clearing All SoftReferences
[2026-06-17T10:07:38.329+0800][1.637s][info][gc,phases   ] GC(58) O: Concurrent Process Non-Strong 0.485ms
[2026-06-17T10:07:38.350+0800][1.657s][info][gc,phases   ] GC(58) O: Concurrent Reset Relocation Set 0.003ms
[2026-06-17T10:07:38.356+0800][1.663s][info][gc,phases   ] GC(58) O: Concurrent Select Relocation Set 0.072ms
[2026-06-17T10:07:38.356+0800][1.663s][info][gc,task     ] GC(58) O: Using 1 Workers for Old Generation
[2026-06-17T10:07:38.356+0800][1.664s][info][gc,task     ] GC(58) O: Using 1 Workers for Old Generation
[2026-06-17T10:07:38.359+0800][1.667s][info][gc,phases   ] GC(58) O: Concurrent Remap Roots 3.439ms
[2026-06-17T10:07:38.360+0800][1.668s][info][gc,phases   ] GC(58) O: Pause Relocate Start 0.012ms
[2026-06-17T10:07:38.361+0800][1.668s][info][gc,phases   ] GC(58) O: Concurrent Relocate 0.104ms
[2026-06-17T10:07:38.362+0800][1.670s][info][gc,alloc    ] GC(58) O:                         Mark Start        Mark End      Relocate Start    Relocate End   
[2026-06-17T10:07:38.362+0800][1.670s][info][gc,alloc    ] GC(58) O: Allocation Stalls:          1                1                1                1         
[2026-06-17T10:07:38.363+0800][1.670s][info][gc,load     ] GC(58) O: Load: 0.41 (2%) / 0.44 (2%) / 0.49 (2%)
[2026-06-17T10:07:38.363+0800][1.670s][info][gc,mmu      ] GC(58) O: MMU: 2ms/98.7%, 5ms/99.2%, 10ms/99.5%, 20ms/99.6%, 50ms/99.7%, 100ms/99.7%
[2026-06-17T10:07:38.363+0800][1.670s][info][gc,marking  ] GC(58) O: Mark: 1 stripe(s), 1 proactive flush(es), 1 terminate flush(es), 0 completion(s), 0 continuation(s) 
[2026-06-17T10:07:38.363+0800][1.670s][info][gc,nmethod  ] GC(58) O: NMethods: 69 registered, 4 unregistered
[2026-06-17T10:07:38.363+0800][1.670s][info][gc,metaspace] GC(58) O: Metaspace: 0M used, 0M committed, 1088M reserved
[2026-06-17T10:07:38.363+0800][1.671s][info][gc,ref      ] GC(58) O:                       Encountered   Discovered     Enqueued 
[2026-06-17T10:07:38.363+0800][1.671s][info][gc,ref      ] GC(58) O: Soft References:                0            0            0 
[2026-06-17T10:07:38.363+0800][1.671s][info][gc,ref      ] GC(58) O: Weak References:                6            0            0 
[2026-06-17T10:07:38.363+0800][1.671s][info][gc,ref      ] GC(58) O: Final References:               0            0            0 
[2026-06-17T10:07:38.363+0800][1.671s][info][gc,ref      ] GC(58) O: Phantom References:             1            1            0 
[2026-06-17T10:07:38.363+0800][1.671s][info][gc,reloc    ] GC(58) O:                        Candidates     Selected     In-Place         Size        Empty    Relocated 
[2026-06-17T10:07:38.364+0800][1.671s][info][gc,reloc    ] GC(58) O: Small Pages:                    3            0            0           6M           0M           0M 
[2026-06-17T10:07:38.364+0800][1.671s][info][gc,reloc    ] GC(58) O: Large Pages:                   29            0            0          58M           0M           0M 
[2026-06-17T10:07:38.364+0800][1.671s][info][gc,reloc    ] GC(58) O: Forwarding Usage: 0M
[2026-06-17T10:07:38.364+0800][1.671s][info][gc,heap     ] GC(58) O: Min Capacity: 64M(100%)
[2026-06-17T10:07:38.364+0800][1.671s][info][gc,heap     ] GC(58) O: Max Capacity: 64M(100%)
[2026-06-17T10:07:38.364+0800][1.671s][info][gc,heap     ] GC(58) O: Soft Max Capacity: 64M(100%)
[2026-06-17T10:07:38.364+0800][1.671s][info][gc,heap     ] GC(58) O: Heap Statistics:
[2026-06-17T10:07:38.364+0800][1.671s][info][gc,heap     ] GC(58) O:                Mark Start          Mark End        Relocate Start      Relocate End           High               Low         
[2026-06-17T10:07:38.364+0800][1.672s][info][gc,heap     ] GC(58) O:  Capacity:       64M (100%)         64M (100%)         64M (100%)         64M (100%)         64M (100%)         64M (100%)   
[2026-06-17T10:07:38.364+0800][1.672s][info][gc,heap     ] GC(58) O:      Free:        0M (0%)            0M (0%)            0M (0%)            0M (0%)            0M (0%)            0M (0%)     
[2026-06-17T10:07:38.364+0800][1.672s][info][gc,heap     ] GC(58) O:      Used:       64M (100%)         64M (100%)         64M (100%)         64M (100%)         64M (100%)         64M (100%)   
[2026-06-17T10:07:38.364+0800][1.672s][info][gc,heap     ] GC(58) O: Old Generation Statistics:
[2026-06-17T10:07:38.365+0800][1.672s][info][gc,heap     ] GC(58) O:                Mark Start          Mark End        Relocate Start      Relocate End    
[2026-06-17T10:07:38.365+0800][1.672s][info][gc,heap     ] GC(58) O:      Used:       64M (100%)         64M (100%)         64M (100%)         64M (100%)   
[2026-06-17T10:07:38.365+0800][1.672s][info][gc,heap     ] GC(58) O:      Live:         -                62M (98%)          62M (98%)          62M (98%)    
[2026-06-17T10:07:38.365+0800][1.672s][info][gc,heap     ] GC(58) O:   Garbage:         -                 1M (2%)            1M (2%)            1M (2%)     
[2026-06-17T10:07:38.365+0800][1.672s][info][gc,heap     ] GC(58) O: Allocated:         -                 0M (0%)            0M (0%)            0M (0%)     
[2026-06-17T10:07:38.365+0800][1.672s][info][gc,heap     ] GC(58) O: Reclaimed:         -                  -                 0M (0%)            0M (0%)     
[2026-06-17T10:07:38.365+0800][1.673s][info][gc,heap     ] GC(58) O: Compacted:         -                  -                  -                 0M (0%)     
[2026-06-17T10:07:38.365+0800][1.673s][info][gc,phases   ] GC(58) O: Old Generation 64M(100%)->64M(100%) 0.035s
[2026-06-17T10:07:38.365+0800][1.673s][info][gc          ] GC(58) Major Collection (Allocation Stall) 64M(100%)->64M(100%) 0.052s
[2026-06-17T10:07:38.366+0800][1.673s][info][gc          ] Allocation Stall (main) 59.184ms
[2026-06-17T10:07:38.366+0800][1.673s][info][gc          ] GC(59) Minor Collection (Allocation Stall)
[2026-06-17T10:07:38.366+0800][1.673s][info][gc,task     ] GC(59) Using 1 Workers for Young Generation
[2026-06-17T10:07:38.366+0800][1.673s][info][gc,phases   ] GC(59) y: Young Generation
[2026-06-17T10:07:38.366+0800][1.674s][info][gc,phases   ] GC(59) y: Pause Mark Start 0.009ms
[2026-06-17T10:07:38.367+0800][1.674s][info][gc,phases   ] GC(59) y: Concurrent Mark 0.437ms
[2026-06-17T10:07:38.367+0800][1.674s][info][gc,phases   ] GC(59) y: Pause Mark End 0.006ms
[2026-06-17T10:07:38.367+0800][1.674s][info][gc,phases   ] GC(59) y: Concurrent Mark Free 0.000ms
[2026-06-17T10:07:38.367+0800][1.675s][info][gc,phases   ] GC(59) y: Concurrent Reset Relocation Set 0.001ms
[2026-06-17T10:07:38.367+0800][1.675s][info][gc,reloc    ] GC(59) y: Using tenuring threshold: 0 (Computed)
[2026-06-17T10:07:38.367+0800][1.675s][info][gc,phases   ] GC(59) y: Concurrent Select Relocation Set 0.258ms
[2026-06-17T10:07:38.368+0800][1.675s][info][gc,phases   ] GC(59) y: Pause Relocate Start 0.004ms
[2026-06-17T10:07:38.368+0800][1.675s][info][gc,phases   ] GC(59) y: Concurrent Relocate 0.083ms
[2026-06-17T10:07:38.368+0800][1.675s][info][gc,alloc    ] GC(59) y:                         Mark Start        Mark End      Relocate Start    Relocate End   
[2026-06-17T10:07:38.368+0800][1.675s][info][gc,alloc    ] GC(59) y: Allocation Stalls:          1                1                1                1         
[2026-06-17T10:07:38.368+0800][1.675s][info][gc,load     ] GC(59) y: Load: 0.41 (2%) / 0.44 (2%) / 0.49 (2%)
[2026-06-17T10:07:38.368+0800][1.676s][info][gc,mmu      ] GC(59) y: MMU: 2ms/98.7%, 5ms/99.2%, 10ms/99.5%, 20ms/99.6%, 50ms/99.7%, 100ms/99.7%
[2026-06-17T10:07:38.368+0800][1.676s][info][gc,marking  ] GC(59) y: Mark: 1 stripe(s), 1 proactive flush(es), 1 terminate flush(es), 0 completion(s), 0 continuation(s) 
[2026-06-17T10:07:38.368+0800][1.676s][info][gc,nmethod  ] GC(59) y: NMethods: 69 registered, 4 unregistered
[2026-06-17T10:07:38.368+0800][1.676s][info][gc,metaspace] GC(59) y: Metaspace: 0M used, 0M committed, 1088M reserved
[2026-06-17T10:07:38.368+0800][1.676s][info][gc,heap     ] GC(59) y: Min Capacity: 64M(100%)
[2026-06-17T10:07:38.369+0800][1.676s][info][gc,heap     ] GC(59) y: Max Capacity: 64M(100%)
[2026-06-17T10:07:38.369+0800][1.676s][info][gc,heap     ] GC(59) y: Soft Max Capacity: 64M(100%)
[2026-06-17T10:07:38.369+0800][1.676s][info][gc,heap     ] GC(59) y: Heap Statistics:
[2026-06-17T10:07:38.369+0800][1.676s][info][gc,heap     ] GC(59) y:                Mark Start          Mark End        Relocate Start      Relocate End           High               Low         
[2026-06-17T10:07:38.369+0800][1.676s][info][gc,heap     ] GC(59) y:  Capacity:       64M (100%)         64M (100%)         64M (100%)         64M (100%)         64M (100%)         64M (100%)   
[2026-06-17T10:07:38.369+0800][1.676s][info][gc,heap     ] GC(59) y:      Free:        0M (0%)            0M (0%)            0M (0%)            0M (0%)            0M (0%)            0M (0%)     
[2026-06-17T10:07:38.369+0800][1.677s][info][gc,heap     ] GC(59) y:      Used:       64M (100%)         64M (100%)         64M (100%)         64M (100%)         64M (100%)         64M (100%)   
[2026-06-17T10:07:38.369+0800][1.677s][info][gc,heap     ] GC(59) y: Young Generation Statistics:
[2026-06-17T10:07:38.369+0800][1.677s][info][gc,heap     ] GC(59) y:                Mark Start          Mark End        Relocate Start      Relocate End    
[2026-06-17T10:07:38.369+0800][1.677s][info][gc,heap     ] GC(59) y:      Used:        0M (0%)            0M (0%)            0M (0%)            0M (0%)     
[2026-06-17T10:07:38.370+0800][1.677s][info][gc,heap     ] GC(59) y:      Live:         -                 0M (0%)            0M (0%)            0M (0%)     
[2026-06-17T10:07:38.370+0800][1.677s][info][gc,heap     ] GC(59) y:   Garbage:         -                 0M (0%)            0M (0%)            0M (0%)     
[2026-06-17T10:07:38.370+0800][1.677s][info][gc,heap     ] GC(59) y: Allocated:         -                 0M (0%)            0M (0%)            0M (0%)     
[2026-06-17T10:07:38.370+0800][1.677s][info][gc,heap     ] GC(59) y: Reclaimed:         -                  -                 0M (0%)            0M (0%)     
[2026-06-17T10:07:38.370+0800][1.677s][info][gc,heap     ] GC(59) y:  Promoted:         -                  -                 0M (0%)            0M (0%)     
[2026-06-17T10:07:38.370+0800][1.677s][info][gc,heap     ] GC(59) y: Compacted:         -                  -                  -                 0M (0%)     
[2026-06-17T10:07:38.370+0800][1.677s][info][gc,phases   ] GC(59) y: Young Generation 64M(100%)->64M(100%) 0.002s
[2026-06-17T10:07:38.370+0800][1.678s][info][gc          ] GC(59) Minor Collection (Allocation Stall) 64M(100%)->64M(100%) 0.004s
[2026-06-17T10:07:38.370+0800][1.678s][info][gc          ] GC(60) Major Collection (Allocation Stall)
[2026-06-17T10:07:38.370+0800][1.678s][info][gc,task     ] GC(60) Using 1 Workers for Young Generation
[2026-06-17T10:07:38.370+0800][1.678s][info][gc,task     ] GC(60) Using 1 Workers for Old Generation
[2026-06-17T10:07:38.371+0800][1.678s][info][gc,phases   ] GC(60) Y: Young Generation (Promote All)
[2026-06-17T10:07:38.371+0800][1.678s][info][gc,phases   ] GC(60) Y: Pause Mark Start 0.006ms
[2026-06-17T10:07:38.371+0800][1.679s][info][gc,phases   ] GC(60) Y: Concurrent Mark 0.398ms
[2026-06-17T10:07:38.371+0800][1.679s][info][gc,phases   ] GC(60) Y: Pause Mark End 0.005ms
[2026-06-17T10:07:38.372+0800][1.679s][info][gc,phases   ] GC(60) Y: Concurrent Mark Free 0.000ms
[2026-06-17T10:07:38.372+0800][1.679s][info][gc,phases   ] GC(60) Y: Concurrent Reset Relocation Set 0.000ms
[2026-06-17T10:07:38.372+0800][1.679s][info][gc,reloc    ] GC(60) Y: Using tenuring threshold: 0 (Promote All)
[2026-06-17T10:07:38.372+0800][1.680s][info][gc,phases   ] GC(60) Y: Concurrent Select Relocation Set 0.274ms
[2026-06-17T10:07:38.372+0800][1.680s][info][gc,phases   ] GC(60) Y: Pause Relocate Start 0.005ms
[2026-06-17T10:07:38.372+0800][1.680s][info][gc,phases   ] GC(60) Y: Concurrent Relocate 0.101ms
[2026-06-17T10:07:38.373+0800][1.680s][info][gc,alloc    ] GC(60) Y:                         Mark Start        Mark End      Relocate Start    Relocate End   
[2026-06-17T10:07:38.373+0800][1.680s][info][gc,alloc    ] GC(60) Y: Allocation Stalls:          1                1                1                1         
[2026-06-17T10:07:38.373+0800][1.680s][info][gc,load     ] GC(60) Y: Load: 0.41 (2%) / 0.44 (2%) / 0.49 (2%)
[2026-06-17T10:07:38.373+0800][1.680s][info][gc,mmu      ] GC(60) Y: MMU: 2ms/98.7%, 5ms/99.2%, 10ms/99.5%, 20ms/99.6%, 50ms/99.7%, 100ms/99.7%
[2026-06-17T10:07:38.373+0800][1.680s][info][gc,marking  ] GC(60) Y: Mark: 1 stripe(s), 1 proactive flush(es), 1 terminate flush(es), 0 completion(s), 0 continuation(s) 
[2026-06-17T10:07:38.373+0800][1.680s][info][gc,nmethod  ] GC(60) Y: NMethods: 69 registered, 4 unregistered
[2026-06-17T10:07:38.373+0800][1.681s][info][gc,metaspace] GC(60) Y: Metaspace: 0M used, 0M committed, 1088M reserved
[2026-06-17T10:07:38.373+0800][1.681s][info][gc,heap     ] GC(60) Y: Min Capacity: 64M(100%)
[2026-06-17T10:07:38.373+0800][1.681s][info][gc,heap     ] GC(60) Y: Max Capacity: 64M(100%)
[2026-06-17T10:07:38.373+0800][1.681s][info][gc,heap     ] GC(60) Y: Soft Max Capacity: 64M(100%)
[2026-06-17T10:07:38.374+0800][1.681s][info][gc,heap     ] GC(60) Y: Heap Statistics:
[2026-06-17T10:07:38.374+0800][1.681s][info][gc,heap     ] GC(60) Y:                Mark Start          Mark End        Relocate Start      Relocate End           High               Low         
[2026-06-17T10:07:38.374+0800][1.681s][info][gc,heap     ] GC(60) Y:  Capacity:       64M (100%)         64M (100%)         64M (100%)         64M (100%)         64M (100%)         64M (100%)   
[2026-06-17T10:07:38.374+0800][1.681s][info][gc,heap     ] GC(60) Y:      Free:        0M (0%)            0M (0%)            0M (0%)            0M (0%)            0M (0%)            0M (0%)     
[2026-06-17T10:07:38.374+0800][1.681s][info][gc,heap     ] GC(60) Y:      Used:       64M (100%)         64M (100%)         64M (100%)         64M (100%)         64M (100%)         64M (100%)   
[2026-06-17T10:07:38.374+0800][1.681s][info][gc,heap     ] GC(60) Y: Young Generation Statistics:
[2026-06-17T10:07:38.374+0800][1.682s][info][gc,heap     ] GC(60) Y:                Mark Start          Mark End        Relocate Start      Relocate End    
[2026-06-17T10:07:38.374+0800][1.682s][info][gc,heap     ] GC(60) Y:      Used:        0M (0%)            0M (0%)            0M (0%)            0M (0%)     
[2026-06-17T10:07:38.374+0800][1.682s][info][gc,heap     ] GC(60) Y:      Live:         -                 0M (0%)            0M (0%)            0M (0%)     
[2026-06-17T10:07:38.375+0800][1.682s][info][gc,heap     ] GC(60) Y:   Garbage:         -                 0M (0%)            0M (0%)            0M (0%)     
[2026-06-17T10:07:38.375+0800][1.682s][info][gc,heap     ] GC(60) Y: Allocated:         -                 0M (0%)            0M (0%)            0M (0%)     
[2026-06-17T10:07:38.375+0800][1.682s][info][gc,heap     ] GC(60) Y: Reclaimed:         -                  -                 0M (0%)            0M (0%)     
[2026-06-17T10:07:38.375+0800][1.682s][info][gc,heap     ] GC(60) Y:  Promoted:         -                  -                 0M (0%)            0M (0%)     
[2026-06-17T10:07:38.375+0800][1.682s][info][gc,heap     ] GC(60) Y: Compacted:         -                  -                  -                 0M (0%)     
[2026-06-17T10:07:38.375+0800][1.682s][info][gc,phases   ] GC(60) Y: Young Generation (Promote All) 64M(100%)->64M(100%) 0.002s
[2026-06-17T10:07:38.375+0800][1.682s][info][gc,phases   ] GC(60) Y: Young Generation (Collect Roots)
[2026-06-17T10:07:38.375+0800][1.683s][info][gc,phases   ] GC(60) Y: Pause Mark Start (Major) 0.007ms
[2026-06-17T10:07:38.376+0800][1.683s][info][gc,phases   ] GC(60) Y: Concurrent Mark 0.345ms
[2026-06-17T10:07:38.376+0800][1.683s][info][gc,phases   ] GC(60) Y: Pause Mark End 0.003ms
[2026-06-17T10:07:38.376+0800][1.683s][info][gc,phases   ] GC(60) Y: Concurrent Mark Free 0.000ms
[2026-06-17T10:07:38.376+0800][1.683s][info][gc,phases   ] GC(60) Y: Concurrent Reset Relocation Set 0.000ms
[2026-06-17T10:07:38.376+0800][1.684s][info][gc,reloc    ] GC(60) Y: Using tenuring threshold: 0 (Computed)
[2026-06-17T10:07:38.376+0800][1.684s][info][gc,phases   ] GC(60) Y: Concurrent Select Relocation Set 0.271ms
[2026-06-17T10:07:38.377+0800][1.684s][info][gc,phases   ] GC(60) Y: Pause Relocate Start 0.004ms
[2026-06-17T10:07:38.377+0800][1.685s][info][gc,phases   ] GC(60) Y: Concurrent Relocate 0.091ms
[2026-06-17T10:07:38.377+0800][1.685s][info][gc,alloc    ] GC(60) Y:                         Mark Start        Mark End      Relocate Start    Relocate End   
[2026-06-17T10:07:38.378+0800][1.685s][info][gc,alloc    ] GC(60) Y: Allocation Stalls:          1                1                1                1         
[2026-06-17T10:07:38.378+0800][1.685s][info][gc,load     ] GC(60) Y: Load: 0.41 (2%) / 0.44 (2%) / 0.49 (2%)
[2026-06-17T10:07:38.378+0800][1.685s][info][gc,mmu      ] GC(60) Y: MMU: 2ms/98.7%, 5ms/99.2%, 10ms/99.5%, 20ms/99.6%, 50ms/99.7%, 100ms/99.7%
[2026-06-17T10:07:38.378+0800][1.685s][info][gc,marking  ] GC(60) Y: Mark: 1 stripe(s), 1 proactive flush(es), 1 terminate flush(es), 0 completion(s), 0 continuation(s) 
[2026-06-17T10:07:38.378+0800][1.685s][info][gc,nmethod  ] GC(60) Y: NMethods: 69 registered, 4 unregistered
[2026-06-17T10:07:38.378+0800][1.685s][info][gc,metaspace] GC(60) Y: Metaspace: 0M used, 0M committed, 1088M reserved
[2026-06-17T10:07:38.379+0800][1.686s][info][gc,heap     ] GC(60) Y: Min Capacity: 64M(100%)
[2026-06-17T10:07:38.379+0800][1.686s][info][gc,heap     ] GC(60) Y: Max Capacity: 64M(100%)
[2026-06-17T10:07:38.379+0800][1.686s][info][gc,heap     ] GC(60) Y: Soft Max Capacity: 64M(100%)
[2026-06-17T10:07:38.379+0800][1.686s][info][gc,heap     ] GC(60) Y: Heap Statistics:
[2026-06-17T10:07:38.379+0800][1.686s][info][gc,heap     ] GC(60) Y:                Mark Start          Mark End        Relocate Start      Relocate End           High               Low         
[2026-06-17T10:07:38.379+0800][1.687s][info][gc,heap     ] GC(60) Y:  Capacity:       64M (100%)         64M (100%)         64M (100%)         64M (100%)         64M (100%)         64M (100%)   
[2026-06-17T10:07:38.379+0800][1.687s][info][gc,heap     ] GC(60) Y:      Free:        0M (0%)            0M (0%)            0M (0%)            0M (0%)            0M (0%)            0M (0%)     
[2026-06-17T10:07:38.379+0800][1.687s][info][gc,heap     ] GC(60) Y:      Used:       64M (100%)         64M (100%)         64M (100%)         64M (100%)         64M (100%)         64M (100%)   
[2026-06-17T10:07:38.379+0800][1.687s][info][gc,heap     ] GC(60) Y: Young Generation Statistics:
[2026-06-17T10:07:38.379+0800][1.687s][info][gc,heap     ] GC(60) Y:                Mark Start          Mark End        Relocate Start      Relocate End    
[2026-06-17T10:07:38.380+0800][1.687s][info][gc,heap     ] GC(60) Y:      Used:        0M (0%)            0M (0%)            0M (0%)            0M (0%)     
[2026-06-17T10:07:38.380+0800][1.687s][info][gc,heap     ] GC(60) Y:      Live:         -                 0M (0%)            0M (0%)            0M (0%)     
[2026-06-17T10:07:38.380+0800][1.687s][info][gc,heap     ] GC(60) Y:   Garbage:         -                 0M (0%)            0M (0%)            0M (0%)     
[2026-06-17T10:07:38.380+0800][1.687s][info][gc,heap     ] GC(60) Y: Allocated:         -                 0M (0%)            0M (0%)            0M (0%)     
[2026-06-17T10:07:38.380+0800][1.687s][info][gc,heap     ] GC(60) Y: Reclaimed:         -                  -                 0M (0%)            0M (0%)     
[2026-06-17T10:07:38.380+0800][1.687s][info][gc,heap     ] GC(60) Y:  Promoted:         -                  -                 0M (0%)            0M (0%)     
[2026-06-17T10:07:38.380+0800][1.688s][info][gc,heap     ] GC(60) Y: Compacted:         -                  -                  -                 0M (0%)     
[2026-06-17T10:07:38.380+0800][1.688s][info][gc,phases   ] GC(60) Y: Young Generation (Collect Roots) 64M(100%)->64M(100%) 0.002s
[2026-06-17T10:07:38.380+0800][1.688s][info][gc,phases   ] GC(60) O: Old Generation
[2026-06-17T10:07:38.381+0800][1.689s][info][gc,phases   ] GC(60) O: Concurrent Mark 0.840ms
[2026-06-17T10:07:38.381+0800][1.689s][info][gc,phases   ] GC(60) O: Pause Mark End 0.008ms
[2026-06-17T10:07:38.382+0800][1.689s][info][gc,phases   ] GC(60) O: Concurrent Mark Free 0.000ms
[2026-06-17T10:07:38.382+0800][1.689s][info][gc,ref      ] GC(60) O: Clearing All SoftReferences
[2026-06-17T10:07:38.382+0800][1.689s][info][gc,phases   ] GC(60) O: Concurrent Process Non-Strong 0.364ms
[2026-06-17T10:07:38.382+0800][1.690s][info][gc,phases   ] GC(60) O: Concurrent Reset Relocation Set 0.001ms
[2026-06-17T10:07:38.382+0800][1.690s][info][gc,phases   ] GC(60) O: Concurrent Select Relocation Set 0.035ms
[2026-06-17T10:07:38.382+0800][1.690s][info][gc,task     ] GC(60) O: Using 1 Workers for Old Generation
[2026-06-17T10:07:38.383+0800][1.690s][info][gc,task     ] GC(60) O: Using 1 Workers for Old Generation
[2026-06-17T10:07:38.383+0800][1.691s][info][gc,phases   ] GC(60) O: Concurrent Remap Roots 1.057ms
[2026-06-17T10:07:38.384+0800][1.691s][info][gc,phases   ] GC(60) O: Pause Relocate Start 0.006ms
[2026-06-17T10:07:38.384+0800][1.691s][info][gc,phases   ] GC(60) O: Concurrent Relocate 0.057ms
[2026-06-17T10:07:38.384+0800][1.691s][info][gc,alloc    ] GC(60) O:                         Mark Start        Mark End      Relocate Start    Relocate End   
[2026-06-17T10:07:38.384+0800][1.691s][info][gc,alloc    ] GC(60) O: Allocation Stalls:          1                1                1                1         
[2026-06-17T10:07:38.384+0800][1.691s][info][gc,load     ] GC(60) O: Load: 0.41 (2%) / 0.44 (2%) / 0.49 (2%)
[2026-06-17T10:07:38.384+0800][1.692s][info][gc,mmu      ] GC(60) O: MMU: 2ms/98.7%, 5ms/99.2%, 10ms/99.5%, 20ms/99.6%, 50ms/99.7%, 100ms/99.7%
[2026-06-17T10:07:38.384+0800][1.692s][info][gc,marking  ] GC(60) O: Mark: 1 stripe(s), 1 proactive flush(es), 1 terminate flush(es), 0 completion(s), 0 continuation(s) 
[2026-06-17T10:07:38.384+0800][1.692s][info][gc,nmethod  ] GC(60) O: NMethods: 69 registered, 4 unregistered
[2026-06-17T10:07:38.384+0800][1.692s][info][gc,metaspace] GC(60) O: Metaspace: 0M used, 0M committed, 1088M reserved
[2026-06-17T10:07:38.385+0800][1.692s][info][gc,ref      ] GC(60) O:                       Encountered   Discovered     Enqueued 
[2026-06-17T10:07:38.385+0800][1.692s][info][gc,ref      ] GC(60) O: Soft References:                0            0            0 
[2026-06-17T10:07:38.385+0800][1.692s][info][gc,ref      ] GC(60) O: Weak References:                6            0            0 
[2026-06-17T10:07:38.385+0800][1.692s][info][gc,ref      ] GC(60) O: Final References:               0            0            0 
[2026-06-17T10:07:38.385+0800][1.692s][info][gc,ref      ] GC(60) O: Phantom References:             1            1            0 
[2026-06-17T10:07:38.385+0800][1.692s][info][gc,reloc    ] GC(60) O:                        Candidates     Selected     In-Place         Size        Empty    Relocated 
[2026-06-17T10:07:38.385+0800][1.692s][info][gc,reloc    ] GC(60) O: Small Pages:                    3            0            0           6M           0M           0M 
[2026-06-17T10:07:38.385+0800][1.693s][info][gc,reloc    ] GC(60) O: Large Pages:                   29            0            0          58M           0M           0M 
[2026-06-17T10:07:38.385+0800][1.693s][info][gc,reloc    ] GC(60) O: Forwarding Usage: 0M
[2026-06-17T10:07:38.385+0800][1.693s][info][gc,heap     ] GC(60) O: Min Capacity: 64M(100%)
[2026-06-17T10:07:38.386+0800][1.693s][info][gc,heap     ] GC(60) O: Max Capacity: 64M(100%)
[2026-06-17T10:07:38.386+0800][1.693s][info][gc,heap     ] GC(60) O: Soft Max Capacity: 64M(100%)
[2026-06-17T10:07:38.386+0800][1.693s][info][gc,heap     ] GC(60) O: Heap Statistics:
[2026-06-17T10:07:38.386+0800][1.694s][info][gc,heap     ] GC(60) O:                Mark Start          Mark End        Relocate Start      Relocate End           High               Low         
[2026-06-17T10:07:38.386+0800][1.694s][info][gc,heap     ] GC(60) O:  Capacity:       64M (100%)         64M (100%)         64M (100%)         64M (100%)         64M (100%)         64M (100%)   
[2026-06-17T10:07:38.386+0800][1.694s][info][gc,heap     ] GC(60) O:      Free:        0M (0%)            0M (0%)            0M (0%)            0M (0%)            0M (0%)            0M (0%)     
[2026-06-17T10:07:38.387+0800][1.694s][info][gc,heap     ] GC(60) O:      Used:       64M (100%)         64M (100%)         64M (100%)         64M (100%)         64M (100%)         64M (100%)   
[2026-06-17T10:07:38.387+0800][1.694s][info][gc,heap     ] GC(60) O: Old Generation Statistics:
[2026-06-17T10:07:38.387+0800][1.694s][info][gc,heap     ] GC(60) O:                Mark Start          Mark End        Relocate Start      Relocate End    
[2026-06-17T10:07:38.387+0800][1.694s][info][gc,heap     ] GC(60) O:      Used:       64M (100%)         64M (100%)         64M (100%)         64M (100%)   
[2026-06-17T10:07:38.387+0800][1.694s][info][gc,heap     ] GC(60) O:      Live:         -                62M (98%)          62M (98%)          62M (98%)    
[2026-06-17T10:07:38.387+0800][1.694s][info][gc,heap     ] GC(60) O:   Garbage:         -                 1M (2%)            1M (2%)            1M (2%)     
[2026-06-17T10:07:38.387+0800][1.694s][info][gc,heap     ] GC(60) O: Allocated:         -                 0M (0%)            0M (0%)            0M (0%)     
[2026-06-17T10:07:38.387+0800][1.695s][info][gc,heap     ] GC(60) O: Reclaimed:         -                  -                 0M (0%)            0M (0%)     
[2026-06-17T10:07:38.387+0800][1.695s][info][gc,heap     ] GC(60) O: Compacted:         -                  -                  -                 0M (0%)     
[2026-06-17T10:07:38.387+0800][1.695s][info][gc,phases   ] GC(60) O: Old Generation 64M(100%)->64M(100%) 0.003s
[2026-06-17T10:07:38.387+0800][1.695s][info][gc          ] GC(60) Major Collection (Allocation Stall) 64M(100%)->64M(100%) 0.017s
[2026-06-17T10:07:38.387+0800][1.695s][info][gc          ] Allocation Stall (main) 21.743ms
[2026-06-17T10:07:38.388+0800][1.695s][info][gc          ] Out Of Memory (main)
[2026-06-17T10:07:38.388+0800][1.695s][info][gc          ] GC(61) Minor Collection (Allocation Stall)
[2026-06-17T10:07:38.388+0800][1.695s][info][gc,task     ] GC(61) Using 1 Workers for Young Generation
[2026-06-17T10:07:38.388+0800][1.695s][info][gc,phases   ] GC(61) y: Young Generation
[2026-06-17T10:07:38.388+0800][1.695s][info][gc,phases   ] GC(61) y: Pause Mark Start 0.008ms
[2026-06-17T10:07:38.389+0800][1.696s][info][gc,phases   ] GC(61) y: Concurrent Mark 0.553ms
[2026-06-17T10:07:38.389+0800][1.696s][info][gc,phases   ] GC(61) y: Pause Mark End 0.006ms
[2026-06-17T10:07:38.389+0800][1.696s][info][gc,phases   ] GC(61) y: Concurrent Mark Free 0.001ms
[2026-06-17T10:07:38.389+0800][1.697s][info][gc,phases   ] GC(61) y: Concurrent Reset Relocation Set 0.001ms
[2026-06-17T10:07:38.389+0800][1.697s][info][gc,reloc    ] GC(61) y: Using tenuring threshold: 0 (Computed)
[2026-06-17T10:07:38.389+0800][1.697s][info][gc,phases   ] GC(61) y: Concurrent Select Relocation Set 0.182ms
[2026-06-17T10:07:38.390+0800][1.697s][info][gc,phases   ] GC(61) y: Pause Relocate Start 0.004ms
[2026-06-17T10:07:38.390+0800][1.697s][info][gc,phases   ] GC(61) y: Concurrent Relocate 0.098ms
[2026-06-17T10:07:38.390+0800][1.697s][info][gc,alloc    ] GC(61) y:                         Mark Start        Mark End      Relocate Start    Relocate End   
[2026-06-17T10:07:38.390+0800][1.697s][info][gc,alloc    ] GC(61) y: Allocation Stalls:          1                1                1                1         
[2026-06-17T10:07:38.390+0800][1.698s][info][gc,load     ] GC(61) y: Load: 0.41 (2%) / 0.44 (2%) / 0.49 (2%)
[2026-06-17T10:07:38.390+0800][1.698s][info][gc,mmu      ] GC(61) y: MMU: 2ms/98.7%, 5ms/99.2%, 10ms/99.5%, 20ms/99.6%, 50ms/99.7%, 100ms/99.7%
[2026-06-17T10:07:38.390+0800][1.698s][info][gc,marking  ] GC(61) y: Mark: 1 stripe(s), 1 proactive flush(es), 1 terminate flush(es), 0 completion(s), 0 continuation(s) 
[2026-06-17T10:07:38.391+0800][1.698s][info][gc,nmethod  ] GC(61) y: NMethods: 69 registered, 4 unregistered
[2026-06-17T10:07:38.391+0800][1.698s][info][gc,metaspace] GC(61) y: Metaspace: 0M used, 0M committed, 1088M reserved
[2026-06-17T10:07:38.391+0800][1.698s][info][gc,heap     ] GC(61) y: Min Capacity: 64M(100%)
[2026-06-17T10:07:38.391+0800][1.699s][info][gc,heap     ] GC(61) y: Max Capacity: 64M(100%)
[2026-06-17T10:07:38.391+0800][1.699s][info][gc,heap     ] GC(61) y: Soft Max Capacity: 64M(100%)
[2026-06-17T10:07:38.392+0800][1.699s][info][gc,heap     ] GC(61) y: Heap Statistics:
[2026-06-17T10:07:38.392+0800][1.699s][info][gc,heap     ] GC(61) y:                Mark Start          Mark End        Relocate Start      Relocate End           High               Low         
[2026-06-17T10:07:38.392+0800][1.699s][info][gc,heap     ] GC(61) y:  Capacity:       64M (100%)         64M (100%)         64M (100%)         64M (100%)         64M (100%)         64M (100%)   
[2026-06-17T10:07:38.392+0800][1.699s][info][gc,heap     ] GC(61) y:      Free:        0M (0%)            0M (0%)            0M (0%)            0M (0%)            0M (0%)            0M (0%)     
[2026-06-17T10:07:38.392+0800][1.699s][info][gc,heap     ] GC(61) y:      Used:       64M (100%)         64M (100%)         64M (100%)         64M (100%)         64M (100%)         64M (100%)   
[2026-06-17T10:07:38.392+0800][1.700s][info][gc,heap     ] GC(61) y: Young Generation Statistics:
[2026-06-17T10:07:38.392+0800][1.700s][info][gc,heap     ] GC(61) y:                Mark Start          Mark End        Relocate Start      Relocate End    
[2026-06-17T10:07:38.392+0800][1.700s][info][gc,heap     ] GC(61) y:      Used:        0M (0%)            0M (0%)            0M (0%)            0M (0%)     
[2026-06-17T10:07:38.393+0800][1.700s][info][gc,heap     ] GC(61) y:      Live:         -                 0M (0%)            0M (0%)            0M (0%)     
[2026-06-17T10:07:38.393+0800][1.700s][info][gc,heap     ] GC(61) y:   Garbage:         -                 0M (0%)            0M (0%)            0M (0%)     
[2026-06-17T10:07:38.393+0800][1.700s][info][gc,heap     ] GC(61) y: Allocated:         -                 0M (0%)            0M (0%)            0M (0%)     
[2026-06-17T10:07:38.393+0800][1.700s][info][gc,heap     ] GC(61) y: Reclaimed:         -                  -                 0M (0%)            0M (0%)     
[2026-06-17T10:07:38.393+0800][1.700s][info][gc,heap     ] GC(61) y:  Promoted:         -                  -                 0M (0%)            0M (0%)     
[2026-06-17T10:07:38.393+0800][1.700s][info][gc,heap     ] GC(61) y: Compacted:         -                  -                  -                 0M (0%)     
[2026-06-17T10:07:38.393+0800][1.701s][info][gc,phases   ] GC(61) y: Young Generation 64M(100%)->64M(100%) 0.002s
[2026-06-17T10:07:38.393+0800][1.701s][info][gc          ] GC(61) Minor Collection (Allocation Stall) 64M(100%)->64M(100%) 0.006s
[2026-06-17T10:07:38.393+0800][1.701s][info][gc          ] GC(62) Major Collection (Allocation Stall)
[2026-06-17T10:07:38.393+0800][1.701s][info][gc,task     ] GC(62) Using 1 Workers for Young Generation
[2026-06-17T10:07:38.394+0800][1.701s][info][gc,task     ] GC(62) Using 1 Workers for Old Generation
[2026-06-17T10:07:38.394+0800][1.701s][info][gc,phases   ] GC(62) Y: Young Generation (Promote All)
[2026-06-17T10:07:38.394+0800][1.701s][info][gc,phases   ] GC(62) Y: Pause Mark Start 0.007ms
[2026-06-17T10:07:38.394+0800][1.702s][info][gc,phases   ] GC(62) Y: Concurrent Mark 0.364ms
[2026-06-17T10:07:38.394+0800][1.702s][info][gc,phases   ] GC(62) Y: Pause Mark End 0.005ms
[2026-06-17T10:07:38.395+0800][1.702s][info][gc,phases   ] GC(62) Y: Concurrent Mark Free 0.000ms
[2026-06-17T10:07:38.395+0800][1.702s][info][gc,phases   ] GC(62) Y: Concurrent Reset Relocation Set 0.000ms
[2026-06-17T10:07:38.395+0800][1.702s][info][gc,reloc    ] GC(62) Y: Using tenuring threshold: 0 (Promote All)
[2026-06-17T10:07:38.395+0800][1.703s][info][gc,phases   ] GC(62) Y: Concurrent Select Relocation Set 0.464ms
[2026-06-17T10:07:38.395+0800][1.703s][info][gc,phases   ] GC(62) Y: Pause Relocate Start 0.005ms
[2026-06-17T10:07:38.396+0800][1.703s][info][gc,phases   ] GC(62) Y: Concurrent Relocate 0.085ms
[2026-06-17T10:07:38.396+0800][1.703s][info][gc,alloc    ] GC(62) Y:                         Mark Start        Mark End      Relocate Start    Relocate End   
[2026-06-17T10:07:38.396+0800][1.703s][info][gc,alloc    ] GC(62) Y: Allocation Stalls:          1                1                1                1         
[2026-06-17T10:07:38.396+0800][1.703s][info][gc,load     ] GC(62) Y: Load: 0.41 (2%) / 0.44 (2%) / 0.49 (2%)
[2026-06-17T10:07:38.396+0800][1.703s][info][gc,mmu      ] GC(62) Y: MMU: 2ms/98.7%, 5ms/99.2%, 10ms/99.5%, 20ms/99.6%, 50ms/99.7%, 100ms/99.7%
[2026-06-17T10:07:38.396+0800][1.703s][info][gc,marking  ] GC(62) Y: Mark: 1 stripe(s), 1 proactive flush(es), 1 terminate flush(es), 0 completion(s), 0 continuation(s) 
[2026-06-17T10:07:38.396+0800][1.704s][info][gc,nmethod  ] GC(62) Y: NMethods: 69 registered, 4 unregistered
[2026-06-17T10:07:38.396+0800][1.704s][info][gc,metaspace] GC(62) Y: Metaspace: 0M used, 0M committed, 1088M reserved
[2026-06-17T10:07:38.396+0800][1.704s][info][gc,heap     ] GC(62) Y: Min Capacity: 64M(100%)
[2026-06-17T10:07:38.397+0800][1.704s][info][gc,heap     ] GC(62) Y: Max Capacity: 64M(100%)
[2026-06-17T10:07:38.397+0800][1.704s][info][gc,heap     ] GC(62) Y: Soft Max Capacity: 64M(100%)
[2026-06-17T10:07:38.397+0800][1.704s][info][gc,heap     ] GC(62) Y: Heap Statistics:
[2026-06-17T10:07:38.397+0800][1.704s][info][gc,heap     ] GC(62) Y:                Mark Start          Mark End        Relocate Start      Relocate End           High               Low         
[2026-06-17T10:07:38.397+0800][1.704s][info][gc,heap     ] GC(62) Y:  Capacity:       64M (100%)         64M (100%)         64M (100%)         64M (100%)         64M (100%)         64M (100%)   
[2026-06-17T10:07:38.397+0800][1.704s][info][gc,heap     ] GC(62) Y:      Free:        0M (0%)            0M (0%)            0M (0%)            0M (0%)            0M (0%)            0M (0%)     
[2026-06-17T10:07:38.397+0800][1.705s][info][gc,heap     ] GC(62) Y:      Used:       64M (100%)         64M (100%)         64M (100%)         64M (100%)         64M (100%)         64M (100%)   
[2026-06-17T10:07:38.397+0800][1.705s][info][gc,heap     ] GC(62) Y: Young Generation Statistics:
[2026-06-17T10:07:38.397+0800][1.705s][info][gc,heap     ] GC(62) Y:                Mark Start          Mark End        Relocate Start      Relocate End    
[2026-06-17T10:07:38.397+0800][1.705s][info][gc,heap     ] GC(62) Y:      Used:        0M (0%)            0M (0%)            0M (0%)            0M (0%)     
[2026-06-17T10:07:38.398+0800][1.705s][info][gc,heap     ] GC(62) Y:      Live:         -                 0M (0%)            0M (0%)            0M (0%)     
[2026-06-17T10:07:38.398+0800][1.705s][info][gc,heap     ] GC(62) Y:   Garbage:         -                 0M (0%)            0M (0%)            0M (0%)     
[2026-06-17T10:07:38.398+0800][1.705s][info][gc,heap     ] GC(62) Y: Allocated:         -                 0M (0%)            0M (0%)            0M (0%)     
[2026-06-17T10:07:38.398+0800][1.705s][info][gc,heap     ] GC(62) Y: Reclaimed:         -                  -                 0M (0%)            0M (0%)     
[2026-06-17T10:07:38.398+0800][1.705s][info][gc,heap     ] GC(62) Y:  Promoted:         -                  -                 0M (0%)            0M (0%)     
[2026-06-17T10:07:38.398+0800][1.705s][info][gc,heap     ] GC(62) Y: Compacted:         -                  -                  -                 0M (0%)     
[2026-06-17T10:07:38.398+0800][1.706s][info][gc,phases   ] GC(62) Y: Young Generation (Promote All) 64M(100%)->64M(100%) 0.002s
[2026-06-17T10:07:38.398+0800][1.706s][info][gc,phases   ] GC(62) Y: Young Generation (Collect Roots)
[2026-06-17T10:07:38.398+0800][1.706s][info][gc,phases   ] GC(62) Y: Pause Mark Start (Major) 0.009ms
[2026-06-17T10:07:38.399+0800][1.706s][info][gc,phases   ] GC(62) Y: Concurrent Mark 0.361ms
[2026-06-17T10:07:38.399+0800][1.706s][info][gc,phases   ] GC(62) Y: Pause Mark End 0.005ms
[2026-06-17T10:07:38.399+0800][1.707s][info][gc,phases   ] GC(62) Y: Concurrent Mark Free 0.001ms
[2026-06-17T10:07:38.399+0800][1.707s][info][gc,phases   ] GC(62) Y: Concurrent Reset Relocation Set 0.000ms
[2026-06-17T10:07:38.399+0800][1.707s][info][gc,reloc    ] GC(62) Y: Using tenuring threshold: 0 (Computed)
[2026-06-17T10:07:38.399+0800][1.707s][info][gc,phases   ] GC(62) Y: Concurrent Select Relocation Set 0.173ms
[2026-06-17T10:07:38.400+0800][1.707s][info][gc,phases   ] GC(62) Y: Pause Relocate Start 0.004ms
[2026-06-17T10:07:38.400+0800][1.707s][info][gc,phases   ] GC(62) Y: Concurrent Relocate 0.084ms
[2026-06-17T10:07:38.400+0800][1.707s][info][gc,alloc    ] GC(62) Y:                         Mark Start        Mark End      Relocate Start    Relocate End   
[2026-06-17T10:07:38.400+0800][1.707s][info][gc,alloc    ] GC(62) Y: Allocation Stalls:          1                1                1                1         
[2026-06-17T10:07:38.400+0800][1.707s][info][gc,load     ] GC(62) Y: Load: 0.41 (2%) / 0.44 (2%) / 0.49 (2%)
[2026-06-17T10:07:38.400+0800][1.708s][info][gc,mmu      ] GC(62) Y: MMU: 2ms/98.7%, 5ms/99.2%, 10ms/99.5%, 20ms/99.6%, 50ms/99.7%, 100ms/99.7%
[2026-06-17T10:07:38.400+0800][1.708s][info][gc,marking  ] GC(62) Y: Mark: 1 stripe(s), 1 proactive flush(es), 1 terminate flush(es), 0 completion(s), 0 continuation(s) 
[2026-06-17T10:07:38.400+0800][1.708s][info][gc,nmethod  ] GC(62) Y: NMethods: 69 registered, 4 unregistered
[2026-06-17T10:07:38.400+0800][1.708s][info][gc,metaspace] GC(62) Y: Metaspace: 0M used, 0M committed, 1088M reserved
[2026-06-17T10:07:38.400+0800][1.708s][info][gc,heap     ] GC(62) Y: Min Capacity: 64M(100%)
[2026-06-17T10:07:38.401+0800][1.708s][info][gc,heap     ] GC(62) Y: Max Capacity: 64M(100%)
[2026-06-17T10:07:38.401+0800][1.708s][info][gc,heap     ] GC(62) Y: Soft Max Capacity: 64M(100%)
[2026-06-17T10:07:38.401+0800][1.708s][info][gc,heap     ] GC(62) Y: Heap Statistics:
[2026-06-17T10:07:38.401+0800][1.708s][info][gc,heap     ] GC(62) Y:                Mark Start          Mark End        Relocate Start      Relocate End           High               Low         
[2026-06-17T10:07:38.401+0800][1.708s][info][gc,heap     ] GC(62) Y:  Capacity:       64M (100%)         64M (100%)         64M (100%)         64M (100%)         64M (100%)         64M (100%)   
[2026-06-17T10:07:38.401+0800][1.709s][info][gc,heap     ] GC(62) Y:      Free:        0M (0%)            0M (0%)            0M (0%)            0M (0%)            0M (0%)            0M (0%)     
[2026-06-17T10:07:38.401+0800][1.709s][info][gc,heap     ] GC(62) Y:      Used:       64M (100%)         64M (100%)         64M (100%)         64M (100%)         64M (100%)         64M (100%)   
[2026-06-17T10:07:38.401+0800][1.709s][info][gc,heap     ] GC(62) Y: Young Generation Statistics:
[2026-06-17T10:07:38.401+0800][1.709s][info][gc,heap     ] GC(62) Y:                Mark Start          Mark End        Relocate Start      Relocate End    
[2026-06-17T10:07:38.401+0800][1.709s][info][gc,heap     ] GC(62) Y:      Used:        0M (0%)            0M (0%)            0M (0%)            0M (0%)     
[2026-06-17T10:07:38.402+0800][1.709s][info][gc,heap     ] GC(62) Y:      Live:         -                 0M (0%)            0M (0%)            0M (0%)     
[2026-06-17T10:07:38.402+0800][1.709s][info][gc,heap     ] GC(62) Y:   Garbage:         -                 0M (0%)            0M (0%)            0M (0%)     
[2026-06-17T10:07:38.402+0800][1.709s][info][gc,heap     ] GC(62) Y: Allocated:         -                 0M (0%)            0M (0%)            0M (0%)     
[2026-06-17T10:07:38.402+0800][1.709s][info][gc,heap     ] GC(62) Y: Reclaimed:         -                  -                 0M (0%)            0M (0%)     
[2026-06-17T10:07:38.402+0800][1.709s][info][gc,heap     ] GC(62) Y:  Promoted:         -                  -                 0M (0%)            0M (0%)     
[2026-06-17T10:07:38.402+0800][1.709s][info][gc,heap     ] GC(62) Y: Compacted:         -                  -                  -                 0M (0%)     
[2026-06-17T10:07:38.402+0800][1.710s][info][gc,phases   ] GC(62) Y: Young Generation (Collect Roots) 64M(100%)->64M(100%) 0.002s
[2026-06-17T10:07:38.402+0800][1.710s][info][gc,phases   ] GC(62) O: Old Generation
[2026-06-17T10:07:38.403+0800][1.711s][info][gc,phases   ] GC(62) O: Concurrent Mark 0.893ms
[2026-06-17T10:07:38.403+0800][1.711s][info][gc,phases   ] GC(62) O: Pause Mark End 0.008ms
[2026-06-17T10:07:38.404+0800][1.711s][info][gc,phases   ] GC(62) O: Concurrent Mark Free 0.001ms
[2026-06-17T10:07:38.404+0800][1.711s][info][gc,ref      ] GC(62) O: Clearing All SoftReferences
[2026-06-17T10:07:38.404+0800][1.711s][info][gc,phases   ] GC(62) O: Concurrent Process Non-Strong 0.341ms
[2026-06-17T10:07:38.404+0800][1.711s][info][gc,phases   ] GC(62) O: Concurrent Reset Relocation Set 0.000ms
[2026-06-17T10:07:38.404+0800][1.712s][info][gc          ] Allocation Stall (main) 16.535ms
[2026-06-17T10:07:38.404+0800][1.712s][info][gc,phases   ] GC(62) O: Concurrent Select Relocation Set 0.057ms
[2026-06-17T10:07:38.404+0800][1.712s][info][gc,task     ] GC(62) O: Using 1 Workers for Old Generation
[2026-06-17T10:07:38.405+0800][1.712s][info][gc,task     ] GC(62) O: Using 1 Workers for Old Generation
[2026-06-17T10:07:38.405+0800][1.712s][info][gc,phases   ] GC(62) O: Concurrent Remap Roots 0.418ms
[2026-06-17T10:07:38.405+0800][1.712s][info][gc,phases   ] GC(62) O: Pause Relocate Start 0.005ms
[2026-06-17T10:07:38.405+0800][1.712s][info][gc,phases   ] GC(62) O: Concurrent Relocate 0.056ms
[2026-06-17T10:07:38.405+0800][1.713s][info][gc,alloc    ] GC(62) O:                         Mark Start        Mark End      Relocate Start    Relocate End   
[2026-06-17T10:07:38.405+0800][1.713s][info][gc,alloc    ] GC(62) O: Allocation Stalls:          1                1                0                0         
[2026-06-17T10:07:38.405+0800][1.713s][info][gc,load     ] GC(62) O: Load: 0.41 (2%) / 0.44 (2%) / 0.49 (2%)
[2026-06-17T10:07:38.405+0800][1.713s][info][gc,mmu      ] GC(62) O: MMU: 2ms/98.7%, 5ms/99.2%, 10ms/99.5%, 20ms/99.6%, 50ms/99.7%, 100ms/99.7%
[2026-06-17T10:07:38.405+0800][1.713s][info][gc,marking  ] GC(62) O: Mark: 1 stripe(s), 1 proactive flush(es), 1 terminate flush(es), 0 completion(s), 0 continuation(s) 
[2026-06-17T10:07:38.406+0800][1.713s][info][gc,nmethod  ] GC(62) O: NMethods: 69 registered, 4 unregistered
[2026-06-17T10:07:38.406+0800][1.713s][info][gc,metaspace] GC(62) O: Metaspace: 0M used, 0M committed, 1088M reserved
[2026-06-17T10:07:38.406+0800][1.713s][info][gc,ref      ] GC(62) O:                       Encountered   Discovered     Enqueued 
[2026-06-17T10:07:38.406+0800][1.713s][info][gc,ref      ] GC(62) O: Soft References:                0            0            0 
[2026-06-17T10:07:38.406+0800][1.713s][info][gc,ref      ] GC(62) O: Weak References:                6            0            0 
[2026-06-17T10:07:38.406+0800][1.713s][info][gc,ref      ] GC(62) O: Final References:               0            0            0 
[2026-06-17T10:07:38.406+0800][1.713s][info][gc,ref      ] GC(62) O: Phantom References:             1            1            0 
[2026-06-17T10:07:38.406+0800][1.714s][info][gc,reloc    ] GC(62) O:                        Candidates     Selected     In-Place         Size        Empty    Relocated 
[2026-06-17T10:07:38.406+0800][1.714s][info][gc,reloc    ] GC(62) O: Small Pages:                    3            0            0           6M           0M           0M 
[2026-06-17T10:07:38.406+0800][1.714s][info][gc,reloc    ] GC(62) O: Large Pages:                   29            0            0          58M           4M           0M 
[2026-06-17T10:07:38.406+0800][1.714s][info][gc,reloc    ] GC(62) O: Forwarding Usage: 0M
[2026-06-17T10:07:38.406+0800][1.714s][info][gc,heap     ] GC(62) O: Min Capacity: 64M(100%)
[2026-06-17T10:07:38.407+0800][1.714s][info][gc,heap     ] GC(62) O: Max Capacity: 64M(100%)
[2026-06-17T10:07:38.407+0800][1.714s][info][gc,heap     ] GC(62) O: Soft Max Capacity: 64M(100%)
[2026-06-17T10:07:38.407+0800][1.714s][info][gc,heap     ] GC(62) O: Heap Statistics:
[2026-06-17T10:07:38.407+0800][1.714s][info][gc,heap     ] GC(62) O:                Mark Start          Mark End        Relocate Start      Relocate End           High               Low         
[2026-06-17T10:07:38.407+0800][1.714s][info][gc,heap     ] GC(62) O:  Capacity:       64M (100%)         64M (100%)         64M (100%)         64M (100%)         64M (100%)         64M (100%)   
[2026-06-17T10:07:38.407+0800][1.714s][info][gc,heap     ] GC(62) O:      Free:        0M (0%)            0M (0%)            2M (3%)            2M (3%)            4M (6%)            0M (0%)     
[2026-06-17T10:07:38.407+0800][1.714s][info][gc,heap     ] GC(62) O:      Used:       64M (100%)         64M (100%)         62M (97%)          62M (97%)          64M (100%)         60M (94%)    
[2026-06-17T10:07:38.407+0800][1.715s][info][gc,heap     ] GC(62) O: Old Generation Statistics:
[2026-06-17T10:07:38.407+0800][1.715s][info][gc,heap     ] GC(62) O:                Mark Start          Mark End        Relocate Start      Relocate End    
[2026-06-17T10:07:38.407+0800][1.715s][info][gc,heap     ] GC(62) O:      Used:       64M (100%)         64M (100%)         60M (94%)          60M (94%)    
[2026-06-17T10:07:38.407+0800][1.715s][info][gc,heap     ] GC(62) O:      Live:         -                58M (92%)          58M (92%)          58M (92%)    
[2026-06-17T10:07:38.408+0800][1.715s][info][gc,heap     ] GC(62) O:   Garbage:         -                 5M (8%)            1M (2%)            1M (2%)     
[2026-06-17T10:07:38.408+0800][1.715s][info][gc,heap     ] GC(62) O: Allocated:         -                 0M (0%)            0M (0%)            0M (0%)     
[2026-06-17T10:07:38.408+0800][1.715s][info][gc,heap     ] GC(62) O: Reclaimed:         -                  -                 4M (6%)            4M (6%)     
[2026-06-17T10:07:38.408+0800][1.716s][info][gc,heap     ] GC(62) O: Compacted:         -                  -                  -                 0M (0%)     
[2026-06-17T10:07:38.408+0800][1.716s][info][gc,phases   ] GC(62) O: Old Generation 64M(100%)->62M(97%) 0.003s
[2026-06-17T10:07:38.409+0800][1.716s][info][gc          ] GC(62) Major Collection (Allocation Stall) 64M(100%)->62M(97%) 0.015s
[2026-06-17T10:07:38.615+0800][1.923s][info][gc          ] GC(63) Major Collection (Allocation Rate)
[2026-06-17T10:07:38.616+0800][1.923s][info][gc,task     ] GC(63) Using 1 Workers for Young Generation
[2026-06-17T10:07:38.616+0800][1.924s][info][gc,task     ] GC(63) Using 1 Workers for Old Generation
[2026-06-17T10:07:38.616+0800][1.924s][info][gc,phases   ] GC(63) Y: Young Generation
[2026-06-17T10:07:38.617+0800][1.924s][info][gc,phases   ] GC(63) Y: Pause Mark Start (Major) 0.013ms
[2026-06-17T10:07:38.617+0800][1.925s][info][gc,phases   ] GC(63) Y: Concurrent Mark 0.477ms
[2026-06-17T10:07:38.618+0800][1.925s][info][gc,phases   ] GC(63) Y: Pause Mark End 0.007ms
[2026-06-17T10:07:38.618+0800][1.925s][info][gc,phases   ] GC(63) Y: Concurrent Mark Free 0.000ms
[2026-06-17T10:07:38.618+0800][1.925s][info][gc,phases   ] GC(63) Y: Concurrent Reset Relocation Set 0.000ms
[2026-06-17T10:07:38.618+0800][1.926s][info][gc,reloc    ] GC(63) Y: Using tenuring threshold: 0 (Computed)
[2026-06-17T10:07:38.618+0800][1.926s][info][gc,phases   ] GC(63) Y: Concurrent Select Relocation Set 0.302ms
[2026-06-17T10:07:38.619+0800][1.926s][info][gc,phases   ] GC(63) Y: Pause Relocate Start 0.005ms
[2026-06-17T10:07:38.619+0800][1.926s][info][gc,phases   ] GC(63) Y: Concurrent Relocate 0.131ms
[2026-06-17T10:07:38.619+0800][1.927s][info][gc,alloc    ] GC(63) Y:                         Mark Start        Mark End      Relocate Start    Relocate End   
[2026-06-17T10:07:38.619+0800][1.927s][info][gc,alloc    ] GC(63) Y: Allocation Stalls:          0                0                0                0         
[2026-06-17T10:07:38.620+0800][1.927s][info][gc,load     ] GC(63) Y: Load: 0.41 (2%) / 0.44 (2%) / 0.49 (2%)
[2026-06-17T10:07:38.620+0800][1.927s][info][gc,mmu      ] GC(63) Y: MMU: 2ms/98.7%, 5ms/99.2%, 10ms/99.5%, 20ms/99.6%, 50ms/99.7%, 100ms/99.7%
[2026-06-17T10:07:38.620+0800][1.927s][info][gc,marking  ] GC(63) Y: Mark: 1 stripe(s), 1 proactive flush(es), 1 terminate flush(es), 0 completion(s), 0 continuation(s) 
[2026-06-17T10:07:38.620+0800][1.927s][info][gc,nmethod  ] GC(63) Y: NMethods: 69 registered, 4 unregistered
[2026-06-17T10:07:38.620+0800][1.928s][info][gc,metaspace] GC(63) Y: Metaspace: 0M used, 0M committed, 1088M reserved
[2026-06-17T10:07:38.620+0800][1.928s][info][gc,reloc    ] GC(63) Y:                        Candidates     Selected     In-Place         Size        Empty    Relocated 
[2026-06-17T10:07:38.620+0800][1.928s][info][gc,reloc    ] GC(63) Y: Small Pages:                    2            0            0           4M           4M           0M 
[2026-06-17T10:07:38.620+0800][1.928s][info][gc,reloc    ] GC(63) Y: Large Pages:                    0            0            0           0M           0M           0M 
[2026-06-17T10:07:38.621+0800][1.928s][info][gc,reloc    ] GC(63) Y: Forwarding Usage: 0M
[2026-06-17T10:07:38.621+0800][1.928s][info][gc,reloc    ] GC(63) Y: Age Table:
[2026-06-17T10:07:38.621+0800][1.928s][info][gc,reloc    ] GC(63) Y:                    Live             Garbage             Small              Medium             Large        
[2026-06-17T10:07:38.621+0800][1.928s][info][gc,reloc    ] GC(63) Y: Eden                -                 4M (6%)           2 / 0              0 / 0              0 / 0        
[2026-06-17T10:07:38.621+0800][1.928s][info][gc,heap     ] GC(63) Y: Min Capacity: 64M(100%)
[2026-06-17T10:07:38.621+0800][1.928s][info][gc,heap     ] GC(63) Y: Max Capacity: 64M(100%)
[2026-06-17T10:07:38.621+0800][1.929s][info][gc,heap     ] GC(63) Y: Soft Max Capacity: 64M(100%)
[2026-06-17T10:07:38.621+0800][1.929s][info][gc,heap     ] GC(63) Y: Heap Statistics:
[2026-06-17T10:07:38.621+0800][1.929s][info][gc,heap     ] GC(63) Y:                Mark Start          Mark End        Relocate Start      Relocate End           High               Low         
[2026-06-17T10:07:38.621+0800][1.929s][info][gc,heap     ] GC(63) Y:  Capacity:       64M (100%)         64M (100%)         64M (100%)         64M (100%)         64M (100%)         64M (100%)   
[2026-06-17T10:07:38.621+0800][1.929s][info][gc,heap     ] GC(63) Y:      Free:        0M (0%)            0M (0%)            4M (6%)            4M (6%)            4M (6%)            0M (0%)     
[2026-06-17T10:07:38.622+0800][1.929s][info][gc,heap     ] GC(63) Y:      Used:       64M (100%)         64M (100%)         60M (94%)          60M (94%)          64M (100%)         60M (94%)    
[2026-06-17T10:07:38.622+0800][1.929s][info][gc,heap     ] GC(63) Y: Young Generation Statistics:
[2026-06-17T10:07:38.622+0800][1.929s][info][gc,heap     ] GC(63) Y:                Mark Start          Mark End        Relocate Start      Relocate End    
[2026-06-17T10:07:38.622+0800][1.929s][info][gc,heap     ] GC(63) Y:      Used:        4M (6%)            4M (6%)            0M (0%)            0M (0%)     
[2026-06-17T10:07:38.622+0800][1.929s][info][gc,heap     ] GC(63) Y:      Live:         -                 0M (0%)            0M (0%)            0M (0%)     
[2026-06-17T10:07:38.622+0800][1.929s][info][gc,heap     ] GC(63) Y:   Garbage:         -                 4M (6%)            0M (0%)            0M (0%)     
[2026-06-17T10:07:38.622+0800][1.930s][info][gc,heap     ] GC(63) Y: Allocated:         -                 0M (0%)            0M (0%)            0M (0%)     
[2026-06-17T10:07:38.623+0800][1.930s][info][gc,heap     ] GC(63) Y: Reclaimed:         -                  -                 4M (6%)            4M (6%)     
[2026-06-17T10:07:38.623+0800][1.930s][info][gc,heap     ] GC(63) Y:  Promoted:         -                  -                 0M (0%)            0M (0%)     
[2026-06-17T10:07:38.623+0800][1.930s][info][gc,heap     ] GC(63) Y: Compacted:         -                  -                  -                 0M (0%)     
[2026-06-17T10:07:38.623+0800][1.930s][info][gc,phases   ] GC(63) Y: Young Generation 64M(100%)->60M(94%) 0.003s
[2026-06-17T10:07:38.623+0800][1.930s][info][gc,phases   ] GC(63) O: Old Generation
[2026-06-17T10:07:38.624+0800][1.931s][info][gc,phases   ] GC(63) O: Concurrent Mark 0.861ms
[2026-06-17T10:07:38.624+0800][1.932s][info][gc,phases   ] GC(63) O: Pause Mark End 0.008ms
[2026-06-17T10:07:38.624+0800][1.932s][info][gc,phases   ] GC(63) O: Concurrent Mark Free 0.001ms
[2026-06-17T10:07:38.625+0800][1.932s][info][gc,phases   ] GC(63) O: Concurrent Process Non-Strong 0.262ms
[2026-06-17T10:07:38.625+0800][1.932s][info][gc,phases   ] GC(63) O: Concurrent Reset Relocation Set 0.001ms
[2026-06-17T10:07:38.625+0800][1.933s][info][gc,phases   ] GC(63) O: Concurrent Select Relocation Set 0.088ms
[2026-06-17T10:07:38.625+0800][1.933s][info][gc,task     ] GC(63) O: Using 1 Workers for Old Generation
[2026-06-17T10:07:38.626+0800][1.933s][info][gc,task     ] GC(63) O: Using 1 Workers for Old Generation
[2026-06-17T10:07:38.626+0800][1.933s][info][gc,phases   ] GC(63) O: Concurrent Remap Roots 0.361ms
[2026-06-17T10:07:38.626+0800][1.933s][info][gc,phases   ] GC(63) O: Pause Relocate Start 0.006ms
[2026-06-17T10:07:38.627+0800][1.934s][info][gc,phases   ] GC(63) O: Concurrent Relocate 0.522ms
[2026-06-17T10:07:38.627+0800][1.934s][info][gc,alloc    ] GC(63) O:                         Mark Start        Mark End      Relocate Start    Relocate End   
[2026-06-17T10:07:38.627+0800][1.934s][info][gc,alloc    ] GC(63) O: Allocation Stalls:          0                0                0                0         
[2026-06-17T10:07:38.627+0800][1.934s][info][gc,load     ] GC(63) O: Load: 0.41 (2%) / 0.44 (2%) / 0.49 (2%)
[2026-06-17T10:07:38.627+0800][1.934s][info][gc,mmu      ] GC(63) O: MMU: 2ms/98.7%, 5ms/99.2%, 10ms/99.5%, 20ms/99.6%, 50ms/99.7%, 100ms/99.7%
[2026-06-17T10:07:38.627+0800][1.934s][info][gc,marking  ] GC(63) O: Mark: 1 stripe(s), 1 proactive flush(es), 1 terminate flush(es), 0 completion(s), 0 continuation(s) 
[2026-06-17T10:07:38.627+0800][1.935s][info][gc,nmethod  ] GC(63) O: NMethods: 69 registered, 4 unregistered
[2026-06-17T10:07:38.627+0800][1.935s][info][gc,metaspace] GC(63) O: Metaspace: 0M used, 0M committed, 1088M reserved
[2026-06-17T10:07:38.627+0800][1.935s][info][gc,ref      ] GC(63) O:                       Encountered   Discovered     Enqueued 
[2026-06-17T10:07:38.627+0800][1.935s][info][gc,ref      ] GC(63) O: Soft References:                0            0            0 
[2026-06-17T10:07:38.627+0800][1.935s][info][gc,ref      ] GC(63) O: Weak References:                6            0            0 
[2026-06-17T10:07:38.627+0800][1.935s][info][gc,ref      ] GC(63) O: Final References:               0            0            0 
[2026-06-17T10:07:38.628+0800][1.935s][info][gc,ref      ] GC(63) O: Phantom References:             1            1            0 
[2026-06-17T10:07:38.628+0800][1.935s][info][gc,reloc    ] GC(63) O:                        Candidates     Selected     In-Place         Size        Empty    Relocated 
[2026-06-17T10:07:38.628+0800][1.935s][info][gc,reloc    ] GC(63) O: Small Pages:                    3            1            0           6M           2M           1M 
[2026-06-17T10:07:38.628+0800][1.935s][info][gc,reloc    ] GC(63) O: Large Pages:                   27            0            0          54M          32M           0M 
[2026-06-17T10:07:38.628+0800][1.935s][info][gc,reloc    ] GC(63) O: Forwarding Usage: 0M
[2026-06-17T10:07:38.628+0800][1.936s][info][gc,heap     ] GC(63) O: Min Capacity: 64M(100%)
[2026-06-17T10:07:38.628+0800][1.936s][info][gc,heap     ] GC(63) O: Max Capacity: 64M(100%)
[2026-06-17T10:07:38.628+0800][1.936s][info][gc,heap     ] GC(63) O: Soft Max Capacity: 64M(100%)
[2026-06-17T10:07:38.628+0800][1.936s][info][gc,heap     ] GC(63) O: Heap Statistics:
[2026-06-17T10:07:38.629+0800][1.936s][info][gc,heap     ] GC(63) O:                Mark Start          Mark End        Relocate Start      Relocate End           High               Low         
[2026-06-17T10:07:38.629+0800][1.936s][info][gc,heap     ] GC(63) O:  Capacity:       64M (100%)         64M (100%)         64M (100%)         64M (100%)         64M (100%)         64M (100%)   
[2026-06-17T10:07:38.629+0800][1.936s][info][gc,heap     ] GC(63) O:      Free:        0M (0%)            4M (6%)           34M (53%)          36M (56%)          38M (59%)           0M (0%)     
[2026-06-17T10:07:38.629+0800][1.937s][info][gc,heap     ] GC(63) O:      Used:       64M (100%)         60M (94%)          30M (47%)          28M (44%)          64M (100%)         26M (41%)    
[2026-06-17T10:07:38.629+0800][1.937s][info][gc,heap     ] GC(63) O: Old Generation Statistics:
[2026-06-17T10:07:38.629+0800][1.937s][info][gc,heap     ] GC(63) O:                Mark Start          Mark End        Relocate Start      Relocate End    
[2026-06-17T10:07:38.629+0800][1.937s][info][gc,heap     ] GC(63) O:      Used:       60M (94%)          60M (94%)          26M (41%)          24M (38%)    
[2026-06-17T10:07:38.629+0800][1.937s][info][gc,heap     ] GC(63) O:      Live:         -                23M (37%)          23M (37%)          23M (37%)    
[2026-06-17T10:07:38.630+0800][1.937s][info][gc,heap     ] GC(63) O:   Garbage:         -                36M (57%)           2M (4%)            0M (0%)     
[2026-06-17T10:07:38.630+0800][1.937s][info][gc,heap     ] GC(63) O: Allocated:         -                 0M (0%)            0M (0%)            0M (0%)     
[2026-06-17T10:07:38.630+0800][1.937s][info][gc,heap     ] GC(63) O: Reclaimed:         -                  -                34M (53%)          36M (57%)    
[2026-06-17T10:07:38.630+0800][1.937s][info][gc,heap     ] GC(63) O: Compacted:         -                  -                  -                 1M (3%)     
[2026-06-17T10:07:38.630+0800][1.937s][info][gc,phases   ] GC(63) O: Old Generation 60M(94%)->28M(44%) 0.004s
[2026-06-17T10:07:38.630+0800][1.937s][info][gc          ] GC(63) Major Collection (Allocation Rate) 64M(100%)->28M(44%) 0.015s
[2026-06-17T10:07:38.668+0800][1.976s][info][gc          ] GC(64) Major Collection (Allocation Rate)
[2026-06-17T10:07:38.671+0800][1.978s][info][gc,task     ] GC(64) Using 1 Workers for Young Generation
[2026-06-17T10:07:38.671+0800][1.979s][info][gc,task     ] GC(64) Using 1 Workers for Old Generation
[2026-06-17T10:07:38.672+0800][1.979s][info][gc,phases   ] GC(64) Y: Young Generation
[2026-06-17T10:07:38.673+0800][1.980s][info][gc,phases   ] GC(64) Y: Pause Mark Start (Major) 0.011ms
[2026-06-17T10:07:38.674+0800][1.982s][info][gc,phases   ] GC(64) Y: Concurrent Mark 0.465ms
[2026-06-17T10:07:38.674+0800][1.982s][info][gc,phases   ] GC(64) Y: Pause Mark End 0.005ms
[2026-06-17T10:07:38.675+0800][1.982s][info][gc,phases   ] GC(64) Y: Concurrent Mark Free 0.002ms
[2026-06-17T10:07:38.675+0800][1.982s][info][gc,phases   ] GC(64) Y: Concurrent Reset Relocation Set 0.001ms
[2026-06-17T10:07:38.675+0800][1.982s][info][gc,reloc    ] GC(64) Y: Using tenuring threshold: 1 (Computed)
[2026-06-17T10:07:38.675+0800][1.983s][info][gc,phases   ] GC(64) Y: Concurrent Select Relocation Set 0.212ms
[2026-06-17T10:07:38.675+0800][1.983s][info][gc,phases   ] GC(64) Y: Pause Relocate Start 0.004ms
[2026-06-17T10:07:38.676+0800][1.983s][info][gc,phases   ] GC(64) Y: Concurrent Relocate 0.339ms
[2026-06-17T10:07:38.676+0800][1.983s][info][gc,alloc    ] GC(64) Y:                         Mark Start        Mark End      Relocate Start    Relocate End   
[2026-06-17T10:07:38.676+0800][1.983s][info][gc,alloc    ] GC(64) Y: Allocation Stalls:          0                0                0                0         
[2026-06-17T10:07:38.676+0800][1.983s][info][gc,load     ] GC(64) Y: Load: 0.41 (2%) / 0.44 (2%) / 0.49 (2%)
[2026-06-17T10:07:38.676+0800][1.983s][info][gc,mmu      ] GC(64) Y: MMU: 2ms/98.7%, 5ms/99.2%, 10ms/99.5%, 20ms/99.6%, 50ms/99.7%, 100ms/99.7%
[2026-06-17T10:07:38.676+0800][1.984s][info][gc,marking  ] GC(64) Y: Mark: 1 stripe(s), 1 proactive flush(es), 1 terminate flush(es), 0 completion(s), 0 continuation(s) 
[2026-06-17T10:07:38.676+0800][1.984s][info][gc,nmethod  ] GC(64) Y: NMethods: 71 registered, 4 unregistered
[2026-06-17T10:07:38.676+0800][1.984s][info][gc,metaspace] GC(64) Y: Metaspace: 0M used, 0M committed, 1088M reserved
[2026-06-17T10:07:38.676+0800][1.984s][info][gc,reloc    ] GC(64) Y:                        Candidates     Selected     In-Place         Size        Empty    Relocated 
[2026-06-17T10:07:38.677+0800][1.984s][info][gc,reloc    ] GC(64) Y: Small Pages:                   10            2            0          20M          14M           0M 
[2026-06-17T10:07:38.677+0800][1.984s][info][gc,reloc    ] GC(64) Y: Large Pages:                   10            0            0          20M           0M           0M 
[2026-06-17T10:07:38.677+0800][1.984s][info][gc,reloc    ] GC(64) Y: Forwarding Usage: 0M
[2026-06-17T10:07:38.677+0800][1.984s][info][gc,reloc    ] GC(64) Y: Age Table:
[2026-06-17T10:07:38.677+0800][1.985s][info][gc,reloc    ] GC(64) Y:                    Live             Garbage             Small              Medium             Large        
[2026-06-17T10:07:38.677+0800][1.985s][info][gc,reloc    ] GC(64) Y: Eden              20M (33%)          19M (30%)         10 / 2              0 / 0             10 / 0        
[2026-06-17T10:07:38.677+0800][1.985s][info][gc,heap     ] GC(64) Y: Min Capacity: 64M(100%)
[2026-06-17T10:07:38.677+0800][1.985s][info][gc,heap     ] GC(64) Y: Max Capacity: 64M(100%)
[2026-06-17T10:07:38.678+0800][1.985s][info][gc,heap     ] GC(64) Y: Soft Max Capacity: 64M(100%)
[2026-06-17T10:07:38.678+0800][1.985s][info][gc,heap     ] GC(64) Y: Heap Statistics:
[2026-06-17T10:07:38.678+0800][1.985s][info][gc,heap     ] GC(64) Y:                Mark Start          Mark End        Relocate Start      Relocate End           High               Low         
[2026-06-17T10:07:38.678+0800][1.985s][info][gc,heap     ] GC(64) Y:  Capacity:       64M (100%)         64M (100%)         64M (100%)         64M (100%)         64M (100%)         64M (100%)   
[2026-06-17T10:07:38.678+0800][1.986s][info][gc,heap     ] GC(64) Y:      Free:        0M (0%)            0M (0%)           14M (22%)          18M (28%)          18M (28%)           0M (0%)     
[2026-06-17T10:07:38.678+0800][1.986s][info][gc,heap     ] GC(64) Y:      Used:       64M (100%)         64M (100%)         50M (78%)          46M (72%)          64M (100%)         46M (72%)    
[2026-06-17T10:07:38.678+0800][1.986s][info][gc,heap     ] GC(64) Y: Young Generation Statistics:
[2026-06-17T10:07:38.678+0800][1.986s][info][gc,heap     ] GC(64) Y:                Mark Start          Mark End        Relocate Start      Relocate End    
[2026-06-17T10:07:38.679+0800][1.986s][info][gc,heap     ] GC(64) Y:      Used:       40M (62%)          40M (62%)          26M (41%)          22M (34%)    
[2026-06-17T10:07:38.679+0800][1.986s][info][gc,heap     ] GC(64) Y:      Live:         -                20M (33%)          20M (33%)          20M (33%)    
[2026-06-17T10:07:38.679+0800][1.986s][info][gc,heap     ] GC(64) Y:   Garbage:         -                19M (30%)           5M (8%)            0M (0%)     
[2026-06-17T10:07:38.679+0800][1.986s][info][gc,heap     ] GC(64) Y: Allocated:         -                 0M (0%)            0M (0%)            1M (2%)     
[2026-06-17T10:07:38.679+0800][1.986s][info][gc,heap     ] GC(64) Y: Reclaimed:         -                  -                14M (22%)          19M (30%)    
[2026-06-17T10:07:38.679+0800][1.986s][info][gc,heap     ] GC(64) Y:  Promoted:         -                  -                 0M (0%)            0M (0%)     
[2026-06-17T10:07:38.679+0800][1.986s][info][gc,heap     ] GC(64) Y: Compacted:         -                  -                  -                 0M (2%)     
[2026-06-17T10:07:38.679+0800][1.987s][info][gc,phases   ] GC(64) Y: Young Generation 64M(100%)->46M(72%) 0.004s
[2026-06-17T10:07:38.679+0800][1.987s][info][gc,phases   ] GC(64) O: Old Generation
[2026-06-17T10:07:38.680+0800][1.988s][info][gc,phases   ] GC(64) O: Concurrent Mark 1.065ms
[2026-06-17T10:07:38.681+0800][1.988s][info][gc,phases   ] GC(64) O: Pause Mark End 0.008ms
[2026-06-17T10:07:38.681+0800][1.988s][info][gc,phases   ] GC(64) O: Concurrent Mark Free 0.001ms
[2026-06-17T10:07:38.681+0800][1.989s][info][gc,phases   ] GC(64) O: Concurrent Process Non-Strong 0.275ms
[2026-06-17T10:07:38.681+0800][1.989s][info][gc,phases   ] GC(64) O: Concurrent Reset Relocation Set 0.001ms
[2026-06-17T10:07:38.681+0800][1.989s][info][gc,phases   ] GC(64) O: Concurrent Select Relocation Set 0.048ms
[2026-06-17T10:07:38.682+0800][1.989s][info][gc,task     ] GC(64) O: Using 1 Workers for Old Generation
[2026-06-17T10:07:38.682+0800][1.989s][info][gc,task     ] GC(64) O: Using 1 Workers for Old Generation
[2026-06-17T10:07:38.682+0800][1.989s][info][gc,phases   ] GC(64) O: Concurrent Remap Roots 0.322ms
[2026-06-17T10:07:38.682+0800][1.989s][info][gc,phases   ] GC(64) O: Pause Relocate Start 0.005ms
[2026-06-17T10:07:38.682+0800][1.990s][info][gc,phases   ] GC(64) O: Concurrent Relocate 0.075ms
[2026-06-17T10:07:38.682+0800][1.990s][info][gc,alloc    ] GC(64) O:                         Mark Start        Mark End      Relocate Start    Relocate End   
[2026-06-17T10:07:38.683+0800][1.990s][info][gc,alloc    ] GC(64) O: Allocation Stalls:          0                0                0                0         
[2026-06-17T10:07:38.683+0800][1.990s][info][gc,load     ] GC(64) O: Load: 0.41 (2%) / 0.44 (2%) / 0.49 (2%)
[2026-06-17T10:07:38.683+0800][1.990s][info][gc,mmu      ] GC(64) O: MMU: 2ms/98.7%, 5ms/99.2%, 10ms/99.5%, 20ms/99.6%, 50ms/99.7%, 100ms/99.7%
[2026-06-17T10:07:38.683+0800][1.990s][info][gc,marking  ] GC(64) O: Mark: 1 stripe(s), 2 proactive flush(es), 1 terminate flush(es), 0 completion(s), 0 continuation(s) 
[2026-06-17T10:07:38.683+0800][1.990s][info][gc,nmethod  ] GC(64) O: NMethods: 69 registered, 6 unregistered
[2026-06-17T10:07:38.683+0800][1.990s][info][gc,metaspace] GC(64) O: Metaspace: 0M used, 0M committed, 1088M reserved
[2026-06-17T10:07:38.683+0800][1.991s][info][gc,ref      ] GC(64) O:                       Encountered   Discovered     Enqueued 
[2026-06-17T10:07:38.683+0800][1.991s][info][gc,ref      ] GC(64) O: Soft References:                0            0            0 
[2026-06-17T10:07:38.683+0800][1.991s][info][gc,ref      ] GC(64) O: Weak References:                6            0            0 
[2026-06-17T10:07:38.683+0800][1.991s][info][gc,ref      ] GC(64) O: Final References:               0            0            0 
[2026-06-17T10:07:38.684+0800][1.991s][info][gc,ref      ] GC(64) O: Phantom References:             1            1            0 
[2026-06-17T10:07:38.684+0800][1.991s][info][gc,reloc    ] GC(64) O:                        Candidates     Selected     In-Place         Size        Empty    Relocated 
[2026-06-17T10:07:38.684+0800][1.991s][info][gc,reloc    ] GC(64) O: Small Pages:                    1            0            0           2M           0M           0M 
[2026-06-17T10:07:38.684+0800][1.991s][info][gc,reloc    ] GC(64) O: Large Pages:                   11            0            0          22M           0M           0M 
[2026-06-17T10:07:38.684+0800][1.991s][info][gc,reloc    ] GC(64) O: Forwarding Usage: 0M
[2026-06-17T10:07:38.684+0800][1.991s][info][gc,heap     ] GC(64) O: Min Capacity: 64M(100%)
[2026-06-17T10:07:38.684+0800][1.992s][info][gc,heap     ] GC(64) O: Max Capacity: 64M(100%)
[2026-06-17T10:07:38.684+0800][1.992s][info][gc,heap     ] GC(64) O: Soft Max Capacity: 64M(100%)
[2026-06-17T10:07:38.684+0800][1.992s][info][gc,heap     ] GC(64) O: Heap Statistics:
[2026-06-17T10:07:38.684+0800][1.992s][info][gc,heap     ] GC(64) O:                Mark Start          Mark End        Relocate Start      Relocate End           High               Low         
[2026-06-17T10:07:38.684+0800][1.992s][info][gc,heap     ] GC(64) O:  Capacity:       64M (100%)         64M (100%)         64M (100%)         64M (100%)         64M (100%)         64M (100%)   
[2026-06-17T10:07:38.684+0800][1.992s][info][gc,heap     ] GC(64) O:      Free:        0M (0%)           14M (22%)          14M (22%)          14M (22%)          18M (28%)           0M (0%)     
[2026-06-17T10:07:38.685+0800][1.992s][info][gc,heap     ] GC(64) O:      Used:       64M (100%)         50M (78%)          50M (78%)          50M (78%)          64M (100%)         46M (72%)    
[2026-06-17T10:07:38.685+0800][1.992s][info][gc,heap     ] GC(64) O: Old Generation Statistics:
[2026-06-17T10:07:38.685+0800][1.992s][info][gc,heap     ] GC(64) O:                Mark Start          Mark End        Relocate Start      Relocate End    
[2026-06-17T10:07:38.685+0800][1.992s][info][gc,heap     ] GC(64) O:      Used:       24M (38%)          24M (38%)          24M (38%)          24M (38%)    
[2026-06-17T10:07:38.685+0800][1.992s][info][gc,heap     ] GC(64) O:      Live:         -                23M (37%)          23M (37%)          23M (37%)    
[2026-06-17T10:07:38.685+0800][1.992s][info][gc,heap     ] GC(64) O:   Garbage:         -                 0M (0%)            0M (0%)            0M (0%)     
[2026-06-17T10:07:38.685+0800][1.993s][info][gc,heap     ] GC(64) O: Allocated:         -                 0M (0%)            0M (0%)            0M (0%)     
[2026-06-17T10:07:38.685+0800][1.993s][info][gc,heap     ] GC(64) O: Reclaimed:         -                  -                 0M (0%)            0M (0%)     
[2026-06-17T10:07:38.685+0800][1.993s][info][gc,heap     ] GC(64) O: Compacted:         -                  -                  -                 0M (0%)     
[2026-06-17T10:07:38.685+0800][1.993s][info][gc,phases   ] GC(64) O: Old Generation 50M(78%)->50M(78%) 0.003s
[2026-06-17T10:07:38.685+0800][1.993s][info][gc          ] GC(64) Major Collection (Allocation Rate) 62M(97%)->50M(78%) 0.017s
[2026-06-17T10:07:38.700+0800][2.007s][info][gc          ] GC(65) Minor Collection (Allocation Rate)
[2026-06-17T10:07:38.700+0800][2.007s][info][gc,task     ] GC(65) Using 1 Workers for Young Generation
[2026-06-17T10:07:38.700+0800][2.007s][info][gc,phases   ] GC(65) y: Young Generation
[2026-06-17T10:07:38.700+0800][2.008s][info][gc,phases   ] GC(65) y: Pause Mark Start 0.009ms
[2026-06-17T10:07:38.701+0800][2.008s][info][gc,phases   ] GC(65) y: Concurrent Mark 0.347ms
[2026-06-17T10:07:38.701+0800][2.008s][info][gc,phases   ] GC(65) y: Pause Mark End 0.006ms
[2026-06-17T10:07:38.701+0800][2.009s][info][gc,phases   ] GC(65) y: Concurrent Mark Free 0.001ms
[2026-06-17T10:07:38.701+0800][2.009s][info][gc,phases   ] GC(65) y: Concurrent Reset Relocation Set 0.001ms
[2026-06-17T10:07:38.701+0800][2.009s][info][gc,reloc    ] GC(65) y: Using tenuring threshold: 1 (Computed)
[2026-06-17T10:07:38.701+0800][2.009s][info][gc          ] Allocation Stall (main) 1.853ms
[2026-06-17T10:07:38.702+0800][2.009s][info][gc,phases   ] GC(65) y: Concurrent Select Relocation Set 0.382ms
[2026-06-17T10:07:38.702+0800][2.009s][info][gc,phases   ] GC(65) y: Pause Relocate Start 0.005ms
[2026-06-17T10:07:38.702+0800][2.010s][info][gc,phases   ] GC(65) y: Concurrent Relocate 0.243ms
[2026-06-17T10:07:38.702+0800][2.010s][info][gc,alloc    ] GC(65) y:                         Mark Start        Mark End      Relocate Start    Relocate End   
[2026-06-17T10:07:38.703+0800][2.010s][info][gc,alloc    ] GC(65) y: Allocation Stalls:          1                1                0                0         
[2026-06-17T10:07:38.703+0800][2.010s][info][gc,load     ] GC(65) y: Load: 0.41 (2%) / 0.44 (2%) / 0.49 (2%)
[2026-06-17T10:07:38.703+0800][2.010s][info][gc,mmu      ] GC(65) y: MMU: 2ms/98.7%, 5ms/99.2%, 10ms/99.5%, 20ms/99.6%, 50ms/99.7%, 100ms/99.7%
[2026-06-17T10:07:38.703+0800][2.010s][info][gc,marking  ] GC(65) y: Mark: 1 stripe(s), 1 proactive flush(es), 1 terminate flush(es), 0 completion(s), 0 continuation(s) 
[2026-06-17T10:07:38.703+0800][2.010s][info][gc,nmethod  ] GC(65) y: NMethods: 69 registered, 6 unregistered
[2026-06-17T10:07:38.703+0800][2.010s][info][gc,metaspace] GC(65) y: Metaspace: 0M used, 0M committed, 1088M reserved
[2026-06-17T10:07:38.703+0800][2.011s][info][gc,reloc    ] GC(65) y:                        Candidates     Selected     In-Place         Size        Empty    Relocated 
[2026-06-17T10:07:38.703+0800][2.011s][info][gc,reloc    ] GC(65) y: Small Pages:                    7            1            0          14M          10M           0M 
[2026-06-17T10:07:38.703+0800][2.011s][info][gc,reloc    ] GC(65) y: Large Pages:                   13            0            0          26M           0M           0M 
[2026-06-17T10:07:38.704+0800][2.011s][info][gc,reloc    ] GC(65) y: Forwarding Usage: 0M
[2026-06-17T10:07:38.704+0800][2.011s][info][gc,reloc    ] GC(65) y: Age Table:
[2026-06-17T10:07:38.704+0800][2.011s][info][gc,reloc    ] GC(65) y:                    Live             Garbage             Small              Medium             Large        
[2026-06-17T10:07:38.704+0800][2.011s][info][gc,reloc    ] GC(65) y: Eden               6M (10%)          11M (18%)          6 / 0              0 / 0              3 / 0        
[2026-06-17T10:07:38.704+0800][2.012s][info][gc,reloc    ] GC(65) y: Survivor 1        20M (33%)           1M (2%)           1 / 1              0 / 0             10 / 0        
[2026-06-17T10:07:38.704+0800][2.012s][info][gc,heap     ] GC(65) y: Min Capacity: 64M(100%)
[2026-06-17T10:07:38.705+0800][2.012s][info][gc,heap     ] GC(65) y: Max Capacity: 64M(100%)
[2026-06-17T10:07:38.705+0800][2.012s][info][gc,heap     ] GC(65) y: Soft Max Capacity: 64M(100%)
[2026-06-17T10:07:38.705+0800][2.012s][info][gc,heap     ] GC(65) y: Heap Statistics:
[2026-06-17T10:07:38.705+0800][2.012s][info][gc,heap     ] GC(65) y:                Mark Start          Mark End        Relocate Start      Relocate End           High               Low         
[2026-06-17T10:07:38.705+0800][2.012s][info][gc,heap     ] GC(65) y:  Capacity:       64M (100%)         64M (100%)         64M (100%)         64M (100%)         64M (100%)         64M (100%)   
[2026-06-17T10:07:38.705+0800][2.012s][info][gc,heap     ] GC(65) y:      Free:        0M (0%)            0M (0%)            4M (6%)            4M (6%)           10M (16%)           0M (0%)     
[2026-06-17T10:07:38.705+0800][2.013s][info][gc,heap     ] GC(65) y:      Used:       64M (100%)         64M (100%)         60M (94%)          60M (94%)          64M (100%)         54M (84%)    
[2026-06-17T10:07:38.705+0800][2.013s][info][gc,heap     ] GC(65) y: Young Generation Statistics:
[2026-06-17T10:07:38.705+0800][2.013s][info][gc,heap     ] GC(65) y:                Mark Start          Mark End        Relocate Start      Relocate End    
[2026-06-17T10:07:38.706+0800][2.013s][info][gc,heap     ] GC(65) y:      Used:       40M (62%)          40M (62%)          16M (25%)          14M (22%)    
[2026-06-17T10:07:38.706+0800][2.013s][info][gc,heap     ] GC(65) y:      Live:         -                27M (43%)           7M (11%)           6M (10%)    
[2026-06-17T10:07:38.706+0800][2.013s][info][gc,heap     ] GC(65) y:   Garbage:         -                12M (20%)           2M (4%)            0M (0%)     
[2026-06-17T10:07:38.706+0800][2.013s][info][gc,heap     ] GC(65) y: Allocated:         -                 0M (0%)            6M (9%)            7M (12%)    
[2026-06-17T10:07:38.706+0800][2.013s][info][gc,heap     ] GC(65) y: Reclaimed:         -                  -                10M (16%)          12M (20%)    
[2026-06-17T10:07:38.706+0800][2.013s][info][gc,heap     ] GC(65) y:  Promoted:         -                  -                20M (31%)          20M (33%)    
[2026-06-17T10:07:38.706+0800][2.014s][info][gc,heap     ] GC(65) y: Compacted:         -                  -                  -                 0M (0%)     
[2026-06-17T10:07:38.706+0800][2.014s][info][gc,phases   ] GC(65) y: Young Generation 64M(100%)->60M(94%) 0.002s
[2026-06-17T10:07:38.706+0800][2.014s][info][gc          ] GC(65) Minor Collection (Allocation Rate) 64M(100%)->60M(94%) 0.007s
[2026-06-17T10:07:38.707+0800][2.014s][info][gc          ] GC(66) Minor Collection (Allocation Rate)
[2026-06-17T10:07:38.707+0800][2.014s][info][gc,task     ] GC(66) Using 1 Workers for Young Generation
[2026-06-17T10:07:38.707+0800][2.014s][info][gc,phases   ] GC(66) y: Young Generation
[2026-06-17T10:07:38.707+0800][2.014s][info][gc,phases   ] GC(66) y: Pause Mark Start 0.009ms
[2026-06-17T10:07:38.708+0800][2.015s][info][gc,phases   ] GC(66) y: Concurrent Mark 0.361ms
[2026-06-17T10:07:38.708+0800][2.015s][info][gc,phases   ] GC(66) y: Pause Mark End 0.005ms
[2026-06-17T10:07:38.708+0800][2.015s][info][gc,phases   ] GC(66) y: Concurrent Mark Free 0.001ms
[2026-06-17T10:07:38.708+0800][2.015s][info][gc,phases   ] GC(66) y: Concurrent Reset Relocation Set 0.002ms
[2026-06-17T10:07:38.708+0800][2.015s][info][gc,reloc    ] GC(66) y: Using tenuring threshold: 2 (Computed)
[2026-06-17T10:07:38.708+0800][2.016s][info][gc,phases   ] GC(66) y: Concurrent Select Relocation Set 0.187ms
[2026-06-17T10:07:38.708+0800][2.016s][info][gc,phases   ] GC(66) y: Pause Relocate Start 0.005ms
[2026-06-17T10:07:38.708+0800][2.016s][info][gc,phases   ] GC(66) y: Concurrent Relocate 0.125ms
[2026-06-17T10:07:38.709+0800][2.016s][info][gc,alloc    ] GC(66) y:                         Mark Start        Mark End      Relocate Start    Relocate End   
[2026-06-17T10:07:38.709+0800][2.016s][info][gc,alloc    ] GC(66) y: Allocation Stalls:          0                0                0                0         
[2026-06-17T10:07:38.709+0800][2.016s][info][gc,load     ] GC(66) y: Load: 0.41 (2%) / 0.44 (2%) / 0.49 (2%)
[2026-06-17T10:07:38.709+0800][2.016s][info][gc,mmu      ] GC(66) y: MMU: 2ms/98.7%, 5ms/99.2%, 10ms/99.5%, 20ms/99.6%, 50ms/99.7%, 100ms/99.7%
[2026-06-17T10:07:38.709+0800][2.016s][info][gc,marking  ] GC(66) y: Mark: 1 stripe(s), 1 proactive flush(es), 1 terminate flush(es), 0 completion(s), 0 continuation(s) 
[2026-06-17T10:07:38.709+0800][2.016s][info][gc,nmethod  ] GC(66) y: NMethods: 69 registered, 6 unregistered
[2026-06-17T10:07:38.709+0800][2.016s][info][gc,metaspace] GC(66) y: Metaspace: 0M used, 0M committed, 1088M reserved
[2026-06-17T10:07:38.709+0800][2.017s][info][gc,reloc    ] GC(66) y:                        Candidates     Selected     In-Place         Size        Empty    Relocated 
[2026-06-17T10:07:38.709+0800][2.017s][info][gc,reloc    ] GC(66) y: Small Pages:                    2            1            0           4M           0M           0M 
[2026-06-17T10:07:38.709+0800][2.017s][info][gc,reloc    ] GC(66) y: Large Pages:                    5            0            0          10M           0M           0M 
[2026-06-17T10:07:38.709+0800][2.017s][info][gc,reloc    ] GC(66) y: Forwarding Usage: 0M
[2026-06-17T10:07:38.709+0800][2.017s][info][gc,reloc    ] GC(66) y: Age Table:
[2026-06-17T10:07:38.709+0800][2.017s][info][gc,reloc    ] GC(66) y:                    Live             Garbage             Small              Medium             Large        
[2026-06-17T10:07:38.710+0800][2.017s][info][gc,reloc    ] GC(66) y: Eden               4M (6%)            1M (3%)           1 / 0              0 / 0              2 / 0        
[2026-06-17T10:07:38.710+0800][2.017s][info][gc,reloc    ] GC(66) y: Survivor 1         6M (10%)           1M (3%)           1 / 1              0 / 0              3 / 0        
[2026-06-17T10:07:38.710+0800][2.017s][info][gc,heap     ] GC(66) y: Min Capacity: 64M(100%)
[2026-06-17T10:07:38.710+0800][2.017s][info][gc,heap     ] GC(66) y: Max Capacity: 64M(100%)
[2026-06-17T10:07:38.710+0800][2.017s][info][gc,heap     ] GC(66) y: Soft Max Capacity: 64M(100%)
[2026-06-17T10:07:38.710+0800][2.017s][info][gc,heap     ] GC(66) y: Heap Statistics:
[2026-06-17T10:07:38.710+0800][2.017s][info][gc,heap     ] GC(66) y:                Mark Start          Mark End        Relocate Start      Relocate End           High               Low         
[2026-06-17T10:07:38.710+0800][2.018s][info][gc,heap     ] GC(66) y:  Capacity:       64M (100%)         64M (100%)         64M (100%)         64M (100%)         64M (100%)         64M (100%)   
[2026-06-17T10:07:38.710+0800][2.018s][info][gc,heap     ] GC(66) y:      Free:        4M (6%)            4M (6%)            4M (6%)            4M (6%)            4M (6%)            2M (3%)     
[2026-06-17T10:07:38.710+0800][2.018s][info][gc,heap     ] GC(66) y:      Used:       60M (94%)          60M (94%)          60M (94%)          60M (94%)          62M (97%)          60M (94%)    
[2026-06-17T10:07:38.710+0800][2.018s][info][gc,heap     ] GC(66) y: Young Generation Statistics:
[2026-06-17T10:07:38.711+0800][2.018s][info][gc,heap     ] GC(66) y:                Mark Start          Mark End        Relocate Start      Relocate End    
[2026-06-17T10:07:38.711+0800][2.018s][info][gc,heap     ] GC(66) y:      Used:       14M (22%)          14M (22%)          14M (22%)          14M (22%)    
[2026-06-17T10:07:38.711+0800][2.018s][info][gc,heap     ] GC(66) y:      Live:         -                10M (16%)          10M (16%)          10M (16%)    
[2026-06-17T10:07:38.711+0800][2.018s][info][gc,heap     ] GC(66) y:   Garbage:         -                 3M (6%)            3M (6%)            0M (0%)     
[2026-06-17T10:07:38.711+0800][2.018s][info][gc,heap     ] GC(66) y: Allocated:         -                 0M (0%)            0M (0%)            3M (6%)     
[2026-06-17T10:07:38.711+0800][2.018s][info][gc,heap     ] GC(66) y: Reclaimed:         -                  -                 0M (0%)            3M (6%)     
[2026-06-17T10:07:38.711+0800][2.018s][info][gc,heap     ] GC(66) y:  Promoted:         -                  -                 0M (0%)            0M (0%)     
[2026-06-17T10:07:38.711+0800][2.018s][info][gc,heap     ] GC(66) y: Compacted:         -                  -                  -                 0M (1%)     
[2026-06-17T10:07:38.711+0800][2.019s][info][gc,phases   ] GC(66) y: Young Generation 60M(94%)->60M(94%) 0.002s
[2026-06-17T10:07:38.711+0800][2.019s][info][gc          ] GC(66) Minor Collection (Allocation Rate) 60M(94%)->60M(94%) 0.005s
[2026-06-17T10:07:38.711+0800][2.019s][info][gc          ] GC(67) Major Collection (Allocation Rate)
[2026-06-17T10:07:38.711+0800][2.019s][info][gc,task     ] GC(67) Using 1 Workers for Young Generation
[2026-06-17T10:07:38.712+0800][2.019s][info][gc,task     ] GC(67) Using 1 Workers for Old Generation
[2026-06-17T10:07:38.712+0800][2.019s][info][gc,phases   ] GC(67) Y: Young Generation
[2026-06-17T10:07:38.712+0800][2.019s][info][gc,phases   ] GC(67) Y: Pause Mark Start (Major) 0.006ms
[2026-06-17T10:07:38.712+0800][2.020s][info][gc,phases   ] GC(67) Y: Concurrent Mark 0.373ms
[2026-06-17T10:07:38.712+0800][2.020s][info][gc,phases   ] GC(67) Y: Pause Mark End 0.004ms
[2026-06-17T10:07:38.713+0800][2.020s][info][gc,phases   ] GC(67) Y: Concurrent Mark Free 0.000ms
[2026-06-17T10:07:38.713+0800][2.020s][info][gc,phases   ] GC(67) Y: Concurrent Reset Relocation Set 0.001ms
[2026-06-17T10:07:38.713+0800][2.020s][info][gc,reloc    ] GC(67) Y: Using tenuring threshold: 1 (Computed)
[2026-06-17T10:07:38.713+0800][2.021s][info][gc,phases   ] GC(67) Y: Concurrent Select Relocation Set 0.266ms
[2026-06-17T10:07:38.713+0800][2.021s][info][gc,phases   ] GC(67) Y: Pause Relocate Start 0.005ms
[2026-06-17T10:07:38.714+0800][2.021s][info][gc,phases   ] GC(67) Y: Concurrent Relocate 0.123ms
[2026-06-17T10:07:38.714+0800][2.021s][info][gc,alloc    ] GC(67) Y:                         Mark Start        Mark End      Relocate Start    Relocate End   
[2026-06-17T10:07:38.714+0800][2.021s][info][gc,alloc    ] GC(67) Y: Allocation Stalls:          0                0                0                0         
[2026-06-17T10:07:38.714+0800][2.021s][info][gc,load     ] GC(67) Y: Load: 0.41 (2%) / 0.44 (2%) / 0.49 (2%)
[2026-06-17T10:07:38.714+0800][2.022s][info][gc,mmu      ] GC(67) Y: MMU: 2ms/98.7%, 5ms/99.2%, 10ms/99.5%, 20ms/99.6%, 50ms/99.7%, 100ms/99.7%
[2026-06-17T10:07:38.714+0800][2.022s][info][gc,marking  ] GC(67) Y: Mark: 1 stripe(s), 1 proactive flush(es), 1 terminate flush(es), 0 completion(s), 0 continuation(s) 
[2026-06-17T10:07:38.714+0800][2.022s][info][gc,nmethod  ] GC(67) Y: NMethods: 69 registered, 6 unregistered
[2026-06-17T10:07:38.714+0800][2.022s][info][gc,metaspace] GC(67) Y: Metaspace: 0M used, 0M committed, 1088M reserved
[2026-06-17T10:07:38.715+0800][2.022s][info][gc,reloc    ] GC(67) Y:                        Candidates     Selected     In-Place         Size        Empty    Relocated 
[2026-06-17T10:07:38.715+0800][2.022s][info][gc,reloc    ] GC(67) Y: Small Pages:                    2            1            1           4M           0M           0M 
[2026-06-17T10:07:38.715+0800][2.022s][info][gc,reloc    ] GC(67) Y: Large Pages:                    5            0            0          10M           0M           0M 
[2026-06-17T10:07:38.715+0800][2.022s][info][gc,reloc    ] GC(67) Y: Forwarding Usage: 0M
[2026-06-17T10:07:38.715+0800][2.022s][info][gc,reloc    ] GC(67) Y: Age Table:
[2026-06-17T10:07:38.715+0800][2.022s][info][gc,reloc    ] GC(67) Y:                    Live             Garbage             Small              Medium             Large        
[2026-06-17T10:07:38.715+0800][2.022s][info][gc,reloc    ] GC(67) Y: Eden                -                 0M (0%)           0 / 0              0 / 0              0 / 0        
[2026-06-17T10:07:38.715+0800][2.022s][info][gc,reloc    ] GC(67) Y: Survivor 1         4M (6%)            1M (3%)           1 / 0              0 / 0              2 / 0        
[2026-06-17T10:07:38.715+0800][2.023s][info][gc,reloc    ] GC(67) Y: Survivor 2         6M (10%)           1M (3%)           1 / 1              0 / 0              3 / 0        
[2026-06-17T10:07:38.715+0800][2.023s][info][gc,heap     ] GC(67) Y: Min Capacity: 64M(100%)
[2026-06-17T10:07:38.715+0800][2.023s][info][gc,heap     ] GC(67) Y: Max Capacity: 64M(100%)
[2026-06-17T10:07:38.715+0800][2.023s][info][gc,heap     ] GC(67) Y: Soft Max Capacity: 64M(100%)
[2026-06-17T10:07:38.715+0800][2.023s][info][gc,heap     ] GC(67) Y: Heap Statistics:
[2026-06-17T10:07:38.716+0800][2.023s][info][gc,heap     ] GC(67) Y:                Mark Start          Mark End        Relocate Start      Relocate End           High               Low         
[2026-06-17T10:07:38.716+0800][2.023s][info][gc,heap     ] GC(67) Y:  Capacity:       64M (100%)         64M (100%)         64M (100%)         64M (100%)         64M (100%)         64M (100%)   
[2026-06-17T10:07:38.716+0800][2.023s][info][gc,heap     ] GC(67) Y:      Free:        4M (6%)            0M (0%)            0M (0%)            2M (3%)            4M (6%)            0M (0%)     
[2026-06-17T10:07:38.716+0800][2.023s][info][gc,heap     ] GC(67) Y:      Used:       60M (94%)          64M (100%)         64M (100%)         62M (97%)          64M (100%)         60M (94%)    
[2026-06-17T10:07:38.716+0800][2.023s][info][gc,heap     ] GC(67) Y: Young Generation Statistics:
[2026-06-17T10:07:38.716+0800][2.024s][info][gc,heap     ] GC(67) Y:                Mark Start          Mark End        Relocate Start      Relocate End    
[2026-06-17T10:07:38.716+0800][2.024s][info][gc,heap     ] GC(67) Y:      Used:       14M (22%)          18M (28%)           8M (12%)           4M (6%)     
[2026-06-17T10:07:38.716+0800][2.024s][info][gc,heap     ] GC(67) Y:      Live:         -                10M (16%)           0M (1%)            0M (0%)     
[2026-06-17T10:07:38.716+0800][2.024s][info][gc,heap     ] GC(67) Y:   Garbage:         -                 3M (6%)            3M (6%)            0M (0%)     
[2026-06-17T10:07:38.716+0800][2.024s][info][gc,heap     ] GC(67) Y: Allocated:         -                 4M (6%)            4M (6%)            4M (6%)     
[2026-06-17T10:07:38.717+0800][2.024s][info][gc,heap     ] GC(67) Y: Reclaimed:         -                  -                 0M (0%)            3M (6%)     
[2026-06-17T10:07:38.717+0800][2.024s][info][gc,heap     ] GC(67) Y:  Promoted:         -                  -                10M (16%)          10M (16%)    
[2026-06-17T10:07:38.717+0800][2.024s][info][gc,heap     ] GC(67) Y: Compacted:         -                  -                  -                 0M (0%)     
[2026-06-17T10:07:38.717+0800][2.024s][info][gc,phases   ] GC(67) Y: Young Generation 60M(94%)->62M(97%) 0.002s
[2026-06-17T10:07:38.717+0800][2.024s][info][gc,phases   ] GC(67) O: Old Generation
[2026-06-17T10:07:38.718+0800][2.025s][info][gc,phases   ] GC(67) O: Concurrent Mark 0.951ms
[2026-06-17T10:07:38.718+0800][2.026s][info][gc,phases   ] GC(67) O: Pause Mark End 0.006ms
[2026-06-17T10:07:38.718+0800][2.026s][info][gc,phases   ] GC(67) O: Concurrent Mark Free 0.001ms
[2026-06-17T10:07:38.719+0800][2.026s][info][gc,phases   ] GC(67) O: Concurrent Process Non-Strong 0.238ms
[2026-06-17T10:07:38.719+0800][2.026s][info][gc,phases   ] GC(67) O: Concurrent Reset Relocation Set 0.001ms
[2026-06-17T10:07:38.719+0800][2.026s][info][gc,phases   ] GC(67) O: Concurrent Select Relocation Set 0.049ms
[2026-06-17T10:07:38.720+0800][2.027s][info][gc,task     ] GC(67) O: Using 1 Workers for Old Generation
[2026-06-17T10:07:38.720+0800][2.027s][info][gc,task     ] GC(67) O: Using 1 Workers for Old Generation
[2026-06-17T10:07:38.720+0800][2.027s][info][gc,phases   ] GC(67) O: Concurrent Remap Roots 0.374ms
[2026-06-17T10:07:38.720+0800][2.027s][info][gc,phases   ] GC(67) O: Pause Relocate Start 0.006ms
[2026-06-17T10:07:38.720+0800][2.028s][info][gc,phases   ] GC(67) O: Concurrent Relocate 0.064ms
[2026-06-17T10:07:38.720+0800][2.028s][info][gc,alloc    ] GC(67) O:                         Mark Start        Mark End      Relocate Start    Relocate End   
[2026-06-17T10:07:38.720+0800][2.028s][info][gc,alloc    ] GC(67) O: Allocation Stalls:          0                0                0                0         
[2026-06-17T10:07:38.721+0800][2.028s][info][gc,load     ] GC(67) O: Load: 0.41 (2%) / 0.44 (2%) / 0.49 (2%)
[2026-06-17T10:07:38.721+0800][2.028s][info][gc,mmu      ] GC(67) O: MMU: 2ms/98.7%, 5ms/99.2%, 10ms/99.5%, 20ms/99.6%, 50ms/99.7%, 100ms/99.7%
[2026-06-17T10:07:38.721+0800][2.028s][info][gc,marking  ] GC(67) O: Mark: 1 stripe(s), 2 proactive flush(es), 1 terminate flush(es), 0 completion(s), 0 continuation(s) 
[2026-06-17T10:07:38.721+0800][2.028s][info][gc,nmethod  ] GC(67) O: NMethods: 69 registered, 6 unregistered
[2026-06-17T10:07:38.721+0800][2.028s][info][gc,metaspace] GC(67) O: Metaspace: 0M used, 0M committed, 1088M reserved
[2026-06-17T10:07:38.721+0800][2.028s][info][gc,ref      ] GC(67) O:                       Encountered   Discovered     Enqueued 
[2026-06-17T10:07:38.721+0800][2.028s][info][gc,ref      ] GC(67) O: Soft References:                0            0            0 
[2026-06-17T10:07:38.721+0800][2.029s][info][gc,ref      ] GC(67) O: Weak References:                6            0            0 
[2026-06-17T10:07:38.721+0800][2.029s][info][gc,ref      ] GC(67) O: Final References:               0            0            0 
[2026-06-17T10:07:38.721+0800][2.029s][info][gc,ref      ] GC(67) O: Phantom References:             1            1            0 
[2026-06-17T10:07:38.721+0800][2.029s][info][gc,reloc    ] GC(67) O:                        Candidates     Selected     In-Place         Size        Empty    Relocated 
[2026-06-17T10:07:38.722+0800][2.029s][info][gc,reloc    ] GC(67) O: Small Pages:                    2            0            0           4M           0M           0M 
[2026-06-17T10:07:38.722+0800][2.029s][info][gc,reloc    ] GC(67) O: Large Pages:                   21            0            0          42M           0M           0M 
[2026-06-17T10:07:38.722+0800][2.029s][info][gc,reloc    ] GC(67) O: Forwarding Usage: 0M
[2026-06-17T10:07:38.722+0800][2.029s][info][gc,heap     ] GC(67) O: Min Capacity: 64M(100%)
[2026-06-17T10:07:38.722+0800][2.029s][info][gc,heap     ] GC(67) O: Max Capacity: 64M(100%)
[2026-06-17T10:07:38.722+0800][2.029s][info][gc,heap     ] GC(67) O: Soft Max Capacity: 64M(100%)
[2026-06-17T10:07:38.722+0800][2.029s][info][gc,heap     ] GC(67) O: Heap Statistics:
[2026-06-17T10:07:38.722+0800][2.030s][info][gc,heap     ] GC(67) O:                Mark Start          Mark End        Relocate Start      Relocate End           High               Low         
[2026-06-17T10:07:38.722+0800][2.030s][info][gc,heap     ] GC(67) O:  Capacity:       64M (100%)         64M (100%)         64M (100%)         64M (100%)         64M (100%)         64M (100%)   
[2026-06-17T10:07:38.722+0800][2.030s][info][gc,heap     ] GC(67) O:      Free:        4M (6%)            2M (3%)            2M (3%)            2M (3%)            4M (6%)            0M (0%)     
[2026-06-17T10:07:38.722+0800][2.030s][info][gc,heap     ] GC(67) O:      Used:       60M (94%)          62M (97%)          62M (97%)          62M (97%)          64M (100%)         60M (94%)    
[2026-06-17T10:07:38.723+0800][2.030s][info][gc,heap     ] GC(67) O: Old Generation Statistics:
[2026-06-17T10:07:38.723+0800][2.030s][info][gc,heap     ] GC(67) O:                Mark Start          Mark End        Relocate Start      Relocate End    
[2026-06-17T10:07:38.723+0800][2.030s][info][gc,heap     ] GC(67) O:      Used:       46M (72%)          58M (91%)          58M (91%)          58M (91%)    
[2026-06-17T10:07:38.723+0800][2.030s][info][gc,heap     ] GC(67) O:      Live:         -                44M (70%)          44M (70%)          44M (70%)    
[2026-06-17T10:07:38.723+0800][2.030s][info][gc,heap     ] GC(67) O:   Garbage:         -                 1M (2%)            1M (2%)            1M (2%)     
[2026-06-17T10:07:38.723+0800][2.030s][info][gc,heap     ] GC(67) O: Allocated:         -                12M (19%)          12M (19%)          12M (19%)    
[2026-06-17T10:07:38.723+0800][2.030s][info][gc,heap     ] GC(67) O: Reclaimed:         -                  -                 0M (0%)            0M (0%)     
[2026-06-17T10:07:38.723+0800][2.030s][info][gc,heap     ] GC(67) O: Compacted:         -                  -                  -                 0M (0%)     
[2026-06-17T10:07:38.723+0800][2.031s][info][gc,phases   ] GC(67) O: Old Generation 62M(97%)->62M(97%) 0.003s
[2026-06-17T10:07:38.723+0800][2.031s][info][gc          ] GC(67) Major Collection (Allocation Rate) 60M(94%)->64M(100%) 0.012s
[2026-06-17T10:07:38.723+0800][2.031s][info][gc          ] GC(68) Minor Collection (Allocation Stall)
[2026-06-17T10:07:38.723+0800][2.031s][info][gc,task     ] GC(68) Using 1 Workers for Young Generation
[2026-06-17T10:07:38.724+0800][2.031s][info][gc,phases   ] GC(68) y: Young Generation
[2026-06-17T10:07:38.724+0800][2.031s][info][gc,phases   ] GC(68) y: Pause Mark Start 0.007ms
[2026-06-17T10:07:38.724+0800][2.031s][info][gc,phases   ] GC(68) y: Concurrent Mark 0.355ms
[2026-06-17T10:07:38.724+0800][2.032s][info][gc,phases   ] GC(68) y: Pause Mark End 0.005ms
[2026-06-17T10:07:38.724+0800][2.032s][info][gc,phases   ] GC(68) y: Concurrent Mark Free 0.001ms
[2026-06-17T10:07:38.725+0800][2.032s][info][gc,phases   ] GC(68) y: Concurrent Reset Relocation Set 0.003ms
[2026-06-17T10:07:38.725+0800][2.032s][info][gc,reloc    ] GC(68) y: Using tenuring threshold: 1 (Computed)
[2026-06-17T10:07:38.725+0800][2.032s][info][gc          ] Allocation Stall (main) 2.311ms
[2026-06-17T10:07:38.725+0800][2.032s][info][gc,phases   ] GC(68) y: Concurrent Select Relocation Set 0.256ms
[2026-06-17T10:07:38.725+0800][2.033s][info][gc,phases   ] GC(68) y: Pause Relocate Start 0.005ms
[2026-06-17T10:07:38.725+0800][2.033s][info][gc,phases   ] GC(68) y: Concurrent Relocate 0.086ms
[2026-06-17T10:07:38.725+0800][2.033s][info][gc,alloc    ] GC(68) y:                         Mark Start        Mark End      Relocate Start    Relocate End   
[2026-06-17T10:07:38.726+0800][2.033s][info][gc,alloc    ] GC(68) y: Allocation Stalls:          1                1                0                0         
[2026-06-17T10:07:38.726+0800][2.033s][info][gc,load     ] GC(68) y: Load: 0.41 (2%) / 0.44 (2%) / 0.49 (2%)
[2026-06-17T10:07:38.726+0800][2.033s][info][gc,mmu      ] GC(68) y: MMU: 2ms/98.7%, 5ms/99.2%, 10ms/99.5%, 20ms/99.6%, 50ms/99.7%, 100ms/99.7%
[2026-06-17T10:07:38.726+0800][2.033s][info][gc,marking  ] GC(68) y: Mark: 1 stripe(s), 1 proactive flush(es), 1 terminate flush(es), 0 completion(s), 0 continuation(s) 
[2026-06-17T10:07:38.726+0800][2.033s][info][gc,nmethod  ] GC(68) y: NMethods: 69 registered, 6 unregistered
[2026-06-17T10:07:38.726+0800][2.033s][info][gc,metaspace] GC(68) y: Metaspace: 0M used, 0M committed, 1088M reserved
[2026-06-17T10:07:38.726+0800][2.033s][info][gc,reloc    ] GC(68) y:                        Candidates     Selected     In-Place         Size        Empty    Relocated 
[2026-06-17T10:07:38.726+0800][2.034s][info][gc,reloc    ] GC(68) y: Small Pages:                    3            0            0           6M           2M           0M 
[2026-06-17T10:07:38.726+0800][2.034s][info][gc,reloc    ] GC(68) y: Large Pages:                    0            0            0           0M           0M           0M 
[2026-06-17T10:07:38.726+0800][2.034s][info][gc,reloc    ] GC(68) y: Forwarding Usage: 0M
[2026-06-17T10:07:38.727+0800][2.034s][info][gc,reloc    ] GC(68) y: Age Table:
[2026-06-17T10:07:38.727+0800][2.034s][info][gc,reloc    ] GC(68) y:                    Live             Garbage             Small              Medium             Large        
[2026-06-17T10:07:38.727+0800][2.034s][info][gc,reloc    ] GC(68) y: Eden               2M (4%)            3M (6%)           3 / 0              0 / 0              0 / 0        
[2026-06-17T10:07:38.727+0800][2.034s][info][gc,heap     ] GC(68) y: Min Capacity: 64M(100%)
[2026-06-17T10:07:38.727+0800][2.034s][info][gc,heap     ] GC(68) y: Max Capacity: 64M(100%)
[2026-06-17T10:07:38.727+0800][2.034s][info][gc,heap     ] GC(68) y: Soft Max Capacity: 64M(100%)
[2026-06-17T10:07:38.727+0800][2.034s][info][gc,heap     ] GC(68) y: Heap Statistics:
[2026-06-17T10:07:38.727+0800][2.035s][info][gc,heap     ] GC(68) y:                Mark Start          Mark End        Relocate Start      Relocate End           High               Low         
[2026-06-17T10:07:38.727+0800][2.035s][info][gc,heap     ] GC(68) y:  Capacity:       64M (100%)         64M (100%)         64M (100%)         64M (100%)         64M (100%)         64M (100%)   
[2026-06-17T10:07:38.727+0800][2.035s][info][gc,heap     ] GC(68) y:      Free:        0M (0%)            0M (0%)            0M (0%)            0M (0%)            2M (3%)            0M (0%)     
[2026-06-17T10:07:38.727+0800][2.035s][info][gc,heap     ] GC(68) y:      Used:       64M (100%)         64M (100%)         64M (100%)         64M (100%)         64M (100%)         62M (97%)    
[2026-06-17T10:07:38.728+0800][2.035s][info][gc,heap     ] GC(68) y: Young Generation Statistics:
[2026-06-17T10:07:38.728+0800][2.035s][info][gc,heap     ] GC(68) y:                Mark Start          Mark End        Relocate Start      Relocate End    
[2026-06-17T10:07:38.728+0800][2.035s][info][gc,heap     ] GC(68) y:      Used:        6M (9%)            6M (9%)            6M (9%)            6M (9%)     
[2026-06-17T10:07:38.728+0800][2.035s][info][gc,heap     ] GC(68) y:      Live:         -                 2M (4%)            2M (4%)            2M (4%)     
[2026-06-17T10:07:38.728+0800][2.035s][info][gc,heap     ] GC(68) y:   Garbage:         -                 3M (6%)            1M (3%)            1M (3%)     
[2026-06-17T10:07:38.728+0800][2.035s][info][gc,heap     ] GC(68) y: Allocated:         -                 0M (0%)            2M (3%)            2M (3%)     
[2026-06-17T10:07:38.728+0800][2.035s][info][gc,heap     ] GC(68) y: Reclaimed:         -                  -                 2M (3%)            2M (3%)     
[2026-06-17T10:07:38.728+0800][2.036s][info][gc,heap     ] GC(68) y:  Promoted:         -                  -                 0M (0%)            0M (0%)     
[2026-06-17T10:07:38.728+0800][2.036s][info][gc,heap     ] GC(68) y: Compacted:         -                  -                  -                 0M (0%)     
[2026-06-17T10:07:38.728+0800][2.036s][info][gc,phases   ] GC(68) y: Young Generation 64M(100%)->64M(100%) 0.002s
[2026-06-17T10:07:38.728+0800][2.036s][info][gc          ] GC(68) Minor Collection (Allocation Stall) 64M(100%)->64M(100%) 0.005s
[2026-06-17T10:07:38.729+0800][2.036s][info][gc          ] GC(69) Major Collection (Allocation Rate)
[2026-06-17T10:07:38.729+0800][2.036s][info][gc,task     ] GC(69) Using 1 Workers for Young Generation
[2026-06-17T10:07:38.729+0800][2.036s][info][gc,task     ] GC(69) Using 1 Workers for Old Generation
[2026-06-17T10:07:38.729+0800][2.036s][info][gc,phases   ] GC(69) Y: Young Generation
[2026-06-17T10:07:38.729+0800][2.036s][info][gc,phases   ] GC(69) Y: Pause Mark Start (Major) 0.007ms
[2026-06-17T10:07:38.730+0800][2.037s][info][gc,phases   ] GC(69) Y: Concurrent Mark 0.582ms
[2026-06-17T10:07:38.730+0800][2.037s][info][gc,phases   ] GC(69) Y: Pause Mark End 0.005ms
[2026-06-17T10:07:38.730+0800][2.037s][info][gc,phases   ] GC(69) Y: Concurrent Mark Free 0.001ms
[2026-06-17T10:07:38.730+0800][2.037s][info][gc,phases   ] GC(69) Y: Concurrent Reset Relocation Set 0.000ms
[2026-06-17T10:07:38.730+0800][2.038s][info][gc,reloc    ] GC(69) Y: Using tenuring threshold: 0 (Computed)
[2026-06-17T10:07:38.730+0800][2.038s][info][gc,phases   ] GC(69) Y: Concurrent Select Relocation Set 0.220ms
[2026-06-17T10:07:38.731+0800][2.038s][info][gc,phases   ] GC(69) Y: Pause Relocate Start 0.004ms
[2026-06-17T10:07:38.731+0800][2.038s][info][gc,phases   ] GC(69) Y: Concurrent Relocate 0.082ms
[2026-06-17T10:07:38.731+0800][2.039s][info][gc,alloc    ] GC(69) Y:                         Mark Start        Mark End      Relocate Start    Relocate End   
[2026-06-17T10:07:38.731+0800][2.039s][info][gc,alloc    ] GC(69) Y: Allocation Stalls:          0                0                0                0         
[2026-06-17T10:07:38.731+0800][2.039s][info][gc,load     ] GC(69) Y: Load: 0.41 (2%) / 0.44 (2%) / 0.49 (2%)
[2026-06-17T10:07:38.731+0800][2.039s][info][gc,mmu      ] GC(69) Y: MMU: 2ms/98.7%, 5ms/99.2%, 10ms/99.5%, 20ms/99.6%, 50ms/99.7%, 100ms/99.7%
[2026-06-17T10:07:38.732+0800][2.039s][info][gc,marking  ] GC(69) Y: Mark: 1 stripe(s), 1 proactive flush(es), 1 terminate flush(es), 0 completion(s), 0 continuation(s) 
[2026-06-17T10:07:38.732+0800][2.039s][info][gc,nmethod  ] GC(69) Y: NMethods: 69 registered, 6 unregistered
[2026-06-17T10:07:38.732+0800][2.039s][info][gc,metaspace] GC(69) Y: Metaspace: 0M used, 0M committed, 1088M reserved
[2026-06-17T10:07:38.732+0800][2.039s][info][gc,reloc    ] GC(69) Y:                        Candidates     Selected     In-Place         Size        Empty    Relocated 
[2026-06-17T10:07:38.732+0800][2.039s][info][gc,reloc    ] GC(69) Y: Small Pages:                    3            0            0           6M           6M           0M 
[2026-06-17T10:07:38.732+0800][2.040s][info][gc,reloc    ] GC(69) Y: Large Pages:                    0            0            0           0M           0M           0M 
[2026-06-17T10:07:38.732+0800][2.040s][info][gc,reloc    ] GC(69) Y: Forwarding Usage: 0M
[2026-06-17T10:07:38.732+0800][2.040s][info][gc,reloc    ] GC(69) Y: Age Table:
[2026-06-17T10:07:38.732+0800][2.040s][info][gc,reloc    ] GC(69) Y:                    Live             Garbage             Small              Medium             Large        
[2026-06-17T10:07:38.732+0800][2.040s][info][gc,reloc    ] GC(69) Y: Eden                -                 2M (3%)           1 / 0              0 / 0              0 / 0        
[2026-06-17T10:07:38.733+0800][2.040s][info][gc,reloc    ] GC(69) Y: Survivor 1          -                 4M (6%)           2 / 0              0 / 0              0 / 0        
[2026-06-17T10:07:38.733+0800][2.040s][info][gc,heap     ] GC(69) Y: Min Capacity: 64M(100%)
[2026-06-17T10:07:38.733+0800][2.040s][info][gc,heap     ] GC(69) Y: Max Capacity: 64M(100%)
[2026-06-17T10:07:38.733+0800][2.040s][info][gc,heap     ] GC(69) Y: Soft Max Capacity: 64M(100%)
[2026-06-17T10:07:38.733+0800][2.040s][info][gc,heap     ] GC(69) Y: Heap Statistics:
[2026-06-17T10:07:38.733+0800][2.040s][info][gc,heap     ] GC(69) Y:                Mark Start          Mark End        Relocate Start      Relocate End           High               Low         
[2026-06-17T10:07:38.733+0800][2.041s][info][gc,heap     ] GC(69) Y:  Capacity:       64M (100%)         64M (100%)         64M (100%)         64M (100%)         64M (100%)         64M (100%)   
[2026-06-17T10:07:38.733+0800][2.041s][info][gc,heap     ] GC(69) Y:      Free:        0M (0%)            0M (0%)            6M (9%)            6M (9%)            6M (9%)            0M (0%)     
[2026-06-17T10:07:38.733+0800][2.041s][info][gc,heap     ] GC(69) Y:      Used:       64M (100%)         64M (100%)         58M (91%)          58M (91%)          64M (100%)         58M (91%)    
[2026-06-17T10:07:38.733+0800][2.041s][info][gc,heap     ] GC(69) Y: Young Generation Statistics:
[2026-06-17T10:07:38.733+0800][2.041s][info][gc,heap     ] GC(69) Y:                Mark Start          Mark End        Relocate Start      Relocate End    
[2026-06-17T10:07:38.734+0800][2.041s][info][gc,heap     ] GC(69) Y:      Used:        6M (9%)            6M (9%)            0M (0%)            0M (0%)     
[2026-06-17T10:07:38.734+0800][2.041s][info][gc,heap     ] GC(69) Y:      Live:         -                 0M (0%)            0M (0%)            0M (0%)     
[2026-06-17T10:07:38.734+0800][2.041s][info][gc,heap     ] GC(69) Y:   Garbage:         -                 6M (9%)            0M (0%)            0M (0%)     
[2026-06-17T10:07:38.734+0800][2.041s][info][gc,heap     ] GC(69) Y: Allocated:         -                 0M (0%)            0M (0%)            0M (0%)     
[2026-06-17T10:07:38.734+0800][2.041s][info][gc,heap     ] GC(69) Y: Reclaimed:         -                  -                 6M (9%)            6M (9%)     
[2026-06-17T10:07:38.734+0800][2.041s][info][gc,heap     ] GC(69) Y:  Promoted:         -                  -                 0M (0%)            0M (0%)     
[2026-06-17T10:07:38.734+0800][2.041s][info][gc,heap     ] GC(69) Y: Compacted:         -                  -                  -                 0M (0%)     
[2026-06-17T10:07:38.734+0800][2.041s][info][gc,phases   ] GC(69) Y: Young Generation 64M(100%)->58M(91%) 0.002s
[2026-06-17T10:07:38.734+0800][2.042s][info][gc,phases   ] GC(69) O: Old Generation
[2026-06-17T10:07:38.735+0800][2.043s][info][gc          ] GC(70) Minor Collection (Allocation Rate)
[2026-06-17T10:07:38.736+0800][2.043s][info][gc,phases   ] GC(69) O: Concurrent Mark 0.868ms
[2026-06-17T10:07:38.738+0800][2.045s][info][gc,task     ] GC(70) Using 1 Workers for Young Generation
[2026-06-17T10:07:38.742+0800][2.049s][info][gc,phases   ] GC(69) O: Pause Mark End 0.010ms
[2026-06-17T10:07:38.742+0800][2.049s][info][gc,phases   ] GC(70) y: Young Generation
[2026-06-17T10:07:38.742+0800][2.050s][info][gc,phases   ] GC(69) O: Concurrent Mark Free 0.001ms
[2026-06-17T10:07:38.743+0800][2.050s][info][gc,phases   ] GC(70) y: Pause Mark Start 0.008ms
[2026-06-17T10:07:38.743+0800][2.051s][info][gc,phases   ] GC(69) O: Concurrent Process Non-Strong 0.412ms
[2026-06-17T10:07:38.743+0800][2.051s][info][gc,phases   ] GC(69) O: Concurrent Reset Relocation Set 0.001ms
[2026-06-17T10:07:38.743+0800][2.051s][info][gc,phases   ] GC(70) y: Concurrent Mark 0.448ms
[2026-06-17T10:07:38.744+0800][2.051s][info][gc,phases   ] GC(69) O: Concurrent Select Relocation Set 0.044ms
[2026-06-17T10:07:38.744+0800][2.051s][info][gc,phases   ] GC(70) y: Pause Mark End 0.006ms
[2026-06-17T10:07:38.745+0800][2.052s][info][gc,phases   ] GC(70) y: Concurrent Mark Free 0.001ms
[2026-06-17T10:07:38.745+0800][2.052s][info][gc,phases   ] GC(70) y: Concurrent Reset Relocation Set 0.000ms
[2026-06-17T10:07:38.745+0800][2.052s][info][gc,reloc    ] GC(70) y: Using tenuring threshold: 1 (Computed)
[2026-06-17T10:07:38.745+0800][2.053s][info][gc,phases   ] GC(70) y: Concurrent Select Relocation Set 0.233ms
[2026-06-17T10:07:38.745+0800][2.053s][info][gc,phases   ] GC(70) y: Pause Relocate Start 0.005ms
[2026-06-17T10:07:38.746+0800][2.053s][info][gc          ] Allocation Stall (main) 10.236ms
[2026-06-17T10:07:38.746+0800][2.053s][info][gc,phases   ] GC(70) y: Concurrent Relocate 0.123ms
[2026-06-17T10:07:38.746+0800][2.053s][info][gc,alloc    ] GC(70) y:                         Mark Start        Mark End      Relocate Start    Relocate End   
[2026-06-17T10:07:38.746+0800][2.053s][info][gc,alloc    ] GC(70) y: Allocation Stalls:          1                1                1                0         
[2026-06-17T10:07:38.746+0800][2.053s][info][gc,load     ] GC(70) y: Load: 0.41 (2%) / 0.44 (2%) / 0.49 (2%)
[2026-06-17T10:07:38.746+0800][2.054s][info][gc,mmu      ] GC(70) y: MMU: 2ms/98.7%, 5ms/99.2%, 10ms/99.5%, 20ms/99.6%, 50ms/99.7%, 100ms/99.7%
[2026-06-17T10:07:38.746+0800][2.054s][info][gc,marking  ] GC(70) y: Mark: 1 stripe(s), 1 proactive flush(es), 1 terminate flush(es), 0 completion(s), 0 continuation(s) 
[2026-06-17T10:07:38.746+0800][2.054s][info][gc,nmethod  ] GC(70) y: NMethods: 69 registered, 6 unregistered
[2026-06-17T10:07:38.746+0800][2.054s][info][gc,metaspace] GC(70) y: Metaspace: 0M used, 0M committed, 1088M reserved
[2026-06-17T10:07:38.747+0800][2.054s][info][gc,reloc    ] GC(70) y:                        Candidates     Selected     In-Place         Size        Empty    Relocated 
[2026-06-17T10:07:38.747+0800][2.054s][info][gc,reloc    ] GC(70) y: Small Pages:                    2            1            1           4M           0M           0M 
[2026-06-17T10:07:38.747+0800][2.054s][info][gc,reloc    ] GC(70) y: Large Pages:                    1            0            0           2M           0M           0M 
[2026-06-17T10:07:38.747+0800][2.054s][info][gc,reloc    ] GC(70) y: Forwarding Usage: 0M
[2026-06-17T10:07:38.747+0800][2.054s][info][gc,reloc    ] GC(70) y: Age Table:
[2026-06-17T10:07:38.747+0800][2.054s][info][gc,reloc    ] GC(70) y:                    Live             Garbage             Small              Medium             Large        
[2026-06-17T10:07:38.747+0800][2.054s][info][gc,reloc    ] GC(70) y: Eden               2M (3%)            3M (6%)           2 / 1              0 / 0              1 / 0        
[2026-06-17T10:07:38.747+0800][2.055s][info][gc,heap     ] GC(70) y: Min Capacity: 64M(100%)
[2026-06-17T10:07:38.747+0800][2.055s][info][gc,heap     ] GC(70) y: Max Capacity: 64M(100%)
[2026-06-17T10:07:38.747+0800][2.055s][info][gc,heap     ] GC(70) y: Soft Max Capacity: 64M(100%)
[2026-06-17T10:07:38.747+0800][2.055s][info][gc,heap     ] GC(70) y: Heap Statistics:
[2026-06-17T10:07:38.747+0800][2.055s][info][gc,heap     ] GC(70) y:                Mark Start          Mark End        Relocate Start      Relocate End           High               Low         
[2026-06-17T10:07:38.747+0800][2.055s][info][gc,heap     ] GC(70) y:  Capacity:       64M (100%)         64M (100%)         64M (100%)         64M (100%)         64M (100%)         64M (100%)   
[2026-06-17T10:07:38.748+0800][2.055s][info][gc,heap     ] GC(70) y:      Free:        0M (0%)            0M (0%)            0M (0%)            0M (0%)            2M (3%)            0M (0%)     
[2026-06-17T10:07:38.748+0800][2.055s][info][gc,heap     ] GC(70) y:      Used:       64M (100%)         64M (100%)         64M (100%)         64M (100%)         64M (100%)         62M (97%)    
[2026-06-17T10:07:38.748+0800][2.055s][info][gc,heap     ] GC(70) y: Young Generation Statistics:
[2026-06-17T10:07:38.748+0800][2.055s][info][gc,heap     ] GC(70) y:                Mark Start          Mark End        Relocate Start      Relocate End    
[2026-06-17T10:07:38.748+0800][2.055s][info][gc,heap     ] GC(70) y:      Used:        6M (9%)            6M (9%)            6M (9%)            4M (6%)     
[2026-06-17T10:07:38.748+0800][2.055s][info][gc,heap     ] GC(70) y:      Live:         -                 2M (3%)            2M (3%)            2M (3%)     
[2026-06-17T10:07:38.748+0800][2.056s][info][gc,heap     ] GC(70) y:   Garbage:         -                 3M (6%)            3M (6%)            0M (0%)     
[2026-06-17T10:07:38.748+0800][2.056s][info][gc,heap     ] GC(70) y: Allocated:         -                 0M (0%)            0M (0%)            1M (3%)     
[2026-06-17T10:07:38.748+0800][2.056s][info][gc,heap     ] GC(70) y: Reclaimed:         -                  -                 0M (0%)            3M (6%)     
[2026-06-17T10:07:38.748+0800][2.056s][info][gc,heap     ] GC(70) y:  Promoted:         -                  -                 0M (0%)            0M (0%)     
[2026-06-17T10:07:38.748+0800][2.056s][info][gc,heap     ] GC(70) y: Compacted:         -                  -                  -                 0M (0%)     
[2026-06-17T10:07:38.749+0800][2.056s][info][gc,phases   ] GC(70) y: Young Generation 64M(100%)->64M(100%) 0.004s
[2026-06-17T10:07:38.749+0800][2.056s][info][gc          ] GC(70) Minor Collection (Allocation Rate) 62M(97%)->64M(100%) 0.013s
[2026-06-17T10:07:38.749+0800][2.056s][info][gc          ] GC(71) Minor Collection (Allocation Stall)
[2026-06-17T10:07:38.749+0800][2.056s][info][gc,task     ] GC(71) Using 1 Workers for Young Generation
[2026-06-17T10:07:38.749+0800][2.056s][info][gc,phases   ] GC(71) y: Young Generation
[2026-06-17T10:07:38.749+0800][2.057s][info][gc,phases   ] GC(71) y: Pause Mark Start 0.007ms
[2026-06-17T10:07:38.750+0800][2.057s][info][gc,phases   ] GC(71) y: Concurrent Mark 0.427ms
[2026-06-17T10:07:38.750+0800][2.057s][info][gc,phases   ] GC(71) y: Pause Mark End 0.005ms
[2026-06-17T10:07:38.751+0800][2.058s][info][gc,phases   ] GC(71) y: Concurrent Mark Free 0.001ms
[2026-06-17T10:07:38.751+0800][2.058s][info][gc,phases   ] GC(71) y: Concurrent Reset Relocation Set 0.001ms
[2026-06-17T10:07:38.751+0800][2.059s][info][gc,reloc    ] GC(71) y: Using tenuring threshold: 2 (Computed)
[2026-06-17T10:07:38.752+0800][2.059s][info][gc,phases   ] GC(71) y: Concurrent Select Relocation Set 0.357ms
[2026-06-17T10:07:38.752+0800][2.059s][info][gc,phases   ] GC(71) y: Pause Relocate Start 0.005ms
[2026-06-17T10:07:38.752+0800][2.060s][info][gc,phases   ] GC(71) y: Concurrent Relocate 0.086ms
[2026-06-17T10:07:38.752+0800][2.060s][info][gc,alloc    ] GC(71) y:                         Mark Start        Mark End      Relocate Start    Relocate End   
[2026-06-17T10:07:38.753+0800][2.060s][info][gc,alloc    ] GC(71) y: Allocation Stalls:          1                1                1                1         
[2026-06-17T10:07:38.753+0800][2.060s][info][gc,load     ] GC(71) y: Load: 0.41 (2%) / 0.44 (2%) / 0.49 (2%)
[2026-06-17T10:07:38.753+0800][2.061s][info][gc,mmu      ] GC(71) y: MMU: 2ms/98.7%, 5ms/99.2%, 10ms/99.5%, 20ms/99.6%, 50ms/99.7%, 100ms/99.7%
[2026-06-17T10:07:38.754+0800][2.061s][info][gc,marking  ] GC(71) y: Mark: 1 stripe(s), 1 proactive flush(es), 1 terminate flush(es), 0 completion(s), 0 continuation(s) 
[2026-06-17T10:07:38.754+0800][2.061s][info][gc,nmethod  ] GC(71) y: NMethods: 69 registered, 6 unregistered
[2026-06-17T10:07:38.754+0800][2.061s][info][gc,metaspace] GC(71) y: Metaspace: 0M used, 0M committed, 1088M reserved
[2026-06-17T10:07:38.754+0800][2.062s][info][gc,reloc    ] GC(71) y:                        Candidates     Selected     In-Place         Size        Empty    Relocated 
[2026-06-17T10:07:38.755+0800][2.062s][info][gc,reloc    ] GC(71) y: Small Pages:                    1            0            0           2M           0M           0M 
[2026-06-17T10:07:38.755+0800][2.062s][info][gc,reloc    ] GC(71) y: Large Pages:                    2            0            0           4M           0M           0M 
[2026-06-17T10:07:38.755+0800][2.063s][info][gc,reloc    ] GC(71) y: Forwarding Usage: 0M
[2026-06-17T10:07:38.756+0800][2.063s][info][gc,reloc    ] GC(71) y: Age Table:
[2026-06-17T10:07:38.756+0800][2.064s][info][gc,reloc    ] GC(71) y:                    Live             Garbage             Small              Medium             Large        
[2026-06-17T10:07:38.756+0800][2.064s][info][gc,reloc    ] GC(71) y: Eden               2M (3%)            0M (0%)           0 / 0              0 / 0              1 / 0        
[2026-06-17T10:07:38.757+0800][2.064s][info][gc,reloc    ] GC(71) y: Survivor 1         2M (3%)            1M (3%)           1 / 0              0 / 0              1 / 0        
[2026-06-17T10:07:38.757+0800][2.064s][info][gc,heap     ] GC(71) y: Min Capacity: 64M(100%)
[2026-06-17T10:07:38.757+0800][2.065s][info][gc,heap     ] GC(71) y: Max Capacity: 64M(100%)
[2026-06-17T10:07:38.758+0800][2.065s][info][gc,heap     ] GC(71) y: Soft Max Capacity: 64M(100%)
[2026-06-17T10:07:38.758+0800][2.065s][info][gc,heap     ] GC(71) y: Heap Statistics:
[2026-06-17T10:07:38.758+0800][2.065s][info][gc,heap     ] GC(71) y:                Mark Start          Mark End        Relocate Start      Relocate End           High               Low         
[2026-06-17T10:07:38.758+0800][2.066s][info][gc,heap     ] GC(71) y:  Capacity:       64M (100%)         64M (100%)         64M (100%)         64M (100%)         64M (100%)         64M (100%)   
[2026-06-17T10:07:38.759+0800][2.066s][info][gc,heap     ] GC(71) y:      Free:        0M (0%)            0M (0%)            0M (0%)            0M (0%)            0M (0%)            0M (0%)     
[2026-06-17T10:07:38.759+0800][2.066s][info][gc,heap     ] GC(71) y:      Used:       64M (100%)         64M (100%)         64M (100%)         64M (100%)         64M (100%)         64M (100%)   
[2026-06-17T10:07:38.759+0800][2.066s][info][gc,heap     ] GC(71) y: Young Generation Statistics:
[2026-06-17T10:07:38.760+0800][2.067s][info][gc,heap     ] GC(71) y:                Mark Start          Mark End        Relocate Start      Relocate End    
[2026-06-17T10:07:38.760+0800][2.067s][info][gc,heap     ] GC(71) y:      Used:        6M (9%)            6M (9%)            6M (9%)            6M (9%)     
[2026-06-17T10:07:38.760+0800][2.068s][info][gc,heap     ] GC(71) y:      Live:         -                 4M (7%)            4M (7%)            4M (7%)     
[2026-06-17T10:07:38.761+0800][2.068s][info][gc,heap     ] GC(71) y:   Garbage:         -                 1M (3%)            1M (3%)            1M (3%)     
[2026-06-17T10:07:38.761+0800][2.068s][info][gc,heap     ] GC(71) y: Allocated:         -                 0M (0%)            0M (0%)            0M (0%)     
[2026-06-17T10:07:38.761+0800][2.068s][info][gc,heap     ] GC(71) y: Reclaimed:         -                  -                 0M (0%)            0M (0%)     
[2026-06-17T10:07:38.761+0800][2.069s][info][gc,heap     ] GC(71) y:  Promoted:         -                  -                 0M (0%)            0M (0%)     
[2026-06-17T10:07:38.762+0800][2.069s][info][gc,heap     ] GC(71) y: Compacted:         -                  -                  -                 0M (0%)     
[2026-06-17T10:07:38.762+0800][2.069s][info][gc,phases   ] GC(71) y: Young Generation 64M(100%)->64M(100%) 0.004s
[2026-06-17T10:07:38.762+0800][2.069s][info][gc          ] GC(71) Minor Collection (Allocation Stall) 64M(100%)->64M(100%) 0.013s
[2026-06-17T10:07:38.762+0800][2.070s][info][gc          ] GC(72) Minor Collection (High Usage)
[2026-06-17T10:07:38.763+0800][2.070s][info][gc,task     ] GC(72) Using 1 Workers for Young Generation
[2026-06-17T10:07:38.763+0800][2.070s][info][gc,phases   ] GC(72) y: Young Generation
[2026-06-17T10:07:38.763+0800][2.070s][info][gc,phases   ] GC(72) y: Pause Mark Start 0.009ms
[2026-06-17T10:07:38.764+0800][2.071s][info][gc,phases   ] GC(72) y: Concurrent Mark 0.377ms
[2026-06-17T10:07:38.764+0800][2.071s][info][gc,phases   ] GC(72) y: Pause Mark End 0.005ms
[2026-06-17T10:07:38.764+0800][2.071s][info][gc,phases   ] GC(72) y: Concurrent Mark Free 0.001ms
[2026-06-17T10:07:38.764+0800][2.072s][info][gc,phases   ] GC(72) y: Concurrent Reset Relocation Set 0.000ms
[2026-06-17T10:07:38.765+0800][2.072s][info][gc,reloc    ] GC(72) y: Using tenuring threshold: 3 (Computed)
[2026-06-17T10:07:38.766+0800][2.073s][info][gc,phases   ] GC(72) y: Concurrent Select Relocation Set 1.033ms
[2026-06-17T10:07:38.766+0800][2.074s][info][gc,phases   ] GC(72) y: Pause Relocate Start 0.005ms
[2026-06-17T10:07:38.773+0800][2.081s][info][gc,phases   ] GC(72) y: Concurrent Relocate 0.138ms
[2026-06-17T10:07:38.775+0800][2.082s][info][gc,alloc    ] GC(72) y:                         Mark Start        Mark End      Relocate Start    Relocate End   
[2026-06-17T10:07:38.775+0800][2.083s][info][gc,alloc    ] GC(72) y: Allocation Stalls:          1                1                1                1         
[2026-06-17T10:07:38.775+0800][2.083s][info][gc,load     ] GC(72) y: Load: 0.41 (2%) / 0.44 (2%) / 0.49 (2%)
[2026-06-17T10:07:38.775+0800][2.083s][info][gc,mmu      ] GC(72) y: MMU: 2ms/98.7%, 5ms/99.2%, 10ms/99.5%, 20ms/99.6%, 50ms/99.7%, 100ms/99.7%
[2026-06-17T10:07:38.776+0800][2.083s][info][gc,marking  ] GC(72) y: Mark: 1 stripe(s), 1 proactive flush(es), 1 terminate flush(es), 0 completion(s), 0 continuation(s) 
[2026-06-17T10:07:38.776+0800][2.083s][info][gc,nmethod  ] GC(72) y: NMethods: 69 registered, 6 unregistered
[2026-06-17T10:07:38.776+0800][2.083s][info][gc,metaspace] GC(72) y: Metaspace: 0M used, 0M committed, 1088M reserved
[2026-06-17T10:07:38.776+0800][2.083s][info][gc,reloc    ] GC(72) y:                        Candidates     Selected     In-Place         Size        Empty    Relocated 
[2026-06-17T10:07:38.776+0800][2.083s][info][gc,reloc    ] GC(72) y: Small Pages:                    1            0            0           2M           0M           0M 
[2026-06-17T10:07:38.776+0800][2.084s][info][gc,reloc    ] GC(72) y: Large Pages:                    2            0            0           4M           0M           0M 
[2026-06-17T10:07:38.776+0800][2.084s][info][gc,reloc    ] GC(72) y: Forwarding Usage: 0M
[2026-06-17T10:07:38.776+0800][2.084s][info][gc,reloc    ] GC(72) y: Age Table:
[2026-06-17T10:07:38.776+0800][2.084s][info][gc,reloc    ] GC(72) y:                    Live             Garbage             Small              Medium             Large        
[2026-06-17T10:07:38.777+0800][2.084s][info][gc,reloc    ] GC(72) y: Eden                -                 0M (0%)           0 / 0              0 / 0              0 / 0        
[2026-06-17T10:07:38.777+0800][2.084s][info][gc,reloc    ] GC(72) y: Survivor 1         2M (3%)            0M (0%)           0 / 0              0 / 0              1 / 0        
[2026-06-17T10:07:38.777+0800][2.084s][info][gc,reloc    ] GC(72) y: Survivor 2         2M (3%)            1M (3%)           1 / 0              0 / 0              1 / 0        
[2026-06-17T10:07:38.777+0800][2.084s][info][gc,heap     ] GC(72) y: Min Capacity: 64M(100%)
[2026-06-17T10:07:38.777+0800][2.085s][info][gc,heap     ] GC(72) y: Max Capacity: 64M(100%)
[2026-06-17T10:07:38.777+0800][2.085s][info][gc,heap     ] GC(72) y: Soft Max Capacity: 64M(100%)
[2026-06-17T10:07:38.777+0800][2.085s][info][gc,heap     ] GC(72) y: Heap Statistics:
[2026-06-17T10:07:38.778+0800][2.085s][info][gc,heap     ] GC(72) y:                Mark Start          Mark End        Relocate Start      Relocate End           High               Low         
[2026-06-17T10:07:38.778+0800][2.085s][info][gc,heap     ] GC(72) y:  Capacity:       64M (100%)         64M (100%)         64M (100%)         64M (100%)         64M (100%)         64M (100%)   
[2026-06-17T10:07:38.778+0800][2.085s][info][gc,heap     ] GC(72) y:      Free:        0M (0%)            0M (0%)            0M (0%)            0M (0%)            0M (0%)            0M (0%)     
[2026-06-17T10:07:38.778+0800][2.085s][info][gc,heap     ] GC(72) y:      Used:       64M (100%)         64M (100%)         64M (100%)         64M (100%)         64M (100%)         64M (100%)   
[2026-06-17T10:07:38.778+0800][2.086s][info][gc,heap     ] GC(72) y: Young Generation Statistics:
[2026-06-17T10:07:38.778+0800][2.086s][info][gc,heap     ] GC(72) y:                Mark Start          Mark End        Relocate Start      Relocate End    
[2026-06-17T10:07:38.778+0800][2.086s][info][gc,heap     ] GC(72) y:      Used:        6M (9%)            6M (9%)            6M (9%)            6M (9%)     
[2026-06-17T10:07:38.778+0800][2.086s][info][gc,heap     ] GC(72) y:      Live:         -                 4M (7%)            4M (7%)            4M (7%)     
[2026-06-17T10:07:38.779+0800][2.086s][info][gc,heap     ] GC(72) y:   Garbage:         -                 1M (3%)            1M (3%)            1M (3%)     
[2026-06-17T10:07:38.779+0800][2.086s][info][gc,heap     ] GC(72) y: Allocated:         -                 0M (0%)            0M (0%)            0M (0%)     
[2026-06-17T10:07:38.779+0800][2.086s][info][gc,heap     ] GC(72) y: Reclaimed:         -                  -                 0M (0%)            0M (0%)     
[2026-06-17T10:07:38.779+0800][2.086s][info][gc,heap     ] GC(72) y:  Promoted:         -                  -                 0M (0%)            0M (0%)     
[2026-06-17T10:07:38.779+0800][2.086s][info][gc,heap     ] GC(72) y: Compacted:         -                  -                  -                 0M (0%)     
[2026-06-17T10:07:38.779+0800][2.086s][info][gc,phases   ] GC(72) y: Young Generation 64M(100%)->64M(100%) 0.012s
[2026-06-17T10:07:38.779+0800][2.087s][info][gc          ] GC(72) Minor Collection (High Usage) 64M(100%)->64M(100%) 0.017s
[2026-06-17T10:07:38.779+0800][2.087s][info][gc,task     ] GC(69) O: Using 1 Workers for Old Generation
[2026-06-17T10:07:38.780+0800][2.087s][info][gc,task     ] GC(69) O: Using 1 Workers for Old Generation
[2026-06-17T10:07:38.780+0800][2.087s][info][gc,phases   ] GC(69) O: Concurrent Remap Roots 0.563ms
[2026-06-17T10:07:38.780+0800][2.088s][info][gc,phases   ] GC(69) O: Pause Relocate Start 0.007ms
[2026-06-17T10:07:38.780+0800][2.088s][info][gc          ] GC(73) Minor Collection (High Usage)
[2026-06-17T10:07:38.781+0800][2.088s][info][gc,task     ] GC(73) Using 1 Workers for Young Generation
[2026-06-17T10:07:38.781+0800][2.088s][info][gc,phases   ] GC(73) y: Young Generation
[2026-06-17T10:07:38.781+0800][2.088s][info][gc,phases   ] GC(69) O: Concurrent Relocate 0.188ms
[2026-06-17T10:07:38.781+0800][2.088s][info][gc          ] Allocation Stall (main) 34.677ms
[2026-06-17T10:07:38.781+0800][2.089s][info][gc,phases   ] GC(73) y: Pause Mark Start 0.008ms
[2026-06-17T10:07:38.782+0800][2.089s][info][gc,phases   ] GC(73) y: Concurrent Mark 0.510ms
[2026-06-17T10:07:38.782+0800][2.089s][info][gc,phases   ] GC(73) y: Pause Mark End 0.006ms
[2026-06-17T10:07:38.782+0800][2.090s][info][gc,phases   ] GC(73) y: Concurrent Mark Free 0.001ms
[2026-06-17T10:07:38.782+0800][2.090s][info][gc,phases   ] GC(73) y: Concurrent Reset Relocation Set 0.000ms
[2026-06-17T10:07:38.782+0800][2.090s][info][gc,reloc    ] GC(73) y: Using tenuring threshold: 3 (Computed)
[2026-06-17T10:07:38.783+0800][2.090s][info][gc,phases   ] GC(73) y: Concurrent Select Relocation Set 0.232ms
[2026-06-17T10:07:38.783+0800][2.090s][info][gc,phases   ] GC(73) y: Pause Relocate Start 0.003ms
[2026-06-17T10:07:38.783+0800][2.090s][info][gc,phases   ] GC(73) y: Concurrent Relocate 0.086ms
[2026-06-17T10:07:38.783+0800][2.090s][info][gc,alloc    ] GC(73) y:                         Mark Start        Mark End      Relocate Start    Relocate End   
[2026-06-17T10:07:38.783+0800][2.091s][info][gc,alloc    ] GC(73) y: Allocation Stalls:          0                1                1                1         
[2026-06-17T10:07:38.783+0800][2.091s][info][gc,load     ] GC(73) y: Load: 0.41 (2%) / 0.44 (2%) / 0.49 (2%)
[2026-06-17T10:07:38.783+0800][2.091s][info][gc,mmu      ] GC(73) y: MMU: 2ms/98.7%, 5ms/99.2%, 10ms/99.5%, 20ms/99.6%, 50ms/99.7%, 100ms/99.7%
[2026-06-17T10:07:38.783+0800][2.091s][info][gc,marking  ] GC(73) y: Mark: 1 stripe(s), 2 proactive flush(es), 1 terminate flush(es), 0 completion(s), 0 continuation(s) 
[2026-06-17T10:07:38.784+0800][2.091s][info][gc,nmethod  ] GC(73) y: NMethods: 69 registered, 6 unregistered
[2026-06-17T10:07:38.784+0800][2.091s][info][gc,metaspace] GC(73) y: Metaspace: 0M used, 0M committed, 1088M reserved
[2026-06-17T10:07:38.784+0800][2.091s][info][gc,reloc    ] GC(73) y:                        Candidates     Selected     In-Place         Size        Empty    Relocated 
[2026-06-17T10:07:38.784+0800][2.091s][info][gc,reloc    ] GC(73) y: Small Pages:                    1            0            0           2M           0M           0M 
[2026-06-17T10:07:38.784+0800][2.091s][info][gc,reloc    ] GC(73) y: Large Pages:                    3            0            0           6M           0M           0M 
[2026-06-17T10:07:38.784+0800][2.091s][info][gc,reloc    ] GC(73) y: Forwarding Usage: 0M
[2026-06-17T10:07:38.784+0800][2.091s][info][gc,reloc    ] GC(73) y: Age Table:
[2026-06-17T10:07:38.784+0800][2.092s][info][gc,reloc    ] GC(73) y:                    Live             Garbage             Small              Medium             Large        
[2026-06-17T10:07:38.784+0800][2.092s][info][gc,reloc    ] GC(73) y: Eden               2M (3%)            0M (0%)           0 / 0              0 / 0              1 / 0        
[2026-06-17T10:07:38.784+0800][2.092s][info][gc,reloc    ] GC(73) y: Survivor 1          -                 0M (0%)           0 / 0              0 / 0              0 / 0        
[2026-06-17T10:07:38.784+0800][2.092s][info][gc,reloc    ] GC(73) y: Survivor 2         2M (3%)            0M (0%)           0 / 0              0 / 0              1 / 0        
[2026-06-17T10:07:38.784+0800][2.092s][info][gc,reloc    ] GC(73) y: Survivor 3         2M (3%)            1M (3%)           1 / 0              0 / 0              1 / 0        
[2026-06-17T10:07:38.785+0800][2.092s][info][gc,heap     ] GC(73) y: Min Capacity: 64M(100%)
[2026-06-17T10:07:38.785+0800][2.092s][info][gc,heap     ] GC(73) y: Max Capacity: 64M(100%)
[2026-06-17T10:07:38.785+0800][2.092s][info][gc,heap     ] GC(73) y: Soft Max Capacity: 64M(100%)
[2026-06-17T10:07:38.785+0800][2.092s][info][gc,heap     ] GC(73) y: Heap Statistics:
[2026-06-17T10:07:38.785+0800][2.092s][info][gc,heap     ] GC(73) y:                Mark Start          Mark End        Relocate Start      Relocate End           High               Low         
[2026-06-17T10:07:38.785+0800][2.092s][info][gc,heap     ] GC(73) y:  Capacity:       64M (100%)         64M (100%)         64M (100%)         64M (100%)         64M (100%)         64M (100%)   
[2026-06-17T10:07:38.785+0800][2.092s][info][gc,heap     ] GC(73) y:      Free:        0M (0%)            0M (0%)            0M (0%)            0M (0%)            0M (0%)            0M (0%)     
[2026-06-17T10:07:38.785+0800][2.092s][info][gc,heap     ] GC(73) y:      Used:       64M (100%)         64M (100%)         64M (100%)         64M (100%)         64M (100%)         64M (100%)   
[2026-06-17T10:07:38.785+0800][2.093s][info][gc,heap     ] GC(73) y: Young Generation Statistics:
[2026-06-17T10:07:38.785+0800][2.093s][info][gc,heap     ] GC(73) y:                Mark Start          Mark End        Relocate Start      Relocate End    
[2026-06-17T10:07:38.785+0800][2.093s][info][gc,heap     ] GC(73) y:      Used:        8M (12%)           8M (12%)           4M (6%)            4M (6%)     
[2026-06-17T10:07:38.785+0800][2.093s][info][gc,heap     ] GC(73) y:      Live:         -                 6M (10%)           4M (6%)            4M (6%)     
[2026-06-17T10:07:38.785+0800][2.093s][info][gc,heap     ] GC(73) y:   Garbage:         -                 1M (3%)            0M (0%)            0M (0%)     
[2026-06-17T10:07:38.786+0800][2.093s][info][gc,heap     ] GC(73) y: Allocated:         -                 0M (0%)            0M (0%)            0M (0%)     
[2026-06-17T10:07:38.786+0800][2.093s][info][gc,heap     ] GC(73) y: Reclaimed:         -                  -                 1M (3%)            1M (3%)     
[2026-06-17T10:07:38.786+0800][2.093s][info][gc,heap     ] GC(73) y:  Promoted:         -                  -                 2M (3%)            2M (3%)     
[2026-06-17T10:07:38.786+0800][2.093s][info][gc,heap     ] GC(73) y: Compacted:         -                  -                  -                 0M (0%)     
[2026-06-17T10:07:38.786+0800][2.093s][info][gc,phases   ] GC(73) y: Young Generation 64M(100%)->64M(100%) 0.002s
[2026-06-17T10:07:38.786+0800][2.094s][info][gc          ] GC(73) Minor Collection (High Usage) 64M(100%)->64M(100%) 0.006s
[2026-06-17T10:07:38.786+0800][2.094s][info][gc          ] GC(74) Minor Collection (Allocation Stall)
[2026-06-17T10:07:38.786+0800][2.094s][info][gc,task     ] GC(74) Using 1 Workers for Young Generation
[2026-06-17T10:07:38.787+0800][2.094s][info][gc,phases   ] GC(74) y: Young Generation
[2026-06-17T10:07:38.787+0800][2.094s][info][gc,phases   ] GC(74) y: Pause Mark Start 0.007ms
[2026-06-17T10:07:38.787+0800][2.095s][info][gc,phases   ] GC(74) y: Concurrent Mark 0.407ms
[2026-06-17T10:07:38.787+0800][2.095s][info][gc,phases   ] GC(74) y: Pause Mark End 0.005ms
[2026-06-17T10:07:38.788+0800][2.095s][info][gc,phases   ] GC(74) y: Concurrent Mark Free 0.001ms
[2026-06-17T10:07:38.788+0800][2.095s][info][gc,phases   ] GC(74) y: Concurrent Reset Relocation Set 0.002ms
[2026-06-17T10:07:38.788+0800][2.095s][info][gc,reloc    ] GC(74) y: Using tenuring threshold: 4 (Computed)
[2026-06-17T10:07:38.788+0800][2.095s][info][gc,phases   ] GC(74) y: Concurrent Select Relocation Set 0.224ms
[2026-06-17T10:07:38.788+0800][2.096s][info][gc,phases   ] GC(74) y: Pause Relocate Start 0.004ms
[2026-06-17T10:07:38.788+0800][2.096s][info][gc,phases   ] GC(74) y: Concurrent Relocate 0.089ms
[2026-06-17T10:07:38.789+0800][2.096s][info][gc,alloc    ] GC(74) y:                         Mark Start        Mark End      Relocate Start    Relocate End   
[2026-06-17T10:07:38.789+0800][2.096s][info][gc,alloc    ] GC(74) y: Allocation Stalls:          1                1                1                1         
[2026-06-17T10:07:38.789+0800][2.096s][info][gc,load     ] GC(74) y: Load: 0.41 (2%) / 0.44 (2%) / 0.49 (2%)
[2026-06-17T10:07:38.789+0800][2.096s][info][gc,mmu      ] GC(74) y: MMU: 2ms/98.7%, 5ms/99.2%, 10ms/99.5%, 20ms/99.6%, 50ms/99.7%, 100ms/99.7%
[2026-06-17T10:07:38.789+0800][2.096s][info][gc,marking  ] GC(74) y: Mark: 1 stripe(s), 1 proactive flush(es), 1 terminate flush(es), 0 completion(s), 0 continuation(s) 
[2026-06-17T10:07:38.789+0800][2.096s][info][gc,nmethod  ] GC(74) y: NMethods: 69 registered, 6 unregistered
[2026-06-17T10:07:38.789+0800][2.096s][info][gc,metaspace] GC(74) y: Metaspace: 0M used, 0M committed, 1088M reserved
[2026-06-17T10:07:38.789+0800][2.097s][info][gc,reloc    ] GC(74) y:                        Candidates     Selected     In-Place         Size        Empty    Relocated 
[2026-06-17T10:07:38.789+0800][2.097s][info][gc,reloc    ] GC(74) y: Small Pages:                    0            0            0           0M           0M           0M 
[2026-06-17T10:07:38.789+0800][2.097s][info][gc,reloc    ] GC(74) y: Large Pages:                    2            0            0           4M           0M           0M 
[2026-06-17T10:07:38.789+0800][2.097s][info][gc,reloc    ] GC(74) y: Forwarding Usage: 0M
[2026-06-17T10:07:38.790+0800][2.097s][info][gc,reloc    ] GC(74) y: Age Table:
[2026-06-17T10:07:38.790+0800][2.097s][info][gc,reloc    ] GC(74) y:                    Live             Garbage             Small              Medium             Large        
[2026-06-17T10:07:38.790+0800][2.097s][info][gc,reloc    ] GC(74) y: Eden                -                 0M (0%)           0 / 0              0 / 0              0 / 0        
[2026-06-17T10:07:38.790+0800][2.097s][info][gc,reloc    ] GC(74) y: Survivor 1         2M (3%)            0M (0%)           0 / 0              0 / 0              1 / 0        
[2026-06-17T10:07:38.790+0800][2.097s][info][gc,reloc    ] GC(74) y: Survivor 2          -                 0M (0%)           0 / 0              0 / 0              0 / 0        
[2026-06-17T10:07:38.790+0800][2.098s][info][gc,reloc    ] GC(74) y: Survivor 3         2M (3%)            0M (0%)           0 / 0              0 / 0              1 / 0        
[2026-06-17T10:07:38.790+0800][2.098s][info][gc,heap     ] GC(74) y: Min Capacity: 64M(100%)
[2026-06-17T10:07:38.790+0800][2.098s][info][gc,heap     ] GC(74) y: Max Capacity: 64M(100%)
[2026-06-17T10:07:38.790+0800][2.098s][info][gc,heap     ] GC(74) y: Soft Max Capacity: 64M(100%)
[2026-06-17T10:07:38.790+0800][2.098s][info][gc,heap     ] GC(74) y: Heap Statistics:
[2026-06-17T10:07:38.791+0800][2.098s][info][gc,heap     ] GC(74) y:                Mark Start          Mark End        Relocate Start      Relocate End           High               Low         
[2026-06-17T10:07:38.791+0800][2.098s][info][gc,heap     ] GC(74) y:  Capacity:       64M (100%)         64M (100%)         64M (100%)         64M (100%)         64M (100%)         64M (100%)   
[2026-06-17T10:07:38.791+0800][2.098s][info][gc,heap     ] GC(74) y:      Free:        0M (0%)            0M (0%)            0M (0%)            0M (0%)            0M (0%)            0M (0%)     
[2026-06-17T10:07:38.791+0800][2.098s][info][gc,heap     ] GC(74) y:      Used:       64M (100%)         64M (100%)         64M (100%)         64M (100%)         64M (100%)         64M (100%)   
[2026-06-17T10:07:38.791+0800][2.098s][info][gc,heap     ] GC(74) y: Young Generation Statistics:
[2026-06-17T10:07:38.791+0800][2.099s][info][gc,heap     ] GC(74) y:                Mark Start          Mark End        Relocate Start      Relocate End    
[2026-06-17T10:07:38.791+0800][2.099s][info][gc,heap     ] GC(74) y:      Used:        4M (6%)            4M (6%)            4M (6%)            4M (6%)     
[2026-06-17T10:07:38.791+0800][2.099s][info][gc,heap     ] GC(74) y:      Live:         -                 4M (6%)            4M (6%)            4M (6%)     
[2026-06-17T10:07:38.791+0800][2.099s][info][gc,heap     ] GC(74) y:   Garbage:         -                 0M (0%)            0M (0%)            0M (0%)     
[2026-06-17T10:07:38.791+0800][2.099s][info][gc,heap     ] GC(74) y: Allocated:         -                 0M (0%)            0M (0%)            0M (0%)     
[2026-06-17T10:07:38.791+0800][2.099s][info][gc,heap     ] GC(74) y: Reclaimed:         -                  -                 0M (0%)            0M (0%)     
[2026-06-17T10:07:38.792+0800][2.099s][info][gc,heap     ] GC(74) y:  Promoted:         -                  -                 0M (0%)            0M (0%)     
[2026-06-17T10:07:38.792+0800][2.099s][info][gc,heap     ] GC(74) y: Compacted:         -                  -                  -                 0M (0%)     
[2026-06-17T10:07:38.792+0800][2.099s][info][gc,phases   ] GC(74) y: Young Generation 64M(100%)->64M(100%) 0.002s
[2026-06-17T10:07:38.792+0800][2.099s][info][gc          ] GC(74) Minor Collection (Allocation Stall) 64M(100%)->64M(100%) 0.006s
[2026-06-17T10:07:38.792+0800][2.099s][info][gc,alloc    ] GC(69) O:                         Mark Start        Mark End      Relocate Start    Relocate End   
[2026-06-17T10:07:38.792+0800][2.099s][info][gc,alloc    ] GC(69) O: Allocation Stalls:          0                1                1                0         
[2026-06-17T10:07:38.792+0800][2.099s][info][gc,load     ] GC(69) O: Load: 0.41 (2%) / 0.44 (2%) / 0.49 (2%)
[2026-06-17T10:07:38.792+0800][2.100s][info][gc,mmu      ] GC(69) O: MMU: 2ms/98.7%, 5ms/99.2%, 10ms/99.5%, 20ms/99.6%, 50ms/99.7%, 100ms/99.7%
[2026-06-17T10:07:38.792+0800][2.100s][info][gc,marking  ] GC(69) O: Mark: 1 stripe(s), 1 proactive flush(es), 1 terminate flush(es), 0 completion(s), 0 continuation(s) 
[2026-06-17T10:07:38.792+0800][2.100s][info][gc,nmethod  ] GC(69) O: NMethods: 69 registered, 6 unregistered
[2026-06-17T10:07:38.792+0800][2.100s][info][gc,metaspace] GC(69) O: Metaspace: 0M used, 0M committed, 1088M reserved
[2026-06-17T10:07:38.793+0800][2.100s][info][gc,ref      ] GC(69) O:                       Encountered   Discovered     Enqueued 
[2026-06-17T10:07:38.793+0800][2.100s][info][gc,ref      ] GC(69) O: Soft References:                0            0            0 
[2026-06-17T10:07:38.793+0800][2.100s][info][gc,ref      ] GC(69) O: Weak References:                6            0            0 
[2026-06-17T10:07:38.793+0800][2.100s][info][gc,ref      ] GC(69) O: Final References:               0            0            0 
[2026-06-17T10:07:38.793+0800][2.100s][info][gc,ref      ] GC(69) O: Phantom References:             1            1            0 
[2026-06-17T10:07:38.793+0800][2.101s][info][gc,reloc    ] GC(69) O:                        Candidates     Selected     In-Place         Size        Empty    Relocated 
[2026-06-17T10:07:38.793+0800][2.101s][info][gc,reloc    ] GC(69) O: Small Pages:                    3            1            1           6M           0M           0M 
[2026-06-17T10:07:38.793+0800][2.101s][info][gc,reloc    ] GC(69) O: Large Pages:                   26            0            0          52M           0M           0M 
[2026-06-17T10:07:38.794+0800][2.101s][info][gc,reloc    ] GC(69) O: Forwarding Usage: 0M
[2026-06-17T10:07:38.794+0800][2.101s][info][gc,heap     ] GC(69) O: Min Capacity: 64M(100%)
[2026-06-17T10:07:38.794+0800][2.101s][info][gc,heap     ] GC(69) O: Max Capacity: 64M(100%)
[2026-06-17T10:07:38.794+0800][2.101s][info][gc,heap     ] GC(69) O: Soft Max Capacity: 64M(100%)
[2026-06-17T10:07:38.794+0800][2.101s][info][gc,heap     ] GC(69) O: Heap Statistics:
[2026-06-17T10:07:38.794+0800][2.101s][info][gc,heap     ] GC(69) O:                Mark Start          Mark End        Relocate Start      Relocate End           High               Low         
[2026-06-17T10:07:38.794+0800][2.101s][info][gc,heap     ] GC(69) O:  Capacity:       64M (100%)         64M (100%)         64M (100%)         64M (100%)         64M (100%)         64M (100%)   
[2026-06-17T10:07:38.794+0800][2.101s][info][gc,heap     ] GC(69) O:      Free:        0M (0%)            0M (0%)            0M (0%)            0M (0%)            6M (9%)            0M (0%)     
[2026-06-17T10:07:38.794+0800][2.102s][info][gc,heap     ] GC(69) O:      Used:       64M (100%)         64M (100%)         64M (100%)         64M (100%)         64M (100%)         58M (91%)    
[2026-06-17T10:07:38.794+0800][2.102s][info][gc,heap     ] GC(69) O: Old Generation Statistics:
[2026-06-17T10:07:38.794+0800][2.102s][info][gc,heap     ] GC(69) O:                Mark Start          Mark End        Relocate Start      Relocate End    
[2026-06-17T10:07:38.794+0800][2.102s][info][gc,heap     ] GC(69) O:      Used:       58M (91%)          58M (91%)          58M (91%)          56M (88%)    
[2026-06-17T10:07:38.795+0800][2.102s][info][gc,heap     ] GC(69) O:      Live:         -                55M (86%)          55M (86%)          55M (86%)    
[2026-06-17T10:07:38.795+0800][2.102s][info][gc,heap     ] GC(69) O:   Garbage:         -                 2M (4%)            2M (4%)            0M (0%)     
[2026-06-17T10:07:38.795+0800][2.102s][info][gc,heap     ] GC(69) O: Allocated:         -                 0M (0%)            0M (0%)            0M (1%)     
[2026-06-17T10:07:38.795+0800][2.102s][info][gc,heap     ] GC(69) O: Reclaimed:         -                  -                 0M (0%)            2M (4%)     
[2026-06-17T10:07:38.795+0800][2.102s][info][gc,heap     ] GC(69) O: Compacted:         -                  -                  -                 1M (2%)     
[2026-06-17T10:07:38.795+0800][2.102s][info][gc,phases   ] GC(69) O: Old Generation 58M(91%)->64M(100%) 0.058s
[2026-06-17T10:07:38.795+0800][2.103s][info][gc          ] GC(69) Major Collection (Allocation Rate) 64M(100%)->64M(100%) 0.067s
[2026-06-17T10:07:38.795+0800][2.103s][info][gc          ] GC(75) Major Collection (Allocation Stall)
[2026-06-17T10:07:38.795+0800][2.103s][info][gc,task     ] GC(75) Using 1 Workers for Young Generation
[2026-06-17T10:07:38.795+0800][2.103s][info][gc,task     ] GC(75) Using 1 Workers for Old Generation
[2026-06-17T10:07:38.796+0800][2.103s][info][gc,phases   ] GC(75) Y: Young Generation (Promote All)
[2026-06-17T10:07:38.796+0800][2.103s][info][gc,phases   ] GC(75) Y: Pause Mark Start 0.007ms
[2026-06-17T10:07:38.796+0800][2.104s][info][gc,phases   ] GC(75) Y: Concurrent Mark 0.462ms
[2026-06-17T10:07:38.796+0800][2.104s][info][gc,phases   ] GC(75) Y: Pause Mark End 0.005ms
[2026-06-17T10:07:38.796+0800][2.104s][info][gc,phases   ] GC(75) Y: Concurrent Mark Free 0.000ms
[2026-06-17T10:07:38.797+0800][2.104s][info][gc,phases   ] GC(75) Y: Concurrent Reset Relocation Set 0.000ms
[2026-06-17T10:07:38.797+0800][2.104s][info][gc,reloc    ] GC(75) Y: Using tenuring threshold: 0 (Promote All)
[2026-06-17T10:07:38.797+0800][2.104s][info][gc,phases   ] GC(75) Y: Concurrent Select Relocation Set 0.213ms
[2026-06-17T10:07:38.797+0800][2.104s][info][gc,phases   ] GC(75) Y: Pause Relocate Start 0.004ms
[2026-06-17T10:07:38.797+0800][2.105s][info][gc,phases   ] GC(75) Y: Concurrent Relocate 0.081ms
[2026-06-17T10:07:38.798+0800][2.105s][info][gc,alloc    ] GC(75) Y:                         Mark Start        Mark End      Relocate Start    Relocate End   
[2026-06-17T10:07:38.798+0800][2.105s][info][gc,alloc    ] GC(75) Y: Allocation Stalls:          1                1                1                1         
[2026-06-17T10:07:38.798+0800][2.105s][info][gc,load     ] GC(75) Y: Load: 0.41 (2%) / 0.44 (2%) / 0.49 (2%)
[2026-06-17T10:07:38.798+0800][2.105s][info][gc,mmu      ] GC(75) Y: MMU: 2ms/98.7%, 5ms/99.2%, 10ms/99.5%, 20ms/99.6%, 50ms/99.7%, 100ms/99.7%
[2026-06-17T10:07:38.798+0800][2.106s][info][gc,marking  ] GC(75) Y: Mark: 1 stripe(s), 1 proactive flush(es), 1 terminate flush(es), 0 completion(s), 0 continuation(s) 
[2026-06-17T10:07:38.798+0800][2.106s][info][gc,nmethod  ] GC(75) Y: NMethods: 69 registered, 6 unregistered
[2026-06-17T10:07:38.798+0800][2.106s][info][gc,metaspace] GC(75) Y: Metaspace: 0M used, 0M committed, 1088M reserved
[2026-06-17T10:07:38.798+0800][2.106s][info][gc,reloc    ] GC(75) Y:                        Candidates     Selected     In-Place         Size        Empty    Relocated 
[2026-06-17T10:07:38.798+0800][2.106s][info][gc,reloc    ] GC(75) Y: Small Pages:                    0            0            0           0M           0M           0M 
[2026-06-17T10:07:38.799+0800][2.106s][info][gc,reloc    ] GC(75) Y: Large Pages:                    2            0            0           4M           0M           0M 
[2026-06-17T10:07:38.799+0800][2.106s][info][gc,reloc    ] GC(75) Y: Forwarding Usage: 0M
[2026-06-17T10:07:38.799+0800][2.106s][info][gc,reloc    ] GC(75) Y: Age Table:
[2026-06-17T10:07:38.799+0800][2.106s][info][gc,reloc    ] GC(75) Y:                    Live             Garbage             Small              Medium             Large        
[2026-06-17T10:07:38.799+0800][2.106s][info][gc,reloc    ] GC(75) Y: Eden                -                 0M (0%)           0 / 0              0 / 0              0 / 0        
[2026-06-17T10:07:38.799+0800][2.106s][info][gc,reloc    ] GC(75) Y: Survivor 1          -                 0M (0%)           0 / 0              0 / 0              0 / 0        
[2026-06-17T10:07:38.799+0800][2.107s][info][gc,reloc    ] GC(75) Y: Survivor 2         2M (3%)            0M (0%)           0 / 0              0 / 0              1 / 0        
[2026-06-17T10:07:38.799+0800][2.107s][info][gc,reloc    ] GC(75) Y: Survivor 3          -                 0M (0%)           0 / 0              0 / 0              0 / 0        
[2026-06-17T10:07:38.799+0800][2.107s][info][gc,reloc    ] GC(75) Y: Survivor 4         2M (3%)            0M (0%)           0 / 0              0 / 0              1 / 0        
[2026-06-17T10:07:38.799+0800][2.107s][info][gc,heap     ] GC(75) Y: Min Capacity: 64M(100%)
[2026-06-17T10:07:38.799+0800][2.107s][info][gc,heap     ] GC(75) Y: Max Capacity: 64M(100%)
[2026-06-17T10:07:38.799+0800][2.107s][info][gc,heap     ] GC(75) Y: Soft Max Capacity: 64M(100%)
[2026-06-17T10:07:38.800+0800][2.107s][info][gc,heap     ] GC(75) Y: Heap Statistics:
[2026-06-17T10:07:38.800+0800][2.107s][info][gc,heap     ] GC(75) Y:                Mark Start          Mark End        Relocate Start      Relocate End           High               Low         
[2026-06-17T10:07:38.800+0800][2.107s][info][gc,heap     ] GC(75) Y:  Capacity:       64M (100%)         64M (100%)         64M (100%)         64M (100%)         64M (100%)         64M (100%)   
[2026-06-17T10:07:38.800+0800][2.107s][info][gc,heap     ] GC(75) Y:      Free:        0M (0%)            0M (0%)            0M (0%)            0M (0%)            0M (0%)            0M (0%)     
[2026-06-17T10:07:38.800+0800][2.107s][info][gc,heap     ] GC(75) Y:      Used:       64M (100%)         64M (100%)         64M (100%)         64M (100%)         64M (100%)         64M (100%)   
[2026-06-17T10:07:38.800+0800][2.107s][info][gc,heap     ] GC(75) Y: Young Generation Statistics:
[2026-06-17T10:07:38.800+0800][2.107s][info][gc,heap     ] GC(75) Y:                Mark Start          Mark End        Relocate Start      Relocate End    
[2026-06-17T10:07:38.800+0800][2.107s][info][gc,heap     ] GC(75) Y:      Used:        4M (6%)            4M (6%)            0M (0%)            0M (0%)     
[2026-06-17T10:07:38.800+0800][2.108s][info][gc,heap     ] GC(75) Y:      Live:         -                 4M (6%)            0M (0%)            0M (0%)     
[2026-06-17T10:07:38.800+0800][2.108s][info][gc,heap     ] GC(75) Y:   Garbage:         -                 0M (0%)            0M (0%)            0M (0%)     
[2026-06-17T10:07:38.800+0800][2.108s][info][gc,heap     ] GC(75) Y: Allocated:         -                 0M (0%)            0M (0%)            0M (0%)     
[2026-06-17T10:07:38.800+0800][2.108s][info][gc,heap     ] GC(75) Y: Reclaimed:         -                  -                 0M (0%)            0M (0%)     
[2026-06-17T10:07:38.800+0800][2.108s][info][gc,heap     ] GC(75) Y:  Promoted:         -                  -                 4M (6%)            4M (6%)     
[2026-06-17T10:07:38.801+0800][2.108s][info][gc,heap     ] GC(75) Y: Compacted:         -                  -                  -                 0M (0%)     
[2026-06-17T10:07:38.801+0800][2.108s][info][gc,phases   ] GC(75) Y: Young Generation (Promote All) 64M(100%)->64M(100%) 0.002s
[2026-06-17T10:07:38.801+0800][2.108s][info][gc,phases   ] GC(75) Y: Young Generation (Collect Roots)
[2026-06-17T10:07:38.801+0800][2.108s][info][gc,phases   ] GC(75) Y: Pause Mark Start (Major) 0.008ms
[2026-06-17T10:07:38.801+0800][2.109s][info][gc,phases   ] GC(75) Y: Concurrent Mark 0.375ms
[2026-06-17T10:07:38.802+0800][2.109s][info][gc,phases   ] GC(75) Y: Pause Mark End 0.005ms
[2026-06-17T10:07:38.802+0800][2.109s][info][gc,phases   ] GC(75) Y: Concurrent Mark Free 0.001ms
[2026-06-17T10:07:38.802+0800][2.109s][info][gc,phases   ] GC(75) Y: Concurrent Reset Relocation Set 0.003ms
[2026-06-17T10:07:38.802+0800][2.109s][info][gc,reloc    ] GC(75) Y: Using tenuring threshold: 0 (Computed)
[2026-06-17T10:07:38.802+0800][2.109s][info][gc,phases   ] GC(75) Y: Concurrent Select Relocation Set 0.213ms
[2026-06-17T10:07:38.802+0800][2.110s][info][gc,phases   ] GC(75) Y: Pause Relocate Start 0.004ms
[2026-06-17T10:07:38.802+0800][2.110s][info][gc,phases   ] GC(75) Y: Concurrent Relocate 0.094ms
[2026-06-17T10:07:38.803+0800][2.110s][info][gc,alloc    ] GC(75) Y:                         Mark Start        Mark End      Relocate Start    Relocate End   
[2026-06-17T10:07:38.803+0800][2.110s][info][gc,alloc    ] GC(75) Y: Allocation Stalls:          1                1                1                1         
[2026-06-17T10:07:38.803+0800][2.110s][info][gc,load     ] GC(75) Y: Load: 0.41 (2%) / 0.44 (2%) / 0.49 (2%)
[2026-06-17T10:07:38.803+0800][2.110s][info][gc,mmu      ] GC(75) Y: MMU: 2ms/98.7%, 5ms/99.2%, 10ms/99.5%, 20ms/99.6%, 50ms/99.7%, 100ms/99.7%
[2026-06-17T10:07:38.803+0800][2.110s][info][gc,marking  ] GC(75) Y: Mark: 1 stripe(s), 1 proactive flush(es), 1 terminate flush(es), 0 completion(s), 0 continuation(s) 
[2026-06-17T10:07:38.803+0800][2.110s][info][gc,nmethod  ] GC(75) Y: NMethods: 69 registered, 6 unregistered
[2026-06-17T10:07:38.803+0800][2.111s][info][gc,metaspace] GC(75) Y: Metaspace: 0M used, 0M committed, 1088M reserved
[2026-06-17T10:07:38.803+0800][2.111s][info][gc,heap     ] GC(75) Y: Min Capacity: 64M(100%)
[2026-06-17T10:07:38.803+0800][2.111s][info][gc,heap     ] GC(75) Y: Max Capacity: 64M(100%)
[2026-06-17T10:07:38.803+0800][2.111s][info][gc,heap     ] GC(75) Y: Soft Max Capacity: 64M(100%)
[2026-06-17T10:07:38.803+0800][2.111s][info][gc,heap     ] GC(75) Y: Heap Statistics:
[2026-06-17T10:07:38.804+0800][2.111s][info][gc,heap     ] GC(75) Y:                Mark Start          Mark End        Relocate Start      Relocate End           High               Low         
[2026-06-17T10:07:38.804+0800][2.111s][info][gc,heap     ] GC(75) Y:  Capacity:       64M (100%)         64M (100%)         64M (100%)         64M (100%)         64M (100%)         64M (100%)   
[2026-06-17T10:07:38.804+0800][2.111s][info][gc,heap     ] GC(75) Y:      Free:        0M (0%)            0M (0%)            0M (0%)            0M (0%)            0M (0%)            0M (0%)     
[2026-06-17T10:07:38.804+0800][2.111s][info][gc,heap     ] GC(75) Y:      Used:       64M (100%)         64M (100%)         64M (100%)         64M (100%)         64M (100%)         64M (100%)   
[2026-06-17T10:07:38.804+0800][2.111s][info][gc,heap     ] GC(75) Y: Young Generation Statistics:
[2026-06-17T10:07:38.804+0800][2.111s][info][gc,heap     ] GC(75) Y:                Mark Start          Mark End        Relocate Start      Relocate End    
[2026-06-17T10:07:38.804+0800][2.111s][info][gc,heap     ] GC(75) Y:      Used:        0M (0%)            0M (0%)            0M (0%)            0M (0%)     
[2026-06-17T10:07:38.804+0800][2.111s][info][gc,heap     ] GC(75) Y:      Live:         -                 0M (0%)            0M (0%)            0M (0%)     
[2026-06-17T10:07:38.804+0800][2.112s][info][gc,heap     ] GC(75) Y:   Garbage:         -                 0M (0%)            0M (0%)            0M (0%)     
[2026-06-17T10:07:38.804+0800][2.112s][info][gc,heap     ] GC(75) Y: Allocated:         -                 0M (0%)            0M (0%)            0M (0%)     
[2026-06-17T10:07:38.804+0800][2.112s][info][gc,heap     ] GC(75) Y: Reclaimed:         -                  -                 0M (0%)            0M (0%)     
[2026-06-17T10:07:38.804+0800][2.112s][info][gc,heap     ] GC(75) Y:  Promoted:         -                  -                 0M (0%)            0M (0%)     
[2026-06-17T10:07:38.805+0800][2.112s][info][gc,heap     ] GC(75) Y: Compacted:         -                  -                  -                 0M (0%)     
[2026-06-17T10:07:38.805+0800][2.112s][info][gc,phases   ] GC(75) Y: Young Generation (Collect Roots) 64M(100%)->64M(100%) 0.002s
[2026-06-17T10:07:38.805+0800][2.112s][info][gc,phases   ] GC(75) O: Old Generation
[2026-06-17T10:07:38.806+0800][2.113s][info][gc,phases   ] GC(75) O: Concurrent Mark 0.872ms
[2026-06-17T10:07:38.806+0800][2.113s][info][gc,phases   ] GC(75) O: Pause Mark End 0.005ms
[2026-06-17T10:07:38.806+0800][2.113s][info][gc,phases   ] GC(75) O: Concurrent Mark Free 0.001ms
[2026-06-17T10:07:38.806+0800][2.114s][info][gc,ref      ] GC(75) O: Clearing All SoftReferences
[2026-06-17T10:07:38.806+0800][2.114s][info][gc,phases   ] GC(75) O: Concurrent Process Non-Strong 0.300ms
[2026-06-17T10:07:38.807+0800][2.114s][info][gc,phases   ] GC(75) O: Concurrent Reset Relocation Set 0.001ms
[2026-06-17T10:07:38.807+0800][2.114s][info][gc,phases   ] GC(75) O: Concurrent Select Relocation Set 0.054ms
[2026-06-17T10:07:38.807+0800][2.114s][info][gc,task     ] GC(75) O: Using 1 Workers for Old Generation
[2026-06-17T10:07:38.807+0800][2.115s][info][gc,task     ] GC(75) O: Using 1 Workers for Old Generation
[2026-06-17T10:07:38.807+0800][2.115s][info][gc,phases   ] GC(75) O: Concurrent Remap Roots 0.385ms
[2026-06-17T10:07:38.807+0800][2.115s][info][gc,phases   ] GC(75) O: Pause Relocate Start 0.005ms
[2026-06-17T10:07:38.808+0800][2.115s][info][gc          ] Allocation Stall (main) 26.233ms
[2026-06-17T10:07:38.808+0800][2.115s][info][gc,phases   ] GC(75) O: Concurrent Relocate 0.239ms
[2026-06-17T10:07:38.808+0800][2.115s][info][gc          ] GC(76) Minor Collection (Allocation Stall)
[2026-06-17T10:07:38.808+0800][2.115s][info][gc,task     ] GC(76) Using 1 Workers for Young Generation
[2026-06-17T10:07:38.808+0800][2.116s][info][gc,phases   ] GC(76) y: Young Generation
[2026-06-17T10:07:38.808+0800][2.116s][info][gc,phases   ] GC(76) y: Pause Mark Start 0.005ms
[2026-06-17T10:07:38.809+0800][2.116s][info][gc,phases   ] GC(76) y: Concurrent Mark 0.324ms
[2026-06-17T10:07:38.809+0800][2.116s][info][gc,phases   ] GC(76) y: Pause Mark End 0.004ms
[2026-06-17T10:07:38.809+0800][2.116s][info][gc,phases   ] GC(76) y: Concurrent Mark Free 0.001ms
[2026-06-17T10:07:38.809+0800][2.117s][info][gc,phases   ] GC(76) y: Concurrent Reset Relocation Set 0.000ms
[2026-06-17T10:07:38.809+0800][2.117s][info][gc,reloc    ] GC(76) y: Using tenuring threshold: 1 (Computed)
[2026-06-17T10:07:38.810+0800][2.117s][info][gc,phases   ] GC(76) y: Concurrent Select Relocation Set 0.253ms
[2026-06-17T10:07:38.810+0800][2.117s][info][gc,phases   ] GC(76) y: Pause Relocate Start 0.005ms
[2026-06-17T10:07:38.810+0800][2.118s][info][gc,phases   ] GC(76) y: Concurrent Relocate 0.086ms
[2026-06-17T10:07:38.810+0800][2.118s][info][gc,alloc    ] GC(76) y:                         Mark Start        Mark End      Relocate Start    Relocate End   
[2026-06-17T10:07:38.810+0800][2.118s][info][gc,alloc    ] GC(76) y: Allocation Stalls:          1                1                1                1         
[2026-06-17T10:07:38.811+0800][2.118s][info][gc,load     ] GC(76) y: Load: 0.41 (2%) / 0.44 (2%) / 0.49 (2%)
[2026-06-17T10:07:38.811+0800][2.118s][info][gc,mmu      ] GC(76) y: MMU: 2ms/98.7%, 5ms/99.2%, 10ms/99.5%, 20ms/99.6%, 50ms/99.7%, 100ms/99.7%
[2026-06-17T10:07:38.811+0800][2.118s][info][gc,marking  ] GC(76) y: Mark: 1 stripe(s), 1 proactive flush(es), 1 terminate flush(es), 0 completion(s), 0 continuation(s) 
[2026-06-17T10:07:38.811+0800][2.118s][info][gc,nmethod  ] GC(76) y: NMethods: 69 registered, 6 unregistered
[2026-06-17T10:07:38.811+0800][2.118s][info][gc,metaspace] GC(76) y: Metaspace: 0M used, 0M committed, 1088M reserved
[2026-06-17T10:07:38.811+0800][2.118s][info][gc,reloc    ] GC(76) y:                        Candidates     Selected     In-Place         Size        Empty    Relocated 
[2026-06-17T10:07:38.811+0800][2.118s][info][gc,reloc    ] GC(76) y: Small Pages:                    0            0            0           0M           0M           0M 
[2026-06-17T10:07:38.811+0800][2.118s][info][gc,reloc    ] GC(76) y: Large Pages:                    1            0            0           2M           0M           0M 
[2026-06-17T10:07:38.811+0800][2.119s][info][gc,reloc    ] GC(76) y: Forwarding Usage: 0M
[2026-06-17T10:07:38.811+0800][2.119s][info][gc,reloc    ] GC(76) y: Age Table:
[2026-06-17T10:07:38.811+0800][2.119s][info][gc,reloc    ] GC(76) y:                    Live             Garbage             Small              Medium             Large        
[2026-06-17T10:07:38.811+0800][2.119s][info][gc,reloc    ] GC(76) y: Eden               2M (3%)            0M (0%)           0 / 0              0 / 0              1 / 0        
[2026-06-17T10:07:38.811+0800][2.119s][info][gc,heap     ] GC(76) y: Min Capacity: 64M(100%)
[2026-06-17T10:07:38.812+0800][2.119s][info][gc,heap     ] GC(76) y: Max Capacity: 64M(100%)
[2026-06-17T10:07:38.812+0800][2.119s][info][gc,heap     ] GC(76) y: Soft Max Capacity: 64M(100%)
[2026-06-17T10:07:38.812+0800][2.119s][info][gc,heap     ] GC(76) y: Heap Statistics:
[2026-06-17T10:07:38.812+0800][2.119s][info][gc,heap     ] GC(76) y:                Mark Start          Mark End        Relocate Start      Relocate End           High               Low         
[2026-06-17T10:07:38.812+0800][2.119s][info][gc,heap     ] GC(76) y:  Capacity:       64M (100%)         64M (100%)         64M (100%)         64M (100%)         64M (100%)         64M (100%)   
[2026-06-17T10:07:38.812+0800][2.119s][info][gc,heap     ] GC(76) y:      Free:        0M (0%)            0M (0%)            0M (0%)            0M (0%)            0M (0%)            0M (0%)     
[2026-06-17T10:07:38.812+0800][2.119s][info][gc,heap     ] GC(76) y:      Used:       64M (100%)         64M (100%)         64M (100%)         64M (100%)         64M (100%)         64M (100%)   
[2026-06-17T10:07:38.812+0800][2.119s][info][gc,heap     ] GC(76) y: Young Generation Statistics:
[2026-06-17T10:07:38.812+0800][2.120s][info][gc,heap     ] GC(76) y:                Mark Start          Mark End        Relocate Start      Relocate End    
[2026-06-17T10:07:38.812+0800][2.120s][info][gc,heap     ] GC(76) y:      Used:        2M (3%)            2M (3%)            2M (3%)            2M (3%)     
[2026-06-17T10:07:38.812+0800][2.120s][info][gc,heap     ] GC(76) y:      Live:         -                 2M (3%)            2M (3%)            2M (3%)     
[2026-06-17T10:07:38.812+0800][2.120s][info][gc,heap     ] GC(76) y:   Garbage:         -                 0M (0%)            0M (0%)            0M (0%)     
[2026-06-17T10:07:38.813+0800][2.120s][info][gc,heap     ] GC(76) y: Allocated:         -                 0M (0%)            0M (0%)            0M (0%)     
[2026-06-17T10:07:38.813+0800][2.120s][info][gc,heap     ] GC(76) y: Reclaimed:         -                  -                 0M (0%)            0M (0%)     
[2026-06-17T10:07:38.813+0800][2.120s][info][gc,heap     ] GC(76) y:  Promoted:         -                  -                 0M (0%)            0M (0%)     
[2026-06-17T10:07:38.813+0800][2.120s][info][gc,heap     ] GC(76) y: Compacted:         -                  -                  -                 0M (0%)     
[2026-06-17T10:07:38.813+0800][2.120s][info][gc,phases   ] GC(76) y: Young Generation 64M(100%)->64M(100%) 0.002s
[2026-06-17T10:07:38.814+0800][2.121s][info][gc          ] GC(76) Minor Collection (Allocation Stall) 64M(100%)->64M(100%) 0.006s
[2026-06-17T10:07:38.814+0800][2.121s][info][gc,alloc    ] GC(75) O:                         Mark Start        Mark End      Relocate Start    Relocate End   
[2026-06-17T10:07:38.814+0800][2.121s][info][gc,alloc    ] GC(75) O: Allocation Stalls:          1                1                1                0         
[2026-06-17T10:07:38.814+0800][2.121s][info][gc,load     ] GC(75) O: Load: 0.41 (2%) / 0.44 (2%) / 0.49 (2%)
[2026-06-17T10:07:38.814+0800][2.121s][info][gc,mmu      ] GC(75) O: MMU: 2ms/98.7%, 5ms/99.2%, 10ms/99.5%, 20ms/99.6%, 50ms/99.7%, 100ms/99.7%
[2026-06-17T10:07:38.814+0800][2.122s][info][gc,marking  ] GC(75) O: Mark: 1 stripe(s), 1 proactive flush(es), 1 terminate flush(es), 0 completion(s), 0 continuation(s) 
[2026-06-17T10:07:38.814+0800][2.122s][info][gc,nmethod  ] GC(75) O: NMethods: 69 registered, 6 unregistered
[2026-06-17T10:07:38.814+0800][2.122s][info][gc,metaspace] GC(75) O: Metaspace: 0M used, 0M committed, 1088M reserved
[2026-06-17T10:07:38.815+0800][2.122s][info][gc,ref      ] GC(75) O:                       Encountered   Discovered     Enqueued 
[2026-06-17T10:07:38.815+0800][2.122s][info][gc,ref      ] GC(75) O: Soft References:                0            0            0 
[2026-06-17T10:07:38.815+0800][2.122s][info][gc,ref      ] GC(75) O: Weak References:                6            0            0 
[2026-06-17T10:07:38.815+0800][2.122s][info][gc,ref      ] GC(75) O: Final References:               0            0            0 
[2026-06-17T10:07:38.815+0800][2.122s][info][gc,ref      ] GC(75) O: Phantom References:             1            1            0 
[2026-06-17T10:07:38.815+0800][2.123s][info][gc,reloc    ] GC(75) O:                        Candidates     Selected     In-Place         Size        Empty    Relocated 
[2026-06-17T10:07:38.815+0800][2.123s][info][gc,reloc    ] GC(75) O: Small Pages:                    3            1            1           6M           0M           1M 
[2026-06-17T10:07:38.815+0800][2.123s][info][gc,reloc    ] GC(75) O: Large Pages:                   29            0            0          58M           0M           0M 
[2026-06-17T10:07:38.815+0800][2.123s][info][gc,reloc    ] GC(75) O: Forwarding Usage: 0M
[2026-06-17T10:07:38.815+0800][2.123s][info][gc,heap     ] GC(75) O: Min Capacity: 64M(100%)
[2026-06-17T10:07:38.815+0800][2.123s][info][gc,heap     ] GC(75) O: Max Capacity: 64M(100%)
[2026-06-17T10:07:38.816+0800][2.123s][info][gc,heap     ] GC(75) O: Soft Max Capacity: 64M(100%)
[2026-06-17T10:07:38.816+0800][2.123s][info][gc,heap     ] GC(75) O: Heap Statistics:
[2026-06-17T10:07:38.816+0800][2.123s][info][gc,heap     ] GC(75) O:                Mark Start          Mark End        Relocate Start      Relocate End           High               Low         
[2026-06-17T10:07:38.816+0800][2.123s][info][gc,heap     ] GC(75) O:  Capacity:       64M (100%)         64M (100%)         64M (100%)         64M (100%)         64M (100%)         64M (100%)   
[2026-06-17T10:07:38.816+0800][2.123s][info][gc,heap     ] GC(75) O:      Free:        0M (0%)            0M (0%)            0M (0%)            0M (0%)            2M (3%)            0M (0%)     
[2026-06-17T10:07:38.816+0800][2.123s][info][gc,heap     ] GC(75) O:      Used:       64M (100%)         64M (100%)         64M (100%)         64M (100%)         64M (100%)         62M (97%)    
[2026-06-17T10:07:38.816+0800][2.123s][info][gc,heap     ] GC(75) O: Old Generation Statistics:
[2026-06-17T10:07:38.816+0800][2.124s][info][gc,heap     ] GC(75) O:                Mark Start          Mark End        Relocate Start      Relocate End    
[2026-06-17T10:07:38.817+0800][2.124s][info][gc,heap     ] GC(75) O:      Used:       64M (100%)         64M (100%)         64M (100%)         62M (97%)    
[2026-06-17T10:07:38.817+0800][2.124s][info][gc,heap     ] GC(75) O:      Live:         -                61M (96%)          61M (96%)          61M (96%)    
[2026-06-17T10:07:38.817+0800][2.124s][info][gc,heap     ] GC(75) O:   Garbage:         -                 2M (4%)            2M (4%)            0M (0%)     
[2026-06-17T10:07:38.817+0800][2.124s][info][gc,heap     ] GC(75) O: Allocated:         -                 0M (0%)            0M (0%)            0M (1%)     
[2026-06-17T10:07:38.817+0800][2.124s][info][gc,heap     ] GC(75) O: Reclaimed:         -                  -                 0M (0%)            2M (4%)     
[2026-06-17T10:07:38.817+0800][2.125s][info][gc,heap     ] GC(75) O: Compacted:         -                  -                  -                 1M (2%)     
[2026-06-17T10:07:38.817+0800][2.125s][info][gc,phases   ] GC(75) O: Old Generation 64M(100%)->64M(100%) 0.009s
[2026-06-17T10:07:38.817+0800][2.125s][info][gc          ] GC(75) Major Collection (Allocation Stall) 64M(100%)->64M(100%) 0.022s
[2026-06-17T10:07:38.817+0800][2.125s][info][gc          ] GC(77) Major Collection (Allocation Stall)
[2026-06-17T10:07:38.818+0800][2.125s][info][gc,task     ] GC(77) Using 1 Workers for Young Generation
[2026-06-17T10:07:38.818+0800][2.125s][info][gc,task     ] GC(77) Using 1 Workers for Old Generation
[2026-06-17T10:07:38.818+0800][2.125s][info][gc,phases   ] GC(77) Y: Young Generation (Promote All)
[2026-06-17T10:07:38.818+0800][2.125s][info][gc,phases   ] GC(77) Y: Pause Mark Start 0.008ms
[2026-06-17T10:07:38.819+0800][2.126s][info][gc,phases   ] GC(77) Y: Concurrent Mark 0.451ms
[2026-06-17T10:07:38.819+0800][2.126s][info][gc,phases   ] GC(77) Y: Pause Mark End 0.005ms
[2026-06-17T10:07:38.819+0800][2.126s][info][gc,phases   ] GC(77) Y: Concurrent Mark Free 0.000ms
[2026-06-17T10:07:38.819+0800][2.126s][info][gc,phases   ] GC(77) Y: Concurrent Reset Relocation Set 0.000ms
[2026-06-17T10:07:38.819+0800][2.127s][info][gc,reloc    ] GC(77) Y: Using tenuring threshold: 0 (Promote All)
[2026-06-17T10:07:38.819+0800][2.127s][info][gc,phases   ] GC(77) Y: Concurrent Select Relocation Set 0.214ms
[2026-06-17T10:07:38.820+0800][2.127s][info][gc,phases   ] GC(77) Y: Pause Relocate Start 0.005ms
[2026-06-17T10:07:38.820+0800][2.127s][info][gc,phases   ] GC(77) Y: Concurrent Relocate 0.091ms
[2026-06-17T10:07:38.820+0800][2.127s][info][gc,alloc    ] GC(77) Y:                         Mark Start        Mark End      Relocate Start    Relocate End   
[2026-06-17T10:07:38.820+0800][2.127s][info][gc,alloc    ] GC(77) Y: Allocation Stalls:          1                1                1                1         
[2026-06-17T10:07:38.820+0800][2.127s][info][gc,load     ] GC(77) Y: Load: 0.41 (2%) / 0.44 (2%) / 0.49 (2%)
[2026-06-17T10:07:38.820+0800][2.128s][info][gc,mmu      ] GC(77) Y: MMU: 2ms/98.7%, 5ms/99.2%, 10ms/99.5%, 20ms/99.6%, 50ms/99.7%, 100ms/99.7%
[2026-06-17T10:07:38.820+0800][2.128s][info][gc,marking  ] GC(77) Y: Mark: 1 stripe(s), 1 proactive flush(es), 1 terminate flush(es), 0 completion(s), 0 continuation(s) 
[2026-06-17T10:07:38.820+0800][2.128s][info][gc,nmethod  ] GC(77) Y: NMethods: 69 registered, 6 unregistered
[2026-06-17T10:07:38.820+0800][2.128s][info][gc,metaspace] GC(77) Y: Metaspace: 0M used, 0M committed, 1088M reserved
[2026-06-17T10:07:38.820+0800][2.128s][info][gc,reloc    ] GC(77) Y:                        Candidates     Selected     In-Place         Size        Empty    Relocated 
[2026-06-17T10:07:38.821+0800][2.128s][info][gc,reloc    ] GC(77) Y: Small Pages:                    0            0            0           0M           0M           0M 
[2026-06-17T10:07:38.821+0800][2.128s][info][gc,reloc    ] GC(77) Y: Large Pages:                    1            0            0           2M           0M           0M 
[2026-06-17T10:07:38.821+0800][2.128s][info][gc,reloc    ] GC(77) Y: Forwarding Usage: 0M
[2026-06-17T10:07:38.821+0800][2.128s][info][gc,reloc    ] GC(77) Y: Age Table:
[2026-06-17T10:07:38.821+0800][2.128s][info][gc,reloc    ] GC(77) Y:                    Live             Garbage             Small              Medium             Large        
[2026-06-17T10:07:38.821+0800][2.128s][info][gc,reloc    ] GC(77) Y: Eden                -                 0M (0%)           0 / 0              0 / 0              0 / 0        
[2026-06-17T10:07:38.821+0800][2.128s][info][gc,reloc    ] GC(77) Y: Survivor 1         2M (3%)            0M (0%)           0 / 0              0 / 0              1 / 0        
[2026-06-17T10:07:38.821+0800][2.129s][info][gc,heap     ] GC(77) Y: Min Capacity: 64M(100%)
[2026-06-17T10:07:38.821+0800][2.129s][info][gc,heap     ] GC(77) Y: Max Capacity: 64M(100%)
[2026-06-17T10:07:38.821+0800][2.129s][info][gc,heap     ] GC(77) Y: Soft Max Capacity: 64M(100%)
[2026-06-17T10:07:38.821+0800][2.129s][info][gc,heap     ] GC(77) Y: Heap Statistics:
[2026-06-17T10:07:38.822+0800][2.129s][info][gc,heap     ] GC(77) Y:                Mark Start          Mark End        Relocate Start      Relocate End           High               Low         
[2026-06-17T10:07:38.822+0800][2.129s][info][gc,heap     ] GC(77) Y:  Capacity:       64M (100%)         64M (100%)         64M (100%)         64M (100%)         64M (100%)         64M (100%)   
[2026-06-17T10:07:38.822+0800][2.129s][info][gc,heap     ] GC(77) Y:      Free:        0M (0%)            0M (0%)            0M (0%)            0M (0%)            0M (0%)            0M (0%)     
[2026-06-17T10:07:38.822+0800][2.129s][info][gc,heap     ] GC(77) Y:      Used:       64M (100%)         64M (100%)         64M (100%)         64M (100%)         64M (100%)         64M (100%)   
[2026-06-17T10:07:38.822+0800][2.130s][info][gc,heap     ] GC(77) Y: Young Generation Statistics:
[2026-06-17T10:07:38.822+0800][2.130s][info][gc,heap     ] GC(77) Y:                Mark Start          Mark End        Relocate Start      Relocate End    
[2026-06-17T10:07:38.822+0800][2.130s][info][gc,heap     ] GC(77) Y:      Used:        2M (3%)            2M (3%)            0M (0%)            0M (0%)     
[2026-06-17T10:07:38.822+0800][2.130s][info][gc,heap     ] GC(77) Y:      Live:         -                 2M (3%)            0M (0%)            0M (0%)     
[2026-06-17T10:07:38.823+0800][2.130s][info][gc,heap     ] GC(77) Y:   Garbage:         -                 0M (0%)            0M (0%)            0M (0%)     
[2026-06-17T10:07:38.823+0800][2.130s][info][gc,heap     ] GC(77) Y: Allocated:         -                 0M (0%)            0M (0%)            0M (0%)     
[2026-06-17T10:07:38.823+0800][2.130s][info][gc,heap     ] GC(77) Y: Reclaimed:         -                  -                 0M (0%)            0M (0%)     
[2026-06-17T10:07:38.823+0800][2.130s][info][gc,heap     ] GC(77) Y:  Promoted:         -                  -                 2M (3%)            2M (3%)     
[2026-06-17T10:07:38.823+0800][2.130s][info][gc,heap     ] GC(77) Y: Compacted:         -                  -                  -                 0M (0%)     
[2026-06-17T10:07:38.823+0800][2.131s][info][gc,phases   ] GC(77) Y: Young Generation (Promote All) 64M(100%)->64M(100%) 0.002s
[2026-06-17T10:07:38.823+0800][2.131s][info][gc,phases   ] GC(77) Y: Young Generation (Collect Roots)
[2026-06-17T10:07:38.823+0800][2.131s][info][gc,phases   ] GC(77) Y: Pause Mark Start (Major) 0.009ms
[2026-06-17T10:07:38.824+0800][2.131s][info][gc,phases   ] GC(77) Y: Concurrent Mark 0.351ms
[2026-06-17T10:07:38.824+0800][2.131s][info][gc,phases   ] GC(77) Y: Pause Mark End 0.005ms
[2026-06-17T10:07:38.824+0800][2.131s][info][gc,phases   ] GC(77) Y: Concurrent Mark Free 0.000ms
[2026-06-17T10:07:38.824+0800][2.132s][info][gc,phases   ] GC(77) Y: Concurrent Reset Relocation Set 0.001ms
[2026-06-17T10:07:38.824+0800][2.132s][info][gc,reloc    ] GC(77) Y: Using tenuring threshold: 0 (Computed)
[2026-06-17T10:07:38.824+0800][2.132s][info][gc,phases   ] GC(77) Y: Concurrent Select Relocation Set 0.183ms
[2026-06-17T10:07:38.825+0800][2.132s][info][gc,phases   ] GC(77) Y: Pause Relocate Start 0.003ms
[2026-06-17T10:07:38.825+0800][2.132s][info][gc,phases   ] GC(77) Y: Concurrent Relocate 0.084ms
[2026-06-17T10:07:38.825+0800][2.132s][info][gc,alloc    ] GC(77) Y:                         Mark Start        Mark End      Relocate Start    Relocate End   
[2026-06-17T10:07:38.825+0800][2.132s][info][gc,alloc    ] GC(77) Y: Allocation Stalls:          1                1                1                1         
[2026-06-17T10:07:38.825+0800][2.133s][info][gc,load     ] GC(77) Y: Load: 0.41 (2%) / 0.44 (2%) / 0.49 (2%)
[2026-06-17T10:07:38.825+0800][2.133s][info][gc,mmu      ] GC(77) Y: MMU: 2ms/98.7%, 5ms/99.2%, 10ms/99.5%, 20ms/99.6%, 50ms/99.7%, 100ms/99.7%
[2026-06-17T10:07:38.825+0800][2.133s][info][gc,marking  ] GC(77) Y: Mark: 1 stripe(s), 1 proactive flush(es), 1 terminate flush(es), 0 completion(s), 0 continuation(s) 
[2026-06-17T10:07:38.825+0800][2.133s][info][gc,nmethod  ] GC(77) Y: NMethods: 69 registered, 6 unregistered
[2026-06-17T10:07:38.825+0800][2.133s][info][gc,metaspace] GC(77) Y: Metaspace: 0M used, 0M committed, 1088M reserved
[2026-06-17T10:07:38.826+0800][2.133s][info][gc,heap     ] GC(77) Y: Min Capacity: 64M(100%)
[2026-06-17T10:07:38.826+0800][2.133s][info][gc,heap     ] GC(77) Y: Max Capacity: 64M(100%)
[2026-06-17T10:07:38.826+0800][2.133s][info][gc,heap     ] GC(77) Y: Soft Max Capacity: 64M(100%)
[2026-06-17T10:07:38.826+0800][2.133s][info][gc,heap     ] GC(77) Y: Heap Statistics:
[2026-06-17T10:07:38.826+0800][2.133s][info][gc,heap     ] GC(77) Y:                Mark Start          Mark End        Relocate Start      Relocate End           High               Low         
[2026-06-17T10:07:38.826+0800][2.133s][info][gc,heap     ] GC(77) Y:  Capacity:       64M (100%)         64M (100%)         64M (100%)         64M (100%)         64M (100%)         64M (100%)   
[2026-06-17T10:07:38.826+0800][2.133s][info][gc,heap     ] GC(77) Y:      Free:        0M (0%)            0M (0%)            0M (0%)            0M (0%)            0M (0%)            0M (0%)     
[2026-06-17T10:07:38.826+0800][2.134s][info][gc,heap     ] GC(77) Y:      Used:       64M (100%)         64M (100%)         64M (100%)         64M (100%)         64M (100%)         64M (100%)   
[2026-06-17T10:07:38.826+0800][2.134s][info][gc,heap     ] GC(77) Y: Young Generation Statistics:
[2026-06-17T10:07:38.826+0800][2.134s][info][gc,heap     ] GC(77) Y:                Mark Start          Mark End        Relocate Start      Relocate End    
[2026-06-17T10:07:38.826+0800][2.134s][info][gc,heap     ] GC(77) Y:      Used:        0M (0%)            0M (0%)            0M (0%)            0M (0%)     
[2026-06-17T10:07:38.827+0800][2.134s][info][gc,heap     ] GC(77) Y:      Live:         -                 0M (0%)            0M (0%)            0M (0%)     
[2026-06-17T10:07:38.827+0800][2.134s][info][gc,heap     ] GC(77) Y:   Garbage:         -                 0M (0%)            0M (0%)            0M (0%)     
[2026-06-17T10:07:38.827+0800][2.134s][info][gc,heap     ] GC(77) Y: Allocated:         -                 0M (0%)            0M (0%)            0M (0%)     
[2026-06-17T10:07:38.827+0800][2.134s][info][gc,heap     ] GC(77) Y: Reclaimed:         -                  -                 0M (0%)            0M (0%)     
[2026-06-17T10:07:38.827+0800][2.134s][info][gc,heap     ] GC(77) Y:  Promoted:         -                  -                 0M (0%)            0M (0%)     
[2026-06-17T10:07:38.827+0800][2.135s][info][gc,heap     ] GC(77) Y: Compacted:         -                  -                  -                 0M (0%)     
[2026-06-17T10:07:38.827+0800][2.135s][info][gc,phases   ] GC(77) Y: Young Generation (Collect Roots) 64M(100%)->64M(100%) 0.002s
[2026-06-17T10:07:38.827+0800][2.135s][info][gc,phases   ] GC(77) O: Old Generation
[2026-06-17T10:07:38.828+0800][2.136s][info][gc,phases   ] GC(77) O: Concurrent Mark 0.996ms
[2026-06-17T10:07:38.829+0800][2.136s][info][gc,phases   ] GC(77) O: Pause Mark End 0.008ms
[2026-06-17T10:07:38.829+0800][2.136s][info][gc,phases   ] GC(77) O: Concurrent Mark Free 0.001ms
[2026-06-17T10:07:38.829+0800][2.136s][info][gc,ref      ] GC(77) O: Clearing All SoftReferences
[2026-06-17T10:07:38.829+0800][2.137s][info][gc,phases   ] GC(77) O: Concurrent Process Non-Strong 0.359ms
[2026-06-17T10:07:38.829+0800][2.137s][info][gc,phases   ] GC(77) O: Concurrent Reset Relocation Set 0.002ms
[2026-06-17T10:07:38.830+0800][2.137s][info][gc,phases   ] GC(77) O: Concurrent Select Relocation Set 0.043ms
[2026-06-17T10:07:38.830+0800][2.137s][info][gc,task     ] GC(77) O: Using 1 Workers for Old Generation
[2026-06-17T10:07:38.830+0800][2.137s][info][gc,task     ] GC(77) O: Using 1 Workers for Old Generation
[2026-06-17T10:07:38.830+0800][2.137s][info][gc,phases   ] GC(77) O: Concurrent Remap Roots 0.306ms
[2026-06-17T10:07:38.830+0800][2.137s][info][gc,phases   ] GC(77) O: Pause Relocate Start 0.005ms
[2026-06-17T10:07:38.830+0800][2.138s][info][gc,phases   ] GC(77) O: Concurrent Relocate 0.060ms
[2026-06-17T10:07:38.830+0800][2.138s][info][gc,alloc    ] GC(77) O:                         Mark Start        Mark End      Relocate Start    Relocate End   
[2026-06-17T10:07:38.830+0800][2.138s][info][gc,alloc    ] GC(77) O: Allocation Stalls:          1                1                1                1         
[2026-06-17T10:07:38.830+0800][2.138s][info][gc,load     ] GC(77) O: Load: 0.41 (2%) / 0.44 (2%) / 0.49 (2%)
[2026-06-17T10:07:38.830+0800][2.138s][info][gc,mmu      ] GC(77) O: MMU: 2ms/98.7%, 5ms/99.2%, 10ms/99.5%, 20ms/99.6%, 50ms/99.7%, 100ms/99.7%
[2026-06-17T10:07:38.831+0800][2.138s][info][gc,marking  ] GC(77) O: Mark: 1 stripe(s), 1 proactive flush(es), 1 terminate flush(es), 0 completion(s), 0 continuation(s) 
[2026-06-17T10:07:38.831+0800][2.138s][info][gc,nmethod  ] GC(77) O: NMethods: 69 registered, 6 unregistered
[2026-06-17T10:07:38.831+0800][2.138s][info][gc,metaspace] GC(77) O: Metaspace: 0M used, 0M committed, 1088M reserved
[2026-06-17T10:07:38.831+0800][2.138s][info][gc,ref      ] GC(77) O:                       Encountered   Discovered     Enqueued 
[2026-06-17T10:07:38.831+0800][2.138s][info][gc,ref      ] GC(77) O: Soft References:                0            0            0 
[2026-06-17T10:07:38.831+0800][2.138s][info][gc,ref      ] GC(77) O: Weak References:                6            0            0 
[2026-06-17T10:07:38.831+0800][2.138s][info][gc,ref      ] GC(77) O: Final References:               0            0            0 
[2026-06-17T10:07:38.831+0800][2.139s][info][gc,ref      ] GC(77) O: Phantom References:             1            1            0 
[2026-06-17T10:07:38.831+0800][2.139s][info][gc,reloc    ] GC(77) O:                        Candidates     Selected     In-Place         Size        Empty    Relocated 
[2026-06-17T10:07:38.831+0800][2.139s][info][gc,reloc    ] GC(77) O: Small Pages:                    2            0            0           4M           0M           0M 
[2026-06-17T10:07:38.831+0800][2.139s][info][gc,reloc    ] GC(77) O: Large Pages:                   30            0            0          60M           0M           0M 
[2026-06-17T10:07:38.832+0800][2.139s][info][gc,reloc    ] GC(77) O: Forwarding Usage: 0M
[2026-06-17T10:07:38.832+0800][2.139s][info][gc,heap     ] GC(77) O: Min Capacity: 64M(100%)
[2026-06-17T10:07:38.832+0800][2.139s][info][gc,heap     ] GC(77) O: Max Capacity: 64M(100%)
[2026-06-17T10:07:38.832+0800][2.139s][info][gc,heap     ] GC(77) O: Soft Max Capacity: 64M(100%)
[2026-06-17T10:07:38.832+0800][2.139s][info][gc,heap     ] GC(77) O: Heap Statistics:
[2026-06-17T10:07:38.832+0800][2.139s][info][gc,heap     ] GC(77) O:                Mark Start          Mark End        Relocate Start      Relocate End           High               Low         
[2026-06-17T10:07:38.832+0800][2.139s][info][gc,heap     ] GC(77) O:  Capacity:       64M (100%)         64M (100%)         64M (100%)         64M (100%)         64M (100%)         64M (100%)   
[2026-06-17T10:07:38.832+0800][2.139s][info][gc,heap     ] GC(77) O:      Free:        0M (0%)            0M (0%)            0M (0%)            0M (0%)            0M (0%)            0M (0%)     
[2026-06-17T10:07:38.832+0800][2.140s][info][gc,heap     ] GC(77) O:      Used:       64M (100%)         64M (100%)         64M (100%)         64M (100%)         64M (100%)         64M (100%)   
[2026-06-17T10:07:38.832+0800][2.140s][info][gc,heap     ] GC(77) O: Old Generation Statistics:
[2026-06-17T10:07:38.832+0800][2.140s][info][gc,heap     ] GC(77) O:                Mark Start          Mark End        Relocate Start      Relocate End    
[2026-06-17T10:07:38.832+0800][2.140s][info][gc,heap     ] GC(77) O:      Used:       64M (100%)         64M (100%)         64M (100%)         64M (100%)   
[2026-06-17T10:07:38.833+0800][2.140s][info][gc,heap     ] GC(77) O:      Live:         -                63M (99%)          63M (99%)          63M (99%)    
[2026-06-17T10:07:38.833+0800][2.140s][info][gc,heap     ] GC(77) O:   Garbage:         -                 0M (1%)            0M (1%)            0M (1%)     
[2026-06-17T10:07:38.833+0800][2.140s][info][gc,heap     ] GC(77) O: Allocated:         -                 0M (0%)            0M (0%)            0M (0%)     
[2026-06-17T10:07:38.833+0800][2.140s][info][gc,heap     ] GC(77) O: Reclaimed:         -                  -                 0M (0%)            0M (0%)     
[2026-06-17T10:07:38.833+0800][2.140s][info][gc,heap     ] GC(77) O: Compacted:         -                  -                  -                 0M (0%)     
[2026-06-17T10:07:38.833+0800][2.140s][info][gc,phases   ] GC(77) O: Old Generation 64M(100%)->64M(100%) 0.003s
[2026-06-17T10:07:38.833+0800][2.140s][info][gc          ] GC(77) Major Collection (Allocation Stall) 64M(100%)->64M(100%) 0.016s
[2026-06-17T10:07:38.833+0800][2.141s][info][gc          ] Allocation Stall (main) 25.429ms
[2026-06-17T10:07:38.833+0800][2.141s][info][gc          ] GC(78) Minor Collection (Allocation Stall)
[2026-06-17T10:07:38.833+0800][2.141s][info][gc,task     ] GC(78) Using 1 Workers for Young Generation
[2026-06-17T10:07:38.833+0800][2.141s][info][gc,phases   ] GC(78) y: Young Generation
[2026-06-17T10:07:38.834+0800][2.141s][info][gc,phases   ] GC(78) y: Pause Mark Start 0.006ms
[2026-06-17T10:07:38.834+0800][2.141s][info][gc,phases   ] GC(78) y: Concurrent Mark 0.417ms
[2026-06-17T10:07:38.834+0800][2.142s][info][gc,phases   ] GC(78) y: Pause Mark End 0.004ms
[2026-06-17T10:07:38.834+0800][2.142s][info][gc,phases   ] GC(78) y: Concurrent Mark Free 0.001ms
[2026-06-17T10:07:38.835+0800][2.142s][info][gc,phases   ] GC(78) y: Concurrent Reset Relocation Set 0.001ms
[2026-06-17T10:07:38.835+0800][2.142s][info][gc,reloc    ] GC(78) y: Using tenuring threshold: 0 (Computed)
[2026-06-17T10:07:38.835+0800][2.142s][info][gc,phases   ] GC(78) y: Concurrent Select Relocation Set 0.222ms
[2026-06-17T10:07:38.835+0800][2.142s][info][gc,phases   ] GC(78) y: Pause Relocate Start 0.004ms
[2026-06-17T10:07:38.835+0800][2.143s][info][gc,phases   ] GC(78) y: Concurrent Relocate 0.113ms
[2026-06-17T10:07:38.835+0800][2.143s][info][gc,alloc    ] GC(78) y:                         Mark Start        Mark End      Relocate Start    Relocate End   
[2026-06-17T10:07:38.836+0800][2.143s][info][gc,alloc    ] GC(78) y: Allocation Stalls:          1                1                1                1         
[2026-06-17T10:07:38.836+0800][2.143s][info][gc,load     ] GC(78) y: Load: 0.41 (2%) / 0.44 (2%) / 0.49 (2%)
[2026-06-17T10:07:38.836+0800][2.143s][info][gc,mmu      ] GC(78) y: MMU: 2ms/98.7%, 5ms/99.2%, 10ms/99.5%, 20ms/99.6%, 50ms/99.7%, 100ms/99.7%
[2026-06-17T10:07:38.836+0800][2.143s][info][gc,marking  ] GC(78) y: Mark: 1 stripe(s), 1 proactive flush(es), 1 terminate flush(es), 0 completion(s), 0 continuation(s) 
[2026-06-17T10:07:38.836+0800][2.143s][info][gc,nmethod  ] GC(78) y: NMethods: 69 registered, 6 unregistered
[2026-06-17T10:07:38.836+0800][2.143s][info][gc,metaspace] GC(78) y: Metaspace: 0M used, 0M committed, 1088M reserved
[2026-06-17T10:07:38.836+0800][2.143s][info][gc,heap     ] GC(78) y: Min Capacity: 64M(100%)
[2026-06-17T10:07:38.836+0800][2.144s][info][gc,heap     ] GC(78) y: Max Capacity: 64M(100%)
[2026-06-17T10:07:38.836+0800][2.144s][info][gc,heap     ] GC(78) y: Soft Max Capacity: 64M(100%)
[2026-06-17T10:07:38.836+0800][2.144s][info][gc,heap     ] GC(78) y: Heap Statistics:
[2026-06-17T10:07:38.836+0800][2.144s][info][gc,heap     ] GC(78) y:                Mark Start          Mark End        Relocate Start      Relocate End           High               Low         
[2026-06-17T10:07:38.836+0800][2.144s][info][gc,heap     ] GC(78) y:  Capacity:       64M (100%)         64M (100%)         64M (100%)         64M (100%)         64M (100%)         64M (100%)   
[2026-06-17T10:07:38.836+0800][2.144s][info][gc,heap     ] GC(78) y:      Free:        0M (0%)            0M (0%)            0M (0%)            0M (0%)            0M (0%)            0M (0%)     
[2026-06-17T10:07:38.837+0800][2.144s][info][gc,heap     ] GC(78) y:      Used:       64M (100%)         64M (100%)         64M (100%)         64M (100%)         64M (100%)         64M (100%)   
[2026-06-17T10:07:38.837+0800][2.144s][info][gc,heap     ] GC(78) y: Young Generation Statistics:
[2026-06-17T10:07:38.837+0800][2.144s][info][gc,heap     ] GC(78) y:                Mark Start          Mark End        Relocate Start      Relocate End    
[2026-06-17T10:07:38.837+0800][2.144s][info][gc,heap     ] GC(78) y:      Used:        0M (0%)            0M (0%)            0M (0%)            0M (0%)     
[2026-06-17T10:07:38.837+0800][2.144s][info][gc,heap     ] GC(78) y:      Live:         -                 0M (0%)            0M (0%)            0M (0%)     
[2026-06-17T10:07:38.837+0800][2.144s][info][gc,heap     ] GC(78) y:   Garbage:         -                 0M (0%)            0M (0%)            0M (0%)     
[2026-06-17T10:07:38.837+0800][2.144s][info][gc,heap     ] GC(78) y: Allocated:         -                 0M (0%)            0M (0%)            0M (0%)     
[2026-06-17T10:07:38.837+0800][2.145s][info][gc,heap     ] GC(78) y: Reclaimed:         -                  -                 0M (0%)            0M (0%)     
[2026-06-17T10:07:38.837+0800][2.145s][info][gc,heap     ] GC(78) y:  Promoted:         -                  -                 0M (0%)            0M (0%)     
[2026-06-17T10:07:38.837+0800][2.145s][info][gc,heap     ] GC(78) y: Compacted:         -                  -                  -                 0M (0%)     
[2026-06-17T10:07:38.837+0800][2.145s][info][gc,phases   ] GC(78) y: Young Generation 64M(100%)->64M(100%) 0.002s
[2026-06-17T10:07:38.838+0800][2.145s][info][gc          ] GC(78) Minor Collection (Allocation Stall) 64M(100%)->64M(100%) 0.004s
[2026-06-17T10:07:38.838+0800][2.145s][info][gc          ] GC(79) Major Collection (Allocation Stall)
[2026-06-17T10:07:38.838+0800][2.145s][info][gc,task     ] GC(79) Using 1 Workers for Young Generation
[2026-06-17T10:07:38.838+0800][2.145s][info][gc,task     ] GC(79) Using 1 Workers for Old Generation
[2026-06-17T10:07:38.838+0800][2.145s][info][gc,phases   ] GC(79) Y: Young Generation (Promote All)
[2026-06-17T10:07:38.838+0800][2.145s][info][gc,phases   ] GC(79) Y: Pause Mark Start 0.005ms
[2026-06-17T10:07:38.839+0800][2.146s][info][gc,phases   ] GC(79) Y: Concurrent Mark 0.457ms
[2026-06-17T10:07:38.839+0800][2.146s][info][gc,phases   ] GC(79) Y: Pause Mark End 0.004ms
[2026-06-17T10:07:38.839+0800][2.146s][info][gc,phases   ] GC(79) Y: Concurrent Mark Free 0.000ms
[2026-06-17T10:07:38.839+0800][2.146s][info][gc,phases   ] GC(79) Y: Concurrent Reset Relocation Set 0.000ms
[2026-06-17T10:07:38.839+0800][2.146s][info][gc,reloc    ] GC(79) Y: Using tenuring threshold: 0 (Promote All)
[2026-06-17T10:07:38.839+0800][2.147s][info][gc,phases   ] GC(79) Y: Concurrent Select Relocation Set 0.299ms
[2026-06-17T10:07:38.839+0800][2.147s][info][gc,phases   ] GC(79) Y: Pause Relocate Start 0.004ms
[2026-06-17T10:07:38.840+0800][2.147s][info][gc,phases   ] GC(79) Y: Concurrent Relocate 0.112ms
[2026-06-17T10:07:38.840+0800][2.147s][info][gc,alloc    ] GC(79) Y:                         Mark Start        Mark End      Relocate Start    Relocate End   
[2026-06-17T10:07:38.840+0800][2.147s][info][gc,alloc    ] GC(79) Y: Allocation Stalls:          1                1                1                1         
[2026-06-17T10:07:38.840+0800][2.147s][info][gc,load     ] GC(79) Y: Load: 0.41 (2%) / 0.44 (2%) / 0.49 (2%)
[2026-06-17T10:07:38.840+0800][2.148s][info][gc,mmu      ] GC(79) Y: MMU: 2ms/98.7%, 5ms/99.2%, 10ms/99.5%, 20ms/99.6%, 50ms/99.7%, 100ms/99.7%
[2026-06-17T10:07:38.840+0800][2.148s][info][gc,marking  ] GC(79) Y: Mark: 1 stripe(s), 1 proactive flush(es), 1 terminate flush(es), 0 completion(s), 0 continuation(s) 
[2026-06-17T10:07:38.840+0800][2.148s][info][gc,nmethod  ] GC(79) Y: NMethods: 69 registered, 6 unregistered
[2026-06-17T10:07:38.841+0800][2.148s][info][gc,metaspace] GC(79) Y: Metaspace: 0M used, 0M committed, 1088M reserved
[2026-06-17T10:07:38.841+0800][2.148s][info][gc,heap     ] GC(79) Y: Min Capacity: 64M(100%)
[2026-06-17T10:07:38.841+0800][2.148s][info][gc,heap     ] GC(79) Y: Max Capacity: 64M(100%)
[2026-06-17T10:07:38.841+0800][2.148s][info][gc,heap     ] GC(79) Y: Soft Max Capacity: 64M(100%)
[2026-06-17T10:07:38.841+0800][2.148s][info][gc,heap     ] GC(79) Y: Heap Statistics:
[2026-06-17T10:07:38.841+0800][2.148s][info][gc,heap     ] GC(79) Y:                Mark Start          Mark End        Relocate Start      Relocate End           High               Low         
[2026-06-17T10:07:38.841+0800][2.148s][info][gc,heap     ] GC(79) Y:  Capacity:       64M (100%)         64M (100%)         64M (100%)         64M (100%)         64M (100%)         64M (100%)   
[2026-06-17T10:07:38.841+0800][2.149s][info][gc,heap     ] GC(79) Y:      Free:        0M (0%)            0M (0%)            0M (0%)            0M (0%)            0M (0%)            0M (0%)     
[2026-06-17T10:07:38.841+0800][2.149s][info][gc,heap     ] GC(79) Y:      Used:       64M (100%)         64M (100%)         64M (100%)         64M (100%)         64M (100%)         64M (100%)   
[2026-06-17T10:07:38.841+0800][2.149s][info][gc,heap     ] GC(79) Y: Young Generation Statistics:
[2026-06-17T10:07:38.841+0800][2.149s][info][gc,heap     ] GC(79) Y:                Mark Start          Mark End        Relocate Start      Relocate End    
[2026-06-17T10:07:38.841+0800][2.149s][info][gc,heap     ] GC(79) Y:      Used:        0M (0%)            0M (0%)            0M (0%)            0M (0%)     
[2026-06-17T10:07:38.842+0800][2.149s][info][gc,heap     ] GC(79) Y:      Live:         -                 0M (0%)            0M (0%)            0M (0%)     
[2026-06-17T10:07:38.842+0800][2.149s][info][gc,heap     ] GC(79) Y:   Garbage:         -                 0M (0%)            0M (0%)            0M (0%)     
[2026-06-17T10:07:38.842+0800][2.149s][info][gc,heap     ] GC(79) Y: Allocated:         -                 0M (0%)            0M (0%)            0M (0%)     
[2026-06-17T10:07:38.842+0800][2.149s][info][gc,heap     ] GC(79) Y: Reclaimed:         -                  -                 0M (0%)            0M (0%)     
[2026-06-17T10:07:38.842+0800][2.149s][info][gc,heap     ] GC(79) Y:  Promoted:         -                  -                 0M (0%)            0M (0%)     
[2026-06-17T10:07:38.842+0800][2.149s][info][gc,heap     ] GC(79) Y: Compacted:         -                  -                  -                 0M (0%)     
[2026-06-17T10:07:38.842+0800][2.149s][info][gc,phases   ] GC(79) Y: Young Generation (Promote All) 64M(100%)->64M(100%) 0.002s
[2026-06-17T10:07:38.842+0800][2.150s][info][gc,phases   ] GC(79) Y: Young Generation (Collect Roots)
[2026-06-17T10:07:38.842+0800][2.150s][info][gc,phases   ] GC(79) Y: Pause Mark Start (Major) 0.007ms
[2026-06-17T10:07:38.843+0800][2.150s][info][gc,phases   ] GC(79) Y: Concurrent Mark 0.385ms
[2026-06-17T10:07:38.843+0800][2.150s][info][gc,phases   ] GC(79) Y: Pause Mark End 0.004ms
[2026-06-17T10:07:38.843+0800][2.150s][info][gc,phases   ] GC(79) Y: Concurrent Mark Free 0.000ms
[2026-06-17T10:07:38.843+0800][2.150s][info][gc,phases   ] GC(79) Y: Concurrent Reset Relocation Set 0.000ms
[2026-06-17T10:07:38.843+0800][2.151s][info][gc,reloc    ] GC(79) Y: Using tenuring threshold: 0 (Computed)
[2026-06-17T10:07:38.843+0800][2.151s][info][gc,phases   ] GC(79) Y: Concurrent Select Relocation Set 0.272ms
[2026-06-17T10:07:38.844+0800][2.151s][info][gc,phases   ] GC(79) Y: Pause Relocate Start 0.004ms
[2026-06-17T10:07:38.844+0800][2.151s][info][gc,phases   ] GC(79) Y: Concurrent Relocate 0.095ms
[2026-06-17T10:07:38.844+0800][2.152s][info][gc,alloc    ] GC(79) Y:                         Mark Start        Mark End      Relocate Start    Relocate End   
[2026-06-17T10:07:38.844+0800][2.152s][info][gc,alloc    ] GC(79) Y: Allocation Stalls:          1                1                1                1         
[2026-06-17T10:07:38.844+0800][2.152s][info][gc,load     ] GC(79) Y: Load: 0.41 (2%) / 0.44 (2%) / 0.49 (2%)
[2026-06-17T10:07:38.844+0800][2.152s][info][gc,mmu      ] GC(79) Y: MMU: 2ms/98.7%, 5ms/99.2%, 10ms/99.5%, 20ms/99.6%, 50ms/99.7%, 100ms/99.7%
[2026-06-17T10:07:38.844+0800][2.152s][info][gc,marking  ] GC(79) Y: Mark: 1 stripe(s), 1 proactive flush(es), 1 terminate flush(es), 0 completion(s), 0 continuation(s) 
[2026-06-17T10:07:38.845+0800][2.152s][info][gc,nmethod  ] GC(79) Y: NMethods: 69 registered, 6 unregistered
[2026-06-17T10:07:38.845+0800][2.152s][info][gc,metaspace] GC(79) Y: Metaspace: 0M used, 0M committed, 1088M reserved
[2026-06-17T10:07:38.845+0800][2.152s][info][gc,heap     ] GC(79) Y: Min Capacity: 64M(100%)
[2026-06-17T10:07:38.845+0800][2.152s][info][gc,heap     ] GC(79) Y: Max Capacity: 64M(100%)
[2026-06-17T10:07:38.845+0800][2.152s][info][gc,heap     ] GC(79) Y: Soft Max Capacity: 64M(100%)
[2026-06-17T10:07:38.845+0800][2.152s][info][gc,heap     ] GC(79) Y: Heap Statistics:
[2026-06-17T10:07:38.845+0800][2.152s][info][gc,heap     ] GC(79) Y:                Mark Start          Mark End        Relocate Start      Relocate End           High               Low         
[2026-06-17T10:07:38.845+0800][2.153s][info][gc,heap     ] GC(79) Y:  Capacity:       64M (100%)         64M (100%)         64M (100%)         64M (100%)         64M (100%)         64M (100%)   
[2026-06-17T10:07:38.845+0800][2.153s][info][gc,heap     ] GC(79) Y:      Free:        0M (0%)            0M (0%)            0M (0%)            0M (0%)            0M (0%)            0M (0%)     
[2026-06-17T10:07:38.845+0800][2.153s][info][gc,heap     ] GC(79) Y:      Used:       64M (100%)         64M (100%)         64M (100%)         64M (100%)         64M (100%)         64M (100%)   
[2026-06-17T10:07:38.845+0800][2.153s][info][gc,heap     ] GC(79) Y: Young Generation Statistics:
[2026-06-17T10:07:38.846+0800][2.153s][info][gc,heap     ] GC(79) Y:                Mark Start          Mark End        Relocate Start      Relocate End    
[2026-06-17T10:07:38.846+0800][2.153s][info][gc,heap     ] GC(79) Y:      Used:        0M (0%)            0M (0%)            0M (0%)            0M (0%)     
[2026-06-17T10:07:38.846+0800][2.153s][info][gc,heap     ] GC(79) Y:      Live:         -                 0M (0%)            0M (0%)            0M (0%)     
[2026-06-17T10:07:38.846+0800][2.153s][info][gc,heap     ] GC(79) Y:   Garbage:         -                 0M (0%)            0M (0%)            0M (0%)     
[2026-06-17T10:07:38.846+0800][2.153s][info][gc,heap     ] GC(79) Y: Allocated:         -                 0M (0%)            0M (0%)            0M (0%)     
[2026-06-17T10:07:38.846+0800][2.153s][info][gc,heap     ] GC(79) Y: Reclaimed:         -                  -                 0M (0%)            0M (0%)     
[2026-06-17T10:07:38.846+0800][2.153s][info][gc,heap     ] GC(79) Y:  Promoted:         -                  -                 0M (0%)            0M (0%)     
[2026-06-17T10:07:38.846+0800][2.153s][info][gc,heap     ] GC(79) Y: Compacted:         -                  -                  -                 0M (0%)     
[2026-06-17T10:07:38.846+0800][2.154s][info][gc,phases   ] GC(79) Y: Young Generation (Collect Roots) 64M(100%)->64M(100%) 0.002s
[2026-06-17T10:07:38.846+0800][2.154s][info][gc,phases   ] GC(79) O: Old Generation
[2026-06-17T10:07:38.847+0800][2.155s][info][gc,phases   ] GC(79) O: Concurrent Mark 0.920ms
[2026-06-17T10:07:38.847+0800][2.155s][info][gc,phases   ] GC(79) O: Pause Mark End 0.006ms
[2026-06-17T10:07:38.848+0800][2.155s][info][gc,phases   ] GC(79) O: Concurrent Mark Free 0.001ms
[2026-06-17T10:07:38.848+0800][2.155s][info][gc,ref      ] GC(79) O: Clearing All SoftReferences
[2026-06-17T10:07:38.848+0800][2.156s][info][gc,phases   ] GC(79) O: Concurrent Process Non-Strong 0.461ms
[2026-06-17T10:07:38.848+0800][2.156s][info][gc,phases   ] GC(79) O: Concurrent Reset Relocation Set 0.001ms
[2026-06-17T10:07:38.848+0800][2.156s][info][gc,phases   ] GC(79) O: Concurrent Select Relocation Set 0.037ms
[2026-06-17T10:07:38.848+0800][2.156s][info][gc,task     ] GC(79) O: Using 1 Workers for Old Generation
[2026-06-17T10:07:38.849+0800][2.156s][info][gc,task     ] GC(79) O: Using 1 Workers for Old Generation
[2026-06-17T10:07:38.849+0800][2.156s][info][gc,phases   ] GC(79) O: Concurrent Remap Roots 0.411ms
[2026-06-17T10:07:38.849+0800][2.156s][info][gc,phases   ] GC(79) O: Pause Relocate Start 0.004ms
[2026-06-17T10:07:38.849+0800][2.157s][info][gc,phases   ] GC(79) O: Concurrent Relocate 0.055ms
[2026-06-17T10:07:38.849+0800][2.157s][info][gc,alloc    ] GC(79) O:                         Mark Start        Mark End      Relocate Start    Relocate End   
[2026-06-17T10:07:38.849+0800][2.157s][info][gc,alloc    ] GC(79) O: Allocation Stalls:          1                1                1                1         
[2026-06-17T10:07:38.850+0800][2.157s][info][gc,load     ] GC(79) O: Load: 0.41 (2%) / 0.44 (2%) / 0.49 (2%)
[2026-06-17T10:07:38.850+0800][2.157s][info][gc,mmu      ] GC(79) O: MMU: 2ms/98.7%, 5ms/99.2%, 10ms/99.5%, 20ms/99.6%, 50ms/99.7%, 100ms/99.7%
[2026-06-17T10:07:38.850+0800][2.157s][info][gc,marking  ] GC(79) O: Mark: 1 stripe(s), 1 proactive flush(es), 1 terminate flush(es), 0 completion(s), 0 continuation(s) 
[2026-06-17T10:07:38.850+0800][2.157s][info][gc,nmethod  ] GC(79) O: NMethods: 69 registered, 6 unregistered
[2026-06-17T10:07:38.850+0800][2.157s][info][gc,metaspace] GC(79) O: Metaspace: 0M used, 0M committed, 1088M reserved
[2026-06-17T10:07:38.850+0800][2.157s][info][gc,ref      ] GC(79) O:                       Encountered   Discovered     Enqueued 
[2026-06-17T10:07:38.850+0800][2.158s][info][gc,ref      ] GC(79) O: Soft References:                0            0            0 
[2026-06-17T10:07:38.850+0800][2.158s][info][gc,ref      ] GC(79) O: Weak References:                6            0            0 
[2026-06-17T10:07:38.850+0800][2.158s][info][gc,ref      ] GC(79) O: Final References:               0            0            0 
[2026-06-17T10:07:38.851+0800][2.158s][info][gc,ref      ] GC(79) O: Phantom References:             1            1            0 
[2026-06-17T10:07:38.851+0800][2.158s][info][gc,reloc    ] GC(79) O:                        Candidates     Selected     In-Place         Size        Empty    Relocated 
[2026-06-17T10:07:38.851+0800][2.158s][info][gc,reloc    ] GC(79) O: Small Pages:                    2            0            0           4M           0M           0M 
[2026-06-17T10:07:38.851+0800][2.158s][info][gc,reloc    ] GC(79) O: Large Pages:                   30            0            0          60M           0M           0M 
[2026-06-17T10:07:38.851+0800][2.158s][info][gc,reloc    ] GC(79) O: Forwarding Usage: 0M
[2026-06-17T10:07:38.851+0800][2.158s][info][gc,heap     ] GC(79) O: Min Capacity: 64M(100%)
[2026-06-17T10:07:38.851+0800][2.158s][info][gc,heap     ] GC(79) O: Max Capacity: 64M(100%)
[2026-06-17T10:07:38.851+0800][2.159s][info][gc,heap     ] GC(79) O: Soft Max Capacity: 64M(100%)
[2026-06-17T10:07:38.851+0800][2.159s][info][gc,heap     ] GC(79) O: Heap Statistics:
[2026-06-17T10:07:38.851+0800][2.159s][info][gc,heap     ] GC(79) O:                Mark Start          Mark End        Relocate Start      Relocate End           High               Low         
[2026-06-17T10:07:38.851+0800][2.159s][info][gc,heap     ] GC(79) O:  Capacity:       64M (100%)         64M (100%)         64M (100%)         64M (100%)         64M (100%)         64M (100%)   
[2026-06-17T10:07:38.852+0800][2.159s][info][gc,heap     ] GC(79) O:      Free:        0M (0%)            0M (0%)            0M (0%)            0M (0%)            0M (0%)            0M (0%)     
[2026-06-17T10:07:38.852+0800][2.159s][info][gc,heap     ] GC(79) O:      Used:       64M (100%)         64M (100%)         64M (100%)         64M (100%)         64M (100%)         64M (100%)   
[2026-06-17T10:07:38.852+0800][2.159s][info][gc,heap     ] GC(79) O: Old Generation Statistics:
[2026-06-17T10:07:38.852+0800][2.159s][info][gc,heap     ] GC(79) O:                Mark Start          Mark End        Relocate Start      Relocate End    
[2026-06-17T10:07:38.852+0800][2.159s][info][gc,heap     ] GC(79) O:      Used:       64M (100%)         64M (100%)         64M (100%)         64M (100%)   
[2026-06-17T10:07:38.852+0800][2.160s][info][gc,heap     ] GC(79) O:      Live:         -                63M (99%)          63M (99%)          63M (99%)    
[2026-06-17T10:07:38.852+0800][2.160s][info][gc,heap     ] GC(79) O:   Garbage:         -                 0M (1%)            0M (1%)            0M (1%)     
[2026-06-17T10:07:38.852+0800][2.160s][info][gc,heap     ] GC(79) O: Allocated:         -                 0M (0%)            0M (0%)            0M (0%)     
[2026-06-17T10:07:38.852+0800][2.160s][info][gc,heap     ] GC(79) O: Reclaimed:         -                  -                 0M (0%)            0M (0%)     
[2026-06-17T10:07:38.853+0800][2.160s][info][gc,heap     ] GC(79) O: Compacted:         -                  -                  -                 0M (0%)     
[2026-06-17T10:07:38.853+0800][2.160s][info][gc,phases   ] GC(79) O: Old Generation 64M(100%)->64M(100%) 0.003s
[2026-06-17T10:07:38.853+0800][2.160s][info][gc          ] GC(79) Major Collection (Allocation Stall) 64M(100%)->64M(100%) 0.015s
[2026-06-17T10:07:38.853+0800][2.160s][info][gc          ] Allocation Stall (main) 19.504ms
[2026-06-17T10:07:38.853+0800][2.160s][info][gc          ] Out Of Memory (main)
[2026-06-17T10:07:38.853+0800][2.161s][info][gc          ] GC(80) Minor Collection (Allocation Stall)
[2026-06-17T10:07:38.853+0800][2.161s][info][gc,task     ] GC(80) Using 1 Workers for Young Generation
[2026-06-17T10:07:38.853+0800][2.161s][info][gc,phases   ] GC(80) y: Young Generation
[2026-06-17T10:07:38.853+0800][2.161s][info][gc,phases   ] GC(80) y: Pause Mark Start 0.007ms
[2026-06-17T10:07:38.854+0800][2.161s][info][gc,phases   ] GC(80) y: Concurrent Mark 0.343ms
[2026-06-17T10:07:38.854+0800][2.161s][info][gc,phases   ] GC(80) y: Pause Mark End 0.004ms
[2026-06-17T10:07:38.854+0800][2.162s][info][gc,phases   ] GC(80) y: Concurrent Mark Free 0.000ms
[2026-06-17T10:07:38.854+0800][2.162s][info][gc,phases   ] GC(80) y: Concurrent Reset Relocation Set 0.000ms
[2026-06-17T10:07:38.854+0800][2.162s][info][gc,reloc    ] GC(80) y: Using tenuring threshold: 0 (Computed)
[2026-06-17T10:07:38.854+0800][2.162s][info][gc,phases   ] GC(80) y: Concurrent Select Relocation Set 0.205ms
[2026-06-17T10:07:38.855+0800][2.162s][info][gc,phases   ] GC(80) y: Pause Relocate Start 0.004ms
[2026-06-17T10:07:38.855+0800][2.162s][info][gc,phases   ] GC(80) y: Concurrent Relocate 0.085ms
[2026-06-17T10:07:38.855+0800][2.162s][info][gc,alloc    ] GC(80) y:                         Mark Start        Mark End      Relocate Start    Relocate End   
[2026-06-17T10:07:38.855+0800][2.162s][info][gc,alloc    ] GC(80) y: Allocation Stalls:          1                1                1                1         
[2026-06-17T10:07:38.855+0800][2.162s][info][gc,load     ] GC(80) y: Load: 0.41 (2%) / 0.44 (2%) / 0.49 (2%)
[2026-06-17T10:07:38.855+0800][2.163s][info][gc,mmu      ] GC(80) y: MMU: 2ms/98.7%, 5ms/99.2%, 10ms/99.5%, 20ms/99.6%, 50ms/99.7%, 100ms/99.7%
[2026-06-17T10:07:38.855+0800][2.163s][info][gc,marking  ] GC(80) y: Mark: 1 stripe(s), 1 proactive flush(es), 1 terminate flush(es), 0 completion(s), 0 continuation(s) 
[2026-06-17T10:07:38.855+0800][2.163s][info][gc,nmethod  ] GC(80) y: NMethods: 69 registered, 6 unregistered
[2026-06-17T10:07:38.855+0800][2.163s][info][gc,metaspace] GC(80) y: Metaspace: 0M used, 0M committed, 1088M reserved
[2026-06-17T10:07:38.855+0800][2.163s][info][gc,heap     ] GC(80) y: Min Capacity: 64M(100%)
[2026-06-17T10:07:38.856+0800][2.163s][info][gc,heap     ] GC(80) y: Max Capacity: 64M(100%)
[2026-06-17T10:07:38.856+0800][2.163s][info][gc,heap     ] GC(80) y: Soft Max Capacity: 64M(100%)
[2026-06-17T10:07:38.856+0800][2.163s][info][gc,heap     ] GC(80) y: Heap Statistics:
[2026-06-17T10:07:38.856+0800][2.163s][info][gc,heap     ] GC(80) y:                Mark Start          Mark End        Relocate Start      Relocate End           High               Low         
[2026-06-17T10:07:38.856+0800][2.163s][info][gc,heap     ] GC(80) y:  Capacity:       64M (100%)         64M (100%)         64M (100%)         64M (100%)         64M (100%)         64M (100%)   
[2026-06-17T10:07:38.856+0800][2.164s][info][gc,heap     ] GC(80) y:      Free:        0M (0%)            0M (0%)            0M (0%)            0M (0%)            0M (0%)            0M (0%)     
[2026-06-17T10:07:38.856+0800][2.164s][info][gc,heap     ] GC(80) y:      Used:       64M (100%)         64M (100%)         64M (100%)         64M (100%)         64M (100%)         64M (100%)   
[2026-06-17T10:07:38.856+0800][2.164s][info][gc,heap     ] GC(80) y: Young Generation Statistics:
[2026-06-17T10:07:38.856+0800][2.164s][info][gc,heap     ] GC(80) y:                Mark Start          Mark End        Relocate Start      Relocate End    
[2026-06-17T10:07:38.856+0800][2.164s][info][gc,heap     ] GC(80) y:      Used:        0M (0%)            0M (0%)            0M (0%)            0M (0%)     
[2026-06-17T10:07:38.857+0800][2.164s][info][gc,heap     ] GC(80) y:      Live:         -                 0M (0%)            0M (0%)            0M (0%)     
[2026-06-17T10:07:38.857+0800][2.164s][info][gc,heap     ] GC(80) y:   Garbage:         -                 0M (0%)            0M (0%)            0M (0%)     
[2026-06-17T10:07:38.857+0800][2.164s][info][gc,heap     ] GC(80) y: Allocated:         -                 0M (0%)            0M (0%)            0M (0%)     
[2026-06-17T10:07:38.857+0800][2.164s][info][gc,heap     ] GC(80) y: Reclaimed:         -                  -                 0M (0%)            0M (0%)     
[2026-06-17T10:07:38.857+0800][2.164s][info][gc,heap     ] GC(80) y:  Promoted:         -                  -                 0M (0%)            0M (0%)     
[2026-06-17T10:07:38.857+0800][2.164s][info][gc,heap     ] GC(80) y: Compacted:         -                  -                  -                 0M (0%)     
[2026-06-17T10:07:38.857+0800][2.164s][info][gc,phases   ] GC(80) y: Young Generation 64M(100%)->64M(100%) 0.002s
[2026-06-17T10:07:38.857+0800][2.165s][info][gc          ] GC(80) Minor Collection (Allocation Stall) 64M(100%)->64M(100%) 0.004s
[2026-06-17T10:07:38.857+0800][2.165s][info][gc          ] GC(81) Major Collection (Allocation Stall)
[2026-06-17T10:07:38.857+0800][2.165s][info][gc,task     ] GC(81) Using 1 Workers for Young Generation
[2026-06-17T10:07:38.858+0800][2.165s][info][gc,task     ] GC(81) Using 1 Workers for Old Generation
[2026-06-17T10:07:38.858+0800][2.165s][info][gc,phases   ] GC(81) Y: Young Generation (Promote All)
[2026-06-17T10:07:38.858+0800][2.165s][info][gc,phases   ] GC(81) Y: Pause Mark Start 0.005ms
[2026-06-17T10:07:38.859+0800][2.166s][info][gc,phases   ] GC(81) Y: Concurrent Mark 0.481ms
[2026-06-17T10:07:38.859+0800][2.166s][info][gc,phases   ] GC(81) Y: Pause Mark End 0.004ms
[2026-06-17T10:07:38.859+0800][2.166s][info][gc,phases   ] GC(81) Y: Concurrent Mark Free 0.000ms
[2026-06-17T10:07:38.859+0800][2.166s][info][gc,phases   ] GC(81) Y: Concurrent Reset Relocation Set 0.000ms
[2026-06-17T10:07:38.859+0800][2.166s][info][gc,reloc    ] GC(81) Y: Using tenuring threshold: 0 (Promote All)
[2026-06-17T10:07:38.859+0800][2.167s][info][gc,phases   ] GC(81) Y: Concurrent Select Relocation Set 0.196ms
[2026-06-17T10:07:38.859+0800][2.167s][info][gc,phases   ] GC(81) Y: Pause Relocate Start 0.004ms
[2026-06-17T10:07:38.860+0800][2.167s][info][gc,phases   ] GC(81) Y: Concurrent Relocate 0.084ms
[2026-06-17T10:07:38.860+0800][2.167s][info][gc,alloc    ] GC(81) Y:                         Mark Start        Mark End      Relocate Start    Relocate End   
[2026-06-17T10:07:38.860+0800][2.167s][info][gc,alloc    ] GC(81) Y: Allocation Stalls:          1                1                1                1         
[2026-06-17T10:07:38.860+0800][2.167s][info][gc,load     ] GC(81) Y: Load: 0.41 (2%) / 0.44 (2%) / 0.49 (2%)
[2026-06-17T10:07:38.860+0800][2.168s][info][gc,mmu      ] GC(81) Y: MMU: 2ms/98.7%, 5ms/99.2%, 10ms/99.5%, 20ms/99.6%, 50ms/99.7%, 100ms/99.7%
[2026-06-17T10:07:38.861+0800][2.168s][info][gc,marking  ] GC(81) Y: Mark: 1 stripe(s), 1 proactive flush(es), 1 terminate flush(es), 0 completion(s), 0 continuation(s) 
[2026-06-17T10:07:38.861+0800][2.168s][info][gc,nmethod  ] GC(81) Y: NMethods: 69 registered, 6 unregistered
[2026-06-17T10:07:38.861+0800][2.168s][info][gc,metaspace] GC(81) Y: Metaspace: 0M used, 0M committed, 1088M reserved
[2026-06-17T10:07:38.861+0800][2.168s][info][gc,heap     ] GC(81) Y: Min Capacity: 64M(100%)
[2026-06-17T10:07:38.861+0800][2.168s][info][gc,heap     ] GC(81) Y: Max Capacity: 64M(100%)
[2026-06-17T10:07:38.861+0800][2.168s][info][gc,heap     ] GC(81) Y: Soft Max Capacity: 64M(100%)
[2026-06-17T10:07:38.861+0800][2.169s][info][gc,heap     ] GC(81) Y: Heap Statistics:
[2026-06-17T10:07:38.861+0800][2.169s][info][gc,heap     ] GC(81) Y:                Mark Start          Mark End        Relocate Start      Relocate End           High               Low         
[2026-06-17T10:07:38.862+0800][2.170s][info][gc,heap     ] GC(81) Y:  Capacity:       64M (100%)         64M (100%)         64M (100%)         64M (100%)         64M (100%)         64M (100%)   
[2026-06-17T10:07:38.862+0800][2.170s][info][gc,heap     ] GC(81) Y:      Free:        0M (0%)            0M (0%)            0M (0%)            0M (0%)            0M (0%)            0M (0%)     
[2026-06-17T10:07:38.862+0800][2.170s][info][gc,heap     ] GC(81) Y:      Used:       64M (100%)         64M (100%)         64M (100%)         64M (100%)         64M (100%)         64M (100%)   
[2026-06-17T10:07:38.862+0800][2.170s][info][gc,heap     ] GC(81) Y: Young Generation Statistics:
[2026-06-17T10:07:38.862+0800][2.170s][info][gc,heap     ] GC(81) Y:                Mark Start          Mark End        Relocate Start      Relocate End    
[2026-06-17T10:07:38.863+0800][2.170s][info][gc,heap     ] GC(81) Y:      Used:        0M (0%)            0M (0%)            0M (0%)            0M (0%)     
[2026-06-17T10:07:38.863+0800][2.170s][info][gc,heap     ] GC(81) Y:      Live:         -                 0M (0%)            0M (0%)            0M (0%)     
[2026-06-17T10:07:38.863+0800][2.170s][info][gc,heap     ] GC(81) Y:   Garbage:         -                 0M (0%)            0M (0%)            0M (0%)     
[2026-06-17T10:07:38.863+0800][2.170s][info][gc,heap     ] GC(81) Y: Allocated:         -                 0M (0%)            0M (0%)            0M (0%)     
[2026-06-17T10:07:38.863+0800][2.170s][info][gc,heap     ] GC(81) Y: Reclaimed:         -                  -                 0M (0%)            0M (0%)     
[2026-06-17T10:07:38.863+0800][2.171s][info][gc,heap     ] GC(81) Y:  Promoted:         -                  -                 0M (0%)            0M (0%)     
[2026-06-17T10:07:38.863+0800][2.171s][info][gc,heap     ] GC(81) Y: Compacted:         -                  -                  -                 0M (0%)     
[2026-06-17T10:07:38.863+0800][2.171s][info][gc,phases   ] GC(81) Y: Young Generation (Promote All) 64M(100%)->64M(100%) 0.002s
[2026-06-17T10:07:38.863+0800][2.171s][info][gc,phases   ] GC(81) Y: Young Generation (Collect Roots)
[2026-06-17T10:07:38.863+0800][2.171s][info][gc,phases   ] GC(81) Y: Pause Mark Start (Major) 0.008ms
[2026-06-17T10:07:38.864+0800][2.171s][info][gc,phases   ] GC(81) Y: Concurrent Mark 0.404ms
[2026-06-17T10:07:38.864+0800][2.172s][info][gc,phases   ] GC(81) Y: Pause Mark End 0.005ms
[2026-06-17T10:07:38.865+0800][2.172s][info][gc,phases   ] GC(81) Y: Concurrent Mark Free 0.001ms
[2026-06-17T10:07:38.865+0800][2.172s][info][gc,phases   ] GC(81) Y: Concurrent Reset Relocation Set 0.000ms
[2026-06-17T10:07:38.865+0800][2.172s][info][gc,reloc    ] GC(81) Y: Using tenuring threshold: 0 (Computed)
[2026-06-17T10:07:38.865+0800][2.173s][info][gc,phases   ] GC(81) Y: Concurrent Select Relocation Set 0.503ms
[2026-06-17T10:07:38.866+0800][2.173s][info][gc,phases   ] GC(81) Y: Pause Relocate Start 0.004ms
[2026-06-17T10:07:38.866+0800][2.173s][info][gc,phases   ] GC(81) Y: Concurrent Relocate 0.082ms
[2026-06-17T10:07:38.866+0800][2.173s][info][gc,alloc    ] GC(81) Y:                         Mark Start        Mark End      Relocate Start    Relocate End   
[2026-06-17T10:07:38.866+0800][2.173s][info][gc,alloc    ] GC(81) Y: Allocation Stalls:          1                1                1                1         
[2026-06-17T10:07:38.866+0800][2.173s][info][gc,load     ] GC(81) Y: Load: 0.41 (2%) / 0.44 (2%) / 0.49 (2%)
[2026-06-17T10:07:38.866+0800][2.173s][info][gc,mmu      ] GC(81) Y: MMU: 2ms/98.7%, 5ms/99.2%, 10ms/99.5%, 20ms/99.6%, 50ms/99.7%, 100ms/99.7%
[2026-06-17T10:07:38.866+0800][2.174s][info][gc,marking  ] GC(81) Y: Mark: 1 stripe(s), 1 proactive flush(es), 1 terminate flush(es), 0 completion(s), 0 continuation(s) 
[2026-06-17T10:07:38.866+0800][2.174s][info][gc,nmethod  ] GC(81) Y: NMethods: 69 registered, 6 unregistered
[2026-06-17T10:07:38.866+0800][2.174s][info][gc,metaspace] GC(81) Y: Metaspace: 0M used, 0M committed, 1088M reserved
[2026-06-17T10:07:38.866+0800][2.174s][info][gc,heap     ] GC(81) Y: Min Capacity: 64M(100%)
[2026-06-17T10:07:38.866+0800][2.174s][info][gc,heap     ] GC(81) Y: Max Capacity: 64M(100%)
[2026-06-17T10:07:38.867+0800][2.174s][info][gc,heap     ] GC(81) Y: Soft Max Capacity: 64M(100%)
[2026-06-17T10:07:38.867+0800][2.174s][info][gc,heap     ] GC(81) Y: Heap Statistics:
[2026-06-17T10:07:38.867+0800][2.174s][info][gc,heap     ] GC(81) Y:                Mark Start          Mark End        Relocate Start      Relocate End           High               Low         
[2026-06-17T10:07:38.867+0800][2.174s][info][gc,heap     ] GC(81) Y:  Capacity:       64M (100%)         64M (100%)         64M (100%)         64M (100%)         64M (100%)         64M (100%)   
[2026-06-17T10:07:38.867+0800][2.174s][info][gc,heap     ] GC(81) Y:      Free:        0M (0%)            0M (0%)            0M (0%)            0M (0%)            0M (0%)            0M (0%)     
[2026-06-17T10:07:38.867+0800][2.174s][info][gc,heap     ] GC(81) Y:      Used:       64M (100%)         64M (100%)         64M (100%)         64M (100%)         64M (100%)         64M (100%)   
[2026-06-17T10:07:38.867+0800][2.174s][info][gc,heap     ] GC(81) Y: Young Generation Statistics:
[2026-06-17T10:07:38.867+0800][2.174s][info][gc,heap     ] GC(81) Y:                Mark Start          Mark End        Relocate Start      Relocate End    
[2026-06-17T10:07:38.867+0800][2.175s][info][gc,heap     ] GC(81) Y:      Used:        0M (0%)            0M (0%)            0M (0%)            0M (0%)     
[2026-06-17T10:07:38.867+0800][2.175s][info][gc,heap     ] GC(81) Y:      Live:         -                 0M (0%)            0M (0%)            0M (0%)     
[2026-06-17T10:07:38.867+0800][2.175s][info][gc,heap     ] GC(81) Y:   Garbage:         -                 0M (0%)            0M (0%)            0M (0%)     
[2026-06-17T10:07:38.867+0800][2.175s][info][gc,heap     ] GC(81) Y: Allocated:         -                 0M (0%)            0M (0%)            0M (0%)     
[2026-06-17T10:07:38.867+0800][2.175s][info][gc,heap     ] GC(81) Y: Reclaimed:         -                  -                 0M (0%)            0M (0%)     
[2026-06-17T10:07:38.868+0800][2.175s][info][gc,heap     ] GC(81) Y:  Promoted:         -                  -                 0M (0%)            0M (0%)     
[2026-06-17T10:07:38.868+0800][2.175s][info][gc,heap     ] GC(81) Y: Compacted:         -                  -                  -                 0M (0%)     
[2026-06-17T10:07:38.868+0800][2.175s][info][gc,phases   ] GC(81) Y: Young Generation (Collect Roots) 64M(100%)->64M(100%) 0.002s
[2026-06-17T10:07:38.868+0800][2.175s][info][gc,phases   ] GC(81) O: Old Generation
[2026-06-17T10:07:38.869+0800][2.176s][info][gc,phases   ] GC(81) O: Concurrent Mark 0.931ms
[2026-06-17T10:07:38.869+0800][2.177s][info][gc,phases   ] GC(81) O: Pause Mark End 0.005ms
[2026-06-17T10:07:38.869+0800][2.177s][info][gc,phases   ] GC(81) O: Concurrent Mark Free 0.001ms
[2026-06-17T10:07:38.869+0800][2.177s][info][gc,ref      ] GC(81) O: Clearing All SoftReferences
[2026-06-17T10:07:38.870+0800][2.177s][info][gc,phases   ] GC(81) O: Concurrent Process Non-Strong 0.359ms
[2026-06-17T10:07:38.870+0800][2.177s][info][gc,phases   ] GC(81) O: Concurrent Reset Relocation Set 0.001ms
[2026-06-17T10:07:38.870+0800][2.177s][info][gc          ] Allocation Stall (main) 16.977ms
[2026-06-17T10:07:38.870+0800][2.177s][info][gc,phases   ] GC(81) O: Concurrent Select Relocation Set 0.050ms
[2026-06-17T10:07:38.870+0800][2.178s][info][gc,task     ] GC(81) O: Using 1 Workers for Old Generation
[2026-06-17T10:07:38.871+0800][2.178s][info][gc,task     ] GC(81) O: Using 1 Workers for Old Generation
[2026-06-17T10:07:38.871+0800][2.178s][info][gc,phases   ] GC(81) O: Concurrent Remap Roots 0.392ms
[2026-06-17T10:07:38.871+0800][2.178s][info][gc,phases   ] GC(81) O: Pause Relocate Start 0.005ms
[2026-06-17T10:07:38.871+0800][2.178s][info][gc,phases   ] GC(81) O: Concurrent Relocate 0.060ms
[2026-06-17T10:07:38.871+0800][2.178s][info][gc,alloc    ] GC(81) O:                         Mark Start        Mark End      Relocate Start    Relocate End   
[2026-06-17T10:07:38.871+0800][2.178s][info][gc,alloc    ] GC(81) O: Allocation Stalls:          1                1                0                0         
[2026-06-17T10:07:38.871+0800][2.179s][info][gc,load     ] GC(81) O: Load: 0.41 (2%) / 0.44 (2%) / 0.49 (2%)
[2026-06-17T10:07:38.871+0800][2.179s][info][gc,mmu      ] GC(81) O: MMU: 2ms/98.7%, 5ms/99.2%, 10ms/99.5%, 20ms/99.6%, 50ms/99.7%, 100ms/99.7%
[2026-06-17T10:07:38.871+0800][2.179s][info][gc,marking  ] GC(81) O: Mark: 1 stripe(s), 1 proactive flush(es), 1 terminate flush(es), 0 completion(s), 0 continuation(s) 
[2026-06-17T10:07:38.871+0800][2.179s][info][gc,nmethod  ] GC(81) O: NMethods: 69 registered, 6 unregistered
[2026-06-17T10:07:38.871+0800][2.179s][info][gc,metaspace] GC(81) O: Metaspace: 0M used, 0M committed, 1088M reserved
[2026-06-17T10:07:38.872+0800][2.179s][info][gc,ref      ] GC(81) O:                       Encountered   Discovered     Enqueued 
[2026-06-17T10:07:38.872+0800][2.179s][info][gc,ref      ] GC(81) O: Soft References:                0            0            0 
[2026-06-17T10:07:38.872+0800][2.179s][info][gc,ref      ] GC(81) O: Weak References:                6            0            0 
[2026-06-17T10:07:38.872+0800][2.179s][info][gc,ref      ] GC(81) O: Final References:               0            0            0 
[2026-06-17T10:07:38.872+0800][2.179s][info][gc,ref      ] GC(81) O: Phantom References:             1            1            0 
[2026-06-17T10:07:38.872+0800][2.179s][info][gc,reloc    ] GC(81) O:                        Candidates     Selected     In-Place         Size        Empty    Relocated 
[2026-06-17T10:07:38.872+0800][2.180s][info][gc,reloc    ] GC(81) O: Small Pages:                    2            0            0           4M           0M           0M 
[2026-06-17T10:07:38.872+0800][2.180s][info][gc,reloc    ] GC(81) O: Large Pages:                   30            0            0          60M           8M           0M 
[2026-06-17T10:07:38.872+0800][2.180s][info][gc,reloc    ] GC(81) O: Forwarding Usage: 0M
[2026-06-17T10:07:38.872+0800][2.180s][info][gc,heap     ] GC(81) O: Min Capacity: 64M(100%)
[2026-06-17T10:07:38.872+0800][2.180s][info][gc,heap     ] GC(81) O: Max Capacity: 64M(100%)
[2026-06-17T10:07:38.873+0800][2.180s][info][gc,heap     ] GC(81) O: Soft Max Capacity: 64M(100%)
[2026-06-17T10:07:38.873+0800][2.180s][info][gc,heap     ] GC(81) O: Heap Statistics:
[2026-06-17T10:07:38.873+0800][2.180s][info][gc,heap     ] GC(81) O:                Mark Start          Mark End        Relocate Start      Relocate End           High               Low         
[2026-06-17T10:07:38.873+0800][2.180s][info][gc,heap     ] GC(81) O:  Capacity:       64M (100%)         64M (100%)         64M (100%)         64M (100%)         64M (100%)         64M (100%)   
[2026-06-17T10:07:38.873+0800][2.180s][info][gc,heap     ] GC(81) O:      Free:        0M (0%)            0M (0%)            6M (9%)            6M (9%)            8M (12%)           0M (0%)     
[2026-06-17T10:07:38.873+0800][2.180s][info][gc,heap     ] GC(81) O:      Used:       64M (100%)         64M (100%)         58M (91%)          58M (91%)          64M (100%)         56M (88%)    
[2026-06-17T10:07:38.873+0800][2.180s][info][gc,heap     ] GC(81) O: Old Generation Statistics:
[2026-06-17T10:07:38.873+0800][2.180s][info][gc,heap     ] GC(81) O:                Mark Start          Mark End        Relocate Start      Relocate End    
[2026-06-17T10:07:38.873+0800][2.180s][info][gc,heap     ] GC(81) O:      Used:       64M (100%)         64M (100%)         56M (88%)          56M (88%)    
[2026-06-17T10:07:38.873+0800][2.181s][info][gc,heap     ] GC(81) O:      Live:         -                55M (86%)          55M (86%)          55M (86%)    
[2026-06-17T10:07:38.873+0800][2.181s][info][gc,heap     ] GC(81) O:   Garbage:         -                 8M (14%)           0M (1%)            0M (1%)     
[2026-06-17T10:07:38.873+0800][2.181s][info][gc,heap     ] GC(81) O: Allocated:         -                 0M (0%)            0M (0%)            0M (0%)     
[2026-06-17T10:07:38.873+0800][2.181s][info][gc,heap     ] GC(81) O: Reclaimed:         -                  -                 8M (12%)           8M (12%)    
[2026-06-17T10:07:38.873+0800][2.181s][info][gc,heap     ] GC(81) O: Compacted:         -                  -                  -                 0M (0%)     
[2026-06-17T10:07:38.874+0800][2.181s][info][gc,phases   ] GC(81) O: Old Generation 64M(100%)->58M(91%) 0.003s
[2026-06-17T10:07:38.874+0800][2.181s][info][gc          ] GC(81) Major Collection (Allocation Stall) 64M(100%)->58M(91%) 0.017s
[2026-06-17T10:07:39.081+0800][2.389s][info][gc          ] GC(82) Major Collection (Allocation Rate)
[2026-06-17T10:07:39.082+0800][2.389s][info][gc,task     ] GC(82) Using 1 Workers for Young Generation
[2026-06-17T10:07:39.082+0800][2.389s][info][gc,task     ] GC(82) Using 1 Workers for Old Generation
[2026-06-17T10:07:39.082+0800][2.389s][info][gc,phases   ] GC(82) Y: Young Generation
[2026-06-17T10:07:39.082+0800][2.390s][info][gc,phases   ] GC(82) Y: Pause Mark Start (Major) 0.011ms
[2026-06-17T10:07:39.083+0800][2.391s][info][gc,phases   ] GC(82) Y: Concurrent Mark 0.421ms
[2026-06-17T10:07:39.083+0800][2.391s][info][gc,phases   ] GC(82) Y: Pause Mark End 0.006ms
[2026-06-17T10:07:39.084+0800][2.391s][info][gc,phases   ] GC(82) Y: Concurrent Mark Free 0.001ms
[2026-06-17T10:07:39.084+0800][2.391s][info][gc,phases   ] GC(82) Y: Concurrent Reset Relocation Set 0.001ms
[2026-06-17T10:07:39.084+0800][2.391s][info][gc,reloc    ] GC(82) Y: Using tenuring threshold: 0 (Computed)
[2026-06-17T10:07:39.084+0800][2.392s][info][gc,phases   ] GC(82) Y: Concurrent Select Relocation Set 0.274ms
[2026-06-17T10:07:39.084+0800][2.392s][info][gc,phases   ] GC(82) Y: Pause Relocate Start 0.004ms
[2026-06-17T10:07:39.085+0800][2.392s][info][gc,phases   ] GC(82) Y: Concurrent Relocate 0.080ms
[2026-06-17T10:07:39.085+0800][2.392s][info][gc,alloc    ] GC(82) Y:                         Mark Start        Mark End      Relocate Start    Relocate End   
[2026-06-17T10:07:39.085+0800][2.392s][info][gc,alloc    ] GC(82) Y: Allocation Stalls:          0                0                0                0         
[2026-06-17T10:07:39.085+0800][2.392s][info][gc,load     ] GC(82) Y: Load: 0.41 (2%) / 0.44 (2%) / 0.49 (2%)
[2026-06-17T10:07:39.085+0800][2.392s][info][gc,mmu      ] GC(82) Y: MMU: 2ms/98.7%, 5ms/99.2%, 10ms/99.5%, 20ms/99.6%, 50ms/99.7%, 100ms/99.7%
[2026-06-17T10:07:39.085+0800][2.392s][info][gc,marking  ] GC(82) Y: Mark: 1 stripe(s), 1 proactive flush(es), 1 terminate flush(es), 0 completion(s), 0 continuation(s) 
[2026-06-17T10:07:39.085+0800][2.393s][info][gc,nmethod  ] GC(82) Y: NMethods: 69 registered, 6 unregistered
[2026-06-17T10:07:39.085+0800][2.393s][info][gc,metaspace] GC(82) Y: Metaspace: 0M used, 0M committed, 1088M reserved
[2026-06-17T10:07:39.085+0800][2.393s][info][gc,reloc    ] GC(82) Y:                        Candidates     Selected     In-Place         Size        Empty    Relocated 
[2026-06-17T10:07:39.085+0800][2.393s][info][gc,reloc    ] GC(82) Y: Small Pages:                    2            0            0           4M           4M           0M 
[2026-06-17T10:07:39.085+0800][2.393s][info][gc,reloc    ] GC(82) Y: Large Pages:                    0            0            0           0M           0M           0M 
[2026-06-17T10:07:39.086+0800][2.393s][info][gc,reloc    ] GC(82) Y: Forwarding Usage: 0M
[2026-06-17T10:07:39.086+0800][2.393s][info][gc,reloc    ] GC(82) Y: Age Table:
[2026-06-17T10:07:39.086+0800][2.393s][info][gc,reloc    ] GC(82) Y:                    Live             Garbage             Small              Medium             Large        
[2026-06-17T10:07:39.086+0800][2.393s][info][gc,reloc    ] GC(82) Y: Eden                -                 4M (6%)           2 / 0              0 / 0              0 / 0        
[2026-06-17T10:07:39.086+0800][2.393s][info][gc,heap     ] GC(82) Y: Min Capacity: 64M(100%)
[2026-06-17T10:07:39.086+0800][2.393s][info][gc,heap     ] GC(82) Y: Max Capacity: 64M(100%)
[2026-06-17T10:07:39.086+0800][2.394s][info][gc,heap     ] GC(82) Y: Soft Max Capacity: 64M(100%)
[2026-06-17T10:07:39.086+0800][2.394s][info][gc,heap     ] GC(82) Y: Heap Statistics:
[2026-06-17T10:07:39.086+0800][2.394s][info][gc,heap     ] GC(82) Y:                Mark Start          Mark End        Relocate Start      Relocate End           High               Low         
[2026-06-17T10:07:39.086+0800][2.394s][info][gc,heap     ] GC(82) Y:  Capacity:       64M (100%)         64M (100%)         64M (100%)         64M (100%)         64M (100%)         64M (100%)   
[2026-06-17T10:07:39.087+0800][2.394s][info][gc,heap     ] GC(82) Y:      Free:        4M (6%)            4M (6%)            8M (12%)           8M (12%)           8M (12%)           4M (6%)     
[2026-06-17T10:07:39.087+0800][2.394s][info][gc,heap     ] GC(82) Y:      Used:       60M (94%)          60M (94%)          56M (88%)          56M (88%)          60M (94%)          56M (88%)    
[2026-06-17T10:07:39.087+0800][2.394s][info][gc,heap     ] GC(82) Y: Young Generation Statistics:
[2026-06-17T10:07:39.087+0800][2.394s][info][gc,heap     ] GC(82) Y:                Mark Start          Mark End        Relocate Start      Relocate End    
[2026-06-17T10:07:39.087+0800][2.394s][info][gc,heap     ] GC(82) Y:      Used:        4M (6%)            4M (6%)            0M (0%)            0M (0%)     
[2026-06-17T10:07:39.087+0800][2.394s][info][gc,heap     ] GC(82) Y:      Live:         -                 0M (0%)            0M (0%)            0M (0%)     
[2026-06-17T10:07:39.087+0800][2.394s][info][gc,heap     ] GC(82) Y:   Garbage:         -                 4M (6%)            0M (0%)            0M (0%)     
[2026-06-17T10:07:39.087+0800][2.394s][info][gc,heap     ] GC(82) Y: Allocated:         -                 0M (0%)            0M (0%)            0M (0%)     
[2026-06-17T10:07:39.087+0800][2.394s][info][gc,heap     ] GC(82) Y: Reclaimed:         -                  -                 4M (6%)            4M (6%)     
[2026-06-17T10:07:39.087+0800][2.395s][info][gc,heap     ] GC(82) Y:  Promoted:         -                  -                 0M (0%)            0M (0%)     
[2026-06-17T10:07:39.087+0800][2.395s][info][gc,heap     ] GC(82) Y: Compacted:         -                  -                  -                 0M (0%)     
[2026-06-17T10:07:39.087+0800][2.395s][info][gc,phases   ] GC(82) Y: Young Generation 60M(94%)->56M(88%) 0.003s
[2026-06-17T10:07:39.087+0800][2.395s][info][gc,phases   ] GC(82) O: Old Generation
[2026-06-17T10:07:39.088+0800][2.396s][info][gc,phases   ] GC(82) O: Concurrent Mark 0.882ms
[2026-06-17T10:07:39.089+0800][2.396s][info][gc,phases   ] GC(82) O: Pause Mark End 0.006ms
[2026-06-17T10:07:39.089+0800][2.396s][info][gc,phases   ] GC(82) O: Concurrent Mark Free 0.001ms
[2026-06-17T10:07:39.089+0800][2.397s][info][gc,phases   ] GC(82) O: Concurrent Process Non-Strong 0.284ms
[2026-06-17T10:07:39.089+0800][2.397s][info][gc,phases   ] GC(82) O: Concurrent Reset Relocation Set 0.000ms
[2026-06-17T10:07:39.089+0800][2.397s][info][gc,phases   ] GC(82) O: Concurrent Select Relocation Set 0.061ms
[2026-06-17T10:07:39.089+0800][2.397s][info][gc,task     ] GC(82) O: Using 1 Workers for Old Generation
[2026-06-17T10:07:39.090+0800][2.397s][info][gc,task     ] GC(82) O: Using 1 Workers for Old Generation
[2026-06-17T10:07:39.090+0800][2.397s][info][gc,phases   ] GC(82) O: Concurrent Remap Roots 0.288ms
[2026-06-17T10:07:39.090+0800][2.397s][info][gc,phases   ] GC(82) O: Pause Relocate Start 0.004ms
[2026-06-17T10:07:39.090+0800][2.398s][info][gc,phases   ] GC(82) O: Concurrent Relocate 0.428ms
[2026-06-17T10:07:39.091+0800][2.398s][info][gc,alloc    ] GC(82) O:                         Mark Start        Mark End      Relocate Start    Relocate End   
[2026-06-17T10:07:39.091+0800][2.398s][info][gc,alloc    ] GC(82) O: Allocation Stalls:          0                0                0                0         
[2026-06-17T10:07:39.091+0800][2.398s][info][gc,load     ] GC(82) O: Load: 0.41 (2%) / 0.44 (2%) / 0.49 (2%)
[2026-06-17T10:07:39.091+0800][2.398s][info][gc,mmu      ] GC(82) O: MMU: 2ms/98.7%, 5ms/99.2%, 10ms/99.5%, 20ms/99.6%, 50ms/99.7%, 100ms/99.7%
[2026-06-17T10:07:39.091+0800][2.398s][info][gc,marking  ] GC(82) O: Mark: 1 stripe(s), 1 proactive flush(es), 1 terminate flush(es), 0 completion(s), 0 continuation(s) 
[2026-06-17T10:07:39.091+0800][2.398s][info][gc,nmethod  ] GC(82) O: NMethods: 69 registered, 6 unregistered
[2026-06-17T10:07:39.091+0800][2.398s][info][gc,metaspace] GC(82) O: Metaspace: 0M used, 0M committed, 1088M reserved
[2026-06-17T10:07:39.091+0800][2.398s][info][gc,ref      ] GC(82) O:                       Encountered   Discovered     Enqueued 
[2026-06-17T10:07:39.091+0800][2.399s][info][gc,ref      ] GC(82) O: Soft References:                0            0            0 
[2026-06-17T10:07:39.091+0800][2.399s][info][gc,ref      ] GC(82) O: Weak References:                6            0            0 
[2026-06-17T10:07:39.091+0800][2.399s][info][gc,ref      ] GC(82) O: Final References:               0            0            0 
[2026-06-17T10:07:39.091+0800][2.399s][info][gc,ref      ] GC(82) O: Phantom References:             1            1            0 
[2026-06-17T10:07:39.091+0800][2.399s][info][gc,reloc    ] GC(82) O:                        Candidates     Selected     In-Place         Size        Empty    Relocated 
[2026-06-17T10:07:39.092+0800][2.399s][info][gc,reloc    ] GC(82) O: Small Pages:                    2            1            0           4M           0M           0M 
[2026-06-17T10:07:39.092+0800][2.399s][info][gc,reloc    ] GC(82) O: Large Pages:                   26            0            0          52M          24M           0M 
[2026-06-17T10:07:39.092+0800][2.399s][info][gc,reloc    ] GC(82) O: Forwarding Usage: 0M
[2026-06-17T10:07:39.092+0800][2.399s][info][gc,heap     ] GC(82) O: Min Capacity: 64M(100%)
[2026-06-17T10:07:39.092+0800][2.399s][info][gc,heap     ] GC(82) O: Max Capacity: 64M(100%)
[2026-06-17T10:07:39.092+0800][2.399s][info][gc,heap     ] GC(82) O: Soft Max Capacity: 64M(100%)
[2026-06-17T10:07:39.092+0800][2.399s][info][gc,heap     ] GC(82) O: Heap Statistics:
[2026-06-17T10:07:39.092+0800][2.400s][info][gc,heap     ] GC(82) O:                Mark Start          Mark End        Relocate Start      Relocate End           High               Low         
[2026-06-17T10:07:39.092+0800][2.400s][info][gc,heap     ] GC(82) O:  Capacity:       64M (100%)         64M (100%)         64M (100%)         64M (100%)         64M (100%)         64M (100%)   
[2026-06-17T10:07:39.092+0800][2.400s][info][gc,heap     ] GC(82) O:      Free:        4M (6%)            8M (12%)          32M (50%)          34M (53%)          34M (53%)           4M (6%)     
[2026-06-17T10:07:39.092+0800][2.400s][info][gc,heap     ] GC(82) O:      Used:       60M (94%)          56M (88%)          32M (50%)          30M (47%)          60M (94%)          30M (47%)    
[2026-06-17T10:07:39.092+0800][2.400s][info][gc,heap     ] GC(82) O: Old Generation Statistics:
[2026-06-17T10:07:39.093+0800][2.400s][info][gc,heap     ] GC(82) O:                Mark Start          Mark End        Relocate Start      Relocate End    
[2026-06-17T10:07:39.093+0800][2.400s][info][gc,heap     ] GC(82) O:      Used:       56M (88%)          56M (88%)          32M (50%)          30M (47%)    
[2026-06-17T10:07:39.093+0800][2.400s][info][gc,heap     ] GC(82) O:      Live:         -                29M (46%)          29M (46%)          29M (46%)    
[2026-06-17T10:07:39.093+0800][2.400s][info][gc,heap     ] GC(82) O:   Garbage:         -                26M (42%)           2M (4%)            0M (0%)     
[2026-06-17T10:07:39.093+0800][2.400s][info][gc,heap     ] GC(82) O: Allocated:         -                 0M (0%)            0M (0%)            0M (1%)     
[2026-06-17T10:07:39.093+0800][2.400s][info][gc,heap     ] GC(82) O: Reclaimed:         -                  -                24M (38%)          26M (42%)    
[2026-06-17T10:07:39.093+0800][2.400s][info][gc,heap     ] GC(82) O: Compacted:         -                  -                  -                 1M (2%)     
[2026-06-17T10:07:39.093+0800][2.400s][info][gc,phases   ] GC(82) O: Old Generation 56M(88%)->30M(47%) 0.003s
[2026-06-17T10:07:39.093+0800][2.401s][info][gc          ] GC(82) Major Collection (Allocation Rate) 60M(94%)->34M(53%) 0.012s
[2026-06-17T10:07:39.133+0800][2.440s][info][gc          ] GC(83) Major Collection (Allocation Rate)
[2026-06-17T10:07:39.133+0800][2.441s][info][gc,task     ] GC(83) Using 1 Workers for Young Generation
[2026-06-17T10:07:39.134+0800][2.441s][info][gc,task     ] GC(83) Using 1 Workers for Old Generation
[2026-06-17T10:07:39.134+0800][2.441s][info][gc,phases   ] GC(83) Y: Young Generation
[2026-06-17T10:07:39.134+0800][2.442s][info][gc,phases   ] GC(83) Y: Pause Mark Start (Major) 0.013ms
[2026-06-17T10:07:39.135+0800][2.442s][info][gc,phases   ] GC(83) Y: Concurrent Mark 0.618ms
[2026-06-17T10:07:39.135+0800][2.443s][info][gc,phases   ] GC(83) Y: Pause Mark End 0.006ms
[2026-06-17T10:07:39.135+0800][2.443s][info][gc,phases   ] GC(83) Y: Concurrent Mark Free 0.001ms
[2026-06-17T10:07:39.136+0800][2.443s][info][gc,phases   ] GC(83) Y: Concurrent Reset Relocation Set 0.001ms
[2026-06-17T10:07:39.136+0800][2.443s][info][gc,reloc    ] GC(83) Y: Using tenuring threshold: 1 (Computed)
[2026-06-17T10:07:39.136+0800][2.443s][info][gc          ] Allocation Stall (main) 2.263ms
[2026-06-17T10:07:39.136+0800][2.444s][info][gc,phases   ] GC(83) Y: Concurrent Select Relocation Set 0.361ms
[2026-06-17T10:07:39.136+0800][2.444s][info][gc,phases   ] GC(83) Y: Pause Relocate Start 0.006ms
[2026-06-17T10:07:39.137+0800][2.444s][info][gc,phases   ] GC(83) Y: Concurrent Relocate 0.164ms
[2026-06-17T10:07:39.137+0800][2.444s][info][gc,alloc    ] GC(83) Y:                         Mark Start        Mark End      Relocate Start    Relocate End   
[2026-06-17T10:07:39.137+0800][2.445s][info][gc,alloc    ] GC(83) Y: Allocation Stalls:          1                1                0                0         
[2026-06-17T10:07:39.138+0800][2.445s][info][gc,load     ] GC(83) Y: Load: 0.41 (2%) / 0.44 (2%) / 0.49 (2%)
[2026-06-17T10:07:39.138+0800][2.445s][info][gc,mmu      ] GC(83) Y: MMU: 2ms/98.7%, 5ms/99.2%, 10ms/99.5%, 20ms/99.6%, 50ms/99.7%, 100ms/99.7%
[2026-06-17T10:07:39.138+0800][2.445s][info][gc,marking  ] GC(83) Y: Mark: 1 stripe(s), 1 proactive flush(es), 1 terminate flush(es), 0 completion(s), 0 continuation(s) 
[2026-06-17T10:07:39.138+0800][2.445s][info][gc,nmethod  ] GC(83) Y: NMethods: 70 registered, 6 unregistered
[2026-06-17T10:07:39.138+0800][2.445s][info][gc,metaspace] GC(83) Y: Metaspace: 0M used, 0M committed, 1088M reserved
[2026-06-17T10:07:39.138+0800][2.445s][info][gc,reloc    ] GC(83) Y:                        Candidates     Selected     In-Place         Size        Empty    Relocated 
[2026-06-17T10:07:39.138+0800][2.446s][info][gc,reloc    ] GC(83) Y: Small Pages:                    9            3            0          18M          10M           0M 
[2026-06-17T10:07:39.138+0800][2.446s][info][gc,reloc    ] GC(83) Y: Large Pages:                    8            0            0          16M           0M           0M 
[2026-06-17T10:07:39.138+0800][2.446s][info][gc,reloc    ] GC(83) Y: Forwarding Usage: 0M
[2026-06-17T10:07:39.138+0800][2.446s][info][gc,reloc    ] GC(83) Y: Age Table:
[2026-06-17T10:07:39.138+0800][2.446s][info][gc,reloc    ] GC(83) Y:                    Live             Garbage             Small              Medium             Large        
[2026-06-17T10:07:39.139+0800][2.446s][info][gc,reloc    ] GC(83) Y: Eden              16M (26%)          17M (27%)          9 / 3              0 / 0              8 / 0        
[2026-06-17T10:07:39.139+0800][2.446s][info][gc,heap     ] GC(83) Y: Min Capacity: 64M(100%)
[2026-06-17T10:07:39.139+0800][2.446s][info][gc,heap     ] GC(83) Y: Max Capacity: 64M(100%)
[2026-06-17T10:07:39.139+0800][2.446s][info][gc,heap     ] GC(83) Y: Soft Max Capacity: 64M(100%)
[2026-06-17T10:07:39.139+0800][2.446s][info][gc,heap     ] GC(83) Y: Heap Statistics:
[2026-06-17T10:07:39.139+0800][2.446s][info][gc,heap     ] GC(83) Y:                Mark Start          Mark End        Relocate Start      Relocate End           High               Low         
[2026-06-17T10:07:39.139+0800][2.447s][info][gc,heap     ] GC(83) Y:  Capacity:       64M (100%)         64M (100%)         64M (100%)         64M (100%)         64M (100%)         64M (100%)   
[2026-06-17T10:07:39.139+0800][2.447s][info][gc,heap     ] GC(83) Y:      Free:        0M (0%)            0M (0%)            6M (9%)           12M (19%)          12M (19%)           0M (0%)     
[2026-06-17T10:07:39.139+0800][2.447s][info][gc,heap     ] GC(83) Y:      Used:       64M (100%)         64M (100%)         58M (91%)          52M (81%)          64M (100%)         52M (81%)    
[2026-06-17T10:07:39.139+0800][2.447s][info][gc,heap     ] GC(83) Y: Young Generation Statistics:
[2026-06-17T10:07:39.139+0800][2.447s][info][gc,heap     ] GC(83) Y:                Mark Start          Mark End        Relocate Start      Relocate End    
[2026-06-17T10:07:39.140+0800][2.447s][info][gc,heap     ] GC(83) Y:      Used:       34M (53%)          34M (53%)          28M (44%)          22M (34%)    
[2026-06-17T10:07:39.140+0800][2.447s][info][gc,heap     ] GC(83) Y:      Live:         -                16M (26%)          16M (26%)          16M (26%)    
[2026-06-17T10:07:39.140+0800][2.447s][info][gc,heap     ] GC(83) Y:   Garbage:         -                17M (27%)           7M (11%)           0M (0%)     
[2026-06-17T10:07:39.140+0800][2.447s][info][gc,heap     ] GC(83) Y: Allocated:         -                 0M (0%)            4M (6%)            5M (8%)     
[2026-06-17T10:07:39.140+0800][2.447s][info][gc,heap     ] GC(83) Y: Reclaimed:         -                  -                10M (16%)          17M (27%)    
[2026-06-17T10:07:39.140+0800][2.447s][info][gc,heap     ] GC(83) Y:  Promoted:         -                  -                 0M (0%)            0M (0%)     
[2026-06-17T10:07:39.140+0800][2.447s][info][gc,heap     ] GC(83) Y: Compacted:         -                  -                  -                 0M (1%)     
[2026-06-17T10:07:39.140+0800][2.447s][info][gc,phases   ] GC(83) Y: Young Generation 64M(100%)->52M(81%) 0.003s
[2026-06-17T10:07:39.140+0800][2.447s][info][gc,phases   ] GC(83) O: Old Generation
[2026-06-17T10:07:39.140+0800][2.448s][info][gc          ] GC(84) Minor Collection (Allocation Stall)
[2026-06-17T10:07:39.140+0800][2.448s][info][gc,task     ] GC(84) Using 1 Workers for Young Generation
[2026-06-17T10:07:39.140+0800][2.448s][info][gc,phases   ] GC(84) y: Young Generation
[2026-06-17T10:07:39.141+0800][2.448s][info][gc,phases   ] GC(84) y: Pause Mark Start 0.007ms
[2026-06-17T10:07:39.141+0800][2.449s][info][gc,phases   ] GC(84) y: Concurrent Mark 0.330ms
[2026-06-17T10:07:39.142+0800][2.449s][info][gc,phases   ] GC(84) y: Pause Mark End 0.006ms
[2026-06-17T10:07:39.142+0800][2.449s][info][gc,phases   ] GC(84) y: Concurrent Mark Free 0.000ms
[2026-06-17T10:07:39.142+0800][2.449s][info][gc,phases   ] GC(84) y: Concurrent Reset Relocation Set 0.001ms
[2026-06-17T10:07:39.142+0800][2.449s][info][gc,phases   ] GC(83) O: Concurrent Mark 1.786ms
[2026-06-17T10:07:39.142+0800][2.449s][info][gc,reloc    ] GC(84) y: Using tenuring threshold: 1 (Computed)
[2026-06-17T10:07:39.142+0800][2.449s][info][gc,phases   ] GC(83) O: Pause Mark End 0.005ms
[2026-06-17T10:07:39.142+0800][2.450s][info][gc,phases   ] GC(83) O: Concurrent Mark Free 0.001ms
[2026-06-17T10:07:39.142+0800][2.450s][info][gc,phases   ] GC(84) y: Concurrent Select Relocation Set 0.394ms
[2026-06-17T10:07:39.143+0800][2.450s][info][gc,phases   ] GC(84) y: Pause Relocate Start 0.005ms
[2026-06-17T10:07:39.143+0800][2.450s][info][gc,phases   ] GC(83) O: Concurrent Process Non-Strong 0.381ms
[2026-06-17T10:07:39.143+0800][2.450s][info][gc,phases   ] GC(83) O: Concurrent Reset Relocation Set 0.001ms
[2026-06-17T10:07:39.143+0800][2.450s][info][gc,phases   ] GC(84) y: Concurrent Relocate 0.190ms
[2026-06-17T10:07:39.143+0800][2.450s][info][gc,phases   ] GC(83) O: Concurrent Select Relocation Set 0.037ms
[2026-06-17T10:07:39.143+0800][2.450s][info][gc,alloc    ] GC(84) y:                         Mark Start        Mark End      Relocate Start    Relocate End   
[2026-06-17T10:07:39.143+0800][2.451s][info][gc,alloc    ] GC(84) y: Allocation Stalls:          0                0                0                0         
[2026-06-17T10:07:39.143+0800][2.451s][info][gc,load     ] GC(84) y: Load: 0.41 (2%) / 0.44 (2%) / 0.49 (2%)
[2026-06-17T10:07:39.144+0800][2.451s][info][gc,mmu      ] GC(84) y: MMU: 2ms/98.7%, 5ms/99.2%, 10ms/99.5%, 20ms/99.6%, 50ms/99.7%, 100ms/99.7%
[2026-06-17T10:07:39.144+0800][2.451s][info][gc,marking  ] GC(84) y: Mark: 1 stripe(s), 1 proactive flush(es), 1 terminate flush(es), 0 completion(s), 0 continuation(s) 
[2026-06-17T10:07:39.144+0800][2.451s][info][gc,nmethod  ] GC(84) y: NMethods: 70 registered, 6 unregistered
[2026-06-17T10:07:39.144+0800][2.451s][info][gc,metaspace] GC(84) y: Metaspace: 0M used, 0M committed, 1088M reserved
[2026-06-17T10:07:39.144+0800][2.452s][info][gc,reloc    ] GC(84) y:                        Candidates     Selected     In-Place         Size        Empty    Relocated 
[2026-06-17T10:07:39.144+0800][2.452s][info][gc,reloc    ] GC(84) y: Small Pages:                    2            1            0           4M           0M           0M 
[2026-06-17T10:07:39.144+0800][2.452s][info][gc,reloc    ] GC(84) y: Large Pages:                    9            0            0          18M           0M           0M 
[2026-06-17T10:07:39.144+0800][2.452s][info][gc,reloc    ] GC(84) y: Forwarding Usage: 0M
[2026-06-17T10:07:39.144+0800][2.452s][info][gc,reloc    ] GC(84) y: Age Table:
[2026-06-17T10:07:39.145+0800][2.452s][info][gc,reloc    ] GC(84) y:                    Live             Garbage             Small              Medium             Large        
[2026-06-17T10:07:39.145+0800][2.452s][info][gc,reloc    ] GC(84) y: Eden               2M (4%)            1M (2%)           1 / 0              0 / 0              1 / 0        
[2026-06-17T10:07:39.145+0800][2.452s][info][gc,reloc    ] GC(84) y: Survivor 1        16M (26%)           1M (2%)           1 / 1              0 / 0              8 / 0        
[2026-06-17T10:07:39.145+0800][2.452s][info][gc,heap     ] GC(84) y: Min Capacity: 64M(100%)
[2026-06-17T10:07:39.145+0800][2.452s][info][gc,heap     ] GC(84) y: Max Capacity: 64M(100%)
[2026-06-17T10:07:39.145+0800][2.452s][info][gc,heap     ] GC(84) y: Soft Max Capacity: 64M(100%)
[2026-06-17T10:07:39.145+0800][2.452s][info][gc,heap     ] GC(84) y: Heap Statistics:
[2026-06-17T10:07:39.145+0800][2.453s][info][gc,heap     ] GC(84) y:                Mark Start          Mark End        Relocate Start      Relocate End           High               Low         
[2026-06-17T10:07:39.145+0800][2.453s][info][gc,heap     ] GC(84) y:  Capacity:       64M (100%)         64M (100%)         64M (100%)         64M (100%)         64M (100%)         64M (100%)   
[2026-06-17T10:07:39.145+0800][2.453s][info][gc,heap     ] GC(84) y:      Free:       12M (19%)          12M (19%)          12M (19%)          12M (19%)          12M (19%)          10M (16%)    
[2026-06-17T10:07:39.145+0800][2.453s][info][gc,heap     ] GC(84) y:      Used:       52M (81%)          52M (81%)          52M (81%)          52M (81%)          54M (84%)          52M (81%)    
[2026-06-17T10:07:39.145+0800][2.453s][info][gc,heap     ] GC(84) y: Young Generation Statistics:
[2026-06-17T10:07:39.145+0800][2.453s][info][gc,heap     ] GC(84) y:                Mark Start          Mark End        Relocate Start      Relocate End    
[2026-06-17T10:07:39.145+0800][2.453s][info][gc,heap     ] GC(84) y:      Used:       22M (34%)          22M (34%)           6M (9%)            4M (6%)     
[2026-06-17T10:07:39.146+0800][2.453s][info][gc,heap     ] GC(84) y:      Live:         -                19M (30%)           3M (5%)            2M (4%)     
[2026-06-17T10:07:39.146+0800][2.453s][info][gc,heap     ] GC(84) y:   Garbage:         -                 2M (4%)            2M (4%)            0M (0%)     
[2026-06-17T10:07:39.146+0800][2.453s][info][gc,heap     ] GC(84) y: Allocated:         -                 0M (0%)            0M (0%)            1M (2%)     
[2026-06-17T10:07:39.146+0800][2.453s][info][gc,heap     ] GC(84) y: Reclaimed:         -                  -                 0M (0%)            2M (4%)     
[2026-06-17T10:07:39.146+0800][2.453s][info][gc,heap     ] GC(84) y:  Promoted:         -                  -                16M (25%)          16M (26%)    
[2026-06-17T10:07:39.146+0800][2.453s][info][gc,heap     ] GC(84) y: Compacted:         -                  -                  -                 0M (1%)     
[2026-06-17T10:07:39.146+0800][2.453s][info][gc,phases   ] GC(84) y: Young Generation 52M(81%)->52M(81%) 0.003s
[2026-06-17T10:07:39.146+0800][2.453s][info][gc          ] GC(84) Minor Collection (Allocation Stall) 52M(81%)->52M(81%) 0.006s
[2026-06-17T10:07:39.146+0800][2.454s][info][gc,task     ] GC(83) O: Using 1 Workers for Old Generation
[2026-06-17T10:07:39.147+0800][2.454s][info][gc,task     ] GC(83) O: Using 1 Workers for Old Generation
[2026-06-17T10:07:39.147+0800][2.454s][info][gc,phases   ] GC(83) O: Concurrent Remap Roots 0.514ms
[2026-06-17T10:07:39.147+0800][2.454s][info][gc,phases   ] GC(83) O: Pause Relocate Start 0.005ms
[2026-06-17T10:07:39.147+0800][2.454s][info][gc,phases   ] GC(83) O: Concurrent Relocate 0.064ms
[2026-06-17T10:07:39.147+0800][2.454s][info][gc,alloc    ] GC(83) O:                         Mark Start        Mark End      Relocate Start    Relocate End   
[2026-06-17T10:07:39.147+0800][2.455s][info][gc,alloc    ] GC(83) O: Allocation Stalls:          1                0                0                0         
[2026-06-17T10:07:39.147+0800][2.455s][info][gc,load     ] GC(83) O: Load: 0.41 (2%) / 0.44 (2%) / 0.49 (2%)
[2026-06-17T10:07:39.147+0800][2.455s][info][gc,mmu      ] GC(83) O: MMU: 2ms/98.7%, 5ms/99.2%, 10ms/99.5%, 20ms/99.6%, 50ms/99.7%, 100ms/99.7%
[2026-06-17T10:07:39.147+0800][2.455s][info][gc,marking  ] GC(83) O: Mark: 1 stripe(s), 2 proactive flush(es), 1 terminate flush(es), 0 completion(s), 0 continuation(s) 
[2026-06-17T10:07:39.147+0800][2.455s][info][gc,nmethod  ] GC(83) O: NMethods: 70 registered, 6 unregistered
[2026-06-17T10:07:39.148+0800][2.455s][info][gc,metaspace] GC(83) O: Metaspace: 0M used, 0M committed, 1088M reserved
[2026-06-17T10:07:39.148+0800][2.455s][info][gc,ref      ] GC(83) O:                       Encountered   Discovered     Enqueued 
[2026-06-17T10:07:39.148+0800][2.455s][info][gc,ref      ] GC(83) O: Soft References:                0            0            0 
[2026-06-17T10:07:39.148+0800][2.455s][info][gc,ref      ] GC(83) O: Weak References:                6            0            0 
[2026-06-17T10:07:39.148+0800][2.455s][info][gc,ref      ] GC(83) O: Final References:               0            0            0 
[2026-06-17T10:07:39.148+0800][2.455s][info][gc,ref      ] GC(83) O: Phantom References:             1            1            0 
[2026-06-17T10:07:39.148+0800][2.455s][info][gc,reloc    ] GC(83) O:                        Candidates     Selected     In-Place         Size        Empty    Relocated 
[2026-06-17T10:07:39.148+0800][2.455s][info][gc,reloc    ] GC(83) O: Small Pages:                    1            0            0           2M           0M           0M 
[2026-06-17T10:07:39.148+0800][2.456s][info][gc,reloc    ] GC(83) O: Large Pages:                   14            0            0          28M           0M           0M 
[2026-06-17T10:07:39.148+0800][2.456s][info][gc,reloc    ] GC(83) O: Forwarding Usage: 0M
[2026-06-17T10:07:39.148+0800][2.456s][info][gc,heap     ] GC(83) O: Min Capacity: 64M(100%)
[2026-06-17T10:07:39.148+0800][2.456s][info][gc,heap     ] GC(83) O: Max Capacity: 64M(100%)
[2026-06-17T10:07:39.148+0800][2.456s][info][gc,heap     ] GC(83) O: Soft Max Capacity: 64M(100%)
[2026-06-17T10:07:39.148+0800][2.456s][info][gc,heap     ] GC(83) O: Heap Statistics:
[2026-06-17T10:07:39.148+0800][2.456s][info][gc,heap     ] GC(83) O:                Mark Start          Mark End        Relocate Start      Relocate End           High               Low         
[2026-06-17T10:07:39.149+0800][2.456s][info][gc,heap     ] GC(83) O:  Capacity:       64M (100%)         64M (100%)         64M (100%)         64M (100%)         64M (100%)         64M (100%)   
[2026-06-17T10:07:39.149+0800][2.456s][info][gc,heap     ] GC(83) O:      Free:        0M (0%)           12M (19%)           8M (12%)           8M (12%)          12M (19%)           0M (0%)     
[2026-06-17T10:07:39.149+0800][2.456s][info][gc,heap     ] GC(83) O:      Used:       64M (100%)         52M (81%)          56M (88%)          56M (88%)          64M (100%)         52M (81%)    
[2026-06-17T10:07:39.149+0800][2.456s][info][gc,heap     ] GC(83) O: Old Generation Statistics:
[2026-06-17T10:07:39.149+0800][2.456s][info][gc,heap     ] GC(83) O:                Mark Start          Mark End        Relocate Start      Relocate End    
[2026-06-17T10:07:39.149+0800][2.456s][info][gc,heap     ] GC(83) O:      Used:       30M (47%)          30M (47%)          48M (75%)          48M (75%)    
[2026-06-17T10:07:39.149+0800][2.456s][info][gc,heap     ] GC(83) O:      Live:         -                29M (46%)          29M (46%)          29M (46%)    
[2026-06-17T10:07:39.149+0800][2.457s][info][gc,heap     ] GC(83) O:   Garbage:         -                 0M (1%)            0M (1%)            0M (1%)     
[2026-06-17T10:07:39.150+0800][2.457s][info][gc,heap     ] GC(83) O: Allocated:         -                 0M (0%)           18M (28%)          18M (28%)    
[2026-06-17T10:07:39.150+0800][2.458s][info][gc,heap     ] GC(83) O: Reclaimed:         -                  -                 0M (0%)            0M (0%)     
[2026-06-17T10:07:39.151+0800][2.458s][info][gc,heap     ] GC(83) O: Compacted:         -                  -                  -                 0M (0%)     
[2026-06-17T10:07:39.152+0800][2.459s][info][gc,phases   ] GC(83) O: Old Generation 52M(81%)->56M(88%) 0.007s
[2026-06-17T10:07:39.152+0800][2.459s][info][gc          ] GC(83) Major Collection (Allocation Rate) 60M(94%)->56M(88%) 0.019s
[2026-06-17T10:07:39.157+0800][2.465s][info][gc          ] GC(85) Minor Collection (High Usage)
[2026-06-17T10:07:39.158+0800][2.465s][info][gc,task     ] GC(85) Using 1 Workers for Young Generation
[2026-06-17T10:07:39.159+0800][2.466s][info][gc,phases   ] GC(85) y: Young Generation
[2026-06-17T10:07:39.160+0800][2.467s][info][gc,phases   ] GC(85) y: Pause Mark Start 0.011ms
[2026-06-17T10:07:39.161+0800][2.469s][info][gc,phases   ] GC(85) y: Concurrent Mark 0.381ms
[2026-06-17T10:07:39.162+0800][2.469s][info][gc,phases   ] GC(85) y: Pause Mark End 0.008ms
[2026-06-17T10:07:39.163+0800][2.470s][info][gc,phases   ] GC(85) y: Concurrent Mark Free 0.001ms
[2026-06-17T10:07:39.164+0800][2.471s][info][gc,phases   ] GC(85) y: Concurrent Reset Relocation Set 0.003ms
[2026-06-17T10:07:39.165+0800][2.472s][info][gc,reloc    ] GC(85) y: Using tenuring threshold: 2 (Computed)
[2026-06-17T10:07:39.167+0800][2.475s][info][gc,phases   ] GC(85) y: Concurrent Select Relocation Set 2.240ms
[2026-06-17T10:07:39.168+0800][2.475s][info][gc,phases   ] GC(85) y: Pause Relocate Start 0.010ms
[2026-06-17T10:07:39.170+0800][2.477s][info][gc,phases   ] GC(85) y: Concurrent Relocate 0.125ms
[2026-06-17T10:07:39.171+0800][2.478s][info][gc,alloc    ] GC(85) y:                         Mark Start        Mark End      Relocate Start    Relocate End   
[2026-06-17T10:07:39.172+0800][2.480s][info][gc,alloc    ] GC(85) y: Allocation Stalls:          0                0                0                0         
[2026-06-17T10:07:39.173+0800][2.481s][info][gc,load     ] GC(85) y: Load: 0.41 (2%) / 0.44 (2%) / 0.49 (2%)
[2026-06-17T10:07:39.174+0800][2.481s][info][gc,mmu      ] GC(85) y: MMU: 2ms/98.7%, 5ms/99.2%, 10ms/99.5%, 20ms/99.6%, 50ms/99.7%, 100ms/99.7%
[2026-06-17T10:07:39.174+0800][2.481s][info][gc,marking  ] GC(85) y: Mark: 1 stripe(s), 1 proactive flush(es), 1 terminate flush(es), 0 completion(s), 0 continuation(s) 
[2026-06-17T10:07:39.174+0800][2.481s][info][gc,nmethod  ] GC(85) y: NMethods: 70 registered, 6 unregistered
[2026-06-17T10:07:39.174+0800][2.482s][info][gc,metaspace] GC(85) y: Metaspace: 0M used, 0M committed, 1088M reserved
[2026-06-17T10:07:39.174+0800][2.482s][info][gc,reloc    ] GC(85) y:                        Candidates     Selected     In-Place         Size        Empty    Relocated 
[2026-06-17T10:07:39.175+0800][2.482s][info][gc,reloc    ] GC(85) y: Small Pages:                    5            0            0          10M           8M           0M 
[2026-06-17T10:07:39.175+0800][2.482s][info][gc,reloc    ] GC(85) y: Large Pages:                    2            0            0           4M           0M           0M 
[2026-06-17T10:07:39.175+0800][2.482s][info][gc,reloc    ] GC(85) y: Forwarding Usage: 0M
[2026-06-17T10:07:39.175+0800][2.483s][info][gc,reloc    ] GC(85) y: Age Table:
[2026-06-17T10:07:39.176+0800][2.483s][info][gc,reloc    ] GC(85) y:                    Live             Garbage             Small              Medium             Large        
[2026-06-17T10:07:39.176+0800][2.483s][info][gc,reloc    ] GC(85) y: Eden               2M (3%)            8M (12%)          4 / 0              0 / 0              1 / 0        
[2026-06-17T10:07:39.176+0800][2.483s][info][gc,reloc    ] GC(85) y: Survivor 1         2M (4%)            1M (2%)           1 / 0              0 / 0              1 / 0        
[2026-06-17T10:07:39.176+0800][2.484s][info][gc,heap     ] GC(85) y: Min Capacity: 64M(100%)
[2026-06-17T10:07:39.176+0800][2.484s][info][gc,heap     ] GC(85) y: Max Capacity: 64M(100%)
[2026-06-17T10:07:39.177+0800][2.484s][info][gc,heap     ] GC(85) y: Soft Max Capacity: 64M(100%)
[2026-06-17T10:07:39.177+0800][2.484s][info][gc,heap     ] GC(85) y: Heap Statistics:
[2026-06-17T10:07:39.177+0800][2.485s][info][gc,heap     ] GC(85) y:                Mark Start          Mark End        Relocate Start      Relocate End           High               Low         
[2026-06-17T10:07:39.178+0800][2.485s][info][gc,heap     ] GC(85) y:  Capacity:       64M (100%)         64M (100%)         64M (100%)         64M (100%)         64M (100%)         64M (100%)   
[2026-06-17T10:07:39.178+0800][2.485s][info][gc,heap     ] GC(85) y:      Free:        2M (3%)            2M (3%)            2M (3%)            2M (3%)           10M (16%)           2M (3%)     
[2026-06-17T10:07:39.178+0800][2.486s][info][gc,heap     ] GC(85) y:      Used:       62M (97%)          62M (97%)          62M (97%)          62M (97%)          62M (97%)          54M (84%)    
[2026-06-17T10:07:39.179+0800][2.486s][info][gc,heap     ] GC(85) y: Young Generation Statistics:
[2026-06-17T10:07:39.179+0800][2.486s][info][gc,heap     ] GC(85) y:                Mark Start          Mark End        Relocate Start      Relocate End    
[2026-06-17T10:07:39.179+0800][2.486s][info][gc,heap     ] GC(85) y:      Used:       14M (22%)          14M (22%)          14M (22%)          14M (22%)    
[2026-06-17T10:07:39.179+0800][2.487s][info][gc,heap     ] GC(85) y:      Live:         -                 4M (7%)            4M (7%)            4M (7%)     
[2026-06-17T10:07:39.180+0800][2.487s][info][gc,heap     ] GC(85) y:   Garbage:         -                 9M (15%)           1M (2%)            1M (2%)     
[2026-06-17T10:07:39.180+0800][2.487s][info][gc,heap     ] GC(85) y: Allocated:         -                 0M (0%)            8M (12%)           8M (12%)    
[2026-06-17T10:07:39.180+0800][2.488s][info][gc,heap     ] GC(85) y: Reclaimed:         -                  -                 8M (12%)           8M (12%)    
[2026-06-17T10:07:39.181+0800][2.488s][info][gc,heap     ] GC(85) y:  Promoted:         -                  -                 0M (0%)            0M (0%)     
[2026-06-17T10:07:39.181+0800][2.488s][info][gc,heap     ] GC(85) y: Compacted:         -                  -                  -                 0M (0%)     
[2026-06-17T10:07:39.181+0800][2.488s][info][gc,phases   ] GC(85) y: Young Generation 62M(97%)->62M(97%) 0.012s
[2026-06-17T10:07:39.181+0800][2.489s][info][gc          ] GC(85) Minor Collection (High Usage) 60M(94%)->64M(100%) 0.024s
[2026-06-17T10:07:39.182+0800][2.489s][info][gc          ] GC(86) Minor Collection (Allocation Stall)
[2026-06-17T10:07:39.182+0800][2.489s][info][gc,task     ] GC(86) Using 1 Workers for Young Generation
[2026-06-17T10:07:39.182+0800][2.489s][info][gc,phases   ] GC(86) y: Young Generation
[2026-06-17T10:07:39.182+0800][2.490s][info][gc,phases   ] GC(86) y: Pause Mark Start 0.009ms
[2026-06-17T10:07:39.183+0800][2.491s][info][gc,phases   ] GC(86) y: Concurrent Mark 0.411ms
[2026-06-17T10:07:39.184+0800][2.491s][info][gc,phases   ] GC(86) y: Pause Mark End 0.006ms
[2026-06-17T10:07:39.184+0800][2.492s][info][gc,phases   ] GC(86) y: Concurrent Mark Free 0.001ms
[2026-06-17T10:07:39.184+0800][2.492s][info][gc,phases   ] GC(86) y: Concurrent Reset Relocation Set 0.001ms
[2026-06-17T10:07:39.185+0800][2.492s][info][gc,reloc    ] GC(86) y: Using tenuring threshold: 3 (Computed)
[2026-06-17T10:07:39.185+0800][2.492s][info][gc,phases   ] GC(86) y: Concurrent Select Relocation Set 0.522ms
[2026-06-17T10:07:39.185+0800][2.493s][info][gc,phases   ] GC(86) y: Pause Relocate Start 0.006ms
[2026-06-17T10:07:39.186+0800][2.493s][info][gc          ] Allocation Stall (main) 5.750ms
[2026-06-17T10:07:39.186+0800][2.493s][info][gc,phases   ] GC(86) y: Concurrent Relocate 0.163ms
[2026-06-17T10:07:39.188+0800][2.495s][info][gc,alloc    ] GC(86) y:                         Mark Start        Mark End      Relocate Start    Relocate End   
[2026-06-17T10:07:39.188+0800][2.495s][info][gc,alloc    ] GC(86) y: Allocation Stalls:          1                1                1                0         
[2026-06-17T10:07:39.189+0800][2.497s][info][gc,load     ] GC(86) y: Load: 0.41 (2%) / 0.44 (2%) / 0.49 (2%)
[2026-06-17T10:07:39.190+0800][2.497s][info][gc,mmu      ] GC(86) y: MMU: 2ms/98.7%, 5ms/99.2%, 10ms/99.5%, 20ms/99.6%, 50ms/99.7%, 100ms/99.7%
[2026-06-17T10:07:39.193+0800][2.501s][info][gc,marking  ] GC(86) y: Mark: 1 stripe(s), 1 proactive flush(es), 1 terminate flush(es), 0 completion(s), 0 continuation(s) 
[2026-06-17T10:07:39.195+0800][2.503s][info][gc,nmethod  ] GC(86) y: NMethods: 70 registered, 6 unregistered
[2026-06-17T10:07:39.196+0800][2.504s][info][gc,metaspace] GC(86) y: Metaspace: 0M used, 0M committed, 1088M reserved
[2026-06-17T10:07:39.196+0800][2.504s][info][gc,reloc    ] GC(86) y:                        Candidates     Selected     In-Place         Size        Empty    Relocated 
[2026-06-17T10:07:39.197+0800][2.505s][info][gc,reloc    ] GC(86) y: Small Pages:                    5            2            2          10M           0M           1M 
[2026-06-17T10:07:39.198+0800][2.505s][info][gc,reloc    ] GC(86) y: Large Pages:                    3            0            0           6M           0M           0M 
[2026-06-17T10:07:39.200+0800][2.507s][info][gc,reloc    ] GC(86) y: Forwarding Usage: 0M
[2026-06-17T10:07:39.200+0800][2.508s][info][gc,reloc    ] GC(86) y: Age Table:
[2026-06-17T10:07:39.200+0800][2.508s][info][gc,reloc    ] GC(86) y:                    Live             Garbage             Small              Medium             Large        
[2026-06-17T10:07:39.201+0800][2.508s][info][gc,reloc    ] GC(86) y: Eden               6M (10%)           3M (5%)           4 / 1              0 / 0              1 / 0        
[2026-06-17T10:07:39.201+0800][2.508s][info][gc,reloc    ] GC(86) y: Survivor 1         2M (3%)            0M (0%)           0 / 0              0 / 0              1 / 0        
[2026-06-17T10:07:39.201+0800][2.508s][info][gc,reloc    ] GC(86) y: Survivor 2         2M (4%)            1M (2%)           1 / 1              0 / 0              1 / 0        
[2026-06-17T10:07:39.201+0800][2.508s][info][gc,heap     ] GC(86) y: Min Capacity: 64M(100%)
[2026-06-17T10:07:39.201+0800][2.508s][info][gc,heap     ] GC(86) y: Max Capacity: 64M(100%)
[2026-06-17T10:07:39.201+0800][2.509s][info][gc,heap     ] GC(86) y: Soft Max Capacity: 64M(100%)
[2026-06-17T10:07:39.201+0800][2.509s][info][gc,heap     ] GC(86) y: Heap Statistics:
[2026-06-17T10:07:39.201+0800][2.509s][info][gc,heap     ] GC(86) y:                Mark Start          Mark End        Relocate Start      Relocate End           High               Low         
[2026-06-17T10:07:39.201+0800][2.509s][info][gc,heap     ] GC(86) y:  Capacity:       64M (100%)         64M (100%)         64M (100%)         64M (100%)         64M (100%)         64M (100%)   
[2026-06-17T10:07:39.202+0800][2.509s][info][gc,heap     ] GC(86) y:      Free:        0M (0%)            0M (0%)            0M (0%)            0M (0%)            2M (3%)            0M (0%)     
[2026-06-17T10:07:39.202+0800][2.509s][info][gc,heap     ] GC(86) y:      Used:       64M (100%)         64M (100%)         64M (100%)         64M (100%)         64M (100%)         62M (97%)    
[2026-06-17T10:07:39.202+0800][2.509s][info][gc,heap     ] GC(86) y: Young Generation Statistics:
[2026-06-17T10:07:39.202+0800][2.509s][info][gc,heap     ] GC(86) y:                Mark Start          Mark End        Relocate Start      Relocate End    
[2026-06-17T10:07:39.202+0800][2.509s][info][gc,heap     ] GC(86) y:      Used:       16M (25%)          16M (25%)          16M (25%)          14M (22%)    
[2026-06-17T10:07:39.202+0800][2.509s][info][gc,heap     ] GC(86) y:      Live:         -                11M (17%)          11M (17%)          11M (17%)    
[2026-06-17T10:07:39.202+0800][2.509s][info][gc,heap     ] GC(86) y:   Garbage:         -                 4M (8%)            4M (8%)            0M (0%)     
[2026-06-17T10:07:39.202+0800][2.510s][info][gc,heap     ] GC(86) y: Allocated:         -                 0M (0%)            0M (0%)            2M (5%)     
[2026-06-17T10:07:39.202+0800][2.510s][info][gc,heap     ] GC(86) y: Reclaimed:         -                  -                 0M (0%)            4M (8%)     
[2026-06-17T10:07:39.202+0800][2.510s][info][gc,heap     ] GC(86) y:  Promoted:         -                  -                 0M (0%)            0M (0%)     
[2026-06-17T10:07:39.203+0800][2.510s][info][gc,heap     ] GC(86) y: Compacted:         -                  -                  -                 1M (2%)     
[2026-06-17T10:07:39.203+0800][2.510s][info][gc,phases   ] GC(86) y: Young Generation 64M(100%)->64M(100%) 0.006s
[2026-06-17T10:07:39.203+0800][2.510s][info][gc          ] GC(86) Minor Collection (Allocation Stall) 64M(100%)->64M(100%) 0.021s
[2026-06-17T10:07:39.203+0800][2.510s][info][gc          ] GC(87) Minor Collection (Allocation Stall)
[2026-06-17T10:07:39.203+0800][2.510s][info][gc,task     ] GC(87) Using 1 Workers for Young Generation
[2026-06-17T10:07:39.203+0800][2.511s][info][gc,phases   ] GC(87) y: Young Generation
[2026-06-17T10:07:39.203+0800][2.511s][info][gc,phases   ] GC(87) y: Pause Mark Start 0.010ms
[2026-06-17T10:07:39.204+0800][2.512s][info][gc,phases   ] GC(87) y: Concurrent Mark 0.380ms
[2026-06-17T10:07:39.204+0800][2.512s][info][gc,phases   ] GC(87) y: Pause Mark End 0.006ms
[2026-06-17T10:07:39.205+0800][2.512s][info][gc,phases   ] GC(87) y: Concurrent Mark Free 0.001ms
[2026-06-17T10:07:39.205+0800][2.512s][info][gc,phases   ] GC(87) y: Concurrent Reset Relocation Set 0.001ms
[2026-06-17T10:07:39.205+0800][2.512s][info][gc,reloc    ] GC(87) y: Using tenuring threshold: 2 (Computed)
[2026-06-17T10:07:39.205+0800][2.512s][info][gc          ] Allocation Stall (main) 7.298ms
[2026-06-17T10:07:39.205+0800][2.513s][info][gc,phases   ] GC(87) y: Concurrent Select Relocation Set 0.330ms
[2026-06-17T10:07:39.205+0800][2.513s][info][gc,phases   ] GC(87) y: Pause Relocate Start 0.005ms
[2026-06-17T10:07:39.206+0800][2.513s][info][gc,phases   ] GC(87) y: Concurrent Relocate 0.121ms
[2026-06-17T10:07:39.206+0800][2.513s][info][gc,alloc    ] GC(87) y:                         Mark Start        Mark End      Relocate Start    Relocate End   
[2026-06-17T10:07:39.206+0800][2.513s][info][gc,alloc    ] GC(87) y: Allocation Stalls:          1                1                0                0         
[2026-06-17T10:07:39.206+0800][2.513s][info][gc,load     ] GC(87) y: Load: 0.41 (2%) / 0.44 (2%) / 0.49 (2%)
[2026-06-17T10:07:39.206+0800][2.513s][info][gc,mmu      ] GC(87) y: MMU: 2ms/98.7%, 5ms/99.2%, 10ms/99.5%, 20ms/99.6%, 50ms/99.7%, 100ms/99.7%
[2026-06-17T10:07:39.206+0800][2.514s][info][gc,marking  ] GC(87) y: Mark: 1 stripe(s), 1 proactive flush(es), 1 terminate flush(es), 0 completion(s), 0 continuation(s) 
[2026-06-17T10:07:39.206+0800][2.514s][info][gc,nmethod  ] GC(87) y: NMethods: 70 registered, 6 unregistered
[2026-06-17T10:07:39.206+0800][2.514s][info][gc,metaspace] GC(87) y: Metaspace: 0M used, 0M committed, 1088M reserved
[2026-06-17T10:07:39.206+0800][2.514s][info][gc,reloc    ] GC(87) y:                        Candidates     Selected     In-Place         Size        Empty    Relocated 
[2026-06-17T10:07:39.206+0800][2.514s][info][gc,reloc    ] GC(87) y: Small Pages:                    5            1            2          10M           2M           0M 
[2026-06-17T10:07:39.207+0800][2.514s][info][gc,reloc    ] GC(87) y: Large Pages:                    3            0            0           6M           0M           0M 
[2026-06-17T10:07:39.207+0800][2.514s][info][gc,reloc    ] GC(87) y: Forwarding Usage: 0M
[2026-06-17T10:07:39.207+0800][2.514s][info][gc,reloc    ] GC(87) y: Age Table:
[2026-06-17T10:07:39.207+0800][2.514s][info][gc,reloc    ] GC(87) y:                    Live             Garbage             Small              Medium             Large        
[2026-06-17T10:07:39.207+0800][2.514s][info][gc,reloc    ] GC(87) y: Eden               1M (2%)            0M (1%)           1 / 0              0 / 0              0 / 0        
[2026-06-17T10:07:39.207+0800][2.514s][info][gc,reloc    ] GC(87) y: Survivor 1         3M (5%)            4M (7%)           3 / 0              0 / 0              1 / 0        
[2026-06-17T10:07:39.207+0800][2.514s][info][gc,reloc    ] GC(87) y: Survivor 2         2M (3%)            0M (0%)           0 / 0              0 / 0              1 / 0        
[2026-06-17T10:07:39.207+0800][2.515s][info][gc,reloc    ] GC(87) y: Survivor 3         2M (4%)            1M (2%)           1 / 1              0 / 0              1 / 0        
[2026-06-17T10:07:39.207+0800][2.515s][info][gc,heap     ] GC(87) y: Min Capacity: 64M(100%)
[2026-06-17T10:07:39.207+0800][2.515s][info][gc,heap     ] GC(87) y: Max Capacity: 64M(100%)
[2026-06-17T10:07:39.207+0800][2.515s][info][gc,heap     ] GC(87) y: Soft Max Capacity: 64M(100%)
[2026-06-17T10:07:39.208+0800][2.515s][info][gc,heap     ] GC(87) y: Heap Statistics:
[2026-06-17T10:07:39.208+0800][2.515s][info][gc,heap     ] GC(87) y:                Mark Start          Mark End        Relocate Start      Relocate End           High               Low         
[2026-06-17T10:07:39.208+0800][2.515s][info][gc,heap     ] GC(87) y:  Capacity:       64M (100%)         64M (100%)         64M (100%)         64M (100%)         64M (100%)         64M (100%)   
[2026-06-17T10:07:39.208+0800][2.515s][info][gc,heap     ] GC(87) y:      Free:        0M (0%)            0M (0%)            0M (0%)            0M (0%)            2M (3%)            0M (0%)     
[2026-06-17T10:07:39.208+0800][2.515s][info][gc,heap     ] GC(87) y:      Used:       64M (100%)         64M (100%)         64M (100%)         64M (100%)         64M (100%)         62M (97%)    
[2026-06-17T10:07:39.208+0800][2.515s][info][gc,heap     ] GC(87) y: Young Generation Statistics:
[2026-06-17T10:07:39.208+0800][2.515s][info][gc,heap     ] GC(87) y:                Mark Start          Mark End        Relocate Start      Relocate End    
[2026-06-17T10:07:39.208+0800][2.516s][info][gc,heap     ] GC(87) y:      Used:       16M (25%)          16M (25%)          12M (19%)          10M (16%)    
[2026-06-17T10:07:39.208+0800][2.516s][info][gc,heap     ] GC(87) y:      Live:         -                 9M (15%)           5M (8%)            4M (8%)     
[2026-06-17T10:07:39.208+0800][2.516s][info][gc,heap     ] GC(87) y:   Garbage:         -                 6M (10%)           4M (7%)            1M (3%)     
[2026-06-17T10:07:39.208+0800][2.516s][info][gc,heap     ] GC(87) y: Allocated:         -                 0M (0%)            2M (3%)            3M (5%)     
[2026-06-17T10:07:39.208+0800][2.516s][info][gc,heap     ] GC(87) y: Reclaimed:         -                  -                 2M (3%)            4M (8%)     
[2026-06-17T10:07:39.209+0800][2.516s][info][gc,heap     ] GC(87) y:  Promoted:         -                  -                 4M (6%)            4M (7%)     
[2026-06-17T10:07:39.209+0800][2.516s][info][gc,heap     ] GC(87) y: Compacted:         -                  -                  -                 0M (1%)     
[2026-06-17T10:07:39.209+0800][2.516s][info][gc,phases   ] GC(87) y: Young Generation 64M(100%)->64M(100%) 0.003s
[2026-06-17T10:07:39.209+0800][2.516s][info][gc          ] GC(87) Minor Collection (Allocation Stall) 64M(100%)->64M(100%) 0.006s
[2026-06-17T10:07:39.209+0800][2.516s][info][gc          ] GC(88) Major Collection (Allocation Rate)
[2026-06-17T10:07:39.209+0800][2.517s][info][gc,task     ] GC(88) Using 1 Workers for Young Generation
[2026-06-17T10:07:39.209+0800][2.517s][info][gc,task     ] GC(88) Using 1 Workers for Old Generation
[2026-06-17T10:07:39.209+0800][2.517s][info][gc,phases   ] GC(88) Y: Young Generation
[2026-06-17T10:07:39.209+0800][2.517s][info][gc,phases   ] GC(88) Y: Pause Mark Start (Major) 0.007ms
[2026-06-17T10:07:39.210+0800][2.517s][info][gc,phases   ] GC(88) Y: Concurrent Mark 0.445ms
[2026-06-17T10:07:39.210+0800][2.518s][info][gc,phases   ] GC(88) Y: Pause Mark End 0.005ms
[2026-06-17T10:07:39.210+0800][2.518s][info][gc,phases   ] GC(88) Y: Concurrent Mark Free 0.001ms
[2026-06-17T10:07:39.210+0800][2.518s][info][gc,phases   ] GC(88) Y: Concurrent Reset Relocation Set 0.004ms
[2026-06-17T10:07:39.210+0800][2.518s][info][gc,reloc    ] GC(88) Y: Using tenuring threshold: 3 (Computed)
[2026-06-17T10:07:39.211+0800][2.518s][info][gc,phases   ] GC(88) Y: Concurrent Select Relocation Set 0.203ms
[2026-06-17T10:07:39.211+0800][2.518s][info][gc,phases   ] GC(88) Y: Pause Relocate Start 0.005ms
[2026-06-17T10:07:39.211+0800][2.519s][info][gc,phases   ] GC(88) Y: Concurrent Relocate 0.195ms
[2026-06-17T10:07:39.211+0800][2.519s][info][gc,alloc    ] GC(88) Y:                         Mark Start        Mark End      Relocate Start    Relocate End   
[2026-06-17T10:07:39.211+0800][2.519s][info][gc,alloc    ] GC(88) Y: Allocation Stalls:          0                0                0                0         
[2026-06-17T10:07:39.211+0800][2.519s][info][gc,load     ] GC(88) Y: Load: 0.41 (2%) / 0.44 (2%) / 0.49 (2%)
[2026-06-17T10:07:39.212+0800][2.519s][info][gc,mmu      ] GC(88) Y: MMU: 2ms/98.7%, 5ms/99.2%, 10ms/99.5%, 20ms/99.6%, 50ms/99.7%, 100ms/99.7%
[2026-06-17T10:07:39.212+0800][2.519s][info][gc,marking  ] GC(88) Y: Mark: 1 stripe(s), 1 proactive flush(es), 1 terminate flush(es), 0 completion(s), 0 continuation(s) 
[2026-06-17T10:07:39.212+0800][2.519s][info][gc,nmethod  ] GC(88) Y: NMethods: 70 registered, 6 unregistered
[2026-06-17T10:07:39.212+0800][2.519s][info][gc,metaspace] GC(88) Y: Metaspace: 0M used, 0M committed, 1088M reserved
[2026-06-17T10:07:39.212+0800][2.519s][info][gc,reloc    ] GC(88) Y:                        Candidates     Selected     In-Place         Size        Empty    Relocated 
[2026-06-17T10:07:39.212+0800][2.519s][info][gc,reloc    ] GC(88) Y: Small Pages:                    4            1            0           8M           4M           0M 
[2026-06-17T10:07:39.212+0800][2.519s][info][gc,reloc    ] GC(88) Y: Large Pages:                    1            0            0           2M           0M           0M 
[2026-06-17T10:07:39.212+0800][2.519s][info][gc,reloc    ] GC(88) Y: Forwarding Usage: 0M
[2026-06-17T10:07:39.212+0800][2.520s][info][gc,reloc    ] GC(88) Y: Age Table:
[2026-06-17T10:07:39.212+0800][2.520s][info][gc,reloc    ] GC(88) Y:                    Live             Garbage             Small              Medium             Large        
[2026-06-17T10:07:39.212+0800][2.520s][info][gc,reloc    ] GC(88) Y: Eden                -                 2M (3%)           1 / 0              0 / 0              0 / 0        
[2026-06-17T10:07:39.212+0800][2.520s][info][gc,reloc    ] GC(88) Y: Survivor 1          -                 2M (3%)           1 / 0              0 / 0              0 / 0        
[2026-06-17T10:07:39.212+0800][2.520s][info][gc,reloc    ] GC(88) Y: Survivor 2         3M (5%)            2M (4%)           2 / 1              0 / 0              1 / 0        
[2026-06-17T10:07:39.213+0800][2.520s][info][gc,heap     ] GC(88) Y: Min Capacity: 64M(100%)
[2026-06-17T10:07:39.213+0800][2.520s][info][gc,heap     ] GC(88) Y: Max Capacity: 64M(100%)
[2026-06-17T10:07:39.213+0800][2.520s][info][gc,heap     ] GC(88) Y: Soft Max Capacity: 64M(100%)
[2026-06-17T10:07:39.213+0800][2.520s][info][gc,heap     ] GC(88) Y: Heap Statistics:
[2026-06-17T10:07:39.213+0800][2.520s][info][gc,heap     ] GC(88) Y:                Mark Start          Mark End        Relocate Start      Relocate End           High               Low         
[2026-06-17T10:07:39.213+0800][2.520s][info][gc,heap     ] GC(88) Y:  Capacity:       64M (100%)         64M (100%)         64M (100%)         64M (100%)         64M (100%)         64M (100%)   
[2026-06-17T10:07:39.213+0800][2.520s][info][gc,heap     ] GC(88) Y:      Free:        0M (0%)            0M (0%)            4M (6%)            6M (9%)            6M (9%)            0M (0%)     
[2026-06-17T10:07:39.213+0800][2.520s][info][gc,heap     ] GC(88) Y:      Used:       64M (100%)         64M (100%)         60M (94%)          58M (91%)          64M (100%)         58M (91%)    
[2026-06-17T10:07:39.213+0800][2.521s][info][gc,heap     ] GC(88) Y: Young Generation Statistics:
[2026-06-17T10:07:39.213+0800][2.521s][info][gc,heap     ] GC(88) Y:                Mark Start          Mark End        Relocate Start      Relocate End    
[2026-06-17T10:07:39.213+0800][2.521s][info][gc,heap     ] GC(88) Y:      Used:       10M (16%)          10M (16%)           6M (9%)            4M (6%)     
[2026-06-17T10:07:39.213+0800][2.521s][info][gc,heap     ] GC(88) Y:      Live:         -                 3M (5%)            3M (5%)            3M (5%)     
[2026-06-17T10:07:39.213+0800][2.521s][info][gc,heap     ] GC(88) Y:   Garbage:         -                 6M (10%)           2M (4%)            0M (0%)     
[2026-06-17T10:07:39.214+0800][2.521s][info][gc,heap     ] GC(88) Y: Allocated:         -                 0M (0%)            0M (0%)            0M (1%)     
[2026-06-17T10:07:39.214+0800][2.521s][info][gc,heap     ] GC(88) Y: Reclaimed:         -                  -                 4M (6%)            6M (10%)    
[2026-06-17T10:07:39.214+0800][2.521s][info][gc,heap     ] GC(88) Y:  Promoted:         -                  -                 0M (0%)            0M (0%)     
[2026-06-17T10:07:39.214+0800][2.521s][info][gc,heap     ] GC(88) Y: Compacted:         -                  -                  -                 1M (2%)     
[2026-06-17T10:07:39.214+0800][2.521s][info][gc,phases   ] GC(88) Y: Young Generation 64M(100%)->58M(91%) 0.002s
[2026-06-17T10:07:39.214+0800][2.521s][info][gc,phases   ] GC(88) O: Old Generation
[2026-06-17T10:07:39.215+0800][2.522s][info][gc,phases   ] GC(88) O: Concurrent Mark 0.951ms
[2026-06-17T10:07:39.215+0800][2.522s][info][gc,phases   ] GC(88) O: Pause Mark End 0.005ms
[2026-06-17T10:07:39.215+0800][2.523s][info][gc,phases   ] GC(88) O: Concurrent Mark Free 0.002ms
[2026-06-17T10:07:39.215+0800][2.523s][info][gc          ] GC(89) Minor Collection (Allocation Rate)
[2026-06-17T10:07:39.216+0800][2.523s][info][gc,task     ] GC(89) Using 1 Workers for Young Generation
[2026-06-17T10:07:39.216+0800][2.523s][info][gc,phases   ] GC(89) y: Young Generation
[2026-06-17T10:07:39.216+0800][2.523s][info][gc,phases   ] GC(88) O: Concurrent Process Non-Strong 0.301ms
[2026-06-17T10:07:39.216+0800][2.524s][info][gc,phases   ] GC(88) O: Concurrent Reset Relocation Set 0.000ms
[2026-06-17T10:07:39.216+0800][2.523s][info][gc,phases   ] GC(89) y: Pause Mark Start 0.007ms
[2026-06-17T10:07:39.216+0800][2.524s][info][gc,phases   ] GC(88) O: Concurrent Select Relocation Set 0.165ms
[2026-06-17T10:07:39.217+0800][2.524s][info][gc,phases   ] GC(89) y: Concurrent Mark 0.397ms
[2026-06-17T10:07:39.217+0800][2.524s][info][gc,phases   ] GC(89) y: Pause Mark End 0.005ms
[2026-06-17T10:07:39.217+0800][2.524s][info][gc,phases   ] GC(89) y: Concurrent Mark Free 0.001ms
[2026-06-17T10:07:39.217+0800][2.525s][info][gc,phases   ] GC(89) y: Concurrent Reset Relocation Set 0.001ms
[2026-06-17T10:07:39.217+0800][2.525s][info][gc,reloc    ] GC(89) y: Using tenuring threshold: 3 (Computed)
[2026-06-17T10:07:39.217+0800][2.525s][info][gc          ] Allocation Stall (main) 1.546ms
[2026-06-17T10:07:39.217+0800][2.525s][info][gc,phases   ] GC(89) y: Concurrent Select Relocation Set 0.248ms
[2026-06-17T10:07:39.218+0800][2.525s][info][gc,phases   ] GC(89) y: Pause Relocate Start 0.003ms
[2026-06-17T10:07:39.218+0800][2.525s][info][gc,phases   ] GC(89) y: Concurrent Relocate 0.122ms
[2026-06-17T10:07:39.218+0800][2.525s][info][gc,alloc    ] GC(89) y:                         Mark Start        Mark End      Relocate Start    Relocate End   
[2026-06-17T10:07:39.218+0800][2.525s][info][gc,alloc    ] GC(89) y: Allocation Stalls:          1                1                1                1         
[2026-06-17T10:07:39.218+0800][2.525s][info][gc,load     ] GC(89) y: Load: 0.41 (2%) / 0.44 (2%) / 0.49 (2%)
[2026-06-17T10:07:39.218+0800][2.526s][info][gc,mmu      ] GC(89) y: MMU: 2ms/98.7%, 5ms/99.2%, 10ms/99.5%, 20ms/99.6%, 50ms/99.7%, 100ms/99.7%
[2026-06-17T10:07:39.218+0800][2.526s][info][gc,marking  ] GC(89) y: Mark: 1 stripe(s), 1 proactive flush(es), 1 terminate flush(es), 0 completion(s), 0 continuation(s) 
[2026-06-17T10:07:39.218+0800][2.526s][info][gc,nmethod  ] GC(89) y: NMethods: 70 registered, 6 unregistered
[2026-06-17T10:07:39.218+0800][2.526s][info][gc,metaspace] GC(89) y: Metaspace: 0M used, 0M committed, 1088M reserved
[2026-06-17T10:07:39.218+0800][2.526s][info][gc,reloc    ] GC(89) y:                        Candidates     Selected     In-Place         Size        Empty    Relocated 
[2026-06-17T10:07:39.218+0800][2.526s][info][gc,reloc    ] GC(89) y: Small Pages:                    3            1            2           6M           2M           1M 
[2026-06-17T10:07:39.219+0800][2.526s][info][gc,reloc    ] GC(89) y: Large Pages:                    2            0            0           4M           0M           0M 
[2026-06-17T10:07:39.219+0800][2.526s][info][gc,reloc    ] GC(89) y: Forwarding Usage: 0M
[2026-06-17T10:07:39.219+0800][2.526s][info][gc,reloc    ] GC(89) y: Age Table:
[2026-06-17T10:07:39.219+0800][2.526s][info][gc,reloc    ] GC(89) y:                    Live             Garbage             Small              Medium             Large        
[2026-06-17T10:07:39.219+0800][2.526s][info][gc,reloc    ] GC(89) y: Eden               2M (4%)            3M (6%)           2 / 0              0 / 0              1 / 0        
[2026-06-17T10:07:39.219+0800][2.526s][info][gc,reloc    ] GC(89) y: Survivor 1          -                 0M (0%)           0 / 0              0 / 0              0 / 0        
[2026-06-17T10:07:39.219+0800][2.527s][info][gc,reloc    ] GC(89) y: Survivor 2          -                 0M (0%)           0 / 0              0 / 0              0 / 0        
[2026-06-17T10:07:39.219+0800][2.527s][info][gc,reloc    ] GC(89) y: Survivor 3         3M (5%)            0M (1%)           1 / 1              0 / 0              1 / 0        
[2026-06-17T10:07:39.219+0800][2.527s][info][gc,heap     ] GC(89) y: Min Capacity: 64M(100%)
[2026-06-17T10:07:39.219+0800][2.527s][info][gc,heap     ] GC(89) y: Max Capacity: 64M(100%)
[2026-06-17T10:07:39.220+0800][2.527s][info][gc,heap     ] GC(89) y: Soft Max Capacity: 64M(100%)
[2026-06-17T10:07:39.220+0800][2.527s][info][gc,heap     ] GC(89) y: Heap Statistics:
[2026-06-17T10:07:39.220+0800][2.527s][info][gc,heap     ] GC(89) y:                Mark Start          Mark End        Relocate Start      Relocate End           High               Low         
[2026-06-17T10:07:39.220+0800][2.527s][info][gc,heap     ] GC(89) y:  Capacity:       64M (100%)         64M (100%)         64M (100%)         64M (100%)         64M (100%)         64M (100%)   
[2026-06-17T10:07:39.220+0800][2.528s][info][gc,heap     ] GC(89) y:      Free:        0M (0%)            0M (0%)            0M (0%)            0M (0%)            2M (3%)            0M (0%)     
[2026-06-17T10:07:39.220+0800][2.528s][info][gc,heap     ] GC(89) y:      Used:       64M (100%)         64M (100%)         64M (100%)         64M (100%)         64M (100%)         62M (97%)    
[2026-06-17T10:07:39.220+0800][2.528s][info][gc,heap     ] GC(89) y: Young Generation Statistics:
[2026-06-17T10:07:39.220+0800][2.528s][info][gc,heap     ] GC(89) y:                Mark Start          Mark End        Relocate Start      Relocate End    
[2026-06-17T10:07:39.220+0800][2.528s][info][gc,heap     ] GC(89) y:      Used:       10M (16%)          10M (16%)           8M (12%)           6M (9%)     
[2026-06-17T10:07:39.221+0800][2.528s][info][gc,heap     ] GC(89) y:      Live:         -                 5M (9%)            3M (6%)            2M (4%)     
[2026-06-17T10:07:39.221+0800][2.528s][info][gc,heap     ] GC(89) y:   Garbage:         -                 4M (7%)            2M (4%)            0M (0%)     
[2026-06-17T10:07:39.221+0800][2.528s][info][gc,heap     ] GC(89) y: Allocated:         -                 0M (0%)            2M (3%)            3M (6%)     
[2026-06-17T10:07:39.221+0800][2.528s][info][gc,heap     ] GC(89) y: Reclaimed:         -                  -                 2M (3%)            4M (7%)     
[2026-06-17T10:07:39.221+0800][2.528s][info][gc,heap     ] GC(89) y:  Promoted:         -                  -                 2M (3%)            3M (5%)     
[2026-06-17T10:07:39.221+0800][2.528s][info][gc,heap     ] GC(89) y: Compacted:         -                  -                  -                 0M (1%)     
[2026-06-17T10:07:39.221+0800][2.528s][info][gc,phases   ] GC(89) y: Young Generation 64M(100%)->64M(100%) 0.002s
[2026-06-17T10:07:39.221+0800][2.529s][info][gc          ] GC(89) Minor Collection (Allocation Rate) 60M(94%)->64M(100%) 0.006s
[2026-06-17T10:07:39.221+0800][2.529s][info][gc          ] GC(90) Minor Collection (Allocation Stall)
[2026-06-17T10:07:39.221+0800][2.529s][info][gc,task     ] GC(90) Using 1 Workers for Young Generation
[2026-06-17T10:07:39.221+0800][2.529s][info][gc,phases   ] GC(90) y: Young Generation
[2026-06-17T10:07:39.222+0800][2.529s][info][gc,phases   ] GC(90) y: Pause Mark Start 0.005ms
[2026-06-17T10:07:39.222+0800][2.529s][info][gc,phases   ] GC(90) y: Concurrent Mark 0.396ms
[2026-06-17T10:07:39.222+0800][2.530s][info][gc,phases   ] GC(90) y: Pause Mark End 0.005ms
[2026-06-17T10:07:39.222+0800][2.530s][info][gc,phases   ] GC(90) y: Concurrent Mark Free 0.001ms
[2026-06-17T10:07:39.223+0800][2.530s][info][gc,phases   ] GC(90) y: Concurrent Reset Relocation Set 0.002ms
[2026-06-17T10:07:39.223+0800][2.530s][info][gc,reloc    ] GC(90) y: Using tenuring threshold: 2 (Computed)
[2026-06-17T10:07:39.223+0800][2.530s][info][gc,phases   ] GC(90) y: Concurrent Select Relocation Set 0.240ms
[2026-06-17T10:07:39.223+0800][2.530s][info][gc,phases   ] GC(90) y: Pause Relocate Start 0.004ms
[2026-06-17T10:07:39.223+0800][2.531s][info][gc,phases   ] GC(90) y: Concurrent Relocate 0.082ms
[2026-06-17T10:07:39.223+0800][2.531s][info][gc,alloc    ] GC(90) y:                         Mark Start        Mark End      Relocate Start    Relocate End   
[2026-06-17T10:07:39.223+0800][2.531s][info][gc,alloc    ] GC(90) y: Allocation Stalls:          1                1                1                1         
[2026-06-17T10:07:39.224+0800][2.531s][info][gc,load     ] GC(90) y: Load: 0.41 (2%) / 0.44 (2%) / 0.49 (2%)
[2026-06-17T10:07:39.224+0800][2.531s][info][gc,mmu      ] GC(90) y: MMU: 2ms/98.7%, 5ms/99.2%, 10ms/99.5%, 20ms/99.6%, 50ms/99.7%, 100ms/99.7%
[2026-06-17T10:07:39.224+0800][2.531s][info][gc,marking  ] GC(90) y: Mark: 1 stripe(s), 1 proactive flush(es), 1 terminate flush(es), 0 completion(s), 0 continuation(s) 
[2026-06-17T10:07:39.224+0800][2.531s][info][gc,nmethod  ] GC(90) y: NMethods: 70 registered, 6 unregistered
[2026-06-17T10:07:39.224+0800][2.531s][info][gc,metaspace] GC(90) y: Metaspace: 0M used, 0M committed, 1088M reserved
[2026-06-17T10:07:39.224+0800][2.531s][info][gc,reloc    ] GC(90) y:                        Candidates     Selected     In-Place         Size        Empty    Relocated 
[2026-06-17T10:07:39.224+0800][2.532s][info][gc,reloc    ] GC(90) y: Small Pages:                    1            0            0           2M           0M           0M 
[2026-06-17T10:07:39.224+0800][2.532s][info][gc,reloc    ] GC(90) y: Large Pages:                    2            0            0           4M           0M           0M 
[2026-06-17T10:07:39.224+0800][2.532s][info][gc,reloc    ] GC(90) y: Forwarding Usage: 0M
[2026-06-17T10:07:39.224+0800][2.532s][info][gc,reloc    ] GC(90) y: Age Table:
[2026-06-17T10:07:39.224+0800][2.532s][info][gc,reloc    ] GC(90) y:                    Live             Garbage             Small              Medium             Large        
[2026-06-17T10:07:39.225+0800][2.532s][info][gc,reloc    ] GC(90) y: Eden               2M (3%)            0M (0%)           0 / 0              0 / 0              1 / 0        
[2026-06-17T10:07:39.225+0800][2.532s][info][gc,reloc    ] GC(90) y: Survivor 1         2M (4%)            1M (2%)           1 / 0              0 / 0              1 / 0        
[2026-06-17T10:07:39.225+0800][2.532s][info][gc,heap     ] GC(90) y: Min Capacity: 64M(100%)
[2026-06-17T10:07:39.225+0800][2.532s][info][gc,heap     ] GC(90) y: Max Capacity: 64M(100%)
[2026-06-17T10:07:39.225+0800][2.532s][info][gc,heap     ] GC(90) y: Soft Max Capacity: 64M(100%)
[2026-06-17T10:07:39.225+0800][2.532s][info][gc,heap     ] GC(90) y: Heap Statistics:
[2026-06-17T10:07:39.225+0800][2.533s][info][gc,heap     ] GC(90) y:                Mark Start          Mark End        Relocate Start      Relocate End           High               Low         
[2026-06-17T10:07:39.225+0800][2.533s][info][gc,heap     ] GC(90) y:  Capacity:       64M (100%)         64M (100%)         64M (100%)         64M (100%)         64M (100%)         64M (100%)   
[2026-06-17T10:07:39.225+0800][2.533s][info][gc,heap     ] GC(90) y:      Free:        0M (0%)            0M (0%)            0M (0%)            0M (0%)            0M (0%)            0M (0%)     
[2026-06-17T10:07:39.225+0800][2.533s][info][gc,heap     ] GC(90) y:      Used:       64M (100%)         64M (100%)         64M (100%)         64M (100%)         64M (100%)         64M (100%)   
[2026-06-17T10:07:39.226+0800][2.533s][info][gc,heap     ] GC(90) y: Young Generation Statistics:
[2026-06-17T10:07:39.226+0800][2.533s][info][gc,heap     ] GC(90) y:                Mark Start          Mark End        Relocate Start      Relocate End    
[2026-06-17T10:07:39.226+0800][2.533s][info][gc,heap     ] GC(90) y:      Used:        6M (9%)            6M (9%)            6M (9%)            6M (9%)     
[2026-06-17T10:07:39.226+0800][2.533s][info][gc,heap     ] GC(90) y:      Live:         -                 4M (7%)            4M (7%)            4M (7%)     
[2026-06-17T10:07:39.226+0800][2.533s][info][gc,heap     ] GC(90) y:   Garbage:         -                 1M (2%)            1M (2%)            1M (2%)     
[2026-06-17T10:07:39.226+0800][2.533s][info][gc,heap     ] GC(90) y: Allocated:         -                 0M (0%)            0M (0%)            0M (0%)     
[2026-06-17T10:07:39.226+0800][2.533s][info][gc,heap     ] GC(90) y: Reclaimed:         -                  -                 0M (0%)            0M (0%)     
[2026-06-17T10:07:39.226+0800][2.533s][info][gc,heap     ] GC(90) y:  Promoted:         -                  -                 0M (0%)            0M (0%)     
[2026-06-17T10:07:39.226+0800][2.534s][info][gc,heap     ] GC(90) y: Compacted:         -                  -                  -                 0M (0%)     
[2026-06-17T10:07:39.226+0800][2.534s][info][gc,phases   ] GC(90) y: Young Generation 64M(100%)->64M(100%) 0.002s
[2026-06-17T10:07:39.226+0800][2.534s][info][gc          ] GC(90) Minor Collection (Allocation Stall) 64M(100%)->64M(100%) 0.005s
[2026-06-17T10:07:39.227+0800][2.534s][info][gc,task     ] GC(88) O: Using 1 Workers for Old Generation
[2026-06-17T10:07:39.227+0800][2.534s][info][gc,task     ] GC(88) O: Using 1 Workers for Old Generation
[2026-06-17T10:07:39.227+0800][2.534s][info][gc,phases   ] GC(88) O: Concurrent Remap Roots 0.431ms
[2026-06-17T10:07:39.227+0800][2.535s][info][gc,phases   ] GC(88) O: Pause Relocate Start 0.005ms
[2026-06-17T10:07:39.227+0800][2.535s][info][gc          ] GC(91) Minor Collection (High Usage)
[2026-06-17T10:07:39.227+0800][2.535s][info][gc          ] Allocation Stall (main) 10.051ms
[2026-06-17T10:07:39.227+0800][2.535s][info][gc,phases   ] GC(88) O: Concurrent Relocate 0.171ms
[2026-06-17T10:07:39.227+0800][2.535s][info][gc,task     ] GC(91) Using 1 Workers for Young Generation
[2026-06-17T10:07:39.228+0800][2.535s][info][gc,phases   ] GC(91) y: Young Generation
[2026-06-17T10:07:39.228+0800][2.535s][info][gc,phases   ] GC(91) y: Pause Mark Start 0.006ms
[2026-06-17T10:07:39.228+0800][2.536s][info][gc,phases   ] GC(91) y: Concurrent Mark 0.357ms
[2026-06-17T10:07:39.229+0800][2.536s][info][gc,phases   ] GC(91) y: Pause Mark End 0.005ms
[2026-06-17T10:07:39.229+0800][2.536s][info][gc,phases   ] GC(91) y: Concurrent Mark Free 0.001ms
[2026-06-17T10:07:39.229+0800][2.536s][info][gc,phases   ] GC(91) y: Concurrent Reset Relocation Set 0.000ms
[2026-06-17T10:07:39.229+0800][2.536s][info][gc,reloc    ] GC(91) y: Using tenuring threshold: 1 (Computed)
[2026-06-17T10:07:39.229+0800][2.536s][info][gc,phases   ] GC(91) y: Concurrent Select Relocation Set 0.200ms
[2026-06-17T10:07:39.229+0800][2.537s][info][gc,phases   ] GC(91) y: Pause Relocate Start 0.003ms
[2026-06-17T10:07:39.230+0800][2.537s][info][gc,phases   ] GC(91) y: Concurrent Relocate 0.110ms
[2026-06-17T10:07:39.230+0800][2.537s][info][gc,alloc    ] GC(91) y:                         Mark Start        Mark End      Relocate Start    Relocate End   
[2026-06-17T10:07:39.230+0800][2.537s][info][gc,alloc    ] GC(91) y: Allocation Stalls:          1                1                1                1         
[2026-06-17T10:07:39.230+0800][2.537s][info][gc,load     ] GC(91) y: Load: 0.41 (2%) / 0.44 (2%) / 0.49 (2%)
[2026-06-17T10:07:39.230+0800][2.537s][info][gc,mmu      ] GC(91) y: MMU: 2ms/98.7%, 5ms/99.2%, 10ms/99.5%, 20ms/99.6%, 50ms/99.7%, 100ms/99.7%
[2026-06-17T10:07:39.230+0800][2.537s][info][gc,marking  ] GC(91) y: Mark: 1 stripe(s), 1 proactive flush(es), 1 terminate flush(es), 0 completion(s), 0 continuation(s) 
[2026-06-17T10:07:39.230+0800][2.537s][info][gc,nmethod  ] GC(91) y: NMethods: 70 registered, 6 unregistered
[2026-06-17T10:07:39.230+0800][2.537s][info][gc,metaspace] GC(91) y: Metaspace: 0M used, 0M committed, 1088M reserved
[2026-06-17T10:07:39.230+0800][2.538s][info][gc,reloc    ] GC(91) y:                        Candidates     Selected     In-Place         Size        Empty    Relocated 
[2026-06-17T10:07:39.230+0800][2.538s][info][gc,reloc    ] GC(91) y: Small Pages:                    2            1            2           4M           0M           0M 
[2026-06-17T10:07:39.230+0800][2.538s][info][gc,reloc    ] GC(91) y: Large Pages:                    2            0            0           4M           0M           0M 
[2026-06-17T10:07:39.230+0800][2.538s][info][gc,reloc    ] GC(91) y: Forwarding Usage: 0M
[2026-06-17T10:07:39.231+0800][2.538s][info][gc,reloc    ] GC(91) y: Age Table:
[2026-06-17T10:07:39.231+0800][2.538s][info][gc,reloc    ] GC(91) y:                    Live             Garbage             Small              Medium             Large        
[2026-06-17T10:07:39.231+0800][2.538s][info][gc,reloc    ] GC(91) y: Eden               0M (0%)            1M (3%)           1 / 0              0 / 0              0 / 0        
[2026-06-17T10:07:39.231+0800][2.538s][info][gc,reloc    ] GC(91) y: Survivor 1         2M (3%)            0M (0%)           0 / 0              0 / 0              1 / 0        
[2026-06-17T10:07:39.231+0800][2.538s][info][gc,reloc    ] GC(91) y: Survivor 2         2M (4%)            1M (2%)           1 / 1              0 / 0              1 / 0        
[2026-06-17T10:07:39.231+0800][2.538s][info][gc,heap     ] GC(91) y: Min Capacity: 64M(100%)
[2026-06-17T10:07:39.231+0800][2.538s][info][gc,heap     ] GC(91) y: Max Capacity: 64M(100%)
[2026-06-17T10:07:39.231+0800][2.539s][info][gc,heap     ] GC(91) y: Soft Max Capacity: 64M(100%)
[2026-06-17T10:07:39.231+0800][2.539s][info][gc,heap     ] GC(91) y: Heap Statistics:
[2026-06-17T10:07:39.231+0800][2.539s][info][gc,heap     ] GC(91) y:                Mark Start          Mark End        Relocate Start      Relocate End           High               Low         
[2026-06-17T10:07:39.232+0800][2.539s][info][gc,heap     ] GC(91) y:  Capacity:       64M (100%)         64M (100%)         64M (100%)         64M (100%)         64M (100%)         64M (100%)   
[2026-06-17T10:07:39.232+0800][2.539s][info][gc,heap     ] GC(91) y:      Free:        0M (0%)            0M (0%)            0M (0%)            0M (0%)            0M (0%)            0M (0%)     
[2026-06-17T10:07:39.232+0800][2.539s][info][gc,heap     ] GC(91) y:      Used:       64M (100%)         64M (100%)         64M (100%)         64M (100%)         64M (100%)         64M (100%)   
[2026-06-17T10:07:39.232+0800][2.539s][info][gc,heap     ] GC(91) y: Young Generation Statistics:
[2026-06-17T10:07:39.232+0800][2.539s][info][gc,heap     ] GC(91) y:                Mark Start          Mark End        Relocate Start      Relocate End    
[2026-06-17T10:07:39.232+0800][2.539s][info][gc,heap     ] GC(91) y:      Used:        8M (12%)           8M (12%)           4M (6%)            2M (3%)     
[2026-06-17T10:07:39.232+0800][2.539s][info][gc,heap     ] GC(91) y:      Live:         -                 4M (7%)            0M (1%)            0M (0%)     
[2026-06-17T10:07:39.232+0800][2.540s][info][gc,heap     ] GC(91) y:   Garbage:         -                 3M (5%)            3M (5%)            0M (0%)     
[2026-06-17T10:07:39.232+0800][2.540s][info][gc,heap     ] GC(91) y: Allocated:         -                 0M (0%)            0M (0%)            1M (3%)     
[2026-06-17T10:07:39.232+0800][2.540s][info][gc,heap     ] GC(91) y: Reclaimed:         -                  -                 0M (0%)            3M (5%)     
[2026-06-17T10:07:39.232+0800][2.540s][info][gc,heap     ] GC(91) y:  Promoted:         -                  -                 4M (6%)            4M (7%)     
[2026-06-17T10:07:39.232+0800][2.540s][info][gc,heap     ] GC(91) y: Compacted:         -                  -                  -                 0M (0%)     
[2026-06-17T10:07:39.232+0800][2.540s][info][gc,phases   ] GC(91) y: Young Generation 64M(100%)->64M(100%) 0.002s
[2026-06-17T10:07:39.233+0800][2.540s][info][gc          ] GC(91) Minor Collection (High Usage) 64M(100%)->64M(100%) 0.005s
[2026-06-17T10:07:39.233+0800][2.540s][info][gc,alloc    ] GC(88) O:                         Mark Start        Mark End      Relocate Start    Relocate End   
[2026-06-17T10:07:39.233+0800][2.540s][info][gc,alloc    ] GC(88) O: Allocation Stalls:          0                0                1                0         
[2026-06-17T10:07:39.233+0800][2.540s][info][gc,load     ] GC(88) O: Load: 0.41 (2%) / 0.44 (2%) / 0.49 (2%)
[2026-06-17T10:07:39.233+0800][2.540s][info][gc,mmu      ] GC(88) O: MMU: 2ms/98.7%, 5ms/99.2%, 10ms/99.5%, 20ms/99.6%, 50ms/99.7%, 100ms/99.7%
[2026-06-17T10:07:39.233+0800][2.541s][info][gc,marking  ] GC(88) O: Mark: 1 stripe(s), 1 proactive flush(es), 1 terminate flush(es), 0 completion(s), 0 continuation(s) 
[2026-06-17T10:07:39.233+0800][2.541s][info][gc,nmethod  ] GC(88) O: NMethods: 70 registered, 6 unregistered
[2026-06-17T10:07:39.233+0800][2.541s][info][gc,metaspace] GC(88) O: Metaspace: 0M used, 0M committed, 1088M reserved
[2026-06-17T10:07:39.233+0800][2.541s][info][gc,ref      ] GC(88) O:                       Encountered   Discovered     Enqueued 
[2026-06-17T10:07:39.233+0800][2.541s][info][gc,ref      ] GC(88) O: Soft References:                0            0            0 
[2026-06-17T10:07:39.233+0800][2.541s][info][gc,ref      ] GC(88) O: Weak References:                6            0            0 
[2026-06-17T10:07:39.234+0800][2.541s][info][gc,ref      ] GC(88) O: Final References:               0            0            0 
[2026-06-17T10:07:39.234+0800][2.541s][info][gc,ref      ] GC(88) O: Phantom References:             1            1            0 
[2026-06-17T10:07:39.234+0800][2.541s][info][gc,reloc    ] GC(88) O:                        Candidates     Selected     In-Place         Size        Empty    Relocated 
[2026-06-17T10:07:39.234+0800][2.541s][info][gc,reloc    ] GC(88) O: Small Pages:                    3            1            1           6M           0M           0M 
[2026-06-17T10:07:39.234+0800][2.541s][info][gc,reloc    ] GC(88) O: Large Pages:                   24            0            0          48M           0M           0M 
[2026-06-17T10:07:39.234+0800][2.541s][info][gc,reloc    ] GC(88) O: Forwarding Usage: 0M
[2026-06-17T10:07:39.234+0800][2.541s][info][gc,heap     ] GC(88) O: Min Capacity: 64M(100%)
[2026-06-17T10:07:39.234+0800][2.541s][info][gc,heap     ] GC(88) O: Max Capacity: 64M(100%)
[2026-06-17T10:07:39.234+0800][2.542s][info][gc,heap     ] GC(88) O: Soft Max Capacity: 64M(100%)
[2026-06-17T10:07:39.234+0800][2.542s][info][gc,heap     ] GC(88) O: Heap Statistics:
[2026-06-17T10:07:39.234+0800][2.542s][info][gc,heap     ] GC(88) O:                Mark Start          Mark End        Relocate Start      Relocate End           High               Low         
[2026-06-17T10:07:39.234+0800][2.542s][info][gc,heap     ] GC(88) O:  Capacity:       64M (100%)         64M (100%)         64M (100%)         64M (100%)         64M (100%)         64M (100%)   
[2026-06-17T10:07:39.234+0800][2.542s][info][gc,heap     ] GC(88) O:      Free:        0M (0%)            6M (9%)            0M (0%)            0M (0%)            6M (9%)            0M (0%)     
[2026-06-17T10:07:39.235+0800][2.542s][info][gc,heap     ] GC(88) O:      Used:       64M (100%)         58M (91%)          64M (100%)         64M (100%)         64M (100%)         58M (91%)    
[2026-06-17T10:07:39.235+0800][2.542s][info][gc,heap     ] GC(88) O: Old Generation Statistics:
[2026-06-17T10:07:39.235+0800][2.542s][info][gc,heap     ] GC(88) O:                Mark Start          Mark End        Relocate Start      Relocate End    
[2026-06-17T10:07:39.235+0800][2.542s][info][gc,heap     ] GC(88) O:      Used:       54M (84%)          54M (84%)          58M (91%)          56M (88%)    
[2026-06-17T10:07:39.235+0800][2.542s][info][gc,heap     ] GC(88) O:      Live:         -                50M (79%)          50M (79%)          50M (79%)    
[2026-06-17T10:07:39.235+0800][2.542s][info][gc,heap     ] GC(88) O:   Garbage:         -                 3M (6%)            3M (6%)            0M (1%)     
[2026-06-17T10:07:39.235+0800][2.542s][info][gc,heap     ] GC(88) O: Allocated:         -                 0M (0%)            4M (6%)            4M (7%)     
[2026-06-17T10:07:39.235+0800][2.542s][info][gc,heap     ] GC(88) O: Reclaimed:         -                  -                 0M (0%)            2M (4%)     
[2026-06-17T10:07:39.235+0800][2.542s][info][gc,heap     ] GC(88) O: Compacted:         -                  -                  -                 1M (2%)     
[2026-06-17T10:07:39.235+0800][2.543s][info][gc,phases   ] GC(88) O: Old Generation 58M(91%)->64M(100%) 0.019s
[2026-06-17T10:07:39.235+0800][2.543s][info][gc          ] GC(88) Major Collection (Allocation Rate) 64M(100%)->64M(100%) 0.026s
[2026-06-17T10:07:39.235+0800][2.543s][info][gc          ] GC(92) Major Collection (Allocation Stall)
[2026-06-17T10:07:39.235+0800][2.543s][info][gc,task     ] GC(92) Using 1 Workers for Young Generation
[2026-06-17T10:07:39.235+0800][2.543s][info][gc,task     ] GC(92) Using 1 Workers for Old Generation
[2026-06-17T10:07:39.236+0800][2.543s][info][gc,phases   ] GC(92) Y: Young Generation (Promote All)
[2026-06-17T10:07:39.236+0800][2.543s][info][gc,phases   ] GC(92) Y: Pause Mark Start 0.005ms
[2026-06-17T10:07:39.236+0800][2.544s][info][gc,phases   ] GC(92) Y: Concurrent Mark 0.372ms
[2026-06-17T10:07:39.236+0800][2.544s][info][gc,phases   ] GC(92) Y: Pause Mark End 0.004ms
[2026-06-17T10:07:39.236+0800][2.544s][info][gc,phases   ] GC(92) Y: Concurrent Mark Free 0.000ms
[2026-06-17T10:07:39.236+0800][2.544s][info][gc,phases   ] GC(92) Y: Concurrent Reset Relocation Set 0.001ms
[2026-06-17T10:07:39.236+0800][2.544s][info][gc,reloc    ] GC(92) Y: Using tenuring threshold: 0 (Promote All)
[2026-06-17T10:07:39.237+0800][2.544s][info][gc,phases   ] GC(92) Y: Concurrent Select Relocation Set 0.189ms
[2026-06-17T10:07:39.237+0800][2.544s][info][gc,phases   ] GC(92) Y: Pause Relocate Start 0.003ms
[2026-06-17T10:07:39.237+0800][2.544s][info][gc,phases   ] GC(92) Y: Concurrent Relocate 0.084ms
[2026-06-17T10:07:39.237+0800][2.544s][info][gc,alloc    ] GC(92) Y:                         Mark Start        Mark End      Relocate Start    Relocate End   
[2026-06-17T10:07:39.237+0800][2.545s][info][gc,alloc    ] GC(92) Y: Allocation Stalls:          1                1                1                1         
[2026-06-17T10:07:39.237+0800][2.545s][info][gc,load     ] GC(92) Y: Load: 0.41 (2%) / 0.44 (2%) / 0.49 (2%)
[2026-06-17T10:07:39.237+0800][2.545s][info][gc,mmu      ] GC(92) Y: MMU: 2ms/98.7%, 5ms/99.2%, 10ms/99.5%, 20ms/99.6%, 50ms/99.7%, 100ms/99.7%
[2026-06-17T10:07:39.237+0800][2.545s][info][gc,marking  ] GC(92) Y: Mark: 1 stripe(s), 1 proactive flush(es), 1 terminate flush(es), 0 completion(s), 0 continuation(s) 
[2026-06-17T10:07:39.238+0800][2.545s][info][gc,nmethod  ] GC(92) Y: NMethods: 70 registered, 6 unregistered
[2026-06-17T10:07:39.238+0800][2.545s][info][gc,metaspace] GC(92) Y: Metaspace: 0M used, 0M committed, 1088M reserved
[2026-06-17T10:07:39.238+0800][2.545s][info][gc,reloc    ] GC(92) Y:                        Candidates     Selected     In-Place         Size        Empty    Relocated 
[2026-06-17T10:07:39.238+0800][2.545s][info][gc,reloc    ] GC(92) Y: Small Pages:                    1            0            0           2M           0M           0M 
[2026-06-17T10:07:39.238+0800][2.545s][info][gc,reloc    ] GC(92) Y: Large Pages:                    0            0            0           0M           0M           0M 
[2026-06-17T10:07:39.238+0800][2.545s][info][gc,reloc    ] GC(92) Y: Forwarding Usage: 0M
[2026-06-17T10:07:39.238+0800][2.545s][info][gc,reloc    ] GC(92) Y: Age Table:
[2026-06-17T10:07:39.238+0800][2.545s][info][gc,reloc    ] GC(92) Y:                    Live             Garbage             Small              Medium             Large        
[2026-06-17T10:07:39.238+0800][2.546s][info][gc,reloc    ] GC(92) Y: Eden                -                 0M (0%)           0 / 0              0 / 0              0 / 0        
[2026-06-17T10:07:39.238+0800][2.546s][info][gc,reloc    ] GC(92) Y: Survivor 1         0M (0%)            1M (3%)           1 / 0              0 / 0              0 / 0        
[2026-06-17T10:07:39.238+0800][2.546s][info][gc,heap     ] GC(92) Y: Min Capacity: 64M(100%)
[2026-06-17T10:07:39.238+0800][2.546s][info][gc,heap     ] GC(92) Y: Max Capacity: 64M(100%)
[2026-06-17T10:07:39.238+0800][2.546s][info][gc,heap     ] GC(92) Y: Soft Max Capacity: 64M(100%)
[2026-06-17T10:07:39.239+0800][2.546s][info][gc,heap     ] GC(92) Y: Heap Statistics:
[2026-06-17T10:07:39.239+0800][2.546s][info][gc,heap     ] GC(92) Y:                Mark Start          Mark End        Relocate Start      Relocate End           High               Low         
[2026-06-17T10:07:39.239+0800][2.546s][info][gc,heap     ] GC(92) Y:  Capacity:       64M (100%)         64M (100%)         64M (100%)         64M (100%)         64M (100%)         64M (100%)   
[2026-06-17T10:07:39.239+0800][2.546s][info][gc,heap     ] GC(92) Y:      Free:        0M (0%)            0M (0%)            0M (0%)            0M (0%)            0M (0%)            0M (0%)     
[2026-06-17T10:07:39.239+0800][2.546s][info][gc,heap     ] GC(92) Y:      Used:       64M (100%)         64M (100%)         64M (100%)         64M (100%)         64M (100%)         64M (100%)   
[2026-06-17T10:07:39.239+0800][2.546s][info][gc,heap     ] GC(92) Y: Young Generation Statistics:
[2026-06-17T10:07:39.239+0800][2.546s][info][gc,heap     ] GC(92) Y:                Mark Start          Mark End        Relocate Start      Relocate End    
[2026-06-17T10:07:39.239+0800][2.546s][info][gc,heap     ] GC(92) Y:      Used:        2M (3%)            2M (3%)            0M (0%)            0M (0%)     
[2026-06-17T10:07:39.239+0800][2.547s][info][gc,heap     ] GC(92) Y:      Live:         -                 0M (0%)            0M (0%)            0M (0%)     
[2026-06-17T10:07:39.239+0800][2.547s][info][gc,heap     ] GC(92) Y:   Garbage:         -                 1M (3%)            0M (0%)            0M (0%)     
[2026-06-17T10:07:39.239+0800][2.547s][info][gc,heap     ] GC(92) Y: Allocated:         -                 0M (0%)            0M (0%)            0M (0%)     
[2026-06-17T10:07:39.239+0800][2.547s][info][gc,heap     ] GC(92) Y: Reclaimed:         -                  -                 1M (3%)            1M (3%)     
[2026-06-17T10:07:39.239+0800][2.547s][info][gc,heap     ] GC(92) Y:  Promoted:         -                  -                 0M (0%)            0M (0%)     
[2026-06-17T10:07:39.239+0800][2.547s][info][gc,heap     ] GC(92) Y: Compacted:         -                  -                  -                 0M (0%)     
[2026-06-17T10:07:39.239+0800][2.547s][info][gc,phases   ] GC(92) Y: Young Generation (Promote All) 64M(100%)->64M(100%) 0.002s
[2026-06-17T10:07:39.240+0800][2.547s][info][gc,phases   ] GC(92) Y: Young Generation (Collect Roots)
[2026-06-17T10:07:39.240+0800][2.547s][info][gc,phases   ] GC(92) Y: Pause Mark Start (Major) 0.006ms
[2026-06-17T10:07:39.240+0800][2.547s][info][gc,phases   ] GC(92) Y: Concurrent Mark 0.310ms
[2026-06-17T10:07:39.240+0800][2.548s][info][gc,phases   ] GC(92) Y: Pause Mark End 0.004ms
[2026-06-17T10:07:39.240+0800][2.548s][info][gc,phases   ] GC(92) Y: Concurrent Mark Free 0.000ms
[2026-06-17T10:07:39.240+0800][2.548s][info][gc,phases   ] GC(92) Y: Concurrent Reset Relocation Set 0.001ms
[2026-06-17T10:07:39.240+0800][2.548s][info][gc,reloc    ] GC(92) Y: Using tenuring threshold: 0 (Computed)
[2026-06-17T10:07:39.241+0800][2.548s][info][gc,phases   ] GC(92) Y: Concurrent Select Relocation Set 0.171ms
[2026-06-17T10:07:39.241+0800][2.548s][info][gc,phases   ] GC(92) Y: Pause Relocate Start 0.003ms
[2026-06-17T10:07:39.241+0800][2.548s][info][gc,phases   ] GC(92) Y: Concurrent Relocate 0.082ms
[2026-06-17T10:07:39.241+0800][2.548s][info][gc,alloc    ] GC(92) Y:                         Mark Start        Mark End      Relocate Start    Relocate End   
[2026-06-17T10:07:39.241+0800][2.548s][info][gc,alloc    ] GC(92) Y: Allocation Stalls:          1                1                1                1         
[2026-06-17T10:07:39.241+0800][2.549s][info][gc,load     ] GC(92) Y: Load: 0.41 (2%) / 0.44 (2%) / 0.49 (2%)
[2026-06-17T10:07:39.241+0800][2.549s][info][gc,mmu      ] GC(92) Y: MMU: 2ms/98.7%, 5ms/99.2%, 10ms/99.5%, 20ms/99.6%, 50ms/99.7%, 100ms/99.7%
[2026-06-17T10:07:39.241+0800][2.549s][info][gc,marking  ] GC(92) Y: Mark: 1 stripe(s), 1 proactive flush(es), 1 terminate flush(es), 0 completion(s), 0 continuation(s) 
[2026-06-17T10:07:39.241+0800][2.549s][info][gc,nmethod  ] GC(92) Y: NMethods: 70 registered, 6 unregistered
[2026-06-17T10:07:39.241+0800][2.549s][info][gc,metaspace] GC(92) Y: Metaspace: 0M used, 0M committed, 1088M reserved
[2026-06-17T10:07:39.242+0800][2.549s][info][gc,heap     ] GC(92) Y: Min Capacity: 64M(100%)
[2026-06-17T10:07:39.242+0800][2.549s][info][gc,heap     ] GC(92) Y: Max Capacity: 64M(100%)
[2026-06-17T10:07:39.242+0800][2.549s][info][gc,heap     ] GC(92) Y: Soft Max Capacity: 64M(100%)
[2026-06-17T10:07:39.242+0800][2.549s][info][gc,heap     ] GC(92) Y: Heap Statistics:
[2026-06-17T10:07:39.242+0800][2.549s][info][gc,heap     ] GC(92) Y:                Mark Start          Mark End        Relocate Start      Relocate End           High               Low         
[2026-06-17T10:07:39.242+0800][2.549s][info][gc,heap     ] GC(92) Y:  Capacity:       64M (100%)         64M (100%)         64M (100%)         64M (100%)         64M (100%)         64M (100%)   
[2026-06-17T10:07:39.242+0800][2.549s][info][gc,heap     ] GC(92) Y:      Free:        0M (0%)            0M (0%)            0M (0%)            0M (0%)            0M (0%)            0M (0%)     
[2026-06-17T10:07:39.242+0800][2.549s][info][gc,heap     ] GC(92) Y:      Used:       64M (100%)         64M (100%)         64M (100%)         64M (100%)         64M (100%)         64M (100%)   
[2026-06-17T10:07:39.242+0800][2.549s][info][gc,heap     ] GC(92) Y: Young Generation Statistics:
[2026-06-17T10:07:39.242+0800][2.550s][info][gc,heap     ] GC(92) Y:                Mark Start          Mark End        Relocate Start      Relocate End    
[2026-06-17T10:07:39.242+0800][2.550s][info][gc,heap     ] GC(92) Y:      Used:        0M (0%)            0M (0%)            0M (0%)            0M (0%)     
[2026-06-17T10:07:39.242+0800][2.550s][info][gc,heap     ] GC(92) Y:      Live:         -                 0M (0%)            0M (0%)            0M (0%)     
[2026-06-17T10:07:39.242+0800][2.550s][info][gc,heap     ] GC(92) Y:   Garbage:         -                 0M (0%)            0M (0%)            0M (0%)     
[2026-06-17T10:07:39.242+0800][2.550s][info][gc,heap     ] GC(92) Y: Allocated:         -                 0M (0%)            0M (0%)            0M (0%)     
[2026-06-17T10:07:39.243+0800][2.550s][info][gc,heap     ] GC(92) Y: Reclaimed:         -                  -                 0M (0%)            0M (0%)     
[2026-06-17T10:07:39.243+0800][2.550s][info][gc,heap     ] GC(92) Y:  Promoted:         -                  -                 0M (0%)            0M (0%)     
[2026-06-17T10:07:39.243+0800][2.550s][info][gc,heap     ] GC(92) Y: Compacted:         -                  -                  -                 0M (0%)     
[2026-06-17T10:07:39.243+0800][2.550s][info][gc,phases   ] GC(92) Y: Young Generation (Collect Roots) 64M(100%)->64M(100%) 0.001s
[2026-06-17T10:07:39.243+0800][2.550s][info][gc,phases   ] GC(92) O: Old Generation
[2026-06-17T10:07:39.244+0800][2.551s][info][gc,phases   ] GC(92) O: Concurrent Mark 1.033ms
[2026-06-17T10:07:39.244+0800][2.551s][info][gc,phases   ] GC(92) O: Pause Mark End 0.005ms
[2026-06-17T10:07:39.244+0800][2.552s][info][gc,phases   ] GC(92) O: Concurrent Mark Free 0.000ms
[2026-06-17T10:07:39.244+0800][2.552s][info][gc,ref      ] GC(92) O: Clearing All SoftReferences
[2026-06-17T10:07:39.245+0800][2.552s][info][gc,phases   ] GC(92) O: Concurrent Process Non-Strong 0.290ms
[2026-06-17T10:07:39.245+0800][2.552s][info][gc,phases   ] GC(92) O: Concurrent Reset Relocation Set 0.001ms
[2026-06-17T10:07:39.245+0800][2.552s][info][gc,phases   ] GC(92) O: Concurrent Select Relocation Set 0.041ms
[2026-06-17T10:07:39.245+0800][2.552s][info][gc,task     ] GC(92) O: Using 1 Workers for Old Generation
[2026-06-17T10:07:39.245+0800][2.552s][info][gc,task     ] GC(92) O: Using 1 Workers for Old Generation
[2026-06-17T10:07:39.245+0800][2.552s][info][gc,phases   ] GC(92) O: Concurrent Remap Roots 0.248ms
[2026-06-17T10:07:39.245+0800][2.553s][info][gc,phases   ] GC(92) O: Pause Relocate Start 0.003ms
[2026-06-17T10:07:39.246+0800][2.553s][info][gc          ] Relocation Stall (main) 0.385ms
[2026-06-17T10:07:39.246+0800][2.553s][info][gc          ] Allocation Stall (main) 18.242ms
[2026-06-17T10:07:39.246+0800][2.553s][info][gc,phases   ] GC(92) O: Concurrent Relocate 0.622ms
[2026-06-17T10:07:39.246+0800][2.554s][info][gc          ] GC(93) Minor Collection (Allocation Rate)
[2026-06-17T10:07:39.246+0800][2.554s][info][gc,task     ] GC(93) Using 1 Workers for Young Generation
[2026-06-17T10:07:39.246+0800][2.554s][info][gc,phases   ] GC(93) y: Young Generation
[2026-06-17T10:07:39.246+0800][2.554s][info][gc,phases   ] GC(93) y: Pause Mark Start 0.005ms
[2026-06-17T10:07:39.247+0800][2.554s][info][gc,phases   ] GC(93) y: Concurrent Mark 0.327ms
[2026-06-17T10:07:39.247+0800][2.554s][info][gc,phases   ] GC(93) y: Pause Mark End 0.010ms
[2026-06-17T10:07:39.247+0800][2.555s][info][gc,phases   ] GC(93) y: Concurrent Mark Free 0.001ms
[2026-06-17T10:07:39.247+0800][2.555s][info][gc,phases   ] GC(93) y: Concurrent Reset Relocation Set 0.000ms
[2026-06-17T10:07:39.247+0800][2.555s][info][gc,reloc    ] GC(93) y: Using tenuring threshold: 1 (Computed)
[2026-06-17T10:07:39.247+0800][2.555s][info][gc,phases   ] GC(93) y: Concurrent Select Relocation Set 0.179ms
[2026-06-17T10:07:39.248+0800][2.555s][info][gc,phases   ] GC(93) y: Pause Relocate Start 0.003ms
[2026-06-17T10:07:39.248+0800][2.555s][info][gc,phases   ] GC(93) y: Concurrent Relocate 0.082ms
[2026-06-17T10:07:39.248+0800][2.555s][info][gc,alloc    ] GC(93) y:                         Mark Start        Mark End      Relocate Start    Relocate End   
[2026-06-17T10:07:39.248+0800][2.555s][info][gc,alloc    ] GC(93) y: Allocation Stalls:          1                1                1                1         
[2026-06-17T10:07:39.248+0800][2.555s][info][gc,load     ] GC(93) y: Load: 0.41 (2%) / 0.44 (2%) / 0.49 (2%)
[2026-06-17T10:07:39.248+0800][2.555s][info][gc,mmu      ] GC(93) y: MMU: 2ms/98.7%, 5ms/99.2%, 10ms/99.5%, 20ms/99.6%, 50ms/99.7%, 100ms/99.7%
[2026-06-17T10:07:39.248+0800][2.556s][info][gc,marking  ] GC(93) y: Mark: 1 stripe(s), 1 proactive flush(es), 1 terminate flush(es), 0 completion(s), 0 continuation(s) 
[2026-06-17T10:07:39.248+0800][2.556s][info][gc,nmethod  ] GC(93) y: NMethods: 70 registered, 6 unregistered
[2026-06-17T10:07:39.248+0800][2.556s][info][gc,metaspace] GC(93) y: Metaspace: 0M used, 0M committed, 1088M reserved
[2026-06-17T10:07:39.248+0800][2.556s][info][gc,reloc    ] GC(93) y:                        Candidates     Selected     In-Place         Size        Empty    Relocated 
[2026-06-17T10:07:39.248+0800][2.556s][info][gc,reloc    ] GC(93) y: Small Pages:                    0            0            0           0M           0M           0M 
[2026-06-17T10:07:39.248+0800][2.556s][info][gc,reloc    ] GC(93) y: Large Pages:                    2            0            0           4M           0M           0M 
[2026-06-17T10:07:39.249+0800][2.556s][info][gc,reloc    ] GC(93) y: Forwarding Usage: 0M
[2026-06-17T10:07:39.249+0800][2.556s][info][gc,reloc    ] GC(93) y: Age Table:
[2026-06-17T10:07:39.249+0800][2.556s][info][gc,reloc    ] GC(93) y:                    Live             Garbage             Small              Medium             Large        
[2026-06-17T10:07:39.249+0800][2.556s][info][gc,reloc    ] GC(93) y: Eden               4M (6%)            0M (0%)           0 / 0              0 / 0              2 / 0        
[2026-06-17T10:07:39.249+0800][2.556s][info][gc,heap     ] GC(93) y: Min Capacity: 64M(100%)
[2026-06-17T10:07:39.249+0800][2.556s][info][gc,heap     ] GC(93) y: Max Capacity: 64M(100%)
[2026-06-17T10:07:39.249+0800][2.556s][info][gc,heap     ] GC(93) y: Soft Max Capacity: 64M(100%)
[2026-06-17T10:07:39.249+0800][2.556s][info][gc,heap     ] GC(93) y: Heap Statistics:
[2026-06-17T10:07:39.249+0800][2.557s][info][gc,heap     ] GC(93) y:                Mark Start          Mark End        Relocate Start      Relocate End           High               Low         
[2026-06-17T10:07:39.249+0800][2.557s][info][gc,heap     ] GC(93) y:  Capacity:       64M (100%)         64M (100%)         64M (100%)         64M (100%)         64M (100%)         64M (100%)   
[2026-06-17T10:07:39.249+0800][2.557s][info][gc,heap     ] GC(93) y:      Free:        0M (0%)            0M (0%)            0M (0%)            0M (0%)            0M (0%)            0M (0%)     
[2026-06-17T10:07:39.250+0800][2.557s][info][gc,heap     ] GC(93) y:      Used:       64M (100%)         64M (100%)         64M (100%)         64M (100%)         64M (100%)         64M (100%)   
[2026-06-17T10:07:39.250+0800][2.557s][info][gc,heap     ] GC(93) y: Young Generation Statistics:
[2026-06-17T10:07:39.250+0800][2.557s][info][gc,heap     ] GC(93) y:                Mark Start          Mark End        Relocate Start      Relocate End    
[2026-06-17T10:07:39.250+0800][2.557s][info][gc,heap     ] GC(93) y:      Used:        4M (6%)            4M (6%)            4M (6%)            4M (6%)     
[2026-06-17T10:07:39.250+0800][2.557s][info][gc,heap     ] GC(93) y:      Live:         -                 4M (6%)            4M (6%)            4M (6%)     
[2026-06-17T10:07:39.250+0800][2.557s][info][gc,heap     ] GC(93) y:   Garbage:         -                 0M (0%)            0M (0%)            0M (0%)     
[2026-06-17T10:07:39.250+0800][2.558s][info][gc,heap     ] GC(93) y: Allocated:         -                 0M (0%)            0M (0%)            0M (0%)     
[2026-06-17T10:07:39.250+0800][2.558s][info][gc,heap     ] GC(93) y: Reclaimed:         -                  -                 0M (0%)            0M (0%)     
[2026-06-17T10:07:39.250+0800][2.558s][info][gc,heap     ] GC(93) y:  Promoted:         -                  -                 0M (0%)            0M (0%)     
[2026-06-17T10:07:39.250+0800][2.558s][info][gc,heap     ] GC(93) y: Compacted:         -                  -                  -                 0M (0%)     
[2026-06-17T10:07:39.250+0800][2.558s][info][gc,phases   ] GC(93) y: Young Generation 64M(100%)->64M(100%) 0.002s
[2026-06-17T10:07:39.251+0800][2.558s][info][gc          ] GC(93) Minor Collection (Allocation Rate) 64M(100%)->64M(100%) 0.004s
[2026-06-17T10:07:39.251+0800][2.558s][info][gc,alloc    ] GC(92) O:                         Mark Start        Mark End      Relocate Start    Relocate End   
[2026-06-17T10:07:39.251+0800][2.558s][info][gc,alloc    ] GC(92) O: Allocation Stalls:          1                1                1                0         
[2026-06-17T10:07:39.251+0800][2.558s][info][gc,load     ] GC(92) O: Load: 0.41 (2%) / 0.44 (2%) / 0.49 (2%)
[2026-06-17T10:07:39.251+0800][2.558s][info][gc,mmu      ] GC(92) O: MMU: 2ms/98.7%, 5ms/99.2%, 10ms/99.5%, 20ms/99.6%, 50ms/99.7%, 100ms/99.7%
[2026-06-17T10:07:39.251+0800][2.558s][info][gc,marking  ] GC(92) O: Mark: 1 stripe(s), 1 proactive flush(es), 1 terminate flush(es), 0 completion(s), 0 continuation(s) 
[2026-06-17T10:07:39.251+0800][2.558s][info][gc,nmethod  ] GC(92) O: NMethods: 70 registered, 6 unregistered
[2026-06-17T10:07:39.251+0800][2.559s][info][gc,metaspace] GC(92) O: Metaspace: 0M used, 0M committed, 1088M reserved
[2026-06-17T10:07:39.251+0800][2.559s][info][gc,ref      ] GC(92) O:                       Encountered   Discovered     Enqueued 
[2026-06-17T10:07:39.252+0800][2.559s][info][gc,ref      ] GC(92) O: Soft References:                0            0            0 
[2026-06-17T10:07:39.252+0800][2.559s][info][gc,ref      ] GC(92) O: Weak References:                6            0            0 
[2026-06-17T10:07:39.252+0800][2.559s][info][gc,ref      ] GC(92) O: Final References:               0            0            0 
[2026-06-17T10:07:39.252+0800][2.559s][info][gc,ref      ] GC(92) O: Phantom References:             1            1            0 
[2026-06-17T10:07:39.252+0800][2.559s][info][gc,reloc    ] GC(92) O:                        Candidates     Selected     In-Place         Size        Empty    Relocated 
[2026-06-17T10:07:39.252+0800][2.559s][info][gc,reloc    ] GC(92) O: Small Pages:                    5            2            1          10M           0M           1M 
[2026-06-17T10:07:39.252+0800][2.560s][info][gc,reloc    ] GC(92) O: Large Pages:                   27            0            0          54M           0M           0M 
[2026-06-17T10:07:39.252+0800][2.560s][info][gc,reloc    ] GC(92) O: Forwarding Usage: 0M
[2026-06-17T10:07:39.252+0800][2.560s][info][gc,heap     ] GC(92) O: Min Capacity: 64M(100%)
[2026-06-17T10:07:39.252+0800][2.560s][info][gc,heap     ] GC(92) O: Max Capacity: 64M(100%)
[2026-06-17T10:07:39.252+0800][2.560s][info][gc,heap     ] GC(92) O: Soft Max Capacity: 64M(100%)
[2026-06-17T10:07:39.252+0800][2.560s][info][gc,heap     ] GC(92) O: Heap Statistics:
[2026-06-17T10:07:39.253+0800][2.560s][info][gc,heap     ] GC(92) O:                Mark Start          Mark End        Relocate Start      Relocate End           High               Low         
[2026-06-17T10:07:39.253+0800][2.560s][info][gc,heap     ] GC(92) O:  Capacity:       64M (100%)         64M (100%)         64M (100%)         64M (100%)         64M (100%)         64M (100%)   
[2026-06-17T10:07:39.253+0800][2.560s][info][gc,heap     ] GC(92) O:      Free:        0M (0%)            0M (0%)            0M (0%)            2M (3%)            2M (3%)            0M (0%)     
[2026-06-17T10:07:39.253+0800][2.560s][info][gc,heap     ] GC(92) O:      Used:       64M (100%)         64M (100%)         64M (100%)         62M (97%)          64M (100%)         62M (97%)    
[2026-06-17T10:07:39.253+0800][2.560s][info][gc,heap     ] GC(92) O: Old Generation Statistics:
[2026-06-17T10:07:39.253+0800][2.560s][info][gc,heap     ] GC(92) O:                Mark Start          Mark End        Relocate Start      Relocate End    
[2026-06-17T10:07:39.253+0800][2.560s][info][gc,heap     ] GC(92) O:      Used:       64M (100%)         64M (100%)         64M (100%)         60M (94%)    
[2026-06-17T10:07:39.253+0800][2.560s][info][gc,heap     ] GC(92) O:      Live:         -                58M (91%)          58M (91%)          58M (91%)    
[2026-06-17T10:07:39.253+0800][2.561s][info][gc,heap     ] GC(92) O:   Garbage:         -                 5M (9%)            5M (9%)            0M (1%)     
[2026-06-17T10:07:39.253+0800][2.561s][info][gc,heap     ] GC(92) O: Allocated:         -                 0M (0%)            0M (0%)            0M (1%)     
[2026-06-17T10:07:39.253+0800][2.561s][info][gc,heap     ] GC(92) O: Reclaimed:         -                  -                 0M (0%)            4M (8%)     
[2026-06-17T10:07:39.253+0800][2.561s][info][gc,heap     ] GC(92) O: Compacted:         -                  -                  -                 3M (5%)     
[2026-06-17T10:07:39.253+0800][2.561s][info][gc,phases   ] GC(92) O: Old Generation 64M(100%)->62M(97%) 0.008s
[2026-06-17T10:07:39.253+0800][2.561s][info][gc          ] GC(92) Major Collection (Allocation Stall) 64M(100%)->64M(100%) 0.018s
[2026-06-17T10:07:39.254+0800][2.561s][info][gc          ] GC(94) Major Collection (Allocation Stall)
[2026-06-17T10:07:39.254+0800][2.561s][info][gc,task     ] GC(94) Using 1 Workers for Young Generation
[2026-06-17T10:07:39.254+0800][2.561s][info][gc,task     ] GC(94) Using 1 Workers for Old Generation
[2026-06-17T10:07:39.254+0800][2.561s][info][gc,phases   ] GC(94) Y: Young Generation (Promote All)
[2026-06-17T10:07:39.254+0800][2.561s][info][gc,phases   ] GC(94) Y: Pause Mark Start 0.005ms
[2026-06-17T10:07:39.254+0800][2.562s][info][gc,phases   ] GC(94) Y: Concurrent Mark 0.311ms
[2026-06-17T10:07:39.255+0800][2.562s][info][gc,phases   ] GC(94) Y: Pause Mark End 0.004ms
[2026-06-17T10:07:39.255+0800][2.562s][info][gc,phases   ] GC(94) Y: Concurrent Mark Free 0.000ms
[2026-06-17T10:07:39.255+0800][2.562s][info][gc,phases   ] GC(94) Y: Concurrent Reset Relocation Set 0.001ms
[2026-06-17T10:07:39.255+0800][2.562s][info][gc,reloc    ] GC(94) Y: Using tenuring threshold: 0 (Promote All)
[2026-06-17T10:07:39.255+0800][2.562s][info][gc,phases   ] GC(94) Y: Concurrent Select Relocation Set 0.190ms
[2026-06-17T10:07:39.255+0800][2.563s][info][gc,phases   ] GC(94) Y: Pause Relocate Start 0.003ms
[2026-06-17T10:07:39.255+0800][2.563s][info][gc,phases   ] GC(94) Y: Concurrent Relocate 0.083ms
[2026-06-17T10:07:39.255+0800][2.563s][info][gc,alloc    ] GC(94) Y:                         Mark Start        Mark End      Relocate Start    Relocate End   
[2026-06-17T10:07:39.256+0800][2.563s][info][gc,alloc    ] GC(94) Y: Allocation Stalls:          1                1                1                1         
[2026-06-17T10:07:39.256+0800][2.563s][info][gc,load     ] GC(94) Y: Load: 0.41 (2%) / 0.44 (2%) / 0.49 (2%)
[2026-06-17T10:07:39.256+0800][2.563s][info][gc,mmu      ] GC(94) Y: MMU: 2ms/98.7%, 5ms/99.2%, 10ms/99.5%, 20ms/99.6%, 50ms/99.7%, 100ms/99.7%
[2026-06-17T10:07:39.256+0800][2.563s][info][gc,marking  ] GC(94) Y: Mark: 1 stripe(s), 1 proactive flush(es), 1 terminate flush(es), 0 completion(s), 0 continuation(s) 
[2026-06-17T10:07:39.256+0800][2.563s][info][gc,nmethod  ] GC(94) Y: NMethods: 70 registered, 6 unregistered
[2026-06-17T10:07:39.256+0800][2.563s][info][gc,metaspace] GC(94) Y: Metaspace: 0M used, 0M committed, 1088M reserved
[2026-06-17T10:07:39.256+0800][2.563s][info][gc,reloc    ] GC(94) Y:                        Candidates     Selected     In-Place         Size        Empty    Relocated 
[2026-06-17T10:07:39.256+0800][2.563s][info][gc,reloc    ] GC(94) Y: Small Pages:                    0            0            0           0M           0M           0M 
[2026-06-17T10:07:39.256+0800][2.564s][info][gc,reloc    ] GC(94) Y: Large Pages:                    2            0            0           4M           0M           0M 
[2026-06-17T10:07:39.256+0800][2.564s][info][gc,reloc    ] GC(94) Y: Forwarding Usage: 0M
[2026-06-17T10:07:39.256+0800][2.564s][info][gc,reloc    ] GC(94) Y: Age Table:
[2026-06-17T10:07:39.256+0800][2.564s][info][gc,reloc    ] GC(94) Y:                    Live             Garbage             Small              Medium             Large        
[2026-06-17T10:07:39.256+0800][2.564s][info][gc,reloc    ] GC(94) Y: Eden                -                 0M (0%)           0 / 0              0 / 0              0 / 0        
[2026-06-17T10:07:39.257+0800][2.564s][info][gc,reloc    ] GC(94) Y: Survivor 1         4M (6%)            0M (0%)           0 / 0              0 / 0              2 / 0        
[2026-06-17T10:07:39.257+0800][2.564s][info][gc,heap     ] GC(94) Y: Min Capacity: 64M(100%)
[2026-06-17T10:07:39.257+0800][2.564s][info][gc,heap     ] GC(94) Y: Max Capacity: 64M(100%)
[2026-06-17T10:07:39.257+0800][2.564s][info][gc,heap     ] GC(94) Y: Soft Max Capacity: 64M(100%)
[2026-06-17T10:07:39.257+0800][2.564s][info][gc,heap     ] GC(94) Y: Heap Statistics:
[2026-06-17T10:07:39.257+0800][2.564s][info][gc,heap     ] GC(94) Y:                Mark Start          Mark End        Relocate Start      Relocate End           High               Low         
[2026-06-17T10:07:39.257+0800][2.564s][info][gc,heap     ] GC(94) Y:  Capacity:       64M (100%)         64M (100%)         64M (100%)         64M (100%)         64M (100%)         64M (100%)   
[2026-06-17T10:07:39.257+0800][2.565s][info][gc,heap     ] GC(94) Y:      Free:        0M (0%)            0M (0%)            0M (0%)            0M (0%)            0M (0%)            0M (0%)     
[2026-06-17T10:07:39.257+0800][2.565s][info][gc,heap     ] GC(94) Y:      Used:       64M (100%)         64M (100%)         64M (100%)         64M (100%)         64M (100%)         64M (100%)   
[2026-06-17T10:07:39.257+0800][2.565s][info][gc,heap     ] GC(94) Y: Young Generation Statistics:
[2026-06-17T10:07:39.257+0800][2.565s][info][gc,heap     ] GC(94) Y:                Mark Start          Mark End        Relocate Start      Relocate End    
[2026-06-17T10:07:39.257+0800][2.565s][info][gc,heap     ] GC(94) Y:      Used:        4M (6%)            4M (6%)            0M (0%)            0M (0%)     
[2026-06-17T10:07:39.257+0800][2.565s][info][gc,heap     ] GC(94) Y:      Live:         -                 4M (6%)            0M (0%)            0M (0%)     
[2026-06-17T10:07:39.258+0800][2.565s][info][gc,heap     ] GC(94) Y:   Garbage:         -                 0M (0%)            0M (0%)            0M (0%)     
[2026-06-17T10:07:39.258+0800][2.565s][info][gc,heap     ] GC(94) Y: Allocated:         -                 0M (0%)            0M (0%)            0M (0%)     
[2026-06-17T10:07:39.258+0800][2.565s][info][gc,heap     ] GC(94) Y: Reclaimed:         -                  -                 0M (0%)            0M (0%)     
[2026-06-17T10:07:39.258+0800][2.565s][info][gc,heap     ] GC(94) Y:  Promoted:         -                  -                 4M (6%)            4M (6%)     
[2026-06-17T10:07:39.258+0800][2.565s][info][gc,heap     ] GC(94) Y: Compacted:         -                  -                  -                 0M (0%)     
[2026-06-17T10:07:39.258+0800][2.565s][info][gc,phases   ] GC(94) Y: Young Generation (Promote All) 64M(100%)->64M(100%) 0.002s
[2026-06-17T10:07:39.258+0800][2.565s][info][gc,phases   ] GC(94) Y: Young Generation (Collect Roots)
[2026-06-17T10:07:39.258+0800][2.565s][info][gc,phases   ] GC(94) Y: Pause Mark Start (Major) 0.005ms
[2026-06-17T10:07:39.258+0800][2.566s][info][gc,phases   ] GC(94) Y: Concurrent Mark 0.315ms
[2026-06-17T10:07:39.259+0800][2.566s][info][gc,phases   ] GC(94) Y: Pause Mark End 0.003ms
[2026-06-17T10:07:39.259+0800][2.566s][info][gc,phases   ] GC(94) Y: Concurrent Mark Free 0.000ms
[2026-06-17T10:07:39.259+0800][2.566s][info][gc,phases   ] GC(94) Y: Concurrent Reset Relocation Set 0.001ms
[2026-06-17T10:07:39.259+0800][2.566s][info][gc,reloc    ] GC(94) Y: Using tenuring threshold: 0 (Computed)
[2026-06-17T10:07:39.259+0800][2.566s][info][gc,phases   ] GC(94) Y: Concurrent Select Relocation Set 0.169ms
[2026-06-17T10:07:39.259+0800][2.567s][info][gc,phases   ] GC(94) Y: Pause Relocate Start 0.003ms
[2026-06-17T10:07:39.259+0800][2.567s][info][gc,phases   ] GC(94) Y: Concurrent Relocate 0.092ms
[2026-06-17T10:07:39.259+0800][2.567s][info][gc,alloc    ] GC(94) Y:                         Mark Start        Mark End      Relocate Start    Relocate End   
[2026-06-17T10:07:39.259+0800][2.567s][info][gc,alloc    ] GC(94) Y: Allocation Stalls:          1                1                1                1         
[2026-06-17T10:07:39.260+0800][2.567s][info][gc,load     ] GC(94) Y: Load: 0.41 (2%) / 0.44 (2%) / 0.49 (2%)
[2026-06-17T10:07:39.260+0800][2.567s][info][gc,mmu      ] GC(94) Y: MMU: 2ms/98.7%, 5ms/99.2%, 10ms/99.5%, 20ms/99.6%, 50ms/99.7%, 100ms/99.7%
[2026-06-17T10:07:39.260+0800][2.567s][info][gc,marking  ] GC(94) Y: Mark: 1 stripe(s), 1 proactive flush(es), 1 terminate flush(es), 0 completion(s), 0 continuation(s) 
[2026-06-17T10:07:39.260+0800][2.567s][info][gc,nmethod  ] GC(94) Y: NMethods: 70 registered, 6 unregistered
[2026-06-17T10:07:39.260+0800][2.567s][info][gc,metaspace] GC(94) Y: Metaspace: 0M used, 0M committed, 1088M reserved
[2026-06-17T10:07:39.260+0800][2.567s][info][gc,heap     ] GC(94) Y: Min Capacity: 64M(100%)
[2026-06-17T10:07:39.260+0800][2.567s][info][gc,heap     ] GC(94) Y: Max Capacity: 64M(100%)
[2026-06-17T10:07:39.260+0800][2.567s][info][gc,heap     ] GC(94) Y: Soft Max Capacity: 64M(100%)
[2026-06-17T10:07:39.260+0800][2.568s][info][gc,heap     ] GC(94) Y: Heap Statistics:
[2026-06-17T10:07:39.260+0800][2.568s][info][gc,heap     ] GC(94) Y:                Mark Start          Mark End        Relocate Start      Relocate End           High               Low         
[2026-06-17T10:07:39.260+0800][2.568s][info][gc,heap     ] GC(94) Y:  Capacity:       64M (100%)         64M (100%)         64M (100%)         64M (100%)         64M (100%)         64M (100%)   
[2026-06-17T10:07:39.260+0800][2.568s][info][gc,heap     ] GC(94) Y:      Free:        0M (0%)            0M (0%)            0M (0%)            0M (0%)            0M (0%)            0M (0%)     
[2026-06-17T10:07:39.260+0800][2.568s][info][gc,heap     ] GC(94) Y:      Used:       64M (100%)         64M (100%)         64M (100%)         64M (100%)         64M (100%)         64M (100%)   
[2026-06-17T10:07:39.261+0800][2.568s][info][gc,heap     ] GC(94) Y: Young Generation Statistics:
[2026-06-17T10:07:39.261+0800][2.568s][info][gc,heap     ] GC(94) Y:                Mark Start          Mark End        Relocate Start      Relocate End    
[2026-06-17T10:07:39.261+0800][2.568s][info][gc,heap     ] GC(94) Y:      Used:        0M (0%)            0M (0%)            0M (0%)            0M (0%)     
[2026-06-17T10:07:39.261+0800][2.568s][info][gc,heap     ] GC(94) Y:      Live:         -                 0M (0%)            0M (0%)            0M (0%)     
[2026-06-17T10:07:39.261+0800][2.568s][info][gc,heap     ] GC(94) Y:   Garbage:         -                 0M (0%)            0M (0%)            0M (0%)     
[2026-06-17T10:07:39.261+0800][2.568s][info][gc,heap     ] GC(94) Y: Allocated:         -                 0M (0%)            0M (0%)            0M (0%)     
[2026-06-17T10:07:39.261+0800][2.568s][info][gc,heap     ] GC(94) Y: Reclaimed:         -                  -                 0M (0%)            0M (0%)     
[2026-06-17T10:07:39.261+0800][2.568s][info][gc,heap     ] GC(94) Y:  Promoted:         -                  -                 0M (0%)            0M (0%)     
[2026-06-17T10:07:39.261+0800][2.568s][info][gc,heap     ] GC(94) Y: Compacted:         -                  -                  -                 0M (0%)     
[2026-06-17T10:07:39.261+0800][2.569s][info][gc,phases   ] GC(94) Y: Young Generation (Collect Roots) 64M(100%)->64M(100%) 0.001s
[2026-06-17T10:07:39.261+0800][2.569s][info][gc,phases   ] GC(94) O: Old Generation
[2026-06-17T10:07:39.263+0800][2.570s][info][gc,phases   ] GC(94) O: Concurrent Mark 1.336ms
[2026-06-17T10:07:39.263+0800][2.570s][info][gc,phases   ] GC(94) O: Pause Mark End 0.011ms
[2026-06-17T10:07:39.263+0800][2.570s][info][gc,phases   ] GC(94) O: Concurrent Mark Free 0.000ms
[2026-06-17T10:07:39.263+0800][2.570s][info][gc,ref      ] GC(94) O: Clearing All SoftReferences
[2026-06-17T10:07:39.263+0800][2.571s][info][gc,phases   ] GC(94) O: Concurrent Process Non-Strong 0.289ms
[2026-06-17T10:07:39.263+0800][2.571s][info][gc,phases   ] GC(94) O: Concurrent Reset Relocation Set 0.000ms
[2026-06-17T10:07:39.264+0800][2.571s][info][gc,phases   ] GC(94) O: Concurrent Select Relocation Set 0.045ms
[2026-06-17T10:07:39.264+0800][2.571s][info][gc,task     ] GC(94) O: Using 1 Workers for Old Generation
[2026-06-17T10:07:39.264+0800][2.571s][info][gc,task     ] GC(94) O: Using 1 Workers for Old Generation
[2026-06-17T10:07:39.264+0800][2.571s][info][gc,phases   ] GC(94) O: Concurrent Remap Roots 0.250ms
[2026-06-17T10:07:39.264+0800][2.571s][info][gc,phases   ] GC(94) O: Pause Relocate Start 0.004ms
[2026-06-17T10:07:39.264+0800][2.572s][info][gc,phases   ] GC(94) O: Concurrent Relocate 0.071ms
[2026-06-17T10:07:39.264+0800][2.572s][info][gc,alloc    ] GC(94) O:                         Mark Start        Mark End      Relocate Start    Relocate End   
[2026-06-17T10:07:39.264+0800][2.572s][info][gc,alloc    ] GC(94) O: Allocation Stalls:          1                1                1                1         
[2026-06-17T10:07:39.264+0800][2.572s][info][gc,load     ] GC(94) O: Load: 0.41 (2%) / 0.44 (2%) / 0.49 (2%)
[2026-06-17T10:07:39.265+0800][2.572s][info][gc,mmu      ] GC(94) O: MMU: 2ms/98.7%, 5ms/99.2%, 10ms/99.5%, 20ms/99.6%, 50ms/99.7%, 100ms/99.7%
[2026-06-17T10:07:39.265+0800][2.572s][info][gc,marking  ] GC(94) O: Mark: 1 stripe(s), 1 proactive flush(es), 1 terminate flush(es), 0 completion(s), 0 continuation(s) 
[2026-06-17T10:07:39.265+0800][2.572s][info][gc,nmethod  ] GC(94) O: NMethods: 70 registered, 6 unregistered
[2026-06-17T10:07:39.265+0800][2.572s][info][gc,metaspace] GC(94) O: Metaspace: 0M used, 0M committed, 1088M reserved
[2026-06-17T10:07:39.265+0800][2.572s][info][gc,ref      ] GC(94) O:                       Encountered   Discovered     Enqueued 
[2026-06-17T10:07:39.265+0800][2.572s][info][gc,ref      ] GC(94) O: Soft References:                0            0            0 
[2026-06-17T10:07:39.265+0800][2.572s][info][gc,ref      ] GC(94) O: Weak References:                6            0            0 
[2026-06-17T10:07:39.265+0800][2.572s][info][gc,ref      ] GC(94) O: Final References:               0            0            0 
[2026-06-17T10:07:39.265+0800][2.572s][info][gc,ref      ] GC(94) O: Phantom References:             1            1            0 
[2026-06-17T10:07:39.265+0800][2.573s][info][gc,reloc    ] GC(94) O:                        Candidates     Selected     In-Place         Size        Empty    Relocated 
[2026-06-17T10:07:39.265+0800][2.573s][info][gc,reloc    ] GC(94) O: Small Pages:                    3            0            0           6M           0M           0M 
[2026-06-17T10:07:39.265+0800][2.573s][info][gc,reloc    ] GC(94) O: Large Pages:                   29            0            0          58M           0M           0M 
[2026-06-17T10:07:39.265+0800][2.573s][info][gc,reloc    ] GC(94) O: Forwarding Usage: 0M
[2026-06-17T10:07:39.265+0800][2.573s][info][gc,heap     ] GC(94) O: Min Capacity: 64M(100%)
[2026-06-17T10:07:39.265+0800][2.573s][info][gc,heap     ] GC(94) O: Max Capacity: 64M(100%)
[2026-06-17T10:07:39.266+0800][2.573s][info][gc,heap     ] GC(94) O: Soft Max Capacity: 64M(100%)
[2026-06-17T10:07:39.266+0800][2.573s][info][gc,heap     ] GC(94) O: Heap Statistics:
[2026-06-17T10:07:39.266+0800][2.573s][info][gc,heap     ] GC(94) O:                Mark Start          Mark End        Relocate Start      Relocate End           High               Low         
[2026-06-17T10:07:39.266+0800][2.573s][info][gc,heap     ] GC(94) O:  Capacity:       64M (100%)         64M (100%)         64M (100%)         64M (100%)         64M (100%)         64M (100%)   
[2026-06-17T10:07:39.266+0800][2.573s][info][gc,heap     ] GC(94) O:      Free:        0M (0%)            0M (0%)            0M (0%)            0M (0%)            0M (0%)            0M (0%)     
[2026-06-17T10:07:39.266+0800][2.573s][info][gc,heap     ] GC(94) O:      Used:       64M (100%)         64M (100%)         64M (100%)         64M (100%)         64M (100%)         64M (100%)   
[2026-06-17T10:07:39.266+0800][2.574s][info][gc,heap     ] GC(94) O: Old Generation Statistics:
[2026-06-17T10:07:39.266+0800][2.574s][info][gc,heap     ] GC(94) O:                Mark Start          Mark End        Relocate Start      Relocate End    
[2026-06-17T10:07:39.266+0800][2.574s][info][gc,heap     ] GC(94) O:      Used:       64M (100%)         64M (100%)         64M (100%)         64M (100%)   
[2026-06-17T10:07:39.266+0800][2.574s][info][gc,heap     ] GC(94) O:      Live:         -                62M (97%)          62M (97%)          62M (97%)    
[2026-06-17T10:07:39.266+0800][2.574s][info][gc,heap     ] GC(94) O:   Garbage:         -                 1M (3%)            1M (3%)            1M (3%)     
[2026-06-17T10:07:39.266+0800][2.574s][info][gc,heap     ] GC(94) O: Allocated:         -                 0M (0%)            0M (0%)            0M (0%)     
[2026-06-17T10:07:39.267+0800][2.574s][info][gc,heap     ] GC(94) O: Reclaimed:         -                  -                 0M (0%)            0M (0%)     
[2026-06-17T10:07:39.267+0800][2.574s][info][gc,heap     ] GC(94) O: Compacted:         -                  -                  -                 0M (0%)     
[2026-06-17T10:07:39.267+0800][2.574s][info][gc,phases   ] GC(94) O: Old Generation 64M(100%)->64M(100%) 0.003s
[2026-06-17T10:07:39.267+0800][2.574s][info][gc          ] GC(94) Major Collection (Allocation Stall) 64M(100%)->64M(100%) 0.013s
[2026-06-17T10:07:39.267+0800][2.574s][info][gc          ] Allocation Stall (main) 20.815ms
[2026-06-17T10:07:39.267+0800][2.574s][info][gc          ] Out Of Memory (main)
[2026-06-17T10:07:39.267+0800][2.575s][info][gc          ] GC(95) Minor Collection (Allocation Stall)
[2026-06-17T10:07:39.267+0800][2.575s][info][gc,task     ] GC(95) Using 1 Workers for Young Generation
[2026-06-17T10:07:39.268+0800][2.575s][info][gc,phases   ] GC(95) y: Young Generation
[2026-06-17T10:07:39.268+0800][2.575s][info][gc,phases   ] GC(95) y: Pause Mark Start 0.005ms
[2026-06-17T10:07:39.268+0800][2.576s][info][gc,phases   ] GC(95) y: Concurrent Mark 0.323ms
[2026-06-17T10:07:39.268+0800][2.576s][info][gc,phases   ] GC(95) y: Pause Mark End 0.003ms
[2026-06-17T10:07:39.269+0800][2.576s][info][gc,phases   ] GC(95) y: Concurrent Mark Free 0.000ms
[2026-06-17T10:07:39.269+0800][2.576s][info][gc,phases   ] GC(95) y: Concurrent Reset Relocation Set 0.000ms
[2026-06-17T10:07:39.269+0800][2.576s][info][gc,reloc    ] GC(95) y: Using tenuring threshold: 0 (Computed)
[2026-06-17T10:07:39.269+0800][2.576s][info][gc,phases   ] GC(95) y: Concurrent Select Relocation Set 0.183ms
[2026-06-17T10:07:39.269+0800][2.576s][info][gc,phases   ] GC(95) y: Pause Relocate Start 0.002ms
[2026-06-17T10:07:39.269+0800][2.577s][info][gc,phases   ] GC(95) y: Concurrent Relocate 0.082ms
[2026-06-17T10:07:39.269+0800][2.577s][info][gc,alloc    ] GC(95) y:                         Mark Start        Mark End      Relocate Start    Relocate End   
[2026-06-17T10:07:39.269+0800][2.577s][info][gc,alloc    ] GC(95) y: Allocation Stalls:          1                1                1                1         
[2026-06-17T10:07:39.269+0800][2.577s][info][gc,load     ] GC(95) y: Load: 0.41 (2%) / 0.44 (2%) / 0.49 (2%)
[2026-06-17T10:07:39.269+0800][2.577s][info][gc,mmu      ] GC(95) y: MMU: 2ms/98.7%, 5ms/99.2%, 10ms/99.5%, 20ms/99.6%, 50ms/99.7%, 100ms/99.7%
[2026-06-17T10:07:39.270+0800][2.577s][info][gc,marking  ] GC(95) y: Mark: 1 stripe(s), 1 proactive flush(es), 1 terminate flush(es), 0 completion(s), 0 continuation(s) 
[2026-06-17T10:07:39.270+0800][2.577s][info][gc,nmethod  ] GC(95) y: NMethods: 70 registered, 6 unregistered
[2026-06-17T10:07:39.270+0800][2.577s][info][gc,metaspace] GC(95) y: Metaspace: 0M used, 0M committed, 1088M reserved
[2026-06-17T10:07:39.270+0800][2.577s][info][gc,heap     ] GC(95) y: Min Capacity: 64M(100%)
[2026-06-17T10:07:39.270+0800][2.577s][info][gc,heap     ] GC(95) y: Max Capacity: 64M(100%)
[2026-06-17T10:07:39.270+0800][2.577s][info][gc,heap     ] GC(95) y: Soft Max Capacity: 64M(100%)
[2026-06-17T10:07:39.270+0800][2.577s][info][gc,heap     ] GC(95) y: Heap Statistics:
[2026-06-17T10:07:39.270+0800][2.577s][info][gc,heap     ] GC(95) y:                Mark Start          Mark End        Relocate Start      Relocate End           High               Low         
[2026-06-17T10:07:39.270+0800][2.578s][info][gc,heap     ] GC(95) y:  Capacity:       64M (100%)         64M (100%)         64M (100%)         64M (100%)         64M (100%)         64M (100%)   
[2026-06-17T10:07:39.270+0800][2.578s][info][gc,heap     ] GC(95) y:      Free:        0M (0%)            0M (0%)            0M (0%)            0M (0%)            0M (0%)            0M (0%)     
[2026-06-17T10:07:39.270+0800][2.578s][info][gc,heap     ] GC(95) y:      Used:       64M (100%)         64M (100%)         64M (100%)         64M (100%)         64M (100%)         64M (100%)   
[2026-06-17T10:07:39.270+0800][2.578s][info][gc,heap     ] GC(95) y: Young Generation Statistics:
[2026-06-17T10:07:39.270+0800][2.578s][info][gc,heap     ] GC(95) y:                Mark Start          Mark End        Relocate Start      Relocate End    
[2026-06-17T10:07:39.271+0800][2.578s][info][gc,heap     ] GC(95) y:      Used:        0M (0%)            0M (0%)            0M (0%)            0M (0%)     
[2026-06-17T10:07:39.271+0800][2.578s][info][gc,heap     ] GC(95) y:      Live:         -                 0M (0%)            0M (0%)            0M (0%)     
[2026-06-17T10:07:39.271+0800][2.578s][info][gc,heap     ] GC(95) y:   Garbage:         -                 0M (0%)            0M (0%)            0M (0%)     
[2026-06-17T10:07:39.271+0800][2.578s][info][gc,heap     ] GC(95) y: Allocated:         -                 0M (0%)            0M (0%)            0M (0%)     
[2026-06-17T10:07:39.271+0800][2.578s][info][gc,heap     ] GC(95) y: Reclaimed:         -                  -                 0M (0%)            0M (0%)     
[2026-06-17T10:07:39.271+0800][2.578s][info][gc,heap     ] GC(95) y:  Promoted:         -                  -                 0M (0%)            0M (0%)     
[2026-06-17T10:07:39.271+0800][2.578s][info][gc,heap     ] GC(95) y: Compacted:         -                  -                  -                 0M (0%)     
[2026-06-17T10:07:39.271+0800][2.579s][info][gc,phases   ] GC(95) y: Young Generation 64M(100%)->64M(100%) 0.002s
[2026-06-17T10:07:39.271+0800][2.579s][info][gc          ] GC(95) Minor Collection (Allocation Stall) 64M(100%)->64M(100%) 0.004s
[2026-06-17T10:07:39.271+0800][2.579s][info][gc          ] GC(96) Major Collection (Allocation Stall)
[2026-06-17T10:07:39.271+0800][2.579s][info][gc,task     ] GC(96) Using 1 Workers for Young Generation
[2026-06-17T10:07:39.271+0800][2.579s][info][gc,task     ] GC(96) Using 1 Workers for Old Generation
[2026-06-17T10:07:39.272+0800][2.579s][info][gc,phases   ] GC(96) Y: Young Generation (Promote All)
[2026-06-17T10:07:39.272+0800][2.579s][info][gc,phases   ] GC(96) Y: Pause Mark Start 0.004ms
[2026-06-17T10:07:39.272+0800][2.579s][info][gc,phases   ] GC(96) Y: Concurrent Mark 0.303ms
[2026-06-17T10:07:39.272+0800][2.580s][info][gc,phases   ] GC(96) Y: Pause Mark End 0.003ms
[2026-06-17T10:07:39.272+0800][2.580s][info][gc,phases   ] GC(96) Y: Concurrent Mark Free 0.000ms
[2026-06-17T10:07:39.272+0800][2.580s][info][gc,phases   ] GC(96) Y: Concurrent Reset Relocation Set 0.000ms
[2026-06-17T10:07:39.272+0800][2.580s][info][gc,reloc    ] GC(96) Y: Using tenuring threshold: 0 (Promote All)
[2026-06-17T10:07:39.273+0800][2.580s][info][gc,phases   ] GC(96) Y: Concurrent Select Relocation Set 0.178ms
[2026-06-17T10:07:39.273+0800][2.580s][info][gc,phases   ] GC(96) Y: Pause Relocate Start 0.002ms
[2026-06-17T10:07:39.273+0800][2.580s][info][gc,phases   ] GC(96) Y: Concurrent Relocate 0.082ms
[2026-06-17T10:07:39.273+0800][2.580s][info][gc,alloc    ] GC(96) Y:                         Mark Start        Mark End      Relocate Start    Relocate End   
[2026-06-17T10:07:39.273+0800][2.580s][info][gc,alloc    ] GC(96) Y: Allocation Stalls:          1                1                1                1         
[2026-06-17T10:07:39.273+0800][2.581s][info][gc,load     ] GC(96) Y: Load: 0.41 (2%) / 0.44 (2%) / 0.49 (2%)
[2026-06-17T10:07:39.273+0800][2.581s][info][gc,mmu      ] GC(96) Y: MMU: 2ms/98.7%, 5ms/99.2%, 10ms/99.5%, 20ms/99.6%, 50ms/99.7%, 100ms/99.7%
[2026-06-17T10:07:39.273+0800][2.581s][info][gc,marking  ] GC(96) Y: Mark: 1 stripe(s), 1 proactive flush(es), 1 terminate flush(es), 0 completion(s), 0 continuation(s) 
[2026-06-17T10:07:39.273+0800][2.581s][info][gc,nmethod  ] GC(96) Y: NMethods: 70 registered, 6 unregistered
[2026-06-17T10:07:39.273+0800][2.581s][info][gc,metaspace] GC(96) Y: Metaspace: 0M used, 0M committed, 1088M reserved
[2026-06-17T10:07:39.274+0800][2.581s][info][gc,heap     ] GC(96) Y: Min Capacity: 64M(100%)
[2026-06-17T10:07:39.274+0800][2.581s][info][gc,heap     ] GC(96) Y: Max Capacity: 64M(100%)
[2026-06-17T10:07:39.274+0800][2.581s][info][gc,heap     ] GC(96) Y: Soft Max Capacity: 64M(100%)
[2026-06-17T10:07:39.274+0800][2.581s][info][gc,heap     ] GC(96) Y: Heap Statistics:
[2026-06-17T10:07:39.274+0800][2.581s][info][gc,heap     ] GC(96) Y:                Mark Start          Mark End        Relocate Start      Relocate End           High               Low         
[2026-06-17T10:07:39.274+0800][2.581s][info][gc,heap     ] GC(96) Y:  Capacity:       64M (100%)         64M (100%)         64M (100%)         64M (100%)         64M (100%)         64M (100%)   
[2026-06-17T10:07:39.274+0800][2.581s][info][gc,heap     ] GC(96) Y:      Free:        0M (0%)            0M (0%)            0M (0%)            0M (0%)            0M (0%)            0M (0%)     
[2026-06-17T10:07:39.274+0800][2.582s][info][gc,heap     ] GC(96) Y:      Used:       64M (100%)         64M (100%)         64M (100%)         64M (100%)         64M (100%)         64M (100%)   
[2026-06-17T10:07:39.274+0800][2.582s][info][gc,heap     ] GC(96) Y: Young Generation Statistics:
[2026-06-17T10:07:39.274+0800][2.582s][info][gc,heap     ] GC(96) Y:                Mark Start          Mark End        Relocate Start      Relocate End    
[2026-06-17T10:07:39.274+0800][2.582s][info][gc,heap     ] GC(96) Y:      Used:        0M (0%)            0M (0%)            0M (0%)            0M (0%)     
[2026-06-17T10:07:39.274+0800][2.582s][info][gc,heap     ] GC(96) Y:      Live:         -                 0M (0%)            0M (0%)            0M (0%)     
[2026-06-17T10:07:39.275+0800][2.582s][info][gc,heap     ] GC(96) Y:   Garbage:         -                 0M (0%)            0M (0%)            0M (0%)     
[2026-06-17T10:07:39.275+0800][2.582s][info][gc,heap     ] GC(96) Y: Allocated:         -                 0M (0%)            0M (0%)            0M (0%)     
[2026-06-17T10:07:39.275+0800][2.582s][info][gc,heap     ] GC(96) Y: Reclaimed:         -                  -                 0M (0%)            0M (0%)     
[2026-06-17T10:07:39.275+0800][2.582s][info][gc,heap     ] GC(96) Y:  Promoted:         -                  -                 0M (0%)            0M (0%)     
[2026-06-17T10:07:39.275+0800][2.582s][info][gc,heap     ] GC(96) Y: Compacted:         -                  -                  -                 0M (0%)     
[2026-06-17T10:07:39.275+0800][2.582s][info][gc,phases   ] GC(96) Y: Young Generation (Promote All) 64M(100%)->64M(100%) 0.001s
[2026-06-17T10:07:39.275+0800][2.582s][info][gc,phases   ] GC(96) Y: Young Generation (Collect Roots)
[2026-06-17T10:07:39.275+0800][2.582s][info][gc,phases   ] GC(96) Y: Pause Mark Start (Major) 0.005ms
[2026-06-17T10:07:39.275+0800][2.583s][info][gc,phases   ] GC(96) Y: Concurrent Mark 0.397ms
[2026-06-17T10:07:39.276+0800][2.583s][info][gc,phases   ] GC(96) Y: Pause Mark End 0.003ms
[2026-06-17T10:07:39.276+0800][2.583s][info][gc,phases   ] GC(96) Y: Concurrent Mark Free 0.000ms
[2026-06-17T10:07:39.276+0800][2.583s][info][gc,phases   ] GC(96) Y: Concurrent Reset Relocation Set 0.000ms
[2026-06-17T10:07:39.276+0800][2.583s][info][gc,reloc    ] GC(96) Y: Using tenuring threshold: 0 (Computed)
[2026-06-17T10:07:39.276+0800][2.583s][info][gc,phases   ] GC(96) Y: Concurrent Select Relocation Set 0.171ms
[2026-06-17T10:07:39.276+0800][2.584s][info][gc,phases   ] GC(96) Y: Pause Relocate Start 0.003ms
[2026-06-17T10:07:39.276+0800][2.584s][info][gc,phases   ] GC(96) Y: Concurrent Relocate 0.083ms
[2026-06-17T10:07:39.276+0800][2.584s][info][gc,alloc    ] GC(96) Y:                         Mark Start        Mark End      Relocate Start    Relocate End   
[2026-06-17T10:07:39.276+0800][2.584s][info][gc,alloc    ] GC(96) Y: Allocation Stalls:          1                1                1                1         
[2026-06-17T10:07:39.277+0800][2.584s][info][gc,load     ] GC(96) Y: Load: 0.41 (2%) / 0.44 (2%) / 0.49 (2%)
[2026-06-17T10:07:39.277+0800][2.584s][info][gc,mmu      ] GC(96) Y: MMU: 2ms/98.7%, 5ms/99.2%, 10ms/99.5%, 20ms/99.6%, 50ms/99.7%, 100ms/99.7%
[2026-06-17T10:07:39.277+0800][2.584s][info][gc,marking  ] GC(96) Y: Mark: 1 stripe(s), 1 proactive flush(es), 1 terminate flush(es), 0 completion(s), 0 continuation(s) 
[2026-06-17T10:07:39.277+0800][2.584s][info][gc,nmethod  ] GC(96) Y: NMethods: 70 registered, 6 unregistered
[2026-06-17T10:07:39.277+0800][2.584s][info][gc,metaspace] GC(96) Y: Metaspace: 0M used, 0M committed, 1088M reserved
[2026-06-17T10:07:39.277+0800][2.584s][info][gc,heap     ] GC(96) Y: Min Capacity: 64M(100%)
[2026-06-17T10:07:39.277+0800][2.584s][info][gc,heap     ] GC(96) Y: Max Capacity: 64M(100%)
[2026-06-17T10:07:39.277+0800][2.584s][info][gc,heap     ] GC(96) Y: Soft Max Capacity: 64M(100%)
[2026-06-17T10:07:39.277+0800][2.584s][info][gc,heap     ] GC(96) Y: Heap Statistics:
[2026-06-17T10:07:39.277+0800][2.585s][info][gc,heap     ] GC(96) Y:                Mark Start          Mark End        Relocate Start      Relocate End           High               Low         
[2026-06-17T10:07:39.277+0800][2.585s][info][gc,heap     ] GC(96) Y:  Capacity:       64M (100%)         64M (100%)         64M (100%)         64M (100%)         64M (100%)         64M (100%)   
[2026-06-17T10:07:39.277+0800][2.585s][info][gc,heap     ] GC(96) Y:      Free:        0M (0%)            0M (0%)            0M (0%)            0M (0%)            0M (0%)            0M (0%)     
[2026-06-17T10:07:39.277+0800][2.585s][info][gc,heap     ] GC(96) Y:      Used:       64M (100%)         64M (100%)         64M (100%)         64M (100%)         64M (100%)         64M (100%)   
[2026-06-17T10:07:39.277+0800][2.585s][info][gc,heap     ] GC(96) Y: Young Generation Statistics:
[2026-06-17T10:07:39.277+0800][2.585s][info][gc,heap     ] GC(96) Y:                Mark Start          Mark End        Relocate Start      Relocate End    
[2026-06-17T10:07:39.278+0800][2.585s][info][gc,heap     ] GC(96) Y:      Used:        0M (0%)            0M (0%)            0M (0%)            0M (0%)     
[2026-06-17T10:07:39.278+0800][2.585s][info][gc,heap     ] GC(96) Y:      Live:         -                 0M (0%)            0M (0%)            0M (0%)     
[2026-06-17T10:07:39.278+0800][2.585s][info][gc,heap     ] GC(96) Y:   Garbage:         -                 0M (0%)            0M (0%)            0M (0%)     
[2026-06-17T10:07:39.278+0800][2.585s][info][gc,heap     ] GC(96) Y: Allocated:         -                 0M (0%)            0M (0%)            0M (0%)     
[2026-06-17T10:07:39.278+0800][2.585s][info][gc,heap     ] GC(96) Y: Reclaimed:         -                  -                 0M (0%)            0M (0%)     
[2026-06-17T10:07:39.278+0800][2.585s][info][gc,heap     ] GC(96) Y:  Promoted:         -                  -                 0M (0%)            0M (0%)     
[2026-06-17T10:07:39.278+0800][2.585s][info][gc,heap     ] GC(96) Y: Compacted:         -                  -                  -                 0M (0%)     
[2026-06-17T10:07:39.278+0800][2.585s][info][gc,phases   ] GC(96) Y: Young Generation (Collect Roots) 64M(100%)->64M(100%) 0.001s
[2026-06-17T10:07:39.278+0800][2.586s][info][gc,phases   ] GC(96) O: Old Generation
[2026-06-17T10:07:39.279+0800][2.586s][info][gc,phases   ] GC(96) O: Concurrent Mark 0.803ms
[2026-06-17T10:07:39.279+0800][2.587s][info][gc,phases   ] GC(96) O: Pause Mark End 0.004ms
[2026-06-17T10:07:39.279+0800][2.587s][info][gc,phases   ] GC(96) O: Concurrent Mark Free 0.001ms
[2026-06-17T10:07:39.279+0800][2.587s][info][gc,ref      ] GC(96) O: Clearing All SoftReferences
[2026-06-17T10:07:39.280+0800][2.587s][info][gc,phases   ] GC(96) O: Concurrent Process Non-Strong 0.524ms
[2026-06-17T10:07:39.280+0800][2.587s][info][gc,phases   ] GC(96) O: Concurrent Reset Relocation Set 0.001ms
[2026-06-17T10:07:39.280+0800][2.588s][info][gc          ] Allocation Stall (main) 12.884ms
[2026-06-17T10:07:39.280+0800][2.588s][info][gc,phases   ] GC(96) O: Concurrent Select Relocation Set 0.057ms
[2026-06-17T10:07:39.280+0800][2.588s][info][gc,task     ] GC(96) O: Using 1 Workers for Old Generation
[2026-06-17T10:07:39.281+0800][2.588s][info][gc,task     ] GC(96) O: Using 1 Workers for Old Generation
[2026-06-17T10:07:39.281+0800][2.588s][info][gc,phases   ] GC(96) O: Concurrent Remap Roots 0.274ms
[2026-06-17T10:07:39.281+0800][2.588s][info][gc,phases   ] GC(96) O: Pause Relocate Start 0.004ms
[2026-06-17T10:07:39.281+0800][2.588s][info][gc,phases   ] GC(96) O: Concurrent Relocate 0.058ms
[2026-06-17T10:07:39.281+0800][2.588s][info][gc,alloc    ] GC(96) O:                         Mark Start        Mark End      Relocate Start    Relocate End   
[2026-06-17T10:07:39.281+0800][2.588s][info][gc,alloc    ] GC(96) O: Allocation Stalls:          1                1                0                0         
[2026-06-17T10:07:39.281+0800][2.588s][info][gc,load     ] GC(96) O: Load: 0.41 (2%) / 0.44 (2%) / 0.49 (2%)
[2026-06-17T10:07:39.281+0800][2.589s][info][gc,mmu      ] GC(96) O: MMU: 2ms/98.7%, 5ms/99.2%, 10ms/99.5%, 20ms/99.6%, 50ms/99.7%, 100ms/99.7%
[2026-06-17T10:07:39.281+0800][2.589s][info][gc,marking  ] GC(96) O: Mark: 1 stripe(s), 1 proactive flush(es), 1 terminate flush(es), 0 completion(s), 0 continuation(s) 
[2026-06-17T10:07:39.281+0800][2.589s][info][gc,nmethod  ] GC(96) O: NMethods: 70 registered, 6 unregistered
[2026-06-17T10:07:39.281+0800][2.589s][info][gc,metaspace] GC(96) O: Metaspace: 0M used, 0M committed, 1088M reserved
[2026-06-17T10:07:39.282+0800][2.589s][info][gc,ref      ] GC(96) O:                       Encountered   Discovered     Enqueued 
[2026-06-17T10:07:39.282+0800][2.589s][info][gc,ref      ] GC(96) O: Soft References:                0            0            0 
[2026-06-17T10:07:39.282+0800][2.589s][info][gc,ref      ] GC(96) O: Weak References:                6            0            0 
[2026-06-17T10:07:39.282+0800][2.589s][info][gc,ref      ] GC(96) O: Final References:               0            0            0 
[2026-06-17T10:07:39.282+0800][2.589s][info][gc,ref      ] GC(96) O: Phantom References:             1            1            0 
[2026-06-17T10:07:39.282+0800][2.589s][info][gc,reloc    ] GC(96) O:                        Candidates     Selected     In-Place         Size        Empty    Relocated 
[2026-06-17T10:07:39.282+0800][2.589s][info][gc,reloc    ] GC(96) O: Small Pages:                    3            0            0           6M           0M           0M 
[2026-06-17T10:07:39.282+0800][2.589s][info][gc,reloc    ] GC(96) O: Large Pages:                   29            0            0          58M           8M           0M 
[2026-06-17T10:07:39.282+0800][2.590s][info][gc,reloc    ] GC(96) O: Forwarding Usage: 0M
[2026-06-17T10:07:39.282+0800][2.590s][info][gc,heap     ] GC(96) O: Min Capacity: 64M(100%)
[2026-06-17T10:07:39.282+0800][2.590s][info][gc,heap     ] GC(96) O: Max Capacity: 64M(100%)
[2026-06-17T10:07:39.282+0800][2.590s][info][gc,heap     ] GC(96) O: Soft Max Capacity: 64M(100%)
[2026-06-17T10:07:39.282+0800][2.590s][info][gc,heap     ] GC(96) O: Heap Statistics:
[2026-06-17T10:07:39.283+0800][2.590s][info][gc,heap     ] GC(96) O:                Mark Start          Mark End        Relocate Start      Relocate End           High               Low         
[2026-06-17T10:07:39.283+0800][2.590s][info][gc,heap     ] GC(96) O:  Capacity:       64M (100%)         64M (100%)         64M (100%)         64M (100%)         64M (100%)         64M (100%)   
[2026-06-17T10:07:39.283+0800][2.590s][info][gc,heap     ] GC(96) O:      Free:        0M (0%)            0M (0%)            6M (9%)            6M (9%)            8M (12%)           0M (0%)     
[2026-06-17T10:07:39.283+0800][2.590s][info][gc,heap     ] GC(96) O:      Used:       64M (100%)         64M (100%)         58M (91%)          58M (91%)          64M (100%)         56M (88%)    
[2026-06-17T10:07:39.283+0800][2.590s][info][gc,heap     ] GC(96) O: Old Generation Statistics:
[2026-06-17T10:07:39.283+0800][2.590s][info][gc,heap     ] GC(96) O:                Mark Start          Mark End        Relocate Start      Relocate End    
[2026-06-17T10:07:39.283+0800][2.590s][info][gc,heap     ] GC(96) O:      Used:       64M (100%)         64M (100%)         56M (88%)          56M (88%)    
[2026-06-17T10:07:39.283+0800][2.591s][info][gc,heap     ] GC(96) O:      Live:         -                53M (84%)          53M (84%)          53M (84%)    
[2026-06-17T10:07:39.283+0800][2.591s][info][gc,heap     ] GC(96) O:   Garbage:         -                10M (16%)           2M (4%)            2M (4%)     
[2026-06-17T10:07:39.283+0800][2.591s][info][gc,heap     ] GC(96) O: Allocated:         -                 0M (0%)            0M (0%)            0M (0%)     
[2026-06-17T10:07:39.283+0800][2.591s][info][gc,heap     ] GC(96) O: Reclaimed:         -                  -                 8M (12%)           8M (12%)    
[2026-06-17T10:07:39.284+0800][2.591s][info][gc,heap     ] GC(96) O: Compacted:         -                  -                  -                 0M (0%)     
[2026-06-17T10:07:39.284+0800][2.591s][info][gc,phases   ] GC(96) O: Old Generation 64M(100%)->58M(91%) 0.003s
[2026-06-17T10:07:39.284+0800][2.591s][info][gc          ] GC(96) Major Collection (Allocation Stall) 64M(100%)->58M(91%) 0.012s
[2026-06-17T10:07:39.493+0800][2.801s][info][gc          ] GC(97) Major Collection (Allocation Rate)
[2026-06-17T10:07:39.494+0800][2.802s][info][gc,task     ] GC(97) Using 1 Workers for Young Generation
[2026-06-17T10:07:39.495+0800][2.803s][info][gc,task     ] GC(97) Using 1 Workers for Old Generation
[2026-06-17T10:07:39.496+0800][2.803s][info][gc,phases   ] GC(97) Y: Young Generation
[2026-06-17T10:07:39.497+0800][2.804s][info][gc,phases   ] GC(97) Y: Pause Mark Start (Major) 0.030ms
[2026-06-17T10:07:39.499+0800][2.807s][info][gc,phases   ] GC(97) Y: Concurrent Mark 1.666ms
[2026-06-17T10:07:39.500+0800][2.808s][info][gc,phases   ] GC(97) Y: Pause Mark End 0.015ms
[2026-06-17T10:07:39.501+0800][2.809s][info][gc,phases   ] GC(97) Y: Concurrent Mark Free 0.002ms
[2026-06-17T10:07:39.502+0800][2.809s][info][gc,phases   ] GC(97) Y: Concurrent Reset Relocation Set 0.001ms
[2026-06-17T10:07:39.502+0800][2.810s][info][gc,reloc    ] GC(97) Y: Using tenuring threshold: 0 (Computed)
[2026-06-17T10:07:39.504+0800][2.811s][info][gc,phases   ] GC(97) Y: Concurrent Select Relocation Set 1.353ms
[2026-06-17T10:07:39.505+0800][2.812s][info][gc,phases   ] GC(97) Y: Pause Relocate Start 0.010ms
[2026-06-17T10:07:39.506+0800][2.813s][info][gc,phases   ] GC(97) Y: Concurrent Relocate 0.241ms
[2026-06-17T10:07:39.506+0800][2.813s][info][gc,alloc    ] GC(97) Y:                         Mark Start        Mark End      Relocate Start    Relocate End   
[2026-06-17T10:07:39.506+0800][2.814s][info][gc,alloc    ] GC(97) Y: Allocation Stalls:          0                0                0                0         
[2026-06-17T10:07:39.507+0800][2.814s][info][gc,load     ] GC(97) Y: Load: 0.41 (2%) / 0.44 (2%) / 0.49 (2%)
[2026-06-17T10:07:39.507+0800][2.814s][info][gc,mmu      ] GC(97) Y: MMU: 2ms/98.5%, 5ms/99.1%, 10ms/99.4%, 20ms/99.6%, 50ms/99.7%, 100ms/99.7%
[2026-06-17T10:07:39.507+0800][2.815s][info][gc,marking  ] GC(97) Y: Mark: 1 stripe(s), 1 proactive flush(es), 1 terminate flush(es), 0 completion(s), 0 continuation(s) 
[2026-06-17T10:07:39.507+0800][2.815s][info][gc,nmethod  ] GC(97) Y: NMethods: 70 registered, 6 unregistered
[2026-06-17T10:07:39.508+0800][2.815s][info][gc,metaspace] GC(97) Y: Metaspace: 0M used, 0M committed, 1088M reserved
[2026-06-17T10:07:39.508+0800][2.815s][info][gc,reloc    ] GC(97) Y:                        Candidates     Selected     In-Place         Size        Empty    Relocated 
[2026-06-17T10:07:39.508+0800][2.815s][info][gc,reloc    ] GC(97) Y: Small Pages:                    2            0            0           4M           4M           0M 
[2026-06-17T10:07:39.508+0800][2.816s][info][gc,reloc    ] GC(97) Y: Large Pages:                    0            0            0           0M           0M           0M 
[2026-06-17T10:07:39.508+0800][2.816s][info][gc,reloc    ] GC(97) Y: Forwarding Usage: 0M
[2026-06-17T10:07:39.509+0800][2.816s][info][gc,reloc    ] GC(97) Y: Age Table:
[2026-06-17T10:07:39.509+0800][2.816s][info][gc,reloc    ] GC(97) Y:                    Live             Garbage             Small              Medium             Large        
[2026-06-17T10:07:39.509+0800][2.816s][info][gc,reloc    ] GC(97) Y: Eden                -                 4M (6%)           2 / 0              0 / 0              0 / 0        
[2026-06-17T10:07:39.509+0800][2.817s][info][gc,heap     ] GC(97) Y: Min Capacity: 64M(100%)
[2026-06-17T10:07:39.509+0800][2.817s][info][gc,heap     ] GC(97) Y: Max Capacity: 64M(100%)
[2026-06-17T10:07:39.510+0800][2.817s][info][gc,heap     ] GC(97) Y: Soft Max Capacity: 64M(100%)
[2026-06-17T10:07:39.510+0800][2.817s][info][gc,heap     ] GC(97) Y: Heap Statistics:
[2026-06-17T10:07:39.510+0800][2.817s][info][gc,heap     ] GC(97) Y:                Mark Start          Mark End        Relocate Start      Relocate End           High               Low         
[2026-06-17T10:07:39.510+0800][2.818s][info][gc,heap     ] GC(97) Y:  Capacity:       64M (100%)         64M (100%)         64M (100%)         64M (100%)         64M (100%)         64M (100%)   
[2026-06-17T10:07:39.510+0800][2.818s][info][gc,heap     ] GC(97) Y:      Free:        4M (6%)            4M (6%)            4M (6%)            4M (6%)            8M (12%)           4M (6%)     
[2026-06-17T10:07:39.511+0800][2.818s][info][gc,heap     ] GC(97) Y:      Used:       60M (94%)          60M (94%)          60M (94%)          60M (94%)          60M (94%)          56M (88%)    
[2026-06-17T10:07:39.511+0800][2.818s][info][gc,heap     ] GC(97) Y: Young Generation Statistics:
[2026-06-17T10:07:39.511+0800][2.818s][info][gc,heap     ] GC(97) Y:                Mark Start          Mark End        Relocate Start      Relocate End    
[2026-06-17T10:07:39.511+0800][2.818s][info][gc,heap     ] GC(97) Y:      Used:        4M (6%)            4M (6%)            4M (6%)            4M (6%)     
[2026-06-17T10:07:39.511+0800][2.818s][info][gc,heap     ] GC(97) Y:      Live:         -                 0M (0%)            0M (0%)            0M (0%)     
[2026-06-17T10:07:39.511+0800][2.819s][info][gc,heap     ] GC(97) Y:   Garbage:         -                 4M (6%)            0M (0%)            0M (0%)     
[2026-06-17T10:07:39.511+0800][2.819s][info][gc,heap     ] GC(97) Y: Allocated:         -                 0M (0%)            4M (6%)            4M (6%)     
[2026-06-17T10:07:39.511+0800][2.819s][info][gc,heap     ] GC(97) Y: Reclaimed:         -                  -                 4M (6%)            4M (6%)     
[2026-06-17T10:07:39.512+0800][2.819s][info][gc,heap     ] GC(97) Y:  Promoted:         -                  -                 0M (0%)            0M (0%)     
[2026-06-17T10:07:39.512+0800][2.819s][info][gc,heap     ] GC(97) Y: Compacted:         -                  -                  -                 0M (0%)     
[2026-06-17T10:07:39.512+0800][2.819s][info][gc,phases   ] GC(97) Y: Young Generation 60M(94%)->60M(94%) 0.010s
[2026-06-17T10:07:39.512+0800][2.819s][info][gc,phases   ] GC(97) O: Old Generation
[2026-06-17T10:07:39.513+0800][2.820s][info][gc,phases   ] GC(97) O: Concurrent Mark 1.124ms
[2026-06-17T10:07:39.513+0800][2.821s][info][gc,phases   ] GC(97) O: Pause Mark End 0.006ms
[2026-06-17T10:07:39.513+0800][2.821s][info][gc,phases   ] GC(97) O: Concurrent Mark Free 0.001ms
[2026-06-17T10:07:39.514+0800][2.821s][info][gc,phases   ] GC(97) O: Concurrent Process Non-Strong 0.297ms
[2026-06-17T10:07:39.514+0800][2.821s][info][gc,phases   ] GC(97) O: Concurrent Reset Relocation Set 0.000ms
[2026-06-17T10:07:39.514+0800][2.821s][info][gc          ] GC(98) Minor Collection (Allocation Rate)
[2026-06-17T10:07:39.514+0800][2.822s][info][gc,task     ] GC(98) Using 1 Workers for Young Generation
[2026-06-17T10:07:39.514+0800][2.821s][info][gc,phases   ] GC(97) O: Concurrent Select Relocation Set 0.074ms
[2026-06-17T10:07:39.514+0800][2.822s][info][gc,phases   ] GC(98) y: Young Generation
[2026-06-17T10:07:39.515+0800][2.822s][info][gc,phases   ] GC(98) y: Pause Mark Start 0.007ms
[2026-06-17T10:07:39.515+0800][2.823s][info][gc,phases   ] GC(98) y: Concurrent Mark 0.458ms
[2026-06-17T10:07:39.515+0800][2.823s][info][gc,phases   ] GC(98) y: Pause Mark End 0.004ms
[2026-06-17T10:07:39.516+0800][2.823s][info][gc,phases   ] GC(98) y: Concurrent Mark Free 0.001ms
[2026-06-17T10:07:39.516+0800][2.823s][info][gc,phases   ] GC(98) y: Concurrent Reset Relocation Set 0.001ms
[2026-06-17T10:07:39.516+0800][2.823s][info][gc,reloc    ] GC(98) y: Using tenuring threshold: 1 (Computed)
[2026-06-17T10:07:39.516+0800][2.823s][info][gc,phases   ] GC(98) y: Concurrent Select Relocation Set 0.226ms
[2026-06-17T10:07:39.516+0800][2.824s][info][gc,phases   ] GC(98) y: Pause Relocate Start 0.004ms
[2026-06-17T10:07:39.517+0800][2.824s][info][gc,phases   ] GC(98) y: Concurrent Relocate 0.148ms
[2026-06-17T10:07:39.517+0800][2.824s][info][gc,alloc    ] GC(98) y:                         Mark Start        Mark End      Relocate Start    Relocate End   
[2026-06-17T10:07:39.517+0800][2.824s][info][gc,alloc    ] GC(98) y: Allocation Stalls:          0                0                0                0         
[2026-06-17T10:07:39.517+0800][2.824s][info][gc,load     ] GC(98) y: Load: 0.41 (2%) / 0.44 (2%) / 0.49 (2%)
[2026-06-17T10:07:39.517+0800][2.824s][info][gc,mmu      ] GC(98) y: MMU: 2ms/98.5%, 5ms/99.1%, 10ms/99.4%, 20ms/99.6%, 50ms/99.7%, 100ms/99.7%
[2026-06-17T10:07:39.517+0800][2.824s][info][gc,marking  ] GC(98) y: Mark: 1 stripe(s), 2 proactive flush(es), 1 terminate flush(es), 0 completion(s), 0 continuation(s) 
[2026-06-17T10:07:39.517+0800][2.824s][info][gc,nmethod  ] GC(98) y: NMethods: 70 registered, 6 unregistered
[2026-06-17T10:07:39.517+0800][2.824s][info][gc,metaspace] GC(98) y: Metaspace: 0M used, 0M committed, 1088M reserved
[2026-06-17T10:07:39.517+0800][2.825s][info][gc,reloc    ] GC(98) y:                        Candidates     Selected     In-Place         Size        Empty    Relocated 
[2026-06-17T10:07:39.517+0800][2.825s][info][gc,reloc    ] GC(98) y: Small Pages:                    4            1            0           8M           4M           0M 
[2026-06-17T10:07:39.517+0800][2.825s][info][gc,reloc    ] GC(98) y: Large Pages:                    2            0            0           4M           0M           0M 
[2026-06-17T10:07:39.518+0800][2.825s][info][gc,reloc    ] GC(98) y: Forwarding Usage: 0M
[2026-06-17T10:07:39.518+0800][2.825s][info][gc,reloc    ] GC(98) y: Age Table:
[2026-06-17T10:07:39.518+0800][2.825s][info][gc,reloc    ] GC(98) y:                    Live             Garbage             Small              Medium             Large        
[2026-06-17T10:07:39.518+0800][2.825s][info][gc,reloc    ] GC(98) y: Eden               4M (7%)            7M (12%)          4 / 1              0 / 0              2 / 0        
[2026-06-17T10:07:39.518+0800][2.825s][info][gc,heap     ] GC(98) y: Min Capacity: 64M(100%)
[2026-06-17T10:07:39.518+0800][2.825s][info][gc,heap     ] GC(98) y: Max Capacity: 64M(100%)
[2026-06-17T10:07:39.518+0800][2.825s][info][gc,heap     ] GC(98) y: Soft Max Capacity: 64M(100%)
[2026-06-17T10:07:39.518+0800][2.825s][info][gc,heap     ] GC(98) y: Heap Statistics:
[2026-06-17T10:07:39.518+0800][2.826s][info][gc,heap     ] GC(98) y:                Mark Start          Mark End        Relocate Start      Relocate End           High               Low         
[2026-06-17T10:07:39.518+0800][2.826s][info][gc,heap     ] GC(98) y:  Capacity:       64M (100%)         64M (100%)         64M (100%)         64M (100%)         64M (100%)         64M (100%)   
[2026-06-17T10:07:39.518+0800][2.826s][info][gc,heap     ] GC(98) y:      Free:       36M (56%)          30M (47%)          34M (53%)          36M (56%)          36M (56%)          30M (47%)    
[2026-06-17T10:07:39.519+0800][2.826s][info][gc,heap     ] GC(98) y:      Used:       28M (44%)          34M (53%)          30M (47%)          28M (44%)          34M (53%)          28M (44%)    
[2026-06-17T10:07:39.519+0800][2.826s][info][gc,heap     ] GC(98) y: Young Generation Statistics:
[2026-06-17T10:07:39.519+0800][2.826s][info][gc,heap     ] GC(98) y:                Mark Start          Mark End        Relocate Start      Relocate End    
[2026-06-17T10:07:39.519+0800][2.826s][info][gc,heap     ] GC(98) y:      Used:       12M (19%)          18M (28%)          14M (22%)          12M (19%)    
[2026-06-17T10:07:39.519+0800][2.826s][info][gc,heap     ] GC(98) y:      Live:         -                 4M (7%)            4M (7%)            4M (7%)     
[2026-06-17T10:07:39.519+0800][2.826s][info][gc,heap     ] GC(98) y:   Garbage:         -                 7M (12%)           3M (5%)            0M (0%)     
[2026-06-17T10:07:39.519+0800][2.826s][info][gc,heap     ] GC(98) y: Allocated:         -                 6M (9%)            6M (9%)            7M (12%)    
[2026-06-17T10:07:39.519+0800][2.827s][info][gc,heap     ] GC(98) y: Reclaimed:         -                  -                 4M (6%)            7M (12%)    
[2026-06-17T10:07:39.519+0800][2.827s][info][gc,heap     ] GC(98) y:  Promoted:         -                  -                 0M (0%)            0M (0%)     
[2026-06-17T10:07:39.519+0800][2.827s][info][gc,heap     ] GC(98) y: Compacted:         -                  -                  -                 0M (1%)     
[2026-06-17T10:07:39.519+0800][2.827s][info][gc,phases   ] GC(98) y: Young Generation 26M(41%)->28M(44%) 0.002s
[2026-06-17T10:07:39.519+0800][2.827s][info][gc          ] GC(98) Minor Collection (Allocation Rate) 60M(94%)->28M(44%) 0.006s
[2026-06-17T10:07:39.520+0800][2.827s][info][gc,task     ] GC(97) O: Using 1 Workers for Old Generation
[2026-06-17T10:07:39.520+0800][2.827s][info][gc,task     ] GC(97) O: Using 1 Workers for Old Generation
[2026-06-17T10:07:39.520+0800][2.827s][info][gc,phases   ] GC(97) O: Concurrent Remap Roots 0.279ms
[2026-06-17T10:07:39.520+0800][2.827s][info][gc,phases   ] GC(97) O: Pause Relocate Start 0.004ms
[2026-06-17T10:07:39.521+0800][2.828s][info][gc,phases   ] GC(97) O: Concurrent Relocate 0.439ms
[2026-06-17T10:07:39.521+0800][2.828s][info][gc,alloc    ] GC(97) O:                         Mark Start        Mark End      Relocate Start    Relocate End   
[2026-06-17T10:07:39.521+0800][2.828s][info][gc,alloc    ] GC(97) O: Allocation Stalls:          0                0                0                0         
[2026-06-17T10:07:39.521+0800][2.828s][info][gc,load     ] GC(97) O: Load: 0.41 (2%) / 0.44 (2%) / 0.49 (2%)
[2026-06-17T10:07:39.521+0800][2.828s][info][gc,mmu      ] GC(97) O: MMU: 2ms/98.5%, 5ms/99.1%, 10ms/99.4%, 20ms/99.6%, 50ms/99.7%, 100ms/99.7%
[2026-06-17T10:07:39.521+0800][2.828s][info][gc,marking  ] GC(97) O: Mark: 1 stripe(s), 2 proactive flush(es), 1 terminate flush(es), 0 completion(s), 0 continuation(s) 
[2026-06-17T10:07:39.521+0800][2.828s][info][gc,nmethod  ] GC(97) O: NMethods: 70 registered, 6 unregistered
[2026-06-17T10:07:39.521+0800][2.829s][info][gc,metaspace] GC(97) O: Metaspace: 0M used, 0M committed, 1088M reserved
[2026-06-17T10:07:39.521+0800][2.829s][info][gc,ref      ] GC(97) O:                       Encountered   Discovered     Enqueued 
[2026-06-17T10:07:39.521+0800][2.829s][info][gc,ref      ] GC(97) O: Soft References:                0            0            0 
[2026-06-17T10:07:39.521+0800][2.829s][info][gc,ref      ] GC(97) O: Weak References:                6            0            0 
[2026-06-17T10:07:39.521+0800][2.829s][info][gc,ref      ] GC(97) O: Final References:               0            0            0 
[2026-06-17T10:07:39.522+0800][2.829s][info][gc,ref      ] GC(97) O: Phantom References:             1            1            0 
[2026-06-17T10:07:39.522+0800][2.829s][info][gc,reloc    ] GC(97) O:                        Candidates     Selected     In-Place         Size        Empty    Relocated 
[2026-06-17T10:07:39.522+0800][2.829s][info][gc,reloc    ] GC(97) O: Small Pages:                    3            1            0           6M           0M           0M 
[2026-06-17T10:07:39.522+0800][2.829s][info][gc,reloc    ] GC(97) O: Large Pages:                   25            0            0          50M          40M           0M 
[2026-06-17T10:07:39.522+0800][2.829s][info][gc,reloc    ] GC(97) O: Forwarding Usage: 0M
[2026-06-17T10:07:39.522+0800][2.830s][info][gc,heap     ] GC(97) O: Min Capacity: 64M(100%)
[2026-06-17T10:07:39.522+0800][2.830s][info][gc,heap     ] GC(97) O: Max Capacity: 64M(100%)
[2026-06-17T10:07:39.522+0800][2.830s][info][gc,heap     ] GC(97) O: Soft Max Capacity: 64M(100%)
[2026-06-17T10:07:39.522+0800][2.830s][info][gc,heap     ] GC(97) O: Heap Statistics:
[2026-06-17T10:07:39.523+0800][2.830s][info][gc,heap     ] GC(97) O:                Mark Start          Mark End        Relocate Start      Relocate End           High               Low         
[2026-06-17T10:07:39.523+0800][2.830s][info][gc,heap     ] GC(97) O:  Capacity:       64M (100%)         64M (100%)         64M (100%)         64M (100%)         64M (100%)         64M (100%)   
[2026-06-17T10:07:39.523+0800][2.830s][info][gc,heap     ] GC(97) O:      Free:        4M (6%)            4M (6%)           36M (56%)          38M (59%)          44M (69%)           4M (6%)     
[2026-06-17T10:07:39.523+0800][2.830s][info][gc,heap     ] GC(97) O:      Used:       60M (94%)          60M (94%)          28M (44%)          26M (41%)          60M (94%)          20M (31%)    
[2026-06-17T10:07:39.523+0800][2.830s][info][gc,heap     ] GC(97) O: Old Generation Statistics:
[2026-06-17T10:07:39.523+0800][2.830s][info][gc,heap     ] GC(97) O:                Mark Start          Mark End        Relocate Start      Relocate End    
[2026-06-17T10:07:39.523+0800][2.830s][info][gc,heap     ] GC(97) O:      Used:       56M (88%)          56M (88%)          16M (25%)          14M (22%)    
[2026-06-17T10:07:39.523+0800][2.830s][info][gc,heap     ] GC(97) O:      Live:         -                12M (20%)          12M (20%)          12M (20%)    
[2026-06-17T10:07:39.523+0800][2.831s][info][gc,heap     ] GC(97) O:   Garbage:         -                43M (67%)           3M (5%)            0M (1%)     
[2026-06-17T10:07:39.523+0800][2.831s][info][gc,heap     ] GC(97) O: Allocated:         -                 0M (0%)            0M (0%)            0M (1%)     
[2026-06-17T10:07:39.523+0800][2.831s][info][gc,heap     ] GC(97) O: Reclaimed:         -                  -                40M (62%)          42M (66%)    
[2026-06-17T10:07:39.523+0800][2.831s][info][gc,heap     ] GC(97) O: Compacted:         -                  -                  -                 1M (2%)     
[2026-06-17T10:07:39.523+0800][2.831s][info][gc,phases   ] GC(97) O: Old Generation 60M(94%)->26M(41%) 0.009s
[2026-06-17T10:07:39.523+0800][2.831s][info][gc          ] GC(97) Major Collection (Allocation Rate) 60M(94%)->26M(41%) 0.030s
[2026-06-17T10:07:39.579+0800][2.887s][info][gc          ] GC(99) Major Collection (Allocation Rate)
[2026-06-17T10:07:39.582+0800][2.890s][info][gc,task     ] GC(99) Using 1 Workers for Young Generation
[2026-06-17T10:07:39.583+0800][2.891s][info][gc,task     ] GC(99) Using 1 Workers for Old Generation
[2026-06-17T10:07:39.584+0800][2.892s][info][gc,phases   ] GC(99) Y: Young Generation
[2026-06-17T10:07:39.586+0800][2.894s][info][gc,phases   ] GC(99) Y: Pause Mark Start (Major) 0.022ms
[2026-06-17T10:07:39.591+0800][2.898s][info][gc,phases   ] GC(99) Y: Concurrent Mark 1.142ms
[2026-06-17T10:07:39.592+0800][2.900s][info][gc,phases   ] GC(99) Y: Pause Mark End 0.010ms
[2026-06-17T10:07:39.595+0800][2.902s][info][gc,phases   ] GC(99) Y: Concurrent Mark Free 0.001ms
[2026-06-17T10:07:39.596+0800][2.903s][info][gc,phases   ] GC(99) Y: Concurrent Reset Relocation Set 0.001ms
[2026-06-17T10:07:39.597+0800][2.905s][info][gc,reloc    ] GC(99) Y: Using tenuring threshold: 2 (Computed)
[2026-06-17T10:07:39.597+0800][2.905s][info][gc          ] Allocation Stall (main) 7.477ms
[2026-06-17T10:07:39.598+0800][2.905s][info][gc,phases   ] GC(99) Y: Concurrent Select Relocation Set 0.698ms
[2026-06-17T10:07:39.599+0800][2.906s][info][gc,phases   ] GC(99) Y: Pause Relocate Start 0.011ms
[2026-06-17T10:07:39.600+0800][2.907s][info][gc,phases   ] GC(99) Y: Concurrent Relocate 0.287ms
[2026-06-17T10:07:39.601+0800][2.908s][info][gc,alloc    ] GC(99) Y:                         Mark Start        Mark End      Relocate Start    Relocate End   
[2026-06-17T10:07:39.601+0800][2.909s][info][gc,alloc    ] GC(99) Y: Allocation Stalls:          0                1                0                0         
[2026-06-17T10:07:39.602+0800][2.910s][info][gc,load     ] GC(99) Y: Load: 0.41 (2%) / 0.44 (2%) / 0.49 (2%)
[2026-06-17T10:07:39.602+0800][2.910s][info][gc,mmu      ] GC(99) Y: MMU: 2ms/98.5%, 5ms/99.1%, 10ms/99.4%, 20ms/99.6%, 50ms/99.7%, 100ms/99.7%
[2026-06-17T10:07:39.603+0800][2.910s][info][gc,marking  ] GC(99) Y: Mark: 1 stripe(s), 2 proactive flush(es), 1 terminate flush(es), 0 completion(s), 0 continuation(s) 
[2026-06-17T10:07:39.603+0800][2.910s][info][gc,nmethod  ] GC(99) Y: NMethods: 70 registered, 6 unregistered
[2026-06-17T10:07:39.603+0800][2.911s][info][gc,metaspace] GC(99) Y: Metaspace: 0M used, 0M committed, 1088M reserved
[2026-06-17T10:07:39.603+0800][2.911s][info][gc,reloc    ] GC(99) Y:                        Candidates     Selected     In-Place         Size        Empty    Relocated 
[2026-06-17T10:07:39.603+0800][2.911s][info][gc,reloc    ] GC(99) Y: Small Pages:                   13            2            0          26M          18M           1M 
[2026-06-17T10:07:39.604+0800][2.911s][info][gc,reloc    ] GC(99) Y: Large Pages:                   11            0            0          22M           0M           0M 
[2026-06-17T10:07:39.604+0800][2.911s][info][gc,reloc    ] GC(99) Y: Forwarding Usage: 0M
[2026-06-17T10:07:39.605+0800][2.912s][info][gc,reloc    ] GC(99) Y: Age Table:
[2026-06-17T10:07:39.605+0800][2.912s][info][gc,reloc    ] GC(99) Y:                    Live             Garbage             Small              Medium             Large        
[2026-06-17T10:07:39.605+0800][2.913s][info][gc,reloc    ] GC(99) Y: Eden              19M (31%)          22M (35%)         12 / 1              0 / 0              9 / 0        
[2026-06-17T10:07:39.605+0800][2.913s][info][gc,reloc    ] GC(99) Y: Survivor 1         4M (7%)            1M (2%)           1 / 1              0 / 0              2 / 0        
[2026-06-17T10:07:39.606+0800][2.913s][info][gc,heap     ] GC(99) Y: Min Capacity: 64M(100%)
[2026-06-17T10:07:39.606+0800][2.913s][info][gc,heap     ] GC(99) Y: Max Capacity: 64M(100%)
[2026-06-17T10:07:39.606+0800][2.913s][info][gc,heap     ] GC(99) Y: Soft Max Capacity: 64M(100%)
[2026-06-17T10:07:39.606+0800][2.913s][info][gc,heap     ] GC(99) Y: Heap Statistics:
[2026-06-17T10:07:39.606+0800][2.913s][info][gc,heap     ] GC(99) Y:                Mark Start          Mark End        Relocate Start      Relocate End           High               Low         
[2026-06-17T10:07:39.606+0800][2.914s][info][gc,heap     ] GC(99) Y:  Capacity:       64M (100%)         64M (100%)         64M (100%)         64M (100%)         64M (100%)         64M (100%)   
[2026-06-17T10:07:39.606+0800][2.914s][info][gc,heap     ] GC(99) Y:      Free:        2M (3%)            0M (0%)           16M (25%)          18M (28%)          18M (28%)           0M (0%)     
[2026-06-17T10:07:39.606+0800][2.914s][info][gc,heap     ] GC(99) Y:      Used:       62M (97%)          64M (100%)         48M (75%)          46M (72%)          64M (100%)         46M (72%)    
[2026-06-17T10:07:39.606+0800][2.914s][info][gc,heap     ] GC(99) Y: Young Generation Statistics:
[2026-06-17T10:07:39.607+0800][2.914s][info][gc,heap     ] GC(99) Y:                Mark Start          Mark End        Relocate Start      Relocate End    
[2026-06-17T10:07:39.607+0800][2.914s][info][gc,heap     ] GC(99) Y:      Used:       48M (75%)          50M (78%)          34M (53%)          32M (50%)    
[2026-06-17T10:07:39.607+0800][2.914s][info][gc,heap     ] GC(99) Y:      Live:         -                24M (38%)          24M (38%)          24M (38%)    
[2026-06-17T10:07:39.607+0800][2.914s][info][gc,heap     ] GC(99) Y:   Garbage:         -                23M (37%)           5M (9%)            1M (2%)     
[2026-06-17T10:07:39.607+0800][2.914s][info][gc,heap     ] GC(99) Y: Allocated:         -                 2M (3%)            4M (6%)            6M (10%)    
[2026-06-17T10:07:39.607+0800][2.914s][info][gc,heap     ] GC(99) Y: Reclaimed:         -                  -                18M (28%)          22M (35%)    
[2026-06-17T10:07:39.607+0800][2.914s][info][gc,heap     ] GC(99) Y:  Promoted:         -                  -                 0M (0%)            0M (0%)     
[2026-06-17T10:07:39.607+0800][2.915s][info][gc,heap     ] GC(99) Y: Compacted:         -                  -                  -                 1M (2%)     
[2026-06-17T10:07:39.607+0800][2.915s][info][gc,phases   ] GC(99) Y: Young Generation 62M(97%)->46M(72%) 0.016s
[2026-06-17T10:07:39.607+0800][2.915s][info][gc,phases   ] GC(99) O: Old Generation
[2026-06-17T10:07:39.607+0800][2.915s][info][gc          ] GC(100) Minor Collection (Allocation Stall)
[2026-06-17T10:07:39.608+0800][2.915s][info][gc,task     ] GC(100) Using 1 Workers for Young Generation
[2026-06-17T10:07:39.608+0800][2.915s][info][gc,phases   ] GC(100) y: Young Generation
[2026-06-17T10:07:39.608+0800][2.915s][info][gc,phases   ] GC(100) y: Pause Mark Start 0.009ms
[2026-06-17T10:07:39.608+0800][2.916s][info][gc,phases   ] GC(100) y: Concurrent Mark 0.362ms
[2026-06-17T10:07:39.609+0800][2.916s][info][gc,phases   ] GC(100) y: Pause Mark End 0.007ms
[2026-06-17T10:07:39.609+0800][2.916s][info][gc,phases   ] GC(100) y: Concurrent Mark Free 0.000ms
[2026-06-17T10:07:39.609+0800][2.916s][info][gc,phases   ] GC(100) y: Concurrent Reset Relocation Set 0.001ms
[2026-06-17T10:07:39.609+0800][2.916s][info][gc,reloc    ] GC(100) y: Using tenuring threshold: 3 (Computed)
[2026-06-17T10:07:39.609+0800][2.916s][info][gc,phases   ] GC(99) O: Concurrent Mark 1.624ms
[2026-06-17T10:07:39.609+0800][2.917s][info][gc,phases   ] GC(100) y: Concurrent Select Relocation Set 0.244ms
[2026-06-17T10:07:39.609+0800][2.917s][info][gc,phases   ] GC(99) O: Pause Mark End 0.006ms
[2026-06-17T10:07:39.609+0800][2.917s][info][gc,phases   ] GC(99) O: Concurrent Mark Free 0.001ms
[2026-06-17T10:07:39.610+0800][2.917s][info][gc,phases   ] GC(100) y: Pause Relocate Start 0.004ms
[2026-06-17T10:07:39.610+0800][2.917s][info][gc,phases   ] GC(100) y: Concurrent Relocate 0.214ms
[2026-06-17T10:07:39.610+0800][2.917s][info][gc,phases   ] GC(99) O: Concurrent Process Non-Strong 0.340ms
[2026-06-17T10:07:39.610+0800][2.917s][info][gc,alloc    ] GC(100) y:                         Mark Start        Mark End      Relocate Start    Relocate End   
[2026-06-17T10:07:39.610+0800][2.918s][info][gc,alloc    ] GC(100) y: Allocation Stalls:          0                0                0                0         
[2026-06-17T10:07:39.610+0800][2.918s][info][gc,phases   ] GC(99) O: Concurrent Reset Relocation Set 0.001ms
[2026-06-17T10:07:39.611+0800][2.918s][info][gc,load     ] GC(100) y: Load: 0.41 (2%) / 0.44 (2%) / 0.49 (2%)
[2026-06-17T10:07:39.611+0800][2.918s][info][gc,mmu      ] GC(100) y: MMU: 2ms/98.5%, 5ms/99.1%, 10ms/99.4%, 20ms/99.6%, 50ms/99.7%, 100ms/99.7%
[2026-06-17T10:07:39.611+0800][2.918s][info][gc,marking  ] GC(100) y: Mark: 1 stripe(s), 1 proactive flush(es), 1 terminate flush(es), 0 completion(s), 0 continuation(s) 
[2026-06-17T10:07:39.611+0800][2.918s][info][gc,nmethod  ] GC(100) y: NMethods: 70 registered, 6 unregistered
[2026-06-17T10:07:39.611+0800][2.919s][info][gc,metaspace] GC(100) y: Metaspace: 0M used, 0M committed, 1088M reserved
[2026-06-17T10:07:39.611+0800][2.919s][info][gc,reloc    ] GC(100) y:                        Candidates     Selected     In-Place         Size        Empty    Relocated 
[2026-06-17T10:07:39.611+0800][2.918s][info][gc,phases   ] GC(99) O: Concurrent Select Relocation Set 0.041ms
[2026-06-17T10:07:39.611+0800][2.919s][info][gc,reloc    ] GC(100) y: Small Pages:                    5            1            0          10M           4M           0M 
[2026-06-17T10:07:39.612+0800][2.919s][info][gc,reloc    ] GC(100) y: Large Pages:                   11            0            0          22M           0M           0M 
[2026-06-17T10:07:39.612+0800][2.919s][info][gc,reloc    ] GC(100) y: Forwarding Usage: 0M
[2026-06-17T10:07:39.612+0800][2.919s][info][gc,reloc    ] GC(100) y: Age Table:
[2026-06-17T10:07:39.612+0800][2.919s][info][gc,reloc    ] GC(100) y:                    Live             Garbage             Small              Medium             Large        
[2026-06-17T10:07:39.612+0800][2.920s][info][gc,reloc    ] GC(100) y: Eden                -                 4M (6%)           2 / 0              0 / 0              0 / 0        
[2026-06-17T10:07:39.612+0800][2.920s][info][gc,reloc    ] GC(100) y: Survivor 1        19M (31%)           2M (4%)           2 / 1              0 / 0              9 / 0        
[2026-06-17T10:07:39.612+0800][2.920s][info][gc,reloc    ] GC(100) y: Survivor 2         4M (7%)            1M (2%)           1 / 0              0 / 0              2 / 0        
[2026-06-17T10:07:39.612+0800][2.920s][info][gc,heap     ] GC(100) y: Min Capacity: 64M(100%)
[2026-06-17T10:07:39.613+0800][2.920s][info][gc,heap     ] GC(100) y: Max Capacity: 64M(100%)
[2026-06-17T10:07:39.613+0800][2.920s][info][gc,heap     ] GC(100) y: Soft Max Capacity: 64M(100%)
[2026-06-17T10:07:39.613+0800][2.920s][info][gc,heap     ] GC(100) y: Heap Statistics:
[2026-06-17T10:07:39.613+0800][2.920s][info][gc,heap     ] GC(100) y:                Mark Start          Mark End        Relocate Start      Relocate End           High               Low         
[2026-06-17T10:07:39.613+0800][2.920s][info][gc,heap     ] GC(100) y:  Capacity:       64M (100%)         64M (100%)         64M (100%)         64M (100%)         64M (100%)         64M (100%)   
[2026-06-17T10:07:39.613+0800][2.920s][info][gc,heap     ] GC(100) y:      Free:       18M (28%)          16M (25%)          18M (28%)          18M (28%)          18M (28%)          14M (22%)    
[2026-06-17T10:07:39.613+0800][2.920s][info][gc,heap     ] GC(100) y:      Used:       46M (72%)          48M (75%)          46M (72%)          46M (72%)          50M (78%)          46M (72%)    
[2026-06-17T10:07:39.614+0800][2.921s][info][gc,heap     ] GC(100) y: Young Generation Statistics:
[2026-06-17T10:07:39.614+0800][2.921s][info][gc,heap     ] GC(100) y:                Mark Start          Mark End        Relocate Start      Relocate End    
[2026-06-17T10:07:39.614+0800][2.922s][info][gc,heap     ] GC(100) y:      Used:       32M (50%)          34M (53%)          32M (50%)          32M (50%)    
[2026-06-17T10:07:39.614+0800][2.922s][info][gc,heap     ] GC(100) y:      Live:         -                24M (38%)          24M (38%)          24M (38%)    
[2026-06-17T10:07:39.615+0800][2.922s][info][gc,heap     ] GC(100) y:   Garbage:         -                 7M (12%)           3M (6%)            1M (2%)     
[2026-06-17T10:07:39.615+0800][2.922s][info][gc,heap     ] GC(100) y: Allocated:         -                 2M (3%)            4M (6%)            6M (10%)    
[2026-06-17T10:07:39.615+0800][2.922s][info][gc,heap     ] GC(100) y: Reclaimed:         -                  -                 4M (6%)            6M (10%)    
[2026-06-17T10:07:39.615+0800][2.922s][info][gc,heap     ] GC(100) y:  Promoted:         -                  -                 0M (0%)            0M (0%)     
[2026-06-17T10:07:39.615+0800][2.922s][info][gc,heap     ] GC(100) y: Compacted:         -                  -                  -                 1M (2%)     
[2026-06-17T10:07:39.615+0800][2.923s][info][gc,phases   ] GC(100) y: Young Generation 46M(72%)->46M(72%) 0.002s
[2026-06-17T10:07:39.615+0800][2.923s][info][gc          ] GC(100) Minor Collection (Allocation Stall) 46M(72%)->46M(72%) 0.008s
[2026-06-17T10:07:39.616+0800][2.923s][info][gc,task     ] GC(99) O: Using 1 Workers for Old Generation
[2026-06-17T10:07:39.616+0800][2.924s][info][gc,task     ] GC(99) O: Using 1 Workers for Old Generation
[2026-06-17T10:07:39.616+0800][2.924s][info][gc,phases   ] GC(99) O: Concurrent Remap Roots 0.667ms
[2026-06-17T10:07:39.617+0800][2.924s][info][gc,phases   ] GC(99) O: Pause Relocate Start 0.008ms
[2026-06-17T10:07:39.617+0800][2.924s][info][gc,phases   ] GC(99) O: Concurrent Relocate 0.060ms
[2026-06-17T10:07:39.617+0800][2.925s][info][gc,alloc    ] GC(99) O:                         Mark Start        Mark End      Relocate Start    Relocate End   
[2026-06-17T10:07:39.618+0800][2.925s][info][gc,alloc    ] GC(99) O: Allocation Stalls:          0                0                0                0         
[2026-06-17T10:07:39.618+0800][2.925s][info][gc,load     ] GC(99) O: Load: 0.41 (2%) / 0.44 (2%) / 0.49 (2%)
[2026-06-17T10:07:39.618+0800][2.926s][info][gc,mmu      ] GC(99) O: MMU: 2ms/98.5%, 5ms/99.1%, 10ms/99.4%, 20ms/99.6%, 50ms/99.7%, 100ms/99.7%
[2026-06-17T10:07:39.618+0800][2.926s][info][gc,marking  ] GC(99) O: Mark: 1 stripe(s), 2 proactive flush(es), 1 terminate flush(es), 0 completion(s), 0 continuation(s) 
[2026-06-17T10:07:39.619+0800][2.926s][info][gc,nmethod  ] GC(99) O: NMethods: 70 registered, 6 unregistered
[2026-06-17T10:07:39.619+0800][2.926s][info][gc,metaspace] GC(99) O: Metaspace: 0M used, 0M committed, 1088M reserved
[2026-06-17T10:07:39.619+0800][2.926s][info][gc,ref      ] GC(99) O:                       Encountered   Discovered     Enqueued 
[2026-06-17T10:07:39.619+0800][2.926s][info][gc,ref      ] GC(99) O: Soft References:                0            0            0 
[2026-06-17T10:07:39.619+0800][2.926s][info][gc,ref      ] GC(99) O: Weak References:                6            0            0 
[2026-06-17T10:07:39.619+0800][2.926s][info][gc,ref      ] GC(99) O: Final References:               0            0            0 
[2026-06-17T10:07:39.619+0800][2.927s][info][gc,ref      ] GC(99) O: Phantom References:             1            1            0 
[2026-06-17T10:07:39.619+0800][2.927s][info][gc,reloc    ] GC(99) O:                        Candidates     Selected     In-Place         Size        Empty    Relocated 
[2026-06-17T10:07:39.619+0800][2.927s][info][gc,reloc    ] GC(99) O: Small Pages:                    2            0            0           4M           0M           0M 
[2026-06-17T10:07:39.619+0800][2.927s][info][gc,reloc    ] GC(99) O: Large Pages:                    5            0            0          10M           0M           0M 
[2026-06-17T10:07:39.620+0800][2.927s][info][gc,reloc    ] GC(99) O: Forwarding Usage: 0M
[2026-06-17T10:07:39.620+0800][2.927s][info][gc,heap     ] GC(99) O: Min Capacity: 64M(100%)
[2026-06-17T10:07:39.620+0800][2.927s][info][gc,heap     ] GC(99) O: Max Capacity: 64M(100%)
[2026-06-17T10:07:39.620+0800][2.927s][info][gc,heap     ] GC(99) O: Soft Max Capacity: 64M(100%)
[2026-06-17T10:07:39.620+0800][2.927s][info][gc,heap     ] GC(99) O: Heap Statistics:
[2026-06-17T10:07:39.620+0800][2.928s][info][gc,heap     ] GC(99) O:                Mark Start          Mark End        Relocate Start      Relocate End           High               Low         
[2026-06-17T10:07:39.620+0800][2.928s][info][gc,heap     ] GC(99) O:  Capacity:       64M (100%)         64M (100%)         64M (100%)         64M (100%)         64M (100%)         64M (100%)   
[2026-06-17T10:07:39.620+0800][2.928s][info][gc,heap     ] GC(99) O:      Free:        2M (3%)           18M (28%)          18M (28%)          18M (28%)          18M (28%)           0M (0%)     
[2026-06-17T10:07:39.620+0800][2.928s][info][gc,heap     ] GC(99) O:      Used:       62M (97%)          46M (72%)          46M (72%)          46M (72%)          64M (100%)         46M (72%)    
[2026-06-17T10:07:39.621+0800][2.928s][info][gc,heap     ] GC(99) O: Old Generation Statistics:
[2026-06-17T10:07:39.621+0800][2.928s][info][gc,heap     ] GC(99) O:                Mark Start          Mark End        Relocate Start      Relocate End    
[2026-06-17T10:07:39.621+0800][2.928s][info][gc,heap     ] GC(99) O:      Used:       14M (22%)          14M (22%)          14M (22%)          14M (22%)    
[2026-06-17T10:07:39.621+0800][2.928s][info][gc,heap     ] GC(99) O:      Live:         -                12M (20%)          12M (20%)          12M (20%)    
[2026-06-17T10:07:39.621+0800][2.928s][info][gc,heap     ] GC(99) O:   Garbage:         -                 1M (2%)            1M (2%)            1M (2%)     
[2026-06-17T10:07:39.621+0800][2.929s][info][gc,heap     ] GC(99) O: Allocated:         -                 0M (0%)            0M (0%)            0M (0%)     
[2026-06-17T10:07:39.621+0800][2.929s][info][gc,heap     ] GC(99) O: Reclaimed:         -                  -                 0M (0%)            0M (0%)     
[2026-06-17T10:07:39.621+0800][2.929s][info][gc,heap     ] GC(99) O: Compacted:         -                  -                  -                 0M (0%)     
[2026-06-17T10:07:39.621+0800][2.929s][info][gc,phases   ] GC(99) O: Old Generation 46M(72%)->46M(72%) 0.010s
[2026-06-17T10:07:39.621+0800][2.929s][info][gc          ] GC(99) Major Collection (Allocation Rate) 60M(94%)->58M(91%) 0.042s
[2026-06-17T10:07:39.630+0800][2.937s][info][gc          ] GC(101) Major Collection (Allocation Rate)
[2026-06-17T10:07:39.630+0800][2.938s][info][gc,task     ] GC(101) Using 1 Workers for Young Generation
[2026-06-17T10:07:39.630+0800][2.938s][info][gc,task     ] GC(101) Using 1 Workers for Old Generation
[2026-06-17T10:07:39.630+0800][2.938s][info][gc,phases   ] GC(101) Y: Young Generation
[2026-06-17T10:07:39.631+0800][2.938s][info][gc,phases   ] GC(101) Y: Pause Mark Start (Major) 0.009ms
[2026-06-17T10:07:39.631+0800][2.939s][info][gc,phases   ] GC(101) Y: Concurrent Mark 0.468ms
[2026-06-17T10:07:39.631+0800][2.939s][info][gc,phases   ] GC(101) Y: Pause Mark End 0.006ms
[2026-06-17T10:07:39.631+0800][2.939s][info][gc,phases   ] GC(101) Y: Concurrent Mark Free 0.001ms
[2026-06-17T10:07:39.632+0800][2.939s][info][gc,phases   ] GC(101) Y: Concurrent Reset Relocation Set 0.001ms
[2026-06-17T10:07:39.632+0800][2.939s][info][gc,reloc    ] GC(101) Y: Using tenuring threshold: 4 (Computed)
[2026-06-17T10:07:39.632+0800][2.939s][info][gc,phases   ] GC(101) Y: Concurrent Select Relocation Set 0.215ms
[2026-06-17T10:07:39.632+0800][2.939s][info][gc,phases   ] GC(101) Y: Pause Relocate Start 0.004ms
[2026-06-17T10:07:39.632+0800][2.940s][info][gc,phases   ] GC(101) Y: Concurrent Relocate 0.338ms
[2026-06-17T10:07:39.633+0800][2.940s][info][gc,alloc    ] GC(101) Y:                         Mark Start        Mark End      Relocate Start    Relocate End   
[2026-06-17T10:07:39.633+0800][2.940s][info][gc,alloc    ] GC(101) Y: Allocation Stalls:          0                0                0                0         
[2026-06-17T10:07:39.633+0800][2.940s][info][gc,load     ] GC(101) Y: Load: 0.41 (2%) / 0.44 (2%) / 0.49 (2%)
[2026-06-17T10:07:39.633+0800][2.940s][info][gc,mmu      ] GC(101) Y: MMU: 2ms/98.5%, 5ms/99.1%, 10ms/99.4%, 20ms/99.6%, 50ms/99.7%, 100ms/99.7%
[2026-06-17T10:07:39.633+0800][2.940s][info][gc,marking  ] GC(101) Y: Mark: 1 stripe(s), 1 proactive flush(es), 1 terminate flush(es), 0 completion(s), 0 continuation(s) 
[2026-06-17T10:07:39.633+0800][2.940s][info][gc,nmethod  ] GC(101) Y: NMethods: 70 registered, 6 unregistered
[2026-06-17T10:07:39.633+0800][2.940s][info][gc,metaspace] GC(101) Y: Metaspace: 0M used, 0M committed, 1088M reserved
[2026-06-17T10:07:39.633+0800][2.941s][info][gc,reloc    ] GC(101) Y:                        Candidates     Selected     In-Place         Size        Empty    Relocated 
[2026-06-17T10:07:39.633+0800][2.941s][info][gc,reloc    ] GC(101) Y: Small Pages:                    9            2            0          18M          10M           1M 
[2026-06-17T10:07:39.633+0800][2.941s][info][gc,reloc    ] GC(101) Y: Large Pages:                   16            0            0          32M           0M           0M 
[2026-06-17T10:07:39.633+0800][2.941s][info][gc,reloc    ] GC(101) Y: Forwarding Usage: 0M
[2026-06-17T10:07:39.634+0800][2.941s][info][gc,reloc    ] GC(101) Y: Age Table:
[2026-06-17T10:07:39.634+0800][2.941s][info][gc,reloc    ] GC(101) Y:                    Live             Garbage             Small              Medium             Large        
[2026-06-17T10:07:39.634+0800][2.941s][info][gc,reloc    ] GC(101) Y: Eden              10M (17%)          11M (18%)          6 / 0              0 / 0              5 / 0        
[2026-06-17T10:07:39.634+0800][2.941s][info][gc,reloc    ] GC(101) Y: Survivor 1          -                 0M (0%)           0 / 0              0 / 0              0 / 0        
[2026-06-17T10:07:39.634+0800][2.941s][info][gc,reloc    ] GC(101) Y: Survivor 2        19M (31%)           2M (4%)           2 / 1              0 / 0              9 / 0        
[2026-06-17T10:07:39.634+0800][2.941s][info][gc,reloc    ] GC(101) Y: Survivor 3         4M (7%)            1M (2%)           1 / 1              0 / 0              2 / 0        
[2026-06-17T10:07:39.634+0800][2.941s][info][gc,heap     ] GC(101) Y: Min Capacity: 64M(100%)
[2026-06-17T10:07:39.634+0800][2.942s][info][gc,heap     ] GC(101) Y: Max Capacity: 64M(100%)
[2026-06-17T10:07:39.634+0800][2.942s][info][gc,heap     ] GC(101) Y: Soft Max Capacity: 64M(100%)
[2026-06-17T10:07:39.634+0800][2.942s][info][gc,heap     ] GC(101) Y: Heap Statistics:
[2026-06-17T10:07:39.635+0800][2.942s][info][gc,heap     ] GC(101) Y:                Mark Start          Mark End        Relocate Start      Relocate End           High               Low         
[2026-06-17T10:07:39.635+0800][2.942s][info][gc,heap     ] GC(101) Y:  Capacity:       64M (100%)         64M (100%)         64M (100%)         64M (100%)         64M (100%)         64M (100%)   
[2026-06-17T10:07:39.635+0800][2.942s][info][gc,heap     ] GC(101) Y:      Free:        0M (0%)            0M (0%)           10M (16%)          12M (19%)          12M (19%)           0M (0%)     
[2026-06-17T10:07:39.635+0800][2.942s][info][gc,heap     ] GC(101) Y:      Used:       64M (100%)         64M (100%)         54M (84%)          52M (81%)          64M (100%)         52M (81%)    
[2026-06-17T10:07:39.635+0800][2.942s][info][gc,heap     ] GC(101) Y: Young Generation Statistics:
[2026-06-17T10:07:39.635+0800][2.943s][info][gc,heap     ] GC(101) Y:                Mark Start          Mark End        Relocate Start      Relocate End    
[2026-06-17T10:07:39.635+0800][2.943s][info][gc,heap     ] GC(101) Y:      Used:       50M (78%)          50M (78%)          40M (62%)          38M (59%)    
[2026-06-17T10:07:39.635+0800][2.943s][info][gc,heap     ] GC(101) Y:      Live:         -                34M (55%)          34M (55%)          34M (55%)    
[2026-06-17T10:07:39.635+0800][2.943s][info][gc,heap     ] GC(101) Y:   Garbage:         -                15M (24%)           5M (8%)            0M (0%)     
[2026-06-17T10:07:39.635+0800][2.943s][info][gc,heap     ] GC(101) Y: Allocated:         -                 0M (0%)            0M (0%)            3M (5%)     
[2026-06-17T10:07:39.635+0800][2.943s][info][gc,heap     ] GC(101) Y: Reclaimed:         -                  -                10M (16%)          15M (24%)    
[2026-06-17T10:07:39.636+0800][2.943s][info][gc,heap     ] GC(101) Y:  Promoted:         -                  -                 0M (0%)            0M (0%)     
[2026-06-17T10:07:39.636+0800][2.943s][info][gc,heap     ] GC(101) Y: Compacted:         -                  -                  -                 2M (5%)     
[2026-06-17T10:07:39.636+0800][2.943s][info][gc,phases   ] GC(101) Y: Young Generation 64M(100%)->52M(81%) 0.002s
[2026-06-17T10:07:39.636+0800][2.943s][info][gc,phases   ] GC(101) O: Old Generation
[2026-06-17T10:07:39.637+0800][2.944s][info][gc,phases   ] GC(101) O: Concurrent Mark 0.806ms
[2026-06-17T10:07:39.637+0800][2.944s][info][gc,phases   ] GC(101) O: Pause Mark End 0.007ms
[2026-06-17T10:07:39.637+0800][2.944s][info][gc,phases   ] GC(101) O: Concurrent Mark Free 0.001ms
[2026-06-17T10:07:39.637+0800][2.945s][info][gc,phases   ] GC(101) O: Concurrent Process Non-Strong 0.354ms
[2026-06-17T10:07:39.638+0800][2.945s][info][gc,phases   ] GC(101) O: Concurrent Reset Relocation Set 0.000ms
[2026-06-17T10:07:39.638+0800][2.945s][info][gc,phases   ] GC(101) O: Concurrent Select Relocation Set 0.036ms
[2026-06-17T10:07:39.638+0800][2.945s][info][gc,task     ] GC(101) O: Using 1 Workers for Old Generation
[2026-06-17T10:07:39.638+0800][2.945s][info][gc,task     ] GC(101) O: Using 1 Workers for Old Generation
[2026-06-17T10:07:39.638+0800][2.945s][info][gc,phases   ] GC(101) O: Concurrent Remap Roots 0.245ms
[2026-06-17T10:07:39.638+0800][2.946s][info][gc,phases   ] GC(101) O: Pause Relocate Start 0.005ms
[2026-06-17T10:07:39.638+0800][2.946s][info][gc,phases   ] GC(101) O: Concurrent Relocate 0.114ms
[2026-06-17T10:07:39.639+0800][2.946s][info][gc,alloc    ] GC(101) O:                         Mark Start        Mark End      Relocate Start    Relocate End   
[2026-06-17T10:07:39.639+0800][2.946s][info][gc,alloc    ] GC(101) O: Allocation Stalls:          0                0                0                0         
[2026-06-17T10:07:39.639+0800][2.946s][info][gc,load     ] GC(101) O: Load: 0.41 (2%) / 0.44 (2%) / 0.49 (2%)
[2026-06-17T10:07:39.639+0800][2.946s][info][gc,mmu      ] GC(101) O: MMU: 2ms/98.5%, 5ms/99.1%, 10ms/99.4%, 20ms/99.6%, 50ms/99.7%, 100ms/99.7%
[2026-06-17T10:07:39.639+0800][2.946s][info][gc,marking  ] GC(101) O: Mark: 1 stripe(s), 1 proactive flush(es), 1 terminate flush(es), 0 completion(s), 0 continuation(s) 
[2026-06-17T10:07:39.639+0800][2.946s][info][gc,nmethod  ] GC(101) O: NMethods: 70 registered, 6 unregistered
[2026-06-17T10:07:39.639+0800][2.947s][info][gc,metaspace] GC(101) O: Metaspace: 0M used, 0M committed, 1088M reserved
[2026-06-17T10:07:39.639+0800][2.947s][info][gc,ref      ] GC(101) O:                       Encountered   Discovered     Enqueued 
[2026-06-17T10:07:39.639+0800][2.947s][info][gc,ref      ] GC(101) O: Soft References:                0            0            0 
[2026-06-17T10:07:39.639+0800][2.947s][info][gc,ref      ] GC(101) O: Weak References:                6            0            0 
[2026-06-17T10:07:39.639+0800][2.947s][info][gc,ref      ] GC(101) O: Final References:               0            0            0 
[2026-06-17T10:07:39.640+0800][2.947s][info][gc,ref      ] GC(101) O: Phantom References:             1            1            0 
[2026-06-17T10:07:39.640+0800][2.947s][info][gc,reloc    ] GC(101) O:                        Candidates     Selected     In-Place         Size        Empty    Relocated 
[2026-06-17T10:07:39.640+0800][2.947s][info][gc,reloc    ] GC(101) O: Small Pages:                    2            0            0           4M           0M           0M 
[2026-06-17T10:07:39.640+0800][2.947s][info][gc,reloc    ] GC(101) O: Large Pages:                    5            0            0          10M           0M           0M 
[2026-06-17T10:07:39.640+0800][2.947s][info][gc,reloc    ] GC(101) O: Forwarding Usage: 0M
[2026-06-17T10:07:39.640+0800][2.947s][info][gc,heap     ] GC(101) O: Min Capacity: 64M(100%)
[2026-06-17T10:07:39.640+0800][2.947s][info][gc,heap     ] GC(101) O: Max Capacity: 64M(100%)
[2026-06-17T10:07:39.640+0800][2.948s][info][gc,heap     ] GC(101) O: Soft Max Capacity: 64M(100%)
[2026-06-17T10:07:39.640+0800][2.948s][info][gc,heap     ] GC(101) O: Heap Statistics:
[2026-06-17T10:07:39.640+0800][2.948s][info][gc,heap     ] GC(101) O:                Mark Start          Mark End        Relocate Start      Relocate End           High               Low         
[2026-06-17T10:07:39.641+0800][2.948s][info][gc,heap     ] GC(101) O:  Capacity:       64M (100%)         64M (100%)         64M (100%)         64M (100%)         64M (100%)         64M (100%)   
[2026-06-17T10:07:39.641+0800][2.948s][info][gc,heap     ] GC(101) O:      Free:        0M (0%)           12M (19%)          12M (19%)          12M (19%)          12M (19%)           0M (0%)     
[2026-06-17T10:07:39.641+0800][2.948s][info][gc,heap     ] GC(101) O:      Used:       64M (100%)         52M (81%)          52M (81%)          52M (81%)          64M (100%)         52M (81%)    
[2026-06-17T10:07:39.641+0800][2.948s][info][gc,heap     ] GC(101) O: Old Generation Statistics:
[2026-06-17T10:07:39.641+0800][2.948s][info][gc,heap     ] GC(101) O:                Mark Start          Mark End        Relocate Start      Relocate End    
[2026-06-17T10:07:39.641+0800][2.948s][info][gc,heap     ] GC(101) O:      Used:       14M (22%)          14M (22%)          14M (22%)          14M (22%)    
[2026-06-17T10:07:39.641+0800][2.949s][info][gc,heap     ] GC(101) O:      Live:         -                12M (20%)          12M (20%)          12M (20%)    
[2026-06-17T10:07:39.641+0800][2.949s][info][gc,heap     ] GC(101) O:   Garbage:         -                 1M (2%)            1M (2%)            1M (2%)     
[2026-06-17T10:07:39.641+0800][2.949s][info][gc,heap     ] GC(101) O: Allocated:         -                 0M (0%)            0M (0%)            0M (0%)     
[2026-06-17T10:07:39.641+0800][2.949s][info][gc,heap     ] GC(101) O: Reclaimed:         -                  -                 0M (0%)            0M (0%)     
[2026-06-17T10:07:39.642+0800][2.949s][info][gc,heap     ] GC(101) O: Compacted:         -                  -                  -                 0M (0%)     
[2026-06-17T10:07:39.642+0800][2.949s][info][gc,phases   ] GC(101) O: Old Generation 52M(81%)->52M(81%) 0.003s
[2026-06-17T10:07:39.642+0800][2.949s][info][gc          ] GC(101) Major Collection (Allocation Rate) 58M(91%)->56M(88%) 0.012s
[2026-06-17T10:07:39.651+0800][2.958s][info][gc          ] GC(102) Minor Collection (Allocation Rate)
[2026-06-17T10:07:39.651+0800][2.958s][info][gc,task     ] GC(102) Using 1 Workers for Young Generation
[2026-06-17T10:07:39.651+0800][2.958s][info][gc,phases   ] GC(102) y: Young Generation
[2026-06-17T10:07:39.651+0800][2.959s][info][gc,phases   ] GC(102) y: Pause Mark Start 0.009ms
[2026-06-17T10:07:39.652+0800][2.959s][info][gc,phases   ] GC(102) y: Concurrent Mark 0.400ms
[2026-06-17T10:07:39.652+0800][2.959s][info][gc,phases   ] GC(102) y: Pause Mark End 0.005ms
[2026-06-17T10:07:39.652+0800][2.960s][info][gc,phases   ] GC(102) y: Concurrent Mark Free 0.001ms
[2026-06-17T10:07:39.652+0800][2.960s][info][gc,phases   ] GC(102) y: Concurrent Reset Relocation Set 0.001ms
[2026-06-17T10:07:39.652+0800][2.960s][info][gc,reloc    ] GC(102) y: Using tenuring threshold: 1 (Computed)
[2026-06-17T10:07:39.652+0800][2.960s][info][gc          ] Allocation Stall (main) 0.922ms
[2026-06-17T10:07:39.653+0800][2.960s][info][gc,phases   ] GC(102) y: Concurrent Select Relocation Set 0.330ms
[2026-06-17T10:07:39.653+0800][2.960s][info][gc,phases   ] GC(102) y: Pause Relocate Start 0.004ms
[2026-06-17T10:07:39.653+0800][2.960s][info][gc,phases   ] GC(102) y: Concurrent Relocate 0.219ms
[2026-06-17T10:07:39.653+0800][2.961s][info][gc,alloc    ] GC(102) y:                         Mark Start        Mark End      Relocate Start    Relocate End   
[2026-06-17T10:07:39.653+0800][2.961s][info][gc,alloc    ] GC(102) y: Allocation Stalls:          0                1                0                0         
[2026-06-17T10:07:39.654+0800][2.961s][info][gc,load     ] GC(102) y: Load: 0.41 (2%) / 0.44 (2%) / 0.49 (2%)
[2026-06-17T10:07:39.654+0800][2.961s][info][gc,mmu      ] GC(102) y: MMU: 2ms/98.5%, 5ms/99.1%, 10ms/99.4%, 20ms/99.6%, 50ms/99.7%, 100ms/99.7%
[2026-06-17T10:07:39.654+0800][2.962s][info][gc,marking  ] GC(102) y: Mark: 1 stripe(s), 2 proactive flush(es), 1 terminate flush(es), 0 completion(s), 0 continuation(s) 
[2026-06-17T10:07:39.654+0800][2.962s][info][gc,nmethod  ] GC(102) y: NMethods: 70 registered, 6 unregistered
[2026-06-17T10:07:39.654+0800][2.962s][info][gc,metaspace] GC(102) y: Metaspace: 0M used, 0M committed, 1088M reserved
[2026-06-17T10:07:39.655+0800][2.962s][info][gc,reloc    ] GC(102) y:                        Candidates     Selected     In-Place         Size        Empty    Relocated 
[2026-06-17T10:07:39.655+0800][2.962s][info][gc,reloc    ] GC(102) y: Small Pages:                    7            3            1          14M           4M           1M 
[2026-06-17T10:07:39.655+0800][2.962s][info][gc,reloc    ] GC(102) y: Large Pages:                   18            0            0          36M           0M           0M 
[2026-06-17T10:07:39.655+0800][2.962s][info][gc,reloc    ] GC(102) y: Forwarding Usage: 0M
[2026-06-17T10:07:39.655+0800][2.962s][info][gc,reloc    ] GC(102) y: Age Table:
[2026-06-17T10:07:39.655+0800][2.963s][info][gc,reloc    ] GC(102) y:                    Live             Garbage             Small              Medium             Large        
[2026-06-17T10:07:39.655+0800][2.963s][info][gc,reloc    ] GC(102) y: Eden               4M (7%)            7M (12%)          4 / 1              0 / 0              2 / 0        
[2026-06-17T10:07:39.655+0800][2.963s][info][gc,reloc    ] GC(102) y: Survivor 1        10M (17%)           1M (2%)           1 / 1              0 / 0              5 / 0        
[2026-06-17T10:07:39.656+0800][2.963s][info][gc,reloc    ] GC(102) y: Survivor 2          -                 0M (0%)           0 / 0              0 / 0              0 / 0        
[2026-06-17T10:07:39.656+0800][2.963s][info][gc,reloc    ] GC(102) y: Survivor 3        19M (31%)           0M (0%)           1 / 0              0 / 0              9 / 0        
[2026-06-17T10:07:39.656+0800][2.963s][info][gc,reloc    ] GC(102) y: Survivor 4         4M (7%)            1M (2%)           1 / 1              0 / 0              2 / 0        
[2026-06-17T10:07:39.656+0800][2.963s][info][gc,heap     ] GC(102) y: Min Capacity: 64M(100%)
[2026-06-17T10:07:39.656+0800][2.963s][info][gc,heap     ] GC(102) y: Max Capacity: 64M(100%)
[2026-06-17T10:07:39.656+0800][2.963s][info][gc,heap     ] GC(102) y: Soft Max Capacity: 64M(100%)
[2026-06-17T10:07:39.656+0800][2.963s][info][gc,heap     ] GC(102) y: Heap Statistics:
[2026-06-17T10:07:39.656+0800][2.964s][info][gc,heap     ] GC(102) y:                Mark Start          Mark End        Relocate Start      Relocate End           High               Low         
[2026-06-17T10:07:39.656+0800][2.964s][info][gc,heap     ] GC(102) y:  Capacity:       64M (100%)         64M (100%)         64M (100%)         64M (100%)         64M (100%)         64M (100%)   
[2026-06-17T10:07:39.656+0800][2.964s][info][gc,heap     ] GC(102) y:      Free:        0M (0%)            0M (0%)            0M (0%)            4M (6%)            4M (6%)            0M (0%)     
[2026-06-17T10:07:39.657+0800][2.964s][info][gc,heap     ] GC(102) y:      Used:       64M (100%)         64M (100%)         64M (100%)         60M (94%)          64M (100%)         60M (94%)    
[2026-06-17T10:07:39.657+0800][2.964s][info][gc,heap     ] GC(102) y: Young Generation Statistics:
[2026-06-17T10:07:39.657+0800][2.964s][info][gc,heap     ] GC(102) y:                Mark Start          Mark End        Relocate Start      Relocate End    
[2026-06-17T10:07:39.657+0800][2.964s][info][gc,heap     ] GC(102) y:      Used:       50M (78%)          50M (78%)          16M (25%)          10M (16%)    
[2026-06-17T10:07:39.657+0800][2.964s][info][gc,heap     ] GC(102) y:      Live:         -                39M (61%)           5M (9%)            4M (7%)     
[2026-06-17T10:07:39.657+0800][2.964s][info][gc,heap     ] GC(102) y:   Garbage:         -                10M (17%)           6M (10%)           0M (0%)     
[2026-06-17T10:07:39.657+0800][2.965s][info][gc,heap     ] GC(102) y: Allocated:         -                 0M (0%)            4M (6%)            5M (9%)     
[2026-06-17T10:07:39.657+0800][2.965s][info][gc,heap     ] GC(102) y: Reclaimed:         -                  -                 4M (7%)           10M (17%)    
[2026-06-17T10:07:39.657+0800][2.965s][info][gc,heap     ] GC(102) y:  Promoted:         -                  -                33M (53%)          34M (55%)    
[2026-06-17T10:07:39.657+0800][2.965s][info][gc,heap     ] GC(102) y: Compacted:         -                  -                  -                 0M (1%)     
[2026-06-17T10:07:39.657+0800][2.965s][info][gc,phases   ] GC(102) y: Young Generation 64M(100%)->60M(94%) 0.002s
[2026-06-17T10:07:39.658+0800][2.965s][info][gc          ] GC(102) Minor Collection (Allocation Rate) 56M(88%)->60M(94%) 0.007s
[2026-06-17T10:07:39.658+0800][2.965s][info][gc          ] GC(103) Major Collection (Allocation Rate)
[2026-06-17T10:07:39.658+0800][2.965s][info][gc,task     ] GC(103) Using 1 Workers for Young Generation
[2026-06-17T10:07:39.658+0800][2.965s][info][gc,task     ] GC(103) Using 1 Workers for Old Generation
[2026-06-17T10:07:39.658+0800][2.965s][info][gc,phases   ] GC(103) Y: Young Generation
[2026-06-17T10:07:39.658+0800][2.965s][info][gc,phases   ] GC(103) Y: Pause Mark Start (Major) 0.008ms
[2026-06-17T10:07:39.659+0800][2.966s][info][gc,phases   ] GC(103) Y: Concurrent Mark 0.445ms
[2026-06-17T10:07:39.659+0800][2.966s][info][gc,phases   ] GC(103) Y: Pause Mark End 0.006ms
[2026-06-17T10:07:39.659+0800][2.966s][info][gc,phases   ] GC(103) Y: Concurrent Mark Free 0.001ms
[2026-06-17T10:07:39.659+0800][2.967s][info][gc,phases   ] GC(103) Y: Concurrent Reset Relocation Set 0.003ms
[2026-06-17T10:07:39.659+0800][2.967s][info][gc,reloc    ] GC(103) Y: Using tenuring threshold: 2 (Computed)
[2026-06-17T10:07:39.660+0800][2.967s][info][gc,phases   ] GC(103) Y: Concurrent Select Relocation Set 0.322ms
[2026-06-17T10:07:39.660+0800][2.967s][info][gc,phases   ] GC(103) Y: Pause Relocate Start 0.005ms
[2026-06-17T10:07:39.660+0800][2.967s][info][gc,phases   ] GC(103) Y: Concurrent Relocate 0.163ms
[2026-06-17T10:07:39.660+0800][2.967s][info][gc,alloc    ] GC(103) Y:                         Mark Start        Mark End      Relocate Start    Relocate End   
[2026-06-17T10:07:39.660+0800][2.968s][info][gc,alloc    ] GC(103) Y: Allocation Stalls:          0                0                0                0         
[2026-06-17T10:07:39.660+0800][2.968s][info][gc,load     ] GC(103) Y: Load: 0.41 (2%) / 0.44 (2%) / 0.49 (2%)
[2026-06-17T10:07:39.660+0800][2.968s][info][gc,mmu      ] GC(103) Y: MMU: 2ms/98.5%, 5ms/99.1%, 10ms/99.4%, 20ms/99.6%, 50ms/99.7%, 100ms/99.7%
[2026-06-17T10:07:39.660+0800][2.968s][info][gc,marking  ] GC(103) Y: Mark: 1 stripe(s), 1 proactive flush(es), 1 terminate flush(es), 0 completion(s), 0 continuation(s) 
[2026-06-17T10:07:39.661+0800][2.968s][info][gc,nmethod  ] GC(103) Y: NMethods: 70 registered, 6 unregistered
[2026-06-17T10:07:39.661+0800][2.968s][info][gc,metaspace] GC(103) Y: Metaspace: 0M used, 0M committed, 1088M reserved
[2026-06-17T10:07:39.661+0800][2.968s][info][gc,reloc    ] GC(103) Y:                        Candidates     Selected     In-Place         Size        Empty    Relocated 
[2026-06-17T10:07:39.661+0800][2.968s][info][gc,reloc    ] GC(103) Y: Small Pages:                    2            1            0           4M           0M           0M 
[2026-06-17T10:07:39.661+0800][2.968s][info][gc,reloc    ] GC(103) Y: Large Pages:                    3            0            0           6M           0M           0M 
[2026-06-17T10:07:39.661+0800][2.968s][info][gc,reloc    ] GC(103) Y: Forwarding Usage: 0M
[2026-06-17T10:07:39.661+0800][2.968s][info][gc,reloc    ] GC(103) Y: Age Table:
[2026-06-17T10:07:39.661+0800][2.969s][info][gc,reloc    ] GC(103) Y:                    Live             Garbage             Small              Medium             Large        
[2026-06-17T10:07:39.661+0800][2.969s][info][gc,reloc    ] GC(103) Y: Eden               2M (4%)            1M (2%)           1 / 1              0 / 0              1 / 0        
[2026-06-17T10:07:39.661+0800][2.969s][info][gc,reloc    ] GC(103) Y: Survivor 1         4M (7%)            1M (3%)           1 / 0              0 / 0              2 / 0        
[2026-06-17T10:07:39.661+0800][2.969s][info][gc,heap     ] GC(103) Y: Min Capacity: 64M(100%)
[2026-06-17T10:07:39.661+0800][2.969s][info][gc,heap     ] GC(103) Y: Max Capacity: 64M(100%)
[2026-06-17T10:07:39.662+0800][2.969s][info][gc,heap     ] GC(103) Y: Soft Max Capacity: 64M(100%)
[2026-06-17T10:07:39.662+0800][2.969s][info][gc,heap     ] GC(103) Y: Heap Statistics:
[2026-06-17T10:07:39.662+0800][2.969s][info][gc,heap     ] GC(103) Y:                Mark Start          Mark End        Relocate Start      Relocate End           High               Low         
[2026-06-17T10:07:39.662+0800][2.969s][info][gc,heap     ] GC(103) Y:  Capacity:       64M (100%)         64M (100%)         64M (100%)         64M (100%)         64M (100%)         64M (100%)   
[2026-06-17T10:07:39.662+0800][2.969s][info][gc,heap     ] GC(103) Y:      Free:        4M (6%)            4M (6%)            4M (6%)            4M (6%)            4M (6%)            2M (3%)     
[2026-06-17T10:07:39.662+0800][2.969s][info][gc,heap     ] GC(103) Y:      Used:       60M (94%)          60M (94%)          60M (94%)          60M (94%)          62M (97%)          60M (94%)    
[2026-06-17T10:07:39.662+0800][2.970s][info][gc,heap     ] GC(103) Y: Young Generation Statistics:
[2026-06-17T10:07:39.662+0800][2.970s][info][gc,heap     ] GC(103) Y:                Mark Start          Mark End        Relocate Start      Relocate End    
[2026-06-17T10:07:39.662+0800][2.970s][info][gc,heap     ] GC(103) Y:      Used:       10M (16%)          10M (16%)          10M (16%)          10M (16%)    
[2026-06-17T10:07:39.662+0800][2.970s][info][gc,heap     ] GC(103) Y:      Live:         -                 6M (11%)           6M (11%)           6M (11%)    
[2026-06-17T10:07:39.662+0800][2.970s][info][gc,heap     ] GC(103) Y:   Garbage:         -                 3M (5%)            3M (5%)            0M (0%)     
[2026-06-17T10:07:39.663+0800][2.970s][info][gc,heap     ] GC(103) Y: Allocated:         -                 0M (0%)            0M (0%)            3M (5%)     
[2026-06-17T10:07:39.663+0800][2.970s][info][gc,heap     ] GC(103) Y: Reclaimed:         -                  -                 0M (0%)            3M (5%)     
[2026-06-17T10:07:39.663+0800][2.970s][info][gc,heap     ] GC(103) Y:  Promoted:         -                  -                 0M (0%)            0M (0%)     
[2026-06-17T10:07:39.663+0800][2.970s][info][gc,heap     ] GC(103) Y: Compacted:         -                  -                  -                 0M (1%)     
[2026-06-17T10:07:39.663+0800][2.970s][info][gc,phases   ] GC(103) Y: Young Generation 60M(94%)->60M(94%) 0.002s
[2026-06-17T10:07:39.663+0800][2.971s][info][gc,phases   ] GC(103) O: Old Generation
[2026-06-17T10:07:39.664+0800][2.972s][info][gc,phases   ] GC(103) O: Concurrent Mark 0.971ms
[2026-06-17T10:07:39.664+0800][2.972s][info][gc,phases   ] GC(103) O: Pause Mark End 0.006ms
[2026-06-17T10:07:39.664+0800][2.972s][info][gc,phases   ] GC(103) O: Concurrent Mark Free 0.001ms
[2026-06-17T10:07:39.665+0800][2.972s][info][gc,phases   ] GC(103) O: Concurrent Process Non-Strong 0.238ms
[2026-06-17T10:07:39.665+0800][2.972s][info][gc,phases   ] GC(103) O: Concurrent Reset Relocation Set 0.001ms
[2026-06-17T10:07:39.665+0800][2.972s][info][gc,phases   ] GC(103) O: Concurrent Select Relocation Set 0.034ms
[2026-06-17T10:07:39.665+0800][2.972s][info][gc,task     ] GC(103) O: Using 1 Workers for Old Generation
[2026-06-17T10:07:39.665+0800][2.973s][info][gc,task     ] GC(103) O: Using 1 Workers for Old Generation
[2026-06-17T10:07:39.665+0800][2.973s][info][gc,phases   ] GC(103) O: Concurrent Remap Roots 0.380ms
[2026-06-17T10:07:39.666+0800][2.973s][info][gc,phases   ] GC(103) O: Pause Relocate Start 0.006ms
[2026-06-17T10:07:39.666+0800][2.973s][info][gc,phases   ] GC(103) O: Concurrent Relocate 0.060ms
[2026-06-17T10:07:39.666+0800][2.973s][info][gc,alloc    ] GC(103) O:                         Mark Start        Mark End      Relocate Start    Relocate End   
[2026-06-17T10:07:39.666+0800][2.973s][info][gc,alloc    ] GC(103) O: Allocation Stalls:          0                0                0                0         
[2026-06-17T10:07:39.666+0800][2.974s][info][gc,load     ] GC(103) O: Load: 0.41 (2%) / 0.44 (2%) / 0.49 (2%)
[2026-06-17T10:07:39.666+0800][2.974s][info][gc,mmu      ] GC(103) O: MMU: 2ms/98.5%, 5ms/99.1%, 10ms/99.4%, 20ms/99.6%, 50ms/99.7%, 100ms/99.7%
[2026-06-17T10:07:39.666+0800][2.974s][info][gc,marking  ] GC(103) O: Mark: 1 stripe(s), 2 proactive flush(es), 1 terminate flush(es), 0 completion(s), 0 continuation(s) 
[2026-06-17T10:07:39.666+0800][2.974s][info][gc,nmethod  ] GC(103) O: NMethods: 70 registered, 6 unregistered
[2026-06-17T10:07:39.667+0800][2.974s][info][gc,metaspace] GC(103) O: Metaspace: 0M used, 0M committed, 1088M reserved
[2026-06-17T10:07:39.667+0800][2.974s][info][gc,ref      ] GC(103) O:                       Encountered   Discovered     Enqueued 
[2026-06-17T10:07:39.667+0800][2.974s][info][gc,ref      ] GC(103) O: Soft References:                0            0            0 
[2026-06-17T10:07:39.667+0800][2.974s][info][gc,ref      ] GC(103) O: Weak References:                6            0            0 
[2026-06-17T10:07:39.667+0800][2.974s][info][gc,ref      ] GC(103) O: Final References:               0            0            0 
[2026-06-17T10:07:39.667+0800][2.974s][info][gc,ref      ] GC(103) O: Phantom References:             1            1            0 
[2026-06-17T10:07:39.667+0800][2.975s][info][gc,reloc    ] GC(103) O:                        Candidates     Selected     In-Place         Size        Empty    Relocated 
[2026-06-17T10:07:39.667+0800][2.975s][info][gc,reloc    ] GC(103) O: Small Pages:                    4            0            0           8M           0M           0M 
[2026-06-17T10:07:39.667+0800][2.975s][info][gc,reloc    ] GC(103) O: Large Pages:                   21            0            0          42M           0M           0M 
[2026-06-17T10:07:39.667+0800][2.975s][info][gc,reloc    ] GC(103) O: Forwarding Usage: 0M
[2026-06-17T10:07:39.667+0800][2.975s][info][gc,heap     ] GC(103) O: Min Capacity: 64M(100%)
[2026-06-17T10:07:39.668+0800][2.975s][info][gc,heap     ] GC(103) O: Max Capacity: 64M(100%)
[2026-06-17T10:07:39.668+0800][2.975s][info][gc,heap     ] GC(103) O: Soft Max Capacity: 64M(100%)
[2026-06-17T10:07:39.668+0800][2.975s][info][gc,heap     ] GC(103) O: Heap Statistics:
[2026-06-17T10:07:39.668+0800][2.975s][info][gc,heap     ] GC(103) O:                Mark Start          Mark End        Relocate Start      Relocate End           High               Low         
[2026-06-17T10:07:39.668+0800][2.975s][info][gc,heap     ] GC(103) O:  Capacity:       64M (100%)         64M (100%)         64M (100%)         64M (100%)         64M (100%)         64M (100%)   
[2026-06-17T10:07:39.668+0800][2.975s][info][gc,heap     ] GC(103) O:      Free:        4M (6%)            0M (0%)            0M (0%)            0M (0%)            4M (6%)            0M (0%)     
[2026-06-17T10:07:39.668+0800][2.976s][info][gc,heap     ] GC(103) O:      Used:       60M (94%)          64M (100%)         64M (100%)         64M (100%)         64M (100%)         60M (94%)    
[2026-06-17T10:07:39.668+0800][2.976s][info][gc,heap     ] GC(103) O: Old Generation Statistics:
[2026-06-17T10:07:39.668+0800][2.976s][info][gc,heap     ] GC(103) O:                Mark Start          Mark End        Relocate Start      Relocate End    
[2026-06-17T10:07:39.668+0800][2.976s][info][gc,heap     ] GC(103) O:      Used:       50M (78%)          50M (78%)          50M (78%)          50M (78%)    
[2026-06-17T10:07:39.668+0800][2.976s][info][gc,heap     ] GC(103) O:      Live:         -                47M (75%)          47M (75%)          47M (75%)    
[2026-06-17T10:07:39.669+0800][2.976s][info][gc,heap     ] GC(103) O:   Garbage:         -                 2M (3%)            2M (3%)            2M (3%)     
[2026-06-17T10:07:39.669+0800][2.976s][info][gc,heap     ] GC(103) O: Allocated:         -                 0M (0%)            0M (0%)            0M (0%)     
[2026-06-17T10:07:39.669+0800][2.976s][info][gc,heap     ] GC(103) O: Reclaimed:         -                  -                 0M (0%)            0M (0%)     
[2026-06-17T10:07:39.669+0800][2.976s][info][gc,heap     ] GC(103) O: Compacted:         -                  -                  -                 0M (0%)     
[2026-06-17T10:07:39.669+0800][2.976s][info][gc,phases   ] GC(103) O: Old Generation 64M(100%)->64M(100%) 0.003s
[2026-06-17T10:07:39.669+0800][2.976s][info][gc          ] GC(103) Major Collection (Allocation Rate) 60M(94%)->64M(100%) 0.011s
[2026-06-17T10:07:39.673+0800][2.980s][info][gc          ] GC(104) Minor Collection (Allocation Rate)
[2026-06-17T10:07:39.673+0800][2.981s][info][gc,task     ] GC(104) Using 1 Workers for Young Generation
[2026-06-17T10:07:39.673+0800][2.981s][info][gc,phases   ] GC(104) y: Young Generation
[2026-06-17T10:07:39.674+0800][2.981s][info][gc,phases   ] GC(104) y: Pause Mark Start 0.008ms
[2026-06-17T10:07:39.675+0800][2.982s][info][gc,phases   ] GC(104) y: Concurrent Mark 0.647ms
[2026-06-17T10:07:39.675+0800][2.982s][info][gc,phases   ] GC(104) y: Pause Mark End 0.006ms
[2026-06-17T10:07:39.675+0800][2.982s][info][gc,phases   ] GC(104) y: Concurrent Mark Free 0.001ms
[2026-06-17T10:07:39.675+0800][2.982s][info][gc,phases   ] GC(104) y: Concurrent Reset Relocation Set 0.001ms
[2026-06-17T10:07:39.677+0800][2.984s][info][gc,reloc    ] GC(104) y: Using tenuring threshold: 1 (Computed)
[2026-06-17T10:07:39.679+0800][2.986s][info][gc,phases   ] GC(104) y: Concurrent Select Relocation Set 2.171ms
[2026-06-17T10:07:39.681+0800][2.988s][info][gc,phases   ] GC(104) y: Pause Relocate Start 0.012ms
[2026-06-17T10:07:39.681+0800][2.989s][info][gc          ] Allocation Stall (main) 8.193ms
[2026-06-17T10:07:39.681+0800][2.989s][info][gc,phases   ] GC(104) y: Concurrent Relocate 0.268ms
[2026-06-17T10:07:39.685+0800][2.992s][info][gc,alloc    ] GC(104) y:                         Mark Start        Mark End      Relocate Start    Relocate End   
[2026-06-17T10:07:39.685+0800][2.992s][info][gc,alloc    ] GC(104) y: Allocation Stalls:          1                1                1                0         
[2026-06-17T10:07:39.685+0800][2.993s][info][gc,load     ] GC(104) y: Load: 0.41 (2%) / 0.44 (2%) / 0.49 (2%)
[2026-06-17T10:07:39.685+0800][2.993s][info][gc,mmu      ] GC(104) y: MMU: 2ms/98.5%, 5ms/99.1%, 10ms/99.4%, 20ms/99.6%, 50ms/99.7%, 100ms/99.7%
[2026-06-17T10:07:39.686+0800][2.994s][info][gc,marking  ] GC(104) y: Mark: 1 stripe(s), 1 proactive flush(es), 1 terminate flush(es), 0 completion(s), 0 continuation(s) 
[2026-06-17T10:07:39.687+0800][2.994s][info][gc,nmethod  ] GC(104) y: NMethods: 70 registered, 6 unregistered
[2026-06-17T10:07:39.688+0800][2.996s][info][gc,metaspace] GC(104) y: Metaspace: 0M used, 0M committed, 1088M reserved
[2026-06-17T10:07:39.689+0800][2.996s][info][gc,reloc    ] GC(104) y:                        Candidates     Selected     In-Place         Size        Empty    Relocated 
[2026-06-17T10:07:39.692+0800][3.000s][info][gc,reloc    ] GC(104) y: Small Pages:                    4            3            2           8M           0M           1M 
[2026-06-17T10:07:39.693+0800][3.001s][info][gc,reloc    ] GC(104) y: Large Pages:                    3            0            0           6M           0M           0M 
[2026-06-17T10:07:39.694+0800][3.002s][info][gc,reloc    ] GC(104) y: Forwarding Usage: 0M
[2026-06-17T10:07:39.695+0800][3.002s][info][gc,reloc    ] GC(104) y: Age Table:
[2026-06-17T10:07:39.697+0800][3.004s][info][gc,reloc    ] GC(104) y:                    Live             Garbage             Small              Medium             Large        
[2026-06-17T10:07:39.697+0800][3.004s][info][gc,reloc    ] GC(104) y: Eden               0M (1%)            3M (5%)           2 / 1              0 / 0              0 / 0        
[2026-06-17T10:07:39.697+0800][3.004s][info][gc,reloc    ] GC(104) y: Survivor 1         2M (4%)            1M (2%)           1 / 1              0 / 0              1 / 0        
[2026-06-17T10:07:39.697+0800][3.005s][info][gc,reloc    ] GC(104) y: Survivor 2         4M (7%)            1M (3%)           1 / 1              0 / 0              2 / 0        
[2026-06-17T10:07:39.698+0800][3.005s][info][gc,heap     ] GC(104) y: Min Capacity: 64M(100%)
[2026-06-17T10:07:39.698+0800][3.005s][info][gc,heap     ] GC(104) y: Max Capacity: 64M(100%)
[2026-06-17T10:07:39.698+0800][3.005s][info][gc,heap     ] GC(104) y: Soft Max Capacity: 64M(100%)
[2026-06-17T10:07:39.698+0800][3.006s][info][gc,heap     ] GC(104) y: Heap Statistics:
[2026-06-17T10:07:39.698+0800][3.006s][info][gc,heap     ] GC(104) y:                Mark Start          Mark End        Relocate Start      Relocate End           High               Low         
[2026-06-17T10:07:39.698+0800][3.006s][info][gc,heap     ] GC(104) y:  Capacity:       64M (100%)         64M (100%)         64M (100%)         64M (100%)         64M (100%)         64M (100%)   
[2026-06-17T10:07:39.698+0800][3.006s][info][gc,heap     ] GC(104) y:      Free:        0M (0%)            0M (0%)            0M (0%)            2M (3%)            2M (3%)            0M (0%)     
[2026-06-17T10:07:39.699+0800][3.006s][info][gc,heap     ] GC(104) y:      Used:       64M (100%)         64M (100%)         64M (100%)         62M (97%)          64M (100%)         62M (97%)    
[2026-06-17T10:07:39.699+0800][3.006s][info][gc,heap     ] GC(104) y: Young Generation Statistics:
[2026-06-17T10:07:39.699+0800][3.006s][info][gc,heap     ] GC(104) y:                Mark Start          Mark End        Relocate Start      Relocate End    
[2026-06-17T10:07:39.699+0800][3.006s][info][gc,heap     ] GC(104) y:      Used:       14M (22%)          14M (22%)           8M (12%)           2M (3%)     
[2026-06-17T10:07:39.699+0800][3.006s][info][gc,heap     ] GC(104) y:      Live:         -                 7M (12%)           1M (2%)            0M (1%)     
[2026-06-17T10:07:39.699+0800][3.006s][info][gc,heap     ] GC(104) y:   Garbage:         -                 6M (10%)           6M (10%)           0M (0%)     
[2026-06-17T10:07:39.699+0800][3.007s][info][gc,heap     ] GC(104) y: Allocated:         -                 0M (0%)            0M (0%)            1M (2%)     
[2026-06-17T10:07:39.699+0800][3.007s][info][gc,heap     ] GC(104) y: Reclaimed:         -                  -                 0M (0%)            6M (10%)    
[2026-06-17T10:07:39.699+0800][3.007s][info][gc,heap     ] GC(104) y:  Promoted:         -                  -                 6M (9%)            6M (11%)    
[2026-06-17T10:07:39.699+0800][3.007s][info][gc,heap     ] GC(104) y: Compacted:         -                  -                  -                 0M (1%)     
[2026-06-17T10:07:39.700+0800][3.007s][info][gc,phases   ] GC(104) y: Young Generation 64M(100%)->62M(97%) 0.011s
[2026-06-17T10:07:39.700+0800][3.007s][info][gc          ] GC(104) Minor Collection (Allocation Rate) 64M(100%)->64M(100%) 0.027s
[2026-06-17T10:07:39.700+0800][3.007s][info][gc          ] GC(105) Minor Collection (Allocation Stall)
[2026-06-17T10:07:39.700+0800][3.007s][info][gc,task     ] GC(105) Using 1 Workers for Young Generation
[2026-06-17T10:07:39.700+0800][3.007s][info][gc,phases   ] GC(105) y: Young Generation
[2026-06-17T10:07:39.700+0800][3.008s][info][gc,phases   ] GC(105) y: Pause Mark Start 0.008ms
[2026-06-17T10:07:39.701+0800][3.008s][info][gc,phases   ] GC(105) y: Concurrent Mark 0.471ms
[2026-06-17T10:07:39.701+0800][3.008s][info][gc,phases   ] GC(105) y: Pause Mark End 0.007ms
[2026-06-17T10:07:39.701+0800][3.008s][info][gc,phases   ] GC(105) y: Concurrent Mark Free 0.001ms
[2026-06-17T10:07:39.701+0800][3.009s][info][gc,phases   ] GC(105) y: Concurrent Reset Relocation Set 0.006ms
[2026-06-17T10:07:39.701+0800][3.009s][info][gc,reloc    ] GC(105) y: Using tenuring threshold: 1 (Computed)
[2026-06-17T10:07:39.701+0800][3.009s][info][gc          ] Allocation Stall (main) 8.089ms
[2026-06-17T10:07:39.702+0800][3.009s][info][gc,phases   ] GC(105) y: Concurrent Select Relocation Set 0.226ms
[2026-06-17T10:07:39.702+0800][3.009s][info][gc,phases   ] GC(105) y: Pause Relocate Start 0.007ms
[2026-06-17T10:07:39.702+0800][3.009s][info][gc          ] Relocation Stall (main) 0.060ms
[2026-06-17T10:07:39.702+0800][3.010s][info][gc,phases   ] GC(105) y: Concurrent Relocate 0.216ms
[2026-06-17T10:07:39.702+0800][3.010s][info][gc,alloc    ] GC(105) y:                         Mark Start        Mark End      Relocate Start    Relocate End   
[2026-06-17T10:07:39.702+0800][3.010s][info][gc,alloc    ] GC(105) y: Allocation Stalls:          1                1                0                0         
[2026-06-17T10:07:39.703+0800][3.010s][info][gc,load     ] GC(105) y: Load: 0.41 (2%) / 0.44 (2%) / 0.49 (2%)
[2026-06-17T10:07:39.703+0800][3.010s][info][gc,mmu      ] GC(105) y: MMU: 2ms/98.5%, 5ms/99.1%, 10ms/99.4%, 20ms/99.6%, 50ms/99.7%, 100ms/99.7%
[2026-06-17T10:07:39.703+0800][3.010s][info][gc,marking  ] GC(105) y: Mark: 1 stripe(s), 1 proactive flush(es), 1 terminate flush(es), 0 completion(s), 0 continuation(s) 
[2026-06-17T10:07:39.703+0800][3.010s][info][gc,nmethod  ] GC(105) y: NMethods: 70 registered, 6 unregistered
[2026-06-17T10:07:39.703+0800][3.010s][info][gc,metaspace] GC(105) y: Metaspace: 0M used, 0M committed, 1088M reserved
[2026-06-17T10:07:39.703+0800][3.010s][info][gc,reloc    ] GC(105) y:                        Candidates     Selected     In-Place         Size        Empty    Relocated 
[2026-06-17T10:07:39.703+0800][3.010s][info][gc,reloc    ] GC(105) y: Small Pages:                    3            1            1           6M           2M           1M 
[2026-06-17T10:07:39.703+0800][3.010s][info][gc,reloc    ] GC(105) y: Large Pages:                    0            0            0           0M           0M           0M 
[2026-06-17T10:07:39.703+0800][3.010s][info][gc,reloc    ] GC(105) y: Forwarding Usage: 0M
[2026-06-17T10:07:39.703+0800][3.011s][info][gc,reloc    ] GC(105) y: Age Table:
[2026-06-17T10:07:39.703+0800][3.011s][info][gc,reloc    ] GC(105) y:                    Live             Garbage             Small              Medium             Large        
[2026-06-17T10:07:39.703+0800][3.011s][info][gc,reloc    ] GC(105) y: Eden               1M (2%)            2M (4%)           2 / 1              0 / 0              0 / 0        
[2026-06-17T10:07:39.703+0800][3.011s][info][gc,reloc    ] GC(105) y: Survivor 1          -                 2M (3%)           1 / 0              0 / 0              0 / 0        
[2026-06-17T10:07:39.703+0800][3.011s][info][gc,heap     ] GC(105) y: Min Capacity: 64M(100%)
[2026-06-17T10:07:39.704+0800][3.011s][info][gc,heap     ] GC(105) y: Max Capacity: 64M(100%)
[2026-06-17T10:07:39.704+0800][3.011s][info][gc,heap     ] GC(105) y: Soft Max Capacity: 64M(100%)
[2026-06-17T10:07:39.704+0800][3.011s][info][gc,heap     ] GC(105) y: Heap Statistics:
[2026-06-17T10:07:39.704+0800][3.011s][info][gc,heap     ] GC(105) y:                Mark Start          Mark End        Relocate Start      Relocate End           High               Low         
[2026-06-17T10:07:39.704+0800][3.011s][info][gc,heap     ] GC(105) y:  Capacity:       64M (100%)         64M (100%)         64M (100%)         64M (100%)         64M (100%)         64M (100%)   
[2026-06-17T10:07:39.704+0800][3.011s][info][gc,heap     ] GC(105) y:      Free:        0M (0%)            0M (0%)            0M (0%)            0M (0%)            2M (3%)            0M (0%)     
[2026-06-17T10:07:39.704+0800][3.011s][info][gc,heap     ] GC(105) y:      Used:       64M (100%)         64M (100%)         64M (100%)         64M (100%)         64M (100%)         62M (97%)    
[2026-06-17T10:07:39.704+0800][3.012s][info][gc,heap     ] GC(105) y: Young Generation Statistics:
[2026-06-17T10:07:39.704+0800][3.012s][info][gc,heap     ] GC(105) y:                Mark Start          Mark End        Relocate Start      Relocate End    
[2026-06-17T10:07:39.704+0800][3.012s][info][gc,heap     ] GC(105) y:      Used:        6M (9%)            6M (9%)            6M (9%)            6M (9%)     
[2026-06-17T10:07:39.704+0800][3.012s][info][gc,heap     ] GC(105) y:      Live:         -                 1M (2%)            1M (2%)            1M (2%)     
[2026-06-17T10:07:39.704+0800][3.012s][info][gc,heap     ] GC(105) y:   Garbage:         -                 4M (8%)            2M (4%)            0M (0%)     
[2026-06-17T10:07:39.705+0800][3.012s][info][gc,heap     ] GC(105) y: Allocated:         -                 0M (0%)            2M (3%)            4M (8%)     
[2026-06-17T10:07:39.705+0800][3.012s][info][gc,heap     ] GC(105) y: Reclaimed:         -                  -                 2M (3%)            4M (8%)     
[2026-06-17T10:07:39.705+0800][3.012s][info][gc,heap     ] GC(105) y:  Promoted:         -                  -                 0M (0%)            0M (0%)     
[2026-06-17T10:07:39.705+0800][3.012s][info][gc,heap     ] GC(105) y: Compacted:         -                  -                  -                 1M (2%)     
[2026-06-17T10:07:39.705+0800][3.012s][info][gc,phases   ] GC(105) y: Young Generation 64M(100%)->64M(100%) 0.002s
[2026-06-17T10:07:39.705+0800][3.012s][info][gc          ] GC(105) Minor Collection (Allocation Stall) 64M(100%)->64M(100%) 0.005s
[2026-06-17T10:07:39.705+0800][3.013s][info][gc          ] GC(106) Minor Collection (Allocation Stall)
[2026-06-17T10:07:39.705+0800][3.013s][info][gc,task     ] GC(106) Using 1 Workers for Young Generation
[2026-06-17T10:07:39.705+0800][3.013s][info][gc,phases   ] GC(106) y: Young Generation
[2026-06-17T10:07:39.705+0800][3.013s][info][gc,phases   ] GC(106) y: Pause Mark Start 0.006ms
[2026-06-17T10:07:39.706+0800][3.014s][info][gc,phases   ] GC(106) y: Concurrent Mark 0.490ms
[2026-06-17T10:07:39.706+0800][3.014s][info][gc,phases   ] GC(106) y: Pause Mark End 0.006ms
[2026-06-17T10:07:39.707+0800][3.014s][info][gc,phases   ] GC(106) y: Concurrent Mark Free 0.001ms
[2026-06-17T10:07:39.707+0800][3.014s][info][gc,phases   ] GC(106) y: Concurrent Reset Relocation Set 0.001ms
[2026-06-17T10:07:39.707+0800][3.015s][info][gc,reloc    ] GC(106) y: Using tenuring threshold: 1 (Computed)
[2026-06-17T10:07:39.707+0800][3.015s][info][gc          ] Allocation Stall (main) 4.984ms
[2026-06-17T10:07:39.707+0800][3.015s][info][gc,phases   ] GC(106) y: Concurrent Select Relocation Set 0.328ms
[2026-06-17T10:07:39.708+0800][3.015s][info][gc,phases   ] GC(106) y: Pause Relocate Start 0.005ms
[2026-06-17T10:07:39.708+0800][3.015s][info][gc,phases   ] GC(106) y: Concurrent Relocate 0.088ms
[2026-06-17T10:07:39.708+0800][3.015s][info][gc,alloc    ] GC(106) y:                         Mark Start        Mark End      Relocate Start    Relocate End   
[2026-06-17T10:07:39.708+0800][3.015s][info][gc,alloc    ] GC(106) y: Allocation Stalls:          1                1                1                1         
[2026-06-17T10:07:39.708+0800][3.016s][info][gc,load     ] GC(106) y: Load: 0.41 (2%) / 0.44 (2%) / 0.49 (2%)
[2026-06-17T10:07:39.708+0800][3.016s][info][gc,mmu      ] GC(106) y: MMU: 2ms/98.5%, 5ms/99.1%, 10ms/99.4%, 20ms/99.6%, 50ms/99.7%, 100ms/99.7%
[2026-06-17T10:07:39.708+0800][3.016s][info][gc,marking  ] GC(106) y: Mark: 1 stripe(s), 1 proactive flush(es), 1 terminate flush(es), 0 completion(s), 0 continuation(s) 
[2026-06-17T10:07:39.708+0800][3.016s][info][gc,nmethod  ] GC(106) y: NMethods: 70 registered, 6 unregistered
[2026-06-17T10:07:39.708+0800][3.016s][info][gc,metaspace] GC(106) y: Metaspace: 0M used, 0M committed, 1088M reserved
[2026-06-17T10:07:39.708+0800][3.016s][info][gc,reloc    ] GC(106) y:                        Candidates     Selected     In-Place         Size        Empty    Relocated 
[2026-06-17T10:07:39.709+0800][3.016s][info][gc,reloc    ] GC(106) y: Small Pages:                    3            0            0           6M           4M           0M 
[2026-06-17T10:07:39.709+0800][3.016s][info][gc,reloc    ] GC(106) y: Large Pages:                    0            0            0           0M           0M           0M 
[2026-06-17T10:07:39.709+0800][3.016s][info][gc,reloc    ] GC(106) y: Forwarding Usage: 0M
[2026-06-17T10:07:39.709+0800][3.016s][info][gc,reloc    ] GC(106) y: Age Table:
[2026-06-17T10:07:39.709+0800][3.016s][info][gc,reloc    ] GC(106) y:                    Live             Garbage             Small              Medium             Large        
[2026-06-17T10:07:39.709+0800][3.016s][info][gc,reloc    ] GC(106) y: Eden               0M (0%)            3M (6%)           2 / 0              0 / 0              0 / 0        
[2026-06-17T10:07:39.709+0800][3.017s][info][gc,reloc    ] GC(106) y: Survivor 1          -                 2M (3%)           1 / 0              0 / 0              0 / 0        
[2026-06-17T10:07:39.709+0800][3.017s][info][gc,heap     ] GC(106) y: Min Capacity: 64M(100%)
[2026-06-17T10:07:39.709+0800][3.017s][info][gc,heap     ] GC(106) y: Max Capacity: 64M(100%)
[2026-06-17T10:07:39.709+0800][3.017s][info][gc,heap     ] GC(106) y: Soft Max Capacity: 64M(100%)
[2026-06-17T10:07:39.709+0800][3.017s][info][gc,heap     ] GC(106) y: Heap Statistics:
[2026-06-17T10:07:39.710+0800][3.017s][info][gc,heap     ] GC(106) y:                Mark Start          Mark End        Relocate Start      Relocate End           High               Low         
[2026-06-17T10:07:39.710+0800][3.017s][info][gc,heap     ] GC(106) y:  Capacity:       64M (100%)         64M (100%)         64M (100%)         64M (100%)         64M (100%)         64M (100%)   
[2026-06-17T10:07:39.710+0800][3.017s][info][gc,heap     ] GC(106) y:      Free:        0M (0%)            0M (0%)            0M (0%)            0M (0%)            4M (6%)            0M (0%)     
[2026-06-17T10:07:39.710+0800][3.017s][info][gc,heap     ] GC(106) y:      Used:       64M (100%)         64M (100%)         64M (100%)         64M (100%)         64M (100%)         60M (94%)    
[2026-06-17T10:07:39.710+0800][3.017s][info][gc,heap     ] GC(106) y: Young Generation Statistics:
[2026-06-17T10:07:39.710+0800][3.017s][info][gc,heap     ] GC(106) y:                Mark Start          Mark End        Relocate Start      Relocate End    
[2026-06-17T10:07:39.710+0800][3.017s][info][gc,heap     ] GC(106) y:      Used:        6M (9%)            6M (9%)            6M (9%)            6M (9%)     
[2026-06-17T10:07:39.710+0800][3.018s][info][gc,heap     ] GC(106) y:      Live:         -                 0M (0%)            0M (0%)            0M (0%)     
[2026-06-17T10:07:39.710+0800][3.018s][info][gc,heap     ] GC(106) y:   Garbage:         -                 5M (9%)            1M (3%)            1M (3%)     
[2026-06-17T10:07:39.710+0800][3.018s][info][gc,heap     ] GC(106) y: Allocated:         -                 0M (0%)            4M (6%)            4M (6%)     
[2026-06-17T10:07:39.710+0800][3.018s][info][gc,heap     ] GC(106) y: Reclaimed:         -                  -                 4M (6%)            4M (6%)     
[2026-06-17T10:07:39.711+0800][3.018s][info][gc,heap     ] GC(106) y:  Promoted:         -                  -                 0M (0%)            0M (0%)     
[2026-06-17T10:07:39.711+0800][3.018s][info][gc,heap     ] GC(106) y: Compacted:         -                  -                  -                 0M (0%)     
[2026-06-17T10:07:39.711+0800][3.018s][info][gc,phases   ] GC(106) y: Young Generation 64M(100%)->64M(100%) 0.003s
[2026-06-17T10:07:39.711+0800][3.018s][info][gc          ] GC(106) Minor Collection (Allocation Stall) 64M(100%)->64M(100%) 0.006s
[2026-06-17T10:07:39.711+0800][3.018s][info][gc          ] GC(107) Minor Collection (Allocation Stall)
[2026-06-17T10:07:39.711+0800][3.018s][info][gc,task     ] GC(107) Using 1 Workers for Young Generation
[2026-06-17T10:07:39.711+0800][3.019s][info][gc,phases   ] GC(107) y: Young Generation
[2026-06-17T10:07:39.711+0800][3.019s][info][gc,phases   ] GC(107) y: Pause Mark Start 0.006ms
[2026-06-17T10:07:39.712+0800][3.019s][info][gc,phases   ] GC(107) y: Concurrent Mark 0.347ms
[2026-06-17T10:07:39.712+0800][3.019s][info][gc,phases   ] GC(107) y: Pause Mark End 0.004ms
[2026-06-17T10:07:39.712+0800][3.020s][info][gc,phases   ] GC(107) y: Concurrent Mark Free 0.001ms
[2026-06-17T10:07:39.712+0800][3.020s][info][gc,phases   ] GC(107) y: Concurrent Reset Relocation Set 0.000ms
[2026-06-17T10:07:39.712+0800][3.020s][info][gc,reloc    ] GC(107) y: Using tenuring threshold: 2 (Computed)
[2026-06-17T10:07:39.713+0800][3.020s][info][gc,phases   ] GC(107) y: Concurrent Select Relocation Set 0.277ms
[2026-06-17T10:07:39.713+0800][3.020s][info][gc,phases   ] GC(107) y: Pause Relocate Start 0.009ms
[2026-06-17T10:07:39.713+0800][3.020s][info][gc,phases   ] GC(107) y: Concurrent Relocate 0.101ms
[2026-06-17T10:07:39.713+0800][3.021s][info][gc,alloc    ] GC(107) y:                         Mark Start        Mark End      Relocate Start    Relocate End   
[2026-06-17T10:07:39.713+0800][3.021s][info][gc,alloc    ] GC(107) y: Allocation Stalls:          1                1                1                1         
[2026-06-17T10:07:39.713+0800][3.021s][info][gc,load     ] GC(107) y: Load: 0.41 (2%) / 0.44 (2%) / 0.49 (2%)
[2026-06-17T10:07:39.713+0800][3.021s][info][gc,mmu      ] GC(107) y: MMU: 2ms/98.5%, 5ms/99.1%, 10ms/99.4%, 20ms/99.6%, 50ms/99.7%, 100ms/99.7%
[2026-06-17T10:07:39.714+0800][3.021s][info][gc,marking  ] GC(107) y: Mark: 1 stripe(s), 1 proactive flush(es), 1 terminate flush(es), 0 completion(s), 0 continuation(s) 
[2026-06-17T10:07:39.714+0800][3.021s][info][gc,nmethod  ] GC(107) y: NMethods: 70 registered, 6 unregistered
[2026-06-17T10:07:39.714+0800][3.021s][info][gc,metaspace] GC(107) y: Metaspace: 0M used, 0M committed, 1088M reserved
[2026-06-17T10:07:39.714+0800][3.021s][info][gc,reloc    ] GC(107) y:                        Candidates     Selected     In-Place         Size        Empty    Relocated 
[2026-06-17T10:07:39.714+0800][3.021s][info][gc,reloc    ] GC(107) y: Small Pages:                    2            1            2           4M           0M           0M 
[2026-06-17T10:07:39.714+0800][3.021s][info][gc,reloc    ] GC(107) y: Large Pages:                    1            0            0           2M           0M           0M 
[2026-06-17T10:07:39.714+0800][3.021s][info][gc,reloc    ] GC(107) y: Forwarding Usage: 0M
[2026-06-17T10:07:39.714+0800][3.022s][info][gc,reloc    ] GC(107) y: Age Table:
[2026-06-17T10:07:39.714+0800][3.022s][info][gc,reloc    ] GC(107) y:                    Live             Garbage             Small              Medium             Large        
[2026-06-17T10:07:39.714+0800][3.022s][info][gc,reloc    ] GC(107) y: Eden               2M (3%)            1M (3%)           1 / 1              0 / 0              1 / 0        
[2026-06-17T10:07:39.714+0800][3.022s][info][gc,reloc    ] GC(107) y: Survivor 1         0M (0%)            1M (3%)           1 / 0              0 / 0              0 / 0        
[2026-06-17T10:07:39.714+0800][3.022s][info][gc,heap     ] GC(107) y: Min Capacity: 64M(100%)
[2026-06-17T10:07:39.715+0800][3.022s][info][gc,heap     ] GC(107) y: Max Capacity: 64M(100%)
[2026-06-17T10:07:39.715+0800][3.022s][info][gc,heap     ] GC(107) y: Soft Max Capacity: 64M(100%)
[2026-06-17T10:07:39.715+0800][3.022s][info][gc,heap     ] GC(107) y: Heap Statistics:
[2026-06-17T10:07:39.715+0800][3.022s][info][gc,heap     ] GC(107) y:                Mark Start          Mark End        Relocate Start      Relocate End           High               Low         
[2026-06-17T10:07:39.715+0800][3.022s][info][gc,heap     ] GC(107) y:  Capacity:       64M (100%)         64M (100%)         64M (100%)         64M (100%)         64M (100%)         64M (100%)   
[2026-06-17T10:07:39.715+0800][3.022s][info][gc,heap     ] GC(107) y:      Free:        0M (0%)            0M (0%)            0M (0%)            0M (0%)            0M (0%)            0M (0%)     
[2026-06-17T10:07:39.715+0800][3.022s][info][gc,heap     ] GC(107) y:      Used:       64M (100%)         64M (100%)         64M (100%)         64M (100%)         64M (100%)         64M (100%)   
[2026-06-17T10:07:39.715+0800][3.023s][info][gc,heap     ] GC(107) y: Young Generation Statistics:
[2026-06-17T10:07:39.715+0800][3.023s][info][gc,heap     ] GC(107) y:                Mark Start          Mark End        Relocate Start      Relocate End    
[2026-06-17T10:07:39.715+0800][3.023s][info][gc,heap     ] GC(107) y:      Used:        6M (9%)            6M (9%)            6M (9%)            6M (9%)     
[2026-06-17T10:07:39.715+0800][3.023s][info][gc,heap     ] GC(107) y:      Live:         -                 2M (3%)            2M (3%)            2M (3%)     
[2026-06-17T10:07:39.716+0800][3.023s][info][gc,heap     ] GC(107) y:   Garbage:         -                 3M (6%)            3M (6%)            0M (0%)     
[2026-06-17T10:07:39.716+0800][3.023s][info][gc,heap     ] GC(107) y: Allocated:         -                 0M (0%)            0M (0%)            3M (6%)     
[2026-06-17T10:07:39.716+0800][3.023s][info][gc,heap     ] GC(107) y: Reclaimed:         -                  -                 0M (0%)            3M (6%)     
[2026-06-17T10:07:39.716+0800][3.023s][info][gc,heap     ] GC(107) y:  Promoted:         -                  -                 0M (0%)            0M (0%)     
[2026-06-17T10:07:39.716+0800][3.023s][info][gc,heap     ] GC(107) y: Compacted:         -                  -                  -                 0M (0%)     
[2026-06-17T10:07:39.716+0800][3.024s][info][gc,phases   ] GC(107) y: Young Generation 64M(100%)->64M(100%) 0.002s
[2026-06-17T10:07:39.716+0800][3.024s][info][gc          ] GC(107) Minor Collection (Allocation Stall) 64M(100%)->64M(100%) 0.005s
[2026-06-17T10:07:39.716+0800][3.024s][info][gc          ] GC(108) Major Collection (Allocation Stall)
[2026-06-17T10:07:39.716+0800][3.024s][info][gc,task     ] GC(108) Using 1 Workers for Young Generation
[2026-06-17T10:07:39.717+0800][3.024s][info][gc,task     ] GC(108) Using 1 Workers for Old Generation
[2026-06-17T10:07:39.717+0800][3.024s][info][gc,phases   ] GC(108) Y: Young Generation (Promote All)
[2026-06-17T10:07:39.717+0800][3.024s][info][gc,phases   ] GC(108) Y: Pause Mark Start 0.005ms
[2026-06-17T10:07:39.717+0800][3.025s][info][gc,phases   ] GC(108) Y: Concurrent Mark 0.356ms
[2026-06-17T10:07:39.717+0800][3.025s][info][gc,phases   ] GC(108) Y: Pause Mark End 0.004ms
[2026-06-17T10:07:39.718+0800][3.025s][info][gc,phases   ] GC(108) Y: Concurrent Mark Free 0.001ms
[2026-06-17T10:07:39.718+0800][3.025s][info][gc,phases   ] GC(108) Y: Concurrent Reset Relocation Set 0.000ms
[2026-06-17T10:07:39.718+0800][3.025s][info][gc,reloc    ] GC(108) Y: Using tenuring threshold: 0 (Promote All)
[2026-06-17T10:07:39.718+0800][3.025s][info][gc,phases   ] GC(108) Y: Concurrent Select Relocation Set 0.278ms
[2026-06-17T10:07:39.718+0800][3.025s][info][gc,phases   ] GC(108) Y: Pause Relocate Start 0.004ms
[2026-06-17T10:07:39.718+0800][3.026s][info][gc          ] Allocation Stall (main) 10.785ms
[2026-06-17T10:07:39.718+0800][3.026s][info][gc,phases   ] GC(108) Y: Concurrent Relocate 0.169ms
[2026-06-17T10:07:39.719+0800][3.026s][info][gc,alloc    ] GC(108) Y:                         Mark Start        Mark End      Relocate Start    Relocate End   
[2026-06-17T10:07:39.719+0800][3.026s][info][gc,alloc    ] GC(108) Y: Allocation Stalls:          1                1                1                0         
[2026-06-17T10:07:39.719+0800][3.026s][info][gc,load     ] GC(108) Y: Load: 0.41 (2%) / 0.44 (2%) / 0.49 (2%)
[2026-06-17T10:07:39.719+0800][3.026s][info][gc,mmu      ] GC(108) Y: MMU: 2ms/98.5%, 5ms/99.1%, 10ms/99.4%, 20ms/99.6%, 50ms/99.7%, 100ms/99.7%
[2026-06-17T10:07:39.719+0800][3.027s][info][gc,marking  ] GC(108) Y: Mark: 1 stripe(s), 1 proactive flush(es), 1 terminate flush(es), 0 completion(s), 0 continuation(s) 
[2026-06-17T10:07:39.719+0800][3.027s][info][gc,nmethod  ] GC(108) Y: NMethods: 70 registered, 6 unregistered
[2026-06-17T10:07:39.719+0800][3.027s][info][gc,metaspace] GC(108) Y: Metaspace: 0M used, 0M committed, 1088M reserved
[2026-06-17T10:07:39.719+0800][3.027s][info][gc,reloc    ] GC(108) Y:                        Candidates     Selected     In-Place         Size        Empty    Relocated 
[2026-06-17T10:07:39.719+0800][3.027s][info][gc,reloc    ] GC(108) Y: Small Pages:                    2            1            1           4M           0M           0M 
[2026-06-17T10:07:39.720+0800][3.027s][info][gc,reloc    ] GC(108) Y: Large Pages:                    1            0            0           2M           0M           0M 
[2026-06-17T10:07:39.720+0800][3.027s][info][gc,reloc    ] GC(108) Y: Forwarding Usage: 0M
[2026-06-17T10:07:39.720+0800][3.027s][info][gc,reloc    ] GC(108) Y: Age Table:
[2026-06-17T10:07:39.720+0800][3.027s][info][gc,reloc    ] GC(108) Y:                    Live             Garbage             Small              Medium             Large        
[2026-06-17T10:07:39.720+0800][3.027s][info][gc,reloc    ] GC(108) Y: Eden                -                 0M (0%)           0 / 0              0 / 0              0 / 0        
[2026-06-17T10:07:39.720+0800][3.028s][info][gc,reloc    ] GC(108) Y: Survivor 1         2M (3%)            1M (3%)           1 / 1              0 / 0              1 / 0        
[2026-06-17T10:07:39.720+0800][3.028s][info][gc,reloc    ] GC(108) Y: Survivor 2         0M (0%)            1M (3%)           1 / 0              0 / 0              0 / 0        
[2026-06-17T10:07:39.720+0800][3.028s][info][gc,heap     ] GC(108) Y: Min Capacity: 64M(100%)
[2026-06-17T10:07:39.720+0800][3.028s][info][gc,heap     ] GC(108) Y: Max Capacity: 64M(100%)
[2026-06-17T10:07:39.720+0800][3.028s][info][gc,heap     ] GC(108) Y: Soft Max Capacity: 64M(100%)
[2026-06-17T10:07:39.721+0800][3.028s][info][gc,heap     ] GC(108) Y: Heap Statistics:
[2026-06-17T10:07:39.721+0800][3.028s][info][gc,heap     ] GC(108) Y:                Mark Start          Mark End        Relocate Start      Relocate End           High               Low         
[2026-06-17T10:07:39.721+0800][3.028s][info][gc,heap     ] GC(108) Y:  Capacity:       64M (100%)         64M (100%)         64M (100%)         64M (100%)         64M (100%)         64M (100%)   
[2026-06-17T10:07:39.721+0800][3.028s][info][gc,heap     ] GC(108) Y:      Free:        0M (0%)            0M (0%)            0M (0%)            0M (0%)            2M (3%)            0M (0%)     
[2026-06-17T10:07:39.721+0800][3.028s][info][gc,heap     ] GC(108) Y:      Used:       64M (100%)         64M (100%)         64M (100%)         64M (100%)         64M (100%)         62M (97%)    
[2026-06-17T10:07:39.721+0800][3.028s][info][gc,heap     ] GC(108) Y: Young Generation Statistics:
[2026-06-17T10:07:39.721+0800][3.028s][info][gc,heap     ] GC(108) Y:                Mark Start          Mark End        Relocate Start      Relocate End    
[2026-06-17T10:07:39.721+0800][3.028s][info][gc,heap     ] GC(108) Y:      Used:        6M (9%)            6M (9%)            4M (6%)            0M (0%)     
[2026-06-17T10:07:39.721+0800][3.029s][info][gc,heap     ] GC(108) Y:      Live:         -                 2M (3%)            0M (0%)            0M (0%)     
[2026-06-17T10:07:39.721+0800][3.029s][info][gc,heap     ] GC(108) Y:   Garbage:         -                 3M (6%)            3M (6%)            0M (0%)     
[2026-06-17T10:07:39.721+0800][3.029s][info][gc,heap     ] GC(108) Y: Allocated:         -                 0M (0%)            0M (0%)            0M (0%)     
[2026-06-17T10:07:39.721+0800][3.029s][info][gc,heap     ] GC(108) Y: Reclaimed:         -                  -                 0M (0%)            3M (6%)     
[2026-06-17T10:07:39.721+0800][3.029s][info][gc,heap     ] GC(108) Y:  Promoted:         -                  -                 2M (3%)            2M (3%)     
[2026-06-17T10:07:39.722+0800][3.029s][info][gc,heap     ] GC(108) Y: Compacted:         -                  -                  -                 0M (0%)     
[2026-06-17T10:07:39.722+0800][3.030s][info][gc,phases   ] GC(108) Y: Young Generation (Promote All) 64M(100%)->64M(100%) 0.002s
[2026-06-17T10:07:39.722+0800][3.030s][info][gc,phases   ] GC(108) Y: Young Generation (Collect Roots)
[2026-06-17T10:07:39.722+0800][3.030s][info][gc,phases   ] GC(108) Y: Pause Mark Start (Major) 0.008ms
[2026-06-17T10:07:39.723+0800][3.030s][info][gc,phases   ] GC(108) Y: Concurrent Mark 0.347ms
[2026-06-17T10:07:39.723+0800][3.030s][info][gc,phases   ] GC(108) Y: Pause Mark End 0.004ms
[2026-06-17T10:07:39.723+0800][3.030s][info][gc,phases   ] GC(108) Y: Concurrent Mark Free 0.001ms
[2026-06-17T10:07:39.723+0800][3.031s][info][gc,phases   ] GC(108) Y: Concurrent Reset Relocation Set 0.002ms
[2026-06-17T10:07:39.723+0800][3.031s][info][gc,reloc    ] GC(108) Y: Using tenuring threshold: 1 (Computed)
[2026-06-17T10:07:39.723+0800][3.031s][info][gc,phases   ] GC(108) Y: Concurrent Select Relocation Set 0.205ms
[2026-06-17T10:07:39.724+0800][3.031s][info][gc,phases   ] GC(108) Y: Pause Relocate Start 0.003ms
[2026-06-17T10:07:39.724+0800][3.031s][info][gc,phases   ] GC(108) Y: Concurrent Relocate 0.084ms
[2026-06-17T10:07:39.724+0800][3.031s][info][gc,alloc    ] GC(108) Y:                         Mark Start        Mark End      Relocate Start    Relocate End   
[2026-06-17T10:07:39.724+0800][3.031s][info][gc,alloc    ] GC(108) Y: Allocation Stalls:          1                1                1                1         
[2026-06-17T10:07:39.724+0800][3.031s][info][gc,load     ] GC(108) Y: Load: 0.41 (2%) / 0.44 (2%) / 0.49 (2%)
[2026-06-17T10:07:39.724+0800][3.031s][info][gc,mmu      ] GC(108) Y: MMU: 2ms/98.5%, 5ms/99.1%, 10ms/99.4%, 20ms/99.6%, 50ms/99.7%, 100ms/99.7%
[2026-06-17T10:07:39.724+0800][3.032s][info][gc,marking  ] GC(108) Y: Mark: 1 stripe(s), 1 proactive flush(es), 1 terminate flush(es), 0 completion(s), 0 continuation(s) 
[2026-06-17T10:07:39.724+0800][3.032s][info][gc,nmethod  ] GC(108) Y: NMethods: 70 registered, 6 unregistered
[2026-06-17T10:07:39.724+0800][3.032s][info][gc,metaspace] GC(108) Y: Metaspace: 0M used, 0M committed, 1088M reserved
[2026-06-17T10:07:39.724+0800][3.032s][info][gc,reloc    ] GC(108) Y:                        Candidates     Selected     In-Place         Size        Empty    Relocated 
[2026-06-17T10:07:39.725+0800][3.032s][info][gc,reloc    ] GC(108) Y: Small Pages:                    0            0            0           0M           0M           0M 
[2026-06-17T10:07:39.725+0800][3.032s][info][gc,reloc    ] GC(108) Y: Large Pages:                    1            0            0           2M           0M           0M 
[2026-06-17T10:07:39.725+0800][3.032s][info][gc,reloc    ] GC(108) Y: Forwarding Usage: 0M
[2026-06-17T10:07:39.725+0800][3.032s][info][gc,reloc    ] GC(108) Y: Age Table:
[2026-06-17T10:07:39.725+0800][3.032s][info][gc,reloc    ] GC(108) Y:                    Live             Garbage             Small              Medium             Large        
[2026-06-17T10:07:39.725+0800][3.032s][info][gc,reloc    ] GC(108) Y: Eden               2M (3%)            0M (0%)           0 / 0              0 / 0              1 / 0        
[2026-06-17T10:07:39.725+0800][3.032s][info][gc,heap     ] GC(108) Y: Min Capacity: 64M(100%)
[2026-06-17T10:07:39.725+0800][3.032s][info][gc,heap     ] GC(108) Y: Max Capacity: 64M(100%)
[2026-06-17T10:07:39.725+0800][3.033s][info][gc,heap     ] GC(108) Y: Soft Max Capacity: 64M(100%)
[2026-06-17T10:07:39.725+0800][3.033s][info][gc,heap     ] GC(108) Y: Heap Statistics:
[2026-06-17T10:07:39.725+0800][3.033s][info][gc,heap     ] GC(108) Y:                Mark Start          Mark End        Relocate Start      Relocate End           High               Low         
[2026-06-17T10:07:39.725+0800][3.033s][info][gc,heap     ] GC(108) Y:  Capacity:       64M (100%)         64M (100%)         64M (100%)         64M (100%)         64M (100%)         64M (100%)   
[2026-06-17T10:07:39.726+0800][3.033s][info][gc,heap     ] GC(108) Y:      Free:        0M (0%)            0M (0%)            0M (0%)            0M (0%)            0M (0%)            0M (0%)     
[2026-06-17T10:07:39.726+0800][3.033s][info][gc,heap     ] GC(108) Y:      Used:       64M (100%)         64M (100%)         64M (100%)         64M (100%)         64M (100%)         64M (100%)   
[2026-06-17T10:07:39.726+0800][3.033s][info][gc,heap     ] GC(108) Y: Young Generation Statistics:
[2026-06-17T10:07:39.726+0800][3.033s][info][gc,heap     ] GC(108) Y:                Mark Start          Mark End        Relocate Start      Relocate End    
[2026-06-17T10:07:39.726+0800][3.033s][info][gc,heap     ] GC(108) Y:      Used:        2M (3%)            2M (3%)            2M (3%)            2M (3%)     
[2026-06-17T10:07:39.726+0800][3.034s][info][gc,heap     ] GC(108) Y:      Live:         -                 2M (3%)            2M (3%)            2M (3%)     
[2026-06-17T10:07:39.726+0800][3.034s][info][gc,heap     ] GC(108) Y:   Garbage:         -                 0M (0%)            0M (0%)            0M (0%)     
[2026-06-17T10:07:39.726+0800][3.034s][info][gc,heap     ] GC(108) Y: Allocated:         -                 0M (0%)            0M (0%)            0M (0%)     
[2026-06-17T10:07:39.726+0800][3.034s][info][gc,heap     ] GC(108) Y: Reclaimed:         -                  -                 0M (0%)            0M (0%)     
[2026-06-17T10:07:39.727+0800][3.034s][info][gc,heap     ] GC(108) Y:  Promoted:         -                  -                 0M (0%)            0M (0%)     
[2026-06-17T10:07:39.727+0800][3.034s][info][gc,heap     ] GC(108) Y: Compacted:         -                  -                  -                 0M (0%)     
[2026-06-17T10:07:39.727+0800][3.034s][info][gc,phases   ] GC(108) Y: Young Generation (Collect Roots) 64M(100%)->64M(100%) 0.002s
[2026-06-17T10:07:39.727+0800][3.034s][info][gc,phases   ] GC(108) O: Old Generation
[2026-06-17T10:07:39.727+0800][3.034s][info][gc          ] GC(109) Minor Collection (Allocation Stall)
[2026-06-17T10:07:39.727+0800][3.034s][info][gc,task     ] GC(109) Using 1 Workers for Young Generation
[2026-06-17T10:07:39.727+0800][3.035s][info][gc,phases   ] GC(109) y: Young Generation
[2026-06-17T10:07:39.727+0800][3.035s][info][gc,phases   ] GC(109) y: Pause Mark Start 0.006ms
[2026-06-17T10:07:39.728+0800][3.035s][info][gc,phases   ] GC(108) O: Concurrent Mark 1.023ms
[2026-06-17T10:07:39.728+0800][3.035s][info][gc,phases   ] GC(109) y: Concurrent Mark 0.500ms
[2026-06-17T10:07:39.728+0800][3.035s][info][gc,phases   ] GC(108) O: Pause Mark End 0.005ms
[2026-06-17T10:07:39.728+0800][3.036s][info][gc,phases   ] GC(108) O: Concurrent Mark Free 0.001ms
[2026-06-17T10:07:39.728+0800][3.036s][info][gc,ref      ] GC(108) O: Clearing All SoftReferences
[2026-06-17T10:07:39.728+0800][3.036s][info][gc,phases   ] GC(109) y: Pause Mark End 0.003ms
[2026-06-17T10:07:39.729+0800][3.036s][info][gc,phases   ] GC(109) y: Concurrent Mark Free 0.001ms
[2026-06-17T10:07:39.729+0800][3.036s][info][gc,phases   ] GC(109) y: Concurrent Reset Relocation Set 0.000ms
[2026-06-17T10:07:39.729+0800][3.036s][info][gc,reloc    ] GC(109) y: Using tenuring threshold: 2 (Computed)
[2026-06-17T10:07:39.729+0800][3.036s][info][gc,phases   ] GC(108) O: Concurrent Process Non-Strong 0.551ms
[2026-06-17T10:07:39.729+0800][3.037s][info][gc,phases   ] GC(108) O: Concurrent Reset Relocation Set 0.000ms
[2026-06-17T10:07:39.729+0800][3.036s][info][gc,phases   ] GC(109) y: Concurrent Select Relocation Set 0.203ms
[2026-06-17T10:07:39.729+0800][3.037s][info][gc,phases   ] GC(108) O: Concurrent Select Relocation Set 0.050ms
[2026-06-17T10:07:39.729+0800][3.037s][info][gc,phases   ] GC(109) y: Pause Relocate Start 0.004ms
[2026-06-17T10:07:39.730+0800][3.037s][info][gc,phases   ] GC(109) y: Concurrent Relocate 0.090ms
[2026-06-17T10:07:39.730+0800][3.037s][info][gc,alloc    ] GC(109) y:                         Mark Start        Mark End      Relocate Start    Relocate End   
[2026-06-17T10:07:39.730+0800][3.038s][info][gc,alloc    ] GC(109) y: Allocation Stalls:          1                1                1                1         
[2026-06-17T10:07:39.730+0800][3.038s][info][gc,load     ] GC(109) y: Load: 0.41 (2%) / 0.44 (2%) / 0.49 (2%)
[2026-06-17T10:07:39.730+0800][3.038s][info][gc,mmu      ] GC(109) y: MMU: 2ms/98.5%, 5ms/99.1%, 10ms/99.4%, 20ms/99.6%, 50ms/99.7%, 100ms/99.7%
[2026-06-17T10:07:39.730+0800][3.038s][info][gc,marking  ] GC(109) y: Mark: 1 stripe(s), 1 proactive flush(es), 1 terminate flush(es), 0 completion(s), 0 continuation(s) 
[2026-06-17T10:07:39.730+0800][3.038s][info][gc,nmethod  ] GC(109) y: NMethods: 70 registered, 6 unregistered
[2026-06-17T10:07:39.730+0800][3.038s][info][gc,metaspace] GC(109) y: Metaspace: 0M used, 0M committed, 1088M reserved
[2026-06-17T10:07:39.731+0800][3.038s][info][gc,reloc    ] GC(109) y:                        Candidates     Selected     In-Place         Size        Empty    Relocated 
[2026-06-17T10:07:39.731+0800][3.038s][info][gc,reloc    ] GC(109) y: Small Pages:                    0            0            0           0M           0M           0M 
[2026-06-17T10:07:39.731+0800][3.038s][info][gc,reloc    ] GC(109) y: Large Pages:                    1            0            0           2M           0M           0M 
[2026-06-17T10:07:39.731+0800][3.038s][info][gc,reloc    ] GC(109) y: Forwarding Usage: 0M
[2026-06-17T10:07:39.731+0800][3.038s][info][gc,reloc    ] GC(109) y: Age Table:
[2026-06-17T10:07:39.731+0800][3.039s][info][gc,reloc    ] GC(109) y:                    Live             Garbage             Small              Medium             Large        
[2026-06-17T10:07:39.731+0800][3.039s][info][gc,reloc    ] GC(109) y: Eden                -                 0M (0%)           0 / 0              0 / 0              0 / 0        
[2026-06-17T10:07:39.731+0800][3.039s][info][gc,reloc    ] GC(109) y: Survivor 1         2M (3%)            0M (0%)           0 / 0              0 / 0              1 / 0        
[2026-06-17T10:07:39.732+0800][3.039s][info][gc,heap     ] GC(109) y: Min Capacity: 64M(100%)
[2026-06-17T10:07:39.732+0800][3.039s][info][gc,heap     ] GC(109) y: Max Capacity: 64M(100%)
[2026-06-17T10:07:39.732+0800][3.039s][info][gc,heap     ] GC(109) y: Soft Max Capacity: 64M(100%)
[2026-06-17T10:07:39.732+0800][3.039s][info][gc,heap     ] GC(109) y: Heap Statistics:
[2026-06-17T10:07:39.732+0800][3.039s][info][gc,heap     ] GC(109) y:                Mark Start          Mark End        Relocate Start      Relocate End           High               Low         
[2026-06-17T10:07:39.732+0800][3.039s][info][gc,heap     ] GC(109) y:  Capacity:       64M (100%)         64M (100%)         64M (100%)         64M (100%)         64M (100%)         64M (100%)   
[2026-06-17T10:07:39.732+0800][3.040s][info][gc,heap     ] GC(109) y:      Free:        0M (0%)            0M (0%)            0M (0%)            0M (0%)            0M (0%)            0M (0%)     
[2026-06-17T10:07:39.732+0800][3.040s][info][gc,heap     ] GC(109) y:      Used:       64M (100%)         64M (100%)         64M (100%)         64M (100%)         64M (100%)         64M (100%)   
[2026-06-17T10:07:39.732+0800][3.040s][info][gc,heap     ] GC(109) y: Young Generation Statistics:
[2026-06-17T10:07:39.732+0800][3.040s][info][gc,heap     ] GC(109) y:                Mark Start          Mark End        Relocate Start      Relocate End    
[2026-06-17T10:07:39.733+0800][3.040s][info][gc,heap     ] GC(109) y:      Used:        2M (3%)            2M (3%)            2M (3%)            2M (3%)     
[2026-06-17T10:07:39.733+0800][3.040s][info][gc,heap     ] GC(109) y:      Live:         -                 2M (3%)            2M (3%)            2M (3%)     
[2026-06-17T10:07:39.733+0800][3.040s][info][gc,heap     ] GC(109) y:   Garbage:         -                 0M (0%)            0M (0%)            0M (0%)     
[2026-06-17T10:07:39.733+0800][3.040s][info][gc,heap     ] GC(109) y: Allocated:         -                 0M (0%)            0M (0%)            0M (0%)     
[2026-06-17T10:07:39.733+0800][3.040s][info][gc,heap     ] GC(109) y: Reclaimed:         -                  -                 0M (0%)            0M (0%)     
[2026-06-17T10:07:39.733+0800][3.040s][info][gc,heap     ] GC(109) y:  Promoted:         -                  -                 0M (0%)            0M (0%)     
[2026-06-17T10:07:39.733+0800][3.040s][info][gc,heap     ] GC(109) y: Compacted:         -                  -                  -                 0M (0%)     
[2026-06-17T10:07:39.733+0800][3.041s][info][gc,phases   ] GC(109) y: Young Generation 64M(100%)->64M(100%) 0.003s
[2026-06-17T10:07:39.733+0800][3.041s][info][gc          ] GC(109) Minor Collection (Allocation Stall) 64M(100%)->64M(100%) 0.006s
[2026-06-17T10:07:39.733+0800][3.041s][info][gc,task     ] GC(108) O: Using 1 Workers for Old Generation
[2026-06-17T10:07:39.734+0800][3.041s][info][gc,task     ] GC(108) O: Using 1 Workers for Old Generation
[2026-06-17T10:07:39.734+0800][3.041s][info][gc,phases   ] GC(108) O: Concurrent Remap Roots 0.359ms
[2026-06-17T10:07:39.734+0800][3.041s][info][gc,phases   ] GC(108) O: Pause Relocate Start 0.004ms
[2026-06-17T10:07:39.734+0800][3.042s][info][gc          ] Allocation Stall (main) 15.780ms
[2026-06-17T10:07:39.735+0800][3.042s][info][gc          ] GC(110) Minor Collection (Allocation Rate)
[2026-06-17T10:07:39.735+0800][3.042s][info][gc,task     ] GC(110) Using 1 Workers for Young Generation
[2026-06-17T10:07:39.735+0800][3.042s][info][gc,phases   ] GC(110) y: Young Generation
[2026-06-17T10:07:39.735+0800][3.042s][info][gc          ] Relocation Stall (main) 0.250ms
[2026-06-17T10:07:39.735+0800][3.042s][info][gc,phases   ] GC(108) O: Concurrent Relocate 0.854ms
[2026-06-17T10:07:39.735+0800][3.042s][info][gc,phases   ] GC(110) y: Pause Mark Start 0.007ms
[2026-06-17T10:07:39.736+0800][3.043s][info][gc,phases   ] GC(110) y: Concurrent Mark 0.497ms
[2026-06-17T10:07:39.736+0800][3.043s][info][gc,phases   ] GC(110) y: Pause Mark End 0.004ms
[2026-06-17T10:07:39.736+0800][3.044s][info][gc,phases   ] GC(110) y: Concurrent Mark Free 0.001ms
[2026-06-17T10:07:39.736+0800][3.044s][info][gc,phases   ] GC(110) y: Concurrent Reset Relocation Set 0.000ms
[2026-06-17T10:07:39.736+0800][3.044s][info][gc,reloc    ] GC(110) y: Using tenuring threshold: 3 (Computed)
[2026-06-17T10:07:39.737+0800][3.044s][info][gc,phases   ] GC(110) y: Concurrent Select Relocation Set 0.238ms
[2026-06-17T10:07:39.737+0800][3.044s][info][gc,phases   ] GC(110) y: Pause Relocate Start 0.004ms
[2026-06-17T10:07:39.737+0800][3.045s][info][gc,phases   ] GC(110) y: Concurrent Relocate 0.125ms
[2026-06-17T10:07:39.738+0800][3.045s][info][gc,alloc    ] GC(110) y:                         Mark Start        Mark End      Relocate Start    Relocate End   
[2026-06-17T10:07:39.738+0800][3.045s][info][gc,alloc    ] GC(110) y: Allocation Stalls:          0                1                1                1         
[2026-06-17T10:07:39.738+0800][3.045s][info][gc,load     ] GC(110) y: Load: 0.41 (2%) / 0.44 (2%) / 0.49 (2%)
[2026-06-17T10:07:39.738+0800][3.045s][info][gc,mmu      ] GC(110) y: MMU: 2ms/98.5%, 5ms/99.1%, 10ms/99.4%, 20ms/99.6%, 50ms/99.7%, 100ms/99.7%
[2026-06-17T10:07:39.738+0800][3.045s][info][gc,marking  ] GC(110) y: Mark: 1 stripe(s), 2 proactive flush(es), 1 terminate flush(es), 0 completion(s), 0 continuation(s) 
[2026-06-17T10:07:39.738+0800][3.045s][info][gc,nmethod  ] GC(110) y: NMethods: 70 registered, 6 unregistered
[2026-06-17T10:07:39.738+0800][3.046s][info][gc,metaspace] GC(110) y: Metaspace: 0M used, 0M committed, 1088M reserved
[2026-06-17T10:07:39.738+0800][3.046s][info][gc,reloc    ] GC(110) y:                        Candidates     Selected     In-Place         Size        Empty    Relocated 
[2026-06-17T10:07:39.738+0800][3.046s][info][gc,reloc    ] GC(110) y: Small Pages:                    1            0            0           2M           0M           0M 
[2026-06-17T10:07:39.738+0800][3.046s][info][gc,reloc    ] GC(110) y: Large Pages:                    1            0            0           2M           0M           0M 
[2026-06-17T10:07:39.739+0800][3.046s][info][gc,reloc    ] GC(110) y: Forwarding Usage: 0M
[2026-06-17T10:07:39.739+0800][3.046s][info][gc,reloc    ] GC(110) y: Age Table:
[2026-06-17T10:07:39.739+0800][3.046s][info][gc,reloc    ] GC(110) y:                    Live             Garbage             Small              Medium             Large        
[2026-06-17T10:07:39.739+0800][3.046s][info][gc,reloc    ] GC(110) y: Eden               0M (0%)            1M (3%)           1 / 0              0 / 0              0 / 0        
[2026-06-17T10:07:39.739+0800][3.046s][info][gc,reloc    ] GC(110) y: Survivor 1          -                 0M (0%)           0 / 0              0 / 0              0 / 0        
[2026-06-17T10:07:39.739+0800][3.046s][info][gc,reloc    ] GC(110) y: Survivor 2         2M (3%)            0M (0%)           0 / 0              0 / 0              1 / 0        
[2026-06-17T10:07:39.739+0800][3.046s][info][gc,heap     ] GC(110) y: Min Capacity: 64M(100%)
[2026-06-17T10:07:39.739+0800][3.047s][info][gc,heap     ] GC(110) y: Max Capacity: 64M(100%)
[2026-06-17T10:07:39.739+0800][3.047s][info][gc,heap     ] GC(110) y: Soft Max Capacity: 64M(100%)
[2026-06-17T10:07:39.739+0800][3.047s][info][gc,heap     ] GC(110) y: Heap Statistics:
[2026-06-17T10:07:39.739+0800][3.047s][info][gc,heap     ] GC(110) y:                Mark Start          Mark End        Relocate Start      Relocate End           High               Low         
[2026-06-17T10:07:39.739+0800][3.047s][info][gc,heap     ] GC(110) y:  Capacity:       64M (100%)         64M (100%)         64M (100%)         64M (100%)         64M (100%)         64M (100%)   
[2026-06-17T10:07:39.740+0800][3.047s][info][gc,heap     ] GC(110) y:      Free:        0M (0%)            0M (0%)            0M (0%)            0M (0%)            0M (0%)            0M (0%)     
[2026-06-17T10:07:39.740+0800][3.047s][info][gc,heap     ] GC(110) y:      Used:       64M (100%)         64M (100%)         64M (100%)         64M (100%)         64M (100%)         64M (100%)   
[2026-06-17T10:07:39.740+0800][3.047s][info][gc,heap     ] GC(110) y: Young Generation Statistics:
[2026-06-17T10:07:39.740+0800][3.047s][info][gc,heap     ] GC(110) y:                Mark Start          Mark End        Relocate Start      Relocate End    
[2026-06-17T10:07:39.740+0800][3.047s][info][gc,heap     ] GC(110) y:      Used:        4M (6%)            4M (6%)            4M (6%)            4M (6%)     
[2026-06-17T10:07:39.740+0800][3.047s][info][gc,heap     ] GC(110) y:      Live:         -                 2M (3%)            2M (3%)            2M (3%)     
[2026-06-17T10:07:39.740+0800][3.047s][info][gc,heap     ] GC(110) y:   Garbage:         -                 1M (3%)            1M (3%)            1M (3%)     
[2026-06-17T10:07:39.740+0800][3.048s][info][gc,heap     ] GC(110) y: Allocated:         -                 0M (0%)            0M (0%)            0M (0%)     
[2026-06-17T10:07:39.740+0800][3.048s][info][gc,heap     ] GC(110) y: Reclaimed:         -                  -                 0M (0%)            0M (0%)     
[2026-06-17T10:07:39.740+0800][3.048s][info][gc,heap     ] GC(110) y:  Promoted:         -                  -                 0M (0%)            0M (0%)     
[2026-06-17T10:07:39.740+0800][3.048s][info][gc,heap     ] GC(110) y: Compacted:         -                  -                  -                 0M (0%)     
[2026-06-17T10:07:39.741+0800][3.048s][info][gc,phases   ] GC(110) y: Young Generation 64M(100%)->64M(100%) 0.003s
[2026-06-17T10:07:39.741+0800][3.048s][info][gc          ] GC(110) Minor Collection (Allocation Rate) 64M(100%)->64M(100%) 0.006s
[2026-06-17T10:07:39.741+0800][3.048s][info][gc          ] GC(111) Minor Collection (Allocation Stall)
[2026-06-17T10:07:39.741+0800][3.048s][info][gc,task     ] GC(111) Using 1 Workers for Young Generation
[2026-06-17T10:07:39.741+0800][3.048s][info][gc,phases   ] GC(111) y: Young Generation
[2026-06-17T10:07:39.741+0800][3.048s][info][gc,phases   ] GC(111) y: Pause Mark Start 0.005ms
[2026-06-17T10:07:39.741+0800][3.049s][info][gc,phases   ] GC(111) y: Concurrent Mark 0.340ms
[2026-06-17T10:07:39.742+0800][3.049s][info][gc,phases   ] GC(111) y: Pause Mark End 0.004ms
[2026-06-17T10:07:39.742+0800][3.049s][info][gc,phases   ] GC(111) y: Concurrent Mark Free 0.001ms
[2026-06-17T10:07:39.742+0800][3.049s][info][gc,phases   ] GC(111) y: Concurrent Reset Relocation Set 0.001ms
[2026-06-17T10:07:39.742+0800][3.049s][info][gc,reloc    ] GC(111) y: Using tenuring threshold: 4 (Computed)
[2026-06-17T10:07:39.742+0800][3.050s][info][gc,phases   ] GC(111) y: Concurrent Select Relocation Set 0.250ms
[2026-06-17T10:07:39.742+0800][3.050s][info][gc,phases   ] GC(111) y: Pause Relocate Start 0.003ms
[2026-06-17T10:07:39.743+0800][3.050s][info][gc,phases   ] GC(111) y: Concurrent Relocate 0.087ms
[2026-06-17T10:07:39.743+0800][3.050s][info][gc,alloc    ] GC(111) y:                         Mark Start        Mark End      Relocate Start    Relocate End   
[2026-06-17T10:07:39.743+0800][3.050s][info][gc,alloc    ] GC(111) y: Allocation Stalls:          1                1                1                1         
[2026-06-17T10:07:39.743+0800][3.050s][info][gc,load     ] GC(111) y: Load: 0.41 (2%) / 0.44 (2%) / 0.49 (2%)
[2026-06-17T10:07:39.743+0800][3.050s][info][gc,mmu      ] GC(111) y: MMU: 2ms/98.5%, 5ms/99.1%, 10ms/99.4%, 20ms/99.6%, 50ms/99.7%, 100ms/99.7%
[2026-06-17T10:07:39.743+0800][3.050s][info][gc,marking  ] GC(111) y: Mark: 1 stripe(s), 1 proactive flush(es), 1 terminate flush(es), 0 completion(s), 0 continuation(s) 
[2026-06-17T10:07:39.743+0800][3.050s][info][gc,nmethod  ] GC(111) y: NMethods: 70 registered, 6 unregistered
[2026-06-17T10:07:39.743+0800][3.051s][info][gc,metaspace] GC(111) y: Metaspace: 0M used, 0M committed, 1088M reserved
[2026-06-17T10:07:39.743+0800][3.051s][info][gc,reloc    ] GC(111) y:                        Candidates     Selected     In-Place         Size        Empty    Relocated 
[2026-06-17T10:07:39.743+0800][3.051s][info][gc,reloc    ] GC(111) y: Small Pages:                    1            0            0           2M           0M           0M 
[2026-06-17T10:07:39.743+0800][3.051s][info][gc,reloc    ] GC(111) y: Large Pages:                    1            0            0           2M           0M           0M 
[2026-06-17T10:07:39.743+0800][3.051s][info][gc,reloc    ] GC(111) y: Forwarding Usage: 0M
[2026-06-17T10:07:39.744+0800][3.051s][info][gc,reloc    ] GC(111) y: Age Table:
[2026-06-17T10:07:39.744+0800][3.051s][info][gc,reloc    ] GC(111) y:                    Live             Garbage             Small              Medium             Large        
[2026-06-17T10:07:39.744+0800][3.051s][info][gc,reloc    ] GC(111) y: Eden                -                 0M (0%)           0 / 0              0 / 0              0 / 0        
[2026-06-17T10:07:39.744+0800][3.051s][info][gc,reloc    ] GC(111) y: Survivor 1         0M (0%)            1M (3%)           1 / 0              0 / 0              0 / 0        
[2026-06-17T10:07:39.744+0800][3.051s][info][gc,reloc    ] GC(111) y: Survivor 2          -                 0M (0%)           0 / 0              0 / 0              0 / 0        
[2026-06-17T10:07:39.744+0800][3.052s][info][gc,reloc    ] GC(111) y: Survivor 3         2M (3%)            0M (0%)           0 / 0              0 / 0              1 / 0        
[2026-06-17T10:07:39.744+0800][3.052s][info][gc,heap     ] GC(111) y: Min Capacity: 64M(100%)
[2026-06-17T10:07:39.745+0800][3.052s][info][gc,heap     ] GC(111) y: Max Capacity: 64M(100%)
[2026-06-17T10:07:39.745+0800][3.052s][info][gc,heap     ] GC(111) y: Soft Max Capacity: 64M(100%)
[2026-06-17T10:07:39.745+0800][3.052s][info][gc,heap     ] GC(111) y: Heap Statistics:
[2026-06-17T10:07:39.745+0800][3.052s][info][gc,heap     ] GC(111) y:                Mark Start          Mark End        Relocate Start      Relocate End           High               Low         
[2026-06-17T10:07:39.745+0800][3.052s][info][gc,heap     ] GC(111) y:  Capacity:       64M (100%)         64M (100%)         64M (100%)         64M (100%)         64M (100%)         64M (100%)   
[2026-06-17T10:07:39.745+0800][3.052s][info][gc,heap     ] GC(111) y:      Free:        0M (0%)            0M (0%)            0M (0%)            0M (0%)            0M (0%)            0M (0%)     
[2026-06-17T10:07:39.745+0800][3.053s][info][gc,heap     ] GC(111) y:      Used:       64M (100%)         64M (100%)         64M (100%)         64M (100%)         64M (100%)         64M (100%)   
[2026-06-17T10:07:39.745+0800][3.053s][info][gc,heap     ] GC(111) y: Young Generation Statistics:
[2026-06-17T10:07:39.745+0800][3.053s][info][gc,heap     ] GC(111) y:                Mark Start          Mark End        Relocate Start      Relocate End    
[2026-06-17T10:07:39.745+0800][3.053s][info][gc,heap     ] GC(111) y:      Used:        4M (6%)            4M (6%)            4M (6%)            4M (6%)     
[2026-06-17T10:07:39.745+0800][3.053s][info][gc,heap     ] GC(111) y:      Live:         -                 2M (3%)            2M (3%)            2M (3%)     
[2026-06-17T10:07:39.746+0800][3.053s][info][gc,heap     ] GC(111) y:   Garbage:         -                 1M (3%)            1M (3%)            1M (3%)     
[2026-06-17T10:07:39.746+0800][3.053s][info][gc,heap     ] GC(111) y: Allocated:         -                 0M (0%)            0M (0%)            0M (0%)     
[2026-06-17T10:07:39.746+0800][3.053s][info][gc,heap     ] GC(111) y: Reclaimed:         -                  -                 0M (0%)            0M (0%)     
[2026-06-17T10:07:39.746+0800][3.053s][info][gc,heap     ] GC(111) y:  Promoted:         -                  -                 0M (0%)            0M (0%)     
[2026-06-17T10:07:39.746+0800][3.053s][info][gc,heap     ] GC(111) y: Compacted:         -                  -                  -                 0M (0%)     
[2026-06-17T10:07:39.746+0800][3.053s][info][gc,phases   ] GC(111) y: Young Generation 64M(100%)->64M(100%) 0.002s
[2026-06-17T10:07:39.746+0800][3.053s][info][gc          ] GC(111) Minor Collection (Allocation Stall) 64M(100%)->64M(100%) 0.005s
[2026-06-17T10:07:39.746+0800][3.054s][info][gc,alloc    ] GC(108) O:                         Mark Start        Mark End      Relocate Start    Relocate End   
[2026-06-17T10:07:39.746+0800][3.054s][info][gc,alloc    ] GC(108) O: Allocation Stalls:          1                1                1                0         
[2026-06-17T10:07:39.746+0800][3.054s][info][gc,load     ] GC(108) O: Load: 0.41 (2%) / 0.44 (2%) / 0.49 (2%)
[2026-06-17T10:07:39.747+0800][3.054s][info][gc,mmu      ] GC(108) O: MMU: 2ms/98.5%, 5ms/99.1%, 10ms/99.4%, 20ms/99.6%, 50ms/99.7%, 100ms/99.7%
[2026-06-17T10:07:39.747+0800][3.054s][info][gc,marking  ] GC(108) O: Mark: 1 stripe(s), 1 proactive flush(es), 1 terminate flush(es), 0 completion(s), 0 continuation(s) 
[2026-06-17T10:07:39.747+0800][3.054s][info][gc,nmethod  ] GC(108) O: NMethods: 70 registered, 6 unregistered
[2026-06-17T10:07:39.747+0800][3.054s][info][gc,metaspace] GC(108) O: Metaspace: 0M used, 0M committed, 1088M reserved
[2026-06-17T10:07:39.747+0800][3.054s][info][gc,ref      ] GC(108) O:                       Encountered   Discovered     Enqueued 
[2026-06-17T10:07:39.747+0800][3.054s][info][gc,ref      ] GC(108) O: Soft References:                0            0            0 
[2026-06-17T10:07:39.747+0800][3.054s][info][gc,ref      ] GC(108) O: Weak References:                6            0            0 
[2026-06-17T10:07:39.747+0800][3.055s][info][gc,ref      ] GC(108) O: Final References:               0            0            0 
[2026-06-17T10:07:39.747+0800][3.055s][info][gc,ref      ] GC(108) O: Phantom References:             1            1            0 
[2026-06-17T10:07:39.747+0800][3.055s][info][gc,reloc    ] GC(108) O:                        Candidates     Selected     In-Place         Size        Empty    Relocated 
[2026-06-17T10:07:39.747+0800][3.055s][info][gc,reloc    ] GC(108) O: Small Pages:                    6            2            3          12M           0M           2M 
[2026-06-17T10:07:39.748+0800][3.055s][info][gc,reloc    ] GC(108) O: Large Pages:                   25            0            0          50M           0M           0M 
[2026-06-17T10:07:39.748+0800][3.055s][info][gc,reloc    ] GC(108) O: Forwarding Usage: 0M
[2026-06-17T10:07:39.748+0800][3.055s][info][gc,heap     ] GC(108) O: Min Capacity: 64M(100%)
[2026-06-17T10:07:39.748+0800][3.055s][info][gc,heap     ] GC(108) O: Max Capacity: 64M(100%)
[2026-06-17T10:07:39.748+0800][3.055s][info][gc,heap     ] GC(108) O: Soft Max Capacity: 64M(100%)
[2026-06-17T10:07:39.748+0800][3.055s][info][gc,heap     ] GC(108) O: Heap Statistics:
[2026-06-17T10:07:39.748+0800][3.056s][info][gc,heap     ] GC(108) O:                Mark Start          Mark End        Relocate Start      Relocate End           High               Low         
[2026-06-17T10:07:39.748+0800][3.056s][info][gc,heap     ] GC(108) O:  Capacity:       64M (100%)         64M (100%)         64M (100%)         64M (100%)         64M (100%)         64M (100%)   
[2026-06-17T10:07:39.748+0800][3.056s][info][gc,heap     ] GC(108) O:      Free:        0M (0%)            0M (0%)            0M (0%)            0M (0%)            2M (3%)            0M (0%)     
[2026-06-17T10:07:39.748+0800][3.056s][info][gc,heap     ] GC(108) O:      Used:       64M (100%)         64M (100%)         64M (100%)         64M (100%)         64M (100%)         62M (97%)    
[2026-06-17T10:07:39.748+0800][3.056s][info][gc,heap     ] GC(108) O: Old Generation Statistics:
[2026-06-17T10:07:39.748+0800][3.056s][info][gc,heap     ] GC(108) O:                Mark Start          Mark End        Relocate Start      Relocate End    
[2026-06-17T10:07:39.749+0800][3.056s][info][gc,heap     ] GC(108) O:      Used:       62M (97%)          62M (97%)          62M (97%)          60M (94%)    
[2026-06-17T10:07:39.749+0800][3.056s][info][gc,heap     ] GC(108) O:      Live:         -                56M (89%)          56M (89%)          56M (89%)    
[2026-06-17T10:07:39.749+0800][3.056s][info][gc,heap     ] GC(108) O:   Garbage:         -                 5M (8%)            5M (8%)            0M (0%)     
[2026-06-17T10:07:39.749+0800][3.056s][info][gc,heap     ] GC(108) O: Allocated:         -                 0M (0%)            0M (0%)            2M (4%)     
[2026-06-17T10:07:39.749+0800][3.057s][info][gc,heap     ] GC(108) O: Reclaimed:         -                  -                 0M (0%)            4M (8%)     
[2026-06-17T10:07:39.749+0800][3.057s][info][gc,heap     ] GC(108) O: Compacted:         -                  -                  -                 5M (8%)     
[2026-06-17T10:07:39.749+0800][3.057s][info][gc,phases   ] GC(108) O: Old Generation 64M(100%)->64M(100%) 0.019s
[2026-06-17T10:07:39.753+0800][3.060s][info][gc          ] GC(108) Major Collection (Allocation Stall) 64M(100%)->64M(100%) 0.036s
[2026-06-17T10:07:39.753+0800][3.060s][info][gc          ] GC(112) Major Collection (Allocation Stall)
[2026-06-17T10:07:39.754+0800][3.061s][info][gc,task     ] GC(112) Using 1 Workers for Young Generation
[2026-06-17T10:07:39.754+0800][3.061s][info][gc,task     ] GC(112) Using 1 Workers for Old Generation
[2026-06-17T10:07:39.754+0800][3.061s][info][gc,phases   ] GC(112) Y: Young Generation (Promote All)
[2026-06-17T10:07:39.754+0800][3.062s][info][gc,phases   ] GC(112) Y: Pause Mark Start 0.011ms
[2026-06-17T10:07:39.755+0800][3.063s][info][gc,phases   ] GC(112) Y: Concurrent Mark 0.546ms
[2026-06-17T10:07:39.756+0800][3.063s][info][gc,phases   ] GC(112) Y: Pause Mark End 0.007ms
[2026-06-17T10:07:39.756+0800][3.063s][info][gc,phases   ] GC(112) Y: Concurrent Mark Free 0.001ms
[2026-06-17T10:07:39.756+0800][3.063s][info][gc,phases   ] GC(112) Y: Concurrent Reset Relocation Set 0.001ms
[2026-06-17T10:07:39.756+0800][3.063s][info][gc,reloc    ] GC(112) Y: Using tenuring threshold: 0 (Promote All)
[2026-06-17T10:07:39.756+0800][3.064s][info][gc,phases   ] GC(112) Y: Concurrent Select Relocation Set 0.345ms
[2026-06-17T10:07:39.759+0800][3.066s][info][gc,phases   ] GC(112) Y: Pause Relocate Start 0.013ms
[2026-06-17T10:07:39.759+0800][3.067s][info][gc,phases   ] GC(112) Y: Concurrent Relocate 0.107ms
[2026-06-17T10:07:39.760+0800][3.067s][info][gc,alloc    ] GC(112) Y:                         Mark Start        Mark End      Relocate Start    Relocate End   
[2026-06-17T10:07:39.760+0800][3.067s][info][gc,alloc    ] GC(112) Y: Allocation Stalls:          1                1                1                1         
[2026-06-17T10:07:39.760+0800][3.067s][info][gc,load     ] GC(112) Y: Load: 0.41 (2%) / 0.44 (2%) / 0.49 (2%)
[2026-06-17T10:07:39.760+0800][3.067s][info][gc,mmu      ] GC(112) Y: MMU: 2ms/98.5%, 5ms/99.1%, 10ms/99.4%, 20ms/99.6%, 50ms/99.7%, 100ms/99.7%
[2026-06-17T10:07:39.760+0800][3.067s][info][gc,marking  ] GC(112) Y: Mark: 1 stripe(s), 1 proactive flush(es), 1 terminate flush(es), 0 completion(s), 0 continuation(s) 
[2026-06-17T10:07:39.760+0800][3.068s][info][gc,nmethod  ] GC(112) Y: NMethods: 70 registered, 6 unregistered
[2026-06-17T10:07:39.760+0800][3.068s][info][gc,metaspace] GC(112) Y: Metaspace: 0M used, 0M committed, 1088M reserved
[2026-06-17T10:07:39.760+0800][3.068s][info][gc,reloc    ] GC(112) Y:                        Candidates     Selected     In-Place         Size        Empty    Relocated 
[2026-06-17T10:07:39.760+0800][3.068s][info][gc,reloc    ] GC(112) Y: Small Pages:                    1            0            0           2M           0M           0M 
[2026-06-17T10:07:39.761+0800][3.068s][info][gc,reloc    ] GC(112) Y: Large Pages:                    1            0            0           2M           0M           0M 
[2026-06-17T10:07:39.761+0800][3.068s][info][gc,reloc    ] GC(112) Y: Forwarding Usage: 0M
[2026-06-17T10:07:39.761+0800][3.068s][info][gc,reloc    ] GC(112) Y: Age Table:
[2026-06-17T10:07:39.761+0800][3.068s][info][gc,reloc    ] GC(112) Y:                    Live             Garbage             Small              Medium             Large        
[2026-06-17T10:07:39.761+0800][3.068s][info][gc,reloc    ] GC(112) Y: Eden                -                 0M (0%)           0 / 0              0 / 0              0 / 0        
[2026-06-17T10:07:39.761+0800][3.069s][info][gc,reloc    ] GC(112) Y: Survivor 1          -                 0M (0%)           0 / 0              0 / 0              0 / 0        
[2026-06-17T10:07:39.761+0800][3.069s][info][gc,reloc    ] GC(112) Y: Survivor 2         0M (0%)            1M (3%)           1 / 0              0 / 0              0 / 0        
[2026-06-17T10:07:39.761+0800][3.069s][info][gc,reloc    ] GC(112) Y: Survivor 3          -                 0M (0%)           0 / 0              0 / 0              0 / 0        
[2026-06-17T10:07:39.761+0800][3.069s][info][gc,reloc    ] GC(112) Y: Survivor 4         2M (3%)            0M (0%)           0 / 0              0 / 0              1 / 0        
[2026-06-17T10:07:39.762+0800][3.069s][info][gc,heap     ] GC(112) Y: Min Capacity: 64M(100%)
[2026-06-17T10:07:39.762+0800][3.069s][info][gc,heap     ] GC(112) Y: Max Capacity: 64M(100%)
[2026-06-17T10:07:39.762+0800][3.069s][info][gc,heap     ] GC(112) Y: Soft Max Capacity: 64M(100%)
[2026-06-17T10:07:39.762+0800][3.069s][info][gc,heap     ] GC(112) Y: Heap Statistics:
[2026-06-17T10:07:39.762+0800][3.069s][info][gc,heap     ] GC(112) Y:                Mark Start          Mark End        Relocate Start      Relocate End           High               Low         
[2026-06-17T10:07:39.762+0800][3.069s][info][gc,heap     ] GC(112) Y:  Capacity:       64M (100%)         64M (100%)         64M (100%)         64M (100%)         64M (100%)         64M (100%)   
[2026-06-17T10:07:39.762+0800][3.070s][info][gc,heap     ] GC(112) Y:      Free:        0M (0%)            0M (0%)            0M (0%)            0M (0%)            0M (0%)            0M (0%)     
[2026-06-17T10:07:39.762+0800][3.070s][info][gc,heap     ] GC(112) Y:      Used:       64M (100%)         64M (100%)         64M (100%)         64M (100%)         64M (100%)         64M (100%)   
[2026-06-17T10:07:39.762+0800][3.070s][info][gc,heap     ] GC(112) Y: Young Generation Statistics:
[2026-06-17T10:07:39.762+0800][3.070s][info][gc,heap     ] GC(112) Y:                Mark Start          Mark End        Relocate Start      Relocate End    
[2026-06-17T10:07:39.762+0800][3.070s][info][gc,heap     ] GC(112) Y:      Used:        4M (6%)            4M (6%)            0M (0%)            0M (0%)     
[2026-06-17T10:07:39.763+0800][3.070s][info][gc,heap     ] GC(112) Y:      Live:         -                 2M (3%)            0M (0%)            0M (0%)     
[2026-06-17T10:07:39.763+0800][3.070s][info][gc,heap     ] GC(112) Y:   Garbage:         -                 1M (3%)            0M (0%)            0M (0%)     
[2026-06-17T10:07:39.763+0800][3.070s][info][gc,heap     ] GC(112) Y: Allocated:         -                 0M (0%)            0M (0%)            0M (0%)     
[2026-06-17T10:07:39.763+0800][3.070s][info][gc,heap     ] GC(112) Y: Reclaimed:         -                  -                 1M (3%)            1M (3%)     
[2026-06-17T10:07:39.763+0800][3.070s][info][gc,heap     ] GC(112) Y:  Promoted:         -                  -                 2M (3%)            2M (3%)     
[2026-06-17T10:07:39.763+0800][3.070s][info][gc,heap     ] GC(112) Y: Compacted:         -                  -                  -                 0M (0%)     
[2026-06-17T10:07:39.763+0800][3.070s][info][gc,phases   ] GC(112) Y: Young Generation (Promote All) 64M(100%)->64M(100%) 0.006s
[2026-06-17T10:07:39.763+0800][3.071s][info][gc,phases   ] GC(112) Y: Young Generation (Collect Roots)
[2026-06-17T10:07:39.763+0800][3.071s][info][gc,phases   ] GC(112) Y: Pause Mark Start (Major) 0.011ms
[2026-06-17T10:07:39.764+0800][3.071s][info][gc,phases   ] GC(112) Y: Concurrent Mark 0.389ms
[2026-06-17T10:07:39.764+0800][3.071s][info][gc,phases   ] GC(112) Y: Pause Mark End 0.005ms
[2026-06-17T10:07:39.764+0800][3.072s][info][gc,phases   ] GC(112) Y: Concurrent Mark Free 0.000ms
[2026-06-17T10:07:39.764+0800][3.072s][info][gc,phases   ] GC(112) Y: Concurrent Reset Relocation Set 0.002ms
[2026-06-17T10:07:39.764+0800][3.072s][info][gc,reloc    ] GC(112) Y: Using tenuring threshold: 0 (Computed)
[2026-06-17T10:07:39.765+0800][3.072s][info][gc,phases   ] GC(112) Y: Concurrent Select Relocation Set 0.318ms
[2026-06-17T10:07:39.765+0800][3.072s][info][gc,phases   ] GC(112) Y: Pause Relocate Start 0.004ms
[2026-06-17T10:07:39.765+0800][3.073s][info][gc,phases   ] GC(112) Y: Concurrent Relocate 0.116ms
[2026-06-17T10:07:39.766+0800][3.073s][info][gc,alloc    ] GC(112) Y:                         Mark Start        Mark End      Relocate Start    Relocate End   
[2026-06-17T10:07:39.766+0800][3.074s][info][gc,alloc    ] GC(112) Y: Allocation Stalls:          1                1                1                1         
[2026-06-17T10:07:39.767+0800][3.074s][info][gc,load     ] GC(112) Y: Load: 0.41 (2%) / 0.44 (2%) / 0.49 (2%)
[2026-06-17T10:07:39.767+0800][3.074s][info][gc,mmu      ] GC(112) Y: MMU: 2ms/98.5%, 5ms/99.1%, 10ms/99.4%, 20ms/99.6%, 50ms/99.7%, 100ms/99.7%
[2026-06-17T10:07:39.767+0800][3.075s][info][gc,marking  ] GC(112) Y: Mark: 1 stripe(s), 1 proactive flush(es), 1 terminate flush(es), 0 completion(s), 0 continuation(s) 
[2026-06-17T10:07:39.768+0800][3.075s][info][gc,nmethod  ] GC(112) Y: NMethods: 70 registered, 6 unregistered
[2026-06-17T10:07:39.769+0800][3.076s][info][gc,metaspace] GC(112) Y: Metaspace: 0M used, 0M committed, 1088M reserved
[2026-06-17T10:07:39.769+0800][3.077s][info][gc,heap     ] GC(112) Y: Min Capacity: 64M(100%)
[2026-06-17T10:07:39.771+0800][3.078s][info][gc,heap     ] GC(112) Y: Max Capacity: 64M(100%)
[2026-06-17T10:07:39.772+0800][3.079s][info][gc,heap     ] GC(112) Y: Soft Max Capacity: 64M(100%)
[2026-06-17T10:07:39.772+0800][3.079s][info][gc,heap     ] GC(112) Y: Heap Statistics:
[2026-06-17T10:07:39.772+0800][3.080s][info][gc,heap     ] GC(112) Y:                Mark Start          Mark End        Relocate Start      Relocate End           High               Low         
[2026-06-17T10:07:39.773+0800][3.080s][info][gc,heap     ] GC(112) Y:  Capacity:       64M (100%)         64M (100%)         64M (100%)         64M (100%)         64M (100%)         64M (100%)   
[2026-06-17T10:07:39.773+0800][3.081s][info][gc,heap     ] GC(112) Y:      Free:        0M (0%)            0M (0%)            0M (0%)            0M (0%)            0M (0%)            0M (0%)     
[2026-06-17T10:07:39.773+0800][3.081s][info][gc,heap     ] GC(112) Y:      Used:       64M (100%)         64M (100%)         64M (100%)         64M (100%)         64M (100%)         64M (100%)   
[2026-06-17T10:07:39.774+0800][3.081s][info][gc,heap     ] GC(112) Y: Young Generation Statistics:
[2026-06-17T10:07:39.774+0800][3.082s][info][gc,heap     ] GC(112) Y:                Mark Start          Mark End        Relocate Start      Relocate End    
[2026-06-17T10:07:39.775+0800][3.082s][info][gc,heap     ] GC(112) Y:      Used:        0M (0%)            0M (0%)            0M (0%)            0M (0%)     
[2026-06-17T10:07:39.775+0800][3.082s][info][gc,heap     ] GC(112) Y:      Live:         -                 0M (0%)            0M (0%)            0M (0%)     
[2026-06-17T10:07:39.775+0800][3.083s][info][gc,heap     ] GC(112) Y:   Garbage:         -                 0M (0%)            0M (0%)            0M (0%)     
[2026-06-17T10:07:39.776+0800][3.083s][info][gc,heap     ] GC(112) Y: Allocated:         -                 0M (0%)            0M (0%)            0M (0%)     
[2026-06-17T10:07:39.776+0800][3.083s][info][gc,heap     ] GC(112) Y: Reclaimed:         -                  -                 0M (0%)            0M (0%)     
[2026-06-17T10:07:39.776+0800][3.084s][info][gc,heap     ] GC(112) Y:  Promoted:         -                  -                 0M (0%)            0M (0%)     
[2026-06-17T10:07:39.776+0800][3.084s][info][gc,heap     ] GC(112) Y: Compacted:         -                  -                  -                 0M (0%)     
[2026-06-17T10:07:39.777+0800][3.084s][info][gc,phases   ] GC(112) Y: Young Generation (Collect Roots) 64M(100%)->64M(100%) 0.003s
[2026-06-17T10:07:39.777+0800][3.084s][info][gc,phases   ] GC(112) O: Old Generation
[2026-06-17T10:07:39.779+0800][3.086s][info][gc,phases   ] GC(112) O: Concurrent Mark 1.130ms
[2026-06-17T10:07:39.779+0800][3.086s][info][gc,phases   ] GC(112) O: Pause Mark End 0.007ms
[2026-06-17T10:07:39.779+0800][3.087s][info][gc,phases   ] GC(112) O: Concurrent Mark Free 0.000ms
[2026-06-17T10:07:39.780+0800][3.087s][info][gc,ref      ] GC(112) O: Clearing All SoftReferences
[2026-06-17T10:07:39.780+0800][3.088s][info][gc,phases   ] GC(112) O: Concurrent Process Non-Strong 0.659ms
[2026-06-17T10:07:39.781+0800][3.088s][info][gc,phases   ] GC(112) O: Concurrent Reset Relocation Set 0.001ms
[2026-06-17T10:07:39.781+0800][3.089s][info][gc,phases   ] GC(112) O: Concurrent Select Relocation Set 0.046ms
[2026-06-17T10:07:39.782+0800][3.089s][info][gc,task     ] GC(112) O: Using 1 Workers for Old Generation
[2026-06-17T10:07:39.782+0800][3.090s][info][gc,task     ] GC(112) O: Using 1 Workers for Old Generation
[2026-06-17T10:07:39.783+0800][3.090s][info][gc,phases   ] GC(112) O: Concurrent Remap Roots 0.903ms
[2026-06-17T10:07:39.784+0800][3.091s][info][gc,phases   ] GC(112) O: Pause Relocate Start 0.005ms
[2026-06-17T10:07:39.784+0800][3.092s][info][gc          ] Allocation Stall (main) 48.858ms
[2026-06-17T10:07:39.784+0800][3.092s][info][gc,phases   ] GC(112) O: Concurrent Relocate 0.298ms
[2026-06-17T10:07:39.785+0800][3.092s][info][gc          ] GC(113) Minor Collection (Allocation Stall)
[2026-06-17T10:07:39.785+0800][3.093s][info][gc,task     ] GC(113) Using 1 Workers for Young Generation
[2026-06-17T10:07:39.785+0800][3.093s][info][gc,phases   ] GC(113) y: Young Generation
[2026-06-17T10:07:39.786+0800][3.093s][info][gc,phases   ] GC(113) y: Pause Mark Start 0.006ms
[2026-06-17T10:07:39.787+0800][3.094s][info][gc,phases   ] GC(113) y: Concurrent Mark 0.409ms
[2026-06-17T10:07:39.787+0800][3.094s][info][gc,phases   ] GC(113) y: Pause Mark End 0.003ms
[2026-06-17T10:07:39.787+0800][3.095s][info][gc,phases   ] GC(113) y: Concurrent Mark Free 0.001ms
[2026-06-17T10:07:39.788+0800][3.095s][info][gc,phases   ] GC(113) y: Concurrent Reset Relocation Set 0.001ms
[2026-06-17T10:07:39.788+0800][3.096s][info][gc,reloc    ] GC(113) y: Using tenuring threshold: 1 (Computed)
[2026-06-17T10:07:39.789+0800][3.096s][info][gc,phases   ] GC(113) y: Concurrent Select Relocation Set 0.697ms
[2026-06-17T10:07:39.790+0800][3.097s][info][gc,phases   ] GC(113) y: Pause Relocate Start 0.004ms
[2026-06-17T10:07:39.790+0800][3.098s][info][gc,phases   ] GC(113) y: Concurrent Relocate 0.083ms
[2026-06-17T10:07:39.791+0800][3.098s][info][gc,alloc    ] GC(113) y:                         Mark Start        Mark End      Relocate Start    Relocate End   
[2026-06-17T10:07:39.791+0800][3.099s][info][gc,alloc    ] GC(113) y: Allocation Stalls:          1                1                1                1         
[2026-06-17T10:07:39.791+0800][3.099s][info][gc,load     ] GC(113) y: Load: 0.41 (2%) / 0.44 (2%) / 0.49 (2%)
[2026-06-17T10:07:39.792+0800][3.099s][info][gc,mmu      ] GC(113) y: MMU: 2ms/98.5%, 5ms/99.1%, 10ms/99.4%, 20ms/99.6%, 50ms/99.7%, 100ms/99.7%
[2026-06-17T10:07:39.792+0800][3.099s][info][gc,marking  ] GC(113) y: Mark: 1 stripe(s), 1 proactive flush(es), 1 terminate flush(es), 0 completion(s), 0 continuation(s) 
[2026-06-17T10:07:39.792+0800][3.099s][info][gc,nmethod  ] GC(113) y: NMethods: 70 registered, 6 unregistered
[2026-06-17T10:07:39.792+0800][3.100s][info][gc,metaspace] GC(113) y: Metaspace: 0M used, 0M committed, 1088M reserved
[2026-06-17T10:07:39.792+0800][3.100s][info][gc,reloc    ] GC(113) y:                        Candidates     Selected     In-Place         Size        Empty    Relocated 
[2026-06-17T10:07:39.793+0800][3.100s][info][gc,reloc    ] GC(113) y: Small Pages:                    1            0            0           2M           0M           0M 
[2026-06-17T10:07:39.793+0800][3.100s][info][gc,reloc    ] GC(113) y: Large Pages:                    1            0            0           2M           0M           0M 
[2026-06-17T10:07:39.793+0800][3.100s][info][gc,reloc    ] GC(113) y: Forwarding Usage: 0M
[2026-06-17T10:07:39.793+0800][3.101s][info][gc,reloc    ] GC(113) y: Age Table:
[2026-06-17T10:07:39.793+0800][3.101s][info][gc,reloc    ] GC(113) y:                    Live             Garbage             Small              Medium             Large        
[2026-06-17T10:07:39.794+0800][3.101s][info][gc,reloc    ] GC(113) y: Eden               2M (3%)            1M (3%)           1 / 0              0 / 0              1 / 0        
[2026-06-17T10:07:39.794+0800][3.101s][info][gc,heap     ] GC(113) y: Min Capacity: 64M(100%)
[2026-06-17T10:07:39.794+0800][3.101s][info][gc,heap     ] GC(113) y: Max Capacity: 64M(100%)
[2026-06-17T10:07:39.794+0800][3.102s][info][gc,heap     ] GC(113) y: Soft Max Capacity: 64M(100%)
[2026-06-17T10:07:39.794+0800][3.102s][info][gc,heap     ] GC(113) y: Heap Statistics:
[2026-06-17T10:07:39.795+0800][3.102s][info][gc,heap     ] GC(113) y:                Mark Start          Mark End        Relocate Start      Relocate End           High               Low         
[2026-06-17T10:07:39.795+0800][3.102s][info][gc,heap     ] GC(113) y:  Capacity:       64M (100%)         64M (100%)         64M (100%)         64M (100%)         64M (100%)         64M (100%)   
[2026-06-17T10:07:39.796+0800][3.103s][info][gc,heap     ] GC(113) y:      Free:        0M (0%)            0M (0%)            0M (0%)            0M (0%)            0M (0%)            0M (0%)     
[2026-06-17T10:07:39.796+0800][3.103s][info][gc,heap     ] GC(113) y:      Used:       64M (100%)         64M (100%)         64M (100%)         64M (100%)         64M (100%)         64M (100%)   
[2026-06-17T10:07:39.796+0800][3.104s][info][gc,heap     ] GC(113) y: Young Generation Statistics:
[2026-06-17T10:07:39.797+0800][3.104s][info][gc,heap     ] GC(113) y:                Mark Start          Mark End        Relocate Start      Relocate End    
[2026-06-17T10:07:39.797+0800][3.104s][info][gc,heap     ] GC(113) y:      Used:        4M (6%)            4M (6%)            4M (6%)            4M (6%)     
[2026-06-17T10:07:39.797+0800][3.104s][info][gc,heap     ] GC(113) y:      Live:         -                 2M (3%)            2M (3%)            2M (3%)     
[2026-06-17T10:07:39.797+0800][3.105s][info][gc,heap     ] GC(113) y:   Garbage:         -                 1M (3%)            1M (3%)            1M (3%)     
[2026-06-17T10:07:39.798+0800][3.105s][info][gc,heap     ] GC(113) y: Allocated:         -                 0M (0%)            0M (0%)            0M (0%)     
[2026-06-17T10:07:39.798+0800][3.105s][info][gc,heap     ] GC(113) y: Reclaimed:         -                  -                 0M (0%)            0M (0%)     
[2026-06-17T10:07:39.798+0800][3.105s][info][gc,heap     ] GC(113) y:  Promoted:         -                  -                 0M (0%)            0M (0%)     
[2026-06-17T10:07:39.798+0800][3.106s][info][gc,heap     ] GC(113) y: Compacted:         -                  -                  -                 0M (0%)     
[2026-06-17T10:07:39.799+0800][3.106s][info][gc,phases   ] GC(113) y: Young Generation 64M(100%)->64M(100%) 0.005s
[2026-06-17T10:07:39.799+0800][3.106s][info][gc          ] GC(113) Minor Collection (Allocation Stall) 64M(100%)->64M(100%) 0.014s
[2026-06-17T10:07:39.800+0800][3.107s][info][gc,alloc    ] GC(112) O:                         Mark Start        Mark End      Relocate Start    Relocate End   
[2026-06-17T10:07:39.800+0800][3.108s][info][gc,alloc    ] GC(112) O: Allocation Stalls:          1                1                1                0         
[2026-06-17T10:07:39.800+0800][3.108s][info][gc,load     ] GC(112) O: Load: 0.41 (2%) / 0.44 (2%) / 0.49 (2%)
[2026-06-17T10:07:39.800+0800][3.108s][info][gc,mmu      ] GC(112) O: MMU: 2ms/98.5%, 5ms/99.1%, 10ms/99.4%, 20ms/99.6%, 50ms/99.7%, 100ms/99.7%
[2026-06-17T10:07:39.801+0800][3.108s][info][gc,marking  ] GC(112) O: Mark: 1 stripe(s), 1 proactive flush(es), 1 terminate flush(es), 0 completion(s), 0 continuation(s) 
[2026-06-17T10:07:39.801+0800][3.108s][info][gc,nmethod  ] GC(112) O: NMethods: 70 registered, 6 unregistered
[2026-06-17T10:07:39.801+0800][3.108s][info][gc,metaspace] GC(112) O: Metaspace: 0M used, 0M committed, 1088M reserved
[2026-06-17T10:07:39.801+0800][3.108s][info][gc,ref      ] GC(112) O:                       Encountered   Discovered     Enqueued 
[2026-06-17T10:07:39.802+0800][3.109s][info][gc,ref      ] GC(112) O: Soft References:                0            0            0 
[2026-06-17T10:07:39.802+0800][3.109s][info][gc,ref      ] GC(112) O: Weak References:                6            0            0 
[2026-06-17T10:07:39.802+0800][3.109s][info][gc,ref      ] GC(112) O: Final References:               0            0            0 
[2026-06-17T10:07:39.802+0800][3.109s][info][gc,ref      ] GC(112) O: Phantom References:             1            1            0 
[2026-06-17T10:07:39.802+0800][3.109s][info][gc,reloc    ] GC(112) O:                        Candidates     Selected     In-Place         Size        Empty    Relocated 
[2026-06-17T10:07:39.802+0800][3.110s][info][gc,reloc    ] GC(112) O: Small Pages:                    6            2            1          12M           0M           1M 
[2026-06-17T10:07:39.802+0800][3.110s][info][gc,reloc    ] GC(112) O: Large Pages:                   26            0            0          52M           0M           0M 
[2026-06-17T10:07:39.802+0800][3.110s][info][gc,reloc    ] GC(112) O: Forwarding Usage: 0M
[2026-06-17T10:07:39.802+0800][3.110s][info][gc,heap     ] GC(112) O: Min Capacity: 64M(100%)
[2026-06-17T10:07:39.803+0800][3.110s][info][gc,heap     ] GC(112) O: Max Capacity: 64M(100%)
[2026-06-17T10:07:39.803+0800][3.110s][info][gc,heap     ] GC(112) O: Soft Max Capacity: 64M(100%)
[2026-06-17T10:07:39.803+0800][3.110s][info][gc,heap     ] GC(112) O: Heap Statistics:
[2026-06-17T10:07:39.803+0800][3.110s][info][gc,heap     ] GC(112) O:                Mark Start          Mark End        Relocate Start      Relocate End           High               Low         
[2026-06-17T10:07:39.803+0800][3.111s][info][gc,heap     ] GC(112) O:  Capacity:       64M (100%)         64M (100%)         64M (100%)         64M (100%)         64M (100%)         64M (100%)   
[2026-06-17T10:07:39.803+0800][3.111s][info][gc,heap     ] GC(112) O:      Free:        0M (0%)            0M (0%)            0M (0%)            2M (3%)            2M (3%)            0M (0%)     
[2026-06-17T10:07:39.804+0800][3.111s][info][gc,heap     ] GC(112) O:      Used:       64M (100%)         64M (100%)         64M (100%)         62M (97%)          64M (100%)         62M (97%)    
[2026-06-17T10:07:39.804+0800][3.111s][info][gc,heap     ] GC(112) O: Old Generation Statistics:
[2026-06-17T10:07:39.804+0800][3.111s][info][gc,heap     ] GC(112) O:                Mark Start          Mark End        Relocate Start      Relocate End    
[2026-06-17T10:07:39.804+0800][3.111s][info][gc,heap     ] GC(112) O:      Used:       64M (100%)         64M (100%)         64M (100%)         60M (94%)    
[2026-06-17T10:07:39.804+0800][3.112s][info][gc,heap     ] GC(112) O:      Live:         -                58M (92%)          58M (92%)          58M (92%)    
[2026-06-17T10:07:39.804+0800][3.112s][info][gc,heap     ] GC(112) O:   Garbage:         -                 5M (8%)            5M (8%)            0M (1%)     
[2026-06-17T10:07:39.805+0800][3.112s][info][gc,heap     ] GC(112) O: Allocated:         -                 0M (0%)            0M (0%)            0M (1%)     
[2026-06-17T10:07:39.805+0800][3.112s][info][gc,heap     ] GC(112) O: Reclaimed:         -                  -                 0M (0%)            4M (7%)     
[2026-06-17T10:07:39.805+0800][3.112s][info][gc,heap     ] GC(112) O: Compacted:         -                  -                  -                 1M (2%)     
[2026-06-17T10:07:39.805+0800][3.113s][info][gc,phases   ] GC(112) O: Old Generation 64M(100%)->62M(97%) 0.023s
[2026-06-17T10:07:39.805+0800][3.113s][info][gc          ] GC(112) Major Collection (Allocation Stall) 64M(100%)->64M(100%) 0.052s
[2026-06-17T10:07:39.806+0800][3.113s][info][gc          ] GC(114) Major Collection (Allocation Stall)
[2026-06-17T10:07:39.806+0800][3.113s][info][gc,task     ] GC(114) Using 1 Workers for Young Generation
[2026-06-17T10:07:39.806+0800][3.113s][info][gc,task     ] GC(114) Using 1 Workers for Old Generation
[2026-06-17T10:07:39.806+0800][3.113s][info][gc,phases   ] GC(114) Y: Young Generation (Promote All)
[2026-06-17T10:07:39.806+0800][3.114s][info][gc,phases   ] GC(114) Y: Pause Mark Start 0.009ms
[2026-06-17T10:07:39.807+0800][3.115s][info][gc,phases   ] GC(114) Y: Concurrent Mark 0.837ms
[2026-06-17T10:07:39.808+0800][3.115s][info][gc,phases   ] GC(114) Y: Pause Mark End 0.006ms
[2026-06-17T10:07:39.808+0800][3.116s][info][gc,phases   ] GC(114) Y: Concurrent Mark Free 0.000ms
[2026-06-17T10:07:39.809+0800][3.116s][info][gc,phases   ] GC(114) Y: Concurrent Reset Relocation Set 0.001ms
[2026-06-17T10:07:39.809+0800][3.116s][info][gc,reloc    ] GC(114) Y: Using tenuring threshold: 0 (Promote All)
[2026-06-17T10:07:39.810+0800][3.117s][info][gc,phases   ] GC(114) Y: Concurrent Select Relocation Set 0.603ms
[2026-06-17T10:07:39.810+0800][3.117s][info][gc,phases   ] GC(114) Y: Pause Relocate Start 0.004ms
[2026-06-17T10:07:39.811+0800][3.118s][info][gc,phases   ] GC(114) Y: Concurrent Relocate 0.143ms
[2026-06-17T10:07:39.811+0800][3.118s][info][gc,alloc    ] GC(114) Y:                         Mark Start        Mark End      Relocate Start    Relocate End   
[2026-06-17T10:07:39.811+0800][3.119s][info][gc,alloc    ] GC(114) Y: Allocation Stalls:          1                1                1                1         
[2026-06-17T10:07:39.812+0800][3.119s][info][gc,load     ] GC(114) Y: Load: 0.41 (2%) / 0.44 (2%) / 0.49 (2%)
[2026-06-17T10:07:39.812+0800][3.120s][info][gc,mmu      ] GC(114) Y: MMU: 2ms/98.5%, 5ms/99.1%, 10ms/99.4%, 20ms/99.6%, 50ms/99.7%, 100ms/99.7%
[2026-06-17T10:07:39.812+0800][3.120s][info][gc,marking  ] GC(114) Y: Mark: 1 stripe(s), 1 proactive flush(es), 1 terminate flush(es), 0 completion(s), 0 continuation(s) 
[2026-06-17T10:07:39.813+0800][3.120s][info][gc,nmethod  ] GC(114) Y: NMethods: 70 registered, 6 unregistered
[2026-06-17T10:07:39.813+0800][3.121s][info][gc,metaspace] GC(114) Y: Metaspace: 0M used, 0M committed, 1088M reserved
[2026-06-17T10:07:39.814+0800][3.121s][info][gc,reloc    ] GC(114) Y:                        Candidates     Selected     In-Place         Size        Empty    Relocated 
[2026-06-17T10:07:39.814+0800][3.122s][info][gc,reloc    ] GC(114) Y: Small Pages:                    1            0            0           2M           0M           0M 
[2026-06-17T10:07:39.815+0800][3.122s][info][gc,reloc    ] GC(114) Y: Large Pages:                    1            0            0           2M           0M           0M 
[2026-06-17T10:07:39.815+0800][3.122s][info][gc,reloc    ] GC(114) Y: Forwarding Usage: 0M
[2026-06-17T10:07:39.816+0800][3.123s][info][gc,reloc    ] GC(114) Y: Age Table:
[2026-06-17T10:07:39.816+0800][3.123s][info][gc,reloc    ] GC(114) Y:                    Live             Garbage             Small              Medium             Large        
[2026-06-17T10:07:39.816+0800][3.124s][info][gc,reloc    ] GC(114) Y: Eden                -                 0M (0%)           0 / 0              0 / 0              0 / 0        
[2026-06-17T10:07:39.816+0800][3.124s][info][gc,reloc    ] GC(114) Y: Survivor 1         2M (3%)            1M (3%)           1 / 0              0 / 0              1 / 0        
[2026-06-17T10:07:39.817+0800][3.124s][info][gc,heap     ] GC(114) Y: Min Capacity: 64M(100%)
[2026-06-17T10:07:39.817+0800][3.124s][info][gc,heap     ] GC(114) Y: Max Capacity: 64M(100%)
[2026-06-17T10:07:39.817+0800][3.125s][info][gc,heap     ] GC(114) Y: Soft Max Capacity: 64M(100%)
[2026-06-17T10:07:39.818+0800][3.125s][info][gc,heap     ] GC(114) Y: Heap Statistics:
[2026-06-17T10:07:39.818+0800][3.125s][info][gc,heap     ] GC(114) Y:                Mark Start          Mark End        Relocate Start      Relocate End           High               Low         
[2026-06-17T10:07:39.819+0800][3.126s][info][gc,heap     ] GC(114) Y:  Capacity:       64M (100%)         64M (100%)         64M (100%)         64M (100%)         64M (100%)         64M (100%)   
[2026-06-17T10:07:39.819+0800][3.126s][info][gc,heap     ] GC(114) Y:      Free:        0M (0%)            0M (0%)            0M (0%)            0M (0%)            0M (0%)            0M (0%)     
[2026-06-17T10:07:39.819+0800][3.127s][info][gc,heap     ] GC(114) Y:      Used:       64M (100%)         64M (100%)         64M (100%)         64M (100%)         64M (100%)         64M (100%)   
[2026-06-17T10:07:39.820+0800][3.127s][info][gc,heap     ] GC(114) Y: Young Generation Statistics:
[2026-06-17T10:07:39.820+0800][3.128s][info][gc,heap     ] GC(114) Y:                Mark Start          Mark End        Relocate Start      Relocate End    
[2026-06-17T10:07:39.821+0800][3.128s][info][gc,heap     ] GC(114) Y:      Used:        4M (6%)            4M (6%)            0M (0%)            0M (0%)     
[2026-06-17T10:07:39.821+0800][3.129s][info][gc,heap     ] GC(114) Y:      Live:         -                 2M (3%)            0M (0%)            0M (0%)     
[2026-06-17T10:07:39.821+0800][3.129s][info][gc,heap     ] GC(114) Y:   Garbage:         -                 1M (3%)            0M (0%)            0M (0%)     
[2026-06-17T10:07:39.822+0800][3.129s][info][gc,heap     ] GC(114) Y: Allocated:         -                 0M (0%)            0M (0%)            0M (0%)     
[2026-06-17T10:07:39.822+0800][3.130s][info][gc,heap     ] GC(114) Y: Reclaimed:         -                  -                 1M (3%)            1M (3%)     
[2026-06-17T10:07:39.823+0800][3.130s][info][gc,heap     ] GC(114) Y:  Promoted:         -                  -                 2M (3%)            2M (3%)     
[2026-06-17T10:07:39.823+0800][3.130s][info][gc,heap     ] GC(114) Y: Compacted:         -                  -                  -                 0M (0%)     
[2026-06-17T10:07:39.823+0800][3.131s][info][gc,phases   ] GC(114) Y: Young Generation (Promote All) 64M(100%)->64M(100%) 0.005s
[2026-06-17T10:07:39.824+0800][3.131s][info][gc,phases   ] GC(114) Y: Young Generation (Collect Roots)
[2026-06-17T10:07:39.824+0800][3.131s][info][gc,phases   ] GC(114) Y: Pause Mark Start (Major) 0.013ms
[2026-06-17T10:07:39.825+0800][3.133s][info][gc,phases   ] GC(114) Y: Concurrent Mark 0.728ms
[2026-06-17T10:07:39.826+0800][3.133s][info][gc,phases   ] GC(114) Y: Pause Mark End 0.007ms
[2026-06-17T10:07:39.826+0800][3.134s][info][gc,phases   ] GC(114) Y: Concurrent Mark Free 0.001ms
[2026-06-17T10:07:39.827+0800][3.134s][info][gc,phases   ] GC(114) Y: Concurrent Reset Relocation Set 0.003ms
[2026-06-17T10:07:39.827+0800][3.134s][info][gc,reloc    ] GC(114) Y: Using tenuring threshold: 0 (Computed)
[2026-06-17T10:07:39.828+0800][3.135s][info][gc,phases   ] GC(114) Y: Concurrent Select Relocation Set 0.628ms
[2026-06-17T10:07:39.828+0800][3.135s][info][gc,phases   ] GC(114) Y: Pause Relocate Start 0.006ms
[2026-06-17T10:07:39.829+0800][3.136s][info][gc,phases   ] GC(114) Y: Concurrent Relocate 0.186ms
[2026-06-17T10:07:39.829+0800][3.136s][info][gc,alloc    ] GC(114) Y:                         Mark Start        Mark End      Relocate Start    Relocate End   
[2026-06-17T10:07:39.829+0800][3.137s][info][gc,alloc    ] GC(114) Y: Allocation Stalls:          1                1                1                1         
[2026-06-17T10:07:39.830+0800][3.137s][info][gc,load     ] GC(114) Y: Load: 0.41 (2%) / 0.44 (2%) / 0.49 (2%)
[2026-06-17T10:07:39.830+0800][3.138s][info][gc,mmu      ] GC(114) Y: MMU: 2ms/98.5%, 5ms/99.1%, 10ms/99.4%, 20ms/99.6%, 50ms/99.7%, 100ms/99.7%
[2026-06-17T10:07:39.831+0800][3.138s][info][gc,marking  ] GC(114) Y: Mark: 1 stripe(s), 1 proactive flush(es), 1 terminate flush(es), 0 completion(s), 0 continuation(s) 
[2026-06-17T10:07:39.832+0800][3.140s][info][gc,nmethod  ] GC(114) Y: NMethods: 70 registered, 6 unregistered
[2026-06-17T10:07:39.833+0800][3.140s][info][gc,metaspace] GC(114) Y: Metaspace: 0M used, 0M committed, 1088M reserved
[2026-06-17T10:07:39.833+0800][3.140s][info][gc,heap     ] GC(114) Y: Min Capacity: 64M(100%)
[2026-06-17T10:07:39.833+0800][3.141s][info][gc,heap     ] GC(114) Y: Max Capacity: 64M(100%)
[2026-06-17T10:07:39.834+0800][3.141s][info][gc,heap     ] GC(114) Y: Soft Max Capacity: 64M(100%)
[2026-06-17T10:07:39.834+0800][3.141s][info][gc,heap     ] GC(114) Y: Heap Statistics:
[2026-06-17T10:07:39.834+0800][3.142s][info][gc,heap     ] GC(114) Y:                Mark Start          Mark End        Relocate Start      Relocate End           High               Low         
[2026-06-17T10:07:39.835+0800][3.142s][info][gc,heap     ] GC(114) Y:  Capacity:       64M (100%)         64M (100%)         64M (100%)         64M (100%)         64M (100%)         64M (100%)   
[2026-06-17T10:07:39.835+0800][3.142s][info][gc,heap     ] GC(114) Y:      Free:        0M (0%)            0M (0%)            0M (0%)            0M (0%)            0M (0%)            0M (0%)     
[2026-06-17T10:07:39.835+0800][3.143s][info][gc,heap     ] GC(114) Y:      Used:       64M (100%)         64M (100%)         64M (100%)         64M (100%)         64M (100%)         64M (100%)   
[2026-06-17T10:07:39.836+0800][3.143s][info][gc,heap     ] GC(114) Y: Young Generation Statistics:
[2026-06-17T10:07:39.836+0800][3.144s][info][gc,heap     ] GC(114) Y:                Mark Start          Mark End        Relocate Start      Relocate End    
[2026-06-17T10:07:39.837+0800][3.144s][info][gc,heap     ] GC(114) Y:      Used:        0M (0%)            0M (0%)            0M (0%)            0M (0%)     
[2026-06-17T10:07:39.837+0800][3.144s][info][gc,heap     ] GC(114) Y:      Live:         -                 0M (0%)            0M (0%)            0M (0%)     
[2026-06-17T10:07:39.837+0800][3.145s][info][gc,heap     ] GC(114) Y:   Garbage:         -                 0M (0%)            0M (0%)            0M (0%)     
[2026-06-17T10:07:39.838+0800][3.146s][info][gc,heap     ] GC(114) Y: Allocated:         -                 0M (0%)            0M (0%)            0M (0%)     
[2026-06-17T10:07:39.839+0800][3.146s][info][gc,heap     ] GC(114) Y: Reclaimed:         -                  -                 0M (0%)            0M (0%)     
[2026-06-17T10:07:39.839+0800][3.146s][info][gc,heap     ] GC(114) Y:  Promoted:         -                  -                 0M (0%)            0M (0%)     
[2026-06-17T10:07:39.840+0800][3.147s][info][gc,heap     ] GC(114) Y: Compacted:         -                  -                  -                 0M (0%)     
[2026-06-17T10:07:39.840+0800][3.148s][info][gc,phases   ] GC(114) Y: Young Generation (Collect Roots) 64M(100%)->64M(100%) 0.005s
[2026-06-17T10:07:39.841+0800][3.148s][info][gc,phases   ] GC(114) O: Old Generation
[2026-06-17T10:07:39.843+0800][3.150s][info][gc,phases   ] GC(114) O: Concurrent Mark 2.004ms
[2026-06-17T10:07:39.844+0800][3.151s][info][gc,phases   ] GC(114) O: Pause Mark End 0.009ms
[2026-06-17T10:07:39.844+0800][3.152s][info][gc,phases   ] GC(114) O: Concurrent Mark Free 0.001ms
[2026-06-17T10:07:39.845+0800][3.152s][info][gc,ref      ] GC(114) O: Clearing All SoftReferences
[2026-06-17T10:07:39.846+0800][3.153s][info][gc,phases   ] GC(114) O: Concurrent Process Non-Strong 0.845ms
[2026-06-17T10:07:39.846+0800][3.153s][info][gc,phases   ] GC(114) O: Concurrent Reset Relocation Set 0.002ms
[2026-06-17T10:07:39.846+0800][3.154s][info][gc,phases   ] GC(114) O: Concurrent Select Relocation Set 0.080ms
[2026-06-17T10:07:39.848+0800][3.156s][info][gc,task     ] GC(114) O: Using 1 Workers for Old Generation
[2026-06-17T10:07:39.849+0800][3.156s][info][gc,task     ] GC(114) O: Using 1 Workers for Old Generation
[2026-06-17T10:07:39.849+0800][3.157s][info][gc,phases   ] GC(114) O: Concurrent Remap Roots 0.825ms
[2026-06-17T10:07:39.850+0800][3.157s][info][gc,phases   ] GC(114) O: Pause Relocate Start 0.009ms
[2026-06-17T10:07:39.851+0800][3.158s][info][gc,phases   ] GC(114) O: Concurrent Relocate 0.598ms
[2026-06-17T10:07:39.851+0800][3.158s][info][gc          ] Allocation Stall (main) 66.541ms
[2026-06-17T10:07:39.852+0800][3.159s][info][gc,alloc    ] GC(114) O:                         Mark Start        Mark End      Relocate Start    Relocate End   
[2026-06-17T10:07:39.852+0800][3.160s][info][gc,alloc    ] GC(114) O: Allocation Stalls:          1                1                1                0         
[2026-06-17T10:07:39.853+0800][3.160s][info][gc,load     ] GC(114) O: Load: 0.41 (2%) / 0.44 (2%) / 0.49 (2%)
[2026-06-17T10:07:39.853+0800][3.161s][info][gc,mmu      ] GC(114) O: MMU: 2ms/98.5%, 5ms/99.1%, 10ms/99.4%, 20ms/99.6%, 50ms/99.7%, 100ms/99.7%
[2026-06-17T10:07:39.854+0800][3.161s][info][gc,marking  ] GC(114) O: Mark: 1 stripe(s), 1 proactive flush(es), 1 terminate flush(es), 0 completion(s), 0 continuation(s) 
[2026-06-17T10:07:39.854+0800][3.161s][info][gc,nmethod  ] GC(114) O: NMethods: 70 registered, 6 unregistered
[2026-06-17T10:07:39.854+0800][3.162s][info][gc,metaspace] GC(114) O: Metaspace: 0M used, 0M committed, 1088M reserved
[2026-06-17T10:07:39.855+0800][3.162s][info][gc,ref      ] GC(114) O:                       Encountered   Discovered     Enqueued 
[2026-06-17T10:07:39.855+0800][3.163s][info][gc,ref      ] GC(114) O: Soft References:                0            0            0 
[2026-06-17T10:07:39.856+0800][3.163s][info][gc,ref      ] GC(114) O: Weak References:                6            0            0 
[2026-06-17T10:07:39.856+0800][3.163s][info][gc,ref      ] GC(114) O: Final References:               0            0            0 
[2026-06-17T10:07:39.856+0800][3.164s][info][gc,ref      ] GC(114) O: Phantom References:             1            1            0 
[2026-06-17T10:07:39.856+0800][3.164s][info][gc,reloc    ] GC(114) O:                        Candidates     Selected     In-Place         Size        Empty    Relocated 
[2026-06-17T10:07:39.857+0800][3.164s][info][gc,reloc    ] GC(114) O: Small Pages:                    5            1            1          10M           0M           1M 
[2026-06-17T10:07:39.857+0800][3.164s][info][gc,reloc    ] GC(114) O: Large Pages:                   27            0            0          54M           0M           0M 
[2026-06-17T10:07:39.857+0800][3.164s][info][gc,reloc    ] GC(114) O: Forwarding Usage: 0M
[2026-06-17T10:07:39.857+0800][3.164s][info][gc,heap     ] GC(114) O: Min Capacity: 64M(100%)
[2026-06-17T10:07:39.857+0800][3.165s][info][gc,heap     ] GC(114) O: Max Capacity: 64M(100%)
[2026-06-17T10:07:39.857+0800][3.165s][info][gc,heap     ] GC(114) O: Soft Max Capacity: 64M(100%)
[2026-06-17T10:07:39.858+0800][3.165s][info][gc,heap     ] GC(114) O: Heap Statistics:
[2026-06-17T10:07:39.858+0800][3.165s][info][gc,heap     ] GC(114) O:                Mark Start          Mark End        Relocate Start      Relocate End           High               Low         
[2026-06-17T10:07:39.858+0800][3.165s][info][gc,heap     ] GC(114) O:  Capacity:       64M (100%)         64M (100%)         64M (100%)         64M (100%)         64M (100%)         64M (100%)   
[2026-06-17T10:07:39.858+0800][3.165s][info][gc,heap     ] GC(114) O:      Free:        0M (0%)            0M (0%)            0M (0%)            0M (0%)            2M (3%)            0M (0%)     
[2026-06-17T10:07:39.858+0800][3.166s][info][gc,heap     ] GC(114) O:      Used:       64M (100%)         64M (100%)         64M (100%)         64M (100%)         64M (100%)         62M (97%)    
[2026-06-17T10:07:39.858+0800][3.166s][info][gc,heap     ] GC(114) O: Old Generation Statistics:
[2026-06-17T10:07:39.858+0800][3.166s][info][gc,heap     ] GC(114) O:                Mark Start          Mark End        Relocate Start      Relocate End    
[2026-06-17T10:07:39.859+0800][3.166s][info][gc,heap     ] GC(114) O:      Used:       64M (100%)         64M (100%)         64M (100%)         62M (97%)    
[2026-06-17T10:07:39.859+0800][3.166s][info][gc,heap     ] GC(114) O:      Live:         -                61M (96%)          61M (96%)          61M (96%)    
[2026-06-17T10:07:39.859+0800][3.166s][info][gc,heap     ] GC(114) O:   Garbage:         -                 2M (4%)            2M (4%)            0M (1%)     
[2026-06-17T10:07:39.859+0800][3.167s][info][gc,heap     ] GC(114) O: Allocated:         -                 0M (0%)            0M (0%)            0M (1%)     
[2026-06-17T10:07:39.859+0800][3.167s][info][gc,heap     ] GC(114) O: Reclaimed:         -                  -                 0M (0%)            2M (4%)     
[2026-06-17T10:07:39.859+0800][3.167s][info][gc,heap     ] GC(114) O: Compacted:         -                  -                  -                 1M (2%)     
[2026-06-17T10:07:39.860+0800][3.167s][info][gc,phases   ] GC(114) O: Old Generation 64M(100%)->64M(100%) 0.011s
[2026-06-17T10:07:39.860+0800][3.167s][info][gc          ] GC(114) Major Collection (Allocation Stall) 64M(100%)->64M(100%) 0.054s
[2026-06-17T10:07:39.860+0800][3.167s][info][gc          ] GC(115) Minor Collection (Allocation Stall)
[2026-06-17T10:07:39.860+0800][3.167s][info][gc,task     ] GC(115) Using 1 Workers for Young Generation
[2026-06-17T10:07:39.860+0800][3.168s][info][gc,phases   ] GC(115) y: Young Generation
[2026-06-17T10:07:39.860+0800][3.168s][info][gc,phases   ] GC(115) y: Pause Mark Start 0.008ms
[2026-06-17T10:07:39.861+0800][3.168s][info][gc,phases   ] GC(115) y: Concurrent Mark 0.525ms
[2026-06-17T10:07:39.861+0800][3.169s][info][gc,phases   ] GC(115) y: Pause Mark End 0.006ms
[2026-06-17T10:07:39.862+0800][3.169s][info][gc,phases   ] GC(115) y: Concurrent Mark Free 0.001ms
[2026-06-17T10:07:39.862+0800][3.169s][info][gc,phases   ] GC(115) y: Concurrent Reset Relocation Set 0.000ms
[2026-06-17T10:07:39.862+0800][3.170s][info][gc,reloc    ] GC(115) y: Using tenuring threshold: 1 (Computed)
[2026-06-17T10:07:39.863+0800][3.170s][info][gc,phases   ] GC(115) y: Concurrent Select Relocation Set 0.425ms
[2026-06-17T10:07:39.863+0800][3.170s][info][gc,phases   ] GC(115) y: Pause Relocate Start 0.006ms
[2026-06-17T10:07:39.863+0800][3.170s][info][gc,phases   ] GC(115) y: Concurrent Relocate 0.125ms
[2026-06-17T10:07:39.863+0800][3.171s][info][gc,alloc    ] GC(115) y:                         Mark Start        Mark End      Relocate Start    Relocate End   
[2026-06-17T10:07:39.863+0800][3.171s][info][gc,alloc    ] GC(115) y: Allocation Stalls:          1                1                1                1         
[2026-06-17T10:07:39.863+0800][3.171s][info][gc,load     ] GC(115) y: Load: 0.41 (2%) / 0.44 (2%) / 0.49 (2%)
[2026-06-17T10:07:39.864+0800][3.171s][info][gc,mmu      ] GC(115) y: MMU: 2ms/98.5%, 5ms/99.1%, 10ms/99.4%, 20ms/99.6%, 50ms/99.7%, 100ms/99.7%
[2026-06-17T10:07:39.864+0800][3.171s][info][gc,marking  ] GC(115) y: Mark: 1 stripe(s), 1 proactive flush(es), 1 terminate flush(es), 0 completion(s), 0 continuation(s) 
[2026-06-17T10:07:39.864+0800][3.171s][info][gc,nmethod  ] GC(115) y: NMethods: 70 registered, 6 unregistered
[2026-06-17T10:07:39.864+0800][3.171s][info][gc,metaspace] GC(115) y: Metaspace: 0M used, 0M committed, 1088M reserved
[2026-06-17T10:07:39.864+0800][3.171s][info][gc,reloc    ] GC(115) y:                        Candidates     Selected     In-Place         Size        Empty    Relocated 
[2026-06-17T10:07:39.864+0800][3.172s][info][gc,reloc    ] GC(115) y: Small Pages:                    0            0            0           0M           0M           0M 
[2026-06-17T10:07:39.864+0800][3.172s][info][gc,reloc    ] GC(115) y: Large Pages:                    1            0            0           2M           0M           0M 
[2026-06-17T10:07:39.864+0800][3.172s][info][gc,reloc    ] GC(115) y: Forwarding Usage: 0M
[2026-06-17T10:07:39.864+0800][3.172s][info][gc,reloc    ] GC(115) y: Age Table:
[2026-06-17T10:07:39.865+0800][3.172s][info][gc,reloc    ] GC(115) y:                    Live             Garbage             Small              Medium             Large        
[2026-06-17T10:07:39.865+0800][3.172s][info][gc,reloc    ] GC(115) y: Eden               2M (3%)            0M (0%)           0 / 0              0 / 0              1 / 0        
[2026-06-17T10:07:39.865+0800][3.172s][info][gc,heap     ] GC(115) y: Min Capacity: 64M(100%)
[2026-06-17T10:07:39.865+0800][3.172s][info][gc,heap     ] GC(115) y: Max Capacity: 64M(100%)
[2026-06-17T10:07:39.865+0800][3.172s][info][gc,heap     ] GC(115) y: Soft Max Capacity: 64M(100%)
[2026-06-17T10:07:39.865+0800][3.172s][info][gc,heap     ] GC(115) y: Heap Statistics:
[2026-06-17T10:07:39.865+0800][3.173s][info][gc,heap     ] GC(115) y:                Mark Start          Mark End        Relocate Start      Relocate End           High               Low         
[2026-06-17T10:07:39.865+0800][3.173s][info][gc,heap     ] GC(115) y:  Capacity:       64M (100%)         64M (100%)         64M (100%)         64M (100%)         64M (100%)         64M (100%)   
[2026-06-17T10:07:39.865+0800][3.173s][info][gc,heap     ] GC(115) y:      Free:        0M (0%)            0M (0%)            0M (0%)            0M (0%)            0M (0%)            0M (0%)     
[2026-06-17T10:07:39.866+0800][3.173s][info][gc,heap     ] GC(115) y:      Used:       64M (100%)         64M (100%)         64M (100%)         64M (100%)         64M (100%)         64M (100%)   
[2026-06-17T10:07:39.866+0800][3.173s][info][gc,heap     ] GC(115) y: Young Generation Statistics:
[2026-06-17T10:07:39.866+0800][3.173s][info][gc,heap     ] GC(115) y:                Mark Start          Mark End        Relocate Start      Relocate End    
[2026-06-17T10:07:39.866+0800][3.173s][info][gc,heap     ] GC(115) y:      Used:        2M (3%)            2M (3%)            2M (3%)            2M (3%)     
[2026-06-17T10:07:39.866+0800][3.173s][info][gc,heap     ] GC(115) y:      Live:         -                 2M (3%)            2M (3%)            2M (3%)     
[2026-06-17T10:07:39.866+0800][3.173s][info][gc,heap     ] GC(115) y:   Garbage:         -                 0M (0%)            0M (0%)            0M (0%)     
[2026-06-17T10:07:39.866+0800][3.174s][info][gc,heap     ] GC(115) y: Allocated:         -                 0M (0%)            0M (0%)            0M (0%)     
[2026-06-17T10:07:39.866+0800][3.174s][info][gc,heap     ] GC(115) y: Reclaimed:         -                  -                 0M (0%)            0M (0%)     
[2026-06-17T10:07:39.866+0800][3.174s][info][gc,heap     ] GC(115) y:  Promoted:         -                  -                 0M (0%)            0M (0%)     
[2026-06-17T10:07:39.866+0800][3.174s][info][gc,heap     ] GC(115) y: Compacted:         -                  -                  -                 0M (0%)     
[2026-06-17T10:07:39.866+0800][3.174s][info][gc,phases   ] GC(115) y: Young Generation 64M(100%)->64M(100%) 0.003s
[2026-06-17T10:07:39.867+0800][3.174s][info][gc          ] GC(115) Minor Collection (Allocation Stall) 64M(100%)->64M(100%) 0.007s
[2026-06-17T10:07:39.867+0800][3.174s][info][gc          ] GC(116) Major Collection (Allocation Stall)
[2026-06-17T10:07:39.867+0800][3.174s][info][gc,task     ] GC(116) Using 1 Workers for Young Generation
[2026-06-17T10:07:39.867+0800][3.174s][info][gc,task     ] GC(116) Using 1 Workers for Old Generation
[2026-06-17T10:07:39.867+0800][3.174s][info][gc,phases   ] GC(116) Y: Young Generation (Promote All)
[2026-06-17T10:07:39.867+0800][3.175s][info][gc,phases   ] GC(116) Y: Pause Mark Start 0.005ms
[2026-06-17T10:07:39.868+0800][3.175s][info][gc,phases   ] GC(116) Y: Concurrent Mark 0.648ms
[2026-06-17T10:07:39.868+0800][3.176s][info][gc,phases   ] GC(116) Y: Pause Mark End 0.004ms
[2026-06-17T10:07:39.868+0800][3.176s][info][gc,phases   ] GC(116) Y: Concurrent Mark Free 0.000ms
[2026-06-17T10:07:39.868+0800][3.176s][info][gc,phases   ] GC(116) Y: Concurrent Reset Relocation Set 0.000ms
[2026-06-17T10:07:39.868+0800][3.176s][info][gc,reloc    ] GC(116) Y: Using tenuring threshold: 0 (Promote All)
[2026-06-17T10:07:39.869+0800][3.176s][info][gc,phases   ] GC(116) Y: Concurrent Select Relocation Set 0.183ms
[2026-06-17T10:07:39.869+0800][3.176s][info][gc,phases   ] GC(116) Y: Pause Relocate Start 0.008ms
[2026-06-17T10:07:39.869+0800][3.176s][info][gc,phases   ] GC(116) Y: Concurrent Relocate 0.087ms
[2026-06-17T10:07:39.869+0800][3.176s][info][gc,alloc    ] GC(116) Y:                         Mark Start        Mark End      Relocate Start    Relocate End   
[2026-06-17T10:07:39.869+0800][3.176s][info][gc,alloc    ] GC(116) Y: Allocation Stalls:          1                1                1                1         
[2026-06-17T10:07:39.869+0800][3.176s][info][gc,load     ] GC(116) Y: Load: 0.41 (2%) / 0.44 (2%) / 0.49 (2%)
[2026-06-17T10:07:39.869+0800][3.177s][info][gc,mmu      ] GC(116) Y: MMU: 2ms/98.5%, 5ms/99.1%, 10ms/99.4%, 20ms/99.6%, 50ms/99.7%, 100ms/99.7%
[2026-06-17T10:07:39.869+0800][3.177s][info][gc,marking  ] GC(116) Y: Mark: 1 stripe(s), 1 proactive flush(es), 1 terminate flush(es), 0 completion(s), 0 continuation(s) 
[2026-06-17T10:07:39.869+0800][3.177s][info][gc,nmethod  ] GC(116) Y: NMethods: 70 registered, 6 unregistered
[2026-06-17T10:07:39.869+0800][3.177s][info][gc,metaspace] GC(116) Y: Metaspace: 0M used, 0M committed, 1088M reserved
[2026-06-17T10:07:39.869+0800][3.177s][info][gc,reloc    ] GC(116) Y:                        Candidates     Selected     In-Place         Size        Empty    Relocated 
[2026-06-17T10:07:39.870+0800][3.177s][info][gc,reloc    ] GC(116) Y: Small Pages:                    0            0            0           0M           0M           0M 
[2026-06-17T10:07:39.870+0800][3.177s][info][gc,reloc    ] GC(116) Y: Large Pages:                    1            0            0           2M           0M           0M 
[2026-06-17T10:07:39.870+0800][3.177s][info][gc,reloc    ] GC(116) Y: Forwarding Usage: 0M
[2026-06-17T10:07:39.870+0800][3.177s][info][gc,reloc    ] GC(116) Y: Age Table:
[2026-06-17T10:07:39.870+0800][3.177s][info][gc,reloc    ] GC(116) Y:                    Live             Garbage             Small              Medium             Large        
[2026-06-17T10:07:39.870+0800][3.177s][info][gc,reloc    ] GC(116) Y: Eden                -                 0M (0%)           0 / 0              0 / 0              0 / 0        
[2026-06-17T10:07:39.870+0800][3.177s][info][gc,reloc    ] GC(116) Y: Survivor 1         2M (3%)            0M (0%)           0 / 0              0 / 0              1 / 0        
[2026-06-17T10:07:39.870+0800][3.177s][info][gc,heap     ] GC(116) Y: Min Capacity: 64M(100%)
[2026-06-17T10:07:39.870+0800][3.177s][info][gc,heap     ] GC(116) Y: Max Capacity: 64M(100%)
[2026-06-17T10:07:39.870+0800][3.178s][info][gc,heap     ] GC(116) Y: Soft Max Capacity: 64M(100%)
[2026-06-17T10:07:39.870+0800][3.178s][info][gc,heap     ] GC(116) Y: Heap Statistics:
[2026-06-17T10:07:39.870+0800][3.178s][info][gc,heap     ] GC(116) Y:                Mark Start          Mark End        Relocate Start      Relocate End           High               Low         
[2026-06-17T10:07:39.870+0800][3.178s][info][gc,heap     ] GC(116) Y:  Capacity:       64M (100%)         64M (100%)         64M (100%)         64M (100%)         64M (100%)         64M (100%)   
[2026-06-17T10:07:39.870+0800][3.178s][info][gc,heap     ] GC(116) Y:      Free:        0M (0%)            0M (0%)            0M (0%)            0M (0%)            0M (0%)            0M (0%)     
[2026-06-17T10:07:39.871+0800][3.178s][info][gc,heap     ] GC(116) Y:      Used:       64M (100%)         64M (100%)         64M (100%)         64M (100%)         64M (100%)         64M (100%)   
[2026-06-17T10:07:39.871+0800][3.178s][info][gc,heap     ] GC(116) Y: Young Generation Statistics:
[2026-06-17T10:07:39.871+0800][3.178s][info][gc,heap     ] GC(116) Y:                Mark Start          Mark End        Relocate Start      Relocate End    
[2026-06-17T10:07:39.871+0800][3.178s][info][gc,heap     ] GC(116) Y:      Used:        2M (3%)            2M (3%)            0M (0%)            0M (0%)     
[2026-06-17T10:07:39.871+0800][3.178s][info][gc,heap     ] GC(116) Y:      Live:         -                 2M (3%)            0M (0%)            0M (0%)     
[2026-06-17T10:07:39.871+0800][3.178s][info][gc,heap     ] GC(116) Y:   Garbage:         -                 0M (0%)            0M (0%)            0M (0%)     
[2026-06-17T10:07:39.871+0800][3.178s][info][gc,heap     ] GC(116) Y: Allocated:         -                 0M (0%)            0M (0%)            0M (0%)     
[2026-06-17T10:07:39.871+0800][3.178s][info][gc,heap     ] GC(116) Y: Reclaimed:         -                  -                 0M (0%)            0M (0%)     
[2026-06-17T10:07:39.871+0800][3.179s][info][gc,heap     ] GC(116) Y:  Promoted:         -                  -                 2M (3%)            2M (3%)     
[2026-06-17T10:07:39.871+0800][3.179s][info][gc,heap     ] GC(116) Y: Compacted:         -                  -                  -                 0M (0%)     
[2026-06-17T10:07:39.871+0800][3.179s][info][gc,phases   ] GC(116) Y: Young Generation (Promote All) 64M(100%)->64M(100%) 0.002s
[2026-06-17T10:07:39.871+0800][3.179s][info][gc,phases   ] GC(116) Y: Young Generation (Collect Roots)
[2026-06-17T10:07:39.871+0800][3.179s][info][gc,phases   ] GC(116) Y: Pause Mark Start (Major) 0.005ms
[2026-06-17T10:07:39.872+0800][3.179s][info][gc,phases   ] GC(116) Y: Concurrent Mark 0.329ms
[2026-06-17T10:07:39.872+0800][3.179s][info][gc,phases   ] GC(116) Y: Pause Mark End 0.004ms
[2026-06-17T10:07:39.872+0800][3.179s][info][gc,phases   ] GC(116) Y: Concurrent Mark Free 0.000ms
[2026-06-17T10:07:39.872+0800][3.180s][info][gc,phases   ] GC(116) Y: Concurrent Reset Relocation Set 0.001ms
[2026-06-17T10:07:39.872+0800][3.180s][info][gc,reloc    ] GC(116) Y: Using tenuring threshold: 0 (Computed)
[2026-06-17T10:07:39.872+0800][3.180s][info][gc,phases   ] GC(116) Y: Concurrent Select Relocation Set 0.195ms
[2026-06-17T10:07:39.872+0800][3.180s][info][gc,phases   ] GC(116) Y: Pause Relocate Start 0.002ms
[2026-06-17T10:07:39.873+0800][3.180s][info][gc,phases   ] GC(116) Y: Concurrent Relocate 0.079ms
[2026-06-17T10:07:39.873+0800][3.180s][info][gc,alloc    ] GC(116) Y:                         Mark Start        Mark End      Relocate Start    Relocate End   
[2026-06-17T10:07:39.873+0800][3.180s][info][gc,alloc    ] GC(116) Y: Allocation Stalls:          1                1                1                1         
[2026-06-17T10:07:39.873+0800][3.180s][info][gc,load     ] GC(116) Y: Load: 0.41 (2%) / 0.44 (2%) / 0.49 (2%)
[2026-06-17T10:07:39.873+0800][3.180s][info][gc,mmu      ] GC(116) Y: MMU: 2ms/98.5%, 5ms/99.1%, 10ms/99.4%, 20ms/99.6%, 50ms/99.7%, 100ms/99.7%
[2026-06-17T10:07:39.873+0800][3.180s][info][gc,marking  ] GC(116) Y: Mark: 1 stripe(s), 1 proactive flush(es), 1 terminate flush(es), 0 completion(s), 0 continuation(s) 
[2026-06-17T10:07:39.873+0800][3.180s][info][gc,nmethod  ] GC(116) Y: NMethods: 70 registered, 6 unregistered
[2026-06-17T10:07:39.873+0800][3.181s][info][gc,metaspace] GC(116) Y: Metaspace: 0M used, 0M committed, 1088M reserved
[2026-06-17T10:07:39.873+0800][3.181s][info][gc,heap     ] GC(116) Y: Min Capacity: 64M(100%)
[2026-06-17T10:07:39.873+0800][3.181s][info][gc,heap     ] GC(116) Y: Max Capacity: 64M(100%)
[2026-06-17T10:07:39.873+0800][3.181s][info][gc,heap     ] GC(116) Y: Soft Max Capacity: 64M(100%)
[2026-06-17T10:07:39.873+0800][3.181s][info][gc,heap     ] GC(116) Y: Heap Statistics:
[2026-06-17T10:07:39.874+0800][3.181s][info][gc,heap     ] GC(116) Y:                Mark Start          Mark End        Relocate Start      Relocate End           High               Low         
[2026-06-17T10:07:39.874+0800][3.181s][info][gc,heap     ] GC(116) Y:  Capacity:       64M (100%)         64M (100%)         64M (100%)         64M (100%)         64M (100%)         64M (100%)   
[2026-06-17T10:07:39.874+0800][3.181s][info][gc,heap     ] GC(116) Y:      Free:        0M (0%)            0M (0%)            0M (0%)            0M (0%)            0M (0%)            0M (0%)     
[2026-06-17T10:07:39.874+0800][3.181s][info][gc,heap     ] GC(116) Y:      Used:       64M (100%)         64M (100%)         64M (100%)         64M (100%)         64M (100%)         64M (100%)   
[2026-06-17T10:07:39.874+0800][3.181s][info][gc,heap     ] GC(116) Y: Young Generation Statistics:
[2026-06-17T10:07:39.874+0800][3.181s][info][gc,heap     ] GC(116) Y:                Mark Start          Mark End        Relocate Start      Relocate End    
[2026-06-17T10:07:39.874+0800][3.182s][info][gc,heap     ] GC(116) Y:      Used:        0M (0%)            0M (0%)            0M (0%)            0M (0%)     
[2026-06-17T10:07:39.874+0800][3.182s][info][gc,heap     ] GC(116) Y:      Live:         -                 0M (0%)            0M (0%)            0M (0%)     
[2026-06-17T10:07:39.874+0800][3.182s][info][gc,heap     ] GC(116) Y:   Garbage:         -                 0M (0%)            0M (0%)            0M (0%)     
[2026-06-17T10:07:39.874+0800][3.182s][info][gc,heap     ] GC(116) Y: Allocated:         -                 0M (0%)            0M (0%)            0M (0%)     
[2026-06-17T10:07:39.874+0800][3.182s][info][gc,heap     ] GC(116) Y: Reclaimed:         -                  -                 0M (0%)            0M (0%)     
[2026-06-17T10:07:39.874+0800][3.182s][info][gc,heap     ] GC(116) Y:  Promoted:         -                  -                 0M (0%)            0M (0%)     
[2026-06-17T10:07:39.875+0800][3.182s][info][gc,heap     ] GC(116) Y: Compacted:         -                  -                  -                 0M (0%)     
[2026-06-17T10:07:39.875+0800][3.182s][info][gc,phases   ] GC(116) Y: Young Generation (Collect Roots) 64M(100%)->64M(100%) 0.001s
[2026-06-17T10:07:39.875+0800][3.182s][info][gc,phases   ] GC(116) O: Old Generation
[2026-06-17T10:07:39.876+0800][3.183s][info][gc,phases   ] GC(116) O: Concurrent Mark 0.821ms
[2026-06-17T10:07:39.876+0800][3.183s][info][gc,phases   ] GC(116) O: Pause Mark End 0.004ms
[2026-06-17T10:07:39.876+0800][3.183s][info][gc,phases   ] GC(116) O: Concurrent Mark Free 0.000ms
[2026-06-17T10:07:39.876+0800][3.183s][info][gc,ref      ] GC(116) O: Clearing All SoftReferences
[2026-06-17T10:07:39.876+0800][3.184s][info][gc,phases   ] GC(116) O: Concurrent Process Non-Strong 0.275ms
[2026-06-17T10:07:39.876+0800][3.184s][info][gc,phases   ] GC(116) O: Concurrent Reset Relocation Set 0.001ms
[2026-06-17T10:07:39.876+0800][3.184s][info][gc,phases   ] GC(116) O: Concurrent Select Relocation Set 0.031ms
[2026-06-17T10:07:39.876+0800][3.184s][info][gc,task     ] GC(116) O: Using 1 Workers for Old Generation
[2026-06-17T10:07:39.877+0800][3.184s][info][gc,task     ] GC(116) O: Using 1 Workers for Old Generation
[2026-06-17T10:07:39.877+0800][3.184s][info][gc,phases   ] GC(116) O: Concurrent Remap Roots 0.261ms
[2026-06-17T10:07:39.877+0800][3.184s][info][gc,phases   ] GC(116) O: Pause Relocate Start 0.004ms
[2026-06-17T10:07:39.877+0800][3.184s][info][gc,phases   ] GC(116) O: Concurrent Relocate 0.055ms
[2026-06-17T10:07:39.877+0800][3.184s][info][gc,alloc    ] GC(116) O:                         Mark Start        Mark End      Relocate Start    Relocate End   
[2026-06-17T10:07:39.877+0800][3.185s][info][gc,alloc    ] GC(116) O: Allocation Stalls:          1                1                1                1         
[2026-06-17T10:07:39.877+0800][3.185s][info][gc,load     ] GC(116) O: Load: 0.41 (2%) / 0.44 (2%) / 0.49 (2%)
[2026-06-17T10:07:39.877+0800][3.185s][info][gc,mmu      ] GC(116) O: MMU: 2ms/98.5%, 5ms/99.1%, 10ms/99.4%, 20ms/99.6%, 50ms/99.7%, 100ms/99.7%
[2026-06-17T10:07:39.877+0800][3.185s][info][gc,marking  ] GC(116) O: Mark: 1 stripe(s), 1 proactive flush(es), 1 terminate flush(es), 0 completion(s), 0 continuation(s) 
[2026-06-17T10:07:39.878+0800][3.185s][info][gc,nmethod  ] GC(116) O: NMethods: 70 registered, 6 unregistered
[2026-06-17T10:07:39.878+0800][3.185s][info][gc,metaspace] GC(116) O: Metaspace: 0M used, 0M committed, 1088M reserved
[2026-06-17T10:07:39.878+0800][3.185s][info][gc,ref      ] GC(116) O:                       Encountered   Discovered     Enqueued 
[2026-06-17T10:07:39.878+0800][3.185s][info][gc,ref      ] GC(116) O: Soft References:                0            0            0 
[2026-06-17T10:07:39.878+0800][3.185s][info][gc,ref      ] GC(116) O: Weak References:                6            0            0 
[2026-06-17T10:07:39.878+0800][3.185s][info][gc,ref      ] GC(116) O: Final References:               0            0            0 
[2026-06-17T10:07:39.878+0800][3.185s][info][gc,ref      ] GC(116) O: Phantom References:             1            1            0 
[2026-06-17T10:07:39.878+0800][3.185s][info][gc,reloc    ] GC(116) O:                        Candidates     Selected     In-Place         Size        Empty    Relocated 
[2026-06-17T10:07:39.878+0800][3.186s][info][gc,reloc    ] GC(116) O: Small Pages:                    4            0            0           8M           0M           0M 
[2026-06-17T10:07:39.878+0800][3.186s][info][gc,reloc    ] GC(116) O: Large Pages:                   28            0            0          56M           0M           0M 
[2026-06-17T10:07:39.878+0800][3.186s][info][gc,reloc    ] GC(116) O: Forwarding Usage: 0M
[2026-06-17T10:07:39.878+0800][3.186s][info][gc,heap     ] GC(116) O: Min Capacity: 64M(100%)
[2026-06-17T10:07:39.878+0800][3.186s][info][gc,heap     ] GC(116) O: Max Capacity: 64M(100%)
[2026-06-17T10:07:39.878+0800][3.186s][info][gc,heap     ] GC(116) O: Soft Max Capacity: 64M(100%)
[2026-06-17T10:07:39.879+0800][3.186s][info][gc,heap     ] GC(116) O: Heap Statistics:
[2026-06-17T10:07:39.879+0800][3.186s][info][gc,heap     ] GC(116) O:                Mark Start          Mark End        Relocate Start      Relocate End           High               Low         
[2026-06-17T10:07:39.879+0800][3.186s][info][gc,heap     ] GC(116) O:  Capacity:       64M (100%)         64M (100%)         64M (100%)         64M (100%)         64M (100%)         64M (100%)   
[2026-06-17T10:07:39.879+0800][3.186s][info][gc,heap     ] GC(116) O:      Free:        0M (0%)            0M (0%)            0M (0%)            0M (0%)            0M (0%)            0M (0%)     
[2026-06-17T10:07:39.879+0800][3.186s][info][gc,heap     ] GC(116) O:      Used:       64M (100%)         64M (100%)         64M (100%)         64M (100%)         64M (100%)         64M (100%)   
[2026-06-17T10:07:39.879+0800][3.186s][info][gc,heap     ] GC(116) O: Old Generation Statistics:
[2026-06-17T10:07:39.879+0800][3.186s][info][gc,heap     ] GC(116) O:                Mark Start          Mark End        Relocate Start      Relocate End    
[2026-06-17T10:07:39.879+0800][3.186s][info][gc,heap     ] GC(116) O:      Used:       64M (100%)         64M (100%)         64M (100%)         64M (100%)   
[2026-06-17T10:07:39.879+0800][3.187s][info][gc,heap     ] GC(116) O:      Live:         -                63M (99%)          63M (99%)          63M (99%)    
[2026-06-17T10:07:39.879+0800][3.187s][info][gc,heap     ] GC(116) O:   Garbage:         -                 0M (1%)            0M (1%)            0M (1%)     
[2026-06-17T10:07:39.879+0800][3.187s][info][gc,heap     ] GC(116) O: Allocated:         -                 0M (0%)            0M (0%)            0M (0%)     
[2026-06-17T10:07:39.879+0800][3.187s][info][gc,heap     ] GC(116) O: Reclaimed:         -                  -                 0M (0%)            0M (0%)     
[2026-06-17T10:07:39.879+0800][3.187s][info][gc,heap     ] GC(116) O: Compacted:         -                  -                  -                 0M (0%)     
[2026-06-17T10:07:39.880+0800][3.187s][info][gc,phases   ] GC(116) O: Old Generation 64M(100%)->64M(100%) 0.002s
[2026-06-17T10:07:39.880+0800][3.187s][info][gc          ] GC(116) Major Collection (Allocation Stall) 64M(100%)->64M(100%) 0.013s
[2026-06-17T10:07:39.880+0800][3.187s][info][gc          ] Allocation Stall (main) 27.673ms
[2026-06-17T10:07:39.880+0800][3.187s][info][gc          ] Out Of Memory (main)
[2026-06-17T10:07:39.880+0800][3.187s][info][gc          ] GC(117) Minor Collection (Allocation Stall)
[2026-06-17T10:07:39.880+0800][3.188s][info][gc,task     ] GC(117) Using 1 Workers for Young Generation
[2026-06-17T10:07:39.880+0800][3.188s][info][gc,phases   ] GC(117) y: Young Generation
[2026-06-17T10:07:39.880+0800][3.188s][info][gc,phases   ] GC(117) y: Pause Mark Start 0.005ms
[2026-06-17T10:07:39.881+0800][3.188s][info][gc,phases   ] GC(117) y: Concurrent Mark 0.341ms
[2026-06-17T10:07:39.881+0800][3.188s][info][gc,phases   ] GC(117) y: Pause Mark End 0.003ms
[2026-06-17T10:07:39.881+0800][3.188s][info][gc,phases   ] GC(117) y: Concurrent Mark Free 0.000ms
[2026-06-17T10:07:39.881+0800][3.188s][info][gc,phases   ] GC(117) y: Concurrent Reset Relocation Set 0.000ms
[2026-06-17T10:07:39.881+0800][3.188s][info][gc,reloc    ] GC(117) y: Using tenuring threshold: 0 (Computed)
[2026-06-17T10:07:39.881+0800][3.189s][info][gc,phases   ] GC(117) y: Concurrent Select Relocation Set 0.254ms
[2026-06-17T10:07:39.881+0800][3.189s][info][gc,phases   ] GC(117) y: Pause Relocate Start 0.003ms
[2026-06-17T10:07:39.882+0800][3.189s][info][gc,phases   ] GC(117) y: Concurrent Relocate 0.079ms
[2026-06-17T10:07:39.882+0800][3.189s][info][gc,alloc    ] GC(117) y:                         Mark Start        Mark End      Relocate Start    Relocate End   
[2026-06-17T10:07:39.882+0800][3.189s][info][gc,alloc    ] GC(117) y: Allocation Stalls:          1                1                1                1         
[2026-06-17T10:07:39.882+0800][3.189s][info][gc,load     ] GC(117) y: Load: 0.41 (2%) / 0.44 (2%) / 0.49 (2%)
[2026-06-17T10:07:39.882+0800][3.189s][info][gc,mmu      ] GC(117) y: MMU: 2ms/98.5%, 5ms/99.1%, 10ms/99.4%, 20ms/99.6%, 50ms/99.7%, 100ms/99.7%
[2026-06-17T10:07:39.882+0800][3.189s][info][gc,marking  ] GC(117) y: Mark: 1 stripe(s), 1 proactive flush(es), 1 terminate flush(es), 0 completion(s), 0 continuation(s) 
[2026-06-17T10:07:39.882+0800][3.189s][info][gc,nmethod  ] GC(117) y: NMethods: 70 registered, 6 unregistered
[2026-06-17T10:07:39.882+0800][3.189s][info][gc,metaspace] GC(117) y: Metaspace: 0M used, 0M committed, 1088M reserved
[2026-06-17T10:07:39.882+0800][3.190s][info][gc,heap     ] GC(117) y: Min Capacity: 64M(100%)
[2026-06-17T10:07:39.882+0800][3.190s][info][gc,heap     ] GC(117) y: Max Capacity: 64M(100%)
[2026-06-17T10:07:39.882+0800][3.190s][info][gc,heap     ] GC(117) y: Soft Max Capacity: 64M(100%)
[2026-06-17T10:07:39.882+0800][3.190s][info][gc,heap     ] GC(117) y: Heap Statistics:
[2026-06-17T10:07:39.882+0800][3.190s][info][gc,heap     ] GC(117) y:                Mark Start          Mark End        Relocate Start      Relocate End           High               Low         
[2026-06-17T10:07:39.882+0800][3.190s][info][gc,heap     ] GC(117) y:  Capacity:       64M (100%)         64M (100%)         64M (100%)         64M (100%)         64M (100%)         64M (100%)   
[2026-06-17T10:07:39.883+0800][3.190s][info][gc,heap     ] GC(117) y:      Free:        0M (0%)            0M (0%)            0M (0%)            0M (0%)            0M (0%)            0M (0%)     
[2026-06-17T10:07:39.883+0800][3.190s][info][gc,heap     ] GC(117) y:      Used:       64M (100%)         64M (100%)         64M (100%)         64M (100%)         64M (100%)         64M (100%)   
[2026-06-17T10:07:39.883+0800][3.190s][info][gc,heap     ] GC(117) y: Young Generation Statistics:
[2026-06-17T10:07:39.883+0800][3.190s][info][gc,heap     ] GC(117) y:                Mark Start          Mark End        Relocate Start      Relocate End    
[2026-06-17T10:07:39.883+0800][3.190s][info][gc,heap     ] GC(117) y:      Used:        0M (0%)            0M (0%)            0M (0%)            0M (0%)     
[2026-06-17T10:07:39.883+0800][3.190s][info][gc,heap     ] GC(117) y:      Live:         -                 0M (0%)            0M (0%)            0M (0%)     
[2026-06-17T10:07:39.883+0800][3.190s][info][gc,heap     ] GC(117) y:   Garbage:         -                 0M (0%)            0M (0%)            0M (0%)     
[2026-06-17T10:07:39.883+0800][3.190s][info][gc,heap     ] GC(117) y: Allocated:         -                 0M (0%)            0M (0%)            0M (0%)     
[2026-06-17T10:07:39.883+0800][3.190s][info][gc,heap     ] GC(117) y: Reclaimed:         -                  -                 0M (0%)            0M (0%)     
[2026-06-17T10:07:39.883+0800][3.191s][info][gc,heap     ] GC(117) y:  Promoted:         -                  -                 0M (0%)            0M (0%)     
[2026-06-17T10:07:39.883+0800][3.191s][info][gc,heap     ] GC(117) y: Compacted:         -                  -                  -                 0M (0%)     
[2026-06-17T10:07:39.883+0800][3.191s][info][gc,phases   ] GC(117) y: Young Generation 64M(100%)->64M(100%) 0.002s
[2026-06-17T10:07:39.883+0800][3.191s][info][gc          ] GC(117) Minor Collection (Allocation Stall) 64M(100%)->64M(100%) 0.003s
[2026-06-17T10:07:39.883+0800][3.191s][info][gc          ] GC(118) Major Collection (Allocation Stall)
[2026-06-17T10:07:39.883+0800][3.191s][info][gc,task     ] GC(118) Using 1 Workers for Young Generation
[2026-06-17T10:07:39.884+0800][3.191s][info][gc,task     ] GC(118) Using 1 Workers for Old Generation
[2026-06-17T10:07:39.884+0800][3.191s][info][gc,phases   ] GC(118) Y: Young Generation (Promote All)
[2026-06-17T10:07:39.884+0800][3.191s][info][gc,phases   ] GC(118) Y: Pause Mark Start 0.004ms
[2026-06-17T10:07:39.884+0800][3.192s][info][gc,phases   ] GC(118) Y: Concurrent Mark 0.327ms
[2026-06-17T10:07:39.884+0800][3.192s][info][gc,phases   ] GC(118) Y: Pause Mark End 0.010ms
[2026-06-17T10:07:39.884+0800][3.192s][info][gc,phases   ] GC(118) Y: Concurrent Mark Free 0.000ms
[2026-06-17T10:07:39.884+0800][3.192s][info][gc,phases   ] GC(118) Y: Concurrent Reset Relocation Set 0.000ms
[2026-06-17T10:07:39.885+0800][3.192s][info][gc,reloc    ] GC(118) Y: Using tenuring threshold: 0 (Promote All)
[2026-06-17T10:07:39.885+0800][3.192s][info][gc,phases   ] GC(118) Y: Concurrent Select Relocation Set 0.165ms
[2026-06-17T10:07:39.885+0800][3.192s][info][gc,phases   ] GC(118) Y: Pause Relocate Start 0.003ms
[2026-06-17T10:07:39.885+0800][3.192s][info][gc,phases   ] GC(118) Y: Concurrent Relocate 0.079ms
[2026-06-17T10:07:39.885+0800][3.192s][info][gc,alloc    ] GC(118) Y:                         Mark Start        Mark End      Relocate Start    Relocate End   
[2026-06-17T10:07:39.885+0800][3.193s][info][gc,alloc    ] GC(118) Y: Allocation Stalls:          1                1                1                1         
[2026-06-17T10:07:39.885+0800][3.193s][info][gc,load     ] GC(118) Y: Load: 0.41 (2%) / 0.44 (2%) / 0.49 (2%)
[2026-06-17T10:07:39.885+0800][3.193s][info][gc,mmu      ] GC(118) Y: MMU: 2ms/98.5%, 5ms/99.1%, 10ms/99.4%, 20ms/99.6%, 50ms/99.7%, 100ms/99.7%
[2026-06-17T10:07:39.885+0800][3.193s][info][gc,marking  ] GC(118) Y: Mark: 1 stripe(s), 1 proactive flush(es), 1 terminate flush(es), 0 completion(s), 0 continuation(s) 
[2026-06-17T10:07:39.885+0800][3.193s][info][gc,nmethod  ] GC(118) Y: NMethods: 70 registered, 6 unregistered
[2026-06-17T10:07:39.886+0800][3.193s][info][gc,metaspace] GC(118) Y: Metaspace: 0M used, 0M committed, 1088M reserved
[2026-06-17T10:07:39.886+0800][3.193s][info][gc,heap     ] GC(118) Y: Min Capacity: 64M(100%)
[2026-06-17T10:07:39.886+0800][3.193s][info][gc,heap     ] GC(118) Y: Max Capacity: 64M(100%)
[2026-06-17T10:07:39.886+0800][3.193s][info][gc,heap     ] GC(118) Y: Soft Max Capacity: 64M(100%)
[2026-06-17T10:07:39.886+0800][3.193s][info][gc,heap     ] GC(118) Y: Heap Statistics:
[2026-06-17T10:07:39.886+0800][3.193s][info][gc,heap     ] GC(118) Y:                Mark Start          Mark End        Relocate Start      Relocate End           High               Low         
[2026-06-17T10:07:39.886+0800][3.193s][info][gc,heap     ] GC(118) Y:  Capacity:       64M (100%)         64M (100%)         64M (100%)         64M (100%)         64M (100%)         64M (100%)   
[2026-06-17T10:07:39.886+0800][3.194s][info][gc,heap     ] GC(118) Y:      Free:        0M (0%)            0M (0%)            0M (0%)            0M (0%)            0M (0%)            0M (0%)     
[2026-06-17T10:07:39.886+0800][3.194s][info][gc,heap     ] GC(118) Y:      Used:       64M (100%)         64M (100%)         64M (100%)         64M (100%)         64M (100%)         64M (100%)   
[2026-06-17T10:07:39.886+0800][3.194s][info][gc,heap     ] GC(118) Y: Young Generation Statistics:
[2026-06-17T10:07:39.886+0800][3.194s][info][gc,heap     ] GC(118) Y:                Mark Start          Mark End        Relocate Start      Relocate End    
[2026-06-17T10:07:39.887+0800][3.194s][info][gc,heap     ] GC(118) Y:      Used:        0M (0%)            0M (0%)            0M (0%)            0M (0%)     
[2026-06-17T10:07:39.887+0800][3.194s][info][gc,heap     ] GC(118) Y:      Live:         -                 0M (0%)            0M (0%)            0M (0%)     
[2026-06-17T10:07:39.887+0800][3.194s][info][gc,heap     ] GC(118) Y:   Garbage:         -                 0M (0%)            0M (0%)            0M (0%)     
[2026-06-17T10:07:39.887+0800][3.194s][info][gc,heap     ] GC(118) Y: Allocated:         -                 0M (0%)            0M (0%)            0M (0%)     
[2026-06-17T10:07:39.887+0800][3.194s][info][gc,heap     ] GC(118) Y: Reclaimed:         -                  -                 0M (0%)            0M (0%)     
[2026-06-17T10:07:39.887+0800][3.194s][info][gc,heap     ] GC(118) Y:  Promoted:         -                  -                 0M (0%)            0M (0%)     
[2026-06-17T10:07:39.887+0800][3.194s][info][gc,heap     ] GC(118) Y: Compacted:         -                  -                  -                 0M (0%)     
[2026-06-17T10:07:39.887+0800][3.194s][info][gc,phases   ] GC(118) Y: Young Generation (Promote All) 64M(100%)->64M(100%) 0.001s
[2026-06-17T10:07:39.887+0800][3.194s][info][gc,phases   ] GC(118) Y: Young Generation (Collect Roots)
[2026-06-17T10:07:39.887+0800][3.195s][info][gc,phases   ] GC(118) Y: Pause Mark Start (Major) 0.005ms
[2026-06-17T10:07:39.888+0800][3.195s][info][gc,phases   ] GC(118) Y: Concurrent Mark 0.297ms
[2026-06-17T10:07:39.888+0800][3.195s][info][gc,phases   ] GC(118) Y: Pause Mark End 0.003ms
[2026-06-17T10:07:39.888+0800][3.195s][info][gc,phases   ] GC(118) Y: Concurrent Mark Free 0.000ms
[2026-06-17T10:07:39.888+0800][3.195s][info][gc,phases   ] GC(118) Y: Concurrent Reset Relocation Set 0.000ms
[2026-06-17T10:07:39.888+0800][3.195s][info][gc,reloc    ] GC(118) Y: Using tenuring threshold: 0 (Computed)
[2026-06-17T10:07:39.888+0800][3.196s][info][gc,phases   ] GC(118) Y: Concurrent Select Relocation Set 0.221ms
[2026-06-17T10:07:39.888+0800][3.196s][info][gc,phases   ] GC(118) Y: Pause Relocate Start 0.002ms
[2026-06-17T10:07:39.888+0800][3.196s][info][gc,phases   ] GC(118) Y: Concurrent Relocate 0.080ms
[2026-06-17T10:07:39.888+0800][3.196s][info][gc,alloc    ] GC(118) Y:                         Mark Start        Mark End      Relocate Start    Relocate End   
[2026-06-17T10:07:39.889+0800][3.196s][info][gc,alloc    ] GC(118) Y: Allocation Stalls:          1                1                1                1         
[2026-06-17T10:07:39.889+0800][3.196s][info][gc,load     ] GC(118) Y: Load: 0.41 (2%) / 0.44 (2%) / 0.49 (2%)
[2026-06-17T10:07:39.889+0800][3.196s][info][gc,mmu      ] GC(118) Y: MMU: 2ms/98.5%, 5ms/99.1%, 10ms/99.4%, 20ms/99.6%, 50ms/99.7%, 100ms/99.7%
[2026-06-17T10:07:39.889+0800][3.196s][info][gc,marking  ] GC(118) Y: Mark: 1 stripe(s), 1 proactive flush(es), 1 terminate flush(es), 0 completion(s), 0 continuation(s) 
[2026-06-17T10:07:39.889+0800][3.196s][info][gc,nmethod  ] GC(118) Y: NMethods: 70 registered, 6 unregistered
[2026-06-17T10:07:39.889+0800][3.196s][info][gc,metaspace] GC(118) Y: Metaspace: 0M used, 0M committed, 1088M reserved
[2026-06-17T10:07:39.889+0800][3.196s][info][gc,heap     ] GC(118) Y: Min Capacity: 64M(100%)
[2026-06-17T10:07:39.889+0800][3.196s][info][gc,heap     ] GC(118) Y: Max Capacity: 64M(100%)
[2026-06-17T10:07:39.889+0800][3.197s][info][gc,heap     ] GC(118) Y: Soft Max Capacity: 64M(100%)
[2026-06-17T10:07:39.889+0800][3.197s][info][gc,heap     ] GC(118) Y: Heap Statistics:
[2026-06-17T10:07:39.889+0800][3.197s][info][gc,heap     ] GC(118) Y:                Mark Start          Mark End        Relocate Start      Relocate End           High               Low         
[2026-06-17T10:07:39.889+0800][3.197s][info][gc,heap     ] GC(118) Y:  Capacity:       64M (100%)         64M (100%)         64M (100%)         64M (100%)         64M (100%)         64M (100%)   
[2026-06-17T10:07:39.889+0800][3.197s][info][gc,heap     ] GC(118) Y:      Free:        0M (0%)            0M (0%)            0M (0%)            0M (0%)            0M (0%)            0M (0%)     
[2026-06-17T10:07:39.889+0800][3.197s][info][gc,heap     ] GC(118) Y:      Used:       64M (100%)         64M (100%)         64M (100%)         64M (100%)         64M (100%)         64M (100%)   
[2026-06-17T10:07:39.890+0800][3.197s][info][gc,heap     ] GC(118) Y: Young Generation Statistics:
[2026-06-17T10:07:39.890+0800][3.197s][info][gc,heap     ] GC(118) Y:                Mark Start          Mark End        Relocate Start      Relocate End    
[2026-06-17T10:07:39.890+0800][3.197s][info][gc,heap     ] GC(118) Y:      Used:        0M (0%)            0M (0%)            0M (0%)            0M (0%)     
[2026-06-17T10:07:39.890+0800][3.197s][info][gc,heap     ] GC(118) Y:      Live:         -                 0M (0%)            0M (0%)            0M (0%)     
[2026-06-17T10:07:39.890+0800][3.197s][info][gc,heap     ] GC(118) Y:   Garbage:         -                 0M (0%)            0M (0%)            0M (0%)     
[2026-06-17T10:07:39.890+0800][3.197s][info][gc,heap     ] GC(118) Y: Allocated:         -                 0M (0%)            0M (0%)            0M (0%)     
[2026-06-17T10:07:39.890+0800][3.197s][info][gc,heap     ] GC(118) Y: Reclaimed:         -                  -                 0M (0%)            0M (0%)     
[2026-06-17T10:07:39.890+0800][3.197s][info][gc,heap     ] GC(118) Y:  Promoted:         -                  -                 0M (0%)            0M (0%)     
[2026-06-17T10:07:39.890+0800][3.198s][info][gc,heap     ] GC(118) Y: Compacted:         -                  -                  -                 0M (0%)     
[2026-06-17T10:07:39.890+0800][3.198s][info][gc,phases   ] GC(118) Y: Young Generation (Collect Roots) 64M(100%)->64M(100%) 0.001s
[2026-06-17T10:07:39.890+0800][3.198s][info][gc,phases   ] GC(118) O: Old Generation
[2026-06-17T10:07:39.891+0800][3.199s][info][gc,phases   ] GC(118) O: Concurrent Mark 0.872ms
[2026-06-17T10:07:39.891+0800][3.199s][info][gc,phases   ] GC(118) O: Pause Mark End 0.004ms
[2026-06-17T10:07:39.892+0800][3.199s][info][gc,phases   ] GC(118) O: Concurrent Mark Free 0.001ms
[2026-06-17T10:07:39.892+0800][3.199s][info][gc,ref      ] GC(118) O: Clearing All SoftReferences
[2026-06-17T10:07:39.892+0800][3.199s][info][gc,phases   ] GC(118) O: Concurrent Process Non-Strong 0.330ms
[2026-06-17T10:07:39.892+0800][3.200s][info][gc,phases   ] GC(118) O: Concurrent Reset Relocation Set 0.001ms
[2026-06-17T10:07:39.892+0800][3.200s][info][gc          ] Allocation Stall (main) 12.249ms
[2026-06-17T10:07:39.892+0800][3.200s][info][gc,phases   ] GC(118) O: Concurrent Select Relocation Set 0.064ms
[2026-06-17T10:07:39.892+0800][3.200s][info][gc,task     ] GC(118) O: Using 1 Workers for Old Generation
[2026-06-17T10:07:39.893+0800][3.200s][info][gc,task     ] GC(118) O: Using 1 Workers for Old Generation
[2026-06-17T10:07:39.893+0800][3.200s][info][gc,phases   ] GC(118) O: Concurrent Remap Roots 0.289ms
[2026-06-17T10:07:39.893+0800][3.200s][info][gc,phases   ] GC(118) O: Pause Relocate Start 0.004ms
[2026-06-17T10:07:39.893+0800][3.200s][info][gc,phases   ] GC(118) O: Concurrent Relocate 0.055ms
[2026-06-17T10:07:39.893+0800][3.200s][info][gc,alloc    ] GC(118) O:                         Mark Start        Mark End      Relocate Start    Relocate End   
[2026-06-17T10:07:39.893+0800][3.201s][info][gc,alloc    ] GC(118) O: Allocation Stalls:          1                1                0                0         
[2026-06-17T10:07:39.893+0800][3.201s][info][gc,load     ] GC(118) O: Load: 0.41 (2%) / 0.44 (2%) / 0.49 (2%)
[2026-06-17T10:07:39.893+0800][3.201s][info][gc,mmu      ] GC(118) O: MMU: 2ms/98.5%, 5ms/99.1%, 10ms/99.4%, 20ms/99.6%, 50ms/99.7%, 100ms/99.7%
[2026-06-17T10:07:39.894+0800][3.201s][info][gc,marking  ] GC(118) O: Mark: 1 stripe(s), 1 proactive flush(es), 1 terminate flush(es), 0 completion(s), 0 continuation(s) 
[2026-06-17T10:07:39.894+0800][3.201s][info][gc,nmethod  ] GC(118) O: NMethods: 71 registered, 6 unregistered
[2026-06-17T10:07:39.894+0800][3.202s][info][gc,metaspace] GC(118) O: Metaspace: 0M used, 0M committed, 1088M reserved
[2026-06-17T10:07:39.894+0800][3.202s][info][gc,ref      ] GC(118) O:                       Encountered   Discovered     Enqueued 
[2026-06-17T10:07:39.894+0800][3.202s][info][gc,ref      ] GC(118) O: Soft References:                0            0            0 
[2026-06-17T10:07:39.894+0800][3.202s][info][gc,ref      ] GC(118) O: Weak References:                6            0            0 
[2026-06-17T10:07:39.895+0800][3.202s][info][gc,ref      ] GC(118) O: Final References:               0            0            0 
[2026-06-17T10:07:39.895+0800][3.202s][info][gc,ref      ] GC(118) O: Phantom References:             1            1            0 
[2026-06-17T10:07:39.895+0800][3.202s][info][gc,reloc    ] GC(118) O:                        Candidates     Selected     In-Place         Size        Empty    Relocated 
[2026-06-17T10:07:39.895+0800][3.202s][info][gc,reloc    ] GC(118) O: Small Pages:                    4            0            0           8M           0M           0M 
[2026-06-17T10:07:39.895+0800][3.202s][info][gc,reloc    ] GC(118) O: Large Pages:                   28            0            0          56M           8M           0M 
[2026-06-17T10:07:39.895+0800][3.202s][info][gc,reloc    ] GC(118) O: Forwarding Usage: 0M
[2026-06-17T10:07:39.895+0800][3.202s][info][gc,heap     ] GC(118) O: Min Capacity: 64M(100%)
[2026-06-17T10:07:39.895+0800][3.203s][info][gc,heap     ] GC(118) O: Max Capacity: 64M(100%)
[2026-06-17T10:07:39.895+0800][3.203s][info][gc,heap     ] GC(118) O: Soft Max Capacity: 64M(100%)
[2026-06-17T10:07:39.895+0800][3.203s][info][gc,heap     ] GC(118) O: Heap Statistics:
[2026-06-17T10:07:39.895+0800][3.203s][info][gc,heap     ] GC(118) O:                Mark Start          Mark End        Relocate Start      Relocate End           High               Low         
[2026-06-17T10:07:39.895+0800][3.203s][info][gc,heap     ] GC(118) O:  Capacity:       64M (100%)         64M (100%)         64M (100%)         64M (100%)         64M (100%)         64M (100%)   
[2026-06-17T10:07:39.895+0800][3.203s][info][gc,heap     ] GC(118) O:      Free:        0M (0%)            0M (0%)            6M (9%)            6M (9%)            8M (12%)           0M (0%)     
[2026-06-17T10:07:39.896+0800][3.203s][info][gc,heap     ] GC(118) O:      Used:       64M (100%)         64M (100%)         58M (91%)          58M (91%)          64M (100%)         56M (88%)    
[2026-06-17T10:07:39.896+0800][3.203s][info][gc,heap     ] GC(118) O: Old Generation Statistics:
[2026-06-17T10:07:39.896+0800][3.203s][info][gc,heap     ] GC(118) O:                Mark Start          Mark End        Relocate Start      Relocate End    
[2026-06-17T10:07:39.896+0800][3.203s][info][gc,heap     ] GC(118) O:      Used:       64M (100%)         64M (100%)         56M (88%)          56M (88%)    
[2026-06-17T10:07:39.896+0800][3.203s][info][gc,heap     ] GC(118) O:      Live:         -                54M (85%)          54M (85%)          54M (85%)    
[2026-06-17T10:07:39.896+0800][3.203s][info][gc,heap     ] GC(118) O:   Garbage:         -                 9M (15%)           1M (2%)            1M (2%)     
[2026-06-17T10:07:39.896+0800][3.203s][info][gc,heap     ] GC(118) O: Allocated:         -                 0M (0%)            0M (0%)            0M (0%)     
[2026-06-17T10:07:39.896+0800][3.203s][info][gc,heap     ] GC(118) O: Reclaimed:         -                  -                 8M (12%)           8M (12%)    
[2026-06-17T10:07:39.896+0800][3.204s][info][gc,heap     ] GC(118) O: Compacted:         -                  -                  -                 0M (0%)     
[2026-06-17T10:07:39.896+0800][3.204s][info][gc,phases   ] GC(118) O: Old Generation 64M(100%)->58M(91%) 0.003s
[2026-06-17T10:07:39.896+0800][3.204s][info][gc          ] GC(118) Major Collection (Allocation Stall) 64M(100%)->58M(91%) 0.013s
[2026-06-17T10:07:40.104+0800][3.412s][info][gc          ] GC(119) Major Collection (Allocation Rate)
[2026-06-17T10:07:40.106+0800][3.413s][info][gc,task     ] GC(119) Using 1 Workers for Young Generation
[2026-06-17T10:07:40.106+0800][3.414s][info][gc,task     ] GC(119) Using 1 Workers for Old Generation
[2026-06-17T10:07:40.107+0800][3.414s][info][gc,phases   ] GC(119) Y: Young Generation
[2026-06-17T10:07:40.108+0800][3.415s][info][gc,phases   ] GC(119) Y: Pause Mark Start (Major) 0.025ms
[2026-06-17T10:07:40.110+0800][3.417s][info][gc,phases   ] GC(119) Y: Concurrent Mark 1.439ms
[2026-06-17T10:07:40.111+0800][3.418s][info][gc,phases   ] GC(119) Y: Pause Mark End 0.013ms
[2026-06-17T10:07:40.111+0800][3.419s][info][gc,phases   ] GC(119) Y: Concurrent Mark Free 0.001ms
[2026-06-17T10:07:40.112+0800][3.419s][info][gc,phases   ] GC(119) Y: Concurrent Reset Relocation Set 0.001ms
[2026-06-17T10:07:40.112+0800][3.420s][info][gc,reloc    ] GC(119) Y: Using tenuring threshold: 0 (Computed)
[2026-06-17T10:07:40.113+0800][3.421s][info][gc,phases   ] GC(119) Y: Concurrent Select Relocation Set 0.764ms
[2026-06-17T10:07:40.113+0800][3.421s][info][gc,phases   ] GC(119) Y: Pause Relocate Start 0.009ms
[2026-06-17T10:07:40.114+0800][3.422s][info][gc,phases   ] GC(119) Y: Concurrent Relocate 0.195ms
[2026-06-17T10:07:40.115+0800][3.422s][info][gc,alloc    ] GC(119) Y:                         Mark Start        Mark End      Relocate Start    Relocate End   
[2026-06-17T10:07:40.115+0800][3.422s][info][gc,alloc    ] GC(119) Y: Allocation Stalls:          0                0                0                0         
[2026-06-17T10:07:40.115+0800][3.422s][info][gc,load     ] GC(119) Y: Load: 0.41 (2%) / 0.44 (2%) / 0.49 (2%)
[2026-06-17T10:07:40.115+0800][3.423s][info][gc,mmu      ] GC(119) Y: MMU: 2ms/98.5%, 5ms/99.1%, 10ms/99.4%, 20ms/99.6%, 50ms/99.7%, 100ms/99.7%
[2026-06-17T10:07:40.116+0800][3.423s][info][gc,marking  ] GC(119) Y: Mark: 1 stripe(s), 1 proactive flush(es), 1 terminate flush(es), 0 completion(s), 0 continuation(s) 
[2026-06-17T10:07:40.116+0800][3.423s][info][gc,nmethod  ] GC(119) Y: NMethods: 71 registered, 6 unregistered
[2026-06-17T10:07:40.116+0800][3.424s][info][gc,metaspace] GC(119) Y: Metaspace: 0M used, 0M committed, 1088M reserved
[2026-06-17T10:07:40.116+0800][3.424s][info][gc,reloc    ] GC(119) Y:                        Candidates     Selected     In-Place         Size        Empty    Relocated 
[2026-06-17T10:07:40.117+0800][3.424s][info][gc,reloc    ] GC(119) Y: Small Pages:                    2            0            0           4M           4M           0M 
[2026-06-17T10:07:40.117+0800][3.424s][info][gc,reloc    ] GC(119) Y: Large Pages:                    0            0            0           0M           0M           0M 
[2026-06-17T10:07:40.117+0800][3.425s][info][gc,reloc    ] GC(119) Y: Forwarding Usage: 0M
[2026-06-17T10:07:40.117+0800][3.425s][info][gc,reloc    ] GC(119) Y: Age Table:
[2026-06-17T10:07:40.117+0800][3.425s][info][gc,reloc    ] GC(119) Y:                    Live             Garbage             Small              Medium             Large        
[2026-06-17T10:07:40.118+0800][3.425s][info][gc,reloc    ] GC(119) Y: Eden                -                 4M (6%)           2 / 0              0 / 0              0 / 0        
[2026-06-17T10:07:40.118+0800][3.425s][info][gc,heap     ] GC(119) Y: Min Capacity: 64M(100%)
[2026-06-17T10:07:40.118+0800][3.425s][info][gc,heap     ] GC(119) Y: Max Capacity: 64M(100%)
[2026-06-17T10:07:40.118+0800][3.425s][info][gc,heap     ] GC(119) Y: Soft Max Capacity: 64M(100%)
[2026-06-17T10:07:40.118+0800][3.426s][info][gc,heap     ] GC(119) Y: Heap Statistics:
[2026-06-17T10:07:40.118+0800][3.426s][info][gc,heap     ] GC(119) Y:                Mark Start          Mark End        Relocate Start      Relocate End           High               Low         
[2026-06-17T10:07:40.118+0800][3.426s][info][gc,heap     ] GC(119) Y:  Capacity:       64M (100%)         64M (100%)         64M (100%)         64M (100%)         64M (100%)         64M (100%)   
[2026-06-17T10:07:40.119+0800][3.426s][info][gc,heap     ] GC(119) Y:      Free:        4M (6%)            4M (6%)            8M (12%)           8M (12%)           8M (12%)           4M (6%)     
[2026-06-17T10:07:40.119+0800][3.426s][info][gc,heap     ] GC(119) Y:      Used:       60M (94%)          60M (94%)          56M (88%)          56M (88%)          60M (94%)          56M (88%)    
[2026-06-17T10:07:40.119+0800][3.426s][info][gc,heap     ] GC(119) Y: Young Generation Statistics:
[2026-06-17T10:07:40.119+0800][3.426s][info][gc,heap     ] GC(119) Y:                Mark Start          Mark End        Relocate Start      Relocate End    
[2026-06-17T10:07:40.119+0800][3.426s][info][gc,heap     ] GC(119) Y:      Used:        4M (6%)            4M (6%)            0M (0%)            0M (0%)     
[2026-06-17T10:07:40.119+0800][3.426s][info][gc,heap     ] GC(119) Y:      Live:         -                 0M (0%)            0M (0%)            0M (0%)     
[2026-06-17T10:07:40.119+0800][3.427s][info][gc,heap     ] GC(119) Y:   Garbage:         -                 4M (6%)            0M (0%)            0M (0%)     
[2026-06-17T10:07:40.119+0800][3.427s][info][gc,heap     ] GC(119) Y: Allocated:         -                 0M (0%)            0M (0%)            0M (0%)     
[2026-06-17T10:07:40.119+0800][3.427s][info][gc,heap     ] GC(119) Y: Reclaimed:         -                  -                 4M (6%)            4M (6%)     
[2026-06-17T10:07:40.119+0800][3.427s][info][gc,heap     ] GC(119) Y:  Promoted:         -                  -                 0M (0%)            0M (0%)     
[2026-06-17T10:07:40.120+0800][3.427s][info][gc,heap     ] GC(119) Y: Compacted:         -                  -                  -                 0M (0%)     
[2026-06-17T10:07:40.120+0800][3.427s][info][gc,phases   ] GC(119) Y: Young Generation 60M(94%)->56M(88%) 0.008s
[2026-06-17T10:07:40.120+0800][3.427s][info][gc,phases   ] GC(119) O: Old Generation
[2026-06-17T10:07:40.121+0800][3.428s][info][gc,phases   ] GC(119) O: Concurrent Mark 1.197ms
[2026-06-17T10:07:40.121+0800][3.429s][info][gc,phases   ] GC(119) O: Pause Mark End 0.006ms
[2026-06-17T10:07:40.121+0800][3.429s][info][gc,phases   ] GC(119) O: Concurrent Mark Free 0.001ms
[2026-06-17T10:07:40.122+0800][3.429s][info][gc,phases   ] GC(119) O: Concurrent Process Non-Strong 0.290ms
[2026-06-17T10:07:40.122+0800][3.429s][info][gc,phases   ] GC(119) O: Concurrent Reset Relocation Set 0.000ms
[2026-06-17T10:07:40.122+0800][3.430s][info][gc,phases   ] GC(119) O: Concurrent Select Relocation Set 0.200ms
[2026-06-17T10:07:40.122+0800][3.430s][info][gc,task     ] GC(119) O: Using 1 Workers for Old Generation
[2026-06-17T10:07:40.123+0800][3.430s][info][gc,task     ] GC(119) O: Using 1 Workers for Old Generation
[2026-06-17T10:07:40.123+0800][3.430s][info][gc,phases   ] GC(119) O: Concurrent Remap Roots 0.391ms
[2026-06-17T10:07:40.123+0800][3.430s][info][gc,phases   ] GC(119) O: Pause Relocate Start 0.005ms
[2026-06-17T10:07:40.123+0800][3.431s][info][gc,phases   ] GC(119) O: Concurrent Relocate 0.363ms
[2026-06-17T10:07:40.123+0800][3.431s][info][gc,alloc    ] GC(119) O:                         Mark Start        Mark End      Relocate Start    Relocate End   
[2026-06-17T10:07:40.124+0800][3.431s][info][gc,alloc    ] GC(119) O: Allocation Stalls:          0                0                0                0         
[2026-06-17T10:07:40.124+0800][3.431s][info][gc,load     ] GC(119) O: Load: 0.41 (2%) / 0.44 (2%) / 0.49 (2%)
[2026-06-17T10:07:40.124+0800][3.431s][info][gc,mmu      ] GC(119) O: MMU: 2ms/98.5%, 5ms/99.1%, 10ms/99.4%, 20ms/99.6%, 50ms/99.7%, 100ms/99.7%
[2026-06-17T10:07:40.124+0800][3.431s][info][gc,marking  ] GC(119) O: Mark: 1 stripe(s), 2 proactive flush(es), 1 terminate flush(es), 0 completion(s), 0 continuation(s) 
[2026-06-17T10:07:40.124+0800][3.431s][info][gc,nmethod  ] GC(119) O: NMethods: 71 registered, 6 unregistered
[2026-06-17T10:07:40.124+0800][3.431s][info][gc,metaspace] GC(119) O: Metaspace: 0M used, 0M committed, 1088M reserved
[2026-06-17T10:07:40.124+0800][3.431s][info][gc,ref      ] GC(119) O:                       Encountered   Discovered     Enqueued 
[2026-06-17T10:07:40.124+0800][3.431s][info][gc,ref      ] GC(119) O: Soft References:                0            0            0 
[2026-06-17T10:07:40.124+0800][3.432s][info][gc,ref      ] GC(119) O: Weak References:                6            0            0 
[2026-06-17T10:07:40.124+0800][3.432s][info][gc,ref      ] GC(119) O: Final References:               0            0            0 
[2026-06-17T10:07:40.124+0800][3.432s][info][gc,ref      ] GC(119) O: Phantom References:             1            1            0 
[2026-06-17T10:07:40.124+0800][3.432s][info][gc,reloc    ] GC(119) O:                        Candidates     Selected     In-Place         Size        Empty    Relocated 
[2026-06-17T10:07:40.124+0800][3.432s][info][gc,reloc    ] GC(119) O: Small Pages:                    4            1            0           8M           2M           0M 
[2026-06-17T10:07:40.125+0800][3.432s][info][gc,reloc    ] GC(119) O: Large Pages:                   24            0            0          48M          30M           0M 
[2026-06-17T10:07:40.125+0800][3.432s][info][gc,reloc    ] GC(119) O: Forwarding Usage: 0M
[2026-06-17T10:07:40.125+0800][3.432s][info][gc,heap     ] GC(119) O: Min Capacity: 64M(100%)
[2026-06-17T10:07:40.125+0800][3.432s][info][gc,heap     ] GC(119) O: Max Capacity: 64M(100%)
[2026-06-17T10:07:40.125+0800][3.432s][info][gc,heap     ] GC(119) O: Soft Max Capacity: 64M(100%)
[2026-06-17T10:07:40.125+0800][3.432s][info][gc,heap     ] GC(119) O: Heap Statistics:
[2026-06-17T10:07:40.125+0800][3.433s][info][gc,heap     ] GC(119) O:                Mark Start          Mark End        Relocate Start      Relocate End           High               Low         
[2026-06-17T10:07:40.125+0800][3.433s][info][gc,heap     ] GC(119) O:  Capacity:       64M (100%)         64M (100%)         64M (100%)         64M (100%)         64M (100%)         64M (100%)   
[2026-06-17T10:07:40.125+0800][3.433s][info][gc,heap     ] GC(119) O:      Free:        4M (6%)            4M (6%)           36M (56%)          38M (59%)          38M (59%)           4M (6%)     
[2026-06-17T10:07:40.125+0800][3.433s][info][gc,heap     ] GC(119) O:      Used:       60M (94%)          60M (94%)          28M (44%)          26M (41%)          60M (94%)          26M (41%)    
[2026-06-17T10:07:40.125+0800][3.433s][info][gc,heap     ] GC(119) O: Old Generation Statistics:
[2026-06-17T10:07:40.126+0800][3.433s][info][gc,heap     ] GC(119) O:                Mark Start          Mark End        Relocate Start      Relocate End    
[2026-06-17T10:07:40.126+0800][3.433s][info][gc,heap     ] GC(119) O:      Used:       56M (88%)          56M (88%)          24M (38%)          22M (34%)    
[2026-06-17T10:07:40.126+0800][3.433s][info][gc,heap     ] GC(119) O:      Live:         -                20M (31%)          20M (31%)          20M (31%)    
[2026-06-17T10:07:40.126+0800][3.433s][info][gc,heap     ] GC(119) O:   Garbage:         -                35M (56%)           3M (6%)            0M (1%)     
[2026-06-17T10:07:40.126+0800][3.433s][info][gc,heap     ] GC(119) O: Allocated:         -                 0M (0%)            0M (0%)            1M (2%)     
[2026-06-17T10:07:40.126+0800][3.433s][info][gc,heap     ] GC(119) O: Reclaimed:         -                  -                32M (50%)          35M (55%)    
[2026-06-17T10:07:40.126+0800][3.433s][info][gc,heap     ] GC(119) O: Compacted:         -                  -                  -                 0M (1%)     
[2026-06-17T10:07:40.126+0800][3.433s][info][gc,phases   ] GC(119) O: Old Generation 60M(94%)->26M(41%) 0.004s
[2026-06-17T10:07:40.126+0800][3.434s][info][gc          ] GC(119) Major Collection (Allocation Rate) 60M(94%)->40M(62%) 0.022s
[2026-06-17T10:07:40.157+0800][3.464s][info][gc          ] GC(120) Major Collection (Allocation Rate)
[2026-06-17T10:07:40.158+0800][3.465s][info][gc,task     ] GC(120) Using 1 Workers for Young Generation
[2026-06-17T10:07:40.158+0800][3.466s][info][gc,task     ] GC(120) Using 1 Workers for Old Generation
[2026-06-17T10:07:40.159+0800][3.467s][info][gc,phases   ] GC(120) Y: Young Generation
[2026-06-17T10:07:40.160+0800][3.467s][info][gc,phases   ] GC(120) Y: Pause Mark Start (Major) 0.025ms
[2026-06-17T10:07:40.162+0800][3.469s][info][gc,phases   ] GC(120) Y: Concurrent Mark 1.182ms
[2026-06-17T10:07:40.162+0800][3.470s][info][gc,phases   ] GC(120) Y: Pause Mark End 0.011ms
[2026-06-17T10:07:40.163+0800][3.470s][info][gc,phases   ] GC(120) Y: Concurrent Mark Free 0.003ms
[2026-06-17T10:07:40.163+0800][3.470s][info][gc,phases   ] GC(120) Y: Concurrent Reset Relocation Set 0.001ms
[2026-06-17T10:07:40.163+0800][3.471s][info][gc,reloc    ] GC(120) Y: Using tenuring threshold: 1 (Computed)
[2026-06-17T10:07:40.164+0800][3.471s][info][gc,phases   ] GC(120) Y: Concurrent Select Relocation Set 0.489ms
[2026-06-17T10:07:40.164+0800][3.471s][info][gc,phases   ] GC(120) Y: Pause Relocate Start 0.009ms
[2026-06-17T10:07:40.165+0800][3.472s][info][gc,phases   ] GC(120) Y: Concurrent Relocate 0.382ms
[2026-06-17T10:07:40.165+0800][3.472s][info][gc,alloc    ] GC(120) Y:                         Mark Start        Mark End      Relocate Start    Relocate End   
[2026-06-17T10:07:40.165+0800][3.473s][info][gc,alloc    ] GC(120) Y: Allocation Stalls:          0                0                0                0         
[2026-06-17T10:07:40.165+0800][3.473s][info][gc,load     ] GC(120) Y: Load: 0.41 (2%) / 0.44 (2%) / 0.49 (2%)
[2026-06-17T10:07:40.166+0800][3.473s][info][gc,mmu      ] GC(120) Y: MMU: 2ms/98.5%, 5ms/99.1%, 10ms/99.4%, 20ms/99.6%, 50ms/99.7%, 100ms/99.7%
[2026-06-17T10:07:40.166+0800][3.473s][info][gc,marking  ] GC(120) Y: Mark: 1 stripe(s), 1 proactive flush(es), 1 terminate flush(es), 0 completion(s), 0 continuation(s) 
[2026-06-17T10:07:40.166+0800][3.474s][info][gc,nmethod  ] GC(120) Y: NMethods: 71 registered, 6 unregistered
[2026-06-17T10:07:40.166+0800][3.474s][info][gc,metaspace] GC(120) Y: Metaspace: 0M used, 0M committed, 1088M reserved
[2026-06-17T10:07:40.167+0800][3.474s][info][gc,reloc    ] GC(120) Y:                        Candidates     Selected     In-Place         Size        Empty    Relocated 
[2026-06-17T10:07:40.167+0800][3.474s][info][gc,reloc    ] GC(120) Y: Small Pages:                    9            3            0          18M          10M           0M 
[2026-06-17T10:07:40.167+0800][3.475s][info][gc,reloc    ] GC(120) Y: Large Pages:                   11            0            0          22M           0M           0M 
[2026-06-17T10:07:40.167+0800][3.475s][info][gc,reloc    ] GC(120) Y: Forwarding Usage: 0M
[2026-06-17T10:07:40.168+0800][3.475s][info][gc,reloc    ] GC(120) Y: Age Table:
[2026-06-17T10:07:40.168+0800][3.475s][info][gc,reloc    ] GC(120) Y:                    Live             Garbage             Small              Medium             Large        
[2026-06-17T10:07:40.168+0800][3.475s][info][gc,reloc    ] GC(120) Y: Eden              22M (36%)          17M (27%)          9 / 3              0 / 0             11 / 0        
[2026-06-17T10:07:40.168+0800][3.475s][info][gc,heap     ] GC(120) Y: Min Capacity: 64M(100%)
[2026-06-17T10:07:40.168+0800][3.476s][info][gc,heap     ] GC(120) Y: Max Capacity: 64M(100%)
[2026-06-17T10:07:40.168+0800][3.476s][info][gc,heap     ] GC(120) Y: Soft Max Capacity: 64M(100%)
[2026-06-17T10:07:40.169+0800][3.476s][info][gc,heap     ] GC(120) Y: Heap Statistics:
[2026-06-17T10:07:40.169+0800][3.476s][info][gc,heap     ] GC(120) Y:                Mark Start          Mark End        Relocate Start      Relocate End           High               Low         
[2026-06-17T10:07:40.169+0800][3.476s][info][gc,heap     ] GC(120) Y:  Capacity:       64M (100%)         64M (100%)         64M (100%)         64M (100%)         64M (100%)         64M (100%)   
[2026-06-17T10:07:40.169+0800][3.476s][info][gc,heap     ] GC(120) Y:      Free:        2M (3%)            2M (3%)           12M (19%)          18M (28%)          18M (28%)           2M (3%)     
[2026-06-17T10:07:40.169+0800][3.476s][info][gc,heap     ] GC(120) Y:      Used:       62M (97%)          62M (97%)          52M (81%)          46M (72%)          62M (97%)          46M (72%)    
[2026-06-17T10:07:40.169+0800][3.477s][info][gc,heap     ] GC(120) Y: Young Generation Statistics:
[2026-06-17T10:07:40.169+0800][3.477s][info][gc,heap     ] GC(120) Y:                Mark Start          Mark End        Relocate Start      Relocate End    
[2026-06-17T10:07:40.169+0800][3.477s][info][gc,heap     ] GC(120) Y:      Used:       40M (62%)          40M (62%)          30M (47%)          24M (38%)    
[2026-06-17T10:07:40.170+0800][3.477s][info][gc,heap     ] GC(120) Y:      Live:         -                22M (36%)          22M (36%)          22M (36%)    
[2026-06-17T10:07:40.170+0800][3.477s][info][gc,heap     ] GC(120) Y:   Garbage:         -                17M (27%)           7M (11%)           0M (0%)     
[2026-06-17T10:07:40.170+0800][3.477s][info][gc,heap     ] GC(120) Y: Allocated:         -                 0M (0%)            0M (0%)            1M (2%)     
[2026-06-17T10:07:40.170+0800][3.477s][info][gc,heap     ] GC(120) Y: Reclaimed:         -                  -                10M (16%)          17M (27%)    
[2026-06-17T10:07:40.170+0800][3.477s][info][gc,heap     ] GC(120) Y:  Promoted:         -                  -                 0M (0%)            0M (0%)     
[2026-06-17T10:07:40.170+0800][3.478s][info][gc,heap     ] GC(120) Y: Compacted:         -                  -                  -                 0M (1%)     
[2026-06-17T10:07:40.170+0800][3.478s][info][gc,phases   ] GC(120) Y: Young Generation 62M(97%)->46M(72%) 0.006s
[2026-06-17T10:07:40.171+0800][3.478s][info][gc,phases   ] GC(120) O: Old Generation
[2026-06-17T10:07:40.172+0800][3.480s][info][gc,phases   ] GC(120) O: Concurrent Mark 1.478ms
[2026-06-17T10:07:40.173+0800][3.480s][info][gc,phases   ] GC(120) O: Pause Mark End 0.006ms
[2026-06-17T10:07:40.173+0800][3.480s][info][gc,phases   ] GC(120) O: Concurrent Mark Free 0.001ms
[2026-06-17T10:07:40.173+0800][3.481s][info][gc,phases   ] GC(120) O: Concurrent Process Non-Strong 0.304ms
[2026-06-17T10:07:40.173+0800][3.481s][info][gc,phases   ] GC(120) O: Concurrent Reset Relocation Set 0.002ms
[2026-06-17T10:07:40.173+0800][3.481s][info][gc,phases   ] GC(120) O: Concurrent Select Relocation Set 0.045ms
[2026-06-17T10:07:40.174+0800][3.481s][info][gc,task     ] GC(120) O: Using 1 Workers for Old Generation
[2026-06-17T10:07:40.174+0800][3.481s][info][gc,task     ] GC(120) O: Using 1 Workers for Old Generation
[2026-06-17T10:07:40.174+0800][3.481s][info][gc,phases   ] GC(120) O: Concurrent Remap Roots 0.307ms
[2026-06-17T10:07:40.174+0800][3.481s][info][gc,phases   ] GC(120) O: Pause Relocate Start 0.005ms
[2026-06-17T10:07:40.174+0800][3.482s][info][gc,phases   ] GC(120) O: Concurrent Relocate 0.071ms
[2026-06-17T10:07:40.174+0800][3.482s][info][gc,alloc    ] GC(120) O:                         Mark Start        Mark End      Relocate Start    Relocate End   
[2026-06-17T10:07:40.175+0800][3.482s][info][gc,alloc    ] GC(120) O: Allocation Stalls:          0                0                0                0         
[2026-06-17T10:07:40.175+0800][3.482s][info][gc,load     ] GC(120) O: Load: 0.41 (2%) / 0.44 (2%) / 0.49 (2%)
[2026-06-17T10:07:40.175+0800][3.482s][info][gc,mmu      ] GC(120) O: MMU: 2ms/98.5%, 5ms/99.1%, 10ms/99.4%, 20ms/99.6%, 50ms/99.7%, 100ms/99.7%
[2026-06-17T10:07:40.175+0800][3.482s][info][gc,marking  ] GC(120) O: Mark: 1 stripe(s), 2 proactive flush(es), 1 terminate flush(es), 0 completion(s), 0 continuation(s) 
[2026-06-17T10:07:40.175+0800][3.482s][info][gc,nmethod  ] GC(120) O: NMethods: 71 registered, 6 unregistered
[2026-06-17T10:07:40.175+0800][3.482s][info][gc,metaspace] GC(120) O: Metaspace: 0M used, 0M committed, 1088M reserved
[2026-06-17T10:07:40.175+0800][3.483s][info][gc,ref      ] GC(120) O:                       Encountered   Discovered     Enqueued 
[2026-06-17T10:07:40.175+0800][3.483s][info][gc,ref      ] GC(120) O: Soft References:                0            0            0 
[2026-06-17T10:07:40.175+0800][3.483s][info][gc,ref      ] GC(120) O: Weak References:                6            0            0 
[2026-06-17T10:07:40.175+0800][3.483s][info][gc,ref      ] GC(120) O: Final References:               0            0            0 
[2026-06-17T10:07:40.175+0800][3.483s][info][gc,ref      ] GC(120) O: Phantom References:             1            1            0 
[2026-06-17T10:07:40.176+0800][3.483s][info][gc,reloc    ] GC(120) O:                        Candidates     Selected     In-Place         Size        Empty    Relocated 
[2026-06-17T10:07:40.176+0800][3.483s][info][gc,reloc    ] GC(120) O: Small Pages:                    2            0            0           4M           0M           0M 
[2026-06-17T10:07:40.176+0800][3.483s][info][gc,reloc    ] GC(120) O: Large Pages:                    9            0            0          18M           0M           0M 
[2026-06-17T10:07:40.176+0800][3.483s][info][gc,reloc    ] GC(120) O: Forwarding Usage: 0M
[2026-06-17T10:07:40.176+0800][3.483s][info][gc,heap     ] GC(120) O: Min Capacity: 64M(100%)
[2026-06-17T10:07:40.176+0800][3.483s][info][gc,heap     ] GC(120) O: Max Capacity: 64M(100%)
[2026-06-17T10:07:40.176+0800][3.484s][info][gc,heap     ] GC(120) O: Soft Max Capacity: 64M(100%)
[2026-06-17T10:07:40.176+0800][3.484s][info][gc,heap     ] GC(120) O: Heap Statistics:
[2026-06-17T10:07:40.176+0800][3.484s][info][gc,heap     ] GC(120) O:                Mark Start          Mark End        Relocate Start      Relocate End           High               Low         
[2026-06-17T10:07:40.176+0800][3.484s][info][gc,heap     ] GC(120) O:  Capacity:       64M (100%)         64M (100%)         64M (100%)         64M (100%)         64M (100%)         64M (100%)   
[2026-06-17T10:07:40.176+0800][3.484s][info][gc,heap     ] GC(120) O:      Free:        2M (3%)           14M (22%)          14M (22%)          14M (22%)          18M (28%)           2M (3%)     
[2026-06-17T10:07:40.176+0800][3.484s][info][gc,heap     ] GC(120) O:      Used:       62M (97%)          50M (78%)          50M (78%)          50M (78%)          62M (97%)          46M (72%)    
[2026-06-17T10:07:40.177+0800][3.484s][info][gc,heap     ] GC(120) O: Old Generation Statistics:
[2026-06-17T10:07:40.177+0800][3.484s][info][gc,heap     ] GC(120) O:                Mark Start          Mark End        Relocate Start      Relocate End    
[2026-06-17T10:07:40.179+0800][3.486s][info][gc,heap     ] GC(120) O:      Used:       22M (34%)          22M (34%)          22M (34%)          22M (34%)    
[2026-06-17T10:07:40.179+0800][3.486s][info][gc,heap     ] GC(120) O:      Live:         -                20M (31%)          20M (31%)          20M (31%)    
[2026-06-17T10:07:40.179+0800][3.486s][info][gc,heap     ] GC(120) O:   Garbage:         -                 1M (3%)            1M (3%)            1M (3%)     
[2026-06-17T10:07:40.179+0800][3.486s][info][gc,heap     ] GC(120) O: Allocated:         -                 0M (0%)            0M (0%)            0M (0%)     
[2026-06-17T10:07:40.179+0800][3.486s][info][gc,heap     ] GC(120) O: Reclaimed:         -                  -                 0M (0%)            0M (0%)     
[2026-06-17T10:07:40.179+0800][3.486s][info][gc,heap     ] GC(120) O: Compacted:         -                  -                  -                 0M (0%)     
[2026-06-17T10:07:40.179+0800][3.487s][info][gc,phases   ] GC(120) O: Old Generation 50M(78%)->50M(78%) 0.004s
[2026-06-17T10:07:40.179+0800][3.487s][info][gc          ] GC(120) Major Collection (Allocation Rate) 56M(88%)->54M(84%) 0.022s
[2026-06-17T10:07:40.188+0800][3.496s][info][gc          ] GC(121) Major Collection (Allocation Rate)
[2026-06-17T10:07:40.189+0800][3.496s][info][gc,task     ] GC(121) Using 1 Workers for Young Generation
[2026-06-17T10:07:40.189+0800][3.496s][info][gc,task     ] GC(121) Using 1 Workers for Old Generation
[2026-06-17T10:07:40.189+0800][3.497s][info][gc,phases   ] GC(121) Y: Young Generation
[2026-06-17T10:07:40.189+0800][3.497s][info][gc,phases   ] GC(121) Y: Pause Mark Start (Major) 0.011ms
[2026-06-17T10:07:40.190+0800][3.498s][info][gc,phases   ] GC(121) Y: Concurrent Mark 0.604ms
[2026-06-17T10:07:40.190+0800][3.498s][info][gc,phases   ] GC(121) Y: Pause Mark End 0.006ms
[2026-06-17T10:07:40.191+0800][3.498s][info][gc,phases   ] GC(121) Y: Concurrent Mark Free 0.001ms
[2026-06-17T10:07:40.192+0800][3.499s][info][gc,phases   ] GC(121) Y: Concurrent Reset Relocation Set 0.002ms
[2026-06-17T10:07:40.192+0800][3.500s][info][gc,reloc    ] GC(121) Y: Using tenuring threshold: 1 (Computed)
[2026-06-17T10:07:40.192+0800][3.500s][info][gc          ] Allocation Stall (main) 3.516ms
[2026-06-17T10:07:40.194+0800][3.502s][info][gc,phases   ] GC(121) Y: Concurrent Select Relocation Set 2.086ms
[2026-06-17T10:07:40.196+0800][3.503s][info][gc,phases   ] GC(121) Y: Pause Relocate Start 0.010ms
[2026-06-17T10:07:40.198+0800][3.506s][info][gc,phases   ] GC(121) Y: Concurrent Relocate 0.250ms
[2026-06-17T10:07:40.199+0800][3.506s][info][gc,alloc    ] GC(121) Y:                         Mark Start        Mark End      Relocate Start    Relocate End   
[2026-06-17T10:07:40.201+0800][3.508s][info][gc,alloc    ] GC(121) Y: Allocation Stalls:          1                1                0                0         
[2026-06-17T10:07:40.201+0800][3.509s][info][gc,load     ] GC(121) Y: Load: 0.41 (2%) / 0.44 (2%) / 0.49 (2%)
[2026-06-17T10:07:40.203+0800][3.510s][info][gc,mmu      ] GC(121) Y: MMU: 2ms/98.5%, 5ms/99.1%, 10ms/99.4%, 20ms/99.6%, 50ms/99.7%, 100ms/99.7%
[2026-06-17T10:07:40.205+0800][3.512s][info][gc,marking  ] GC(121) Y: Mark: 1 stripe(s), 1 proactive flush(es), 1 terminate flush(es), 0 completion(s), 0 continuation(s) 
[2026-06-17T10:07:40.205+0800][3.512s][info][gc,nmethod  ] GC(121) Y: NMethods: 71 registered, 6 unregistered
[2026-06-17T10:07:40.206+0800][3.513s][info][gc,metaspace] GC(121) Y: Metaspace: 0M used, 0M committed, 1088M reserved
[2026-06-17T10:07:40.207+0800][3.514s][info][gc,reloc    ] GC(121) Y:                        Candidates     Selected     In-Place         Size        Empty    Relocated 
[2026-06-17T10:07:40.207+0800][3.515s][info][gc,reloc    ] GC(121) Y: Small Pages:                    7            2            0          14M           8M           1M 
[2026-06-17T10:07:40.207+0800][3.515s][info][gc,reloc    ] GC(121) Y: Large Pages:                   14            0            0          28M           0M           0M 
[2026-06-17T10:07:40.208+0800][3.515s][info][gc,reloc    ] GC(121) Y: Forwarding Usage: 0M
[2026-06-17T10:07:40.208+0800][3.515s][info][gc,reloc    ] GC(121) Y: Age Table:
[2026-06-17T10:07:40.208+0800][3.515s][info][gc,reloc    ] GC(121) Y:                    Live             Garbage             Small              Medium             Large        
[2026-06-17T10:07:40.208+0800][3.515s][info][gc,reloc    ] GC(121) Y: Eden               6M (10%)          11M (18%)          6 / 1              0 / 0              3 / 0        
[2026-06-17T10:07:40.208+0800][3.516s][info][gc,reloc    ] GC(121) Y: Survivor 1        22M (36%)           1M (2%)           1 / 1              0 / 0             11 / 0        
[2026-06-17T10:07:40.208+0800][3.516s][info][gc,heap     ] GC(121) Y: Min Capacity: 64M(100%)
[2026-06-17T10:07:40.208+0800][3.516s][info][gc,heap     ] GC(121) Y: Max Capacity: 64M(100%)
[2026-06-17T10:07:40.208+0800][3.516s][info][gc,heap     ] GC(121) Y: Soft Max Capacity: 64M(100%)
[2026-06-17T10:07:40.209+0800][3.516s][info][gc,heap     ] GC(121) Y: Heap Statistics:
[2026-06-17T10:07:40.209+0800][3.516s][info][gc,heap     ] GC(121) Y:                Mark Start          Mark End        Relocate Start      Relocate End           High               Low         
[2026-06-17T10:07:40.209+0800][3.516s][info][gc,heap     ] GC(121) Y:  Capacity:       64M (100%)         64M (100%)         64M (100%)         64M (100%)         64M (100%)         64M (100%)   
[2026-06-17T10:07:40.209+0800][3.516s][info][gc,heap     ] GC(121) Y:      Free:        0M (0%)            0M (0%)            2M (3%)            4M (6%)            8M (12%)           0M (0%)     
[2026-06-17T10:07:40.209+0800][3.517s][info][gc,heap     ] GC(121) Y:      Used:       64M (100%)         64M (100%)         62M (97%)          60M (94%)          64M (100%)         56M (88%)    
[2026-06-17T10:07:40.210+0800][3.517s][info][gc,heap     ] GC(121) Y: Young Generation Statistics:
[2026-06-17T10:07:40.210+0800][3.517s][info][gc,heap     ] GC(121) Y:                Mark Start          Mark End        Relocate Start      Relocate End    
[2026-06-17T10:07:40.210+0800][3.518s][info][gc,heap     ] GC(121) Y:      Used:       42M (66%)          42M (66%)          18M (28%)          14M (22%)    
[2026-06-17T10:07:40.210+0800][3.518s][info][gc,heap     ] GC(121) Y:      Live:         -                29M (45%)           7M (11%)           6M (10%)    
[2026-06-17T10:07:40.210+0800][3.518s][info][gc,heap     ] GC(121) Y:   Garbage:         -                12M (20%)           4M (8%)            0M (0%)     
[2026-06-17T10:07:40.211+0800][3.518s][info][gc,heap     ] GC(121) Y: Allocated:         -                 0M (0%)            6M (9%)            7M (12%)    
[2026-06-17T10:07:40.211+0800][3.518s][info][gc,heap     ] GC(121) Y: Reclaimed:         -                  -                 8M (12%)          12M (20%)    
[2026-06-17T10:07:40.211+0800][3.518s][info][gc,heap     ] GC(121) Y:  Promoted:         -                  -                22M (34%)          22M (36%)    
[2026-06-17T10:07:40.211+0800][3.518s][info][gc,heap     ] GC(121) Y: Compacted:         -                  -                  -                 0M (0%)     
[2026-06-17T10:07:40.211+0800][3.518s][info][gc,phases   ] GC(121) Y: Young Generation 64M(100%)->60M(94%) 0.009s
[2026-06-17T10:07:40.211+0800][3.518s][info][gc,phases   ] GC(121) O: Old Generation
[2026-06-17T10:07:40.211+0800][3.519s][info][gc          ] GC(122) Minor Collection (Allocation Stall)
[2026-06-17T10:07:40.211+0800][3.519s][info][gc,task     ] GC(122) Using 1 Workers for Young Generation
[2026-06-17T10:07:40.211+0800][3.519s][info][gc,phases   ] GC(122) y: Young Generation
[2026-06-17T10:07:40.211+0800][3.519s][info][gc,phases   ] GC(122) y: Pause Mark Start 0.008ms
[2026-06-17T10:07:40.212+0800][3.519s][info][gc,phases   ] GC(122) y: Concurrent Mark 0.377ms
[2026-06-17T10:07:40.212+0800][3.519s][info][gc,phases   ] GC(122) y: Pause Mark End 0.004ms
[2026-06-17T10:07:40.212+0800][3.520s][info][gc,phases   ] GC(122) y: Concurrent Mark Free 0.000ms
[2026-06-17T10:07:40.212+0800][3.520s][info][gc,phases   ] GC(121) O: Concurrent Mark 1.139ms
[2026-06-17T10:07:40.212+0800][3.520s][info][gc,phases   ] GC(122) y: Concurrent Reset Relocation Set 0.002ms
[2026-06-17T10:07:40.212+0800][3.520s][info][gc,phases   ] GC(121) O: Pause Mark End 0.005ms
[2026-06-17T10:07:40.212+0800][3.520s][info][gc,reloc    ] GC(122) y: Using tenuring threshold: 2 (Computed)
[2026-06-17T10:07:40.213+0800][3.520s][info][gc,phases   ] GC(121) O: Concurrent Mark Free 0.001ms
[2026-06-17T10:07:40.213+0800][3.520s][info][gc,phases   ] GC(122) y: Concurrent Select Relocation Set 0.285ms
[2026-06-17T10:07:40.213+0800][3.520s][info][gc,phases   ] GC(122) y: Pause Relocate Start 0.003ms
[2026-06-17T10:07:40.213+0800][3.520s][info][gc,phases   ] GC(121) O: Concurrent Process Non-Strong 0.401ms
[2026-06-17T10:07:40.213+0800][3.521s][info][gc,phases   ] GC(121) O: Concurrent Reset Relocation Set 0.000ms
[2026-06-17T10:07:40.213+0800][3.520s][info][gc,phases   ] GC(122) y: Concurrent Relocate 0.145ms
[2026-06-17T10:07:40.213+0800][3.521s][info][gc,alloc    ] GC(122) y:                         Mark Start        Mark End      Relocate Start    Relocate End   
[2026-06-17T10:07:40.214+0800][3.521s][info][gc,alloc    ] GC(122) y: Allocation Stalls:          0                0                0                0         
[2026-06-17T10:07:40.213+0800][3.521s][info][gc,phases   ] GC(121) O: Concurrent Select Relocation Set 0.035ms
[2026-06-17T10:07:40.214+0800][3.521s][info][gc,load     ] GC(122) y: Load: 0.41 (2%) / 0.44 (2%) / 0.49 (2%)
[2026-06-17T10:07:40.214+0800][3.521s][info][gc,mmu      ] GC(122) y: MMU: 2ms/98.5%, 5ms/99.1%, 10ms/99.4%, 20ms/99.6%, 50ms/99.7%, 100ms/99.7%
[2026-06-17T10:07:40.214+0800][3.521s][info][gc,marking  ] GC(122) y: Mark: 1 stripe(s), 1 proactive flush(es), 1 terminate flush(es), 0 completion(s), 0 continuation(s) 
[2026-06-17T10:07:40.214+0800][3.521s][info][gc,nmethod  ] GC(122) y: NMethods: 71 registered, 6 unregistered
[2026-06-17T10:07:40.214+0800][3.521s][info][gc,metaspace] GC(122) y: Metaspace: 0M used, 0M committed, 1088M reserved
[2026-06-17T10:07:40.214+0800][3.522s][info][gc,reloc    ] GC(122) y:                        Candidates     Selected     In-Place         Size        Empty    Relocated 
[2026-06-17T10:07:40.214+0800][3.522s][info][gc,reloc    ] GC(122) y: Small Pages:                    3            1            0           6M           2M           0M 
[2026-06-17T10:07:40.214+0800][3.522s][info][gc,reloc    ] GC(122) y: Large Pages:                    5            0            0          10M           0M           0M 
[2026-06-17T10:07:40.214+0800][3.522s][info][gc,reloc    ] GC(122) y: Forwarding Usage: 0M
[2026-06-17T10:07:40.215+0800][3.522s][info][gc,reloc    ] GC(122) y: Age Table:
[2026-06-17T10:07:40.215+0800][3.522s][info][gc,reloc    ] GC(122) y:                    Live             Garbage             Small              Medium             Large        
[2026-06-17T10:07:40.215+0800][3.522s][info][gc,reloc    ] GC(122) y: Eden               4M (7%)            3M (6%)           2 / 1              0 / 0              2 / 0        
[2026-06-17T10:07:40.215+0800][3.522s][info][gc,reloc    ] GC(122) y: Survivor 1         6M (10%)           1M (3%)           1 / 0              0 / 0              3 / 0        
[2026-06-17T10:07:40.215+0800][3.522s][info][gc,heap     ] GC(122) y: Min Capacity: 64M(100%)
[2026-06-17T10:07:40.215+0800][3.522s][info][gc,heap     ] GC(122) y: Max Capacity: 64M(100%)
[2026-06-17T10:07:40.215+0800][3.523s][info][gc,heap     ] GC(122) y: Soft Max Capacity: 64M(100%)
[2026-06-17T10:07:40.215+0800][3.523s][info][gc,heap     ] GC(122) y: Heap Statistics:
[2026-06-17T10:07:40.215+0800][3.523s][info][gc,heap     ] GC(122) y:                Mark Start          Mark End        Relocate Start      Relocate End           High               Low         
[2026-06-17T10:07:40.215+0800][3.523s][info][gc,heap     ] GC(122) y:  Capacity:       64M (100%)         64M (100%)         64M (100%)         64M (100%)         64M (100%)         64M (100%)   
[2026-06-17T10:07:40.215+0800][3.523s][info][gc,heap     ] GC(122) y:      Free:        2M (3%)            2M (3%)            4M (6%)            4M (6%)            4M (6%)            2M (3%)     
[2026-06-17T10:07:40.216+0800][3.523s][info][gc,heap     ] GC(122) y:      Used:       62M (97%)          62M (97%)          60M (94%)          60M (94%)          62M (97%)          60M (94%)    
[2026-06-17T10:07:40.216+0800][3.523s][info][gc,heap     ] GC(122) y: Young Generation Statistics:
[2026-06-17T10:07:40.216+0800][3.523s][info][gc,heap     ] GC(122) y:                Mark Start          Mark End        Relocate Start      Relocate End    
[2026-06-17T10:07:40.216+0800][3.523s][info][gc,heap     ] GC(122) y:      Used:       16M (25%)          16M (25%)          14M (22%)          14M (22%)    
[2026-06-17T10:07:40.216+0800][3.523s][info][gc,heap     ] GC(122) y:      Live:         -                10M (16%)          10M (16%)          10M (16%)    
[2026-06-17T10:07:40.216+0800][3.523s][info][gc,heap     ] GC(122) y:   Garbage:         -                 5M (9%)            3M (5%)            0M (0%)     
[2026-06-17T10:07:40.216+0800][3.524s][info][gc,heap     ] GC(122) y: Allocated:         -                 0M (0%)            0M (0%)            3M (5%)     
[2026-06-17T10:07:40.216+0800][3.524s][info][gc,heap     ] GC(122) y: Reclaimed:         -                  -                 2M (3%)            5M (9%)     
[2026-06-17T10:07:40.217+0800][3.524s][info][gc,heap     ] GC(122) y:  Promoted:         -                  -                 0M (0%)            0M (0%)     
[2026-06-17T10:07:40.217+0800][3.524s][info][gc,heap     ] GC(122) y: Compacted:         -                  -                  -                 0M (1%)     
[2026-06-17T10:07:40.217+0800][3.524s][info][gc,phases   ] GC(122) y: Young Generation 62M(97%)->60M(94%) 0.002s
[2026-06-17T10:07:40.217+0800][3.524s][info][gc          ] GC(122) Minor Collection (Allocation Stall) 62M(97%)->64M(100%) 0.006s
[2026-06-17T10:07:40.217+0800][3.524s][info][gc,task     ] GC(121) O: Using 1 Workers for Old Generation
[2026-06-17T10:07:40.217+0800][3.525s][info][gc,task     ] GC(121) O: Using 1 Workers for Old Generation
[2026-06-17T10:07:40.217+0800][3.525s][info][gc,phases   ] GC(121) O: Concurrent Remap Roots 0.341ms
[2026-06-17T10:07:40.217+0800][3.525s][info][gc,phases   ] GC(121) O: Pause Relocate Start 0.005ms
[2026-06-17T10:07:40.218+0800][3.525s][info][gc          ] GC(123) Minor Collection (Allocation Rate)
[2026-06-17T10:07:40.218+0800][3.525s][info][gc,task     ] GC(123) Using 1 Workers for Young Generation
[2026-06-17T10:07:40.218+0800][3.525s][info][gc,phases   ] GC(123) y: Young Generation
[2026-06-17T10:07:40.218+0800][3.525s][info][gc,phases   ] GC(121) O: Concurrent Relocate 0.086ms
[2026-06-17T10:07:40.218+0800][3.525s][info][gc,phases   ] GC(123) y: Pause Mark Start 0.006ms
[2026-06-17T10:07:40.218+0800][3.526s][info][gc,phases   ] GC(123) y: Concurrent Mark 0.350ms
[2026-06-17T10:07:40.219+0800][3.526s][info][gc,phases   ] GC(123) y: Pause Mark End 0.005ms
[2026-06-17T10:07:40.219+0800][3.526s][info][gc,phases   ] GC(123) y: Concurrent Mark Free 0.000ms
[2026-06-17T10:07:40.220+0800][3.527s][info][gc,phases   ] GC(123) y: Concurrent Reset Relocation Set 0.001ms
[2026-06-17T10:07:40.220+0800][3.527s][info][gc,reloc    ] GC(123) y: Using tenuring threshold: 2 (Computed)
[2026-06-17T10:07:40.220+0800][3.527s][info][gc,phases   ] GC(123) y: Concurrent Select Relocation Set 0.347ms
[2026-06-17T10:07:40.220+0800][3.528s][info][gc,phases   ] GC(123) y: Pause Relocate Start 0.006ms
[2026-06-17T10:07:40.220+0800][3.528s][info][gc,phases   ] GC(123) y: Concurrent Relocate 0.135ms
[2026-06-17T10:07:40.221+0800][3.528s][info][gc,alloc    ] GC(123) y:                         Mark Start        Mark End      Relocate Start    Relocate End   
[2026-06-17T10:07:40.221+0800][3.528s][info][gc,alloc    ] GC(123) y: Allocation Stalls:          0                0                0                0         
[2026-06-17T10:07:40.221+0800][3.528s][info][gc,load     ] GC(123) y: Load: 0.41 (2%) / 0.44 (2%) / 0.49 (2%)
[2026-06-17T10:07:40.221+0800][3.528s][info][gc,mmu      ] GC(123) y: MMU: 2ms/98.5%, 5ms/99.1%, 10ms/99.4%, 20ms/99.6%, 50ms/99.7%, 100ms/99.7%
[2026-06-17T10:07:40.221+0800][3.528s][info][gc,marking  ] GC(123) y: Mark: 1 stripe(s), 1 proactive flush(es), 1 terminate flush(es), 0 completion(s), 0 continuation(s) 
[2026-06-17T10:07:40.221+0800][3.529s][info][gc,nmethod  ] GC(123) y: NMethods: 71 registered, 6 unregistered
[2026-06-17T10:07:40.221+0800][3.529s][info][gc,metaspace] GC(123) y: Metaspace: 0M used, 0M committed, 1088M reserved
[2026-06-17T10:07:40.221+0800][3.529s][info][gc,reloc    ] GC(123) y:                        Candidates     Selected     In-Place         Size        Empty    Relocated 
[2026-06-17T10:07:40.221+0800][3.529s][info][gc,reloc    ] GC(123) y: Small Pages:                    4            1            0           8M           4M           0M 
[2026-06-17T10:07:40.221+0800][3.529s][info][gc,reloc    ] GC(123) y: Large Pages:                    5            0            0          10M           0M           0M 
[2026-06-17T10:07:40.222+0800][3.529s][info][gc,reloc    ] GC(123) y: Forwarding Usage: 0M
[2026-06-17T10:07:40.222+0800][3.529s][info][gc,reloc    ] GC(123) y: Age Table:
[2026-06-17T10:07:40.222+0800][3.529s][info][gc,reloc    ] GC(123) y:                    Live             Garbage             Small              Medium             Large        
[2026-06-17T10:07:40.222+0800][3.529s][info][gc,reloc    ] GC(123) y: Eden                -                 4M (6%)           2 / 0              0 / 0              0 / 0        
[2026-06-17T10:07:40.222+0800][3.529s][info][gc,reloc    ] GC(123) y: Survivor 1         4M (7%)            1M (3%)           1 / 1              0 / 0              2 / 0        
[2026-06-17T10:07:40.222+0800][3.529s][info][gc,reloc    ] GC(123) y: Survivor 2         6M (10%)           1M (3%)           1 / 0              0 / 0              3 / 0        
[2026-06-17T10:07:40.222+0800][3.529s][info][gc,heap     ] GC(123) y: Min Capacity: 64M(100%)
[2026-06-17T10:07:40.222+0800][3.529s][info][gc,heap     ] GC(123) y: Max Capacity: 64M(100%)
[2026-06-17T10:07:40.222+0800][3.530s][info][gc,heap     ] GC(123) y: Soft Max Capacity: 64M(100%)
[2026-06-17T10:07:40.222+0800][3.530s][info][gc,heap     ] GC(123) y: Heap Statistics:
[2026-06-17T10:07:40.222+0800][3.530s][info][gc,heap     ] GC(123) y:                Mark Start          Mark End        Relocate Start      Relocate End           High               Low         
[2026-06-17T10:07:40.222+0800][3.530s][info][gc,heap     ] GC(123) y:  Capacity:       64M (100%)         64M (100%)         64M (100%)         64M (100%)         64M (100%)         64M (100%)   
[2026-06-17T10:07:40.222+0800][3.530s][info][gc,heap     ] GC(123) y:      Free:        0M (0%)            0M (0%)            4M (6%)            4M (6%)            4M (6%)            0M (0%)     
[2026-06-17T10:07:40.222+0800][3.530s][info][gc,heap     ] GC(123) y:      Used:       64M (100%)         64M (100%)         60M (94%)          60M (94%)          64M (100%)         60M (94%)    
[2026-06-17T10:07:40.223+0800][3.530s][info][gc,heap     ] GC(123) y: Young Generation Statistics:
[2026-06-17T10:07:40.223+0800][3.530s][info][gc,heap     ] GC(123) y:                Mark Start          Mark End        Relocate Start      Relocate End    
[2026-06-17T10:07:40.223+0800][3.530s][info][gc,heap     ] GC(123) y:      Used:       18M (28%)          18M (28%)           8M (12%)           6M (9%)     
[2026-06-17T10:07:40.223+0800][3.530s][info][gc,heap     ] GC(123) y:      Live:         -                10M (16%)           4M (7%)            4M (7%)     
[2026-06-17T10:07:40.223+0800][3.530s][info][gc,heap     ] GC(123) y:   Garbage:         -                 7M (12%)           3M (5%)            0M (0%)     
[2026-06-17T10:07:40.223+0800][3.530s][info][gc,heap     ] GC(123) y: Allocated:         -                 0M (0%)            0M (0%)            1M (3%)     
[2026-06-17T10:07:40.223+0800][3.530s][info][gc,heap     ] GC(123) y: Reclaimed:         -                  -                 4M (6%)            7M (12%)    
[2026-06-17T10:07:40.223+0800][3.530s][info][gc,heap     ] GC(123) y:  Promoted:         -                  -                 6M (9%)            6M (10%)    
[2026-06-17T10:07:40.223+0800][3.531s][info][gc,heap     ] GC(123) y: Compacted:         -                  -                  -                 0M (1%)     
[2026-06-17T10:07:40.223+0800][3.531s][info][gc,phases   ] GC(123) y: Young Generation 64M(100%)->60M(94%) 0.003s
[2026-06-17T10:07:40.223+0800][3.531s][info][gc          ] GC(123) Minor Collection (Allocation Rate) 64M(100%)->60M(94%) 0.006s
[2026-06-17T10:07:40.223+0800][3.531s][info][gc,alloc    ] GC(121) O:                         Mark Start        Mark End      Relocate Start    Relocate End   
[2026-06-17T10:07:40.223+0800][3.531s][info][gc,alloc    ] GC(121) O: Allocation Stalls:          1                0                0                0         
[2026-06-17T10:07:40.224+0800][3.531s][info][gc,load     ] GC(121) O: Load: 0.41 (2%) / 0.44 (2%) / 0.49 (2%)
[2026-06-17T10:07:40.224+0800][3.531s][info][gc,mmu      ] GC(121) O: MMU: 2ms/98.5%, 5ms/99.1%, 10ms/99.4%, 20ms/99.6%, 50ms/99.7%, 100ms/99.7%
[2026-06-17T10:07:40.224+0800][3.531s][info][gc,marking  ] GC(121) O: Mark: 1 stripe(s), 2 proactive flush(es), 1 terminate flush(es), 0 completion(s), 0 continuation(s) 
[2026-06-17T10:07:40.224+0800][3.531s][info][gc,nmethod  ] GC(121) O: NMethods: 71 registered, 6 unregistered
[2026-06-17T10:07:40.224+0800][3.531s][info][gc,metaspace] GC(121) O: Metaspace: 0M used, 0M committed, 1088M reserved
[2026-06-17T10:07:40.224+0800][3.531s][info][gc,ref      ] GC(121) O:                       Encountered   Discovered     Enqueued 
[2026-06-17T10:07:40.224+0800][3.531s][info][gc,ref      ] GC(121) O: Soft References:                0            0            0 
[2026-06-17T10:07:40.224+0800][3.532s][info][gc,ref      ] GC(121) O: Weak References:                6            0            0 
[2026-06-17T10:07:40.224+0800][3.532s][info][gc,ref      ] GC(121) O: Final References:               0            0            0 
[2026-06-17T10:07:40.224+0800][3.532s][info][gc,ref      ] GC(121) O: Phantom References:             1            1            0 
[2026-06-17T10:07:40.224+0800][3.532s][info][gc,reloc    ] GC(121) O:                        Candidates     Selected     In-Place         Size        Empty    Relocated 
[2026-06-17T10:07:40.224+0800][3.532s][info][gc,reloc    ] GC(121) O: Small Pages:                    2            0            0           4M           0M           0M 
[2026-06-17T10:07:40.224+0800][3.532s][info][gc,reloc    ] GC(121) O: Large Pages:                    9            0            0          18M           0M           0M 
[2026-06-17T10:07:40.224+0800][3.532s][info][gc,reloc    ] GC(121) O: Forwarding Usage: 0M
[2026-06-17T10:07:40.225+0800][3.532s][info][gc,heap     ] GC(121) O: Min Capacity: 64M(100%)
[2026-06-17T10:07:40.225+0800][3.532s][info][gc,heap     ] GC(121) O: Max Capacity: 64M(100%)
[2026-06-17T10:07:40.225+0800][3.532s][info][gc,heap     ] GC(121) O: Soft Max Capacity: 64M(100%)
[2026-06-17T10:07:40.225+0800][3.532s][info][gc,heap     ] GC(121) O: Heap Statistics:
[2026-06-17T10:07:40.225+0800][3.532s][info][gc,heap     ] GC(121) O:                Mark Start          Mark End        Relocate Start      Relocate End           High               Low         
[2026-06-17T10:07:40.225+0800][3.532s][info][gc,heap     ] GC(121) O:  Capacity:       64M (100%)         64M (100%)         64M (100%)         64M (100%)         64M (100%)         64M (100%)   
[2026-06-17T10:07:40.225+0800][3.533s][info][gc,heap     ] GC(121) O:      Free:        0M (0%)            2M (3%)            0M (0%)            0M (0%)            8M (12%)           0M (0%)     
[2026-06-17T10:07:40.225+0800][3.533s][info][gc,heap     ] GC(121) O:      Used:       64M (100%)         62M (97%)          64M (100%)         64M (100%)         64M (100%)         56M (88%)    
[2026-06-17T10:07:40.225+0800][3.533s][info][gc,heap     ] GC(121) O: Old Generation Statistics:
[2026-06-17T10:07:40.225+0800][3.533s][info][gc,heap     ] GC(121) O:                Mark Start          Mark End        Relocate Start      Relocate End    
[2026-06-17T10:07:40.225+0800][3.533s][info][gc,heap     ] GC(121) O:      Used:       22M (34%)          46M (72%)          46M (72%)          46M (72%)    
[2026-06-17T10:07:40.226+0800][3.533s][info][gc,heap     ] GC(121) O:      Live:         -                20M (31%)          20M (31%)          20M (31%)    
[2026-06-17T10:07:40.226+0800][3.533s][info][gc,heap     ] GC(121) O:   Garbage:         -                 1M (3%)            1M (3%)            1M (3%)     
[2026-06-17T10:07:40.226+0800][3.533s][info][gc,heap     ] GC(121) O: Allocated:         -                24M (38%)          24M (38%)          24M (38%)    
[2026-06-17T10:07:40.226+0800][3.533s][info][gc,heap     ] GC(121) O: Reclaimed:         -                  -                 0M (0%)            0M (0%)     
[2026-06-17T10:07:40.226+0800][3.533s][info][gc,heap     ] GC(121) O: Compacted:         -                  -                  -                 0M (0%)     
[2026-06-17T10:07:40.226+0800][3.533s][info][gc,phases   ] GC(121) O: Old Generation 62M(97%)->64M(100%) 0.012s
[2026-06-17T10:07:40.226+0800][3.533s][info][gc          ] GC(121) Major Collection (Allocation Rate) 56M(88%)->60M(94%) 0.038s
[2026-06-17T10:07:40.226+0800][3.534s][info][gc          ] GC(124) Major Collection (Allocation Rate)
[2026-06-17T10:07:40.227+0800][3.534s][info][gc,task     ] GC(124) Using 1 Workers for Young Generation
[2026-06-17T10:07:40.227+0800][3.534s][info][gc,task     ] GC(124) Using 1 Workers for Old Generation
[2026-06-17T10:07:40.227+0800][3.534s][info][gc,phases   ] GC(124) Y: Young Generation
[2026-06-17T10:07:40.227+0800][3.534s][info][gc,phases   ] GC(124) Y: Pause Mark Start (Major) 0.008ms
[2026-06-17T10:07:40.227+0800][3.535s][info][gc,phases   ] GC(124) Y: Concurrent Mark 0.364ms
[2026-06-17T10:07:40.228+0800][3.535s][info][gc,phases   ] GC(124) Y: Pause Mark End 0.005ms
[2026-06-17T10:07:40.228+0800][3.535s][info][gc,phases   ] GC(124) Y: Concurrent Mark Free 0.001ms
[2026-06-17T10:07:40.228+0800][3.535s][info][gc,phases   ] GC(124) Y: Concurrent Reset Relocation Set 0.002ms
[2026-06-17T10:07:40.228+0800][3.535s][info][gc,reloc    ] GC(124) Y: Using tenuring threshold: 3 (Computed)
[2026-06-17T10:07:40.228+0800][3.535s][info][gc          ] Allocation Stall (main) 1.401ms
[2026-06-17T10:07:40.228+0800][3.536s][info][gc,phases   ] GC(124) Y: Concurrent Select Relocation Set 0.351ms
[2026-06-17T10:07:40.229+0800][3.536s][info][gc,phases   ] GC(124) Y: Pause Relocate Start 0.005ms
[2026-06-17T10:07:40.229+0800][3.536s][info][gc,phases   ] GC(124) Y: Concurrent Relocate 0.089ms
[2026-06-17T10:07:40.229+0800][3.536s][info][gc,alloc    ] GC(124) Y:                         Mark Start        Mark End      Relocate Start    Relocate End   
[2026-06-17T10:07:40.229+0800][3.536s][info][gc,alloc    ] GC(124) Y: Allocation Stalls:          1                1                1                1         
[2026-06-17T10:07:40.229+0800][3.536s][info][gc,load     ] GC(124) Y: Load: 0.41 (2%) / 0.44 (2%) / 0.49 (2%)
[2026-06-17T10:07:40.229+0800][3.537s][info][gc,mmu      ] GC(124) Y: MMU: 2ms/98.5%, 5ms/99.1%, 10ms/99.4%, 20ms/99.6%, 50ms/99.7%, 100ms/99.7%
[2026-06-17T10:07:40.229+0800][3.537s][info][gc,marking  ] GC(124) Y: Mark: 1 stripe(s), 1 proactive flush(es), 1 terminate flush(es), 0 completion(s), 0 continuation(s) 
[2026-06-17T10:07:40.229+0800][3.537s][info][gc,nmethod  ] GC(124) Y: NMethods: 71 registered, 6 unregistered
[2026-06-17T10:07:40.229+0800][3.537s][info][gc,metaspace] GC(124) Y: Metaspace: 0M used, 0M committed, 1088M reserved
[2026-06-17T10:07:40.229+0800][3.537s][info][gc,reloc    ] GC(124) Y:                        Candidates     Selected     In-Place         Size        Empty    Relocated 
[2026-06-17T10:07:40.229+0800][3.537s][info][gc,reloc    ] GC(124) Y: Small Pages:                    3            1            2           6M           2M           0M 
[2026-06-17T10:07:40.230+0800][3.537s][info][gc,reloc    ] GC(124) Y: Large Pages:                    2            0            0           4M           0M           0M 
[2026-06-17T10:07:40.230+0800][3.537s][info][gc,reloc    ] GC(124) Y: Forwarding Usage: 0M
[2026-06-17T10:07:40.230+0800][3.537s][info][gc,reloc    ] GC(124) Y: Age Table:
[2026-06-17T10:07:40.230+0800][3.537s][info][gc,reloc    ] GC(124) Y:                    Live             Garbage             Small              Medium             Large        
[2026-06-17T10:07:40.230+0800][3.537s][info][gc,reloc    ] GC(124) Y: Eden               0M (0%)            3M (6%)           2 / 0              0 / 0              0 / 0        
[2026-06-17T10:07:40.230+0800][3.537s][info][gc,reloc    ] GC(124) Y: Survivor 1          -                 0M (0%)           0 / 0              0 / 0              0 / 0        
[2026-06-17T10:07:40.230+0800][3.537s][info][gc,reloc    ] GC(124) Y: Survivor 2         4M (7%)            1M (3%)           1 / 1              0 / 0              2 / 0        
[2026-06-17T10:07:40.230+0800][3.537s][info][gc,heap     ] GC(124) Y: Min Capacity: 64M(100%)
[2026-06-17T10:07:40.230+0800][3.537s][info][gc,heap     ] GC(124) Y: Max Capacity: 64M(100%)
[2026-06-17T10:07:40.230+0800][3.538s][info][gc,heap     ] GC(124) Y: Soft Max Capacity: 64M(100%)
[2026-06-17T10:07:40.230+0800][3.538s][info][gc,heap     ] GC(124) Y: Heap Statistics:
[2026-06-17T10:07:40.230+0800][3.538s][info][gc,heap     ] GC(124) Y:                Mark Start          Mark End        Relocate Start      Relocate End           High               Low         
[2026-06-17T10:07:40.230+0800][3.538s][info][gc,heap     ] GC(124) Y:  Capacity:       64M (100%)         64M (100%)         64M (100%)         64M (100%)         64M (100%)         64M (100%)   
[2026-06-17T10:07:40.230+0800][3.538s][info][gc,heap     ] GC(124) Y:      Free:        0M (0%)            0M (0%)            0M (0%)            0M (0%)            2M (3%)            0M (0%)     
[2026-06-17T10:07:40.231+0800][3.538s][info][gc,heap     ] GC(124) Y:      Used:       64M (100%)         64M (100%)         64M (100%)         64M (100%)         64M (100%)         62M (97%)    
[2026-06-17T10:07:40.231+0800][3.538s][info][gc,heap     ] GC(124) Y: Young Generation Statistics:
[2026-06-17T10:07:40.231+0800][3.538s][info][gc,heap     ] GC(124) Y:                Mark Start          Mark End        Relocate Start      Relocate End    
[2026-06-17T10:07:40.231+0800][3.538s][info][gc,heap     ] GC(124) Y:      Used:       10M (16%)          10M (16%)          10M (16%)          10M (16%)    
[2026-06-17T10:07:40.231+0800][3.538s][info][gc,heap     ] GC(124) Y:      Live:         -                 4M (7%)            4M (7%)            4M (7%)     
[2026-06-17T10:07:40.231+0800][3.538s][info][gc,heap     ] GC(124) Y:   Garbage:         -                 5M (9%)            3M (6%)            0M (0%)     
[2026-06-17T10:07:40.231+0800][3.538s][info][gc,heap     ] GC(124) Y: Allocated:         -                 0M (0%)            2M (3%)            5M (9%)     
[2026-06-17T10:07:40.231+0800][3.539s][info][gc,heap     ] GC(124) Y: Reclaimed:         -                  -                 2M (3%)            5M (9%)     
[2026-06-17T10:07:40.231+0800][3.539s][info][gc,heap     ] GC(124) Y:  Promoted:         -                  -                 0M (0%)            0M (0%)     
[2026-06-17T10:07:40.231+0800][3.539s][info][gc,heap     ] GC(124) Y: Compacted:         -                  -                  -                 0M (1%)     
[2026-06-17T10:07:40.231+0800][3.539s][info][gc,phases   ] GC(124) Y: Young Generation 64M(100%)->64M(100%) 0.002s
[2026-06-17T10:07:40.231+0800][3.539s][info][gc,phases   ] GC(124) O: Old Generation
[2026-06-17T10:07:40.232+0800][3.539s][info][gc          ] GC(125) Minor Collection (Allocation Stall)
[2026-06-17T10:07:40.232+0800][3.539s][info][gc,task     ] GC(125) Using 1 Workers for Young Generation
[2026-06-17T10:07:40.232+0800][3.539s][info][gc,phases   ] GC(125) y: Young Generation
[2026-06-17T10:07:40.232+0800][3.539s][info][gc,phases   ] GC(125) y: Pause Mark Start 0.006ms
[2026-06-17T10:07:40.233+0800][3.540s][info][gc,phases   ] GC(125) y: Concurrent Mark 0.352ms
[2026-06-17T10:07:40.233+0800][3.540s][info][gc,phases   ] GC(125) y: Pause Mark End 0.004ms
[2026-06-17T10:07:40.233+0800][3.540s][info][gc,phases   ] GC(124) O: Concurrent Mark 1.473ms
[2026-06-17T10:07:40.233+0800][3.540s][info][gc,phases   ] GC(125) y: Concurrent Mark Free 0.001ms
[2026-06-17T10:07:40.233+0800][3.541s][info][gc,phases   ] GC(125) y: Concurrent Reset Relocation Set 0.000ms
[2026-06-17T10:07:40.233+0800][3.541s][info][gc,phases   ] GC(124) O: Pause Mark End 0.003ms
[2026-06-17T10:07:40.233+0800][3.541s][info][gc,reloc    ] GC(125) y: Using tenuring threshold: 4 (Computed)
[2026-06-17T10:07:40.233+0800][3.541s][info][gc,phases   ] GC(124) O: Concurrent Mark Free 0.001ms
[2026-06-17T10:07:40.234+0800][3.541s][info][gc,phases   ] GC(125) y: Concurrent Select Relocation Set 0.330ms
[2026-06-17T10:07:40.234+0800][3.541s][info][gc,phases   ] GC(125) y: Pause Relocate Start 0.004ms
[2026-06-17T10:07:40.234+0800][3.541s][info][gc          ] Relocation Stall (VM Thread) 0.077ms
[2026-06-17T10:07:40.234+0800][3.541s][info][gc,phases   ] GC(125) y: Concurrent Relocate 0.124ms
[2026-06-17T10:07:40.235+0800][3.542s][info][gc,alloc    ] GC(125) y:                         Mark Start        Mark End      Relocate Start    Relocate End   
[2026-06-17T10:07:40.235+0800][3.542s][info][gc,alloc    ] GC(125) y: Allocation Stalls:          1                1                1                1         
[2026-06-17T10:07:40.235+0800][3.542s][info][gc,phases   ] GC(124) O: Concurrent Process Non-Strong 1.006ms
[2026-06-17T10:07:40.235+0800][3.542s][info][gc,phases   ] GC(124) O: Concurrent Reset Relocation Set 0.000ms
[2026-06-17T10:07:40.235+0800][3.542s][info][gc,load     ] GC(125) y: Load: 0.41 (2%) / 0.44 (2%) / 0.49 (2%)
[2026-06-17T10:07:40.235+0800][3.543s][info][gc,mmu      ] GC(125) y: MMU: 2ms/98.5%, 5ms/99.1%, 10ms/99.4%, 20ms/99.6%, 50ms/99.7%, 100ms/99.7%
[2026-06-17T10:07:40.235+0800][3.543s][info][gc,phases   ] GC(124) O: Concurrent Select Relocation Set 0.044ms
[2026-06-17T10:07:40.235+0800][3.543s][info][gc,marking  ] GC(125) y: Mark: 1 stripe(s), 1 proactive flush(es), 1 terminate flush(es), 0 completion(s), 0 continuation(s) 
[2026-06-17T10:07:40.235+0800][3.543s][info][gc,nmethod  ] GC(125) y: NMethods: 71 registered, 6 unregistered
[2026-06-17T10:07:40.236+0800][3.543s][info][gc,metaspace] GC(125) y: Metaspace: 0M used, 0M committed, 1088M reserved
[2026-06-17T10:07:40.236+0800][3.543s][info][gc,reloc    ] GC(125) y:                        Candidates     Selected     In-Place         Size        Empty    Relocated 
[2026-06-17T10:07:40.236+0800][3.543s][info][gc,reloc    ] GC(125) y: Small Pages:                    2            1            2           4M           0M           0M 
[2026-06-17T10:07:40.236+0800][3.543s][info][gc,reloc    ] GC(125) y: Large Pages:                    3            0            0           6M           0M           0M 
[2026-06-17T10:07:40.236+0800][3.543s][info][gc,reloc    ] GC(125) y: Forwarding Usage: 0M
[2026-06-17T10:07:40.236+0800][3.543s][info][gc,reloc    ] GC(125) y: Age Table:
[2026-06-17T10:07:40.236+0800][3.544s][info][gc,reloc    ] GC(125) y:                    Live             Garbage             Small              Medium             Large        
[2026-06-17T10:07:40.236+0800][3.544s][info][gc,reloc    ] GC(125) y: Eden               2M (3%)            0M (0%)           0 / 0              0 / 0              1 / 0        
[2026-06-17T10:07:40.236+0800][3.544s][info][gc,reloc    ] GC(125) y: Survivor 1         0M (0%)            1M (3%)           1 / 0              0 / 0              0 / 0        
[2026-06-17T10:07:40.236+0800][3.544s][info][gc,reloc    ] GC(125) y: Survivor 2          -                 0M (0%)           0 / 0              0 / 0              0 / 0        
[2026-06-17T10:07:40.236+0800][3.544s][info][gc,reloc    ] GC(125) y: Survivor 3         4M (7%)            1M (3%)           1 / 1              0 / 0              2 / 0        
[2026-06-17T10:07:40.236+0800][3.544s][info][gc,heap     ] GC(125) y: Min Capacity: 64M(100%)
[2026-06-17T10:07:40.237+0800][3.544s][info][gc,heap     ] GC(125) y: Max Capacity: 64M(100%)
[2026-06-17T10:07:40.237+0800][3.544s][info][gc,heap     ] GC(125) y: Soft Max Capacity: 64M(100%)
[2026-06-17T10:07:40.237+0800][3.544s][info][gc,heap     ] GC(125) y: Heap Statistics:
[2026-06-17T10:07:40.237+0800][3.544s][info][gc,heap     ] GC(125) y:                Mark Start          Mark End        Relocate Start      Relocate End           High               Low         
[2026-06-17T10:07:40.237+0800][3.544s][info][gc,heap     ] GC(125) y:  Capacity:       64M (100%)         64M (100%)         64M (100%)         64M (100%)         64M (100%)         64M (100%)   
[2026-06-17T10:07:40.237+0800][3.544s][info][gc,heap     ] GC(125) y:      Free:        0M (0%)            0M (0%)            0M (0%)            0M (0%)            0M (0%)            0M (0%)     
[2026-06-17T10:07:40.237+0800][3.544s][info][gc,heap     ] GC(125) y:      Used:       64M (100%)         64M (100%)         64M (100%)         64M (100%)         64M (100%)         64M (100%)   
[2026-06-17T10:07:40.237+0800][3.544s][info][gc,heap     ] GC(125) y: Young Generation Statistics:
[2026-06-17T10:07:40.237+0800][3.545s][info][gc,heap     ] GC(125) y:                Mark Start          Mark End        Relocate Start      Relocate End    
[2026-06-17T10:07:40.237+0800][3.545s][info][gc,heap     ] GC(125) y:      Used:       10M (16%)          10M (16%)          10M (16%)          10M (16%)    
[2026-06-17T10:07:40.237+0800][3.545s][info][gc,heap     ] GC(125) y:      Live:         -                 6M (10%)           6M (10%)           6M (10%)    
[2026-06-17T10:07:40.237+0800][3.545s][info][gc,heap     ] GC(125) y:   Garbage:         -                 3M (6%)            3M (6%)            0M (0%)     
[2026-06-17T10:07:40.237+0800][3.545s][info][gc,heap     ] GC(125) y: Allocated:         -                 0M (0%)            0M (0%)            3M (6%)     
[2026-06-17T10:07:40.238+0800][3.545s][info][gc,heap     ] GC(125) y: Reclaimed:         -                  -                 0M (0%)            3M (6%)     
[2026-06-17T10:07:40.238+0800][3.545s][info][gc,heap     ] GC(125) y:  Promoted:         -                  -                 0M (0%)            0M (0%)     
[2026-06-17T10:07:40.238+0800][3.545s][info][gc,heap     ] GC(125) y: Compacted:         -                  -                  -                 0M (1%)     
[2026-06-17T10:07:40.238+0800][3.545s][info][gc,phases   ] GC(125) y: Young Generation 64M(100%)->64M(100%) 0.003s
[2026-06-17T10:07:40.238+0800][3.545s][info][gc          ] GC(125) Minor Collection (Allocation Stall) 64M(100%)->64M(100%) 0.006s
[2026-06-17T10:07:40.238+0800][3.545s][info][gc,task     ] GC(124) O: Using 1 Workers for Old Generation
[2026-06-17T10:07:40.238+0800][3.546s][info][gc,task     ] GC(124) O: Using 1 Workers for Old Generation
[2026-06-17T10:07:40.238+0800][3.546s][info][gc,phases   ] GC(124) O: Concurrent Remap Roots 0.307ms
[2026-06-17T10:07:40.238+0800][3.546s][info][gc,phases   ] GC(124) O: Pause Relocate Start 0.005ms
[2026-06-17T10:07:40.239+0800][3.546s][info][gc          ] GC(126) Minor Collection (High Usage)
[2026-06-17T10:07:40.239+0800][3.546s][info][gc,task     ] GC(126) Using 1 Workers for Young Generation
[2026-06-17T10:07:40.239+0800][3.546s][info][gc,phases   ] GC(126) y: Young Generation
[2026-06-17T10:07:40.239+0800][3.546s][info][gc          ] Allocation Stall (main) 10.591ms
[2026-06-17T10:07:40.239+0800][3.546s][info][gc,phases   ] GC(124) O: Concurrent Relocate 0.495ms
[2026-06-17T10:07:40.239+0800][3.547s][info][gc,phases   ] GC(126) y: Pause Mark Start 0.006ms
[2026-06-17T10:07:40.240+0800][3.547s][info][gc,phases   ] GC(126) y: Concurrent Mark 0.502ms
[2026-06-17T10:07:40.240+0800][3.548s][info][gc,phases   ] GC(126) y: Pause Mark End 0.005ms
[2026-06-17T10:07:40.240+0800][3.548s][info][gc,phases   ] GC(126) y: Concurrent Mark Free 0.001ms
[2026-06-17T10:07:40.240+0800][3.548s][info][gc,phases   ] GC(126) y: Concurrent Reset Relocation Set 0.001ms
[2026-06-17T10:07:40.240+0800][3.548s][info][gc,reloc    ] GC(126) y: Using tenuring threshold: 2 (Computed)
[2026-06-17T10:07:40.241+0800][3.548s][info][gc,phases   ] GC(126) y: Concurrent Select Relocation Set 0.273ms
[2026-06-17T10:07:40.241+0800][3.548s][info][gc,phases   ] GC(126) y: Pause Relocate Start 0.005ms
[2026-06-17T10:07:40.241+0800][3.549s][info][gc          ] Allocation Stall (main) 1.802ms
[2026-06-17T10:07:40.241+0800][3.549s][info][gc,phases   ] GC(126) y: Concurrent Relocate 0.177ms
[2026-06-17T10:07:40.242+0800][3.549s][info][gc,alloc    ] GC(126) y:                         Mark Start        Mark End      Relocate Start    Relocate End   
[2026-06-17T10:07:40.242+0800][3.549s][info][gc,alloc    ] GC(126) y: Allocation Stalls:          0                1                1                0         
[2026-06-17T10:07:40.242+0800][3.549s][info][gc,load     ] GC(126) y: Load: 0.41 (2%) / 0.44 (2%) / 0.49 (2%)
[2026-06-17T10:07:40.242+0800][3.549s][info][gc,mmu      ] GC(126) y: MMU: 2ms/98.5%, 5ms/99.1%, 10ms/99.4%, 20ms/99.6%, 50ms/99.7%, 100ms/99.7%
[2026-06-17T10:07:40.242+0800][3.549s][info][gc,marking  ] GC(126) y: Mark: 1 stripe(s), 2 proactive flush(es), 1 terminate flush(es), 0 completion(s), 0 continuation(s) 
[2026-06-17T10:07:40.242+0800][3.549s][info][gc,nmethod  ] GC(126) y: NMethods: 71 registered, 6 unregistered
[2026-06-17T10:07:40.242+0800][3.549s][info][gc,metaspace] GC(126) y: Metaspace: 0M used, 0M committed, 1088M reserved
[2026-06-17T10:07:40.242+0800][3.549s][info][gc,reloc    ] GC(126) y:                        Candidates     Selected     In-Place         Size        Empty    Relocated 
[2026-06-17T10:07:40.242+0800][3.550s][info][gc,reloc    ] GC(126) y: Small Pages:                    2            1            1           4M           0M           0M 
[2026-06-17T10:07:40.242+0800][3.550s][info][gc,reloc    ] GC(126) y: Large Pages:                    4            0            0           8M           0M           0M 
[2026-06-17T10:07:40.242+0800][3.550s][info][gc,reloc    ] GC(126) y: Forwarding Usage: 0M
[2026-06-17T10:07:40.242+0800][3.550s][info][gc,reloc    ] GC(126) y: Age Table:
[2026-06-17T10:07:40.242+0800][3.550s][info][gc,reloc    ] GC(126) y:                    Live             Garbage             Small              Medium             Large        
[2026-06-17T10:07:40.243+0800][3.550s][info][gc,reloc    ] GC(126) y: Eden               2M (3%)            0M (0%)           0 / 0              0 / 0              1 / 0        
[2026-06-17T10:07:40.243+0800][3.550s][info][gc,reloc    ] GC(126) y: Survivor 1         2M (3%)            0M (0%)           0 / 0              0 / 0              1 / 0        
[2026-06-17T10:07:40.243+0800][3.550s][info][gc,reloc    ] GC(126) y: Survivor 2         0M (0%)            1M (3%)           1 / 0              0 / 0              0 / 0        
[2026-06-17T10:07:40.243+0800][3.550s][info][gc,reloc    ] GC(126) y: Survivor 3          -                 0M (0%)           0 / 0              0 / 0              0 / 0        
[2026-06-17T10:07:40.243+0800][3.550s][info][gc,reloc    ] GC(126) y: Survivor 4         4M (7%)            1M (3%)           1 / 1              0 / 0              2 / 0        
[2026-06-17T10:07:40.243+0800][3.550s][info][gc,heap     ] GC(126) y: Min Capacity: 64M(100%)
[2026-06-17T10:07:40.243+0800][3.550s][info][gc,heap     ] GC(126) y: Max Capacity: 64M(100%)
[2026-06-17T10:07:40.243+0800][3.550s][info][gc,heap     ] GC(126) y: Soft Max Capacity: 64M(100%)
[2026-06-17T10:07:40.243+0800][3.550s][info][gc,heap     ] GC(126) y: Heap Statistics:
[2026-06-17T10:07:40.243+0800][3.551s][info][gc,heap     ] GC(126) y:                Mark Start          Mark End        Relocate Start      Relocate End           High               Low         
[2026-06-17T10:07:40.243+0800][3.551s][info][gc,heap     ] GC(126) y:  Capacity:       64M (100%)         64M (100%)         64M (100%)         64M (100%)         64M (100%)         64M (100%)   
[2026-06-17T10:07:40.243+0800][3.551s][info][gc,heap     ] GC(126) y:      Free:        2M (3%)            0M (0%)            0M (0%)            0M (0%)            2M (3%)            0M (0%)     
[2026-06-17T10:07:40.243+0800][3.551s][info][gc,heap     ] GC(126) y:      Used:       62M (97%)          64M (100%)         64M (100%)         64M (100%)         64M (100%)         62M (97%)    
[2026-06-17T10:07:40.244+0800][3.551s][info][gc,heap     ] GC(126) y: Young Generation Statistics:
[2026-06-17T10:07:40.244+0800][3.551s][info][gc,heap     ] GC(126) y:                Mark Start          Mark End        Relocate Start      Relocate End    
[2026-06-17T10:07:40.244+0800][3.551s][info][gc,heap     ] GC(126) y:      Used:       12M (19%)          14M (22%)          10M (16%)           6M (9%)     
[2026-06-17T10:07:40.244+0800][3.551s][info][gc,heap     ] GC(126) y:      Live:         -                 8M (13%)           4M (7%)            4M (6%)     
[2026-06-17T10:07:40.244+0800][3.551s][info][gc,heap     ] GC(126) y:   Garbage:         -                 3M (6%)            3M (6%)            0M (0%)     
[2026-06-17T10:07:40.244+0800][3.551s][info][gc,heap     ] GC(126) y: Allocated:         -                 2M (3%)            2M (3%)            2M (3%)     
[2026-06-17T10:07:40.244+0800][3.551s][info][gc,heap     ] GC(126) y: Reclaimed:         -                  -                 0M (0%)            3M (6%)     
[2026-06-17T10:07:40.244+0800][3.552s][info][gc,heap     ] GC(126) y:  Promoted:         -                  -                 4M (6%)            4M (7%)     
[2026-06-17T10:07:40.244+0800][3.552s][info][gc,heap     ] GC(126) y: Compacted:         -                  -                  -                 0M (0%)     
[2026-06-17T10:07:40.244+0800][3.552s][info][gc,phases   ] GC(126) y: Young Generation 64M(100%)->64M(100%) 0.003s
[2026-06-17T10:07:40.245+0800][3.552s][info][gc          ] GC(126) Minor Collection (High Usage) 64M(100%)->64M(100%) 0.006s
[2026-06-17T10:07:40.245+0800][3.552s][info][gc          ] GC(127) Minor Collection (Allocation Stall)
[2026-06-17T10:07:40.245+0800][3.552s][info][gc,task     ] GC(127) Using 1 Workers for Young Generation
[2026-06-17T10:07:40.245+0800][3.552s][info][gc,phases   ] GC(127) y: Young Generation
[2026-06-17T10:07:40.245+0800][3.552s][info][gc,phases   ] GC(127) y: Pause Mark Start 0.008ms
[2026-06-17T10:07:40.246+0800][3.553s][info][gc,phases   ] GC(127) y: Concurrent Mark 0.350ms
[2026-06-17T10:07:40.246+0800][3.553s][info][gc,phases   ] GC(127) y: Pause Mark End 0.011ms
[2026-06-17T10:07:40.246+0800][3.553s][info][gc,phases   ] GC(127) y: Concurrent Mark Free 0.001ms
[2026-06-17T10:07:40.246+0800][3.553s][info][gc,phases   ] GC(127) y: Concurrent Reset Relocation Set 0.002ms
[2026-06-17T10:07:40.246+0800][3.554s][info][gc,reloc    ] GC(127) y: Using tenuring threshold: 3 (Computed)
[2026-06-17T10:07:40.246+0800][3.554s][info][gc,phases   ] GC(127) y: Concurrent Select Relocation Set 0.178ms
[2026-06-17T10:07:40.247+0800][3.554s][info][gc,phases   ] GC(127) y: Pause Relocate Start 0.007ms
[2026-06-17T10:07:40.247+0800][3.554s][info][gc,phases   ] GC(127) y: Concurrent Relocate 0.083ms
[2026-06-17T10:07:40.247+0800][3.554s][info][gc,alloc    ] GC(127) y:                         Mark Start        Mark End      Relocate Start    Relocate End   
[2026-06-17T10:07:40.247+0800][3.554s][info][gc,alloc    ] GC(127) y: Allocation Stalls:          1                1                1                1         
[2026-06-17T10:07:40.247+0800][3.554s][info][gc,load     ] GC(127) y: Load: 0.41 (2%) / 0.44 (2%) / 0.49 (2%)
[2026-06-17T10:07:40.247+0800][3.555s][info][gc,mmu      ] GC(127) y: MMU: 2ms/98.5%, 5ms/99.1%, 10ms/99.4%, 20ms/99.6%, 50ms/99.7%, 100ms/99.7%
[2026-06-17T10:07:40.247+0800][3.555s][info][gc,marking  ] GC(127) y: Mark: 1 stripe(s), 1 proactive flush(es), 1 terminate flush(es), 0 completion(s), 0 continuation(s) 
[2026-06-17T10:07:40.247+0800][3.555s][info][gc,nmethod  ] GC(127) y: NMethods: 71 registered, 6 unregistered
[2026-06-17T10:07:40.248+0800][3.555s][info][gc,metaspace] GC(127) y: Metaspace: 0M used, 0M committed, 1088M reserved
[2026-06-17T10:07:40.248+0800][3.555s][info][gc,reloc    ] GC(127) y:                        Candidates     Selected     In-Place         Size        Empty    Relocated 
[2026-06-17T10:07:40.248+0800][3.555s][info][gc,reloc    ] GC(127) y: Small Pages:                    1            0            0           2M           0M           0M 
[2026-06-17T10:07:40.248+0800][3.555s][info][gc,reloc    ] GC(127) y: Large Pages:                    3            0            0           6M           0M           0M 
[2026-06-17T10:07:40.248+0800][3.555s][info][gc,reloc    ] GC(127) y: Forwarding Usage: 0M
[2026-06-17T10:07:40.248+0800][3.555s][info][gc,reloc    ] GC(127) y: Age Table:
[2026-06-17T10:07:40.248+0800][3.555s][info][gc,reloc    ] GC(127) y:                    Live             Garbage             Small              Medium             Large        
[2026-06-17T10:07:40.248+0800][3.556s][info][gc,reloc    ] GC(127) y: Eden               2M (4%)            1M (2%)           1 / 0              0 / 0              1 / 0        
[2026-06-17T10:07:40.248+0800][3.556s][info][gc,reloc    ] GC(127) y: Survivor 1         2M (3%)            0M (0%)           0 / 0              0 / 0              1 / 0        
[2026-06-17T10:07:40.248+0800][3.556s][info][gc,reloc    ] GC(127) y: Survivor 2         2M (3%)            0M (0%)           0 / 0              0 / 0              1 / 0        
[2026-06-17T10:07:40.248+0800][3.556s][info][gc,heap     ] GC(127) y: Min Capacity: 64M(100%)
[2026-06-17T10:07:40.248+0800][3.556s][info][gc,heap     ] GC(127) y: Max Capacity: 64M(100%)
[2026-06-17T10:07:40.249+0800][3.556s][info][gc,heap     ] GC(127) y: Soft Max Capacity: 64M(100%)
[2026-06-17T10:07:40.249+0800][3.556s][info][gc,heap     ] GC(127) y: Heap Statistics:
[2026-06-17T10:07:40.249+0800][3.556s][info][gc,heap     ] GC(127) y:                Mark Start          Mark End        Relocate Start      Relocate End           High               Low         
[2026-06-17T10:07:40.249+0800][3.556s][info][gc,heap     ] GC(127) y:  Capacity:       64M (100%)         64M (100%)         64M (100%)         64M (100%)         64M (100%)         64M (100%)   
[2026-06-17T10:07:40.249+0800][3.556s][info][gc,heap     ] GC(127) y:      Free:        0M (0%)            0M (0%)            0M (0%)            0M (0%)            0M (0%)            0M (0%)     
[2026-06-17T10:07:40.249+0800][3.556s][info][gc,heap     ] GC(127) y:      Used:       64M (100%)         64M (100%)         64M (100%)         64M (100%)         64M (100%)         64M (100%)   
[2026-06-17T10:07:40.249+0800][3.557s][info][gc,heap     ] GC(127) y: Young Generation Statistics:
[2026-06-17T10:07:40.249+0800][3.557s][info][gc,heap     ] GC(127) y:                Mark Start          Mark End        Relocate Start      Relocate End    
[2026-06-17T10:07:40.249+0800][3.557s][info][gc,heap     ] GC(127) y:      Used:        8M (12%)           8M (12%)           8M (12%)           8M (12%)    
[2026-06-17T10:07:40.249+0800][3.557s][info][gc,heap     ] GC(127) y:      Live:         -                 6M (10%)           6M (10%)           6M (10%)    
[2026-06-17T10:07:40.250+0800][3.557s][info][gc,heap     ] GC(127) y:   Garbage:         -                 1M (2%)            1M (2%)            1M (2%)     
[2026-06-17T10:07:40.250+0800][3.557s][info][gc,heap     ] GC(127) y: Allocated:         -                 0M (0%)            0M (0%)            0M (0%)     
[2026-06-17T10:07:40.250+0800][3.557s][info][gc,heap     ] GC(127) y: Reclaimed:         -                  -                 0M (0%)            0M (0%)     
[2026-06-17T10:07:40.250+0800][3.557s][info][gc,heap     ] GC(127) y:  Promoted:         -                  -                 0M (0%)            0M (0%)     
[2026-06-17T10:07:40.250+0800][3.557s][info][gc,heap     ] GC(127) y: Compacted:         -                  -                  -                 0M (0%)     
[2026-06-17T10:07:40.250+0800][3.557s][info][gc,phases   ] GC(127) y: Young Generation 64M(100%)->64M(100%) 0.002s
[2026-06-17T10:07:40.250+0800][3.557s][info][gc          ] GC(127) Minor Collection (Allocation Stall) 64M(100%)->64M(100%) 0.005s
[2026-06-17T10:07:40.250+0800][3.558s][info][gc,alloc    ] GC(124) O:                         Mark Start        Mark End      Relocate Start    Relocate End   
[2026-06-17T10:07:40.250+0800][3.558s][info][gc,alloc    ] GC(124) O: Allocation Stalls:          1                1                1                0         
[2026-06-17T10:07:40.250+0800][3.558s][info][gc,load     ] GC(124) O: Load: 0.41 (2%) / 0.44 (2%) / 0.49 (2%)
[2026-06-17T10:07:40.251+0800][3.558s][info][gc,mmu      ] GC(124) O: MMU: 2ms/98.5%, 5ms/99.1%, 10ms/99.4%, 20ms/99.6%, 50ms/99.7%, 100ms/99.7%
[2026-06-17T10:07:40.251+0800][3.558s][info][gc,marking  ] GC(124) O: Mark: 1 stripe(s), 1 proactive flush(es), 1 terminate flush(es), 0 completion(s), 0 continuation(s) 
[2026-06-17T10:07:40.251+0800][3.558s][info][gc,nmethod  ] GC(124) O: NMethods: 71 registered, 6 unregistered
[2026-06-17T10:07:40.251+0800][3.558s][info][gc,metaspace] GC(124) O: Metaspace: 0M used, 0M committed, 1088M reserved
[2026-06-17T10:07:40.251+0800][3.558s][info][gc,ref      ] GC(124) O:                       Encountered   Discovered     Enqueued 
[2026-06-17T10:07:40.251+0800][3.559s][info][gc,ref      ] GC(124) O: Soft References:                0            0            0 
[2026-06-17T10:07:40.251+0800][3.559s][info][gc,ref      ] GC(124) O: Weak References:                6            0            0 
[2026-06-17T10:07:40.251+0800][3.559s][info][gc,ref      ] GC(124) O: Final References:               0            0            0 
[2026-06-17T10:07:40.251+0800][3.559s][info][gc,ref      ] GC(124) O: Phantom References:             1            1            0 
[2026-06-17T10:07:40.252+0800][3.559s][info][gc,reloc    ] GC(124) O:                        Candidates     Selected     In-Place         Size        Empty    Relocated 
[2026-06-17T10:07:40.252+0800][3.559s][info][gc,reloc    ] GC(124) O: Small Pages:                    4            2            1           8M           0M           1M 
[2026-06-17T10:07:40.252+0800][3.559s][info][gc,reloc    ] GC(124) O: Large Pages:                   23            0            0          46M           0M           0M 
[2026-06-17T10:07:40.252+0800][3.559s][info][gc,reloc    ] GC(124) O: Forwarding Usage: 0M
[2026-06-17T10:07:40.252+0800][3.559s][info][gc,heap     ] GC(124) O: Min Capacity: 64M(100%)
[2026-06-17T10:07:40.252+0800][3.559s][info][gc,heap     ] GC(124) O: Max Capacity: 64M(100%)
[2026-06-17T10:07:40.252+0800][3.559s][info][gc,heap     ] GC(124) O: Soft Max Capacity: 64M(100%)
[2026-06-17T10:07:40.252+0800][3.559s][info][gc,heap     ] GC(124) O: Heap Statistics:
[2026-06-17T10:07:40.252+0800][3.559s][info][gc,heap     ] GC(124) O:                Mark Start          Mark End        Relocate Start      Relocate End           High               Low         
[2026-06-17T10:07:40.252+0800][3.560s][info][gc,heap     ] GC(124) O:  Capacity:       64M (100%)         64M (100%)         64M (100%)         64M (100%)         64M (100%)         64M (100%)   
[2026-06-17T10:07:40.252+0800][3.560s][info][gc,heap     ] GC(124) O:      Free:        0M (0%)            0M (0%)            0M (0%)            2M (3%)            2M (3%)            0M (0%)     
[2026-06-17T10:07:40.252+0800][3.560s][info][gc,heap     ] GC(124) O:      Used:       64M (100%)         64M (100%)         64M (100%)         62M (97%)          64M (100%)         62M (97%)    
[2026-06-17T10:07:40.252+0800][3.560s][info][gc,heap     ] GC(124) O: Old Generation Statistics:
[2026-06-17T10:07:40.252+0800][3.560s][info][gc,heap     ] GC(124) O:                Mark Start          Mark End        Relocate Start      Relocate End    
[2026-06-17T10:07:40.253+0800][3.560s][info][gc,heap     ] GC(124) O:      Used:       54M (84%)          54M (84%)          54M (84%)          50M (78%)    
[2026-06-17T10:07:40.253+0800][3.560s][info][gc,heap     ] GC(124) O:      Live:         -                49M (77%)          49M (77%)          49M (77%)    
[2026-06-17T10:07:40.253+0800][3.560s][info][gc,heap     ] GC(124) O:   Garbage:         -                 4M (8%)            4M (8%)            0M (1%)     
[2026-06-17T10:07:40.253+0800][3.560s][info][gc,heap     ] GC(124) O: Allocated:         -                 0M (0%)            0M (0%)            0M (1%)     
[2026-06-17T10:07:40.253+0800][3.560s][info][gc,heap     ] GC(124) O: Reclaimed:         -                  -                 0M (0%)            4M (7%)     
[2026-06-17T10:07:40.253+0800][3.561s][info][gc,heap     ] GC(124) O: Compacted:         -                  -                  -                 1M (3%)     
[2026-06-17T10:07:40.253+0800][3.561s][info][gc,phases   ] GC(124) O: Old Generation 64M(100%)->62M(97%) 0.019s
[2026-06-17T10:07:40.253+0800][3.561s][info][gc          ] GC(124) Major Collection (Allocation Rate) 62M(97%)->64M(100%) 0.027s
[2026-06-17T10:07:40.253+0800][3.561s][info][gc          ] GC(128) Major Collection (Allocation Stall)
[2026-06-17T10:07:40.253+0800][3.561s][info][gc,task     ] GC(128) Using 1 Workers for Young Generation
[2026-06-17T10:07:40.253+0800][3.561s][info][gc,task     ] GC(128) Using 1 Workers for Old Generation
[2026-06-17T10:07:40.254+0800][3.561s][info][gc,phases   ] GC(128) Y: Young Generation (Promote All)
[2026-06-17T10:07:40.254+0800][3.561s][info][gc,phases   ] GC(128) Y: Pause Mark Start 0.007ms
[2026-06-17T10:07:40.254+0800][3.562s][info][gc,phases   ] GC(128) Y: Concurrent Mark 0.341ms
[2026-06-17T10:07:40.254+0800][3.562s][info][gc,phases   ] GC(128) Y: Pause Mark End 0.004ms
[2026-06-17T10:07:40.255+0800][3.562s][info][gc,phases   ] GC(128) Y: Concurrent Mark Free 0.000ms
[2026-06-17T10:07:40.255+0800][3.562s][info][gc,phases   ] GC(128) Y: Concurrent Reset Relocation Set 0.000ms
[2026-06-17T10:07:40.255+0800][3.562s][info][gc,reloc    ] GC(128) Y: Using tenuring threshold: 0 (Promote All)
[2026-06-17T10:07:40.255+0800][3.562s][info][gc,phases   ] GC(128) Y: Concurrent Select Relocation Set 0.211ms
[2026-06-17T10:07:40.255+0800][3.562s][info][gc,phases   ] GC(128) Y: Pause Relocate Start 0.003ms
[2026-06-17T10:07:40.255+0800][3.563s][info][gc,phases   ] GC(128) Y: Concurrent Relocate 0.095ms
[2026-06-17T10:07:40.255+0800][3.563s][info][gc,alloc    ] GC(128) Y:                         Mark Start        Mark End      Relocate Start    Relocate End   
[2026-06-17T10:07:40.255+0800][3.563s][info][gc,alloc    ] GC(128) Y: Allocation Stalls:          1                1                1                1         
[2026-06-17T10:07:40.256+0800][3.563s][info][gc,load     ] GC(128) Y: Load: 0.41 (2%) / 0.44 (2%) / 0.49 (2%)
[2026-06-17T10:07:40.256+0800][3.564s][info][gc,mmu      ] GC(128) Y: MMU: 2ms/98.5%, 5ms/99.1%, 10ms/99.4%, 20ms/99.6%, 50ms/99.7%, 100ms/99.7%
[2026-06-17T10:07:40.256+0800][3.564s][info][gc,marking  ] GC(128) Y: Mark: 1 stripe(s), 1 proactive flush(es), 1 terminate flush(es), 0 completion(s), 0 continuation(s) 
[2026-06-17T10:07:40.256+0800][3.564s][info][gc,nmethod  ] GC(128) Y: NMethods: 71 registered, 6 unregistered
[2026-06-17T10:07:40.257+0800][3.564s][info][gc,metaspace] GC(128) Y: Metaspace: 0M used, 0M committed, 1088M reserved
[2026-06-17T10:07:40.257+0800][3.564s][info][gc,reloc    ] GC(128) Y:                        Candidates     Selected     In-Place         Size        Empty    Relocated 
[2026-06-17T10:07:40.257+0800][3.564s][info][gc,reloc    ] GC(128) Y: Small Pages:                    1            0            0           2M           0M           0M 
[2026-06-17T10:07:40.257+0800][3.564s][info][gc,reloc    ] GC(128) Y: Large Pages:                    3            0            0           6M           0M           0M 
[2026-06-17T10:07:40.257+0800][3.565s][info][gc,reloc    ] GC(128) Y: Forwarding Usage: 0M
[2026-06-17T10:07:40.257+0800][3.565s][info][gc,reloc    ] GC(128) Y: Age Table:
[2026-06-17T10:07:40.257+0800][3.565s][info][gc,reloc    ] GC(128) Y:                    Live             Garbage             Small              Medium             Large        
[2026-06-17T10:07:40.258+0800][3.565s][info][gc,reloc    ] GC(128) Y: Eden                -                 0M (0%)           0 / 0              0 / 0              0 / 0        
[2026-06-17T10:07:40.258+0800][3.565s][info][gc,reloc    ] GC(128) Y: Survivor 1         2M (4%)            1M (2%)           1 / 0              0 / 0              1 / 0        
[2026-06-17T10:07:40.258+0800][3.565s][info][gc,reloc    ] GC(128) Y: Survivor 2         2M (3%)            0M (0%)           0 / 0              0 / 0              1 / 0        
[2026-06-17T10:07:40.258+0800][3.565s][info][gc,reloc    ] GC(128) Y: Survivor 3         2M (3%)            0M (0%)           0 / 0              0 / 0              1 / 0        
[2026-06-17T10:07:40.258+0800][3.565s][info][gc,heap     ] GC(128) Y: Min Capacity: 64M(100%)
[2026-06-17T10:07:40.258+0800][3.566s][info][gc,heap     ] GC(128) Y: Max Capacity: 64M(100%)
[2026-06-17T10:07:40.258+0800][3.566s][info][gc,heap     ] GC(128) Y: Soft Max Capacity: 64M(100%)
[2026-06-17T10:07:40.258+0800][3.566s][info][gc,heap     ] GC(128) Y: Heap Statistics:
[2026-06-17T10:07:40.258+0800][3.566s][info][gc,heap     ] GC(128) Y:                Mark Start          Mark End        Relocate Start      Relocate End           High               Low         
[2026-06-17T10:07:40.259+0800][3.566s][info][gc,heap     ] GC(128) Y:  Capacity:       64M (100%)         64M (100%)         64M (100%)         64M (100%)         64M (100%)         64M (100%)   
[2026-06-17T10:07:40.259+0800][3.566s][info][gc,heap     ] GC(128) Y:      Free:        0M (0%)            0M (0%)            0M (0%)            0M (0%)            0M (0%)            0M (0%)     
[2026-06-17T10:07:40.259+0800][3.566s][info][gc,heap     ] GC(128) Y:      Used:       64M (100%)         64M (100%)         64M (100%)         64M (100%)         64M (100%)         64M (100%)   
[2026-06-17T10:07:40.259+0800][3.566s][info][gc,heap     ] GC(128) Y: Young Generation Statistics:
[2026-06-17T10:07:40.259+0800][3.566s][info][gc,heap     ] GC(128) Y:                Mark Start          Mark End        Relocate Start      Relocate End    
[2026-06-17T10:07:40.259+0800][3.566s][info][gc,heap     ] GC(128) Y:      Used:        8M (12%)           8M (12%)           0M (0%)            0M (0%)     
[2026-06-17T10:07:40.259+0800][3.566s][info][gc,heap     ] GC(128) Y:      Live:         -                 6M (10%)           0M (0%)            0M (0%)     
[2026-06-17T10:07:40.259+0800][3.567s][info][gc,heap     ] GC(128) Y:   Garbage:         -                 1M (2%)            0M (0%)            0M (0%)     
[2026-06-17T10:07:40.259+0800][3.567s][info][gc,heap     ] GC(128) Y: Allocated:         -                 0M (0%)            0M (0%)            0M (0%)     
[2026-06-17T10:07:40.259+0800][3.567s][info][gc,heap     ] GC(128) Y: Reclaimed:         -                  -                 1M (2%)            1M (2%)     
[2026-06-17T10:07:40.259+0800][3.567s][info][gc,heap     ] GC(128) Y:  Promoted:         -                  -                 6M (10%)           6M (10%)    
[2026-06-17T10:07:40.259+0800][3.567s][info][gc,heap     ] GC(128) Y: Compacted:         -                  -                  -                 0M (0%)     
[2026-06-17T10:07:40.260+0800][3.567s][info][gc,phases   ] GC(128) Y: Young Generation (Promote All) 64M(100%)->64M(100%) 0.002s
[2026-06-17T10:07:40.260+0800][3.567s][info][gc,phases   ] GC(128) Y: Young Generation (Collect Roots)
[2026-06-17T10:07:40.260+0800][3.567s][info][gc,phases   ] GC(128) Y: Pause Mark Start (Major) 0.009ms
[2026-06-17T10:07:40.260+0800][3.568s][info][gc,phases   ] GC(128) Y: Concurrent Mark 0.341ms
[2026-06-17T10:07:40.260+0800][3.568s][info][gc,phases   ] GC(128) Y: Pause Mark End 0.005ms
[2026-06-17T10:07:40.261+0800][3.568s][info][gc,phases   ] GC(128) Y: Concurrent Mark Free 0.000ms
[2026-06-17T10:07:40.261+0800][3.568s][info][gc,phases   ] GC(128) Y: Concurrent Reset Relocation Set 0.002ms
[2026-06-17T10:07:40.261+0800][3.568s][info][gc,reloc    ] GC(128) Y: Using tenuring threshold: 0 (Computed)
[2026-06-17T10:07:40.261+0800][3.568s][info][gc,phases   ] GC(128) Y: Concurrent Select Relocation Set 0.174ms
[2026-06-17T10:07:40.261+0800][3.568s][info][gc,phases   ] GC(128) Y: Pause Relocate Start 0.009ms
[2026-06-17T10:07:40.261+0800][3.569s][info][gc,phases   ] GC(128) Y: Concurrent Relocate 0.084ms
[2026-06-17T10:07:40.261+0800][3.569s][info][gc,alloc    ] GC(128) Y:                         Mark Start        Mark End      Relocate Start    Relocate End   
[2026-06-17T10:07:40.261+0800][3.569s][info][gc,alloc    ] GC(128) Y: Allocation Stalls:          1                1                1                1         
[2026-06-17T10:07:40.261+0800][3.569s][info][gc,load     ] GC(128) Y: Load: 0.41 (2%) / 0.44 (2%) / 0.49 (2%)
[2026-06-17T10:07:40.262+0800][3.569s][info][gc,mmu      ] GC(128) Y: MMU: 2ms/98.5%, 5ms/99.1%, 10ms/99.4%, 20ms/99.6%, 50ms/99.7%, 100ms/99.7%
[2026-06-17T10:07:40.262+0800][3.569s][info][gc,marking  ] GC(128) Y: Mark: 1 stripe(s), 1 proactive flush(es), 1 terminate flush(es), 0 completion(s), 0 continuation(s) 
[2026-06-17T10:07:40.262+0800][3.569s][info][gc,nmethod  ] GC(128) Y: NMethods: 71 registered, 6 unregistered
[2026-06-17T10:07:40.262+0800][3.569s][info][gc,metaspace] GC(128) Y: Metaspace: 0M used, 0M committed, 1088M reserved
[2026-06-17T10:07:40.262+0800][3.569s][info][gc,heap     ] GC(128) Y: Min Capacity: 64M(100%)
[2026-06-17T10:07:40.262+0800][3.570s][info][gc,heap     ] GC(128) Y: Max Capacity: 64M(100%)
[2026-06-17T10:07:40.262+0800][3.570s][info][gc,heap     ] GC(128) Y: Soft Max Capacity: 64M(100%)
[2026-06-17T10:07:40.262+0800][3.570s][info][gc,heap     ] GC(128) Y: Heap Statistics:
[2026-06-17T10:07:40.262+0800][3.570s][info][gc,heap     ] GC(128) Y:                Mark Start          Mark End        Relocate Start      Relocate End           High               Low         
[2026-06-17T10:07:40.262+0800][3.570s][info][gc,heap     ] GC(128) Y:  Capacity:       64M (100%)         64M (100%)         64M (100%)         64M (100%)         64M (100%)         64M (100%)   
[2026-06-17T10:07:40.263+0800][3.570s][info][gc,heap     ] GC(128) Y:      Free:        0M (0%)            0M (0%)            0M (0%)            0M (0%)            0M (0%)            0M (0%)     
[2026-06-17T10:07:40.263+0800][3.570s][info][gc,heap     ] GC(128) Y:      Used:       64M (100%)         64M (100%)         64M (100%)         64M (100%)         64M (100%)         64M (100%)   
[2026-06-17T10:07:40.263+0800][3.570s][info][gc,heap     ] GC(128) Y: Young Generation Statistics:
[2026-06-17T10:07:40.263+0800][3.570s][info][gc,heap     ] GC(128) Y:                Mark Start          Mark End        Relocate Start      Relocate End    
[2026-06-17T10:07:40.263+0800][3.570s][info][gc,heap     ] GC(128) Y:      Used:        0M (0%)            0M (0%)            0M (0%)            0M (0%)     
[2026-06-17T10:07:40.263+0800][3.570s][info][gc,heap     ] GC(128) Y:      Live:         -                 0M (0%)            0M (0%)            0M (0%)     
[2026-06-17T10:07:40.263+0800][3.570s][info][gc,heap     ] GC(128) Y:   Garbage:         -                 0M (0%)            0M (0%)            0M (0%)     
[2026-06-17T10:07:40.263+0800][3.570s][info][gc,heap     ] GC(128) Y: Allocated:         -                 0M (0%)            0M (0%)            0M (0%)     
[2026-06-17T10:07:40.263+0800][3.571s][info][gc,heap     ] GC(128) Y: Reclaimed:         -                  -                 0M (0%)            0M (0%)     
[2026-06-17T10:07:40.263+0800][3.571s][info][gc,heap     ] GC(128) Y:  Promoted:         -                  -                 0M (0%)            0M (0%)     
[2026-06-17T10:07:40.263+0800][3.571s][info][gc,heap     ] GC(128) Y: Compacted:         -                  -                  -                 0M (0%)     
[2026-06-17T10:07:40.264+0800][3.571s][info][gc,phases   ] GC(128) Y: Young Generation (Collect Roots) 64M(100%)->64M(100%) 0.002s
[2026-06-17T10:07:40.264+0800][3.571s][info][gc,phases   ] GC(128) O: Old Generation
[2026-06-17T10:07:40.265+0800][3.572s][info][gc,phases   ] GC(128) O: Concurrent Mark 1.037ms
[2026-06-17T10:07:40.265+0800][3.572s][info][gc,phases   ] GC(128) O: Pause Mark End 0.006ms
[2026-06-17T10:07:40.265+0800][3.572s][info][gc,phases   ] GC(128) O: Concurrent Mark Free 0.000ms
[2026-06-17T10:07:40.265+0800][3.572s][info][gc,ref      ] GC(128) O: Clearing All SoftReferences
[2026-06-17T10:07:40.265+0800][3.573s][info][gc,phases   ] GC(128) O: Concurrent Process Non-Strong 0.384ms
[2026-06-17T10:07:40.266+0800][3.573s][info][gc,phases   ] GC(128) O: Concurrent Reset Relocation Set 0.001ms
[2026-06-17T10:07:40.266+0800][3.573s][info][gc,phases   ] GC(128) O: Concurrent Select Relocation Set 0.036ms
[2026-06-17T10:07:40.266+0800][3.573s][info][gc,task     ] GC(128) O: Using 1 Workers for Old Generation
[2026-06-17T10:07:40.266+0800][3.573s][info][gc,task     ] GC(128) O: Using 1 Workers for Old Generation
[2026-06-17T10:07:40.266+0800][3.573s][info][gc,phases   ] GC(128) O: Concurrent Remap Roots 0.322ms
[2026-06-17T10:07:40.266+0800][3.574s][info][gc,phases   ] GC(128) O: Pause Relocate Start 0.005ms
[2026-06-17T10:07:40.266+0800][3.574s][info][gc          ] Allocation Stall (main) 24.937ms
[2026-06-17T10:07:40.266+0800][3.574s][info][gc,phases   ] GC(128) O: Concurrent Relocate 0.146ms
[2026-06-17T10:07:40.267+0800][3.574s][info][gc          ] GC(129) Minor Collection (Allocation Stall)
[2026-06-17T10:07:40.267+0800][3.574s][info][gc,task     ] GC(129) Using 1 Workers for Young Generation
[2026-06-17T10:07:40.267+0800][3.574s][info][gc,phases   ] GC(129) y: Young Generation
[2026-06-17T10:07:40.267+0800][3.574s][info][gc,phases   ] GC(129) y: Pause Mark Start 0.005ms
[2026-06-17T10:07:40.267+0800][3.575s][info][gc,phases   ] GC(129) y: Concurrent Mark 0.411ms
[2026-06-17T10:07:40.268+0800][3.575s][info][gc,phases   ] GC(129) y: Pause Mark End 0.004ms
[2026-06-17T10:07:40.268+0800][3.575s][info][gc,phases   ] GC(129) y: Concurrent Mark Free 0.001ms
[2026-06-17T10:07:40.268+0800][3.575s][info][gc,phases   ] GC(129) y: Concurrent Reset Relocation Set 0.000ms
[2026-06-17T10:07:40.268+0800][3.575s][info][gc,reloc    ] GC(129) y: Using tenuring threshold: 1 (Computed)
[2026-06-17T10:07:40.268+0800][3.576s][info][gc,phases   ] GC(129) y: Concurrent Select Relocation Set 0.242ms
[2026-06-17T10:07:40.268+0800][3.576s][info][gc,phases   ] GC(129) y: Pause Relocate Start 0.004ms
[2026-06-17T10:07:40.269+0800][3.576s][info][gc,phases   ] GC(129) y: Concurrent Relocate 0.085ms
[2026-06-17T10:07:40.269+0800][3.576s][info][gc,alloc    ] GC(129) y:                         Mark Start        Mark End      Relocate Start    Relocate End   
[2026-06-17T10:07:40.269+0800][3.576s][info][gc,alloc    ] GC(129) y: Allocation Stalls:          1                1                1                1         
[2026-06-17T10:07:40.269+0800][3.576s][info][gc,load     ] GC(129) y: Load: 0.41 (2%) / 0.44 (2%) / 0.49 (2%)
[2026-06-17T10:07:40.269+0800][3.576s][info][gc,mmu      ] GC(129) y: MMU: 2ms/98.5%, 5ms/99.1%, 10ms/99.4%, 20ms/99.6%, 50ms/99.7%, 100ms/99.7%
[2026-06-17T10:07:40.269+0800][3.576s][info][gc,marking  ] GC(129) y: Mark: 1 stripe(s), 1 proactive flush(es), 1 terminate flush(es), 0 completion(s), 0 continuation(s) 
[2026-06-17T10:07:40.269+0800][3.576s][info][gc,nmethod  ] GC(129) y: NMethods: 71 registered, 6 unregistered
[2026-06-17T10:07:40.269+0800][3.577s][info][gc,metaspace] GC(129) y: Metaspace: 0M used, 0M committed, 1088M reserved
[2026-06-17T10:07:40.269+0800][3.577s][info][gc,reloc    ] GC(129) y:                        Candidates     Selected     In-Place         Size        Empty    Relocated 
[2026-06-17T10:07:40.269+0800][3.577s][info][gc,reloc    ] GC(129) y: Small Pages:                    0            0            0           0M           0M           0M 
[2026-06-17T10:07:40.269+0800][3.577s][info][gc,reloc    ] GC(129) y: Large Pages:                    1            0            0           2M           0M           0M 
[2026-06-17T10:07:40.270+0800][3.577s][info][gc,reloc    ] GC(129) y: Forwarding Usage: 0M
[2026-06-17T10:07:40.270+0800][3.577s][info][gc,reloc    ] GC(129) y: Age Table:
[2026-06-17T10:07:40.270+0800][3.577s][info][gc,reloc    ] GC(129) y:                    Live             Garbage             Small              Medium             Large        
[2026-06-17T10:07:40.270+0800][3.577s][info][gc,reloc    ] GC(129) y: Eden               2M (3%)            0M (0%)           0 / 0              0 / 0              1 / 0        
[2026-06-17T10:07:40.270+0800][3.577s][info][gc,heap     ] GC(129) y: Min Capacity: 64M(100%)
[2026-06-17T10:07:40.270+0800][3.577s][info][gc,heap     ] GC(129) y: Max Capacity: 64M(100%)
[2026-06-17T10:07:40.270+0800][3.577s][info][gc,heap     ] GC(129) y: Soft Max Capacity: 64M(100%)
[2026-06-17T10:07:40.270+0800][3.578s][info][gc,heap     ] GC(129) y: Heap Statistics:
[2026-06-17T10:07:40.270+0800][3.578s][info][gc,heap     ] GC(129) y:                Mark Start          Mark End        Relocate Start      Relocate End           High               Low         
[2026-06-17T10:07:40.270+0800][3.578s][info][gc,heap     ] GC(129) y:  Capacity:       64M (100%)         64M (100%)         64M (100%)         64M (100%)         64M (100%)         64M (100%)   
[2026-06-17T10:07:40.271+0800][3.578s][info][gc,heap     ] GC(129) y:      Free:        0M (0%)            0M (0%)            0M (0%)            0M (0%)            0M (0%)            0M (0%)     
[2026-06-17T10:07:40.271+0800][3.578s][info][gc,heap     ] GC(129) y:      Used:       64M (100%)         64M (100%)         64M (100%)         64M (100%)         64M (100%)         64M (100%)   
[2026-06-17T10:07:40.271+0800][3.578s][info][gc,heap     ] GC(129) y: Young Generation Statistics:
[2026-06-17T10:07:40.271+0800][3.578s][info][gc,heap     ] GC(129) y:                Mark Start          Mark End        Relocate Start      Relocate End    
[2026-06-17T10:07:40.271+0800][3.578s][info][gc,heap     ] GC(129) y:      Used:        2M (3%)            2M (3%)            2M (3%)            2M (3%)     
[2026-06-17T10:07:40.271+0800][3.579s][info][gc,heap     ] GC(129) y:      Live:         -                 2M (3%)            2M (3%)            2M (3%)     
[2026-06-17T10:07:40.271+0800][3.579s][info][gc,heap     ] GC(129) y:   Garbage:         -                 0M (0%)            0M (0%)            0M (0%)     
[2026-06-17T10:07:40.271+0800][3.579s][info][gc,heap     ] GC(129) y: Allocated:         -                 0M (0%)            0M (0%)            0M (0%)     
[2026-06-17T10:07:40.271+0800][3.579s][info][gc,heap     ] GC(129) y: Reclaimed:         -                  -                 0M (0%)            0M (0%)     
[2026-06-17T10:07:40.271+0800][3.579s][info][gc,heap     ] GC(129) y:  Promoted:         -                  -                 0M (0%)            0M (0%)     
[2026-06-17T10:07:40.272+0800][3.579s][info][gc,heap     ] GC(129) y: Compacted:         -                  -                  -                 0M (0%)     
[2026-06-17T10:07:40.272+0800][3.579s][info][gc,phases   ] GC(129) y: Young Generation 64M(100%)->64M(100%) 0.002s
[2026-06-17T10:07:40.272+0800][3.579s][info][gc          ] GC(129) Minor Collection (Allocation Stall) 64M(100%)->64M(100%) 0.005s
[2026-06-17T10:07:40.272+0800][3.579s][info][gc,alloc    ] GC(128) O:                         Mark Start        Mark End      Relocate Start    Relocate End   
[2026-06-17T10:07:40.272+0800][3.579s][info][gc,alloc    ] GC(128) O: Allocation Stalls:          1                1                1                0         
[2026-06-17T10:07:40.272+0800][3.579s][info][gc,load     ] GC(128) O: Load: 0.41 (2%) / 0.44 (2%) / 0.49 (2%)
[2026-06-17T10:07:40.272+0800][3.580s][info][gc,mmu      ] GC(128) O: MMU: 2ms/98.5%, 5ms/99.1%, 10ms/99.4%, 20ms/99.6%, 50ms/99.7%, 100ms/99.7%
[2026-06-17T10:07:40.272+0800][3.580s][info][gc,marking  ] GC(128) O: Mark: 1 stripe(s), 1 proactive flush(es), 1 terminate flush(es), 0 completion(s), 0 continuation(s) 
[2026-06-17T10:07:40.272+0800][3.580s][info][gc,nmethod  ] GC(128) O: NMethods: 71 registered, 6 unregistered
[2026-06-17T10:07:40.273+0800][3.580s][info][gc,metaspace] GC(128) O: Metaspace: 0M used, 0M committed, 1088M reserved
[2026-06-17T10:07:40.273+0800][3.580s][info][gc,ref      ] GC(128) O:                       Encountered   Discovered     Enqueued 
[2026-06-17T10:07:40.273+0800][3.580s][info][gc,ref      ] GC(128) O: Soft References:                0            0            0 
[2026-06-17T10:07:40.273+0800][3.580s][info][gc,ref      ] GC(128) O: Weak References:                6            0            0 
[2026-06-17T10:07:40.273+0800][3.580s][info][gc,ref      ] GC(128) O: Final References:               0            0            0 
[2026-06-17T10:07:40.273+0800][3.581s][info][gc,ref      ] GC(128) O: Phantom References:             1            1            0 
[2026-06-17T10:07:40.273+0800][3.581s][info][gc,reloc    ] GC(128) O:                        Candidates     Selected     In-Place         Size        Empty    Relocated 
[2026-06-17T10:07:40.273+0800][3.581s][info][gc,reloc    ] GC(128) O: Small Pages:                    4            1            1           8M           0M           0M 
[2026-06-17T10:07:40.273+0800][3.581s][info][gc,reloc    ] GC(128) O: Large Pages:                   28            0            0          56M           0M           0M 
[2026-06-17T10:07:40.273+0800][3.581s][info][gc,reloc    ] GC(128) O: Forwarding Usage: 0M
[2026-06-17T10:07:40.274+0800][3.581s][info][gc,heap     ] GC(128) O: Min Capacity: 64M(100%)
[2026-06-17T10:07:40.274+0800][3.581s][info][gc,heap     ] GC(128) O: Max Capacity: 64M(100%)
[2026-06-17T10:07:40.274+0800][3.581s][info][gc,heap     ] GC(128) O: Soft Max Capacity: 64M(100%)
[2026-06-17T10:07:40.274+0800][3.581s][info][gc,heap     ] GC(128) O: Heap Statistics:
[2026-06-17T10:07:40.274+0800][3.581s][info][gc,heap     ] GC(128) O:                Mark Start          Mark End        Relocate Start      Relocate End           High               Low         
[2026-06-17T10:07:40.274+0800][3.581s][info][gc,heap     ] GC(128) O:  Capacity:       64M (100%)         64M (100%)         64M (100%)         64M (100%)         64M (100%)         64M (100%)   
[2026-06-17T10:07:40.274+0800][3.581s][info][gc,heap     ] GC(128) O:      Free:        0M (0%)            0M (0%)            0M (0%)            0M (0%)            2M (3%)            0M (0%)     
[2026-06-17T10:07:40.274+0800][3.582s][info][gc,heap     ] GC(128) O:      Used:       64M (100%)         64M (100%)         64M (100%)         64M (100%)         64M (100%)         62M (97%)    
[2026-06-17T10:07:40.274+0800][3.582s][info][gc,heap     ] GC(128) O: Old Generation Statistics:
[2026-06-17T10:07:40.274+0800][3.582s][info][gc,heap     ] GC(128) O:                Mark Start          Mark End        Relocate Start      Relocate End    
[2026-06-17T10:07:40.275+0800][3.582s][info][gc,heap     ] GC(128) O:      Used:       64M (100%)         64M (100%)         64M (100%)         62M (97%)    
[2026-06-17T10:07:40.275+0800][3.582s][info][gc,heap     ] GC(128) O:      Live:         -                60M (94%)          60M (94%)          60M (94%)    
[2026-06-17T10:07:40.275+0800][3.582s][info][gc,heap     ] GC(128) O:   Garbage:         -                 3M (6%)            3M (6%)            0M (1%)     
[2026-06-17T10:07:40.275+0800][3.582s][info][gc,heap     ] GC(128) O: Allocated:         -                 0M (0%)            0M (0%)            1M (2%)     
[2026-06-17T10:07:40.275+0800][3.583s][info][gc,heap     ] GC(128) O: Reclaimed:         -                  -                 0M (0%)            3M (5%)     
[2026-06-17T10:07:40.275+0800][3.583s][info][gc,heap     ] GC(128) O: Compacted:         -                  -                  -                 0M (1%)     
[2026-06-17T10:07:40.275+0800][3.583s][info][gc,phases   ] GC(128) O: Old Generation 64M(100%)->64M(100%) 0.008s
[2026-06-17T10:07:40.276+0800][3.583s][info][gc          ] GC(128) Major Collection (Allocation Stall) 64M(100%)->64M(100%) 0.022s
[2026-06-17T10:07:40.276+0800][3.583s][info][gc          ] GC(130) Major Collection (Allocation Stall)
[2026-06-17T10:07:40.276+0800][3.583s][info][gc,task     ] GC(130) Using 1 Workers for Young Generation
[2026-06-17T10:07:40.276+0800][3.583s][info][gc,task     ] GC(130) Using 1 Workers for Old Generation
[2026-06-17T10:07:40.276+0800][3.583s][info][gc,phases   ] GC(130) Y: Young Generation (Promote All)
[2026-06-17T10:07:40.277+0800][3.584s][info][gc,phases   ] GC(130) Y: Pause Mark Start 0.010ms
[2026-06-17T10:07:40.277+0800][3.585s][info][gc,phases   ] GC(130) Y: Concurrent Mark 0.454ms
[2026-06-17T10:07:40.278+0800][3.585s][info][gc,phases   ] GC(130) Y: Pause Mark End 0.006ms
[2026-06-17T10:07:40.278+0800][3.585s][info][gc,phases   ] GC(130) Y: Concurrent Mark Free 0.000ms
[2026-06-17T10:07:40.278+0800][3.585s][info][gc,phases   ] GC(130) Y: Concurrent Reset Relocation Set 0.000ms
[2026-06-17T10:07:40.278+0800][3.585s][info][gc,reloc    ] GC(130) Y: Using tenuring threshold: 0 (Promote All)
[2026-06-17T10:07:40.278+0800][3.586s][info][gc,phases   ] GC(130) Y: Concurrent Select Relocation Set 0.226ms
[2026-06-17T10:07:40.278+0800][3.586s][info][gc,phases   ] GC(130) Y: Pause Relocate Start 0.004ms
[2026-06-17T10:07:40.279+0800][3.586s][info][gc,phases   ] GC(130) Y: Concurrent Relocate 0.115ms
[2026-06-17T10:07:40.279+0800][3.586s][info][gc,alloc    ] GC(130) Y:                         Mark Start        Mark End      Relocate Start    Relocate End   
[2026-06-17T10:07:40.279+0800][3.586s][info][gc,alloc    ] GC(130) Y: Allocation Stalls:          1                1                1                1         
[2026-06-17T10:07:40.279+0800][3.586s][info][gc,load     ] GC(130) Y: Load: 0.41 (2%) / 0.44 (2%) / 0.49 (2%)
[2026-06-17T10:07:40.279+0800][3.586s][info][gc,mmu      ] GC(130) Y: MMU: 2ms/98.5%, 5ms/99.1%, 10ms/99.4%, 20ms/99.6%, 50ms/99.7%, 100ms/99.7%
[2026-06-17T10:07:40.279+0800][3.586s][info][gc,marking  ] GC(130) Y: Mark: 1 stripe(s), 1 proactive flush(es), 1 terminate flush(es), 0 completion(s), 0 continuation(s) 
[2026-06-17T10:07:40.279+0800][3.586s][info][gc,nmethod  ] GC(130) Y: NMethods: 71 registered, 6 unregistered
[2026-06-17T10:07:40.279+0800][3.587s][info][gc,metaspace] GC(130) Y: Metaspace: 0M used, 0M committed, 1088M reserved
[2026-06-17T10:07:40.279+0800][3.587s][info][gc,reloc    ] GC(130) Y:                        Candidates     Selected     In-Place         Size        Empty    Relocated 
[2026-06-17T10:07:40.279+0800][3.587s][info][gc,reloc    ] GC(130) Y: Small Pages:                    0            0            0           0M           0M           0M 
[2026-06-17T10:07:40.279+0800][3.587s][info][gc,reloc    ] GC(130) Y: Large Pages:                    1            0            0           2M           0M           0M 
[2026-06-17T10:07:40.279+0800][3.587s][info][gc,reloc    ] GC(130) Y: Forwarding Usage: 0M
[2026-06-17T10:07:40.280+0800][3.587s][info][gc,reloc    ] GC(130) Y: Age Table:
[2026-06-17T10:07:40.280+0800][3.587s][info][gc,reloc    ] GC(130) Y:                    Live             Garbage             Small              Medium             Large        
[2026-06-17T10:07:40.280+0800][3.588s][info][gc,reloc    ] GC(130) Y: Eden                -                 0M (0%)           0 / 0              0 / 0              0 / 0        
[2026-06-17T10:07:40.280+0800][3.588s][info][gc,reloc    ] GC(130) Y: Survivor 1         2M (3%)            0M (0%)           0 / 0              0 / 0              1 / 0        
[2026-06-17T10:07:40.280+0800][3.588s][info][gc,heap     ] GC(130) Y: Min Capacity: 64M(100%)
[2026-06-17T10:07:40.280+0800][3.588s][info][gc,heap     ] GC(130) Y: Max Capacity: 64M(100%)
[2026-06-17T10:07:40.281+0800][3.588s][info][gc,heap     ] GC(130) Y: Soft Max Capacity: 64M(100%)
[2026-06-17T10:07:40.281+0800][3.589s][info][gc,heap     ] GC(130) Y: Heap Statistics:
[2026-06-17T10:07:40.281+0800][3.589s][info][gc,heap     ] GC(130) Y:                Mark Start          Mark End        Relocate Start      Relocate End           High               Low         
[2026-06-17T10:07:40.282+0800][3.589s][info][gc,heap     ] GC(130) Y:  Capacity:       64M (100%)         64M (100%)         64M (100%)         64M (100%)         64M (100%)         64M (100%)   
[2026-06-17T10:07:40.282+0800][3.589s][info][gc,heap     ] GC(130) Y:      Free:        0M (0%)            0M (0%)            0M (0%)            0M (0%)            0M (0%)            0M (0%)     
[2026-06-17T10:07:40.282+0800][3.589s][info][gc,heap     ] GC(130) Y:      Used:       64M (100%)         64M (100%)         64M (100%)         64M (100%)         64M (100%)         64M (100%)   
[2026-06-17T10:07:40.282+0800][3.589s][info][gc,heap     ] GC(130) Y: Young Generation Statistics:
[2026-06-17T10:07:40.282+0800][3.589s][info][gc,heap     ] GC(130) Y:                Mark Start          Mark End        Relocate Start      Relocate End    
[2026-06-17T10:07:40.282+0800][3.590s][info][gc,heap     ] GC(130) Y:      Used:        2M (3%)            2M (3%)            0M (0%)            0M (0%)     
[2026-06-17T10:07:40.282+0800][3.590s][info][gc,heap     ] GC(130) Y:      Live:         -                 2M (3%)            0M (0%)            0M (0%)     
[2026-06-17T10:07:40.282+0800][3.590s][info][gc,heap     ] GC(130) Y:   Garbage:         -                 0M (0%)            0M (0%)            0M (0%)     
[2026-06-17T10:07:40.282+0800][3.590s][info][gc,heap     ] GC(130) Y: Allocated:         -                 0M (0%)            0M (0%)            0M (0%)     
[2026-06-17T10:07:40.282+0800][3.590s][info][gc,heap     ] GC(130) Y: Reclaimed:         -                  -                 0M (0%)            0M (0%)     
[2026-06-17T10:07:40.283+0800][3.590s][info][gc,heap     ] GC(130) Y:  Promoted:         -                  -                 2M (3%)            2M (3%)     
[2026-06-17T10:07:40.283+0800][3.590s][info][gc,heap     ] GC(130) Y: Compacted:         -                  -                  -                 0M (0%)     
[2026-06-17T10:07:40.283+0800][3.590s][info][gc,phases   ] GC(130) Y: Young Generation (Promote All) 64M(100%)->64M(100%) 0.003s
[2026-06-17T10:07:40.283+0800][3.590s][info][gc,phases   ] GC(130) Y: Young Generation (Collect Roots)
[2026-06-17T10:07:40.283+0800][3.590s][info][gc,phases   ] GC(130) Y: Pause Mark Start (Major) 0.012ms
[2026-06-17T10:07:40.284+0800][3.591s][info][gc,phases   ] GC(130) Y: Concurrent Mark 0.445ms
[2026-06-17T10:07:40.284+0800][3.591s][info][gc,phases   ] GC(130) Y: Pause Mark End 0.005ms
[2026-06-17T10:07:40.284+0800][3.591s][info][gc,phases   ] GC(130) Y: Concurrent Mark Free 0.000ms
[2026-06-17T10:07:40.284+0800][3.591s][info][gc,phases   ] GC(130) Y: Concurrent Reset Relocation Set 0.002ms
[2026-06-17T10:07:40.284+0800][3.591s][info][gc,reloc    ] GC(130) Y: Using tenuring threshold: 0 (Computed)
[2026-06-17T10:07:40.284+0800][3.592s][info][gc,phases   ] GC(130) Y: Concurrent Select Relocation Set 0.235ms
[2026-06-17T10:07:40.284+0800][3.592s][info][gc,phases   ] GC(130) Y: Pause Relocate Start 0.003ms
[2026-06-17T10:07:40.284+0800][3.592s][info][gc,phases   ] GC(130) Y: Concurrent Relocate 0.084ms
[2026-06-17T10:07:40.285+0800][3.592s][info][gc,alloc    ] GC(130) Y:                         Mark Start        Mark End      Relocate Start    Relocate End   
[2026-06-17T10:07:40.285+0800][3.592s][info][gc,alloc    ] GC(130) Y: Allocation Stalls:          1                1                1                1         
[2026-06-17T10:07:40.285+0800][3.592s][info][gc,load     ] GC(130) Y: Load: 0.41 (2%) / 0.44 (2%) / 0.49 (2%)
[2026-06-17T10:07:40.285+0800][3.592s][info][gc,mmu      ] GC(130) Y: MMU: 2ms/98.5%, 5ms/99.1%, 10ms/99.4%, 20ms/99.6%, 50ms/99.7%, 100ms/99.7%
[2026-06-17T10:07:40.285+0800][3.592s][info][gc,marking  ] GC(130) Y: Mark: 1 stripe(s), 1 proactive flush(es), 1 terminate flush(es), 0 completion(s), 0 continuation(s) 
[2026-06-17T10:07:40.285+0800][3.592s][info][gc,nmethod  ] GC(130) Y: NMethods: 71 registered, 6 unregistered
[2026-06-17T10:07:40.285+0800][3.593s][info][gc,metaspace] GC(130) Y: Metaspace: 0M used, 0M committed, 1088M reserved
[2026-06-17T10:07:40.285+0800][3.593s][info][gc,heap     ] GC(130) Y: Min Capacity: 64M(100%)
[2026-06-17T10:07:40.285+0800][3.593s][info][gc,heap     ] GC(130) Y: Max Capacity: 64M(100%)
[2026-06-17T10:07:40.285+0800][3.593s][info][gc,heap     ] GC(130) Y: Soft Max Capacity: 64M(100%)
[2026-06-17T10:07:40.286+0800][3.593s][info][gc,heap     ] GC(130) Y: Heap Statistics:
[2026-06-17T10:07:40.286+0800][3.593s][info][gc,heap     ] GC(130) Y:                Mark Start          Mark End        Relocate Start      Relocate End           High               Low         
[2026-06-17T10:07:40.286+0800][3.593s][info][gc,heap     ] GC(130) Y:  Capacity:       64M (100%)         64M (100%)         64M (100%)         64M (100%)         64M (100%)         64M (100%)   
[2026-06-17T10:07:40.286+0800][3.593s][info][gc,heap     ] GC(130) Y:      Free:        0M (0%)            0M (0%)            0M (0%)            0M (0%)            0M (0%)            0M (0%)     
[2026-06-17T10:07:40.286+0800][3.593s][info][gc,heap     ] GC(130) Y:      Used:       64M (100%)         64M (100%)         64M (100%)         64M (100%)         64M (100%)         64M (100%)   
[2026-06-17T10:07:40.286+0800][3.593s][info][gc,heap     ] GC(130) Y: Young Generation Statistics:
[2026-06-17T10:07:40.286+0800][3.594s][info][gc,heap     ] GC(130) Y:                Mark Start          Mark End        Relocate Start      Relocate End    
[2026-06-17T10:07:40.286+0800][3.594s][info][gc,heap     ] GC(130) Y:      Used:        0M (0%)            0M (0%)            0M (0%)            0M (0%)     
[2026-06-17T10:07:40.286+0800][3.594s][info][gc,heap     ] GC(130) Y:      Live:         -                 0M (0%)            0M (0%)            0M (0%)     
[2026-06-17T10:07:40.286+0800][3.594s][info][gc,heap     ] GC(130) Y:   Garbage:         -                 0M (0%)            0M (0%)            0M (0%)     
[2026-06-17T10:07:40.287+0800][3.594s][info][gc,heap     ] GC(130) Y: Allocated:         -                 0M (0%)            0M (0%)            0M (0%)     
[2026-06-17T10:07:40.287+0800][3.594s][info][gc,heap     ] GC(130) Y: Reclaimed:         -                  -                 0M (0%)            0M (0%)     
[2026-06-17T10:07:40.287+0800][3.594s][info][gc,heap     ] GC(130) Y:  Promoted:         -                  -                 0M (0%)            0M (0%)     
[2026-06-17T10:07:40.287+0800][3.594s][info][gc,heap     ] GC(130) Y: Compacted:         -                  -                  -                 0M (0%)     
[2026-06-17T10:07:40.287+0800][3.594s][info][gc,phases   ] GC(130) Y: Young Generation (Collect Roots) 64M(100%)->64M(100%) 0.002s
[2026-06-17T10:07:40.287+0800][3.594s][info][gc,phases   ] GC(130) O: Old Generation
[2026-06-17T10:07:40.288+0800][3.596s][info][gc,phases   ] GC(130) O: Concurrent Mark 1.055ms
[2026-06-17T10:07:40.288+0800][3.596s][info][gc,phases   ] GC(130) O: Pause Mark End 0.008ms
[2026-06-17T10:07:40.288+0800][3.596s][info][gc,phases   ] GC(130) O: Concurrent Mark Free 0.001ms
[2026-06-17T10:07:40.289+0800][3.596s][info][gc,ref      ] GC(130) O: Clearing All SoftReferences
[2026-06-17T10:07:40.289+0800][3.596s][info][gc,phases   ] GC(130) O: Concurrent Process Non-Strong 0.523ms
[2026-06-17T10:07:40.289+0800][3.597s][info][gc,phases   ] GC(130) O: Concurrent Reset Relocation Set 0.001ms
[2026-06-17T10:07:40.289+0800][3.597s][info][gc,phases   ] GC(130) O: Concurrent Select Relocation Set 0.050ms
[2026-06-17T10:07:40.289+0800][3.597s][info][gc,task     ] GC(130) O: Using 1 Workers for Old Generation
[2026-06-17T10:07:40.290+0800][3.597s][info][gc,task     ] GC(130) O: Using 1 Workers for Old Generation
[2026-06-17T10:07:40.290+0800][3.597s][info][gc,phases   ] GC(130) O: Concurrent Remap Roots 0.481ms
[2026-06-17T10:07:40.290+0800][3.598s][info][gc,phases   ] GC(130) O: Pause Relocate Start 0.007ms
[2026-06-17T10:07:40.290+0800][3.598s][info][gc,phases   ] GC(130) O: Concurrent Relocate 0.050ms
[2026-06-17T10:07:40.290+0800][3.598s][info][gc,alloc    ] GC(130) O:                         Mark Start        Mark End      Relocate Start    Relocate End   
[2026-06-17T10:07:40.290+0800][3.598s][info][gc,alloc    ] GC(130) O: Allocation Stalls:          1                1                1                1         
[2026-06-17T10:07:40.291+0800][3.598s][info][gc,load     ] GC(130) O: Load: 0.41 (2%) / 0.44 (2%) / 0.49 (2%)
[2026-06-17T10:07:40.291+0800][3.598s][info][gc,mmu      ] GC(130) O: MMU: 2ms/98.5%, 5ms/99.1%, 10ms/99.4%, 20ms/99.6%, 50ms/99.7%, 100ms/99.7%
[2026-06-17T10:07:40.291+0800][3.598s][info][gc,marking  ] GC(130) O: Mark: 1 stripe(s), 1 proactive flush(es), 1 terminate flush(es), 0 completion(s), 0 continuation(s) 
[2026-06-17T10:07:40.291+0800][3.598s][info][gc,nmethod  ] GC(130) O: NMethods: 71 registered, 6 unregistered
[2026-06-17T10:07:40.291+0800][3.598s][info][gc,metaspace] GC(130) O: Metaspace: 0M used, 0M committed, 1088M reserved
[2026-06-17T10:07:40.291+0800][3.598s][info][gc,ref      ] GC(130) O:                       Encountered   Discovered     Enqueued 
[2026-06-17T10:07:40.291+0800][3.599s][info][gc,ref      ] GC(130) O: Soft References:                0            0            0 
[2026-06-17T10:07:40.291+0800][3.599s][info][gc,ref      ] GC(130) O: Weak References:                6            0            0 
[2026-06-17T10:07:40.291+0800][3.599s][info][gc,ref      ] GC(130) O: Final References:               0            0            0 
[2026-06-17T10:07:40.291+0800][3.599s][info][gc,ref      ] GC(130) O: Phantom References:             1            1            0 
[2026-06-17T10:07:40.292+0800][3.599s][info][gc,reloc    ] GC(130) O:                        Candidates     Selected     In-Place         Size        Empty    Relocated 
[2026-06-17T10:07:40.292+0800][3.599s][info][gc,reloc    ] GC(130) O: Small Pages:                    3            0            0           6M           0M           0M 
[2026-06-17T10:07:40.292+0800][3.599s][info][gc,reloc    ] GC(130) O: Large Pages:                   29            0            0          58M           0M           0M 
[2026-06-17T10:07:40.292+0800][3.599s][info][gc,reloc    ] GC(130) O: Forwarding Usage: 0M
[2026-06-17T10:07:40.292+0800][3.599s][info][gc,heap     ] GC(130) O: Min Capacity: 64M(100%)
[2026-06-17T10:07:40.292+0800][3.599s][info][gc,heap     ] GC(130) O: Max Capacity: 64M(100%)
[2026-06-17T10:07:40.292+0800][3.600s][info][gc,heap     ] GC(130) O: Soft Max Capacity: 64M(100%)
[2026-06-17T10:07:40.292+0800][3.600s][info][gc,heap     ] GC(130) O: Heap Statistics:
[2026-06-17T10:07:40.292+0800][3.600s][info][gc,heap     ] GC(130) O:                Mark Start          Mark End        Relocate Start      Relocate End           High               Low         
[2026-06-17T10:07:40.292+0800][3.600s][info][gc,heap     ] GC(130) O:  Capacity:       64M (100%)         64M (100%)         64M (100%)         64M (100%)         64M (100%)         64M (100%)   
[2026-06-17T10:07:40.292+0800][3.600s][info][gc,heap     ] GC(130) O:      Free:        0M (0%)            0M (0%)            0M (0%)            0M (0%)            0M (0%)            0M (0%)     
[2026-06-17T10:07:40.293+0800][3.600s][info][gc,heap     ] GC(130) O:      Used:       64M (100%)         64M (100%)         64M (100%)         64M (100%)         64M (100%)         64M (100%)   
[2026-06-17T10:07:40.293+0800][3.600s][info][gc,heap     ] GC(130) O: Old Generation Statistics:
[2026-06-17T10:07:40.293+0800][3.600s][info][gc,heap     ] GC(130) O:                Mark Start          Mark End        Relocate Start      Relocate End    
[2026-06-17T10:07:40.293+0800][3.600s][info][gc,heap     ] GC(130) O:      Used:       64M (100%)         64M (100%)         64M (100%)         64M (100%)   
[2026-06-17T10:07:40.293+0800][3.600s][info][gc,heap     ] GC(130) O:      Live:         -                62M (97%)          62M (97%)          62M (97%)    
[2026-06-17T10:07:40.293+0800][3.601s][info][gc,heap     ] GC(130) O:   Garbage:         -                 1M (3%)            1M (3%)            1M (3%)     
[2026-06-17T10:07:40.293+0800][3.601s][info][gc,heap     ] GC(130) O: Allocated:         -                 0M (0%)            0M (0%)            0M (0%)     
[2026-06-17T10:07:40.293+0800][3.601s][info][gc,heap     ] GC(130) O: Reclaimed:         -                  -                 0M (0%)            0M (0%)     
[2026-06-17T10:07:40.293+0800][3.601s][info][gc,heap     ] GC(130) O: Compacted:         -                  -                  -                 0M (0%)     
[2026-06-17T10:07:40.293+0800][3.601s][info][gc,phases   ] GC(130) O: Old Generation 64M(100%)->64M(100%) 0.003s
[2026-06-17T10:07:40.294+0800][3.601s][info][gc          ] GC(130) Major Collection (Allocation Stall) 64M(100%)->64M(100%) 0.018s
[2026-06-17T10:07:40.294+0800][3.601s][info][gc          ] Allocation Stall (main) 27.060ms
[2026-06-17T10:07:40.294+0800][3.602s][info][gc          ] GC(131) Minor Collection (Allocation Stall)
[2026-06-17T10:07:40.294+0800][3.602s][info][gc,task     ] GC(131) Using 1 Workers for Young Generation
[2026-06-17T10:07:40.294+0800][3.602s][info][gc,phases   ] GC(131) y: Young Generation
[2026-06-17T10:07:40.295+0800][3.603s][info][gc,phases   ] GC(131) y: Pause Mark Start 0.008ms
[2026-06-17T10:07:40.296+0800][3.603s][info][gc,phases   ] GC(131) y: Concurrent Mark 0.405ms
[2026-06-17T10:07:40.296+0800][3.603s][info][gc,phases   ] GC(131) y: Pause Mark End 0.009ms
[2026-06-17T10:07:40.296+0800][3.604s][info][gc,phases   ] GC(131) y: Concurrent Mark Free 0.001ms
[2026-06-17T10:07:40.296+0800][3.604s][info][gc,phases   ] GC(131) y: Concurrent Reset Relocation Set 0.001ms
[2026-06-17T10:07:40.296+0800][3.604s][info][gc,reloc    ] GC(131) y: Using tenuring threshold: 0 (Computed)
[2026-06-17T10:07:40.296+0800][3.604s][info][gc,phases   ] GC(131) y: Concurrent Select Relocation Set 0.192ms
[2026-06-17T10:07:40.297+0800][3.604s][info][gc,phases   ] GC(131) y: Pause Relocate Start 0.004ms
[2026-06-17T10:07:40.297+0800][3.604s][info][gc,phases   ] GC(131) y: Concurrent Relocate 0.116ms
[2026-06-17T10:07:40.297+0800][3.604s][info][gc,alloc    ] GC(131) y:                         Mark Start        Mark End      Relocate Start    Relocate End   
[2026-06-17T10:07:40.297+0800][3.604s][info][gc,alloc    ] GC(131) y: Allocation Stalls:          1                1                1                1         
[2026-06-17T10:07:40.297+0800][3.604s][info][gc,load     ] GC(131) y: Load: 0.41 (2%) / 0.44 (2%) / 0.49 (2%)
[2026-06-17T10:07:40.297+0800][3.605s][info][gc,mmu      ] GC(131) y: MMU: 2ms/98.5%, 5ms/99.1%, 10ms/99.4%, 20ms/99.6%, 50ms/99.7%, 100ms/99.7%
[2026-06-17T10:07:40.297+0800][3.605s][info][gc,marking  ] GC(131) y: Mark: 1 stripe(s), 1 proactive flush(es), 1 terminate flush(es), 0 completion(s), 0 continuation(s) 
[2026-06-17T10:07:40.297+0800][3.605s][info][gc,nmethod  ] GC(131) y: NMethods: 71 registered, 6 unregistered
[2026-06-17T10:07:40.297+0800][3.605s][info][gc,metaspace] GC(131) y: Metaspace: 0M used, 0M committed, 1088M reserved
[2026-06-17T10:07:40.297+0800][3.605s][info][gc,heap     ] GC(131) y: Min Capacity: 64M(100%)
[2026-06-17T10:07:40.298+0800][3.605s][info][gc,heap     ] GC(131) y: Max Capacity: 64M(100%)
[2026-06-17T10:07:40.298+0800][3.605s][info][gc,heap     ] GC(131) y: Soft Max Capacity: 64M(100%)
[2026-06-17T10:07:40.298+0800][3.605s][info][gc,heap     ] GC(131) y: Heap Statistics:
[2026-06-17T10:07:40.298+0800][3.605s][info][gc,heap     ] GC(131) y:                Mark Start          Mark End        Relocate Start      Relocate End           High               Low         
[2026-06-17T10:07:40.298+0800][3.605s][info][gc,heap     ] GC(131) y:  Capacity:       64M (100%)         64M (100%)         64M (100%)         64M (100%)         64M (100%)         64M (100%)   
[2026-06-17T10:07:40.298+0800][3.605s][info][gc,heap     ] GC(131) y:      Free:        0M (0%)            0M (0%)            0M (0%)            0M (0%)            0M (0%)            0M (0%)     
[2026-06-17T10:07:40.298+0800][3.606s][info][gc,heap     ] GC(131) y:      Used:       64M (100%)         64M (100%)         64M (100%)         64M (100%)         64M (100%)         64M (100%)   
[2026-06-17T10:07:40.298+0800][3.606s][info][gc,heap     ] GC(131) y: Young Generation Statistics:
[2026-06-17T10:07:40.298+0800][3.606s][info][gc,heap     ] GC(131) y:                Mark Start          Mark End        Relocate Start      Relocate End    
[2026-06-17T10:07:40.298+0800][3.606s][info][gc,heap     ] GC(131) y:      Used:        0M (0%)            0M (0%)            0M (0%)            0M (0%)     
[2026-06-17T10:07:40.299+0800][3.607s][info][gc,heap     ] GC(131) y:      Live:         -                 0M (0%)            0M (0%)            0M (0%)     
[2026-06-17T10:07:40.299+0800][3.607s][info][gc,heap     ] GC(131) y:   Garbage:         -                 0M (0%)            0M (0%)            0M (0%)     
[2026-06-17T10:07:40.299+0800][3.607s][info][gc,heap     ] GC(131) y: Allocated:         -                 0M (0%)            0M (0%)            0M (0%)     
[2026-06-17T10:07:40.299+0800][3.607s][info][gc,heap     ] GC(131) y: Reclaimed:         -                  -                 0M (0%)            0M (0%)     
[2026-06-17T10:07:40.300+0800][3.607s][info][gc,heap     ] GC(131) y:  Promoted:         -                  -                 0M (0%)            0M (0%)     
[2026-06-17T10:07:40.300+0800][3.607s][info][gc,heap     ] GC(131) y: Compacted:         -                  -                  -                 0M (0%)     
[2026-06-17T10:07:40.300+0800][3.607s][info][gc,phases   ] GC(131) y: Young Generation 64M(100%)->64M(100%) 0.003s
[2026-06-17T10:07:40.300+0800][3.608s][info][gc          ] GC(131) Minor Collection (Allocation Stall) 64M(100%)->64M(100%) 0.006s
[2026-06-17T10:07:40.300+0800][3.608s][info][gc          ] GC(132) Major Collection (Allocation Stall)
[2026-06-17T10:07:40.301+0800][3.608s][info][gc,task     ] GC(132) Using 1 Workers for Young Generation
[2026-06-17T10:07:40.301+0800][3.608s][info][gc,task     ] GC(132) Using 1 Workers for Old Generation
[2026-06-17T10:07:40.301+0800][3.608s][info][gc,phases   ] GC(132) Y: Young Generation (Promote All)
[2026-06-17T10:07:40.301+0800][3.608s][info][gc,phases   ] GC(132) Y: Pause Mark Start 0.010ms
[2026-06-17T10:07:40.302+0800][3.609s][info][gc,phases   ] GC(132) Y: Concurrent Mark 0.452ms
[2026-06-17T10:07:40.302+0800][3.609s][info][gc,phases   ] GC(132) Y: Pause Mark End 0.006ms
[2026-06-17T10:07:40.302+0800][3.609s][info][gc,phases   ] GC(132) Y: Concurrent Mark Free 0.000ms
[2026-06-17T10:07:40.302+0800][3.609s][info][gc,phases   ] GC(132) Y: Concurrent Reset Relocation Set 0.001ms
[2026-06-17T10:07:40.302+0800][3.610s][info][gc,reloc    ] GC(132) Y: Using tenuring threshold: 0 (Promote All)
[2026-06-17T10:07:40.302+0800][3.610s][info][gc,phases   ] GC(132) Y: Concurrent Select Relocation Set 0.205ms
[2026-06-17T10:07:40.303+0800][3.610s][info][gc,phases   ] GC(132) Y: Pause Relocate Start 0.005ms
[2026-06-17T10:07:40.303+0800][3.610s][info][gc,phases   ] GC(132) Y: Concurrent Relocate 0.118ms
[2026-06-17T10:07:40.303+0800][3.610s][info][gc,alloc    ] GC(132) Y:                         Mark Start        Mark End      Relocate Start    Relocate End   
[2026-06-17T10:07:40.303+0800][3.610s][info][gc,alloc    ] GC(132) Y: Allocation Stalls:          1                1                1                1         
[2026-06-17T10:07:40.303+0800][3.611s][info][gc,load     ] GC(132) Y: Load: 0.41 (2%) / 0.44 (2%) / 0.49 (2%)
[2026-06-17T10:07:40.303+0800][3.611s][info][gc,mmu      ] GC(132) Y: MMU: 2ms/98.5%, 5ms/99.1%, 10ms/99.4%, 20ms/99.6%, 50ms/99.7%, 100ms/99.7%
[2026-06-17T10:07:40.303+0800][3.611s][info][gc,marking  ] GC(132) Y: Mark: 1 stripe(s), 1 proactive flush(es), 1 terminate flush(es), 0 completion(s), 0 continuation(s) 
[2026-06-17T10:07:40.303+0800][3.611s][info][gc,nmethod  ] GC(132) Y: NMethods: 71 registered, 6 unregistered
[2026-06-17T10:07:40.304+0800][3.611s][info][gc,metaspace] GC(132) Y: Metaspace: 0M used, 0M committed, 1088M reserved
[2026-06-17T10:07:40.304+0800][3.611s][info][gc,heap     ] GC(132) Y: Min Capacity: 64M(100%)
[2026-06-17T10:07:40.304+0800][3.611s][info][gc,heap     ] GC(132) Y: Max Capacity: 64M(100%)
[2026-06-17T10:07:40.304+0800][3.611s][info][gc,heap     ] GC(132) Y: Soft Max Capacity: 64M(100%)
[2026-06-17T10:07:40.304+0800][3.611s][info][gc,heap     ] GC(132) Y: Heap Statistics:
[2026-06-17T10:07:40.304+0800][3.611s][info][gc,heap     ] GC(132) Y:                Mark Start          Mark End        Relocate Start      Relocate End           High               Low         
[2026-06-17T10:07:40.304+0800][3.611s][info][gc,heap     ] GC(132) Y:  Capacity:       64M (100%)         64M (100%)         64M (100%)         64M (100%)         64M (100%)         64M (100%)   
[2026-06-17T10:07:40.304+0800][3.612s][info][gc,heap     ] GC(132) Y:      Free:        0M (0%)            0M (0%)            0M (0%)            0M (0%)            0M (0%)            0M (0%)     
[2026-06-17T10:07:40.304+0800][3.612s][info][gc,heap     ] GC(132) Y:      Used:       64M (100%)         64M (100%)         64M (100%)         64M (100%)         64M (100%)         64M (100%)   
[2026-06-17T10:07:40.304+0800][3.612s][info][gc,heap     ] GC(132) Y: Young Generation Statistics:
[2026-06-17T10:07:40.304+0800][3.612s][info][gc,heap     ] GC(132) Y:                Mark Start          Mark End        Relocate Start      Relocate End    
[2026-06-17T10:07:40.304+0800][3.612s][info][gc,heap     ] GC(132) Y:      Used:        0M (0%)            0M (0%)            0M (0%)            0M (0%)     
[2026-06-17T10:07:40.305+0800][3.612s][info][gc,heap     ] GC(132) Y:      Live:         -                 0M (0%)            0M (0%)            0M (0%)     
[2026-06-17T10:07:40.305+0800][3.612s][info][gc,heap     ] GC(132) Y:   Garbage:         -                 0M (0%)            0M (0%)            0M (0%)     
[2026-06-17T10:07:40.305+0800][3.612s][info][gc,heap     ] GC(132) Y: Allocated:         -                 0M (0%)            0M (0%)            0M (0%)     
[2026-06-17T10:07:40.305+0800][3.612s][info][gc,heap     ] GC(132) Y: Reclaimed:         -                  -                 0M (0%)            0M (0%)     
[2026-06-17T10:07:40.305+0800][3.612s][info][gc,heap     ] GC(132) Y:  Promoted:         -                  -                 0M (0%)            0M (0%)     
[2026-06-17T10:07:40.305+0800][3.613s][info][gc,heap     ] GC(132) Y: Compacted:         -                  -                  -                 0M (0%)     
[2026-06-17T10:07:40.305+0800][3.613s][info][gc,phases   ] GC(132) Y: Young Generation (Promote All) 64M(100%)->64M(100%) 0.002s
[2026-06-17T10:07:40.305+0800][3.613s][info][gc,phases   ] GC(132) Y: Young Generation (Collect Roots)
[2026-06-17T10:07:40.306+0800][3.613s][info][gc,phases   ] GC(132) Y: Pause Mark Start (Major) 0.009ms
[2026-06-17T10:07:40.306+0800][3.614s][info][gc,phases   ] GC(132) Y: Concurrent Mark 0.662ms
[2026-06-17T10:07:40.307+0800][3.614s][info][gc,phases   ] GC(132) Y: Pause Mark End 0.007ms
[2026-06-17T10:07:40.307+0800][3.614s][info][gc,phases   ] GC(132) Y: Concurrent Mark Free 0.001ms
[2026-06-17T10:07:40.307+0800][3.614s][info][gc,phases   ] GC(132) Y: Concurrent Reset Relocation Set 0.000ms
[2026-06-17T10:07:40.307+0800][3.614s][info][gc,reloc    ] GC(132) Y: Using tenuring threshold: 0 (Computed)
[2026-06-17T10:07:40.307+0800][3.615s][info][gc,phases   ] GC(132) Y: Concurrent Select Relocation Set 0.272ms
[2026-06-17T10:07:40.307+0800][3.615s][info][gc,phases   ] GC(132) Y: Pause Relocate Start 0.005ms
[2026-06-17T10:07:40.308+0800][3.615s][info][gc,phases   ] GC(132) Y: Concurrent Relocate 0.093ms
[2026-06-17T10:07:40.308+0800][3.615s][info][gc,alloc    ] GC(132) Y:                         Mark Start        Mark End      Relocate Start    Relocate End   
[2026-06-17T10:07:40.308+0800][3.615s][info][gc,alloc    ] GC(132) Y: Allocation Stalls:          1                1                1                1         
[2026-06-17T10:07:40.308+0800][3.615s][info][gc,load     ] GC(132) Y: Load: 0.41 (2%) / 0.44 (2%) / 0.49 (2%)
[2026-06-17T10:07:40.308+0800][3.615s][info][gc,mmu      ] GC(132) Y: MMU: 2ms/98.5%, 5ms/99.1%, 10ms/99.4%, 20ms/99.6%, 50ms/99.7%, 100ms/99.7%
[2026-06-17T10:07:40.308+0800][3.616s][info][gc,marking  ] GC(132) Y: Mark: 1 stripe(s), 1 proactive flush(es), 1 terminate flush(es), 0 completion(s), 0 continuation(s) 
[2026-06-17T10:07:40.308+0800][3.616s][info][gc,nmethod  ] GC(132) Y: NMethods: 71 registered, 6 unregistered
[2026-06-17T10:07:40.308+0800][3.616s][info][gc,metaspace] GC(132) Y: Metaspace: 0M used, 0M committed, 1088M reserved
[2026-06-17T10:07:40.308+0800][3.616s][info][gc,heap     ] GC(132) Y: Min Capacity: 64M(100%)
[2026-06-17T10:07:40.308+0800][3.616s][info][gc,heap     ] GC(132) Y: Max Capacity: 64M(100%)
[2026-06-17T10:07:40.309+0800][3.616s][info][gc,heap     ] GC(132) Y: Soft Max Capacity: 64M(100%)
[2026-06-17T10:07:40.309+0800][3.616s][info][gc,heap     ] GC(132) Y: Heap Statistics:
[2026-06-17T10:07:40.309+0800][3.616s][info][gc,heap     ] GC(132) Y:                Mark Start          Mark End        Relocate Start      Relocate End           High               Low         
[2026-06-17T10:07:40.309+0800][3.616s][info][gc,heap     ] GC(132) Y:  Capacity:       64M (100%)         64M (100%)         64M (100%)         64M (100%)         64M (100%)         64M (100%)   
[2026-06-17T10:07:40.309+0800][3.616s][info][gc,heap     ] GC(132) Y:      Free:        0M (0%)            0M (0%)            0M (0%)            0M (0%)            0M (0%)            0M (0%)     
[2026-06-17T10:07:40.309+0800][3.616s][info][gc,heap     ] GC(132) Y:      Used:       64M (100%)         64M (100%)         64M (100%)         64M (100%)         64M (100%)         64M (100%)   
[2026-06-17T10:07:40.309+0800][3.616s][info][gc,heap     ] GC(132) Y: Young Generation Statistics:
[2026-06-17T10:07:40.309+0800][3.617s][info][gc,heap     ] GC(132) Y:                Mark Start          Mark End        Relocate Start      Relocate End    
[2026-06-17T10:07:40.309+0800][3.617s][info][gc,heap     ] GC(132) Y:      Used:        0M (0%)            0M (0%)            0M (0%)            0M (0%)     
[2026-06-17T10:07:40.309+0800][3.617s][info][gc,heap     ] GC(132) Y:      Live:         -                 0M (0%)            0M (0%)            0M (0%)     
[2026-06-17T10:07:40.309+0800][3.617s][info][gc,heap     ] GC(132) Y:   Garbage:         -                 0M (0%)            0M (0%)            0M (0%)     
[2026-06-17T10:07:40.309+0800][3.617s][info][gc,heap     ] GC(132) Y: Allocated:         -                 0M (0%)            0M (0%)            0M (0%)     
[2026-06-17T10:07:40.310+0800][3.617s][info][gc,heap     ] GC(132) Y: Reclaimed:         -                  -                 0M (0%)            0M (0%)     
[2026-06-17T10:07:40.310+0800][3.617s][info][gc,heap     ] GC(132) Y:  Promoted:         -                  -                 0M (0%)            0M (0%)     
[2026-06-17T10:07:40.310+0800][3.617s][info][gc,heap     ] GC(132) Y: Compacted:         -                  -                  -                 0M (0%)     
[2026-06-17T10:07:40.310+0800][3.617s][info][gc,phases   ] GC(132) Y: Young Generation (Collect Roots) 64M(100%)->64M(100%) 0.002s
[2026-06-17T10:07:40.310+0800][3.617s][info][gc,phases   ] GC(132) O: Old Generation
[2026-06-17T10:07:40.311+0800][3.618s][info][gc,phases   ] GC(132) O: Concurrent Mark 0.889ms
[2026-06-17T10:07:40.311+0800][3.619s][info][gc,phases   ] GC(132) O: Pause Mark End 0.007ms
[2026-06-17T10:07:40.311+0800][3.619s][info][gc,phases   ] GC(132) O: Concurrent Mark Free 0.000ms
[2026-06-17T10:07:40.311+0800][3.619s][info][gc,ref      ] GC(132) O: Clearing All SoftReferences
[2026-06-17T10:07:40.312+0800][3.619s][info][gc,phases   ] GC(132) O: Concurrent Process Non-Strong 0.459ms
[2026-06-17T10:07:40.312+0800][3.620s][info][gc,phases   ] GC(132) O: Concurrent Reset Relocation Set 0.001ms
[2026-06-17T10:07:40.312+0800][3.620s][info][gc,phases   ] GC(132) O: Concurrent Select Relocation Set 0.050ms
[2026-06-17T10:07:40.313+0800][3.620s][info][gc,task     ] GC(132) O: Using 1 Workers for Old Generation
[2026-06-17T10:07:40.313+0800][3.620s][info][gc,task     ] GC(132) O: Using 1 Workers for Old Generation
[2026-06-17T10:07:40.313+0800][3.620s][info][gc,phases   ] GC(132) O: Concurrent Remap Roots 0.443ms
[2026-06-17T10:07:40.313+0800][3.621s][info][gc,phases   ] GC(132) O: Pause Relocate Start 0.007ms
[2026-06-17T10:07:40.313+0800][3.621s][info][gc,phases   ] GC(132) O: Concurrent Relocate 0.060ms
[2026-06-17T10:07:40.313+0800][3.621s][info][gc,alloc    ] GC(132) O:                         Mark Start        Mark End      Relocate Start    Relocate End   
[2026-06-17T10:07:40.314+0800][3.621s][info][gc,alloc    ] GC(132) O: Allocation Stalls:          1                1                1                1         
[2026-06-17T10:07:40.314+0800][3.621s][info][gc,load     ] GC(132) O: Load: 0.41 (2%) / 0.44 (2%) / 0.49 (2%)
[2026-06-17T10:07:40.314+0800][3.621s][info][gc,mmu      ] GC(132) O: MMU: 2ms/98.5%, 5ms/99.1%, 10ms/99.4%, 20ms/99.6%, 50ms/99.7%, 100ms/99.7%
[2026-06-17T10:07:40.314+0800][3.621s][info][gc,marking  ] GC(132) O: Mark: 1 stripe(s), 1 proactive flush(es), 1 terminate flush(es), 0 completion(s), 0 continuation(s) 
[2026-06-17T10:07:40.314+0800][3.622s][info][gc,nmethod  ] GC(132) O: NMethods: 71 registered, 6 unregistered
[2026-06-17T10:07:40.314+0800][3.622s][info][gc,metaspace] GC(132) O: Metaspace: 0M used, 0M committed, 1088M reserved
[2026-06-17T10:07:40.314+0800][3.622s][info][gc,ref      ] GC(132) O:                       Encountered   Discovered     Enqueued 
[2026-06-17T10:07:40.314+0800][3.622s][info][gc,ref      ] GC(132) O: Soft References:                0            0            0 
[2026-06-17T10:07:40.314+0800][3.622s][info][gc,ref      ] GC(132) O: Weak References:                6            0            0 
[2026-06-17T10:07:40.315+0800][3.622s][info][gc,ref      ] GC(132) O: Final References:               0            0            0 
[2026-06-17T10:07:40.315+0800][3.622s][info][gc,ref      ] GC(132) O: Phantom References:             1            1            0 
[2026-06-17T10:07:40.315+0800][3.622s][info][gc,reloc    ] GC(132) O:                        Candidates     Selected     In-Place         Size        Empty    Relocated 
[2026-06-17T10:07:40.315+0800][3.622s][info][gc,reloc    ] GC(132) O: Small Pages:                    3            0            0           6M           0M           0M 
[2026-06-17T10:07:40.315+0800][3.622s][info][gc,reloc    ] GC(132) O: Large Pages:                   29            0            0          58M           0M           0M 
[2026-06-17T10:07:40.315+0800][3.622s][info][gc,reloc    ] GC(132) O: Forwarding Usage: 0M
[2026-06-17T10:07:40.315+0800][3.623s][info][gc,heap     ] GC(132) O: Min Capacity: 64M(100%)
[2026-06-17T10:07:40.315+0800][3.623s][info][gc,heap     ] GC(132) O: Max Capacity: 64M(100%)
[2026-06-17T10:07:40.315+0800][3.623s][info][gc,heap     ] GC(132) O: Soft Max Capacity: 64M(100%)
[2026-06-17T10:07:40.315+0800][3.623s][info][gc,heap     ] GC(132) O: Heap Statistics:
[2026-06-17T10:07:40.315+0800][3.623s][info][gc,heap     ] GC(132) O:                Mark Start          Mark End        Relocate Start      Relocate End           High               Low         
[2026-06-17T10:07:40.316+0800][3.623s][info][gc,heap     ] GC(132) O:  Capacity:       64M (100%)         64M (100%)         64M (100%)         64M (100%)         64M (100%)         64M (100%)   
[2026-06-17T10:07:40.316+0800][3.623s][info][gc,heap     ] GC(132) O:      Free:        0M (0%)            0M (0%)            0M (0%)            0M (0%)            0M (0%)            0M (0%)     
[2026-06-17T10:07:40.316+0800][3.624s][info][gc,heap     ] GC(132) O:      Used:       64M (100%)         64M (100%)         64M (100%)         64M (100%)         64M (100%)         64M (100%)   
[2026-06-17T10:07:40.316+0800][3.624s][info][gc,heap     ] GC(132) O: Old Generation Statistics:
[2026-06-17T10:07:40.316+0800][3.624s][info][gc,heap     ] GC(132) O:                Mark Start          Mark End        Relocate Start      Relocate End    
[2026-06-17T10:07:40.316+0800][3.624s][info][gc,heap     ] GC(132) O:      Used:       64M (100%)         64M (100%)         64M (100%)         64M (100%)   
[2026-06-17T10:07:40.316+0800][3.624s][info][gc,heap     ] GC(132) O:      Live:         -                62M (97%)          62M (97%)          62M (97%)    
[2026-06-17T10:07:40.317+0800][3.624s][info][gc,heap     ] GC(132) O:   Garbage:         -                 1M (3%)            1M (3%)            1M (3%)     
[2026-06-17T10:07:40.317+0800][3.624s][info][gc,heap     ] GC(132) O: Allocated:         -                 0M (0%)            0M (0%)            0M (0%)     
[2026-06-17T10:07:40.317+0800][3.624s][info][gc,heap     ] GC(132) O: Reclaimed:         -                  -                 0M (0%)            0M (0%)     
[2026-06-17T10:07:40.317+0800][3.624s][info][gc,heap     ] GC(132) O: Compacted:         -                  -                  -                 0M (0%)     
[2026-06-17T10:07:40.317+0800][3.624s][info][gc,phases   ] GC(132) O: Old Generation 64M(100%)->64M(100%) 0.003s
[2026-06-17T10:07:40.320+0800][3.627s][info][gc          ] GC(132) Major Collection (Allocation Stall) 64M(100%)->64M(100%) 0.019s
[2026-06-17T10:07:40.320+0800][3.627s][info][gc          ] Allocation Stall (main) 25.883ms
[2026-06-17T10:07:40.320+0800][3.627s][info][gc          ] Out Of Memory (main)
[2026-06-17T10:07:40.320+0800][3.628s][info][gc          ] GC(133) Minor Collection (Allocation Stall)
[2026-06-17T10:07:40.321+0800][3.628s][info][gc,task     ] GC(133) Using 1 Workers for Young Generation
[2026-06-17T10:07:40.321+0800][3.628s][info][gc,phases   ] GC(133) y: Young Generation
[2026-06-17T10:07:40.321+0800][3.628s][info][gc,phases   ] GC(133) y: Pause Mark Start 0.010ms
[2026-06-17T10:07:40.321+0800][3.629s][info][gc,phases   ] GC(133) y: Concurrent Mark 0.445ms
[2026-06-17T10:07:40.322+0800][3.629s][info][gc,phases   ] GC(133) y: Pause Mark End 0.007ms
[2026-06-17T10:07:40.322+0800][3.629s][info][gc,phases   ] GC(133) y: Concurrent Mark Free 0.001ms
[2026-06-17T10:07:40.322+0800][3.629s][info][gc,phases   ] GC(133) y: Concurrent Reset Relocation Set 0.001ms
[2026-06-17T10:07:40.322+0800][3.629s][info][gc,reloc    ] GC(133) y: Using tenuring threshold: 0 (Computed)
[2026-06-17T10:07:40.322+0800][3.630s][info][gc,phases   ] GC(133) y: Concurrent Select Relocation Set 0.273ms
[2026-06-17T10:07:40.322+0800][3.630s][info][gc,phases   ] GC(133) y: Pause Relocate Start 0.005ms
[2026-06-17T10:07:40.323+0800][3.630s][info][gc,phases   ] GC(133) y: Concurrent Relocate 0.119ms
[2026-06-17T10:07:40.323+0800][3.630s][info][gc,alloc    ] GC(133) y:                         Mark Start        Mark End      Relocate Start    Relocate End   
[2026-06-17T10:07:40.323+0800][3.630s][info][gc,alloc    ] GC(133) y: Allocation Stalls:          1                1                1                1         
[2026-06-17T10:07:40.323+0800][3.630s][info][gc,load     ] GC(133) y: Load: 0.41 (2%) / 0.44 (2%) / 0.49 (2%)
[2026-06-17T10:07:40.323+0800][3.630s][info][gc,mmu      ] GC(133) y: MMU: 2ms/98.5%, 5ms/99.1%, 10ms/99.4%, 20ms/99.6%, 50ms/99.7%, 100ms/99.7%
[2026-06-17T10:07:40.323+0800][3.630s][info][gc,marking  ] GC(133) y: Mark: 1 stripe(s), 1 proactive flush(es), 1 terminate flush(es), 0 completion(s), 0 continuation(s) 
[2026-06-17T10:07:40.323+0800][3.630s][info][gc,nmethod  ] GC(133) y: NMethods: 71 registered, 6 unregistered
[2026-06-17T10:07:40.323+0800][3.631s][info][gc,metaspace] GC(133) y: Metaspace: 0M used, 0M committed, 1088M reserved
[2026-06-17T10:07:40.323+0800][3.631s][info][gc,heap     ] GC(133) y: Min Capacity: 64M(100%)
[2026-06-17T10:07:40.323+0800][3.631s][info][gc,heap     ] GC(133) y: Max Capacity: 64M(100%)
[2026-06-17T10:07:40.323+0800][3.631s][info][gc,heap     ] GC(133) y: Soft Max Capacity: 64M(100%)
[2026-06-17T10:07:40.324+0800][3.631s][info][gc,heap     ] GC(133) y: Heap Statistics:
[2026-06-17T10:07:40.324+0800][3.631s][info][gc,heap     ] GC(133) y:                Mark Start          Mark End        Relocate Start      Relocate End           High               Low         
[2026-06-17T10:07:40.324+0800][3.631s][info][gc,heap     ] GC(133) y:  Capacity:       64M (100%)         64M (100%)         64M (100%)         64M (100%)         64M (100%)         64M (100%)   
[2026-06-17T10:07:40.324+0800][3.631s][info][gc,heap     ] GC(133) y:      Free:        0M (0%)            0M (0%)            0M (0%)            0M (0%)            0M (0%)            0M (0%)     
[2026-06-17T10:07:40.324+0800][3.631s][info][gc,heap     ] GC(133) y:      Used:       64M (100%)         64M (100%)         64M (100%)         64M (100%)         64M (100%)         64M (100%)   
[2026-06-17T10:07:40.324+0800][3.632s][info][gc,heap     ] GC(133) y: Young Generation Statistics:
[2026-06-17T10:07:40.324+0800][3.632s][info][gc,heap     ] GC(133) y:                Mark Start          Mark End        Relocate Start      Relocate End    
[2026-06-17T10:07:40.324+0800][3.632s][info][gc,heap     ] GC(133) y:      Used:        0M (0%)            0M (0%)            0M (0%)            0M (0%)     
[2026-06-17T10:07:40.325+0800][3.632s][info][gc,heap     ] GC(133) y:      Live:         -                 0M (0%)            0M (0%)            0M (0%)     
[2026-06-17T10:07:40.325+0800][3.632s][info][gc,heap     ] GC(133) y:   Garbage:         -                 0M (0%)            0M (0%)            0M (0%)     
[2026-06-17T10:07:40.325+0800][3.632s][info][gc,heap     ] GC(133) y: Allocated:         -                 0M (0%)            0M (0%)            0M (0%)     
[2026-06-17T10:07:40.325+0800][3.632s][info][gc,heap     ] GC(133) y: Reclaimed:         -                  -                 0M (0%)            0M (0%)     
[2026-06-17T10:07:40.325+0800][3.632s][info][gc,heap     ] GC(133) y:  Promoted:         -                  -                 0M (0%)            0M (0%)     
[2026-06-17T10:07:40.325+0800][3.632s][info][gc,heap     ] GC(133) y: Compacted:         -                  -                  -                 0M (0%)     
[2026-06-17T10:07:40.325+0800][3.633s][info][gc,phases   ] GC(133) y: Young Generation 64M(100%)->64M(100%) 0.002s
[2026-06-17T10:07:40.325+0800][3.633s][info][gc          ] GC(133) Minor Collection (Allocation Stall) 64M(100%)->64M(100%) 0.005s
[2026-06-17T10:07:40.326+0800][3.633s][info][gc          ] GC(134) Major Collection (Allocation Stall)
[2026-06-17T10:07:40.326+0800][3.633s][info][gc,task     ] GC(134) Using 1 Workers for Young Generation
[2026-06-17T10:07:40.326+0800][3.633s][info][gc,task     ] GC(134) Using 1 Workers for Old Generation
[2026-06-17T10:07:40.326+0800][3.634s][info][gc,phases   ] GC(134) Y: Young Generation (Promote All)
[2026-06-17T10:07:40.326+0800][3.634s][info][gc,phases   ] GC(134) Y: Pause Mark Start 0.009ms
[2026-06-17T10:07:40.327+0800][3.635s][info][gc,phases   ] GC(134) Y: Concurrent Mark 0.486ms
[2026-06-17T10:07:40.327+0800][3.635s][info][gc,phases   ] GC(134) Y: Pause Mark End 0.006ms
[2026-06-17T10:07:40.328+0800][3.635s][info][gc,phases   ] GC(134) Y: Concurrent Mark Free 0.001ms
[2026-06-17T10:07:40.328+0800][3.635s][info][gc,phases   ] GC(134) Y: Concurrent Reset Relocation Set 0.000ms
[2026-06-17T10:07:40.328+0800][3.635s][info][gc,reloc    ] GC(134) Y: Using tenuring threshold: 0 (Promote All)
[2026-06-17T10:07:40.328+0800][3.636s][info][gc,phases   ] GC(134) Y: Concurrent Select Relocation Set 0.370ms
[2026-06-17T10:07:40.329+0800][3.636s][info][gc,phases   ] GC(134) Y: Pause Relocate Start 0.006ms
[2026-06-17T10:07:40.329+0800][3.636s][info][gc,phases   ] GC(134) Y: Concurrent Relocate 0.166ms
[2026-06-17T10:07:40.329+0800][3.637s][info][gc,alloc    ] GC(134) Y:                         Mark Start        Mark End      Relocate Start    Relocate End   
[2026-06-17T10:07:40.329+0800][3.637s][info][gc,alloc    ] GC(134) Y: Allocation Stalls:          1                1                1                1         
[2026-06-17T10:07:40.329+0800][3.637s][info][gc,load     ] GC(134) Y: Load: 0.41 (2%) / 0.44 (2%) / 0.49 (2%)
[2026-06-17T10:07:40.329+0800][3.637s][info][gc,mmu      ] GC(134) Y: MMU: 2ms/98.5%, 5ms/99.1%, 10ms/99.4%, 20ms/99.6%, 50ms/99.7%, 100ms/99.7%
[2026-06-17T10:07:40.330+0800][3.637s][info][gc,marking  ] GC(134) Y: Mark: 1 stripe(s), 1 proactive flush(es), 1 terminate flush(es), 0 completion(s), 0 continuation(s) 
[2026-06-17T10:07:40.330+0800][3.637s][info][gc,nmethod  ] GC(134) Y: NMethods: 71 registered, 6 unregistered
[2026-06-17T10:07:40.330+0800][3.637s][info][gc,metaspace] GC(134) Y: Metaspace: 0M used, 0M committed, 1088M reserved
[2026-06-17T10:07:40.330+0800][3.637s][info][gc,heap     ] GC(134) Y: Min Capacity: 64M(100%)
[2026-06-17T10:07:40.330+0800][3.637s][info][gc,heap     ] GC(134) Y: Max Capacity: 64M(100%)
[2026-06-17T10:07:40.330+0800][3.637s][info][gc,heap     ] GC(134) Y: Soft Max Capacity: 64M(100%)
[2026-06-17T10:07:40.330+0800][3.638s][info][gc,heap     ] GC(134) Y: Heap Statistics:
[2026-06-17T10:07:40.330+0800][3.638s][info][gc,heap     ] GC(134) Y:                Mark Start          Mark End        Relocate Start      Relocate End           High               Low         
[2026-06-17T10:07:40.330+0800][3.638s][info][gc,heap     ] GC(134) Y:  Capacity:       64M (100%)         64M (100%)         64M (100%)         64M (100%)         64M (100%)         64M (100%)   
[2026-06-17T10:07:40.330+0800][3.638s][info][gc,heap     ] GC(134) Y:      Free:        0M (0%)            0M (0%)            0M (0%)            0M (0%)            0M (0%)            0M (0%)     
[2026-06-17T10:07:40.330+0800][3.638s][info][gc,heap     ] GC(134) Y:      Used:       64M (100%)         64M (100%)         64M (100%)         64M (100%)         64M (100%)         64M (100%)   
[2026-06-17T10:07:40.331+0800][3.638s][info][gc,heap     ] GC(134) Y: Young Generation Statistics:
[2026-06-17T10:07:40.331+0800][3.638s][info][gc,heap     ] GC(134) Y:                Mark Start          Mark End        Relocate Start      Relocate End    
[2026-06-17T10:07:40.331+0800][3.638s][info][gc,heap     ] GC(134) Y:      Used:        0M (0%)            0M (0%)            0M (0%)            0M (0%)     
[2026-06-17T10:07:40.331+0800][3.638s][info][gc,heap     ] GC(134) Y:      Live:         -                 0M (0%)            0M (0%)            0M (0%)     
[2026-06-17T10:07:40.331+0800][3.638s][info][gc,heap     ] GC(134) Y:   Garbage:         -                 0M (0%)            0M (0%)            0M (0%)     
[2026-06-17T10:07:40.331+0800][3.638s][info][gc,heap     ] GC(134) Y: Allocated:         -                 0M (0%)            0M (0%)            0M (0%)     
[2026-06-17T10:07:40.331+0800][3.638s][info][gc,heap     ] GC(134) Y: Reclaimed:         -                  -                 0M (0%)            0M (0%)     
[2026-06-17T10:07:40.331+0800][3.639s][info][gc,heap     ] GC(134) Y:  Promoted:         -                  -                 0M (0%)            0M (0%)     
[2026-06-17T10:07:40.331+0800][3.639s][info][gc,heap     ] GC(134) Y: Compacted:         -                  -                  -                 0M (0%)     
[2026-06-17T10:07:40.331+0800][3.639s][info][gc,phases   ] GC(134) Y: Young Generation (Promote All) 64M(100%)->64M(100%) 0.003s
[2026-06-17T10:07:40.331+0800][3.639s][info][gc,phases   ] GC(134) Y: Young Generation (Collect Roots)
[2026-06-17T10:07:40.332+0800][3.639s][info][gc,phases   ] GC(134) Y: Pause Mark Start (Major) 0.010ms
[2026-06-17T10:07:40.332+0800][3.640s][info][gc,phases   ] GC(134) Y: Concurrent Mark 0.532ms
[2026-06-17T10:07:40.332+0800][3.640s][info][gc,phases   ] GC(134) Y: Pause Mark End 0.006ms
[2026-06-17T10:07:40.333+0800][3.640s][info][gc,phases   ] GC(134) Y: Concurrent Mark Free 0.000ms
[2026-06-17T10:07:40.333+0800][3.640s][info][gc,phases   ] GC(134) Y: Concurrent Reset Relocation Set 0.000ms
[2026-06-17T10:07:40.333+0800][3.640s][info][gc,reloc    ] GC(134) Y: Using tenuring threshold: 0 (Computed)
[2026-06-17T10:07:40.333+0800][3.640s][info][gc,phases   ] GC(134) Y: Concurrent Select Relocation Set 0.185ms
[2026-06-17T10:07:40.333+0800][3.640s][info][gc,phases   ] GC(134) Y: Pause Relocate Start 0.003ms
[2026-06-17T10:07:40.333+0800][3.641s][info][gc,phases   ] GC(134) Y: Concurrent Relocate 0.090ms
[2026-06-17T10:07:40.333+0800][3.641s][info][gc,alloc    ] GC(134) Y:                         Mark Start        Mark End      Relocate Start    Relocate End   
[2026-06-17T10:07:40.333+0800][3.641s][info][gc,alloc    ] GC(134) Y: Allocation Stalls:          1                1                1                1         
[2026-06-17T10:07:40.333+0800][3.641s][info][gc,load     ] GC(134) Y: Load: 0.41 (2%) / 0.44 (2%) / 0.49 (2%)
[2026-06-17T10:07:40.334+0800][3.641s][info][gc,mmu      ] GC(134) Y: MMU: 2ms/98.5%, 5ms/99.1%, 10ms/99.4%, 20ms/99.6%, 50ms/99.6%, 100ms/99.7%
[2026-06-17T10:07:40.334+0800][3.641s][info][gc,marking  ] GC(134) Y: Mark: 1 stripe(s), 1 proactive flush(es), 1 terminate flush(es), 0 completion(s), 0 continuation(s) 
[2026-06-17T10:07:40.344+0800][3.651s][info][gc,nmethod  ] GC(134) Y: NMethods: 71 registered, 6 unregistered
[2026-06-17T10:07:40.344+0800][3.651s][info][gc,metaspace] GC(134) Y: Metaspace: 0M used, 0M committed, 1088M reserved
[2026-06-17T10:07:40.346+0800][3.653s][info][gc,heap     ] GC(134) Y: Min Capacity: 64M(100%)
[2026-06-17T10:07:40.346+0800][3.653s][info][gc,heap     ] GC(134) Y: Max Capacity: 64M(100%)
[2026-06-17T10:07:40.356+0800][3.663s][info][gc,heap     ] GC(134) Y: Soft Max Capacity: 64M(100%)
[2026-06-17T10:07:40.356+0800][3.664s][info][gc,heap     ] GC(134) Y: Heap Statistics:
[2026-06-17T10:07:40.357+0800][3.664s][info][gc,heap     ] GC(134) Y:                Mark Start          Mark End        Relocate Start      Relocate End           High               Low         
[2026-06-17T10:07:40.357+0800][3.664s][info][gc,heap     ] GC(134) Y:  Capacity:       64M (100%)         64M (100%)         64M (100%)         64M (100%)         64M (100%)         64M (100%)   
[2026-06-17T10:07:40.357+0800][3.665s][info][gc,heap     ] GC(134) Y:      Free:        0M (0%)            0M (0%)            0M (0%)            0M (0%)            0M (0%)            0M (0%)     
[2026-06-17T10:07:40.358+0800][3.665s][info][gc,heap     ] GC(134) Y:      Used:       64M (100%)         64M (100%)         64M (100%)         64M (100%)         64M (100%)         64M (100%)   
[2026-06-17T10:07:40.366+0800][3.673s][info][gc,heap     ] GC(134) Y: Young Generation Statistics:
[2026-06-17T10:07:40.368+0800][3.675s][info][gc,heap     ] GC(134) Y:                Mark Start          Mark End        Relocate Start      Relocate End    
[2026-06-17T10:07:40.371+0800][3.678s][info][gc,heap     ] GC(134) Y:      Used:        0M (0%)            0M (0%)            0M (0%)            0M (0%)     
[2026-06-17T10:07:40.377+0800][3.685s][info][gc,heap     ] GC(134) Y:      Live:         -                 0M (0%)            0M (0%)            0M (0%)     
[2026-06-17T10:07:40.379+0800][3.687s][info][gc,heap     ] GC(134) Y:   Garbage:         -                 0M (0%)            0M (0%)            0M (0%)     
[2026-06-17T10:07:40.388+0800][3.695s][info][gc,heap     ] GC(134) Y: Allocated:         -                 0M (0%)            0M (0%)            0M (0%)     
[2026-06-17T10:07:40.390+0800][3.698s][info][gc,heap     ] GC(134) Y: Reclaimed:         -                  -                 0M (0%)            0M (0%)     
[2026-06-17T10:07:40.391+0800][3.698s][info][gc,heap     ] GC(134) Y:  Promoted:         -                  -                 0M (0%)            0M (0%)     
[2026-06-17T10:07:40.392+0800][3.699s][info][gc,heap     ] GC(134) Y: Compacted:         -                  -                  -                 0M (0%)     
[2026-06-17T10:07:40.392+0800][3.700s][info][gc,phases   ] GC(134) Y: Young Generation (Collect Roots) 64M(100%)->64M(100%) 0.002s
[2026-06-17T10:07:40.396+0800][3.703s][info][gc,phases   ] GC(134) O: Old Generation
[2026-06-17T10:07:40.403+0800][3.710s][info][gc,phases   ] GC(134) O: Concurrent Mark 2.689ms
[2026-06-17T10:07:40.404+0800][3.711s][info][gc,phases   ] GC(134) O: Pause Mark End 0.020ms
[2026-06-17T10:07:40.407+0800][3.714s][info][gc,phases   ] GC(134) O: Concurrent Mark Free 0.005ms
[2026-06-17T10:07:40.415+0800][3.722s][info][gc,ref      ] GC(134) O: Clearing All SoftReferences
[2026-06-17T10:07:40.423+0800][3.730s][info][gc,phases   ] GC(134) O: Concurrent Process Non-Strong 8.128ms
[2026-06-17T10:07:40.424+0800][3.731s][info][gc,phases   ] GC(134) O: Concurrent Reset Relocation Set 0.000ms
[2026-06-17T10:07:40.424+0800][3.732s][info][gc          ] Allocation Stall (main) 104.134ms
[2026-06-17T10:07:40.425+0800][3.732s][info][gc,phases   ] GC(134) O: Concurrent Select Relocation Set 0.100ms
[2026-06-17T10:07:40.425+0800][3.733s][info][gc,task     ] GC(134) O: Using 1 Workers for Old Generation
[2026-06-17T10:07:40.426+0800][3.734s][info][gc,task     ] GC(134) O: Using 1 Workers for Old Generation
[2026-06-17T10:07:40.427+0800][3.734s][info][gc,phases   ] GC(134) O: Concurrent Remap Roots 1.747ms
[2026-06-17T10:07:40.429+0800][3.737s][info][gc,phases   ] GC(134) O: Pause Relocate Start 0.016ms
[2026-06-17T10:07:40.432+0800][3.740s][info][gc,phases   ] GC(134) O: Concurrent Relocate 1.848ms
[2026-06-17T10:07:40.435+0800][3.742s][info][gc,alloc    ] GC(134) O:                         Mark Start        Mark End      Relocate Start    Relocate End   
[2026-06-17T10:07:40.439+0800][3.746s][info][gc,alloc    ] GC(134) O: Allocation Stalls:          1                1                0                0         
[2026-06-17T10:07:40.440+0800][3.747s][info][gc,load     ] GC(134) O: Load: 0.41 (2%) / 0.44 (2%) / 0.49 (2%)
[2026-06-17T10:07:40.440+0800][3.747s][info][gc,mmu      ] GC(134) O: MMU: 2ms/98.5%, 5ms/99.1%, 10ms/99.4%, 20ms/99.6%, 50ms/99.6%, 100ms/99.7%
[2026-06-17T10:07:40.440+0800][3.748s][info][gc,marking  ] GC(134) O: Mark: 1 stripe(s), 1 proactive flush(es), 1 terminate flush(es), 0 completion(s), 0 continuation(s) 
[2026-06-17T10:07:40.441+0800][3.748s][info][gc,nmethod  ] GC(134) O: NMethods: 71 registered, 6 unregistered
[2026-06-17T10:07:40.441+0800][3.748s][info][gc,metaspace] GC(134) O: Metaspace: 0M used, 0M committed, 1088M reserved
[2026-06-17T10:07:40.441+0800][3.749s][info][gc,ref      ] GC(134) O:                       Encountered   Discovered     Enqueued 
[2026-06-17T10:07:40.442+0800][3.749s][info][gc,ref      ] GC(134) O: Soft References:                0            0            0 
[2026-06-17T10:07:40.442+0800][3.749s][info][gc,ref      ] GC(134) O: Weak References:                6            0            0 
[2026-06-17T10:07:40.442+0800][3.750s][info][gc,ref      ] GC(134) O: Final References:               0            0            0 
[2026-06-17T10:07:40.443+0800][3.750s][info][gc,ref      ] GC(134) O: Phantom References:             1            1            0 
[2026-06-17T10:07:40.443+0800][3.750s][info][gc,reloc    ] GC(134) O:                        Candidates     Selected     In-Place         Size        Empty    Relocated 
[2026-06-17T10:07:40.443+0800][3.750s][info][gc,reloc    ] GC(134) O: Small Pages:                    3            1            0           6M           0M           1M 
[2026-06-17T10:07:40.444+0800][3.751s][info][gc,reloc    ] GC(134) O: Large Pages:                   29            0            0          58M           8M           0M 
[2026-06-17T10:07:40.444+0800][3.751s][info][gc,reloc    ] GC(134) O: Forwarding Usage: 0M
[2026-06-17T10:07:40.444+0800][3.752s][info][gc,heap     ] GC(134) O: Min Capacity: 64M(100%)
[2026-06-17T10:07:40.445+0800][3.752s][info][gc,heap     ] GC(134) O: Max Capacity: 64M(100%)
[2026-06-17T10:07:40.445+0800][3.752s][info][gc,heap     ] GC(134) O: Soft Max Capacity: 64M(100%)
[2026-06-17T10:07:40.445+0800][3.753s][info][gc,heap     ] GC(134) O: Heap Statistics:
[2026-06-17T10:07:40.446+0800][3.753s][info][gc,heap     ] GC(134) O:                Mark Start          Mark End        Relocate Start      Relocate End           High               Low         
[2026-06-17T10:07:40.446+0800][3.753s][info][gc,heap     ] GC(134) O:  Capacity:       64M (100%)         64M (100%)         64M (100%)         64M (100%)         64M (100%)         64M (100%)   
[2026-06-17T10:07:40.446+0800][3.753s][info][gc,heap     ] GC(134) O:      Free:        0M (0%)            0M (0%)            6M (9%)            8M (12%)           8M (12%)           0M (0%)     
[2026-06-17T10:07:40.446+0800][3.754s][info][gc,heap     ] GC(134) O:      Used:       64M (100%)         64M (100%)         58M (91%)          56M (88%)          64M (100%)         56M (88%)    
[2026-06-17T10:07:40.447+0800][3.754s][info][gc,heap     ] GC(134) O: Old Generation Statistics:
[2026-06-17T10:07:40.447+0800][3.754s][info][gc,heap     ] GC(134) O:                Mark Start          Mark End        Relocate Start      Relocate End    
[2026-06-17T10:07:40.447+0800][3.755s][info][gc,heap     ] GC(134) O:      Used:       64M (100%)         64M (100%)         56M (88%)          54M (84%)    
[2026-06-17T10:07:40.447+0800][3.755s][info][gc,heap     ] GC(134) O:      Live:         -                53M (83%)          53M (83%)          53M (83%)    
[2026-06-17T10:07:40.448+0800][3.755s][info][gc,heap     ] GC(134) O:   Garbage:         -                10M (17%)           2M (4%)            0M (0%)     
[2026-06-17T10:07:40.448+0800][3.755s][info][gc,heap     ] GC(134) O: Allocated:         -                 0M (0%)            0M (0%)            0M (1%)     
[2026-06-17T10:07:40.448+0800][3.755s][info][gc,heap     ] GC(134) O: Reclaimed:         -                  -                 8M (12%)          10M (17%)    
[2026-06-17T10:07:40.448+0800][3.756s][info][gc,heap     ] GC(134) O: Compacted:         -                  -                  -                 3M (5%)     
[2026-06-17T10:07:40.448+0800][3.756s][info][gc,phases   ] GC(134) O: Old Generation 64M(100%)->56M(88%) 0.039s
[2026-06-17T10:07:40.448+0800][3.756s][info][gc          ] GC(134) Major Collection (Allocation Stall) 64M(100%)->56M(88%) 0.123s
[2026-06-17T10:07:40.648+0800][3.956s][info][gc          ] GC(135) Major Collection (Allocation Rate)
[2026-06-17T10:07:40.650+0800][3.957s][info][gc,task     ] GC(135) Using 1 Workers for Young Generation
[2026-06-17T10:07:40.650+0800][3.958s][info][gc,task     ] GC(135) Using 1 Workers for Old Generation
[2026-06-17T10:07:40.651+0800][3.958s][info][gc,phases   ] GC(135) Y: Young Generation
[2026-06-17T10:07:40.652+0800][3.959s][info][gc,phases   ] GC(135) Y: Pause Mark Start (Major) 0.029ms
[2026-06-17T10:07:40.654+0800][3.962s][info][gc,phases   ] GC(135) Y: Concurrent Mark 1.635ms
[2026-06-17T10:07:40.655+0800][3.962s][info][gc,phases   ] GC(135) Y: Pause Mark End 0.015ms
[2026-06-17T10:07:40.655+0800][3.963s][info][gc,phases   ] GC(135) Y: Concurrent Mark Free 0.002ms
[2026-06-17T10:07:40.656+0800][3.963s][info][gc,phases   ] GC(135) Y: Concurrent Reset Relocation Set 0.002ms
[2026-06-17T10:07:40.656+0800][3.964s][info][gc,reloc    ] GC(135) Y: Using tenuring threshold: 0 (Computed)
[2026-06-17T10:07:40.657+0800][3.965s][info][gc,phases   ] GC(135) Y: Concurrent Select Relocation Set 0.763ms
[2026-06-17T10:07:40.658+0800][3.965s][info][gc,phases   ] GC(135) Y: Pause Relocate Start 0.011ms
[2026-06-17T10:07:40.658+0800][3.966s][info][gc,phases   ] GC(135) Y: Concurrent Relocate 0.246ms
[2026-06-17T10:07:40.659+0800][3.966s][info][gc,alloc    ] GC(135) Y:                         Mark Start        Mark End      Relocate Start    Relocate End   
[2026-06-17T10:07:40.659+0800][3.966s][info][gc,alloc    ] GC(135) Y: Allocation Stalls:          0                0                0                0         
[2026-06-17T10:07:40.659+0800][3.966s][info][gc,load     ] GC(135) Y: Load: 0.41 (2%) / 0.44 (2%) / 0.49 (2%)
[2026-06-17T10:07:40.659+0800][3.967s][info][gc,mmu      ] GC(135) Y: MMU: 2ms/98.5%, 5ms/99.1%, 10ms/99.4%, 20ms/99.6%, 50ms/99.6%, 100ms/99.7%
[2026-06-17T10:07:40.660+0800][3.967s][info][gc,marking  ] GC(135) Y: Mark: 1 stripe(s), 1 proactive flush(es), 1 terminate flush(es), 0 completion(s), 0 continuation(s) 
[2026-06-17T10:07:40.660+0800][3.967s][info][gc,nmethod  ] GC(135) Y: NMethods: 71 registered, 6 unregistered
[2026-06-17T10:07:40.660+0800][3.967s][info][gc,metaspace] GC(135) Y: Metaspace: 0M used, 0M committed, 1088M reserved
[2026-06-17T10:07:40.660+0800][3.968s][info][gc,reloc    ] GC(135) Y:                        Candidates     Selected     In-Place         Size        Empty    Relocated 
[2026-06-17T10:07:40.661+0800][3.968s][info][gc,reloc    ] GC(135) Y: Small Pages:                    4            0            0           8M           8M           0M 
[2026-06-17T10:07:40.661+0800][3.968s][info][gc,reloc    ] GC(135) Y: Large Pages:                    0            0            0           0M           0M           0M 
[2026-06-17T10:07:40.661+0800][3.968s][info][gc,reloc    ] GC(135) Y: Forwarding Usage: 0M
[2026-06-17T10:07:40.661+0800][3.969s][info][gc,reloc    ] GC(135) Y: Age Table:
[2026-06-17T10:07:40.661+0800][3.969s][info][gc,reloc    ] GC(135) Y:                    Live             Garbage             Small              Medium             Large        
[2026-06-17T10:07:40.662+0800][3.969s][info][gc,reloc    ] GC(135) Y: Eden                -                 8M (12%)          4 / 0              0 / 0              0 / 0        
[2026-06-17T10:07:40.662+0800][3.969s][info][gc,heap     ] GC(135) Y: Min Capacity: 64M(100%)
[2026-06-17T10:07:40.662+0800][3.970s][info][gc,heap     ] GC(135) Y: Max Capacity: 64M(100%)
[2026-06-17T10:07:40.662+0800][3.970s][info][gc,heap     ] GC(135) Y: Soft Max Capacity: 64M(100%)
[2026-06-17T10:07:40.663+0800][3.970s][info][gc,heap     ] GC(135) Y: Heap Statistics:
[2026-06-17T10:07:40.663+0800][3.970s][info][gc,heap     ] GC(135) Y:                Mark Start          Mark End        Relocate Start      Relocate End           High               Low         
[2026-06-17T10:07:40.663+0800][3.970s][info][gc,heap     ] GC(135) Y:  Capacity:       64M (100%)         64M (100%)         64M (100%)         64M (100%)         64M (100%)         64M (100%)   
[2026-06-17T10:07:40.663+0800][3.971s][info][gc,heap     ] GC(135) Y:      Free:        2M (3%)            2M (3%)           10M (16%)          10M (16%)          10M (16%)           2M (3%)     
[2026-06-17T10:07:40.663+0800][3.971s][info][gc,heap     ] GC(135) Y:      Used:       62M (97%)          62M (97%)          54M (84%)          54M (84%)          62M (97%)          54M (84%)    
[2026-06-17T10:07:40.664+0800][3.971s][info][gc,heap     ] GC(135) Y: Young Generation Statistics:
[2026-06-17T10:07:40.664+0800][3.971s][info][gc,heap     ] GC(135) Y:                Mark Start          Mark End        Relocate Start      Relocate End    
[2026-06-17T10:07:40.664+0800][3.971s][info][gc,heap     ] GC(135) Y:      Used:        8M (12%)           8M (12%)           0M (0%)            0M (0%)     
[2026-06-17T10:07:40.664+0800][3.971s][info][gc,heap     ] GC(135) Y:      Live:         -                 0M (0%)            0M (0%)            0M (0%)     
[2026-06-17T10:07:40.664+0800][3.972s][info][gc,heap     ] GC(135) Y:   Garbage:         -                 8M (12%)           0M (0%)            0M (0%)     
[2026-06-17T10:07:40.664+0800][3.972s][info][gc,heap     ] GC(135) Y: Allocated:         -                 0M (0%)            0M (0%)            0M (0%)     
[2026-06-17T10:07:40.664+0800][3.972s][info][gc,heap     ] GC(135) Y: Reclaimed:         -                  -                 8M (12%)           8M (12%)    
[2026-06-17T10:07:40.665+0800][3.972s][info][gc,heap     ] GC(135) Y:  Promoted:         -                  -                 0M (0%)            0M (0%)     
[2026-06-17T10:07:40.665+0800][3.972s][info][gc,heap     ] GC(135) Y: Compacted:         -                  -                  -                 0M (0%)     
[2026-06-17T10:07:40.665+0800][3.972s][info][gc,phases   ] GC(135) Y: Young Generation 62M(97%)->54M(84%) 0.008s
[2026-06-17T10:07:40.665+0800][3.972s][info][gc,phases   ] GC(135) O: Old Generation
[2026-06-17T10:07:40.665+0800][3.973s][info][gc          ] GC(136) Minor Collection (Allocation Stall)
[2026-06-17T10:07:40.665+0800][3.973s][info][gc,task     ] GC(136) Using 1 Workers for Young Generation
[2026-06-17T10:07:40.665+0800][3.973s][info][gc,phases   ] GC(136) y: Young Generation
[2026-06-17T10:07:40.666+0800][3.973s][info][gc,phases   ] GC(136) y: Pause Mark Start 0.010ms
[2026-06-17T10:07:40.666+0800][3.974s][info][gc,phases   ] GC(136) y: Concurrent Mark 0.529ms
[2026-06-17T10:07:40.667+0800][3.974s][info][gc,phases   ] GC(136) y: Pause Mark End 0.006ms
[2026-06-17T10:07:40.667+0800][3.974s][info][gc,phases   ] GC(136) y: Concurrent Mark Free 0.002ms
[2026-06-17T10:07:40.667+0800][3.974s][info][gc,phases   ] GC(136) y: Concurrent Reset Relocation Set 0.000ms
[2026-06-17T10:07:40.667+0800][3.975s][info][gc,reloc    ] GC(136) y: Using tenuring threshold: 1 (Computed)
[2026-06-17T10:07:40.667+0800][3.975s][info][gc          ] Allocation Stall (main) 7.975ms
[2026-06-17T10:07:40.667+0800][3.975s][info][gc,phases   ] GC(136) y: Concurrent Select Relocation Set 0.360ms
[2026-06-17T10:07:40.668+0800][3.975s][info][gc,phases   ] GC(135) O: Concurrent Mark 2.498ms
[2026-06-17T10:07:40.668+0800][3.975s][info][gc,phases   ] GC(136) y: Pause Relocate Start 0.005ms
[2026-06-17T10:07:40.668+0800][3.975s][info][gc,phases   ] GC(135) O: Pause Mark End 0.006ms
[2026-06-17T10:07:40.668+0800][3.976s][info][gc,phases   ] GC(135) O: Concurrent Mark Free 0.001ms
[2026-06-17T10:07:40.668+0800][3.976s][info][gc          ] Allocation Stall (main) 0.820ms
[2026-06-17T10:07:40.668+0800][3.976s][info][gc,phases   ] GC(136) y: Concurrent Relocate 0.329ms
[2026-06-17T10:07:40.669+0800][3.976s][info][gc,alloc    ] GC(136) y:                         Mark Start        Mark End      Relocate Start    Relocate End   
[2026-06-17T10:07:40.669+0800][3.976s][info][gc,alloc    ] GC(136) y: Allocation Stalls:          1                1                1                0         
[2026-06-17T10:07:40.669+0800][3.976s][info][gc,phases   ] GC(135) O: Concurrent Process Non-Strong 0.317ms
[2026-06-17T10:07:40.669+0800][3.976s][info][gc,load     ] GC(136) y: Load: 0.41 (2%) / 0.44 (2%) / 0.49 (2%)
[2026-06-17T10:07:40.669+0800][3.977s][info][gc,mmu      ] GC(136) y: MMU: 2ms/98.5%, 5ms/99.1%, 10ms/99.4%, 20ms/99.6%, 50ms/99.6%, 100ms/99.7%
[2026-06-17T10:07:40.669+0800][3.977s][info][gc,marking  ] GC(136) y: Mark: 1 stripe(s), 1 proactive flush(es), 1 terminate flush(es), 0 completion(s), 0 continuation(s) 
[2026-06-17T10:07:40.669+0800][3.977s][info][gc,nmethod  ] GC(136) y: NMethods: 71 registered, 6 unregistered
[2026-06-17T10:07:40.669+0800][3.977s][info][gc,metaspace] GC(136) y: Metaspace: 0M used, 0M committed, 1088M reserved
[2026-06-17T10:07:40.669+0800][3.976s][info][gc,phases   ] GC(135) O: Concurrent Reset Relocation Set 0.001ms
[2026-06-17T10:07:40.670+0800][3.977s][info][gc,reloc    ] GC(136) y:                        Candidates     Selected     In-Place         Size        Empty    Relocated 
[2026-06-17T10:07:40.670+0800][3.977s][info][gc,reloc    ] GC(136) y: Small Pages:                    3            1            1           6M           2M           0M 
[2026-06-17T10:07:40.670+0800][3.977s][info][gc,reloc    ] GC(136) y: Large Pages:                    2            0            0           4M           0M           0M 
[2026-06-17T10:07:40.670+0800][3.977s][info][gc,reloc    ] GC(136) y: Forwarding Usage: 0M
[2026-06-17T10:07:40.670+0800][3.977s][info][gc,reloc    ] GC(136) y: Age Table:
[2026-06-17T10:07:40.670+0800][3.977s][info][gc,phases   ] GC(135) O: Concurrent Select Relocation Set 0.088ms
[2026-06-17T10:07:40.670+0800][3.978s][info][gc,reloc    ] GC(136) y:                    Live             Garbage             Small              Medium             Large        
[2026-06-17T10:07:40.670+0800][3.978s][info][gc,reloc    ] GC(136) y: Eden               4M (8%)            5M (8%)           3 / 1              0 / 0              2 / 0        
[2026-06-17T10:07:40.670+0800][3.978s][info][gc,heap     ] GC(136) y: Min Capacity: 64M(100%)
[2026-06-17T10:07:40.671+0800][3.978s][info][gc,heap     ] GC(136) y: Max Capacity: 64M(100%)
[2026-06-17T10:07:40.671+0800][3.978s][info][gc,heap     ] GC(136) y: Soft Max Capacity: 64M(100%)
[2026-06-17T10:07:40.671+0800][3.978s][info][gc,heap     ] GC(136) y: Heap Statistics:
[2026-06-17T10:07:40.671+0800][3.978s][info][gc,heap     ] GC(136) y:                Mark Start          Mark End        Relocate Start      Relocate End           High               Low         
[2026-06-17T10:07:40.671+0800][3.978s][info][gc,heap     ] GC(136) y:  Capacity:       64M (100%)         64M (100%)         64M (100%)         64M (100%)         64M (100%)         64M (100%)   
[2026-06-17T10:07:40.671+0800][3.978s][info][gc,heap     ] GC(136) y:      Free:        0M (0%)            0M (0%)            0M (0%)            0M (0%)            2M (3%)            0M (0%)     
[2026-06-17T10:07:40.671+0800][3.978s][info][gc,heap     ] GC(136) y:      Used:       64M (100%)         64M (100%)         64M (100%)         64M (100%)         64M (100%)         62M (97%)    
[2026-06-17T10:07:40.671+0800][3.978s][info][gc,heap     ] GC(136) y: Young Generation Statistics:
[2026-06-17T10:07:40.671+0800][3.979s][info][gc,heap     ] GC(136) y:                Mark Start          Mark End        Relocate Start      Relocate End    
[2026-06-17T10:07:40.671+0800][3.979s][info][gc,heap     ] GC(136) y:      Used:       10M (16%)          10M (16%)          10M (16%)           8M (12%)    
[2026-06-17T10:07:40.671+0800][3.979s][info][gc,heap     ] GC(136) y:      Live:         -                 4M (8%)            4M (8%)            4M (8%)     
[2026-06-17T10:07:40.671+0800][3.979s][info][gc,heap     ] GC(136) y:   Garbage:         -                 5M (8%)            3M (5%)            0M (0%)     
[2026-06-17T10:07:40.671+0800][3.979s][info][gc,heap     ] GC(136) y: Allocated:         -                 0M (0%)            2M (3%)            3M (5%)     
[2026-06-17T10:07:40.672+0800][3.979s][info][gc,heap     ] GC(136) y: Reclaimed:         -                  -                 2M (3%)            5M (8%)     
[2026-06-17T10:07:40.672+0800][3.979s][info][gc,heap     ] GC(136) y:  Promoted:         -                  -                 0M (0%)            0M (0%)     
[2026-06-17T10:07:40.672+0800][3.979s][info][gc,heap     ] GC(136) y: Compacted:         -                  -                  -                 0M (1%)     
[2026-06-17T10:07:40.672+0800][3.979s][info][gc,phases   ] GC(136) y: Young Generation 64M(100%)->64M(100%) 0.003s
[2026-06-17T10:07:40.672+0800][3.979s][info][gc          ] GC(136) Minor Collection (Allocation Stall) 64M(100%)->40M(62%) 0.007s
[2026-06-17T10:07:40.672+0800][3.979s][info][gc,task     ] GC(135) O: Using 1 Workers for Old Generation
[2026-06-17T10:07:40.672+0800][3.980s][info][gc,task     ] GC(135) O: Using 1 Workers for Old Generation
[2026-06-17T10:07:40.672+0800][3.980s][info][gc,phases   ] GC(135) O: Concurrent Remap Roots 0.295ms
[2026-06-17T10:07:40.672+0800][3.980s][info][gc,phases   ] GC(135) O: Pause Relocate Start 0.004ms
[2026-06-17T10:07:40.673+0800][3.980s][info][gc,phases   ] GC(135) O: Concurrent Relocate 0.465ms
[2026-06-17T10:07:40.673+0800][3.980s][info][gc,alloc    ] GC(135) O:                         Mark Start        Mark End      Relocate Start    Relocate End   
[2026-06-17T10:07:40.673+0800][3.981s][info][gc,alloc    ] GC(135) O: Allocation Stalls:          0                1                0                0         
[2026-06-17T10:07:40.673+0800][3.981s][info][gc,load     ] GC(135) O: Load: 0.41 (2%) / 0.44 (2%) / 0.49 (2%)
[2026-06-17T10:07:40.673+0800][3.981s][info][gc,mmu      ] GC(135) O: MMU: 2ms/98.5%, 5ms/99.1%, 10ms/99.4%, 20ms/99.6%, 50ms/99.6%, 100ms/99.7%
[2026-06-17T10:07:40.673+0800][3.981s][info][gc,marking  ] GC(135) O: Mark: 1 stripe(s), 2 proactive flush(es), 1 terminate flush(es), 0 completion(s), 0 continuation(s) 
[2026-06-17T10:07:40.673+0800][3.981s][info][gc,nmethod  ] GC(135) O: NMethods: 71 registered, 6 unregistered
[2026-06-17T10:07:40.674+0800][3.981s][info][gc,metaspace] GC(135) O: Metaspace: 0M used, 0M committed, 1088M reserved
[2026-06-17T10:07:40.674+0800][3.981s][info][gc,ref      ] GC(135) O:                       Encountered   Discovered     Enqueued 
[2026-06-17T10:07:40.674+0800][3.981s][info][gc,ref      ] GC(135) O: Soft References:                0            0            0 
[2026-06-17T10:07:40.674+0800][3.981s][info][gc,ref      ] GC(135) O: Weak References:                6            0            0 
[2026-06-17T10:07:40.674+0800][3.981s][info][gc,ref      ] GC(135) O: Final References:               0            0            0 
[2026-06-17T10:07:40.674+0800][3.981s][info][gc,ref      ] GC(135) O: Phantom References:             1            1            0 
[2026-06-17T10:07:40.674+0800][3.982s][info][gc,reloc    ] GC(135) O:                        Candidates     Selected     In-Place         Size        Empty    Relocated 
[2026-06-17T10:07:40.674+0800][3.982s][info][gc,reloc    ] GC(135) O: Small Pages:                    2            1            0           4M           0M           0M 
[2026-06-17T10:07:40.674+0800][3.982s][info][gc,reloc    ] GC(135) O: Large Pages:                   25            0            0          50M          24M           0M 
[2026-06-17T10:07:40.674+0800][3.982s][info][gc,reloc    ] GC(135) O: Forwarding Usage: 0M
[2026-06-17T10:07:40.674+0800][3.982s][info][gc,heap     ] GC(135) O: Min Capacity: 64M(100%)
[2026-06-17T10:07:40.675+0800][3.982s][info][gc,heap     ] GC(135) O: Max Capacity: 64M(100%)
[2026-06-17T10:07:40.675+0800][3.982s][info][gc,heap     ] GC(135) O: Soft Max Capacity: 64M(100%)
[2026-06-17T10:07:40.675+0800][3.982s][info][gc,heap     ] GC(135) O: Heap Statistics:
[2026-06-17T10:07:40.675+0800][3.982s][info][gc,heap     ] GC(135) O:                Mark Start          Mark End        Relocate Start      Relocate End           High               Low         
[2026-06-17T10:07:40.675+0800][3.982s][info][gc,heap     ] GC(135) O:  Capacity:       64M (100%)         64M (100%)         64M (100%)         64M (100%)         64M (100%)         64M (100%)   
[2026-06-17T10:07:40.675+0800][3.982s][info][gc,heap     ] GC(135) O:      Free:        2M (3%)            0M (0%)           24M (38%)          26M (41%)          26M (41%)           0M (0%)     
[2026-06-17T10:07:40.675+0800][3.982s][info][gc,heap     ] GC(135) O:      Used:       62M (97%)          64M (100%)         40M (62%)          38M (59%)          64M (100%)         38M (59%)    
[2026-06-17T10:07:40.675+0800][3.982s][info][gc,heap     ] GC(135) O: Old Generation Statistics:
[2026-06-17T10:07:40.675+0800][3.982s][info][gc,heap     ] GC(135) O:                Mark Start          Mark End        Relocate Start      Relocate End    
[2026-06-17T10:07:40.675+0800][3.983s][info][gc,heap     ] GC(135) O:      Used:       54M (84%)          54M (84%)          30M (47%)          28M (44%)    
[2026-06-17T10:07:40.675+0800][3.983s][info][gc,heap     ] GC(135) O:      Live:         -                27M (43%)          27M (43%)          27M (43%)    
[2026-06-17T10:07:40.675+0800][3.983s][info][gc,heap     ] GC(135) O:   Garbage:         -                26M (42%)           2M (4%)            0M (0%)     
[2026-06-17T10:07:40.675+0800][3.983s][info][gc,heap     ] GC(135) O: Allocated:         -                 0M (0%)            0M (0%)            0M (1%)     
[2026-06-17T10:07:40.675+0800][3.983s][info][gc,heap     ] GC(135) O: Reclaimed:         -                  -                24M (38%)          26M (42%)    
[2026-06-17T10:07:40.676+0800][3.983s][info][gc,heap     ] GC(135) O: Compacted:         -                  -                  -                 1M (2%)     
[2026-06-17T10:07:40.676+0800][3.983s][info][gc,phases   ] GC(135) O: Old Generation 64M(100%)->38M(59%) 0.008s
[2026-06-17T10:07:40.676+0800][3.983s][info][gc          ] GC(135) Major Collection (Allocation Rate) 62M(97%)->38M(59%) 0.027s
[2026-06-17T10:07:40.722+0800][4.029s][info][gc          ] GC(137) Minor Collection (Allocation Rate)
[2026-06-17T10:07:40.723+0800][4.031s][info][gc,task     ] GC(137) Using 1 Workers for Young Generation
[2026-06-17T10:07:40.725+0800][4.033s][info][gc,phases   ] GC(137) y: Young Generation
[2026-06-17T10:07:40.728+0800][4.036s][info][gc,phases   ] GC(137) y: Pause Mark Start 0.025ms
[2026-06-17T10:07:40.731+0800][4.039s][info][gc,phases   ] GC(137) y: Concurrent Mark 1.833ms
[2026-06-17T10:07:40.733+0800][4.041s][info][gc,phases   ] GC(137) y: Pause Mark End 0.013ms
[2026-06-17T10:07:40.736+0800][4.043s][info][gc,phases   ] GC(137) y: Concurrent Mark Free 0.004ms
[2026-06-17T10:07:40.738+0800][4.045s][info][gc,phases   ] GC(137) y: Concurrent Reset Relocation Set 0.002ms
[2026-06-17T10:07:40.740+0800][4.047s][info][gc,reloc    ] GC(137) y: Using tenuring threshold: 1 (Computed)
[2026-06-17T10:07:40.740+0800][4.048s][info][gc          ] Allocation Stall (main) 7.459ms
[2026-06-17T10:07:40.741+0800][4.049s][info][gc,phases   ] GC(137) y: Concurrent Select Relocation Set 1.402ms
[2026-06-17T10:07:40.742+0800][4.050s][info][gc,phases   ] GC(137) y: Pause Relocate Start 0.014ms
[2026-06-17T10:07:40.743+0800][4.051s][info][gc,phases   ] GC(137) y: Concurrent Relocate 0.592ms
[2026-06-17T10:07:40.744+0800][4.051s][info][gc,alloc    ] GC(137) y:                         Mark Start        Mark End      Relocate Start    Relocate End   
[2026-06-17T10:07:40.744+0800][4.052s][info][gc,alloc    ] GC(137) y: Allocation Stalls:          0                1                0                0         
[2026-06-17T10:07:40.745+0800][4.052s][info][gc,load     ] GC(137) y: Load: 0.41 (2%) / 0.44 (2%) / 0.49 (2%)
[2026-06-17T10:07:40.745+0800][4.052s][info][gc,mmu      ] GC(137) y: MMU: 2ms/98.5%, 5ms/99.1%, 10ms/99.4%, 20ms/99.6%, 50ms/99.6%, 100ms/99.7%
[2026-06-17T10:07:40.745+0800][4.053s][info][gc,marking  ] GC(137) y: Mark: 1 stripe(s), 1 proactive flush(es), 1 terminate flush(es), 0 completion(s), 0 continuation(s) 
[2026-06-17T10:07:40.746+0800][4.053s][info][gc,nmethod  ] GC(137) y: NMethods: 72 registered, 6 unregistered
[2026-06-17T10:07:40.746+0800][4.053s][info][gc,metaspace] GC(137) y: Metaspace: 0M used, 0M committed, 1088M reserved
[2026-06-17T10:07:40.746+0800][4.054s][info][gc,reloc    ] GC(137) y:                        Candidates     Selected     In-Place         Size        Empty    Relocated 
[2026-06-17T10:07:40.747+0800][4.054s][info][gc,reloc    ] GC(137) y: Small Pages:                   10            1            0          20M          14M           0M 
[2026-06-17T10:07:40.747+0800][4.054s][info][gc,reloc    ] GC(137) y: Large Pages:                    5            0            0          10M           0M           0M 
[2026-06-17T10:07:40.747+0800][4.055s][info][gc,reloc    ] GC(137) y: Forwarding Usage: 0M
[2026-06-17T10:07:40.747+0800][4.055s][info][gc,reloc    ] GC(137) y: Age Table:
[2026-06-17T10:07:40.748+0800][4.055s][info][gc,reloc    ] GC(137) y:                    Live             Garbage             Small              Medium             Large        
[2026-06-17T10:07:40.748+0800][4.055s][info][gc,reloc    ] GC(137) y: Eden               7M (11%)          16M (26%)          9 / 0              0 / 0              3 / 0        
[2026-06-17T10:07:40.748+0800][4.055s][info][gc,reloc    ] GC(137) y: Survivor 1         4M (8%)            1M (2%)           1 / 1              0 / 0              2 / 0        
[2026-06-17T10:07:40.748+0800][4.056s][info][gc,heap     ] GC(137) y: Min Capacity: 64M(100%)
[2026-06-17T10:07:40.748+0800][4.056s][info][gc,heap     ] GC(137) y: Max Capacity: 64M(100%)
[2026-06-17T10:07:40.749+0800][4.056s][info][gc,heap     ] GC(137) y: Soft Max Capacity: 64M(100%)
[2026-06-17T10:07:40.749+0800][4.056s][info][gc,heap     ] GC(137) y: Heap Statistics:
[2026-06-17T10:07:40.749+0800][4.056s][info][gc,heap     ] GC(137) y:                Mark Start          Mark End        Relocate Start      Relocate End           High               Low         
[2026-06-17T10:07:40.749+0800][4.056s][info][gc,heap     ] GC(137) y:  Capacity:       64M (100%)         64M (100%)         64M (100%)         64M (100%)         64M (100%)         64M (100%)   
[2026-06-17T10:07:40.749+0800][4.056s][info][gc,heap     ] GC(137) y:      Free:        6M (9%)            0M (0%)           12M (19%)          12M (19%)          14M (22%)           0M (0%)     
[2026-06-17T10:07:40.749+0800][4.057s][info][gc,heap     ] GC(137) y:      Used:       58M (91%)          64M (100%)         52M (81%)          52M (81%)          64M (100%)         50M (78%)    
[2026-06-17T10:07:40.749+0800][4.057s][info][gc,heap     ] GC(137) y: Young Generation Statistics:
[2026-06-17T10:07:40.750+0800][4.057s][info][gc,heap     ] GC(137) y:                Mark Start          Mark End        Relocate Start      Relocate End    
[2026-06-17T10:07:40.750+0800][4.057s][info][gc,heap     ] GC(137) y:      Used:       30M (47%)          36M (56%)          20M (31%)          18M (28%)    
[2026-06-17T10:07:40.750+0800][4.057s][info][gc,heap     ] GC(137) y:      Live:         -                11M (19%)           7M (12%)           7M (11%)    
[2026-06-17T10:07:40.750+0800][4.057s][info][gc,heap     ] GC(137) y:   Garbage:         -                18M (28%)           4M (6%)            0M (1%)     
[2026-06-17T10:07:40.750+0800][4.057s][info][gc,heap     ] GC(137) y: Allocated:         -                 6M (9%)            8M (12%)           9M (16%)    
[2026-06-17T10:07:40.750+0800][4.058s][info][gc,heap     ] GC(137) y: Reclaimed:         -                  -                14M (22%)          17M (27%)    
[2026-06-17T10:07:40.750+0800][4.058s][info][gc,heap     ] GC(137) y:  Promoted:         -                  -                 4M (6%)            4M (8%)     
[2026-06-17T10:07:40.751+0800][4.058s][info][gc,heap     ] GC(137) y: Compacted:         -                  -                  -                 0M (0%)     
[2026-06-17T10:07:40.751+0800][4.058s][info][gc,phases   ] GC(137) y: Young Generation 58M(91%)->52M(81%) 0.019s
[2026-06-17T10:07:40.751+0800][4.058s][info][gc          ] GC(137) Minor Collection (Allocation Rate) 58M(91%)->52M(81%) 0.029s
[2026-06-17T10:07:40.751+0800][4.058s][info][gc          ] GC(138) Minor Collection (Allocation Rate)
[2026-06-17T10:07:40.751+0800][4.059s][info][gc,task     ] GC(138) Using 1 Workers for Young Generation
[2026-06-17T10:07:40.751+0800][4.059s][info][gc,phases   ] GC(138) y: Young Generation
[2026-06-17T10:07:40.752+0800][4.059s][info][gc,phases   ] GC(138) y: Pause Mark Start 0.010ms
[2026-06-17T10:07:40.753+0800][4.060s][info][gc,phases   ] GC(138) y: Concurrent Mark 0.883ms
[2026-06-17T10:07:40.753+0800][4.060s][info][gc,phases   ] GC(138) y: Pause Mark End 0.007ms
[2026-06-17T10:07:40.753+0800][4.061s][info][gc,phases   ] GC(138) y: Concurrent Mark Free 0.001ms
[2026-06-17T10:07:40.753+0800][4.061s][info][gc,phases   ] GC(138) y: Concurrent Reset Relocation Set 0.002ms
[2026-06-17T10:07:40.753+0800][4.061s][info][gc,reloc    ] GC(138) y: Using tenuring threshold: 1 (Computed)
[2026-06-17T10:07:40.754+0800][4.061s][info][gc,phases   ] GC(138) y: Concurrent Select Relocation Set 0.269ms
[2026-06-17T10:07:40.754+0800][4.061s][info][gc,phases   ] GC(138) y: Pause Relocate Start 0.005ms
[2026-06-17T10:07:40.754+0800][4.062s][info][gc,phases   ] GC(138) y: Concurrent Relocate 0.453ms
[2026-06-17T10:07:40.755+0800][4.062s][info][gc,alloc    ] GC(138) y:                         Mark Start        Mark End      Relocate Start    Relocate End   
[2026-06-17T10:07:40.755+0800][4.062s][info][gc,alloc    ] GC(138) y: Allocation Stalls:          0                0                0                0         
[2026-06-17T10:07:40.755+0800][4.062s][info][gc,load     ] GC(138) y: Load: 0.41 (2%) / 0.44 (2%) / 0.49 (2%)
[2026-06-17T10:07:40.755+0800][4.062s][info][gc,mmu      ] GC(138) y: MMU: 2ms/98.5%, 5ms/99.1%, 10ms/99.4%, 20ms/99.6%, 50ms/99.6%, 100ms/99.7%
[2026-06-17T10:07:40.755+0800][4.062s][info][gc,marking  ] GC(138) y: Mark: 1 stripe(s), 2 proactive flush(es), 1 terminate flush(es), 0 completion(s), 0 continuation(s) 
[2026-06-17T10:07:40.755+0800][4.062s][info][gc,nmethod  ] GC(138) y: NMethods: 72 registered, 6 unregistered
[2026-06-17T10:07:40.755+0800][4.063s][info][gc,metaspace] GC(138) y: Metaspace: 0M used, 0M committed, 1088M reserved
[2026-06-17T10:07:40.755+0800][4.063s][info][gc,reloc    ] GC(138) y:                        Candidates     Selected     In-Place         Size        Empty    Relocated 
[2026-06-17T10:07:40.755+0800][4.063s][info][gc,reloc    ] GC(138) y: Small Pages:                    5            3            0          10M           0M           2M 
[2026-06-17T10:07:40.755+0800][4.063s][info][gc,reloc    ] GC(138) y: Large Pages:                    4            0            0           8M           0M           0M 
[2026-06-17T10:07:40.755+0800][4.063s][info][gc,reloc    ] GC(138) y: Forwarding Usage: 0M
[2026-06-17T10:07:40.755+0800][4.063s][info][gc,reloc    ] GC(138) y: Age Table:
[2026-06-17T10:07:40.756+0800][4.063s][info][gc,reloc    ] GC(138) y:                    Live             Garbage             Small              Medium             Large        
[2026-06-17T10:07:40.756+0800][4.063s][info][gc,reloc    ] GC(138) y: Eden               4M (7%)            3M (6%)           3 / 3              0 / 0              1 / 0        
[2026-06-17T10:07:40.756+0800][4.063s][info][gc,reloc    ] GC(138) y: Survivor 1         7M (11%)           2M (5%)           2 / 0              0 / 0              3 / 0        
[2026-06-17T10:07:40.756+0800][4.063s][info][gc,heap     ] GC(138) y: Min Capacity: 64M(100%)
[2026-06-17T10:07:40.756+0800][4.063s][info][gc,heap     ] GC(138) y: Max Capacity: 64M(100%)
[2026-06-17T10:07:40.756+0800][4.064s][info][gc,heap     ] GC(138) y: Soft Max Capacity: 64M(100%)
[2026-06-17T10:07:40.756+0800][4.064s][info][gc,heap     ] GC(138) y: Heap Statistics:
[2026-06-17T10:07:40.756+0800][4.064s][info][gc,heap     ] GC(138) y:                Mark Start          Mark End        Relocate Start      Relocate End           High               Low         
[2026-06-17T10:07:40.756+0800][4.064s][info][gc,heap     ] GC(138) y:  Capacity:       64M (100%)         64M (100%)         64M (100%)         64M (100%)         64M (100%)         64M (100%)   
[2026-06-17T10:07:40.756+0800][4.064s][info][gc,heap     ] GC(138) y:      Free:       12M (19%)           8M (12%)           8M (12%)          12M (19%)          12M (19%)           6M (9%)     
[2026-06-17T10:07:40.756+0800][4.064s][info][gc,heap     ] GC(138) y:      Used:       52M (81%)          56M (88%)          56M (88%)          52M (81%)          58M (91%)          52M (81%)    
[2026-06-17T10:07:40.757+0800][4.064s][info][gc,heap     ] GC(138) y: Young Generation Statistics:
[2026-06-17T10:07:40.757+0800][4.064s][info][gc,heap     ] GC(138) y:                Mark Start          Mark End        Relocate Start      Relocate End    
[2026-06-17T10:07:40.757+0800][4.064s][info][gc,heap     ] GC(138) y:      Used:       18M (28%)          22M (34%)          16M (25%)          10M (16%)    
[2026-06-17T10:07:40.757+0800][4.064s][info][gc,heap     ] GC(138) y:      Live:         -                11M (18%)           5M (8%)            4M (7%)     
[2026-06-17T10:07:40.757+0800][4.064s][info][gc,heap     ] GC(138) y:   Garbage:         -                 6M (11%)           6M (11%)           0M (0%)     
[2026-06-17T10:07:40.757+0800][4.064s][info][gc,heap     ] GC(138) y: Allocated:         -                 4M (6%)            4M (6%)            5M (9%)     
[2026-06-17T10:07:40.757+0800][4.064s][info][gc,heap     ] GC(138) y: Reclaimed:         -                  -                 0M (0%)            6M (11%)    
[2026-06-17T10:07:40.757+0800][4.064s][info][gc,heap     ] GC(138) y:  Promoted:         -                  -                 6M (9%)            7M (11%)    
[2026-06-17T10:07:40.757+0800][4.065s][info][gc,heap     ] GC(138) y: Compacted:         -                  -                  -                 2M (3%)     
[2026-06-17T10:07:40.757+0800][4.065s][info][gc,phases   ] GC(138) y: Young Generation 52M(81%)->52M(81%) 0.003s
[2026-06-17T10:07:40.757+0800][4.065s][info][gc          ] GC(138) Minor Collection (Allocation Rate) 52M(81%)->52M(81%) 0.006s
[2026-06-17T10:07:40.757+0800][4.065s][info][gc          ] GC(139) Major Collection (Allocation Rate)
[2026-06-17T10:07:40.758+0800][4.065s][info][gc,task     ] GC(139) Using 1 Workers for Young Generation
[2026-06-17T10:07:40.758+0800][4.065s][info][gc,task     ] GC(139) Using 1 Workers for Old Generation
[2026-06-17T10:07:40.758+0800][4.065s][info][gc,phases   ] GC(139) Y: Young Generation
[2026-06-17T10:07:40.758+0800][4.065s][info][gc,phases   ] GC(139) Y: Pause Mark Start (Major) 0.006ms
[2026-06-17T10:07:40.758+0800][4.066s][info][gc,phases   ] GC(139) Y: Concurrent Mark 0.308ms
[2026-06-17T10:07:40.758+0800][4.066s][info][gc,phases   ] GC(139) Y: Pause Mark End 0.004ms
[2026-06-17T10:07:40.759+0800][4.066s][info][gc,phases   ] GC(139) Y: Concurrent Mark Free 0.000ms
[2026-06-17T10:07:40.759+0800][4.066s][info][gc,phases   ] GC(139) Y: Concurrent Reset Relocation Set 0.001ms
[2026-06-17T10:07:40.759+0800][4.066s][info][gc,reloc    ] GC(139) Y: Using tenuring threshold: 2 (Computed)
[2026-06-17T10:07:40.759+0800][4.066s][info][gc,phases   ] GC(139) Y: Concurrent Select Relocation Set 0.194ms
[2026-06-17T10:07:40.759+0800][4.066s][info][gc,phases   ] GC(139) Y: Pause Relocate Start 0.003ms
[2026-06-17T10:07:40.759+0800][4.067s][info][gc,phases   ] GC(139) Y: Concurrent Relocate 0.079ms
[2026-06-17T10:07:40.759+0800][4.067s][info][gc,alloc    ] GC(139) Y:                         Mark Start        Mark End      Relocate Start    Relocate End   
[2026-06-17T10:07:40.759+0800][4.067s][info][gc,alloc    ] GC(139) Y: Allocation Stalls:          0                0                0                0         
[2026-06-17T10:07:40.759+0800][4.067s][info][gc,load     ] GC(139) Y: Load: 0.41 (2%) / 0.44 (2%) / 0.49 (2%)
[2026-06-17T10:07:40.760+0800][4.067s][info][gc,mmu      ] GC(139) Y: MMU: 2ms/98.5%, 5ms/99.1%, 10ms/99.4%, 20ms/99.6%, 50ms/99.6%, 100ms/99.7%
[2026-06-17T10:07:40.760+0800][4.067s][info][gc,marking  ] GC(139) Y: Mark: 1 stripe(s), 1 proactive flush(es), 1 terminate flush(es), 0 completion(s), 0 continuation(s) 
[2026-06-17T10:07:40.760+0800][4.067s][info][gc,nmethod  ] GC(139) Y: NMethods: 72 registered, 6 unregistered
[2026-06-17T10:07:40.760+0800][4.067s][info][gc,metaspace] GC(139) Y: Metaspace: 0M used, 0M committed, 1088M reserved
[2026-06-17T10:07:40.760+0800][4.068s][info][gc,reloc    ] GC(139) Y:                        Candidates     Selected     In-Place         Size        Empty    Relocated 
[2026-06-17T10:07:40.760+0800][4.068s][info][gc,reloc    ] GC(139) Y: Small Pages:                    4            0            0           8M           6M           0M 
[2026-06-17T10:07:40.760+0800][4.068s][info][gc,reloc    ] GC(139) Y: Large Pages:                    1            0            0           2M           0M           0M 
[2026-06-17T10:07:40.760+0800][4.068s][info][gc,reloc    ] GC(139) Y: Forwarding Usage: 0M
[2026-06-17T10:07:40.760+0800][4.068s][info][gc,reloc    ] GC(139) Y: Age Table:
[2026-06-17T10:07:40.761+0800][4.068s][info][gc,reloc    ] GC(139) Y:                    Live             Garbage             Small              Medium             Large        
[2026-06-17T10:07:40.761+0800][4.068s][info][gc,reloc    ] GC(139) Y: Eden                -                 4M (6%)           2 / 0              0 / 0              0 / 0        
[2026-06-17T10:07:40.761+0800][4.068s][info][gc,reloc    ] GC(139) Y: Survivor 1         3M (5%)            2M (4%)           2 / 0              0 / 0              1 / 0        
[2026-06-17T10:07:40.761+0800][4.068s][info][gc,heap     ] GC(139) Y: Min Capacity: 64M(100%)
[2026-06-17T10:07:40.761+0800][4.068s][info][gc,heap     ] GC(139) Y: Max Capacity: 64M(100%)
[2026-06-17T10:07:40.761+0800][4.068s][info][gc,heap     ] GC(139) Y: Soft Max Capacity: 64M(100%)
[2026-06-17T10:07:40.761+0800][4.068s][info][gc,heap     ] GC(139) Y: Heap Statistics:
[2026-06-17T10:07:40.761+0800][4.069s][info][gc,heap     ] GC(139) Y:                Mark Start          Mark End        Relocate Start      Relocate End           High               Low         
[2026-06-17T10:07:40.761+0800][4.069s][info][gc,heap     ] GC(139) Y:  Capacity:       64M (100%)         64M (100%)         64M (100%)         64M (100%)         64M (100%)         64M (100%)   
[2026-06-17T10:07:40.761+0800][4.069s][info][gc,heap     ] GC(139) Y:      Free:       12M (19%)          12M (19%)          18M (28%)          18M (28%)          18M (28%)          12M (19%)    
[2026-06-17T10:07:40.761+0800][4.069s][info][gc,heap     ] GC(139) Y:      Used:       52M (81%)          52M (81%)          46M (72%)          46M (72%)          52M (81%)          46M (72%)    
[2026-06-17T10:07:40.761+0800][4.069s][info][gc,heap     ] GC(139) Y: Young Generation Statistics:
[2026-06-17T10:07:40.762+0800][4.069s][info][gc,heap     ] GC(139) Y:                Mark Start          Mark End        Relocate Start      Relocate End    
[2026-06-17T10:07:40.762+0800][4.069s][info][gc,heap     ] GC(139) Y:      Used:       10M (16%)          10M (16%)           4M (6%)            4M (6%)     
[2026-06-17T10:07:40.762+0800][4.069s][info][gc,heap     ] GC(139) Y:      Live:         -                 3M (5%)            3M (5%)            3M (5%)     
[2026-06-17T10:07:40.762+0800][4.069s][info][gc,heap     ] GC(139) Y:   Garbage:         -                 6M (11%)           0M (1%)            0M (1%)     
[2026-06-17T10:07:40.762+0800][4.069s][info][gc,heap     ] GC(139) Y: Allocated:         -                 0M (0%)            0M (0%)            0M (0%)     
[2026-06-17T10:07:40.762+0800][4.069s][info][gc,heap     ] GC(139) Y: Reclaimed:         -                  -                 6M (9%)            6M (9%)     
[2026-06-17T10:07:40.762+0800][4.069s][info][gc,heap     ] GC(139) Y:  Promoted:         -                  -                 0M (0%)            0M (0%)     
[2026-06-17T10:07:40.762+0800][4.069s][info][gc,heap     ] GC(139) Y: Compacted:         -                  -                  -                 0M (0%)     
[2026-06-17T10:07:40.762+0800][4.070s][info][gc,phases   ] GC(139) Y: Young Generation 52M(81%)->46M(72%) 0.002s
[2026-06-17T10:07:40.762+0800][4.070s][info][gc,phases   ] GC(139) O: Old Generation
[2026-06-17T10:07:40.763+0800][4.071s][info][gc,phases   ] GC(139) O: Concurrent Mark 1.125ms
[2026-06-17T10:07:40.764+0800][4.071s][info][gc,phases   ] GC(139) O: Pause Mark End 0.005ms
[2026-06-17T10:07:40.764+0800][4.071s][info][gc,phases   ] GC(139) O: Concurrent Mark Free 0.001ms
[2026-06-17T10:07:40.764+0800][4.071s][info][gc,phases   ] GC(139) O: Concurrent Process Non-Strong 0.225ms
[2026-06-17T10:07:40.764+0800][4.072s][info][gc,phases   ] GC(139) O: Concurrent Reset Relocation Set 0.001ms
[2026-06-17T10:07:40.764+0800][4.072s][info][gc,phases   ] GC(139) O: Concurrent Select Relocation Set 0.051ms
[2026-06-17T10:07:40.764+0800][4.072s][info][gc,task     ] GC(139) O: Using 1 Workers for Old Generation
[2026-06-17T10:07:40.765+0800][4.072s][info][gc,task     ] GC(139) O: Using 1 Workers for Old Generation
[2026-06-17T10:07:40.765+0800][4.072s][info][gc,phases   ] GC(139) O: Concurrent Remap Roots 0.306ms
[2026-06-17T10:07:40.765+0800][4.072s][info][gc,phases   ] GC(139) O: Pause Relocate Start 0.009ms
[2026-06-17T10:07:40.766+0800][4.073s][info][gc,phases   ] GC(139) O: Concurrent Relocate 0.594ms
[2026-06-17T10:07:40.766+0800][4.073s][info][gc,alloc    ] GC(139) O:                         Mark Start        Mark End      Relocate Start    Relocate End   
[2026-06-17T10:07:40.766+0800][4.073s][info][gc,alloc    ] GC(139) O: Allocation Stalls:          0                0                0                0         
[2026-06-17T10:07:40.766+0800][4.073s][info][gc,load     ] GC(139) O: Load: 0.41 (2%) / 0.44 (2%) / 0.49 (2%)
[2026-06-17T10:07:40.766+0800][4.073s][info][gc,mmu      ] GC(139) O: MMU: 2ms/98.5%, 5ms/99.1%, 10ms/99.4%, 20ms/99.6%, 50ms/99.6%, 100ms/99.7%
[2026-06-17T10:07:40.766+0800][4.074s][info][gc,marking  ] GC(139) O: Mark: 1 stripe(s), 2 proactive flush(es), 1 terminate flush(es), 0 completion(s), 0 continuation(s) 
[2026-06-17T10:07:40.766+0800][4.074s][info][gc,nmethod  ] GC(139) O: NMethods: 72 registered, 6 unregistered
[2026-06-17T10:07:40.766+0800][4.074s][info][gc,metaspace] GC(139) O: Metaspace: 0M used, 0M committed, 1088M reserved
[2026-06-17T10:07:40.766+0800][4.074s][info][gc,ref      ] GC(139) O:                       Encountered   Discovered     Enqueued 
[2026-06-17T10:07:40.767+0800][4.074s][info][gc,ref      ] GC(139) O: Soft References:                0            0            0 
[2026-06-17T10:07:40.767+0800][4.074s][info][gc,ref      ] GC(139) O: Weak References:                6            0            0 
[2026-06-17T10:07:40.767+0800][4.074s][info][gc,ref      ] GC(139) O: Final References:               0            0            0 
[2026-06-17T10:07:40.767+0800][4.074s][info][gc,ref      ] GC(139) O: Phantom References:             1            1            0 
[2026-06-17T10:07:40.767+0800][4.074s][info][gc,reloc    ] GC(139) O:                        Candidates     Selected     In-Place         Size        Empty    Relocated 
[2026-06-17T10:07:40.767+0800][4.074s][info][gc,reloc    ] GC(139) O: Small Pages:                    3            1            0           6M           0M           1M 
[2026-06-17T10:07:40.767+0800][4.074s][info][gc,reloc    ] GC(139) O: Large Pages:                   18            0            0          36M           0M           0M 
[2026-06-17T10:07:40.767+0800][4.074s][info][gc,reloc    ] GC(139) O: Forwarding Usage: 0M
[2026-06-17T10:07:40.767+0800][4.075s][info][gc,heap     ] GC(139) O: Min Capacity: 64M(100%)
[2026-06-17T10:07:40.767+0800][4.075s][info][gc,heap     ] GC(139) O: Max Capacity: 64M(100%)
[2026-06-17T10:07:40.767+0800][4.075s][info][gc,heap     ] GC(139) O: Soft Max Capacity: 64M(100%)
[2026-06-17T10:07:40.767+0800][4.075s][info][gc,heap     ] GC(139) O: Heap Statistics:
[2026-06-17T10:07:40.767+0800][4.075s][info][gc,heap     ] GC(139) O:                Mark Start          Mark End        Relocate Start      Relocate End           High               Low         
[2026-06-17T10:07:40.768+0800][4.075s][info][gc,heap     ] GC(139) O:  Capacity:       64M (100%)         64M (100%)         64M (100%)         64M (100%)         64M (100%)         64M (100%)   
[2026-06-17T10:07:40.768+0800][4.075s][info][gc,heap     ] GC(139) O:      Free:       12M (19%)          14M (22%)          14M (22%)          16M (25%)          18M (28%)          12M (19%)    
[2026-06-17T10:07:40.768+0800][4.075s][info][gc,heap     ] GC(139) O:      Used:       52M (81%)          50M (78%)          50M (78%)          48M (75%)          52M (81%)          46M (72%)    
[2026-06-17T10:07:40.768+0800][4.075s][info][gc,heap     ] GC(139) O: Old Generation Statistics:
[2026-06-17T10:07:40.768+0800][4.075s][info][gc,heap     ] GC(139) O:                Mark Start          Mark End        Relocate Start      Relocate End    
[2026-06-17T10:07:40.768+0800][4.075s][info][gc,heap     ] GC(139) O:      Used:       42M (66%)          42M (66%)          42M (66%)          40M (62%)    
[2026-06-17T10:07:40.768+0800][4.075s][info][gc,heap     ] GC(139) O:      Live:         -                39M (61%)          39M (61%)          39M (61%)    
[2026-06-17T10:07:40.768+0800][4.075s][info][gc,heap     ] GC(139) O:   Garbage:         -                 2M (4%)            2M (4%)            0M (0%)     
[2026-06-17T10:07:40.768+0800][4.076s][info][gc,heap     ] GC(139) O: Allocated:         -                 0M (0%)            0M (0%)            0M (1%)     
[2026-06-17T10:07:40.768+0800][4.076s][info][gc,heap     ] GC(139) O: Reclaimed:         -                  -                 0M (0%)            2M (4%)     
[2026-06-17T10:07:40.768+0800][4.076s][info][gc,heap     ] GC(139) O: Compacted:         -                  -                  -                 3M (5%)     
[2026-06-17T10:07:40.768+0800][4.076s][info][gc,phases   ] GC(139) O: Old Generation 50M(78%)->48M(75%) 0.004s
[2026-06-17T10:07:40.768+0800][4.076s][info][gc          ] GC(139) Major Collection (Allocation Rate) 52M(81%)->48M(75%) 0.011s
[2026-06-17T10:07:40.773+0800][4.080s][info][gc          ] GC(140) Minor Collection (Allocation Rate)
[2026-06-17T10:07:40.773+0800][4.080s][info][gc,task     ] GC(140) Using 1 Workers for Young Generation
[2026-06-17T10:07:40.773+0800][4.080s][info][gc,phases   ] GC(140) y: Young Generation
[2026-06-17T10:07:40.773+0800][4.080s][info][gc,phases   ] GC(140) y: Pause Mark Start 0.006ms
[2026-06-17T10:07:40.774+0800][4.081s][info][gc,phases   ] GC(140) y: Concurrent Mark 0.332ms
[2026-06-17T10:07:40.774+0800][4.081s][info][gc,phases   ] GC(140) y: Pause Mark End 0.004ms
[2026-06-17T10:07:40.774+0800][4.081s][info][gc,phases   ] GC(140) y: Concurrent Mark Free 0.000ms
[2026-06-17T10:07:40.774+0800][4.081s][info][gc,phases   ] GC(140) y: Concurrent Reset Relocation Set 0.000ms
[2026-06-17T10:07:40.774+0800][4.081s][info][gc,reloc    ] GC(140) y: Using tenuring threshold: 2 (Computed)
[2026-06-17T10:07:40.774+0800][4.082s][info][gc,phases   ] GC(140) y: Concurrent Select Relocation Set 0.185ms
[2026-06-17T10:07:40.774+0800][4.082s][info][gc,phases   ] GC(140) y: Pause Relocate Start 0.011ms
[2026-06-17T10:07:40.775+0800][4.082s][info][gc,phases   ] GC(140) y: Concurrent Relocate 0.197ms
[2026-06-17T10:07:40.775+0800][4.082s][info][gc,alloc    ] GC(140) y:                         Mark Start        Mark End      Relocate Start    Relocate End   
[2026-06-17T10:07:40.775+0800][4.082s][info][gc,alloc    ] GC(140) y: Allocation Stalls:          0                0                0                0         
[2026-06-17T10:07:40.775+0800][4.082s][info][gc,load     ] GC(140) y: Load: 0.41 (2%) / 0.44 (2%) / 0.49 (2%)
[2026-06-17T10:07:40.775+0800][4.082s][info][gc,mmu      ] GC(140) y: MMU: 2ms/98.5%, 5ms/99.1%, 10ms/99.4%, 20ms/99.6%, 50ms/99.6%, 100ms/99.7%
[2026-06-17T10:07:40.775+0800][4.082s][info][gc,marking  ] GC(140) y: Mark: 1 stripe(s), 1 proactive flush(es), 1 terminate flush(es), 0 completion(s), 0 continuation(s) 
[2026-06-17T10:07:40.775+0800][4.083s][info][gc,nmethod  ] GC(140) y: NMethods: 72 registered, 6 unregistered
[2026-06-17T10:07:40.775+0800][4.083s][info][gc,metaspace] GC(140) y: Metaspace: 0M used, 0M committed, 1088M reserved
[2026-06-17T10:07:40.775+0800][4.083s][info][gc,reloc    ] GC(140) y:                        Candidates     Selected     In-Place         Size        Empty    Relocated 
[2026-06-17T10:07:40.775+0800][4.083s][info][gc,reloc    ] GC(140) y: Small Pages:                    5            2            0          10M           4M           1M 
[2026-06-17T10:07:40.775+0800][4.083s][info][gc,reloc    ] GC(140) y: Large Pages:                    7            0            0          14M           0M           0M 
[2026-06-17T10:07:40.776+0800][4.083s][info][gc,reloc    ] GC(140) y: Forwarding Usage: 0M
[2026-06-17T10:07:40.776+0800][4.083s][info][gc,reloc    ] GC(140) y: Age Table:
[2026-06-17T10:07:40.776+0800][4.083s][info][gc,reloc    ] GC(140) y:                    Live             Garbage             Small              Medium             Large        
[2026-06-17T10:07:40.776+0800][4.083s][info][gc,reloc    ] GC(140) y: Eden              12M (19%)           7M (12%)          4 / 1              0 / 0              6 / 0        
[2026-06-17T10:07:40.776+0800][4.083s][info][gc,reloc    ] GC(140) y: Survivor 1          -                 0M (0%)           0 / 0              0 / 0              0 / 0        
[2026-06-17T10:07:40.776+0800][4.083s][info][gc,reloc    ] GC(140) y: Survivor 2         3M (5%)            0M (1%)           1 / 1              0 / 0              1 / 0        
[2026-06-17T10:07:40.776+0800][4.083s][info][gc,heap     ] GC(140) y: Min Capacity: 64M(100%)
[2026-06-17T10:07:40.776+0800][4.083s][info][gc,heap     ] GC(140) y: Max Capacity: 64M(100%)
[2026-06-17T10:07:40.776+0800][4.084s][info][gc,heap     ] GC(140) y: Soft Max Capacity: 64M(100%)
[2026-06-17T10:07:40.776+0800][4.084s][info][gc,heap     ] GC(140) y: Heap Statistics:
[2026-06-17T10:07:40.776+0800][4.084s][info][gc,heap     ] GC(140) y:                Mark Start          Mark End        Relocate Start      Relocate End           High               Low         
[2026-06-17T10:07:40.776+0800][4.084s][info][gc,heap     ] GC(140) y:  Capacity:       64M (100%)         64M (100%)         64M (100%)         64M (100%)         64M (100%)         64M (100%)   
[2026-06-17T10:07:40.777+0800][4.084s][info][gc,heap     ] GC(140) y:      Free:        0M (0%)            0M (0%)            4M (6%)            6M (9%)            6M (9%)            0M (0%)     
[2026-06-17T10:07:40.777+0800][4.084s][info][gc,heap     ] GC(140) y:      Used:       64M (100%)         64M (100%)         60M (94%)          58M (91%)          64M (100%)         58M (91%)    
[2026-06-17T10:07:40.777+0800][4.084s][info][gc,heap     ] GC(140) y: Young Generation Statistics:
[2026-06-17T10:07:40.777+0800][4.085s][info][gc,heap     ] GC(140) y:                Mark Start          Mark End        Relocate Start      Relocate End    
[2026-06-17T10:07:40.777+0800][4.085s][info][gc,heap     ] GC(140) y:      Used:       24M (38%)          24M (38%)          18M (28%)          14M (22%)    
[2026-06-17T10:07:40.777+0800][4.085s][info][gc,heap     ] GC(140) y:      Live:         -                15M (24%)          13M (21%)          12M (19%)    
[2026-06-17T10:07:40.777+0800][4.085s][info][gc,heap     ] GC(140) y:   Garbage:         -                 8M (13%)           4M (7%)            0M (0%)     
[2026-06-17T10:07:40.777+0800][4.085s][info][gc,heap     ] GC(140) y: Allocated:         -                 0M (0%)            0M (0%)            1M (3%)     
[2026-06-17T10:07:40.777+0800][4.085s][info][gc,heap     ] GC(140) y: Reclaimed:         -                  -                 4M (6%)            8M (13%)    
[2026-06-17T10:07:40.778+0800][4.085s][info][gc,heap     ] GC(140) y:  Promoted:         -                  -                 2M (3%)            3M (5%)     
[2026-06-17T10:07:40.778+0800][4.085s][info][gc,heap     ] GC(140) y: Compacted:         -                  -                  -                 0M (0%)     
[2026-06-17T10:07:40.778+0800][4.085s][info][gc,phases   ] GC(140) y: Young Generation 64M(100%)->58M(91%) 0.002s
[2026-06-17T10:07:40.778+0800][4.085s][info][gc          ] GC(140) Minor Collection (Allocation Rate) 56M(88%)->58M(91%) 0.005s
[2026-06-17T10:07:40.778+0800][4.085s][info][gc          ] GC(141) Minor Collection (Allocation Rate)
[2026-06-17T10:07:40.778+0800][4.085s][info][gc,task     ] GC(141) Using 1 Workers for Young Generation
[2026-06-17T10:07:40.778+0800][4.085s][info][gc,phases   ] GC(141) y: Young Generation
[2026-06-17T10:07:40.778+0800][4.086s][info][gc,phases   ] GC(141) y: Pause Mark Start 0.005ms
[2026-06-17T10:07:40.779+0800][4.086s][info][gc,phases   ] GC(141) y: Concurrent Mark 0.336ms
[2026-06-17T10:07:40.779+0800][4.086s][info][gc,phases   ] GC(141) y: Pause Mark End 0.003ms
[2026-06-17T10:07:40.779+0800][4.086s][info][gc,phases   ] GC(141) y: Concurrent Mark Free 0.000ms
[2026-06-17T10:07:40.779+0800][4.086s][info][gc,phases   ] GC(141) y: Concurrent Reset Relocation Set 0.001ms
[2026-06-17T10:07:40.779+0800][4.086s][info][gc,reloc    ] GC(141) y: Using tenuring threshold: 2 (Computed)
[2026-06-17T10:07:40.779+0800][4.086s][info][gc,phases   ] GC(141) y: Concurrent Select Relocation Set 0.179ms
[2026-06-17T10:07:40.779+0800][4.087s][info][gc,phases   ] GC(141) y: Pause Relocate Start 0.002ms
[2026-06-17T10:07:40.779+0800][4.087s][info][gc,phases   ] GC(141) y: Concurrent Relocate 0.078ms
[2026-06-17T10:07:40.779+0800][4.087s][info][gc,alloc    ] GC(141) y:                         Mark Start        Mark End      Relocate Start    Relocate End   
[2026-06-17T10:07:40.780+0800][4.087s][info][gc,alloc    ] GC(141) y: Allocation Stalls:          0                0                0                0         
[2026-06-17T10:07:40.780+0800][4.087s][info][gc,load     ] GC(141) y: Load: 0.41 (2%) / 0.44 (2%) / 0.49 (2%)
[2026-06-17T10:07:40.780+0800][4.087s][info][gc,mmu      ] GC(141) y: MMU: 2ms/98.5%, 5ms/99.1%, 10ms/99.4%, 20ms/99.6%, 50ms/99.6%, 100ms/99.7%
[2026-06-17T10:07:40.780+0800][4.087s][info][gc,marking  ] GC(141) y: Mark: 1 stripe(s), 1 proactive flush(es), 1 terminate flush(es), 0 completion(s), 0 continuation(s) 
[2026-06-17T10:07:40.780+0800][4.087s][info][gc,nmethod  ] GC(141) y: NMethods: 72 registered, 6 unregistered
[2026-06-17T10:07:40.780+0800][4.087s][info][gc,metaspace] GC(141) y: Metaspace: 0M used, 0M committed, 1088M reserved
[2026-06-17T10:07:40.780+0800][4.087s][info][gc,reloc    ] GC(141) y:                        Candidates     Selected     In-Place         Size        Empty    Relocated 
[2026-06-17T10:07:40.780+0800][4.088s][info][gc,reloc    ] GC(141) y: Small Pages:                    1            0            0           2M           0M           0M 
[2026-06-17T10:07:40.780+0800][4.088s][info][gc,reloc    ] GC(141) y: Large Pages:                    6            0            0          12M           0M           0M 
[2026-06-17T10:07:40.780+0800][4.088s][info][gc,reloc    ] GC(141) y: Forwarding Usage: 0M
[2026-06-17T10:07:40.780+0800][4.088s][info][gc,reloc    ] GC(141) y: Age Table:
[2026-06-17T10:07:40.780+0800][4.088s][info][gc,reloc    ] GC(141) y:                    Live             Garbage             Small              Medium             Large        
[2026-06-17T10:07:40.780+0800][4.088s][info][gc,reloc    ] GC(141) y: Eden                -                 0M (0%)           0 / 0              0 / 0              0 / 0        
[2026-06-17T10:07:40.781+0800][4.088s][info][gc,reloc    ] GC(141) y: Survivor 1        12M (19%)           1M (3%)           1 / 0              0 / 0              6 / 0        
[2026-06-17T10:07:40.781+0800][4.088s][info][gc,heap     ] GC(141) y: Min Capacity: 64M(100%)
[2026-06-17T10:07:40.781+0800][4.088s][info][gc,heap     ] GC(141) y: Max Capacity: 64M(100%)
[2026-06-17T10:07:40.781+0800][4.088s][info][gc,heap     ] GC(141) y: Soft Max Capacity: 64M(100%)
[2026-06-17T10:07:40.781+0800][4.088s][info][gc,heap     ] GC(141) y: Heap Statistics:
[2026-06-17T10:07:40.781+0800][4.088s][info][gc,heap     ] GC(141) y:                Mark Start          Mark End        Relocate Start      Relocate End           High               Low         
[2026-06-17T10:07:40.781+0800][4.088s][info][gc,heap     ] GC(141) y:  Capacity:       64M (100%)         64M (100%)         64M (100%)         64M (100%)         64M (100%)         64M (100%)   
[2026-06-17T10:07:40.781+0800][4.088s][info][gc,heap     ] GC(141) y:      Free:        6M (9%)            6M (9%)            6M (9%)            6M (9%)            6M (9%)            6M (9%)     
[2026-06-17T10:07:40.781+0800][4.089s][info][gc,heap     ] GC(141) y:      Used:       58M (91%)          58M (91%)          58M (91%)          58M (91%)          58M (91%)          58M (91%)    
[2026-06-17T10:07:40.781+0800][4.089s][info][gc,heap     ] GC(141) y: Young Generation Statistics:
[2026-06-17T10:07:40.781+0800][4.089s][info][gc,heap     ] GC(141) y:                Mark Start          Mark End        Relocate Start      Relocate End    
[2026-06-17T10:07:40.781+0800][4.089s][info][gc,heap     ] GC(141) y:      Used:       14M (22%)          14M (22%)          14M (22%)          14M (22%)    
[2026-06-17T10:07:40.781+0800][4.089s][info][gc,heap     ] GC(141) y:      Live:         -                12M (19%)          12M (19%)          12M (19%)    
[2026-06-17T10:07:40.782+0800][4.089s][info][gc,heap     ] GC(141) y:   Garbage:         -                 1M (3%)            1M (3%)            1M (3%)     
[2026-06-17T10:07:40.782+0800][4.089s][info][gc,heap     ] GC(141) y: Allocated:         -                 0M (0%)            0M (0%)            0M (0%)     
[2026-06-17T10:07:40.782+0800][4.089s][info][gc,heap     ] GC(141) y: Reclaimed:         -                  -                 0M (0%)            0M (0%)     
[2026-06-17T10:07:40.782+0800][4.089s][info][gc,heap     ] GC(141) y:  Promoted:         -                  -                 0M (0%)            0M (0%)     
[2026-06-17T10:07:40.782+0800][4.089s][info][gc,heap     ] GC(141) y: Compacted:         -                  -                  -                 0M (0%)     
[2026-06-17T10:07:40.782+0800][4.089s][info][gc,phases   ] GC(141) y: Young Generation 58M(91%)->58M(91%) 0.001s
[2026-06-17T10:07:40.782+0800][4.089s][info][gc          ] GC(141) Minor Collection (Allocation Rate) 58M(91%)->58M(91%) 0.004s
[2026-06-17T10:07:40.783+0800][4.090s][info][gc          ] GC(142) Minor Collection (Allocation Rate)
[2026-06-17T10:07:40.783+0800][4.091s][info][gc,task     ] GC(142) Using 1 Workers for Young Generation
[2026-06-17T10:07:40.783+0800][4.091s][info][gc,phases   ] GC(142) y: Young Generation
[2026-06-17T10:07:40.783+0800][4.091s][info][gc,phases   ] GC(142) y: Pause Mark Start 0.005ms
[2026-06-17T10:07:40.784+0800][4.091s][info][gc,phases   ] GC(142) y: Concurrent Mark 0.287ms
[2026-06-17T10:07:40.784+0800][4.091s][info][gc,phases   ] GC(142) y: Pause Mark End 0.003ms
[2026-06-17T10:07:40.784+0800][4.091s][info][gc,phases   ] GC(142) y: Concurrent Mark Free 0.000ms
[2026-06-17T10:07:40.784+0800][4.092s][info][gc,phases   ] GC(142) y: Concurrent Reset Relocation Set 0.000ms
[2026-06-17T10:07:40.784+0800][4.092s][info][gc,reloc    ] GC(142) y: Using tenuring threshold: 2 (Computed)
[2026-06-17T10:07:40.784+0800][4.092s][info][gc,phases   ] GC(142) y: Concurrent Select Relocation Set 0.247ms
[2026-06-17T10:07:40.785+0800][4.092s][info][gc,phases   ] GC(142) y: Pause Relocate Start 0.003ms
[2026-06-17T10:07:40.785+0800][4.092s][info][gc,phases   ] GC(142) y: Concurrent Relocate 0.079ms
[2026-06-17T10:07:40.785+0800][4.092s][info][gc,alloc    ] GC(142) y:                         Mark Start        Mark End      Relocate Start    Relocate End   
[2026-06-17T10:07:40.785+0800][4.092s][info][gc,alloc    ] GC(142) y: Allocation Stalls:          0                0                0                0         
[2026-06-17T10:07:40.785+0800][4.092s][info][gc,load     ] GC(142) y: Load: 0.41 (2%) / 0.44 (2%) / 0.49 (2%)
[2026-06-17T10:07:40.785+0800][4.092s][info][gc,mmu      ] GC(142) y: MMU: 2ms/98.5%, 5ms/99.1%, 10ms/99.4%, 20ms/99.6%, 50ms/99.6%, 100ms/99.7%
[2026-06-17T10:07:40.785+0800][4.093s][info][gc,marking  ] GC(142) y: Mark: 1 stripe(s), 1 proactive flush(es), 1 terminate flush(es), 0 completion(s), 0 continuation(s) 
[2026-06-17T10:07:40.785+0800][4.093s][info][gc,nmethod  ] GC(142) y: NMethods: 72 registered, 6 unregistered
[2026-06-17T10:07:40.785+0800][4.093s][info][gc,metaspace] GC(142) y: Metaspace: 0M used, 0M committed, 1088M reserved
[2026-06-17T10:07:40.785+0800][4.093s][info][gc,reloc    ] GC(142) y:                        Candidates     Selected     In-Place         Size        Empty    Relocated 
[2026-06-17T10:07:40.786+0800][4.093s][info][gc,reloc    ] GC(142) y: Small Pages:                    3            0            0           6M           4M           0M 
[2026-06-17T10:07:40.786+0800][4.093s][info][gc,reloc    ] GC(142) y: Large Pages:                    6            0            0          12M           0M           0M 
[2026-06-17T10:07:40.786+0800][4.093s][info][gc,reloc    ] GC(142) y: Forwarding Usage: 0M
[2026-06-17T10:07:40.786+0800][4.093s][info][gc,reloc    ] GC(142) y: Age Table:
[2026-06-17T10:07:40.786+0800][4.093s][info][gc,reloc    ] GC(142) y:                    Live             Garbage             Small              Medium             Large        
[2026-06-17T10:07:40.786+0800][4.093s][info][gc,reloc    ] GC(142) y: Eden                -                 4M (6%)           2 / 0              0 / 0              0 / 0        
[2026-06-17T10:07:40.786+0800][4.093s][info][gc,reloc    ] GC(142) y: Survivor 1          -                 0M (0%)           0 / 0              0 / 0              0 / 0        
[2026-06-17T10:07:40.786+0800][4.093s][info][gc,reloc    ] GC(142) y: Survivor 2        12M (19%)           1M (3%)           1 / 0              0 / 0              6 / 0        
[2026-06-17T10:07:40.786+0800][4.094s][info][gc,heap     ] GC(142) y: Min Capacity: 64M(100%)
[2026-06-17T10:07:40.786+0800][4.094s][info][gc,heap     ] GC(142) y: Max Capacity: 64M(100%)
[2026-06-17T10:07:40.786+0800][4.094s][info][gc,heap     ] GC(142) y: Soft Max Capacity: 64M(100%)
[2026-06-17T10:07:40.786+0800][4.094s][info][gc,heap     ] GC(142) y: Heap Statistics:
[2026-06-17T10:07:40.787+0800][4.094s][info][gc,heap     ] GC(142) y:                Mark Start          Mark End        Relocate Start      Relocate End           High               Low         
[2026-06-17T10:07:40.787+0800][4.094s][info][gc,heap     ] GC(142) y:  Capacity:       64M (100%)         64M (100%)         64M (100%)         64M (100%)         64M (100%)         64M (100%)   
[2026-06-17T10:07:40.787+0800][4.094s][info][gc,heap     ] GC(142) y:      Free:        2M (3%)            2M (3%)            6M (9%)            6M (9%)            6M (9%)            2M (3%)     
[2026-06-17T10:07:40.787+0800][4.094s][info][gc,heap     ] GC(142) y:      Used:       62M (97%)          62M (97%)          58M (91%)          58M (91%)          62M (97%)          58M (91%)    
[2026-06-17T10:07:40.787+0800][4.094s][info][gc,heap     ] GC(142) y: Young Generation Statistics:
[2026-06-17T10:07:40.787+0800][4.094s][info][gc,heap     ] GC(142) y:                Mark Start          Mark End        Relocate Start      Relocate End    
[2026-06-17T10:07:40.787+0800][4.094s][info][gc,heap     ] GC(142) y:      Used:       18M (28%)          18M (28%)           0M (0%)            0M (0%)     
[2026-06-17T10:07:40.787+0800][4.094s][info][gc,heap     ] GC(142) y:      Live:         -                12M (19%)           0M (0%)            0M (0%)     
[2026-06-17T10:07:40.787+0800][4.095s][info][gc,heap     ] GC(142) y:   Garbage:         -                 5M (9%)            0M (0%)            0M (0%)     
[2026-06-17T10:07:40.787+0800][4.095s][info][gc,heap     ] GC(142) y: Allocated:         -                 0M (0%)            0M (0%)            0M (0%)     
[2026-06-17T10:07:40.787+0800][4.095s][info][gc,heap     ] GC(142) y: Reclaimed:         -                  -                 5M (9%)            5M (9%)     
[2026-06-17T10:07:40.787+0800][4.095s][info][gc,heap     ] GC(142) y:  Promoted:         -                  -                12M (19%)          12M (19%)    
[2026-06-17T10:07:40.787+0800][4.095s][info][gc,heap     ] GC(142) y: Compacted:         -                  -                  -                 0M (0%)     
[2026-06-17T10:07:40.788+0800][4.095s][info][gc,phases   ] GC(142) y: Young Generation 62M(97%)->58M(91%) 0.001s
[2026-06-17T10:07:40.788+0800][4.095s][info][gc          ] GC(142) Minor Collection (Allocation Rate) 60M(94%)->58M(91%) 0.004s
[2026-06-17T10:07:40.794+0800][4.101s][info][gc          ] GC(143) Major Collection (Allocation Rate)
[2026-06-17T10:07:40.794+0800][4.101s][info][gc,task     ] GC(143) Using 1 Workers for Young Generation
[2026-06-17T10:07:40.794+0800][4.101s][info][gc,task     ] GC(143) Using 1 Workers for Old Generation
[2026-06-17T10:07:40.794+0800][4.101s][info][gc,phases   ] GC(143) Y: Young Generation
[2026-06-17T10:07:40.794+0800][4.101s][info][gc,phases   ] GC(143) Y: Pause Mark Start (Major) 0.006ms
[2026-06-17T10:07:40.794+0800][4.102s][info][gc,phases   ] GC(143) Y: Concurrent Mark 0.342ms
[2026-06-17T10:07:40.795+0800][4.102s][info][gc,phases   ] GC(143) Y: Pause Mark End 0.004ms
[2026-06-17T10:07:40.795+0800][4.102s][info][gc,phases   ] GC(143) Y: Concurrent Mark Free 0.000ms
[2026-06-17T10:07:40.795+0800][4.102s][info][gc,phases   ] GC(143) Y: Concurrent Reset Relocation Set 0.001ms
[2026-06-17T10:07:40.795+0800][4.102s][info][gc,reloc    ] GC(143) Y: Using tenuring threshold: 0 (Computed)
[2026-06-17T10:07:40.795+0800][4.103s][info][gc,phases   ] GC(143) Y: Concurrent Select Relocation Set 0.215ms
[2026-06-17T10:07:40.795+0800][4.103s][info][gc,phases   ] GC(143) Y: Pause Relocate Start 0.009ms
[2026-06-17T10:07:40.795+0800][4.103s][info][gc,phases   ] GC(143) Y: Concurrent Relocate 0.080ms
[2026-06-17T10:07:40.796+0800][4.103s][info][gc,alloc    ] GC(143) Y:                         Mark Start        Mark End      Relocate Start    Relocate End   
[2026-06-17T10:07:40.796+0800][4.103s][info][gc,alloc    ] GC(143) Y: Allocation Stalls:          0                0                0                0         
[2026-06-17T10:07:40.796+0800][4.103s][info][gc,load     ] GC(143) Y: Load: 0.41 (2%) / 0.44 (2%) / 0.49 (2%)
[2026-06-17T10:07:40.796+0800][4.103s][info][gc,mmu      ] GC(143) Y: MMU: 2ms/98.5%, 5ms/99.1%, 10ms/99.4%, 20ms/99.6%, 50ms/99.6%, 100ms/99.7%
[2026-06-17T10:07:40.796+0800][4.103s][info][gc,marking  ] GC(143) Y: Mark: 1 stripe(s), 1 proactive flush(es), 1 terminate flush(es), 0 completion(s), 0 continuation(s) 
[2026-06-17T10:07:40.796+0800][4.103s][info][gc,nmethod  ] GC(143) Y: NMethods: 72 registered, 6 unregistered
[2026-06-17T10:07:40.796+0800][4.103s][info][gc,metaspace] GC(143) Y: Metaspace: 0M used, 0M committed, 1088M reserved
[2026-06-17T10:07:40.796+0800][4.104s][info][gc,reloc    ] GC(143) Y:                        Candidates     Selected     In-Place         Size        Empty    Relocated 
[2026-06-17T10:07:40.796+0800][4.104s][info][gc,reloc    ] GC(143) Y: Small Pages:                    2            0            0           4M           4M           0M 
[2026-06-17T10:07:40.796+0800][4.104s][info][gc,reloc    ] GC(143) Y: Large Pages:                    0            0            0           0M           0M           0M 
[2026-06-17T10:07:40.796+0800][4.104s][info][gc,reloc    ] GC(143) Y: Forwarding Usage: 0M
[2026-06-17T10:07:40.796+0800][4.104s][info][gc,reloc    ] GC(143) Y: Age Table:
[2026-06-17T10:07:40.797+0800][4.104s][info][gc,reloc    ] GC(143) Y:                    Live             Garbage             Small              Medium             Large        
[2026-06-17T10:07:40.797+0800][4.104s][info][gc,reloc    ] GC(143) Y: Eden                -                 4M (6%)           2 / 0              0 / 0              0 / 0        
[2026-06-17T10:07:40.797+0800][4.104s][info][gc,heap     ] GC(143) Y: Min Capacity: 64M(100%)
[2026-06-17T10:07:40.797+0800][4.104s][info][gc,heap     ] GC(143) Y: Max Capacity: 64M(100%)
[2026-06-17T10:07:40.797+0800][4.104s][info][gc,heap     ] GC(143) Y: Soft Max Capacity: 64M(100%)
[2026-06-17T10:07:40.797+0800][4.104s][info][gc,heap     ] GC(143) Y: Heap Statistics:
[2026-06-17T10:07:40.797+0800][4.104s][info][gc,heap     ] GC(143) Y:                Mark Start          Mark End        Relocate Start      Relocate End           High               Low         
[2026-06-17T10:07:40.797+0800][4.104s][info][gc,heap     ] GC(143) Y:  Capacity:       64M (100%)         64M (100%)         64M (100%)         64M (100%)         64M (100%)         64M (100%)   
[2026-06-17T10:07:40.797+0800][4.105s][info][gc,heap     ] GC(143) Y:      Free:        2M (3%)            2M (3%)            6M (9%)            6M (9%)            6M (9%)            2M (3%)     
[2026-06-17T10:07:40.797+0800][4.105s][info][gc,heap     ] GC(143) Y:      Used:       62M (97%)          62M (97%)          58M (91%)          58M (91%)          62M (97%)          58M (91%)    
[2026-06-17T10:07:40.797+0800][4.105s][info][gc,heap     ] GC(143) Y: Young Generation Statistics:
[2026-06-17T10:07:40.797+0800][4.105s][info][gc,heap     ] GC(143) Y:                Mark Start          Mark End        Relocate Start      Relocate End    
[2026-06-17T10:07:40.797+0800][4.105s][info][gc,heap     ] GC(143) Y:      Used:        4M (6%)            4M (6%)            0M (0%)            0M (0%)     
[2026-06-17T10:07:40.797+0800][4.105s][info][gc,heap     ] GC(143) Y:      Live:         -                 0M (0%)            0M (0%)            0M (0%)     
[2026-06-17T10:07:40.798+0800][4.105s][info][gc,heap     ] GC(143) Y:   Garbage:         -                 4M (6%)            0M (0%)            0M (0%)     
[2026-06-17T10:07:40.798+0800][4.105s][info][gc,heap     ] GC(143) Y: Allocated:         -                 0M (0%)            0M (0%)            0M (0%)     
[2026-06-17T10:07:40.798+0800][4.105s][info][gc,heap     ] GC(143) Y: Reclaimed:         -                  -                 4M (6%)            4M (6%)     
[2026-06-17T10:07:40.798+0800][4.105s][info][gc,heap     ] GC(143) Y:  Promoted:         -                  -                 0M (0%)            0M (0%)     
[2026-06-17T10:07:40.798+0800][4.105s][info][gc,heap     ] GC(143) Y: Compacted:         -                  -                  -                 0M (0%)     
[2026-06-17T10:07:40.798+0800][4.105s][info][gc,phases   ] GC(143) Y: Young Generation 62M(97%)->58M(91%) 0.002s
[2026-06-17T10:07:40.798+0800][4.105s][info][gc,phases   ] GC(143) O: Old Generation
[2026-06-17T10:07:40.799+0800][4.106s][info][gc,phases   ] GC(143) O: Concurrent Mark 1.016ms
[2026-06-17T10:07:40.799+0800][4.107s][info][gc,phases   ] GC(143) O: Pause Mark End 0.005ms
[2026-06-17T10:07:40.799+0800][4.107s][info][gc,phases   ] GC(143) O: Concurrent Mark Free 0.004ms
[2026-06-17T10:07:40.800+0800][4.107s][info][gc,phases   ] GC(143) O: Concurrent Process Non-Strong 0.217ms
[2026-06-17T10:07:40.800+0800][4.107s][info][gc,phases   ] GC(143) O: Concurrent Reset Relocation Set 0.000ms
[2026-06-17T10:07:40.800+0800][4.107s][info][gc,phases   ] GC(143) O: Concurrent Select Relocation Set 0.041ms
[2026-06-17T10:07:40.800+0800][4.107s][info][gc,task     ] GC(143) O: Using 1 Workers for Old Generation
[2026-06-17T10:07:40.800+0800][4.107s][info][gc,task     ] GC(143) O: Using 1 Workers for Old Generation
[2026-06-17T10:07:40.800+0800][4.107s][info][gc,phases   ] GC(143) O: Concurrent Remap Roots 0.241ms
[2026-06-17T10:07:40.800+0800][4.108s][info][gc,phases   ] GC(143) O: Pause Relocate Start 0.004ms
[2026-06-17T10:07:40.800+0800][4.108s][info][gc,phases   ] GC(143) O: Concurrent Relocate 0.148ms
[2026-06-17T10:07:40.801+0800][4.108s][info][gc,alloc    ] GC(143) O:                         Mark Start        Mark End      Relocate Start    Relocate End   
[2026-06-17T10:07:40.801+0800][4.108s][info][gc,alloc    ] GC(143) O: Allocation Stalls:          0                0                0                0         
[2026-06-17T10:07:40.801+0800][4.108s][info][gc,load     ] GC(143) O: Load: 0.41 (2%) / 0.44 (2%) / 0.49 (2%)
[2026-06-17T10:07:40.801+0800][4.108s][info][gc,mmu      ] GC(143) O: MMU: 2ms/98.5%, 5ms/99.1%, 10ms/99.4%, 20ms/99.6%, 50ms/99.6%, 100ms/99.7%
[2026-06-17T10:07:40.801+0800][4.108s][info][gc,marking  ] GC(143) O: Mark: 1 stripe(s), 1 proactive flush(es), 1 terminate flush(es), 0 completion(s), 0 continuation(s) 
[2026-06-17T10:07:40.801+0800][4.109s][info][gc,nmethod  ] GC(143) O: NMethods: 72 registered, 6 unregistered
[2026-06-17T10:07:40.801+0800][4.109s][info][gc,metaspace] GC(143) O: Metaspace: 0M used, 0M committed, 1088M reserved
[2026-06-17T10:07:40.801+0800][4.109s][info][gc,ref      ] GC(143) O:                       Encountered   Discovered     Enqueued 
[2026-06-17T10:07:40.801+0800][4.109s][info][gc,ref      ] GC(143) O: Soft References:                0            0            0 
[2026-06-17T10:07:40.802+0800][4.109s][info][gc,ref      ] GC(143) O: Weak References:                6            0            0 
[2026-06-17T10:07:40.802+0800][4.109s][info][gc,ref      ] GC(143) O: Final References:               0            0            0 
[2026-06-17T10:07:40.802+0800][4.109s][info][gc,ref      ] GC(143) O: Phantom References:             1            1            0 
[2026-06-17T10:07:40.802+0800][4.109s][info][gc,reloc    ] GC(143) O:                        Candidates     Selected     In-Place         Size        Empty    Relocated 
[2026-06-17T10:07:40.802+0800][4.109s][info][gc,reloc    ] GC(143) O: Small Pages:                    4            1            0           8M           0M           1M 
[2026-06-17T10:07:40.802+0800][4.109s][info][gc,reloc    ] GC(143) O: Large Pages:                   25            0            0          50M           0M           0M 
[2026-06-17T10:07:40.802+0800][4.109s][info][gc,reloc    ] GC(143) O: Forwarding Usage: 0M
[2026-06-17T10:07:40.802+0800][4.110s][info][gc,heap     ] GC(143) O: Min Capacity: 64M(100%)
[2026-06-17T10:07:40.802+0800][4.110s][info][gc,heap     ] GC(143) O: Max Capacity: 64M(100%)
[2026-06-17T10:07:40.802+0800][4.110s][info][gc,heap     ] GC(143) O: Soft Max Capacity: 64M(100%)
[2026-06-17T10:07:40.802+0800][4.110s][info][gc,heap     ] GC(143) O: Heap Statistics:
[2026-06-17T10:07:40.802+0800][4.110s][info][gc,heap     ] GC(143) O:                Mark Start          Mark End        Relocate Start      Relocate End           High               Low         
[2026-06-17T10:07:40.803+0800][4.110s][info][gc,heap     ] GC(143) O:  Capacity:       64M (100%)         64M (100%)         64M (100%)         64M (100%)         64M (100%)         64M (100%)   
[2026-06-17T10:07:40.803+0800][4.110s][info][gc,heap     ] GC(143) O:      Free:        2M (3%)            6M (9%)            6M (9%)            8M (12%)           8M (12%)           2M (3%)     
[2026-06-17T10:07:40.803+0800][4.110s][info][gc,heap     ] GC(143) O:      Used:       62M (97%)          58M (91%)          58M (91%)          56M (88%)          62M (97%)          56M (88%)    
[2026-06-17T10:07:40.803+0800][4.110s][info][gc,heap     ] GC(143) O: Old Generation Statistics:
[2026-06-17T10:07:40.803+0800][4.110s][info][gc,heap     ] GC(143) O:                Mark Start          Mark End        Relocate Start      Relocate End    
[2026-06-17T10:07:40.803+0800][4.110s][info][gc,heap     ] GC(143) O:      Used:       58M (91%)          58M (91%)          58M (91%)          56M (88%)    
[2026-06-17T10:07:40.803+0800][4.110s][info][gc,heap     ] GC(143) O:      Live:         -                54M (86%)          54M (86%)          54M (86%)    
[2026-06-17T10:07:40.803+0800][4.110s][info][gc,heap     ] GC(143) O:   Garbage:         -                 3M (5%)            3M (5%)            0M (1%)     
[2026-06-17T10:07:40.803+0800][4.111s][info][gc,heap     ] GC(143) O: Allocated:         -                 0M (0%)            0M (0%)            0M (1%)     
[2026-06-17T10:07:40.803+0800][4.111s][info][gc,heap     ] GC(143) O: Reclaimed:         -                  -                 0M (0%)            2M (4%)     
[2026-06-17T10:07:40.803+0800][4.111s][info][gc,heap     ] GC(143) O: Compacted:         -                  -                  -                 1M (2%)     
[2026-06-17T10:07:40.803+0800][4.111s][info][gc,phases   ] GC(143) O: Old Generation 58M(91%)->56M(88%) 0.003s
[2026-06-17T10:07:40.803+0800][4.111s][info][gc          ] GC(143) Major Collection (Allocation Rate) 62M(97%)->56M(88%) 0.010s
[2026-06-17T10:07:40.804+0800][4.111s][info][gc          ] GC(144) Minor Collection (High Usage)
[2026-06-17T10:07:40.804+0800][4.111s][info][gc,task     ] GC(144) Using 1 Workers for Young Generation
[2026-06-17T10:07:40.804+0800][4.111s][info][gc,phases   ] GC(144) y: Young Generation
[2026-06-17T10:07:40.804+0800][4.112s][info][gc,phases   ] GC(144) y: Pause Mark Start 0.006ms
[2026-06-17T10:07:40.805+0800][4.112s][info][gc,phases   ] GC(144) y: Concurrent Mark 0.308ms
[2026-06-17T10:07:40.805+0800][4.112s][info][gc,phases   ] GC(144) y: Pause Mark End 0.009ms
[2026-06-17T10:07:40.805+0800][4.112s][info][gc,phases   ] GC(144) y: Concurrent Mark Free 0.001ms
[2026-06-17T10:07:40.805+0800][4.112s][info][gc,phases   ] GC(144) y: Concurrent Reset Relocation Set 0.000ms
[2026-06-17T10:07:40.805+0800][4.112s][info][gc,reloc    ] GC(144) y: Using tenuring threshold: 1 (Computed)
[2026-06-17T10:07:40.805+0800][4.113s][info][gc,phases   ] GC(144) y: Concurrent Select Relocation Set 0.183ms
[2026-06-17T10:07:40.805+0800][4.113s][info][gc,phases   ] GC(144) y: Pause Relocate Start 0.004ms
[2026-06-17T10:07:40.806+0800][4.113s][info][gc,phases   ] GC(144) y: Concurrent Relocate 0.195ms
[2026-06-17T10:07:40.806+0800][4.113s][info][gc,alloc    ] GC(144) y:                         Mark Start        Mark End      Relocate Start    Relocate End   
[2026-06-17T10:07:40.806+0800][4.113s][info][gc,alloc    ] GC(144) y: Allocation Stalls:          0                0                0                0         
[2026-06-17T10:07:40.806+0800][4.113s][info][gc,load     ] GC(144) y: Load: 0.41 (2%) / 0.44 (2%) / 0.49 (2%)
[2026-06-17T10:07:40.806+0800][4.113s][info][gc,mmu      ] GC(144) y: MMU: 2ms/98.5%, 5ms/99.1%, 10ms/99.4%, 20ms/99.6%, 50ms/99.6%, 100ms/99.7%
[2026-06-17T10:07:40.806+0800][4.113s][info][gc,marking  ] GC(144) y: Mark: 1 stripe(s), 1 proactive flush(es), 1 terminate flush(es), 0 completion(s), 0 continuation(s) 
[2026-06-17T10:07:40.806+0800][4.114s][info][gc,nmethod  ] GC(144) y: NMethods: 72 registered, 6 unregistered
[2026-06-17T10:07:40.806+0800][4.114s][info][gc,metaspace] GC(144) y: Metaspace: 0M used, 0M committed, 1088M reserved
[2026-06-17T10:07:40.806+0800][4.114s][info][gc,reloc    ] GC(144) y:                        Candidates     Selected     In-Place         Size        Empty    Relocated 
[2026-06-17T10:07:40.806+0800][4.114s][info][gc,reloc    ] GC(144) y: Small Pages:                    3            2            0           6M           0M           1M 
[2026-06-17T10:07:40.806+0800][4.114s][info][gc,reloc    ] GC(144) y: Large Pages:                    0            0            0           0M           0M           0M 
[2026-06-17T10:07:40.807+0800][4.114s][info][gc,reloc    ] GC(144) y: Forwarding Usage: 0M
[2026-06-17T10:07:40.807+0800][4.114s][info][gc,reloc    ] GC(144) y: Age Table:
[2026-06-17T10:07:40.807+0800][4.114s][info][gc,reloc    ] GC(144) y:                    Live             Garbage             Small              Medium             Large        
[2026-06-17T10:07:40.807+0800][4.114s][info][gc,reloc    ] GC(144) y: Eden               1M (3%)            4M (7%)           3 / 2              0 / 0              0 / 0        
[2026-06-17T10:07:40.807+0800][4.114s][info][gc,heap     ] GC(144) y: Min Capacity: 64M(100%)
[2026-06-17T10:07:40.807+0800][4.114s][info][gc,heap     ] GC(144) y: Max Capacity: 64M(100%)
[2026-06-17T10:07:40.807+0800][4.114s][info][gc,heap     ] GC(144) y: Soft Max Capacity: 64M(100%)
[2026-06-17T10:07:40.807+0800][4.115s][info][gc,heap     ] GC(144) y: Heap Statistics:
[2026-06-17T10:07:40.807+0800][4.115s][info][gc,heap     ] GC(144) y:                Mark Start          Mark End        Relocate Start      Relocate End           High               Low         
[2026-06-17T10:07:40.807+0800][4.115s][info][gc,heap     ] GC(144) y:  Capacity:       64M (100%)         64M (100%)         64M (100%)         64M (100%)         64M (100%)         64M (100%)   
[2026-06-17T10:07:40.807+0800][4.115s][info][gc,heap     ] GC(144) y:      Free:        2M (3%)            2M (3%)            2M (3%)            6M (9%)            6M (9%)            0M (0%)     
[2026-06-17T10:07:40.808+0800][4.115s][info][gc,heap     ] GC(144) y:      Used:       62M (97%)          62M (97%)          62M (97%)          58M (91%)          64M (100%)         58M (91%)    
[2026-06-17T10:07:40.808+0800][4.115s][info][gc,heap     ] GC(144) y: Young Generation Statistics:
[2026-06-17T10:07:40.808+0800][4.115s][info][gc,heap     ] GC(144) y:                Mark Start          Mark End        Relocate Start      Relocate End    
[2026-06-17T10:07:40.808+0800][4.115s][info][gc,heap     ] GC(144) y:      Used:        6M (9%)            6M (9%)            6M (9%)            2M (3%)     
[2026-06-17T10:07:40.808+0800][4.115s][info][gc,heap     ] GC(144) y:      Live:         -                 1M (3%)            1M (3%)            1M (3%)     
[2026-06-17T10:07:40.808+0800][4.115s][info][gc,heap     ] GC(144) y:   Garbage:         -                 4M (7%)            4M (7%)            0M (0%)     
[2026-06-17T10:07:40.808+0800][4.115s][info][gc,heap     ] GC(144) y: Allocated:         -                 0M (0%)            0M (0%)            0M (1%)     
[2026-06-17T10:07:40.808+0800][4.115s][info][gc,heap     ] GC(144) y: Reclaimed:         -                  -                 0M (0%)            4M (7%)     
[2026-06-17T10:07:40.808+0800][4.116s][info][gc,heap     ] GC(144) y:  Promoted:         -                  -                 0M (0%)            0M (0%)     
[2026-06-17T10:07:40.808+0800][4.116s][info][gc,heap     ] GC(144) y: Compacted:         -                  -                  -                 1M (3%)     
[2026-06-17T10:07:40.808+0800][4.116s][info][gc,phases   ] GC(144) y: Young Generation 62M(97%)->58M(91%) 0.002s
[2026-06-17T10:07:40.808+0800][4.116s][info][gc          ] GC(144) Minor Collection (High Usage) 60M(94%)->58M(91%) 0.004s
[2026-06-17T10:07:40.814+0800][4.122s][info][gc          ] GC(145) Minor Collection (High Usage)
[2026-06-17T10:07:40.814+0800][4.122s][info][gc,task     ] GC(145) Using 1 Workers for Young Generation
[2026-06-17T10:07:40.815+0800][4.122s][info][gc,phases   ] GC(145) y: Young Generation
[2026-06-17T10:07:40.815+0800][4.122s][info][gc,phases   ] GC(145) y: Pause Mark Start 0.006ms
[2026-06-17T10:07:40.815+0800][4.122s][info][gc,phases   ] GC(145) y: Concurrent Mark 0.349ms
[2026-06-17T10:07:40.815+0800][4.123s][info][gc,phases   ] GC(145) y: Pause Mark End 0.004ms
[2026-06-17T10:07:40.815+0800][4.123s][info][gc,phases   ] GC(145) y: Concurrent Mark Free 0.000ms
[2026-06-17T10:07:40.815+0800][4.123s][info][gc,phases   ] GC(145) y: Concurrent Reset Relocation Set 0.000ms
[2026-06-17T10:07:40.816+0800][4.123s][info][gc,reloc    ] GC(145) y: Using tenuring threshold: 2 (Computed)
[2026-06-17T10:07:40.816+0800][4.123s][info][gc,phases   ] GC(145) y: Concurrent Select Relocation Set 0.186ms
[2026-06-17T10:07:40.816+0800][4.123s][info][gc,phases   ] GC(145) y: Pause Relocate Start 0.003ms
[2026-06-17T10:07:40.816+0800][4.123s][info][gc,phases   ] GC(145) y: Concurrent Relocate 0.095ms
[2026-06-17T10:07:40.816+0800][4.124s][info][gc,alloc    ] GC(145) y:                         Mark Start        Mark End      Relocate Start    Relocate End   
[2026-06-17T10:07:40.816+0800][4.124s][info][gc,alloc    ] GC(145) y: Allocation Stalls:          0                0                0                0         
[2026-06-17T10:07:40.816+0800][4.124s][info][gc,load     ] GC(145) y: Load: 0.41 (2%) / 0.44 (2%) / 0.49 (2%)
[2026-06-17T10:07:40.816+0800][4.124s][info][gc,mmu      ] GC(145) y: MMU: 2ms/98.5%, 5ms/99.1%, 10ms/99.4%, 20ms/99.6%, 50ms/99.6%, 100ms/99.7%
[2026-06-17T10:07:40.816+0800][4.124s][info][gc,marking  ] GC(145) y: Mark: 1 stripe(s), 1 proactive flush(es), 1 terminate flush(es), 0 completion(s), 0 continuation(s) 
[2026-06-17T10:07:40.817+0800][4.124s][info][gc,nmethod  ] GC(145) y: NMethods: 72 registered, 6 unregistered
[2026-06-17T10:07:40.817+0800][4.124s][info][gc,metaspace] GC(145) y: Metaspace: 0M used, 0M committed, 1088M reserved
[2026-06-17T10:07:40.817+0800][4.124s][info][gc,reloc    ] GC(145) y:                        Candidates     Selected     In-Place         Size        Empty    Relocated 
[2026-06-17T10:07:40.817+0800][4.124s][info][gc,reloc    ] GC(145) y: Small Pages:                    3            0            0           6M           4M           0M 
[2026-06-17T10:07:40.817+0800][4.124s][info][gc,reloc    ] GC(145) y: Large Pages:                    0            0            0           0M           0M           0M 
[2026-06-17T10:07:40.817+0800][4.124s][info][gc,reloc    ] GC(145) y: Forwarding Usage: 0M
[2026-06-17T10:07:40.817+0800][4.124s][info][gc,reloc    ] GC(145) y: Age Table:
[2026-06-17T10:07:40.817+0800][4.124s][info][gc,reloc    ] GC(145) y:                    Live             Garbage             Small              Medium             Large        
[2026-06-17T10:07:40.817+0800][4.124s][info][gc,reloc    ] GC(145) y: Eden                -                 4M (6%)           2 / 0              0 / 0              0 / 0        
[2026-06-17T10:07:40.817+0800][4.125s][info][gc,reloc    ] GC(145) y: Survivor 1         1M (3%)            0M (1%)           1 / 0              0 / 0              0 / 0        
[2026-06-17T10:07:40.817+0800][4.125s][info][gc,heap     ] GC(145) y: Min Capacity: 64M(100%)
[2026-06-17T10:07:40.817+0800][4.125s][info][gc,heap     ] GC(145) y: Max Capacity: 64M(100%)
[2026-06-17T10:07:40.817+0800][4.125s][info][gc,heap     ] GC(145) y: Soft Max Capacity: 64M(100%)
[2026-06-17T10:07:40.817+0800][4.125s][info][gc,heap     ] GC(145) y: Heap Statistics:
[2026-06-17T10:07:40.817+0800][4.125s][info][gc,heap     ] GC(145) y:                Mark Start          Mark End        Relocate Start      Relocate End           High               Low         
[2026-06-17T10:07:40.817+0800][4.125s][info][gc,heap     ] GC(145) y:  Capacity:       64M (100%)         64M (100%)         64M (100%)         64M (100%)         64M (100%)         64M (100%)   
[2026-06-17T10:07:40.818+0800][4.125s][info][gc,heap     ] GC(145) y:      Free:        2M (3%)            2M (3%)            6M (9%)            6M (9%)            6M (9%)            2M (3%)     
[2026-06-17T10:07:40.818+0800][4.125s][info][gc,heap     ] GC(145) y:      Used:       62M (97%)          62M (97%)          58M (91%)          58M (91%)          62M (97%)          58M (91%)    
[2026-06-17T10:07:40.818+0800][4.125s][info][gc,heap     ] GC(145) y: Young Generation Statistics:
[2026-06-17T10:07:40.818+0800][4.125s][info][gc,heap     ] GC(145) y:                Mark Start          Mark End        Relocate Start      Relocate End    
[2026-06-17T10:07:40.818+0800][4.125s][info][gc,heap     ] GC(145) y:      Used:        6M (9%)            6M (9%)            2M (3%)            2M (3%)     
[2026-06-17T10:07:40.818+0800][4.125s][info][gc,heap     ] GC(145) y:      Live:         -                 1M (3%)            1M (3%)            1M (3%)     
[2026-06-17T10:07:40.818+0800][4.125s][info][gc,heap     ] GC(145) y:   Garbage:         -                 4M (7%)            0M (1%)            0M (1%)     
[2026-06-17T10:07:40.818+0800][4.126s][info][gc,heap     ] GC(145) y: Allocated:         -                 0M (0%)            0M (0%)            0M (0%)     
[2026-06-17T10:07:40.818+0800][4.126s][info][gc,heap     ] GC(145) y: Reclaimed:         -                  -                 4M (6%)            4M (6%)     
[2026-06-17T10:07:40.818+0800][4.126s][info][gc,heap     ] GC(145) y:  Promoted:         -                  -                 0M (0%)            0M (0%)     
[2026-06-17T10:07:40.818+0800][4.126s][info][gc,heap     ] GC(145) y: Compacted:         -                  -                  -                 0M (0%)     
[2026-06-17T10:07:40.818+0800][4.126s][info][gc,phases   ] GC(145) y: Young Generation 62M(97%)->58M(91%) 0.002s
[2026-06-17T10:07:40.819+0800][4.126s][info][gc          ] GC(145) Minor Collection (High Usage) 60M(94%)->58M(91%) 0.004s
[2026-06-17T10:07:40.825+0800][4.132s][info][gc          ] GC(146) Minor Collection (High Usage)
[2026-06-17T10:07:40.825+0800][4.132s][info][gc,task     ] GC(146) Using 1 Workers for Young Generation
[2026-06-17T10:07:40.825+0800][4.132s][info][gc,phases   ] GC(146) y: Young Generation
[2026-06-17T10:07:40.825+0800][4.133s][info][gc,phases   ] GC(146) y: Pause Mark Start 0.005ms
[2026-06-17T10:07:40.826+0800][4.133s][info][gc,phases   ] GC(146) y: Concurrent Mark 0.388ms
[2026-06-17T10:07:40.826+0800][4.133s][info][gc,phases   ] GC(146) y: Pause Mark End 0.004ms
[2026-06-17T10:07:40.826+0800][4.133s][info][gc,phases   ] GC(146) y: Concurrent Mark Free 0.001ms
[2026-06-17T10:07:40.826+0800][4.133s][info][gc,phases   ] GC(146) y: Concurrent Reset Relocation Set 0.000ms
[2026-06-17T10:07:40.826+0800][4.134s][info][gc,reloc    ] GC(146) y: Using tenuring threshold: 3 (Computed)
[2026-06-17T10:07:40.826+0800][4.134s][info][gc,phases   ] GC(146) y: Concurrent Select Relocation Set 0.173ms
[2026-06-17T10:07:40.826+0800][4.134s][info][gc,phases   ] GC(146) y: Pause Relocate Start 0.003ms
[2026-06-17T10:07:40.827+0800][4.134s][info][gc,phases   ] GC(146) y: Concurrent Relocate 0.078ms
[2026-06-17T10:07:40.827+0800][4.134s][info][gc,alloc    ] GC(146) y:                         Mark Start        Mark End      Relocate Start    Relocate End   
[2026-06-17T10:07:40.827+0800][4.134s][info][gc,alloc    ] GC(146) y: Allocation Stalls:          0                0                0                0         
[2026-06-17T10:07:40.827+0800][4.134s][info][gc,load     ] GC(146) y: Load: 0.41 (2%) / 0.44 (2%) / 0.49 (2%)
[2026-06-17T10:07:40.827+0800][4.134s][info][gc,mmu      ] GC(146) y: MMU: 2ms/98.5%, 5ms/99.1%, 10ms/99.4%, 20ms/99.6%, 50ms/99.6%, 100ms/99.7%
[2026-06-17T10:07:40.827+0800][4.134s][info][gc,marking  ] GC(146) y: Mark: 1 stripe(s), 1 proactive flush(es), 1 terminate flush(es), 0 completion(s), 0 continuation(s) 
[2026-06-17T10:07:40.827+0800][4.134s][info][gc,nmethod  ] GC(146) y: NMethods: 72 registered, 6 unregistered
[2026-06-17T10:07:40.827+0800][4.135s][info][gc,metaspace] GC(146) y: Metaspace: 0M used, 0M committed, 1088M reserved
[2026-06-17T10:07:40.827+0800][4.135s][info][gc,reloc    ] GC(146) y:                        Candidates     Selected     In-Place         Size        Empty    Relocated 
[2026-06-17T10:07:40.827+0800][4.135s][info][gc,reloc    ] GC(146) y: Small Pages:                    3            0            0           6M           4M           0M 
[2026-06-17T10:07:40.827+0800][4.135s][info][gc,reloc    ] GC(146) y: Large Pages:                    1            0            0           2M           0M           0M 
[2026-06-17T10:07:40.827+0800][4.135s][info][gc,reloc    ] GC(146) y: Forwarding Usage: 0M
[2026-06-17T10:07:40.827+0800][4.135s][info][gc,reloc    ] GC(146) y: Age Table:
[2026-06-17T10:07:40.828+0800][4.135s][info][gc,reloc    ] GC(146) y:                    Live             Garbage             Small              Medium             Large        
[2026-06-17T10:07:40.828+0800][4.135s][info][gc,reloc    ] GC(146) y: Eden               2M (3%)            4M (6%)           2 / 0              0 / 0              1 / 0        
[2026-06-17T10:07:40.828+0800][4.135s][info][gc,reloc    ] GC(146) y: Survivor 1          -                 0M (0%)           0 / 0              0 / 0              0 / 0        
[2026-06-17T10:07:40.828+0800][4.135s][info][gc,reloc    ] GC(146) y: Survivor 2         1M (3%)            0M (1%)           1 / 0              0 / 0              0 / 0        
[2026-06-17T10:07:40.828+0800][4.135s][info][gc,heap     ] GC(146) y: Min Capacity: 64M(100%)
[2026-06-17T10:07:40.828+0800][4.135s][info][gc,heap     ] GC(146) y: Max Capacity: 64M(100%)
[2026-06-17T10:07:40.828+0800][4.135s][info][gc,heap     ] GC(146) y: Soft Max Capacity: 64M(100%)
[2026-06-17T10:07:40.828+0800][4.135s][info][gc,heap     ] GC(146) y: Heap Statistics:
[2026-06-17T10:07:40.828+0800][4.135s][info][gc,heap     ] GC(146) y:                Mark Start          Mark End        Relocate Start      Relocate End           High               Low         
[2026-06-17T10:07:40.828+0800][4.136s][info][gc,heap     ] GC(146) y:  Capacity:       64M (100%)         64M (100%)         64M (100%)         64M (100%)         64M (100%)         64M (100%)   
[2026-06-17T10:07:40.828+0800][4.136s][info][gc,heap     ] GC(146) y:      Free:        0M (0%)            0M (0%)            4M (6%)            4M (6%)            4M (6%)            0M (0%)     
[2026-06-17T10:07:40.828+0800][4.136s][info][gc,heap     ] GC(146) y:      Used:       64M (100%)         64M (100%)         60M (94%)          60M (94%)          64M (100%)         60M (94%)    
[2026-06-17T10:07:40.828+0800][4.136s][info][gc,heap     ] GC(146) y: Young Generation Statistics:
[2026-06-17T10:07:40.828+0800][4.136s][info][gc,heap     ] GC(146) y:                Mark Start          Mark End        Relocate Start      Relocate End    
[2026-06-17T10:07:40.828+0800][4.136s][info][gc,heap     ] GC(146) y:      Used:        8M (12%)           8M (12%)           4M (6%)            4M (6%)     
[2026-06-17T10:07:40.828+0800][4.136s][info][gc,heap     ] GC(146) y:      Live:         -                 3M (6%)            3M (6%)            3M (6%)     
[2026-06-17T10:07:40.829+0800][4.136s][info][gc,heap     ] GC(146) y:   Garbage:         -                 4M (7%)            0M (1%)            0M (1%)     
[2026-06-17T10:07:40.829+0800][4.136s][info][gc,heap     ] GC(146) y: Allocated:         -                 0M (0%)            0M (0%)            0M (0%)     
[2026-06-17T10:07:40.829+0800][4.136s][info][gc,heap     ] GC(146) y: Reclaimed:         -                  -                 4M (6%)            4M (6%)     
[2026-06-17T10:07:40.829+0800][4.136s][info][gc,heap     ] GC(146) y:  Promoted:         -                  -                 0M (0%)            0M (0%)     
[2026-06-17T10:07:40.829+0800][4.136s][info][gc,heap     ] GC(146) y: Compacted:         -                  -                  -                 0M (0%)     
[2026-06-17T10:07:40.829+0800][4.136s][info][gc,phases   ] GC(146) y: Young Generation 64M(100%)->60M(94%) 0.002s
[2026-06-17T10:07:40.829+0800][4.136s][info][gc          ] GC(146) Minor Collection (High Usage) 60M(94%)->60M(94%) 0.004s
[2026-06-17T10:07:40.829+0800][4.136s][info][gc          ] GC(147) Minor Collection (High Usage)
[2026-06-17T10:07:40.829+0800][4.137s][info][gc,task     ] GC(147) Using 1 Workers for Young Generation
[2026-06-17T10:07:40.829+0800][4.137s][info][gc,phases   ] GC(147) y: Young Generation
[2026-06-17T10:07:40.829+0800][4.137s][info][gc,phases   ] GC(147) y: Pause Mark Start 0.004ms
[2026-06-17T10:07:40.830+0800][4.137s][info][gc,phases   ] GC(147) y: Concurrent Mark 0.297ms
[2026-06-17T10:07:40.830+0800][4.137s][info][gc,phases   ] GC(147) y: Pause Mark End 0.003ms
[2026-06-17T10:07:40.830+0800][4.137s][info][gc,phases   ] GC(147) y: Concurrent Mark Free 0.000ms
[2026-06-17T10:07:40.830+0800][4.137s][info][gc,phases   ] GC(147) y: Concurrent Reset Relocation Set 0.000ms
[2026-06-17T10:07:40.830+0800][4.137s][info][gc,reloc    ] GC(147) y: Using tenuring threshold: 4 (Computed)
[2026-06-17T10:07:40.830+0800][4.138s][info][gc,phases   ] GC(147) y: Concurrent Select Relocation Set 0.164ms
[2026-06-17T10:07:40.830+0800][4.138s][info][gc,phases   ] GC(147) y: Pause Relocate Start 0.002ms
[2026-06-17T10:07:40.830+0800][4.138s][info][gc,phases   ] GC(147) y: Concurrent Relocate 0.108ms
[2026-06-17T10:07:40.831+0800][4.138s][info][gc,alloc    ] GC(147) y:                         Mark Start        Mark End      Relocate Start    Relocate End   
[2026-06-17T10:07:40.831+0800][4.138s][info][gc,alloc    ] GC(147) y: Allocation Stalls:          0                0                0                0         
[2026-06-17T10:07:40.831+0800][4.138s][info][gc,load     ] GC(147) y: Load: 0.41 (2%) / 0.44 (2%) / 0.49 (2%)
[2026-06-17T10:07:40.831+0800][4.138s][info][gc,mmu      ] GC(147) y: MMU: 2ms/98.5%, 5ms/99.1%, 10ms/99.4%, 20ms/99.6%, 50ms/99.6%, 100ms/99.7%
[2026-06-17T10:07:40.831+0800][4.138s][info][gc,marking  ] GC(147) y: Mark: 1 stripe(s), 1 proactive flush(es), 1 terminate flush(es), 0 completion(s), 0 continuation(s) 
[2026-06-17T10:07:40.831+0800][4.138s][info][gc,nmethod  ] GC(147) y: NMethods: 72 registered, 6 unregistered
[2026-06-17T10:07:40.831+0800][4.138s][info][gc,metaspace] GC(147) y: Metaspace: 0M used, 0M committed, 1088M reserved
[2026-06-17T10:07:40.831+0800][4.138s][info][gc,reloc    ] GC(147) y:                        Candidates     Selected     In-Place         Size        Empty    Relocated 
[2026-06-17T10:07:40.831+0800][4.138s][info][gc,reloc    ] GC(147) y: Small Pages:                    1            0            0           2M           0M           0M 
[2026-06-17T10:07:40.831+0800][4.139s][info][gc,reloc    ] GC(147) y: Large Pages:                    1            0            0           2M           0M           0M 
[2026-06-17T10:07:40.831+0800][4.139s][info][gc,reloc    ] GC(147) y: Forwarding Usage: 0M
[2026-06-17T10:07:40.831+0800][4.139s][info][gc,reloc    ] GC(147) y: Age Table:
[2026-06-17T10:07:40.831+0800][4.139s][info][gc,reloc    ] GC(147) y:                    Live             Garbage             Small              Medium             Large        
[2026-06-17T10:07:40.831+0800][4.139s][info][gc,reloc    ] GC(147) y: Eden                -                 0M (0%)           0 / 0              0 / 0              0 / 0        
[2026-06-17T10:07:40.832+0800][4.139s][info][gc,reloc    ] GC(147) y: Survivor 1         2M (3%)            0M (0%)           0 / 0              0 / 0              1 / 0        
[2026-06-17T10:07:40.832+0800][4.139s][info][gc,reloc    ] GC(147) y: Survivor 2          -                 0M (0%)           0 / 0              0 / 0              0 / 0        
[2026-06-17T10:07:40.832+0800][4.139s][info][gc,reloc    ] GC(147) y: Survivor 3         1M (3%)            0M (1%)           1 / 0              0 / 0              0 / 0        
[2026-06-17T10:07:40.832+0800][4.139s][info][gc,heap     ] GC(147) y: Min Capacity: 64M(100%)
[2026-06-17T10:07:40.832+0800][4.139s][info][gc,heap     ] GC(147) y: Max Capacity: 64M(100%)
[2026-06-17T10:07:40.832+0800][4.139s][info][gc,heap     ] GC(147) y: Soft Max Capacity: 64M(100%)
[2026-06-17T10:07:40.832+0800][4.139s][info][gc,heap     ] GC(147) y: Heap Statistics:
[2026-06-17T10:07:40.832+0800][4.139s][info][gc,heap     ] GC(147) y:                Mark Start          Mark End        Relocate Start      Relocate End           High               Low         
[2026-06-17T10:07:40.832+0800][4.140s][info][gc,heap     ] GC(147) y:  Capacity:       64M (100%)         64M (100%)         64M (100%)         64M (100%)         64M (100%)         64M (100%)   
[2026-06-17T10:07:40.832+0800][4.140s][info][gc,heap     ] GC(147) y:      Free:        4M (6%)            4M (6%)            4M (6%)            4M (6%)            4M (6%)            4M (6%)     
[2026-06-17T10:07:40.832+0800][4.140s][info][gc,heap     ] GC(147) y:      Used:       60M (94%)          60M (94%)          60M (94%)          60M (94%)          60M (94%)          60M (94%)    
[2026-06-17T10:07:40.832+0800][4.140s][info][gc,heap     ] GC(147) y: Young Generation Statistics:
[2026-06-17T10:07:40.832+0800][4.140s][info][gc,heap     ] GC(147) y:                Mark Start          Mark End        Relocate Start      Relocate End    
[2026-06-17T10:07:40.833+0800][4.140s][info][gc,heap     ] GC(147) y:      Used:        4M (6%)            4M (6%)            4M (6%)            4M (6%)     
[2026-06-17T10:07:40.833+0800][4.140s][info][gc,heap     ] GC(147) y:      Live:         -                 3M (6%)            3M (6%)            3M (6%)     
[2026-06-17T10:07:40.833+0800][4.140s][info][gc,heap     ] GC(147) y:   Garbage:         -                 0M (1%)            0M (1%)            0M (1%)     
[2026-06-17T10:07:40.833+0800][4.140s][info][gc,heap     ] GC(147) y: Allocated:         -                 0M (0%)            0M (0%)            0M (0%)     
[2026-06-17T10:07:40.833+0800][4.140s][info][gc,heap     ] GC(147) y: Reclaimed:         -                  -                 0M (0%)            0M (0%)     
[2026-06-17T10:07:40.833+0800][4.140s][info][gc,heap     ] GC(147) y:  Promoted:         -                  -                 0M (0%)            0M (0%)     
[2026-06-17T10:07:40.833+0800][4.140s][info][gc,heap     ] GC(147) y: Compacted:         -                  -                  -                 0M (0%)     
[2026-06-17T10:07:40.833+0800][4.140s][info][gc,phases   ] GC(147) y: Young Generation 60M(94%)->60M(94%) 0.001s
[2026-06-17T10:07:40.833+0800][4.140s][info][gc          ] GC(147) Minor Collection (High Usage) 60M(94%)->60M(94%) 0.004s
[2026-06-17T10:07:40.833+0800][4.141s][info][gc          ] GC(148) Minor Collection (High Usage)
[2026-06-17T10:07:40.833+0800][4.141s][info][gc,task     ] GC(148) Using 1 Workers for Young Generation
[2026-06-17T10:07:40.833+0800][4.141s][info][gc,phases   ] GC(148) y: Young Generation
[2026-06-17T10:07:40.833+0800][4.141s][info][gc,phases   ] GC(148) y: Pause Mark Start 0.004ms
[2026-06-17T10:07:40.834+0800][4.141s][info][gc,phases   ] GC(148) y: Concurrent Mark 0.293ms
[2026-06-17T10:07:40.834+0800][4.141s][info][gc,phases   ] GC(148) y: Pause Mark End 0.003ms
[2026-06-17T10:07:40.834+0800][4.141s][info][gc,phases   ] GC(148) y: Concurrent Mark Free 0.000ms
[2026-06-17T10:07:40.834+0800][4.142s][info][gc,phases   ] GC(148) y: Concurrent Reset Relocation Set 0.000ms
[2026-06-17T10:07:40.834+0800][4.142s][info][gc,reloc    ] GC(148) y: Using tenuring threshold: 4 (Computed)
[2026-06-17T10:07:40.834+0800][4.142s][info][gc,phases   ] GC(148) y: Concurrent Select Relocation Set 0.171ms
[2026-06-17T10:07:40.834+0800][4.142s][info][gc,phases   ] GC(148) y: Pause Relocate Start 0.003ms
[2026-06-17T10:07:40.835+0800][4.142s][info][gc,phases   ] GC(148) y: Concurrent Relocate 0.081ms
[2026-06-17T10:07:40.835+0800][4.142s][info][gc,alloc    ] GC(148) y:                         Mark Start        Mark End      Relocate Start    Relocate End   
[2026-06-17T10:07:40.835+0800][4.142s][info][gc,alloc    ] GC(148) y: Allocation Stalls:          0                0                0                0         
[2026-06-17T10:07:40.835+0800][4.142s][info][gc,load     ] GC(148) y: Load: 0.41 (2%) / 0.44 (2%) / 0.49 (2%)
[2026-06-17T10:07:40.835+0800][4.142s][info][gc,mmu      ] GC(148) y: MMU: 2ms/98.5%, 5ms/99.1%, 10ms/99.4%, 20ms/99.6%, 50ms/99.6%, 100ms/99.7%
[2026-06-17T10:07:40.835+0800][4.142s][info][gc,marking  ] GC(148) y: Mark: 1 stripe(s), 1 proactive flush(es), 1 terminate flush(es), 0 completion(s), 0 continuation(s) 
[2026-06-17T10:07:40.835+0800][4.143s][info][gc,nmethod  ] GC(148) y: NMethods: 72 registered, 6 unregistered
[2026-06-17T10:07:40.835+0800][4.143s][info][gc,metaspace] GC(148) y: Metaspace: 0M used, 0M committed, 1088M reserved
[2026-06-17T10:07:40.835+0800][4.143s][info][gc,reloc    ] GC(148) y:                        Candidates     Selected     In-Place         Size        Empty    Relocated 
[2026-06-17T10:07:40.835+0800][4.143s][info][gc,reloc    ] GC(148) y: Small Pages:                    1            0            0           2M           0M           0M 
[2026-06-17T10:07:40.835+0800][4.143s][info][gc,reloc    ] GC(148) y: Large Pages:                    1            0            0           2M           0M           0M 
[2026-06-17T10:07:40.835+0800][4.143s][info][gc,reloc    ] GC(148) y: Forwarding Usage: 0M
[2026-06-17T10:07:40.836+0800][4.143s][info][gc,reloc    ] GC(148) y: Age Table:
[2026-06-17T10:07:40.836+0800][4.143s][info][gc,reloc    ] GC(148) y:                    Live             Garbage             Small              Medium             Large        
[2026-06-17T10:07:40.836+0800][4.143s][info][gc,reloc    ] GC(148) y: Eden                -                 0M (0%)           0 / 0              0 / 0              0 / 0        
[2026-06-17T10:07:40.836+0800][4.143s][info][gc,reloc    ] GC(148) y: Survivor 1          -                 0M (0%)           0 / 0              0 / 0              0 / 0        
[2026-06-17T10:07:40.836+0800][4.143s][info][gc,reloc    ] GC(148) y: Survivor 2         2M (3%)            0M (0%)           0 / 0              0 / 0              1 / 0        
[2026-06-17T10:07:40.836+0800][4.143s][info][gc,reloc    ] GC(148) y: Survivor 3          -                 0M (0%)           0 / 0              0 / 0              0 / 0        
[2026-06-17T10:07:40.836+0800][4.143s][info][gc,reloc    ] GC(148) y: Survivor 4         1M (3%)            0M (1%)           1 / 0              0 / 0              0 / 0        
[2026-06-17T10:07:40.836+0800][4.143s][info][gc,heap     ] GC(148) y: Min Capacity: 64M(100%)
[2026-06-17T10:07:40.836+0800][4.143s][info][gc,heap     ] GC(148) y: Max Capacity: 64M(100%)
[2026-06-17T10:07:40.836+0800][4.144s][info][gc,heap     ] GC(148) y: Soft Max Capacity: 64M(100%)
[2026-06-17T10:07:40.836+0800][4.144s][info][gc,heap     ] GC(148) y: Heap Statistics:
[2026-06-17T10:07:40.836+0800][4.144s][info][gc,heap     ] GC(148) y:                Mark Start          Mark End        Relocate Start      Relocate End           High               Low         
[2026-06-17T10:07:40.836+0800][4.144s][info][gc,heap     ] GC(148) y:  Capacity:       64M (100%)         64M (100%)         64M (100%)         64M (100%)         64M (100%)         64M (100%)   
[2026-06-17T10:07:40.836+0800][4.144s][info][gc,heap     ] GC(148) y:      Free:        4M (6%)            4M (6%)            4M (6%)            4M (6%)            4M (6%)            4M (6%)     
[2026-06-17T10:07:40.836+0800][4.144s][info][gc,heap     ] GC(148) y:      Used:       60M (94%)          60M (94%)          60M (94%)          60M (94%)          60M (94%)          60M (94%)    
[2026-06-17T10:07:40.837+0800][4.144s][info][gc,heap     ] GC(148) y: Young Generation Statistics:
[2026-06-17T10:07:40.837+0800][4.144s][info][gc,heap     ] GC(148) y:                Mark Start          Mark End        Relocate Start      Relocate End    
[2026-06-17T10:07:40.837+0800][4.144s][info][gc,heap     ] GC(148) y:      Used:        4M (6%)            4M (6%)            2M (3%)            2M (3%)     
[2026-06-17T10:07:40.837+0800][4.144s][info][gc,heap     ] GC(148) y:      Live:         -                 3M (6%)            2M (3%)            2M (3%)     
[2026-06-17T10:07:40.837+0800][4.144s][info][gc,heap     ] GC(148) y:   Garbage:         -                 0M (1%)            0M (0%)            0M (0%)     
[2026-06-17T10:07:40.837+0800][4.144s][info][gc,heap     ] GC(148) y: Allocated:         -                 0M (0%)            0M (0%)            0M (0%)     
[2026-06-17T10:07:40.837+0800][4.144s][info][gc,heap     ] GC(148) y: Reclaimed:         -                  -                 0M (1%)            0M (1%)     
[2026-06-17T10:07:40.837+0800][4.144s][info][gc,heap     ] GC(148) y:  Promoted:         -                  -                 1M (3%)            1M (3%)     
[2026-06-17T10:07:40.837+0800][4.145s][info][gc,heap     ] GC(148) y: Compacted:         -                  -                  -                 0M (0%)     
[2026-06-17T10:07:40.837+0800][4.145s][info][gc,phases   ] GC(148) y: Young Generation 60M(94%)->60M(94%) 0.001s
[2026-06-17T10:07:40.837+0800][4.145s][info][gc          ] GC(148) Minor Collection (High Usage) 60M(94%)->64M(100%) 0.004s
[2026-06-17T10:07:40.837+0800][4.145s][info][gc          ] GC(149) Minor Collection (Allocation Stall)
[2026-06-17T10:07:40.838+0800][4.145s][info][gc,task     ] GC(149) Using 1 Workers for Young Generation
[2026-06-17T10:07:40.838+0800][4.145s][info][gc,phases   ] GC(149) y: Young Generation
[2026-06-17T10:07:40.838+0800][4.145s][info][gc,phases   ] GC(149) y: Pause Mark Start 0.004ms
[2026-06-17T10:07:40.838+0800][4.146s][info][gc,phases   ] GC(149) y: Concurrent Mark 0.297ms
[2026-06-17T10:07:40.838+0800][4.146s][info][gc,phases   ] GC(149) y: Pause Mark End 0.004ms
[2026-06-17T10:07:40.838+0800][4.146s][info][gc,phases   ] GC(149) y: Concurrent Mark Free 0.000ms
[2026-06-17T10:07:40.839+0800][4.146s][info][gc,phases   ] GC(149) y: Concurrent Reset Relocation Set 0.001ms
[2026-06-17T10:07:40.839+0800][4.146s][info][gc,reloc    ] GC(149) y: Using tenuring threshold: 4 (Computed)
[2026-06-17T10:07:40.839+0800][4.146s][info][gc          ] Allocation Stall (main) 3.595ms
[2026-06-17T10:07:40.839+0800][4.146s][info][gc,phases   ] GC(149) y: Concurrent Select Relocation Set 0.201ms
[2026-06-17T10:07:40.839+0800][4.146s][info][gc,phases   ] GC(149) y: Pause Relocate Start 0.003ms
[2026-06-17T10:07:40.839+0800][4.146s][info][gc,phases   ] GC(149) y: Concurrent Relocate 0.079ms
[2026-06-17T10:07:40.839+0800][4.147s][info][gc,alloc    ] GC(149) y:                         Mark Start        Mark End      Relocate Start    Relocate End   
[2026-06-17T10:07:40.839+0800][4.147s][info][gc,alloc    ] GC(149) y: Allocation Stalls:          1                1                1                1         
[2026-06-17T10:07:40.839+0800][4.147s][info][gc,load     ] GC(149) y: Load: 0.41 (2%) / 0.44 (2%) / 0.49 (2%)
[2026-06-17T10:07:40.839+0800][4.147s][info][gc,mmu      ] GC(149) y: MMU: 2ms/98.5%, 5ms/99.1%, 10ms/99.4%, 20ms/99.6%, 50ms/99.6%, 100ms/99.7%
[2026-06-17T10:07:40.839+0800][4.147s][info][gc,marking  ] GC(149) y: Mark: 1 stripe(s), 1 proactive flush(es), 1 terminate flush(es), 0 completion(s), 0 continuation(s) 
[2026-06-17T10:07:40.839+0800][4.147s][info][gc,nmethod  ] GC(149) y: NMethods: 72 registered, 6 unregistered
[2026-06-17T10:07:40.840+0800][4.147s][info][gc,metaspace] GC(149) y: Metaspace: 0M used, 0M committed, 1088M reserved
[2026-06-17T10:07:40.840+0800][4.147s][info][gc,reloc    ] GC(149) y:                        Candidates     Selected     In-Place         Size        Empty    Relocated 
[2026-06-17T10:07:40.840+0800][4.147s][info][gc,reloc    ] GC(149) y: Small Pages:                    2            0            0           4M           2M           0M 
[2026-06-17T10:07:40.840+0800][4.147s][info][gc,reloc    ] GC(149) y: Large Pages:                    1            0            0           2M           0M           0M 
[2026-06-17T10:07:40.840+0800][4.147s][info][gc,reloc    ] GC(149) y: Forwarding Usage: 0M
[2026-06-17T10:07:40.840+0800][4.147s][info][gc,reloc    ] GC(149) y: Age Table:
[2026-06-17T10:07:40.840+0800][4.147s][info][gc,reloc    ] GC(149) y:                    Live             Garbage             Small              Medium             Large        
[2026-06-17T10:07:40.840+0800][4.147s][info][gc,reloc    ] GC(149) y: Eden               0M (0%)            3M (6%)           2 / 0              0 / 0              0 / 0        
[2026-06-17T10:07:40.840+0800][4.148s][info][gc,reloc    ] GC(149) y: Survivor 1          -                 0M (0%)           0 / 0              0 / 0              0 / 0        
[2026-06-17T10:07:40.840+0800][4.148s][info][gc,reloc    ] GC(149) y: Survivor 2          -                 0M (0%)           0 / 0              0 / 0              0 / 0        
[2026-06-17T10:07:40.840+0800][4.148s][info][gc,reloc    ] GC(149) y: Survivor 3         2M (3%)            0M (0%)           0 / 0              0 / 0              1 / 0        
[2026-06-17T10:07:40.840+0800][4.148s][info][gc,heap     ] GC(149) y: Min Capacity: 64M(100%)
[2026-06-17T10:07:40.840+0800][4.148s][info][gc,heap     ] GC(149) y: Max Capacity: 64M(100%)
[2026-06-17T10:07:40.841+0800][4.148s][info][gc,heap     ] GC(149) y: Soft Max Capacity: 64M(100%)
[2026-06-17T10:07:40.841+0800][4.148s][info][gc,heap     ] GC(149) y: Heap Statistics:
[2026-06-17T10:07:40.841+0800][4.148s][info][gc,heap     ] GC(149) y:                Mark Start          Mark End        Relocate Start      Relocate End           High               Low         
[2026-06-17T10:07:40.841+0800][4.148s][info][gc,heap     ] GC(149) y:  Capacity:       64M (100%)         64M (100%)         64M (100%)         64M (100%)         64M (100%)         64M (100%)   
[2026-06-17T10:07:40.841+0800][4.148s][info][gc,heap     ] GC(149) y:      Free:        0M (0%)            0M (0%)            0M (0%)            0M (0%)            2M (3%)            0M (0%)     
[2026-06-17T10:07:40.841+0800][4.148s][info][gc,heap     ] GC(149) y:      Used:       64M (100%)         64M (100%)         64M (100%)         64M (100%)         64M (100%)         62M (97%)    
[2026-06-17T10:07:40.841+0800][4.148s][info][gc,heap     ] GC(149) y: Young Generation Statistics:
[2026-06-17T10:07:40.841+0800][4.148s][info][gc,heap     ] GC(149) y:                Mark Start          Mark End        Relocate Start      Relocate End    
[2026-06-17T10:07:40.841+0800][4.148s][info][gc,heap     ] GC(149) y:      Used:        6M (9%)            6M (9%)            6M (9%)            6M (9%)     
[2026-06-17T10:07:40.841+0800][4.149s][info][gc,heap     ] GC(149) y:      Live:         -                 2M (3%)            2M (3%)            2M (3%)     
[2026-06-17T10:07:40.841+0800][4.149s][info][gc,heap     ] GC(149) y:   Garbage:         -                 3M (6%)            1M (3%)            1M (3%)     
[2026-06-17T10:07:40.841+0800][4.149s][info][gc,heap     ] GC(149) y: Allocated:         -                 0M (0%)            2M (3%)            2M (3%)     
[2026-06-17T10:07:40.841+0800][4.149s][info][gc,heap     ] GC(149) y: Reclaimed:         -                  -                 2M (3%)            2M (3%)     
[2026-06-17T10:07:40.841+0800][4.149s][info][gc,heap     ] GC(149) y:  Promoted:         -                  -                 0M (0%)            0M (0%)     
[2026-06-17T10:07:40.841+0800][4.149s][info][gc,heap     ] GC(149) y: Compacted:         -                  -                  -                 0M (0%)     
[2026-06-17T10:07:40.842+0800][4.149s][info][gc,phases   ] GC(149) y: Young Generation 64M(100%)->64M(100%) 0.002s
[2026-06-17T10:07:40.842+0800][4.149s][info][gc          ] GC(149) Minor Collection (Allocation Stall) 64M(100%)->64M(100%) 0.004s
[2026-06-17T10:07:40.842+0800][4.149s][info][gc          ] GC(150) Minor Collection (Allocation Stall)
[2026-06-17T10:07:40.842+0800][4.149s][info][gc,task     ] GC(150) Using 1 Workers for Young Generation
[2026-06-17T10:07:40.842+0800][4.149s][info][gc,phases   ] GC(150) y: Young Generation
[2026-06-17T10:07:40.842+0800][4.149s][info][gc,phases   ] GC(150) y: Pause Mark Start 0.004ms
[2026-06-17T10:07:40.842+0800][4.150s][info][gc,phases   ] GC(150) y: Concurrent Mark 0.327ms
[2026-06-17T10:07:40.843+0800][4.150s][info][gc,phases   ] GC(150) y: Pause Mark End 0.004ms
[2026-06-17T10:07:40.843+0800][4.150s][info][gc,phases   ] GC(150) y: Concurrent Mark Free 0.000ms
[2026-06-17T10:07:40.843+0800][4.150s][info][gc,phases   ] GC(150) y: Concurrent Reset Relocation Set 0.000ms
[2026-06-17T10:07:40.843+0800][4.150s][info][gc,reloc    ] GC(150) y: Using tenuring threshold: 5 (Computed)
[2026-06-17T10:07:40.843+0800][4.150s][info][gc,phases   ] GC(150) y: Concurrent Select Relocation Set 0.164ms
[2026-06-17T10:07:40.843+0800][4.150s][info][gc,phases   ] GC(150) y: Pause Relocate Start 0.003ms
[2026-06-17T10:07:40.843+0800][4.151s][info][gc,phases   ] GC(150) y: Concurrent Relocate 0.301ms
[2026-06-17T10:07:40.843+0800][4.151s][info][gc,alloc    ] GC(150) y:                         Mark Start        Mark End      Relocate Start    Relocate End   
[2026-06-17T10:07:40.844+0800][4.151s][info][gc,alloc    ] GC(150) y: Allocation Stalls:          1                1                1                1         
[2026-06-17T10:07:40.844+0800][4.151s][info][gc,load     ] GC(150) y: Load: 0.41 (2%) / 0.44 (2%) / 0.49 (2%)
[2026-06-17T10:07:40.844+0800][4.151s][info][gc,mmu      ] GC(150) y: MMU: 2ms/98.5%, 5ms/99.1%, 10ms/99.4%, 20ms/99.6%, 50ms/99.6%, 100ms/99.7%
[2026-06-17T10:07:40.844+0800][4.151s][info][gc,marking  ] GC(150) y: Mark: 1 stripe(s), 1 proactive flush(es), 1 terminate flush(es), 0 completion(s), 0 continuation(s) 
[2026-06-17T10:07:40.844+0800][4.151s][info][gc,nmethod  ] GC(150) y: NMethods: 72 registered, 6 unregistered
[2026-06-17T10:07:40.844+0800][4.151s][info][gc,metaspace] GC(150) y: Metaspace: 0M used, 0M committed, 1088M reserved
[2026-06-17T10:07:40.844+0800][4.151s][info][gc,reloc    ] GC(150) y:                        Candidates     Selected     In-Place         Size        Empty    Relocated 
[2026-06-17T10:07:40.844+0800][4.151s][info][gc,reloc    ] GC(150) y: Small Pages:                    1            0            0           2M           0M           0M 
[2026-06-17T10:07:40.844+0800][4.152s][info][gc,reloc    ] GC(150) y: Large Pages:                    2            0            0           4M           0M           0M 
[2026-06-17T10:07:40.844+0800][4.152s][info][gc,reloc    ] GC(150) y: Forwarding Usage: 0M
[2026-06-17T10:07:40.844+0800][4.152s][info][gc,reloc    ] GC(150) y: Age Table:
[2026-06-17T10:07:40.844+0800][4.152s][info][gc,reloc    ] GC(150) y:                    Live             Garbage             Small              Medium             Large        
[2026-06-17T10:07:40.844+0800][4.152s][info][gc,reloc    ] GC(150) y: Eden               2M (3%)            0M (0%)           0 / 0              0 / 0              1 / 0        
[2026-06-17T10:07:40.845+0800][4.152s][info][gc,reloc    ] GC(150) y: Survivor 1         0M (0%)            1M (3%)           1 / 0              0 / 0              0 / 0        
[2026-06-17T10:07:40.845+0800][4.152s][info][gc,reloc    ] GC(150) y: Survivor 2          -                 0M (0%)           0 / 0              0 / 0              0 / 0        
[2026-06-17T10:07:40.845+0800][4.152s][info][gc,reloc    ] GC(150) y: Survivor 3          -                 0M (0%)           0 / 0              0 / 0              0 / 0        
[2026-06-17T10:07:40.845+0800][4.152s][info][gc,reloc    ] GC(150) y: Survivor 4         2M (3%)            0M (0%)           0 / 0              0 / 0              1 / 0        
[2026-06-17T10:07:40.845+0800][4.152s][info][gc,heap     ] GC(150) y: Min Capacity: 64M(100%)
[2026-06-17T10:07:40.845+0800][4.152s][info][gc,heap     ] GC(150) y: Max Capacity: 64M(100%)
[2026-06-17T10:07:40.845+0800][4.152s][info][gc,heap     ] GC(150) y: Soft Max Capacity: 64M(100%)
[2026-06-17T10:07:40.845+0800][4.153s][info][gc,heap     ] GC(150) y: Heap Statistics:
[2026-06-17T10:07:40.845+0800][4.153s][info][gc,heap     ] GC(150) y:                Mark Start          Mark End        Relocate Start      Relocate End           High               Low         
[2026-06-17T10:07:40.845+0800][4.153s][info][gc,heap     ] GC(150) y:  Capacity:       64M (100%)         64M (100%)         64M (100%)         64M (100%)         64M (100%)         64M (100%)   
[2026-06-17T10:07:40.845+0800][4.153s][info][gc,heap     ] GC(150) y:      Free:        0M (0%)            0M (0%)            0M (0%)            0M (0%)            0M (0%)            0M (0%)     
[2026-06-17T10:07:40.845+0800][4.153s][info][gc,heap     ] GC(150) y:      Used:       64M (100%)         64M (100%)         64M (100%)         64M (100%)         64M (100%)         64M (100%)   
[2026-06-17T10:07:40.845+0800][4.153s][info][gc,heap     ] GC(150) y: Young Generation Statistics:
[2026-06-17T10:07:40.846+0800][4.153s][info][gc,heap     ] GC(150) y:                Mark Start          Mark End        Relocate Start      Relocate End    
[2026-06-17T10:07:40.846+0800][4.153s][info][gc,heap     ] GC(150) y:      Used:        6M (9%)            6M (9%)            6M (9%)            6M (9%)     
[2026-06-17T10:07:40.846+0800][4.153s][info][gc,heap     ] GC(150) y:      Live:         -                 4M (6%)            4M (6%)            4M (6%)     
[2026-06-17T10:07:40.846+0800][4.153s][info][gc,heap     ] GC(150) y:   Garbage:         -                 1M (3%)            1M (3%)            1M (3%)     
[2026-06-17T10:07:40.846+0800][4.153s][info][gc,heap     ] GC(150) y: Allocated:         -                 0M (0%)            0M (0%)            0M (0%)     
[2026-06-17T10:07:40.846+0800][4.153s][info][gc,heap     ] GC(150) y: Reclaimed:         -                  -                 0M (0%)            0M (0%)     
[2026-06-17T10:07:40.846+0800][4.153s][info][gc,heap     ] GC(150) y:  Promoted:         -                  -                 0M (0%)            0M (0%)     
[2026-06-17T10:07:40.846+0800][4.153s][info][gc,heap     ] GC(150) y: Compacted:         -                  -                  -                 0M (0%)     
[2026-06-17T10:07:40.846+0800][4.154s][info][gc,phases   ] GC(150) y: Young Generation 64M(100%)->64M(100%) 0.002s
[2026-06-17T10:07:40.846+0800][4.154s][info][gc          ] GC(150) Minor Collection (Allocation Stall) 64M(100%)->64M(100%) 0.004s
[2026-06-17T10:07:40.846+0800][4.154s][info][gc          ] GC(151) Major Collection (Allocation Stall)
[2026-06-17T10:07:40.846+0800][4.154s][info][gc,task     ] GC(151) Using 1 Workers for Young Generation
[2026-06-17T10:07:40.846+0800][4.154s][info][gc,task     ] GC(151) Using 1 Workers for Old Generation
[2026-06-17T10:07:40.847+0800][4.154s][info][gc,phases   ] GC(151) Y: Young Generation (Promote All)
[2026-06-17T10:07:40.847+0800][4.154s][info][gc,phases   ] GC(151) Y: Pause Mark Start 0.005ms
[2026-06-17T10:07:40.847+0800][4.154s][info][gc,phases   ] GC(151) Y: Concurrent Mark 0.293ms
[2026-06-17T10:07:40.847+0800][4.155s][info][gc,phases   ] GC(151) Y: Pause Mark End 0.003ms
[2026-06-17T10:07:40.847+0800][4.155s][info][gc,phases   ] GC(151) Y: Concurrent Mark Free 0.000ms
[2026-06-17T10:07:40.847+0800][4.155s][info][gc,phases   ] GC(151) Y: Concurrent Reset Relocation Set 0.000ms
[2026-06-17T10:07:40.847+0800][4.155s][info][gc,reloc    ] GC(151) Y: Using tenuring threshold: 0 (Promote All)
[2026-06-17T10:07:40.848+0800][4.155s][info][gc,phases   ] GC(151) Y: Concurrent Select Relocation Set 0.186ms
[2026-06-17T10:07:40.848+0800][4.155s][info][gc,phases   ] GC(151) Y: Pause Relocate Start 0.003ms
[2026-06-17T10:07:40.848+0800][4.155s][info][gc,phases   ] GC(151) Y: Concurrent Relocate 0.081ms
[2026-06-17T10:07:40.848+0800][4.155s][info][gc,alloc    ] GC(151) Y:                         Mark Start        Mark End      Relocate Start    Relocate End   
[2026-06-17T10:07:40.848+0800][4.155s][info][gc,alloc    ] GC(151) Y: Allocation Stalls:          1                1                1                1         
[2026-06-17T10:07:40.848+0800][4.155s][info][gc,load     ] GC(151) Y: Load: 0.41 (2%) / 0.44 (2%) / 0.49 (2%)
[2026-06-17T10:07:40.848+0800][4.156s][info][gc,mmu      ] GC(151) Y: MMU: 2ms/98.5%, 5ms/99.1%, 10ms/99.4%, 20ms/99.6%, 50ms/99.6%, 100ms/99.7%
[2026-06-17T10:07:40.848+0800][4.156s][info][gc,marking  ] GC(151) Y: Mark: 1 stripe(s), 1 proactive flush(es), 1 terminate flush(es), 0 completion(s), 0 continuation(s) 
[2026-06-17T10:07:40.848+0800][4.156s][info][gc,nmethod  ] GC(151) Y: NMethods: 72 registered, 6 unregistered
[2026-06-17T10:07:40.848+0800][4.156s][info][gc,metaspace] GC(151) Y: Metaspace: 0M used, 0M committed, 1088M reserved
[2026-06-17T10:07:40.848+0800][4.156s][info][gc,reloc    ] GC(151) Y:                        Candidates     Selected     In-Place         Size        Empty    Relocated 
[2026-06-17T10:07:40.849+0800][4.156s][info][gc,reloc    ] GC(151) Y: Small Pages:                    1            0            0           2M           0M           0M 
[2026-06-17T10:07:40.849+0800][4.156s][info][gc,reloc    ] GC(151) Y: Large Pages:                    2            0            0           4M           0M           0M 
[2026-06-17T10:07:40.849+0800][4.156s][info][gc,reloc    ] GC(151) Y: Forwarding Usage: 0M
[2026-06-17T10:07:40.849+0800][4.156s][info][gc,reloc    ] GC(151) Y: Age Table:
[2026-06-17T10:07:40.849+0800][4.156s][info][gc,reloc    ] GC(151) Y:                    Live             Garbage             Small              Medium             Large        
[2026-06-17T10:07:40.849+0800][4.156s][info][gc,reloc    ] GC(151) Y: Eden                -                 0M (0%)           0 / 0              0 / 0              0 / 0        
[2026-06-17T10:07:40.849+0800][4.156s][info][gc,reloc    ] GC(151) Y: Survivor 1         2M (3%)            0M (0%)           0 / 0              0 / 0              1 / 0        
[2026-06-17T10:07:40.849+0800][4.156s][info][gc,reloc    ] GC(151) Y: Survivor 2         0M (0%)            1M (3%)           1 / 0              0 / 0              0 / 0        
[2026-06-17T10:07:40.849+0800][4.156s][info][gc,reloc    ] GC(151) Y: Survivor 3          -                 0M (0%)           0 / 0              0 / 0              0 / 0        
[2026-06-17T10:07:40.849+0800][4.157s][info][gc,reloc    ] GC(151) Y: Survivor 4          -                 0M (0%)           0 / 0              0 / 0              0 / 0        
[2026-06-17T10:07:40.849+0800][4.157s][info][gc,reloc    ] GC(151) Y: Survivor 5         2M (3%)            0M (0%)           0 / 0              0 / 0              1 / 0        
[2026-06-17T10:07:40.849+0800][4.157s][info][gc,heap     ] GC(151) Y: Min Capacity: 64M(100%)
[2026-06-17T10:07:40.849+0800][4.157s][info][gc,heap     ] GC(151) Y: Max Capacity: 64M(100%)
[2026-06-17T10:07:40.849+0800][4.157s][info][gc,heap     ] GC(151) Y: Soft Max Capacity: 64M(100%)
[2026-06-17T10:07:40.849+0800][4.157s][info][gc,heap     ] GC(151) Y: Heap Statistics:
[2026-06-17T10:07:40.850+0800][4.157s][info][gc,heap     ] GC(151) Y:                Mark Start          Mark End        Relocate Start      Relocate End           High               Low         
[2026-06-17T10:07:40.850+0800][4.157s][info][gc,heap     ] GC(151) Y:  Capacity:       64M (100%)         64M (100%)         64M (100%)         64M (100%)         64M (100%)         64M (100%)   
[2026-06-17T10:07:40.850+0800][4.157s][info][gc,heap     ] GC(151) Y:      Free:        0M (0%)            0M (0%)            0M (0%)            0M (0%)            0M (0%)            0M (0%)     
[2026-06-17T10:07:40.850+0800][4.157s][info][gc,heap     ] GC(151) Y:      Used:       64M (100%)         64M (100%)         64M (100%)         64M (100%)         64M (100%)         64M (100%)   
[2026-06-17T10:07:40.850+0800][4.157s][info][gc,heap     ] GC(151) Y: Young Generation Statistics:
[2026-06-17T10:07:40.850+0800][4.157s][info][gc,heap     ] GC(151) Y:                Mark Start          Mark End        Relocate Start      Relocate End    
[2026-06-17T10:07:40.850+0800][4.157s][info][gc,heap     ] GC(151) Y:      Used:        6M (9%)            6M (9%)            0M (0%)            0M (0%)     
[2026-06-17T10:07:40.850+0800][4.157s][info][gc,heap     ] GC(151) Y:      Live:         -                 4M (6%)            0M (0%)            0M (0%)     
[2026-06-17T10:07:40.850+0800][4.158s][info][gc,heap     ] GC(151) Y:   Garbage:         -                 1M (3%)            0M (0%)            0M (0%)     
[2026-06-17T10:07:40.850+0800][4.158s][info][gc,heap     ] GC(151) Y: Allocated:         -                 0M (0%)            0M (0%)            0M (0%)     
[2026-06-17T10:07:40.850+0800][4.158s][info][gc,heap     ] GC(151) Y: Reclaimed:         -                  -                 1M (3%)            1M (3%)     
[2026-06-17T10:07:40.850+0800][4.158s][info][gc,heap     ] GC(151) Y:  Promoted:         -                  -                 4M (6%)            4M (6%)     
[2026-06-17T10:07:40.850+0800][4.158s][info][gc,heap     ] GC(151) Y: Compacted:         -                  -                  -                 0M (0%)     
[2026-06-17T10:07:40.850+0800][4.158s][info][gc,phases   ] GC(151) Y: Young Generation (Promote All) 64M(100%)->64M(100%) 0.001s
[2026-06-17T10:07:40.851+0800][4.158s][info][gc,phases   ] GC(151) Y: Young Generation (Collect Roots)
[2026-06-17T10:07:40.851+0800][4.158s][info][gc,phases   ] GC(151) Y: Pause Mark Start (Major) 0.006ms
[2026-06-17T10:07:40.851+0800][4.158s][info][gc,phases   ] GC(151) Y: Concurrent Mark 0.291ms
[2026-06-17T10:07:40.851+0800][4.159s][info][gc,phases   ] GC(151) Y: Pause Mark End 0.003ms
[2026-06-17T10:07:40.851+0800][4.159s][info][gc,phases   ] GC(151) Y: Concurrent Mark Free 0.000ms
[2026-06-17T10:07:40.851+0800][4.159s][info][gc,phases   ] GC(151) Y: Concurrent Reset Relocation Set 0.001ms
[2026-06-17T10:07:40.851+0800][4.159s][info][gc,reloc    ] GC(151) Y: Using tenuring threshold: 0 (Computed)
[2026-06-17T10:07:40.852+0800][4.159s][info][gc,phases   ] GC(151) Y: Concurrent Select Relocation Set 0.163ms
[2026-06-17T10:07:40.852+0800][4.159s][info][gc,phases   ] GC(151) Y: Pause Relocate Start 0.003ms
[2026-06-17T10:07:40.852+0800][4.159s][info][gc,phases   ] GC(151) Y: Concurrent Relocate 0.078ms
[2026-06-17T10:07:40.852+0800][4.159s][info][gc,alloc    ] GC(151) Y:                         Mark Start        Mark End      Relocate Start    Relocate End   
[2026-06-17T10:07:40.852+0800][4.159s][info][gc,alloc    ] GC(151) Y: Allocation Stalls:          1                1                1                1         
[2026-06-17T10:07:40.852+0800][4.159s][info][gc,load     ] GC(151) Y: Load: 0.41 (2%) / 0.44 (2%) / 0.49 (2%)
[2026-06-17T10:07:40.852+0800][4.160s][info][gc,mmu      ] GC(151) Y: MMU: 2ms/98.5%, 5ms/99.1%, 10ms/99.4%, 20ms/99.6%, 50ms/99.6%, 100ms/99.7%
[2026-06-17T10:07:40.852+0800][4.160s][info][gc,marking  ] GC(151) Y: Mark: 1 stripe(s), 1 proactive flush(es), 1 terminate flush(es), 0 completion(s), 0 continuation(s) 
[2026-06-17T10:07:40.852+0800][4.160s][info][gc,nmethod  ] GC(151) Y: NMethods: 72 registered, 6 unregistered
[2026-06-17T10:07:40.852+0800][4.160s][info][gc,metaspace] GC(151) Y: Metaspace: 0M used, 0M committed, 1088M reserved
[2026-06-17T10:07:40.852+0800][4.160s][info][gc,heap     ] GC(151) Y: Min Capacity: 64M(100%)
[2026-06-17T10:07:40.852+0800][4.160s][info][gc,heap     ] GC(151) Y: Max Capacity: 64M(100%)
[2026-06-17T10:07:40.853+0800][4.160s][info][gc,heap     ] GC(151) Y: Soft Max Capacity: 64M(100%)
[2026-06-17T10:07:40.853+0800][4.160s][info][gc,heap     ] GC(151) Y: Heap Statistics:
[2026-06-17T10:07:40.853+0800][4.160s][info][gc,heap     ] GC(151) Y:                Mark Start          Mark End        Relocate Start      Relocate End           High               Low         
[2026-06-17T10:07:40.853+0800][4.160s][info][gc,heap     ] GC(151) Y:  Capacity:       64M (100%)         64M (100%)         64M (100%)         64M (100%)         64M (100%)         64M (100%)   
[2026-06-17T10:07:40.853+0800][4.160s][info][gc,heap     ] GC(151) Y:      Free:        0M (0%)            0M (0%)            0M (0%)            0M (0%)            0M (0%)            0M (0%)     
[2026-06-17T10:07:40.853+0800][4.160s][info][gc,heap     ] GC(151) Y:      Used:       64M (100%)         64M (100%)         64M (100%)         64M (100%)         64M (100%)         64M (100%)   
[2026-06-17T10:07:40.853+0800][4.160s][info][gc,heap     ] GC(151) Y: Young Generation Statistics:
[2026-06-17T10:07:40.853+0800][4.160s][info][gc,heap     ] GC(151) Y:                Mark Start          Mark End        Relocate Start      Relocate End    
[2026-06-17T10:07:40.853+0800][4.161s][info][gc,heap     ] GC(151) Y:      Used:        0M (0%)            0M (0%)            0M (0%)            0M (0%)     
[2026-06-17T10:07:40.853+0800][4.161s][info][gc,heap     ] GC(151) Y:      Live:         -                 0M (0%)            0M (0%)            0M (0%)     
[2026-06-17T10:07:40.853+0800][4.161s][info][gc,heap     ] GC(151) Y:   Garbage:         -                 0M (0%)            0M (0%)            0M (0%)     
[2026-06-17T10:07:40.853+0800][4.161s][info][gc,heap     ] GC(151) Y: Allocated:         -                 0M (0%)            0M (0%)            0M (0%)     
[2026-06-17T10:07:40.853+0800][4.161s][info][gc,heap     ] GC(151) Y: Reclaimed:         -                  -                 0M (0%)            0M (0%)     
[2026-06-17T10:07:40.853+0800][4.161s][info][gc,heap     ] GC(151) Y:  Promoted:         -                  -                 0M (0%)            0M (0%)     
[2026-06-17T10:07:40.853+0800][4.161s][info][gc,heap     ] GC(151) Y: Compacted:         -                  -                  -                 0M (0%)     
[2026-06-17T10:07:40.854+0800][4.161s][info][gc,phases   ] GC(151) Y: Young Generation (Collect Roots) 64M(100%)->64M(100%) 0.001s
[2026-06-17T10:07:40.854+0800][4.161s][info][gc,phases   ] GC(151) O: Old Generation
[2026-06-17T10:07:40.855+0800][4.162s][info][gc,phases   ] GC(151) O: Concurrent Mark 0.888ms
[2026-06-17T10:07:40.855+0800][4.162s][info][gc,phases   ] GC(151) O: Pause Mark End 0.004ms
[2026-06-17T10:07:40.855+0800][4.162s][info][gc,phases   ] GC(151) O: Concurrent Mark Free 0.000ms
[2026-06-17T10:07:40.855+0800][4.162s][info][gc,ref      ] GC(151) O: Clearing All SoftReferences
[2026-06-17T10:07:40.855+0800][4.163s][info][gc,phases   ] GC(151) O: Concurrent Process Non-Strong 0.277ms
[2026-06-17T10:07:40.855+0800][4.163s][info][gc,phases   ] GC(151) O: Concurrent Reset Relocation Set 0.001ms
[2026-06-17T10:07:40.856+0800][4.163s][info][gc,phases   ] GC(151) O: Concurrent Select Relocation Set 0.048ms
[2026-06-17T10:07:40.856+0800][4.163s][info][gc,task     ] GC(151) O: Using 1 Workers for Old Generation
[2026-06-17T10:07:40.856+0800][4.163s][info][gc,task     ] GC(151) O: Using 1 Workers for Old Generation
[2026-06-17T10:07:40.856+0800][4.163s][info][gc,phases   ] GC(151) O: Concurrent Remap Roots 0.290ms
[2026-06-17T10:07:40.856+0800][4.164s][info][gc,phases   ] GC(151) O: Pause Relocate Start 0.003ms
[2026-06-17T10:07:40.857+0800][4.164s][info][gc          ] Allocation Stall (main) 17.920ms
[2026-06-17T10:07:40.857+0800][4.164s][info][gc,phases   ] GC(151) O: Concurrent Relocate 0.466ms
[2026-06-17T10:07:40.857+0800][4.164s][info][gc          ] GC(152) Minor Collection (Allocation Stall)
[2026-06-17T10:07:40.857+0800][4.164s][info][gc,task     ] GC(152) Using 1 Workers for Young Generation
[2026-06-17T10:07:40.857+0800][4.164s][info][gc,phases   ] GC(152) y: Young Generation
[2026-06-17T10:07:40.857+0800][4.165s][info][gc,phases   ] GC(152) y: Pause Mark Start 0.004ms
[2026-06-17T10:07:40.858+0800][4.165s][info][gc,phases   ] GC(152) y: Concurrent Mark 0.314ms
[2026-06-17T10:07:40.858+0800][4.165s][info][gc,phases   ] GC(152) y: Pause Mark End 0.004ms
[2026-06-17T10:07:40.858+0800][4.165s][info][gc,phases   ] GC(152) y: Concurrent Mark Free 0.000ms
[2026-06-17T10:07:40.858+0800][4.165s][info][gc,phases   ] GC(152) y: Concurrent Reset Relocation Set 0.000ms
[2026-06-17T10:07:40.858+0800][4.165s][info][gc,reloc    ] GC(152) y: Using tenuring threshold: 1 (Computed)
[2026-06-17T10:07:40.858+0800][4.165s][info][gc,phases   ] GC(152) y: Concurrent Select Relocation Set 0.162ms
[2026-06-17T10:07:40.858+0800][4.166s][info][gc,phases   ] GC(152) y: Pause Relocate Start 0.003ms
[2026-06-17T10:07:40.858+0800][4.166s][info][gc,phases   ] GC(152) y: Concurrent Relocate 0.078ms
[2026-06-17T10:07:40.858+0800][4.166s][info][gc,alloc    ] GC(152) y:                         Mark Start        Mark End      Relocate Start    Relocate End   
[2026-06-17T10:07:40.859+0800][4.166s][info][gc,alloc    ] GC(152) y: Allocation Stalls:          1                1                1                1         
[2026-06-17T10:07:40.859+0800][4.166s][info][gc,load     ] GC(152) y: Load: 0.41 (2%) / 0.44 (2%) / 0.49 (2%)
[2026-06-17T10:07:40.859+0800][4.166s][info][gc,mmu      ] GC(152) y: MMU: 2ms/98.5%, 5ms/99.1%, 10ms/99.4%, 20ms/99.6%, 50ms/99.6%, 100ms/99.7%
[2026-06-17T10:07:40.859+0800][4.166s][info][gc,marking  ] GC(152) y: Mark: 1 stripe(s), 1 proactive flush(es), 1 terminate flush(es), 0 completion(s), 0 continuation(s) 
[2026-06-17T10:07:40.859+0800][4.166s][info][gc,nmethod  ] GC(152) y: NMethods: 72 registered, 6 unregistered
[2026-06-17T10:07:40.859+0800][4.166s][info][gc,metaspace] GC(152) y: Metaspace: 0M used, 0M committed, 1088M reserved
[2026-06-17T10:07:40.859+0800][4.166s][info][gc,reloc    ] GC(152) y:                        Candidates     Selected     In-Place         Size        Empty    Relocated 
[2026-06-17T10:07:40.859+0800][4.166s][info][gc,reloc    ] GC(152) y: Small Pages:                    1            0            0           2M           0M           0M 
[2026-06-17T10:07:40.859+0800][4.166s][info][gc,reloc    ] GC(152) y: Large Pages:                    0            0            0           0M           0M           0M 
[2026-06-17T10:07:40.859+0800][4.167s][info][gc,reloc    ] GC(152) y: Forwarding Usage: 0M
[2026-06-17T10:07:40.859+0800][4.167s][info][gc,reloc    ] GC(152) y: Age Table:
[2026-06-17T10:07:40.859+0800][4.167s][info][gc,reloc    ] GC(152) y:                    Live             Garbage             Small              Medium             Large        
[2026-06-17T10:07:40.859+0800][4.167s][info][gc,reloc    ] GC(152) y: Eden               0M (1%)            1M (3%)           1 / 0              0 / 0              0 / 0        
[2026-06-17T10:07:40.859+0800][4.167s][info][gc,heap     ] GC(152) y: Min Capacity: 64M(100%)
[2026-06-17T10:07:40.859+0800][4.167s][info][gc,heap     ] GC(152) y: Max Capacity: 64M(100%)
[2026-06-17T10:07:40.859+0800][4.167s][info][gc,heap     ] GC(152) y: Soft Max Capacity: 64M(100%)
[2026-06-17T10:07:40.860+0800][4.167s][info][gc,heap     ] GC(152) y: Heap Statistics:
[2026-06-17T10:07:40.860+0800][4.167s][info][gc,heap     ] GC(152) y:                Mark Start          Mark End        Relocate Start      Relocate End           High               Low         
[2026-06-17T10:07:40.860+0800][4.167s][info][gc,heap     ] GC(152) y:  Capacity:       64M (100%)         64M (100%)         64M (100%)         64M (100%)         64M (100%)         64M (100%)   
[2026-06-17T10:07:40.860+0800][4.167s][info][gc,heap     ] GC(152) y:      Free:        0M (0%)            0M (0%)            0M (0%)            0M (0%)            0M (0%)            0M (0%)     
[2026-06-17T10:07:40.860+0800][4.167s][info][gc,heap     ] GC(152) y:      Used:       64M (100%)         64M (100%)         64M (100%)         64M (100%)         64M (100%)         64M (100%)   
[2026-06-17T10:07:40.860+0800][4.167s][info][gc,heap     ] GC(152) y: Young Generation Statistics:
[2026-06-17T10:07:40.860+0800][4.167s][info][gc,heap     ] GC(152) y:                Mark Start          Mark End        Relocate Start      Relocate End    
[2026-06-17T10:07:40.860+0800][4.167s][info][gc,heap     ] GC(152) y:      Used:        2M (3%)            2M (3%)            2M (3%)            2M (3%)     
[2026-06-17T10:07:40.860+0800][4.167s][info][gc,heap     ] GC(152) y:      Live:         -                 0M (1%)            0M (1%)            0M (1%)     
[2026-06-17T10:07:40.860+0800][4.168s][info][gc,heap     ] GC(152) y:   Garbage:         -                 1M (3%)            1M (3%)            1M (3%)     
[2026-06-17T10:07:40.860+0800][4.168s][info][gc,heap     ] GC(152) y: Allocated:         -                 0M (0%)            0M (0%)            0M (0%)     
[2026-06-17T10:07:40.860+0800][4.168s][info][gc,heap     ] GC(152) y: Reclaimed:         -                  -                 0M (0%)            0M (0%)     
[2026-06-17T10:07:40.860+0800][4.168s][info][gc,heap     ] GC(152) y:  Promoted:         -                  -                 0M (0%)            0M (0%)     
[2026-06-17T10:07:40.860+0800][4.168s][info][gc,heap     ] GC(152) y: Compacted:         -                  -                  -                 0M (0%)     
[2026-06-17T10:07:40.860+0800][4.168s][info][gc,phases   ] GC(152) y: Young Generation 64M(100%)->64M(100%) 0.001s
[2026-06-17T10:07:40.860+0800][4.168s][info][gc          ] GC(152) Minor Collection (Allocation Stall) 64M(100%)->64M(100%) 0.004s
[2026-06-17T10:07:40.861+0800][4.168s][info][gc,alloc    ] GC(151) O:                         Mark Start        Mark End      Relocate Start    Relocate End   
[2026-06-17T10:07:40.861+0800][4.168s][info][gc,alloc    ] GC(151) O: Allocation Stalls:          1                1                1                0         
[2026-06-17T10:07:40.861+0800][4.168s][info][gc,load     ] GC(151) O: Load: 0.41 (2%) / 0.44 (2%) / 0.49 (2%)
[2026-06-17T10:07:40.861+0800][4.168s][info][gc,mmu      ] GC(151) O: MMU: 2ms/98.5%, 5ms/99.1%, 10ms/99.4%, 20ms/99.6%, 50ms/99.6%, 100ms/99.7%
[2026-06-17T10:07:40.861+0800][4.168s][info][gc,marking  ] GC(151) O: Mark: 1 stripe(s), 1 proactive flush(es), 1 terminate flush(es), 0 completion(s), 0 continuation(s) 
[2026-06-17T10:07:40.861+0800][4.168s][info][gc,nmethod  ] GC(151) O: NMethods: 72 registered, 6 unregistered
[2026-06-17T10:07:40.861+0800][4.168s][info][gc,metaspace] GC(151) O: Metaspace: 0M used, 0M committed, 1088M reserved
[2026-06-17T10:07:40.861+0800][4.168s][info][gc,ref      ] GC(151) O:                       Encountered   Discovered     Enqueued 
[2026-06-17T10:07:40.861+0800][4.169s][info][gc,ref      ] GC(151) O: Soft References:                0            0            0 
[2026-06-17T10:07:40.861+0800][4.169s][info][gc,ref      ] GC(151) O: Weak References:                6            0            0 
[2026-06-17T10:07:40.861+0800][4.169s][info][gc,ref      ] GC(151) O: Final References:               0            0            0 
[2026-06-17T10:07:40.862+0800][4.169s][info][gc,ref      ] GC(151) O: Phantom References:             1            1            0 
[2026-06-17T10:07:40.862+0800][4.169s][info][gc,reloc    ] GC(151) O:                        Candidates     Selected     In-Place         Size        Empty    Relocated 
[2026-06-17T10:07:40.862+0800][4.169s][info][gc,reloc    ] GC(151) O: Small Pages:                    5            1            1          10M           0M           1M 
[2026-06-17T10:07:40.862+0800][4.169s][info][gc,reloc    ] GC(151) O: Large Pages:                   27            0            0          54M           0M           0M 
[2026-06-17T10:07:40.862+0800][4.169s][info][gc,reloc    ] GC(151) O: Forwarding Usage: 0M
[2026-06-17T10:07:40.862+0800][4.169s][info][gc,heap     ] GC(151) O: Min Capacity: 64M(100%)
[2026-06-17T10:07:40.862+0800][4.169s][info][gc,heap     ] GC(151) O: Max Capacity: 64M(100%)
[2026-06-17T10:07:40.862+0800][4.170s][info][gc,heap     ] GC(151) O: Soft Max Capacity: 64M(100%)
[2026-06-17T10:07:40.862+0800][4.170s][info][gc,heap     ] GC(151) O: Heap Statistics:
[2026-06-17T10:07:40.862+0800][4.170s][info][gc,heap     ] GC(151) O:                Mark Start          Mark End        Relocate Start      Relocate End           High               Low         
[2026-06-17T10:07:40.863+0800][4.170s][info][gc,heap     ] GC(151) O:  Capacity:       64M (100%)         64M (100%)         64M (100%)         64M (100%)         64M (100%)         64M (100%)   
[2026-06-17T10:07:40.863+0800][4.170s][info][gc,heap     ] GC(151) O:      Free:        0M (0%)            0M (0%)            0M (0%)            0M (0%)            2M (3%)            0M (0%)     
[2026-06-17T10:07:40.863+0800][4.170s][info][gc,heap     ] GC(151) O:      Used:       64M (100%)         64M (100%)         64M (100%)         64M (100%)         64M (100%)         62M (97%)    
[2026-06-17T10:07:40.863+0800][4.170s][info][gc,heap     ] GC(151) O: Old Generation Statistics:
[2026-06-17T10:07:40.863+0800][4.170s][info][gc,heap     ] GC(151) O:                Mark Start          Mark End        Relocate Start      Relocate End    
[2026-06-17T10:07:40.863+0800][4.170s][info][gc,heap     ] GC(151) O:      Used:       64M (100%)         64M (100%)         64M (100%)         62M (97%)    
[2026-06-17T10:07:40.863+0800][4.170s][info][gc,heap     ] GC(151) O:      Live:         -                60M (95%)          60M (95%)          60M (95%)    
[2026-06-17T10:07:40.863+0800][4.170s][info][gc,heap     ] GC(151) O:   Garbage:         -                 3M (5%)            3M (5%)            1M (2%)     
[2026-06-17T10:07:40.863+0800][4.171s][info][gc,heap     ] GC(151) O: Allocated:         -                 0M (0%)            0M (0%)            0M (1%)     
[2026-06-17T10:07:40.863+0800][4.171s][info][gc,heap     ] GC(151) O: Reclaimed:         -                  -                 0M (0%)            2M (4%)     
[2026-06-17T10:07:40.863+0800][4.171s][info][gc,heap     ] GC(151) O: Compacted:         -                  -                  -                 1M (2%)     
[2026-06-17T10:07:40.863+0800][4.171s][info][gc,phases   ] GC(151) O: Old Generation 64M(100%)->64M(100%) 0.007s
[2026-06-17T10:07:40.864+0800][4.171s][info][gc          ] GC(151) Major Collection (Allocation Stall) 64M(100%)->64M(100%) 0.017s
[2026-06-17T10:07:40.864+0800][4.171s][info][gc          ] GC(153) Major Collection (Allocation Stall)
[2026-06-17T10:07:40.864+0800][4.171s][info][gc,task     ] GC(153) Using 1 Workers for Young Generation
[2026-06-17T10:07:40.864+0800][4.171s][info][gc,task     ] GC(153) Using 1 Workers for Old Generation
[2026-06-17T10:07:40.864+0800][4.171s][info][gc,phases   ] GC(153) Y: Young Generation (Promote All)
[2026-06-17T10:07:40.864+0800][4.171s][info][gc,phases   ] GC(153) Y: Pause Mark Start 0.006ms
[2026-06-17T10:07:40.864+0800][4.172s][info][gc,phases   ] GC(153) Y: Concurrent Mark 0.372ms
[2026-06-17T10:07:40.865+0800][4.172s][info][gc,phases   ] GC(153) Y: Pause Mark End 0.004ms
[2026-06-17T10:07:40.865+0800][4.172s][info][gc,phases   ] GC(153) Y: Concurrent Mark Free 0.000ms
[2026-06-17T10:07:40.865+0800][4.172s][info][gc,phases   ] GC(153) Y: Concurrent Reset Relocation Set 0.000ms
[2026-06-17T10:07:40.865+0800][4.172s][info][gc,reloc    ] GC(153) Y: Using tenuring threshold: 0 (Promote All)
[2026-06-17T10:07:40.865+0800][4.173s][info][gc,phases   ] GC(153) Y: Concurrent Select Relocation Set 0.160ms
[2026-06-17T10:07:40.865+0800][4.173s][info][gc,phases   ] GC(153) Y: Pause Relocate Start 0.003ms
[2026-06-17T10:07:40.865+0800][4.173s][info][gc,phases   ] GC(153) Y: Concurrent Relocate 0.081ms
[2026-06-17T10:07:40.865+0800][4.173s][info][gc,alloc    ] GC(153) Y:                         Mark Start        Mark End      Relocate Start    Relocate End   
[2026-06-17T10:07:40.865+0800][4.173s][info][gc,alloc    ] GC(153) Y: Allocation Stalls:          1                1                1                1         
[2026-06-17T10:07:40.866+0800][4.173s][info][gc,load     ] GC(153) Y: Load: 0.41 (2%) / 0.44 (2%) / 0.49 (2%)
[2026-06-17T10:07:40.866+0800][4.173s][info][gc,mmu      ] GC(153) Y: MMU: 2ms/98.5%, 5ms/99.1%, 10ms/99.4%, 20ms/99.6%, 50ms/99.6%, 100ms/99.7%
[2026-06-17T10:07:40.866+0800][4.173s][info][gc,marking  ] GC(153) Y: Mark: 1 stripe(s), 1 proactive flush(es), 1 terminate flush(es), 0 completion(s), 0 continuation(s) 
[2026-06-17T10:07:40.866+0800][4.173s][info][gc,nmethod  ] GC(153) Y: NMethods: 72 registered, 6 unregistered
[2026-06-17T10:07:40.866+0800][4.173s][info][gc,metaspace] GC(153) Y: Metaspace: 0M used, 0M committed, 1088M reserved
[2026-06-17T10:07:40.866+0800][4.173s][info][gc,reloc    ] GC(153) Y:                        Candidates     Selected     In-Place         Size        Empty    Relocated 
[2026-06-17T10:07:40.866+0800][4.173s][info][gc,reloc    ] GC(153) Y: Small Pages:                    1            0            0           2M           0M           0M 
[2026-06-17T10:07:40.866+0800][4.173s][info][gc,reloc    ] GC(153) Y: Large Pages:                    0            0            0           0M           0M           0M 
[2026-06-17T10:07:40.866+0800][4.174s][info][gc,reloc    ] GC(153) Y: Forwarding Usage: 0M
[2026-06-17T10:07:40.866+0800][4.174s][info][gc,reloc    ] GC(153) Y: Age Table:
[2026-06-17T10:07:40.866+0800][4.174s][info][gc,reloc    ] GC(153) Y:                    Live             Garbage             Small              Medium             Large        
[2026-06-17T10:07:40.866+0800][4.174s][info][gc,reloc    ] GC(153) Y: Eden                -                 0M (0%)           0 / 0              0 / 0              0 / 0        
[2026-06-17T10:07:40.866+0800][4.174s][info][gc,reloc    ] GC(153) Y: Survivor 1         0M (1%)            1M (3%)           1 / 0              0 / 0              0 / 0        
[2026-06-17T10:07:40.866+0800][4.174s][info][gc,heap     ] GC(153) Y: Min Capacity: 64M(100%)
[2026-06-17T10:07:40.867+0800][4.174s][info][gc,heap     ] GC(153) Y: Max Capacity: 64M(100%)
[2026-06-17T10:07:40.867+0800][4.174s][info][gc,heap     ] GC(153) Y: Soft Max Capacity: 64M(100%)
[2026-06-17T10:07:40.867+0800][4.174s][info][gc,heap     ] GC(153) Y: Heap Statistics:
[2026-06-17T10:07:40.867+0800][4.174s][info][gc,heap     ] GC(153) Y:                Mark Start          Mark End        Relocate Start      Relocate End           High               Low         
[2026-06-17T10:07:40.867+0800][4.174s][info][gc,heap     ] GC(153) Y:  Capacity:       64M (100%)         64M (100%)         64M (100%)         64M (100%)         64M (100%)         64M (100%)   
[2026-06-17T10:07:40.867+0800][4.174s][info][gc,heap     ] GC(153) Y:      Free:        0M (0%)            0M (0%)            0M (0%)            0M (0%)            0M (0%)            0M (0%)     
[2026-06-17T10:07:40.867+0800][4.174s][info][gc,heap     ] GC(153) Y:      Used:       64M (100%)         64M (100%)         64M (100%)         64M (100%)         64M (100%)         64M (100%)   
[2026-06-17T10:07:40.867+0800][4.174s][info][gc,heap     ] GC(153) Y: Young Generation Statistics:
[2026-06-17T10:07:40.867+0800][4.174s][info][gc,heap     ] GC(153) Y:                Mark Start          Mark End        Relocate Start      Relocate End    
[2026-06-17T10:07:40.867+0800][4.175s][info][gc,heap     ] GC(153) Y:      Used:        2M (3%)            2M (3%)            0M (0%)            0M (0%)     
[2026-06-17T10:07:40.867+0800][4.175s][info][gc,heap     ] GC(153) Y:      Live:         -                 0M (1%)            0M (0%)            0M (0%)     
[2026-06-17T10:07:40.867+0800][4.175s][info][gc,heap     ] GC(153) Y:   Garbage:         -                 1M (3%)            0M (0%)            0M (0%)     
[2026-06-17T10:07:40.867+0800][4.175s][info][gc,heap     ] GC(153) Y: Allocated:         -                 0M (0%)            0M (0%)            0M (0%)     
[2026-06-17T10:07:40.868+0800][4.175s][info][gc,heap     ] GC(153) Y: Reclaimed:         -                  -                 1M (3%)            1M (3%)     
[2026-06-17T10:07:40.868+0800][4.175s][info][gc,heap     ] GC(153) Y:  Promoted:         -                  -                 0M (1%)            0M (1%)     
[2026-06-17T10:07:40.868+0800][4.175s][info][gc,heap     ] GC(153) Y: Compacted:         -                  -                  -                 0M (0%)     
[2026-06-17T10:07:40.868+0800][4.175s][info][gc,phases   ] GC(153) Y: Young Generation (Promote All) 64M(100%)->64M(100%) 0.002s
[2026-06-17T10:07:40.868+0800][4.175s][info][gc,phases   ] GC(153) Y: Young Generation (Collect Roots)
[2026-06-17T10:07:40.868+0800][4.175s][info][gc,phases   ] GC(153) Y: Pause Mark Start (Major) 0.005ms
[2026-06-17T10:07:40.869+0800][4.176s][info][gc,phases   ] GC(153) Y: Concurrent Mark 0.366ms
[2026-06-17T10:07:40.869+0800][4.176s][info][gc,phases   ] GC(153) Y: Pause Mark End 0.004ms
[2026-06-17T10:07:40.869+0800][4.176s][info][gc,phases   ] GC(153) Y: Concurrent Mark Free 0.000ms
[2026-06-17T10:07:40.869+0800][4.176s][info][gc,phases   ] GC(153) Y: Concurrent Reset Relocation Set 0.001ms
[2026-06-17T10:07:40.869+0800][4.176s][info][gc,reloc    ] GC(153) Y: Using tenuring threshold: 0 (Computed)
[2026-06-17T10:07:40.869+0800][4.176s][info][gc,phases   ] GC(153) Y: Concurrent Select Relocation Set 0.175ms
[2026-06-17T10:07:40.869+0800][4.177s][info][gc,phases   ] GC(153) Y: Pause Relocate Start 0.003ms
[2026-06-17T10:07:40.869+0800][4.177s][info][gc,phases   ] GC(153) Y: Concurrent Relocate 0.190ms
[2026-06-17T10:07:40.870+0800][4.177s][info][gc,alloc    ] GC(153) Y:                         Mark Start        Mark End      Relocate Start    Relocate End   
[2026-06-17T10:07:40.870+0800][4.177s][info][gc,alloc    ] GC(153) Y: Allocation Stalls:          1                1                1                1         
[2026-06-17T10:07:40.870+0800][4.178s][info][gc,load     ] GC(153) Y: Load: 0.41 (2%) / 0.44 (2%) / 0.49 (2%)
[2026-06-17T10:07:40.870+0800][4.178s][info][gc,mmu      ] GC(153) Y: MMU: 2ms/98.5%, 5ms/99.1%, 10ms/99.4%, 20ms/99.6%, 50ms/99.6%, 100ms/99.7%
[2026-06-17T10:07:40.870+0800][4.178s][info][gc,marking  ] GC(153) Y: Mark: 1 stripe(s), 1 proactive flush(es), 1 terminate flush(es), 0 completion(s), 0 continuation(s) 
[2026-06-17T10:07:40.871+0800][4.178s][info][gc,nmethod  ] GC(153) Y: NMethods: 72 registered, 6 unregistered
[2026-06-17T10:07:40.871+0800][4.178s][info][gc,metaspace] GC(153) Y: Metaspace: 0M used, 0M committed, 1088M reserved
[2026-06-17T10:07:40.871+0800][4.178s][info][gc,heap     ] GC(153) Y: Min Capacity: 64M(100%)
[2026-06-17T10:07:40.871+0800][4.178s][info][gc,heap     ] GC(153) Y: Max Capacity: 64M(100%)
[2026-06-17T10:07:40.871+0800][4.178s][info][gc,heap     ] GC(153) Y: Soft Max Capacity: 64M(100%)
[2026-06-17T10:07:40.871+0800][4.178s][info][gc,heap     ] GC(153) Y: Heap Statistics:
[2026-06-17T10:07:40.871+0800][4.178s][info][gc,heap     ] GC(153) Y:                Mark Start          Mark End        Relocate Start      Relocate End           High               Low         
[2026-06-17T10:07:40.871+0800][4.179s][info][gc,heap     ] GC(153) Y:  Capacity:       64M (100%)         64M (100%)         64M (100%)         64M (100%)         64M (100%)         64M (100%)   
[2026-06-17T10:07:40.871+0800][4.179s][info][gc,heap     ] GC(153) Y:      Free:        0M (0%)            0M (0%)            0M (0%)            0M (0%)            0M (0%)            0M (0%)     
[2026-06-17T10:07:40.871+0800][4.179s][info][gc,heap     ] GC(153) Y:      Used:       64M (100%)         64M (100%)         64M (100%)         64M (100%)         64M (100%)         64M (100%)   
[2026-06-17T10:07:40.871+0800][4.179s][info][gc,heap     ] GC(153) Y: Young Generation Statistics:
[2026-06-17T10:07:40.871+0800][4.179s][info][gc,heap     ] GC(153) Y:                Mark Start          Mark End        Relocate Start      Relocate End    
[2026-06-17T10:07:40.871+0800][4.179s][info][gc,heap     ] GC(153) Y:      Used:        0M (0%)            0M (0%)            0M (0%)            0M (0%)     
[2026-06-17T10:07:40.872+0800][4.179s][info][gc,heap     ] GC(153) Y:      Live:         -                 0M (0%)            0M (0%)            0M (0%)     
[2026-06-17T10:07:40.872+0800][4.179s][info][gc,heap     ] GC(153) Y:   Garbage:         -                 0M (0%)            0M (0%)            0M (0%)     
[2026-06-17T10:07:40.872+0800][4.179s][info][gc,heap     ] GC(153) Y: Allocated:         -                 0M (0%)            0M (0%)            0M (0%)     
[2026-06-17T10:07:40.872+0800][4.179s][info][gc,heap     ] GC(153) Y: Reclaimed:         -                  -                 0M (0%)            0M (0%)     
[2026-06-17T10:07:40.872+0800][4.179s][info][gc,heap     ] GC(153) Y:  Promoted:         -                  -                 0M (0%)            0M (0%)     
[2026-06-17T10:07:40.872+0800][4.179s][info][gc,heap     ] GC(153) Y: Compacted:         -                  -                  -                 0M (0%)     
[2026-06-17T10:07:40.872+0800][4.179s][info][gc,phases   ] GC(153) Y: Young Generation (Collect Roots) 64M(100%)->64M(100%) 0.002s
[2026-06-17T10:07:40.872+0800][4.179s][info][gc,phases   ] GC(153) O: Old Generation
[2026-06-17T10:07:40.873+0800][4.181s][info][gc,phases   ] GC(153) O: Concurrent Mark 1.031ms
[2026-06-17T10:07:40.873+0800][4.181s][info][gc,phases   ] GC(153) O: Pause Mark End 0.005ms
[2026-06-17T10:07:40.873+0800][4.181s][info][gc,phases   ] GC(153) O: Concurrent Mark Free 0.000ms
[2026-06-17T10:07:40.874+0800][4.181s][info][gc,ref      ] GC(153) O: Clearing All SoftReferences
[2026-06-17T10:07:40.874+0800][4.181s][info][gc,phases   ] GC(153) O: Concurrent Process Non-Strong 0.334ms
[2026-06-17T10:07:40.874+0800][4.181s][info][gc,phases   ] GC(153) O: Concurrent Reset Relocation Set 0.001ms
[2026-06-17T10:07:40.874+0800][4.182s][info][gc,phases   ] GC(153) O: Concurrent Select Relocation Set 0.040ms
[2026-06-17T10:07:40.874+0800][4.182s][info][gc,task     ] GC(153) O: Using 1 Workers for Old Generation
[2026-06-17T10:07:40.874+0800][4.182s][info][gc,task     ] GC(153) O: Using 1 Workers for Old Generation
[2026-06-17T10:07:40.875+0800][4.182s][info][gc,phases   ] GC(153) O: Concurrent Remap Roots 0.328ms
[2026-06-17T10:07:40.875+0800][4.182s][info][gc,phases   ] GC(153) O: Pause Relocate Start 0.004ms
[2026-06-17T10:07:40.875+0800][4.183s][info][gc          ] Allocation Stall (main) 18.298ms
[2026-06-17T10:07:40.875+0800][4.183s][info][gc,phases   ] GC(153) O: Concurrent Relocate 0.601ms
[2026-06-17T10:07:40.875+0800][4.183s][info][gc          ] GC(154) Minor Collection (Allocation Stall)
[2026-06-17T10:07:40.876+0800][4.183s][info][gc,task     ] GC(154) Using 1 Workers for Young Generation
[2026-06-17T10:07:40.876+0800][4.183s][info][gc,phases   ] GC(154) y: Young Generation
[2026-06-17T10:07:40.876+0800][4.183s][info][gc,phases   ] GC(154) y: Pause Mark Start 0.005ms
[2026-06-17T10:07:40.876+0800][4.184s][info][gc,phases   ] GC(154) y: Concurrent Mark 0.325ms
[2026-06-17T10:07:40.877+0800][4.184s][info][gc,phases   ] GC(154) y: Pause Mark End 0.003ms
[2026-06-17T10:07:40.877+0800][4.184s][info][gc,phases   ] GC(154) y: Concurrent Mark Free 0.001ms
[2026-06-17T10:07:40.877+0800][4.185s][info][gc,phases   ] GC(154) y: Concurrent Reset Relocation Set 0.001ms
[2026-06-17T10:07:40.877+0800][4.185s][info][gc,reloc    ] GC(154) y: Using tenuring threshold: 1 (Computed)
[2026-06-17T10:07:40.878+0800][4.185s][info][gc,phases   ] GC(154) y: Concurrent Select Relocation Set 0.261ms
[2026-06-17T10:07:40.878+0800][4.185s][info][gc,phases   ] GC(154) y: Pause Relocate Start 0.004ms
[2026-06-17T10:07:40.878+0800][4.185s][info][gc,phases   ] GC(154) y: Concurrent Relocate 0.081ms
[2026-06-17T10:07:40.878+0800][4.185s][info][gc,alloc    ] GC(154) y:                         Mark Start        Mark End      Relocate Start    Relocate End   
[2026-06-17T10:07:40.878+0800][4.185s][info][gc,alloc    ] GC(154) y: Allocation Stalls:          1                1                1                1         
[2026-06-17T10:07:40.878+0800][4.186s][info][gc,load     ] GC(154) y: Load: 0.41 (2%) / 0.44 (2%) / 0.49 (2%)
[2026-06-17T10:07:40.878+0800][4.186s][info][gc,mmu      ] GC(154) y: MMU: 2ms/98.5%, 5ms/99.1%, 10ms/99.4%, 20ms/99.6%, 50ms/99.6%, 100ms/99.7%
[2026-06-17T10:07:40.878+0800][4.186s][info][gc,marking  ] GC(154) y: Mark: 1 stripe(s), 1 proactive flush(es), 1 terminate flush(es), 0 completion(s), 0 continuation(s) 
[2026-06-17T10:07:40.878+0800][4.186s][info][gc,nmethod  ] GC(154) y: NMethods: 72 registered, 6 unregistered
[2026-06-17T10:07:40.878+0800][4.186s][info][gc,metaspace] GC(154) y: Metaspace: 0M used, 0M committed, 1088M reserved
[2026-06-17T10:07:40.879+0800][4.186s][info][gc,reloc    ] GC(154) y:                        Candidates     Selected     In-Place         Size        Empty    Relocated 
[2026-06-17T10:07:40.879+0800][4.186s][info][gc,reloc    ] GC(154) y: Small Pages:                    0            0            0           0M           0M           0M 
[2026-06-17T10:07:40.879+0800][4.186s][info][gc,reloc    ] GC(154) y: Large Pages:                    1            0            0           2M           0M           0M 
[2026-06-17T10:07:40.879+0800][4.186s][info][gc,reloc    ] GC(154) y: Forwarding Usage: 0M
[2026-06-17T10:07:40.879+0800][4.186s][info][gc,reloc    ] GC(154) y: Age Table:
[2026-06-17T10:07:40.879+0800][4.186s][info][gc,reloc    ] GC(154) y:                    Live             Garbage             Small              Medium             Large        
[2026-06-17T10:07:40.879+0800][4.186s][info][gc,reloc    ] GC(154) y: Eden               2M (3%)            0M (0%)           0 / 0              0 / 0              1 / 0        
[2026-06-17T10:07:40.879+0800][4.186s][info][gc,heap     ] GC(154) y: Min Capacity: 64M(100%)
[2026-06-17T10:07:40.879+0800][4.186s][info][gc,heap     ] GC(154) y: Max Capacity: 64M(100%)
[2026-06-17T10:07:40.879+0800][4.187s][info][gc,heap     ] GC(154) y: Soft Max Capacity: 64M(100%)
[2026-06-17T10:07:40.879+0800][4.187s][info][gc,heap     ] GC(154) y: Heap Statistics:
[2026-06-17T10:07:40.879+0800][4.187s][info][gc,heap     ] GC(154) y:                Mark Start          Mark End        Relocate Start      Relocate End           High               Low         
[2026-06-17T10:07:40.879+0800][4.187s][info][gc,heap     ] GC(154) y:  Capacity:       64M (100%)         64M (100%)         64M (100%)         64M (100%)         64M (100%)         64M (100%)   
[2026-06-17T10:07:40.879+0800][4.187s][info][gc,heap     ] GC(154) y:      Free:        0M (0%)            0M (0%)            0M (0%)            0M (0%)            0M (0%)            0M (0%)     
[2026-06-17T10:07:40.879+0800][4.187s][info][gc,heap     ] GC(154) y:      Used:       64M (100%)         64M (100%)         64M (100%)         64M (100%)         64M (100%)         64M (100%)   
[2026-06-17T10:07:40.879+0800][4.187s][info][gc,heap     ] GC(154) y: Young Generation Statistics:
[2026-06-17T10:07:40.880+0800][4.187s][info][gc,heap     ] GC(154) y:                Mark Start          Mark End        Relocate Start      Relocate End    
[2026-06-17T10:07:40.880+0800][4.187s][info][gc,heap     ] GC(154) y:      Used:        2M (3%)            2M (3%)            2M (3%)            2M (3%)     
[2026-06-17T10:07:40.880+0800][4.187s][info][gc,heap     ] GC(154) y:      Live:         -                 2M (3%)            2M (3%)            2M (3%)     
[2026-06-17T10:07:40.880+0800][4.187s][info][gc,heap     ] GC(154) y:   Garbage:         -                 0M (0%)            0M (0%)            0M (0%)     
[2026-06-17T10:07:40.880+0800][4.187s][info][gc,heap     ] GC(154) y: Allocated:         -                 0M (0%)            0M (0%)            0M (0%)     
[2026-06-17T10:07:40.880+0800][4.187s][info][gc,heap     ] GC(154) y: Reclaimed:         -                  -                 0M (0%)            0M (0%)     
[2026-06-17T10:07:40.880+0800][4.187s][info][gc,heap     ] GC(154) y:  Promoted:         -                  -                 0M (0%)            0M (0%)     
[2026-06-17T10:07:40.880+0800][4.188s][info][gc,heap     ] GC(154) y: Compacted:         -                  -                  -                 0M (0%)     
[2026-06-17T10:07:40.880+0800][4.188s][info][gc,phases   ] GC(154) y: Young Generation 64M(100%)->64M(100%) 0.002s
[2026-06-17T10:07:40.880+0800][4.188s][info][gc          ] GC(154) Minor Collection (Allocation Stall) 64M(100%)->64M(100%) 0.005s
[2026-06-17T10:07:40.880+0800][4.188s][info][gc,alloc    ] GC(153) O:                         Mark Start        Mark End      Relocate Start    Relocate End   
[2026-06-17T10:07:40.881+0800][4.188s][info][gc,alloc    ] GC(153) O: Allocation Stalls:          1                1                1                0         
[2026-06-17T10:07:40.881+0800][4.188s][info][gc,load     ] GC(153) O: Load: 0.41 (2%) / 0.44 (2%) / 0.49 (2%)
[2026-06-17T10:07:40.881+0800][4.188s][info][gc,mmu      ] GC(153) O: MMU: 2ms/98.5%, 5ms/99.1%, 10ms/99.4%, 20ms/99.6%, 50ms/99.6%, 100ms/99.7%
[2026-06-17T10:07:40.881+0800][4.188s][info][gc,marking  ] GC(153) O: Mark: 1 stripe(s), 1 proactive flush(es), 1 terminate flush(es), 0 completion(s), 0 continuation(s) 
[2026-06-17T10:07:40.881+0800][4.188s][info][gc,nmethod  ] GC(153) O: NMethods: 72 registered, 6 unregistered
[2026-06-17T10:07:40.881+0800][4.188s][info][gc,metaspace] GC(153) O: Metaspace: 0M used, 0M committed, 1088M reserved
[2026-06-17T10:07:40.881+0800][4.188s][info][gc,ref      ] GC(153) O:                       Encountered   Discovered     Enqueued 
[2026-06-17T10:07:40.881+0800][4.188s][info][gc,ref      ] GC(153) O: Soft References:                0            0            0 
[2026-06-17T10:07:40.881+0800][4.189s][info][gc,ref      ] GC(153) O: Weak References:                6            0            0 
[2026-06-17T10:07:40.881+0800][4.189s][info][gc,ref      ] GC(153) O: Final References:               0            0            0 
[2026-06-17T10:07:40.881+0800][4.189s][info][gc,ref      ] GC(153) O: Phantom References:             1            1            0 
[2026-06-17T10:07:40.881+0800][4.189s][info][gc,reloc    ] GC(153) O:                        Candidates     Selected     In-Place         Size        Empty    Relocated 
[2026-06-17T10:07:40.881+0800][4.189s][info][gc,reloc    ] GC(153) O: Small Pages:                    5            1            2          10M           0M           1M 
[2026-06-17T10:07:40.881+0800][4.189s][info][gc,reloc    ] GC(153) O: Large Pages:                   27            0            0          54M           0M           0M 
[2026-06-17T10:07:40.882+0800][4.189s][info][gc,reloc    ] GC(153) O: Forwarding Usage: 0M
[2026-06-17T10:07:40.882+0800][4.189s][info][gc,heap     ] GC(153) O: Min Capacity: 64M(100%)
[2026-06-17T10:07:40.882+0800][4.189s][info][gc,heap     ] GC(153) O: Max Capacity: 64M(100%)
[2026-06-17T10:07:40.882+0800][4.189s][info][gc,heap     ] GC(153) O: Soft Max Capacity: 64M(100%)
[2026-06-17T10:07:40.882+0800][4.189s][info][gc,heap     ] GC(153) O: Heap Statistics:
[2026-06-17T10:07:40.882+0800][4.189s][info][gc,heap     ] GC(153) O:                Mark Start          Mark End        Relocate Start      Relocate End           High               Low         
[2026-06-17T10:07:40.882+0800][4.189s][info][gc,heap     ] GC(153) O:  Capacity:       64M (100%)         64M (100%)         64M (100%)         64M (100%)         64M (100%)         64M (100%)   
[2026-06-17T10:07:40.882+0800][4.190s][info][gc,heap     ] GC(153) O:      Free:        0M (0%)            0M (0%)            0M (0%)            0M (0%)            2M (3%)            0M (0%)     
[2026-06-17T10:07:40.882+0800][4.190s][info][gc,heap     ] GC(153) O:      Used:       64M (100%)         64M (100%)         64M (100%)         64M (100%)         64M (100%)         62M (97%)    
[2026-06-17T10:07:40.882+0800][4.190s][info][gc,heap     ] GC(153) O: Old Generation Statistics:
[2026-06-17T10:07:40.882+0800][4.190s][info][gc,heap     ] GC(153) O:                Mark Start          Mark End        Relocate Start      Relocate End    
[2026-06-17T10:07:40.883+0800][4.190s][info][gc,heap     ] GC(153) O:      Used:       64M (100%)         64M (100%)         64M (100%)         62M (97%)    
[2026-06-17T10:07:40.883+0800][4.190s][info][gc,heap     ] GC(153) O:      Live:         -                60M (95%)          60M (95%)          60M (95%)    
[2026-06-17T10:07:40.883+0800][4.190s][info][gc,heap     ] GC(153) O:   Garbage:         -                 3M (5%)            3M (5%)            0M (1%)     
[2026-06-17T10:07:40.883+0800][4.190s][info][gc,heap     ] GC(153) O: Allocated:         -                 0M (0%)            0M (0%)            0M (1%)     
[2026-06-17T10:07:40.883+0800][4.190s][info][gc,heap     ] GC(153) O: Reclaimed:         -                  -                 0M (0%)            2M (4%)     
[2026-06-17T10:07:40.883+0800][4.190s][info][gc,heap     ] GC(153) O: Compacted:         -                  -                  -                 3M (5%)     
[2026-06-17T10:07:40.883+0800][4.190s][info][gc,phases   ] GC(153) O: Old Generation 64M(100%)->64M(100%) 0.008s
[2026-06-17T10:07:40.883+0800][4.191s][info][gc          ] GC(153) Major Collection (Allocation Stall) 64M(100%)->64M(100%) 0.019s
[2026-06-17T10:07:40.883+0800][4.191s][info][gc          ] GC(155) Major Collection (Allocation Stall)
[2026-06-17T10:07:40.883+0800][4.191s][info][gc,task     ] GC(155) Using 1 Workers for Young Generation
[2026-06-17T10:07:40.883+0800][4.191s][info][gc,task     ] GC(155) Using 1 Workers for Old Generation
[2026-06-17T10:07:40.883+0800][4.191s][info][gc,phases   ] GC(155) Y: Young Generation (Promote All)
[2026-06-17T10:07:40.884+0800][4.191s][info][gc,phases   ] GC(155) Y: Pause Mark Start 0.006ms
[2026-06-17T10:07:40.884+0800][4.191s][info][gc,phases   ] GC(155) Y: Concurrent Mark 0.382ms
[2026-06-17T10:07:40.884+0800][4.192s][info][gc,phases   ] GC(155) Y: Pause Mark End 0.004ms
[2026-06-17T10:07:40.884+0800][4.192s][info][gc,phases   ] GC(155) Y: Concurrent Mark Free 0.000ms
[2026-06-17T10:07:40.884+0800][4.192s][info][gc,phases   ] GC(155) Y: Concurrent Reset Relocation Set 0.000ms
[2026-06-17T10:07:40.884+0800][4.192s][info][gc,reloc    ] GC(155) Y: Using tenuring threshold: 0 (Promote All)
[2026-06-17T10:07:40.885+0800][4.192s][info][gc,phases   ] GC(155) Y: Concurrent Select Relocation Set 0.188ms
[2026-06-17T10:07:40.885+0800][4.192s][info][gc,phases   ] GC(155) Y: Pause Relocate Start 0.003ms
[2026-06-17T10:07:40.885+0800][4.192s][info][gc,phases   ] GC(155) Y: Concurrent Relocate 0.080ms
[2026-06-17T10:07:40.885+0800][4.192s][info][gc,alloc    ] GC(155) Y:                         Mark Start        Mark End      Relocate Start    Relocate End   
[2026-06-17T10:07:40.885+0800][4.192s][info][gc,alloc    ] GC(155) Y: Allocation Stalls:          1                1                1                1         
[2026-06-17T10:07:40.885+0800][4.193s][info][gc,load     ] GC(155) Y: Load: 0.41 (2%) / 0.44 (2%) / 0.49 (2%)
[2026-06-17T10:07:40.885+0800][4.193s][info][gc,mmu      ] GC(155) Y: MMU: 2ms/98.5%, 5ms/99.1%, 10ms/99.4%, 20ms/99.6%, 50ms/99.6%, 100ms/99.7%
[2026-06-17T10:07:40.885+0800][4.193s][info][gc,marking  ] GC(155) Y: Mark: 1 stripe(s), 1 proactive flush(es), 1 terminate flush(es), 0 completion(s), 0 continuation(s) 
[2026-06-17T10:07:40.885+0800][4.193s][info][gc,nmethod  ] GC(155) Y: NMethods: 72 registered, 6 unregistered
[2026-06-17T10:07:40.885+0800][4.193s][info][gc,metaspace] GC(155) Y: Metaspace: 0M used, 0M committed, 1088M reserved
[2026-06-17T10:07:40.885+0800][4.193s][info][gc,reloc    ] GC(155) Y:                        Candidates     Selected     In-Place         Size        Empty    Relocated 
[2026-06-17T10:07:40.886+0800][4.193s][info][gc,reloc    ] GC(155) Y: Small Pages:                    0            0            0           0M           0M           0M 
[2026-06-17T10:07:40.886+0800][4.193s][info][gc,reloc    ] GC(155) Y: Large Pages:                    1            0            0           2M           0M           0M 
[2026-06-17T10:07:40.886+0800][4.193s][info][gc,reloc    ] GC(155) Y: Forwarding Usage: 0M
[2026-06-17T10:07:40.886+0800][4.193s][info][gc,reloc    ] GC(155) Y: Age Table:
[2026-06-17T10:07:40.886+0800][4.194s][info][gc,reloc    ] GC(155) Y:                    Live             Garbage             Small              Medium             Large        
[2026-06-17T10:07:40.886+0800][4.194s][info][gc,reloc    ] GC(155) Y: Eden                -                 0M (0%)           0 / 0              0 / 0              0 / 0        
[2026-06-17T10:07:40.886+0800][4.194s][info][gc,reloc    ] GC(155) Y: Survivor 1         2M (3%)            0M (0%)           0 / 0              0 / 0              1 / 0        
[2026-06-17T10:07:40.886+0800][4.194s][info][gc,heap     ] GC(155) Y: Min Capacity: 64M(100%)
[2026-06-17T10:07:40.886+0800][4.194s][info][gc,heap     ] GC(155) Y: Max Capacity: 64M(100%)
[2026-06-17T10:07:40.887+0800][4.194s][info][gc,heap     ] GC(155) Y: Soft Max Capacity: 64M(100%)
[2026-06-17T10:07:40.887+0800][4.194s][info][gc,heap     ] GC(155) Y: Heap Statistics:
[2026-06-17T10:07:40.887+0800][4.194s][info][gc,heap     ] GC(155) Y:                Mark Start          Mark End        Relocate Start      Relocate End           High               Low         
[2026-06-17T10:07:40.887+0800][4.194s][info][gc,heap     ] GC(155) Y:  Capacity:       64M (100%)         64M (100%)         64M (100%)         64M (100%)         64M (100%)         64M (100%)   
[2026-06-17T10:07:40.887+0800][4.194s][info][gc,heap     ] GC(155) Y:      Free:        0M (0%)            0M (0%)            0M (0%)            0M (0%)            0M (0%)            0M (0%)     
[2026-06-17T10:07:40.887+0800][4.194s][info][gc,heap     ] GC(155) Y:      Used:       64M (100%)         64M (100%)         64M (100%)         64M (100%)         64M (100%)         64M (100%)   
[2026-06-17T10:07:40.887+0800][4.194s][info][gc,heap     ] GC(155) Y: Young Generation Statistics:
[2026-06-17T10:07:40.887+0800][4.195s][info][gc,heap     ] GC(155) Y:                Mark Start          Mark End        Relocate Start      Relocate End    
[2026-06-17T10:07:40.887+0800][4.195s][info][gc,heap     ] GC(155) Y:      Used:        2M (3%)            2M (3%)            0M (0%)            0M (0%)     
[2026-06-17T10:07:40.887+0800][4.195s][info][gc,heap     ] GC(155) Y:      Live:         -                 2M (3%)            0M (0%)            0M (0%)     
[2026-06-17T10:07:40.887+0800][4.195s][info][gc,heap     ] GC(155) Y:   Garbage:         -                 0M (0%)            0M (0%)            0M (0%)     
[2026-06-17T10:07:40.887+0800][4.195s][info][gc,heap     ] GC(155) Y: Allocated:         -                 0M (0%)            0M (0%)            0M (0%)     
[2026-06-17T10:07:40.887+0800][4.195s][info][gc,heap     ] GC(155) Y: Reclaimed:         -                  -                 0M (0%)            0M (0%)     
[2026-06-17T10:07:40.888+0800][4.195s][info][gc,heap     ] GC(155) Y:  Promoted:         -                  -                 2M (3%)            2M (3%)     
[2026-06-17T10:07:40.888+0800][4.195s][info][gc,heap     ] GC(155) Y: Compacted:         -                  -                  -                 0M (0%)     
[2026-06-17T10:07:40.888+0800][4.195s][info][gc,phases   ] GC(155) Y: Young Generation (Promote All) 64M(100%)->64M(100%) 0.002s
[2026-06-17T10:07:40.888+0800][4.195s][info][gc,phases   ] GC(155) Y: Young Generation (Collect Roots)
[2026-06-17T10:07:40.888+0800][4.195s][info][gc,phases   ] GC(155) Y: Pause Mark Start (Major) 0.006ms
[2026-06-17T10:07:40.888+0800][4.196s][info][gc,phases   ] GC(155) Y: Concurrent Mark 0.313ms
[2026-06-17T10:07:40.888+0800][4.196s][info][gc,phases   ] GC(155) Y: Pause Mark End 0.003ms
[2026-06-17T10:07:40.888+0800][4.196s][info][gc,phases   ] GC(155) Y: Concurrent Mark Free 0.000ms
[2026-06-17T10:07:40.889+0800][4.196s][info][gc,phases   ] GC(155) Y: Concurrent Reset Relocation Set 0.001ms
[2026-06-17T10:07:40.889+0800][4.196s][info][gc,reloc    ] GC(155) Y: Using tenuring threshold: 0 (Computed)
[2026-06-17T10:07:40.889+0800][4.197s][info][gc,phases   ] GC(155) Y: Concurrent Select Relocation Set 0.437ms
[2026-06-17T10:07:40.889+0800][4.197s][info][gc,phases   ] GC(155) Y: Pause Relocate Start 0.005ms
[2026-06-17T10:07:40.890+0800][4.197s][info][gc,phases   ] GC(155) Y: Concurrent Relocate 0.080ms
[2026-06-17T10:07:40.890+0800][4.197s][info][gc,alloc    ] GC(155) Y:                         Mark Start        Mark End      Relocate Start    Relocate End   
[2026-06-17T10:07:40.890+0800][4.197s][info][gc,alloc    ] GC(155) Y: Allocation Stalls:          1                1                1                1         
[2026-06-17T10:07:40.890+0800][4.197s][info][gc,load     ] GC(155) Y: Load: 0.41 (2%) / 0.44 (2%) / 0.49 (2%)
[2026-06-17T10:07:40.890+0800][4.197s][info][gc,mmu      ] GC(155) Y: MMU: 2ms/98.5%, 5ms/99.1%, 10ms/99.4%, 20ms/99.6%, 50ms/99.6%, 100ms/99.7%
[2026-06-17T10:07:40.890+0800][4.197s][info][gc,marking  ] GC(155) Y: Mark: 1 stripe(s), 1 proactive flush(es), 1 terminate flush(es), 0 completion(s), 0 continuation(s) 
[2026-06-17T10:07:40.890+0800][4.197s][info][gc,nmethod  ] GC(155) Y: NMethods: 72 registered, 6 unregistered
[2026-06-17T10:07:40.890+0800][4.197s][info][gc,metaspace] GC(155) Y: Metaspace: 0M used, 0M committed, 1088M reserved
[2026-06-17T10:07:40.890+0800][4.198s][info][gc,heap     ] GC(155) Y: Min Capacity: 64M(100%)
[2026-06-17T10:07:40.890+0800][4.198s][info][gc,heap     ] GC(155) Y: Max Capacity: 64M(100%)
[2026-06-17T10:07:40.890+0800][4.198s][info][gc,heap     ] GC(155) Y: Soft Max Capacity: 64M(100%)
[2026-06-17T10:07:40.890+0800][4.198s][info][gc,heap     ] GC(155) Y: Heap Statistics:
[2026-06-17T10:07:40.890+0800][4.198s][info][gc,heap     ] GC(155) Y:                Mark Start          Mark End        Relocate Start      Relocate End           High               Low         
[2026-06-17T10:07:40.891+0800][4.198s][info][gc,heap     ] GC(155) Y:  Capacity:       64M (100%)         64M (100%)         64M (100%)         64M (100%)         64M (100%)         64M (100%)   
[2026-06-17T10:07:40.891+0800][4.198s][info][gc,heap     ] GC(155) Y:      Free:        0M (0%)            0M (0%)            0M (0%)            0M (0%)            0M (0%)            0M (0%)     
[2026-06-17T10:07:40.891+0800][4.198s][info][gc,heap     ] GC(155) Y:      Used:       64M (100%)         64M (100%)         64M (100%)         64M (100%)         64M (100%)         64M (100%)   
[2026-06-17T10:07:40.891+0800][4.198s][info][gc,heap     ] GC(155) Y: Young Generation Statistics:
[2026-06-17T10:07:40.891+0800][4.198s][info][gc,heap     ] GC(155) Y:                Mark Start          Mark End        Relocate Start      Relocate End    
[2026-06-17T10:07:40.891+0800][4.198s][info][gc,heap     ] GC(155) Y:      Used:        0M (0%)            0M (0%)            0M (0%)            0M (0%)     
[2026-06-17T10:07:40.891+0800][4.198s][info][gc,heap     ] GC(155) Y:      Live:         -                 0M (0%)            0M (0%)            0M (0%)     
[2026-06-17T10:07:40.891+0800][4.199s][info][gc,heap     ] GC(155) Y:   Garbage:         -                 0M (0%)            0M (0%)            0M (0%)     
[2026-06-17T10:07:40.891+0800][4.199s][info][gc,heap     ] GC(155) Y: Allocated:         -                 0M (0%)            0M (0%)            0M (0%)     
[2026-06-17T10:07:40.891+0800][4.199s][info][gc,heap     ] GC(155) Y: Reclaimed:         -                  -                 0M (0%)            0M (0%)     
[2026-06-17T10:07:40.891+0800][4.199s][info][gc,heap     ] GC(155) Y:  Promoted:         -                  -                 0M (0%)            0M (0%)     
[2026-06-17T10:07:40.892+0800][4.199s][info][gc,heap     ] GC(155) Y: Compacted:         -                  -                  -                 0M (0%)     
[2026-06-17T10:07:40.892+0800][4.199s][info][gc,phases   ] GC(155) Y: Young Generation (Collect Roots) 64M(100%)->64M(100%) 0.002s
[2026-06-17T10:07:40.892+0800][4.199s][info][gc,phases   ] GC(155) O: Old Generation
[2026-06-17T10:07:40.893+0800][4.200s][info][gc,phases   ] GC(155) O: Concurrent Mark 1.053ms
[2026-06-17T10:07:40.893+0800][4.200s][info][gc,phases   ] GC(155) O: Pause Mark End 0.006ms
[2026-06-17T10:07:40.893+0800][4.201s][info][gc,phases   ] GC(155) O: Concurrent Mark Free 0.000ms
[2026-06-17T10:07:40.893+0800][4.201s][info][gc,ref      ] GC(155) O: Clearing All SoftReferences
[2026-06-17T10:07:40.894+0800][4.201s][info][gc,phases   ] GC(155) O: Concurrent Process Non-Strong 0.385ms
[2026-06-17T10:07:40.894+0800][4.201s][info][gc,phases   ] GC(155) O: Concurrent Reset Relocation Set 0.002ms
[2026-06-17T10:07:40.894+0800][4.201s][info][gc,phases   ] GC(155) O: Concurrent Select Relocation Set 0.041ms
[2026-06-17T10:07:40.894+0800][4.201s][info][gc,task     ] GC(155) O: Using 1 Workers for Old Generation
[2026-06-17T10:07:40.894+0800][4.202s][info][gc,task     ] GC(155) O: Using 1 Workers for Old Generation
[2026-06-17T10:07:40.895+0800][4.202s][info][gc,phases   ] GC(155) O: Concurrent Remap Roots 0.456ms
[2026-06-17T10:07:40.895+0800][4.202s][info][gc,phases   ] GC(155) O: Pause Relocate Start 0.005ms
[2026-06-17T10:07:40.895+0800][4.202s][info][gc,phases   ] GC(155) O: Concurrent Relocate 0.073ms
[2026-06-17T10:07:40.895+0800][4.203s][info][gc,alloc    ] GC(155) O:                         Mark Start        Mark End      Relocate Start    Relocate End   
[2026-06-17T10:07:40.895+0800][4.203s][info][gc,alloc    ] GC(155) O: Allocation Stalls:          1                1                1                1         
[2026-06-17T10:07:40.895+0800][4.203s][info][gc,load     ] GC(155) O: Load: 0.41 (2%) / 0.44 (2%) / 0.49 (2%)
[2026-06-17T10:07:40.895+0800][4.203s][info][gc,mmu      ] GC(155) O: MMU: 2ms/98.5%, 5ms/99.1%, 10ms/99.4%, 20ms/99.6%, 50ms/99.6%, 100ms/99.7%
[2026-06-17T10:07:40.896+0800][4.203s][info][gc,marking  ] GC(155) O: Mark: 1 stripe(s), 1 proactive flush(es), 1 terminate flush(es), 0 completion(s), 0 continuation(s) 
[2026-06-17T10:07:40.896+0800][4.203s][info][gc,nmethod  ] GC(155) O: NMethods: 72 registered, 6 unregistered
[2026-06-17T10:07:40.896+0800][4.203s][info][gc,metaspace] GC(155) O: Metaspace: 0M used, 0M committed, 1088M reserved
[2026-06-17T10:07:40.896+0800][4.203s][info][gc,ref      ] GC(155) O:                       Encountered   Discovered     Enqueued 
[2026-06-17T10:07:40.896+0800][4.203s][info][gc,ref      ] GC(155) O: Soft References:                0            0            0 
[2026-06-17T10:07:40.896+0800][4.203s][info][gc,ref      ] GC(155) O: Weak References:                6            0            0 
[2026-06-17T10:07:40.896+0800][4.203s][info][gc,ref      ] GC(155) O: Final References:               0            0            0 
[2026-06-17T10:07:40.896+0800][4.204s][info][gc,ref      ] GC(155) O: Phantom References:             1            1            0 
[2026-06-17T10:07:40.896+0800][4.204s][info][gc,reloc    ] GC(155) O:                        Candidates     Selected     In-Place         Size        Empty    Relocated 
[2026-06-17T10:07:40.896+0800][4.204s][info][gc,reloc    ] GC(155) O: Small Pages:                    4            0            0           8M           0M           0M 
[2026-06-17T10:07:40.896+0800][4.204s][info][gc,reloc    ] GC(155) O: Large Pages:                   28            0            0          56M           0M           0M 
[2026-06-17T10:07:40.896+0800][4.204s][info][gc,reloc    ] GC(155) O: Forwarding Usage: 0M
[2026-06-17T10:07:40.896+0800][4.204s][info][gc,heap     ] GC(155) O: Min Capacity: 64M(100%)
[2026-06-17T10:07:40.897+0800][4.204s][info][gc,heap     ] GC(155) O: Max Capacity: 64M(100%)
[2026-06-17T10:07:40.897+0800][4.204s][info][gc,heap     ] GC(155) O: Soft Max Capacity: 64M(100%)
[2026-06-17T10:07:40.897+0800][4.204s][info][gc,heap     ] GC(155) O: Heap Statistics:
[2026-06-17T10:07:40.897+0800][4.204s][info][gc,heap     ] GC(155) O:                Mark Start          Mark End        Relocate Start      Relocate End           High               Low         
[2026-06-17T10:07:40.897+0800][4.204s][info][gc,heap     ] GC(155) O:  Capacity:       64M (100%)         64M (100%)         64M (100%)         64M (100%)         64M (100%)         64M (100%)   
[2026-06-17T10:07:40.897+0800][4.204s][info][gc,heap     ] GC(155) O:      Free:        0M (0%)            0M (0%)            0M (0%)            0M (0%)            0M (0%)            0M (0%)     
[2026-06-17T10:07:40.897+0800][4.204s][info][gc,heap     ] GC(155) O:      Used:       64M (100%)         64M (100%)         64M (100%)         64M (100%)         64M (100%)         64M (100%)   
[2026-06-17T10:07:40.897+0800][4.205s][info][gc,heap     ] GC(155) O: Old Generation Statistics:
[2026-06-17T10:07:40.897+0800][4.205s][info][gc,heap     ] GC(155) O:                Mark Start          Mark End        Relocate Start      Relocate End    
[2026-06-17T10:07:40.897+0800][4.205s][info][gc,heap     ] GC(155) O:      Used:       64M (100%)         64M (100%)         64M (100%)         64M (100%)   
[2026-06-17T10:07:40.897+0800][4.205s][info][gc,heap     ] GC(155) O:      Live:         -                62M (98%)          62M (98%)          62M (98%)    
[2026-06-17T10:07:40.897+0800][4.205s][info][gc,heap     ] GC(155) O:   Garbage:         -                 1M (2%)            1M (2%)            1M (2%)     
[2026-06-17T10:07:40.897+0800][4.205s][info][gc,heap     ] GC(155) O: Allocated:         -                 0M (0%)            0M (0%)            0M (0%)     
[2026-06-17T10:07:40.898+0800][4.205s][info][gc,heap     ] GC(155) O: Reclaimed:         -                  -                 0M (0%)            0M (0%)     
[2026-06-17T10:07:40.898+0800][4.205s][info][gc,heap     ] GC(155) O: Compacted:         -                  -                  -                 0M (0%)     
[2026-06-17T10:07:40.898+0800][4.205s][info][gc,phases   ] GC(155) O: Old Generation 64M(100%)->64M(100%) 0.003s
[2026-06-17T10:07:40.898+0800][4.205s][info][gc          ] GC(155) Major Collection (Allocation Stall) 64M(100%)->64M(100%) 0.015s
[2026-06-17T10:07:40.898+0800][4.205s][info][gc          ] Allocation Stall (main) 22.496ms
[2026-06-17T10:07:40.899+0800][4.206s][info][gc          ] Out Of Memory (main)
[2026-06-17T10:07:40.899+0800][4.206s][info][gc          ] GC(156) Minor Collection (Allocation Stall)
[2026-06-17T10:07:40.899+0800][4.206s][info][gc,task     ] GC(156) Using 1 Workers for Young Generation
[2026-06-17T10:07:40.899+0800][4.206s][info][gc,phases   ] GC(156) y: Young Generation
[2026-06-17T10:07:40.899+0800][4.207s][info][gc,phases   ] GC(156) y: Pause Mark Start 0.007ms
[2026-06-17T10:07:40.900+0800][4.207s][info][gc,phases   ] GC(156) y: Concurrent Mark 0.459ms
[2026-06-17T10:07:40.900+0800][4.207s][info][gc,phases   ] GC(156) y: Pause Mark End 0.005ms
[2026-06-17T10:07:40.900+0800][4.207s][info][gc,phases   ] GC(156) y: Concurrent Mark Free 0.000ms
[2026-06-17T10:07:40.900+0800][4.208s][info][gc,phases   ] GC(156) y: Concurrent Reset Relocation Set 0.000ms
[2026-06-17T10:07:40.900+0800][4.208s][info][gc,reloc    ] GC(156) y: Using tenuring threshold: 0 (Computed)
[2026-06-17T10:07:40.900+0800][4.208s][info][gc,phases   ] GC(156) y: Concurrent Select Relocation Set 0.198ms
[2026-06-17T10:07:40.900+0800][4.208s][info][gc,phases   ] GC(156) y: Pause Relocate Start 0.003ms
[2026-06-17T10:07:40.901+0800][4.208s][info][gc,phases   ] GC(156) y: Concurrent Relocate 0.084ms
[2026-06-17T10:07:40.901+0800][4.208s][info][gc,alloc    ] GC(156) y:                         Mark Start        Mark End      Relocate Start    Relocate End   
[2026-06-17T10:07:40.901+0800][4.208s][info][gc,alloc    ] GC(156) y: Allocation Stalls:          1                1                1                1         
[2026-06-17T10:07:40.901+0800][4.208s][info][gc,load     ] GC(156) y: Load: 0.41 (2%) / 0.44 (2%) / 0.49 (2%)
[2026-06-17T10:07:40.901+0800][4.208s][info][gc,mmu      ] GC(156) y: MMU: 2ms/98.5%, 5ms/99.1%, 10ms/99.4%, 20ms/99.6%, 50ms/99.6%, 100ms/99.7%
[2026-06-17T10:07:40.901+0800][4.208s][info][gc,marking  ] GC(156) y: Mark: 1 stripe(s), 1 proactive flush(es), 1 terminate flush(es), 0 completion(s), 0 continuation(s) 
[2026-06-17T10:07:40.901+0800][4.209s][info][gc,nmethod  ] GC(156) y: NMethods: 72 registered, 6 unregistered
[2026-06-17T10:07:40.901+0800][4.209s][info][gc,metaspace] GC(156) y: Metaspace: 0M used, 0M committed, 1088M reserved
[2026-06-17T10:07:40.901+0800][4.209s][info][gc,heap     ] GC(156) y: Min Capacity: 64M(100%)
[2026-06-17T10:07:40.901+0800][4.209s][info][gc,heap     ] GC(156) y: Max Capacity: 64M(100%)
[2026-06-17T10:07:40.901+0800][4.209s][info][gc,heap     ] GC(156) y: Soft Max Capacity: 64M(100%)
[2026-06-17T10:07:40.901+0800][4.209s][info][gc,heap     ] GC(156) y: Heap Statistics:
[2026-06-17T10:07:40.902+0800][4.209s][info][gc,heap     ] GC(156) y:                Mark Start          Mark End        Relocate Start      Relocate End           High               Low         
[2026-06-17T10:07:40.902+0800][4.209s][info][gc,heap     ] GC(156) y:  Capacity:       64M (100%)         64M (100%)         64M (100%)         64M (100%)         64M (100%)         64M (100%)   
[2026-06-17T10:07:40.902+0800][4.209s][info][gc,heap     ] GC(156) y:      Free:        0M (0%)            0M (0%)            0M (0%)            0M (0%)            0M (0%)            0M (0%)     
[2026-06-17T10:07:40.902+0800][4.209s][info][gc,heap     ] GC(156) y:      Used:       64M (100%)         64M (100%)         64M (100%)         64M (100%)         64M (100%)         64M (100%)   
[2026-06-17T10:07:40.902+0800][4.209s][info][gc,heap     ] GC(156) y: Young Generation Statistics:
[2026-06-17T10:07:40.902+0800][4.209s][info][gc,heap     ] GC(156) y:                Mark Start          Mark End        Relocate Start      Relocate End    
[2026-06-17T10:07:40.902+0800][4.209s][info][gc,heap     ] GC(156) y:      Used:        0M (0%)            0M (0%)            0M (0%)            0M (0%)     
[2026-06-17T10:07:40.902+0800][4.209s][info][gc,heap     ] GC(156) y:      Live:         -                 0M (0%)            0M (0%)            0M (0%)     
[2026-06-17T10:07:40.902+0800][4.209s][info][gc,heap     ] GC(156) y:   Garbage:         -                 0M (0%)            0M (0%)            0M (0%)     
[2026-06-17T10:07:40.902+0800][4.210s][info][gc,heap     ] GC(156) y: Allocated:         -                 0M (0%)            0M (0%)            0M (0%)     
[2026-06-17T10:07:40.903+0800][4.210s][info][gc,heap     ] GC(156) y: Reclaimed:         -                  -                 0M (0%)            0M (0%)     
[2026-06-17T10:07:40.903+0800][4.210s][info][gc,heap     ] GC(156) y:  Promoted:         -                  -                 0M (0%)            0M (0%)     
[2026-06-17T10:07:40.903+0800][4.210s][info][gc,heap     ] GC(156) y: Compacted:         -                  -                  -                 0M (0%)     
[2026-06-17T10:07:40.903+0800][4.211s][info][gc,phases   ] GC(156) y: Young Generation 64M(100%)->64M(100%) 0.002s
[2026-06-17T10:07:40.903+0800][4.211s][info][gc          ] GC(156) Minor Collection (Allocation Stall) 64M(100%)->64M(100%) 0.004s
[2026-06-17T10:07:40.903+0800][4.211s][info][gc          ] GC(157) Major Collection (Allocation Stall)
[2026-06-17T10:07:40.903+0800][4.211s][info][gc,task     ] GC(157) Using 1 Workers for Young Generation
[2026-06-17T10:07:40.903+0800][4.211s][info][gc,task     ] GC(157) Using 1 Workers for Old Generation
[2026-06-17T10:07:40.904+0800][4.211s][info][gc,phases   ] GC(157) Y: Young Generation (Promote All)
[2026-06-17T10:07:40.904+0800][4.211s][info][gc,phases   ] GC(157) Y: Pause Mark Start 0.005ms
[2026-06-17T10:07:40.905+0800][4.212s][info][gc,phases   ] GC(157) Y: Concurrent Mark 0.490ms
[2026-06-17T10:07:40.905+0800][4.212s][info][gc,phases   ] GC(157) Y: Pause Mark End 0.005ms
[2026-06-17T10:07:40.905+0800][4.212s][info][gc,phases   ] GC(157) Y: Concurrent Mark Free 0.000ms
[2026-06-17T10:07:40.905+0800][4.212s][info][gc,phases   ] GC(157) Y: Concurrent Reset Relocation Set 0.000ms
[2026-06-17T10:07:40.905+0800][4.213s][info][gc,reloc    ] GC(157) Y: Using tenuring threshold: 0 (Promote All)
[2026-06-17T10:07:40.905+0800][4.213s][info][gc,phases   ] GC(157) Y: Concurrent Select Relocation Set 0.166ms
[2026-06-17T10:07:40.905+0800][4.213s][info][gc,phases   ] GC(157) Y: Pause Relocate Start 0.004ms
[2026-06-17T10:07:40.906+0800][4.213s][info][gc,phases   ] GC(157) Y: Concurrent Relocate 0.251ms
[2026-06-17T10:07:40.906+0800][4.213s][info][gc,alloc    ] GC(157) Y:                         Mark Start        Mark End      Relocate Start    Relocate End   
[2026-06-17T10:07:40.906+0800][4.213s][info][gc,alloc    ] GC(157) Y: Allocation Stalls:          1                1                1                1         
[2026-06-17T10:07:40.906+0800][4.213s][info][gc,load     ] GC(157) Y: Load: 0.41 (2%) / 0.44 (2%) / 0.49 (2%)
[2026-06-17T10:07:40.906+0800][4.214s][info][gc,mmu      ] GC(157) Y: MMU: 2ms/98.5%, 5ms/99.1%, 10ms/99.4%, 20ms/99.6%, 50ms/99.6%, 100ms/99.7%
[2026-06-17T10:07:40.906+0800][4.214s][info][gc,marking  ] GC(157) Y: Mark: 1 stripe(s), 1 proactive flush(es), 1 terminate flush(es), 0 completion(s), 0 continuation(s) 
[2026-06-17T10:07:40.906+0800][4.214s][info][gc,nmethod  ] GC(157) Y: NMethods: 72 registered, 6 unregistered
[2026-06-17T10:07:40.906+0800][4.214s][info][gc,metaspace] GC(157) Y: Metaspace: 0M used, 0M committed, 1088M reserved
[2026-06-17T10:07:40.906+0800][4.214s][info][gc,heap     ] GC(157) Y: Min Capacity: 64M(100%)
[2026-06-17T10:07:40.906+0800][4.214s][info][gc,heap     ] GC(157) Y: Max Capacity: 64M(100%)
[2026-06-17T10:07:40.907+0800][4.214s][info][gc,heap     ] GC(157) Y: Soft Max Capacity: 64M(100%)
[2026-06-17T10:07:40.907+0800][4.214s][info][gc,heap     ] GC(157) Y: Heap Statistics:
[2026-06-17T10:07:40.907+0800][4.214s][info][gc,heap     ] GC(157) Y:                Mark Start          Mark End        Relocate Start      Relocate End           High               Low         
[2026-06-17T10:07:40.907+0800][4.214s][info][gc,heap     ] GC(157) Y:  Capacity:       64M (100%)         64M (100%)         64M (100%)         64M (100%)         64M (100%)         64M (100%)   
[2026-06-17T10:07:40.907+0800][4.214s][info][gc,heap     ] GC(157) Y:      Free:        0M (0%)            0M (0%)            0M (0%)            0M (0%)            0M (0%)            0M (0%)     
[2026-06-17T10:07:40.907+0800][4.214s][info][gc,heap     ] GC(157) Y:      Used:       64M (100%)         64M (100%)         64M (100%)         64M (100%)         64M (100%)         64M (100%)   
[2026-06-17T10:07:40.907+0800][4.214s][info][gc,heap     ] GC(157) Y: Young Generation Statistics:
[2026-06-17T10:07:40.907+0800][4.214s][info][gc,heap     ] GC(157) Y:                Mark Start          Mark End        Relocate Start      Relocate End    
[2026-06-17T10:07:40.907+0800][4.215s][info][gc,heap     ] GC(157) Y:      Used:        0M (0%)            0M (0%)            0M (0%)            0M (0%)     
[2026-06-17T10:07:40.908+0800][4.215s][info][gc,heap     ] GC(157) Y:      Live:         -                 0M (0%)            0M (0%)            0M (0%)     
[2026-06-17T10:07:40.908+0800][4.215s][info][gc,heap     ] GC(157) Y:   Garbage:         -                 0M (0%)            0M (0%)            0M (0%)     
[2026-06-17T10:07:40.908+0800][4.215s][info][gc,heap     ] GC(157) Y: Allocated:         -                 0M (0%)            0M (0%)            0M (0%)     
[2026-06-17T10:07:40.910+0800][4.217s][info][gc,heap     ] GC(157) Y: Reclaimed:         -                  -                 0M (0%)            0M (0%)     
[2026-06-17T10:07:40.911+0800][4.219s][info][gc,heap     ] GC(157) Y:  Promoted:         -                  -                 0M (0%)            0M (0%)     
[2026-06-17T10:07:40.911+0800][4.219s][info][gc,heap     ] GC(157) Y: Compacted:         -                  -                  -                 0M (0%)     
[2026-06-17T10:07:40.912+0800][4.219s][info][gc,phases   ] GC(157) Y: Young Generation (Promote All) 64M(100%)->64M(100%) 0.002s
[2026-06-17T10:07:40.912+0800][4.219s][info][gc,phases   ] GC(157) Y: Young Generation (Collect Roots)
[2026-06-17T10:07:40.912+0800][4.219s][info][gc,phases   ] GC(157) Y: Pause Mark Start (Major) 0.012ms
[2026-06-17T10:07:40.912+0800][4.220s][info][gc,phases   ] GC(157) Y: Concurrent Mark 0.350ms
[2026-06-17T10:07:40.912+0800][4.220s][info][gc,phases   ] GC(157) Y: Pause Mark End 0.014ms
[2026-06-17T10:07:40.913+0800][4.220s][info][gc,phases   ] GC(157) Y: Concurrent Mark Free 0.001ms
[2026-06-17T10:07:40.913+0800][4.220s][info][gc,phases   ] GC(157) Y: Concurrent Reset Relocation Set 0.001ms
[2026-06-17T10:07:40.913+0800][4.220s][info][gc,reloc    ] GC(157) Y: Using tenuring threshold: 0 (Computed)
[2026-06-17T10:07:40.913+0800][4.221s][info][gc,phases   ] GC(157) Y: Concurrent Select Relocation Set 0.228ms
[2026-06-17T10:07:40.913+0800][4.221s][info][gc,phases   ] GC(157) Y: Pause Relocate Start 0.005ms
[2026-06-17T10:07:40.913+0800][4.221s][info][gc,phases   ] GC(157) Y: Concurrent Relocate 0.104ms
[2026-06-17T10:07:40.914+0800][4.221s][info][gc,alloc    ] GC(157) Y:                         Mark Start        Mark End      Relocate Start    Relocate End   
[2026-06-17T10:07:40.914+0800][4.221s][info][gc,alloc    ] GC(157) Y: Allocation Stalls:          1                1                1                1         
[2026-06-17T10:07:40.914+0800][4.221s][info][gc,load     ] GC(157) Y: Load: 0.41 (2%) / 0.44 (2%) / 0.49 (2%)
[2026-06-17T10:07:40.914+0800][4.221s][info][gc,mmu      ] GC(157) Y: MMU: 2ms/98.5%, 5ms/99.1%, 10ms/99.4%, 20ms/99.6%, 50ms/99.6%, 100ms/99.7%
[2026-06-17T10:07:40.914+0800][4.221s][info][gc,marking  ] GC(157) Y: Mark: 1 stripe(s), 1 proactive flush(es), 1 terminate flush(es), 0 completion(s), 0 continuation(s) 
[2026-06-17T10:07:40.914+0800][4.221s][info][gc,nmethod  ] GC(157) Y: NMethods: 72 registered, 6 unregistered
[2026-06-17T10:07:40.914+0800][4.222s][info][gc,metaspace] GC(157) Y: Metaspace: 0M used, 0M committed, 1088M reserved
[2026-06-17T10:07:40.914+0800][4.222s][info][gc,heap     ] GC(157) Y: Min Capacity: 64M(100%)
[2026-06-17T10:07:40.914+0800][4.222s][info][gc,heap     ] GC(157) Y: Max Capacity: 64M(100%)
[2026-06-17T10:07:40.914+0800][4.222s][info][gc,heap     ] GC(157) Y: Soft Max Capacity: 64M(100%)
[2026-06-17T10:07:40.914+0800][4.222s][info][gc,heap     ] GC(157) Y: Heap Statistics:
[2026-06-17T10:07:40.915+0800][4.222s][info][gc,heap     ] GC(157) Y:                Mark Start          Mark End        Relocate Start      Relocate End           High               Low         
[2026-06-17T10:07:40.915+0800][4.222s][info][gc,heap     ] GC(157) Y:  Capacity:       64M (100%)         64M (100%)         64M (100%)         64M (100%)         64M (100%)         64M (100%)   
[2026-06-17T10:07:40.915+0800][4.222s][info][gc,heap     ] GC(157) Y:      Free:        0M (0%)            0M (0%)            0M (0%)            0M (0%)            0M (0%)            0M (0%)     
[2026-06-17T10:07:40.915+0800][4.222s][info][gc,heap     ] GC(157) Y:      Used:       64M (100%)         64M (100%)         64M (100%)         64M (100%)         64M (100%)         64M (100%)   
[2026-06-17T10:07:40.915+0800][4.222s][info][gc,heap     ] GC(157) Y: Young Generation Statistics:
[2026-06-17T10:07:40.915+0800][4.222s][info][gc,heap     ] GC(157) Y:                Mark Start          Mark End        Relocate Start      Relocate End    
[2026-06-17T10:07:40.915+0800][4.222s][info][gc,heap     ] GC(157) Y:      Used:        0M (0%)            0M (0%)            0M (0%)            0M (0%)     
[2026-06-17T10:07:40.915+0800][4.222s][info][gc,heap     ] GC(157) Y:      Live:         -                 0M (0%)            0M (0%)            0M (0%)     
[2026-06-17T10:07:40.915+0800][4.223s][info][gc,heap     ] GC(157) Y:   Garbage:         -                 0M (0%)            0M (0%)            0M (0%)     
[2026-06-17T10:07:40.915+0800][4.223s][info][gc,heap     ] GC(157) Y: Allocated:         -                 0M (0%)            0M (0%)            0M (0%)     
[2026-06-17T10:07:40.915+0800][4.223s][info][gc,heap     ] GC(157) Y: Reclaimed:         -                  -                 0M (0%)            0M (0%)     
[2026-06-17T10:07:40.915+0800][4.223s][info][gc,heap     ] GC(157) Y:  Promoted:         -                  -                 0M (0%)            0M (0%)     
[2026-06-17T10:07:40.915+0800][4.223s][info][gc,heap     ] GC(157) Y: Compacted:         -                  -                  -                 0M (0%)     
[2026-06-17T10:07:40.915+0800][4.223s][info][gc,phases   ] GC(157) Y: Young Generation (Collect Roots) 64M(100%)->64M(100%) 0.002s
[2026-06-17T10:07:40.916+0800][4.223s][info][gc,phases   ] GC(157) O: Old Generation
[2026-06-17T10:07:40.917+0800][4.224s][info][gc,phases   ] GC(157) O: Concurrent Mark 0.921ms
[2026-06-17T10:07:40.917+0800][4.224s][info][gc,phases   ] GC(157) O: Pause Mark End 0.006ms
[2026-06-17T10:07:40.917+0800][4.224s][info][gc,phases   ] GC(157) O: Concurrent Mark Free 0.001ms
[2026-06-17T10:07:40.917+0800][4.224s][info][gc,ref      ] GC(157) O: Clearing All SoftReferences
[2026-06-17T10:07:40.917+0800][4.225s][info][gc,phases   ] GC(157) O: Concurrent Process Non-Strong 0.390ms
[2026-06-17T10:07:40.918+0800][4.225s][info][gc,phases   ] GC(157) O: Concurrent Reset Relocation Set 0.001ms
[2026-06-17T10:07:40.918+0800][4.225s][info][gc          ] Allocation Stall (main) 18.984ms
[2026-06-17T10:07:40.918+0800][4.225s][info][gc,phases   ] GC(157) O: Concurrent Select Relocation Set 0.072ms
[2026-06-17T10:07:40.918+0800][4.225s][info][gc,task     ] GC(157) O: Using 1 Workers for Old Generation
[2026-06-17T10:07:40.918+0800][4.226s][info][gc,task     ] GC(157) O: Using 1 Workers for Old Generation
[2026-06-17T10:07:40.918+0800][4.226s][info][gc,phases   ] GC(157) O: Concurrent Remap Roots 0.297ms
[2026-06-17T10:07:40.918+0800][4.226s][info][gc,phases   ] GC(157) O: Pause Relocate Start 0.005ms
[2026-06-17T10:07:40.919+0800][4.226s][info][gc,phases   ] GC(157) O: Concurrent Relocate 0.071ms
[2026-06-17T10:07:40.919+0800][4.226s][info][gc,alloc    ] GC(157) O:                         Mark Start        Mark End      Relocate Start    Relocate End   
[2026-06-17T10:07:40.919+0800][4.227s][info][gc,alloc    ] GC(157) O: Allocation Stalls:          1                1                0                0         
[2026-06-17T10:07:40.919+0800][4.227s][info][gc,load     ] GC(157) O: Load: 0.41 (2%) / 0.44 (2%) / 0.49 (2%)
[2026-06-17T10:07:40.919+0800][4.227s][info][gc,mmu      ] GC(157) O: MMU: 2ms/98.5%, 5ms/99.1%, 10ms/99.4%, 20ms/99.6%, 50ms/99.6%, 100ms/99.7%
[2026-06-17T10:07:40.920+0800][4.227s][info][gc,marking  ] GC(157) O: Mark: 1 stripe(s), 1 proactive flush(es), 1 terminate flush(es), 0 completion(s), 0 continuation(s) 
[2026-06-17T10:07:40.920+0800][4.227s][info][gc,nmethod  ] GC(157) O: NMethods: 74 registered, 6 unregistered
[2026-06-17T10:07:40.920+0800][4.227s][info][gc,metaspace] GC(157) O: Metaspace: 0M used, 0M committed, 1088M reserved
[2026-06-17T10:07:40.920+0800][4.227s][info][gc,ref      ] GC(157) O:                       Encountered   Discovered     Enqueued 
[2026-06-17T10:07:40.920+0800][4.227s][info][gc,ref      ] GC(157) O: Soft References:                0            0            0 
[2026-06-17T10:07:40.920+0800][4.227s][info][gc,ref      ] GC(157) O: Weak References:                6            0            0 
[2026-06-17T10:07:40.920+0800][4.227s][info][gc,ref      ] GC(157) O: Final References:               0            0            0 
[2026-06-17T10:07:40.920+0800][4.228s][info][gc,ref      ] GC(157) O: Phantom References:             1            1            0 
[2026-06-17T10:07:40.920+0800][4.228s][info][gc,reloc    ] GC(157) O:                        Candidates     Selected     In-Place         Size        Empty    Relocated 
[2026-06-17T10:07:40.920+0800][4.228s][info][gc,reloc    ] GC(157) O: Small Pages:                    4            0            0           8M           0M           0M 
[2026-06-17T10:07:40.920+0800][4.228s][info][gc,reloc    ] GC(157) O: Large Pages:                   28            0            0          56M           4M           0M 
[2026-06-17T10:07:40.920+0800][4.228s][info][gc,reloc    ] GC(157) O: Forwarding Usage: 0M
[2026-06-17T10:07:40.921+0800][4.228s][info][gc,heap     ] GC(157) O: Min Capacity: 64M(100%)
[2026-06-17T10:07:40.921+0800][4.228s][info][gc,heap     ] GC(157) O: Max Capacity: 64M(100%)
[2026-06-17T10:07:40.921+0800][4.228s][info][gc,heap     ] GC(157) O: Soft Max Capacity: 64M(100%)
[2026-06-17T10:07:40.921+0800][4.228s][info][gc,heap     ] GC(157) O: Heap Statistics:
[2026-06-17T10:07:40.921+0800][4.228s][info][gc,heap     ] GC(157) O:                Mark Start          Mark End        Relocate Start      Relocate End           High               Low         
[2026-06-17T10:07:40.921+0800][4.228s][info][gc,heap     ] GC(157) O:  Capacity:       64M (100%)         64M (100%)         64M (100%)         64M (100%)         64M (100%)         64M (100%)   
[2026-06-17T10:07:40.921+0800][4.228s][info][gc,heap     ] GC(157) O:      Free:        0M (0%)            0M (0%)            2M (3%)            2M (3%)            4M (6%)            0M (0%)     
[2026-06-17T10:07:40.921+0800][4.228s][info][gc,heap     ] GC(157) O:      Used:       64M (100%)         64M (100%)         62M (97%)          62M (97%)          64M (100%)         60M (94%)    
[2026-06-17T10:07:40.921+0800][4.228s][info][gc,heap     ] GC(157) O: Old Generation Statistics:
[2026-06-17T10:07:40.921+0800][4.229s][info][gc,heap     ] GC(157) O:                Mark Start          Mark End        Relocate Start      Relocate End    
[2026-06-17T10:07:40.921+0800][4.229s][info][gc,heap     ] GC(157) O:      Used:       64M (100%)         64M (100%)         60M (94%)          60M (94%)    
[2026-06-17T10:07:40.921+0800][4.229s][info][gc,heap     ] GC(157) O:      Live:         -                58M (91%)          58M (91%)          58M (91%)    
[2026-06-17T10:07:40.921+0800][4.229s][info][gc,heap     ] GC(157) O:   Garbage:         -                 5M (9%)            1M (3%)            1M (3%)     
[2026-06-17T10:07:40.921+0800][4.229s][info][gc,heap     ] GC(157) O: Allocated:         -                 0M (0%)            0M (0%)            0M (0%)     
[2026-06-17T10:07:40.922+0800][4.229s][info][gc,heap     ] GC(157) O: Reclaimed:         -                  -                 4M (6%)            4M (6%)     
[2026-06-17T10:07:40.922+0800][4.229s][info][gc,heap     ] GC(157) O: Compacted:         -                  -                  -                 0M (0%)     
[2026-06-17T10:07:40.922+0800][4.229s][info][gc,phases   ] GC(157) O: Old Generation 64M(100%)->62M(97%) 0.003s
[2026-06-17T10:07:40.922+0800][4.229s][info][gc          ] GC(157) Major Collection (Allocation Stall) 64M(100%)->62M(97%) 0.018s
[2026-06-17T10:07:41.130+0800][4.437s][info][gc          ] GC(158) Major Collection (Allocation Rate)
[2026-06-17T10:07:41.131+0800][4.438s][info][gc,task     ] GC(158) Using 1 Workers for Young Generation
[2026-06-17T10:07:41.132+0800][4.439s][info][gc,task     ] GC(158) Using 1 Workers for Old Generation
[2026-06-17T10:07:41.132+0800][4.440s][info][gc,phases   ] GC(158) Y: Young Generation
[2026-06-17T10:07:41.133+0800][4.440s][info][gc,phases   ] GC(158) Y: Pause Mark Start (Major) 0.024ms
[2026-06-17T10:07:41.135+0800][4.443s][info][gc,phases   ] GC(158) Y: Concurrent Mark 1.811ms
[2026-06-17T10:07:41.136+0800][4.444s][info][gc,phases   ] GC(158) Y: Pause Mark End 0.011ms
[2026-06-17T10:07:41.137+0800][4.444s][info][gc,phases   ] GC(158) Y: Concurrent Mark Free 0.001ms
[2026-06-17T10:07:41.138+0800][4.445s][info][gc,phases   ] GC(158) Y: Concurrent Reset Relocation Set 0.001ms
[2026-06-17T10:07:41.138+0800][4.446s][info][gc,reloc    ] GC(158) Y: Using tenuring threshold: 0 (Computed)
[2026-06-17T10:07:41.139+0800][4.447s][info][gc,phases   ] GC(158) Y: Concurrent Select Relocation Set 0.911ms
[2026-06-17T10:07:41.140+0800][4.447s][info][gc,phases   ] GC(158) Y: Pause Relocate Start 0.008ms
[2026-06-17T10:07:41.141+0800][4.449s][info][gc,phases   ] GC(158) Y: Concurrent Relocate 0.109ms
[2026-06-17T10:07:41.142+0800][4.449s][info][gc,alloc    ] GC(158) Y:                         Mark Start        Mark End      Relocate Start    Relocate End   
[2026-06-17T10:07:41.143+0800][4.450s][info][gc,alloc    ] GC(158) Y: Allocation Stalls:          0                0                0                0         
[2026-06-17T10:07:41.143+0800][4.451s][info][gc,load     ] GC(158) Y: Load: 0.41 (2%) / 0.44 (2%) / 0.49 (2%)
[2026-06-17T10:07:41.144+0800][4.451s][info][gc,mmu      ] GC(158) Y: MMU: 2ms/98.5%, 5ms/99.1%, 10ms/99.4%, 20ms/99.6%, 50ms/99.6%, 100ms/99.7%
[2026-06-17T10:07:41.144+0800][4.452s][info][gc,marking  ] GC(158) Y: Mark: 1 stripe(s), 1 proactive flush(es), 1 terminate flush(es), 0 completion(s), 0 continuation(s) 
[2026-06-17T10:07:41.145+0800][4.452s][info][gc,nmethod  ] GC(158) Y: NMethods: 74 registered, 6 unregistered
[2026-06-17T10:07:41.145+0800][4.453s][info][gc,metaspace] GC(158) Y: Metaspace: 0M used, 0M committed, 1088M reserved
[2026-06-17T10:07:41.146+0800][4.453s][info][gc,reloc    ] GC(158) Y:                        Candidates     Selected     In-Place         Size        Empty    Relocated 
[2026-06-17T10:07:41.146+0800][4.453s][info][gc,reloc    ] GC(158) Y: Small Pages:                    2            0            0           4M           4M           0M 
[2026-06-17T10:07:41.147+0800][4.454s][info][gc,reloc    ] GC(158) Y: Large Pages:                    0            0            0           0M           0M           0M 
[2026-06-17T10:07:41.147+0800][4.455s][info][gc,reloc    ] GC(158) Y: Forwarding Usage: 0M
[2026-06-17T10:07:41.148+0800][4.455s][info][gc,reloc    ] GC(158) Y: Age Table:
[2026-06-17T10:07:41.148+0800][4.456s][info][gc,reloc    ] GC(158) Y:                    Live             Garbage             Small              Medium             Large        
[2026-06-17T10:07:41.148+0800][4.456s][info][gc,reloc    ] GC(158) Y: Eden                -                 4M (6%)           2 / 0              0 / 0              0 / 0        
[2026-06-17T10:07:41.149+0800][4.456s][info][gc,heap     ] GC(158) Y: Min Capacity: 64M(100%)
[2026-06-17T10:07:41.149+0800][4.456s][info][gc,heap     ] GC(158) Y: Max Capacity: 64M(100%)
[2026-06-17T10:07:41.149+0800][4.457s][info][gc,heap     ] GC(158) Y: Soft Max Capacity: 64M(100%)
[2026-06-17T10:07:41.149+0800][4.457s][info][gc,heap     ] GC(158) Y: Heap Statistics:
[2026-06-17T10:07:41.150+0800][4.457s][info][gc,heap     ] GC(158) Y:                Mark Start          Mark End        Relocate Start      Relocate End           High               Low         
[2026-06-17T10:07:41.150+0800][4.457s][info][gc,heap     ] GC(158) Y:  Capacity:       64M (100%)         64M (100%)         64M (100%)         64M (100%)         64M (100%)         64M (100%)   
[2026-06-17T10:07:41.150+0800][4.458s][info][gc,heap     ] GC(158) Y:      Free:        0M (0%)            0M (0%)            0M (0%)            0M (0%)            4M (6%)            0M (0%)     
[2026-06-17T10:07:41.151+0800][4.458s][info][gc,heap     ] GC(158) Y:      Used:       64M (100%)         64M (100%)         64M (100%)         64M (100%)         64M (100%)         60M (94%)    
[2026-06-17T10:07:41.151+0800][4.458s][info][gc,heap     ] GC(158) Y: Young Generation Statistics:
[2026-06-17T10:07:41.151+0800][4.459s][info][gc,heap     ] GC(158) Y:                Mark Start          Mark End        Relocate Start      Relocate End    
[2026-06-17T10:07:41.151+0800][4.459s][info][gc,heap     ] GC(158) Y:      Used:        4M (6%)            4M (6%)            4M (6%)            4M (6%)     
[2026-06-17T10:07:41.152+0800][4.459s][info][gc,heap     ] GC(158) Y:      Live:         -                 0M (0%)            0M (0%)            0M (0%)     
[2026-06-17T10:07:41.152+0800][4.459s][info][gc,heap     ] GC(158) Y:   Garbage:         -                 4M (6%)            0M (0%)            0M (0%)     
[2026-06-17T10:07:41.152+0800][4.459s][info][gc,heap     ] GC(158) Y: Allocated:         -                 0M (0%)            4M (6%)            4M (6%)     
[2026-06-17T10:07:41.152+0800][4.460s][info][gc,heap     ] GC(158) Y: Reclaimed:         -                  -                 4M (6%)            4M (6%)     
[2026-06-17T10:07:41.153+0800][4.460s][info][gc,heap     ] GC(158) Y:  Promoted:         -                  -                 0M (0%)            0M (0%)     
[2026-06-17T10:07:41.153+0800][4.460s][info][gc,heap     ] GC(158) Y: Compacted:         -                  -                  -                 0M (0%)     
[2026-06-17T10:07:41.153+0800][4.460s][info][gc,phases   ] GC(158) Y: Young Generation 64M(100%)->64M(100%) 0.010s
[2026-06-17T10:07:41.153+0800][4.461s][info][gc,phases   ] GC(158) O: Old Generation
[2026-06-17T10:07:41.153+0800][4.461s][info][gc          ] GC(159) Minor Collection (Allocation Stall)
[2026-06-17T10:07:41.153+0800][4.461s][info][gc,task     ] GC(159) Using 1 Workers for Young Generation
[2026-06-17T10:07:41.154+0800][4.461s][info][gc,phases   ] GC(159) y: Young Generation
[2026-06-17T10:07:41.154+0800][4.461s][info][gc,phases   ] GC(159) y: Pause Mark Start 0.011ms
[2026-06-17T10:07:41.155+0800][4.462s][info][gc,phases   ] GC(159) y: Concurrent Mark 0.806ms
[2026-06-17T10:07:41.155+0800][4.462s][info][gc,phases   ] GC(158) O: Concurrent Mark 1.758ms
[2026-06-17T10:07:41.155+0800][4.462s][info][gc,phases   ] GC(159) y: Pause Mark End 0.006ms
[2026-06-17T10:07:41.155+0800][4.463s][info][gc,phases   ] GC(159) y: Concurrent Mark Free 0.001ms
[2026-06-17T10:07:41.155+0800][4.463s][info][gc,phases   ] GC(159) y: Concurrent Reset Relocation Set 0.000ms
[2026-06-17T10:07:41.155+0800][4.463s][info][gc,phases   ] GC(158) O: Pause Mark End 0.004ms
[2026-06-17T10:07:41.156+0800][4.463s][info][gc,reloc    ] GC(159) y: Using tenuring threshold: 1 (Computed)
[2026-06-17T10:07:41.156+0800][4.463s][info][gc          ] Allocation Stall (main) 4.276ms
[2026-06-17T10:07:41.156+0800][4.463s][info][gc,phases   ] GC(159) y: Concurrent Select Relocation Set 0.474ms
[2026-06-17T10:07:41.156+0800][4.463s][info][gc,phases   ] GC(158) O: Concurrent Mark Free 0.000ms
[2026-06-17T10:07:41.156+0800][4.464s][info][gc,phases   ] GC(159) y: Pause Relocate Start 0.005ms
[2026-06-17T10:07:41.157+0800][4.464s][info][gc,phases   ] GC(159) y: Concurrent Relocate 0.129ms
[2026-06-17T10:07:41.157+0800][4.464s][info][gc,alloc    ] GC(159) y:                         Mark Start        Mark End      Relocate Start    Relocate End   
[2026-06-17T10:07:41.157+0800][4.464s][info][gc,alloc    ] GC(159) y: Allocation Stalls:          1                1                1                1         
[2026-06-17T10:07:41.157+0800][4.464s][info][gc,load     ] GC(159) y: Load: 0.41 (2%) / 0.44 (2%) / 0.49 (2%)
[2026-06-17T10:07:41.157+0800][4.465s][info][gc,mmu      ] GC(159) y: MMU: 2ms/98.5%, 5ms/99.1%, 10ms/99.4%, 20ms/99.6%, 50ms/99.6%, 100ms/99.7%
[2026-06-17T10:07:41.157+0800][4.465s][info][gc,marking  ] GC(159) y: Mark: 1 stripe(s), 1 proactive flush(es), 1 terminate flush(es), 0 completion(s), 0 continuation(s) 
[2026-06-17T10:07:41.157+0800][4.465s][info][gc,nmethod  ] GC(159) y: NMethods: 74 registered, 6 unregistered
[2026-06-17T10:07:41.157+0800][4.465s][info][gc,metaspace] GC(159) y: Metaspace: 0M used, 0M committed, 1088M reserved
[2026-06-17T10:07:41.157+0800][4.464s][info][gc,phases   ] GC(158) O: Concurrent Process Non-Strong 0.540ms
[2026-06-17T10:07:41.158+0800][4.465s][info][gc,phases   ] GC(158) O: Concurrent Reset Relocation Set 0.000ms
[2026-06-17T10:07:41.158+0800][4.465s][info][gc,reloc    ] GC(159) y:                        Candidates     Selected     In-Place         Size        Empty    Relocated 
[2026-06-17T10:07:41.158+0800][4.465s][info][gc,reloc    ] GC(159) y: Small Pages:                    2            0            0           4M           2M           0M 
[2026-06-17T10:07:41.158+0800][4.465s][info][gc,reloc    ] GC(159) y: Large Pages:                    0            0            0           0M           0M           0M 
[2026-06-17T10:07:41.158+0800][4.465s][info][gc,reloc    ] GC(159) y: Forwarding Usage: 0M
[2026-06-17T10:07:41.158+0800][4.465s][info][gc,phases   ] GC(158) O: Concurrent Select Relocation Set 0.075ms
[2026-06-17T10:07:41.158+0800][4.465s][info][gc          ] Allocation Stall (main) 1.555ms
[2026-06-17T10:07:41.158+0800][4.466s][info][gc,reloc    ] GC(159) y: Age Table:
[2026-06-17T10:07:41.159+0800][4.466s][info][gc,reloc    ] GC(159) y:                    Live             Garbage             Small              Medium             Large        
[2026-06-17T10:07:41.159+0800][4.466s][info][gc,reloc    ] GC(159) y: Eden               0M (1%)            3M (5%)           2 / 0              0 / 0              0 / 0        
[2026-06-17T10:07:41.159+0800][4.466s][info][gc,heap     ] GC(159) y: Min Capacity: 64M(100%)
[2026-06-17T10:07:41.159+0800][4.466s][info][gc,heap     ] GC(159) y: Max Capacity: 64M(100%)
[2026-06-17T10:07:41.159+0800][4.467s][info][gc,heap     ] GC(159) y: Soft Max Capacity: 64M(100%)
[2026-06-17T10:07:41.159+0800][4.467s][info][gc,heap     ] GC(159) y: Heap Statistics:
[2026-06-17T10:07:41.159+0800][4.467s][info][gc,heap     ] GC(159) y:                Mark Start          Mark End        Relocate Start      Relocate End           High               Low         
[2026-06-17T10:07:41.159+0800][4.467s][info][gc,heap     ] GC(159) y:  Capacity:       64M (100%)         64M (100%)         64M (100%)         64M (100%)         64M (100%)         64M (100%)   
[2026-06-17T10:07:41.159+0800][4.467s][info][gc,heap     ] GC(159) y:      Free:        0M (0%)            0M (0%)            0M (0%)            0M (0%)            2M (3%)            0M (0%)     
[2026-06-17T10:07:41.159+0800][4.467s][info][gc,heap     ] GC(159) y:      Used:       64M (100%)         64M (100%)         64M (100%)         64M (100%)         64M (100%)         62M (97%)    
[2026-06-17T10:07:41.160+0800][4.467s][info][gc,heap     ] GC(159) y: Young Generation Statistics:
[2026-06-17T10:07:41.160+0800][4.467s][info][gc,heap     ] GC(159) y:                Mark Start          Mark End        Relocate Start      Relocate End    
[2026-06-17T10:07:41.160+0800][4.467s][info][gc,heap     ] GC(159) y:      Used:        4M (6%)            4M (6%)            4M (6%)            4M (6%)     
[2026-06-17T10:07:41.160+0800][4.467s][info][gc,heap     ] GC(159) y:      Live:         -                 0M (1%)            0M (1%)            0M (1%)     
[2026-06-17T10:07:41.160+0800][4.467s][info][gc,heap     ] GC(159) y:   Garbage:         -                 3M (5%)            1M (2%)            1M (2%)     
[2026-06-17T10:07:41.160+0800][4.467s][info][gc,heap     ] GC(159) y: Allocated:         -                 0M (0%)            2M (3%)            2M (3%)     
[2026-06-17T10:07:41.160+0800][4.467s][info][gc,heap     ] GC(159) y: Reclaimed:         -                  -                 2M (3%)            2M (3%)     
[2026-06-17T10:07:41.160+0800][4.467s][info][gc,heap     ] GC(159) y:  Promoted:         -                  -                 0M (0%)            0M (0%)     
[2026-06-17T10:07:41.160+0800][4.468s][info][gc,heap     ] GC(159) y: Compacted:         -                  -                  -                 0M (0%)     
[2026-06-17T10:07:41.160+0800][4.468s][info][gc,phases   ] GC(159) y: Young Generation 64M(100%)->64M(100%) 0.003s
[2026-06-17T10:07:41.160+0800][4.468s][info][gc          ] GC(159) Minor Collection (Allocation Stall) 64M(100%)->30M(47%) 0.007s
[2026-06-17T10:07:41.160+0800][4.468s][info][gc,task     ] GC(158) O: Using 1 Workers for Old Generation
[2026-06-17T10:07:41.161+0800][4.468s][info][gc,task     ] GC(158) O: Using 1 Workers for Old Generation
[2026-06-17T10:07:41.161+0800][4.468s][info][gc,phases   ] GC(158) O: Concurrent Remap Roots 0.231ms
[2026-06-17T10:07:41.161+0800][4.468s][info][gc,phases   ] GC(158) O: Pause Relocate Start 0.004ms
[2026-06-17T10:07:41.161+0800][4.469s][info][gc,phases   ] GC(158) O: Concurrent Relocate 0.381ms
[2026-06-17T10:07:41.161+0800][4.469s][info][gc,alloc    ] GC(158) O:                         Mark Start        Mark End      Relocate Start    Relocate End   
[2026-06-17T10:07:41.161+0800][4.469s][info][gc,alloc    ] GC(158) O: Allocation Stalls:          0                1                0                0         
[2026-06-17T10:07:41.161+0800][4.469s][info][gc,load     ] GC(158) O: Load: 0.41 (2%) / 0.44 (2%) / 0.49 (2%)
[2026-06-17T10:07:41.162+0800][4.469s][info][gc,mmu      ] GC(158) O: MMU: 2ms/98.5%, 5ms/99.1%, 10ms/99.4%, 20ms/99.6%, 50ms/99.6%, 100ms/99.7%
[2026-06-17T10:07:41.162+0800][4.469s][info][gc,marking  ] GC(158) O: Mark: 1 stripe(s), 2 proactive flush(es), 1 terminate flush(es), 0 completion(s), 0 continuation(s) 
[2026-06-17T10:07:41.162+0800][4.469s][info][gc,nmethod  ] GC(158) O: NMethods: 74 registered, 6 unregistered
[2026-06-17T10:07:41.162+0800][4.469s][info][gc,metaspace] GC(158) O: Metaspace: 0M used, 0M committed, 1088M reserved
[2026-06-17T10:07:41.162+0800][4.469s][info][gc,ref      ] GC(158) O:                       Encountered   Discovered     Enqueued 
[2026-06-17T10:07:41.162+0800][4.469s][info][gc,ref      ] GC(158) O: Soft References:                0            0            0 
[2026-06-17T10:07:41.162+0800][4.469s][info][gc,ref      ] GC(158) O: Weak References:                6            0            0 
[2026-06-17T10:07:41.162+0800][4.469s][info][gc,ref      ] GC(158) O: Final References:               0            0            0 
[2026-06-17T10:07:41.162+0800][4.469s][info][gc,ref      ] GC(158) O: Phantom References:             1            1            0 
[2026-06-17T10:07:41.162+0800][4.470s][info][gc,reloc    ] GC(158) O:                        Candidates     Selected     In-Place         Size        Empty    Relocated 
[2026-06-17T10:07:41.162+0800][4.470s][info][gc,reloc    ] GC(158) O: Small Pages:                    4            1            0           8M           2M           0M 
[2026-06-17T10:07:41.162+0800][4.470s][info][gc,reloc    ] GC(158) O: Large Pages:                   26            0            0          52M          36M           0M 
[2026-06-17T10:07:41.162+0800][4.470s][info][gc,reloc    ] GC(158) O: Forwarding Usage: 0M
[2026-06-17T10:07:41.162+0800][4.470s][info][gc,heap     ] GC(158) O: Min Capacity: 64M(100%)
[2026-06-17T10:07:41.162+0800][4.470s][info][gc,heap     ] GC(158) O: Max Capacity: 64M(100%)
[2026-06-17T10:07:41.163+0800][4.470s][info][gc,heap     ] GC(158) O: Soft Max Capacity: 64M(100%)
[2026-06-17T10:07:41.163+0800][4.470s][info][gc,heap     ] GC(158) O: Heap Statistics:
[2026-06-17T10:07:41.163+0800][4.470s][info][gc,heap     ] GC(158) O:                Mark Start          Mark End        Relocate Start      Relocate End           High               Low         
[2026-06-17T10:07:41.163+0800][4.470s][info][gc,heap     ] GC(158) O:  Capacity:       64M (100%)         64M (100%)         64M (100%)         64M (100%)         64M (100%)         64M (100%)   
[2026-06-17T10:07:41.163+0800][4.470s][info][gc,heap     ] GC(158) O:      Free:        0M (0%)            0M (0%)           34M (53%)          36M (56%)          38M (59%)           0M (0%)     
[2026-06-17T10:07:41.163+0800][4.470s][info][gc,heap     ] GC(158) O:      Used:       64M (100%)         64M (100%)         30M (47%)          28M (44%)          64M (100%)         26M (41%)    
[2026-06-17T10:07:41.163+0800][4.470s][info][gc,heap     ] GC(158) O: Old Generation Statistics:
[2026-06-17T10:07:41.163+0800][4.470s][info][gc,heap     ] GC(158) O:                Mark Start          Mark End        Relocate Start      Relocate End    
[2026-06-17T10:07:41.163+0800][4.470s][info][gc,heap     ] GC(158) O:      Used:       60M (94%)          60M (94%)          22M (34%)          20M (31%)    
[2026-06-17T10:07:41.163+0800][4.471s][info][gc,heap     ] GC(158) O:      Live:         -                18M (29%)          18M (29%)          18M (29%)    
[2026-06-17T10:07:41.163+0800][4.471s][info][gc,heap     ] GC(158) O:   Garbage:         -                41M (65%)           3M (6%)            0M (1%)     
[2026-06-17T10:07:41.163+0800][4.471s][info][gc,heap     ] GC(158) O: Allocated:         -                 0M (0%)            0M (0%)            1M (2%)     
[2026-06-17T10:07:41.163+0800][4.471s][info][gc,heap     ] GC(158) O: Reclaimed:         -                  -                38M (59%)          41M (64%)    
[2026-06-17T10:07:41.163+0800][4.471s][info][gc,heap     ] GC(158) O: Compacted:         -                  -                  -                 0M (1%)     
[2026-06-17T10:07:41.163+0800][4.471s][info][gc,phases   ] GC(158) O: Old Generation 64M(100%)->28M(44%) 0.008s
[2026-06-17T10:07:41.163+0800][4.471s][info][gc          ] GC(158) Major Collection (Allocation Rate) 64M(100%)->28M(44%) 0.034s
[2026-06-17T10:07:41.221+0800][4.529s][info][gc          ] GC(160) Major Collection (Allocation Rate)
[2026-06-17T10:07:41.222+0800][4.529s][info][gc,task     ] GC(160) Using 1 Workers for Young Generation
[2026-06-17T10:07:41.222+0800][4.530s][info][gc,task     ] GC(160) Using 1 Workers for Old Generation
[2026-06-17T10:07:41.222+0800][4.530s][info][gc,phases   ] GC(160) Y: Young Generation
[2026-06-17T10:07:41.223+0800][4.530s][info][gc,phases   ] GC(160) Y: Pause Mark Start (Major) 0.013ms
[2026-06-17T10:07:41.224+0800][4.531s][info][gc,phases   ] GC(160) Y: Concurrent Mark 0.485ms
[2026-06-17T10:07:41.224+0800][4.531s][info][gc,phases   ] GC(160) Y: Pause Mark End 0.006ms
[2026-06-17T10:07:41.224+0800][4.531s][info][gc,phases   ] GC(160) Y: Concurrent Mark Free 0.001ms
[2026-06-17T10:07:41.224+0800][4.532s][info][gc,phases   ] GC(160) Y: Concurrent Reset Relocation Set 0.001ms
[2026-06-17T10:07:41.224+0800][4.532s][info][gc,reloc    ] GC(160) Y: Using tenuring threshold: 1 (Computed)
[2026-06-17T10:07:41.225+0800][4.532s][info][gc,phases   ] GC(160) Y: Concurrent Select Relocation Set 0.293ms
[2026-06-17T10:07:41.225+0800][4.532s][info][gc,phases   ] GC(160) Y: Pause Relocate Start 0.006ms
[2026-06-17T10:07:41.226+0800][4.533s][info][gc,phases   ] GC(160) Y: Concurrent Relocate 0.490ms
[2026-06-17T10:07:41.226+0800][4.533s][info][gc,alloc    ] GC(160) Y:                         Mark Start        Mark End      Relocate Start    Relocate End   
[2026-06-17T10:07:41.226+0800][4.533s][info][gc,alloc    ] GC(160) Y: Allocation Stalls:          0                0                0                0         
[2026-06-17T10:07:41.226+0800][4.534s][info][gc,load     ] GC(160) Y: Load: 0.41 (2%) / 0.44 (2%) / 0.49 (2%)
[2026-06-17T10:07:41.227+0800][4.534s][info][gc,mmu      ] GC(160) Y: MMU: 2ms/98.5%, 5ms/99.1%, 10ms/99.4%, 20ms/99.6%, 50ms/99.6%, 100ms/99.7%
[2026-06-17T10:07:41.227+0800][4.534s][info][gc,marking  ] GC(160) Y: Mark: 1 stripe(s), 1 proactive flush(es), 1 terminate flush(es), 0 completion(s), 0 continuation(s) 
[2026-06-17T10:07:41.227+0800][4.535s][info][gc,nmethod  ] GC(160) Y: NMethods: 74 registered, 6 unregistered
[2026-06-17T10:07:41.227+0800][4.535s][info][gc,metaspace] GC(160) Y: Metaspace: 0M used, 0M committed, 1088M reserved
[2026-06-17T10:07:41.227+0800][4.535s][info][gc,reloc    ] GC(160) Y:                        Candidates     Selected     In-Place         Size        Empty    Relocated 
[2026-06-17T10:07:41.228+0800][4.535s][info][gc,reloc    ] GC(160) Y: Small Pages:                   15            4            0          30M          18M           2M 
[2026-06-17T10:07:41.228+0800][4.535s][info][gc,reloc    ] GC(160) Y: Large Pages:                    5            0            0          10M           0M           0M 
[2026-06-17T10:07:41.228+0800][4.535s][info][gc,reloc    ] GC(160) Y: Forwarding Usage: 0M
[2026-06-17T10:07:41.228+0800][4.535s][info][gc,reloc    ] GC(160) Y: Age Table:
[2026-06-17T10:07:41.228+0800][4.535s][info][gc,reloc    ] GC(160) Y:                    Live             Garbage             Small              Medium             Large        
[2026-06-17T10:07:41.228+0800][4.535s][info][gc,reloc    ] GC(160) Y: Eden              13M (21%)          24M (38%)         14 / 4              0 / 0              5 / 0        
[2026-06-17T10:07:41.228+0800][4.535s][info][gc,reloc    ] GC(160) Y: Survivor 1          -                 2M (3%)           1 / 0              0 / 0              0 / 0        
[2026-06-17T10:07:41.228+0800][4.536s][info][gc,heap     ] GC(160) Y: Min Capacity: 64M(100%)
[2026-06-17T10:07:41.228+0800][4.536s][info][gc,heap     ] GC(160) Y: Max Capacity: 64M(100%)
[2026-06-17T10:07:41.229+0800][4.536s][info][gc,heap     ] GC(160) Y: Soft Max Capacity: 64M(100%)
[2026-06-17T10:07:41.229+0800][4.536s][info][gc,heap     ] GC(160) Y: Heap Statistics:
[2026-06-17T10:07:41.229+0800][4.536s][info][gc,heap     ] GC(160) Y:                Mark Start          Mark End        Relocate Start      Relocate End           High               Low         
[2026-06-17T10:07:41.229+0800][4.536s][info][gc,heap     ] GC(160) Y:  Capacity:       64M (100%)         64M (100%)         64M (100%)         64M (100%)         64M (100%)         64M (100%)   
[2026-06-17T10:07:41.229+0800][4.536s][info][gc,heap     ] GC(160) Y:      Free:        4M (6%)            4M (6%)           22M (34%)          30M (47%)          30M (47%)           4M (6%)     
[2026-06-17T10:07:41.229+0800][4.536s][info][gc,heap     ] GC(160) Y:      Used:       60M (94%)          60M (94%)          42M (66%)          34M (53%)          60M (94%)          34M (53%)    
[2026-06-17T10:07:41.229+0800][4.536s][info][gc,heap     ] GC(160) Y: Young Generation Statistics:
[2026-06-17T10:07:41.229+0800][4.536s][info][gc,heap     ] GC(160) Y:                Mark Start          Mark End        Relocate Start      Relocate End    
[2026-06-17T10:07:41.229+0800][4.537s][info][gc,heap     ] GC(160) Y:      Used:       40M (62%)          40M (62%)          22M (34%)          14M (22%)    
[2026-06-17T10:07:41.229+0800][4.537s][info][gc,heap     ] GC(160) Y:      Live:         -                13M (21%)          13M (21%)          13M (21%)    
[2026-06-17T10:07:41.229+0800][4.537s][info][gc,heap     ] GC(160) Y:   Garbage:         -                26M (42%)           8M (13%)           0M (0%)     
[2026-06-17T10:07:41.229+0800][4.537s][info][gc,heap     ] GC(160) Y: Allocated:         -                 0M (0%)            0M (0%)            0M (1%)     
[2026-06-17T10:07:41.229+0800][4.537s][info][gc,heap     ] GC(160) Y: Reclaimed:         -                  -                18M (28%)          26M (42%)    
[2026-06-17T10:07:41.229+0800][4.537s][info][gc,heap     ] GC(160) Y:  Promoted:         -                  -                 0M (0%)            0M (0%)     
[2026-06-17T10:07:41.230+0800][4.537s][info][gc,heap     ] GC(160) Y: Compacted:         -                  -                  -                 3M (5%)     
[2026-06-17T10:07:41.230+0800][4.537s][info][gc,phases   ] GC(160) Y: Young Generation 60M(94%)->34M(53%) 0.003s
[2026-06-17T10:07:41.230+0800][4.537s][info][gc,phases   ] GC(160) O: Old Generation
[2026-06-17T10:07:41.231+0800][4.538s][info][gc,phases   ] GC(160) O: Concurrent Mark 1.001ms
[2026-06-17T10:07:41.231+0800][4.539s][info][gc,phases   ] GC(160) O: Pause Mark End 0.009ms
[2026-06-17T10:07:41.231+0800][4.539s][info][gc,phases   ] GC(160) O: Concurrent Mark Free 0.001ms
[2026-06-17T10:07:41.232+0800][4.539s][info][gc,phases   ] GC(160) O: Concurrent Process Non-Strong 0.373ms
[2026-06-17T10:07:41.232+0800][4.539s][info][gc,phases   ] GC(160) O: Concurrent Reset Relocation Set 0.001ms
[2026-06-17T10:07:41.232+0800][4.539s][info][gc,phases   ] GC(160) O: Concurrent Select Relocation Set 0.035ms
[2026-06-17T10:07:41.232+0800][4.540s][info][gc,task     ] GC(160) O: Using 1 Workers for Old Generation
[2026-06-17T10:07:41.232+0800][4.540s][info][gc,task     ] GC(160) O: Using 1 Workers for Old Generation
[2026-06-17T10:07:41.232+0800][4.540s][info][gc,phases   ] GC(160) O: Concurrent Remap Roots 0.310ms
[2026-06-17T10:07:41.233+0800][4.540s][info][gc,phases   ] GC(160) O: Pause Relocate Start 0.006ms
[2026-06-17T10:07:41.233+0800][4.540s][info][gc,phases   ] GC(160) O: Concurrent Relocate 0.049ms
[2026-06-17T10:07:41.233+0800][4.540s][info][gc,alloc    ] GC(160) O:                         Mark Start        Mark End      Relocate Start    Relocate End   
[2026-06-17T10:07:41.233+0800][4.540s][info][gc,alloc    ] GC(160) O: Allocation Stalls:          0                0                0                0         
[2026-06-17T10:07:41.233+0800][4.541s][info][gc,load     ] GC(160) O: Load: 0.41 (2%) / 0.44 (2%) / 0.49 (2%)
[2026-06-17T10:07:41.233+0800][4.541s][info][gc,mmu      ] GC(160) O: MMU: 2ms/98.5%, 5ms/99.1%, 10ms/99.4%, 20ms/99.6%, 50ms/99.6%, 100ms/99.7%
[2026-06-17T10:07:41.233+0800][4.541s][info][gc,marking  ] GC(160) O: Mark: 1 stripe(s), 1 proactive flush(es), 1 terminate flush(es), 0 completion(s), 0 continuation(s) 
[2026-06-17T10:07:41.233+0800][4.541s][info][gc,nmethod  ] GC(160) O: NMethods: 74 registered, 6 unregistered
[2026-06-17T10:07:41.233+0800][4.541s][info][gc,metaspace] GC(160) O: Metaspace: 0M used, 0M committed, 1088M reserved
[2026-06-17T10:07:41.233+0800][4.541s][info][gc,ref      ] GC(160) O:                       Encountered   Discovered     Enqueued 
[2026-06-17T10:07:41.234+0800][4.541s][info][gc,ref      ] GC(160) O: Soft References:                0            0            0 
[2026-06-17T10:07:41.234+0800][4.541s][info][gc,ref      ] GC(160) O: Weak References:                6            0            0 
[2026-06-17T10:07:41.234+0800][4.541s][info][gc,ref      ] GC(160) O: Final References:               0            0            0 
[2026-06-17T10:07:41.234+0800][4.541s][info][gc,ref      ] GC(160) O: Phantom References:             1            1            0 
[2026-06-17T10:07:41.234+0800][4.541s][info][gc,reloc    ] GC(160) O:                        Candidates     Selected     In-Place         Size        Empty    Relocated 
[2026-06-17T10:07:41.234+0800][4.541s][info][gc,reloc    ] GC(160) O: Small Pages:                    2            0            0           4M           0M           0M 
[2026-06-17T10:07:41.234+0800][4.541s][info][gc,reloc    ] GC(160) O: Large Pages:                    8            0            0          16M           0M           0M 
[2026-06-17T10:07:41.234+0800][4.541s][info][gc,reloc    ] GC(160) O: Forwarding Usage: 0M
[2026-06-17T10:07:41.234+0800][4.542s][info][gc,heap     ] GC(160) O: Min Capacity: 64M(100%)
[2026-06-17T10:07:41.235+0800][4.542s][info][gc,heap     ] GC(160) O: Max Capacity: 64M(100%)
[2026-06-17T10:07:41.238+0800][4.545s][info][gc,heap     ] GC(160) O: Soft Max Capacity: 64M(100%)
[2026-06-17T10:07:41.238+0800][4.546s][info][gc,heap     ] GC(160) O: Heap Statistics:
[2026-06-17T10:07:41.241+0800][4.548s][info][gc,heap     ] GC(160) O:                Mark Start          Mark End        Relocate Start      Relocate End           High               Low         
[2026-06-17T10:07:41.241+0800][4.548s][info][gc,heap     ] GC(160) O:  Capacity:       64M (100%)         64M (100%)         64M (100%)         64M (100%)         64M (100%)         64M (100%)   
[2026-06-17T10:07:41.241+0800][4.549s][info][gc,heap     ] GC(160) O:      Free:        4M (6%)           30M (47%)          26M (41%)          26M (41%)          30M (47%)           4M (6%)     
[2026-06-17T10:07:41.244+0800][4.551s][info][gc,heap     ] GC(160) O:      Used:       60M (94%)          34M (53%)          38M (59%)          38M (59%)          60M (94%)          34M (53%)    
[2026-06-17T10:07:41.245+0800][4.552s][info][gc,heap     ] GC(160) O: Old Generation Statistics:
[2026-06-17T10:07:41.247+0800][4.554s][info][gc,heap     ] GC(160) O:                Mark Start          Mark End        Relocate Start      Relocate End    
[2026-06-17T10:07:41.247+0800][4.554s][info][gc,heap     ] GC(160) O:      Used:       20M (31%)          20M (31%)          20M (31%)          20M (31%)    
[2026-06-17T10:07:41.248+0800][4.556s][info][gc,heap     ] GC(160) O:      Live:         -                18M (29%)          18M (29%)          18M (29%)    
[2026-06-17T10:07:41.249+0800][4.556s][info][gc,heap     ] GC(160) O:   Garbage:         -                 1M (2%)            1M (2%)            1M (2%)     
[2026-06-17T10:07:41.249+0800][4.556s][info][gc,heap     ] GC(160) O: Allocated:         -                 0M (0%)            0M (0%)            0M (0%)     
[2026-06-17T10:07:41.249+0800][4.556s][info][gc,heap     ] GC(160) O: Reclaimed:         -                  -                 0M (0%)            0M (0%)     
[2026-06-17T10:07:41.249+0800][4.556s][info][gc,heap     ] GC(160) O: Compacted:         -                  -                  -                 0M (0%)     
[2026-06-17T10:07:41.249+0800][4.557s][info][gc,phases   ] GC(160) O: Old Generation 34M(53%)->38M(59%) 0.003s
[2026-06-17T10:07:41.249+0800][4.557s][info][gc          ] GC(160) Major Collection (Allocation Rate) 58M(91%)->42M(66%) 0.028s
[2026-06-17T10:07:41.263+0800][4.571s][info][gc          ] GC(161) Minor Collection (Allocation Rate)
[2026-06-17T10:07:41.264+0800][4.571s][info][gc,task     ] GC(161) Using 1 Workers for Young Generation
[2026-06-17T10:07:41.264+0800][4.571s][info][gc,phases   ] GC(161) y: Young Generation
[2026-06-17T10:07:41.264+0800][4.572s][info][gc,phases   ] GC(161) y: Pause Mark Start 0.010ms
[2026-06-17T10:07:41.265+0800][4.572s][info][gc,phases   ] GC(161) y: Concurrent Mark 0.502ms
[2026-06-17T10:07:41.265+0800][4.573s][info][gc,phases   ] GC(161) y: Pause Mark End 0.007ms
[2026-06-17T10:07:41.265+0800][4.573s][info][gc,phases   ] GC(161) y: Concurrent Mark Free 0.001ms
[2026-06-17T10:07:41.265+0800][4.573s][info][gc,phases   ] GC(161) y: Concurrent Reset Relocation Set 0.001ms
[2026-06-17T10:07:41.266+0800][4.573s][info][gc,reloc    ] GC(161) y: Using tenuring threshold: 1 (Computed)
[2026-06-17T10:07:41.266+0800][4.573s][info][gc,phases   ] GC(161) y: Concurrent Select Relocation Set 0.390ms
[2026-06-17T10:07:41.266+0800][4.574s][info][gc,phases   ] GC(161) y: Pause Relocate Start 0.005ms
[2026-06-17T10:07:41.267+0800][4.574s][info][gc,phases   ] GC(161) y: Concurrent Relocate 0.157ms
[2026-06-17T10:07:41.267+0800][4.574s][info][gc,alloc    ] GC(161) y:                         Mark Start        Mark End      Relocate Start    Relocate End   
[2026-06-17T10:07:41.267+0800][4.574s][info][gc,alloc    ] GC(161) y: Allocation Stalls:          0                0                0                0         
[2026-06-17T10:07:41.267+0800][4.575s][info][gc,load     ] GC(161) y: Load: 0.41 (2%) / 0.44 (2%) / 0.49 (2%)
[2026-06-17T10:07:41.267+0800][4.575s][info][gc,mmu      ] GC(161) y: MMU: 2ms/98.5%, 5ms/99.1%, 10ms/99.4%, 20ms/99.6%, 50ms/99.6%, 100ms/99.7%
[2026-06-17T10:07:41.267+0800][4.575s][info][gc,marking  ] GC(161) y: Mark: 1 stripe(s), 1 proactive flush(es), 1 terminate flush(es), 0 completion(s), 0 continuation(s) 
[2026-06-17T10:07:41.268+0800][4.575s][info][gc,nmethod  ] GC(161) y: NMethods: 74 registered, 6 unregistered
[2026-06-17T10:07:41.268+0800][4.575s][info][gc,metaspace] GC(161) y: Metaspace: 0M used, 0M committed, 1088M reserved
[2026-06-17T10:07:41.268+0800][4.575s][info][gc,reloc    ] GC(161) y:                        Candidates     Selected     In-Place         Size        Empty    Relocated 
[2026-06-17T10:07:41.268+0800][4.576s][info][gc,reloc    ] GC(161) y: Small Pages:                   10            1            0          20M          12M           0M 
[2026-06-17T10:07:41.268+0800][4.576s][info][gc,reloc    ] GC(161) y: Large Pages:                    9            0            0          18M           0M           0M 
[2026-06-17T10:07:41.268+0800][4.576s][info][gc,reloc    ] GC(161) y: Forwarding Usage: 0M
[2026-06-17T10:07:41.268+0800][4.576s][info][gc,reloc    ] GC(161) y: Age Table:
[2026-06-17T10:07:41.268+0800][4.576s][info][gc,reloc    ] GC(161) y:                    Live             Garbage             Small              Medium             Large        
[2026-06-17T10:07:41.269+0800][4.576s][info][gc,reloc    ] GC(161) y: Eden               8M (14%)          15M (24%)          8 / 1              0 / 0              4 / 0        
[2026-06-17T10:07:41.269+0800][4.576s][info][gc,reloc    ] GC(161) y: Survivor 1        13M (21%)           0M (1%)           2 / 0              0 / 0              5 / 0        
[2026-06-17T10:07:41.269+0800][4.576s][info][gc,heap     ] GC(161) y: Min Capacity: 64M(100%)
[2026-06-17T10:07:41.269+0800][4.576s][info][gc,heap     ] GC(161) y: Max Capacity: 64M(100%)
[2026-06-17T10:07:41.269+0800][4.576s][info][gc,heap     ] GC(161) y: Soft Max Capacity: 64M(100%)
[2026-06-17T10:07:41.269+0800][4.576s][info][gc,heap     ] GC(161) y: Heap Statistics:
[2026-06-17T10:07:41.269+0800][4.576s][info][gc,heap     ] GC(161) y:                Mark Start          Mark End        Relocate Start      Relocate End           High               Low         
[2026-06-17T10:07:41.269+0800][4.577s][info][gc,heap     ] GC(161) y:  Capacity:       64M (100%)         64M (100%)         64M (100%)         64M (100%)         64M (100%)         64M (100%)   
[2026-06-17T10:07:41.269+0800][4.577s][info][gc,heap     ] GC(161) y:      Free:        6M (9%)            6M (9%)           18M (28%)          20M (31%)          20M (31%)           6M (9%)     
[2026-06-17T10:07:41.269+0800][4.577s][info][gc,heap     ] GC(161) y:      Used:       58M (91%)          58M (91%)          46M (72%)          44M (69%)          58M (91%)          44M (69%)    
[2026-06-17T10:07:41.269+0800][4.577s][info][gc,heap     ] GC(161) y: Young Generation Statistics:
[2026-06-17T10:07:41.270+0800][4.577s][info][gc,heap     ] GC(161) y:                Mark Start          Mark End        Relocate Start      Relocate End    
[2026-06-17T10:07:41.270+0800][4.577s][info][gc,heap     ] GC(161) y:      Used:       38M (59%)          38M (59%)          12M (19%)          10M (16%)    
[2026-06-17T10:07:41.270+0800][4.577s][info][gc,heap     ] GC(161) y:      Live:         -                22M (35%)           8M (14%)           8M (14%)    
[2026-06-17T10:07:41.270+0800][4.577s][info][gc,heap     ] GC(161) y:   Garbage:         -                15M (25%)           3M (5%)            0M (0%)     
[2026-06-17T10:07:41.270+0800][4.577s][info][gc,heap     ] GC(161) y: Allocated:         -                 0M (0%)            0M (0%)            1M (2%)     
[2026-06-17T10:07:41.270+0800][4.578s][info][gc,heap     ] GC(161) y: Reclaimed:         -                  -                12M (20%)          15M (25%)    
[2026-06-17T10:07:41.270+0800][4.578s][info][gc,heap     ] GC(161) y:  Promoted:         -                  -                13M (21%)          13M (21%)    
[2026-06-17T10:07:41.270+0800][4.578s][info][gc,heap     ] GC(161) y: Compacted:         -                  -                  -                 0M (1%)     
[2026-06-17T10:07:41.271+0800][4.578s][info][gc,phases   ] GC(161) y: Young Generation 58M(91%)->44M(69%) 0.003s
[2026-06-17T10:07:41.271+0800][4.578s][info][gc          ] GC(161) Minor Collection (Allocation Rate) 58M(91%)->44M(69%) 0.007s
[2026-06-17T10:07:41.295+0800][4.602s][info][gc          ] GC(162) Minor Collection (Allocation Rate)
[2026-06-17T10:07:41.295+0800][4.602s][info][gc,task     ] GC(162) Using 1 Workers for Young Generation
[2026-06-17T10:07:41.295+0800][4.603s][info][gc,phases   ] GC(162) y: Young Generation
[2026-06-17T10:07:41.295+0800][4.603s][info][gc,phases   ] GC(162) y: Pause Mark Start 0.011ms
[2026-06-17T10:07:41.296+0800][4.604s][info][gc,phases   ] GC(162) y: Concurrent Mark 0.512ms
[2026-06-17T10:07:41.296+0800][4.604s][info][gc,phases   ] GC(162) y: Pause Mark End 0.006ms
[2026-06-17T10:07:41.297+0800][4.604s][info][gc,phases   ] GC(162) y: Concurrent Mark Free 0.001ms
[2026-06-17T10:07:41.297+0800][4.604s][info][gc,phases   ] GC(162) y: Concurrent Reset Relocation Set 0.006ms
[2026-06-17T10:07:41.297+0800][4.604s][info][gc,reloc    ] GC(162) y: Using tenuring threshold: 2 (Computed)
[2026-06-17T10:07:41.297+0800][4.604s][info][gc,phases   ] GC(162) y: Concurrent Select Relocation Set 0.232ms
[2026-06-17T10:07:41.297+0800][4.605s][info][gc,phases   ] GC(162) y: Pause Relocate Start 0.004ms
[2026-06-17T10:07:41.298+0800][4.605s][info][gc,phases   ] GC(162) y: Concurrent Relocate 0.183ms
[2026-06-17T10:07:41.298+0800][4.605s][info][gc,alloc    ] GC(162) y:                         Mark Start        Mark End      Relocate Start    Relocate End   
[2026-06-17T10:07:41.298+0800][4.605s][info][gc,alloc    ] GC(162) y: Allocation Stalls:          0                0                0                0         
[2026-06-17T10:07:41.298+0800][4.606s][info][gc,load     ] GC(162) y: Load: 0.41 (2%) / 0.44 (2%) / 0.49 (2%)
[2026-06-17T10:07:41.298+0800][4.606s][info][gc,mmu      ] GC(162) y: MMU: 2ms/98.5%, 5ms/99.1%, 10ms/99.4%, 20ms/99.6%, 50ms/99.6%, 100ms/99.7%
[2026-06-17T10:07:41.298+0800][4.606s][info][gc,marking  ] GC(162) y: Mark: 1 stripe(s), 1 proactive flush(es), 1 terminate flush(es), 0 completion(s), 0 continuation(s) 
[2026-06-17T10:07:41.299+0800][4.606s][info][gc,nmethod  ] GC(162) y: NMethods: 74 registered, 6 unregistered
[2026-06-17T10:07:41.299+0800][4.606s][info][gc,metaspace] GC(162) y: Metaspace: 0M used, 0M committed, 1088M reserved
[2026-06-17T10:07:41.299+0800][4.606s][info][gc,reloc    ] GC(162) y:                        Candidates     Selected     In-Place         Size        Empty    Relocated 
[2026-06-17T10:07:41.299+0800][4.606s][info][gc,reloc    ] GC(162) y: Small Pages:                    7            1            0          14M           8M           0M 
[2026-06-17T10:07:41.299+0800][4.606s][info][gc,reloc    ] GC(162) y: Large Pages:                    7            0            0          14M           0M           0M 
[2026-06-17T10:07:41.299+0800][4.606s][info][gc,reloc    ] GC(162) y: Forwarding Usage: 0M
[2026-06-17T10:07:41.299+0800][4.606s][info][gc,reloc    ] GC(162) y: Age Table:
[2026-06-17T10:07:41.299+0800][4.606s][info][gc,reloc    ] GC(162) y:                    Live             Garbage             Small              Medium             Large        
[2026-06-17T10:07:41.299+0800][4.607s][info][gc,reloc    ] GC(162) y: Eden               7M (11%)          10M (17%)          6 / 0              0 / 0              3 / 0        
[2026-06-17T10:07:41.299+0800][4.607s][info][gc,reloc    ] GC(162) y: Survivor 1         8M (14%)           1M (2%)           1 / 1              0 / 0              4 / 0        
[2026-06-17T10:07:41.299+0800][4.607s][info][gc,heap     ] GC(162) y: Min Capacity: 64M(100%)
[2026-06-17T10:07:41.300+0800][4.607s][info][gc,heap     ] GC(162) y: Max Capacity: 64M(100%)
[2026-06-17T10:07:41.300+0800][4.607s][info][gc,heap     ] GC(162) y: Soft Max Capacity: 64M(100%)
[2026-06-17T10:07:41.300+0800][4.607s][info][gc,heap     ] GC(162) y: Heap Statistics:
[2026-06-17T10:07:41.300+0800][4.607s][info][gc,heap     ] GC(162) y:                Mark Start          Mark End        Relocate Start      Relocate End           High               Low         
[2026-06-17T10:07:41.300+0800][4.607s][info][gc,heap     ] GC(162) y:  Capacity:       64M (100%)         64M (100%)         64M (100%)         64M (100%)         64M (100%)         64M (100%)   
[2026-06-17T10:07:41.300+0800][4.607s][info][gc,heap     ] GC(162) y:      Free:        2M (3%)            2M (3%)           10M (16%)          10M (16%)          10M (16%)           2M (3%)     
[2026-06-17T10:07:41.300+0800][4.607s][info][gc,heap     ] GC(162) y:      Used:       62M (97%)          62M (97%)          54M (84%)          54M (84%)          62M (97%)          54M (84%)    
[2026-06-17T10:07:41.300+0800][4.607s][info][gc,heap     ] GC(162) y: Young Generation Statistics:
[2026-06-17T10:07:41.300+0800][4.608s][info][gc,heap     ] GC(162) y:                Mark Start          Mark End        Relocate Start      Relocate End    
[2026-06-17T10:07:41.300+0800][4.608s][info][gc,heap     ] GC(162) y:      Used:       28M (44%)          28M (44%)          20M (31%)          20M (31%)    
[2026-06-17T10:07:41.300+0800][4.608s][info][gc,heap     ] GC(162) y:      Live:         -                15M (25%)          15M (25%)          15M (25%)    
[2026-06-17T10:07:41.300+0800][4.608s][info][gc,heap     ] GC(162) y:   Garbage:         -                12M (19%)           4M (6%)            1M (2%)     
[2026-06-17T10:07:41.300+0800][4.608s][info][gc,heap     ] GC(162) y: Allocated:         -                 0M (0%)            0M (0%)            3M (5%)     
[2026-06-17T10:07:41.301+0800][4.608s][info][gc,heap     ] GC(162) y: Reclaimed:         -                  -                 8M (12%)          11M (17%)    
[2026-06-17T10:07:41.301+0800][4.608s][info][gc,heap     ] GC(162) y:  Promoted:         -                  -                 0M (0%)            0M (0%)     
[2026-06-17T10:07:41.301+0800][4.608s][info][gc,heap     ] GC(162) y: Compacted:         -                  -                  -                 0M (2%)     
[2026-06-17T10:07:41.301+0800][4.608s][info][gc,phases   ] GC(162) y: Young Generation 62M(97%)->54M(84%) 0.003s
[2026-06-17T10:07:41.301+0800][4.608s][info][gc          ] GC(162) Minor Collection (Allocation Rate) 60M(94%)->54M(84%) 0.006s
[2026-06-17T10:07:41.316+0800][4.624s][info][gc          ] GC(163) Major Collection (Allocation Rate)
[2026-06-17T10:07:41.317+0800][4.624s][info][gc,task     ] GC(163) Using 1 Workers for Young Generation
[2026-06-17T10:07:41.317+0800][4.624s][info][gc,task     ] GC(163) Using 1 Workers for Old Generation
[2026-06-17T10:07:41.317+0800][4.624s][info][gc,phases   ] GC(163) Y: Young Generation
[2026-06-17T10:07:41.317+0800][4.624s][info][gc,phases   ] GC(163) Y: Pause Mark Start (Major) 0.013ms
[2026-06-17T10:07:41.318+0800][4.625s][info][gc,phases   ] GC(163) Y: Concurrent Mark 0.577ms
[2026-06-17T10:07:41.318+0800][4.626s][info][gc,phases   ] GC(163) Y: Pause Mark End 0.007ms
[2026-06-17T10:07:41.318+0800][4.626s][info][gc,phases   ] GC(163) Y: Concurrent Mark Free 0.001ms
[2026-06-17T10:07:41.319+0800][4.626s][info][gc,phases   ] GC(163) Y: Concurrent Reset Relocation Set 0.001ms
[2026-06-17T10:07:41.319+0800][4.626s][info][gc,reloc    ] GC(163) Y: Using tenuring threshold: 1 (Computed)
[2026-06-17T10:07:41.319+0800][4.626s][info][gc          ] Allocation Stall (main) 2.346ms
[2026-06-17T10:07:41.319+0800][4.627s][info][gc,phases   ] GC(163) Y: Concurrent Select Relocation Set 0.370ms
[2026-06-17T10:07:41.320+0800][4.627s][info][gc,phases   ] GC(163) Y: Pause Relocate Start 0.013ms
[2026-06-17T10:07:41.320+0800][4.628s][info][gc          ] Allocation Stall (main) 0.634ms
[2026-06-17T10:07:41.320+0800][4.628s][info][gc,phases   ] GC(163) Y: Concurrent Relocate 0.260ms
[2026-06-17T10:07:41.321+0800][4.628s][info][gc,alloc    ] GC(163) Y:                         Mark Start        Mark End      Relocate Start    Relocate End   
[2026-06-17T10:07:41.321+0800][4.628s][info][gc,alloc    ] GC(163) Y: Allocation Stalls:          1                1                1                0         
[2026-06-17T10:07:41.321+0800][4.628s][info][gc,load     ] GC(163) Y: Load: 0.41 (2%) / 0.44 (2%) / 0.49 (2%)
[2026-06-17T10:07:41.321+0800][4.628s][info][gc,mmu      ] GC(163) Y: MMU: 2ms/98.5%, 5ms/99.1%, 10ms/99.4%, 20ms/99.6%, 50ms/99.6%, 100ms/99.7%
[2026-06-17T10:07:41.321+0800][4.629s][info][gc,marking  ] GC(163) Y: Mark: 1 stripe(s), 1 proactive flush(es), 1 terminate flush(es), 0 completion(s), 0 continuation(s) 
[2026-06-17T10:07:41.321+0800][4.629s][info][gc,nmethod  ] GC(163) Y: NMethods: 74 registered, 6 unregistered
[2026-06-17T10:07:41.321+0800][4.629s][info][gc,metaspace] GC(163) Y: Metaspace: 0M used, 0M committed, 1088M reserved
[2026-06-17T10:07:41.321+0800][4.629s][info][gc,reloc    ] GC(163) Y:                        Candidates     Selected     In-Place         Size        Empty    Relocated 
[2026-06-17T10:07:41.321+0800][4.629s][info][gc,reloc    ] GC(163) Y: Small Pages:                    7            3            2          14M           4M           1M 
[2026-06-17T10:07:41.322+0800][4.629s][info][gc,reloc    ] GC(163) Y: Large Pages:                    8            0            0          16M           0M           0M 
[2026-06-17T10:07:41.322+0800][4.629s][info][gc,reloc    ] GC(163) Y: Forwarding Usage: 0M
[2026-06-17T10:07:41.322+0800][4.629s][info][gc,reloc    ] GC(163) Y: Age Table:
[2026-06-17T10:07:41.322+0800][4.629s][info][gc,reloc    ] GC(163) Y:                    Live             Garbage             Small              Medium             Large        
[2026-06-17T10:07:41.322+0800][4.629s][info][gc,reloc    ] GC(163) Y: Eden               2M (3%)            7M (12%)          4 / 1              0 / 0              1 / 0        
[2026-06-17T10:07:41.322+0800][4.629s][info][gc,reloc    ] GC(163) Y: Survivor 1         7M (11%)           2M (4%)           2 / 1              0 / 0              3 / 0        
[2026-06-17T10:07:41.322+0800][4.630s][info][gc,reloc    ] GC(163) Y: Survivor 2         8M (14%)           1M (2%)           1 / 1              0 / 0              4 / 0        
[2026-06-17T10:07:41.322+0800][4.630s][info][gc,heap     ] GC(163) Y: Min Capacity: 64M(100%)
[2026-06-17T10:07:41.322+0800][4.630s][info][gc,heap     ] GC(163) Y: Max Capacity: 64M(100%)
[2026-06-17T10:07:41.323+0800][4.630s][info][gc,heap     ] GC(163) Y: Soft Max Capacity: 64M(100%)
[2026-06-17T10:07:41.323+0800][4.630s][info][gc,heap     ] GC(163) Y: Heap Statistics:
[2026-06-17T10:07:41.323+0800][4.630s][info][gc,heap     ] GC(163) Y:                Mark Start          Mark End        Relocate Start      Relocate End           High               Low         
[2026-06-17T10:07:41.323+0800][4.630s][info][gc,heap     ] GC(163) Y:  Capacity:       64M (100%)         64M (100%)         64M (100%)         64M (100%)         64M (100%)         64M (100%)   
[2026-06-17T10:07:41.323+0800][4.630s][info][gc,heap     ] GC(163) Y:      Free:        0M (0%)            0M (0%)            0M (0%)            2M (3%)            4M (6%)            0M (0%)     
[2026-06-17T10:07:41.323+0800][4.631s][info][gc,heap     ] GC(163) Y:      Used:       64M (100%)         64M (100%)         64M (100%)         62M (97%)          64M (100%)         60M (94%)    
[2026-06-17T10:07:41.324+0800][4.631s][info][gc,heap     ] GC(163) Y: Young Generation Statistics:
[2026-06-17T10:07:41.324+0800][4.631s][info][gc,heap     ] GC(163) Y:                Mark Start          Mark End        Relocate Start      Relocate End    
[2026-06-17T10:07:41.324+0800][4.631s][info][gc,heap     ] GC(163) Y:      Used:       30M (47%)          30M (47%)          14M (22%)           8M (12%)    
[2026-06-17T10:07:41.324+0800][4.631s][info][gc,heap     ] GC(163) Y:      Live:         -                18M (28%)           3M (5%)            2M (3%)     
[2026-06-17T10:07:41.324+0800][4.631s][info][gc,heap     ] GC(163) Y:   Garbage:         -                11M (19%)           6M (11%)           0M (0%)     
[2026-06-17T10:07:41.324+0800][4.631s][info][gc,heap     ] GC(163) Y: Allocated:         -                 0M (0%)            4M (6%)            5M (9%)     
[2026-06-17T10:07:41.324+0800][4.632s][info][gc,heap     ] GC(163) Y: Reclaimed:         -                  -                 5M (8%)           11M (19%)    
[2026-06-17T10:07:41.324+0800][4.632s][info][gc,heap     ] GC(163) Y:  Promoted:         -                  -                14M (23%)          15M (25%)    
[2026-06-17T10:07:41.324+0800][4.632s][info][gc,heap     ] GC(163) Y: Compacted:         -                  -                  -                 0M (0%)     
[2026-06-17T10:07:41.324+0800][4.632s][info][gc,phases   ] GC(163) Y: Young Generation 64M(100%)->62M(97%) 0.004s
[2026-06-17T10:07:41.325+0800][4.632s][info][gc,phases   ] GC(163) O: Old Generation
[2026-06-17T10:07:41.325+0800][4.632s][info][gc          ] GC(164) Minor Collection (Allocation Stall)
[2026-06-17T10:07:41.325+0800][4.632s][info][gc,task     ] GC(164) Using 1 Workers for Young Generation
[2026-06-17T10:07:41.326+0800][4.633s][info][gc,phases   ] GC(164) y: Young Generation
[2026-06-17T10:07:41.326+0800][4.633s][info][gc,phases   ] GC(163) O: Concurrent Mark 1.303ms
[2026-06-17T10:07:41.326+0800][4.633s][info][gc,phases   ] GC(164) y: Pause Mark Start 0.011ms
[2026-06-17T10:07:41.327+0800][4.634s][info][gc,phases   ] GC(163) O: Pause Mark End 0.007ms
[2026-06-17T10:07:41.327+0800][4.634s][info][gc,phases   ] GC(163) O: Concurrent Mark Free 0.001ms
[2026-06-17T10:07:41.327+0800][4.634s][info][gc,phases   ] GC(164) y: Concurrent Mark 0.849ms
[2026-06-17T10:07:41.327+0800][4.635s][info][gc,phases   ] GC(163) O: Concurrent Process Non-Strong 0.294ms
[2026-06-17T10:07:41.327+0800][4.635s][info][gc,phases   ] GC(163) O: Concurrent Reset Relocation Set 0.000ms
[2026-06-17T10:07:41.327+0800][4.635s][info][gc,phases   ] GC(164) y: Pause Mark End 0.005ms
[2026-06-17T10:07:41.328+0800][4.635s][info][gc,phases   ] GC(164) y: Concurrent Mark Free 0.000ms
[2026-06-17T10:07:41.328+0800][4.635s][info][gc,phases   ] GC(164) y: Concurrent Reset Relocation Set 0.003ms
[2026-06-17T10:07:41.328+0800][4.635s][info][gc,phases   ] GC(163) O: Concurrent Select Relocation Set 0.119ms
[2026-06-17T10:07:41.328+0800][4.635s][info][gc,reloc    ] GC(164) y: Using tenuring threshold: 2 (Computed)
[2026-06-17T10:07:41.328+0800][4.636s][info][gc,phases   ] GC(164) y: Concurrent Select Relocation Set 0.402ms
[2026-06-17T10:07:41.328+0800][4.636s][info][gc,phases   ] GC(164) y: Pause Relocate Start 0.005ms
[2026-06-17T10:07:41.329+0800][4.636s][info][gc,phases   ] GC(164) y: Concurrent Relocate 0.159ms
[2026-06-17T10:07:41.329+0800][4.636s][info][gc,alloc    ] GC(164) y:                         Mark Start        Mark End      Relocate Start    Relocate End   
[2026-06-17T10:07:41.329+0800][4.636s][info][gc,alloc    ] GC(164) y: Allocation Stalls:          0                0                0                0         
[2026-06-17T10:07:41.329+0800][4.637s][info][gc,load     ] GC(164) y: Load: 0.41 (2%) / 0.44 (2%) / 0.49 (2%)
[2026-06-17T10:07:41.329+0800][4.637s][info][gc,mmu      ] GC(164) y: MMU: 2ms/98.5%, 5ms/99.1%, 10ms/99.4%, 20ms/99.6%, 50ms/99.6%, 100ms/99.7%
[2026-06-17T10:07:41.329+0800][4.637s][info][gc,marking  ] GC(164) y: Mark: 1 stripe(s), 1 proactive flush(es), 1 terminate flush(es), 0 completion(s), 0 continuation(s) 
[2026-06-17T10:07:41.329+0800][4.637s][info][gc,nmethod  ] GC(164) y: NMethods: 74 registered, 6 unregistered
[2026-06-17T10:07:41.330+0800][4.637s][info][gc,metaspace] GC(164) y: Metaspace: 0M used, 0M committed, 1088M reserved
[2026-06-17T10:07:41.330+0800][4.637s][info][gc,reloc    ] GC(164) y:                        Candidates     Selected     In-Place         Size        Empty    Relocated 
[2026-06-17T10:07:41.330+0800][4.637s][info][gc,reloc    ] GC(164) y: Small Pages:                    2            1            0           4M           0M           0M 
[2026-06-17T10:07:41.330+0800][4.637s][info][gc,reloc    ] GC(164) y: Large Pages:                    3            0            0           6M           0M           0M 
[2026-06-17T10:07:41.330+0800][4.637s][info][gc,reloc    ] GC(164) y: Forwarding Usage: 0M
[2026-06-17T10:07:41.330+0800][4.637s][info][gc,reloc    ] GC(164) y: Age Table:
[2026-06-17T10:07:41.330+0800][4.637s][info][gc,reloc    ] GC(164) y:                    Live             Garbage             Small              Medium             Large        
[2026-06-17T10:07:41.330+0800][4.638s][info][gc,reloc    ] GC(164) y: Eden               4M (7%)            1M (2%)           1 / 1              0 / 0              2 / 0        
[2026-06-17T10:07:41.330+0800][4.638s][info][gc,reloc    ] GC(164) y: Survivor 1         2M (3%)            1M (3%)           1 / 0              0 / 0              1 / 0        
[2026-06-17T10:07:41.330+0800][4.638s][info][gc,heap     ] GC(164) y: Min Capacity: 64M(100%)
[2026-06-17T10:07:41.330+0800][4.638s][info][gc,heap     ] GC(164) y: Max Capacity: 64M(100%)
[2026-06-17T10:07:41.330+0800][4.638s][info][gc,heap     ] GC(164) y: Soft Max Capacity: 64M(100%)
[2026-06-17T10:07:41.331+0800][4.638s][info][gc,heap     ] GC(164) y: Heap Statistics:
[2026-06-17T10:07:41.331+0800][4.638s][info][gc,heap     ] GC(164) y:                Mark Start          Mark End        Relocate Start      Relocate End           High               Low         
[2026-06-17T10:07:41.331+0800][4.638s][info][gc,heap     ] GC(164) y:  Capacity:       64M (100%)         64M (100%)         64M (100%)         64M (100%)         64M (100%)         64M (100%)   
[2026-06-17T10:07:41.331+0800][4.638s][info][gc,heap     ] GC(164) y:      Free:        2M (3%)            2M (3%)            2M (3%)            2M (3%)            2M (3%)            0M (0%)     
[2026-06-17T10:07:41.331+0800][4.638s][info][gc,heap     ] GC(164) y:      Used:       62M (97%)          62M (97%)          62M (97%)          62M (97%)          64M (100%)         62M (97%)    
[2026-06-17T10:07:41.331+0800][4.638s][info][gc,heap     ] GC(164) y: Young Generation Statistics:
[2026-06-17T10:07:41.331+0800][4.639s][info][gc,heap     ] GC(164) y:                Mark Start          Mark End        Relocate Start      Relocate End    
[2026-06-17T10:07:41.331+0800][4.639s][info][gc,heap     ] GC(164) y:      Used:       10M (16%)          10M (16%)          10M (16%)          10M (16%)    
[2026-06-17T10:07:41.331+0800][4.639s][info][gc,heap     ] GC(164) y:      Live:         -                 6M (11%)           6M (11%)           6M (11%)    
[2026-06-17T10:07:41.331+0800][4.639s][info][gc,heap     ] GC(164) y:   Garbage:         -                 3M (5%)            3M (5%)            0M (0%)     
[2026-06-17T10:07:41.332+0800][4.639s][info][gc,heap     ] GC(164) y: Allocated:         -                 0M (0%)            0M (0%)            3M (5%)     
[2026-06-17T10:07:41.332+0800][4.639s][info][gc,heap     ] GC(164) y: Reclaimed:         -                  -                 0M (0%)            3M (5%)     
[2026-06-17T10:07:41.332+0800][4.639s][info][gc,heap     ] GC(164) y:  Promoted:         -                  -                 0M (0%)            0M (0%)     
[2026-06-17T10:07:41.332+0800][4.639s][info][gc,heap     ] GC(164) y: Compacted:         -                  -                  -                 0M (1%)     
[2026-06-17T10:07:41.332+0800][4.639s][info][gc,phases   ] GC(164) y: Young Generation 62M(97%)->62M(97%) 0.003s
[2026-06-17T10:07:41.332+0800][4.639s][info][gc          ] GC(164) Minor Collection (Allocation Stall) 62M(97%)->64M(100%) 0.007s
[2026-06-17T10:07:41.332+0800][4.640s][info][gc          ] GC(165) Minor Collection (Allocation Stall)
[2026-06-17T10:07:41.332+0800][4.640s][info][gc,task     ] GC(165) Using 1 Workers for Young Generation
[2026-06-17T10:07:41.332+0800][4.640s][info][gc,phases   ] GC(165) y: Young Generation
[2026-06-17T10:07:41.333+0800][4.640s][info][gc,phases   ] GC(165) y: Pause Mark Start 0.007ms
[2026-06-17T10:07:41.333+0800][4.640s][info][gc,phases   ] GC(165) y: Concurrent Mark 0.398ms
[2026-06-17T10:07:41.333+0800][4.641s][info][gc,phases   ] GC(165) y: Pause Mark End 0.005ms
[2026-06-17T10:07:41.333+0800][4.641s][info][gc,phases   ] GC(165) y: Concurrent Mark Free 0.002ms
[2026-06-17T10:07:41.333+0800][4.641s][info][gc,phases   ] GC(165) y: Concurrent Reset Relocation Set 0.000ms
[2026-06-17T10:07:41.334+0800][4.641s][info][gc,reloc    ] GC(165) y: Using tenuring threshold: 2 (Computed)
[2026-06-17T10:07:41.334+0800][4.641s][info][gc,phases   ] GC(165) y: Concurrent Select Relocation Set 0.187ms
[2026-06-17T10:07:41.334+0800][4.641s][info][gc,phases   ] GC(165) y: Pause Relocate Start 0.004ms
[2026-06-17T10:07:41.334+0800][4.641s][info][gc,phases   ] GC(165) y: Concurrent Relocate 0.105ms
[2026-06-17T10:07:41.334+0800][4.642s][info][gc,alloc    ] GC(165) y:                         Mark Start        Mark End      Relocate Start    Relocate End   
[2026-06-17T10:07:41.334+0800][4.642s][info][gc,alloc    ] GC(165) y: Allocation Stalls:          1                1                1                1         
[2026-06-17T10:07:41.335+0800][4.642s][info][gc,load     ] GC(165) y: Load: 0.41 (2%) / 0.44 (2%) / 0.49 (2%)
[2026-06-17T10:07:41.335+0800][4.642s][info][gc,mmu      ] GC(165) y: MMU: 2ms/98.5%, 5ms/99.1%, 10ms/99.4%, 20ms/99.6%, 50ms/99.6%, 100ms/99.7%
[2026-06-17T10:07:41.335+0800][4.642s][info][gc,marking  ] GC(165) y: Mark: 1 stripe(s), 1 proactive flush(es), 1 terminate flush(es), 0 completion(s), 0 continuation(s) 
[2026-06-17T10:07:41.335+0800][4.642s][info][gc,nmethod  ] GC(165) y: NMethods: 74 registered, 6 unregistered
[2026-06-17T10:07:41.335+0800][4.642s][info][gc,metaspace] GC(165) y: Metaspace: 0M used, 0M committed, 1088M reserved
[2026-06-17T10:07:41.335+0800][4.642s][info][gc,reloc    ] GC(165) y:                        Candidates     Selected     In-Place         Size        Empty    Relocated 
[2026-06-17T10:07:41.335+0800][4.643s][info][gc,reloc    ] GC(165) y: Small Pages:                    3            1            2           6M           0M           0M 
[2026-06-17T10:07:41.335+0800][4.643s][info][gc,reloc    ] GC(165) y: Large Pages:                    3            0            0           6M           0M           0M 
[2026-06-17T10:07:41.335+0800][4.643s][info][gc,reloc    ] GC(165) y: Forwarding Usage: 0M
[2026-06-17T10:07:41.335+0800][4.643s][info][gc,reloc    ] GC(165) y: Age Table:
[2026-06-17T10:07:41.335+0800][4.643s][info][gc,reloc    ] GC(165) y:                    Live             Garbage             Small              Medium             Large        
[2026-06-17T10:07:41.336+0800][4.643s][info][gc,reloc    ] GC(165) y: Eden               1M (3%)            0M (0%)           1 / 0              0 / 0              0 / 0        
[2026-06-17T10:07:41.336+0800][4.643s][info][gc,reloc    ] GC(165) y: Survivor 1         4M (7%)            1M (2%)           1 / 1              0 / 0              2 / 0        
[2026-06-17T10:07:41.336+0800][4.643s][info][gc,reloc    ] GC(165) y: Survivor 2         2M (3%)            1M (3%)           1 / 0              0 / 0              1 / 0        
[2026-06-17T10:07:41.336+0800][4.643s][info][gc,heap     ] GC(165) y: Min Capacity: 64M(100%)
[2026-06-17T10:07:41.336+0800][4.643s][info][gc,heap     ] GC(165) y: Max Capacity: 64M(100%)
[2026-06-17T10:07:41.336+0800][4.643s][info][gc,heap     ] GC(165) y: Soft Max Capacity: 64M(100%)
[2026-06-17T10:07:41.336+0800][4.643s][info][gc,heap     ] GC(165) y: Heap Statistics:
[2026-06-17T10:07:41.336+0800][4.644s][info][gc,heap     ] GC(165) y:                Mark Start          Mark End        Relocate Start      Relocate End           High               Low         
[2026-06-17T10:07:41.336+0800][4.644s][info][gc,heap     ] GC(165) y:  Capacity:       64M (100%)         64M (100%)         64M (100%)         64M (100%)         64M (100%)         64M (100%)   
[2026-06-17T10:07:41.336+0800][4.644s][info][gc,heap     ] GC(165) y:      Free:        0M (0%)            0M (0%)            0M (0%)            0M (0%)            0M (0%)            0M (0%)     
[2026-06-17T10:07:41.336+0800][4.644s][info][gc,heap     ] GC(165) y:      Used:       64M (100%)         64M (100%)         64M (100%)         64M (100%)         64M (100%)         64M (100%)   
[2026-06-17T10:07:41.336+0800][4.644s][info][gc,heap     ] GC(165) y: Young Generation Statistics:
[2026-06-17T10:07:41.337+0800][4.644s][info][gc,heap     ] GC(165) y:                Mark Start          Mark End        Relocate Start      Relocate End    
[2026-06-17T10:07:41.337+0800][4.644s][info][gc,heap     ] GC(165) y:      Used:       12M (19%)          12M (19%)          10M (16%)           8M (12%)    
[2026-06-17T10:07:41.337+0800][4.644s][info][gc,heap     ] GC(165) y:      Live:         -                 8M (14%)           6M (11%)           6M (10%)    
[2026-06-17T10:07:41.337+0800][4.644s][info][gc,heap     ] GC(165) y:   Garbage:         -                 3M (5%)            3M (5%)            0M (0%)     
[2026-06-17T10:07:41.337+0800][4.644s][info][gc,heap     ] GC(165) y: Allocated:         -                 0M (0%)            0M (0%)            1M (2%)     
[2026-06-17T10:07:41.337+0800][4.644s][info][gc,heap     ] GC(165) y: Reclaimed:         -                  -                 0M (0%)            3M (5%)     
[2026-06-17T10:07:41.337+0800][4.644s][info][gc,heap     ] GC(165) y:  Promoted:         -                  -                 2M (3%)            2M (3%)     
[2026-06-17T10:07:41.337+0800][4.644s][info][gc,heap     ] GC(165) y: Compacted:         -                  -                  -                 0M (1%)     
[2026-06-17T10:07:41.337+0800][4.644s][info][gc,phases   ] GC(165) y: Young Generation 64M(100%)->64M(100%) 0.002s
[2026-06-17T10:07:41.337+0800][4.645s][info][gc          ] GC(165) Minor Collection (Allocation Stall) 64M(100%)->64M(100%) 0.005s
[2026-06-17T10:07:41.337+0800][4.645s][info][gc,task     ] GC(163) O: Using 1 Workers for Old Generation
[2026-06-17T10:07:41.337+0800][4.645s][info][gc,task     ] GC(163) O: Using 1 Workers for Old Generation
[2026-06-17T10:07:41.338+0800][4.646s][info][gc,phases   ] GC(163) O: Concurrent Remap Roots 1.087ms
[2026-06-17T10:07:41.340+0800][4.648s][info][gc,phases   ] GC(163) O: Pause Relocate Start 0.007ms
[2026-06-17T10:07:41.341+0800][4.648s][info][gc          ] GC(166) Minor Collection (High Usage)
[2026-06-17T10:07:41.341+0800][4.648s][info][gc,task     ] GC(166) Using 1 Workers for Young Generation
[2026-06-17T10:07:41.341+0800][4.648s][info][gc,phases   ] GC(163) O: Concurrent Relocate 0.065ms
[2026-06-17T10:07:41.341+0800][4.648s][info][gc,phases   ] GC(166) y: Young Generation
[2026-06-17T10:07:41.341+0800][4.649s][info][gc,phases   ] GC(166) y: Pause Mark Start 0.006ms
[2026-06-17T10:07:41.342+0800][4.649s][info][gc,phases   ] GC(166) y: Concurrent Mark 0.380ms
[2026-06-17T10:07:41.342+0800][4.649s][info][gc,phases   ] GC(166) y: Pause Mark End 0.005ms
[2026-06-17T10:07:41.342+0800][4.649s][info][gc,phases   ] GC(166) y: Concurrent Mark Free 0.001ms
[2026-06-17T10:07:41.342+0800][4.649s][info][gc,phases   ] GC(166) y: Concurrent Reset Relocation Set 0.002ms
[2026-06-17T10:07:41.342+0800][4.649s][info][gc,reloc    ] GC(166) y: Using tenuring threshold: 1 (Computed)
[2026-06-17T10:07:41.342+0800][4.650s][info][gc,phases   ] GC(166) y: Concurrent Select Relocation Set 0.239ms
[2026-06-17T10:07:41.342+0800][4.650s][info][gc,phases   ] GC(166) y: Pause Relocate Start 0.003ms
[2026-06-17T10:07:41.343+0800][4.650s][info][gc,phases   ] GC(166) y: Concurrent Relocate 0.091ms
[2026-06-17T10:07:41.343+0800][4.650s][info][gc,alloc    ] GC(166) y:                         Mark Start        Mark End      Relocate Start    Relocate End   
[2026-06-17T10:07:41.343+0800][4.650s][info][gc,alloc    ] GC(166) y: Allocation Stalls:          1                1                1                1         
[2026-06-17T10:07:41.343+0800][4.650s][info][gc,load     ] GC(166) y: Load: 0.41 (2%) / 0.44 (2%) / 0.49 (2%)
[2026-06-17T10:07:41.343+0800][4.650s][info][gc,mmu      ] GC(166) y: MMU: 2ms/98.5%, 5ms/99.1%, 10ms/99.4%, 20ms/99.6%, 50ms/99.6%, 100ms/99.7%
[2026-06-17T10:07:41.343+0800][4.650s][info][gc,marking  ] GC(166) y: Mark: 1 stripe(s), 1 proactive flush(es), 1 terminate flush(es), 0 completion(s), 0 continuation(s) 
[2026-06-17T10:07:41.343+0800][4.651s][info][gc,nmethod  ] GC(166) y: NMethods: 74 registered, 6 unregistered
[2026-06-17T10:07:41.343+0800][4.651s][info][gc,metaspace] GC(166) y: Metaspace: 0M used, 0M committed, 1088M reserved
[2026-06-17T10:07:41.343+0800][4.651s][info][gc,reloc    ] GC(166) y:                        Candidates     Selected     In-Place         Size        Empty    Relocated 
[2026-06-17T10:07:41.343+0800][4.651s][info][gc,reloc    ] GC(166) y: Small Pages:                    2            0            0           4M           0M           0M 
[2026-06-17T10:07:41.344+0800][4.651s][info][gc,reloc    ] GC(166) y: Large Pages:                    2            0            0           4M           0M           0M 
[2026-06-17T10:07:41.344+0800][4.651s][info][gc,reloc    ] GC(166) y: Forwarding Usage: 0M
[2026-06-17T10:07:41.344+0800][4.651s][info][gc,reloc    ] GC(166) y: Age Table:
[2026-06-17T10:07:41.344+0800][4.651s][info][gc,reloc    ] GC(166) y:                    Live             Garbage             Small              Medium             Large        
[2026-06-17T10:07:41.344+0800][4.651s][info][gc,reloc    ] GC(166) y: Eden                -                 0M (0%)           0 / 0              0 / 0              0 / 0        
[2026-06-17T10:07:41.344+0800][4.652s][info][gc,reloc    ] GC(166) y: Survivor 1         1M (3%)            0M (0%)           1 / 0              0 / 0              0 / 0        
[2026-06-17T10:07:41.344+0800][4.652s][info][gc,reloc    ] GC(166) y: Survivor 2         4M (7%)            1M (2%)           1 / 0              0 / 0              2 / 0        
[2026-06-17T10:07:41.344+0800][4.652s][info][gc,heap     ] GC(166) y: Min Capacity: 64M(100%)
[2026-06-17T10:07:41.344+0800][4.652s][info][gc,heap     ] GC(166) y: Max Capacity: 64M(100%)
[2026-06-17T10:07:41.344+0800][4.652s][info][gc,heap     ] GC(166) y: Soft Max Capacity: 64M(100%)
[2026-06-17T10:07:41.344+0800][4.652s][info][gc,heap     ] GC(166) y: Heap Statistics:
[2026-06-17T10:07:41.345+0800][4.652s][info][gc,heap     ] GC(166) y:                Mark Start          Mark End        Relocate Start      Relocate End           High               Low         
[2026-06-17T10:07:41.345+0800][4.652s][info][gc,heap     ] GC(166) y:  Capacity:       64M (100%)         64M (100%)         64M (100%)         64M (100%)         64M (100%)         64M (100%)   
[2026-06-17T10:07:41.345+0800][4.652s][info][gc,heap     ] GC(166) y:      Free:        0M (0%)            0M (0%)            0M (0%)            0M (0%)            0M (0%)            0M (0%)     
[2026-06-17T10:07:41.345+0800][4.652s][info][gc,heap     ] GC(166) y:      Used:       64M (100%)         64M (100%)         64M (100%)         64M (100%)         64M (100%)         64M (100%)   
[2026-06-17T10:07:41.345+0800][4.652s][info][gc,heap     ] GC(166) y: Young Generation Statistics:
[2026-06-17T10:07:41.345+0800][4.652s][info][gc,heap     ] GC(166) y:                Mark Start          Mark End        Relocate Start      Relocate End    
[2026-06-17T10:07:41.345+0800][4.652s][info][gc,heap     ] GC(166) y:      Used:        8M (12%)           8M (12%)           0M (0%)            0M (0%)     
[2026-06-17T10:07:41.345+0800][4.652s][info][gc,heap     ] GC(166) y:      Live:         -                 6M (10%)           0M (0%)            0M (0%)     
[2026-06-17T10:07:41.345+0800][4.652s][info][gc,heap     ] GC(166) y:   Garbage:         -                 1M (2%)            0M (0%)            0M (0%)     
[2026-06-17T10:07:41.345+0800][4.653s][info][gc,heap     ] GC(166) y: Allocated:         -                 0M (0%)            0M (0%)            0M (0%)     
[2026-06-17T10:07:41.345+0800][4.653s][info][gc,heap     ] GC(166) y: Reclaimed:         -                  -                 1M (2%)            1M (2%)     
[2026-06-17T10:07:41.345+0800][4.653s][info][gc,heap     ] GC(166) y:  Promoted:         -                  -                 6M (10%)           6M (10%)    
[2026-06-17T10:07:41.346+0800][4.653s][info][gc,heap     ] GC(166) y: Compacted:         -                  -                  -                 0M (0%)     
[2026-06-17T10:07:41.346+0800][4.653s][info][gc,phases   ] GC(166) y: Young Generation 64M(100%)->64M(100%) 0.002s
[2026-06-17T10:07:41.346+0800][4.653s][info][gc          ] GC(166) Minor Collection (High Usage) 64M(100%)->64M(100%) 0.005s
[2026-06-17T10:07:41.346+0800][4.653s][info][gc,alloc    ] GC(163) O:                         Mark Start        Mark End      Relocate Start    Relocate End   
[2026-06-17T10:07:41.346+0800][4.653s][info][gc,alloc    ] GC(163) O: Allocation Stalls:          1                0                1                1         
[2026-06-17T10:07:41.346+0800][4.653s][info][gc,load     ] GC(163) O: Load: 0.41 (2%) / 0.44 (2%) / 0.49 (2%)
[2026-06-17T10:07:41.346+0800][4.654s][info][gc,mmu      ] GC(163) O: MMU: 2ms/98.5%, 5ms/99.1%, 10ms/99.4%, 20ms/99.6%, 50ms/99.6%, 100ms/99.7%
[2026-06-17T10:07:41.346+0800][4.654s][info][gc,marking  ] GC(163) O: Mark: 1 stripe(s), 2 proactive flush(es), 1 terminate flush(es), 0 completion(s), 0 continuation(s) 
[2026-06-17T10:07:41.346+0800][4.654s][info][gc,nmethod  ] GC(163) O: NMethods: 74 registered, 6 unregistered
[2026-06-17T10:07:41.347+0800][4.654s][info][gc,metaspace] GC(163) O: Metaspace: 0M used, 0M committed, 1088M reserved
[2026-06-17T10:07:41.347+0800][4.654s][info][gc,ref      ] GC(163) O:                       Encountered   Discovered     Enqueued 
[2026-06-17T10:07:41.347+0800][4.654s][info][gc,ref      ] GC(163) O: Soft References:                0            0            0 
[2026-06-17T10:07:41.347+0800][4.654s][info][gc,ref      ] GC(163) O: Weak References:                6            0            0 
[2026-06-17T10:07:41.347+0800][4.654s][info][gc,ref      ] GC(163) O: Final References:               0            0            0 
[2026-06-17T10:07:41.347+0800][4.654s][info][gc,ref      ] GC(163) O: Phantom References:             1            1            0 
[2026-06-17T10:07:41.347+0800][4.655s][info][gc,reloc    ] GC(163) O:                        Candidates     Selected     In-Place         Size        Empty    Relocated 
[2026-06-17T10:07:41.347+0800][4.655s][info][gc,reloc    ] GC(163) O: Small Pages:                    4            0            0           8M           0M           0M 
[2026-06-17T10:07:41.347+0800][4.655s][info][gc,reloc    ] GC(163) O: Large Pages:                   13            0            0          26M           0M           0M 
[2026-06-17T10:07:41.347+0800][4.655s][info][gc,reloc    ] GC(163) O: Forwarding Usage: 0M
[2026-06-17T10:07:41.347+0800][4.655s][info][gc,heap     ] GC(163) O: Min Capacity: 64M(100%)
[2026-06-17T10:07:41.348+0800][4.655s][info][gc,heap     ] GC(163) O: Max Capacity: 64M(100%)
[2026-06-17T10:07:41.348+0800][4.655s][info][gc,heap     ] GC(163) O: Soft Max Capacity: 64M(100%)
[2026-06-17T10:07:41.348+0800][4.655s][info][gc,heap     ] GC(163) O: Heap Statistics:
[2026-06-17T10:07:41.348+0800][4.655s][info][gc,heap     ] GC(163) O:                Mark Start          Mark End        Relocate Start      Relocate End           High               Low         
[2026-06-17T10:07:41.348+0800][4.655s][info][gc,heap     ] GC(163) O:  Capacity:       64M (100%)         64M (100%)         64M (100%)         64M (100%)         64M (100%)         64M (100%)   
[2026-06-17T10:07:41.348+0800][4.655s][info][gc,heap     ] GC(163) O:      Free:        0M (0%)            2M (3%)            0M (0%)            0M (0%)            4M (6%)            0M (0%)     
[2026-06-17T10:07:41.348+0800][4.655s][info][gc,heap     ] GC(163) O:      Used:       64M (100%)         62M (97%)          64M (100%)         64M (100%)         64M (100%)         60M (94%)    
[2026-06-17T10:07:41.348+0800][4.656s][info][gc,heap     ] GC(163) O: Old Generation Statistics:
[2026-06-17T10:07:41.348+0800][4.656s][info][gc,heap     ] GC(163) O:                Mark Start          Mark End        Relocate Start      Relocate End    
[2026-06-17T10:07:41.348+0800][4.656s][info][gc,heap     ] GC(163) O:      Used:       34M (53%)          52M (81%)          56M (88%)          56M (88%)    
[2026-06-17T10:07:41.349+0800][4.656s][info][gc,heap     ] GC(163) O:      Live:         -                31M (50%)          31M (50%)          31M (50%)    
[2026-06-17T10:07:41.349+0800][4.656s][info][gc,heap     ] GC(163) O:   Garbage:         -                 2M (3%)            2M (3%)            2M (3%)     
[2026-06-17T10:07:41.349+0800][4.656s][info][gc,heap     ] GC(163) O: Allocated:         -                18M (28%)          22M (34%)          22M (34%)    
[2026-06-17T10:07:41.349+0800][4.656s][info][gc,heap     ] GC(163) O: Reclaimed:         -                  -                 0M (0%)            0M (0%)     
[2026-06-17T10:07:41.349+0800][4.656s][info][gc,heap     ] GC(163) O: Compacted:         -                  -                  -                 0M (0%)     
[2026-06-17T10:07:41.349+0800][4.657s][info][gc,phases   ] GC(163) O: Old Generation 62M(97%)->64M(100%) 0.021s
[2026-06-17T10:07:41.349+0800][4.657s][info][gc          ] GC(163) Major Collection (Allocation Rate) 60M(94%)->64M(100%) 0.033s
[2026-06-17T10:07:41.349+0800][4.657s][info][gc          ] GC(167) Major Collection (Allocation Stall)
[2026-06-17T10:07:41.349+0800][4.657s][info][gc,task     ] GC(167) Using 1 Workers for Young Generation
[2026-06-17T10:07:41.349+0800][4.657s][info][gc,task     ] GC(167) Using 1 Workers for Old Generation
[2026-06-17T10:07:41.350+0800][4.657s][info][gc,phases   ] GC(167) Y: Young Generation (Promote All)
[2026-06-17T10:07:41.350+0800][4.657s][info][gc,phases   ] GC(167) Y: Pause Mark Start 0.008ms
[2026-06-17T10:07:41.350+0800][4.658s][info][gc,phases   ] GC(167) Y: Concurrent Mark 0.357ms
[2026-06-17T10:07:41.350+0800][4.658s][info][gc,phases   ] GC(167) Y: Pause Mark End 0.005ms
[2026-06-17T10:07:41.351+0800][4.658s][info][gc,phases   ] GC(167) Y: Concurrent Mark Free 0.000ms
[2026-06-17T10:07:41.351+0800][4.658s][info][gc,phases   ] GC(167) Y: Concurrent Reset Relocation Set 0.002ms
[2026-06-17T10:07:41.351+0800][4.658s][info][gc,reloc    ] GC(167) Y: Using tenuring threshold: 0 (Promote All)
[2026-06-17T10:07:41.351+0800][4.658s][info][gc,phases   ] GC(167) Y: Concurrent Select Relocation Set 0.165ms
[2026-06-17T10:07:41.351+0800][4.658s][info][gc,phases   ] GC(167) Y: Pause Relocate Start 0.003ms
[2026-06-17T10:07:41.351+0800][4.659s][info][gc,phases   ] GC(167) Y: Concurrent Relocate 0.096ms
[2026-06-17T10:07:41.351+0800][4.659s][info][gc,alloc    ] GC(167) Y:                         Mark Start        Mark End      Relocate Start    Relocate End   
[2026-06-17T10:07:41.351+0800][4.659s][info][gc,alloc    ] GC(167) Y: Allocation Stalls:          1                1                1                1         
[2026-06-17T10:07:41.351+0800][4.659s][info][gc,load     ] GC(167) Y: Load: 0.41 (2%) / 0.44 (2%) / 0.49 (2%)
[2026-06-17T10:07:41.352+0800][4.659s][info][gc,mmu      ] GC(167) Y: MMU: 2ms/98.5%, 5ms/99.1%, 10ms/99.4%, 20ms/99.6%, 50ms/99.6%, 100ms/99.7%
[2026-06-17T10:07:41.352+0800][4.659s][info][gc,marking  ] GC(167) Y: Mark: 1 stripe(s), 1 proactive flush(es), 1 terminate flush(es), 0 completion(s), 0 continuation(s) 
[2026-06-17T10:07:41.352+0800][4.659s][info][gc,nmethod  ] GC(167) Y: NMethods: 74 registered, 6 unregistered
[2026-06-17T10:07:41.352+0800][4.659s][info][gc,metaspace] GC(167) Y: Metaspace: 0M used, 0M committed, 1088M reserved
[2026-06-17T10:07:41.352+0800][4.659s][info][gc,heap     ] GC(167) Y: Min Capacity: 64M(100%)
[2026-06-17T10:07:41.352+0800][4.659s][info][gc,heap     ] GC(167) Y: Max Capacity: 64M(100%)
[2026-06-17T10:07:41.352+0800][4.659s][info][gc,heap     ] GC(167) Y: Soft Max Capacity: 64M(100%)
[2026-06-17T10:07:41.352+0800][4.659s][info][gc,heap     ] GC(167) Y: Heap Statistics:
[2026-06-17T10:07:41.352+0800][4.660s][info][gc,heap     ] GC(167) Y:                Mark Start          Mark End        Relocate Start      Relocate End           High               Low         
[2026-06-17T10:07:41.352+0800][4.660s][info][gc,heap     ] GC(167) Y:  Capacity:       64M (100%)         64M (100%)         64M (100%)         64M (100%)         64M (100%)         64M (100%)   
[2026-06-17T10:07:41.352+0800][4.660s][info][gc,heap     ] GC(167) Y:      Free:        0M (0%)            0M (0%)            0M (0%)            0M (0%)            0M (0%)            0M (0%)     
[2026-06-17T10:07:41.352+0800][4.660s][info][gc,heap     ] GC(167) Y:      Used:       64M (100%)         64M (100%)         64M (100%)         64M (100%)         64M (100%)         64M (100%)   
[2026-06-17T10:07:41.352+0800][4.660s][info][gc,heap     ] GC(167) Y: Young Generation Statistics:
[2026-06-17T10:07:41.353+0800][4.660s][info][gc,heap     ] GC(167) Y:                Mark Start          Mark End        Relocate Start      Relocate End    
[2026-06-17T10:07:41.353+0800][4.660s][info][gc,heap     ] GC(167) Y:      Used:        0M (0%)            0M (0%)            0M (0%)            0M (0%)     
[2026-06-17T10:07:41.353+0800][4.660s][info][gc,heap     ] GC(167) Y:      Live:         -                 0M (0%)            0M (0%)            0M (0%)     
[2026-06-17T10:07:41.353+0800][4.660s][info][gc,heap     ] GC(167) Y:   Garbage:         -                 0M (0%)            0M (0%)            0M (0%)     
[2026-06-17T10:07:41.353+0800][4.660s][info][gc,heap     ] GC(167) Y: Allocated:         -                 0M (0%)            0M (0%)            0M (0%)     
[2026-06-17T10:07:41.353+0800][4.660s][info][gc,heap     ] GC(167) Y: Reclaimed:         -                  -                 0M (0%)            0M (0%)     
[2026-06-17T10:07:41.353+0800][4.660s][info][gc,heap     ] GC(167) Y:  Promoted:         -                  -                 0M (0%)            0M (0%)     
[2026-06-17T10:07:41.353+0800][4.661s][info][gc,heap     ] GC(167) Y: Compacted:         -                  -                  -                 0M (0%)     
[2026-06-17T10:07:41.353+0800][4.661s][info][gc,phases   ] GC(167) Y: Young Generation (Promote All) 64M(100%)->64M(100%) 0.002s
[2026-06-17T10:07:41.353+0800][4.661s][info][gc,phases   ] GC(167) Y: Young Generation (Collect Roots)
[2026-06-17T10:07:41.353+0800][4.661s][info][gc,phases   ] GC(167) Y: Pause Mark Start (Major) 0.007ms
[2026-06-17T10:07:41.354+0800][4.661s][info][gc,phases   ] GC(167) Y: Concurrent Mark 0.442ms
[2026-06-17T10:07:41.354+0800][4.662s][info][gc,phases   ] GC(167) Y: Pause Mark End 0.005ms
[2026-06-17T10:07:41.354+0800][4.662s][info][gc,phases   ] GC(167) Y: Concurrent Mark Free 0.000ms
[2026-06-17T10:07:41.354+0800][4.662s][info][gc,phases   ] GC(167) Y: Concurrent Reset Relocation Set 0.000ms
[2026-06-17T10:07:41.355+0800][4.662s][info][gc,reloc    ] GC(167) Y: Using tenuring threshold: 0 (Computed)
[2026-06-17T10:07:41.355+0800][4.662s][info][gc,phases   ] GC(167) Y: Concurrent Select Relocation Set 0.176ms
[2026-06-17T10:07:41.355+0800][4.662s][info][gc,phases   ] GC(167) Y: Pause Relocate Start 0.003ms
[2026-06-17T10:07:41.355+0800][4.662s][info][gc,phases   ] GC(167) Y: Concurrent Relocate 0.099ms
[2026-06-17T10:07:41.355+0800][4.663s][info][gc,alloc    ] GC(167) Y:                         Mark Start        Mark End      Relocate Start    Relocate End   
[2026-06-17T10:07:41.355+0800][4.663s][info][gc,alloc    ] GC(167) Y: Allocation Stalls:          1                1                1                1         
[2026-06-17T10:07:41.355+0800][4.663s][info][gc,load     ] GC(167) Y: Load: 0.41 (2%) / 0.44 (2%) / 0.49 (2%)
[2026-06-17T10:07:41.355+0800][4.663s][info][gc,mmu      ] GC(167) Y: MMU: 2ms/98.5%, 5ms/99.1%, 10ms/99.4%, 20ms/99.6%, 50ms/99.6%, 100ms/99.7%
[2026-06-17T10:07:41.356+0800][4.663s][info][gc,marking  ] GC(167) Y: Mark: 1 stripe(s), 1 proactive flush(es), 1 terminate flush(es), 0 completion(s), 0 continuation(s) 
[2026-06-17T10:07:41.356+0800][4.663s][info][gc,nmethod  ] GC(167) Y: NMethods: 74 registered, 6 unregistered
[2026-06-17T10:07:41.356+0800][4.663s][info][gc,metaspace] GC(167) Y: Metaspace: 0M used, 0M committed, 1088M reserved
[2026-06-17T10:07:41.356+0800][4.663s][info][gc,heap     ] GC(167) Y: Min Capacity: 64M(100%)
[2026-06-17T10:07:41.356+0800][4.663s][info][gc,heap     ] GC(167) Y: Max Capacity: 64M(100%)
[2026-06-17T10:07:41.356+0800][4.663s][info][gc,heap     ] GC(167) Y: Soft Max Capacity: 64M(100%)
[2026-06-17T10:07:41.356+0800][4.663s][info][gc,heap     ] GC(167) Y: Heap Statistics:
[2026-06-17T10:07:41.356+0800][4.664s][info][gc,heap     ] GC(167) Y:                Mark Start          Mark End        Relocate Start      Relocate End           High               Low         
[2026-06-17T10:07:41.356+0800][4.664s][info][gc,heap     ] GC(167) Y:  Capacity:       64M (100%)         64M (100%)         64M (100%)         64M (100%)         64M (100%)         64M (100%)   
[2026-06-17T10:07:41.356+0800][4.664s][info][gc,heap     ] GC(167) Y:      Free:        0M (0%)            0M (0%)            0M (0%)            0M (0%)            0M (0%)            0M (0%)     
[2026-06-17T10:07:41.356+0800][4.664s][info][gc,heap     ] GC(167) Y:      Used:       64M (100%)         64M (100%)         64M (100%)         64M (100%)         64M (100%)         64M (100%)   
[2026-06-17T10:07:41.356+0800][4.664s][info][gc,heap     ] GC(167) Y: Young Generation Statistics:
[2026-06-17T10:07:41.357+0800][4.664s][info][gc,heap     ] GC(167) Y:                Mark Start          Mark End        Relocate Start      Relocate End    
[2026-06-17T10:07:41.357+0800][4.664s][info][gc,heap     ] GC(167) Y:      Used:        0M (0%)            0M (0%)            0M (0%)            0M (0%)     
[2026-06-17T10:07:41.357+0800][4.664s][info][gc,heap     ] GC(167) Y:      Live:         -                 0M (0%)            0M (0%)            0M (0%)     
[2026-06-17T10:07:41.357+0800][4.664s][info][gc,heap     ] GC(167) Y:   Garbage:         -                 0M (0%)            0M (0%)            0M (0%)     
[2026-06-17T10:07:41.357+0800][4.664s][info][gc,heap     ] GC(167) Y: Allocated:         -                 0M (0%)            0M (0%)            0M (0%)     
[2026-06-17T10:07:41.357+0800][4.664s][info][gc,heap     ] GC(167) Y: Reclaimed:         -                  -                 0M (0%)            0M (0%)     
[2026-06-17T10:07:41.357+0800][4.665s][info][gc,heap     ] GC(167) Y:  Promoted:         -                  -                 0M (0%)            0M (0%)     
[2026-06-17T10:07:41.357+0800][4.665s][info][gc,heap     ] GC(167) Y: Compacted:         -                  -                  -                 0M (0%)     
[2026-06-17T10:07:41.357+0800][4.665s][info][gc,phases   ] GC(167) Y: Young Generation (Collect Roots) 64M(100%)->64M(100%) 0.002s
[2026-06-17T10:07:41.357+0800][4.665s][info][gc,phases   ] GC(167) O: Old Generation
[2026-06-17T10:07:41.358+0800][4.666s][info][gc,phases   ] GC(167) O: Concurrent Mark 1.021ms
[2026-06-17T10:07:41.359+0800][4.666s][info][gc,phases   ] GC(167) O: Pause Mark End 0.006ms
[2026-06-17T10:07:41.359+0800][4.666s][info][gc,phases   ] GC(167) O: Concurrent Mark Free 0.000ms
[2026-06-17T10:07:41.359+0800][4.666s][info][gc,ref      ] GC(167) O: Clearing All SoftReferences
[2026-06-17T10:07:41.359+0800][4.667s][info][gc,phases   ] GC(167) O: Concurrent Process Non-Strong 0.342ms
[2026-06-17T10:07:41.359+0800][4.667s][info][gc,phases   ] GC(167) O: Concurrent Reset Relocation Set 0.000ms
[2026-06-17T10:07:41.359+0800][4.667s][info][gc,phases   ] GC(167) O: Concurrent Select Relocation Set 0.058ms
[2026-06-17T10:07:41.360+0800][4.667s][info][gc,task     ] GC(167) O: Using 1 Workers for Old Generation
[2026-06-17T10:07:41.360+0800][4.667s][info][gc,task     ] GC(167) O: Using 1 Workers for Old Generation
[2026-06-17T10:07:41.360+0800][4.667s][info][gc,phases   ] GC(167) O: Concurrent Remap Roots 0.337ms
[2026-06-17T10:07:41.360+0800][4.667s][info][gc,phases   ] GC(167) O: Pause Relocate Start 0.005ms
[2026-06-17T10:07:41.361+0800][4.668s][info][gc          ] Relocation Stall (main) 0.341ms
[2026-06-17T10:07:41.361+0800][4.668s][info][gc          ] Allocation Stall (main) 29.950ms
[2026-06-17T10:07:41.361+0800][4.668s][info][gc,phases   ] GC(167) O: Concurrent Relocate 0.875ms
[2026-06-17T10:07:41.361+0800][4.669s][info][gc,alloc    ] GC(167) O:                         Mark Start        Mark End      Relocate Start    Relocate End   
[2026-06-17T10:07:41.361+0800][4.669s][info][gc,alloc    ] GC(167) O: Allocation Stalls:          1                1                1                0         
[2026-06-17T10:07:41.361+0800][4.669s][info][gc,load     ] GC(167) O: Load: 0.41 (2%) / 0.44 (2%) / 0.49 (2%)
[2026-06-17T10:07:41.361+0800][4.669s][info][gc,mmu      ] GC(167) O: MMU: 2ms/98.5%, 5ms/99.1%, 10ms/99.4%, 20ms/99.6%, 50ms/99.6%, 100ms/99.7%
[2026-06-17T10:07:41.361+0800][4.669s][info][gc,marking  ] GC(167) O: Mark: 1 stripe(s), 1 proactive flush(es), 1 terminate flush(es), 0 completion(s), 0 continuation(s) 
[2026-06-17T10:07:41.362+0800][4.669s][info][gc,nmethod  ] GC(167) O: NMethods: 74 registered, 6 unregistered
[2026-06-17T10:07:41.362+0800][4.669s][info][gc,metaspace] GC(167) O: Metaspace: 0M used, 0M committed, 1088M reserved
[2026-06-17T10:07:41.362+0800][4.669s][info][gc,ref      ] GC(167) O:                       Encountered   Discovered     Enqueued 
[2026-06-17T10:07:41.362+0800][4.669s][info][gc,ref      ] GC(167) O: Soft References:                0            0            0 
[2026-06-17T10:07:41.362+0800][4.669s][info][gc,ref      ] GC(167) O: Weak References:                6            0            0 
[2026-06-17T10:07:41.362+0800][4.669s][info][gc,ref      ] GC(167) O: Final References:               0            0            0 
[2026-06-17T10:07:41.362+0800][4.669s][info][gc,ref      ] GC(167) O: Phantom References:             1            1            0 
[2026-06-17T10:07:41.362+0800][4.670s][info][gc,reloc    ] GC(167) O:                        Candidates     Selected     In-Place         Size        Empty    Relocated 
[2026-06-17T10:07:41.362+0800][4.670s][info][gc,reloc    ] GC(167) O: Small Pages:                    9            3            1          18M           0M           2M 
[2026-06-17T10:07:41.362+0800][4.670s][info][gc,reloc    ] GC(167) O: Large Pages:                   23            0            0          46M           0M           0M 
[2026-06-17T10:07:41.362+0800][4.670s][info][gc,reloc    ] GC(167) O: Forwarding Usage: 0M
[2026-06-17T10:07:41.362+0800][4.670s][info][gc,heap     ] GC(167) O: Min Capacity: 64M(100%)
[2026-06-17T10:07:41.362+0800][4.670s][info][gc,heap     ] GC(167) O: Max Capacity: 64M(100%)
[2026-06-17T10:07:41.363+0800][4.670s][info][gc,heap     ] GC(167) O: Soft Max Capacity: 64M(100%)
[2026-06-17T10:07:41.363+0800][4.670s][info][gc,heap     ] GC(167) O: Heap Statistics:
[2026-06-17T10:07:41.363+0800][4.670s][info][gc,heap     ] GC(167) O:                Mark Start          Mark End        Relocate Start      Relocate End           High               Low         
[2026-06-17T10:07:41.363+0800][4.670s][info][gc,heap     ] GC(167) O:  Capacity:       64M (100%)         64M (100%)         64M (100%)         64M (100%)         64M (100%)         64M (100%)   
[2026-06-17T10:07:41.363+0800][4.670s][info][gc,heap     ] GC(167) O:      Free:        0M (0%)            0M (0%)            0M (0%)            4M (6%)            4M (6%)            0M (0%)     
[2026-06-17T10:07:41.363+0800][4.670s][info][gc,heap     ] GC(167) O:      Used:       64M (100%)         64M (100%)         64M (100%)         60M (94%)          64M (100%)         60M (94%)    
[2026-06-17T10:07:41.363+0800][4.670s][info][gc,heap     ] GC(167) O: Old Generation Statistics:
[2026-06-17T10:07:41.363+0800][4.671s][info][gc,heap     ] GC(167) O:                Mark Start          Mark End        Relocate Start      Relocate End    
[2026-06-17T10:07:41.363+0800][4.671s][info][gc,heap     ] GC(167) O:      Used:       64M (100%)         64M (100%)         64M (100%)         58M (91%)    
[2026-06-17T10:07:41.363+0800][4.671s][info][gc,heap     ] GC(167) O:      Live:         -                56M (88%)          56M (88%)          56M (88%)    
[2026-06-17T10:07:41.363+0800][4.671s][info][gc,heap     ] GC(167) O:   Garbage:         -                 7M (12%)           7M (12%)           0M (1%)     
[2026-06-17T10:07:41.364+0800][4.671s][info][gc,heap     ] GC(167) O: Allocated:         -                 0M (0%)            0M (0%)            0M (1%)     
[2026-06-17T10:07:41.364+0800][4.671s][info][gc,heap     ] GC(167) O: Reclaimed:         -                  -                 0M (0%)            6M (11%)    
[2026-06-17T10:07:41.364+0800][4.671s][info][gc,heap     ] GC(167) O: Compacted:         -                  -                  -                 5M (8%)     
[2026-06-17T10:07:41.364+0800][4.671s][info][gc,phases   ] GC(167) O: Old Generation 64M(100%)->60M(94%) 0.004s
[2026-06-17T10:07:41.364+0800][4.671s][info][gc          ] GC(167) Major Collection (Allocation Stall) 64M(100%)->60M(94%) 0.015s
[2026-06-17T10:07:41.371+0800][4.679s][info][gc          ] GC(168) Minor Collection (Allocation Rate)
[2026-06-17T10:07:41.371+0800][4.679s][info][gc,task     ] GC(168) Using 1 Workers for Young Generation
[2026-06-17T10:07:41.372+0800][4.679s][info][gc,phases   ] GC(168) y: Young Generation
[2026-06-17T10:07:41.372+0800][4.679s][info][gc,phases   ] GC(168) y: Pause Mark Start 0.009ms
[2026-06-17T10:07:41.372+0800][4.680s][info][gc,phases   ] GC(168) y: Concurrent Mark 0.412ms
[2026-06-17T10:07:41.372+0800][4.680s][info][gc,phases   ] GC(168) y: Pause Mark End 0.005ms
[2026-06-17T10:07:41.373+0800][4.680s][info][gc,phases   ] GC(168) y: Concurrent Mark Free 0.001ms
[2026-06-17T10:07:41.373+0800][4.680s][info][gc,phases   ] GC(168) y: Concurrent Reset Relocation Set 0.000ms
[2026-06-17T10:07:41.373+0800][4.680s][info][gc,reloc    ] GC(168) y: Using tenuring threshold: 1 (Computed)
[2026-06-17T10:07:41.373+0800][4.680s][info][gc,phases   ] GC(168) y: Concurrent Select Relocation Set 0.183ms
[2026-06-17T10:07:41.373+0800][4.680s][info][gc,phases   ] GC(168) y: Pause Relocate Start 0.004ms
[2026-06-17T10:07:41.373+0800][4.681s][info][gc,phases   ] GC(168) y: Concurrent Relocate 0.100ms
[2026-06-17T10:07:41.373+0800][4.681s][info][gc,alloc    ] GC(168) y:                         Mark Start        Mark End      Relocate Start    Relocate End   
[2026-06-17T10:07:41.373+0800][4.681s][info][gc,alloc    ] GC(168) y: Allocation Stalls:          0                0                0                0         
[2026-06-17T10:07:41.373+0800][4.681s][info][gc,load     ] GC(168) y: Load: 0.41 (2%) / 0.44 (2%) / 0.49 (2%)
[2026-06-17T10:07:41.373+0800][4.681s][info][gc,mmu      ] GC(168) y: MMU: 2ms/98.5%, 5ms/99.1%, 10ms/99.4%, 20ms/99.6%, 50ms/99.6%, 100ms/99.7%
[2026-06-17T10:07:41.374+0800][4.681s][info][gc,marking  ] GC(168) y: Mark: 1 stripe(s), 1 proactive flush(es), 1 terminate flush(es), 0 completion(s), 0 continuation(s) 
[2026-06-17T10:07:41.374+0800][4.681s][info][gc,nmethod  ] GC(168) y: NMethods: 74 registered, 6 unregistered
[2026-06-17T10:07:41.374+0800][4.681s][info][gc,metaspace] GC(168) y: Metaspace: 0M used, 0M committed, 1088M reserved
[2026-06-17T10:07:41.374+0800][4.681s][info][gc,reloc    ] GC(168) y:                        Candidates     Selected     In-Place         Size        Empty    Relocated 
[2026-06-17T10:07:41.374+0800][4.681s][info][gc,reloc    ] GC(168) y: Small Pages:                    3            0            0           6M           4M           0M 
[2026-06-17T10:07:41.374+0800][4.681s][info][gc,reloc    ] GC(168) y: Large Pages:                    0            0            0           0M           0M           0M 
[2026-06-17T10:07:41.374+0800][4.681s][info][gc,reloc    ] GC(168) y: Forwarding Usage: 0M
[2026-06-17T10:07:41.374+0800][4.682s][info][gc,reloc    ] GC(168) y: Age Table:
[2026-06-17T10:07:41.374+0800][4.682s][info][gc,reloc    ] GC(168) y:                    Live             Garbage             Small              Medium             Large        
[2026-06-17T10:07:41.374+0800][4.682s][info][gc,reloc    ] GC(168) y: Eden               1M (2%)            4M (7%)           3 / 0              0 / 0              0 / 0        
[2026-06-17T10:07:41.374+0800][4.682s][info][gc,heap     ] GC(168) y: Min Capacity: 64M(100%)
[2026-06-17T10:07:41.374+0800][4.682s][info][gc,heap     ] GC(168) y: Max Capacity: 64M(100%)
[2026-06-17T10:07:41.374+0800][4.682s][info][gc,heap     ] GC(168) y: Soft Max Capacity: 64M(100%)
[2026-06-17T10:07:41.375+0800][4.682s][info][gc,heap     ] GC(168) y: Heap Statistics:
[2026-06-17T10:07:41.375+0800][4.682s][info][gc,heap     ] GC(168) y:                Mark Start          Mark End        Relocate Start      Relocate End           High               Low         
[2026-06-17T10:07:41.375+0800][4.682s][info][gc,heap     ] GC(168) y:  Capacity:       64M (100%)         64M (100%)         64M (100%)         64M (100%)         64M (100%)         64M (100%)   
[2026-06-17T10:07:41.375+0800][4.682s][info][gc,heap     ] GC(168) y:      Free:        0M (0%)            0M (0%)            4M (6%)            4M (6%)            4M (6%)            0M (0%)     
[2026-06-17T10:07:41.375+0800][4.682s][info][gc,heap     ] GC(168) y:      Used:       64M (100%)         64M (100%)         60M (94%)          60M (94%)          64M (100%)         60M (94%)    
[2026-06-17T10:07:41.375+0800][4.682s][info][gc,heap     ] GC(168) y: Young Generation Statistics:
[2026-06-17T10:07:41.375+0800][4.682s][info][gc,heap     ] GC(168) y:                Mark Start          Mark End        Relocate Start      Relocate End    
[2026-06-17T10:07:41.375+0800][4.683s][info][gc,heap     ] GC(168) y:      Used:        6M (9%)            6M (9%)            2M (3%)            2M (3%)     
[2026-06-17T10:07:41.375+0800][4.683s][info][gc,heap     ] GC(168) y:      Live:         -                 1M (2%)            1M (2%)            1M (2%)     
[2026-06-17T10:07:41.375+0800][4.683s][info][gc,heap     ] GC(168) y:   Garbage:         -                 4M (7%)            0M (1%)            0M (1%)     
[2026-06-17T10:07:41.375+0800][4.683s][info][gc,heap     ] GC(168) y: Allocated:         -                 0M (0%)            0M (0%)            0M (0%)     
[2026-06-17T10:07:41.375+0800][4.683s][info][gc,heap     ] GC(168) y: Reclaimed:         -                  -                 4M (6%)            4M (6%)     
[2026-06-17T10:07:41.375+0800][4.683s][info][gc,heap     ] GC(168) y:  Promoted:         -                  -                 0M (0%)            0M (0%)     
[2026-06-17T10:07:41.376+0800][4.683s][info][gc,heap     ] GC(168) y: Compacted:         -                  -                  -                 0M (0%)     
[2026-06-17T10:07:41.376+0800][4.683s][info][gc,phases   ] GC(168) y: Young Generation 64M(100%)->60M(94%) 0.002s
[2026-06-17T10:07:41.376+0800][4.683s][info][gc          ] GC(168) Minor Collection (Allocation Rate) 62M(97%)->60M(94%) 0.004s
[2026-06-17T10:07:41.382+0800][4.689s][info][gc          ] GC(169) Minor Collection (Allocation Rate)
[2026-06-17T10:07:41.382+0800][4.689s][info][gc,task     ] GC(169) Using 1 Workers for Young Generation
[2026-06-17T10:07:41.382+0800][4.689s][info][gc,phases   ] GC(169) y: Young Generation
[2026-06-17T10:07:41.382+0800][4.689s][info][gc,phases   ] GC(169) y: Pause Mark Start 0.005ms
[2026-06-17T10:07:41.383+0800][4.690s][info][gc,phases   ] GC(169) y: Concurrent Mark 0.607ms
[2026-06-17T10:07:41.383+0800][4.690s][info][gc,phases   ] GC(169) y: Pause Mark End 0.005ms
[2026-06-17T10:07:41.383+0800][4.691s][info][gc,phases   ] GC(169) y: Concurrent Mark Free 0.001ms
[2026-06-17T10:07:41.383+0800][4.691s][info][gc,phases   ] GC(169) y: Concurrent Reset Relocation Set 0.000ms
[2026-06-17T10:07:41.383+0800][4.691s][info][gc,reloc    ] GC(169) y: Using tenuring threshold: 1 (Computed)
[2026-06-17T10:07:41.384+0800][4.691s][info][gc,phases   ] GC(169) y: Concurrent Select Relocation Set 0.208ms
[2026-06-17T10:07:41.384+0800][4.691s][info][gc,phases   ] GC(169) y: Pause Relocate Start 0.004ms
[2026-06-17T10:07:41.384+0800][4.691s][info][gc          ] Allocation Stall (main) 2.043ms
[2026-06-17T10:07:41.384+0800][4.691s][info][gc,phases   ] GC(169) y: Concurrent Relocate 0.203ms
[2026-06-17T10:07:41.384+0800][4.691s][info][gc,alloc    ] GC(169) y:                         Mark Start        Mark End      Relocate Start    Relocate End   
[2026-06-17T10:07:41.384+0800][4.692s][info][gc,alloc    ] GC(169) y: Allocation Stalls:          1                1                1                0         
[2026-06-17T10:07:41.384+0800][4.692s][info][gc,load     ] GC(169) y: Load: 0.41 (2%) / 0.44 (2%) / 0.49 (2%)
[2026-06-17T10:07:41.384+0800][4.692s][info][gc,mmu      ] GC(169) y: MMU: 2ms/98.5%, 5ms/99.1%, 10ms/99.4%, 20ms/99.6%, 50ms/99.6%, 100ms/99.7%
[2026-06-17T10:07:41.384+0800][4.692s][info][gc,marking  ] GC(169) y: Mark: 1 stripe(s), 1 proactive flush(es), 1 terminate flush(es), 0 completion(s), 0 continuation(s) 
[2026-06-17T10:07:41.384+0800][4.692s][info][gc,nmethod  ] GC(169) y: NMethods: 74 registered, 6 unregistered
[2026-06-17T10:07:41.385+0800][4.692s][info][gc,metaspace] GC(169) y: Metaspace: 0M used, 0M committed, 1088M reserved
[2026-06-17T10:07:41.385+0800][4.692s][info][gc,reloc    ] GC(169) y:                        Candidates     Selected     In-Place         Size        Empty    Relocated 
[2026-06-17T10:07:41.385+0800][4.692s][info][gc,reloc    ] GC(169) y: Small Pages:                    3            1            1           6M           0M           0M 
[2026-06-17T10:07:41.385+0800][4.692s][info][gc,reloc    ] GC(169) y: Large Pages:                    0            0            0           0M           0M           0M 
[2026-06-17T10:07:41.385+0800][4.692s][info][gc,reloc    ] GC(169) y: Forwarding Usage: 0M
[2026-06-17T10:07:41.385+0800][4.692s][info][gc,reloc    ] GC(169) y: Age Table:
[2026-06-17T10:07:41.385+0800][4.692s][info][gc,reloc    ] GC(169) y:                    Live             Garbage             Small              Medium             Large        
[2026-06-17T10:07:41.385+0800][4.692s][info][gc,reloc    ] GC(169) y: Eden               0M (1%)            3M (6%)           2 / 1              0 / 0              0 / 0        
[2026-06-17T10:07:41.385+0800][4.693s][info][gc,reloc    ] GC(169) y: Survivor 1         1M (2%)            0M (1%)           1 / 0              0 / 0              0 / 0        
[2026-06-17T10:07:41.385+0800][4.693s][info][gc,heap     ] GC(169) y: Min Capacity: 64M(100%)
[2026-06-17T10:07:41.385+0800][4.693s][info][gc,heap     ] GC(169) y: Max Capacity: 64M(100%)
[2026-06-17T10:07:41.385+0800][4.693s][info][gc,heap     ] GC(169) y: Soft Max Capacity: 64M(100%)
[2026-06-17T10:07:41.385+0800][4.693s][info][gc,heap     ] GC(169) y: Heap Statistics:
[2026-06-17T10:07:41.386+0800][4.693s][info][gc,heap     ] GC(169) y:                Mark Start          Mark End        Relocate Start      Relocate End           High               Low         
[2026-06-17T10:07:41.386+0800][4.693s][info][gc,heap     ] GC(169) y:  Capacity:       64M (100%)         64M (100%)         64M (100%)         64M (100%)         64M (100%)         64M (100%)   
[2026-06-17T10:07:41.386+0800][4.693s][info][gc,heap     ] GC(169) y:      Free:        0M (0%)            0M (0%)            0M (0%)            0M (0%)            2M (3%)            0M (0%)     
[2026-06-17T10:07:41.386+0800][4.693s][info][gc,heap     ] GC(169) y:      Used:       64M (100%)         64M (100%)         64M (100%)         64M (100%)         64M (100%)         62M (97%)    
[2026-06-17T10:07:41.386+0800][4.693s][info][gc,heap     ] GC(169) y: Young Generation Statistics:
[2026-06-17T10:07:41.386+0800][4.693s][info][gc,heap     ] GC(169) y:                Mark Start          Mark End        Relocate Start      Relocate End    
[2026-06-17T10:07:41.386+0800][4.693s][info][gc,heap     ] GC(169) y:      Used:        6M (9%)            6M (9%)            4M (6%)            2M (3%)     
[2026-06-17T10:07:41.386+0800][4.694s][info][gc,heap     ] GC(169) y:      Live:         -                 1M (3%)            0M (1%)            0M (1%)     
[2026-06-17T10:07:41.386+0800][4.694s][info][gc,heap     ] GC(169) y:   Garbage:         -                 4M (6%)            3M (6%)            0M (0%)     
[2026-06-17T10:07:41.386+0800][4.694s][info][gc,heap     ] GC(169) y: Allocated:         -                 0M (0%)            0M (0%)            1M (3%)     
[2026-06-17T10:07:41.386+0800][4.694s][info][gc,heap     ] GC(169) y: Reclaimed:         -                  -                 0M (1%)            4M (6%)     
[2026-06-17T10:07:41.387+0800][4.694s][info][gc,heap     ] GC(169) y:  Promoted:         -                  -                 1M (2%)            1M (2%)     
[2026-06-17T10:07:41.387+0800][4.694s][info][gc,heap     ] GC(169) y: Compacted:         -                  -                  -                 0M (1%)     
[2026-06-17T10:07:41.387+0800][4.694s][info][gc,phases   ] GC(169) y: Young Generation 64M(100%)->64M(100%) 0.002s
[2026-06-17T10:07:41.387+0800][4.694s][info][gc          ] GC(169) Minor Collection (Allocation Rate) 62M(97%)->64M(100%) 0.005s
[2026-06-17T10:07:41.387+0800][4.694s][info][gc          ] GC(170) Minor Collection (Allocation Stall)
[2026-06-17T10:07:41.387+0800][4.694s][info][gc,task     ] GC(170) Using 1 Workers for Young Generation
[2026-06-17T10:07:41.387+0800][4.694s][info][gc,phases   ] GC(170) y: Young Generation
[2026-06-17T10:07:41.387+0800][4.695s][info][gc,phases   ] GC(170) y: Pause Mark Start 0.005ms
[2026-06-17T10:07:41.388+0800][4.695s][info][gc,phases   ] GC(170) y: Concurrent Mark 0.337ms
[2026-06-17T10:07:41.388+0800][4.695s][info][gc,phases   ] GC(170) y: Pause Mark End 0.004ms
[2026-06-17T10:07:41.388+0800][4.695s][info][gc,phases   ] GC(170) y: Concurrent Mark Free 0.001ms
[2026-06-17T10:07:41.388+0800][4.695s][info][gc,phases   ] GC(170) y: Concurrent Reset Relocation Set 0.004ms
[2026-06-17T10:07:41.388+0800][4.695s][info][gc,reloc    ] GC(170) y: Using tenuring threshold: 2 (Computed)
[2026-06-17T10:07:41.388+0800][4.696s][info][gc,phases   ] GC(170) y: Concurrent Select Relocation Set 0.182ms
[2026-06-17T10:07:41.388+0800][4.696s][info][gc,phases   ] GC(170) y: Pause Relocate Start 0.003ms
[2026-06-17T10:07:41.388+0800][4.696s][info][gc,phases   ] GC(170) y: Concurrent Relocate 0.084ms
[2026-06-17T10:07:41.389+0800][4.696s][info][gc,alloc    ] GC(170) y:                         Mark Start        Mark End      Relocate Start    Relocate End   
[2026-06-17T10:07:41.389+0800][4.696s][info][gc,alloc    ] GC(170) y: Allocation Stalls:          1                1                1                1         
[2026-06-17T10:07:41.389+0800][4.696s][info][gc,load     ] GC(170) y: Load: 0.41 (2%) / 0.44 (2%) / 0.49 (2%)
[2026-06-17T10:07:41.389+0800][4.696s][info][gc,mmu      ] GC(170) y: MMU: 2ms/98.5%, 5ms/99.1%, 10ms/99.4%, 20ms/99.6%, 50ms/99.6%, 100ms/99.7%
[2026-06-17T10:07:41.389+0800][4.696s][info][gc,marking  ] GC(170) y: Mark: 1 stripe(s), 1 proactive flush(es), 1 terminate flush(es), 0 completion(s), 0 continuation(s) 
[2026-06-17T10:07:41.389+0800][4.696s][info][gc,nmethod  ] GC(170) y: NMethods: 74 registered, 6 unregistered
[2026-06-17T10:07:41.389+0800][4.697s][info][gc,metaspace] GC(170) y: Metaspace: 0M used, 0M committed, 1088M reserved
[2026-06-17T10:07:41.389+0800][4.697s][info][gc,reloc    ] GC(170) y:                        Candidates     Selected     In-Place         Size        Empty    Relocated 
[2026-06-17T10:07:41.389+0800][4.697s][info][gc,reloc    ] GC(170) y: Small Pages:                    1            0            0           2M           0M           0M 
[2026-06-17T10:07:41.389+0800][4.697s][info][gc,reloc    ] GC(170) y: Large Pages:                    1            0            0           2M           0M           0M 
[2026-06-17T10:07:41.389+0800][4.697s][info][gc,reloc    ] GC(170) y: Forwarding Usage: 0M
[2026-06-17T10:07:41.390+0800][4.697s][info][gc,reloc    ] GC(170) y: Age Table:
[2026-06-17T10:07:41.390+0800][4.697s][info][gc,reloc    ] GC(170) y:                    Live             Garbage             Small              Medium             Large        
[2026-06-17T10:07:41.390+0800][4.697s][info][gc,reloc    ] GC(170) y: Eden               2M (3%)            0M (0%)           0 / 0              0 / 0              1 / 0        
[2026-06-17T10:07:41.390+0800][4.697s][info][gc,reloc    ] GC(170) y: Survivor 1         0M (1%)            1M (3%)           1 / 0              0 / 0              0 / 0        
[2026-06-17T10:07:41.390+0800][4.697s][info][gc,heap     ] GC(170) y: Min Capacity: 64M(100%)
[2026-06-17T10:07:41.390+0800][4.697s][info][gc,heap     ] GC(170) y: Max Capacity: 64M(100%)
[2026-06-17T10:07:41.390+0800][4.697s][info][gc,heap     ] GC(170) y: Soft Max Capacity: 64M(100%)
[2026-06-17T10:07:41.390+0800][4.698s][info][gc,heap     ] GC(170) y: Heap Statistics:
[2026-06-17T10:07:41.390+0800][4.698s][info][gc,heap     ] GC(170) y:                Mark Start          Mark End        Relocate Start      Relocate End           High               Low         
[2026-06-17T10:07:41.390+0800][4.698s][info][gc,heap     ] GC(170) y:  Capacity:       64M (100%)         64M (100%)         64M (100%)         64M (100%)         64M (100%)         64M (100%)   
[2026-06-17T10:07:41.390+0800][4.698s][info][gc,heap     ] GC(170) y:      Free:        0M (0%)            0M (0%)            0M (0%)            0M (0%)            0M (0%)            0M (0%)     
[2026-06-17T10:07:41.391+0800][4.698s][info][gc,heap     ] GC(170) y:      Used:       64M (100%)         64M (100%)         64M (100%)         64M (100%)         64M (100%)         64M (100%)   
[2026-06-17T10:07:41.391+0800][4.698s][info][gc,heap     ] GC(170) y: Young Generation Statistics:
[2026-06-17T10:07:41.391+0800][4.698s][info][gc,heap     ] GC(170) y:                Mark Start          Mark End        Relocate Start      Relocate End    
[2026-06-17T10:07:41.391+0800][4.698s][info][gc,heap     ] GC(170) y:      Used:        4M (6%)            4M (6%)            4M (6%)            4M (6%)     
[2026-06-17T10:07:41.391+0800][4.698s][info][gc,heap     ] GC(170) y:      Live:         -                 2M (4%)            2M (4%)            2M (4%)     
[2026-06-17T10:07:41.391+0800][4.698s][info][gc,heap     ] GC(170) y:   Garbage:         -                 1M (3%)            1M (3%)            1M (3%)     
[2026-06-17T10:07:41.391+0800][4.698s][info][gc,heap     ] GC(170) y: Allocated:         -                 0M (0%)            0M (0%)            0M (0%)     
[2026-06-17T10:07:41.391+0800][4.698s][info][gc,heap     ] GC(170) y: Reclaimed:         -                  -                 0M (0%)            0M (0%)     
[2026-06-17T10:07:41.391+0800][4.699s][info][gc,heap     ] GC(170) y:  Promoted:         -                  -                 0M (0%)            0M (0%)     
[2026-06-17T10:07:41.391+0800][4.699s][info][gc,heap     ] GC(170) y: Compacted:         -                  -                  -                 0M (0%)     
[2026-06-17T10:07:41.391+0800][4.699s][info][gc,phases   ] GC(170) y: Young Generation 64M(100%)->64M(100%) 0.002s
[2026-06-17T10:07:41.391+0800][4.699s][info][gc          ] GC(170) Minor Collection (Allocation Stall) 64M(100%)->64M(100%) 0.005s
[2026-06-17T10:07:41.392+0800][4.699s][info][gc          ] GC(171) Major Collection (Allocation Stall)
[2026-06-17T10:07:41.392+0800][4.699s][info][gc,task     ] GC(171) Using 1 Workers for Young Generation
[2026-06-17T10:07:41.392+0800][4.699s][info][gc,task     ] GC(171) Using 1 Workers for Old Generation
[2026-06-17T10:07:41.392+0800][4.699s][info][gc,phases   ] GC(171) Y: Young Generation (Promote All)
[2026-06-17T10:07:41.392+0800][4.699s][info][gc,phases   ] GC(171) Y: Pause Mark Start 0.005ms
[2026-06-17T10:07:41.392+0800][4.700s][info][gc,phases   ] GC(171) Y: Concurrent Mark 0.320ms
[2026-06-17T10:07:41.393+0800][4.700s][info][gc,phases   ] GC(171) Y: Pause Mark End 0.004ms
[2026-06-17T10:07:41.393+0800][4.700s][info][gc,phases   ] GC(171) Y: Concurrent Mark Free 0.001ms
[2026-06-17T10:07:41.393+0800][4.700s][info][gc,phases   ] GC(171) Y: Concurrent Reset Relocation Set 0.000ms
[2026-06-17T10:07:41.393+0800][4.700s][info][gc,reloc    ] GC(171) Y: Using tenuring threshold: 0 (Promote All)
[2026-06-17T10:07:41.393+0800][4.700s][info][gc,phases   ] GC(171) Y: Concurrent Select Relocation Set 0.211ms
[2026-06-17T10:07:41.393+0800][4.701s][info][gc,phases   ] GC(171) Y: Pause Relocate Start 0.003ms
[2026-06-17T10:07:41.393+0800][4.701s][info][gc,phases   ] GC(171) Y: Concurrent Relocate 0.086ms
[2026-06-17T10:07:41.393+0800][4.701s][info][gc,alloc    ] GC(171) Y:                         Mark Start        Mark End      Relocate Start    Relocate End   
[2026-06-17T10:07:41.394+0800][4.701s][info][gc,alloc    ] GC(171) Y: Allocation Stalls:          1                1                1                1         
[2026-06-17T10:07:41.394+0800][4.701s][info][gc,load     ] GC(171) Y: Load: 0.41 (2%) / 0.44 (2%) / 0.49 (2%)
[2026-06-17T10:07:41.394+0800][4.701s][info][gc,mmu      ] GC(171) Y: MMU: 2ms/98.5%, 5ms/99.1%, 10ms/99.4%, 20ms/99.6%, 50ms/99.6%, 100ms/99.7%
[2026-06-17T10:07:41.394+0800][4.701s][info][gc,marking  ] GC(171) Y: Mark: 1 stripe(s), 1 proactive flush(es), 1 terminate flush(es), 0 completion(s), 0 continuation(s) 
[2026-06-17T10:07:41.394+0800][4.701s][info][gc,nmethod  ] GC(171) Y: NMethods: 74 registered, 6 unregistered
[2026-06-17T10:07:41.394+0800][4.701s][info][gc,metaspace] GC(171) Y: Metaspace: 0M used, 0M committed, 1088M reserved
[2026-06-17T10:07:41.394+0800][4.701s][info][gc,reloc    ] GC(171) Y:                        Candidates     Selected     In-Place         Size        Empty    Relocated 
[2026-06-17T10:07:41.394+0800][4.702s][info][gc,reloc    ] GC(171) Y: Small Pages:                    1            0            0           2M           0M           0M 
[2026-06-17T10:07:41.394+0800][4.702s][info][gc,reloc    ] GC(171) Y: Large Pages:                    1            0            0           2M           0M           0M 
[2026-06-17T10:07:41.394+0800][4.702s][info][gc,reloc    ] GC(171) Y: Forwarding Usage: 0M
[2026-06-17T10:07:41.394+0800][4.702s][info][gc,reloc    ] GC(171) Y: Age Table:
[2026-06-17T10:07:41.394+0800][4.702s][info][gc,reloc    ] GC(171) Y:                    Live             Garbage             Small              Medium             Large        
[2026-06-17T10:07:41.395+0800][4.702s][info][gc,reloc    ] GC(171) Y: Eden                -                 0M (0%)           0 / 0              0 / 0              0 / 0        
[2026-06-17T10:07:41.395+0800][4.702s][info][gc,reloc    ] GC(171) Y: Survivor 1         2M (3%)            0M (0%)           0 / 0              0 / 0              1 / 0        
[2026-06-17T10:07:41.395+0800][4.702s][info][gc,reloc    ] GC(171) Y: Survivor 2         0M (1%)            1M (3%)           1 / 0              0 / 0              0 / 0        
[2026-06-17T10:07:41.395+0800][4.703s][info][gc,heap     ] GC(171) Y: Min Capacity: 64M(100%)
[2026-06-17T10:07:41.395+0800][4.703s][info][gc,heap     ] GC(171) Y: Max Capacity: 64M(100%)
[2026-06-17T10:07:41.395+0800][4.703s][info][gc,heap     ] GC(171) Y: Soft Max Capacity: 64M(100%)
[2026-06-17T10:07:41.395+0800][4.703s][info][gc,heap     ] GC(171) Y: Heap Statistics:
[2026-06-17T10:07:41.395+0800][4.703s][info][gc,heap     ] GC(171) Y:                Mark Start          Mark End        Relocate Start      Relocate End           High               Low         
[2026-06-17T10:07:41.396+0800][4.703s][info][gc,heap     ] GC(171) Y:  Capacity:       64M (100%)         64M (100%)         64M (100%)         64M (100%)         64M (100%)         64M (100%)   
[2026-06-17T10:07:41.396+0800][4.703s][info][gc,heap     ] GC(171) Y:      Free:        0M (0%)            0M (0%)            0M (0%)            0M (0%)            0M (0%)            0M (0%)     
[2026-06-17T10:07:41.396+0800][4.703s][info][gc,heap     ] GC(171) Y:      Used:       64M (100%)         64M (100%)         64M (100%)         64M (100%)         64M (100%)         64M (100%)   
[2026-06-17T10:07:41.396+0800][4.703s][info][gc,heap     ] GC(171) Y: Young Generation Statistics:
[2026-06-17T10:07:41.396+0800][4.703s][info][gc,heap     ] GC(171) Y:                Mark Start          Mark End        Relocate Start      Relocate End    
[2026-06-17T10:07:41.396+0800][4.703s][info][gc,heap     ] GC(171) Y:      Used:        4M (6%)            4M (6%)            0M (0%)            0M (0%)     
[2026-06-17T10:07:41.396+0800][4.703s][info][gc,heap     ] GC(171) Y:      Live:         -                 2M (4%)            0M (0%)            0M (0%)     
[2026-06-17T10:07:41.396+0800][4.704s][info][gc,heap     ] GC(171) Y:   Garbage:         -                 1M (3%)            0M (0%)            0M (0%)     
[2026-06-17T10:07:41.396+0800][4.704s][info][gc,heap     ] GC(171) Y: Allocated:         -                 0M (0%)            0M (0%)            0M (0%)     
[2026-06-17T10:07:41.396+0800][4.704s][info][gc,heap     ] GC(171) Y: Reclaimed:         -                  -                 1M (3%)            1M (3%)     
[2026-06-17T10:07:41.396+0800][4.704s][info][gc,heap     ] GC(171) Y:  Promoted:         -                  -                 2M (4%)            2M (4%)     
[2026-06-17T10:07:41.396+0800][4.704s][info][gc,heap     ] GC(171) Y: Compacted:         -                  -                  -                 0M (0%)     
[2026-06-17T10:07:41.397+0800][4.704s][info][gc,phases   ] GC(171) Y: Young Generation (Promote All) 64M(100%)->64M(100%) 0.002s
[2026-06-17T10:07:41.397+0800][4.704s][info][gc,phases   ] GC(171) Y: Young Generation (Collect Roots)
[2026-06-17T10:07:41.397+0800][4.704s][info][gc,phases   ] GC(171) Y: Pause Mark Start (Major) 0.006ms
[2026-06-17T10:07:41.397+0800][4.705s][info][gc,phases   ] GC(171) Y: Concurrent Mark 0.314ms
[2026-06-17T10:07:41.397+0800][4.705s][info][gc,phases   ] GC(171) Y: Pause Mark End 0.003ms
[2026-06-17T10:07:41.397+0800][4.705s][info][gc,phases   ] GC(171) Y: Concurrent Mark Free 0.000ms
[2026-06-17T10:07:41.398+0800][4.705s][info][gc,phases   ] GC(171) Y: Concurrent Reset Relocation Set 0.001ms
[2026-06-17T10:07:41.398+0800][4.705s][info][gc,reloc    ] GC(171) Y: Using tenuring threshold: 0 (Computed)
[2026-06-17T10:07:41.398+0800][4.705s][info][gc,phases   ] GC(171) Y: Concurrent Select Relocation Set 0.202ms
[2026-06-17T10:07:41.398+0800][4.705s][info][gc,phases   ] GC(171) Y: Pause Relocate Start 0.004ms
[2026-06-17T10:07:41.398+0800][4.706s][info][gc,phases   ] GC(171) Y: Concurrent Relocate 0.085ms
[2026-06-17T10:07:41.398+0800][4.706s][info][gc,alloc    ] GC(171) Y:                         Mark Start        Mark End      Relocate Start    Relocate End   
[2026-06-17T10:07:41.398+0800][4.706s][info][gc,alloc    ] GC(171) Y: Allocation Stalls:          1                1                1                1         
[2026-06-17T10:07:41.398+0800][4.706s][info][gc,load     ] GC(171) Y: Load: 0.41 (2%) / 0.44 (2%) / 0.49 (2%)
[2026-06-17T10:07:41.398+0800][4.706s][info][gc,mmu      ] GC(171) Y: MMU: 2ms/98.5%, 5ms/99.1%, 10ms/99.4%, 20ms/99.6%, 50ms/99.6%, 100ms/99.7%
[2026-06-17T10:07:41.399+0800][4.706s][info][gc,marking  ] GC(171) Y: Mark: 1 stripe(s), 1 proactive flush(es), 1 terminate flush(es), 0 completion(s), 0 continuation(s) 
[2026-06-17T10:07:41.399+0800][4.706s][info][gc,nmethod  ] GC(171) Y: NMethods: 74 registered, 6 unregistered
[2026-06-17T10:07:41.399+0800][4.706s][info][gc,metaspace] GC(171) Y: Metaspace: 0M used, 0M committed, 1088M reserved
[2026-06-17T10:07:41.399+0800][4.706s][info][gc,heap     ] GC(171) Y: Min Capacity: 64M(100%)
[2026-06-17T10:07:41.399+0800][4.706s][info][gc,heap     ] GC(171) Y: Max Capacity: 64M(100%)
[2026-06-17T10:07:41.399+0800][4.706s][info][gc,heap     ] GC(171) Y: Soft Max Capacity: 64M(100%)
[2026-06-17T10:07:41.399+0800][4.706s][info][gc,heap     ] GC(171) Y: Heap Statistics:
[2026-06-17T10:07:41.399+0800][4.707s][info][gc,heap     ] GC(171) Y:                Mark Start          Mark End        Relocate Start      Relocate End           High               Low         
[2026-06-17T10:07:41.399+0800][4.707s][info][gc,heap     ] GC(171) Y:  Capacity:       64M (100%)         64M (100%)         64M (100%)         64M (100%)         64M (100%)         64M (100%)   
[2026-06-17T10:07:41.399+0800][4.707s][info][gc,heap     ] GC(171) Y:      Free:        0M (0%)            0M (0%)            0M (0%)            0M (0%)            0M (0%)            0M (0%)     
[2026-06-17T10:07:41.399+0800][4.707s][info][gc,heap     ] GC(171) Y:      Used:       64M (100%)         64M (100%)         64M (100%)         64M (100%)         64M (100%)         64M (100%)   
[2026-06-17T10:07:41.399+0800][4.707s][info][gc,heap     ] GC(171) Y: Young Generation Statistics:
[2026-06-17T10:07:41.400+0800][4.707s][info][gc,heap     ] GC(171) Y:                Mark Start          Mark End        Relocate Start      Relocate End    
[2026-06-17T10:07:41.400+0800][4.707s][info][gc,heap     ] GC(171) Y:      Used:        0M (0%)            0M (0%)            0M (0%)            0M (0%)     
[2026-06-17T10:07:41.400+0800][4.707s][info][gc,heap     ] GC(171) Y:      Live:         -                 0M (0%)            0M (0%)            0M (0%)     
[2026-06-17T10:07:41.400+0800][4.707s][info][gc,heap     ] GC(171) Y:   Garbage:         -                 0M (0%)            0M (0%)            0M (0%)     
[2026-06-17T10:07:41.400+0800][4.707s][info][gc,heap     ] GC(171) Y: Allocated:         -                 0M (0%)            0M (0%)            0M (0%)     
[2026-06-17T10:07:41.400+0800][4.707s][info][gc,heap     ] GC(171) Y: Reclaimed:         -                  -                 0M (0%)            0M (0%)     
[2026-06-17T10:07:41.400+0800][4.707s][info][gc,heap     ] GC(171) Y:  Promoted:         -                  -                 0M (0%)            0M (0%)     
[2026-06-17T10:07:41.400+0800][4.708s][info][gc,heap     ] GC(171) Y: Compacted:         -                  -                  -                 0M (0%)     
[2026-06-17T10:07:41.400+0800][4.708s][info][gc,phases   ] GC(171) Y: Young Generation (Collect Roots) 64M(100%)->64M(100%) 0.002s
[2026-06-17T10:07:41.400+0800][4.708s][info][gc,phases   ] GC(171) O: Old Generation
[2026-06-17T10:07:41.402+0800][4.709s][info][gc,phases   ] GC(171) O: Concurrent Mark 1.119ms
[2026-06-17T10:07:41.402+0800][4.709s][info][gc,phases   ] GC(171) O: Pause Mark End 0.005ms
[2026-06-17T10:07:41.402+0800][4.709s][info][gc,phases   ] GC(171) O: Concurrent Mark Free 0.000ms
[2026-06-17T10:07:41.402+0800][4.709s][info][gc,ref      ] GC(171) O: Clearing All SoftReferences
[2026-06-17T10:07:41.402+0800][4.710s][info][gc,phases   ] GC(171) O: Concurrent Process Non-Strong 0.300ms
[2026-06-17T10:07:41.402+0800][4.710s][info][gc,phases   ] GC(171) O: Concurrent Reset Relocation Set 0.001ms
[2026-06-17T10:07:41.403+0800][4.710s][info][gc          ] Allocation Stall (main) 18.520ms
[2026-06-17T10:07:41.403+0800][4.710s][info][gc,phases   ] GC(171) O: Concurrent Select Relocation Set 0.053ms
[2026-06-17T10:07:41.403+0800][4.710s][info][gc,task     ] GC(171) O: Using 1 Workers for Old Generation
[2026-06-17T10:07:41.403+0800][4.710s][info][gc,task     ] GC(171) O: Using 1 Workers for Old Generation
[2026-06-17T10:07:41.403+0800][4.710s][info][gc,phases   ] GC(171) O: Concurrent Remap Roots 0.271ms
[2026-06-17T10:07:41.403+0800][4.711s][info][gc,phases   ] GC(171) O: Pause Relocate Start 0.004ms
[2026-06-17T10:07:41.403+0800][4.711s][info][gc          ] GC(172) Minor Collection (Allocation Rate)
[2026-06-17T10:07:41.403+0800][4.711s][info][gc,task     ] GC(172) Using 1 Workers for Young Generation
[2026-06-17T10:07:41.403+0800][4.711s][info][gc          ] Allocation Stall (main) 0.746ms
[2026-06-17T10:07:41.403+0800][4.711s][info][gc,phases   ] GC(172) y: Young Generation
[2026-06-17T10:07:41.403+0800][4.711s][info][gc,phases   ] GC(171) O: Concurrent Relocate 0.198ms
[2026-06-17T10:07:41.404+0800][4.711s][info][gc,phases   ] GC(172) y: Pause Mark Start 0.006ms
[2026-06-17T10:07:41.404+0800][4.712s][info][gc,phases   ] GC(172) y: Concurrent Mark 0.316ms
[2026-06-17T10:07:41.404+0800][4.712s][info][gc,phases   ] GC(172) y: Pause Mark End 0.003ms
[2026-06-17T10:07:41.404+0800][4.712s][info][gc,phases   ] GC(172) y: Concurrent Mark Free 0.000ms
[2026-06-17T10:07:41.405+0800][4.712s][info][gc,phases   ] GC(172) y: Concurrent Reset Relocation Set 0.000ms
[2026-06-17T10:07:41.405+0800][4.712s][info][gc,reloc    ] GC(172) y: Using tenuring threshold: 1 (Computed)
[2026-06-17T10:07:41.405+0800][4.712s][info][gc,phases   ] GC(172) y: Concurrent Select Relocation Set 0.179ms
[2026-06-17T10:07:41.405+0800][4.712s][info][gc,phases   ] GC(172) y: Pause Relocate Start 0.003ms
[2026-06-17T10:07:41.405+0800][4.712s][info][gc,phases   ] GC(172) y: Concurrent Relocate 0.085ms
[2026-06-17T10:07:41.405+0800][4.713s][info][gc,alloc    ] GC(172) y:                         Mark Start        Mark End      Relocate Start    Relocate End   
[2026-06-17T10:07:41.405+0800][4.713s][info][gc,alloc    ] GC(172) y: Allocation Stalls:          0                0                0                0         
[2026-06-17T10:07:41.405+0800][4.713s][info][gc,load     ] GC(172) y: Load: 0.41 (2%) / 0.44 (2%) / 0.49 (2%)
[2026-06-17T10:07:41.405+0800][4.713s][info][gc,mmu      ] GC(172) y: MMU: 2ms/98.5%, 5ms/99.1%, 10ms/99.4%, 20ms/99.6%, 50ms/99.6%, 100ms/99.7%
[2026-06-17T10:07:41.405+0800][4.713s][info][gc,marking  ] GC(172) y: Mark: 1 stripe(s), 1 proactive flush(es), 1 terminate flush(es), 0 completion(s), 0 continuation(s) 
[2026-06-17T10:07:41.406+0800][4.713s][info][gc,nmethod  ] GC(172) y: NMethods: 74 registered, 6 unregistered
[2026-06-17T10:07:41.406+0800][4.713s][info][gc,metaspace] GC(172) y: Metaspace: 0M used, 0M committed, 1088M reserved
[2026-06-17T10:07:41.406+0800][4.713s][info][gc,reloc    ] GC(172) y:                        Candidates     Selected     In-Place         Size        Empty    Relocated 
[2026-06-17T10:07:41.406+0800][4.713s][info][gc,reloc    ] GC(172) y: Small Pages:                    1            0            0           2M           0M           0M 
[2026-06-17T10:07:41.406+0800][4.713s][info][gc,reloc    ] GC(172) y: Large Pages:                    2            0            0           4M           0M           0M 
[2026-06-17T10:07:41.406+0800][4.713s][info][gc,reloc    ] GC(172) y: Forwarding Usage: 0M
[2026-06-17T10:07:41.406+0800][4.713s][info][gc,reloc    ] GC(172) y: Age Table:
[2026-06-17T10:07:41.406+0800][4.713s][info][gc,reloc    ] GC(172) y:                    Live             Garbage             Small              Medium             Large        
[2026-06-17T10:07:41.406+0800][4.714s][info][gc,reloc    ] GC(172) y: Eden               4M (7%)            1M (3%)           1 / 0              0 / 0              2 / 0        
[2026-06-17T10:07:41.406+0800][4.714s][info][gc,heap     ] GC(172) y: Min Capacity: 64M(100%)
[2026-06-17T10:07:41.406+0800][4.714s][info][gc,heap     ] GC(172) y: Max Capacity: 64M(100%)
[2026-06-17T10:07:41.406+0800][4.714s][info][gc,heap     ] GC(172) y: Soft Max Capacity: 64M(100%)
[2026-06-17T10:07:41.406+0800][4.714s][info][gc,heap     ] GC(172) y: Heap Statistics:
[2026-06-17T10:07:41.407+0800][4.714s][info][gc,heap     ] GC(172) y:                Mark Start          Mark End        Relocate Start      Relocate End           High               Low         
[2026-06-17T10:07:41.407+0800][4.714s][info][gc,heap     ] GC(172) y:  Capacity:       64M (100%)         64M (100%)         64M (100%)         64M (100%)         64M (100%)         64M (100%)   
[2026-06-17T10:07:41.407+0800][4.714s][info][gc,heap     ] GC(172) y:      Free:        0M (0%)            0M (0%)            0M (0%)            0M (0%)            0M (0%)            0M (0%)     
[2026-06-17T10:07:41.407+0800][4.715s][info][gc,heap     ] GC(172) y:      Used:       64M (100%)         64M (100%)         64M (100%)         64M (100%)         64M (100%)         64M (100%)   
[2026-06-17T10:07:41.407+0800][4.715s][info][gc,heap     ] GC(172) y: Young Generation Statistics:
[2026-06-17T10:07:41.407+0800][4.715s][info][gc,heap     ] GC(172) y:                Mark Start          Mark End        Relocate Start      Relocate End    
[2026-06-17T10:07:41.407+0800][4.715s][info][gc,heap     ] GC(172) y:      Used:        6M (9%)            6M (9%)            6M (9%)            6M (9%)     
[2026-06-17T10:07:41.408+0800][4.715s][info][gc,heap     ] GC(172) y:      Live:         -                 4M (7%)            4M (7%)            4M (7%)     
[2026-06-17T10:07:41.408+0800][4.715s][info][gc,heap     ] GC(172) y:   Garbage:         -                 1M (3%)            1M (3%)            1M (3%)     
[2026-06-17T10:07:41.408+0800][4.715s][info][gc,heap     ] GC(172) y: Allocated:         -                 0M (0%)            0M (0%)            0M (0%)     
[2026-06-17T10:07:41.408+0800][4.715s][info][gc,heap     ] GC(172) y: Reclaimed:         -                  -                 0M (0%)            0M (0%)     
[2026-06-17T10:07:41.408+0800][4.715s][info][gc,heap     ] GC(172) y:  Promoted:         -                  -                 0M (0%)            0M (0%)     
[2026-06-17T10:07:41.408+0800][4.715s][info][gc,heap     ] GC(172) y: Compacted:         -                  -                  -                 0M (0%)     
[2026-06-17T10:07:41.408+0800][4.715s][info][gc,phases   ] GC(172) y: Young Generation 64M(100%)->64M(100%) 0.002s
[2026-06-17T10:07:41.408+0800][4.715s][info][gc          ] GC(172) Minor Collection (Allocation Rate) 64M(100%)->64M(100%) 0.005s
[2026-06-17T10:07:41.408+0800][4.716s][info][gc,alloc    ] GC(171) O:                         Mark Start        Mark End      Relocate Start    Relocate End   
[2026-06-17T10:07:41.408+0800][4.716s][info][gc,alloc    ] GC(171) O: Allocation Stalls:          1                1                1                0         
[2026-06-17T10:07:41.408+0800][4.716s][info][gc,load     ] GC(171) O: Load: 0.41 (2%) / 0.44 (2%) / 0.49 (2%)
[2026-06-17T10:07:41.408+0800][4.716s][info][gc,mmu      ] GC(171) O: MMU: 2ms/98.5%, 5ms/99.1%, 10ms/99.4%, 20ms/99.6%, 50ms/99.6%, 100ms/99.7%
[2026-06-17T10:07:41.408+0800][4.716s][info][gc,marking  ] GC(171) O: Mark: 1 stripe(s), 1 proactive flush(es), 1 terminate flush(es), 0 completion(s), 0 continuation(s) 
[2026-06-17T10:07:41.409+0800][4.716s][info][gc,nmethod  ] GC(171) O: NMethods: 74 registered, 6 unregistered
[2026-06-17T10:07:41.409+0800][4.716s][info][gc,metaspace] GC(171) O: Metaspace: 0M used, 0M committed, 1088M reserved
[2026-06-17T10:07:41.409+0800][4.716s][info][gc,ref      ] GC(171) O:                       Encountered   Discovered     Enqueued 
[2026-06-17T10:07:41.409+0800][4.716s][info][gc,ref      ] GC(171) O: Soft References:                0            0            0 
[2026-06-17T10:07:41.409+0800][4.716s][info][gc,ref      ] GC(171) O: Weak References:                6            0            0 
[2026-06-17T10:07:41.409+0800][4.716s][info][gc,ref      ] GC(171) O: Final References:               0            0            0 
[2026-06-17T10:07:41.409+0800][4.716s][info][gc,ref      ] GC(171) O: Phantom References:             1            1            0 
[2026-06-17T10:07:41.409+0800][4.716s][info][gc,reloc    ] GC(171) O:                        Candidates     Selected     In-Place         Size        Empty    Relocated 
[2026-06-17T10:07:41.409+0800][4.717s][info][gc,reloc    ] GC(171) O: Small Pages:                    8            1            1          16M           4M           1M 
[2026-06-17T10:07:41.409+0800][4.717s][info][gc,reloc    ] GC(171) O: Large Pages:                   24            0            0          48M           0M           0M 
[2026-06-17T10:07:41.409+0800][4.717s][info][gc,reloc    ] GC(171) O: Forwarding Usage: 0M
[2026-06-17T10:07:41.409+0800][4.717s][info][gc,heap     ] GC(171) O: Min Capacity: 64M(100%)
[2026-06-17T10:07:41.409+0800][4.717s][info][gc,heap     ] GC(171) O: Max Capacity: 64M(100%)
[2026-06-17T10:07:41.409+0800][4.717s][info][gc,heap     ] GC(171) O: Soft Max Capacity: 64M(100%)
[2026-06-17T10:07:41.410+0800][4.717s][info][gc,heap     ] GC(171) O: Heap Statistics:
[2026-06-17T10:07:41.410+0800][4.717s][info][gc,heap     ] GC(171) O:                Mark Start          Mark End        Relocate Start      Relocate End           High               Low         
[2026-06-17T10:07:41.410+0800][4.717s][info][gc,heap     ] GC(171) O:  Capacity:       64M (100%)         64M (100%)         64M (100%)         64M (100%)         64M (100%)         64M (100%)   
[2026-06-17T10:07:41.410+0800][4.717s][info][gc,heap     ] GC(171) O:      Free:        0M (0%)            0M (0%)            0M (0%)            0M (0%)            4M (6%)            0M (0%)     
[2026-06-17T10:07:41.410+0800][4.717s][info][gc,heap     ] GC(171) O:      Used:       64M (100%)         64M (100%)         64M (100%)         64M (100%)         64M (100%)         60M (94%)    
[2026-06-17T10:07:41.410+0800][4.717s][info][gc,heap     ] GC(171) O: Old Generation Statistics:
[2026-06-17T10:07:41.410+0800][4.717s][info][gc,heap     ] GC(171) O:                Mark Start          Mark End        Relocate Start      Relocate End    
[2026-06-17T10:07:41.410+0800][4.717s][info][gc,heap     ] GC(171) O:      Used:       64M (100%)         64M (100%)         60M (94%)          58M (91%)    
[2026-06-17T10:07:41.410+0800][4.718s][info][gc,heap     ] GC(171) O:      Live:         -                56M (89%)          56M (89%)          56M (89%)    
[2026-06-17T10:07:41.410+0800][4.718s][info][gc,heap     ] GC(171) O:   Garbage:         -                 7M (11%)           3M (5%)            0M (1%)     
[2026-06-17T10:07:41.410+0800][4.718s][info][gc,heap     ] GC(171) O: Allocated:         -                 0M (0%)            0M (0%)            0M (1%)     
[2026-06-17T10:07:41.410+0800][4.718s][info][gc,heap     ] GC(171) O: Reclaimed:         -                  -                 4M (6%)            6M (10%)    
[2026-06-17T10:07:41.410+0800][4.718s][info][gc,heap     ] GC(171) O: Compacted:         -                  -                  -                 1M (2%)     
[2026-06-17T10:07:41.411+0800][4.718s][info][gc,phases   ] GC(171) O: Old Generation 64M(100%)->64M(100%) 0.008s
[2026-06-17T10:07:41.411+0800][4.718s][info][gc          ] GC(171) Major Collection (Allocation Stall) 64M(100%)->64M(100%) 0.019s
[2026-06-17T10:07:41.414+0800][4.721s][info][gc          ] GC(173) Minor Collection (Allocation Stall)
[2026-06-17T10:07:41.414+0800][4.721s][info][gc,task     ] GC(173) Using 1 Workers for Young Generation
[2026-06-17T10:07:41.414+0800][4.721s][info][gc,phases   ] GC(173) y: Young Generation
[2026-06-17T10:07:41.414+0800][4.722s][info][gc,phases   ] GC(173) y: Pause Mark Start 0.004ms
[2026-06-17T10:07:41.415+0800][4.722s][info][gc,phases   ] GC(173) y: Concurrent Mark 0.388ms
[2026-06-17T10:07:41.415+0800][4.722s][info][gc,phases   ] GC(173) y: Pause Mark End 0.004ms
[2026-06-17T10:07:41.415+0800][4.722s][info][gc,phases   ] GC(173) y: Concurrent Mark Free 0.000ms
[2026-06-17T10:07:41.415+0800][4.723s][info][gc,phases   ] GC(173) y: Concurrent Reset Relocation Set 0.000ms
[2026-06-17T10:07:41.415+0800][4.723s][info][gc,reloc    ] GC(173) y: Using tenuring threshold: 2 (Computed)
[2026-06-17T10:07:41.415+0800][4.723s][info][gc,phases   ] GC(173) y: Concurrent Select Relocation Set 0.225ms
[2026-06-17T10:07:41.416+0800][4.723s][info][gc,phases   ] GC(173) y: Pause Relocate Start 0.003ms
[2026-06-17T10:07:41.416+0800][4.723s][info][gc,phases   ] GC(173) y: Concurrent Relocate 0.085ms
[2026-06-17T10:07:41.416+0800][4.723s][info][gc,alloc    ] GC(173) y:                         Mark Start        Mark End      Relocate Start    Relocate End   
[2026-06-17T10:07:41.416+0800][4.723s][info][gc,alloc    ] GC(173) y: Allocation Stalls:          1                1                1                1         
[2026-06-17T10:07:41.416+0800][4.724s][info][gc,load     ] GC(173) y: Load: 0.41 (2%) / 0.44 (2%) / 0.49 (2%)
[2026-06-17T10:07:41.416+0800][4.724s][info][gc,mmu      ] GC(173) y: MMU: 2ms/98.5%, 5ms/99.1%, 10ms/99.4%, 20ms/99.6%, 50ms/99.6%, 100ms/99.7%
[2026-06-17T10:07:41.416+0800][4.724s][info][gc,marking  ] GC(173) y: Mark: 1 stripe(s), 1 proactive flush(es), 1 terminate flush(es), 0 completion(s), 0 continuation(s) 
[2026-06-17T10:07:41.416+0800][4.724s][info][gc,nmethod  ] GC(173) y: NMethods: 74 registered, 6 unregistered
[2026-06-17T10:07:41.416+0800][4.724s][info][gc,metaspace] GC(173) y: Metaspace: 0M used, 0M committed, 1088M reserved
[2026-06-17T10:07:41.417+0800][4.724s][info][gc,reloc    ] GC(173) y:                        Candidates     Selected     In-Place         Size        Empty    Relocated 
[2026-06-17T10:07:41.417+0800][4.724s][info][gc,reloc    ] GC(173) y: Small Pages:                    1            0            0           2M           0M           0M 
[2026-06-17T10:07:41.417+0800][4.724s][info][gc,reloc    ] GC(173) y: Large Pages:                    2            0            0           4M           0M           0M 
[2026-06-17T10:07:41.417+0800][4.724s][info][gc,reloc    ] GC(173) y: Forwarding Usage: 0M
[2026-06-17T10:07:41.417+0800][4.724s][info][gc,reloc    ] GC(173) y: Age Table:
[2026-06-17T10:07:41.417+0800][4.724s][info][gc,reloc    ] GC(173) y:                    Live             Garbage             Small              Medium             Large        
[2026-06-17T10:07:41.417+0800][4.724s][info][gc,reloc    ] GC(173) y: Eden                -                 0M (0%)           0 / 0              0 / 0              0 / 0        
[2026-06-17T10:07:41.417+0800][4.724s][info][gc,reloc    ] GC(173) y: Survivor 1         4M (7%)            1M (3%)           1 / 0              0 / 0              2 / 0        
[2026-06-17T10:07:41.417+0800][4.725s][info][gc,heap     ] GC(173) y: Min Capacity: 64M(100%)
[2026-06-17T10:07:41.417+0800][4.725s][info][gc,heap     ] GC(173) y: Max Capacity: 64M(100%)
[2026-06-17T10:07:41.417+0800][4.725s][info][gc,heap     ] GC(173) y: Soft Max Capacity: 64M(100%)
[2026-06-17T10:07:41.417+0800][4.725s][info][gc,heap     ] GC(173) y: Heap Statistics:
[2026-06-17T10:07:41.417+0800][4.725s][info][gc,heap     ] GC(173) y:                Mark Start          Mark End        Relocate Start      Relocate End           High               Low         
[2026-06-17T10:07:41.418+0800][4.725s][info][gc,heap     ] GC(173) y:  Capacity:       64M (100%)         64M (100%)         64M (100%)         64M (100%)         64M (100%)         64M (100%)   
[2026-06-17T10:07:41.418+0800][4.725s][info][gc,heap     ] GC(173) y:      Free:        0M (0%)            0M (0%)            0M (0%)            0M (0%)            0M (0%)            0M (0%)     
[2026-06-17T10:07:41.418+0800][4.725s][info][gc,heap     ] GC(173) y:      Used:       64M (100%)         64M (100%)         64M (100%)         64M (100%)         64M (100%)         64M (100%)   
[2026-06-17T10:07:41.418+0800][4.725s][info][gc,heap     ] GC(173) y: Young Generation Statistics:
[2026-06-17T10:07:41.418+0800][4.725s][info][gc,heap     ] GC(173) y:                Mark Start          Mark End        Relocate Start      Relocate End    
[2026-06-17T10:07:41.418+0800][4.725s][info][gc,heap     ] GC(173) y:      Used:        6M (9%)            6M (9%)            6M (9%)            6M (9%)     
[2026-06-17T10:07:41.418+0800][4.725s][info][gc,heap     ] GC(173) y:      Live:         -                 4M (7%)            4M (7%)            4M (7%)     
[2026-06-17T10:07:41.418+0800][4.725s][info][gc,heap     ] GC(173) y:   Garbage:         -                 1M (3%)            1M (3%)            1M (3%)     
[2026-06-17T10:07:41.418+0800][4.726s][info][gc,heap     ] GC(173) y: Allocated:         -                 0M (0%)            0M (0%)            0M (0%)     
[2026-06-17T10:07:41.418+0800][4.726s][info][gc,heap     ] GC(173) y: Reclaimed:         -                  -                 0M (0%)            0M (0%)     
[2026-06-17T10:07:41.418+0800][4.726s][info][gc,heap     ] GC(173) y:  Promoted:         -                  -                 0M (0%)            0M (0%)     
[2026-06-17T10:07:41.418+0800][4.726s][info][gc,heap     ] GC(173) y: Compacted:         -                  -                  -                 0M (0%)     
[2026-06-17T10:07:41.419+0800][4.726s][info][gc,phases   ] GC(173) y: Young Generation 64M(100%)->64M(100%) 0.002s
[2026-06-17T10:07:41.419+0800][4.726s][info][gc          ] GC(173) Minor Collection (Allocation Stall) 64M(100%)->64M(100%) 0.005s
[2026-06-17T10:07:41.419+0800][4.726s][info][gc          ] GC(174) Major Collection (Allocation Stall)
[2026-06-17T10:07:41.419+0800][4.726s][info][gc,task     ] GC(174) Using 1 Workers for Young Generation
[2026-06-17T10:07:41.419+0800][4.726s][info][gc,task     ] GC(174) Using 1 Workers for Old Generation
[2026-06-17T10:07:41.419+0800][4.726s][info][gc,phases   ] GC(174) Y: Young Generation (Promote All)
[2026-06-17T10:07:41.419+0800][4.726s][info][gc,phases   ] GC(174) Y: Pause Mark Start 0.004ms
[2026-06-17T10:07:41.419+0800][4.727s][info][gc,phases   ] GC(174) Y: Concurrent Mark 0.314ms
[2026-06-17T10:07:41.420+0800][4.727s][info][gc,phases   ] GC(174) Y: Pause Mark End 0.003ms
[2026-06-17T10:07:41.420+0800][4.727s][info][gc,phases   ] GC(174) Y: Concurrent Mark Free 0.000ms
[2026-06-17T10:07:41.420+0800][4.727s][info][gc,phases   ] GC(174) Y: Concurrent Reset Relocation Set 0.000ms
[2026-06-17T10:07:41.420+0800][4.727s][info][gc,reloc    ] GC(174) Y: Using tenuring threshold: 0 (Promote All)
[2026-06-17T10:07:41.420+0800][4.728s][info][gc,phases   ] GC(174) Y: Concurrent Select Relocation Set 0.235ms
[2026-06-17T10:07:41.420+0800][4.728s][info][gc,phases   ] GC(174) Y: Pause Relocate Start 0.004ms
[2026-06-17T10:07:41.421+0800][4.728s][info][gc,phases   ] GC(174) Y: Concurrent Relocate 0.087ms
[2026-06-17T10:07:41.421+0800][4.728s][info][gc,alloc    ] GC(174) Y:                         Mark Start        Mark End      Relocate Start    Relocate End   
[2026-06-17T10:07:41.421+0800][4.728s][info][gc,alloc    ] GC(174) Y: Allocation Stalls:          1                1                1                1         
[2026-06-17T10:07:41.421+0800][4.728s][info][gc,load     ] GC(174) Y: Load: 0.41 (2%) / 0.44 (2%) / 0.49 (2%)
[2026-06-17T10:07:41.421+0800][4.728s][info][gc,mmu      ] GC(174) Y: MMU: 2ms/98.5%, 5ms/99.1%, 10ms/99.4%, 20ms/99.6%, 50ms/99.6%, 100ms/99.7%
[2026-06-17T10:07:41.421+0800][4.728s][info][gc,marking  ] GC(174) Y: Mark: 1 stripe(s), 1 proactive flush(es), 1 terminate flush(es), 0 completion(s), 0 continuation(s) 
[2026-06-17T10:07:41.421+0800][4.728s][info][gc,nmethod  ] GC(174) Y: NMethods: 74 registered, 6 unregistered
[2026-06-17T10:07:41.421+0800][4.729s][info][gc,metaspace] GC(174) Y: Metaspace: 0M used, 0M committed, 1088M reserved
[2026-06-17T10:07:41.421+0800][4.729s][info][gc,reloc    ] GC(174) Y:                        Candidates     Selected     In-Place         Size        Empty    Relocated 
[2026-06-17T10:07:41.421+0800][4.729s][info][gc,reloc    ] GC(174) Y: Small Pages:                    1            0            0           2M           0M           0M 
[2026-06-17T10:07:41.421+0800][4.729s][info][gc,reloc    ] GC(174) Y: Large Pages:                    2            0            0           4M           0M           0M 
[2026-06-17T10:07:41.421+0800][4.729s][info][gc,reloc    ] GC(174) Y: Forwarding Usage: 0M
[2026-06-17T10:07:41.421+0800][4.729s][info][gc,reloc    ] GC(174) Y: Age Table:
[2026-06-17T10:07:41.422+0800][4.729s][info][gc,reloc    ] GC(174) Y:                    Live             Garbage             Small              Medium             Large        
[2026-06-17T10:07:41.422+0800][4.729s][info][gc,reloc    ] GC(174) Y: Eden                -                 0M (0%)           0 / 0              0 / 0              0 / 0        
[2026-06-17T10:07:41.422+0800][4.729s][info][gc,reloc    ] GC(174) Y: Survivor 1          -                 0M (0%)           0 / 0              0 / 0              0 / 0        
[2026-06-17T10:07:41.422+0800][4.729s][info][gc,reloc    ] GC(174) Y: Survivor 2         4M (7%)            1M (3%)           1 / 0              0 / 0              2 / 0        
[2026-06-17T10:07:41.422+0800][4.729s][info][gc,heap     ] GC(174) Y: Min Capacity: 64M(100%)
[2026-06-17T10:07:41.422+0800][4.729s][info][gc,heap     ] GC(174) Y: Max Capacity: 64M(100%)
[2026-06-17T10:07:41.422+0800][4.729s][info][gc,heap     ] GC(174) Y: Soft Max Capacity: 64M(100%)
[2026-06-17T10:07:41.422+0800][4.729s][info][gc,heap     ] GC(174) Y: Heap Statistics:
[2026-06-17T10:07:41.422+0800][4.730s][info][gc,heap     ] GC(174) Y:                Mark Start          Mark End        Relocate Start      Relocate End           High               Low         
[2026-06-17T10:07:41.422+0800][4.730s][info][gc,heap     ] GC(174) Y:  Capacity:       64M (100%)         64M (100%)         64M (100%)         64M (100%)         64M (100%)         64M (100%)   
[2026-06-17T10:07:41.422+0800][4.730s][info][gc,heap     ] GC(174) Y:      Free:        0M (0%)            0M (0%)            0M (0%)            0M (0%)            0M (0%)            0M (0%)     
[2026-06-17T10:07:41.422+0800][4.730s][info][gc,heap     ] GC(174) Y:      Used:       64M (100%)         64M (100%)         64M (100%)         64M (100%)         64M (100%)         64M (100%)   
[2026-06-17T10:07:41.423+0800][4.730s][info][gc,heap     ] GC(174) Y: Young Generation Statistics:
[2026-06-17T10:07:41.423+0800][4.730s][info][gc,heap     ] GC(174) Y:                Mark Start          Mark End        Relocate Start      Relocate End    
[2026-06-17T10:07:41.423+0800][4.730s][info][gc,heap     ] GC(174) Y:      Used:        6M (9%)            6M (9%)            0M (0%)            0M (0%)     
[2026-06-17T10:07:41.423+0800][4.730s][info][gc,heap     ] GC(174) Y:      Live:         -                 4M (7%)            0M (0%)            0M (0%)     
[2026-06-17T10:07:41.423+0800][4.730s][info][gc,heap     ] GC(174) Y:   Garbage:         -                 1M (3%)            0M (0%)            0M (0%)     
[2026-06-17T10:07:41.423+0800][4.730s][info][gc,heap     ] GC(174) Y: Allocated:         -                 0M (0%)            0M (0%)            0M (0%)     
[2026-06-17T10:07:41.423+0800][4.730s][info][gc,heap     ] GC(174) Y: Reclaimed:         -                  -                 1M (3%)            1M (3%)     
[2026-06-17T10:07:41.423+0800][4.730s][info][gc,heap     ] GC(174) Y:  Promoted:         -                  -                 4M (7%)            4M (7%)     
[2026-06-17T10:07:41.423+0800][4.731s][info][gc,heap     ] GC(174) Y: Compacted:         -                  -                  -                 0M (0%)     
[2026-06-17T10:07:41.423+0800][4.731s][info][gc,phases   ] GC(174) Y: Young Generation (Promote All) 64M(100%)->64M(100%) 0.002s
[2026-06-17T10:07:41.423+0800][4.731s][info][gc,phases   ] GC(174) Y: Young Generation (Collect Roots)
[2026-06-17T10:07:41.423+0800][4.731s][info][gc,phases   ] GC(174) Y: Pause Mark Start (Major) 0.005ms
[2026-06-17T10:07:41.424+0800][4.731s][info][gc,phases   ] GC(174) Y: Concurrent Mark 0.297ms
[2026-06-17T10:07:41.424+0800][4.731s][info][gc,phases   ] GC(174) Y: Pause Mark End 0.003ms
[2026-06-17T10:07:41.424+0800][4.731s][info][gc,phases   ] GC(174) Y: Concurrent Mark Free 0.000ms
[2026-06-17T10:07:41.424+0800][4.732s][info][gc,phases   ] GC(174) Y: Concurrent Reset Relocation Set 0.001ms
[2026-06-17T10:07:41.424+0800][4.732s][info][gc,reloc    ] GC(174) Y: Using tenuring threshold: 0 (Computed)
[2026-06-17T10:07:41.424+0800][4.732s][info][gc,phases   ] GC(174) Y: Concurrent Select Relocation Set 0.194ms
[2026-06-17T10:07:41.425+0800][4.732s][info][gc,phases   ] GC(174) Y: Pause Relocate Start 0.003ms
[2026-06-17T10:07:41.425+0800][4.732s][info][gc,phases   ] GC(174) Y: Concurrent Relocate 0.081ms
[2026-06-17T10:07:41.425+0800][4.732s][info][gc,alloc    ] GC(174) Y:                         Mark Start        Mark End      Relocate Start    Relocate End   
[2026-06-17T10:07:41.425+0800][4.732s][info][gc,alloc    ] GC(174) Y: Allocation Stalls:          1                1                1                1         
[2026-06-17T10:07:41.425+0800][4.732s][info][gc,load     ] GC(174) Y: Load: 0.41 (2%) / 0.44 (2%) / 0.49 (2%)
[2026-06-17T10:07:41.425+0800][4.733s][info][gc,mmu      ] GC(174) Y: MMU: 2ms/98.5%, 5ms/99.1%, 10ms/99.4%, 20ms/99.6%, 50ms/99.6%, 100ms/99.7%
[2026-06-17T10:07:41.425+0800][4.733s][info][gc,marking  ] GC(174) Y: Mark: 1 stripe(s), 1 proactive flush(es), 1 terminate flush(es), 0 completion(s), 0 continuation(s) 
[2026-06-17T10:07:41.425+0800][4.733s][info][gc,nmethod  ] GC(174) Y: NMethods: 74 registered, 6 unregistered
[2026-06-17T10:07:41.425+0800][4.733s][info][gc,metaspace] GC(174) Y: Metaspace: 0M used, 0M committed, 1088M reserved
[2026-06-17T10:07:41.425+0800][4.733s][info][gc,heap     ] GC(174) Y: Min Capacity: 64M(100%)
[2026-06-17T10:07:41.426+0800][4.733s][info][gc,heap     ] GC(174) Y: Max Capacity: 64M(100%)
[2026-06-17T10:07:41.426+0800][4.733s][info][gc,heap     ] GC(174) Y: Soft Max Capacity: 64M(100%)
[2026-06-17T10:07:41.426+0800][4.733s][info][gc,heap     ] GC(174) Y: Heap Statistics:
[2026-06-17T10:07:41.426+0800][4.733s][info][gc,heap     ] GC(174) Y:                Mark Start          Mark End        Relocate Start      Relocate End           High               Low         
[2026-06-17T10:07:41.426+0800][4.733s][info][gc,heap     ] GC(174) Y:  Capacity:       64M (100%)         64M (100%)         64M (100%)         64M (100%)         64M (100%)         64M (100%)   
[2026-06-17T10:07:41.426+0800][4.733s][info][gc,heap     ] GC(174) Y:      Free:        0M (0%)            0M (0%)            0M (0%)            0M (0%)            0M (0%)            0M (0%)     
[2026-06-17T10:07:41.426+0800][4.733s][info][gc,heap     ] GC(174) Y:      Used:       64M (100%)         64M (100%)         64M (100%)         64M (100%)         64M (100%)         64M (100%)   
[2026-06-17T10:07:41.426+0800][4.734s][info][gc,heap     ] GC(174) Y: Young Generation Statistics:
[2026-06-17T10:07:41.426+0800][4.734s][info][gc,heap     ] GC(174) Y:                Mark Start          Mark End        Relocate Start      Relocate End    
[2026-06-17T10:07:41.426+0800][4.734s][info][gc,heap     ] GC(174) Y:      Used:        0M (0%)            0M (0%)            0M (0%)            0M (0%)     
[2026-06-17T10:07:41.426+0800][4.734s][info][gc,heap     ] GC(174) Y:      Live:         -                 0M (0%)            0M (0%)            0M (0%)     
[2026-06-17T10:07:41.427+0800][4.734s][info][gc,heap     ] GC(174) Y:   Garbage:         -                 0M (0%)            0M (0%)            0M (0%)     
[2026-06-17T10:07:41.427+0800][4.734s][info][gc,heap     ] GC(174) Y: Allocated:         -                 0M (0%)            0M (0%)            0M (0%)     
[2026-06-17T10:07:41.427+0800][4.734s][info][gc,heap     ] GC(174) Y: Reclaimed:         -                  -                 0M (0%)            0M (0%)     
[2026-06-17T10:07:41.427+0800][4.734s][info][gc,heap     ] GC(174) Y:  Promoted:         -                  -                 0M (0%)            0M (0%)     
[2026-06-17T10:07:41.427+0800][4.734s][info][gc,heap     ] GC(174) Y: Compacted:         -                  -                  -                 0M (0%)     
[2026-06-17T10:07:41.427+0800][4.734s][info][gc,phases   ] GC(174) Y: Young Generation (Collect Roots) 64M(100%)->64M(100%) 0.002s
[2026-06-17T10:07:41.427+0800][4.734s][info][gc,phases   ] GC(174) O: Old Generation
[2026-06-17T10:07:41.428+0800][4.735s][info][gc,phases   ] GC(174) O: Concurrent Mark 0.774ms
[2026-06-17T10:07:41.428+0800][4.735s][info][gc,phases   ] GC(174) O: Pause Mark End 0.004ms
[2026-06-17T10:07:41.428+0800][4.736s][info][gc,phases   ] GC(174) O: Concurrent Mark Free 0.001ms
[2026-06-17T10:07:41.428+0800][4.736s][info][gc,ref      ] GC(174) O: Clearing All SoftReferences
[2026-06-17T10:07:41.428+0800][4.736s][info][gc,phases   ] GC(174) O: Concurrent Process Non-Strong 0.287ms
[2026-06-17T10:07:41.429+0800][4.736s][info][gc,phases   ] GC(174) O: Concurrent Reset Relocation Set 0.001ms
[2026-06-17T10:07:41.429+0800][4.736s][info][gc,phases   ] GC(174) O: Concurrent Select Relocation Set 0.031ms
[2026-06-17T10:07:41.429+0800][4.736s][info][gc,task     ] GC(174) O: Using 1 Workers for Old Generation
[2026-06-17T10:07:41.429+0800][4.736s][info][gc,task     ] GC(174) O: Using 1 Workers for Old Generation
[2026-06-17T10:07:41.429+0800][4.736s][info][gc,phases   ] GC(174) O: Concurrent Remap Roots 0.264ms
[2026-06-17T10:07:41.429+0800][4.737s][info][gc,phases   ] GC(174) O: Pause Relocate Start 0.004ms
[2026-06-17T10:07:41.429+0800][4.737s][info][gc,phases   ] GC(174) O: Concurrent Relocate 0.056ms
[2026-06-17T10:07:41.429+0800][4.737s][info][gc,alloc    ] GC(174) O:                         Mark Start        Mark End      Relocate Start    Relocate End   
[2026-06-17T10:07:41.429+0800][4.737s][info][gc,alloc    ] GC(174) O: Allocation Stalls:          1                1                1                1         
[2026-06-17T10:07:41.430+0800][4.737s][info][gc,load     ] GC(174) O: Load: 0.41 (2%) / 0.44 (2%) / 0.49 (2%)
[2026-06-17T10:07:41.430+0800][4.737s][info][gc,mmu      ] GC(174) O: MMU: 2ms/98.5%, 5ms/99.1%, 10ms/99.4%, 20ms/99.6%, 50ms/99.6%, 100ms/99.7%
[2026-06-17T10:07:41.430+0800][4.737s][info][gc,marking  ] GC(174) O: Mark: 1 stripe(s), 1 proactive flush(es), 1 terminate flush(es), 0 completion(s), 0 continuation(s) 
[2026-06-17T10:07:41.430+0800][4.737s][info][gc,nmethod  ] GC(174) O: NMethods: 74 registered, 6 unregistered
[2026-06-17T10:07:41.430+0800][4.737s][info][gc,metaspace] GC(174) O: Metaspace: 0M used, 0M committed, 1088M reserved
[2026-06-17T10:07:41.430+0800][4.737s][info][gc,ref      ] GC(174) O:                       Encountered   Discovered     Enqueued 
[2026-06-17T10:07:41.430+0800][4.737s][info][gc,ref      ] GC(174) O: Soft References:                0            0            0 
[2026-06-17T10:07:41.430+0800][4.738s][info][gc,ref      ] GC(174) O: Weak References:                6            0            0 
[2026-06-17T10:07:41.430+0800][4.738s][info][gc,ref      ] GC(174) O: Final References:               0            0            0 
[2026-06-17T10:07:41.430+0800][4.738s][info][gc,ref      ] GC(174) O: Phantom References:             1            1            0 
[2026-06-17T10:07:41.430+0800][4.738s][info][gc,reloc    ] GC(174) O:                        Candidates     Selected     In-Place         Size        Empty    Relocated 
[2026-06-17T10:07:41.430+0800][4.738s][info][gc,reloc    ] GC(174) O: Small Pages:                    6            0            0          12M           0M           0M 
[2026-06-17T10:07:41.431+0800][4.738s][info][gc,reloc    ] GC(174) O: Large Pages:                   26            0            0          52M           0M           0M 
[2026-06-17T10:07:41.431+0800][4.738s][info][gc,reloc    ] GC(174) O: Forwarding Usage: 0M
[2026-06-17T10:07:41.431+0800][4.738s][info][gc,heap     ] GC(174) O: Min Capacity: 64M(100%)
[2026-06-17T10:07:41.431+0800][4.738s][info][gc,heap     ] GC(174) O: Max Capacity: 64M(100%)
[2026-06-17T10:07:41.431+0800][4.738s][info][gc,heap     ] GC(174) O: Soft Max Capacity: 64M(100%)
[2026-06-17T10:07:41.431+0800][4.738s][info][gc,heap     ] GC(174) O: Heap Statistics:
[2026-06-17T10:07:41.431+0800][4.738s][info][gc,heap     ] GC(174) O:                Mark Start          Mark End        Relocate Start      Relocate End           High               Low         
[2026-06-17T10:07:41.431+0800][4.738s][info][gc,heap     ] GC(174) O:  Capacity:       64M (100%)         64M (100%)         64M (100%)         64M (100%)         64M (100%)         64M (100%)   
[2026-06-17T10:07:41.431+0800][4.739s][info][gc,heap     ] GC(174) O:      Free:        0M (0%)            0M (0%)            0M (0%)            0M (0%)            0M (0%)            0M (0%)     
[2026-06-17T10:07:41.431+0800][4.739s][info][gc,heap     ] GC(174) O:      Used:       64M (100%)         64M (100%)         64M (100%)         64M (100%)         64M (100%)         64M (100%)   
[2026-06-17T10:07:41.431+0800][4.739s][info][gc,heap     ] GC(174) O: Old Generation Statistics:
[2026-06-17T10:07:41.431+0800][4.739s][info][gc,heap     ] GC(174) O:                Mark Start          Mark End        Relocate Start      Relocate End    
[2026-06-17T10:07:41.431+0800][4.739s][info][gc,heap     ] GC(174) O:      Used:       64M (100%)         64M (100%)         64M (100%)         64M (100%)   
[2026-06-17T10:07:41.432+0800][4.739s][info][gc,heap     ] GC(174) O:      Live:         -                61M (96%)          61M (96%)          61M (96%)    
[2026-06-17T10:07:41.432+0800][4.739s][info][gc,heap     ] GC(174) O:   Garbage:         -                 2M (4%)            2M (4%)            2M (4%)     
[2026-06-17T10:07:41.432+0800][4.739s][info][gc,heap     ] GC(174) O: Allocated:         -                 0M (0%)            0M (0%)            0M (0%)     
[2026-06-17T10:07:41.432+0800][4.739s][info][gc,heap     ] GC(174) O: Reclaimed:         -                  -                 0M (0%)            0M (0%)     
[2026-06-17T10:07:41.432+0800][4.739s][info][gc,heap     ] GC(174) O: Compacted:         -                  -                  -                 0M (0%)     
[2026-06-17T10:07:41.432+0800][4.739s][info][gc,phases   ] GC(174) O: Old Generation 64M(100%)->64M(100%) 0.002s
[2026-06-17T10:07:41.432+0800][4.739s][info][gc          ] GC(174) Major Collection (Allocation Stall) 64M(100%)->64M(100%) 0.013s
[2026-06-17T10:07:41.432+0800][4.740s][info][gc          ] Allocation Stall (main) 18.437ms
[2026-06-17T10:07:41.432+0800][4.740s][info][gc          ] GC(175) Minor Collection (Allocation Stall)
[2026-06-17T10:07:41.432+0800][4.740s][info][gc,task     ] GC(175) Using 1 Workers for Young Generation
[2026-06-17T10:07:41.432+0800][4.740s][info][gc,phases   ] GC(175) y: Young Generation
[2026-06-17T10:07:41.433+0800][4.740s][info][gc,phases   ] GC(175) y: Pause Mark Start 0.005ms
[2026-06-17T10:07:41.433+0800][4.740s][info][gc,phases   ] GC(175) y: Concurrent Mark 0.363ms
[2026-06-17T10:07:41.433+0800][4.741s][info][gc,phases   ] GC(175) y: Pause Mark End 0.004ms
[2026-06-17T10:07:41.433+0800][4.741s][info][gc,phases   ] GC(175) y: Concurrent Mark Free 0.000ms
[2026-06-17T10:07:41.433+0800][4.741s][info][gc,phases   ] GC(175) y: Concurrent Reset Relocation Set 0.000ms
[2026-06-17T10:07:41.433+0800][4.741s][info][gc,reloc    ] GC(175) y: Using tenuring threshold: 0 (Computed)
[2026-06-17T10:07:41.434+0800][4.741s][info][gc,phases   ] GC(175) y: Concurrent Select Relocation Set 0.214ms
[2026-06-17T10:07:41.434+0800][4.741s][info][gc,phases   ] GC(175) y: Pause Relocate Start 0.004ms
[2026-06-17T10:07:41.434+0800][4.741s][info][gc,phases   ] GC(175) y: Concurrent Relocate 0.081ms
[2026-06-17T10:07:41.434+0800][4.741s][info][gc,alloc    ] GC(175) y:                         Mark Start        Mark End      Relocate Start    Relocate End   
[2026-06-17T10:07:41.434+0800][4.741s][info][gc,alloc    ] GC(175) y: Allocation Stalls:          1                1                1                1         
[2026-06-17T10:07:41.434+0800][4.742s][info][gc,load     ] GC(175) y: Load: 0.41 (2%) / 0.44 (2%) / 0.49 (2%)
[2026-06-17T10:07:41.434+0800][4.742s][info][gc,mmu      ] GC(175) y: MMU: 2ms/98.5%, 5ms/99.1%, 10ms/99.4%, 20ms/99.6%, 50ms/99.6%, 100ms/99.7%
[2026-06-17T10:07:41.434+0800][4.742s][info][gc,marking  ] GC(175) y: Mark: 1 stripe(s), 1 proactive flush(es), 1 terminate flush(es), 0 completion(s), 0 continuation(s) 
[2026-06-17T10:07:41.434+0800][4.742s][info][gc,nmethod  ] GC(175) y: NMethods: 74 registered, 6 unregistered
[2026-06-17T10:07:41.434+0800][4.742s][info][gc,metaspace] GC(175) y: Metaspace: 0M used, 0M committed, 1088M reserved
[2026-06-17T10:07:41.435+0800][4.742s][info][gc,heap     ] GC(175) y: Min Capacity: 64M(100%)
[2026-06-17T10:07:41.435+0800][4.742s][info][gc,heap     ] GC(175) y: Max Capacity: 64M(100%)
[2026-06-17T10:07:41.435+0800][4.742s][info][gc,heap     ] GC(175) y: Soft Max Capacity: 64M(100%)
[2026-06-17T10:07:41.435+0800][4.742s][info][gc,heap     ] GC(175) y: Heap Statistics:
[2026-06-17T10:07:41.435+0800][4.742s][info][gc,heap     ] GC(175) y:                Mark Start          Mark End        Relocate Start      Relocate End           High               Low         
[2026-06-17T10:07:41.435+0800][4.742s][info][gc,heap     ] GC(175) y:  Capacity:       64M (100%)         64M (100%)         64M (100%)         64M (100%)         64M (100%)         64M (100%)   
[2026-06-17T10:07:41.435+0800][4.742s][info][gc,heap     ] GC(175) y:      Free:        0M (0%)            0M (0%)            0M (0%)            0M (0%)            0M (0%)            0M (0%)     
[2026-06-17T10:07:41.435+0800][4.742s][info][gc,heap     ] GC(175) y:      Used:       64M (100%)         64M (100%)         64M (100%)         64M (100%)         64M (100%)         64M (100%)   
[2026-06-17T10:07:41.435+0800][4.743s][info][gc,heap     ] GC(175) y: Young Generation Statistics:
[2026-06-17T10:07:41.435+0800][4.743s][info][gc,heap     ] GC(175) y:                Mark Start          Mark End        Relocate Start      Relocate End    
[2026-06-17T10:07:41.435+0800][4.743s][info][gc,heap     ] GC(175) y:      Used:        0M (0%)            0M (0%)            0M (0%)            0M (0%)     
[2026-06-17T10:07:41.435+0800][4.743s][info][gc,heap     ] GC(175) y:      Live:         -                 0M (0%)            0M (0%)            0M (0%)     
[2026-06-17T10:07:41.435+0800][4.743s][info][gc,heap     ] GC(175) y:   Garbage:         -                 0M (0%)            0M (0%)            0M (0%)     
[2026-06-17T10:07:41.436+0800][4.743s][info][gc,heap     ] GC(175) y: Allocated:         -                 0M (0%)            0M (0%)            0M (0%)     
[2026-06-17T10:07:41.436+0800][4.743s][info][gc,heap     ] GC(175) y: Reclaimed:         -                  -                 0M (0%)            0M (0%)     
[2026-06-17T10:07:41.436+0800][4.743s][info][gc,heap     ] GC(175) y:  Promoted:         -                  -                 0M (0%)            0M (0%)     
[2026-06-17T10:07:41.436+0800][4.743s][info][gc,heap     ] GC(175) y: Compacted:         -                  -                  -                 0M (0%)     
[2026-06-17T10:07:41.436+0800][4.743s][info][gc,phases   ] GC(175) y: Young Generation 64M(100%)->64M(100%) 0.002s
[2026-06-17T10:07:41.436+0800][4.743s][info][gc          ] GC(175) Minor Collection (Allocation Stall) 64M(100%)->64M(100%) 0.004s
[2026-06-17T10:07:41.436+0800][4.743s][info][gc          ] GC(176) Major Collection (Allocation Stall)
[2026-06-17T10:07:41.436+0800][4.744s][info][gc,task     ] GC(176) Using 1 Workers for Young Generation
[2026-06-17T10:07:41.436+0800][4.744s][info][gc,task     ] GC(176) Using 1 Workers for Old Generation
[2026-06-17T10:07:41.436+0800][4.744s][info][gc,phases   ] GC(176) Y: Young Generation (Promote All)
[2026-06-17T10:07:41.436+0800][4.744s][info][gc,phases   ] GC(176) Y: Pause Mark Start 0.004ms
[2026-06-17T10:07:41.437+0800][4.744s][info][gc,phases   ] GC(176) Y: Concurrent Mark 0.299ms
[2026-06-17T10:07:41.437+0800][4.744s][info][gc,phases   ] GC(176) Y: Pause Mark End 0.003ms
[2026-06-17T10:07:41.437+0800][4.744s][info][gc,phases   ] GC(176) Y: Concurrent Mark Free 0.000ms
[2026-06-17T10:07:41.437+0800][4.745s][info][gc,phases   ] GC(176) Y: Concurrent Reset Relocation Set 0.000ms
[2026-06-17T10:07:41.437+0800][4.745s][info][gc,reloc    ] GC(176) Y: Using tenuring threshold: 0 (Promote All)
[2026-06-17T10:07:41.437+0800][4.745s][info][gc,phases   ] GC(176) Y: Concurrent Select Relocation Set 0.196ms
[2026-06-17T10:07:41.438+0800][4.745s][info][gc,phases   ] GC(176) Y: Pause Relocate Start 0.003ms
[2026-06-17T10:07:41.438+0800][4.745s][info][gc,phases   ] GC(176) Y: Concurrent Relocate 0.110ms
[2026-06-17T10:07:41.438+0800][4.745s][info][gc,alloc    ] GC(176) Y:                         Mark Start        Mark End      Relocate Start    Relocate End   
[2026-06-17T10:07:41.438+0800][4.745s][info][gc,alloc    ] GC(176) Y: Allocation Stalls:          1                1                1                1         
[2026-06-17T10:07:41.438+0800][4.745s][info][gc,load     ] GC(176) Y: Load: 0.41 (2%) / 0.44 (2%) / 0.49 (2%)
[2026-06-17T10:07:41.438+0800][4.746s][info][gc,mmu      ] GC(176) Y: MMU: 2ms/98.5%, 5ms/99.1%, 10ms/99.4%, 20ms/99.6%, 50ms/99.6%, 100ms/99.7%
[2026-06-17T10:07:41.438+0800][4.746s][info][gc,marking  ] GC(176) Y: Mark: 1 stripe(s), 1 proactive flush(es), 1 terminate flush(es), 0 completion(s), 0 continuation(s) 
[2026-06-17T10:07:41.438+0800][4.746s][info][gc,nmethod  ] GC(176) Y: NMethods: 74 registered, 6 unregistered
[2026-06-17T10:07:41.438+0800][4.746s][info][gc,metaspace] GC(176) Y: Metaspace: 0M used, 0M committed, 1088M reserved
[2026-06-17T10:07:41.438+0800][4.746s][info][gc,heap     ] GC(176) Y: Min Capacity: 64M(100%)
[2026-06-17T10:07:41.439+0800][4.746s][info][gc,heap     ] GC(176) Y: Max Capacity: 64M(100%)
[2026-06-17T10:07:41.439+0800][4.746s][info][gc,heap     ] GC(176) Y: Soft Max Capacity: 64M(100%)
[2026-06-17T10:07:41.439+0800][4.746s][info][gc,heap     ] GC(176) Y: Heap Statistics:
[2026-06-17T10:07:41.439+0800][4.746s][info][gc,heap     ] GC(176) Y:                Mark Start          Mark End        Relocate Start      Relocate End           High               Low         
[2026-06-17T10:07:41.439+0800][4.746s][info][gc,heap     ] GC(176) Y:  Capacity:       64M (100%)         64M (100%)         64M (100%)         64M (100%)         64M (100%)         64M (100%)   
[2026-06-17T10:07:41.439+0800][4.746s][info][gc,heap     ] GC(176) Y:      Free:        0M (0%)            0M (0%)            0M (0%)            0M (0%)            0M (0%)            0M (0%)     
[2026-06-17T10:07:41.439+0800][4.746s][info][gc,heap     ] GC(176) Y:      Used:       64M (100%)         64M (100%)         64M (100%)         64M (100%)         64M (100%)         64M (100%)   
[2026-06-17T10:07:41.439+0800][4.746s][info][gc,heap     ] GC(176) Y: Young Generation Statistics:
[2026-06-17T10:07:41.439+0800][4.746s][info][gc,heap     ] GC(176) Y:                Mark Start          Mark End        Relocate Start      Relocate End    
[2026-06-17T10:07:41.439+0800][4.747s][info][gc,heap     ] GC(176) Y:      Used:        0M (0%)            0M (0%)            0M (0%)            0M (0%)     
[2026-06-17T10:07:41.439+0800][4.747s][info][gc,heap     ] GC(176) Y:      Live:         -                 0M (0%)            0M (0%)            0M (0%)     
[2026-06-17T10:07:41.439+0800][4.747s][info][gc,heap     ] GC(176) Y:   Garbage:         -                 0M (0%)            0M (0%)            0M (0%)     
[2026-06-17T10:07:41.439+0800][4.747s][info][gc,heap     ] GC(176) Y: Allocated:         -                 0M (0%)            0M (0%)            0M (0%)     
[2026-06-17T10:07:41.439+0800][4.747s][info][gc,heap     ] GC(176) Y: Reclaimed:         -                  -                 0M (0%)            0M (0%)     
[2026-06-17T10:07:41.439+0800][4.747s][info][gc,heap     ] GC(176) Y:  Promoted:         -                  -                 0M (0%)            0M (0%)     
[2026-06-17T10:07:41.440+0800][4.747s][info][gc,heap     ] GC(176) Y: Compacted:         -                  -                  -                 0M (0%)     
[2026-06-17T10:07:41.440+0800][4.747s][info][gc,phases   ] GC(176) Y: Young Generation (Promote All) 64M(100%)->64M(100%) 0.002s
[2026-06-17T10:07:41.440+0800][4.747s][info][gc,phases   ] GC(176) Y: Young Generation (Collect Roots)
[2026-06-17T10:07:41.440+0800][4.747s][info][gc,phases   ] GC(176) Y: Pause Mark Start (Major) 0.005ms
[2026-06-17T10:07:41.440+0800][4.748s][info][gc,phases   ] GC(176) Y: Concurrent Mark 0.295ms
[2026-06-17T10:07:41.440+0800][4.748s][info][gc,phases   ] GC(176) Y: Pause Mark End 0.009ms
[2026-06-17T10:07:41.440+0800][4.748s][info][gc,phases   ] GC(176) Y: Concurrent Mark Free 0.000ms
[2026-06-17T10:07:41.441+0800][4.748s][info][gc,phases   ] GC(176) Y: Concurrent Reset Relocation Set 0.000ms
[2026-06-17T10:07:41.441+0800][4.748s][info][gc,reloc    ] GC(176) Y: Using tenuring threshold: 0 (Computed)
[2026-06-17T10:07:41.441+0800][4.748s][info][gc,phases   ] GC(176) Y: Concurrent Select Relocation Set 0.206ms
[2026-06-17T10:07:41.441+0800][4.748s][info][gc,phases   ] GC(176) Y: Pause Relocate Start 0.003ms
[2026-06-17T10:07:41.441+0800][4.749s][info][gc,phases   ] GC(176) Y: Concurrent Relocate 0.082ms
[2026-06-17T10:07:41.441+0800][4.749s][info][gc,alloc    ] GC(176) Y:                         Mark Start        Mark End      Relocate Start    Relocate End   
[2026-06-17T10:07:41.441+0800][4.749s][info][gc,alloc    ] GC(176) Y: Allocation Stalls:          1                1                1                1         
[2026-06-17T10:07:41.441+0800][4.749s][info][gc,load     ] GC(176) Y: Load: 0.41 (2%) / 0.44 (2%) / 0.49 (2%)
[2026-06-17T10:07:41.441+0800][4.749s][info][gc,mmu      ] GC(176) Y: MMU: 2ms/98.5%, 5ms/99.1%, 10ms/99.4%, 20ms/99.6%, 50ms/99.6%, 100ms/99.7%
[2026-06-17T10:07:41.442+0800][4.749s][info][gc,marking  ] GC(176) Y: Mark: 1 stripe(s), 1 proactive flush(es), 1 terminate flush(es), 0 completion(s), 0 continuation(s) 
[2026-06-17T10:07:41.442+0800][4.749s][info][gc,nmethod  ] GC(176) Y: NMethods: 74 registered, 6 unregistered
[2026-06-17T10:07:41.442+0800][4.749s][info][gc,metaspace] GC(176) Y: Metaspace: 0M used, 0M committed, 1088M reserved
[2026-06-17T10:07:41.442+0800][4.749s][info][gc,heap     ] GC(176) Y: Min Capacity: 64M(100%)
[2026-06-17T10:07:41.442+0800][4.749s][info][gc,heap     ] GC(176) Y: Max Capacity: 64M(100%)
[2026-06-17T10:07:41.442+0800][4.749s][info][gc,heap     ] GC(176) Y: Soft Max Capacity: 64M(100%)
[2026-06-17T10:07:41.442+0800][4.749s][info][gc,heap     ] GC(176) Y: Heap Statistics:
[2026-06-17T10:07:41.442+0800][4.749s][info][gc,heap     ] GC(176) Y:                Mark Start          Mark End        Relocate Start      Relocate End           High               Low         
[2026-06-17T10:07:41.442+0800][4.750s][info][gc,heap     ] GC(176) Y:  Capacity:       64M (100%)         64M (100%)         64M (100%)         64M (100%)         64M (100%)         64M (100%)   
[2026-06-17T10:07:41.442+0800][4.750s][info][gc,heap     ] GC(176) Y:      Free:        0M (0%)            0M (0%)            0M (0%)            0M (0%)            0M (0%)            0M (0%)     
[2026-06-17T10:07:41.442+0800][4.750s][info][gc,heap     ] GC(176) Y:      Used:       64M (100%)         64M (100%)         64M (100%)         64M (100%)         64M (100%)         64M (100%)   
[2026-06-17T10:07:41.442+0800][4.750s][info][gc,heap     ] GC(176) Y: Young Generation Statistics:
[2026-06-17T10:07:41.442+0800][4.750s][info][gc,heap     ] GC(176) Y:                Mark Start          Mark End        Relocate Start      Relocate End    
[2026-06-17T10:07:41.443+0800][4.750s][info][gc,heap     ] GC(176) Y:      Used:        0M (0%)            0M (0%)            0M (0%)            0M (0%)     
[2026-06-17T10:07:41.443+0800][4.750s][info][gc,heap     ] GC(176) Y:      Live:         -                 0M (0%)            0M (0%)            0M (0%)     
[2026-06-17T10:07:41.443+0800][4.750s][info][gc,heap     ] GC(176) Y:   Garbage:         -                 0M (0%)            0M (0%)            0M (0%)     
[2026-06-17T10:07:41.443+0800][4.750s][info][gc,heap     ] GC(176) Y: Allocated:         -                 0M (0%)            0M (0%)            0M (0%)     
[2026-06-17T10:07:41.443+0800][4.750s][info][gc,heap     ] GC(176) Y: Reclaimed:         -                  -                 0M (0%)            0M (0%)     
[2026-06-17T10:07:41.443+0800][4.750s][info][gc,heap     ] GC(176) Y:  Promoted:         -                  -                 0M (0%)            0M (0%)     
[2026-06-17T10:07:41.443+0800][4.750s][info][gc,heap     ] GC(176) Y: Compacted:         -                  -                  -                 0M (0%)     
[2026-06-17T10:07:41.443+0800][4.750s][info][gc,phases   ] GC(176) Y: Young Generation (Collect Roots) 64M(100%)->64M(100%) 0.001s
[2026-06-17T10:07:41.443+0800][4.751s][info][gc,phases   ] GC(176) O: Old Generation
[2026-06-17T10:07:41.444+0800][4.752s][info][gc,phases   ] GC(176) O: Concurrent Mark 0.831ms
[2026-06-17T10:07:41.444+0800][4.752s][info][gc,phases   ] GC(176) O: Pause Mark End 0.024ms
[2026-06-17T10:07:41.444+0800][4.752s][info][gc,phases   ] GC(176) O: Concurrent Mark Free 0.001ms
[2026-06-17T10:07:41.445+0800][4.752s][info][gc,ref      ] GC(176) O: Clearing All SoftReferences
[2026-06-17T10:07:41.445+0800][4.752s][info][gc,phases   ] GC(176) O: Concurrent Process Non-Strong 0.273ms
[2026-06-17T10:07:41.445+0800][4.752s][info][gc,phases   ] GC(176) O: Concurrent Reset Relocation Set 0.000ms
[2026-06-17T10:07:41.445+0800][4.753s][info][gc,phases   ] GC(176) O: Concurrent Select Relocation Set 0.060ms
[2026-06-17T10:07:41.445+0800][4.753s][info][gc,task     ] GC(176) O: Using 1 Workers for Old Generation
[2026-06-17T10:07:41.445+0800][4.753s][info][gc,task     ] GC(176) O: Using 1 Workers for Old Generation
[2026-06-17T10:07:41.446+0800][4.753s][info][gc,phases   ] GC(176) O: Concurrent Remap Roots 0.261ms
[2026-06-17T10:07:41.446+0800][4.753s][info][gc,phases   ] GC(176) O: Pause Relocate Start 0.003ms
[2026-06-17T10:07:41.446+0800][4.753s][info][gc,phases   ] GC(176) O: Concurrent Relocate 0.075ms
[2026-06-17T10:07:41.446+0800][4.753s][info][gc,alloc    ] GC(176) O:                         Mark Start        Mark End      Relocate Start    Relocate End   
[2026-06-17T10:07:41.446+0800][4.753s][info][gc,alloc    ] GC(176) O: Allocation Stalls:          1                1                1                1         
[2026-06-17T10:07:41.446+0800][4.753s][info][gc,load     ] GC(176) O: Load: 0.41 (2%) / 0.44 (2%) / 0.49 (2%)
[2026-06-17T10:07:41.446+0800][4.754s][info][gc,mmu      ] GC(176) O: MMU: 2ms/98.5%, 5ms/99.1%, 10ms/99.4%, 20ms/99.6%, 50ms/99.6%, 100ms/99.7%
[2026-06-17T10:07:41.446+0800][4.754s][info][gc,marking  ] GC(176) O: Mark: 1 stripe(s), 1 proactive flush(es), 1 terminate flush(es), 0 completion(s), 0 continuation(s) 
[2026-06-17T10:07:41.446+0800][4.754s][info][gc,nmethod  ] GC(176) O: NMethods: 74 registered, 6 unregistered
[2026-06-17T10:07:41.446+0800][4.754s][info][gc,metaspace] GC(176) O: Metaspace: 0M used, 0M committed, 1088M reserved
[2026-06-17T10:07:41.446+0800][4.754s][info][gc,ref      ] GC(176) O:                       Encountered   Discovered     Enqueued 
[2026-06-17T10:07:41.447+0800][4.754s][info][gc,ref      ] GC(176) O: Soft References:                0            0            0 
[2026-06-17T10:07:41.447+0800][4.754s][info][gc,ref      ] GC(176) O: Weak References:                6            0            0 
[2026-06-17T10:07:41.447+0800][4.754s][info][gc,ref      ] GC(176) O: Final References:               0            0            0 
[2026-06-17T10:07:41.447+0800][4.754s][info][gc,ref      ] GC(176) O: Phantom References:             1            1            0 
[2026-06-17T10:07:41.447+0800][4.754s][info][gc,reloc    ] GC(176) O:                        Candidates     Selected     In-Place         Size        Empty    Relocated 
[2026-06-17T10:07:41.447+0800][4.754s][info][gc,reloc    ] GC(176) O: Small Pages:                    6            0            0          12M           0M           0M 
[2026-06-17T10:07:41.447+0800][4.754s][info][gc,reloc    ] GC(176) O: Large Pages:                   26            0            0          52M           0M           0M 
[2026-06-17T10:07:41.447+0800][4.754s][info][gc,reloc    ] GC(176) O: Forwarding Usage: 0M
[2026-06-17T10:07:41.447+0800][4.755s][info][gc,heap     ] GC(176) O: Min Capacity: 64M(100%)
[2026-06-17T10:07:41.447+0800][4.755s][info][gc,heap     ] GC(176) O: Max Capacity: 64M(100%)
[2026-06-17T10:07:41.447+0800][4.755s][info][gc,heap     ] GC(176) O: Soft Max Capacity: 64M(100%)
[2026-06-17T10:07:41.448+0800][4.755s][info][gc,heap     ] GC(176) O: Heap Statistics:
[2026-06-17T10:07:41.448+0800][4.755s][info][gc,heap     ] GC(176) O:                Mark Start          Mark End        Relocate Start      Relocate End           High               Low         
[2026-06-17T10:07:41.448+0800][4.755s][info][gc,heap     ] GC(176) O:  Capacity:       64M (100%)         64M (100%)         64M (100%)         64M (100%)         64M (100%)         64M (100%)   
[2026-06-17T10:07:41.448+0800][4.755s][info][gc,heap     ] GC(176) O:      Free:        0M (0%)            0M (0%)            0M (0%)            0M (0%)            0M (0%)            0M (0%)     
[2026-06-17T10:07:41.448+0800][4.755s][info][gc,heap     ] GC(176) O:      Used:       64M (100%)         64M (100%)         64M (100%)         64M (100%)         64M (100%)         64M (100%)   
[2026-06-17T10:07:41.448+0800][4.755s][info][gc,heap     ] GC(176) O: Old Generation Statistics:
[2026-06-17T10:07:41.448+0800][4.755s][info][gc,heap     ] GC(176) O:                Mark Start          Mark End        Relocate Start      Relocate End    
[2026-06-17T10:07:41.448+0800][4.755s][info][gc,heap     ] GC(176) O:      Used:       64M (100%)         64M (100%)         64M (100%)         64M (100%)   
[2026-06-17T10:07:41.448+0800][4.756s][info][gc,heap     ] GC(176) O:      Live:         -                61M (96%)          61M (96%)          61M (96%)    
[2026-06-17T10:07:41.448+0800][4.756s][info][gc,heap     ] GC(176) O:   Garbage:         -                 2M (4%)            2M (4%)            2M (4%)     
[2026-06-17T10:07:41.448+0800][4.756s][info][gc,heap     ] GC(176) O: Allocated:         -                 0M (0%)            0M (0%)            0M (0%)     
[2026-06-17T10:07:41.448+0800][4.756s][info][gc,heap     ] GC(176) O: Reclaimed:         -                  -                 0M (0%)            0M (0%)     
[2026-06-17T10:07:41.448+0800][4.756s][info][gc,heap     ] GC(176) O: Compacted:         -                  -                  -                 0M (0%)     
[2026-06-17T10:07:41.449+0800][4.756s][info][gc,phases   ] GC(176) O: Old Generation 64M(100%)->64M(100%) 0.003s
[2026-06-17T10:07:41.449+0800][4.756s][info][gc          ] GC(176) Major Collection (Allocation Stall) 64M(100%)->64M(100%) 0.013s
[2026-06-17T10:07:41.449+0800][4.756s][info][gc          ] Allocation Stall (main) 16.500ms
[2026-06-17T10:07:41.449+0800][4.756s][info][gc          ] Out Of Memory (main)
[2026-06-17T10:07:41.449+0800][4.756s][info][gc          ] GC(177) Minor Collection (Allocation Stall)
[2026-06-17T10:07:41.449+0800][4.756s][info][gc,task     ] GC(177) Using 1 Workers for Young Generation
[2026-06-17T10:07:41.449+0800][4.757s][info][gc,phases   ] GC(177) y: Young Generation
[2026-06-17T10:07:41.449+0800][4.757s][info][gc,phases   ] GC(177) y: Pause Mark Start 0.005ms
[2026-06-17T10:07:41.450+0800][4.757s][info][gc,phases   ] GC(177) y: Concurrent Mark 0.356ms
[2026-06-17T10:07:41.450+0800][4.757s][info][gc,phases   ] GC(177) y: Pause Mark End 0.003ms
[2026-06-17T10:07:41.450+0800][4.758s][info][gc,phases   ] GC(177) y: Concurrent Mark Free 0.000ms
[2026-06-17T10:07:41.450+0800][4.758s][info][gc,phases   ] GC(177) y: Concurrent Reset Relocation Set 0.000ms
[2026-06-17T10:07:41.450+0800][4.758s][info][gc,reloc    ] GC(177) y: Using tenuring threshold: 0 (Computed)
[2026-06-17T10:07:41.451+0800][4.758s][info][gc,phases   ] GC(177) y: Concurrent Select Relocation Set 0.266ms
[2026-06-17T10:07:41.451+0800][4.758s][info][gc,phases   ] GC(177) y: Pause Relocate Start 0.004ms
[2026-06-17T10:07:41.451+0800][4.758s][info][gc,phases   ] GC(177) y: Concurrent Relocate 0.081ms
[2026-06-17T10:07:41.451+0800][4.758s][info][gc,alloc    ] GC(177) y:                         Mark Start        Mark End      Relocate Start    Relocate End   
[2026-06-17T10:07:41.451+0800][4.758s][info][gc,alloc    ] GC(177) y: Allocation Stalls:          1                1                1                1         
[2026-06-17T10:07:41.451+0800][4.759s][info][gc,load     ] GC(177) y: Load: 0.41 (2%) / 0.44 (2%) / 0.49 (2%)
[2026-06-17T10:07:41.451+0800][4.759s][info][gc,mmu      ] GC(177) y: MMU: 2ms/98.5%, 5ms/99.1%, 10ms/99.4%, 20ms/99.6%, 50ms/99.6%, 100ms/99.7%
[2026-06-17T10:07:41.451+0800][4.759s][info][gc,marking  ] GC(177) y: Mark: 1 stripe(s), 1 proactive flush(es), 1 terminate flush(es), 0 completion(s), 0 continuation(s) 
[2026-06-17T10:07:41.451+0800][4.759s][info][gc,nmethod  ] GC(177) y: NMethods: 74 registered, 6 unregistered
[2026-06-17T10:07:41.451+0800][4.759s][info][gc,metaspace] GC(177) y: Metaspace: 0M used, 0M committed, 1088M reserved
[2026-06-17T10:07:41.451+0800][4.759s][info][gc,heap     ] GC(177) y: Min Capacity: 64M(100%)
[2026-06-17T10:07:41.452+0800][4.759s][info][gc,heap     ] GC(177) y: Max Capacity: 64M(100%)
[2026-06-17T10:07:41.452+0800][4.759s][info][gc,heap     ] GC(177) y: Soft Max Capacity: 64M(100%)
[2026-06-17T10:07:41.452+0800][4.759s][info][gc,heap     ] GC(177) y: Heap Statistics:
[2026-06-17T10:07:41.452+0800][4.759s][info][gc,heap     ] GC(177) y:                Mark Start          Mark End        Relocate Start      Relocate End           High               Low         
[2026-06-17T10:07:41.452+0800][4.759s][info][gc,heap     ] GC(177) y:  Capacity:       64M (100%)         64M (100%)         64M (100%)         64M (100%)         64M (100%)         64M (100%)   
[2026-06-17T10:07:41.452+0800][4.759s][info][gc,heap     ] GC(177) y:      Free:        0M (0%)            0M (0%)            0M (0%)            0M (0%)            0M (0%)            0M (0%)     
[2026-06-17T10:07:41.452+0800][4.759s][info][gc,heap     ] GC(177) y:      Used:       64M (100%)         64M (100%)         64M (100%)         64M (100%)         64M (100%)         64M (100%)   
[2026-06-17T10:07:41.452+0800][4.759s][info][gc,heap     ] GC(177) y: Young Generation Statistics:
[2026-06-17T10:07:41.452+0800][4.759s][info][gc,heap     ] GC(177) y:                Mark Start          Mark End        Relocate Start      Relocate End    
[2026-06-17T10:07:41.452+0800][4.760s][info][gc,heap     ] GC(177) y:      Used:        0M (0%)            0M (0%)            0M (0%)            0M (0%)     
[2026-06-17T10:07:41.452+0800][4.760s][info][gc,heap     ] GC(177) y:      Live:         -                 0M (0%)            0M (0%)            0M (0%)     
[2026-06-17T10:07:41.452+0800][4.760s][info][gc,heap     ] GC(177) y:   Garbage:         -                 0M (0%)            0M (0%)            0M (0%)     
[2026-06-17T10:07:41.452+0800][4.760s][info][gc,heap     ] GC(177) y: Allocated:         -                 0M (0%)            0M (0%)            0M (0%)     
[2026-06-17T10:07:41.452+0800][4.760s][info][gc,heap     ] GC(177) y: Reclaimed:         -                  -                 0M (0%)            0M (0%)     
[2026-06-17T10:07:41.453+0800][4.760s][info][gc,heap     ] GC(177) y:  Promoted:         -                  -                 0M (0%)            0M (0%)     
[2026-06-17T10:07:41.453+0800][4.760s][info][gc,heap     ] GC(177) y: Compacted:         -                  -                  -                 0M (0%)     
[2026-06-17T10:07:41.453+0800][4.760s][info][gc,phases   ] GC(177) y: Young Generation 64M(100%)->64M(100%) 0.002s
[2026-06-17T10:07:41.453+0800][4.760s][info][gc          ] GC(177) Minor Collection (Allocation Stall) 64M(100%)->64M(100%) 0.004s
[2026-06-17T10:07:41.453+0800][4.760s][info][gc          ] GC(178) Major Collection (Allocation Stall)
[2026-06-17T10:07:41.453+0800][4.760s][info][gc,task     ] GC(178) Using 1 Workers for Young Generation
[2026-06-17T10:07:41.453+0800][4.760s][info][gc,task     ] GC(178) Using 1 Workers for Old Generation
[2026-06-17T10:07:41.453+0800][4.761s][info][gc,phases   ] GC(178) Y: Young Generation (Promote All)
[2026-06-17T10:07:41.453+0800][4.761s][info][gc,phases   ] GC(178) Y: Pause Mark Start 0.004ms
[2026-06-17T10:07:41.454+0800][4.761s][info][gc,phases   ] GC(178) Y: Concurrent Mark 0.292ms
[2026-06-17T10:07:41.454+0800][4.761s][info][gc,phases   ] GC(178) Y: Pause Mark End 0.003ms
[2026-06-17T10:07:41.454+0800][4.761s][info][gc,phases   ] GC(178) Y: Concurrent Mark Free 0.000ms
[2026-06-17T10:07:41.454+0800][4.761s][info][gc,phases   ] GC(178) Y: Concurrent Reset Relocation Set 0.000ms
[2026-06-17T10:07:41.454+0800][4.761s][info][gc,reloc    ] GC(178) Y: Using tenuring threshold: 0 (Promote All)
[2026-06-17T10:07:41.454+0800][4.762s][info][gc,phases   ] GC(178) Y: Concurrent Select Relocation Set 0.192ms
[2026-06-17T10:07:41.454+0800][4.762s][info][gc,phases   ] GC(178) Y: Pause Relocate Start 0.003ms
[2026-06-17T10:07:41.455+0800][4.762s][info][gc,phases   ] GC(178) Y: Concurrent Relocate 0.082ms
[2026-06-17T10:07:41.455+0800][4.762s][info][gc,alloc    ] GC(178) Y:                         Mark Start        Mark End      Relocate Start    Relocate End   
[2026-06-17T10:07:41.455+0800][4.762s][info][gc,alloc    ] GC(178) Y: Allocation Stalls:          1                1                1                1         
[2026-06-17T10:07:41.455+0800][4.762s][info][gc,load     ] GC(178) Y: Load: 0.41 (2%) / 0.44 (2%) / 0.49 (2%)
[2026-06-17T10:07:41.455+0800][4.762s][info][gc,mmu      ] GC(178) Y: MMU: 2ms/98.5%, 5ms/99.1%, 10ms/99.4%, 20ms/99.6%, 50ms/99.6%, 100ms/99.7%
[2026-06-17T10:07:41.455+0800][4.762s][info][gc,marking  ] GC(178) Y: Mark: 1 stripe(s), 1 proactive flush(es), 1 terminate flush(es), 0 completion(s), 0 continuation(s) 
[2026-06-17T10:07:41.455+0800][4.762s][info][gc,nmethod  ] GC(178) Y: NMethods: 74 registered, 6 unregistered
[2026-06-17T10:07:41.455+0800][4.762s][info][gc,metaspace] GC(178) Y: Metaspace: 0M used, 0M committed, 1088M reserved
[2026-06-17T10:07:41.455+0800][4.763s][info][gc,heap     ] GC(178) Y: Min Capacity: 64M(100%)
[2026-06-17T10:07:41.455+0800][4.763s][info][gc,heap     ] GC(178) Y: Max Capacity: 64M(100%)
[2026-06-17T10:07:41.455+0800][4.763s][info][gc,heap     ] GC(178) Y: Soft Max Capacity: 64M(100%)
[2026-06-17T10:07:41.455+0800][4.763s][info][gc,heap     ] GC(178) Y: Heap Statistics:
[2026-06-17T10:07:41.455+0800][4.763s][info][gc,heap     ] GC(178) Y:                Mark Start          Mark End        Relocate Start      Relocate End           High               Low         
[2026-06-17T10:07:41.456+0800][4.763s][info][gc,heap     ] GC(178) Y:  Capacity:       64M (100%)         64M (100%)         64M (100%)         64M (100%)         64M (100%)         64M (100%)   
[2026-06-17T10:07:41.456+0800][4.763s][info][gc,heap     ] GC(178) Y:      Free:        0M (0%)            0M (0%)            0M (0%)            0M (0%)            0M (0%)            0M (0%)     
[2026-06-17T10:07:41.456+0800][4.763s][info][gc,heap     ] GC(178) Y:      Used:       64M (100%)         64M (100%)         64M (100%)         64M (100%)         64M (100%)         64M (100%)   
[2026-06-17T10:07:41.456+0800][4.763s][info][gc,heap     ] GC(178) Y: Young Generation Statistics:
[2026-06-17T10:07:41.456+0800][4.763s][info][gc,heap     ] GC(178) Y:                Mark Start          Mark End        Relocate Start      Relocate End    
[2026-06-17T10:07:41.456+0800][4.763s][info][gc,heap     ] GC(178) Y:      Used:        0M (0%)            0M (0%)            0M (0%)            0M (0%)     
[2026-06-17T10:07:41.456+0800][4.763s][info][gc,heap     ] GC(178) Y:      Live:         -                 0M (0%)            0M (0%)            0M (0%)     
[2026-06-17T10:07:41.456+0800][4.763s][info][gc,heap     ] GC(178) Y:   Garbage:         -                 0M (0%)            0M (0%)            0M (0%)     
[2026-06-17T10:07:41.456+0800][4.764s][info][gc,heap     ] GC(178) Y: Allocated:         -                 0M (0%)            0M (0%)            0M (0%)     
[2026-06-17T10:07:41.456+0800][4.764s][info][gc,heap     ] GC(178) Y: Reclaimed:         -                  -                 0M (0%)            0M (0%)     
[2026-06-17T10:07:41.456+0800][4.764s][info][gc,heap     ] GC(178) Y:  Promoted:         -                  -                 0M (0%)            0M (0%)     
[2026-06-17T10:07:41.456+0800][4.764s][info][gc,heap     ] GC(178) Y: Compacted:         -                  -                  -                 0M (0%)     
[2026-06-17T10:07:41.456+0800][4.764s][info][gc,phases   ] GC(178) Y: Young Generation (Promote All) 64M(100%)->64M(100%) 0.001s
[2026-06-17T10:07:41.457+0800][4.764s][info][gc,phases   ] GC(178) Y: Young Generation (Collect Roots)
[2026-06-17T10:07:41.457+0800][4.764s][info][gc,phases   ] GC(178) Y: Pause Mark Start (Major) 0.005ms
[2026-06-17T10:07:41.457+0800][4.764s][info][gc,phases   ] GC(178) Y: Concurrent Mark 0.298ms
[2026-06-17T10:07:41.457+0800][4.764s][info][gc,phases   ] GC(178) Y: Pause Mark End 0.003ms
[2026-06-17T10:07:41.457+0800][4.765s][info][gc,phases   ] GC(178) Y: Concurrent Mark Free 0.000ms
[2026-06-17T10:07:41.457+0800][4.765s][info][gc,phases   ] GC(178) Y: Concurrent Reset Relocation Set 0.000ms
[2026-06-17T10:07:41.457+0800][4.765s][info][gc,reloc    ] GC(178) Y: Using tenuring threshold: 0 (Computed)
[2026-06-17T10:07:41.458+0800][4.765s][info][gc,phases   ] GC(178) Y: Concurrent Select Relocation Set 0.168ms
[2026-06-17T10:07:41.458+0800][4.765s][info][gc,phases   ] GC(178) Y: Pause Relocate Start 0.003ms
[2026-06-17T10:07:41.458+0800][4.765s][info][gc,phases   ] GC(178) Y: Concurrent Relocate 0.095ms
[2026-06-17T10:07:41.458+0800][4.765s][info][gc,alloc    ] GC(178) Y:                         Mark Start        Mark End      Relocate Start    Relocate End   
[2026-06-17T10:07:41.458+0800][4.765s][info][gc,alloc    ] GC(178) Y: Allocation Stalls:          1                1                1                1         
[2026-06-17T10:07:41.458+0800][4.765s][info][gc,load     ] GC(178) Y: Load: 0.41 (2%) / 0.44 (2%) / 0.49 (2%)
[2026-06-17T10:07:41.458+0800][4.766s][info][gc,mmu      ] GC(178) Y: MMU: 2ms/98.5%, 5ms/99.1%, 10ms/99.4%, 20ms/99.6%, 50ms/99.6%, 100ms/99.7%
[2026-06-17T10:07:41.458+0800][4.766s][info][gc,marking  ] GC(178) Y: Mark: 1 stripe(s), 1 proactive flush(es), 1 terminate flush(es), 0 completion(s), 0 continuation(s) 
[2026-06-17T10:07:41.458+0800][4.766s][info][gc,nmethod  ] GC(178) Y: NMethods: 74 registered, 6 unregistered
[2026-06-17T10:07:41.458+0800][4.766s][info][gc,metaspace] GC(178) Y: Metaspace: 0M used, 0M committed, 1088M reserved
[2026-06-17T10:07:41.458+0800][4.766s][info][gc,heap     ] GC(178) Y: Min Capacity: 64M(100%)
[2026-06-17T10:07:41.459+0800][4.766s][info][gc,heap     ] GC(178) Y: Max Capacity: 64M(100%)
[2026-06-17T10:07:41.459+0800][4.766s][info][gc,heap     ] GC(178) Y: Soft Max Capacity: 64M(100%)
[2026-06-17T10:07:41.459+0800][4.766s][info][gc,heap     ] GC(178) Y: Heap Statistics:
[2026-06-17T10:07:41.459+0800][4.766s][info][gc,heap     ] GC(178) Y:                Mark Start          Mark End        Relocate Start      Relocate End           High               Low         
[2026-06-17T10:07:41.459+0800][4.766s][info][gc,heap     ] GC(178) Y:  Capacity:       64M (100%)         64M (100%)         64M (100%)         64M (100%)         64M (100%)         64M (100%)   
[2026-06-17T10:07:41.459+0800][4.766s][info][gc,heap     ] GC(178) Y:      Free:        0M (0%)            0M (0%)            0M (0%)            0M (0%)            0M (0%)            0M (0%)     
[2026-06-17T10:07:41.459+0800][4.766s][info][gc,heap     ] GC(178) Y:      Used:       64M (100%)         64M (100%)         64M (100%)         64M (100%)         64M (100%)         64M (100%)   
[2026-06-17T10:07:41.459+0800][4.766s][info][gc,heap     ] GC(178) Y: Young Generation Statistics:
[2026-06-17T10:07:41.459+0800][4.767s][info][gc,heap     ] GC(178) Y:                Mark Start          Mark End        Relocate Start      Relocate End    
[2026-06-17T10:07:41.459+0800][4.767s][info][gc,heap     ] GC(178) Y:      Used:        0M (0%)            0M (0%)            0M (0%)            0M (0%)     
[2026-06-17T10:07:41.459+0800][4.767s][info][gc,heap     ] GC(178) Y:      Live:         -                 0M (0%)            0M (0%)            0M (0%)     
[2026-06-17T10:07:41.459+0800][4.767s][info][gc,heap     ] GC(178) Y:   Garbage:         -                 0M (0%)            0M (0%)            0M (0%)     
[2026-06-17T10:07:41.459+0800][4.767s][info][gc,heap     ] GC(178) Y: Allocated:         -                 0M (0%)            0M (0%)            0M (0%)     
[2026-06-17T10:07:41.460+0800][4.767s][info][gc,heap     ] GC(178) Y: Reclaimed:         -                  -                 0M (0%)            0M (0%)     
[2026-06-17T10:07:41.460+0800][4.767s][info][gc,heap     ] GC(178) Y:  Promoted:         -                  -                 0M (0%)            0M (0%)     
[2026-06-17T10:07:41.460+0800][4.767s][info][gc,heap     ] GC(178) Y: Compacted:         -                  -                  -                 0M (0%)     
[2026-06-17T10:07:41.460+0800][4.767s][info][gc,phases   ] GC(178) Y: Young Generation (Collect Roots) 64M(100%)->64M(100%) 0.001s
[2026-06-17T10:07:41.460+0800][4.767s][info][gc,phases   ] GC(178) O: Old Generation
[2026-06-17T10:07:41.461+0800][4.768s][info][gc,phases   ] GC(178) O: Concurrent Mark 0.778ms
[2026-06-17T10:07:41.461+0800][4.768s][info][gc,phases   ] GC(178) O: Pause Mark End 0.004ms
[2026-06-17T10:07:41.461+0800][4.768s][info][gc,phases   ] GC(178) O: Concurrent Mark Free 0.001ms
[2026-06-17T10:07:41.461+0800][4.768s][info][gc,ref      ] GC(178) O: Clearing All SoftReferences
[2026-06-17T10:07:41.462+0800][4.769s][info][gc,phases   ] GC(178) O: Concurrent Process Non-Strong 0.513ms
[2026-06-17T10:07:41.462+0800][4.769s][info][gc,phases   ] GC(178) O: Concurrent Reset Relocation Set 0.001ms
[2026-06-17T10:07:41.462+0800][4.769s][info][gc,phases   ] GC(178) O: Concurrent Select Relocation Set 0.057ms
[2026-06-17T10:07:41.462+0800][4.769s][info][gc,task     ] GC(178) O: Using 1 Workers for Old Generation
[2026-06-17T10:07:41.462+0800][4.769s][info][gc,task     ] GC(178) O: Using 1 Workers for Old Generation
[2026-06-17T10:07:41.462+0800][4.770s][info][gc,phases   ] GC(178) O: Concurrent Remap Roots 0.237ms
[2026-06-17T10:07:41.462+0800][4.770s][info][gc,phases   ] GC(178) O: Pause Relocate Start 0.004ms
[2026-06-17T10:07:41.462+0800][4.770s][info][gc,phases   ] GC(178) O: Concurrent Relocate 0.118ms
[2026-06-17T10:07:41.463+0800][4.770s][info][gc,alloc    ] GC(178) O:                         Mark Start        Mark End      Relocate Start    Relocate End   
[2026-06-17T10:07:41.463+0800][4.770s][info][gc,alloc    ] GC(178) O: Allocation Stalls:          1                1                1                1         
[2026-06-17T10:07:41.463+0800][4.770s][info][gc,load     ] GC(178) O: Load: 0.41 (2%) / 0.44 (2%) / 0.49 (2%)
[2026-06-17T10:07:41.463+0800][4.770s][info][gc,mmu      ] GC(178) O: MMU: 2ms/98.5%, 5ms/99.1%, 10ms/99.4%, 20ms/99.6%, 50ms/99.6%, 100ms/99.7%
[2026-06-17T10:07:41.463+0800][4.770s][info][gc,marking  ] GC(178) O: Mark: 1 stripe(s), 1 proactive flush(es), 1 terminate flush(es), 0 completion(s), 0 continuation(s) 
[2026-06-17T10:07:41.463+0800][4.770s][info][gc,nmethod  ] GC(178) O: NMethods: 74 registered, 6 unregistered
[2026-06-17T10:07:41.463+0800][4.770s][info][gc,metaspace] GC(178) O: Metaspace: 0M used, 0M committed, 1088M reserved
[2026-06-17T10:07:41.463+0800][4.770s][info][gc,ref      ] GC(178) O:                       Encountered   Discovered     Enqueued 
[2026-06-17T10:07:41.463+0800][4.771s][info][gc,ref      ] GC(178) O: Soft References:                0            0            0 
[2026-06-17T10:07:41.463+0800][4.771s][info][gc,ref      ] GC(178) O: Weak References:                6            0            0 
[2026-06-17T10:07:41.463+0800][4.771s][info][gc,ref      ] GC(178) O: Final References:               0            0            0 
[2026-06-17T10:07:41.463+0800][4.771s][info][gc,ref      ] GC(178) O: Phantom References:             1            1            0 
[2026-06-17T10:07:41.463+0800][4.771s][info][gc,reloc    ] GC(178) O:                        Candidates     Selected     In-Place         Size        Empty    Relocated 
[2026-06-17T10:07:41.464+0800][4.771s][info][gc,reloc    ] GC(178) O: Small Pages:                    6            0            0          12M           0M           0M 
[2026-06-17T10:07:41.464+0800][4.771s][info][gc,reloc    ] GC(178) O: Large Pages:                   26            0            0          52M           0M           0M 
[2026-06-17T10:07:41.464+0800][4.771s][info][gc,reloc    ] GC(178) O: Forwarding Usage: 0M
[2026-06-17T10:07:41.464+0800][4.771s][info][gc,heap     ] GC(178) O: Min Capacity: 64M(100%)
[2026-06-17T10:07:41.464+0800][4.771s][info][gc,heap     ] GC(178) O: Max Capacity: 64M(100%)
[2026-06-17T10:07:41.464+0800][4.771s][info][gc,heap     ] GC(178) O: Soft Max Capacity: 64M(100%)
[2026-06-17T10:07:41.464+0800][4.771s][info][gc,heap     ] GC(178) O: Heap Statistics:
[2026-06-17T10:07:41.464+0800][4.771s][info][gc,heap     ] GC(178) O:                Mark Start          Mark End        Relocate Start      Relocate End           High               Low         
[2026-06-17T10:07:41.464+0800][4.771s][info][gc,heap     ] GC(178) O:  Capacity:       64M (100%)         64M (100%)         64M (100%)         64M (100%)         64M (100%)         64M (100%)   
[2026-06-17T10:07:41.464+0800][4.772s][info][gc,heap     ] GC(178) O:      Free:        0M (0%)            0M (0%)            0M (0%)            0M (0%)            0M (0%)            0M (0%)     
[2026-06-17T10:07:41.464+0800][4.772s][info][gc,heap     ] GC(178) O:      Used:       64M (100%)         64M (100%)         64M (100%)         64M (100%)         64M (100%)         64M (100%)   
[2026-06-17T10:07:41.464+0800][4.772s][info][gc,heap     ] GC(178) O: Old Generation Statistics:
[2026-06-17T10:07:41.464+0800][4.772s][info][gc,heap     ] GC(178) O:                Mark Start          Mark End        Relocate Start      Relocate End    
[2026-06-17T10:07:41.464+0800][4.772s][info][gc,heap     ] GC(178) O:      Used:       64M (100%)         64M (100%)         64M (100%)         64M (100%)   
[2026-06-17T10:07:41.464+0800][4.772s][info][gc,heap     ] GC(178) O:      Live:         -                61M (96%)          61M (96%)          61M (96%)    
[2026-06-17T10:07:41.465+0800][4.772s][info][gc,heap     ] GC(178) O:   Garbage:         -                 2M (4%)            2M (4%)            2M (4%)     
[2026-06-17T10:07:41.465+0800][4.772s][info][gc,heap     ] GC(178) O: Allocated:         -                 0M (0%)            0M (0%)            0M (0%)     
[2026-06-17T10:07:41.465+0800][4.772s][info][gc,heap     ] GC(178) O: Reclaimed:         -                  -                 0M (0%)            0M (0%)     
[2026-06-17T10:07:41.465+0800][4.772s][info][gc,heap     ] GC(178) O: Compacted:         -                  -                  -                 0M (0%)     
[2026-06-17T10:07:41.465+0800][4.772s][info][gc,phases   ] GC(178) O: Old Generation 64M(100%)->64M(100%) 0.003s
[2026-06-17T10:07:41.465+0800][4.772s][info][gc          ] GC(178) Major Collection (Allocation Stall) 64M(100%)->64M(100%) 0.012s
[2026-06-17T10:07:41.465+0800][4.772s][info][gc          ] Allocation Stall (main) 16.087ms
[2026-06-17T10:07:41.465+0800][4.773s][info][gc          ] GC(179) Minor Collection (Allocation Stall)
[2026-06-17T10:07:41.465+0800][4.773s][info][gc,task     ] GC(179) Using 1 Workers for Young Generation
[2026-06-17T10:07:41.465+0800][4.773s][info][gc,phases   ] GC(179) y: Young Generation
[2026-06-17T10:07:41.465+0800][4.773s][info][gc,phases   ] GC(179) y: Pause Mark Start 0.004ms
[2026-06-17T10:07:41.466+0800][4.773s][info][gc,phases   ] GC(179) y: Concurrent Mark 0.298ms
[2026-06-17T10:07:41.466+0800][4.773s][info][gc,phases   ] GC(179) y: Pause Mark End 0.003ms
[2026-06-17T10:07:41.466+0800][4.773s][info][gc,phases   ] GC(179) y: Concurrent Mark Free 0.000ms
[2026-06-17T10:07:41.466+0800][4.774s][info][gc,phases   ] GC(179) y: Concurrent Reset Relocation Set 0.000ms
[2026-06-17T10:07:41.466+0800][4.774s][info][gc,reloc    ] GC(179) y: Using tenuring threshold: 0 (Computed)
[2026-06-17T10:07:41.466+0800][4.774s][info][gc,phases   ] GC(179) y: Concurrent Select Relocation Set 0.220ms
[2026-06-17T10:07:41.467+0800][4.774s][info][gc,phases   ] GC(179) y: Pause Relocate Start 0.003ms
[2026-06-17T10:07:41.467+0800][4.774s][info][gc,phases   ] GC(179) y: Concurrent Relocate 0.080ms
[2026-06-17T10:07:41.467+0800][4.774s][info][gc,alloc    ] GC(179) y:                         Mark Start        Mark End      Relocate Start    Relocate End   
[2026-06-17T10:07:41.467+0800][4.774s][info][gc,alloc    ] GC(179) y: Allocation Stalls:          1                1                1                1         
[2026-06-17T10:07:41.467+0800][4.775s][info][gc,load     ] GC(179) y: Load: 0.41 (2%) / 0.44 (2%) / 0.49 (2%)
[2026-06-17T10:07:41.467+0800][4.775s][info][gc,mmu      ] GC(179) y: MMU: 2ms/98.5%, 5ms/99.1%, 10ms/99.4%, 20ms/99.6%, 50ms/99.6%, 100ms/99.7%
[2026-06-17T10:07:41.467+0800][4.775s][info][gc,marking  ] GC(179) y: Mark: 1 stripe(s), 1 proactive flush(es), 1 terminate flush(es), 0 completion(s), 0 continuation(s) 
[2026-06-17T10:07:41.467+0800][4.775s][info][gc,nmethod  ] GC(179) y: NMethods: 74 registered, 6 unregistered
[2026-06-17T10:07:41.467+0800][4.775s][info][gc,metaspace] GC(179) y: Metaspace: 0M used, 0M committed, 1088M reserved
[2026-06-17T10:07:41.468+0800][4.775s][info][gc,heap     ] GC(179) y: Min Capacity: 64M(100%)
[2026-06-17T10:07:41.468+0800][4.775s][info][gc,heap     ] GC(179) y: Max Capacity: 64M(100%)
[2026-06-17T10:07:41.468+0800][4.775s][info][gc,heap     ] GC(179) y: Soft Max Capacity: 64M(100%)
[2026-06-17T10:07:41.468+0800][4.775s][info][gc,heap     ] GC(179) y: Heap Statistics:
[2026-06-17T10:07:41.468+0800][4.775s][info][gc,heap     ] GC(179) y:                Mark Start          Mark End        Relocate Start      Relocate End           High               Low         
[2026-06-17T10:07:41.468+0800][4.775s][info][gc,heap     ] GC(179) y:  Capacity:       64M (100%)         64M (100%)         64M (100%)         64M (100%)         64M (100%)         64M (100%)   
[2026-06-17T10:07:41.468+0800][4.775s][info][gc,heap     ] GC(179) y:      Free:        0M (0%)            0M (0%)            0M (0%)            0M (0%)            0M (0%)            0M (0%)     
[2026-06-17T10:07:41.468+0800][4.776s][info][gc,heap     ] GC(179) y:      Used:       64M (100%)         64M (100%)         64M (100%)         64M (100%)         64M (100%)         64M (100%)   
[2026-06-17T10:07:41.468+0800][4.776s][info][gc,heap     ] GC(179) y: Young Generation Statistics:
[2026-06-17T10:07:41.468+0800][4.776s][info][gc,heap     ] GC(179) y:                Mark Start          Mark End        Relocate Start      Relocate End    
[2026-06-17T10:07:41.468+0800][4.776s][info][gc,heap     ] GC(179) y:      Used:        0M (0%)            0M (0%)            0M (0%)            0M (0%)     
[2026-06-17T10:07:41.468+0800][4.776s][info][gc,heap     ] GC(179) y:      Live:         -                 0M (0%)            0M (0%)            0M (0%)     
[2026-06-17T10:07:41.468+0800][4.776s][info][gc,heap     ] GC(179) y:   Garbage:         -                 0M (0%)            0M (0%)            0M (0%)     
[2026-06-17T10:07:41.469+0800][4.776s][info][gc,heap     ] GC(179) y: Allocated:         -                 0M (0%)            0M (0%)            0M (0%)     
[2026-06-17T10:07:41.469+0800][4.776s][info][gc,heap     ] GC(179) y: Reclaimed:         -                  -                 0M (0%)            0M (0%)     
[2026-06-17T10:07:41.469+0800][4.776s][info][gc,heap     ] GC(179) y:  Promoted:         -                  -                 0M (0%)            0M (0%)     
[2026-06-17T10:07:41.469+0800][4.776s][info][gc,heap     ] GC(179) y: Compacted:         -                  -                  -                 0M (0%)     
[2026-06-17T10:07:41.469+0800][4.776s][info][gc,phases   ] GC(179) y: Young Generation 64M(100%)->64M(100%) 0.002s
[2026-06-17T10:07:41.469+0800][4.776s][info][gc          ] GC(179) Minor Collection (Allocation Stall) 64M(100%)->64M(100%) 0.004s
[2026-06-17T10:07:41.469+0800][4.776s][info][gc          ] GC(180) Major Collection (Allocation Stall)
[2026-06-17T10:07:41.469+0800][4.777s][info][gc,task     ] GC(180) Using 1 Workers for Young Generation
[2026-06-17T10:07:41.469+0800][4.777s][info][gc,task     ] GC(180) Using 1 Workers for Old Generation
[2026-06-17T10:07:41.469+0800][4.777s][info][gc,phases   ] GC(180) Y: Young Generation (Promote All)
[2026-06-17T10:07:41.469+0800][4.777s][info][gc,phases   ] GC(180) Y: Pause Mark Start 0.004ms
[2026-06-17T10:07:41.470+0800][4.777s][info][gc,phases   ] GC(180) Y: Concurrent Mark 0.295ms
[2026-06-17T10:07:41.470+0800][4.777s][info][gc,phases   ] GC(180) Y: Pause Mark End 0.003ms
[2026-06-17T10:07:41.470+0800][4.777s][info][gc,phases   ] GC(180) Y: Concurrent Mark Free 0.000ms
[2026-06-17T10:07:41.470+0800][4.777s][info][gc,phases   ] GC(180) Y: Concurrent Reset Relocation Set 0.000ms
[2026-06-17T10:07:41.470+0800][4.777s][info][gc,reloc    ] GC(180) Y: Using tenuring threshold: 0 (Promote All)
[2026-06-17T10:07:41.470+0800][4.778s][info][gc,phases   ] GC(180) Y: Concurrent Select Relocation Set 0.166ms
[2026-06-17T10:07:41.470+0800][4.778s][info][gc,phases   ] GC(180) Y: Pause Relocate Start 0.003ms
[2026-06-17T10:07:41.471+0800][4.778s][info][gc,phases   ] GC(180) Y: Concurrent Relocate 0.095ms
[2026-06-17T10:07:41.471+0800][4.778s][info][gc,alloc    ] GC(180) Y:                         Mark Start        Mark End      Relocate Start    Relocate End   
[2026-06-17T10:07:41.471+0800][4.778s][info][gc,alloc    ] GC(180) Y: Allocation Stalls:          1                1                1                1         
[2026-06-17T10:07:41.471+0800][4.778s][info][gc,load     ] GC(180) Y: Load: 0.41 (2%) / 0.44 (2%) / 0.49 (2%)
[2026-06-17T10:07:41.471+0800][4.778s][info][gc,mmu      ] GC(180) Y: MMU: 2ms/98.5%, 5ms/99.1%, 10ms/99.4%, 20ms/99.6%, 50ms/99.6%, 100ms/99.7%
[2026-06-17T10:07:41.471+0800][4.778s][info][gc,marking  ] GC(180) Y: Mark: 1 stripe(s), 1 proactive flush(es), 1 terminate flush(es), 0 completion(s), 0 continuation(s) 
[2026-06-17T10:07:41.471+0800][4.778s][info][gc,nmethod  ] GC(180) Y: NMethods: 74 registered, 6 unregistered
[2026-06-17T10:07:41.471+0800][4.779s][info][gc,metaspace] GC(180) Y: Metaspace: 0M used, 0M committed, 1088M reserved
[2026-06-17T10:07:41.471+0800][4.779s][info][gc,heap     ] GC(180) Y: Min Capacity: 64M(100%)
[2026-06-17T10:07:41.471+0800][4.779s][info][gc,heap     ] GC(180) Y: Max Capacity: 64M(100%)
[2026-06-17T10:07:41.471+0800][4.779s][info][gc,heap     ] GC(180) Y: Soft Max Capacity: 64M(100%)
[2026-06-17T10:07:41.471+0800][4.779s][info][gc,heap     ] GC(180) Y: Heap Statistics:
[2026-06-17T10:07:41.471+0800][4.779s][info][gc,heap     ] GC(180) Y:                Mark Start          Mark End        Relocate Start      Relocate End           High               Low         
[2026-06-17T10:07:41.472+0800][4.779s][info][gc,heap     ] GC(180) Y:  Capacity:       64M (100%)         64M (100%)         64M (100%)         64M (100%)         64M (100%)         64M (100%)   
[2026-06-17T10:07:41.472+0800][4.779s][info][gc,heap     ] GC(180) Y:      Free:        0M (0%)            0M (0%)            0M (0%)            0M (0%)            0M (0%)            0M (0%)     
[2026-06-17T10:07:41.472+0800][4.779s][info][gc,heap     ] GC(180) Y:      Used:       64M (100%)         64M (100%)         64M (100%)         64M (100%)         64M (100%)         64M (100%)   
[2026-06-17T10:07:41.472+0800][4.779s][info][gc,heap     ] GC(180) Y: Young Generation Statistics:
[2026-06-17T10:07:41.472+0800][4.779s][info][gc,heap     ] GC(180) Y:                Mark Start          Mark End        Relocate Start      Relocate End    
[2026-06-17T10:07:41.472+0800][4.779s][info][gc,heap     ] GC(180) Y:      Used:        0M (0%)            0M (0%)            0M (0%)            0M (0%)     
[2026-06-17T10:07:41.472+0800][4.779s][info][gc,heap     ] GC(180) Y:      Live:         -                 0M (0%)            0M (0%)            0M (0%)     
[2026-06-17T10:07:41.472+0800][4.779s][info][gc,heap     ] GC(180) Y:   Garbage:         -                 0M (0%)            0M (0%)            0M (0%)     
[2026-06-17T10:07:41.472+0800][4.780s][info][gc,heap     ] GC(180) Y: Allocated:         -                 0M (0%)            0M (0%)            0M (0%)     
[2026-06-17T10:07:41.472+0800][4.780s][info][gc,heap     ] GC(180) Y: Reclaimed:         -                  -                 0M (0%)            0M (0%)     
[2026-06-17T10:07:41.472+0800][4.780s][info][gc,heap     ] GC(180) Y:  Promoted:         -                  -                 0M (0%)            0M (0%)     
[2026-06-17T10:07:41.472+0800][4.780s][info][gc,heap     ] GC(180) Y: Compacted:         -                  -                  -                 0M (0%)     
[2026-06-17T10:07:41.472+0800][4.780s][info][gc,phases   ] GC(180) Y: Young Generation (Promote All) 64M(100%)->64M(100%) 0.001s
[2026-06-17T10:07:41.472+0800][4.780s][info][gc,phases   ] GC(180) Y: Young Generation (Collect Roots)
[2026-06-17T10:07:41.473+0800][4.780s][info][gc,phases   ] GC(180) Y: Pause Mark Start (Major) 0.005ms
[2026-06-17T10:07:41.473+0800][4.780s][info][gc,phases   ] GC(180) Y: Concurrent Mark 0.292ms
[2026-06-17T10:07:41.473+0800][4.780s][info][gc,phases   ] GC(180) Y: Pause Mark End 0.003ms
[2026-06-17T10:07:41.473+0800][4.781s][info][gc,phases   ] GC(180) Y: Concurrent Mark Free 0.000ms
[2026-06-17T10:07:41.473+0800][4.781s][info][gc,phases   ] GC(180) Y: Concurrent Reset Relocation Set 0.000ms
[2026-06-17T10:07:41.474+0800][4.781s][info][gc,reloc    ] GC(180) Y: Using tenuring threshold: 0 (Computed)
[2026-06-17T10:07:41.474+0800][4.781s][info][gc,phases   ] GC(180) Y: Concurrent Select Relocation Set 0.252ms
[2026-06-17T10:07:41.474+0800][4.781s][info][gc,phases   ] GC(180) Y: Pause Relocate Start 0.004ms
[2026-06-17T10:07:41.474+0800][4.782s][info][gc,phases   ] GC(180) Y: Concurrent Relocate 0.079ms
[2026-06-17T10:07:41.474+0800][4.782s][info][gc,alloc    ] GC(180) Y:                         Mark Start        Mark End      Relocate Start    Relocate End   
[2026-06-17T10:07:41.474+0800][4.782s][info][gc,alloc    ] GC(180) Y: Allocation Stalls:          1                1                1                1         
[2026-06-17T10:07:41.474+0800][4.782s][info][gc,load     ] GC(180) Y: Load: 0.41 (2%) / 0.44 (2%) / 0.49 (2%)
[2026-06-17T10:07:41.475+0800][4.782s][info][gc,mmu      ] GC(180) Y: MMU: 2ms/98.5%, 5ms/99.1%, 10ms/99.4%, 20ms/99.6%, 50ms/99.6%, 100ms/99.7%
[2026-06-17T10:07:41.475+0800][4.782s][info][gc,marking  ] GC(180) Y: Mark: 1 stripe(s), 1 proactive flush(es), 1 terminate flush(es), 0 completion(s), 0 continuation(s) 
[2026-06-17T10:07:41.475+0800][4.782s][info][gc,nmethod  ] GC(180) Y: NMethods: 74 registered, 6 unregistered
[2026-06-17T10:07:41.475+0800][4.782s][info][gc,metaspace] GC(180) Y: Metaspace: 0M used, 0M committed, 1088M reserved
[2026-06-17T10:07:41.475+0800][4.782s][info][gc,heap     ] GC(180) Y: Min Capacity: 64M(100%)
[2026-06-17T10:07:41.475+0800][4.782s][info][gc,heap     ] GC(180) Y: Max Capacity: 64M(100%)
[2026-06-17T10:07:41.475+0800][4.783s][info][gc,heap     ] GC(180) Y: Soft Max Capacity: 64M(100%)
[2026-06-17T10:07:41.475+0800][4.783s][info][gc,heap     ] GC(180) Y: Heap Statistics:
[2026-06-17T10:07:41.475+0800][4.783s][info][gc,heap     ] GC(180) Y:                Mark Start          Mark End        Relocate Start      Relocate End           High               Low         
[2026-06-17T10:07:41.475+0800][4.783s][info][gc,heap     ] GC(180) Y:  Capacity:       64M (100%)         64M (100%)         64M (100%)         64M (100%)         64M (100%)         64M (100%)   
[2026-06-17T10:07:41.475+0800][4.783s][info][gc,heap     ] GC(180) Y:      Free:        0M (0%)            0M (0%)            0M (0%)            0M (0%)            0M (0%)            0M (0%)     
[2026-06-17T10:07:41.476+0800][4.783s][info][gc,heap     ] GC(180) Y:      Used:       64M (100%)         64M (100%)         64M (100%)         64M (100%)         64M (100%)         64M (100%)   
[2026-06-17T10:07:41.476+0800][4.783s][info][gc,heap     ] GC(180) Y: Young Generation Statistics:
[2026-06-17T10:07:41.476+0800][4.783s][info][gc,heap     ] GC(180) Y:                Mark Start          Mark End        Relocate Start      Relocate End    
[2026-06-17T10:07:41.476+0800][4.783s][info][gc,heap     ] GC(180) Y:      Used:        0M (0%)            0M (0%)            0M (0%)            0M (0%)     
[2026-06-17T10:07:41.476+0800][4.783s][info][gc,heap     ] GC(180) Y:      Live:         -                 0M (0%)            0M (0%)            0M (0%)     
[2026-06-17T10:07:41.476+0800][4.783s][info][gc,heap     ] GC(180) Y:   Garbage:         -                 0M (0%)            0M (0%)            0M (0%)     
[2026-06-17T10:07:41.476+0800][4.783s][info][gc,heap     ] GC(180) Y: Allocated:         -                 0M (0%)            0M (0%)            0M (0%)     
[2026-06-17T10:07:41.476+0800][4.783s][info][gc,heap     ] GC(180) Y: Reclaimed:         -                  -                 0M (0%)            0M (0%)     
[2026-06-17T10:07:41.476+0800][4.784s][info][gc,heap     ] GC(180) Y:  Promoted:         -                  -                 0M (0%)            0M (0%)     
[2026-06-17T10:07:41.476+0800][4.784s][info][gc,heap     ] GC(180) Y: Compacted:         -                  -                  -                 0M (0%)     
[2026-06-17T10:07:41.476+0800][4.784s][info][gc,phases   ] GC(180) Y: Young Generation (Collect Roots) 64M(100%)->64M(100%) 0.002s
[2026-06-17T10:07:41.476+0800][4.784s][info][gc,phases   ] GC(180) O: Old Generation
[2026-06-17T10:07:41.477+0800][4.785s][info][gc,phases   ] GC(180) O: Concurrent Mark 0.771ms
[2026-06-17T10:07:41.477+0800][4.785s][info][gc,phases   ] GC(180) O: Pause Mark End 0.004ms
[2026-06-17T10:07:41.477+0800][4.785s][info][gc,phases   ] GC(180) O: Concurrent Mark Free 0.001ms
[2026-06-17T10:07:41.477+0800][4.785s][info][gc,ref      ] GC(180) O: Clearing All SoftReferences
[2026-06-17T10:07:41.478+0800][4.785s][info][gc,phases   ] GC(180) O: Concurrent Process Non-Strong 0.267ms
[2026-06-17T10:07:41.478+0800][4.785s][info][gc,phases   ] GC(180) O: Concurrent Reset Relocation Set 0.000ms
[2026-06-17T10:07:41.478+0800][4.785s][info][gc,phases   ] GC(180) O: Concurrent Select Relocation Set 0.045ms
[2026-06-17T10:07:41.478+0800][4.785s][info][gc,task     ] GC(180) O: Using 1 Workers for Old Generation
[2026-06-17T10:07:41.478+0800][4.786s][info][gc,task     ] GC(180) O: Using 1 Workers for Old Generation
[2026-06-17T10:07:41.478+0800][4.786s][info][gc,phases   ] GC(180) O: Concurrent Remap Roots 0.273ms
[2026-06-17T10:07:41.478+0800][4.786s][info][gc,phases   ] GC(180) O: Pause Relocate Start 0.004ms
[2026-06-17T10:07:41.479+0800][4.786s][info][gc,phases   ] GC(180) O: Concurrent Relocate 0.066ms
[2026-06-17T10:07:41.479+0800][4.786s][info][gc,alloc    ] GC(180) O:                         Mark Start        Mark End      Relocate Start    Relocate End   
[2026-06-17T10:07:41.479+0800][4.786s][info][gc,alloc    ] GC(180) O: Allocation Stalls:          1                1                1                1         
[2026-06-17T10:07:41.479+0800][4.786s][info][gc,load     ] GC(180) O: Load: 0.41 (2%) / 0.44 (2%) / 0.49 (2%)
[2026-06-17T10:07:41.479+0800][4.786s][info][gc,mmu      ] GC(180) O: MMU: 2ms/98.5%, 5ms/99.1%, 10ms/99.4%, 20ms/99.6%, 50ms/99.6%, 100ms/99.7%
[2026-06-17T10:07:41.479+0800][4.786s][info][gc,marking  ] GC(180) O: Mark: 1 stripe(s), 1 proactive flush(es), 1 terminate flush(es), 0 completion(s), 0 continuation(s) 
[2026-06-17T10:07:41.479+0800][4.786s][info][gc,nmethod  ] GC(180) O: NMethods: 74 registered, 6 unregistered
[2026-06-17T10:07:41.479+0800][4.787s][info][gc,metaspace] GC(180) O: Metaspace: 0M used, 0M committed, 1088M reserved
[2026-06-17T10:07:41.479+0800][4.787s][info][gc,ref      ] GC(180) O:                       Encountered   Discovered     Enqueued 
[2026-06-17T10:07:41.479+0800][4.787s][info][gc,ref      ] GC(180) O: Soft References:                0            0            0 
[2026-06-17T10:07:41.479+0800][4.787s][info][gc,ref      ] GC(180) O: Weak References:                6            0            0 
[2026-06-17T10:07:41.479+0800][4.787s][info][gc,ref      ] GC(180) O: Final References:               0            0            0 
[2026-06-17T10:07:41.480+0800][4.787s][info][gc,ref      ] GC(180) O: Phantom References:             1            1            0 
[2026-06-17T10:07:41.480+0800][4.787s][info][gc,reloc    ] GC(180) O:                        Candidates     Selected     In-Place         Size        Empty    Relocated 
[2026-06-17T10:07:41.480+0800][4.787s][info][gc,reloc    ] GC(180) O: Small Pages:                    6            0            0          12M           0M           0M 
[2026-06-17T10:07:41.480+0800][4.787s][info][gc,reloc    ] GC(180) O: Large Pages:                   26            0            0          52M           0M           0M 
[2026-06-17T10:07:41.480+0800][4.787s][info][gc,reloc    ] GC(180) O: Forwarding Usage: 0M
[2026-06-17T10:07:41.480+0800][4.788s][info][gc,heap     ] GC(180) O: Min Capacity: 64M(100%)
[2026-06-17T10:07:41.480+0800][4.788s][info][gc,heap     ] GC(180) O: Max Capacity: 64M(100%)
[2026-06-17T10:07:41.480+0800][4.788s][info][gc,heap     ] GC(180) O: Soft Max Capacity: 64M(100%)
[2026-06-17T10:07:41.480+0800][4.788s][info][gc,heap     ] GC(180) O: Heap Statistics:
[2026-06-17T10:07:41.480+0800][4.788s][info][gc,heap     ] GC(180) O:                Mark Start          Mark End        Relocate Start      Relocate End           High               Low         
[2026-06-17T10:07:41.481+0800][4.788s][info][gc,heap     ] GC(180) O:  Capacity:       64M (100%)         64M (100%)         64M (100%)         64M (100%)         64M (100%)         64M (100%)   
[2026-06-17T10:07:41.481+0800][4.788s][info][gc,heap     ] GC(180) O:      Free:        0M (0%)            0M (0%)            0M (0%)            0M (0%)            0M (0%)            0M (0%)     
[2026-06-17T10:07:41.481+0800][4.788s][info][gc,heap     ] GC(180) O:      Used:       64M (100%)         64M (100%)         64M (100%)         64M (100%)         64M (100%)         64M (100%)   
[2026-06-17T10:07:41.481+0800][4.788s][info][gc,heap     ] GC(180) O: Old Generation Statistics:
[2026-06-17T10:07:41.481+0800][4.788s][info][gc,heap     ] GC(180) O:                Mark Start          Mark End        Relocate Start      Relocate End    
[2026-06-17T10:07:41.481+0800][4.788s][info][gc,heap     ] GC(180) O:      Used:       64M (100%)         64M (100%)         64M (100%)         64M (100%)   
[2026-06-17T10:07:41.481+0800][4.788s][info][gc,heap     ] GC(180) O:      Live:         -                61M (96%)          61M (96%)          61M (96%)    
[2026-06-17T10:07:41.481+0800][4.789s][info][gc,heap     ] GC(180) O:   Garbage:         -                 2M (4%)            2M (4%)            2M (4%)     
[2026-06-17T10:07:41.481+0800][4.789s][info][gc,heap     ] GC(180) O: Allocated:         -                 0M (0%)            0M (0%)            0M (0%)     
[2026-06-17T10:07:41.481+0800][4.789s][info][gc,heap     ] GC(180) O: Reclaimed:         -                  -                 0M (0%)            0M (0%)     
[2026-06-17T10:07:41.481+0800][4.789s][info][gc,heap     ] GC(180) O: Compacted:         -                  -                  -                 0M (0%)     
[2026-06-17T10:07:41.482+0800][4.789s][info][gc,phases   ] GC(180) O: Old Generation 64M(100%)->64M(100%) 0.002s
[2026-06-17T10:07:41.482+0800][4.789s][info][gc          ] GC(180) Major Collection (Allocation Stall) 64M(100%)->64M(100%) 0.013s
[2026-06-17T10:07:41.482+0800][4.789s][info][gc          ] Allocation Stall (main) 16.523ms
[2026-06-17T10:07:41.482+0800][4.789s][info][gc          ] Out Of Memory (main)
[2026-06-17T10:07:41.482+0800][4.789s][info][gc          ] GC(181) Minor Collection (Allocation Stall)
[2026-06-17T10:07:41.482+0800][4.789s][info][gc,task     ] GC(181) Using 1 Workers for Young Generation
[2026-06-17T10:07:41.482+0800][4.790s][info][gc,phases   ] GC(181) y: Young Generation
[2026-06-17T10:07:41.482+0800][4.790s][info][gc,phases   ] GC(181) y: Pause Mark Start 0.004ms
[2026-06-17T10:07:41.483+0800][4.790s][info][gc,phases   ] GC(181) y: Concurrent Mark 0.364ms
[2026-06-17T10:07:41.483+0800][4.790s][info][gc,phases   ] GC(181) y: Pause Mark End 0.003ms
[2026-06-17T10:07:41.483+0800][4.790s][info][gc,phases   ] GC(181) y: Concurrent Mark Free 0.000ms
[2026-06-17T10:07:41.483+0800][4.790s][info][gc,phases   ] GC(181) y: Concurrent Reset Relocation Set 0.001ms
[2026-06-17T10:07:41.483+0800][4.791s][info][gc,reloc    ] GC(181) y: Using tenuring threshold: 0 (Computed)
[2026-06-17T10:07:41.483+0800][4.791s][info][gc,phases   ] GC(181) y: Concurrent Select Relocation Set 0.172ms
[2026-06-17T10:07:41.483+0800][4.791s][info][gc,phases   ] GC(181) y: Pause Relocate Start 0.003ms
[2026-06-17T10:07:41.484+0800][4.791s][info][gc,phases   ] GC(181) y: Concurrent Relocate 0.082ms
[2026-06-17T10:07:41.484+0800][4.791s][info][gc,alloc    ] GC(181) y:                         Mark Start        Mark End      Relocate Start    Relocate End   
[2026-06-17T10:07:41.484+0800][4.791s][info][gc,alloc    ] GC(181) y: Allocation Stalls:          1                1                1                1         
[2026-06-17T10:07:41.484+0800][4.791s][info][gc,load     ] GC(181) y: Load: 0.41 (2%) / 0.44 (2%) / 0.49 (2%)
[2026-06-17T10:07:41.484+0800][4.791s][info][gc,mmu      ] GC(181) y: MMU: 2ms/98.5%, 5ms/99.1%, 10ms/99.4%, 20ms/99.6%, 50ms/99.6%, 100ms/99.7%
[2026-06-17T10:07:41.484+0800][4.791s][info][gc,marking  ] GC(181) y: Mark: 1 stripe(s), 1 proactive flush(es), 1 terminate flush(es), 0 completion(s), 0 continuation(s) 
[2026-06-17T10:07:41.484+0800][4.791s][info][gc,nmethod  ] GC(181) y: NMethods: 74 registered, 6 unregistered
[2026-06-17T10:07:41.484+0800][4.791s][info][gc,metaspace] GC(181) y: Metaspace: 0M used, 0M committed, 1088M reserved
[2026-06-17T10:07:41.484+0800][4.791s][info][gc,heap     ] GC(181) y: Min Capacity: 64M(100%)
[2026-06-17T10:07:41.484+0800][4.792s][info][gc,heap     ] GC(181) y: Max Capacity: 64M(100%)
[2026-06-17T10:07:41.484+0800][4.792s][info][gc,heap     ] GC(181) y: Soft Max Capacity: 64M(100%)
[2026-06-17T10:07:41.484+0800][4.792s][info][gc,heap     ] GC(181) y: Heap Statistics:
[2026-06-17T10:07:41.484+0800][4.792s][info][gc,heap     ] GC(181) y:                Mark Start          Mark End        Relocate Start      Relocate End           High               Low         
[2026-06-17T10:07:41.484+0800][4.792s][info][gc,heap     ] GC(181) y:  Capacity:       64M (100%)         64M (100%)         64M (100%)         64M (100%)         64M (100%)         64M (100%)   
[2026-06-17T10:07:41.484+0800][4.792s][info][gc,heap     ] GC(181) y:      Free:        0M (0%)            0M (0%)            0M (0%)            0M (0%)            0M (0%)            0M (0%)     
[2026-06-17T10:07:41.485+0800][4.792s][info][gc,heap     ] GC(181) y:      Used:       64M (100%)         64M (100%)         64M (100%)         64M (100%)         64M (100%)         64M (100%)   
[2026-06-17T10:07:41.485+0800][4.792s][info][gc,heap     ] GC(181) y: Young Generation Statistics:
[2026-06-17T10:07:41.485+0800][4.792s][info][gc,heap     ] GC(181) y:                Mark Start          Mark End        Relocate Start      Relocate End    
[2026-06-17T10:07:41.485+0800][4.792s][info][gc,heap     ] GC(181) y:      Used:        0M (0%)            0M (0%)            0M (0%)            0M (0%)     
[2026-06-17T10:07:41.485+0800][4.792s][info][gc,heap     ] GC(181) y:      Live:         -                 0M (0%)            0M (0%)            0M (0%)     
[2026-06-17T10:07:41.485+0800][4.792s][info][gc,heap     ] GC(181) y:   Garbage:         -                 0M (0%)            0M (0%)            0M (0%)     
[2026-06-17T10:07:41.485+0800][4.792s][info][gc,heap     ] GC(181) y: Allocated:         -                 0M (0%)            0M (0%)            0M (0%)     
[2026-06-17T10:07:41.485+0800][4.792s][info][gc,heap     ] GC(181) y: Reclaimed:         -                  -                 0M (0%)            0M (0%)     
[2026-06-17T10:07:41.485+0800][4.793s][info][gc,heap     ] GC(181) y:  Promoted:         -                  -                 0M (0%)            0M (0%)     
[2026-06-17T10:07:41.485+0800][4.793s][info][gc,heap     ] GC(181) y: Compacted:         -                  -                  -                 0M (0%)     
[2026-06-17T10:07:41.485+0800][4.793s][info][gc,phases   ] GC(181) y: Young Generation 64M(100%)->64M(100%) 0.001s
[2026-06-17T10:07:41.485+0800][4.793s][info][gc          ] GC(181) Minor Collection (Allocation Stall) 64M(100%)->64M(100%) 0.003s
[2026-06-17T10:07:41.485+0800][4.793s][info][gc          ] GC(182) Major Collection (Allocation Stall)
[2026-06-17T10:07:41.486+0800][4.793s][info][gc,task     ] GC(182) Using 1 Workers for Young Generation
[2026-06-17T10:07:41.486+0800][4.793s][info][gc,task     ] GC(182) Using 1 Workers for Old Generation
[2026-06-17T10:07:41.486+0800][4.793s][info][gc,phases   ] GC(182) Y: Young Generation (Promote All)
[2026-06-17T10:07:41.486+0800][4.793s][info][gc,phases   ] GC(182) Y: Pause Mark Start 0.005ms
[2026-06-17T10:07:41.486+0800][4.794s][info][gc,phases   ] GC(182) Y: Concurrent Mark 0.294ms
[2026-06-17T10:07:41.487+0800][4.794s][info][gc,phases   ] GC(182) Y: Pause Mark End 0.004ms
[2026-06-17T10:07:41.487+0800][4.794s][info][gc,phases   ] GC(182) Y: Concurrent Mark Free 0.000ms
[2026-06-17T10:07:41.487+0800][4.794s][info][gc,phases   ] GC(182) Y: Concurrent Reset Relocation Set 0.000ms
[2026-06-17T10:07:41.487+0800][4.794s][info][gc,reloc    ] GC(182) Y: Using tenuring threshold: 0 (Promote All)
[2026-06-17T10:07:41.487+0800][4.794s][info][gc,phases   ] GC(182) Y: Concurrent Select Relocation Set 0.198ms
[2026-06-17T10:07:41.487+0800][4.795s][info][gc,phases   ] GC(182) Y: Pause Relocate Start 0.003ms
[2026-06-17T10:07:41.487+0800][4.795s][info][gc,phases   ] GC(182) Y: Concurrent Relocate 0.108ms
[2026-06-17T10:07:41.487+0800][4.795s][info][gc,alloc    ] GC(182) Y:                         Mark Start        Mark End      Relocate Start    Relocate End   
[2026-06-17T10:07:41.487+0800][4.795s][info][gc,alloc    ] GC(182) Y: Allocation Stalls:          1                1                1                1         
[2026-06-17T10:07:41.488+0800][4.795s][info][gc,load     ] GC(182) Y: Load: 0.41 (2%) / 0.44 (2%) / 0.49 (2%)
[2026-06-17T10:07:41.488+0800][4.795s][info][gc,mmu      ] GC(182) Y: MMU: 2ms/98.5%, 5ms/99.1%, 10ms/99.4%, 20ms/99.6%, 50ms/99.6%, 100ms/99.7%
[2026-06-17T10:07:41.488+0800][4.795s][info][gc,marking  ] GC(182) Y: Mark: 1 stripe(s), 1 proactive flush(es), 1 terminate flush(es), 0 completion(s), 0 continuation(s) 
[2026-06-17T10:07:41.488+0800][4.795s][info][gc,nmethod  ] GC(182) Y: NMethods: 74 registered, 6 unregistered
[2026-06-17T10:07:41.488+0800][4.795s][info][gc,metaspace] GC(182) Y: Metaspace: 0M used, 0M committed, 1088M reserved
[2026-06-17T10:07:41.488+0800][4.795s][info][gc,heap     ] GC(182) Y: Min Capacity: 64M(100%)
[2026-06-17T10:07:41.488+0800][4.795s][info][gc,heap     ] GC(182) Y: Max Capacity: 64M(100%)
[2026-06-17T10:07:41.488+0800][4.796s][info][gc,heap     ] GC(182) Y: Soft Max Capacity: 64M(100%)
[2026-06-17T10:07:41.488+0800][4.796s][info][gc,heap     ] GC(182) Y: Heap Statistics:
[2026-06-17T10:07:41.488+0800][4.796s][info][gc,heap     ] GC(182) Y:                Mark Start          Mark End        Relocate Start      Relocate End           High               Low         
[2026-06-17T10:07:41.488+0800][4.796s][info][gc,heap     ] GC(182) Y:  Capacity:       64M (100%)         64M (100%)         64M (100%)         64M (100%)         64M (100%)         64M (100%)   
[2026-06-17T10:07:41.488+0800][4.796s][info][gc,heap     ] GC(182) Y:      Free:        0M (0%)            0M (0%)            0M (0%)            0M (0%)            0M (0%)            0M (0%)     
[2026-06-17T10:07:41.488+0800][4.796s][info][gc,heap     ] GC(182) Y:      Used:       64M (100%)         64M (100%)         64M (100%)         64M (100%)         64M (100%)         64M (100%)   
[2026-06-17T10:07:41.489+0800][4.796s][info][gc,heap     ] GC(182) Y: Young Generation Statistics:
[2026-06-17T10:07:41.489+0800][4.796s][info][gc,heap     ] GC(182) Y:                Mark Start          Mark End        Relocate Start      Relocate End    
[2026-06-17T10:07:41.489+0800][4.796s][info][gc,heap     ] GC(182) Y:      Used:        0M (0%)            0M (0%)            0M (0%)            0M (0%)     
[2026-06-17T10:07:41.489+0800][4.796s][info][gc,heap     ] GC(182) Y:      Live:         -                 0M (0%)            0M (0%)            0M (0%)     
[2026-06-17T10:07:41.489+0800][4.796s][info][gc,heap     ] GC(182) Y:   Garbage:         -                 0M (0%)            0M (0%)            0M (0%)     
[2026-06-17T10:07:41.489+0800][4.796s][info][gc,heap     ] GC(182) Y: Allocated:         -                 0M (0%)            0M (0%)            0M (0%)     
[2026-06-17T10:07:41.489+0800][4.796s][info][gc,heap     ] GC(182) Y: Reclaimed:         -                  -                 0M (0%)            0M (0%)     
[2026-06-17T10:07:41.489+0800][4.796s][info][gc,heap     ] GC(182) Y:  Promoted:         -                  -                 0M (0%)            0M (0%)     
[2026-06-17T10:07:41.489+0800][4.797s][info][gc,heap     ] GC(182) Y: Compacted:         -                  -                  -                 0M (0%)     
[2026-06-17T10:07:41.489+0800][4.797s][info][gc,phases   ] GC(182) Y: Young Generation (Promote All) 64M(100%)->64M(100%) 0.002s
[2026-06-17T10:07:41.489+0800][4.797s][info][gc,phases   ] GC(182) Y: Young Generation (Collect Roots)
[2026-06-17T10:07:41.489+0800][4.797s][info][gc,phases   ] GC(182) Y: Pause Mark Start (Major) 0.005ms
[2026-06-17T10:07:41.490+0800][4.797s][info][gc,phases   ] GC(182) Y: Concurrent Mark 0.318ms
[2026-06-17T10:07:41.490+0800][4.797s][info][gc,phases   ] GC(182) Y: Pause Mark End 0.003ms
[2026-06-17T10:07:41.490+0800][4.797s][info][gc,phases   ] GC(182) Y: Concurrent Mark Free 0.000ms
[2026-06-17T10:07:41.490+0800][4.798s][info][gc,phases   ] GC(182) Y: Concurrent Reset Relocation Set 0.000ms
[2026-06-17T10:07:41.490+0800][4.798s][info][gc,reloc    ] GC(182) Y: Using tenuring threshold: 0 (Computed)
[2026-06-17T10:07:41.490+0800][4.798s][info][gc,phases   ] GC(182) Y: Concurrent Select Relocation Set 0.174ms
[2026-06-17T10:07:41.491+0800][4.798s][info][gc,phases   ] GC(182) Y: Pause Relocate Start 0.003ms
[2026-06-17T10:07:41.491+0800][4.798s][info][gc,phases   ] GC(182) Y: Concurrent Relocate 0.080ms
[2026-06-17T10:07:41.491+0800][4.798s][info][gc,alloc    ] GC(182) Y:                         Mark Start        Mark End      Relocate Start    Relocate End   
[2026-06-17T10:07:41.491+0800][4.798s][info][gc,alloc    ] GC(182) Y: Allocation Stalls:          1                1                1                1         
[2026-06-17T10:07:41.491+0800][4.798s][info][gc,load     ] GC(182) Y: Load: 0.41 (2%) / 0.44 (2%) / 0.49 (2%)
[2026-06-17T10:07:41.491+0800][4.798s][info][gc,mmu      ] GC(182) Y: MMU: 2ms/98.5%, 5ms/99.1%, 10ms/99.4%, 20ms/99.6%, 50ms/99.6%, 100ms/99.7%
[2026-06-17T10:07:41.491+0800][4.798s][info][gc,marking  ] GC(182) Y: Mark: 1 stripe(s), 1 proactive flush(es), 1 terminate flush(es), 0 completion(s), 0 continuation(s) 
[2026-06-17T10:07:41.491+0800][4.799s][info][gc,nmethod  ] GC(182) Y: NMethods: 74 registered, 6 unregistered
[2026-06-17T10:07:41.491+0800][4.799s][info][gc,metaspace] GC(182) Y: Metaspace: 0M used, 0M committed, 1088M reserved
[2026-06-17T10:07:41.491+0800][4.799s][info][gc,heap     ] GC(182) Y: Min Capacity: 64M(100%)
[2026-06-17T10:07:41.491+0800][4.799s][info][gc,heap     ] GC(182) Y: Max Capacity: 64M(100%)
[2026-06-17T10:07:41.491+0800][4.799s][info][gc,heap     ] GC(182) Y: Soft Max Capacity: 64M(100%)
[2026-06-17T10:07:41.491+0800][4.799s][info][gc,heap     ] GC(182) Y: Heap Statistics:
[2026-06-17T10:07:41.492+0800][4.799s][info][gc,heap     ] GC(182) Y:                Mark Start          Mark End        Relocate Start      Relocate End           High               Low         
[2026-06-17T10:07:41.492+0800][4.799s][info][gc,heap     ] GC(182) Y:  Capacity:       64M (100%)         64M (100%)         64M (100%)         64M (100%)         64M (100%)         64M (100%)   
[2026-06-17T10:07:41.492+0800][4.799s][info][gc,heap     ] GC(182) Y:      Free:        0M (0%)            0M (0%)            0M (0%)            0M (0%)            0M (0%)            0M (0%)     
[2026-06-17T10:07:41.492+0800][4.800s][info][gc,heap     ] GC(182) Y:      Used:       64M (100%)         64M (100%)         64M (100%)         64M (100%)         64M (100%)         64M (100%)   
[2026-06-17T10:07:41.492+0800][4.800s][info][gc,heap     ] GC(182) Y: Young Generation Statistics:
[2026-06-17T10:07:41.492+0800][4.800s][info][gc,heap     ] GC(182) Y:                Mark Start          Mark End        Relocate Start      Relocate End    
[2026-06-17T10:07:41.492+0800][4.800s][info][gc,heap     ] GC(182) Y:      Used:        0M (0%)            0M (0%)            0M (0%)            0M (0%)     
[2026-06-17T10:07:41.492+0800][4.800s][info][gc,heap     ] GC(182) Y:      Live:         -                 0M (0%)            0M (0%)            0M (0%)     
[2026-06-17T10:07:41.493+0800][4.800s][info][gc,heap     ] GC(182) Y:   Garbage:         -                 0M (0%)            0M (0%)            0M (0%)     
[2026-06-17T10:07:41.493+0800][4.800s][info][gc,heap     ] GC(182) Y: Allocated:         -                 0M (0%)            0M (0%)            0M (0%)     
[2026-06-17T10:07:41.493+0800][4.800s][info][gc,heap     ] GC(182) Y: Reclaimed:         -                  -                 0M (0%)            0M (0%)     
[2026-06-17T10:07:41.493+0800][4.800s][info][gc,heap     ] GC(182) Y:  Promoted:         -                  -                 0M (0%)            0M (0%)     
[2026-06-17T10:07:41.493+0800][4.800s][info][gc,heap     ] GC(182) Y: Compacted:         -                  -                  -                 0M (0%)     
[2026-06-17T10:07:41.493+0800][4.800s][info][gc,phases   ] GC(182) Y: Young Generation (Collect Roots) 64M(100%)->64M(100%) 0.001s
[2026-06-17T10:07:41.493+0800][4.800s][info][gc,phases   ] GC(182) O: Old Generation
[2026-06-17T10:07:41.494+0800][4.801s][info][gc,phases   ] GC(182) O: Concurrent Mark 0.975ms
[2026-06-17T10:07:41.494+0800][4.802s][info][gc,phases   ] GC(182) O: Pause Mark End 0.005ms
[2026-06-17T10:07:41.494+0800][4.802s][info][gc,phases   ] GC(182) O: Concurrent Mark Free 0.001ms
[2026-06-17T10:07:41.495+0800][4.802s][info][gc,ref      ] GC(182) O: Clearing All SoftReferences
[2026-06-17T10:07:41.495+0800][4.802s][info][gc,phases   ] GC(182) O: Concurrent Process Non-Strong 0.370ms
[2026-06-17T10:07:41.495+0800][4.802s][info][gc,phases   ] GC(182) O: Concurrent Reset Relocation Set 0.000ms
[2026-06-17T10:07:41.495+0800][4.803s][info][gc,phases   ] GC(182) O: Concurrent Select Relocation Set 0.052ms
[2026-06-17T10:07:41.495+0800][4.803s][info][gc,task     ] GC(182) O: Using 1 Workers for Old Generation
[2026-06-17T10:07:41.496+0800][4.803s][info][gc,task     ] GC(182) O: Using 1 Workers for Old Generation
[2026-06-17T10:07:41.496+0800][4.803s][info][gc,phases   ] GC(182) O: Concurrent Remap Roots 0.252ms
[2026-06-17T10:07:41.496+0800][4.803s][info][gc,phases   ] GC(182) O: Pause Relocate Start 0.004ms
[2026-06-17T10:07:41.496+0800][4.803s][info][gc,phases   ] GC(182) O: Concurrent Relocate 0.069ms
[2026-06-17T10:07:41.496+0800][4.803s][info][gc,alloc    ] GC(182) O:                         Mark Start        Mark End      Relocate Start    Relocate End   
[2026-06-17T10:07:41.496+0800][4.803s][info][gc,alloc    ] GC(182) O: Allocation Stalls:          1                1                1                1         
[2026-06-17T10:07:41.496+0800][4.804s][info][gc,load     ] GC(182) O: Load: 0.41 (2%) / 0.44 (2%) / 0.49 (2%)
[2026-06-17T10:07:41.496+0800][4.804s][info][gc,mmu      ] GC(182) O: MMU: 2ms/98.5%, 5ms/99.1%, 10ms/99.4%, 20ms/99.6%, 50ms/99.6%, 100ms/99.7%
[2026-06-17T10:07:41.496+0800][4.804s][info][gc,marking  ] GC(182) O: Mark: 1 stripe(s), 1 proactive flush(es), 1 terminate flush(es), 0 completion(s), 0 continuation(s) 
[2026-06-17T10:07:41.496+0800][4.804s][info][gc,nmethod  ] GC(182) O: NMethods: 74 registered, 6 unregistered
[2026-06-17T10:07:41.496+0800][4.804s][info][gc,metaspace] GC(182) O: Metaspace: 0M used, 0M committed, 1088M reserved
[2026-06-17T10:07:41.497+0800][4.804s][info][gc,ref      ] GC(182) O:                       Encountered   Discovered     Enqueued 
[2026-06-17T10:07:41.497+0800][4.804s][info][gc,ref      ] GC(182) O: Soft References:                0            0            0 
[2026-06-17T10:07:41.497+0800][4.804s][info][gc,ref      ] GC(182) O: Weak References:                6            0            0 
[2026-06-17T10:07:41.497+0800][4.804s][info][gc,ref      ] GC(182) O: Final References:               0            0            0 
[2026-06-17T10:07:41.497+0800][4.804s][info][gc,ref      ] GC(182) O: Phantom References:             1            1            0 
[2026-06-17T10:07:41.497+0800][4.804s][info][gc,reloc    ] GC(182) O:                        Candidates     Selected     In-Place         Size        Empty    Relocated 
[2026-06-17T10:07:41.497+0800][4.804s][info][gc,reloc    ] GC(182) O: Small Pages:                    6            0            0          12M           0M           0M 
[2026-06-17T10:07:41.497+0800][4.804s][info][gc,reloc    ] GC(182) O: Large Pages:                   26            0            0          52M           0M           0M 
[2026-06-17T10:07:41.497+0800][4.805s][info][gc,reloc    ] GC(182) O: Forwarding Usage: 0M
[2026-06-17T10:07:41.497+0800][4.805s][info][gc,heap     ] GC(182) O: Min Capacity: 64M(100%)
[2026-06-17T10:07:41.497+0800][4.805s][info][gc,heap     ] GC(182) O: Max Capacity: 64M(100%)
[2026-06-17T10:07:41.497+0800][4.805s][info][gc,heap     ] GC(182) O: Soft Max Capacity: 64M(100%)
[2026-06-17T10:07:41.497+0800][4.805s][info][gc,heap     ] GC(182) O: Heap Statistics:
[2026-06-17T10:07:41.497+0800][4.805s][info][gc,heap     ] GC(182) O:                Mark Start          Mark End        Relocate Start      Relocate End           High               Low         
[2026-06-17T10:07:41.498+0800][4.805s][info][gc,heap     ] GC(182) O:  Capacity:       64M (100%)         64M (100%)         64M (100%)         64M (100%)         64M (100%)         64M (100%)   
[2026-06-17T10:07:41.498+0800][4.805s][info][gc,heap     ] GC(182) O:      Free:        0M (0%)            0M (0%)            0M (0%)            0M (0%)            0M (0%)            0M (0%)     
[2026-06-17T10:07:41.498+0800][4.805s][info][gc,heap     ] GC(182) O:      Used:       64M (100%)         64M (100%)         64M (100%)         64M (100%)         64M (100%)         64M (100%)   
[2026-06-17T10:07:41.498+0800][4.805s][info][gc,heap     ] GC(182) O: Old Generation Statistics:
[2026-06-17T10:07:41.498+0800][4.805s][info][gc,heap     ] GC(182) O:                Mark Start          Mark End        Relocate Start      Relocate End    
[2026-06-17T10:07:41.498+0800][4.805s][info][gc,heap     ] GC(182) O:      Used:       64M (100%)         64M (100%)         64M (100%)         64M (100%)   
[2026-06-17T10:07:41.498+0800][4.806s][info][gc,heap     ] GC(182) O:      Live:         -                61M (96%)          61M (96%)          61M (96%)    
[2026-06-17T10:07:41.498+0800][4.806s][info][gc,heap     ] GC(182) O:   Garbage:         -                 2M (4%)            2M (4%)            2M (4%)     
[2026-06-17T10:07:41.498+0800][4.806s][info][gc,heap     ] GC(182) O: Allocated:         -                 0M (0%)            0M (0%)            0M (0%)     
[2026-06-17T10:07:41.498+0800][4.806s][info][gc,heap     ] GC(182) O: Reclaimed:         -                  -                 0M (0%)            0M (0%)     
[2026-06-17T10:07:41.498+0800][4.806s][info][gc,heap     ] GC(182) O: Compacted:         -                  -                  -                 0M (0%)     
[2026-06-17T10:07:41.499+0800][4.806s][info][gc,phases   ] GC(182) O: Old Generation 64M(100%)->64M(100%) 0.003s
[2026-06-17T10:07:41.499+0800][4.806s][info][gc          ] GC(182) Major Collection (Allocation Stall) 64M(100%)->64M(100%) 0.013s
[2026-06-17T10:07:41.499+0800][4.806s][info][gc          ] Allocation Stall (main) 16.845ms
[2026-06-17T10:07:41.499+0800][4.806s][info][gc          ] GC(183) Minor Collection (Allocation Stall)
[2026-06-17T10:07:41.499+0800][4.806s][info][gc,task     ] GC(183) Using 1 Workers for Young Generation
[2026-06-17T10:07:41.499+0800][4.806s][info][gc,phases   ] GC(183) y: Young Generation
[2026-06-17T10:07:41.499+0800][4.806s][info][gc,phases   ] GC(183) y: Pause Mark Start 0.004ms
[2026-06-17T10:07:41.499+0800][4.807s][info][gc,phases   ] GC(183) y: Concurrent Mark 0.297ms
[2026-06-17T10:07:41.500+0800][4.807s][info][gc,phases   ] GC(183) y: Pause Mark End 0.003ms
[2026-06-17T10:07:41.500+0800][4.807s][info][gc,phases   ] GC(183) y: Concurrent Mark Free 0.000ms
[2026-06-17T10:07:41.500+0800][4.807s][info][gc,phases   ] GC(183) y: Concurrent Reset Relocation Set 0.000ms
[2026-06-17T10:07:41.500+0800][4.807s][info][gc,reloc    ] GC(183) y: Using tenuring threshold: 0 (Computed)
[2026-06-17T10:07:41.500+0800][4.807s][info][gc,phases   ] GC(183) y: Concurrent Select Relocation Set 0.179ms
[2026-06-17T10:07:41.500+0800][4.808s][info][gc,phases   ] GC(183) y: Pause Relocate Start 0.003ms
[2026-06-17T10:07:41.500+0800][4.808s][info][gc,phases   ] GC(183) y: Concurrent Relocate 0.086ms
[2026-06-17T10:07:41.500+0800][4.808s][info][gc,alloc    ] GC(183) y:                         Mark Start        Mark End      Relocate Start    Relocate End   
[2026-06-17T10:07:41.500+0800][4.808s][info][gc,alloc    ] GC(183) y: Allocation Stalls:          1                1                1                1         
[2026-06-17T10:07:41.501+0800][4.808s][info][gc,load     ] GC(183) y: Load: 0.41 (2%) / 0.44 (2%) / 0.49 (2%)
[2026-06-17T10:07:41.501+0800][4.808s][info][gc,mmu      ] GC(183) y: MMU: 2ms/98.5%, 5ms/99.1%, 10ms/99.4%, 20ms/99.6%, 50ms/99.6%, 100ms/99.7%
[2026-06-17T10:07:41.501+0800][4.808s][info][gc,marking  ] GC(183) y: Mark: 1 stripe(s), 1 proactive flush(es), 1 terminate flush(es), 0 completion(s), 0 continuation(s) 
[2026-06-17T10:07:41.501+0800][4.808s][info][gc,nmethod  ] GC(183) y: NMethods: 74 registered, 6 unregistered
[2026-06-17T10:07:41.501+0800][4.808s][info][gc,metaspace] GC(183) y: Metaspace: 0M used, 0M committed, 1088M reserved
[2026-06-17T10:07:41.501+0800][4.808s][info][gc,heap     ] GC(183) y: Min Capacity: 64M(100%)
[2026-06-17T10:07:41.501+0800][4.808s][info][gc,heap     ] GC(183) y: Max Capacity: 64M(100%)
[2026-06-17T10:07:41.501+0800][4.808s][info][gc,heap     ] GC(183) y: Soft Max Capacity: 64M(100%)
[2026-06-17T10:07:41.501+0800][4.809s][info][gc,heap     ] GC(183) y: Heap Statistics:
[2026-06-17T10:07:41.501+0800][4.809s][info][gc,heap     ] GC(183) y:                Mark Start          Mark End        Relocate Start      Relocate End           High               Low         
[2026-06-17T10:07:41.501+0800][4.809s][info][gc,heap     ] GC(183) y:  Capacity:       64M (100%)         64M (100%)         64M (100%)         64M (100%)         64M (100%)         64M (100%)   
[2026-06-17T10:07:41.501+0800][4.809s][info][gc,heap     ] GC(183) y:      Free:        0M (0%)            0M (0%)            0M (0%)            0M (0%)            0M (0%)            0M (0%)     
[2026-06-17T10:07:41.501+0800][4.809s][info][gc,heap     ] GC(183) y:      Used:       64M (100%)         64M (100%)         64M (100%)         64M (100%)         64M (100%)         64M (100%)   
[2026-06-17T10:07:41.501+0800][4.809s][info][gc,heap     ] GC(183) y: Young Generation Statistics:
[2026-06-17T10:07:41.502+0800][4.809s][info][gc,heap     ] GC(183) y:                Mark Start          Mark End        Relocate Start      Relocate End    
[2026-06-17T10:07:41.502+0800][4.809s][info][gc,heap     ] GC(183) y:      Used:        0M (0%)            0M (0%)            0M (0%)            0M (0%)     
[2026-06-17T10:07:41.502+0800][4.809s][info][gc,heap     ] GC(183) y:      Live:         -                 0M (0%)            0M (0%)            0M (0%)     
[2026-06-17T10:07:41.502+0800][4.809s][info][gc,heap     ] GC(183) y:   Garbage:         -                 0M (0%)            0M (0%)            0M (0%)     
[2026-06-17T10:07:41.502+0800][4.809s][info][gc,heap     ] GC(183) y: Allocated:         -                 0M (0%)            0M (0%)            0M (0%)     
[2026-06-17T10:07:41.502+0800][4.809s][info][gc,heap     ] GC(183) y: Reclaimed:         -                  -                 0M (0%)            0M (0%)     
[2026-06-17T10:07:41.502+0800][4.809s][info][gc,heap     ] GC(183) y:  Promoted:         -                  -                 0M (0%)            0M (0%)     
[2026-06-17T10:07:41.502+0800][4.809s][info][gc,heap     ] GC(183) y: Compacted:         -                  -                  -                 0M (0%)     
[2026-06-17T10:07:41.502+0800][4.809s][info][gc,phases   ] GC(183) y: Young Generation 64M(100%)->64M(100%) 0.001s
[2026-06-17T10:07:41.502+0800][4.810s][info][gc          ] GC(183) Minor Collection (Allocation Stall) 64M(100%)->64M(100%) 0.003s
[2026-06-17T10:07:41.502+0800][4.810s][info][gc          ] GC(184) Major Collection (Allocation Stall)
[2026-06-17T10:07:41.502+0800][4.810s][info][gc,task     ] GC(184) Using 1 Workers for Young Generation
[2026-06-17T10:07:41.502+0800][4.810s][info][gc,task     ] GC(184) Using 1 Workers for Old Generation
[2026-06-17T10:07:41.502+0800][4.810s][info][gc,phases   ] GC(184) Y: Young Generation (Promote All)
[2026-06-17T10:07:41.503+0800][4.810s][info][gc,phases   ] GC(184) Y: Pause Mark Start 0.004ms
[2026-06-17T10:07:41.503+0800][4.810s][info][gc,phases   ] GC(184) Y: Concurrent Mark 0.296ms
[2026-06-17T10:07:41.503+0800][4.811s][info][gc,phases   ] GC(184) Y: Pause Mark End 0.003ms
[2026-06-17T10:07:41.503+0800][4.811s][info][gc,phases   ] GC(184) Y: Concurrent Mark Free 0.000ms
[2026-06-17T10:07:41.503+0800][4.811s][info][gc,phases   ] GC(184) Y: Concurrent Reset Relocation Set 0.000ms
[2026-06-17T10:07:41.503+0800][4.811s][info][gc,reloc    ] GC(184) Y: Using tenuring threshold: 0 (Promote All)
[2026-06-17T10:07:41.504+0800][4.811s][info][gc,phases   ] GC(184) Y: Concurrent Select Relocation Set 0.229ms
[2026-06-17T10:07:41.504+0800][4.811s][info][gc,phases   ] GC(184) Y: Pause Relocate Start 0.004ms
[2026-06-17T10:07:41.504+0800][4.811s][info][gc,phases   ] GC(184) Y: Concurrent Relocate 0.101ms
[2026-06-17T10:07:41.504+0800][4.811s][info][gc,alloc    ] GC(184) Y:                         Mark Start        Mark End      Relocate Start    Relocate End   
[2026-06-17T10:07:41.504+0800][4.812s][info][gc,alloc    ] GC(184) Y: Allocation Stalls:          1                1                1                1         
[2026-06-17T10:07:41.504+0800][4.812s][info][gc,load     ] GC(184) Y: Load: 0.41 (2%) / 0.44 (2%) / 0.49 (2%)
[2026-06-17T10:07:41.504+0800][4.812s][info][gc,mmu      ] GC(184) Y: MMU: 2ms/98.5%, 5ms/99.1%, 10ms/99.4%, 20ms/99.6%, 50ms/99.6%, 100ms/99.7%
[2026-06-17T10:07:41.504+0800][4.812s][info][gc,marking  ] GC(184) Y: Mark: 1 stripe(s), 1 proactive flush(es), 1 terminate flush(es), 0 completion(s), 0 continuation(s) 
[2026-06-17T10:07:41.504+0800][4.812s][info][gc,nmethod  ] GC(184) Y: NMethods: 74 registered, 6 unregistered
[2026-06-17T10:07:41.504+0800][4.812s][info][gc,metaspace] GC(184) Y: Metaspace: 0M used, 0M committed, 1088M reserved
[2026-06-17T10:07:41.505+0800][4.812s][info][gc,heap     ] GC(184) Y: Min Capacity: 64M(100%)
[2026-06-17T10:07:41.505+0800][4.812s][info][gc,heap     ] GC(184) Y: Max Capacity: 64M(100%)
[2026-06-17T10:07:41.505+0800][4.812s][info][gc,heap     ] GC(184) Y: Soft Max Capacity: 64M(100%)
[2026-06-17T10:07:41.505+0800][4.812s][info][gc,heap     ] GC(184) Y: Heap Statistics:
[2026-06-17T10:07:41.505+0800][4.812s][info][gc,heap     ] GC(184) Y:                Mark Start          Mark End        Relocate Start      Relocate End           High               Low         
[2026-06-17T10:07:41.505+0800][4.812s][info][gc,heap     ] GC(184) Y:  Capacity:       64M (100%)         64M (100%)         64M (100%)         64M (100%)         64M (100%)         64M (100%)   
[2026-06-17T10:07:41.505+0800][4.813s][info][gc,heap     ] GC(184) Y:      Free:        0M (0%)            0M (0%)            0M (0%)            0M (0%)            0M (0%)            0M (0%)     
[2026-06-17T10:07:41.505+0800][4.813s][info][gc,heap     ] GC(184) Y:      Used:       64M (100%)         64M (100%)         64M (100%)         64M (100%)         64M (100%)         64M (100%)   
[2026-06-17T10:07:41.505+0800][4.813s][info][gc,heap     ] GC(184) Y: Young Generation Statistics:
[2026-06-17T10:07:41.505+0800][4.813s][info][gc,heap     ] GC(184) Y:                Mark Start          Mark End        Relocate Start      Relocate End    
[2026-06-17T10:07:41.505+0800][4.813s][info][gc,heap     ] GC(184) Y:      Used:        0M (0%)            0M (0%)            0M (0%)            0M (0%)     
[2026-06-17T10:07:41.505+0800][4.813s][info][gc,heap     ] GC(184) Y:      Live:         -                 0M (0%)            0M (0%)            0M (0%)     
[2026-06-17T10:07:41.506+0800][4.813s][info][gc,heap     ] GC(184) Y:   Garbage:         -                 0M (0%)            0M (0%)            0M (0%)     
[2026-06-17T10:07:41.506+0800][4.813s][info][gc,heap     ] GC(184) Y: Allocated:         -                 0M (0%)            0M (0%)            0M (0%)     
[2026-06-17T10:07:41.506+0800][4.813s][info][gc,heap     ] GC(184) Y: Reclaimed:         -                  -                 0M (0%)            0M (0%)     
[2026-06-17T10:07:41.506+0800][4.813s][info][gc,heap     ] GC(184) Y:  Promoted:         -                  -                 0M (0%)            0M (0%)     
[2026-06-17T10:07:41.506+0800][4.813s][info][gc,heap     ] GC(184) Y: Compacted:         -                  -                  -                 0M (0%)     
[2026-06-17T10:07:41.506+0800][4.813s][info][gc,phases   ] GC(184) Y: Young Generation (Promote All) 64M(100%)->64M(100%) 0.002s
[2026-06-17T10:07:41.506+0800][4.813s][info][gc,phases   ] GC(184) Y: Young Generation (Collect Roots)
[2026-06-17T10:07:41.506+0800][4.814s][info][gc,phases   ] GC(184) Y: Pause Mark Start (Major) 0.006ms
[2026-06-17T10:07:41.507+0800][4.814s][info][gc,phases   ] GC(184) Y: Concurrent Mark 0.305ms
[2026-06-17T10:07:41.507+0800][4.814s][info][gc,phases   ] GC(184) Y: Pause Mark End 0.003ms
[2026-06-17T10:07:41.507+0800][4.814s][info][gc,phases   ] GC(184) Y: Concurrent Mark Free 0.000ms
[2026-06-17T10:07:41.507+0800][4.814s][info][gc,phases   ] GC(184) Y: Concurrent Reset Relocation Set 0.001ms
[2026-06-17T10:07:41.507+0800][4.814s][info][gc,reloc    ] GC(184) Y: Using tenuring threshold: 0 (Computed)
[2026-06-17T10:07:41.507+0800][4.815s][info][gc,phases   ] GC(184) Y: Concurrent Select Relocation Set 0.196ms
[2026-06-17T10:07:41.507+0800][4.815s][info][gc,phases   ] GC(184) Y: Pause Relocate Start 0.003ms
[2026-06-17T10:07:41.508+0800][4.815s][info][gc,phases   ] GC(184) Y: Concurrent Relocate 0.082ms
[2026-06-17T10:07:41.508+0800][4.815s][info][gc,alloc    ] GC(184) Y:                         Mark Start        Mark End      Relocate Start    Relocate End   
[2026-06-17T10:07:41.508+0800][4.815s][info][gc,alloc    ] GC(184) Y: Allocation Stalls:          1                1                1                1         
[2026-06-17T10:07:41.508+0800][4.815s][info][gc,load     ] GC(184) Y: Load: 0.41 (2%) / 0.44 (2%) / 0.49 (2%)
[2026-06-17T10:07:41.508+0800][4.815s][info][gc,mmu      ] GC(184) Y: MMU: 2ms/98.5%, 5ms/99.1%, 10ms/99.4%, 20ms/99.6%, 50ms/99.6%, 100ms/99.7%
[2026-06-17T10:07:41.508+0800][4.815s][info][gc,marking  ] GC(184) Y: Mark: 1 stripe(s), 1 proactive flush(es), 1 terminate flush(es), 0 completion(s), 0 continuation(s) 
[2026-06-17T10:07:41.508+0800][4.815s][info][gc,nmethod  ] GC(184) Y: NMethods: 74 registered, 6 unregistered
[2026-06-17T10:07:41.508+0800][4.816s][info][gc,metaspace] GC(184) Y: Metaspace: 0M used, 0M committed, 1088M reserved
[2026-06-17T10:07:41.508+0800][4.816s][info][gc,heap     ] GC(184) Y: Min Capacity: 64M(100%)
[2026-06-17T10:07:41.508+0800][4.816s][info][gc,heap     ] GC(184) Y: Max Capacity: 64M(100%)
[2026-06-17T10:07:41.508+0800][4.816s][info][gc,heap     ] GC(184) Y: Soft Max Capacity: 64M(100%)
[2026-06-17T10:07:41.509+0800][4.816s][info][gc,heap     ] GC(184) Y: Heap Statistics:
[2026-06-17T10:07:41.509+0800][4.816s][info][gc,heap     ] GC(184) Y:                Mark Start          Mark End        Relocate Start      Relocate End           High               Low         
[2026-06-17T10:07:41.509+0800][4.816s][info][gc,heap     ] GC(184) Y:  Capacity:       64M (100%)         64M (100%)         64M (100%)         64M (100%)         64M (100%)         64M (100%)   
[2026-06-17T10:07:41.509+0800][4.816s][info][gc,heap     ] GC(184) Y:      Free:        0M (0%)            0M (0%)            0M (0%)            0M (0%)            0M (0%)            0M (0%)     
[2026-06-17T10:07:41.509+0800][4.816s][info][gc,heap     ] GC(184) Y:      Used:       64M (100%)         64M (100%)         64M (100%)         64M (100%)         64M (100%)         64M (100%)   
[2026-06-17T10:07:41.509+0800][4.816s][info][gc,heap     ] GC(184) Y: Young Generation Statistics:
[2026-06-17T10:07:41.509+0800][4.817s][info][gc,heap     ] GC(184) Y:                Mark Start          Mark End        Relocate Start      Relocate End    
[2026-06-17T10:07:41.509+0800][4.817s][info][gc,heap     ] GC(184) Y:      Used:        0M (0%)            0M (0%)            0M (0%)            0M (0%)     
[2026-06-17T10:07:41.509+0800][4.817s][info][gc,heap     ] GC(184) Y:      Live:         -                 0M (0%)            0M (0%)            0M (0%)     
[2026-06-17T10:07:41.509+0800][4.817s][info][gc,heap     ] GC(184) Y:   Garbage:         -                 0M (0%)            0M (0%)            0M (0%)     
[2026-06-17T10:07:41.509+0800][4.817s][info][gc,heap     ] GC(184) Y: Allocated:         -                 0M (0%)            0M (0%)            0M (0%)     
[2026-06-17T10:07:41.509+0800][4.817s][info][gc,heap     ] GC(184) Y: Reclaimed:         -                  -                 0M (0%)            0M (0%)     
[2026-06-17T10:07:41.510+0800][4.817s][info][gc,heap     ] GC(184) Y:  Promoted:         -                  -                 0M (0%)            0M (0%)     
[2026-06-17T10:07:41.510+0800][4.817s][info][gc,heap     ] GC(184) Y: Compacted:         -                  -                  -                 0M (0%)     
[2026-06-17T10:07:41.510+0800][4.817s][info][gc,phases   ] GC(184) Y: Young Generation (Collect Roots) 64M(100%)->64M(100%) 0.002s
[2026-06-17T10:07:41.510+0800][4.817s][info][gc,phases   ] GC(184) O: Old Generation
[2026-06-17T10:07:41.511+0800][4.818s][info][gc,phases   ] GC(184) O: Concurrent Mark 0.795ms
[2026-06-17T10:07:41.511+0800][4.819s][info][gc,phases   ] GC(184) O: Pause Mark End 0.004ms
[2026-06-17T10:07:41.511+0800][4.819s][info][gc,phases   ] GC(184) O: Concurrent Mark Free 0.000ms
[2026-06-17T10:07:41.511+0800][4.819s][info][gc,ref      ] GC(184) O: Clearing All SoftReferences
[2026-06-17T10:07:41.512+0800][4.819s][info][gc,phases   ] GC(184) O: Concurrent Process Non-Strong 0.276ms
[2026-06-17T10:07:41.512+0800][4.819s][info][gc,phases   ] GC(184) O: Concurrent Reset Relocation Set 0.001ms
[2026-06-17T10:07:41.512+0800][4.819s][info][gc,phases   ] GC(184) O: Concurrent Select Relocation Set 0.033ms
[2026-06-17T10:07:41.512+0800][4.819s][info][gc,task     ] GC(184) O: Using 1 Workers for Old Generation
[2026-06-17T10:07:41.512+0800][4.820s][info][gc,task     ] GC(184) O: Using 1 Workers for Old Generation
[2026-06-17T10:07:41.512+0800][4.820s][info][gc,phases   ] GC(184) O: Concurrent Remap Roots 0.329ms
[2026-06-17T10:07:41.512+0800][4.820s][info][gc,phases   ] GC(184) O: Pause Relocate Start 0.004ms
[2026-06-17T10:07:41.512+0800][4.820s][info][gc,phases   ] GC(184) O: Concurrent Relocate 0.055ms
[2026-06-17T10:07:41.513+0800][4.820s][info][gc,alloc    ] GC(184) O:                         Mark Start        Mark End      Relocate Start    Relocate End   
[2026-06-17T10:07:41.513+0800][4.820s][info][gc,alloc    ] GC(184) O: Allocation Stalls:          1                1                1                1         
[2026-06-17T10:07:41.513+0800][4.820s][info][gc,load     ] GC(184) O: Load: 0.41 (2%) / 0.44 (2%) / 0.49 (2%)
[2026-06-17T10:07:41.513+0800][4.820s][info][gc,mmu      ] GC(184) O: MMU: 2ms/98.5%, 5ms/99.1%, 10ms/99.4%, 20ms/99.6%, 50ms/99.6%, 100ms/99.7%
[2026-06-17T10:07:41.513+0800][4.820s][info][gc,marking  ] GC(184) O: Mark: 1 stripe(s), 1 proactive flush(es), 1 terminate flush(es), 0 completion(s), 0 continuation(s) 
[2026-06-17T10:07:41.513+0800][4.820s][info][gc,nmethod  ] GC(184) O: NMethods: 74 registered, 6 unregistered
[2026-06-17T10:07:41.513+0800][4.820s][info][gc,metaspace] GC(184) O: Metaspace: 0M used, 0M committed, 1088M reserved
[2026-06-17T10:07:41.513+0800][4.820s][info][gc,ref      ] GC(184) O:                       Encountered   Discovered     Enqueued 
[2026-06-17T10:07:41.513+0800][4.821s][info][gc,ref      ] GC(184) O: Soft References:                0            0            0 
[2026-06-17T10:07:41.513+0800][4.821s][info][gc,ref      ] GC(184) O: Weak References:                6            0            0 
[2026-06-17T10:07:41.513+0800][4.821s][info][gc,ref      ] GC(184) O: Final References:               0            0            0 
[2026-06-17T10:07:41.513+0800][4.821s][info][gc,ref      ] GC(184) O: Phantom References:             1            1            0 
[2026-06-17T10:07:41.513+0800][4.821s][info][gc,reloc    ] GC(184) O:                        Candidates     Selected     In-Place         Size        Empty    Relocated 
[2026-06-17T10:07:41.514+0800][4.821s][info][gc,reloc    ] GC(184) O: Small Pages:                    6            0            0          12M           0M           0M 
[2026-06-17T10:07:41.514+0800][4.821s][info][gc,reloc    ] GC(184) O: Large Pages:                   26            0            0          52M           0M           0M 
[2026-06-17T10:07:41.514+0800][4.821s][info][gc,reloc    ] GC(184) O: Forwarding Usage: 0M
[2026-06-17T10:07:41.514+0800][4.821s][info][gc,heap     ] GC(184) O: Min Capacity: 64M(100%)
[2026-06-17T10:07:41.514+0800][4.821s][info][gc,heap     ] GC(184) O: Max Capacity: 64M(100%)
[2026-06-17T10:07:41.514+0800][4.821s][info][gc,heap     ] GC(184) O: Soft Max Capacity: 64M(100%)
[2026-06-17T10:07:41.514+0800][4.821s][info][gc,heap     ] GC(184) O: Heap Statistics:
[2026-06-17T10:07:41.514+0800][4.822s][info][gc,heap     ] GC(184) O:                Mark Start          Mark End        Relocate Start      Relocate End           High               Low         
[2026-06-17T10:07:41.514+0800][4.822s][info][gc,heap     ] GC(184) O:  Capacity:       64M (100%)         64M (100%)         64M (100%)         64M (100%)         64M (100%)         64M (100%)   
[2026-06-17T10:07:41.514+0800][4.822s][info][gc,heap     ] GC(184) O:      Free:        0M (0%)            0M (0%)            0M (0%)            0M (0%)            0M (0%)            0M (0%)     
[2026-06-17T10:07:41.514+0800][4.822s][info][gc,heap     ] GC(184) O:      Used:       64M (100%)         64M (100%)         64M (100%)         64M (100%)         64M (100%)         64M (100%)   
[2026-06-17T10:07:41.514+0800][4.822s][info][gc,heap     ] GC(184) O: Old Generation Statistics:
[2026-06-17T10:07:41.515+0800][4.822s][info][gc,heap     ] GC(184) O:                Mark Start          Mark End        Relocate Start      Relocate End    
[2026-06-17T10:07:41.515+0800][4.822s][info][gc,heap     ] GC(184) O:      Used:       64M (100%)         64M (100%)         64M (100%)         64M (100%)   
[2026-06-17T10:07:41.515+0800][4.822s][info][gc,heap     ] GC(184) O:      Live:         -                61M (96%)          61M (96%)          61M (96%)    
[2026-06-17T10:07:41.515+0800][4.822s][info][gc,heap     ] GC(184) O:   Garbage:         -                 2M (4%)            2M (4%)            2M (4%)     
[2026-06-17T10:07:41.515+0800][4.822s][info][gc,heap     ] GC(184) O: Allocated:         -                 0M (0%)            0M (0%)            0M (0%)     
[2026-06-17T10:07:41.515+0800][4.822s][info][gc,heap     ] GC(184) O: Reclaimed:         -                  -                 0M (0%)            0M (0%)     
[2026-06-17T10:07:41.515+0800][4.822s][info][gc,heap     ] GC(184) O: Compacted:         -                  -                  -                 0M (0%)     
[2026-06-17T10:07:41.515+0800][4.823s][info][gc,phases   ] GC(184) O: Old Generation 64M(100%)->64M(100%) 0.002s
[2026-06-17T10:07:41.515+0800][4.823s][info][gc          ] GC(184) Major Collection (Allocation Stall) 64M(100%)->64M(100%) 0.013s
[2026-06-17T10:07:41.515+0800][4.823s][info][gc          ] Allocation Stall (main) 16.490ms
[2026-06-17T10:07:41.515+0800][4.823s][info][gc          ] Out Of Memory (main)
[2026-06-17T10:07:41.515+0800][4.823s][info][gc          ] GC(185) Minor Collection (Allocation Stall)
[2026-06-17T10:07:41.516+0800][4.823s][info][gc,task     ] GC(185) Using 1 Workers for Young Generation
[2026-06-17T10:07:41.516+0800][4.823s][info][gc,phases   ] GC(185) y: Young Generation
[2026-06-17T10:07:41.516+0800][4.823s][info][gc,phases   ] GC(185) y: Pause Mark Start 0.005ms
[2026-06-17T10:07:41.516+0800][4.824s][info][gc,phases   ] GC(185) y: Concurrent Mark 0.352ms
[2026-06-17T10:07:41.516+0800][4.824s][info][gc,phases   ] GC(185) y: Pause Mark End 0.004ms
[2026-06-17T10:07:41.516+0800][4.824s][info][gc,phases   ] GC(185) y: Concurrent Mark Free 0.001ms
[2026-06-17T10:07:41.517+0800][4.824s][info][gc,phases   ] GC(185) y: Concurrent Reset Relocation Set 0.000ms
[2026-06-17T10:07:41.517+0800][4.824s][info][gc,reloc    ] GC(185) y: Using tenuring threshold: 0 (Computed)
[2026-06-17T10:07:41.517+0800][4.824s][info][gc,phases   ] GC(185) y: Concurrent Select Relocation Set 0.182ms
[2026-06-17T10:07:41.517+0800][4.824s][info][gc,phases   ] GC(185) y: Pause Relocate Start 0.004ms
[2026-06-17T10:07:41.517+0800][4.825s][info][gc,phases   ] GC(185) y: Concurrent Relocate 0.121ms
[2026-06-17T10:07:41.517+0800][4.825s][info][gc,alloc    ] GC(185) y:                         Mark Start        Mark End      Relocate Start    Relocate End   
[2026-06-17T10:07:41.517+0800][4.825s][info][gc,alloc    ] GC(185) y: Allocation Stalls:          1                1                1                1         
[2026-06-17T10:07:41.517+0800][4.825s][info][gc,load     ] GC(185) y: Load: 0.41 (2%) / 0.44 (2%) / 0.49 (2%)
[2026-06-17T10:07:41.518+0800][4.825s][info][gc,mmu      ] GC(185) y: MMU: 2ms/98.5%, 5ms/99.1%, 10ms/99.4%, 20ms/99.6%, 50ms/99.6%, 100ms/99.7%
[2026-06-17T10:07:41.518+0800][4.825s][info][gc,marking  ] GC(185) y: Mark: 1 stripe(s), 1 proactive flush(es), 1 terminate flush(es), 0 completion(s), 0 continuation(s) 
[2026-06-17T10:07:41.518+0800][4.825s][info][gc,nmethod  ] GC(185) y: NMethods: 74 registered, 6 unregistered
[2026-06-17T10:07:41.518+0800][4.825s][info][gc,metaspace] GC(185) y: Metaspace: 0M used, 0M committed, 1088M reserved
[2026-06-17T10:07:41.518+0800][4.825s][info][gc,heap     ] GC(185) y: Min Capacity: 64M(100%)
[2026-06-17T10:07:41.518+0800][4.825s][info][gc,heap     ] GC(185) y: Max Capacity: 64M(100%)
[2026-06-17T10:07:41.518+0800][4.825s][info][gc,heap     ] GC(185) y: Soft Max Capacity: 64M(100%)
[2026-06-17T10:07:41.518+0800][4.825s][info][gc,heap     ] GC(185) y: Heap Statistics:
[2026-06-17T10:07:41.518+0800][4.825s][info][gc,heap     ] GC(185) y:                Mark Start          Mark End        Relocate Start      Relocate End           High               Low         
[2026-06-17T10:07:41.518+0800][4.826s][info][gc,heap     ] GC(185) y:  Capacity:       64M (100%)         64M (100%)         64M (100%)         64M (100%)         64M (100%)         64M (100%)   
[2026-06-17T10:07:41.518+0800][4.826s][info][gc,heap     ] GC(185) y:      Free:        0M (0%)            0M (0%)            0M (0%)            0M (0%)            0M (0%)            0M (0%)     
[2026-06-17T10:07:41.518+0800][4.826s][info][gc,heap     ] GC(185) y:      Used:       64M (100%)         64M (100%)         64M (100%)         64M (100%)         64M (100%)         64M (100%)   
[2026-06-17T10:07:41.518+0800][4.826s][info][gc,heap     ] GC(185) y: Young Generation Statistics:
[2026-06-17T10:07:41.518+0800][4.826s][info][gc,heap     ] GC(185) y:                Mark Start          Mark End        Relocate Start      Relocate End    
[2026-06-17T10:07:41.519+0800][4.826s][info][gc,heap     ] GC(185) y:      Used:        0M (0%)            0M (0%)            0M (0%)            0M (0%)     
[2026-06-17T10:07:41.519+0800][4.826s][info][gc,heap     ] GC(185) y:      Live:         -                 0M (0%)            0M (0%)            0M (0%)     
[2026-06-17T10:07:41.519+0800][4.826s][info][gc,heap     ] GC(185) y:   Garbage:         -                 0M (0%)            0M (0%)            0M (0%)     
[2026-06-17T10:07:41.519+0800][4.826s][info][gc,heap     ] GC(185) y: Allocated:         -                 0M (0%)            0M (0%)            0M (0%)     
[2026-06-17T10:07:41.519+0800][4.826s][info][gc,heap     ] GC(185) y: Reclaimed:         -                  -                 0M (0%)            0M (0%)     
[2026-06-17T10:07:41.519+0800][4.826s][info][gc,heap     ] GC(185) y:  Promoted:         -                  -                 0M (0%)            0M (0%)     
[2026-06-17T10:07:41.519+0800][4.826s][info][gc,heap     ] GC(185) y: Compacted:         -                  -                  -                 0M (0%)     
[2026-06-17T10:07:41.519+0800][4.826s][info][gc,phases   ] GC(185) y: Young Generation 64M(100%)->64M(100%) 0.002s
[2026-06-17T10:07:41.519+0800][4.827s][info][gc          ] GC(185) Minor Collection (Allocation Stall) 64M(100%)->64M(100%) 0.004s
[2026-06-17T10:07:41.519+0800][4.827s][info][gc          ] GC(186) Major Collection (Allocation Stall)
[2026-06-17T10:07:41.519+0800][4.827s][info][gc,task     ] GC(186) Using 1 Workers for Young Generation
[2026-06-17T10:07:41.519+0800][4.827s][info][gc,task     ] GC(186) Using 1 Workers for Old Generation
[2026-06-17T10:07:41.519+0800][4.827s][info][gc,phases   ] GC(186) Y: Young Generation (Promote All)
[2026-06-17T10:07:41.520+0800][4.827s][info][gc,phases   ] GC(186) Y: Pause Mark Start 0.004ms
[2026-06-17T10:07:41.520+0800][4.827s][info][gc,phases   ] GC(186) Y: Concurrent Mark 0.293ms
[2026-06-17T10:07:41.520+0800][4.827s][info][gc,phases   ] GC(186) Y: Pause Mark End 0.003ms
[2026-06-17T10:07:41.520+0800][4.828s][info][gc,phases   ] GC(186) Y: Concurrent Mark Free 0.000ms
[2026-06-17T10:07:41.520+0800][4.828s][info][gc,phases   ] GC(186) Y: Concurrent Reset Relocation Set 0.000ms
[2026-06-17T10:07:41.520+0800][4.828s][info][gc,reloc    ] GC(186) Y: Using tenuring threshold: 0 (Promote All)
[2026-06-17T10:07:41.521+0800][4.828s][info][gc,phases   ] GC(186) Y: Concurrent Select Relocation Set 0.175ms
[2026-06-17T10:07:41.521+0800][4.828s][info][gc,phases   ] GC(186) Y: Pause Relocate Start 0.003ms
[2026-06-17T10:07:41.521+0800][4.828s][info][gc,phases   ] GC(186) Y: Concurrent Relocate 0.081ms
[2026-06-17T10:07:41.521+0800][4.828s][info][gc,alloc    ] GC(186) Y:                         Mark Start        Mark End      Relocate Start    Relocate End   
[2026-06-17T10:07:41.521+0800][4.828s][info][gc,alloc    ] GC(186) Y: Allocation Stalls:          1                1                1                1         
[2026-06-17T10:07:41.521+0800][4.829s][info][gc,load     ] GC(186) Y: Load: 0.41 (2%) / 0.44 (2%) / 0.49 (2%)
[2026-06-17T10:07:41.521+0800][4.829s][info][gc,mmu      ] GC(186) Y: MMU: 2ms/98.5%, 5ms/99.1%, 10ms/99.4%, 20ms/99.6%, 50ms/99.6%, 100ms/99.7%
[2026-06-17T10:07:41.521+0800][4.829s][info][gc,marking  ] GC(186) Y: Mark: 1 stripe(s), 1 proactive flush(es), 1 terminate flush(es), 0 completion(s), 0 continuation(s) 
[2026-06-17T10:07:41.521+0800][4.829s][info][gc,nmethod  ] GC(186) Y: NMethods: 74 registered, 6 unregistered
[2026-06-17T10:07:41.521+0800][4.829s][info][gc,metaspace] GC(186) Y: Metaspace: 0M used, 0M committed, 1088M reserved
[2026-06-17T10:07:41.522+0800][4.829s][info][gc,heap     ] GC(186) Y: Min Capacity: 64M(100%)
[2026-06-17T10:07:41.522+0800][4.829s][info][gc,heap     ] GC(186) Y: Max Capacity: 64M(100%)
[2026-06-17T10:07:41.522+0800][4.829s][info][gc,heap     ] GC(186) Y: Soft Max Capacity: 64M(100%)
[2026-06-17T10:07:41.522+0800][4.829s][info][gc,heap     ] GC(186) Y: Heap Statistics:
[2026-06-17T10:07:41.522+0800][4.829s][info][gc,heap     ] GC(186) Y:                Mark Start          Mark End        Relocate Start      Relocate End           High               Low         
[2026-06-17T10:07:41.522+0800][4.829s][info][gc,heap     ] GC(186) Y:  Capacity:       64M (100%)         64M (100%)         64M (100%)         64M (100%)         64M (100%)         64M (100%)   
[2026-06-17T10:07:41.522+0800][4.829s][info][gc,heap     ] GC(186) Y:      Free:        0M (0%)            0M (0%)            0M (0%)            0M (0%)            0M (0%)            0M (0%)     
[2026-06-17T10:07:41.522+0800][4.829s][info][gc,heap     ] GC(186) Y:      Used:       64M (100%)         64M (100%)         64M (100%)         64M (100%)         64M (100%)         64M (100%)   
[2026-06-17T10:07:41.522+0800][4.830s][info][gc,heap     ] GC(186) Y: Young Generation Statistics:
[2026-06-17T10:07:41.522+0800][4.830s][info][gc,heap     ] GC(186) Y:                Mark Start          Mark End        Relocate Start      Relocate End    
[2026-06-17T10:07:41.522+0800][4.830s][info][gc,heap     ] GC(186) Y:      Used:        0M (0%)            0M (0%)            0M (0%)            0M (0%)     
[2026-06-17T10:07:41.522+0800][4.830s][info][gc,heap     ] GC(186) Y:      Live:         -                 0M (0%)            0M (0%)            0M (0%)     
[2026-06-17T10:07:41.523+0800][4.830s][info][gc,heap     ] GC(186) Y:   Garbage:         -                 0M (0%)            0M (0%)            0M (0%)     
[2026-06-17T10:07:41.523+0800][4.830s][info][gc,heap     ] GC(186) Y: Allocated:         -                 0M (0%)            0M (0%)            0M (0%)     
[2026-06-17T10:07:41.523+0800][4.830s][info][gc,heap     ] GC(186) Y: Reclaimed:         -                  -                 0M (0%)            0M (0%)     
[2026-06-17T10:07:41.523+0800][4.830s][info][gc,heap     ] GC(186) Y:  Promoted:         -                  -                 0M (0%)            0M (0%)     
[2026-06-17T10:07:41.523+0800][4.830s][info][gc,heap     ] GC(186) Y: Compacted:         -                  -                  -                 0M (0%)     
[2026-06-17T10:07:41.523+0800][4.830s][info][gc,phases   ] GC(186) Y: Young Generation (Promote All) 64M(100%)->64M(100%) 0.002s
[2026-06-17T10:07:41.523+0800][4.830s][info][gc,phases   ] GC(186) Y: Young Generation (Collect Roots)
[2026-06-17T10:07:41.523+0800][4.831s][info][gc,phases   ] GC(186) Y: Pause Mark Start (Major) 0.005ms
[2026-06-17T10:07:41.524+0800][4.831s][info][gc,phases   ] GC(186) Y: Concurrent Mark 0.295ms
[2026-06-17T10:07:41.524+0800][4.831s][info][gc,phases   ] GC(186) Y: Pause Mark End 0.003ms
[2026-06-17T10:07:41.524+0800][4.831s][info][gc,phases   ] GC(186) Y: Concurrent Mark Free 0.000ms
[2026-06-17T10:07:41.524+0800][4.831s][info][gc,phases   ] GC(186) Y: Concurrent Reset Relocation Set 0.000ms
[2026-06-17T10:07:41.524+0800][4.831s][info][gc,reloc    ] GC(186) Y: Using tenuring threshold: 0 (Computed)
[2026-06-17T10:07:41.524+0800][4.832s][info][gc,phases   ] GC(186) Y: Concurrent Select Relocation Set 0.173ms
[2026-06-17T10:07:41.525+0800][4.832s][info][gc,phases   ] GC(186) Y: Pause Relocate Start 0.028ms
[2026-06-17T10:07:41.525+0800][4.832s][info][gc,phases   ] GC(186) Y: Concurrent Relocate 0.080ms
[2026-06-17T10:07:41.525+0800][4.832s][info][gc,alloc    ] GC(186) Y:                         Mark Start        Mark End      Relocate Start    Relocate End   
[2026-06-17T10:07:41.525+0800][4.832s][info][gc,alloc    ] GC(186) Y: Allocation Stalls:          1                1                1                1         
[2026-06-17T10:07:41.525+0800][4.832s][info][gc,load     ] GC(186) Y: Load: 0.41 (2%) / 0.44 (2%) / 0.49 (2%)
[2026-06-17T10:07:41.525+0800][4.833s][info][gc,mmu      ] GC(186) Y: MMU: 2ms/98.2%, 5ms/99.1%, 10ms/99.4%, 20ms/99.6%, 50ms/99.6%, 100ms/99.7%
[2026-06-17T10:07:41.525+0800][4.833s][info][gc,marking  ] GC(186) Y: Mark: 1 stripe(s), 1 proactive flush(es), 1 terminate flush(es), 0 completion(s), 0 continuation(s) 
[2026-06-17T10:07:41.525+0800][4.833s][info][gc,nmethod  ] GC(186) Y: NMethods: 74 registered, 6 unregistered
[2026-06-17T10:07:41.525+0800][4.833s][info][gc,metaspace] GC(186) Y: Metaspace: 0M used, 0M committed, 1088M reserved
[2026-06-17T10:07:41.525+0800][4.833s][info][gc,heap     ] GC(186) Y: Min Capacity: 64M(100%)
[2026-06-17T10:07:41.526+0800][4.833s][info][gc,heap     ] GC(186) Y: Max Capacity: 64M(100%)
[2026-06-17T10:07:41.526+0800][4.833s][info][gc,heap     ] GC(186) Y: Soft Max Capacity: 64M(100%)
[2026-06-17T10:07:41.526+0800][4.833s][info][gc,heap     ] GC(186) Y: Heap Statistics:
[2026-06-17T10:07:41.526+0800][4.833s][info][gc,heap     ] GC(186) Y:                Mark Start          Mark End        Relocate Start      Relocate End           High               Low         
[2026-06-17T10:07:41.526+0800][4.833s][info][gc,heap     ] GC(186) Y:  Capacity:       64M (100%)         64M (100%)         64M (100%)         64M (100%)         64M (100%)         64M (100%)   
[2026-06-17T10:07:41.526+0800][4.833s][info][gc,heap     ] GC(186) Y:      Free:        0M (0%)            0M (0%)            0M (0%)            0M (0%)            0M (0%)            0M (0%)     
[2026-06-17T10:07:41.526+0800][4.834s][info][gc,heap     ] GC(186) Y:      Used:       64M (100%)         64M (100%)         64M (100%)         64M (100%)         64M (100%)         64M (100%)   
[2026-06-17T10:07:41.526+0800][4.834s][info][gc,heap     ] GC(186) Y: Young Generation Statistics:
[2026-06-17T10:07:41.526+0800][4.834s][info][gc,heap     ] GC(186) Y:                Mark Start          Mark End        Relocate Start      Relocate End    
[2026-06-17T10:07:41.526+0800][4.834s][info][gc,heap     ] GC(186) Y:      Used:        0M (0%)            0M (0%)            0M (0%)            0M (0%)     
[2026-06-17T10:07:41.526+0800][4.834s][info][gc,heap     ] GC(186) Y:      Live:         -                 0M (0%)            0M (0%)            0M (0%)     
[2026-06-17T10:07:41.526+0800][4.834s][info][gc,heap     ] GC(186) Y:   Garbage:         -                 0M (0%)            0M (0%)            0M (0%)     
[2026-06-17T10:07:41.527+0800][4.834s][info][gc,heap     ] GC(186) Y: Allocated:         -                 0M (0%)            0M (0%)            0M (0%)     
[2026-06-17T10:07:41.527+0800][4.834s][info][gc,heap     ] GC(186) Y: Reclaimed:         -                  -                 0M (0%)            0M (0%)     
[2026-06-17T10:07:41.527+0800][4.834s][info][gc,heap     ] GC(186) Y:  Promoted:         -                  -                 0M (0%)            0M (0%)     
[2026-06-17T10:07:41.527+0800][4.834s][info][gc,heap     ] GC(186) Y: Compacted:         -                  -                  -                 0M (0%)     
[2026-06-17T10:07:41.527+0800][4.834s][info][gc,phases   ] GC(186) Y: Young Generation (Collect Roots) 64M(100%)->64M(100%) 0.002s
[2026-06-17T10:07:41.527+0800][4.834s][info][gc,phases   ] GC(186) O: Old Generation
[2026-06-17T10:07:41.528+0800][4.835s][info][gc,phases   ] GC(186) O: Concurrent Mark 0.736ms
[2026-06-17T10:07:41.528+0800][4.835s][info][gc,phases   ] GC(186) O: Pause Mark End 0.004ms
[2026-06-17T10:07:41.528+0800][4.836s][info][gc,phases   ] GC(186) O: Concurrent Mark Free 0.001ms
[2026-06-17T10:07:41.528+0800][4.836s][info][gc,ref      ] GC(186) O: Clearing All SoftReferences
[2026-06-17T10:07:41.529+0800][4.836s][info][gc,phases   ] GC(186) O: Concurrent Process Non-Strong 0.302ms
[2026-06-17T10:07:41.529+0800][4.836s][info][gc,phases   ] GC(186) O: Concurrent Reset Relocation Set 0.001ms
[2026-06-17T10:07:41.529+0800][4.836s][info][gc          ] Allocation Stall (main) 13.331ms
[2026-06-17T10:07:41.529+0800][4.836s][info][gc,phases   ] GC(186) O: Concurrent Select Relocation Set 0.057ms
[2026-06-17T10:07:41.529+0800][4.836s][info][gc,task     ] GC(186) O: Using 1 Workers for Old Generation
[2026-06-17T10:07:41.529+0800][4.837s][info][gc,task     ] GC(186) O: Using 1 Workers for Old Generation
[2026-06-17T10:07:41.529+0800][4.837s][info][gc,phases   ] GC(186) O: Concurrent Remap Roots 0.234ms
[2026-06-17T10:07:41.529+0800][4.837s][info][gc,phases   ] GC(186) O: Pause Relocate Start 0.004ms
[2026-06-17T10:07:41.529+0800][4.837s][info][gc,phases   ] GC(186) O: Concurrent Relocate 0.055ms
[2026-06-17T10:07:41.530+0800][4.837s][info][gc,alloc    ] GC(186) O:                         Mark Start        Mark End      Relocate Start    Relocate End   
[2026-06-17T10:07:41.530+0800][4.837s][info][gc,alloc    ] GC(186) O: Allocation Stalls:          1                1                0                0         
[2026-06-17T10:07:41.530+0800][4.837s][info][gc,exit     ] Stopping ZGC
[2026-06-17T10:07:41.530+0800][4.837s][info][gc,load     ] GC(186) O: Load: 0.41 (2%) / 0.44 (2%) / 0.49 (2%)
[2026-06-17T10:07:41.530+0800][4.837s][info][gc,mmu      ] GC(186) O: MMU: 2ms/98.2%, 5ms/99.1%, 10ms/99.4%, 20ms/99.6%, 50ms/99.6%, 100ms/99.7%
[2026-06-17T10:07:41.530+0800][4.837s][info][gc,marking  ] GC(186) O: Mark: 1 stripe(s), 1 proactive flush(es), 1 terminate flush(es), 0 completion(s), 0 continuation(s) 
[2026-06-17T10:07:41.530+0800][4.837s][info][gc,nmethod  ] GC(186) O: NMethods: 74 registered, 6 unregistered
[2026-06-17T10:07:41.530+0800][4.838s][info][gc,metaspace] GC(186) O: Metaspace: 0M used, 0M committed, 1088M reserved
[2026-06-17T10:07:41.530+0800][4.838s][info][gc,ref      ] GC(186) O:                       Encountered   Discovered     Enqueued 
[2026-06-17T10:07:41.530+0800][4.838s][info][gc,ref      ] GC(186) O: Soft References:                0            0            0 
[2026-06-17T10:07:41.530+0800][4.838s][info][gc,ref      ] GC(186) O: Weak References:                6            0            0 
[2026-06-17T10:07:41.530+0800][4.838s][info][gc,ref      ] GC(186) O: Final References:               0            0            0 
[2026-06-17T10:07:41.531+0800][4.838s][info][gc,ref      ] GC(186) O: Phantom References:             1            1            0 
[2026-06-17T10:07:41.531+0800][4.838s][info][gc,reloc    ] GC(186) O:                        Candidates     Selected     In-Place         Size        Empty    Relocated 
[2026-06-17T10:07:41.531+0800][4.838s][info][gc,reloc    ] GC(186) O: Small Pages:                    6            0            0          12M          10M           0M 
[2026-06-17T10:07:41.531+0800][4.838s][info][gc,reloc    ] GC(186) O: Large Pages:                   26            0            0          52M          52M           0M 
[2026-06-17T10:07:41.531+0800][4.838s][info][gc,reloc    ] GC(186) O: Forwarding Usage: 0M
[2026-06-17T10:07:41.531+0800][4.838s][info][gc,heap     ] GC(186) O: Min Capacity: 64M(100%)
[2026-06-17T10:07:41.531+0800][4.838s][info][gc,heap     ] GC(186) O: Max Capacity: 64M(100%)
[2026-06-17T10:07:41.531+0800][4.839s][info][gc,heap     ] GC(186) O: Soft Max Capacity: 64M(100%)
[2026-06-17T10:07:41.531+0800][4.839s][info][gc,heap     ] GC(186) O: Heap Statistics:
[2026-06-17T10:07:41.531+0800][4.839s][info][gc,heap     ] GC(186) O:                Mark Start          Mark End        Relocate Start      Relocate End           High               Low         
[2026-06-17T10:07:41.531+0800][4.839s][info][gc,heap     ] GC(186) O:  Capacity:       64M (100%)         64M (100%)         64M (100%)         64M (100%)         64M (100%)         64M (100%)   
[2026-06-17T10:07:41.531+0800][4.839s][info][gc,heap     ] GC(186) O:      Free:        0M (0%)            0M (0%)           60M (94%)          60M (94%)          62M (97%)           0M (0%)     
[2026-06-17T10:07:41.532+0800][4.839s][info][gc,heap     ] GC(186) O:      Used:       64M (100%)         64M (100%)          4M (6%)            4M (6%)           64M (100%)          2M (3%)     
[2026-06-17T10:07:41.532+0800][4.839s][info][gc,heap     ] GC(186) O: Old Generation Statistics:
[2026-06-17T10:07:41.532+0800][4.839s][info][gc,heap     ] GC(186) O:                Mark Start          Mark End        Relocate Start      Relocate End    
[2026-06-17T10:07:41.532+0800][4.839s][info][gc,heap     ] GC(186) O:      Used:       64M (100%)         64M (100%)          2M (3%)            2M (3%)     
[2026-06-17T10:07:41.532+0800][4.839s][info][gc,heap     ] GC(186) O:      Live:         -                 0M (1%)            0M (1%)            0M (1%)     
[2026-06-17T10:07:41.532+0800][4.839s][info][gc,heap     ] GC(186) O:   Garbage:         -                63M (99%)           1M (2%)            1M (2%)     
[2026-06-17T10:07:41.532+0800][4.839s][info][gc,heap     ] GC(186) O: Allocated:         -                 0M (0%)            0M (0%)            0M (0%)     
[2026-06-17T10:07:41.532+0800][4.840s][info][gc,heap     ] GC(186) O: Reclaimed:         -                  -                62M (97%)          62M (97%)    
[2026-06-17T10:07:41.532+0800][4.840s][info][gc,heap     ] GC(186) O: Compacted:         -                  -                  -                 0M (0%)     
[2026-06-17T10:07:41.532+0800][4.840s][info][gc,phases   ] GC(186) O: Old Generation 64M(100%)->4M(6%) 0.003s
[2026-06-17T10:07:41.532+0800][4.840s][info][gc          ] GC(186) Major Collection (Allocation Stall) Aborted
[2026-06-17T10:07:41.532+0800][4.840s][info][gc,stats    ] === Garbage Collection Statistics =======================================================================================================================
[2026-06-17T10:07:41.533+0800][4.840s][info][gc,stats    ]                                                              Last 10s              Last 10m              Last 10h                Total
[2026-06-17T10:07:41.533+0800][4.840s][info][gc,stats    ]                                                              Avg / Max             Avg / Max             Avg / Max             Avg / Max
[2026-06-17T10:07:41.533+0800][4.840s][info][gc,stats    ]        Contention: Mark Segment Reset Contention                     0 / 0                 0 / 0                 0 / 0                 0 / 0           ops/s
[2026-06-17T10:07:41.533+0800][4.840s][info][gc,stats    ]        Contention: Mark SeqNum Reset Contention                      0 / 0                 0 / 0                 0 / 0                 0 / 0           ops/s
[2026-06-17T10:07:41.533+0800][4.840s][info][gc,stats    ]          Critical: Allocation Stall                                 15 / 20               15 / 20               15 / 20               15 / 20          ops/s
[2026-06-17T10:07:41.533+0800][4.840s][info][gc,stats    ]          Critical: Allocation Stall                             21.797 / 254.720      21.797 / 254.720      21.797 / 254.720      21.797 / 254.720     ms
[2026-06-17T10:07:41.533+0800][4.840s][info][gc,stats    ]          Critical: JNI Critical Stall                                0 / 0                 0 / 0                 0 / 0                 0 / 0           ops/s
[2026-06-17T10:07:41.533+0800][4.840s][info][gc,stats    ]          Critical: JNI Critical Stall                            0.000 / 0.000         0.000 / 0.000         0.000 / 0.000         0.000 / 0.000       ms
[2026-06-17T10:07:41.533+0800][4.841s][info][gc,stats    ]          Critical: Relocation Stall                                  1 / 2                 1 / 2                 1 / 2                 1 / 2           ops/s
[2026-06-17T10:07:41.533+0800][4.841s][info][gc,stats    ]          Critical: Relocation Stall                              0.287 / 0.664         0.287 / 0.664         0.287 / 0.664         0.287 / 0.664       ms
[2026-06-17T10:07:41.533+0800][4.841s][info][gc,stats    ]  Major Collection: Major Collection                             27.341 / 163.868      27.341 / 163.868      27.341 / 163.868      27.341 / 163.868     ms
[2026-06-17T10:07:41.533+0800][4.841s][info][gc,stats    ]            Memory: Allocation Rate                                 191 / 262             191 / 262             191 / 262             191 / 262         MB/s
[2026-06-17T10:07:41.533+0800][4.841s][info][gc,stats    ]            Memory: Defragment                                        0 / 0                 0 / 0                 0 / 0                 0 / 0           ops/s
[2026-06-17T10:07:41.533+0800][4.841s][info][gc,stats    ]            Memory: Mapped Cache Harvest                              0 / 0                 0 / 0                 0 / 0                 0 / 0           MB/s
[2026-06-17T10:07:41.534+0800][4.841s][info][gc,stats    ]            Memory: Out Of Memory                                     1 / 2                 1 / 2                 1 / 2                 1 / 2           ops/s
[2026-06-17T10:07:41.534+0800][4.841s][info][gc,stats    ]            Memory: Uncommit                                          0 / 0                 0 / 0                 0 / 0                 0 / 0           MB/s
[2026-06-17T10:07:41.534+0800][4.841s][info][gc,stats    ]            Memory: Undo Object Allocation Failed                     0 / 0                 0 / 0                 0 / 0                 0 / 0           ops/s
[2026-06-17T10:07:41.534+0800][4.841s][info][gc,stats    ]            Memory: Undo Object Allocation Succeeded                  0 / 0                 0 / 0                 0 / 0                 0 / 0           ops/s
[2026-06-17T10:07:41.534+0800][4.841s][info][gc,stats    ]            Memory: Undo Page Allocation                              0 / 0                 0 / 0                 0 / 0                 0 / 0           ops/s
[2026-06-17T10:07:41.534+0800][4.841s][info][gc,stats    ]  Minor Collection: Minor Collection                              8.528 / 86.939        8.528 / 86.939        8.528 / 86.939        8.528 / 86.939      ms
[2026-06-17T10:07:41.534+0800][4.841s][info][gc,stats    ]    Old Generation: Old Generation                                9.744 / 96.695        9.744 / 96.695        9.744 / 96.695        9.744 / 96.695      ms
[2026-06-17T10:07:41.534+0800][4.841s][info][gc,stats    ]         Old Pause: Pause Mark End                                0.006 / 0.020         0.006 / 0.020         0.006 / 0.020         0.006 / 0.020       ms
[2026-06-17T10:07:41.534+0800][4.842s][info][gc,stats    ]         Old Pause: Pause Relocate Start                          0.005 / 0.016         0.005 / 0.016         0.005 / 0.016         0.005 / 0.016       ms
[2026-06-17T10:07:41.534+0800][4.842s][info][gc,stats    ]         Old Phase: Concurrent Mark                               1.074 / 2.689         1.074 / 2.689         1.074 / 2.689         1.074 / 2.689       ms
[2026-06-17T10:07:41.534+0800][4.842s][info][gc,stats    ]         Old Phase: Concurrent Mark Continue                      0.000 / 0.000         0.000 / 0.000         0.000 / 0.000         0.000 / 0.000       ms
[2026-06-17T10:07:41.534+0800][4.842s][info][gc,stats    ]         Old Phase: Concurrent Mark Free                          0.001 / 0.005         0.001 / 0.005         0.001 / 0.005         0.001 / 0.005       ms
[2026-06-17T10:07:41.535+0800][4.842s][info][gc,stats    ]         Old Phase: Concurrent Process Non-Strong                 0.494 / 8.128         0.494 / 8.128         0.494 / 8.128         0.494 / 8.128       ms
[2026-06-17T10:07:41.535+0800][4.842s][info][gc,stats    ]         Old Phase: Concurrent Relocate                           0.293 / 1.848         0.293 / 1.848         0.293 / 1.848         0.293 / 1.848       ms
[2026-06-17T10:07:41.535+0800][4.842s][info][gc,stats    ]         Old Phase: Concurrent Remap Roots                        0.476 / 3.439         0.476 / 3.439         0.476 / 3.439         0.476 / 3.439       ms
[2026-06-17T10:07:41.535+0800][4.842s][info][gc,stats    ]         Old Phase: Concurrent Reset Relocation Set               0.001 / 0.003         0.001 / 0.003         0.001 / 0.003         0.001 / 0.003       ms
[2026-06-17T10:07:41.535+0800][4.842s][info][gc,stats    ]         Old Phase: Concurrent Select Relocation Set              0.061 / 0.280         0.061 / 0.280         0.061 / 0.280         0.061 / 0.280       ms
[2026-06-17T10:07:41.535+0800][4.842s][info][gc,stats    ]      Old Subphase: Concurrent Classes Purge                      0.012 / 0.021         0.012 / 0.021         0.012 / 0.021         0.012 / 0.021       ms
[2026-06-17T10:07:41.535+0800][4.843s][info][gc,stats    ]      Old Subphase: Concurrent Classes Unlink                     0.082 / 0.217         0.082 / 0.217         0.082 / 0.217         0.082 / 0.217       ms
[2026-06-17T10:07:41.535+0800][4.843s][info][gc,stats    ]      Old Subphase: Concurrent Mark Follow                        0.985 / 2.421         0.985 / 2.421         0.985 / 2.421         0.985 / 2.421       ms
[2026-06-17T10:07:41.535+0800][4.843s][info][gc,stats    ]      Old Subphase: Concurrent Mark Root Colored                  0.014 / 0.046         0.014 / 0.046         0.014 / 0.046         0.014 / 0.046       ms
[2026-06-17T10:07:41.535+0800][4.843s][info][gc,stats    ]      Old Subphase: Concurrent Mark Root Uncolored                0.024 / 0.075         0.024 / 0.075         0.024 / 0.075         0.024 / 0.075       ms
[2026-06-17T10:07:41.535+0800][4.843s][info][gc,stats    ]      Old Subphase: Concurrent Mark Roots                         0.087 / 0.262         0.087 / 0.262         0.087 / 0.262         0.087 / 0.262       ms
[2026-06-17T10:07:41.536+0800][4.843s][info][gc,stats    ]      Old Subphase: Concurrent References Enqueue                 0.000 / 0.012         0.000 / 0.012         0.000 / 0.012         0.000 / 0.012       ms
[2026-06-17T10:07:41.536+0800][4.843s][info][gc,stats    ]      Old Subphase: Concurrent References Process                 0.244 / 7.840         0.244 / 7.840         0.244 / 7.840         0.244 / 7.840       ms
[2026-06-17T10:07:41.536+0800][4.843s][info][gc,stats    ]      Old Subphase: Concurrent Remap Remembered                   0.053 / 0.126         0.053 / 0.126         0.053 / 0.126         0.053 / 0.126       ms
[2026-06-17T10:07:41.536+0800][4.843s][info][gc,stats    ]      Old Subphase: Concurrent Remap Roots Colored                0.015 / 0.032         0.015 / 0.032         0.015 / 0.032         0.015 / 0.032       ms
[2026-06-17T10:07:41.536+0800][4.843s][info][gc,stats    ]      Old Subphase: Concurrent Remap Roots Uncolored              0.023 / 0.126         0.023 / 0.126         0.023 / 0.126         0.023 / 0.126       ms
[2026-06-17T10:07:41.536+0800][4.843s][info][gc,stats    ]      Old Subphase: Concurrent Roots ClassLoaderDataGraph         0.006 / 0.032         0.006 / 0.032         0.006 / 0.032         0.006 / 0.032       ms
[2026-06-17T10:07:41.536+0800][4.843s][info][gc,stats    ]      Old Subphase: Concurrent Roots CodeCache                    0.018 / 0.108         0.018 / 0.108         0.018 / 0.108         0.018 / 0.108       ms
[2026-06-17T10:07:41.536+0800][4.844s][info][gc,stats    ]      Old Subphase: Concurrent Roots JavaThreads                  0.010 / 0.074         0.010 / 0.074         0.010 / 0.074         0.010 / 0.074       ms
[2026-06-17T10:07:41.536+0800][4.844s][info][gc,stats    ]      Old Subphase: Concurrent Roots OopStorageSet                0.003 / 0.011         0.003 / 0.011         0.003 / 0.011         0.003 / 0.011       ms
[2026-06-17T10:07:41.536+0800][4.844s][info][gc,stats    ]      Old Subphase: Concurrent Weak Roots OopStorageSet           0.017 / 0.047         0.017 / 0.047         0.017 / 0.047         0.017 / 0.047       ms
[2026-06-17T10:07:41.536+0800][4.844s][info][gc,stats    ]            System: Java Threads                                     10 / 12               10 / 12               10 / 12               10 / 12          threads
[2026-06-17T10:07:41.536+0800][4.844s][info][gc,stats    ]  Young Generation: Young Generation                              4.246 / 16.252        4.246 / 16.252        4.246 / 16.252        4.246 / 16.252      ms
[2026-06-17T10:07:41.537+0800][4.844s][info][gc,stats    ]  Young Generation: Young Generation                              3.445 / 42.484        3.445 / 42.484        3.445 / 42.484        3.445 / 42.484      ms
[2026-06-17T10:07:41.537+0800][4.844s][info][gc,stats    ]  Young Generation: Young Generation (Collect Roots)              2.098 / 9.930         2.098 / 9.930         2.098 / 9.930         2.098 / 9.930       ms
[2026-06-17T10:07:41.537+0800][4.844s][info][gc,stats    ]  Young Generation: Young Generation (Promote All)                2.534 / 12.584        2.534 / 12.584        2.534 / 12.584        2.534 / 12.584      ms
[2026-06-17T10:07:41.537+0800][4.844s][info][gc,stats    ]       Young Pause: Pause Mark End                                0.005 / 0.016         0.005 / 0.016         0.005 / 0.016         0.005 / 0.016       ms
[2026-06-17T10:07:41.537+0800][4.844s][info][gc,stats    ]       Young Pause: Pause Mark Start                              0.007 / 0.026         0.007 / 0.026         0.007 / 0.026         0.007 / 0.026       ms
[2026-06-17T10:07:41.537+0800][4.844s][info][gc,stats    ]       Young Pause: Pause Mark Start (Major)                      0.010 / 0.030         0.010 / 0.030         0.010 / 0.030         0.010 / 0.030       ms
[2026-06-17T10:07:41.537+0800][4.844s][info][gc,stats    ]       Young Pause: Pause Relocate Start                          0.005 / 0.013         0.005 / 0.013         0.005 / 0.013         0.005 / 0.013       ms
[2026-06-17T10:07:41.537+0800][4.845s][info][gc,stats    ]       Young Phase: Concurrent Mark                               0.461 / 1.878         0.461 / 1.878         0.461 / 1.878         0.461 / 1.878       ms
[2026-06-17T10:07:41.537+0800][4.845s][info][gc,stats    ]       Young Phase: Concurrent Mark Continue                      0.000 / 0.000         0.000 / 0.000         0.000 / 0.000         0.000 / 0.000       ms
[2026-06-17T10:07:41.537+0800][4.845s][info][gc,stats    ]       Young Phase: Concurrent Mark Free                          0.001 / 0.003         0.001 / 0.003         0.001 / 0.003         0.001 / 0.003       ms
[2026-06-17T10:07:41.537+0800][4.845s][info][gc,stats    ]       Young Phase: Concurrent Relocate                           0.140 / 1.183         0.140 / 1.183         0.140 / 1.183         0.140 / 1.183       ms
[2026-06-17T10:07:41.537+0800][4.845s][info][gc,stats    ]       Young Phase: Concurrent Reset Relocation Set               0.001 / 0.006         0.001 / 0.006         0.001 / 0.006         0.001 / 0.006       ms
[2026-06-17T10:07:41.538+0800][4.845s][info][gc,stats    ]       Young Phase: Concurrent Select Relocation Set              0.350 / 2.582         0.350 / 2.582         0.350 / 2.582         0.350 / 2.582       ms
[2026-06-17T10:07:41.538+0800][4.845s][info][gc,stats    ]    Young Subphase: Concurrent Mark Follow                        0.319 / 1.383         0.319 / 1.383         0.319 / 1.383         0.319 / 1.383       ms
[2026-06-17T10:07:41.538+0800][4.845s][info][gc,stats    ]    Young Subphase: Concurrent Mark Root Colored                  0.041 / 0.201         0.041 / 0.201         0.041 / 0.201         0.041 / 0.201       ms
[2026-06-17T10:07:41.538+0800][4.845s][info][gc,stats    ]    Young Subphase: Concurrent Mark Root Uncolored                0.047 / 0.319         0.047 / 0.319         0.047 / 0.319         0.047 / 0.319       ms
[2026-06-17T10:07:41.538+0800][4.845s][info][gc,stats    ]    Young Subphase: Concurrent Mark Roots                         0.140 / 0.575         0.140 / 0.575         0.140 / 0.575         0.140 / 0.575       ms
[2026-06-17T10:07:41.538+0800][4.845s][info][gc,stats    ]    Young Subphase: Concurrent Relocate Remset FP                 0.032 / 0.098         0.032 / 0.098         0.032 / 0.098         0.032 / 0.098       ms
[2026-06-17T10:07:41.538+0800][4.845s][info][gc,stats    ]    Young Subphase: Concurrent Roots ClassLoaderDataGraph         0.011 / 0.104         0.011 / 0.104         0.011 / 0.104         0.011 / 0.104       ms
[2026-06-17T10:07:41.538+0800][4.846s][info][gc,stats    ]    Young Subphase: Concurrent Roots CodeCache                    0.021 / 0.280         0.021 / 0.280         0.021 / 0.280         0.021 / 0.280       ms
[2026-06-17T10:07:41.538+0800][4.846s][info][gc,stats    ]    Young Subphase: Concurrent Roots JavaThreads                  0.014 / 0.163         0.014 / 0.163         0.014 / 0.163         0.014 / 0.163       ms
[2026-06-17T10:07:41.538+0800][4.846s][info][gc,stats    ]    Young Subphase: Concurrent Roots OopStorageSet                0.003 / 0.014         0.003 / 0.014         0.003 / 0.014         0.003 / 0.014       ms
[2026-06-17T10:07:41.538+0800][4.846s][info][gc,stats    ]    Young Subphase: Concurrent Weak Roots OopStorageSet           0.026 / 0.131         0.026 / 0.131         0.026 / 0.131         0.026 / 0.131       ms
[2026-06-17T10:07:41.539+0800][4.846s][info][gc,stats    ] =========================================================================================================================================================
[2026-06-17T10:07:41.539+0800][4.846s][info][gc,exit     ] Heap
[2026-06-17T10:07:41.539+0800][4.846s][info][gc,exit     ]  ZHeap           used 4M, capacity 64M, max capacity 64M
[2026-06-17T10:07:41.539+0800][4.846s][info][gc,exit     ]   Cache          60M (2)
[2026-06-17T10:07:41.539+0800][4.846s][info][gc,exit     ]    size classes  8M (1), 32M (1)
[2026-06-17T10:07:41.539+0800][4.846s][info][gc,exit     ]  Metaspace       used 165K, committed 384K, reserved 1114112K
[2026-06-17T10:07:41.539+0800][4.846s][info][gc,exit     ]   class space    used 8K, committed 128K, reserved 1048576K
